[0.002s][info][gc,init] CardTable entry size: 512
[0.002s][info][gc     ] Using Parallel
[0.003s][info][gc,init] Version: 24-internal-adhoc.thomas.source (release)
[0.003s][info][gc,init] CPUs: 8 total, 6 available
[0.003s][info][gc,init] Memory: 15662M
[0.003s][info][gc,init] Large Page Support: Disabled
[0.003s][info][gc,init] NUMA Support: Disabled
[0.003s][info][gc,init] Compressed Oops: Enabled (Zero based)
[0.003s][info][gc,init] Alignments: Space 512K, Generation 512K, Heap 2M
[0.003s][info][gc,init] Heap Min Capacity: 2M
[0.003s][info][gc,init] Heap Initial Capacity: 246M
[0.003s][info][gc,init] Heap Max Capacity: 8G
[0.003s][info][gc,init] Pre-touch: Disabled
[0.003s][info][gc,init] Parallel Workers: 6
[0.003s][info][gc,metaspace] CDS archive(s) not mapped
[0.003s][info][gc,metaspace] Compressed class space mapped at: 0x0000000074000000-0x00000000b4000000, reserved size: 1073741824
[0.003s][info][gc,metaspace] UseCompressedClassPointers 1, UseCompactObjectHeaders 1, narrow klass pointer bits 22, max shift 10
[0.003s][info][gc,metaspace] Narrow klass base: 0x0000000074000000, Narrow klass shift: 9, Narrow klass range: 0x40000000

SPECjbb2015 Java Business Benchmark
 (c) Standard Performance Evaluation Corporation, 2015

Preparing to launch All-in-one SPECjbb2015.

Reading property file: /shared/projects/openjdk/analysis/lilliput-benefits/specjbb/results-COH-ON-Parallel-FullGC-8G-2/./config/specjbb2015.props

     0s: Enumerating plugins...
     0s:    Connectivity:
     0s:             HTTP_Grizzly: Grizzly HTTP server, JDK HTTP client
     0s:              NIO_Grizzly: Grizzly NIO server, Grizzly NIO client
     0s:               HTTP_Jetty: Jetty HTTP server, JDK HTTP client
     0s:    Snapshot:
     0s:                 InMemory: Stores snapshots in heap memory
     0s:    Data Writers:
     0s:                     Demo: Send all frame to listener
     0s:                   InFile: Writing Data into file
     0s:                   Silent: Drop all frames
     0s: 
     0s: Kit validation is skipped.
     0s: Tests are skipped.
     0s: 
     0s: [0.413s][info][gc,start    ] GC(0) Pause Young (Allocation Failure)
[0.416s][info][gc,heap     ] GC(0) PSYoungGen: 63488K(73728K)->3698K(73728K) Eden: 63488K(63488K)->0K(63488K) From: 0K(10240K)->3698K(10240K)
[0.416s][info][gc,heap     ] GC(0) ParOldGen: 0K(167936K)->16K(167936K)
[0.416s][info][gc,metaspace] GC(0) Metaspace: 16423K(16576K)->16423K(16576K) NonClass: 13553K(13632K)->13553K(13632K) Class: 2870K(2944K)->2870K(2944K)
[0.416s][info][gc          ] GC(0) Pause Young (Allocation Failure) 62M->3M(236M) 3.371ms
[0.417s][info][gc,cpu      ] GC(0) User=0.01s Sys=0.00s Real=0.00s
[0.554s][info][gc,start    ] GC(1) Pause Young (Allocation Failure)
[0.557s][info][gc,heap     ] GC(1) PSYoungGen: 67186K(73728K)->3925K(73728K) Eden: 63488K(63488K)->0K(63488K) From: 3698K(10240K)->3925K(10240K)
[0.557s][info][gc,heap     ] GC(1) ParOldGen: 16K(167936K)->24K(167936K)
[0.557s][info][gc,metaspace] GC(1) Metaspace: 18070K(18240K)->18070K(18240K) NonClass: 14707K(14784K)->14707K(14784K) Class: 3362K(3456K)->3362K(3456K)
[0.557s][info][gc          ] GC(1) Pause Young (Allocation Failure) 65M->3M(236M) 3.238ms
[0.557s][info][gc,cpu      ] GC(1) User=0.01s Sys=0.01s Real=0.00s
[0.753s][info][gc,start    ] GC(2) Pause Young (Allocation Failure)
[0.755s][info][gc,heap     ] GC(2) PSYoungGen: 67413K(73728K)->4609K(73728K) Eden: 63488K(63488K)->0K(63488K) From: 3925K(10240K)->4609K(10240K)
[0.756s][info][gc,heap     ] GC(2) ParOldGen: 24K(167936K)->32K(167936K)
[0.756s][info][gc,metaspace] GC(2) Metaspace: 20668K(20864K)->20668K(20864K) NonClass: 16757K(16832K)->16757K(16832K) Class: 3910K(4032K)->3910K(4032K)
[0.756s][info][gc          ] GC(2) Pause Young (Allocation Failure) 65M->4M(236M) 2.402ms
[0.756s][info][gc,cpu      ] GC(2) User=0.01s Sys=0.00s Real=0.00s
[0.857s][info][gc,start    ] GC(3) Pause Young (Allocation Failure)
[0.861s][info][gc,heap     ] GC(3) PSYoungGen: 68097K(73728K)->4794K(137216K) Eden: 63488K(63488K)->0K(126976K) From: 4609K(10240K)->4794K(10240K)
[0.861s][info][gc,heap     ] GC(3) ParOldGen: 32K(167936K)->40K(167936K)
[0.861s][info][gc,metaspace] GC(3) Metaspace: 21058K(21184K)->21058K(21184K) NonClass: 17058K(17088K)->17058K(17088K) Class: 3999K(4096K)->3999K(4096K)
[0.861s][info][gc          ] GC(3) Pause Young (Allocation Failure) 66M->4M(298M) 4.069ms
[0.861s][info][gc,cpu      ] GC(3) User=0.01s Sys=0.01s Real=0.01s
[0.961s][info][gc,start    ] GC(4) Pause Full (Metadata GC Threshold)
[0.961s][info][gc,phases,start] GC(4) Marking Phase
[0.965s][info][gc,phases      ] GC(4) Marking Phase 3.892ms
[0.965s][info][gc,phases,start] GC(4) Summary Phase
[0.965s][info][gc,phases      ] GC(4) Summary Phase 0.008ms
[0.965s][info][gc,phases,start] GC(4) Forward
[0.965s][info][gc,phases      ] GC(4) Forward 0.504ms
[0.965s][info][gc,phases,start] GC(4) Adjust Pointers
[0.967s][info][gc,phases      ] GC(4) Adjust Pointers 1.360ms
[0.967s][info][gc,phases,start] GC(4) Compaction Phase
[0.968s][info][gc,phases      ] GC(4) Compaction Phase 1.043ms
[0.968s][info][gc,phases,start] GC(4) Post Compact
[0.968s][info][gc,phases      ] GC(4) Post Compact 0.526ms
[0.968s][info][gc,heap        ] GC(4) PSYoungGen: 62607K(137216K)->0K(137216K) Eden: 57812K(126976K)->0K(126976K) From: 4794K(10240K)->0K(10240K)
[0.968s][info][gc,heap        ] GC(4) ParOldGen: 40K(167936K)->4878K(167936K)
[0.968s][info][gc,metaspace   ] GC(4) Metaspace: 21400K(21504K)->21400K(21504K) NonClass: 17367K(17408K)->17367K(17408K) Class: 4032K(4096K)->4032K(4096K)
[0.968s][info][gc             ] GC(4) Pause Full (Metadata GC Threshold) 61M->4M(298M) 7.508ms
[0.968s][info][gc,cpu         ] GC(4) User=0.02s Sys=0.01s Real=0.01s
Ladies and gentlemen, this is your Controller speaking.
     0s: We are delighted in having you for benchmark run today.
     0s: 
     0s: Binary log file is ./specjbb2015-C-20240917-00001.data.gz
     0s: 
     0s: Performing handshake with all agents ...
     0s: 
     0s:  Agent Group1.TxInjector.CompositeTxInjector has attached to Controller
     0s:  Agent Group1.Backend.CompositeBackend has attached to Controller
     0s: 
     0s: All agents have connected.
     0s: 
     0s: Attached agents info:

Group "Group1"
    TxInjectors:
        CompositeTxInjector, includes { Driver } @ [local in-Java link]
    Backends:
        CompositeBackend, includes { SM(2),SP(2) } @ [local in-Java link]

     0s: Initializing... (init[1.030s][info][gc,start       ] GC(5) Pause Young (Allocation Failure)
[1.065s][info][gc,heap        ] GC(5) PSYoungGen: 126976K(137216K)->10215K(137216K) Eden: 126976K(126976K)->0K(126976K) From: 0K(10240K)->10215K(10240K)
[1.065s][info][gc,heap        ] GC(5) ParOldGen: 4878K(167936K)->69810K(167936K)
[1.065s][info][gc,metaspace   ] GC(5) Metaspace: 22296K(22464K)->22296K(22464K) NonClass: 18082K(18176K)->18082K(18176K) Class: 4214K(4288K)->4214K(4288K)
[1.065s][info][gc             ] GC(5) Pause Young (Allocation Failure) 128M->78M(298M) 35.239ms
[1.065s][info][gc,cpu         ] GC(5) User=0.11s Sys=0.09s Real=0.03s
[1.173s][info][gc,start       ] GC(6) Pause Young (Allocation Failure)
[1.228s][info][gc,heap        ] GC(6) PSYoungGen: 137191K(137216K)->53245K(274432K) Eden: 126976K(126976K)->0K(221184K) From: 10215K(10240K)->53245K(53248K)
[1.228s][info][gc,heap        ] GC(6) ParOldGen: 69810K(167936K)->102861K(167936K)
[1.228s][info][gc,metaspace   ] GC(6) Metaspace: 22636K(22784K)->22636K(22784K) NonClass: 18375K(18432K)->18375K(18432K) Class: 4261K(4352K)->4261K(4352K)
[1.228s][info][gc             ] GC(6) Pause Young (Allocation Failure) 202M->152M(432M) 54.555ms
[1.228s][info][gc,cpu         ] GC(6) User=0.19s Sys=0.13s Real=0.06s
[1.451s][info][gc,start       ] GC(7) Pause Young (Allocation Failure)
[1.576s][info][gc,heap        ] GC(7) PSYoungGen: 274429K(274432K)->86007K(307200K) Eden: 221184K(221184K)->0K(221184K) From: 53245K(53248K)->86007K(86016K)
[1.576s][info][gc,heap        ] GC(7) ParOldGen: 102861K(167936K)->226572K(226816K)
[1.576s][info][gc,metaspace   ] GC(7) Metaspace: 22684K(22848K)->22684K(22848K) NonClass: 18422K(18496K)->18422K(18496K) Class: 4261K(4352K)->4261K(4352K)
[1.576s][info][gc             ] GC(7) Pause Young (Allocation Failure) 368M->305M(521M) 125.759ms
[1.576s][info][gc,cpu         ] GC(7) User=0.57s Sys=0.17s Real=0.12s
[1.711s][info][gc,start       ] GC(8) Pause Young (Allocation Failure)
[1.856s][info][gc,heap        ] GC(8) PSYoungGen: 307191K(307200K)->168433K(527872K) Eden: 221184K(221184K)->0K(359424K) From: 86007K(86016K)->168433K(168448K)
[1.856s][info][gc,heap        ] GC(8) ParOldGen: 226572K(226816K)->333180K(333312K)
[1.856s][info][gc,metaspace   ] GC(8) Metaspace: 22687K(22848K)->22687K(22848K) NonClass: 18426K(18496K)->18426K(18496K) Class: 4261K(4352K)->4261K(4352K)
[1.856s][info][gc             ] GC(8) Pause Young (Allocation Failure) 521M->489M(841M) 144.718ms
[1.856s][info][gc,cpu         ] GC(8) User=0.60s Sys=0.25s Real=0.14s
[2.024s][info][gc,start       ] GC(9) Pause Young (Allocation Failure)
[2.246s][info][gc,heap        ] GC(9) PSYoungGen: 527857K(527872K)->251373K(610816K) Eden: 359424K(359424K)->0K(359424K) From: 168433K(168448K)->251373K(251392K)
[2.246s][info][gc,heap        ] GC(9) ParOldGen: 333180K(333312K)->502377K(502784K)
[2.246s][info][gc,metaspace   ] GC(9) Metaspace: 22715K(22976K)->22715K(22976K) NonClass: 18451K(18560K)->18451K(18560K) Class: 4263K(4416K)->4263K(4416K)
[2.246s][info][gc             ] GC(9) Pause Young (Allocation Failure) 840M->736M(1087M) 222.095ms
[2.246s][info][gc,cpu         ] GC(9) User=0.93s Sys=0.39s Real=0.22s
[2.541s][info][gc,start       ] GC(10) Pause Young (Allocation Failure)
[2.771s][info][gc,heap        ] GC(10) PSYoungGen: 610754K(610816K)->300075K(903168K) Eden: 359380K(359424K)->0K(533504K) From: 251373K(251392K)->300075K(369664K)
[2.771s][info][gc,heap        ] GC(10) ParOldGen: 502377K(502784K)->594095K(594432K)
[2.771s][info][gc,metaspace   ] GC(10) Metaspace: 22775K(22976K)->22775K(22976K) NonClass: 18509K(18560K)->18509K(18560K) Class: 4266K(4416K)->4266K(4416K)
[2.771s][info][gc             ] GC(10) Pause Young (Allocation Failure) 1087M->873M(1462M) 230.692ms
[2.771s][info][gc,cpu         ] GC(10) User=0.91s Sys=0.33s Real=0.23s
) OK
     2s: 
     2s: Check whether properties are compliant
     2s: (validation=PASSED) Property settings are COMPLIANT.
     2s: 
     2s: Searching for high-bound for max-jOPS possible for this system
     2s: Searching from base IR = 100
     2s:       rampup IR =      0 [reconfig (term) [2.972s][info][gc,start       ] GC(11) Pause Full (System.gc())
[2.972s][info][gc,phases,start] GC(11) Marking Phase
[2.992s][info][gc,phases      ] GC(11) Marking Phase 19.910ms
[2.992s][info][gc,phases,start] GC(11) Summary Phase
[2.992s][info][gc,phases      ] GC(11) Summary Phase 0.034ms
[2.992s][info][gc,phases,start] GC(11) Forward
[3.011s][info][gc,phases      ] GC(11) Forward 18.386ms
[3.011s][info][gc,phases,start] GC(11) Adjust Pointers
[3.023s][info][gc,phases      ] GC(11) Adjust Pointers 12.066ms
[3.023s][info][gc,phases,start] GC(11) Compaction Phase
[3.038s][info][gc,phases      ] GC(11) Compaction Phase 15.397ms
[3.038s][info][gc,phases,start] GC(11) Post Compact
[3.045s][info][gc,phases      ] GC(11) Post Compact 7.001ms
[3.045s][info][gc,heap        ] GC(11) PSYoungGen: 406892K(903168K)->0K(903168K) Eden: 106817K(533504K)->0K(533504K) From: 300075K(369664K)->0K(369664K)
[3.045s][info][gc,heap        ] GC(11) ParOldGen: 594095K(594432K)->83630K(594432K)
[3.045s][info][gc,metaspace   ] GC(11) Metaspace: 23035K(23232K)->23035K(23232K) NonClass: 18727K(18816K)->18727K(18816K) Class: 4307K(4416K)->4307K(4416K)
[3.045s][info][gc             ] GC(11) Pause Full (System.gc()) 977M->81M(1462M) 73.132ms
[3.045s][info][gc,cpu         ] GC(11) User=0.31s Sys=0.02s Real=0.07s
(init[3.517s][info][gc,start       ] GC(12) Pause Young (Allocation Failure)
[3.682s][info][gc,heap        ] GC(12) PSYoungGen: 533504K(903168K)->375869K(945152K) Eden: 533504K(533504K)->0K(533504K) From: 0K(369664K)->375869K(411648K)
[3.682s][info][gc,heap        ] GC(12) ParOldGen: 83630K(594432K)->83638K(594432K)
[3.682s][info][gc,metaspace   ] GC(12) Metaspace: 23044K(23232K)->23044K(23232K) NonClass: 18736K(18816K)->18736K(18816K) Class: 4307K(4416K)->4307K(4416K)
[3.682s][info][gc             ] GC(12) Pause Young (Allocation Failure) 602M->448M(1503M) 165.535ms
[3.682s][info][gc,cpu         ] GC(12) User=0.78s Sys=0.22s Real=0.17s
[3.937s][info][gc,start       ] GC(13) Pause Young (Allocation Failure)
[4.242s][info][gc,heap        ] GC(13) PSYoungGen: 909373K(945152K)->383113K(1275392K) Eden: 533504K(533504K)->0K(802816K) From: 375869K(411648K)->383113K(472576K)
[4.242s][info][gc,heap        ] GC(13) ParOldGen: 83638K(594432K)->314145K(594432K)
[4.242s][info][gc,metaspace   ] GC(13) Metaspace: 23051K(23232K)->23051K(23232K) NonClass: 18743K(18816K)->18743K(18816K) Class: 4307K(4416K)->4307K(4416K)
[4.242s][info][gc             ] GC(13) Pause Young (Allocation Failure) 969M->680M(1826M) 304.739ms
[4.242s][info][gc,cpu         ] GC(13) User=1.26s Sys=0.56s Real=0.31s
) ] ... (rIR:aIR:PR = 0:0:0) (tPR = 0) [OK] 
     7s:       rampup IR =     10 ... (rIR:aIR:PR = 10:10:10) (tPR = 884) [OK] 
    10s:       rampup IR =     20 ... (rIR:aIR:PR = 20:20:20) (tPR = 1608) [OK] 
    13s:       rampup IR =     30 .... (rIR:aIR:PR = 30:33:33) (tPR = 2384) [OK] 
    17s:       rampup IR =     40 .... (rIR:aIR:PR = 40:37:37) (tPR = 2492) [OK] 
    21s:       rampup IR =     50 .... (rIR:aIR:PR = 50:54:53) (tPR = 3737) [OK] 
    25s:       rampup IR =     60 ...[29.137s][info][gc,start       ] GC(14) Pause Young (Allocation Failure)
[29.333s][info][gc,heap        ] GC(14) PSYoungGen: 1185929K(1275392K)->152298K(1326592K) Eden: 802816K(802816K)->0K(802816K) From: 383113K(472576K)->152298K(523776K)
[29.333s][info][gc,heap        ] GC(14) ParOldGen: 314145K(594432K)->655056K(655360K)
[29.333s][info][gc,metaspace   ] GC(14) Metaspace: 25062K(25216K)->25062K(25216K) NonClass: 20576K(20672K)->20576K(20672K) Class: 4486K(4544K)->4486K(4544K)
[29.333s][info][gc             ] GC(14) Pause Young (Allocation Failure) 1464M->788M(1935M) 195.901ms
[29.333s][info][gc,cpu         ] GC(14) User=1.11s Sys=0.06s Real=0.20s
. (rIR:aIR:PR = 60:63:61) (tPR = 3939) [OK] 
    29s:       rampup IR =     70 .... (rIR:aIR:PR = 70:71:69) (tPR = 3971) [OK] 
    33s:       rampup IR =     80 .... (rIR:aIR:PR = 80:77:75) (tPR = 3970) [OK] 
    37s:       rampup IR =     90 .... (rIR:aIR:PR = 90:89:87) (tPR = 4532) [OK] 
    41s:       rampup IR =    100 .... (rIR:aIR:PR = 100:97:95) (tPR = 4326) [OK] 
    45s:    snapshot, IR =    100 ....|...................[69.514s][info][gc,start       ] GC(15) Pause Young (Allocation Failure)
[69.605s][info][gc,heap        ] GC(15) PSYoungGen: 955114K(1326592K)->45168K(1762304K) Eden: 802816K(802816K)->0K(1284608K) From: 152298K(523776K)->45168K(477696K)
[69.605s][info][gc,heap        ] GC(15) ParOldGen: 655056K(655360K)->806423K(806912K)
[69.605s][info][gc,metaspace   ] GC(15) Metaspace: 27162K(27392K)->27162K(27392K) NonClass: 22348K(22464K)->22348K(22464K) Class: 4813K(4928K)->4813K(4928K)
[69.605s][info][gc             ] GC(15) Pause Young (Allocation Failure) 1572M->831M(2509M) 90.985ms
[69.605s][info][gc,cpu         ] GC(15) User=0.47s Sys=0.06s Real=0.09s
........... (rIR:aIR:PR = 100:100:98) (tPR = 3169) [OK] 
    79s: Performing snapshot: (quiescence.....) (stop TxI) (stop BE) (saving... 103380 Kb) (term) [86.438s][info][gc,start       ] GC(16) Pause Full (System.gc())
[86.438s][info][gc,phases,start] GC(16) Marking Phase
[86.461s][info][gc,phases      ] GC(16) Marking Phase 22.908ms
[86.461s][info][gc,phases,start] GC(16) Summary Phase
[86.461s][info][gc,phases      ] GC(16) Summary Phase 0.039ms
[86.461s][info][gc,phases,start] GC(16) Forward
[86.481s][info][gc,phases      ] GC(16) Forward 20.487ms
[86.481s][info][gc,phases,start] GC(16) Adjust Pointers
[86.494s][info][gc,phases      ] GC(16) Adjust Pointers 12.321ms
[86.494s][info][gc,phases,start] GC(16) Compaction Phase
[86.518s][info][gc,phases      ] GC(16) Compaction Phase 24.629ms
[86.518s][info][gc,phases,start] GC(16) Post Compact
[86.525s][info][gc,phases      ] GC(16) Post Compact 6.921ms
[86.525s][info][gc,heap        ] GC(16) PSYoungGen: 1059604K(1762304K)->0K(1762304K) Eden: 1014436K(1284608K)->0K(1284608K) From: 45168K(477696K)->0K(477696K)
[86.525s][info][gc,heap        ] GC(16) ParOldGen: 806423K(806912K)->188650K(806912K)
[86.525s][info][gc,metaspace   ] GC(16) Metaspace: 27365K(27584K)->27361K(27584K) NonClass: 22542K(22656K)->22540K(22656K) Class: 4822K(4928K)->4821K(4928K)
[86.525s][info][gc             ] GC(16) Pause Full (System.gc()) 1822M->184M(2509M) 87.659ms
[86.525s][info][gc,cpu         ] GC(16) User=0.32s Sys=0.00s Real=0.08s
(init[87.475s][info][gc,start       ] GC(17) Pause Young (Allocation Failure)
[87.693s][info][gc,heap        ] GC(17) PSYoungGen: 1266550K(1762304K)->452944K(1771008K) Eden: 1266550K(1284608K)->0K(1284608K) From: 0K(477696K)->452944K(486400K)
[87.693s][info][gc,heap        ] GC(17) ParOldGen: 188650K(806912K)->188658K(806912K)
[87.693s][info][gc,metaspace   ] GC(17) Metaspace: 27461K(27712K)->27461K(27712K) NonClass: 22627K(22784K)->22627K(22784K) Class: 4833K(4928K)->4833K(4928K)
[87.693s][info][gc             ] GC(17) Pause Young (Allocation Failure) 1421M->626M(2517M) 218.069ms
[87.693s][info][gc,cpu         ] GC(17) User=1.20s Sys=0.07s Real=0.22s
) ...
    90s:       rampup IR =      0 ... (rIR:aIR:PR = 0:0:0) (tPR = 0) [OK] 
    93s:       rampup IR =     10 ... (rIR:aIR:PR = 10:8:8) (tPR = 394) [OK] 
    96s:       rampup IR =     20 ... (rIR:aIR:PR = 20:19:19) (tPR = 622) [OK] 
    99s:       rampup IR =     30 .... (rIR:aIR:PR = 30:28:28) (tPR = 753) [OK] 
   103s:       rampup IR =     40 .... (rIR:aIR:PR = 40:36:36) (tPR = 927) [OK] 
   107s:       rampup IR =     50 .... (rIR:aIR:PR = 50:51:50) (tPR = 1261) [OK] 
   111s:       rampup IR =     60 .... (rIR:aIR:PR = 60:61:59) (tPR = 1341) [OK] 
   115s:       rampup IR =     70 .... (rIR:aIR:PR = 70:69:68) (tPR = 1532) [OK] 
   119s:       rampup IR =     80 .... (rIR:aIR:PR = 80:81:79) (tPR = 1652) [OK] 
   123s:       rampup IR =     90 .... (rIR:aIR:PR = 90:89:87) (tPR = 2076) [OK] 
   127s:       rampup IR =    100 .... (rIR:aIR:PR = 100:103:100) (tPR = 2128) [OK] 
   131s:       trying IR =    200 .... (rIR:aIR:PR = 200:200:196) (tPR = 4072) [OK] 
   135s:       trying IR =    220 ...[139.599s][info][gc,start       ] GC(18) Pause Young (Allocation Failure)
[140.009s][info][gc,heap        ] GC(18) PSYoungGen: 1737552K(1771008K)->558686K(2039808K) Eden: 1284608K(1284608K)->0K(1479168K) From: 452944K(486400K)->558686K(560640K)
[140.009s][info][gc,heap        ] GC(18) ParOldGen: 188658K(806912K)->397332K(806912K)
[140.009s][info][gc,metaspace   ] GC(18) Metaspace: 27652K(27840K)->27652K(27840K) NonClass: 22816K(22912K)->22816K(22912K) Class: 4835K(4928K)->4835K(4928K)
[140.009s][info][gc             ] GC(18) Pause Young (Allocation Failure) 1881M->933M(2780M) 410.144ms
[140.009s][info][gc,cpu         ] GC(18) User=1.66s Sys=0.79s Real=0.41s
.. (rIR:aIR:PR = 220:216:212) (tPR = 3773) [OK] 
   140s:       trying IR =    244 .... (rIR:aIR:PR = 244:241:236) (tPR = 4883) [OK] 
   144s:       trying IR =    273 .... (rIR:aIR:PR = 273:271:265) (tPR = 4531) [OK] 
   148s:       trying IR =    307 .... (rIR:aIR:PR = 307:304:298) (tPR = 5449) [OK] 
   152s:       trying IR =    349 ..... (rIR:aIR:PR = 349:348:341) (tPR = 6660) [OK] 
   157s:       trying IR =    399 .... (rIR:aIR:PR = 399:399:390) (tPR = 7990) [OK] 
   161s:       trying IR =    458 ....[166.871s][info][gc,start       ] GC(19) Pause Young (Allocation Failure)
[167.067s][info][gc,heap        ] GC(19) PSYoungGen: 2037854K(2039808K)->79856K(2137600K) Eden: 1479168K(1479168K)->0K(1479168K) From: 558686K(560640K)->79856K(658432K)
[167.067s][info][gc,heap        ] GC(19) ParOldGen: 397332K(806912K)->878406K(878592K)
[167.067s][info][gc,metaspace   ] GC(19) Metaspace: 27787K(27968K)->27787K(27968K) NonClass: 22949K(23040K)->22949K(23040K) Class: 4838K(4928K)->4838K(4928K)
[167.067s][info][gc             ] GC(19) Pause Young (Allocation Failure) 2378M->935M(2945M) 195.478ms
[167.067s][info][gc,cpu         ] GC(19) User=1.15s Sys=0.02s Real=0.19s
. (rIR:aIR:PR = 458:460:449) (tPR = 8269) [OK] 
   166s:       trying IR =    530 .... (rIR:aIR:PR = 530:539:527) (tPR = 9435) [OK] 
   170s:       trying IR =    616 .... (rIR:aIR:PR = 616:613:599) (tPR = 10666) [OK] 
   174s:       trying IR =    719 .... (rIR:aIR:PR = 719:722:704) (tPR = 12494) [OK] 
   178s:       trying IR =    843 .[180.360s][info][gc,start       ] GC(20) Pause Young (Allocation Failure)
[180.445s][info][gc,heap        ] GC(20) PSYoungGen: 1559024K(2137600K)->76133K(2083840K) Eden: 1479168K(1479168K)->0K(1496064K) From: 79856K(658432K)->76133K(587776K)
[180.445s][info][gc,heap        ] GC(20) ParOldGen: 878406K(878592K)->947551K(947712K)
[180.445s][info][gc,metaspace   ] GC(20) Metaspace: 27864K(28096K)->27864K(28096K) NonClass: 23023K(23168K)->23023K(23168K) Class: 4840K(4928K)->4840K(4928K)
[180.445s][info][gc             ] GC(20) Pause Young (Allocation Failure) 2380M->999M(2960M) 84.949ms
[180.445s][info][gc,cpu         ] GC(20) User=0.38s Sys=0.12s Real=0.08s
... (rIR:aIR:PR = 843:845:827) (tPR = 14332) [OK] 
   183s:       trying IR =    992 .... (rIR:aIR:PR = 992:996:974) (tPR = 15584) [OK] 
   187s:       trying IR =   1170 ..[189.201s][info][gc,start       ] GC(21) Pause Young (Allocation Failure)
[189.269s][info][gc,heap        ] GC(21) PSYoungGen: 1572197K(2083840K)->77272K(2119168K) Eden: 1496064K(1496064K)->0K(1496064K) From: 76133K(587776K)->77272K(623104K)
[189.269s][info][gc,heap        ] GC(21) ParOldGen: 947551K(947712K)->1012527K(1012736K)
[189.269s][info][gc,metaspace   ] GC(21) Metaspace: 27915K(28096K)->27915K(28096K) NonClass: 23074K(23168K)->23074K(23168K) Class: 4840K(4928K)->4840K(4928K)
[189.269s][info][gc             ] GC(21) Pause Young (Allocation Failure) 2460M->1064M(3058M) 68.185ms
[189.269s][info][gc,cpu         ] GC(21) User=0.36s Sys=0.02s Real=0.07s
.. (rIR:aIR:PR = 1170:1171:1151) (tPR = 19795) [OK] 
   191s:       trying IR =   1384 .... (rIR:aIR:PR = 1384:1400:1384) (tPR = 23282) [OK] 
   195s:       trying IR =   1641 [195.777s][info][gc,start       ] GC(22) Pause Young (Allocation Failure)
[195.842s][info][gc,heap        ] GC(22) PSYoungGen: 1573336K(2119168K)->78316K(2113536K) Eden: 1496064K(1496064K)->0K(1570816K) From: 77272K(623104K)->78316K(542720K)
[195.842s][info][gc,heap        ] GC(22) ParOldGen: 1012527K(1012736K)->1078871K(1079296K)
[195.842s][info][gc,metaspace   ] GC(22) Metaspace: 28021K(28288K)->28021K(28288K) NonClass: 23164K(23296K)->23164K(23296K) Class: 4856K(4992K)->4856K(4992K)
[195.842s][info][gc             ] GC(22) Pause Young (Allocation Failure) 2525M->1130M(3118M) 65.300ms
[195.842s][info][gc,cpu         ] GC(22) User=0.35s Sys=0.02s Real=0.07s
.... (rIR:aIR:PR = 1641:1637:1637) (tPR = 25058) [OK] 
   199s:       trying IR =   1949 .[201.091s][info][gc,start       ] GC(23) Pause Young (Allocation Failure)
[201.155s][info][gc,heap        ] GC(23) PSYoungGen: 1649132K(2113536K)->85594K(2150400K) Eden: 1570816K(1570816K)->0K(1570816K) From: 78316K(542720K)->85594K(579584K)
[201.155s][info][gc,heap        ] GC(23) ParOldGen: 1078871K(1079296K)->1144472K(1144832K)
[201.155s][info][gc,metaspace   ] GC(23) Metaspace: 28057K(28352K)->28057K(28352K) NonClass: 23201K(23360K)->23201K(23360K) Class: 4856K(4992K)->4856K(4992K)
[201.155s][info][gc             ] GC(23) Pause Young (Allocation Failure) 2664M->1201M(3218M) 64.671ms
[201.155s][info][gc,cpu         ] GC(23) User=0.37s Sys=0.01s Real=0.06s
... (rIR:aIR:PR = 1949:1942:1942) (tPR = 32255) [OK] 
   203s:       trying IR =   2319 ..[205.416s][info][gc,start       ] GC(24) Pause Young (Allocation Failure)
[205.490s][info][gc,heap        ] GC(24) PSYoungGen: 1656410K(2150400K)->89317K(2153472K) Eden: 1570816K(1570816K)->0K(1660928K) From: 85594K(579584K)->89317K(492544K)
[205.490s][info][gc,heap        ] GC(24) ParOldGen: 1144472K(1144832K)->1216738K(1217024K)
[205.490s][info][gc,metaspace   ] GC(24) Metaspace: 28096K(28352K)->28096K(28352K) NonClass: 23240K(23360K)->23240K(23360K) Class: 4856K(4992K)->4856K(4992K)
[205.490s][info][gc             ] GC(24) Pause Young (Allocation Failure) 2735M->1275M(3291M) 73.463ms
[205.490s][info][gc,cpu         ] GC(24) User=0.41s Sys=0.01s Real=0.08s
.. (rIR:aIR:PR = 2319:2290:2290) (tPR = 39122) [OK] 
   207s:       trying IR =   2762 ..[209.649s][info][gc,start       ] GC(25) Pause Young (Allocation Failure)
[209.725s][info][gc,heap        ] GC(25) PSYoungGen: 1750245K(2153472K)->92578K(2191360K) Eden: 1660928K(1660928K)->0K(1660928K) From: 89317K(492544K)->92578K(530432K)
[209.725s][info][gc,heap        ] GC(25) ParOldGen: 1216738K(1217024K)->1286347K(1286656K)
[209.725s][info][gc,metaspace   ] GC(25) Metaspace: 28147K(28416K)->28147K(28416K) NonClass: 23290K(23424K)->23290K(23424K) Class: 4856K(4992K)->4856K(4992K)
[209.725s][info][gc             ] GC(25) Pause Young (Allocation Failure) 2897M->1346M(3396M) 76.407ms
[209.725s][info][gc,cpu         ] GC(25) User=0.42s Sys=0.02s Real=0.07s
.. (rIR:aIR:PR = 2762:2760:2760) (tPR = 43280) [OK] 
   211s:       trying IR =   3295 ..[213.505s][info][gc,start       ] GC(26) Pause Young (Allocation Failure)
[213.577s][info][gc,heap        ] GC(26) PSYoungGen: 1753506K(2191360K)->95407K(2202624K) Eden: 1660928K(1660928K)->0K(1760256K) From: 92578K(530432K)->95407K(442368K)
[213.577s][info][gc,heap        ] GC(26) ParOldGen: 1286347K(1286656K)->1358963K(1359360K)
[213.577s][info][gc,metaspace   ] GC(26) Metaspace: 28428K(28672K)->28428K(28672K) NonClass: 23553K(23680K)->23553K(23680K) Class: 4875K(4992K)->4875K(4992K)
[213.577s][info][gc             ] GC(26) Pause Young (Allocation Failure) 2968M->1420M(3478M) 72.630ms
[213.577s][info][gc,cpu         ] GC(26) User=0.41s Sys=0.01s Real=0.07s
.. (rIR:aIR:PR = 3295:3314:3314) (tPR = 49352) [OK] 
   215s:       trying IR =   3934 .[217.132s][info][gc,start       ] GC(27) Pause Young (Allocation Failure)
[217.221s][info][gc,heap        ] GC(27) PSYoungGen: 1855663K(2202624K)->100576K(2240512K) Eden: 1760256K(1760256K)->0K(1760256K) From: 95407K(442368K)->100576K(480256K)
[217.221s][info][gc,heap        ] GC(27) ParOldGen: 1358963K(1359360K)->1433139K(1433600K)
[217.221s][info][gc,metaspace   ] GC(27) Metaspace: 28584K(28992K)->28584K(28992K) NonClass: 23701K(23872K)->23701K(23872K) Class: 4883K(5120K)->4883K(5120K)
[217.221s][info][gc             ] GC(27) Pause Young (Allocation Failure) 3139M->1497M(3588M) 89.195ms
[217.221s][info][gc,cpu         ] GC(27) User=0.40s Sys=0.11s Real=0.09s
.... (rIR:aIR:PR = 3934:3949:3942) (tPR = 59581) [OK] 
   220s:       trying IR =   4701 [220.621s][info][gc,start       ] GC(28) Pause Young (Allocation Failure)
[220.705s][info][gc,heap        ] GC(28) PSYoungGen: 1860832K(2240512K)->111892K(2251776K) Eden: 1760256K(1760256K)->0K(1860608K) From: 100576K(480256K)->111892K(391168K)
[220.705s][info][gc,heap        ] GC(28) ParOldGen: 1433139K(1433600K)->1511039K(1511424K)
[220.705s][info][gc,metaspace   ] GC(28) Metaspace: 28626K(28992K)->28626K(28992K) NonClass: 23743K(23872K)->23743K(23872K) Class: 4883K(5120K)->4883K(5120K)
[220.705s][info][gc             ] GC(28) Pause Young (Allocation Failure) 3216M->1584M(3675M) 83.493ms
[220.705s][info][gc,cpu         ] GC(28) User=0.47s Sys=0.02s Real=0.08s
...[223.791s][info][gc,start       ] GC(29) Pause Young (Allocation Failure)
[223.928s][info][gc,heap        ] GC(29) PSYoungGen: 1972500K(2251776K)->119904K(2290176K) Eden: 1860608K(1860608K)->0K(1860608K) From: 111892K(391168K)->119904K(429568K)
[223.928s][info][gc,heap        ] GC(29) ParOldGen: 1511039K(1511424K)->1590487K(1590784K)
[223.928s][info][gc,metaspace   ] GC(29) Metaspace: 28629K(28992K)->28629K(28992K) NonClass: 23745K(23872K)->23745K(23872K) Class: 4884K(5120K)->4884K(5120K)
[223.928s][info][gc             ] GC(29) Pause Young (Allocation Failure) 3401M->1670M(3790M) 136.900ms
[223.928s][info][gc,cpu         ] GC(29) User=0.62s Sys=0.18s Real=0.14s
[224.080s][info][gc,start       ] GC(30) Pause Full (Diagnostic Command)
[224.080s][info][gc,phases,start] GC(30) Marking Phase
[224.364s][info][gc,phases      ] GC(30) Marking Phase 283.452ms
[224.364s][info][gc,phases,start] GC(30) Summary Phase
[224.364s][info][gc,phases      ] GC(30) Summary Phase 0.033ms
[224.364s][info][gc,phases,start] GC(30) Forward
[224.494s][info][gc,phases      ] GC(30) Forward 129.664ms
[224.494s][info][gc,phases,start] GC(30) Adjust Pointers
[224.681s][info][gc,phases      ] GC(30) Adjust Pointers 186.923ms
[224.681s][info][gc,phases,start] GC(30) Compaction Phase
[224.850s][info][gc,phases      ] GC(30) Compaction Phase 168.331ms
[224.851s][info][gc,phases,start] GC(30) Post Compact
[224.853s][info][gc,phases      ] GC(30) Post Compact 1.890ms
[224.853s][info][gc,heap        ] GC(30) PSYoungGen: 368355K(2290176K)->0K(2290176K) Eden: 248451K(1860608K)->0K(1860608K) From: 119904K(429568K)->0K(429568K)
[224.853s][info][gc,heap        ] GC(30) ParOldGen: 1590487K(1590784K)->979659K(1590784K)
[224.853s][info][gc,metaspace   ] GC(30) Metaspace: 28629K(28992K)->28629K(28992K) NonClass: 23745K(23872K)->23745K(23872K) Class: 4884K(5120K)->4884K(5120K)
[224.853s][info][gc             ] GC(30) Pause Full (Diagnostic Command) 1912M->956M(3790M) 772.749ms
[224.853s][info][gc,cpu         ] GC(30) User=4.22s Sys=0.01s Real=0.77s
...[227.228s][info][gc,start       ] GC(31) Pause Young (Allocation Failure)
[227.280s][info][gc,heap        ] GC(31) PSYoungGen: 1860608K(2290176K)->111316K(2309632K) Eden: 1860608K(1860608K)->0K(1962496K) From: 0K(429568K)->111316K(347136K)
[227.280s][info][gc,heap        ] GC(31) ParOldGen: 979659K(1590784K)->979659K(1590784K)
[227.280s][info][gc,metaspace   ] GC(31) Metaspace: 28649K(28992K)->28649K(28992K) NonClass: 23765K(23872K)->23765K(23872K) Class: 4884K(5120K)->4884K(5120K)
[227.280s][info][gc             ] GC(31) Pause Young (Allocation Failure) 2773M->1065M(3809M) 52.464ms
[227.280s][info][gc,cpu         ] GC(31) User=0.30s Sys=0.00s Real=0.05s
. (rIR:aIR:PR = 4701:4723:4723) (tPR = 71954) [OK] 
   227s:       trying IR =   5621 ..[230.135s][info][gc,start       ] GC(32) Pause Young (Allocation Failure)
[230.243s][info][gc,heap        ] GC(32) PSYoungGen: 2073812K(2309632K)->116848K(2344448K) Eden: 1962496K(1962496K)->0K(1962496K) From: 111316K(347136K)->116848K(381952K)
[230.243s][info][gc,heap        ] GC(32) ParOldGen: 979659K(1590784K)->1059843K(1590784K)
[230.243s][info][gc,metaspace   ] GC(32) Metaspace: 28649K(28992K)->28649K(28992K) NonClass: 23765K(23872K)->23765K(23872K) Class: 4884K(5120K)->4884K(5120K)
[230.243s][info][gc             ] GC(32) Pause Young (Allocation Failure) 2981M->1149M(3843M) 108.172ms
[230.243s][info][gc,cpu         ] GC(32) User=0.47s Sys=0.16s Real=0.11s
.. (rIR:aIR:PR = 5621:5621:5619) (tPR = 87492) [OK] 
   231s:       trying IR =   6725 [232.768s][info][gc,start       ] GC(33) Pause Young (Allocation Failure)
[232.849s][info][gc,heap        ] GC(33) PSYoungGen: 2079344K(2344448K)->116800K(2360320K) Eden: 1962496K(1962496K)->0K(2053120K) From: 116848K(381952K)->116800K(307200K)
[232.849s][info][gc,heap        ] GC(33) ParOldGen: 1059843K(1590784K)->1143787K(1590784K)
[232.849s][info][gc,metaspace   ] GC(33) Metaspace: 28680K(29056K)->28680K(29056K) NonClass: 23796K(23936K)->23796K(23936K) Class: 4884K(5120K)->4884K(5120K)
[232.849s][info][gc             ] GC(33) Pause Young (Allocation Failure) 3065M->1231M(3858M) 81.044ms
[232.849s][info][gc,cpu         ] GC(33) User=0.47s Sys=0.00s Real=0.08s
...[235.302s][info][gc,start       ] GC(34) Pause Young (Allocation Failure)
[235.411s][info][gc,heap        ] GC(34) PSYoungGen: 2169920K(2360320K)->134080K(2394112K) Eden: 2053120K(2053120K)->0K(2053120K) From: 116800K(307200K)->134080K(340992K)
[235.411s][info][gc,heap        ] GC(34) ParOldGen: 1143787K(1590784K)->1223907K(1590784K)
[235.411s][info][gc,metaspace   ] GC(34) Metaspace: 28683K(29056K)->28683K(29056K) NonClass: 23799K(23936K)->23799K(23936K) Class: 4884K(5120K)->4884K(5120K)
[235.411s][info][gc             ] GC(34) Pause Young (Allocation Failure) 3236M->1326M(3891M) 108.575ms
[235.411s][info][gc,cpu         ] GC(34) User=0.55s Sys=0.08s Real=0.11s
. (rIR:aIR:PR = 6725:6735:6729) (tPR = 99457) [OK] 
   235s:       trying IR =   8050 .[237.440s][info][gc,start       ] GC(35) Pause Young (Allocation Failure)
[237.525s][info][gc,heap        ] GC(35) PSYoungGen: 2187200K(2394112K)->123540K(2406400K) Eden: 2053120K(2053120K)->0K(2134016K) From: 134080K(340992K)->123540K(272384K)
[237.525s][info][gc,heap        ] GC(35) ParOldGen: 1223907K(1590784K)->1311867K(1590784K)
[237.525s][info][gc,metaspace   ] GC(35) Metaspace: 28689K(29056K)->28689K(29056K) NonClass: 23805K(23936K)->23805K(23936K) Class: 4884K(5120K)->4884K(5120K)
[237.525s][info][gc             ] GC(35) Pause Young (Allocation Failure) 3331M->1401M(3903M) 85.159ms
[237.525s][info][gc,cpu         ] GC(35) User=0.50s Sys=0.00s Real=0.08s
..[239.564s][info][gc,start       ] GC(36) Pause Young (Allocation Failure)
[239.651s][info][gc,heap        ] GC(36) PSYoungGen: 2257556K(2406400K)->127488K(2437632K) Eden: 2134016K(2134016K)->0K(2134016K) From: 123540K(272384K)->127488K(303616K)
[239.651s][info][gc,heap        ] GC(36) ParOldGen: 1311867K(1590784K)->1394683K(1590784K)
[239.651s][info][gc,metaspace   ] GC(36) Metaspace: 28693K(29120K)->28693K(29120K) NonClass: 23809K(24000K)->23809K(24000K) Class: 4884K(5120K)->4884K(5120K)
[239.651s][info][gc             ] GC(36) Pause Young (Allocation Failure) 3485M->1486M(3934M) 86.462ms
[239.651s][info][gc,cpu         ] GC(36) User=0.50s Sys=0.00s Real=0.09s
. (rIR:aIR:PR = 8050:8106:8100) (tPR = 124381) [OK] 
   239s:       trying IR =   9640 .[241.465s][info][gc,start       ] GC(37) Pause Young (Allocation Failure)
[241.554s][info][gc,heap        ] GC(37) PSYoungGen: 2261504K(2437632K)->132120K(2446848K) Eden: 2134016K(2134016K)->0K(2205184K) From: 127488K(303616K)->132120K(241664K)
[241.554s][info][gc,heap        ] GC(37) ParOldGen: 1394683K(1590784K)->1480619K(1590784K)
[241.554s][info][gc,metaspace   ] GC(37) Metaspace: 28694K(29120K)->28694K(29120K) NonClass: 23810K(24000K)->23810K(24000K) Class: 4884K(5120K)->4884K(5120K)
[241.554s][info][gc             ] GC(37) Pause Young (Allocation Failure) 3570M->1574M(3943M) 89.101ms
[241.554s][info][gc,cpu         ] GC(37) User=0.51s Sys=0.00s Real=0.09s
..[243.307s][info][gc,start       ] GC(38) Pause Young (Allocation Failure)
[243.394s][info][gc,heap        ] GC(38) PSYoungGen: 2337304K(2446848K)->129440K(2477056K) Eden: 2205184K(2205184K)->0K(2205184K) From: 132120K(241664K)->129440K(271872K)
[243.394s][info][gc,heap        ] GC(38) ParOldGen: 1480619K(1590784K)->1565643K(1590784K)
[243.394s][info][gc,metaspace   ] GC(38) Metaspace: 28726K(29120K)->28726K(29120K) NonClass: 23842K(24000K)->23842K(24000K) Class: 4884K(5120K)->4884K(5120K)
[243.394s][info][gc             ] GC(38) Pause Young (Allocation Failure) 3728M->1655M(3972M) 87.092ms
[243.394s][info][gc,cpu         ] GC(38) User=0.52s Sys=0.00s Real=0.09s
. (rIR:aIR:PR = 9640:9573:9571) (tPR = 144296) [OK] 
   243s:       trying IR =  11548 .[244.996s][info][gc,start       ] GC(39) Pause Young (Allocation Failure)
[245.095s][info][gc,heap        ] GC(39) PSYoungGen: 2334624K(2477056K)->141204K(2492928K) Eden: 2205184K(2205184K)->0K(2266112K) From: 129440K(271872K)->141204K(226816K)
[245.095s][info][gc,heap        ] GC(39) ParOldGen: 1565643K(1590784K)->1654739K(1654784K)
[245.095s][info][gc,metaspace   ] GC(39) Metaspace: 28731K(29120K)->28731K(29120K) NonClass: 23847K(24000K)->23847K(24000K) Class: 4884K(5120K)->4884K(5120K)
[245.095s][info][gc             ] GC(39) Pause Young (Allocation Failure) 3808M->1753M(4050M) 98.951ms
[245.095s][info][gc,cpu         ] GC(39) User=0.57s Sys=0.01s Real=0.10s
.[246.642s][info][gc,start       ] GC(40) Pause Young (Allocation Failure)
[246.735s][info][gc,heap        ] GC(40) PSYoungGen: 2407316K(2492928K)->132736K(2515456K) Eden: 2266112K(2266112K)->0K(2266112K) From: 141204K(226816K)->132736K(249344K)
[246.735s][info][gc,heap        ] GC(40) ParOldGen: 1654739K(1654784K)->1741587K(1741824K)
[246.735s][info][gc,metaspace   ] GC(40) Metaspace: 28731K(29120K)->28731K(29120K) NonClass: 23847K(24000K)->23847K(24000K) Class: 4884K(5120K)->4884K(5120K)
[246.735s][info][gc             ] GC(40) Pause Young (Allocation Failure) 3966M->1830M(4157M) 93.481ms
[246.735s][info][gc,cpu         ] GC(40) User=0.52s Sys=0.02s Real=0.09s
..[248.249s][info][gc,start       ] GC(41) Pause Young (Allocation Failure)
[248.343s][info][gc,heap        ] GC(41) PSYoungGen: 2398848K(2515456K)->127936K(2516480K) Eden: 2266112K(2266112K)->0K(2309120K) From: 132736K(249344K)->127936K(207360K)
[248.343s][info][gc,heap        ] GC(41) ParOldGen: 1741587K(1741824K)->1830635K(1830912K)
[248.343s][info][gc,metaspace   ] GC(41) Metaspace: 28737K(29120K)->28737K(29120K) NonClass: 23852K(24000K)->23852K(24000K) Class: 4884K(5120K)->4884K(5120K)
[248.343s][info][gc             ] GC(41) Pause Young (Allocation Failure) 4043M->1912M(4245M) 93.558ms
[248.343s][info][gc,cpu         ] GC(41) User=0.51s Sys=0.04s Real=0.09s
.[249.910s][info][gc,start       ] GC(42) Pause Young (Allocation Failure)
[250.013s][info][gc,heap        ] GC(42) PSYoungGen: 2437056K(2516480K)->147640K(2536960K) Eden: 2309120K(2309120K)->0K(2309120K) From: 127936K(207360K)->147640K(227840K)
[250.013s][info][gc,heap        ] GC(42) ParOldGen: 1830635K(1830912K)->1918523K(1918976K)
[250.013s][info][gc,metaspace   ] GC(42) Metaspace: 28737K(29120K)->28737K(29120K) NonClass: 23852K(24000K)->23852K(24000K) Class: 4884K(5120K)->4884K(5120K)
[250.013s][info][gc             ] GC(42) Pause Young (Allocation Failure) 4167M->2017M(4351M) 103.178ms
[250.013s][info][gc,cpu         ] GC(42) User=0.57s Sys=0.03s Real=0.10s
..[251.577s][info][gc,start       ] GC(43) Pause Young (Allocation Failure)
[251.675s][info][gc,heap        ] GC(43) PSYoungGen: 2456760K(2536960K)->144501K(2554368K) Eden: 2309120K(2309120K)->0K(2343936K) From: 147640K(227840K)->144501K(210432K)
[251.675s][info][gc,heap        ] GC(43) ParOldGen: 1918523K(1918976K)->2005211K(2005504K)
[251.676s][info][gc,metaspace   ] GC(43) Metaspace: 28737K(29120K)->28737K(29120K) NonClass: 23852K(24000K)->23852K(24000K) Class: 4884K(5120K)->4884K(5120K)
[251.676s][info][gc             ] GC(43) Pause Young (Allocation Failure) 4272M->2099M(4453M) 98.982ms
[251.676s][info][gc,cpu         ] GC(43) User=0.55s Sys=0.03s Real=0.10s
.. (rIR:aIR:PR = 11548:11300:11300) (tPR = 166756) [OK] 
   252s:       trying IR =  13837 [253.228s][info][gc,start       ] GC(44) Pause Young (Allocation Failure)
[253.324s][info][gc,heap        ] GC(44) PSYoungGen: 2488437K(2554368K)->135397K(2563072K) Eden: 2343936K(2343936K)->0K(2343936K) From: 144501K(210432K)->135397K(219136K)
[253.324s][info][gc,heap        ] GC(44) ParOldGen: 2005211K(2005504K)->2096107K(2096128K)
[253.324s][info][gc,metaspace   ] GC(44) Metaspace: 28737K(29120K)->28737K(29120K) NonClass: 23852K(24000K)->23852K(24000K) Class: 4884K(5120K)->4884K(5120K)
[253.324s][info][gc             ] GC(44) Pause Young (Allocation Failure) 4388M->2179M(4550M) 96.302ms
[253.324s][info][gc,cpu         ] GC(44) User=0.53s Sys=0.03s Real=0.09s
.[254.777s][info][gc,start       ] GC(45) Pause Young (Allocation Failure)
[254.878s][info][gc,heap        ] GC(45) PSYoungGen: 2479333K(2563072K)->141744K(2565632K) Eden: 2343936K(2343936K)->0K(2365440K) From: 135397K(219136K)->141744K(200192K)
[254.878s][info][gc,heap        ] GC(45) ParOldGen: 2096107K(2096128K)->2186703K(2186752K)
[254.878s][info][gc,metaspace   ] GC(45) Metaspace: 28738K(29120K)->28738K(29120K) NonClass: 23853K(24000K)->23853K(24000K) Class: 4884K(5120K)->4884K(5120K)
[254.878s][info][gc             ] GC(45) Pause Young (Allocation Failure) 4468M->2273M(4641M) 100.628ms
[254.878s][info][gc,cpu         ] GC(45) User=0.56s Sys=0.03s Real=0.10s
.[256.361s][info][gc,start       ] GC(46) Pause Young (Allocation Failure)
[256.466s][info][gc,heap        ] GC(46) PSYoungGen: 2507184K(2565632K)->152948K(2571776K) Eden: 2365440K(2365440K)->0K(2365440K) From: 141744K(200192K)->152948K(206336K)
[256.466s][info][gc,heap        ] GC(46) ParOldGen: 2186703K(2186752K)->2277023K(2277376K)
[256.466s][info][gc,metaspace   ] GC(46) Metaspace: 28740K(29120K)->28740K(29120K) NonClass: 23855K(24000K)->23855K(24000K) Class: 4884K(5120K)->4884K(5120K)
[256.466s][info][gc             ] GC(46) Pause Young (Allocation Failure) 4583M->2373M(4735M) 104.693ms
[256.466s][info][gc,cpu         ] GC(46) User=0.59s Sys=0.02s Real=0.10s
..[257.908s][info][gc,start       ] GC(47) Pause Young (Allocation Failure)
[258.015s][info][gc,heap        ] GC(47) PSYoungGen: 2518388K(2571776K)->151520K(2586112K) Eden: 2365440K(2365440K)->0K(2383872K) From: 152948K(206336K)->151520K(202240K)
[258.015s][info][gc,heap        ] GC(47) ParOldGen: 2277023K(2277376K)->2370767K(2371072K)
[258.015s][info][gc,metaspace   ] GC(47) Metaspace: 28741K(29120K)->28741K(29120K) NonClass: 23856K(24000K)->23856K(24000K) Class: 4884K(5120K)->4884K(5120K)
[258.015s][info][gc             ] GC(47) Pause Young (Allocation Failure) 4683M->2463M(4841M) 106.660ms
[258.015s][info][gc,cpu         ] GC(47) User=0.58s Sys=0.06s Real=0.10s
.[259.525s][info][gc,start       ] GC(48) Pause Young (Allocation Failure)
[259.623s][info][gc,heap        ] GC(48) PSYoungGen: 2535392K(2586112K)->132128K(2588160K) Eden: 2383872K(2383872K)->0K(2383872K) From: 151520K(202240K)->132128K(204288K)
[259.623s][info][gc,heap        ] GC(48) ParOldGen: 2370767K(2371072K)->2465151K(2465280K)
[259.623s][info][gc,metaspace   ] GC(48) Metaspace: 28741K(29120K)->28741K(29120K) NonClass: 23856K(24000K)->23856K(24000K) Class: 4884K(5120K)->4884K(5120K)
[259.623s][info][gc             ] GC(48) Pause Young (Allocation Failure) 4791M->2536M(4935M) 98.072ms
[259.623s][info][gc,cpu         ] GC(48) User=0.54s Sys=0.03s Real=0.10s
.[261.080s][info][gc,start       ] GC(49) Pause Young (Allocation Failure)
[261.193s][info][gc,heap        ] GC(49) PSYoungGen: 2516000K(2588160K)->154656K(2587648K) Eden: 2383872K(2383872K)->0K(2388992K) From: 132128K(204288K)->154656K(198656K)
[261.193s][info][gc,heap        ] GC(49) ParOldGen: 2465151K(2465280K)->2553935K(2554368K)
[261.193s][info][gc,metaspace   ] GC(49) Metaspace: 28749K(29120K)->28749K(29120K) NonClass: 23864K(24000K)->23864K(24000K) Class: 4884K(5120K)->4884K(5120K)
[261.193s][info][gc             ] GC(49) Pause Young (Allocation Failure) 4864M->2645M(5021M) 113.218ms
[261.193s][info][gc,cpu         ] GC(49) User=0.63s Sys=0.02s Real=0.11s
..[262.584s][info][gc,start       ] GC(50) Pause Young (Allocation Failure)
[262.739s][info][gc,heap        ] GC(50) PSYoungGen: 2543648K(2587648K)->162276K(2588160K) Eden: 2388992K(2388992K)->0K(2388992K) From: 154656K(198656K)->162276K(199168K)
[262.739s][info][gc,heap        ] GC(50) ParOldGen: 2553935K(2554368K)->2644103K(2644480K)
[262.739s][info][gc,metaspace   ] GC(50) Metaspace: 28749K(29120K)->28749K(29120K) NonClass: 23864K(24000K)->23864K(24000K) Class: 4884K(5120K)->4884K(5120K)
[262.739s][info][gc             ] GC(50) Pause Young (Allocation Failure) 4978M->2740M(5110M) 155.838ms
[262.739s][info][gc,cpu         ] GC(50) User=0.61s Sys=0.03s Real=0.16s
.[264.141s][info][gc,start       ] GC(51) Pause Young (Allocation Failure)
[264.243s][info][gc,heap        ] GC(51) PSYoungGen: 2551268K(2588160K)->147680K(2591744K) Eden: 2388992K(2388992K)->0K(2395648K) From: 162276K(199168K)->147680K(196096K)
[264.243s][info][gc,heap        ] GC(51) ParOldGen: 2644103K(2644480K)->2737471K(2737664K)
[264.243s][info][gc,metaspace   ] GC(51) Metaspace: 28749K(29120K)->28749K(29120K) NonClass: 23864K(24000K)->23864K(24000K) Class: 4884K(5120K)->4884K(5120K)
[264.243s][info][gc             ] GC(51) Pause Young (Allocation Failure) 5073M->2817M(5204M) 102.472ms
[264.243s][info][gc,cpu         ] GC(51) User=0.57s Sys=0.04s Real=0.10s
.[265.817s][info][gc,start       ] GC(52) Pause Young (Allocation Failure)
[265.924s][info][gc,heap        ] GC(52) PSYoungGen: 2543328K(2591744K)->155236K(2593280K) Eden: 2395648K(2395648K)->0K(2395648K) From: 147680K(196096K)->155236K(197632K)
[265.924s][info][gc,heap        ] GC(52) ParOldGen: 2737471K(2737664K)->2832663K(2832896K)
[265.924s][info][gc,metaspace   ] GC(52) Metaspace: 28749K(29120K)->28749K(29120K) NonClass: 23865K(24000K)->23865K(24000K) Class: 4884K(5120K)->4884K(5120K)
[265.924s][info][gc             ] GC(52) Pause Young (Allocation Failure) 5157M->2917M(5299M) 107.268ms
[265.924s][info][gc,cpu         ] GC(52) User=0.61s Sys=0.03s Real=0.11s
.[267.441s][info][gc,start       ] GC(53) Pause Young (Allocation Failure)
[267.547s][info][gc,heap        ] GC(53) PSYoungGen: 2550884K(2593280K)->147798K(2589696K) Eden: 2395648K(2395648K)->0K(2401280K) From: 155236K(197632K)->147798K(188416K)
[267.547s][info][gc,heap        ] GC(53) ParOldGen: 2832663K(2832896K)->2921479K(2921984K)
[267.547s][info][gc,metaspace   ] GC(53) Metaspace: 28751K(29120K)->28751K(29120K) NonClass: 23867K(24000K)->23867K(24000K) Class: 4884K(5120K)->4884K(5120K)
[267.547s][info][gc             ] GC(53) Pause Young (Allocation Failure) 5257M->2997M(5382M) 105.818ms
[267.547s][info][gc,cpu         ] GC(53) User=0.60s Sys=0.03s Real=0.10s
..[269.179s][info][gc,start       ] GC(54) Pause Young (Allocation Failure)
[269.277s][info][gc,heap        ] GC(54) PSYoungGen: 2549078K(2589696K)->139056K(2594304K) Eden: 2401280K(2401280K)->0K(2401280K) From: 147798K(188416K)->139056K(193024K)
[269.277s][info][gc,heap        ] GC(54) ParOldGen: 2921479K(2921984K)->3012431K(3012608K)
[269.277s][info][gc,metaspace   ] GC(54) Metaspace: 28754K(29120K)->28754K(29120K) NonClass: 23870K(24000K)->23870K(24000K) Class: 4884K(5120K)->4884K(5120K)
[269.277s][info][gc             ] GC(54) Pause Young (Allocation Failure) 5342M->3077M(5475M) 98.176ms
[269.277s][info][gc,cpu         ] GC(54) User=0.54s Sys=0.03s Real=0.09s
.[270.563s][info][gc,start       ] GC(55) Pause Young (Allocation Failure)
[270.740s][info][gc,heap        ] GC(55) PSYoungGen: 2540336K(2594304K)->188916K(2509824K) Eden: 2401280K(2401280K)->0K(2320896K) From: 139056K(193024K)->188916K(188928K)
[270.740s][info][gc,heap        ] GC(55) ParOldGen: 3012431K(3012608K)->3109727K(3109888K)
[270.740s][info][gc,metaspace   ] GC(55) Metaspace: 28755K(29120K)->28755K(29120K) NonClass: 23870K(24000K)->23870K(24000K) Class: 4884K(5120K)->4884K(5120K)
[270.740s][info][gc             ] GC(55) Pause Young (Allocation Failure) 5422M->3221M(5488M) 176.794ms
[270.740s][info][gc,cpu         ] GC(55) User=0.68s Sys=0.08s Real=0.18s
.[271.956s][info][gc,start       ] GC(56) Pause Young (Allocation Failure)
[272.073s][info][gc,heap        ] GC(56) PSYoungGen: 2509812K(2509824K)->168980K(2558464K) Eden: 2320896K(2320896K)->0K(2320896K) From: 188916K(188928K)->168980K(237568K)
[272.073s][info][gc,heap        ] GC(56) ParOldGen: 3109727K(3109888K)->3207479K(3207680K)
[272.073s][info][gc,metaspace   ] GC(56) Metaspace: 28759K(29120K)->28759K(29120K) NonClass: 23875K(24000K)->23875K(24000K) Class: 4884K(5120K)->4884K(5120K)
[272.073s][info][gc             ] GC(56) Pause Young (Allocation Failure) 5487M->3297M(5631M) 116.836ms
[272.073s][info][gc,cpu         ] GC(56) User=0.64s Sys=0.03s Real=0.12s
.[273.547s][info][gc,start       ] GC(57) Pause Young (Allocation Failure)
[273.713s][info][gc,heap        ] GC(57) PSYoungGen: 2489876K(2558464K)->165120K(2544128K) Eden: 2320896K(2320896K)->0K(2324992K) From: 168980K(237568K)->165120K(219136K)
[273.713s][info][gc,heap        ] GC(57) ParOldGen: 3207479K(3207680K)->3308247K(3308544K)
[273.713s][info][gc,metaspace   ] GC(57) Metaspace: 28759K(29120K)->28759K(29120K) NonClass: 23875K(24000K)->23875K(24000K) Class: 4884K(5120K)->4884K(5120K)
[273.713s][info][gc             ] GC(57) Pause Young (Allocation Failure) 5563M->3391M(5715M) 166.721ms
[273.713s][info][gc,cpu         ] GC(57) User=0.67s Sys=0.03s Real=0.17s
..[275.136s][info][gc,start       ] GC(58) Pause Young (Allocation Failure)
[275.236s][info][gc,heap        ] GC(58) PSYoungGen: 2490112K(2544128K)->145587K(2553344K) Eden: 2324992K(2324992K)->0K(2324992K) From: 165120K(219136K)->145587K(228352K)
[275.236s][info][gc,heap        ] GC(58) ParOldGen: 3308247K(3308544K)->3397524K(3397632K)
[275.236s][info][gc,metaspace   ] GC(58) Metaspace: 28761K(29120K)->28761K(29120K) NonClass: 23877K(24000K)->23877K(24000K) Class: 4884K(5120K)->4884K(5120K)
[275.236s][info][gc             ] GC(58) Pause Young (Allocation Failure) 5662M->3460M(5811M) 99.596ms
[275.236s][info][gc,cpu         ] GC(58) User=0.55s Sys=0.03s Real=0.10s
.[276.725s][info][gc,start       ] GC(59) Pause Young (Allocation Failure)
[276.831s][info][gc,heap        ] GC(59) PSYoungGen: 2470579K(2553344K)->146272K(2554880K) Eden: 2324992K(2324992K)->0K(2343936K) From: 145587K(228352K)->146272K(210944K)
[276.831s][info][gc,heap        ] GC(59) ParOldGen: 3397524K(3397632K)->3488132K(3488256K)
[276.831s][info][gc,metaspace   ] GC(59) Metaspace: 28761K(29120K)->28761K(29120K) NonClass: 23877K(24000K)->23877K(24000K) Class: 4884K(5120K)->4884K(5120K)
[276.831s][info][gc             ] GC(59) Pause Young (Allocation Failure) 5730M->3549M(5901M) 105.201ms
[276.831s][info][gc,cpu         ] GC(59) User=0.58s Sys=0.03s Real=0.11s
.[278.288s][info][gc,start       ] GC(60) Pause Young (Allocation Failure)
[278.395s][info][gc,heap        ] GC(60) PSYoungGen: 2490208K(2554880K)->156053K(2563584K) Eden: 2343936K(2343936K)->0K(2343936K) From: 146272K(210944K)->156053K(219648K)
[278.395s][info][gc,heap        ] GC(60) ParOldGen: 3488132K(3488256K)->3574172K(3574272K)
[278.395s][info][gc,metaspace   ] GC(60) Metaspace: 28761K(29120K)->28761K(29120K) NonClass: 23877K(24000K)->23877K(24000K) Class: 4884K(5120K)->4884K(5120K)
[278.395s][info][gc             ] GC(60) Pause Young (Allocation Failure) 5838M->3642M(5994M) 106.971ms
[278.395s][info][gc,cpu         ] GC(60) User=0.60s Sys=0.03s Real=0.10s
.[279.806s][info][gc,start       ] GC(61) Pause Young (Allocation Failure)
[279.912s][info][gc,heap        ] GC(61) PSYoungGen: 2499989K(2563584K)->149114K(2564608K) Eden: 2343936K(2343936K)->0K(2362880K) From: 156053K(219648K)->149114K(201728K)
[279.912s][info][gc,heap        ] GC(61) ParOldGen: 3574172K(3574272K)->3663204K(3663360K)
[279.912s][info][gc,metaspace   ] GC(61) Metaspace: 28761K(29120K)->28761K(29120K) NonClass: 23877K(24000K)->23877K(24000K) Class: 4884K(5120K)->4884K(5120K)
[279.912s][info][gc             ] GC(61) Pause Young (Allocation Failure) 5931M->3722M(6082M) 105.789ms
[279.912s][info][gc,cpu         ] GC(61) User=0.59s Sys=0.03s Real=0.11s
..[281.288s][info][gc,start       ] GC(62) Pause Young (Allocation Failure)
[281.391s][info][gc,heap        ] GC(62) PSYoungGen: 2511994K(2564608K)->147168K(2571776K) Eden: 2362880K(2362880K)->0K(2362880K) From: 149114K(201728K)->147168K(208896K)
[281.391s][info][gc,heap        ] GC(62) ParOldGen: 3663204K(3663360K)->3754444K(3754496K)
[281.391s][info][gc,metaspace   ] GC(62) Metaspace: 28762K(29120K)->28762K(29120K) NonClass: 23878K(24000K)->23878K(24000K) Class: 4884K(5120K)->4884K(5120K)
[281.391s][info][gc             ] GC(62) Pause Young (Allocation Failure) 6030M->3810M(6178M) 103.482ms
[281.391s][info][gc,cpu         ] GC(62) User=0.57s Sys=0.03s Real=0.10s
.[283.049s][info][gc,start       ] GC(63) Pause Young (Allocation Failure)
[283.160s][info][gc,heap        ] GC(63) PSYoungGen: 2510048K(2571776K)->150816K(2575360K) Eden: 2362880K(2362880K)->0K(2381824K) From: 147168K(208896K)->150816K(193536K)
[283.160s][info][gc,heap        ] GC(63) ParOldGen: 3754444K(3754496K)->3852628K(3852800K)
[283.160s][info][gc,metaspace   ] GC(63) Metaspace: 28762K(29120K)->28762K(29120K) NonClass: 23878K(24000K)->23878K(24000K) Class: 4884K(5120K)->4884K(5120K)
[283.160s][info][gc             ] GC(63) Pause Young (Allocation Failure) 6117M->3909M(6277M) 110.727ms
[283.160s][info][gc,cpu         ] GC(63) User=0.62s Sys=0.02s Real=0.11s
. (rIR:aIR:PR = 13837:13391:12476) (tPR = 186000) [PR is under limit] 
   283s: Re-initializing (term[284.703s][info][gc,start       ] GC(64) Pause Young (Allocation Failure)
[284.812s][info][gc,heap        ] GC(64) PSYoungGen: 2532640K(2575360K)->163508K(2583040K) Eden: 2381824K(2381824K)->0K(2381824K) From: 150816K(193536K)->163508K(201216K)
[284.812s][info][gc,heap        ] GC(64) ParOldGen: 3852628K(3852800K)->3944212K(3944448K)
[284.812s][info][gc,metaspace   ] GC(64) Metaspace: 28768K(29120K)->28768K(29120K) NonClass: 23883K(24000K)->23883K(24000K) Class: 4884K(5120K)->4884K(5120K)
[284.812s][info][gc             ] GC(64) Pause Young (Allocation Failure) 6235M->4011M(6374M) 109.499ms
[284.813s][info][gc,cpu         ] GC(64) User=0.62s Sys=0.02s Real=0.11s
[286.101s][info][gc,start       ] GC(65) Pause Young (Allocation Failure)
[286.218s][info][gc,heap        ] GC(65) PSYoungGen: 2545332K(2583040K)->170496K(2594304K) Eden: 2381824K(2381824K)->0K(2394624K) From: 163508K(201216K)->170496K(199680K)
[286.218s][info][gc,heap        ] GC(65) ParOldGen: 3944212K(3944448K)->4039572K(4039680K)
[286.218s][info][gc,metaspace   ] GC(65) Metaspace: 28769K(29120K)->28769K(29120K) NonClass: 23884K(24000K)->23884K(24000K) Class: 4884K(5120K)->4884K(5120K)
[286.218s][info][gc             ] GC(65) Pause Young (Allocation Failure) 6337M->4111M(6478M) 116.882ms
[286.218s][info][gc,cpu         ] GC(65) User=0.64s Sys=0.03s Real=0.12s
[287.751s][info][gc,start       ] GC(66) Pause Young (Allocation Failure)
[287.872s][info][gc,heap        ] GC(66) PSYoungGen: 2565120K(2594304K)->166272K(2595328K) Eden: 2394624K(2394624K)->0K(2394624K) From: 170496K(199680K)->166272K(200704K)
[287.872s][info][gc,heap        ] GC(66) ParOldGen: 4039572K(4039680K)->4162508K(4162560K)
[287.872s][info][gc,metaspace   ] GC(66) Metaspace: 28769K(29120K)->28769K(29120K) NonClass: 23884K(24000K)->23884K(24000K) Class: 4884K(5120K)->4884K(5120K)
[287.872s][info][gc             ] GC(66) Pause Young (Allocation Failure) 6449M->4227M(6599M) 120.988ms
[287.872s][info][gc,cpu         ] GC(66) User=0.68s Sys=0.04s Real=0.12s
) [288.211s][info][gc,start       ] GC(67) Pause Full (System.gc())
[288.211s][info][gc,phases,start] GC(67) Marking Phase
[288.234s][info][gc,phases      ] GC(67) Marking Phase 22.631ms
[288.234s][info][gc,phases,start] GC(67) Summary Phase
[288.234s][info][gc,phases      ] GC(67) Summary Phase 0.084ms
[288.234s][info][gc,phases,start] GC(67) Forward
[288.237s][info][gc,phases      ] GC(67) Forward 2.385ms
[288.237s][info][gc,phases,start] GC(67) Adjust Pointers
[288.250s][info][gc,phases      ] GC(67) Adjust Pointers 13.181ms
[288.250s][info][gc,phases,start] GC(67) Compaction Phase
[288.268s][info][gc,phases      ] GC(67) Compaction Phase 18.055ms
[288.268s][info][gc,phases,start] GC(67) Post Compact
[288.285s][info][gc,phases      ] GC(67) Post Compact 17.308ms
[288.285s][info][gc,heap        ] GC(67) PSYoungGen: 706565K(2595328K)->0K(2595328K) Eden: 540293K(2394624K)->0K(2394624K) From: 166272K(200704K)->0K(200704K)
[288.285s][info][gc,heap        ] GC(67) ParOldGen: 4162508K(4162560K)->190184K(4162560K)
[288.285s][info][gc,metaspace   ] GC(67) Metaspace: 28772K(29120K)->28772K(29120K) NonClass: 23888K(24000K)->23888K(24000K) Class: 4884K(5120K)->4884K(5120K)
[288.285s][info][gc             ] GC(67) Pause Full (System.gc()) 4754M->185M(6599M) 73.941ms
[288.285s][info][gc,cpu         ] GC(67) User=0.28s Sys=0.02s Real=0.07s
(init) ... OK
   292s: Searching from base IR = 11548
   292s:       rampup IR =      0 ... (rIR:aIR:PR = 0:0:0) (tPR = 0) [OK] 
   295s:       rampup IR =   1155 .[296.890s][info][gc,start       ] GC(68) Pause Young (Allocation Failure)
[297.196s][info][gc,heap        ] GC(68) PSYoungGen: 2394624K(2595328K)->199677K(2145792K) Eden: 2394624K(2394624K)->0K(1946112K) From: 0K(200704K)->199677K(199680K)
[297.196s][info][gc,heap        ] GC(68) ParOldGen: 190184K(4162560K)->768242K(4162560K)
[297.196s][info][gc,metaspace   ] GC(68) Metaspace: 28791K(29120K)->28791K(29120K) NonClass: 23906K(24000K)->23906K(24000K) Class: 4885K(5120K)->4885K(5120K)
[297.196s][info][gc             ] GC(68) Pause Young (Allocation Failure) 2524M->945M(6160M) 305.569ms
[297.196s][info][gc,cpu         ] GC(68) User=1.80s Sys=0.02s Real=0.30s
.... (rIR:aIR:PR = 1155:1153:1127) (tPR = 22485) [OK] 
   300s:       rampup IR =   2310 ...[304.046s][info][gc,start       ] GC(69) Pause Young (Allocation Failure)
[304.172s][info][gc,heap        ] GC(69) PSYoungGen: 2145789K(2145792K)->108542K(2371072K) Eden: 1946112K(1946112K)->0K(1946112K) From: 199677K(199680K)->108542K(424960K)
[304.172s][info][gc,heap        ] GC(69) ParOldGen: 768242K(4162560K)->946375K(4162560K)
[304.172s][info][gc,metaspace   ] GC(69) Metaspace: 28793K(29120K)->28793K(29120K) NonClass: 23908K(24000K)->23908K(24000K) Class: 4885K(5120K)->4885K(5120K)
[304.172s][info][gc             ] GC(69) Pause Young (Allocation Failure) 2845M->1030M(6380M) 126.224ms
[304.172s][info][gc,cpu         ] GC(69) User=0.75s Sys=0.00s Real=0.13s
. (rIR:aIR:PR = 2310:2312:2265) (tPR = 39405) [OK] 
   304s:       rampup IR =   3464 ..[307.447s][info][gc,start       ] GC(70) Pause Young (Allocation Failure)
[307.527s][info][gc,heap        ] GC(70) PSYoungGen: 2054654K(2371072K)->97864K(2364416K) Eden: 1946112K(1946112K)->0K(1947648K) From: 108542K(424960K)->97864K(416768K)
[307.527s][info][gc,heap        ] GC(70) ParOldGen: 946375K(4162560K)->1034896K(4162560K)
[307.527s][info][gc,metaspace   ] GC(70) Metaspace: 28795K(29120K)->28795K(29120K) NonClass: 23910K(24000K)->23910K(24000K) Class: 4885K(5120K)->4885K(5120K)
[307.527s][info][gc             ] GC(70) Pause Young (Allocation Failure) 2930M->1106M(6374M) 79.852ms
[307.527s][info][gc,cpu         ] GC(70) User=0.47s Sys=0.00s Real=0.07s
.... (rIR:aIR:PR = 3464:3474:3416) (tPR = 58170) [OK] 
   310s:       rampup IR =   4619 [310.677s][info][gc,start       ] GC(71) Pause Young (Allocation Failure)
[310.752s][info][gc,heap        ] GC(71) PSYoungGen: 2045512K(2364416K)->103164K(2368512K) Eden: 1947648K(1947648K)->0K(1947648K) From: 97864K(416768K)->103164K(420864K)
[310.752s][info][gc,heap        ] GC(71) ParOldGen: 1034896K(4162560K)->1112465K(4162560K)
[310.752s][info][gc,metaspace   ] GC(71) Metaspace: 28799K(29120K)->28799K(29120K) NonClass: 23914K(24000K)->23914K(24000K) Class: 4885K(5120K)->4885K(5120K)
[310.752s][info][gc             ] GC(71) Pause Young (Allocation Failure) 3008M->1187M(6378M) 75.656ms
[310.752s][info][gc,cpu         ] GC(71) User=0.45s Sys=0.00s Real=0.08s
..[313.159s][info][gc,start       ] GC(72) Pause Young (Allocation Failure)
[313.235s][info][gc,heap        ] GC(72) PSYoungGen: 2050812K(2368512K)->104858K(2359808K) Eden: 1947648K(1947648K)->0K(1960448K) From: 103164K(420864K)->104858K(399360K)
[313.235s][info][gc,heap        ] GC(72) ParOldGen: 1112465K(4162560K)->1194121K(4162560K)
[313.235s][info][gc,metaspace   ] GC(72) Metaspace: 28799K(29120K)->28799K(29120K) NonClass: 23914K(24000K)->23914K(24000K) Class: 4885K(5120K)->4885K(5120K)
[313.235s][info][gc             ] GC(72) Pause Young (Allocation Failure) 3089M->1268M(6369M) 75.953ms
[313.235s][info][gc,cpu         ] GC(72) User=0.45s Sys=0.00s Real=0.07s
.. (rIR:aIR:PR = 4619:4622:4621) (tPR = 76121) [OK] 
   314s:       rampup IR =   5774 [315.449s][info][gc,start       ] GC(73) Pause Young (Allocation Failure)
[315.528s][info][gc,heap        ] GC(73) PSYoungGen: 2065306K(2359808K)->106976K(2366464K) Eden: 1960448K(1960448K)->0K(1960448K) From: 104858K(399360K)->106976K(406016K)
[315.528s][info][gc,heap        ] GC(73) ParOldGen: 1194121K(4162560K)->1276996K(4162560K)
[315.528s][info][gc,metaspace   ] GC(73) Metaspace: 28801K(29120K)->28801K(29120K) NonClass: 23916K(24000K)->23916K(24000K) Class: 4885K(5120K)->4885K(5120K)
[315.528s][info][gc             ] GC(73) Pause Young (Allocation Failure) 3183M->1351M(6376M) 79.955ms
[315.529s][info][gc,cpu         ] GC(73) User=0.48s Sys=0.00s Real=0.08s
...[317.753s][info][gc,start       ] GC(74) Pause Young (Allocation Failure)
[317.831s][info][gc,heap        ] GC(74) PSYoungGen: 2067424K(2366464K)->106624K(2370560K) Eden: 1960448K(1960448K)->0K(1993728K) From: 106976K(406016K)->106624K(376832K)
[317.831s][info][gc,heap        ] GC(74) ParOldGen: 1276996K(4162560K)->1357868K(4162560K)
[317.831s][info][gc,metaspace   ] GC(74) Metaspace: 28806K(29184K)->28806K(29184K) NonClass: 23920K(24064K)->23920K(24064K) Class: 4885K(5120K)->4885K(5120K)
[317.831s][info][gc             ] GC(74) Pause Young (Allocation Failure) 3266M->1430M(6380M) 78.375ms
[317.831s][info][gc,cpu         ] GC(74) User=0.47s Sys=0.00s Real=0.08s
. (rIR:aIR:PR = 5774:5836:5833) (tPR = 91568) [OK] 
   318s:       rampup IR =   6929 .[319.953s][info][gc,start       ] GC(75) Pause Young (Allocation Failure)
[320.035s][info][gc,heap        ] GC(75) PSYoungGen: 2100352K(2370560K)->117935K(2378752K) Eden: 1993728K(1993728K)->0K(1993728K) From: 106624K(376832K)->117935K(385024K)
[320.035s][info][gc,heap        ] GC(75) ParOldGen: 1357868K(4162560K)->1439676K(4162560K)
[320.035s][info][gc,metaspace   ] GC(75) Metaspace: 28806K(29184K)->28806K(29184K) NonClass: 23920K(24064K)->23920K(24064K) Class: 4885K(5120K)->4885K(5120K)
[320.035s][info][gc             ] GC(75) Pause Young (Allocation Failure) 3377M->1521M(6388M) 81.773ms
[320.035s][info][gc,cpu         ] GC(75) User=0.48s Sys=0.01s Real=0.08s
..[322.183s][info][gc,start       ] GC(76) Pause Young (Allocation Failure)
[322.267s][info][gc,heap        ] GC(76) PSYoungGen: 2111663K(2378752K)->121494K(2387968K) Eden: 1993728K(1993728K)->0K(2039808K) From: 117935K(385024K)->121494K(348160K)
[322.267s][info][gc,heap        ] GC(76) ParOldGen: 1439676K(4162560K)->1521364K(4162560K)
[322.267s][info][gc,metaspace   ] GC(76) Metaspace: 28806K(29184K)->28806K(29184K) NonClass: 23920K(24064K)->23920K(24064K) Class: 4885K(5120K)->4885K(5120K)
[322.267s][info][gc             ] GC(76) Pause Young (Allocation Failure) 3468M->1604M(6397M) 83.446ms
[322.267s][info][gc,cpu         ] GC(76) User=0.49s Sys=0.00s Real=0.08s
. (rIR:aIR:PR = 6929:6993:6990) (tPR = 106514) [OK] 
   322s:       rampup IR =   8084 .[324.230s][info][gc,start       ] GC(77) Pause Young (Allocation Failure)
[324.315s][info][gc,heap        ] GC(77) PSYoungGen: 2161302K(2387968K)->129216K(2396672K) Eden: 2039808K(2039808K)->0K(2039808K) From: 121494K(348160K)->129216K(356864K)
[324.316s][info][gc,heap        ] GC(77) ParOldGen: 1521364K(4162560K)->1606332K(4162560K)
[324.316s][info][gc,metaspace   ] GC(77) Metaspace: 28806K(29184K)->28806K(29184K) NonClass: 23920K(24064K)->23920K(24064K) Class: 4885K(5120K)->4885K(5120K)
[324.316s][info][gc             ] GC(77) Pause Young (Allocation Failure) 3596M->1694M(6405M) 85.973ms
[324.316s][info][gc,cpu         ] GC(77) User=0.51s Sys=0.00s Real=0.08s
..[326.163s][info][gc,start       ] GC(78) Pause Young (Allocation Failure)
[326.253s][info][gc,heap        ] GC(78) PSYoungGen: 2169024K(2396672K)->126960K(2416640K) Eden: 2039808K(2039808K)->0K(2097152K) From: 129216K(356864K)->126960K(319488K)
[326.253s][info][gc,heap        ] GC(78) ParOldGen: 1606332K(4162560K)->1694524K(4162560K)
[326.253s][info][gc,metaspace   ] GC(78) Metaspace: 28806K(29184K)->28806K(29184K) NonClass: 23920K(24064K)->23920K(24064K) Class: 4885K(5120K)->4885K(5120K)
[326.253s][info][gc             ] GC(78) Pause Young (Allocation Failure) 3686M->1778M(6425M) 90.155ms
[326.253s][info][gc,cpu         ] GC(78) User=0.53s Sys=0.00s Real=0.09s
.. (rIR:aIR:PR = 8084:8210:8210) (tPR = 123071) [OK] 
   327s:       rampup IR =   9238 [328.152s][info][gc,start       ] GC(79) Pause Young (Allocation Failure)
[328.242s][info][gc,heap        ] GC(79) PSYoungGen: 2224112K(2416640K)->135696K(2424832K) Eden: 2097152K(2097152K)->0K(2097152K) From: 126960K(319488K)->135696K(327680K)
[328.242s][info][gc,heap        ] GC(79) ParOldGen: 1694524K(4162560K)->1776844K(4162560K)
[328.242s][info][gc,metaspace   ] GC(79) Metaspace: 28807K(29184K)->28807K(29184K) NonClass: 23922K(24064K)->23922K(24064K) Class: 4885K(5120K)->4885K(5120K)
[328.242s][info][gc             ] GC(79) Pause Young (Allocation Failure) 3826M->1867M(6433M) 90.002ms
[328.242s][info][gc,cpu         ] GC(79) User=0.52s Sys=0.01s Real=0.09s
..[329.975s][info][gc,start       ] GC(80) Pause Young (Allocation Failure)
[330.059s][info][gc,heap        ] GC(80) PSYoungGen: 2232848K(2424832K)->124160K(2451456K) Eden: 2097152K(2097152K)->0K(2155520K) From: 135696K(327680K)->124160K(295936K)
[330.059s][info][gc,heap        ] GC(80) ParOldGen: 1776844K(4162560K)->1862908K(4162560K)
[330.059s][info][gc,metaspace   ] GC(80) Metaspace: 28808K(29184K)->28808K(29184K) NonClass: 23923K(24064K)->23923K(24064K) Class: 4885K(5120K)->4885K(5120K)
[330.059s][info][gc             ] GC(80) Pause Young (Allocation Failure) 3915M->1940M(6459M) 84.207ms
[330.059s][info][gc,cpu         ] GC(80) User=0.49s Sys=0.00s Real=0.09s
.. (rIR:aIR:PR = 9238:9405:9407) (tPR = 139094) [OK] 
   331s:       rampup IR =  10393 [331.728s][info][gc,start       ] GC(81) Pause Young (Allocation Failure)
[331.819s][info][gc,heap        ] GC(81) PSYoungGen: 2279680K(2451456K)->130485K(2456576K) Eden: 2155520K(2155520K)->0K(2155520K) From: 124160K(295936K)->130485K(301056K)
[331.819s][info][gc,heap        ] GC(81) ParOldGen: 1862908K(4162560K)->1948396K(4162560K)
[331.819s][info][gc,metaspace   ] GC(81) Metaspace: 28808K(29184K)->28808K(29184K) NonClass: 23923K(24064K)->23923K(24064K) Class: 4885K(5120K)->4885K(5120K)
[331.819s][info][gc             ] GC(81) Pause Young (Allocation Failure) 4045M->2030M(6464M) 90.498ms
[331.819s][info][gc,cpu         ] GC(81) User=0.53s Sys=0.00s Real=0.09s
.[333.458s][info][gc,start       ] GC(82) Pause Young (Allocation Failure)
[333.552s][info][gc,heap        ] GC(82) PSYoungGen: 2286005K(2456576K)->143748K(2474496K) Eden: 2155520K(2155520K)->0K(2206208K) From: 130485K(301056K)->143748K(268288K)
[333.552s][info][gc,heap        ] GC(82) ParOldGen: 1948396K(4162560K)->2033300K(4162560K)
[333.552s][info][gc,metaspace   ] GC(82) Metaspace: 28808K(29184K)->28808K(29184K) NonClass: 23923K(24064K)->23923K(24064K) Class: 4885K(5120K)->4885K(5120K)
[333.552s][info][gc             ] GC(82) Pause Young (Allocation Failure) 4135M->2126M(6481M) 93.801ms
[333.552s][info][gc,cpu         ] GC(82) User=0.54s Sys=0.00s Real=0.09s
..[335.117s][info][gc,start       ] GC(83) Pause Young (Allocation Failure)
[335.212s][info][gc,heap        ] GC(83) PSYoungGen: 2349956K(2474496K)->136628K(2481152K) Eden: 2206208K(2206208K)->0K(2206208K) From: 143748K(268288K)->136628K(274944K)
[335.212s][info][gc,heap        ] GC(83) ParOldGen: 2033300K(4162560K)->2122488K(4162560K)
[335.212s][info][gc,metaspace   ] GC(83) Metaspace: 28808K(29184K)->28808K(29184K) NonClass: 23923K(24064K)->23923K(24064K) Class: 4885K(5120K)->4885K(5120K)
[335.212s][info][gc             ] GC(83) Pause Young (Allocation Failure) 4280M->2206M(6488M) 94.363ms
[335.212s][info][gc,cpu         ] GC(83) User=0.55s Sys=0.01s Real=0.09s
. (rIR:aIR:PR = 10393:10646:10646) (tPR = 156624) [OK] 
   335s:       rampup IR =  11548 .[336.799s][info][gc,start       ] GC(84) Pause Young (Allocation Failure)
[336.894s][info][gc,heap        ] GC(84) PSYoungGen: 2342836K(2481152K)->144041K(2503680K) Eden: 2206208K(2206208K)->0K(2257920K) From: 136628K(274944K)->144041K(245760K)
[336.894s][info][gc,heap        ] GC(84) ParOldGen: 2122488K(4162560K)->2206884K(4162560K)
[336.894s][info][gc,metaspace   ] GC(84) Metaspace: 28808K(29184K)->28808K(29184K) NonClass: 23923K(24064K)->23923K(24064K) Class: 4885K(5120K)->4885K(5120K)
[336.894s][info][gc             ] GC(84) Pause Young (Allocation Failure) 4360M->2295M(6510M) 95.060ms
[336.894s][info][gc,cpu         ] GC(84) User=0.56s Sys=0.01s Real=0.09s
.[338.418s][info][gc,start       ] GC(85) Pause Young (Allocation Failure)
[338.513s][info][gc,heap        ] GC(85) PSYoungGen: 2401961K(2503680K)->142112K(2509824K) Eden: 2257920K(2257920K)->0K(2257920K) From: 144041K(245760K)->142112K(251904K)
[338.513s][info][gc,heap        ] GC(85) ParOldGen: 2206884K(4162560K)->2298292K(4162560K)
[338.513s][info][gc,metaspace   ] GC(85) Metaspace: 28808K(29184K)->28808K(29184K) NonClass: 23923K(24064K)->23923K(24064K) Class: 4885K(5120K)->4885K(5120K)
[338.513s][info][gc             ] GC(85) Pause Young (Allocation Failure) 4500M->2383M(6516M) 95.790ms
[338.513s][info][gc,cpu         ] GC(85) User=0.56s Sys=0.00s Real=0.09s
.[339.996s][info][gc,start       ] GC(86) Pause Young (Allocation Failure)
[340.087s][info][gc,heap        ] GC(86) PSYoungGen: 2400032K(2509824K)->136608K(2530816K) Eden: 2257920K(2257920K)->0K(2302464K) From: 142112K(251904K)->136608K(228352K)
[340.087s][info][gc,heap        ] GC(86) ParOldGen: 2298292K(4162560K)->2384052K(4162560K)
[340.087s][info][gc,metaspace   ] GC(86) Metaspace: 28809K(29184K)->28809K(29184K) NonClass: 23923K(24064K)->23923K(24064K) Class: 4885K(5120K)->4885K(5120K)
[340.087s][info][gc             ] GC(86) Pause Young (Allocation Failure) 4588M->2461M(6536M) 91.314ms
[340.087s][info][gc,cpu         ] GC(86) User=0.53s Sys=0.00s Real=0.09s
..[341.579s][info][gc,start       ] GC(87) Pause Young (Allocation Failure)
[341.706s][info][gc,heap        ] GC(87) PSYoungGen: 2439072K(2530816K)->128800K(2535424K) Eden: 2302464K(2302464K)->0K(2302464K) From: 136608K(228352K)->128800K(232960K)
[341.706s][info][gc,heap        ] GC(87) ParOldGen: 2384052K(4162560K)->2472956K(4162560K)
[341.706s][info][gc,metaspace   ] GC(87) Metaspace: 28812K(29184K)->28812K(29184K) NonClass: 23926K(24064K)->23926K(24064K) Class: 4885K(5120K)->4885K(5120K)
[341.706s][info][gc             ] GC(87) Pause Young (Allocation Failure) 4710M->2540M(6541M) 126.569ms
[341.706s][info][gc,cpu         ] GC(87) User=0.52s Sys=0.00s Real=0.12s
.[343.162s][info][gc,start       ] GC(88) Pause Young (Allocation Failure)
[343.256s][info][gc,heap        ] GC(88) PSYoungGen: 2431264K(2535424K)->140576K(2548224K) Eden: 2302464K(2302464K)->0K(2336256K) From: 128800K(232960K)->140576K(211968K)
[343.256s][info][gc,heap        ] GC(88) ParOldGen: 2472956K(4162560K)->2559892K(4162560K)
[343.256s][info][gc,metaspace   ] GC(88) Metaspace: 28814K(29184K)->28814K(29184K) NonClass: 23928K(24064K)->23928K(24064K) Class: 4885K(5120K)->4885K(5120K)
[343.256s][info][gc             ] GC(88) Pause Young (Allocation Failure) 4789M->2637M(6553M) 93.365ms
[343.256s][info][gc,cpu         ] GC(88) User=0.54s Sys=0.01s Real=0.09s
. (rIR:aIR:PR = 11548:11492:11412) (tPR = 165661) [OK] 
   343s:    snapshot, IR =  11548 .[344.928s][info][gc,start       ] GC(89) Pause Young (Allocation Failure)
[345.025s][info][gc,heap        ] GC(89) PSYoungGen: 2476832K(2548224K)->141056K(2554880K) Eden: 2336256K(2336256K)->0K(2336256K) From: 140576K(211968K)->141056K(218624K)
[345.025s][info][gc,heap        ] GC(89) ParOldGen: 2559892K(4162560K)->2650596K(4162560K)
[345.025s][info][gc,metaspace   ] GC(89) Metaspace: 28814K(29184K)->28814K(29184K) NonClass: 23928K(24064K)->23928K(24064K) Class: 4885K(5120K)->4885K(5120K)
[345.025s][info][gc             ] GC(89) Pause Young (Allocation Failure) 4918M->2726M(6560M) 96.748ms
[345.025s][info][gc,cpu         ] GC(89) User=0.56s Sys=0.00s Real=0.09s
..[346.633s][info][gc,start       ] GC(90) Pause Young (Allocation Failure)
[346.737s][info][gc,heap        ] GC(90) PSYoungGen: 2477312K(2554880K)->146185K(2568192K) Eden: 2336256K(2336256K)->0K(2366464K) From: 141056K(218624K)->146185K(201728K)
[346.737s][info][gc,heap        ] GC(90) ParOldGen: 2650596K(4162560K)->2744380K(4162560K)
[346.737s][info][gc,metaspace   ] GC(90) Metaspace: 28814K(29184K)->28814K(29184K) NonClass: 23928K(24064K)->23928K(24064K) Class: 4885K(5120K)->4885K(5120K)
[346.737s][info][gc             ] GC(90) Pause Young (Allocation Failure) 5007M->2822M(6573M) 104.489ms
[346.737s][info][gc,cpu         ] GC(90) User=0.61s Sys=0.00s Real=0.10s
.|[348.287s][info][gc,start       ] GC(91) Pause Young (Allocation Failure)
[348.387s][info][gc,heap        ] GC(91) PSYoungGen: 2512649K(2568192K)->152644K(2572288K) Eden: 2366464K(2366464K)->0K(2366464K) From: 146185K(201728K)->152644K(205824K)
[348.387s][info][gc,heap        ] GC(91) ParOldGen: 2744380K(4162560K)->2830124K(4162560K)
[348.387s][info][gc,metaspace   ] GC(91) Metaspace: 28815K(29184K)->28815K(29184K) NonClass: 23929K(24064K)->23929K(24064K) Class: 4885K(5120K)->4885K(5120K)
[348.387s][info][gc             ] GC(91) Pause Young (Allocation Failure) 5133M->2912M(6577M) 100.385ms
[348.387s][info][gc,cpu         ] GC(91) User=0.58s Sys=0.00s Real=0.10s
..[350.053s][info][gc,start       ] GC(92) Pause Young (Allocation Failure)
[350.152s][info][gc,heap        ] GC(92) PSYoungGen: 2519108K(2572288K)->141636K(2577408K) Eden: 2366464K(2366464K)->0K(2386944K) From: 152644K(205824K)->141636K(190464K)
[350.152s][info][gc,heap        ] GC(92) ParOldGen: 2830124K(4162560K)->2925605K(4162560K)
[350.152s][info][gc,metaspace   ] GC(92) Metaspace: 28815K(29184K)->28815K(29184K) NonClass: 23929K(24064K)->23929K(24064K) Class: 4885K(5120K)->4885K(5120K)
[350.152s][info][gc             ] GC(92) Pause Young (Allocation Failure) 5223M->2995M(6582M) 98.594ms
[350.152s][info][gc,cpu         ] GC(92) User=0.58s Sys=0.01s Real=0.10s
..[351.793s][info][gc,start       ] GC(93) Pause Young (Allocation Failure)
[351.890s][info][gc,heap        ] GC(93) PSYoungGen: 2528580K(2577408K)->144676K(2584576K) Eden: 2386944K(2386944K)->0K(2386944K) From: 141636K(190464K)->144676K(197632K)
[351.890s][info][gc,heap        ] GC(93) ParOldGen: 2925605K(4162560K)->3013453K(4162560K)
[351.890s][info][gc,metaspace   ] GC(93) Metaspace: 28817K(29184K)->28817K(29184K) NonClass: 23931K(24064K)->23931K(24064K) Class: 4885K(5120K)->4885K(5120K)
[351.890s][info][gc             ] GC(93) Pause Young (Allocation Failure) 5326M->3084M(6589M) 97.179ms
[351.890s][info][gc,cpu         ] GC(93) User=0.57s Sys=0.00s Real=0.10s
.[353.532s][info][gc,start       ] GC(94) Pause Young (Allocation Failure)
[353.638s][info][gc,heap        ] GC(94) PSYoungGen: 2531620K(2584576K)->158807K(2598400K) Eden: 2386944K(2386944K)->0K(2405888K) From: 144676K(197632K)->158807K(192512K)
[353.638s][info][gc,heap        ] GC(94) ParOldGen: 3013453K(4162560K)->3104109K(4162560K)
[353.638s][info][gc,metaspace   ] GC(94) Metaspace: 28817K(29184K)->28817K(29184K) NonClass: 23931K(24064K)->23931K(24064K) Class: 4885K(5120K)->4885K(5120K)
[353.638s][info][gc             ] GC(94) Pause Young (Allocation Failure) 5415M->3186M(6602M) 106.310ms
[353.638s][info][gc,cpu         ] GC(94) User=0.61s Sys=0.02s Real=0.11s
..[355.221s][info][gc,start       ] GC(95) Pause Young (Allocation Failure)
[355.319s][info][gc,heap        ] GC(95) PSYoungGen: 2564695K(2598400K)->142720K(2548736K) Eden: 2405888K(2405888K)->0K(2405888K) From: 158807K(192512K)->142720K(142848K)
[355.319s][info][gc,heap        ] GC(95) ParOldGen: 3104109K(4162560K)->3196013K(4162560K)
[355.319s][info][gc,metaspace   ] GC(95) Metaspace: 28817K(29184K)->28817K(29184K) NonClass: 23931K(24064K)->23931K(24064K) Class: 4885K(5120K)->4885K(5120K)
[355.319s][info][gc             ] GC(95) Pause Young (Allocation Failure) 5535M->3260M(6554M) 97.444ms
[355.319s][info][gc,cpu         ] GC(95) User=0.58s Sys=0.00s Real=0.10s
..[357.030s][info][gc,start       ] GC(96) Pause Young (Allocation Failure)
[357.132s][info][gc,heap        ] GC(96) PSYoungGen: 2548608K(2548736K)->151732K(2600448K) Eden: 2405888K(2405888K)->0K(2411520K) From: 142720K(142848K)->151732K(188928K)
[357.132s][info][gc,heap        ] GC(96) ParOldGen: 3196013K(4162560K)->3284989K(4162560K)
[357.132s][info][gc,metaspace   ] GC(96) Metaspace: 28817K(29184K)->28817K(29184K) NonClass: 23931K(24064K)->23931K(24064K) Class: 4885K(5120K)->4885K(5120K)
[357.132s][info][gc             ] GC(96) Pause Young (Allocation Failure) 5609M->3356M(6604M) 101.887ms
[357.132s][info][gc,cpu         ] GC(96) User=0.59s Sys=0.00s Real=0.10s
.[358.728s][info][gc,start       ] GC(97) Pause Young (Allocation Failure)
[358.831s][info][gc,heap        ] GC(97) PSYoungGen: 2563252K(2600448K)->146650K(2598912K) Eden: 2411520K(2411520K)->0K(2411520K) From: 151732K(188928K)->146650K(187392K)
[358.831s][info][gc,heap        ] GC(97) ParOldGen: 3284989K(4162560K)->3377949K(4162560K)
[358.831s][info][gc,metaspace   ] GC(97) Metaspace: 28817K(29184K)->28817K(29184K) NonClass: 23931K(24064K)->23931K(24064K) Class: 4885K(5120K)->4885K(5120K)
[358.831s][info][gc             ] GC(97) Pause Young (Allocation Failure) 5711M->3441M(6603M) 103.484ms
[358.831s][info][gc,cpu         ] GC(97) User=0.60s Sys=0.00s Real=0.10s
..[360.386s][info][gc,start       ] GC(98) Pause Young (Allocation Failure)
[360.488s][info][gc,heap        ] GC(98) PSYoungGen: 2558170K(2598912K)->156036K(2603520K) Eden: 2411520K(2411520K)->0K(2419712K) From: 146650K(187392K)->156036K(183808K)
[360.488s][info][gc,heap        ] GC(98) ParOldGen: 3377949K(4162560K)->3467893K(4162560K)
[360.488s][info][gc,metaspace   ] GC(98) Metaspace: 28817K(29184K)->28817K(29184K) NonClass: 23931K(24064K)->23931K(24064K) Class: 4885K(5120K)->4885K(5120K)
[360.488s][info][gc             ] GC(98) Pause Young (Allocation Failure) 5796M->3538M(6607M) 102.787ms
[360.489s][info][gc,cpu         ] GC(98) User=0.60s Sys=0.00s Real=0.11s
..[362.183s][info][gc,start       ] GC(99) Pause Young (Allocation Failure)
[362.285s][info][gc,heap        ] GC(99) PSYoungGen: 2575748K(2603520K)->154740K(2603520K) Eden: 2419712K(2419712K)->0K(2419712K) From: 156036K(183808K)->154740K(183808K)
[362.285s][info][gc,heap        ] GC(99) ParOldGen: 3467893K(4162560K)->3561077K(4162560K)
[362.285s][info][gc,metaspace   ] GC(99) Metaspace: 28817K(29184K)->28817K(29184K) NonClass: 23931K(24064K)->23931K(24064K) Class: 4885K(5120K)->4885K(5120K)
[362.285s][info][gc             ] GC(99) Pause Young (Allocation Failure) 5901M->3628M(6607M) 102.730ms
[362.285s][info][gc,cpu         ] GC(99) User=0.60s Sys=0.00s Real=0.10s
.[363.874s][info][gc,start       ] GC(100) Pause Young (Allocation Failure)
[363.974s][info][gc,heap        ] GC(100) PSYoungGen: 2574452K(2603520K)->148853K(2608128K) Eden: 2419712K(2419712K)->0K(2429440K) From: 154740K(183808K)->148853K(178688K)
[363.974s][info][gc,heap        ] GC(100) ParOldGen: 3561077K(4162560K)->3654253K(4162560K)
[363.974s][info][gc,metaspace   ] GC(100) Metaspace: 28817K(29184K)->28817K(29184K) NonClass: 23931K(24064K)->23931K(24064K) Class: 4885K(5120K)->4885K(5120K)
[363.974s][info][gc             ] GC(100) Pause Young (Allocation Failure) 5991M->3713M(6612M) 100.637ms
[363.974s][info][gc,cpu         ] GC(100) User=0.59s Sys=0.01s Real=0.10s
..[365.613s][info][gc,start       ] GC(101) Pause Young (Allocation Failure)
[365.711s][info][gc,heap        ] GC(101) PSYoungGen: 2578293K(2608128K)->143449K(2609664K) Eden: 2429440K(2429440K)->0K(2429440K) From: 148853K(178688K)->143449K(180224K)
[365.711s][info][gc,heap        ] GC(101) ParOldGen: 3654253K(4162560K)->3744277K(4162560K)
[365.711s][info][gc,metaspace   ] GC(101) Metaspace: 28823K(29248K)->28823K(29248K) NonClass: 23937K(24128K)->23937K(24128K) Class: 4885K(5120K)->4885K(5120K)
[365.711s][info][gc             ] GC(101) Pause Young (Allocation Failure) 6086M->3796M(6613M) 98.427ms
[365.711s][info][gc,cpu         ] GC(101) User=0.58s Sys=0.00s Real=0.10s
..[367.460s][info][gc,start       ] GC(102) Pause Young (Allocation Failure)
[367.563s][info][gc,heap        ] GC(102) PSYoungGen: 2572889K(2609664K)->152256K(2614784K) Eden: 2429440K(2429440K)->0K(2438144K) From: 143449K(180224K)->152256K(176640K)
[367.563s][info][gc,heap        ] GC(102) ParOldGen: 3744277K(4162560K)->3834501K(4162560K)
[367.563s][info][gc,metaspace   ] GC(102) Metaspace: 28823K(29248K)->28823K(29248K) NonClass: 23937K(24128K)->23937K(24128K) Class: 4885K(5120K)->4885K(5120K)
[367.563s][info][gc             ] GC(102) Pause Young (Allocation Failure) 6169M->3893M(6618M) 103.201ms
[367.563s][info][gc,cpu         ] GC(102) User=0.59s Sys=0.01s Real=0.10s
..[369.146s][info][gc,start       ] GC(103) Pause Young (Allocation Failure)
[369.244s][info][gc,heap        ] GC(103) PSYoungGen: 2590400K(2614784K)->142272K(2614784K) Eden: 2438144K(2438144K)->0K(2438144K) From: 152256K(176640K)->142272K(176640K)
[369.244s][info][gc,heap        ] GC(103) ParOldGen: 3834501K(4162560K)->3927901K(4162560K)
[369.244s][info][gc,metaspace   ] GC(103) Metaspace: 28824K(29248K)->28824K(29248K) NonClass: 23938K(24128K)->23938K(24128K) Class: 4885K(5120K)->4885K(5120K)
[369.244s][info][gc             ] GC(103) Pause Young (Allocation Failure) 6274M->3974M(6618M) 98.247ms
[369.244s][info][gc,cpu         ] GC(103) User=0.57s Sys=0.00s Real=0.10s
.[370.868s][info][gc,start       ] GC(104) Pause Young (Allocation Failure)
[370.970s][info][gc,heap        ] GC(104) PSYoungGen: 2580416K(2614784K)->146948K(2615296K) Eden: 2438144K(2438144K)->0K(2444800K) From: 142272K(176640K)->146948K(170496K)
[370.970s][info][gc,heap        ] GC(104) ParOldGen: 3927901K(4162560K)->4018789K(4162560K)
[370.970s][info][gc,metaspace   ] GC(104) Metaspace: 28824K(29248K)->28824K(29248K) NonClass: 23938K(24128K)->23938K(24128K) Class: 4885K(5120K)->4885K(5120K)
[370.970s][info][gc             ] GC(104) Pause Young (Allocation Failure) 6355M->4068M(6619M) 101.667ms
[370.970s][info][gc,cpu         ] GC(104) User=0.59s Sys=0.00s Real=0.10s
..[372.595s][info][gc,start       ] GC(105) Pause Young (Allocation Failure)
[372.698s][info][gc,heap        ] GC(105) PSYoungGen: 2591748K(2615296K)->146925K(2616320K) Eden: 2444800K(2444800K)->0K(2444800K) From: 146948K(170496K)->146925K(171520K)
[372.698s][info][gc,heap        ] GC(105) ParOldGen: 4018789K(4162560K)->4110909K(4162560K)
[372.698s][info][gc,metaspace   ] GC(105) Metaspace: 28824K(29248K)->28824K(29248K) NonClass: 23938K(24128K)->23938K(24128K) Class: 4885K(5120K)->4885K(5120K)
[372.698s][info][gc             ] GC(105) Pause Young (Allocation Failure) 6455M->4158M(6620M) 102.617ms
[372.698s][info][gc,cpu         ] GC(105) User=0.60s Sys=0.01s Real=0.11s
..[374.298s][info][gc,start       ] GC(106) Pause Young (Allocation Failure)
[374.401s][info][gc,heap        ] GC(106) PSYoungGen: 2591725K(2616320K)->148672K(2622464K) Eden: 2444800K(2444800K)->0K(2455040K) From: 146925K(171520K)->148672K(167424K)
[374.401s][info][gc,heap        ] GC(106) ParOldGen: 4110909K(4162560K)->4203317K(4203520K)
[374.401s][info][gc,metaspace   ] GC(106) Metaspace: 28824K(29248K)->28824K(29248K) NonClass: 23939K(24128K)->23939K(24128K) Class: 4885K(5120K)->4885K(5120K)
[374.401s][info][gc             ] GC(106) Pause Young (Allocation Failure) 6545M->4249M(6666M) 103.434ms
[374.401s][info][gc,cpu         ] GC(106) User=0.57s Sys=0.03s Real=0.10s
.[376.026s][info][gc,start       ] GC(107) Pause Young (Allocation Failure)
[376.133s][info][gc,heap        ] GC(107) PSYoungGen: 2603712K(2622464K)->151200K(2622976K) Eden: 2455040K(2455040K)->0K(2455040K) From: 148672K(167424K)->151200K(167936K)
[376.133s][info][gc,heap        ] GC(107) ParOldGen: 4203317K(4203520K)->4294765K(4295168K)
[376.133s][info][gc,metaspace   ] GC(107) Metaspace: 28826K(29248K)->28826K(29248K) NonClass: 23941K(24128K)->23941K(24128K) Class: 4885K(5120K)->4885K(5120K)
[376.133s][info][gc             ] GC(107) Pause Young (Allocation Failure) 6647M->4341M(6756M) 107.139ms
[376.133s][info][gc,cpu         ] GC(107) User=0.59s Sys=0.03s Real=0.11s
..[377.840s][info][gc,start       ] GC(108) Pause Young (Allocation Failure)
[377.946s][info][gc,heap        ] GC(108) PSYoungGen: 2606240K(2622976K)->147664K(2624000K) Eden: 2455040K(2455040K)->0K(2460672K) From: 151200K(167936K)->147664K(163328K)
[377.946s][info][gc,heap        ] GC(108) ParOldGen: 4294765K(4295168K)->4387653K(4387840K)
[377.946s][info][gc,metaspace   ] GC(108) Metaspace: 28827K(29248K)->28827K(29248K) NonClass: 23941K(24128K)->23941K(24128K) Class: 4885K(5120K)->4885K(5120K)
[377.946s][info][gc             ] GC(108) Pause Young (Allocation Failure) 6739M->4429M(6847M) 106.774ms
[377.946s][info][gc,cpu         ] GC(108) User=0.60s Sys=0.03s Real=0.10s
. (rIR:aIR:PR = 11548:11564:11566) (tPR = 173175) [OK] 
   378s: Performing snapshot: (quiescence.....) (stop TxI) (stop BE) (saving... 225392 Kb) (term) [388.973s][info][gc,start       ] GC(109) Pause Full (System.gc())
[388.973s][info][gc,phases,start] GC(109) Marking Phase
[388.995s][info][gc,phases      ] GC(109) Marking Phase 22.401ms
[388.995s][info][gc,phases,start] GC(109) Summary Phase
[388.996s][info][gc,phases      ] GC(109) Summary Phase 0.088ms
[388.996s][info][gc,phases,start] GC(109) Forward
[389.001s][info][gc,phases      ] GC(109) Forward 5.298ms
[389.001s][info][gc,phases,start] GC(109) Adjust Pointers
[389.017s][info][gc,phases      ] GC(109) Adjust Pointers 16.046ms
[389.017s][info][gc,phases,start] GC(109) Compaction Phase
[389.048s][info][gc,phases      ] GC(109) Compaction Phase 30.550ms
[389.048s][info][gc,phases,start] GC(109) Post Compact
[389.059s][info][gc,phases      ] GC(109) Post Compact 11.302ms
[389.059s][info][gc,heap        ] GC(109) PSYoungGen: 2355211K(2624000K)->0K(2624000K) Eden: 2207547K(2460672K)->0K(2460672K) From: 147664K(163328K)->0K(163328K)
[389.059s][info][gc,heap        ] GC(109) ParOldGen: 4387653K(4387840K)->312810K(4387840K)
[389.059s][info][gc,metaspace   ] GC(109) Metaspace: 28832K(29248K)->28832K(29248K) NonClass: 23946K(24128K)->23946K(24128K) Class: 4885K(5120K)->4885K(5120K)
[389.059s][info][gc             ] GC(109) Pause Full (System.gc()) 6584M->305M(6847M) 85.951ms
[389.059s][info][gc,cpu         ] GC(109) User=0.39s Sys=0.01s Real=0.09s
(init[390.238s][info][gc,start       ] GC(110) Pause Young (Allocation Failure)
[390.528s][info][gc,heap        ] GC(110) PSYoungGen: 2460672K(2624000K)->165344K(2626048K) Eden: 2460672K(2460672K)->0K(2460672K) From: 0K(163328K)->165344K(165376K)
[390.528s][info][gc,heap        ] GC(110) ParOldGen: 312810K(4387840K)->773828K(4387840K)
[390.528s][info][gc,metaspace   ] GC(110) Metaspace: 28850K(29248K)->28850K(29248K) NonClass: 23963K(24128K)->23963K(24128K) Class: 4887K(5120K)->4887K(5120K)
[390.528s][info][gc             ] GC(110) Pause Young (Allocation Failure) 2708M->917M(6849M) 290.439ms
[390.528s][info][gc,cpu         ] GC(110) User=1.73s Sys=0.00s Real=0.29s
) ...
   394s:       rampup IR =      0 ... (rIR:aIR:PR = 0:0:0) (tPR = 0) [OK] 
   397s:       rampup IR =   1155 .... (rIR:aIR:PR = 1155:1165:1165) (tPR = 16953) [OK] 
   401s:       rampup IR =   2310 [402.243s][info][gc,start       ] GC(111) Pause Young (Allocation Failure)
[402.529s][info][gc,heap        ] GC(111) PSYoungGen: 2626016K(2626048K)->169977K(1928704K) Eden: 2460672K(2460672K)->0K(1758720K) From: 165344K(165376K)->169977K(169984K)
[402.529s][info][gc,heap        ] GC(111) ParOldGen: 773828K(4387840K)->1319262K(4387840K)
[402.529s][info][gc,metaspace   ] GC(111) Metaspace: 28885K(29248K)->28885K(29248K) NonClass: 23997K(24128K)->23997K(24128K) Class: 4888K(5120K)->4888K(5120K)
[402.529s][info][gc             ] GC(111) Pause Young (Allocation Failure) 3320M->1454M(6168M) 285.735ms
[402.529s][info][gc,cpu         ] GC(111) User=1.67s Sys=0.03s Real=0.29s
.... (rIR:aIR:PR = 2310:2303:2303) (tPR = 33561) [OK] 
   405s:       rampup IR =   3464 .[407.494s][info][gc,start       ] GC(112) Pause Young (Allocation Failure)
[407.602s][info][gc,heap        ] GC(112) PSYoungGen: 1928697K(1928704K)->113316K(2277376K) Eden: 1758720K(1758720K)->0K(1758720K) From: 169977K(169984K)->113316K(518656K)
[407.602s][info][gc,heap        ] GC(112) ParOldGen: 1319262K(4387840K)->1444824K(4387840K)
[407.602s][info][gc,metaspace   ] GC(112) Metaspace: 28886K(29248K)->28886K(29248K) NonClass: 23998K(24128K)->23998K(24128K) Class: 4888K(5120K)->4888K(5120K)
[407.602s][info][gc             ] GC(112) Pause Young (Allocation Failure) 3171M->1521M(6509M) 108.441ms
[407.602s][info][gc,cpu         ] GC(112) User=0.64s Sys=0.00s Real=0.11s
... (rIR:aIR:PR = 3464:3470:3470) (tPR = 51688) [OK] 
   409s:       rampup IR =   4619 .[411.338s][info][gc,start       ] GC(113) Pause Young (Allocation Failure)
[411.420s][info][gc,heap        ] GC(113) PSYoungGen: 1872036K(2277376K)->112240K(2258432K) Eden: 1758720K(1758720K)->0K(1763328K) From: 113316K(518656K)->112240K(495104K)
[411.420s][info][gc,heap        ] GC(113) ParOldGen: 1444824K(4387840K)->1523945K(4387840K)
[411.420s][info][gc,metaspace   ] GC(113) Metaspace: 28888K(29248K)->28888K(29248K) NonClass: 24000K(24128K)->24000K(24128K) Class: 4888K(5120K)->4888K(5120K)
[411.420s][info][gc             ] GC(113) Pause Young (Allocation Failure) 3239M->1597M(6490M) 82.104ms
[411.420s][info][gc,cpu         ] GC(113) User=0.48s Sys=0.00s Real=0.08s
... (rIR:aIR:PR = 4619:4606:4607) (tPR = 69230) [OK] 
   413s:       rampup IR =   5774 [414.336s][info][gc,start       ] GC(114) Pause Young (Allocation Failure)
[414.414s][info][gc,heap        ] GC(114) PSYoungGen: 1875568K(2258432K)->110656K(2270208K) Eden: 1763328K(1763328K)->0K(1763328K) From: 112240K(495104K)->110656K(506880K)
[414.414s][info][gc,heap        ] GC(114) ParOldGen: 1523945K(4387840K)->1605969K(4387840K)
[414.414s][info][gc,metaspace   ] GC(114) Metaspace: 28888K(29248K)->28888K(29248K) NonClass: 24000K(24128K)->24000K(24128K) Class: 4888K(5120K)->4888K(5120K)
[414.414s][info][gc             ] GC(114) Pause Young (Allocation Failure) 3319M->1676M(6502M) 78.602ms
[414.414s][info][gc,cpu         ] GC(114) User=0.46s Sys=0.00s Real=0.08s
...[416.873s][info][gc,start       ] GC(115) Pause Young (Allocation Failure)
[416.952s][info][gc,heap        ] GC(115) PSYoungGen: 1873984K(2270208K)->107824K(2264064K) Eden: 1763328K(1763328K)->0K(1791488K) From: 110656K(506880K)->107824K(472576K)
[416.952s][info][gc,heap        ] GC(115) ParOldGen: 1605969K(4387840K)->1685985K(4387840K)
[416.952s][info][gc,metaspace   ] GC(115) Metaspace: 28892K(29248K)->28892K(29248K) NonClass: 24004K(24128K)->24004K(24128K) Class: 4888K(5120K)->4888K(5120K)
[416.952s][info][gc             ] GC(115) Pause Young (Allocation Failure) 3398M->1751M(6496M) 78.375ms
[416.952s][info][gc,cpu         ] GC(115) User=0.46s Sys=0.00s Real=0.08s
. (rIR:aIR:PR = 5774:5805:5804) (tPR = 90062) [OK] 
   417s:       rampup IR =   6929 .[419.088s][info][gc,start       ] GC(116) Pause Young (Allocation Failure)
[419.174s][info][gc,heap        ] GC(116) PSYoungGen: 1899312K(2264064K)->122316K(2277888K) Eden: 1791488K(1791488K)->0K(1791488K) From: 107824K(472576K)->122316K(486400K)
[419.174s][info][gc,heap        ] GC(116) ParOldGen: 1685985K(4387840K)->1766418K(4387840K)
[419.174s][info][gc,metaspace   ] GC(116) Metaspace: 28893K(29248K)->28893K(29248K) NonClass: 24005K(24128K)->24005K(24128K) Class: 4888K(5120K)->4888K(5120K)
[419.174s][info][gc             ] GC(116) Pause Young (Allocation Failure) 3501M->1844M(6509M) 86.328ms
[419.174s][info][gc,cpu         ] GC(116) User=0.51s Sys=0.00s Real=0.08s
..[421.305s][info][gc,start       ] GC(117) Pause Young (Allocation Failure)
[421.384s][info][gc,heap        ] GC(117) PSYoungGen: 1913804K(2277888K)->114976K(2281472K) Eden: 1791488K(1791488K)->0K(1838592K) From: 122316K(486400K)->114976K(442880K)
[421.384s][info][gc,heap        ] GC(117) ParOldGen: 1766418K(4387840K)->1843026K(4387840K)
[421.384s][info][gc,metaspace   ] GC(117) Metaspace: 28893K(29248K)->28893K(29248K) NonClass: 24005K(24128K)->24005K(24128K) Class: 4888K(5120K)->4888K(5120K)
[421.384s][info][gc             ] GC(117) Pause Young (Allocation Failure) 3593M->1912M(6513M) 78.929ms
[421.384s][info][gc,cpu         ] GC(117) User=0.47s Sys=0.00s Real=0.08s
. (rIR:aIR:PR = 6929:6831:6831) (tPR = 104352) [OK] 
   421s:       rampup IR =   8084 .[423.288s][info][gc,start       ] GC(118) Pause Young (Allocation Failure)
[423.371s][info][gc,heap        ] GC(118) PSYoungGen: 1953568K(2281472K)->120048K(2294784K) Eden: 1838592K(1838592K)->0K(1838592K) From: 114976K(442880K)->120048K(456192K)
[423.371s][info][gc,heap        ] GC(118) ParOldGen: 1843026K(4387840K)->1921782K(4387840K)
[423.371s][info][gc,metaspace   ] GC(118) Metaspace: 28893K(29248K)->28893K(29248K) NonClass: 24005K(24128K)->24005K(24128K) Class: 4888K(5120K)->4888K(5120K)
[423.371s][info][gc             ] GC(118) Pause Young (Allocation Failure) 3707M->1993M(6526M) 82.401ms
[423.371s][info][gc,cpu         ] GC(118) User=0.49s Sys=0.00s Real=0.08s
..[425.210s][info][gc,start       ] GC(119) Pause Young (Allocation Failure)
[425.291s][info][gc,heap        ] GC(119) PSYoungGen: 1958640K(2294784K)->114112K(2311680K) Eden: 1838592K(1838592K)->0K(1899520K) From: 120048K(456192K)->114112K(412160K)
[425.291s][info][gc,heap        ] GC(119) ParOldGen: 1921782K(4387840K)->2004558K(4387840K)
[425.291s][info][gc,metaspace   ] GC(119) Metaspace: 28893K(29248K)->28893K(29248K) NonClass: 24005K(24128K)->24005K(24128K) Class: 4888K(5120K)->4888K(5120K)
[425.291s][info][gc             ] GC(119) Pause Young (Allocation Failure) 3789M->2069M(6542M) 81.165ms
[425.291s][info][gc,cpu         ] GC(119) User=0.48s Sys=0.00s Real=0.08s
.. (rIR:aIR:PR = 8084:8123:8122) (tPR = 121357) [OK] 
   426s:       rampup IR =   9238 [427.123s][info][gc,start       ] GC(120) Pause Young (Allocation Failure)
[427.207s][info][gc,heap        ] GC(120) PSYoungGen: 2013632K(2311680K)->120800K(2324480K) Eden: 1899520K(1899520K)->0K(1899520K) From: 114112K(412160K)->120800K(424960K)
[427.207s][info][gc,heap        ] GC(120) ParOldGen: 2004558K(4387840K)->2085022K(4387840K)
[427.207s][info][gc,metaspace   ] GC(120) Metaspace: 28894K(29248K)->28894K(29248K) NonClass: 24006K(24128K)->24006K(24128K) Class: 4888K(5120K)->4888K(5120K)
[427.207s][info][gc             ] GC(120) Pause Young (Allocation Failure) 3924M->2154M(6555M) 83.301ms
[427.207s][info][gc,cpu         ] GC(120) User=0.49s Sys=0.00s Real=0.08s
..[428.805s][info][gc,start       ] GC(121) Pause Young (Allocation Failure)
[428.887s][info][gc,heap        ] GC(121) PSYoungGen: 2020320K(2324480K)->119440K(2341888K) Eden: 1899520K(1899520K)->0K(1962496K) From: 120800K(424960K)->119440K(379392K)
[428.887s][info][gc,heap        ] GC(121) ParOldGen: 2085022K(4387840K)->2166902K(4387840K)
[428.887s][info][gc,metaspace   ] GC(121) Metaspace: 28894K(29248K)->28894K(29248K) NonClass: 24006K(24128K)->24006K(24128K) Class: 4888K(5120K)->4888K(5120K)
[428.887s][info][gc             ] GC(121) Pause Young (Allocation Failure) 4009M->2232M(6572M) 82.968ms
[428.888s][info][gc,cpu         ] GC(121) User=0.49s Sys=0.00s Real=0.09s
.[430.496s][info][gc,start       ] GC(122) Pause Young (Allocation Failure)
[430.584s][info][gc,heap        ] GC(122) PSYoungGen: 2081936K(2341888K)->127765K(2354688K) Eden: 1962496K(1962496K)->0K(1962496K) From: 119440K(379392K)->127765K(392192K)
[430.584s][info][gc,heap        ] GC(122) ParOldGen: 2166902K(4387840K)->2249098K(4387840K)
[430.584s][info][gc,metaspace   ] GC(122) Metaspace: 28894K(29248K)->28894K(29248K) NonClass: 24006K(24128K)->24006K(24128K) Class: 4888K(5120K)->4888K(5120K)
[430.584s][info][gc             ] GC(122) Pause Young (Allocation Failure) 4149M->2321M(6584M) 88.213ms
[430.584s][info][gc,cpu         ] GC(122) User=0.52s Sys=0.00s Real=0.09s
. (rIR:aIR:PR = 9238:9354:9354) (tPR = 136178) [OK] 
   430s:       rampup IR =  10393 .[432.175s][info][gc,start       ] GC(123) Pause Young (Allocation Failure)
[432.263s][info][gc,heap        ] GC(123) PSYoungGen: 2090261K(2354688K)->127348K(2375168K) Eden: 1962496K(1962496K)->0K(2028544K) From: 127765K(392192K)->127348K(346624K)
[432.263s][info][gc,heap        ] GC(123) ParOldGen: 2249098K(4387840K)->2332666K(4387840K)
[432.263s][info][gc,metaspace   ] GC(123) Metaspace: 28896K(29248K)->28896K(29248K) NonClass: 24007K(24128K)->24007K(24128K) Class: 4888K(5120K)->4888K(5120K)
[432.263s][info][gc             ] GC(123) Pause Young (Allocation Failure) 4237M->2402M(6604M) 88.673ms
[432.263s][info][gc,cpu         ] GC(123) User=0.53s Sys=0.00s Real=0.09s
..[433.822s][info][gc,start       ] GC(124) Pause Young (Allocation Failure)
[433.914s][info][gc,heap        ] GC(124) PSYoungGen: 2155892K(2375168K)->134606K(2387456K) Eden: 2028544K(2028544K)->0K(2028544K) From: 127348K(346624K)->134606K(358912K)
[433.914s][info][gc,heap        ] GC(124) ParOldGen: 2332666K(4387840K)->2413794K(4387840K)
[433.914s][info][gc,metaspace   ] GC(124) Metaspace: 28896K(29248K)->28896K(29248K) NonClass: 24007K(24128K)->24007K(24128K) Class: 4888K(5120K)->4888K(5120K)
[433.914s][info][gc             ] GC(124) Pause Young (Allocation Failure) 4383M->2488M(6616M) 92.050ms
[433.914s][info][gc,cpu         ] GC(124) User=0.54s Sys=0.00s Real=0.09s
. (rIR:aIR:PR = 10393:10575:10577) (tPR = 157793) [OK] 
   434s:       rampup IR =  11548 [435.275s][info][gc,start       ] GC(125) Pause Young (Allocation Failure)
[435.366s][info][gc,heap        ] GC(125) PSYoungGen: 2163150K(2387456K)->133352K(2411008K) Eden: 2028544K(2028544K)->0K(2095104K) From: 134606K(358912K)->133352K(315904K)
[435.366s][info][gc,heap        ] GC(125) ParOldGen: 2413794K(4387840K)->2498962K(4387840K)
[435.366s][info][gc,metaspace   ] GC(125) Metaspace: 28903K(29248K)->28903K(29248K) NonClass: 24015K(24128K)->24015K(24128K) Class: 4888K(5120K)->4888K(5120K)
[435.366s][info][gc             ] GC(125) Pause Young (Allocation Failure) 4469M->2570M(6639M) 91.132ms
[435.366s][info][gc,cpu         ] GC(125) User=0.54s Sys=0.00s Real=0.09s
..[436.809s][info][gc,start       ] GC(126) Pause Young (Allocation Failure)
[436.896s][info][gc,heap        ] GC(126) PSYoungGen: 2228456K(2411008K)->122592K(2421760K) Eden: 2095104K(2095104K)->0K(2095104K) From: 133352K(315904K)->122592K(326656K)
[436.896s][info][gc,heap        ] GC(126) ParOldGen: 2498962K(4387840K)->2584250K(4387840K)
[436.896s][info][gc,metaspace   ] GC(126) Metaspace: 28903K(29248K)->28903K(29248K) NonClass: 24015K(24128K)->24015K(24128K) Class: 4888K(5120K)->4888K(5120K)
[436.896s][info][gc             ] GC(126) Pause Young (Allocation Failure) 4616M->2643M(6650M) 87.018ms
[436.896s][info][gc,cpu         ] GC(126) User=0.51s Sys=0.00s Real=0.08s
.[438.424s][info][gc,start       ] GC(127) Pause Young (Allocation Failure)
[438.516s][info][gc,heap        ] GC(127) PSYoungGen: 2217696K(2421760K)->134720K(2442240K) Eden: 2095104K(2095104K)->0K(2155008K) From: 122592K(326656K)->134720K(287232K)
[438.516s][info][gc,heap        ] GC(127) ParOldGen: 2584250K(4387840K)->2669818K(4387840K)
[438.516s][info][gc,metaspace   ] GC(127) Metaspace: 28903K(29248K)->28903K(29248K) NonClass: 24015K(24128K)->24015K(24128K) Class: 4888K(5120K)->4888K(5120K)
[438.516s][info][gc             ] GC(127) Pause Young (Allocation Failure) 4689M->2738M(6670M) 92.503ms
[438.516s][info][gc,cpu         ] GC(127) User=0.55s Sys=0.00s Real=0.09s
..[439.992s][info][gc,start       ] GC(128) Pause Young (Allocation Failure)
[440.085s][info][gc,heap        ] GC(128) PSYoungGen: 2289728K(2442240K)->131712K(2455040K) Eden: 2155008K(2155008K)->0K(2155008K) From: 134720K(287232K)->131712K(300032K)
[440.085s][info][gc,heap        ] GC(128) ParOldGen: 2669818K(4387840K)->2755178K(4387840K)
[440.085s][info][gc,metaspace   ] GC(128) Metaspace: 28906K(29248K)->28906K(29248K) NonClass: 24017K(24128K)->24017K(24128K) Class: 4888K(5120K)->4888K(5120K)
[440.085s][info][gc             ] GC(128) Pause Young (Allocation Failure) 4843M->2819M(6682M) 92.947ms
[440.085s][info][gc,cpu         ] GC(128) User=0.55s Sys=0.00s Real=0.09s
.[441.540s][info][gc,start       ] GC(129) Pause Young (Allocation Failure)
[441.634s][info][gc,heap        ] GC(129) PSYoungGen: 2286720K(2455040K)->136112K(2471424K) Eden: 2155008K(2155008K)->0K(2208768K) From: 131712K(300032K)->136112K(262656K)
[441.634s][info][gc,heap        ] GC(129) ParOldGen: 2755178K(4387840K)->2842306K(4387840K)
[441.634s][info][gc,metaspace   ] GC(129) Metaspace: 28906K(29248K)->28906K(29248K) NonClass: 24017K(24128K)->24017K(24128K) Class: 4888K(5120K)->4888K(5120K)
[441.634s][info][gc             ] GC(129) Pause Young (Allocation Failure) 4923M->2908M(6698M) 93.825ms
[441.634s][info][gc,cpu         ] GC(129) User=0.55s Sys=0.00s Real=0.09s
. (rIR:aIR:PR = 11548:11149:11141) (tPR = 162898) [OK] 
   441s:       trying IR =  11648 .[443.231s][info][gc,start       ] GC(130) Pause Young (Allocation Failure)
[443.324s][info][gc,heap        ] GC(130) PSYoungGen: 2344880K(2471424K)->136128K(2483712K) Eden: 2208768K(2208768K)->0K(2208768K) From: 136112K(262656K)->136128K(274944K)
[443.324s][info][gc,heap        ] GC(130) ParOldGen: 2842306K(4387840K)->2927754K(4387840K)
[443.324s][info][gc,metaspace   ] GC(130) Metaspace: 28908K(29248K)->28908K(29248K) NonClass: 24020K(24128K)->24020K(24128K) Class: 4888K(5120K)->4888K(5120K)
[443.324s][info][gc             ] GC(130) Pause Young (Allocation Failure) 5065M->2992M(6710M) 92.576ms
[443.324s][info][gc,cpu         ] GC(130) User=0.55s Sys=0.00s Real=0.09s
.[444.784s][info][gc,start       ] GC(131) Pause Young (Allocation Failure)
[444.875s][info][gc,heap        ] GC(131) PSYoungGen: 2344896K(2483712K)->130048K(2502144K) Eden: 2208768K(2208768K)->0K(2257920K) From: 136128K(274944K)->130048K(244224K)
[444.875s][info][gc,heap        ] GC(131) ParOldGen: 2927754K(4387840K)->3016674K(4387840K)
[444.875s][info][gc,metaspace   ] GC(131) Metaspace: 28909K(29248K)->28909K(29248K) NonClass: 24021K(24128K)->24021K(24128K) Class: 4888K(5120K)->4888K(5120K)
[444.875s][info][gc             ] GC(131) Pause Young (Allocation Failure) 5149M->3072M(6728M) 91.056ms
[444.875s][info][gc,cpu         ] GC(131) User=0.54s Sys=0.00s Real=0.09s
.. (rIR:aIR:PR = 11648:11694:11702) (tPR = 172554) [OK] 
   445s:       trying IR =  11668 [446.432s][info][gc,start       ] GC(132) Pause Young (Allocation Failure)
[446.530s][info][gc,heap        ] GC(132) PSYoungGen: 2387968K(2502144K)->146860K(2511872K) Eden: 2257920K(2257920K)->0K(2257920K) From: 130048K(244224K)->146860K(253952K)
[446.530s][info][gc,heap        ] GC(132) ParOldGen: 3016674K(4387840K)->3103782K(4387840K)
[446.530s][info][gc,metaspace   ] GC(132) Metaspace: 28909K(29248K)->28909K(29248K) NonClass: 24021K(24128K)->24021K(24128K) Class: 4888K(5120K)->4888K(5120K)
[446.530s][info][gc             ] GC(132) Pause Young (Allocation Failure) 5277M->3174M(6738M) 97.906ms
[446.530s][info][gc,cpu         ] GC(132) User=0.58s Sys=0.01s Real=0.10s
..[448.062s][info][gc,start       ] GC(133) Pause Young (Allocation Failure)
[448.164s][info][gc,heap        ] GC(133) PSYoungGen: 2404780K(2511872K)->157508K(2532864K) Eden: 2257920K(2257920K)->0K(2297856K) From: 146860K(253952K)->157508K(235008K)
[448.164s][info][gc,heap        ] GC(133) ParOldGen: 3103782K(4387840K)->3189006K(4387840K)
[448.164s][info][gc,metaspace   ] GC(133) Metaspace: 28909K(29248K)->28909K(29248K) NonClass: 24021K(24128K)->24021K(24128K) Class: 4888K(5120K)->4888K(5120K)
[448.164s][info][gc             ] GC(133) Pause Young (Allocation Failure) 5379M->3268M(6758M) 101.844ms
[448.164s][info][gc,cpu         ] GC(133) User=0.60s Sys=0.00s Real=0.10s
.[449.710s][info][gc,start       ] GC(134) Pause Young (Allocation Failure)
[449.808s][info][gc,heap        ] GC(134) PSYoungGen: 2455364K(2532864K)->139648K(2537472K) Eden: 2297856K(2297856K)->0K(2297856K) From: 157508K(235008K)->139648K(239616K)
[449.808s][info][gc,heap        ] GC(134) ParOldGen: 3189006K(4387840K)->3284838K(4387840K)
[449.808s][info][gc,metaspace   ] GC(134) Metaspace: 28909K(29248K)->28909K(29248K) NonClass: 24021K(24128K)->24021K(24128K) Class: 4888K(5120K)->4888K(5120K)
[449.808s][info][gc             ] GC(134) Pause Young (Allocation Failure) 5512M->3344M(6763M) 98.187ms
[449.808s][info][gc,cpu         ] GC(134) User=0.58s Sys=0.00s Real=0.10s
.. (rIR:aIR:PR = 11668:11781:11767) (tPR = 180766) [OK] 
   450s:       trying IR =  11692 [451.334s][info][gc,start       ] GC(135) Pause Young (Allocation Failure)
[451.430s][info][gc,heap        ] GC(135) PSYoungGen: 2437504K(2537472K)->139008K(2545152K) Eden: 2297856K(2297856K)->0K(2325504K) From: 139648K(239616K)->139008K(219648K)
[451.430s][info][gc,heap        ] GC(135) ParOldGen: 3284838K(4387840K)->3370902K(4387840K)
[451.430s][info][gc,metaspace   ] GC(135) Metaspace: 28909K(29248K)->28909K(29248K) NonClass: 24021K(24128K)->24021K(24128K) Class: 4888K(5120K)->4888K(5120K)
[451.430s][info][gc             ] GC(135) Pause Young (Allocation Failure) 5588M->3427M(6770M) 95.616ms
[451.430s][info][gc,cpu         ] GC(135) User=0.57s Sys=0.00s Real=0.10s
.[453.054s][info][gc,start       ] GC(136) Pause Young (Allocation Failure)
[453.153s][info][gc,heap        ] GC(136) PSYoungGen: 2464512K(2545152K)->140576K(2548736K) Eden: 2325504K(2325504K)->0K(2325504K) From: 139008K(219648K)->140576K(223232K)
[453.153s][info][gc,heap        ] GC(136) ParOldGen: 3370902K(4387840K)->3461726K(4387840K)
[453.153s][info][gc,metaspace   ] GC(136) Metaspace: 28909K(29248K)->28909K(29248K) NonClass: 24021K(24128K)->24021K(24128K) Class: 4888K(5120K)->4888K(5120K)
[453.153s][info][gc             ] GC(136) Pause Young (Allocation Failure) 5698M->3517M(6774M) 98.319ms
[453.153s][info][gc,cpu         ] GC(136) User=0.58s Sys=0.00s Real=0.10s
..[454.716s][info][gc,start       ] GC(137) Pause Young (Allocation Failure)
[454.815s][info][gc,heap        ] GC(137) PSYoungGen: 2466080K(2548736K)->141734K(2562560K) Eden: 2325504K(2325504K)->0K(2357248K) From: 140576K(223232K)->141734K(205312K)
[454.815s][info][gc,heap        ] GC(137) ParOldGen: 3461726K(4387840K)->3551750K(4387840K)
[454.815s][info][gc,metaspace   ] GC(137) Metaspace: 28909K(29248K)->28909K(29248K) NonClass: 24021K(24128K)->24021K(24128K) Class: 4888K(5120K)->4888K(5120K)
[454.815s][info][gc             ] GC(137) Pause Young (Allocation Failure) 5788M->3606M(6787M) 99.738ms
[454.815s][info][gc,cpu         ] GC(137) User=0.59s Sys=0.01s Real=0.10s
.. (rIR:aIR:PR = 11692:11880:11880) (tPR = 180333) [OK] 
   456s:       trying IR =  11721 [456.372s][info][gc,start       ] GC(138) Pause Young (Allocation Failure)
[456.471s][info][gc,heap        ] GC(138) PSYoungGen: 2498982K(2562560K)->147296K(2565632K) Eden: 2357248K(2357248K)->0K(2357248K) From: 141734K(205312K)->147296K(208384K)
[456.471s][info][gc,heap        ] GC(138) ParOldGen: 3551750K(4387840K)->3638646K(4387840K)
[456.471s][info][gc,metaspace   ] GC(138) Metaspace: 28909K(29248K)->28909K(29248K) NonClass: 24021K(24128K)->24021K(24128K) Class: 4888K(5120K)->4888K(5120K)
[456.471s][info][gc             ] GC(138) Pause Young (Allocation Failure) 5908M->3697M(6790M) 99.326ms
[456.471s][info][gc,cpu         ] GC(138) User=0.59s Sys=0.00s Real=0.10s
.[458.041s][info][gc,start       ] GC(139) Pause Young (Allocation Failure)
[458.145s][info][gc,heap        ] GC(139) PSYoungGen: 2504544K(2565632K)->148194K(2579968K) Eden: 2357248K(2357248K)->0K(2383872K) From: 147296K(208384K)->148194K(196096K)
[458.145s][info][gc,heap        ] GC(139) ParOldGen: 3638646K(4387840K)->3732334K(4387840K)
[458.146s][info][gc,metaspace   ] GC(139) Metaspace: 28909K(29248K)->28909K(29248K) NonClass: 24021K(24128K)->24021K(24128K) Class: 4888K(5120K)->4888K(5120K)
[458.146s][info][gc             ] GC(139) Pause Young (Allocation Failure) 5999M->3789M(6804M) 104.146ms
[458.146s][info][gc,cpu         ] GC(139) User=0.62s Sys=0.00s Real=0.10s
..[459.736s][info][gc,start       ] GC(140) Pause Young (Allocation Failure)
[459.832s][info][gc,heap        ] GC(140) PSYoungGen: 2532066K(2579968K)->138256K(2583040K) Eden: 2383872K(2383872K)->0K(2383872K) From: 148194K(196096K)->138256K(199168K)
[459.832s][info][gc,heap        ] GC(140) ParOldGen: 3732334K(4387840K)->3820966K(4387840K)
[459.832s][info][gc,metaspace   ] GC(140) Metaspace: 28909K(29248K)->28909K(29248K) NonClass: 24021K(24128K)->24021K(24128K) Class: 4888K(5120K)->4888K(5120K)
[459.832s][info][gc             ] GC(140) Pause Young (Allocation Failure) 6117M->3866M(6807M) 96.562ms
[459.833s][info][gc,cpu         ] GC(140) User=0.57s Sys=0.00s Real=0.10s
.. (rIR:aIR:PR = 11721:11884:11892) (tPR = 173261) [OK] 
   461s:       trying IR =  11755 [461.415s][info][gc,start       ] GC(141) Pause Young (Allocation Failure)
[461.516s][info][gc,heap        ] GC(141) PSYoungGen: 2522128K(2583040K)->149332K(2591744K) Eden: 2383872K(2383872K)->0K(2401792K) From: 138256K(199168K)->149332K(189952K)
[461.516s][info][gc,heap        ] GC(141) ParOldGen: 3820966K(4387840K)->3912182K(4387840K)
[461.516s][info][gc,metaspace   ] GC(141) Metaspace: 28912K(29248K)->28912K(29248K) NonClass: 24023K(24128K)->24023K(24128K) Class: 4888K(5120K)->4888K(5120K)
[461.516s][info][gc             ] GC(141) Pause Young (Allocation Failure) 6194M->3966M(6816M) 101.632ms
[461.516s][info][gc,cpu         ] GC(141) User=0.60s Sys=0.00s Real=0.10s
.[463.090s][info][gc,start       ] GC(142) Pause Young (Allocation Failure)
[463.192s][info][gc,heap        ] GC(142) PSYoungGen: 2551124K(2591744K)->146133K(2593792K) Eden: 2401792K(2401792K)->0K(2401792K) From: 149332K(189952K)->146133K(192000K)
[463.192s][info][gc,heap        ] GC(142) ParOldGen: 3912182K(4387840K)->4003374K(4387840K)
[463.192s][info][gc,metaspace   ] GC(142) Metaspace: 28912K(29248K)->28912K(29248K) NonClass: 24023K(24128K)->24023K(24128K) Class: 4888K(5120K)->4888K(5120K)
[463.192s][info][gc             ] GC(142) Pause Young (Allocation Failure) 6311M->4052M(6818M) 102.303ms
[463.192s][info][gc,cpu         ] GC(142) User=0.60s Sys=0.00s Real=0.10s
..[464.841s][info][gc,start       ] GC(143) Pause Young (Allocation Failure)
[464.944s][info][gc,heap        ] GC(143) PSYoungGen: 2547925K(2593792K)->143556K(2597888K) Eden: 2401792K(2401792K)->0K(2416128K) From: 146133K(192000K)->143556K(181760K)
[464.944s][info][gc,heap        ] GC(143) ParOldGen: 4003374K(4387840K)->4095966K(4387840K)
[464.944s][info][gc,metaspace   ] GC(143) Metaspace: 28912K(29248K)->28912K(29248K) NonClass: 24024K(24128K)->24024K(24128K) Class: 4888K(5120K)->4888K(5120K)
[464.944s][info][gc             ] GC(143) Pause Young (Allocation Failure) 6397M->4140M(6822M) 102.775ms
[464.944s][info][gc,cpu         ] GC(143) User=0.60s Sys=0.00s Real=0.10s
. (rIR:aIR:PR = 11755:11590:11404) (tPR = 163826) [OK] 
   465s:       trying IR =  11797 .[466.622s][info][gc,start       ] GC(144) Pause Young (Allocation Failure)
[466.729s][info][gc,heap        ] GC(144) PSYoungGen: 2559684K(2597888K)->161280K(2599936K) Eden: 2416128K(2416128K)->0K(2416128K) From: 143556K(181760K)->161280K(183808K)
[466.729s][info][gc,heap        ] GC(144) ParOldGen: 4095966K(4387840K)->4186054K(4387840K)
[466.729s][info][gc,metaspace   ] GC(144) Metaspace: 28912K(29248K)->28912K(29248K) NonClass: 24024K(24128K)->24024K(24128K) Class: 4888K(5120K)->4888K(5120K)
[466.729s][info][gc             ] GC(144) Pause Young (Allocation Failure) 6499M->4245M(6824M) 106.313ms
[466.729s][info][gc,cpu         ] GC(144) User=0.63s Sys=0.00s Real=0.11s
.[468.327s][info][gc,start       ] GC(145) Pause Young (Allocation Failure)
[468.436s][info][gc,heap        ] GC(145) PSYoungGen: 2577408K(2599936K)->151732K(2610176K) Eden: 2416128K(2416128K)->0K(2425344K) From: 161280K(183808K)->151732K(184832K)
[468.436s][info][gc,heap        ] GC(145) ParOldGen: 4186054K(4387840K)->4279174K(4387840K)
[468.436s][info][gc,metaspace   ] GC(145) Metaspace: 28912K(29248K)->28912K(29248K) NonClass: 24024K(24128K)->24024K(24128K) Class: 4888K(5120K)->4888K(5120K)
[468.436s][info][gc             ] GC(145) Pause Young (Allocation Failure) 6604M->4327M(6834M) 109.227ms
[468.436s][info][gc,cpu         ] GC(145) User=0.62s Sys=0.02s Real=0.11s
..[470.080s][info][gc,start       ] GC(146) Pause Young (Allocation Failure)
[470.180s][info][gc,heap        ] GC(146) PSYoungGen: 2577076K(2610176K)->145124K(2570752K) Eden: 2425344K(2425344K)->0K(2425344K) From: 151732K(184832K)->145124K(145408K)
[470.180s][info][gc,heap        ] GC(146) ParOldGen: 4279174K(4387840K)->4372318K(4387840K)
[470.180s][info][gc,metaspace   ] GC(146) Metaspace: 28912K(29248K)->28912K(29248K) NonClass: 24024K(24128K)->24024K(24128K) Class: 4888K(5120K)->4888K(5120K)
[470.180s][info][gc             ] GC(146) Pause Young (Allocation Failure) 6695M->4411M(6795M) 100.085ms
[470.180s][info][gc,cpu         ] GC(146) User=0.59s Sys=0.00s Real=0.10s
.. (rIR:aIR:PR = 11797:11555:11580) (tPR = 169305) [OK] 
   471s:       trying IR =  11847 [471.873s][info][gc,start       ] GC(147) Pause Young (Allocation Failure)
[471.980s][info][gc,heap        ] GC(147) PSYoungGen: 2570468K(2570752K)->144069K(2610688K) Eden: 2425344K(2425344K)->0K(2429952K) From: 145124K(145408K)->144069K(180736K)
[471.980s][info][gc,heap        ] GC(147) ParOldGen: 4372318K(4387840K)->4463422K(4463616K)
[471.980s][info][gc,metaspace   ] GC(147) Metaspace: 28912K(29248K)->28912K(29248K) NonClass: 24024K(24128K)->24024K(24128K) Class: 4888K(5120K)->4888K(5120K)
[471.980s][info][gc             ] GC(147) Pause Young (Allocation Failure) 6780M->4499M(6908M) 106.791ms
[471.980s][info][gc,cpu         ] GC(147) User=0.60s Sys=0.02s Real=0.11s
.[473.762s][info][gc,start       ] GC(148) Pause Young (Allocation Failure)
[473.879s][info][gc,heap        ] GC(148) PSYoungGen: 2574021K(2610688K)->158308K(2607616K) Eden: 2429952K(2429952K)->0K(2429952K) From: 144069K(180736K)->158308K(177664K)
[473.879s][info][gc,heap        ] GC(148) ParOldGen: 4463422K(4463616K)->4558822K(4558848K)
[473.879s][info][gc,metaspace   ] GC(148) Metaspace: 28912K(29248K)->28912K(29248K) NonClass: 24024K(24128K)->24024K(24128K) Class: 4888K(5120K)->4888K(5120K)
[473.879s][info][gc             ] GC(148) Pause Young (Allocation Failure) 6872M->4606M(6998M) 116.959ms
[473.879s][info][gc,cpu         ] GC(148) User=0.66s Sys=0.03s Real=0.12s
..[475.373s][info][gc,start       ] GC(149) Pause Young (Allocation Failure)
[475.489s][info][gc,heap        ] GC(149) PSYoungGen: 2588260K(2607616K)->161396K(2612736K) Eden: 2429952K(2429952K)->0K(2433536K) From: 158308K(177664K)->161396K(179200K)
[475.489s][info][gc,heap        ] GC(149) ParOldGen: 4558822K(4558848K)->4639118K(4639232K)
[475.489s][info][gc,metaspace   ] GC(149) Metaspace: 28912K(29248K)->28912K(29248K) NonClass: 24024K(24128K)->24024K(24128K) Class: 4888K(5120K)->4888K(5120K)
[475.489s][info][gc             ] GC(149) Pause Young (Allocation Failure) 6979M->4688M(7082M) 115.431ms
[475.489s][info][gc,cpu         ] GC(149) User=0.64s Sys=0.03s Real=0.12s
.[477.111s][info][gc,start       ] GC(150) Pause Young (Allocation Failure)
[477.220s][info][gc,heap        ] GC(150) PSYoungGen: 2594932K(2612736K)->150232K(2584064K) Eden: 2433536K(2433536K)->0K(2433536K) From: 161396K(179200K)->150232K(150528K)
[477.220s][info][gc,heap        ] GC(150) ParOldGen: 4639118K(4639232K)->4734510K(4734976K)
[477.220s][info][gc,metaspace   ] GC(150) Metaspace: 28912K(29248K)->28912K(29248K) NonClass: 24024K(24128K)->24024K(24128K) Class: 4888K(5120K)->4888K(5120K)
[477.220s][info][gc             ] GC(150) Pause Young (Allocation Failure) 7064M->4770M(7147M) 109.407ms
[477.220s][info][gc,cpu         ] GC(150) User=0.61s Sys=0.04s Real=0.11s
. (rIR:aIR:PR = 11847:11773:11355) (tPR = 170947) [OK] 
   477s:       trying IR =  11906 .[478.881s][info][gc,start       ] GC(151) Pause Young (Allocation Failure)
[478.987s][info][gc,heap        ] GC(151) PSYoungGen: 2583768K(2584064K)->149632K(2616832K) Eden: 2433536K(2433536K)->0K(2438144K) From: 150232K(150528K)->149632K(178688K)
[478.987s][info][gc,heap        ] GC(151) ParOldGen: 4734510K(4734976K)->4823294K(4823552K)
[478.987s][info][gc,metaspace   ] GC(151) Metaspace: 28912K(29248K)->28912K(29248K) NonClass: 24024K(24128K)->24024K(24128K) Class: 4888K(5120K)->4888K(5120K)
[478.987s][info][gc             ] GC(151) Pause Young (Allocation Failure) 7146M->4856M(7266M) 105.438ms
[478.987s][info][gc,cpu         ] GC(151) User=0.59s Sys=0.02s Real=0.10s
..[480.573s][info][gc,start       ] GC(152) Pause Young (Allocation Failure)
[480.734s][info][gc,heap        ] GC(152) PSYoungGen: 2587776K(2616832K)->161776K(2614272K) Eden: 2438144K(2438144K)->0K(2438144K) From: 149632K(178688K)->161776K(176128K)
[480.734s][info][gc,heap        ] GC(152) ParOldGen: 4823294K(4823552K)->4917846K(4918272K)
[480.734s][info][gc,metaspace   ] GC(152) Metaspace: 28912K(29248K)->28912K(29248K) NonClass: 24024K(24128K)->24024K(24128K) Class: 4888K(5120K)->4888K(5120K)
[480.734s][info][gc             ] GC(152) Pause Young (Allocation Failure) 7237M->4960M(7356M) 160.791ms
[480.734s][info][gc,cpu         ] GC(152) User=0.67s Sys=0.02s Real=0.16s
.[482.363s][info][gc,start       ] GC(153) Pause Young (Allocation Failure)
[482.468s][info][gc,heap        ] GC(153) PSYoungGen: 2599920K(2614272K)->146528K(2616832K) Eden: 2438144K(2438144K)->0K(2441728K) From: 161776K(176128K)->146528K(175104K)
[482.468s][info][gc,heap        ] GC(153) ParOldGen: 4917846K(4918272K)->5009910K(5009920K)
[482.468s][info][gc,metaspace   ] GC(153) Metaspace: 28912K(29248K)->28912K(29248K) NonClass: 24024K(24128K)->24024K(24128K) Class: 4888K(5120K)->4888K(5120K)
[482.468s][info][gc             ] GC(153) Pause Young (Allocation Failure) 7341M->5035M(7448M) 105.647ms
[482.468s][info][gc,cpu         ] GC(153) User=0.59s Sys=0.02s Real=0.11s
. (rIR:aIR:PR = 11906:11415:11419) (tPR = 169569) [OK] 
   482s:       trying IR =  11978 .[484.093s][info][gc,start       ] GC(154) Pause Young (Allocation Failure)
[484.200s][info][gc,heap        ] GC(154) PSYoungGen: 2588256K(2616832K)->146624K(2617344K) Eden: 2441728K(2441728K)->0K(2441728K) From: 146528K(175104K)->146624K(175616K)
[484.200s][info][gc,heap        ] GC(154) ParOldGen: 5009910K(5009920K)->5102254K(5102592K)
[484.200s][info][gc,metaspace   ] GC(154) Metaspace: 28913K(29248K)->28913K(29248K) NonClass: 24025K(24128K)->24025K(24128K) Class: 4888K(5120K)->4888K(5120K)
[484.200s][info][gc             ] GC(154) Pause Young (Allocation Failure) 7420M->5125M(7539M) 107.440ms
[484.200s][info][gc,cpu         ] GC(154) User=0.61s Sys=0.03s Real=0.11s
..[485.846s][info][gc,start       ] GC(155) Pause Young (Allocation Failure)
[485.963s][info][gc,heap        ] GC(155) PSYoungGen: 2588352K(2617344K)->157567K(2617856K) Eden: 2441728K(2441728K)->0K(2444288K) From: 146624K(175616K)->157567K(173568K)
[485.963s][info][gc,heap        ] GC(155) ParOldGen: 5102254K(5102592K)->5196062K(5196288K)
[485.963s][info][gc,metaspace   ] GC(155) Metaspace: 28913K(29248K)->28913K(29248K) NonClass: 24025K(24128K)->24025K(24128K) Class: 4888K(5120K)->4888K(5120K)
[485.963s][info][gc             ] GC(155) Pause Young (Allocation Failure) 7510M->5228M(7631M) 116.535ms
[485.963s][info][gc,cpu         ] GC(155) User=0.64s Sys=0.05s Real=0.12s
.[487.529s][info][gc,start       ] GC(156) Pause Young (Allocation Failure)
[487.638s][info][gc,heap        ] GC(156) PSYoungGen: 2601855K(2617856K)->156320K(2618880K) Eden: 2444288K(2444288K)->0K(2444288K) From: 157567K(173568K)->156320K(174592K)
[487.638s][info][gc,heap        ] GC(156) ParOldGen: 5196062K(5196288K)->5285310K(5285376K)
[487.638s][info][gc,metaspace   ] GC(156) Metaspace: 28913K(29248K)->28913K(29248K) NonClass: 24025K(24128K)->24025K(24128K) Class: 4888K(5120K)->4888K(5120K)
[487.638s][info][gc             ] GC(156) Pause Young (Allocation Failure) 7615M->5314M(7719M) 108.372ms
[487.638s][info][gc,cpu         ] GC(156) User=0.61s Sys=0.02s Real=0.11s
..[489.239s][info][gc,start       ] GC(157) Pause Young (Allocation Failure)
[489.348s][info][gc,heap        ] GC(157) PSYoungGen: 2600608K(2618880K)->148544K(2617856K) Eden: 2444288K(2444288K)->0K(2447360K) From: 156320K(174592K)->148544K(170496K)
[489.348s][info][gc,heap        ] GC(157) ParOldGen: 5285310K(5285376K)->5376806K(5377024K)
[489.348s][info][gc,metaspace   ] GC(157) Metaspace: 28913K(29248K)->28913K(29248K) NonClass: 24025K(24128K)->24025K(24128K) Class: 4888K(5120K)->4888K(5120K)
[489.348s][info][gc             ] GC(157) Pause Young (Allocation Failure) 7701M->5395M(7807M) 108.929ms
[489.348s][info][gc,cpu         ] GC(157) User=0.61s Sys=0.03s Real=0.11s
. (rIR:aIR:PR = 11978:11732:11679) (tPR = 173050) [OK] 
   489s:       trying IR =  12064 .[490.997s][info][gc,start       ] GC(158) Pause Young (Allocation Failure)
[491.104s][info][gc,heap        ] GC(158) PSYoungGen: 2595904K(2617856K)->147040K(2619904K) Eden: 2447360K(2447360K)->0K(2447360K) From: 148544K(170496K)->147040K(172544K)
[491.104s][info][gc,heap        ] GC(158) ParOldGen: 5376806K(5377024K)->5469390K(5469696K)
[491.104s][info][gc,metaspace   ] GC(158) Metaspace: 28914K(29248K)->28914K(29248K) NonClass: 24026K(24128K)->24026K(24128K) Class: 4888K(5120K)->4888K(5120K)
[491.104s][info][gc             ] GC(158) Pause Young (Allocation Failure) 7785M->5484M(7900M) 107.037ms
[491.104s][info][gc,cpu         ] GC(158) User=0.61s Sys=0.02s Real=0.11s
.[492.737s][info][gc,start       ] GC(159) Pause Young (Allocation Failure)
[492.846s][info][gc,heap        ] GC(159) PSYoungGen: 2594400K(2619904K)->147869K(2618880K) Eden: 2447360K(2447360K)->0K(2452480K) From: 147040K(172544K)->147869K(166400K)
[492.846s][info][gc,heap        ] GC(159) ParOldGen: 5469390K(5469696K)->5562694K(5562880K)
[492.846s][info][gc,metaspace   ] GC(159) Metaspace: 28915K(29248K)->28915K(29248K) NonClass: 24026K(24128K)->24026K(24128K) Class: 4888K(5120K)->4888K(5120K)
[492.846s][info][gc             ] GC(159) Pause Young (Allocation Failure) 7874M->5576M(7990M) 109.326ms
[492.846s][info][gc,cpu         ] GC(159) User=0.60s Sys=0.03s Real=0.11s
..[494.435s][info][gc,start       ] GC(160) Pause Full (Allocation Failure)
[494.435s][info][gc,phases,start] GC(160) Marking Phase
[494.788s][info][gc,phases      ] GC(160) Marking Phase 353.012ms
[494.788s][info][gc,phases,start] GC(160) Summary Phase
[494.788s][info][gc,phases      ] GC(160) Summary Phase 0.098ms
[494.788s][info][gc,phases,start] GC(160) Forward
[494.924s][info][gc,phases      ] GC(160) Forward 135.966ms
[494.924s][info][gc,phases,start] GC(160) Adjust Pointers
[495.144s][info][gc,phases      ] GC(160) Adjust Pointers 219.583ms
[495.144s][info][gc,phases,start] GC(160) Compaction Phase
[495.300s][info][gc,phases      ] GC(160) Compaction Phase 155.835ms
[495.302s][info][gc,phases,start] GC(160) Post Compact
[495.311s][info][gc,phases      ] GC(160) Post Compact 8.165ms
[495.431s][info][gc,heap        ] GC(160) PSYoungGen: 2600349K(2618880K)->0K(2621440K) Eden: 2452480K(2452480K)->0K(2452480K) From: 147869K(166400K)->0K(168960K)
[495.431s][info][gc,heap        ] GC(160) ParOldGen: 5562694K(5562880K)->1426615K(1600512K)
[495.431s][info][gc,metaspace   ] GC(160) Metaspace: 28915K(29248K)->28915K(29248K) NonClass: 24026K(24128K)->24026K(24128K) Class: 4888K(5120K)->4888K(5120K)
[495.431s][info][gc             ] GC(160) Pause Full (Allocation Failure) 7971M->1393M(4123M) 996.335ms
[495.431s][info][gc,cpu         ] GC(160) User=4.51s Sys=0.13s Real=1.00s
..[497.032s][info][gc,start       ] GC(161) Pause Young (Allocation Failure)
[497.100s][info][gc,heap        ] GC(161) PSYoungGen: 2452480K(2621440K)->148228K(2624000K) Eden: 2452480K(2452480K)->0K(2458112K) From: 0K(168960K)->148228K(165888K)
[497.100s][info][gc,heap        ] GC(161) ParOldGen: 1426615K(1600512K)->1426615K(1600512K)
[497.100s][info][gc,metaspace   ] GC(161) Metaspace: 28915K(29248K)->28915K(29248K) NonClass: 24026K(24128K)->24026K(24128K) Class: 4888K(5120K)->4888K(5120K)
[497.100s][info][gc             ] GC(161) Pause Young (Allocation Failure) 3788M->1537M(4125M) 68.184ms
[497.101s][info][gc,cpu         ] GC(161) User=0.41s Sys=0.00s Real=0.07s
.[498.698s][info][gc,start       ] GC(162) Pause Young (Allocation Failure)
[498.796s][info][gc,heap        ] GC(162) PSYoungGen: 2606340K(2624000K)->147232K(2625536K) Eden: 2458112K(2458112K)->0K(2458112K) From: 148228K(165888K)->147232K(167424K)
[498.796s][info][gc,heap        ] GC(162) ParOldGen: 1426615K(1600512K)->1519861K(1600512K)
[498.796s][info][gc,metaspace   ] GC(162) Metaspace: 28915K(29248K)->28915K(29248K) NonClass: 24026K(24128K)->24026K(24128K) Class: 4888K(5120K)->4888K(5120K)
[498.796s][info][gc             ] GC(162) Pause Young (Allocation Failure) 3938M->1628M(4127M) 97.811ms
[498.796s][info][gc,cpu         ] GC(162) User=0.58s Sys=0.00s Real=0.09s
.[500.291s][info][gc,start       ] GC(163) Pause Young (Allocation Failure)
[500.397s][info][gc,heap        ] GC(163) PSYoungGen: 2605344K(2625536K)->159696K(2625536K) Eden: 2458112K(2458112K)->0K(2459136K) From: 147232K(167424K)->159696K(166400K)
[500.397s][info][gc,heap        ] GC(163) ParOldGen: 1519861K(1600512K)->1610077K(1610240K)
[500.397s][info][gc,metaspace   ] GC(163) Metaspace: 28925K(29248K)->28925K(29248K) NonClass: 24037K(24128K)->24037K(24128K) Class: 4888K(5120K)->4888K(5120K)
[500.397s][info][gc             ] GC(163) Pause Young (Allocation Failure) 4028M->1728M(4136M) 105.719ms
[500.397s][info][gc,cpu         ] GC(163) User=0.61s Sys=0.01s Real=0.10s
..[501.853s][info][gc,start       ] GC(164) Pause Young (Allocation Failure)
[501.964s][info][gc,heap        ] GC(164) PSYoungGen: 2618832K(2625536K)->166113K(2625536K) Eden: 2459136K(2459136K)->0K(2459136K) From: 159696K(166400K)->166113K(166400K)
[501.964s][info][gc,heap        ] GC(164) ParOldGen: 1610077K(1610240K)->1704037K(1704448K)
[501.964s][info][gc,metaspace   ] GC(164) Metaspace: 28925K(29248K)->28925K(29248K) NonClass: 24037K(24128K)->24037K(24128K) Class: 4888K(5120K)->4888K(5120K)
[501.964s][info][gc             ] GC(164) Pause Young (Allocation Failure) 4129M->1826M(4228M) 110.843ms
[501.964s][info][gc,cpu         ] GC(164) User=0.63s Sys=0.04s Real=0.11s
.[503.574s][info][gc,start       ] GC(165) Pause Young (Allocation Failure)
[503.724s][info][gc,heap        ] GC(165) PSYoungGen: 2625249K(2625536K)->149364K(2624512K) Eden: 2459136K(2459136K)->0K(2454016K) From: 166113K(166400K)->149364K(170496K)
[503.724s][info][gc,heap        ] GC(165) ParOldGen: 1704037K(1704448K)->1801957K(1802240K)
[503.724s][info][gc,metaspace   ] GC(165) Metaspace: 28925K(29248K)->28925K(29248K) NonClass: 24037K(24128K)->24037K(24128K) Class: 4888K(5120K)->4888K(5120K)
[503.724s][info][gc             ] GC(165) Pause Young (Allocation Failure) 4227M->1905M(4323M) 150.023ms
[503.724s][info][gc,cpu         ] GC(165) User=0.60s Sys=0.03s Real=0.15s
..[505.225s][info][gc,start       ] GC(166) Pause Young (Allocation Failure)
[505.334s][info][gc,heap        ] GC(166) PSYoungGen: 2603380K(2624512K)->160897K(2615296K) Eden: 2454016K(2454016K)->0K(2454016K) From: 149364K(170496K)->160897K(161280K)
[505.335s][info][gc,heap        ] GC(166) ParOldGen: 1801957K(1802240K)->1889757K(1889792K)
[505.335s][info][gc,metaspace   ] GC(166) Metaspace: 28925K(29248K)->28925K(29248K) NonClass: 24037K(24128K)->24037K(24128K) Class: 4888K(5120K)->4888K(5120K)
[505.335s][info][gc             ] GC(166) Pause Young (Allocation Failure) 4302M->2002M(4399M) 109.141ms
[505.335s][info][gc,cpu         ] GC(166) User=0.63s Sys=0.02s Real=0.11s
.[506.893s][info][gc,start       ] GC(167) Pause Young (Allocation Failure)
[507.003s][info][gc,heap        ] GC(167) PSYoungGen: 2614913K(2615296K)->162126K(2620416K) Eden: 2454016K(2454016K)->0K(2447872K) From: 160897K(161280K)->162126K(172544K)
[507.004s][info][gc,heap        ] GC(167) ParOldGen: 1889757K(1889792K)->1983445K(1983488K)
[507.004s][info][gc,metaspace   ] GC(167) Metaspace: 28929K(29248K)->28929K(29248K) NonClass: 24041K(24128K)->24041K(24128K) Class: 4888K(5120K)->4888K(5120K)
[507.004s][info][gc             ] GC(167) Pause Young (Allocation Failure) 4399M->2095M(4496M) 110.784ms
[507.004s][info][gc,cpu         ] GC(167) User=0.64s Sys=0.03s Real=0.11s
..[508.542s][info][gc,start       ] GC(168) Pause Young (Allocation Failure)
[508.693s][info][gc,heap        ] GC(168) PSYoungGen: 2609998K(2620416K)->146544K(2621952K) Eden: 2447872K(2447872K)->0K(2447872K) From: 162126K(172544K)->146544K(174080K)
[508.693s][info][gc,heap        ] GC(168) ParOldGen: 1983445K(1983488K)->2083669K(2083840K)
[508.693s][info][gc,metaspace   ] GC(168) Metaspace: 28929K(29248K)->28929K(29248K) NonClass: 24041K(24128K)->24041K(24128K) Class: 4888K(5120K)->4888K(5120K)
[508.693s][info][gc             ] GC(168) Pause Young (Allocation Failure) 4485M->2177M(4595M) 150.888ms
[508.693s][info][gc,cpu         ] GC(168) User=0.59s Sys=0.03s Real=0.15s
 (rIR:aIR:PR = 12064:11612:11563) (tPR = 173607) [OK] 
   508s:       trying IR =  12167 .[510.231s][info][gc,start       ] GC(169) Pause Young (Allocation Failure)
[510.335s][info][gc,heap        ] GC(169) PSYoungGen: 2594416K(2621952K)->155188K(2619392K) Eden: 2447872K(2447872K)->0K(2448896K) From: 146544K(174080K)->155188K(170496K)
[510.335s][info][gc,heap        ] GC(169) ParOldGen: 2083669K(2083840K)->2172437K(2172928K)
[510.335s][info][gc,metaspace   ] GC(169) Metaspace: 28929K(29248K)->28929K(29248K) NonClass: 24041K(24128K)->24041K(24128K) Class: 4888K(5120K)->4888K(5120K)
[510.335s][info][gc             ] GC(169) Pause Young (Allocation Failure) 4568M->2273M(4680M) 104.155ms
[510.335s][info][gc,cpu         ] GC(169) User=0.60s Sys=0.02s Real=0.10s
.[511.994s][info][gc,start       ] GC(170) Pause Young (Allocation Failure)
[512.098s][info][gc,heap        ] GC(170) PSYoungGen: 2604084K(2619392K)->149612K(2620928K) Eden: 2448896K(2448896K)->0K(2448896K) From: 155188K(170496K)->149612K(172032K)
[512.098s][info][gc,heap        ] GC(170) ParOldGen: 2172437K(2172928K)->2267341K(2267648K)
[512.098s][info][gc,metaspace   ] GC(170) Metaspace: 28929K(29248K)->28929K(29248K) NonClass: 24041K(24128K)->24041K(24128K) Class: 4888K(5120K)->4888K(5120K)
[512.098s][info][gc             ] GC(170) Pause Young (Allocation Failure) 4664M->2360M(4774M) 104.441ms
[512.098s][info][gc,cpu         ] GC(170) User=0.60s Sys=0.02s Real=0.11s
..[513.700s][info][gc,start       ] GC(171) Pause Young (Allocation Failure)
[513.807s][info][gc,heap        ] GC(171) PSYoungGen: 2598508K(2620928K)->160938K(2622464K) Eden: 2448896K(2448896K)->0K(2451968K) From: 149612K(172032K)->160938K(170496K)
[513.807s][info][gc,heap        ] GC(171) ParOldGen: 2267341K(2267648K)->2357301K(2357760K)
[513.807s][info][gc,metaspace   ] GC(171) Metaspace: 28929K(29248K)->28929K(29248K) NonClass: 24041K(24128K)->24041K(24128K) Class: 4888K(5120K)->4888K(5120K)
[513.807s][info][gc             ] GC(171) Pause Young (Allocation Failure) 4751M->2459M(4863M) 106.929ms
[513.807s][info][gc,cpu         ] GC(171) User=0.61s Sys=0.03s Real=0.10s
.[515.358s][info][gc,start       ] GC(172) Pause Young (Allocation Failure)
[515.460s][info][gc,heap        ] GC(172) PSYoungGen: 2612906K(2622464K)->147264K(2624000K) Eden: 2451968K(2451968K)->0K(2451968K) From: 160938K(170496K)->147264K(172032K)
[515.460s][info][gc,heap        ] GC(172) ParOldGen: 2357301K(2357760K)->2450061K(2450432K)
[515.460s][info][gc,metaspace   ] GC(172) Metaspace: 28929K(29248K)->28929K(29248K) NonClass: 24041K(24128K)->24041K(24128K) Class: 4888K(5120K)->4888K(5120K)
[515.460s][info][gc             ] GC(172) Pause Young (Allocation Failure) 4853M->2536M(4955M) 101.467ms
[515.460s][info][gc,cpu         ] GC(172) User=0.58s Sys=0.02s Real=0.10s
. (rIR:aIR:PR = 12167:11912:11918) (tPR = 172469) [OK] 
   515s:       trying IR =  12291 .[517.094s][info][gc,start       ] GC(173) Pause Young (Allocation Failure)
[517.194s][info][gc,heap        ] GC(173) PSYoungGen: 2599232K(2624000K)->147936K(2622464K) Eden: 2451968K(2451968K)->0K(2452992K) From: 147264K(172032K)->147936K(169472K)
[517.194s][info][gc,heap        ] GC(173) ParOldGen: 2450061K(2450432K)->2542037K(2542080K)
[517.194s][info][gc,metaspace   ] GC(173) Metaspace: 28929K(29248K)->28929K(29248K) NonClass: 24041K(24128K)->24041K(24128K) Class: 4888K(5120K)->4888K(5120K)
[517.194s][info][gc             ] GC(173) Pause Young (Allocation Failure) 4930M->2626M(5043M) 100.598ms
[517.194s][info][gc,cpu         ] GC(173) User=0.58s Sys=0.01s Real=0.10s
..[518.752s][info][gc,start       ] GC(174) Pause Young (Allocation Failure)
[518.858s][info][gc,heap        ] GC(174) PSYoungGen: 2600928K(2622464K)->154265K(2623488K) Eden: 2452992K(2452992K)->0K(2452992K) From: 147936K(169472K)->154265K(170496K)
[518.858s][info][gc,heap        ] GC(174) ParOldGen: 2542037K(2542080K)->2635173K(2635264K)
[518.858s][info][gc,metaspace   ] GC(174) Metaspace: 28929K(29248K)->28929K(29248K) NonClass: 24041K(24128K)->24041K(24128K) Class: 4888K(5120K)->4888K(5120K)
[518.858s][info][gc             ] GC(174) Pause Young (Allocation Failure) 5022M->2724M(5135M) 106.503ms
[518.858s][info][gc,cpu         ] GC(174) User=0.60s Sys=0.03s Real=0.11s
. (rIR:aIR:PR = 12291:12106:12286) (tPR = 186438) [OK] 
   519s:       trying IR =  12440 [520.519s][info][gc,start       ] GC(175) Pause Young (Allocation Failure)
[520.630s][info][gc,heap        ] GC(175) PSYoungGen: 2607257K(2623488K)->164366K(2620928K) Eden: 2452992K(2452992K)->0K(2451968K) From: 154265K(170496K)->164366K(168960K)
[520.630s][info][gc,heap        ] GC(175) ParOldGen: 2635173K(2635264K)->2729109K(2729472K)
[520.630s][info][gc,metaspace   ] GC(175) Metaspace: 28929K(29248K)->28929K(29248K) NonClass: 24041K(24128K)->24041K(24128K) Class: 4888K(5120K)->4888K(5120K)
[520.630s][info][gc             ] GC(175) Pause Young (Allocation Failure) 5119M->2825M(5225M) 111.730ms
[520.631s][info][gc,cpu         ] GC(175) User=0.64s Sys=0.02s Real=0.11s
..[522.216s][info][gc,start       ] GC(176) Pause Young (Allocation Failure)
[522.319s][info][gc,heap        ] GC(176) PSYoungGen: 2616334K(2620928K)->146784K(2624000K) Eden: 2451968K(2451968K)->0K(2451968K) From: 164366K(168960K)->146784K(172032K)
[522.319s][info][gc,heap        ] GC(176) ParOldGen: 2729109K(2729472K)->2822357K(2822656K)
[522.319s][info][gc,metaspace   ] GC(176) Metaspace: 28929K(29248K)->28929K(29248K) NonClass: 24041K(24128K)->24041K(24128K) Class: 4888K(5120K)->4888K(5120K)
[522.319s][info][gc             ] GC(176) Pause Young (Allocation Failure) 5220M->2899M(5319M) 103.043ms
[522.319s][info][gc,cpu         ] GC(176) User=0.58s Sys=0.03s Real=0.11s
.[523.961s][info][gc,start       ] GC(177) Pause Young (Allocation Failure)
[524.061s][info][gc,heap        ] GC(177) PSYoungGen: 2598752K(2624000K)->142176K(2623488K) Eden: 2451968K(2451968K)->0K(2452480K) From: 146784K(172032K)->142176K(171008K)
[524.061s][info][gc,heap        ] GC(177) ParOldGen: 2822357K(2822656K)->2914485K(2914816K)
[524.061s][info][gc,metaspace   ] GC(177) Metaspace: 28929K(29248K)->28929K(29248K) NonClass: 24041K(24128K)->24041K(24128K) Class: 4888K(5120K)->4888K(5120K)
[524.061s][info][gc             ] GC(177) Pause Young (Allocation Failure) 5294M->2985M(5408M) 99.311ms
[524.061s][info][gc,cpu         ] GC(177) User=0.57s Sys=0.02s Real=0.10s
..[525.157s][info][gc,start       ] GC(178) Pause Full (Diagnostic Command)
[525.157s][info][gc,phases,start] GC(178) Marking Phase
[525.453s][info][gc,phases      ] GC(178) Marking Phase 296.828ms
[525.453s][info][gc,phases,start] GC(178) Summary Phase
[525.453s][info][gc,phases      ] GC(178) Summary Phase 0.064ms
[525.453s][info][gc,phases,start] GC(178) Forward
[525.623s][info][gc,phases      ] GC(178) Forward 169.492ms
[525.623s][info][gc,phases,start] GC(178) Adjust Pointers
[525.839s][info][gc,phases      ] GC(178) Adjust Pointers 216.264ms
[525.839s][info][gc,phases,start] GC(178) Compaction Phase
[526.042s][info][gc,phases      ] GC(178) Compaction Phase 202.937ms
[526.045s][info][gc,phases,start] GC(178) Post Compact
[526.049s][info][gc,phases      ] GC(178) Post Compact 4.176ms
[526.049s][info][gc,heap        ] GC(178) PSYoungGen: 1910450K(2623488K)->0K(2623488K) Eden: 1768274K(2452480K)->0K(2452480K) From: 142176K(171008K)->0K(171008K)
[526.049s][info][gc,heap        ] GC(178) ParOldGen: 2914485K(2914816K)->1136562K(2914816K)
[526.049s][info][gc,metaspace   ] GC(178) Metaspace: 28929K(29248K)->28929K(29248K) NonClass: 24041K(24128K)->24041K(24128K) Class: 4888K(5120K)->4888K(5120K)
[526.049s][info][gc             ] GC(178) Pause Full (Diagnostic Command) 4711M->1109M(5408M) 892.824ms
[526.049s][info][gc,cpu         ] GC(178) User=4.73s Sys=0.00s Real=0.90s
.[527.569s][info][gc,start       ] GC(179) Pause Young (Allocation Failure)
[527.643s][info][gc,heap        ] GC(179) PSYoungGen: 2452480K(2623488K)->162272K(2614784K) Eden: 2452480K(2452480K)->0K(2452480K) From: 0K(171008K)->162272K(162304K)
[527.643s][info][gc,heap        ] GC(179) ParOldGen: 1136562K(2914816K)->1136562K(2914816K)
[527.643s][info][gc,metaspace   ] GC(179) Metaspace: 28929K(29248K)->28929K(29248K) NonClass: 24041K(24128K)->24041K(24128K) Class: 4888K(5120K)->4888K(5120K)
[527.643s][info][gc             ] GC(179) Pause Young (Allocation Failure) 3504M->1268M(5400M) 74.300ms
[527.643s][info][gc,cpu         ] GC(179) User=0.44s Sys=0.00s Real=0.07s
..[529.262s][info][gc,start       ] GC(180) Pause Young (Allocation Failure)
[529.363s][info][gc,heap        ] GC(180) PSYoungGen: 2614752K(2614784K)->154752K(2624000K) Eden: 2452480K(2452480K)->0K(2450944K) From: 162272K(162304K)->154752K(173056K)
[529.364s][info][gc,heap        ] GC(180) ParOldGen: 1136562K(2914816K)->1237074K(2914816K)
[529.364s][info][gc,metaspace   ] GC(180) Metaspace: 28931K(29248K)->28931K(29248K) NonClass: 24042K(24128K)->24042K(24128K) Class: 4888K(5120K)->4888K(5120K)
[529.364s][info][gc             ] GC(180) Pause Young (Allocation Failure) 3663M->1359M(5409M) 102.009ms
[529.364s][info][gc,cpu         ] GC(180) User=0.60s Sys=0.00s Real=0.10s
.[531.043s][info][gc,start       ] GC(181) Pause Young (Allocation Failure)
[531.141s][info][gc,heap        ] GC(181) PSYoungGen: 2605696K(2624000K)->150496K(2601472K) Eden: 2450944K(2450944K)->0K(2450944K) From: 154752K(173056K)->150496K(150528K)
[531.141s][info][gc,heap        ] GC(181) ParOldGen: 1237074K(2914816K)->1330442K(2914816K)
[531.141s][info][gc,metaspace   ] GC(181) Metaspace: 28931K(29248K)->28931K(29248K) NonClass: 24042K(24128K)->24042K(24128K) Class: 4888K(5120K)->4888K(5120K)
[531.141s][info][gc             ] GC(181) Pause Young (Allocation Failure) 3752M->1446M(5387M) 97.785ms
[531.141s][info][gc,cpu         ] GC(181) User=0.59s Sys=0.00s Real=0.10s
..[532.581s][info][gc,start       ] GC(182) Pause Young (Allocation Failure)
[532.724s][info][gc,heap        ] GC(182) PSYoungGen: 2601440K(2601472K)->149568K(2622464K) Eden: 2450944K(2450944K)->0K(2451968K) From: 150496K(150528K)->149568K(170496K)
[532.724s][info][gc,heap        ] GC(182) ParOldGen: 1330442K(2914816K)->1416210K(2914816K)
[532.724s][info][gc,metaspace   ] GC(182) Metaspace: 28931K(29248K)->28931K(29248K) NonClass: 24042K(24128K)->24042K(24128K) Class: 4888K(5120K)->4888K(5120K)
[532.724s][info][gc             ] GC(182) Pause Young (Allocation Failure) 3839M->1529M(5407M) 143.353ms
[532.724s][info][gc,cpu         ] GC(182) User=0.57s Sys=0.00s Real=0.14s
.[534.291s][info][gc,start       ] GC(183) Pause Young (Allocation Failure)
[534.388s][info][gc,heap        ] GC(183) PSYoungGen: 2601536K(2622464K)->145684K(2621440K) Eden: 2451968K(2451968K)->0K(2451968K) From: 149568K(170496K)->145684K(169472K)
[534.388s][info][gc,heap        ] GC(183) ParOldGen: 1416210K(2914816K)->1511866K(2914816K)
[534.389s][info][gc,metaspace   ] GC(183) Metaspace: 28931K(29248K)->28931K(29248K) NonClass: 24042K(24128K)->24042K(24128K) Class: 4888K(5120K)->4888K(5120K)
[534.389s][info][gc             ] GC(183) Pause Young (Allocation Failure) 3923M->1618M(5406M) 98.185ms
[534.389s][info][gc,cpu         ] GC(183) User=0.58s Sys=0.00s Real=0.10s
..[536.037s][info][gc,start       ] GC(184) Pause Young (Allocation Failure)
[536.138s][info][gc,heap        ] GC(184) PSYoungGen: 2597652K(2621440K)->154160K(2625536K) Eden: 2451968K(2451968K)->0K(2457088K) From: 145684K(169472K)->154160K(168448K)
[536.138s][info][gc,heap        ] GC(184) ParOldGen: 1511866K(2914816K)->1609930K(2914816K)
[536.138s][info][gc,metaspace   ] GC(184) Metaspace: 28931K(29248K)->28931K(29248K) NonClass: 24042K(24128K)->24042K(24128K) Class: 4888K(5120K)->4888K(5120K)
[536.138s][info][gc             ] GC(184) Pause Young (Allocation Failure) 4013M->1722M(5410M) 100.182ms
[536.138s][info][gc,cpu         ] GC(184) User=0.60s Sys=0.00s Real=0.10s
.[537.495s][info][gc,start       ] GC(185) Pause Young (Allocation Failure)
[537.594s][info][gc,heap        ] GC(185) PSYoungGen: 2611248K(2625536K)->162464K(2625024K) Eden: 2457088K(2457088K)->0K(2457088K) From: 154160K(168448K)->162464K(167936K)
[537.594s][info][gc,heap        ] GC(185) ParOldGen: 1609930K(2914816K)->1695298K(2914816K)
[537.594s][info][gc,metaspace   ] GC(185) Metaspace: 28931K(29248K)->28931K(29248K) NonClass: 24042K(24128K)->24042K(24128K) Class: 4888K(5120K)->4888K(5120K)
[537.594s][info][gc             ] GC(185) Pause Young (Allocation Failure) 4122M->1814M(5410M) 98.574ms
[537.594s][info][gc,cpu         ] GC(185) User=0.59s Sys=0.00s Real=0.10s
.[539.292s][info][gc,start       ] GC(186) Pause Young (Allocation Failure)
[539.396s][info][gc,heap        ] GC(186) PSYoungGen: 2619552K(2625024K)->150943K(2626560K) Eden: 2457088K(2457088K)->0K(2456576K) From: 162464K(167936K)->150943K(169984K)
[539.396s][info][gc,heap        ] GC(186) ParOldGen: 1695298K(2914816K)->1797802K(2914816K)
[539.396s][info][gc,metaspace   ] GC(186) Metaspace: 28931K(29248K)->28931K(29248K) NonClass: 24042K(24128K)->24042K(24128K) Class: 4888K(5120K)->4888K(5120K)
[539.396s][info][gc             ] GC(186) Pause Young (Allocation Failure) 4213M->1903M(5411M) 104.363ms
[539.397s][info][gc,cpu         ] GC(186) User=0.62s Sys=0.00s Real=0.10s
..[541.028s][info][gc,start       ] GC(187) Pause Young (Allocation Failure)
[541.131s][info][gc,heap        ] GC(187) PSYoungGen: 2607519K(2626560K)->154250K(2611200K) Eden: 2456576K(2456576K)->0K(2456576K) From: 150943K(169984K)->154250K(154624K)
[541.131s][info][gc,heap        ] GC(187) ParOldGen: 1797802K(2914816K)->1886594K(2914816K)
[541.131s][info][gc,metaspace   ] GC(187) Metaspace: 28931K(29248K)->28931K(29248K) NonClass: 24042K(24128K)->24042K(24128K) Class: 4888K(5120K)->4888K(5120K)
[541.131s][info][gc             ] GC(187) Pause Young (Allocation Failure) 4302M->1993M(5396M) 102.494ms
[541.131s][info][gc,cpu         ] GC(187) User=0.61s Sys=0.01s Real=0.10s
.[542.713s][info][gc,start       ] GC(188) Pause Young (Allocation Failure)
[542.815s][info][gc,heap        ] GC(188) PSYoungGen: 2610826K(2611200K)->154665K(2626048K) Eden: 2456576K(2456576K)->0K(2458112K) From: 154250K(154624K)->154665K(167936K)
[542.815s][info][gc,heap        ] GC(188) ParOldGen: 1886594K(2914816K)->1979674K(2914816K)
[542.815s][info][gc,metaspace   ] GC(188) Metaspace: 28931K(29248K)->28931K(29248K) NonClass: 24042K(24128K)->24042K(24128K) Class: 4888K(5120K)->4888K(5120K)
[542.815s][info][gc             ] GC(188) Pause Young (Allocation Failure) 4392M->2084M(5411M) 101.214ms
[542.815s][info][gc,cpu         ] GC(188) User=0.60s Sys=0.00s Real=0.10s
.[544.439s][info][gc,start       ] GC(189) Pause Young (Allocation Failure)
[544.537s][info][gc,heap        ] GC(189) PSYoungGen: 2612777K(2626048K)->148960K(2625024K) Eden: 2458112K(2458112K)->0K(2458112K) From: 154665K(167936K)->148960K(166912K)
[544.537s][info][gc,heap        ] GC(189) ParOldGen: 1979674K(2914816K)->2073874K(2914816K)
[544.537s][info][gc,metaspace   ] GC(189) Metaspace: 28931K(29248K)->28931K(29248K) NonClass: 24042K(24128K)->24042K(24128K) Class: 4888K(5120K)->4888K(5120K)
[544.537s][info][gc             ] GC(189) Pause Young (Allocation Failure) 4484M->2170M(5410M) 97.959ms
[544.537s][info][gc,cpu         ] GC(189) User=0.58s Sys=0.00s Real=0.09s
..[546.020s][info][gc,start       ] GC(190) Pause Young (Allocation Failure)
[546.128s][info][gc,heap        ] GC(190) PSYoungGen: 2607072K(2625024K)->166368K(2550784K) Eden: 2458112K(2458112K)->0K(2384384K) From: 148960K(166912K)->166368K(166400K)
[546.128s][info][gc,heap        ] GC(190) ParOldGen: 2073874K(2914816K)->2169986K(2914816K)
[546.128s][info][gc,metaspace   ] GC(190) Metaspace: 28931K(29248K)->28931K(29248K) NonClass: 24042K(24128K)->24042K(24128K) Class: 4888K(5120K)->4888K(5120K)
[546.128s][info][gc             ] GC(190) Pause Young (Allocation Failure) 4571M->2281M(5337M) 107.992ms
[546.128s][info][gc,cpu         ] GC(190) User=0.64s Sys=0.00s Real=0.11s
.[547.551s][info][gc,start       ] GC(191) Pause Young (Allocation Failure)
[547.701s][info][gc,heap        ] GC(191) PSYoungGen: 2550752K(2550784K)->153174K(2590208K) Eden: 2384384K(2384384K)->0K(2384384K) From: 166368K(166400K)->153174K(205824K)
[547.701s][info][gc,heap        ] GC(191) ParOldGen: 2169986K(2914816K)->2268954K(2914816K)
[547.701s][info][gc,metaspace   ] GC(191) Metaspace: 28931K(29248K)->28931K(29248K) NonClass: 24042K(24128K)->24042K(24128K) Class: 4888K(5120K)->4888K(5120K)
[547.701s][info][gc             ] GC(191) Pause Young (Allocation Failure) 4610M->2365M(5376M) 149.627ms
[547.701s][info][gc,cpu         ] GC(191) User=0.61s Sys=0.00s Real=0.15s
.[549.179s][info][gc,start       ] GC(192) Pause Young (Allocation Failure)
[549.287s][info][gc,heap        ] GC(192) PSYoungGen: 2537558K(2590208K)->162528K(2579456K) Eden: 2384384K(2384384K)->0K(2386944K) From: 153174K(205824K)->162528K(192512K)
[549.287s][info][gc,heap        ] GC(192) ParOldGen: 2268954K(2914816K)->2364674K(2914816K)
[549.287s][info][gc,metaspace   ] GC(192) Metaspace: 28931K(29248K)->28931K(29248K) NonClass: 24042K(24128K)->24042K(24128K) Class: 4888K(5120K)->4888K(5120K)
[549.287s][info][gc             ] GC(192) Pause Young (Allocation Failure) 4693M->2467M(5365M) 107.626ms
[549.287s][info][gc,cpu         ] GC(192) User=0.64s Sys=0.00s Real=0.10s
..[550.786s][info][gc,start       ] GC(193) Pause Young (Allocation Failure)
[550.891s][info][gc,heap        ] GC(193) PSYoungGen: 2549472K(2579456K)->159760K(2586112K) Eden: 2386944K(2386944K)->0K(2386944K) From: 162528K(192512K)->159760K(199168K)
[550.891s][info][gc,heap        ] GC(193) ParOldGen: 2364674K(2914816K)->2464842K(2914816K)
[550.891s][info][gc,metaspace   ] GC(193) Metaspace: 28931K(29248K)->28931K(29248K) NonClass: 24042K(24128K)->24042K(24128K) Class: 4888K(5120K)->4888K(5120K)
[550.891s][info][gc             ] GC(193) Pause Young (Allocation Failure) 4798M->2563M(5372M) 105.387ms
[550.891s][info][gc,cpu         ] GC(193) User=0.63s Sys=0.00s Real=0.11s
 (rIR:aIR:PR = 12440:12634:12271) (tPR = 179410) [OK] 
   550s:       trying IR =  12618 [552.413s][info][gc,start       ] GC(194) Pause Young (Allocation Failure)
[552.513s][info][gc,heap        ] GC(194) PSYoungGen: 2546704K(2586112K)->148132K(2591744K) Eden: 2386944K(2386944K)->0K(2400768K) From: 159760K(199168K)->148132K(190976K)
[552.513s][info][gc,heap        ] GC(194) ParOldGen: 2464842K(2914816K)->2557058K(2914816K)
[552.513s][info][gc,metaspace   ] GC(194) Metaspace: 28931K(29248K)->28931K(29248K) NonClass: 24042K(24128K)->24042K(24128K) Class: 4888K(5120K)->4888K(5120K)
[552.513s][info][gc             ] GC(194) Pause Young (Allocation Failure) 4894M->2641M(5377M) 99.364ms
[552.513s][info][gc,cpu         ] GC(194) User=0.59s Sys=0.00s Real=0.10s
..[554.117s][info][gc,start       ] GC(195) Pause Young (Allocation Failure)
[554.216s][info][gc,heap        ] GC(195) PSYoungGen: 2548900K(2591744K)->149008K(2595840K) Eden: 2400768K(2400768K)->0K(2400768K) From: 148132K(190976K)->149008K(195072K)
[554.216s][info][gc,heap        ] GC(195) ParOldGen: 2557058K(2914816K)->2650034K(2914816K)
[554.216s][info][gc,metaspace   ] GC(195) Metaspace: 28931K(29248K)->28931K(29248K) NonClass: 24042K(24128K)->24042K(24128K) Class: 4888K(5120K)->4888K(5120K)
[554.216s][info][gc             ] GC(195) Pause Young (Allocation Failure) 4986M->2733M(5381M) 99.075ms
[554.216s][info][gc,cpu         ] GC(195) User=0.59s Sys=0.00s Real=0.10s
.[555.832s][info][gc,start       ] GC(196) Pause Young (Allocation Failure)
[555.935s][info][gc,heap        ] GC(196) PSYoungGen: 2549776K(2595840K)->156583K(2593792K) Eden: 2400768K(2400768K)->0K(2406912K) From: 149008K(195072K)->156583K(186880K)
[555.935s][info][gc,heap        ] GC(196) ParOldGen: 2650034K(2914816K)->2737842K(2914816K)
[555.935s][info][gc,metaspace   ] GC(196) Metaspace: 28931K(29248K)->28931K(29248K) NonClass: 24043K(24128K)->24043K(24128K) Class: 4888K(5120K)->4888K(5120K)
[555.935s][info][gc             ] GC(196) Pause Young (Allocation Failure) 5077M->2826M(5379M) 103.482ms
[555.935s][info][gc,cpu         ] GC(196) User=0.61s Sys=0.00s Real=0.10s
.[557.346s][info][gc,start       ] GC(197) Pause Young (Allocation Failure)
[557.450s][info][gc,heap        ] GC(197) PSYoungGen: 2563495K(2593792K)->162656K(2597888K) Eden: 2406912K(2406912K)->0K(2406912K) From: 156583K(186880K)->162656K(190976K)
[557.450s][info][gc,heap        ] GC(197) ParOldGen: 2737842K(2914816K)->2828010K(2914816K)
[557.450s][info][gc,metaspace   ] GC(197) Metaspace: 28931K(29248K)->28931K(29248K) NonClass: 24043K(24128K)->24043K(24128K) Class: 4888K(5120K)->4888K(5120K)
[557.450s][info][gc             ] GC(197) Pause Young (Allocation Failure) 5177M->2920M(5383M) 104.532ms
[557.450s][info][gc,cpu         ] GC(197) User=0.62s Sys=0.01s Real=0.11s
..[559.077s][info][gc,start       ] GC(198) Pause Young (Allocation Failure)
[559.188s][info][gc,heap        ] GC(198) PSYoungGen: 2569568K(2597888K)->167984K(2604032K) Eden: 2406912K(2406912K)->0K(2416128K) From: 162656K(190976K)->167984K(187904K)
[559.188s][info][gc,heap        ] GC(198) ParOldGen: 2828010K(2914816K)->2928410K(2928640K)
[559.188s][info][gc,metaspace   ] GC(198) Metaspace: 28931K(29248K)->28931K(29248K) NonClass: 24043K(24128K)->24043K(24128K) Class: 4888K(5120K)->4888K(5120K)
[559.188s][info][gc             ] GC(198) Pause Young (Allocation Failure) 5271M->3023M(5403M) 110.984ms
[559.188s][info][gc,cpu         ] GC(198) User=0.66s Sys=0.00s Real=0.11s
.[560.624s][info][gc,start       ] GC(199) Pause Young (Allocation Failure)
[560.776s][info][gc,heap        ] GC(199) PSYoungGen: 2584112K(2604032K)->158688K(2605568K) Eden: 2416128K(2416128K)->0K(2416128K) From: 167984K(187904K)->158688K(189440K)
[560.776s][info][gc,heap        ] GC(199) ParOldGen: 2928410K(2928640K)->3017234K(3017728K)
[560.776s][info][gc,metaspace   ] GC(199) Metaspace: 28931K(29248K)->28931K(29248K) NonClass: 24043K(24128K)->24043K(24128K) Class: 4888K(5120K)->4888K(5120K)
[560.776s][info][gc             ] GC(199) Pause Young (Allocation Failure) 5383M->3101M(5491M) 152.165ms
[560.776s][info][gc,cpu         ] GC(199) User=0.60s Sys=0.02s Real=0.15s
.[562.359s][info][gc,start       ] GC(200) Pause Young (Allocation Failure)
[562.461s][info][gc,heap        ] GC(200) PSYoungGen: 2574816K(2605568K)->141632K(2605056K) Eden: 2416128K(2416128K)->0K(2418176K) From: 158688K(189440K)->141632K(186880K)
[562.461s][info][gc,heap        ] GC(200) ParOldGen: 3017234K(3017728K)->3113930K(3113984K)
[562.461s][info][gc,metaspace   ] GC(200) Metaspace: 28931K(29248K)->28931K(29248K) NonClass: 24043K(24128K)->24043K(24128K) Class: 4888K(5120K)->4888K(5120K)
[562.461s][info][gc             ] GC(200) Pause Young (Allocation Failure) 5460M->3179M(5585M) 101.763ms
[562.461s][info][gc,cpu         ] GC(200) User=0.58s Sys=0.03s Real=0.10s
.. (rIR:aIR:PR = 12618:12306:12324) (tPR = 177735) [OK] 
   563s:       trying IR =  12832 [564.063s][info][gc,start       ] GC(201) Pause Young (Allocation Failure)
[564.169s][info][gc,heap        ] GC(201) PSYoungGen: 2559808K(2605056K)->151925K(2605568K) Eden: 2418176K(2418176K)->0K(2418176K) From: 141632K(186880K)->151925K(187392K)
[564.169s][info][gc,heap        ] GC(201) ParOldGen: 3113930K(3113984K)->3204498K(3204608K)
[564.169s][info][gc,metaspace   ] GC(201) Metaspace: 28931K(29248K)->28931K(29248K) NonClass: 24043K(24128K)->24043K(24128K) Class: 4888K(5120K)->4888K(5120K)
[564.169s][info][gc             ] GC(201) Pause Young (Allocation Failure) 5540M->3277M(5674M) 105.924ms
[564.169s][info][gc,cpu         ] GC(201) User=0.60s Sys=0.03s Real=0.11s
.[565.709s][info][gc,start       ] GC(202) Pause Young (Allocation Failure)
[565.820s][info][gc,heap        ] GC(202) PSYoungGen: 2570101K(2605568K)->161303K(2607616K) Eden: 2418176K(2418176K)->0K(2422784K) From: 151925K(187392K)->161303K(184832K)
[565.820s][info][gc,heap        ] GC(202) ParOldGen: 3204498K(3204608K)->3296242K(3296256K)
[565.820s][info][gc,metaspace   ] GC(202) Metaspace: 28931K(29248K)->28931K(29248K) NonClass: 24043K(24128K)->24043K(24128K) Class: 4888K(5120K)->4888K(5120K)
[565.820s][info][gc             ] GC(202) Pause Young (Allocation Failure) 5639M->3376M(5765M) 110.590ms
[565.820s][info][gc,cpu         ] GC(202) User=0.63s Sys=0.03s Real=0.11s
..[567.406s][info][gc,start       ] GC(203) Pause Young (Allocation Failure)
[567.507s][info][gc,heap        ] GC(203) PSYoungGen: 2584087K(2607616K)->137092K(2607104K) Eden: 2422784K(2422784K)->0K(2422784K) From: 161303K(184832K)->137092K(184320K)
[567.507s][info][gc,heap        ] GC(203) ParOldGen: 3296242K(3296256K)->3392994K(3393024K)
[567.507s][info][gc,metaspace   ] GC(203) Metaspace: 28931K(29248K)->28931K(29248K) NonClass: 24043K(24128K)->24043K(24128K) Class: 4888K(5120K)->4888K(5120K)
[567.507s][info][gc             ] GC(203) Pause Young (Allocation Failure) 5742M->3447M(5859M) 100.876ms
[567.507s][info][gc,cpu         ] GC(203) User=0.57s Sys=0.02s Real=0.10s
.[569.007s][info][gc,start       ] GC(204) Pause Young (Allocation Failure)
[569.112s][info][gc,heap        ] GC(204) PSYoungGen: 2559876K(2607104K)->157090K(2607616K) Eden: 2422784K(2422784K)->0K(2426368K) From: 137092K(184320K)->157090K(181248K)
[569.112s][info][gc,heap        ] GC(204) ParOldGen: 3392994K(3393024K)->3477706K(3478016K)
[569.112s][info][gc,metaspace   ] GC(204) Metaspace: 28931K(29248K)->28931K(29248K) NonClass: 24043K(24128K)->24043K(24128K) Class: 4888K(5120K)->4888K(5120K)
[569.112s][info][gc             ] GC(204) Pause Young (Allocation Failure) 5813M->3549M(5943M) 104.750ms
[569.112s][info][gc,cpu         ] GC(204) User=0.60s Sys=0.03s Real=0.11s
..[570.810s][info][gc,start       ] GC(205) Pause Young (Allocation Failure)
[570.913s][info][gc,heap        ] GC(205) PSYoungGen: 2583458K(2607616K)->144000K(2609152K) Eden: 2426368K(2426368K)->0K(2426368K) From: 157090K(181248K)->144000K(182784K)
[570.913s][info][gc,heap        ] GC(205) ParOldGen: 3477706K(3478016K)->3576642K(3576832K)
[570.913s][info][gc,metaspace   ] GC(205) Metaspace: 28931K(29248K)->28931K(29248K) NonClass: 24043K(24128K)->24043K(24128K) Class: 4888K(5120K)->4888K(5120K)
[570.913s][info][gc             ] GC(205) Pause Young (Allocation Failure) 5919M->3633M(6041M) 102.910ms
[570.913s][info][gc,cpu         ] GC(205) User=0.58s Sys=0.03s Real=0.10s
.[572.401s][info][gc,start       ] GC(206) Pause Young (Allocation Failure)
[572.504s][info][gc,heap        ] GC(206) PSYoungGen: 2570368K(2609152K)->151232K(2608640K) Eden: 2426368K(2426368K)->0K(2430976K) From: 144000K(182784K)->151232K(177664K)
[572.504s][info][gc,heap        ] GC(206) ParOldGen: 3576642K(3576832K)->3663226K(3663360K)
[572.504s][info][gc,metaspace   ] GC(206) Metaspace: 28931K(29248K)->28931K(29248K) NonClass: 24043K(24128K)->24043K(24128K) Class: 4888K(5120K)->4888K(5120K)
[572.504s][info][gc             ] GC(206) Pause Young (Allocation Failure) 6002M->3725M(6125M) 102.636ms
[572.504s][info][gc,cpu         ] GC(206) User=0.58s Sys=0.03s Real=0.10s
.[574.067s][info][gc,start       ] GC(207) Pause Young (Allocation Failure)
[574.179s][info][gc,heap        ] GC(207) PSYoungGen: 2582208K(2608640K)->163732K(2611200K) Eden: 2430976K(2430976K)->0K(2430976K) From: 151232K(177664K)->163732K(180224K)
[574.179s][info][gc,heap        ] GC(207) ParOldGen: 3663226K(3663360K)->3760914K(3761152K)
[574.179s][info][gc,metaspace   ] GC(207) Metaspace: 28931K(29248K)->28931K(29248K) NonClass: 24043K(24128K)->24043K(24128K) Class: 4888K(5120K)->4888K(5120K)
[574.179s][info][gc             ] GC(207) Pause Young (Allocation Failure) 6099M->3832M(6223M) 111.967ms
[574.179s][info][gc,cpu         ] GC(207) User=0.63s Sys=0.03s Real=0.11s
..[575.734s][info][gc,start       ] GC(208) Pause Young (Allocation Failure)
[575.835s][info][gc,heap        ] GC(208) PSYoungGen: 2594708K(2611200K)->145952K(2615296K) Eden: 2430976K(2430976K)->0K(2435072K) From: 163732K(180224K)->145952K(180224K)
[575.835s][info][gc,heap        ] GC(208) ParOldGen: 3760914K(3761152K)->3852146K(3852288K)
[575.835s][info][gc,metaspace   ] GC(208) Metaspace: 28931K(29248K)->28931K(29248K) NonClass: 24043K(24128K)->24043K(24128K) Class: 4888K(5120K)->4888K(5120K)
[575.835s][info][gc             ] GC(208) Pause Young (Allocation Failure) 6206M->3904M(6316M) 101.112ms
[575.835s][info][gc,cpu         ] GC(208) User=0.57s Sys=0.03s Real=0.10s
.[577.383s][info][gc,start       ] GC(209) Pause Young (Allocation Failure)
[577.491s][info][gc,heap        ] GC(209) PSYoungGen: 2581024K(2615296K)->155168K(2590720K) Eden: 2435072K(2435072K)->0K(2435072K) From: 145952K(180224K)->155168K(155648K)
[577.491s][info][gc,heap        ] GC(209) ParOldGen: 3852146K(3852288K)->3949122K(3949568K)
[577.491s][info][gc,metaspace   ] GC(209) Metaspace: 28931K(29248K)->28931K(29248K) NonClass: 24043K(24128K)->24043K(24128K) Class: 4888K(5120K)->4888K(5120K)
[577.491s][info][gc             ] GC(209) Pause Young (Allocation Failure) 6282M->4008M(6387M) 107.780ms
[577.491s][info][gc,cpu         ] GC(209) User=0.60s Sys=0.05s Real=0.11s
.[578.988s][info][gc,start       ] GC(210) Pause Young (Allocation Failure)
[579.093s][info][gc,heap        ] GC(210) PSYoungGen: 2590240K(2590720K)->156544K(2614784K) Eden: 2435072K(2435072K)->0K(2437120K) From: 155168K(155648K)->156544K(177664K)
[579.093s][info][gc,heap        ] GC(210) ParOldGen: 3949122K(3949568K)->4037750K(4038144K)
[579.093s][info][gc,metaspace   ] GC(210) Metaspace: 28931K(29248K)->28931K(29248K) NonClass: 24043K(24128K)->24043K(24128K) Class: 4888K(5120K)->4888K(5120K)
[579.093s][info][gc             ] GC(210) Pause Young (Allocation Failure) 6386M->4095M(6497M) 105.226ms
[579.093s][info][gc,cpu         ] GC(210) User=0.60s Sys=0.02s Real=0.10s
..[580.631s][info][gc,start       ] GC(211) Pause Young (Allocation Failure)
[580.795s][info][gc,heap        ] GC(211) PSYoungGen: 2593664K(2614784K)->162025K(2613248K) Eden: 2437120K(2437120K)->0K(2437120K) From: 156544K(177664K)->162025K(176128K)
[580.795s][info][gc,heap        ] GC(211) ParOldGen: 4037750K(4038144K)->4137070K(4137472K)
[580.795s][info][gc,metaspace   ] GC(211) Metaspace: 28931K(29248K)->28931K(29248K) NonClass: 24043K(24128K)->24043K(24128K) Class: 4888K(5120K)->4888K(5120K)
[580.795s][info][gc             ] GC(211) Pause Young (Allocation Failure) 6475M->4198M(6592M) 163.964ms
[580.795s][info][gc,cpu         ] GC(211) User=0.66s Sys=0.03s Real=0.16s
.[582.265s][info][gc,start       ] GC(212) Pause Young (Allocation Failure)
[582.382s][info][gc,heap        ] GC(212) PSYoungGen: 2599145K(2613248K)->174922K(2609152K) Eden: 2437120K(2437120K)->0K(2432512K) From: 162025K(176128K)->174922K(176640K)
[582.382s][info][gc,heap        ] GC(212) ParOldGen: 4137070K(4137472K)->4225110K(4225536K)
[582.382s][info][gc,metaspace   ] GC(212) Metaspace: 28931K(29248K)->28931K(29248K) NonClass: 24043K(24128K)->24043K(24128K) Class: 4888K(5120K)->4888K(5120K)
[582.382s][info][gc             ] GC(212) Pause Young (Allocation Failure) 6578M->4296M(6674M) 116.753ms
[582.382s][info][gc,cpu         ] GC(212) User=0.67s Sys=0.03s Real=0.12s
.[584.067s][info][gc,start       ] GC(213) Pause Young (Allocation Failure)
[584.181s][info][gc,heap        ] GC(213) PSYoungGen: 2607434K(2609152K)->163322K(2614272K) Eden: 2432512K(2432512K)->0K(2432512K) From: 174922K(176640K)->163322K(181760K)
[584.181s][info][gc,heap        ] GC(213) ParOldGen: 4225110K(4225536K)->4320726K(4320768K)
[584.181s][info][gc,metaspace   ] GC(213) Metaspace: 28931K(29248K)->28931K(29248K) NonClass: 24043K(24128K)->24043K(24128K) Class: 4888K(5120K)->4888K(5120K)
[584.181s][info][gc             ] GC(213) Pause Young (Allocation Failure) 6672M->4378M(6772M) 114.035ms
[584.181s][info][gc,cpu         ] GC(213) User=0.66s Sys=0.02s Real=0.12s
..[585.730s][info][gc,start       ] GC(214) Pause Young (Allocation Failure)
[585.836s][info][gc,heap        ] GC(214) PSYoungGen: 2595834K(2614272K)->157076K(2609152K) Eden: 2432512K(2432512K)->0K(2432512K) From: 163322K(181760K)->157076K(176640K)
[585.836s][info][gc,heap        ] GC(214) ParOldGen: 4320726K(4320768K)->4407858K(4408320K)
[585.836s][info][gc,metaspace   ] GC(214) Metaspace: 28934K(29248K)->28934K(29248K) NonClass: 24046K(24128K)->24046K(24128K) Class: 4888K(5120K)->4888K(5120K)
[585.836s][info][gc             ] GC(214) Pause Young (Allocation Failure) 6754M->4457M(6853M) 106.602ms
[585.836s][info][gc,cpu         ] GC(214) User=0.61s Sys=0.02s Real=0.10s
.[587.317s][info][gc,start       ] GC(215) Pause Young (Allocation Failure)
[587.426s][info][gc,heap        ] GC(215) PSYoungGen: 2589588K(2609152K)->150116K(2611712K) Eden: 2432512K(2432512K)->0K(2432512K) From: 157076K(176640K)->150116K(179200K)
[587.426s][info][gc,heap        ] GC(215) ParOldGen: 4407858K(4408320K)->4506142K(4506624K)
[587.426s][info][gc,metaspace   ] GC(215) Metaspace: 28934K(29248K)->28934K(29248K) NonClass: 24046K(24128K)->24046K(24128K) Class: 4888K(5120K)->4888K(5120K)
[587.426s][info][gc             ] GC(215) Pause Young (Allocation Failure) 6833M->4547M(6951M) 109.228ms
[587.426s][info][gc,cpu         ] GC(215) User=0.62s Sys=0.02s Real=0.11s
.[588.985s][info][gc,start       ] GC(216) Pause Young (Allocation Failure)
[589.102s][info][gc,heap        ] GC(216) PSYoungGen: 2582628K(2611712K)->172597K(2610176K) Eden: 2432512K(2432512K)->0K(2431488K) From: 150116K(179200K)->172597K(178688K)
[589.102s][info][gc,heap        ] GC(216) ParOldGen: 4506142K(4506624K)->4599886K(4600320K)
[589.102s][info][gc,metaspace   ] GC(216) Metaspace: 28934K(29248K)->28934K(29248K) NonClass: 24046K(24128K)->24046K(24128K) Class: 4888K(5120K)->4888K(5120K)
[589.102s][info][gc             ] GC(216) Pause Young (Allocation Failure) 6922M->4660M(7041M) 116.445ms
[589.102s][info][gc,cpu         ] GC(216) User=0.67s Sys=0.02s Real=0.12s
..[590.536s][info][gc,start       ] GC(217) Pause Young (Allocation Failure)
[590.693s][info][gc,heap        ] GC(217) PSYoungGen: 2604085K(2610176K)->164416K(2613760K) Eden: 2431488K(2431488K)->0K(2431488K) From: 172597K(178688K)->164416K(182272K)
[590.693s][info][gc,heap        ] GC(217) ParOldGen: 4599886K(4600320K)->4691566K(4691968K)
[590.693s][info][gc,metaspace   ] GC(217) Metaspace: 28934K(29248K)->28934K(29248K) NonClass: 24046K(24128K)->24046K(24128K) Class: 4888K(5120K)->4888K(5120K)
[590.693s][info][gc             ] GC(217) Pause Young (Allocation Failure) 7035M->4742M(7134M) 157.316ms
[590.693s][info][gc,cpu         ] GC(217) User=0.64s Sys=0.02s Real=0.16s
.[592.283s][info][gc,start       ] GC(218) Pause Young (Allocation Failure)
[592.388s][info][gc,heap        ] GC(218) PSYoungGen: 2595904K(2613760K)->142000K(2612224K) Eden: 2431488K(2431488K)->0K(2430464K) From: 164416K(182272K)->142000K(181760K)
[592.388s][info][gc,heap        ] GC(218) ParOldGen: 4691566K(4691968K)->4789638K(4789760K)
[592.388s][info][gc,metaspace   ] GC(218) Metaspace: 28934K(29248K)->28934K(29248K) NonClass: 24046K(24128K)->24046K(24128K) Class: 4888K(5120K)->4888K(5120K)
[592.388s][info][gc             ] GC(218) Pause Young (Allocation Failure) 7116M->4816M(7228M) 104.973ms
[592.388s][info][gc,cpu         ] GC(218) User=0.59s Sys=0.03s Real=0.11s
.[593.955s][info][gc,start       ] GC(219) Pause Young (Allocation Failure)
[594.055s][info][gc,heap        ] GC(219) PSYoungGen: 2572464K(2612224K)->141952K(2613248K) Eden: 2430464K(2430464K)->0K(2430464K) From: 142000K(181760K)->141952K(182784K)
[594.055s][info][gc,heap        ] GC(219) ParOldGen: 4789638K(4789760K)->4879734K(4879872K)
[594.056s][info][gc,metaspace   ] GC(219) Metaspace: 28934K(29248K)->28934K(29248K) NonClass: 24046K(24128K)->24046K(24128K) Class: 4888K(5120K)->4888K(5120K)
[594.056s][info][gc             ] GC(219) Pause Young (Allocation Failure) 7189M->4903M(7317M) 101.006ms
[594.056s][info][gc,cpu         ] GC(219) User=0.56s Sys=0.04s Real=0.10s
. (rIR:aIR:PR = 12832:12817:12190) (tPR = 177881) [PR is under limit] 
   594s: Re-initializing (term[595.520s][info][gc,start       ] GC(220) Pause Young (Allocation Failure)
[595.632s][info][gc,heap        ] GC(220) PSYoungGen: 2572416K(2613248K)->163840K(2612224K) Eden: 2430464K(2430464K)->0K(2429440K) From: 141952K(182784K)->163840K(182784K)
[595.633s][info][gc,heap        ] GC(220) ParOldGen: 4879734K(4879872K)->4974902K(4975104K)
[595.633s][info][gc,metaspace   ] GC(220) Metaspace: 28934K(29248K)->28934K(29248K) NonClass: 24046K(24128K)->24046K(24128K) Class: 4888K(5120K)->4888K(5120K)
[595.633s][info][gc             ] GC(220) Pause Young (Allocation Failure) 7277M->5018M(7409M) 112.100ms
[595.633s][info][gc,cpu         ] GC(220) User=0.65s Sys=0.02s Real=0.11s
[597.239s][info][gc,start       ] GC(221) Pause Young (Allocation Failure)
[597.366s][info][gc,heap        ] GC(221) PSYoungGen: 2593280K(2612224K)->171648K(2601472K) Eden: 2429440K(2429440K)->0K(2429440K) From: 163840K(182784K)->171648K(172032K)
[597.366s][info][gc,heap        ] GC(221) ParOldGen: 4974902K(4975104K)->5093606K(5093888K)
[597.366s][info][gc,metaspace   ] GC(221) Metaspace: 28934K(29248K)->28934K(29248K) NonClass: 24046K(24128K)->24046K(24128K) Class: 4888K(5120K)->4888K(5120K)
[597.366s][info][gc             ] GC(221) Pause Young (Allocation Failure) 7390M->5141M(7515M) 127.487ms
[597.366s][info][gc,cpu         ] GC(221) User=0.71s Sys=0.05s Real=0.12s
) [597.951s][info][gc,start       ] GC(222) Pause Full (System.gc())
[597.951s][info][gc,phases,start] GC(222) Marking Phase
[597.972s][info][gc,phases      ] GC(222) Marking Phase 20.864ms
[597.972s][info][gc,phases,start] GC(222) Summary Phase
[597.972s][info][gc,phases      ] GC(222) Summary Phase 0.063ms
[597.972s][info][gc,phases,start] GC(222) Forward
[597.977s][info][gc,phases      ] GC(222) Forward 5.210ms
[597.977s][info][gc,phases,start] GC(222) Adjust Pointers
[597.993s][info][gc,phases      ] GC(222) Adjust Pointers 15.779ms
[597.993s][info][gc,phases,start] GC(222) Compaction Phase
[598.003s][info][gc,phases      ] GC(222) Compaction Phase 10.286ms
[598.003s][info][gc,phases,start] GC(222) Post Compact
[598.008s][info][gc,phases      ] GC(222) Post Compact 5.198ms
[598.008s][info][gc,heap        ] GC(222) PSYoungGen: 1038089K(2601472K)->0K(2601472K) Eden: 866441K(2429440K)->0K(2429440K) From: 171648K(172032K)->0K(172032K)
[598.008s][info][gc,heap        ] GC(222) ParOldGen: 5093606K(5093888K)->311906K(5093888K)
[598.008s][info][gc,metaspace   ] GC(222) Metaspace: 28935K(29248K)->28935K(29248K) NonClass: 24047K(24128K)->24047K(24128K) Class: 4888K(5120K)->4888K(5120K)
[598.008s][info][gc             ] GC(222) Pause Full (System.gc()) 5987M->304M(7515M) 57.659ms
[598.008s][info][gc,cpu         ] GC(222) User=0.24s Sys=0.01s Real=0.06s
(init[600.000s][info][gc,start       ] GC(223) Pause Young (Allocation Failure)
[600.258s][info][gc,heap        ] GC(223) PSYoungGen: 2429440K(2601472K)->185824K(2323456K) Eden: 2429440K(2429440K)->0K(2137600K) From: 0K(172032K)->185824K(185856K)
[600.258s][info][gc,heap        ] GC(223) ParOldGen: 311906K(5093888K)->678672K(5093888K)
[600.258s][info][gc,metaspace   ] GC(223) Metaspace: 28936K(29248K)->28936K(29248K) NonClass: 24048K(24128K)->24048K(24128K) Class: 4888K(5120K)->4888K(5120K)
[600.258s][info][gc             ] GC(223) Pause Young (Allocation Failure) 2677M->844M(7243M) 257.848ms
[600.258s][info][gc,cpu         ] GC(223) User=1.53s Sys=0.01s Real=0.26s
) ... OK
   604s: Searching from base IR = 12618
   604s:       rampup IR =      0 ... (rIR:aIR:PR = 0:0:0) (tPR = 0) [OK] 
   607s:       rampup IR =   1262 ..[609.801s][info][gc,start       ] GC(224) Pause Young (Allocation Failure)
[610.087s][info][gc,heap        ] GC(224) PSYoungGen: 2323424K(2323456K)->329198K(2466816K) Eden: 2137600K(2137600K)->0K(2137600K) From: 185824K(185856K)->329198K(329216K)
[610.087s][info][gc,heap        ] GC(224) ParOldGen: 678672K(5093888K)->1110921K(5093888K)
[610.087s][info][gc,metaspace   ] GC(224) Metaspace: 28951K(29312K)->28951K(29312K) NonClass: 24063K(24192K)->24063K(24192K) Class: 4888K(5120K)->4888K(5120K)
[610.087s][info][gc             ] GC(224) Pause Young (Allocation Failure) 2931M->1406M(7383M) 286.315ms
[610.087s][info][gc,cpu         ] GC(224) User=1.71s Sys=0.00s Real=0.28s
.. (rIR:aIR:PR = 1262:1274:1273) (tPR = 18166) [OK] 
   611s:       rampup IR =   2524 .... (rIR:aIR:PR = 2524:2540:2540) (tPR = 36750) [OK] 
   615s:       rampup IR =   3785 .[616.916s][info][gc,start       ] GC(225) Pause Young (Allocation Failure)
[617.055s][info][gc,heap        ] GC(225) PSYoungGen: 2466798K(2466816K)->126336K(2086912K) Eden: 2137600K(2137600K)->0K(1757696K) From: 329198K(329216K)->126336K(329216K)
[617.055s][info][gc,heap        ] GC(225) ParOldGen: 1110921K(5093888K)->1340019K(5093888K)
[617.055s][info][gc,metaspace   ] GC(225) Metaspace: 28953K(29376K)->28953K(29376K) NonClass: 24065K(24256K)->24065K(24256K) Class: 4888K(5120K)->4888K(5120K)
[617.055s][info][gc             ] GC(225) Pause Young (Allocation Failure) 3493M->1431M(7012M) 138.896ms
[617.055s][info][gc,cpu         ] GC(225) User=0.82s Sys=0.00s Real=0.14s
... (rIR:aIR:PR = 3785:3755:3755) (tPR = 56358) [OK] 
   619s:       rampup IR =   5047 [620.470s][info][gc,start       ] GC(226) Pause Young (Allocation Failure)
[620.557s][info][gc,heap        ] GC(226) PSYoungGen: 1884032K(2086912K)->110560K(2276864K) Eden: 1757696K(1757696K)->0K(1757696K) From: 126336K(329216K)->110560K(519168K)
[620.557s][info][gc,heap        ] GC(226) ParOldGen: 1340019K(5093888K)->1434183K(5093888K)
[620.557s][info][gc,metaspace   ] GC(226) Metaspace: 28955K(29376K)->28955K(29376K) NonClass: 24066K(24256K)->24066K(24256K) Class: 4888K(5120K)->4888K(5120K)
[620.557s][info][gc             ] GC(226) Pause Young (Allocation Failure) 3148M->1508M(7198M) 86.953ms
[620.557s][info][gc,cpu         ] GC(226) User=0.52s Sys=0.00s Real=0.08s
...[623.306s][info][gc,start       ] GC(227) Pause Young (Allocation Failure)
[623.385s][info][gc,heap        ] GC(227) PSYoungGen: 1868256K(2276864K)->112016K(2253824K) Eden: 1757696K(1757696K)->0K(1763328K) From: 110560K(519168K)->112016K(490496K)
[623.385s][info][gc,heap        ] GC(227) ParOldGen: 1434183K(5093888K)->1514584K(5093888K)
[623.385s][info][gc,metaspace   ] GC(227) Metaspace: 28957K(29376K)->28957K(29376K) NonClass: 24067K(24256K)->24067K(24256K) Class: 4889K(5120K)->4889K(5120K)
[623.385s][info][gc             ] GC(227) Pause Young (Allocation Failure) 3225M->1588M(7175M) 79.692ms
[623.385s][info][gc,cpu         ] GC(227) User=0.47s Sys=0.00s Real=0.08s
.. (rIR:aIR:PR = 5047:5133:5138) (tPR = 76053) [OK] 
   624s:       rampup IR =   6309 .[625.963s][info][gc,start       ] GC(228) Pause Young (Allocation Failure)
[626.041s][info][gc,heap        ] GC(228) PSYoungGen: 1875344K(2253824K)->114368K(2268160K) Eden: 1763328K(1763328K)->0K(1763328K) From: 112016K(490496K)->114368K(504832K)
[626.041s][info][gc,heap        ] GC(228) ParOldGen: 1514584K(5093888K)->1591600K(5093888K)
[626.041s][info][gc,metaspace   ] GC(228) Metaspace: 28957K(29376K)->28957K(29376K) NonClass: 24067K(24256K)->24067K(24256K) Class: 4889K(5120K)->4889K(5120K)
[626.041s][info][gc             ] GC(228) Pause Young (Allocation Failure) 3310M->1665M(7189M) 78.164ms
[626.041s][info][gc,cpu         ] GC(228) User=0.47s Sys=0.00s Real=0.08s
..[628.279s][info][gc,start       ] GC(229) Pause Young (Allocation Failure)
[628.358s][info][gc,heap        ] GC(229) PSYoungGen: 1877696K(2268160K)->109040K(2263552K) Eden: 1763328K(1763328K)->0K(1797632K) From: 114368K(504832K)->109040K(465920K)
[628.358s][info][gc,heap        ] GC(229) ParOldGen: 1591600K(5093888K)->1674840K(5093888K)
[628.358s][info][gc,metaspace   ] GC(229) Metaspace: 28957K(29376K)->28957K(29376K) NonClass: 24067K(24256K)->24067K(24256K) Class: 4889K(5120K)->4889K(5120K)
[628.358s][info][gc             ] GC(229) Pause Young (Allocation Failure) 3387M->1742M(7185M) 79.049ms
[628.358s][info][gc,cpu         ] GC(229) User=0.47s Sys=0.00s Real=0.08s
. (rIR:aIR:PR = 6309:6293:6293) (tPR = 93981) [OK] 
   628s:       rampup IR =   7571 .[630.343s][info][gc,start       ] GC(230) Pause Young (Allocation Failure)
[630.422s][info][gc,heap        ] GC(230) PSYoungGen: 1906672K(2263552K)->119312K(2278912K) Eden: 1797632K(1797632K)->0K(1797632K) From: 109040K(465920K)->119312K(481280K)
[630.422s][info][gc,heap        ] GC(230) ParOldGen: 1674840K(5093888K)->1751324K(5093888K)
[630.422s][info][gc,metaspace   ] GC(230) Metaspace: 28957K(29376K)->28957K(29376K) NonClass: 24068K(24256K)->24068K(24256K) Class: 4889K(5120K)->4889K(5120K)
[630.422s][info][gc             ] GC(230) Pause Young (Allocation Failure) 3497M->1826M(7200M) 79.421ms
[630.422s][info][gc,cpu         ] GC(230) User=0.48s Sys=0.00s Real=0.08s
..[632.291s][info][gc,start       ] GC(231) Pause Young (Allocation Failure)
[632.370s][info][gc,heap        ] GC(231) PSYoungGen: 1916944K(2278912K)->112256K(2286080K) Eden: 1797632K(1797632K)->0K(1848832K) From: 119312K(481280K)->112256K(437248K)
[632.370s][info][gc,heap        ] GC(231) ParOldGen: 1751324K(5093888K)->1832524K(5093888K)
[632.370s][info][gc,metaspace   ] GC(231) Metaspace: 28957K(29376K)->28957K(29376K) NonClass: 24068K(24256K)->24068K(24256K) Class: 4889K(5120K)->4889K(5120K)
[632.370s][info][gc             ] GC(231) Pause Young (Allocation Failure) 3582M->1899M(7207M) 78.372ms
[632.370s][info][gc,cpu         ] GC(231) User=0.47s Sys=0.00s Real=0.08s
. (rIR:aIR:PR = 7571:7610:7610) (tPR = 113256) [OK] 
   632s:       rampup IR =   8833 .[634.065s][info][gc,start       ] GC(232) Pause Young (Allocation Failure)
[634.149s][info][gc,heap        ] GC(232) PSYoungGen: 1961088K(2286080K)->126185K(2300416K) Eden: 1848832K(1848832K)->0K(1848832K) From: 112256K(437248K)->126185K(451584K)
[634.149s][info][gc,heap        ] GC(232) ParOldGen: 1832524K(5093888K)->1909524K(5093888K)
[634.149s][info][gc,metaspace   ] GC(232) Metaspace: 28957K(29376K)->28957K(29376K) NonClass: 24068K(24256K)->24068K(24256K) Class: 4889K(5120K)->4889K(5120K)
[634.149s][info][gc             ] GC(232) Pause Young (Allocation Failure) 3704M->1987M(7221M) 83.985ms
[634.149s][info][gc,cpu         ] GC(232) User=0.50s Sys=0.00s Real=0.09s
..[635.810s][info][gc,start       ] GC(233) Pause Young (Allocation Failure)
[635.894s][info][gc,heap        ] GC(233) PSYoungGen: 1975017K(2300416K)->120261K(2315264K) Eden: 1848832K(1848832K)->0K(1910784K) From: 126185K(451584K)->120261K(404480K)
[635.894s][info][gc,heap        ] GC(233) ParOldGen: 1909524K(5093888K)->1992124K(5093888K)
[635.894s][info][gc,metaspace   ] GC(233) Metaspace: 28957K(29376K)->28957K(29376K) NonClass: 24068K(24256K)->24068K(24256K) Class: 4889K(5120K)->4889K(5120K)
[635.894s][info][gc             ] GC(233) Pause Young (Allocation Failure) 3793M->2062M(7235M) 83.635ms
[635.894s][info][gc,cpu         ] GC(233) User=0.49s Sys=0.00s Real=0.08s
. (rIR:aIR:PR = 8833:8921:8920) (tPR = 135222) [OK] 
   636s:       rampup IR =  10094 [637.495s][info][gc,start       ] GC(234) Pause Young (Allocation Failure)
[637.580s][info][gc,heap        ] GC(234) PSYoungGen: 2031045K(2315264K)->125316K(2328064K) Eden: 1910784K(1910784K)->0K(1910784K) From: 120261K(404480K)->125316K(417280K)
[637.580s][info][gc,heap        ] GC(234) ParOldGen: 1992124K(5093888K)->2072653K(5093888K)
[637.580s][info][gc,metaspace   ] GC(234) Metaspace: 28957K(29376K)->28957K(29376K) NonClass: 24068K(24256K)->24068K(24256K) Class: 4889K(5120K)->4889K(5120K)
[637.580s][info][gc             ] GC(234) Pause Young (Allocation Failure) 3928M->2146M(7248M) 85.184ms
[637.580s][info][gc,cpu         ] GC(234) User=0.50s Sys=0.00s Real=0.09s
..[639.085s][info][gc,start       ] GC(235) Pause Young (Allocation Failure)
[639.165s][info][gc,heap        ] GC(235) PSYoungGen: 2036100K(2328064K)->114432K(2353152K) Eden: 1910784K(1910784K)->0K(1978368K) From: 125316K(417280K)->114432K(374784K)
[639.165s][info][gc,heap        ] GC(235) ParOldGen: 2072653K(5093888K)->2154133K(5093888K)
[639.165s][info][gc,metaspace   ] GC(235) Metaspace: 28957K(29376K)->28957K(29376K) NonClass: 24068K(24256K)->24068K(24256K) Class: 4889K(5120K)->4889K(5120K)
[639.165s][info][gc             ] GC(235) Pause Young (Allocation Failure) 4012M->2215M(7272M) 80.108ms
[639.165s][info][gc,cpu         ] GC(235) User=0.47s Sys=0.00s Real=0.08s
..[640.811s][info][gc,start       ] GC(236) Pause Young (Allocation Failure)
[640.901s][info][gc,heap        ] GC(236) PSYoungGen: 2092800K(2353152K)->132293K(2363904K) Eden: 1978368K(1978368K)->0K(1978368K) From: 114432K(374784K)->132293K(385536K)
[640.901s][info][gc,heap        ] GC(236) ParOldGen: 2154133K(5093888K)->2232301K(5093888K)
[640.901s][info][gc,metaspace   ] GC(236) Metaspace: 28963K(29376K)->28963K(29376K) NonClass: 24074K(24256K)->24074K(24256K) Class: 4889K(5120K)->4889K(5120K)
[640.901s][info][gc             ] GC(236) Pause Young (Allocation Failure) 4147M->2309M(7283M) 89.450ms
[640.901s][info][gc,cpu         ] GC(236) User=0.53s Sys=0.00s Real=0.09s
. (rIR:aIR:PR = 10094:9973:9986) (tPR = 149761) [OK] 
   641s:       rampup IR =  11356 [642.319s][info][gc,start       ] GC(237) Pause Young (Allocation Failure)
[642.406s][info][gc,heap        ] GC(237) PSYoungGen: 2110661K(2363904K)->126309K(2385408K) Eden: 1978368K(1978368K)->0K(2042368K) From: 132293K(385536K)->126309K(343040K)
[642.406s][info][gc,heap        ] GC(237) ParOldGen: 2232301K(5093888K)->2318149K(5093888K)
[642.406s][info][gc,metaspace   ] GC(237) Metaspace: 28964K(29376K)->28964K(29376K) NonClass: 24075K(24256K)->24075K(24256K) Class: 4889K(5120K)->4889K(5120K)
[642.406s][info][gc             ] GC(237) Pause Young (Allocation Failure) 4241M->2387M(7304M) 87.132ms
[642.406s][info][gc,cpu         ] GC(237) User=0.52s Sys=0.00s Real=0.08s
..[643.853s][info][gc,start       ] GC(238) Pause Young (Allocation Failure)
[643.939s][info][gc,heap        ] GC(238) PSYoungGen: 2168677K(2385408K)->127668K(2394624K) Eden: 2042368K(2042368K)->0K(2042368K) From: 126309K(343040K)->127668K(352256K)
[643.939s][info][gc,heap        ] GC(238) ParOldGen: 2318149K(5093888K)->2398789K(5093888K)
[643.939s][info][gc,metaspace   ] GC(238) Metaspace: 28964K(29376K)->28964K(29376K) NonClass: 24075K(24256K)->24075K(24256K) Class: 4889K(5120K)->4889K(5120K)
[643.939s][info][gc             ] GC(238) Pause Young (Allocation Failure) 4381M->2467M(7313M) 85.847ms
[643.939s][info][gc,cpu         ] GC(238) User=0.51s Sys=0.00s Real=0.09s
.[645.309s][info][gc,start       ] GC(239) Pause Young (Allocation Failure)
[645.399s][info][gc,heap        ] GC(239) PSYoungGen: 2170036K(2394624K)->132789K(2418688K) Eden: 2042368K(2042368K)->0K(2106368K) From: 127668K(352256K)->132789K(312320K)
[645.399s][info][gc,heap        ] GC(239) ParOldGen: 2398789K(5093888K)->2484529K(5093888K)
[645.399s][info][gc,metaspace   ] GC(239) Metaspace: 28964K(29376K)->28964K(29376K) NonClass: 24075K(24256K)->24075K(24256K) Class: 4889K(5120K)->4889K(5120K)
[645.399s][info][gc             ] GC(239) Pause Young (Allocation Failure) 4461M->2555M(7336M) 90.350ms
[645.399s][info][gc,cpu         ] GC(239) User=0.53s Sys=0.00s Real=0.09s
. (rIR:aIR:PR = 11356:11423:11418) (tPR = 168844) [OK] 
   645s:       rampup IR =  12618 .[646.823s][info][gc,start       ] GC(240) Pause Young (Allocation Failure)
[646.922s][info][gc,heap        ] GC(240) PSYoungGen: 2239157K(2418688K)->145189K(2428416K) Eden: 2106368K(2106368K)->0K(2106368K) From: 132789K(312320K)->145189K(322048K)
[646.922s][info][gc,heap        ] GC(240) ParOldGen: 2484529K(5093888K)->2568009K(5093888K)
[646.922s][info][gc,metaspace   ] GC(240) Metaspace: 28964K(29376K)->28964K(29376K) NonClass: 24075K(24256K)->24075K(24256K) Class: 4889K(5120K)->4889K(5120K)
[646.922s][info][gc             ] GC(240) Pause Young (Allocation Failure) 4612M->2649M(7346M) 98.359ms
[646.922s][info][gc,cpu         ] GC(240) User=0.58s Sys=0.01s Real=0.10s
.[648.244s][info][gc,start       ] GC(241) Pause Young (Allocation Failure)
[648.338s][info][gc,heap        ] GC(241) PSYoungGen: 2251557K(2428416K)->139479K(2452992K) Eden: 2106368K(2106368K)->0K(2168320K) From: 145189K(322048K)->139479K(284672K)
[648.338s][info][gc,heap        ] GC(241) ParOldGen: 2568009K(5093888K)->2655369K(5093888K)
[648.338s][info][gc,metaspace   ] GC(241) Metaspace: 28964K(29376K)->28964K(29376K) NonClass: 24075K(24256K)->24075K(24256K) Class: 4889K(5120K)->4889K(5120K)
[648.338s][info][gc             ] GC(241) Pause Young (Allocation Failure) 4706M->2729M(7370M) 93.952ms
[648.338s][info][gc,cpu         ] GC(241) User=0.55s Sys=0.00s Real=0.10s
.[649.734s][info][gc,start       ] GC(242) Pause Young (Allocation Failure)
[649.831s][info][gc,heap        ] GC(242) PSYoungGen: 2307799K(2452992K)->141239K(2460160K) Eden: 2168320K(2168320K)->0K(2168320K) From: 139479K(284672K)->141239K(291840K)
[649.831s][info][gc,heap        ] GC(242) ParOldGen: 2655369K(5093888K)->2741665K(5093888K)
[649.831s][info][gc,metaspace   ] GC(242) Metaspace: 28964K(29376K)->28964K(29376K) NonClass: 24075K(24256K)->24075K(24256K) Class: 4889K(5120K)->4889K(5120K)
[649.831s][info][gc             ] GC(242) Pause Young (Allocation Failure) 4846M->2815M(7377M) 97.206ms
[649.831s][info][gc,cpu         ] GC(242) User=0.58s Sys=0.00s Real=0.10s
..[651.190s][info][gc,start       ] GC(243) Pause Young (Allocation Failure)
[651.286s][info][gc,heap        ] GC(243) PSYoungGen: 2309559K(2460160K)->139968K(2486784K) Eden: 2168320K(2168320K)->0K(2225664K) From: 141239K(291840K)->139968K(261120K)
[651.286s][info][gc,heap        ] GC(243) ParOldGen: 2741665K(5093888K)->2829233K(5093888K)
[651.286s][info][gc,metaspace   ] GC(243) Metaspace: 28964K(29376K)->28964K(29376K) NonClass: 24075K(24256K)->24075K(24256K) Class: 4889K(5120K)->4889K(5120K)
[651.286s][info][gc             ] GC(243) Pause Young (Allocation Failure) 4932M->2899M(7403M) 95.765ms
[651.286s][info][gc,cpu         ] GC(243) User=0.56s Sys=0.00s Real=0.09s
.[652.744s][info][gc,start       ] GC(244) Pause Young (Allocation Failure)
[652.840s][info][gc,heap        ] GC(244) PSYoungGen: 2365632K(2486784K)->141382K(2492416K) Eden: 2225664K(2225664K)->0K(2225664K) From: 139968K(261120K)->141382K(266752K)
[652.840s][info][gc,heap        ] GC(244) ParOldGen: 2829233K(5093888K)->2914881K(5093888K)
[652.840s][info][gc,metaspace   ] GC(244) Metaspace: 28964K(29376K)->28964K(29376K) NonClass: 24075K(24256K)->24075K(24256K) Class: 4889K(5120K)->4889K(5120K)
[652.840s][info][gc             ] GC(244) Pause Young (Allocation Failure) 5073M->2984M(7408M) 96.570ms
[652.840s][info][gc,cpu         ] GC(244) User=0.57s Sys=0.00s Real=0.10s
. (rIR:aIR:PR = 12618:12318:12213) (tPR = 179576) [OK] 
   653s:    snapshot, IR =  12618 [654.267s][info][gc,start       ] GC(245) Pause Young (Allocation Failure)
[654.361s][info][gc,heap        ] GC(245) PSYoungGen: 2367046K(2492416K)->139504K(2514944K) Eden: 2225664K(2225664K)->0K(2273280K) From: 141382K(266752K)->139504K(241664K)
[654.361s][info][gc,heap        ] GC(245) ParOldGen: 2914881K(5093888K)->3004081K(5093888K)
[654.361s][info][gc,metaspace   ] GC(245) Metaspace: 28964K(29376K)->28964K(29376K) NonClass: 24075K(24256K)->24075K(24256K) Class: 4889K(5120K)->4889K(5120K)
[654.362s][info][gc             ] GC(245) Pause Young (Allocation Failure) 5158M->3069M(7430M) 94.922ms
[654.362s][info][gc,cpu         ] GC(245) User=0.56s Sys=0.00s Real=0.10s
..[655.832s][info][gc,start       ] GC(246) Pause Young (Allocation Failure)
[655.929s][info][gc,heap        ] GC(246) PSYoungGen: 2412784K(2514944K)->143252K(2519552K) Eden: 2273280K(2273280K)->0K(2273280K) From: 139504K(241664K)->143252K(246272K)
[655.929s][info][gc,heap        ] GC(246) ParOldGen: 3004081K(5093888K)->3090705K(5093888K)
[655.929s][info][gc,metaspace   ] GC(246) Metaspace: 28964K(29376K)->28964K(29376K) NonClass: 24075K(24256K)->24075K(24256K) Class: 4889K(5120K)->4889K(5120K)
[655.929s][info][gc             ] GC(246) Pause Young (Allocation Failure) 5289M->3158M(7435M) 97.395ms
[655.929s][info][gc,cpu         ] GC(246) User=0.58s Sys=0.00s Real=0.10s
.[657.350s][info][gc,start       ] GC(247) Pause Young (Allocation Failure)
[657.446s][info][gc,heap        ] GC(247) PSYoungGen: 2416532K(2519552K)->143744K(2537472K) Eden: 2273280K(2273280K)->0K(2313216K) From: 143252K(246272K)->143744K(224256K)
[657.446s][info][gc,heap        ] GC(247) ParOldGen: 3090705K(5093888K)->3182209K(5093888K)
[657.446s][info][gc,metaspace   ] GC(247) Metaspace: 28964K(29376K)->28964K(29376K) NonClass: 24075K(24256K)->24075K(24256K) Class: 4889K(5120K)->4889K(5120K)
[657.446s][info][gc             ] GC(247) Pause Young (Allocation Failure) 5378M->3248M(7452M) 96.821ms
[657.446s][info][gc,cpu         ] GC(247) User=0.57s Sys=0.00s Real=0.09s
..|[658.971s][info][gc,start       ] GC(248) Pause Young (Allocation Failure)
[659.069s][info][gc,heap        ] GC(248) PSYoungGen: 2456960K(2537472K)->142624K(2541056K) Eden: 2313216K(2313216K)->0K(2313216K) From: 143744K(224256K)->142624K(227840K)
[659.069s][info][gc,heap        ] GC(248) ParOldGen: 3182209K(5093888K)->3272193K(5093888K)
[659.069s][info][gc,metaspace   ] GC(248) Metaspace: 28965K(29376K)->28965K(29376K) NonClass: 24075K(24256K)->24075K(24256K) Class: 4889K(5120K)->4889K(5120K)
[659.069s][info][gc             ] GC(248) Pause Young (Allocation Failure) 5507M->3334M(7456M) 98.169ms
[659.069s][info][gc,cpu         ] GC(248) User=0.58s Sys=0.00s Real=0.10s
.[660.536s][info][gc,start       ] GC(249) Pause Young (Allocation Failure)
[660.635s][info][gc,heap        ] GC(249) PSYoungGen: 2455840K(2541056K)->150224K(2561024K) Eden: 2313216K(2313216K)->0K(2348032K) From: 142624K(227840K)->150224K(212992K)
[660.635s][info][gc,heap        ] GC(249) ParOldGen: 3272193K(5093888K)->3360865K(5093888K)
[660.635s][info][gc,metaspace   ] GC(249) Metaspace: 28965K(29376K)->28965K(29376K) NonClass: 24075K(24256K)->24075K(24256K) Class: 4889K(5120K)->4889K(5120K)
[660.635s][info][gc             ] GC(249) Pause Young (Allocation Failure) 5593M->3428M(7475M) 99.224ms
[660.635s][info][gc,cpu         ] GC(249) User=0.59s Sys=0.00s Real=0.10s
..[662.125s][info][gc,start       ] GC(250) Pause Young (Allocation Failure)
[662.221s][info][gc,heap        ] GC(250) PSYoungGen: 2498256K(2561024K)->143312K(2562560K) Eden: 2348032K(2348032K)->0K(2348032K) From: 150224K(212992K)->143312K(214528K)
[662.221s][info][gc,heap        ] GC(250) ParOldGen: 3360865K(5093888K)->3449809K(5093888K)
[662.221s][info][gc,metaspace   ] GC(250) Metaspace: 28965K(29376K)->28965K(29376K) NonClass: 24075K(24256K)->24075K(24256K) Class: 4889K(5120K)->4889K(5120K)
[662.221s][info][gc             ] GC(250) Pause Young (Allocation Failure) 5721M->3508M(7477M) 95.687ms
[662.221s][info][gc,cpu         ] GC(250) User=0.56s Sys=0.00s Real=0.10s
.[663.764s][info][gc,start       ] GC(251) Pause Young (Allocation Failure)
[663.861s][info][gc,heap        ] GC(251) PSYoungGen: 2491344K(2562560K)->138048K(2576384K) Eden: 2348032K(2348032K)->0K(2373632K) From: 143312K(214528K)->138048K(202752K)
[663.861s][info][gc,heap        ] GC(251) ParOldGen: 3449809K(5093888K)->3542345K(5093888K)
[663.861s][info][gc,metaspace   ] GC(251) Metaspace: 28965K(29376K)->28965K(29376K) NonClass: 24075K(24256K)->24075K(24256K) Class: 4889K(5120K)->4889K(5120K)
[663.861s][info][gc             ] GC(251) Pause Young (Allocation Failure) 5801M->3594M(7490M) 97.360ms
[663.861s][info][gc,cpu         ] GC(251) User=0.57s Sys=0.00s Real=0.10s
..[665.325s][info][gc,start       ] GC(252) Pause Young (Allocation Failure)
[665.431s][info][gc,heap        ] GC(252) PSYoungGen: 2511680K(2576384K)->158888K(2576384K) Eden: 2373632K(2373632K)->0K(2373632K) From: 138048K(202752K)->158888K(202752K)
[665.431s][info][gc,heap        ] GC(252) ParOldGen: 3542345K(5093888K)->3630145K(5093888K)
[665.431s][info][gc,metaspace   ] GC(252) Metaspace: 28965K(29376K)->28965K(29376K) NonClass: 24075K(24256K)->24075K(24256K) Class: 4889K(5120K)->4889K(5120K)
[665.431s][info][gc             ] GC(252) Pause Young (Allocation Failure) 5912M->3700M(7490M) 106.429ms
[665.431s][info][gc,cpu         ] GC(252) User=0.63s Sys=0.00s Real=0.11s
.[667.017s][info][gc,start       ] GC(253) Pause Young (Allocation Failure)
[667.117s][info][gc,heap        ] GC(253) PSYoungGen: 2532520K(2576384K)->139808K(2585600K) Eden: 2373632K(2373632K)->0K(2391040K) From: 158888K(202752K)->139808K(194560K)
[667.117s][info][gc,heap        ] GC(253) ParOldGen: 3630145K(5093888K)->3726761K(5093888K)
[667.117s][info][gc,metaspace   ] GC(253) Metaspace: 28965K(29376K)->28965K(29376K) NonClass: 24075K(24256K)->24075K(24256K) Class: 4889K(5120K)->4889K(5120K)
[667.117s][info][gc             ] GC(253) Pause Young (Allocation Failure) 6018M->3775M(7499M) 100.237ms
[667.117s][info][gc,cpu         ] GC(253) User=0.59s Sys=0.00s Real=0.10s
..[668.565s][info][gc,start       ] GC(254) Pause Young (Allocation Failure)
[668.720s][info][gc,heap        ] GC(254) PSYoungGen: 2530848K(2585600K)->165193K(2589184K) Eden: 2391040K(2391040K)->0K(2391040K) From: 139808K(194560K)->165193K(198144K)
[668.720s][info][gc,heap        ] GC(254) ParOldGen: 3726761K(5093888K)->3813369K(5093888K)
[668.720s][info][gc,metaspace   ] GC(254) Metaspace: 28965K(29376K)->28965K(29376K) NonClass: 24075K(24256K)->24075K(24256K) Class: 4889K(5120K)->4889K(5120K)
[668.720s][info][gc             ] GC(254) Pause Young (Allocation Failure) 6110M->3885M(7503M) 154.889ms
[668.720s][info][gc,cpu         ] GC(254) User=0.63s Sys=0.01s Real=0.16s
.[670.226s][info][gc,start       ] GC(255) Pause Young (Allocation Failure)
[670.329s][info][gc,heap        ] GC(255) PSYoungGen: 2556233K(2589184K)->146825K(2589696K) Eden: 2391040K(2391040K)->0K(2397696K) From: 165193K(198144K)->146825K(192000K)
[670.329s][info][gc,heap        ] GC(255) ParOldGen: 3813369K(5093888K)->3908137K(5093888K)
[670.329s][info][gc,metaspace   ] GC(255) Metaspace: 28965K(29376K)->28965K(29376K) NonClass: 24075K(24256K)->24075K(24256K) Class: 4889K(5120K)->4889K(5120K)
[670.329s][info][gc             ] GC(255) Pause Young (Allocation Failure) 6220M->3959M(7503M) 103.698ms
[670.330s][info][gc,cpu         ] GC(255) User=0.60s Sys=0.00s Real=0.11s
.[671.860s][info][gc,start       ] GC(256) Pause Young (Allocation Failure)
[671.960s][info][gc,heap        ] GC(256) PSYoungGen: 2544521K(2589696K)->148083K(2592768K) Eden: 2397696K(2397696K)->0K(2397696K) From: 146825K(192000K)->148083K(195072K)
[671.961s][info][gc,heap        ] GC(256) ParOldGen: 3908137K(5093888K)->4001609K(5093888K)
[671.961s][info][gc,metaspace   ] GC(256) Metaspace: 28965K(29376K)->28965K(29376K) NonClass: 24075K(24256K)->24075K(24256K) Class: 4889K(5120K)->4889K(5120K)
[671.961s][info][gc             ] GC(256) Pause Young (Allocation Failure) 6301M->4052M(7506M) 100.249ms
[671.961s][info][gc,cpu         ] GC(256) User=0.59s Sys=0.00s Real=0.10s
..[673.390s][info][gc,start       ] GC(257) Pause Young (Allocation Failure)
[673.494s][info][gc,heap        ] GC(257) PSYoungGen: 2545779K(2592768K)->153152K(2598400K) Eden: 2397696K(2397696K)->0K(2410496K) From: 148083K(195072K)->153152K(187904K)
[673.494s][info][gc,heap        ] GC(257) ParOldGen: 4001609K(5093888K)->4090585K(5093888K)
[673.494s][info][gc,metaspace   ] GC(257) Metaspace: 28965K(29376K)->28965K(29376K) NonClass: 24075K(24256K)->24075K(24256K) Class: 4889K(5120K)->4889K(5120K)
[673.494s][info][gc             ] GC(257) Pause Young (Allocation Failure) 6393M->4144M(7512M) 103.629ms
[673.494s][info][gc,cpu         ] GC(257) User=0.60s Sys=0.01s Real=0.10s
.[675.149s][info][gc,start       ] GC(258) Pause Young (Allocation Failure)
[675.248s][info][gc,heap        ] GC(258) PSYoungGen: 2563648K(2598400K)->133798K(2598912K) Eden: 2410496K(2410496K)->0K(2410496K) From: 153152K(187904K)->133798K(188416K)
[675.248s][info][gc,heap        ] GC(258) ParOldGen: 4090585K(5093888K)->4186673K(5093888K)
[675.248s][info][gc,metaspace   ] GC(258) Metaspace: 28965K(29376K)->28965K(29376K) NonClass: 24075K(24256K)->24075K(24256K) Class: 4889K(5120K)->4889K(5120K)
[675.248s][info][gc             ] GC(258) Pause Young (Allocation Failure) 6498M->4219M(7512M) 98.439ms
[675.248s][info][gc,cpu         ] GC(258) User=0.57s Sys=0.01s Real=0.10s
.[676.806s][info][gc,start       ] GC(259) Pause Young (Allocation Failure)
[676.916s][info][gc,heap        ] GC(259) PSYoungGen: 2544294K(2598912K)->159354K(2606080K) Eden: 2410496K(2410496K)->0K(2419200K) From: 133798K(188416K)->159354K(186880K)
[676.916s][info][gc,heap        ] GC(259) ParOldGen: 4186673K(5093888K)->4273201K(5093888K)
[676.916s][info][gc,metaspace   ] GC(259) Metaspace: 28965K(29376K)->28965K(29376K) NonClass: 24075K(24256K)->24075K(24256K) Class: 4889K(5120K)->4889K(5120K)
[676.916s][info][gc             ] GC(259) Pause Young (Allocation Failure) 6573M->4328M(7519M) 109.716ms
[676.916s][info][gc,cpu         ] GC(259) User=0.62s Sys=0.03s Real=0.11s
..[678.346s][info][gc,start       ] GC(260) Pause Young (Allocation Failure)
[678.449s][info][gc,heap        ] GC(260) PSYoungGen: 2578554K(2606080K)->154304K(2606592K) Eden: 2419200K(2419200K)->0K(2419200K) From: 159354K(186880K)->154304K(187392K)
[678.449s][info][gc,heap        ] GC(260) ParOldGen: 4273201K(5093888K)->4363033K(5093888K)
[678.449s][info][gc,metaspace   ] GC(260) Metaspace: 28965K(29376K)->28965K(29376K) NonClass: 24076K(24256K)->24076K(24256K) Class: 4889K(5120K)->4889K(5120K)
[678.449s][info][gc             ] GC(260) Pause Young (Allocation Failure) 6691M->4411M(7520M) 103.348ms
[678.449s][info][gc,cpu         ] GC(260) User=0.61s Sys=0.00s Real=0.11s
.[679.918s][info][gc,start       ] GC(261) Pause Young (Allocation Failure)
[680.039s][info][gc,heap        ] GC(261) PSYoungGen: 2573504K(2606592K)->175012K(2597888K) Eden: 2419200K(2419200K)->0K(2412032K) From: 154304K(187392K)->175012K(185856K)
[680.039s][info][gc,heap        ] GC(261) ParOldGen: 4363033K(5093888K)->4461697K(5093888K)
[680.039s][info][gc,metaspace   ] GC(261) Metaspace: 28965K(29376K)->28965K(29376K) NonClass: 24076K(24256K)->24076K(24256K) Class: 4889K(5120K)->4889K(5120K)
[680.039s][info][gc             ] GC(261) Pause Young (Allocation Failure) 6773M->4528M(7511M) 120.881ms
[680.039s][info][gc,cpu         ] GC(261) User=0.68s Sys=0.02s Real=0.12s
.[681.567s][info][gc,start       ] GC(262) Pause Young (Allocation Failure)
[681.717s][info][gc,heap        ] GC(262) PSYoungGen: 2587044K(2597888K)->148960K(2604032K) Eden: 2412032K(2412032K)->0K(2412032K) From: 175012K(185856K)->148960K(192000K)
[681.717s][info][gc,heap        ] GC(262) ParOldGen: 4461697K(5093888K)->4560753K(5093888K)
[681.717s][info][gc,metaspace   ] GC(262) Metaspace: 28965K(29376K)->28965K(29376K) NonClass: 24076K(24256K)->24076K(24256K) Class: 4889K(5120K)->4889K(5120K)
[681.717s][info][gc             ] GC(262) Pause Young (Allocation Failure) 6883M->4599M(7517M) 149.631ms
[681.717s][info][gc,cpu         ] GC(262) User=0.60s Sys=0.00s Real=0.15s
..[683.206s][info][gc,start       ] GC(263) Pause Young (Allocation Failure)
[683.310s][info][gc,heap        ] GC(263) PSYoungGen: 2560992K(2604032K)->153924K(2596352K) Eden: 2412032K(2412032K)->0K(2415616K) From: 148960K(192000K)->153924K(180736K)
[683.310s][info][gc,heap        ] GC(263) ParOldGen: 4560753K(5093888K)->4650961K(5093888K)
[683.310s][info][gc,metaspace   ] GC(263) Metaspace: 28965K(29376K)->28965K(29376K) NonClass: 24076K(24256K)->24076K(24256K) Class: 4889K(5120K)->4889K(5120K)
[683.310s][info][gc             ] GC(263) Pause Young (Allocation Failure) 6954M->4692M(7510M) 104.500ms
[683.310s][info][gc,cpu         ] GC(263) User=0.62s Sys=0.00s Real=0.11s
.[684.776s][info][gc,start       ] GC(264) Pause Young (Allocation Failure)
[684.885s][info][gc,heap        ] GC(264) PSYoungGen: 2569540K(2596352K)->163104K(2601472K) Eden: 2415616K(2415616K)->0K(2415616K) From: 153924K(180736K)->163104K(185856K)
[684.885s][info][gc,heap        ] GC(264) ParOldGen: 4650961K(5093888K)->4746041K(5093888K)
[684.885s][info][gc,metaspace   ] GC(264) Metaspace: 28967K(29376K)->28967K(29376K) NonClass: 24078K(24256K)->24078K(24256K) Class: 4889K(5120K)->4889K(5120K)
[684.885s][info][gc             ] GC(264) Pause Young (Allocation Failure) 7051M->4794M(7515M) 109.886ms
[684.886s][info][gc,cpu         ] GC(264) User=0.64s Sys=0.01s Real=0.11s
.[686.410s][info][gc,start       ] GC(265) Pause Young (Allocation Failure)
[686.512s][info][gc,heap        ] GC(265) PSYoungGen: 2578720K(2601472K)->141344K(2608128K) Eden: 2415616K(2415616K)->0K(2423296K) From: 163104K(185856K)->141344K(184832K)
[686.512s][info][gc,heap        ] GC(265) ParOldGen: 4746041K(5093888K)->4840993K(5093888K)
[686.512s][info][gc,metaspace   ] GC(265) Metaspace: 28967K(29376K)->28967K(29376K) NonClass: 24078K(24256K)->24078K(24256K) Class: 4889K(5120K)->4889K(5120K)
[686.512s][info][gc             ] GC(265) Pause Young (Allocation Failure) 7153M->4865M(7521M) 101.822ms
[686.512s][info][gc,cpu         ] GC(265) User=0.60s Sys=0.00s Real=0.10s
.[688.078s][info][gc,start       ] GC(266) Pause Young (Allocation Failure)
[688.179s][info][gc,heap        ] GC(266) PSYoungGen: 2564640K(2608128K)->143178K(2608640K) Eden: 2423296K(2423296K)->0K(2423296K) From: 141344K(184832K)->143178K(185344K)
[688.179s][info][gc,heap        ] GC(266) ParOldGen: 4840993K(5093888K)->4929721K(5093888K)
[688.179s][info][gc,metaspace   ] GC(266) Metaspace: 28967K(29376K)->28967K(29376K) NonClass: 24078K(24256K)->24078K(24256K) Class: 4889K(5120K)->4889K(5120K)
[688.179s][info][gc             ] GC(266) Pause Young (Allocation Failure) 7232M->4954M(7522M) 100.847ms
[688.179s][info][gc,cpu         ] GC(266) User=0.59s Sys=0.00s Real=0.10s
.. (rIR:aIR:PR = 12618:12356:12328) (tPR = 185379) [OK] 
   689s: Performing snapshot: (quiescence.....) (stop TxI) (stop BE) (saving... [694.770s][info][gc,start       ] GC(267) Pause Young (Allocation Failure)
[694.886s][info][gc,heap        ] GC(267) PSYoungGen: 2560567K(2608640K)->183267K(2500096K) Eden: 2417389K(2423296K)->0K(2316800K) From: 143178K(185344K)->183267K(183296K)
[694.886s][info][gc,heap        ] GC(267) ParOldGen: 4929721K(5093888K)->5058817K(5093888K)
[694.886s][info][gc,metaspace   ] GC(267) Metaspace: 28968K(29376K)->28968K(29376K) NonClass: 24078K(24256K)->24078K(24256K) Class: 4889K(5120K)->4889K(5120K)
[694.886s][info][gc             ] GC(267) Pause Young (Allocation Failure) 7314M->5119M(7416M) 116.220ms
[694.886s][info][gc,cpu         ] GC(267) User=0.68s Sys=0.01s Real=0.11s
231084 Kb) (term) [699.370s][info][gc,start       ] GC(268) Pause Full (System.gc())
[699.370s][info][gc,phases,start] GC(268) Marking Phase
[699.391s][info][gc,phases      ] GC(268) Marking Phase 20.999ms
[699.391s][info][gc,phases,start] GC(268) Summary Phase
[699.391s][info][gc,phases      ] GC(268) Summary Phase 0.064ms
[699.391s][info][gc,phases,start] GC(268) Forward
[699.397s][info][gc,phases      ] GC(268) Forward 5.814ms
[699.397s][info][gc,phases,start] GC(268) Adjust Pointers
[699.413s][info][gc,phases      ] GC(268) Adjust Pointers 16.292ms
[699.413s][info][gc,phases,start] GC(268) Compaction Phase
[699.446s][info][gc,phases      ] GC(268) Compaction Phase 33.074ms
[699.446s][info][gc,phases,start] GC(268) Post Compact
[699.452s][info][gc,phases      ] GC(268) Post Compact 5.893ms
[699.452s][info][gc,heap        ] GC(268) PSYoungGen: 1627020K(2500096K)->0K(2500096K) Eden: 1443752K(2316800K)->0K(2316800K) From: 183267K(183296K)->0K(183296K)
[699.452s][info][gc,heap        ] GC(268) ParOldGen: 5058817K(5093888K)->318653K(5093888K)
[699.452s][info][gc,metaspace   ] GC(268) Metaspace: 28968K(29376K)->28968K(29376K) NonClass: 24078K(24256K)->24078K(24256K) Class: 4889K(5120K)->4889K(5120K)
[699.452s][info][gc             ] GC(268) Pause Full (System.gc()) 6529M->311M(7416M) 82.450ms
[699.452s][info][gc,cpu         ] GC(268) User=0.41s Sys=0.01s Real=0.08s
(init[701.278s][info][gc,start       ] GC(269) Pause Young (Allocation Failure)
[701.557s][info][gc,heap        ] GC(269) PSYoungGen: 2316800K(2500096K)->239597K(2556416K) Eden: 2316800K(2316800K)->0K(2316800K) From: 0K(183296K)->239597K(239616K)
[701.558s][info][gc,heap        ] GC(269) ParOldGen: 318653K(5093888K)->650279K(5093888K)
[701.558s][info][gc,metaspace   ] GC(269) Metaspace: 28971K(29376K)->28971K(29376K) NonClass: 24081K(24256K)->24081K(24256K) Class: 4889K(5120K)->4889K(5120K)
[701.558s][info][gc             ] GC(269) Pause Young (Allocation Failure) 2573M->869M(7471M) 279.238ms
[701.558s][info][gc,cpu         ] GC(269) User=1.66s Sys=0.00s Real=0.28s
) ...
   705s:       rampup IR =      0 ... (rIR:aIR:PR = 0:0:0) (tPR = 0) [OK] 
   708s:       rampup IR =   1262 ..[711.238s][info][gc,start       ] GC(270) Pause Young (Allocation Failure)
[711.580s][info][gc,heap        ] GC(270) PSYoungGen: 2556397K(2556416K)->239614K(1815040K) Eden: 2316800K(2316800K)->0K(1575424K) From: 239597K(239616K)->239614K(239616K)
[711.580s][info][gc,heap        ] GC(270) ParOldGen: 650279K(5093888K)->1281454K(5093888K)
[711.580s][info][gc,metaspace   ] GC(270) Metaspace: 28985K(29376K)->28985K(29376K) NonClass: 24096K(24256K)->24096K(24256K) Class: 4889K(5120K)->4889K(5120K)
[711.580s][info][gc             ] GC(270) Pause Young (Allocation Failure) 3131M->1485M(6747M) 341.319ms
[711.580s][info][gc,cpu         ] GC(270) User=2.03s Sys=0.01s Real=0.34s
.. (rIR:aIR:PR = 1262:1266:1266) (tPR = 19707) [OK] 
   712s:       rampup IR =   2524 .... (rIR:aIR:PR = 2524:2505:2505) (tPR = 37928) [OK] 
   716s:       rampup IR =   3785 [717.165s][info][gc,start       ] GC(271) Pause Young (Allocation Failure)
[717.288s][info][gc,heap        ] GC(271) PSYoungGen: 1815038K(1815040K)->95024K(2185728K) Eden: 1575424K(1575424K)->0K(1575424K) From: 239614K(239616K)->95024K(610304K)
[717.288s][info][gc,heap        ] GC(271) ParOldGen: 1281454K(5093888K)->1474012K(5093888K)
[717.288s][info][gc,metaspace   ] GC(271) Metaspace: 28986K(29376K)->28986K(29376K) NonClass: 24097K(24256K)->24097K(24256K) Class: 4889K(5120K)->4889K(5120K)
[717.288s][info][gc             ] GC(271) Pause Young (Allocation Failure) 3023M->1532M(7109M) 122.613ms
[717.288s][info][gc,cpu         ] GC(271) User=0.73s Sys=0.00s Real=0.13s
...[720.564s][info][gc,start       ] GC(272) Pause Young (Allocation Failure)
[720.640s][info][gc,heap        ] GC(272) PSYoungGen: 1670448K(2185728K)->97888K(2165760K) Eden: 1575424K(1575424K)->0K(1579008K) From: 95024K(610304K)->97888K(586752K)
[720.640s][info][gc,heap        ] GC(272) ParOldGen: 1474012K(5093888K)->1548077K(5093888K)
[720.640s][info][gc,metaspace   ] GC(272) Metaspace: 28987K(29376K)->28987K(29376K) NonClass: 24097K(24256K)->24097K(24256K) Class: 4889K(5120K)->4889K(5120K)
[720.640s][info][gc             ] GC(272) Pause Young (Allocation Failure) 3070M->1607M(7089M) 75.916ms
[720.640s][info][gc,cpu         ] GC(272) User=0.45s Sys=0.00s Real=0.08s
. (rIR:aIR:PR = 3785:3814:3814) (tPR = 56202) [OK] 
   720s:       rampup IR =   5047 ..[723.341s][info][gc,start       ] GC(273) Pause Young (Allocation Failure)
[723.412s][info][gc,heap        ] GC(273) PSYoungGen: 1676896K(2165760K)->99792K(2177536K) Eden: 1579008K(1579008K)->0K(1579008K) From: 97888K(586752K)->99792K(598528K)
[723.412s][info][gc,heap        ] GC(273) ParOldGen: 1548077K(5093888K)->1621925K(5093888K)
[723.412s][info][gc,metaspace   ] GC(273) Metaspace: 28987K(29376K)->28987K(29376K) NonClass: 24097K(24256K)->24097K(24256K) Class: 4889K(5120K)->4889K(5120K)
[723.412s][info][gc             ] GC(273) Pause Young (Allocation Failure) 3149M->1681M(7101M) 71.224ms
[723.412s][info][gc,cpu         ] GC(273) User=0.42s Sys=0.00s Real=0.07s
.. (rIR:aIR:PR = 5047:5036:5036) (tPR = 74206) [OK] 
   724s:       rampup IR =   6309 [725.669s][info][gc,start       ] GC(274) Pause Young (Allocation Failure)
[725.742s][info][gc,heap        ] GC(274) PSYoungGen: 1678800K(2177536K)->99456K(2167808K) Eden: 1579008K(1579008K)->0K(1610752K) From: 99792K(598528K)->99456K(557056K)
[725.742s][info][gc,heap        ] GC(274) ParOldGen: 1621925K(5093888K)->1699109K(5093888K)
[725.742s][info][gc,metaspace   ] GC(274) Metaspace: 28988K(29376K)->28988K(29376K) NonClass: 24098K(24256K)->24098K(24256K) Class: 4889K(5120K)->4889K(5120K)
[725.742s][info][gc             ] GC(274) Pause Young (Allocation Failure) 3223M->1756M(7091M) 73.660ms
[725.742s][info][gc,cpu         ] GC(274) User=0.43s Sys=0.00s Real=0.07s
..[727.858s][info][gc,start       ] GC(275) Pause Young (Allocation Failure)
[727.931s][info][gc,heap        ] GC(275) PSYoungGen: 1710208K(2167808K)->106992K(2182656K) Eden: 1610752K(1610752K)->0K(1610752K) From: 99456K(557056K)->106992K(571904K)
[727.931s][info][gc,heap        ] GC(275) ParOldGen: 1699109K(5093888K)->1770694K(5093888K)
[727.931s][info][gc,metaspace   ] GC(275) Metaspace: 28988K(29376K)->28988K(29376K) NonClass: 24098K(24256K)->24098K(24256K) Class: 4889K(5120K)->4889K(5120K)
[727.931s][info][gc             ] GC(275) Pause Young (Allocation Failure) 3329M->1833M(7106M) 73.347ms
[727.931s][info][gc,cpu         ] GC(275) User=0.43s Sys=0.00s Real=0.07s
.. (rIR:aIR:PR = 6309:6314:6314) (tPR = 95319) [OK] 
   728s:       rampup IR =   7571 [729.867s][info][gc,start       ] GC(276) Pause Young (Allocation Failure)
[729.947s][info][gc,heap        ] GC(276) PSYoungGen: 1717744K(2182656K)->113092K(2186752K) Eden: 1610752K(1610752K)->0K(1669632K) From: 106992K(571904K)->113092K(517120K)
[729.947s][info][gc,heap        ] GC(276) ParOldGen: 1770694K(5093888K)->1847718K(5093888K)
[729.947s][info][gc,metaspace   ] GC(276) Metaspace: 28988K(29376K)->28988K(29376K) NonClass: 24099K(24256K)->24099K(24256K) Class: 4889K(5120K)->4889K(5120K)
[729.947s][info][gc             ] GC(276) Pause Young (Allocation Failure) 3406M->1914M(7110M) 80.036ms
[729.947s][info][gc,cpu         ] GC(276) User=0.48s Sys=0.00s Real=0.08s
..[731.695s][info][gc,start       ] GC(277) Pause Young (Allocation Failure)
[731.771s][info][gc,heap        ] GC(277) PSYoungGen: 1782724K(2186752K)->108500K(2204160K) Eden: 1669632K(1669632K)->0K(1669632K) From: 113092K(517120K)->108500K(534528K)
[731.771s][info][gc,heap        ] GC(277) ParOldGen: 1847718K(5093888K)->1922950K(5093888K)
[731.771s][info][gc,metaspace   ] GC(277) Metaspace: 28988K(29376K)->28988K(29376K) NonClass: 24099K(24256K)->24099K(24256K) Class: 4889K(5120K)->4889K(5120K)
[731.771s][info][gc             ] GC(277) Pause Young (Allocation Failure) 3545M->1983M(7127M) 76.560ms
[731.771s][info][gc,cpu         ] GC(277) User=0.46s Sys=0.00s Real=0.08s
..[733.609s][info][gc,start       ] GC(278) Pause Young (Allocation Failure)
[733.688s][info][gc,heap        ] GC(278) PSYoungGen: 1778132K(2204160K)->114565K(2223104K) Eden: 1669632K(1669632K)->0K(1746944K) From: 108500K(534528K)->114565K(476160K)
[733.688s][info][gc,heap        ] GC(278) ParOldGen: 1922950K(5093888K)->1996814K(5093888K)
[733.688s][info][gc,metaspace   ] GC(278) Metaspace: 28991K(29376K)->28991K(29376K) NonClass: 24102K(24256K)->24102K(24256K) Class: 4889K(5120K)->4889K(5120K)
[733.688s][info][gc             ] GC(278) Pause Young (Allocation Failure) 3614M->2061M(7145M) 78.407ms
[733.688s][info][gc,cpu         ] GC(278) User=0.47s Sys=0.00s Real=0.08s
. (rIR:aIR:PR = 7571:7443:7443) (tPR = 111341) [OK] 
   733s:       rampup IR =   8833 .[735.309s][info][gc,start       ] GC(279) Pause Young (Allocation Failure)
[735.392s][info][gc,heap        ] GC(279) PSYoungGen: 1861509K(2223104K)->118852K(2241024K) Eden: 1746944K(1746944K)->0K(1746944K) From: 114565K(476160K)->118852K(494080K)
[735.392s][info][gc,heap        ] GC(279) ParOldGen: 1996814K(5093888K)->2073574K(5093888K)
[735.392s][info][gc,metaspace   ] GC(279) Metaspace: 28991K(29376K)->28991K(29376K) NonClass: 24102K(24256K)->24102K(24256K) Class: 4889K(5120K)->4889K(5120K)
[735.392s][info][gc             ] GC(279) Pause Young (Allocation Failure) 3767M->2141M(7163M) 82.716ms
[735.392s][info][gc,cpu         ] GC(279) User=0.49s Sys=0.00s Real=0.08s
.[736.972s][info][gc,start       ] GC(280) Pause Young (Allocation Failure)
[737.053s][info][gc,heap        ] GC(280) PSYoungGen: 1865796K(2241024K)->115268K(2264576K) Eden: 1746944K(1746944K)->0K(1829376K) From: 118852K(494080K)->115268K(435200K)
[737.053s][info][gc,heap        ] GC(280) ParOldGen: 2073574K(5093888K)->2153070K(5093888K)
[737.053s][info][gc,metaspace   ] GC(280) Metaspace: 28991K(29376K)->28991K(29376K) NonClass: 24102K(24256K)->24102K(24256K) Class: 4889K(5120K)->4889K(5120K)
[737.053s][info][gc             ] GC(280) Pause Young (Allocation Failure) 3847M->2215M(7186M) 81.180ms
[737.053s][info][gc,cpu         ] GC(280) User=0.48s Sys=0.00s Real=0.08s
.. (rIR:aIR:PR = 8833:8757:8758) (tPR = 131706) [OK] 
   738s:       rampup IR =  10094 [738.706s][info][gc,start       ] GC(281) Pause Young (Allocation Failure)
[738.784s][info][gc,heap        ] GC(281) PSYoungGen: 1944644K(2264576K)->115360K(2281472K) Eden: 1829376K(1829376K)->0K(1829376K) From: 115268K(435200K)->115360K(452096K)
[738.784s][info][gc,heap        ] GC(281) ParOldGen: 2153070K(5093888K)->2227734K(5093888K)
[738.784s][info][gc,metaspace   ] GC(281) Metaspace: 28992K(29376K)->28992K(29376K) NonClass: 24103K(24256K)->24103K(24256K) Class: 4889K(5120K)->4889K(5120K)
[738.784s][info][gc             ] GC(281) Pause Young (Allocation Failure) 4001M->2288M(7202M) 77.924ms
[738.784s][info][gc,cpu         ] GC(281) User=0.47s Sys=0.00s Real=0.08s
..[740.285s][info][gc,start       ] GC(282) Pause Young (Allocation Failure)
[740.367s][info][gc,heap        ] GC(282) PSYoungGen: 1944736K(2281472K)->115744K(2308096K) Eden: 1829376K(1829376K)->0K(1911808K) From: 115360K(452096K)->115744K(396288K)
[740.367s][info][gc,heap        ] GC(282) ParOldGen: 2227734K(5093888K)->2308358K(5093888K)
[740.367s][info][gc,metaspace   ] GC(282) Metaspace: 28992K(29376K)->28992K(29376K) NonClass: 24103K(24256K)->24103K(24256K) Class: 4889K(5120K)->4889K(5120K)
[740.367s][info][gc             ] GC(282) Pause Young (Allocation Failure) 4074M->2367M(7228M) 82.429ms
[740.367s][info][gc,cpu         ] GC(282) User=0.48s Sys=0.00s Real=0.08s
.[741.837s][info][gc,start       ] GC(283) Pause Young (Allocation Failure)
[741.922s][info][gc,heap        ] GC(283) PSYoungGen: 2027552K(2308096K)->123125K(2324480K) Eden: 1911808K(1911808K)->0K(1911808K) From: 115744K(396288K)->123125K(412672K)
[741.922s][info][gc,heap        ] GC(283) ParOldGen: 2308358K(5093888K)->2386934K(5093888K)
[741.922s][info][gc,metaspace   ] GC(283) Metaspace: 28996K(29376K)->28996K(29376K) NonClass: 24107K(24256K)->24107K(24256K) Class: 4889K(5120K)->4889K(5120K)
[741.922s][info][gc             ] GC(283) Pause Young (Allocation Failure) 4234M->2451M(7244M) 84.180ms
[741.922s][info][gc,cpu         ] GC(283) User=0.50s Sys=0.01s Real=0.08s
.. (rIR:aIR:PR = 10094:9983:9983) (tPR = 145861) [OK] 
   743s:       rampup IR =  11356 [743.435s][info][gc,start       ] GC(284) Pause Young (Allocation Failure)
[743.532s][info][gc,heap        ] GC(284) PSYoungGen: 2034933K(2324480K)->115552K(2350592K) Eden: 1911808K(1911808K)->0K(1990144K) From: 123125K(412672K)->115552K(360448K)
[743.533s][info][gc,heap        ] GC(284) ParOldGen: 2386934K(5093888K)->2468246K(5093888K)
[743.533s][info][gc,metaspace   ] GC(284) Metaspace: 28997K(29376K)->28997K(29376K) NonClass: 24108K(24256K)->24108K(24256K) Class: 4889K(5120K)->4889K(5120K)
[743.533s][info][gc             ] GC(284) Pause Young (Allocation Failure) 4318M->2523M(7270M) 97.043ms
[743.533s][info][gc,cpu         ] GC(284) User=0.57s Sys=0.00s Real=0.10s
.[744.865s][info][gc,start       ] GC(285) Pause Young (Allocation Failure)
[744.951s][info][gc,heap        ] GC(285) PSYoungGen: 2105696K(2350592K)->126176K(2365440K) Eden: 1990144K(1990144K)->0K(1990144K) From: 115552K(360448K)->126176K(375296K)
[744.951s][info][gc,heap        ] GC(285) ParOldGen: 2468246K(5093888K)->2548990K(5093888K)
[744.951s][info][gc,metaspace   ] GC(285) Metaspace: 28997K(29376K)->28997K(29376K) NonClass: 24108K(24256K)->24108K(24256K) Class: 4889K(5120K)->4889K(5120K)
[744.951s][info][gc             ] GC(285) Pause Young (Allocation Failure) 4466M->2612M(7284M) 85.377ms
[744.951s][info][gc,cpu         ] GC(285) User=0.50s Sys=0.01s Real=0.09s
..[746.273s][info][gc,start       ] GC(286) Pause Young (Allocation Failure)
[746.360s][info][gc,heap        ] GC(286) PSYoungGen: 2116320K(2365440K)->124848K(2390528K) Eden: 1990144K(1990144K)->0K(2063872K) From: 126176K(375296K)->124848K(326656K)
[746.360s][info][gc,heap        ] GC(286) ParOldGen: 2548990K(5093888K)->2632418K(5093888K)
[746.360s][info][gc,metaspace   ] GC(286) Metaspace: 28997K(29376K)->28997K(29376K) NonClass: 24108K(24256K)->24108K(24256K) Class: 4889K(5120K)->4889K(5120K)
[746.360s][info][gc             ] GC(286) Pause Young (Allocation Failure) 4555M->2692M(7309M) 86.878ms
[746.360s][info][gc,cpu         ] GC(286) User=0.52s Sys=0.00s Real=0.09s
. (rIR:aIR:PR = 11356:11231:11231) (tPR = 167191) [OK] 
   747s:       rampup IR =  12618 [747.825s][info][gc,start       ] GC(287) Pause Young (Allocation Failure)
[747.924s][info][gc,heap        ] GC(287) PSYoungGen: 2188720K(2390528K)->142442K(2403840K) Eden: 2063872K(2063872K)->0K(2063872K) From: 124848K(326656K)->142442K(339968K)
[747.924s][info][gc,heap        ] GC(287) ParOldGen: 2632418K(5093888K)->2716562K(5093888K)
[747.924s][info][gc,metaspace   ] GC(287) Metaspace: 28997K(29376K)->28997K(29376K) NonClass: 24108K(24256K)->24108K(24256K) Class: 4889K(5120K)->4889K(5120K)
[747.924s][info][gc             ] GC(287) Pause Young (Allocation Failure) 4708M->2791M(7322M) 98.437ms
[747.924s][info][gc,cpu         ] GC(287) User=0.59s Sys=0.00s Real=0.10s
.[749.216s][info][gc,start       ] GC(288) Pause Young (Allocation Failure)
[749.307s][info][gc,heap        ] GC(288) PSYoungGen: 2206314K(2403840K)->133080K(2429952K) Eden: 2063872K(2063872K)->0K(2135040K) From: 142442K(339968K)->133080K(294912K)
[749.307s][info][gc,heap        ] GC(288) ParOldGen: 2716562K(5093888K)->2799674K(5093888K)
[749.307s][info][gc,metaspace   ] GC(288) Metaspace: 28997K(29376K)->28997K(29376K) NonClass: 24108K(24256K)->24108K(24256K) Class: 4889K(5120K)->4889K(5120K)
[749.307s][info][gc             ] GC(288) Pause Young (Allocation Failure) 4807M->2864M(7347M) 90.541ms
[749.307s][info][gc,cpu         ] GC(288) User=0.54s Sys=0.00s Real=0.09s
..[750.630s][info][gc,start       ] GC(289) Pause Young (Allocation Failure)
[750.770s][info][gc,heap        ] GC(289) PSYoungGen: 2268120K(2429952K)->138240K(2440192K) Eden: 2135040K(2135040K)->0K(2135040K) From: 133080K(294912K)->138240K(305152K)
[750.770s][info][gc,heap        ] GC(289) ParOldGen: 2799674K(5093888K)->2884374K(5093888K)
[750.770s][info][gc,metaspace   ] GC(289) Metaspace: 28997K(29376K)->28997K(29376K) NonClass: 24108K(24256K)->24108K(24256K) Class: 4889K(5120K)->4889K(5120K)
[750.770s][info][gc             ] GC(289) Pause Young (Allocation Failure) 4949M->2951M(7357M) 140.429ms
[750.770s][info][gc,cpu         ] GC(289) User=0.55s Sys=0.00s Real=0.14s
.[752.089s][info][gc,start       ] GC(290) Pause Young (Allocation Failure)
[752.186s][info][gc,heap        ] GC(290) PSYoungGen: 2273280K(2440192K)->139808K(2468352K) Eden: 2135040K(2135040K)->0K(2201088K) From: 138240K(305152K)->139808K(267264K)
[752.186s][info][gc,heap        ] GC(290) ParOldGen: 2884374K(5093888K)->2973346K(5093888K)
[752.186s][info][gc,metaspace   ] GC(290) Metaspace: 28997K(29376K)->28997K(29376K) NonClass: 24108K(24256K)->24108K(24256K) Class: 4889K(5120K)->4889K(5120K)
[752.186s][info][gc             ] GC(290) Pause Young (Allocation Failure) 5036M->3040M(7385M) 97.550ms
[752.186s][info][gc,cpu         ] GC(290) User=0.58s Sys=0.00s Real=0.09s
. (rIR:aIR:PR = 12618:12407:12370) (tPR = 179086) [OK] 
   752s:       trying IR =  12718 [753.684s][info][gc,start       ] GC(291) Pause Young (Allocation Failure)
[753.784s][info][gc,heap        ] GC(291) PSYoungGen: 2340896K(2468352K)->141697K(2477056K) Eden: 2201088K(2201088K)->0K(2201088K) From: 139808K(267264K)->141697K(275968K)
[753.784s][info][gc,heap        ] GC(291) ParOldGen: 2973346K(5093888K)->3060666K(5093888K)
[753.784s][info][gc,metaspace   ] GC(291) Metaspace: 28997K(29376K)->28997K(29376K) NonClass: 24108K(24256K)->24108K(24256K) Class: 4889K(5120K)->4889K(5120K)
[753.784s][info][gc             ] GC(291) Pause Young (Allocation Failure) 5189M->3127M(7393M) 99.849ms
[753.784s][info][gc,cpu         ] GC(291) User=0.59s Sys=0.00s Real=0.10s
..[755.175s][info][gc,start       ] GC(292) Pause Young (Allocation Failure)
[755.271s][info][gc,heap        ] GC(292) PSYoungGen: 2342785K(2477056K)->137118K(2503168K) Eden: 2201088K(2201088K)->0K(2257408K) From: 141697K(275968K)->137118K(245760K)
[755.271s][info][gc,heap        ] GC(292) ParOldGen: 3060666K(5093888K)->3148666K(5093888K)
[755.271s][info][gc,metaspace   ] GC(292) Metaspace: 28997K(29376K)->28997K(29376K) NonClass: 24108K(24256K)->24108K(24256K) Class: 4889K(5120K)->4889K(5120K)
[755.271s][info][gc             ] GC(292) Pause Young (Allocation Failure) 5276M->3208M(7419M) 95.890ms
[755.271s][info][gc,cpu         ] GC(292) User=0.57s Sys=0.00s Real=0.10s
.[756.760s][info][gc,start       ] GC(293) Pause Young (Allocation Failure)
[756.858s][info][gc,heap        ] GC(293) PSYoungGen: 2394526K(2503168K)->146735K(2509312K) Eden: 2257408K(2257408K)->0K(2257408K) From: 137118K(245760K)->146735K(251904K)
[756.858s][info][gc,heap        ] GC(293) ParOldGen: 3148666K(5093888K)->3235010K(5093888K)
[756.858s][info][gc,metaspace   ] GC(293) Metaspace: 28997K(29376K)->28997K(29376K) NonClass: 24108K(24256K)->24108K(24256K) Class: 4889K(5120K)->4889K(5120K)
[756.858s][info][gc             ] GC(293) Pause Young (Allocation Failure) 5413M->3302M(7425M) 98.035ms
[756.858s][info][gc,cpu         ] GC(293) User=0.59s Sys=0.00s Real=0.10s
..[758.249s][info][gc,start       ] GC(294) Pause Young (Allocation Failure)
[758.344s][info][gc,heap        ] GC(294) PSYoungGen: 2404143K(2509312K)->141728K(2526720K) Eden: 2257408K(2257408K)->0K(2301440K) From: 146735K(251904K)->141728K(225280K)
[758.344s][info][gc,heap        ] GC(294) ParOldGen: 3235010K(5093888K)->3320434K(5093888K)
[758.344s][info][gc,metaspace   ] GC(294) Metaspace: 28997K(29376K)->28997K(29376K) NonClass: 24108K(24256K)->24108K(24256K) Class: 4889K(5120K)->4889K(5120K)
[758.344s][info][gc             ] GC(294) Pause Young (Allocation Failure) 5506M->3381M(7442M) 94.861ms
[758.344s][info][gc,cpu         ] GC(294) User=0.56s Sys=0.00s Real=0.09s
.[759.851s][info][gc,start       ] GC(295) Pause Young (Allocation Failure)
[759.951s][info][gc,heap        ] GC(295) PSYoungGen: 2443168K(2526720K)->150233K(2533888K) Eden: 2301440K(2301440K)->0K(2301440K) From: 141728K(225280K)->150233K(232448K)
[759.951s][info][gc,heap        ] GC(295) ParOldGen: 3320434K(5093888K)->3411986K(5093888K)
[759.951s][info][gc,metaspace   ] GC(295) Metaspace: 28997K(29376K)->28997K(29376K) NonClass: 24108K(24256K)->24108K(24256K) Class: 4889K(5120K)->4889K(5120K)
[759.951s][info][gc             ] GC(295) Pause Young (Allocation Failure) 5628M->3478M(7449M) 100.680ms
[759.951s][info][gc,cpu         ] GC(295) User=0.60s Sys=0.00s Real=0.10s
. (rIR:aIR:PR = 12718:12486:12396) (tPR = 188012) [OK] 
   760s:       trying IR =  12738 [761.356s][info][gc,start       ] GC(296) Pause Young (Allocation Failure)
[761.454s][info][gc,heap        ] GC(296) PSYoungGen: 2451673K(2533888K)->144192K(2545664K) Eden: 2301440K(2301440K)->0K(2336768K) From: 150233K(232448K)->144192K(208896K)
[761.454s][info][gc,heap        ] GC(296) ParOldGen: 3411986K(5093888K)->3499266K(5093888K)
[761.454s][info][gc,metaspace   ] GC(296) Metaspace: 28997K(29376K)->28997K(29376K) NonClass: 24108K(24256K)->24108K(24256K) Class: 4889K(5120K)->4889K(5120K)
[761.454s][info][gc             ] GC(296) Pause Young (Allocation Failure) 5726M->3558M(7460M) 97.416ms
[761.454s][info][gc,cpu         ] GC(296) User=0.58s Sys=0.00s Real=0.10s
..[763.007s][info][gc,start       ] GC(297) Pause Young (Allocation Failure)
[763.105s][info][gc,heap        ] GC(297) PSYoungGen: 2480960K(2545664K)->143520K(2555392K) Eden: 2336768K(2336768K)->0K(2336768K) From: 144192K(208896K)->143520K(218624K)
[763.105s][info][gc,heap        ] GC(297) ParOldGen: 3499266K(5093888K)->3592738K(5093888K)
[763.105s][info][gc,metaspace   ] GC(297) Metaspace: 28997K(29376K)->28997K(29376K) NonClass: 24108K(24256K)->24108K(24256K) Class: 4889K(5120K)->4889K(5120K)
[763.105s][info][gc             ] GC(297) Pause Young (Allocation Failure) 5840M->3648M(7470M) 98.108ms
[763.105s][info][gc,cpu         ] GC(297) User=0.58s Sys=0.00s Real=0.10s
.[764.602s][info][gc,start       ] GC(298) Pause Young (Allocation Failure)
[764.752s][info][gc,heap        ] GC(298) PSYoungGen: 2480288K(2555392K)->152268K(2569216K) Eden: 2336768K(2336768K)->0K(2366464K) From: 143520K(218624K)->152268K(202752K)
[764.752s][info][gc,heap        ] GC(298) ParOldGen: 3592738K(5093888K)->3682370K(5093888K)
[764.752s][info][gc,metaspace   ] GC(298) Metaspace: 28997K(29376K)->28997K(29376K) NonClass: 24108K(24256K)->24108K(24256K) Class: 4889K(5120K)->4889K(5120K)
[764.752s][info][gc             ] GC(298) Pause Young (Allocation Failure) 5930M->3744M(7483M) 150.195ms
[764.752s][info][gc,cpu         ] GC(298) User=0.62s Sys=0.00s Real=0.15s
..[766.260s][info][gc,start       ] GC(299) Pause Young (Allocation Failure)
[766.359s][info][gc,heap        ] GC(299) PSYoungGen: 2518732K(2569216K)->142036K(2574336K) Eden: 2366464K(2366464K)->0K(2366464K) From: 152268K(202752K)->142036K(207872K)
[766.359s][info][gc,heap        ] GC(299) ParOldGen: 3682370K(5093888K)->3773442K(5093888K)
[766.359s][info][gc,metaspace   ] GC(299) Metaspace: 28997K(29376K)->28997K(29376K) NonClass: 24108K(24256K)->24108K(24256K) Class: 4889K(5120K)->4889K(5120K)
[766.359s][info][gc             ] GC(299) Pause Young (Allocation Failure) 6055M->3823M(7488M) 99.168ms
[766.359s][info][gc,cpu         ] GC(299) User=0.59s Sys=0.00s Real=0.10s
.[767.894s][info][gc,start       ] GC(300) Pause Young (Allocation Failure)
[767.994s][info][gc,heap        ] GC(300) PSYoungGen: 2508500K(2574336K)->148896K(2580992K) Eden: 2366464K(2366464K)->0K(2386432K) From: 142036K(207872K)->148896K(194560K)
[767.994s][info][gc,heap        ] GC(300) ParOldGen: 3773442K(5093888K)->3863898K(5093888K)
[767.994s][info][gc,metaspace   ] GC(300) Metaspace: 28997K(29376K)->28997K(29376K) NonClass: 24108K(24256K)->24108K(24256K) Class: 4889K(5120K)->4889K(5120K)
[767.994s][info][gc             ] GC(300) Pause Young (Allocation Failure) 6134M->3918M(7495M) 99.824ms
[767.994s][info][gc,cpu         ] GC(300) User=0.59s Sys=0.00s Real=0.10s
..[769.511s][info][gc,start       ] GC(301) Pause Young (Allocation Failure)
[769.613s][info][gc,heap        ] GC(301) PSYoungGen: 2535328K(2580992K)->152512K(2584064K) Eden: 2386432K(2386432K)->0K(2386432K) From: 148896K(194560K)->152512K(197632K)
[769.613s][info][gc,heap        ] GC(301) ParOldGen: 3863898K(5093888K)->3956154K(5093888K)
[769.613s][info][gc,metaspace   ] GC(301) Metaspace: 28997K(29376K)->28997K(29376K) NonClass: 24108K(24256K)->24108K(24256K) Class: 4889K(5120K)->4889K(5120K)
[769.613s][info][gc             ] GC(301) Pause Young (Allocation Failure) 6249M->4012M(7498M) 102.405ms
[769.613s][info][gc,cpu         ] GC(301) User=0.61s Sys=0.00s Real=0.10s
.[771.101s][info][gc,start       ] GC(302) Pause Young (Allocation Failure)
[771.222s][info][gc,heap        ] GC(302) PSYoungGen: 2538944K(2584064K)->170269K(2592256K) Eden: 2386432K(2386432K)->0K(2396672K) From: 152512K(197632K)->170269K(195584K)
[771.222s][info][gc,heap        ] GC(302) ParOldGen: 3956154K(5093888K)->4043434K(5093888K)
[771.222s][info][gc,metaspace   ] GC(302) Metaspace: 28997K(29376K)->28997K(29376K) NonClass: 24108K(24256K)->24108K(24256K) Class: 4889K(5120K)->4889K(5120K)
[771.222s][info][gc             ] GC(302) Pause Young (Allocation Failure) 6342M->4114M(7506M) 120.430ms
[771.222s][info][gc,cpu         ] GC(302) User=0.67s Sys=0.05s Real=0.12s
..[772.822s][info][gc,start       ] GC(303) Pause Young (Allocation Failure)
[772.924s][info][gc,heap        ] GC(303) PSYoungGen: 2566941K(2592256K)->147460K(2544640K) Eden: 2396672K(2396672K)->0K(2396672K) From: 170269K(195584K)->147460K(147968K)
[772.924s][info][gc,heap        ] GC(303) ParOldGen: 4043434K(5093888K)->4139786K(5093888K)
[772.924s][info][gc,metaspace   ] GC(303) Metaspace: 28997K(29376K)->28997K(29376K) NonClass: 24108K(24256K)->24108K(24256K) Class: 4889K(5120K)->4889K(5120K)
[772.924s][info][gc             ] GC(303) Pause Young (Allocation Failure) 6455M->4186M(7459M) 102.195ms
[772.924s][info][gc,cpu         ] GC(303) User=0.61s Sys=0.00s Real=0.10s
.[774.412s][info][gc,start       ] GC(304) Pause Young (Allocation Failure)
[774.510s][info][gc,heap        ] GC(304) PSYoungGen: 2544132K(2544640K)->142976K(2598912K) Eden: 2396672K(2396672K)->0K(2404352K) From: 147460K(147968K)->142976K(194560K)
[774.510s][info][gc,heap        ] GC(304) ParOldGen: 4139786K(5093888K)->4229042K(5093888K)
[774.510s][info][gc,metaspace   ] GC(304) Metaspace: 28997K(29376K)->28997K(29376K) NonClass: 24108K(24256K)->24108K(24256K) Class: 4889K(5120K)->4889K(5120K)
[774.510s][info][gc             ] GC(304) Pause Young (Allocation Failure) 6527M->4269M(7512M) 97.680ms
[774.510s][info][gc,cpu         ] GC(304) User=0.58s Sys=0.00s Real=0.10s
..[776.092s][info][gc,start       ] GC(305) Pause Young (Allocation Failure)
[776.192s][info][gc,heap        ] GC(305) PSYoungGen: 2547328K(2598912K)->147504K(2595328K) Eden: 2404352K(2404352K)->0K(2404352K) From: 142976K(194560K)->147504K(190976K)
[776.192s][info][gc,heap        ] GC(305) ParOldGen: 4229042K(5093888K)->4326866K(5093888K)
[776.192s][info][gc,metaspace   ] GC(305) Metaspace: 28997K(29376K)->28997K(29376K) NonClass: 24108K(24256K)->24108K(24256K) Class: 4889K(5120K)->4889K(5120K)
[776.192s][info][gc             ] GC(305) Pause Young (Allocation Failure) 6617M->4369M(7509M) 100.201ms
[776.192s][info][gc,cpu         ] GC(305) User=0.60s Sys=0.00s Real=0.10s
.[777.602s][info][gc,start       ] GC(306) Pause Young (Allocation Failure)
[777.752s][info][gc,heap        ] GC(306) PSYoungGen: 2551856K(2595328K)->154960K(2597888K) Eden: 2404352K(2404352K)->0K(2411520K) From: 147504K(190976K)->154960K(186368K)
[777.753s][info][gc,heap        ] GC(306) ParOldGen: 4326866K(5093888K)->4414162K(5093888K)
[777.753s][info][gc,metaspace   ] GC(306) Metaspace: 28997K(29376K)->28997K(29376K) NonClass: 24108K(24256K)->24108K(24256K) Class: 4889K(5120K)->4889K(5120K)
[777.753s][info][gc             ] GC(306) Pause Young (Allocation Failure) 6717M->4462M(7511M) 150.102ms
[777.753s][info][gc,cpu         ] GC(306) User=0.61s Sys=0.00s Real=0.15s
.[779.259s][info][gc,start       ] GC(307) Pause Young (Allocation Failure)
[779.367s][info][gc,heap        ] GC(307) PSYoungGen: 2566480K(2597888K)->163632K(2596864K) Eden: 2411520K(2411520K)->0K(2411520K) From: 154960K(186368K)->163632K(185344K)
[779.367s][info][gc,heap        ] GC(307) ParOldGen: 4414162K(5093888K)->4512546K(5093888K)
[779.367s][info][gc,metaspace   ] GC(307) Metaspace: 28997K(29376K)->28997K(29376K) NonClass: 24108K(24256K)->24108K(24256K) Class: 4889K(5120K)->4889K(5120K)
[779.367s][info][gc             ] GC(307) Pause Young (Allocation Failure) 6817M->4566M(7510M) 108.214ms
[779.367s][info][gc,cpu         ] GC(307) User=0.64s Sys=0.00s Real=0.10s
.. (rIR:aIR:PR = 12738:12316:12265) (tPR = 182843) [OK] 
   780s:       trying IR =  12762 [780.889s][info][gc,start       ] GC(308) Pause Young (Allocation Failure)
[780.986s][info][gc,heap        ] GC(308) PSYoungGen: 2575152K(2596864K)->145632K(2606592K) Eden: 2411520K(2411520K)->0K(2423296K) From: 163632K(185344K)->145632K(183296K)
[780.986s][info][gc,heap        ] GC(308) ParOldGen: 4512546K(5093888K)->4602931K(5093888K)
[780.986s][info][gc,metaspace   ] GC(308) Metaspace: 28997K(29376K)->28997K(29376K) NonClass: 24108K(24256K)->24108K(24256K) Class: 4889K(5120K)->4889K(5120K)
[780.986s][info][gc             ] GC(308) Pause Young (Allocation Failure) 6921M->4637M(7520M) 97.612ms
[780.987s][info][gc,cpu         ] GC(308) User=0.58s Sys=0.00s Real=0.09s
.[782.513s][info][gc,start       ] GC(309) Pause Young (Allocation Failure)
[782.615s][info][gc,heap        ] GC(309) PSYoungGen: 2568928K(2606592K)->145284K(2607616K) Eden: 2423296K(2423296K)->0K(2423296K) From: 145632K(183296K)->145284K(184320K)
[782.615s][info][gc,heap        ] GC(309) ParOldGen: 4602931K(5093888K)->4694331K(5093888K)
[782.615s][info][gc,metaspace   ] GC(309) Metaspace: 28997K(29376K)->28997K(29376K) NonClass: 24108K(24256K)->24108K(24256K) Class: 4889K(5120K)->4889K(5120K)
[782.615s][info][gc             ] GC(309) Pause Young (Allocation Failure) 7003M->4726M(7521M) 102.131ms
[782.615s][info][gc,cpu         ] GC(309) User=0.60s Sys=0.00s Real=0.10s
..[784.237s][info][gc,start       ] GC(310) Pause Young (Allocation Failure)
[784.346s][info][gc,heap        ] GC(310) PSYoungGen: 2568580K(2607616K)->159333K(2609664K) Eden: 2423296K(2423296K)->0K(2427904K) From: 145284K(184320K)->159333K(181760K)
[784.346s][info][gc,heap        ] GC(310) ParOldGen: 4694331K(5093888K)->4787211K(5093888K)
[784.346s][info][gc,metaspace   ] GC(310) Metaspace: 28997K(29376K)->28997K(29376K) NonClass: 24108K(24256K)->24108K(24256K) Class: 4889K(5120K)->4889K(5120K)
[784.346s][info][gc             ] GC(310) Pause Young (Allocation Failure) 7092M->4830M(7523M) 109.458ms
[784.346s][info][gc,cpu         ] GC(310) User=0.65s Sys=0.00s Real=0.11s
.[785.835s][info][gc,start       ] GC(311) Pause Young (Allocation Failure)
[785.936s][info][gc,heap        ] GC(311) PSYoungGen: 2587237K(2609664K)->150272K(2610176K) Eden: 2427904K(2427904K)->0K(2427904K) From: 159333K(181760K)->150272K(182272K)
[785.936s][info][gc,heap        ] GC(311) ParOldGen: 4787211K(5093888K)->4877011K(5093888K)
[785.936s][info][gc,metaspace   ] GC(311) Metaspace: 28997K(29376K)->28997K(29376K) NonClass: 24108K(24256K)->24108K(24256K) Class: 4889K(5120K)->4889K(5120K)
[785.936s][info][gc             ] GC(311) Pause Young (Allocation Failure) 7201M->4909M(7523M) 101.246ms
[785.936s][info][gc,cpu         ] GC(311) User=0.61s Sys=0.00s Real=0.10s
.[787.451s][info][gc,start       ] GC(312) Pause Young (Allocation Failure)
[787.561s][info][gc,heap        ] GC(312) PSYoungGen: 2578176K(2610176K)->154740K(2612224K) Eden: 2427904K(2427904K)->0K(2433024K) From: 150272K(182272K)->154740K(179200K)
[787.561s][info][gc,heap        ] GC(312) ParOldGen: 4877011K(5093888K)->4972155K(5093888K)
[787.561s][info][gc,metaspace   ] GC(312) Metaspace: 28997K(29376K)->28997K(29376K) NonClass: 24108K(24256K)->24108K(24256K) Class: 4889K(5120K)->4889K(5120K)
[787.561s][info][gc             ] GC(312) Pause Young (Allocation Failure) 7280M->5006M(7525M) 109.898ms
[787.561s][info][gc,cpu         ] GC(312) User=0.65s Sys=0.00s Real=0.11s
..[789.194s][info][gc,start       ] GC(313) Pause Young (Allocation Failure)
[789.304s][info][gc,heap        ] GC(313) PSYoungGen: 2587764K(2612224K)->158708K(2611200K) Eden: 2433024K(2433024K)->0K(2433024K) From: 154740K(179200K)->158708K(178176K)
[789.304s][info][gc,heap        ] GC(313) ParOldGen: 4972155K(5093888K)->5065395K(5093888K)
[789.304s][info][gc,metaspace   ] GC(313) Metaspace: 28997K(29376K)->28997K(29376K) NonClass: 24108K(24256K)->24108K(24256K) Class: 4889K(5120K)->4889K(5120K)
[789.304s][info][gc             ] GC(313) Pause Young (Allocation Failure) 7382M->5101M(7524M) 109.204ms
[789.304s][info][gc,cpu         ] GC(313) User=0.65s Sys=0.00s Real=0.11s
.[790.774s][info][gc,start       ] GC(314) Pause Young (Allocation Failure)
[790.887s][info][gc,heap        ] GC(314) PSYoungGen: 2591732K(2611200K)->162085K(2614784K) Eden: 2433024K(2433024K)->0K(2436608K) From: 158708K(178176K)->162085K(178176K)
[790.887s][info][gc,heap        ] GC(314) ParOldGen: 5065395K(5093888K)->5154555K(5154816K)
[790.887s][info][gc,metaspace   ] GC(314) Metaspace: 28997K(29376K)->28997K(29376K) NonClass: 24108K(24256K)->24108K(24256K) Class: 4889K(5120K)->4889K(5120K)
[790.887s][info][gc             ] GC(314) Pause Young (Allocation Failure) 7477M->5192M(7587M) 112.959ms
[790.887s][info][gc,cpu         ] GC(314) User=0.66s Sys=0.02s Real=0.11s
.[792.401s][info][gc,start       ] GC(315) Pause Young (Allocation Failure)
[792.514s][info][gc,heap        ] GC(315) PSYoungGen: 2598693K(2614784K)->154960K(2616320K) Eden: 2436608K(2436608K)->0K(2436608K) From: 162085K(178176K)->154960K(179712K)
[792.514s][info][gc,heap        ] GC(315) ParOldGen: 5154555K(5154816K)->5251371K(5251584K)
[792.514s][info][gc,metaspace   ] GC(315) Metaspace: 28997K(29376K)->28997K(29376K) NonClass: 24108K(24256K)->24108K(24256K) Class: 4889K(5120K)->4889K(5120K)
[792.514s][info][gc             ] GC(315) Pause Young (Allocation Failure) 7571M->5279M(7683M) 112.939ms
[792.514s][info][gc,cpu         ] GC(315) User=0.63s Sys=0.03s Real=0.11s
..[794.087s][info][gc,start       ] GC(316) Pause Young (Allocation Failure)
[794.199s][info][gc,heap        ] GC(316) PSYoungGen: 2591568K(2616320K)->154739K(2612224K) Eden: 2436608K(2436608K)->0K(2438144K) From: 154960K(179712K)->154739K(174080K)
[794.199s][info][gc,heap        ] GC(316) ParOldGen: 5251371K(5251584K)->5345027K(5345280K)
[794.199s][info][gc,metaspace   ] GC(316) Metaspace: 28997K(29376K)->28997K(29376K) NonClass: 24108K(24256K)->24108K(24256K) Class: 4889K(5120K)->4889K(5120K)
[794.199s][info][gc             ] GC(316) Pause Young (Allocation Failure) 7659M->5370M(7771M) 111.838ms
[794.199s][info][gc,cpu         ] GC(316) User=0.65s Sys=0.02s Real=0.11s
. (rIR:aIR:PR = 12762:12484:12289) (tPR = 179503) [OK] 
   795s:       trying IR =  12791 [795.736s][info][gc,start       ] GC(317) Pause Young (Allocation Failure)
[795.847s][info][gc,heap        ] GC(317) PSYoungGen: 2592883K(2612224K)->154031K(2614272K) Eden: 2438144K(2438144K)->0K(2438144K) From: 154739K(174080K)->154031K(176128K)
[795.847s][info][gc,heap        ] GC(317) ParOldGen: 5345027K(5345280K)->5437891K(5437952K)
[795.847s][info][gc,metaspace   ] GC(317) Metaspace: 28997K(29376K)->28997K(29376K) NonClass: 24108K(24256K)->24108K(24256K) Class: 4889K(5120K)->4889K(5120K)
[795.847s][info][gc             ] GC(317) Pause Young (Allocation Failure) 7751M->5460M(7863M) 111.265ms
[795.847s][info][gc,cpu         ] GC(317) User=0.63s Sys=0.02s Real=0.11s
.[797.309s][info][gc,start       ] GC(318) Pause Young (Allocation Failure)
[797.415s][info][gc,heap        ] GC(318) PSYoungGen: 2592175K(2614272K)->148896K(2616320K) Eden: 2438144K(2438144K)->0K(2445312K) From: 154031K(176128K)->148896K(171008K)
[797.415s][info][gc,heap        ] GC(318) ParOldGen: 5437891K(5437952K)->5532051K(5532160K)
[797.415s][info][gc,metaspace   ] GC(318) Metaspace: 28997K(29376K)->28997K(29376K) NonClass: 24108K(24256K)->24108K(24256K) Class: 4889K(5120K)->4889K(5120K)
[797.415s][info][gc             ] GC(318) Pause Young (Allocation Failure) 7841M->5547M(7957M) 106.427ms
[797.415s][info][gc,cpu         ] GC(318) User=0.61s Sys=0.02s Real=0.10s
..[799.080s][info][gc,start       ] GC(319) Pause Full (Allocation Failure)
[799.080s][info][gc,phases,start] GC(319) Marking Phase
[799.388s][info][gc,phases      ] GC(319) Marking Phase 307.670ms
[799.388s][info][gc,phases,start] GC(319) Summary Phase
[799.388s][info][gc,phases      ] GC(319) Summary Phase 0.105ms
[799.388s][info][gc,phases,start] GC(319) Forward
[799.542s][info][gc,phases      ] GC(319) Forward 153.735ms
[799.542s][info][gc,phases,start] GC(319) Adjust Pointers
[799.762s][info][gc,phases      ] GC(319) Adjust Pointers 220.407ms
[799.762s][info][gc,phases,start] GC(319) Compaction Phase
[799.911s][info][gc,phases      ] GC(319) Compaction Phase 148.749ms
[799.914s][info][gc,phases,start] GC(319) Post Compact
[799.921s][info][gc,phases      ] GC(319) Post Compact 6.894ms
[800.042s][info][gc,heap        ] GC(319) PSYoungGen: 2594208K(2616320K)->0K(2618368K) Eden: 2445312K(2445312K)->0K(2445312K) From: 148896K(171008K)->0K(173056K)
[800.042s][info][gc,heap        ] GC(319) ParOldGen: 5532051K(5532160K)->1431383K(1614848K)
[800.042s][info][gc,metaspace   ] GC(319) Metaspace: 28997K(29376K)->28997K(29376K) NonClass: 24108K(24256K)->24108K(24256K) Class: 4889K(5120K)->4889K(5120K)
[800.042s][info][gc             ] GC(319) Pause Full (Allocation Failure) 7935M->1397M(4134M) 961.522ms
[800.042s][info][gc,cpu         ] GC(319) User=4.42s Sys=0.12s Real=0.96s
..[801.343s][info][gc,start       ] GC(320) Pause Young (Allocation Failure)
[801.417s][info][gc,heap        ] GC(320) PSYoungGen: 2445312K(2618368K)->160916K(2620928K) Eden: 2445312K(2445312K)->0K(2447872K) From: 0K(173056K)->160916K(173056K)
[801.417s][info][gc,heap        ] GC(320) ParOldGen: 1431383K(1614848K)->1431383K(1614848K)
[801.417s][info][gc,metaspace   ] GC(320) Metaspace: 28997K(29376K)->28997K(29376K) NonClass: 24108K(24256K)->24108K(24256K) Class: 4889K(5120K)->4889K(5120K)
[801.417s][info][gc             ] GC(320) Pause Young (Allocation Failure) 3785M->1554M(4136M) 73.840ms
[801.417s][info][gc,cpu         ] GC(320) User=0.43s Sys=0.01s Real=0.07s
.[803.075s][info][gc,start       ] GC(321) Pause Young (Allocation Failure)
[803.174s][info][gc,heap        ] GC(321) PSYoungGen: 2608788K(2620928K)->143296K(2621952K) Eden: 2447872K(2447872K)->0K(2447872K) From: 160916K(173056K)->143296K(174080K)
[803.174s][info][gc,heap        ] GC(321) ParOldGen: 1431383K(1614848K)->1537927K(1614848K)
[803.174s][info][gc,metaspace   ] GC(321) Metaspace: 28997K(29376K)->28997K(29376K) NonClass: 24108K(24256K)->24108K(24256K) Class: 4889K(5120K)->4889K(5120K)
[803.174s][info][gc             ] GC(321) Pause Young (Allocation Failure) 3945M->1641M(4137M) 99.012ms
[803.174s][info][gc,cpu         ] GC(321) User=0.59s Sys=0.00s Real=0.10s
.[804.699s][info][gc,start       ] GC(322) Pause Young (Allocation Failure)
[804.793s][info][gc,heap        ] GC(322) PSYoungGen: 2591168K(2621952K)->145472K(2619392K) Eden: 2447872K(2447872K)->0K(2448384K) From: 143296K(174080K)->145472K(171008K)
[804.793s][info][gc,heap        ] GC(322) ParOldGen: 1537927K(1614848K)->1624023K(1624064K)
[804.793s][info][gc,metaspace   ] GC(322) Metaspace: 28997K(29376K)->28997K(29376K) NonClass: 24108K(24256K)->24108K(24256K) Class: 4889K(5120K)->4889K(5120K)
[804.793s][info][gc             ] GC(322) Pause Young (Allocation Failure) 4032M->1728M(4144M) 94.433ms
[804.793s][info][gc,cpu         ] GC(322) User=0.55s Sys=0.01s Real=0.09s
..[806.350s][info][gc,start       ] GC(323) Pause Young (Allocation Failure)
[806.459s][info][gc,heap        ] GC(323) PSYoungGen: 2593856K(2619392K)->154656K(2620928K) Eden: 2448384K(2448384K)->0K(2448384K) From: 145472K(171008K)->154656K(172544K)
[806.459s][info][gc,heap        ] GC(323) ParOldGen: 1624023K(1624064K)->1717527K(1717760K)
[806.459s][info][gc,metaspace   ] GC(323) Metaspace: 28997K(29376K)->28997K(29376K) NonClass: 24108K(24256K)->24108K(24256K) Class: 4889K(5120K)->4889K(5120K)
[806.459s][info][gc             ] GC(323) Pause Young (Allocation Failure) 4119M->1828M(4237M) 108.467ms
[806.459s][info][gc,cpu         ] GC(323) User=0.62s Sys=0.04s Real=0.11s
.[807.907s][info][gc,start       ] GC(324) Pause Young (Allocation Failure)
[808.009s][info][gc,heap        ] GC(324) PSYoungGen: 2603040K(2620928K)->159392K(2622976K) Eden: 2448384K(2448384K)->0K(2450944K) From: 154656K(172544K)->159392K(172032K)
[808.009s][info][gc,heap        ] GC(324) ParOldGen: 1717527K(1717760K)->1805207K(1805312K)
[808.009s][info][gc,metaspace   ] GC(324) Metaspace: 28997K(29376K)->28997K(29376K) NonClass: 24108K(24256K)->24108K(24256K) Class: 4889K(5120K)->4889K(5120K)
[808.009s][info][gc             ] GC(324) Pause Young (Allocation Failure) 4219M->1918M(4324M) 102.644ms
[808.009s][info][gc,cpu         ] GC(324) User=0.58s Sys=0.03s Real=0.11s
.[809.536s][info][gc,start       ] GC(325) Pause Young (Allocation Failure)
[809.640s][info][gc,heap        ] GC(325) PSYoungGen: 2610336K(2622976K)->144608K(2623488K) Eden: 2450944K(2450944K)->0K(2450944K) From: 159392K(172032K)->144608K(172544K)
[809.640s][info][gc,heap        ] GC(325) ParOldGen: 1805207K(1805312K)->1908151K(1908224K)
[809.640s][info][gc,metaspace   ] GC(325) Metaspace: 28997K(29376K)->28997K(29376K) NonClass: 24108K(24256K)->24108K(24256K) Class: 4889K(5120K)->4889K(5120K)
[809.640s][info][gc             ] GC(325) Pause Young (Allocation Failure) 4312M->2004M(4425M) 103.130ms
[809.640s][info][gc,cpu         ] GC(325) User=0.57s Sys=0.04s Real=0.11s
.[811.350s][info][gc,start       ] GC(326) Pause Young (Allocation Failure)
[811.449s][info][gc,heap        ] GC(326) PSYoungGen: 2595552K(2623488K)->141632K(2622464K) Eden: 2450944K(2450944K)->0K(2451456K) From: 144608K(172544K)->141632K(171008K)
[811.449s][info][gc,heap        ] GC(326) ParOldGen: 1908151K(1908224K)->2002231K(2002432K)
[811.449s][info][gc,metaspace   ] GC(326) Metaspace: 28997K(29376K)->28997K(29376K) NonClass: 24108K(24256K)->24108K(24256K) Class: 4889K(5120K)->4889K(5120K)
[811.449s][info][gc             ] GC(326) Pause Young (Allocation Failure) 4398M->2093M(4516M) 99.092ms
[811.449s][info][gc,cpu         ] GC(326) User=0.56s Sys=0.03s Real=0.10s
..[813.108s][info][gc,start       ] GC(327) Pause Young (Allocation Failure)
[813.209s][info][gc,heap        ] GC(327) PSYoungGen: 2593088K(2622464K)->148144K(2622976K) Eden: 2451456K(2451456K)->0K(2451456K) From: 141632K(171008K)->148144K(171520K)
[813.209s][info][gc,heap        ] GC(327) ParOldGen: 2002231K(2002432K)->2096727K(2097152K)
[813.209s][info][gc,metaspace   ] GC(327) Metaspace: 28997K(29376K)->28997K(29376K) NonClass: 24108K(24256K)->24108K(24256K) Class: 4889K(5120K)->4889K(5120K)
[813.209s][info][gc             ] GC(327) Pause Young (Allocation Failure) 4487M->2192M(4609M) 101.019ms
[813.209s][info][gc,cpu         ] GC(327) User=0.58s Sys=0.02s Real=0.10s
.[814.588s][info][gc,start       ] GC(328) Pause Young (Allocation Failure)
[814.747s][info][gc,heap        ] GC(328) PSYoungGen: 2599600K(2622976K)->169842K(2615808K) Eden: 2451456K(2451456K)->0K(2445824K) From: 148144K(171520K)->169842K(169984K)
[814.747s][info][gc,heap        ] GC(328) ParOldGen: 2096727K(2097152K)->2188907K(2189312K)
[814.747s][info][gc,metaspace   ] GC(328) Metaspace: 28997K(29376K)->28997K(29376K) NonClass: 24108K(24256K)->24108K(24256K) Class: 4889K(5120K)->4889K(5120K)
[814.747s][info][gc             ] GC(328) Pause Young (Allocation Failure) 4586M->2303M(4692M) 159.089ms
[814.747s][info][gc,cpu         ] GC(328) User=0.62s Sys=0.04s Real=0.15s
.[816.234s][info][gc,start       ] GC(329) Pause Young (Allocation Failure)
[816.339s][info][gc,heap        ] GC(329) PSYoungGen: 2615666K(2615808K)->148320K(2620928K) Eden: 2445824K(2445824K)->0K(2445824K) From: 169842K(169984K)->148320K(175104K)
[816.339s][info][gc,heap        ] GC(329) ParOldGen: 2188907K(2189312K)->2288987K(2289152K)
[816.339s][info][gc,metaspace   ] GC(329) Metaspace: 28997K(29376K)->28997K(29376K) NonClass: 24108K(24256K)->24108K(24256K) Class: 4889K(5120K)->4889K(5120K)
[816.339s][info][gc             ] GC(329) Pause Young (Allocation Failure) 4691M->2380M(4795M) 105.192ms
[816.339s][info][gc,cpu         ] GC(329) User=0.59s Sys=0.03s Real=0.11s
.[817.919s][info][gc,start       ] GC(330) Pause Young (Allocation Failure)
[818.028s][info][gc,heap        ] GC(330) PSYoungGen: 2594144K(2620928K)->154928K(2617344K) Eden: 2445824K(2445824K)->0K(2447360K) From: 148320K(175104K)->154928K(169984K)
[818.028s][info][gc,heap        ] GC(330) ParOldGen: 2288987K(2289152K)->2387043K(2387456K)
[818.028s][info][gc,metaspace   ] GC(330) Metaspace: 28997K(29376K)->28997K(29376K) NonClass: 24108K(24256K)->24108K(24256K) Class: 4889K(5120K)->4889K(5120K)
[818.028s][info][gc             ] GC(330) Pause Young (Allocation Failure) 4768M->2482M(4887M) 109.739ms
[818.029s][info][gc,cpu         ] GC(330) User=0.62s Sys=0.03s Real=0.11s
.[819.504s][info][gc,start       ] GC(331) Pause Young (Allocation Failure)
[819.609s][info][gc,heap        ] GC(331) PSYoungGen: 2602288K(2617344K)->157552K(2619904K) Eden: 2447360K(2447360K)->0K(2447360K) From: 154928K(169984K)->157552K(172544K)
[819.609s][info][gc,heap        ] GC(331) ParOldGen: 2387043K(2387456K)->2473259K(2473472K)
[819.609s][info][gc,metaspace   ] GC(331) Metaspace: 28997K(29376K)->28997K(29376K) NonClass: 24108K(24256K)->24108K(24256K) Class: 4889K(5120K)->4889K(5120K)
[819.609s][info][gc             ] GC(331) Pause Young (Allocation Failure) 4872M->2569M(4974M) 104.198ms
[819.609s][info][gc,cpu         ] GC(331) User=0.60s Sys=0.02s Real=0.11s
..[821.083s][info][gc,start       ] GC(332) Pause Young (Allocation Failure)
[821.192s][info][gc,heap        ] GC(332) PSYoungGen: 2604912K(2619904K)->162800K(2620416K) Eden: 2447360K(2447360K)->0K(2447872K) From: 157552K(172544K)->162800K(172544K)
[821.192s][info][gc,heap        ] GC(332) ParOldGen: 2473259K(2473472K)->2565267K(2565632K)
[821.192s][info][gc,metaspace   ] GC(332) Metaspace: 28997K(29376K)->28997K(29376K) NonClass: 24108K(24256K)->24108K(24256K) Class: 4889K(5120K)->4889K(5120K)
[821.192s][info][gc             ] GC(332) Pause Young (Allocation Failure) 4959M->2664M(5064M) 108.419ms
[821.192s][info][gc,cpu         ] GC(332) User=0.62s Sys=0.03s Real=0.11s
.[822.764s][info][gc,start       ] GC(333) Pause Young (Allocation Failure)
[822.881s][info][gc,heap        ] GC(333) PSYoungGen: 2610672K(2620416K)->168729K(2616832K) Eden: 2447872K(2447872K)->0K(2447872K) From: 162800K(172544K)->168729K(168960K)
[822.881s][info][gc,heap        ] GC(333) ParOldGen: 2565267K(2565632K)->2670635K(2671104K)
[822.881s][info][gc,metaspace   ] GC(333) Metaspace: 28997K(29376K)->28997K(29376K) NonClass: 24108K(24256K)->24108K(24256K) Class: 4889K(5120K)->4889K(5120K)
[822.881s][info][gc             ] GC(333) Pause Young (Allocation Failure) 5054M->2772M(5164M) 117.662ms
[822.881s][info][gc,cpu         ] GC(333) User=0.67s Sys=0.03s Real=0.12s
.[824.376s][info][gc,start       ] GC(334) Pause Young (Allocation Failure)
[824.481s][info][gc,heap        ] GC(334) PSYoungGen: 2616601K(2616832K)->157433K(2619904K) Eden: 2447872K(2447872K)->0K(2442240K) From: 168729K(168960K)->157433K(177664K)
[824.481s][info][gc,heap        ] GC(334) ParOldGen: 2670635K(2671104K)->2760915K(2761216K)
[824.481s][info][gc,metaspace   ] GC(334) Metaspace: 28998K(29376K)->28998K(29376K) NonClass: 24109K(24256K)->24109K(24256K) Class: 4889K(5120K)->4889K(5120K)
[824.481s][info][gc             ] GC(334) Pause Young (Allocation Failure) 5163M->2849M(5255M) 105.798ms
[824.481s][info][gc,cpu         ] GC(334) User=0.61s Sys=0.02s Real=0.11s
.[825.760s][info][gc,start       ] GC(335) Pause Young (Allocation Failure)
[825.867s][info][gc,heap        ] GC(335) PSYoungGen: 2599673K(2619904K)->171424K(2613760K) Eden: 2442240K(2442240K)->0K(2442240K) From: 157433K(177664K)->171424K(171520K)
[825.867s][info][gc,heap        ] GC(335) ParOldGen: 2760915K(2761216K)->2846571K(2846720K)
[825.867s][info][gc,metaspace   ] GC(335) Metaspace: 28998K(29376K)->28998K(29376K) NonClass: 24109K(24256K)->24109K(24256K) Class: 4889K(5120K)->4889K(5120K)
[825.867s][info][gc             ] GC(335) Pause Young (Allocation Failure) 5234M->2947M(5332M) 107.459ms
[825.867s][info][gc,cpu         ] GC(335) User=0.61s Sys=0.03s Real=0.11s
. (rIR:aIR:PR = 12791:12820:12864) (tPR = 191099) [OK] 
   825s:       trying IR =  12825 [826.309s][info][gc,start       ] GC(336) Pause Full (Diagnostic Command)
[826.309s][info][gc,phases,start] GC(336) Marking Phase
[826.606s][info][gc,phases      ] GC(336) Marking Phase 297.117ms
[826.606s][info][gc,phases,start] GC(336) Summary Phase
[826.606s][info][gc,phases      ] GC(336) Summary Phase 0.053ms
[826.606s][info][gc,phases,start] GC(336) Forward
[826.820s][info][gc,phases      ] GC(336) Forward 213.540ms
[826.820s][info][gc,phases,start] GC(336) Adjust Pointers
[827.022s][info][gc,phases      ] GC(336) Adjust Pointers 202.212ms
[827.022s][info][gc,phases,start] GC(336) Compaction Phase
[827.216s][info][gc,phases      ] GC(336) Compaction Phase 193.866ms
[827.218s][info][gc,phases,start] GC(336) Post Compact
[827.222s][info][gc,phases      ] GC(336) Post Compact 3.287ms
[827.222s][info][gc,heap        ] GC(336) PSYoungGen: 856364K(2613760K)->0K(2613760K) Eden: 684940K(2442240K)->0K(2442240K) From: 171424K(171520K)->0K(171520K)
[827.222s][info][gc,heap        ] GC(336) ParOldGen: 2846571K(2846720K)->1146630K(2846720K)
[827.222s][info][gc,metaspace   ] GC(336) Metaspace: 28998K(29376K)->28998K(29376K) NonClass: 24109K(24256K)->24109K(24256K) Class: 4889K(5120K)->4889K(5120K)
[827.222s][info][gc             ] GC(336) Pause Full (Diagnostic Command) 3616M->1119M(5332M) 912.577ms
[827.222s][info][gc,cpu         ] GC(336) User=4.65s Sys=0.00s Real=0.91s
..[828.640s][info][gc,start       ] GC(337) Pause Young (Allocation Failure)
[828.758s][info][gc,heap        ] GC(337) PSYoungGen: 2442240K(2613760K)->157780K(2617856K) Eden: 2442240K(2442240K)->0K(2437632K) From: 0K(171520K)->157780K(180224K)
[828.758s][info][gc,heap        ] GC(337) ParOldGen: 1146630K(2846720K)->1146630K(2846720K)
[828.758s][info][gc,metaspace   ] GC(337) Metaspace: 28998K(29376K)->28998K(29376K) NonClass: 24109K(24256K)->24109K(24256K) Class: 4889K(5120K)->4889K(5120K)
[828.758s][info][gc             ] GC(337) Pause Young (Allocation Failure) 3504M->1273M(5336M) 117.923ms
[828.758s][info][gc,cpu         ] GC(337) User=0.42s Sys=0.00s Real=0.12s
.[830.273s][info][gc,start       ] GC(338) Pause Young (Allocation Failure)
[830.374s][info][gc,heap        ] GC(338) PSYoungGen: 2595412K(2617856K)->155028K(2592768K) Eden: 2437632K(2437632K)->0K(2437632K) From: 157780K(180224K)->155028K(155136K)
[830.374s][info][gc,heap        ] GC(338) ParOldGen: 1146630K(2846720K)->1242742K(2846720K)
[830.374s][info][gc,metaspace   ] GC(338) Metaspace: 28998K(29376K)->28998K(29376K) NonClass: 24109K(24256K)->24109K(24256K) Class: 4889K(5120K)->4889K(5120K)
[830.374s][info][gc             ] GC(338) Pause Young (Allocation Failure) 3654M->1365M(5312M) 101.277ms
[830.374s][info][gc,cpu         ] GC(338) User=0.61s Sys=0.00s Real=0.10s
.[831.927s][info][gc,start       ] GC(339) Pause Young (Allocation Failure)
[832.021s][info][gc,heap        ] GC(339) PSYoungGen: 2592660K(2592768K)->144768K(2614272K) Eden: 2437632K(2437632K)->0K(2437632K) From: 155028K(155136K)->144768K(176640K)
[832.021s][info][gc,heap        ] GC(339) ParOldGen: 1242742K(2846720K)->1335358K(2846720K)
[832.021s][info][gc,metaspace   ] GC(339) Metaspace: 28998K(29376K)->28998K(29376K) NonClass: 24109K(24256K)->24109K(24256K) Class: 4889K(5120K)->4889K(5120K)
[832.021s][info][gc             ] GC(339) Pause Young (Allocation Failure) 3745M->1445M(5333M) 94.446ms
[832.022s][info][gc,cpu         ] GC(339) User=0.56s Sys=0.00s Real=0.10s
..[833.384s][info][gc,start       ] GC(340) Pause Young (Allocation Failure)
[833.483s][info][gc,heap        ] GC(340) PSYoungGen: 2582400K(2614272K)->158768K(2614272K) Eden: 2437632K(2437632K)->0K(2437632K) From: 144768K(176640K)->158768K(176640K)
[833.483s][info][gc,heap        ] GC(340) ParOldGen: 1335358K(2846720K)->1423878K(2846720K)
[833.483s][info][gc,metaspace   ] GC(340) Metaspace: 28998K(29376K)->28998K(29376K) NonClass: 24109K(24256K)->24109K(24256K) Class: 4889K(5120K)->4889K(5120K)
[833.483s][info][gc             ] GC(340) Pause Young (Allocation Failure) 3825M->1545M(5333M) 98.576ms
[833.483s][info][gc,cpu         ] GC(340) User=0.59s Sys=0.00s Real=0.10s
.[835.095s][info][gc,start       ] GC(341) Pause Young (Allocation Failure)
[835.193s][info][gc,heap        ] GC(341) PSYoungGen: 2596400K(2614272K)->144938K(2618368K) Eden: 2437632K(2437632K)->0K(2442752K) From: 158768K(176640K)->144938K(175616K)
[835.194s][info][gc,heap        ] GC(341) ParOldGen: 1423878K(2846720K)->1525886K(2846720K)
[835.194s][info][gc,metaspace   ] GC(341) Metaspace: 28998K(29376K)->28998K(29376K) NonClass: 24109K(24256K)->24109K(24256K) Class: 4889K(5120K)->4889K(5120K)
[835.194s][info][gc             ] GC(341) Pause Young (Allocation Failure) 3926M->1631M(5337M) 98.690ms
[835.194s][info][gc,cpu         ] GC(341) User=0.59s Sys=0.00s Real=0.10s
.[836.740s][info][gc,start       ] GC(342) Pause Young (Allocation Failure)
[836.836s][info][gc,heap        ] GC(342) PSYoungGen: 2587690K(2618368K)->145046K(2618368K) Eden: 2442752K(2442752K)->0K(2442752K) From: 144938K(175616K)->145046K(175616K)
[836.836s][info][gc,heap        ] GC(342) ParOldGen: 1525886K(2846720K)->1614734K(2846720K)
[836.836s][info][gc,metaspace   ] GC(342) Metaspace: 28998K(29376K)->28998K(29376K) NonClass: 24109K(24256K)->24109K(24256K) Class: 4889K(5120K)->4889K(5120K)
[836.836s][info][gc             ] GC(342) Pause Young (Allocation Failure) 4017M->1718M(5337M) 95.991ms
[836.836s][info][gc,cpu         ] GC(342) User=0.57s Sys=0.00s Real=0.09s
. (rIR:aIR:PR = 12825:12737:12692) (tPR = 185417) [OK] 
   836s:       trying IR =  12867 .[838.270s][info][gc,start       ] GC(343) Pause Young (Allocation Failure)
[838.367s][info][gc,heap        ] GC(343) PSYoungGen: 2587798K(2618368K)->150288K(2617856K) Eden: 2442752K(2442752K)->0K(2445312K) From: 145046K(175616K)->150288K(172544K)
[838.367s][info][gc,heap        ] GC(343) ParOldGen: 1614734K(2846720K)->1702998K(2846720K)
[838.367s][info][gc,metaspace   ] GC(343) Metaspace: 28998K(29376K)->28998K(29376K) NonClass: 24109K(24256K)->24109K(24256K) Class: 4889K(5120K)->4889K(5120K)
[838.367s][info][gc             ] GC(343) Pause Young (Allocation Failure) 4104M->1809M(5336M) 97.134ms
[838.367s][info][gc,cpu         ] GC(343) User=0.57s Sys=0.00s Real=0.10s
.[839.938s][info][gc,start       ] GC(344) Pause Young (Allocation Failure)
[840.034s][info][gc,heap        ] GC(344) PSYoungGen: 2595600K(2617856K)->148384K(2618880K) Eden: 2445312K(2445312K)->0K(2445312K) From: 150288K(172544K)->148384K(173568K)
[840.034s][info][gc,heap        ] GC(344) ParOldGen: 1702998K(2846720K)->1800550K(2846720K)
[840.034s][info][gc,metaspace   ] GC(344) Metaspace: 28998K(29376K)->28998K(29376K) NonClass: 24109K(24256K)->24109K(24256K) Class: 4889K(5120K)->4889K(5120K)
[840.034s][info][gc             ] GC(344) Pause Young (Allocation Failure) 4197M->1903M(5337M) 96.430ms
[840.034s][info][gc,cpu         ] GC(344) User=0.57s Sys=0.00s Real=0.09s
.[841.495s][info][gc,start       ] GC(345) Pause Young (Allocation Failure)
[841.593s][info][gc,heap        ] GC(345) PSYoungGen: 2593696K(2618880K)->151621K(2619392K) Eden: 2445312K(2445312K)->0K(2449920K) From: 148384K(173568K)->151621K(169472K)
[841.593s][info][gc,heap        ] GC(345) ParOldGen: 1800550K(2846720K)->1891182K(2846720K)
[841.593s][info][gc,metaspace   ] GC(345) Metaspace: 29000K(29376K)->29000K(29376K) NonClass: 24111K(24256K)->24111K(24256K) Class: 4889K(5120K)->4889K(5120K)
[841.593s][info][gc             ] GC(345) Pause Young (Allocation Failure) 4291M->1994M(5338M) 98.107ms
[841.593s][info][gc,cpu         ] GC(345) User=0.59s Sys=0.00s Real=0.10s
..[843.245s][info][gc,start       ] GC(346) Pause Young (Allocation Failure)
[843.344s][info][gc,heap        ] GC(346) PSYoungGen: 2601541K(2619392K)->150612K(2620928K) Eden: 2449920K(2449920K)->0K(2449920K) From: 151621K(169472K)->150612K(171008K)
[843.344s][info][gc,heap        ] GC(346) ParOldGen: 1891182K(2846720K)->1987206K(2846720K)
[843.344s][info][gc,metaspace   ] GC(346) Metaspace: 29000K(29376K)->29000K(29376K) NonClass: 24111K(24256K)->24111K(24256K) Class: 4889K(5120K)->4889K(5120K)
[843.344s][info][gc             ] GC(346) Pause Young (Allocation Failure) 4387M->2087M(5339M) 98.919ms
[843.344s][info][gc,cpu         ] GC(346) User=0.59s Sys=0.00s Real=0.10s
..[844.860s][info][gc,start       ] GC(347) Pause Young (Allocation Failure)
[844.958s][info][gc,heap        ] GC(347) PSYoungGen: 2600532K(2620928K)->156592K(2625024K) Eden: 2449920K(2449920K)->0K(2455552K) From: 150612K(171008K)->156592K(169472K)
[844.958s][info][gc,heap        ] GC(347) ParOldGen: 1987206K(2846720K)->2072886K(2846720K)
[844.958s][info][gc,metaspace   ] GC(347) Metaspace: 29000K(29376K)->29000K(29376K) NonClass: 24111K(24256K)->24111K(24256K) Class: 4889K(5120K)->4889K(5120K)
[844.958s][info][gc             ] GC(347) Pause Young (Allocation Failure) 4480M->2177M(5343M) 97.230ms
[844.958s][info][gc,cpu         ] GC(347) User=0.58s Sys=0.00s Real=0.10s
.[846.490s][info][gc,start       ] GC(348) Pause Young (Allocation Failure)
[846.586s][info][gc,heap        ] GC(348) PSYoungGen: 2612144K(2625024K)->143648K(2625024K) Eden: 2455552K(2455552K)->0K(2455552K) From: 156592K(169472K)->143648K(169472K)
[846.586s][info][gc,heap        ] GC(348) ParOldGen: 2072886K(2846720K)->2168870K(2846720K)
[846.586s][info][gc,metaspace   ] GC(348) Metaspace: 29000K(29376K)->29000K(29376K) NonClass: 24111K(24256K)->24111K(24256K) Class: 4889K(5120K)->4889K(5120K)
[846.586s][info][gc             ] GC(348) Pause Young (Allocation Failure) 4575M->2258M(5343M) 96.339ms
[846.586s][info][gc,cpu         ] GC(348) User=0.57s Sys=0.00s Real=0.09s
.[848.137s][info][gc,start       ] GC(349) Pause Young (Allocation Failure)
[848.240s][info][gc,heap        ] GC(349) PSYoungGen: 2599200K(2625024K)->162420K(2622464K) Eden: 2455552K(2455552K)->0K(2452992K) From: 143648K(169472K)->162420K(169472K)
[848.240s][info][gc,heap        ] GC(349) ParOldGen: 2168870K(2846720K)->2260374K(2846720K)
[848.240s][info][gc,metaspace   ] GC(349) Metaspace: 29000K(29376K)->29000K(29376K) NonClass: 24111K(24256K)->24111K(24256K) Class: 4889K(5120K)->4889K(5120K)
[848.241s][info][gc             ] GC(349) Pause Young (Allocation Failure) 4656M->2366M(5341M) 103.910ms
[848.241s][info][gc,cpu         ] GC(349) User=0.62s Sys=0.00s Real=0.11s
..[849.740s][info][gc,start       ] GC(350) Pause Young (Allocation Failure)
[849.839s][info][gc,heap        ] GC(350) PSYoungGen: 2615412K(2622464K)->148224K(2624512K) Eden: 2452992K(2452992K)->0K(2452992K) From: 162420K(169472K)->148224K(171520K)
[849.839s][info][gc,heap        ] GC(350) ParOldGen: 2260374K(2846720K)->2353494K(2846720K)
[849.839s][info][gc,metaspace   ] GC(350) Metaspace: 29000K(29376K)->29000K(29376K) NonClass: 24111K(24256K)->24111K(24256K) Class: 4889K(5120K)->4889K(5120K)
[849.839s][info][gc             ] GC(350) Pause Young (Allocation Failure) 4761M->2443M(5343M) 98.797ms
[849.839s][info][gc,cpu         ] GC(350) User=0.59s Sys=0.00s Real=0.10s
. (rIR:aIR:PR = 12867:12397:12390) (tPR = 180358) [OK] 
   850s:       trying IR =  12917 [851.319s][info][gc,start       ] GC(351) Pause Young (Allocation Failure)
[851.422s][info][gc,heap        ] GC(351) PSYoungGen: 2601216K(2624512K)->155966K(2622464K) Eden: 2452992K(2452992K)->0K(2454016K) From: 148224K(171520K)->155966K(168448K)
[851.422s][info][gc,heap        ] GC(351) ParOldGen: 2353494K(2846720K)->2446094K(2846720K)
[851.422s][info][gc,metaspace   ] GC(351) Metaspace: 29000K(29376K)->29000K(29376K) NonClass: 24111K(24256K)->24111K(24256K) Class: 4889K(5120K)->4889K(5120K)
[851.422s][info][gc             ] GC(351) Pause Young (Allocation Failure) 4838M->2541M(5341M) 102.502ms
[851.422s][info][gc,cpu         ] GC(351) User=0.60s Sys=0.00s Real=0.10s
.[852.972s][info][gc,start       ] GC(352) Pause Young (Allocation Failure)
[853.069s][info][gc,heap        ] GC(352) PSYoungGen: 2609982K(2622464K)->150496K(2624000K) Eden: 2454016K(2454016K)->0K(2454016K) From: 155966K(168448K)->150496K(169984K)
[853.069s][info][gc,heap        ] GC(352) ParOldGen: 2446094K(2846720K)->2539782K(2846720K)
[853.069s][info][gc,metaspace   ] GC(352) Metaspace: 29000K(29376K)->29000K(29376K) NonClass: 24111K(24256K)->24111K(24256K) Class: 4889K(5120K)->4889K(5120K)
[853.069s][info][gc             ] GC(352) Pause Young (Allocation Failure) 4937M->2627M(5342M) 97.629ms
[853.069s][info][gc,cpu         ] GC(352) User=0.58s Sys=0.00s Real=0.10s
..[854.537s][info][gc,start       ] GC(353) Pause Young (Allocation Failure)
[854.633s][info][gc,heap        ] GC(353) PSYoungGen: 2604512K(2624000K)->146240K(2624512K) Eden: 2454016K(2454016K)->0K(2457088K) From: 150496K(169984K)->146240K(167424K)
[854.633s][info][gc,heap        ] GC(353) ParOldGen: 2539782K(2846720K)->2632286K(2846720K)
[854.633s][info][gc,metaspace   ] GC(353) Metaspace: 29000K(29376K)->29000K(29376K) NonClass: 24111K(24256K)->24111K(24256K) Class: 4889K(5120K)->4889K(5120K)
[854.633s][info][gc             ] GC(353) Pause Young (Allocation Failure) 5023M->2713M(5343M) 96.243ms
[854.633s][info][gc,cpu         ] GC(353) User=0.57s Sys=0.00s Real=0.10s
.[856.194s][info][gc,start       ] GC(354) Pause Young (Allocation Failure)
[856.301s][info][gc,heap        ] GC(354) PSYoungGen: 2603328K(2624512K)->166976K(2624512K) Eden: 2457088K(2457088K)->0K(2457088K) From: 146240K(167424K)->166976K(167424K)
[856.301s][info][gc,heap        ] GC(354) ParOldGen: 2632286K(2846720K)->2727478K(2846720K)
[856.301s][info][gc,metaspace   ] GC(354) Metaspace: 29000K(29376K)->29000K(29376K) NonClass: 24111K(24256K)->24111K(24256K) Class: 4889K(5120K)->4889K(5120K)
[856.301s][info][gc             ] GC(354) Pause Young (Allocation Failure) 5112M->2826M(5343M) 107.233ms
[856.301s][info][gc,cpu         ] GC(354) User=0.63s Sys=0.00s Real=0.11s
.. (rIR:aIR:PR = 12917:12710:12642) (tPR = 199094) [OK] 
   857s:       trying IR =  12976 [857.868s][info][gc,start       ] GC(355) Pause Young (Allocation Failure)
[857.973s][info][gc,heap        ] GC(355) PSYoungGen: 2624064K(2624512K)->163556K(2619392K) Eden: 2457088K(2457088K)->0K(2447872K) From: 166976K(167424K)->163556K(171520K)
[857.973s][info][gc,heap        ] GC(355) ParOldGen: 2727478K(2846720K)->2820990K(2846720K)
[857.973s][info][gc,metaspace   ] GC(355) Metaspace: 29005K(29376K)->29005K(29376K) NonClass: 24115K(24256K)->24115K(24256K) Class: 4889K(5120K)->4889K(5120K)
[857.973s][info][gc             ] GC(355) Pause Young (Allocation Failure) 5226M->2914M(5338M) 105.532ms
[857.974s][info][gc,cpu         ] GC(355) User=0.62s Sys=0.00s Real=0.10s
.[859.321s][info][gc,start       ] GC(356) Pause Young (Allocation Failure)
[859.423s][info][gc,heap        ] GC(356) PSYoungGen: 2611428K(2619392K)->154016K(2621952K) Eden: 2447872K(2447872K)->0K(2447872K) From: 163556K(171520K)->154016K(174080K)
[859.423s][info][gc,heap        ] GC(356) ParOldGen: 2820990K(2846720K)->2911766K(2912256K)
[859.423s][info][gc,metaspace   ] GC(356) Metaspace: 29005K(29376K)->29005K(29376K) NonClass: 24115K(24256K)->24115K(24256K) Class: 4889K(5120K)->4889K(5120K)
[859.423s][info][gc             ] GC(356) Pause Young (Allocation Failure) 5305M->2993M(5404M) 101.666ms
[859.423s][info][gc,cpu         ] GC(356) User=0.58s Sys=0.02s Real=0.10s
.[861.048s][info][gc,start       ] GC(357) Pause Young (Allocation Failure)
[861.155s][info][gc,heap        ] GC(357) PSYoungGen: 2601888K(2621952K)->149536K(2620416K) Eden: 2447872K(2447872K)->0K(2449920K) From: 154016K(174080K)->149536K(170496K)
[861.155s][info][gc,heap        ] GC(357) ParOldGen: 2911766K(2912256K)->3013790K(3014144K)
[861.155s][info][gc,metaspace   ] GC(357) Metaspace: 29005K(29376K)->29005K(29376K) NonClass: 24115K(24256K)->24115K(24256K) Class: 4889K(5120K)->4889K(5120K)
[861.155s][info][gc             ] GC(357) Pause Young (Allocation Failure) 5384M->3089M(5502M) 107.353ms
[861.155s][info][gc,cpu         ] GC(357) User=0.61s Sys=0.02s Real=0.10s
..[862.624s][info][gc,start       ] GC(358) Pause Young (Allocation Failure)
[862.780s][info][gc,heap        ] GC(358) PSYoungGen: 2599456K(2620416K)->162391K(2621440K) Eden: 2449920K(2449920K)->0K(2449920K) From: 149536K(170496K)->162391K(171520K)
[862.780s][info][gc,heap        ] GC(358) ParOldGen: 3013790K(3014144K)->3103798K(3104256K)
[862.780s][info][gc,metaspace   ] GC(358) Metaspace: 29005K(29376K)->29005K(29376K) NonClass: 24115K(24256K)->24115K(24256K) Class: 4889K(5120K)->4889K(5120K)
[862.780s][info][gc             ] GC(358) Pause Young (Allocation Failure) 5481M->3189M(5591M) 156.586ms
[862.780s][info][gc,cpu         ] GC(358) User=0.64s Sys=0.03s Real=0.16s
.[864.286s][info][gc,start       ] GC(359) Pause Young (Allocation Failure)
[864.386s][info][gc,heap        ] GC(359) PSYoungGen: 2612311K(2621440K)->141632K(2622464K) Eden: 2449920K(2449920K)->0K(2449920K) From: 162391K(171520K)->141632K(172544K)
[864.386s][info][gc,heap        ] GC(359) ParOldGen: 3103798K(3104256K)->3199814K(3200000K)
[864.386s][info][gc,metaspace   ] GC(359) Metaspace: 29005K(29376K)->29005K(29376K) NonClass: 24115K(24256K)->24115K(24256K) Class: 4889K(5120K)->4889K(5120K)
[864.386s][info][gc             ] GC(359) Pause Young (Allocation Failure) 5582M->3263M(5686M) 100.213ms
[864.386s][info][gc,cpu         ] GC(359) User=0.56s Sys=0.03s Real=0.10s
..[865.845s][info][gc,start       ] GC(360) Pause Young (Allocation Failure)
[865.948s][info][gc,heap        ] GC(360) PSYoungGen: 2591552K(2622464K)->155936K(2606080K) Eden: 2449920K(2449920K)->0K(2449920K) From: 141632K(172544K)->155936K(156160K)
[865.948s][info][gc,heap        ] GC(360) ParOldGen: 3199814K(3200000K)->3290110K(3290112K)
[865.948s][info][gc,metaspace   ] GC(360) Metaspace: 29005K(29376K)->29005K(29376K) NonClass: 24115K(24256K)->24115K(24256K) Class: 4889K(5120K)->4889K(5120K)
[865.948s][info][gc             ] GC(360) Pause Young (Allocation Failure) 5655M->3365M(5758M) 103.735ms
[865.948s][info][gc,cpu         ] GC(360) User=0.57s Sys=0.04s Real=0.11s
. (rIR:aIR:PR = 12976:12738:12429) (tPR = 193368) [OK] 
   867s:       trying IR =  13048 [867.491s][info][gc,start       ] GC(361) Pause Young (Allocation Failure)
[867.591s][info][gc,heap        ] GC(361) PSYoungGen: 2605856K(2606080K)->135840K(2620928K) Eden: 2449920K(2449920K)->0K(2448896K) From: 155936K(156160K)->135840K(172032K)
[867.591s][info][gc,heap        ] GC(361) ParOldGen: 3290110K(3290112K)->3386790K(3386880K)
[867.591s][info][gc,metaspace   ] GC(361) Metaspace: 29005K(29376K)->29005K(29376K) NonClass: 24115K(24256K)->24115K(24256K) Class: 4889K(5120K)->4889K(5120K)
[867.591s][info][gc             ] GC(361) Pause Young (Allocation Failure) 5757M->3440M(5867M) 99.162ms
[867.591s][info][gc,cpu         ] GC(361) User=0.55s Sys=0.03s Real=0.10s
.[869.089s][info][gc,start       ] GC(362) Pause Young (Allocation Failure)
[869.200s][info][gc,heap        ] GC(362) PSYoungGen: 2584736K(2620928K)->167940K(2617344K) Eden: 2448896K(2448896K)->0K(2448896K) From: 135840K(172032K)->167940K(168448K)
[869.200s][info][gc,heap        ] GC(362) ParOldGen: 3386790K(3386880K)->3474054K(3474432K)
[869.200s][info][gc,metaspace   ] GC(362) Metaspace: 29005K(29376K)->29005K(29376K) NonClass: 24115K(24256K)->24115K(24256K) Class: 4889K(5120K)->4889K(5120K)
[869.200s][info][gc             ] GC(362) Pause Young (Allocation Failure) 5831M->3556M(5949M) 111.101ms
[869.200s][info][gc,cpu         ] GC(362) User=0.64s Sys=0.02s Real=0.11s
..[870.819s][info][gc,start       ] GC(363) Pause Young (Allocation Failure)
[870.921s][info][gc,heap        ] GC(363) PSYoungGen: 2616836K(2617344K)->142560K(2619392K) Eden: 2448896K(2448896K)->0K(2442240K) From: 167940K(168448K)->142560K(177152K)
[870.921s][info][gc,heap        ] GC(363) ParOldGen: 3474054K(3474432K)->3572438K(3572736K)
[870.921s][info][gc,metaspace   ] GC(363) Metaspace: 29005K(29376K)->29005K(29376K) NonClass: 24115K(24256K)->24115K(24256K) Class: 4889K(5120K)->4889K(5120K)
[870.921s][info][gc             ] GC(363) Pause Young (Allocation Failure) 5948M->3627M(6047M) 102.190ms
[870.921s][info][gc,cpu         ] GC(363) User=0.57s Sys=0.03s Real=0.10s
.[872.387s][info][gc,start       ] GC(364) Pause Young (Allocation Failure)
[872.496s][info][gc,heap        ] GC(364) PSYoungGen: 2584800K(2619392K)->160511K(2618880K) Eden: 2442240K(2442240K)->0K(2442240K) From: 142560K(177152K)->160511K(176640K)
[872.496s][info][gc,heap        ] GC(364) ParOldGen: 3572438K(3572736K)->3660014K(3660288K)
[872.496s][info][gc,metaspace   ] GC(364) Metaspace: 29005K(29376K)->29005K(29376K) NonClass: 24115K(24256K)->24115K(24256K) Class: 4889K(5120K)->4889K(5120K)
[872.496s][info][gc             ] GC(364) Pause Young (Allocation Failure) 6012M->3730M(6132M) 109.761ms
[872.496s][info][gc,cpu         ] GC(364) User=0.64s Sys=0.02s Real=0.11s
.[874.036s][info][gc,start       ] GC(365) Pause Young (Allocation Failure)
[874.145s][info][gc,heap        ] GC(365) PSYoungGen: 2602751K(2618880K)->160451K(2617856K) Eden: 2442240K(2442240K)->0K(2440704K) From: 160511K(176640K)->160451K(177152K)
[874.145s][info][gc,heap        ] GC(365) ParOldGen: 3660014K(3660288K)->3754798K(3755008K)
[874.145s][info][gc,metaspace   ] GC(365) Metaspace: 29005K(29376K)->29005K(29376K) NonClass: 24115K(24256K)->24115K(24256K) Class: 4889K(5120K)->4889K(5120K)
[874.145s][info][gc             ] GC(365) Pause Young (Allocation Failure) 6115M->3823M(6223M) 108.951ms
[874.145s][info][gc,cpu         ] GC(365) User=0.61s Sys=0.03s Real=0.11s
..[875.735s][info][gc,start       ] GC(366) Pause Young (Allocation Failure)
[875.841s][info][gc,heap        ] GC(366) PSYoungGen: 2601155K(2617856K)->146432K(2587648K) Eden: 2440704K(2440704K)->0K(2440704K) From: 160451K(177152K)->146432K(146944K)
[875.841s][info][gc,heap        ] GC(366) ParOldGen: 3754798K(3755008K)->3849438K(3849728K)
[875.841s][info][gc,metaspace   ] GC(366) Metaspace: 29005K(29376K)->29005K(29376K) NonClass: 24115K(24256K)->24115K(24256K) Class: 4889K(5120K)->4889K(5120K)
[875.841s][info][gc             ] GC(366) Pause Young (Allocation Failure) 6206M->3902M(6286M) 106.006ms
[875.841s][info][gc,cpu         ] GC(366) User=0.58s Sys=0.04s Real=0.11s
. (rIR:aIR:PR = 13048:12683:12669) (tPR = 186030) [OK] 
   876s:       trying IR =  13134 [877.258s][info][gc,start       ] GC(367) Pause Young (Allocation Failure)
[877.364s][info][gc,heap        ] GC(367) PSYoungGen: 2587136K(2587648K)->154220K(2619904K) Eden: 2440704K(2440704K)->0K(2443264K) From: 146432K(146944K)->154220K(176640K)
[877.364s][info][gc,heap        ] GC(367) ParOldGen: 3849438K(3849728K)->3933510K(3933696K)
[877.364s][info][gc,metaspace   ] GC(367) Metaspace: 29005K(29376K)->29005K(29376K) NonClass: 24116K(24256K)->24116K(24256K) Class: 4889K(5120K)->4889K(5120K)
[877.364s][info][gc             ] GC(367) Pause Young (Allocation Failure) 6285M->3991M(6400M) 105.468ms
[877.364s][info][gc,cpu         ] GC(367) User=0.60s Sys=0.03s Real=0.10s
..[878.935s][info][gc,start       ] GC(368) Pause Young (Allocation Failure)
[879.042s][info][gc,heap        ] GC(368) PSYoungGen: 2597484K(2619904K)->149376K(2617856K) Eden: 2443264K(2443264K)->0K(2443264K) From: 154220K(176640K)->149376K(174592K)
[879.042s][info][gc,heap        ] GC(368) ParOldGen: 3933510K(3933696K)->4031934K(4032000K)
[879.042s][info][gc,metaspace   ] GC(368) Metaspace: 29005K(29376K)->29005K(29376K) NonClass: 24116K(24256K)->24116K(24256K) Class: 4889K(5120K)->4889K(5120K)
[879.042s][info][gc             ] GC(368) Pause Young (Allocation Failure) 6377M->4083M(6494M) 106.429ms
[879.042s][info][gc,cpu         ] GC(368) User=0.59s Sys=0.03s Real=0.11s
.[880.560s][info][gc,start       ] GC(369) Pause Young (Allocation Failure)
[880.716s][info][gc,heap        ] GC(369) PSYoungGen: 2592640K(2617856K)->156176K(2618368K) Eden: 2443264K(2443264K)->0K(2445312K) From: 149376K(174592K)->156176K(173056K)
[880.716s][info][gc,heap        ] GC(369) ParOldGen: 4031934K(4032000K)->4123318K(4123648K)
[880.716s][info][gc,metaspace   ] GC(369) Metaspace: 29005K(29376K)->29005K(29376K) NonClass: 24116K(24256K)->24116K(24256K) Class: 4889K(5120K)->4889K(5120K)
[880.716s][info][gc             ] GC(369) Pause Young (Allocation Failure) 6469M->4179M(6584M) 155.922ms
[880.717s][info][gc,cpu         ] GC(369) User=0.62s Sys=0.02s Real=0.15s
..[882.233s][info][gc,start       ] GC(370) Pause Young (Allocation Failure)
[882.336s][info][gc,heap        ] GC(370) PSYoungGen: 2601488K(2618368K)->142500K(2617856K) Eden: 2445312K(2445312K)->0K(2445312K) From: 156176K(173056K)->142500K(172544K)
[882.336s][info][gc,heap        ] GC(370) ParOldGen: 4123318K(4123648K)->4216590K(4216832K)
[882.336s][info][gc,metaspace   ] GC(370) Metaspace: 29005K(29376K)->29005K(29376K) NonClass: 24116K(24256K)->24116K(24256K) Class: 4889K(5120K)->4889K(5120K)
[882.336s][info][gc             ] GC(370) Pause Young (Allocation Failure) 6567M->4256M(6674M) 102.793ms
[882.336s][info][gc,cpu         ] GC(370) User=0.56s Sys=0.04s Real=0.10s
.[883.860s][info][gc,start       ] GC(371) Pause Young (Allocation Failure)
[883.973s][info][gc,heap        ] GC(371) PSYoungGen: 2587812K(2617856K)->164488K(2618368K) Eden: 2445312K(2445312K)->0K(2445824K) From: 142500K(172544K)->164488K(172544K)
[883.973s][info][gc,heap        ] GC(371) ParOldGen: 4216590K(4216832K)->4308046K(4308480K)
[883.973s][info][gc,metaspace   ] GC(371) Metaspace: 29005K(29376K)->29005K(29376K) NonClass: 24116K(24256K)->24116K(24256K) Class: 4889K(5120K)->4889K(5120K)
[883.973s][info][gc             ] GC(371) Pause Young (Allocation Failure) 6644M->4367M(6764M) 113.326ms
[883.973s][info][gc,cpu         ] GC(371) User=0.65s Sys=0.02s Real=0.11s
.[885.459s][info][gc,start       ] GC(372) Pause Young (Allocation Failure)
[885.559s][info][gc,heap        ] GC(372) PSYoungGen: 2610312K(2618368K)->143712K(2620928K) Eden: 2445824K(2445824K)->0K(2445824K) From: 164488K(172544K)->143712K(175104K)
[885.559s][info][gc,heap        ] GC(372) ParOldGen: 4308046K(4308480K)->4401214K(4401664K)
[885.559s][info][gc,metaspace   ] GC(372) Metaspace: 29005K(29376K)->29005K(29376K) NonClass: 24116K(24256K)->24116K(24256K) Class: 4889K(5120K)->4889K(5120K)
[885.559s][info][gc             ] GC(372) Pause Young (Allocation Failure) 6756M->4438M(6858M) 100.779ms
[885.559s][info][gc,cpu         ] GC(372) User=0.57s Sys=0.03s Real=0.10s
..[887.100s][info][gc,start       ] GC(373) Pause Young (Allocation Failure)
[887.201s][info][gc,heap        ] GC(373) PSYoungGen: 2589536K(2620928K)->144928K(2618368K) Eden: 2445824K(2445824K)->0K(2446336K) From: 143712K(175104K)->144928K(172032K)
[887.201s][info][gc,heap        ] GC(373) ParOldGen: 4401214K(4401664K)->4494638K(4494848K)
[887.201s][info][gc,metaspace   ] GC(373) Metaspace: 29005K(29376K)->29005K(29376K) NonClass: 24116K(24256K)->24116K(24256K) Class: 4889K(5120K)->4889K(5120K)
[887.201s][info][gc             ] GC(373) Pause Young (Allocation Failure) 6826M->4530M(6946M) 101.657ms
[887.201s][info][gc,cpu         ] GC(373) User=0.58s Sys=0.03s Real=0.10s
.[888.705s][info][gc,start       ] GC(374) Pause Young (Allocation Failure)
[888.811s][info][gc,heap        ] GC(374) PSYoungGen: 2591264K(2618368K)->152741K(2619904K) Eden: 2446336K(2446336K)->0K(2446336K) From: 144928K(172032K)->152741K(173568K)
[888.811s][info][gc,heap        ] GC(374) ParOldGen: 4494638K(4494848K)->4585310K(4585472K)
[888.811s][info][gc,metaspace   ] GC(374) Metaspace: 29005K(29376K)->29005K(29376K) NonClass: 24116K(24256K)->24116K(24256K) Class: 4889K(5120K)->4889K(5120K)
[888.811s][info][gc             ] GC(374) Pause Young (Allocation Failure) 6919M->4627M(7036M) 105.450ms
[888.811s][info][gc,cpu         ] GC(374) User=0.58s Sys=0.03s Real=0.11s
..[890.295s][info][gc,start       ] GC(375) Pause Young (Allocation Failure)
[890.402s][info][gc,heap        ] GC(375) PSYoungGen: 2599077K(2619904K)->151188K(2619904K) Eden: 2446336K(2446336K)->0K(2450944K) From: 152741K(173568K)->151188K(168960K)
[890.402s][info][gc,heap        ] GC(375) ParOldGen: 4585310K(4585472K)->4679966K(4680192K)
[890.402s][info][gc,metaspace   ] GC(375) Metaspace: 29005K(29376K)->29005K(29376K) NonClass: 24116K(24256K)->24116K(24256K) Class: 4889K(5120K)->4889K(5120K)
[890.402s][info][gc             ] GC(375) Pause Young (Allocation Failure) 7016M->4717M(7129M) 106.763ms
[890.402s][info][gc,cpu         ] GC(375) User=0.61s Sys=0.03s Real=0.11s
.[891.855s][info][gc,start       ] GC(376) Pause Young (Allocation Failure)
[891.964s][info][gc,heap        ] GC(376) PSYoungGen: 2602132K(2619904K)->163216K(2620928K) Eden: 2450944K(2450944K)->0K(2450944K) From: 151188K(168960K)->163216K(169984K)
[891.964s][info][gc,heap        ] GC(376) ParOldGen: 4679966K(4680192K)->4770726K(4770816K)
[891.964s][info][gc,metaspace   ] GC(376) Metaspace: 29005K(29376K)->29005K(29376K) NonClass: 24116K(24256K)->24116K(24256K) Class: 4889K(5120K)->4889K(5120K)
[891.964s][info][gc             ] GC(376) Pause Young (Allocation Failure) 7111M->4818M(7218M) 109.453ms
[891.964s][info][gc,cpu         ] GC(376) User=0.61s Sys=0.04s Real=0.11s
.[893.416s][info][gc,start       ] GC(377) Pause Young (Allocation Failure)
[893.520s][info][gc,heap        ] GC(377) PSYoungGen: 2614160K(2620928K)->146112K(2624512K) Eden: 2450944K(2450944K)->0K(2451968K) From: 163216K(169984K)->146112K(172544K)
[893.520s][info][gc,heap        ] GC(377) ParOldGen: 4770726K(4770816K)->4866734K(4867072K)
[893.520s][info][gc,metaspace   ] GC(377) Metaspace: 29005K(29376K)->29005K(29376K) NonClass: 24116K(24256K)->24116K(24256K) Class: 4889K(5120K)->4889K(5120K)
[893.520s][info][gc             ] GC(377) Pause Young (Allocation Failure) 7211M->4895M(7316M) 103.825ms
[893.520s][info][gc,cpu         ] GC(377) User=0.59s Sys=0.02s Real=0.11s
..[895.182s][info][gc,start       ] GC(378) Pause Young (Allocation Failure)
[895.289s][info][gc,heap        ] GC(378) PSYoungGen: 2598080K(2624512K)->152501K(2604544K) Eden: 2451968K(2451968K)->0K(2451968K) From: 146112K(172544K)->152501K(152576K)
[895.289s][info][gc,heap        ] GC(378) ParOldGen: 4866734K(4867072K)->4960390K(4960768K)
[895.289s][info][gc,metaspace   ] GC(378) Metaspace: 29005K(29376K)->29005K(29376K) NonClass: 24116K(24256K)->24116K(24256K) Class: 4889K(5120K)->4889K(5120K)
[895.289s][info][gc             ] GC(378) Pause Young (Allocation Failure) 7289M->4993M(7388M) 107.616ms
[895.289s][info][gc,cpu         ] GC(378) User=0.61s Sys=0.03s Real=0.11s
.[896.747s][info][gc,start       ] GC(379) Pause Young (Allocation Failure)
[896.854s][info][gc,heap        ] GC(379) PSYoungGen: 2604469K(2604544K)->157856K(2621952K) Eden: 2451968K(2451968K)->0K(2451968K) From: 152501K(152576K)->157856K(169984K)
[896.854s][info][gc,heap        ] GC(379) ParOldGen: 4960390K(4960768K)->5051806K(5051904K)
[896.854s][info][gc,metaspace   ] GC(379) Metaspace: 29005K(29376K)->29005K(29376K) NonClass: 24116K(24256K)->24116K(24256K) Class: 4889K(5120K)->4889K(5120K)
[896.854s][info][gc             ] GC(379) Pause Young (Allocation Failure) 7387M->5087M(7494M) 106.534ms
[896.854s][info][gc,cpu         ] GC(379) User=0.60s Sys=0.02s Real=0.10s
.[898.277s][info][gc,start       ] GC(380) Pause Young (Allocation Failure)
[898.393s][info][gc,heap        ] GC(380) PSYoungGen: 2609824K(2621952K)->166629K(2621952K) Eden: 2451968K(2451968K)->0K(2451968K) From: 157856K(169984K)->166629K(169984K)
[898.393s][info][gc,heap        ] GC(380) ParOldGen: 5051806K(5051904K)->5148254K(5148672K)
[898.393s][info][gc,metaspace   ] GC(380) Metaspace: 29005K(29376K)->29005K(29376K) NonClass: 24116K(24256K)->24116K(24256K) Class: 4889K(5120K)->4889K(5120K)
[898.393s][info][gc             ] GC(380) Pause Young (Allocation Failure) 7482M->5190M(7588M) 115.838ms
[898.393s][info][gc,cpu         ] GC(380) User=0.67s Sys=0.02s Real=0.11s
.[899.885s][info][gc,start       ] GC(381) Pause Young (Allocation Failure)
[899.991s][info][gc,heap        ] GC(381) PSYoungGen: 2618597K(2621952K)->149952K(2623488K) Eden: 2451968K(2451968K)->0K(2449920K) From: 166629K(169984K)->149952K(173568K)
[899.991s][info][gc,heap        ] GC(381) ParOldGen: 5148254K(5148672K)->5240526K(5240832K)
[899.991s][info][gc,metaspace   ] GC(381) Metaspace: 29005K(29376K)->29005K(29376K) NonClass: 24116K(24256K)->24116K(24256K) Class: 4889K(5120K)->4889K(5120K)
[899.991s][info][gc             ] GC(381) Pause Young (Allocation Failure) 7584M->5264M(7680M) 106.554ms
[899.991s][info][gc,cpu         ] GC(381) User=0.59s Sys=0.03s Real=0.11s
. (rIR:aIR:PR = 13134:12832:12586) (tPR = 189383) [OK] 
   900s:       trying IR =  13237 [901.366s][info][gc,start       ] GC(382) Pause Young (Allocation Failure)
[901.477s][info][gc,heap        ] GC(382) PSYoungGen: 2599872K(2623488K)->167536K(2617856K) Eden: 2449920K(2449920K)->0K(2449920K) From: 149952K(173568K)->167536K(167936K)
[901.477s][info][gc,heap        ] GC(382) ParOldGen: 5240526K(5240832K)->5331214K(5331456K)
[901.477s][info][gc,metaspace   ] GC(382) Metaspace: 29005K(29376K)->29005K(29376K) NonClass: 24116K(24256K)->24116K(24256K) Class: 4889K(5120K)->4889K(5120K)
[901.477s][info][gc             ] GC(382) Pause Young (Allocation Failure) 7656M->5369M(7763M) 110.944ms
[901.477s][info][gc,cpu         ] GC(382) User=0.62s Sys=0.04s Real=0.11s
..[902.998s][info][gc,start       ] GC(383) Pause Young (Allocation Failure)
[903.111s][info][gc,heap        ] GC(383) PSYoungGen: 2617456K(2617856K)->158825K(2620928K) Eden: 2449920K(2449920K)->0K(2445312K) From: 167536K(167936K)->158825K(175616K)
[903.111s][info][gc,heap        ] GC(383) ParOldGen: 5331214K(5331456K)->5428686K(5428736K)
[903.111s][info][gc,metaspace   ] GC(383) Metaspace: 29005K(29376K)->29005K(29376K) NonClass: 24116K(24256K)->24116K(24256K) Class: 4889K(5120K)->4889K(5120K)
[903.111s][info][gc             ] GC(383) Pause Young (Allocation Failure) 7762M->5456M(7861M) 112.750ms
[903.111s][info][gc,cpu         ] GC(383) User=0.64s Sys=0.03s Real=0.11s
.[904.744s][info][gc,start       ] GC(384) Pause Young (Allocation Failure)
[904.850s][info][gc,heap        ] GC(384) PSYoungGen: 2604137K(2620928K)->146614K(2592256K) Eden: 2445312K(2445312K)->0K(2445312K) From: 158825K(175616K)->146614K(146944K)
[904.850s][info][gc,heap        ] GC(384) ParOldGen: 5428686K(5428736K)->5522574K(5522944K)
[904.850s][info][gc,metaspace   ] GC(384) Metaspace: 29005K(29376K)->29005K(29376K) NonClass: 24116K(24256K)->24116K(24256K) Class: 4889K(5120K)->4889K(5120K)
[904.850s][info][gc             ] GC(384) Pause Young (Allocation Failure) 7844M->5536M(7925M) 106.159ms
[904.850s][info][gc,cpu         ] GC(384) User=0.60s Sys=0.03s Real=0.11s
.[906.172s][info][gc,start       ] GC(385) Pause Full (Allocation Failure)
[906.172s][info][gc,phases,start] GC(385) Marking Phase
[906.478s][info][gc,phases      ] GC(385) Marking Phase 305.536ms
[906.478s][info][gc,phases,start] GC(385) Summary Phase
[906.478s][info][gc,phases      ] GC(385) Summary Phase 0.102ms
[906.478s][info][gc,phases,start] GC(385) Forward
[906.619s][info][gc,phases      ] GC(385) Forward 140.834ms
[906.619s][info][gc,phases,start] GC(385) Adjust Pointers
[906.832s][info][gc,phases      ] GC(385) Adjust Pointers 213.625ms
[906.832s][info][gc,phases,start] GC(385) Compaction Phase
[906.964s][info][gc,phases      ] GC(385) Compaction Phase 131.961ms
[906.966s][info][gc,phases,start] GC(385) Post Compact
[906.973s][info][gc,phases      ] GC(385) Post Compact 6.976ms
[907.105s][info][gc,heap        ] GC(385) PSYoungGen: 2591926K(2592256K)->0K(2619904K) Eden: 2445312K(2445312K)->0K(2445312K) From: 146614K(146944K)->0K(174592K)
[907.105s][info][gc,heap        ] GC(385) ParOldGen: 5522574K(5522944K)->1442543K(1628160K)
[907.105s][info][gc,metaspace   ] GC(385) Metaspace: 29005K(29376K)->29005K(29376K) NonClass: 24116K(24256K)->24116K(24256K) Class: 4889K(5120K)->4889K(5120K)
[907.105s][info][gc             ] GC(385) Pause Full (Allocation Failure) 7924M->1408M(4148M) 933.304ms
[907.105s][info][gc,cpu         ] GC(385) User=4.14s Sys=0.14s Real=0.93s
..[908.472s][info][gc,start       ] GC(386) Pause Young (Allocation Failure)
[908.563s][info][gc,heap        ] GC(386) PSYoungGen: 2445312K(2619904K)->174573K(2619904K) Eden: 2445312K(2445312K)->0K(2445312K) From: 0K(174592K)->174573K(174592K)
[908.563s][info][gc,heap        ] GC(386) ParOldGen: 1442543K(1628160K)->1464591K(1628160K)
[908.563s][info][gc,metaspace   ] GC(386) Metaspace: 29005K(29376K)->29005K(29376K) NonClass: 24116K(24256K)->24116K(24256K) Class: 4889K(5120K)->4889K(5120K)
[908.563s][info][gc             ] GC(386) Pause Young (Allocation Failure) 3796M->1600M(4148M) 91.576ms
[908.563s][info][gc,cpu         ] GC(386) User=0.55s Sys=0.00s Real=0.09s
.[910.144s][info][gc,start       ] GC(387) Pause Young (Allocation Failure)
[910.250s][info][gc,heap        ] GC(387) PSYoungGen: 2619885K(2619904K)->152933K(2599424K) Eden: 2445312K(2445312K)->0K(2423296K) From: 174573K(174592K)->152933K(176128K)
[910.250s][info][gc,heap        ] GC(387) ParOldGen: 1464591K(1628160K)->1572516K(1628160K)
[910.250s][info][gc,metaspace   ] GC(387) Metaspace: 29007K(29376K)->29007K(29376K) NonClass: 24117K(24256K)->24117K(24256K) Class: 4889K(5120K)->4889K(5120K)
[910.250s][info][gc             ] GC(387) Pause Young (Allocation Failure) 3988M->1685M(4128M) 106.430ms
[910.250s][info][gc,cpu         ] GC(387) User=0.63s Sys=0.00s Real=0.11s
.[911.750s][info][gc,start       ] GC(388) Pause Young (Allocation Failure)
[911.847s][info][gc,heap        ] GC(388) PSYoungGen: 2576229K(2599424K)->152640K(2609664K) Eden: 2423296K(2423296K)->0K(2423296K) From: 152933K(176128K)->152640K(186368K)
[911.847s][info][gc,heap        ] GC(388) ParOldGen: 1572516K(1628160K)->1660140K(1660416K)
[911.847s][info][gc,metaspace   ] GC(388) Metaspace: 29007K(29376K)->29007K(29376K) NonClass: 24117K(24256K)->24117K(24256K) Class: 4889K(5120K)->4889K(5120K)
[911.847s][info][gc             ] GC(388) Pause Young (Allocation Failure) 4051M->1770M(4170M) 97.701ms
[911.847s][info][gc,cpu         ] GC(388) User=0.56s Sys=0.02s Real=0.10s
.[913.156s][info][gc,start       ] GC(389) Pause Young (Allocation Failure)
[913.275s][info][gc,heap        ] GC(389) PSYoungGen: 2575936K(2609664K)->181603K(2599424K) Eden: 2423296K(2423296K)->0K(2415104K) From: 152640K(186368K)->181603K(184320K)
[913.275s][info][gc,heap        ] GC(389) ParOldGen: 1660140K(1660416K)->1752724K(1753088K)
[913.275s][info][gc,metaspace   ] GC(389) Metaspace: 29007K(29376K)->29007K(29376K) NonClass: 24117K(24256K)->24117K(24256K) Class: 4889K(5120K)->4889K(5120K)
[913.275s][info][gc             ] GC(389) Pause Young (Allocation Failure) 4136M->1888M(4250M) 119.173ms
[913.275s][info][gc,cpu         ] GC(389) User=0.68s Sys=0.04s Real=0.12s
.[914.578s][info][gc,start       ] GC(390) Pause Young (Allocation Failure)
[914.731s][info][gc,heap        ] GC(390) PSYoungGen: 2596707K(2599424K)->158432K(2605568K) Eden: 2415104K(2415104K)->0K(2415104K) From: 181603K(184320K)->158432K(190464K)
[914.731s][info][gc,heap        ] GC(390) ParOldGen: 1752724K(1753088K)->1847340K(1847808K)
[914.731s][info][gc,metaspace   ] GC(390) Metaspace: 29007K(29376K)->29007K(29376K) NonClass: 24117K(24256K)->24117K(24256K) Class: 4889K(5120K)->4889K(5120K)
[914.731s][info][gc             ] GC(390) Pause Young (Allocation Failure) 4247M->1958M(4349M) 153.438ms
[914.732s][info][gc,cpu         ] GC(390) User=0.60s Sys=0.04s Real=0.15s
..[916.232s][info][gc,start       ] GC(391) Pause Young (Allocation Failure)
[916.334s][info][gc,heap        ] GC(391) PSYoungGen: 2573536K(2605568K)->148224K(2600960K) Eden: 2415104K(2415104K)->0K(2417664K) From: 158432K(190464K)->148224K(183296K)
[916.334s][info][gc,heap        ] GC(391) ParOldGen: 1847340K(1847808K)->1945924K(1946112K)
[916.334s][info][gc,metaspace   ] GC(391) Metaspace: 29007K(29376K)->29007K(29376K) NonClass: 24117K(24256K)->24117K(24256K) Class: 4889K(5120K)->4889K(5120K)
[916.334s][info][gc             ] GC(391) Pause Young (Allocation Failure) 4317M->2045M(4440M) 101.602ms
[916.334s][info][gc,cpu         ] GC(391) User=0.58s Sys=0.02s Real=0.10s
.[917.790s][info][gc,start       ] GC(392) Pause Young (Allocation Failure)
[917.895s][info][gc,heap        ] GC(392) PSYoungGen: 2565888K(2600960K)->159972K(2604544K) Eden: 2417664K(2417664K)->0K(2417664K) From: 148224K(183296K)->159972K(186880K)
[917.895s][info][gc,heap        ] GC(392) ParOldGen: 1945924K(1946112K)->2035724K(2036224K)
[917.895s][info][gc,metaspace   ] GC(392) Metaspace: 29007K(29376K)->29007K(29376K) NonClass: 24117K(24256K)->24117K(24256K) Class: 4889K(5120K)->4889K(5120K)
[917.895s][info][gc             ] GC(392) Pause Young (Allocation Failure) 4406M->2144M(4532M) 104.983ms
[917.895s][info][gc,cpu         ] GC(392) User=0.59s Sys=0.04s Real=0.10s
.[919.379s][info][gc,start       ] GC(393) Pause Young (Allocation Failure)
[919.482s][info][gc,heap        ] GC(393) PSYoungGen: 2577636K(2604544K)->150464K(2605568K) Eden: 2417664K(2417664K)->0K(2424320K) From: 159972K(186880K)->150464K(181248K)
[919.482s][info][gc,heap        ] GC(393) ParOldGen: 2035724K(2036224K)->2131716K(2131968K)
[919.482s][info][gc,metaspace   ] GC(393) Metaspace: 29007K(29376K)->29007K(29376K) NonClass: 24117K(24256K)->24117K(24256K) Class: 4889K(5120K)->4889K(5120K)
[919.482s][info][gc             ] GC(393) Pause Young (Allocation Failure) 4505M->2228M(4626M) 102.857ms
[919.482s][info][gc,cpu         ] GC(393) User=0.57s Sys=0.04s Real=0.10s
..[921.037s][info][gc,start       ] GC(394) Pause Young (Allocation Failure)
[921.139s][info][gc,heap        ] GC(394) PSYoungGen: 2574784K(2605568K)->152256K(2608128K) Eden: 2424320K(2424320K)->0K(2424320K) From: 150464K(181248K)->152256K(183808K)
[921.139s][info][gc,heap        ] GC(394) ParOldGen: 2131716K(2131968K)->2223236K(2223616K)
[921.139s][info][gc,metaspace   ] GC(394) Metaspace: 29007K(29376K)->29007K(29376K) NonClass: 24117K(24256K)->24117K(24256K) Class: 4889K(5120K)->4889K(5120K)
[921.139s][info][gc             ] GC(394) Pause Young (Allocation Failure) 4596M->2319M(4718M) 102.383ms
[921.139s][info][gc,cpu         ] GC(394) User=0.58s Sys=0.03s Real=0.11s
.[922.595s][info][gc,start       ] GC(395) Pause Young (Allocation Failure)
[922.749s][info][gc,heap        ] GC(395) PSYoungGen: 2576576K(2608128K)->160816K(2608128K) Eden: 2424320K(2424320K)->0K(2429952K) From: 152256K(183808K)->160816K(178176K)
[922.749s][info][gc,heap        ] GC(395) ParOldGen: 2223236K(2223616K)->2312708K(2313216K)
[922.749s][info][gc,metaspace   ] GC(395) Metaspace: 29007K(29376K)->29007K(29376K) NonClass: 24117K(24256K)->24117K(24256K) Class: 4889K(5120K)->4889K(5120K)
[922.749s][info][gc             ] GC(395) Pause Young (Allocation Failure) 4687M->2415M(4806M) 153.778ms
[922.749s][info][gc,cpu         ] GC(395) User=0.62s Sys=0.02s Real=0.16s
.[924.278s][info][gc,start       ] GC(396) Pause Young (Allocation Failure)
[924.376s][info][gc,heap        ] GC(396) PSYoungGen: 2590768K(2608128K)->135588K(2610688K) Eden: 2429952K(2429952K)->0K(2429952K) From: 160816K(178176K)->135588K(180736K)
[924.376s][info][gc,heap        ] GC(396) ParOldGen: 2312708K(2313216K)->2404124K(2404352K)
[924.376s][info][gc,metaspace   ] GC(396) Metaspace: 29007K(29376K)->29007K(29376K) NonClass: 24117K(24256K)->24117K(24256K) Class: 4889K(5120K)->4889K(5120K)
[924.376s][info][gc             ] GC(396) Pause Young (Allocation Failure) 4788M->2480M(4897M) 97.889ms
[924.376s][info][gc,cpu         ] GC(396) User=0.54s Sys=0.03s Real=0.09s
.[925.803s][info][gc,start       ] GC(397) Pause Young (Allocation Failure)
[925.914s][info][gc,heap        ] GC(397) PSYoungGen: 2565540K(2610688K)->169416K(2608640K) Eden: 2429952K(2429952K)->0K(2426368K) From: 135588K(180736K)->169416K(182272K)
[925.914s][info][gc,heap        ] GC(397) ParOldGen: 2404124K(2404352K)->2488868K(2489344K)
[925.914s][info][gc,metaspace   ] GC(397) Metaspace: 29007K(29376K)->29007K(29376K) NonClass: 24117K(24256K)->24117K(24256K) Class: 4889K(5120K)->4889K(5120K)
[925.914s][info][gc             ] GC(397) Pause Young (Allocation Failure) 4853M->2595M(4978M) 111.195ms
[925.914s][info][gc,cpu         ] GC(397) User=0.64s Sys=0.02s Real=0.11s
..[927.432s][info][gc,start       ] GC(398) Pause Young (Allocation Failure)
[927.540s][info][gc,heap        ] GC(398) PSYoungGen: 2595784K(2608640K)->156549K(2611200K) Eden: 2426368K(2426368K)->0K(2426368K) From: 169416K(182272K)->156549K(184832K)
[927.540s][info][gc,heap        ] GC(398) ParOldGen: 2488868K(2489344K)->2584212K(2584576K)
[927.540s][info][gc,metaspace   ] GC(398) Metaspace: 29007K(29376K)->29007K(29376K) NonClass: 24117K(24256K)->24117K(24256K) Class: 4889K(5120K)->4889K(5120K)
[927.540s][info][gc             ] GC(398) Pause Young (Allocation Failure) 4965M->2676M(5074M) 107.354ms
[927.540s][info][gc,cpu         ] GC(398) User=0.61s Sys=0.03s Real=0.11s
.[928.968s][info][gc,start       ] GC(399) Pause Young (Allocation Failure)
[929.083s][info][gc,heap        ] GC(399) PSYoungGen: 2582917K(2611200K)->180249K(2601472K) Eden: 2426368K(2426368K)->0K(2419200K) From: 156549K(184832K)->180249K(182272K)
[929.083s][info][gc,heap        ] GC(399) ParOldGen: 2584212K(2584576K)->2672852K(2673152K)
[929.083s][info][gc,metaspace   ] GC(399) Metaspace: 29007K(29376K)->29007K(29376K) NonClass: 24118K(24256K)->24118K(24256K) Class: 4889K(5120K)->4889K(5120K)
[929.083s][info][gc             ] GC(399) Pause Young (Allocation Failure) 5046M->2786M(5151M) 114.081ms
[929.083s][info][gc,cpu         ] GC(399) User=0.66s Sys=0.02s Real=0.11s
.[930.454s][info][gc,start       ] GC(400) Pause Young (Allocation Failure)
[930.560s][info][gc,heap        ] GC(400) PSYoungGen: 2599449K(2601472K)->161984K(2607616K) Eden: 2419200K(2419200K)->0K(2419200K) From: 180249K(182272K)->161984K(188416K)
[930.560s][info][gc,heap        ] GC(400) ParOldGen: 2672852K(2673152K)->2767700K(2767872K)
[930.560s][info][gc,metaspace   ] GC(400) Metaspace: 29007K(29376K)->29007K(29376K) NonClass: 24118K(24256K)->24118K(24256K) Class: 4889K(5120K)->4889K(5120K)
[930.560s][info][gc             ] GC(400) Pause Young (Allocation Failure) 5148M->2861M(5249M) 106.442ms
[930.560s][info][gc,cpu         ] GC(400) User=0.60s Sys=0.03s Real=0.11s
. (rIR:aIR:PR = 13237:12955:12449) (tPR = 188801) [PR is under limit] 
   930s: Re-initializing (term[931.992s][info][gc,start       ] GC(401) Pause Young (Allocation Failure)
[932.102s][info][gc,heap        ] GC(401) PSYoungGen: 2581184K(2607616K)->160224K(2600448K) Eden: 2419200K(2419200K)->0K(2421248K) From: 161984K(188416K)->160224K(179200K)
[932.102s][info][gc,heap        ] GC(401) ParOldGen: 2767700K(2767872K)->2861632K(2862080K)
[932.102s][info][gc,metaspace   ] GC(401) Metaspace: 29007K(29376K)->29007K(29376K) NonClass: 24118K(24256K)->24118K(24256K) Class: 4889K(5120K)->4889K(5120K)
[932.102s][info][gc             ] GC(401) Pause Young (Allocation Failure) 5223M->2951M(5334M) 109.788ms
[932.102s][info][gc,cpu         ] GC(401) User=0.63s Sys=0.02s Real=0.11s
) [933.449s][info][gc,start       ] GC(402) Pause Full (System.gc())
[933.449s][info][gc,phases,start] GC(402) Marking Phase
[933.471s][info][gc,phases      ] GC(402) Marking Phase 21.577ms
[933.471s][info][gc,phases,start] GC(402) Summary Phase
[933.471s][info][gc,phases      ] GC(402) Summary Phase 0.052ms
[933.471s][info][gc,phases,start] GC(402) Forward
[933.475s][info][gc,phases      ] GC(402) Forward 4.459ms
[933.475s][info][gc,phases,start] GC(402) Adjust Pointers
[933.490s][info][gc,phases      ] GC(402) Adjust Pointers 14.529ms
[933.490s][info][gc,phases,start] GC(402) Compaction Phase
[933.498s][info][gc,phases      ] GC(402) Compaction Phase 8.218ms
[933.498s][info][gc,phases,start] GC(402) Post Compact
[933.502s][info][gc,phases      ] GC(402) Post Compact 4.300ms
[933.502s][info][gc,heap        ] GC(402) PSYoungGen: 2380855K(2600448K)->0K(2600448K) Eden: 2220631K(2421248K)->0K(2421248K) From: 160224K(179200K)->0K(179200K)
[933.502s][info][gc,heap        ] GC(402) ParOldGen: 2861632K(2862080K)->317279K(2862080K)
[933.502s][info][gc,metaspace   ] GC(402) Metaspace: 29008K(29376K)->29008K(29376K) NonClass: 24119K(24256K)->24119K(24256K) Class: 4889K(5120K)->4889K(5120K)
[933.502s][info][gc             ] GC(402) Pause Full (System.gc()) 5119M->309M(5334M) 53.378ms
[933.502s][info][gc,cpu         ] GC(402) User=0.22s Sys=0.00s Real=0.05s
(init[934.653s][info][gc,start       ] GC(403) Pause Young (Allocation Failure)
[934.941s][info][gc,heap        ] GC(403) PSYoungGen: 2421248K(2600448K)->183798K(2605056K) Eden: 2421248K(2421248K)->0K(2421248K) From: 0K(179200K)->183798K(183808K)
[934.941s][info][gc,heap        ] GC(403) ParOldGen: 317279K(2862080K)->725011K(2862080K)
[934.941s][info][gc,metaspace   ] GC(403) Metaspace: 29019K(29376K)->29019K(29376K) NonClass: 24128K(24256K)->24128K(24256K) Class: 4891K(5120K)->4891K(5120K)
[934.941s][info][gc             ] GC(403) Pause Young (Allocation Failure) 2674M->887M(5339M) 288.001ms
[934.941s][info][gc,cpu         ] GC(403) User=1.61s Sys=0.00s Real=0.29s
) ... OK
   939s: Searching from base IR = 13134
   939s:       rampup IR =      0 ... (rIR:aIR:PR = 0:0:0) (tPR = 0) [OK] 
   942s:       rampup IR =   1313 ...[945.613s][info][gc,start       ] GC(404) Pause Young (Allocation Failure)
[945.911s][info][gc,heap        ] GC(404) PSYoungGen: 2605046K(2605056K)->190953K(1869824K) Eden: 2421248K(2421248K)->0K(1678848K) From: 183798K(183808K)->190953K(190976K)
[945.911s][info][gc,heap        ] GC(404) ParOldGen: 725011K(2862080K)->1361014K(2862080K)
[945.911s][info][gc,metaspace   ] GC(404) Metaspace: 29029K(29376K)->29029K(29376K) NonClass: 24137K(24256K)->24137K(24256K) Class: 4892K(5120K)->4892K(5120K)
[945.911s][info][gc             ] GC(404) Pause Young (Allocation Failure) 3252M->1515M(4621M) 298.373ms
[945.912s][info][gc,cpu         ] GC(404) User=1.77s Sys=0.01s Real=0.30s
. (rIR:aIR:PR = 1313:1314:1314) (tPR = 20637) [OK] 
   946s:       rampup IR =   2627 .... (rIR:aIR:PR = 2627:2631:2631) (tPR = 37472) [OK] 
   950s:       rampup IR =   3940 [950.955s][info][gc,start       ] GC(405) Pause Young (Allocation Failure)
[951.061s][info][gc,heap        ] GC(405) PSYoungGen: 1869801K(1869824K)->106912K(2237440K) Eden: 1678848K(1678848K)->0K(1678848K) From: 190953K(190976K)->106912K(558592K)
[951.061s][info][gc,heap        ] GC(405) ParOldGen: 1361014K(2862080K)->1534051K(2862080K)
[951.061s][info][gc,metaspace   ] GC(405) Metaspace: 29030K(29376K)->29030K(29376K) NonClass: 24137K(24256K)->24137K(24256K) Class: 4892K(5120K)->4892K(5120K)
[951.061s][info][gc             ] GC(405) Pause Young (Allocation Failure) 3155M->1602M(4980M) 106.485ms
[951.061s][info][gc,cpu         ] GC(405) User=0.63s Sys=0.00s Real=0.11s
.... (rIR:aIR:PR = 3940:3950:3950) (tPR = 56925) [OK] 
   954s:       rampup IR =   5254 [954.421s][info][gc,start       ] GC(406) Pause Young (Allocation Failure)
[954.500s][info][gc,heap        ] GC(406) PSYoungGen: 1785760K(2237440K)->104048K(2223616K) Eden: 1678848K(1678848K)->0K(1681408K) From: 106912K(558592K)->104048K(542208K)
[954.500s][info][gc,heap        ] GC(406) ParOldGen: 1534051K(2862080K)->1612688K(2862080K)
[954.500s][info][gc,metaspace   ] GC(406) Metaspace: 29030K(29376K)->29030K(29376K) NonClass: 24138K(24256K)->24138K(24256K) Class: 4892K(5120K)->4892K(5120K)
[954.500s][info][gc             ] GC(406) Pause Young (Allocation Failure) 3242M->1676M(4966M) 79.065ms
[954.500s][info][gc,cpu         ] GC(406) User=0.46s Sys=0.00s Real=0.08s
..[957.115s][info][gc,start       ] GC(407) Pause Young (Allocation Failure)
[957.191s][info][gc,heap        ] GC(407) PSYoungGen: 1785456K(2223616K)->108928K(2231808K) Eden: 1681408K(1681408K)->0K(1681408K) From: 104048K(542208K)->108928K(550400K)
[957.191s][info][gc,heap        ] GC(407) ParOldGen: 1612688K(2862080K)->1690680K(2862080K)
[957.191s][info][gc,metaspace   ] GC(407) Metaspace: 29032K(29376K)->29032K(29376K) NonClass: 24140K(24256K)->24140K(24256K) Class: 4892K(5120K)->4892K(5120K)
[957.191s][info][gc             ] GC(407) Pause Young (Allocation Failure) 3318M->1757M(4974M) 76.407ms
[957.191s][info][gc,cpu         ] GC(407) User=0.46s Sys=0.00s Real=0.08s
.. (rIR:aIR:PR = 5254:5209:5210) (tPR = 75619) [OK] 
   958s:       rampup IR =   6567 .[959.471s][info][gc,start       ] GC(408) Pause Young (Allocation Failure)
[959.551s][info][gc,heap        ] GC(408) PSYoungGen: 1790336K(2231808K)->108372K(2223104K) Eden: 1681408K(1681408K)->0K(1705472K) From: 108928K(550400K)->108372K(517632K)
[959.551s][info][gc,heap        ] GC(408) ParOldGen: 1690680K(2862080K)->1769417K(2862080K)
[959.551s][info][gc,metaspace   ] GC(408) Metaspace: 29032K(29376K)->29032K(29376K) NonClass: 24140K(24256K)->24140K(24256K) Class: 4892K(5120K)->4892K(5120K)
[959.551s][info][gc             ] GC(408) Pause Young (Allocation Failure) 3399M->1833M(4966M) 79.348ms
[959.551s][info][gc,cpu         ] GC(408) User=0.47s Sys=0.00s Real=0.08s
..[961.616s][info][gc,start       ] GC(409) Pause Young (Allocation Failure)
[961.697s][info][gc,heap        ] GC(409) PSYoungGen: 1813844K(2223104K)->114372K(2233344K) Eden: 1705472K(1705472K)->0K(1705472K) From: 108372K(517632K)->114372K(527872K)
[961.697s][info][gc,heap        ] GC(409) ParOldGen: 1769417K(2862080K)->1847089K(2862080K)
[961.697s][info][gc,metaspace   ] GC(409) Metaspace: 29032K(29376K)->29032K(29376K) NonClass: 24140K(24256K)->24140K(24256K) Class: 4892K(5120K)->4892K(5120K)
[961.697s][info][gc             ] GC(409) Pause Young (Allocation Failure) 3499M->1915M(4976M) 81.472ms
[961.697s][info][gc,cpu         ] GC(409) User=0.48s Sys=0.00s Real=0.08s
. (rIR:aIR:PR = 6567:6601:6594) (tPR = 98805) [OK] 
   962s:       rampup IR =   7880 .[963.490s][info][gc,start       ] GC(410) Pause Young (Allocation Failure)
[963.570s][info][gc,heap        ] GC(410) PSYoungGen: 1819844K(2233344K)->112996K(2240512K) Eden: 1705472K(1705472K)->0K(1755648K) From: 114372K(527872K)->112996K(484864K)
[963.570s][info][gc,heap        ] GC(410) ParOldGen: 1847089K(2862080K)->1923849K(2862080K)
[963.570s][info][gc,metaspace   ] GC(410) Metaspace: 29033K(29376K)->29033K(29376K) NonClass: 24140K(24256K)->24140K(24256K) Class: 4892K(5120K)->4892K(5120K)
[963.570s][info][gc             ] GC(410) Pause Young (Allocation Failure) 3580M->1989M(4983M) 79.831ms
[963.570s][info][gc,cpu         ] GC(410) User=0.47s Sys=0.01s Real=0.08s
..[965.365s][info][gc,start       ] GC(411) Pause Young (Allocation Failure)
[965.443s][info][gc,heap        ] GC(411) PSYoungGen: 1868644K(2240512K)->111040K(2251776K) Eden: 1755648K(1755648K)->0K(1755648K) From: 112996K(484864K)->111040K(496128K)
[965.443s][info][gc,heap        ] GC(411) ParOldGen: 1923849K(2862080K)->1999157K(2862080K)
[965.443s][info][gc,metaspace   ] GC(411) Metaspace: 29033K(29376K)->29033K(29376K) NonClass: 24140K(24256K)->24140K(24256K) Class: 4892K(5120K)->4892K(5120K)
[965.443s][info][gc             ] GC(411) Pause Young (Allocation Failure) 3703M->2060M(4994M) 78.044ms
[965.443s][info][gc,cpu         ] GC(411) User=0.47s Sys=0.00s Real=0.08s
. (rIR:aIR:PR = 7880:7908:7905) (tPR = 117044) [OK] 
   966s:       rampup IR =   9194 [967.175s][info][gc,start       ] GC(412) Pause Young (Allocation Failure)
[967.262s][info][gc,heap        ] GC(412) PSYoungGen: 1866688K(2251776K)->127545K(2265088K) Eden: 1755648K(1755648K)->0K(1820160K) From: 111040K(496128K)->127545K(444928K)
[967.262s][info][gc,heap        ] GC(412) ParOldGen: 1999157K(2862080K)->2079269K(2862080K)
[967.262s][info][gc,metaspace   ] GC(412) Metaspace: 29033K(29376K)->29033K(29376K) NonClass: 24140K(24256K)->24140K(24256K) Class: 4892K(5120K)->4892K(5120K)
[967.262s][info][gc             ] GC(412) Pause Young (Allocation Failure) 3775M->2155M(5007M) 87.298ms
[967.262s][info][gc,cpu         ] GC(412) User=0.52s Sys=0.00s Real=0.09s
..[968.819s][info][gc,start       ] GC(413) Pause Young (Allocation Failure)
[968.900s][info][gc,heap        ] GC(413) PSYoungGen: 1947705K(2265088K)->114276K(2279936K) Eden: 1820160K(1820160K)->0K(1820160K) From: 127545K(444928K)->114276K(459776K)
[968.900s][info][gc,heap        ] GC(413) ParOldGen: 2079269K(2862080K)->2158873K(2862080K)
[968.900s][info][gc,metaspace   ] GC(413) Metaspace: 29033K(29376K)->29033K(29376K) NonClass: 24140K(24256K)->24140K(24256K) Class: 4892K(5120K)->4892K(5120K)
[968.900s][info][gc             ] GC(413) Pause Young (Allocation Failure) 3932M->2219M(5021M) 80.800ms
[968.900s][info][gc,cpu         ] GC(413) User=0.48s Sys=0.00s Real=0.08s
.. (rIR:aIR:PR = 9194:9164:9256) (tPR = 141710) [OK] 
   970s:       rampup IR =  10507 [970.543s][info][gc,start       ] GC(414) Pause Young (Allocation Failure)
[970.622s][info][gc,heap        ] GC(414) PSYoungGen: 1934436K(2279936K)->115392K(2303488K) Eden: 1820160K(1820160K)->0K(1893376K) From: 114276K(459776K)->115392K(410112K)
[970.622s][info][gc,heap        ] GC(414) ParOldGen: 2158873K(2862080K)->2235321K(2862080K)
[970.622s][info][gc,metaspace   ] GC(414) Metaspace: 29033K(29376K)->29033K(29376K) NonClass: 24141K(24256K)->24141K(24256K) Class: 4892K(5120K)->4892K(5120K)
[970.622s][info][gc             ] GC(414) Pause Young (Allocation Failure) 3997M->2295M(5044M) 79.509ms
[970.622s][info][gc,cpu         ] GC(414) User=0.47s Sys=0.00s Real=0.08s
.[972.076s][info][gc,start       ] GC(415) Pause Young (Allocation Failure)
[972.161s][info][gc,heap        ] GC(415) PSYoungGen: 2008768K(2303488K)->124448K(2318848K) Eden: 1893376K(1893376K)->0K(1893376K) From: 115392K(410112K)->124448K(425472K)
[972.161s][info][gc,heap        ] GC(415) ParOldGen: 2235321K(2862080K)->2316817K(2862080K)
[972.161s][info][gc,metaspace   ] GC(415) Metaspace: 29034K(29376K)->29034K(29376K) NonClass: 24142K(24256K)->24142K(24256K) Class: 4892K(5120K)->4892K(5120K)
[972.161s][info][gc             ] GC(415) Pause Young (Allocation Failure) 4144M->2384M(5059M) 85.111ms
[972.161s][info][gc,cpu         ] GC(415) User=0.50s Sys=0.00s Real=0.09s
..[973.552s][info][gc,start       ] GC(416) Pause Young (Allocation Failure)
[973.644s][info][gc,heap        ] GC(416) PSYoungGen: 2017824K(2318848K)->132090K(2336256K) Eden: 1893376K(1893376K)->0K(1964032K) From: 124448K(425472K)->132090K(372224K)
[973.644s][info][gc,heap        ] GC(416) ParOldGen: 2316817K(2862080K)->2400329K(2862080K)
[973.644s][info][gc,metaspace   ] GC(416) Metaspace: 29034K(29376K)->29034K(29376K) NonClass: 24142K(24256K)->24142K(24256K) Class: 4892K(5120K)->4892K(5120K)
[973.644s][info][gc             ] GC(416) Pause Young (Allocation Failure) 4233M->2473M(5076M) 92.103ms
[973.644s][info][gc,cpu         ] GC(416) User=0.55s Sys=0.00s Real=0.09s
.[974.983s][info][gc,start       ] GC(417) Pause Young (Allocation Failure)
[975.067s][info][gc,heap        ] GC(417) PSYoungGen: 2096122K(2336256K)->122496K(2351616K) Eden: 1964032K(1964032K)->0K(1964032K) From: 132090K(372224K)->122496K(387584K)
[975.067s][info][gc,heap        ] GC(417) ParOldGen: 2400329K(2862080K)->2482561K(2862080K)
[975.067s][info][gc,metaspace   ] GC(417) Metaspace: 29034K(29376K)->29034K(29376K) NonClass: 24142K(24256K)->24142K(24256K) Class: 4892K(5120K)->4892K(5120K)
[975.067s][info][gc             ] GC(417) Pause Young (Allocation Failure) 4391M->2544M(5091M) 84.459ms
[975.067s][info][gc,cpu         ] GC(417) User=0.50s Sys=0.00s Real=0.08s
. (rIR:aIR:PR = 10507:10670:10667) (tPR = 163032) [OK] 
   975s:       rampup IR =  11821 .[976.463s][info][gc,start       ] GC(418) Pause Young (Allocation Failure)
[976.550s][info][gc,heap        ] GC(418) PSYoungGen: 2086528K(2351616K)->131061K(2375168K) Eden: 1964032K(1964032K)->0K(2037760K) From: 122496K(387584K)->131061K(337408K)
[976.550s][info][gc,heap        ] GC(418) ParOldGen: 2482561K(2862080K)->2561557K(2862080K)
[976.550s][info][gc,metaspace   ] GC(418) Metaspace: 29034K(29376K)->29034K(29376K) NonClass: 24142K(24256K)->24142K(24256K) Class: 4892K(5120K)->4892K(5120K)
[976.550s][info][gc             ] GC(418) Pause Young (Allocation Failure) 4462M->2629M(5114M) 87.707ms
[976.550s][info][gc,cpu         ] GC(418) User=0.53s Sys=0.00s Real=0.09s
.[977.885s][info][gc,start       ] GC(419) Pause Young (Allocation Failure)
[977.974s][info][gc,heap        ] GC(419) PSYoungGen: 2168821K(2375168K)->126629K(2391040K) Eden: 2037760K(2037760K)->0K(2037760K) From: 131061K(337408K)->126629K(353280K)
[977.974s][info][gc,heap        ] GC(419) ParOldGen: 2561557K(2862080K)->2646357K(2862080K)
[977.974s][info][gc,metaspace   ] GC(419) Metaspace: 29034K(29376K)->29034K(29376K) NonClass: 24142K(24256K)->24142K(24256K) Class: 4892K(5120K)->4892K(5120K)
[977.974s][info][gc             ] GC(419) Pause Young (Allocation Failure) 4619M->2707M(5130M) 88.471ms
[977.974s][info][gc,cpu         ] GC(419) User=0.52s Sys=0.00s Real=0.09s
.[979.302s][info][gc,start       ] GC(420) Pause Young (Allocation Failure)
[979.389s][info][gc,heap        ] GC(420) PSYoungGen: 2164389K(2391040K)->125812K(2413568K) Eden: 2037760K(2037760K)->0K(2104832K) From: 126629K(353280K)->125812K(308736K)
[979.389s][info][gc,heap        ] GC(420) ParOldGen: 2646357K(2862080K)->2727297K(2862080K)
[979.389s][info][gc,metaspace   ] GC(420) Metaspace: 29034K(29376K)->29034K(29376K) NonClass: 24142K(24256K)->24142K(24256K) Class: 4892K(5120K)->4892K(5120K)
[979.389s][info][gc             ] GC(420) Pause Young (Allocation Failure) 4697M->2786M(5152M) 86.932ms
[979.389s][info][gc,cpu         ] GC(420) User=0.51s Sys=0.00s Real=0.09s
. (rIR:aIR:PR = 11821:11643:11406) (tPR = 167626) [OK] 
   979s:       rampup IR =  13134 .[980.745s][info][gc,start       ] GC(421) Pause Young (Allocation Failure)
[980.836s][info][gc,heap        ] GC(421) PSYoungGen: 2230644K(2413568K)->136048K(2428416K) Eden: 2104832K(2104832K)->0K(2104832K) From: 125812K(308736K)->136048K(323584K)
[980.836s][info][gc,heap        ] GC(421) ParOldGen: 2727297K(2862080K)->2812653K(2862080K)
[980.836s][info][gc,metaspace   ] GC(421) Metaspace: 29034K(29376K)->29034K(29376K) NonClass: 24142K(24256K)->24142K(24256K) Class: 4892K(5120K)->4892K(5120K)
[980.836s][info][gc             ] GC(421) Pause Young (Allocation Failure) 4841M->2879M(5166M) 91.095ms
[980.836s][info][gc,cpu         ] GC(421) User=0.54s Sys=0.00s Real=0.09s
.[982.191s][info][gc,start       ] GC(422) Pause Young (Allocation Failure)
[982.293s][info][gc,heap        ] GC(422) PSYoungGen: 2240880K(2428416K)->148057K(2442752K) Eden: 2104832K(2104832K)->0K(2164736K) From: 136048K(323584K)->148057K(278016K)
[982.293s][info][gc,heap        ] GC(422) ParOldGen: 2812653K(2862080K)->2898661K(2898944K)
[982.293s][info][gc,metaspace   ] GC(422) Metaspace: 29034K(29376K)->29034K(29376K) NonClass: 24142K(24256K)->24142K(24256K) Class: 4892K(5120K)->4892K(5120K)
[982.293s][info][gc             ] GC(422) Pause Young (Allocation Failure) 4935M->2975M(5216M) 101.554ms
[982.293s][info][gc,cpu         ] GC(422) User=0.59s Sys=0.01s Real=0.10s
..[983.713s][info][gc,start       ] GC(423) Pause Young (Allocation Failure)
[983.804s][info][gc,heap        ] GC(423) PSYoungGen: 2312793K(2442752K)->127104K(2457088K) Eden: 2164736K(2164736K)->0K(2164736K) From: 148057K(278016K)->127104K(292352K)
[983.804s][info][gc,heap        ] GC(423) ParOldGen: 2898661K(2898944K)->2984181K(2984448K)
[983.804s][info][gc,metaspace   ] GC(423) Metaspace: 29034K(29376K)->29034K(29376K) NonClass: 24142K(24256K)->24142K(24256K) Class: 4892K(5120K)->4892K(5120K)
[983.804s][info][gc             ] GC(423) Pause Young (Allocation Failure) 5089M->3038M(5314M) 91.004ms
[983.804s][info][gc,cpu         ] GC(423) User=0.51s Sys=0.02s Real=0.09s
.[985.124s][info][gc,start       ] GC(424) Pause Young (Allocation Failure)
[985.223s][info][gc,heap        ] GC(424) PSYoungGen: 2291840K(2457088K)->144352K(2473984K) Eden: 2164736K(2164736K)->0K(2222592K) From: 127104K(292352K)->144352K(251392K)
[985.223s][info][gc,heap        ] GC(424) ParOldGen: 2984181K(2984448K)->3068517K(3068928K)
[985.223s][info][gc,metaspace   ] GC(424) Metaspace: 29036K(29376K)->29036K(29376K) NonClass: 24144K(24256K)->24144K(24256K) Class: 4892K(5120K)->4892K(5120K)
[985.223s][info][gc             ] GC(424) Pause Young (Allocation Failure) 5152M->3137M(5413M) 99.919ms
[985.223s][info][gc,cpu         ] GC(424) User=0.56s Sys=0.03s Real=0.10s
.[986.620s][info][gc,start       ] GC(425) Pause Young (Allocation Failure)
[986.772s][info][gc,heap        ] GC(425) PSYoungGen: 2366944K(2473984K)->149818K(2490368K) Eden: 2222592K(2222592K)->0K(2222592K) From: 144352K(251392K)->149818K(267776K)
[986.772s][info][gc,heap        ] GC(425) ParOldGen: 3068517K(3068928K)->3158125K(3158528K)
[986.772s][info][gc,metaspace   ] GC(425) Metaspace: 29036K(29376K)->29036K(29376K) NonClass: 24144K(24256K)->24144K(24256K) Class: 4892K(5120K)->4892K(5120K)
[986.772s][info][gc             ] GC(425) Pause Young (Allocation Failure) 5308M->3230M(5516M) 151.760ms
[986.772s][info][gc,cpu         ] GC(425) User=0.60s Sys=0.03s Real=0.15s
..[988.063s][info][gc,start       ] GC(426) Pause Young (Allocation Failure)
[988.172s][info][gc,heap        ] GC(426) PSYoungGen: 2372410K(2490368K)->160659K(2512384K) Eden: 2222592K(2222592K)->0K(2271232K) From: 149818K(267776K)->160659K(241152K)
[988.172s][info][gc,heap        ] GC(426) ParOldGen: 3158125K(3158528K)->3244525K(3244544K)
[988.172s][info][gc,metaspace   ] GC(426) Metaspace: 29036K(29376K)->29036K(29376K) NonClass: 24144K(24256K)->24144K(24256K) Class: 4892K(5120K)->4892K(5120K)
[988.172s][info][gc             ] GC(426) Pause Young (Allocation Failure) 5400M->3325M(5622M) 109.126ms
[988.172s][info][gc,cpu         ] GC(426) User=0.62s Sys=0.03s Real=0.11s
.[989.694s][info][gc,start       ] GC(427) Pause Young (Allocation Failure)
[989.795s][info][gc,heap        ] GC(427) PSYoungGen: 2431891K(2512384K)->135850K(2523136K) Eden: 2271232K(2271232K)->0K(2271232K) From: 160659K(241152K)->135850K(251904K)
[989.795s][info][gc,heap        ] GC(427) ParOldGen: 3244525K(3244544K)->3338269K(3338752K)
[989.795s][info][gc,metaspace   ] GC(427) Metaspace: 29036K(29376K)->29036K(29376K) NonClass: 24144K(24256K)->24144K(24256K) Class: 4892K(5120K)->4892K(5120K)
[989.795s][info][gc             ] GC(427) Pause Young (Allocation Failure) 5543M->3392M(5724M) 101.127ms
[989.795s][info][gc,cpu         ] GC(427) User=0.57s Sys=0.03s Real=0.10s
.[991.245s][info][gc,start       ] GC(428) Pause Young (Allocation Failure)
[991.339s][info][gc,heap        ] GC(428) PSYoungGen: 2407082K(2523136K)->134048K(2526720K) Eden: 2271232K(2271232K)->0K(2300928K) From: 135850K(251904K)->134048K(225792K)
[991.339s][info][gc,heap        ] GC(428) ParOldGen: 3338269K(3338752K)->3422981K(3423232K)
[991.339s][info][gc,metaspace   ] GC(428) Metaspace: 29036K(29376K)->29036K(29376K) NonClass: 24144K(24256K)->24144K(24256K) Class: 4892K(5120K)->4892K(5120K)
[991.339s][info][gc             ] GC(428) Pause Young (Allocation Failure) 5610M->3473M(5810M) 93.849ms
[991.339s][info][gc,cpu         ] GC(428) User=0.52s Sys=0.03s Real=0.10s
.[992.781s][info][gc,start       ] GC(429) Pause Young (Allocation Failure)
[992.880s][info][gc,heap        ] GC(429) PSYoungGen: 2434976K(2526720K)->142688K(2536448K) Eden: 2300928K(2300928K)->0K(2300928K) From: 134048K(225792K)->142688K(235520K)
[992.880s][info][gc,heap        ] GC(429) ParOldGen: 3422981K(3423232K)->3508525K(3508736K)
[992.880s][info][gc,metaspace   ] GC(429) Metaspace: 29038K(29376K)->29038K(29376K) NonClass: 24145K(24256K)->24145K(24256K) Class: 4892K(5120K)->4892K(5120K)
[992.880s][info][gc             ] GC(429) Pause Young (Allocation Failure) 5720M->3565M(5903M) 99.486ms
[992.880s][info][gc,cpu         ] GC(429) User=0.57s Sys=0.02s Real=0.10s
.[994.224s][info][gc,start       ] GC(430) Pause Young (Allocation Failure)
[994.333s][info][gc,heap        ] GC(430) PSYoungGen: 2443616K(2536448K)->153284K(2549248K) Eden: 2300928K(2300928K)->0K(2333696K) From: 142688K(235520K)->153284K(215552K)
[994.333s][info][gc,heap        ] GC(430) ParOldGen: 3508525K(3508736K)->3597885K(3598336K)
[994.333s][info][gc,metaspace   ] GC(430) Metaspace: 29038K(29376K)->29038K(29376K) NonClass: 24145K(24256K)->24145K(24256K) Class: 4892K(5120K)->4892K(5120K)
[994.333s][info][gc             ] GC(430) Pause Young (Allocation Failure) 5812M->3663M(6003M) 109.038ms
[994.333s][info][gc,cpu         ] GC(430) User=0.60s Sys=0.03s Real=0.11s
..[995.855s][info][gc,start       ] GC(431) Pause Young (Allocation Failure)
[995.956s][info][gc,heap        ] GC(431) PSYoungGen: 2486980K(2549248K)->135520K(2555392K) Eden: 2333696K(2333696K)->0K(2333696K) From: 153284K(215552K)->135520K(221696K)
[995.956s][info][gc,heap        ] GC(431) ParOldGen: 3597885K(3598336K)->3694365K(3694592K)
[995.956s][info][gc,metaspace   ] GC(431) Metaspace: 29038K(29376K)->29038K(29376K) NonClass: 24145K(24256K)->24145K(24256K) Class: 4892K(5120K)->4892K(5120K)
[995.956s][info][gc             ] GC(431) Pause Young (Allocation Failure) 5942M->3740M(6103M) 100.848ms
[995.956s][info][gc,cpu         ] GC(431) User=0.56s Sys=0.03s Real=0.10s
.[997.408s][info][gc,start       ] GC(432) Pause Young (Allocation Failure)
[997.513s][info][gc,heap        ] GC(432) PSYoungGen: 2469216K(2555392K)->154400K(2566656K) Eden: 2333696K(2333696K)->0K(2358272K) From: 135520K(221696K)->154400K(208384K)
[997.513s][info][gc,heap        ] GC(432) ParOldGen: 3694365K(3694592K)->3782933K(3783168K)
[997.513s][info][gc,metaspace   ] GC(432) Metaspace: 29038K(29376K)->29038K(29376K) NonClass: 24145K(24256K)->24145K(24256K) Class: 4892K(5120K)->4892K(5120K)
[997.513s][info][gc             ] GC(432) Pause Young (Allocation Failure) 6019M->3845M(6201M) 105.103ms
[997.513s][info][gc,cpu         ] GC(432) User=0.59s Sys=0.02s Real=0.10s
.[998.995s][info][gc,start       ] GC(433) Pause Young (Allocation Failure)
[999.099s][info][gc,heap        ] GC(433) PSYoungGen: 2512672K(2566656K)->143188K(2570752K) Eden: 2358272K(2358272K)->0K(2358272K) From: 154400K(208384K)->143188K(212480K)
[999.099s][info][gc,heap        ] GC(433) ParOldGen: 3782933K(3783168K)->3873901K(3874304K)
[999.099s][info][gc,metaspace   ] GC(433) Metaspace: 29038K(29376K)->29038K(29376K) NonClass: 24145K(24256K)->24145K(24256K) Class: 4892K(5120K)->4892K(5120K)
[999.099s][info][gc             ] GC(433) Pause Young (Allocation Failure) 6148M->3922M(6294M) 103.453ms
[999.099s][info][gc,cpu         ] GC(433) User=0.57s Sys=0.04s Real=0.11s
..[1000.602s][info][gc,start       ] GC(434) Pause Young (Allocation Failure)
[1000.750s][info][gc,heap        ] GC(434) PSYoungGen: 2501460K(2570752K)->141248K(2574336K) Eden: 2358272K(2358272K)->0K(2377216K) From: 143188K(212480K)->141248K(197120K)
[1000.750s][info][gc,heap        ] GC(434) ParOldGen: 3873901K(3874304K)->3964597K(3964928K)
[1000.750s][info][gc,metaspace   ] GC(434) Metaspace: 29038K(29376K)->29038K(29376K) NonClass: 24145K(24256K)->24145K(24256K) Class: 4892K(5120K)->4892K(5120K)
[1000.750s][info][gc             ] GC(434) Pause Young (Allocation Failure) 6225M->4009M(6386M) 147.648ms
[1000.750s][info][gc,cpu         ] GC(434) User=0.57s Sys=0.03s Real=0.15s
.[1002.125s][info][gc,start       ] GC(435) Pause Young (Allocation Failure)
[1002.228s][info][gc,heap        ] GC(435) PSYoungGen: 2518464K(2574336K)->152448K(2577920K) Eden: 2377216K(2377216K)->0K(2377216K) From: 141248K(197120K)->152448K(200704K)
[1002.229s][info][gc,heap        ] GC(435) ParOldGen: 3964597K(3964928K)->4052429K(4052480K)
[1002.229s][info][gc,metaspace   ] GC(435) Metaspace: 29038K(29376K)->29038K(29376K) NonClass: 24145K(24256K)->24145K(24256K) Class: 4892K(5120K)->4892K(5120K)
[1002.229s][info][gc             ] GC(435) Pause Young (Allocation Failure) 6331M->4106M(6475M) 104.021ms
[1002.229s][info][gc,cpu         ] GC(435) User=0.58s Sys=0.03s Real=0.11s
.[1003.629s][info][gc,start       ] GC(436) Pause Young (Allocation Failure)
[1003.792s][info][gc,heap        ] GC(436) PSYoungGen: 2529664K(2577920K)->157669K(2592256K) Eden: 2377216K(2377216K)->0K(2397184K) From: 152448K(200704K)->157669K(195072K)
[1003.792s][info][gc,heap        ] GC(436) ParOldGen: 4052429K(4052480K)->4149165K(4149248K)
[1003.792s][info][gc,metaspace   ] GC(436) Metaspace: 29038K(29376K)->29038K(29376K) NonClass: 24145K(24256K)->24145K(24256K) Class: 4892K(5120K)->4892K(5120K)
[1003.792s][info][gc             ] GC(436) Pause Young (Allocation Failure) 6427M->4205M(6583M) 163.405ms
[1003.792s][info][gc,cpu         ] GC(436) User=0.63s Sys=0.06s Real=0.16s
.[1005.118s][info][gc,start       ] GC(437) Pause Young (Allocation Failure)
[1005.224s][info][gc,heap        ] GC(437) PSYoungGen: 2554853K(2592256K)->153824K(2594304K) Eden: 2397184K(2397184K)->0K(2397184K) From: 157669K(195072K)->153824K(197120K)
[1005.224s][info][gc,heap        ] GC(437) ParOldGen: 4149165K(4149248K)->4240029K(4240384K)
[1005.224s][info][gc,metaspace   ] GC(437) Metaspace: 29038K(29376K)->29038K(29376K) NonClass: 24145K(24256K)->24145K(24256K) Class: 4892K(5120K)->4892K(5120K)
[1005.224s][info][gc             ] GC(437) Pause Young (Allocation Failure) 6546M->4290M(6674M) 105.598ms
[1005.224s][info][gc,cpu         ] GC(437) User=0.58s Sys=0.03s Real=0.10s
..[1006.735s][info][gc,start       ] GC(438) Pause Young (Allocation Failure)
[1006.854s][info][gc,heap        ] GC(438) PSYoungGen: 2551008K(2594304K)->163904K(2597888K) Eden: 2397184K(2397184K)->0K(2402816K) From: 153824K(197120K)->163904K(195072K)
[1006.854s][info][gc,heap        ] GC(438) ParOldGen: 4240029K(4240384K)->4340165K(4340224K)
[1006.854s][info][gc,metaspace   ] GC(438) Metaspace: 29038K(29376K)->29038K(29376K) NonClass: 24145K(24256K)->24145K(24256K) Class: 4892K(5120K)->4892K(5120K)
[1006.854s][info][gc             ] GC(438) Pause Young (Allocation Failure) 6631M->4398M(6775M) 119.177ms
[1006.854s][info][gc,cpu         ] GC(438) User=0.66s Sys=0.05s Real=0.12s
.[1008.358s][info][gc,start       ] GC(439) Pause Young (Allocation Failure)
[1008.467s][info][gc,heap        ] GC(439) PSYoungGen: 2566720K(2597888K)->153641K(2556928K) Eden: 2402816K(2402816K)->0K(2402816K) From: 163904K(195072K)->153641K(154112K)
[1008.467s][info][gc,heap        ] GC(439) ParOldGen: 4340165K(4340224K)->4435941K(4435968K)
[1008.467s][info][gc,metaspace   ] GC(439) Metaspace: 29038K(29376K)->29038K(29376K) NonClass: 24145K(24256K)->24145K(24256K) Class: 4892K(5120K)->4892K(5120K)
[1008.467s][info][gc             ] GC(439) Pause Young (Allocation Failure) 6745M->4482M(6829M) 108.091ms
[1008.467s][info][gc,cpu         ] GC(439) User=0.61s Sys=0.03s Real=0.10s
.[1009.985s][info][gc,start       ] GC(440) Pause Young (Allocation Failure)
[1010.092s][info][gc,heap        ] GC(440) PSYoungGen: 2556457K(2556928K)->153029K(2600960K) Eden: 2402816K(2402816K)->0K(2407936K) From: 153641K(154112K)->153029K(193024K)
[1010.092s][info][gc,heap        ] GC(440) ParOldGen: 4435941K(4435968K)->4527717K(4528128K)
[1010.092s][info][gc,metaspace   ] GC(440) Metaspace: 29038K(29376K)->29038K(29376K) NonClass: 24145K(24256K)->24145K(24256K) Class: 4892K(5120K)->4892K(5120K)
[1010.092s][info][gc             ] GC(440) Pause Young (Allocation Failure) 6828M->4571M(6962M) 106.607ms
[1010.092s][info][gc,cpu         ] GC(440) User=0.61s Sys=0.02s Real=0.11s
. (rIR:aIR:PR = 13134:12833:12487) (tPR = 181707) [PR is under limit] 
  1010s: Re-initializing (term[1011.493s][info][gc,start       ] GC(441) Pause Young (Allocation Failure)
[1011.610s][info][gc,heap        ] GC(441) PSYoungGen: 2560965K(2600960K)->171301K(2597888K) Eden: 2407936K(2407936K)->0K(2407936K) From: 153029K(193024K)->171301K(189952K)
[1011.610s][info][gc,heap        ] GC(441) ParOldGen: 4527717K(4528128K)->4625373K(4625408K)
[1011.610s][info][gc,metaspace   ] GC(441) Metaspace: 29038K(29376K)->29038K(29376K) NonClass: 24145K(24256K)->24145K(24256K) Class: 4892K(5120K)->4892K(5120K)
[1011.610s][info][gc             ] GC(441) Pause Young (Allocation Failure) 6922M->4684M(7054M) 116.452ms
[1011.610s][info][gc,cpu         ] GC(441) User=0.65s Sys=0.04s Real=0.12s
[1013.169s][info][gc,start       ] GC(442) Pause Young (Allocation Failure)
[1013.288s][info][gc,heap        ] GC(442) PSYoungGen: 2579237K(2597888K)->161010K(2603008K) Eden: 2407936K(2407936K)->0K(2408960K) From: 171301K(189952K)->161010K(194048K)
[1013.288s][info][gc,heap        ] GC(442) ParOldGen: 4625373K(4625408K)->4734798K(4734976K)
[1013.288s][info][gc,metaspace   ] GC(442) Metaspace: 29038K(29376K)->29038K(29376K) NonClass: 24145K(24256K)->24145K(24256K) Class: 4892K(5120K)->4892K(5120K)
[1013.288s][info][gc             ] GC(442) Pause Young (Allocation Failure) 7035M->4781M(7166M) 119.513ms
[1013.288s][info][gc,cpu         ] GC(442) User=0.67s Sys=0.03s Real=0.12s
[1014.835s][info][gc,start       ] GC(443) Pause Young (Allocation Failure)
[1014.962s][info][gc,heap        ] GC(443) PSYoungGen: 2569970K(2603008K)->169216K(2578432K) Eden: 2408960K(2408960K)->0K(2408960K) From: 161010K(194048K)->169216K(169472K)
[1014.962s][info][gc,heap        ] GC(443) ParOldGen: 4734798K(4734976K)->4851854K(4852224K)
[1014.962s][info][gc,metaspace   ] GC(443) Metaspace: 29038K(29376K)->29038K(29376K) NonClass: 24146K(24256K)->24146K(24256K) Class: 4892K(5120K)->4892K(5120K)
[1014.963s][info][gc             ] GC(443) Pause Young (Allocation Failure) 7133M->4903M(7256M) 127.749ms
[1014.963s][info][gc,cpu         ] GC(443) User=0.72s Sys=0.04s Real=0.13s
[1016.315s][info][gc,start       ] GC(444) Pause Young (Allocation Failure)
[1016.448s][info][gc,heap        ] GC(444) PSYoungGen: 2578176K(2578432K)->180338K(2589696K) Eden: 2408960K(2408960K)->0K(2394624K) From: 169216K(169472K)->180338K(195072K)
[1016.448s][info][gc,heap        ] GC(444) ParOldGen: 4851854K(4852224K)->4967094K(4967424K)
[1016.448s][info][gc,metaspace   ] GC(444) Metaspace: 29038K(29376K)->29038K(29376K) NonClass: 24146K(24256K)->24146K(24256K) Class: 4892K(5120K)->4892K(5120K)
[1016.448s][info][gc             ] GC(444) Pause Young (Allocation Failure) 7255M->5026M(7380M) 133.115ms
[1016.448s][info][gc,cpu         ] GC(444) User=0.75s Sys=0.04s Real=0.14s
) [1016.983s][info][gc,start       ] GC(445) Pause Full (System.gc())
[1016.983s][info][gc,phases,start] GC(445) Marking Phase
[1017.004s][info][gc,phases      ] GC(445) Marking Phase 20.869ms
[1017.004s][info][gc,phases,start] GC(445) Summary Phase
[1017.004s][info][gc,phases      ] GC(445) Summary Phase 0.063ms
[1017.004s][info][gc,phases,start] GC(445) Forward
[1017.009s][info][gc,phases      ] GC(445) Forward 5.187ms
[1017.009s][info][gc,phases,start] GC(445) Adjust Pointers
[1017.025s][info][gc,phases      ] GC(445) Adjust Pointers 15.472ms
[1017.025s][info][gc,phases,start] GC(445) Compaction Phase
[1017.059s][info][gc,phases      ] GC(445) Compaction Phase 33.982ms
[1017.059s][info][gc,phases,start] GC(445) Post Compact
[1017.064s][info][gc,phases      ] GC(445) Post Compact 5.254ms
[1017.064s][info][gc,heap        ] GC(445) PSYoungGen: 1009628K(2589696K)->0K(2589696K) Eden: 829289K(2394624K)->0K(2394624K) From: 180338K(195072K)->0K(195072K)
[1017.064s][info][gc,heap        ] GC(445) ParOldGen: 4967094K(4967424K)->318586K(4967424K)
[1017.064s][info][gc,metaspace   ] GC(445) Metaspace: 29038K(29376K)->29038K(29376K) NonClass: 24146K(24256K)->24146K(24256K) Class: 4892K(5120K)->4892K(5120K)
[1017.064s][info][gc             ] GC(445) Pause Full (System.gc()) 5836M->311M(7380M) 81.133ms
[1017.064s][info][gc,cpu         ] GC(445) User=0.41s Sys=0.00s Real=0.08s
(init[1018.998s][info][gc,start       ] GC(446) Pause Young (Allocation Failure)
[1019.248s][info][gc,heap        ] GC(446) PSYoungGen: 2394624K(2589696K)->200690K(2595328K) Eden: 2394624K(2394624K)->0K(2394624K) From: 0K(195072K)->200690K(200704K)
[1019.248s][info][gc,heap        ] GC(446) ParOldGen: 318586K(4967424K)->636255K(4967424K)
[1019.248s][info][gc,metaspace   ] GC(446) Metaspace: 29038K(29376K)->29038K(29376K) NonClass: 24146K(24256K)->24146K(24256K) Class: 4892K(5120K)->4892K(5120K)
[1019.248s][info][gc             ] GC(446) Pause Young (Allocation Failure) 2649M->817M(7385M) 250.691ms
[1019.248s][info][gc,cpu         ] GC(446) User=1.49s Sys=0.00s Real=0.25s
) ... OK
  1023s: high-bound for max-jOPS is measured to be 13837
  1023s: 
  1023s: Restarting (term) [1023.699s][info][gc,start       ] GC(447) Pause Full (System.gc())
[1023.699s][info][gc,phases,start] GC(447) Marking Phase
[1023.718s][info][gc,phases      ] GC(447) Marking Phase 19.539ms
[1023.718s][info][gc,phases,start] GC(447) Summary Phase
[1023.718s][info][gc,phases      ] GC(447) Summary Phase 0.037ms
[1023.718s][info][gc,phases,start] GC(447) Forward
[1023.721s][info][gc,phases      ] GC(447) Forward 2.137ms
[1023.721s][info][gc,phases,start] GC(447) Adjust Pointers
[1023.733s][info][gc,phases      ] GC(447) Adjust Pointers 12.152ms
[1023.733s][info][gc,phases,start] GC(447) Compaction Phase
[1023.744s][info][gc,phases      ] GC(447) Compaction Phase 11.086ms
[1023.744s][info][gc,phases,start] GC(447) Post Compact
[1023.746s][info][gc,phases      ] GC(447) Post Compact 2.426ms
[1023.746s][info][gc,heap        ] GC(447) PSYoungGen: 1973231K(2595328K)->0K(2595328K) Eden: 1772541K(2394624K)->0K(2394624K) From: 200690K(200704K)->0K(200704K)
[1023.746s][info][gc,heap        ] GC(447) ParOldGen: 636255K(4967424K)->316695K(4967424K)
[1023.746s][info][gc,metaspace   ] GC(447) Metaspace: 29041K(29376K)->29041K(29376K) NonClass: 24149K(24256K)->24149K(24256K) Class: 4892K(5120K)->4892K(5120K)
[1023.746s][info][gc             ] GC(447) Pause Full (System.gc()) 2548M->309M(7385M) 47.647ms
[1023.746s][info][gc,cpu         ] GC(447) User=0.20s Sys=0.00s Real=0.04s
(init[1024.864s][info][gc,start       ] GC(448) Pause Young (Allocation Failure)
[1025.130s][info][gc,heap        ] GC(448) PSYoungGen: 2394624K(2595328K)->200697K(2083328K) Eden: 2394624K(2394624K)->0K(1882624K) From: 0K(200704K)->200697K(200704K)
[1025.130s][info][gc,heap        ] GC(448) ParOldGen: 316695K(4967424K)->688291K(4967424K)
[1025.130s][info][gc,metaspace   ] GC(448) Metaspace: 29042K(29376K)->29042K(29376K) NonClass: 24150K(24256K)->24150K(24256K) Class: 4892K(5120K)->4892K(5120K)
[1025.130s][info][gc             ] GC(448) Pause Young (Allocation Failure) 2647M->868M(6885M) 266.303ms
[1025.130s][info][gc,cpu         ] GC(448) User=1.56s Sys=0.03s Real=0.27s
) ... OK
  1029s: 
  1029s: Warmup for building throughput-responsetime curve
  1029s: (10%)   IR =   1384 [1029.361s][info][gc,start       ] GC(449) Pause Young (Allocation Failure)
[1029.657s][info][gc,heap        ] GC(449) PSYoungGen: 2083321K(2083328K)->456681K(2339328K) Eden: 1882624K(1882624K)->0K(1882624K) From: 200697K(200704K)->456681K(456704K)
[1029.657s][info][gc,heap        ] GC(449) ParOldGen: 688291K(4967424K)->1024213K(4967424K)
[1029.657s][info][gc,metaspace   ] GC(449) Metaspace: 29046K(29376K)->29046K(29376K) NonClass: 24153K(24256K)->24153K(24256K) Class: 4892K(5120K)->4892K(5120K)
[1029.657s][info][gc             ] GC(449) Pause Young (Allocation Failure) 2706M->1446M(7135M) 295.963ms
[1029.657s][info][gc,cpu         ] GC(449) User=1.77s Sys=0.00s Real=0.29s
..........[1039.777s][info][gc,start       ] GC(450) Pause Young (Allocation Failure)
[1039.940s][info][gc,heap        ] GC(450) PSYoungGen: 2339305K(2339328K)->108624K(1978880K) Eden: 1882624K(1882624K)->0K(1522176K) From: 456681K(456704K)->108624K(456704K)
[1039.940s][info][gc,heap        ] GC(450) ParOldGen: 1024213K(4967424K)->1353390K(4967424K)
[1039.940s][info][gc,metaspace   ] GC(450) Metaspace: 29046K(29376K)->29046K(29376K) NonClass: 24153K(24256K)->24153K(24256K) Class: 4892K(5120K)->4892K(5120K)
[1039.940s][info][gc             ] GC(450) Pause Young (Allocation Failure) 3284M->1427M(6783M) 163.270ms
[1039.940s][info][gc,cpu         ] GC(450) User=0.98s Sys=0.00s Real=0.17s
.........[1048.735s][info][gc,start       ] GC(451) Pause Young (Allocation Failure)
[1048.812s][info][gc,heap        ] GC(451) PSYoungGen: 1630800K(1978880K)->93008K(2159104K) Eden: 1522176K(1522176K)->0K(1522176K) From: 108624K(456704K)->93008K(636928K)
[1048.812s][info][gc,heap        ] GC(451) ParOldGen: 1353390K(4967424K)->1438799K(4967424K)
[1048.812s][info][gc,metaspace   ] GC(451) Metaspace: 29046K(29376K)->29046K(29376K) NonClass: 24153K(24256K)->24153K(24256K) Class: 4892K(5120K)->4892K(5120K)
[1048.812s][info][gc             ] GC(451) Pause Young (Allocation Failure) 2914M->1495M(6959M) 76.936ms
[1048.812s][info][gc,cpu         ] GC(451) User=0.46s Sys=0.00s Real=0.08s
.........[1057.587s][info][gc,start       ] GC(452) Pause Young (Allocation Failure)
[1057.655s][info][gc,heap        ] GC(452) PSYoungGen: 1615184K(2159104K)->91648K(2130944K) Eden: 1522176K(1522176K)->0K(1528832K) From: 93008K(636928K)->91648K(602112K)
[1057.655s][info][gc,heap        ] GC(452) ParOldGen: 1438799K(4967424K)->1512103K(4967424K)
[1057.655s][info][gc,metaspace   ] GC(452) Metaspace: 29046K(29376K)->29046K(29376K) NonClass: 24153K(24256K)->24153K(24256K) Class: 4892K(5120K)->4892K(5120K)
[1057.655s][info][gc             ] GC(452) Pause Young (Allocation Failure) 2982M->1566M(6932M) 68.638ms
[1057.655s][info][gc,cpu         ] GC(452) User=0.41s Sys=0.00s Real=0.07s
.........[1066.811s][info][gc,start       ] GC(453) Pause Young (Allocation Failure)
[1066.880s][info][gc,heap        ] GC(453) PSYoungGen: 1620480K(2130944K)->95504K(2148352K) Eden: 1528832K(1528832K)->0K(1528832K) From: 91648K(602112K)->95504K(619520K)
[1066.880s][info][gc,heap        ] GC(453) ParOldGen: 1512103K(4967424K)->1582600K(4967424K)
[1066.880s][info][gc,metaspace   ] GC(453) Metaspace: 29046K(29376K)->29046K(29376K) NonClass: 24153K(24256K)->24153K(24256K) Class: 4892K(5120K)->4892K(5120K)
[1066.880s][info][gc             ] GC(453) Pause Young (Allocation Failure) 3059M->1638M(6949M) 69.549ms
[1066.880s][info][gc,cpu         ] GC(453) User=0.41s Sys=0.00s Real=0.07s
.........[1075.876s][info][gc,start       ] GC(454) Pause Young (Allocation Failure)
[1075.944s][info][gc,heap        ] GC(454) PSYoungGen: 1624336K(2148352K)->92800K(2140672K) Eden: 1528832K(1528832K)->0K(1571328K) From: 95504K(619520K)->92800K(569344K)
[1075.944s][info][gc,heap        ] GC(454) ParOldGen: 1582600K(4967424K)->1657040K(4967424K)
[1075.944s][info][gc,metaspace   ] GC(454) Metaspace: 29046K(29376K)->29046K(29376K) NonClass: 24153K(24256K)->24153K(24256K) Class: 4892K(5120K)->4892K(5120K)
[1075.944s][info][gc             ] GC(454) Pause Young (Allocation Failure) 3131M->1708M(6941M) 68.040ms
[1075.944s][info][gc,cpu         ] GC(454) User=0.40s Sys=0.00s Real=0.07s
.........[1085.301s][info][gc,start       ] GC(455) Pause Young (Allocation Failure)
[1085.371s][info][gc,heap        ] GC(455) PSYoungGen: 1664128K(2140672K)->98064K(2160128K) Eden: 1571328K(1571328K)->0K(1571328K) From: 92800K(569344K)->98064K(588800K)
[1085.371s][info][gc,heap        ] GC(455) ParOldGen: 1657040K(4967424K)->1728024K(4967424K)
[1085.371s][info][gc,metaspace   ] GC(455) Metaspace: 29046K(29376K)->29046K(29376K) NonClass: 24153K(24256K)->24153K(24256K) Class: 4892K(5120K)->4892K(5120K)
[1085.371s][info][gc             ] GC(455) Pause Young (Allocation Failure) 3243M->1783M(6960M) 69.925ms
[1085.372s][info][gc,cpu         ] GC(455) User=0.41s Sys=0.00s Real=0.07s
..........[1094.763s][info][gc,start       ] GC(456) Pause Young (Allocation Failure)
[1094.834s][info][gc,heap        ] GC(456) PSYoungGen: 1669282K(2160128K)->100276K(2166272K) Eden: 1571218K(1571328K)->0K(1637888K) From: 98064K(588800K)->100276K(528384K)
[1094.834s][info][gc,heap        ] GC(456) ParOldGen: 1728024K(4967424K)->1802436K(4967424K)
[1094.834s][info][gc,metaspace   ] GC(456) Metaspace: 29046K(29376K)->29046K(29376K) NonClass: 24153K(24256K)->24153K(24256K) Class: 4892K(5120K)->4892K(5120K)
[1094.834s][info][gc             ] GC(456) Pause Young (Allocation Failure) 3317M->1858M(6966M) 71.937ms
[1094.834s][info][gc,cpu         ] GC(456) User=0.43s Sys=0.00s Real=0.07s
..........[1104.511s][info][gc,start       ] GC(457) Pause Young (Allocation Failure)
[1104.582s][info][gc,heap        ] GC(457) PSYoungGen: 1738164K(2166272K)->98176K(2186752K) Eden: 1637888K(1637888K)->0K(1637888K) From: 100276K(528384K)->98176K(548864K)
[1104.582s][info][gc,heap        ] GC(457) ParOldGen: 1802436K(4967424K)->1875844K(4967424K)
[1104.582s][info][gc,metaspace   ] GC(457) Metaspace: 29046K(29376K)->29046K(29376K) NonClass: 24154K(24256K)->24154K(24256K) Class: 4892K(5120K)->4892K(5120K)
[1104.582s][info][gc             ] GC(457) Pause Young (Allocation Failure) 3457M->1927M(6986M) 70.497ms
[1104.582s][info][gc,cpu         ] GC(457) User=0.42s Sys=0.00s Real=0.07s
.........[1114.361s][info][gc,start       ] GC(458) Pause Young (Allocation Failure)
[1114.432s][info][gc,heap        ] GC(458) PSYoungGen: 1736064K(2186752K)->97808K(2204160K) Eden: 1637888K(1637888K)->0K(1718784K) From: 98176K(548864K)->97808K(485376K)
[1114.432s][info][gc,heap        ] GC(458) ParOldGen: 1875844K(4967424K)->1951212K(4967424K)
[1114.432s][info][gc,metaspace   ] GC(458) Metaspace: 29046K(29376K)->29046K(29376K) NonClass: 24154K(24256K)->24154K(24256K) Class: 4892K(5120K)->4892K(5120K)
[1114.432s][info][gc             ] GC(458) Pause Young (Allocation Failure) 3527M->2000M(7003M) 70.919ms
[1114.432s][info][gc,cpu         ] GC(458) User=0.42s Sys=0.01s Real=0.07s
...........[1124.593s][info][gc,start       ] GC(459) Pause Young (Allocation Failure)
[1124.668s][info][gc,heap        ] GC(459) PSYoungGen: 1816592K(2204160K)->106453K(2225664K) Eden: 1718784K(1718784K)->0K(1718784K) From: 97808K(485376K)->106453K(506880K)
[1124.668s][info][gc,heap        ] GC(459) ParOldGen: 1951212K(4967424K)->2024748K(4967424K)
[1124.668s][info][gc,metaspace   ] GC(459) Metaspace: 29046K(29376K)->29046K(29376K) NonClass: 24154K(24256K)->24154K(24256K) Class: 4892K(5120K)->4892K(5120K)
[1124.668s][info][gc             ] GC(459) Pause Young (Allocation Failure) 3679M->2081M(7024M) 75.640ms
[1124.668s][info][gc,cpu         ] GC(459) User=0.45s Sys=0.00s Real=0.08s
..[1127.375s][info][gc,start       ] GC(460) Pause Full (Diagnostic Command)
[1127.375s][info][gc,phases,start] GC(460) Marking Phase
[1127.651s][info][gc,phases      ] GC(460) Marking Phase 275.439ms
[1127.651s][info][gc,phases,start] GC(460) Summary Phase
[1127.651s][info][gc,phases      ] GC(460) Summary Phase 0.037ms
[1127.651s][info][gc,phases,start] GC(460) Forward
[1127.760s][info][gc,phases      ] GC(460) Forward 109.547ms
[1127.760s][info][gc,phases,start] GC(460) Adjust Pointers
[1127.940s][info][gc,phases      ] GC(460) Adjust Pointers 179.821ms
[1127.940s][info][gc,phases,start] GC(460) Compaction Phase
[1128.097s][info][gc,phases      ] GC(460) Compaction Phase 156.794ms
[1128.099s][info][gc,phases,start] GC(460) Post Compact
[1128.101s][info][gc,phases      ] GC(460) Post Compact 2.608ms
[1128.101s][info][gc,heap        ] GC(460) PSYoungGen: 573615K(2225664K)->0K(2225664K) Eden: 467162K(1718784K)->0K(1718784K) From: 106453K(506880K)->0K(506880K)
[1128.101s][info][gc,heap        ] GC(460) ParOldGen: 2024748K(4967424K)->1124655K(4967424K)
[1128.101s][info][gc,metaspace   ] GC(460) Metaspace: 29046K(29376K)->29046K(29376K) NonClass: 24154K(24256K)->24154K(24256K) Class: 4892K(5120K)->4892K(5120K)
[1128.101s][info][gc             ] GC(460) Pause Full (Diagnostic Command) 2537M->1098M(7024M) 726.221ms
[1128.102s][info][gc,cpu         ] GC(460) User=4.13s Sys=0.00s Real=0.73s
..........[1137.760s][info][gc,start       ] GC(461) Pause Young (Allocation Failure)
[1137.810s][info][gc,heap        ] GC(461) PSYoungGen: 1718784K(2225664K)->104000K(2247168K) Eden: 1718784K(1718784K)->0K(1804800K) From: 0K(506880K)->104000K(442368K)
[1137.810s][info][gc,heap        ] GC(461) ParOldGen: 1124655K(4967424K)->1124655K(4967424K)
[1137.810s][info][gc,metaspace   ] GC(461) Metaspace: 29046K(29376K)->29046K(29376K) NonClass: 24154K(24256K)->24154K(24256K) Class: 4892K(5120K)->4892K(5120K)
[1137.810s][info][gc             ] GC(461) Pause Young (Allocation Failure) 2776M->1199M(7045M) 50.011ms
[1137.810s][info][gc,cpu         ] GC(461) User=0.29s Sys=0.00s Real=0.05s
...........[1148.531s][info][gc,start       ] GC(462) Pause Young (Allocation Failure)
[1148.606s][info][gc,heap        ] GC(462) PSYoungGen: 1908800K(2247168K)->105952K(2267648K) Eden: 1804800K(1804800K)->0K(1804800K) From: 104000K(442368K)->105952K(462848K)
[1148.606s][info][gc,heap        ] GC(462) ParOldGen: 1124655K(4967424K)->1202096K(4967424K)
[1148.606s][info][gc,metaspace   ] GC(462) Metaspace: 29046K(29376K)->29046K(29376K) NonClass: 24154K(24256K)->24154K(24256K) Class: 4892K(5120K)->4892K(5120K)
[1148.606s][info][gc             ] GC(462) Pause Young (Allocation Failure) 2962M->1277M(7065M) 75.182ms
[1148.606s][info][gc,cpu         ] GC(462) User=0.45s Sys=0.00s Real=0.07s
...........[1159.347s][info][gc,start       ] GC(463) Pause Young (Allocation Failure)
[1159.422s][info][gc,heap        ] GC(463) PSYoungGen: 1910752K(2267648K)->106336K(2292224K) Eden: 1804800K(1804800K)->0K(1891840K) From: 105952K(462848K)->106336K(400384K)
[1159.422s][info][gc,heap        ] GC(463) ParOldGen: 1202096K(4967424K)->1280552K(4967424K)
[1159.422s][info][gc,metaspace   ] GC(463) Metaspace: 29046K(29376K)->29046K(29376K) NonClass: 24154K(24256K)->24154K(24256K) Class: 4892K(5120K)->4892K(5120K)
[1159.422s][info][gc             ] GC(463) Pause Young (Allocation Failure) 3039M->1354M(7089M) 74.196ms
[1159.422s][info][gc,cpu         ] GC(463) User=0.44s Sys=0.00s Real=0.07s
...........[1170.697s][info][gc,start       ] GC(464) Pause Young (Allocation Failure)
[1170.776s][info][gc,heap        ] GC(464) PSYoungGen: 1998176K(2292224K)->115440K(2312192K) Eden: 1891840K(1891840K)->0K(1891840K) From: 106336K(400384K)->115440K(420352K)
[1170.776s][info][gc,heap        ] GC(464) ParOldGen: 1280552K(4967424K)->1358264K(4967424K)
[1170.776s][info][gc,metaspace   ] GC(464) Metaspace: 29046K(29376K)->29046K(29376K) NonClass: 24154K(24256K)->24154K(24256K) Class: 4892K(5120K)->4892K(5120K)
[1170.776s][info][gc             ] GC(464) Pause Young (Allocation Failure) 3201M->1439M(7109M) 79.124ms
[1170.776s][info][gc,cpu         ] GC(464) User=0.47s Sys=0.00s Real=0.08s
...........[1181.999s][info][gc,start       ] GC(465) Pause Young (Allocation Failure)
[1182.077s][info][gc,heap        ] GC(465) PSYoungGen: 2007280K(2312192K)->191520K(2360832K) Eden: 1891840K(1891840K)->0K(1976832K) From: 115440K(420352K)->191520K(384000K)
[1182.077s][info][gc,heap        ] GC(465) ParOldGen: 1358264K(4967424K)->1358264K(4967424K)
[1182.077s][info][gc,metaspace   ] GC(465) Metaspace: 29046K(29376K)->29046K(29376K) NonClass: 24154K(24256K)->24154K(24256K) Class: 4892K(5120K)->4892K(5120K)
[1182.077s][info][gc             ] GC(465) Pause Young (Allocation Failure) 3286M->1513M(7156M) 77.696ms
[1182.077s][info][gc,cpu         ] GC(465) User=0.47s Sys=0.00s Real=0.07s
............[1193.743s][info][gc,start       ] GC(466) Pause Young (Allocation Failure)
[1193.839s][info][gc,heap        ] GC(466) PSYoungGen: 2168352K(2360832K)->252736K(2367488K) Eden: 1976832K(1976832K)->0K(1976832K) From: 191520K(384000K)->252736K(390656K)
[1193.839s][info][gc,heap        ] GC(466) ParOldGen: 1358264K(4967424K)->1358264K(4967424K)
[1193.840s][info][gc,metaspace   ] GC(466) Metaspace: 29046K(29376K)->29046K(29376K) NonClass: 24154K(24256K)->24154K(24256K) Class: 4892K(5120K)->4892K(5120K)
[1193.840s][info][gc             ] GC(466) Pause Young (Allocation Failure) 3443M->1573M(7163M) 96.991ms
[1193.840s][info][gc,cpu         ] GC(466) User=0.57s Sys=0.00s Real=0.10s
............[1205.646s][info][gc,start       ] GC(467) Pause Young (Allocation Failure)
[1205.758s][info][gc,heap        ] GC(467) PSYoungGen: 2229568K(2367488K)->299488K(2337280K) Eden: 1976832K(1976832K)->0K(1932800K) From: 252736K(390656K)->299488K(404480K)
[1205.758s][info][gc,heap        ] GC(467) ParOldGen: 1358264K(4967424K)->1358264K(4967424K)
[1205.758s][info][gc,metaspace   ] GC(467) Metaspace: 29046K(29376K)->29046K(29376K) NonClass: 24154K(24256K)->24154K(24256K) Class: 4892K(5120K)->4892K(5120K)
[1205.758s][info][gc             ] GC(467) Pause Young (Allocation Failure) 3503M->1618M(7133M) 112.904ms
[1205.758s][info][gc,cpu         ] GC(467) User=0.67s Sys=0.00s Real=0.12s
..... (rIR:aIR:PR = 1384:1384:1384) (tPR = 20710) [OK] 
  1210s: 
  1210s: Building throughput-responsetime curve
  1210s: ( 0%)   IR =      0 ...|............................................................ (rIR:aIR:PR = 0:0:0) (tPR = 0) [OK] 
  1273s: Performance info:
         Transaction,    Success,    Partial,     Failed,   Receipts, AvgBarcode, 
         Response times:
             Request,    Success,    Partial,     Failed,   SkipFail,     Probes,    Samples,      min,      p50,      p90,      p95,      p99,      max, 

  1273s: ( 1%)   IR =    138 ....|............................................................ (rIR:aIR:PR = 138:138:138) (tPR = 2028) [OK] 
  1337s: Performance info:
         Transaction,    Success,    Partial,     Failed,   Receipts, AvgBarcode, 
             Overall,       8278,          0,          0,       7860,      59.46, 
         Response times:
             Request,    Success,    Partial,     Failed,   SkipFail,     Probes,    Samples,      min,      p50,      p90,      p95,      p99,      max, 
       TotalPurchase,       7860,          0,          0,          0,       7266,       8322,      300,      400,      500,      500,      700,     1100,
     InStorePurchase,       4141,          0,          0,          0,       3855,       4315,      300,      400,      500,      500,      700,     1100,
      OnlinePurchase,       2890,          0,          0,          0,       2693,       3112,      300,      400,      500,      600,      700,      900,
        InstPurchase,        829,          0,          0,          0,        718,        895,      300,      500,      500,      600,      800,      900,
          AssocOfCat,          8,          0,          0,          0,          8,          8,    19500,    21500,    25000,    25000,    25000,    25000,
      AssocOfProduct,         83,          0,          0,          0,         82,         87,      500,      600,      700,      760,     1100,     1100,
      BusinessReport,         23,          0,          0,          0,         21,         21,    23000,    26000,    29000,    30800,    31000,    31000,
          CustBuyBeh,         84,          0,          0,          0,         82,         87,      200,      200,      300,      300,      500,      500,
       ProductReturn,        220,          0,          0,          0,        153,        213,      200,      300,      300,      400,      586,      600,

  1337s: ( 2%)   IR =    277 .[1338.708s][info][gc,start       ] GC(468) Pause Young (Allocation Failure)
[1338.830s][info][gc,heap        ] GC(468) PSYoungGen: 2232288K(2337280K)->299206K(2232320K) Eden: 1932800K(1932800K)->0K(1932800K) From: 299488K(404480K)->299206K(299520K)
[1338.830s][info][gc,heap        ] GC(468) ParOldGen: 1358264K(4967424K)->1391504K(4967424K)
[1338.830s][info][gc,metaspace   ] GC(468) Metaspace: 29049K(29376K)->29049K(29376K) NonClass: 24157K(24256K)->24157K(24256K) Class: 4892K(5120K)->4892K(5120K)
[1338.830s][info][gc             ] GC(468) Pause Young (Allocation Failure) 3506M->1651M(7031M) 122.071ms
[1338.830s][info][gc,cpu         ] GC(468) User=0.72s Sys=0.00s Real=0.12s
...|......................................................[1396.063s][info][gc,start       ] GC(469) Pause Young (Allocation Failure)
[1396.183s][info][gc,heap        ] GC(469) PSYoungGen: 2232006K(2232320K)->332780K(2289152K) Eden: 1932800K(1932800K)->0K(1836544K) From: 299206K(299520K)->332780K(452608K)
[1396.183s][info][gc,heap        ] GC(469) ParOldGen: 1391504K(4967424K)->1391504K(4967424K)
[1396.183s][info][gc,metaspace   ] GC(469) Metaspace: 29051K(29376K)->29051K(29376K) NonClass: 24159K(24256K)->24159K(24256K) Class: 4892K(5120K)->4892K(5120K)
[1396.184s][info][gc             ] GC(469) Pause Young (Allocation Failure) 3538M->1683M(7086M) 120.274ms
[1396.184s][info][gc,cpu         ] GC(469) User=0.72s Sys=0.00s Real=0.12s
...... (rIR:aIR:PR = 277:277:277) (tPR = 4134) [OK] 
  1401s: Performance info:
         Transaction,    Success,    Partial,     Failed,   Receipts, AvgBarcode, 
             Overall,      16639,          0,          0,      15810,      59.46, 
         Response times:
             Request,    Success,    Partial,     Failed,   SkipFail,     Probes,    Samples,      min,      p50,      p90,      p95,      p99,      max, 
       TotalPurchase,      15810,          0,          0,          0,      14834,      16523,      300,      500,      700,      800,     1000,   122000,
     InStorePurchase,       8307,          0,          0,          0,       7775,       8615,      300,      500,      700,      800,     1000,   122000,
      OnlinePurchase,       5838,          0,          0,          0,       5550,       6142,      300,      500,      700,      800,     1000,     2300,
        InstPurchase,       1665,          0,          0,          0,       1509,       1766,      300,      500,      700,      800,     1000,     2100,
          AssocOfCat,         17,          0,          0,          0,         15,         16,    18000,    21000,    24400,    30000,    30000,    30000,
      AssocOfProduct,        167,          0,          0,          0,        124,        189,      400,      600,      800,      900,     1710,     1800,
      BusinessReport,         41,          0,          0,          0,         41,         43,    17400,    25000,    29000,    29000,    29000,    29000,
          CustBuyBeh,        166,          0,          0,          0,        131,        189,      200,      300,      500,      600,      700,      700,
       ProductReturn,        438,          0,          0,          0,        341,        444,      200,      400,      600,      700,     1000,     2100,

  1401s: ( 3%)   IR =    415 .....|.....................[1428.245s][info][gc,start       ] GC(470) Pause Full (Diagnostic Command)
[1428.245s][info][gc,phases,start] GC(470) Marking Phase
[1428.516s][info][gc,phases      ] GC(470) Marking Phase 270.208ms
[1428.516s][info][gc,phases,start] GC(470) Summary Phase
[1428.516s][info][gc,phases      ] GC(470) Summary Phase 0.042ms
[1428.516s][info][gc,phases,start] GC(470) Forward
[1428.647s][info][gc,phases      ] GC(470) Forward 131.580ms
[1428.647s][info][gc,phases,start] GC(470) Adjust Pointers
[1428.832s][info][gc,phases      ] GC(470) Adjust Pointers 185.059ms
[1428.832s][info][gc,phases,start] GC(470) Compaction Phase
[1429.024s][info][gc,phases      ] GC(470) Compaction Phase 191.390ms
[1429.026s][info][gc,phases,start] GC(470) Post Compact
[1429.029s][info][gc,phases      ] GC(470) Post Compact 3.166ms
[1429.029s][info][gc,heap        ] GC(470) PSYoungGen: 1858979K(2289152K)->0K(2289152K) Eden: 1526199K(1836544K)->0K(1836544K) From: 332780K(452608K)->0K(452608K)
[1429.029s][info][gc,heap        ] GC(470) ParOldGen: 1391504K(4967424K)->1116615K(4967424K)
[1429.029s][info][gc,metaspace   ] GC(470) Metaspace: 29051K(29376K)->29051K(29376K) NonClass: 24159K(24256K)->24159K(24256K) Class: 4892K(5120K)->4892K(5120K)
[1429.029s][info][gc             ] GC(470) Pause Full (Diagnostic Command) 3174M->1090M(7086M) 783.779ms
[1429.029s][info][gc,cpu         ] GC(470) User=4.35s Sys=0.00s Real=0.79s
....................................[1464.762s][info][gc,start       ] GC(471) Pause Young (Allocation Failure)
[1464.811s][info][gc,heap        ] GC(471) PSYoungGen: 1836544K(2289152K)->107376K(2316288K) Eden: 1836544K(1836544K)->0K(1836544K) From: 0K(452608K)->107376K(479744K)
[1464.812s][info][gc,heap        ] GC(471) ParOldGen: 1116615K(4967424K)->1116615K(4967424K)
[1464.812s][info][gc,metaspace   ] GC(471) Metaspace: 29055K(29376K)->29055K(29376K) NonClass: 24162K(24256K)->24162K(24256K) Class: 4892K(5120K)->4892K(5120K)
[1464.812s][info][gc             ] GC(471) Pause Young (Allocation Failure) 2883M->1195M(7113M) 49.561ms
[1464.812s][info][gc,cpu         ] GC(471) User=0.29s Sys=0.00s Real=0.05s
... (rIR:aIR:PR = 415:415:415) (tPR = 6169) [OK] 
  1466s: Performance info:
         Transaction,    Success,    Partial,     Failed,   Receipts, AvgBarcode, 
             Overall,      25230,          0,          0,      23968,      59.47, 
         Response times:
             Request,    Success,    Partial,     Failed,   SkipFail,     Probes,    Samples,      min,      p50,      p90,      p95,      p99,      max, 
       TotalPurchase,      23968,          0,          0,          0,      22594,      25481,      300,      600,      900,     1000,     1500,    51000,
     InStorePurchase,      12625,          0,          0,          0,      11951,      13277,      300,      600,      900,     1000,     1300,    51000,
      OnlinePurchase,       8826,          0,          0,          0,       8348,       9501,      300,      600,      900,     1000,     5400,    51000,
        InstPurchase,       2517,          0,          0,          0,       2295,       2703,      400,      600,      900,     1000,     1500,     9000,
          AssocOfCat,         24,          0,          0,          0,         24,         26,    16900,    19450,    22000,    22650,    23000,    23000,
      AssocOfProduct,        252,          0,          0,          0,        183,        242,      400,      700,     1000,     1100,     1200,     1400,
      BusinessReport,         64,          0,          0,          0,         64,         68,    19000,    24000,    29000,    29550,    36000,    36000,
          CustBuyBeh,        251,          0,          0,          0,        194,        282,      200,      400,      700,      900,     1017,     1100,
       ProductReturn,        671,          0,          0,          0,        567,        706,      200,      500,      700,      900,     1300,     3400,

  1466s: ( 4%)   IR =    553 ....|.....................[1492.776s][info][gc,start       ] GC(472) Pause Young (Allocation Failure)
[1492.850s][info][gc,heap        ] GC(472) PSYoungGen: 1943920K(2316288K)->187472K(2251264K) Eden: 1836544K(1836544K)->0K(1848320K) From: 107376K(479744K)->187472K(402944K)
[1492.850s][info][gc,heap        ] GC(472) ParOldGen: 1116615K(4967424K)->1116615K(4967424K)
[1492.850s][info][gc,metaspace   ] GC(472) Metaspace: 29056K(29376K)->29056K(29376K) NonClass: 24163K(24256K)->24163K(24256K) Class: 4892K(5120K)->4892K(5120K)
[1492.850s][info][gc             ] GC(472) Pause Young (Allocation Failure) 2988M->1273M(7049M) 74.105ms
[1492.850s][info][gc,cpu         ] GC(472) User=0.44s Sys=0.00s Real=0.08s
............................[1520.273s][info][gc,start       ] GC(473) Pause Young (Allocation Failure)
[1520.364s][info][gc,heap        ] GC(473) PSYoungGen: 2035792K(2251264K)->245888K(2289664K) Eden: 1848320K(1848320K)->0K(1848320K) From: 187472K(402944K)->245888K(441344K)
[1520.364s][info][gc,heap        ] GC(473) ParOldGen: 1116615K(4967424K)->1116615K(4967424K)
[1520.364s][info][gc,metaspace   ] GC(473) Metaspace: 29056K(29376K)->29056K(29376K) NonClass: 24163K(24256K)->24163K(24256K) Class: 4892K(5120K)->4892K(5120K)
[1520.364s][info][gc             ] GC(473) Pause Young (Allocation Failure) 3078M->1330M(7087M) 91.312ms
[1520.364s][info][gc,cpu         ] GC(473) User=0.54s Sys=0.00s Real=0.09s
........... (rIR:aIR:PR = 553:553:553) (tPR = 8205) [OK] 
  1530s: Performance info:
         Transaction,    Success,    Partial,     Failed,   Receipts, AvgBarcode, 
             Overall,      33211,          0,          0,      31548,      59.47, 
         Response times:
             Request,    Success,    Partial,     Failed,   SkipFail,     Probes,    Samples,      min,      p50,      p90,      p95,      p99,      max, 
       TotalPurchase,      31548,          0,          0,          0,      30207,      33123,      300,      700,     1000,     1100,     1400,    93000,
     InStorePurchase,      16594,          0,          0,          0,      16074,      17538,      300,      700,     1000,     1100,     1300,    93000,
      OnlinePurchase,      11637,          0,          0,          0,      11057,      12068,      300,      700,     1000,     1100,     1400,    75000,
        InstPurchase,       3317,          0,          0,          0,       3076,       3517,      400,      700,     1000,     1100,     1400,     3200,
          AssocOfCat,         32,          0,          0,          0,         30,         34,    15000,    18700,    21000,    23250,    24000,    24000,
      AssocOfProduct,        332,          0,          0,          0,        263,        375,      500,      800,     1100,     1200,     1500,    76000,
      BusinessReport,         83,          0,          0,          0,         80,         87,    17100,    22000,    28000,    29000,    33000,    33000,
          CustBuyBeh,        329,          0,          0,          0,        253,        369,      200,      400,      800,      800,     1100,     1700,
       ProductReturn,        887,          0,          0,          0,        784,        967,      200,      600,      900,     1000,     1200,     1900,

  1530s: ( 5%)   IR =    692 ....|.........[1544.414s][info][gc,start       ] GC(474) Pause Young (Allocation Failure)
[1544.521s][info][gc,heap        ] GC(474) PSYoungGen: 2094208K(2289664K)->290720K(2338304K) Eden: 1848320K(1848320K)->0K(1902080K) From: 245888K(441344K)->290720K(436224K)
[1544.521s][info][gc,heap        ] GC(474) ParOldGen: 1116615K(4967424K)->1116615K(4967424K)
[1544.521s][info][gc,metaspace   ] GC(474) Metaspace: 29057K(29376K)->29057K(29376K) NonClass: 24165K(24256K)->24165K(24256K) Class: 4892K(5120K)->4892K(5120K)
[1544.521s][info][gc             ] GC(474) Pause Young (Allocation Failure) 3135M->1374M(7134M) 106.716ms
[1544.521s][info][gc,cpu         ] GC(474) User=0.63s Sys=0.00s Real=0.11s
......................[1567.106s][info][gc,start       ] GC(475) Pause Young (Allocation Failure)
[1567.225s][info][gc,heap        ] GC(475) PSYoungGen: 2192800K(2338304K)->326048K(2228224K) Eden: 1902080K(1902080K)->0K(1902080K) From: 290720K(436224K)->326048K(326144K)
[1567.225s][info][gc,heap        ] GC(475) ParOldGen: 1116615K(4967424K)->1116615K(4967424K)
[1567.225s][info][gc,metaspace   ] GC(475) Metaspace: 29057K(29376K)->29057K(29376K) NonClass: 24165K(24256K)->24165K(24256K) Class: 4892K(5120K)->4892K(5120K)
[1567.225s][info][gc             ] GC(475) Pause Young (Allocation Failure) 3231M->1408M(7027M) 119.496ms
[1567.225s][info][gc,cpu         ] GC(475) User=0.71s Sys=0.00s Real=0.12s
.......................[1589.730s][info][gc,start       ] GC(476) Pause Young (Allocation Failure)
[1589.855s][info][gc,heap        ] GC(476) PSYoungGen: 2228128K(2228224K)->351920K(2279424K) Eden: 1902080K(1902080K)->0K(1811968K) From: 326048K(326144K)->351920K(467456K)
[1589.855s][info][gc,heap        ] GC(476) ParOldGen: 1116615K(4967424K)->1116615K(4967424K)
[1589.855s][info][gc,metaspace   ] GC(476) Metaspace: 29057K(29376K)->29057K(29376K) NonClass: 24165K(24256K)->24165K(24256K) Class: 4892K(5120K)->4892K(5120K)
[1589.855s][info][gc             ] GC(476) Pause Young (Allocation Failure) 3266M->1434M(7077M) 125.065ms
[1589.855s][info][gc,cpu         ] GC(476) User=0.75s Sys=0.00s Real=0.12s
...... (rIR:aIR:PR = 692:692:692) (tPR = 10355) [OK] 
  1595s: Performance info:
         Transaction,    Success,    Partial,     Failed,   Receipts, AvgBarcode, 
             Overall,      41633,          0,          0,      39550,      59.47, 
         Response times:
             Request,    Success,    Partial,     Failed,   SkipFail,     Probes,    Samples,      min,      p50,      p90,      p95,      p99,      max, 
       TotalPurchase,      39550,          0,          0,          0,      37850,      41237,      300,      800,     1200,     1300,     1600,   127000,
     InStorePurchase,      20837,          0,          0,          0,      20118,      21769,      300,      800,     1200,     1300,     1600,   127000,
      OnlinePurchase,      14554,          0,          0,          0,      13895,      15149,      300,      900,     1200,     1300,     1700,   127000,
        InstPurchase,       4159,          0,          0,          0,       3837,       4319,      400,      800,     1200,     1300,     1600,   127000,
          AssocOfCat,         42,          0,          0,          0,         36,         44,    15200,    18600,    21000,    21750,    23000,    23000,
      AssocOfProduct,        419,          0,          0,          0,        335,        428,      400,      800,     1100,     1300,     1900,     3200,
      BusinessReport,        104,          0,          0,          0,         98,        109,    17500,    22000,    27000,    28000,    33700,    34000,
          CustBuyBeh,        419,          0,          0,          0,        334,        443,      200,      800,     1100,     1200,     1500,     5100,
       ProductReturn,       1099,          0,          0,          0,        986,       1235,      200,      800,     1100,     1300,     1664,   127000,

  1595s: ( 6%)   IR =    830 ....|.........[1608.485s][info][gc,start       ] GC(477) Pause Young (Allocation Failure)
[1608.614s][info][gc,heap        ] GC(477) PSYoungGen: 2163888K(2279424K)->370336K(2182656K) Eden: 1811968K(1811968K)->0K(1811968K) From: 351920K(467456K)->370336K(370688K)
[1608.614s][info][gc,heap        ] GC(477) ParOldGen: 1116615K(4967424K)->1116615K(4967424K)
[1608.614s][info][gc,metaspace   ] GC(477) Metaspace: 29058K(29376K)->29058K(29376K) NonClass: 24166K(24256K)->24166K(24256K) Class: 4892K(5120K)->4892K(5120K)
[1608.614s][info][gc             ] GC(477) Pause Young (Allocation Failure) 3203M->1452M(6982M) 129.712ms
[1608.614s][info][gc,cpu         ] GC(477) User=0.77s Sys=0.00s Real=0.13s
..................[1626.561s][info][gc,start       ] GC(478) Pause Young (Allocation Failure)
[1626.695s][info][gc,heap        ] GC(478) PSYoungGen: 2182304K(2182656K)->383872K(2230784K) Eden: 1811968K(1811968K)->0K(1713664K) From: 370336K(370688K)->383872K(517120K)
[1626.695s][info][gc,heap        ] GC(478) ParOldGen: 1116615K(4967424K)->1116615K(4967424K)
[1626.695s][info][gc,metaspace   ] GC(478) Metaspace: 29058K(29376K)->29058K(29376K) NonClass: 24166K(24256K)->24166K(24256K) Class: 4892K(5120K)->4892K(5120K)
[1626.695s][info][gc             ] GC(478) Pause Young (Allocation Failure) 3221M->1465M(7029M) 134.126ms
[1626.695s][info][gc,cpu         ] GC(478) User=0.80s Sys=0.00s Real=0.13s
.................[1643.506s][info][gc,start       ] GC(479) Pause Young (Allocation Failure)
[1643.645s][info][gc,heap        ] GC(479) PSYoungGen: 2097536K(2230784K)->396880K(2110976K) Eden: 1713664K(1713664K)->0K(1713664K) From: 383872K(517120K)->396880K(397312K)
[1643.646s][info][gc,heap        ] GC(479) ParOldGen: 1116615K(4967424K)->1116615K(4967424K)
[1643.646s][info][gc,metaspace   ] GC(479) Metaspace: 29058K(29376K)->29058K(29376K) NonClass: 24166K(24256K)->24166K(24256K) Class: 4892K(5120K)->4892K(5120K)
[1643.646s][info][gc             ] GC(479) Pause Young (Allocation Failure) 3138M->1478M(6912M) 139.977ms
[1643.646s][info][gc,cpu         ] GC(479) User=0.83s Sys=0.00s Real=0.14s
................ (rIR:aIR:PR = 830:830:830) (tPR = 12349) [OK] 
  1659s: Performance info:
         Transaction,    Success,    Partial,     Failed,   Receipts, AvgBarcode, 
             Overall,      49817,          0,          0,      47330,      59.46, 
         Response times:
             Request,    Success,    Partial,     Failed,   SkipFail,     Probes,    Samples,      min,      p50,      p90,      p95,      p99,      max, 
       TotalPurchase,      47330,          0,          0,          0,      45862,      49780,      300,      900,     1300,     1400,     1800,   137000,
     InStorePurchase,      24883,          0,          0,          0,      24266,      26165,      300,      900,     1300,     1400,     1800,   137000,
      OnlinePurchase,      17456,          0,          0,          0,      16932,      18447,      300,      900,     1300,     1400,     1800,   136000,
        InstPurchase,       4991,          0,          0,          0,       4664,       5168,      400,     1000,     1400,     1500,     1700,   132000,
          AssocOfCat,         51,          0,          0,          0,         45,         52,    15600,    19050,    25000,    31050,    45000,    45000,
      AssocOfProduct,        494,          0,          0,          0,        423,        532,      600,     1200,     1600,     1700,     1900,    17900,
      BusinessReport,        125,          0,          0,          0,         95,        137,    17900,    23000,    29000,    31100,    46300,    52000,
          CustBuyBeh,        498,          0,          0,          0,        420,        536,      200,      800,     1200,     1300,     1700,     5000,
       ProductReturn,       1320,          0,          0,          0,       1154,       1328,      200,      700,     1200,     1300,     1700,    11800,

  1659s: ( 7%)   IR =    969 [1660.228s][info][gc,start       ] GC(480) Pause Young (Allocation Failure)
[1660.367s][info][gc,heap        ] GC(480) PSYoungGen: 2110544K(2110976K)->401696K(2194944K) Eden: 1713664K(1713664K)->0K(1630720K) From: 396880K(397312K)->401696K(564224K)
[1660.367s][info][gc,heap        ] GC(480) ParOldGen: 1116615K(4967424K)->1116615K(4967424K)
[1660.367s][info][gc,metaspace   ] GC(480) Metaspace: 29058K(29376K)->29058K(29376K) NonClass: 24166K(24256K)->24166K(24256K) Class: 4892K(5120K)->4892K(5120K)
[1660.367s][info][gc             ] GC(480) Pause Young (Allocation Failure) 3151M->1482M(6994M) 139.843ms
[1660.367s][info][gc,cpu         ] GC(480) User=0.83s Sys=0.00s Real=0.14s
..........|....[1674.039s][info][gc,start       ] GC(481) Pause Young (Allocation Failure)
[1674.188s][info][gc,heap        ] GC(481) PSYoungGen: 2032416K(2194944K)->413621K(2044416K) Eden: 1630720K(1630720K)->0K(1630720K) From: 401696K(564224K)->413621K(413696K)
[1674.188s][info][gc,heap        ] GC(481) ParOldGen: 1116615K(4967424K)->1116615K(4967424K)
[1674.188s][info][gc,metaspace   ] GC(481) Metaspace: 29058K(29376K)->29058K(29376K) NonClass: 24166K(24256K)->24166K(24256K) Class: 4892K(5120K)->4892K(5120K)
[1674.188s][info][gc             ] GC(481) Pause Young (Allocation Failure) 3075M->1494M(6847M) 148.780ms
[1674.188s][info][gc,cpu         ] GC(481) User=0.88s Sys=0.00s Real=0.15s
..............[1687.801s][info][gc,start       ] GC(482) Pause Young (Allocation Failure)
[1687.943s][info][gc,heap        ] GC(482) PSYoungGen: 2044341K(2044416K)->413104K(2171392K) Eden: 1630720K(1630720K)->0K(1571328K) From: 413621K(413696K)->413104K(600064K)
[1687.943s][info][gc,heap        ] GC(482) ParOldGen: 1116615K(4967424K)->1116615K(4967424K)
[1687.943s][info][gc,metaspace   ] GC(482) Metaspace: 29058K(29376K)->29058K(29376K) NonClass: 24166K(24256K)->24166K(24256K) Class: 4892K(5120K)->4892K(5120K)
[1687.943s][info][gc             ] GC(482) Pause Young (Allocation Failure) 3086M->1493M(6971M) 142.444ms
[1687.943s][info][gc,cpu         ] GC(482) User=0.85s Sys=0.00s Real=0.14s
.............[1701.293s][info][gc,start       ] GC(483) Pause Young (Allocation Failure)
[1701.437s][info][gc,heap        ] GC(483) PSYoungGen: 1984432K(2171392K)->416272K(1988096K) Eden: 1571328K(1571328K)->0K(1571328K) From: 413104K(600064K)->416272K(416768K)
[1701.437s][info][gc,heap        ] GC(483) ParOldGen: 1116615K(4967424K)->1116615K(4967424K)
[1701.437s][info][gc,metaspace   ] GC(483) Metaspace: 29058K(29376K)->29058K(29376K) NonClass: 24166K(24256K)->24166K(24256K) Class: 4892K(5120K)->4892K(5120K)
[1701.437s][info][gc             ] GC(483) Pause Young (Allocation Failure) 3028M->1496M(6792M) 143.816ms
[1701.437s][info][gc,cpu         ] GC(483) User=0.85s Sys=0.00s Real=0.14s
..............[1714.568s][info][gc,start       ] GC(484) Pause Young (Allocation Failure)
[1714.713s][info][gc,heap        ] GC(484) PSYoungGen: 1987600K(1988096K)->419504K(2161152K) Eden: 1571328K(1571328K)->0K(1539584K) From: 416272K(416768K)->419504K(621568K)
[1714.713s][info][gc,heap        ] GC(484) ParOldGen: 1116615K(4967424K)->1116615K(4967424K)
[1714.713s][info][gc,metaspace   ] GC(484) Metaspace: 29058K(29376K)->29058K(29376K) NonClass: 24166K(24256K)->24166K(24256K) Class: 4892K(5120K)->4892K(5120K)
[1714.713s][info][gc             ] GC(484) Pause Young (Allocation Failure) 3031M->1500M(6961M) 145.434ms
[1714.713s][info][gc,cpu         ] GC(484) User=0.87s Sys=0.00s Real=0.14s
.............[1727.501s][info][gc,start       ] GC(485) Pause Young (Allocation Failure)
[1727.648s][info][gc,heap        ] GC(485) PSYoungGen: 1959088K(2161152K)->421888K(1961472K) Eden: 1539584K(1539584K)->0K(1539584K) From: 419504K(621568K)->421888K(421888K)
[1727.648s][info][gc,heap        ] GC(485) ParOldGen: 1116615K(4967424K)->1116615K(4967424K)
[1727.648s][info][gc,metaspace   ] GC(485) Metaspace: 29058K(29376K)->29058K(29376K) NonClass: 24166K(24256K)->24166K(24256K) Class: 4892K(5120K)->4892K(5120K)
[1727.648s][info][gc             ] GC(485) Pause Young (Allocation Failure) 3003M->1502M(6766M) 146.602ms
[1727.648s][info][gc,cpu         ] GC(485) User=0.87s Sys=0.00s Real=0.15s
.[1729.160s][info][gc,start       ] GC(486) Pause Full (Diagnostic Command)
[1729.160s][info][gc,phases,start] GC(486) Marking Phase
[1729.426s][info][gc,phases      ] GC(486) Marking Phase 266.069ms
[1729.426s][info][gc,phases,start] GC(486) Summary Phase
[1729.426s][info][gc,phases      ] GC(486) Summary Phase 0.027ms
[1729.426s][info][gc,phases,start] GC(486) Forward
[1729.552s][info][gc,phases      ] GC(486) Forward 126.066ms
[1729.552s][info][gc,phases,start] GC(486) Adjust Pointers
[1729.726s][info][gc,phases      ] GC(486) Adjust Pointers 174.244ms
[1729.727s][info][gc,phases,start] GC(486) Compaction Phase
[1729.883s][info][gc,phases      ] GC(486) Compaction Phase 156.459ms
[1729.885s][info][gc,phases,start] GC(486) Post Compact
[1729.887s][info][gc,phases      ] GC(486) Post Compact 1.938ms
[1729.887s][info][gc,heap        ] GC(486) PSYoungGen: 634323K(1961472K)->0K(1961472K) Eden: 212435K(1539584K)->0K(1539584K) From: 421888K(421888K)->0K(421888K)
[1729.887s][info][gc,heap        ] GC(486) ParOldGen: 1116615K(4967424K)->1119762K(4967424K)
[1729.887s][info][gc,metaspace   ] GC(486) Metaspace: 29058K(29376K)->29058K(29376K) NonClass: 24166K(24256K)->24166K(24256K) Class: 4892K(5120K)->4892K(5120K)
[1729.887s][info][gc             ] GC(486) Pause Full (Diagnostic Command) 1709M->1093M(6766M) 726.650ms
[1729.887s][info][gc,cpu         ] GC(486) User=4.03s Sys=0.01s Real=0.72s
. (rIR:aIR:PR = 969:962:958) (tPR = 14345) [OK] 
  1729s: Performance info:
         Transaction,    Success,    Partial,     Failed,   Receipts, AvgBarcode, 
             Overall,      57985,          0,          0,      55082,      59.47, 
         Response times:
             Request,    Success,    Partial,     Failed,   SkipFail,     Probes,    Samples,      min,      p50,      p90,      p95,      p99,      max, 
       TotalPurchase,      55318,          0,          0,          0,      53203,      63695,      300,     1000,     1500,     1700,     3500,   152000,
     InStorePurchase,      29113,          0,          0,          0,      28037,      33404,      300,     1000,     1500,     1700,     4300,   152000,
      OnlinePurchase,      20403,          0,          0,          0,      19719,      23626,      300,     1100,     1500,     1700,     3173,   152000,
        InstPurchase,       5802,          0,          0,          0,       5447,       6665,      400,     1000,     1500,     1600,     2100,   152000,
          AssocOfCat,         59,          0,          0,          0,         56,         66,    15300,    19550,    23300,    26650,   172000,   172000,
      AssocOfProduct,        585,          0,          0,          0,        469,        632,      400,     1000,     1400,     1500,     1700,     2200,
      BusinessReport,        146,          0,          0,          0,         95,        147,    17700,    23000,    29000,    31000,   110480,   182000,
          CustBuyBeh,        584,          0,          0,          0,        475,        664,      200,     1000,     1400,     1600,     2035,   152000,
       ProductReturn,       1538,          0,          0,          0,       1397,       1813,      200,      800,     1200,     1400,     3002,     7000,

  1729s: ( 8%)   IR =   1107 ....|.......[1741.037s][info][gc,start       ] GC(487) Pause Young (Allocation Failure)
[1741.084s][info][gc,heap        ] GC(487) PSYoungGen: 1539584K(1961472K)->98133K(2140160K) Eden: 1539584K(1539584K)->0K(1507840K) From: 0K(421888K)->98133K(632320K)
[1741.084s][info][gc,heap        ] GC(487) ParOldGen: 1119762K(4967424K)->1119762K(4967424K)
[1741.084s][info][gc,metaspace   ] GC(487) Metaspace: 29059K(29376K)->29059K(29376K) NonClass: 24167K(24256K)->24167K(24256K) Class: 4892K(5120K)->4892K(5120K)
[1741.084s][info][gc             ] GC(487) Pause Young (Allocation Failure) 2597M->1189M(6941M) 47.230ms
[1741.084s][info][gc,cpu         ] GC(487) User=0.28s Sys=0.00s Real=0.05s
...........[1752.167s][info][gc,start       ] GC(488) Pause Young (Allocation Failure)
[1752.232s][info][gc,heap        ] GC(488) PSYoungGen: 1605973K(2140160K)->163328K(2151936K) Eden: 1507840K(1507840K)->0K(1507840K) From: 98133K(632320K)->163328K(644096K)
[1752.232s][info][gc,heap        ] GC(488) ParOldGen: 1119762K(4967424K)->1119762K(4967424K)
[1752.232s][info][gc,metaspace   ] GC(488) Metaspace: 29059K(29376K)->29059K(29376K) NonClass: 24167K(24256K)->24167K(24256K) Class: 4892K(5120K)->4892K(5120K)
[1752.232s][info][gc             ] GC(488) Pause Young (Allocation Failure) 2661M->1253M(6952M) 65.351ms
[1752.232s][info][gc,cpu         ] GC(488) User=0.39s Sys=0.00s Real=0.07s
...........[1763.320s][info][gc,start       ] GC(489) Pause Young (Allocation Failure)
[1763.405s][info][gc,heap        ] GC(489) PSYoungGen: 1671168K(2151936K)->218944K(2107392K) Eden: 1507840K(1507840K)->0K(1515008K) From: 163328K(644096K)->218944K(592384K)
[1763.405s][info][gc,heap        ] GC(489) ParOldGen: 1119762K(4967424K)->1119762K(4967424K)
[1763.405s][info][gc,metaspace   ] GC(489) Metaspace: 29059K(29376K)->29059K(29376K) NonClass: 24167K(24256K)->24167K(24256K) Class: 4892K(5120K)->4892K(5120K)
[1763.405s][info][gc             ] GC(489) Pause Young (Allocation Failure) 2725M->1307M(6909M) 84.578ms
[1763.405s][info][gc,cpu         ] GC(489) User=0.50s Sys=0.00s Real=0.08s
...........[1774.628s][info][gc,start       ] GC(490) Pause Young (Allocation Failure)
[1774.726s][info][gc,heap        ] GC(490) PSYoungGen: 1733952K(2107392K)->261344K(2131968K) Eden: 1515008K(1515008K)->0K(1515008K) From: 218944K(592384K)->261344K(616960K)
[1774.726s][info][gc,heap        ] GC(490) ParOldGen: 1119762K(4967424K)->1119762K(4967424K)
[1774.726s][info][gc,metaspace   ] GC(490) Metaspace: 29059K(29376K)->29059K(29376K) NonClass: 24167K(24256K)->24167K(24256K) Class: 4892K(5120K)->4892K(5120K)
[1774.726s][info][gc             ] GC(490) Pause Young (Allocation Failure) 2786M->1348M(6933M) 97.554ms
[1774.726s][info][gc,cpu         ] GC(490) User=0.58s Sys=0.00s Real=0.09s
...........[1785.941s][info][gc,start       ] GC(491) Pause Young (Allocation Failure)
[1786.049s][info][gc,heap        ] GC(491) PSYoungGen: 1776352K(2131968K)->296384K(2127360K) Eden: 1515008K(1515008K)->0K(1589248K) From: 261344K(616960K)->296384K(538112K)
[1786.049s][info][gc,heap        ] GC(491) ParOldGen: 1119762K(4967424K)->1119762K(4967424K)
[1786.049s][info][gc,metaspace   ] GC(491) Metaspace: 29059K(29376K)->29059K(29376K) NonClass: 24167K(24256K)->24167K(24256K) Class: 4892K(5120K)->4892K(5120K)
[1786.049s][info][gc             ] GC(491) Pause Young (Allocation Failure) 2828M->1382M(6928M) 107.771ms
[1786.049s][info][gc,cpu         ] GC(491) User=0.65s Sys=0.00s Real=0.11s
......... (rIR:aIR:PR = 1107:1107:1107) (tPR = 16298) [OK] 
  1793s: Performance info:
         Transaction,    Success,    Partial,     Failed,   Receipts, AvgBarcode, 
             Overall,      66559,          0,          0,      63231,      59.49, 
         Response times:
             Request,    Success,    Partial,     Failed,   SkipFail,     Probes,    Samples,      min,      p50,      p90,      p95,      p99,      max, 
       TotalPurchase,      63231,          0,          0,          0,      61007,      66240,      300,     1200,     1700,     1800,     2300,   100000,
     InStorePurchase,      33292,          0,          0,          0,      32135,      34579,      300,     1200,     1700,     1800,     2400,   100000,
      OnlinePurchase,      23294,          0,          0,          0,      22606,      24695,      300,     1100,     1700,     1800,     2300,   100000,
        InstPurchase,       6645,          0,          0,          0,       6266,       6966,      400,     1200,     1700,     1900,     2400,    68000,
          AssocOfCat,         65,          0,          0,          0,         63,         69,    15300,    19900,    23000,    24500,    26000,    26000,
      AssocOfProduct,        668,          0,          0,          0,        566,        696,      500,     1300,     1700,     1800,     2500,     4500,
      BusinessReport,        168,          0,          0,          0,        123,        166,    18200,    27000,    30000,    31650,    92520,   122000,
          CustBuyBeh,        664,          0,          0,          0,        545,        672,      200,     1100,     1700,     1800,     2454,     6200,
       ProductReturn,       1763,          0,          0,          0,       1579,       1823,      200,      900,     1500,     1700,     2200,     7800,

  1793s: ( 9%)   IR =   1245 ...[1797.293s][info][gc,start       ] GC(492) Pause Young (Allocation Failure)
[1797.412s][info][gc,heap        ] GC(492) PSYoungGen: 1885632K(2127360K)->324832K(2151936K) Eden: 1589248K(1589248K)->0K(1589248K) From: 296384K(538112K)->324832K(562688K)
[1797.412s][info][gc,heap        ] GC(492) ParOldGen: 1119762K(4967424K)->1119762K(4967424K)
[1797.412s][info][gc,metaspace   ] GC(492) Metaspace: 29062K(29376K)->29062K(29376K) NonClass: 24169K(24256K)->24169K(24256K) Class: 4892K(5120K)->4892K(5120K)
[1797.412s][info][gc             ] GC(492) Pause Young (Allocation Failure) 2934M->1410M(6952M) 118.900ms
[1797.412s][info][gc,cpu         ] GC(492) User=0.70s Sys=0.00s Real=0.12s
..|........[1807.772s][info][gc,start       ] GC(493) Pause Young (Allocation Failure)
[1807.896s][info][gc,heap        ] GC(493) PSYoungGen: 1914080K(2151936K)->347328K(2211840K) Eden: 1589248K(1589248K)->0K(1684992K) From: 324832K(562688K)->347328K(526848K)
[1807.896s][info][gc,heap        ] GC(493) ParOldGen: 1119762K(4967424K)->1119762K(4967424K)
[1807.896s][info][gc,metaspace   ] GC(493) Metaspace: 29062K(29376K)->29062K(29376K) NonClass: 24169K(24256K)->24169K(24256K) Class: 4892K(5120K)->4892K(5120K)
[1807.896s][info][gc             ] GC(493) Pause Young (Allocation Failure) 2962M->1432M(7011M) 124.248ms
[1807.896s][info][gc,cpu         ] GC(493) User=0.74s Sys=0.00s Real=0.12s
...........[1818.899s][info][gc,start       ] GC(494) Pause Young (Allocation Failure)
[1819.032s][info][gc,heap        ] GC(494) PSYoungGen: 2032320K(2211840K)->366987K(2227712K) Eden: 1684992K(1684992K)->0K(1684992K) From: 347328K(526848K)->366987K(542720K)
[1819.032s][info][gc,heap        ] GC(494) ParOldGen: 1119762K(4967424K)->1119762K(4967424K)
[1819.032s][info][gc,metaspace   ] GC(494) Metaspace: 29062K(29376K)->29062K(29376K) NonClass: 24169K(24256K)->24169K(24256K) Class: 4892K(5120K)->4892K(5120K)
[1819.032s][info][gc             ] GC(494) Pause Young (Allocation Failure) 3078M->1451M(7026M) 132.437ms
[1819.032s][info][gc,cpu         ] GC(494) User=0.78s Sys=0.00s Real=0.13s
............[1830.115s][info][gc,start       ] GC(495) Pause Young (Allocation Failure)
[1830.248s][info][gc,heap        ] GC(495) PSYoungGen: 2051979K(2227712K)->380832K(2244096K) Eden: 1684992K(1684992K)->0K(1700352K) From: 366987K(542720K)->380832K(543744K)
[1830.248s][info][gc,heap        ] GC(495) ParOldGen: 1119762K(4967424K)->1119762K(4967424K)
[1830.248s][info][gc,metaspace   ] GC(495) Metaspace: 29062K(29376K)->29062K(29376K) NonClass: 24169K(24256K)->24169K(24256K) Class: 4892K(5120K)->4892K(5120K)
[1830.248s][info][gc             ] GC(495) Pause Young (Allocation Failure) 3097M->1465M(7042M) 133.343ms
[1830.248s][info][gc,cpu         ] GC(495) User=0.79s Sys=0.00s Real=0.14s
...........[1841.290s][info][gc,start       ] GC(496) Pause Young (Allocation Failure)
[1841.429s][info][gc,heap        ] GC(496) PSYoungGen: 2081184K(2244096K)->390496K(2091008K) Eden: 1700352K(1700352K)->0K(1700352K) From: 380832K(543744K)->390496K(390656K)
[1841.429s][info][gc,heap        ] GC(496) ParOldGen: 1119762K(4967424K)->1119762K(4967424K)
[1841.429s][info][gc,metaspace   ] GC(496) Metaspace: 29064K(29376K)->29064K(29376K) NonClass: 24171K(24256K)->24171K(24256K) Class: 4892K(5120K)->4892K(5120K)
[1841.429s][info][gc             ] GC(496) Pause Young (Allocation Failure) 3125M->1474M(6893M) 138.809ms
[1841.429s][info][gc,cpu         ] GC(496) User=0.82s Sys=0.00s Real=0.14s
...........[1852.572s][info][gc,start       ] GC(497) Pause Young (Allocation Failure)
[1852.715s][info][gc,heap        ] GC(497) PSYoungGen: 2090848K(2091008K)->399200K(2231808K) Eden: 1700352K(1700352K)->0K(1678848K) From: 390496K(390656K)->399200K(552960K)
[1852.715s][info][gc,heap        ] GC(497) ParOldGen: 1119762K(4967424K)->1119762K(4967424K)
[1852.715s][info][gc,metaspace   ] GC(497) Metaspace: 29066K(29376K)->29066K(29376K) NonClass: 24173K(24256K)->24173K(24256K) Class: 4892K(5120K)->4892K(5120K)
[1852.715s][info][gc             ] GC(497) Pause Young (Allocation Failure) 3135M->1483M(7030M) 142.539ms
[1852.715s][info][gc,cpu         ] GC(497) User=0.85s Sys=0.00s Real=0.14s
....... (rIR:aIR:PR = 1245:1245:1245) (tPR = 18445) [OK] 
  1858s: Performance info:
         Transaction,    Success,    Partial,     Failed,   Receipts, AvgBarcode, 
             Overall,      74729,          0,          0,      71000,      59.48, 
         Response times:
             Request,    Success,    Partial,     Failed,   SkipFail,     Probes,    Samples,      min,      p50,      p90,      p95,      p99,      max, 
       TotalPurchase,      71000,          0,          0,          0,      68578,      75609,      300,     1200,     1800,     2000,     3300,   146000,
     InStorePurchase,      37367,          0,          0,          0,      36183,      39758,      300,     1200,     1800,     1900,     3100,   145000,
      OnlinePurchase,      26159,          0,          0,          0,      25302,      27791,      300,     1300,     1800,     2000,     3408,   146000,
        InstPurchase,       7474,          0,          0,          0,       7093,       8060,      400,     1300,     1900,     2100,     4900,   145000,
          AssocOfCat,         75,          0,          0,          0,         74,         80,    18000,    21000,    24000,    28000,   155000,   155000,
      AssocOfProduct,        740,          0,          0,          0,        607,        744,      600,     1700,     2200,     2300,     8600,   135000,
      BusinessReport,        188,          0,          0,          0,        145,        210,    18400,    27000,    31000,    34450,    36890,    38000,
          CustBuyBeh,        749,          0,          0,          0,        644,        801,      100,      700,     1200,     1500,     2596,     3200,
       ProductReturn,       1977,          0,          0,          0,       1820,       2169,      200,     1200,     1700,     1900,     2600,   127000,

  1858s: (10%)   IR =   1384 ....[1863.356s][info][gc,start       ] GC(498) Pause Young (Allocation Failure)
[1863.498s][info][gc,heap        ] GC(498) PSYoungGen: 2078048K(2231808K)->399872K(2079232K) Eden: 1678848K(1678848K)->0K(1678848K) From: 399200K(552960K)->399872K(400384K)
[1863.498s][info][gc,heap        ] GC(498) ParOldGen: 1119762K(4967424K)->1126098K(4967424K)
[1863.498s][info][gc,metaspace   ] GC(498) Metaspace: 29066K(29376K)->29066K(29376K) NonClass: 24173K(24256K)->24173K(24256K) Class: 4892K(5120K)->4892K(5120K)
[1863.498s][info][gc             ] GC(498) Pause Young (Allocation Failure) 3122M->1490M(6881M) 142.187ms
[1863.499s][info][gc,cpu         ] GC(498) User=0.84s Sys=0.00s Real=0.15s
.|.........[1873.288s][info][gc,start       ] GC(499) Pause Young (Allocation Failure)
[1873.435s][info][gc,heap        ] GC(499) PSYoungGen: 2078720K(2079232K)->396976K(2233856K) Eden: 1678848K(1678848K)->0K(1671680K) From: 399872K(400384K)->396976K(562176K)
[1873.435s][info][gc,heap        ] GC(499) ParOldGen: 1126098K(4967424K)->1138938K(4967424K)
[1873.435s][info][gc,metaspace   ] GC(499) Metaspace: 29066K(29376K)->29066K(29376K) NonClass: 24173K(24256K)->24173K(24256K) Class: 4892K(5120K)->4892K(5120K)
[1873.435s][info][gc             ] GC(499) Pause Young (Allocation Failure) 3129M->1499M(7032M) 147.195ms
[1873.436s][info][gc,cpu         ] GC(499) User=0.88s Sys=0.00s Real=0.14s
..........[1883.275s][info][gc,start       ] GC(500) Pause Young (Allocation Failure)
[1883.416s][info][gc,heap        ] GC(500) PSYoungGen: 2068656K(2233856K)->385536K(2057728K) Eden: 1671680K(1671680K)->0K(1671680K) From: 396976K(562176K)->385536K(386048K)
[1883.416s][info][gc,heap        ] GC(500) ParOldGen: 1138938K(4967424K)->1154858K(4967424K)
[1883.416s][info][gc,metaspace   ] GC(500) Metaspace: 29066K(29376K)->29066K(29376K) NonClass: 24173K(24256K)->24173K(24256K) Class: 4892K(5120K)->4892K(5120K)
[1883.416s][info][gc             ] GC(500) Pause Young (Allocation Failure) 3132M->1504M(6860M) 141.133ms
[1883.416s][info][gc,cpu         ] GC(500) User=0.84s Sys=0.00s Real=0.14s
..........[1893.294s][info][gc,start       ] GC(501) Pause Young (Allocation Failure)
[1893.434s][info][gc,heap        ] GC(501) PSYoungGen: 2057216K(2057728K)->374112K(2237952K) Eden: 1671680K(1671680K)->0K(1681920K) From: 385536K(386048K)->374112K(556032K)
[1893.434s][info][gc,heap        ] GC(501) ParOldGen: 1154858K(4967424K)->1176114K(4967424K)
[1893.434s][info][gc,metaspace   ] GC(501) Metaspace: 29066K(29376K)->29066K(29376K) NonClass: 24173K(24256K)->24173K(24256K) Class: 4892K(5120K)->4892K(5120K)
[1893.434s][info][gc             ] GC(501) Pause Young (Allocation Failure) 3136M->1513M(7036M) 139.549ms
[1893.434s][info][gc,cpu         ] GC(501) User=0.82s Sys=0.01s Real=0.14s
..........[1903.172s][info][gc,start       ] GC(502) Pause Young (Allocation Failure)
[1903.311s][info][gc,heap        ] GC(502) PSYoungGen: 2056032K(2237952K)->359328K(2041344K) Eden: 1681920K(1681920K)->0K(1681920K) From: 374112K(556032K)->359328K(359424K)
[1903.311s][info][gc,heap        ] GC(502) ParOldGen: 1176114K(4967424K)->1204114K(4967424K)
[1903.311s][info][gc,metaspace   ] GC(502) Metaspace: 29067K(29376K)->29067K(29376K) NonClass: 24175K(24256K)->24175K(24256K) Class: 4892K(5120K)->4892K(5120K)
[1903.312s][info][gc             ] GC(502) Pause Young (Allocation Failure) 3156M->1526M(6844M) 139.232ms
[1903.312s][info][gc,cpu         ] GC(502) User=0.82s Sys=0.00s Real=0.14s
..........[1913.209s][info][gc,start       ] GC(503) Pause Young (Allocation Failure)
[1913.344s][info][gc,heap        ] GC(503) PSYoungGen: 2041248K(2041344K)->337760K(2240000K) Eden: 1681920K(1681920K)->0K(1710080K) From: 359328K(359424K)->337760K(529920K)
[1913.344s][info][gc,heap        ] GC(503) ParOldGen: 1204114K(4967424K)->1241954K(4967424K)
[1913.344s][info][gc,metaspace   ] GC(503) Metaspace: 29067K(29376K)->29067K(29376K) NonClass: 24175K(24256K)->24175K(24256K) Class: 4892K(5120K)->4892K(5120K)
[1913.344s][info][gc             ] GC(503) Pause Young (Allocation Failure) 3169M->1542M(7038M) 135.303ms
[1913.344s][info][gc,cpu         ] GC(503) User=0.81s Sys=0.00s Real=0.13s
..........[1923.223s][info][gc,start       ] GC(504) Pause Young (Allocation Failure)
[1923.353s][info][gc,heap        ] GC(504) PSYoungGen: 2047840K(2240000K)->310656K(2224128K) Eden: 1710080K(1710080K)->0K(1710080K) From: 337760K(529920K)->310656K(514048K)
[1923.353s][info][gc,heap        ] GC(504) ParOldGen: 1241954K(4967424K)->1288666K(4967424K)
[1923.353s][info][gc,metaspace   ] GC(504) Metaspace: 29067K(29376K)->29067K(29376K) NonClass: 24175K(24256K)->24175K(24256K) Class: 4892K(5120K)->4892K(5120K)
[1923.353s][info][gc             ] GC(504) Pause Young (Allocation Failure) 3212M->1561M(7023M) 129.843ms
[1923.353s][info][gc,cpu         ] GC(504) User=0.77s Sys=0.00s Real=0.13s
. (rIR:aIR:PR = 1384:1385:1385) (tPR = 20378) [OK] 
  1923s: Performance info:
         Transaction,    Success,    Partial,     Failed,   Receipts, AvgBarcode, 
             Overall,      83158,          0,          0,      78999,      59.47, 
         Response times:
             Request,    Success,    Partial,     Failed,   SkipFail,     Probes,    Samples,      min,      p50,      p90,      p95,      p99,      max, 
       TotalPurchase,      78999,          0,          0,          0,      76486,      84248,      300,     1400,     2000,     2200,     6500,   147000,
     InStorePurchase,      41564,          0,          0,          0,      40289,      44220,      300,     1300,     1900,     2100,     5900,   147000,
      OnlinePurchase,      29138,          0,          0,          0,      28370,      31301,      300,     1400,     2000,     2200,     6900,   144000,
        InstPurchase,       8297,          0,          0,          0,       7827,       8727,      400,     1500,     2000,     2200,     7372,   144000,
          AssocOfCat,         83,          0,          0,          0,         79,         89,    16400,    21000,    25000,    26500,    30000,    30000,
      AssocOfProduct,        830,          0,          0,          0,        706,        869,      500,     1500,     2200,     2400,     3400,    16100,
      BusinessReport,        207,          0,          0,          0,        152,        221,    18500,    27000,    32000,    35900,   169680,   184000,
          CustBuyBeh,        830,          0,          0,          0,        712,        893,      200,     1200,     1800,     2000,     8206,    11800,
       ProductReturn,       2209,          0,          0,          0,       2055,       2444,      200,     1200,     1900,     2200,     7000,   142000,

  1923s: (11%)   IR =   1522 .......|.[1932.629s][info][gc,start       ] GC(505) Pause Young (Allocation Failure)
[1932.751s][info][gc,heap        ] GC(505) PSYoungGen: 2020736K(2224128K)->278368K(2260480K) Eden: 1710080K(1710080K)->0K(1756672K) From: 310656K(514048K)->278368K(503808K)
[1932.751s][info][gc,heap        ] GC(505) ParOldGen: 1288666K(4967424K)->1348874K(4967424K)
[1932.751s][info][gc,metaspace   ] GC(505) Metaspace: 29068K(29376K)->29068K(29376K) NonClass: 24176K(24256K)->24176K(24256K) Class: 4892K(5120K)->4892K(5120K)
[1932.751s][info][gc             ] GC(505) Pause Young (Allocation Failure) 3231M->1589M(7058M) 122.271ms
[1932.752s][info][gc,cpu         ] GC(505) User=0.73s Sys=0.00s Real=0.12s
.........[1942.107s][info][gc,start       ] GC(506) Pause Young (Allocation Failure)
[1942.223s][info][gc,heap        ] GC(506) PSYoungGen: 2035040K(2260480K)->236704K(2255872K) Eden: 1756672K(1756672K)->0K(1756672K) From: 278368K(503808K)->236704K(499200K)
[1942.224s][info][gc,heap        ] GC(506) ParOldGen: 1348874K(4967424K)->1427106K(4967424K)
[1942.224s][info][gc,metaspace   ] GC(506) Metaspace: 29068K(29376K)->29068K(29376K) NonClass: 24176K(24256K)->24176K(24256K) Class: 4892K(5120K)->4892K(5120K)
[1942.224s][info][gc             ] GC(506) Pause Young (Allocation Failure) 3304M->1624M(7054M) 116.106ms
[1942.224s][info][gc,cpu         ] GC(506) User=0.69s Sys=0.00s Real=0.11s
..........[1951.581s][info][gc,start       ] GC(507) Pause Young (Allocation Failure)
[1951.685s][info][gc,heap        ] GC(507) PSYoungGen: 1993376K(2255872K)->179840K(2279936K) Eden: 1756672K(1756672K)->0K(1779200K) From: 236704K(499200K)->179840K(500736K)
[1951.685s][info][gc,heap        ] GC(507) ParOldGen: 1427106K(4967424K)->1528562K(4967424K)
[1951.685s][info][gc,metaspace   ] GC(507) Metaspace: 29068K(29376K)->29068K(29376K) NonClass: 24176K(24256K)->24176K(24256K) Class: 4892K(5120K)->4892K(5120K)
[1951.685s][info][gc             ] GC(507) Pause Young (Allocation Failure) 3340M->1668M(7077M) 104.642ms
[1951.686s][info][gc,cpu         ] GC(507) User=0.62s Sys=0.00s Real=0.10s
.........[1961.145s][info][gc,start       ] GC(508) Pause Young (Allocation Failure)
[1961.238s][info][gc,heap        ] GC(508) PSYoungGen: 1959040K(2279936K)->108736K(1888256K) Eden: 1779200K(1779200K)->0K(1779200K) From: 179840K(500736K)->108736K(109056K)
[1961.238s][info][gc,heap        ] GC(508) ParOldGen: 1528562K(4967424K)->1663490K(4967424K)
[1961.238s][info][gc,metaspace   ] GC(508) Metaspace: 29068K(29376K)->29068K(29376K) NonClass: 24176K(24256K)->24176K(24256K) Class: 4892K(5120K)->4892K(5120K)
[1961.238s][info][gc             ] GC(508) Pause Young (Allocation Failure) 3405M->1730M(6695M) 93.278ms
[1961.238s][info][gc,cpu         ] GC(508) User=0.56s Sys=0.00s Real=0.10s
..........[1970.755s][info][gc,start       ] GC(509) Pause Young (Allocation Failure)
[1970.830s][info][gc,heap        ] GC(509) PSYoungGen: 1887936K(1888256K)->104384K(2253824K) Eden: 1779200K(1779200K)->0K(1730048K) From: 108736K(109056K)->104384K(523776K)
[1970.830s][info][gc,heap        ] GC(509) ParOldGen: 1663490K(4967424K)->1741578K(4967424K)
[1970.830s][info][gc,metaspace   ] GC(509) Metaspace: 29068K(29376K)->29068K(29376K) NonClass: 24176K(24256K)->24176K(24256K) Class: 4892K(5120K)->4892K(5120K)
[1970.830s][info][gc             ] GC(509) Pause Young (Allocation Failure) 3468M->1802M(7052M) 75.034ms
[1970.830s][info][gc,cpu         ] GC(509) User=0.44s Sys=0.00s Real=0.08s
.........[1979.986s][info][gc,start       ] GC(510) Pause Young (Allocation Failure)
[1980.061s][info][gc,heap        ] GC(510) PSYoungGen: 1834432K(2253824K)->101888K(1831936K) Eden: 1730048K(1730048K)->0K(1730048K) From: 104384K(523776K)->101888K(101888K)
[1980.061s][info][gc,heap        ] GC(510) ParOldGen: 1741578K(4967424K)->1820018K(4967424K)
[1980.061s][info][gc,metaspace   ] GC(510) Metaspace: 29068K(29376K)->29068K(29376K) NonClass: 24176K(24256K)->24176K(24256K) Class: 4892K(5120K)->4892K(5120K)
[1980.061s][info][gc             ] GC(510) Pause Young (Allocation Failure) 3492M->1876M(6640M) 74.940ms
[1980.061s][info][gc,cpu         ] GC(510) User=0.44s Sys=0.00s Real=0.08s
..........[1989.358s][info][gc,start       ] GC(511) Pause Young (Allocation Failure)
[1989.431s][info][gc,heap        ] GC(511) PSYoungGen: 1831936K(1831936K)->101216K(2260992K) Eden: 1730048K(1730048K)->0K(1724928K) From: 101888K(101888K)->101216K(536064K)
[1989.431s][info][gc,heap        ] GC(511) ParOldGen: 1820018K(4967424K)->1895810K(4967424K)
[1989.431s][info][gc,metaspace   ] GC(511) Metaspace: 29068K(29376K)->29068K(29376K) NonClass: 24176K(24256K)->24176K(24256K) Class: 4892K(5120K)->4892K(5120K)
[1989.431s][info][gc             ] GC(511) Pause Young (Allocation Failure) 3566M->1950M(7059M) 73.126ms
[1989.431s][info][gc,cpu         ] GC(511) User=0.43s Sys=0.00s Real=0.07s
.. (rIR:aIR:PR = 1522:1522:1522) (tPR = 22784) [OK] 
  1991s: Performance info:
         Transaction,    Success,    Partial,     Failed,   Receipts, AvgBarcode, 
             Overall,      91497,          0,          0,      86927,      59.47, 
         Response times:
             Request,    Success,    Partial,     Failed,   SkipFail,     Probes,    Samples,      min,      p50,      p90,      p95,      p99,      max, 
       TotalPurchase,      86927,          0,          0,          0,      84484,      95792,      300,     1500,     2100,     2300,     3500,   126000,
     InStorePurchase,      45751,          0,          0,          0,      44670,      50437,      300,     1500,     2200,     2400,     3500,   126000,
      OnlinePurchase,      32021,          0,          0,          0,      31129,      35337,      300,     1500,     2100,     2300,     3700,   125000,
        InstPurchase,       9155,          0,          0,          0,       8685,      10018,      400,     1300,     2000,     2200,     3200,   126000,
          AssocOfCat,         91,          0,          0,          0,         91,        102,    16600,    22000,    25000,    27850,    35820,    36000,
      AssocOfProduct,        912,          0,          0,          0,        790,       1044,      600,     1400,     2000,     2200,     3865,   107000,
      BusinessReport,        226,          0,          0,          0,        157,        228,    19400,    28000,    32000,    34000,   105300,   135000,
          CustBuyBeh,        911,          0,          0,          0,        805,       1021,      200,     1300,     2100,     2400,     3434,   117000,
       ProductReturn,       2430,          0,          0,          0,       2219,       2631,      200,     1400,     2100,     2300,     4272,   124000,

  1991s: (12%)   IR =   1660 ......[1998.198s][info][gc,start       ] GC(512) Pause Young (Allocation Failure)
[1998.273s][info][gc,heap        ] GC(512) PSYoungGen: 1826144K(2260992K)->108624K(1833984K) Eden: 1724928K(1724928K)->0K(1724928K) From: 101216K(536064K)->108624K(109056K)
[1998.273s][info][gc,heap        ] GC(512) ParOldGen: 1895810K(4967424K)->1972066K(4967424K)
[1998.273s][info][gc,metaspace   ] GC(512) Metaspace: 29068K(29376K)->29068K(29376K) NonClass: 24176K(24256K)->24176K(24256K) Class: 4892K(5120K)->4892K(5120K)
[1998.273s][info][gc             ] GC(512) Pause Young (Allocation Failure) 3634M->2031M(6642M) 75.423ms
[1998.273s][info][gc,cpu         ] GC(512) User=0.45s Sys=0.00s Real=0.07s
..|.......[2006.746s][info][gc,start       ] GC(513) Pause Young (Allocation Failure)
[2006.820s][info][gc,heap        ] GC(513) PSYoungGen: 1833552K(1833984K)->101248K(2260992K) Eden: 1724928K(1724928K)->0K(1733120K) From: 108624K(109056K)->101248K(527872K)
[2006.820s][info][gc,heap        ] GC(513) ParOldGen: 1972066K(4967424K)->2049690K(4967424K)
[2006.820s][info][gc,metaspace   ] GC(513) Metaspace: 29068K(29376K)->29068K(29376K) NonClass: 24176K(24256K)->24176K(24256K) Class: 4892K(5120K)->4892K(5120K)
[2006.820s][info][gc             ] GC(513) Pause Young (Allocation Failure) 3716M->2100M(7059M) 73.583ms
[2006.820s][info][gc,cpu         ] GC(513) User=0.43s Sys=0.00s Real=0.08s
.........[2015.294s][info][gc,start       ] GC(514) Pause Young (Allocation Failure)
[2015.367s][info][gc,heap        ] GC(514) PSYoungGen: 1834368K(2260992K)->101440K(2252800K) Eden: 1733120K(1733120K)->0K(1733120K) From: 101248K(527872K)->101440K(519680K)
[2015.367s][info][gc,heap        ] GC(514) ParOldGen: 2049690K(4967424K)->2125930K(4967424K)
[2015.367s][info][gc,metaspace   ] GC(514) Metaspace: 29068K(29376K)->29068K(29376K) NonClass: 24176K(24256K)->24176K(24256K) Class: 4892K(5120K)->4892K(5120K)
[2015.367s][info][gc             ] GC(514) Pause Young (Allocation Failure) 3793M->2175M(7051M) 73.641ms
[2015.367s][info][gc,cpu         ] GC(514) User=0.43s Sys=0.00s Real=0.07s
........[2023.799s][info][gc,start       ] GC(515) Pause Young (Allocation Failure)
[2023.873s][info][gc,heap        ] GC(515) PSYoungGen: 1834560K(2252800K)->100544K(2263552K) Eden: 1733120K(1733120K)->0K(1761280K) From: 101440K(519680K)->100544K(502272K)
[2023.873s][info][gc,heap        ] GC(515) ParOldGen: 2125930K(4967424K)->2203074K(4967424K)
[2023.873s][info][gc,metaspace   ] GC(515) Metaspace: 29068K(29376K)->29068K(29376K) NonClass: 24176K(24256K)->24176K(24256K) Class: 4892K(5120K)->4892K(5120K)
[2023.873s][info][gc             ] GC(515) Pause Young (Allocation Failure) 3867M->2249M(7061M) 73.882ms
[2023.873s][info][gc,cpu         ] GC(515) User=0.43s Sys=0.00s Real=0.07s
......[2030.025s][info][gc,start       ] GC(516) Pause Full (Diagnostic Command)
[2030.025s][info][gc,phases,start] GC(516) Marking Phase
[2030.301s][info][gc,phases      ] GC(516) Marking Phase 275.374ms
[2030.301s][info][gc,phases,start] GC(516) Summary Phase
[2030.301s][info][gc,phases      ] GC(516) Summary Phase 0.048ms
[2030.301s][info][gc,phases,start] GC(516) Forward
[2030.453s][info][gc,phases      ] GC(516) Forward 152.381ms
[2030.453s][info][gc,phases,start] GC(516) Adjust Pointers
[2030.646s][info][gc,phases      ] GC(516) Adjust Pointers 192.908ms
[2030.646s][info][gc,phases,start] GC(516) Compaction Phase
[2030.810s][info][gc,phases      ] GC(516) Compaction Phase 164.030ms
[2030.813s][info][gc,phases,start] GC(516) Post Compact
[2030.816s][info][gc,phases      ] GC(516) Post Compact 3.253ms
[2030.816s][info][gc,heap        ] GC(516) PSYoungGen: 1355223K(2263552K)->0K(2263552K) Eden: 1254679K(1761280K)->0K(1761280K) From: 100544K(502272K)->0K(502272K)
[2030.816s][info][gc,heap        ] GC(516) ParOldGen: 2203074K(4967424K)->1122855K(4967424K)
[2030.816s][info][gc,metaspace   ] GC(516) Metaspace: 29068K(29376K)->29068K(29376K) NonClass: 24176K(24256K)->24176K(24256K) Class: 4892K(5120K)->4892K(5120K)
[2030.816s][info][gc             ] GC(516) Pause Full (Diagnostic Command) 3474M->1096M(7061M) 790.725ms
[2030.816s][info][gc,cpu         ] GC(516) User=4.24s Sys=0.00s Real=0.79s
........[2038.670s][info][gc,start       ] GC(517) Pause Young (Allocation Failure)
[2038.717s][info][gc,heap        ] GC(517) PSYoungGen: 1761280K(2263552K)->102720K(2256896K) Eden: 1761280K(1761280K)->0K(1761280K) From: 0K(502272K)->102720K(495616K)
[2038.717s][info][gc,heap        ] GC(517) ParOldGen: 1122855K(4967424K)->1122855K(4967424K)
[2038.717s][info][gc,metaspace   ] GC(517) Metaspace: 29068K(29376K)->29068K(29376K) NonClass: 24176K(24256K)->24176K(24256K) Class: 4892K(5120K)->4892K(5120K)
[2038.717s][info][gc             ] GC(517) Pause Young (Allocation Failure) 2816M->1196M(7055M) 47.493ms
[2038.717s][info][gc,cpu         ] GC(517) User=0.28s Sys=0.00s Real=0.05s
.........[2047.451s][info][gc,start       ] GC(518) Pause Young (Allocation Failure)
[2047.524s][info][gc,heap        ] GC(518) PSYoungGen: 1864000K(2256896K)->178624K(2265600K) Eden: 1761280K(1761280K)->0K(1819648K) From: 102720K(495616K)->178624K(445952K)
[2047.524s][info][gc,heap        ] GC(518) ParOldGen: 1122855K(4967424K)->1122855K(4967424K)
[2047.524s][info][gc,metaspace   ] GC(518) Metaspace: 29068K(29376K)->29068K(29376K) NonClass: 24176K(24256K)->24176K(24256K) Class: 4892K(5120K)->4892K(5120K)
[2047.524s][info][gc             ] GC(518) Pause Young (Allocation Failure) 2916M->1270M(7063M) 72.552ms
[2047.524s][info][gc,cpu         ] GC(518) User=0.43s Sys=0.00s Real=0.07s
.........[2056.400s][info][gc,start       ] GC(519) Pause Young (Allocation Failure)
[2056.493s][info][gc,heap        ] GC(519) PSYoungGen: 1998272K(2265600K)->240688K(2272256K) Eden: 1819648K(1819648K)->0K(1819648K) From: 178624K(445952K)->240688K(452608K)
[2056.493s][info][gc,heap        ] GC(519) ParOldGen: 1122855K(4967424K)->1122855K(4967424K)
[2056.493s][info][gc,metaspace   ] GC(519) Metaspace: 29068K(29376K)->29068K(29376K) NonClass: 24176K(24256K)->24176K(24256K) Class: 4892K(5120K)->4892K(5120K)
[2056.493s][info][gc             ] GC(519) Pause Young (Allocation Failure) 3047M->1331M(7070M) 93.427ms
[2056.493s][info][gc,cpu         ] GC(519) User=0.55s Sys=0.00s Real=0.09s
.... (rIR:aIR:PR = 1660:1660:1660) (tPR = 24685) [OK] 
  2059s: Performance info:
         Transaction,    Success,    Partial,     Failed,   Receipts, AvgBarcode, 
             Overall,     100551,          0,          0,      95521,      59.47, 
         Response times:
             Request,    Success,    Partial,     Failed,   SkipFail,     Probes,    Samples,      min,      p50,      p90,      p95,      p99,      max, 
       TotalPurchase,      95521,          0,          0,          0,      92722,     106691,      300,     1500,     2300,     2500,    78000,   148000,
     InStorePurchase,      50275,          0,          0,          0,      48965,      56037,      300,     1600,     2300,     2500,    84000,   148000,
      OnlinePurchase,      35193,          0,          0,          0,      34210,      39518,      300,     1500,     2300,     2500,    76000,   138000,
        InstPurchase,      10053,          0,          0,          0,       9547,      11136,      400,     1400,     2300,     2600,    74000,   135000,
          AssocOfCat,         98,          0,          0,          0,         95,        112,    16000,    21000,    25000,    26000,   145840,   150000,
      AssocOfProduct,       1002,          0,          0,          0,        877,       1141,      300,     1100,     1700,     2000,    73000,   112000,
      BusinessReport,        255,          0,          0,          0,        183,        243,    18100,    26000,    31000,    33800,    58400,   105000,
          CustBuyBeh,       1009,          0,          0,          0,        916,       1171,      200,     1100,     1900,     2200,    76000,   112000,
       ProductReturn,       2666,          0,          0,          0,       2449,       3002,      200,     1600,     2300,     2500,    59700,   128000,

  2059s: (13%)   IR =   1799 ....[2064.827s][info][gc,start       ] GC(520) Pause Young (Allocation Failure)
[2064.933s][info][gc,heap        ] GC(520) PSYoungGen: 2060336K(2272256K)->241856K(2330624K) Eden: 1819648K(1819648K)->0K(1896960K) From: 240688K(452608K)->241856K(433664K)
[2064.933s][info][gc,heap        ] GC(520) ParOldGen: 1122855K(4967424K)->1167223K(4967424K)
[2064.933s][info][gc,metaspace   ] GC(520) Metaspace: 29070K(29440K)->29070K(29440K) NonClass: 24178K(24320K)->24178K(24320K) Class: 4892K(5120K)->4892K(5120K)
[2064.933s][info][gc             ] GC(520) Pause Young (Allocation Failure) 3108M->1376M(7127M) 105.845ms
[2064.933s][info][gc,cpu         ] GC(520) User=0.63s Sys=0.00s Real=0.11s
....|.....[2073.508s][info][gc,start       ] GC(521) Pause Young (Allocation Failure)
[2073.615s][info][gc,heap        ] GC(521) PSYoungGen: 2138816K(2330624K)->245312K(2337280K) Eden: 1896960K(1896960K)->0K(1896960K) From: 241856K(433664K)->245312K(440320K)
[2073.615s][info][gc,heap        ] GC(521) ParOldGen: 1167223K(4967424K)->1210887K(4967424K)
[2073.615s][info][gc,metaspace   ] GC(521) Metaspace: 29070K(29440K)->29070K(29440K) NonClass: 24178K(24320K)->24178K(24320K) Class: 4892K(5120K)->4892K(5120K)
[2073.615s][info][gc             ] GC(521) Pause Young (Allocation Failure) 3228M->1422M(7133M) 107.164ms
[2073.615s][info][gc,cpu         ] GC(521) User=0.63s Sys=0.00s Real=0.10s
.........[2082.228s][info][gc,start       ] GC(522) Pause Young (Allocation Failure)
[2082.336s][info][gc,heap        ] GC(522) PSYoungGen: 2142272K(2337280K)->191200K(2312192K) Eden: 1896960K(1896960K)->0K(1921536K) From: 245312K(440320K)->191200K(390656K)
[2082.336s][info][gc,heap        ] GC(522) ParOldGen: 1210887K(4967424K)->1311919K(4967424K)
[2082.336s][info][gc,metaspace   ] GC(522) Metaspace: 29070K(29440K)->29070K(29440K) NonClass: 24178K(24320K)->24178K(24320K) Class: 4892K(5120K)->4892K(5120K)
[2082.336s][info][gc             ] GC(522) Pause Young (Allocation Failure) 3274M->1467M(7109M) 107.290ms
[2082.336s][info][gc,cpu         ] GC(522) User=0.64s Sys=0.00s Real=0.10s
.........[2091.009s][info][gc,start       ] GC(523) Pause Young (Allocation Failure)
[2091.107s][info][gc,heap        ] GC(523) PSYoungGen: 2112736K(2312192K)->116885K(2334208K) Eden: 1921536K(1921536K)->0K(1921536K) From: 191200K(390656K)->116885K(412672K)
[2091.107s][info][gc,heap        ] GC(523) ParOldGen: 1311919K(4967424K)->1453191K(4967424K)
[2091.107s][info][gc,metaspace   ] GC(523) Metaspace: 29070K(29440K)->29070K(29440K) NonClass: 24178K(24320K)->24178K(24320K) Class: 4892K(5120K)->4892K(5120K)
[2091.107s][info][gc             ] GC(523) Pause Young (Allocation Failure) 3344M->1533M(7130M) 97.784ms
[2091.107s][info][gc,cpu         ] GC(523) User=0.58s Sys=0.00s Real=0.09s
........[2099.802s][info][gc,start       ] GC(524) Pause Young (Allocation Failure)
[2099.879s][info][gc,heap        ] GC(524) PSYoungGen: 2038421K(2334208K)->112064K(2359296K) Eden: 1921536K(1921536K)->0K(1978368K) From: 116885K(412672K)->112064K(380928K)
[2099.879s][info][gc,heap        ] GC(524) ParOldGen: 1453191K(4967424K)->1534063K(4967424K)
[2099.879s][info][gc,metaspace   ] GC(524) Metaspace: 29070K(29440K)->29070K(29440K) NonClass: 24178K(24320K)->24178K(24320K) Class: 4892K(5120K)->4892K(5120K)
[2099.879s][info][gc             ] GC(524) Pause Young (Allocation Failure) 3409M->1607M(7155M) 77.519ms
[2099.879s][info][gc,cpu         ] GC(524) User=0.47s Sys=0.00s Real=0.08s
.........[2108.675s][info][gc,start       ] GC(525) Pause Young (Allocation Failure)
[2108.753s][info][gc,heap        ] GC(525) PSYoungGen: 2090432K(2359296K)->113152K(2375168K) Eden: 1978368K(1978368K)->0K(1978368K) From: 112064K(380928K)->113152K(396800K)
[2108.753s][info][gc,heap        ] GC(525) ParOldGen: 1534063K(4967424K)->1615439K(4967424K)
[2108.753s][info][gc,metaspace   ] GC(525) Metaspace: 29070K(29440K)->29070K(29440K) NonClass: 24178K(24320K)->24178K(24320K) Class: 4892K(5120K)->4892K(5120K)
[2108.753s][info][gc             ] GC(525) Pause Young (Allocation Failure) 3539M->1688M(7170M) 78.677ms
[2108.753s][info][gc,cpu         ] GC(525) User=0.47s Sys=0.00s Real=0.08s
.........[2117.809s][info][gc,start       ] GC(526) Pause Young (Allocation Failure)
[2117.888s][info][gc,heap        ] GC(526) PSYoungGen: 2091520K(2375168K)->115904K(2371072K) Eden: 1978368K(1978368K)->0K(2011648K) From: 113152K(396800K)->115904K(359424K)
[2117.888s][info][gc,heap        ] GC(526) ParOldGen: 1615439K(4967424K)->1696735K(4967424K)
[2117.888s][info][gc,metaspace   ] GC(526) Metaspace: 29070K(29440K)->29070K(29440K) NonClass: 24178K(24320K)->24178K(24320K) Class: 4892K(5120K)->4892K(5120K)
[2117.888s][info][gc             ] GC(526) Pause Young (Allocation Failure) 3620M->1770M(7166M) 79.217ms
[2117.888s][info][gc,cpu         ] GC(526) User=0.47s Sys=0.00s Real=0.08s
..........[2127.024s][info][gc,start       ] GC(527) Pause Young (Allocation Failure)
[2127.105s][info][gc,heap        ] GC(527) PSYoungGen: 2127552K(2371072K)->120544K(2388480K) Eden: 2011648K(2011648K)->0K(2011648K) From: 115904K(359424K)->120544K(376832K)
[2127.105s][info][gc,heap        ] GC(527) ParOldGen: 1696735K(4967424K)->1779231K(4967424K)
[2127.105s][info][gc,metaspace   ] GC(527) Metaspace: 29070K(29440K)->29070K(29440K) NonClass: 24178K(24320K)->24178K(24320K) Class: 4892K(5120K)->4892K(5120K)
[2127.105s][info][gc             ] GC(527) Pause Young (Allocation Failure) 3734M->1855M(7183M) 81.443ms
[2127.105s][info][gc,cpu         ] GC(527) User=0.49s Sys=0.00s Real=0.08s
. (rIR:aIR:PR = 1799:1800:1800) (tPR = 26784) [OK] 
  2127s: Performance info:
         Transaction,    Success,    Partial,     Failed,   Receipts, AvgBarcode, 
             Overall,     108027,          0,          0,     102624,      59.47, 
         Response times:
             Request,    Success,    Partial,     Failed,   SkipFail,     Probes,    Samples,      min,      p50,      p90,      p95,      p99,      max, 
       TotalPurchase,     102624,          0,          0,          0,      99775,     114654,      300,     1600,     2300,     2600,     4100,   113000,
     InStorePurchase,      54033,          0,          0,          0,      52844,      60565,      300,     1600,     2300,     2500,     4000,   112000,
      OnlinePurchase,      37790,          0,          0,          0,      36635,      42079,      300,     1600,     2400,     2600,     4400,   113000,
        InstPurchase,      10801,          0,          0,          0,      10296,      12010,      400,     1700,     2400,     2600,     3700,   111000,
          AssocOfCat,        107,          0,          0,          0,        106,        122,    16000,    19650,    26700,    31550,    40850,    42000,
      AssocOfProduct,       1081,          0,          0,          0,        954,       1181,      500,     1100,     1800,     2000,     2800,   100000,
      BusinessReport,        270,          0,          0,          0,        210,        315,    18000,    25000,    31000,    34200,    40520,   125000,
          CustBuyBeh,       1079,          0,          0,          0,        942,       1213,      200,     1100,     1900,     2200,     3286,     8800,
       ProductReturn,       2866,          0,          0,          0,       2633,       3166,      200,     1800,     2400,     2600,     3800,   110000,

  2127s: (14%)   IR =   1937 ......|.[2135.639s][info][gc,start       ] GC(528) Pause Young (Allocation Failure)
[2135.721s][info][gc,heap        ] GC(528) PSYoungGen: 2132192K(2388480K)->117120K(2390528K) Eden: 2011648K(2011648K)->0K(2054656K) From: 120544K(376832K)->117120K(335872K)
[2135.721s][info][gc,heap        ] GC(528) ParOldGen: 1779231K(4967424K)->1865919K(4967424K)
[2135.721s][info][gc,metaspace   ] GC(528) Metaspace: 29070K(29440K)->29070K(29440K) NonClass: 24178K(24320K)->24178K(24320K) Class: 4892K(5120K)->4892K(5120K)
[2135.721s][info][gc             ] GC(528) Pause Young (Allocation Failure) 3819M->1936M(7185M) 82.321ms
[2135.721s][info][gc,cpu         ] GC(528) User=0.49s Sys=0.00s Real=0.08s
.........[2144.334s][info][gc,start       ] GC(529) Pause Young (Allocation Failure)
[2144.416s][info][gc,heap        ] GC(529) PSYoungGen: 2171776K(2390528K)->117728K(2407424K) Eden: 2054656K(2054656K)->0K(2054656K) From: 117120K(335872K)->117728K(352768K)
[2144.416s][info][gc,heap        ] GC(529) ParOldGen: 1865919K(4967424K)->1949251K(4967424K)
[2144.416s][info][gc,metaspace   ] GC(529) Metaspace: 29070K(29440K)->29070K(29440K) NonClass: 24178K(24320K)->24178K(24320K) Class: 4892K(5120K)->4892K(5120K)
[2144.416s][info][gc             ] GC(529) Pause Young (Allocation Failure) 3943M->2018M(7202M) 82.372ms
[2144.416s][info][gc,cpu         ] GC(529) User=0.49s Sys=0.00s Real=0.08s
.........[2153.051s][info][gc,start       ] GC(530) Pause Young (Allocation Failure)
[2153.131s][info][gc,heap        ] GC(530) PSYoungGen: 2172384K(2407424K)->119168K(2414080K) Eden: 2054656K(2054656K)->0K(2102784K) From: 117728K(352768K)->119168K(311296K)
[2153.131s][info][gc,heap        ] GC(530) ParOldGen: 1949251K(4967424K)->2033291K(4967424K)
[2153.131s][info][gc,metaspace   ] GC(530) Metaspace: 29070K(29440K)->29070K(29440K) NonClass: 24178K(24320K)->24178K(24320K) Class: 4892K(5120K)->4892K(5120K)
[2153.131s][info][gc             ] GC(530) Pause Young (Allocation Failure) 4025M->2102M(7208M) 80.232ms
[2153.131s][info][gc,cpu         ] GC(530) User=0.48s Sys=0.00s Real=0.08s
........[2161.990s][info][gc,start       ] GC(531) Pause Young (Allocation Failure)
[2162.074s][info][gc,heap        ] GC(531) PSYoungGen: 2221952K(2414080K)->123232K(2430976K) Eden: 2102784K(2102784K)->0K(2102784K) From: 119168K(311296K)->123232K(328192K)
[2162.074s][info][gc,heap        ] GC(531) ParOldGen: 2033291K(4967424K)->2116875K(4967424K)
[2162.074s][info][gc,metaspace   ] GC(531) Metaspace: 29070K(29440K)->29070K(29440K) NonClass: 24178K(24320K)->24178K(24320K) Class: 4892K(5120K)->4892K(5120K)
[2162.074s][info][gc             ] GC(531) Pause Young (Allocation Failure) 4155M->2187M(7225M) 84.143ms
[2162.074s][info][gc,cpu         ] GC(531) User=0.50s Sys=0.00s Real=0.08s
.........[2170.849s][info][gc,start       ] GC(532) Pause Young (Allocation Failure)
[2170.932s][info][gc,heap        ] GC(532) PSYoungGen: 2226016K(2430976K)->120288K(2439680K) Eden: 2102784K(2102784K)->0K(2151936K) From: 123232K(328192K)->120288K(287744K)
[2170.932s][info][gc,heap        ] GC(532) ParOldGen: 2116875K(4967424K)->2201019K(4967424K)
[2170.932s][info][gc,metaspace   ] GC(532) Metaspace: 29070K(29440K)->29070K(29440K) NonClass: 24178K(24320K)->24178K(24320K) Class: 4892K(5120K)->4892K(5120K)
[2170.932s][info][gc             ] GC(532) Pause Young (Allocation Failure) 4241M->2266M(7233M) 83.511ms
[2170.932s][info][gc,cpu         ] GC(532) User=0.49s Sys=0.00s Real=0.08s
.........[2179.828s][info][gc,start       ] GC(533) Pause Young (Allocation Failure)
[2179.911s][info][gc,heap        ] GC(533) PSYoungGen: 2272224K(2439680K)->121856K(2456064K) Eden: 2151936K(2151936K)->0K(2151936K) From: 120288K(287744K)->121856K(304128K)
[2179.911s][info][gc,heap        ] GC(533) ParOldGen: 2201019K(4967424K)->2285499K(4967424K)
[2179.911s][info][gc,metaspace   ] GC(533) Metaspace: 29070K(29440K)->29070K(29440K) NonClass: 24178K(24320K)->24178K(24320K) Class: 4892K(5120K)->4892K(5120K)
[2179.911s][info][gc             ] GC(533) Pause Young (Allocation Failure) 4368M->2350M(7249M) 82.897ms
[2179.911s][info][gc,cpu         ] GC(533) User=0.50s Sys=0.00s Real=0.08s
.........[2188.948s][info][gc,start       ] GC(534) Pause Young (Allocation Failure)
[2189.035s][info][gc,heap        ] GC(534) PSYoungGen: 2273792K(2456064K)->127316K(2463744K) Eden: 2151936K(2151936K)->0K(2199552K) From: 121856K(304128K)->127316K(264192K)
[2189.035s][info][gc,heap        ] GC(534) ParOldGen: 2285499K(4967424K)->2371019K(4967424K)
[2189.035s][info][gc,metaspace   ] GC(534) Metaspace: 29070K(29440K)->29070K(29440K) NonClass: 24178K(24320K)->24178K(24320K) Class: 4892K(5120K)->4892K(5120K)
[2189.035s][info][gc             ] GC(534) Pause Young (Allocation Failure) 4452M->2439M(7257M) 86.767ms
[2189.035s][info][gc,cpu         ] GC(534) User=0.51s Sys=0.01s Real=0.08s
...... (rIR:aIR:PR = 1937:1936:1936) (tPR = 28569) [OK] 
  2193s: Performance info:
         Transaction,    Success,    Partial,     Failed,   Receipts, AvgBarcode, 
             Overall,     116366,          0,          0,     110543,      59.48, 
         Response times:
             Request,    Success,    Partial,     Failed,   SkipFail,     Probes,    Samples,      min,      p50,      p90,      p95,      p99,      max, 
       TotalPurchase,     110543,          0,          0,          0,     107784,     120251,      300,     1700,     2500,     2700,     3600,    93000,
     InStorePurchase,      58176,          0,          0,          0,      56818,      63047,      300,     1600,     2400,     2700,     3500,    91000,
      OnlinePurchase,      40740,          0,          0,          0,      39779,      44453,      300,     1700,     2500,     2700,     3700,    93000,
        InstPurchase,      11627,          0,          0,          0,      11187,      12751,      400,     1800,     2500,     2700,     3900,    91000,
          AssocOfCat,        118,          0,          0,          0,        107,        128,    16000,    19900,    25000,    26550,    33420,    34000,
      AssocOfProduct,       1158,          0,          0,          0,       1010,       1258,      500,     1000,     1600,     1900,     2341,     3700,
      BusinessReport,        293,          0,          0,          0,        211,        280,    18700,    26000,    32000,    34000,    46380,   110000,
          CustBuyBeh,       1161,          0,          0,          0,        997,       1194,      200,     1600,     2500,     2700,     3300,    10600,
       ProductReturn,       3093,          0,          0,          0,       2875,       3390,      200,     1000,     2000,     2200,     3209,    86000,

  2193s: (15%)   IR =   2076 ...[2198.031s][info][gc,start       ] GC(535) Pause Young (Allocation Failure)
[2198.116s][info][gc,heap        ] GC(535) PSYoungGen: 2326868K(2463744K)->126528K(2480128K) Eden: 2199552K(2199552K)->0K(2199552K) From: 127316K(264192K)->126528K(280576K)
[2198.116s][info][gc,heap        ] GC(535) ParOldGen: 2371019K(4967424K)->2456163K(4967424K)
[2198.116s][info][gc,metaspace   ] GC(535) Metaspace: 29073K(29504K)->29073K(29504K) NonClass: 24180K(24384K)->24180K(24384K) Class: 4892K(5120K)->4892K(5120K)
[2198.116s][info][gc             ] GC(535) Pause Young (Allocation Failure) 4587M->2522M(7273M) 84.918ms
[2198.116s][info][gc,cpu         ] GC(535) User=0.50s Sys=0.00s Real=0.08s
....|.....[2206.671s][info][gc,start       ] GC(536) Pause Young (Allocation Failure)
[2206.758s][info][gc,heap        ] GC(536) PSYoungGen: 2326080K(2480128K)->129556K(2488832K) Eden: 2199552K(2199552K)->0K(2246144K) From: 126528K(280576K)->129556K(242688K)
[2206.758s][info][gc,heap        ] GC(536) ParOldGen: 2456163K(4967424K)->2544179K(4967424K)
[2206.758s][info][gc,metaspace   ] GC(536) Metaspace: 29073K(29504K)->29073K(29504K) NonClass: 24180K(24384K)->24180K(24384K) Class: 4892K(5120K)->4892K(5120K)
[2206.758s][info][gc             ] GC(536) Pause Young (Allocation Failure) 4670M->2611M(7281M) 87.710ms
[2206.758s][info][gc,cpu         ] GC(536) User=0.52s Sys=0.00s Real=0.09s
.........[2215.473s][info][gc,start       ] GC(537) Pause Young (Allocation Failure)
[2215.559s][info][gc,heap        ] GC(537) PSYoungGen: 2375700K(2488832K)->125472K(2504704K) Eden: 2246144K(2246144K)->0K(2246144K) From: 129556K(242688K)->125472K(258560K)
[2215.559s][info][gc,heap        ] GC(537) ParOldGen: 2544179K(4967424K)->2630211K(4967424K)
[2215.559s][info][gc,metaspace   ] GC(537) Metaspace: 29073K(29504K)->29073K(29504K) NonClass: 24180K(24384K)->24180K(24384K) Class: 4892K(5120K)->4892K(5120K)
[2215.559s][info][gc             ] GC(537) Pause Young (Allocation Failure) 4804M->2691M(7297M) 86.162ms
[2215.559s][info][gc,cpu         ] GC(537) User=0.51s Sys=0.01s Real=0.09s
.........[2224.374s][info][gc,start       ] GC(538) Pause Young (Allocation Failure)
[2224.462s][info][gc,heap        ] GC(538) PSYoungGen: 2371616K(2504704K)->127360K(2512896K) Eden: 2246144K(2246144K)->0K(2288640K) From: 125472K(258560K)->127360K(224256K)
[2224.462s][info][gc,heap        ] GC(538) ParOldGen: 2630211K(4967424K)->2717323K(4967424K)
[2224.462s][info][gc,metaspace   ] GC(538) Metaspace: 29073K(29504K)->29073K(29504K) NonClass: 24180K(24384K)->24180K(24384K) Class: 4892K(5120K)->4892K(5120K)
[2224.462s][info][gc             ] GC(538) Pause Young (Allocation Failure) 4884M->2778M(7305M) 88.493ms
[2224.462s][info][gc,cpu         ] GC(538) User=0.52s Sys=0.00s Real=0.09s
.........[2233.502s][info][gc,start       ] GC(539) Pause Young (Allocation Failure)
[2233.598s][info][gc,heap        ] GC(539) PSYoungGen: 2416000K(2512896K)->140640K(2528256K) Eden: 2288640K(2288640K)->0K(2288640K) From: 127360K(224256K)->140640K(239616K)
[2233.598s][info][gc,heap        ] GC(539) ParOldGen: 2717323K(4967424K)->2805451K(4967424K)
[2233.598s][info][gc,metaspace   ] GC(539) Metaspace: 29073K(29504K)->29073K(29504K) NonClass: 24180K(24384K)->24180K(24384K) Class: 4892K(5120K)->4892K(5120K)
[2233.598s][info][gc             ] GC(539) Pause Young (Allocation Failure) 5013M->2877M(7320M) 95.956ms
[2233.598s][info][gc,cpu         ] GC(539) User=0.56s Sys=0.00s Real=0.10s
.........[2242.475s][info][gc,start       ] GC(540) Pause Young (Allocation Failure)
[2242.564s][info][gc,heap        ] GC(540) PSYoungGen: 2429280K(2528256K)->128160K(2534400K) Eden: 2288640K(2288640K)->0K(2325504K) From: 140640K(239616K)->128160K(208896K)
[2242.564s][info][gc,heap        ] GC(540) ParOldGen: 2805451K(4967424K)->2895027K(4967424K)
[2242.564s][info][gc,metaspace   ] GC(540) Metaspace: 29073K(29504K)->29073K(29504K) NonClass: 24180K(24384K)->24180K(24384K) Class: 4892K(5120K)->4892K(5120K)
[2242.564s][info][gc             ] GC(540) Pause Young (Allocation Failure) 5112M->2952M(7326M) 89.359ms
[2242.564s][info][gc,cpu         ] GC(540) User=0.53s Sys=0.00s Real=0.09s
.........[2251.620s][info][gc,start       ] GC(541) Pause Young (Allocation Failure)
[2251.708s][info][gc,heap        ] GC(541) PSYoungGen: 2453664K(2534400K)->130080K(2548736K) Eden: 2325504K(2325504K)->0K(2325504K) From: 128160K(208896K)->130080K(223232K)
[2251.708s][info][gc,heap        ] GC(541) ParOldGen: 2895027K(4967424K)->2982875K(4967424K)
[2251.708s][info][gc,metaspace   ] GC(541) Metaspace: 29073K(29504K)->29073K(29504K) NonClass: 24180K(24384K)->24180K(24384K) Class: 4892K(5120K)->4892K(5120K)
[2251.708s][info][gc             ] GC(541) Pause Young (Allocation Failure) 5223M->3039M(7340M) 88.392ms
[2251.708s][info][gc,cpu         ] GC(541) User=0.52s Sys=0.00s Real=0.09s
.........[2260.704s][info][gc,start       ] GC(542) Pause Young (Allocation Failure)
[2260.794s][info][gc,heap        ] GC(542) PSYoungGen: 2455584K(2548736K)->129248K(2552832K) Eden: 2325504K(2325504K)->0K(2357248K) From: 130080K(223232K)->129248K(195584K)
[2260.794s][info][gc,heap        ] GC(542) ParOldGen: 2982875K(4967424K)->3072195K(4967424K)
[2260.794s][info][gc,metaspace   ] GC(542) Metaspace: 29073K(29504K)->29073K(29504K) NonClass: 24180K(24384K)->24180K(24384K) Class: 4892K(5120K)->4892K(5120K)
[2260.794s][info][gc             ] GC(542) Pause Young (Allocation Failure) 5310M->3126M(7344M) 90.405ms
[2260.794s][info][gc,cpu         ] GC(542) User=0.54s Sys=0.00s Real=0.09s
. (rIR:aIR:PR = 2076:2076:2076) (tPR = 30785) [OK] 
  2261s: Performance info:
         Transaction,    Success,    Partial,     Failed,   Receipts, AvgBarcode, 
             Overall,     124608,          0,          0,     118392,      59.48, 
         Response times:
             Request,    Success,    Partial,     Failed,   SkipFail,     Probes,    Samples,      min,      p50,      p90,      p95,      p99,      max, 
       TotalPurchase,     118404,          0,          0,          0,     115071,     130297,      300,     1700,     2600,     2900,     4400,   112000,
     InStorePurchase,      62317,          0,          0,          0,      60781,      68660,      300,     1800,     2600,     2900,     4500,   102000,
      OnlinePurchase,      43624,          0,          0,          0,      42401,      48045,      300,     1700,     2600,     2800,     4154,   112000,
        InstPurchase,      12463,          0,          0,          0,      11889,      13592,      400,     1900,     2700,     2900,     4600,    94000,
          AssocOfCat,        121,          0,          0,          0,         79,        118,    15600,    21000,    25100,    30000,   112190,   131000,
      AssocOfProduct,       1241,          0,          0,          0,       1087,       1356,      500,     2100,     2700,     2900,     5073,    89000,
      BusinessReport,        312,          0,          0,          0,        248,        338,    19100,    29000,    33000,    36050,    51610,   130000,
          CustBuyBeh,       1246,          0,          0,          0,       1119,       1392,      300,     2100,     2800,     3000,     5735,    13000,
       ProductReturn,       3296,          0,          0,          0,       3078,       3684,      200,      800,     2400,     2700,     3500,   102000,

  2261s: (16%)   IR =   2214 .......|.[2269.448s][info][gc,start       ] GC(543) Pause Young (Allocation Failure)
[2269.542s][info][gc,heap        ] GC(543) PSYoungGen: 2486496K(2552832K)->136709K(2566144K) Eden: 2357248K(2357248K)->0K(2357248K) From: 129248K(195584K)->136709K(208896K)
[2269.542s][info][gc,heap        ] GC(543) ParOldGen: 3072195K(4967424K)->3161067K(4967424K)
[2269.542s][info][gc,metaspace   ] GC(543) Metaspace: 29075K(29504K)->29075K(29504K) NonClass: 24182K(24384K)->24182K(24384K) Class: 4892K(5120K)->4892K(5120K)
[2269.542s][info][gc             ] GC(543) Pause Young (Allocation Failure) 5428M->3220M(7357M) 93.965ms
[2269.542s][info][gc,cpu         ] GC(543) User=0.55s Sys=0.01s Real=0.09s
.........[2278.378s][info][gc,start       ] GC(544) Pause Young (Allocation Failure)
[2278.474s][info][gc,heap        ] GC(544) PSYoungGen: 2493957K(2566144K)->134208K(2567168K) Eden: 2357248K(2357248K)->0K(2384896K) From: 136709K(208896K)->134208K(182272K)
[2278.474s][info][gc,heap        ] GC(544) ParOldGen: 3161067K(4967424K)->3251139K(4967424K)
[2278.474s][info][gc,metaspace   ] GC(544) Metaspace: 29075K(29504K)->29075K(29504K) NonClass: 24182K(24384K)->24182K(24384K) Class: 4892K(5120K)->4892K(5120K)
[2278.474s][info][gc             ] GC(544) Pause Young (Allocation Failure) 5522M->3306M(7358M) 96.656ms
[2278.475s][info][gc,cpu         ] GC(544) User=0.56s Sys=0.00s Real=0.09s
.........[2287.229s][info][gc,start       ] GC(545) Pause Young (Allocation Failure)
[2287.321s][info][gc,heap        ] GC(545) PSYoungGen: 2519104K(2567168K)->132192K(2580480K) Eden: 2384896K(2384896K)->0K(2384896K) From: 134208K(182272K)->132192K(195584K)
[2287.321s][info][gc,heap        ] GC(545) ParOldGen: 3251139K(4967424K)->3342843K(4967424K)
[2287.321s][info][gc,metaspace   ] GC(545) Metaspace: 29075K(29504K)->29075K(29504K) NonClass: 24182K(24384K)->24182K(24384K) Class: 4892K(5120K)->4892K(5120K)
[2287.321s][info][gc             ] GC(545) Pause Young (Allocation Failure) 5635M->3393M(7371M) 91.845ms
[2287.321s][info][gc,cpu         ] GC(545) User=0.54s Sys=0.00s Real=0.09s
........[2295.975s][info][gc,start       ] GC(546) Pause Young (Allocation Failure)
[2296.074s][info][gc,heap        ] GC(546) PSYoungGen: 2517088K(2580480K)->137962K(2586624K) Eden: 2384896K(2384896K)->0K(2410496K) From: 132192K(195584K)->137962K(176128K)
[2296.074s][info][gc,heap        ] GC(546) ParOldGen: 3342843K(4967424K)->3433395K(4967424K)
[2296.074s][info][gc,metaspace   ] GC(546) Metaspace: 29075K(29504K)->29075K(29504K) NonClass: 24182K(24384K)->24182K(24384K) Class: 4892K(5120K)->4892K(5120K)
[2296.074s][info][gc             ] GC(546) Pause Young (Allocation Failure) 5722M->3487M(7377M) 98.287ms
[2296.074s][info][gc,cpu         ] GC(546) User=0.55s Sys=0.03s Real=0.10s
.........[2304.891s][info][gc,start       ] GC(547) Pause Young (Allocation Failure)
[2304.983s][info][gc,heap        ] GC(547) PSYoungGen: 2548458K(2586624K)->134752K(2596352K) Eden: 2410496K(2410496K)->0K(2410496K) From: 137962K(176128K)->134752K(185856K)
[2304.983s][info][gc,heap        ] GC(547) ParOldGen: 3433395K(4967424K)->3521987K(4967424K)
[2304.983s][info][gc,metaspace   ] GC(547) Metaspace: 29075K(29504K)->29075K(29504K) NonClass: 24182K(24384K)->24182K(24384K) Class: 4892K(5120K)->4892K(5120K)
[2304.983s][info][gc             ] GC(547) Pause Young (Allocation Failure) 5841M->3571M(7386M) 91.635ms
[2304.983s][info][gc,cpu         ] GC(547) User=0.55s Sys=0.00s Real=0.09s
.........[2313.759s][info][gc,start       ] GC(548) Pause Young (Allocation Failure)
[2313.852s][info][gc,heap        ] GC(548) PSYoungGen: 2545248K(2596352K)->133856K(2597376K) Eden: 2410496K(2410496K)->0K(2429440K) From: 134752K(185856K)->133856K(167936K)
[2313.852s][info][gc,heap        ] GC(548) ParOldGen: 3521987K(4967424K)->3611971K(4967424K)
[2313.852s][info][gc,metaspace   ] GC(548) Metaspace: 29075K(29504K)->29075K(29504K) NonClass: 24182K(24384K)->24182K(24384K) Class: 4892K(5120K)->4892K(5120K)
[2313.852s][info][gc             ] GC(548) Pause Young (Allocation Failure) 5925M->3658M(7387M) 93.159ms
[2313.852s][info][gc,cpu         ] GC(548) User=0.55s Sys=0.00s Real=0.09s
.........[2322.809s][info][gc,start       ] GC(549) Pause Young (Allocation Failure)
[2322.902s][info][gc,heap        ] GC(549) PSYoungGen: 2563296K(2597376K)->137152K(2606080K) Eden: 2429440K(2429440K)->0K(2429440K) From: 133856K(167936K)->137152K(176640K)
[2322.902s][info][gc,heap        ] GC(549) ParOldGen: 3611971K(4967424K)->3701387K(4967424K)
[2322.902s][info][gc,metaspace   ] GC(549) Metaspace: 29075K(29504K)->29075K(29504K) NonClass: 24182K(24384K)->24182K(24384K) Class: 4892K(5120K)->4892K(5120K)
[2322.902s][info][gc             ] GC(549) Pause Young (Allocation Failure) 6030M->3748M(7396M) 92.720ms
[2322.902s][info][gc,cpu         ] GC(549) User=0.55s Sys=0.00s Real=0.09s
...... (rIR:aIR:PR = 2214:2213:2213) (tPR = 32929) [OK] 
  2328s: Performance info:
         Transaction,    Success,    Partial,     Failed,   Receipts, AvgBarcode, 
             Overall,     132891,          0,          0,     126229,      59.47, 
         Response times:
             Request,    Success,    Partial,     Failed,   SkipFail,     Probes,    Samples,      min,      p50,      p90,      p95,      p99,      max, 
       TotalPurchase,     126229,          0,          0,          0,     123695,     139207,      300,     1800,     2800,     3000,     4400,   103000,
     InStorePurchase,      66467,          0,          0,          0,      65582,      73755,      300,     1900,     2800,     3000,     4700,   103000,
      OnlinePurchase,      46468,          0,          0,          0,      45322,      50766,      300,     1700,     2700,     3000,     4100,   103000,
        InstPurchase,      13294,          0,          0,          0,      12791,      14686,      400,     2000,     2900,     3100,     4500,   103000,
          AssocOfCat,        134,          0,          0,          0,        102,        151,    15600,    22000,    26000,    27400,    31440,    33000,
      AssocOfProduct,       1333,          0,          0,          0,       1180,       1451,      400,     1200,     2100,     2400,     3300,     9000,
      BusinessReport,        328,          0,          0,          0,        245,        372,    18000,    26000,    33000,    36000,   107780,   123000,
          CustBuyBeh,       1331,          0,          0,          0,       1211,       1520,      400,     2100,     2900,     3200,     4300,    97000,
       ProductReturn,       3536,          0,          0,          0,       3261,       3813,      200,     2100,     2900,     3200,     4472,   101000,

  2328s: (17%)   IR =   2352 ..[2330.981s][info][gc,start       ] GC(550) Pause Full (Diagnostic Command)
[2330.981s][info][gc,phases,start] GC(550) Marking Phase
[2331.268s][info][gc,phases      ] GC(550) Marking Phase 287.137ms
[2331.269s][info][gc,phases,start] GC(550) Summary Phase
[2331.269s][info][gc,phases      ] GC(550) Summary Phase 0.073ms
[2331.269s][info][gc,phases,start] GC(550) Forward
[2331.462s][info][gc,phases      ] GC(550) Forward 193.162ms
[2331.462s][info][gc,phases,start] GC(550) Adjust Pointers
[2331.664s][info][gc,phases      ] GC(550) Adjust Pointers 202.197ms
[2331.664s][info][gc,phases,start] GC(550) Compaction Phase
[2331.831s][info][gc,phases      ] GC(550) Compaction Phase 167.366ms
[2331.834s][info][gc,phases,start] GC(550) Post Compact
[2331.839s][info][gc,phases      ] GC(550) Post Compact 5.295ms
[2331.839s][info][gc,heap        ] GC(550) PSYoungGen: 2384759K(2606080K)->0K(2606080K) Eden: 2247607K(2429440K)->0K(2429440K) From: 137152K(176640K)->0K(176640K)
[2331.839s][info][gc,heap        ] GC(550) ParOldGen: 3701387K(4967424K)->1127989K(4967424K)
[2331.839s][info][gc,metaspace   ] GC(550) Metaspace: 29075K(29504K)->29075K(29504K) NonClass: 24182K(24384K)->24182K(24384K) Class: 4892K(5120K)->4892K(5120K)
[2331.839s][info][gc             ] GC(550) Pause Full (Diagnostic Command) 5943M->1101M(7396M) 857.948ms
[2331.839s][info][gc,cpu         ] GC(550) User=4.39s Sys=0.01s Real=0.86s
.....|...[2339.491s][info][gc,start       ] GC(551) Pause Young (Allocation Failure)
[2339.554s][info][gc,heap        ] GC(551) PSYoungGen: 2429440K(2606080K)->136032K(2608640K) Eden: 2429440K(2429440K)->0K(2446336K) From: 0K(176640K)->136032K(162304K)
[2339.554s][info][gc,heap        ] GC(551) ParOldGen: 1127989K(4967424K)->1127989K(4967424K)
[2339.554s][info][gc,metaspace   ] GC(551) Metaspace: 29075K(29504K)->29075K(29504K) NonClass: 24182K(24384K)->24182K(24384K) Class: 4892K(5120K)->4892K(5120K)
[2339.554s][info][gc             ] GC(551) Pause Young (Allocation Failure) 3474M->1234M(7398M) 62.981ms
[2339.554s][info][gc,cpu         ] GC(551) User=0.35s Sys=0.02s Real=0.06s
.........[2348.129s][info][gc,start       ] GC(552) Pause Young (Allocation Failure)
[2348.219s][info][gc,heap        ] GC(552) PSYoungGen: 2582368K(2608640K)->139232K(2615808K) Eden: 2446336K(2446336K)->0K(2446336K) From: 136032K(162304K)->139232K(169472K)
[2348.219s][info][gc,heap        ] GC(552) ParOldGen: 1127989K(4967424K)->1219045K(4967424K)
[2348.219s][info][gc,metaspace   ] GC(552) Metaspace: 29075K(29504K)->29075K(29504K) NonClass: 24182K(24384K)->24182K(24384K) Class: 4892K(5120K)->4892K(5120K)
[2348.219s][info][gc             ] GC(552) Pause Young (Allocation Failure) 3623M->1326M(7405M) 89.969ms
[2348.219s][info][gc,cpu         ] GC(552) User=0.53s Sys=0.00s Real=0.09s
........[2356.625s][info][gc,start       ] GC(553) Pause Young (Allocation Failure)
[2356.720s][info][gc,heap        ] GC(553) PSYoungGen: 2585568K(2615808K)->140064K(2620928K) Eden: 2446336K(2446336K)->0K(2458624K) From: 139232K(169472K)->140064K(162304K)
[2356.720s][info][gc,heap        ] GC(553) ParOldGen: 1219045K(4967424K)->1311365K(4967424K)
[2356.720s][info][gc,metaspace   ] GC(553) Metaspace: 29075K(29504K)->29075K(29504K) NonClass: 24182K(24384K)->24182K(24384K) Class: 4892K(5120K)->4892K(5120K)
[2356.721s][info][gc             ] GC(553) Pause Young (Allocation Failure) 3715M->1417M(7410M) 95.448ms
[2356.721s][info][gc,cpu         ] GC(553) User=0.54s Sys=0.02s Real=0.10s
.........[2365.106s][info][gc,start       ] GC(554) Pause Young (Allocation Failure)
[2365.200s][info][gc,heap        ] GC(554) PSYoungGen: 2598688K(2620928K)->142329K(2624512K) Eden: 2458624K(2458624K)->0K(2458624K) From: 140064K(162304K)->142329K(165888K)
[2365.200s][info][gc,heap        ] GC(554) ParOldGen: 1311365K(4967424K)->1401501K(4967424K)
[2365.200s][info][gc,metaspace   ] GC(554) Metaspace: 29078K(29504K)->29078K(29504K) NonClass: 24185K(24384K)->24185K(24384K) Class: 4892K(5120K)->4892K(5120K)
[2365.200s][info][gc             ] GC(554) Pause Young (Allocation Failure) 3818M->1507M(7414M) 93.940ms
[2365.200s][info][gc,cpu         ] GC(554) User=0.56s Sys=0.00s Real=0.10s
........[2373.634s][info][gc,start       ] GC(555) Pause Young (Allocation Failure)
[2373.725s][info][gc,heap        ] GC(555) PSYoungGen: 2600953K(2624512K)->136128K(2624512K) Eden: 2458624K(2458624K)->0K(2464768K) From: 142329K(165888K)->136128K(159744K)
[2373.725s][info][gc,heap        ] GC(555) ParOldGen: 1401501K(4967424K)->1492501K(4967424K)
[2373.725s][info][gc,metaspace   ] GC(555) Metaspace: 29078K(29504K)->29078K(29504K) NonClass: 24185K(24384K)->24185K(24384K) Class: 4892K(5120K)->4892K(5120K)
[2373.725s][info][gc             ] GC(555) Pause Young (Allocation Failure) 3908M->1590M(7414M) 91.181ms
[2373.725s][info][gc,cpu         ] GC(555) User=0.54s Sys=0.00s Real=0.09s
.........[2382.219s][info][gc,start       ] GC(556) Pause Young (Allocation Failure)
[2382.309s][info][gc,heap        ] GC(556) PSYoungGen: 2600896K(2624512K)->135168K(2627584K) Eden: 2464768K(2464768K)->0K(2464768K) From: 136128K(159744K)->135168K(162816K)
[2382.309s][info][gc,heap        ] GC(556) ParOldGen: 1492501K(4967424K)->1583741K(4967424K)
[2382.309s][info][gc,metaspace   ] GC(556) Metaspace: 29078K(29504K)->29078K(29504K) NonClass: 24185K(24384K)->24185K(24384K) Class: 4892K(5120K)->4892K(5120K)
[2382.309s][info][gc             ] GC(556) Pause Young (Allocation Failure) 3997M->1678M(7417M) 90.070ms
[2382.309s][info][gc,cpu         ] GC(556) User=0.53s Sys=0.01s Real=0.09s
........[2390.866s][info][gc,start       ] GC(557) Pause Young (Allocation Failure)
[2390.959s][info][gc,heap        ] GC(557) PSYoungGen: 2599936K(2627584K)->139072K(2629632K) Eden: 2464768K(2464768K)->0K(2472960K) From: 135168K(162816K)->139072K(156672K)
[2390.959s][info][gc,heap        ] GC(557) ParOldGen: 1583741K(4967424K)->1674141K(4967424K)
[2390.959s][info][gc,metaspace   ] GC(557) Metaspace: 29078K(29504K)->29078K(29504K) NonClass: 24185K(24384K)->24185K(24384K) Class: 4892K(5120K)->4892K(5120K)
[2390.959s][info][gc             ] GC(557) Pause Young (Allocation Failure) 4085M->1770M(7419M) 93.103ms
[2390.959s][info][gc,cpu         ] GC(557) User=0.54s Sys=0.00s Real=0.10s
...... (rIR:aIR:PR = 2352:2353:2353) (tPR = 35226) [OK] 
  2395s: Performance info:
         Transaction,    Success,    Partial,     Failed,   Receipts, AvgBarcode, 
             Overall,     141437,          0,          0,     134357,      59.47, 
         Response times:
             Request,    Success,    Partial,     Failed,   SkipFail,     Probes,    Samples,      min,      p50,      p90,      p95,      p99,      max, 
       TotalPurchase,     134357,          0,          0,          0,     130853,     148820,      300,     1900,     2900,     3300,     5900,   100000,
     InStorePurchase,      70727,          0,          0,          0,      69107,      78444,      300,     2000,     3000,     3300,     6000,   100000,
      OnlinePurchase,      49478,          0,          0,          0,      48111,      54597,      300,     1700,     2800,     3100,     5600,    97000,
        InstPurchase,      14152,          0,          0,          0,      13635,      15779,      400,     2100,     3000,     3400,     6300,    96000,
          AssocOfCat,        139,          0,          0,          0,        113,        165,    16600,    22000,    28000,    31000,    34680,    36000,
      AssocOfProduct,       1411,          0,          0,          0,       1275,       1586,      600,     2700,     3500,     3900,     7439,    15200,
      BusinessReport,        358,          0,          0,          0,        284,        399,    18100,    27000,    33000,    36000,    50000,   127000,
          CustBuyBeh,       1420,          0,          0,          0,       1283,       1594,      200,     1900,     2800,     3100,     7010,    93000,
       ProductReturn,       3752,          0,          0,          0,       3516,       4160,      200,     1700,     2800,     3200,     5539,    96000,

  2395s: (18%)   IR =   2491 ...[2399.173s][info][gc,start       ] GC(558) Pause Young (Allocation Failure)
[2399.265s][info][gc,heap        ] GC(558) PSYoungGen: 2612032K(2629632K)->136320K(2631680K) Eden: 2472960K(2472960K)->0K(2472960K) From: 139072K(156672K)->136320K(158720K)
[2399.265s][info][gc,heap        ] GC(558) ParOldGen: 1674141K(4967424K)->1767525K(4967424K)
[2399.265s][info][gc,metaspace   ] GC(558) Metaspace: 29078K(29504K)->29078K(29504K) NonClass: 24185K(24384K)->24185K(24384K) Class: 4892K(5120K)->4892K(5120K)
[2399.265s][info][gc             ] GC(558) Pause Young (Allocation Failure) 4185M->1859M(7421M) 92.046ms
[2399.265s][info][gc,cpu         ] GC(558) User=0.55s Sys=0.00s Real=0.09s
..|......[2407.317s][info][gc,start       ] GC(559) Pause Young (Allocation Failure)
[2407.410s][info][gc,heap        ] GC(559) PSYoungGen: 2609280K(2631680K)->137888K(2634240K) Eden: 2472960K(2472960K)->0K(2480640K) From: 136320K(158720K)->137888K(153600K)
[2407.410s][info][gc,heap        ] GC(559) ParOldGen: 1767525K(4967424K)->1857213K(4967424K)
[2407.410s][info][gc,metaspace   ] GC(559) Metaspace: 29078K(29504K)->29078K(29504K) NonClass: 24185K(24384K)->24185K(24384K) Class: 4892K(5120K)->4892K(5120K)
[2407.410s][info][gc             ] GC(559) Pause Young (Allocation Failure) 4274M->1948M(7423M) 92.869ms
[2407.410s][info][gc,cpu         ] GC(559) User=0.55s Sys=0.00s Real=0.09s
........[2415.506s][info][gc,start       ] GC(560) Pause Young (Allocation Failure)
[2415.605s][info][gc,heap        ] GC(560) PSYoungGen: 2618528K(2634240K)->144825K(2635776K) Eden: 2480640K(2480640K)->0K(2480640K) From: 137888K(153600K)->144825K(155136K)
[2415.605s][info][gc,heap        ] GC(560) ParOldGen: 1857213K(4967424K)->1949709K(4967424K)
[2415.605s][info][gc,metaspace   ] GC(560) Metaspace: 29078K(29504K)->29078K(29504K) NonClass: 24185K(24384K)->24185K(24384K) Class: 4892K(5120K)->4892K(5120K)
[2415.605s][info][gc             ] GC(560) Pause Young (Allocation Failure) 4370M->2045M(7425M) 98.884ms
[2415.605s][info][gc,cpu         ] GC(560) User=0.58s Sys=0.00s Real=0.10s
........[2423.717s][info][gc,start       ] GC(561) Pause Young (Allocation Failure)
[2423.812s][info][gc,heap        ] GC(561) PSYoungGen: 2625465K(2635776K)->139008K(2639872K) Eden: 2480640K(2480640K)->0K(2484736K) From: 144825K(155136K)->139008K(155136K)
[2423.812s][info][gc,heap        ] GC(561) ParOldGen: 1949709K(4967424K)->2041261K(4967424K)
[2423.812s][info][gc,metaspace   ] GC(561) Metaspace: 29078K(29504K)->29078K(29504K) NonClass: 24185K(24384K)->24185K(24384K) Class: 4892K(5120K)->4892K(5120K)
[2423.812s][info][gc             ] GC(561) Pause Young (Allocation Failure) 4467M->2129M(7429M) 95.323ms
[2423.812s][info][gc,cpu         ] GC(561) User=0.56s Sys=0.01s Real=0.10s
........[2431.844s][info][gc,start       ] GC(562) Pause Young (Allocation Failure)
[2431.936s][info][gc,heap        ] GC(562) PSYoungGen: 2623744K(2639872K)->138112K(2622976K) Eden: 2484736K(2484736K)->0K(2484736K) From: 139008K(155136K)->138112K(138240K)
[2431.936s][info][gc,heap        ] GC(562) ParOldGen: 2041261K(4967424K)->2133845K(4967424K)
[2431.936s][info][gc,metaspace   ] GC(562) Metaspace: 29078K(29504K)->29078K(29504K) NonClass: 24185K(24384K)->24185K(24384K) Class: 4892K(5120K)->4892K(5120K)
[2431.936s][info][gc             ] GC(562) Pause Young (Allocation Failure) 4555M->2218M(7412M) 92.335ms
[2431.936s][info][gc,cpu         ] GC(562) User=0.55s Sys=0.00s Real=0.09s
........[2439.928s][info][gc,start       ] GC(563) Pause Young (Allocation Failure)
[2440.021s][info][gc,heap        ] GC(563) PSYoungGen: 2622848K(2622976K)->138592K(2640896K) Eden: 2484736K(2484736K)->0K(2487296K) From: 138112K(138240K)->138592K(153600K)
[2440.021s][info][gc,heap        ] GC(563) ParOldGen: 2133845K(4967424K)->2226685K(4967424K)
[2440.021s][info][gc,metaspace   ] GC(563) Metaspace: 29078K(29504K)->29078K(29504K) NonClass: 24185K(24384K)->24185K(24384K) Class: 4892K(5120K)->4892K(5120K)
[2440.021s][info][gc             ] GC(563) Pause Young (Allocation Failure) 4645M->2309M(7430M) 92.606ms
[2440.022s][info][gc,cpu         ] GC(563) User=0.55s Sys=0.00s Real=0.09s
.........[2448.155s][info][gc,start       ] GC(564) Pause Young (Allocation Failure)
[2448.246s][info][gc,heap        ] GC(564) PSYoungGen: 2625888K(2640896K)->140288K(2639360K) Eden: 2487296K(2487296K)->0K(2487296K) From: 138592K(153600K)->140288K(152064K)
[2448.246s][info][gc,heap        ] GC(564) ParOldGen: 2226685K(4967424K)->2318093K(4967424K)
[2448.246s][info][gc,metaspace   ] GC(564) Metaspace: 29078K(29504K)->29078K(29504K) NonClass: 24185K(24384K)->24185K(24384K) Class: 4892K(5120K)->4892K(5120K)
[2448.246s][info][gc             ] GC(564) Pause Young (Allocation Failure) 4738M->2400M(7428M) 91.414ms
[2448.246s][info][gc,cpu         ] GC(564) User=0.54s Sys=0.00s Real=0.09s
........[2456.418s][info][gc,start       ] GC(565) Pause Young (Allocation Failure)
[2456.518s][info][gc,heap        ] GC(565) PSYoungGen: 2627584K(2639360K)->147300K(2639872K) Eden: 2487296K(2487296K)->0K(2488320K) From: 140288K(152064K)->147300K(151552K)
[2456.518s][info][gc,heap        ] GC(565) ParOldGen: 2318093K(4967424K)->2409581K(4967424K)
[2456.518s][info][gc,metaspace   ] GC(565) Metaspace: 29078K(29504K)->29078K(29504K) NonClass: 24185K(24384K)->24185K(24384K) Class: 4892K(5120K)->4892K(5120K)
[2456.518s][info][gc             ] GC(565) Pause Young (Allocation Failure) 4829M->2496M(7429M) 99.996ms
[2456.518s][info][gc,cpu         ] GC(565) User=0.59s Sys=0.01s Real=0.10s
..... (rIR:aIR:PR = 2491:2490:2490) (tPR = 37186) [OK] 
  2460s: Performance info:
         Transaction,    Success,    Partial,     Failed,   Receipts, AvgBarcode, 
             Overall,     149513,          0,          0,     142028,      59.47, 
         Response times:
             Request,    Success,    Partial,     Failed,   SkipFail,     Probes,    Samples,      min,      p50,      p90,      p95,      p99,      max, 
       TotalPurchase,     142028,          0,          0,          0,     139049,     151128,      300,     2000,     3100,     3400,     7400,   113000,
     InStorePurchase,      74789,          0,          0,          0,      73474,      79638,      300,     2000,     3100,     3400,     7100,   113000,
      OnlinePurchase,      52301,          0,          0,          0,      51146,      55586,      300,     2100,     3100,     3400,     8400,   108000,
        InstPurchase,      14938,          0,          0,          0,      14429,      15904,      400,     1800,     3000,     3300,     5895,   106000,
          AssocOfCat,        150,          0,          0,          0,        113,        165,    16800,    23000,    27000,    28700,    71620,   133000,
      AssocOfProduct,       1494,          0,          0,          0,       1334,       1611,      500,     2200,     3100,     3400,     4776,   106000,
      BusinessReport,        378,          0,          0,          0,        296,        392,    18000,    27500,    35000,    39000,   111120,   137000,
          CustBuyBeh,       1496,          0,          0,          0,       1364,       1643,      200,     1000,     1900,     2300,     3400,    10500,
       ProductReturn,       3966,          0,          0,          0,       3692,       4229,      200,     2400,     3300,     3500,     9370,   106000,

  2460s: (19%)   IR =   2629 ...[2464.250s][info][gc,start       ] GC(566) Pause Young (Allocation Failure)
[2464.341s][info][gc,heap        ] GC(566) PSYoungGen: 2635620K(2639872K)->134208K(2641920K) Eden: 2488320K(2488320K)->0K(2488320K) From: 147300K(151552K)->134208K(153600K)
[2464.341s][info][gc,heap        ] GC(566) ParOldGen: 2409581K(4967424K)->2502941K(4967424K)
[2464.341s][info][gc,metaspace   ] GC(566) Metaspace: 29078K(29504K)->29078K(29504K) NonClass: 24185K(24384K)->24185K(24384K) Class: 4892K(5120K)->4892K(5120K)
[2464.341s][info][gc             ] GC(566) Pause Young (Allocation Failure) 4926M->2575M(7431M) 91.186ms
[2464.341s][info][gc,cpu         ] GC(566) User=0.54s Sys=0.00s Real=0.09s
..|.....[2472.034s][info][gc,start       ] GC(567) Pause Young (Allocation Failure)
[2472.125s][info][gc,heap        ] GC(567) PSYoungGen: 2622528K(2641920K)->140064K(2639872K) Eden: 2488320K(2488320K)->0K(2489344K) From: 134208K(153600K)->140064K(150528K)
[2472.125s][info][gc,heap        ] GC(567) ParOldGen: 2502941K(4967424K)->2592941K(4967424K)
[2472.125s][info][gc,metaspace   ] GC(567) Metaspace: 29078K(29504K)->29078K(29504K) NonClass: 24185K(24384K)->24185K(24384K) Class: 4892K(5120K)->4892K(5120K)
[2472.125s][info][gc             ] GC(567) Pause Young (Allocation Failure) 5005M->2668M(7429M) 91.792ms
[2472.125s][info][gc,cpu         ] GC(567) User=0.54s Sys=0.00s Real=0.09s
........[2479.759s][info][gc,start       ] GC(568) Pause Young (Allocation Failure)
[2479.856s][info][gc,heap        ] GC(568) PSYoungGen: 2629408K(2639872K)->144036K(2641408K) Eden: 2489344K(2489344K)->0K(2489344K) From: 140064K(150528K)->144036K(152064K)
[2479.856s][info][gc,heap        ] GC(568) ParOldGen: 2592941K(4967424K)->2685125K(4967424K)
[2479.856s][info][gc,metaspace   ] GC(568) Metaspace: 29078K(29504K)->29078K(29504K) NonClass: 24185K(24384K)->24185K(24384K) Class: 4892K(5120K)->4892K(5120K)
[2479.856s][info][gc             ] GC(568) Pause Young (Allocation Failure) 5099M->2762M(7430M) 97.136ms
[2479.856s][info][gc,cpu         ] GC(568) User=0.57s Sys=0.00s Real=0.09s
........[2487.507s][info][gc,start       ] GC(569) Pause Young (Allocation Failure)
[2487.600s][info][gc,heap        ] GC(569) PSYoungGen: 2633380K(2641408K)->137344K(2642944K) Eden: 2489344K(2489344K)->0K(2490880K) From: 144036K(152064K)->137344K(152064K)
[2487.600s][info][gc,heap        ] GC(569) ParOldGen: 2685125K(4967424K)->2776925K(4967424K)
[2487.600s][info][gc,metaspace   ] GC(569) Metaspace: 29078K(29504K)->29078K(29504K) NonClass: 24185K(24384K)->24185K(24384K) Class: 4892K(5120K)->4892K(5120K)
[2487.600s][info][gc             ] GC(569) Pause Young (Allocation Failure) 5193M->2845M(7432M) 92.158ms
[2487.600s][info][gc,cpu         ] GC(569) User=0.54s Sys=0.01s Real=0.09s
........[2495.290s][info][gc,start       ] GC(570) Pause Young (Allocation Failure)
[2495.383s][info][gc,heap        ] GC(570) PSYoungGen: 2628224K(2642944K)->137664K(2642944K) Eden: 2490880K(2490880K)->0K(2490880K) From: 137344K(152064K)->137664K(152064K)
[2495.383s][info][gc,heap        ] GC(570) ParOldGen: 2776925K(4967424K)->2868669K(4967424K)
[2495.383s][info][gc,metaspace   ] GC(570) Metaspace: 29078K(29504K)->29078K(29504K) NonClass: 24185K(24384K)->24185K(24384K) Class: 4892K(5120K)->4892K(5120K)
[2495.383s][info][gc             ] GC(570) Pause Young (Allocation Failure) 5278M->2935M(7432M) 92.720ms
[2495.383s][info][gc,cpu         ] GC(570) User=0.55s Sys=0.00s Real=0.09s
.......[2503.055s][info][gc,start       ] GC(571) Pause Young (Allocation Failure)
[2503.150s][info][gc,heap        ] GC(571) PSYoungGen: 2628544K(2642944K)->141088K(2643456K) Eden: 2490880K(2490880K)->0K(2492416K) From: 137664K(152064K)->141088K(151040K)
[2503.150s][info][gc,heap        ] GC(571) ParOldGen: 2868669K(4967424K)->2961053K(4967424K)
[2503.150s][info][gc,metaspace   ] GC(571) Metaspace: 29078K(29504K)->29078K(29504K) NonClass: 24185K(24384K)->24185K(24384K) Class: 4892K(5120K)->4892K(5120K)
[2503.150s][info][gc             ] GC(571) Pause Young (Allocation Failure) 5368M->3029M(7432M) 94.660ms
[2503.150s][info][gc,cpu         ] GC(571) User=0.56s Sys=0.00s Real=0.10s
........[2510.811s][info][gc,start       ] GC(572) Pause Young (Allocation Failure)
[2510.907s][info][gc,heap        ] GC(572) PSYoungGen: 2633504K(2643456K)->141266K(2642944K) Eden: 2492416K(2492416K)->0K(2492416K) From: 141088K(151040K)->141266K(150528K)
[2510.907s][info][gc,heap        ] GC(572) ParOldGen: 2961053K(4967424K)->3054613K(4967424K)
[2510.907s][info][gc,metaspace   ] GC(572) Metaspace: 29078K(29504K)->29078K(29504K) NonClass: 24185K(24384K)->24185K(24384K) Class: 4892K(5120K)->4892K(5120K)
[2510.907s][info][gc             ] GC(572) Pause Young (Allocation Failure) 5463M->3120M(7432M) 96.475ms
[2510.907s][info][gc,cpu         ] GC(572) User=0.57s Sys=0.00s Real=0.09s
........[2518.638s][info][gc,start       ] GC(573) Pause Young (Allocation Failure)
[2518.731s][info][gc,heap        ] GC(573) PSYoungGen: 2633682K(2642944K)->139456K(2644480K) Eden: 2492416K(2492416K)->0K(2495488K) From: 141266K(150528K)->139456K(148992K)
[2518.731s][info][gc,heap        ] GC(573) ParOldGen: 3054613K(4967424K)->3145685K(4967424K)
[2518.731s][info][gc,metaspace   ] GC(573) Metaspace: 29078K(29504K)->29078K(29504K) NonClass: 24185K(24384K)->24185K(24384K) Class: 4892K(5120K)->4892K(5120K)
[2518.731s][info][gc             ] GC(573) Pause Young (Allocation Failure) 5554M->3208M(7433M) 93.542ms
[2518.731s][info][gc,cpu         ] GC(573) User=0.55s Sys=0.00s Real=0.09s
........ (rIR:aIR:PR = 2629:2629:2629) (tPR = 38888) [OK] 
  2526s: Performance info:
         Transaction,    Success,    Partial,     Failed,   Receipts, AvgBarcode, 
             Overall,     158012,          0,          0,     150121,      59.48, 
         Response times:
             Request,    Success,    Partial,     Failed,   SkipFail,     Probes,    Samples,      min,      p50,      p90,      p95,      p99,      max, 
       TotalPurchase,     150121,          0,          0,          0,     146530,     160264,      300,     2100,     3200,     3600,     6200,   106000,
     InStorePurchase,      78997,          0,          0,          0,      77198,      84079,      300,     2100,     3200,     3600,     5900,   106000,
      OnlinePurchase,      55310,          0,          0,          0,      54083,      59264,      300,     2200,     3300,     3600,     7835,   104000,
        InstPurchase,      15814,          0,          0,          0,      15249,      16921,      400,     2000,     3300,     3700,     5900,   104000,
          AssocOfCat,        155,          0,          0,          0,        116,        184,    17200,    23000,    29000,    32750,   128100,   140000,
      AssocOfProduct,       1579,          0,          0,          0,       1430,       1704,      500,     1800,     2700,     3100,     4300,   108000,
      BusinessReport,        392,          0,          0,          0,        312,        431,    18900,    30000,    35800,    39000,    53760,   136000,
          CustBuyBeh,       1577,          0,          0,          0,       1463,       1784,      200,     2100,     3100,     3500,     9745,    96000,
       ProductReturn,       4188,          0,          0,          0,       3883,       4419,      200,     2100,     3200,     3600,     9300,   104000,

  2526s: (20%)   IR =   2767 [2526.561s][info][gc,start       ] GC(574) Pause Young (Allocation Failure)
[2526.655s][info][gc,heap        ] GC(574) PSYoungGen: 2634944K(2644480K)->139904K(2644480K) Eden: 2495488K(2495488K)->0K(2495488K) From: 139456K(148992K)->139904K(148992K)
[2526.655s][info][gc,heap        ] GC(574) ParOldGen: 3145685K(4967424K)->3238293K(4967424K)
[2526.655s][info][gc,metaspace   ] GC(574) Metaspace: 29078K(29504K)->29078K(29504K) NonClass: 24185K(24384K)->24185K(24384K) Class: 4892K(5120K)->4892K(5120K)
[2526.655s][info][gc             ] GC(574) Pause Young (Allocation Failure) 5645M->3299M(7433M) 93.350ms
[2526.655s][info][gc,cpu         ] GC(574) User=0.55s Sys=0.00s Real=0.09s
....|...[2533.944s][info][gc,start       ] GC(575) Pause Young (Allocation Failure)
[2534.039s][info][gc,heap        ] GC(575) PSYoungGen: 2635392K(2644480K)->138816K(2645504K) Eden: 2495488K(2495488K)->0K(2498560K) From: 139904K(148992K)->138816K(146944K)
[2534.039s][info][gc,heap        ] GC(575) ParOldGen: 3238293K(4967424K)->3331781K(4967424K)
[2534.039s][info][gc,metaspace   ] GC(575) Metaspace: 29078K(29504K)->29078K(29504K) NonClass: 24185K(24384K)->24185K(24384K) Class: 4892K(5120K)->4892K(5120K)
[2534.039s][info][gc             ] GC(575) Pause Young (Allocation Failure) 5736M->3389M(7434M) 95.778ms
[2534.039s][info][gc,cpu         ] GC(575) User=0.57s Sys=0.00s Real=0.10s
........[2541.310s][info][gc,start       ] GC(576) Pause Young (Allocation Failure)
[2541.407s][info][gc,heap        ] GC(576) PSYoungGen: 2637376K(2645504K)->143525K(2646016K) Eden: 2498560K(2498560K)->0K(2498560K) From: 138816K(146944K)->143525K(147456K)
[2541.407s][info][gc,heap        ] GC(576) ParOldGen: 3331781K(4967424K)->3423693K(4967424K)
[2541.407s][info][gc,metaspace   ] GC(576) Metaspace: 29078K(29504K)->29078K(29504K) NonClass: 24185K(24384K)->24185K(24384K) Class: 4892K(5120K)->4892K(5120K)
[2541.407s][info][gc             ] GC(576) Pause Young (Allocation Failure) 5829M->3483M(7435M) 97.065ms
[2541.408s][info][gc,cpu         ] GC(576) User=0.58s Sys=0.00s Real=0.10s
.......[2548.640s][info][gc,start       ] GC(577) Pause Young (Allocation Failure)
[2548.736s][info][gc,heap        ] GC(577) PSYoungGen: 2642085K(2646016K)->138688K(2648064K) Eden: 2498560K(2498560K)->0K(2499584K) From: 143525K(147456K)->138688K(148480K)
[2548.736s][info][gc,heap        ] GC(577) ParOldGen: 3423693K(4967424K)->3515781K(4967424K)
[2548.736s][info][gc,metaspace   ] GC(577) Metaspace: 29078K(29504K)->29078K(29504K) NonClass: 24185K(24384K)->24185K(24384K) Class: 4892K(5120K)->4892K(5120K)
[2548.736s][info][gc             ] GC(577) Pause Young (Allocation Failure) 5923M->3568M(7437M) 96.088ms
[2548.736s][info][gc,cpu         ] GC(577) User=0.57s Sys=0.00s Real=0.09s
.......[2556.008s][info][gc,start       ] GC(578) Pause Young (Allocation Failure)
[2556.100s][info][gc,heap        ] GC(578) PSYoungGen: 2638272K(2648064K)->138400K(2638336K) Eden: 2499584K(2499584K)->0K(2499584K) From: 138688K(148480K)->138400K(138752K)
[2556.100s][info][gc,heap        ] GC(578) ParOldGen: 3515781K(4967424K)->3608045K(4967424K)
[2556.100s][info][gc,metaspace   ] GC(578) Metaspace: 29078K(29504K)->29078K(29504K) NonClass: 24185K(24384K)->24185K(24384K) Class: 4892K(5120K)->4892K(5120K)
[2556.100s][info][gc             ] GC(578) Pause Young (Allocation Failure) 6009M->3658M(7427M) 91.832ms
[2556.100s][info][gc,cpu         ] GC(578) User=0.54s Sys=0.01s Real=0.09s
........[2563.489s][info][gc,start       ] GC(579) Pause Young (Allocation Failure)
[2563.584s][info][gc,heap        ] GC(579) PSYoungGen: 2637984K(2638336K)->140384K(2646528K) Eden: 2499584K(2499584K)->0K(2499584K) From: 138400K(138752K)->140384K(146944K)
[2563.584s][info][gc,heap        ] GC(579) ParOldGen: 3608045K(4967424K)->3698453K(4967424K)
[2563.584s][info][gc,metaspace   ] GC(579) Metaspace: 29078K(29504K)->29078K(29504K) NonClass: 24185K(24384K)->24185K(24384K) Class: 4892K(5120K)->4892K(5120K)
[2563.584s][info][gc             ] GC(579) Pause Young (Allocation Failure) 6099M->3748M(7435M) 94.732ms
[2563.584s][info][gc,cpu         ] GC(579) User=0.56s Sys=0.00s Real=0.09s
.......[2570.995s][info][gc,start       ] GC(580) Pause Young (Allocation Failure)
[2571.091s][info][gc,heap        ] GC(580) PSYoungGen: 2639968K(2646528K)->140480K(2646528K) Eden: 2499584K(2499584K)->0K(2499584K) From: 140384K(146944K)->140480K(146944K)
[2571.091s][info][gc,heap        ] GC(580) ParOldGen: 3698453K(4967424K)->3791941K(4967424K)
[2571.091s][info][gc,metaspace   ] GC(580) Metaspace: 29078K(29504K)->29078K(29504K) NonClass: 24185K(24384K)->24185K(24384K) Class: 4892K(5120K)->4892K(5120K)
[2571.091s][info][gc             ] GC(580) Pause Young (Allocation Failure) 6189M->3840M(7435M) 96.239ms
[2571.091s][info][gc,cpu         ] GC(580) User=0.57s Sys=0.00s Real=0.10s
........[2578.294s][info][gc,start       ] GC(581) Pause Young (Allocation Failure)
[2578.393s][info][gc,heap        ] GC(581) PSYoungGen: 2640064K(2646528K)->143812K(2647552K) Eden: 2499584K(2499584K)->0K(2501120K) From: 140480K(146944K)->143812K(146432K)
[2578.393s][info][gc,heap        ] GC(581) ParOldGen: 3791941K(4967424K)->3885381K(4967424K)
[2578.393s][info][gc,metaspace   ] GC(581) Metaspace: 29078K(29504K)->29078K(29504K) NonClass: 24185K(24384K)->24185K(24384K) Class: 4892K(5120K)->4892K(5120K)
[2578.393s][info][gc             ] GC(581) Pause Young (Allocation Failure) 6281M->3934M(7436M) 98.489ms
[2578.393s][info][gc,cpu         ] GC(581) User=0.58s Sys=0.00s Real=0.10s
.......[2585.663s][info][gc,start       ] GC(582) Pause Young (Allocation Failure)
[2585.757s][info][gc,heap        ] GC(582) PSYoungGen: 2644932K(2647552K)->139264K(2648576K) Eden: 2501120K(2501120K)->0K(2501120K) From: 143812K(146432K)->139264K(147456K)
[2585.757s][info][gc,heap        ] GC(582) ParOldGen: 3885381K(4967424K)->3975965K(4967424K)
[2585.757s][info][gc,metaspace   ] GC(582) Metaspace: 29078K(29504K)->29078K(29504K) NonClass: 24185K(24384K)->24185K(24384K) Class: 4892K(5120K)->4892K(5120K)
[2585.757s][info][gc             ] GC(582) Pause Young (Allocation Failure) 6377M->4018M(7437M) 94.360ms
[2585.757s][info][gc,cpu         ] GC(582) User=0.56s Sys=0.00s Real=0.09s
..... (rIR:aIR:PR = 2767:2766:2766) (tPR = 41199) [OK] 
  2590s: Performance info:
         Transaction,    Success,    Partial,     Failed,   Receipts, AvgBarcode, 
             Overall,     166045,          0,          0,     157709,      59.47, 
         Response times:
             Request,    Success,    Partial,     Failed,   SkipFail,     Probes,    Samples,      min,      p50,      p90,      p95,      p99,      max, 
       TotalPurchase,     157709,          0,          0,          0,     154843,     165873,      200,     2200,     3300,     3700,     8000,   125000,
     InStorePurchase,      83023,          0,          0,          0,      81700,      87259,      200,     2100,     3300,     3700,     7700,   125000,
      OnlinePurchase,      58100,          0,          0,          0,      57088,      61223,      300,     2200,     3300,     3600,     8176,   107000,
        InstPurchase,      16586,          0,          0,          0,      16055,      17391,      400,     2200,     3400,     3700,     8108,   104000,
          AssocOfCat,        166,          0,          0,          0,        116,        173,    16800,    22000,    27000,    28000,    32000,    32000,
      AssocOfProduct,       1668,          0,          0,          0,       1451,       1678,     1200,     2900,     3700,     4200,     7247,   101000,
      BusinessReport,        413,          0,          0,          0,        330,        420,    18700,    29000,    36000,    39950,    61950,   128000,
          CustBuyBeh,       1669,          0,          0,          0,       1527,       1807,      200,     1400,     2500,     2800,     6000,    98000,
       ProductReturn,       4420,          0,          0,          0,       4160,       4639,      200,     1800,     3300,     3500,     4960,   101000,

  2590s: (21%)   IR =   2906 ..[2592.965s][info][gc,start       ] GC(583) Pause Young (Allocation Failure)
[2593.061s][info][gc,heap        ] GC(583) PSYoungGen: 2640384K(2648576K)->140512K(2647040K) Eden: 2501120K(2501120K)->0K(2501632K) From: 139264K(147456K)->140512K(145408K)
[2593.061s][info][gc,heap        ] GC(583) ParOldGen: 3975965K(4967424K)->4068549K(4967424K)
[2593.061s][info][gc,metaspace   ] GC(583) Metaspace: 29078K(29504K)->29078K(29504K) NonClass: 24185K(24384K)->24185K(24384K) Class: 4892K(5120K)->4892K(5120K)
[2593.061s][info][gc             ] GC(583) Pause Young (Allocation Failure) 6461M->4110M(7436M) 95.434ms
[2593.061s][info][gc,cpu         ] GC(583) User=0.56s Sys=0.00s Real=0.10s
...|....[2600.009s][info][gc,start       ] GC(584) Pause Young (Allocation Failure)
[2600.105s][info][gc,heap        ] GC(584) PSYoungGen: 2642144K(2647040K)->139520K(2648064K) Eden: 2501632K(2501632K)->0K(2501632K) From: 140512K(145408K)->139520K(146432K)
[2600.106s][info][gc,heap        ] GC(584) ParOldGen: 4068549K(4967424K)->4161029K(4967424K)
[2600.106s][info][gc,metaspace   ] GC(584) Metaspace: 29078K(29504K)->29078K(29504K) NonClass: 24185K(24384K)->24185K(24384K) Class: 4892K(5120K)->4892K(5120K)
[2600.106s][info][gc             ] GC(584) Pause Young (Allocation Failure) 6553M->4199M(7437M) 96.356ms
[2600.106s][info][gc,cpu         ] GC(584) User=0.57s Sys=0.01s Real=0.09s
.......[2607.015s][info][gc,start       ] GC(585) Pause Young (Allocation Failure)
[2607.113s][info][gc,heap        ] GC(585) PSYoungGen: 2641152K(2648064K)->144293K(2648064K) Eden: 2501632K(2501632K)->0K(2502144K) From: 139520K(146432K)->144293K(145920K)
[2607.113s][info][gc,heap        ] GC(585) ParOldGen: 4161029K(4967424K)->4254269K(4967424K)
[2607.113s][info][gc,metaspace   ] GC(585) Metaspace: 29078K(29504K)->29078K(29504K) NonClass: 24185K(24384K)->24185K(24384K) Class: 4892K(5120K)->4892K(5120K)
[2607.113s][info][gc             ] GC(585) Pause Young (Allocation Failure) 6642M->4295M(7437M) 98.434ms
[2607.113s][info][gc,cpu         ] GC(585) User=0.58s Sys=0.00s Real=0.10s
.......[2614.003s][info][gc,start       ] GC(586) Pause Young (Allocation Failure)
[2614.098s][info][gc,heap        ] GC(586) PSYoungGen: 2646437K(2648064K)->140896K(2649088K) Eden: 2502144K(2502144K)->0K(2502144K) From: 144293K(145920K)->140896K(146944K)
[2614.098s][info][gc,heap        ] GC(586) ParOldGen: 4254269K(4967424K)->4346077K(4967424K)
[2614.098s][info][gc,metaspace   ] GC(586) Metaspace: 29078K(29504K)->29078K(29504K) NonClass: 24185K(24384K)->24185K(24384K) Class: 4892K(5120K)->4892K(5120K)
[2614.098s][info][gc             ] GC(586) Pause Young (Allocation Failure) 6738M->4381M(7438M) 95.317ms
[2614.098s][info][gc,cpu         ] GC(586) User=0.56s Sys=0.00s Real=0.10s
.......[2621.147s][info][gc,start       ] GC(587) Pause Young (Allocation Failure)
[2621.243s][info][gc,heap        ] GC(587) PSYoungGen: 2643040K(2649088K)->142048K(2648576K) Eden: 2502144K(2502144K)->0K(2502656K) From: 140896K(146944K)->142048K(145920K)
[2621.243s][info][gc,heap        ] GC(587) ParOldGen: 4346077K(4967424K)->4437869K(4967424K)
[2621.243s][info][gc,metaspace   ] GC(587) Metaspace: 29078K(29504K)->29078K(29504K) NonClass: 24185K(24384K)->24185K(24384K) Class: 4892K(5120K)->4892K(5120K)
[2621.243s][info][gc             ] GC(587) Pause Young (Allocation Failure) 6825M->4472M(7437M) 96.103ms
[2621.243s][info][gc,cpu         ] GC(587) User=0.57s Sys=0.00s Real=0.10s
.......[2628.133s][info][gc,start       ] GC(588) Pause Young (Allocation Failure)
[2628.229s][info][gc,heap        ] GC(588) PSYoungGen: 2644704K(2648576K)->139712K(2649088K) Eden: 2502656K(2502656K)->0K(2502656K) From: 142048K(145920K)->139712K(146432K)
[2628.229s][info][gc,heap        ] GC(588) ParOldGen: 4437869K(4967424K)->4530973K(4967424K)
[2628.229s][info][gc,metaspace   ] GC(588) Metaspace: 29078K(29504K)->29078K(29504K) NonClass: 24185K(24384K)->24185K(24384K) Class: 4892K(5120K)->4892K(5120K)
[2628.229s][info][gc             ] GC(588) Pause Young (Allocation Failure) 6916M->4561M(7438M) 96.716ms
[2628.229s][info][gc,cpu         ] GC(588) User=0.57s Sys=0.00s Real=0.10s
....[2631.983s][info][gc,start       ] GC(589) Pause Full (Diagnostic Command)
[2631.983s][info][gc,phases,start] GC(589) Marking Phase
[2632.264s][info][gc,phases      ] GC(589) Marking Phase 281.424ms
[2632.264s][info][gc,phases,start] GC(589) Summary Phase
[2632.264s][info][gc,phases      ] GC(589) Summary Phase 0.074ms
[2632.265s][info][gc,phases,start] GC(589) Forward
[2632.412s][info][gc,phases      ] GC(589) Forward 147.673ms
[2632.412s][info][gc,phases,start] GC(589) Adjust Pointers
[2632.610s][info][gc,phases      ] GC(589) Adjust Pointers 197.591ms
[2632.610s][info][gc,phases,start] GC(589) Compaction Phase
[2632.767s][info][gc,phases      ] GC(589) Compaction Phase 157.470ms
[2632.769s][info][gc,phases,start] GC(589) Post Compact
[2632.775s][info][gc,phases      ] GC(589) Post Compact 5.184ms
[2632.775s][info][gc,heap        ] GC(589) PSYoungGen: 1505722K(2649088K)->0K(2649088K) Eden: 1366010K(2502656K)->0K(2502656K) From: 139712K(146432K)->0K(146432K)
[2632.775s][info][gc,heap        ] GC(589) ParOldGen: 4530973K(4967424K)->1130839K(4967424K)
[2632.775s][info][gc,metaspace   ] GC(589) Metaspace: 29078K(29504K)->29078K(29504K) NonClass: 24185K(24384K)->24185K(24384K) Class: 4892K(5120K)->4892K(5120K)
[2632.775s][info][gc             ] GC(589) Pause Full (Diagnostic Command) 5895M->1104M(7438M) 791.778ms
[2632.775s][info][gc,cpu         ] GC(589) User=4.22s Sys=0.00s Real=0.79s
.......[2638.994s][info][gc,start       ] GC(590) Pause Young (Allocation Failure)
[2639.056s][info][gc,heap        ] GC(590) PSYoungGen: 2502656K(2649088K)->140448K(2648576K) Eden: 2502656K(2502656K)->0K(2503680K) From: 0K(146432K)->140448K(144896K)
[2639.056s][info][gc,heap        ] GC(590) ParOldGen: 1130839K(4967424K)->1130839K(4967424K)
[2639.056s][info][gc,metaspace   ] GC(590) Metaspace: 29078K(29504K)->29078K(29504K) NonClass: 24185K(24384K)->24185K(24384K) Class: 4892K(5120K)->4892K(5120K)
[2639.056s][info][gc             ] GC(590) Pause Young (Allocation Failure) 3548M->1241M(7437M) 61.384ms
[2639.056s][info][gc,cpu         ] GC(590) User=0.37s Sys=0.00s Real=0.06s
.......[2646.083s][info][gc,start       ] GC(591) Pause Young (Allocation Failure)
[2646.179s][info][gc,heap        ] GC(591) PSYoungGen: 2644128K(2648576K)->144757K(2649088K) Eden: 2503680K(2503680K)->0K(2503680K) From: 140448K(144896K)->144757K(145408K)
[2646.179s][info][gc,heap        ] GC(591) ParOldGen: 1130839K(4967424K)->1223319K(4967424K)
[2646.179s][info][gc,metaspace   ] GC(591) Metaspace: 29078K(29504K)->29078K(29504K) NonClass: 24185K(24384K)->24185K(24384K) Class: 4892K(5120K)->4892K(5120K)
[2646.179s][info][gc             ] GC(591) Pause Young (Allocation Failure) 3686M->1336M(7438M) 96.031ms
[2646.179s][info][gc,cpu         ] GC(591) User=0.57s Sys=0.00s Real=0.10s
.......[2653.090s][info][gc,start       ] GC(592) Pause Young (Allocation Failure)
[2653.187s][info][gc,heap        ] GC(592) PSYoungGen: 2648437K(2649088K)->146425K(2575872K) Eden: 2503680K(2503680K)->0K(2429440K) From: 144757K(145408K)->146425K(146432K)
[2653.187s][info][gc,heap        ] GC(592) ParOldGen: 1223319K(4967424K)->1318351K(4967424K)
[2653.187s][info][gc,metaspace   ] GC(592) Metaspace: 29078K(29504K)->29078K(29504K) NonClass: 24185K(24384K)->24185K(24384K) Class: 4892K(5120K)->4892K(5120K)
[2653.187s][info][gc             ] GC(592) Pause Young (Allocation Failure) 3781M->1430M(7366M) 97.645ms
[2653.188s][info][gc,cpu         ] GC(592) User=0.58s Sys=0.00s Real=0.10s
... (rIR:aIR:PR = 2906:2904:2904) (tPR = 42965) [OK] 
  2655s: Performance info:
         Transaction,    Success,    Partial,     Failed,   Receipts, AvgBarcode, 
             Overall,     175852,          0,          0,     167044,      59.47, 
         Response times:
             Request,    Success,    Partial,     Failed,   SkipFail,     Probes,    Samples,      min,      p50,      p90,      p95,      p99,      max, 
       TotalPurchase,     167044,          0,          0,          0,     162581,     178507,      300,     2300,     3600,     4200,    46000,   152000,
     InStorePurchase,      87977,          0,          0,          0,      85786,      93906,      300,     2300,     3600,     4200,    44000,   152000,
      OnlinePurchase,      61482,          0,          0,          0,      59934,      65749,      300,     2300,     3600,     4200,    46000,   136000,
        InstPurchase,      17585,          0,          0,          0,      16861,      18852,      400,     2300,     3500,     4000,    48000,   109000,
          AssocOfCat,        179,          0,          0,          0,        124,        179,    16000,    23000,    30000,    34000,   135200,   152000,
      AssocOfProduct,       1756,          0,          0,          0,       1582,       1928,      400,     1100,     3200,     3800,    66000,   109000,
      BusinessReport,        442,          0,          0,          0,        369,        480,    18900,    29000,    38000,    46950,   134190,   162000,
          CustBuyBeh,       1763,          0,          0,          0,       1586,       1865,      300,     2200,     3200,     3770,    50000,   100000,
       ProductReturn,       4668,          0,          0,          0,       4346,       5012,      200,     2200,     3600,     4300,    44000,   104000,

  2655s: (22%)   IR =   3044 ...[2659.736s][info][gc,start       ] GC(593) Pause Young (Allocation Failure)
[2659.826s][info][gc,heap        ] GC(593) PSYoungGen: 2575865K(2575872K)->135904K(2612736K) Eden: 2429440K(2429440K)->0K(2429440K) From: 146425K(146432K)->135904K(183296K)
[2659.826s][info][gc,heap        ] GC(593) ParOldGen: 1318351K(4967424K)->1409471K(4967424K)
[2659.826s][info][gc,metaspace   ] GC(593) Metaspace: 29078K(29504K)->29078K(29504K) NonClass: 24185K(24384K)->24185K(24384K) Class: 4892K(5120K)->4892K(5120K)
[2659.827s][info][gc             ] GC(593) Pause Young (Allocation Failure) 3802M->1509M(7402M) 90.131ms
[2659.827s][info][gc,cpu         ] GC(593) User=0.53s Sys=0.00s Real=0.09s
....|...[2666.274s][info][gc,start       ] GC(594) Pause Young (Allocation Failure)
[2666.364s][info][gc,heap        ] GC(594) PSYoungGen: 2565344K(2612736K)->133952K(2610176K) Eden: 2429440K(2429440K)->0K(2429952K) From: 135904K(183296K)->133952K(180224K)
[2666.364s][info][gc,heap        ] GC(594) ParOldGen: 1409471K(4967424K)->1501311K(4967424K)
[2666.364s][info][gc,metaspace   ] GC(594) Metaspace: 29078K(29504K)->29078K(29504K) NonClass: 24185K(24384K)->24185K(24384K) Class: 4892K(5120K)->4892K(5120K)
[2666.364s][info][gc             ] GC(594) Pause Young (Allocation Failure) 3881M->1596M(7400M) 90.685ms
[2666.364s][info][gc,cpu         ] GC(594) User=0.53s Sys=0.00s Real=0.09s
......[2672.709s][info][gc,start       ] GC(595) Pause Young (Allocation Failure)
[2672.798s][info][gc,heap        ] GC(595) PSYoungGen: 2563904K(2610176K)->135008K(2611712K) Eden: 2429952K(2429952K)->0K(2429952K) From: 133952K(180224K)->135008K(181760K)
[2672.798s][info][gc,heap        ] GC(595) ParOldGen: 1501311K(4967424K)->1591687K(4967424K)
[2672.798s][info][gc,metaspace   ] GC(595) Metaspace: 29078K(29504K)->29078K(29504K) NonClass: 24185K(24384K)->24185K(24384K) Class: 4892K(5120K)->4892K(5120K)
[2672.798s][info][gc             ] GC(595) Pause Young (Allocation Failure) 3969M->1686M(7401M) 89.415ms
[2672.798s][info][gc,cpu         ] GC(595) User=0.53s Sys=0.00s Real=0.09s
.......[2679.324s][info][gc,start       ] GC(596) Pause Young (Allocation Failure)
[2679.415s][info][gc,heap        ] GC(596) PSYoungGen: 2564960K(2611712K)->134944K(2610688K) Eden: 2429952K(2429952K)->0K(2433536K) From: 135008K(181760K)->134944K(177152K)
[2679.415s][info][gc,heap        ] GC(596) ParOldGen: 1591687K(4967424K)->1681567K(4967424K)
[2679.415s][info][gc,metaspace   ] GC(596) Metaspace: 29085K(29504K)->29085K(29504K) NonClass: 24192K(24384K)->24192K(24384K) Class: 4892K(5120K)->4892K(5120K)
[2679.415s][info][gc             ] GC(596) Pause Young (Allocation Failure) 4059M->1773M(7400M) 90.631ms
[2679.415s][info][gc,cpu         ] GC(596) User=0.54s Sys=0.00s Real=0.09s
.......[2685.862s][info][gc,start       ] GC(597) Pause Young (Allocation Failure)
[2685.954s][info][gc,heap        ] GC(597) PSYoungGen: 2568480K(2610688K)->136256K(2612736K) Eden: 2433536K(2433536K)->0K(2433536K) From: 134944K(177152K)->136256K(179200K)
[2685.954s][info][gc,heap        ] GC(597) ParOldGen: 1681567K(4967424K)->1772543K(4967424K)
[2685.954s][info][gc,metaspace   ] GC(597) Metaspace: 29085K(29504K)->29085K(29504K) NonClass: 24192K(24384K)->24192K(24384K) Class: 4892K(5120K)->4892K(5120K)
[2685.954s][info][gc             ] GC(597) Pause Young (Allocation Failure) 4150M->1864M(7402M) 91.872ms
[2685.954s][info][gc,cpu         ] GC(597) User=0.55s Sys=0.00s Real=0.09s
......[2692.302s][info][gc,start       ] GC(598) Pause Young (Allocation Failure)
[2692.398s][info][gc,heap        ] GC(598) PSYoungGen: 2566647K(2612736K)->141477K(2610176K) Eden: 2430391K(2433536K)->0K(2439168K) From: 136256K(179200K)->141477K(171008K)
[2692.398s][info][gc,heap        ] GC(598) ParOldGen: 1772543K(4967424K)->1863551K(4967424K)
[2692.398s][info][gc,metaspace   ] GC(598) Metaspace: 29085K(29504K)->29085K(29504K) NonClass: 24192K(24384K)->24192K(24384K) Class: 4892K(5120K)->4892K(5120K)
[2692.398s][info][gc             ] GC(598) Pause Young (Allocation Failure) 4237M->1958M(7400M) 95.197ms
[2692.398s][info][gc,cpu         ] GC(598) User=0.56s Sys=0.00s Real=0.10s
.......[2698.925s][info][gc,start       ] GC(599) Pause Young (Allocation Failure)
[2699.016s][info][gc,heap        ] GC(599) PSYoungGen: 2580645K(2610176K)->137856K(2613760K) Eden: 2439168K(2439168K)->0K(2439168K) From: 141477K(171008K)->137856K(174592K)
[2699.016s][info][gc,heap        ] GC(599) ParOldGen: 1863551K(4967424K)->1952439K(4967424K)
[2699.016s][info][gc,metaspace   ] GC(599) Metaspace: 29085K(29504K)->29085K(29504K) NonClass: 24192K(24384K)->24192K(24384K) Class: 4892K(5120K)->4892K(5120K)
[2699.016s][info][gc             ] GC(599) Pause Young (Allocation Failure) 4340M->2041M(7403M) 91.298ms
[2699.016s][info][gc,cpu         ] GC(599) User=0.55s Sys=0.00s Real=0.09s
......[2705.382s][info][gc,start       ] GC(600) Pause Young (Allocation Failure)
[2705.479s][info][gc,heap        ] GC(600) PSYoungGen: 2577024K(2613760K)->141993K(2614784K) Eden: 2439168K(2439168K)->0K(2448384K) From: 137856K(174592K)->141993K(166400K)
[2705.479s][info][gc,heap        ] GC(600) ParOldGen: 1952439K(4967424K)->2044975K(4967424K)
[2705.479s][info][gc,metaspace   ] GC(600) Metaspace: 29085K(29504K)->29085K(29504K) NonClass: 24192K(24384K)->24192K(24384K) Class: 4892K(5120K)->4892K(5120K)
[2705.479s][info][gc             ] GC(600) Pause Young (Allocation Failure) 4423M->2135M(7404M) 97.198ms
[2705.479s][info][gc,cpu         ] GC(600) User=0.57s Sys=0.00s Real=0.10s
.......[2712.048s][info][gc,start       ] GC(601) Pause Young (Allocation Failure)
[2712.141s][info][gc,heap        ] GC(601) PSYoungGen: 2590377K(2614784K)->139008K(2618880K) Eden: 2448384K(2448384K)->0K(2448384K) From: 141993K(166400K)->139008K(170496K)
[2712.141s][info][gc,heap        ] GC(601) ParOldGen: 2044975K(4967424K)->2134007K(4967424K)
[2712.141s][info][gc,metaspace   ] GC(601) Metaspace: 29085K(29504K)->29085K(29504K) NonClass: 24192K(24384K)->24192K(24384K) Class: 4892K(5120K)->4892K(5120K)
[2712.141s][info][gc             ] GC(601) Pause Young (Allocation Failure) 4526M->2219M(7408M) 92.544ms
[2712.141s][info][gc,cpu         ] GC(601) User=0.55s Sys=0.00s Real=0.09s
......[2718.608s][info][gc,start       ] GC(602) Pause Young (Allocation Failure)
[2718.699s][info][gc,heap        ] GC(602) PSYoungGen: 2587392K(2618880K)->136448K(2620416K) Eden: 2448384K(2448384K)->0K(2457088K) From: 139008K(170496K)->136448K(163328K)
[2718.699s][info][gc,heap        ] GC(602) ParOldGen: 2134007K(4967424K)->2225911K(4967424K)
[2718.699s][info][gc,metaspace   ] GC(602) Metaspace: 29085K(29504K)->29085K(29504K) NonClass: 24192K(24384K)->24192K(24384K) Class: 4892K(5120K)->4892K(5120K)
[2718.699s][info][gc             ] GC(602) Pause Young (Allocation Failure) 4610M->2306M(7410M) 91.028ms
[2718.699s][info][gc,cpu         ] GC(602) User=0.54s Sys=0.01s Real=0.09s
..... (rIR:aIR:PR = 3044:3044:3044) (tPR = 45287) [OK] 
  2722s: Performance info:
         Transaction,    Success,    Partial,     Failed,   Receipts, AvgBarcode, 
             Overall,     182772,          0,          0,     173636,      59.48, 
         Response times:
             Request,    Success,    Partial,     Failed,   SkipFail,     Probes,    Samples,      min,      p50,      p90,      p95,      p99,      max, 
       TotalPurchase,     173636,          0,          0,          0,     170259,     191281,      300,     2400,     3700,     4100,    10300,   113000,
     InStorePurchase,      91401,          0,          0,          0,      89819,     100764,      300,     2300,     3700,     4100,     9800,   113000,
      OnlinePurchase,      63962,          0,          0,          0,      62919,      70609,      300,     2500,     3700,     4200,    10600,   111000,
        InstPurchase,      18273,          0,          0,          0,      17521,      19908,      400,     2500,     3700,     4100,    10500,   104000,
          AssocOfCat,        182,          0,          0,          0,        140,        211,    18000,    24000,    30600,    33400,    36000,    37000,
      AssocOfProduct,       1833,          0,          0,          0,       1689,       2052,      400,     1700,     2700,     3100,     7494,   100000,
      BusinessReport,        459,          0,          0,          0,        379,        521,    19600,    30000,    37000,    39000,    76960,   142000,
          CustBuyBeh,       1826,          0,          0,          0,       1674,       2018,      300,     2700,     3900,     4400,     9800,   113000,
       ProductReturn,       4837,          0,          0,          0,       4504,       5232,      200,     2400,     3700,     4100,    12000,   102000,

  2722s: (23%)   IR =   3183 ..[2725.067s][info][gc,start       ] GC(603) Pause Young (Allocation Failure)
[2725.159s][info][gc,heap        ] GC(603) PSYoungGen: 2593536K(2620416K)->138688K(2624000K) Eden: 2457088K(2457088K)->0K(2457088K) From: 136448K(163328K)->138688K(166912K)
[2725.159s][info][gc,heap        ] GC(603) ParOldGen: 2225911K(4967424K)->2317511K(4967424K)
[2725.159s][info][gc,metaspace   ] GC(603) Metaspace: 29086K(29504K)->29086K(29504K) NonClass: 24193K(24384K)->24193K(24384K) Class: 4892K(5120K)->4892K(5120K)
[2725.159s][info][gc             ] GC(603) Pause Young (Allocation Failure) 4706M->2398M(7413M) 92.120ms
[2725.159s][info][gc,cpu         ] GC(603) User=0.55s Sys=0.00s Real=0.10s
....|..[2731.357s][info][gc,start       ] GC(604) Pause Young (Allocation Failure)
[2731.452s][info][gc,heap        ] GC(604) PSYoungGen: 2595776K(2624000K)->137632K(2624512K) Eden: 2457088K(2457088K)->0K(2463744K) From: 138688K(166912K)->137632K(160768K)
[2731.452s][info][gc,heap        ] GC(604) ParOldGen: 2317511K(4967424K)->2409247K(4967424K)
[2731.452s][info][gc,metaspace   ] GC(604) Metaspace: 29089K(29504K)->29089K(29504K) NonClass: 24197K(24384K)->24197K(24384K) Class: 4892K(5120K)->4892K(5120K)
[2731.452s][info][gc             ] GC(604) Pause Young (Allocation Failure) 4798M->2487M(7414M) 94.328ms
[2731.452s][info][gc,cpu         ] GC(604) User=0.55s Sys=0.00s Real=0.09s
......[2737.678s][info][gc,start       ] GC(605) Pause Young (Allocation Failure)
[2737.770s][info][gc,heap        ] GC(605) PSYoungGen: 2601376K(2624512K)->137408K(2627584K) Eden: 2463744K(2463744K)->0K(2463744K) From: 137632K(160768K)->137408K(163840K)
[2737.770s][info][gc,heap        ] GC(605) ParOldGen: 2409247K(4967424K)->2500015K(4967424K)
[2737.770s][info][gc,metaspace   ] GC(605) Metaspace: 29089K(29504K)->29089K(29504K) NonClass: 24197K(24384K)->24197K(24384K) Class: 4892K(5120K)->4892K(5120K)
[2737.770s][info][gc             ] GC(605) Pause Young (Allocation Failure) 4893M->2575M(7417M) 91.840ms
[2737.770s][info][gc,cpu         ] GC(605) User=0.54s Sys=0.00s Real=0.09s
.......[2744.038s][info][gc,start       ] GC(606) Pause Young (Allocation Failure)
[2744.130s][info][gc,heap        ] GC(606) PSYoungGen: 2601152K(2627584K)->139712K(2626560K) Eden: 2463744K(2463744K)->0K(2469888K) From: 137408K(163840K)->139712K(156672K)
[2744.130s][info][gc,heap        ] GC(606) ParOldGen: 2500015K(4967424K)->2591791K(4967424K)
[2744.130s][info][gc,metaspace   ] GC(606) Metaspace: 29089K(29504K)->29089K(29504K) NonClass: 24197K(24384K)->24197K(24384K) Class: 4892K(5120K)->4892K(5120K)
[2744.130s][info][gc             ] GC(606) Pause Young (Allocation Failure) 4981M->2667M(7416M) 92.335ms
[2744.130s][info][gc,cpu         ] GC(606) User=0.55s Sys=0.00s Real=0.09s
......[2750.350s][info][gc,start       ] GC(607) Pause Young (Allocation Failure)
[2750.446s][info][gc,heap        ] GC(607) PSYoungGen: 2609600K(2626560K)->136847K(2630144K) Eden: 2469888K(2469888K)->0K(2469888K) From: 139712K(156672K)->136847K(160256K)
[2750.446s][info][gc,heap        ] GC(607) ParOldGen: 2591791K(4967424K)->2683711K(4967424K)
[2750.446s][info][gc,metaspace   ] GC(607) Metaspace: 29089K(29504K)->29089K(29504K) NonClass: 24197K(24384K)->24197K(24384K) Class: 4892K(5120K)->4892K(5120K)
[2750.446s][info][gc             ] GC(607) Pause Young (Allocation Failure) 5079M->2754M(7419M) 95.176ms
[2750.446s][info][gc,cpu         ] GC(607) User=0.57s Sys=0.00s Real=0.09s
......[2756.672s][info][gc,start       ] GC(608) Pause Young (Allocation Failure)
[2756.765s][info][gc,heap        ] GC(608) PSYoungGen: 2606735K(2630144K)->137600K(2631680K) Eden: 2469888K(2469888K)->0K(2476544K) From: 136847K(160256K)->137600K(155136K)
[2756.765s][info][gc,heap        ] GC(608) ParOldGen: 2683711K(4967424K)->2775319K(4967424K)
[2756.765s][info][gc,metaspace   ] GC(608) Metaspace: 29089K(29504K)->29089K(29504K) NonClass: 24197K(24384K)->24197K(24384K) Class: 4892K(5120K)->4892K(5120K)
[2756.766s][info][gc             ] GC(608) Pause Young (Allocation Failure) 5166M->2844M(7421M) 93.069ms
[2756.766s][info][gc,cpu         ] GC(608) User=0.55s Sys=0.00s Real=0.09s
.......[2763.133s][info][gc,start       ] GC(609) Pause Young (Allocation Failure)
[2763.227s][info][gc,heap        ] GC(609) PSYoungGen: 2614144K(2631680K)->141216K(2634240K) Eden: 2476544K(2476544K)->0K(2476544K) From: 137600K(155136K)->141216K(157696K)
[2763.227s][info][gc,heap        ] GC(609) ParOldGen: 2775319K(4967424K)->2866223K(4967424K)
[2763.227s][info][gc,metaspace   ] GC(609) Metaspace: 29089K(29504K)->29089K(29504K) NonClass: 24197K(24384K)->24197K(24384K) Class: 4892K(5120K)->4892K(5120K)
[2763.227s][info][gc             ] GC(609) Pause Young (Allocation Failure) 5263M->2936M(7423M) 94.122ms
[2763.227s][info][gc,cpu         ] GC(609) User=0.55s Sys=0.00s Real=0.09s
......[2769.494s][info][gc,start       ] GC(610) Pause Young (Allocation Failure)
[2769.587s][info][gc,heap        ] GC(610) PSYoungGen: 2617760K(2634240K)->137280K(2635264K) Eden: 2476544K(2476544K)->0K(2482176K) From: 141216K(157696K)->137280K(153088K)
[2769.587s][info][gc,heap        ] GC(610) ParOldGen: 2866223K(4967424K)->2958503K(4967424K)
[2769.587s][info][gc,metaspace   ] GC(610) Metaspace: 29089K(29504K)->29089K(29504K) NonClass: 24197K(24384K)->24197K(24384K) Class: 4892K(5120K)->4892K(5120K)
[2769.587s][info][gc             ] GC(610) Pause Young (Allocation Failure) 5355M->3023M(7424M) 92.410ms
[2769.587s][info][gc,cpu         ] GC(610) User=0.54s Sys=0.00s Real=0.09s
......[2775.913s][info][gc,start       ] GC(611) Pause Young (Allocation Failure)
[2776.008s][info][gc,heap        ] GC(611) PSYoungGen: 2619456K(2635264K)->139744K(2637312K) Eden: 2482176K(2482176K)->0K(2482176K) From: 137280K(153088K)->139744K(155136K)
[2776.009s][info][gc,heap        ] GC(611) ParOldGen: 2958503K(4967424K)->3050055K(4967424K)
[2776.009s][info][gc,metaspace   ] GC(611) Metaspace: 29089K(29504K)->29089K(29504K) NonClass: 24197K(24384K)->24197K(24384K) Class: 4892K(5120K)->4892K(5120K)
[2776.009s][info][gc             ] GC(611) Pause Young (Allocation Failure) 5447M->3115M(7426M) 95.294ms
[2776.009s][info][gc,cpu         ] GC(611) User=0.56s Sys=0.00s Real=0.10s
.......[2782.254s][info][gc,start       ] GC(612) Pause Young (Allocation Failure)
[2782.347s][info][gc,heap        ] GC(612) PSYoungGen: 2621920K(2637312K)->136544K(2637824K) Eden: 2482176K(2482176K)->0K(2486784K) From: 139744K(155136K)->136544K(151040K)
[2782.347s][info][gc,heap        ] GC(612) ParOldGen: 3050055K(4967424K)->3142143K(4967424K)
[2782.347s][info][gc,metaspace   ] GC(612) Metaspace: 29089K(29504K)->29089K(29504K) NonClass: 24197K(24384K)->24197K(24384K) Class: 4892K(5120K)->4892K(5120K)
[2782.347s][info][gc             ] GC(612) Pause Young (Allocation Failure) 5539M->3201M(7427M) 92.821ms
[2782.347s][info][gc,cpu         ] GC(612) User=0.55s Sys=0.00s Real=0.09s
......[2788.627s][info][gc,start       ] GC(613) Pause Young (Allocation Failure)
[2788.724s][info][gc,heap        ] GC(613) PSYoungGen: 2623328K(2637824K)->143140K(2639872K) Eden: 2486784K(2486784K)->0K(2486784K) From: 136544K(151040K)->143140K(153088K)
[2788.724s][info][gc,heap        ] GC(613) ParOldGen: 3142143K(4967424K)->3233967K(4967424K)
[2788.724s][info][gc,metaspace   ] GC(613) Metaspace: 29089K(29504K)->29089K(29504K) NonClass: 24197K(24384K)->24197K(24384K) Class: 4892K(5120K)->4892K(5120K)
[2788.724s][info][gc             ] GC(613) Pause Young (Allocation Failure) 5630M->3297M(7429M) 97.010ms
[2788.724s][info][gc,cpu         ] GC(613) User=0.58s Sys=0.00s Real=0.10s
. (rIR:aIR:PR = 3183:3183:3183) (tPR = 47554) [OK] 
  2788s: Performance info:
         Transaction,    Success,    Partial,     Failed,   Receipts, AvgBarcode, 
             Overall,     191371,          0,          0,     181792,      59.47, 
         Response times:
             Request,    Success,    Partial,     Failed,   SkipFail,     Probes,    Samples,      min,      p50,      p90,      p95,      p99,      max, 
       TotalPurchase,     181792,          0,          0,          0,     178189,     197183,      300,     2500,     3900,     4400,    13400,   130000,
     InStorePurchase,      95630,          0,          0,          0,      94218,     104122,      300,     2500,     3900,     4400,    12377,   130000,
      OnlinePurchase,      67007,          0,          0,          0,      65340,      72036,      300,     2600,     4000,     4500,    15200,   130000,
        InstPurchase,      19155,          0,          0,          0,      18631,      21025,      400,     2100,     3900,     4400,    12400,   104000,
          AssocOfCat,        190,          0,          0,          0,        136,        203,    16600,    24000,    30000,    33800,   119160,   128000,
      AssocOfProduct,       1924,          0,          0,          0,       1739,       2053,      600,     2900,     4200,     4700,    10660,    99000,
      BusinessReport,        481,          0,          0,          0,        399,        530,    18300,    31000,    37000,    40000,    57690,   160000,
          CustBuyBeh,       1919,          0,          0,          0,       1773,       2142,     1000,     3300,     4400,     5200,    18869,   104000,
       ProductReturn,       5065,          0,          0,          0,       4782,       5563,      500,     2400,     3800,     4300,    12240,   104000,

  2788s: (24%)   IR =   3321 .....|[2794.727s][info][gc,start       ] GC(614) Pause Young (Allocation Failure)
[2794.822s][info][gc,heap        ] GC(614) PSYoungGen: 2629924K(2639872K)->141728K(2641920K) Eden: 2486784K(2486784K)->0K(2489856K) From: 143140K(153088K)->141728K(152064K)
[2794.822s][info][gc,heap        ] GC(614) ParOldGen: 3233967K(4967424K)->3326471K(4967424K)
[2794.822s][info][gc,metaspace   ] GC(614) Metaspace: 29089K(29504K)->29089K(29504K) NonClass: 24197K(24384K)->24197K(24384K) Class: 4892K(5120K)->4892K(5120K)
[2794.822s][info][gc             ] GC(614) Pause Young (Allocation Failure) 5726M->3386M(7431M) 95.364ms
[2794.822s][info][gc,cpu         ] GC(614) User=0.56s Sys=0.00s Real=0.10s
......[2800.849s][info][gc,start       ] GC(615) Pause Young (Allocation Failure)
[2800.943s][info][gc,heap        ] GC(615) PSYoungGen: 2631584K(2641920K)->138944K(2642432K) Eden: 2489856K(2489856K)->0K(2489856K) From: 141728K(152064K)->138944K(152576K)
[2800.943s][info][gc,heap        ] GC(615) ParOldGen: 3326471K(4967424K)->3417711K(4967424K)
[2800.943s][info][gc,metaspace   ] GC(615) Metaspace: 29089K(29504K)->29089K(29504K) NonClass: 24197K(24384K)->24197K(24384K) Class: 4892K(5120K)->4892K(5120K)
[2800.943s][info][gc             ] GC(615) Pause Young (Allocation Failure) 5818M->3473M(7431M) 93.948ms
[2800.943s][info][gc,cpu         ] GC(615) User=0.55s Sys=0.00s Real=0.09s
......[2807.008s][info][gc,start       ] GC(616) Pause Young (Allocation Failure)
[2807.103s][info][gc,heap        ] GC(616) PSYoungGen: 2628800K(2642432K)->139296K(2641920K) Eden: 2489856K(2489856K)->0K(2491904K) From: 138944K(152576K)->139296K(150016K)
[2807.103s][info][gc,heap        ] GC(616) ParOldGen: 3417711K(4967424K)->3509983K(4967424K)
[2807.103s][info][gc,metaspace   ] GC(616) Metaspace: 29089K(29504K)->29089K(29504K) NonClass: 24197K(24384K)->24197K(24384K) Class: 4892K(5120K)->4892K(5120K)
[2807.103s][info][gc             ] GC(616) Pause Young (Allocation Failure) 5904M->3563M(7431M) 95.223ms
[2807.103s][info][gc,cpu         ] GC(616) User=0.57s Sys=0.00s Real=0.09s
.......[2813.217s][info][gc,start       ] GC(617) Pause Young (Allocation Failure)
[2813.318s][info][gc,heap        ] GC(617) PSYoungGen: 2631200K(2641920K)->149156K(2642432K) Eden: 2491904K(2491904K)->0K(2491904K) From: 139296K(150016K)->149156K(150528K)
[2813.318s][info][gc,heap        ] GC(617) ParOldGen: 3509983K(4967424K)->3601255K(4967424K)
[2813.318s][info][gc,metaspace   ] GC(617) Metaspace: 29089K(29504K)->29089K(29504K) NonClass: 24197K(24384K)->24197K(24384K) Class: 4892K(5120K)->4892K(5120K)
[2813.318s][info][gc             ] GC(617) Pause Young (Allocation Failure) 5997M->3662M(7431M) 100.651ms
[2813.318s][info][gc,cpu         ] GC(617) User=0.59s Sys=0.00s Real=0.11s
......[2819.293s][info][gc,start       ] GC(618) Pause Young (Allocation Failure)
[2819.389s][info][gc,heap        ] GC(618) PSYoungGen: 2641060K(2642432K)->137664K(2643968K) Eden: 2491904K(2491904K)->0K(2490880K) From: 149156K(150528K)->137664K(153088K)
[2819.389s][info][gc,heap        ] GC(618) ParOldGen: 3601255K(4967424K)->3694879K(4967424K)
[2819.389s][info][gc,metaspace   ] GC(618) Metaspace: 29089K(29504K)->29089K(29504K) NonClass: 24197K(24384K)->24197K(24384K) Class: 4892K(5120K)->4892K(5120K)
[2819.389s][info][gc             ] GC(618) Pause Young (Allocation Failure) 6096M->3742M(7433M) 95.571ms
[2819.389s][info][gc,cpu         ] GC(618) User=0.57s Sys=0.00s Real=0.10s
......[2825.418s][info][gc,start       ] GC(619) Pause Young (Allocation Failure)
[2825.516s][info][gc,heap        ] GC(619) PSYoungGen: 2628544K(2643968K)->144260K(2642944K) Eden: 2490880K(2490880K)->0K(2490880K) From: 137664K(153088K)->144260K(152064K)
[2825.516s][info][gc,heap        ] GC(619) ParOldGen: 3694879K(4967424K)->3786271K(4967424K)
[2825.516s][info][gc,metaspace   ] GC(619) Metaspace: 29089K(29504K)->29089K(29504K) NonClass: 24197K(24384K)->24197K(24384K) Class: 4892K(5120K)->4892K(5120K)
[2825.516s][info][gc             ] GC(619) Pause Young (Allocation Failure) 6175M->3838M(7432M) 98.031ms
[2825.516s][info][gc,cpu         ] GC(619) User=0.58s Sys=0.00s Real=0.09s
......[2831.605s][info][gc,start       ] GC(620) Pause Young (Allocation Failure)
[2831.700s][info][gc,heap        ] GC(620) PSYoungGen: 2635140K(2642944K)->139424K(2642432K) Eden: 2490880K(2490880K)->0K(2491392K) From: 144260K(152064K)->139424K(151040K)
[2831.700s][info][gc,heap        ] GC(620) ParOldGen: 3786271K(4967424K)->3877391K(4967424K)
[2831.700s][info][gc,metaspace   ] GC(620) Metaspace: 29089K(29504K)->29089K(29504K) NonClass: 24197K(24384K)->24197K(24384K) Class: 4892K(5120K)->4892K(5120K)
[2831.700s][info][gc             ] GC(620) Pause Young (Allocation Failure) 6270M->3922M(7431M) 94.313ms
[2831.700s][info][gc,cpu         ] GC(620) User=0.56s Sys=0.00s Real=0.10s
......[2837.768s][info][gc,start       ] GC(621) Pause Young (Allocation Failure)
[2837.864s][info][gc,heap        ] GC(621) PSYoungGen: 2630816K(2642432K)->140288K(2642944K) Eden: 2491392K(2491392K)->0K(2491392K) From: 139424K(151040K)->140288K(151552K)
[2837.864s][info][gc,heap        ] GC(621) ParOldGen: 3877391K(4967424K)->3969631K(4967424K)
[2837.864s][info][gc,metaspace   ] GC(621) Metaspace: 29089K(29504K)->29089K(29504K) NonClass: 24197K(24384K)->24197K(24384K) Class: 4892K(5120K)->4892K(5120K)
[2837.864s][info][gc             ] GC(621) Pause Young (Allocation Failure) 6355M->4013M(7432M) 96.019ms
[2837.864s][info][gc,cpu         ] GC(621) User=0.56s Sys=0.00s Real=0.09s
......[2843.869s][info][gc,start       ] GC(622) Pause Young (Allocation Failure)
[2843.964s][info][gc,heap        ] GC(622) PSYoungGen: 2631680K(2642944K)->138176K(2643968K) Eden: 2491392K(2491392K)->0K(2493952K) From: 140288K(151552K)->138176K(150016K)
[2843.964s][info][gc,heap        ] GC(622) ParOldGen: 3969631K(4967424K)->4063079K(4967424K)
[2843.964s][info][gc,metaspace   ] GC(622) Metaspace: 29089K(29504K)->29089K(29504K) NonClass: 24197K(24384K)->24197K(24384K) Class: 4892K(5120K)->4892K(5120K)
[2843.964s][info][gc             ] GC(622) Pause Young (Allocation Failure) 6446M->4102M(7433M) 94.904ms
[2843.964s][info][gc,cpu         ] GC(622) User=0.56s Sys=0.00s Real=0.09s
......[2849.991s][info][gc,start       ] GC(623) Pause Young (Allocation Failure)
[2850.087s][info][gc,heap        ] GC(623) PSYoungGen: 2632128K(2643968K)->139680K(2643968K) Eden: 2493952K(2493952K)->0K(2493952K) From: 138176K(150016K)->139680K(150016K)
[2850.087s][info][gc,heap        ] GC(623) ParOldGen: 4063079K(4967424K)->4154215K(4967424K)
[2850.087s][info][gc,metaspace   ] GC(623) Metaspace: 29089K(29504K)->29089K(29504K) NonClass: 24197K(24384K)->24197K(24384K) Class: 4892K(5120K)->4892K(5120K)
[2850.087s][info][gc             ] GC(623) Pause Young (Allocation Failure) 6538M->4193M(7433M) 95.984ms
[2850.087s][info][gc,cpu         ] GC(623) User=0.56s Sys=0.00s Real=0.09s
..... (rIR:aIR:PR = 3321:3323:3323) (tPR = 48878) [OK] 
  2854s: Performance info:
         Transaction,    Success,    Partial,     Failed,   Receipts, AvgBarcode, 
             Overall,     199657,          0,          0,     189702,      59.47, 
         Response times:
             Request,    Success,    Partial,     Failed,   SkipFail,     Probes,    Samples,      min,      p50,      p90,      p95,      p99,      max, 
       TotalPurchase,     189697,          0,          0,          0,     186114,     201641,      300,     2600,     4000,     4500,    12100,   115000,
     InStorePurchase,      99843,          0,          0,          0,      98202,     106131,      300,     2600,     4000,     4500,    12800,   115000,
      OnlinePurchase,      69852,          0,          0,          0,      68612,      74481,      300,     2600,     4000,     4500,    11918,   115000,
        InstPurchase,      20002,          0,          0,          0,      19300,      21029,      300,     2300,     3900,     4400,    10270,   115000,
          AssocOfCat,        199,          0,          0,          0,        147,        221,    17000,    25000,    32000,    33000,    62140,    76000,
      AssocOfProduct,       1997,          0,          0,          0,       1825,       2105,      500,     1300,     2100,     2670,     4800,    24000,
      BusinessReport,        500,          0,          0,          0,        416,        526,    19000,    31000,    40000,    43650,   111770,   177000,
          CustBuyBeh,       1998,          0,          0,          0,       1818,       2133,      200,     2600,     3700,     4200,    13460,   105000,
       ProductReturn,       5282,          0,          0,          0,       5052,       5705,      200,     3100,     4200,     4700,    15100,   102000,

  2854s: (25%)   IR =   3459 .[2856.151s][info][gc,start       ] GC(624) Pause Young (Allocation Failure)
[2856.245s][info][gc,heap        ] GC(624) PSYoungGen: 2633632K(2643968K)->143474K(2645504K) Eden: 2493952K(2493952K)->0K(2496000K) From: 139680K(150016K)->143474K(149504K)
[2856.245s][info][gc,heap        ] GC(624) ParOldGen: 4154215K(4967424K)->4245279K(4967424K)
[2856.245s][info][gc,metaspace   ] GC(624) Metaspace: 29089K(29504K)->29089K(29504K) NonClass: 24197K(24384K)->24197K(24384K) Class: 4892K(5120K)->4892K(5120K)
[2856.245s][info][gc             ] GC(624) Pause Young (Allocation Failure) 6628M->4285M(7434M) 94.789ms
[2856.245s][info][gc,cpu         ] GC(624) User=0.56s Sys=0.00s Real=0.09s
....|..[2861.936s][info][gc,start       ] GC(625) Pause Young (Allocation Failure)
[2862.033s][info][gc,heap        ] GC(625) PSYoungGen: 2639474K(2645504K)->143028K(2645504K) Eden: 2496000K(2496000K)->0K(2496000K) From: 143474K(149504K)->143028K(149504K)
[2862.033s][info][gc,heap        ] GC(625) ParOldGen: 4245279K(4967424K)->4339359K(4967424K)
[2862.033s][info][gc,metaspace   ] GC(625) Metaspace: 29089K(29504K)->29089K(29504K) NonClass: 24197K(24384K)->24197K(24384K) Class: 4892K(5120K)->4892K(5120K)
[2862.033s][info][gc             ] GC(625) Pause Young (Allocation Failure) 6723M->4377M(7434M) 97.707ms
[2862.033s][info][gc,cpu         ] GC(625) User=0.58s Sys=0.00s Real=0.10s
......[2867.931s][info][gc,start       ] GC(626) Pause Young (Allocation Failure)
[2868.031s][info][gc,heap        ] GC(626) PSYoungGen: 2639028K(2645504K)->145108K(2645504K) Eden: 2496000K(2496000K)->0K(2496000K) From: 143028K(149504K)->145108K(149504K)
[2868.031s][info][gc,heap        ] GC(626) ParOldGen: 4339359K(4967424K)->4430783K(4967424K)
[2868.031s][info][gc,metaspace   ] GC(626) Metaspace: 29089K(29504K)->29089K(29504K) NonClass: 24197K(24384K)->24197K(24384K) Class: 4892K(5120K)->4892K(5120K)
[2868.031s][info][gc             ] GC(626) Pause Young (Allocation Failure) 6814M->4468M(7434M) 99.567ms
[2868.031s][info][gc,cpu         ] GC(626) User=0.58s Sys=0.01s Real=0.10s
......[2873.756s][info][gc,start       ] GC(627) Pause Young (Allocation Failure)
[2873.851s][info][gc,heap        ] GC(627) PSYoungGen: 2641108K(2645504K)->139264K(2646016K) Eden: 2496000K(2496000K)->0K(2496000K) From: 145108K(149504K)->139264K(150016K)
[2873.851s][info][gc,heap        ] GC(627) ParOldGen: 4430783K(4967424K)->4523727K(4967424K)
[2873.851s][info][gc,metaspace   ] GC(627) Metaspace: 29089K(29504K)->29089K(29504K) NonClass: 24197K(24384K)->24197K(24384K) Class: 4892K(5120K)->4892K(5120K)
[2873.852s][info][gc             ] GC(627) Pause Young (Allocation Failure) 6906M->4553M(7435M) 95.963ms
[2873.852s][info][gc,cpu         ] GC(627) User=0.57s Sys=0.00s Real=0.10s
......[2879.676s][info][gc,start       ] GC(628) Pause Young (Allocation Failure)
[2879.773s][info][gc,heap        ] GC(628) PSYoungGen: 2635264K(2646016K)->143428K(2645504K) Eden: 2496000K(2496000K)->0K(2496000K) From: 139264K(150016K)->143428K(149504K)
[2879.773s][info][gc,heap        ] GC(628) ParOldGen: 4523727K(4967424K)->4616231K(4967424K)
[2879.773s][info][gc,metaspace   ] GC(628) Metaspace: 29089K(29504K)->29089K(29504K) NonClass: 24197K(24384K)->24197K(24384K) Class: 4892K(5120K)->4892K(5120K)
[2879.773s][info][gc             ] GC(628) Pause Young (Allocation Failure) 6991M->4648M(7434M) 97.681ms
[2879.773s][info][gc,cpu         ] GC(628) User=0.58s Sys=0.00s Real=0.10s
......[2885.590s][info][gc,start       ] GC(629) Pause Young (Allocation Failure)
[2885.688s][info][gc,heap        ] GC(629) PSYoungGen: 2639428K(2645504K)->143220K(2646016K) Eden: 2496000K(2496000K)->0K(2496000K) From: 143428K(149504K)->143220K(150016K)
[2885.688s][info][gc,heap        ] GC(629) ParOldGen: 4616231K(4967424K)->4707999K(4967424K)
[2885.688s][info][gc,metaspace   ] GC(629) Metaspace: 29089K(29504K)->29089K(29504K) NonClass: 24197K(24384K)->24197K(24384K) Class: 4892K(5120K)->4892K(5120K)
[2885.688s][info][gc             ] GC(629) Pause Young (Allocation Failure) 7085M->4737M(7435M) 98.145ms
[2885.688s][info][gc,cpu         ] GC(629) User=0.58s Sys=0.00s Real=0.10s
......[2891.413s][info][gc,start       ] GC(630) Pause Young (Allocation Failure)
[2891.511s][info][gc,heap        ] GC(630) PSYoungGen: 2639220K(2646016K)->139328K(2644992K) Eden: 2496000K(2496000K)->0K(2496512K) From: 143220K(150016K)->139328K(148480K)
[2891.511s][info][gc,heap        ] GC(630) ParOldGen: 4707999K(4967424K)->4799719K(4967424K)
[2891.511s][info][gc,metaspace   ] GC(630) Metaspace: 29089K(29504K)->29089K(29504K) NonClass: 24197K(24384K)->24197K(24384K) Class: 4892K(5120K)->4892K(5120K)
[2891.511s][info][gc             ] GC(630) Pause Young (Allocation Failure) 7175M->4823M(7434M) 97.679ms
[2891.511s][info][gc,cpu         ] GC(630) User=0.58s Sys=0.00s Real=0.10s
......[2897.392s][info][gc,start       ] GC(631) Pause Young (Allocation Failure)
[2897.489s][info][gc,heap        ] GC(631) PSYoungGen: 2635840K(2644992K)->138944K(2645504K) Eden: 2496512K(2496512K)->0K(2496512K) From: 139328K(148480K)->138944K(148992K)
[2897.489s][info][gc,heap        ] GC(631) ParOldGen: 4799719K(4967424K)->4891031K(4967424K)
[2897.489s][info][gc,metaspace   ] GC(631) Metaspace: 29089K(29504K)->29089K(29504K) NonClass: 24197K(24384K)->24197K(24384K) Class: 4892K(5120K)->4892K(5120K)
[2897.489s][info][gc             ] GC(631) Pause Young (Allocation Failure) 7261M->4912M(7434M) 96.215ms
[2897.489s][info][gc,cpu         ] GC(631) User=0.56s Sys=0.00s Real=0.10s
.....[2903.253s][info][gc,start       ] GC(632) Pause Young (Allocation Failure)
[2903.349s][info][gc,heap        ] GC(632) PSYoungGen: 2635456K(2645504K)->135872K(2647040K) Eden: 2496512K(2496512K)->0K(2498048K) From: 138944K(148992K)->135872K(148992K)
[2903.349s][info][gc,heap        ] GC(632) ParOldGen: 4891031K(4967424K)->4984199K(4984320K)
[2903.349s][info][gc,metaspace   ] GC(632) Metaspace: 29089K(29504K)->29089K(29504K) NonClass: 24197K(24384K)->24197K(24384K) Class: 4892K(5120K)->4892K(5120K)
[2903.349s][info][gc             ] GC(632) Pause Young (Allocation Failure) 7350M->5000M(7452M) 96.719ms
[2903.349s][info][gc,cpu         ] GC(632) User=0.57s Sys=0.00s Real=0.10s
......[2909.245s][info][gc,start       ] GC(633) Pause Young (Allocation Failure)
[2909.347s][info][gc,heap        ] GC(633) PSYoungGen: 2633920K(2647040K)->142496K(2647040K) Eden: 2498048K(2498048K)->0K(2498048K) From: 135872K(148992K)->142496K(148992K)
[2909.347s][info][gc,heap        ] GC(633) ParOldGen: 4984199K(4984320K)->5076031K(5076480K)
[2909.347s][info][gc,metaspace   ] GC(633) Metaspace: 29089K(29504K)->29089K(29504K) NonClass: 24197K(24384K)->24197K(24384K) Class: 4892K(5120K)->4892K(5120K)
[2909.347s][info][gc             ] GC(633) Pause Young (Allocation Failure) 7439M->5096M(7542M) 101.845ms
[2909.347s][info][gc,cpu         ] GC(633) User=0.56s Sys=0.04s Real=0.10s
......[2915.132s][info][gc,start       ] GC(634) Pause Young (Allocation Failure)
[2915.235s][info][gc,heap        ] GC(634) PSYoungGen: 2640544K(2647040K)->140448K(2644992K) Eden: 2498048K(2498048K)->0K(2498048K) From: 142496K(148992K)->140448K(146944K)
[2915.235s][info][gc,heap        ] GC(634) ParOldGen: 5076031K(5076480K)->5169255K(5169664K)
[2915.235s][info][gc,metaspace   ] GC(634) Metaspace: 29089K(29504K)->29089K(29504K) NonClass: 24197K(24384K)->24197K(24384K) Class: 4892K(5120K)->4892K(5120K)
[2915.235s][info][gc             ] GC(634) Pause Young (Allocation Failure) 7535M->5185M(7631M) 103.152ms
[2915.235s][info][gc,cpu         ] GC(634) User=0.58s Sys=0.02s Real=0.10s
..... (rIR:aIR:PR = 3459:3458:3458) (tPR = 51048) [OK] 
  2919s: Performance info:
         Transaction,    Success,    Partial,     Failed,   Receipts, AvgBarcode, 
             Overall,     207864,          0,          0,     197468,      59.48, 
         Response times:
             Request,    Success,    Partial,     Failed,   SkipFail,     Probes,    Samples,      min,      p50,      p90,      p95,      p99,      max, 
       TotalPurchase,     197468,          0,          0,          0,     193759,     211152,      300,     2600,     4100,     4700,    12600,   119000,
     InStorePurchase,     103971,          0,          0,          0,     102301,     111233,      300,     2600,     4100,     4600,    12666,   119000,
      OnlinePurchase,      72728,          0,          0,          0,      71338,      77732,      300,     2700,     4200,     4700,    12967,   117000,
        InstPurchase,      20769,          0,          0,          0,      20120,      22187,      400,     2300,     4000,     4600,    11212,   117000,
          AssocOfCat,        205,          0,          0,          0,        142,        214,    16600,    25000,    30000,    31000,    63750,   120000,
      AssocOfProduct,       2086,          0,          0,          0,       1922,       2265,      400,     3300,     4600,     5000,    12634,    44000,
      BusinessReport,        518,          0,          0,          0,        438,        566,    19500,    32000,    39000,    47650,   131660,   150000,
          CustBuyBeh,       2081,          0,          0,          0,       1865,       2172,      300,     3000,     4100,     4735,    17100,   103000,
       ProductReturn,       5506,          0,          0,          0,       5189,       5833,      200,     1700,     3400,     3900,     8766,   104000,

  2919s: (26%)   IR =   3598 .[2921.019s][info][gc,start       ] GC(635) Pause Young (Allocation Failure)
[2921.124s][info][gc,heap        ] GC(635) PSYoungGen: 2638496K(2644992K)->145605K(2646016K) Eden: 2498048K(2498048K)->0K(2498048K) From: 140448K(146944K)->145605K(147968K)
[2921.124s][info][gc,heap        ] GC(635) ParOldGen: 5169255K(5169664K)->5261471K(5261824K)
[2921.124s][info][gc,metaspace   ] GC(635) Metaspace: 29089K(29504K)->29089K(29504K) NonClass: 24197K(24384K)->24197K(24384K) Class: 4892K(5120K)->4892K(5120K)
[2921.124s][info][gc             ] GC(635) Pause Young (Allocation Failure) 7624M->5280M(7722M) 105.026ms
[2921.124s][info][gc,cpu         ] GC(635) User=0.58s Sys=0.03s Real=0.10s
...|...[2926.729s][info][gc,start       ] GC(636) Pause Young (Allocation Failure)
[2926.829s][info][gc,heap        ] GC(636) PSYoungGen: 2643653K(2646016K)->139648K(2647040K) Eden: 2498048K(2498048K)->0K(2497536K) From: 145605K(147968K)->139648K(149504K)
[2926.829s][info][gc,heap        ] GC(636) ParOldGen: 5261471K(5261824K)->5353431K(5353472K)
[2926.829s][info][gc,metaspace   ] GC(636) Metaspace: 29089K(29504K)->29089K(29504K) NonClass: 24197K(24384K)->24197K(24384K) Class: 4892K(5120K)->4892K(5120K)
[2926.829s][info][gc             ] GC(636) Pause Young (Allocation Failure) 7719M->5364M(7813M) 100.027ms
[2926.829s][info][gc,cpu         ] GC(636) User=0.58s Sys=0.02s Real=0.10s
......[2932.413s][info][gc,start       ] GC(637) Pause Young (Allocation Failure)
[2932.512s][info][gc,heap        ] GC(637) PSYoungGen: 2637184K(2647040K)->137888K(2635776K) Eden: 2497536K(2497536K)->0K(2497536K) From: 139648K(149504K)->137888K(138240K)
[2932.512s][info][gc,heap        ] GC(637) ParOldGen: 5353431K(5353472K)->5445703K(5446144K)
[2932.512s][info][gc,metaspace   ] GC(637) Metaspace: 29089K(29504K)->29089K(29504K) NonClass: 24197K(24384K)->24197K(24384K) Class: 4892K(5120K)->4892K(5120K)
[2932.512s][info][gc             ] GC(637) Pause Young (Allocation Failure) 7803M->5452M(7892M) 98.944ms
[2932.512s][info][gc,cpu         ] GC(637) User=0.55s Sys=0.03s Real=0.10s
[2932.937s][info][gc,start       ] GC(638) Pause Full (Diagnostic Command)
[2932.937s][info][gc,phases,start] GC(638) Marking Phase
[2933.221s][info][gc,phases      ] GC(638) Marking Phase 283.534ms
[2933.221s][info][gc,phases,start] GC(638) Summary Phase
[2933.221s][info][gc,phases      ] GC(638) Summary Phase 0.080ms
[2933.221s][info][gc,phases,start] GC(638) Forward
[2933.367s][info][gc,phases      ] GC(638) Forward 146.192ms
[2933.367s][info][gc,phases,start] GC(638) Adjust Pointers
[2933.561s][info][gc,phases      ] GC(638) Adjust Pointers 193.454ms
[2933.561s][info][gc,phases,start] GC(638) Compaction Phase
[2933.718s][info][gc,phases      ] GC(638) Compaction Phase 157.074ms
[2933.719s][info][gc,phases,start] GC(638) Post Compact
[2933.724s][info][gc,phases      ] GC(638) Post Compact 5.075ms
[2933.724s][info][gc,heap        ] GC(638) PSYoungGen: 365120K(2635776K)->0K(2635776K) Eden: 227232K(2497536K)->0K(2497536K) From: 137888K(138240K)->0K(138240K)
[2933.724s][info][gc,heap        ] GC(638) ParOldGen: 5445703K(5446144K)->1137882K(5446144K)
[2933.724s][info][gc,metaspace   ] GC(638) Metaspace: 29089K(29504K)->29089K(29504K) NonClass: 24197K(24384K)->24197K(24384K) Class: 4892K(5120K)->4892K(5120K)
[2933.724s][info][gc             ] GC(638) Pause Full (Diagnostic Command) 5674M->1111M(7892M) 787.122ms
[2933.725s][info][gc,cpu         ] GC(638) User=4.16s Sys=0.01s Real=0.78s
.....[2938.572s][info][gc,start       ] GC(639) Pause Young (Allocation Failure)
[2938.633s][info][gc,heap        ] GC(639) PSYoungGen: 2497536K(2635776K)->137984K(2646016K) Eden: 2497536K(2497536K)->0K(2497536K) From: 0K(138240K)->137984K(148480K)
[2938.633s][info][gc,heap        ] GC(639) ParOldGen: 1137882K(5446144K)->1137882K(5446144K)
[2938.633s][info][gc,metaspace   ] GC(639) Metaspace: 29089K(29504K)->29089K(29504K) NonClass: 24197K(24384K)->24197K(24384K) Class: 4892K(5120K)->4892K(5120K)
[2938.633s][info][gc             ] GC(639) Pause Young (Allocation Failure) 3550M->1245M(7902M) 61.536ms
[2938.633s][info][gc,cpu         ] GC(639) User=0.36s Sys=0.00s Real=0.06s
......[2944.175s][info][gc,start       ] GC(640) Pause Young (Allocation Failure)
[2944.269s][info][gc,heap        ] GC(640) PSYoungGen: 2635520K(2646016K)->144790K(2646016K) Eden: 2497536K(2497536K)->0K(2497536K) From: 137984K(148480K)->144790K(148480K)
[2944.269s][info][gc,heap        ] GC(640) ParOldGen: 1137882K(5446144K)->1230406K(5446144K)
[2944.269s][info][gc,metaspace   ] GC(640) Metaspace: 29089K(29504K)->29089K(29504K) NonClass: 24197K(24384K)->24197K(24384K) Class: 4892K(5120K)->4892K(5120K)
[2944.269s][info][gc             ] GC(640) Pause Young (Allocation Failure) 3684M->1342M(7902M) 93.347ms
[2944.269s][info][gc,cpu         ] GC(640) User=0.55s Sys=0.00s Real=0.10s
......[2949.901s][info][gc,start       ] GC(641) Pause Young (Allocation Failure)
[2949.993s][info][gc,heap        ] GC(641) PSYoungGen: 2642326K(2646016K)->142112K(2647040K) Eden: 2497536K(2497536K)->0K(2498048K) From: 144790K(148480K)->142112K(148992K)
[2949.994s][info][gc,heap        ] GC(641) ParOldGen: 1230406K(5446144K)->1321454K(5446144K)
[2949.994s][info][gc,metaspace   ] GC(641) Metaspace: 29089K(29504K)->29089K(29504K) NonClass: 24197K(24384K)->24197K(24384K) Class: 4892K(5120K)->4892K(5120K)
[2949.994s][info][gc             ] GC(641) Pause Young (Allocation Failure) 3781M->1429M(7903M) 92.450ms
[2949.994s][info][gc,cpu         ] GC(641) User=0.55s Sys=0.00s Real=0.09s
.....[2955.580s][info][gc,start       ] GC(642) Pause Young (Allocation Failure)
[2955.673s][info][gc,heap        ] GC(642) PSYoungGen: 2640160K(2647040K)->138496K(2636800K) Eden: 2498048K(2498048K)->0K(2498048K) From: 142112K(148992K)->138496K(138752K)
[2955.673s][info][gc,heap        ] GC(642) ParOldGen: 1321454K(5446144K)->1414062K(5446144K)
[2955.673s][info][gc,metaspace   ] GC(642) Metaspace: 29089K(29504K)->29089K(29504K) NonClass: 24197K(24384K)->24197K(24384K) Class: 4892K(5120K)->4892K(5120K)
[2955.673s][info][gc             ] GC(642) Pause Young (Allocation Failure) 3868M->1516M(7893M) 93.822ms
[2955.673s][info][gc,cpu         ] GC(642) User=0.55s Sys=0.00s Real=0.09s
......[2961.215s][info][gc,start       ] GC(643) Pause Young (Allocation Failure)
[2961.309s][info][gc,heap        ] GC(643) PSYoungGen: 2636544K(2636800K)->140352K(2647040K) Eden: 2498048K(2498048K)->0K(2498560K) From: 138496K(138752K)->140352K(148480K)
[2961.309s][info][gc,heap        ] GC(643) ParOldGen: 1414062K(5446144K)->1506030K(5446144K)
[2961.309s][info][gc,metaspace   ] GC(643) Metaspace: 29089K(29504K)->29089K(29504K) NonClass: 24197K(24384K)->24197K(24384K) Class: 4892K(5120K)->4892K(5120K)
[2961.309s][info][gc             ] GC(643) Pause Young (Allocation Failure) 3955M->1607M(7903M) 93.279ms
[2961.309s][info][gc,cpu         ] GC(643) User=0.56s Sys=0.00s Real=0.10s
......[2966.998s][info][gc,start       ] GC(644) Pause Young (Allocation Failure)
[2967.090s][info][gc,heap        ] GC(644) PSYoungGen: 2638912K(2647040K)->142336K(2646528K) Eden: 2498560K(2498560K)->0K(2498560K) From: 140352K(148480K)->142336K(147968K)
[2967.090s][info][gc,heap        ] GC(644) ParOldGen: 1506030K(5446144K)->1597254K(5446144K)
[2967.090s][info][gc,metaspace   ] GC(644) Metaspace: 29089K(29504K)->29089K(29504K) NonClass: 24197K(24384K)->24197K(24384K) Class: 4892K(5120K)->4892K(5120K)
[2967.090s][info][gc             ] GC(644) Pause Young (Allocation Failure) 4047M->1698M(7903M) 92.252ms
[2967.090s][info][gc,cpu         ] GC(644) User=0.55s Sys=0.00s Real=0.09s
.....[2972.676s][info][gc,start       ] GC(645) Pause Young (Allocation Failure)
[2972.769s][info][gc,heap        ] GC(645) PSYoungGen: 2640896K(2646528K)->138816K(2647040K) Eden: 2498560K(2498560K)->0K(2499584K) From: 142336K(147968K)->138816K(147456K)
[2972.769s][info][gc,heap        ] GC(645) ParOldGen: 1597254K(5446144K)->1690830K(5446144K)
[2972.769s][info][gc,metaspace   ] GC(645) Metaspace: 29089K(29504K)->29089K(29504K) NonClass: 24197K(24384K)->24197K(24384K) Class: 4892K(5120K)->4892K(5120K)
[2972.769s][info][gc             ] GC(645) Pause Young (Allocation Failure) 4138M->1786M(7903M) 92.795ms
[2972.769s][info][gc,cpu         ] GC(645) User=0.55s Sys=0.00s Real=0.10s
......[2978.336s][info][gc,start       ] GC(646) Pause Young (Allocation Failure)
[2978.427s][info][gc,heap        ] GC(646) PSYoungGen: 2638400K(2647040K)->136704K(2647040K) Eden: 2499584K(2499584K)->0K(2499584K) From: 138816K(147456K)->136704K(147456K)
[2978.427s][info][gc,heap        ] GC(646) ParOldGen: 1690830K(5446144K)->1782902K(5446144K)
[2978.427s][info][gc,metaspace   ] GC(646) Metaspace: 29089K(29504K)->29089K(29504K) NonClass: 24197K(24384K)->24197K(24384K) Class: 4892K(5120K)->4892K(5120K)
[2978.427s][info][gc             ] GC(646) Pause Young (Allocation Failure) 4227M->1874M(7903M) 90.918ms
[2978.427s][info][gc,cpu         ] GC(646) User=0.54s Sys=0.00s Real=0.09s
...... (rIR:aIR:PR = 3598:3598:3598) (tPR = 53305) [OK] 
  2983s: Performance info:
         Transaction,    Success,    Partial,     Failed,   Receipts, AvgBarcode, 
             Overall,     217510,          0,          0,     206641,      59.48, 
         Response times:
             Request,    Success,    Partial,     Failed,   SkipFail,     Probes,    Samples,      min,      p50,      p90,      p95,      p99,      max, 
       TotalPurchase,     206641,          0,          0,          0,     201220,     216703,      300,     2800,     4400,     5300,   102000,   900000,
     InStorePurchase,     108787,          0,          0,          0,     105869,     113706,      300,     2700,     4400,     5400,   102000,   900000,
      OnlinePurchase,      76103,          0,          0,          0,      74435,      80125,      300,     2800,     4400,     5300,    86000,   800000,
        InstPurchase,      21751,          0,          0,          0,      20916,      22872,      400,     2900,     4500,     5500,    91000,   192000,
          AssocOfCat,        219,          0,          0,          0,        169,        239,    17800,    26000,    35000,    48000,   170000,   170000,
      AssocOfProduct,       2177,          0,          0,          0,       2039,       2328,     1100,     3300,     4500,     5400,   103000,   162000,
      BusinessReport,        541,          0,          0,          0,        448,        582,    19900,    33000,    41000,    50000,   162170,   900000,
          CustBuyBeh,       2175,          0,          0,          0,       1989,       2309,      200,     2000,     4200,     4900,    85400,   182000,
       ProductReturn,       5757,          0,          0,          0,       5401,       6159,      200,     1800,     4300,     5200,   178000,   800000,

  2983s: (27%)   IR =   3736 [2983.992s][info][gc,start       ] GC(647) Pause Young (Allocation Failure)
[2984.086s][info][gc,heap        ] GC(647) PSYoungGen: 2636288K(2647040K)->140320K(2647552K) Eden: 2499584K(2499584K)->0K(2501120K) From: 136704K(147456K)->140320K(146432K)
[2984.086s][info][gc,heap        ] GC(647) ParOldGen: 1782902K(5446144K)->1875398K(5446144K)
[2984.086s][info][gc,metaspace   ] GC(647) Metaspace: 29089K(29504K)->29089K(29504K) NonClass: 24197K(24384K)->24197K(24384K) Class: 4892K(5120K)->4892K(5120K)
[2984.086s][info][gc             ] GC(647) Pause Young (Allocation Failure) 4315M->1968M(7904M) 94.035ms
[2984.086s][info][gc,cpu         ] GC(647) User=0.55s Sys=0.00s Real=0.09s
.....[2989.491s][info][gc,start       ] GC(648) Pause Young (Allocation Failure)
[2989.588s][info][gc,heap        ] GC(648) PSYoungGen: 2641440K(2647552K)->143749K(2648064K) Eden: 2501120K(2501120K)->0K(2501120K) From: 140320K(146432K)->143749K(146944K)
[2989.588s][info][gc,heap        ] GC(648) ParOldGen: 1875398K(5446144K)->1967438K(5446144K)
[2989.588s][info][gc,metaspace   ] GC(648) Metaspace: 29089K(29504K)->29089K(29504K) NonClass: 24197K(24384K)->24197K(24384K) Class: 4892K(5120K)->4892K(5120K)
[2989.588s][info][gc             ] GC(648) Pause Young (Allocation Failure) 4410M->2061M(7904M) 96.274ms
[2989.588s][info][gc,cpu         ] GC(648) User=0.57s Sys=0.00s Real=0.10s
.|.....[2994.912s][info][gc,start       ] GC(649) Pause Young (Allocation Failure)
[2995.004s][info][gc,heap        ] GC(649) PSYoungGen: 2644869K(2648064K)->138752K(2648576K) Eden: 2501120K(2501120K)->0K(2501632K) From: 143749K(146944K)->138752K(146944K)
[2995.004s][info][gc,heap        ] GC(649) ParOldGen: 1967438K(5446144K)->2060062K(5446144K)
[2995.004s][info][gc,metaspace   ] GC(649) Metaspace: 29089K(29504K)->29089K(29504K) NonClass: 24197K(24384K)->24197K(24384K) Class: 4892K(5120K)->4892K(5120K)
[2995.004s][info][gc             ] GC(649) Pause Young (Allocation Failure) 4504M->2147M(7905M) 91.727ms
[2995.004s][info][gc,cpu         ] GC(649) User=0.55s Sys=0.00s Real=0.09s
.....[3000.408s][info][gc,start       ] GC(650) Pause Young (Allocation Failure)
[3000.500s][info][gc,heap        ] GC(650) PSYoungGen: 2640384K(2648576K)->139744K(2648576K) Eden: 2501632K(2501632K)->0K(2501632K) From: 138752K(146944K)->139744K(146944K)
[3000.500s][info][gc,heap        ] GC(650) ParOldGen: 2060062K(5446144K)->2150550K(5446144K)
[3000.500s][info][gc,metaspace   ] GC(650) Metaspace: 29089K(29504K)->29089K(29504K) NonClass: 24197K(24384K)->24197K(24384K) Class: 4892K(5120K)->4892K(5120K)
[3000.500s][info][gc             ] GC(650) Pause Young (Allocation Failure) 4590M->2236M(7905M) 91.724ms
[3000.500s][info][gc,cpu         ] GC(650) User=0.55s Sys=0.00s Real=0.09s
.....[3005.868s][info][gc,start       ] GC(651) Pause Young (Allocation Failure)
[3005.963s][info][gc,heap        ] GC(651) PSYoungGen: 2641376K(2648576K)->144036K(2647552K) Eden: 2501632K(2501632K)->0K(2501120K) From: 139744K(146944K)->144036K(146432K)
[3005.963s][info][gc,heap        ] GC(651) ParOldGen: 2150550K(5446144K)->2243318K(5446144K)
[3005.963s][info][gc,metaspace   ] GC(651) Metaspace: 29089K(29504K)->29089K(29504K) NonClass: 24197K(24384K)->24197K(24384K) Class: 4892K(5120K)->4892K(5120K)
[3005.963s][info][gc             ] GC(651) Pause Young (Allocation Failure) 4679M->2331M(7904M) 95.469ms
[3005.963s][info][gc,cpu         ] GC(651) User=0.57s Sys=0.00s Real=0.09s
......[3011.429s][info][gc,start       ] GC(652) Pause Young (Allocation Failure)
[3011.522s][info][gc,heap        ] GC(652) PSYoungGen: 2645156K(2647552K)->139808K(2648576K) Eden: 2501120K(2501120K)->0K(2501120K) From: 144036K(146432K)->139808K(147456K)
[3011.522s][info][gc,heap        ] GC(652) ParOldGen: 2243318K(5446144K)->2335054K(5446144K)
[3011.522s][info][gc,metaspace   ] GC(652) Metaspace: 29089K(29504K)->29089K(29504K) NonClass: 24197K(24384K)->24197K(24384K) Class: 4892K(5120K)->4892K(5120K)
[3011.522s][info][gc             ] GC(652) Pause Young (Allocation Failure) 4773M->2416M(7905M) 92.623ms
[3011.522s][info][gc,cpu         ] GC(652) User=0.55s Sys=0.01s Real=0.09s
.....[3016.824s][info][gc,start       ] GC(653) Pause Young (Allocation Failure)
[3016.916s][info][gc,heap        ] GC(653) PSYoungGen: 2640928K(2648576K)->138496K(2647040K) Eden: 2501120K(2501120K)->0K(2501632K) From: 139808K(147456K)->138496K(145408K)
[3016.916s][info][gc,heap        ] GC(653) ParOldGen: 2335054K(5446144K)->2427950K(5446144K)
[3016.916s][info][gc,metaspace   ] GC(653) Metaspace: 29089K(29504K)->29089K(29504K) NonClass: 24197K(24384K)->24197K(24384K) Class: 4892K(5120K)->4892K(5120K)
[3016.916s][info][gc             ] GC(653) Pause Young (Allocation Failure) 4859M->2506M(7903M) 91.538ms
[3016.916s][info][gc,cpu         ] GC(653) User=0.55s Sys=0.00s Real=0.09s
......[3022.301s][info][gc,start       ] GC(654) Pause Young (Allocation Failure)
[3022.393s][info][gc,heap        ] GC(654) PSYoungGen: 2640128K(2647040K)->137728K(2648064K) Eden: 2501632K(2501632K)->0K(2501632K) From: 138496K(145408K)->137728K(146432K)
[3022.393s][info][gc,heap        ] GC(654) ParOldGen: 2427950K(5446144K)->2519062K(5446144K)
[3022.393s][info][gc,metaspace   ] GC(654) Metaspace: 29089K(29504K)->29089K(29504K) NonClass: 24197K(24384K)->24197K(24384K) Class: 4892K(5120K)->4892K(5120K)
[3022.393s][info][gc             ] GC(654) Pause Young (Allocation Failure) 4949M->2594M(7904M) 92.345ms
[3022.394s][info][gc,cpu         ] GC(654) User=0.54s Sys=0.00s Real=0.09s
.....[3027.757s][info][gc,start       ] GC(655) Pause Young (Allocation Failure)
[3027.850s][info][gc,heap        ] GC(655) PSYoungGen: 2639360K(2648064K)->140352K(2648576K) Eden: 2501632K(2501632K)->0K(2503168K) From: 137728K(146432K)->140352K(145408K)
[3027.850s][info][gc,heap        ] GC(655) ParOldGen: 2519062K(5446144K)->2611662K(5446144K)
[3027.850s][info][gc,metaspace   ] GC(655) Metaspace: 29089K(29504K)->29089K(29504K) NonClass: 24197K(24384K)->24197K(24384K) Class: 4892K(5120K)->4892K(5120K)
[3027.850s][info][gc             ] GC(655) Pause Young (Allocation Failure) 5037M->2687M(7905M) 92.985ms
[3027.850s][info][gc,cpu         ] GC(655) User=0.55s Sys=0.00s Real=0.10s
......[3033.231s][info][gc,start       ] GC(656) Pause Young (Allocation Failure)
[3033.330s][info][gc,heap        ] GC(656) PSYoungGen: 2643520K(2648576K)->144816K(2649088K) Eden: 2503168K(2503168K)->0K(2503168K) From: 140352K(145408K)->144816K(145920K)
[3033.330s][info][gc,heap        ] GC(656) ParOldGen: 2611662K(5446144K)->2705118K(5446144K)
[3033.330s][info][gc,metaspace   ] GC(656) Metaspace: 29089K(29504K)->29089K(29504K) NonClass: 24197K(24384K)->24197K(24384K) Class: 4892K(5120K)->4892K(5120K)
[3033.330s][info][gc             ] GC(656) Pause Young (Allocation Failure) 5132M->2783M(7905M) 98.793ms
[3033.330s][info][gc,cpu         ] GC(656) User=0.58s Sys=0.00s Real=0.10s
.....[3038.716s][info][gc,start       ] GC(657) Pause Young (Allocation Failure)
[3038.809s][info][gc,heap        ] GC(657) PSYoungGen: 2647984K(2649088K)->139616K(2649600K) Eden: 2503168K(2503168K)->0K(2502656K) From: 144816K(145920K)->139616K(146944K)
[3038.809s][info][gc,heap        ] GC(657) ParOldGen: 2705118K(5446144K)->2796974K(5446144K)
[3038.809s][info][gc,metaspace   ] GC(657) Metaspace: 29089K(29504K)->29089K(29504K) NonClass: 24197K(24384K)->24197K(24384K) Class: 4892K(5120K)->4892K(5120K)
[3038.809s][info][gc             ] GC(657) Pause Young (Allocation Failure) 5227M->2867M(7906M) 93.083ms
[3038.809s][info][gc,cpu         ] GC(657) User=0.55s Sys=0.00s Real=0.10s
......[3044.135s][info][gc,start       ] GC(658) Pause Young (Allocation Failure)
[3044.230s][info][gc,heap        ] GC(658) PSYoungGen: 2642272K(2649600K)->142402K(2649088K) Eden: 2502656K(2502656K)->0K(2502656K) From: 139616K(146944K)->142402K(146432K)
[3044.230s][info][gc,heap        ] GC(658) ParOldGen: 2796974K(5446144K)->2889118K(5446144K)
[3044.230s][info][gc,metaspace   ] GC(658) Metaspace: 29089K(29504K)->29089K(29504K) NonClass: 24197K(24384K)->24197K(24384K) Class: 4892K(5120K)->4892K(5120K)
[3044.230s][info][gc             ] GC(658) Pause Young (Allocation Failure) 5311M->2960M(7905M) 95.011ms
[3044.230s][info][gc,cpu         ] GC(658) User=0.56s Sys=0.00s Real=0.10s
.....[3049.714s][info][gc,start       ] GC(659) Pause Young (Allocation Failure)
[3049.811s][info][gc,heap        ] GC(659) PSYoungGen: 2645058K(2649088K)->145024K(2647040K) Eden: 2502656K(2502656K)->0K(2500096K) From: 142402K(146432K)->145024K(146944K)
[3049.811s][info][gc,heap        ] GC(659) ParOldGen: 2889118K(5446144K)->2980206K(5446144K)
[3049.811s][info][gc,metaspace   ] GC(659) Metaspace: 29089K(29504K)->29089K(29504K) NonClass: 24197K(24384K)->24197K(24384K) Class: 4892K(5120K)->4892K(5120K)
[3049.811s][info][gc             ] GC(659) Pause Young (Allocation Failure) 5404M->3051M(7903M) 96.747ms
[3049.811s][info][gc,cpu         ] GC(659) User=0.57s Sys=0.00s Real=0.10s
. (rIR:aIR:PR = 3736:3735:3735) (tPR = 55586) [OK] 
  3049s: Performance info:
         Transaction,    Success,    Partial,     Failed,   Receipts, AvgBarcode, 
             Overall,     224539,          0,          0,     213328,      59.47, 
         Response times:
             Request,    Success,    Partial,     Failed,   SkipFail,     Probes,    Samples,      min,      p50,      p90,      p95,      p99,      max, 
       TotalPurchase,     213322,          0,          0,          0,     209163,     232199,      300,     2800,     4500,     5100,    16500,   138000,
     InStorePurchase,     112277,          0,          0,          0,     110362,     122393,      300,     2600,     4400,     5000,    16300,   138000,
      OnlinePurchase,      78586,          0,          0,          0,      77128,      85542,      300,     2900,     4500,     5200,    16957,   122000,
        InstPurchase,      22459,          0,          0,          0,      21673,      24264,      400,     3000,     4600,     5300,    16400,   110000,
          AssocOfCat,        224,          0,          0,          0,        170,        242,    18100,    26000,    34000,    39000,    55270,   125000,
      AssocOfProduct,       2234,          0,          0,          0,       2056,       2467,      600,     4100,     5300,     6300,    26000,   105000,
      BusinessReport,        563,          0,          0,          0,        454,        594,    21000,    31000,    41500,    47000,   129050,   152000,
          CustBuyBeh,       2241,          0,          0,          0,       2050,       2435,      200,     3600,     4700,     5400,    17220,   110000,
       ProductReturn,       5949,          0,          0,          0,       5617,       6460,      200,     2600,     4400,     5000,    17200,   105000,

  3049s: (28%)   IR =   3874 .....[3055.060s][info][gc,start       ] GC(660) Pause Young (Allocation Failure)
[3055.155s][info][gc,heap        ] GC(660) PSYoungGen: 2645120K(2647040K)->141280K(2648064K) Eden: 2500096K(2500096K)->0K(2500096K) From: 145024K(146944K)->141280K(147968K)
[3055.155s][info][gc,heap        ] GC(660) ParOldGen: 2980206K(5446144K)->3074334K(5446144K)
[3055.155s][info][gc,metaspace   ] GC(660) Metaspace: 29089K(29504K)->29089K(29504K) NonClass: 24197K(24384K)->24197K(24384K) Class: 4892K(5120K)->4892K(5120K)
[3055.155s][info][gc             ] GC(660) Pause Young (Allocation Failure) 5493M->3140M(7904M) 94.962ms
[3055.155s][info][gc,cpu         ] GC(660) User=0.56s Sys=0.00s Real=0.09s
.|....[3060.216s][info][gc,start       ] GC(661) Pause Young (Allocation Failure)
[3060.309s][info][gc,heap        ] GC(661) PSYoungGen: 2641376K(2648064K)->135648K(2647552K) Eden: 2500096K(2500096K)->0K(2500608K) From: 141280K(147968K)->135648K(146944K)
[3060.309s][info][gc,heap        ] GC(661) ParOldGen: 3074334K(5446144K)->3167470K(5446144K)
[3060.309s][info][gc,metaspace   ] GC(661) Metaspace: 29089K(29504K)->29089K(29504K) NonClass: 24197K(24384K)->24197K(24384K) Class: 4892K(5120K)->4892K(5120K)
[3060.309s][info][gc             ] GC(661) Pause Young (Allocation Failure) 5581M->3225M(7904M) 92.990ms
[3060.309s][info][gc,cpu         ] GC(661) User=0.55s Sys=0.00s Real=0.10s
.....[3065.592s][info][gc,start       ] GC(662) Pause Young (Allocation Failure)
[3065.685s][info][gc,heap        ] GC(662) PSYoungGen: 2636256K(2647552K)->140736K(2648064K) Eden: 2500608K(2500608K)->0K(2500608K) From: 135648K(146944K)->140736K(147456K)
[3065.685s][info][gc,heap        ] GC(662) ParOldGen: 3167470K(5446144K)->3257966K(5446144K)
[3065.685s][info][gc,metaspace   ] GC(662) Metaspace: 29089K(29504K)->29089K(29504K) NonClass: 24197K(24384K)->24197K(24384K) Class: 4892K(5120K)->4892K(5120K)
[3065.685s][info][gc             ] GC(662) Pause Young (Allocation Failure) 5667M->3319M(7904M) 93.309ms
[3065.685s][info][gc,cpu         ] GC(662) User=0.56s Sys=0.00s Real=0.09s
.....[3070.790s][info][gc,start       ] GC(663) Pause Young (Allocation Failure)
[3070.883s][info][gc,heap        ] GC(663) PSYoungGen: 2641344K(2648064K)->139264K(2647552K) Eden: 2500608K(2500608K)->0K(2501632K) From: 140736K(147456K)->139264K(145920K)
[3070.883s][info][gc,heap        ] GC(663) ParOldGen: 3257966K(5446144K)->3350718K(5446144K)
[3070.883s][info][gc,metaspace   ] GC(663) Metaspace: 29089K(29504K)->29089K(29504K) NonClass: 24197K(24384K)->24197K(24384K) Class: 4892K(5120K)->4892K(5120K)
[3070.883s][info][gc             ] GC(663) Pause Young (Allocation Failure) 5761M->3408M(7904M) 93.349ms
[3070.883s][info][gc,cpu         ] GC(663) User=0.55s Sys=0.00s Real=0.09s
......[3076.111s][info][gc,start       ] GC(664) Pause Young (Allocation Failure)
[3076.207s][info][gc,heap        ] GC(664) PSYoungGen: 2640896K(2647552K)->146421K(2648064K) Eden: 2501632K(2501632K)->0K(2501632K) From: 139264K(145920K)->146421K(146432K)
[3076.207s][info][gc,heap        ] GC(664) ParOldGen: 3350718K(5446144K)->3442334K(5446144K)
[3076.207s][info][gc,metaspace   ] GC(664) Metaspace: 29089K(29504K)->29089K(29504K) NonClass: 24197K(24384K)->24197K(24384K) Class: 4892K(5120K)->4892K(5120K)
[3076.207s][info][gc             ] GC(664) Pause Young (Allocation Failure) 5851M->3504M(7904M) 96.088ms
[3076.207s][info][gc,cpu         ] GC(664) User=0.57s Sys=0.00s Real=0.10s
.....[3081.354s][info][gc,start       ] GC(665) Pause Young (Allocation Failure)
[3081.449s][info][gc,heap        ] GC(665) PSYoungGen: 2648053K(2648064K)->137856K(2581504K) Eden: 2501632K(2501632K)->0K(2433536K) From: 146421K(146432K)->137856K(147968K)
[3081.449s][info][gc,heap        ] GC(665) ParOldGen: 3442334K(5446144K)->3535358K(5446144K)
[3081.449s][info][gc,metaspace   ] GC(665) Metaspace: 29089K(29504K)->29089K(29504K) NonClass: 24197K(24384K)->24197K(24384K) Class: 4892K(5120K)->4892K(5120K)
[3081.449s][info][gc             ] GC(665) Pause Young (Allocation Failure) 5947M->3587M(7839M) 94.688ms
[3081.449s][info][gc,cpu         ] GC(665) User=0.55s Sys=0.00s Real=0.10s
.....[3086.540s][info][gc,start       ] GC(666) Pause Young (Allocation Failure)
[3086.635s][info][gc,heap        ] GC(666) PSYoungGen: 2571392K(2581504K)->139648K(2614784K) Eden: 2433536K(2433536K)->0K(2433536K) From: 137856K(147968K)->139648K(181248K)
[3086.635s][info][gc,heap        ] GC(666) ParOldGen: 3535358K(5446144K)->3628782K(5446144K)
[3086.635s][info][gc,metaspace   ] GC(666) Metaspace: 29089K(29504K)->29089K(29504K) NonClass: 24197K(24384K)->24197K(24384K) Class: 4892K(5120K)->4892K(5120K)
[3086.635s][info][gc             ] GC(666) Pause Young (Allocation Failure) 5963M->3680M(7872M) 95.516ms
[3086.635s][info][gc,cpu         ] GC(666) User=0.56s Sys=0.00s Real=0.09s
.....[3091.677s][info][gc,start       ] GC(667) Pause Young (Allocation Failure)
[3091.772s][info][gc,heap        ] GC(667) PSYoungGen: 2573184K(2614784K)->141796K(2608640K) Eden: 2433536K(2433536K)->0K(2435584K) From: 139648K(181248K)->141796K(173056K)
[3091.773s][info][gc,heap        ] GC(667) ParOldGen: 3628782K(5446144K)->3720654K(5446144K)
[3091.773s][info][gc,metaspace   ] GC(667) Metaspace: 29089K(29504K)->29089K(29504K) NonClass: 24197K(24384K)->24197K(24384K) Class: 4892K(5120K)->4892K(5120K)
[3091.773s][info][gc             ] GC(667) Pause Young (Allocation Failure) 6056M->3771M(7866M) 95.719ms
[3091.773s][info][gc,cpu         ] GC(667) User=0.56s Sys=0.00s Real=0.10s
.....[3096.722s][info][gc,start       ] GC(668) Pause Young (Allocation Failure)
[3096.814s][info][gc,heap        ] GC(668) PSYoungGen: 2577380K(2608640K)->134496K(2612736K) Eden: 2435584K(2435584K)->0K(2435584K) From: 141796K(173056K)->134496K(177152K)
[3096.814s][info][gc,heap        ] GC(668) ParOldGen: 3720654K(5446144K)->3812438K(5446144K)
[3096.814s][info][gc,metaspace   ] GC(668) Metaspace: 29089K(29504K)->29089K(29504K) NonClass: 24197K(24384K)->24197K(24384K) Class: 4892K(5120K)->4892K(5120K)
[3096.814s][info][gc             ] GC(668) Pause Young (Allocation Failure) 6150M->3854M(7870M) 92.565ms
[3096.814s][info][gc,cpu         ] GC(668) User=0.54s Sys=0.00s Real=0.09s
.....[3101.900s][info][gc,start       ] GC(669) Pause Young (Allocation Failure)
[3101.993s][info][gc,heap        ] GC(669) PSYoungGen: 2570080K(2612736K)->137536K(2615296K) Eden: 2435584K(2435584K)->0K(2442240K) From: 134496K(177152K)->137536K(173056K)
[3101.993s][info][gc,heap        ] GC(669) ParOldGen: 3812438K(5446144K)->3902214K(5446144K)
[3101.993s][info][gc,metaspace   ] GC(669) Metaspace: 29089K(29504K)->29089K(29504K) NonClass: 24197K(24384K)->24197K(24384K) Class: 4892K(5120K)->4892K(5120K)
[3101.993s][info][gc             ] GC(669) Pause Young (Allocation Failure) 6232M->3945M(7872M) 92.922ms
[3101.993s][info][gc,cpu         ] GC(669) User=0.54s Sys=0.01s Real=0.09s
.....[3107.034s][info][gc,start       ] GC(670) Pause Young (Allocation Failure)
[3107.128s][info][gc,heap        ] GC(670) PSYoungGen: 2579776K(2615296K)->138528K(2617344K) Eden: 2442240K(2442240K)->0K(2442240K) From: 137536K(173056K)->138528K(175104K)
[3107.128s][info][gc,heap        ] GC(670) ParOldGen: 3902214K(5446144K)->3993302K(5446144K)
[3107.128s][info][gc,metaspace   ] GC(670) Metaspace: 29089K(29504K)->29089K(29504K) NonClass: 24197K(24384K)->24197K(24384K) Class: 4892K(5120K)->4892K(5120K)
[3107.128s][info][gc             ] GC(670) Pause Young (Allocation Failure) 6330M->4034M(7874M) 94.034ms
[3107.128s][info][gc,cpu         ] GC(670) User=0.55s Sys=0.00s Real=0.10s
......[3112.209s][info][gc,start       ] GC(671) Pause Young (Allocation Failure)
[3112.302s][info][gc,heap        ] GC(671) PSYoungGen: 2580768K(2617344K)->134624K(2618880K) Eden: 2442240K(2442240K)->0K(2447872K) From: 138528K(175104K)->134624K(171008K)
[3112.302s][info][gc,heap        ] GC(671) ParOldGen: 3993302K(5446144K)->4084486K(5446144K)
[3112.302s][info][gc,metaspace   ] GC(671) Metaspace: 29089K(29504K)->29089K(29504K) NonClass: 24197K(24384K)->24197K(24384K) Class: 4892K(5120K)->4892K(5120K)
[3112.302s][info][gc             ] GC(671) Pause Young (Allocation Failure) 6419M->4120M(7876M) 92.362ms
[3112.302s][info][gc,cpu         ] GC(671) User=0.54s Sys=0.00s Real=0.09s
.... (rIR:aIR:PR = 3874:3874:3874) (tPR = 57239) [OK] 
  3116s: Performance info:
         Transaction,    Success,    Partial,     Failed,   Receipts, AvgBarcode, 
             Overall,     232897,          0,          0,     221255,      59.47, 
         Response times:
             Request,    Success,    Partial,     Failed,   SkipFail,     Probes,    Samples,      min,      p50,      p90,      p95,      p99,      max, 
       TotalPurchase,     221255,          0,          0,          0,     217367,     239683,      300,     2900,     4700,     5300,    17900,   140000,
     InStorePurchase,     116444,          0,          0,          0,     114633,     126141,      300,     2900,     4700,     5400,    17700,   140000,
      OnlinePurchase,      81501,          0,          0,          0,      80088,      88373,      300,     2900,     4700,     5300,    18500,   140000,
        InstPurchase,      23310,          0,          0,          0,      22646,      25169,      400,     2800,     4600,     5200,    17500,   140000,
          AssocOfCat,        234,          0,          0,          0,        175,        257,    17600,    26000,    34200,    39200,    63940,    68000,
      AssocOfProduct,       2333,          0,          0,          0,       2171,       2525,      500,     3000,     4700,     5300,    13996,   103000,
      BusinessReport,        585,          0,          0,          0,        473,        638,    19600,    32000,    43000,    51000,    81100,   154000,
          CustBuyBeh,       2320,          0,          0,          0,       2129,       2545,      100,      600,     1300,     1700,     5654,    34000,
       ProductReturn,       6170,          0,          0,          0,       5885,       6696,      300,     3400,     4900,     5700,    22000,   104000,

  3116s: (29%)   IR =   4013 .[3117.332s][info][gc,start       ] GC(672) Pause Young (Allocation Failure)
[3117.425s][info][gc,heap        ] GC(672) PSYoungGen: 2582496K(2618880K)->136128K(2619904K) Eden: 2447872K(2447872K)->0K(2447872K) From: 134624K(171008K)->136128K(172032K)
[3117.425s][info][gc,heap        ] GC(672) ParOldGen: 4084486K(5446144K)->4175494K(5446144K)
[3117.425s][info][gc,metaspace   ] GC(672) Metaspace: 29089K(29504K)->29089K(29504K) NonClass: 24197K(24384K)->24197K(24384K) Class: 4892K(5120K)->4892K(5120K)
[3117.425s][info][gc             ] GC(672) Pause Young (Allocation Failure) 6510M->4210M(7877M) 93.112ms
[3117.425s][info][gc,cpu         ] GC(672) User=0.55s Sys=0.00s Real=0.09s
.....|[3122.270s][info][gc,start       ] GC(673) Pause Young (Allocation Failure)
[3122.365s][info][gc,heap        ] GC(673) PSYoungGen: 2584000K(2619904K)->136256K(2621440K) Eden: 2447872K(2447872K)->0K(2453504K) From: 136128K(172032K)->136256K(167936K)
[3122.365s][info][gc,heap        ] GC(673) ParOldGen: 4175494K(5446144K)->4268062K(5446144K)
[3122.365s][info][gc,metaspace   ] GC(673) Metaspace: 29089K(29504K)->29089K(29504K) NonClass: 24197K(24384K)->24197K(24384K) Class: 4892K(5120K)->4892K(5120K)
[3122.365s][info][gc             ] GC(673) Pause Young (Allocation Failure) 6601M->4301M(7878M) 94.838ms
[3122.365s][info][gc,cpu         ] GC(673) User=0.56s Sys=0.00s Real=0.09s
.....[3127.284s][info][gc,start       ] GC(674) Pause Young (Allocation Failure)
[3127.380s][info][gc,heap        ] GC(674) PSYoungGen: 2589760K(2621440K)->139280K(2622464K) Eden: 2453504K(2453504K)->0K(2453504K) From: 136256K(167936K)->139280K(168960K)
[3127.380s][info][gc,heap        ] GC(674) ParOldGen: 4268062K(5446144K)->4358086K(5446144K)
[3127.380s][info][gc,metaspace   ] GC(674) Metaspace: 29089K(29504K)->29089K(29504K) NonClass: 24197K(24384K)->24197K(24384K) Class: 4892K(5120K)->4892K(5120K)
[3127.380s][info][gc             ] GC(674) Pause Young (Allocation Failure) 6697M->4391M(7879M) 96.182ms
[3127.380s][info][gc,cpu         ] GC(674) User=0.56s Sys=0.00s Real=0.10s
.....[3132.263s][info][gc,start       ] GC(675) Pause Young (Allocation Failure)
[3132.357s][info][gc,heap        ] GC(675) PSYoungGen: 2592784K(2622464K)->136192K(2625024K) Eden: 2453504K(2453504K)->0K(2460160K) From: 139280K(168960K)->136192K(164864K)
[3132.357s][info][gc,heap        ] GC(675) ParOldGen: 4358086K(5446144K)->4448406K(5446144K)
[3132.357s][info][gc,metaspace   ] GC(675) Metaspace: 29089K(29504K)->29089K(29504K) NonClass: 24197K(24384K)->24197K(24384K) Class: 4892K(5120K)->4892K(5120K)
[3132.357s][info][gc             ] GC(675) Pause Young (Allocation Failure) 6787M->4477M(7882M) 94.083ms
[3132.357s][info][gc,cpu         ] GC(675) User=0.55s Sys=0.00s Real=0.09s
.....[3137.317s][info][gc,start       ] GC(676) Pause Young (Allocation Failure)
[3137.412s][info][gc,heap        ] GC(676) PSYoungGen: 2596352K(2625024K)->136288K(2625536K) Eden: 2460160K(2460160K)->0K(2460160K) From: 136192K(164864K)->136288K(165376K)
[3137.412s][info][gc,heap        ] GC(676) ParOldGen: 4448406K(5446144K)->4540382K(5446144K)
[3137.412s][info][gc,metaspace   ] GC(676) Metaspace: 29089K(29504K)->29089K(29504K) NonClass: 24197K(24384K)->24197K(24384K) Class: 4892K(5120K)->4892K(5120K)
[3137.412s][info][gc             ] GC(676) Pause Young (Allocation Failure) 6879M->4567M(7882M) 95.614ms
[3137.412s][info][gc,cpu         ] GC(676) User=0.56s Sys=0.00s Real=0.10s
.....[3142.242s][info][gc,start       ] GC(677) Pause Young (Allocation Failure)
[3142.337s][info][gc,heap        ] GC(677) PSYoungGen: 2596448K(2625536K)->135040K(2628608K) Eden: 2460160K(2460160K)->0K(2466816K) From: 136288K(165376K)->135040K(161792K)
[3142.337s][info][gc,heap        ] GC(677) ParOldGen: 4540382K(5446144K)->4633070K(5446144K)
[3142.337s][info][gc,metaspace   ] GC(677) Metaspace: 29089K(29504K)->29089K(29504K) NonClass: 24197K(24384K)->24197K(24384K) Class: 4892K(5120K)->4892K(5120K)
[3142.337s][info][gc             ] GC(677) Pause Young (Allocation Failure) 6969M->4656M(7885M) 95.456ms
[3142.337s][info][gc,cpu         ] GC(677) User=0.56s Sys=0.00s Real=0.10s
.....[3147.321s][info][gc,start       ] GC(678) Pause Young (Allocation Failure)
[3147.416s][info][gc,heap        ] GC(678) PSYoungGen: 2601856K(2628608K)->137600K(2629120K) Eden: 2466816K(2466816K)->0K(2466816K) From: 135040K(161792K)->137600K(162304K)
[3147.416s][info][gc,heap        ] GC(678) ParOldGen: 4633070K(5446144K)->4722166K(5446144K)
[3147.416s][info][gc,metaspace   ] GC(678) Metaspace: 29089K(29504K)->29089K(29504K) NonClass: 24197K(24384K)->24197K(24384K) Class: 4892K(5120K)->4892K(5120K)
[3147.416s][info][gc             ] GC(678) Pause Young (Allocation Failure) 7065M->4745M(7886M) 94.626ms
[3147.416s][info][gc,cpu         ] GC(678) User=0.56s Sys=0.00s Real=0.09s
.....[3152.357s][info][gc,start       ] GC(679) Pause Young (Allocation Failure)
[3152.451s][info][gc,heap        ] GC(679) PSYoungGen: 2604416K(2629120K)->136544K(2631680K) Eden: 2466816K(2466816K)->0K(2472960K) From: 137600K(162304K)->136544K(158720K)
[3152.451s][info][gc,heap        ] GC(679) ParOldGen: 4722166K(5446144K)->4814454K(5446144K)
[3152.451s][info][gc,metaspace   ] GC(679) Metaspace: 29089K(29504K)->29089K(29504K) NonClass: 24197K(24384K)->24197K(24384K) Class: 4892K(5120K)->4892K(5120K)
[3152.451s][info][gc             ] GC(679) Pause Young (Allocation Failure) 7154M->4834M(7888M) 94.131ms
[3152.451s][info][gc,cpu         ] GC(679) User=0.55s Sys=0.00s Real=0.10s
.....[3157.372s][info][gc,start       ] GC(680) Pause Young (Allocation Failure)
[3157.467s][info][gc,heap        ] GC(680) PSYoungGen: 2609504K(2631680K)->135392K(2632192K) Eden: 2472960K(2472960K)->0K(2472960K) From: 136544K(158720K)->135392K(159232K)
[3157.467s][info][gc,heap        ] GC(680) ParOldGen: 4814454K(5446144K)->4905958K(5446144K)
[3157.467s][info][gc,metaspace   ] GC(680) Metaspace: 29089K(29504K)->29089K(29504K) NonClass: 24197K(24384K)->24197K(24384K) Class: 4892K(5120K)->4892K(5120K)
[3157.467s][info][gc             ] GC(680) Pause Young (Allocation Failure) 7249M->4923M(7889M) 95.034ms
[3157.467s][info][gc,cpu         ] GC(680) User=0.56s Sys=0.00s Real=0.09s
.....[3162.400s][info][gc,start       ] GC(681) Pause Young (Allocation Failure)
[3162.499s][info][gc,heap        ] GC(681) PSYoungGen: 2608352K(2632192K)->141428K(2635264K) Eden: 2472960K(2472960K)->0K(2478592K) From: 135392K(159232K)->141428K(156672K)
[3162.499s][info][gc,heap        ] GC(681) ParOldGen: 4905958K(5446144K)->4997582K(5446144K)
[3162.499s][info][gc,metaspace   ] GC(681) Metaspace: 29089K(29504K)->29089K(29504K) NonClass: 24197K(24384K)->24197K(24384K) Class: 4892K(5120K)->4892K(5120K)
[3162.499s][info][gc             ] GC(681) Pause Young (Allocation Failure) 7338M->5018M(7892M) 99.008ms
[3162.499s][info][gc,cpu         ] GC(681) User=0.58s Sys=0.00s Real=0.10s
.....[3167.420s][info][gc,start       ] GC(682) Pause Young (Allocation Failure)
[3167.516s][info][gc,heap        ] GC(682) PSYoungGen: 2620020K(2635264K)->136800K(2635776K) Eden: 2478592K(2478592K)->0K(2478592K) From: 141428K(156672K)->136800K(157184K)
[3167.516s][info][gc,heap        ] GC(682) ParOldGen: 4997582K(5446144K)->5089630K(5446144K)
[3167.516s][info][gc,metaspace   ] GC(682) Metaspace: 29089K(29504K)->29089K(29504K) NonClass: 24197K(24384K)->24197K(24384K) Class: 4892K(5120K)->4892K(5120K)
[3167.516s][info][gc             ] GC(682) Pause Young (Allocation Failure) 7439M->5103M(7892M) 96.202ms
[3167.516s][info][gc,cpu         ] GC(682) User=0.56s Sys=0.00s Real=0.09s
.....[3172.464s][info][gc,start       ] GC(683) Pause Young (Allocation Failure)
[3172.562s][info][gc,heap        ] GC(683) PSYoungGen: 2615392K(2635776K)->138112K(2636800K) Eden: 2478592K(2478592K)->0K(2483200K) From: 136800K(157184K)->138112K(153600K)
[3172.562s][info][gc,heap        ] GC(683) ParOldGen: 5089630K(5446144K)->5180774K(5446144K)
[3172.562s][info][gc,metaspace   ] GC(683) Metaspace: 29089K(29504K)->29089K(29504K) NonClass: 24197K(24384K)->24197K(24384K) Class: 4892K(5120K)->4892K(5120K)
[3172.562s][info][gc             ] GC(683) Pause Young (Allocation Failure) 7524M->5194M(7893M) 97.570ms
[3172.562s][info][gc,cpu         ] GC(683) User=0.56s Sys=0.00s Real=0.10s
.....[3177.525s][info][gc,start       ] GC(684) Pause Young (Allocation Failure)
[3177.620s][info][gc,heap        ] GC(684) PSYoungGen: 2621312K(2636800K)->137248K(2637312K) Eden: 2483200K(2483200K)->0K(2483200K) From: 138112K(153600K)->137248K(154112K)
[3177.620s][info][gc,heap        ] GC(684) ParOldGen: 5180774K(5446144K)->5273142K(5446144K)
[3177.620s][info][gc,metaspace   ] GC(684) Metaspace: 29089K(29504K)->29089K(29504K) NonClass: 24197K(24384K)->24197K(24384K) Class: 4892K(5120K)->4892K(5120K)
[3177.620s][info][gc             ] GC(684) Pause Young (Allocation Failure) 7619M->5283M(7894M) 95.495ms
[3177.620s][info][gc,cpu         ] GC(684) User=0.56s Sys=0.00s Real=0.10s
..... (rIR:aIR:PR = 4013:4015:4015) (tPR = 59707) [OK] 
  3182s: Performance info:
         Transaction,    Success,    Partial,     Failed,   Receipts, AvgBarcode, 
             Overall,     241002,          0,          0,     228948,      59.47, 
         Response times:
             Request,    Success,    Partial,     Failed,   SkipFail,     Probes,    Samples,      min,      p50,      p90,      p95,      p99,      max, 
       TotalPurchase,     228948,          0,          0,          0,     225329,     248039,      300,     3000,     4800,     5500,    15100,   127000,
     InStorePurchase,     120525,          0,          0,          0,     118794,     130492,      300,     2900,     4800,     5400,    15107,   127000,
      OnlinePurchase,      84306,          0,          0,          0,      82979,      91371,      300,     3000,     4800,     5500,    15400,   127000,
        InstPurchase,      24117,          0,          0,          0,      23556,      26176,      400,     3000,     4800,     5400,    14123,   124000,
          AssocOfCat,        243,          0,          0,          0,        188,        265,    17500,    27000,    35000,    39700,    49340,    58000,
      AssocOfProduct,       2410,          0,          0,          0,       2227,       2658,      400,     3000,     4900,     5700,    19000,   104000,
      BusinessReport,        603,          0,          0,          0,        519,        656,    22000,    33000,    41000,    48000,    98800,   156000,
          CustBuyBeh,       2406,          0,          0,          0,       2166,       2512,      300,     3500,     4900,     5500,    16700,   100000,
       ProductReturn,       6392,          0,          0,          0,       6066,       6937,      300,     2400,     4100,     4700,    12100,   105000,

  3182s: (30%)   IR =   4151 [3182.584s][info][gc,start       ] GC(685) Pause Young (Allocation Failure)
[3182.684s][info][gc,heap        ] GC(685) PSYoungGen: 2620448K(2637312K)->146597K(2639872K) Eden: 2483200K(2483200K)->0K(2486784K) From: 137248K(154112K)->146597K(153088K)
[3182.684s][info][gc,heap        ] GC(685) ParOldGen: 5273142K(5446144K)->5364838K(5446144K)
[3182.684s][info][gc,metaspace   ] GC(685) Metaspace: 29089K(29504K)->29089K(29504K) NonClass: 24197K(24384K)->24197K(24384K) Class: 4892K(5120K)->4892K(5120K)
[3182.684s][info][gc             ] GC(685) Pause Young (Allocation Failure) 7708M->5382M(7896M) 100.075ms
[3182.684s][info][gc,cpu         ] GC(685) User=0.59s Sys=0.00s Real=0.10s
....|.[3187.427s][info][gc,start       ] GC(686) Pause Young (Allocation Failure)
[3187.524s][info][gc,heap        ] GC(686) PSYoungGen: 2633381K(2639872K)->136319K(2641408K) Eden: 2486784K(2486784K)->0K(2486784K) From: 146597K(153088K)->136319K(154624K)
[3187.524s][info][gc,heap        ] GC(686) ParOldGen: 5364838K(5446144K)->5457518K(5457920K)
[3187.524s][info][gc,metaspace   ] GC(686) Metaspace: 29089K(29504K)->29089K(29504K) NonClass: 24197K(24384K)->24197K(24384K) Class: 4892K(5120K)->4892K(5120K)
[3187.524s][info][gc             ] GC(686) Pause Young (Allocation Failure) 7810M->5462M(7909M) 97.633ms
[3187.525s][info][gc,cpu         ] GC(686) User=0.57s Sys=0.01s Real=0.10s
.....[3192.403s][info][gc,start       ] GC(687) Pause Young (Allocation Failure)
[3192.506s][info][gc,heap        ] GC(687) PSYoungGen: 2623103K(2641408K)->143104K(2640896K) Eden: 2486784K(2486784K)->0K(2487808K) From: 136319K(154624K)->143104K(153088K)
[3192.506s][info][gc,heap        ] GC(687) ParOldGen: 5457518K(5457920K)->5547654K(5548032K)
[3192.506s][info][gc,metaspace   ] GC(687) Metaspace: 29089K(29504K)->29089K(29504K) NonClass: 24197K(24384K)->24197K(24384K) Class: 4892K(5120K)->4892K(5120K)
[3192.506s][info][gc             ] GC(687) Pause Young (Allocation Failure) 7891M->5557M(7997M) 103.821ms
[3192.506s][info][gc,cpu         ] GC(687) User=0.58s Sys=0.03s Real=0.10s
....[3197.247s][info][gc,start       ] GC(688) Pause Full (Allocation Failure)
[3197.247s][info][gc,phases,start] GC(688) Marking Phase
[3197.534s][info][gc,phases      ] GC(688) Marking Phase 286.189ms
[3197.534s][info][gc,phases,start] GC(688) Summary Phase
[3197.534s][info][gc,phases      ] GC(688) Summary Phase 0.109ms
[3197.534s][info][gc,phases,start] GC(688) Forward
[3197.659s][info][gc,phases      ] GC(688) Forward 125.106ms
[3197.659s][info][gc,phases,start] GC(688) Adjust Pointers
[3197.850s][info][gc,phases      ] GC(688) Adjust Pointers 190.889ms
[3197.850s][info][gc,phases,start] GC(688) Compaction Phase
[3197.975s][info][gc,phases      ] GC(688) Compaction Phase 124.341ms
[3197.976s][info][gc,phases,start] GC(688) Post Compact
[3197.983s][info][gc,phases      ] GC(688) Post Compact 7.067ms
[3198.121s][info][gc,heap        ] GC(688) PSYoungGen: 2630912K(2640896K)->0K(2641408K) Eden: 2487808K(2487808K)->0K(2487808K) From: 143104K(153088K)->0K(153600K)
[3198.121s][info][gc,heap        ] GC(688) ParOldGen: 5547654K(5548032K)->1408625K(1602560K)
[3198.121s][info][gc,metaspace   ] GC(688) Metaspace: 29089K(29504K)->29089K(29504K) NonClass: 24197K(24384K)->24197K(24384K) Class: 4892K(5120K)->4892K(5120K)
[3198.121s][info][gc             ] GC(688) Pause Full (Allocation Failure) 7986M->1375M(4144M) 874.069ms
[3198.121s][info][gc,cpu         ] GC(688) User=3.91s Sys=0.14s Real=0.88s
.....[3202.169s][info][gc,start       ] GC(689) Pause Young (Allocation Failure)
[3202.235s][info][gc,heap        ] GC(689) PSYoungGen: 2487808K(2641408K)->142464K(2641408K) Eden: 2487808K(2487808K)->0K(2488832K) From: 0K(153600K)->142464K(152576K)
[3202.235s][info][gc,heap        ] GC(689) ParOldGen: 1408625K(1602560K)->1408625K(1602560K)
[3202.235s][info][gc,metaspace   ] GC(689) Metaspace: 29089K(29504K)->29089K(29504K) NonClass: 24197K(24384K)->24197K(24384K) Class: 4892K(5120K)->4892K(5120K)
[3202.235s][info][gc             ] GC(689) Pause Young (Allocation Failure) 3805M->1514M(4144M) 65.998ms
[3202.235s][info][gc,cpu         ] GC(689) User=0.39s Sys=0.00s Real=0.06s
....[3207.036s][info][gc,start       ] GC(690) Pause Young (Allocation Failure)
[3207.128s][info][gc,heap        ] GC(690) PSYoungGen: 2631296K(2641408K)->139296K(2641920K) Eden: 2488832K(2488832K)->0K(2488832K) From: 142464K(152576K)->139296K(153088K)
[3207.128s][info][gc,heap        ] GC(690) ParOldGen: 1408625K(1602560K)->1501337K(1602560K)
[3207.128s][info][gc,metaspace   ] GC(690) Metaspace: 29089K(29504K)->29089K(29504K) NonClass: 24197K(24384K)->24197K(24384K) Class: 4892K(5120K)->4892K(5120K)
[3207.128s][info][gc             ] GC(690) Pause Young (Allocation Failure) 3945M->1602M(4145M) 91.933ms
[3207.128s][info][gc,cpu         ] GC(690) User=0.55s Sys=0.00s Real=0.10s
.....[3211.927s][info][gc,start       ] GC(691) Pause Young (Allocation Failure)
[3212.023s][info][gc,heap        ] GC(691) PSYoungGen: 2628128K(2641920K)->144724K(2641920K) Eden: 2488832K(2488832K)->0K(2489856K) From: 139296K(153088K)->144724K(152064K)
[3212.023s][info][gc,heap        ] GC(691) ParOldGen: 1501337K(1602560K)->1592465K(1602560K)
[3212.023s][info][gc,metaspace   ] GC(691) Metaspace: 29089K(29504K)->29089K(29504K) NonClass: 24197K(24384K)->24197K(24384K) Class: 4892K(5120K)->4892K(5120K)
[3212.023s][info][gc             ] GC(691) Pause Young (Allocation Failure) 4032M->1696M(4145M) 95.543ms
[3212.023s][info][gc,cpu         ] GC(691) User=0.56s Sys=0.00s Real=0.10s
.....[3216.846s][info][gc,start       ] GC(692) Pause Young (Allocation Failure)
[3216.946s][info][gc,heap        ] GC(692) PSYoungGen: 2634580K(2641920K)->146117K(2642432K) Eden: 2489856K(2489856K)->0K(2489856K) From: 144724K(152064K)->146117K(152576K)
[3216.946s][info][gc,heap        ] GC(692) ParOldGen: 1592465K(1602560K)->1683961K(1683968K)
[3216.946s][info][gc,metaspace   ] GC(692) Metaspace: 29089K(29504K)->29089K(29504K) NonClass: 24197K(24384K)->24197K(24384K) Class: 4892K(5120K)->4892K(5120K)
[3216.946s][info][gc             ] GC(692) Pause Young (Allocation Failure) 4127M->1787M(4225M) 99.699ms
[3216.946s][info][gc,cpu         ] GC(692) User=0.58s Sys=0.03s Real=0.10s
.....[3221.752s][info][gc,start       ] GC(693) Pause Young (Allocation Failure)
[3221.853s][info][gc,heap        ] GC(693) PSYoungGen: 2635973K(2642432K)->148666K(2639360K) Eden: 2489856K(2489856K)->0K(2485760K) From: 146117K(152576K)->148666K(153600K)
[3221.853s][info][gc,heap        ] GC(693) ParOldGen: 1683961K(1683968K)->1776705K(1777152K)
[3221.853s][info][gc,metaspace   ] GC(693) Metaspace: 29089K(29504K)->29089K(29504K) NonClass: 24197K(24384K)->24197K(24384K) Class: 4892K(5120K)->4892K(5120K)
[3221.853s][info][gc             ] GC(693) Pause Young (Allocation Failure) 4218M->1880M(4313M) 100.551ms
[3221.853s][info][gc,cpu         ] GC(693) User=0.57s Sys=0.03s Real=0.10s
.....[3226.653s][info][gc,start       ] GC(694) Pause Young (Allocation Failure)
[3226.749s][info][gc,heap        ] GC(694) PSYoungGen: 2634426K(2639360K)->138816K(2640896K) Eden: 2485760K(2485760K)->0K(2485760K) From: 148666K(153600K)->138816K(155136K)
[3226.749s][info][gc,heap        ] GC(694) ParOldGen: 1776705K(1777152K)->1868545K(1868800K)
[3226.749s][info][gc,metaspace   ] GC(694) Metaspace: 29089K(29504K)->29089K(29504K) NonClass: 24197K(24384K)->24197K(24384K) Class: 4892K(5120K)->4892K(5120K)
[3226.749s][info][gc             ] GC(694) Pause Young (Allocation Failure) 4307M->1960M(4404M) 95.951ms
[3226.749s][info][gc,cpu         ] GC(694) User=0.55s Sys=0.02s Real=0.10s
.....[3231.530s][info][gc,start       ] GC(695) Pause Young (Allocation Failure)
[3231.626s][info][gc,heap        ] GC(695) PSYoungGen: 2624576K(2640896K)->137952K(2638336K) Eden: 2485760K(2485760K)->0K(2486272K) From: 138816K(155136K)->137952K(152064K)
[3231.626s][info][gc,heap        ] GC(695) ParOldGen: 1868545K(1868800K)->1960241K(1960448K)
[3231.626s][info][gc,metaspace   ] GC(695) Metaspace: 29089K(29504K)->29089K(29504K) NonClass: 24197K(24384K)->24197K(24384K) Class: 4892K(5120K)->4892K(5120K)
[3231.626s][info][gc             ] GC(695) Pause Young (Allocation Failure) 4387M->2049M(4491M) 96.290ms
[3231.626s][info][gc,cpu         ] GC(695) User=0.54s Sys=0.03s Real=0.09s
..[3233.888s][info][gc,start       ] GC(696) Pause Full (Diagnostic Command)
[3233.888s][info][gc,phases,start] GC(696) Marking Phase
[3234.171s][info][gc,phases      ] GC(696) Marking Phase 283.509ms
[3234.171s][info][gc,phases,start] GC(696) Summary Phase
[3234.171s][info][gc,phases      ] GC(696) Summary Phase 0.046ms
[3234.171s][info][gc,phases,start] GC(696) Forward
[3234.316s][info][gc,phases      ] GC(696) Forward 144.512ms
[3234.316s][info][gc,phases,start] GC(696) Adjust Pointers
[3234.512s][info][gc,phases      ] GC(696) Adjust Pointers 196.043ms
[3234.512s][info][gc,phases,start] GC(696) Compaction Phase
[3234.668s][info][gc,phases      ] GC(696) Compaction Phase 156.640ms
[3234.670s][info][gc,phases,start] GC(696) Post Compact
[3234.673s][info][gc,phases      ] GC(696) Post Compact 2.819ms
[3234.673s][info][gc,heap        ] GC(696) PSYoungGen: 1369287K(2638336K)->0K(2638336K) Eden: 1231335K(2486272K)->0K(2486272K) From: 137952K(152064K)->0K(152064K)
[3234.673s][info][gc,heap        ] GC(696) ParOldGen: 1960241K(1960448K)->1134714K(1960448K)
[3234.673s][info][gc,metaspace   ] GC(696) Metaspace: 29089K(29504K)->29089K(29504K) NonClass: 24197K(24384K)->24197K(24384K) Class: 4892K(5120K)->4892K(5120K)
[3234.673s][info][gc             ] GC(696) Pause Full (Diagnostic Command) 3251M->1108M(4491M) 785.807ms
[3234.673s][info][gc,cpu         ] GC(696) User=4.23s Sys=0.00s Real=0.78s
.....[3238.839s][info][gc,start       ] GC(697) Pause Young (Allocation Failure)
[3238.903s][info][gc,heap        ] GC(697) PSYoungGen: 2486272K(2638336K)->140384K(2639872K) Eden: 2486272K(2486272K)->0K(2486272K) From: 0K(152064K)->140384K(153600K)
[3238.903s][info][gc,heap        ] GC(697) ParOldGen: 1134714K(1960448K)->1134714K(1960448K)
[3238.903s][info][gc,metaspace   ] GC(697) Metaspace: 29089K(29504K)->29089K(29504K) NonClass: 24197K(24384K)->24197K(24384K) Class: 4892K(5120K)->4892K(5120K)
[3238.903s][info][gc             ] GC(697) Pause Young (Allocation Failure) 3536M->1245M(4492M) 64.048ms
[3238.903s][info][gc,cpu         ] GC(697) User=0.37s Sys=0.01s Real=0.06s
....[3243.667s][info][gc,start       ] GC(698) Pause Young (Allocation Failure)
[3243.759s][info][gc,heap        ] GC(698) PSYoungGen: 2626656K(2639872K)->137728K(2640896K) Eden: 2486272K(2486272K)->0K(2489856K) From: 140384K(153600K)->137728K(151040K)
[3243.759s][info][gc,heap        ] GC(698) ParOldGen: 1134714K(1960448K)->1227458K(1960448K)
[3243.759s][info][gc,metaspace   ] GC(698) Metaspace: 29089K(29504K)->29089K(29504K) NonClass: 24197K(24384K)->24197K(24384K) Class: 4892K(5120K)->4892K(5120K)
[3243.759s][info][gc             ] GC(698) Pause Young (Allocation Failure) 3673M->1333M(4493M) 92.128ms
[3243.759s][info][gc,cpu         ] GC(698) User=0.54s Sys=0.00s Real=0.10s
.... (rIR:aIR:PR = 4151:4154:4154) (tPR = 61536) [OK] 
  3246s: Performance info:
         Transaction,    Success,    Partial,     Failed,   Receipts, AvgBarcode, 
             Overall,     251327,          0,          0,     238773,      59.47, 
         Response times:
             Request,    Success,    Partial,     Failed,   SkipFail,     Probes,    Samples,      min,      p50,      p90,      p95,      p99,      max, 
       TotalPurchase,     238773,          0,          0,          0,     229666,     250901,      300,     3100,     5300,     7400,   153000,   880000,
     InStorePurchase,     125659,          0,          0,          0,     121215,     132219,      300,     3200,     5400,     9400,   184000,   880000,
      OnlinePurchase,      87983,          0,          0,          0,      84590,      92161,      300,     3000,     5100,     6400,   149000,   308000,
        InstPurchase,      25131,          0,          0,          0,      23861,      26521,      400,     3000,     5300,     8300,   137000,   880000,
          AssocOfCat,        252,          0,          0,          0,        196,        258,    18100,    26000,    34000,    39050,   224000,   224000,
      AssocOfProduct,       2520,          0,          0,          0,       2238,       2624,      300,     4200,     5900,     8875,    96000,   122000,
      BusinessReport,        628,          0,          0,          0,        538,        685,    21000,    34000,    47000,    55700,   188000,   308000,
          CustBuyBeh,       2512,          0,          0,          0,       2288,       2674,      100,     1200,     3500,     4300,    83500,   118000,
       ProductReturn,       6642,          0,          0,          0,       6129,       6972,      200,     2700,     5100,     8735,   204000,   880000,

  3246s: (31%)   IR =   4289 .[3248.567s][info][gc,start       ] GC(699) Pause Young (Allocation Failure)
[3248.660s][info][gc,heap        ] GC(699) PSYoungGen: 2627584K(2640896K)->139424K(2641920K) Eden: 2489856K(2489856K)->0K(2489856K) From: 137728K(151040K)->139424K(152064K)
[3248.660s][info][gc,heap        ] GC(699) ParOldGen: 1227458K(1960448K)->1318490K(1960448K)
[3248.660s][info][gc,metaspace   ] GC(699) Metaspace: 29089K(29504K)->29089K(29504K) NonClass: 24197K(24384K)->24197K(24384K) Class: 4892K(5120K)->4892K(5120K)
[3248.660s][info][gc             ] GC(699) Pause Young (Allocation Failure) 3764M->1423M(4494M) 93.395ms
[3248.660s][info][gc,cpu         ] GC(699) User=0.55s Sys=0.00s Real=0.10s
...|..[3253.323s][info][gc,start       ] GC(700) Pause Young (Allocation Failure)
[3253.414s][info][gc,heap        ] GC(700) PSYoungGen: 2629280K(2641920K)->137984K(2642944K) Eden: 2489856K(2489856K)->0K(2492928K) From: 139424K(152064K)->137984K(150016K)
[3253.414s][info][gc,heap        ] GC(700) ParOldGen: 1318490K(1960448K)->1411058K(1960448K)
[3253.414s][info][gc,metaspace   ] GC(700) Metaspace: 29089K(29504K)->29089K(29504K) NonClass: 24197K(24384K)->24197K(24384K) Class: 4892K(5120K)->4892K(5120K)
[3253.414s][info][gc             ] GC(700) Pause Young (Allocation Failure) 3855M->1512M(4495M) 91.197ms
[3253.414s][info][gc,cpu         ] GC(700) User=0.54s Sys=0.00s Real=0.09s
.....[3258.036s][info][gc,start       ] GC(701) Pause Young (Allocation Failure)
[3258.133s][info][gc,heap        ] GC(701) PSYoungGen: 2630912K(2642944K)->146656K(2643456K) Eden: 2492928K(2492928K)->0K(2492928K) From: 137984K(150016K)->146656K(150528K)
[3258.133s][info][gc,heap        ] GC(701) ParOldGen: 1411058K(1960448K)->1503690K(1960448K)
[3258.133s][info][gc,metaspace   ] GC(701) Metaspace: 29089K(29504K)->29089K(29504K) NonClass: 24197K(24384K)->24197K(24384K) Class: 4892K(5120K)->4892K(5120K)
[3258.133s][info][gc             ] GC(701) Pause Young (Allocation Failure) 3947M->1611M(4496M) 97.031ms
[3258.133s][info][gc,cpu         ] GC(701) User=0.58s Sys=0.00s Real=0.10s
.....[3262.812s][info][gc,start       ] GC(702) Pause Young (Allocation Failure)
[3262.904s][info][gc,heap        ] GC(702) PSYoungGen: 2639584K(2643456K)->140384K(2644480K) Eden: 2492928K(2492928K)->0K(2492928K) From: 146656K(150528K)->140384K(151552K)
[3262.904s][info][gc,heap        ] GC(702) ParOldGen: 1503690K(1960448K)->1594378K(1960448K)
[3262.904s][info][gc,metaspace   ] GC(702) Metaspace: 29089K(29504K)->29089K(29504K) NonClass: 24197K(24384K)->24197K(24384K) Class: 4892K(5120K)->4892K(5120K)
[3262.904s][info][gc             ] GC(702) Pause Young (Allocation Failure) 4046M->1694M(4497M) 92.307ms
[3262.904s][info][gc,cpu         ] GC(702) User=0.55s Sys=0.00s Real=0.09s
....[3267.551s][info][gc,start       ] GC(703) Pause Young (Allocation Failure)
[3267.645s][info][gc,heap        ] GC(703) PSYoungGen: 2633312K(2644480K)->138496K(2643968K) Eden: 2492928K(2492928K)->0K(2492928K) From: 140384K(151552K)->138496K(151040K)
[3267.645s][info][gc,heap        ] GC(703) ParOldGen: 1594378K(1960448K)->1687506K(1960448K)
[3267.645s][info][gc,metaspace   ] GC(703) Metaspace: 29089K(29504K)->29089K(29504K) NonClass: 24197K(24384K)->24197K(24384K) Class: 4892K(5120K)->4892K(5120K)
[3267.645s][info][gc             ] GC(703) Pause Young (Allocation Failure) 4128M->1783M(4496M) 93.530ms
[3267.645s][info][gc,cpu         ] GC(703) User=0.55s Sys=0.00s Real=0.09s
.....[3272.191s][info][gc,start       ] GC(704) Pause Young (Allocation Failure)
[3272.284s][info][gc,heap        ] GC(704) PSYoungGen: 2631424K(2643968K)->141376K(2643968K) Eden: 2492928K(2492928K)->0K(2494464K) From: 138496K(151040K)->141376K(149504K)
[3272.284s][info][gc,heap        ] GC(704) ParOldGen: 1687506K(1960448K)->1780610K(1960448K)
[3272.285s][info][gc,metaspace   ] GC(704) Metaspace: 29089K(29504K)->29089K(29504K) NonClass: 24197K(24384K)->24197K(24384K) Class: 4892K(5120K)->4892K(5120K)
[3272.285s][info][gc             ] GC(704) Pause Young (Allocation Failure) 4217M->1876M(4496M) 93.472ms
[3272.285s][info][gc,cpu         ] GC(704) User=0.55s Sys=0.00s Real=0.09s
.....[3277.031s][info][gc,start       ] GC(705) Pause Young (Allocation Failure)
[3277.126s][info][gc,heap        ] GC(705) PSYoungGen: 2635840K(2643968K)->142656K(2643968K) Eden: 2494464K(2494464K)->0K(2494464K) From: 141376K(149504K)->142656K(149504K)
[3277.127s][info][gc,heap        ] GC(705) ParOldGen: 1780610K(1960448K)->1871042K(1960448K)
[3277.127s][info][gc,metaspace   ] GC(705) Metaspace: 29089K(29504K)->29089K(29504K) NonClass: 24197K(24384K)->24197K(24384K) Class: 4892K(5120K)->4892K(5120K)
[3277.127s][info][gc             ] GC(705) Pause Young (Allocation Failure) 4312M->1966M(4496M) 95.510ms
[3277.127s][info][gc,cpu         ] GC(705) User=0.56s Sys=0.00s Real=0.09s
....[3281.712s][info][gc,start       ] GC(706) Pause Young (Allocation Failure)
[3281.808s][info][gc,heap        ] GC(706) PSYoungGen: 2637120K(2643968K)->142916K(2646528K) Eden: 2494464K(2494464K)->0K(2497024K) From: 142656K(149504K)->142916K(149504K)
[3281.808s][info][gc,heap        ] GC(706) ParOldGen: 1871042K(1960448K)->1964946K(1965056K)
[3281.808s][info][gc,metaspace   ] GC(706) Metaspace: 29089K(29504K)->29089K(29504K) NonClass: 24197K(24384K)->24197K(24384K) Class: 4892K(5120K)->4892K(5120K)
[3281.808s][info][gc             ] GC(706) Pause Young (Allocation Failure) 4402M->2058M(4503M) 96.050ms
[3281.808s][info][gc,cpu         ] GC(706) User=0.57s Sys=0.00s Real=0.10s
.....[3286.476s][info][gc,start       ] GC(707) Pause Young (Allocation Failure)
[3286.575s][info][gc,heap        ] GC(707) PSYoungGen: 2639940K(2646528K)->138592K(2635776K) Eden: 2497024K(2497024K)->0K(2497024K) From: 142916K(149504K)->138592K(138752K)
[3286.575s][info][gc,heap        ] GC(707) ParOldGen: 1964946K(1965056K)->2055930K(2056192K)
[3286.575s][info][gc,metaspace   ] GC(707) Metaspace: 29089K(29504K)->29089K(29504K) NonClass: 24197K(24384K)->24197K(24384K) Class: 4892K(5120K)->4892K(5120K)
[3286.575s][info][gc             ] GC(707) Pause Young (Allocation Failure) 4496M->2143M(4582M) 98.929ms
[3286.575s][info][gc,cpu         ] GC(707) User=0.55s Sys=0.03s Real=0.10s
.....[3291.249s][info][gc,start       ] GC(708) Pause Young (Allocation Failure)
[3291.348s][info][gc,heap        ] GC(708) PSYoungGen: 2635616K(2635776K)->143220K(2646016K) Eden: 2497024K(2497024K)->0K(2497024K) From: 138592K(138752K)->143220K(148992K)
[3291.348s][info][gc,heap        ] GC(708) ParOldGen: 2055930K(2056192K)->2147194K(2147328K)
[3291.348s][info][gc,metaspace   ] GC(708) Metaspace: 29089K(29504K)->29089K(29504K) NonClass: 24197K(24384K)->24197K(24384K) Class: 4892K(5120K)->4892K(5120K)
[3291.348s][info][gc             ] GC(708) Pause Young (Allocation Failure) 4581M->2236M(4681M) 98.524ms
[3291.348s][info][gc,cpu         ] GC(708) User=0.56s Sys=0.03s Real=0.10s
.....[3296.012s][info][gc,start       ] GC(709) Pause Young (Allocation Failure)
[3296.110s][info][gc,heap        ] GC(709) PSYoungGen: 2640244K(2646016K)->141888K(2646016K) Eden: 2497024K(2497024K)->0K(2497024K) From: 143220K(148992K)->141888K(148992K)
[3296.110s][info][gc,heap        ] GC(709) ParOldGen: 2147194K(2147328K)->2240162K(2240512K)
[3296.110s][info][gc,metaspace   ] GC(709) Metaspace: 29089K(29504K)->29089K(29504K) NonClass: 24197K(24384K)->24197K(24384K) Class: 4892K(5120K)->4892K(5120K)
[3296.110s][info][gc             ] GC(709) Pause Young (Allocation Failure) 4675M->2326M(4772M) 98.191ms
[3296.110s][info][gc,cpu         ] GC(709) User=0.55s Sys=0.04s Real=0.10s
....[3300.755s][info][gc,start       ] GC(710) Pause Young (Allocation Failure)
[3300.855s][info][gc,heap        ] GC(710) PSYoungGen: 2638912K(2646016K)->142516K(2646528K) Eden: 2497024K(2497024K)->0K(2498048K) From: 141888K(148992K)->142516K(148480K)
[3300.855s][info][gc,heap        ] GC(710) ParOldGen: 2240162K(2240512K)->2333890K(2334208K)
[3300.855s][info][gc,metaspace   ] GC(710) Metaspace: 29089K(29504K)->29089K(29504K) NonClass: 24197K(24384K)->24197K(24384K) Class: 4892K(5120K)->4892K(5120K)
[3300.855s][info][gc             ] GC(710) Pause Young (Allocation Failure) 4764M->2418M(4864M) 100.532ms
[3300.855s][info][gc,cpu         ] GC(710) User=0.57s Sys=0.02s Real=0.10s
.....[3305.520s][info][gc,start       ] GC(711) Pause Young (Allocation Failure)
[3305.619s][info][gc,heap        ] GC(711) PSYoungGen: 2640564K(2646528K)->143781K(2646528K) Eden: 2498048K(2498048K)->0K(2498048K) From: 142516K(148480K)->143781K(148480K)
[3305.619s][info][gc,heap        ] GC(711) ParOldGen: 2333890K(2334208K)->2423970K(2424320K)
[3305.619s][info][gc,metaspace   ] GC(711) Metaspace: 29089K(29504K)->29089K(29504K) NonClass: 24197K(24384K)->24197K(24384K) Class: 4892K(5120K)->4892K(5120K)
[3305.619s][info][gc             ] GC(711) Pause Young (Allocation Failure) 4857M->2507M(4952M) 98.667ms
[3305.619s][info][gc,cpu         ] GC(711) User=0.56s Sys=0.02s Real=0.10s
.....[3310.274s][info][gc,start       ] GC(712) Pause Young (Allocation Failure)
[3310.371s][info][gc,heap        ] GC(712) PSYoungGen: 2641829K(2646528K)->138016K(2647552K) Eden: 2498048K(2498048K)->0K(2499072K) From: 143781K(148480K)->138016K(148480K)
[3310.371s][info][gc,heap        ] GC(712) ParOldGen: 2423970K(2424320K)->2516346K(2516480K)
[3310.371s][info][gc,metaspace   ] GC(712) Metaspace: 29089K(29504K)->29089K(29504K) NonClass: 24197K(24384K)->24197K(24384K) Class: 4892K(5120K)->4892K(5120K)
[3310.371s][info][gc             ] GC(712) Pause Young (Allocation Failure) 4947M->2592M(5043M) 96.680ms
[3310.371s][info][gc,cpu         ] GC(712) User=0.53s Sys=0.04s Real=0.10s
. (rIR:aIR:PR = 4289:4287:4287) (tPR = 63702) [OK] 
  3310s: Performance info:
         Transaction,    Success,    Partial,     Failed,   Receipts, AvgBarcode, 
             Overall,     257553,          0,          0,     244680,      59.47, 
         Response times:
             Request,    Success,    Partial,     Failed,   SkipFail,     Probes,    Samples,      min,      p50,      p90,      p95,      p99,      max, 
       TotalPurchase,     244670,          0,          0,          0,     239939,     257374,      300,     3200,     5200,     6300,    25000,   156000,
     InStorePurchase,     128794,          0,          0,          0,     126590,     135565,      300,     3100,     5200,     6200,    24000,   156000,
      OnlinePurchase,      90107,          0,          0,          0,      88227,      94614,      300,     3200,     5300,     6300,    26000,   156000,
        InstPurchase,      25769,          0,          0,          0,      25122,      27195,      400,     3300,     5300,     6300,    26000,   145000,
          AssocOfCat,        259,          0,          0,          0,        190,        265,    17500,    27000,    36000,    43000,    83420,   128000,
      AssocOfProduct,       2570,          0,          0,          0,       2390,       2751,      700,     3200,     5400,     6900,    22480,   105000,
      BusinessReport,        645,          0,          0,          0,        571,        733,    19800,    32000,    43000,    52000,   129640,   156000,
          CustBuyBeh,       2579,          0,          0,          0,       2336,       2687,      300,     3800,     5500,     6500,    25000,   106000,
       ProductReturn,       6823,          0,          0,          0,       6499,       7201,      200,     2900,     5100,     6300,    24000,   105000,

  3310s: (32%)   IR =   4428 ....[3314.976s][info][gc,start       ] GC(713) Pause Young (Allocation Failure)
[3315.075s][info][gc,heap        ] GC(713) PSYoungGen: 2637088K(2647552K)->147280K(2646528K) Eden: 2499072K(2499072K)->0K(2499072K) From: 138016K(148480K)->147280K(147456K)
[3315.075s][info][gc,heap        ] GC(713) ParOldGen: 2516346K(2516480K)->2607322K(2607616K)
[3315.075s][info][gc,metaspace   ] GC(713) Metaspace: 29089K(29504K)->29089K(29504K) NonClass: 24197K(24384K)->24197K(24384K) Class: 4892K(5120K)->4892K(5120K)
[3315.075s][info][gc             ] GC(713) Pause Young (Allocation Failure) 5032M->2690M(5131M) 99.208ms
[3315.075s][info][gc,cpu         ] GC(713) User=0.57s Sys=0.02s Real=0.10s
...|.[3319.522s][info][gc,start       ] GC(714) Pause Young (Allocation Failure)
[3319.621s][info][gc,heap        ] GC(714) PSYoungGen: 2646352K(2646528K)->137536K(2645504K) Eden: 2499072K(2499072K)->0K(2496000K) From: 147280K(147456K)->137536K(149504K)
[3319.621s][info][gc,heap        ] GC(714) ParOldGen: 2607322K(2607616K)->2701682K(2701824K)
[3319.621s][info][gc,metaspace   ] GC(714) Metaspace: 29089K(29504K)->29089K(29504K) NonClass: 24197K(24384K)->24197K(24384K) Class: 4892K(5120K)->4892K(5120K)
[3319.621s][info][gc             ] GC(714) Pause Young (Allocation Failure) 5130M->2772M(5222M) 98.622ms
[3319.621s][info][gc,cpu         ] GC(714) User=0.56s Sys=0.02s Real=0.10s
.....[3324.168s][info][gc,start       ] GC(715) Pause Young (Allocation Failure)
[3324.269s][info][gc,heap        ] GC(715) PSYoungGen: 2633536K(2645504K)->148276K(2644480K) Eden: 2496000K(2496000K)->0K(2496000K) From: 137536K(149504K)->148276K(148480K)
[3324.269s][info][gc,heap        ] GC(715) ParOldGen: 2701682K(2701824K)->2791498K(2791936K)
[3324.269s][info][gc,metaspace   ] GC(715) Metaspace: 29089K(29504K)->29089K(29504K) NonClass: 24197K(24384K)->24197K(24384K) Class: 4892K(5120K)->4892K(5120K)
[3324.269s][info][gc             ] GC(715) Pause Young (Allocation Failure) 5210M->2870M(5309M) 101.183ms
[3324.269s][info][gc,cpu         ] GC(715) User=0.58s Sys=0.02s Real=0.10s
....[3328.769s][info][gc,start       ] GC(716) Pause Young (Allocation Failure)
[3328.867s][info][gc,heap        ] GC(716) PSYoungGen: 2644276K(2644480K)->140480K(2644992K) Eden: 2496000K(2496000K)->0K(2493440K) From: 148276K(148480K)->140480K(151552K)
[3328.867s][info][gc,heap        ] GC(716) ParOldGen: 2791498K(2791936K)->2884210K(2884608K)
[3328.867s][info][gc,metaspace   ] GC(716) Metaspace: 29089K(29504K)->29089K(29504K) NonClass: 24197K(24384K)->24197K(24384K) Class: 4892K(5120K)->4892K(5120K)
[3328.867s][info][gc             ] GC(716) Pause Young (Allocation Failure) 5308M->2953M(5400M) 98.428ms
[3328.867s][info][gc,cpu         ] GC(716) User=0.55s Sys=0.04s Real=0.10s
.....[3333.413s][info][gc,start       ] GC(717) Pause Young (Allocation Failure)
[3333.514s][info][gc,heap        ] GC(717) PSYoungGen: 2633920K(2644992K)->144181K(2644480K) Eden: 2493440K(2493440K)->0K(2493440K) From: 140480K(151552K)->144181K(151040K)
[3333.514s][info][gc,heap        ] GC(717) ParOldGen: 2884210K(2884608K)->2975834K(2976256K)
[3333.514s][info][gc,metaspace   ] GC(717) Metaspace: 29089K(29504K)->29089K(29504K) NonClass: 24197K(24384K)->24197K(24384K) Class: 4892K(5120K)->4892K(5120K)
[3333.514s][info][gc             ] GC(717) Pause Young (Allocation Failure) 5388M->3046M(5489M) 101.030ms
[3333.514s][info][gc,cpu         ] GC(717) User=0.57s Sys=0.02s Real=0.10s
.....[3338.040s][info][gc,start       ] GC(718) Pause Young (Allocation Failure)
[3338.143s][info][gc,heap        ] GC(718) PSYoungGen: 2637621K(2644480K)->145952K(2643968K) Eden: 2493440K(2493440K)->0K(2492928K) From: 144181K(151040K)->145952K(151040K)
[3338.143s][info][gc,heap        ] GC(718) ParOldGen: 2975834K(2976256K)->3068442K(3068928K)
[3338.143s][info][gc,metaspace   ] GC(718) Metaspace: 29089K(29504K)->29089K(29504K) NonClass: 24197K(24384K)->24197K(24384K) Class: 4892K(5120K)->4892K(5120K)
[3338.143s][info][gc             ] GC(718) Pause Young (Allocation Failure) 5481M->3139M(5579M) 102.711ms
[3338.143s][info][gc,cpu         ] GC(718) User=0.58s Sys=0.03s Real=0.10s
....[3342.543s][info][gc,start       ] GC(719) Pause Young (Allocation Failure)
[3342.639s][info][gc,heap        ] GC(719) PSYoungGen: 2638880K(2643968K)->136416K(2644480K) Eden: 2492928K(2492928K)->0K(2492928K) From: 145952K(151040K)->136416K(151552K)
[3342.639s][info][gc,heap        ] GC(719) ParOldGen: 3068442K(3068928K)->3161354K(3161600K)
[3342.639s][info][gc,metaspace   ] GC(719) Metaspace: 29089K(29504K)->29089K(29504K) NonClass: 24197K(24384K)->24197K(24384K) Class: 4892K(5120K)->4892K(5120K)
[3342.640s][info][gc             ] GC(719) Pause Young (Allocation Failure) 5573M->3220M(5670M) 96.904ms
[3342.640s][info][gc,cpu         ] GC(719) User=0.55s Sys=0.02s Real=0.10s
.....[3347.260s][info][gc,start       ] GC(720) Pause Young (Allocation Failure)
[3347.360s][info][gc,heap        ] GC(720) PSYoungGen: 2629344K(2644480K)->144164K(2644480K) Eden: 2492928K(2492928K)->0K(2492928K) From: 136416K(151552K)->144164K(151552K)
[3347.360s][info][gc,heap        ] GC(720) ParOldGen: 3161354K(3161600K)->3251322K(3251712K)
[3347.360s][info][gc,metaspace   ] GC(720) Metaspace: 29089K(29504K)->29089K(29504K) NonClass: 24197K(24384K)->24197K(24384K) Class: 4892K(5120K)->4892K(5120K)
[3347.360s][info][gc             ] GC(720) Pause Young (Allocation Failure) 5654M->3315M(5758M) 100.072ms
[3347.360s][info][gc,cpu         ] GC(720) User=0.57s Sys=0.02s Real=0.10s
....[3351.802s][info][gc,start       ] GC(721) Pause Young (Allocation Failure)
[3351.899s][info][gc,heap        ] GC(721) PSYoungGen: 2637092K(2644480K)->138112K(2644480K) Eden: 2492928K(2492928K)->0K(2492928K) From: 144164K(151552K)->138112K(151552K)
[3351.899s][info][gc,heap        ] GC(721) ParOldGen: 3251322K(3251712K)->3345282K(3345408K)
[3351.899s][info][gc,metaspace   ] GC(721) Metaspace: 29089K(29504K)->29089K(29504K) NonClass: 24197K(24384K)->24197K(24384K) Class: 4892K(5120K)->4892K(5120K)
[3351.899s][info][gc             ] GC(721) Pause Young (Allocation Failure) 5750M->3401M(5849M) 97.437ms
[3351.899s][info][gc,cpu         ] GC(721) User=0.55s Sys=0.02s Real=0.10s
.....[3356.359s][info][gc,start       ] GC(722) Pause Young (Allocation Failure)
[3356.460s][info][gc,heap        ] GC(722) PSYoungGen: 2631040K(2644480K)->142096K(2642432K) Eden: 2492928K(2492928K)->0K(2492928K) From: 138112K(151552K)->142096K(149504K)
[3356.460s][info][gc,heap        ] GC(722) ParOldGen: 3345282K(3345408K)->3436346K(3436544K)
[3356.460s][info][gc,metaspace   ] GC(722) Metaspace: 29089K(29504K)->29089K(29504K) NonClass: 24197K(24384K)->24197K(24384K) Class: 4892K(5120K)->4892K(5120K)
[3356.460s][info][gc             ] GC(722) Pause Young (Allocation Failure) 5836M->3494M(5936M) 101.231ms
[3356.460s][info][gc,cpu         ] GC(722) User=0.58s Sys=0.02s Real=0.10s
.....[3360.988s][info][gc,start       ] GC(723) Pause Young (Allocation Failure)
[3361.088s][info][gc,heap        ] GC(723) PSYoungGen: 2635024K(2642432K)->144768K(2643456K) Eden: 2492928K(2492928K)->0K(2492928K) From: 142096K(149504K)->144768K(150528K)
[3361.088s][info][gc,heap        ] GC(723) ParOldGen: 3436346K(3436544K)->3527786K(3528192K)
[3361.088s][info][gc,metaspace   ] GC(723) Metaspace: 29089K(29504K)->29089K(29504K) NonClass: 24197K(24384K)->24197K(24384K) Class: 4892K(5120K)->4892K(5120K)
[3361.088s][info][gc             ] GC(723) Pause Young (Allocation Failure) 5929M->3586M(6027M) 99.464ms
[3361.088s][info][gc,cpu         ] GC(723) User=0.56s Sys=0.03s Real=0.10s
....[3365.609s][info][gc,start       ] GC(724) Pause Young (Allocation Failure)
[3365.706s][info][gc,heap        ] GC(724) PSYoungGen: 2637696K(2643456K)->139872K(2644992K) Eden: 2492928K(2492928K)->0K(2494464K) From: 144768K(150528K)->139872K(150528K)
[3365.706s][info][gc,heap        ] GC(724) ParOldGen: 3527786K(3528192K)->3620626K(3620864K)
[3365.706s][info][gc,metaspace   ] GC(724) Metaspace: 29089K(29504K)->29089K(29504K) NonClass: 24197K(24384K)->24197K(24384K) Class: 4892K(5120K)->4892K(5120K)
[3365.706s][info][gc             ] GC(724) Pause Young (Allocation Failure) 6020M->3672M(6119M) 97.845ms
[3365.706s][info][gc,cpu         ] GC(724) User=0.56s Sys=0.02s Real=0.09s
.....[3370.190s][info][gc,start       ] GC(725) Pause Young (Allocation Failure)
[3370.292s][info][gc,heap        ] GC(725) PSYoungGen: 2634336K(2644992K)->146233K(2644992K) Eden: 2494464K(2494464K)->0K(2494464K) From: 139872K(150528K)->146233K(150528K)
[3370.292s][info][gc,heap        ] GC(725) ParOldGen: 3620626K(3620864K)->3713674K(3714048K)
[3370.292s][info][gc,metaspace   ] GC(725) Metaspace: 29089K(29504K)->29089K(29504K) NonClass: 24197K(24384K)->24197K(24384K) Class: 4892K(5120K)->4892K(5120K)
[3370.292s][info][gc             ] GC(725) Pause Young (Allocation Failure) 6108M->3769M(6210M) 102.945ms
[3370.293s][info][gc,cpu         ] GC(725) User=0.59s Sys=0.02s Real=0.10s
....[3374.744s][info][gc,start       ] GC(726) Pause Young (Allocation Failure)
[3374.843s][info][gc,heap        ] GC(726) PSYoungGen: 2640697K(2644992K)->137664K(2644992K) Eden: 2494464K(2494464K)->0K(2493952K) From: 146233K(150528K)->137664K(151040K)
[3374.843s][info][gc,heap        ] GC(726) ParOldGen: 3713674K(3714048K)->3807018K(3807232K)
[3374.843s][info][gc,metaspace   ] GC(726) Metaspace: 29089K(29504K)->29089K(29504K) NonClass: 24197K(24384K)->24197K(24384K) Class: 4892K(5120K)->4892K(5120K)
[3374.843s][info][gc             ] GC(726) Pause Young (Allocation Failure) 6205M->3852M(6301M) 99.129ms
[3374.843s][info][gc,cpu         ] GC(726) User=0.54s Sys=0.04s Real=0.10s
.... (rIR:aIR:PR = 4428:4428:4428) (tPR = 64816) [OK] 
  3377s: Performance info:
         Transaction,    Success,    Partial,     Failed,   Receipts, AvgBarcode, 
             Overall,     265968,          0,          0,     252651,      59.48, 
         Response times:
             Request,    Success,    Partial,     Failed,   SkipFail,     Probes,    Samples,      min,      p50,      p90,      p95,      p99,      max, 
       TotalPurchase,     252655,          0,          0,          0,     247734,     277184,      300,     3300,     5400,     6400,    25000,   143000,
     InStorePurchase,     132933,          0,          0,          0,     130425,     145770,      300,     3500,     5500,     6500,    26000,   143000,
      OnlinePurchase,      93112,          0,          0,          0,      91586,     102257,      300,     3100,     5300,     6300,    24000,   126000,
        InstPurchase,      26610,          0,          0,          0,      25723,      29157,      400,     2400,     5100,     6100,    21000,   115000,
          AssocOfCat,        265,          0,          0,          0,        206,        293,    16300,    26000,    33600,    38000,   126180,   139000,
      AssocOfProduct,       2651,          0,          0,          0,       2413,       2909,      500,     2800,     5200,     6000,    21900,   107000,
      BusinessReport,        664,          0,          0,          0,        531,        685,    19400,    33000,    42000,    49700,   134280,   177000,
          CustBuyBeh,       2670,          0,          0,          0,       2449,       2926,      100,     3400,     5300,     6200,    22730,   110000,
       ProductReturn,       7068,          0,          0,          0,       6708,       7735,      200,     2900,     5400,     6300,    24000,   110000,

  3377s: (33%)   IR =   4566 .[3379.248s][info][gc,start       ] GC(727) Pause Young (Allocation Failure)
[3379.346s][info][gc,heap        ] GC(727) PSYoungGen: 2631616K(2644992K)->135808K(2644992K) Eden: 2493952K(2493952K)->0K(2493952K) From: 137664K(151040K)->135808K(151040K)
[3379.346s][info][gc,heap        ] GC(727) ParOldGen: 3807018K(3807232K)->3898682K(3898880K)
[3379.346s][info][gc,metaspace   ] GC(727) Metaspace: 29089K(29504K)->29089K(29504K) NonClass: 24197K(24384K)->24197K(24384K) Class: 4892K(5120K)->4892K(5120K)
[3379.346s][info][gc             ] GC(727) Pause Young (Allocation Failure) 6287M->3939M(6390M) 97.603ms
[3379.346s][info][gc,cpu         ] GC(727) User=0.53s Sys=0.05s Real=0.09s
....|[3383.775s][info][gc,start       ] GC(728) Pause Young (Allocation Failure)
[3383.874s][info][gc,heap        ] GC(728) PSYoungGen: 2629760K(2644992K)->140736K(2643968K) Eden: 2493952K(2493952K)->0K(2493952K) From: 135808K(151040K)->140736K(150016K)
[3383.874s][info][gc,heap        ] GC(728) ParOldGen: 3898682K(3898880K)->3989650K(3990016K)
[3383.874s][info][gc,metaspace   ] GC(728) Metaspace: 29089K(29504K)->29089K(29504K) NonClass: 24197K(24384K)->24197K(24384K) Class: 4892K(5120K)->4892K(5120K)
[3383.874s][info][gc             ] GC(728) Pause Young (Allocation Failure) 6375M->4033M(6478M) 99.763ms
[3383.874s][info][gc,cpu         ] GC(728) User=0.56s Sys=0.03s Real=0.10s
.....[3388.212s][info][gc,start       ] GC(729) Pause Young (Allocation Failure)
[3388.310s][info][gc,heap        ] GC(729) PSYoungGen: 2634688K(2643968K)->136352K(2644480K) Eden: 2493952K(2493952K)->0K(2493952K) From: 140736K(150016K)->136352K(150528K)
[3388.310s][info][gc,heap        ] GC(729) ParOldGen: 3989650K(3990016K)->4082482K(4082688K)
[3388.310s][info][gc,metaspace   ] GC(729) Metaspace: 29089K(29504K)->29089K(29504K) NonClass: 24197K(24384K)->24197K(24384K) Class: 4892K(5120K)->4892K(5120K)
[3388.310s][info][gc             ] GC(729) Pause Young (Allocation Failure) 6469M->4119M(6569M) 98.628ms
[3388.310s][info][gc,cpu         ] GC(729) User=0.55s Sys=0.02s Real=0.10s
....[3392.728s][info][gc,start       ] GC(730) Pause Young (Allocation Failure)
[3392.831s][info][gc,heap        ] GC(730) PSYoungGen: 2630304K(2644480K)->144804K(2643968K) Eden: 2493952K(2493952K)->0K(2493952K) From: 136352K(150528K)->144804K(150016K)
[3392.831s][info][gc,heap        ] GC(730) ParOldGen: 4082482K(4082688K)->4174490K(4174848K)
[3392.831s][info][gc,metaspace   ] GC(730) Metaspace: 29089K(29504K)->29089K(29504K) NonClass: 24197K(24384K)->24197K(24384K) Class: 4892K(5120K)->4892K(5120K)
[3392.831s][info][gc             ] GC(730) Pause Young (Allocation Failure) 6555M->4218M(6659M) 102.948ms
[3392.831s][info][gc,cpu         ] GC(730) User=0.58s Sys=0.03s Real=0.10s
.....[3397.143s][info][gc,start       ] GC(731) Pause Young (Allocation Failure)
[3397.245s][info][gc,heap        ] GC(731) PSYoungGen: 2638756K(2643968K)->144304K(2644992K) Eden: 2493952K(2493952K)->0K(2493952K) From: 144804K(150016K)->144304K(151040K)
[3397.245s][info][gc,heap        ] GC(731) ParOldGen: 4174490K(4174848K)->4267314K(4267520K)
[3397.245s][info][gc,metaspace   ] GC(731) Metaspace: 29089K(29504K)->29089K(29504K) NonClass: 24197K(24384K)->24197K(24384K) Class: 4892K(5120K)->4892K(5120K)
[3397.245s][info][gc             ] GC(731) Pause Young (Allocation Failure) 6653M->4308M(6750M) 101.918ms
[3397.245s][info][gc,cpu         ] GC(731) User=0.57s Sys=0.03s Real=0.10s
....[3401.621s][info][gc,start       ] GC(732) Pause Young (Allocation Failure)
[3401.720s][info][gc,heap        ] GC(732) PSYoungGen: 2638256K(2644992K)->140704K(2642944K) Eden: 2493952K(2493952K)->0K(2493952K) From: 144304K(151040K)->140704K(148992K)
[3401.721s][info][gc,heap        ] GC(732) ParOldGen: 4267314K(4267520K)->4358002K(4358144K)
[3401.721s][info][gc,metaspace   ] GC(732) Metaspace: 29089K(29504K)->29089K(29504K) NonClass: 24197K(24384K)->24197K(24384K) Class: 4892K(5120K)->4892K(5120K)
[3401.721s][info][gc             ] GC(732) Pause Young (Allocation Failure) 6743M->4393M(6837M) 99.102ms
[3401.721s][info][gc,cpu         ] GC(732) User=0.55s Sys=0.03s Real=0.10s
.....[3406.037s][info][gc,start       ] GC(733) Pause Young (Allocation Failure)
[3406.142s][info][gc,heap        ] GC(733) PSYoungGen: 2634656K(2642944K)->147956K(2643968K) Eden: 2493952K(2493952K)->0K(2493952K) From: 140704K(148992K)->147956K(150016K)
[3406.142s][info][gc,heap        ] GC(733) ParOldGen: 4358002K(4358144K)->4451946K(4452352K)
[3406.142s][info][gc,metaspace   ] GC(733) Metaspace: 29089K(29504K)->29089K(29504K) NonClass: 24197K(24384K)->24197K(24384K) Class: 4892K(5120K)->4892K(5120K)
[3406.142s][info][gc             ] GC(733) Pause Young (Allocation Failure) 6828M->4492M(6930M) 105.013ms
[3406.142s][info][gc,cpu         ] GC(733) User=0.59s Sys=0.02s Real=0.10s
....[3410.562s][info][gc,start       ] GC(734) Pause Young (Allocation Failure)
[3410.661s][info][gc,heap        ] GC(734) PSYoungGen: 2641908K(2643968K)->139040K(2644480K) Eden: 2493952K(2493952K)->0K(2492416K) From: 147956K(150016K)->139040K(152064K)
[3410.661s][info][gc,heap        ] GC(734) ParOldGen: 4451946K(4452352K)->4542090K(4542464K)
[3410.661s][info][gc,metaspace   ] GC(734) Metaspace: 29089K(29504K)->29089K(29504K) NonClass: 24197K(24384K)->24197K(24384K) Class: 4892K(5120K)->4892K(5120K)
[3410.661s][info][gc             ] GC(734) Pause Young (Allocation Failure) 6927M->4571M(7018M) 98.746ms
[3410.661s][info][gc,cpu         ] GC(734) User=0.54s Sys=0.03s Real=0.10s
.....[3415.041s][info][gc,start       ] GC(735) Pause Young (Allocation Failure)
[3415.142s][info][gc,heap        ] GC(735) PSYoungGen: 2631456K(2644480K)->140448K(2633216K) Eden: 2492416K(2492416K)->0K(2492416K) From: 139040K(152064K)->140448K(140800K)
[3415.142s][info][gc,heap        ] GC(735) ParOldGen: 4542090K(4542464K)->4634466K(4634624K)
[3415.142s][info][gc,metaspace   ] GC(735) Metaspace: 29089K(29504K)->29089K(29504K) NonClass: 24197K(24384K)->24197K(24384K) Class: 4892K(5120K)->4892K(5120K)
[3415.142s][info][gc             ] GC(735) Pause Young (Allocation Failure) 7005M->4663M(7097M) 101.018ms
[3415.142s][info][gc,cpu         ] GC(735) User=0.55s Sys=0.03s Real=0.10s
....[3419.371s][info][gc,start       ] GC(736) Pause Young (Allocation Failure)
[3419.471s][info][gc,heap        ] GC(736) PSYoungGen: 2632864K(2633216K)->135808K(2642944K) Eden: 2492416K(2492416K)->0K(2492416K) From: 140448K(140800K)->135808K(150528K)
[3419.471s][info][gc,heap        ] GC(736) ParOldGen: 4634466K(4634624K)->4726794K(4727296K)
[3419.471s][info][gc,metaspace   ] GC(736) Metaspace: 29089K(29504K)->29089K(29504K) NonClass: 24197K(24384K)->24197K(24384K) Class: 4892K(5120K)->4892K(5120K)
[3419.471s][info][gc             ] GC(736) Pause Young (Allocation Failure) 7097M->4748M(7197M) 99.820ms
[3419.471s][info][gc,cpu         ] GC(736) User=0.55s Sys=0.03s Real=0.10s
....[3423.893s][info][gc,start       ] GC(737) Pause Young (Allocation Failure)
[3423.995s][info][gc,heap        ] GC(737) PSYoungGen: 2628224K(2642944K)->141376K(2642944K) Eden: 2492416K(2492416K)->0K(2492416K) From: 135808K(150528K)->141376K(150528K)
[3423.995s][info][gc,heap        ] GC(737) ParOldGen: 4726794K(4727296K)->4817178K(4817408K)
[3423.995s][info][gc,metaspace   ] GC(737) Metaspace: 29089K(29504K)->29089K(29504K) NonClass: 24197K(24384K)->24197K(24384K) Class: 4892K(5120K)->4892K(5120K)
[3423.995s][info][gc             ] GC(737) Pause Young (Allocation Failure) 7182M->4842M(7285M) 101.693ms
[3423.995s][info][gc,cpu         ] GC(737) User=0.56s Sys=0.03s Real=0.10s
.....[3428.276s][info][gc,start       ] GC(738) Pause Young (Allocation Failure)
[3428.379s][info][gc,heap        ] GC(738) PSYoungGen: 2633792K(2642944K)->140612K(2643968K) Eden: 2492416K(2492416K)->0K(2495488K) From: 141376K(150528K)->140612K(148480K)
[3428.379s][info][gc,heap        ] GC(738) ParOldGen: 4817178K(4817408K)->4910666K(4911104K)
[3428.379s][info][gc,metaspace   ] GC(738) Metaspace: 29089K(29504K)->29089K(29504K) NonClass: 24197K(24384K)->24197K(24384K) Class: 4892K(5120K)->4892K(5120K)
[3428.379s][info][gc             ] GC(738) Pause Young (Allocation Failure) 7276M->4932M(7378M) 103.062ms
[3428.379s][info][gc,cpu         ] GC(738) User=0.57s Sys=0.04s Real=0.11s
....[3432.739s][info][gc,start       ] GC(739) Pause Young (Allocation Failure)
[3432.839s][info][gc,heap        ] GC(739) PSYoungGen: 2636100K(2643968K)->138400K(2644480K) Eden: 2495488K(2495488K)->0K(2495488K) From: 140612K(148480K)->138400K(148992K)
[3432.839s][info][gc,heap        ] GC(739) ParOldGen: 4910666K(4911104K)->5002586K(5002752K)
[3432.839s][info][gc,metaspace   ] GC(739) Metaspace: 29089K(29504K)->29089K(29504K) NonClass: 24197K(24384K)->24197K(24384K) Class: 4892K(5120K)->4892K(5120K)
[3432.839s][info][gc             ] GC(739) Pause Young (Allocation Failure) 7369M->5020M(7468M) 100.704ms
[3432.839s][info][gc,cpu         ] GC(739) User=0.55s Sys=0.04s Real=0.10s
.....[3437.220s][info][gc,start       ] GC(740) Pause Young (Allocation Failure)
[3437.323s][info][gc,heap        ] GC(740) PSYoungGen: 2633888K(2644480K)->140531K(2644992K) Eden: 2495488K(2495488K)->0K(2498048K) From: 138400K(148992K)->140531K(146944K)
[3437.323s][info][gc,heap        ] GC(740) ParOldGen: 5002586K(5002752K)->5094026K(5094400K)
[3437.323s][info][gc,metaspace   ] GC(740) Metaspace: 29089K(29504K)->29089K(29504K) NonClass: 24197K(24384K)->24197K(24384K) Class: 4892K(5120K)->4892K(5120K)
[3437.323s][info][gc             ] GC(740) Pause Young (Allocation Failure) 7457M->5111M(7558M) 102.590ms
[3437.323s][info][gc,cpu         ] GC(740) User=0.58s Sys=0.03s Real=0.10s
....[3441.683s][info][gc,start       ] GC(741) Pause Young (Allocation Failure)
[3441.783s][info][gc,heap        ] GC(741) PSYoungGen: 2638579K(2644992K)->139936K(2646016K) Eden: 2498048K(2498048K)->0K(2498048K) From: 140531K(146944K)->139936K(147968K)
[3441.783s][info][gc,heap        ] GC(741) ParOldGen: 5094026K(5094400K)->5187018K(5187072K)
[3441.783s][info][gc,metaspace   ] GC(741) Metaspace: 29089K(29504K)->29089K(29504K) NonClass: 24197K(24384K)->24197K(24384K) Class: 4892K(5120K)->4892K(5120K)
[3441.783s][info][gc             ] GC(741) Pause Young (Allocation Failure) 7551M->5202M(7649M) 100.295ms
[3441.783s][info][gc,cpu         ] GC(741) User=0.56s Sys=0.03s Real=0.10s
.. (rIR:aIR:PR = 4566:4564:4564) (tPR = 68076) [OK] 
  3442s: Performance info:
         Transaction,    Success,    Partial,     Failed,   Receipts, AvgBarcode, 
             Overall,     274047,          0,          0,     260327,      59.47, 
         Response times:
             Request,    Success,    Partial,     Failed,   SkipFail,     Probes,    Samples,      min,      p50,      p90,      p95,      p99,      max, 
       TotalPurchase,     260327,          0,          0,          0,     255652,     278042,      300,     3300,     5600,     6700,    26000,   118000,
     InStorePurchase,     136975,          0,          0,          0,     134846,     146104,      300,     3300,     5500,     6700,    25000,   118000,
      OnlinePurchase,      95957,          0,          0,          0,      94140,     102538,      300,     3400,     5600,     6800,    27000,   114000,
        InstPurchase,      27395,          0,          0,          0,      26666,      29400,      400,     3500,     5700,     6700,    27000,   118000,
          AssocOfCat,        278,          0,          0,          0,        222,        304,    18500,    27000,    35000,    39000,    53900,   124000,
      AssocOfProduct,       2745,          0,          0,          0,       2512,       2880,      500,     3300,     5100,     6495,    22000,   140000,
      BusinessReport,        681,          0,          0,          0,        556,        711,    19600,    32000,    42000,    50000,   132040,   159000,
          CustBuyBeh,       2742,          0,          0,          0,       2507,       2893,      200,     2800,     4500,     5400,    23000,   112000,
       ProductReturn,       7277,          0,          0,          0,       6884,       7653,      200,     3800,     5900,     7200,    28000,   111000,

  3442s: (34%)   IR =   4705 ...[3446.126s][info][gc,start       ] GC(742) Pause Young (Allocation Failure)
[3446.227s][info][gc,heap        ] GC(742) PSYoungGen: 2637984K(2646016K)->144576K(2646528K) Eden: 2498048K(2498048K)->0K(2499072K) From: 139936K(147968K)->144576K(147456K)
[3446.227s][info][gc,heap        ] GC(742) ParOldGen: 5187018K(5187072K)->5277258K(5277696K)
[3446.227s][info][gc,metaspace   ] GC(742) Metaspace: 29091K(29504K)->29091K(29504K) NonClass: 24198K(24384K)->24198K(24384K) Class: 4892K(5120K)->4892K(5120K)
[3446.227s][info][gc             ] GC(742) Pause Young (Allocation Failure) 7641M->5294M(7738M) 101.103ms
[3446.227s][info][gc,cpu         ] GC(742) User=0.57s Sys=0.03s Real=0.10s
..|..[3450.409s][info][gc,start       ] GC(743) Pause Young (Allocation Failure)
[3450.509s][info][gc,heap        ] GC(743) PSYoungGen: 2643648K(2646528K)->136512K(2647552K) Eden: 2499072K(2499072K)->0K(2499072K) From: 144576K(147456K)->136512K(148480K)
[3450.509s][info][gc,heap        ] GC(743) ParOldGen: 5277258K(5277696K)->5371474K(5371904K)
[3450.509s][info][gc,metaspace   ] GC(743) Metaspace: 29091K(29504K)->29091K(29504K) NonClass: 24198K(24384K)->24198K(24384K) Class: 4892K(5120K)->4892K(5120K)
[3450.509s][info][gc             ] GC(743) Pause Young (Allocation Failure) 7735M->5378M(7831M) 99.647ms
[3450.509s][info][gc,cpu         ] GC(743) User=0.55s Sys=0.03s Real=0.10s
....[3454.712s][info][gc,start       ] GC(744) Pause Young (Allocation Failure)
[3454.812s][info][gc,heap        ] GC(744) PSYoungGen: 2635584K(2647552K)->139874K(2646528K) Eden: 2499072K(2499072K)->0K(2499072K) From: 136512K(148480K)->139874K(147456K)
[3454.812s][info][gc,heap        ] GC(744) ParOldGen: 5371474K(5371904K)->5461882K(5462016K)
[3454.812s][info][gc,metaspace   ] GC(744) Metaspace: 29091K(29504K)->29091K(29504K) NonClass: 24198K(24384K)->24198K(24384K) Class: 4892K(5120K)->4892K(5120K)
[3454.812s][info][gc             ] GC(744) Pause Young (Allocation Failure) 7819M->5470M(7918M) 100.712ms
[3454.812s][info][gc,cpu         ] GC(744) User=0.57s Sys=0.03s Real=0.10s
.....[3459.193s][info][gc,start       ] GC(745) Pause Young (Allocation Failure)
[3459.296s][info][gc,heap        ] GC(745) PSYoungGen: 2638946K(2646528K)->146624K(2646016K) Eden: 2499072K(2499072K)->0K(2499072K) From: 139874K(147456K)->146624K(146944K)
[3459.296s][info][gc,heap        ] GC(745) ParOldGen: 5461882K(5462016K)->5551882K(5552128K)
[3459.296s][info][gc,metaspace   ] GC(745) Metaspace: 29091K(29504K)->29091K(29504K) NonClass: 24198K(24384K)->24198K(24384K) Class: 4892K(5120K)->4892K(5120K)
[3459.296s][info][gc             ] GC(745) Pause Young (Allocation Failure) 7910M->5564M(8006M) 103.791ms
[3459.296s][info][gc,cpu         ] GC(745) User=0.58s Sys=0.03s Real=0.10s
....[3463.462s][info][gc,start       ] GC(746) Pause Full (Allocation Failure)
[3463.462s][info][gc,phases,start] GC(746) Marking Phase
[3463.750s][info][gc,phases      ] GC(746) Marking Phase 288.037ms
[3463.750s][info][gc,phases,start] GC(746) Summary Phase
[3463.750s][info][gc,phases      ] GC(746) Summary Phase 0.102ms
[3463.750s][info][gc,phases,start] GC(746) Forward
[3463.868s][info][gc,phases      ] GC(746) Forward 118.210ms
[3463.868s][info][gc,phases,start] GC(746) Adjust Pointers
[3464.059s][info][gc,phases      ] GC(746) Adjust Pointers 191.198ms
[3464.059s][info][gc,phases,start] GC(746) Compaction Phase
[3464.184s][info][gc,phases      ] GC(746) Compaction Phase 124.648ms
[3464.185s][info][gc,phases,start] GC(746) Post Compact
[3464.192s][info][gc,phases      ] GC(746) Post Compact 6.964ms
[3464.319s][info][gc,heap        ] GC(746) PSYoungGen: 2645696K(2646016K)->0K(2646528K) Eden: 2499072K(2499072K)->0K(2497024K) From: 146624K(146944K)->0K(149504K)
[3464.319s][info][gc,heap        ] GC(746) ParOldGen: 5551882K(5552128K)->1411684K(1615872K)
[3464.319s][info][gc,metaspace   ] GC(746) Metaspace: 29091K(29504K)->29091K(29504K) NonClass: 24198K(24384K)->24198K(24384K) Class: 4892K(5120K)->4892K(5120K)
[3464.319s][info][gc             ] GC(746) Pause Full (Allocation Failure) 8005M->1378M(4162M) 857.123ms
[3464.319s][info][gc,cpu         ] GC(746) User=3.93s Sys=0.13s Real=0.86s
....[3467.809s][info][gc,start       ] GC(747) Pause Young (Allocation Failure)
[3467.872s][info][gc,heap        ] GC(747) PSYoungGen: 2497024K(2646528K)->139616K(2636800K) Eden: 2497024K(2497024K)->0K(2497024K) From: 0K(149504K)->139616K(139776K)
[3467.872s][info][gc,heap        ] GC(747) ParOldGen: 1411684K(1615872K)->1411684K(1615872K)
[3467.872s][info][gc,metaspace   ] GC(747) Metaspace: 29091K(29504K)->29091K(29504K) NonClass: 24198K(24384K)->24198K(24384K) Class: 4892K(5120K)->4892K(5120K)
[3467.872s][info][gc             ] GC(747) Pause Young (Allocation Failure) 3817M->1514M(4153M) 62.693ms
[3467.872s][info][gc,cpu         ] GC(747) User=0.37s Sys=0.00s Real=0.06s
....[3472.060s][info][gc,start       ] GC(748) Pause Young (Allocation Failure)
[3472.152s][info][gc,heap        ] GC(748) PSYoungGen: 2636640K(2636800K)->140736K(2647040K) Eden: 2497024K(2497024K)->0K(2498048K) From: 139616K(139776K)->140736K(148992K)
[3472.152s][info][gc,heap        ] GC(748) ParOldGen: 1411684K(1615872K)->1503996K(1615872K)
[3472.152s][info][gc,metaspace   ] GC(748) Metaspace: 29091K(29504K)->29091K(29504K) NonClass: 24198K(24384K)->24198K(24384K) Class: 4892K(5120K)->4892K(5120K)
[3472.152s][info][gc             ] GC(748) Pause Young (Allocation Failure) 3953M->1606M(4163M) 91.788ms
[3472.152s][info][gc,cpu         ] GC(748) User=0.54s Sys=0.00s Real=0.09s
.....[3476.416s][info][gc,start       ] GC(749) Pause Young (Allocation Failure)
[3476.508s][info][gc,heap        ] GC(749) PSYoungGen: 2638784K(2647040K)->138304K(2646016K) Eden: 2498048K(2498048K)->0K(2498048K) From: 140736K(148992K)->138304K(147968K)
[3476.508s][info][gc,heap        ] GC(749) ParOldGen: 1503996K(1615872K)->1595092K(1615872K)
[3476.508s][info][gc,metaspace   ] GC(749) Metaspace: 29091K(29504K)->29091K(29504K) NonClass: 24198K(24384K)->24198K(24384K) Class: 4892K(5120K)->4892K(5120K)
[3476.508s][info][gc             ] GC(749) Pause Young (Allocation Failure) 4045M->1692M(4162M) 91.495ms
[3476.508s][info][gc,cpu         ] GC(749) User=0.54s Sys=0.00s Real=0.10s
....[3480.811s][info][gc,start       ] GC(750) Pause Young (Allocation Failure)
[3480.908s][info][gc,heap        ] GC(750) PSYoungGen: 2636352K(2646016K)->142912K(2647040K) Eden: 2498048K(2498048K)->0K(2499072K) From: 138304K(147968K)->142912K(147968K)
[3480.908s][info][gc,heap        ] GC(750) ParOldGen: 1595092K(1615872K)->1687380K(1687552K)
[3480.908s][info][gc,metaspace   ] GC(750) Metaspace: 29091K(29504K)->29091K(29504K) NonClass: 24198K(24384K)->24198K(24384K) Class: 4892K(5120K)->4892K(5120K)
[3480.908s][info][gc             ] GC(750) Pause Young (Allocation Failure) 4132M->1787M(4233M) 97.006ms
[3480.908s][info][gc,cpu         ] GC(750) User=0.56s Sys=0.02s Real=0.10s
....[3485.070s][info][gc,start       ] GC(751) Pause Young (Allocation Failure)
[3485.170s][info][gc,heap        ] GC(751) PSYoungGen: 2641984K(2647040K)->138976K(2647040K) Eden: 2499072K(2499072K)->0K(2499072K) From: 142912K(147968K)->138976K(147968K)
[3485.170s][info][gc,heap        ] GC(751) ParOldGen: 1687380K(1687552K)->1781068K(1781248K)
[3485.170s][info][gc,metaspace   ] GC(751) Metaspace: 29091K(29504K)->29091K(29504K) NonClass: 24198K(24384K)->24198K(24384K) Class: 4892K(5120K)->4892K(5120K)
[3485.170s][info][gc             ] GC(751) Pause Young (Allocation Failure) 4227M->1875M(4324M) 99.910ms
[3485.170s][info][gc,cpu         ] GC(751) User=0.55s Sys=0.03s Real=0.10s
....[3489.348s][info][gc,start       ] GC(752) Pause Young (Allocation Failure)
[3489.445s][info][gc,heap        ] GC(752) PSYoungGen: 2638048K(2647040K)->137454K(2647552K) Eden: 2499072K(2499072K)->0K(2500096K) From: 138976K(147968K)->137454K(147456K)
[3489.445s][info][gc,heap        ] GC(752) ParOldGen: 1781068K(1781248K)->1871540K(1871872K)
[3489.445s][info][gc,metaspace   ] GC(752) Metaspace: 29091K(29504K)->29091K(29504K) NonClass: 24198K(24384K)->24198K(24384K) Class: 4892K(5120K)->4892K(5120K)
[3489.445s][info][gc             ] GC(752) Pause Young (Allocation Failure) 4315M->1961M(4413M) 97.271ms
[3489.445s][info][gc,cpu         ] GC(752) User=0.55s Sys=0.03s Real=0.09s
.....[3493.720s][info][gc,start       ] GC(753) Pause Young (Allocation Failure)
[3493.820s][info][gc,heap        ] GC(753) PSYoungGen: 2637481K(2647552K)->145253K(2647552K) Eden: 2500026K(2500096K)->0K(2500096K) From: 137454K(147456K)->145253K(147456K)
[3493.820s][info][gc,heap        ] GC(753) ParOldGen: 1871540K(1871872K)->1962004K(1962496K)
[3493.820s][info][gc,metaspace   ] GC(753) Metaspace: 29091K(29504K)->29091K(29504K) NonClass: 24198K(24384K)->24198K(24384K) Class: 4892K(5120K)->4892K(5120K)
[3493.820s][info][gc             ] GC(753) Pause Young (Allocation Failure) 4403M->2057M(4502M) 99.788ms
[3493.820s][info][gc,cpu         ] GC(753) User=0.57s Sys=0.02s Real=0.10s
....[3498.041s][info][gc,start       ] GC(754) Pause Young (Allocation Failure)
[3498.141s][info][gc,heap        ] GC(754) PSYoungGen: 2645349K(2647552K)->144224K(2646528K) Eden: 2500096K(2500096K)->0K(2498048K) From: 145253K(147456K)->144224K(148480K)
[3498.141s][info][gc,heap        ] GC(754) ParOldGen: 1962004K(1962496K)->2054580K(2054656K)
[3498.141s][info][gc,metaspace   ] GC(754) Metaspace: 29091K(29504K)->29091K(29504K) NonClass: 24198K(24384K)->24198K(24384K) Class: 4892K(5120K)->4892K(5120K)
[3498.141s][info][gc             ] GC(754) Pause Young (Allocation Failure) 4499M->2147M(4591M) 100.297ms
[3498.141s][info][gc,cpu         ] GC(754) User=0.57s Sys=0.02s Real=0.10s
....[3502.419s][info][gc,start       ] GC(755) Pause Young (Allocation Failure)
[3502.517s][info][gc,heap        ] GC(755) PSYoungGen: 2642272K(2646528K)->140049K(2647040K) Eden: 2498048K(2498048K)->0K(2498048K) From: 144224K(148480K)->140049K(148992K)
[3502.517s][info][gc,heap        ] GC(755) ParOldGen: 2054580K(2054656K)->2146188K(2146304K)
[3502.517s][info][gc,metaspace   ] GC(755) Metaspace: 29091K(29504K)->29091K(29504K) NonClass: 24198K(24384K)->24198K(24384K) Class: 4892K(5120K)->4892K(5120K)
[3502.517s][info][gc             ] GC(755) Pause Young (Allocation Failure) 4586M->2232M(4681M) 98.803ms
[3502.517s][info][gc,cpu         ] GC(755) User=0.56s Sys=0.02s Real=0.10s
.....[3506.759s][info][gc,start       ] GC(756) Pause Young (Allocation Failure)
[3506.855s][info][gc,heap        ] GC(756) PSYoungGen: 2638097K(2647040K)->139968K(2646016K) Eden: 2498048K(2498048K)->0K(2498560K) From: 140049K(148992K)->139968K(147456K)
[3506.855s][info][gc,heap        ] GC(756) ParOldGen: 2146188K(2146304K)->2239468K(2239488K)
[3506.855s][info][gc,metaspace   ] GC(756) Metaspace: 29091K(29504K)->29091K(29504K) NonClass: 24198K(24384K)->24198K(24384K) Class: 4892K(5120K)->4892K(5120K)
[3506.855s][info][gc             ] GC(756) Pause Young (Allocation Failure) 4672M->2323M(4771M) 95.996ms
[3506.855s][info][gc,cpu         ] GC(756) User=0.54s Sys=0.03s Real=0.09s
.. (rIR:aIR:PR = 4705:4705:4705) (tPR = 70308) [OK] 
  3508s: Performance info:
         Transaction,    Success,    Partial,     Failed,   Receipts, AvgBarcode, 
             Overall,     284423,          0,          0,     270201,      59.47, 
         Response times:
             Request,    Success,    Partial,     Failed,   SkipFail,     Probes,    Samples,      min,      p50,      p90,      p95,      p99,      max, 
       TotalPurchase,     270201,          0,          0,          0,     261771,     288909,      300,     3500,     6000,     7700,   125000,  1100000,
     InStorePurchase,     142202,          0,          0,          0,     138071,     152398,      300,     3500,     6000,     7800,   133000,  1100000,
      OnlinePurchase,      99580,          0,          0,          0,      96346,     106147,      300,     3400,     6000,     7700,   125000,   900000,
        InstPurchase,      28419,          0,          0,          0,      27354,      30364,      400,     3500,     5700,     7400,   148000,  1000000,
          AssocOfCat,        285,          0,          0,          0,        227,        316,    17400,    28000,    38000,    47150,   132320,   153000,
      AssocOfProduct,       2835,          0,          0,          0,       2570,       3010,     1200,     4900,     7000,     8600,    96000,   133000,
      BusinessReport,        712,          0,          0,          0,        566,        735,    19100,    33000,    46000,    52000,   130000,   157000,
          CustBuyBeh,       2847,          0,          0,          0,       2528,       2962,      100,     2500,     5800,     7400,   104000,   112000,
       ProductReturn,       7544,          0,          0,          0,       7030,       8004,      200,     2200,     5200,     6800,   127000,   870000,

  3508s: (35%)   IR =   4843 ..[3511.036s][info][gc,start       ] GC(757) Pause Young (Allocation Failure)
[3511.133s][info][gc,heap        ] GC(757) PSYoungGen: 2638528K(2646016K)->141792K(2646528K) Eden: 2498560K(2498560K)->0K(2498560K) From: 139968K(147456K)->141792K(147968K)
[3511.133s][info][gc,heap        ] GC(757) ParOldGen: 2239468K(2239488K)->2332068K(2332160K)
[3511.133s][info][gc,metaspace   ] GC(757) Metaspace: 29091K(29504K)->29091K(29504K) NonClass: 24198K(24384K)->24198K(24384K) Class: 4892K(5120K)->4892K(5120K)
[3511.134s][info][gc             ] GC(757) Pause Young (Allocation Failure) 4763M->2415M(4862M) 97.942ms
[3511.134s][info][gc,cpu         ] GC(757) User=0.56s Sys=0.02s Real=0.10s
..|..[3515.254s][info][gc,start       ] GC(758) Pause Young (Allocation Failure)
[3515.351s][info][gc,heap        ] GC(758) PSYoungGen: 2640352K(2646528K)->137056K(2648064K) Eden: 2498560K(2498560K)->0K(2500608K) From: 141792K(147968K)->137056K(147456K)
[3515.351s][info][gc,heap        ] GC(758) ParOldGen: 2332068K(2332160K)->2424148K(2424320K)
[3515.351s][info][gc,metaspace   ] GC(758) Metaspace: 29091K(29504K)->29091K(29504K) NonClass: 24198K(24384K)->24198K(24384K) Class: 4892K(5120K)->4892K(5120K)
[3515.351s][info][gc             ] GC(758) Pause Young (Allocation Failure) 4855M->2501M(4953M) 97.711ms
[3515.351s][info][gc,cpu         ] GC(758) User=0.55s Sys=0.02s Real=0.10s
....[3519.533s][info][gc,start       ] GC(759) Pause Young (Allocation Failure)
[3519.629s][info][gc,heap        ] GC(759) PSYoungGen: 2637664K(2648064K)->140896K(2648064K) Eden: 2500608K(2500608K)->0K(2500608K) From: 137056K(147456K)->140896K(147456K)
[3519.629s][info][gc,heap        ] GC(759) ParOldGen: 2424148K(2424320K)->2515756K(2515968K)
[3519.629s][info][gc,metaspace   ] GC(759) Metaspace: 29091K(29504K)->29091K(29504K) NonClass: 24198K(24384K)->24198K(24384K) Class: 4892K(5120K)->4892K(5120K)
[3519.629s][info][gc             ] GC(759) Pause Young (Allocation Failure) 4943M->2594M(5043M) 96.598ms
[3519.629s][info][gc,cpu         ] GC(759) User=0.55s Sys=0.02s Real=0.10s
.....[3523.736s][info][gc,start       ] GC(760) Pause Young (Allocation Failure)
[3523.835s][info][gc,heap        ] GC(760) PSYoungGen: 2641504K(2648064K)->139744K(2648064K) Eden: 2500608K(2500608K)->0K(2501632K) From: 140896K(147456K)->139744K(146432K)
[3523.835s][info][gc,heap        ] GC(760) ParOldGen: 2515756K(2515968K)->2608996K(2609152K)
[3523.835s][info][gc,metaspace   ] GC(760) Metaspace: 29091K(29504K)->29091K(29504K) NonClass: 24198K(24384K)->24198K(24384K) Class: 4892K(5120K)->4892K(5120K)
[3523.835s][info][gc             ] GC(760) Pause Young (Allocation Failure) 5036M->2684M(5134M) 99.294ms
[3523.835s][info][gc,cpu         ] GC(760) User=0.55s Sys=0.04s Real=0.10s
....[3527.974s][info][gc,start       ] GC(761) Pause Young (Allocation Failure)
[3528.074s][info][gc,heap        ] GC(761) PSYoungGen: 2641376K(2648064K)->141792K(2648064K) Eden: 2501632K(2501632K)->0K(2501632K) From: 139744K(146432K)->141792K(146432K)
[3528.074s][info][gc,heap        ] GC(761) ParOldGen: 2608996K(2609152K)->2700884K(2701312K)
[3528.074s][info][gc,metaspace   ] GC(761) Metaspace: 29091K(29504K)->29091K(29504K) NonClass: 24198K(24384K)->24198K(24384K) Class: 4892K(5120K)->4892K(5120K)
[3528.074s][info][gc             ] GC(761) Pause Young (Allocation Failure) 5127M->2776M(5224M) 100.176ms
[3528.074s][info][gc,cpu         ] GC(761) User=0.56s Sys=0.02s Real=0.10s
....[3532.160s][info][gc,start       ] GC(762) Pause Young (Allocation Failure)
[3532.259s][info][gc,heap        ] GC(762) PSYoungGen: 2643424K(2648064K)->143104K(2648576K) Eden: 2501632K(2501632K)->0K(2502144K) From: 141792K(146432K)->143104K(146432K)
[3532.259s][info][gc,heap        ] GC(762) ParOldGen: 2700884K(2701312K)->2793732K(2793984K)
[3532.259s][info][gc,metaspace   ] GC(762) Metaspace: 29091K(29504K)->29091K(29504K) NonClass: 24198K(24384K)->24198K(24384K) Class: 4892K(5120K)->4892K(5120K)
[3532.259s][info][gc             ] GC(762) Pause Young (Allocation Failure) 5219M->2868M(5315M) 99.379ms
[3532.259s][info][gc,cpu         ] GC(762) User=0.57s Sys=0.02s Real=0.10s
...[3534.843s][info][gc,start       ] GC(763) Pause Full (Diagnostic Command)
[3534.843s][info][gc,phases,start] GC(763) Marking Phase
[3535.132s][info][gc,phases      ] GC(763) Marking Phase 289.056ms
[3535.132s][info][gc,phases,start] GC(763) Summary Phase
[3535.132s][info][gc,phases      ] GC(763) Summary Phase 0.061ms
[3535.132s][info][gc,phases,start] GC(763) Forward
[3535.323s][info][gc,phases      ] GC(763) Forward 190.788ms
[3535.323s][info][gc,phases,start] GC(763) Adjust Pointers
[3535.526s][info][gc,phases      ] GC(763) Adjust Pointers 202.572ms
[3535.526s][info][gc,phases,start] GC(763) Compaction Phase
[3535.688s][info][gc,phases      ] GC(763) Compaction Phase 162.627ms
[3535.690s][info][gc,phases,start] GC(763) Post Compact
[3535.694s][info][gc,phases      ] GC(763) Post Compact 3.840ms
[3535.694s][info][gc,heap        ] GC(763) PSYoungGen: 1789367K(2648576K)->0K(2648576K) Eden: 1646263K(2502144K)->0K(2502144K) From: 143104K(146432K)->0K(146432K)
[3535.694s][info][gc,heap        ] GC(763) ParOldGen: 2793732K(2793984K)->1137116K(2793984K)
[3535.694s][info][gc,metaspace   ] GC(763) Metaspace: 29091K(29504K)->29091K(29504K) NonClass: 24198K(24384K)->24198K(24384K) Class: 4892K(5120K)->4892K(5120K)
[3535.694s][info][gc             ] GC(763) Pause Full (Diagnostic Command) 4475M->1110M(5315M) 851.221ms
[3535.694s][info][gc,cpu         ] GC(763) User=4.37s Sys=0.00s Real=0.85s
....[3539.069s][info][gc,start       ] GC(764) Pause Young (Allocation Failure)
[3539.134s][info][gc,heap        ] GC(764) PSYoungGen: 2502144K(2648576K)->141552K(2649088K) Eden: 2502144K(2502144K)->0K(2502144K) From: 0K(146432K)->141552K(146944K)
[3539.134s][info][gc,heap        ] GC(764) ParOldGen: 1137116K(2793984K)->1137116K(2793984K)
[3539.134s][info][gc,metaspace   ] GC(764) Metaspace: 29091K(29504K)->29091K(29504K) NonClass: 24199K(24384K)->24199K(24384K) Class: 4892K(5120K)->4892K(5120K)
[3539.134s][info][gc             ] GC(764) Pause Young (Allocation Failure) 3553M->1248M(5315M) 65.085ms
[3539.134s][info][gc,cpu         ] GC(764) User=0.38s Sys=0.00s Real=0.06s
....[3543.312s][info][gc,start       ] GC(765) Pause Young (Allocation Failure)
[3543.403s][info][gc,heap        ] GC(765) PSYoungGen: 2643696K(2649088K)->138880K(2649088K) Eden: 2502144K(2502144K)->0K(2502656K) From: 141552K(146944K)->138880K(146432K)
[3543.403s][info][gc,heap        ] GC(765) ParOldGen: 1137116K(2793984K)->1228564K(2793984K)
[3543.403s][info][gc,metaspace   ] GC(765) Metaspace: 29091K(29504K)->29091K(29504K) NonClass: 24199K(24384K)->24199K(24384K) Class: 4892K(5120K)->4892K(5120K)
[3543.403s][info][gc             ] GC(765) Pause Young (Allocation Failure) 3692M->1335M(5315M) 91.775ms
[3543.403s][info][gc,cpu         ] GC(765) User=0.54s Sys=0.00s Real=0.09s
....[3547.552s][info][gc,start       ] GC(766) Pause Young (Allocation Failure)
[3547.649s][info][gc,heap        ] GC(766) PSYoungGen: 2641536K(2649088K)->144117K(2649088K) Eden: 2502656K(2502656K)->0K(2502656K) From: 138880K(146432K)->144117K(146432K)
[3547.649s][info][gc,heap        ] GC(766) ParOldGen: 1228564K(2793984K)->1320692K(2793984K)
[3547.649s][info][gc,metaspace   ] GC(766) Metaspace: 29094K(29504K)->29094K(29504K) NonClass: 24201K(24384K)->24201K(24384K) Class: 4892K(5120K)->4892K(5120K)
[3547.649s][info][gc             ] GC(766) Pause Young (Allocation Failure) 3779M->1430M(5315M) 97.336ms
[3547.649s][info][gc,cpu         ] GC(766) User=0.57s Sys=0.00s Real=0.10s
.....[3551.737s][info][gc,start       ] GC(767) Pause Young (Allocation Failure)
[3551.830s][info][gc,heap        ] GC(767) PSYoungGen: 2646773K(2649088K)->139488K(2649088K) Eden: 2502656K(2502656K)->0K(2502144K) From: 144117K(146432K)->139488K(146944K)
[3551.830s][info][gc,heap        ] GC(767) ParOldGen: 1320692K(2793984K)->1413916K(2793984K)
[3551.830s][info][gc,metaspace   ] GC(767) Metaspace: 29094K(29504K)->29094K(29504K) NonClass: 24201K(24384K)->24201K(24384K) Class: 4892K(5120K)->4892K(5120K)
[3551.830s][info][gc             ] GC(767) Pause Young (Allocation Failure) 3874M->1516M(5315M) 93.686ms
[3551.830s][info][gc,cpu         ] GC(767) User=0.55s Sys=0.00s Real=0.10s
....[3555.989s][info][gc,start       ] GC(768) Pause Young (Allocation Failure)
[3556.083s][info][gc,heap        ] GC(768) PSYoungGen: 2641632K(2649088K)->145201K(2647552K) Eden: 2502144K(2502144K)->0K(2502144K) From: 139488K(146944K)->145201K(145408K)
[3556.083s][info][gc,heap        ] GC(768) ParOldGen: 1413916K(2793984K)->1505892K(2793984K)
[3556.083s][info][gc,metaspace   ] GC(768) Metaspace: 29094K(29504K)->29094K(29504K) NonClass: 24201K(24384K)->24201K(24384K) Class: 4892K(5120K)->4892K(5120K)
[3556.083s][info][gc             ] GC(768) Pause Young (Allocation Failure) 3960M->1612M(5314M) 94.454ms
[3556.083s][info][gc,cpu         ] GC(768) User=0.56s Sys=0.00s Real=0.09s
....[3560.244s][info][gc,start       ] GC(769) Pause Young (Allocation Failure)
[3560.336s][info][gc,heap        ] GC(769) PSYoungGen: 2647345K(2647552K)->137568K(2648064K) Eden: 2502144K(2502144K)->0K(2500096K) From: 145201K(145408K)->137568K(147968K)
[3560.336s][info][gc,heap        ] GC(769) ParOldGen: 1505892K(2793984K)->1598340K(2793984K)
[3560.336s][info][gc,metaspace   ] GC(769) Metaspace: 29094K(29504K)->29094K(29504K) NonClass: 24201K(24384K)->24201K(24384K) Class: 4892K(5120K)->4892K(5120K)
[3560.336s][info][gc             ] GC(769) Pause Young (Allocation Failure) 4055M->1695M(5314M) 92.128ms
[3560.336s][info][gc,cpu         ] GC(769) User=0.54s Sys=0.01s Real=0.09s
....[3564.382s][info][gc,start       ] GC(770) Pause Young (Allocation Failure)
[3564.472s][info][gc,heap        ] GC(770) PSYoungGen: 2637664K(2648064K)->136992K(2648064K) Eden: 2500096K(2500096K)->0K(2500096K) From: 137568K(147968K)->136992K(147968K)
[3564.472s][info][gc,heap        ] GC(770) ParOldGen: 1598340K(2793984K)->1690916K(2793984K)
[3564.472s][info][gc,metaspace   ] GC(770) Metaspace: 29094K(29504K)->29094K(29504K) NonClass: 24202K(24384K)->24202K(24384K) Class: 4892K(5120K)->4892K(5120K)
[3564.472s][info][gc             ] GC(770) Pause Young (Allocation Failure) 4136M->1785M(5314M) 90.042ms
[3564.472s][info][gc,cpu         ] GC(770) User=0.53s Sys=0.00s Real=0.09s
....[3568.613s][info][gc,start       ] GC(771) Pause Young (Allocation Failure)
[3568.708s][info][gc,heap        ] GC(771) PSYoungGen: 2637088K(2648064K)->139776K(2647040K) Eden: 2500096K(2500096K)->0K(2500096K) From: 136992K(147968K)->139776K(146944K)
[3568.708s][info][gc,heap        ] GC(771) ParOldGen: 1690916K(2793984K)->1782068K(2793984K)
[3568.708s][info][gc,metaspace   ] GC(771) Metaspace: 29094K(29504K)->29094K(29504K) NonClass: 24202K(24384K)->24202K(24384K) Class: 4892K(5120K)->4892K(5120K)
[3568.708s][info][gc             ] GC(771) Pause Young (Allocation Failure) 4226M->1876M(5313M) 94.534ms
[3568.708s][info][gc,cpu         ] GC(771) User=0.56s Sys=0.00s Real=0.10s
..... (rIR:aIR:PR = 4843:4844:4844) (tPR = 71612) [OK] 
  3572s: Performance info:
         Transaction,    Success,    Partial,     Failed,   Receipts, AvgBarcode, 
             Overall,     291488,          0,          0,     276922,      59.48, 
         Response times:
             Request,    Success,    Partial,     Failed,   SkipFail,     Probes,    Samples,      min,      p50,      p90,      p95,      p99,      max, 
       TotalPurchase,     276922,          0,          0,          0,     269734,     291157,      300,     3500,     6200,     8000,   204000,   372000,
     InStorePurchase,     145681,          0,          0,          0,     142205,     153149,      300,     3400,     6100,     7900,   203000,   372000,
      OnlinePurchase,     102059,          0,          0,          0,      99440,     107279,      300,     3500,     6100,     7800,   200000,   372000,
        InstPurchase,      29182,          0,          0,          0,      28089,      30729,      400,     4300,     6800,    12400,   222700,   372000,
          AssocOfCat,        290,          0,          0,          0,        233,        330,    18400,    30000,    39000,    49800,   123000,   152000,
      AssocOfProduct,       2912,          0,          0,          0,       2661,       3019,      500,     4100,     6300,    11200,   213000,   324000,
      BusinessReport,        729,          0,          0,          0,        613,        743,    19700,    34000,    45000,    52000,   272000,   321000,
          CustBuyBeh,       2917,          0,          0,          0,       2722,       3104,      200,     3100,     5800,     7675,   194000,   339000,
       ProductReturn,       7718,          0,          0,          0,       7156,       7960,      200,     3700,     6200,     8500,   200510,   283000,

  3572s: (36%)   IR =   4981 [3572.868s][info][gc,start       ] GC(772) Pause Young (Allocation Failure)
[3572.962s][info][gc,heap        ] GC(772) PSYoungGen: 2639872K(2647040K)->140960K(2647552K) Eden: 2500096K(2500096K)->0K(2500096K) From: 139776K(146944K)->140960K(147456K)
[3572.962s][info][gc,heap        ] GC(772) ParOldGen: 1782068K(2793984K)->1874156K(2793984K)
[3572.962s][info][gc,metaspace   ] GC(772) Metaspace: 29094K(29504K)->29094K(29504K) NonClass: 24202K(24384K)->24202K(24384K) Class: 4892K(5120K)->4892K(5120K)
[3572.962s][info][gc             ] GC(772) Pause Young (Allocation Failure) 4318M->1967M(5314M) 93.370ms
[3572.962s][info][gc,cpu         ] GC(772) User=0.55s Sys=0.00s Real=0.09s
....|[3577.003s][info][gc,start       ] GC(773) Pause Young (Allocation Failure)
[3577.097s][info][gc,heap        ] GC(773) PSYoungGen: 2641056K(2647552K)->142208K(2648576K) Eden: 2500096K(2500096K)->0K(2501632K) From: 140960K(147456K)->142208K(146944K)
[3577.097s][info][gc,heap        ] GC(773) ParOldGen: 1874156K(2793984K)->1966612K(2793984K)
[3577.097s][info][gc,metaspace   ] GC(773) Metaspace: 29094K(29504K)->29094K(29504K) NonClass: 24202K(24384K)->24202K(24384K) Class: 4892K(5120K)->4892K(5120K)
[3577.097s][info][gc             ] GC(773) Pause Young (Allocation Failure) 4409M->2059M(5315M) 93.786ms
[3577.097s][info][gc,cpu         ] GC(773) User=0.55s Sys=0.00s Real=0.09s
....[3581.022s][info][gc,start       ] GC(774) Pause Young (Allocation Failure)
[3581.119s][info][gc,heap        ] GC(774) PSYoungGen: 2643840K(2648576K)->146612K(2648576K) Eden: 2501632K(2501632K)->0K(2501632K) From: 142208K(146944K)->146612K(146944K)
[3581.119s][info][gc,heap        ] GC(774) ParOldGen: 1966612K(2793984K)->2059948K(2793984K)
[3581.119s][info][gc,metaspace   ] GC(774) Metaspace: 29094K(29504K)->29094K(29504K) NonClass: 24202K(24384K)->24202K(24384K) Class: 4892K(5120K)->4892K(5120K)
[3581.119s][info][gc             ] GC(774) Pause Young (Allocation Failure) 4502M->2154M(5315M) 97.496ms
[3581.120s][info][gc,cpu         ] GC(774) User=0.57s Sys=0.00s Real=0.10s
....[3585.181s][info][gc,start       ] GC(775) Pause Young (Allocation Failure)
[3585.280s][info][gc,heap        ] GC(775) PSYoungGen: 2648244K(2648576K)->147444K(2574848K) Eden: 2501632K(2501632K)->0K(2427392K) From: 146612K(146944K)->147444K(147456K)
[3585.280s][info][gc,heap        ] GC(775) ParOldGen: 2059948K(2793984K)->2152180K(2793984K)
[3585.280s][info][gc,metaspace   ] GC(775) Metaspace: 29094K(29504K)->29094K(29504K) NonClass: 24202K(24384K)->24202K(24384K) Class: 4892K(5120K)->4892K(5120K)
[3585.280s][info][gc             ] GC(775) Pause Young (Allocation Failure) 4597M->2245M(5243M) 99.041ms
[3585.280s][info][gc,cpu         ] GC(775) User=0.58s Sys=0.01s Real=0.10s
....[3589.027s][info][gc,start       ] GC(776) Pause Young (Allocation Failure)
[3589.119s][info][gc,heap        ] GC(776) PSYoungGen: 2574836K(2574848K)->134784K(2611712K) Eden: 2427392K(2427392K)->0K(2427392K) From: 147444K(147456K)->134784K(184320K)
[3589.119s][info][gc,heap        ] GC(776) ParOldGen: 2152180K(2793984K)->2246932K(2793984K)
[3589.119s][info][gc,metaspace   ] GC(776) Metaspace: 29094K(29504K)->29094K(29504K) NonClass: 24202K(24384K)->24202K(24384K) Class: 4892K(5120K)->4892K(5120K)
[3589.119s][info][gc             ] GC(776) Pause Young (Allocation Failure) 4616M->2325M(5279M) 92.197ms
[3589.119s][info][gc,cpu         ] GC(776) User=0.54s Sys=0.00s Real=0.10s
....[3593.086s][info][gc,start       ] GC(777) Pause Young (Allocation Failure)
[3593.179s][info][gc,heap        ] GC(777) PSYoungGen: 2562176K(2611712K)->139744K(2607104K) Eden: 2427392K(2427392K)->0K(2427904K) From: 134784K(184320K)->139744K(179200K)
[3593.179s][info][gc,heap        ] GC(777) ParOldGen: 2246932K(2793984K)->2334420K(2793984K)
[3593.179s][info][gc,metaspace   ] GC(777) Metaspace: 29094K(29504K)->29094K(29504K) NonClass: 24202K(24384K)->24202K(24384K) Class: 4892K(5120K)->4892K(5120K)
[3593.179s][info][gc             ] GC(777) Pause Young (Allocation Failure) 4696M->2416M(5274M) 92.594ms
[3593.179s][info][gc,cpu         ] GC(777) User=0.55s Sys=0.00s Real=0.10s
....[3597.088s][info][gc,start       ] GC(778) Pause Young (Allocation Failure)
[3597.181s][info][gc,heap        ] GC(778) PSYoungGen: 2567648K(2607104K)->140384K(2609664K) Eden: 2427904K(2427904K)->0K(2427904K) From: 139744K(179200K)->140384K(181760K)
[3597.181s][info][gc,heap        ] GC(778) ParOldGen: 2334420K(2793984K)->2425716K(2793984K)
[3597.181s][info][gc,metaspace   ] GC(778) Metaspace: 29094K(29504K)->29094K(29504K) NonClass: 24202K(24384K)->24202K(24384K) Class: 4892K(5120K)->4892K(5120K)
[3597.181s][info][gc             ] GC(778) Pause Young (Allocation Failure) 4787M->2505M(5277M) 93.443ms
[3597.181s][info][gc,cpu         ] GC(778) User=0.55s Sys=0.00s Real=0.09s
....[3601.039s][info][gc,start       ] GC(779) Pause Young (Allocation Failure)
[3601.135s][info][gc,heap        ] GC(779) PSYoungGen: 2568288K(2609664K)->143952K(2608128K) Eden: 2427904K(2427904K)->0K(2434048K) From: 140384K(181760K)->143952K(174080K)
[3601.135s][info][gc,heap        ] GC(779) ParOldGen: 2425716K(2793984K)->2517932K(2793984K)
[3601.135s][info][gc,metaspace   ] GC(779) Metaspace: 29094K(29504K)->29094K(29504K) NonClass: 24202K(24384K)->24202K(24384K) Class: 4892K(5120K)->4892K(5120K)
[3601.135s][info][gc             ] GC(779) Pause Young (Allocation Failure) 4876M->2599M(5275M) 96.347ms
[3601.135s][info][gc,cpu         ] GC(779) User=0.57s Sys=0.00s Real=0.09s
....[3605.039s][info][gc,start       ] GC(780) Pause Young (Allocation Failure)
[3605.135s][info][gc,heap        ] GC(780) PSYoungGen: 2578000K(2608128K)->143972K(2611712K) Eden: 2434048K(2434048K)->0K(2434048K) From: 143952K(174080K)->143972K(177664K)
[3605.135s][info][gc,heap        ] GC(780) ParOldGen: 2517932K(2793984K)->2607868K(2793984K)
[3605.135s][info][gc,metaspace   ] GC(780) Metaspace: 29094K(29504K)->29094K(29504K) NonClass: 24202K(24384K)->24202K(24384K) Class: 4892K(5120K)->4892K(5120K)
[3605.135s][info][gc             ] GC(780) Pause Young (Allocation Failure) 4976M->2687M(5279M) 95.908ms
[3605.135s][info][gc,cpu         ] GC(780) User=0.57s Sys=0.00s Real=0.09s
....[3609.071s][info][gc,start       ] GC(781) Pause Young (Allocation Failure)
[3609.172s][info][gc,heap        ] GC(781) PSYoungGen: 2578020K(2611712K)->151114K(2614272K) Eden: 2434048K(2434048K)->0K(2443264K) From: 143972K(177664K)->151114K(171008K)
[3609.172s][info][gc,heap        ] GC(781) ParOldGen: 2607868K(2793984K)->2699636K(2793984K)
[3609.172s][info][gc,metaspace   ] GC(781) Metaspace: 29094K(29504K)->29094K(29504K) NonClass: 24202K(24384K)->24202K(24384K) Class: 4892K(5120K)->4892K(5120K)
[3609.172s][info][gc             ] GC(781) Pause Young (Allocation Failure) 5064M->2783M(5281M) 101.184ms
[3609.172s][info][gc,cpu         ] GC(781) User=0.60s Sys=0.00s Real=0.10s
....[3613.028s][info][gc,start       ] GC(782) Pause Young (Allocation Failure)
[3613.122s][info][gc,heap        ] GC(782) PSYoungGen: 2594378K(2614272K)->142080K(2616832K) Eden: 2443264K(2443264K)->0K(2443264K) From: 151114K(171008K)->142080K(173568K)
[3613.122s][info][gc,heap        ] GC(782) ParOldGen: 2699636K(2793984K)->2790804K(2793984K)
[3613.122s][info][gc,metaspace   ] GC(782) Metaspace: 29094K(29504K)->29094K(29504K) NonClass: 24202K(24384K)->24202K(24384K) Class: 4892K(5120K)->4892K(5120K)
[3613.122s][info][gc             ] GC(782) Pause Young (Allocation Failure) 5169M->2864M(5284M) 93.837ms
[3613.122s][info][gc,cpu         ] GC(782) User=0.55s Sys=0.00s Real=0.09s
....[3617.077s][info][gc,start       ] GC(783) Pause Young (Allocation Failure)
[3617.178s][info][gc,heap        ] GC(783) PSYoungGen: 2585344K(2616832K)->143920K(2617344K) Eden: 2443264K(2443264K)->0K(2450432K) From: 142080K(173568K)->143920K(166912K)
[3617.178s][info][gc,heap        ] GC(783) ParOldGen: 2790804K(2793984K)->2881316K(2881536K)
[3617.178s][info][gc,metaspace   ] GC(783) Metaspace: 29094K(29504K)->29094K(29504K) NonClass: 24202K(24384K)->24202K(24384K) Class: 4892K(5120K)->4892K(5120K)
[3617.178s][info][gc             ] GC(783) Pause Young (Allocation Failure) 5250M->2954M(5370M) 100.603ms
[3617.178s][info][gc,cpu         ] GC(783) User=0.57s Sys=0.03s Real=0.10s
....[3621.039s][info][gc,start       ] GC(784) Pause Young (Allocation Failure)
[3621.138s][info][gc,heap        ] GC(784) PSYoungGen: 2594352K(2617344K)->139985K(2620416K) Eden: 2450432K(2450432K)->0K(2450432K) From: 143920K(166912K)->139985K(169984K)
[3621.138s][info][gc,heap        ] GC(784) ParOldGen: 2881316K(2881536K)->2972780K(2973184K)
[3621.138s][info][gc,metaspace   ] GC(784) Metaspace: 29094K(29504K)->29094K(29504K) NonClass: 24202K(24384K)->24202K(24384K) Class: 4892K(5120K)->4892K(5120K)
[3621.138s][info][gc             ] GC(784) Pause Young (Allocation Failure) 5347M->3039M(5462M) 99.024ms
[3621.138s][info][gc,cpu         ] GC(784) User=0.56s Sys=0.02s Real=0.10s
....[3625.088s][info][gc,start       ] GC(785) Pause Young (Allocation Failure)
[3625.187s][info][gc,heap        ] GC(785) PSYoungGen: 2590417K(2620416K)->141633K(2621952K) Eden: 2450432K(2450432K)->0K(2457088K) From: 139985K(169984K)->141633K(164864K)
[3625.187s][info][gc,heap        ] GC(785) ParOldGen: 2972780K(2973184K)->3062908K(3063296K)
[3625.187s][info][gc,metaspace   ] GC(785) Metaspace: 29094K(29504K)->29094K(29504K) NonClass: 24202K(24384K)->24202K(24384K) Class: 4892K(5120K)->4892K(5120K)
[3625.187s][info][gc             ] GC(785) Pause Young (Allocation Failure) 5432M->3129M(5552M) 99.220ms
[3625.187s][info][gc,cpu         ] GC(785) User=0.56s Sys=0.02s Real=0.09s
....[3629.091s][info][gc,start       ] GC(786) Pause Young (Allocation Failure)
[3629.192s][info][gc,heap        ] GC(786) PSYoungGen: 2598721K(2621952K)->143844K(2624512K) Eden: 2457088K(2457088K)->0K(2457088K) From: 141633K(164864K)->143844K(167424K)
[3629.193s][info][gc,heap        ] GC(786) ParOldGen: 3062908K(3063296K)->3154588K(3154944K)
[3629.193s][info][gc,metaspace   ] GC(786) Metaspace: 29094K(29504K)->29094K(29504K) NonClass: 24202K(24384K)->24202K(24384K) Class: 4892K(5120K)->4892K(5120K)
[3629.193s][info][gc             ] GC(786) Pause Young (Allocation Failure) 5528M->3221M(5644M) 101.859ms
[3629.193s][info][gc,cpu         ] GC(786) User=0.58s Sys=0.03s Real=0.10s
....[3633.130s][info][gc,start       ] GC(787) Pause Young (Allocation Failure)
[3633.230s][info][gc,heap        ] GC(787) PSYoungGen: 2600932K(2624512K)->146144K(2625024K) Eden: 2457088K(2457088K)->0K(2463232K) From: 143844K(167424K)->146144K(161792K)
[3633.230s][info][gc,heap        ] GC(787) ParOldGen: 3154588K(3154944K)->3245164K(3245568K)
[3633.230s][info][gc,metaspace   ] GC(787) Metaspace: 29094K(29504K)->29094K(29504K) NonClass: 24202K(24384K)->24202K(24384K) Class: 4892K(5120K)->4892K(5120K)
[3633.230s][info][gc             ] GC(787) Pause Young (Allocation Failure) 5620M->3311M(5733M) 100.234ms
[3633.230s][info][gc,cpu         ] GC(787) User=0.57s Sys=0.02s Real=0.10s
.... (rIR:aIR:PR = 4981:4982:4982) (tPR = 73880) [OK] 
  3636s: Performance info:
         Transaction,    Success,    Partial,     Failed,   Receipts, AvgBarcode, 
             Overall,     299094,          0,          0,     284132,      59.48, 
         Response times:
             Request,    Success,    Partial,     Failed,   SkipFail,     Probes,    Samples,      min,      p50,      p90,      p95,      p99,      max, 
       TotalPurchase,     284167,          0,          0,          0,     280231,     298184,      300,     3700,     6200,     7900,    39000,   157000,
     InStorePurchase,     149549,          0,          0,          0,     147741,     156586,      300,     3800,     6300,     8000,    40000,   146000,
      OnlinePurchase,     104701,          0,          0,          0,     103189,     110026,      300,     3400,     6100,     7600,    38000,   157000,
        InstPurchase,      29917,          0,          0,          0,      29301,      31572,      400,     3900,     6400,     8200,    41000,   144000,
          AssocOfCat,        302,          0,          0,          0,        216,        301,    19100,    29000,    40000,    48000,   171520,   179000,
      AssocOfProduct,       2991,          0,          0,          0,       2791,       3164,      600,     3600,     6100,     7600,    39000,   120000,
      BusinessReport,        744,          0,          0,          0,        636,        755,    21000,    35000,    48000,    56000,   126040,   181000,
          CustBuyBeh,       2996,          0,          0,          0,       2787,       3135,      900,     4600,     6700,     8620,    44640,   135000,
       ProductReturn,       7927,          0,          0,          0,       7529,       8307,      200,     4400,     6600,     8300,    42000,   146000,

  3636s: (37%)   IR =   5120 [3637.140s][info][gc,start       ] GC(788) Pause Young (Allocation Failure)
[3637.241s][info][gc,heap        ] GC(788) PSYoungGen: 2609376K(2625024K)->140672K(2627072K) Eden: 2463232K(2463232K)->0K(2463232K) From: 146144K(161792K)->140672K(163840K)
[3637.241s][info][gc,heap        ] GC(788) ParOldGen: 3245164K(3245568K)->3337452K(3337728K)
[3637.241s][info][gc,metaspace   ] GC(788) Metaspace: 29094K(29504K)->29094K(29504K) NonClass: 24202K(24384K)->24202K(24384K) Class: 4892K(5120K)->4892K(5120K)
[3637.241s][info][gc             ] GC(788) Pause Young (Allocation Failure) 5717M->3396M(5825M) 100.995ms
[3637.241s][info][gc,cpu         ] GC(788) User=0.57s Sys=0.03s Real=0.10s
....[3641.093s][info][gc,start       ] GC(789) Pause Young (Allocation Failure)
[3641.192s][info][gc,heap        ] GC(789) PSYoungGen: 2603904K(2627072K)->142400K(2628096K) Eden: 2463232K(2463232K)->0K(2469376K) From: 140672K(163840K)->142400K(158720K)
[3641.192s][info][gc,heap        ] GC(789) ParOldGen: 3337452K(3337728K)->3428340K(3428352K)
[3641.192s][info][gc,metaspace   ] GC(789) Metaspace: 29094K(29504K)->29094K(29504K) NonClass: 24202K(24384K)->24202K(24384K) Class: 4892K(5120K)->4892K(5120K)
[3641.192s][info][gc             ] GC(789) Pause Young (Allocation Failure) 5802M->3487M(5914M) 99.431ms
[3641.192s][info][gc,cpu         ] GC(789) User=0.54s Sys=0.03s Real=0.10s
..|..[3645.034s][info][gc,start       ] GC(790) Pause Young (Allocation Failure)
[3645.134s][info][gc,heap        ] GC(790) PSYoungGen: 2611776K(2628096K)->140416K(2630656K) Eden: 2469376K(2469376K)->0K(2469376K) From: 142400K(158720K)->140416K(161280K)
[3645.134s][info][gc,heap        ] GC(790) ParOldGen: 3428340K(3428352K)->3520140K(3520512K)
[3645.134s][info][gc,metaspace   ] GC(790) Metaspace: 29094K(29504K)->29094K(29504K) NonClass: 24202K(24384K)->24202K(24384K) Class: 4892K(5120K)->4892K(5120K)
[3645.134s][info][gc             ] GC(790) Pause Young (Allocation Failure) 5898M->3574M(6007M) 99.681ms
[3645.134s][info][gc,cpu         ] GC(790) User=0.57s Sys=0.02s Real=0.10s
....[3648.954s][info][gc,start       ] GC(791) Pause Young (Allocation Failure)
[3649.057s][info][gc,heap        ] GC(791) PSYoungGen: 2609792K(2630656K)->146016K(2632192K) Eden: 2469376K(2469376K)->0K(2473984K) From: 140416K(161280K)->146016K(158208K)
[3649.057s][info][gc,heap        ] GC(791) ParOldGen: 3520140K(3520512K)->3612524K(3612672K)
[3649.057s][info][gc,metaspace   ] GC(791) Metaspace: 29094K(29504K)->29094K(29504K) NonClass: 24202K(24384K)->24202K(24384K) Class: 4892K(5120K)->4892K(5120K)
[3649.057s][info][gc             ] GC(791) Pause Young (Allocation Failure) 5986M->3670M(6098M) 103.826ms
[3649.057s][info][gc,cpu         ] GC(791) User=0.59s Sys=0.02s Real=0.11s
....[3652.923s][info][gc,start       ] GC(792) Pause Young (Allocation Failure)
[3653.022s][info][gc,heap        ] GC(792) PSYoungGen: 2620000K(2632192K)->140928K(2633728K) Eden: 2473984K(2473984K)->0K(2473984K) From: 146016K(158208K)->140928K(159744K)
[3653.022s][info][gc,heap        ] GC(792) ParOldGen: 3612524K(3612672K)->3701996K(3702272K)
[3653.022s][info][gc,metaspace   ] GC(792) Metaspace: 29094K(29504K)->29094K(29504K) NonClass: 24202K(24384K)->24202K(24384K) Class: 4892K(5120K)->4892K(5120K)
[3653.022s][info][gc             ] GC(792) Pause Young (Allocation Failure) 6086M->3752M(6187M) 98.461ms
[3653.022s][info][gc,cpu         ] GC(792) User=0.55s Sys=0.03s Real=0.10s
...[3656.839s][info][gc,start       ] GC(793) Pause Young (Allocation Failure)
[3656.944s][info][gc,heap        ] GC(793) PSYoungGen: 2614912K(2633728K)->145942K(2633728K) Eden: 2473984K(2473984K)->0K(2477568K) From: 140928K(159744K)->145942K(156160K)
[3656.944s][info][gc,heap        ] GC(793) ParOldGen: 3701996K(3702272K)->3793868K(3793920K)
[3656.944s][info][gc,metaspace   ] GC(793) Metaspace: 29094K(29504K)->29094K(29504K) NonClass: 24202K(24384K)->24202K(24384K) Class: 4892K(5120K)->4892K(5120K)
[3656.944s][info][gc             ] GC(793) Pause Young (Allocation Failure) 6168M->3847M(6277M) 105.041ms
[3656.944s][info][gc,cpu         ] GC(793) User=0.58s Sys=0.04s Real=0.10s
....[3660.786s][info][gc,start       ] GC(794) Pause Young (Allocation Failure)
[3660.887s][info][gc,heap        ] GC(794) PSYoungGen: 2623510K(2633728K)->142820K(2635264K) Eden: 2477568K(2477568K)->0K(2477568K) From: 145942K(156160K)->142820K(157696K)
[3660.887s][info][gc,heap        ] GC(794) ParOldGen: 3793868K(3793920K)->3886268K(3886592K)
[3660.887s][info][gc,metaspace   ] GC(794) Metaspace: 29094K(29504K)->29094K(29504K) NonClass: 24202K(24384K)->24202K(24384K) Class: 4892K(5120K)->4892K(5120K)
[3660.887s][info][gc             ] GC(794) Pause Young (Allocation Failure) 6266M->3934M(6369M) 101.447ms
[3660.887s][info][gc,cpu         ] GC(794) User=0.57s Sys=0.03s Real=0.10s
....[3664.789s][info][gc,start       ] GC(795) Pause Young (Allocation Failure)
[3664.891s][info][gc,heap        ] GC(795) PSYoungGen: 2620388K(2635264K)->140831K(2636800K) Eden: 2477568K(2477568K)->0K(2481664K) From: 142820K(157696K)->140831K(155136K)
[3664.891s][info][gc,heap        ] GC(795) ParOldGen: 3886268K(3886592K)->3977188K(3977216K)
[3664.891s][info][gc,metaspace   ] GC(795) Metaspace: 29094K(29504K)->29094K(29504K) NonClass: 24202K(24384K)->24202K(24384K) Class: 4892K(5120K)->4892K(5120K)
[3664.891s][info][gc             ] GC(795) Pause Young (Allocation Failure) 6354M->4021M(6459M) 101.642ms
[3664.891s][info][gc,cpu         ] GC(795) User=0.58s Sys=0.03s Real=0.10s
....[3668.717s][info][gc,start       ] GC(796) Pause Young (Allocation Failure)
[3668.822s][info][gc,heap        ] GC(796) PSYoungGen: 2622495K(2636800K)->147381K(2637824K) Eden: 2481664K(2481664K)->0K(2481664K) From: 140831K(155136K)->147381K(156160K)
[3668.822s][info][gc,heap        ] GC(796) ParOldGen: 3977188K(3977216K)->4070108K(4070400K)
[3668.822s][info][gc,metaspace   ] GC(796) Metaspace: 29094K(29504K)->29094K(29504K) NonClass: 24202K(24384K)->24202K(24384K) Class: 4892K(5120K)->4892K(5120K)
[3668.822s][info][gc             ] GC(796) Pause Young (Allocation Failure) 6445M->4118M(6551M) 105.446ms
[3668.822s][info][gc,cpu         ] GC(796) User=0.60s Sys=0.02s Real=0.11s
....[3672.719s][info][gc,start       ] GC(797) Pause Young (Allocation Failure)
[3672.821s][info][gc,heap        ] GC(797) PSYoungGen: 2629045K(2637824K)->141781K(2638848K) Eden: 2481664K(2481664K)->0K(2483712K) From: 147381K(156160K)->141781K(155136K)
[3672.821s][info][gc,heap        ] GC(797) ParOldGen: 4070108K(4070400K)->4161124K(4161536K)
[3672.821s][info][gc,metaspace   ] GC(797) Metaspace: 29094K(29504K)->29094K(29504K) NonClass: 24202K(24384K)->24202K(24384K) Class: 4892K(5120K)->4892K(5120K)
[3672.821s][info][gc             ] GC(797) Pause Young (Allocation Failure) 6542M->4202M(6641M) 102.252ms
[3672.821s][info][gc,cpu         ] GC(797) User=0.58s Sys=0.03s Real=0.10s
....[3676.605s][info][gc,start       ] GC(798) Pause Young (Allocation Failure)
[3676.709s][info][gc,heap        ] GC(798) PSYoungGen: 2625493K(2638848K)->142837K(2639360K) Eden: 2483712K(2483712K)->0K(2483712K) From: 141781K(155136K)->142837K(155648K)
[3676.709s][info][gc,heap        ] GC(798) ParOldGen: 4161124K(4161536K)->4254100K(4254208K)
[3676.709s][info][gc,metaspace   ] GC(798) Metaspace: 29094K(29504K)->29094K(29504K) NonClass: 24202K(24384K)->24202K(24384K) Class: 4892K(5120K)->4892K(5120K)
[3676.709s][info][gc             ] GC(798) Pause Young (Allocation Failure) 6627M->4293M(6732M) 103.636ms
[3676.709s][info][gc,cpu         ] GC(798) User=0.57s Sys=0.03s Real=0.11s
....[3680.637s][info][gc,start       ] GC(799) Pause Young (Allocation Failure)
[3680.738s][info][gc,heap        ] GC(799) PSYoungGen: 2626549K(2639360K)->141728K(2638848K) Eden: 2483712K(2483712K)->0K(2485760K) From: 142837K(155648K)->141728K(153088K)
[3680.738s][info][gc,heap        ] GC(799) ParOldGen: 4254100K(4254208K)->4344348K(4344832K)
[3680.738s][info][gc,metaspace   ] GC(799) Metaspace: 29094K(29504K)->29094K(29504K) NonClass: 24202K(24384K)->24202K(24384K) Class: 4892K(5120K)->4892K(5120K)
[3680.738s][info][gc             ] GC(799) Pause Young (Allocation Failure) 6719M->4380M(6820M) 101.135ms
[3680.738s][info][gc,cpu         ] GC(799) User=0.57s Sys=0.03s Real=0.11s
....[3684.538s][info][gc,start       ] GC(800) Pause Young (Allocation Failure)
[3684.639s][info][gc,heap        ] GC(800) PSYoungGen: 2627488K(2638848K)->137920K(2639360K) Eden: 2485760K(2485760K)->0K(2485760K) From: 141728K(153088K)->137920K(153600K)
[3684.639s][info][gc,heap        ] GC(800) ParOldGen: 4344348K(4344832K)->4437964K(4438016K)
[3684.639s][info][gc,metaspace   ] GC(800) Metaspace: 29094K(29504K)->29094K(29504K) NonClass: 24202K(24384K)->24202K(24384K) Class: 4892K(5120K)->4892K(5120K)
[3684.639s][info][gc             ] GC(800) Pause Young (Allocation Failure) 6808M->4468M(6911M) 101.131ms
[3684.639s][info][gc,cpu         ] GC(800) User=0.56s Sys=0.03s Real=0.10s
....[3688.497s][info][gc,start       ] GC(801) Pause Young (Allocation Failure)
[3688.599s][info][gc,heap        ] GC(801) PSYoungGen: 2623680K(2639360K)->136992K(2642432K) Eden: 2485760K(2485760K)->0K(2488832K) From: 137920K(153600K)->136992K(153600K)
[3688.599s][info][gc,heap        ] GC(801) ParOldGen: 4437964K(4438016K)->4529916K(4530176K)
[3688.599s][info][gc,metaspace   ] GC(801) Metaspace: 29094K(29504K)->29094K(29504K) NonClass: 24202K(24384K)->24202K(24384K) Class: 4892K(5120K)->4892K(5120K)
[3688.599s][info][gc             ] GC(801) Pause Young (Allocation Failure) 6896M->4557M(7004M) 101.627ms
[3688.599s][info][gc,cpu         ] GC(801) User=0.56s Sys=0.02s Real=0.11s
....[3692.424s][info][gc,start       ] GC(802) Pause Young (Allocation Failure)
[3692.524s][info][gc,heap        ] GC(802) PSYoungGen: 2625824K(2642432K)->138000K(2642432K) Eden: 2488832K(2488832K)->0K(2488832K) From: 136992K(153600K)->138000K(153600K)
[3692.524s][info][gc,heap        ] GC(802) ParOldGen: 4529916K(4530176K)->4621244K(4621312K)
[3692.524s][info][gc,metaspace   ] GC(802) Metaspace: 29094K(29504K)->29094K(29504K) NonClass: 24202K(24384K)->24202K(24384K) Class: 4892K(5120K)->4892K(5120K)
[3692.524s][info][gc             ] GC(802) Pause Young (Allocation Failure) 6988M->4647M(7093M) 99.281ms
[3692.524s][info][gc,cpu         ] GC(802) User=0.55s Sys=0.03s Real=0.10s
....[3696.420s][info][gc,start       ] GC(803) Pause Young (Allocation Failure)
[3696.522s][info][gc,heap        ] GC(803) PSYoungGen: 2626832K(2642432K)->142117K(2640384K) Eden: 2488832K(2488832K)->0K(2488832K) From: 138000K(153600K)->142117K(151552K)
[3696.522s][info][gc,heap        ] GC(803) ParOldGen: 4621244K(4621312K)->4713020K(4713472K)
[3696.522s][info][gc,metaspace   ] GC(803) Metaspace: 29094K(29504K)->29094K(29504K) NonClass: 24202K(24384K)->24202K(24384K) Class: 4892K(5120K)->4892K(5120K)
[3696.522s][info][gc             ] GC(803) Pause Young (Allocation Failure) 7078M->4741M(7181M) 101.994ms
[3696.522s][info][gc,cpu         ] GC(803) User=0.57s Sys=0.02s Real=0.10s
....[3700.350s][info][gc,start       ] GC(804) Pause Young (Allocation Failure)
[3700.454s][info][gc,heap        ] GC(804) PSYoungGen: 2630949K(2640384K)->143689K(2641408K) Eden: 2488832K(2488832K)->0K(2488832K) From: 142117K(151552K)->143689K(152576K)
[3700.454s][info][gc,heap        ] GC(804) ParOldGen: 4713020K(4713472K)->4805236K(4805632K)
[3700.454s][info][gc,metaspace   ] GC(804) Metaspace: 29094K(29504K)->29094K(29504K) NonClass: 24202K(24384K)->24202K(24384K) Class: 4892K(5120K)->4892K(5120K)
[3700.454s][info][gc             ] GC(804) Pause Young (Allocation Failure) 7171M->4832M(7272M) 103.395ms
[3700.454s][info][gc,cpu         ] GC(804) User=0.58s Sys=0.02s Real=0.10s
... (rIR:aIR:PR = 5120:5120:5120) (tPR = 76275) [OK] 
  3702s: Performance info:
         Transaction,    Success,    Partial,     Failed,   Receipts, AvgBarcode, 
             Overall,     307814,          0,          0,     292440,      59.48, 
         Response times:
             Request,    Success,    Partial,     Failed,   SkipFail,     Probes,    Samples,      min,      p50,      p90,      p95,      p99,      max, 
       TotalPurchase,     292440,          0,          0,          0,     286868,     317147,      300,     3800,     6500,     8100,    35000,   170000,
     InStorePurchase,     153881,          0,          0,          0,     151053,     166825,      300,     3900,     6500,     8000,    34000,   170000,
      OnlinePurchase,     107798,          0,          0,          0,     105834,     116842,      300,     3700,     6500,     8200,    35000,   160000,
        InstPurchase,      30761,          0,          0,          0,      29981,      33480,      400,     3700,     6400,     8100,    35000,   160000,
          AssocOfCat,        304,          0,          0,          0,        249,        344,    18000,    29000,    39000,    47500,    62550,   149000,
      AssocOfProduct,       3081,          0,          0,          0,       2849,       3321,      400,     2100,     5600,     6900,    22000,   113000,
      BusinessReport,        767,          0,          0,          0,        668,        843,    18900,    36000,    50000,    68000,   148560,   171000,
          CustBuyBeh,       3071,          0,          0,          0,       2843,       3401,      200,     3000,     5900,     7100,    28940,   113000,
       ProductReturn,       8151,          0,          0,          0,       7848,       8899,      200,     3100,     6400,     8100,    34000,   125000,

  3702s: (38%)   IR =   5258 .[3704.286s][info][gc,start       ] GC(805) Pause Young (Allocation Failure)
[3704.387s][info][gc,heap        ] GC(805) PSYoungGen: 2632521K(2641408K)->138304K(2641920K) Eden: 2488832K(2488832K)->0K(2491392K) From: 143689K(152576K)->138304K(150528K)
[3704.387s][info][gc,heap        ] GC(805) ParOldGen: 4805236K(4805632K)->4896220K(4896256K)
[3704.387s][info][gc,metaspace   ] GC(805) Metaspace: 29094K(29504K)->29094K(29504K) NonClass: 24202K(24384K)->24202K(24384K) Class: 4892K(5120K)->4892K(5120K)
[3704.387s][info][gc             ] GC(805) Pause Young (Allocation Failure) 7263M->4916M(7361M) 101.107ms
[3704.387s][info][gc,cpu         ] GC(805) User=0.57s Sys=0.02s Real=0.10s
....[3708.172s][info][gc,start       ] GC(806) Pause Young (Allocation Failure)
[3708.277s][info][gc,heap        ] GC(806) PSYoungGen: 2629696K(2641920K)->147684K(2642944K) Eden: 2491392K(2491392K)->0K(2491392K) From: 138304K(150528K)->147684K(151552K)
[3708.277s][info][gc,heap        ] GC(806) ParOldGen: 4896220K(4896256K)->4987924K(4988416K)
[3708.277s][info][gc,metaspace   ] GC(806) Metaspace: 29094K(29504K)->29094K(29504K) NonClass: 24202K(24384K)->24202K(24384K) Class: 4892K(5120K)->4892K(5120K)
[3708.277s][info][gc             ] GC(806) Pause Young (Allocation Failure) 7349M->5015M(7452M) 104.988ms
[3708.277s][info][gc,cpu         ] GC(806) User=0.59s Sys=0.03s Real=0.10s
.|...[3712.083s][info][gc,start       ] GC(807) Pause Young (Allocation Failure)
[3712.187s][info][gc,heap        ] GC(807) PSYoungGen: 2639076K(2642944K)->145376K(2642944K) Eden: 2491392K(2491392K)->0K(2489856K) From: 147684K(151552K)->145376K(153088K)
[3712.187s][info][gc,heap        ] GC(807) ParOldGen: 4987924K(4988416K)->5079612K(5080064K)
[3712.187s][info][gc,metaspace   ] GC(807) Metaspace: 29094K(29504K)->29094K(29504K) NonClass: 24202K(24384K)->24202K(24384K) Class: 4892K(5120K)->4892K(5120K)
[3712.187s][info][gc             ] GC(807) Pause Young (Allocation Failure) 7448M->5102M(7542M) 104.198ms
[3712.187s][info][gc,cpu         ] GC(807) User=0.57s Sys=0.04s Real=0.10s
...[3715.920s][info][gc,start       ] GC(808) Pause Young (Allocation Failure)
[3716.023s][info][gc,heap        ] GC(808) PSYoungGen: 2635232K(2642944K)->139584K(2629632K) Eden: 2489856K(2489856K)->0K(2489856K) From: 145376K(153088K)->139584K(139776K)
[3716.023s][info][gc,heap        ] GC(808) ParOldGen: 5079612K(5080064K)->5172276K(5172736K)
[3716.023s][info][gc,metaspace   ] GC(808) Metaspace: 29094K(29504K)->29094K(29504K) NonClass: 24202K(24384K)->24202K(24384K) Class: 4892K(5120K)->4892K(5120K)
[3716.023s][info][gc             ] GC(808) Pause Young (Allocation Failure) 7534M->5187M(7619M) 102.651ms
[3716.023s][info][gc,cpu         ] GC(808) User=0.57s Sys=0.03s Real=0.10s
....[3719.792s][info][gc,start       ] GC(809) Pause Young (Allocation Failure)
[3719.897s][info][gc,heap        ] GC(809) PSYoungGen: 2629440K(2629632K)->143456K(2642944K) Eden: 2489856K(2489856K)->0K(2490368K) From: 139584K(139776K)->143456K(152576K)
[3719.897s][info][gc,heap        ] GC(809) ParOldGen: 5172276K(5172736K)->5263428K(5263872K)
[3719.897s][info][gc,metaspace   ] GC(809) Metaspace: 29094K(29504K)->29094K(29504K) NonClass: 24202K(24384K)->24202K(24384K) Class: 4892K(5120K)->4892K(5120K)
[3719.897s][info][gc             ] GC(809) Pause Young (Allocation Failure) 7618M->5280M(7721M) 104.260ms
[3719.897s][info][gc,cpu         ] GC(809) User=0.58s Sys=0.03s Real=0.10s
....[3723.639s][info][gc,start       ] GC(810) Pause Young (Allocation Failure)
[3723.743s][info][gc,heap        ] GC(810) PSYoungGen: 2633824K(2642944K)->143056K(2642432K) Eden: 2490368K(2490368K)->0K(2490368K) From: 143456K(152576K)->143056K(152064K)
[3723.743s][info][gc,heap        ] GC(810) ParOldGen: 5263428K(5263872K)->5354972K(5355008K)
[3723.743s][info][gc,metaspace   ] GC(810) Metaspace: 29094K(29504K)->29094K(29504K) NonClass: 24202K(24384K)->24202K(24384K) Class: 4892K(5120K)->4892K(5120K)
[3723.743s][info][gc             ] GC(810) Pause Young (Allocation Failure) 7712M->5369M(7810M) 103.501ms
[3723.743s][info][gc,cpu         ] GC(810) User=0.59s Sys=0.03s Real=0.10s
....[3727.497s][info][gc,start       ] GC(811) Pause Young (Allocation Failure)
[3727.599s][info][gc,heap        ] GC(811) PSYoungGen: 2633424K(2642432K)->138976K(2642432K) Eden: 2490368K(2490368K)->0K(2491392K) From: 143056K(152064K)->138976K(151040K)
[3727.599s][info][gc,heap        ] GC(811) ParOldGen: 5354972K(5355008K)->5446548K(5446656K)
[3727.599s][info][gc,metaspace   ] GC(811) Metaspace: 29094K(29504K)->29094K(29504K) NonClass: 24202K(24384K)->24202K(24384K) Class: 4892K(5120K)->4892K(5120K)
[3727.599s][info][gc             ] GC(811) Pause Young (Allocation Failure) 7801M->5454M(7899M) 102.230ms
[3727.599s][info][gc,cpu         ] GC(811) User=0.57s Sys=0.03s Real=0.11s
....[3731.361s][info][gc,start       ] GC(812) Pause Young (Allocation Failure)
[3731.467s][info][gc,heap        ] GC(812) PSYoungGen: 2630368K(2642432K)->146148K(2642432K) Eden: 2491392K(2491392K)->0K(2491392K) From: 138976K(151040K)->146148K(151040K)
[3731.467s][info][gc,heap        ] GC(812) ParOldGen: 5446548K(5446656K)->5539412K(5539840K)
[3731.467s][info][gc,metaspace   ] GC(812) Metaspace: 29094K(29504K)->29094K(29504K) NonClass: 24202K(24384K)->24202K(24384K) Class: 4892K(5120K)->4892K(5120K)
[3731.467s][info][gc             ] GC(812) Pause Young (Allocation Failure) 7887M->5552M(7990M) 106.253ms
[3731.467s][info][gc,cpu         ] GC(812) User=0.60s Sys=0.02s Real=0.11s
....[3735.346s][info][gc,start       ] GC(813) Pause Full (Allocation Failure)
[3735.346s][info][gc,phases,start] GC(813) Marking Phase
[3735.640s][info][gc,phases      ] GC(813) Marking Phase 294.859ms
[3735.640s][info][gc,phases,start] GC(813) Summary Phase
[3735.641s][info][gc,phases      ] GC(813) Summary Phase 0.093ms
[3735.641s][info][gc,phases,start] GC(813) Forward
[3735.770s][info][gc,phases      ] GC(813) Forward 129.251ms
[3735.770s][info][gc,phases,start] GC(813) Adjust Pointers
[3735.963s][info][gc,phases      ] GC(813) Adjust Pointers 193.512ms
[3735.963s][info][gc,phases,start] GC(813) Compaction Phase
[3736.087s][info][gc,phases      ] GC(813) Compaction Phase 123.959ms
[3736.088s][info][gc,phases,start] GC(813) Post Compact
[3736.095s][info][gc,phases      ] GC(813) Post Compact 6.954ms
[3736.222s][info][gc,heap        ] GC(813) PSYoungGen: 2637540K(2642432K)->0K(2644480K) Eden: 2491392K(2491392K)->0K(2492928K) From: 146148K(151040K)->0K(151552K)
[3736.222s][info][gc,heap        ] GC(813) ParOldGen: 5539412K(5539840K)->1417088K(1627136K)
[3736.222s][info][gc,metaspace   ] GC(813) Metaspace: 29094K(29504K)->29094K(29504K) NonClass: 24202K(24384K)->24202K(24384K) Class: 4892K(5120K)->4892K(5120K)
[3736.222s][info][gc             ] GC(813) Pause Full (Allocation Failure) 7985M->1383M(4171M) 876.662ms
[3736.222s][info][gc,cpu         ] GC(813) User=3.98s Sys=0.13s Real=0.88s
...[3739.073s][info][gc,start       ] GC(814) Pause Young (Allocation Failure)
[3739.139s][info][gc,heap        ] GC(814) PSYoungGen: 2492928K(2644480K)->142688K(2635776K) Eden: 2492928K(2492928K)->0K(2492928K) From: 0K(151552K)->142688K(142848K)
[3739.139s][info][gc,heap        ] GC(814) ParOldGen: 1417088K(1627136K)->1417088K(1627136K)
[3739.139s][info][gc,metaspace   ] GC(814) Metaspace: 29094K(29504K)->29094K(29504K) NonClass: 24202K(24384K)->24202K(24384K) Class: 4892K(5120K)->4892K(5120K)
[3739.139s][info][gc             ] GC(814) Pause Young (Allocation Failure) 3818M->1523M(4163M) 65.976ms
[3739.139s][info][gc,cpu         ] GC(814) User=0.38s Sys=0.00s Real=0.07s
....[3742.997s][info][gc,start       ] GC(815) Pause Young (Allocation Failure)
[3743.095s][info][gc,heap        ] GC(815) PSYoungGen: 2635616K(2635776K)->144064K(2643456K) Eden: 2492928K(2492928K)->0K(2492928K) From: 142688K(142848K)->144064K(150528K)
[3743.095s][info][gc,heap        ] GC(815) ParOldGen: 1417088K(1627136K)->1510008K(1627136K)
[3743.095s][info][gc,metaspace   ] GC(815) Metaspace: 29094K(29504K)->29094K(29504K) NonClass: 24202K(24384K)->24202K(24384K) Class: 4892K(5120K)->4892K(5120K)
[3743.095s][info][gc             ] GC(815) Pause Young (Allocation Failure) 3957M->1615M(4170M) 97.081ms
[3743.095s][info][gc,cpu         ] GC(815) User=0.57s Sys=0.00s Real=0.09s
....[3746.912s][info][gc,start       ] GC(816) Pause Young (Allocation Failure)
[3747.006s][info][gc,heap        ] GC(816) PSYoungGen: 2636992K(2643456K)->141408K(2643456K) Eden: 2492928K(2492928K)->0K(2492928K) From: 144064K(150528K)->141408K(150528K)
[3747.006s][info][gc,heap        ] GC(816) ParOldGen: 1510008K(1627136K)->1603536K(1627136K)
[3747.006s][info][gc,metaspace   ] GC(816) Metaspace: 29094K(29504K)->29094K(29504K) NonClass: 24202K(24384K)->24202K(24384K) Class: 4892K(5120K)->4892K(5120K)
[3747.006s][info][gc             ] GC(816) Pause Young (Allocation Failure) 4049M->1704M(4170M) 94.091ms
[3747.006s][info][gc,cpu         ] GC(816) User=0.56s Sys=0.00s Real=0.09s
....[3750.765s][info][gc,start       ] GC(817) Pause Young (Allocation Failure)
[3750.866s][info][gc,heap        ] GC(817) PSYoungGen: 2634336K(2643456K)->143744K(2644992K) Eden: 2492928K(2492928K)->0K(2495488K) From: 141408K(150528K)->143744K(149504K)
[3750.866s][info][gc,heap        ] GC(817) ParOldGen: 1603536K(1627136K)->1696064K(1696256K)
[3750.866s][info][gc,metaspace   ] GC(817) Metaspace: 29094K(29504K)->29094K(29504K) NonClass: 24202K(24384K)->24202K(24384K) Class: 4892K(5120K)->4892K(5120K)
[3750.866s][info][gc             ] GC(817) Pause Young (Allocation Failure) 4138M->1796M(4239M) 101.470ms
[3750.866s][info][gc,cpu         ] GC(817) User=0.58s Sys=0.01s Real=0.10s
....[3754.575s][info][gc,start       ] GC(818) Pause Young (Allocation Failure)
[3754.674s][info][gc,heap        ] GC(818) PSYoungGen: 2639232K(2644992K)->140337K(2644992K) Eden: 2495488K(2495488K)->0K(2495488K) From: 143744K(149504K)->140337K(149504K)
[3754.674s][info][gc,heap        ] GC(818) ParOldGen: 1696064K(1696256K)->1787720K(1787904K)
[3754.674s][info][gc,metaspace   ] GC(818) Metaspace: 29094K(29504K)->29094K(29504K) NonClass: 24202K(24384K)->24202K(24384K) Class: 4892K(5120K)->4892K(5120K)
[3754.674s][info][gc             ] GC(818) Pause Young (Allocation Failure) 4233M->1882M(4329M) 98.418ms
[3754.674s][info][gc,cpu         ] GC(818) User=0.54s Sys=0.03s Real=0.10s
....[3758.515s][info][gc,start       ] GC(819) Pause Young (Allocation Failure)
[3758.613s][info][gc,heap        ] GC(819) PSYoungGen: 2635825K(2644992K)->141728K(2645504K) Eden: 2495488K(2495488K)->0K(2497024K) From: 140337K(149504K)->141728K(148480K)
[3758.613s][info][gc,heap        ] GC(819) ParOldGen: 1787720K(1787904K)->1877504K(1878016K)
[3758.613s][info][gc,metaspace   ] GC(819) Metaspace: 29094K(29504K)->29094K(29504K) NonClass: 24202K(24384K)->24202K(24384K) Class: 4892K(5120K)->4892K(5120K)
[3758.613s][info][gc             ] GC(819) Pause Young (Allocation Failure) 4319M->1971M(4417M) 97.090ms
[3758.613s][info][gc,cpu         ] GC(819) User=0.54s Sys=0.03s Real=0.10s
....[3762.322s][info][gc,start       ] GC(820) Pause Young (Allocation Failure)
[3762.424s][info][gc,heap        ] GC(820) PSYoungGen: 2638752K(2645504K)->145696K(2646016K) Eden: 2497024K(2497024K)->0K(2497024K) From: 141728K(148480K)->145696K(148992K)
[3762.424s][info][gc,heap        ] GC(820) ParOldGen: 1877504K(1878016K)->1972264K(1972736K)
[3762.424s][info][gc,metaspace   ] GC(820) Metaspace: 29094K(29504K)->29094K(29504K) NonClass: 24202K(24384K)->24202K(24384K) Class: 4892K(5120K)->4892K(5120K)
[3762.424s][info][gc             ] GC(820) Pause Young (Allocation Failure) 4410M->2068M(4510M) 101.863ms
[3762.424s][info][gc,cpu         ] GC(820) User=0.57s Sys=0.03s Real=0.10s
...[3766.205s][info][gc,start       ] GC(821) Pause Young (Allocation Failure)
[3766.301s][info][gc,heap        ] GC(821) PSYoungGen: 2642720K(2646016K)->137664K(2646528K) Eden: 2497024K(2497024K)->0K(2497024K) From: 145696K(148992K)->137664K(149504K)
[3766.301s][info][gc,heap        ] GC(821) ParOldGen: 1972264K(1972736K)->2062736K(2062848K)
[3766.301s][info][gc,metaspace   ] GC(821) Metaspace: 29095K(29504K)->29095K(29504K) NonClass: 24203K(24384K)->24203K(24384K) Class: 4892K(5120K)->4892K(5120K)
[3766.301s][info][gc             ] GC(821) Pause Young (Allocation Failure) 4506M->2148M(4599M) 96.368ms
[3766.301s][info][gc,cpu         ] GC(821) User=0.55s Sys=0.02s Real=0.10s
.... (rIR:aIR:PR = 5258:5258:5258) (tPR = 78350) [OK] 
  3769s: Performance info:
         Transaction,    Success,    Partial,     Failed,   Receipts, AvgBarcode, 
             Overall,     316920,          0,          0,     301084,      59.48, 
         Response times:
             Request,    Success,    Partial,     Failed,   SkipFail,     Probes,    Samples,      min,      p50,      p90,      p95,      p99,      max, 
       TotalPurchase,     301084,          0,          0,          0,     292857,     326004,      300,     3900,     7000,    14900,   512000,   720000,
     InStorePurchase,     158442,          0,          0,          0,     154285,     171640,      300,     4000,     7100,    15100,   520000,   720000,
      OnlinePurchase,     110924,          0,          0,          0,     107953,     119955,      300,     3700,     6900,    14200,   511000,   690000,
        InstPurchase,      31718,          0,          0,          0,      30619,      34409,      400,     3900,     7100,    16100,   521000,   690000,
          AssocOfCat,        317,          0,          0,          0,        238,        335,    19300,    29000,    44000,   110200,   550120,   650000,
      AssocOfProduct,       3170,          0,          0,          0,       2981,       3529,      400,     5000,     7600,    16250,   565000,   660000,
      BusinessReport,        789,          0,          0,          0,        660,        854,    22000,    36000,    53500,   128750,   538000,   720000,
          CustBuyBeh,       3178,          0,          0,          0,       2942,       3457,      200,     4200,     6900,    17940,   542000,   670000,
       ProductReturn,       8382,          0,          0,          0,       7940,       9187,      200,     3300,     6200,    18600,   542000,   670000,

  3769s: (39%)   IR =   5396 [3770.004s][info][gc,start       ] GC(822) Pause Young (Allocation Failure)
[3770.102s][info][gc,heap        ] GC(822) PSYoungGen: 2634688K(2646528K)->139072K(2646528K) Eden: 2497024K(2497024K)->0K(2497024K) From: 137664K(149504K)->139072K(149504K)
[3770.102s][info][gc,heap        ] GC(822) ParOldGen: 2062736K(2062848K)->2156032K(2156544K)
[3770.102s][info][gc,metaspace   ] GC(822) Metaspace: 29095K(29504K)->29095K(29504K) NonClass: 24203K(24384K)->24203K(24384K) Class: 4892K(5120K)->4892K(5120K)
[3770.102s][info][gc             ] GC(822) Pause Young (Allocation Failure) 4587M->2241M(4690M) 97.551ms
[3770.102s][info][gc,cpu         ] GC(822) User=0.56s Sys=0.02s Real=0.10s
....[3773.839s][info][gc,start       ] GC(823) Pause Young (Allocation Failure)
[3773.937s][info][gc,heap        ] GC(823) PSYoungGen: 2636096K(2646528K)->141408K(2645504K) Eden: 2497024K(2497024K)->0K(2497024K) From: 139072K(149504K)->141408K(148480K)
[3773.937s][info][gc,heap        ] GC(823) ParOldGen: 2156032K(2156544K)->2246160K(2246656K)
[3773.937s][info][gc,metaspace   ] GC(823) Metaspace: 29095K(29504K)->29095K(29504K) NonClass: 24203K(24384K)->24203K(24384K) Class: 4892K(5120K)->4892K(5120K)
[3773.937s][info][gc             ] GC(823) Pause Young (Allocation Failure) 4679M->2331M(4777M) 98.143ms
[3773.937s][info][gc,cpu         ] GC(823) User=0.56s Sys=0.02s Real=0.09s
.|...[3777.628s][info][gc,start       ] GC(824) Pause Young (Allocation Failure)
[3777.724s][info][gc,heap        ] GC(824) PSYoungGen: 2638432K(2645504K)->141056K(2646016K) Eden: 2497024K(2497024K)->0K(2497024K) From: 141408K(148480K)->141056K(148992K)
[3777.724s][info][gc,heap        ] GC(824) ParOldGen: 2246160K(2246656K)->2338752K(2338816K)
[3777.724s][info][gc,metaspace   ] GC(824) Metaspace: 29095K(29504K)->29095K(29504K) NonClass: 24203K(24384K)->24203K(24384K) Class: 4892K(5120K)->4892K(5120K)
[3777.724s][info][gc             ] GC(824) Pause Young (Allocation Failure) 4770M->2421M(4868M) 96.319ms
[3777.724s][info][gc,cpu         ] GC(824) User=0.54s Sys=0.03s Real=0.09s
....[3781.400s][info][gc,start       ] GC(825) Pause Young (Allocation Failure)
[3781.497s][info][gc,heap        ] GC(825) PSYoungGen: 2638080K(2646016K)->137504K(2647040K) Eden: 2497024K(2497024K)->0K(2498560K) From: 141056K(148992K)->137504K(148480K)
[3781.497s][info][gc,heap        ] GC(825) ParOldGen: 2338752K(2338816K)->2430512K(2430976K)
[3781.497s][info][gc,metaspace   ] GC(825) Metaspace: 29095K(29504K)->29095K(29504K) NonClass: 24203K(24384K)->24203K(24384K) Class: 4892K(5120K)->4892K(5120K)
[3781.497s][info][gc             ] GC(825) Pause Young (Allocation Failure) 4860M->2507M(4959M) 96.475ms
[3781.497s][info][gc,cpu         ] GC(825) User=0.55s Sys=0.02s Real=0.09s
...[3785.165s][info][gc,start       ] GC(826) Pause Young (Allocation Failure)
[3785.264s][info][gc,heap        ] GC(826) PSYoungGen: 2636064K(2647040K)->143808K(2647040K) Eden: 2498560K(2498560K)->0K(2498560K) From: 137504K(148480K)->143808K(148480K)
[3785.264s][info][gc,heap        ] GC(826) ParOldGen: 2430512K(2430976K)->2521960K(2522112K)
[3785.264s][info][gc,metaspace   ] GC(826) Metaspace: 29095K(29504K)->29095K(29504K) NonClass: 24203K(24384K)->24203K(24384K) Class: 4892K(5120K)->4892K(5120K)
[3785.264s][info][gc             ] GC(826) Pause Young (Allocation Failure) 4947M->2603M(5048M) 98.693ms
[3785.264s][info][gc,cpu         ] GC(826) User=0.54s Sys=0.04s Real=0.10s
....[3788.943s][info][gc,start       ] GC(827) Pause Young (Allocation Failure)
[3789.044s][info][gc,heap        ] GC(827) PSYoungGen: 2642368K(2647040K)->143424K(2647552K) Eden: 2498560K(2498560K)->0K(2499072K) From: 143808K(148480K)->143424K(148480K)
[3789.044s][info][gc,heap        ] GC(827) ParOldGen: 2521960K(2522112K)->2615216K(2615296K)
[3789.044s][info][gc,metaspace   ] GC(827) Metaspace: 29095K(29504K)->29095K(29504K) NonClass: 24203K(24384K)->24203K(24384K) Class: 4892K(5120K)->4892K(5120K)
[3789.044s][info][gc             ] GC(827) Pause Young (Allocation Failure) 5043M->2693M(5139M) 100.735ms
[3789.044s][info][gc,cpu         ] GC(827) User=0.56s Sys=0.03s Real=0.10s
....[3792.704s][info][gc,start       ] GC(828) Pause Young (Allocation Failure)
[3792.802s][info][gc,heap        ] GC(828) PSYoungGen: 2642496K(2647552K)->139776K(2647552K) Eden: 2499072K(2499072K)->0K(2499072K) From: 143424K(148480K)->139776K(148480K)
[3792.802s][info][gc,heap        ] GC(828) ParOldGen: 2615216K(2615296K)->2706840K(2706944K)
[3792.802s][info][gc,metaspace   ] GC(828) Metaspace: 29095K(29504K)->29095K(29504K) NonClass: 24203K(24384K)->24203K(24384K) Class: 4892K(5120K)->4892K(5120K)
[3792.802s][info][gc             ] GC(828) Pause Young (Allocation Failure) 5134M->2779M(5229M) 97.495ms
[3792.802s][info][gc,cpu         ] GC(828) User=0.54s Sys=0.03s Real=0.10s
....[3796.505s][info][gc,start       ] GC(829) Pause Young (Allocation Failure)
[3796.605s][info][gc,heap        ] GC(829) PSYoungGen: 2638848K(2647552K)->145104K(2646528K) Eden: 2499072K(2499072K)->0K(2498048K) From: 139776K(148480K)->145104K(148480K)
[3796.605s][info][gc,heap        ] GC(829) ParOldGen: 2706840K(2706944K)->2798168K(2798592K)
[3796.605s][info][gc,metaspace   ] GC(829) Metaspace: 29095K(29504K)->29095K(29504K) NonClass: 24203K(24384K)->24203K(24384K) Class: 4892K(5120K)->4892K(5120K)
[3796.605s][info][gc             ] GC(829) Pause Young (Allocation Failure) 5220M->2874M(5317M) 100.411ms
[3796.605s][info][gc,cpu         ] GC(829) User=0.56s Sys=0.03s Real=0.10s
...[3800.304s][info][gc,start       ] GC(830) Pause Young (Allocation Failure)
[3800.404s][info][gc,heap        ] GC(830) PSYoungGen: 2643152K(2646528K)->143412K(2647040K) Eden: 2498048K(2498048K)->0K(2498048K) From: 145104K(148480K)->143412K(148992K)
[3800.404s][info][gc,heap        ] GC(830) ParOldGen: 2798168K(2798592K)->2891696K(2891776K)
[3800.404s][info][gc,metaspace   ] GC(830) Metaspace: 29095K(29504K)->29095K(29504K) NonClass: 24203K(24384K)->24203K(24384K) Class: 4892K(5120K)->4892K(5120K)
[3800.404s][info][gc             ] GC(830) Pause Young (Allocation Failure) 5313M->2963M(5409M) 99.857ms
[3800.404s][info][gc,cpu         ] GC(830) User=0.56s Sys=0.02s Real=0.10s
....[3804.005s][info][gc,start       ] GC(831) Pause Young (Allocation Failure)
[3804.106s][info][gc,heap        ] GC(831) PSYoungGen: 2641460K(2647040K)->140311K(2646016K) Eden: 2498048K(2498048K)->0K(2498048K) From: 143412K(148992K)->140311K(147968K)
[3804.106s][info][gc,heap        ] GC(831) ParOldGen: 2891696K(2891776K)->2985720K(2985984K)
[3804.106s][info][gc,metaspace   ] GC(831) Metaspace: 29095K(29504K)->29095K(29504K) NonClass: 24203K(24384K)->24203K(24384K) Class: 4892K(5120K)->4892K(5120K)
[3804.106s][info][gc             ] GC(831) Pause Young (Allocation Failure) 5403M->3052M(5500M) 100.738ms
[3804.106s][info][gc,cpu         ] GC(831) User=0.57s Sys=0.02s Real=0.10s
....[3807.877s][info][gc,start       ] GC(832) Pause Young (Allocation Failure)
[3807.977s][info][gc,heap        ] GC(832) PSYoungGen: 2638359K(2646016K)->143552K(2646528K) Eden: 2498048K(2498048K)->0K(2498048K) From: 140311K(147968K)->143552K(148480K)
[3807.977s][info][gc,heap        ] GC(832) ParOldGen: 2985720K(2985984K)->3075504K(3075584K)
[3807.977s][info][gc,metaspace   ] GC(832) Metaspace: 29095K(29504K)->29095K(29504K) NonClass: 24203K(24384K)->24203K(24384K) Class: 4892K(5120K)->4892K(5120K)
[3807.977s][info][gc             ] GC(832) Pause Young (Allocation Failure) 5492M->3143M(5588M) 100.386ms
[3807.977s][info][gc,cpu         ] GC(832) User=0.58s Sys=0.02s Real=0.11s
....[3811.613s][info][gc,start       ] GC(833) Pause Young (Allocation Failure)
[3811.710s][info][gc,heap        ] GC(833) PSYoungGen: 2641600K(2646528K)->138528K(2647552K) Eden: 2498048K(2498048K)->0K(2499072K) From: 143552K(148480K)->138528K(148480K)
[3811.710s][info][gc,heap        ] GC(833) ParOldGen: 3075504K(3075584K)->3169448K(3169792K)
[3811.710s][info][gc,metaspace   ] GC(833) Metaspace: 29095K(29504K)->29095K(29504K) NonClass: 24203K(24384K)->24203K(24384K) Class: 4892K(5120K)->4892K(5120K)
[3811.710s][info][gc             ] GC(833) Pause Young (Allocation Failure) 5583M->3230M(5681M) 97.015ms
[3811.710s][info][gc,cpu         ] GC(833) User=0.54s Sys=0.03s Real=0.10s
...[3815.388s][info][gc,start       ] GC(834) Pause Young (Allocation Failure)
[3815.486s][info][gc,heap        ] GC(834) PSYoungGen: 2637600K(2647552K)->137408K(2647552K) Eden: 2499072K(2499072K)->0K(2499072K) From: 138528K(148480K)->137408K(148480K)
[3815.486s][info][gc,heap        ] GC(834) ParOldGen: 3169448K(3169792K)->3260512K(3260928K)
[3815.486s][info][gc,metaspace   ] GC(834) Metaspace: 29095K(29504K)->29095K(29504K) NonClass: 24203K(24384K)->24203K(24384K) Class: 4892K(5120K)->4892K(5120K)
[3815.486s][info][gc             ] GC(834) Pause Young (Allocation Failure) 5670M->3318M(5770M) 98.461ms
[3815.486s][info][gc,cpu         ] GC(834) User=0.55s Sys=0.03s Real=0.09s
....[3819.174s][info][gc,start       ] GC(835) Pause Young (Allocation Failure)
[3819.277s][info][gc,heap        ] GC(835) PSYoungGen: 2636480K(2647552K)->147568K(2644480K) Eden: 2499072K(2499072K)->0K(2496000K) From: 137408K(148480K)->147568K(148480K)
[3819.277s][info][gc,heap        ] GC(835) ParOldGen: 3260512K(3260928K)->3352208K(3352576K)
[3819.277s][info][gc,metaspace   ] GC(835) Metaspace: 29095K(29504K)->29095K(29504K) NonClass: 24203K(24384K)->24203K(24384K) Class: 4892K(5120K)->4892K(5120K)
[3819.277s][info][gc             ] GC(835) Pause Young (Allocation Failure) 5758M->3417M(5856M) 102.467ms
[3819.277s][info][gc,cpu         ] GC(835) User=0.57s Sys=0.02s Real=0.10s
....[3822.906s][info][gc,start       ] GC(836) Pause Young (Allocation Failure)
[3823.003s][info][gc,heap        ] GC(836) PSYoungGen: 2643568K(2644480K)->138528K(2646016K) Eden: 2496000K(2496000K)->0K(2496000K) From: 147568K(148480K)->138528K(150016K)
[3823.003s][info][gc,heap        ] GC(836) ParOldGen: 3352208K(3352576K)->3445480K(3445760K)
[3823.003s][info][gc,metaspace   ] GC(836) Metaspace: 29095K(29504K)->29095K(29504K) NonClass: 24203K(24384K)->24203K(24384K) Class: 4892K(5120K)->4892K(5120K)
[3823.003s][info][gc             ] GC(836) Pause Young (Allocation Failure) 5855M->3500M(5949M) 97.773ms
[3823.003s][info][gc,cpu         ] GC(836) User=0.53s Sys=0.04s Real=0.10s
....[3826.764s][info][gc,start       ] GC(837) Pause Young (Allocation Failure)
[3826.866s][info][gc,heap        ] GC(837) PSYoungGen: 2634528K(2646016K)->145184K(2644992K) Eden: 2496000K(2496000K)->0K(2494976K) From: 138528K(150016K)->145184K(150016K)
[3826.866s][info][gc,heap        ] GC(837) ParOldGen: 3445480K(3445760K)->3534784K(3534848K)
[3826.866s][info][gc,metaspace   ] GC(837) Metaspace: 29095K(29504K)->29095K(29504K) NonClass: 24203K(24384K)->24203K(24384K) Class: 4892K(5120K)->4892K(5120K)
[3826.866s][info][gc             ] GC(837) Pause Young (Allocation Failure) 5937M->3593M(6035M) 101.921ms
[3826.866s][info][gc,cpu         ] GC(837) User=0.57s Sys=0.04s Real=0.10s
....[3830.546s][info][gc,start       ] GC(838) Pause Young (Allocation Failure)
[3830.647s][info][gc,heap        ] GC(838) PSYoungGen: 2640160K(2644992K)->139520K(2645504K) Eden: 2494976K(2494976K)->0K(2494976K) From: 145184K(150016K)->139520K(150528K)
[3830.647s][info][gc,heap        ] GC(838) ParOldGen: 3534784K(3534848K)->3629272K(3629568K)
[3830.647s][info][gc,metaspace   ] GC(838) Metaspace: 29095K(29504K)->29095K(29504K) NonClass: 24203K(24384K)->24203K(24384K) Class: 4892K(5120K)->4892K(5120K)
[3830.647s][info][gc             ] GC(838) Pause Young (Allocation Failure) 6030M->3680M(6128M) 100.291ms
[3830.647s][info][gc,cpu         ] GC(838) User=0.56s Sys=0.02s Real=0.10s
...[3834.261s][info][gc,start       ] GC(839) Pause Young (Allocation Failure)
[3834.359s][info][gc,heap        ] GC(839) PSYoungGen: 2634496K(2645504K)->134976K(2644992K) Eden: 2494976K(2494976K)->0K(2494976K) From: 139520K(150528K)->134976K(150016K)
[3834.359s][info][gc,heap        ] GC(839) ParOldGen: 3629272K(3629568K)->3722424K(3722752K)
[3834.359s][info][gc,metaspace   ] GC(839) Metaspace: 29095K(29504K)->29095K(29504K) NonClass: 24203K(24384K)->24203K(24384K) Class: 4892K(5120K)->4892K(5120K)
[3834.359s][info][gc             ] GC(839) Pause Young (Allocation Failure) 6116M->3766M(6218M) 98.000ms
[3834.359s][info][gc,cpu         ] GC(839) User=0.55s Sys=0.02s Real=0.10s
. (rIR:aIR:PR = 5396:5398:5398) (tPR = 80063) [OK] 
  3834s: Performance info:
         Transaction,    Success,    Partial,     Failed,   Receipts, AvgBarcode, 
             Overall,     324681,          0,          0,     308422,      59.47, 
         Response times:
             Request,    Success,    Partial,     Failed,   SkipFail,     Probes,    Samples,      min,      p50,      p90,      p95,      p99,      max, 
       TotalPurchase,     308429,          0,          0,          0,     303133,     328408,      300,     3800,     6800,     8600,    30000,   143000,
     InStorePurchase,     162229,          0,          0,          0,     159999,     173238,      300,     3700,     6700,     8500,    29000,   143000,
      OnlinePurchase,     113710,          0,          0,          0,     111643,     120633,      300,     4000,     6800,     8700,    31000,   122000,
        InstPurchase,      32490,          0,          0,          0,      31491,      34537,      400,     4200,     6900,     8800,    30000,   118000,
          AssocOfCat,        325,          0,          0,          0,        241,        334,    21000,    30000,    38500,    45000,    89500,   139000,
      AssocOfProduct,       3251,          0,          0,          0,       2996,       3442,     1500,     5600,     8100,    10785,    39000,   110000,
      BusinessReport,        815,          0,          0,          0,        700,        892,    24000,    36000,    50000,    58000,   132000,   156000,
          CustBuyBeh,       3250,          0,          0,          0,       3001,       3506,     1200,     4200,     6730,     8700,    28930,   110000,
       ProductReturn,       8614,          0,          0,          0,       8293,       9261,      200,     4700,     7300,     9590,    33000,   146000,

  3834s: (40%)   IR =   5535 .[3835.879s][info][gc,start       ] GC(840) Pause Full (Diagnostic Command)
[3835.879s][info][gc,phases,start] GC(840) Marking Phase
[3836.167s][info][gc,phases      ] GC(840) Marking Phase 287.661ms
[3836.167s][info][gc,phases,start] GC(840) Summary Phase
[3836.167s][info][gc,phases      ] GC(840) Summary Phase 0.062ms
[3836.167s][info][gc,phases,start] GC(840) Forward
[3836.319s][info][gc,phases      ] GC(840) Forward 152.851ms
[3836.320s][info][gc,phases,start] GC(840) Adjust Pointers
[3836.520s][info][gc,phases      ] GC(840) Adjust Pointers 200.319ms
[3836.520s][info][gc,phases,start] GC(840) Compaction Phase
[3836.673s][info][gc,phases      ] GC(840) Compaction Phase 153.599ms
[3836.675s][info][gc,phases,start] GC(840) Post Compact
[3836.680s][info][gc,phases      ] GC(840) Post Compact 4.375ms
[3836.680s][info][gc,heap        ] GC(840) PSYoungGen: 1228361K(2644992K)->0K(2644992K) Eden: 1093385K(2494976K)->0K(2494976K) From: 134976K(150016K)->0K(150016K)
[3836.680s][info][gc,heap        ] GC(840) ParOldGen: 3722424K(3722752K)->1146672K(3722752K)
[3836.680s][info][gc,metaspace   ] GC(840) Metaspace: 29095K(29504K)->29095K(29504K) NonClass: 24203K(24384K)->24203K(24384K) Class: 4892K(5120K)->4892K(5120K)
[3836.680s][info][gc             ] GC(840) Pause Full (Diagnostic Command) 4834M->1119M(6218M) 801.127ms
[3836.680s][info][gc,cpu         ] GC(840) User=4.25s Sys=0.00s Real=0.80s
...[3839.629s][info][gc,start       ] GC(841) Pause Young (Allocation Failure)
[3839.693s][info][gc,heap        ] GC(841) PSYoungGen: 2494976K(2644992K)->142944K(2645504K) Eden: 2494976K(2494976K)->0K(2494976K) From: 0K(150016K)->142944K(150528K)
[3839.693s][info][gc,heap        ] GC(841) ParOldGen: 1146672K(3722752K)->1146672K(3722752K)
[3839.693s][info][gc,metaspace   ] GC(841) Metaspace: 29095K(29504K)->29095K(29504K) NonClass: 24203K(24384K)->24203K(24384K) Class: 4892K(5120K)->4892K(5120K)
[3839.693s][info][gc             ] GC(841) Pause Young (Allocation Failure) 3556M->1259M(6219M) 63.558ms
[3839.693s][info][gc,cpu         ] GC(841) User=0.37s Sys=0.00s Real=0.06s
....|[3843.229s][info][gc,start       ] GC(842) Pause Young (Allocation Failure)
[3843.322s][info][gc,heap        ] GC(842) PSYoungGen: 2637920K(2645504K)->139589K(2644480K) Eden: 2494976K(2494976K)->0K(2495488K) From: 142944K(150528K)->139589K(148992K)
[3843.322s][info][gc,heap        ] GC(842) ParOldGen: 1146672K(3722752K)->1241016K(3722752K)
[3843.322s][info][gc,metaspace   ] GC(842) Metaspace: 29095K(29504K)->29095K(29504K) NonClass: 24203K(24384K)->24203K(24384K) Class: 4892K(5120K)->4892K(5120K)
[3843.322s][info][gc             ] GC(842) Pause Young (Allocation Failure) 3695M->1348M(6218M) 93.335ms
[3843.322s][info][gc,cpu         ] GC(842) User=0.56s Sys=0.00s Real=0.09s
....[3846.924s][info][gc,start       ] GC(843) Pause Young (Allocation Failure)
[3847.017s][info][gc,heap        ] GC(843) PSYoungGen: 2635077K(2644480K)->145024K(2644992K) Eden: 2495488K(2495488K)->0K(2495488K) From: 139589K(148992K)->145024K(149504K)
[3847.018s][info][gc,heap        ] GC(843) ParOldGen: 1241016K(3722752K)->1331752K(3722752K)
[3847.018s][info][gc,metaspace   ] GC(843) Metaspace: 29095K(29504K)->29095K(29504K) NonClass: 24203K(24384K)->24203K(24384K) Class: 4892K(5120K)->4892K(5120K)
[3847.018s][info][gc             ] GC(843) Pause Young (Allocation Failure) 3785M->1442M(6218M) 93.527ms
[3847.018s][info][gc,cpu         ] GC(843) User=0.55s Sys=0.00s Real=0.10s
...[3850.616s][info][gc,start       ] GC(844) Pause Young (Allocation Failure)
[3850.709s][info][gc,heap        ] GC(844) PSYoungGen: 2640512K(2644992K)->139776K(2646016K) Eden: 2495488K(2495488K)->0K(2496512K) From: 145024K(149504K)->139776K(149504K)
[3850.709s][info][gc,heap        ] GC(844) ParOldGen: 1331752K(3722752K)->1424440K(3722752K)
[3850.709s][info][gc,metaspace   ] GC(844) Metaspace: 29095K(29504K)->29095K(29504K) NonClass: 24203K(24384K)->24203K(24384K) Class: 4892K(5120K)->4892K(5120K)
[3850.709s][info][gc             ] GC(844) Pause Young (Allocation Failure) 3879M->1527M(6219M) 92.344ms
[3850.709s][info][gc,cpu         ] GC(844) User=0.55s Sys=0.00s Real=0.10s
....[3854.290s][info][gc,start       ] GC(845) Pause Young (Allocation Failure)
[3854.383s][info][gc,heap        ] GC(845) PSYoungGen: 2636288K(2646016K)->142469K(2646016K) Eden: 2496512K(2496512K)->0K(2496512K) From: 139776K(149504K)->142469K(149504K)
[3854.383s][info][gc,heap        ] GC(845) ParOldGen: 1424440K(3722752K)->1516760K(3722752K)
[3854.383s][info][gc,metaspace   ] GC(845) Metaspace: 29095K(29504K)->29095K(29504K) NonClass: 24203K(24384K)->24203K(24384K) Class: 4892K(5120K)->4892K(5120K)
[3854.383s][info][gc             ] GC(845) Pause Young (Allocation Failure) 3965M->1620M(6219M) 93.464ms
[3854.383s][info][gc,cpu         ] GC(845) User=0.55s Sys=0.00s Real=0.09s
....[3858.025s][info][gc,start       ] GC(846) Pause Young (Allocation Failure)
[3858.122s][info][gc,heap        ] GC(846) PSYoungGen: 2638981K(2646016K)->147872K(2643456K) Eden: 2496512K(2496512K)->0K(2493952K) From: 142469K(149504K)->147872K(149504K)
[3858.122s][info][gc,heap        ] GC(846) ParOldGen: 1516760K(3722752K)->1607392K(3722752K)
[3858.122s][info][gc,metaspace   ] GC(846) Metaspace: 29095K(29504K)->29095K(29504K) NonClass: 24203K(24384K)->24203K(24384K) Class: 4892K(5120K)->4892K(5120K)
[3858.122s][info][gc             ] GC(846) Pause Young (Allocation Failure) 4058M->1714M(6217M) 96.289ms
[3858.122s][info][gc,cpu         ] GC(846) User=0.57s Sys=0.00s Real=0.10s
...[3861.623s][info][gc,start       ] GC(847) Pause Young (Allocation Failure)
[3861.715s][info][gc,heap        ] GC(847) PSYoungGen: 2641824K(2643456K)->139232K(2644992K) Eden: 2493952K(2493952K)->0K(2493952K) From: 147872K(149504K)->139232K(151040K)
[3861.715s][info][gc,heap        ] GC(847) ParOldGen: 1607392K(3722752K)->1701720K(3722752K)
[3861.715s][info][gc,metaspace   ] GC(847) Metaspace: 29095K(29504K)->29095K(29504K) NonClass: 24203K(24384K)->24203K(24384K) Class: 4892K(5120K)->4892K(5120K)
[3861.715s][info][gc             ] GC(847) Pause Young (Allocation Failure) 4149M->1797M(6218M) 91.578ms
[3861.715s][info][gc,cpu         ] GC(847) User=0.54s Sys=0.00s Real=0.09s
....[3865.332s][info][gc,start       ] GC(848) Pause Young (Allocation Failure)
[3865.423s][info][gc,heap        ] GC(848) PSYoungGen: 2633184K(2644992K)->138496K(2643456K) Eden: 2493952K(2493952K)->0K(2494464K) From: 139232K(151040K)->138496K(148992K)
[3865.423s][info][gc,heap        ] GC(848) ParOldGen: 1701720K(3722752K)->1791904K(3722752K)
[3865.423s][info][gc,metaspace   ] GC(848) Metaspace: 29095K(29504K)->29095K(29504K) NonClass: 24203K(24384K)->24203K(24384K) Class: 4892K(5120K)->4892K(5120K)
[3865.423s][info][gc             ] GC(848) Pause Young (Allocation Failure) 4233M->1885M(6217M) 90.860ms
[3865.423s][info][gc,cpu         ] GC(848) User=0.54s Sys=0.00s Real=0.09s
....[3868.966s][info][gc,start       ] GC(849) Pause Young (Allocation Failure)
[3869.057s][info][gc,heap        ] GC(849) PSYoungGen: 2632960K(2643456K)->140000K(2644480K) Eden: 2494464K(2494464K)->0K(2494464K) From: 138496K(148992K)->140000K(150016K)
[3869.057s][info][gc,heap        ] GC(849) ParOldGen: 1791904K(3722752K)->1884928K(3722752K)
[3869.057s][info][gc,metaspace   ] GC(849) Metaspace: 29095K(29504K)->29095K(29504K) NonClass: 24203K(24384K)->24203K(24384K) Class: 4892K(5120K)->4892K(5120K)
[3869.057s][info][gc             ] GC(849) Pause Young (Allocation Failure) 4321M->1977M(6218M) 91.017ms
[3869.057s][info][gc,cpu         ] GC(849) User=0.54s Sys=0.00s Real=0.09s
...[3872.673s][info][gc,start       ] GC(850) Pause Young (Allocation Failure)
[3872.764s][info][gc,heap        ] GC(850) PSYoungGen: 2634464K(2644480K)->139680K(2644480K) Eden: 2494464K(2494464K)->0K(2496512K) From: 140000K(150016K)->139680K(147968K)
[3872.764s][info][gc,heap        ] GC(850) ParOldGen: 1884928K(3722752K)->1975400K(3722752K)
[3872.764s][info][gc,metaspace   ] GC(850) Metaspace: 29095K(29504K)->29095K(29504K) NonClass: 24203K(24384K)->24203K(24384K) Class: 4892K(5120K)->4892K(5120K)
[3872.764s][info][gc             ] GC(850) Pause Young (Allocation Failure) 4413M->2065M(6218M) 91.742ms
[3872.764s][info][gc,cpu         ] GC(850) User=0.54s Sys=0.00s Real=0.09s
....[3876.350s][info][gc,start       ] GC(851) Pause Young (Allocation Failure)
[3876.442s][info][gc,heap        ] GC(851) PSYoungGen: 2636192K(2644480K)->139328K(2645504K) Eden: 2496512K(2496512K)->0K(2496512K) From: 139680K(147968K)->139328K(148992K)
[3876.442s][info][gc,heap        ] GC(851) ParOldGen: 1975400K(3722752K)->2066872K(3722752K)
[3876.442s][info][gc,metaspace   ] GC(851) Metaspace: 29095K(29504K)->29095K(29504K) NonClass: 24203K(24384K)->24203K(24384K) Class: 4892K(5120K)->4892K(5120K)
[3876.442s][info][gc             ] GC(851) Pause Young (Allocation Failure) 4503M->2154M(6219M) 91.981ms
[3876.442s][info][gc,cpu         ] GC(851) User=0.54s Sys=0.00s Real=0.09s
....[3880.139s][info][gc,start       ] GC(852) Pause Young (Allocation Failure)
[3880.234s][info][gc,heap        ] GC(852) PSYoungGen: 2635840K(2645504K)->145831K(2645504K) Eden: 2496512K(2496512K)->0K(2497024K) From: 139328K(148992K)->145831K(148480K)
[3880.234s][info][gc,heap        ] GC(852) ParOldGen: 2066872K(3722752K)->2157680K(3722752K)
[3880.234s][info][gc,metaspace   ] GC(852) Metaspace: 29095K(29504K)->29095K(29504K) NonClass: 24203K(24384K)->24203K(24384K) Class: 4892K(5120K)->4892K(5120K)
[3880.234s][info][gc             ] GC(852) Pause Young (Allocation Failure) 4592M->2249M(6219M) 94.423ms
[3880.234s][info][gc,cpu         ] GC(852) User=0.57s Sys=0.00s Real=0.09s
...[3883.669s][info][gc,start       ] GC(853) Pause Young (Allocation Failure)
[3883.760s][info][gc,heap        ] GC(853) PSYoungGen: 2642855K(2645504K)->136256K(2633728K) Eden: 2497024K(2497024K)->0K(2497024K) From: 145831K(148480K)->136256K(136704K)
[3883.760s][info][gc,heap        ] GC(853) ParOldGen: 2157680K(3722752K)->2252008K(3722752K)
[3883.760s][info][gc,metaspace   ] GC(853) Metaspace: 29095K(29504K)->29095K(29504K) NonClass: 24203K(24384K)->24203K(24384K) Class: 4892K(5120K)->4892K(5120K)
[3883.760s][info][gc             ] GC(853) Pause Young (Allocation Failure) 4688M->2332M(6207M) 91.207ms
[3883.760s][info][gc,cpu         ] GC(853) User=0.54s Sys=0.00s Real=0.09s
....[3887.335s][info][gc,start       ] GC(854) Pause Young (Allocation Failure)
[3887.426s][info][gc,heap        ] GC(854) PSYoungGen: 2633280K(2633728K)->137952K(2646528K) Eden: 2497024K(2497024K)->0K(2496512K) From: 136256K(136704K)->137952K(150016K)
[3887.426s][info][gc,heap        ] GC(854) ParOldGen: 2252008K(3722752K)->2341744K(3722752K)
[3887.426s][info][gc,metaspace   ] GC(854) Metaspace: 29095K(29504K)->29095K(29504K) NonClass: 24203K(24384K)->24203K(24384K) Class: 4892K(5120K)->4892K(5120K)
[3887.426s][info][gc             ] GC(854) Pause Young (Allocation Failure) 4770M->2421M(6220M) 91.411ms
[3887.426s][info][gc,cpu         ] GC(854) User=0.54s Sys=0.00s Real=0.09s
....[3891.034s][info][gc,start       ] GC(855) Pause Young (Allocation Failure)
[3891.126s][info][gc,heap        ] GC(855) PSYoungGen: 2634464K(2646528K)->142528K(2646016K) Eden: 2496512K(2496512K)->0K(2496512K) From: 137952K(150016K)->142528K(149504K)
[3891.126s][info][gc,heap        ] GC(855) ParOldGen: 2341744K(3722752K)->2433136K(3722752K)
[3891.126s][info][gc,metaspace   ] GC(855) Metaspace: 29095K(29504K)->29095K(29504K) NonClass: 24203K(24384K)->24203K(24384K) Class: 4892K(5120K)->4892K(5120K)
[3891.126s][info][gc             ] GC(855) Pause Young (Allocation Failure) 4859M->2515M(6219M) 92.554ms
[3891.126s][info][gc,cpu         ] GC(855) User=0.56s Sys=0.00s Real=0.09s
...[3894.775s][info][gc,start       ] GC(856) Pause Young (Allocation Failure)
[3894.869s][info][gc,heap        ] GC(856) PSYoungGen: 2639040K(2646016K)->141984K(2646016K) Eden: 2496512K(2496512K)->0K(2497024K) From: 142528K(149504K)->141984K(148992K)
[3894.869s][info][gc,heap        ] GC(856) ParOldGen: 2433136K(3722752K)->2524736K(3722752K)
[3894.869s][info][gc,metaspace   ] GC(856) Metaspace: 29095K(29504K)->29095K(29504K) NonClass: 24203K(24384K)->24203K(24384K) Class: 4892K(5120K)->4892K(5120K)
[3894.869s][info][gc             ] GC(856) Pause Young (Allocation Failure) 4953M->2604M(6219M) 93.483ms
[3894.869s][info][gc,cpu         ] GC(856) User=0.56s Sys=0.00s Real=0.10s
....[3898.417s][info][gc,start       ] GC(857) Pause Young (Allocation Failure)
[3898.508s][info][gc,heap        ] GC(857) PSYoungGen: 2639008K(2646016K)->137280K(2646016K) Eden: 2497024K(2497024K)->0K(2497024K) From: 141984K(148992K)->137280K(148992K)
[3898.508s][info][gc,heap        ] GC(857) ParOldGen: 2524736K(3722752K)->2617896K(3722752K)
[3898.508s][info][gc,metaspace   ] GC(857) Metaspace: 29095K(29504K)->29095K(29504K) NonClass: 24203K(24384K)->24203K(24384K) Class: 4892K(5120K)->4892K(5120K)
[3898.508s][info][gc             ] GC(857) Pause Young (Allocation Failure) 5042M->2690M(6219M) 90.981ms
[3898.508s][info][gc,cpu         ] GC(857) User=0.54s Sys=0.00s Real=0.10s
....[3902.126s][info][gc,start       ] GC(858) Pause Young (Allocation Failure)
[3902.221s][info][gc,heap        ] GC(858) PSYoungGen: 2634304K(2646016K)->148084K(2643968K) Eden: 2497024K(2497024K)->0K(2494976K) From: 137280K(148992K)->148084K(148992K)
[3902.221s][info][gc,heap        ] GC(858) ParOldGen: 2617896K(3722752K)->2708504K(3722752K)
[3902.221s][info][gc,metaspace   ] GC(858) Metaspace: 29095K(29504K)->29095K(29504K) NonClass: 24203K(24384K)->24203K(24384K) Class: 4892K(5120K)->4892K(5120K)
[3902.221s][info][gc             ] GC(858) Pause Young (Allocation Failure) 5129M->2789M(6217M) 95.481ms
[3902.221s][info][gc,cpu         ] GC(858) User=0.57s Sys=0.00s Real=0.10s
. (rIR:aIR:PR = 5535:5533:5534) (tPR = 82426) [OK] 
  3902s: Performance info:
         Transaction,    Success,    Partial,     Failed,   Receipts, AvgBarcode, 
             Overall,     333053,          0,          0,     316384,      59.47, 
         Response times:
             Request,    Success,    Partial,     Failed,   SkipFail,     Probes,    Samples,      min,      p50,      p90,      p95,      p99,      max, 
       TotalPurchase,     316369,          0,          0,          0,     312427,     354329,      300,     4000,     7100,     9100,    29000,   830000,
     InStorePurchase,     166542,          0,          0,          0,     164803,     186424,      300,     3900,     7100,     9100,    29000,   820000,
      OnlinePurchase,     116518,          0,          0,          0,     115040,     130568,      300,     4000,     7000,     8800,    30000,   820000,
        InstPurchase,      33309,          0,          0,          0,      32584,      37337,      400,     4600,     7600,    11000,    32000,   830000,
          AssocOfCat,        328,          0,          0,          0,        255,        380,    17200,    28000,    40900,    45000,    97130,   850000,
      AssocOfProduct,       3335,          0,          0,          0,       3084,       3727,      700,     4300,     7200,     9860,    39000,   104000,
      BusinessReport,        832,          0,          0,          0,        709,        927,    19500,    35000,    50000,    58200,   124000,   870000,
          CustBuyBeh,       3324,          0,          0,          0,       3077,       3715,      200,     1500,     4100,     5300,    15984,   116000,
       ProductReturn,       8838,          0,          0,          0,       8447,       9885,      200,     2800,     6100,     8500,    22000,   104000,

  3902s: (41%)   IR =   5673 ..[3905.745s][info][gc,start       ] GC(859) Pause Young (Allocation Failure)
[3905.838s][info][gc,heap        ] GC(859) PSYoungGen: 2643060K(2643968K)->140736K(2645504K) Eden: 2494976K(2494976K)->0K(2494976K) From: 148084K(148992K)->140736K(150528K)
[3905.838s][info][gc,heap        ] GC(859) ParOldGen: 2708504K(3722752K)->2800712K(3722752K)
[3905.838s][info][gc,metaspace   ] GC(859) Metaspace: 29095K(29504K)->29095K(29504K) NonClass: 24203K(24384K)->24203K(24384K) Class: 4892K(5120K)->4892K(5120K)
[3905.838s][info][gc             ] GC(859) Pause Young (Allocation Failure) 5226M->2872M(6219M) 92.802ms
[3905.838s][info][gc,cpu         ] GC(859) User=0.55s Sys=0.00s Real=0.10s
....|[3909.320s][info][gc,start       ] GC(860) Pause Young (Allocation Failure)
[3909.415s][info][gc,heap        ] GC(860) PSYoungGen: 2635712K(2645504K)->141344K(2642944K) Eden: 2494976K(2494976K)->0K(2495488K) From: 140736K(150528K)->141344K(147456K)
[3909.415s][info][gc,heap        ] GC(860) ParOldGen: 2800712K(3722752K)->2892360K(3722752K)
[3909.415s][info][gc,metaspace   ] GC(860) Metaspace: 29095K(29504K)->29095K(29504K) NonClass: 24203K(24384K)->24203K(24384K) Class: 4892K(5120K)->4892K(5120K)
[3909.415s][info][gc             ] GC(860) Pause Young (Allocation Failure) 5309M->2962M(6216M) 94.837ms
[3909.415s][info][gc,cpu         ] GC(860) User=0.56s Sys=0.00s Real=0.09s
...[3912.913s][info][gc,start       ] GC(861) Pause Young (Allocation Failure)
[3913.005s][info][gc,heap        ] GC(861) PSYoungGen: 2636832K(2642944K)->140480K(2644480K) Eden: 2495488K(2495488K)->0K(2495488K) From: 141344K(147456K)->140480K(148992K)
[3913.006s][info][gc,heap        ] GC(861) ParOldGen: 2892360K(3722752K)->2984832K(3722752K)
[3913.006s][info][gc,metaspace   ] GC(861) Metaspace: 29095K(29504K)->29095K(29504K) NonClass: 24203K(24384K)->24203K(24384K) Class: 4892K(5120K)->4892K(5120K)
[3913.006s][info][gc             ] GC(861) Pause Young (Allocation Failure) 5399M->3052M(6218M) 92.828ms
[3913.006s][info][gc,cpu         ] GC(861) User=0.55s Sys=0.00s Real=0.09s
....[3916.506s][info][gc,start       ] GC(862) Pause Young (Allocation Failure)
[3916.598s][info][gc,heap        ] GC(862) PSYoungGen: 2635968K(2644480K)->139744K(2645504K) Eden: 2495488K(2495488K)->0K(2498560K) From: 140480K(148992K)->139744K(146944K)
[3916.598s][info][gc,heap        ] GC(862) ParOldGen: 2984832K(3722752K)->3076320K(3722752K)
[3916.598s][info][gc,metaspace   ] GC(862) Metaspace: 29095K(29504K)->29095K(29504K) NonClass: 24203K(24384K)->24203K(24384K) Class: 4892K(5120K)->4892K(5120K)
[3916.598s][info][gc             ] GC(862) Pause Young (Allocation Failure) 5489M->3140M(6219M) 91.959ms
[3916.598s][info][gc,cpu         ] GC(862) User=0.54s Sys=0.00s Real=0.10s
....[3920.097s][info][gc,start       ] GC(863) Pause Young (Allocation Failure)
[3920.191s][info][gc,heap        ] GC(863) PSYoungGen: 2638304K(2645504K)->142496K(2646528K) Eden: 2498560K(2498560K)->0K(2498560K) From: 139744K(146944K)->142496K(147968K)
[3920.191s][info][gc,heap        ] GC(863) ParOldGen: 3076320K(3722752K)->3168848K(3722752K)
[3920.191s][info][gc,metaspace   ] GC(863) Metaspace: 29095K(29504K)->29095K(29504K) NonClass: 24203K(24384K)->24203K(24384K) Class: 4892K(5120K)->4892K(5120K)
[3920.191s][info][gc             ] GC(863) Pause Young (Allocation Failure) 5580M->3233M(6220M) 94.099ms
[3920.191s][info][gc,cpu         ] GC(863) User=0.56s Sys=0.00s Real=0.10s
...[3923.691s][info][gc,start       ] GC(864) Pause Young (Allocation Failure)
[3923.788s][info][gc,heap        ] GC(864) PSYoungGen: 2641056K(2646528K)->144981K(2647040K) Eden: 2498560K(2498560K)->0K(2499072K) From: 142496K(147968K)->144981K(147968K)
[3923.788s][info][gc,heap        ] GC(864) ParOldGen: 3168848K(3722752K)->3260424K(3722752K)
[3923.788s][info][gc,metaspace   ] GC(864) Metaspace: 29095K(29504K)->29095K(29504K) NonClass: 24203K(24384K)->24203K(24384K) Class: 4892K(5120K)->4892K(5120K)
[3923.788s][info][gc             ] GC(864) Pause Young (Allocation Failure) 5673M->3325M(6220M) 96.373ms
[3923.788s][info][gc,cpu         ] GC(864) User=0.57s Sys=0.00s Real=0.10s
....[3927.233s][info][gc,start       ] GC(865) Pause Young (Allocation Failure)
[3927.326s][info][gc,heap        ] GC(865) PSYoungGen: 2644053K(2647040K)->135328K(2634752K) Eden: 2499072K(2499072K)->0K(2499072K) From: 144981K(147968K)->135328K(135680K)
[3927.326s][info][gc,heap        ] GC(865) ParOldGen: 3260424K(3722752K)->3353064K(3722752K)
[3927.326s][info][gc,metaspace   ] GC(865) Metaspace: 29095K(29504K)->29095K(29504K) NonClass: 24203K(24384K)->24203K(24384K) Class: 4892K(5120K)->4892K(5120K)
[3927.326s][info][gc             ] GC(865) Pause Young (Allocation Failure) 5766M->3406M(6208M) 93.285ms
[3927.326s][info][gc,cpu         ] GC(865) User=0.55s Sys=0.00s Real=0.09s
...[3930.847s][info][gc,start       ] GC(866) Pause Young (Allocation Failure)
[3930.940s][info][gc,heap        ] GC(866) PSYoungGen: 2634400K(2634752K)->140384K(2647552K) Eden: 2499072K(2499072K)->0K(2498560K) From: 135328K(135680K)->140384K(148992K)
[3930.940s][info][gc,heap        ] GC(866) ParOldGen: 3353064K(3722752K)->3443608K(3722752K)
[3930.940s][info][gc,metaspace   ] GC(866) Metaspace: 29095K(29504K)->29095K(29504K) NonClass: 24203K(24384K)->24203K(24384K) Class: 4892K(5120K)->4892K(5120K)
[3930.940s][info][gc             ] GC(866) Pause Young (Allocation Failure) 5847M->3499M(6221M) 92.588ms
[3930.940s][info][gc,cpu         ] GC(866) User=0.55s Sys=0.00s Real=0.10s
....[3934.513s][info][gc,start       ] GC(867) Pause Young (Allocation Failure)
[3934.607s][info][gc,heap        ] GC(867) PSYoungGen: 2638944K(2647552K)->141504K(2640384K) Eden: 2498560K(2498560K)->0K(2498560K) From: 140384K(148992K)->141504K(141824K)
[3934.607s][info][gc,heap        ] GC(867) ParOldGen: 3443608K(3722752K)->3535120K(3722752K)
[3934.607s][info][gc,metaspace   ] GC(867) Metaspace: 29095K(29504K)->29095K(29504K) NonClass: 24203K(24384K)->24203K(24384K) Class: 4892K(5120K)->4892K(5120K)
[3934.607s][info][gc             ] GC(867) Pause Young (Allocation Failure) 5939M->3590M(6214M) 94.570ms
[3934.607s][info][gc,cpu         ] GC(867) User=0.56s Sys=0.00s Real=0.10s
....[3938.063s][info][gc,start       ] GC(868) Pause Young (Allocation Failure)
[3938.162s][info][gc,heap        ] GC(868) PSYoungGen: 2640064K(2640384K)->147936K(2574336K) Eden: 2498560K(2498560K)->0K(2426368K) From: 141504K(141824K)->147936K(147968K)
[3938.162s][info][gc,heap        ] GC(868) ParOldGen: 3535120K(3722752K)->3630432K(3722752K)
[3938.162s][info][gc,metaspace   ] GC(868) Metaspace: 29095K(29504K)->29095K(29504K) NonClass: 24203K(24384K)->24203K(24384K) Class: 4892K(5120K)->4892K(5120K)
[3938.162s][info][gc             ] GC(868) Pause Young (Allocation Failure) 6030M->3689M(6149M) 99.587ms
[3938.162s][info][gc,cpu         ] GC(868) User=0.59s Sys=0.01s Real=0.10s
...[3941.507s][info][gc,start       ] GC(869) Pause Young (Allocation Failure)
[3941.600s][info][gc,heap        ] GC(869) PSYoungGen: 2574304K(2574336K)->134624K(2611200K) Eden: 2426368K(2426368K)->0K(2426368K) From: 147936K(147968K)->134624K(184832K)
[3941.600s][info][gc,heap        ] GC(869) ParOldGen: 3630432K(3722752K)->3722656K(3722752K)
[3941.600s][info][gc,metaspace   ] GC(869) Metaspace: 29095K(29504K)->29095K(29504K) NonClass: 24203K(24384K)->24203K(24384K) Class: 4892K(5120K)->4892K(5120K)
[3941.600s][info][gc             ] GC(869) Pause Young (Allocation Failure) 6059M->3766M(6185M) 93.572ms
[3941.600s][info][gc,cpu         ] GC(869) User=0.55s Sys=0.00s Real=0.10s
...[3945.042s][info][gc,start       ] GC(870) Pause Young (Allocation Failure)
[3945.143s][info][gc,heap        ] GC(870) PSYoungGen: 2560992K(2611200K)->145428K(2605568K) Eden: 2426368K(2426368K)->0K(2426880K) From: 134624K(184832K)->145428K(178688K)
[3945.143s][info][gc,heap        ] GC(870) ParOldGen: 3722656K(3722752K)->3811504K(3811840K)
[3945.143s][info][gc,metaspace   ] GC(870) Metaspace: 29095K(29504K)->29095K(29504K) NonClass: 24203K(24384K)->24203K(24384K) Class: 4892K(5120K)->4892K(5120K)
[3945.143s][info][gc             ] GC(870) Pause Young (Allocation Failure) 6136M->3864M(6267M) 100.688ms
[3945.143s][info][gc,cpu         ] GC(870) User=0.57s Sys=0.02s Real=0.10s
....[3948.450s][info][gc,start       ] GC(871) Pause Young (Allocation Failure)
[3948.552s][info][gc,heap        ] GC(871) PSYoungGen: 2572308K(2605568K)->144569K(2608640K) Eden: 2426880K(2426880K)->0K(2426880K) From: 145428K(178688K)->144569K(181760K)
[3948.552s][info][gc,heap        ] GC(871) ParOldGen: 3811504K(3811840K)->3903280K(3903488K)
[3948.552s][info][gc,metaspace   ] GC(871) Metaspace: 29095K(29504K)->29095K(29504K) NonClass: 24203K(24384K)->24203K(24384K) Class: 4892K(5120K)->4892K(5120K)
[3948.552s][info][gc             ] GC(871) Pause Young (Allocation Failure) 6234M->3952M(6359M) 101.301ms
[3948.552s][info][gc,cpu         ] GC(871) User=0.58s Sys=0.03s Real=0.10s
...[3951.922s][info][gc,start       ] GC(872) Pause Young (Allocation Failure)
[3952.018s][info][gc,heap        ] GC(872) PSYoungGen: 2571449K(2608640K)->137856K(2611712K) Eden: 2426880K(2426880K)->0K(2435072K) From: 144569K(181760K)->137856K(176640K)
[3952.018s][info][gc,heap        ] GC(872) ParOldGen: 3903280K(3903488K)->3993200K(3993600K)
[3952.018s][info][gc,metaspace   ] GC(872) Metaspace: 29095K(29504K)->29095K(29504K) NonClass: 24203K(24384K)->24203K(24384K) Class: 4892K(5120K)->4892K(5120K)
[3952.018s][info][gc             ] GC(872) Pause Young (Allocation Failure) 6322M->4034M(6450M) 95.833ms
[3952.018s][info][gc,cpu         ] GC(872) User=0.54s Sys=0.03s Real=0.10s
....[3955.416s][info][gc,start       ] GC(873) Pause Young (Allocation Failure)
[3955.513s][info][gc,heap        ] GC(873) PSYoungGen: 2572928K(2611712K)->135296K(2613248K) Eden: 2435072K(2435072K)->0K(2435072K) From: 137856K(176640K)->135296K(178176K)
[3955.513s][info][gc,heap        ] GC(873) ParOldGen: 3993200K(3993600K)->4083640K(4083712K)
[3955.513s][info][gc,metaspace   ] GC(873) Metaspace: 29095K(29504K)->29095K(29504K) NonClass: 24203K(24384K)->24203K(24384K) Class: 4892K(5120K)->4892K(5120K)
[3955.513s][info][gc             ] GC(873) Pause Young (Allocation Failure) 6412M->4120M(6540M) 97.166ms
[3955.513s][info][gc,cpu         ] GC(873) User=0.54s Sys=0.03s Real=0.10s
...[3958.947s][info][gc,start       ] GC(874) Pause Young (Allocation Failure)
[3959.047s][info][gc,heap        ] GC(874) PSYoungGen: 2570368K(2613248K)->143184K(2612224K) Eden: 2435072K(2435072K)->0K(2440704K) From: 135296K(178176K)->143184K(171520K)
[3959.047s][info][gc,heap        ] GC(874) ParOldGen: 4083640K(4083712K)->4174864K(4175360K)
[3959.047s][info][gc,metaspace   ] GC(874) Metaspace: 29095K(29504K)->29095K(29504K) NonClass: 24203K(24384K)->24203K(24384K) Class: 4892K(5120K)->4892K(5120K)
[3959.048s][info][gc             ] GC(874) Pause Young (Allocation Failure) 6498M->4216M(6628M) 100.488ms
[3959.048s][info][gc,cpu         ] GC(874) User=0.56s Sys=0.03s Real=0.11s
....[3962.508s][info][gc,start       ] GC(875) Pause Young (Allocation Failure)
[3962.606s][info][gc,heap        ] GC(875) PSYoungGen: 2583888K(2612224K)->139520K(2615296K) Eden: 2440704K(2440704K)->0K(2440704K) From: 143184K(171520K)->139520K(174592K)
[3962.606s][info][gc,heap        ] GC(875) ParOldGen: 4174864K(4175360K)->4265912K(4265984K)
[3962.606s][info][gc,metaspace   ] GC(875) Metaspace: 29095K(29504K)->29095K(29504K) NonClass: 24203K(24384K)->24203K(24384K) Class: 4892K(5120K)->4892K(5120K)
[3962.606s][info][gc             ] GC(875) Pause Young (Allocation Failure) 6600M->4302M(6720M) 98.046ms
[3962.606s][info][gc,cpu         ] GC(875) User=0.56s Sys=0.02s Real=0.09s
...[3966.016s][info][gc,start       ] GC(876) Pause Young (Allocation Failure)
[3966.114s][info][gc,heap        ] GC(876) PSYoungGen: 2580224K(2615296K)->141440K(2615808K) Eden: 2440704K(2440704K)->0K(2448384K) From: 139520K(174592K)->141440K(167424K)
[3966.114s][info][gc,heap        ] GC(876) ParOldGen: 4265912K(4265984K)->4358360K(4358656K)
[3966.114s][info][gc,metaspace   ] GC(876) Metaspace: 29095K(29504K)->29095K(29504K) NonClass: 24203K(24384K)->24203K(24384K) Class: 4892K(5120K)->4892K(5120K)
[3966.114s][info][gc             ] GC(876) Pause Young (Allocation Failure) 6685M->4394M(6811M) 98.077ms
[3966.114s][info][gc,cpu         ] GC(876) User=0.56s Sys=0.02s Real=0.10s
.... (rIR:aIR:PR = 5673:5672:5672) (tPR = 84395) [OK] 
  3969s: Performance info:
         Transaction,    Success,    Partial,     Failed,   Receipts, AvgBarcode, 
             Overall,     341661,          0,          0,     324560,      59.47, 
         Response times:
             Request,    Success,    Partial,     Failed,   SkipFail,     Probes,    Samples,      min,      p50,      p90,      p95,      p99,      max, 
       TotalPurchase,     324557,          0,          0,          0,     319100,     351827,      300,     4100,     7200,     9300,    33000,   147000,
     InStorePurchase,     170809,          0,          0,          0,     168228,     185373,      300,     3800,     7100,     9100,    32000,   146000,
      OnlinePurchase,     119573,          0,          0,          0,     117659,     129611,      300,     4300,     7300,     9400,    34000,   147000,
        InstPurchase,      34175,          0,          0,          0,      33213,      36843,      400,     4600,     7500,     9700,    35000,   147000,
          AssocOfCat,        343,          0,          0,          0,        279,        388,    18300,    30000,    39100,    47000,    68220,   129000,
      AssocOfProduct,       3425,          0,          0,          0,       3220,       3804,      600,     4600,     6900,     8800,    33000,   104000,
      BusinessReport,        858,          0,          0,          0,        727,        887,    18700,    35000,    50000,    57000,   139240,   156000,
          CustBuyBeh,       3421,          0,          0,          0,       3206,       3740,      200,     2100,     6000,     8000,    23590,   106000,
       ProductReturn,       9052,          0,          0,          0,       8642,       9789,      200,     2800,     5700,     7200,    25000,   109000,

  3969s: (42%)   IR =   5812 [3969.510s][info][gc,start       ] GC(877) Pause Young (Allocation Failure)
[3969.606s][info][gc,heap        ] GC(877) PSYoungGen: 2589824K(2615808K)->134304K(2619392K) Eden: 2448384K(2448384K)->0K(2448384K) From: 141440K(167424K)->134304K(171008K)
[3969.606s][info][gc,heap        ] GC(877) ParOldGen: 4358360K(4358656K)->4450144K(4450304K)
[3969.606s][info][gc,metaspace   ] GC(877) Metaspace: 29095K(29504K)->29095K(29504K) NonClass: 24203K(24384K)->24203K(24384K) Class: 4892K(5120K)->4892K(5120K)
[3969.606s][info][gc             ] GC(877) Pause Young (Allocation Failure) 6785M->4477M(6904M) 96.949ms
[3969.607s][info][gc,cpu         ] GC(877) User=0.55s Sys=0.02s Real=0.09s
...[3972.936s][info][gc,start       ] GC(878) Pause Young (Allocation Failure)
[3973.035s][info][gc,heap        ] GC(878) PSYoungGen: 2582688K(2619392K)->140768K(2619904K) Eden: 2448384K(2448384K)->0K(2455040K) From: 134304K(171008K)->140768K(164864K)
[3973.035s][info][gc,heap        ] GC(878) ParOldGen: 4450144K(4450304K)->4539728K(4539904K)
[3973.035s][info][gc,metaspace   ] GC(878) Metaspace: 29095K(29504K)->29095K(29504K) NonClass: 24203K(24384K)->24203K(24384K) Class: 4892K(5120K)->4892K(5120K)
[3973.035s][info][gc             ] GC(878) Pause Young (Allocation Failure) 6868M->4570M(6992M) 99.417ms
[3973.035s][info][gc,cpu         ] GC(878) User=0.56s Sys=0.02s Real=0.10s
..|..[3976.336s][info][gc,start       ] GC(879) Pause Young (Allocation Failure)
[3976.437s][info][gc,heap        ] GC(879) PSYoungGen: 2595808K(2619904K)->138437K(2622976K) Eden: 2455040K(2455040K)->0K(2455040K) From: 140768K(164864K)->138437K(167936K)
[3976.437s][info][gc,heap        ] GC(879) ParOldGen: 4539728K(4539904K)->4631728K(4632064K)
[3976.437s][info][gc,metaspace   ] GC(879) Metaspace: 29095K(29504K)->29095K(29504K) NonClass: 24203K(24384K)->24203K(24384K) Class: 4892K(5120K)->4892K(5120K)
[3976.437s][info][gc             ] GC(879) Pause Young (Allocation Failure) 6968M->4658M(7085M) 100.306ms
[3976.437s][info][gc,cpu         ] GC(879) User=0.57s Sys=0.03s Real=0.10s
...[3979.834s][info][gc,start       ] GC(880) Pause Young (Allocation Failure)
[3979.934s][info][gc,heap        ] GC(880) PSYoungGen: 2593477K(2622976K)->145733K(2624512K) Eden: 2455040K(2455040K)->0K(2461696K) From: 138437K(167936K)->145733K(162816K)
[3979.934s][info][gc,heap        ] GC(880) ParOldGen: 4631728K(4632064K)->4721704K(4722176K)
[3979.934s][info][gc,metaspace   ] GC(880) Metaspace: 29095K(29504K)->29095K(29504K) NonClass: 24203K(24384K)->24203K(24384K) Class: 4892K(5120K)->4892K(5120K)
[3979.934s][info][gc             ] GC(880) Pause Young (Allocation Failure) 7055M->4753M(7174M) 100.573ms
[3979.934s][info][gc,cpu         ] GC(880) User=0.57s Sys=0.03s Real=0.10s
....[3983.277s][info][gc,start       ] GC(881) Pause Young (Allocation Failure)
[3983.375s][info][gc,heap        ] GC(881) PSYoungGen: 2607429K(2624512K)->135520K(2627072K) Eden: 2461696K(2461696K)->0K(2461696K) From: 145733K(162816K)->135520K(165376K)
[3983.375s][info][gc,heap        ] GC(881) ParOldGen: 4721704K(4722176K)->4814256K(4814336K)
[3983.375s][info][gc,metaspace   ] GC(881) Metaspace: 29095K(29504K)->29095K(29504K) NonClass: 24203K(24384K)->24203K(24384K) Class: 4892K(5120K)->4892K(5120K)
[3983.375s][info][gc             ] GC(881) Pause Young (Allocation Failure) 7157M->4833M(7267M) 97.719ms
[3983.375s][info][gc,cpu         ] GC(881) User=0.55s Sys=0.03s Real=0.10s
...[3986.711s][info][gc,start       ] GC(882) Pause Young (Allocation Failure)
[3986.811s][info][gc,heap        ] GC(882) PSYoungGen: 2597216K(2627072K)->142016K(2625536K) Eden: 2461696K(2461696K)->0K(2466304K) From: 135520K(165376K)->142016K(159232K)
[3986.811s][info][gc,heap        ] GC(882) ParOldGen: 4814256K(4814336K)->4905048K(4905472K)
[3986.811s][info][gc,metaspace   ] GC(882) Metaspace: 29095K(29504K)->29095K(29504K) NonClass: 24203K(24384K)->24203K(24384K) Class: 4892K(5120K)->4892K(5120K)
[3986.811s][info][gc             ] GC(882) Pause Young (Allocation Failure) 7237M->4928M(7354M) 100.406ms
[3986.811s][info][gc,cpu         ] GC(882) User=0.56s Sys=0.02s Real=0.10s
...[3990.222s][info][gc,start       ] GC(883) Pause Young (Allocation Failure)
[3990.323s][info][gc,heap        ] GC(883) PSYoungGen: 2608320K(2625536K)->141445K(2628608K) Eden: 2466304K(2466304K)->0K(2466304K) From: 142016K(159232K)->141445K(162304K)
[3990.323s][info][gc,heap        ] GC(883) ParOldGen: 4905048K(4905472K)->4994904K(4995072K)
[3990.323s][info][gc,metaspace   ] GC(883) Metaspace: 29095K(29504K)->29095K(29504K) NonClass: 24203K(24384K)->24203K(24384K) Class: 4892K(5120K)->4892K(5120K)
[3990.323s][info][gc             ] GC(883) Pause Young (Allocation Failure) 7337M->5015M(7445M) 101.018ms
[3990.323s][info][gc,cpu         ] GC(883) User=0.56s Sys=0.04s Real=0.10s
....[3993.636s][info][gc,start       ] GC(884) Pause Young (Allocation Failure)
[3993.738s][info][gc,heap        ] GC(884) PSYoungGen: 2607749K(2628608K)->142245K(2629632K) Eden: 2466304K(2466304K)->0K(2473472K) From: 141445K(162304K)->142245K(156160K)
[3993.738s][info][gc,heap        ] GC(884) ParOldGen: 4994904K(4995072K)->5088816K(5089280K)
[3993.738s][info][gc,metaspace   ] GC(884) Metaspace: 29095K(29504K)->29095K(29504K) NonClass: 24203K(24384K)->24203K(24384K) Class: 4892K(5120K)->4892K(5120K)
[3993.738s][info][gc             ] GC(884) Pause Young (Allocation Failure) 7424M->5108M(7538M) 101.615ms
[3993.738s][info][gc,cpu         ] GC(884) User=0.58s Sys=0.02s Real=0.11s
...[3997.106s][info][gc,start       ] GC(885) Pause Young (Allocation Failure)
[3997.207s][info][gc,heap        ] GC(885) PSYoungGen: 2615717K(2629632K)->141888K(2632192K) Eden: 2473472K(2473472K)->0K(2473472K) From: 142245K(156160K)->141888K(158720K)
[3997.207s][info][gc,heap        ] GC(885) ParOldGen: 5088816K(5089280K)->5179864K(5179904K)
[3997.207s][info][gc,metaspace   ] GC(885) Metaspace: 29095K(29504K)->29095K(29504K) NonClass: 24203K(24384K)->24203K(24384K) Class: 4892K(5120K)->4892K(5120K)
[3997.207s][info][gc             ] GC(885) Pause Young (Allocation Failure) 7523M->5197M(7629M) 101.105ms
[3997.207s][info][gc,cpu         ] GC(885) User=0.57s Sys=0.03s Real=0.10s
....[4000.608s][info][gc,start       ] GC(886) Pause Young (Allocation Failure)
[4000.711s][info][gc,heap        ] GC(886) PSYoungGen: 2615360K(2632192K)->142262K(2633216K) Eden: 2473472K(2473472K)->0K(2480128K) From: 141888K(158720K)->142262K(153088K)
[4000.711s][info][gc,heap        ] GC(886) ParOldGen: 5179864K(5179904K)->5271488K(5271552K)
[4000.711s][info][gc,metaspace   ] GC(886) Metaspace: 29095K(29504K)->29095K(29504K) NonClass: 24203K(24384K)->24203K(24384K) Class: 4892K(5120K)->4892K(5120K)
[4000.711s][info][gc             ] GC(886) Pause Young (Allocation Failure) 7612M->5286M(7719M) 103.064ms
[4000.711s][info][gc,cpu         ] GC(886) User=0.58s Sys=0.03s Real=0.10s
...[4004.051s][info][gc,start       ] GC(887) Pause Young (Allocation Failure)
[4004.152s][info][gc,heap        ] GC(887) PSYoungGen: 2622390K(2633216K)->144912K(2635776K) Eden: 2480128K(2480128K)->0K(2480128K) From: 142262K(153088K)->144912K(155648K)
[4004.152s][info][gc,heap        ] GC(887) ParOldGen: 5271488K(5271552K)->5363128K(5363200K)
[4004.152s][info][gc,metaspace   ] GC(887) Metaspace: 29095K(29504K)->29095K(29504K) NonClass: 24203K(24384K)->24203K(24384K) Class: 4892K(5120K)->4892K(5120K)
[4004.152s][info][gc             ] GC(887) Pause Young (Allocation Failure) 7708M->5378M(7811M) 101.505ms
[4004.152s][info][gc,cpu         ] GC(887) User=0.56s Sys=0.03s Real=0.10s
....[4007.534s][info][gc,start       ] GC(888) Pause Young (Allocation Failure)
[4007.633s][info][gc,heap        ] GC(888) PSYoungGen: 2625040K(2635776K)->140576K(2638336K) Eden: 2480128K(2480128K)->0K(2484736K) From: 144912K(155648K)->140576K(153600K)
[4007.633s][info][gc,heap        ] GC(888) ParOldGen: 5363128K(5363200K)->5453576K(5453824K)
[4007.633s][info][gc,metaspace   ] GC(888) Metaspace: 29095K(29504K)->29095K(29504K) NonClass: 24203K(24384K)->24203K(24384K) Class: 4892K(5120K)->4892K(5120K)
[4007.633s][info][gc             ] GC(888) Pause Young (Allocation Failure) 7800M->5463M(7902M) 99.002ms
[4007.633s][info][gc,cpu         ] GC(888) User=0.56s Sys=0.02s Real=0.10s
...[4011.018s][info][gc,start       ] GC(889) Pause Young (Allocation Failure)
[4011.121s][info][gc,heap        ] GC(889) PSYoungGen: 2625312K(2638336K)->142752K(2639360K) Eden: 2484736K(2484736K)->0K(2484736K) From: 140576K(153600K)->142752K(154624K)
[4011.121s][info][gc,heap        ] GC(889) ParOldGen: 5453576K(5453824K)->5546528K(5547008K)
[4011.121s][info][gc,metaspace   ] GC(889) Metaspace: 29095K(29504K)->29095K(29504K) NonClass: 24203K(24384K)->24203K(24384K) Class: 4892K(5120K)->4892K(5120K)
[4011.121s][info][gc             ] GC(889) Pause Young (Allocation Failure) 7889M->5555M(7994M) 103.157ms
[4011.121s][info][gc,cpu         ] GC(889) User=0.59s Sys=0.02s Real=0.10s
....[4014.505s][info][gc,start       ] GC(890) Pause Full (Allocation Failure)
[4014.505s][info][gc,phases,start] GC(890) Marking Phase
[4014.795s][info][gc,phases      ] GC(890) Marking Phase 290.478ms
[4014.795s][info][gc,phases,start] GC(890) Summary Phase
[4014.795s][info][gc,phases      ] GC(890) Summary Phase 0.094ms
[4014.795s][info][gc,phases,start] GC(890) Forward
[4014.923s][info][gc,phases      ] GC(890) Forward 127.631ms
[4014.923s][info][gc,phases,start] GC(890) Adjust Pointers
[4015.114s][info][gc,phases      ] GC(890) Adjust Pointers 191.139ms
[4015.114s][info][gc,phases,start] GC(890) Compaction Phase
[4015.238s][info][gc,phases      ] GC(890) Compaction Phase 124.019ms
[4015.239s][info][gc,phases,start] GC(890) Post Compact
[4015.246s][info][gc,phases      ] GC(890) Post Compact 6.980ms
[4015.374s][info][gc,heap        ] GC(890) PSYoungGen: 2627488K(2639360K)->0K(2641408K) Eden: 2484736K(2484736K)->0K(2487808K) From: 142752K(154624K)->0K(153600K)
[4015.375s][info][gc,heap        ] GC(890) ParOldGen: 5546528K(5547008K)->1414830K(1631232K)
[4015.375s][info][gc,metaspace   ] GC(890) Metaspace: 29095K(29504K)->29095K(29504K) NonClass: 24203K(24384K)->24203K(24384K) Class: 4892K(5120K)->4892K(5120K)
[4015.375s][info][gc             ] GC(890) Pause Full (Allocation Failure) 7982M->1381M(4172M) 869.904ms
[4015.375s][info][gc,cpu         ] GC(890) User=3.94s Sys=0.13s Real=0.87s
...[4017.992s][info][gc,start       ] GC(891) Pause Young (Allocation Failure)
[4018.058s][info][gc,heap        ] GC(891) PSYoungGen: 2487808K(2641408K)->146868K(2641408K) Eden: 2487808K(2487808K)->0K(2487808K) From: 0K(153600K)->146868K(153600K)
[4018.058s][info][gc,heap        ] GC(891) ParOldGen: 1414830K(1631232K)->1414830K(1631232K)
[4018.058s][info][gc,metaspace   ] GC(891) Metaspace: 29095K(29504K)->29095K(29504K) NonClass: 24203K(24384K)->24203K(24384K) Class: 4892K(5120K)->4892K(5120K)
[4018.058s][info][gc             ] GC(891) Pause Young (Allocation Failure) 3811M->1525M(4172M) 65.947ms
[4018.058s][info][gc,cpu         ] GC(891) User=0.39s Sys=0.00s Real=0.07s
....[4021.496s][info][gc,start       ] GC(892) Pause Young (Allocation Failure)
[4021.589s][info][gc,heap        ] GC(892) PSYoungGen: 2634676K(2641408K)->139445K(2641920K) Eden: 2487808K(2487808K)->0K(2488320K) From: 146868K(153600K)->139445K(153600K)
[4021.589s][info][gc,heap        ] GC(892) ParOldGen: 1414830K(1631232K)->1507422K(1631232K)
[4021.589s][info][gc,metaspace   ] GC(892) Metaspace: 29095K(29504K)->29095K(29504K) NonClass: 24203K(24384K)->24203K(24384K) Class: 4892K(5120K)->4892K(5120K)
[4021.589s][info][gc             ] GC(892) Pause Young (Allocation Failure) 3954M->1608M(4173M) 93.230ms
[4021.589s][info][gc,cpu         ] GC(892) User=0.55s Sys=0.00s Real=0.10s
...[4024.983s][info][gc,start       ] GC(893) Pause Young (Allocation Failure)
[4025.074s][info][gc,heap        ] GC(893) PSYoungGen: 2627765K(2641920K)->141440K(2630144K) Eden: 2488320K(2488320K)->0K(2488320K) From: 139445K(153600K)->141440K(141824K)
[4025.074s][info][gc,heap        ] GC(893) ParOldGen: 1507422K(1631232K)->1598854K(1631232K)
[4025.074s][info][gc,metaspace   ] GC(893) Metaspace: 29095K(29504K)->29095K(29504K) NonClass: 24203K(24384K)->24203K(24384K) Class: 4892K(5120K)->4892K(5120K)
[4025.074s][info][gc             ] GC(893) Pause Young (Allocation Failure) 4038M->1699M(4161M) 91.894ms
[4025.074s][info][gc,cpu         ] GC(893) User=0.54s Sys=0.00s Real=0.09s
....[4028.434s][info][gc,start       ] GC(894) Pause Young (Allocation Failure)
[4028.532s][info][gc,heap        ] GC(894) PSYoungGen: 2629760K(2630144K)->143733K(2641920K) Eden: 2488320K(2488320K)->0K(2489344K) From: 141440K(141824K)->143733K(152576K)
[4028.532s][info][gc,heap        ] GC(894) ParOldGen: 1598854K(1631232K)->1691374K(1691648K)
[4028.532s][info][gc,metaspace   ] GC(894) Metaspace: 29095K(29504K)->29095K(29504K) NonClass: 24203K(24384K)->24203K(24384K) Class: 4892K(5120K)->4892K(5120K)
[4028.532s][info][gc             ] GC(894) Pause Young (Allocation Failure) 4129M->1792M(4232M) 97.784ms
[4028.532s][info][gc,cpu         ] GC(894) User=0.55s Sys=0.03s Real=0.10s
...[4031.933s][info][gc,start       ] GC(895) Pause Young (Allocation Failure)
[4032.030s][info][gc,heap        ] GC(895) PSYoungGen: 2633077K(2641920K)->143253K(2641408K) Eden: 2489344K(2489344K)->0K(2489344K) From: 143733K(152576K)->143253K(152064K)
[4032.030s][info][gc,heap        ] GC(895) ParOldGen: 1691374K(1691648K)->1782302K(1782784K)
[4032.030s][info][gc,metaspace   ] GC(895) Metaspace: 29095K(29504K)->29095K(29504K) NonClass: 24203K(24384K)->24203K(24384K) Class: 4892K(5120K)->4892K(5120K)
[4032.030s][info][gc             ] GC(895) Pause Young (Allocation Failure) 4223M->1880M(4320M) 97.697ms
[4032.030s][info][gc,cpu         ] GC(895) User=0.55s Sys=0.03s Real=0.10s
... (rIR:aIR:PR = 5812:5811:5811) (tPR = 86643) [OK] 
  4034s: Performance info:
         Transaction,    Success,    Partial,     Failed,   Receipts, AvgBarcode, 
             Overall,     349780,          0,          0,     332306,      59.48, 
         Response times:
             Request,    Success,    Partial,     Failed,   SkipFail,     Probes,    Samples,      min,      p50,      p90,      p95,      p99,      max, 
       TotalPurchase,     332306,          0,          0,          0,     323183,     354463,      300,     4200,     7600,    14200,   117000,   970000,
     InStorePurchase,     174861,          0,          0,          0,     170381,     186878,      300,     4200,     7600,    14700,    76000,   970000,
      OnlinePurchase,     122467,          0,          0,          0,     119055,     130191,      300,     4300,     7600,    13900,   191000,   890000,
        InstPurchase,      34978,          0,          0,          0,      33747,      37394,      400,     4100,     7300,    13125,   142000,   890000,
          AssocOfCat,        351,          0,          0,          0,        263,        353,    17900,    30000,    40000,    60300,   149000,   242000,
      AssocOfProduct,       3504,          0,          0,          0,       3213,       3737,      500,     1900,     5200,     7400,   104000,   137000,
      BusinessReport,        869,          0,          0,          0,        759,        932,    21000,    36000,    55000,    72350,   174670,   191000,
          CustBuyBeh,       3490,          0,          0,          0,       3174,       3621,      200,     4800,     7900,    12460,   193000,   215000,
       ProductReturn,       9261,          0,          0,          0,       8716,       9902,      200,     3300,     7100,    12500,   141000,   233000,

  4034s: (43%)   IR =   5950 .[4035.472s][info][gc,start       ] GC(896) Pause Young (Allocation Failure)
[4035.570s][info][gc,heap        ] GC(896) PSYoungGen: 2632597K(2641408K)->140736K(2643456K) Eden: 2489344K(2489344K)->0K(2491904K) From: 143253K(152064K)->140736K(151552K)
[4035.570s][info][gc,heap        ] GC(896) ParOldGen: 1782302K(1782784K)->1874950K(1875456K)
[4035.570s][info][gc,metaspace   ] GC(896) Metaspace: 29095K(29504K)->29095K(29504K) NonClass: 24203K(24384K)->24203K(24384K) Class: 4892K(5120K)->4892K(5120K)
[4035.570s][info][gc             ] GC(896) Pause Young (Allocation Failure) 4311M->1968M(4413M) 97.196ms
[4035.570s][info][gc,cpu         ] GC(896) User=0.55s Sys=0.03s Real=0.10s
...[4038.861s][info][gc,start       ] GC(897) Pause Young (Allocation Failure)
[4038.956s][info][gc,heap        ] GC(897) PSYoungGen: 2632640K(2643456K)->139168K(2642944K) Eden: 2491904K(2491904K)->0K(2491904K) From: 140736K(151552K)->139168K(151040K)
[4038.956s][info][gc,heap        ] GC(897) ParOldGen: 1874950K(1875456K)->1968238K(1968640K)
[4038.956s][info][gc,metaspace   ] GC(897) Metaspace: 29095K(29504K)->29095K(29504K) NonClass: 24203K(24384K)->24203K(24384K) Class: 4892K(5120K)->4892K(5120K)
[4038.956s][info][gc             ] GC(897) Pause Young (Allocation Failure) 4401M->2058M(4503M) 95.045ms
[4038.956s][info][gc,cpu         ] GC(897) User=0.53s Sys=0.03s Real=0.09s
..|.[4042.238s][info][gc,start       ] GC(898) Pause Young (Allocation Failure)
[4042.333s][info][gc,heap        ] GC(898) PSYoungGen: 2631072K(2642944K)->135840K(2643456K) Eden: 2491904K(2491904K)->0K(2492928K) From: 139168K(151040K)->135840K(150528K)
[4042.333s][info][gc,heap        ] GC(898) ParOldGen: 1968238K(1968640K)->2059094K(2059264K)
[4042.333s][info][gc,metaspace   ] GC(898) Metaspace: 29095K(29504K)->29095K(29504K) NonClass: 24203K(24384K)->24203K(24384K) Class: 4892K(5120K)->4892K(5120K)
[4042.333s][info][gc             ] GC(898) Pause Young (Allocation Failure) 4491M->2143M(4592M) 95.153ms
[4042.333s][info][gc,cpu         ] GC(898) User=0.53s Sys=0.03s Real=0.09s
....[4045.675s][info][gc,start       ] GC(899) Pause Young (Allocation Failure)
[4045.779s][info][gc,heap        ] GC(899) PSYoungGen: 2628768K(2643456K)->144308K(2643968K) Eden: 2492928K(2492928K)->0K(2492928K) From: 135840K(150528K)->144308K(151040K)
[4045.779s][info][gc,heap        ] GC(899) ParOldGen: 2059094K(2059264K)->2150454K(2150912K)
[4045.779s][info][gc,metaspace   ] GC(899) Metaspace: 29095K(29504K)->29095K(29504K) NonClass: 24203K(24384K)->24203K(24384K) Class: 4892K(5120K)->4892K(5120K)
[4045.779s][info][gc             ] GC(899) Pause Young (Allocation Failure) 4577M->2240M(4682M) 104.304ms
[4045.779s][info][gc,cpu         ] GC(899) User=0.59s Sys=0.03s Real=0.11s
...[4048.999s][info][gc,start       ] GC(900) Pause Young (Allocation Failure)
[4049.106s][info][gc,heap        ] GC(900) PSYoungGen: 2637236K(2643968K)->140192K(2643968K) Eden: 2492928K(2492928K)->0K(2493952K) From: 144308K(151040K)->140192K(150016K)
[4049.106s][info][gc,heap        ] GC(900) ParOldGen: 2150454K(2150912K)->2242654K(2243072K)
[4049.106s][info][gc,metaspace   ] GC(900) Metaspace: 29095K(29504K)->29095K(29504K) NonClass: 24203K(24384K)->24203K(24384K) Class: 4892K(5120K)->4892K(5120K)
[4049.106s][info][gc             ] GC(900) Pause Young (Allocation Failure) 4675M->2326M(4772M) 106.840ms
[4049.106s][info][gc,cpu         ] GC(900) User=0.60s Sys=0.03s Real=0.10s
....[4052.514s][info][gc,start       ] GC(901) Pause Young (Allocation Failure)
[4052.613s][info][gc,heap        ] GC(901) PSYoungGen: 2634144K(2643968K)->142867K(2644480K) Eden: 2493952K(2493952K)->0K(2493952K) From: 140192K(150016K)->142867K(150528K)
[4052.613s][info][gc,heap        ] GC(901) ParOldGen: 2242654K(2243072K)->2332606K(2332672K)
[4052.613s][info][gc,metaspace   ] GC(901) Metaspace: 29095K(29504K)->29095K(29504K) NonClass: 24203K(24384K)->24203K(24384K) Class: 4892K(5120K)->4892K(5120K)
[4052.613s][info][gc             ] GC(901) Pause Young (Allocation Failure) 4762M->2417M(4860M) 98.710ms
[4052.613s][info][gc,cpu         ] GC(901) User=0.56s Sys=0.03s Real=0.10s
...[4055.980s][info][gc,start       ] GC(902) Pause Young (Allocation Failure)
[4056.081s][info][gc,heap        ] GC(902) PSYoungGen: 2636819K(2644480K)->146432K(2643968K) Eden: 2493952K(2493952K)->0K(2493952K) From: 142867K(150528K)->146432K(150016K)
[4056.081s][info][gc,heap        ] GC(902) ParOldGen: 2332606K(2332672K)->2426182K(2426368K)
[4056.081s][info][gc,metaspace   ] GC(902) Metaspace: 29095K(29504K)->29095K(29504K) NonClass: 24203K(24384K)->24203K(24384K) Class: 4892K(5120K)->4892K(5120K)
[4056.081s][info][gc             ] GC(902) Pause Young (Allocation Failure) 4852M->2512M(4951M) 100.773ms
[4056.081s][info][gc,cpu         ] GC(902) User=0.56s Sys=0.03s Real=0.10s
...[4059.298s][info][gc,start       ] GC(903) Pause Young (Allocation Failure)
[4059.396s][info][gc,heap        ] GC(903) PSYoungGen: 2640384K(2643968K)->138993K(2644992K) Eden: 2493952K(2493952K)->0K(2493952K) From: 146432K(150016K)->138993K(151040K)
[4059.396s][info][gc,heap        ] GC(903) ParOldGen: 2426182K(2426368K)->2520366K(2520576K)
[4059.396s][info][gc,metaspace   ] GC(903) Metaspace: 29095K(29504K)->29095K(29504K) NonClass: 24203K(24384K)->24203K(24384K) Class: 4892K(5120K)->4892K(5120K)
[4059.396s][info][gc             ] GC(903) Pause Young (Allocation Failure) 4947M->2597M(5044M) 98.341ms
[4059.396s][info][gc,cpu         ] GC(903) User=0.55s Sys=0.04s Real=0.09s
....[4062.719s][info][gc,start       ] GC(904) Pause Young (Allocation Failure)
[4062.817s][info][gc,heap        ] GC(904) PSYoungGen: 2632945K(2644992K)->143840K(2644480K) Eden: 2493952K(2493952K)->0K(2494464K) From: 138993K(151040K)->143840K(150016K)
[4062.817s][info][gc,heap        ] GC(904) ParOldGen: 2520366K(2520576K)->2610134K(2610176K)
[4062.817s][info][gc,metaspace   ] GC(904) Metaspace: 29095K(29504K)->29095K(29504K) NonClass: 24203K(24384K)->24203K(24384K) Class: 4892K(5120K)->4892K(5120K)
[4062.817s][info][gc             ] GC(904) Pause Young (Allocation Failure) 5032M->2689M(5131M) 97.797ms
[4062.817s][info][gc,cpu         ] GC(904) User=0.54s Sys=0.04s Real=0.09s
...[4066.098s][info][gc,start       ] GC(905) Pause Young (Allocation Failure)
[4066.200s][info][gc,heap        ] GC(905) PSYoungGen: 2638304K(2644480K)->150505K(2644992K) Eden: 2494464K(2494464K)->0K(2494464K) From: 143840K(150016K)->150505K(150528K)
[4066.200s][info][gc,heap        ] GC(905) ParOldGen: 2610134K(2610176K)->2702886K(2703360K)
[4066.200s][info][gc,metaspace   ] GC(905) Metaspace: 29095K(29504K)->29095K(29504K) NonClass: 24203K(24384K)->24203K(24384K) Class: 4892K(5120K)->4892K(5120K)
[4066.200s][info][gc             ] GC(905) Pause Young (Allocation Failure) 5125M->2786M(5223M) 102.585ms
[4066.200s][info][gc,cpu         ] GC(905) User=0.59s Sys=0.01s Real=0.10s
....[4069.581s][info][gc,start       ] GC(906) Pause Young (Allocation Failure)
[4069.681s][info][gc,heap        ] GC(906) PSYoungGen: 2644969K(2644992K)->145840K(2577408K) Eden: 2494464K(2494464K)->0K(2426368K) From: 150505K(150528K)->145840K(151040K)
[4069.681s][info][gc,heap        ] GC(906) ParOldGen: 2702886K(2703360K)->2793126K(2793472K)
[4069.681s][info][gc,metaspace   ] GC(906) Metaspace: 29095K(29504K)->29095K(29504K) NonClass: 24203K(24384K)->24203K(24384K) Class: 4892K(5120K)->4892K(5120K)
[4069.681s][info][gc             ] GC(906) Pause Young (Allocation Failure) 5222M->2870M(5245M) 100.061ms
[4069.681s][info][gc,cpu         ] GC(906) User=0.56s Sys=0.03s Real=0.10s
...[4072.933s][info][gc,start       ] GC(907) Pause Young (Allocation Failure)
[4073.032s][info][gc,heap        ] GC(907) PSYoungGen: 2572208K(2577408K)->142304K(2611200K) Eden: 2426368K(2426368K)->0K(2426368K) From: 145840K(151040K)->142304K(184832K)
[4073.032s][info][gc,heap        ] GC(907) ParOldGen: 2793126K(2793472K)->2886878K(2887168K)
[4073.032s][info][gc,metaspace   ] GC(907) Metaspace: 29095K(29504K)->29095K(29504K) NonClass: 24203K(24384K)->24203K(24384K) Class: 4892K(5120K)->4892K(5120K)
[4073.032s][info][gc             ] GC(907) Pause Young (Allocation Failure) 5239M->2958M(5369M) 98.858ms
[4073.032s][info][gc,cpu         ] GC(907) User=0.57s Sys=0.02s Real=0.10s
...[4076.213s][info][gc,start       ] GC(908) Pause Young (Allocation Failure)
[4076.308s][info][gc,heap        ] GC(908) PSYoungGen: 2568672K(2611200K)->131744K(2609152K) Eden: 2426368K(2426368K)->0K(2428416K) From: 142304K(184832K)->131744K(180736K)
[4076.308s][info][gc,heap        ] GC(908) ParOldGen: 2886878K(2887168K)->2979174K(2979328K)
[4076.308s][info][gc,metaspace   ] GC(908) Metaspace: 29095K(29504K)->29095K(29504K) NonClass: 24203K(24384K)->24203K(24384K) Class: 4892K(5120K)->4892K(5120K)
[4076.308s][info][gc             ] GC(908) Pause Young (Allocation Failure) 5327M->3038M(5457M) 95.192ms
[4076.308s][info][gc,cpu         ] GC(908) User=0.53s Sys=0.02s Real=0.10s
....[4079.590s][info][gc,start       ] GC(909) Pause Young (Allocation Failure)
[4079.685s][info][gc,heap        ] GC(909) PSYoungGen: 2560160K(2609152K)->139712K(2611200K) Eden: 2428416K(2428416K)->0K(2428416K) From: 131744K(180736K)->139712K(182784K)
[4079.685s][info][gc,heap        ] GC(909) ParOldGen: 2979174K(2979328K)->3068398K(3068416K)
[4079.685s][info][gc,metaspace   ] GC(909) Metaspace: 29095K(29504K)->29095K(29504K) NonClass: 24203K(24384K)->24203K(24384K) Class: 4892K(5120K)->4892K(5120K)
[4079.685s][info][gc             ] GC(909) Pause Young (Allocation Failure) 5409M->3132M(5546M) 95.833ms
[4079.685s][info][gc,cpu         ] GC(909) User=0.55s Sys=0.03s Real=0.09s
...[4082.912s][info][gc,start       ] GC(910) Pause Young (Allocation Failure)
[4083.013s][info][gc,heap        ] GC(910) PSYoungGen: 2568128K(2611200K)->146996K(2606592K) Eden: 2428416K(2428416K)->0K(2432000K) From: 139712K(182784K)->146996K(174592K)
[4083.013s][info][gc,heap        ] GC(910) ParOldGen: 3068398K(3068416K)->3160486K(3160576K)
[4083.013s][info][gc,metaspace   ] GC(910) Metaspace: 29095K(29504K)->29095K(29504K) NonClass: 24203K(24384K)->24203K(24384K) Class: 4892K(5120K)->4892K(5120K)
[4083.013s][info][gc             ] GC(910) Pause Young (Allocation Failure) 5504M->3229M(5632M) 100.381ms
[4083.013s][info][gc,cpu         ] GC(910) User=0.56s Sys=0.02s Real=0.10s
...[4086.183s][info][gc,start       ] GC(911) Pause Young (Allocation Failure)
[4086.282s][info][gc,heap        ] GC(911) PSYoungGen: 2578996K(2606592K)->140416K(2610176K) Eden: 2432000K(2432000K)->0K(2432000K) From: 146996K(174592K)->140416K(178176K)
[4086.282s][info][gc,heap        ] GC(911) ParOldGen: 3160486K(3160576K)->3252590K(3252736K)
[4086.282s][info][gc,metaspace   ] GC(911) Metaspace: 29095K(29504K)->29095K(29504K) NonClass: 24203K(24384K)->24203K(24384K) Class: 4892K(5120K)->4892K(5120K)
[4086.282s][info][gc             ] GC(911) Pause Young (Allocation Failure) 5604M->3313M(5725M) 98.596ms
[4086.282s][info][gc,cpu         ] GC(911) User=0.56s Sys=0.03s Real=0.10s
...[4089.493s][info][gc,start       ] GC(912) Pause Young (Allocation Failure)
[4089.590s][info][gc,heap        ] GC(912) PSYoungGen: 2572416K(2610176K)->137248K(2614272K) Eden: 2432000K(2432000K)->0K(2441728K) From: 140416K(178176K)->137248K(172544K)
[4089.590s][info][gc,heap        ] GC(912) ParOldGen: 3252590K(3252736K)->3342214K(3342336K)
[4089.590s][info][gc,metaspace   ] GC(912) Metaspace: 29095K(29504K)->29095K(29504K) NonClass: 24203K(24384K)->24203K(24384K) Class: 4892K(5120K)->4892K(5120K)
[4089.590s][info][gc             ] GC(912) Pause Young (Allocation Failure) 5688M->3397M(5817M) 97.778ms
[4089.590s][info][gc,cpu         ] GC(912) User=0.56s Sys=0.01s Real=0.10s
....[4092.850s][info][gc,start       ] GC(913) Pause Young (Allocation Failure)
[4092.947s][info][gc,heap        ] GC(913) PSYoungGen: 2578976K(2614272K)->139200K(2616832K) Eden: 2441728K(2441728K)->0K(2441728K) From: 137248K(172544K)->139200K(175104K)
[4092.947s][info][gc,heap        ] GC(913) ParOldGen: 3342214K(3342336K)->3432942K(3432960K)
[4092.947s][info][gc,metaspace   ] GC(913) Metaspace: 29095K(29504K)->29095K(29504K) NonClass: 24203K(24384K)->24203K(24384K) Class: 4892K(5120K)->4892K(5120K)
[4092.947s][info][gc             ] GC(913) Pause Young (Allocation Failure) 5782M->3488M(5908M) 97.204ms
[4092.947s][info][gc,cpu         ] GC(913) User=0.55s Sys=0.03s Real=0.09s
...[4096.185s][info][gc,start       ] GC(914) Pause Young (Allocation Failure)
[4096.282s][info][gc,heap        ] GC(914) PSYoungGen: 2580928K(2616832K)->141536K(2616320K) Eden: 2441728K(2441728K)->0K(2447872K) From: 139200K(175104K)->141536K(168448K)
[4096.282s][info][gc,heap        ] GC(914) ParOldGen: 3432942K(3432960K)->3524390K(3524608K)
[4096.282s][info][gc,metaspace   ] GC(914) Metaspace: 29095K(29504K)->29095K(29504K) NonClass: 24203K(24384K)->24203K(24384K) Class: 4892K(5120K)->4892K(5120K)
[4096.282s][info][gc             ] GC(914) Pause Young (Allocation Failure) 5872M->3580M(5997M) 97.334ms
[4096.282s][info][gc,cpu         ] GC(914) User=0.56s Sys=0.02s Real=0.10s
...[4099.533s][info][gc,start       ] GC(915) Pause Young (Allocation Failure)
[4099.632s][info][gc,heap        ] GC(915) PSYoungGen: 2589408K(2616320K)->142533K(2618880K) Eden: 2447872K(2447872K)->0K(2447872K) From: 141536K(168448K)->142533K(171008K)
[4099.632s][info][gc,heap        ] GC(915) ParOldGen: 3524390K(3524608K)->3614406K(3614720K)
[4099.632s][info][gc,metaspace   ] GC(915) Metaspace: 29095K(29504K)->29095K(29504K) NonClass: 24203K(24384K)->24203K(24384K) Class: 4892K(5120K)->4892K(5120K)
[4099.632s][info][gc             ] GC(915) Pause Young (Allocation Failure) 5970M->3668M(6087M) 99.349ms
[4099.632s][info][gc,cpu         ] GC(915) User=0.56s Sys=0.03s Real=0.10s
.. (rIR:aIR:PR = 5950:5951:5951) (tPR = 88097) [OK] 
  4100s: Performance info:
         Transaction,    Success,    Partial,     Failed,   Receipts, AvgBarcode, 
             Overall,     358074,          0,          0,     340188,      59.48, 
         Response times:
             Request,    Success,    Partial,     Failed,   SkipFail,     Probes,    Samples,      min,      p50,      p90,      p95,      p99,      max, 
       TotalPurchase,     340188,          0,          0,          0,     335632,     368910,      200,     4300,     7900,    11500,    45000,   155000,
     InStorePurchase,     179080,          0,          0,          0,     176915,     193900,      200,     4400,     7900,    11600,    45000,   155000,
      OnlinePurchase,     125321,          0,          0,          0,     123778,     136055,      300,     4400,     7900,    11600,    46000,   155000,
        InstPurchase,      35787,          0,          0,          0,      34939,      38955,      300,     3400,     7400,    10300,    40000,   117000,
          AssocOfCat,        361,          0,          0,          0,        285,        401,    19900,    31000,    48000,    66900,   139760,   164000,
      AssocOfProduct,       3578,          0,          0,          0,       3313,       3810,      500,     3900,     7800,    10900,    38890,   114000,
      BusinessReport,        889,          0,          0,          0,        755,        966,    21000,    36000,    55300,    67000,   147000,   198000,
          CustBuyBeh,       3578,          0,          0,          0,       3353,       3949,      700,     5000,     8000,    15950,    46000,   106000,
       ProductReturn,       9480,          0,          0,          0,       9015,      10215,      200,     4300,     7600,    10800,    44000,   131000,

  4100s: (44%)   IR =   6088 ..[4102.911s][info][gc,start       ] GC(916) Pause Young (Allocation Failure)
[4103.013s][info][gc,heap        ] GC(916) PSYoungGen: 2590405K(2618880K)->149248K(2623488K) Eden: 2447872K(2447872K)->0K(2456064K) From: 142533K(171008K)->149248K(167424K)
[4103.013s][info][gc,heap        ] GC(916) ParOldGen: 3614406K(3614720K)->3706326K(3706368K)
[4103.013s][info][gc,metaspace   ] GC(916) Metaspace: 29095K(29504K)->29095K(29504K) NonClass: 24203K(24384K)->24203K(24384K) Class: 4892K(5120K)->4892K(5120K)
[4103.013s][info][gc             ] GC(916) Pause Young (Allocation Failure) 6059M->3765M(6181M) 101.865ms
[4103.013s][info][gc,cpu         ] GC(916) User=0.57s Sys=0.03s Real=0.10s
...[4106.144s][info][gc,start       ] GC(917) Pause Young (Allocation Failure)
[4106.247s][info][gc,heap        ] GC(917) PSYoungGen: 2605312K(2623488K)->145600K(2624512K) Eden: 2456064K(2456064K)->0K(2456064K) From: 149248K(167424K)->145600K(168448K)
[4106.247s][info][gc,heap        ] GC(917) ParOldGen: 3706326K(3706368K)->3797918K(3798016K)
[4106.247s][info][gc,metaspace   ] GC(917) Metaspace: 29095K(29504K)->29095K(29504K) NonClass: 24203K(24384K)->24203K(24384K) Class: 4892K(5120K)->4892K(5120K)
[4106.247s][info][gc             ] GC(917) Pause Young (Allocation Failure) 6163M->3851M(6272M) 102.214ms
[4106.247s][info][gc,cpu         ] GC(917) User=0.57s Sys=0.03s Real=0.10s
..|.[4109.467s][info][gc,start       ] GC(918) Pause Young (Allocation Failure)
[4109.564s][info][gc,heap        ] GC(918) PSYoungGen: 2601664K(2624512K)->136832K(2626560K) Eden: 2456064K(2456064K)->0K(2460672K) From: 145600K(168448K)->136832K(165888K)
[4109.564s][info][gc,heap        ] GC(918) ParOldGen: 3797918K(3798016K)->3888694K(3889152K)
[4109.564s][info][gc,metaspace   ] GC(918) Metaspace: 29095K(29504K)->29095K(29504K) NonClass: 24203K(24384K)->24203K(24384K) Class: 4892K(5120K)->4892K(5120K)
[4109.564s][info][gc             ] GC(918) Pause Young (Allocation Failure) 6249M->3931M(6363M) 96.992ms
[4109.564s][info][gc,cpu         ] GC(918) User=0.54s Sys=0.02s Real=0.10s
....[4112.713s][info][gc,start       ] GC(919) Pause Young (Allocation Failure)
[4112.812s][info][gc,heap        ] GC(919) PSYoungGen: 2597504K(2626560K)->140592K(2626048K) Eden: 2460672K(2460672K)->0K(2460672K) From: 136832K(165888K)->140592K(165376K)
[4112.812s][info][gc,heap        ] GC(919) ParOldGen: 3888694K(3889152K)->3980214K(3980288K)
[4112.812s][info][gc,metaspace   ] GC(919) Metaspace: 29095K(29504K)->29095K(29504K) NonClass: 24203K(24384K)->24203K(24384K) Class: 4892K(5120K)->4892K(5120K)
[4112.812s][info][gc             ] GC(919) Pause Young (Allocation Failure) 6334M->4024M(6451M) 98.722ms
[4112.812s][info][gc,cpu         ] GC(919) User=0.55s Sys=0.03s Real=0.10s
...[4115.974s][info][gc,start       ] GC(920) Pause Young (Allocation Failure)
[4116.073s][info][gc,heap        ] GC(920) PSYoungGen: 2601264K(2626048K)->145477K(2629632K) Eden: 2460672K(2460672K)->0K(2465792K) From: 140592K(165376K)->145477K(163840K)
[4116.073s][info][gc,heap        ] GC(920) ParOldGen: 3980214K(3980288K)->4069918K(4070400K)
[4116.073s][info][gc,metaspace   ] GC(920) Metaspace: 29095K(29504K)->29095K(29504K) NonClass: 24203K(24384K)->24203K(24384K) Class: 4892K(5120K)->4892K(5120K)
[4116.073s][info][gc             ] GC(920) Pause Young (Allocation Failure) 6427M->4116M(6543M) 99.437ms
[4116.073s][info][gc,cpu         ] GC(920) User=0.56s Sys=0.02s Real=0.10s
...[4119.269s][info][gc,start       ] GC(921) Pause Young (Allocation Failure)
[4119.368s][info][gc,heap        ] GC(921) PSYoungGen: 2611269K(2629632K)->135904K(2628608K) Eden: 2465792K(2465792K)->0K(2465792K) From: 145477K(163840K)->135904K(162816K)
[4119.368s][info][gc,heap        ] GC(921) ParOldGen: 4069918K(4070400K)->4161606K(4162048K)
[4119.368s][info][gc,metaspace   ] GC(921) Metaspace: 29095K(29504K)->29095K(29504K) NonClass: 24203K(24384K)->24203K(24384K) Class: 4892K(5120K)->4892K(5120K)
[4119.368s][info][gc             ] GC(921) Pause Young (Allocation Failure) 6524M->4196M(6631M) 98.454ms
[4119.368s][info][gc,cpu         ] GC(921) User=0.55s Sys=0.03s Real=0.10s
...[4122.653s][info][gc,start       ] GC(922) Pause Young (Allocation Failure)
[4122.751s][info][gc,heap        ] GC(922) PSYoungGen: 2601696K(2628608K)->141600K(2631680K) Eden: 2465792K(2465792K)->0K(2470912K) From: 135904K(162816K)->141600K(160768K)
[4122.751s][info][gc,heap        ] GC(922) ParOldGen: 4161606K(4162048K)->4252150K(4252160K)
[4122.751s][info][gc,metaspace   ] GC(922) Metaspace: 29095K(29504K)->29095K(29504K) NonClass: 24203K(24384K)->24203K(24384K) Class: 4892K(5120K)->4892K(5120K)
[4122.751s][info][gc             ] GC(922) Pause Young (Allocation Failure) 6604M->4290M(6722M) 98.252ms
[4122.751s][info][gc,cpu         ] GC(922) User=0.55s Sys=0.03s Real=0.10s
....[4125.905s][info][gc,start       ] GC(923) Pause Young (Allocation Failure)
[4126.005s][info][gc,heap        ] GC(923) PSYoungGen: 2612512K(2631680K)->138496K(2631680K) Eden: 2470912K(2470912K)->0K(2470912K) From: 141600K(160768K)->138496K(160768K)
[4126.005s][info][gc,heap        ] GC(923) ParOldGen: 4252150K(4252160K)->4346214K(4346368K)
[4126.005s][info][gc,metaspace   ] GC(923) Metaspace: 29095K(29504K)->29095K(29504K) NonClass: 24203K(24384K)->24203K(24384K) Class: 4892K(5120K)->4892K(5120K)
[4126.005s][info][gc             ] GC(923) Pause Young (Allocation Failure) 6703M->4379M(6814M) 99.408ms
[4126.005s][info][gc,cpu         ] GC(923) User=0.55s Sys=0.03s Real=0.10s
...[4129.250s][info][gc,start       ] GC(924) Pause Young (Allocation Failure)
[4129.349s][info][gc,heap        ] GC(924) PSYoungGen: 2609408K(2631680K)->140480K(2633216K) Eden: 2470912K(2470912K)->0K(2475520K) From: 138496K(160768K)->140480K(157696K)
[4129.349s][info][gc,heap        ] GC(924) ParOldGen: 4346214K(4346368K)->4436062K(4436480K)
[4129.349s][info][gc,metaspace   ] GC(924) Metaspace: 29095K(29504K)->29095K(29504K) NonClass: 24203K(24384K)->24203K(24384K) Class: 4892K(5120K)->4892K(5120K)
[4129.349s][info][gc             ] GC(924) Pause Young (Allocation Failure) 6792M->4469M(6904M) 99.105ms
[4129.349s][info][gc,cpu         ] GC(924) User=0.55s Sys=0.03s Real=0.10s
...[4132.565s][info][gc,start       ] GC(925) Pause Young (Allocation Failure)
[4132.669s][info][gc,heap        ] GC(925) PSYoungGen: 2616000K(2633216K)->144208K(2633728K) Eden: 2475520K(2475520K)->0K(2475520K) From: 140480K(157696K)->144208K(158208K)
[4132.669s][info][gc,heap        ] GC(925) ParOldGen: 4436062K(4436480K)->4528542K(4528640K)
[4132.669s][info][gc,metaspace   ] GC(925) Metaspace: 29095K(29504K)->29095K(29504K) NonClass: 24203K(24384K)->24203K(24384K) Class: 4892K(5120K)->4892K(5120K)
[4132.669s][info][gc             ] GC(925) Pause Young (Allocation Failure) 6886M->4563M(6994M) 103.834ms
[4132.669s][info][gc,cpu         ] GC(925) User=0.59s Sys=0.03s Real=0.11s
....[4135.813s][info][gc,start       ] GC(926) Pause Young (Allocation Failure)
[4135.916s][info][gc,heap        ] GC(926) PSYoungGen: 2619728K(2633728K)->146180K(2636800K) Eden: 2475520K(2475520K)->0K(2480128K) From: 144208K(158208K)->146180K(156672K)
[4135.916s][info][gc,heap        ] GC(926) ParOldGen: 4528542K(4528640K)->4620430K(4620800K)
[4135.916s][info][gc,metaspace   ] GC(926) Metaspace: 29095K(29504K)->29095K(29504K) NonClass: 24203K(24384K)->24203K(24384K) Class: 4892K(5120K)->4892K(5120K)
[4135.916s][info][gc             ] GC(926) Pause Young (Allocation Failure) 6980M->4654M(7087M) 103.398ms
[4135.917s][info][gc,cpu         ] GC(926) User=0.59s Sys=0.03s Real=0.10s
.[4136.880s][info][gc,start       ] GC(927) Pause Full (Diagnostic Command)
[4136.880s][info][gc,phases,start] GC(927) Marking Phase
[4137.172s][info][gc,phases      ] GC(927) Marking Phase 291.631ms
[4137.172s][info][gc,phases,start] GC(927) Summary Phase
[4137.172s][info][gc,phases      ] GC(927) Summary Phase 0.076ms
[4137.172s][info][gc,phases,start] GC(927) Forward
[4137.324s][info][gc,phases      ] GC(927) Forward 151.999ms
[4137.324s][info][gc,phases,start] GC(927) Adjust Pointers
[4137.521s][info][gc,phases      ] GC(927) Adjust Pointers 197.059ms
[4137.521s][info][gc,phases,start] GC(927) Compaction Phase
[4137.667s][info][gc,phases      ] GC(927) Compaction Phase 145.929ms
[4137.668s][info][gc,phases,start] GC(927) Post Compact
[4137.673s][info][gc,phases      ] GC(927) Post Compact 4.803ms
[4137.673s][info][gc,heap        ] GC(927) PSYoungGen: 958864K(2636800K)->0K(2636800K) Eden: 812683K(2480128K)->0K(2480128K) From: 146180K(156672K)->0K(156672K)
[4137.673s][info][gc,heap        ] GC(927) ParOldGen: 4620430K(4620800K)->1143547K(4620800K)
[4137.673s][info][gc,metaspace   ] GC(927) Metaspace: 29095K(29504K)->29095K(29504K) NonClass: 24203K(24384K)->24203K(24384K) Class: 4892K(5120K)->4892K(5120K)
[4137.673s][info][gc             ] GC(927) Pause Full (Diagnostic Command) 5448M->1116M(7087M) 792.976ms
[4137.673s][info][gc,cpu         ] GC(927) User=4.18s Sys=0.00s Real=0.79s
...[4140.214s][info][gc,start       ] GC(928) Pause Young (Allocation Failure)
[4140.278s][info][gc,heap        ] GC(928) PSYoungGen: 2480128K(2636800K)->139487K(2637312K) Eden: 2480128K(2480128K)->0K(2480128K) From: 0K(156672K)->139487K(157184K)
[4140.278s][info][gc,heap        ] GC(928) ParOldGen: 1143547K(4620800K)->1143547K(4620800K)
[4140.279s][info][gc,metaspace   ] GC(928) Metaspace: 29095K(29504K)->29095K(29504K) NonClass: 24203K(24384K)->24203K(24384K) Class: 4892K(5120K)->4892K(5120K)
[4140.279s][info][gc             ] GC(928) Pause Young (Allocation Failure) 3538M->1252M(7088M) 64.299ms
[4140.279s][info][gc,cpu         ] GC(928) User=0.38s Sys=0.00s Real=0.07s
...[4143.515s][info][gc,start       ] GC(929) Pause Young (Allocation Failure)
[4143.608s][info][gc,heap        ] GC(929) PSYoungGen: 2619615K(2637312K)->135936K(2637824K) Eden: 2480128K(2480128K)->0K(2482176K) From: 139487K(157184K)->135936K(155648K)
[4143.608s][info][gc,heap        ] GC(929) ParOldGen: 1143547K(4620800K)->1238651K(4620800K)
[4143.608s][info][gc,metaspace   ] GC(929) Metaspace: 29095K(29504K)->29095K(29504K) NonClass: 24203K(24384K)->24203K(24384K) Class: 4892K(5120K)->4892K(5120K)
[4143.608s][info][gc             ] GC(929) Pause Young (Allocation Failure) 3674M->1342M(7088M) 93.444ms
[4143.608s][info][gc,cpu         ] GC(929) User=0.55s Sys=0.00s Real=0.10s
...[4146.834s][info][gc,start       ] GC(930) Pause Young (Allocation Failure)
[4146.926s][info][gc,heap        ] GC(930) PSYoungGen: 2618112K(2637824K)->145056K(2638336K) Eden: 2482176K(2482176K)->0K(2482176K) From: 135936K(155648K)->145056K(156160K)
[4146.926s][info][gc,heap        ] GC(930) ParOldGen: 1238651K(4620800K)->1327867K(4620800K)
[4146.926s][info][gc,metaspace   ] GC(930) Metaspace: 29095K(29504K)->29095K(29504K) NonClass: 24203K(24384K)->24203K(24384K) Class: 4892K(5120K)->4892K(5120K)
[4146.926s][info][gc             ] GC(930) Pause Young (Allocation Failure) 3766M->1438M(7089M) 92.771ms
[4146.926s][info][gc,cpu         ] GC(930) User=0.55s Sys=0.00s Real=0.09s
....[4150.149s][info][gc,start       ] GC(931) Pause Young (Allocation Failure)
[4150.243s][info][gc,heap        ] GC(931) PSYoungGen: 2627232K(2638336K)->143488K(2637824K) Eden: 2482176K(2482176K)->0K(2483712K) From: 145056K(156160K)->143488K(154112K)
[4150.243s][info][gc,heap        ] GC(931) ParOldGen: 1327867K(4620800K)->1420083K(4620800K)
[4150.243s][info][gc,metaspace   ] GC(931) Metaspace: 29095K(29504K)->29095K(29504K) NonClass: 24203K(24384K)->24203K(24384K) Class: 4892K(5120K)->4892K(5120K)
[4150.243s][info][gc             ] GC(931) Pause Young (Allocation Failure) 3862M->1526M(7088M) 93.315ms
[4150.243s][info][gc,cpu         ] GC(931) User=0.55s Sys=0.00s Real=0.09s
...[4153.483s][info][gc,start       ] GC(932) Pause Young (Allocation Failure)
[4153.578s][info][gc,heap        ] GC(932) PSYoungGen: 2627200K(2637824K)->140224K(2638848K) Eden: 2483712K(2483712K)->0K(2483712K) From: 143488K(154112K)->140224K(155136K)
[4153.578s][info][gc,heap        ] GC(932) ParOldGen: 1420083K(4620800K)->1511915K(4620800K)
[4153.578s][info][gc,metaspace   ] GC(932) Metaspace: 29095K(29504K)->29095K(29504K) NonClass: 24203K(24384K)->24203K(24384K) Class: 4892K(5120K)->4892K(5120K)
[4153.578s][info][gc             ] GC(932) Pause Young (Allocation Failure) 3952M->1613M(7089M) 94.930ms
[4153.578s][info][gc,cpu         ] GC(932) User=0.56s Sys=0.00s Real=0.10s
...[4156.799s][info][gc,start       ] GC(933) Pause Young (Allocation Failure)
[4156.890s][info][gc,heap        ] GC(933) PSYoungGen: 2623936K(2638848K)->138720K(2639872K) Eden: 2483712K(2483712K)->0K(2486784K) From: 140224K(155136K)->138720K(153088K)
[4156.890s][info][gc,heap        ] GC(933) ParOldGen: 1511915K(4620800K)->1603443K(4620800K)
[4156.890s][info][gc,metaspace   ] GC(933) Metaspace: 29095K(29504K)->29095K(29504K) NonClass: 24203K(24384K)->24203K(24384K) Class: 4892K(5120K)->4892K(5120K)
[4156.890s][info][gc             ] GC(933) Pause Young (Allocation Failure) 4038M->1701M(7090M) 90.536ms
[4156.890s][info][gc,cpu         ] GC(933) User=0.54s Sys=0.00s Real=0.09s
....[4160.146s][info][gc,start       ] GC(934) Pause Young (Allocation Failure)
[4160.240s][info][gc,heap        ] GC(934) PSYoungGen: 2625504K(2639872K)->144288K(2640384K) Eden: 2486784K(2486784K)->0K(2486784K) From: 138720K(153088K)->144288K(153600K)
[4160.240s][info][gc,heap        ] GC(934) ParOldGen: 1603443K(4620800K)->1694171K(4620800K)
[4160.240s][info][gc,metaspace   ] GC(934) Metaspace: 29095K(29504K)->29095K(29504K) NonClass: 24203K(24384K)->24203K(24384K) Class: 4892K(5120K)->4892K(5120K)
[4160.240s][info][gc             ] GC(934) Pause Young (Allocation Failure) 4129M->1795M(7091M) 93.999ms
[4160.240s][info][gc,cpu         ] GC(934) User=0.56s Sys=0.00s Real=0.10s
...[4163.460s][info][gc,start       ] GC(935) Pause Young (Allocation Failure)
[4163.553s][info][gc,heap        ] GC(935) PSYoungGen: 2631072K(2640384K)->138020K(2641408K) Eden: 2486784K(2486784K)->0K(2488832K) From: 144288K(153600K)->138020K(152576K)
[4163.553s][info][gc,heap        ] GC(935) ParOldGen: 1694171K(4620800K)->1786803K(4620800K)
[4163.553s][info][gc,metaspace   ] GC(935) Metaspace: 29095K(29504K)->29095K(29504K) NonClass: 24203K(24384K)->24203K(24384K) Class: 4892K(5120K)->4892K(5120K)
[4163.553s][info][gc             ] GC(935) Pause Young (Allocation Failure) 4223M->1879M(7092M) 93.257ms
[4163.553s][info][gc,cpu         ] GC(935) User=0.55s Sys=0.00s Real=0.09s
...[4166.815s][info][gc,start       ] GC(936) Pause Young (Allocation Failure)
[4166.908s][info][gc,heap        ] GC(936) PSYoungGen: 2626852K(2641408K)->141024K(2641920K) Eden: 2488832K(2488832K)->0K(2488832K) From: 138020K(152576K)->141024K(153088K)
[4166.908s][info][gc,heap        ] GC(936) ParOldGen: 1786803K(4620800K)->1877635K(4620800K)
[4166.908s][info][gc,metaspace   ] GC(936) Metaspace: 29095K(29504K)->29095K(29504K) NonClass: 24203K(24384K)->24203K(24384K) Class: 4892K(5120K)->4892K(5120K)
[4166.908s][info][gc             ] GC(936) Pause Young (Allocation Failure) 4310M->1971M(7092M) 93.003ms
[4166.908s][info][gc,cpu         ] GC(936) User=0.55s Sys=0.00s Real=0.10s
.. (rIR:aIR:PR = 6088:6091:6091) (tPR = 91019) [OK] 
  4167s: Performance info:
         Transaction,    Success,    Partial,     Failed,   Receipts, AvgBarcode, 
             Overall,     367204,          0,          0,     348863,      59.48, 
         Response times:
             Request,    Success,    Partial,     Failed,   SkipFail,     Probes,    Samples,      min,      p50,      p90,      p95,      p99,      max, 
       TotalPurchase,     348863,          0,          0,          0,     338216,     382973,      300,     4500,     8500,    18900,   112000,   274000,
     InStorePurchase,     183608,          0,          0,          0,     178261,     201547,      300,     4600,     8600,    19500,    66000,   274000,
      OnlinePurchase,     128560,          0,          0,          0,     124630,     141109,      300,     4200,     8500,    18400,   205000,   272000,
        InstPurchase,      36695,          0,          0,          0,      35325,      40317,      400,     4600,     8400,    18600,    93000,   200000,
          AssocOfCat,        365,          0,          0,          0,        294,        371,    17500,    31000,    46000,    65400,   239360,   276000,
      AssocOfProduct,       3670,          0,          0,          0,       3410,       4061,      700,     4400,     9400,    26900,   109380,   270000,
      BusinessReport,        919,          0,          0,          0,        799,       1009,    23000,    37000,    58000,    78000,   219900,   860000,
          CustBuyBeh,       3656,          0,          0,          0,       3402,       4005,      400,     4700,     8500,    20520,   169000,   276000,
       ProductReturn,       9731,          0,          0,          0,       9297,      10785,      200,     3300,     7600,    14270,   144140,   218000,

  4167s: (45%)   IR =   6227 ..[4170.097s][info][gc,start       ] GC(937) Pause Young (Allocation Failure)
[4170.191s][info][gc,heap        ] GC(937) PSYoungGen: 2629856K(2641920K)->143648K(2642432K) Eden: 2488832K(2488832K)->0K(2490880K) From: 141024K(153088K)->143648K(151552K)
[4170.191s][info][gc,heap        ] GC(937) ParOldGen: 1877635K(4620800K)->1969683K(4620800K)
[4170.191s][info][gc,metaspace   ] GC(937) Metaspace: 29096K(29504K)->29096K(29504K) NonClass: 24204K(24384K)->24204K(24384K) Class: 4892K(5120K)->4892K(5120K)
[4170.191s][info][gc             ] GC(937) Pause Young (Allocation Failure) 4401M->2063M(7093M) 93.803ms
[4170.191s][info][gc,cpu         ] GC(937) User=0.56s Sys=0.00s Real=0.10s
...|[4173.327s][info][gc,start       ] GC(938) Pause Young (Allocation Failure)
[4173.425s][info][gc,heap        ] GC(938) PSYoungGen: 2634528K(2642432K)->147461K(2642432K) Eden: 2490880K(2490880K)->0K(2490880K) From: 143648K(151552K)->147461K(151552K)
[4173.425s][info][gc,heap        ] GC(938) ParOldGen: 1969683K(4620800K)->2063027K(4620800K)
[4173.425s][info][gc,metaspace   ] GC(938) Metaspace: 29096K(29504K)->29096K(29504K) NonClass: 24204K(24384K)->24204K(24384K) Class: 4892K(5120K)->4892K(5120K)
[4173.425s][info][gc             ] GC(938) Pause Young (Allocation Failure) 4496M->2158M(7093M) 98.127ms
[4173.425s][info][gc,cpu         ] GC(938) User=0.58s Sys=0.00s Real=0.10s
...[4176.603s][info][gc,start       ] GC(939) Pause Young (Allocation Failure)
[4176.700s][info][gc,heap        ] GC(939) PSYoungGen: 2638341K(2642432K)->148016K(2640896K) Eden: 2490880K(2490880K)->0K(2487808K) From: 147461K(151552K)->148016K(153088K)
[4176.700s][info][gc,heap        ] GC(939) ParOldGen: 2063027K(4620800K)->2154291K(4620800K)
[4176.700s][info][gc,metaspace   ] GC(939) Metaspace: 29096K(29504K)->29096K(29504K) NonClass: 24204K(24384K)->24204K(24384K) Class: 4892K(5120K)->4892K(5120K)
[4176.700s][info][gc             ] GC(939) Pause Young (Allocation Failure) 4591M->2248M(7091M) 96.815ms
[4176.700s][info][gc,cpu         ] GC(939) User=0.58s Sys=0.00s Real=0.10s
...[4179.821s][info][gc,start       ] GC(940) Pause Young (Allocation Failure)
[4179.914s][info][gc,heap        ] GC(940) PSYoungGen: 2635824K(2640896K)->139104K(2641920K) Eden: 2487808K(2487808K)->0K(2487808K) From: 148016K(153088K)->139104K(154112K)
[4179.914s][info][gc,heap        ] GC(940) ParOldGen: 2154291K(4620800K)->2246635K(4620800K)
[4179.914s][info][gc,metaspace   ] GC(940) Metaspace: 29096K(29504K)->29096K(29504K) NonClass: 24204K(24384K)->24204K(24384K) Class: 4892K(5120K)->4892K(5120K)
[4179.914s][info][gc             ] GC(940) Pause Young (Allocation Failure) 4677M->2329M(7092M) 92.307ms
[4179.914s][info][gc,cpu         ] GC(940) User=0.55s Sys=0.00s Real=0.09s
....[4183.140s][info][gc,start       ] GC(941) Pause Young (Allocation Failure)
[4183.235s][info][gc,heap        ] GC(941) PSYoungGen: 2626912K(2641920K)->147392K(2641408K) Eden: 2487808K(2487808K)->0K(2487808K) From: 139104K(154112K)->147392K(153600K)
[4183.235s][info][gc,heap        ] GC(941) ParOldGen: 2246635K(4620800K)->2337635K(4620800K)
[4183.235s][info][gc,metaspace   ] GC(941) Metaspace: 29096K(29504K)->29096K(29504K) NonClass: 24204K(24384K)->24204K(24384K) Class: 4892K(5120K)->4892K(5120K)
[4183.235s][info][gc             ] GC(941) Pause Young (Allocation Failure) 4759M->2426M(7092M) 94.952ms
[4183.235s][info][gc,cpu         ] GC(941) User=0.57s Sys=0.00s Real=0.09s
...[4186.385s][info][gc,start       ] GC(942) Pause Young (Allocation Failure)
[4186.480s][info][gc,heap        ] GC(942) PSYoungGen: 2635200K(2641408K)->140148K(2641920K) Eden: 2487808K(2487808K)->0K(2487808K) From: 147392K(153600K)->140148K(154112K)
[4186.480s][info][gc,heap        ] GC(942) ParOldGen: 2337635K(4620800K)->2431019K(4620800K)
[4186.480s][info][gc,metaspace   ] GC(942) Metaspace: 29096K(29504K)->29096K(29504K) NonClass: 24204K(24384K)->24204K(24384K) Class: 4892K(5120K)->4892K(5120K)
[4186.480s][info][gc             ] GC(942) Pause Young (Allocation Failure) 4856M->2510M(7092M) 94.774ms
[4186.480s][info][gc,cpu         ] GC(942) User=0.57s Sys=0.00s Real=0.10s
...[4189.681s][info][gc,start       ] GC(943) Pause Young (Allocation Failure)
[4189.775s][info][gc,heap        ] GC(943) PSYoungGen: 2627956K(2641920K)->141024K(2640896K) Eden: 2487808K(2487808K)->0K(2488320K) From: 140148K(154112K)->141024K(152576K)
[4189.775s][info][gc,heap        ] GC(943) ParOldGen: 2431019K(4620800K)->2522627K(4620800K)
[4189.775s][info][gc,metaspace   ] GC(943) Metaspace: 29096K(29504K)->29096K(29504K) NonClass: 24204K(24384K)->24204K(24384K) Class: 4892K(5120K)->4892K(5120K)
[4189.775s][info][gc             ] GC(943) Pause Young (Allocation Failure) 4940M->2601M(7091M) 94.351ms
[4189.775s][info][gc,cpu         ] GC(943) User=0.56s Sys=0.00s Real=0.09s
...[4192.924s][info][gc,start       ] GC(944) Pause Young (Allocation Failure)
[4193.020s][info][gc,heap        ] GC(944) PSYoungGen: 2629344K(2640896K)->144864K(2641408K) Eden: 2488320K(2488320K)->0K(2488320K) From: 141024K(152576K)->144864K(153088K)
[4193.020s][info][gc,heap        ] GC(944) ParOldGen: 2522627K(4620800K)->2615171K(4620800K)
[4193.020s][info][gc,metaspace   ] GC(944) Metaspace: 29096K(29504K)->29096K(29504K) NonClass: 24204K(24384K)->24204K(24384K) Class: 4892K(5120K)->4892K(5120K)
[4193.020s][info][gc             ] GC(944) Pause Young (Allocation Failure) 5031M->2695M(7092M) 96.254ms
[4193.020s][info][gc,cpu         ] GC(944) User=0.57s Sys=0.00s Real=0.10s
....[4196.176s][info][gc,start       ] GC(945) Pause Young (Allocation Failure)
[4196.270s][info][gc,heap        ] GC(945) PSYoungGen: 2633184K(2641408K)->142848K(2640896K) Eden: 2488320K(2488320K)->0K(2490368K) From: 144864K(153088K)->142848K(150528K)
[4196.270s][info][gc,heap        ] GC(945) ParOldGen: 2615171K(4620800K)->2707539K(4620800K)
[4196.270s][info][gc,metaspace   ] GC(945) Metaspace: 29096K(29504K)->29096K(29504K) NonClass: 24204K(24384K)->24204K(24384K) Class: 4892K(5120K)->4892K(5120K)
[4196.270s][info][gc             ] GC(945) Pause Young (Allocation Failure) 5125M->2783M(7091M) 93.948ms
[4196.270s][info][gc,cpu         ] GC(945) User=0.56s Sys=0.00s Real=0.10s
...[4199.428s][info][gc,start       ] GC(946) Pause Young (Allocation Failure)
[4199.521s][info][gc,heap        ] GC(946) PSYoungGen: 2633216K(2640896K)->138240K(2641920K) Eden: 2490368K(2490368K)->0K(2490368K) From: 142848K(150528K)->138240K(151552K)
[4199.521s][info][gc,heap        ] GC(946) ParOldGen: 2707539K(4620800K)->2798699K(4620800K)
[4199.521s][info][gc,metaspace   ] GC(946) Metaspace: 29096K(29504K)->29096K(29504K) NonClass: 24204K(24384K)->24204K(24384K) Class: 4892K(5120K)->4892K(5120K)
[4199.521s][info][gc             ] GC(946) Pause Young (Allocation Failure) 5215M->2868M(7092M) 93.111ms
[4199.521s][info][gc,cpu         ] GC(946) User=0.55s Sys=0.01s Real=0.09s
...[4202.683s][info][gc,start       ] GC(947) Pause Young (Allocation Failure)
[4202.781s][info][gc,heap        ] GC(947) PSYoungGen: 2628608K(2641920K)->144868K(2644480K) Eden: 2490368K(2490368K)->0K(2492928K) From: 138240K(151552K)->144868K(151552K)
[4202.781s][info][gc,heap        ] GC(947) ParOldGen: 2798699K(4620800K)->2890723K(4620800K)
[4202.781s][info][gc,metaspace   ] GC(947) Metaspace: 29096K(29504K)->29096K(29504K) NonClass: 24204K(24384K)->24204K(24384K) Class: 4892K(5120K)->4892K(5120K)
[4202.781s][info][gc             ] GC(947) Pause Young (Allocation Failure) 5300M->2964M(7095M) 97.596ms
[4202.781s][info][gc,cpu         ] GC(947) User=0.58s Sys=0.00s Real=0.10s
...[4205.975s][info][gc,start       ] GC(948) Pause Young (Allocation Failure)
[4206.071s][info][gc,heap        ] GC(948) PSYoungGen: 2637796K(2644480K)->147904K(2640896K) Eden: 2492928K(2492928K)->0K(2492928K) From: 144868K(151552K)->147904K(147968K)
[4206.071s][info][gc,heap        ] GC(948) ParOldGen: 2890723K(4620800K)->2982075K(4620800K)
[4206.071s][info][gc,metaspace   ] GC(948) Metaspace: 29096K(29504K)->29096K(29504K) NonClass: 24204K(24384K)->24204K(24384K) Class: 4892K(5120K)->4892K(5120K)
[4206.071s][info][gc             ] GC(948) Pause Young (Allocation Failure) 5398M->3056M(7091M) 95.989ms
[4206.071s][info][gc,cpu         ] GC(948) User=0.57s Sys=0.00s Real=0.10s
....[4209.235s][info][gc,start       ] GC(949) Pause Young (Allocation Failure)
[4209.335s][info][gc,heap        ] GC(949) PSYoungGen: 2640832K(2640896K)->148373K(2641408K) Eden: 2492928K(2492928K)->0K(2488832K) From: 147904K(147968K)->148373K(152576K)
[4209.335s][info][gc,heap        ] GC(949) ParOldGen: 2982075K(4620800K)->3075091K(4620800K)
[4209.335s][info][gc,metaspace   ] GC(949) Metaspace: 29096K(29504K)->29096K(29504K) NonClass: 24204K(24384K)->24204K(24384K) Class: 4892K(5120K)->4892K(5120K)
[4209.335s][info][gc             ] GC(949) Pause Young (Allocation Failure) 5491M->3147M(7092M) 99.438ms
[4209.335s][info][gc,cpu         ] GC(949) User=0.58s Sys=0.00s Real=0.10s
...[4212.451s][info][gc,start       ] GC(950) Pause Young (Allocation Failure)
[4212.543s][info][gc,heap        ] GC(950) PSYoungGen: 2637205K(2641408K)->137920K(2642432K) Eden: 2488832K(2488832K)->0K(2488832K) From: 148373K(152576K)->137920K(153600K)
[4212.543s][info][gc,heap        ] GC(950) ParOldGen: 3075091K(4620800K)->3166331K(4620800K)
[4212.543s][info][gc,metaspace   ] GC(950) Metaspace: 29096K(29504K)->29096K(29504K) NonClass: 24204K(24384K)->24204K(24384K) Class: 4892K(5120K)->4892K(5120K)
[4212.543s][info][gc             ] GC(950) Pause Young (Allocation Failure) 5578M->3226M(7093M) 91.957ms
[4212.543s][info][gc,cpu         ] GC(950) User=0.55s Sys=0.00s Real=0.09s
...[4215.748s][info][gc,start       ] GC(951) Pause Young (Allocation Failure)
[4215.847s][info][gc,heap        ] GC(951) PSYoungGen: 2626752K(2642432K)->147557K(2641408K) Eden: 2488832K(2488832K)->0K(2487808K) From: 137920K(153600K)->147557K(153600K)
[4215.847s][info][gc,heap        ] GC(951) ParOldGen: 3166331K(4620800K)->3257187K(4620800K)
[4215.847s][info][gc,metaspace   ] GC(951) Metaspace: 29096K(29504K)->29096K(29504K) NonClass: 24204K(24384K)->24204K(24384K) Class: 4892K(5120K)->4892K(5120K)
[4215.847s][info][gc             ] GC(951) Pause Young (Allocation Failure) 5657M->3324M(7092M) 98.865ms
[4215.847s][info][gc,cpu         ] GC(951) User=0.59s Sys=0.00s Real=0.09s
...[4219.029s][info][gc,start       ] GC(952) Pause Young (Allocation Failure)
[4219.124s][info][gc,heap        ] GC(952) PSYoungGen: 2635365K(2641408K)->144512K(2641920K) Eden: 2487808K(2487808K)->0K(2487808K) From: 147557K(153600K)->144512K(154112K)
[4219.124s][info][gc,heap        ] GC(952) ParOldGen: 3257187K(4620800K)->3349179K(4620800K)
[4219.124s][info][gc,metaspace   ] GC(952) Metaspace: 29096K(29504K)->29096K(29504K) NonClass: 24204K(24384K)->24204K(24384K) Class: 4892K(5120K)->4892K(5120K)
[4219.124s][info][gc             ] GC(952) Pause Young (Allocation Failure) 5754M->3411M(7092M) 94.907ms
[4219.124s][info][gc,cpu         ] GC(952) User=0.57s Sys=0.00s Real=0.09s
....[4222.272s][info][gc,start       ] GC(953) Pause Young (Allocation Failure)
[4222.369s][info][gc,heap        ] GC(953) PSYoungGen: 2632320K(2641920K)->144037K(2640896K) Eden: 2487808K(2487808K)->0K(2488320K) From: 144512K(154112K)->144037K(152576K)
[4222.369s][info][gc,heap        ] GC(953) ParOldGen: 3349179K(4620800K)->3441955K(4620800K)
[4222.369s][info][gc,metaspace   ] GC(953) Metaspace: 29096K(29504K)->29096K(29504K) NonClass: 24204K(24384K)->24204K(24384K) Class: 4892K(5120K)->4892K(5120K)
[4222.369s][info][gc             ] GC(953) Pause Young (Allocation Failure) 5841M->3501M(7091M) 96.764ms
[4222.369s][info][gc,cpu         ] GC(953) User=0.57s Sys=0.01s Real=0.10s
...[4225.506s][info][gc,start       ] GC(954) Pause Young (Allocation Failure)
[4225.598s][info][gc,heap        ] GC(954) PSYoungGen: 2632357K(2640896K)->137248K(2641408K) Eden: 2488320K(2488320K)->0K(2488320K) From: 144037K(152576K)->137248K(153088K)
[4225.598s][info][gc,heap        ] GC(954) ParOldGen: 3441955K(4620800K)->3533635K(4620800K)
[4225.598s][info][gc,metaspace   ] GC(954) Metaspace: 29096K(29504K)->29096K(29504K) NonClass: 24204K(24384K)->24204K(24384K) Class: 4892K(5120K)->4892K(5120K)
[4225.598s][info][gc             ] GC(954) Pause Young (Allocation Failure) 5931M->3584M(7092M) 92.122ms
[4225.598s][info][gc,cpu         ] GC(954) User=0.55s Sys=0.00s Real=0.10s
...[4228.764s][info][gc,start       ] GC(955) Pause Young (Allocation Failure)
[4228.858s][info][gc,heap        ] GC(955) PSYoungGen: 2625568K(2641408K)->142560K(2640896K) Eden: 2488320K(2488320K)->0K(2489856K) From: 137248K(153088K)->142560K(151040K)
[4228.858s][info][gc,heap        ] GC(955) ParOldGen: 3533635K(4620800K)->3624387K(4620800K)
[4228.858s][info][gc,metaspace   ] GC(955) Metaspace: 29096K(29504K)->29096K(29504K) NonClass: 24204K(24384K)->24204K(24384K) Class: 4892K(5120K)->4892K(5120K)
[4228.858s][info][gc             ] GC(955) Pause Young (Allocation Failure) 6014M->3678M(7091M) 94.745ms
[4228.859s][info][gc,cpu         ] GC(955) User=0.57s Sys=0.00s Real=0.10s
...[4232.018s][info][gc,start       ] GC(956) Pause Young (Allocation Failure)
[4232.118s][info][gc,heap        ] GC(956) PSYoungGen: 2632416K(2640896K)->148836K(2641920K) Eden: 2489856K(2489856K)->0K(2489856K) From: 142560K(151040K)->148836K(152064K)
[4232.118s][info][gc,heap        ] GC(956) ParOldGen: 3624387K(4620800K)->3716843K(4620800K)
[4232.118s][info][gc,metaspace   ] GC(956) Metaspace: 29096K(29504K)->29096K(29504K) NonClass: 24204K(24384K)->24204K(24384K) Class: 4892K(5120K)->4892K(5120K)
[4232.118s][info][gc             ] GC(956) Pause Young (Allocation Failure) 6110M->3775M(7092M) 99.678ms
[4232.118s][info][gc,cpu         ] GC(956) User=0.60s Sys=0.00s Real=0.10s
.. (rIR:aIR:PR = 6227:6224:6224) (tPR = 92005) [OK] 
  4233s: Performance info:
         Transaction,    Success,    Partial,     Failed,   Receipts, AvgBarcode, 
             Overall,     374345,          0,          0,     355628,      59.47, 
         Response times:
             Request,    Success,    Partial,     Failed,   SkipFail,     Probes,    Samples,      min,      p50,      p90,      p95,      p99,      max, 
       TotalPurchase,     355628,          0,          0,          0,     350001,     379528,      300,     4500,     8200,    11600,    40000,   142000,
     InStorePurchase,     187132,          0,          0,          0,     184476,     199753,      300,     4700,     8300,    12000,    40000,   137000,
      OnlinePurchase,     131015,          0,          0,          0,     128902,     139765,      300,     4600,     8200,    11500,    40000,   142000,
        InstPurchase,      37481,          0,          0,          0,      36623,      40010,      400,     3800,     7700,    10300,    37000,   128000,
          AssocOfCat,        373,          0,          0,          0,        300,        396,    18000,    30000,    40000,    52150,   139090,   162000,
      AssocOfProduct,       3758,          0,          0,          0,       3521,       3994,      500,     4000,     8100,    12325,    40000,   112000,
      BusinessReport,        932,          0,          0,          0,        806,        953,    23000,    37000,    54000,    65000,   136460,   161000,
          CustBuyBeh,       3740,          0,          0,          0,       3486,       3992,      500,     3600,     7200,    11000,    34000,   142000,
       ProductReturn,       9914,          0,          0,          0,       9422,      10437,      300,     3500,     8200,    11100,    39000,   114000,

  4233s: (46%)   IR =   6365 .[4235.242s][info][gc,start       ] GC(957) Pause Young (Allocation Failure)
[4235.337s][info][gc,heap        ] GC(957) PSYoungGen: 2638692K(2641920K)->136864K(2642432K) Eden: 2489856K(2489856K)->0K(2488832K) From: 148836K(152064K)->136864K(153600K)
[4235.337s][info][gc,heap        ] GC(957) ParOldGen: 3716843K(4620800K)->3809147K(4620800K)
[4235.337s][info][gc,metaspace   ] GC(957) Metaspace: 29096K(29504K)->29096K(29504K) NonClass: 24204K(24384K)->24204K(24384K) Class: 4892K(5120K)->4892K(5120K)
[4235.337s][info][gc             ] GC(957) Pause Young (Allocation Failure) 6206M->3853M(7093M) 94.856ms
[4235.337s][info][gc,cpu         ] GC(957) User=0.56s Sys=0.00s Real=0.09s
....[4238.436s][info][gc,start       ] GC(958) Pause Young (Allocation Failure)
[4238.533s][info][gc,heap        ] GC(958) PSYoungGen: 2625696K(2642432K)->139447K(2628608K) Eden: 2488832K(2488832K)->0K(2488832K) From: 136864K(153600K)->139447K(139776K)
[4238.533s][info][gc,heap        ] GC(958) ParOldGen: 3809147K(4620800K)->3901379K(4620800K)
[4238.533s][info][gc,metaspace   ] GC(958) Metaspace: 29096K(29504K)->29096K(29504K) NonClass: 24204K(24384K)->24204K(24384K) Class: 4892K(5120K)->4892K(5120K)
[4238.533s][info][gc             ] GC(958) Pause Young (Allocation Failure) 6284M->3946M(7079M) 97.012ms
[4238.533s][info][gc,cpu         ] GC(958) User=0.57s Sys=0.00s Real=0.10s
.|..[4241.614s][info][gc,start       ] GC(959) Pause Young (Allocation Failure)
[4241.710s][info][gc,heap        ] GC(959) PSYoungGen: 2628279K(2628608K)->142931K(2642944K) Eden: 2488832K(2488832K)->0K(2489856K) From: 139447K(139776K)->142931K(153088K)
[4241.710s][info][gc,heap        ] GC(959) ParOldGen: 3901379K(4620800K)->3993939K(4620800K)
[4241.710s][info][gc,metaspace   ] GC(959) Metaspace: 29096K(29504K)->29096K(29504K) NonClass: 24204K(24384K)->24204K(24384K) Class: 4892K(5120K)->4892K(5120K)
[4241.710s][info][gc             ] GC(959) Pause Young (Allocation Failure) 6376M->4039M(7093M) 96.264ms
[4241.710s][info][gc,cpu         ] GC(959) User=0.57s Sys=0.00s Real=0.10s
...[4244.814s][info][gc,start       ] GC(960) Pause Young (Allocation Failure)
[4244.907s][info][gc,heap        ] GC(960) PSYoungGen: 2632787K(2642944K)->140576K(2641920K) Eden: 2489856K(2489856K)->0K(2489856K) From: 142931K(153088K)->140576K(152064K)
[4244.907s][info][gc,heap        ] GC(960) ParOldGen: 3993939K(4620800K)->4085043K(4620800K)
[4244.907s][info][gc,metaspace   ] GC(960) Metaspace: 29096K(29504K)->29096K(29504K) NonClass: 24204K(24384K)->24204K(24384K) Class: 4892K(5120K)->4892K(5120K)
[4244.907s][info][gc             ] GC(960) Pause Young (Allocation Failure) 6471M->4126M(7092M) 93.618ms
[4244.907s][info][gc,cpu         ] GC(960) User=0.56s Sys=0.00s Real=0.09s
...[4247.977s][info][gc,start       ] GC(961) Pause Young (Allocation Failure)
[4248.071s][info][gc,heap        ] GC(961) PSYoungGen: 2630432K(2641920K)->141312K(2642944K) Eden: 2489856K(2489856K)->0K(2491392K) From: 140576K(152064K)->141312K(151552K)
[4248.071s][info][gc,heap        ] GC(961) ParOldGen: 4085043K(4620800K)->4177291K(4620800K)
[4248.071s][info][gc,metaspace   ] GC(961) Metaspace: 29096K(29504K)->29096K(29504K) NonClass: 24204K(24384K)->24204K(24384K) Class: 4892K(5120K)->4892K(5120K)
[4248.071s][info][gc             ] GC(961) Pause Young (Allocation Failure) 6558M->4217M(7093M) 94.129ms
[4248.071s][info][gc,cpu         ] GC(961) User=0.56s Sys=0.00s Real=0.10s
...[4251.138s][info][gc,start       ] GC(962) Pause Young (Allocation Failure)
[4251.232s][info][gc,heap        ] GC(962) PSYoungGen: 2632704K(2642944K)->142752K(2642432K) Eden: 2491392K(2491392K)->0K(2491392K) From: 141312K(151552K)->142752K(151040K)
[4251.232s][info][gc,heap        ] GC(962) ParOldGen: 4177291K(4620800K)->4268531K(4620800K)
[4251.232s][info][gc,metaspace   ] GC(962) Metaspace: 29096K(29504K)->29096K(29504K) NonClass: 24204K(24384K)->24204K(24384K) Class: 4892K(5120K)->4892K(5120K)
[4251.232s][info][gc             ] GC(962) Pause Young (Allocation Failure) 6650M->4307M(7093M) 94.070ms
[4251.232s][info][gc,cpu         ] GC(962) User=0.56s Sys=0.00s Real=0.09s
...[4254.344s][info][gc,start       ] GC(963) Pause Young (Allocation Failure)
[4254.439s][info][gc,heap        ] GC(963) PSYoungGen: 2634144K(2642432K)->137600K(2642944K) Eden: 2491392K(2491392K)->0K(2492928K) From: 142752K(151040K)->137600K(150016K)
[4254.439s][info][gc,heap        ] GC(963) ParOldGen: 4268531K(4620800K)->4359115K(4620800K)
[4254.439s][info][gc,metaspace   ] GC(963) Metaspace: 29096K(29504K)->29096K(29504K) NonClass: 24204K(24384K)->24204K(24384K) Class: 4892K(5120K)->4892K(5120K)
[4254.439s][info][gc             ] GC(963) Pause Young (Allocation Failure) 6740M->4391M(7093M) 94.582ms
[4254.439s][info][gc,cpu         ] GC(963) User=0.56s Sys=0.00s Real=0.10s
....[4257.532s][info][gc,start       ] GC(964) Pause Young (Allocation Failure)
[4257.626s][info][gc,heap        ] GC(964) PSYoungGen: 2630528K(2642944K)->139104K(2643456K) Eden: 2492928K(2492928K)->0K(2492928K) From: 137600K(150016K)->139104K(150528K)
[4257.626s][info][gc,heap        ] GC(964) ParOldGen: 4359115K(4620800K)->4450955K(4620800K)
[4257.626s][info][gc,metaspace   ] GC(964) Metaspace: 29096K(29504K)->29096K(29504K) NonClass: 24204K(24384K)->24204K(24384K) Class: 4892K(5120K)->4892K(5120K)
[4257.626s][info][gc             ] GC(964) Pause Young (Allocation Failure) 6825M->4482M(7094M) 93.968ms
[4257.626s][info][gc,cpu         ] GC(964) User=0.55s Sys=0.00s Real=0.09s
...[4260.747s][info][gc,start       ] GC(965) Pause Young (Allocation Failure)
[4260.848s][info][gc,heap        ] GC(965) PSYoungGen: 2632032K(2643456K)->149993K(2572288K) Eden: 2492928K(2492928K)->0K(2422272K) From: 139104K(150528K)->149993K(150016K)
[4260.848s][info][gc,heap        ] GC(965) ParOldGen: 4450955K(4620800K)->4544555K(4620800K)
[4260.848s][info][gc,metaspace   ] GC(965) Metaspace: 29096K(29504K)->29096K(29504K) NonClass: 24204K(24384K)->24204K(24384K) Class: 4892K(5120K)->4892K(5120K)
[4260.848s][info][gc             ] GC(965) Pause Young (Allocation Failure) 6916M->4584M(7024M) 101.483ms
[4260.848s][info][gc,cpu         ] GC(965) User=0.60s Sys=0.01s Real=0.11s
...[4263.805s][info][gc,start       ] GC(966) Pause Young (Allocation Failure)
[4263.905s][info][gc,heap        ] GC(966) PSYoungGen: 2572265K(2572288K)->146148K(2609152K) Eden: 2422272K(2422272K)->0K(2422272K) From: 149993K(150016K)->146148K(186880K)
[4263.906s][info][gc,heap        ] GC(966) ParOldGen: 4544555K(4620800K)->4637363K(4637696K)
[4263.906s][info][gc,metaspace   ] GC(966) Metaspace: 29096K(29504K)->29096K(29504K) NonClass: 24204K(24384K)->24204K(24384K) Class: 4892K(5120K)->4892K(5120K)
[4263.906s][info][gc             ] GC(966) Pause Young (Allocation Failure) 6950M->4671M(7077M) 100.498ms
[4263.906s][info][gc,cpu         ] GC(966) User=0.58s Sys=0.01s Real=0.10s
...[4266.928s][info][gc,start       ] GC(967) Pause Young (Allocation Failure)
[4267.029s][info][gc,heap        ] GC(967) PSYoungGen: 2568420K(2609152K)->144100K(2602496K) Eden: 2422272K(2422272K)->0K(2424832K) From: 146148K(186880K)->144100K(177664K)
[4267.029s][info][gc,heap        ] GC(967) ParOldGen: 4637363K(4637696K)->4726971K(4727296K)
[4267.029s][info][gc,metaspace   ] GC(967) Metaspace: 29096K(29504K)->29096K(29504K) NonClass: 24204K(24384K)->24204K(24384K) Class: 4892K(5120K)->4892K(5120K)
[4267.029s][info][gc             ] GC(967) Pause Young (Allocation Failure) 7036M->4756M(7158M) 100.999ms
[4267.029s][info][gc,cpu         ] GC(967) User=0.57s Sys=0.03s Real=0.10s
...[4269.991s][info][gc,start       ] GC(968) Pause Young (Allocation Failure)
[4270.091s][info][gc,heap        ] GC(968) PSYoungGen: 2568932K(2602496K)->143136K(2607104K) Eden: 2424832K(2424832K)->0K(2424832K) From: 144100K(177664K)->143136K(182272K)
[4270.091s][info][gc,heap        ] GC(968) ParOldGen: 4726971K(4727296K)->4818755K(4818944K)
[4270.091s][info][gc,metaspace   ] GC(968) Metaspace: 29096K(29504K)->29096K(29504K) NonClass: 24204K(24384K)->24204K(24384K) Class: 4892K(5120K)->4892K(5120K)
[4270.091s][info][gc             ] GC(968) Pause Young (Allocation Failure) 7124M->4845M(7252M) 100.226ms
[4270.091s][info][gc,cpu         ] GC(968) User=0.56s Sys=0.03s Real=0.10s
...[4273.130s][info][gc,start       ] GC(969) Pause Young (Allocation Failure)
[4273.228s][info][gc,heap        ] GC(969) PSYoungGen: 2567968K(2607104K)->141344K(2608640K) Eden: 2424832K(2424832K)->0K(2433536K) From: 143136K(182272K)->141344K(175104K)
[4273.228s][info][gc,heap        ] GC(969) ParOldGen: 4818755K(4818944K)->4908819K(4909056K)
[4273.228s][info][gc,metaspace   ] GC(969) Metaspace: 29096K(29504K)->29096K(29504K) NonClass: 24204K(24384K)->24204K(24384K) Class: 4892K(5120K)->4892K(5120K)
[4273.228s][info][gc             ] GC(969) Pause Young (Allocation Failure) 7213M->4931M(7341M) 98.305ms
[4273.228s][info][gc,cpu         ] GC(969) User=0.55s Sys=0.03s Real=0.10s
...[4276.223s][info][gc,start       ] GC(970) Pause Young (Allocation Failure)
[4276.324s][info][gc,heap        ] GC(970) PSYoungGen: 2574880K(2608640K)->135541K(2612224K) Eden: 2433536K(2433536K)->0K(2433536K) From: 141344K(175104K)->135541K(178688K)
[4276.324s][info][gc,heap        ] GC(970) ParOldGen: 4908819K(4909056K)->4999883K(5000192K)
[4276.324s][info][gc,metaspace   ] GC(970) Metaspace: 29096K(29504K)->29096K(29504K) NonClass: 24204K(24384K)->24204K(24384K) Class: 4892K(5120K)->4892K(5120K)
[4276.324s][info][gc             ] GC(970) Pause Young (Allocation Failure) 7308M->5015M(7434M) 101.830ms
[4276.324s][info][gc,cpu         ] GC(970) User=0.57s Sys=0.03s Real=0.10s
...[4279.343s][info][gc,start       ] GC(971) Pause Young (Allocation Failure)
[4279.444s][info][gc,heap        ] GC(971) PSYoungGen: 2569077K(2612224K)->138656K(2613760K) Eden: 2433536K(2433536K)->0K(2439168K) From: 135541K(178688K)->138656K(174592K)
[4279.444s][info][gc,heap        ] GC(971) ParOldGen: 4999883K(5000192K)->5090451K(5090816K)
[4279.444s][info][gc,metaspace   ] GC(971) Metaspace: 29096K(29504K)->29096K(29504K) NonClass: 24204K(24384K)->24204K(24384K) Class: 4892K(5120K)->4892K(5120K)
[4279.444s][info][gc             ] GC(971) Pause Young (Allocation Failure) 7391M->5106M(7524M) 100.611ms
[4279.444s][info][gc,cpu         ] GC(971) User=0.57s Sys=0.03s Real=0.10s
....[4282.493s][info][gc,start       ] GC(972) Pause Young (Allocation Failure)
[4282.591s][info][gc,heap        ] GC(972) PSYoungGen: 2577824K(2613760K)->137728K(2615808K) Eden: 2439168K(2439168K)->0K(2439168K) From: 138656K(174592K)->137728K(176640K)
[4282.591s][info][gc,heap        ] GC(972) ParOldGen: 5090451K(5090816K)->5181131K(5181440K)
[4282.591s][info][gc,metaspace   ] GC(972) Metaspace: 29096K(29504K)->29096K(29504K) NonClass: 24204K(24384K)->24204K(24384K) Class: 4892K(5120K)->4892K(5120K)
[4282.591s][info][gc             ] GC(972) Pause Young (Allocation Failure) 7488M->5194M(7614M) 98.181ms
[4282.591s][info][gc,cpu         ] GC(972) User=0.56s Sys=0.03s Real=0.10s
...[4285.634s][info][gc,start       ] GC(973) Pause Young (Allocation Failure)
[4285.735s][info][gc,heap        ] GC(973) PSYoungGen: 2576896K(2615808K)->139380K(2615808K) Eden: 2439168K(2439168K)->0K(2444288K) From: 137728K(176640K)->139380K(171520K)
[4285.735s][info][gc,heap        ] GC(973) ParOldGen: 5181131K(5181440K)->5272659K(5273088K)
[4285.735s][info][gc,metaspace   ] GC(973) Metaspace: 29096K(29504K)->29096K(29504K) NonClass: 24204K(24384K)->24204K(24384K) Class: 4892K(5120K)->4892K(5120K)
[4285.735s][info][gc             ] GC(973) Pause Young (Allocation Failure) 7576M->5285M(7704M) 100.879ms
[4285.735s][info][gc,cpu         ] GC(973) User=0.56s Sys=0.03s Real=0.10s
...[4288.736s][info][gc,start       ] GC(974) Pause Young (Allocation Failure)
[4288.835s][info][gc,heap        ] GC(974) PSYoungGen: 2583668K(2615808K)->138272K(2617856K) Eden: 2444288K(2444288K)->0K(2444288K) From: 139380K(171520K)->138272K(173568K)
[4288.835s][info][gc,heap        ] GC(974) ParOldGen: 5272659K(5273088K)->5363859K(5364224K)
[4288.835s][info][gc,metaspace   ] GC(974) Metaspace: 29096K(29504K)->29096K(29504K) NonClass: 24204K(24384K)->24204K(24384K) Class: 4892K(5120K)->4892K(5120K)
[4288.835s][info][gc             ] GC(974) Pause Young (Allocation Failure) 7672M->5373M(7795M) 98.384ms
[4288.835s][info][gc,cpu         ] GC(974) User=0.56s Sys=0.02s Real=0.10s
...[4291.824s][info][gc,start       ] GC(975) Pause Young (Allocation Failure)
[4291.923s][info][gc,heap        ] GC(975) PSYoungGen: 2582560K(2617856K)->137824K(2619392K) Eden: 2444288K(2444288K)->0K(2450944K) From: 138272K(173568K)->137824K(168448K)
[4291.923s][info][gc,heap        ] GC(975) ParOldGen: 5363859K(5364224K)->5454475K(5454848K)
[4291.923s][info][gc,metaspace   ] GC(975) Metaspace: 29096K(29504K)->29096K(29504K) NonClass: 24204K(24384K)->24204K(24384K) Class: 4892K(5120K)->4892K(5120K)
[4291.923s][info][gc             ] GC(975) Pause Young (Allocation Failure) 7760M->5461M(7885M) 99.708ms
[4291.923s][info][gc,cpu         ] GC(975) User=0.56s Sys=0.03s Real=0.10s
...[4295.013s][info][gc,start       ] GC(976) Pause Young (Allocation Failure)
[4295.117s][info][gc,heap        ] GC(976) PSYoungGen: 2588768K(2619392K)->147620K(2620928K) Eden: 2450944K(2450944K)->0K(2450944K) From: 137824K(168448K)->147620K(169984K)
[4295.117s][info][gc,heap        ] GC(976) ParOldGen: 5454475K(5454848K)->5543955K(5544448K)
[4295.117s][info][gc,metaspace   ] GC(976) Metaspace: 29096K(29504K)->29096K(29504K) NonClass: 24204K(24384K)->24204K(24384K) Class: 4892K(5120K)->4892K(5120K)
[4295.117s][info][gc             ] GC(976) Pause Young (Allocation Failure) 7854M->5558M(7974M) 103.920ms
[4295.117s][info][gc,cpu         ] GC(976) User=0.59s Sys=0.02s Real=0.11s
...[4298.141s][info][gc,start       ] GC(977) Pause Full (Allocation Failure)
[4298.141s][info][gc,phases,start] GC(977) Marking Phase
[4298.440s][info][gc,phases      ] GC(977) Marking Phase 298.902ms
[4298.440s][info][gc,phases,start] GC(977) Summary Phase
[4298.440s][info][gc,phases      ] GC(977) Summary Phase 0.095ms
[4298.440s][info][gc,phases,start] GC(977) Forward
[4298.568s][info][gc,phases      ] GC(977) Forward 127.776ms
[4298.568s][info][gc,phases,start] GC(977) Adjust Pointers
[4298.765s][info][gc,phases      ] GC(977) Adjust Pointers 196.686ms
[4298.765s][info][gc,phases,start] GC(977) Compaction Phase
[4298.891s][info][gc,phases      ] GC(977) Compaction Phase 126.053ms
[4298.892s][info][gc,phases,start] GC(977) Post Compact
[4298.899s][info][gc,phases      ] GC(977) Post Compact 6.962ms
[4299.027s][info][gc,heap        ] GC(977) PSYoungGen: 2598564K(2620928K)->0K(2625536K) Eden: 2450944K(2450944K)->0K(2457088K) From: 147620K(169984K)->0K(168448K)
[4299.027s][info][gc,heap        ] GC(977) ParOldGen: 5543955K(5544448K)->1426113K(1646592K)
[4299.027s][info][gc,metaspace   ] GC(977) Metaspace: 29096K(29504K)->29096K(29504K) NonClass: 24204K(24384K)->24204K(24384K) Class: 4892K(5120K)->4892K(5120K)
[4299.027s][info][gc             ] GC(977) Pause Full (Allocation Failure) 7951M->1392M(4172M) 885.708ms
[4299.027s][info][gc,cpu         ] GC(977) User=4.05s Sys=0.12s Real=0.88s
.. (rIR:aIR:PR = 6365:6354:6354) (tPR = 94749) [OK] 
  4299s: Performance info:
         Transaction,    Success,    Partial,     Failed,   Receipts, AvgBarcode, 
             Overall,     385627,          0,          0,     366336,      59.48, 
         Response times:
             Request,    Success,    Partial,     Failed,   SkipFail,     Probes,    Samples,      min,      p50,      p90,      p95,      p99,      max, 
       TotalPurchase,     366298,          0,          0,          0,     356078,     397209,      300,     4600,     8900,    15200,    48000,   900000,
     InStorePurchase,     192825,          0,          0,          0,     187524,     209245,      300,     4700,     9100,    15200,    48000,   900000,
      OnlinePurchase,     134978,          0,          0,          0,     131324,     146113,      300,     4500,     8700,    13600,    48000,   900000,
        InstPurchase,      38495,          0,          0,          0,      37230,      41851,      400,     4900,     9200,    15200,    49000,   900000,
          AssocOfCat,        384,          0,          0,          0,        311,        420,    17700,    32000,    50900,    58900,   123590,   133000,
      AssocOfProduct,       3863,          0,          0,          0,       3613,       4291,      600,     5800,    10200,    24400,    58000,   900000,
      BusinessReport,        964,          0,          0,          0,        865,       1106,    19900,    38000,    55000,    68000,   139860,   920000,
          CustBuyBeh,       3860,          0,          0,          0,       3545,       4122,      200,     2600,     6000,     9000,    34000,   113000,
       ProductReturn,      10224,          0,          0,          0,       9656,      11045,      200,     3500,     7900,    13600,    39000,   132000,

  4299s: (47%)   IR =   6503 .[4301.278s][info][gc,start       ] GC(978) Pause Young (Allocation Failure)
[4301.345s][info][gc,heap        ] GC(978) PSYoungGen: 2457088K(2625536K)->141636K(2598912K) Eden: 2457088K(2457088K)->0K(2457088K) From: 0K(168448K)->141636K(141824K)
[4301.345s][info][gc,heap        ] GC(978) ParOldGen: 1426113K(1646592K)->1426113K(1646592K)
[4301.345s][info][gc,metaspace   ] GC(978) Metaspace: 29096K(29504K)->29096K(29504K) NonClass: 24204K(24384K)->24204K(24384K) Class: 4892K(5120K)->4892K(5120K)
[4301.345s][info][gc             ] GC(978) Pause Young (Allocation Failure) 3792M->1531M(4146M) 66.544ms
[4301.345s][info][gc,cpu         ] GC(978) User=0.39s Sys=0.00s Real=0.06s
...[4304.349s][info][gc,start       ] GC(979) Pause Young (Allocation Failure)
[4304.438s][info][gc,heap        ] GC(979) PSYoungGen: 2598724K(2598912K)->135840K(2626560K) Eden: 2457088K(2457088K)->0K(2459648K) From: 141636K(141824K)->135840K(166912K)
[4304.438s][info][gc,heap        ] GC(979) ParOldGen: 1426113K(1646592K)->1518633K(1646592K)
[4304.438s][info][gc,metaspace   ] GC(979) Metaspace: 29096K(29504K)->29096K(29504K) NonClass: 24204K(24384K)->24204K(24384K) Class: 4892K(5120K)->4892K(5120K)
[4304.438s][info][gc             ] GC(979) Pause Young (Allocation Failure) 3930M->1615M(4173M) 88.923ms
[4304.438s][info][gc,cpu         ] GC(979) User=0.52s Sys=0.00s Real=0.09s
..|.[4307.462s][info][gc,start       ] GC(980) Pause Young (Allocation Failure)
[4307.558s][info][gc,heap        ] GC(980) PSYoungGen: 2595488K(2626560K)->144656K(2625536K) Eden: 2459648K(2459648K)->0K(2459648K) From: 135840K(166912K)->144656K(165888K)
[4307.559s][info][gc,heap        ] GC(980) ParOldGen: 1518633K(1646592K)->1608849K(1646592K)
[4307.559s][info][gc,metaspace   ] GC(980) Metaspace: 29096K(29504K)->29096K(29504K) NonClass: 24204K(24384K)->24204K(24384K) Class: 4892K(5120K)->4892K(5120K)
[4307.559s][info][gc             ] GC(980) Pause Young (Allocation Failure) 4017M->1712M(4172M) 96.133ms
[4307.559s][info][gc,cpu         ] GC(980) User=0.57s Sys=0.00s Real=0.10s
...[4310.500s][info][gc,start       ] GC(981) Pause Young (Allocation Failure)
[4310.596s][info][gc,heap        ] GC(981) PSYoungGen: 2604304K(2625536K)->139044K(2628608K) Eden: 2459648K(2459648K)->0K(2464768K) From: 144656K(165888K)->139044K(163840K)
[4310.597s][info][gc,heap        ] GC(981) ParOldGen: 1608849K(1646592K)->1701929K(1702400K)
[4310.597s][info][gc,metaspace   ] GC(981) Metaspace: 29096K(29504K)->29096K(29504K) NonClass: 24204K(24384K)->24204K(24384K) Class: 4892K(5120K)->4892K(5120K)
[4310.597s][info][gc             ] GC(981) Pause Young (Allocation Failure) 4114M->1797M(4229M) 97.001ms
[4310.597s][info][gc,cpu         ] GC(981) User=0.55s Sys=0.02s Real=0.09s
...[4313.596s][info][gc,start       ] GC(982) Pause Young (Allocation Failure)
[4313.694s][info][gc,heap        ] GC(982) PSYoungGen: 2603812K(2628608K)->143908K(2627584K) Eden: 2464768K(2464768K)->0K(2464768K) From: 139044K(163840K)->143908K(162816K)
[4313.694s][info][gc,heap        ] GC(982) ParOldGen: 1701929K(1702400K)->1791633K(1792000K)
[4313.694s][info][gc,metaspace   ] GC(982) Metaspace: 29096K(29504K)->29096K(29504K) NonClass: 24204K(24384K)->24204K(24384K) Class: 4892K(5120K)->4892K(5120K)
[4313.694s][info][gc             ] GC(982) Pause Young (Allocation Failure) 4204M->1890M(4316M) 97.603ms
[4313.694s][info][gc,cpu         ] GC(982) User=0.55s Sys=0.03s Real=0.10s
...[4316.720s][info][gc,start       ] GC(983) Pause Young (Allocation Failure)
[4316.818s][info][gc,heap        ] GC(983) PSYoungGen: 2608676K(2627584K)->144853K(2631680K) Eden: 2464768K(2464768K)->0K(2470400K) From: 143908K(162816K)->144853K(161280K)
[4316.818s][info][gc,heap        ] GC(983) ParOldGen: 1791633K(1792000K)->1882713K(1883136K)
[4316.818s][info][gc,metaspace   ] GC(983) Metaspace: 29096K(29504K)->29096K(29504K) NonClass: 24204K(24384K)->24204K(24384K) Class: 4892K(5120K)->4892K(5120K)
[4316.818s][info][gc             ] GC(983) Pause Young (Allocation Failure) 4297M->1980M(4409M) 98.690ms
[4316.819s][info][gc,cpu         ] GC(983) User=0.56s Sys=0.02s Real=0.10s
...[4319.794s][info][gc,start       ] GC(984) Pause Young (Allocation Failure)
[4319.893s][info][gc,heap        ] GC(984) PSYoungGen: 2615253K(2631680K)->142288K(2630656K) Eden: 2470400K(2470400K)->0K(2470400K) From: 144853K(161280K)->142288K(160256K)
[4319.893s][info][gc,heap        ] GC(984) ParOldGen: 1882713K(1883136K)->1975153K(1975296K)
[4319.893s][info][gc,metaspace   ] GC(984) Metaspace: 29096K(29504K)->29096K(29504K) NonClass: 24204K(24384K)->24204K(24384K) Class: 4892K(5120K)->4892K(5120K)
[4319.893s][info][gc             ] GC(984) Pause Young (Allocation Failure) 4392M->2067M(4498M) 99.065ms
[4319.893s][info][gc,cpu         ] GC(984) User=0.55s Sys=0.04s Real=0.10s
...[4322.874s][info][gc,start       ] GC(985) Pause Young (Allocation Failure)
[4322.972s][info][gc,heap        ] GC(985) PSYoungGen: 2612688K(2630656K)->143973K(2634240K) Eden: 2470400K(2470400K)->0K(2475520K) From: 142288K(160256K)->143973K(158720K)
[4322.972s][info][gc,heap        ] GC(985) ParOldGen: 1975153K(1975296K)->2065745K(2065920K)
[4322.972s][info][gc,metaspace   ] GC(985) Metaspace: 29096K(29504K)->29096K(29504K) NonClass: 24204K(24384K)->24204K(24384K) Class: 4892K(5120K)->4892K(5120K)
[4322.972s][info][gc             ] GC(985) Pause Young (Allocation Failure) 4480M->2157M(4590M) 97.492ms
[4322.972s][info][gc,cpu         ] GC(985) User=0.55s Sys=0.02s Real=0.10s
...[4326.031s][info][gc,start       ] GC(986) Pause Young (Allocation Failure)
[4326.132s][info][gc,heap        ] GC(986) PSYoungGen: 2619493K(2634240K)->149281K(2633216K) Eden: 2475520K(2475520K)->0K(2475520K) From: 143973K(158720K)->149281K(157696K)
[4326.132s][info][gc,heap        ] GC(986) ParOldGen: 2065745K(2065920K)->2155961K(2156032K)
[4326.132s][info][gc,metaspace   ] GC(986) Metaspace: 29096K(29504K)->29096K(29504K) NonClass: 24204K(24384K)->24204K(24384K) Class: 4892K(5120K)->4892K(5120K)
[4326.132s][info][gc             ] GC(986) Pause Young (Allocation Failure) 4575M->2251M(4677M) 101.377ms
[4326.132s][info][gc,cpu         ] GC(986) User=0.58s Sys=0.02s Real=0.10s
...[4329.116s][info][gc,start       ] GC(987) Pause Young (Allocation Failure)
[4329.213s][info][gc,heap        ] GC(987) PSYoungGen: 2624801K(2633216K)->141536K(2636800K) Eden: 2475520K(2475520K)->0K(2480128K) From: 149281K(157696K)->141536K(156672K)
[4329.213s][info][gc,heap        ] GC(987) ParOldGen: 2155961K(2156032K)->2249625K(2249728K)
[4329.213s][info][gc,metaspace   ] GC(987) Metaspace: 29096K(29504K)->29096K(29504K) NonClass: 24204K(24384K)->24204K(24384K) Class: 4892K(5120K)->4892K(5120K)
[4329.213s][info][gc             ] GC(987) Pause Young (Allocation Failure) 4668M->2335M(4772M) 97.708ms
[4329.213s][info][gc,cpu         ] GC(987) User=0.55s Sys=0.03s Real=0.10s
...[4332.203s][info][gc,start       ] GC(988) Pause Young (Allocation Failure)
[4332.303s][info][gc,heap        ] GC(988) PSYoungGen: 2621664K(2636800K)->148052K(2637312K) Eden: 2480128K(2480128K)->0K(2480128K) From: 141536K(156672K)->148052K(157184K)
[4332.303s][info][gc,heap        ] GC(988) ParOldGen: 2249625K(2249728K)->2340889K(2341376K)
[4332.303s][info][gc,metaspace   ] GC(988) Metaspace: 29096K(29504K)->29096K(29504K) NonClass: 24204K(24384K)->24204K(24384K) Class: 4892K(5120K)->4892K(5120K)
[4332.303s][info][gc             ] GC(988) Pause Young (Allocation Failure) 4757M->2430M(4862M) 99.447ms
[4332.303s][info][gc,cpu         ] GC(988) User=0.57s Sys=0.03s Real=0.10s
...[4335.265s][info][gc,start       ] GC(989) Pause Young (Allocation Failure)
[4335.363s][info][gc,heap        ] GC(989) PSYoungGen: 2628180K(2637312K)->140340K(2637312K) Eden: 2480128K(2480128K)->0K(2481152K) From: 148052K(157184K)->140340K(156160K)
[4335.364s][info][gc,heap        ] GC(989) ParOldGen: 2340889K(2341376K)->2433193K(2433536K)
[4335.364s][info][gc,metaspace   ] GC(989) Metaspace: 29096K(29504K)->29096K(29504K) NonClass: 24204K(24384K)->24204K(24384K) Class: 4892K(5120K)->4892K(5120K)
[4335.364s][info][gc             ] GC(989) Pause Young (Allocation Failure) 4852M->2513M(4952M) 98.656ms
[4335.364s][info][gc,cpu         ] GC(989) User=0.56s Sys=0.02s Real=0.10s
...[4338.346s][info][gc,start       ] GC(990) Pause Young (Allocation Failure)
[4338.448s][info][gc,heap        ] GC(990) PSYoungGen: 2621492K(2637312K)->145594K(2637824K) Eden: 2481152K(2481152K)->0K(2481152K) From: 140340K(156160K)->145594K(156672K)
[4338.448s][info][gc,heap        ] GC(990) ParOldGen: 2433193K(2433536K)->2525065K(2525184K)
[4338.448s][info][gc,metaspace   ] GC(990) Metaspace: 29096K(29504K)->29096K(29504K) NonClass: 24204K(24384K)->24204K(24384K) Class: 4892K(5120K)->4892K(5120K)
[4338.448s][info][gc             ] GC(990) Pause Young (Allocation Failure) 4936M->2608M(5042M) 101.366ms
[4338.448s][info][gc,cpu         ] GC(990) User=0.57s Sys=0.03s Real=0.11s
....[4341.466s][info][gc,start       ] GC(991) Pause Young (Allocation Failure)
[4341.568s][info][gc,heap        ] GC(991) PSYoungGen: 2626746K(2637824K)->146938K(2639360K) Eden: 2481152K(2481152K)->0K(2483200K) From: 145594K(156672K)->146938K(156160K)
[4341.568s][info][gc,heap        ] GC(991) ParOldGen: 2525065K(2525184K)->2616593K(2616832K)
[4341.568s][info][gc,metaspace   ] GC(991) Metaspace: 29096K(29504K)->29096K(29504K) NonClass: 24204K(24384K)->24204K(24384K) Class: 4892K(5120K)->4892K(5120K)
[4341.568s][info][gc             ] GC(991) Pause Young (Allocation Failure) 5031M->2698M(5133M) 101.526ms
[4341.568s][info][gc,cpu         ] GC(991) User=0.57s Sys=0.03s Real=0.11s
...[4344.592s][info][gc,start       ] GC(992) Pause Young (Allocation Failure)
[4344.691s][info][gc,heap        ] GC(992) PSYoungGen: 2630138K(2639360K)->145856K(2639360K) Eden: 2483200K(2483200K)->0K(2483200K) From: 146938K(156160K)->145856K(156160K)
[4344.691s][info][gc,heap        ] GC(992) ParOldGen: 2616593K(2616832K)->2707697K(2707968K)
[4344.691s][info][gc,metaspace   ] GC(992) Metaspace: 29096K(29504K)->29096K(29504K) NonClass: 24204K(24384K)->24204K(24384K) Class: 4892K(5120K)->4892K(5120K)
[4344.691s][info][gc             ] GC(992) Pause Young (Allocation Failure) 5123M->2786M(5222M) 99.031ms
[4344.691s][info][gc,cpu         ] GC(992) User=0.55s Sys=0.03s Real=0.10s
...[4347.729s][info][gc,start       ] GC(993) Pause Young (Allocation Failure)
[4347.827s][info][gc,heap        ] GC(993) PSYoungGen: 2629056K(2639360K)->144400K(2638336K) Eden: 2483200K(2483200K)->0K(2484224K) From: 145856K(156160K)->144400K(154112K)
[4347.827s][info][gc,heap        ] GC(993) ParOldGen: 2707697K(2707968K)->2799953K(2800128K)
[4347.827s][info][gc,metaspace   ] GC(993) Metaspace: 29096K(29504K)->29096K(29504K) NonClass: 24204K(24384K)->24204K(24384K) Class: 4892K(5120K)->4892K(5120K)
[4347.827s][info][gc             ] GC(993) Pause Young (Allocation Failure) 5211M->2875M(5311M) 98.706ms
[4347.827s][info][gc,cpu         ] GC(993) User=0.56s Sys=0.03s Real=0.10s
...[4350.804s][info][gc,start       ] GC(994) Pause Young (Allocation Failure)
[4350.904s][info][gc,heap        ] GC(994) PSYoungGen: 2628624K(2638336K)->143988K(2638848K) Eden: 2484224K(2484224K)->0K(2484224K) From: 144400K(154112K)->143988K(154624K)
[4350.904s][info][gc,heap        ] GC(994) ParOldGen: 2799953K(2800128K)->2893169K(2893312K)
[4350.904s][info][gc,metaspace   ] GC(994) Metaspace: 29096K(29504K)->29096K(29504K) NonClass: 24204K(24384K)->24204K(24384K) Class: 4892K(5120K)->4892K(5120K)
[4350.904s][info][gc             ] GC(994) Pause Young (Allocation Failure) 5301M->2965M(5402M) 100.154ms
[4350.904s][info][gc,cpu         ] GC(994) User=0.57s Sys=0.02s Real=0.10s
...[4353.959s][info][gc,start       ] GC(995) Pause Young (Allocation Failure)
[4354.057s][info][gc,heap        ] GC(995) PSYoungGen: 2628212K(2638848K)->143296K(2640896K) Eden: 2484224K(2484224K)->0K(2487808K) From: 143988K(154624K)->143296K(153088K)
[4354.057s][info][gc,heap        ] GC(995) ParOldGen: 2893169K(2893312K)->2983721K(2983936K)
[4354.057s][info][gc,metaspace   ] GC(995) Metaspace: 29096K(29504K)->29096K(29504K) NonClass: 24204K(24384K)->24204K(24384K) Class: 4892K(5120K)->4892K(5120K)
[4354.057s][info][gc             ] GC(995) Pause Young (Allocation Failure) 5391M->3053M(5493M) 98.327ms
[4354.057s][info][gc,cpu         ] GC(995) User=0.57s Sys=0.02s Real=0.09s
...[4357.030s][info][gc,start       ] GC(996) Pause Young (Allocation Failure)
[4357.132s][info][gc,heap        ] GC(996) PSYoungGen: 2631104K(2640896K)->145092K(2640896K) Eden: 2487808K(2487808K)->0K(2487808K) From: 143296K(153088K)->145092K(153088K)
[4357.132s][info][gc,heap        ] GC(996) ParOldGen: 2983721K(2983936K)->3077409K(3077632K)
[4357.132s][info][gc,metaspace   ] GC(996) Metaspace: 29096K(29504K)->29096K(29504K) NonClass: 24204K(24384K)->24204K(24384K) Class: 4892K(5120K)->4892K(5120K)
[4357.132s][info][gc             ] GC(996) Pause Young (Allocation Failure) 5483M->3146M(5584M) 101.721ms
[4357.132s][info][gc,cpu         ] GC(996) User=0.58s Sys=0.02s Real=0.10s
...[4360.201s][info][gc,start       ] GC(997) Pause Young (Allocation Failure)
[4360.296s][info][gc,heap        ] GC(997) PSYoungGen: 2632900K(2640896K)->137344K(2642432K) Eden: 2487808K(2487808K)->0K(2489856K) From: 145092K(153088K)->137344K(152576K)
[4360.296s][info][gc,heap        ] GC(997) ParOldGen: 3077409K(3077632K)->3167529K(3167744K)
[4360.296s][info][gc,metaspace   ] GC(997) Metaspace: 29096K(29504K)->29096K(29504K) NonClass: 24204K(24384K)->24204K(24384K) Class: 4892K(5120K)->4892K(5120K)
[4360.296s][info][gc             ] GC(997) Pause Young (Allocation Failure) 5576M->3227M(5674M) 95.759ms
[4360.296s][info][gc,cpu         ] GC(997) User=0.53s Sys=0.03s Real=0.09s
...[4363.257s][info][gc,start       ] GC(998) Pause Young (Allocation Failure)
[4363.356s][info][gc,heap        ] GC(998) PSYoungGen: 2627200K(2642432K)->137504K(2642432K) Eden: 2489856K(2489856K)->0K(2489856K) From: 137344K(152576K)->137504K(152576K)
[4363.356s][info][gc,heap        ] GC(998) ParOldGen: 3167529K(3167744K)->3260353K(3260416K)
[4363.356s][info][gc,metaspace   ] GC(998) Metaspace: 29096K(29504K)->29096K(29504K) NonClass: 24204K(24384K)->24204K(24384K) Class: 4892K(5120K)->4892K(5120K)
[4363.356s][info][gc             ] GC(998) Pause Young (Allocation Failure) 5658M->3318M(5764M) 98.944ms
[4363.356s][info][gc,cpu         ] GC(998) User=0.56s Sys=0.02s Real=0.10s
...[4366.373s][info][gc,start       ] GC(999) Pause Young (Allocation Failure)
[4366.471s][info][gc,heap        ] GC(999) PSYoungGen: 2627360K(2642432K)->137600K(2642944K) Eden: 2489856K(2489856K)->0K(2489856K) From: 137504K(152576K)->137600K(153088K)
[4366.471s][info][gc,heap        ] GC(999) ParOldGen: 3260353K(3260416K)->3352169K(3352576K)
[4366.471s][info][gc,metaspace   ] GC(999) Metaspace: 29096K(29504K)->29096K(29504K) NonClass: 24204K(24384K)->24204K(24384K) Class: 4892K(5120K)->4892K(5120K)
[4366.471s][info][gc             ] GC(999) Pause Young (Allocation Failure) 5749M->3407M(5855M) 98.483ms
[4366.471s][info][gc,cpu         ] GC(999) User=0.56s Sys=0.02s Real=0.10s
. (rIR:aIR:PR = 6503:6498:6498) (tPR = 96693) [OK] 
  4366s: Performance info:
         Transaction,    Success,    Partial,     Failed,   Receipts, AvgBarcode, 
             Overall,     392283,          0,          0,     372652,      59.48, 
         Response times:
             Request,    Success,    Partial,     Failed,   SkipFail,     Probes,    Samples,      min,      p50,      p90,      p95,      p99,      max, 
       TotalPurchase,     372673,          0,          0,          0,     363110,     399851,      300,     4700,     8800,    13000,    41000,   148000,
     InStorePurchase,     196136,          0,          0,          0,     191113,     209780,      300,     4600,     8600,    13000,    39190,   147000,
      OnlinePurchase,     137294,          0,          0,          0,     133816,     147413,      300,     4700,     8900,    13000,    41000,   148000,
        InstPurchase,      39243,          0,          0,          0,      38181,      42658,      400,     5200,     9000,    13200,    43000,   133000,
          AssocOfCat,        391,          0,          0,          0,        292,        369,    19000,    31000,    41000,    48500,    73800,   153000,
      AssocOfProduct,       3914,          0,          0,          0,       3700,       4259,      400,     4800,     9500,    13200,    45000,   147000,
      BusinessReport,        977,          0,          0,          0,        869,       1084,    25000,    39000,    58000,    74000,   144150,   170000,
          CustBuyBeh,       3949,          0,          0,          0,       3647,       4208,      200,     4000,     7500,    10800,    35000,   121000,
       ProductReturn,      10405,          0,          0,          0,       9911,      11095,      200,     3700,     7700,    10700,    35040,   126000,

  4366s: (48%)   IR =   6642 ..[4369.456s][info][gc,start       ] GC(1000) Pause Young (Allocation Failure)
[4369.557s][info][gc,heap        ] GC(1000) PSYoungGen: 2627456K(2642944K)->143620K(2633728K) Eden: 2489856K(2489856K)->0K(2489856K) From: 137600K(153088K)->143620K(143872K)
[4369.557s][info][gc,heap        ] GC(1000) ParOldGen: 3352169K(3352576K)->3443441K(3443712K)
[4369.557s][info][gc,metaspace   ] GC(1000) Metaspace: 29096K(29504K)->29096K(29504K) NonClass: 24204K(24384K)->24204K(24384K) Class: 4892K(5120K)->4892K(5120K)
[4369.557s][info][gc             ] GC(1000) Pause Young (Allocation Failure) 5839M->3502M(5935M) 101.137ms
[4369.557s][info][gc,cpu         ] GC(1000) User=0.57s Sys=0.02s Real=0.10s
...[4372.535s][info][gc,start       ] GC(1001) Pause Young (Allocation Failure)
[4372.633s][info][gc,heap        ] GC(1001) PSYoungGen: 2633476K(2633728K)->140352K(2642432K) Eden: 2489856K(2489856K)->0K(2490368K) From: 143620K(143872K)->140352K(152064K)
[4372.633s][info][gc,heap        ] GC(1001) ParOldGen: 3443441K(3443712K)->3536057K(3536384K)
[4372.633s][info][gc,metaspace   ] GC(1001) Metaspace: 29096K(29504K)->29096K(29504K) NonClass: 24204K(24384K)->24204K(24384K) Class: 4892K(5120K)->4892K(5120K)
[4372.633s][info][gc             ] GC(1001) Pause Young (Allocation Failure) 5934M->3590M(6034M) 98.732ms
[4372.633s][info][gc,cpu         ] GC(1001) User=0.55s Sys=0.03s Real=0.10s
...[4375.511s][info][gc,start       ] GC(1002) Pause Young (Allocation Failure)
[4375.609s][info][gc,heap        ] GC(1002) PSYoungGen: 2630720K(2642432K)->136096K(2641920K) Eden: 2490368K(2490368K)->0K(2490368K) From: 140352K(152064K)->136096K(151552K)
[4375.609s][info][gc,heap        ] GC(1002) ParOldGen: 3536057K(3536384K)->3628513K(3628544K)
[4375.609s][info][gc,metaspace   ] GC(1002) Metaspace: 29096K(29504K)->29096K(29504K) NonClass: 24204K(24384K)->24204K(24384K) Class: 4892K(5120K)->4892K(5120K)
[4375.609s][info][gc             ] GC(1002) Pause Young (Allocation Failure) 6022M->3676M(6123M) 97.504ms
[4375.609s][info][gc,cpu         ] GC(1002) User=0.55s Sys=0.02s Real=0.10s
...[4378.642s][info][gc,start       ] GC(1003) Pause Young (Allocation Failure)
[4378.743s][info][gc,heap        ] GC(1003) PSYoungGen: 2626464K(2641920K)->146080K(2642944K) Eden: 2490368K(2490368K)->0K(2490880K) From: 136096K(151552K)->146080K(152064K)
[4378.743s][info][gc,heap        ] GC(1003) ParOldGen: 3628513K(3628544K)->3717569K(3717632K)
[4378.743s][info][gc,metaspace   ] GC(1003) Metaspace: 29096K(29504K)->29096K(29504K) NonClass: 24204K(24384K)->24204K(24384K) Class: 4892K(5120K)->4892K(5120K)
[4378.743s][info][gc             ] GC(1003) Pause Young (Allocation Failure) 6108M->3773M(6211M) 100.834ms
[4378.744s][info][gc,cpu         ] GC(1003) User=0.57s Sys=0.03s Real=0.10s
...[4381.722s][info][gc,start       ] GC(1004) Pause Young (Allocation Failure)
[4381.825s][info][gc,heap        ] GC(1004) PSYoungGen: 2636960K(2642944K)->147818K(2638848K) Eden: 2490880K(2490880K)->0K(2490880K) From: 146080K(152064K)->147818K(147968K)
[4381.825s][info][gc,heap        ] GC(1004) ParOldGen: 3717569K(3717632K)->3810049K(3810304K)
[4381.825s][info][gc,metaspace   ] GC(1004) Metaspace: 29096K(29504K)->29096K(29504K) NonClass: 24204K(24384K)->24204K(24384K) Class: 4892K(5120K)->4892K(5120K)
[4381.825s][info][gc             ] GC(1004) Pause Young (Allocation Failure) 6205M->3865M(6298M) 102.696ms
[4381.825s][info][gc,cpu         ] GC(1004) User=0.58s Sys=0.03s Real=0.10s
...[4384.756s][info][gc,start       ] GC(1005) Pause Young (Allocation Failure)
[4384.854s][info][gc,heap        ] GC(1005) PSYoungGen: 2638698K(2638848K)->140896K(2642944K) Eden: 2490880K(2490880K)->0K(2489344K) From: 147818K(147968K)->140896K(153600K)
[4384.854s][info][gc,heap        ] GC(1005) ParOldGen: 3810049K(3810304K)->3900769K(3900928K)
[4384.854s][info][gc,metaspace   ] GC(1005) Metaspace: 29096K(29504K)->29096K(29504K) NonClass: 24204K(24384K)->24204K(24384K) Class: 4892K(5120K)->4892K(5120K)
[4384.854s][info][gc             ] GC(1005) Pause Young (Allocation Failure) 6297M->3946M(6390M) 97.499ms
[4384.854s][info][gc,cpu         ] GC(1005) User=0.54s Sys=0.04s Real=0.10s
.|..[4387.799s][info][gc,start       ] GC(1006) Pause Young (Allocation Failure)
[4387.900s][info][gc,heap        ] GC(1006) PSYoungGen: 2630240K(2642944K)->143984K(2633728K) Eden: 2489344K(2489344K)->0K(2489344K) From: 140896K(153600K)->143984K(144384K)
[4387.900s][info][gc,heap        ] GC(1006) ParOldGen: 3900769K(3900928K)->3993089K(3993600K)
[4387.900s][info][gc,metaspace   ] GC(1006) Metaspace: 29096K(29504K)->29096K(29504K) NonClass: 24204K(24384K)->24204K(24384K) Class: 4892K(5120K)->4892K(5120K)
[4387.900s][info][gc             ] GC(1006) Pause Young (Allocation Failure) 6377M->4040M(6472M) 101.529ms
[4387.900s][info][gc,cpu         ] GC(1006) User=0.58s Sys=0.03s Real=0.10s
...[4390.848s][info][gc,start       ] GC(1007) Pause Young (Allocation Failure)
[4390.951s][info][gc,heap        ] GC(1007) PSYoungGen: 2633328K(2633728K)->147360K(2641408K) Eden: 2489344K(2489344K)->0K(2488832K) From: 143984K(144384K)->147360K(152576K)
[4390.951s][info][gc,heap        ] GC(1007) ParOldGen: 3993089K(3993600K)->4084881K(4085248K)
[4390.951s][info][gc,metaspace   ] GC(1007) Metaspace: 29096K(29504K)->29096K(29504K) NonClass: 24204K(24384K)->24204K(24384K) Class: 4892K(5120K)->4892K(5120K)
[4390.951s][info][gc             ] GC(1007) Pause Young (Allocation Failure) 6471M->4133M(6569M) 103.100ms
[4390.951s][info][gc,cpu         ] GC(1007) User=0.58s Sys=0.03s Real=0.10s
...[4393.890s][info][gc,start       ] GC(1008) Pause Young (Allocation Failure)
[4393.991s][info][gc,heap        ] GC(1008) PSYoungGen: 2636192K(2641408K)->146260K(2641920K) Eden: 2488832K(2488832K)->0K(2488832K) From: 147360K(152576K)->146260K(153088K)
[4393.991s][info][gc,heap        ] GC(1008) ParOldGen: 4084881K(4085248K)->4177385K(4177408K)
[4393.991s][info][gc,metaspace   ] GC(1008) Metaspace: 29096K(29504K)->29096K(29504K) NonClass: 24204K(24384K)->24204K(24384K) Class: 4892K(5120K)->4892K(5120K)
[4393.991s][info][gc             ] GC(1008) Pause Young (Allocation Failure) 6563M->4222M(6659M) 101.587ms
[4393.991s][info][gc,cpu         ] GC(1008) User=0.58s Sys=0.02s Real=0.10s
...[4396.934s][info][gc,start       ] GC(1009) Pause Young (Allocation Failure)
[4397.033s][info][gc,heap        ] GC(1009) PSYoungGen: 2635092K(2641920K)->139616K(2642944K) Eden: 2488832K(2488832K)->0K(2489856K) From: 146260K(153088K)->139616K(153088K)
[4397.033s][info][gc,heap        ] GC(1009) ParOldGen: 4177385K(4177408K)->4269785K(4270080K)
[4397.033s][info][gc,metaspace   ] GC(1009) Metaspace: 29096K(29504K)->29096K(29504K) NonClass: 24204K(24384K)->24204K(24384K) Class: 4892K(5120K)->4892K(5120K)
[4397.033s][info][gc             ] GC(1009) Pause Young (Allocation Failure) 6652M->4306M(6751M) 98.743ms
[4397.033s][info][gc,cpu         ] GC(1009) User=0.55s Sys=0.04s Real=0.10s
...[4400.005s][info][gc,start       ] GC(1010) Pause Young (Allocation Failure)
[4400.106s][info][gc,heap        ] GC(1010) PSYoungGen: 2629472K(2642944K)->146864K(2636800K) Eden: 2489856K(2489856K)->0K(2489856K) From: 139616K(153088K)->146864K(146944K)
[4400.106s][info][gc,heap        ] GC(1010) ParOldGen: 4269785K(4270080K)->4359953K(4360192K)
[4400.106s][info][gc,metaspace   ] GC(1010) Metaspace: 29096K(29504K)->29096K(29504K) NonClass: 24204K(24384K)->24204K(24384K) Class: 4892K(5120K)->4892K(5120K)
[4400.106s][info][gc             ] GC(1010) Pause Young (Allocation Failure) 6737M->4401M(6833M) 100.995ms
[4400.106s][info][gc,cpu         ] GC(1010) User=0.58s Sys=0.03s Real=0.10s
...[4402.977s][info][gc,start       ] GC(1011) Pause Young (Allocation Failure)
[4403.078s][info][gc,heap        ] GC(1011) PSYoungGen: 2636720K(2636800K)->144468K(2642944K) Eden: 2489856K(2489856K)->0K(2489344K) From: 146864K(146944K)->144468K(153600K)
[4403.078s][info][gc,heap        ] GC(1011) ParOldGen: 4359953K(4360192K)->4452841K(4452864K)
[4403.078s][info][gc,metaspace   ] GC(1011) Metaspace: 29096K(29504K)->29096K(29504K) NonClass: 24204K(24384K)->24204K(24384K) Class: 4892K(5120K)->4892K(5120K)
[4403.078s][info][gc             ] GC(1011) Pause Young (Allocation Failure) 6832M->4489M(6929M) 101.437ms
[4403.078s][info][gc,cpu         ] GC(1011) User=0.58s Sys=0.03s Real=0.11s
...[4406.122s][info][gc,start       ] GC(1012) Pause Young (Allocation Failure)
[4406.222s][info][gc,heap        ] GC(1012) PSYoungGen: 2633812K(2642944K)->146944K(2642432K) Eden: 2489344K(2489344K)->0K(2489344K) From: 144468K(153600K)->146944K(153088K)
[4406.222s][info][gc,heap        ] GC(1012) ParOldGen: 4452841K(4452864K)->4542777K(4542976K)
[4406.222s][info][gc,metaspace   ] GC(1012) Metaspace: 29096K(29504K)->29096K(29504K) NonClass: 24204K(24384K)->24204K(24384K) Class: 4892K(5120K)->4892K(5120K)
[4406.222s][info][gc             ] GC(1012) Pause Young (Allocation Failure) 6920M->4579M(7017M) 99.868ms
[4406.222s][info][gc,cpu         ] GC(1012) User=0.56s Sys=0.04s Real=0.10s
...[4409.052s][info][gc,start       ] GC(1013) Pause Young (Allocation Failure)
[4409.160s][info][gc,heap        ] GC(1013) PSYoungGen: 2636288K(2642432K)->152767K(2637824K) Eden: 2489344K(2489344K)->0K(2484736K) From: 146944K(153088K)->152767K(153088K)
[4409.160s][info][gc,heap        ] GC(1013) ParOldGen: 4542777K(4542976K)->4637937K(4638208K)
[4409.160s][info][gc,metaspace   ] GC(1013) Metaspace: 29096K(29504K)->29096K(29504K) NonClass: 24204K(24384K)->24204K(24384K) Class: 4892K(5120K)->4892K(5120K)
[4409.160s][info][gc             ] GC(1013) Pause Young (Allocation Failure) 7010M->4678M(7105M) 107.772ms
[4409.160s][info][gc,cpu         ] GC(1013) User=0.60s Sys=0.04s Real=0.11s
...[4412.197s][info][gc,start       ] GC(1014) Pause Young (Allocation Failure)
[4412.297s][info][gc,heap        ] GC(1014) PSYoungGen: 2637503K(2637824K)->145888K(2640384K) Eden: 2484736K(2484736K)->0K(2484736K) From: 152767K(153088K)->145888K(155648K)
[4412.297s][info][gc,heap        ] GC(1014) ParOldGen: 4637937K(4638208K)->4725945K(4726272K)
[4412.297s][info][gc,metaspace   ] GC(1014) Metaspace: 29096K(29504K)->29096K(29504K) NonClass: 24204K(24384K)->24204K(24384K) Class: 4892K(5120K)->4892K(5120K)
[4412.297s][info][gc             ] GC(1014) Pause Young (Allocation Failure) 7104M->4757M(7194M) 99.367ms
[4412.297s][info][gc,cpu         ] GC(1014) User=0.56s Sys=0.03s Real=0.09s
...[4415.228s][info][gc,start       ] GC(1015) Pause Young (Allocation Failure)
[4415.326s][info][gc,heap        ] GC(1015) PSYoungGen: 2630624K(2640384K)->135360K(2639872K) Eden: 2484736K(2484736K)->0K(2484736K) From: 145888K(155648K)->135360K(155136K)
[4415.326s][info][gc,heap        ] GC(1015) ParOldGen: 4725945K(4726272K)->4819473K(4819968K)
[4415.326s][info][gc,metaspace   ] GC(1015) Metaspace: 29096K(29504K)->29096K(29504K) NonClass: 24204K(24384K)->24204K(24384K) Class: 4892K(5120K)->4892K(5120K)
[4415.326s][info][gc             ] GC(1015) Pause Young (Allocation Failure) 7184M->4838M(7285M) 98.518ms
[4415.326s][info][gc,cpu         ] GC(1015) User=0.56s Sys=0.03s Real=0.09s
...[4418.263s][info][gc,start       ] GC(1016) Pause Young (Allocation Failure)
[4418.363s][info][gc,heap        ] GC(1016) PSYoungGen: 2620096K(2639872K)->139808K(2640384K) Eden: 2484736K(2484736K)->0K(2484736K) From: 135360K(155136K)->139808K(155648K)
[4418.363s][info][gc,heap        ] GC(1016) ParOldGen: 4819473K(4819968K)->4910257K(4910592K)
[4418.363s][info][gc,metaspace   ] GC(1016) Metaspace: 29096K(29504K)->29096K(29504K) NonClass: 24204K(24384K)->24204K(24384K) Class: 4892K(5120K)->4892K(5120K)
[4418.363s][info][gc             ] GC(1016) Pause Young (Allocation Failure) 7265M->4931M(7374M) 99.633ms
[4418.363s][info][gc,cpu         ] GC(1016) User=0.56s Sys=0.03s Real=0.10s
...[4421.305s][info][gc,start       ] GC(1017) Pause Young (Allocation Failure)
[4421.404s][info][gc,heap        ] GC(1017) PSYoungGen: 2624544K(2640384K)->137536K(2640384K) Eden: 2484736K(2484736K)->0K(2485248K) From: 139808K(155648K)->137536K(155136K)
[4421.404s][info][gc,heap        ] GC(1017) ParOldGen: 4910257K(4910592K)->5000713K(5001216K)
[4421.404s][info][gc,metaspace   ] GC(1017) Metaspace: 29096K(29504K)->29096K(29504K) NonClass: 24204K(24384K)->24204K(24384K) Class: 4892K(5120K)->4892K(5120K)
[4421.404s][info][gc             ] GC(1017) Pause Young (Allocation Failure) 7358M->5017M(7462M) 98.712ms
[4421.404s][info][gc,cpu         ] GC(1017) User=0.54s Sys=0.05s Real=0.10s
...[4424.390s][info][gc,start       ] GC(1018) Pause Young (Allocation Failure)
[4424.489s][info][gc,heap        ] GC(1018) PSYoungGen: 2622784K(2640384K)->138752K(2640384K) Eden: 2485248K(2485248K)->0K(2485248K) From: 137536K(155136K)->138752K(155136K)
[4424.489s][info][gc,heap        ] GC(1018) ParOldGen: 5000713K(5001216K)->5092369K(5092864K)
[4424.489s][info][gc,metaspace   ] GC(1018) Metaspace: 29096K(29504K)->29096K(29504K) NonClass: 24204K(24384K)->24204K(24384K) Class: 4892K(5120K)->4892K(5120K)
[4424.489s][info][gc             ] GC(1018) Pause Young (Allocation Failure) 7444M->5108M(7552M) 99.122ms
[4424.489s][info][gc,cpu         ] GC(1018) User=0.55s Sys=0.04s Real=0.10s
...[4427.435s][info][gc,start       ] GC(1019) Pause Young (Allocation Failure)
[4427.538s][info][gc,heap        ] GC(1019) PSYoungGen: 2624000K(2640384K)->144876K(2640384K) Eden: 2485248K(2485248K)->0K(2486272K) From: 138752K(155136K)->144876K(154112K)
[4427.538s][info][gc,heap        ] GC(1019) ParOldGen: 5092369K(5092864K)->5185145K(5185536K)
[4427.538s][info][gc,metaspace   ] GC(1019) Metaspace: 29096K(29504K)->29096K(29504K) NonClass: 24204K(24384K)->24204K(24384K) Class: 4892K(5120K)->4892K(5120K)
[4427.538s][info][gc             ] GC(1019) Pause Young (Allocation Failure) 7535M->5205M(7642M) 103.402ms
[4427.538s][info][gc,cpu         ] GC(1019) User=0.59s Sys=0.03s Real=0.11s
...[4430.444s][info][gc,start       ] GC(1020) Pause Young (Allocation Failure)
[4430.544s][info][gc,heap        ] GC(1020) PSYoungGen: 2631148K(2640384K)->139217K(2640384K) Eden: 2486272K(2486272K)->0K(2486272K) From: 144876K(154112K)->139217K(154112K)
[4430.544s][info][gc,heap        ] GC(1020) ParOldGen: 5185145K(5185536K)->5275537K(5275648K)
[4430.544s][info][gc,metaspace   ] GC(1020) Metaspace: 29096K(29504K)->29096K(29504K) NonClass: 24204K(24384K)->24204K(24384K) Class: 4892K(5120K)->4892K(5120K)
[4430.545s][info][gc             ] GC(1020) Pause Young (Allocation Failure) 7633M->5287M(7730M) 100.761ms
[4430.545s][info][gc,cpu         ] GC(1020) User=0.56s Sys=0.04s Real=0.10s
...[4433.525s][info][gc,start       ] GC(1021) Pause Young (Allocation Failure)
[4433.627s][info][gc,heap        ] GC(1021) PSYoungGen: 2625489K(2640384K)->145904K(2640896K) Eden: 2486272K(2486272K)->0K(2487296K) From: 139217K(154112K)->145904K(153600K)
[4433.627s][info][gc,heap        ] GC(1021) ParOldGen: 5275537K(5275648K)->5367033K(5367296K)
[4433.627s][info][gc,metaspace   ] GC(1021) Metaspace: 29096K(29504K)->29096K(29504K) NonClass: 24204K(24384K)->24204K(24384K) Class: 4892K(5120K)->4892K(5120K)
[4433.627s][info][gc             ] GC(1021) Pause Young (Allocation Failure) 7715M->5383M(7820M) 101.725ms
[4433.627s][info][gc,cpu         ] GC(1021) User=0.57s Sys=0.04s Real=0.10s
...[4436.536s][info][gc,start       ] GC(1022) Pause Young (Allocation Failure)
[4436.638s][info][gc,heap        ] GC(1022) PSYoungGen: 2633200K(2640896K)->144992K(2641408K) Eden: 2487296K(2487296K)->0K(2487296K) From: 145904K(153600K)->144992K(154112K)
[4436.638s][info][gc,heap        ] GC(1022) ParOldGen: 5367033K(5367296K)->5460201K(5460480K)
[4436.638s][info][gc,metaspace   ] GC(1022) Metaspace: 29096K(29504K)->29096K(29504K) NonClass: 24204K(24384K)->24204K(24384K) Class: 4892K(5120K)->4892K(5120K)
[4436.638s][info][gc             ] GC(1022) Pause Young (Allocation Failure) 7812M->5473M(7912M) 102.611ms
[4436.638s][info][gc,cpu         ] GC(1022) User=0.57s Sys=0.03s Real=0.11s
..[4437.861s][info][gc,start       ] GC(1023) Pause Full (Diagnostic Command)
[4437.862s][info][gc,phases,start] GC(1023) Marking Phase
[4438.155s][info][gc,phases      ] GC(1023) Marking Phase 293.100ms
[4438.155s][info][gc,phases,start] GC(1023) Summary Phase
[4438.155s][info][gc,phases      ] GC(1023) Summary Phase 0.078ms
[4438.155s][info][gc,phases,start] GC(1023) Forward
[4438.346s][info][gc,phases      ] GC(1023) Forward 191.692ms
[4438.346s][info][gc,phases,start] GC(1023) Adjust Pointers
[4438.550s][info][gc,phases      ] GC(1023) Adjust Pointers 203.089ms
[4438.550s][info][gc,phases,start] GC(1023) Compaction Phase
[4438.700s][info][gc,phases      ] GC(1023) Compaction Phase 150.443ms
[4438.702s][info][gc,phases,start] GC(1023) Post Compact
[4438.708s][info][gc,phases      ] GC(1023) Post Compact 5.785ms
[4438.708s][info][gc,heap        ] GC(1023) PSYoungGen: 1224980K(2641408K)->0K(2641408K) Eden: 1079988K(2487296K)->0K(2487296K) From: 144992K(154112K)->0K(154112K)
[4438.708s][info][gc,heap        ] GC(1023) ParOldGen: 5460201K(5460480K)->1144687K(5460480K)
[4438.708s][info][gc,metaspace   ] GC(1023) Metaspace: 29096K(29504K)->29096K(29504K) NonClass: 24204K(24384K)->24204K(24384K) Class: 4892K(5120K)->4892K(5120K)
[4438.708s][info][gc             ] GC(1023) Pause Full (Diagnostic Command) 6528M->1117M(7912M) 846.649ms
[4438.708s][info][gc,cpu         ] GC(1023) User=4.35s Sys=0.00s Real=0.85s
...[4440.895s][info][gc,start       ] GC(1024) Pause Young (Allocation Failure)
[4440.960s][info][gc,heap        ] GC(1024) PSYoungGen: 2487296K(2641408K)->143456K(2639872K) Eden: 2487296K(2487296K)->0K(2488320K) From: 0K(154112K)->143456K(151552K)
[4440.960s][info][gc,heap        ] GC(1024) ParOldGen: 1144687K(5460480K)->1144687K(5460480K)
[4440.960s][info][gc,metaspace   ] GC(1024) Metaspace: 29096K(29504K)->29096K(29504K) NonClass: 24204K(24384K)->24204K(24384K) Class: 4892K(5120K)->4892K(5120K)
[4440.960s][info][gc             ] GC(1024) Pause Young (Allocation Failure) 3546M->1257M(7910M) 65.310ms
[4440.960s][info][gc,cpu         ] GC(1024) User=0.39s Sys=0.00s Real=0.07s
...[4443.957s][info][gc,start       ] GC(1025) Pause Young (Allocation Failure)
[4444.050s][info][gc,heap        ] GC(1025) PSYoungGen: 2631776K(2639872K)->142208K(2640896K) Eden: 2488320K(2488320K)->0K(2488320K) From: 143456K(151552K)->142208K(152576K)
[4444.050s][info][gc,heap        ] GC(1025) ParOldGen: 1144687K(5460480K)->1238784K(5460480K)
[4444.050s][info][gc,metaspace   ] GC(1025) Metaspace: 29096K(29504K)->29096K(29504K) NonClass: 24204K(24384K)->24204K(24384K) Class: 4892K(5120K)->4892K(5120K)
[4444.050s][info][gc             ] GC(1025) Pause Young (Allocation Failure) 3687M->1348M(7911M) 93.034ms
[4444.050s][info][gc,cpu         ] GC(1025) User=0.55s Sys=0.00s Real=0.10s
.. (rIR:aIR:PR = 6642:6653:6653) (tPR = 98937) [OK] 
  4445s: Performance info:
         Transaction,    Success,    Partial,     Failed,   Receipts, AvgBarcode, 
             Overall,     404964,          0,          0,     384728,      59.47, 
         Response times:
             Request,    Success,    Partial,     Failed,   SkipFail,     Probes,    Samples,      min,      p50,      p90,      p95,      p99,      max, 
       TotalPurchase,     384729,          0,          0,          0,     360557,     475379,      300,     4900,    10000,    29000,   410000,   730000,
     InStorePurchase,     202482,          0,          0,          0,     189662,     249569,      300,     4900,    10000,    30000,   425000,   730000,
      OnlinePurchase,     141709,          0,          0,          0,     133195,     175558,      300,     5100,    10300,    31000,   423820,   730000,
        InstPurchase,      40538,          0,          0,          0,      37700,      50252,      300,     4700,     8900,    16835,   101000,   515000,
          AssocOfCat,        401,          0,          0,          0,        312,        506,    17400,    33000,    52000,    74650,   437000,   522000,
      AssocOfProduct,       4047,          0,          0,          0,       3764,       5200,      700,     4100,     9790,    25000,   408000,   507000,
      BusinessReport,       1014,          0,          0,          0,        904,       1322,    21000,    38000,    58000,    81000,   366310,   920000,
          CustBuyBeh,       4038,          0,          0,          0,       3646,       5021,      100,     6400,    11400,    36900,   391000,   392000,
       ProductReturn,      10736,          0,          0,          0,      10219,      13932,      200,     4200,     9500,    23000,   377000,   670000,

  4445s: (49%)   IR =   6780 .[4447.008s][info][gc,start       ] GC(1026) Pause Young (Allocation Failure)
[4447.106s][info][gc,heap        ] GC(1026) PSYoungGen: 2630528K(2640896K)->149984K(2640896K) Eden: 2488320K(2488320K)->0K(2488832K) From: 142208K(152576K)->149984K(152064K)
[4447.106s][info][gc,heap        ] GC(1026) ParOldGen: 1238784K(5460480K)->1331072K(5460480K)
[4447.106s][info][gc,metaspace   ] GC(1026) Metaspace: 29097K(29504K)->29097K(29504K) NonClass: 24204K(24384K)->24204K(24384K) Class: 4892K(5120K)->4892K(5120K)
[4447.106s][info][gc             ] GC(1026) Pause Young (Allocation Failure) 3778M->1446M(7911M) 97.521ms
[4447.106s][info][gc,cpu         ] GC(1026) User=0.58s Sys=0.00s Real=0.09s
...[4450.002s][info][gc,start       ] GC(1027) Pause Young (Allocation Failure)
[4450.094s][info][gc,heap        ] GC(1027) PSYoungGen: 2638816K(2640896K)->142496K(2642432K) Eden: 2488832K(2488832K)->0K(2488832K) From: 149984K(152064K)->142496K(153600K)
[4450.094s][info][gc,heap        ] GC(1027) ParOldGen: 1331072K(5460480K)->1422232K(5460480K)
[4450.094s][info][gc,metaspace   ] GC(1027) Metaspace: 29097K(29504K)->29097K(29504K) NonClass: 24204K(24384K)->24204K(24384K) Class: 4892K(5120K)->4892K(5120K)
[4450.094s][info][gc             ] GC(1027) Pause Young (Allocation Failure) 3876M->1528M(7913M) 92.147ms
[4450.094s][info][gc,cpu         ] GC(1027) User=0.55s Sys=0.00s Real=0.09s
.|..[4452.958s][info][gc,start       ] GC(1028) Pause Young (Allocation Failure)
[4453.053s][info][gc,heap        ] GC(1028) PSYoungGen: 2631328K(2642432K)->145813K(2641920K) Eden: 2488832K(2488832K)->0K(2489344K) From: 142496K(153600K)->145813K(152576K)
[4453.053s][info][gc,heap        ] GC(1028) ParOldGen: 1422232K(5460480K)->1513968K(5460480K)
[4453.053s][info][gc,metaspace   ] GC(1028) Metaspace: 29097K(29504K)->29097K(29504K) NonClass: 24204K(24384K)->24204K(24384K) Class: 4892K(5120K)->4892K(5120K)
[4453.053s][info][gc             ] GC(1028) Pause Young (Allocation Failure) 3958M->1620M(7912M) 95.767ms
[4453.053s][info][gc,cpu         ] GC(1028) User=0.57s Sys=0.00s Real=0.09s
...[4455.977s][info][gc,start       ] GC(1029) Pause Young (Allocation Failure)
[4456.069s][info][gc,heap        ] GC(1029) PSYoungGen: 2635157K(2641920K)->142800K(2642432K) Eden: 2489344K(2489344K)->0K(2489344K) From: 145813K(152576K)->142800K(153088K)
[4456.069s][info][gc,heap        ] GC(1029) ParOldGen: 1513968K(5460480K)->1604872K(5460480K)
[4456.069s][info][gc,metaspace   ] GC(1029) Metaspace: 29097K(29504K)->29097K(29504K) NonClass: 24204K(24384K)->24204K(24384K) Class: 4892K(5120K)->4892K(5120K)
[4456.069s][info][gc             ] GC(1029) Pause Young (Allocation Failure) 4051M->1706M(7913M) 92.193ms
[4456.069s][info][gc,cpu         ] GC(1029) User=0.55s Sys=0.00s Real=0.10s
...[4459.019s][info][gc,start       ] GC(1030) Pause Young (Allocation Failure)
[4459.118s][info][gc,heap        ] GC(1030) PSYoungGen: 2632144K(2642432K)->152053K(2570240K) Eden: 2489344K(2489344K)->0K(2418176K) From: 142800K(153088K)->152053K(152064K)
[4459.118s][info][gc,heap        ] GC(1030) ParOldGen: 1604872K(5460480K)->1697832K(5460480K)
[4459.118s][info][gc,metaspace   ] GC(1030) Metaspace: 29097K(29504K)->29097K(29504K) NonClass: 24204K(24384K)->24204K(24384K) Class: 4892K(5120K)->4892K(5120K)
[4459.118s][info][gc             ] GC(1030) Pause Young (Allocation Failure) 4137M->1806M(7842M) 99.632ms
[4459.118s][info][gc,cpu         ] GC(1030) User=0.59s Sys=0.00s Real=0.10s
...[4461.920s][info][gc,start       ] GC(1031) Pause Young (Allocation Failure)
[4462.011s][info][gc,heap        ] GC(1031) PSYoungGen: 2570229K(2570240K)->136672K(2607104K) Eden: 2418176K(2418176K)->0K(2418176K) From: 152053K(152064K)->136672K(188928K)
[4462.011s][info][gc,heap        ] GC(1031) ParOldGen: 1697832K(5460480K)->1792136K(5460480K)
[4462.011s][info][gc,metaspace   ] GC(1031) Metaspace: 29097K(29504K)->29097K(29504K) NonClass: 24204K(24384K)->24204K(24384K) Class: 4892K(5120K)->4892K(5120K)
[4462.011s][info][gc             ] GC(1031) Pause Young (Allocation Failure) 4168M->1883M(7878M) 91.163ms
[4462.011s][info][gc,cpu         ] GC(1031) User=0.54s Sys=0.00s Real=0.09s
..[4464.760s][info][gc,start       ] GC(1032) Pause Young (Allocation Failure)
[4464.851s][info][gc,heap        ] GC(1032) PSYoungGen: 2554848K(2607104K)->135840K(2604544K) Eden: 2418176K(2418176K)->0K(2418688K) From: 136672K(188928K)->135840K(185856K)
[4464.851s][info][gc,heap        ] GC(1032) ParOldGen: 1792136K(5460480K)->1882192K(5460480K)
[4464.851s][info][gc,metaspace   ] GC(1032) Metaspace: 29097K(29504K)->29097K(29504K) NonClass: 24204K(24384K)->24204K(24384K) Class: 4892K(5120K)->4892K(5120K)
[4464.851s][info][gc             ] GC(1032) Pause Young (Allocation Failure) 4245M->1970M(7876M) 91.287ms
[4464.851s][info][gc,cpu         ] GC(1032) User=0.54s Sys=0.00s Real=0.09s
...[4467.714s][info][gc,start       ] GC(1033) Pause Young (Allocation Failure)
[4467.807s][info][gc,heap        ] GC(1033) PSYoungGen: 2554528K(2604544K)->137952K(2606080K) Eden: 2418688K(2418688K)->0K(2418688K) From: 135840K(185856K)->137952K(187392K)
[4467.807s][info][gc,heap        ] GC(1033) ParOldGen: 1882192K(5460480K)->1972152K(5460480K)
[4467.807s][info][gc,metaspace   ] GC(1033) Metaspace: 29097K(29504K)->29097K(29504K) NonClass: 24204K(24384K)->24204K(24384K) Class: 4892K(5120K)->4892K(5120K)
[4467.807s][info][gc             ] GC(1033) Pause Young (Allocation Failure) 4332M->2060M(7877M) 93.091ms
[4467.808s][info][gc,cpu         ] GC(1033) User=0.55s Sys=0.00s Real=0.10s
...[4470.591s][info][gc,start       ] GC(1034) Pause Young (Allocation Failure)
[4470.683s][info][gc,heap        ] GC(1034) PSYoungGen: 2556640K(2606080K)->139104K(2604544K) Eden: 2418688K(2418688K)->0K(2422784K) From: 137952K(187392K)->139104K(181760K)
[4470.683s][info][gc,heap        ] GC(1034) ParOldGen: 1972152K(5460480K)->2063376K(5460480K)
[4470.683s][info][gc,metaspace   ] GC(1034) Metaspace: 29097K(29504K)->29097K(29504K) NonClass: 24204K(24384K)->24204K(24384K) Class: 4892K(5120K)->4892K(5120K)
[4470.683s][info][gc             ] GC(1034) Pause Young (Allocation Failure) 4422M->2150M(7876M) 92.937ms
[4470.683s][info][gc,cpu         ] GC(1034) User=0.56s Sys=0.00s Real=0.09s
...[4473.572s][info][gc,start       ] GC(1035) Pause Young (Allocation Failure)
[4473.671s][info][gc,heap        ] GC(1035) PSYoungGen: 2561888K(2604544K)->152014K(2606592K) Eden: 2422784K(2422784K)->0K(2422784K) From: 139104K(181760K)->152014K(183808K)
[4473.671s][info][gc,heap        ] GC(1035) ParOldGen: 2063376K(5460480K)->2151984K(5460480K)
[4473.671s][info][gc,metaspace   ] GC(1035) Metaspace: 29097K(29504K)->29097K(29504K) NonClass: 24204K(24384K)->24204K(24384K) Class: 4892K(5120K)->4892K(5120K)
[4473.671s][info][gc             ] GC(1035) Pause Young (Allocation Failure) 4516M->2249M(7878M) 99.068ms
[4473.671s][info][gc,cpu         ] GC(1035) User=0.59s Sys=0.00s Real=0.10s
...[4476.490s][info][gc,start       ] GC(1036) Pause Young (Allocation Failure)
[4476.587s][info][gc,heap        ] GC(1036) PSYoungGen: 2574798K(2606592K)->148793K(2606080K) Eden: 2422784K(2422784K)->0K(2430464K) From: 152014K(183808K)->148793K(175616K)
[4476.587s][info][gc,heap        ] GC(1036) ParOldGen: 2151984K(5460480K)->2243624K(5460480K)
[4476.587s][info][gc,metaspace   ] GC(1036) Metaspace: 29097K(29504K)->29097K(29504K) NonClass: 24204K(24384K)->24204K(24384K) Class: 4892K(5120K)->4892K(5120K)
[4476.587s][info][gc             ] GC(1036) Pause Young (Allocation Failure) 4615M->2336M(7877M) 97.804ms
[4476.587s][info][gc,cpu         ] GC(1036) User=0.58s Sys=0.00s Real=0.10s
...[4479.399s][info][gc,start       ] GC(1037) Pause Young (Allocation Failure)
[4479.494s][info][gc,heap        ] GC(1037) PSYoungGen: 2579257K(2606080K)->140516K(2609152K) Eden: 2430464K(2430464K)->0K(2430464K) From: 148793K(175616K)->140516K(178688K)
[4479.494s][info][gc,heap        ] GC(1037) ParOldGen: 2243624K(5460480K)->2334760K(5460480K)
[4479.494s][info][gc,metaspace   ] GC(1037) Metaspace: 29097K(29504K)->29097K(29504K) NonClass: 24204K(24384K)->24204K(24384K) Class: 4892K(5120K)->4892K(5120K)
[4479.494s][info][gc             ] GC(1037) Pause Young (Allocation Failure) 4709M->2417M(7880M) 94.629ms
[4479.494s][info][gc,cpu         ] GC(1037) User=0.56s Sys=0.00s Real=0.09s
...[4482.278s][info][gc,start       ] GC(1038) Pause Young (Allocation Failure)
[4482.369s][info][gc,heap        ] GC(1038) PSYoungGen: 2570980K(2609152K)->132608K(2614784K) Eden: 2430464K(2430464K)->0K(2440192K) From: 140516K(178688K)->132608K(174592K)
[4482.369s][info][gc,heap        ] GC(1038) ParOldGen: 2334760K(5460480K)->2426200K(5460480K)
[4482.369s][info][gc,metaspace   ] GC(1038) Metaspace: 29097K(29504K)->29097K(29504K) NonClass: 24204K(24384K)->24204K(24384K) Class: 4892K(5120K)->4892K(5120K)
[4482.369s][info][gc             ] GC(1038) Pause Young (Allocation Failure) 4790M->2498M(7886M) 90.311ms
[4482.369s][info][gc,cpu         ] GC(1038) User=0.54s Sys=0.00s Real=0.09s
...[4485.230s][info][gc,start       ] GC(1039) Pause Young (Allocation Failure)
[4485.324s][info][gc,heap        ] GC(1039) PSYoungGen: 2572800K(2614784K)->138592K(2616832K) Eden: 2440192K(2440192K)->0K(2440192K) From: 132608K(174592K)->138592K(176640K)
[4485.324s][info][gc,heap        ] GC(1039) ParOldGen: 2426200K(5460480K)->2515984K(5460480K)
[4485.324s][info][gc,metaspace   ] GC(1039) Metaspace: 29097K(29504K)->29097K(29504K) NonClass: 24204K(24384K)->24204K(24384K) Class: 4892K(5120K)->4892K(5120K)
[4485.324s][info][gc             ] GC(1039) Pause Young (Allocation Failure) 4881M->2592M(7888M) 93.507ms
[4485.324s][info][gc,cpu         ] GC(1039) User=0.55s Sys=0.00s Real=0.09s
...[4488.090s][info][gc,start       ] GC(1040) Pause Young (Allocation Failure)
[4488.187s][info][gc,heap        ] GC(1040) PSYoungGen: 2578784K(2616832K)->143396K(2613760K) Eden: 2440192K(2440192K)->0K(2444288K) From: 138592K(176640K)->143396K(169472K)
[4488.187s][info][gc,heap        ] GC(1040) ParOldGen: 2515984K(5460480K)->2609136K(5460480K)
[4488.187s][info][gc,metaspace   ] GC(1040) Metaspace: 29097K(29504K)->29097K(29504K) NonClass: 24204K(24384K)->24204K(24384K) Class: 4892K(5120K)->4892K(5120K)
[4488.187s][info][gc             ] GC(1040) Pause Young (Allocation Failure) 4975M->2688M(7885M) 97.104ms
[4488.187s][info][gc,cpu         ] GC(1040) User=0.58s Sys=0.00s Real=0.09s
...[4491.055s][info][gc,start       ] GC(1041) Pause Young (Allocation Failure)
[4491.151s][info][gc,heap        ] GC(1041) PSYoungGen: 2587684K(2613760K)->148320K(2616832K) Eden: 2444288K(2444288K)->0K(2444288K) From: 143396K(169472K)->148320K(172544K)
[4491.151s][info][gc,heap        ] GC(1041) ParOldGen: 2609136K(5460480K)->2697736K(5460480K)
[4491.151s][info][gc,metaspace   ] GC(1041) Metaspace: 29097K(29504K)->29097K(29504K) NonClass: 24204K(24384K)->24204K(24384K) Class: 4892K(5120K)->4892K(5120K)
[4491.151s][info][gc             ] GC(1041) Pause Young (Allocation Failure) 5075M->2779M(7888M) 96.525ms
[4491.151s][info][gc,cpu         ] GC(1041) User=0.57s Sys=0.00s Real=0.10s
...[4494.022s][info][gc,start       ] GC(1042) Pause Young (Allocation Failure)
[4494.117s][info][gc,heap        ] GC(1042) PSYoungGen: 2592608K(2616832K)->145408K(2616832K) Eden: 2444288K(2444288K)->0K(2452480K) From: 148320K(172544K)->145408K(164352K)
[4494.117s][info][gc,heap        ] GC(1042) ParOldGen: 2697736K(5460480K)->2788384K(5460480K)
[4494.117s][info][gc,metaspace   ] GC(1042) Metaspace: 29097K(29504K)->29097K(29504K) NonClass: 24204K(24384K)->24204K(24384K) Class: 4892K(5120K)->4892K(5120K)
[4494.117s][info][gc             ] GC(1042) Pause Young (Allocation Failure) 5166M->2865M(7888M) 95.614ms
[4494.117s][info][gc,cpu         ] GC(1042) User=0.57s Sys=0.00s Real=0.09s
...[4496.960s][info][gc,start       ] GC(1043) Pause Young (Allocation Failure)
[4497.054s][info][gc,heap        ] GC(1043) PSYoungGen: 2597888K(2616832K)->143008K(2620928K) Eden: 2452480K(2452480K)->0K(2452480K) From: 145408K(164352K)->143008K(168448K)
[4497.054s][info][gc,heap        ] GC(1043) ParOldGen: 2788384K(5460480K)->2880128K(5460480K)
[4497.054s][info][gc,metaspace   ] GC(1043) Metaspace: 29097K(29504K)->29097K(29504K) NonClass: 24204K(24384K)->24204K(24384K) Class: 4892K(5120K)->4892K(5120K)
[4497.054s][info][gc             ] GC(1043) Pause Young (Allocation Failure) 5260M->2952M(7892M) 94.800ms
[4497.054s][info][gc,cpu         ] GC(1043) User=0.57s Sys=0.00s Real=0.09s
..[4499.924s][info][gc,start       ] GC(1044) Pause Young (Allocation Failure)
[4500.017s][info][gc,heap        ] GC(1044) PSYoungGen: 2595488K(2620928K)->140224K(2623488K) Eden: 2452480K(2452480K)->0K(2461184K) From: 143008K(168448K)->140224K(162304K)
[4500.017s][info][gc,heap        ] GC(1044) ParOldGen: 2880128K(5460480K)->2971248K(5460480K)
[4500.017s][info][gc,metaspace   ] GC(1044) Metaspace: 29097K(29504K)->29097K(29504K) NonClass: 24204K(24384K)->24204K(24384K) Class: 4892K(5120K)->4892K(5120K)
[4500.017s][info][gc             ] GC(1044) Pause Young (Allocation Failure) 5347M->3038M(7894M) 92.353ms
[4500.017s][info][gc,cpu         ] GC(1044) User=0.54s Sys=0.01s Real=0.09s
...[4502.855s][info][gc,start       ] GC(1045) Pause Young (Allocation Failure)
[4502.948s][info][gc,heap        ] GC(1045) PSYoungGen: 2601408K(2623488K)->138656K(2626560K) Eden: 2461184K(2461184K)->0K(2461184K) From: 140224K(162304K)->138656K(165376K)
[4502.948s][info][gc,heap        ] GC(1045) ParOldGen: 2971248K(5460480K)->3062744K(5460480K)
[4502.948s][info][gc,metaspace   ] GC(1045) Metaspace: 29097K(29504K)->29097K(29504K) NonClass: 24204K(24384K)->24204K(24384K) Class: 4892K(5120K)->4892K(5120K)
[4502.948s][info][gc             ] GC(1045) Pause Young (Allocation Failure) 5442M->3126M(7897M) 93.630ms
[4502.948s][info][gc,cpu         ] GC(1045) User=0.56s Sys=0.00s Real=0.10s
...[4505.857s][info][gc,start       ] GC(1046) Pause Young (Allocation Failure)
[4505.950s][info][gc,heap        ] GC(1046) PSYoungGen: 2599840K(2626560K)->141024K(2626560K) Eden: 2461184K(2461184K)->0K(2466304K) From: 138656K(165376K)->141024K(160256K)
[4505.950s][info][gc,heap        ] GC(1046) ParOldGen: 3062744K(5460480K)->3152776K(5460480K)
[4505.950s][info][gc,metaspace   ] GC(1046) Metaspace: 29097K(29504K)->29097K(29504K) NonClass: 24204K(24384K)->24204K(24384K) Class: 4892K(5120K)->4892K(5120K)
[4505.950s][info][gc             ] GC(1046) Pause Young (Allocation Failure) 5529M->3216M(7897M) 93.441ms
[4505.950s][info][gc,cpu         ] GC(1046) User=0.56s Sys=0.00s Real=0.10s
...[4508.789s][info][gc,start       ] GC(1047) Pause Young (Allocation Failure)
[4508.885s][info][gc,heap        ] GC(1047) PSYoungGen: 2607328K(2626560K)->143712K(2629120K) Eden: 2466304K(2466304K)->0K(2466304K) From: 141024K(160256K)->143712K(162816K)
[4508.885s][info][gc,heap        ] GC(1047) ParOldGen: 3152776K(5460480K)->3244792K(5460480K)
[4508.885s][info][gc,metaspace   ] GC(1047) Metaspace: 29097K(29504K)->29097K(29504K) NonClass: 24204K(24384K)->24204K(24384K) Class: 4892K(5120K)->4892K(5120K)
[4508.886s][info][gc             ] GC(1047) Pause Young (Allocation Failure) 5625M->3309M(7900M) 96.510ms
[4508.886s][info][gc,cpu         ] GC(1047) User=0.57s Sys=0.00s Real=0.09s
... (rIR:aIR:PR = 6780:6772:6772) (tPR = 101170) [OK] 
  4510s: Performance info:
         Transaction,    Success,    Partial,     Failed,   Receipts, AvgBarcode, 
             Overall,     407719,          0,          0,     387301,      59.47, 
         Response times:
             Request,    Success,    Partial,     Failed,   SkipFail,     Probes,    Samples,      min,      p50,      p90,      p95,      p99,      max, 
       TotalPurchase,     387299,          0,          0,          0,     363221,     393704,      300,     4900,     9800,    17000,    51000,   205000,
     InStorePurchase,     203758,          0,          0,          0,     190725,     206430,      300,     5100,     9900,    17000,    51000,   202000,
      OnlinePurchase,     142770,          0,          0,          0,     133711,     144847,      300,     4700,     9500,    16600,    50000,   205000,
        InstPurchase,      40771,          0,          0,          0,      38785,      42427,      300,     5200,    10100,    18400,    53000,   203000,
          AssocOfCat,        409,          0,          0,          0,        331,        455,    21000,    34000,    49000,    56400,   119160,   148000,
      AssocOfProduct,       4072,          0,          0,          0,       3829,       4312,      600,     5900,    10670,    23000,    55000,   145000,
      BusinessReport,       1017,          0,          0,          0,        886,       1081,    22000,    40000,    57000,    65900,   144180,   177000,
          CustBuyBeh,       4078,          0,          0,          0,       3808,       4359,      200,     6400,    11100,    21000,    59000,   115000,
       ProductReturn,      10847,          0,          0,          0,      10425,      11729,      200,     5300,     9800,    18100,    52000,   145000,

  4510s: (50%)   IR =   6918 [4511.748s][info][gc,start       ] GC(1048) Pause Young (Allocation Failure)
[4511.844s][info][gc,heap        ] GC(1048) PSYoungGen: 2610016K(2629120K)->142464K(2629120K) Eden: 2466304K(2466304K)->0K(2471936K) From: 143712K(162816K)->142464K(157184K)
[4511.844s][info][gc,heap        ] GC(1048) ParOldGen: 3244792K(5460480K)->3336912K(5460480K)
[4511.844s][info][gc,metaspace   ] GC(1048) Metaspace: 29097K(29504K)->29097K(29504K) NonClass: 24204K(24384K)->24204K(24384K) Class: 4892K(5120K)->4892K(5120K)
[4511.844s][info][gc             ] GC(1048) Pause Young (Allocation Failure) 5717M->3397M(7900M) 96.171ms
[4511.844s][info][gc,cpu         ] GC(1048) User=0.57s Sys=0.00s Real=0.09s
...[4514.713s][info][gc,start       ] GC(1049) Pause Young (Allocation Failure)
[4514.811s][info][gc,heap        ] GC(1049) PSYoungGen: 2614400K(2629120K)->145472K(2631680K) Eden: 2471936K(2471936K)->0K(2471936K) From: 142464K(157184K)->145472K(159744K)
[4514.811s][info][gc,heap        ] GC(1049) ParOldGen: 3336912K(5460480K)->3428032K(5460480K)
[4514.811s][info][gc,metaspace   ] GC(1049) Metaspace: 29097K(29504K)->29097K(29504K) NonClass: 24204K(24384K)->24204K(24384K) Class: 4892K(5120K)->4892K(5120K)
[4514.811s][info][gc             ] GC(1049) Pause Young (Allocation Failure) 5811M->3489M(7902M) 98.112ms
[4514.812s][info][gc,cpu         ] GC(1049) User=0.58s Sys=0.00s Real=0.10s
.|..[4517.611s][info][gc,start       ] GC(1050) Pause Young (Allocation Failure)
[4517.713s][info][gc,heap        ] GC(1050) PSYoungGen: 2617408K(2631680K)->147943K(2635264K) Eden: 2471936K(2471936K)->0K(2477568K) From: 145472K(159744K)->147943K(157696K)
[4517.713s][info][gc,heap        ] GC(1050) ParOldGen: 3428032K(5460480K)->3520688K(5460480K)
[4517.713s][info][gc,metaspace   ] GC(1050) Metaspace: 29097K(29504K)->29097K(29504K) NonClass: 24204K(24384K)->24204K(24384K) Class: 4892K(5120K)->4892K(5120K)
[4517.713s][info][gc             ] GC(1050) Pause Young (Allocation Failure) 5903M->3582M(7906M) 102.070ms
[4517.713s][info][gc,cpu         ] GC(1050) User=0.61s Sys=0.00s Real=0.10s
...[4520.498s][info][gc,start       ] GC(1051) Pause Young (Allocation Failure)
[4520.592s][info][gc,heap        ] GC(1051) PSYoungGen: 2625511K(2635264K)->137536K(2636288K) Eden: 2477568K(2477568K)->0K(2477568K) From: 147943K(157696K)->137536K(158720K)
[4520.592s][info][gc,heap        ] GC(1051) ParOldGen: 3520688K(5460480K)->3612000K(5460480K)
[4520.592s][info][gc,metaspace   ] GC(1051) Metaspace: 29097K(29504K)->29097K(29504K) NonClass: 24204K(24384K)->24204K(24384K) Class: 4892K(5120K)->4892K(5120K)
[4520.592s][info][gc             ] GC(1051) Pause Young (Allocation Failure) 6002M->3661M(7907M) 93.667ms
[4520.592s][info][gc,cpu         ] GC(1051) User=0.56s Sys=0.00s Real=0.09s
...[4523.388s][info][gc,start       ] GC(1052) Pause Young (Allocation Failure)
[4523.481s][info][gc,heap        ] GC(1052) PSYoungGen: 2615104K(2636288K)->135488K(2636800K) Eden: 2477568K(2477568K)->0K(2479104K) From: 137536K(158720K)->135488K(157696K)
[4523.481s][info][gc,heap        ] GC(1052) ParOldGen: 3612000K(5460480K)->3703264K(5460480K)
[4523.481s][info][gc,metaspace   ] GC(1052) Metaspace: 29097K(29504K)->29097K(29504K) NonClass: 24204K(24384K)->24204K(24384K) Class: 4892K(5120K)->4892K(5120K)
[4523.481s][info][gc             ] GC(1052) Pause Young (Allocation Failure) 6081M->3748M(7907M) 93.428ms
[4523.481s][info][gc,cpu         ] GC(1052) User=0.55s Sys=0.00s Real=0.09s
...[4526.265s][info][gc,start       ] GC(1053) Pause Young (Allocation Failure)
[4526.361s][info][gc,heap        ] GC(1053) PSYoungGen: 2614592K(2636800K)->140548K(2637312K) Eden: 2479104K(2479104K)->0K(2479104K) From: 135488K(157696K)->140548K(158208K)
[4526.361s][info][gc,heap        ] GC(1053) ParOldGen: 3703264K(5460480K)->3793704K(5460480K)
[4526.361s][info][gc,metaspace   ] GC(1053) Metaspace: 29097K(29504K)->29097K(29504K) NonClass: 24204K(24384K)->24204K(24384K) Class: 4892K(5120K)->4892K(5120K)
[4526.361s][info][gc             ] GC(1053) Pause Young (Allocation Failure) 6169M->3842M(7908M) 96.214ms
[4526.361s][info][gc,cpu         ] GC(1053) User=0.57s Sys=0.00s Real=0.10s
...[4529.246s][info][gc,start       ] GC(1054) Pause Young (Allocation Failure)
[4529.347s][info][gc,heap        ] GC(1054) PSYoungGen: 2619652K(2637312K)->151900K(2634752K) Eden: 2479104K(2479104K)->0K(2477568K) From: 140548K(158208K)->151900K(157184K)
[4529.347s][info][gc,heap        ] GC(1054) ParOldGen: 3793704K(5460480K)->3884248K(5460480K)
[4529.347s][info][gc,metaspace   ] GC(1054) Metaspace: 29097K(29504K)->29097K(29504K) NonClass: 24204K(24384K)->24204K(24384K) Class: 4892K(5120K)->4892K(5120K)
[4529.347s][info][gc             ] GC(1054) Pause Young (Allocation Failure) 6263M->3941M(7905M) 101.063ms
[4529.347s][info][gc,cpu         ] GC(1054) User=0.60s Sys=0.00s Real=0.10s
...[4532.218s][info][gc,start       ] GC(1055) Pause Young (Allocation Failure)
[4532.313s][info][gc,heap        ] GC(1055) PSYoungGen: 2629468K(2634752K)->141280K(2636800K) Eden: 2477568K(2477568K)->0K(2477568K) From: 151900K(157184K)->141280K(159232K)
[4532.313s][info][gc,heap        ] GC(1055) ParOldGen: 3884248K(5460480K)->3974648K(5460480K)
[4532.313s][info][gc,metaspace   ] GC(1055) Metaspace: 29097K(29504K)->29097K(29504K) NonClass: 24204K(24384K)->24204K(24384K) Class: 4892K(5120K)->4892K(5120K)
[4532.313s][info][gc             ] GC(1055) Pause Young (Allocation Failure) 6361M->4019M(7907M) 94.896ms
[4532.313s][info][gc,cpu         ] GC(1055) User=0.56s Sys=0.00s Real=0.09s
..[4535.092s][info][gc,start       ] GC(1056) Pause Young (Allocation Failure)
[4535.188s][info][gc,heap        ] GC(1056) PSYoungGen: 2618848K(2636800K)->141312K(2633728K) Eden: 2477568K(2477568K)->0K(2478592K) From: 141280K(159232K)->141312K(155136K)
[4535.188s][info][gc,heap        ] GC(1056) ParOldGen: 3974648K(5460480K)->4069472K(5460480K)
[4535.188s][info][gc,metaspace   ] GC(1056) Metaspace: 29097K(29504K)->29097K(29504K) NonClass: 24204K(24384K)->24204K(24384K) Class: 4892K(5120K)->4892K(5120K)
[4535.188s][info][gc             ] GC(1056) Pause Young (Allocation Failure) 6438M->4112M(7904M) 96.757ms
[4535.188s][info][gc,cpu         ] GC(1056) User=0.58s Sys=0.00s Real=0.10s
...[4538.005s][info][gc,start       ] GC(1057) Pause Young (Allocation Failure)
[4538.100s][info][gc,heap        ] GC(1057) PSYoungGen: 2619904K(2633728K)->143072K(2635776K) Eden: 2478592K(2478592K)->0K(2478592K) From: 141312K(155136K)->143072K(157184K)
[4538.100s][info][gc,heap        ] GC(1057) ParOldGen: 4069472K(5460480K)->4160832K(5460480K)
[4538.100s][info][gc,metaspace   ] GC(1057) Metaspace: 29097K(29504K)->29097K(29504K) NonClass: 24204K(24384K)->24204K(24384K) Class: 4892K(5120K)->4892K(5120K)
[4538.100s][info][gc             ] GC(1057) Pause Young (Allocation Failure) 6532M->4203M(7906M) 95.486ms
[4538.100s][info][gc,cpu         ] GC(1057) User=0.57s Sys=0.00s Real=0.10s
...[4540.911s][info][gc,start       ] GC(1058) Pause Young (Allocation Failure)
[4541.006s][info][gc,heap        ] GC(1058) PSYoungGen: 2621664K(2635776K)->142752K(2636288K) Eden: 2478592K(2478592K)->0K(2483200K) From: 143072K(157184K)->142752K(153088K)
[4541.006s][info][gc,heap        ] GC(1058) ParOldGen: 4160832K(5460480K)->4251272K(5460480K)
[4541.006s][info][gc,metaspace   ] GC(1058) Metaspace: 29097K(29504K)->29097K(29504K) NonClass: 24204K(24384K)->24204K(24384K) Class: 4892K(5120K)->4892K(5120K)
[4541.006s][info][gc             ] GC(1058) Pause Young (Allocation Failure) 6623M->4291M(7907M) 95.394ms
[4541.006s][info][gc,cpu         ] GC(1058) User=0.57s Sys=0.00s Real=0.09s
...[4543.782s][info][gc,start       ] GC(1059) Pause Young (Allocation Failure)
[4543.881s][info][gc,heap        ] GC(1059) PSYoungGen: 2625952K(2636288K)->144384K(2637824K) Eden: 2483200K(2483200K)->0K(2483200K) From: 142752K(153088K)->144384K(154624K)
[4543.881s][info][gc,heap        ] GC(1059) ParOldGen: 4251272K(5460480K)->4343288K(5460480K)
[4543.881s][info][gc,metaspace   ] GC(1059) Metaspace: 29097K(29504K)->29097K(29504K) NonClass: 24204K(24384K)->24204K(24384K) Class: 4892K(5120K)->4892K(5120K)
[4543.882s][info][gc             ] GC(1059) Pause Young (Allocation Failure) 6716M->4382M(7908M) 99.535ms
[4543.882s][info][gc,cpu         ] GC(1059) User=0.59s Sys=0.00s Real=0.10s
...[4546.720s][info][gc,start       ] GC(1060) Pause Young (Allocation Failure)
[4546.816s][info][gc,heap        ] GC(1060) PSYoungGen: 2627584K(2637824K)->143456K(2639872K) Eden: 2483200K(2483200K)->0K(2487808K) From: 144384K(154624K)->143456K(152064K)
[4546.816s][info][gc,heap        ] GC(1060) ParOldGen: 4343288K(5460480K)->4432984K(5460480K)
[4546.816s][info][gc,metaspace   ] GC(1060) Metaspace: 29097K(29504K)->29097K(29504K) NonClass: 24204K(24384K)->24204K(24384K) Class: 4892K(5120K)->4892K(5120K)
[4546.816s][info][gc             ] GC(1060) Pause Young (Allocation Failure) 6807M->4469M(7910M) 96.435ms
[4546.816s][info][gc,cpu         ] GC(1060) User=0.58s Sys=0.00s Real=0.09s
...[4549.683s][info][gc,start       ] GC(1061) Pause Young (Allocation Failure)
[4549.782s][info][gc,heap        ] GC(1061) PSYoungGen: 2631264K(2639872K)->144448K(2640896K) Eden: 2487808K(2487808K)->0K(2487808K) From: 143456K(152064K)->144448K(153088K)
[4549.782s][info][gc,heap        ] GC(1061) ParOldGen: 4432984K(5460480K)->4524248K(5460480K)
[4549.782s][info][gc,metaspace   ] GC(1061) Metaspace: 29097K(29504K)->29097K(29504K) NonClass: 24204K(24384K)->24204K(24384K) Class: 4892K(5120K)->4892K(5120K)
[4549.782s][info][gc             ] GC(1061) Pause Young (Allocation Failure) 6898M->4559M(7911M) 99.497ms
[4549.782s][info][gc,cpu         ] GC(1061) User=0.59s Sys=0.00s Real=0.10s
...[4552.624s][info][gc,start       ] GC(1062) Pause Young (Allocation Failure)
[4552.720s][info][gc,heap        ] GC(1062) PSYoungGen: 2632256K(2640896K)->140672K(2641408K) Eden: 2487808K(2487808K)->0K(2490368K) From: 144448K(153088K)->140672K(151040K)
[4552.720s][info][gc,heap        ] GC(1062) ParOldGen: 4524248K(5460480K)->4617184K(5460480K)
[4552.720s][info][gc,metaspace   ] GC(1062) Metaspace: 29097K(29504K)->29097K(29504K) NonClass: 24204K(24384K)->24204K(24384K) Class: 4892K(5120K)->4892K(5120K)
[4552.720s][info][gc             ] GC(1062) Pause Young (Allocation Failure) 6988M->4646M(7912M) 96.714ms
[4552.720s][info][gc,cpu         ] GC(1062) User=0.57s Sys=0.00s Real=0.10s
...[4555.561s][info][gc,start       ] GC(1063) Pause Young (Allocation Failure)
[4555.659s][info][gc,heap        ] GC(1063) PSYoungGen: 2631040K(2641408K)->145016K(2642432K) Eden: 2490368K(2490368K)->0K(2490368K) From: 140672K(151040K)->145016K(152064K)
[4555.659s][info][gc,heap        ] GC(1063) ParOldGen: 4617184K(5460480K)->4708744K(5460480K)
[4555.659s][info][gc,metaspace   ] GC(1063) Metaspace: 29097K(29504K)->29097K(29504K) NonClass: 24204K(24384K)->24204K(24384K) Class: 4892K(5120K)->4892K(5120K)
[4555.660s][info][gc             ] GC(1063) Pause Young (Allocation Failure) 7078M->4740M(7913M) 98.633ms
[4555.660s][info][gc,cpu         ] GC(1063) User=0.59s Sys=0.00s Real=0.10s
...[4558.459s][info][gc,start       ] GC(1064) Pause Young (Allocation Failure)
[4558.555s][info][gc,heap        ] GC(1064) PSYoungGen: 2635384K(2642432K)->139040K(2642944K) Eden: 2490368K(2490368K)->0K(2491904K) From: 145016K(152064K)->139040K(151040K)
[4558.555s][info][gc,heap        ] GC(1064) ParOldGen: 4708744K(5460480K)->4800680K(5460480K)
[4558.555s][info][gc,metaspace   ] GC(1064) Metaspace: 29097K(29504K)->29097K(29504K) NonClass: 24204K(24384K)->24204K(24384K) Class: 4892K(5120K)->4892K(5120K)
[4558.555s][info][gc             ] GC(1064) Pause Young (Allocation Failure) 7172M->4823M(7913M) 96.306ms
[4558.555s][info][gc,cpu         ] GC(1064) User=0.57s Sys=0.00s Real=0.09s
...[4561.461s][info][gc,start       ] GC(1065) Pause Young (Allocation Failure)
[4561.559s][info][gc,heap        ] GC(1065) PSYoungGen: 2630944K(2642944K)->139904K(2643456K) Eden: 2491904K(2491904K)->0K(2491904K) From: 139040K(151040K)->139904K(151552K)
[4561.559s][info][gc,heap        ] GC(1065) ParOldGen: 4800680K(5460480K)->4892432K(5460480K)
[4561.559s][info][gc,metaspace   ] GC(1065) Metaspace: 29097K(29504K)->29097K(29504K) NonClass: 24204K(24384K)->24204K(24384K) Class: 4892K(5120K)->4892K(5120K)
[4561.559s][info][gc             ] GC(1065) Pause Young (Allocation Failure) 7257M->4914M(7914M) 97.342ms
[4561.559s][info][gc,cpu         ] GC(1065) User=0.58s Sys=0.00s Real=0.10s
...[4564.321s][info][gc,start       ] GC(1066) Pause Young (Allocation Failure)
[4564.422s][info][gc,heap        ] GC(1066) PSYoungGen: 2631808K(2643456K)->145749K(2644480K) Eden: 2491904K(2491904K)->0K(2492928K) From: 139904K(151552K)->145749K(151552K)
[4564.422s][info][gc,heap        ] GC(1066) ParOldGen: 4892432K(5460480K)->4985872K(5460480K)
[4564.422s][info][gc,metaspace   ] GC(1066) Metaspace: 29097K(29504K)->29097K(29504K) NonClass: 24204K(24384K)->24204K(24384K) Class: 4892K(5120K)->4892K(5120K)
[4564.422s][info][gc             ] GC(1066) Pause Young (Allocation Failure) 7347M->5011M(7915M) 100.744ms
[4564.422s][info][gc,cpu         ] GC(1066) User=0.60s Sys=0.00s Real=0.10s
...[4567.306s][info][gc,start       ] GC(1067) Pause Young (Allocation Failure)
[4567.400s][info][gc,heap        ] GC(1067) PSYoungGen: 2638677K(2644480K)->137760K(2644480K) Eden: 2492928K(2492928K)->0K(2492928K) From: 145749K(151552K)->137760K(151552K)
[4567.400s][info][gc,heap        ] GC(1067) ParOldGen: 4985872K(5460480K)->5076712K(5460480K)
[4567.400s][info][gc,metaspace   ] GC(1067) Metaspace: 29097K(29504K)->29097K(29504K) NonClass: 24204K(24384K)->24204K(24384K) Class: 4892K(5120K)->4892K(5120K)
[4567.400s][info][gc             ] GC(1067) Pause Young (Allocation Failure) 7445M->5092M(7915M) 93.756ms
[4567.400s][info][gc,cpu         ] GC(1067) User=0.56s Sys=0.00s Real=0.10s
..[4570.220s][info][gc,start       ] GC(1068) Pause Young (Allocation Failure)
[4570.317s][info][gc,heap        ] GC(1068) PSYoungGen: 2630688K(2644480K)->134976K(2643456K) Eden: 2492928K(2492928K)->0K(2491904K) From: 137760K(151552K)->134976K(151552K)
[4570.317s][info][gc,heap        ] GC(1068) ParOldGen: 5076712K(5460480K)->5169224K(5460480K)
[4570.317s][info][gc,metaspace   ] GC(1068) Metaspace: 29097K(29504K)->29097K(29504K) NonClass: 24204K(24384K)->24204K(24384K) Class: 4892K(5120K)->4892K(5120K)
[4570.317s][info][gc             ] GC(1068) Pause Young (Allocation Failure) 7526M->5179M(7914M) 96.352ms
[4570.317s][info][gc,cpu         ] GC(1068) User=0.57s Sys=0.00s Real=0.09s
...[4573.186s][info][gc,start       ] GC(1069) Pause Young (Allocation Failure)
[4573.293s][info][gc,heap        ] GC(1069) PSYoungGen: 2626880K(2643456K)->152052K(2643968K) Eden: 2491904K(2491904K)->0K(2491904K) From: 134976K(151552K)->152052K(152064K)
[4573.293s][info][gc,heap        ] GC(1069) ParOldGen: 5169224K(5460480K)->5268032K(5460480K)
[4573.293s][info][gc,metaspace   ] GC(1069) Metaspace: 29097K(29504K)->29097K(29504K) NonClass: 24204K(24384K)->24204K(24384K) Class: 4892K(5120K)->4892K(5120K)
[4573.293s][info][gc             ] GC(1069) Pause Young (Allocation Failure) 7613M->5293M(7914M) 106.706ms
[4573.293s][info][gc,cpu         ] GC(1069) User=0.64s Sys=0.00s Real=0.11s
... (rIR:aIR:PR = 6918:6915:6915) (tPR = 102160) [OK] 
  4575s: Performance info:
         Transaction,    Success,    Partial,     Failed,   Receipts, AvgBarcode, 
             Overall,     416721,          0,          0,     395903,      59.47, 
         Response times:
             Request,    Success,    Partial,     Failed,   SkipFail,     Probes,    Samples,      min,      p50,      p90,      p95,      p99,      max, 
       TotalPurchase,     395903,          0,          0,          0,     363130,     386193,      300,     5100,    10900,    25000,    69000,   161000,
     InStorePurchase,     208774,          0,          0,          0,     191589,     203219,      300,     5300,    11000,    25000,    70000,   161000,
      OnlinePurchase,     145477,          0,          0,          0,     133258,     141763,      300,     4900,    10600,    24000,    67000,   159000,
        InstPurchase,      41652,          0,          0,          0,      38283,      41211,      400,     5200,    10800,    27000,    70000,   159000,
          AssocOfCat,        417,          0,          0,          0,        336,        426,    19500,    34000,    53000,    63300,   158460,   175000,
      AssocOfProduct,       4160,          0,          0,          0,       3928,       4409,      600,     7100,    14300,    33000,    82000,   126000,
      BusinessReport,       1046,          0,          0,          0,        927,       1117,    25000,    40000,    57000,    69100,   156460,   196000,
          CustBuyBeh,       4183,          0,          0,          0,       3942,       4470,      300,     4700,    10300,    26450,    63000,   124000,
       ProductReturn,      11029,          0,          0,          0,       9422,      10376,      200,     5000,    10800,    25000,    64000,   137000,

  4575s: (51%)   IR =   7057 [4576.108s][info][gc,start       ] GC(1070) Pause Young (Allocation Failure)
[4576.206s][info][gc,heap        ] GC(1070) PSYoungGen: 2643956K(2643968K)->142400K(2569216K) Eden: 2491904K(2491904K)->0K(2417152K) From: 152052K(152064K)->142400K(152064K)
[4576.206s][info][gc,heap        ] GC(1070) ParOldGen: 5268032K(5460480K)->5359472K(5460480K)
[4576.206s][info][gc,metaspace   ] GC(1070) Metaspace: 29097K(29504K)->29097K(29504K) NonClass: 24204K(24384K)->24204K(24384K) Class: 4892K(5120K)->4892K(5120K)
[4576.206s][info][gc             ] GC(1070) Pause Young (Allocation Failure) 7726M->5372M(7841M) 97.238ms
[4576.206s][info][gc,cpu         ] GC(1070) User=0.58s Sys=0.00s Real=0.09s
...[4578.913s][info][gc,start       ] GC(1071) Pause Young (Allocation Failure)
[4579.011s][info][gc,heap        ] GC(1071) PSYoungGen: 2559552K(2569216K)->142624K(2606592K) Eden: 2417152K(2417152K)->0K(2417152K) From: 142400K(152064K)->142624K(189440K)
[4579.011s][info][gc,heap        ] GC(1071) ParOldGen: 5359472K(5460480K)->5451672K(5460480K)
[4579.011s][info][gc,metaspace   ] GC(1071) Metaspace: 29097K(29504K)->29097K(29504K) NonClass: 24204K(24384K)->24204K(24384K) Class: 4892K(5120K)->4892K(5120K)
[4579.011s][info][gc             ] GC(1071) Pause Young (Allocation Failure) 7733M->5463M(7878M) 97.756ms
[4579.011s][info][gc,cpu         ] GC(1071) User=0.59s Sys=0.00s Real=0.10s
..|.[4581.720s][info][gc,start       ] GC(1072) Pause Young (Allocation Failure)
[4581.821s][info][gc,heap        ] GC(1072) PSYoungGen: 2559776K(2606592K)->141616K(2599936K) Eden: 2417152K(2417152K)->0K(2419712K) From: 142624K(189440K)->141616K(180224K)
[4581.821s][info][gc,heap        ] GC(1072) ParOldGen: 5451672K(5460480K)->5542752K(5542912K)
[4581.821s][info][gc,metaspace   ] GC(1072) Metaspace: 29097K(29504K)->29097K(29504K) NonClass: 24204K(24384K)->24204K(24384K) Class: 4892K(5120K)->4892K(5120K)
[4581.821s][info][gc             ] GC(1072) Pause Young (Allocation Failure) 7823M->5551M(7952M) 101.152ms
[4581.821s][info][gc,cpu         ] GC(1072) User=0.58s Sys=0.03s Real=0.10s
...[4584.473s][info][gc,start       ] GC(1073) Pause Full (Allocation Failure)
[4584.473s][info][gc,phases,start] GC(1073) Marking Phase
[4584.765s][info][gc,phases      ] GC(1073) Marking Phase 291.913ms
[4584.765s][info][gc,phases,start] GC(1073) Summary Phase
[4584.765s][info][gc,phases      ] GC(1073) Summary Phase 0.100ms
[4584.765s][info][gc,phases,start] GC(1073) Forward
[4584.885s][info][gc,phases      ] GC(1073) Forward 120.220ms
[4584.885s][info][gc,phases,start] GC(1073) Adjust Pointers
[4585.076s][info][gc,phases      ] GC(1073) Adjust Pointers 191.090ms
[4585.076s][info][gc,phases,start] GC(1073) Compaction Phase
[4585.199s][info][gc,phases      ] GC(1073) Compaction Phase 122.101ms
[4585.199s][info][gc,phases,start] GC(1073) Post Compact
[4585.206s][info][gc,phases      ] GC(1073) Post Compact 6.956ms
[4585.340s][info][gc,heap        ] GC(1073) PSYoungGen: 2561328K(2599936K)->0K(2604544K) Eden: 2419712K(2419712K)->0K(2419712K) From: 141616K(180224K)->0K(184832K)
[4585.340s][info][gc,heap        ] GC(1073) ParOldGen: 5542752K(5542912K)->1416909K(1644032K)
[4585.340s][info][gc,metaspace   ] GC(1073) Metaspace: 29097K(29504K)->29097K(29504K) NonClass: 24204K(24384K)->24204K(24384K) Class: 4892K(5120K)->4892K(5120K)
[4585.340s][info][gc             ] GC(1073) Pause Full (Allocation Failure) 7914M->1383M(4149M) 867.613ms
[4585.341s][info][gc,cpu         ] GC(1073) User=3.94s Sys=0.13s Real=0.87s
..[4587.342s][info][gc,start       ] GC(1074) Pause Young (Allocation Failure)
[4587.407s][info][gc,heap        ] GC(1074) PSYoungGen: 2419712K(2604544K)->142580K(2607104K) Eden: 2419712K(2419712K)->0K(2426368K) From: 0K(184832K)->142580K(180736K)
[4587.407s][info][gc,heap        ] GC(1074) ParOldGen: 1416909K(1644032K)->1416909K(1644032K)
[4587.407s][info][gc,metaspace   ] GC(1074) Metaspace: 29097K(29504K)->29097K(29504K) NonClass: 24204K(24384K)->24204K(24384K) Class: 4892K(5120K)->4892K(5120K)
[4587.407s][info][gc             ] GC(1074) Pause Young (Allocation Failure) 3746M->1522M(4151M) 64.867ms
[4587.407s][info][gc,cpu         ] GC(1074) User=0.38s Sys=0.00s Real=0.06s
...[4590.112s][info][gc,start       ] GC(1075) Pause Young (Allocation Failure)
[4590.204s][info][gc,heap        ] GC(1075) PSYoungGen: 2568948K(2607104K)->140512K(2609152K) Eden: 2426368K(2426368K)->0K(2426368K) From: 142580K(180736K)->140512K(182784K)
[4590.204s][info][gc,heap        ] GC(1075) ParOldGen: 1416909K(1644032K)->1509141K(1644032K)
[4590.204s][info][gc,metaspace   ] GC(1075) Metaspace: 29097K(29504K)->29097K(29504K) NonClass: 24204K(24384K)->24204K(24384K) Class: 4892K(5120K)->4892K(5120K)
[4590.204s][info][gc             ] GC(1075) Pause Young (Allocation Failure) 3892M->1610M(4153M) 92.846ms
[4590.205s][info][gc,cpu         ] GC(1075) User=0.56s Sys=0.00s Real=0.09s
...[4592.873s][info][gc,start       ] GC(1076) Pause Young (Allocation Failure)
[4592.968s][info][gc,heap        ] GC(1076) PSYoungGen: 2566880K(2609152K)->143077K(2609152K) Eden: 2426368K(2426368K)->0K(2432512K) From: 140512K(182784K)->143077K(176640K)
[4592.968s][info][gc,heap        ] GC(1076) ParOldGen: 1509141K(1644032K)->1600205K(1644032K)
[4592.968s][info][gc,metaspace   ] GC(1076) Metaspace: 29097K(29504K)->29097K(29504K) NonClass: 24204K(24384K)->24204K(24384K) Class: 4892K(5120K)->4892K(5120K)
[4592.968s][info][gc             ] GC(1076) Pause Young (Allocation Failure) 3980M->1702M(4153M) 94.444ms
[4592.968s][info][gc,cpu         ] GC(1076) User=0.56s Sys=0.01s Real=0.10s
...[4595.708s][info][gc,start       ] GC(1077) Pause Young (Allocation Failure)
[4595.802s][info][gc,heap        ] GC(1077) PSYoungGen: 2575589K(2609152K)->138624K(2611200K) Eden: 2432512K(2432512K)->0K(2432512K) From: 143077K(176640K)->138624K(178688K)
[4595.802s][info][gc,heap        ] GC(1077) ParOldGen: 1600205K(1644032K)->1690957K(1691136K)
[4595.802s][info][gc,metaspace   ] GC(1077) Metaspace: 29097K(29504K)->29097K(29504K) NonClass: 24204K(24384K)->24204K(24384K) Class: 4892K(5120K)->4892K(5120K)
[4595.802s][info][gc             ] GC(1077) Pause Young (Allocation Failure) 4077M->1786M(4201M) 93.701ms
[4595.802s][info][gc,cpu         ] GC(1077) User=0.54s Sys=0.02s Real=0.09s
...[4598.517s][info][gc,start       ] GC(1078) Pause Young (Allocation Failure)
[4598.615s][info][gc,heap        ] GC(1078) PSYoungGen: 2571136K(2611200K)->141392K(2611712K) Eden: 2432512K(2432512K)->0K(2440192K) From: 138624K(178688K)->141392K(171520K)
[4598.615s][info][gc,heap        ] GC(1078) ParOldGen: 1690957K(1691136K)->1781989K(1782272K)
[4598.615s][info][gc,metaspace   ] GC(1078) Metaspace: 29097K(29504K)->29097K(29504K) NonClass: 24204K(24384K)->24204K(24384K) Class: 4892K(5120K)->4892K(5120K)
[4598.615s][info][gc             ] GC(1078) Pause Young (Allocation Failure) 4162M->1878M(4291M) 97.840ms
[4598.615s][info][gc,cpu         ] GC(1078) User=0.55s Sys=0.03s Real=0.10s
..[4601.297s][info][gc,start       ] GC(1079) Pause Young (Allocation Failure)
[4601.393s][info][gc,heap        ] GC(1079) PSYoungGen: 2581584K(2611712K)->135392K(2614784K) Eden: 2440192K(2440192K)->0K(2440192K) From: 141392K(171520K)->135392K(174592K)
[4601.393s][info][gc,heap        ] GC(1079) ParOldGen: 1781989K(1782272K)->1873605K(1873920K)
[4601.393s][info][gc,metaspace   ] GC(1079) Metaspace: 29097K(29504K)->29097K(29504K) NonClass: 24204K(24384K)->24204K(24384K) Class: 4892K(5120K)->4892K(5120K)
[4601.393s][info][gc             ] GC(1079) Pause Young (Allocation Failure) 4261M->1961M(4383M) 95.785ms
[4601.393s][info][gc,cpu         ] GC(1079) User=0.54s Sys=0.03s Real=0.10s
...[4604.163s][info][gc,start       ] GC(1080) Pause Young (Allocation Failure)
[4604.265s][info][gc,heap        ] GC(1080) PSYoungGen: 2575584K(2614784K)->149616K(2617856K) Eden: 2440192K(2440192K)->0K(2447360K) From: 135392K(174592K)->149616K(170496K)
[4604.265s][info][gc,heap        ] GC(1080) ParOldGen: 1873605K(1873920K)->1964885K(1965056K)
[4604.265s][info][gc,metaspace   ] GC(1080) Metaspace: 29097K(29504K)->29097K(29504K) NonClass: 24204K(24384K)->24204K(24384K) Class: 4892K(5120K)->4892K(5120K)
[4604.265s][info][gc             ] GC(1080) Pause Young (Allocation Failure) 4344M->2064M(4475M) 102.110ms
[4604.265s][info][gc,cpu         ] GC(1080) User=0.58s Sys=0.03s Real=0.10s
...[4607.015s][info][gc,start       ] GC(1081) Pause Young (Allocation Failure)
[4607.112s][info][gc,heap        ] GC(1081) PSYoungGen: 2596976K(2617856K)->142080K(2619904K) Eden: 2447360K(2447360K)->0K(2447360K) From: 149616K(170496K)->142080K(172544K)
[4607.112s][info][gc,heap        ] GC(1081) ParOldGen: 1964885K(1965056K)->2055501K(2055680K)
[4607.112s][info][gc,metaspace   ] GC(1081) Metaspace: 29097K(29504K)->29097K(29504K) NonClass: 24204K(24384K)->24204K(24384K) Class: 4892K(5120K)->4892K(5120K)
[4607.112s][info][gc             ] GC(1081) Pause Young (Allocation Failure) 4454M->2146M(4566M) 96.575ms
[4607.112s][info][gc,cpu         ] GC(1081) User=0.56s Sys=0.02s Real=0.10s
...[4609.771s][info][gc,start       ] GC(1082) Pause Young (Allocation Failure)
[4609.866s][info][gc,heap        ] GC(1082) PSYoungGen: 2589440K(2619904K)->135168K(2622464K) Eden: 2447360K(2447360K)->0K(2452992K) From: 142080K(172544K)->135168K(169472K)
[4609.866s][info][gc,heap        ] GC(1082) ParOldGen: 2055501K(2055680K)->2148205K(2148352K)
[4609.866s][info][gc,metaspace   ] GC(1082) Metaspace: 29097K(29504K)->29097K(29504K) NonClass: 24204K(24384K)->24204K(24384K) Class: 4892K(5120K)->4892K(5120K)
[4609.866s][info][gc             ] GC(1082) Pause Young (Allocation Failure) 4536M->2229M(4659M) 94.937ms
[4609.866s][info][gc,cpu         ] GC(1082) User=0.53s Sys=0.03s Real=0.09s
...[4612.670s][info][gc,start       ] GC(1083) Pause Young (Allocation Failure)
[4612.767s][info][gc,heap        ] GC(1083) PSYoungGen: 2588160K(2622464K)->142592K(2622976K) Eden: 2452992K(2452992K)->0K(2452992K) From: 135168K(169472K)->142592K(169984K)
[4612.767s][info][gc,heap        ] GC(1083) ParOldGen: 2148205K(2148352K)->2236565K(2236928K)
[4612.767s][info][gc,metaspace   ] GC(1083) Metaspace: 29097K(29504K)->29097K(29504K) NonClass: 24204K(24384K)->24204K(24384K) Class: 4892K(5120K)->4892K(5120K)
[4612.767s][info][gc             ] GC(1083) Pause Young (Allocation Failure) 4625M->2323M(4746M) 97.419ms
[4612.767s][info][gc,cpu         ] GC(1083) User=0.55s Sys=0.02s Real=0.09s
..[4615.452s][info][gc,start       ] GC(1084) Pause Young (Allocation Failure)
[4615.548s][info][gc,heap        ] GC(1084) PSYoungGen: 2595584K(2622976K)->133216K(2624512K) Eden: 2452992K(2452992K)->0K(2457088K) From: 142592K(169984K)->133216K(167424K)
[4615.548s][info][gc,heap        ] GC(1084) ParOldGen: 2236565K(2236928K)->2332085K(2332160K)
[4615.548s][info][gc,metaspace   ] GC(1084) Metaspace: 29097K(29504K)->29097K(29504K) NonClass: 24204K(24384K)->24204K(24384K) Class: 4892K(5120K)->4892K(5120K)
[4615.548s][info][gc             ] GC(1084) Pause Young (Allocation Failure) 4718M->2407M(4840M) 95.722ms
[4615.548s][info][gc,cpu         ] GC(1084) User=0.53s Sys=0.03s Real=0.10s
...[4618.324s][info][gc,start       ] GC(1085) Pause Young (Allocation Failure)
[4618.421s][info][gc,heap        ] GC(1085) PSYoungGen: 2590304K(2624512K)->140288K(2624000K) Eden: 2457088K(2457088K)->0K(2457088K) From: 133216K(167424K)->140288K(166912K)
[4618.421s][info][gc,heap        ] GC(1085) ParOldGen: 2332085K(2332160K)->2420901K(2421248K)
[4618.421s][info][gc,metaspace   ] GC(1085) Metaspace: 29097K(29504K)->29097K(29504K) NonClass: 24204K(24384K)->24204K(24384K) Class: 4892K(5120K)->4892K(5120K)
[4618.421s][info][gc             ] GC(1085) Pause Young (Allocation Failure) 4807M->2501M(4927M) 97.222ms
[4618.421s][info][gc,cpu         ] GC(1085) User=0.55s Sys=0.03s Real=0.10s
...[4621.183s][info][gc,start       ] GC(1086) Pause Young (Allocation Failure)
[4621.281s][info][gc,heap        ] GC(1086) PSYoungGen: 2597376K(2624000K)->142688K(2626048K) Eden: 2457088K(2457088K)->0K(2463744K) From: 140288K(166912K)->142688K(162304K)
[4621.281s][info][gc,heap        ] GC(1086) ParOldGen: 2420901K(2421248K)->2512189K(2512384K)
[4621.281s][info][gc,metaspace   ] GC(1086) Metaspace: 29097K(29504K)->29097K(29504K) NonClass: 24204K(24384K)->24204K(24384K) Class: 4892K(5120K)->4892K(5120K)
[4621.281s][info][gc             ] GC(1086) Pause Young (Allocation Failure) 4900M->2592M(5018M) 98.870ms
[4621.282s][info][gc,cpu         ] GC(1086) User=0.56s Sys=0.03s Real=0.10s
...[4624.044s][info][gc,start       ] GC(1087) Pause Young (Allocation Failure)
[4624.146s][info][gc,heap        ] GC(1087) PSYoungGen: 2606432K(2626048K)->146597K(2626560K) Eden: 2463744K(2463744K)->0K(2463744K) From: 142688K(162304K)->146597K(162816K)
[4624.146s][info][gc,heap        ] GC(1087) ParOldGen: 2512189K(2512384K)->2602965K(2603008K)
[4624.146s][info][gc,metaspace   ] GC(1087) Metaspace: 29097K(29504K)->29097K(29504K) NonClass: 24204K(24384K)->24204K(24384K) Class: 4892K(5120K)->4892K(5120K)
[4624.146s][info][gc             ] GC(1087) Pause Young (Allocation Failure) 4998M->2685M(5107M) 102.053ms
[4624.146s][info][gc,cpu         ] GC(1087) User=0.58s Sys=0.03s Real=0.10s
...[4626.831s][info][gc,start       ] GC(1088) Pause Young (Allocation Failure)
[4626.932s][info][gc,heap        ] GC(1088) PSYoungGen: 2610341K(2626560K)->141925K(2630144K) Eden: 2463744K(2463744K)->0K(2470912K) From: 146597K(162816K)->141925K(159232K)
[4626.932s][info][gc,heap        ] GC(1088) ParOldGen: 2602965K(2603008K)->2694965K(2695168K)
[4626.932s][info][gc,metaspace   ] GC(1088) Metaspace: 29097K(29504K)->29097K(29504K) NonClass: 24204K(24384K)->24204K(24384K) Class: 4892K(5120K)->4892K(5120K)
[4626.932s][info][gc             ] GC(1088) Pause Young (Allocation Failure) 5091M->2770M(5200M) 100.386ms
[4626.932s][info][gc,cpu         ] GC(1088) User=0.57s Sys=0.03s Real=0.10s
...[4629.680s][info][gc,start       ] GC(1089) Pause Young (Allocation Failure)
[4629.783s][info][gc,heap        ] GC(1089) PSYoungGen: 2612837K(2630144K)->149972K(2631680K) Eden: 2470912K(2470912K)->0K(2470912K) From: 141925K(159232K)->149972K(160768K)
[4629.783s][info][gc,heap        ] GC(1089) ParOldGen: 2694965K(2695168K)->2784013K(2784256K)
[4629.783s][info][gc,metaspace   ] GC(1089) Metaspace: 29097K(29504K)->29097K(29504K) NonClass: 24204K(24384K)->24204K(24384K) Class: 4892K(5120K)->4892K(5120K)
[4629.783s][info][gc             ] GC(1089) Pause Young (Allocation Failure) 5183M->2865M(5289M) 102.886ms
[4629.783s][info][gc,cpu         ] GC(1089) User=0.59s Sys=0.02s Real=0.10s
..[4632.536s][info][gc,start       ] GC(1090) Pause Young (Allocation Failure)
[4632.634s][info][gc,heap        ] GC(1090) PSYoungGen: 2620884K(2631680K)->138528K(2634752K) Eden: 2470912K(2470912K)->0K(2473984K) From: 149972K(160768K)->138528K(160768K)
[4632.634s][info][gc,heap        ] GC(1090) ParOldGen: 2784013K(2784256K)->2876133K(2876416K)
[4632.634s][info][gc,metaspace   ] GC(1090) Metaspace: 29097K(29504K)->29097K(29504K) NonClass: 24204K(24384K)->24204K(24384K) Class: 4892K(5120K)->4892K(5120K)
[4632.634s][info][gc             ] GC(1090) Pause Young (Allocation Failure) 5278M->2944M(5382M) 97.343ms
[4632.634s][info][gc,cpu         ] GC(1090) User=0.56s Sys=0.02s Real=0.10s
...[4635.405s][info][gc,start       ] GC(1091) Pause Young (Allocation Failure)
[4635.511s][info][gc,heap        ] GC(1091) PSYoungGen: 2612512K(2634752K)->152542K(2626560K) Eden: 2473984K(2473984K)->0K(2473984K) From: 138528K(160768K)->152542K(152576K)
[4635.511s][info][gc,heap        ] GC(1091) ParOldGen: 2876133K(2876416K)->2967253K(2967552K)
[4635.511s][info][gc,metaspace   ] GC(1091) Metaspace: 29097K(29504K)->29097K(29504K) NonClass: 24204K(24384K)->24204K(24384K) Class: 4892K(5120K)->4892K(5120K)
[4635.511s][info][gc             ] GC(1091) Pause Young (Allocation Failure) 5360M->3046M(5463M) 106.328ms
[4635.511s][info][gc,cpu         ] GC(1091) User=0.60s Sys=0.03s Real=0.11s
...[4638.288s][info][gc,start       ] GC(1092) Pause Young (Allocation Failure)
[4638.384s][info][gc,heap        ] GC(1092) PSYoungGen: 2626526K(2626560K)->137568K(2634240K) Eden: 2473984K(2473984K)->0K(2471936K) From: 152542K(152576K)->137568K(162304K)
[4638.384s][info][gc,heap        ] GC(1092) ParOldGen: 2967253K(2967552K)->3059365K(3059712K)
[4638.384s][info][gc,metaspace   ] GC(1092) Metaspace: 29097K(29504K)->29097K(29504K) NonClass: 24204K(24384K)->24204K(24384K) Class: 4892K(5120K)->4892K(5120K)
[4638.385s][info][gc             ] GC(1092) Pause Young (Allocation Failure) 5462M->3122M(5560M) 96.780ms
[4638.385s][info][gc,cpu         ] GC(1092) User=0.55s Sys=0.02s Real=0.09s
... (rIR:aIR:PR = 7057:7056:7056) (tPR = 104066) [OK] 
  4640s: Performance info:
         Transaction,    Success,    Partial,     Failed,   Receipts, AvgBarcode, 
             Overall,     424933,          0,          0,     403713,      59.48, 
         Response times:
             Request,    Success,    Partial,     Failed,   SkipFail,     Probes,    Samples,      min,      p50,      p90,      p95,      p99,      max, 
       TotalPurchase,     403686,          0,          0,          0,     357241,     392224,      300,     5000,    10700,    23000,    91000,   910000,
     InStorePurchase,     212768,          0,          0,          0,     188284,     206426,      300,     5100,    10800,    23000,    91000,   910000,
      OnlinePurchase,     148568,          0,          0,          0,     131480,     144288,      300,     5100,    10700,    24000,    91000,   910000,
        InstPurchase,      42350,          0,          0,          0,      37477,      41510,      300,     4900,    10600,    23000,    85000,   910000,
          AssocOfCat,        424,          0,          0,          0,        328,        430,    21000,    34000,    48900,    60000,    99760,   161000,
      AssocOfProduct,       4245,          0,          0,          0,       3946,       4544,      500,     4100,    10000,    18600,    55000,   127000,
      BusinessReport,       1070,          0,          0,          0,        958,       1172,    25000,    43000,    59700,    69350,   140270,   163000,
          CustBuyBeh,       4259,          0,          0,          0,       3913,       4447,      400,     4900,    10300,    23000,    56000,   125000,
       ProductReturn,      11240,          0,          0,          0,       9538,      10560,      200,     4600,    10400,    22000,    92000,   900000,

  4640s: (52%)   IR =   7195 [4641.111s][info][gc,start       ] GC(1093) Pause Young (Allocation Failure)
[4641.211s][info][gc,heap        ] GC(1093) PSYoungGen: 2609504K(2634240K)->143584K(2615808K) Eden: 2471936K(2471936K)->0K(2471936K) From: 137568K(162304K)->143584K(143872K)
[4641.211s][info][gc,heap        ] GC(1093) ParOldGen: 3059365K(3059712K)->3151237K(3151360K)
[4641.211s][info][gc,metaspace   ] GC(1093) Metaspace: 29097K(29504K)->29097K(29504K) NonClass: 24204K(24384K)->24204K(24384K) Class: 4892K(5120K)->4892K(5120K)
[4641.211s][info][gc             ] GC(1093) Pause Young (Allocation Failure) 5536M->3217M(5632M) 99.743ms
[4641.211s][info][gc,cpu         ] GC(1093) User=0.56s Sys=0.03s Real=0.10s
...[4643.886s][info][gc,start       ] GC(1094) Pause Young (Allocation Failure)
[4643.990s][info][gc,heap        ] GC(1094) PSYoungGen: 2615520K(2615808K)->149652K(2630656K) Eden: 2471936K(2471936K)->0K(2470912K) From: 143584K(143872K)->149652K(159744K)
[4643.990s][info][gc,heap        ] GC(1094) ParOldGen: 3151237K(3151360K)->3244077K(3244544K)
[4643.990s][info][gc,metaspace   ] GC(1094) Metaspace: 29097K(29504K)->29097K(29504K) NonClass: 24204K(24384K)->24204K(24384K) Class: 4892K(5120K)->4892K(5120K)
[4643.990s][info][gc             ] GC(1094) Pause Young (Allocation Failure) 5631M->3314M(5737M) 103.559ms
[4643.990s][info][gc,cpu         ] GC(1094) User=0.59s Sys=0.03s Real=0.11s
...|[4646.714s][info][gc,start       ] GC(1095) Pause Young (Allocation Failure)
[4646.811s][info][gc,heap        ] GC(1095) PSYoungGen: 2620564K(2630656K)->141376K(2631680K) Eden: 2470912K(2470912K)->0K(2470912K) From: 149652K(159744K)->141376K(160768K)
[4646.811s][info][gc,heap        ] GC(1095) ParOldGen: 3244077K(3244544K)->3334325K(3334656K)
[4646.811s][info][gc,metaspace   ] GC(1095) Metaspace: 29097K(29504K)->29097K(29504K) NonClass: 24204K(24384K)->24204K(24384K) Class: 4892K(5120K)->4892K(5120K)
[4646.811s][info][gc             ] GC(1095) Pause Young (Allocation Failure) 5727M->3394M(5826M) 96.684ms
[4646.811s][info][gc,cpu         ] GC(1095) User=0.55s Sys=0.02s Real=0.10s
..[4649.491s][info][gc,start       ] GC(1096) Pause Young (Allocation Failure)
[4649.588s][info][gc,heap        ] GC(1096) PSYoungGen: 2612288K(2631680K)->139008K(2634752K) Eden: 2470912K(2470912K)->0K(2476032K) From: 141376K(160768K)->139008K(158720K)
[4649.588s][info][gc,heap        ] GC(1096) ParOldGen: 3334325K(3334656K)->3426229K(3426304K)
[4649.588s][info][gc,metaspace   ] GC(1096) Metaspace: 29097K(29504K)->29097K(29504K) NonClass: 24204K(24384K)->24204K(24384K) Class: 4892K(5120K)->4892K(5120K)
[4649.588s][info][gc             ] GC(1096) Pause Young (Allocation Failure) 5807M->3481M(5919M) 96.492ms
[4649.588s][info][gc,cpu         ] GC(1096) User=0.54s Sys=0.04s Real=0.10s
...[4652.268s][info][gc,start       ] GC(1097) Pause Young (Allocation Failure)
[4652.368s][info][gc,heap        ] GC(1097) PSYoungGen: 2615040K(2634752K)->141637K(2634752K) Eden: 2476032K(2476032K)->0K(2476032K) From: 139008K(158720K)->141637K(158720K)
[4652.368s][info][gc,heap        ] GC(1097) ParOldGen: 3426229K(3426304K)->3517853K(3517952K)
[4652.368s][info][gc,metaspace   ] GC(1097) Metaspace: 29097K(29504K)->29097K(29504K) NonClass: 24204K(24384K)->24204K(24384K) Class: 4892K(5120K)->4892K(5120K)
[4652.368s][info][gc             ] GC(1097) Pause Young (Allocation Failure) 5899M->3573M(6008M) 100.115ms
[4652.368s][info][gc,cpu         ] GC(1097) User=0.57s Sys=0.03s Real=0.10s
...[4655.080s][info][gc,start       ] GC(1098) Pause Young (Allocation Failure)
[4655.186s][info][gc,heap        ] GC(1098) PSYoungGen: 2617669K(2634752K)->152836K(2634240K) Eden: 2476032K(2476032K)->0K(2476544K) From: 141637K(158720K)->152836K(157696K)
[4655.186s][info][gc,heap        ] GC(1098) ParOldGen: 3517853K(3517952K)->3607861K(3608064K)
[4655.186s][info][gc,metaspace   ] GC(1098) Metaspace: 29097K(29504K)->29097K(29504K) NonClass: 24204K(24384K)->24204K(24384K) Class: 4892K(5120K)->4892K(5120K)
[4655.186s][info][gc             ] GC(1098) Pause Young (Allocation Failure) 5991M->3672M(6096M) 106.033ms
[4655.186s][info][gc,cpu         ] GC(1098) User=0.60s Sys=0.03s Real=0.10s
...[4657.850s][info][gc,start       ] GC(1099) Pause Young (Allocation Failure)
[4657.951s][info][gc,heap        ] GC(1099) PSYoungGen: 2629380K(2634240K)->144400K(2636288K) Eden: 2476544K(2476544K)->0K(2476544K) From: 152836K(157696K)->144400K(159744K)
[4657.951s][info][gc,heap        ] GC(1099) ParOldGen: 3607861K(3608064K)->3701077K(3701248K)
[4657.951s][info][gc,metaspace   ] GC(1099) Metaspace: 29097K(29504K)->29097K(29504K) NonClass: 24204K(24384K)->24204K(24384K) Class: 4892K(5120K)->4892K(5120K)
[4657.951s][info][gc             ] GC(1099) Pause Young (Allocation Failure) 6091M->3755M(6189M) 101.642ms
[4657.951s][info][gc,cpu         ] GC(1099) User=0.59s Sys=0.02s Real=0.10s
..[4660.673s][info][gc,start       ] GC(1100) Pause Young (Allocation Failure)
[4660.771s][info][gc,heap        ] GC(1100) PSYoungGen: 2620944K(2636288K)->139968K(2634752K) Eden: 2476544K(2476544K)->0K(2478080K) From: 144400K(159744K)->139968K(156672K)
[4660.771s][info][gc,heap        ] GC(1100) ParOldGen: 3701077K(3701248K)->3791981K(3792384K)
[4660.771s][info][gc,metaspace   ] GC(1100) Metaspace: 29097K(29504K)->29097K(29504K) NonClass: 24204K(24384K)->24204K(24384K) Class: 4892K(5120K)->4892K(5120K)
[4660.771s][info][gc             ] GC(1100) Pause Young (Allocation Failure) 6173M->3839M(6276M) 98.006ms
[4660.771s][info][gc,cpu         ] GC(1100) User=0.55s Sys=0.03s Real=0.10s
...[4663.476s][info][gc,start       ] GC(1101) Pause Young (Allocation Failure)
[4663.578s][info][gc,heap        ] GC(1101) PSYoungGen: 2618048K(2634752K)->141781K(2635776K) Eden: 2478080K(2478080K)->0K(2478080K) From: 139968K(156672K)->141781K(157696K)
[4663.578s][info][gc,heap        ] GC(1101) ParOldGen: 3791981K(3792384K)->3883061K(3883520K)
[4663.578s][info][gc,metaspace   ] GC(1101) Metaspace: 29097K(29504K)->29097K(29504K) NonClass: 24204K(24384K)->24204K(24384K) Class: 4892K(5120K)->4892K(5120K)
[4663.578s][info][gc             ] GC(1101) Pause Young (Allocation Failure) 6259M->3930M(6366M) 102.662ms
[4663.579s][info][gc,cpu         ] GC(1101) User=0.57s Sys=0.03s Real=0.11s
...[4666.287s][info][gc,start       ] GC(1102) Pause Young (Allocation Failure)
[4666.387s][info][gc,heap        ] GC(1102) PSYoungGen: 2619861K(2635776K)->142176K(2636288K) Eden: 2478080K(2478080K)->0K(2481664K) From: 141781K(157696K)->142176K(154624K)
[4666.387s][info][gc,heap        ] GC(1102) ParOldGen: 3883061K(3883520K)->3973101K(3973120K)
[4666.387s][info][gc,metaspace   ] GC(1102) Metaspace: 29097K(29504K)->29097K(29504K) NonClass: 24204K(24384K)->24204K(24384K) Class: 4892K(5120K)->4892K(5120K)
[4666.387s][info][gc             ] GC(1102) Pause Young (Allocation Failure) 6350M->4018M(6454M) 99.398ms
[4666.387s][info][gc,cpu         ] GC(1102) User=0.57s Sys=0.02s Real=0.09s
...[4669.084s][info][gc,start       ] GC(1103) Pause Young (Allocation Failure)
[4669.188s][info][gc,heap        ] GC(1103) PSYoungGen: 2623840K(2636288K)->148836K(2637312K) Eden: 2481664K(2481664K)->0K(2481664K) From: 142176K(154624K)->148836K(155648K)
[4669.188s][info][gc,heap        ] GC(1103) ParOldGen: 3973101K(3973120K)->4066125K(4066304K)
[4669.188s][info][gc,metaspace   ] GC(1103) Metaspace: 29097K(29504K)->29097K(29504K) NonClass: 24204K(24384K)->24204K(24384K) Class: 4892K(5120K)->4892K(5120K)
[4669.188s][info][gc             ] GC(1103) Pause Young (Allocation Failure) 6442M->4116M(6546M) 103.657ms
[4669.188s][info][gc,cpu         ] GC(1103) User=0.58s Sys=0.03s Real=0.11s
...[4671.867s][info][gc,start       ] GC(1104) Pause Young (Allocation Failure)
[4671.970s][info][gc,heap        ] GC(1104) PSYoungGen: 2630500K(2637312K)->148656K(2638848K) Eden: 2481664K(2481664K)->0K(2482688K) From: 148836K(155648K)->148656K(156160K)
[4671.970s][info][gc,heap        ] GC(1104) ParOldGen: 4066125K(4066304K)->4156461K(4156928K)
[4671.970s][info][gc,metaspace   ] GC(1104) Metaspace: 29097K(29504K)->29097K(29504K) NonClass: 24204K(24384K)->24204K(24384K) Class: 4892K(5120K)->4892K(5120K)
[4671.970s][info][gc             ] GC(1104) Pause Young (Allocation Failure) 6539M->4204M(6636M) 103.214ms
[4671.970s][info][gc,cpu         ] GC(1104) User=0.58s Sys=0.03s Real=0.11s
..[4674.717s][info][gc,start       ] GC(1105) Pause Young (Allocation Failure)
[4674.822s][info][gc,heap        ] GC(1105) PSYoungGen: 2631344K(2638848K)->148340K(2631168K) Eden: 2482688K(2482688K)->0K(2482688K) From: 148656K(156160K)->148340K(148480K)
[4674.822s][info][gc,heap        ] GC(1105) ParOldGen: 4156461K(4156928K)->4247149K(4247552K)
[4674.822s][info][gc,metaspace   ] GC(1105) Metaspace: 29097K(29504K)->29097K(29504K) NonClass: 24204K(24384K)->24204K(24384K) Class: 4892K(5120K)->4892K(5120K)
[4674.822s][info][gc             ] GC(1105) Pause Young (Allocation Failure) 6628M->4292M(6717M) 104.478ms
[4674.822s][info][gc,cpu         ] GC(1105) User=0.59s Sys=0.03s Real=0.10s
...[4677.447s][info][gc,start       ] GC(1106) Pause Young (Allocation Failure)
[4677.547s][info][gc,heap        ] GC(1106) PSYoungGen: 2631028K(2631168K)->137218K(2638848K) Eden: 2482688K(2482688K)->0K(2481664K) From: 148340K(148480K)->137218K(157184K)
[4677.547s][info][gc,heap        ] GC(1106) ParOldGen: 4247149K(4247552K)->4340813K(4341248K)
[4677.547s][info][gc,metaspace   ] GC(1106) Metaspace: 29097K(29504K)->29097K(29504K) NonClass: 24204K(24384K)->24204K(24384K) Class: 4892K(5120K)->4892K(5120K)
[4677.547s][info][gc             ] GC(1106) Pause Young (Allocation Failure) 6716M->4373M(6816M) 100.557ms
[4677.547s][info][gc,cpu         ] GC(1106) User=0.56s Sys=0.03s Real=0.11s
...[4680.353s][info][gc,start       ] GC(1107) Pause Young (Allocation Failure)
[4680.453s][info][gc,heap        ] GC(1107) PSYoungGen: 2618882K(2638848K)->139968K(2621952K) Eden: 2481664K(2481664K)->0K(2481664K) From: 137218K(157184K)->139968K(140288K)
[4680.453s][info][gc,heap        ] GC(1107) ParOldGen: 4340813K(4341248K)->4429685K(4429824K)
[4680.453s][info][gc,metaspace   ] GC(1107) Metaspace: 29097K(29504K)->29097K(29504K) NonClass: 24204K(24384K)->24204K(24384K) Class: 4892K(5120K)->4892K(5120K)
[4680.453s][info][gc             ] GC(1107) Pause Young (Allocation Failure) 6796M->4462M(6886M) 100.523ms
[4680.453s][info][gc,cpu         ] GC(1107) User=0.57s Sys=0.02s Real=0.10s
...[4683.162s][info][gc,start       ] GC(1108) Pause Young (Allocation Failure)
[4683.262s][info][gc,heap        ] GC(1108) PSYoungGen: 2621632K(2621952K)->142496K(2639360K) Eden: 2481664K(2481664K)->0K(2482688K) From: 139968K(140288K)->142496K(156672K)
[4683.262s][info][gc,heap        ] GC(1108) ParOldGen: 4429685K(4429824K)->4524205K(4524544K)
[4683.262s][info][gc,metaspace   ] GC(1108) Metaspace: 29097K(29504K)->29097K(29504K) NonClass: 24204K(24384K)->24204K(24384K) Class: 4892K(5120K)->4892K(5120K)
[4683.262s][info][gc             ] GC(1108) Pause Young (Allocation Failure) 6886M->4557M(6996M) 100.218ms
[4683.262s][info][gc,cpu         ] GC(1108) User=0.57s Sys=0.03s Real=0.10s
...[4685.950s][info][gc,start       ] GC(1109) Pause Young (Allocation Failure)
[4686.050s][info][gc,heap        ] GC(1109) PSYoungGen: 2625184K(2639360K)->141088K(2638336K) Eden: 2482688K(2482688K)->0K(2482688K) From: 142496K(156672K)->141088K(155648K)
[4686.050s][info][gc,heap        ] GC(1109) ParOldGen: 4524205K(4524544K)->4615541K(4615680K)
[4686.050s][info][gc,metaspace   ] GC(1109) Metaspace: 29097K(29504K)->29097K(29504K) NonClass: 24204K(24384K)->24204K(24384K) Class: 4892K(5120K)->4892K(5120K)
[4686.050s][info][gc             ] GC(1109) Pause Young (Allocation Failure) 6981M->4645M(7084M) 100.337ms
[4686.050s][info][gc,cpu         ] GC(1109) User=0.57s Sys=0.03s Real=0.10s
..[4688.762s][info][gc,start       ] GC(1110) Pause Young (Allocation Failure)
[4688.864s][info][gc,heap        ] GC(1110) PSYoungGen: 2623776K(2638336K)->147254K(2637824K) Eden: 2482688K(2482688K)->0K(2483200K) From: 141088K(155648K)->147254K(154624K)
[4688.864s][info][gc,heap        ] GC(1110) ParOldGen: 4615541K(4615680K)->4705477K(4705792K)
[4688.864s][info][gc,metaspace   ] GC(1110) Metaspace: 29097K(29504K)->29097K(29504K) NonClass: 24204K(24384K)->24204K(24384K) Class: 4892K(5120K)->4892K(5120K)
[4688.864s][info][gc             ] GC(1110) Pause Young (Allocation Failure) 7069M->4738M(7171M) 102.463ms
[4688.864s][info][gc,cpu         ] GC(1110) User=0.58s Sys=0.02s Real=0.10s
...[4691.578s][info][gc,start       ] GC(1111) Pause Young (Allocation Failure)
[4691.680s][info][gc,heap        ] GC(1111) PSYoungGen: 2630454K(2637824K)->142400K(2638336K) Eden: 2483200K(2483200K)->0K(2483200K) From: 147254K(154624K)->142400K(155136K)
[4691.680s][info][gc,heap        ] GC(1111) ParOldGen: 4705477K(4705792K)->4797221K(4797440K)
[4691.680s][info][gc,metaspace   ] GC(1111) Metaspace: 29097K(29504K)->29097K(29504K) NonClass: 24204K(24384K)->24204K(24384K) Class: 4892K(5120K)->4892K(5120K)
[4691.680s][info][gc             ] GC(1111) Pause Young (Allocation Failure) 7163M->4823M(7261M) 101.646ms
[4691.680s][info][gc,cpu         ] GC(1111) User=0.57s Sys=0.03s Real=0.10s
...[4694.412s][info][gc,start       ] GC(1112) Pause Young (Allocation Failure)
[4694.513s][info][gc,heap        ] GC(1112) PSYoungGen: 2625600K(2638336K)->140768K(2640384K) Eden: 2483200K(2483200K)->0K(2486784K) From: 142400K(155136K)->140768K(153600K)
[4694.514s][info][gc,heap        ] GC(1112) ParOldGen: 4797221K(4797440K)->4890053K(4890112K)
[4694.514s][info][gc,metaspace   ] GC(1112) Metaspace: 29097K(29504K)->29097K(29504K) NonClass: 24204K(24384K)->24204K(24384K) Class: 4892K(5120K)->4892K(5120K)
[4694.514s][info][gc             ] GC(1112) Pause Young (Allocation Failure) 7248M->4912M(7354M) 101.632ms
[4694.514s][info][gc,cpu         ] GC(1112) User=0.57s Sys=0.03s Real=0.10s
...[4697.245s][info][gc,start       ] GC(1113) Pause Young (Allocation Failure)
[4697.345s][info][gc,heap        ] GC(1113) PSYoungGen: 2627552K(2640384K)->135744K(2640384K) Eden: 2486784K(2486784K)->0K(2486784K) From: 140768K(153600K)->135744K(153600K)
[4697.345s][info][gc,heap        ] GC(1113) ParOldGen: 4890053K(4890112K)->4982925K(4983296K)
[4697.345s][info][gc,metaspace   ] GC(1113) Metaspace: 29097K(29504K)->29097K(29504K) NonClass: 24204K(24384K)->24204K(24384K) Class: 4892K(5120K)->4892K(5120K)
[4697.345s][info][gc             ] GC(1113) Pause Young (Allocation Failure) 7341M->4998M(7445M) 99.640ms
[4697.345s][info][gc,cpu         ] GC(1113) User=0.56s Sys=0.03s Real=0.10s
...[4700.008s][info][gc,start       ] GC(1114) Pause Young (Allocation Failure)
[4700.108s][info][gc,heap        ] GC(1114) PSYoungGen: 2622528K(2640384K)->141376K(2640896K) Eden: 2486784K(2486784K)->0K(2488320K) From: 135744K(153600K)->141376K(152576K)
[4700.108s][info][gc,heap        ] GC(1114) ParOldGen: 4982925K(4983296K)->5074005K(5074432K)
[4700.108s][info][gc,metaspace   ] GC(1114) Metaspace: 29097K(29504K)->29097K(29504K) NonClass: 24204K(24384K)->24204K(24384K) Class: 4892K(5120K)->4892K(5120K)
[4700.108s][info][gc             ] GC(1114) Pause Young (Allocation Failure) 7427M->5093M(7534M) 100.855ms
[4700.108s][info][gc,cpu         ] GC(1114) User=0.58s Sys=0.02s Real=0.10s
..[4702.841s][info][gc,start       ] GC(1115) Pause Young (Allocation Failure)
[4702.945s][info][gc,heap        ] GC(1115) PSYoungGen: 2629696K(2640896K)->150037K(2641408K) Eden: 2488320K(2488320K)->0K(2488320K) From: 141376K(152576K)->150037K(153088K)
[4702.945s][info][gc,heap        ] GC(1115) ParOldGen: 5074005K(5074432K)->5164541K(5164544K)
[4702.945s][info][gc,metaspace   ] GC(1115) Metaspace: 29097K(29504K)->29097K(29504K) NonClass: 24204K(24384K)->24204K(24384K) Class: 4892K(5120K)->4892K(5120K)
[4702.945s][info][gc             ] GC(1115) Pause Young (Allocation Failure) 7523M->5190M(7623M) 104.369ms
[4702.945s][info][gc,cpu         ] GC(1115) User=0.59s Sys=0.03s Real=0.10s
...[4705.725s][info][gc,start       ] GC(1116) Pause Young (Allocation Failure)
[4705.825s][info][gc,heap        ] GC(1116) PSYoungGen: 2638357K(2641408K)->140960K(2641920K) Eden: 2488320K(2488320K)->0K(2487296K) From: 150037K(153088K)->140960K(154624K)
[4705.825s][info][gc,heap        ] GC(1116) ParOldGen: 5164541K(5164544K)->5255965K(5256192K)
[4705.825s][info][gc,metaspace   ] GC(1116) Metaspace: 29097K(29504K)->29097K(29504K) NonClass: 24204K(24384K)->24204K(24384K) Class: 4892K(5120K)->4892K(5120K)
[4705.825s][info][gc             ] GC(1116) Pause Young (Allocation Failure) 7620M->5270M(7713M) 99.896ms
[4705.825s][info][gc,cpu         ] GC(1116) User=0.56s Sys=0.02s Real=0.10s
.. (rIR:aIR:PR = 7195:7187:7187) (tPR = 106817) [OK] 
  4706s: Performance info:
         Transaction,    Success,    Partial,     Failed,   Receipts, AvgBarcode, 
             Overall,     433213,          0,          0,     411552,      59.47, 
         Response times:
             Request,    Success,    Partial,     Failed,   SkipFail,     Probes,    Samples,      min,      p50,      p90,      p95,      p99,      max, 
       TotalPurchase,     411553,          0,          0,          0,     363783,     400013,      200,     5200,    10600,    19900,    61000,   158000,
     InStorePurchase,     216329,          0,          0,          0,     191467,     210005,      300,     5300,    10700,    21000,    62000,   158000,
      OnlinePurchase,     151865,          0,          0,          0,     133455,     146709,      200,     5200,    10600,    19900,    61000,   139000,
        InstPurchase,      43359,          0,          0,          0,      38861,      43299,      300,     4300,     9600,    18000,    56000,   139000,
          AssocOfCat,        434,          0,          0,          0,        333,        441,    19200,    34000,    46800,    56000,    76640,   188000,
      AssocOfProduct,       4338,          0,          0,          0,       4051,       4675,     1500,     6800,    13300,    27200,    63000,   128000,
      BusinessReport,       1078,          0,          0,          0,        927,       1130,    24000,    41000,    61000,    72000,   151380,   179000,
          CustBuyBeh,       4335,          0,          0,          0,       4056,       4732,      200,     5600,    11500,    19300,    66670,   124000,
       ProductReturn,      11468,          0,          0,          0,       9868,      11136,      200,     4500,     9600,    19400,    57000,   134000,

  4706s: (53%)   IR =   7334 .[4708.462s][info][gc,start       ] GC(1117) Pause Young (Allocation Failure)
[4708.566s][info][gc,heap        ] GC(1117) PSYoungGen: 2628256K(2641920K)->144579K(2632192K) Eden: 2487296K(2487296K)->0K(2487296K) From: 140960K(154624K)->144579K(144896K)
[4708.566s][info][gc,heap        ] GC(1117) ParOldGen: 5255965K(5256192K)->5349061K(5349376K)
[4708.566s][info][gc,metaspace   ] GC(1117) Metaspace: 29101K(29504K)->29101K(29504K) NonClass: 24209K(24384K)->24209K(24384K) Class: 4892K(5120K)->4892K(5120K)
[4708.566s][info][gc             ] GC(1117) Pause Young (Allocation Failure) 7699M->5364M(7794M) 103.929ms
[4708.566s][info][gc,cpu         ] GC(1117) User=0.58s Sys=0.03s Real=0.10s
...[4711.236s][info][gc,start       ] GC(1118) Pause Young (Allocation Failure)
[4711.336s][info][gc,heap        ] GC(1118) PSYoungGen: 2631875K(2632192K)->138848K(2641408K) Eden: 2487296K(2487296K)->0K(2487808K) From: 144579K(144896K)->138848K(153600K)
[4711.336s][info][gc,heap        ] GC(1118) ParOldGen: 5349061K(5349376K)->5439437K(5439488K)
[4711.336s][info][gc,metaspace   ] GC(1118) Metaspace: 29101K(29504K)->29101K(29504K) NonClass: 24209K(24384K)->24209K(24384K) Class: 4892K(5120K)->4892K(5120K)
[4711.336s][info][gc             ] GC(1118) Pause Young (Allocation Failure) 7793M->5447M(7891M) 100.381ms
[4711.336s][info][gc,cpu         ] GC(1118) User=0.57s Sys=0.02s Real=0.10s
...[4714.031s][info][gc,start       ] GC(1119) Pause Young (Allocation Failure)
[4714.132s][info][gc,heap        ] GC(1119) PSYoungGen: 2626656K(2641408K)->142464K(2640896K) Eden: 2487808K(2487808K)->0K(2487808K) From: 138848K(153600K)->142464K(153088K)
[4714.132s][info][gc,heap        ] GC(1119) ParOldGen: 5439437K(5439488K)->5533853K(5534208K)
[4714.132s][info][gc,metaspace   ] GC(1119) Metaspace: 29101K(29504K)->29101K(29504K) NonClass: 24209K(24384K)->24209K(24384K) Class: 4892K(5120K)->4892K(5120K)
[4714.132s][info][gc             ] GC(1119) Pause Young (Allocation Failure) 7877M->5543M(7983M) 101.178ms
[4714.132s][info][gc,cpu         ] GC(1119) User=0.58s Sys=0.03s Real=0.10s
..|[4716.742s][info][gc,start       ] GC(1120) Pause Full (Allocation Failure)
[4716.742s][info][gc,phases,start] GC(1120) Marking Phase
[4717.043s][info][gc,phases      ] GC(1120) Marking Phase 301.160ms
[4717.043s][info][gc,phases,start] GC(1120) Summary Phase
[4717.043s][info][gc,phases      ] GC(1120) Summary Phase 0.122ms
[4717.043s][info][gc,phases,start] GC(1120) Forward
[4717.176s][info][gc,phases      ] GC(1120) Forward 132.226ms
[4717.176s][info][gc,phases,start] GC(1120) Adjust Pointers
[4717.372s][info][gc,phases      ] GC(1120) Adjust Pointers 196.127ms
[4717.372s][info][gc,phases,start] GC(1120) Compaction Phase
[4717.500s][info][gc,phases      ] GC(1120) Compaction Phase 127.690ms
[4717.500s][info][gc,phases,start] GC(1120) Post Compact
[4717.507s][info][gc,phases      ] GC(1120) Post Compact 6.888ms
[4717.636s][info][gc,heap        ] GC(1120) PSYoungGen: 2630272K(2640896K)->0K(2641408K) Eden: 2487808K(2487808K)->0K(2489344K) From: 142464K(153088K)->0K(152064K)
[4717.636s][info][gc,heap        ] GC(1120) ParOldGen: 5533853K(5534208K)->1423195K(1654784K)
[4717.636s][info][gc,metaspace   ] GC(1120) Metaspace: 29101K(29504K)->29101K(29504K) NonClass: 24209K(24384K)->24209K(24384K) Class: 4892K(5120K)->4892K(5120K)
[4717.636s][info][gc             ] GC(1120) Pause Full (Allocation Failure) 7972M->1389M(4195M) 894.114ms
[4717.636s][info][gc,cpu         ] GC(1120) User=4.07s Sys=0.13s Real=0.89s
..[4719.563s][info][gc,start       ] GC(1121) Pause Young (Allocation Failure)
[4719.627s][info][gc,heap        ] GC(1121) PSYoungGen: 2489344K(2641408K)->140512K(2641408K) Eden: 2489344K(2489344K)->0K(2489344K) From: 0K(152064K)->140512K(152064K)
[4719.627s][info][gc,heap        ] GC(1121) ParOldGen: 1423195K(1654784K)->1423195K(1654784K)
[4719.627s][info][gc,metaspace   ] GC(1121) Metaspace: 29101K(29504K)->29101K(29504K) NonClass: 24209K(24384K)->24209K(24384K) Class: 4892K(5120K)->4892K(5120K)
[4719.627s][info][gc             ] GC(1121) Pause Young (Allocation Failure) 3820M->1527M(4195M) 63.634ms
[4719.627s][info][gc,cpu         ] GC(1121) User=0.38s Sys=0.01s Real=0.06s
...[4722.342s][info][gc,start       ] GC(1122) Pause Young (Allocation Failure)
[4722.436s][info][gc,heap        ] GC(1122) PSYoungGen: 2629856K(2641408K)->139680K(2643456K) Eden: 2489344K(2489344K)->0K(2492416K) From: 140512K(152064K)->139680K(151040K)
[4722.436s][info][gc,heap        ] GC(1122) ParOldGen: 1423195K(1654784K)->1514415K(1654784K)
[4722.436s][info][gc,metaspace   ] GC(1122) Metaspace: 29101K(29504K)->29101K(29504K) NonClass: 24209K(24384K)->24209K(24384K) Class: 4892K(5120K)->4892K(5120K)
[4722.436s][info][gc             ] GC(1122) Pause Young (Allocation Failure) 3958M->1615M(4197M) 93.760ms
[4722.436s][info][gc,cpu         ] GC(1122) User=0.56s Sys=0.00s Real=0.09s
...[4725.037s][info][gc,start       ] GC(1123) Pause Young (Allocation Failure)
[4725.130s][info][gc,heap        ] GC(1123) PSYoungGen: 2632096K(2643456K)->142080K(2643456K) Eden: 2492416K(2492416K)->0K(2492416K) From: 139680K(151040K)->142080K(151040K)
[4725.130s][info][gc,heap        ] GC(1123) ParOldGen: 1514415K(1654784K)->1608807K(1654784K)
[4725.130s][info][gc,metaspace   ] GC(1123) Metaspace: 29101K(29504K)->29101K(29504K) NonClass: 24209K(24384K)->24209K(24384K) Class: 4892K(5120K)->4892K(5120K)
[4725.130s][info][gc             ] GC(1123) Pause Young (Allocation Failure) 4049M->1709M(4197M) 93.330ms
[4725.130s][info][gc,cpu         ] GC(1123) User=0.56s Sys=0.00s Real=0.10s
...[4727.796s][info][gc,start       ] GC(1124) Pause Young (Allocation Failure)
[4727.897s][info][gc,heap        ] GC(1124) PSYoungGen: 2634496K(2643456K)->147817K(2643456K) Eden: 2492416K(2492416K)->0K(2492928K) From: 142080K(151040K)->147817K(150528K)
[4727.897s][info][gc,heap        ] GC(1124) ParOldGen: 1608807K(1654784K)->1700671K(1700864K)
[4727.897s][info][gc,metaspace   ] GC(1124) Metaspace: 29101K(29504K)->29101K(29504K) NonClass: 24209K(24384K)->24209K(24384K) Class: 4892K(5120K)->4892K(5120K)
[4727.897s][info][gc             ] GC(1124) Pause Young (Allocation Failure) 4143M->1805M(4242M) 100.895ms
[4727.897s][info][gc,cpu         ] GC(1124) User=0.57s Sys=0.02s Real=0.10s
..[4730.582s][info][gc,start       ] GC(1125) Pause Young (Allocation Failure)
[4730.679s][info][gc,heap        ] GC(1125) PSYoungGen: 2640745K(2643456K)->140992K(2644480K) Eden: 2492928K(2492928K)->0K(2492928K) From: 147817K(150528K)->140992K(151552K)
[4730.679s][info][gc,heap        ] GC(1125) ParOldGen: 1700671K(1700864K)->1791791K(1792000K)
[4730.679s][info][gc,metaspace   ] GC(1125) Metaspace: 29101K(29504K)->29101K(29504K) NonClass: 24209K(24384K)->24209K(24384K) Class: 4892K(5120K)->4892K(5120K)
[4730.680s][info][gc             ] GC(1125) Pause Young (Allocation Failure) 4239M->1887M(4332M) 97.415ms
[4730.680s][info][gc,cpu         ] GC(1125) User=0.55s Sys=0.04s Real=0.10s
...[4733.345s][info][gc,start       ] GC(1126) Pause Young (Allocation Failure)
[4733.448s][info][gc,heap        ] GC(1126) PSYoungGen: 2633920K(2644480K)->149735K(2640896K) Eden: 2492928K(2492928K)->0K(2489856K) From: 140992K(151552K)->149735K(151040K)
[4733.448s][info][gc,heap        ] GC(1126) ParOldGen: 1791791K(1792000K)->1883311K(1883648K)
[4733.448s][info][gc,metaspace   ] GC(1126) Metaspace: 29101K(29504K)->29101K(29504K) NonClass: 24209K(24384K)->24209K(24384K) Class: 4892K(5120K)->4892K(5120K)
[4733.448s][info][gc             ] GC(1126) Pause Young (Allocation Failure) 4321M->1985M(4418M) 103.151ms
[4733.448s][info][gc,cpu         ] GC(1126) User=0.57s Sys=0.05s Real=0.11s
...[4736.109s][info][gc,start       ] GC(1127) Pause Young (Allocation Failure)
[4736.207s][info][gc,heap        ] GC(1127) PSYoungGen: 2639591K(2640896K)->141760K(2642944K) Eden: 2489856K(2489856K)->0K(2489856K) From: 149735K(151040K)->141760K(153088K)
[4736.207s][info][gc,heap        ] GC(1127) ParOldGen: 1883311K(1883648K)->1974791K(1975296K)
[4736.207s][info][gc,metaspace   ] GC(1127) Metaspace: 29101K(29504K)->29101K(29504K) NonClass: 24209K(24384K)->24209K(24384K) Class: 4892K(5120K)->4892K(5120K)
[4736.207s][info][gc             ] GC(1127) Pause Young (Allocation Failure) 4416M->2066M(4510M) 97.737ms
[4736.207s][info][gc,cpu         ] GC(1127) User=0.56s Sys=0.03s Real=0.09s
...[4738.907s][info][gc,start       ] GC(1128) Pause Young (Allocation Failure)
[4739.009s][info][gc,heap        ] GC(1128) PSYoungGen: 2631616K(2642944K)->143168K(2640896K) Eden: 2489856K(2489856K)->0K(2490880K) From: 141760K(153088K)->143168K(150016K)
[4739.009s][info][gc,heap        ] GC(1128) ParOldGen: 1974791K(1975296K)->2065711K(2065920K)
[4739.009s][info][gc,metaspace   ] GC(1128) Metaspace: 29101K(29504K)->29101K(29504K) NonClass: 24209K(24384K)->24209K(24384K) Class: 4892K(5120K)->4892K(5120K)
[4739.009s][info][gc             ] GC(1128) Pause Young (Allocation Failure) 4498M->2157M(4596M) 102.383ms
[4739.009s][info][gc,cpu         ] GC(1128) User=0.59s Sys=0.02s Real=0.11s
[4739.010s][info][gc,start       ] GC(1129) Pause Full (Diagnostic Command)
[4739.010s][info][gc,phases,start] GC(1129) Marking Phase
[4739.291s][info][gc,phases      ] GC(1129) Marking Phase 280.552ms
[4739.291s][info][gc,phases,start] GC(1129) Summary Phase
[4739.291s][info][gc,phases      ] GC(1129) Summary Phase 0.036ms
[4739.291s][info][gc,phases,start] GC(1129) Forward
[4739.436s][info][gc,phases      ] GC(1129) Forward 145.639ms
[4739.436s][info][gc,phases,start] GC(1129) Adjust Pointers
[4739.625s][info][gc,phases      ] GC(1129) Adjust Pointers 188.860ms
[4739.625s][info][gc,phases,start] GC(1129) Compaction Phase
[4739.800s][info][gc,phases      ] GC(1129) Compaction Phase 174.673ms
[4739.802s][info][gc,phases,start] GC(1129) Post Compact
[4739.804s][info][gc,phases      ] GC(1129) Post Compact 1.971ms
[4739.804s][info][gc,heap        ] GC(1129) PSYoungGen: 183660K(2640896K)->0K(2640896K) Eden: 40492K(2490880K)->0K(2490880K) From: 143168K(150016K)->0K(150016K)
[4739.804s][info][gc,heap        ] GC(1129) ParOldGen: 2065711K(2065920K)->1144297K(2065920K)
[4739.804s][info][gc,metaspace   ] GC(1129) Metaspace: 29101K(29504K)->29101K(29504K) NonClass: 24209K(24384K)->24209K(24384K) Class: 4892K(5120K)->4892K(5120K)
[4739.804s][info][gc             ] GC(1129) Pause Full (Diagnostic Command) 2196M->1117M(4596M) 794.352ms
[4739.804s][info][gc,cpu         ] GC(1129) User=4.27s Sys=0.01s Real=0.79s
..[4741.690s][info][gc,start       ] GC(1130) Pause Young (Allocation Failure)
[4741.754s][info][gc,heap        ] GC(1130) PSYoungGen: 2490880K(2640896K)->141472K(2642432K) Eden: 2490880K(2490880K)->0K(2490880K) From: 0K(150016K)->141472K(151552K)
[4741.754s][info][gc,heap        ] GC(1130) ParOldGen: 1144297K(2065920K)->1144297K(2065920K)
[4741.754s][info][gc,metaspace   ] GC(1130) Metaspace: 29101K(29504K)->29101K(29504K) NonClass: 24209K(24384K)->24209K(24384K) Class: 4892K(5120K)->4892K(5120K)
[4741.754s][info][gc             ] GC(1130) Pause Young (Allocation Failure) 3549M->1255M(4598M) 63.691ms
[4741.754s][info][gc,cpu         ] GC(1130) User=0.38s Sys=0.00s Real=0.06s
...[4744.535s][info][gc,start       ] GC(1131) Pause Young (Allocation Failure)
[4744.626s][info][gc,heap        ] GC(1131) PSYoungGen: 2632352K(2642432K)->139456K(2642944K) Eden: 2490880K(2490880K)->0K(2493440K) From: 141472K(151552K)->139456K(149504K)
[4744.626s][info][gc,heap        ] GC(1131) ParOldGen: 1144297K(2065920K)->1235889K(2065920K)
[4744.626s][info][gc,metaspace   ] GC(1131) Metaspace: 29101K(29504K)->29101K(29504K) NonClass: 24209K(24384K)->24209K(24384K) Class: 4892K(5120K)->4892K(5120K)
[4744.627s][info][gc             ] GC(1131) Pause Young (Allocation Failure) 3688M->1343M(4598M) 91.567ms
[4744.627s][info][gc,cpu         ] GC(1131) User=0.54s Sys=0.00s Real=0.09s
...[4747.286s][info][gc,start       ] GC(1132) Pause Young (Allocation Failure)
[4747.376s][info][gc,heap        ] GC(1132) PSYoungGen: 2632896K(2642944K)->138592K(2643968K) Eden: 2493440K(2493440K)->0K(2493440K) From: 139456K(149504K)->138592K(150528K)
[4747.376s][info][gc,heap        ] GC(1132) ParOldGen: 1235889K(2065920K)->1326249K(2065920K)
[4747.376s][info][gc,metaspace   ] GC(1132) Metaspace: 29101K(29504K)->29101K(29504K) NonClass: 24209K(24384K)->24209K(24384K) Class: 4892K(5120K)->4892K(5120K)
[4747.376s][info][gc             ] GC(1132) Pause Young (Allocation Failure) 3778M->1430M(4599M) 89.939ms
[4747.376s][info][gc,cpu         ] GC(1132) User=0.53s Sys=0.00s Real=0.09s
...[4750.001s][info][gc,start       ] GC(1133) Pause Young (Allocation Failure)
[4750.094s][info][gc,heap        ] GC(1133) PSYoungGen: 2632032K(2643968K)->144884K(2645504K) Eden: 2493440K(2493440K)->0K(2494976K) From: 138592K(150528K)->144884K(150528K)
[4750.094s][info][gc,heap        ] GC(1133) ParOldGen: 1326249K(2065920K)->1420289K(2065920K)
[4750.094s][info][gc,metaspace   ] GC(1133) Metaspace: 29101K(29504K)->29101K(29504K) NonClass: 24209K(24384K)->24209K(24384K) Class: 4892K(5120K)->4892K(5120K)
[4750.094s][info][gc             ] GC(1133) Pause Young (Allocation Failure) 3865M->1528M(4601M) 93.118ms
[4750.094s][info][gc,cpu         ] GC(1133) User=0.55s Sys=0.00s Real=0.09s
..[4752.815s][info][gc,start       ] GC(1134) Pause Young (Allocation Failure)
[4752.912s][info][gc,heap        ] GC(1134) PSYoungGen: 2639860K(2645504K)->150522K(2645504K) Eden: 2494976K(2494976K)->0K(2494976K) From: 144884K(150528K)->150522K(150528K)
[4752.912s][info][gc,heap        ] GC(1134) ParOldGen: 1420289K(2065920K)->1512985K(2065920K)
[4752.912s][info][gc,metaspace   ] GC(1134) Metaspace: 29101K(29504K)->29101K(29504K) NonClass: 24209K(24384K)->24209K(24384K) Class: 4892K(5120K)->4892K(5120K)
[4752.912s][info][gc             ] GC(1134) Pause Young (Allocation Failure) 3964M->1624M(4601M) 97.417ms
[4752.912s][info][gc,cpu         ] GC(1134) User=0.58s Sys=0.00s Real=0.10s
...[4755.581s][info][gc,start       ] GC(1135) Pause Young (Allocation Failure)
[4755.675s][info][gc,heap        ] GC(1135) PSYoungGen: 2645498K(2645504K)->144468K(2575872K) Eden: 2494976K(2494976K)->0K(2425344K) From: 150522K(150528K)->144468K(150528K)
[4755.675s][info][gc,heap        ] GC(1135) ParOldGen: 1512985K(2065920K)->1607961K(2065920K)
[4755.675s][info][gc,metaspace   ] GC(1135) Metaspace: 29101K(29504K)->29101K(29504K) NonClass: 24209K(24384K)->24209K(24384K) Class: 4892K(5120K)->4892K(5120K)
[4755.675s][info][gc             ] GC(1135) Pause Young (Allocation Failure) 4061M->1711M(4533M) 94.829ms
[4755.675s][info][gc,cpu         ] GC(1135) User=0.57s Sys=0.01s Real=0.09s
...[4758.195s][info][gc,start       ] GC(1136) Pause Young (Allocation Failure)
[4758.290s][info][gc,heap        ] GC(1136) PSYoungGen: 2569812K(2575872K)->145440K(2610688K) Eden: 2425344K(2425344K)->0K(2425344K) From: 144468K(150528K)->145440K(185344K)
[4758.290s][info][gc,heap        ] GC(1136) ParOldGen: 1607961K(2065920K)->1700833K(2065920K)
[4758.290s][info][gc,metaspace   ] GC(1136) Metaspace: 29101K(29504K)->29101K(29504K) NonClass: 24209K(24384K)->24209K(24384K) Class: 4892K(5120K)->4892K(5120K)
[4758.290s][info][gc             ] GC(1136) Pause Young (Allocation Failure) 4079M->1803M(4567M) 95.172ms
[4758.290s][info][gc,cpu         ] GC(1136) User=0.57s Sys=0.00s Real=0.10s
..[4760.923s][info][gc,start       ] GC(1137) Pause Young (Allocation Failure)
[4761.019s][info][gc,heap        ] GC(1137) PSYoungGen: 2570784K(2610688K)->146004K(2604032K) Eden: 2425344K(2425344K)->0K(2427904K) From: 145440K(185344K)->146004K(176128K)
[4761.019s][info][gc,heap        ] GC(1137) ParOldGen: 1700833K(2065920K)->1790905K(2065920K)
[4761.019s][info][gc,metaspace   ] GC(1137) Metaspace: 29101K(29504K)->29101K(29504K) NonClass: 24209K(24384K)->24209K(24384K) Class: 4892K(5120K)->4892K(5120K)
[4761.019s][info][gc             ] GC(1137) Pause Young (Allocation Failure) 4171M->1891M(4560M) 96.303ms
[4761.019s][info][gc,cpu         ] GC(1137) User=0.58s Sys=0.00s Real=0.10s
...[4763.613s][info][gc,start       ] GC(1138) Pause Young (Allocation Failure)
[4763.704s][info][gc,heap        ] GC(1138) PSYoungGen: 2573908K(2604032K)->138112K(2608640K) Eden: 2427904K(2427904K)->0K(2427904K) From: 146004K(176128K)->138112K(180736K)
[4763.704s][info][gc,heap        ] GC(1138) ParOldGen: 1790905K(2065920K)->1880849K(2065920K)
[4763.704s][info][gc,metaspace   ] GC(1138) Metaspace: 29101K(29504K)->29101K(29504K) NonClass: 24209K(24384K)->24209K(24384K) Class: 4892K(5120K)->4892K(5120K)
[4763.704s][info][gc             ] GC(1138) Pause Young (Allocation Failure) 4262M->1971M(4565M) 90.713ms
[4763.704s][info][gc,cpu         ] GC(1138) User=0.54s Sys=0.00s Real=0.09s
...[4766.304s][info][gc,start       ] GC(1139) Pause Young (Allocation Failure)
[4766.398s][info][gc,heap        ] GC(1139) PSYoungGen: 2566016K(2608640K)->139040K(2612224K) Eden: 2427904K(2427904K)->0K(2435584K) From: 138112K(180736K)->139040K(176640K)
[4766.398s][info][gc,heap        ] GC(1139) ParOldGen: 1880849K(2065920K)->1971961K(2065920K)
[4766.398s][info][gc,metaspace   ] GC(1139) Metaspace: 29101K(29504K)->29101K(29504K) NonClass: 24209K(24384K)->24209K(24384K) Class: 4892K(5120K)->4892K(5120K)
[4766.398s][info][gc             ] GC(1139) Pause Young (Allocation Failure) 4342M->2061M(4568M) 93.822ms
[4766.398s][info][gc,cpu         ] GC(1139) User=0.56s Sys=0.00s Real=0.10s
..[4769.027s][info][gc,start       ] GC(1140) Pause Young (Allocation Failure)
[4769.120s][info][gc,heap        ] GC(1140) PSYoungGen: 2574624K(2612224K)->140192K(2614272K) Eden: 2435584K(2435584K)->0K(2435584K) From: 139040K(176640K)->140192K(178688K)
[4769.120s][info][gc,heap        ] GC(1140) ParOldGen: 1971961K(2065920K)->2061921K(2065920K)
[4769.120s][info][gc,metaspace   ] GC(1140) Metaspace: 29101K(29504K)->29101K(29504K) NonClass: 24209K(24384K)->24209K(24384K) Class: 4892K(5120K)->4892K(5120K)
[4769.120s][info][gc             ] GC(1140) Pause Young (Allocation Failure) 4440M->2150M(4570M) 93.063ms
[4769.120s][info][gc,cpu         ] GC(1140) User=0.55s Sys=0.00s Real=0.10s
...[4771.733s][info][gc,start       ] GC(1141) Pause Young (Allocation Failure)
[4771.834s][info][gc,heap        ] GC(1141) PSYoungGen: 2575776K(2614272K)->146072K(2610688K) Eden: 2435584K(2435584K)->0K(2440192K) From: 140192K(178688K)->146072K(170496K)
[4771.834s][info][gc,heap        ] GC(1141) ParOldGen: 2061921K(2065920K)->2152745K(2152960K)
[4771.834s][info][gc,metaspace   ] GC(1141) Metaspace: 29101K(29504K)->29101K(29504K) NonClass: 24209K(24384K)->24209K(24384K) Class: 4892K(5120K)->4892K(5120K)
[4771.834s][info][gc             ] GC(1141) Pause Young (Allocation Failure) 4529M->2244M(4652M) 101.139ms
[4771.834s][info][gc,cpu         ] GC(1141) User=0.57s Sys=0.02s Real=0.10s
...[4774.452s][info][gc,start       ] GC(1142) Pause Young (Allocation Failure)
[4774.550s][info][gc,heap        ] GC(1142) PSYoungGen: 2586264K(2610688K)->141280K(2614272K) Eden: 2440192K(2440192K)->0K(2440192K) From: 146072K(170496K)->141280K(174080K)
[4774.550s][info][gc,heap        ] GC(1142) ParOldGen: 2152745K(2152960K)->2242593K(2243072K)
[4774.550s][info][gc,metaspace   ] GC(1142) Metaspace: 29101K(29504K)->29101K(29504K) NonClass: 24209K(24384K)->24209K(24384K) Class: 4892K(5120K)->4892K(5120K)
[4774.550s][info][gc             ] GC(1142) Pause Young (Allocation Failure) 4627M->2328M(4743M) 97.524ms
[4774.550s][info][gc,cpu         ] GC(1142) User=0.54s Sys=0.03s Real=0.10s
.. (rIR:aIR:PR = 7334:7329:7329) (tPR = 109165) [OK] 
  4776s: Performance info:
         Transaction,    Success,    Partial,     Failed,   Receipts, AvgBarcode, 
             Overall,     440610,          0,          0,     418586,      59.47, 
         Response times:
             Request,    Success,    Partial,     Failed,   SkipFail,     Probes,    Samples,      min,      p50,      p90,      p95,      p99,      max, 
       TotalPurchase,     418561,          0,          0,          0,     349478,     415704,      300,     5200,    16000,    45000,   188000,   950000,
     InStorePurchase,     219887,          0,          0,          0,     183707,     218405,      300,     5200,    15900,    45000,   188000,   950000,
      OnlinePurchase,     154576,          0,          0,          0,     128601,     152824,      300,     5400,    16550,    46000,   188000,   950000,
        InstPurchase,      44098,          0,          0,          0,      37170,      44475,      400,     4800,    14840,    41000,   185000,   910000,
          AssocOfCat,        437,          0,          0,          0,        341,        506,    23000,    37500,    60300,    82300,   163090,   202000,
      AssocOfProduct,       4412,          0,          0,          0,       3935,       4878,      700,     5400,    16800,    35000,   100000,   169000,
      BusinessReport,       1103,          0,          0,          0,        978,       1288,    25000,    43000,    74100,   128550,   179000,   990000,
          CustBuyBeh,       4412,          0,          0,          0,       4039,       5016,      300,     5200,    17200,    35000,    97000,   176000,
       ProductReturn,      11681,          0,          0,          0,       9736,      11886,      200,     5300,    16400,    43000,   125000,   910000,

  4776s: (54%)   IR =   7472 [4777.171s][info][gc,start       ] GC(1143) Pause Young (Allocation Failure)
[4777.269s][info][gc,heap        ] GC(1143) PSYoungGen: 2581472K(2614272K)->144736K(2616320K) Eden: 2440192K(2440192K)->0K(2449408K) From: 141280K(174080K)->144736K(166912K)
[4777.269s][info][gc,heap        ] GC(1143) ParOldGen: 2242593K(2243072K)->2334017K(2334208K)
[4777.270s][info][gc,metaspace   ] GC(1143) Metaspace: 29101K(29504K)->29101K(29504K) NonClass: 24209K(24384K)->24209K(24384K) Class: 4892K(5120K)->4892K(5120K)
[4777.270s][info][gc             ] GC(1143) Pause Young (Allocation Failure) 4711M->2420M(4834M) 98.609ms
[4777.270s][info][gc,cpu         ] GC(1143) User=0.55s Sys=0.03s Real=0.10s
...[4779.820s][info][gc,start       ] GC(1144) Pause Young (Allocation Failure)
[4779.920s][info][gc,heap        ] GC(1144) PSYoungGen: 2594144K(2616320K)->146832K(2619904K) Eden: 2449408K(2449408K)->0K(2449408K) From: 144736K(166912K)->146832K(170496K)
[4779.920s][info][gc,heap        ] GC(1144) ParOldGen: 2334017K(2334208K)->2427097K(2427392K)
[4779.920s][info][gc,metaspace   ] GC(1144) Metaspace: 29101K(29504K)->29101K(29504K) NonClass: 24209K(24384K)->24209K(24384K) Class: 4892K(5120K)->4892K(5120K)
[4779.920s][info][gc             ] GC(1144) Pause Young (Allocation Failure) 4812M->2513M(4929M) 100.243ms
[4779.920s][info][gc,cpu         ] GC(1144) User=0.56s Sys=0.04s Real=0.10s
...[4782.560s][info][gc,start       ] GC(1145) Pause Young (Allocation Failure)
[4782.656s][info][gc,heap        ] GC(1145) PSYoungGen: 2596240K(2619904K)->140256K(2622464K) Eden: 2449408K(2449408K)->0K(2457600K) From: 146832K(170496K)->140256K(164864K)
[4782.656s][info][gc,heap        ] GC(1145) ParOldGen: 2427097K(2427392K)->2517241K(2517504K)
[4782.656s][info][gc,metaspace   ] GC(1145) Metaspace: 29101K(29504K)->29101K(29504K) NonClass: 24209K(24384K)->24209K(24384K) Class: 4892K(5120K)->4892K(5120K)
[4782.656s][info][gc             ] GC(1145) Pause Young (Allocation Failure) 4905M->2595M(5019M) 96.147ms
[4782.656s][info][gc,cpu         ] GC(1145) User=0.55s Sys=0.02s Real=0.09s
..|[4785.220s][info][gc,start       ] GC(1146) Pause Young (Allocation Failure)
[4785.316s][info][gc,heap        ] GC(1146) PSYoungGen: 2597856K(2622464K)->134560K(2624512K) Eden: 2457600K(2457600K)->0K(2457600K) From: 140256K(164864K)->134560K(166912K)
[4785.316s][info][gc,heap        ] GC(1146) ParOldGen: 2517241K(2517504K)->2607993K(2608128K)
[4785.316s][info][gc,metaspace   ] GC(1146) Metaspace: 29101K(29504K)->29101K(29504K) NonClass: 24209K(24384K)->24209K(24384K) Class: 4892K(5120K)->4892K(5120K)
[4785.316s][info][gc             ] GC(1146) Pause Young (Allocation Failure) 4995M->2678M(5110M) 95.825ms
[4785.316s][info][gc,cpu         ] GC(1146) User=0.54s Sys=0.02s Real=0.09s
...[4787.945s][info][gc,start       ] GC(1147) Pause Young (Allocation Failure)
[4788.046s][info][gc,heap        ] GC(1147) PSYoungGen: 2592160K(2624512K)->147168K(2626048K) Eden: 2457600K(2457600K)->0K(2462208K) From: 134560K(166912K)->147168K(163840K)
[4788.046s][info][gc,heap        ] GC(1147) ParOldGen: 2607993K(2608128K)->2698721K(2698752K)
[4788.046s][info][gc,metaspace   ] GC(1147) Metaspace: 29101K(29504K)->29101K(29504K) NonClass: 24209K(24384K)->24209K(24384K) Class: 4892K(5120K)->4892K(5120K)
[4788.046s][info][gc             ] GC(1147) Pause Young (Allocation Failure) 5078M->2779M(5200M) 101.109ms
[4788.046s][info][gc,cpu         ] GC(1147) User=0.57s Sys=0.02s Real=0.10s
...[4790.613s][info][gc,start       ] GC(1148) Pause Young (Allocation Failure)
[4790.714s][info][gc,heap        ] GC(1148) PSYoungGen: 2609376K(2626048K)->143684K(2627584K) Eden: 2462208K(2462208K)->0K(2462208K) From: 147168K(163840K)->143684K(165376K)
[4790.714s][info][gc,heap        ] GC(1148) ParOldGen: 2698721K(2698752K)->2791177K(2791424K)
[4790.714s][info][gc,metaspace   ] GC(1148) Metaspace: 29101K(29504K)->29101K(29504K) NonClass: 24209K(24384K)->24209K(24384K) Class: 4892K(5120K)->4892K(5120K)
[4790.714s][info][gc             ] GC(1148) Pause Young (Allocation Failure) 5183M->2866M(5292M) 100.769ms
[4790.714s][info][gc,cpu         ] GC(1148) User=0.57s Sys=0.04s Real=0.10s
..[4793.322s][info][gc,start       ] GC(1149) Pause Young (Allocation Failure)
[4793.419s][info][gc,heap        ] GC(1149) PSYoungGen: 2605892K(2627584K)->138219K(2629632K) Eden: 2462208K(2462208K)->0K(2466816K) From: 143684K(165376K)->138219K(162816K)
[4793.419s][info][gc,heap        ] GC(1149) ParOldGen: 2791177K(2791424K)->2881793K(2882048K)
[4793.419s][info][gc,metaspace   ] GC(1149) Metaspace: 29101K(29504K)->29101K(29504K) NonClass: 24209K(24384K)->24209K(24384K) Class: 4892K(5120K)->4892K(5120K)
[4793.419s][info][gc             ] GC(1149) Pause Young (Allocation Failure) 5270M->2949M(5382M) 97.087ms
[4793.419s][info][gc,cpu         ] GC(1149) User=0.55s Sys=0.02s Real=0.10s
...[4796.014s][info][gc,start       ] GC(1150) Pause Young (Allocation Failure)
[4796.111s][info][gc,heap        ] GC(1150) PSYoungGen: 2605035K(2629632K)->140768K(2630144K) Eden: 2466816K(2466816K)->0K(2466816K) From: 138219K(162816K)->140768K(163328K)
[4796.111s][info][gc,heap        ] GC(1150) ParOldGen: 2881793K(2882048K)->2973417K(2973696K)
[4796.111s][info][gc,metaspace   ] GC(1150) Metaspace: 29101K(29504K)->29101K(29504K) NonClass: 24209K(24384K)->24209K(24384K) Class: 4892K(5120K)->4892K(5120K)
[4796.111s][info][gc             ] GC(1150) Pause Young (Allocation Failure) 5358M->3041M(5472M) 97.362ms
[4796.111s][info][gc,cpu         ] GC(1150) User=0.55s Sys=0.03s Real=0.10s
...[4798.753s][info][gc,start       ] GC(1151) Pause Young (Allocation Failure)
[4798.849s][info][gc,heap        ] GC(1151) PSYoungGen: 2607584K(2630144K)->141696K(2630656K) Eden: 2466816K(2466816K)->0K(2470912K) From: 140768K(163328K)->141696K(159744K)
[4798.849s][info][gc,heap        ] GC(1151) ParOldGen: 2973417K(2973696K)->3063041K(3063296K)
[4798.849s][info][gc,metaspace   ] GC(1151) Metaspace: 29101K(29504K)->29101K(29504K) NonClass: 24209K(24384K)->24209K(24384K) Class: 4892K(5120K)->4892K(5120K)
[4798.849s][info][gc             ] GC(1151) Pause Young (Allocation Failure) 5450M->3129M(5560M) 96.804ms
[4798.849s][info][gc,cpu         ] GC(1151) User=0.55s Sys=0.02s Real=0.10s
..[4801.398s][info][gc,start       ] GC(1152) Pause Young (Allocation Failure)
[4801.494s][info][gc,heap        ] GC(1152) PSYoungGen: 2612608K(2630656K)->136256K(2631168K) Eden: 2470912K(2470912K)->0K(2470912K) From: 141696K(159744K)->136256K(160256K)
[4801.494s][info][gc,heap        ] GC(1152) ParOldGen: 3063041K(3063296K)->3156161K(3156480K)
[4801.494s][info][gc,metaspace   ] GC(1152) Metaspace: 29101K(29504K)->29101K(29504K) NonClass: 24209K(24384K)->24209K(24384K) Class: 4892K(5120K)->4892K(5120K)
[4801.494s][info][gc             ] GC(1152) Pause Young (Allocation Failure) 5542M->3215M(5652M) 95.577ms
[4801.494s][info][gc,cpu         ] GC(1152) User=0.54s Sys=0.03s Real=0.09s
...[4804.068s][info][gc,start       ] GC(1153) Pause Young (Allocation Failure)
[4804.165s][info][gc,heap        ] GC(1153) PSYoungGen: 2607168K(2631168K)->142880K(2631680K) Eden: 2470912K(2470912K)->0K(2475520K) From: 136256K(160256K)->142880K(156160K)
[4804.165s][info][gc,heap        ] GC(1153) ParOldGen: 3156161K(3156480K)->3247289K(3247616K)
[4804.165s][info][gc,metaspace   ] GC(1153) Metaspace: 29101K(29504K)->29101K(29504K) NonClass: 24209K(24384K)->24209K(24384K) Class: 4892K(5120K)->4892K(5120K)
[4804.165s][info][gc             ] GC(1153) Pause Young (Allocation Failure) 5628M->3310M(5741M) 97.353ms
[4804.165s][info][gc,cpu         ] GC(1153) User=0.55s Sys=0.03s Real=0.09s
...[4806.761s][info][gc,start       ] GC(1154) Pause Young (Allocation Failure)
[4806.860s][info][gc,heap        ] GC(1154) PSYoungGen: 2618400K(2631680K)->142756K(2633728K) Eden: 2475520K(2475520K)->0K(2475520K) From: 142880K(156160K)->142756K(158208K)
[4806.860s][info][gc,heap        ] GC(1154) ParOldGen: 3247289K(3247616K)->3339585K(3339776K)
[4806.860s][info][gc,metaspace   ] GC(1154) Metaspace: 29101K(29504K)->29101K(29504K) NonClass: 24209K(24384K)->24209K(24384K) Class: 4892K(5120K)->4892K(5120K)
[4806.860s][info][gc             ] GC(1154) Pause Young (Allocation Failure) 5728M->3400M(5833M) 99.603ms
[4806.860s][info][gc,cpu         ] GC(1154) User=0.56s Sys=0.03s Real=0.10s
..[4809.467s][info][gc,start       ] GC(1155) Pause Young (Allocation Failure)
[4809.569s][info][gc,heap        ] GC(1155) PSYoungGen: 2618276K(2633728K)->146336K(2637312K) Eden: 2475520K(2475520K)->0K(2481152K) From: 142756K(158208K)->146336K(156160K)
[4809.569s][info][gc,heap        ] GC(1155) ParOldGen: 3339585K(3339776K)->3429425K(3429888K)
[4809.569s][info][gc,metaspace   ] GC(1155) Metaspace: 29101K(29504K)->29101K(29504K) NonClass: 24209K(24384K)->24209K(24384K) Class: 4892K(5120K)->4892K(5120K)
[4809.569s][info][gc             ] GC(1155) Pause Young (Allocation Failure) 5818M->3491M(5925M) 101.601ms
[4809.569s][info][gc,cpu         ] GC(1155) User=0.58s Sys=0.03s Real=0.10s
...[4812.107s][info][gc,start       ] GC(1156) Pause Young (Allocation Failure)
[4812.208s][info][gc,heap        ] GC(1156) PSYoungGen: 2627488K(2637312K)->144672K(2637824K) Eden: 2481152K(2481152K)->0K(2481152K) From: 146336K(156160K)->144672K(156672K)
[4812.208s][info][gc,heap        ] GC(1156) ParOldGen: 3429425K(3429888K)->3522233K(3522560K)
[4812.208s][info][gc,metaspace   ] GC(1156) Metaspace: 29101K(29504K)->29101K(29504K) NonClass: 24209K(24384K)->24209K(24384K) Class: 4892K(5120K)->4892K(5120K)
[4812.208s][info][gc             ] GC(1156) Pause Young (Allocation Failure) 5914M->3580M(6016M) 100.377ms
[4812.208s][info][gc,cpu         ] GC(1156) User=0.57s Sys=0.03s Real=0.10s
...[4814.874s][info][gc,start       ] GC(1157) Pause Young (Allocation Failure)
[4814.972s][info][gc,heap        ] GC(1157) PSYoungGen: 2625824K(2637824K)->142720K(2636288K) Eden: 2481152K(2481152K)->0K(2483200K) From: 144672K(156672K)->142720K(153088K)
[4814.972s][info][gc,heap        ] GC(1157) ParOldGen: 3522233K(3522560K)->3612729K(3613184K)
[4814.972s][info][gc,metaspace   ] GC(1157) Metaspace: 29101K(29504K)->29101K(29504K) NonClass: 24209K(24384K)->24209K(24384K) Class: 4892K(5120K)->4892K(5120K)
[4814.972s][info][gc             ] GC(1157) Pause Young (Allocation Failure) 6003M->3667M(6103M) 98.008ms
[4814.972s][info][gc,cpu         ] GC(1157) User=0.55s Sys=0.03s Real=0.10s
..[4817.541s][info][gc,start       ] GC(1158) Pause Young (Allocation Failure)
[4817.639s][info][gc,heap        ] GC(1158) PSYoungGen: 2625920K(2636288K)->138339K(2637824K) Eden: 2483200K(2483200K)->0K(2483200K) From: 142720K(153088K)->138339K(154624K)
[4817.639s][info][gc,heap        ] GC(1158) ParOldGen: 3612729K(3613184K)->3705793K(3705856K)
[4817.639s][info][gc,metaspace   ] GC(1158) Metaspace: 29101K(29504K)->29101K(29504K) NonClass: 24209K(24384K)->24209K(24384K) Class: 4892K(5120K)->4892K(5120K)
[4817.639s][info][gc             ] GC(1158) Pause Young (Allocation Failure) 6092M->3754M(6195M) 98.279ms
[4817.639s][info][gc,cpu         ] GC(1158) User=0.55s Sys=0.03s Real=0.10s
...[4820.295s][info][gc,start       ] GC(1159) Pause Young (Allocation Failure)
[4820.392s][info][gc,heap        ] GC(1159) PSYoungGen: 2621539K(2637824K)->137984K(2640384K) Eden: 2483200K(2483200K)->0K(2486784K) From: 138339K(154624K)->137984K(153600K)
[4820.392s][info][gc,heap        ] GC(1159) ParOldGen: 3705793K(3705856K)->3795929K(3795968K)
[4820.392s][info][gc,metaspace   ] GC(1159) Metaspace: 29101K(29504K)->29101K(29504K) NonClass: 24209K(24384K)->24209K(24384K) Class: 4892K(5120K)->4892K(5120K)
[4820.392s][info][gc             ] GC(1159) Pause Young (Allocation Failure) 6179M->3841M(6285M) 96.509ms
[4820.392s][info][gc,cpu         ] GC(1159) User=0.55s Sys=0.02s Real=0.10s
...[4823.051s][info][gc,start       ] GC(1160) Pause Young (Allocation Failure)
[4823.151s][info][gc,heap        ] GC(1160) PSYoungGen: 2624768K(2640384K)->144192K(2640896K) Eden: 2486784K(2486784K)->0K(2486784K) From: 137984K(153600K)->144192K(154112K)
[4823.151s][info][gc,heap        ] GC(1160) ParOldGen: 3795929K(3795968K)->3887633K(3888128K)
[4823.151s][info][gc,metaspace   ] GC(1160) Metaspace: 29101K(29504K)->29101K(29504K) NonClass: 24209K(24384K)->24209K(24384K) Class: 4892K(5120K)->4892K(5120K)
[4823.151s][info][gc             ] GC(1160) Pause Young (Allocation Failure) 6270M->3937M(6376M) 100.004ms
[4823.151s][info][gc,cpu         ] GC(1160) User=0.57s Sys=0.03s Real=0.10s
...[4825.758s][info][gc,start       ] GC(1161) Pause Young (Allocation Failure)
[4825.859s][info][gc,heap        ] GC(1161) PSYoungGen: 2630976K(2640896K)->141056K(2640896K) Eden: 2486784K(2486784K)->0K(2488320K) From: 144192K(154112K)->141056K(152576K)
[4825.859s][info][gc,heap        ] GC(1161) ParOldGen: 3887633K(3888128K)->3980313K(3980800K)
[4825.859s][info][gc,metaspace   ] GC(1161) Metaspace: 29101K(29504K)->29101K(29504K) NonClass: 24209K(24384K)->24209K(24384K) Class: 4892K(5120K)->4892K(5120K)
[4825.859s][info][gc             ] GC(1161) Pause Young (Allocation Failure) 6365M->4024M(6466M) 100.917ms
[4825.859s][info][gc,cpu         ] GC(1161) User=0.58s Sys=0.02s Real=0.10s
..[4828.407s][info][gc,start       ] GC(1162) Pause Young (Allocation Failure)
[4828.504s][info][gc,heap        ] GC(1162) PSYoungGen: 2629376K(2640896K)->136320K(2641408K) Eden: 2488320K(2488320K)->0K(2488320K) From: 141056K(152576K)->136320K(153088K)
[4828.504s][info][gc,heap        ] GC(1162) ParOldGen: 3980313K(3980800K)->4072633K(4072960K)
[4828.504s][info][gc,metaspace   ] GC(1162) Metaspace: 29101K(29504K)->29101K(29504K) NonClass: 24209K(24384K)->24209K(24384K) Class: 4892K(5120K)->4892K(5120K)
[4828.504s][info][gc             ] GC(1162) Pause Young (Allocation Failure) 6454M->4110M(6557M) 97.111ms
[4828.504s][info][gc,cpu         ] GC(1162) User=0.55s Sys=0.03s Real=0.10s
...[4831.195s][info][gc,start       ] GC(1163) Pause Young (Allocation Failure)
[4831.297s][info][gc,heap        ] GC(1163) PSYoungGen: 2624640K(2641408K)->145952K(2641920K) Eden: 2488320K(2488320K)->0K(2488832K) From: 136320K(153088K)->145952K(153088K)
[4831.297s][info][gc,heap        ] GC(1163) ParOldGen: 4072633K(4072960K)->4162857K(4163072K)
[4831.297s][info][gc,metaspace   ] GC(1163) Metaspace: 29101K(29504K)->29101K(29504K) NonClass: 24209K(24384K)->24209K(24384K) Class: 4892K(5120K)->4892K(5120K)
[4831.297s][info][gc             ] GC(1163) Pause Young (Allocation Failure) 6540M->4207M(6645M) 101.482ms
[4831.297s][info][gc,cpu         ] GC(1163) User=0.58s Sys=0.03s Real=0.10s
...[4833.911s][info][gc,start       ] GC(1164) Pause Young (Allocation Failure)
[4834.010s][info][gc,heap        ] GC(1164) PSYoungGen: 2634784K(2641920K)->142752K(2631680K) Eden: 2488832K(2488832K)->0K(2488832K) From: 145952K(153088K)->142752K(142848K)
[4834.010s][info][gc,heap        ] GC(1164) ParOldGen: 4162857K(4163072K)->4255177K(4255232K)
[4834.010s][info][gc,metaspace   ] GC(1164) Metaspace: 29101K(29504K)->29101K(29504K) NonClass: 24209K(24384K)->24209K(24384K) Class: 4892K(5120K)->4892K(5120K)
[4834.010s][info][gc             ] GC(1164) Pause Young (Allocation Failure) 6638M->4294M(6725M) 99.523ms
[4834.010s][info][gc,cpu         ] GC(1164) User=0.56s Sys=0.03s Real=0.10s
..[4836.596s][info][gc,start       ] GC(1165) Pause Young (Allocation Failure)
[4836.704s][info][gc,heap        ] GC(1165) PSYoungGen: 2631584K(2631680K)->148582K(2640896K) Eden: 2488832K(2488832K)->0K(2488320K) From: 142752K(142848K)->148582K(152576K)
[4836.704s][info][gc,heap        ] GC(1165) ParOldGen: 4255177K(4255232K)->4346745K(4346880K)
[4836.704s][info][gc,metaspace   ] GC(1165) Metaspace: 29101K(29504K)->29101K(29504K) NonClass: 24209K(24384K)->24209K(24384K) Class: 4892K(5120K)->4892K(5120K)
[4836.704s][info][gc             ] GC(1165) Pause Young (Allocation Failure) 6725M->4389M(6824M) 107.322ms
[4836.704s][info][gc,cpu         ] GC(1165) User=0.61s Sys=0.02s Real=0.11s
...[4839.340s][info][gc,start       ] GC(1166) Pause Young (Allocation Failure)
[4839.440s][info][gc,heap        ] GC(1166) PSYoungGen: 2636902K(2640896K)->137856K(2641920K) Eden: 2488320K(2488320K)->0K(2488320K) From: 148582K(152576K)->137856K(153600K)
[4839.440s][info][gc,heap        ] GC(1166) ParOldGen: 4346745K(4346880K)->4437865K(4438016K)
[4839.440s][info][gc,metaspace   ] GC(1166) Metaspace: 29101K(29504K)->29101K(29504K) NonClass: 24209K(24384K)->24209K(24384K) Class: 4892K(5120K)->4892K(5120K)
[4839.440s][info][gc             ] GC(1166) Pause Young (Allocation Failure) 6819M->4468M(6914M) 99.259ms
[4839.440s][info][gc,cpu         ] GC(1166) User=0.56s Sys=0.03s Real=0.10s
...[4842.069s][info][gc,start       ] GC(1167) Pause Young (Allocation Failure)
[4842.174s][info][gc,heap        ] GC(1167) PSYoungGen: 2626176K(2641920K)->150341K(2638336K) Eden: 2488320K(2488320K)->0K(2484736K) From: 137856K(153600K)->150341K(153600K)
[4842.174s][info][gc,heap        ] GC(1167) ParOldGen: 4437865K(4438016K)->4529921K(4530176K)
[4842.174s][info][gc,metaspace   ] GC(1167) Metaspace: 29101K(29504K)->29101K(29504K) NonClass: 24209K(24384K)->24209K(24384K) Class: 4892K(5120K)->4892K(5120K)
[4842.174s][info][gc             ] GC(1167) Pause Young (Allocation Failure) 6898M->4570M(7000M) 105.070ms
[4842.174s][info][gc,cpu         ] GC(1167) User=0.59s Sys=0.03s Real=0.10s
...[4844.777s][info][gc,start       ] GC(1168) Pause Young (Allocation Failure)
[4844.877s][info][gc,heap        ] GC(1168) PSYoungGen: 2635077K(2638336K)->139712K(2640384K) Eden: 2484735K(2484736K)->0K(2484736K) From: 150341K(153600K)->139712K(155648K)
[4844.877s][info][gc,heap        ] GC(1168) ParOldGen: 4529921K(4530176K)->4623009K(4623360K)
[4844.877s][info][gc,metaspace   ] GC(1168) Metaspace: 29101K(29504K)->29101K(29504K) NonClass: 24209K(24384K)->24209K(24384K) Class: 4892K(5120K)->4892K(5120K)
[4844.877s][info][gc             ] GC(1168) Pause Young (Allocation Failure) 6997M->4651M(7093M) 100.124ms
[4844.877s][info][gc,cpu         ] GC(1168) User=0.56s Sys=0.03s Real=0.10s
 (rIR:aIR:PR = 7472:7450:7450) (tPR = 110844) [OK] 
  4844s: Performance info:
         Transaction,    Success,    Partial,     Failed,   Receipts, AvgBarcode, 
             Overall,     450267,          0,          0,     427672,      59.48, 
         Response times:
             Request,    Success,    Partial,     Failed,   SkipFail,     Probes,    Samples,      min,      p50,      p90,      p95,      p99,      max, 
       TotalPurchase,     427673,          0,          0,          0,     364124,     412529,      300,     5100,    10600,    19200,    55000,   169000,
     InStorePurchase,     224593,          0,          0,          0,     191827,     216940,      300,     4900,    10400,    18700,    55000,   122000,
      OnlinePurchase,     157682,          0,          0,          0,     134159,     151922,      300,     5400,    10800,    19800,    57000,   169000,
        InstPurchase,      45398,          0,          0,          0,      38138,      43667,      400,     5400,    10900,    19300,    57000,   122000,
          AssocOfCat,        449,          0,          0,          0,        353,        516,    19600,    32000,    49000,    54000,   120660,   169000,
      AssocOfProduct,       4533,          0,          0,          0,       4266,       5040,      500,     5100,    10700,    23950,    57000,   118000,
      BusinessReport,       1129,          0,          0,          0,       1003,       1299,    24000,    42000,    61000,    74000,   139000,   170000,
          CustBuyBeh,       4512,          0,          0,          0,       4267,       5083,      600,     6100,    12100,    28000,    65160,   118000,
       ProductReturn,      11972,          0,          0,          0,      10234,      11990,      300,     4500,    10000,    18500,    47090,   117000,

  4844s: (55%)   IR =   7610 ..[4847.521s][info][gc,start       ] GC(1169) Pause Young (Allocation Failure)
[4847.619s][info][gc,heap        ] GC(1169) PSYoungGen: 2624448K(2640384K)->138272K(2639360K) Eden: 2484736K(2484736K)->0K(2485760K) From: 139712K(155648K)->138272K(153600K)
[4847.619s][info][gc,heap        ] GC(1169) ParOldGen: 4623009K(4623360K)->4714313K(4714496K)
[4847.619s][info][gc,metaspace   ] GC(1169) Metaspace: 29101K(29504K)->29101K(29504K) NonClass: 24209K(24384K)->24209K(24384K) Class: 4892K(5120K)->4892K(5120K)
[4847.619s][info][gc             ] GC(1169) Pause Young (Allocation Failure) 7077M->4738M(7181M) 98.297ms
[4847.619s][info][gc,cpu         ] GC(1169) User=0.55s Sys=0.03s Real=0.10s
...[4850.223s][info][gc,start       ] GC(1170) Pause Young (Allocation Failure)
[4850.328s][info][gc,heap        ] GC(1170) PSYoungGen: 2624032K(2639360K)->149161K(2640384K) Eden: 2485760K(2485760K)->0K(2485760K) From: 138272K(153600K)->149161K(154624K)
[4850.328s][info][gc,heap        ] GC(1170) ParOldGen: 4714313K(4714496K)->4804721K(4805120K)
[4850.328s][info][gc,metaspace   ] GC(1170) Metaspace: 29101K(29504K)->29101K(29504K) NonClass: 24209K(24384K)->24209K(24384K) Class: 4892K(5120K)->4892K(5120K)
[4850.328s][info][gc             ] GC(1170) Pause Young (Allocation Failure) 7166M->4837M(7271M) 105.549ms
[4850.328s][info][gc,cpu         ] GC(1170) User=0.60s Sys=0.03s Real=0.11s
..[4852.790s][info][gc,start       ] GC(1171) Pause Young (Allocation Failure)
[4852.894s][info][gc,heap        ] GC(1171) PSYoungGen: 2634921K(2640384K)->148255K(2638336K) Eden: 2485760K(2485760K)->0K(2482688K) From: 149161K(154624K)->148255K(155648K)
[4852.894s][info][gc,heap        ] GC(1171) ParOldGen: 4804721K(4805120K)->4898081K(4898304K)
[4852.894s][info][gc,metaspace   ] GC(1171) Metaspace: 29101K(29504K)->29101K(29504K) NonClass: 24209K(24384K)->24209K(24384K) Class: 4892K(5120K)->4892K(5120K)
[4852.894s][info][gc             ] GC(1171) Pause Young (Allocation Failure) 7265M->4928M(7360M) 103.551ms
[4852.894s][info][gc,cpu         ] GC(1171) User=0.58s Sys=0.04s Real=0.10s
...[4855.447s][info][gc,start       ] GC(1172) Pause Young (Allocation Failure)
[4855.544s][info][gc,heap        ] GC(1172) PSYoungGen: 2630943K(2638336K)->140768K(2639360K) Eden: 2482688K(2482688K)->0K(2482688K) From: 148255K(155648K)->140768K(156672K)
[4855.544s][info][gc,heap        ] GC(1172) ParOldGen: 4898081K(4898304K)->4988313K(4988416K)
[4855.544s][info][gc,metaspace   ] GC(1172) Metaspace: 29101K(29504K)->29101K(29504K) NonClass: 24209K(24384K)->24209K(24384K) Class: 4892K(5120K)->4892K(5120K)
[4855.544s][info][gc             ] GC(1172) Pause Young (Allocation Failure) 7352M->5008M(7449M) 97.530ms
[4855.544s][info][gc,cpu         ] GC(1172) User=0.54s Sys=0.03s Real=0.10s
...[4858.114s][info][gc,start       ] GC(1173) Pause Young (Allocation Failure)
[4858.217s][info][gc,heap        ] GC(1173) PSYoungGen: 2623456K(2639360K)->142944K(2637312K) Eden: 2482688K(2482688K)->0K(2483712K) From: 140768K(156672K)->142944K(153600K)
[4858.217s][info][gc,heap        ] GC(1173) ParOldGen: 4988313K(4988416K)->5082193K(5082624K)
[4858.217s][info][gc,metaspace   ] GC(1173) Metaspace: 29101K(29504K)->29101K(29504K) NonClass: 24209K(24384K)->24209K(24384K) Class: 4892K(5120K)->4892K(5120K)
[4858.217s][info][gc             ] GC(1173) Pause Young (Allocation Failure) 7433M->5102M(7539M) 102.793ms
[4858.217s][info][gc,cpu         ] GC(1173) User=0.58s Sys=0.02s Real=0.10s
..[4860.801s][info][gc,start       ] GC(1174) Pause Young (Allocation Failure)
[4860.900s][info][gc,heap        ] GC(1174) PSYoungGen: 2626656K(2637312K)->140160K(2638336K) Eden: 2483712K(2483712K)->0K(2483712K) From: 142944K(153600K)->140160K(154624K)
[4860.900s][info][gc,heap        ] GC(1174) ParOldGen: 5082193K(5082624K)->5173633K(5173760K)
[4860.900s][info][gc,metaspace   ] GC(1174) Metaspace: 29101K(29504K)->29101K(29504K) NonClass: 24209K(24384K)->24209K(24384K) Class: 4892K(5120K)->4892K(5120K)
[4860.900s][info][gc             ] GC(1174) Pause Young (Allocation Failure) 7528M->5189M(7629M) 99.511ms
[4860.900s][info][gc,cpu         ] GC(1174) User=0.57s Sys=0.02s Real=0.10s
.|..[4863.474s][info][gc,start       ] GC(1175) Pause Young (Allocation Failure)
[4863.574s][info][gc,heap        ] GC(1175) PSYoungGen: 2623872K(2638336K)->138496K(2639872K) Eden: 2483712K(2483712K)->0K(2487296K) From: 140160K(154624K)->138496K(152576K)
[4863.574s][info][gc,heap        ] GC(1175) ParOldGen: 5173633K(5173760K)->5264633K(5264896K)
[4863.574s][info][gc,metaspace   ] GC(1175) Metaspace: 29101K(29504K)->29101K(29504K) NonClass: 24209K(24384K)->24209K(24384K) Class: 4892K(5120K)->4892K(5120K)
[4863.574s][info][gc             ] GC(1175) Pause Young (Allocation Failure) 7614M->5276M(7719M) 100.387ms
[4863.574s][info][gc,cpu         ] GC(1175) User=0.56s Sys=0.03s Real=0.10s
...[4866.143s][info][gc,start       ] GC(1176) Pause Young (Allocation Failure)
[4866.249s][info][gc,heap        ] GC(1176) PSYoungGen: 2625792K(2639872K)->149316K(2640896K) Eden: 2487296K(2487296K)->0K(2487296K) From: 138496K(152576K)->149316K(153600K)
[4866.249s][info][gc,heap        ] GC(1176) ParOldGen: 5264633K(5264896K)->5356681K(5357056K)
[4866.249s][info][gc,metaspace   ] GC(1176) Metaspace: 29101K(29504K)->29101K(29504K) NonClass: 24209K(24384K)->24209K(24384K) Class: 4892K(5120K)->4892K(5120K)
[4866.249s][info][gc             ] GC(1176) Pause Young (Allocation Failure) 7705M->5376M(7810M) 105.454ms
[4866.249s][info][gc,cpu         ] GC(1176) User=0.60s Sys=0.03s Real=0.11s
..[4868.865s][info][gc,start       ] GC(1177) Pause Young (Allocation Failure)
[4868.968s][info][gc,heap        ] GC(1177) PSYoungGen: 2636612K(2640896K)->148564K(2639872K) Eden: 2487296K(2487296K)->0K(2484736K) From: 149316K(153600K)->148564K(155136K)
[4868.968s][info][gc,heap        ] GC(1177) ParOldGen: 5356681K(5357056K)->5446849K(5447168K)
[4868.968s][info][gc,metaspace   ] GC(1177) Metaspace: 29101K(29504K)->29101K(29504K) NonClass: 24209K(24384K)->24209K(24384K) Class: 4892K(5120K)->4892K(5120K)
[4868.968s][info][gc             ] GC(1177) Pause Young (Allocation Failure) 7805M->5464M(7897M) 103.014ms
[4868.968s][info][gc,cpu         ] GC(1177) User=0.58s Sys=0.03s Real=0.11s
...[4871.456s][info][gc,start       ] GC(1178) Pause Young (Allocation Failure)
[4871.557s][info][gc,heap        ] GC(1178) PSYoungGen: 2633300K(2639872K)->140992K(2640384K) Eden: 2484736K(2484736K)->0K(2484736K) From: 148564K(155136K)->140992K(155648K)
[4871.557s][info][gc,heap        ] GC(1178) ParOldGen: 5446849K(5447168K)->5539961K(5540352K)
[4871.557s][info][gc,metaspace   ] GC(1178) Metaspace: 29101K(29504K)->29101K(29504K) NonClass: 24209K(24384K)->24209K(24384K) Class: 4892K(5120K)->4892K(5120K)
[4871.557s][info][gc             ] GC(1178) Pause Young (Allocation Failure) 7890M->5547M(7989M) 101.086ms
[4871.557s][info][gc,cpu         ] GC(1178) User=0.57s Sys=0.03s Real=0.10s
...[4874.033s][info][gc,start       ] GC(1179) Pause Full (Allocation Failure)
[4874.033s][info][gc,phases,start] GC(1179) Marking Phase
[4874.337s][info][gc,phases      ] GC(1179) Marking Phase 304.594ms
[4874.337s][info][gc,phases,start] GC(1179) Summary Phase
[4874.338s][info][gc,phases      ] GC(1179) Summary Phase 0.092ms
[4874.338s][info][gc,phases,start] GC(1179) Forward
[4874.471s][info][gc,phases      ] GC(1179) Forward 133.407ms
[4874.471s][info][gc,phases,start] GC(1179) Adjust Pointers
[4874.672s][info][gc,phases      ] GC(1179) Adjust Pointers 201.092ms
[4874.672s][info][gc,phases,start] GC(1179) Compaction Phase
[4874.801s][info][gc,phases      ] GC(1179) Compaction Phase 128.562ms
[4874.802s][info][gc,phases,start] GC(1179) Post Compact
[4874.809s][info][gc,phases      ] GC(1179) Post Compact 6.956ms
[4874.945s][info][gc,heap        ] GC(1179) PSYoungGen: 2625728K(2640384K)->0K(2640384K) Eden: 2484736K(2484736K)->0K(2485248K) From: 140992K(155648K)->0K(155136K)
[4874.945s][info][gc,heap        ] GC(1179) ParOldGen: 5539961K(5540352K)->1427984K(1662976K)
[4874.945s][info][gc,metaspace   ] GC(1179) Metaspace: 29101K(29504K)->29101K(29504K) NonClass: 24209K(24384K)->24209K(24384K) Class: 4892K(5120K)->4892K(5120K)
[4874.945s][info][gc             ] GC(1179) Pause Full (Allocation Failure) 7974M->1394M(4202M) 912.367ms
[4874.945s][info][gc,cpu         ] GC(1179) User=4.13s Sys=0.14s Real=0.91s
..[4876.805s][info][gc,start       ] GC(1180) Pause Young (Allocation Failure)
[4876.869s][info][gc,heap        ] GC(1180) PSYoungGen: 2485248K(2640384K)->144544K(2640384K) Eden: 2485248K(2485248K)->0K(2485248K) From: 0K(155136K)->144544K(155136K)
[4876.869s][info][gc,heap        ] GC(1180) ParOldGen: 1427984K(1662976K)->1427984K(1662976K)
[4876.869s][info][gc,metaspace   ] GC(1180) Metaspace: 29101K(29504K)->29101K(29504K) NonClass: 24209K(24384K)->24209K(24384K) Class: 4892K(5120K)->4892K(5120K)
[4876.869s][info][gc             ] GC(1180) Pause Young (Allocation Failure) 3821M->1535M(4202M) 64.565ms
[4876.869s][info][gc,cpu         ] GC(1180) User=0.38s Sys=0.00s Real=0.07s
...[4879.407s][info][gc,start       ] GC(1181) Pause Young (Allocation Failure)
[4879.501s][info][gc,heap        ] GC(1181) PSYoungGen: 2629792K(2640384K)->138756K(2640384K) Eden: 2485248K(2485248K)->0K(2486272K) From: 144544K(155136K)->138756K(154112K)
[4879.501s][info][gc,heap        ] GC(1181) ParOldGen: 1427984K(1662976K)->1522344K(1662976K)
[4879.501s][info][gc,metaspace   ] GC(1181) Metaspace: 29101K(29504K)->29101K(29504K) NonClass: 24209K(24384K)->24209K(24384K) Class: 4892K(5120K)->4892K(5120K)
[4879.501s][info][gc             ] GC(1181) Pause Young (Allocation Failure) 3962M->1622M(4202M) 94.348ms
[4879.501s][info][gc,cpu         ] GC(1181) User=0.57s Sys=0.00s Real=0.10s
..[4882.080s][info][gc,start       ] GC(1182) Pause Young (Allocation Failure)
[4882.177s][info][gc,heap        ] GC(1182) PSYoungGen: 2625028K(2640384K)->149046K(2640384K) Eden: 2486272K(2486272K)->0K(2486272K) From: 138756K(154112K)->149046K(154112K)
[4882.177s][info][gc,heap        ] GC(1182) ParOldGen: 1522344K(1662976K)->1614192K(1662976K)
[4882.177s][info][gc,metaspace   ] GC(1182) Metaspace: 29101K(29504K)->29101K(29504K) NonClass: 24209K(24384K)->24209K(24384K) Class: 4892K(5120K)->4892K(5120K)
[4882.177s][info][gc             ] GC(1182) Pause Young (Allocation Failure) 4050M->1721M(4202M) 97.054ms
[4882.177s][info][gc,cpu         ] GC(1182) User=0.57s Sys=0.00s Real=0.09s
...[4884.718s][info][gc,start       ] GC(1183) Pause Young (Allocation Failure)
[4884.815s][info][gc,heap        ] GC(1183) PSYoungGen: 2635318K(2640384K)->145428K(2641408K) Eden: 2486272K(2486272K)->0K(2486272K) From: 149046K(154112K)->145428K(155136K)
[4884.815s][info][gc,heap        ] GC(1183) ParOldGen: 1614192K(1662976K)->1705728K(1705984K)
[4884.815s][info][gc,metaspace   ] GC(1183) Metaspace: 29101K(29504K)->29101K(29504K) NonClass: 24209K(24384K)->24209K(24384K) Class: 4892K(5120K)->4892K(5120K)
[4884.815s][info][gc             ] GC(1183) Pause Young (Allocation Failure) 4149M->1807M(4245M) 96.586ms
[4884.815s][info][gc,cpu         ] GC(1183) User=0.57s Sys=0.01s Real=0.09s
...[4887.422s][info][gc,start       ] GC(1184) Pause Young (Allocation Failure)
[4887.519s][info][gc,heap        ] GC(1184) PSYoungGen: 2631700K(2641408K)->140000K(2640896K) Eden: 2486272K(2486272K)->0K(2486272K) From: 145428K(155136K)->140000K(154624K)
[4887.519s][info][gc,heap        ] GC(1184) ParOldGen: 1705728K(1705984K)->1797056K(1797120K)
[4887.519s][info][gc,metaspace   ] GC(1184) Metaspace: 29101K(29504K)->29101K(29504K) NonClass: 24209K(24384K)->24209K(24384K) Class: 4892K(5120K)->4892K(5120K)
[4887.519s][info][gc             ] GC(1184) Pause Young (Allocation Failure) 4235M->1891M(4334M) 97.326ms
[4887.519s][info][gc,cpu         ] GC(1184) User=0.54s Sys=0.04s Real=0.10s
..[4890.019s][info][gc,start       ] GC(1185) Pause Young (Allocation Failure)
[4890.117s][info][gc,heap        ] GC(1185) PSYoungGen: 2626272K(2640896K)->140480K(2639872K) Eden: 2486272K(2486272K)->0K(2486784K) From: 140000K(154624K)->140480K(153088K)
[4890.117s][info][gc,heap        ] GC(1185) ParOldGen: 1797056K(1797120K)->1890496K(1890816K)
[4890.117s][info][gc,metaspace   ] GC(1185) Metaspace: 29101K(29504K)->29101K(29504K) NonClass: 24209K(24384K)->24209K(24384K) Class: 4892K(5120K)->4892K(5120K)
[4890.117s][info][gc             ] GC(1185) Pause Young (Allocation Failure) 4319M->1983M(4424M) 98.420ms
[4890.117s][info][gc,cpu         ] GC(1185) User=0.57s Sys=0.02s Real=0.09s
...[4892.702s][info][gc,start       ] GC(1186) Pause Young (Allocation Failure)
[4892.801s][info][gc,heap        ] GC(1186) PSYoungGen: 2627264K(2639872K)->147328K(2640384K) Eden: 2486784K(2486784K)->0K(2486784K) From: 140480K(153088K)->147328K(153600K)
[4892.801s][info][gc,heap        ] GC(1186) ParOldGen: 1890496K(1890816K)->1980640K(1980928K)
[4892.801s][info][gc,metaspace   ] GC(1186) Metaspace: 29101K(29504K)->29101K(29504K) NonClass: 24209K(24384K)->24209K(24384K) Class: 4892K(5120K)->4892K(5120K)
[4892.801s][info][gc             ] GC(1186) Pause Young (Allocation Failure) 4411M->2078M(4513M) 99.352ms
[4892.801s][info][gc,cpu         ] GC(1186) User=0.56s Sys=0.03s Real=0.10s
...[4895.398s][info][gc,start       ] GC(1187) Pause Young (Allocation Failure)
[4895.498s][info][gc,heap        ] GC(1187) PSYoungGen: 2634112K(2640384K)->143636K(2640896K) Eden: 2486784K(2486784K)->0K(2488320K) From: 147328K(153600K)->143636K(152576K)
[4895.498s][info][gc,heap        ] GC(1187) ParOldGen: 1980640K(1980928K)->2071128K(2071552K)
[4895.498s][info][gc,metaspace   ] GC(1187) Metaspace: 29101K(29504K)->29101K(29504K) NonClass: 24209K(24384K)->24209K(24384K) Class: 4892K(5120K)->4892K(5120K)
[4895.498s][info][gc             ] GC(1187) Pause Young (Allocation Failure) 4506M->2162M(4602M) 99.266ms
[4895.498s][info][gc,cpu         ] GC(1187) User=0.55s Sys=0.04s Real=0.10s
..[4898.104s][info][gc,start       ] GC(1188) Pause Young (Allocation Failure)
[4898.205s][info][gc,heap        ] GC(1188) PSYoungGen: 2631956K(2640896K)->147957K(2641408K) Eden: 2488320K(2488320K)->0K(2488320K) From: 143636K(152576K)->147957K(153088K)
[4898.205s][info][gc,heap        ] GC(1188) ParOldGen: 2071128K(2071552K)->2163680K(2163712K)
[4898.205s][info][gc,metaspace   ] GC(1188) Metaspace: 29101K(29504K)->29101K(29504K) NonClass: 24209K(24384K)->24209K(24384K) Class: 4892K(5120K)->4892K(5120K)
[4898.205s][info][gc             ] GC(1188) Pause Young (Allocation Failure) 4592M->2257M(4692M) 100.403ms
[4898.205s][info][gc,cpu         ] GC(1188) User=0.57s Sys=0.03s Real=0.10s
...[4900.721s][info][gc,start       ] GC(1189) Pause Young (Allocation Failure)
[4900.820s][info][gc,heap        ] GC(1189) PSYoungGen: 2636277K(2641408K)->146384K(2641920K) Eden: 2488320K(2488320K)->0K(2487808K) From: 147957K(153088K)->146384K(154112K)
[4900.820s][info][gc,heap        ] GC(1189) ParOldGen: 2163680K(2163712K)->2254152K(2254336K)
[4900.820s][info][gc,metaspace   ] GC(1189) Metaspace: 29101K(29504K)->29101K(29504K) NonClass: 24209K(24384K)->24209K(24384K) Class: 4892K(5120K)->4892K(5120K)
[4900.820s][info][gc             ] GC(1189) Pause Young (Allocation Failure) 4687M->2344M(4781M) 98.523ms
[4900.820s][info][gc,cpu         ] GC(1189) User=0.56s Sys=0.02s Real=0.10s
...[4903.344s][info][gc,start       ] GC(1190) Pause Young (Allocation Failure)
[4903.446s][info][gc,heap        ] GC(1190) PSYoungGen: 2634192K(2641920K)->145552K(2633728K) Eden: 2487808K(2487808K)->0K(2487808K) From: 146384K(154112K)->145552K(145920K)
[4903.446s][info][gc,heap        ] GC(1190) ParOldGen: 2254152K(2254336K)->2348328K(2348544K)
[4903.446s][info][gc,metaspace   ] GC(1190) Metaspace: 29101K(29504K)->29101K(29504K) NonClass: 24209K(24384K)->24209K(24384K) Class: 4892K(5120K)->4892K(5120K)
[4903.446s][info][gc             ] GC(1190) Pause Young (Allocation Failure) 4773M->2435M(4865M) 101.671ms
[4903.446s][info][gc,cpu         ] GC(1190) User=0.57s Sys=0.03s Real=0.10s
..[4906.043s][info][gc,start       ] GC(1191) Pause Young (Allocation Failure)
[4906.141s][info][gc,heap        ] GC(1191) PSYoungGen: 2633360K(2633728K)->146656K(2641408K) Eden: 2487808K(2487808K)->0K(2487808K) From: 145552K(145920K)->146656K(153600K)
[4906.141s][info][gc,heap        ] GC(1191) ParOldGen: 2348328K(2348544K)->2438120K(2438144K)
[4906.141s][info][gc,metaspace   ] GC(1191) Metaspace: 29101K(29504K)->29101K(29504K) NonClass: 24209K(24384K)->24209K(24384K) Class: 4892K(5120K)->4892K(5120K)
[4906.141s][info][gc             ] GC(1191) Pause Young (Allocation Failure) 4864M->2524M(4960M) 97.934ms
[4906.141s][info][gc,cpu         ] GC(1191) User=0.55s Sys=0.04s Real=0.10s
...[4908.666s][info][gc,start       ] GC(1192) Pause Young (Allocation Failure)
[4908.772s][info][gc,heap        ] GC(1192) PSYoungGen: 2634464K(2641408K)->153584K(2641408K) Eden: 2487808K(2487808K)->0K(2487808K) From: 146656K(153600K)->153584K(153600K)
[4908.772s][info][gc,heap        ] GC(1192) ParOldGen: 2438120K(2438144K)->2533400K(2533888K)
[4908.772s][info][gc,metaspace   ] GC(1192) Metaspace: 29101K(29504K)->29101K(29504K) NonClass: 24209K(24384K)->24209K(24384K) Class: 4892K(5120K)->4892K(5120K)
[4908.772s][info][gc             ] GC(1192) Pause Young (Allocation Failure) 4953M->2624M(5054M) 105.870ms
[4908.772s][info][gc,cpu         ] GC(1192) User=0.60s Sys=0.03s Real=0.11s
...[4911.326s][info][gc,start       ] GC(1193) Pause Young (Allocation Failure)
[4911.424s][info][gc,heap        ] GC(1193) PSYoungGen: 2641392K(2641408K)->141200K(2570752K) Eden: 2487808K(2487808K)->0K(2416128K) From: 153584K(153600K)->141200K(154624K)
[4911.424s][info][gc,heap        ] GC(1193) ParOldGen: 2533400K(2533888K)->2625064K(2625536K)
[4911.424s][info][gc,metaspace   ] GC(1193) Metaspace: 29101K(29504K)->29101K(29504K) NonClass: 24209K(24384K)->24209K(24384K) Class: 4892K(5120K)->4892K(5120K)
[4911.424s][info][gc             ] GC(1193) Pause Young (Allocation Failure) 5053M->2701M(5074M) 98.408ms
[4911.424s][info][gc,cpu         ] GC(1193) User=0.57s Sys=0.02s Real=0.10s
..[4913.909s][info][gc,start       ] GC(1194) Pause Young (Allocation Failure)
[4914.006s][info][gc,heap        ] GC(1194) PSYoungGen: 2557328K(2570752K)->140064K(2606080K) Eden: 2416128K(2416128K)->0K(2416128K) From: 141200K(154624K)->140064K(189952K)
[4914.006s][info][gc,heap        ] GC(1194) ParOldGen: 2625064K(2625536K)->2717232K(2717696K)
[4914.006s][info][gc,metaspace   ] GC(1194) Metaspace: 29101K(29504K)->29101K(29504K) NonClass: 24209K(24384K)->24209K(24384K) Class: 4892K(5120K)->4892K(5120K)
[4914.006s][info][gc             ] GC(1194) Pause Young (Allocation Failure) 5060M->2790M(5199M) 96.449ms
[4914.006s][info][gc,cpu         ] GC(1194) User=0.54s Sys=0.02s Real=0.09s
...[4916.513s][info][gc,start       ] GC(1195) Pause Young (Allocation Failure)
[4916.615s][info][gc,heap        ] GC(1195) PSYoungGen: 2556192K(2606080K)->147045K(2599424K) Eden: 2416128K(2416128K)->0K(2417664K) From: 140064K(189952K)->147045K(181760K)
[4916.615s][info][gc,heap        ] GC(1195) ParOldGen: 2717232K(2717696K)->2807040K(2807296K)
[4916.615s][info][gc,metaspace   ] GC(1195) Metaspace: 29101K(29504K)->29101K(29504K) NonClass: 24209K(24384K)->24209K(24384K) Class: 4892K(5120K)->4892K(5120K)
[4916.615s][info][gc             ] GC(1195) Pause Young (Allocation Failure) 5149M->2884M(5280M) 102.041ms
[4916.615s][info][gc,cpu         ] GC(1195) User=0.58s Sys=0.03s Real=0.10s
..[4919.103s][info][gc,start       ] GC(1196) Pause Young (Allocation Failure)
[4919.201s][info][gc,heap        ] GC(1196) PSYoungGen: 2564709K(2599424K)->140032K(2603520K) Eden: 2417664K(2417664K)->0K(2417664K) From: 147045K(181760K)->140032K(185856K)
[4919.201s][info][gc,heap        ] GC(1196) ParOldGen: 2807040K(2807296K)->2899952K(2899968K)
[4919.201s][info][gc,metaspace   ] GC(1196) Metaspace: 29101K(29504K)->29101K(29504K) NonClass: 24209K(24384K)->24209K(24384K) Class: 4892K(5120K)->4892K(5120K)
[4919.201s][info][gc             ] GC(1196) Pause Young (Allocation Failure) 5245M->2968M(5374M) 98.370ms
[4919.201s][info][gc,cpu         ] GC(1196) User=0.55s Sys=0.03s Real=0.10s
... (rIR:aIR:PR = 7610:7637:7638) (tPR = 113464) [OK] 
  4921s: Performance info:
         Transaction,    Success,    Partial,     Failed,   Receipts, AvgBarcode, 
             Overall,     460754,          0,          0,     437770,      59.48, 
         Response times:
             Request,    Success,    Partial,     Failed,   SkipFail,     Probes,    Samples,      min,      p50,      p90,      p95,      p99,      max, 
       TotalPurchase,     437603,          0,          0,          0,     356214,     458164,      300,     5200,    15200,    39000,   271000,   930000,
     InStorePurchase,     229917,          0,          0,          0,     187879,     241109,      300,     5300,    15200,    39000,   272000,   930000,
      OnlinePurchase,     161733,          0,          0,          0,     131172,     168728,      300,     5100,    15000,    39000,   271000,   930000,
        InstPurchase,      45953,          0,          0,          0,      37163,      48327,      300,     5700,    15900,    41000,   297000,   930000,
          AssocOfCat,        459,          0,          0,          0,        380,        596,    19700,    35000,    56000,    75050,   140120,   181000,
      AssocOfProduct,       4579,          0,          0,          0,       4268,       5836,      600,     5900,    16700,    40000,   191000,   242000,
      BusinessReport,       1149,          0,          0,          0,       1000,       1448,    24000,    43000,    78000,   112000,   324000,   970000,
          CustBuyBeh,       4578,          0,          0,          0,       4222,       5735,      200,     3200,    12100,    30000,   186000,   236000,
       ProductReturn,      12217,          0,          0,          0,       9276,      12333,      200,     5500,    15860,    40000,   276000,   930000,

  4921s: (56%)   IR =   7749 [4921.607s][info][gc,start       ] GC(1197) Pause Young (Allocation Failure)
[4921.703s][info][gc,heap        ] GC(1197) PSYoungGen: 2557696K(2603520K)->139844K(2605568K) Eden: 2417664K(2417664K)->0K(2425856K) From: 140032K(185856K)->139844K(179712K)
[4921.703s][info][gc,heap        ] GC(1197) ParOldGen: 2899952K(2899968K)->2990392K(2990592K)
[4921.703s][info][gc,metaspace   ] GC(1197) Metaspace: 29101K(29504K)->29101K(29504K) NonClass: 24209K(24384K)->24209K(24384K) Class: 4892K(5120K)->4892K(5120K)
[4921.703s][info][gc             ] GC(1197) Pause Young (Allocation Failure) 5329M->3056M(5465M) 96.147ms
[4921.703s][info][gc,cpu         ] GC(1197) User=0.53s Sys=0.04s Real=0.10s
..[4924.181s][info][gc,start       ] GC(1198) Pause Young (Allocation Failure)
[4924.278s][info][gc,heap        ] GC(1198) PSYoungGen: 2565700K(2605568K)->144128K(2608640K) Eden: 2425856K(2425856K)->0K(2425856K) From: 139844K(179712K)->144128K(182784K)
[4924.278s][info][gc,heap        ] GC(1198) ParOldGen: 2990392K(2990592K)->3079632K(3079680K)
[4924.278s][info][gc,metaspace   ] GC(1198) Metaspace: 29101K(29504K)->29101K(29504K) NonClass: 24209K(24384K)->24209K(24384K) Class: 4892K(5120K)->4892K(5120K)
[4924.278s][info][gc             ] GC(1198) Pause Young (Allocation Failure) 5425M->3148M(5555M) 97.475ms
[4924.278s][info][gc,cpu         ] GC(1198) User=0.56s Sys=0.02s Real=0.10s
...[4926.711s][info][gc,start       ] GC(1199) Pause Young (Allocation Failure)
[4926.811s][info][gc,heap        ] GC(1199) PSYoungGen: 2569984K(2608640K)->142532K(2608128K) Eden: 2425856K(2425856K)->0K(2432512K) From: 144128K(182784K)->142532K(175616K)
[4926.811s][info][gc,heap        ] GC(1199) ParOldGen: 3079632K(3079680K)->3172368K(3172864K)
[4926.811s][info][gc,metaspace   ] GC(1199) Metaspace: 29101K(29504K)->29101K(29504K) NonClass: 24209K(24384K)->24209K(24384K) Class: 4892K(5120K)->4892K(5120K)
[4926.811s][info][gc             ] GC(1199) Pause Young (Allocation Failure) 5517M->3237M(5645M) 100.296ms
[4926.811s][info][gc,cpu         ] GC(1199) User=0.56s Sys=0.03s Real=0.10s
..[4929.244s][info][gc,start       ] GC(1200) Pause Young (Allocation Failure)
[4929.343s][info][gc,heap        ] GC(1200) PSYoungGen: 2575044K(2608128K)->136272K(2611200K) Eden: 2432512K(2432512K)->0K(2432512K) From: 142532K(175616K)->136272K(178688K)
[4929.343s][info][gc,heap        ] GC(1200) ParOldGen: 3172368K(3172864K)->3264024K(3264512K)
[4929.343s][info][gc,metaspace   ] GC(1200) Metaspace: 29101K(29504K)->29101K(29504K) NonClass: 24209K(24384K)->24209K(24384K) Class: 4892K(5120K)->4892K(5120K)
[4929.343s][info][gc             ] GC(1200) Pause Young (Allocation Failure) 5612M->3320M(5738M) 98.327ms
[4929.343s][info][gc,cpu         ] GC(1200) User=0.54s Sys=0.04s Real=0.10s
...|[4931.854s][info][gc,start       ] GC(1201) Pause Young (Allocation Failure)
[4931.954s][info][gc,heap        ] GC(1201) PSYoungGen: 2568784K(2611200K)->145456K(2610176K) Eden: 2432512K(2432512K)->0K(2439680K) From: 136272K(178688K)->145456K(170496K)
[4931.954s][info][gc,heap        ] GC(1201) ParOldGen: 3264024K(3264512K)->3353384K(3353600K)
[4931.954s][info][gc,metaspace   ] GC(1201) Metaspace: 29101K(29504K)->29101K(29504K) NonClass: 24209K(24384K)->24209K(24384K) Class: 4892K(5120K)->4892K(5120K)
[4931.954s][info][gc             ] GC(1201) Pause Young (Allocation Failure) 5696M->3416M(5824M) 99.783ms
[4931.954s][info][gc,cpu         ] GC(1201) User=0.57s Sys=0.02s Real=0.10s
..[4934.407s][info][gc,start       ] GC(1202) Pause Young (Allocation Failure)
[4934.509s][info][gc,heap        ] GC(1202) PSYoungGen: 2585136K(2610176K)->144885K(2614272K) Eden: 2439680K(2439680K)->0K(2439680K) From: 145456K(170496K)->144885K(174592K)
[4934.509s][info][gc,heap        ] GC(1202) ParOldGen: 3353384K(3353600K)->3445488K(3445760K)
[4934.509s][info][gc,metaspace   ] GC(1202) Metaspace: 29101K(29504K)->29101K(29504K) NonClass: 24209K(24384K)->24209K(24384K) Class: 4892K(5120K)->4892K(5120K)
[4934.509s][info][gc             ] GC(1202) Pause Young (Allocation Failure) 5799M->3506M(5918M) 102.501ms
[4934.509s][info][gc,cpu         ] GC(1202) User=0.57s Sys=0.04s Real=0.11s
...[4936.932s][info][gc,start       ] GC(1203) Pause Young (Allocation Failure)
[4937.034s][info][gc,heap        ] GC(1203) PSYoungGen: 2584565K(2614272K)->148329K(2615296K) Eden: 2439680K(2439680K)->0K(2448896K) From: 144885K(174592K)->148329K(166400K)
[4937.034s][info][gc,heap        ] GC(1203) ParOldGen: 3445488K(3445760K)->3535920K(3536384K)
[4937.034s][info][gc,metaspace   ] GC(1203) Metaspace: 29101K(29504K)->29101K(29504K) NonClass: 24209K(24384K)->24209K(24384K) Class: 4892K(5120K)->4892K(5120K)
[4937.034s][info][gc             ] GC(1203) Pause Young (Allocation Failure) 5888M->3597M(6007M) 102.110ms
[4937.034s][info][gc,cpu         ] GC(1203) User=0.58s Sys=0.03s Real=0.10s
..[4939.488s][info][gc,start       ] GC(1204) Pause Young (Allocation Failure)
[4939.588s][info][gc,heap        ] GC(1204) PSYoungGen: 2597225K(2615296K)->144068K(2619392K) Eden: 2448896K(2448896K)->0K(2448896K) From: 148329K(166400K)->144068K(170496K)
[4939.588s][info][gc,heap        ] GC(1204) ParOldGen: 3535920K(3536384K)->3627288K(3627520K)
[4939.588s][info][gc,metaspace   ] GC(1204) Metaspace: 29101K(29504K)->29101K(29504K) NonClass: 24209K(24384K)->24209K(24384K) Class: 4892K(5120K)->4892K(5120K)
[4939.588s][info][gc             ] GC(1204) Pause Young (Allocation Failure) 5989M->3682M(6100M) 100.397ms
[4939.588s][info][gc,cpu         ] GC(1204) User=0.56s Sys=0.03s Real=0.10s
...[4942.090s][info][gc,start       ] GC(1205) Pause Young (Allocation Failure)
[4942.194s][info][gc,heap        ] GC(1205) PSYoungGen: 2592964K(2619392K)->150960K(2622464K) Eden: 2448896K(2448896K)->0K(2457088K) From: 144068K(170496K)->150960K(165376K)
[4942.194s][info][gc,heap        ] GC(1205) ParOldGen: 3627288K(3627520K)->3717592K(3717632K)
[4942.194s][info][gc,metaspace   ] GC(1205) Metaspace: 29101K(29504K)->29101K(29504K) NonClass: 24209K(24384K)->24209K(24384K) Class: 4892K(5120K)->4892K(5120K)
[4942.194s][info][gc             ] GC(1205) Pause Young (Allocation Failure) 6074M->3777M(6191M) 103.654ms
[4942.194s][info][gc,cpu         ] GC(1205) User=0.60s Sys=0.02s Real=0.10s
..[4944.618s][info][gc,start       ] GC(1206) Pause Young (Allocation Failure)
[4944.717s][info][gc,heap        ] GC(1206) PSYoungGen: 2608048K(2622464K)->142832K(2625024K) Eden: 2457088K(2457088K)->0K(2457088K) From: 150960K(165376K)->142832K(167936K)
[4944.717s][info][gc,heap        ] GC(1206) ParOldGen: 3717592K(3717632K)->3809128K(3809280K)
[4944.717s][info][gc,metaspace   ] GC(1206) Metaspace: 29101K(29504K)->29101K(29504K) NonClass: 24209K(24384K)->24209K(24384K) Class: 4892K(5120K)->4892K(5120K)
[4944.717s][info][gc             ] GC(1206) Pause Young (Allocation Failure) 6177M->3859M(6283M) 99.568ms
[4944.717s][info][gc,cpu         ] GC(1206) User=0.56s Sys=0.03s Real=0.09s
...[4947.244s][info][gc,start       ] GC(1207) Pause Young (Allocation Failure)
[4947.341s][info][gc,heap        ] GC(1207) PSYoungGen: 2599920K(2625024K)->137408K(2626048K) Eden: 2457088K(2457088K)->0K(2461184K) From: 142832K(167936K)->137408K(164864K)
[4947.341s][info][gc,heap        ] GC(1207) ParOldGen: 3809128K(3809280K)->3899064K(3899392K)
[4947.341s][info][gc,metaspace   ] GC(1207) Metaspace: 29101K(29504K)->29101K(29504K) NonClass: 24209K(24384K)->24209K(24384K) Class: 4892K(5120K)->4892K(5120K)
[4947.341s][info][gc             ] GC(1207) Pause Young (Allocation Failure) 6258M->3941M(6372M) 97.046ms
[4947.341s][info][gc,cpu         ] GC(1207) User=0.55s Sys=0.02s Real=0.10s
..[4949.712s][info][gc,start       ] GC(1208) Pause Young (Allocation Failure)
[4949.812s][info][gc,heap        ] GC(1208) PSYoungGen: 2598592K(2626048K)->139296K(2627584K) Eden: 2461184K(2461184K)->0K(2461184K) From: 137408K(164864K)->139296K(166400K)
[4949.812s][info][gc,heap        ] GC(1208) ParOldGen: 3899064K(3899392K)->3993224K(3993600K)
[4949.812s][info][gc,metaspace   ] GC(1208) Metaspace: 29101K(29504K)->29101K(29504K) NonClass: 24209K(24384K)->24209K(24384K) Class: 4892K(5120K)->4892K(5120K)
[4949.812s][info][gc             ] GC(1208) Pause Young (Allocation Failure) 6345M->4035M(6466M) 99.954ms
[4949.812s][info][gc,cpu         ] GC(1208) User=0.57s Sys=0.03s Real=0.10s
...[4952.352s][info][gc,start       ] GC(1209) Pause Young (Allocation Failure)
[4952.452s][info][gc,heap        ] GC(1209) PSYoungGen: 2600480K(2627584K)->143413K(2626048K) Eden: 2461184K(2461184K)->0K(2464256K) From: 139296K(166400K)->143413K(161792K)
[4952.452s][info][gc,heap        ] GC(1209) ParOldGen: 3993224K(3993600K)->4083544K(4083712K)
[4952.452s][info][gc,metaspace   ] GC(1209) Metaspace: 29101K(29504K)->29101K(29504K) NonClass: 24209K(24384K)->24209K(24384K) Class: 4892K(5120K)->4892K(5120K)
[4952.452s][info][gc             ] GC(1209) Pause Young (Allocation Failure) 6439M->4127M(6552M) 99.917ms
[4952.452s][info][gc,cpu         ] GC(1209) User=0.57s Sys=0.03s Real=0.10s
...[4954.909s][info][gc,start       ] GC(1210) Pause Young (Allocation Failure)
[4955.012s][info][gc,heap        ] GC(1210) PSYoungGen: 2607669K(2626048K)->145152K(2628096K) Eden: 2464256K(2464256K)->0K(2464256K) From: 143413K(161792K)->145152K(163840K)
[4955.012s][info][gc,heap        ] GC(1210) ParOldGen: 4083544K(4083712K)->4176936K(4177408K)
[4955.012s][info][gc,metaspace   ] GC(1210) Metaspace: 29101K(29504K)->29101K(29504K) NonClass: 24209K(24384K)->24209K(24384K) Class: 4892K(5120K)->4892K(5120K)
[4955.012s][info][gc             ] GC(1210) Pause Young (Allocation Failure) 6534M->4220M(6646M) 102.520ms
[4955.012s][info][gc,cpu         ] GC(1210) User=0.59s Sys=0.02s Real=0.10s
..[4957.524s][info][gc,start       ] GC(1211) Pause Young (Allocation Failure)
[4957.620s][info][gc,heap        ] GC(1211) PSYoungGen: 2609408K(2628096K)->135200K(2632192K) Eden: 2464256K(2464256K)->0K(2470400K) From: 145152K(163840K)->135200K(161792K)
[4957.620s][info][gc,heap        ] GC(1211) ParOldGen: 4176936K(4177408K)->4269832K(4270080K)
[4957.620s][info][gc,metaspace   ] GC(1211) Metaspace: 29101K(29504K)->29101K(29504K) NonClass: 24209K(24384K)->24209K(24384K) Class: 4892K(5120K)->4892K(5120K)
[4957.620s][info][gc             ] GC(1211) Pause Young (Allocation Failure) 6627M->4301M(6740M) 96.014ms
[4957.620s][info][gc,cpu         ] GC(1211) User=0.54s Sys=0.03s Real=0.10s
...[4960.036s][info][gc,start       ] GC(1212) Pause Young (Allocation Failure)
[4960.137s][info][gc,heap        ] GC(1212) PSYoungGen: 2605600K(2632192K)->146724K(2632192K) Eden: 2470400K(2470400K)->0K(2470400K) From: 135200K(161792K)->146724K(161792K)
[4960.137s][info][gc,heap        ] GC(1212) ParOldGen: 4269832K(4270080K)->4359296K(4359680K)
[4960.137s][info][gc,metaspace   ] GC(1212) Metaspace: 29101K(29504K)->29101K(29504K) NonClass: 24209K(24384K)->24209K(24384K) Class: 4892K(5120K)->4892K(5120K)
[4960.137s][info][gc             ] GC(1212) Pause Young (Allocation Failure) 6714M->4400M(6828M) 101.007ms
[4960.137s][info][gc,cpu         ] GC(1212) User=0.57s Sys=0.02s Real=0.10s
..[4962.668s][info][gc,start       ] GC(1213) Pause Young (Allocation Failure)
[4962.770s][info][gc,heap        ] GC(1213) PSYoungGen: 2617124K(2632192K)->146312K(2632704K) Eden: 2470400K(2470400K)->0K(2472960K) From: 146724K(161792K)->146312K(159744K)
[4962.770s][info][gc,heap        ] GC(1213) ParOldGen: 4359296K(4359680K)->4449800K(4450304K)
[4962.770s][info][gc,metaspace   ] GC(1213) Metaspace: 29101K(29504K)->29101K(29504K) NonClass: 24209K(24384K)->24209K(24384K) Class: 4892K(5120K)->4892K(5120K)
[4962.770s][info][gc             ] GC(1213) Pause Young (Allocation Failure) 6812M->4488M(6917M) 101.819ms
[4962.770s][info][gc,cpu         ] GC(1213) User=0.57s Sys=0.04s Real=0.10s
...[4965.280s][info][gc,start       ] GC(1214) Pause Young (Allocation Failure)
[4965.382s][info][gc,heap        ] GC(1214) PSYoungGen: 2619272K(2632704K)->146900K(2633216K) Eden: 2472960K(2472960K)->0K(2472960K) From: 146312K(159744K)->146900K(160256K)
[4965.382s][info][gc,heap        ] GC(1214) ParOldGen: 4449800K(4450304K)->4542760K(4542976K)
[4965.382s][info][gc,metaspace   ] GC(1214) Metaspace: 29101K(29504K)->29101K(29504K) NonClass: 24209K(24384K)->24209K(24384K) Class: 4892K(5120K)->4892K(5120K)
[4965.382s][info][gc             ] GC(1214) Pause Young (Allocation Failure) 6903M->4579M(7008M) 101.897ms
[4965.382s][info][gc,cpu         ] GC(1214) User=0.58s Sys=0.03s Real=0.10s
...[4967.973s][info][gc,start       ] GC(1215) Pause Young (Allocation Failure)
[4968.072s][info][gc,heap        ] GC(1215) PSYoungGen: 2619860K(2633216K)->144512K(2632704K) Eden: 2472960K(2472960K)->0K(2476032K) From: 146900K(160256K)->144512K(156672K)
[4968.072s][info][gc,heap        ] GC(1215) ParOldGen: 4542760K(4542976K)->4632848K(4633088K)
[4968.072s][info][gc,metaspace   ] GC(1215) Metaspace: 29101K(29504K)->29101K(29504K) NonClass: 24209K(24384K)->24209K(24384K) Class: 4892K(5120K)->4892K(5120K)
[4968.072s][info][gc             ] GC(1215) Pause Young (Allocation Failure) 6994M->4665M(7095M) 99.095ms
[4968.072s][info][gc,cpu         ] GC(1215) User=0.56s Sys=0.03s Real=0.10s
..[4970.512s][info][gc,start       ] GC(1216) Pause Young (Allocation Failure)
[4970.613s][info][gc,heap        ] GC(1216) PSYoungGen: 2620544K(2632704K)->141760K(2634240K) Eden: 2476032K(2476032K)->0K(2476032K) From: 144512K(156672K)->141760K(158208K)
[4970.614s][info][gc,heap        ] GC(1216) ParOldGen: 4632848K(4633088K)->4725024K(4725248K)
[4970.614s][info][gc,metaspace   ] GC(1216) Metaspace: 29101K(29504K)->29101K(29504K) NonClass: 24209K(24384K)->24209K(24384K) Class: 4892K(5120K)->4892K(5120K)
[4970.614s][info][gc             ] GC(1216) Pause Young (Allocation Failure) 7083M->4752M(7187M) 101.582ms
[4970.614s][info][gc,cpu         ] GC(1216) User=0.57s Sys=0.04s Real=0.10s
...[4973.040s][info][gc,start       ] GC(1217) Pause Young (Allocation Failure)
[4973.140s][info][gc,heap        ] GC(1217) PSYoungGen: 2617792K(2634240K)->145088K(2635264K) Eden: 2476032K(2476032K)->0K(2480640K) From: 141760K(158208K)->145088K(154624K)
[4973.140s][info][gc,heap        ] GC(1217) ParOldGen: 4725024K(4725248K)->4815656K(4815872K)
[4973.140s][info][gc,metaspace   ] GC(1217) Metaspace: 29101K(29504K)->29101K(29504K) NonClass: 24209K(24384K)->24209K(24384K) Class: 4892K(5120K)->4892K(5120K)
[4973.140s][info][gc             ] GC(1217) Pause Young (Allocation Failure) 7170M->4844M(7276M) 99.578ms
[4973.140s][info][gc,cpu         ] GC(1217) User=0.57s Sys=0.02s Real=0.10s
..[4975.623s][info][gc,start       ] GC(1218) Pause Young (Allocation Failure)
[4975.727s][info][gc,heap        ] GC(1218) PSYoungGen: 2625728K(2635264K)->143392K(2636800K) Eden: 2480640K(2480640K)->0K(2480640K) From: 145088K(154624K)->143392K(156160K)
[4975.727s][info][gc,heap        ] GC(1218) ParOldGen: 4815656K(4815872K)->4907648K(4908032K)
[4975.727s][info][gc,metaspace   ] GC(1218) Metaspace: 29101K(29504K)->29101K(29504K) NonClass: 24209K(24384K)->24209K(24384K) Class: 4892K(5120K)->4892K(5120K)
[4975.727s][info][gc             ] GC(1218) Pause Young (Allocation Failure) 7266M->4932M(7368M) 103.303ms
[4975.727s][info][gc,cpu         ] GC(1218) User=0.58s Sys=0.04s Real=0.10s
...[4978.191s][info][gc,start       ] GC(1219) Pause Young (Allocation Failure)
[4978.297s][info][gc,heap        ] GC(1219) PSYoungGen: 2624032K(2636800K)->149824K(2638848K) Eden: 2480640K(2480640K)->0K(2483712K) From: 143392K(156160K)->149824K(155136K)
[4978.297s][info][gc,heap        ] GC(1219) ParOldGen: 4907648K(4908032K)->4999776K(5000192K)
[4978.297s][info][gc,metaspace   ] GC(1219) Metaspace: 29101K(29504K)->29101K(29504K) NonClass: 24209K(24384K)->24209K(24384K) Class: 4892K(5120K)->4892K(5120K)
[4978.297s][info][gc             ] GC(1219) Pause Young (Allocation Failure) 7355M->5028M(7460M) 105.884ms
[4978.297s][info][gc,cpu         ] GC(1219) User=0.60s Sys=0.04s Real=0.10s
..[4980.771s][info][gc,start       ] GC(1220) Pause Young (Allocation Failure)
[4980.869s][info][gc,heap        ] GC(1220) PSYoungGen: 2633536K(2638848K)->140544K(2639872K) Eden: 2483712K(2483712K)->0K(2483712K) From: 149824K(155136K)->140544K(156160K)
[4980.869s][info][gc,heap        ] GC(1220) ParOldGen: 4999776K(5000192K)->5091864K(5092352K)
[4980.869s][info][gc,metaspace   ] GC(1220) Metaspace: 29101K(29504K)->29101K(29504K) NonClass: 24209K(24384K)->24209K(24384K) Class: 4892K(5120K)->4892K(5120K)
[4980.869s][info][gc             ] GC(1220) Pause Young (Allocation Failure) 7454M->5109M(7551M) 98.069ms
[4980.869s][info][gc,cpu         ] GC(1220) User=0.56s Sys=0.02s Real=0.10s
...[4983.488s][info][gc,start       ] GC(1221) Pause Young (Allocation Failure)
[4983.588s][info][gc,heap        ] GC(1221) PSYoungGen: 2624256K(2639872K)->143744K(2637824K) Eden: 2483712K(2483712K)->0K(2483712K) From: 140544K(156160K)->143744K(154112K)
[4983.588s][info][gc,heap        ] GC(1221) ParOldGen: 5091864K(5092352K)->5181008K(5181440K)
[4983.588s][info][gc,metaspace   ] GC(1221) Metaspace: 29101K(29504K)->29101K(29504K) NonClass: 24209K(24384K)->24209K(24384K) Class: 4892K(5120K)->4892K(5120K)
[4983.588s][info][gc             ] GC(1221) Pause Young (Allocation Failure) 7535M->5199M(7636M) 99.837ms
[4983.588s][info][gc,cpu         ] GC(1221) User=0.56s Sys=0.04s Real=0.10s
...[4986.054s][info][gc,start       ] GC(1222) Pause Young (Allocation Failure)
[4986.156s][info][gc,heap        ] GC(1222) PSYoungGen: 2627456K(2637824K)->144048K(2638848K) Eden: 2483712K(2483712K)->0K(2483712K) From: 143744K(154112K)->144048K(155136K)
[4986.156s][info][gc,heap        ] GC(1222) ParOldGen: 5181008K(5181440K)->5274664K(5275136K)
[4986.156s][info][gc,metaspace   ] GC(1222) Metaspace: 29101K(29504K)->29101K(29504K) NonClass: 24209K(24384K)->24209K(24384K) Class: 4892K(5120K)->4892K(5120K)
[4986.156s][info][gc             ] GC(1222) Pause Young (Allocation Failure) 7625M->5291M(7728M) 102.394ms
[4986.156s][info][gc,cpu         ] GC(1222) User=0.59s Sys=0.02s Real=0.10s
..[4988.611s][info][gc,start       ] GC(1223) Pause Young (Allocation Failure)
[4988.718s][info][gc,heap        ] GC(1223) PSYoungGen: 2627760K(2638848K)->151728K(2638848K) Eden: 2483712K(2483712K)->0K(2484736K) From: 144048K(155136K)->151728K(154112K)
[4988.718s][info][gc,heap        ] GC(1223) ParOldGen: 5274664K(5275136K)->5364504K(5364736K)
[4988.718s][info][gc,metaspace   ] GC(1223) Metaspace: 29101K(29504K)->29101K(29504K) NonClass: 24209K(24384K)->24209K(24384K) Class: 4892K(5120K)->4892K(5120K)
[4988.718s][info][gc             ] GC(1223) Pause Young (Allocation Failure) 7717M->5386M(7816M) 106.830ms
[4988.718s][info][gc,cpu         ] GC(1223) User=0.61s Sys=0.03s Real=0.11s
...[4991.278s][info][gc,start       ] GC(1224) Pause Young (Allocation Failure)
[4991.379s][info][gc,heap        ] GC(1224) PSYoungGen: 2636464K(2638848K)->142837K(2640384K) Eden: 2484736K(2484736K)->0K(2484736K) From: 151728K(154112K)->142837K(155648K)
[4991.379s][info][gc,heap        ] GC(1224) ParOldGen: 5364504K(5364736K)->5455440K(5455872K)
[4991.379s][info][gc,metaspace   ] GC(1224) Metaspace: 29101K(29504K)->29101K(29504K) NonClass: 24209K(24384K)->24209K(24384K) Class: 4892K(5120K)->4892K(5120K)
[4991.379s][info][gc             ] GC(1224) Pause Young (Allocation Failure) 7813M->5467M(7906M) 100.452ms
[4991.379s][info][gc,cpu         ] GC(1224) User=0.57s Sys=0.02s Real=0.10s
. (rIR:aIR:PR = 7749:7785:7785) (tPR = 116641) [OK] 
  4991s: Performance info:
         Transaction,    Success,    Partial,     Failed,   Receipts, AvgBarcode, 
             Overall,     471016,          0,          0,     447479,      59.47, 
         Response times:
             Request,    Success,    Partial,     Failed,   SkipFail,     Probes,    Samples,      min,      p50,      p90,      p95,      p99,      max, 
       TotalPurchase,     447480,          0,          0,          0,     363947,     425206,      200,     5300,    12400,    30000,    60000,   170000,
     InStorePurchase,     234875,          0,          0,          0,     191354,     223153,      300,     5200,    12400,    30000,    59000,   170000,
      OnlinePurchase,     165973,          0,          0,          0,     133972,     156371,      200,     5300,    12400,    30000,    61000,   170000,
        InstPurchase,      46632,          0,          0,          0,      38621,      45682,      400,     5400,    12900,    31000,    64000,   166000,
          AssocOfCat,        469,          0,          0,          0,        362,        512,    19200,    35000,    56700,    78750,   146350,   164000,
      AssocOfProduct,       4684,          0,          0,          0,       4396,       5459,      500,     4400,    10300,    24000,    53000,   137000,
      BusinessReport,       1173,          0,          0,          0,       1020,       1329,    27000,    45000,    76000,   105000,   156000,   175000,
          CustBuyBeh,       4693,          0,          0,          0,       4390,       5385,     1200,     5800,    13780,    31000,    63140,   140000,
       ProductReturn,      12520,          0,          0,          0,       9597,      11544,      300,     5800,    13100,    33000,    71000,   142000,

  4991s: (57%)   IR =   7887 .[4993.811s][info][gc,start       ] GC(1225) Pause Young (Allocation Failure)
[4993.910s][info][gc,heap        ] GC(1225) PSYoungGen: 2627573K(2640384K)->138912K(2639872K) Eden: 2484736K(2484736K)->0K(2485248K) From: 142837K(155648K)->138912K(154624K)
[4993.910s][info][gc,heap        ] GC(1225) ParOldGen: 5455440K(5455872K)->5548160K(5548544K)
[4993.910s][info][gc,metaspace   ] GC(1225) Metaspace: 29101K(29504K)->29101K(29504K) NonClass: 24209K(24384K)->24209K(24384K) Class: 4892K(5120K)->4892K(5120K)
[4993.910s][info][gc             ] GC(1225) Pause Young (Allocation Failure) 7893M->5553M(7996M) 98.742ms
[4993.910s][info][gc,cpu         ] GC(1225) User=0.55s Sys=0.03s Real=0.10s
...[4996.426s][info][gc,start       ] GC(1226) Pause Full (Allocation Failure)
[4996.426s][info][gc,phases,start] GC(1226) Marking Phase
[4996.723s][info][gc,phases      ] GC(1226) Marking Phase 297.264ms
[4996.723s][info][gc,phases,start] GC(1226) Summary Phase
[4996.723s][info][gc,phases      ] GC(1226) Summary Phase 0.103ms
[4996.723s][info][gc,phases,start] GC(1226) Forward
[4996.846s][info][gc,phases      ] GC(1226) Forward 122.448ms
[4996.846s][info][gc,phases,start] GC(1226) Adjust Pointers
[4997.041s][info][gc,phases      ] GC(1226) Adjust Pointers 195.219ms
[4997.041s][info][gc,phases,start] GC(1226) Compaction Phase
[4997.168s][info][gc,phases      ] GC(1226) Compaction Phase 127.367ms
[4997.169s][info][gc,phases,start] GC(1226) Post Compact
[4997.176s][info][gc,phases      ] GC(1226) Post Compact 6.863ms
[4997.306s][info][gc,heap        ] GC(1226) PSYoungGen: 2624160K(2639872K)->0K(2640384K) Eden: 2485248K(2485248K)->0K(2485248K) From: 138912K(154624K)->0K(155136K)
[4997.306s][info][gc,heap        ] GC(1226) ParOldGen: 5548160K(5548544K)->1422821K(1661952K)
[4997.306s][info][gc,metaspace   ] GC(1226) Metaspace: 29101K(29504K)->29101K(29504K) NonClass: 24209K(24384K)->24209K(24384K) Class: 4892K(5120K)->4892K(5120K)
[4997.306s][info][gc             ] GC(1226) Pause Full (Allocation Failure) 7980M->1389M(4201M) 880.275ms
[4997.306s][info][gc,cpu         ] GC(1226) User=4.04s Sys=0.13s Real=0.88s
..[4999.030s][info][gc,start       ] GC(1227) Pause Young (Allocation Failure)
[4999.098s][info][gc,heap        ] GC(1227) PSYoungGen: 2485248K(2640384K)->151866K(2637824K) Eden: 2485248K(2485248K)->0K(2482688K) From: 0K(155136K)->151866K(155136K)
[4999.098s][info][gc,heap        ] GC(1227) ParOldGen: 1422821K(1661952K)->1422821K(1661952K)
[4999.098s][info][gc,metaspace   ] GC(1227) Metaspace: 29101K(29504K)->29101K(29504K) NonClass: 24209K(24384K)->24209K(24384K) Class: 4892K(5120K)->4892K(5120K)
[4999.098s][info][gc             ] GC(1227) Pause Young (Allocation Failure) 3816M->1537M(4199M) 68.062ms
[4999.098s][info][gc,cpu         ] GC(1227) User=0.40s Sys=0.00s Real=0.07s
...[5001.610s][info][gc,start       ] GC(1228) Pause Young (Allocation Failure)
[5001.706s][info][gc,heap        ] GC(1228) PSYoungGen: 2634554K(2637824K)->146640K(2639360K) Eden: 2482688K(2482688K)->0K(2482688K) From: 151866K(155136K)->146640K(156672K)
[5001.706s][info][gc,heap        ] GC(1228) ParOldGen: 1422821K(1661952K)->1518074K(1661952K)
[5001.706s][info][gc,metaspace   ] GC(1228) Metaspace: 29101K(29504K)->29101K(29504K) NonClass: 24209K(24384K)->24209K(24384K) Class: 4892K(5120K)->4892K(5120K)
[5001.707s][info][gc             ] GC(1228) Pause Young (Allocation Failure) 3962M->1625M(4200M) 96.149ms
[5001.707s][info][gc,cpu         ] GC(1228) User=0.58s Sys=0.00s Real=0.09s
..[5004.231s][info][gc,start       ] GC(1229) Pause Young (Allocation Failure)
[5004.324s][info][gc,heap        ] GC(1229) PSYoungGen: 2629328K(2639360K)->143104K(2637824K) Eden: 2482688K(2482688K)->0K(2483200K) From: 146640K(156672K)->143104K(154624K)
[5004.324s][info][gc,heap        ] GC(1229) ParOldGen: 1518074K(1661952K)->1606090K(1661952K)
[5004.324s][info][gc,metaspace   ] GC(1229) Metaspace: 29101K(29504K)->29101K(29504K) NonClass: 24209K(24384K)->24209K(24384K) Class: 4892K(5120K)->4892K(5120K)
[5004.324s][info][gc             ] GC(1229) Pause Young (Allocation Failure) 4050M->1708M(4199M) 92.797ms
[5004.324s][info][gc,cpu         ] GC(1229) User=0.54s Sys=0.00s Real=0.09s
...[5006.805s][info][gc,start       ] GC(1230) Pause Young (Allocation Failure)
[5006.902s][info][gc,heap        ] GC(1230) PSYoungGen: 2626304K(2637824K)->145060K(2638848K) Eden: 2483200K(2483200K)->0K(2483200K) From: 143104K(154624K)->145060K(155648K)
[5006.902s][info][gc,heap        ] GC(1230) ParOldGen: 1606090K(1661952K)->1701434K(1701888K)
[5006.902s][info][gc,metaspace   ] GC(1230) Metaspace: 29101K(29504K)->29101K(29504K) NonClass: 24209K(24384K)->24209K(24384K) Class: 4892K(5120K)->4892K(5120K)
[5006.902s][info][gc             ] GC(1230) Pause Young (Allocation Failure) 4133M->1803M(4239M) 97.123ms
[5006.902s][info][gc,cpu         ] GC(1230) User=0.57s Sys=0.01s Real=0.10s
.|.[5009.353s][info][gc,start       ] GC(1231) Pause Young (Allocation Failure)
[5009.455s][info][gc,heap        ] GC(1231) PSYoungGen: 2628260K(2638848K)->149448K(2639872K) Eden: 2483200K(2483200K)->0K(2485248K) From: 145060K(155648K)->149448K(154624K)
[5009.455s][info][gc,heap        ] GC(1231) ParOldGen: 1701434K(1701888K)->1791618K(1792000K)
[5009.455s][info][gc,metaspace   ] GC(1231) Metaspace: 29101K(29504K)->29101K(29504K) NonClass: 24209K(24384K)->24209K(24384K) Class: 4892K(5120K)->4892K(5120K)
[5009.456s][info][gc             ] GC(1231) Pause Young (Allocation Failure) 4228M->1895M(4328M) 102.635ms
[5009.456s][info][gc,cpu         ] GC(1231) User=0.58s Sys=0.03s Real=0.10s
...[5011.877s][info][gc,start       ] GC(1232) Pause Young (Allocation Failure)
[5011.978s][info][gc,heap        ] GC(1232) PSYoungGen: 2634696K(2639872K)->146400K(2640384K) Eden: 2485248K(2485248K)->0K(2485248K) From: 149448K(154624K)->146400K(155136K)
[5011.978s][info][gc,heap        ] GC(1232) ParOldGen: 1791618K(1792000K)->1884218K(1884672K)
[5011.978s][info][gc,metaspace   ] GC(1232) Metaspace: 29101K(29504K)->29101K(29504K) NonClass: 24209K(24384K)->24209K(24384K) Class: 4892K(5120K)->4892K(5120K)
[5011.978s][info][gc             ] GC(1232) Pause Young (Allocation Failure) 4322M->1983M(4419M) 101.052ms
[5011.978s][info][gc,cpu         ] GC(1232) User=0.58s Sys=0.02s Real=0.11s
..[5014.491s][info][gc,start       ] GC(1233) Pause Young (Allocation Failure)
[5014.591s][info][gc,heap        ] GC(1233) PSYoungGen: 2631648K(2640384K)->146112K(2639872K) Eden: 2485248K(2485248K)->0K(2486272K) From: 146400K(155136K)->146112K(153600K)
[5014.591s][info][gc,heap        ] GC(1233) ParOldGen: 1884218K(1884672K)->1973890K(1974272K)
[5014.591s][info][gc,metaspace   ] GC(1233) Metaspace: 29101K(29504K)->29101K(29504K) NonClass: 24209K(24384K)->24209K(24384K) Class: 4892K(5120K)->4892K(5120K)
[5014.591s][info][gc             ] GC(1233) Pause Young (Allocation Failure) 4410M->2070M(4506M) 99.970ms
[5014.591s][info][gc,cpu         ] GC(1233) User=0.56s Sys=0.03s Real=0.10s
...[5017.110s][info][gc,start       ] GC(1234) Pause Young (Allocation Failure)
[5017.209s][info][gc,heap        ] GC(1234) PSYoungGen: 2632384K(2639872K)->144992K(2640384K) Eden: 2486272K(2486272K)->0K(2486272K) From: 146112K(153600K)->144992K(154112K)
[5017.209s][info][gc,heap        ] GC(1234) ParOldGen: 1973890K(1974272K)->2066586K(2066944K)
[5017.209s][info][gc,metaspace   ] GC(1234) Metaspace: 29101K(29504K)->29101K(29504K) NonClass: 24209K(24384K)->24209K(24384K) Class: 4892K(5120K)->4892K(5120K)
[5017.209s][info][gc             ] GC(1234) Pause Young (Allocation Failure) 4498M->2159M(4597M) 99.039ms
[5017.209s][info][gc,cpu         ] GC(1234) User=0.55s Sys=0.03s Real=0.10s
...[5019.630s][info][gc,start       ] GC(1235) Pause Young (Allocation Failure)
[5019.726s][info][gc,heap        ] GC(1235) PSYoungGen: 2631264K(2640384K)->139040K(2640896K) Eden: 2486272K(2486272K)->0K(2487808K) From: 144992K(154112K)->139040K(153088K)
[5019.726s][info][gc,heap        ] GC(1235) ParOldGen: 2066586K(2066944K)->2159306K(2159616K)
[5019.726s][info][gc,metaspace   ] GC(1235) Metaspace: 29101K(29504K)->29101K(29504K) NonClass: 24209K(24384K)->24209K(24384K) Class: 4892K(5120K)->4892K(5120K)
[5019.726s][info][gc             ] GC(1235) Pause Young (Allocation Failure) 4587M->2244M(4688M) 95.631ms
[5019.726s][info][gc,cpu         ] GC(1235) User=0.55s Sys=0.03s Real=0.09s
..[5022.248s][info][gc,start       ] GC(1236) Pause Young (Allocation Failure)
[5022.347s][info][gc,heap        ] GC(1236) PSYoungGen: 2626848K(2640896K)->144181K(2641408K) Eden: 2487808K(2487808K)->0K(2487808K) From: 139040K(153088K)->144181K(153600K)
[5022.347s][info][gc,heap        ] GC(1236) ParOldGen: 2159306K(2159616K)->2250018K(2250240K)
[5022.347s][info][gc,metaspace   ] GC(1236) Metaspace: 29101K(29504K)->29101K(29504K) NonClass: 24209K(24384K)->24209K(24384K) Class: 4892K(5120K)->4892K(5120K)
[5022.347s][info][gc             ] GC(1236) Pause Young (Allocation Failure) 4673M->2338M(4777M) 99.642ms
[5022.347s][info][gc,cpu         ] GC(1236) User=0.56s Sys=0.03s Real=0.09s
...[5024.763s][info][gc,start       ] GC(1237) Pause Young (Allocation Failure)
[5024.862s][info][gc,heap        ] GC(1237) PSYoungGen: 2631989K(2641408K)->145492K(2641408K) Eden: 2487808K(2487808K)->0K(2489344K) From: 144181K(153600K)->145492K(152064K)
[5024.862s][info][gc,heap        ] GC(1237) ParOldGen: 2250018K(2250240K)->2344010K(2344448K)
[5024.862s][info][gc,metaspace   ] GC(1237) Metaspace: 29101K(29504K)->29101K(29504K) NonClass: 24209K(24384K)->24209K(24384K) Class: 4892K(5120K)->4892K(5120K)
[5024.862s][info][gc             ] GC(1237) Pause Young (Allocation Failure) 4767M->2431M(4869M) 98.854ms
[5024.862s][info][gc,cpu         ] GC(1237) User=0.55s Sys=0.03s Real=0.10s
..[5027.460s][info][gc,start       ] GC(1238) Pause Young (Allocation Failure)
[5027.556s][info][gc,heap        ] GC(1238) PSYoungGen: 2634836K(2641408K)->142432K(2641920K) Eden: 2489344K(2489344K)->0K(2489344K) From: 145492K(152064K)->142432K(152576K)
[5027.556s][info][gc,heap        ] GC(1238) ParOldGen: 2344010K(2344448K)->2432602K(2433024K)
[5027.556s][info][gc,metaspace   ] GC(1238) Metaspace: 29101K(29504K)->29101K(29504K) NonClass: 24209K(24384K)->24209K(24384K) Class: 4892K(5120K)->4892K(5120K)
[5027.556s][info][gc             ] GC(1238) Pause Young (Allocation Failure) 4862M->2514M(4956M) 95.901ms
[5027.556s][info][gc,cpu         ] GC(1238) User=0.54s Sys=0.03s Real=0.09s
...[5030.017s][info][gc,start       ] GC(1239) Pause Young (Allocation Failure)
[5030.116s][info][gc,heap        ] GC(1239) PSYoungGen: 2631776K(2641920K)->140704K(2643456K) Eden: 2489344K(2489344K)->0K(2491392K) From: 142432K(152576K)->140704K(152064K)
[5030.116s][info][gc,heap        ] GC(1239) ParOldGen: 2432602K(2433024K)->2528210K(2528256K)
[5030.116s][info][gc,metaspace   ] GC(1239) Metaspace: 29101K(29504K)->29101K(29504K) NonClass: 24209K(24384K)->24209K(24384K) Class: 4892K(5120K)->4892K(5120K)
[5030.116s][info][gc             ] GC(1239) Pause Young (Allocation Failure) 4945M->2606M(5050M) 99.390ms
[5030.116s][info][gc,cpu         ] GC(1239) User=0.56s Sys=0.03s Real=0.10s
..[5032.603s][info][gc,start       ] GC(1240) Pause Young (Allocation Failure)
[5032.702s][info][gc,heap        ] GC(1240) PSYoungGen: 2632096K(2643456K)->146976K(2643456K) Eden: 2491392K(2491392K)->0K(2491392K) From: 140704K(152064K)->146976K(152064K)
[5032.702s][info][gc,heap        ] GC(1240) ParOldGen: 2528210K(2528256K)->2617794K(2617856K)
[5032.702s][info][gc,metaspace   ] GC(1240) Metaspace: 29101K(29504K)->29101K(29504K) NonClass: 24209K(24384K)->24209K(24384K) Class: 4892K(5120K)->4892K(5120K)
[5032.702s][info][gc             ] GC(1240) Pause Young (Allocation Failure) 5039M->2699M(5138M) 99.217ms
[5032.702s][info][gc,cpu         ] GC(1240) User=0.57s Sys=0.02s Real=0.10s
...[5035.199s][info][gc,start       ] GC(1241) Pause Young (Allocation Failure)
[5035.303s][info][gc,heap        ] GC(1241) PSYoungGen: 2638368K(2643456K)->150096K(2640896K) Eden: 2491392K(2491392K)->0K(2488832K) From: 146976K(152064K)->150096K(152064K)
[5035.303s][info][gc,heap        ] GC(1241) ParOldGen: 2617794K(2617856K)->2711378K(2711552K)
[5035.303s][info][gc,metaspace   ] GC(1241) Metaspace: 29101K(29504K)->29101K(29504K) NonClass: 24209K(24384K)->24209K(24384K) Class: 4892K(5120K)->4892K(5120K)
[5035.303s][info][gc             ] GC(1241) Pause Young (Allocation Failure) 5132M->2794M(5227M) 104.610ms
[5035.303s][info][gc,cpu         ] GC(1241) User=0.60s Sys=0.02s Real=0.10s
..[5037.717s][info][gc,start       ] GC(1242) Pause Young (Allocation Failure)
[5037.815s][info][gc,heap        ] GC(1242) PSYoungGen: 2638928K(2640896K)->140736K(2642432K) Eden: 2488832K(2488832K)->0K(2488832K) From: 150096K(152064K)->140736K(153600K)
[5037.815s][info][gc,heap        ] GC(1242) ParOldGen: 2711378K(2711552K)->2803258K(2803712K)
[5037.815s][info][gc,metaspace   ] GC(1242) Metaspace: 29101K(29504K)->29101K(29504K) NonClass: 24209K(24384K)->24209K(24384K) Class: 4892K(5120K)->4892K(5120K)
[5037.815s][info][gc             ] GC(1242) Pause Young (Allocation Failure) 5224M->2874M(5318M) 98.391ms
[5037.815s][info][gc,cpu         ] GC(1242) User=0.56s Sys=0.02s Real=0.10s
...[5039.998s][info][gc,start       ] GC(1243) Pause Full (Diagnostic Command)
[5039.998s][info][gc,phases,start] GC(1243) Marking Phase
[5040.294s][info][gc,phases      ] GC(1243) Marking Phase 296.122ms
[5040.294s][info][gc,phases,start] GC(1243) Summary Phase
[5040.294s][info][gc,phases      ] GC(1243) Summary Phase 0.065ms
[5040.294s][info][gc,phases,start] GC(1243) Forward
[5040.479s][info][gc,phases      ] GC(1243) Forward 185.177ms
[5040.479s][info][gc,phases,start] GC(1243) Adjust Pointers
[5040.688s][info][gc,phases      ] GC(1243) Adjust Pointers 208.979ms
[5040.688s][info][gc,phases,start] GC(1243) Compaction Phase
[5040.840s][info][gc,phases      ] GC(1243) Compaction Phase 152.123ms
[5040.842s][info][gc,phases,start] GC(1243) Post Compact
[5040.847s][info][gc,phases      ] GC(1243) Post Compact 4.355ms
[5040.847s][info][gc,heap        ] GC(1243) PSYoungGen: 2322623K(2642432K)->0K(2642432K) Eden: 2181887K(2488832K)->0K(2488832K) From: 140736K(153600K)->0K(153600K)
[5040.847s][info][gc,heap        ] GC(1243) ParOldGen: 2803258K(2803712K)->1155096K(2803712K)
[5040.847s][info][gc,metaspace   ] GC(1243) Metaspace: 29101K(29504K)->29101K(29504K) NonClass: 24209K(24384K)->24209K(24384K) Class: 4892K(5120K)->4892K(5120K)
[5040.847s][info][gc             ] GC(1243) Pause Full (Diagnostic Command) 5005M->1128M(5318M) 849.158ms
[5040.847s][info][gc,cpu         ] GC(1243) User=4.43s Sys=0.00s Real=0.84s
..[5042.592s][info][gc,start       ] GC(1244) Pause Young (Allocation Failure)
[5042.658s][info][gc,heap        ] GC(1244) PSYoungGen: 2488832K(2642432K)->145508K(2641408K) Eden: 2488832K(2488832K)->0K(2488832K) From: 0K(153600K)->145508K(152576K)
[5042.658s][info][gc,heap        ] GC(1244) ParOldGen: 1155096K(2803712K)->1155096K(2803712K)
[5042.658s][info][gc,metaspace   ] GC(1244) Metaspace: 29101K(29504K)->29101K(29504K) NonClass: 24209K(24384K)->24209K(24384K) Class: 4892K(5120K)->4892K(5120K)
[5042.658s][info][gc             ] GC(1244) Pause Young (Allocation Failure) 3558M->1270M(5317M) 66.387ms
[5042.658s][info][gc,cpu         ] GC(1244) User=0.39s Sys=0.00s Real=0.07s
...[5045.108s][info][gc,start       ] GC(1245) Pause Young (Allocation Failure)
[5045.209s][info][gc,heap        ] GC(1245) PSYoungGen: 2634340K(2641408K)->151072K(2640384K) Eden: 2488832K(2488832K)->0K(2488832K) From: 145508K(152576K)->151072K(151552K)
[5045.209s][info][gc,heap        ] GC(1245) ParOldGen: 1155096K(2803712K)->1248765K(2803712K)
[5045.209s][info][gc,metaspace   ] GC(1245) Metaspace: 29101K(29504K)->29101K(29504K) NonClass: 24209K(24384K)->24209K(24384K) Class: 4892K(5120K)->4892K(5120K)
[5045.209s][info][gc             ] GC(1245) Pause Young (Allocation Failure) 3700M->1367M(5316M) 101.052ms
[5045.209s][info][gc,cpu         ] GC(1245) User=0.59s Sys=0.00s Real=0.10s
..[5047.719s][info][gc,start       ] GC(1246) Pause Young (Allocation Failure)
[5047.812s][info][gc,heap        ] GC(1246) PSYoungGen: 2639904K(2640384K)->143296K(2641920K) Eden: 2488832K(2488832K)->0K(2487296K) From: 151072K(151552K)->143296K(154624K)
[5047.812s][info][gc,heap        ] GC(1246) ParOldGen: 1248765K(2803712K)->1337653K(2803712K)
[5047.812s][info][gc,metaspace   ] GC(1246) Metaspace: 29101K(29504K)->29101K(29504K) NonClass: 24209K(24384K)->24209K(24384K) Class: 4892K(5120K)->4892K(5120K)
[5047.812s][info][gc             ] GC(1246) Pause Young (Allocation Failure) 3797M->1446M(5318M) 92.906ms
[5047.812s][info][gc,cpu         ] GC(1246) User=0.55s Sys=0.00s Real=0.09s
...[5050.240s][info][gc,start       ] GC(1247) Pause Young (Allocation Failure)
[5050.329s][info][gc,heap        ] GC(1247) PSYoungGen: 2630592K(2641920K)->136256K(2641408K) Eden: 2487296K(2487296K)->0K(2487296K) From: 143296K(154624K)->136256K(154112K)
[5050.329s][info][gc,heap        ] GC(1247) ParOldGen: 1337653K(2803712K)->1430949K(2803712K)
[5050.329s][info][gc,metaspace   ] GC(1247) Metaspace: 29101K(29504K)->29101K(29504K) NonClass: 24209K(24384K)->24209K(24384K) Class: 4892K(5120K)->4892K(5120K)
[5050.329s][info][gc             ] GC(1247) Pause Young (Allocation Failure) 3875M->1530M(5317M) 89.929ms
[5050.330s][info][gc,cpu         ] GC(1247) User=0.54s Sys=0.00s Real=0.09s
..[5052.830s][info][gc,start       ] GC(1248) Pause Young (Allocation Failure)
[5052.925s][info][gc,heap        ] GC(1248) PSYoungGen: 2623552K(2641408K)->142080K(2641408K) Eden: 2487296K(2487296K)->0K(2487296K) From: 136256K(154112K)->142080K(154112K)
[5052.925s][info][gc,heap        ] GC(1248) ParOldGen: 1430949K(2803712K)->1522293K(2803712K)
[5052.925s][info][gc,metaspace   ] GC(1248) Metaspace: 29101K(29504K)->29101K(29504K) NonClass: 24209K(24384K)->24209K(24384K) Class: 4892K(5120K)->4892K(5120K)
[5052.925s][info][gc             ] GC(1248) Pause Young (Allocation Failure) 3959M->1625M(5317M) 94.936ms
[5052.925s][info][gc,cpu         ] GC(1248) User=0.56s Sys=0.00s Real=0.09s
...[5055.454s][info][gc,start       ] GC(1249) Pause Young (Allocation Failure)
[5055.547s][info][gc,heap        ] GC(1249) PSYoungGen: 2629376K(2641408K)->138464K(2641408K) Eden: 2487296K(2487296K)->0K(2487296K) From: 142080K(154112K)->138464K(154112K)
[5055.547s][info][gc,heap        ] GC(1249) ParOldGen: 1522293K(2803712K)->1615525K(2803712K)
[5055.547s][info][gc,metaspace   ] GC(1249) Metaspace: 29101K(29504K)->29101K(29504K) NonClass: 24209K(24384K)->24209K(24384K) Class: 4892K(5120K)->4892K(5120K)
[5055.547s][info][gc             ] GC(1249) Pause Young (Allocation Failure) 4054M->1712M(5317M) 92.458ms
[5055.547s][info][gc,cpu         ] GC(1249) User=0.55s Sys=0.00s Real=0.09s
..[5058.010s][info][gc,start       ] GC(1250) Pause Young (Allocation Failure)
[5058.105s][info][gc,heap        ] GC(1250) PSYoungGen: 2625760K(2641408K)->148288K(2640896K) Eden: 2487296K(2487296K)->0K(2486784K) From: 138464K(154112K)->148288K(154112K)
[5058.105s][info][gc,heap        ] GC(1250) ParOldGen: 1615525K(2803712K)->1708301K(2803712K)
[5058.105s][info][gc,metaspace   ] GC(1250) Metaspace: 29101K(29504K)->29101K(29504K) NonClass: 24209K(24384K)->24209K(24384K) Class: 4892K(5120K)->4892K(5120K)
[5058.105s][info][gc             ] GC(1250) Pause Young (Allocation Failure) 4141M->1813M(5317M) 95.093ms
[5058.105s][info][gc,cpu         ] GC(1250) User=0.57s Sys=0.00s Real=0.09s
...[5060.623s][info][gc,start       ] GC(1251) Pause Young (Allocation Failure)
[5060.716s][info][gc,heap        ] GC(1251) PSYoungGen: 2635072K(2640896K)->142016K(2641408K) Eden: 2486784K(2486784K)->0K(2486784K) From: 148288K(154112K)->142016K(154624K)
[5060.716s][info][gc,heap        ] GC(1251) ParOldGen: 1708301K(2803712K)->1798845K(2803712K)
[5060.716s][info][gc,metaspace   ] GC(1251) Metaspace: 29101K(29504K)->29101K(29504K) NonClass: 24209K(24384K)->24209K(24384K) Class: 4892K(5120K)->4892K(5120K)
[5060.716s][info][gc             ] GC(1251) Pause Young (Allocation Failure) 4241M->1895M(5317M) 93.099ms
[5060.716s][info][gc,cpu         ] GC(1251) User=0.55s Sys=0.00s Real=0.09s
...[5063.218s][info][gc,start       ] GC(1252) Pause Young (Allocation Failure)
[5063.314s][info][gc,heap        ] GC(1252) PSYoungGen: 2628800K(2641408K)->144367K(2639360K) Eden: 2486784K(2486784K)->0K(2487296K) From: 142016K(154624K)->144367K(152064K)
[5063.314s][info][gc,heap        ] GC(1252) ParOldGen: 1798845K(2803712K)->1892805K(2803712K)
[5063.314s][info][gc,metaspace   ] GC(1252) Metaspace: 29101K(29504K)->29101K(29504K) NonClass: 24209K(24384K)->24209K(24384K) Class: 4892K(5120K)->4892K(5120K)
[5063.314s][info][gc             ] GC(1252) Pause Young (Allocation Failure) 4323M->1989M(5315M) 96.291ms
[5063.314s][info][gc,cpu         ] GC(1252) User=0.58s Sys=0.00s Real=0.09s
..[5065.771s][info][gc,start       ] GC(1253) Pause Young (Allocation Failure)
[5065.867s][info][gc,heap        ] GC(1253) PSYoungGen: 2631663K(2639360K)->145621K(2640384K) Eden: 2487296K(2487296K)->0K(2487296K) From: 144367K(152064K)->145621K(153088K)
[5065.867s][info][gc,heap        ] GC(1253) ParOldGen: 1892805K(2803712K)->1983773K(2803712K)
[5065.867s][info][gc,metaspace   ] GC(1253) Metaspace: 29101K(29504K)->29101K(29504K) NonClass: 24209K(24384K)->24209K(24384K) Class: 4892K(5120K)->4892K(5120K)
[5065.867s][info][gc             ] GC(1253) Pause Young (Allocation Failure) 4418M->2079M(5316M) 95.484ms
[5065.867s][info][gc,cpu         ] GC(1253) User=0.57s Sys=0.00s Real=0.09s
... (rIR:aIR:PR = 7887:7845:7846) (tPR = 116899) [OK] 
  5068s: Performance info:
         Transaction,    Success,    Partial,     Failed,   Receipts, AvgBarcode, 
             Overall,     476524,          0,          0,     452629,      59.47, 
         Response times:
             Request,    Success,    Partial,     Failed,   SkipFail,     Probes,    Samples,      min,      p50,      p90,      p95,      p99,      max, 
       TotalPurchase,     452603,          0,          0,          0,     358197,     457943,      300,     5500,    28000,    66000,   349000,   920000,
     InStorePurchase,     237905,          0,          0,          0,     188429,     240193,      300,     5500,    28000,    62000,   356000,   860000,
      OnlinePurchase,     166659,          0,          0,          0,     131856,     168756,      300,     5600,    29000,    76000,   344430,   920000,
        InstPurchase,      48039,          0,          0,          0,      37912,      48994,      400,     5400,    27000,    79000,   343000,   920000,
          AssocOfCat,        477,          0,          0,          0,        396,        627,    21000,    35000,    60000,   122800,   455000,   518000,
      AssocOfProduct,       4788,          0,          0,          0,       4428,       5886,      400,     6100,    27000,    81650,   487000,   610000,
      BusinessReport,       1199,          0,          0,          0,       1040,       1436,    26000,    46000,    97000,   171000,   527000,  1100000,
          CustBuyBeh,       4792,          0,          0,          0,       4480,       5958,      600,     4700,    27000,    67000,   350000,   526000,
       ProductReturn,      12636,          0,          0,          0,       9686,      12598,      300,     5400,    33000,    87000,   453000,   860000,

  5068s: (58%)   IR =   8025 [5068.375s][info][gc,start       ] GC(1254) Pause Young (Allocation Failure)
[5068.469s][info][gc,heap        ] GC(1254) PSYoungGen: 2632917K(2640384K)->142336K(2641920K) Eden: 2487296K(2487296K)->0K(2489856K) From: 145621K(153088K)->142336K(152064K)
[5068.469s][info][gc,heap        ] GC(1254) ParOldGen: 1983773K(2803712K)->2073741K(2803712K)
[5068.469s][info][gc,metaspace   ] GC(1254) Metaspace: 29101K(29504K)->29101K(29504K) NonClass: 24209K(24384K)->24209K(24384K) Class: 4892K(5120K)->4892K(5120K)
[5068.469s][info][gc             ] GC(1254) Pause Young (Allocation Failure) 4508M->2164M(5318M) 93.923ms
[5068.469s][info][gc,cpu         ] GC(1254) User=0.56s Sys=0.00s Real=0.10s
..[5070.908s][info][gc,start       ] GC(1255) Pause Young (Allocation Failure)
[5071.003s][info][gc,heap        ] GC(1255) PSYoungGen: 2632192K(2641920K)->146320K(2642432K) Eden: 2489856K(2489856K)->0K(2489856K) From: 142336K(152064K)->146320K(152576K)
[5071.003s][info][gc,heap        ] GC(1255) ParOldGen: 2073741K(2803712K)->2165733K(2803712K)
[5071.003s][info][gc,metaspace   ] GC(1255) Metaspace: 29101K(29504K)->29101K(29504K) NonClass: 24209K(24384K)->24209K(24384K) Class: 4892K(5120K)->4892K(5120K)
[5071.003s][info][gc             ] GC(1255) Pause Young (Allocation Failure) 4595M->2257M(5318M) 95.411ms
[5071.003s][info][gc,cpu         ] GC(1255) User=0.57s Sys=0.00s Real=0.09s
...[5073.350s][info][gc,start       ] GC(1256) Pause Young (Allocation Failure)
[5073.446s][info][gc,heap        ] GC(1256) PSYoungGen: 2636176K(2642432K)->146016K(2643456K) Eden: 2489856K(2489856K)->0K(2490880K) From: 146320K(152576K)->146016K(152576K)
[5073.446s][info][gc,heap        ] GC(1256) ParOldGen: 2165733K(2803712K)->2257125K(2803712K)
[5073.446s][info][gc,metaspace   ] GC(1256) Metaspace: 29101K(29504K)->29101K(29504K) NonClass: 24209K(24384K)->24209K(24384K) Class: 4892K(5120K)->4892K(5120K)
[5073.446s][info][gc             ] GC(1256) Pause Young (Allocation Failure) 4689M->2346M(5319M) 96.310ms
[5073.446s][info][gc,cpu         ] GC(1256) User=0.57s Sys=0.00s Real=0.09s
..[5075.893s][info][gc,start       ] GC(1257) Pause Young (Allocation Failure)
[5075.990s][info][gc,heap        ] GC(1257) PSYoungGen: 2636896K(2643456K)->146613K(2643456K) Eden: 2490880K(2490880K)->0K(2490880K) From: 146016K(152576K)->146613K(152576K)
[5075.990s][info][gc,heap        ] GC(1257) ParOldGen: 2257125K(2803712K)->2351765K(2803712K)
[5075.990s][info][gc,metaspace   ] GC(1257) Metaspace: 29101K(29504K)->29101K(29504K) NonClass: 24209K(24384K)->24209K(24384K) Class: 4892K(5120K)->4892K(5120K)
[5075.990s][info][gc             ] GC(1257) Pause Young (Allocation Failure) 4779M->2439M(5319M) 96.312ms
[5075.990s][info][gc,cpu         ] GC(1257) User=0.57s Sys=0.00s Real=0.10s
...[5078.396s][info][gc,start       ] GC(1258) Pause Young (Allocation Failure)
[5078.488s][info][gc,heap        ] GC(1258) PSYoungGen: 2637493K(2643456K)->139104K(2643456K) Eden: 2490880K(2490880K)->0K(2490880K) From: 146613K(152576K)->139104K(152576K)
[5078.488s][info][gc,heap        ] GC(1258) ParOldGen: 2351765K(2803712K)->2442861K(2803712K)
[5078.488s][info][gc,metaspace   ] GC(1258) Metaspace: 29101K(29504K)->29101K(29504K) NonClass: 24209K(24384K)->24209K(24384K) Class: 4892K(5120K)->4892K(5120K)
[5078.488s][info][gc             ] GC(1258) Pause Young (Allocation Failure) 4872M->2521M(5319M) 92.205ms
[5078.488s][info][gc,cpu         ] GC(1258) User=0.55s Sys=0.00s Real=0.10s
..[5080.933s][info][gc,start       ] GC(1259) Pause Young (Allocation Failure)
[5081.028s][info][gc,heap        ] GC(1259) PSYoungGen: 2629984K(2643456K)->143232K(2634240K) Eden: 2490880K(2490880K)->0K(2490880K) From: 139104K(152576K)->143232K(143360K)
[5081.028s][info][gc,heap        ] GC(1259) ParOldGen: 2442861K(2803712K)->2535445K(2803712K)
[5081.028s][info][gc,metaspace   ] GC(1259) Metaspace: 29101K(29504K)->29101K(29504K) NonClass: 24209K(24384K)->24209K(24384K) Class: 4892K(5120K)->4892K(5120K)
[5081.028s][info][gc             ] GC(1259) Pause Young (Allocation Failure) 4953M->2615M(5310M) 95.334ms
[5081.028s][info][gc,cpu         ] GC(1259) User=0.57s Sys=0.00s Real=0.10s
...[5083.428s][info][gc,start       ] GC(1260) Pause Young (Allocation Failure)
[5083.522s][info][gc,heap        ] GC(1260) PSYoungGen: 2634112K(2634240K)->138112K(2642944K) Eden: 2490880K(2490880K)->0K(2490880K) From: 143232K(143360K)->138112K(152064K)
[5083.522s][info][gc,heap        ] GC(1260) ParOldGen: 2535445K(2803712K)->2628101K(2803712K)
[5083.522s][info][gc,metaspace   ] GC(1260) Metaspace: 29101K(29504K)->29101K(29504K) NonClass: 24209K(24384K)->24209K(24384K) Class: 4892K(5120K)->4892K(5120K)
[5083.522s][info][gc             ] GC(1260) Pause Young (Allocation Failure) 5048M->2701M(5319M) 93.653ms
[5083.522s][info][gc,cpu         ] GC(1260) User=0.55s Sys=0.00s Real=0.09s
..[5086.030s][info][gc,start       ] GC(1261) Pause Young (Allocation Failure)
[5086.129s][info][gc,heap        ] GC(1261) PSYoungGen: 2628992K(2642944K)->152053K(2642944K) Eden: 2490880K(2490880K)->0K(2490880K) From: 138112K(152064K)->152053K(152064K)
[5086.129s][info][gc,heap        ] GC(1261) ParOldGen: 2628101K(2803712K)->2719445K(2803712K)
[5086.129s][info][gc,metaspace   ] GC(1261) Metaspace: 29101K(29504K)->29101K(29504K) NonClass: 24209K(24384K)->24209K(24384K) Class: 4892K(5120K)->4892K(5120K)
[5086.129s][info][gc             ] GC(1261) Pause Young (Allocation Failure) 5133M->2804M(5319M) 99.168ms
[5086.129s][info][gc,cpu         ] GC(1261) User=0.59s Sys=0.00s Real=0.10s
...|[5088.610s][info][gc,start       ] GC(1262) Pause Young (Allocation Failure)
[5088.704s][info][gc,heap        ] GC(1262) PSYoungGen: 2642933K(2642944K)->140000K(2575360K) Eden: 2490880K(2490880K)->0K(2422272K) From: 152053K(152064K)->140000K(153088K)
[5088.704s][info][gc,heap        ] GC(1262) ParOldGen: 2719445K(2803712K)->2811301K(2811392K)
[5088.704s][info][gc,metaspace   ] GC(1262) Metaspace: 29101K(29504K)->29101K(29504K) NonClass: 24209K(24384K)->24209K(24384K) Class: 4892K(5120K)->4892K(5120K)
[5088.704s][info][gc             ] GC(1262) Pause Young (Allocation Failure) 5236M->2882M(5260M) 94.093ms
[5088.704s][info][gc,cpu         ] GC(1262) User=0.56s Sys=0.01s Real=0.09s
..[5091.054s][info][gc,start       ] GC(1263) Pause Young (Allocation Failure)
[5091.151s][info][gc,heap        ] GC(1263) PSYoungGen: 2562272K(2575360K)->139808K(2609152K) Eden: 2422272K(2422272K)->0K(2422272K) From: 140000K(153088K)->139808K(186880K)
[5091.151s][info][gc,heap        ] GC(1263) ParOldGen: 2811301K(2811392K)->2904909K(2905088K)
[5091.151s][info][gc,metaspace   ] GC(1263) Metaspace: 29101K(29504K)->29101K(29504K) NonClass: 24209K(24384K)->24209K(24384K) Class: 4892K(5120K)->4892K(5120K)
[5091.151s][info][gc             ] GC(1263) Pause Young (Allocation Failure) 5247M->2973M(5385M) 97.576ms
[5091.151s][info][gc,cpu         ] GC(1263) User=0.54s Sys=0.04s Real=0.10s
...[5093.525s][info][gc,start       ] GC(1264) Pause Young (Allocation Failure)
[5093.623s][info][gc,heap        ] GC(1264) PSYoungGen: 2562080K(2609152K)->141056K(2604032K) Eden: 2422272K(2422272K)->0K(2423296K) From: 139808K(186880K)->141056K(180736K)
[5093.623s][info][gc,heap        ] GC(1264) ParOldGen: 2904909K(2905088K)->2994485K(2994688K)
[5093.623s][info][gc,metaspace   ] GC(1264) Metaspace: 29101K(29504K)->29101K(29504K) NonClass: 24209K(24384K)->24209K(24384K) Class: 4892K(5120K)->4892K(5120K)
[5093.623s][info][gc             ] GC(1264) Pause Young (Allocation Failure) 5338M->3062M(5467M) 98.042ms
[5093.623s][info][gc,cpu         ] GC(1264) User=0.54s Sys=0.03s Real=0.10s
..[5096.018s][info][gc,start       ] GC(1265) Pause Young (Allocation Failure)
[5096.122s][info][gc,heap        ] GC(1265) PSYoungGen: 2564352K(2604032K)->150404K(2607104K) Eden: 2423296K(2423296K)->0K(2423296K) From: 141056K(180736K)->150404K(183808K)
[5096.122s][info][gc,heap        ] GC(1265) ParOldGen: 2994485K(2994688K)->3085981K(3086336K)
[5096.122s][info][gc,metaspace   ] GC(1265) Metaspace: 29101K(29504K)->29101K(29504K) NonClass: 24209K(24384K)->24209K(24384K) Class: 4892K(5120K)->4892K(5120K)
[5096.122s][info][gc             ] GC(1265) Pause Young (Allocation Failure) 5428M->3160M(5560M) 104.849ms
[5096.122s][info][gc,cpu         ] GC(1265) User=0.59s Sys=0.02s Real=0.10s
...[5098.464s][info][gc,start       ] GC(1266) Pause Young (Allocation Failure)
[5098.565s][info][gc,heap        ] GC(1266) PSYoungGen: 2573700K(2607104K)->145413K(2607104K) Eden: 2423296K(2423296K)->0K(2431488K) From: 150404K(183808K)->145413K(175616K)
[5098.565s][info][gc,heap        ] GC(1266) ParOldGen: 3085981K(3086336K)->3176885K(3176960K)
[5098.565s][info][gc,metaspace   ] GC(1266) Metaspace: 29101K(29504K)->29101K(29504K) NonClass: 24209K(24384K)->24209K(24384K) Class: 4892K(5120K)->4892K(5120K)
[5098.565s][info][gc             ] GC(1266) Pause Young (Allocation Failure) 5527M->3244M(5648M) 101.423ms
[5098.565s][info][gc,cpu         ] GC(1266) User=0.58s Sys=0.02s Real=0.10s
..[5100.882s][info][gc,start       ] GC(1267) Pause Young (Allocation Failure)
[5100.983s][info][gc,heap        ] GC(1267) PSYoungGen: 2576901K(2607104K)->146288K(2609664K) Eden: 2431488K(2431488K)->0K(2431488K) From: 145413K(175616K)->146288K(178176K)
[5100.983s][info][gc,heap        ] GC(1267) ParOldGen: 3176885K(3176960K)->3267581K(3267584K)
[5100.983s][info][gc,metaspace   ] GC(1267) Metaspace: 29101K(29504K)->29101K(29504K) NonClass: 24209K(24384K)->24209K(24384K) Class: 4892K(5120K)->4892K(5120K)
[5100.983s][info][gc             ] GC(1267) Pause Young (Allocation Failure) 5618M->3333M(5739M) 100.619ms
[5100.983s][info][gc,cpu         ] GC(1267) User=0.57s Sys=0.03s Real=0.10s
...[5103.338s][info][gc,start       ] GC(1268) Pause Young (Allocation Failure)
[5103.436s][info][gc,heap        ] GC(1268) PSYoungGen: 2577776K(2609664K)->141173K(2614272K) Eden: 2431488K(2431488K)->0K(2441728K) From: 146288K(178176K)->141173K(172544K)
[5103.436s][info][gc,heap        ] GC(1268) ParOldGen: 3267581K(3267584K)->3358245K(3358720K)
[5103.436s][info][gc,metaspace   ] GC(1268) Metaspace: 29101K(29504K)->29101K(29504K) NonClass: 24209K(24384K)->24209K(24384K) Class: 4892K(5120K)->4892K(5120K)
[5103.436s][info][gc             ] GC(1268) Pause Young (Allocation Failure) 5708M->3417M(5833M) 98.481ms
[5103.436s][info][gc,cpu         ] GC(1268) User=0.56s Sys=0.02s Real=0.09s
..[5105.780s][info][gc,start       ] GC(1269) Pause Young (Allocation Failure)
[5105.883s][info][gc,heap        ] GC(1269) PSYoungGen: 2582901K(2614272K)->150805K(2616320K) Eden: 2441728K(2441728K)->0K(2441728K) From: 141173K(172544K)->150805K(174592K)
[5105.883s][info][gc,heap        ] GC(1269) ParOldGen: 3358245K(3358720K)->3449349K(3449856K)
[5105.883s][info][gc,metaspace   ] GC(1269) Metaspace: 29101K(29504K)->29101K(29504K) NonClass: 24209K(24384K)->24209K(24384K) Class: 4892K(5120K)->4892K(5120K)
[5105.883s][info][gc             ] GC(1269) Pause Young (Allocation Failure) 5801M->3515M(5924M) 103.101ms
[5105.883s][info][gc,cpu         ] GC(1269) User=0.58s Sys=0.03s Real=0.10s
..[5108.206s][info][gc,start       ] GC(1270) Pause Young (Allocation Failure)
[5108.308s][info][gc,heap        ] GC(1270) PSYoungGen: 2592533K(2616320K)->148260K(2615808K) Eden: 2441728K(2441728K)->0K(2448384K) From: 150805K(174592K)->148260K(167424K)
[5108.308s][info][gc,heap        ] GC(1270) ParOldGen: 3449349K(3449856K)->3540605K(3540992K)
[5108.308s][info][gc,metaspace   ] GC(1270) Metaspace: 29101K(29504K)->29101K(29504K) NonClass: 24209K(24384K)->24209K(24384K) Class: 4892K(5120K)->4892K(5120K)
[5108.308s][info][gc             ] GC(1270) Pause Young (Allocation Failure) 5900M->3602M(6012M) 101.495ms
[5108.308s][info][gc,cpu         ] GC(1270) User=0.58s Sys=0.02s Real=0.11s
...[5110.820s][info][gc,start       ] GC(1271) Pause Young (Allocation Failure)
[5110.919s][info][gc,heap        ] GC(1271) PSYoungGen: 2596644K(2615808K)->146480K(2618880K) Eden: 2448384K(2448384K)->0K(2448384K) From: 148260K(167424K)->146480K(170496K)
[5110.919s][info][gc,heap        ] GC(1271) ParOldGen: 3540605K(3540992K)->3631101K(3631104K)
[5110.919s][info][gc,metaspace   ] GC(1271) Metaspace: 29101K(29504K)->29101K(29504K) NonClass: 24209K(24384K)->24209K(24384K) Class: 4892K(5120K)->4892K(5120K)
[5110.919s][info][gc             ] GC(1271) Pause Young (Allocation Failure) 5993M->3689M(6103M) 99.285ms
[5110.919s][info][gc,cpu         ] GC(1271) User=0.56s Sys=0.03s Real=0.10s
..[5113.274s][info][gc,start       ] GC(1272) Pause Young (Allocation Failure)
[5113.376s][info][gc,heap        ] GC(1272) PSYoungGen: 2594864K(2618880K)->140485K(2621952K) Eden: 2448384K(2448384K)->0K(2456576K) From: 146480K(170496K)->140485K(165376K)
[5113.376s][info][gc,heap        ] GC(1272) ParOldGen: 3631101K(3631104K)->3724253K(3724288K)
[5113.376s][info][gc,metaspace   ] GC(1272) Metaspace: 29101K(29504K)->29101K(29504K) NonClass: 24209K(24384K)->24209K(24384K) Class: 4892K(5120K)->4892K(5120K)
[5113.376s][info][gc             ] GC(1272) Pause Young (Allocation Failure) 6080M->3774M(6197M) 102.024ms
[5113.376s][info][gc,cpu         ] GC(1272) User=0.56s Sys=0.04s Real=0.10s
...[5115.742s][info][gc,start       ] GC(1273) Pause Young (Allocation Failure)
[5115.839s][info][gc,heap        ] GC(1273) PSYoungGen: 2597061K(2621952K)->138976K(2624512K) Eden: 2456576K(2456576K)->0K(2456576K) From: 140485K(165376K)->138976K(167936K)
[5115.839s][info][gc,heap        ] GC(1273) ParOldGen: 3724253K(3724288K)->3815301K(3815424K)
[5115.839s][info][gc,metaspace   ] GC(1273) Metaspace: 29101K(29504K)->29101K(29504K) NonClass: 24209K(24384K)->24209K(24384K) Class: 4892K(5120K)->4892K(5120K)
[5115.840s][info][gc             ] GC(1273) Pause Young (Allocation Failure) 6173M->3861M(6289M) 97.168ms
[5115.840s][info][gc,cpu         ] GC(1273) User=0.54s Sys=0.03s Real=0.10s
..[5118.195s][info][gc,start       ] GC(1274) Pause Young (Allocation Failure)
[5118.295s][info][gc,heap        ] GC(1274) PSYoungGen: 2595552K(2624512K)->146288K(2623488K) Eden: 2456576K(2456576K)->0K(2460672K) From: 138976K(167936K)->146288K(162816K)
[5118.295s][info][gc,heap        ] GC(1274) ParOldGen: 3815301K(3815424K)->3905733K(3906048K)
[5118.295s][info][gc,metaspace   ] GC(1274) Metaspace: 29101K(29504K)->29101K(29504K) NonClass: 24209K(24384K)->24209K(24384K) Class: 4892K(5120K)->4892K(5120K)
[5118.295s][info][gc             ] GC(1274) Pause Young (Allocation Failure) 6260M->3957M(6376M) 100.567ms
[5118.295s][info][gc,cpu         ] GC(1274) User=0.55s Sys=0.04s Real=0.10s
...[5120.705s][info][gc,start       ] GC(1275) Pause Young (Allocation Failure)
[5120.804s][info][gc,heap        ] GC(1275) PSYoungGen: 2606960K(2623488K)->140480K(2626048K) Eden: 2460672K(2460672K)->0K(2460672K) From: 146288K(162816K)->140480K(165376K)
[5120.804s][info][gc,heap        ] GC(1275) ParOldGen: 3905733K(3906048K)->3997853K(3998208K)
[5120.804s][info][gc,metaspace   ] GC(1275) Metaspace: 29101K(29504K)->29101K(29504K) NonClass: 24209K(24384K)->24209K(24384K) Class: 4892K(5120K)->4892K(5120K)
[5120.804s][info][gc             ] GC(1275) Pause Young (Allocation Failure) 6360M->4041M(6469M) 99.222ms
[5120.804s][info][gc,cpu         ] GC(1275) User=0.56s Sys=0.02s Real=0.10s
..[5123.200s][info][gc,start       ] GC(1276) Pause Young (Allocation Failure)
[5123.308s][info][gc,heap        ] GC(1276) PSYoungGen: 2601152K(2626048K)->153541K(2629120K) Eden: 2460672K(2460672K)->0K(2464256K) From: 140480K(165376K)->153541K(164864K)
[5123.308s][info][gc,heap        ] GC(1276) ParOldGen: 3997853K(3998208K)->4090045K(4090368K)
[5123.308s][info][gc,metaspace   ] GC(1276) Metaspace: 29101K(29504K)->29101K(29504K) NonClass: 24209K(24384K)->24209K(24384K) Class: 4892K(5120K)->4892K(5120K)
[5123.308s][info][gc             ] GC(1276) Pause Young (Allocation Failure) 6444M->4144M(6562M) 107.555ms
[5123.308s][info][gc,cpu         ] GC(1276) User=0.60s Sys=0.04s Real=0.11s
...[5125.662s][info][gc,start       ] GC(1277) Pause Young (Allocation Failure)
[5125.768s][info][gc,heap        ] GC(1277) PSYoungGen: 2617797K(2629120K)->151658K(2630144K) Eden: 2464256K(2464256K)->0K(2464256K) From: 153541K(164864K)->151658K(165888K)
[5125.768s][info][gc,heap        ] GC(1277) ParOldGen: 4090045K(4090368K)->4182069K(4182528K)
[5125.768s][info][gc,metaspace   ] GC(1277) Metaspace: 29101K(29504K)->29101K(29504K) NonClass: 24209K(24384K)->24209K(24384K) Class: 4892K(5120K)->4892K(5120K)
[5125.768s][info][gc             ] GC(1277) Pause Young (Allocation Failure) 6550M->4232M(6653M) 105.556ms
[5125.768s][info][gc,cpu         ] GC(1277) User=0.59s Sys=0.03s Real=0.11s
..[5128.229s][info][gc,start       ] GC(1278) Pause Young (Allocation Failure)
[5128.328s][info][gc,heap        ] GC(1278) PSYoungGen: 2615914K(2630144K)->138484K(2629632K) Eden: 2464256K(2464256K)->0K(2464768K) From: 151658K(165888K)->138484K(164864K)
[5128.328s][info][gc,heap        ] GC(1278) ParOldGen: 4182069K(4182528K)->4271005K(4271104K)
[5128.328s][info][gc,metaspace   ] GC(1278) Metaspace: 29101K(29504K)->29101K(29504K) NonClass: 24209K(24384K)->24209K(24384K) Class: 4892K(5120K)->4892K(5120K)
[5128.328s][info][gc             ] GC(1278) Pause Young (Allocation Failure) 6638M->4306M(6739M) 99.422ms
[5128.328s][info][gc,cpu         ] GC(1278) User=0.56s Sys=0.03s Real=0.10s
...[5130.689s][info][gc,start       ] GC(1279) Pause Young (Allocation Failure)
[5130.790s][info][gc,heap        ] GC(1279) PSYoungGen: 2603252K(2629632K)->145344K(2610176K) Eden: 2464768K(2464768K)->0K(2464768K) From: 138484K(164864K)->145344K(145408K)
[5130.790s][info][gc,heap        ] GC(1279) ParOldGen: 4271005K(4271104K)->4364717K(4364800K)
[5130.790s][info][gc,metaspace   ] GC(1279) Metaspace: 29101K(29504K)->29101K(29504K) NonClass: 24209K(24384K)->24209K(24384K) Class: 4892K(5120K)->4892K(5120K)
[5130.790s][info][gc             ] GC(1279) Pause Young (Allocation Failure) 6713M->4404M(6811M) 100.507ms
[5130.790s][info][gc,cpu         ] GC(1279) User=0.57s Sys=0.02s Real=0.10s
..[5133.129s][info][gc,start       ] GC(1280) Pause Young (Allocation Failure)
[5133.230s][info][gc,heap        ] GC(1280) PSYoungGen: 2610112K(2610176K)->143296K(2631168K) Eden: 2464768K(2464768K)->0K(2467328K) From: 145344K(145408K)->143296K(163840K)
[5133.230s][info][gc,heap        ] GC(1280) ParOldGen: 4364717K(4364800K)->4455925K(4455936K)
[5133.230s][info][gc,metaspace   ] GC(1280) Metaspace: 29101K(29504K)->29101K(29504K) NonClass: 24209K(24384K)->24209K(24384K) Class: 4892K(5120K)->4892K(5120K)
[5133.230s][info][gc             ] GC(1280) Pause Young (Allocation Failure) 6811M->4491M(6921M) 101.070ms
[5133.230s][info][gc,cpu         ] GC(1280) User=0.57s Sys=0.03s Real=0.10s
...[5135.591s][info][gc,start       ] GC(1281) Pause Young (Allocation Failure)
[5135.693s][info][gc,heap        ] GC(1281) PSYoungGen: 2610624K(2631168K)->145109K(2629632K) Eden: 2467328K(2467328K)->0K(2467328K) From: 143296K(163840K)->145109K(162304K)
[5135.693s][info][gc,heap        ] GC(1281) ParOldGen: 4455925K(4455936K)->4547045K(4547072K)
[5135.693s][info][gc,metaspace   ] GC(1281) Metaspace: 29101K(29504K)->29101K(29504K) NonClass: 24209K(24384K)->24209K(24384K) Class: 4892K(5120K)->4892K(5120K)
[5135.693s][info][gc             ] GC(1281) Pause Young (Allocation Failure) 6900M->4582M(7008M) 101.902ms
[5135.693s][info][gc,cpu         ] GC(1281) User=0.57s Sys=0.03s Real=0.10s
..[5138.133s][info][gc,start       ] GC(1282) Pause Young (Allocation Failure)
[5138.240s][info][gc,heap        ] GC(1282) PSYoungGen: 2612437K(2629632K)->152912K(2629120K) Eden: 2467328K(2467328K)->0K(2468352K) From: 145109K(162304K)->152912K(160768K)
[5138.240s][info][gc,heap        ] GC(1282) ParOldGen: 4547045K(4547072K)->4639069K(4639232K)
[5138.240s][info][gc,metaspace   ] GC(1282) Metaspace: 29101K(29504K)->29101K(29504K) NonClass: 24209K(24384K)->24209K(24384K) Class: 4892K(5120K)->4892K(5120K)
[5138.240s][info][gc             ] GC(1282) Pause Young (Allocation Failure) 6991M->4679M(7098M) 106.789ms
[5138.240s][info][gc,cpu         ] GC(1282) User=0.60s Sys=0.03s Real=0.11s
..[5140.500s][info][gc,start       ] GC(1283) Pause Young (Allocation Failure)
[5140.599s][info][gc,heap        ] GC(1283) PSYoungGen: 2621264K(2629120K)->138848K(2630656K) Eden: 2468352K(2468352K)->0K(2468352K) From: 152912K(160768K)->138848K(162304K)
[5140.599s][info][gc,heap        ] GC(1283) ParOldGen: 4639069K(4639232K)->4732189K(4732416K)
[5140.599s][info][gc,metaspace   ] GC(1283) Metaspace: 29101K(29504K)->29101K(29504K) NonClass: 24209K(24384K)->24209K(24384K) Class: 4892K(5120K)->4892K(5120K)
[5140.599s][info][gc             ] GC(1283) Pause Young (Allocation Failure) 7090M->4756M(7190M) 98.807ms
[5140.599s][info][gc,cpu         ] GC(1283) User=0.57s Sys=0.02s Real=0.10s
...[5143.004s][info][gc,start       ] GC(1284) Pause Young (Allocation Failure)
[5143.105s][info][gc,heap        ] GC(1284) PSYoungGen: 2607200K(2630656K)->142912K(2631168K) Eden: 2468352K(2468352K)->0K(2471936K) From: 138848K(162304K)->142912K(159232K)
[5143.106s][info][gc,heap        ] GC(1284) ParOldGen: 4732189K(4732416K)->4823925K(4824064K)
[5143.106s][info][gc,metaspace   ] GC(1284) Metaspace: 29101K(29504K)->29101K(29504K) NonClass: 24209K(24384K)->24209K(24384K) Class: 4892K(5120K)->4892K(5120K)
[5143.106s][info][gc             ] GC(1284) Pause Young (Allocation Failure) 7167M->4850M(7280M) 101.218ms
[5143.106s][info][gc,cpu         ] GC(1284) User=0.58s Sys=0.02s Real=0.10s
..[5145.502s][info][gc,start       ] GC(1285) Pause Young (Allocation Failure)
[5145.603s][info][gc,heap        ] GC(1285) PSYoungGen: 2614848K(2631168K)->139936K(2632704K) Eden: 2471936K(2471936K)->0K(2471936K) From: 142912K(159232K)->139936K(160768K)
[5145.603s][info][gc,heap        ] GC(1285) ParOldGen: 4823925K(4824064K)->4915253K(4915712K)
[5145.603s][info][gc,metaspace   ] GC(1285) Metaspace: 29101K(29504K)->29101K(29504K) NonClass: 24209K(24384K)->24209K(24384K) Class: 4892K(5120K)->4892K(5120K)
[5145.603s][info][gc             ] GC(1285) Pause Young (Allocation Failure) 7264M->4936M(7371M) 100.961ms
[5145.603s][info][gc,cpu         ] GC(1285) User=0.56s Sys=0.03s Real=0.10s
...[5148.015s][info][gc,start       ] GC(1286) Pause Young (Allocation Failure)
[5148.120s][info][gc,heap        ] GC(1286) PSYoungGen: 2611872K(2632704K)->147623K(2633728K) Eden: 2471936K(2471936K)->0K(2475008K) From: 139936K(160768K)->147623K(158720K)
[5148.120s][info][gc,heap        ] GC(1286) ParOldGen: 4915253K(4915712K)->5007325K(5007360K)
[5148.120s][info][gc,metaspace   ] GC(1286) Metaspace: 29101K(29504K)->29101K(29504K) NonClass: 24209K(24384K)->24209K(24384K) Class: 4892K(5120K)->4892K(5120K)
[5148.120s][info][gc             ] GC(1286) Pause Young (Allocation Failure) 7350M->5034M(7462M) 105.498ms
[5148.120s][info][gc,cpu         ] GC(1286) User=0.59s Sys=0.04s Real=0.11s
. (rIR:aIR:PR = 8025:8077:8077) (tPR = 119263) [OK] 
  5148s: Performance info:
         Transaction,    Success,    Partial,     Failed,   Receipts, AvgBarcode, 
             Overall,     487448,          0,          0,     463233,      59.47, 
         Response times:
             Request,    Success,    Partial,     Failed,   SkipFail,     Probes,    Samples,      min,      p50,      p90,      p95,      p99,      max, 
       TotalPurchase,     463232,          0,          0,          0,     361987,     486260,      300,     5300,    13300,    33000,    65000,   184000,
     InStorePurchase,     244942,          0,          0,          0,     190746,     255973,      300,     5200,    13200,    32000,    64000,   184000,
      OnlinePurchase,     169528,          0,          0,          0,     133575,     179360,      300,     5600,    13700,    34000,    65000,   184000,
        InstPurchase,      48762,          0,          0,          0,      37666,      50927,      400,     5000,    12500,    32000,    62000,   184000,
          AssocOfCat,        488,          0,          0,          0,        407,        647,    19100,    38000,    62000,    89600,   155520,   195000,
      AssocOfProduct,       4877,          0,          0,          0,       3358,       4816,      600,     5800,    13730,    32150,    62830,   127000,
      BusinessReport,       1210,          0,          0,          0,       1106,       1670,    26000,    48000,    75000,    98000,   161000,   204000,
          CustBuyBeh,       4830,          0,          0,          0,       3403,       4821,      200,     2600,    10900,    24000,    56000,   124000,
       ProductReturn,      12820,          0,          0,          0,       9993,      13781,      300,     4900,    13700,    34000,    68000,   169000,

  5148s: (59%)   IR =   8164 .[5150.574s][info][gc,start       ] GC(1287) Pause Young (Allocation Failure)
[5150.676s][info][gc,heap        ] GC(1287) PSYoungGen: 2622631K(2633728K)->139904K(2634752K) Eden: 2475008K(2475008K)->0K(2475008K) From: 147623K(158720K)->139904K(159744K)
[5150.676s][info][gc,heap        ] GC(1287) ParOldGen: 5007325K(5007360K)->5097805K(5097984K)
[5150.676s][info][gc,metaspace   ] GC(1287) Metaspace: 29101K(29504K)->29101K(29504K) NonClass: 24209K(24384K)->24209K(24384K) Class: 4892K(5120K)->4892K(5120K)
[5150.676s][info][gc             ] GC(1287) Pause Young (Allocation Failure) 7451M->5114M(7551M) 101.922ms
[5150.676s][info][gc,cpu         ] GC(1287) User=0.56s Sys=0.04s Real=0.10s
...[5153.021s][info][gc,start       ] GC(1288) Pause Young (Allocation Failure)
[5153.126s][info][gc,heap        ] GC(1288) PSYoungGen: 2614912K(2634752K)->145344K(2633728K) Eden: 2475008K(2475008K)->0K(2477056K) From: 139904K(159744K)->145344K(156672K)
[5153.126s][info][gc,heap        ] GC(1288) ParOldGen: 5097805K(5097984K)->5189845K(5190144K)
[5153.126s][info][gc,metaspace   ] GC(1288) Metaspace: 29101K(29504K)->29101K(29504K) NonClass: 24209K(24384K)->24209K(24384K) Class: 4892K(5120K)->4892K(5120K)
[5153.126s][info][gc             ] GC(1288) Pause Young (Allocation Failure) 7531M->5210M(7640M) 105.173ms
[5153.126s][info][gc,cpu         ] GC(1288) User=0.57s Sys=0.03s Real=0.10s
..[5155.532s][info][gc,start       ] GC(1289) Pause Young (Allocation Failure)
[5155.632s][info][gc,heap        ] GC(1289) PSYoungGen: 2622400K(2633728K)->140608K(2635264K) Eden: 2477056K(2477056K)->0K(2477056K) From: 145344K(156672K)->140608K(158208K)
[5155.632s][info][gc,heap        ] GC(1289) ParOldGen: 5189845K(5190144K)->5280965K(5281280K)
[5155.632s][info][gc,metaspace   ] GC(1289) Metaspace: 29101K(29504K)->29101K(29504K) NonClass: 24209K(24384K)->24209K(24384K) Class: 4892K(5120K)->4892K(5120K)
[5155.632s][info][gc             ] GC(1289) Pause Young (Allocation Failure) 7629M->5294M(7731M) 100.207ms
[5155.633s][info][gc,cpu         ] GC(1289) User=0.57s Sys=0.03s Real=0.10s
.|..[5157.972s][info][gc,start       ] GC(1290) Pause Young (Allocation Failure)
[5158.077s][info][gc,heap        ] GC(1290) PSYoungGen: 2617664K(2635264K)->146784K(2637312K) Eden: 2477056K(2477056K)->0K(2480640K) From: 140608K(158208K)->146784K(156672K)
[5158.077s][info][gc,heap        ] GC(1290) ParOldGen: 5280965K(5281280K)->5373573K(5373952K)
[5158.077s][info][gc,metaspace   ] GC(1290) Metaspace: 29101K(29504K)->29101K(29504K) NonClass: 24209K(24384K)->24209K(24384K) Class: 4892K(5120K)->4892K(5120K)
[5158.077s][info][gc             ] GC(1290) Pause Young (Allocation Failure) 7713M->5390M(7823M) 105.584ms
[5158.077s][info][gc,cpu         ] GC(1290) User=0.60s Sys=0.02s Real=0.11s
..[5160.335s][info][gc,start       ] GC(1291) Pause Young (Allocation Failure)
[5160.435s][info][gc,heap        ] GC(1291) PSYoungGen: 2627424K(2637312K)->138560K(2637824K) Eden: 2480640K(2480640K)->0K(2480640K) From: 146784K(156672K)->138560K(157184K)
[5160.435s][info][gc,heap        ] GC(1291) ParOldGen: 5373573K(5373952K)->5464661K(5465088K)
[5160.435s][info][gc,metaspace   ] GC(1291) Metaspace: 29101K(29504K)->29101K(29504K) NonClass: 24209K(24384K)->24209K(24384K) Class: 4892K(5120K)->4892K(5120K)
[5160.435s][info][gc             ] GC(1291) Pause Young (Allocation Failure) 7813M->5471M(7913M) 100.534ms
[5160.435s][info][gc,cpu         ] GC(1291) User=0.57s Sys=0.02s Real=0.10s
...[5162.818s][info][gc,start       ] GC(1292) Pause Young (Allocation Failure)
[5162.925s][info][gc,heap        ] GC(1292) PSYoungGen: 2619200K(2637824K)->148128K(2638336K) Eden: 2480640K(2480640K)->0K(2481664K) From: 138560K(157184K)->148128K(156672K)
[5162.925s][info][gc,heap        ] GC(1292) ParOldGen: 5464661K(5465088K)->5557453K(5557760K)
[5162.925s][info][gc,metaspace   ] GC(1292) Metaspace: 29101K(29504K)->29101K(29504K) NonClass: 24209K(24384K)->24209K(24384K) Class: 4892K(5120K)->4892K(5120K)
[5162.925s][info][gc             ] GC(1292) Pause Young (Allocation Failure) 7894M->5571M(8004M) 107.024ms
[5162.925s][info][gc,cpu         ] GC(1292) User=0.60s Sys=0.02s Real=0.10s
..[5165.296s][info][gc,start       ] GC(1293) Pause Full (Allocation Failure)
[5165.296s][info][gc,phases,start] GC(1293) Marking Phase
[5165.592s][info][gc,phases      ] GC(1293) Marking Phase 295.800ms
[5165.592s][info][gc,phases,start] GC(1293) Summary Phase
[5165.592s][info][gc,phases      ] GC(1293) Summary Phase 0.091ms
[5165.592s][info][gc,phases,start] GC(1293) Forward
[5165.724s][info][gc,phases      ] GC(1293) Forward 132.500ms
[5165.724s][info][gc,phases,start] GC(1293) Adjust Pointers
[5165.921s][info][gc,phases      ] GC(1293) Adjust Pointers 196.013ms
[5165.921s][info][gc,phases,start] GC(1293) Compaction Phase
[5166.047s][info][gc,phases      ] GC(1293) Compaction Phase 125.978ms
[5166.048s][info][gc,phases,start] GC(1293) Post Compact
[5166.055s][info][gc,phases      ] GC(1293) Post Compact 7.017ms
[5166.182s][info][gc,heap        ] GC(1293) PSYoungGen: 2629792K(2638336K)->0K(2638848K) Eden: 2481664K(2481664K)->0K(2481664K) From: 148128K(156672K)->0K(157184K)
[5166.182s][info][gc,heap        ] GC(1293) ParOldGen: 5557453K(5557760K)->1423685K(1666048K)
[5166.182s][info][gc,metaspace   ] GC(1293) Metaspace: 29101K(29504K)->29101K(29504K) NonClass: 24209K(24384K)->24209K(24384K) Class: 4892K(5120K)->4892K(5120K)
[5166.182s][info][gc             ] GC(1293) Pause Full (Allocation Failure) 7995M->1390M(4204M) 885.792ms
[5166.182s][info][gc,cpu         ] GC(1293) User=4.02s Sys=0.13s Real=0.89s
..[5167.791s][info][gc,start       ] GC(1294) Pause Young (Allocation Failure)
[5167.859s][info][gc,heap        ] GC(1294) PSYoungGen: 2481664K(2638848K)->150240K(2636800K) Eden: 2481664K(2481664K)->0K(2479616K) From: 0K(157184K)->150240K(157184K)
[5167.859s][info][gc,heap        ] GC(1294) ParOldGen: 1423685K(1666048K)->1423685K(1666048K)
[5167.859s][info][gc,metaspace   ] GC(1294) Metaspace: 29101K(29504K)->29101K(29504K) NonClass: 24209K(24384K)->24209K(24384K) Class: 4892K(5120K)->4892K(5120K)
[5167.859s][info][gc             ] GC(1294) Pause Young (Allocation Failure) 3813M->1537M(4202M) 68.159ms
[5167.859s][info][gc,cpu         ] GC(1294) User=0.40s Sys=0.00s Real=0.07s
..[5170.235s][info][gc,start       ] GC(1295) Pause Young (Allocation Failure)
[5170.333s][info][gc,heap        ] GC(1295) PSYoungGen: 2629856K(2636800K)->144653K(2624512K) Eden: 2479616K(2479616K)->0K(2479616K) From: 150240K(157184K)->144653K(144896K)
[5170.333s][info][gc,heap        ] GC(1295) ParOldGen: 1423685K(1666048K)->1518990K(1666048K)
[5170.333s][info][gc,metaspace   ] GC(1295) Metaspace: 29101K(29504K)->29101K(29504K) NonClass: 24209K(24384K)->24209K(24384K) Class: 4892K(5120K)->4892K(5120K)
[5170.333s][info][gc             ] GC(1295) Pause Young (Allocation Failure) 3958M->1624M(4190M) 97.787ms
[5170.333s][info][gc,cpu         ] GC(1295) User=0.58s Sys=0.01s Real=0.10s
...[5172.698s][info][gc,start       ] GC(1296) Pause Young (Allocation Failure)
[5172.797s][info][gc,heap        ] GC(1296) PSYoungGen: 2624269K(2624512K)->152196K(2635776K) Eden: 2479616K(2479616K)->0K(2479104K) From: 144653K(144896K)->152196K(156672K)
[5172.797s][info][gc,heap        ] GC(1296) ParOldGen: 1518990K(1666048K)->1609734K(1666048K)
[5172.797s][info][gc,metaspace   ] GC(1296) Metaspace: 29101K(29504K)->29101K(29504K) NonClass: 24209K(24384K)->24209K(24384K) Class: 4892K(5120K)->4892K(5120K)
[5172.797s][info][gc             ] GC(1296) Pause Young (Allocation Failure) 4046M->1720M(4201M) 99.717ms
[5172.797s][info][gc,cpu         ] GC(1296) User=0.60s Sys=0.00s Real=0.09s
..[5175.095s][info][gc,start       ] GC(1297) Pause Young (Allocation Failure)
[5175.198s][info][gc,heap        ] GC(1297) PSYoungGen: 2631300K(2635776K)->155132K(2634240K) Eden: 2479104K(2479104K)->0K(2479104K) From: 152196K(156672K)->155132K(155136K)
[5175.198s][info][gc,heap        ] GC(1297) ParOldGen: 1609734K(1666048K)->1700966K(1701376K)
[5175.198s][info][gc,metaspace   ] GC(1297) Metaspace: 29101K(29504K)->29101K(29504K) NonClass: 24209K(24384K)->24209K(24384K) Class: 4892K(5120K)->4892K(5120K)
[5175.198s][info][gc             ] GC(1297) Pause Young (Allocation Failure) 4141M->1812M(4234M) 103.339ms
[5175.198s][info][gc,cpu         ] GC(1297) User=0.60s Sys=0.01s Real=0.11s
...[5177.542s][info][gc,start       ] GC(1298) Pause Young (Allocation Failure)
[5177.641s][info][gc,heap        ] GC(1298) PSYoungGen: 2634236K(2634240K)->139540K(2635776K) Eden: 2479104K(2479104K)->0K(2475008K) From: 155132K(155136K)->139540K(160768K)
[5177.641s][info][gc,heap        ] GC(1298) ParOldGen: 1700966K(1701376K)->1793534K(1793536K)
[5177.641s][info][gc,metaspace   ] GC(1298) Metaspace: 29101K(29504K)->29101K(29504K) NonClass: 24209K(24384K)->24209K(24384K) Class: 4892K(5120K)->4892K(5120K)
[5177.641s][info][gc             ] GC(1298) Pause Young (Allocation Failure) 4233M->1887M(4325M) 98.768ms
[5177.641s][info][gc,cpu         ] GC(1298) User=0.55s Sys=0.03s Real=0.10s
..[5180.077s][info][gc,start       ] GC(1299) Pause Young (Allocation Failure)
[5180.176s][info][gc,heap        ] GC(1299) PSYoungGen: 2614548K(2635776K)->145792K(2620928K) Eden: 2475008K(2475008K)->0K(2475008K) From: 139540K(160768K)->145792K(145920K)
[5180.176s][info][gc,heap        ] GC(1299) ParOldGen: 1793534K(1793536K)->1883494K(1883648K)
[5180.176s][info][gc,metaspace   ] GC(1299) Metaspace: 29101K(29504K)->29101K(29504K) NonClass: 24209K(24384K)->24209K(24384K) Class: 4892K(5120K)->4892K(5120K)
[5180.176s][info][gc             ] GC(1299) Pause Young (Allocation Failure) 4304M->1981M(4399M) 99.521ms
[5180.176s][info][gc,cpu         ] GC(1299) User=0.56s Sys=0.03s Real=0.10s
...[5182.467s][info][gc,start       ] GC(1300) Pause Young (Allocation Failure)
[5182.564s][info][gc,heap        ] GC(1300) PSYoungGen: 2620800K(2620928K)->138976K(2634752K) Eden: 2475008K(2475008K)->0K(2475520K) From: 145792K(145920K)->138976K(159232K)
[5182.564s][info][gc,heap        ] GC(1300) ParOldGen: 1883494K(1883648K)->1976942K(1977344K)
[5182.564s][info][gc,metaspace   ] GC(1300) Metaspace: 29101K(29504K)->29101K(29504K) NonClass: 24209K(24384K)->24209K(24384K) Class: 4892K(5120K)->4892K(5120K)
[5182.564s][info][gc             ] GC(1300) Pause Young (Allocation Failure) 4398M->2066M(4504M) 97.106ms
[5182.564s][info][gc,cpu         ] GC(1300) User=0.55s Sys=0.03s Real=0.10s
..[5184.928s][info][gc,start       ] GC(1301) Pause Young (Allocation Failure)
[5185.030s][info][gc,heap        ] GC(1301) PSYoungGen: 2614496K(2634752K)->149568K(2634240K) Eden: 2475520K(2475520K)->0K(2475520K) From: 138976K(159232K)->149568K(158720K)
[5185.030s][info][gc,heap        ] GC(1301) ParOldGen: 1976942K(1977344K)->2069062K(2069504K)
[5185.030s][info][gc,metaspace   ] GC(1301) Metaspace: 29101K(29504K)->29101K(29504K) NonClass: 24209K(24384K)->24209K(24384K) Class: 4892K(5120K)->4892K(5120K)
[5185.030s][info][gc             ] GC(1301) Pause Young (Allocation Failure) 4483M->2166M(4593M) 102.666ms
[5185.030s][info][gc,cpu         ] GC(1301) User=0.58s Sys=0.03s Real=0.10s
..[5187.382s][info][gc,start       ] GC(1302) Pause Young (Allocation Failure)
[5187.482s][info][gc,heap        ] GC(1302) PSYoungGen: 2625088K(2634240K)->145456K(2634752K) Eden: 2475520K(2475520K)->0K(2478080K) From: 149568K(158720K)->145456K(156672K)
[5187.482s][info][gc,heap        ] GC(1302) ParOldGen: 2069062K(2069504K)->2159638K(2160128K)
[5187.482s][info][gc,metaspace   ] GC(1302) Metaspace: 29101K(29504K)->29101K(29504K) NonClass: 24209K(24384K)->24209K(24384K) Class: 4892K(5120K)->4892K(5120K)
[5187.482s][info][gc             ] GC(1302) Pause Young (Allocation Failure) 4584M->2251M(4682M) 99.679ms
[5187.482s][info][gc,cpu         ] GC(1302) User=0.57s Sys=0.02s Real=0.10s
...[5189.819s][info][gc,start       ] GC(1303) Pause Young (Allocation Failure)
[5189.920s][info][gc,heap        ] GC(1303) PSYoungGen: 2623536K(2634752K)->146400K(2635776K) Eden: 2478080K(2478080K)->0K(2478080K) From: 145456K(156672K)->146400K(157696K)
[5189.920s][info][gc,heap        ] GC(1303) ParOldGen: 2159638K(2160128K)->2251422K(2251776K)
[5189.920s][info][gc,metaspace   ] GC(1303) Metaspace: 29101K(29504K)->29101K(29504K) NonClass: 24209K(24384K)->24209K(24384K) Class: 4892K(5120K)->4892K(5120K)
[5189.920s][info][gc             ] GC(1303) Pause Young (Allocation Failure) 4671M->2341M(4773M) 101.254ms
[5189.920s][info][gc,cpu         ] GC(1303) User=0.57s Sys=0.03s Real=0.10s
..[5192.309s][info][gc,start       ] GC(1304) Pause Young (Allocation Failure)
[5192.407s][info][gc,heap        ] GC(1304) PSYoungGen: 2624480K(2635776K)->139040K(2637824K) Eden: 2478080K(2478080K)->0K(2481152K) From: 146400K(157696K)->139040K(156672K)
[5192.407s][info][gc,heap        ] GC(1304) ParOldGen: 2251422K(2251776K)->2343062K(2343424K)
[5192.407s][info][gc,metaspace   ] GC(1304) Metaspace: 29101K(29504K)->29101K(29504K) NonClass: 24209K(24384K)->24209K(24384K) Class: 4892K(5120K)->4892K(5120K)
[5192.407s][info][gc             ] GC(1304) Pause Young (Allocation Failure) 4761M->2423M(4864M) 97.429ms
[5192.407s][info][gc,cpu         ] GC(1304) User=0.56s Sys=0.02s Real=0.09s
...[5194.689s][info][gc,start       ] GC(1305) Pause Young (Allocation Failure)
[5194.788s][info][gc,heap        ] GC(1305) PSYoungGen: 2620192K(2637824K)->143024K(2638336K) Eden: 2481152K(2481152K)->0K(2481152K) From: 139040K(156672K)->143024K(157184K)
[5194.788s][info][gc,heap        ] GC(1305) ParOldGen: 2343062K(2343424K)->2437318K(2437632K)
[5194.788s][info][gc,metaspace   ] GC(1305) Metaspace: 29101K(29504K)->29101K(29504K) NonClass: 24209K(24384K)->24209K(24384K) Class: 4892K(5120K)->4892K(5120K)
[5194.789s][info][gc             ] GC(1305) Pause Young (Allocation Failure) 4846M->2519M(4957M) 99.059ms
[5194.789s][info][gc,cpu         ] GC(1305) User=0.56s Sys=0.03s Real=0.10s
..[5197.217s][info][gc,start       ] GC(1306) Pause Young (Allocation Failure)
[5197.319s][info][gc,heap        ] GC(1306) PSYoungGen: 2624176K(2638336K)->150599K(2637312K) Eden: 2481152K(2481152K)->0K(2481152K) From: 143024K(157184K)->150599K(156160K)
[5197.319s][info][gc,heap        ] GC(1306) ParOldGen: 2437318K(2437632K)->2527254K(2527744K)
[5197.319s][info][gc,metaspace   ] GC(1306) Metaspace: 29101K(29504K)->29101K(29504K) NonClass: 24209K(24384K)->24209K(24384K) Class: 4892K(5120K)->4892K(5120K)
[5197.319s][info][gc             ] GC(1306) Pause Young (Allocation Failure) 4942M->2615M(5044M) 102.015ms
[5197.319s][info][gc,cpu         ] GC(1306) User=0.59s Sys=0.03s Real=0.11s
...[5199.654s][info][gc,start       ] GC(1307) Pause Young (Allocation Failure)
[5199.753s][info][gc,heap        ] GC(1307) PSYoungGen: 2631751K(2637312K)->144677K(2638336K) Eden: 2481152K(2481152K)->0K(2481152K) From: 150599K(156160K)->144677K(157184K)
[5199.753s][info][gc,heap        ] GC(1307) ParOldGen: 2527254K(2527744K)->2620142K(2620416K)
[5199.753s][info][gc,metaspace   ] GC(1307) Metaspace: 29101K(29504K)->29101K(29504K) NonClass: 24209K(24384K)->24209K(24384K) Class: 4892K(5120K)->4892K(5120K)
[5199.753s][info][gc             ] GC(1307) Pause Young (Allocation Failure) 5038M->2700M(5135M) 99.093ms
[5199.753s][info][gc,cpu         ] GC(1307) User=0.57s Sys=0.03s Real=0.10s
..[5202.154s][info][gc,start       ] GC(1308) Pause Young (Allocation Failure)
[5202.256s][info][gc,heap        ] GC(1308) PSYoungGen: 2625829K(2638336K)->147968K(2638848K) Eden: 2481152K(2481152K)->0K(2482688K) From: 144677K(157184K)->147968K(156160K)
[5202.256s][info][gc,heap        ] GC(1308) ParOldGen: 2620142K(2620416K)->2711454K(2711552K)
[5202.256s][info][gc,metaspace   ] GC(1308) Metaspace: 29101K(29504K)->29101K(29504K) NonClass: 24209K(24384K)->24209K(24384K) Class: 4892K(5120K)->4892K(5120K)
[5202.256s][info][gc             ] GC(1308) Pause Young (Allocation Failure) 5123M->2792M(5225M) 101.506ms
[5202.256s][info][gc,cpu         ] GC(1308) User=0.58s Sys=0.02s Real=0.10s
...[5204.609s][info][gc,start       ] GC(1309) Pause Young (Allocation Failure)
[5204.711s][info][gc,heap        ] GC(1309) PSYoungGen: 2630656K(2638848K)->146592K(2638848K) Eden: 2482688K(2482688K)->0K(2482688K) From: 147968K(156160K)->146592K(156160K)
[5204.711s][info][gc,heap        ] GC(1309) ParOldGen: 2711454K(2711552K)->2803814K(2804224K)
[5204.711s][info][gc,metaspace   ] GC(1309) Metaspace: 29101K(29504K)->29101K(29504K) NonClass: 24209K(24384K)->24209K(24384K) Class: 4892K(5120K)->4892K(5120K)
[5204.711s][info][gc             ] GC(1309) Pause Young (Allocation Failure) 5216M->2881M(5315M) 101.590ms
[5204.711s][info][gc,cpu         ] GC(1309) User=0.58s Sys=0.02s Real=0.10s
..[5207.134s][info][gc,start       ] GC(1310) Pause Young (Allocation Failure)
[5207.237s][info][gc,heap        ] GC(1310) PSYoungGen: 2629280K(2638848K)->150393K(2638848K) Eden: 2482688K(2482688K)->0K(2483200K) From: 146592K(156160K)->150393K(155648K)
[5207.237s][info][gc,heap        ] GC(1310) ParOldGen: 2803814K(2804224K)->2894422K(2894848K)
[5207.237s][info][gc,metaspace   ] GC(1310) Metaspace: 29101K(29504K)->29101K(29504K) NonClass: 24209K(24384K)->24209K(24384K) Class: 4892K(5120K)->4892K(5120K)
[5207.237s][info][gc             ] GC(1310) Pause Young (Allocation Failure) 5305M->2973M(5404M) 102.574ms
[5207.237s][info][gc,cpu         ] GC(1310) User=0.58s Sys=0.03s Real=0.10s
...[5209.620s][info][gc,start       ] GC(1311) Pause Young (Allocation Failure)
[5209.719s][info][gc,heap        ] GC(1311) PSYoungGen: 2633593K(2638848K)->142144K(2639360K) Eden: 2483200K(2483200K)->0K(2483200K) From: 150393K(155648K)->142144K(156160K)
[5209.719s][info][gc,heap        ] GC(1311) ParOldGen: 2894422K(2894848K)->2985838K(2985984K)
[5209.719s][info][gc,metaspace   ] GC(1311) Metaspace: 29101K(29504K)->29101K(29504K) NonClass: 24209K(24384K)->24209K(24384K) Class: 4892K(5120K)->4892K(5120K)
[5209.719s][info][gc             ] GC(1311) Pause Young (Allocation Failure) 5398M->3054M(5493M) 99.573ms
[5209.719s][info][gc,cpu         ] GC(1311) User=0.57s Sys=0.02s Real=0.10s
..[5212.057s][info][gc,start       ] GC(1312) Pause Young (Allocation Failure)
[5212.164s][info][gc,heap        ] GC(1312) PSYoungGen: 2625344K(2639360K)->153465K(2636800K) Eden: 2483200K(2483200K)->0K(2480640K) From: 142144K(156160K)->153465K(156160K)
[5212.164s][info][gc,heap        ] GC(1312) ParOldGen: 2985838K(2985984K)->3076766K(3077120K)
[5212.164s][info][gc,metaspace   ] GC(1312) Metaspace: 29101K(29504K)->29101K(29504K) NonClass: 24209K(24384K)->24209K(24384K) Class: 4892K(5120K)->4892K(5120K)
[5212.164s][info][gc             ] GC(1312) Pause Young (Allocation Failure) 5479M->3154M(5580M) 107.128ms
[5212.164s][info][gc,cpu         ] GC(1312) User=0.61s Sys=0.03s Real=0.11s
..[5214.496s][info][gc,start       ] GC(1313) Pause Young (Allocation Failure)
[5214.595s][info][gc,heap        ] GC(1313) PSYoungGen: 2634105K(2636800K)->143392K(2638336K) Eden: 2480640K(2480640K)->0K(2480640K) From: 153465K(156160K)->143392K(157696K)
[5214.595s][info][gc,heap        ] GC(1313) ParOldGen: 3076766K(3077120K)->3168238K(3168256K)
[5214.595s][info][gc,metaspace   ] GC(1313) Metaspace: 29101K(29504K)->29101K(29504K) NonClass: 24209K(24384K)->24209K(24384K) Class: 4892K(5120K)->4892K(5120K)
[5214.595s][info][gc             ] GC(1313) Pause Young (Allocation Failure) 5577M->3234M(5670M) 98.539ms
[5214.595s][info][gc,cpu         ] GC(1313) User=0.55s Sys=0.03s Real=0.10s
... (rIR:aIR:PR = 8164:8225:8225) (tPR = 122976) [OK] 
  5216s: Performance info:
         Transaction,    Success,    Partial,     Failed,   Receipts, AvgBarcode, 
             Overall,     501000,          0,          0,     476098,      59.48, 
         Response times:
             Request,    Success,    Partial,     Failed,   SkipFail,     Probes,    Samples,      min,      p50,      p90,      p95,      p99,      max, 
       TotalPurchase,     476098,          0,          0,          0,     359623,     409332,      300,     5900,    19900,    49000,   445000,   910000,
     InStorePurchase,     250435,          0,          0,          0,     188109,     214034,      300,     5900,    21000,    50000,   443000,   900000,
      OnlinePurchase,     175639,          0,          0,          0,     132764,     151217,      300,     5700,    18800,    47000,   445000,   910000,
        InstPurchase,      50024,          0,          0,          0,      38750,      44081,      400,     5900,    20000,    48000,   469360,   700000,
          AssocOfCat,        495,          0,          0,          0,        434,        585,    20000,    37000,    73000,   116000,   662800,   930000,
      AssocOfProduct,       5009,          0,          0,          0,       3452,       4058,      600,     7700,    25000,    61050,   554970,   700000,
      BusinessReport,       1247,          0,          0,          0,       1135,       1406,    25000,    46000,    77000,   139650,   640000,   960000,
          CustBuyBeh,       4946,          0,          0,          0,       3487,       4125,      400,     6100,    23000,    58000,   465000,   690000,
       ProductReturn,      13205,          0,          0,          0,      10119,      11702,      200,     5600,    19300,    49000,   467000,   670000,

  5216s: (60%)   IR =   8302 [5217.018s][info][gc,start       ] GC(1314) Pause Young (Allocation Failure)
[5217.119s][info][gc,heap        ] GC(1314) PSYoungGen: 2624032K(2638336K)->145088K(2635776K) Eden: 2480640K(2480640K)->0K(2481152K) From: 143392K(157696K)->145088K(154624K)
[5217.119s][info][gc,heap        ] GC(1314) ParOldGen: 3168238K(3168256K)->3259870K(3259904K)
[5217.119s][info][gc,metaspace   ] GC(1314) Metaspace: 29101K(29504K)->29101K(29504K) NonClass: 24209K(24384K)->24209K(24384K) Class: 4892K(5120K)->4892K(5120K)
[5217.119s][info][gc             ] GC(1314) Pause Young (Allocation Failure) 5656M->3325M(5757M) 100.879ms
[5217.119s][info][gc,cpu         ] GC(1314) User=0.57s Sys=0.02s Real=0.10s
..[5219.414s][info][gc,start       ] GC(1315) Pause Young (Allocation Failure)
[5219.516s][info][gc,heap        ] GC(1315) PSYoungGen: 2626240K(2635776K)->144704K(2637312K) Eden: 2481152K(2481152K)->0K(2481152K) From: 145088K(154624K)->144704K(156160K)
[5219.516s][info][gc,heap        ] GC(1315) ParOldGen: 3259870K(3259904K)->3353390K(3353600K)
[5219.516s][info][gc,metaspace   ] GC(1315) Metaspace: 29101K(29504K)->29101K(29504K) NonClass: 24209K(24384K)->24209K(24384K) Class: 4892K(5120K)->4892K(5120K)
[5219.516s][info][gc             ] GC(1315) Pause Young (Allocation Failure) 5748M->3416M(5850M) 101.818ms
[5219.516s][info][gc,cpu         ] GC(1315) User=0.58s Sys=0.03s Real=0.10s
...[5221.939s][info][gc,start       ] GC(1316) Pause Young (Allocation Failure)
[5222.038s][info][gc,heap        ] GC(1316) PSYoungGen: 2625856K(2637312K)->145664K(2637312K) Eden: 2481152K(2481152K)->0K(2484224K) From: 144704K(156160K)->145664K(153088K)
[5222.038s][info][gc,heap        ] GC(1316) ParOldGen: 3353390K(3353600K)->3442838K(3443200K)
[5222.038s][info][gc,metaspace   ] GC(1316) Metaspace: 29101K(29504K)->29101K(29504K) NonClass: 24209K(24384K)->24209K(24384K) Class: 4892K(5120K)->4892K(5120K)
[5222.038s][info][gc             ] GC(1316) Pause Young (Allocation Failure) 5839M->3504M(5938M) 99.375ms
[5222.038s][info][gc,cpu         ] GC(1316) User=0.56s Sys=0.03s Real=0.10s
..[5224.331s][info][gc,start       ] GC(1317) Pause Young (Allocation Failure)
[5224.428s][info][gc,heap        ] GC(1317) PSYoungGen: 2629888K(2637312K)->135232K(2638848K) Eden: 2484224K(2484224K)->0K(2484224K) From: 145664K(153088K)->135232K(154624K)
[5224.428s][info][gc,heap        ] GC(1317) ParOldGen: 3442838K(3443200K)->3537414K(3537920K)
[5224.428s][info][gc,metaspace   ] GC(1317) Metaspace: 29101K(29504K)->29101K(29504K) NonClass: 24209K(24384K)->24209K(24384K) Class: 4892K(5120K)->4892K(5120K)
[5224.428s][info][gc             ] GC(1317) Pause Young (Allocation Failure) 5930M->3586M(6032M) 96.939ms
[5224.428s][info][gc,cpu         ] GC(1317) User=0.55s Sys=0.03s Real=0.10s
...[5226.703s][info][gc,start       ] GC(1318) Pause Young (Allocation Failure)
[5226.802s][info][gc,heap        ] GC(1318) PSYoungGen: 2619456K(2638848K)->141184K(2640896K) Eden: 2484224K(2484224K)->0K(2485248K) From: 135232K(154624K)->141184K(155648K)
[5226.802s][info][gc,heap        ] GC(1318) ParOldGen: 3537414K(3537920K)->3627622K(3628032K)
[5226.802s][info][gc,metaspace   ] GC(1318) Metaspace: 29101K(29504K)->29101K(29504K) NonClass: 24209K(24384K)->24209K(24384K) Class: 4892K(5120K)->4892K(5120K)
[5226.802s][info][gc             ] GC(1318) Pause Young (Allocation Failure) 6012M->3680M(6122M) 99.321ms
[5226.802s][info][gc,cpu         ] GC(1318) User=0.55s Sys=0.04s Real=0.10s
.|.[5229.182s][info][gc,start       ] GC(1319) Pause Young (Allocation Failure)
[5229.289s][info][gc,heap        ] GC(1319) PSYoungGen: 2626432K(2640896K)->155121K(2640384K) Eden: 2485248K(2485248K)->0K(2485248K) From: 141184K(155648K)->155121K(155136K)
[5229.290s][info][gc,heap        ] GC(1319) ParOldGen: 3627622K(3628032K)->3723654K(3723776K)
[5229.290s][info][gc,metaspace   ] GC(1319) Metaspace: 29101K(29504K)->29101K(29504K) NonClass: 24209K(24384K)->24209K(24384K) Class: 4892K(5120K)->4892K(5120K)
[5229.290s][info][gc             ] GC(1319) Pause Young (Allocation Failure) 6107M->3787M(6215M) 107.849ms
[5229.290s][info][gc,cpu         ] GC(1319) User=0.61s Sys=0.03s Real=0.11s
..[5231.706s][info][gc,start       ] GC(1320) Pause Young (Allocation Failure)
[5231.813s][info][gc,heap        ] GC(1320) PSYoungGen: 2640369K(2640384K)->155620K(2504192K) Eden: 2485248K(2485248K)->0K(2348544K) From: 155121K(155136K)->155620K(155648K)
[5231.813s][info][gc,heap        ] GC(1320) ParOldGen: 3723654K(3723776K)->3814310K(3814400K)
[5231.813s][info][gc,metaspace   ] GC(1320) Metaspace: 29101K(29504K)->29101K(29504K) NonClass: 24209K(24384K)->24209K(24384K) Class: 4892K(5120K)->4892K(5120K)
[5231.813s][info][gc             ] GC(1320) Pause Young (Allocation Failure) 6214M->3876M(6170M) 107.140ms
[5231.813s][info][gc,cpu         ] GC(1320) User=0.61s Sys=0.04s Real=0.11s
...[5233.916s][info][gc,start       ] GC(1321) Pause Young (Allocation Failure)
[5234.017s][info][gc,heap        ] GC(1321) PSYoungGen: 2504164K(2504192K)->139973K(2572288K) Eden: 2348544K(2348544K)->0K(2348544K) From: 155620K(155648K)->139973K(223744K)
[5234.017s][info][gc,heap        ] GC(1321) ParOldGen: 3814310K(3814400K)->3909534K(3909632K)
[5234.017s][info][gc,metaspace   ] GC(1321) Metaspace: 29101K(29504K)->29101K(29504K) NonClass: 24209K(24384K)->24209K(24384K) Class: 4892K(5120K)->4892K(5120K)
[5234.017s][info][gc             ] GC(1321) Pause Young (Allocation Failure) 6170M->3954M(6330M) 100.848ms
[5234.017s][info][gc,cpu         ] GC(1321) User=0.57s Sys=0.03s Real=0.10s
..[5236.253s][info][gc,start       ] GC(1322) Pause Young (Allocation Failure)
[5236.348s][info][gc,heap        ] GC(1322) PSYoungGen: 2488517K(2572288K)->133312K(2568192K) Eden: 2348544K(2348544K)->0K(2350592K) From: 139973K(223744K)->133312K(217600K)
[5236.348s][info][gc,heap        ] GC(1322) ParOldGen: 3909534K(3909632K)->3997206K(3997696K)
[5236.348s][info][gc,metaspace   ] GC(1322) Metaspace: 29101K(29504K)->29101K(29504K) NonClass: 24209K(24384K)->24209K(24384K) Class: 4892K(5120K)->4892K(5120K)
[5236.348s][info][gc             ] GC(1322) Pause Young (Allocation Failure) 6248M->4033M(6412M) 95.242ms
[5236.348s][info][gc,cpu         ] GC(1322) User=0.54s Sys=0.03s Real=0.10s
..[5238.612s][info][gc,start       ] GC(1323) Pause Young (Allocation Failure)
[5238.708s][info][gc,heap        ] GC(1323) PSYoungGen: 2483904K(2568192K)->133056K(2571264K) Eden: 2350592K(2350592K)->0K(2350592K) From: 133312K(217600K)->133056K(220672K)
[5238.708s][info][gc,heap        ] GC(1323) ParOldGen: 3997206K(3997696K)->4087662K(4087808K)
[5238.708s][info][gc,metaspace   ] GC(1323) Metaspace: 29101K(29504K)->29101K(29504K) NonClass: 24209K(24384K)->24209K(24384K) Class: 4892K(5120K)->4892K(5120K)
[5238.708s][info][gc             ] GC(1323) Pause Young (Allocation Failure) 6329M->4121M(6503M) 96.363ms
[5238.708s][info][gc,cpu         ] GC(1323) User=0.54s Sys=0.03s Real=0.10s
...[5240.839s][info][gc,start       ] GC(1324) Pause Young (Allocation Failure)
[5240.940s][info][gc,heap        ] GC(1324) PSYoungGen: 2483648K(2571264K)->141702K(2565632K) Eden: 2350592K(2350592K)->0K(2356224K) From: 133056K(220672K)->141702K(209408K)
[5240.940s][info][gc,heap        ] GC(1324) ParOldGen: 4087662K(4087808K)->4176822K(4176896K)
[5240.940s][info][gc,metaspace   ] GC(1324) Metaspace: 29101K(29504K)->29101K(29504K) NonClass: 24209K(24384K)->24209K(24384K) Class: 4892K(5120K)->4892K(5120K)
[5240.940s][info][gc             ] GC(1324) Pause Young (Allocation Failure) 6417M->4217M(6584M) 101.602ms
[5240.940s][info][gc,cpu         ] GC(1324) User=0.58s Sys=0.03s Real=0.10s
..[5243.080s][info][gc,start       ] GC(1325) Pause Young (Allocation Failure)
[5243.179s][info][gc,heap        ] GC(1325) PSYoungGen: 2497926K(2565632K)->140576K(2571264K) Eden: 2356224K(2356224K)->0K(2356224K) From: 141702K(209408K)->140576K(215040K)
[5243.179s][info][gc,heap        ] GC(1325) ParOldGen: 4176822K(4176896K)->4264886K(4264960K)
[5243.179s][info][gc,metaspace   ] GC(1325) Metaspace: 29101K(29504K)->29101K(29504K) NonClass: 24209K(24384K)->24209K(24384K) Class: 4892K(5120K)->4892K(5120K)
[5243.179s][info][gc             ] GC(1325) Pause Young (Allocation Failure) 6518M->4302M(6676M) 98.204ms
[5243.179s][info][gc,cpu         ] GC(1325) User=0.55s Sys=0.03s Real=0.10s
..[5245.435s][info][gc,start       ] GC(1326) Pause Young (Allocation Failure)
[5245.530s][info][gc,heap        ] GC(1326) PSYoungGen: 2496800K(2571264K)->133536K(2574848K) Eden: 2356224K(2356224K)->0K(2369536K) From: 140576K(215040K)->133536K(205312K)
[5245.530s][info][gc,heap        ] GC(1326) ParOldGen: 4264886K(4264960K)->4355302K(4355584K)
[5245.530s][info][gc,metaspace   ] GC(1326) Metaspace: 29101K(29504K)->29101K(29504K) NonClass: 24209K(24384K)->24209K(24384K) Class: 4892K(5120K)->4892K(5120K)
[5245.530s][info][gc             ] GC(1326) Pause Young (Allocation Failure) 6603M->4383M(6768M) 95.625ms
[5245.530s][info][gc,cpu         ] GC(1326) User=0.53s Sys=0.03s Real=0.10s
..[5247.768s][info][gc,start       ] GC(1327) Pause Young (Allocation Failure)
[5247.867s][info][gc,heap        ] GC(1327) PSYoungGen: 2503072K(2574848K)->138071K(2578944K) Eden: 2369536K(2369536K)->0K(2369536K) From: 133536K(205312K)->138071K(209408K)
[5247.867s][info][gc,heap        ] GC(1327) ParOldGen: 4355302K(4355584K)->4445542K(4445696K)
[5247.867s][info][gc,metaspace   ] GC(1327) Metaspace: 29101K(29504K)->29101K(29504K) NonClass: 24209K(24384K)->24209K(24384K) Class: 4892K(5120K)->4892K(5120K)
[5247.867s][info][gc             ] GC(1327) Pause Young (Allocation Failure) 6697M->4476M(6860M) 98.223ms
[5247.867s][info][gc,cpu         ] GC(1327) User=0.56s Sys=0.03s Real=0.09s
...[5250.111s][info][gc,start       ] GC(1328) Pause Young (Allocation Failure)
[5250.210s][info][gc,heap        ] GC(1328) PSYoungGen: 2507490K(2578944K)->140416K(2577920K) Eden: 2369419K(2369536K)->0K(2380800K) From: 138071K(209408K)->140416K(197120K)
[5250.210s][info][gc,heap        ] GC(1328) ParOldGen: 4445542K(4445696K)->4533886K(4534272K)
[5250.210s][info][gc,metaspace   ] GC(1328) Metaspace: 29101K(29504K)->29101K(29504K) NonClass: 24209K(24384K)->24209K(24384K) Class: 4892K(5120K)->4892K(5120K)
[5250.210s][info][gc             ] GC(1328) Pause Young (Allocation Failure) 6790M->4564M(6945M) 99.000ms
[5250.210s][info][gc,cpu         ] GC(1328) User=0.56s Sys=0.03s Real=0.10s
..[5252.471s][info][gc,start       ] GC(1329) Pause Young (Allocation Failure)
[5252.568s][info][gc,heap        ] GC(1329) PSYoungGen: 2521216K(2577920K)->132946K(2582528K) Eden: 2380800K(2380800K)->0K(2380800K) From: 140416K(197120K)->132946K(201728K)
[5252.568s][info][gc,heap        ] GC(1329) ParOldGen: 4533886K(4534272K)->4624342K(4624384K)
[5252.568s][info][gc,metaspace   ] GC(1329) Metaspace: 29101K(29504K)->29101K(29504K) NonClass: 24209K(24384K)->24209K(24384K) Class: 4892K(5120K)->4892K(5120K)
[5252.568s][info][gc             ] GC(1329) Pause Young (Allocation Failure) 6889M->4645M(7038M) 97.046ms
[5252.568s][info][gc,cpu         ] GC(1329) User=0.55s Sys=0.03s Real=0.10s
..[5254.786s][info][gc,start       ] GC(1330) Pause Young (Allocation Failure)
[5254.883s][info][gc,heap        ] GC(1330) PSYoungGen: 2513746K(2582528K)->139200K(2585088K) Eden: 2380800K(2380800K)->0K(2395136K) From: 132946K(201728K)->139200K(189952K)
[5254.883s][info][gc,heap        ] GC(1330) ParOldGen: 4624342K(4624384K)->4710870K(4710912K)
[5254.883s][info][gc,metaspace   ] GC(1330) Metaspace: 29101K(29504K)->29101K(29504K) NonClass: 24209K(24384K)->24209K(24384K) Class: 4892K(5120K)->4892K(5120K)
[5254.883s][info][gc             ] GC(1330) Pause Young (Allocation Failure) 6970M->4736M(7125M) 96.501ms
[5254.883s][info][gc,cpu         ] GC(1330) User=0.54s Sys=0.02s Real=0.10s
...[5257.131s][info][gc,start       ] GC(1331) Pause Young (Allocation Failure)
[5257.234s][info][gc,heap        ] GC(1331) PSYoungGen: 2534336K(2585088K)->145748K(2590720K) Eden: 2395136K(2395136K)->0K(2395136K) From: 139200K(189952K)->145748K(195584K)
[5257.234s][info][gc,heap        ] GC(1331) ParOldGen: 4710870K(4710912K)->4801558K(4802048K)
[5257.234s][info][gc,metaspace   ] GC(1331) Metaspace: 29101K(29504K)->29101K(29504K) NonClass: 24209K(24384K)->24209K(24384K) Class: 4892K(5120K)->4892K(5120K)
[5257.234s][info][gc             ] GC(1331) Pause Young (Allocation Failure) 7075M->4831M(7219M) 103.543ms
[5257.234s][info][gc,cpu         ] GC(1331) User=0.60s Sys=0.02s Real=0.10s
..[5259.452s][info][gc,start       ] GC(1332) Pause Young (Allocation Failure)
[5259.552s][info][gc,heap        ] GC(1332) PSYoungGen: 2540884K(2590720K)->135424K(2594304K) Eden: 2395136K(2395136K)->0K(2409472K) From: 145748K(195584K)->135424K(184832K)
[5259.552s][info][gc,heap        ] GC(1332) ParOldGen: 4801558K(4802048K)->4891654K(4892160K)
[5259.552s][info][gc,metaspace   ] GC(1332) Metaspace: 29101K(29504K)->29101K(29504K) NonClass: 24209K(24384K)->24209K(24384K) Class: 4892K(5120K)->4892K(5120K)
[5259.552s][info][gc             ] GC(1332) Pause Young (Allocation Failure) 7170M->4909M(7311M) 100.103ms
[5259.552s][info][gc,cpu         ] GC(1332) User=0.55s Sys=0.03s Real=0.10s
...[5261.919s][info][gc,start       ] GC(1333) Pause Young (Allocation Failure)
[5262.016s][info][gc,heap        ] GC(1333) PSYoungGen: 2544896K(2594304K)->140544K(2597888K) Eden: 2409472K(2409472K)->0K(2409472K) From: 135424K(184832K)->140544K(188416K)
[5262.016s][info][gc,heap        ] GC(1333) ParOldGen: 4891654K(4892160K)->4978550K(4978688K)
[5262.016s][info][gc,metaspace   ] GC(1333) Metaspace: 29101K(29504K)->29101K(29504K) NonClass: 24209K(24384K)->24209K(24384K) Class: 4892K(5120K)->4892K(5120K)
[5262.016s][info][gc             ] GC(1333) Pause Young (Allocation Failure) 7262M->4999M(7399M) 97.367ms
[5262.016s][info][gc,cpu         ] GC(1333) User=0.54s Sys=0.03s Real=0.09s
..[5264.276s][info][gc,start       ] GC(1334) Pause Young (Allocation Failure)
[5264.373s][info][gc,heap        ] GC(1334) PSYoungGen: 2550016K(2597888K)->132704K(2604544K) Eden: 2409472K(2409472K)->0K(2422784K) From: 140544K(188416K)->132704K(181760K)
[5264.373s][info][gc,heap        ] GC(1334) ParOldGen: 4978550K(4978688K)->5070846K(5070848K)
[5264.373s][info][gc,metaspace   ] GC(1334) Metaspace: 29101K(29504K)->29101K(29504K) NonClass: 24209K(24384K)->24209K(24384K) Class: 4892K(5120K)->4892K(5120K)
[5264.373s][info][gc             ] GC(1334) Pause Young (Allocation Failure) 7352M->5081M(7495M) 97.165ms
[5264.373s][info][gc,cpu         ] GC(1334) User=0.54s Sys=0.03s Real=0.10s
..[5266.657s][info][gc,start       ] GC(1335) Pause Young (Allocation Failure)
[5266.755s][info][gc,heap        ] GC(1335) PSYoungGen: 2555488K(2604544K)->138944K(2606080K) Eden: 2422784K(2422784K)->0K(2422784K) From: 132704K(181760K)->138944K(183296K)
[5266.755s][info][gc,heap        ] GC(1335) ParOldGen: 5070846K(5070848K)->5161238K(5161472K)
[5266.755s][info][gc,metaspace   ] GC(1335) Metaspace: 29101K(29504K)->29101K(29504K) NonClass: 24209K(24384K)->24209K(24384K) Class: 4892K(5120K)->4892K(5120K)
[5266.755s][info][gc             ] GC(1335) Pause Young (Allocation Failure) 7447M->5175M(7585M) 98.084ms
[5266.755s][info][gc,cpu         ] GC(1335) User=0.55s Sys=0.03s Real=0.10s
...[5269.078s][info][gc,start       ] GC(1336) Pause Young (Allocation Failure)
[5269.179s][info][gc,heap        ] GC(1336) PSYoungGen: 2561728K(2606080K)->143456K(2607104K) Eden: 2422784K(2422784K)->0K(2432512K) From: 138944K(183296K)->143456K(174592K)
[5269.179s][info][gc,heap        ] GC(1336) ParOldGen: 5161238K(5161472K)->5251566K(5251584K)
[5269.179s][info][gc,metaspace   ] GC(1336) Metaspace: 29101K(29504K)->29101K(29504K) NonClass: 24209K(24384K)->24209K(24384K) Class: 4892K(5120K)->4892K(5120K)
[5269.179s][info][gc             ] GC(1336) Pause Young (Allocation Failure) 7541M->5268M(7674M) 100.825ms
[5269.179s][info][gc,cpu         ] GC(1336) User=0.57s Sys=0.03s Real=0.10s
..[5271.326s][info][gc,start       ] GC(1337) Pause Young (Allocation Failure)
[5271.427s][info][gc,heap        ] GC(1337) PSYoungGen: 2575968K(2607104K)->140766K(2609152K) Eden: 2432512K(2432512K)->0K(2432512K) From: 143456K(174592K)->140766K(176640K)
[5271.427s][info][gc,heap        ] GC(1337) ParOldGen: 5251566K(5251584K)->5342198K(5342208K)
[5271.427s][info][gc,metaspace   ] GC(1337) Metaspace: 29101K(29504K)->29101K(29504K) NonClass: 24209K(24384K)->24209K(24384K) Class: 4892K(5120K)->4892K(5120K)
[5271.428s][info][gc             ] GC(1337) Pause Young (Allocation Failure) 7644M->5354M(7765M) 101.332ms
[5271.428s][info][gc,cpu         ] GC(1337) User=0.57s Sys=0.02s Real=0.11s
..[5273.762s][info][gc,start       ] GC(1338) Pause Young (Allocation Failure)
[5273.865s][info][gc,heap        ] GC(1338) PSYoungGen: 2573278K(2609152K)->146544K(2617344K) Eden: 2432512K(2432512K)->0K(2445824K) From: 140766K(176640K)->146544K(171520K)
[5273.865s][info][gc,heap        ] GC(1338) ParOldGen: 5342198K(5342208K)->5431630K(5431808K)
[5273.865s][info][gc,metaspace   ] GC(1338) Metaspace: 29101K(29504K)->29101K(29504K) NonClass: 24209K(24384K)->24209K(24384K) Class: 4892K(5120K)->4892K(5120K)
[5273.865s][info][gc             ] GC(1338) Pause Young (Allocation Failure) 7729M->5447M(7860M) 103.139ms
[5273.865s][info][gc,cpu         ] GC(1338) User=0.60s Sys=0.01s Real=0.10s
...[5276.168s][info][gc,start       ] GC(1339) Pause Young (Allocation Failure)
[5276.276s][info][gc,heap        ] GC(1339) PSYoungGen: 2592368K(2617344K)->158249K(2617856K) Eden: 2445824K(2445824K)->0K(2445824K) From: 146544K(171520K)->158249K(172032K)
[5276.277s][info][gc,heap        ] GC(1339) ParOldGen: 5431630K(5431808K)->5523134K(5523456K)
[5276.277s][info][gc,metaspace   ] GC(1339) Metaspace: 29101K(29504K)->29101K(29504K) NonClass: 24209K(24384K)->24209K(24384K) Class: 4892K(5120K)->4892K(5120K)
[5276.277s][info][gc             ] GC(1339) Pause Young (Allocation Failure) 7835M->5548M(7950M) 108.791ms
[5276.277s][info][gc,cpu         ] GC(1339) User=0.62s Sys=0.03s Real=0.10s
..[5278.546s][info][gc,start       ] GC(1340) Pause Full (Allocation Failure)
[5278.546s][info][gc,phases,start] GC(1340) Marking Phase
[5278.839s][info][gc,phases      ] GC(1340) Marking Phase 293.649ms
[5278.840s][info][gc,phases,start] GC(1340) Summary Phase
[5278.840s][info][gc,phases      ] GC(1340) Summary Phase 0.093ms
[5278.840s][info][gc,phases,start] GC(1340) Forward
[5278.959s][info][gc,phases      ] GC(1340) Forward 119.414ms
[5278.959s][info][gc,phases,start] GC(1340) Adjust Pointers
[5279.154s][info][gc,phases      ] GC(1340) Adjust Pointers 195.161ms
[5279.154s][info][gc,phases,start] GC(1340) Compaction Phase
[5279.279s][info][gc,phases      ] GC(1340) Compaction Phase 124.423ms
[5279.280s][info][gc,phases,start] GC(1340) Post Compact
[5279.287s][info][gc,phases      ] GC(1340) Post Compact 6.929ms
[5279.414s][info][gc,heap        ] GC(1340) PSYoungGen: 2604073K(2617856K)->0K(2621440K) Eden: 2445824K(2445824K)->0K(2446848K) From: 158249K(172032K)->0K(174592K)
[5279.414s][info][gc,heap        ] GC(1340) ParOldGen: 5523134K(5523456K)->1419339K(1666048K)
[5279.414s][info][gc,metaspace   ] GC(1340) Metaspace: 29101K(29504K)->29101K(29504K) NonClass: 24209K(24384K)->24209K(24384K) Class: 4892K(5120K)->4892K(5120K)
[5279.414s][info][gc             ] GC(1340) Pause Full (Allocation Failure) 7936M->1386M(4187M) 868.213ms
[5279.414s][info][gc,cpu         ] GC(1340) User=4.00s Sys=0.12s Real=0.87s
..[5280.973s][info][gc,start       ] GC(1341) Pause Young (Allocation Failure)
[5281.039s][info][gc,heap        ] GC(1341) PSYoungGen: 2446848K(2621440K)->146816K(2593792K) Eden: 2446848K(2446848K)->0K(2446848K) From: 0K(174592K)->146816K(146944K)
[5281.039s][info][gc,heap        ] GC(1341) ParOldGen: 1419339K(1666048K)->1419339K(1666048K)
[5281.039s][info][gc,metaspace   ] GC(1341) Metaspace: 29101K(29504K)->29101K(29504K) NonClass: 24209K(24384K)->24209K(24384K) Class: 4892K(5120K)->4892K(5120K)
[5281.039s][info][gc             ] GC(1341) Pause Young (Allocation Failure) 3775M->1529M(4160M) 66.232ms
[5281.039s][info][gc,cpu         ] GC(1341) User=0.39s Sys=0.00s Real=0.07s
..[5283.393s][info][gc,start       ] GC(1342) Pause Young (Allocation Failure)
[5283.485s][info][gc,heap        ] GC(1342) PSYoungGen: 2593664K(2593792K)->135726K(2620928K) Eden: 2446848K(2446848K)->0K(2448384K) From: 146816K(146944K)->135726K(172544K)
[5283.485s][info][gc,heap        ] GC(1342) ParOldGen: 1419339K(1666048K)->1512987K(1666048K)
[5283.485s][info][gc,metaspace   ] GC(1342) Metaspace: 29101K(29504K)->29101K(29504K) NonClass: 24209K(24384K)->24209K(24384K) Class: 4892K(5120K)->4892K(5120K)
[5283.485s][info][gc             ] GC(1342) Pause Young (Allocation Failure) 3918M->1610M(4186M) 92.331ms
[5283.485s][info][gc,cpu         ] GC(1342) User=0.55s Sys=0.00s Real=0.09s
...[5285.847s][info][gc,start       ] GC(1343) Pause Young (Allocation Failure)
[5285.939s][info][gc,heap        ] GC(1343) PSYoungGen: 2584110K(2620928K)->139424K(2619392K) Eden: 2448384K(2448384K)->0K(2448384K) From: 135726K(172544K)->139424K(171008K)
[5285.939s][info][gc,heap        ] GC(1343) ParOldGen: 1512987K(1666048K)->1602291K(1666048K)
[5285.939s][info][gc,metaspace   ] GC(1343) Metaspace: 29101K(29504K)->29101K(29504K) NonClass: 24209K(24384K)->24209K(24384K) Class: 4892K(5120K)->4892K(5120K)
[5285.939s][info][gc             ] GC(1343) Pause Young (Allocation Failure) 4001M->1700M(4185M) 91.842ms
[5285.939s][info][gc,cpu         ] GC(1343) User=0.55s Sys=0.00s Real=0.10s
..[5288.256s][info][gc,start       ] GC(1344) Pause Young (Allocation Failure)
[5288.348s][info][gc,heap        ] GC(1344) PSYoungGen: 2587808K(2619392K)->134432K(2622976K) Eden: 2448384K(2448384K)->0K(2453504K) From: 139424K(171008K)->134432K(169472K)
[5288.348s][info][gc,heap        ] GC(1344) ParOldGen: 1602291K(1666048K)->1693291K(1693696K)
[5288.348s][info][gc,metaspace   ] GC(1344) Metaspace: 29101K(29504K)->29101K(29504K) NonClass: 24209K(24384K)->24209K(24384K) Class: 4892K(5120K)->4892K(5120K)
[5288.348s][info][gc             ] GC(1344) Pause Young (Allocation Failure) 4091M->1784M(4215M) 92.660ms
[5288.348s][info][gc,cpu         ] GC(1344) User=0.53s Sys=0.02s Real=0.10s
. (rIR:aIR:PR = 8302:8285:8284) (tPR = 124355) [OK] 
  5288s: Performance info:
         Transaction,    Success,    Partial,     Failed,   Receipts, AvgBarcode, 
             Overall,     503706,          0,          0,     478479,      59.47, 
         Response times:
             Request,    Success,    Partial,     Failed,   SkipFail,     Probes,    Samples,      min,      p50,      p90,      p95,      p99,      max, 
       TotalPurchase,     478603,          0,          0,          0,     358859,     432993,      200,     5400,    19700,    43000,   118000,   880000,
     InStorePurchase,     249713,          0,          0,          0,     189191,     228045,      200,     5400,    19400,    43000,   118000,   880000,
      OnlinePurchase,     178469,          0,          0,          0,     131723,     158829,      300,     5200,    18800,    42000,   115000,   880000,
        InstPurchase,      50421,          0,          0,          0,      37945,      46119,      400,     5900,    26000,    46000,   120000,   244000,
          AssocOfCat,        509,          0,          0,          0,        417,        556,    18900,    39000,    77300,   106150,   236000,   266000,
      AssocOfProduct,       5038,          0,          0,          0,       3482,       4430,      400,     6200,    28000,    62000,   169000,   210000,
      BusinessReport,       1264,          0,          0,          0,       1133,       1491,    27000,    47000,    82000,   122400,   237000,   249000,
          CustBuyBeh,       5110,          0,          0,          0,       3462,       4482,      200,     5700,    26000,    50000,   121000,   225000,
       ProductReturn,      13313,          0,          0,          0,       9013,      11160,      200,     5500,    24000,    56000,   118390,   236000,

  5288s: (61%)   IR =   8441 .[5290.569s][info][gc,start       ] GC(1345) Pause Young (Allocation Failure)
[5290.666s][info][gc,heap        ] GC(1345) PSYoungGen: 2587936K(2622976K)->140416K(2621952K) Eden: 2453504K(2453504K)->0K(2453504K) From: 134432K(169472K)->140416K(168448K)
[5290.666s][info][gc,heap        ] GC(1345) ParOldGen: 1693291K(1693696K)->1783547K(1783808K)
[5290.666s][info][gc,metaspace   ] GC(1345) Metaspace: 29101K(29504K)->29101K(29504K) NonClass: 24209K(24384K)->24209K(24384K) Class: 4892K(5120K)->4892K(5120K)
[5290.666s][info][gc             ] GC(1345) Pause Young (Allocation Failure) 4180M->1878M(4302M) 97.202ms
[5290.666s][info][gc,cpu         ] GC(1345) User=0.55s Sys=0.03s Real=0.09s
...[5292.897s][info][gc,start       ] GC(1346) Pause Young (Allocation Failure)
[5292.999s][info][gc,heap        ] GC(1346) PSYoungGen: 2593920K(2621952K)->148389K(2625024K) Eden: 2453504K(2453504K)->0K(2458624K) From: 140416K(168448K)->148389K(166400K)
[5292.999s][info][gc,heap        ] GC(1346) ParOldGen: 1783547K(1783808K)->1875155K(1875456K)
[5292.999s][info][gc,metaspace   ] GC(1346) Metaspace: 29101K(29504K)->29101K(29504K) NonClass: 24209K(24384K)->24209K(24384K) Class: 4892K(5120K)->4892K(5120K)
[5292.999s][info][gc             ] GC(1346) Pause Young (Allocation Failure) 4274M->1976M(4395M) 102.357ms
[5292.999s][info][gc,cpu         ] GC(1346) User=0.58s Sys=0.03s Real=0.11s
..[5295.303s][info][gc,start       ] GC(1347) Pause Young (Allocation Failure)
[5295.398s][info][gc,heap        ] GC(1347) PSYoungGen: 2607013K(2625024K)->135008K(2624512K) Eden: 2458624K(2458624K)->0K(2458624K) From: 148389K(166400K)->135008K(165888K)
[5295.398s][info][gc,heap        ] GC(1347) ParOldGen: 1875155K(1875456K)->1966795K(1967104K)
[5295.398s][info][gc,metaspace   ] GC(1347) Metaspace: 29101K(29504K)->29101K(29504K) NonClass: 24209K(24384K)->24209K(24384K) Class: 4892K(5120K)->4892K(5120K)
[5295.398s][info][gc             ] GC(1347) Pause Young (Allocation Failure) 4377M->2052M(4484M) 95.472ms
[5295.398s][info][gc,cpu         ] GC(1347) User=0.53s Sys=0.04s Real=0.10s
..|.[5297.700s][info][gc,start       ] GC(1348) Pause Young (Allocation Failure)
[5297.796s][info][gc,heap        ] GC(1348) PSYoungGen: 2593632K(2624512K)->142208K(2626048K) Eden: 2458624K(2458624K)->0K(2464768K) From: 135008K(165888K)->142208K(161280K)
[5297.796s][info][gc,heap        ] GC(1348) ParOldGen: 1966795K(1967104K)->2056267K(2056704K)
[5297.796s][info][gc,metaspace   ] GC(1348) Metaspace: 29101K(29504K)->29101K(29504K) NonClass: 24209K(24384K)->24209K(24384K) Class: 4892K(5120K)->4892K(5120K)
[5297.796s][info][gc             ] GC(1348) Pause Young (Allocation Failure) 4453M->2146M(4573M) 96.654ms
[5297.796s][info][gc,cpu         ] GC(1348) User=0.54s Sys=0.04s Real=0.09s
..[5300.107s][info][gc,start       ] GC(1349) Pause Young (Allocation Failure)
[5300.209s][info][gc,heap        ] GC(1349) PSYoungGen: 2606976K(2626048K)->152213K(2627584K) Eden: 2464768K(2464768K)->0K(2464768K) From: 142208K(161280K)->152213K(162816K)
[5300.209s][info][gc,heap        ] GC(1349) ParOldGen: 2056267K(2056704K)->2148803K(2148864K)
[5300.209s][info][gc,metaspace   ] GC(1349) Metaspace: 29101K(29504K)->29101K(29504K) NonClass: 24209K(24384K)->24209K(24384K) Class: 4892K(5120K)->4892K(5120K)
[5300.209s][info][gc             ] GC(1349) Pause Young (Allocation Failure) 4553M->2247M(4664M) 101.882ms
[5300.209s][info][gc,cpu         ] GC(1349) User=0.58s Sys=0.02s Real=0.10s
..[5302.463s][info][gc,start       ] GC(1350) Pause Young (Allocation Failure)
[5302.568s][info][gc,heap        ] GC(1350) PSYoungGen: 2616981K(2627584K)->147508K(2632192K) Eden: 2464768K(2464768K)->0K(2467840K) From: 152213K(162816K)->147508K(164352K)
[5302.568s][info][gc,heap        ] GC(1350) ParOldGen: 2148803K(2148864K)->2240723K(2241024K)
[5302.568s][info][gc,metaspace   ] GC(1350) Metaspace: 29101K(29504K)->29101K(29504K) NonClass: 24209K(24384K)->24209K(24384K) Class: 4892K(5120K)->4892K(5120K)
[5302.568s][info][gc             ] GC(1350) Pause Young (Allocation Failure) 4654M->2332M(4759M) 104.704ms
[5302.568s][info][gc,cpu         ] GC(1350) User=0.59s Sys=0.02s Real=0.11s
...[5304.881s][info][gc,start       ] GC(1351) Pause Young (Allocation Failure)
[5304.987s][info][gc,heap        ] GC(1351) PSYoungGen: 2615348K(2632192K)->153145K(2621440K) Eden: 2467840K(2467840K)->0K(2467840K) From: 147508K(164352K)->153145K(153600K)
[5304.987s][info][gc,heap        ] GC(1351) ParOldGen: 2240723K(2241024K)->2332363K(2332672K)
[5304.987s][info][gc,metaspace   ] GC(1351) Metaspace: 29101K(29504K)->29101K(29504K) NonClass: 24209K(24384K)->24209K(24384K) Class: 4892K(5120K)->4892K(5120K)
[5304.987s][info][gc             ] GC(1351) Pause Young (Allocation Failure) 4742M->2427M(4838M) 105.790ms
[5304.987s][info][gc,cpu         ] GC(1351) User=0.60s Sys=0.03s Real=0.10s
..[5307.245s][info][gc,start       ] GC(1352) Pause Young (Allocation Failure)
[5307.344s][info][gc,heap        ] GC(1352) PSYoungGen: 2620985K(2621440K)->144628K(2632704K) Eden: 2467840K(2467840K)->0K(2467328K) From: 153145K(153600K)->144628K(165376K)
[5307.344s][info][gc,heap        ] GC(1352) ParOldGen: 2332363K(2332672K)->2423331K(2423808K)
[5307.344s][info][gc,metaspace   ] GC(1352) Metaspace: 29101K(29504K)->29101K(29504K) NonClass: 24209K(24384K)->24209K(24384K) Class: 4892K(5120K)->4892K(5120K)
[5307.344s][info][gc             ] GC(1352) Pause Young (Allocation Failure) 4837M->2507M(4938M) 99.281ms
[5307.344s][info][gc,cpu         ] GC(1352) User=0.56s Sys=0.03s Real=0.10s
..[5309.686s][info][gc,start       ] GC(1353) Pause Young (Allocation Failure)
[5309.786s][info][gc,heap        ] GC(1353) PSYoungGen: 2611956K(2632704K)->144544K(2612224K) Eden: 2467328K(2467328K)->0K(2467328K) From: 144628K(165376K)->144544K(144896K)
[5309.786s][info][gc,heap        ] GC(1353) ParOldGen: 2423331K(2423808K)->2514859K(2514944K)
[5309.786s][info][gc,metaspace   ] GC(1353) Metaspace: 29101K(29504K)->29101K(29504K) NonClass: 24209K(24384K)->24209K(24384K) Class: 4892K(5120K)->4892K(5120K)
[5309.786s][info][gc             ] GC(1353) Pause Young (Allocation Failure) 4917M->2597M(5007M) 100.220ms
[5309.786s][info][gc,cpu         ] GC(1353) User=0.57s Sys=0.03s Real=0.10s
...[5312.096s][info][gc,start       ] GC(1354) Pause Young (Allocation Failure)
[5312.195s][info][gc,heap        ] GC(1354) PSYoungGen: 2611872K(2612224K)->142176K(2630656K) Eden: 2467328K(2467328K)->0K(2468864K) From: 144544K(144896K)->142176K(161792K)
[5312.195s][info][gc,heap        ] GC(1354) ParOldGen: 2514859K(2514944K)->2608843K(2609152K)
[5312.195s][info][gc,metaspace   ] GC(1354) Metaspace: 29101K(29504K)->29101K(29504K) NonClass: 24209K(24384K)->24209K(24384K) Class: 4892K(5120K)->4892K(5120K)
[5312.195s][info][gc             ] GC(1354) Pause Young (Allocation Failure) 5006M->2686M(5117M) 98.656ms
[5312.195s][info][gc,cpu         ] GC(1354) User=0.56s Sys=0.03s Real=0.10s
..[5314.452s][info][gc,start       ] GC(1355) Pause Young (Allocation Failure)
[5314.553s][info][gc,heap        ] GC(1355) PSYoungGen: 2611039K(2630656K)->144020K(2629120K) Eden: 2468863K(2468864K)->0K(2468864K) From: 142176K(161792K)->144020K(160256K)
[5314.553s][info][gc,heap        ] GC(1355) ParOldGen: 2608843K(2609152K)->2697819K(2698240K)
[5314.553s][info][gc,metaspace   ] GC(1355) Metaspace: 29101K(29504K)->29101K(29504K) NonClass: 24209K(24384K)->24209K(24384K) Class: 4892K(5120K)->4892K(5120K)
[5314.553s][info][gc             ] GC(1355) Pause Young (Allocation Failure) 5097M->2775M(5202M) 100.817ms
[5314.553s][info][gc,cpu         ] GC(1355) User=0.57s Sys=0.03s Real=0.10s
...[5316.863s][info][gc,start       ] GC(1356) Pause Young (Allocation Failure)
[5316.967s][info][gc,heap        ] GC(1356) PSYoungGen: 2612884K(2629120K)->150442K(2631680K) Eden: 2468864K(2468864K)->0K(2472960K) From: 144020K(160256K)->150442K(158720K)
[5316.967s][info][gc,heap        ] GC(1356) ParOldGen: 2697819K(2698240K)->2791419K(2791424K)
[5316.967s][info][gc,metaspace   ] GC(1356) Metaspace: 29101K(29504K)->29101K(29504K) NonClass: 24209K(24384K)->24209K(24384K) Class: 4892K(5120K)->4892K(5120K)
[5316.967s][info][gc             ] GC(1356) Pause Young (Allocation Failure) 5186M->2872M(5296M) 103.593ms
[5316.967s][info][gc,cpu         ] GC(1356) User=0.59s Sys=0.02s Real=0.10s
..[5319.334s][info][gc,start       ] GC(1357) Pause Young (Allocation Failure)
[5319.429s][info][gc,heap        ] GC(1357) PSYoungGen: 2623402K(2631680K)->136448K(2632704K) Eden: 2472960K(2472960K)->0K(2472960K) From: 150442K(158720K)->136448K(159744K)
[5319.429s][info][gc,heap        ] GC(1357) ParOldGen: 2791419K(2791424K)->2882803K(2883072K)
[5319.429s][info][gc,metaspace   ] GC(1357) Metaspace: 29101K(29504K)->29101K(29504K) NonClass: 24209K(24384K)->24209K(24384K) Class: 4892K(5120K)->4892K(5120K)
[5319.429s][info][gc             ] GC(1357) Pause Young (Allocation Failure) 5287M->2948M(5386M) 95.445ms
[5319.429s][info][gc,cpu         ] GC(1357) User=0.53s Sys=0.04s Real=0.10s
..[5321.726s][info][gc,start       ] GC(1358) Pause Young (Allocation Failure)
[5321.824s][info][gc,heap        ] GC(1358) PSYoungGen: 2609408K(2632704K)->140896K(2634240K) Eden: 2472960K(2472960K)->0K(2476544K) From: 136448K(159744K)->140896K(157696K)
[5321.824s][info][gc,heap        ] GC(1358) ParOldGen: 2882803K(2883072K)->2975035K(2975232K)
[5321.824s][info][gc,metaspace   ] GC(1358) Metaspace: 29101K(29504K)->29101K(29504K) NonClass: 24209K(24384K)->24209K(24384K) Class: 4892K(5120K)->4892K(5120K)
[5321.824s][info][gc             ] GC(1358) Pause Young (Allocation Failure) 5363M->3042M(5478M) 97.681ms
[5321.824s][info][gc,cpu         ] GC(1358) User=0.56s Sys=0.02s Real=0.10s
...[5324.087s][info][gc,start       ] GC(1359) Pause Young (Allocation Failure)
[5324.193s][info][gc,heap        ] GC(1359) PSYoungGen: 2617440K(2634240K)->158692K(2635264K) Eden: 2476544K(2476544K)->0K(2476544K) From: 140896K(157696K)->158692K(158720K)
[5324.193s][info][gc,heap        ] GC(1359) ParOldGen: 2975035K(2975232K)->3064763K(3064832K)
[5324.193s][info][gc,metaspace   ] GC(1359) Metaspace: 29101K(29504K)->29101K(29504K) NonClass: 24209K(24384K)->24209K(24384K) Class: 4892K(5120K)->4892K(5120K)
[5324.193s][info][gc             ] GC(1359) Pause Young (Allocation Failure) 5461M->3147M(5566M) 106.385ms
[5324.193s][info][gc,cpu         ] GC(1359) User=0.60s Sys=0.03s Real=0.11s
..[5326.430s][info][gc,start       ] GC(1360) Pause Young (Allocation Failure)
[5326.532s][info][gc,heap        ] GC(1360) PSYoungGen: 2635236K(2635264K)->143440K(2569728K) Eden: 2476544K(2476544K)->0K(2408960K) From: 158692K(158720K)->143440K(160768K)
[5326.532s][info][gc,heap        ] GC(1360) ParOldGen: 3064763K(3064832K)->3158779K(3159040K)
[5326.532s][info][gc,metaspace   ] GC(1360) Metaspace: 29101K(29504K)->29101K(29504K) NonClass: 24209K(24384K)->24209K(24384K) Class: 4892K(5120K)->4892K(5120K)
[5326.532s][info][gc             ] GC(1360) Pause Young (Allocation Failure) 5566M->3224M(5594M) 102.136ms
[5326.532s][info][gc,cpu         ] GC(1360) User=0.57s Sys=0.03s Real=0.10s
..[5328.818s][info][gc,start       ] GC(1361) Pause Young (Allocation Failure)
[5328.915s][info][gc,heap        ] GC(1361) PSYoungGen: 2552400K(2569728K)->143680K(2602496K) Eden: 2408960K(2408960K)->0K(2408960K) From: 143440K(160768K)->143680K(193536K)
[5328.915s][info][gc,heap        ] GC(1361) ParOldGen: 3158779K(3159040K)->3248587K(3248640K)
[5328.915s][info][gc,metaspace   ] GC(1361) Metaspace: 29101K(29504K)->29101K(29504K) NonClass: 24209K(24384K)->24209K(24384K) Class: 4892K(5120K)->4892K(5120K)
[5328.916s][info][gc             ] GC(1361) Pause Young (Allocation Failure) 5577M->3312M(5714M) 97.625ms
[5328.916s][info][gc,cpu         ] GC(1361) User=0.55s Sys=0.03s Real=0.09s
...[5331.139s][info][gc,start       ] GC(1362) Pause Young (Allocation Failure)
[5331.245s][info][gc,heap        ] GC(1362) PSYoungGen: 2552640K(2602496K)->148704K(2593792K) Eden: 2408960K(2408960K)->0K(2411520K) From: 143680K(193536K)->148704K(182272K)
[5331.245s][info][gc,heap        ] GC(1362) ParOldGen: 3248587K(3248640K)->3341123K(3341312K)
[5331.245s][info][gc,metaspace   ] GC(1362) Metaspace: 29101K(29504K)->29101K(29504K) NonClass: 24209K(24384K)->24209K(24384K) Class: 4892K(5120K)->4892K(5120K)
[5331.245s][info][gc             ] GC(1362) Pause Young (Allocation Failure) 5665M->3408M(5796M) 105.361ms
[5331.245s][info][gc,cpu         ] GC(1362) User=0.58s Sys=0.03s Real=0.10s
..[5333.421s][info][gc,start       ] GC(1363) Pause Young (Allocation Failure)
[5333.517s][info][gc,heap        ] GC(1363) PSYoungGen: 2560224K(2593792K)->135680K(2599424K) Eden: 2411520K(2411520K)->0K(2411520K) From: 148704K(182272K)->135680K(187904K)
[5333.517s][info][gc,heap        ] GC(1363) ParOldGen: 3341123K(3341312K)->3431587K(3431936K)
[5333.517s][info][gc,metaspace   ] GC(1363) Metaspace: 29101K(29504K)->29101K(29504K) NonClass: 24209K(24384K)->24209K(24384K) Class: 4892K(5120K)->4892K(5120K)
[5333.517s][info][gc             ] GC(1363) Pause Young (Allocation Failure) 5763M->3483M(5890M) 95.889ms
[5333.517s][info][gc,cpu         ] GC(1363) User=0.54s Sys=0.03s Real=0.09s
..[5335.790s][info][gc,start       ] GC(1364) Pause Young (Allocation Failure)
[5335.889s][info][gc,heap        ] GC(1364) PSYoungGen: 2547200K(2599424K)->139440K(2604032K) Eden: 2411520K(2411520K)->0K(2421248K) From: 135680K(187904K)->139440K(182784K)
[5335.889s][info][gc,heap        ] GC(1364) ParOldGen: 3431587K(3431936K)->3523547K(3523584K)
[5335.889s][info][gc,metaspace   ] GC(1364) Metaspace: 29101K(29504K)->29101K(29504K) NonClass: 24209K(24384K)->24209K(24384K) Class: 4892K(5120K)->4892K(5120K)
[5335.889s][info][gc             ] GC(1364) Pause Young (Allocation Failure) 5838M->3577M(5984M) 98.453ms
[5335.889s][info][gc,cpu         ] GC(1364) User=0.55s Sys=0.04s Real=0.10s
...[5338.072s][info][gc,start       ] GC(1365) Pause Young (Allocation Failure)
[5338.170s][info][gc,heap        ] GC(1365) PSYoungGen: 2560688K(2604032K)->143392K(2606592K) Eden: 2421248K(2421248K)->0K(2421248K) From: 139440K(182784K)->143392K(185344K)
[5338.170s][info][gc,heap        ] GC(1365) ParOldGen: 3523547K(3523584K)->3611971K(3612160K)
[5338.170s][info][gc,metaspace   ] GC(1365) Metaspace: 29101K(29504K)->29101K(29504K) NonClass: 24209K(24384K)->24209K(24384K) Class: 4892K(5120K)->4892K(5120K)
[5338.170s][info][gc             ] GC(1365) Pause Young (Allocation Failure) 5941M->3667M(6073M) 98.251ms
[5338.170s][info][gc,cpu         ] GC(1365) User=0.54s Sys=0.04s Real=0.10s
..[5340.374s][info][gc,start       ] GC(1366) Pause Young (Allocation Failure)
[5340.481s][info][gc,heap        ] GC(1366) PSYoungGen: 2564640K(2606592K)->148266K(2603520K) Eden: 2421248K(2421248K)->0K(2427904K) From: 143392K(185344K)->148266K(175616K)
[5340.481s][info][gc,heap        ] GC(1366) ParOldGen: 3611971K(3612160K)->3703707K(3703808K)
[5340.481s][info][gc,metaspace   ] GC(1366) Metaspace: 29101K(29504K)->29101K(29504K) NonClass: 24209K(24384K)->24209K(24384K) Class: 4892K(5120K)->4892K(5120K)
[5340.481s][info][gc             ] GC(1366) Pause Young (Allocation Failure) 6031M->3761M(6159M) 106.825ms
[5340.481s][info][gc,cpu         ] GC(1366) User=0.60s Sys=0.04s Real=0.11s
.[5341.075s][info][gc,start       ] GC(1367) Pause Full (Diagnostic Command)
[5341.075s][info][gc,phases,start] GC(1367) Marking Phase
[5341.368s][info][gc,phases      ] GC(1367) Marking Phase 293.145ms
[5341.368s][info][gc,phases,start] GC(1367) Summary Phase
[5341.368s][info][gc,phases      ] GC(1367) Summary Phase 0.062ms
[5341.368s][info][gc,phases,start] GC(1367) Forward
[5341.519s][info][gc,phases      ] GC(1367) Forward 150.273ms
[5341.519s][info][gc,phases,start] GC(1367) Adjust Pointers
[5341.718s][info][gc,phases      ] GC(1367) Adjust Pointers 199.474ms
[5341.718s][info][gc,phases,start] GC(1367) Compaction Phase
[5341.864s][info][gc,phases      ] GC(1367) Compaction Phase 145.367ms
[5341.866s][info][gc,phases,start] GC(1367) Post Compact
[5341.870s][info][gc,phases      ] GC(1367) Post Compact 4.042ms
[5341.870s][info][gc,heap        ] GC(1367) PSYoungGen: 883868K(2603520K)->0K(2603520K) Eden: 735602K(2427904K)->0K(2427904K) From: 148266K(175616K)->0K(175616K)
[5341.870s][info][gc,heap        ] GC(1367) ParOldGen: 3703707K(3703808K)->1148423K(3703808K)
[5341.870s][info][gc,metaspace   ] GC(1367) Metaspace: 29101K(29504K)->29101K(29504K) NonClass: 24209K(24384K)->24209K(24384K) Class: 4892K(5120K)->4892K(5120K)
[5341.870s][info][gc             ] GC(1367) Pause Full (Diagnostic Command) 4480M->1121M(6159M) 794.739ms
[5341.870s][info][gc,cpu         ] GC(1367) User=4.21s Sys=0.00s Real=0.80s
..[5343.459s][info][gc,start       ] GC(1368) Pause Young (Allocation Failure)
[5343.523s][info][gc,heap        ] GC(1368) PSYoungGen: 2427904K(2603520K)->140496K(2607104K) Eden: 2427904K(2427904K)->0K(2427904K) From: 0K(175616K)->140496K(179200K)
[5343.523s][info][gc,heap        ] GC(1368) ParOldGen: 1148423K(3703808K)->1148423K(3703808K)
[5343.523s][info][gc,metaspace   ] GC(1368) Metaspace: 29101K(29504K)->29101K(29504K) NonClass: 24209K(24384K)->24209K(24384K) Class: 4892K(5120K)->4892K(5120K)
[5343.523s][info][gc             ] GC(1368) Pause Young (Allocation Failure) 3492M->1258M(6163M) 64.697ms
[5343.523s][info][gc,cpu         ] GC(1368) User=0.38s Sys=0.00s Real=0.06s
..[5345.812s][info][gc,start       ] GC(1369) Pause Young (Allocation Failure)
[5345.903s][info][gc,heap        ] GC(1369) PSYoungGen: 2568400K(2607104K)->144576K(2610176K) Eden: 2427904K(2427904K)->0K(2439168K) From: 140496K(179200K)->144576K(171008K)
[5345.904s][info][gc,heap        ] GC(1369) ParOldGen: 1148423K(3703808K)->1235271K(3703808K)
[5345.904s][info][gc,metaspace   ] GC(1369) Metaspace: 29101K(29504K)->29101K(29504K) NonClass: 24209K(24384K)->24209K(24384K) Class: 4892K(5120K)->4892K(5120K)
[5345.904s][info][gc             ] GC(1369) Pause Young (Allocation Failure) 3629M->1347M(6166M) 92.017ms
[5345.904s][info][gc,cpu         ] GC(1369) User=0.54s Sys=0.00s Real=0.09s
..[5348.167s][info][gc,start       ] GC(1370) Pause Young (Allocation Failure)
[5348.263s][info][gc,heap        ] GC(1370) PSYoungGen: 2583744K(2610176K)->148859K(2614272K) Eden: 2439168K(2439168K)->0K(2439168K) From: 144576K(171008K)->148859K(175104K)
[5348.263s][info][gc,heap        ] GC(1370) ParOldGen: 1235271K(3703808K)->1328719K(3703808K)
[5348.263s][info][gc,metaspace   ] GC(1370) Metaspace: 29101K(29504K)->29101K(29504K) NonClass: 24209K(24384K)->24209K(24384K) Class: 4892K(5120K)->4892K(5120K)
[5348.263s][info][gc             ] GC(1370) Pause Young (Allocation Failure) 3729M->1442M(6170M) 96.764ms
[5348.263s][info][gc,cpu         ] GC(1370) User=0.57s Sys=0.00s Real=0.10s
...[5350.600s][info][gc,start       ] GC(1371) Pause Young (Allocation Failure)
[5350.691s][info][gc,heap        ] GC(1371) PSYoungGen: 2588027K(2614272K)->138432K(2616832K) Eden: 2439168K(2439168K)->0K(2447872K) From: 148859K(175104K)->138432K(168960K)
[5350.691s][info][gc,heap        ] GC(1371) ParOldGen: 1328719K(3703808K)->1419679K(3703808K)
[5350.691s][info][gc,metaspace   ] GC(1371) Metaspace: 29101K(29504K)->29101K(29504K) NonClass: 24209K(24384K)->24209K(24384K) Class: 4892K(5120K)->4892K(5120K)
[5350.691s][info][gc             ] GC(1371) Pause Young (Allocation Failure) 3824M->1521M(6172M) 90.936ms
[5350.691s][info][gc,cpu         ] GC(1371) User=0.54s Sys=0.00s Real=0.09s
..[5352.841s][info][gc,start       ] GC(1372) Pause Young (Allocation Failure)
[5352.935s][info][gc,heap        ] GC(1372) PSYoungGen: 2586304K(2616832K)->141056K(2619904K) Eden: 2447872K(2447872K)->0K(2447872K) From: 138432K(168960K)->141056K(172032K)
[5352.935s][info][gc,heap        ] GC(1372) ParOldGen: 1419679K(3703808K)->1511015K(3703808K)
[5352.935s][info][gc,metaspace   ] GC(1372) Metaspace: 29101K(29504K)->29101K(29504K) NonClass: 24209K(24384K)->24209K(24384K) Class: 4892K(5120K)->4892K(5120K)
[5352.935s][info][gc             ] GC(1372) Pause Young (Allocation Failure) 3912M->1613M(6175M) 94.806ms
[5352.935s][info][gc,cpu         ] GC(1372) User=0.56s Sys=0.00s Real=0.09s
..[5355.250s][info][gc,start       ] GC(1373) Pause Young (Allocation Failure)
[5355.344s][info][gc,heap        ] GC(1373) PSYoungGen: 2588928K(2619904K)->140340K(2619392K) Eden: 2447872K(2447872K)->0K(2453504K) From: 141056K(172032K)->140340K(165888K)
[5355.344s][info][gc,heap        ] GC(1373) ParOldGen: 1511015K(3703808K)->1601919K(3703808K)
[5355.344s][info][gc,metaspace   ] GC(1373) Metaspace: 29101K(29504K)->29101K(29504K) NonClass: 24209K(24384K)->24209K(24384K) Class: 4892K(5120K)->4892K(5120K)
[5355.344s][info][gc             ] GC(1373) Pause Young (Allocation Failure) 4003M->1701M(6175M) 94.277ms
[5355.344s][info][gc,cpu         ] GC(1373) User=0.56s Sys=0.00s Real=0.09s
... (rIR:aIR:PR = 8441:8424:8424) (tPR = 124754) [OK] 
  5357s: Performance info:
         Transaction,    Success,    Partial,     Failed,   Receipts, AvgBarcode, 
             Overall,     510983,          0,          0,     485257,      59.47, 
         Response times:
             Request,    Success,    Partial,     Failed,   SkipFail,     Probes,    Samples,      min,      p50,      p90,      p95,      p99,      max, 
       TotalPurchase,     485251,          0,          0,          0,     356763,     413364,      300,     5800,    25000,    55000,   620000,   870000,
     InStorePurchase,     255591,          0,          0,          0,     186778,     216443,      300,     5900,    25000,    56000,   620000,   870000,
      OnlinePurchase,     178153,          0,          0,          0,     132157,     152906,      300,     5800,    25000,    54000,   620000,   870000,
        InstPurchase,      51507,          0,          0,          0,      37828,      44015,      400,     5700,    24000,    54000,   620000,   870000,
          AssocOfCat,        512,          0,          0,          0,        418,        583,    21000,    38000,    69600,   132600,   690000,   800000,
      AssocOfProduct,       5155,          0,          0,          0,       3645,       4446,      600,     6100,    26000,    57000,   686500,   870000,
      BusinessReport,       1278,          0,          0,          0,       1115,       1406,    27000,    48000,    88000,   146950,   660000,   840000,
          CustBuyBeh,       5139,          0,          0,          0,       3545,       4315,      600,     4600,    24000,    53000,   610000,   860000,
       ProductReturn,      13647,          0,          0,          0,       9294,      11027,      200,     5400,    24000,    50000,   624400,   790000,

  5357s: (62%)   IR =   8579 [5357.601s][info][gc,start       ] GC(1374) Pause Young (Allocation Failure)
[5357.693s][info][gc,heap        ] GC(1374) PSYoungGen: 2593844K(2619392K)->138975K(2622464K) Eden: 2453504K(2453504K)->0K(2453504K) From: 140340K(165888K)->138975K(168960K)
[5357.693s][info][gc,heap        ] GC(1374) ParOldGen: 1601919K(3703808K)->1693279K(3703808K)
[5357.693s][info][gc,metaspace   ] GC(1374) Metaspace: 29101K(29504K)->29101K(29504K) NonClass: 24209K(24384K)->24209K(24384K) Class: 4892K(5120K)->4892K(5120K)
[5357.693s][info][gc             ] GC(1374) Pause Young (Allocation Failure) 4097M->1789M(6178M) 92.188ms
[5357.693s][info][gc,cpu         ] GC(1374) User=0.55s Sys=0.00s Real=0.09s
..[5360.007s][info][gc,start       ] GC(1375) Pause Young (Allocation Failure)
[5360.105s][info][gc,heap        ] GC(1375) PSYoungGen: 2592479K(2622464K)->150626K(2626048K) Eden: 2453504K(2453504K)->0K(2459136K) From: 138975K(168960K)->150626K(166912K)
[5360.105s][info][gc,heap        ] GC(1375) ParOldGen: 1693279K(3703808K)->1784278K(3703808K)
[5360.105s][info][gc,metaspace   ] GC(1375) Metaspace: 29101K(29504K)->29101K(29504K) NonClass: 24209K(24384K)->24209K(24384K) Class: 4892K(5120K)->4892K(5120K)
[5360.105s][info][gc             ] GC(1375) Pause Young (Allocation Failure) 4185M->1889M(6181M) 98.358ms
[5360.105s][info][gc,cpu         ] GC(1375) User=0.58s Sys=0.00s Real=0.10s
..[5362.341s][info][gc,start       ] GC(1376) Pause Young (Allocation Failure)
[5362.433s][info][gc,heap        ] GC(1376) PSYoungGen: 2609762K(2626048K)->137376K(2627072K) Eden: 2459136K(2459136K)->0K(2459136K) From: 150626K(166912K)->137376K(167936K)
[5362.433s][info][gc,heap        ] GC(1376) ParOldGen: 1784278K(3703808K)->1877126K(3703808K)
[5362.433s][info][gc,metaspace   ] GC(1376) Metaspace: 29101K(29504K)->29101K(29504K) NonClass: 24209K(24384K)->24209K(24384K) Class: 4892K(5120K)->4892K(5120K)
[5362.433s][info][gc             ] GC(1376) Pause Young (Allocation Failure) 4291M->1967M(6182M) 91.416ms
[5362.433s][info][gc,cpu         ] GC(1376) User=0.54s Sys=0.00s Real=0.09s
...[5364.622s][info][gc,start       ] GC(1377) Pause Young (Allocation Failure)
[5364.716s][info][gc,heap        ] GC(1377) PSYoungGen: 2596512K(2627072K)->142464K(2624000K) Eden: 2459136K(2459136K)->0K(2461184K) From: 137376K(167936K)->142464K(162816K)
[5364.716s][info][gc,heap        ] GC(1377) ParOldGen: 1877126K(3703808K)->1967622K(3703808K)
[5364.716s][info][gc,metaspace   ] GC(1377) Metaspace: 29101K(29504K)->29101K(29504K) NonClass: 24209K(24384K)->24209K(24384K) Class: 4892K(5120K)->4892K(5120K)
[5364.716s][info][gc             ] GC(1377) Pause Young (Allocation Failure) 4368M->2060M(6179M) 93.812ms
[5364.716s][info][gc,cpu         ] GC(1377) User=0.56s Sys=0.00s Real=0.09s
.|.[5367.002s][info][gc,start       ] GC(1378) Pause Young (Allocation Failure)
[5367.097s][info][gc,heap        ] GC(1378) PSYoungGen: 2603648K(2624000K)->147776K(2626048K) Eden: 2461184K(2461184K)->0K(2461184K) From: 142464K(162816K)->147776K(164864K)
[5367.097s][info][gc,heap        ] GC(1378) ParOldGen: 1967622K(3703808K)->2058918K(3703808K)
[5367.097s][info][gc,metaspace   ] GC(1378) Metaspace: 29101K(29504K)->29101K(29504K) NonClass: 24209K(24384K)->24209K(24384K) Class: 4892K(5120K)->4892K(5120K)
[5367.097s][info][gc             ] GC(1378) Pause Young (Allocation Failure) 4464M->2154M(6181M) 95.042ms
[5367.097s][info][gc,cpu         ] GC(1378) User=0.56s Sys=0.00s Real=0.10s
..[5369.371s][info][gc,start       ] GC(1379) Pause Young (Allocation Failure)
[5369.463s][info][gc,heap        ] GC(1379) PSYoungGen: 2608960K(2626048K)->135360K(2629632K) Eden: 2461184K(2461184K)->0K(2466816K) From: 147776K(164864K)->135360K(162816K)
[5369.463s][info][gc,heap        ] GC(1379) ParOldGen: 2058918K(3703808K)->2149470K(3703808K)
[5369.463s][info][gc,metaspace   ] GC(1379) Metaspace: 29101K(29504K)->29101K(29504K) NonClass: 24209K(24384K)->24209K(24384K) Class: 4892K(5120K)->4892K(5120K)
[5369.463s][info][gc             ] GC(1379) Pause Young (Allocation Failure) 4558M->2231M(6185M) 91.773ms
[5369.463s][info][gc,cpu         ] GC(1379) User=0.54s Sys=0.00s Real=0.09s
...[5371.736s][info][gc,start       ] GC(1380) Pause Young (Allocation Failure)
[5371.830s][info][gc,heap        ] GC(1380) PSYoungGen: 2602176K(2629632K)->141856K(2630656K) Eden: 2466816K(2466816K)->0K(2466816K) From: 135360K(162816K)->141856K(163840K)
[5371.830s][info][gc,heap        ] GC(1380) ParOldGen: 2149470K(3703808K)->2239566K(3703808K)
[5371.830s][info][gc,metaspace   ] GC(1380) Metaspace: 29101K(29504K)->29101K(29504K) NonClass: 24209K(24384K)->24209K(24384K) Class: 4892K(5120K)->4892K(5120K)
[5371.830s][info][gc             ] GC(1380) Pause Young (Allocation Failure) 4640M->2325M(6186M) 94.394ms
[5371.830s][info][gc,cpu         ] GC(1380) User=0.56s Sys=0.00s Real=0.10s
..[5374.025s][info][gc,start       ] GC(1381) Pause Young (Allocation Failure)
[5374.122s][info][gc,heap        ] GC(1381) PSYoungGen: 2608672K(2630656K)->148672K(2631680K) Eden: 2466816K(2466816K)->0K(2469376K) From: 141856K(163840K)->148672K(162304K)
[5374.122s][info][gc,heap        ] GC(1381) ParOldGen: 2239566K(3703808K)->2331166K(3703808K)
[5374.122s][info][gc,metaspace   ] GC(1381) Metaspace: 29101K(29504K)->29101K(29504K) NonClass: 24209K(24384K)->24209K(24384K) Class: 4892K(5120K)->4892K(5120K)
[5374.122s][info][gc             ] GC(1381) Pause Young (Allocation Failure) 4734M->2421M(6187M) 96.774ms
[5374.122s][info][gc,cpu         ] GC(1381) User=0.58s Sys=0.00s Real=0.10s
..[5376.349s][info][gc,start       ] GC(1382) Pause Young (Allocation Failure)
[5376.444s][info][gc,heap        ] GC(1382) PSYoungGen: 2618048K(2631680K)->143968K(2631680K) Eden: 2469376K(2469376K)->0K(2469376K) From: 148672K(162304K)->143968K(162304K)
[5376.444s][info][gc,heap        ] GC(1382) ParOldGen: 2331166K(3703808K)->2423374K(3703808K)
[5376.444s][info][gc,metaspace   ] GC(1382) Metaspace: 29101K(29504K)->29101K(29504K) NonClass: 24209K(24384K)->24209K(24384K) Class: 4892K(5120K)->4892K(5120K)
[5376.444s][info][gc             ] GC(1382) Pause Young (Allocation Failure) 4833M->2507M(6187M) 94.743ms
[5376.444s][info][gc,cpu         ] GC(1382) User=0.56s Sys=0.00s Real=0.09s
...[5378.714s][info][gc,start       ] GC(1383) Pause Young (Allocation Failure)
[5378.811s][info][gc,heap        ] GC(1383) PSYoungGen: 2613344K(2631680K)->146036K(2632704K) Eden: 2469376K(2469376K)->0K(2472448K) From: 143968K(162304K)->146036K(160256K)
[5378.811s][info][gc,heap        ] GC(1383) ParOldGen: 2423374K(3703808K)->2514974K(3703808K)
[5378.811s][info][gc,metaspace   ] GC(1383) Metaspace: 29101K(29504K)->29101K(29504K) NonClass: 24209K(24384K)->24209K(24384K) Class: 4892K(5120K)->4892K(5120K)
[5378.811s][info][gc             ] GC(1383) Pause Young (Allocation Failure) 4918M->2598M(6188M) 96.528ms
[5378.811s][info][gc,cpu         ] GC(1383) User=0.57s Sys=0.00s Real=0.10s
..[5381.050s][info][gc,start       ] GC(1384) Pause Young (Allocation Failure)
[5381.152s][info][gc,heap        ] GC(1384) PSYoungGen: 2618484K(2632704K)->157157K(2632192K) Eden: 2472448K(2472448K)->0K(2472448K) From: 146036K(160256K)->157157K(159744K)
[5381.152s][info][gc,heap        ] GC(1384) ParOldGen: 2514974K(3703808K)->2607806K(3703808K)
[5381.152s][info][gc,metaspace   ] GC(1384) Metaspace: 29101K(29504K)->29101K(29504K) NonClass: 24209K(24384K)->24209K(24384K) Class: 4892K(5120K)->4892K(5120K)
[5381.152s][info][gc             ] GC(1384) Pause Young (Allocation Failure) 5013M->2700M(6187M) 101.858ms
[5381.152s][info][gc,cpu         ] GC(1384) User=0.60s Sys=0.00s Real=0.10s
..[5383.380s][info][gc,start       ] GC(1385) Pause Young (Allocation Failure)
[5383.472s][info][gc,heap        ] GC(1385) PSYoungGen: 2629605K(2632192K)->136160K(2633216K) Eden: 2472448K(2472448K)->0K(2470400K) From: 157157K(159744K)->136160K(162816K)
[5383.472s][info][gc,heap        ] GC(1385) ParOldGen: 2607806K(3703808K)->2699614K(3703808K)
[5383.472s][info][gc,metaspace   ] GC(1385) Metaspace: 29101K(29504K)->29101K(29504K) NonClass: 24209K(24384K)->24209K(24384K) Class: 4892K(5120K)->4892K(5120K)
[5383.472s][info][gc             ] GC(1385) Pause Young (Allocation Failure) 5114M->2769M(6188M) 91.923ms
[5383.472s][info][gc,cpu         ] GC(1385) User=0.54s Sys=0.01s Real=0.09s
...[5385.723s][info][gc,start       ] GC(1386) Pause Young (Allocation Failure)
[5385.819s][info][gc,heap        ] GC(1386) PSYoungGen: 2606560K(2633216K)->145296K(2615808K) Eden: 2470400K(2470400K)->0K(2470400K) From: 136160K(162816K)->145296K(145408K)
[5385.819s][info][gc,heap        ] GC(1386) ParOldGen: 2699614K(3703808K)->2789854K(3703808K)
[5385.819s][info][gc,metaspace   ] GC(1386) Metaspace: 29101K(29504K)->29101K(29504K) NonClass: 24209K(24384K)->24209K(24384K) Class: 4892K(5120K)->4892K(5120K)
[5385.819s][info][gc             ] GC(1386) Pause Young (Allocation Failure) 5181M->2866M(6171M) 95.655ms
[5385.819s][info][gc,cpu         ] GC(1386) User=0.57s Sys=0.00s Real=0.10s
..[5388.037s][info][gc,start       ] GC(1387) Pause Young (Allocation Failure)
[5388.131s][info][gc,heap        ] GC(1387) PSYoungGen: 2615696K(2615808K)->142016K(2632704K) Eden: 2470400K(2470400K)->0K(2471424K) From: 145296K(145408K)->142016K(161280K)
[5388.131s][info][gc,heap        ] GC(1387) ParOldGen: 2789854K(3703808K)->2882174K(3703808K)
[5388.131s][info][gc,metaspace   ] GC(1387) Metaspace: 29101K(29504K)->29101K(29504K) NonClass: 24209K(24384K)->24209K(24384K) Class: 4892K(5120K)->4892K(5120K)
[5388.131s][info][gc             ] GC(1387) Pause Young (Allocation Failure) 5278M->2953M(6188M) 93.886ms
[5388.131s][info][gc,cpu         ] GC(1387) User=0.56s Sys=0.00s Real=0.10s
..[5390.480s][info][gc,start       ] GC(1388) Pause Young (Allocation Failure)
[5390.574s][info][gc,heap        ] GC(1388) PSYoungGen: 2613440K(2632704K)->143040K(2631680K) Eden: 2471424K(2471424K)->0K(2471424K) From: 142016K(161280K)->143040K(160256K)
[5390.574s][info][gc,heap        ] GC(1388) ParOldGen: 2882174K(3703808K)->2972174K(3703808K)
[5390.575s][info][gc,metaspace   ] GC(1388) Metaspace: 29101K(29504K)->29101K(29504K) NonClass: 24209K(24384K)->24209K(24384K) Class: 4892K(5120K)->4892K(5120K)
[5390.575s][info][gc             ] GC(1388) Pause Young (Allocation Failure) 5366M->3042M(6187M) 94.719ms
[5390.575s][info][gc,cpu         ] GC(1388) User=0.56s Sys=0.00s Real=0.09s
...[5392.876s][info][gc,start       ] GC(1389) Pause Young (Allocation Failure)
[5392.972s][info][gc,heap        ] GC(1389) PSYoungGen: 2614464K(2631680K)->144560K(2634240K) Eden: 2471424K(2471424K)->0K(2475520K) From: 143040K(160256K)->144560K(158720K)
[5392.972s][info][gc,heap        ] GC(1389) ParOldGen: 2972174K(3703808K)->3066046K(3703808K)
[5392.972s][info][gc,metaspace   ] GC(1389) Metaspace: 29101K(29504K)->29101K(29504K) NonClass: 24209K(24384K)->24209K(24384K) Class: 4892K(5120K)->4892K(5120K)
[5392.972s][info][gc             ] GC(1389) Pause Young (Allocation Failure) 5455M->3135M(6189M) 95.633ms
[5392.972s][info][gc,cpu         ] GC(1389) User=0.56s Sys=0.00s Real=0.10s
..[5395.203s][info][gc,start       ] GC(1390) Pause Young (Allocation Failure)
[5395.304s][info][gc,heap        ] GC(1390) PSYoungGen: 2620080K(2634240K)->154891K(2633216K) Eden: 2475520K(2475520K)->0K(2475520K) From: 144560K(158720K)->154891K(157696K)
[5395.304s][info][gc,heap        ] GC(1390) ParOldGen: 3066046K(3703808K)->3156294K(3703808K)
[5395.304s][info][gc,metaspace   ] GC(1390) Metaspace: 29101K(29504K)->29101K(29504K) NonClass: 24209K(24384K)->24209K(24384K) Class: 4892K(5120K)->4892K(5120K)
[5395.304s][info][gc             ] GC(1390) Pause Young (Allocation Failure) 5552M->3233M(6188M) 101.733ms
[5395.305s][info][gc,cpu         ] GC(1390) User=0.60s Sys=0.00s Real=0.10s
..[5397.641s][info][gc,start       ] GC(1391) Pause Young (Allocation Failure)
[5397.739s][info][gc,heap        ] GC(1391) PSYoungGen: 2630411K(2633216K)->145525K(2636800K) Eden: 2475520K(2475520K)->0K(2477056K) From: 154891K(157696K)->145525K(159744K)
[5397.739s][info][gc,heap        ] GC(1391) ParOldGen: 3156294K(3703808K)->3247022K(3703808K)
[5397.739s][info][gc,metaspace   ] GC(1391) Metaspace: 29101K(29504K)->29101K(29504K) NonClass: 24209K(24384K)->24209K(24384K) Class: 4892K(5120K)->4892K(5120K)
[5397.739s][info][gc             ] GC(1391) Pause Young (Allocation Failure) 5651M->3313M(6192M) 97.980ms
[5397.739s][info][gc,cpu         ] GC(1391) User=0.58s Sys=0.00s Real=0.10s
...[5399.986s][info][gc,start       ] GC(1392) Pause Young (Allocation Failure)
[5400.083s][info][gc,heap        ] GC(1392) PSYoungGen: 2622581K(2636800K)->147092K(2635776K) Eden: 2477056K(2477056K)->0K(2477056K) From: 145525K(159744K)->147092K(158720K)
[5400.083s][info][gc,heap        ] GC(1392) ParOldGen: 3247022K(3703808K)->3338582K(3703808K)
[5400.083s][info][gc,metaspace   ] GC(1392) Metaspace: 29101K(29504K)->29101K(29504K) NonClass: 24209K(24384K)->24209K(24384K) Class: 4892K(5120K)->4892K(5120K)
[5400.083s][info][gc             ] GC(1392) Pause Young (Allocation Failure) 5732M->3403M(6191M) 96.981ms
[5400.083s][info][gc,cpu         ] GC(1392) User=0.57s Sys=0.00s Real=0.10s
..[5402.277s][info][gc,start       ] GC(1393) Pause Young (Allocation Failure)
[5402.370s][info][gc,heap        ] GC(1393) PSYoungGen: 2624148K(2635776K)->139808K(2636288K) Eden: 2477056K(2477056K)->0K(2478080K) From: 147092K(158720K)->139808K(158208K)
[5402.370s][info][gc,heap        ] GC(1393) ParOldGen: 3338582K(3703808K)->3428974K(3703808K)
[5402.370s][info][gc,metaspace   ] GC(1393) Metaspace: 29101K(29504K)->29101K(29504K) NonClass: 24209K(24384K)->24209K(24384K) Class: 4892K(5120K)->4892K(5120K)
[5402.370s][info][gc             ] GC(1393) Pause Young (Allocation Failure) 5822M->3485M(6191M) 93.232ms
[5402.370s][info][gc,cpu         ] GC(1393) User=0.54s Sys=0.00s Real=0.10s
..[5404.659s][info][gc,start       ] GC(1394) Pause Young (Allocation Failure)
[5404.759s][info][gc,heap        ] GC(1394) PSYoungGen: 2617888K(2636288K)->147497K(2635776K) Eden: 2478080K(2478080K)->0K(2478080K) From: 139808K(158208K)->147497K(157696K)
[5404.759s][info][gc,heap        ] GC(1394) ParOldGen: 3428974K(3703808K)->3521598K(3703808K)
[5404.759s][info][gc,metaspace   ] GC(1394) Metaspace: 29101K(29504K)->29101K(29504K) NonClass: 24209K(24384K)->24209K(24384K) Class: 4892K(5120K)->4892K(5120K)
[5404.759s][info][gc             ] GC(1394) Pause Young (Allocation Failure) 5905M->3583M(6191M) 99.424ms
[5404.759s][info][gc,cpu         ] GC(1394) User=0.59s Sys=0.00s Real=0.10s
...[5406.975s][info][gc,start       ] GC(1395) Pause Young (Allocation Failure)
[5407.072s][info][gc,heap        ] GC(1395) PSYoungGen: 2625577K(2635776K)->145792K(2637824K) Eden: 2478080K(2478080K)->0K(2480640K) From: 147497K(157696K)->145792K(157184K)
[5407.072s][info][gc,heap        ] GC(1395) ParOldGen: 3521598K(3703808K)->3612870K(3703808K)
[5407.072s][info][gc,metaspace   ] GC(1395) Metaspace: 29101K(29504K)->29101K(29504K) NonClass: 24209K(24384K)->24209K(24384K) Class: 4892K(5120K)->4892K(5120K)
[5407.072s][info][gc             ] GC(1395) Pause Young (Allocation Failure) 6003M->3670M(6193M) 96.677ms
[5407.072s][info][gc,cpu         ] GC(1395) User=0.57s Sys=0.00s Real=0.10s
..[5409.321s][info][gc,start       ] GC(1396) Pause Young (Allocation Failure)
[5409.416s][info][gc,heap        ] GC(1396) PSYoungGen: 2626432K(2637824K)->139008K(2637312K) Eden: 2480640K(2480640K)->0K(2480640K) From: 145792K(157184K)->139008K(156672K)
[5409.416s][info][gc,heap        ] GC(1396) ParOldGen: 3612870K(3703808K)->3706990K(3707392K)
[5409.416s][info][gc,metaspace   ] GC(1396) Metaspace: 29101K(29504K)->29101K(29504K) NonClass: 24209K(24384K)->24209K(24384K) Class: 4892K(5120K)->4892K(5120K)
[5409.416s][info][gc             ] GC(1396) Pause Young (Allocation Failure) 6093M->3755M(6196M) 95.047ms
[5409.416s][info][gc,cpu         ] GC(1396) User=0.56s Sys=0.00s Real=0.09s
..[5411.722s][info][gc,start       ] GC(1397) Pause Young (Allocation Failure)
[5411.821s][info][gc,heap        ] GC(1397) PSYoungGen: 2619648K(2637312K)->142464K(2637824K) Eden: 2480640K(2480640K)->0K(2482688K) From: 139008K(156672K)->142464K(155136K)
[5411.821s][info][gc,heap        ] GC(1397) ParOldGen: 3706990K(3707392K)->3795870K(3795968K)
[5411.821s][info][gc,metaspace   ] GC(1397) Metaspace: 29101K(29504K)->29101K(29504K) NonClass: 24209K(24384K)->24209K(24384K) Class: 4892K(5120K)->4892K(5120K)
[5411.821s][info][gc             ] GC(1397) Pause Young (Allocation Failure) 6178M->3846M(6283M) 99.290ms
[5411.821s][info][gc,cpu         ] GC(1397) User=0.57s Sys=0.02s Real=0.10s
...[5414.159s][info][gc,start       ] GC(1398) Pause Young (Allocation Failure)
[5414.267s][info][gc,heap        ] GC(1398) PSYoungGen: 2625152K(2637824K)->155620K(2638336K) Eden: 2482688K(2482688K)->0K(2482688K) From: 142464K(155136K)->155620K(155648K)
[5414.267s][info][gc,heap        ] GC(1398) ParOldGen: 3795870K(3795968K)->3892054K(3892224K)
[5414.267s][info][gc,metaspace   ] GC(1398) Metaspace: 29101K(29504K)->29101K(29504K) NonClass: 24209K(24384K)->24209K(24384K) Class: 4892K(5120K)->4892K(5120K)
[5414.267s][info][gc             ] GC(1398) Pause Young (Allocation Failure) 6270M->3952M(6377M) 108.427ms
[5414.267s][info][gc,cpu         ] GC(1398) User=0.61s Sys=0.03s Real=0.10s
..[5416.443s][info][gc,start       ] GC(1399) Pause Young (Allocation Failure)
[5416.542s][info][gc,heap        ] GC(1399) PSYoungGen: 2638308K(2638336K)->141860K(2568704K) Eden: 2482688K(2482688K)->0K(2411008K) From: 155620K(155648K)->141860K(157696K)
[5416.542s][info][gc,heap        ] GC(1399) ParOldGen: 3892054K(3892224K)->3983702K(3983872K)
[5416.542s][info][gc,metaspace   ] GC(1399) Metaspace: 29101K(29504K)->29101K(29504K) NonClass: 24209K(24384K)->24209K(24384K) Class: 4892K(5120K)->4892K(5120K)
[5416.542s][info][gc             ] GC(1399) Pause Young (Allocation Failure) 6377M->4028M(6399M) 98.816ms
[5416.542s][info][gc,cpu         ] GC(1399) User=0.56s Sys=0.03s Real=0.10s
..[5418.828s][info][gc,start       ] GC(1400) Pause Young (Allocation Failure)
[5418.930s][info][gc,heap        ] GC(1400) PSYoungGen: 2552868K(2568704K)->144052K(2603520K) Eden: 2411008K(2411008K)->0K(2411008K) From: 141860K(157696K)->144052K(192512K)
[5418.930s][info][gc,heap        ] GC(1400) ParOldGen: 3983702K(3983872K)->4074214K(4074496K)
[5418.930s][info][gc,metaspace   ] GC(1400) Metaspace: 29101K(29504K)->29101K(29504K) NonClass: 24209K(24384K)->24209K(24384K) Class: 4892K(5120K)->4892K(5120K)
[5418.930s][info][gc             ] GC(1400) Pause Young (Allocation Failure) 6383M->4119M(6521M) 101.495ms
[5418.930s][info][gc,cpu         ] GC(1400) User=0.57s Sys=0.03s Real=0.10s
...[5421.115s][info][gc,start       ] GC(1401) Pause Young (Allocation Failure)
[5421.218s][info][gc,heap        ] GC(1401) PSYoungGen: 2555060K(2603520K)->149680K(2595328K) Eden: 2411008K(2411008K)->0K(2413056K) From: 144052K(192512K)->149680K(182272K)
[5421.218s][info][gc,heap        ] GC(1401) ParOldGen: 4074214K(4074496K)->4164606K(4164608K)
[5421.218s][info][gc,metaspace   ] GC(1401) Metaspace: 29101K(29504K)->29101K(29504K) NonClass: 24209K(24384K)->24209K(24384K) Class: 4892K(5120K)->4892K(5120K)
[5421.218s][info][gc             ] GC(1401) Pause Young (Allocation Failure) 6473M->4213M(6601M) 102.491ms
[5421.218s][info][gc,cpu         ] GC(1401) User=0.57s Sys=0.03s Real=0.11s
..[5423.443s][info][gc,start       ] GC(1402) Pause Young (Allocation Failure)
[5423.543s][info][gc,heap        ] GC(1402) PSYoungGen: 2562736K(2595328K)->140688K(2600448K) Eden: 2413056K(2413056K)->0K(2413056K) From: 149680K(182272K)->140688K(187392K)
[5423.543s][info][gc,heap        ] GC(1402) ParOldGen: 4164606K(4164608K)->4253750K(4254208K)
[5423.543s][info][gc,metaspace   ] GC(1402) Metaspace: 29101K(29504K)->29101K(29504K) NonClass: 24209K(24384K)->24209K(24384K) Class: 4892K(5120K)->4892K(5120K)
[5423.543s][info][gc             ] GC(1402) Pause Young (Allocation Failure) 6569M->4291M(6694M) 100.415ms
[5423.543s][info][gc,cpu         ] GC(1402) User=0.57s Sys=0.02s Real=0.10s
..[5425.699s][info][gc,start       ] GC(1403) Pause Young (Allocation Failure)
[5425.798s][info][gc,heap        ] GC(1403) PSYoungGen: 2553744K(2600448K)->140352K(2604032K) Eden: 2413056K(2413056K)->0K(2422784K) From: 140688K(187392K)->140352K(181248K)
[5425.798s][info][gc,heap        ] GC(1403) ParOldGen: 4253750K(4254208K)->4343830K(4344320K)
[5425.798s][info][gc,metaspace   ] GC(1403) Metaspace: 29101K(29504K)->29101K(29504K) NonClass: 24209K(24384K)->24209K(24384K) Class: 4892K(5120K)->4892K(5120K)
[5425.798s][info][gc             ] GC(1403) Pause Young (Allocation Failure) 6647M->4379M(6785M) 98.343ms
[5425.798s][info][gc,cpu         ] GC(1403) User=0.55s Sys=0.03s Real=0.10s
. (rIR:aIR:PR = 8579:8539:8539) (tPR = 128178) [OK] 
  5425s: Performance info:
         Transaction,    Success,    Partial,     Failed,   Receipts, AvgBarcode, 
             Overall,     516393,          0,          0,     490640,      59.47, 
         Response times:
             Request,    Success,    Partial,     Failed,   SkipFail,     Probes,    Samples,      min,      p50,      p90,      p95,      p99,      max, 
       TotalPurchase,     490640,          0,          0,          0,     361447,     413121,      300,     5700,    18900,    39000,    77000,   185000,
     InStorePurchase,     255825,          0,          0,          0,     190010,     216726,      300,     5600,    18800,    39000,    77000,   185000,
      OnlinePurchase,     182553,          0,          0,          0,     132757,     151730,      300,     5800,    19200,    39000,    77000,   175000,
        InstPurchase,      52262,          0,          0,          0,      38680,      44665,      400,     6000,    18300,    39000,    78000,   167000,
          AssocOfCat,        513,          0,          0,          0,        416,        580,    22000,    38000,    59000,    71950,   140140,   225000,
      AssocOfProduct,       5142,          0,          0,          0,       3744,       4453,      700,     6500,    22000,    43000,    92000,   208000,
      BusinessReport,       1296,          0,          0,          0,       1155,       1445,    26000,    46000,    76000,   103700,   162080,   203000,
          CustBuyBeh,       5228,          0,          0,          0,       3753,       4516,      200,     4000,    14930,    37000,    65000,   153000,
       ProductReturn,      13574,          0,          0,          0,       9732,      11361,      200,     5500,    19680,    40000,    77380,   168000,

  5425s: (63%)   IR =   8717 .[5427.996s][info][gc,start       ] GC(1404) Pause Young (Allocation Failure)
[5428.098s][info][gc,heap        ] GC(1404) PSYoungGen: 2563136K(2604032K)->145284K(2607104K) Eden: 2422784K(2422784K)->0K(2422784K) From: 140352K(181248K)->145284K(184320K)
[5428.098s][info][gc,heap        ] GC(1404) ParOldGen: 4343830K(4344320K)->4435838K(4435968K)
[5428.098s][info][gc,metaspace   ] GC(1404) Metaspace: 29101K(29504K)->29101K(29504K) NonClass: 24209K(24384K)->24209K(24384K) Class: 4892K(5120K)->4892K(5120K)
[5428.098s][info][gc             ] GC(1404) Pause Young (Allocation Failure) 6745M->4473M(6878M) 101.448ms
[5428.098s][info][gc,cpu         ] GC(1404) User=0.57s Sys=0.03s Real=0.11s
...[5430.304s][info][gc,start       ] GC(1405) Pause Young (Allocation Failure)
[5430.405s][info][gc,heap        ] GC(1405) PSYoungGen: 2568068K(2607104K)->141268K(2608128K) Eden: 2422784K(2422784K)->0K(2429952K) From: 145284K(184320K)->141268K(178176K)
[5430.405s][info][gc,heap        ] GC(1405) ParOldGen: 4435838K(4435968K)->4526494K(4526592K)
[5430.405s][info][gc,metaspace   ] GC(1405) Metaspace: 29101K(29504K)->29101K(29504K) NonClass: 24209K(24384K)->24209K(24384K) Class: 4892K(5120K)->4892K(5120K)
[5430.405s][info][gc             ] GC(1405) Pause Young (Allocation Failure) 6839M->4558M(6967M) 101.054ms
[5430.405s][info][gc,cpu         ] GC(1405) User=0.57s Sys=0.02s Real=0.10s
..|[5432.532s][info][gc,start       ] GC(1406) Pause Young (Allocation Failure)
[5432.632s][info][gc,heap        ] GC(1406) PSYoungGen: 2571220K(2608128K)->139712K(2610176K) Eden: 2429952K(2429952K)->0K(2429952K) From: 141268K(178176K)->139712K(180224K)
[5432.632s][info][gc,heap        ] GC(1406) ParOldGen: 4526494K(4526592K)->4616262K(4616704K)
[5432.632s][info][gc,metaspace   ] GC(1406) Metaspace: 29101K(29504K)->29101K(29504K) NonClass: 24209K(24384K)->24209K(24384K) Class: 4892K(5120K)->4892K(5120K)
[5432.632s][info][gc             ] GC(1406) Pause Young (Allocation Failure) 6931M->4644M(7057M) 99.984ms
[5432.632s][info][gc,cpu         ] GC(1406) User=0.56s Sys=0.02s Real=0.10s
..[5434.875s][info][gc,start       ] GC(1407) Pause Young (Allocation Failure)
[5434.978s][info][gc,heap        ] GC(1407) PSYoungGen: 2569664K(2610176K)->146192K(2609152K) Eden: 2429952K(2429952K)->0K(2437120K) From: 139712K(180224K)->146192K(172032K)
[5434.978s][info][gc,heap        ] GC(1407) ParOldGen: 4616262K(4616704K)->4706078K(4706304K)
[5434.978s][info][gc,metaspace   ] GC(1407) Metaspace: 29101K(29504K)->29101K(29504K) NonClass: 24209K(24384K)->24209K(24384K) Class: 4892K(5120K)->4892K(5120K)
[5434.978s][info][gc             ] GC(1407) Pause Young (Allocation Failure) 7017M->4738M(7144M) 103.128ms
[5434.978s][info][gc,cpu         ] GC(1407) User=0.58s Sys=0.02s Real=0.11s
...[5437.157s][info][gc,start       ] GC(1408) Pause Young (Allocation Failure)
[5437.259s][info][gc,heap        ] GC(1408) PSYoungGen: 2583312K(2609152K)->145952K(2612736K) Eden: 2437120K(2437120K)->0K(2437120K) From: 146192K(172032K)->145952K(175616K)
[5437.259s][info][gc,heap        ] GC(1408) ParOldGen: 4706078K(4706304K)->4797806K(4797952K)
[5437.259s][info][gc,metaspace   ] GC(1408) Metaspace: 29101K(29504K)->29101K(29504K) NonClass: 24209K(24384K)->24209K(24384K) Class: 4892K(5120K)->4892K(5120K)
[5437.259s][info][gc             ] GC(1408) Pause Young (Allocation Failure) 7118M->4827M(7237M) 102.887ms
[5437.260s][info][gc,cpu         ] GC(1408) User=0.58s Sys=0.03s Real=0.11s
..[5439.384s][info][gc,start       ] GC(1409) Pause Young (Allocation Failure)
[5439.485s][info][gc,heap        ] GC(1409) PSYoungGen: 2583072K(2612736K)->140692K(2615808K) Eden: 2437120K(2437120K)->0K(2446848K) From: 145952K(175616K)->140692K(168960K)
[5439.485s][info][gc,heap        ] GC(1409) ParOldGen: 4797806K(4797952K)->4891206K(4891648K)
[5439.485s][info][gc,metaspace   ] GC(1409) Metaspace: 29101K(29504K)->29101K(29504K) NonClass: 24209K(24384K)->24209K(24384K) Class: 4892K(5120K)->4892K(5120K)
[5439.485s][info][gc             ] GC(1409) Pause Young (Allocation Failure) 7207M->4913M(7331M) 101.219ms
[5439.485s][info][gc,cpu         ] GC(1409) User=0.57s Sys=0.02s Real=0.10s
..[5441.756s][info][gc,start       ] GC(1410) Pause Young (Allocation Failure)
[5441.858s][info][gc,heap        ] GC(1410) PSYoungGen: 2587540K(2615808K)->144064K(2618880K) Eden: 2446848K(2446848K)->0K(2446848K) From: 140692K(168960K)->144064K(172032K)
[5441.858s][info][gc,heap        ] GC(1410) ParOldGen: 4891206K(4891648K)->4980774K(4981248K)
[5441.858s][info][gc,metaspace   ] GC(1410) Metaspace: 29101K(29504K)->29101K(29504K) NonClass: 24209K(24384K)->24209K(24384K) Class: 4892K(5120K)->4892K(5120K)
[5441.858s][info][gc             ] GC(1410) Pause Young (Allocation Failure) 7303M->5004M(7422M) 101.664ms
[5441.858s][info][gc,cpu         ] GC(1410) User=0.57s Sys=0.02s Real=0.11s
..[5444.114s][info][gc,start       ] GC(1411) Pause Young (Allocation Failure)
[5444.217s][info][gc,heap        ] GC(1411) PSYoungGen: 2590912K(2618880K)->144384K(2618880K) Eden: 2446847K(2446848K)->0K(2454016K) From: 144064K(172032K)->144384K(164864K)
[5444.217s][info][gc,heap        ] GC(1411) ParOldGen: 4980774K(4981248K)->5071006K(5071360K)
[5444.217s][info][gc,metaspace   ] GC(1411) Metaspace: 29101K(29504K)->29101K(29504K) NonClass: 24209K(24384K)->24209K(24384K) Class: 4892K(5120K)->4892K(5120K)
[5444.217s][info][gc             ] GC(1411) Pause Young (Allocation Failure) 7394M->5093M(7510M) 102.870ms
[5444.217s][info][gc,cpu         ] GC(1411) User=0.57s Sys=0.04s Real=0.11s
...[5446.461s][info][gc,start       ] GC(1412) Pause Young (Allocation Failure)
[5446.564s][info][gc,heap        ] GC(1412) PSYoungGen: 2598400K(2618880K)->145700K(2621952K) Eden: 2454016K(2454016K)->0K(2454016K) From: 144384K(164864K)->145700K(167936K)
[5446.564s][info][gc,heap        ] GC(1412) ParOldGen: 5071006K(5071360K)->5163286K(5163520K)
[5446.564s][info][gc,metaspace   ] GC(1412) Metaspace: 29101K(29504K)->29101K(29504K) NonClass: 24209K(24384K)->24209K(24384K) Class: 4892K(5120K)->4892K(5120K)
[5446.564s][info][gc             ] GC(1412) Pause Young (Allocation Failure) 7489M->5184M(7603M) 103.343ms
[5446.564s][info][gc,cpu         ] GC(1412) User=0.58s Sys=0.03s Real=0.10s
..[5448.748s][info][gc,start       ] GC(1413) Pause Young (Allocation Failure)
[5448.848s][info][gc,heap        ] GC(1413) PSYoungGen: 2599716K(2621952K)->141888K(2625024K) Eden: 2454016K(2454016K)->0K(2462208K) From: 145700K(167936K)->141888K(162816K)
[5448.848s][info][gc,heap        ] GC(1413) ParOldGen: 5163286K(5163520K)->5253550K(5253632K)
[5448.848s][info][gc,metaspace   ] GC(1413) Metaspace: 29101K(29504K)->29101K(29504K) NonClass: 24209K(24384K)->24209K(24384K) Class: 4892K(5120K)->4892K(5120K)
[5448.848s][info][gc             ] GC(1413) Pause Young (Allocation Failure) 7581M->5268M(7694M) 99.872ms
[5448.848s][info][gc,cpu         ] GC(1413) User=0.57s Sys=0.02s Real=0.10s
..[5451.113s][info][gc,start       ] GC(1414) Pause Young (Allocation Failure)
[5451.220s][info][gc,heap        ] GC(1414) PSYoungGen: 2604096K(2625024K)->152256K(2627072K) Eden: 2462208K(2462208K)->0K(2462208K) From: 141888K(162816K)->152256K(164864K)
[5451.220s][info][gc,heap        ] GC(1414) ParOldGen: 5253550K(5253632K)->5344918K(5345280K)
[5451.220s][info][gc,metaspace   ] GC(1414) Metaspace: 29101K(29504K)->29101K(29504K) NonClass: 24209K(24384K)->24209K(24384K) Class: 4892K(5120K)->4892K(5120K)
[5451.220s][info][gc             ] GC(1414) Pause Young (Allocation Failure) 7673M->5368M(7785M) 106.971ms
[5451.220s][info][gc,cpu         ] GC(1414) User=0.60s Sys=0.04s Real=0.11s
...[5453.368s][info][gc,start       ] GC(1415) Pause Young (Allocation Failure)
[5453.469s][info][gc,heap        ] GC(1415) PSYoungGen: 2614464K(2627072K)->138480K(2630656K) Eden: 2462208K(2462208K)->0K(2465792K) From: 152256K(164864K)->138480K(164864K)
[5453.469s][info][gc,heap        ] GC(1415) ParOldGen: 5344918K(5345280K)->5437950K(5437952K)
[5453.469s][info][gc,metaspace   ] GC(1415) Metaspace: 29101K(29504K)->29101K(29504K) NonClass: 24209K(24384K)->24209K(24384K) Class: 4892K(5120K)->4892K(5120K)
[5453.469s][info][gc             ] GC(1415) Pause Young (Allocation Failure) 7772M->5445M(7879M) 101.126ms
[5453.469s][info][gc,cpu         ] GC(1415) User=0.57s Sys=0.02s Real=0.10s
..[5455.611s][info][gc,start       ] GC(1416) Pause Young (Allocation Failure)
[5455.715s][info][gc,heap        ] GC(1416) PSYoungGen: 2604272K(2630656K)->145476K(2611712K) Eden: 2465792K(2465792K)->0K(2465792K) From: 138480K(164864K)->145476K(145920K)
[5455.715s][info][gc,heap        ] GC(1416) ParOldGen: 5437950K(5437952K)->5528478K(5528576K)
[5455.715s][info][gc,metaspace   ] GC(1416) Metaspace: 29101K(29504K)->29101K(29504K) NonClass: 24209K(24384K)->24209K(24384K) Class: 4892K(5120K)->4892K(5120K)
[5455.715s][info][gc             ] GC(1416) Pause Young (Allocation Failure) 7853M->5540M(7949M) 103.584ms
[5455.715s][info][gc,cpu         ] GC(1416) User=0.57s Sys=0.04s Real=0.10s
..[5457.862s][info][gc,start       ] GC(1417) Pause Full (Allocation Failure)
[5457.862s][info][gc,phases,start] GC(1417) Marking Phase
[5458.159s][info][gc,phases      ] GC(1417) Marking Phase 296.855ms
[5458.159s][info][gc,phases,start] GC(1417) Summary Phase
[5458.159s][info][gc,phases      ] GC(1417) Summary Phase 0.094ms
[5458.159s][info][gc,phases,start] GC(1417) Forward
[5458.281s][info][gc,phases      ] GC(1417) Forward 122.459ms
[5458.282s][info][gc,phases,start] GC(1417) Adjust Pointers
[5458.476s][info][gc,phases      ] GC(1417) Adjust Pointers 194.275ms
[5458.476s][info][gc,phases,start] GC(1417) Compaction Phase
[5458.600s][info][gc,phases      ] GC(1417) Compaction Phase 124.350ms
[5458.602s][info][gc,phases,start] GC(1417) Post Compact
[5458.609s][info][gc,phases      ] GC(1417) Post Compact 7.002ms
[5458.733s][info][gc,heap        ] GC(1417) PSYoungGen: 2611268K(2611712K)->0K(2629120K) Eden: 2465792K(2465792K)->0K(2466304K) From: 145476K(145920K)->0K(162816K)
[5458.733s][info][gc,heap        ] GC(1417) ParOldGen: 5528478K(5528576K)->1424100K(1675264K)
[5458.733s][info][gc,metaspace   ] GC(1417) Metaspace: 29101K(29504K)->29101K(29504K) NonClass: 24209K(24384K)->24209K(24384K) Class: 4892K(5120K)->4892K(5120K)
[5458.733s][info][gc             ] GC(1417) Pause Full (Allocation Failure) 7948M->1390M(4203M) 871.312ms
[5458.733s][info][gc,cpu         ] GC(1417) User=4.01s Sys=0.12s Real=0.87s
..[5460.281s][info][gc,start       ] GC(1418) Pause Young (Allocation Failure)
[5460.348s][info][gc,heap        ] GC(1418) PSYoungGen: 2466304K(2629120K)->144576K(2629120K) Eden: 2466304K(2466304K)->0K(2466304K) From: 0K(162816K)->144576K(162816K)
[5460.348s][info][gc,heap        ] GC(1418) ParOldGen: 1424100K(1675264K)->1424100K(1675264K)
[5460.348s][info][gc,metaspace   ] GC(1418) Metaspace: 29101K(29504K)->29101K(29504K) NonClass: 24209K(24384K)->24209K(24384K) Class: 4892K(5120K)->4892K(5120K)
[5460.348s][info][gc             ] GC(1418) Pause Young (Allocation Failure) 3799M->1531M(4203M) 67.082ms
[5460.348s][info][gc,cpu         ] GC(1418) User=0.39s Sys=0.00s Real=0.07s
..[5462.557s][info][gc,start       ] GC(1419) Pause Young (Allocation Failure)
[5462.652s][info][gc,heap        ] GC(1419) PSYoungGen: 2610880K(2629120K)->141248K(2632192K) Eden: 2466304K(2466304K)->0K(2470912K) From: 144576K(162816K)->141248K(161280K)
[5462.652s][info][gc,heap        ] GC(1419) ParOldGen: 1424100K(1675264K)->1516980K(1675264K)
[5462.652s][info][gc,metaspace   ] GC(1419) Metaspace: 29101K(29504K)->29101K(29504K) NonClass: 24209K(24384K)->24209K(24384K) Class: 4892K(5120K)->4892K(5120K)
[5462.652s][info][gc             ] GC(1419) Pause Young (Allocation Failure) 3940M->1619M(4206M) 94.943ms
[5462.652s][info][gc,cpu         ] GC(1419) User=0.56s Sys=0.00s Real=0.10s
...[5464.906s][info][gc,start       ] GC(1420) Pause Young (Allocation Failure)
[5465.001s][info][gc,heap        ] GC(1420) PSYoungGen: 2612160K(2632192K)->141440K(2631680K) Eden: 2470912K(2470912K)->0K(2470912K) From: 141248K(161280K)->141440K(160768K)
[5465.002s][info][gc,heap        ] GC(1420) ParOldGen: 1516980K(1675264K)->1607244K(1675264K)
[5465.002s][info][gc,metaspace   ] GC(1420) Metaspace: 29101K(29504K)->29101K(29504K) NonClass: 24209K(24384K)->24209K(24384K) Class: 4892K(5120K)->4892K(5120K)
[5465.002s][info][gc             ] GC(1420) Pause Young (Allocation Failure) 4032M->1707M(4206M) 95.252ms
[5465.002s][info][gc,cpu         ] GC(1420) User=0.56s Sys=0.00s Real=0.10s
..[5467.213s][info][gc,start       ] GC(1421) Pause Young (Allocation Failure)
[5467.306s][info][gc,heap        ] GC(1421) PSYoungGen: 2612352K(2631680K)->134848K(2633728K) Eden: 2470912K(2470912K)->0K(2473984K) From: 141440K(160768K)->134848K(159744K)
[5467.306s][info][gc,heap        ] GC(1421) ParOldGen: 1607244K(1675264K)->1697748K(1697792K)
[5467.306s][info][gc,metaspace   ] GC(1421) Metaspace: 29101K(29504K)->29101K(29504K) NonClass: 24209K(24384K)->24209K(24384K) Class: 4892K(5120K)->4892K(5120K)
[5467.306s][info][gc             ] GC(1421) Pause Young (Allocation Failure) 4120M->1789M(4230M) 92.359ms
[5467.306s][info][gc,cpu         ] GC(1421) User=0.54s Sys=0.01s Real=0.09s
..[5469.505s][info][gc,start       ] GC(1422) Pause Young (Allocation Failure)
[5469.607s][info][gc,heap        ] GC(1422) PSYoungGen: 2608832K(2633728K)->148612K(2633728K) Eden: 2473984K(2473984K)->0K(2473984K) From: 134848K(159744K)->148612K(159744K)
[5469.607s][info][gc,heap        ] GC(1422) ParOldGen: 1697748K(1697792K)->1788180K(1788416K)
[5469.607s][info][gc,metaspace   ] GC(1422) Metaspace: 29101K(29504K)->29101K(29504K) NonClass: 24209K(24384K)->24209K(24384K) Class: 4892K(5120K)->4892K(5120K)
[5469.607s][info][gc             ] GC(1422) Pause Young (Allocation Failure) 4205M->1891M(4318M) 101.935ms
[5469.607s][info][gc,cpu         ] GC(1422) User=0.57s Sys=0.02s Real=0.10s
..[5471.827s][info][gc,start       ] GC(1423) Pause Young (Allocation Failure)
[5471.929s][info][gc,heap        ] GC(1423) PSYoungGen: 2622596K(2633728K)->150117K(2634752K) Eden: 2473984K(2473984K)->0K(2474496K) From: 148612K(159744K)->150117K(160256K)
[5471.929s][info][gc,heap        ] GC(1423) ParOldGen: 1788180K(1788416K)->1882612K(1882624K)
[5471.929s][info][gc,metaspace   ] GC(1423) Metaspace: 29101K(29504K)->29101K(29504K) NonClass: 24209K(24384K)->24209K(24384K) Class: 4892K(5120K)->4892K(5120K)
[5471.929s][info][gc             ] GC(1423) Pause Young (Allocation Failure) 4307M->1985M(4411M) 102.597ms
[5471.929s][info][gc,cpu         ] GC(1423) User=0.58s Sys=0.02s Real=0.11s
...[5474.116s][info][gc,start       ] GC(1424) Pause Young (Allocation Failure)
[5474.215s][info][gc,heap        ] GC(1424) PSYoungGen: 2624613K(2634752K)->147200K(2635264K) Eden: 2474496K(2474496K)->0K(2474496K) From: 150117K(160256K)->147200K(160768K)
[5474.215s][info][gc,heap        ] GC(1424) ParOldGen: 1882612K(1882624K)->1973756K(1973760K)
[5474.215s][info][gc,metaspace   ] GC(1424) Metaspace: 29101K(29504K)->29101K(29504K) NonClass: 24209K(24384K)->24209K(24384K) Class: 4892K(5120K)->4892K(5120K)
[5474.215s][info][gc             ] GC(1424) Pause Young (Allocation Failure) 4401M->2071M(4501M) 99.051ms
[5474.215s][info][gc,cpu         ] GC(1424) User=0.56s Sys=0.02s Real=0.10s
..[5476.411s][info][gc,start       ] GC(1425) Pause Young (Allocation Failure)
[5476.509s][info][gc,heap        ] GC(1425) PSYoungGen: 2621696K(2635264K)->142404K(2633216K) Eden: 2474496K(2474496K)->0K(2475008K) From: 147200K(160768K)->142404K(158208K)
[5476.509s][info][gc,heap        ] GC(1425) ParOldGen: 1973756K(1973760K)->2065252K(2065408K)
[5476.509s][info][gc,metaspace   ] GC(1425) Metaspace: 29101K(29504K)->29101K(29504K) NonClass: 24209K(24384K)->24209K(24384K) Class: 4892K(5120K)->4892K(5120K)
[5476.509s][info][gc             ] GC(1425) Pause Young (Allocation Failure) 4487M->2155M(4588M) 98.492ms
[5476.509s][info][gc,cpu         ] GC(1425) User=0.56s Sys=0.03s Real=0.10s
..[5478.811s][info][gc,start       ] GC(1426) Pause Young (Allocation Failure)
[5478.909s][info][gc,heap        ] GC(1426) PSYoungGen: 2617412K(2633216K)->140960K(2634240K) Eden: 2475008K(2475008K)->0K(2475008K) From: 142404K(158208K)->140960K(159232K)
[5478.909s][info][gc,heap        ] GC(1426) ParOldGen: 2065252K(2065408K)->2157196K(2157568K)
[5478.909s][info][gc,metaspace   ] GC(1426) Metaspace: 29101K(29504K)->29101K(29504K) NonClass: 24209K(24384K)->24209K(24384K) Class: 4892K(5120K)->4892K(5120K)
[5478.909s][info][gc             ] GC(1426) Pause Young (Allocation Failure) 4572M->2244M(4679M) 98.057ms
[5478.909s][info][gc,cpu         ] GC(1426) User=0.55s Sys=0.03s Real=0.10s
...[5481.147s][info][gc,start       ] GC(1427) Pause Young (Allocation Failure)
[5481.246s][info][gc,heap        ] GC(1427) PSYoungGen: 2615968K(2634240K)->145024K(2634752K) Eden: 2475008K(2475008K)->0K(2478592K) From: 140960K(159232K)->145024K(156160K)
[5481.246s][info][gc,heap        ] GC(1427) ParOldGen: 2157196K(2157568K)->2249660K(2249728K)
[5481.246s][info][gc,metaspace   ] GC(1427) Metaspace: 29101K(29504K)->29101K(29504K) NonClass: 24209K(24384K)->24209K(24384K) Class: 4892K(5120K)->4892K(5120K)
[5481.246s][info][gc             ] GC(1427) Pause Young (Allocation Failure) 4661M->2338M(4770M) 99.281ms
[5481.246s][info][gc,cpu         ] GC(1427) User=0.57s Sys=0.02s Real=0.10s
..[5483.396s][info][gc,start       ] GC(1428) Pause Young (Allocation Failure)
[5483.492s][info][gc,heap        ] GC(1428) PSYoungGen: 2623616K(2634752K)->135200K(2635776K) Eden: 2478592K(2478592K)->0K(2478592K) From: 145024K(156160K)->135200K(157184K)
[5483.492s][info][gc,heap        ] GC(1428) ParOldGen: 2249660K(2249728K)->2341708K(2341888K)
[5483.492s][info][gc,metaspace   ] GC(1428) Metaspace: 29101K(29504K)->29101K(29504K) NonClass: 24209K(24384K)->24209K(24384K) Class: 4892K(5120K)->4892K(5120K)
[5483.492s][info][gc             ] GC(1428) Pause Young (Allocation Failure) 4759M->2418M(4861M) 95.990ms
[5483.492s][info][gc,cpu         ] GC(1428) User=0.53s Sys=0.04s Real=0.10s
..[5485.706s][info][gc,start       ] GC(1429) Pause Young (Allocation Failure)
[5485.818s][info][gc,heap        ] GC(1429) PSYoungGen: 2613792K(2635776K)->157695K(2561536K) Eden: 2478592K(2478592K)->0K(2403840K) From: 135200K(157184K)->157695K(157696K)
[5485.818s][info][gc,heap        ] GC(1429) ParOldGen: 2341708K(2341888K)->2434884K(2435072K)
[5485.818s][info][gc,metaspace   ] GC(1429) Metaspace: 29101K(29504K)->29101K(29504K) NonClass: 24209K(24384K)->24209K(24384K) Class: 4892K(5120K)->4892K(5120K)
[5485.818s][info][gc             ] GC(1429) Pause Young (Allocation Failure) 4839M->2531M(4879M) 111.972ms
[5485.818s][info][gc,cpu         ] GC(1429) User=0.64s Sys=0.02s Real=0.12s
..[5487.924s][info][gc,start       ] GC(1430) Pause Young (Allocation Failure)
[5488.027s][info][gc,heap        ] GC(1430) PSYoungGen: 2561535K(2561536K)->148533K(2599936K) Eden: 2403840K(2403840K)->0K(2403840K) From: 157695K(157696K)->148533K(196096K)
[5488.027s][info][gc,heap        ] GC(1430) ParOldGen: 2434884K(2435072K)->2527124K(2527232K)
[5488.027s][info][gc,metaspace   ] GC(1430) Metaspace: 29101K(29504K)->29101K(29504K) NonClass: 24209K(24384K)->24209K(24384K) Class: 4892K(5120K)->4892K(5120K)
[5488.027s][info][gc             ] GC(1430) Pause Young (Allocation Failure) 4879M->2612M(5007M) 102.720ms
[5488.027s][info][gc,cpu         ] GC(1430) User=0.59s Sys=0.02s Real=0.10s
...[5490.181s][info][gc,start       ] GC(1431) Pause Young (Allocation Failure)
[5490.277s][info][gc,heap        ] GC(1431) PSYoungGen: 2552373K(2599936K)->141696K(2593280K) Eden: 2403840K(2403840K)->0K(2407424K) From: 148533K(196096K)->141696K(185856K)
[5490.278s][info][gc,heap        ] GC(1431) ParOldGen: 2527124K(2527232K)->2617364K(2617856K)
[5490.278s][info][gc,metaspace   ] GC(1431) Metaspace: 29101K(29504K)->29101K(29504K) NonClass: 24209K(24384K)->24209K(24384K) Class: 4892K(5120K)->4892K(5120K)
[5490.278s][info][gc             ] GC(1431) Pause Young (Allocation Failure) 4960M->2694M(5089M) 96.814ms
[5490.278s][info][gc,cpu         ] GC(1431) User=0.55s Sys=0.02s Real=0.10s
..[5492.405s][info][gc,start       ] GC(1432) Pause Young (Allocation Failure)
[5492.500s][info][gc,heap        ] GC(1432) PSYoungGen: 2549120K(2593280K)->134624K(2598400K) Eden: 2407424K(2407424K)->0K(2407424K) From: 141696K(185856K)->134624K(190976K)
[5492.500s][info][gc,heap        ] GC(1432) ParOldGen: 2617364K(2617856K)->2707348K(2707456K)
[5492.500s][info][gc,metaspace   ] GC(1432) Metaspace: 29101K(29504K)->29101K(29504K) NonClass: 24209K(24384K)->24209K(24384K) Class: 4892K(5120K)->4892K(5120K)
[5492.500s][info][gc             ] GC(1432) Pause Young (Allocation Failure) 5045M->2775M(5181M) 94.675ms
[5492.500s][info][gc,cpu         ] GC(1432) User=0.53s Sys=0.02s Real=0.10s
. (rIR:aIR:PR = 8717:8691:8691) (tPR = 128639) [OK] 
  5492s: Performance info:
         Transaction,    Success,    Partial,     Failed,   Receipts, AvgBarcode, 
             Overall,     529202,          0,          0,     502485,      59.47, 
         Response times:
             Request,    Success,    Partial,     Failed,   SkipFail,     Probes,    Samples,      min,      p50,      p90,      p95,      p99,      max, 
       TotalPurchase,     502484,          0,          0,          0,     361975,     405452,      300,     5900,    29000,    53000,   122000,   270000,
     InStorePurchase,     263775,          0,          0,          0,     190455,     212880,      300,     6000,    30000,    51000,   109000,   247000,
      OnlinePurchase,     185658,          0,          0,          0,     133327,     149377,      300,     5900,    30000,    59000,   140000,   270000,
        InstPurchase,      53051,          0,          0,          0,      38193,      43195,      300,     5300,    23000,    48000,   106000,   193000,
          AssocOfCat,        527,          0,          0,          0,        431,        603,    19600,    37000,    59000,    82000,   141320,   161000,
      AssocOfProduct,       5332,          0,          0,          0,       3671,       4371,      600,     7400,    36000,    62000,   109000,   161000,
      BusinessReport,       1324,          0,          0,          0,       1171,       1428,    24000,    49000,    88000,   119550,   176550,   238000,
          CustBuyBeh,       5289,          0,          0,          0,       3792,       4453,      200,     7300,    37000,    64000,   107460,   176000,
       ProductReturn,      14244,          0,          0,          0,       9757,      11220,      200,     5000,    27000,    55000,   106000,   180000,

  5492s: (64%)   IR =   8856 .[5494.622s][info][gc,start       ] GC(1433) Pause Young (Allocation Failure)
[5494.721s][info][gc,heap        ] GC(1433) PSYoungGen: 2542048K(2598400K)->144601K(2598912K) Eden: 2407424K(2407424K)->0K(2415104K) From: 134624K(190976K)->144601K(183808K)
[5494.722s][info][gc,heap        ] GC(1433) ParOldGen: 2707348K(2707456K)->2796644K(2797056K)
[5494.722s][info][gc,metaspace   ] GC(1433) Metaspace: 29101K(29504K)->29101K(29504K) NonClass: 24209K(24384K)->24209K(24384K) Class: 4892K(5120K)->4892K(5120K)
[5494.722s][info][gc             ] GC(1433) Pause Young (Allocation Failure) 5126M->2872M(5269M) 99.090ms
[5494.722s][info][gc,cpu         ] GC(1433) User=0.55s Sys=0.04s Real=0.10s
..[5496.796s][info][gc,start       ] GC(1434) Pause Young (Allocation Failure)
[5496.902s][info][gc,heap        ] GC(1434) PSYoungGen: 2559705K(2598912K)->153908K(2602496K) Eden: 2415104K(2415104K)->0K(2415104K) From: 144601K(183808K)->153908K(187392K)
[5496.902s][info][gc,heap        ] GC(1434) ParOldGen: 2796644K(2797056K)->2887428K(2887680K)
[5496.902s][info][gc,metaspace   ] GC(1434) Metaspace: 29101K(29504K)->29101K(29504K) NonClass: 24209K(24384K)->24209K(24384K) Class: 4892K(5120K)->4892K(5120K)
[5496.902s][info][gc             ] GC(1434) Pause Young (Allocation Failure) 5230M->2970M(5361M) 106.097ms
[5496.902s][info][gc,cpu         ] GC(1434) User=0.60s Sys=0.03s Real=0.11s
..[5499.072s][info][gc,start       ] GC(1435) Pause Young (Allocation Failure)
[5499.171s][info][gc,heap        ] GC(1435) PSYoungGen: 2569012K(2602496K)->141152K(2604544K) Eden: 2415104K(2415104K)->0K(2423808K) From: 153908K(187392K)->141152K(180736K)
[5499.171s][info][gc,heap        ] GC(1435) ParOldGen: 2887428K(2887680K)->2980548K(2980864K)
[5499.171s][info][gc,metaspace   ] GC(1435) Metaspace: 29101K(29504K)->29101K(29504K) NonClass: 24209K(24384K)->24209K(24384K) Class: 4892K(5120K)->4892K(5120K)
[5499.171s][info][gc             ] GC(1435) Pause Young (Allocation Failure) 5328M->3048M(5454M) 99.162ms
[5499.171s][info][gc,cpu         ] GC(1435) User=0.54s Sys=0.04s Real=0.10s
...[5501.258s][info][gc,start       ] GC(1436) Pause Young (Allocation Failure)
[5501.353s][info][gc,heap        ] GC(1436) PSYoungGen: 2564960K(2604544K)->134688K(2607104K) Eden: 2423808K(2423808K)->0K(2423808K) From: 141152K(180736K)->134688K(183296K)
[5501.353s][info][gc,heap        ] GC(1436) ParOldGen: 2980548K(2980864K)->3070268K(3070464K)
[5501.353s][info][gc,metaspace   ] GC(1436) Metaspace: 29101K(29504K)->29101K(29504K) NonClass: 24209K(24384K)->24209K(24384K) Class: 4892K(5120K)->4892K(5120K)
[5501.353s][info][gc             ] GC(1436) Pause Young (Allocation Failure) 5415M->3129M(5544M) 95.251ms
[5501.353s][info][gc,cpu         ] GC(1436) User=0.54s Sys=0.02s Real=0.09s
..[5503.492s][info][gc,start       ] GC(1437) Pause Young (Allocation Failure)
[5503.591s][info][gc,heap        ] GC(1437) PSYoungGen: 2558496K(2607104K)->141256K(2607616K) Eden: 2423808K(2423808K)->0K(2430464K) From: 134688K(183296K)->141256K(177152K)
[5503.591s][info][gc,heap        ] GC(1437) ParOldGen: 3070268K(3070464K)->3161236K(3161600K)
[5503.591s][info][gc,metaspace   ] GC(1437) Metaspace: 29101K(29504K)->29101K(29504K) NonClass: 24209K(24384K)->24209K(24384K) Class: 4892K(5120K)->4892K(5120K)
[5503.591s][info][gc             ] GC(1437) Pause Young (Allocation Failure) 5496M->3225M(5634M) 98.919ms
[5503.591s][info][gc,cpu         ] GC(1437) User=0.55s Sys=0.03s Real=0.10s
..[5505.709s][info][gc,start       ] GC(1438) Pause Young (Allocation Failure)
[5505.809s][info][gc,heap        ] GC(1438) PSYoungGen: 2571720K(2607616K)->146192K(2610688K) Eden: 2430464K(2430464K)->0K(2430464K) From: 141256K(177152K)->146192K(180224K)
[5505.809s][info][gc,heap        ] GC(1438) ParOldGen: 3161236K(3161600K)->3252028K(3252224K)
[5505.809s][info][gc,metaspace   ] GC(1438) Metaspace: 29101K(29504K)->29101K(29504K) NonClass: 24209K(24384K)->24209K(24384K) Class: 4892K(5120K)->4892K(5120K)
[5505.809s][info][gc             ] GC(1438) Pause Young (Allocation Failure) 5598M->3318M(5725M) 100.219ms
[5505.809s][info][gc,cpu         ] GC(1438) User=0.56s Sys=0.02s Real=0.10s
..[5507.970s][info][gc,start       ] GC(1439) Pause Young (Allocation Failure)
[5508.072s][info][gc,heap        ] GC(1439) PSYoungGen: 2576656K(2610688K)->148308K(2610688K) Eden: 2430464K(2430464K)->0K(2438656K) From: 146192K(180224K)->148308K(172032K)
[5508.072s][info][gc,heap        ] GC(1439) ParOldGen: 3252028K(3252224K)->3342036K(3342336K)
[5508.072s][info][gc,metaspace   ] GC(1439) Metaspace: 29101K(29504K)->29101K(29504K) NonClass: 24209K(24384K)->24209K(24384K) Class: 4892K(5120K)->4892K(5120K)
[5508.072s][info][gc             ] GC(1439) Pause Young (Allocation Failure) 5692M->3408M(5813M) 102.224ms
[5508.072s][info][gc,cpu         ] GC(1439) User=0.57s Sys=0.03s Real=0.10s
..|.[5510.259s][info][gc,start       ] GC(1440) Pause Young (Allocation Failure)
[5510.356s][info][gc,heap        ] GC(1440) PSYoungGen: 2586964K(2610688K)->135616K(2613248K) Eden: 2438656K(2438656K)->0K(2438656K) From: 148308K(172032K)->135616K(174592K)
[5510.356s][info][gc,heap        ] GC(1440) ParOldGen: 3342036K(3342336K)->3432508K(3432960K)
[5510.356s][info][gc,metaspace   ] GC(1440) Metaspace: 29101K(29504K)->29101K(29504K) NonClass: 24209K(24384K)->24209K(24384K) Class: 4892K(5120K)->4892K(5120K)
[5510.356s][info][gc             ] GC(1440) Pause Young (Allocation Failure) 5790M->3484M(5904M) 96.735ms
[5510.356s][info][gc,cpu         ] GC(1440) User=0.54s Sys=0.03s Real=0.09s
..[5512.422s][info][gc,start       ] GC(1441) Pause Young (Allocation Failure)
[5512.518s][info][gc,heap        ] GC(1441) PSYoungGen: 2574272K(2613248K)->134112K(2619392K) Eden: 2438656K(2438656K)->0K(2447872K) From: 135616K(174592K)->134112K(171520K)
[5512.518s][info][gc,heap        ] GC(1441) ParOldGen: 3432508K(3432960K)->3524052K(3524096K)
[5512.518s][info][gc,metaspace   ] GC(1441) Metaspace: 29101K(29504K)->29101K(29504K) NonClass: 24209K(24384K)->24209K(24384K) Class: 4892K(5120K)->4892K(5120K)
[5512.518s][info][gc             ] GC(1441) Pause Young (Allocation Failure) 5865M->3572M(5999M) 96.306ms
[5512.518s][info][gc,cpu         ] GC(1441) User=0.55s Sys=0.02s Real=0.10s
..[5514.698s][info][gc,start       ] GC(1442) Pause Young (Allocation Failure)
[5514.795s][info][gc,heap        ] GC(1442) PSYoungGen: 2581984K(2619392K)->141408K(2620928K) Eden: 2447872K(2447872K)->0K(2447872K) From: 134112K(171520K)->141408K(173056K)
[5514.795s][info][gc,heap        ] GC(1442) ParOldGen: 3524052K(3524096K)->3613292K(3613696K)
[5514.795s][info][gc,metaspace   ] GC(1442) Metaspace: 29101K(29504K)->29101K(29504K) NonClass: 24209K(24384K)->24209K(24384K) Class: 4892K(5120K)->4892K(5120K)
[5514.795s][info][gc             ] GC(1442) Pause Young (Allocation Failure) 5962M->3666M(6088M) 97.704ms
[5514.795s][info][gc,cpu         ] GC(1442) User=0.55s Sys=0.02s Real=0.09s
..[5516.888s][info][gc,start       ] GC(1443) Pause Young (Allocation Failure)
[5516.989s][info][gc,heap        ] GC(1443) PSYoungGen: 2589280K(2620928K)->142515K(2618368K) Eden: 2447872K(2447872K)->0K(2451968K) From: 141408K(173056K)->142515K(166400K)
[5516.989s][info][gc,heap        ] GC(1443) ParOldGen: 3613292K(3613696K)->3705156K(3705344K)
[5516.989s][info][gc,metaspace   ] GC(1443) Metaspace: 29101K(29504K)->29101K(29504K) NonClass: 24209K(24384K)->24209K(24384K) Class: 4892K(5120K)->4892K(5120K)
[5516.989s][info][gc             ] GC(1443) Pause Young (Allocation Failure) 6057M->3757M(6175M) 100.424ms
[5516.989s][info][gc,cpu         ] GC(1443) User=0.57s Sys=0.03s Real=0.10s
..[5519.119s][info][gc,start       ] GC(1444) Pause Young (Allocation Failure)
[5519.221s][info][gc,heap        ] GC(1444) PSYoungGen: 2594483K(2618368K)->150356K(2620416K) Eden: 2451968K(2451968K)->0K(2451968K) From: 142515K(166400K)->150356K(168448K)
[5519.221s][info][gc,heap        ] GC(1444) ParOldGen: 3705156K(3705344K)->3796532K(3796992K)
[5519.221s][info][gc,metaspace   ] GC(1444) Metaspace: 29101K(29504K)->29101K(29504K) NonClass: 24209K(24384K)->24209K(24384K) Class: 4892K(5120K)->4892K(5120K)
[5519.221s][info][gc             ] GC(1444) Pause Young (Allocation Failure) 6151M->3854M(6267M) 101.790ms
[5519.221s][info][gc,cpu         ] GC(1444) User=0.57s Sys=0.04s Real=0.10s
...[5521.315s][info][gc,start       ] GC(1445) Pause Young (Allocation Failure)
[5521.419s][info][gc,heap        ] GC(1445) PSYoungGen: 2602324K(2620416K)->146613K(2624512K) Eden: 2451968K(2451968K)->0K(2459136K) From: 150356K(168448K)->146613K(165376K)
[5521.419s][info][gc,heap        ] GC(1445) ParOldGen: 3796532K(3796992K)->3887676K(3888128K)
[5521.420s][info][gc,metaspace   ] GC(1445) Metaspace: 29101K(29504K)->29101K(29504K) NonClass: 24209K(24384K)->24209K(24384K) Class: 4892K(5120K)->4892K(5120K)
[5521.420s][info][gc             ] GC(1445) Pause Young (Allocation Failure) 6248M->3939M(6360M) 104.076ms
[5521.420s][info][gc,cpu         ] GC(1445) User=0.58s Sys=0.03s Real=0.11s
..[5523.549s][info][gc,start       ] GC(1446) Pause Young (Allocation Failure)
[5523.650s][info][gc,heap        ] GC(1446) PSYoungGen: 2605749K(2624512K)->142784K(2626048K) Eden: 2459136K(2459136K)->0K(2459136K) From: 146613K(165376K)->142784K(166912K)
[5523.650s][info][gc,heap        ] GC(1446) ParOldGen: 3887676K(3888128K)->3979644K(3979776K)
[5523.650s][info][gc,metaspace   ] GC(1446) Metaspace: 29101K(29504K)->29101K(29504K) NonClass: 24209K(24384K)->24209K(24384K) Class: 4892K(5120K)->4892K(5120K)
[5523.650s][info][gc             ] GC(1446) Pause Young (Allocation Failure) 6341M->4025M(6451M) 100.776ms
[5523.650s][info][gc,cpu         ] GC(1446) User=0.57s Sys=0.02s Real=0.10s
..[5525.805s][info][gc,start       ] GC(1447) Pause Young (Allocation Failure)
[5525.911s][info][gc,heap        ] GC(1447) PSYoungGen: 2601920K(2626048K)->150413K(2628608K) Eden: 2459136K(2459136K)->0K(2463744K) From: 142784K(166912K)->150413K(164864K)
[5525.911s][info][gc,heap        ] GC(1447) ParOldGen: 3979644K(3979776K)->4072340K(4072448K)
[5525.911s][info][gc,metaspace   ] GC(1447) Metaspace: 29101K(29504K)->29101K(29504K) NonClass: 24209K(24384K)->24209K(24384K) Class: 4892K(5120K)->4892K(5120K)
[5525.911s][info][gc             ] GC(1447) Pause Young (Allocation Failure) 6427M->4123M(6544M) 106.217ms
[5525.911s][info][gc,cpu         ] GC(1447) User=0.59s Sys=0.03s Real=0.11s
..[5528.063s][info][gc,start       ] GC(1448) Pause Young (Allocation Failure)
[5528.166s][info][gc,heap        ] GC(1448) PSYoungGen: 2614157K(2628608K)->149664K(2628608K) Eden: 2463744K(2463744K)->0K(2463744K) From: 150413K(164864K)->149664K(164864K)
[5528.166s][info][gc,heap        ] GC(1448) ParOldGen: 4072340K(4072448K)->4159548K(4160000K)
[5528.166s][info][gc,metaspace   ] GC(1448) Metaspace: 29101K(29504K)->29101K(29504K) NonClass: 24209K(24384K)->24209K(24384K) Class: 4892K(5120K)->4892K(5120K)
[5528.166s][info][gc             ] GC(1448) Pause Young (Allocation Failure) 6529M->4208M(6629M) 102.991ms
[5528.166s][info][gc,cpu         ] GC(1448) User=0.58s Sys=0.03s Real=0.10s
...[5530.360s][info][gc,start       ] GC(1449) Pause Young (Allocation Failure)
[5530.460s][info][gc,heap        ] GC(1449) PSYoungGen: 2613408K(2628608K)->139424K(2629120K) Eden: 2463744K(2463744K)->0K(2466304K) From: 149664K(164864K)->139424K(162816K)
[5530.460s][info][gc,heap        ] GC(1449) ParOldGen: 4159548K(4160000K)->4251884K(4252160K)
[5530.460s][info][gc,metaspace   ] GC(1449) Metaspace: 29101K(29504K)->29101K(29504K) NonClass: 24209K(24384K)->24209K(24384K) Class: 4892K(5120K)->4892K(5120K)
[5530.460s][info][gc             ] GC(1449) Pause Young (Allocation Failure) 6614M->4288M(6720M) 100.342ms
[5530.461s][info][gc,cpu         ] GC(1449) User=0.57s Sys=0.02s Real=0.10s
..[5532.643s][info][gc,start       ] GC(1450) Pause Young (Allocation Failure)
[5532.746s][info][gc,heap        ] GC(1450) PSYoungGen: 2605728K(2629120K)->145701K(2630144K) Eden: 2466304K(2466304K)->0K(2466304K) From: 139424K(162816K)->145701K(163840K)
[5532.746s][info][gc,heap        ] GC(1450) ParOldGen: 4251884K(4252160K)->4344916K(4345344K)
[5532.746s][info][gc,metaspace   ] GC(1450) Metaspace: 29101K(29504K)->29101K(29504K) NonClass: 24209K(24384K)->24209K(24384K) Class: 4892K(5120K)->4892K(5120K)
[5532.746s][info][gc             ] GC(1450) Pause Young (Allocation Failure) 6696M->4385M(6812M) 103.579ms
[5532.746s][info][gc,cpu         ] GC(1450) User=0.57s Sys=0.03s Real=0.10s
..[5534.868s][info][gc,start       ] GC(1451) Pause Young (Allocation Failure)
[5534.972s][info][gc,heap        ] GC(1451) PSYoungGen: 2612005K(2630144K)->148036K(2631680K) Eden: 2466304K(2466304K)->0K(2469888K) From: 145701K(163840K)->148036K(161792K)
[5534.972s][info][gc,heap        ] GC(1451) ParOldGen: 4344916K(4345344K)->4435988K(4436480K)
[5534.972s][info][gc,metaspace   ] GC(1451) Metaspace: 29101K(29504K)->29101K(29504K) NonClass: 24209K(24384K)->24209K(24384K) Class: 4892K(5120K)->4892K(5120K)
[5534.972s][info][gc             ] GC(1451) Pause Young (Allocation Failure) 6793M->4476M(6902M) 103.789ms
[5534.972s][info][gc,cpu         ] GC(1451) User=0.59s Sys=0.03s Real=0.10s
..[5537.166s][info][gc,start       ] GC(1452) Pause Young (Allocation Failure)
[5537.273s][info][gc,heap        ] GC(1452) PSYoungGen: 2617924K(2631680K)->155983K(2631680K) Eden: 2469888K(2469888K)->0K(2469888K) From: 148036K(161792K)->155983K(161792K)
[5537.273s][info][gc,heap        ] GC(1452) ParOldGen: 4435988K(4436480K)->4528796K(4529152K)
[5537.273s][info][gc,metaspace   ] GC(1452) Metaspace: 29101K(29504K)->29101K(29504K) NonClass: 24209K(24384K)->24209K(24384K) Class: 4892K(5120K)->4892K(5120K)
[5537.273s][info][gc             ] GC(1452) Pause Young (Allocation Failure) 6888M->4574M(6993M) 106.891ms
[5537.273s][info][gc,cpu         ] GC(1452) User=0.60s Sys=0.03s Real=0.11s
..[5539.344s][info][gc,start       ] GC(1453) Pause Young (Allocation Failure)
[5539.441s][info][gc,heap        ] GC(1453) PSYoungGen: 2625871K(2631680K)->135968K(2632192K) Eden: 2469888K(2469888K)->0K(2468352K) From: 155983K(161792K)->135968K(163840K)
[5539.441s][info][gc,heap        ] GC(1453) ParOldGen: 4528796K(4529152K)->4620988K(4621312K)
[5539.441s][info][gc,metaspace   ] GC(1453) Metaspace: 29101K(29504K)->29101K(29504K) NonClass: 24209K(24384K)->24209K(24384K) Class: 4892K(5120K)->4892K(5120K)
[5539.441s][info][gc             ] GC(1453) Pause Young (Allocation Failure) 6986M->4645M(7083M) 97.135ms
[5539.441s][info][gc,cpu         ] GC(1453) User=0.53s Sys=0.04s Real=0.10s
...[5541.575s][info][gc,start       ] GC(1454) Pause Young (Allocation Failure)
[5541.675s][info][gc,heap        ] GC(1454) PSYoungGen: 2604320K(2632192K)->139872K(2608640K) Eden: 2468352K(2468352K)->0K(2468352K) From: 135968K(163840K)->139872K(140288K)
[5541.675s][info][gc,heap        ] GC(1454) ParOldGen: 4620988K(4621312K)->4711548K(4711936K)
[5541.675s][info][gc,metaspace   ] GC(1454) Metaspace: 29101K(29504K)->29101K(29504K) NonClass: 24209K(24384K)->24209K(24384K) Class: 4892K(5120K)->4892K(5120K)
[5541.675s][info][gc             ] GC(1454) Pause Young (Allocation Failure) 7055M->4737M(7149M) 99.703ms
[5541.675s][info][gc,cpu         ] GC(1454) User=0.56s Sys=0.03s Real=0.10s
..[5543.894s][info][gc,start       ] GC(1455) Pause Young (Allocation Failure)
[5543.995s][info][gc,heap        ] GC(1455) PSYoungGen: 2608224K(2608640K)->146112K(2633216K) Eden: 2468352K(2468352K)->0K(2469888K) From: 139872K(140288K)->146112K(163328K)
[5543.995s][info][gc,heap        ] GC(1455) ParOldGen: 4711548K(4711936K)->4802852K(4803072K)
[5543.995s][info][gc,metaspace   ] GC(1455) Metaspace: 29101K(29504K)->29101K(29504K) NonClass: 24209K(24384K)->24209K(24384K) Class: 4892K(5120K)->4892K(5120K)
[5543.995s][info][gc             ] GC(1455) Pause Young (Allocation Failure) 7148M->4832M(7262M) 101.815ms
[5543.995s][info][gc,cpu         ] GC(1455) User=0.57s Sys=0.03s Real=0.10s
..[5546.146s][info][gc,start       ] GC(1456) Pause Young (Allocation Failure)
[5546.251s][info][gc,heap        ] GC(1456) PSYoungGen: 2616000K(2633216K)->151056K(2631680K) Eden: 2469888K(2469888K)->0K(2469888K) From: 146112K(163328K)->151056K(161792K)
[5546.251s][info][gc,heap        ] GC(1456) ParOldGen: 4802852K(4803072K)->4895004K(4895232K)
[5546.251s][info][gc,metaspace   ] GC(1456) Metaspace: 29101K(29504K)->29101K(29504K) NonClass: 24209K(24384K)->24209K(24384K) Class: 4892K(5120K)->4892K(5120K)
[5546.251s][info][gc             ] GC(1456) Pause Young (Allocation Failure) 7244M->4927M(7350M) 105.300ms
[5546.251s][info][gc,cpu         ] GC(1456) User=0.60s Sys=0.03s Real=0.11s
..[5548.450s][info][gc,start       ] GC(1457) Pause Young (Allocation Failure)
[5548.548s][info][gc,heap        ] GC(1457) PSYoungGen: 2620944K(2631680K)->135808K(2633216K) Eden: 2469888K(2469888K)->0K(2470912K) From: 151056K(161792K)->135808K(162304K)
[5548.548s][info][gc,heap        ] GC(1457) ParOldGen: 4895004K(4895232K)->4988228K(4988416K)
[5548.548s][info][gc,metaspace   ] GC(1457) Metaspace: 29101K(29504K)->29101K(29504K) NonClass: 24209K(24384K)->24209K(24384K) Class: 4892K(5120K)->4892K(5120K)
[5548.548s][info][gc             ] GC(1457) Pause Young (Allocation Failure) 7339M->5003M(7443M) 98.659ms
[5548.548s][info][gc,cpu         ] GC(1457) User=0.54s Sys=0.04s Real=0.10s
...[5550.678s][info][gc,start       ] GC(1458) Pause Young (Allocation Failure)
[5550.779s][info][gc,heap        ] GC(1458) PSYoungGen: 2606720K(2633216K)->143348K(2614272K) Eden: 2470912K(2470912K)->0K(2470912K) From: 135808K(162304K)->143348K(143360K)
[5550.779s][info][gc,heap        ] GC(1458) ParOldGen: 4988228K(4988416K)->5078188K(5078528K)
[5550.779s][info][gc,metaspace   ] GC(1458) Metaspace: 29101K(29504K)->29101K(29504K) NonClass: 24209K(24384K)->24209K(24384K) Class: 4892K(5120K)->4892K(5120K)
[5550.779s][info][gc             ] GC(1458) Pause Young (Allocation Failure) 7416M->5099M(7512M) 101.006ms
[5550.779s][info][gc,cpu         ] GC(1458) User=0.56s Sys=0.03s Real=0.10s
..[5552.944s][info][gc,start       ] GC(1459) Pause Young (Allocation Failure)
[5553.048s][info][gc,heap        ] GC(1459) PSYoungGen: 2614260K(2614272K)->147216K(2632704K) Eden: 2470912K(2470912K)->0K(2471936K) From: 143348K(143360K)->147216K(160768K)
[5553.048s][info][gc,heap        ] GC(1459) ParOldGen: 5078188K(5078528K)->5168308K(5168640K)
[5553.048s][info][gc,metaspace   ] GC(1459) Metaspace: 29101K(29504K)->29101K(29504K) NonClass: 24209K(24384K)->24209K(24384K) Class: 4892K(5120K)->4892K(5120K)
[5553.048s][info][gc             ] GC(1459) Pause Young (Allocation Failure) 7512M->5190M(7618M) 103.422ms
[5553.048s][info][gc,cpu         ] GC(1459) User=0.58s Sys=0.03s Real=0.11s
..[5555.123s][info][gc,start       ] GC(1460) Pause Young (Allocation Failure)
[5555.230s][info][gc,heap        ] GC(1460) PSYoungGen: 2619152K(2632704K)->155620K(2632192K) Eden: 2471936K(2471936K)->0K(2471936K) From: 147216K(160768K)->155620K(160256K)
[5555.230s][info][gc,heap        ] GC(1460) ParOldGen: 5168308K(5168640K)->5259396K(5259776K)
[5555.230s][info][gc,metaspace   ] GC(1460) Metaspace: 29101K(29504K)->29101K(29504K) NonClass: 24209K(24384K)->24209K(24384K) Class: 4892K(5120K)->4892K(5120K)
[5555.230s][info][gc             ] GC(1460) Pause Young (Allocation Failure) 7604M->5288M(7707M) 106.553ms
[5555.230s][info][gc,cpu         ] GC(1460) User=0.60s Sys=0.03s Real=0.11s
..[5557.371s][info][gc,start       ] GC(1461) Pause Young (Allocation Failure)
[5557.476s][info][gc,heap        ] GC(1461) PSYoungGen: 2627556K(2632192K)->147493K(2634240K) Eden: 2471936K(2471936K)->0K(2471424K) From: 155620K(160256K)->147493K(162816K)
[5557.476s][info][gc,heap        ] GC(1461) ParOldGen: 5259396K(5259776K)->5350644K(5350912K)
[5557.476s][info][gc,metaspace   ] GC(1461) Metaspace: 29101K(29504K)->29101K(29504K) NonClass: 24209K(24384K)->24209K(24384K) Class: 4892K(5120K)->4892K(5120K)
[5557.476s][info][gc             ] GC(1461) Pause Young (Allocation Failure) 7702M->5369M(7798M) 104.996ms
[5557.476s][info][gc,cpu         ] GC(1461) User=0.60s Sys=0.03s Real=0.10s
..[5559.587s][info][gc,start       ] GC(1462) Pause Young (Allocation Failure)
[5559.688s][info][gc,heap        ] GC(1462) PSYoungGen: 2618917K(2634240K)->142592K(2614272K) Eden: 2471424K(2471424K)->0K(2471424K) From: 147493K(162816K)->142592K(142848K)
[5559.688s][info][gc,heap        ] GC(1462) ParOldGen: 5350644K(5350912K)->5443676K(5444096K)
[5559.688s][info][gc,metaspace   ] GC(1462) Metaspace: 29101K(29504K)->29101K(29504K) NonClass: 24209K(24384K)->24209K(24384K) Class: 4892K(5120K)->4892K(5120K)
[5559.688s][info][gc             ] GC(1462) Pause Young (Allocation Failure) 7782M->5455M(7869M) 100.868ms
[5559.688s][info][gc,cpu         ] GC(1462) User=0.56s Sys=0.03s Real=0.11s
...[5561.915s][info][gc,start       ] GC(1463) Pause Young (Allocation Failure)
[5562.018s][info][gc,heap        ] GC(1463) PSYoungGen: 2614016K(2614272K)->148496K(2632704K) Eden: 2471424K(2471424K)->0K(2471936K) From: 142592K(142848K)->148496K(160768K)
[5562.018s][info][gc,heap        ] GC(1463) ParOldGen: 5443676K(5444096K)->5533556K(5533696K)
[5562.018s][info][gc,metaspace   ] GC(1463) Metaspace: 29101K(29504K)->29101K(29504K) NonClass: 24209K(24384K)->24209K(24384K) Class: 4892K(5120K)->4892K(5120K)
[5562.018s][info][gc             ] GC(1463) Pause Young (Allocation Failure) 7868M->5548M(7975M) 103.246ms
[5562.018s][info][gc,cpu         ] GC(1463) User=0.58s Sys=0.03s Real=0.11s
..[5564.165s][info][gc,start       ] GC(1464) Pause Full (Allocation Failure)
[5564.165s][info][gc,phases,start] GC(1464) Marking Phase
[5564.466s][info][gc,phases      ] GC(1464) Marking Phase 301.719ms
[5564.466s][info][gc,phases,start] GC(1464) Summary Phase
[5564.467s][info][gc,phases      ] GC(1464) Summary Phase 0.094ms
[5564.467s][info][gc,phases,start] GC(1464) Forward
[5564.600s][info][gc,phases      ] GC(1464) Forward 133.398ms
[5564.600s][info][gc,phases,start] GC(1464) Adjust Pointers
[5564.800s][info][gc,phases      ] GC(1464) Adjust Pointers 200.101ms
[5564.800s][info][gc,phases,start] GC(1464) Compaction Phase
[5564.929s][info][gc,phases      ] GC(1464) Compaction Phase 128.445ms
[5564.930s][info][gc,phases,start] GC(1464) Post Compact
[5564.937s][info][gc,phases      ] GC(1464) Post Compact 6.869ms
[5565.063s][info][gc,heap        ] GC(1464) PSYoungGen: 2620432K(2632704K)->0K(2632192K) Eden: 2471936K(2471936K)->0K(2471936K) From: 148496K(160768K)->0K(160256K)
[5565.063s][info][gc,heap        ] GC(1464) ParOldGen: 5533556K(5533696K)->1431740K(1687040K)
[5565.063s][info][gc,metaspace   ] GC(1464) Metaspace: 29101K(29504K)->29101K(29504K) NonClass: 24209K(24384K)->24209K(24384K) Class: 4892K(5120K)->4892K(5120K)
[5565.063s][info][gc             ] GC(1464) Pause Full (Allocation Failure) 7962M->1398M(4218M) 898.455ms
[5565.063s][info][gc,cpu         ] GC(1464) User=4.12s Sys=0.13s Real=0.90s
..[5566.567s][info][gc,start       ] GC(1465) Pause Young (Allocation Failure)
[5566.635s][info][gc,heap        ] GC(1465) PSYoungGen: 2471936K(2632192K)->149472K(2635264K) Eden: 2471936K(2471936K)->0K(2475008K) From: 0K(160256K)->149472K(160256K)
[5566.635s][info][gc,heap        ] GC(1465) ParOldGen: 1431740K(1687040K)->1431740K(1687040K)
[5566.635s][info][gc,metaspace   ] GC(1465) Metaspace: 29101K(29504K)->29101K(29504K) NonClass: 24209K(24384K)->24209K(24384K) Class: 4892K(5120K)->4892K(5120K)
[5566.635s][info][gc             ] GC(1465) Pause Young (Allocation Failure) 3812M->1544M(4221M) 67.921ms
[5566.635s][info][gc,cpu         ] GC(1465) User=0.41s Sys=0.00s Real=0.07s
..[5568.811s][info][gc,start       ] GC(1466) Pause Young (Allocation Failure)
[5568.909s][info][gc,heap        ] GC(1466) PSYoungGen: 2624480K(2635264K)->142112K(2635264K) Eden: 2475008K(2475008K)->0K(2475008K) From: 149472K(160256K)->142112K(160256K)
[5568.909s][info][gc,heap        ] GC(1466) ParOldGen: 1431740K(1687040K)->1529284K(1687040K)
[5568.909s][info][gc,metaspace   ] GC(1466) Metaspace: 29101K(29504K)->29101K(29504K) NonClass: 24209K(24384K)->24209K(24384K) Class: 4892K(5120K)->4892K(5120K)
[5568.909s][info][gc             ] GC(1466) Pause Young (Allocation Failure) 3961M->1632M(4221M) 97.367ms
[5568.909s][info][gc,cpu         ] GC(1466) User=0.58s Sys=0.00s Real=0.10s
.. (rIR:aIR:PR = 8856:8905:8905) (tPR = 133235) [OK] 
  5570s: Performance info:
         Transaction,    Success,    Partial,     Failed,   Receipts, AvgBarcode, 
             Overall,     542299,          0,          0,     515356,      59.48, 
         Response times:
             Request,    Success,    Partial,     Failed,   SkipFail,     Probes,    Samples,      min,      p50,      p90,      p95,      p99,      max, 
       TotalPurchase,     515361,          0,          0,          0,     359963,     465134,      200,     6000,    39000,    72000,   140000,  1100000,
     InStorePurchase,     269167,          0,          0,          0,     189285,     244400,      200,     6100,    40000,    73000,   134000,  1100000,
      OnlinePurchase,     191581,          0,          0,          0,     133068,     171667,      300,     5700,    38000,    71000,   140000,  1000000,
        InstPurchase,      54613,          0,          0,          0,      37610,      49067,      400,     6600,    40000,    73000,   134000,  1000000,
          AssocOfCat,        542,          0,          0,          0,        464,        748,    21000,    39000,    77100,   113000,   169020,   211000,
      AssocOfProduct,       5410,          0,          0,          0,       3788,       5192,      300,     6600,    37000,    59000,   126140,   199000,
      BusinessReport,       1350,          0,          0,          0,       1190,       1661,    26000,    48000,    94000,   148900,   192000,  1100000,
          CustBuyBeh,       5419,          0,          0,          0,       3883,       5267,      400,     6200,    39200,    69600,   129000,   199000,
       ProductReturn,      14222,          0,          0,          0,       9964,      13265,      200,     6200,    39000,    71000,   132000,  1000000,

  5570s: (65%)   IR =   8994 [5571.150s][info][gc,start       ] GC(1467) Pause Young (Allocation Failure)
[5571.247s][info][gc,heap        ] GC(1467) PSYoungGen: 2617120K(2635264K)->149120K(2635264K) Eden: 2475008K(2475008K)->0K(2476032K) From: 142112K(160256K)->149120K(159232K)
[5571.247s][info][gc,heap        ] GC(1467) ParOldGen: 1529284K(1687040K)->1618612K(1687040K)
[5571.247s][info][gc,metaspace   ] GC(1467) Metaspace: 29101K(29504K)->29101K(29504K) NonClass: 24209K(24384K)->24209K(24384K) Class: 4892K(5120K)->4892K(5120K)
[5571.247s][info][gc             ] GC(1467) Pause Young (Allocation Failure) 4049M->1726M(4221M) 96.818ms
[5571.247s][info][gc,cpu         ] GC(1467) User=0.57s Sys=0.00s Real=0.09s
...[5573.289s][info][gc,start       ] GC(1468) Pause Young (Allocation Failure)
[5573.382s][info][gc,heap        ] GC(1468) PSYoungGen: 2625152K(2635264K)->138304K(2635264K) Eden: 2476032K(2476032K)->0K(2476032K) From: 149120K(159232K)->138304K(159232K)
[5573.382s][info][gc,heap        ] GC(1468) ParOldGen: 1618612K(1687040K)->1712100K(1712128K)
[5573.382s][info][gc,metaspace   ] GC(1468) Metaspace: 29101K(29504K)->29101K(29504K) NonClass: 24209K(24384K)->24209K(24384K) Class: 4892K(5120K)->4892K(5120K)
[5573.382s][info][gc             ] GC(1468) Pause Young (Allocation Failure) 4144M->1807M(4245M) 93.819ms
[5573.382s][info][gc,cpu         ] GC(1468) User=0.54s Sys=0.02s Real=0.09s
..[5575.488s][info][gc,start       ] GC(1469) Pause Young (Allocation Failure)
[5575.583s][info][gc,heap        ] GC(1469) PSYoungGen: 2614336K(2635264K)->138112K(2636800K) Eden: 2476032K(2476032K)->0K(2477568K) From: 138304K(159232K)->138112K(159232K)
[5575.583s][info][gc,heap        ] GC(1469) ParOldGen: 1712100K(1712128K)->1803348K(1803776K)
[5575.584s][info][gc,metaspace   ] GC(1469) Metaspace: 29101K(29504K)->29101K(29504K) NonClass: 24209K(24384K)->24209K(24384K) Class: 4892K(5120K)->4892K(5120K)
[5575.584s][info][gc             ] GC(1469) Pause Young (Allocation Failure) 4225M->1895M(4336M) 95.471ms
[5575.584s][info][gc,cpu         ] GC(1469) User=0.52s Sys=0.04s Real=0.09s
..[5577.721s][info][gc,start       ] GC(1470) Pause Young (Allocation Failure)
[5577.822s][info][gc,heap        ] GC(1470) PSYoungGen: 2615680K(2636800K)->148096K(2636800K) Eden: 2477568K(2477568K)->0K(2477568K) From: 138112K(159232K)->148096K(159232K)
[5577.822s][info][gc,heap        ] GC(1470) ParOldGen: 1803348K(1803776K)->1893756K(1893888K)
[5577.822s][info][gc,metaspace   ] GC(1470) Metaspace: 29101K(29504K)->29101K(29504K) NonClass: 24209K(24384K)->24209K(24384K) Class: 4892K(5120K)->4892K(5120K)
[5577.822s][info][gc             ] GC(1470) Pause Young (Allocation Failure) 4315M->1993M(4424M) 100.905ms
[5577.822s][info][gc,cpu         ] GC(1470) User=0.57s Sys=0.03s Real=0.10s
..[5579.917s][info][gc,start       ] GC(1471) Pause Young (Allocation Failure)
[5580.028s][info][gc,heap        ] GC(1471) PSYoungGen: 2625664K(2636800K)->158769K(2629632K) Eden: 2477568K(2477568K)->0K(2470400K) From: 148096K(159232K)->158769K(159232K)
[5580.028s][info][gc,heap        ] GC(1471) ParOldGen: 1893756K(1893888K)->1986212K(1986560K)
[5580.028s][info][gc,metaspace   ] GC(1471) Metaspace: 29101K(29504K)->29101K(29504K) NonClass: 24209K(24384K)->24209K(24384K) Class: 4892K(5120K)->4892K(5120K)
[5580.028s][info][gc             ] GC(1471) Pause Young (Allocation Failure) 4413M->2094M(4508M) 110.723ms
[5580.028s][info][gc,cpu         ] GC(1471) User=0.61s Sys=0.04s Real=0.12s
..[5582.260s][info][gc,start       ] GC(1472) Pause Young (Allocation Failure)
[5582.353s][info][gc,heap        ] GC(1472) PSYoungGen: 2629169K(2629632K)->133728K(2604544K) Eden: 2470400K(2470400K)->0K(2470400K) From: 158769K(159232K)->133728K(134144K)
[5582.353s][info][gc,heap        ] GC(1472) ParOldGen: 1986212K(1986560K)->2077692K(2077696K)
[5582.353s][info][gc,metaspace   ] GC(1472) Metaspace: 29101K(29504K)->29101K(29504K) NonClass: 24209K(24384K)->24209K(24384K) Class: 4892K(5120K)->4892K(5120K)
[5582.353s][info][gc             ] GC(1472) Pause Young (Allocation Failure) 4507M->2159M(4572M) 93.646ms
[5582.353s][info][gc,cpu         ] GC(1472) User=0.53s Sys=0.03s Real=0.09s
...|[5584.523s][info][gc,start       ] GC(1473) Pause Young (Allocation Failure)
[5584.623s][info][gc,heap        ] GC(1473) PSYoungGen: 2604128K(2604544K)->146201K(2634240K) Eden: 2470400K(2470400K)->0K(2470912K) From: 133728K(134144K)->146201K(163328K)
[5584.623s][info][gc,heap        ] GC(1473) ParOldGen: 2077692K(2077696K)->2168068K(2168320K)
[5584.623s][info][gc,metaspace   ] GC(1473) Metaspace: 29101K(29504K)->29101K(29504K) NonClass: 24209K(24384K)->24209K(24384K) Class: 4892K(5120K)->4892K(5120K)
[5584.623s][info][gc             ] GC(1473) Pause Young (Allocation Failure) 4572M->2260M(4690M) 99.783ms
[5584.623s][info][gc,cpu         ] GC(1473) User=0.56s Sys=0.03s Real=0.10s
..[5586.826s][info][gc,start       ] GC(1474) Pause Young (Allocation Failure)
[5586.924s][info][gc,heap        ] GC(1474) PSYoungGen: 2617113K(2634240K)->144032K(2615296K) Eden: 2470912K(2470912K)->0K(2470912K) From: 146201K(163328K)->144032K(144384K)
[5586.924s][info][gc,heap        ] GC(1474) ParOldGen: 2168068K(2168320K)->2256908K(2257408K)
[5586.924s][info][gc,metaspace   ] GC(1474) Metaspace: 29101K(29504K)->29101K(29504K) NonClass: 24209K(24384K)->24209K(24384K) Class: 4892K(5120K)->4892K(5120K)
[5586.924s][info][gc             ] GC(1474) Pause Young (Allocation Failure) 4673M->2344M(4758M) 98.480ms
[5586.924s][info][gc,cpu         ] GC(1474) User=0.56s Sys=0.02s Real=0.10s
..[5589.026s][info][gc,start       ] GC(1475) Pause Young (Allocation Failure)
[5589.134s][info][gc,heap        ] GC(1475) PSYoungGen: 2614944K(2615296K)->156186K(2629120K) Eden: 2470912K(2470912K)->0K(2468352K) From: 144032K(144384K)->156186K(160768K)
[5589.134s][info][gc,heap        ] GC(1475) ParOldGen: 2256908K(2257408K)->2351260K(2351616K)
[5589.134s][info][gc,metaspace   ] GC(1475) Metaspace: 29101K(29504K)->29101K(29504K) NonClass: 24209K(24384K)->24209K(24384K) Class: 4892K(5120K)->4892K(5120K)
[5589.134s][info][gc             ] GC(1475) Pause Young (Allocation Failure) 4757M->2448M(4864M) 108.691ms
[5589.134s][info][gc,cpu         ] GC(1475) User=0.60s Sys=0.04s Real=0.11s
..[5591.267s][info][gc,start       ] GC(1476) Pause Young (Allocation Failure)
[5591.364s][info][gc,heap        ] GC(1476) PSYoungGen: 2624538K(2629120K)->142452K(2631680K) Eden: 2468352K(2468352K)->0K(2468352K) From: 156186K(160768K)->142452K(163328K)
[5591.364s][info][gc,heap        ] GC(1476) ParOldGen: 2351260K(2351616K)->2440308K(2440704K)
[5591.364s][info][gc,metaspace   ] GC(1476) Metaspace: 29101K(29504K)->29101K(29504K) NonClass: 24209K(24384K)->24209K(24384K) Class: 4892K(5120K)->4892K(5120K)
[5591.365s][info][gc             ] GC(1476) Pause Young (Allocation Failure) 4859M->2522M(4953M) 97.882ms
[5591.365s][info][gc,cpu         ] GC(1476) User=0.55s Sys=0.04s Real=0.10s
...[5593.645s][info][gc,start       ] GC(1477) Pause Young (Allocation Failure)
[5593.743s][info][gc,heap        ] GC(1477) PSYoungGen: 2610804K(2631680K)->146240K(2628608K) Eden: 2468352K(2468352K)->0K(2470400K) From: 142452K(163328K)->146240K(158208K)
[5593.743s][info][gc,heap        ] GC(1477) ParOldGen: 2440308K(2440704K)->2531284K(2531328K)
[5593.743s][info][gc,metaspace   ] GC(1477) Metaspace: 29101K(29504K)->29101K(29504K) NonClass: 24209K(24384K)->24209K(24384K) Class: 4892K(5120K)->4892K(5120K)
[5593.743s][info][gc             ] GC(1477) Pause Young (Allocation Failure) 4932M->2614M(5039M) 98.454ms
[5593.743s][info][gc,cpu         ] GC(1477) User=0.55s Sys=0.02s Real=0.10s
..[5595.827s][info][gc,start       ] GC(1478) Pause Young (Allocation Failure)
[5595.925s][info][gc,heap        ] GC(1478) PSYoungGen: 2616640K(2628608K)->138496K(2631168K) Eden: 2470400K(2470400K)->0K(2470400K) From: 146240K(158208K)->138496K(160768K)
[5595.925s][info][gc,heap        ] GC(1478) ParOldGen: 2531284K(2531328K)->2626156K(2626560K)
[5595.925s][info][gc,metaspace   ] GC(1478) Metaspace: 29101K(29504K)->29101K(29504K) NonClass: 24209K(24384K)->24209K(24384K) Class: 4892K(5120K)->4892K(5120K)
[5595.925s][info][gc             ] GC(1478) Pause Young (Allocation Failure) 5027M->2699M(5134M) 97.916ms
[5595.925s][info][gc,cpu         ] GC(1478) User=0.54s Sys=0.02s Real=0.10s
..[5597.979s][info][gc,start       ] GC(1479) Pause Young (Allocation Failure)
[5598.082s][info][gc,heap        ] GC(1479) PSYoungGen: 2608896K(2631168K)->155765K(2630656K) Eden: 2470400K(2470400K)->0K(2470400K) From: 138496K(160768K)->155765K(160256K)
[5598.082s][info][gc,heap        ] GC(1479) ParOldGen: 2626156K(2626560K)->2714876K(2715136K)
[5598.082s][info][gc,metaspace   ] GC(1479) Metaspace: 29101K(29504K)->29101K(29504K) NonClass: 24209K(24384K)->24209K(24384K) Class: 4892K(5120K)->4892K(5120K)
[5598.082s][info][gc             ] GC(1479) Pause Young (Allocation Failure) 5112M->2803M(5220M) 103.421ms
[5598.082s][info][gc,cpu         ] GC(1479) User=0.59s Sys=0.02s Real=0.10s
..[5600.224s][info][gc,start       ] GC(1480) Pause Young (Allocation Failure)
[5600.331s][info][gc,heap        ] GC(1480) PSYoungGen: 2626165K(2630656K)->158875K(2629632K) Eden: 2470400K(2470400K)->0K(2470400K) From: 155765K(160256K)->158875K(159232K)
[5600.331s][info][gc,heap        ] GC(1480) ParOldGen: 2714876K(2715136K)->2809004K(2809344K)
[5600.331s][info][gc,metaspace   ] GC(1480) Metaspace: 29101K(29504K)->29101K(29504K) NonClass: 24209K(24384K)->24209K(24384K) Class: 4892K(5120K)->4892K(5120K)
[5600.331s][info][gc             ] GC(1480) Pause Young (Allocation Failure) 5215M->2898M(5311M) 107.159ms
[5600.331s][info][gc,cpu         ] GC(1480) User=0.62s Sys=0.02s Real=0.11s
..[5602.511s][info][gc,start       ] GC(1481) Pause Young (Allocation Failure)
[5602.612s][info][gc,heap        ] GC(1481) PSYoungGen: 2629275K(2629632K)->144068K(2631168K) Eden: 2470400K(2470400K)->0K(2465280K) From: 158875K(159232K)->144068K(165888K)
[5602.612s][info][gc,heap        ] GC(1481) ParOldGen: 2809004K(2809344K)->2898956K(2899456K)
[5602.612s][info][gc,metaspace   ] GC(1481) Metaspace: 29101K(29504K)->29101K(29504K) NonClass: 24209K(24384K)->24209K(24384K) Class: 4892K(5120K)->4892K(5120K)
[5602.612s][info][gc             ] GC(1481) Pause Young (Allocation Failure) 5310M->2971M(5401M) 100.457ms
[5602.612s][info][gc,cpu         ] GC(1481) User=0.56s Sys=0.03s Real=0.10s
...[5604.713s][info][gc,start       ] GC(1482) Pause Young (Allocation Failure)
[5604.813s][info][gc,heap        ] GC(1482) PSYoungGen: 2609348K(2631168K)->140512K(2606080K) Eden: 2465280K(2465280K)->0K(2465280K) From: 144068K(165888K)->140512K(140800K)
[5604.813s][info][gc,heap        ] GC(1482) ParOldGen: 2898956K(2899456K)->2990908K(2991104K)
[5604.813s][info][gc,metaspace   ] GC(1482) Metaspace: 29101K(29504K)->29101K(29504K) NonClass: 24209K(24384K)->24209K(24384K) Class: 4892K(5120K)->4892K(5120K)
[5604.813s][info][gc             ] GC(1482) Pause Young (Allocation Failure) 5379M->3058M(5466M) 100.803ms
[5604.814s][info][gc,cpu         ] GC(1482) User=0.57s Sys=0.02s Real=0.10s
..[5606.968s][info][gc,start       ] GC(1483) Pause Young (Allocation Failure)
[5607.070s][info][gc,heap        ] GC(1483) PSYoungGen: 2605792K(2606080K)->147360K(2630144K) Eden: 2465280K(2465280K)->0K(2466304K) From: 140512K(140800K)->147360K(163840K)
[5607.070s][info][gc,heap        ] GC(1483) ParOldGen: 2990908K(2991104K)->3083492K(3083776K)
[5607.070s][info][gc,metaspace   ] GC(1483) Metaspace: 29101K(29504K)->29101K(29504K) NonClass: 24209K(24384K)->24209K(24384K) Class: 4892K(5120K)->4892K(5120K)
[5607.070s][info][gc             ] GC(1483) Pause Young (Allocation Failure) 5465M->3155M(5580M) 102.481ms
[5607.070s][info][gc,cpu         ] GC(1483) User=0.58s Sys=0.02s Real=0.10s
..[5609.200s][info][gc,start       ] GC(1484) Pause Young (Allocation Failure)
[5609.301s][info][gc,heap        ] GC(1484) PSYoungGen: 2613664K(2630144K)->150292K(2629120K) Eden: 2466304K(2466304K)->0K(2466304K) From: 147360K(163840K)->150292K(162816K)
[5609.301s][info][gc,heap        ] GC(1484) ParOldGen: 3083492K(3083776K)->3173180K(3173376K)
[5609.301s][info][gc,metaspace   ] GC(1484) Metaspace: 29101K(29504K)->29101K(29504K) NonClass: 24209K(24384K)->24209K(24384K) Class: 4892K(5120K)->4892K(5120K)
[5609.301s][info][gc             ] GC(1484) Pause Young (Allocation Failure) 5563M->3245M(5666M) 101.799ms
[5609.301s][info][gc,cpu         ] GC(1484) User=0.57s Sys=0.03s Real=0.10s
..[5611.443s][info][gc,start       ] GC(1485) Pause Young (Allocation Failure)
[5611.544s][info][gc,heap        ] GC(1485) PSYoungGen: 2616596K(2629120K)->141319K(2632192K) Eden: 2466304K(2466304K)->0K(2469888K) From: 150292K(162816K)->141319K(162304K)
[5611.544s][info][gc,heap        ] GC(1485) ParOldGen: 3173180K(3173376K)->3264348K(3264512K)
[5611.544s][info][gc,metaspace   ] GC(1485) Metaspace: 29101K(29504K)->29101K(29504K) NonClass: 24209K(24384K)->24209K(24384K) Class: 4892K(5120K)->4892K(5120K)
[5611.544s][info][gc             ] GC(1485) Pause Young (Allocation Failure) 5654M->3325M(5758M) 101.367ms
[5611.544s][info][gc,cpu         ] GC(1485) User=0.58s Sys=0.03s Real=0.10s
...[5613.707s][info][gc,start       ] GC(1486) Pause Young (Allocation Failure)
[5613.806s][info][gc,heap        ] GC(1486) PSYoungGen: 2611207K(2632192K)->141760K(2631680K) Eden: 2469888K(2469888K)->0K(2469888K) From: 141319K(162304K)->141760K(161792K)
[5613.806s][info][gc,heap        ] GC(1486) ParOldGen: 3264348K(3264512K)->3356116K(3356160K)
[5613.806s][info][gc,metaspace   ] GC(1486) Metaspace: 29101K(29504K)->29101K(29504K) NonClass: 24209K(24384K)->24209K(24384K) Class: 4892K(5120K)->4892K(5120K)
[5613.806s][info][gc             ] GC(1486) Pause Young (Allocation Failure) 5737M->3415M(5847M) 99.681ms
[5613.806s][info][gc,cpu         ] GC(1486) User=0.56s Sys=0.03s Real=0.10s
..[5615.911s][info][gc,start       ] GC(1487) Pause Young (Allocation Failure)
[5616.010s][info][gc,heap        ] GC(1487) PSYoungGen: 2611648K(2631680K)->142368K(2633216K) Eden: 2469888K(2469888K)->0K(2472960K) From: 141760K(161792K)->142368K(160256K)
[5616.011s][info][gc,heap        ] GC(1487) ParOldGen: 3356116K(3356160K)->3448476K(3448832K)
[5616.011s][info][gc,metaspace   ] GC(1487) Metaspace: 29101K(29504K)->29101K(29504K) NonClass: 24209K(24384K)->24209K(24384K) Class: 4892K(5120K)->4892K(5120K)
[5616.011s][info][gc             ] GC(1487) Pause Young (Allocation Failure) 5827M->3506M(5939M) 99.927ms
[5616.011s][info][gc,cpu         ] GC(1487) User=0.57s Sys=0.03s Real=0.10s
..[5618.120s][info][gc,start       ] GC(1488) Pause Young (Allocation Failure)
[5618.226s][info][gc,heap        ] GC(1488) PSYoungGen: 2615328K(2633216K)->152947K(2633216K) Eden: 2472960K(2472960K)->0K(2472960K) From: 142368K(160256K)->152947K(160256K)
[5618.226s][info][gc,heap        ] GC(1488) ParOldGen: 3448476K(3448832K)->3539236K(3539456K)
[5618.226s][info][gc,metaspace   ] GC(1488) Metaspace: 29101K(29504K)->29101K(29504K) NonClass: 24209K(24384K)->24209K(24384K) Class: 4892K(5120K)->4892K(5120K)
[5618.226s][info][gc             ] GC(1488) Pause Young (Allocation Failure) 5921M->3605M(6028M) 106.545ms
[5618.226s][info][gc,cpu         ] GC(1488) User=0.60s Sys=0.03s Real=0.10s
..[5620.332s][info][gc,start       ] GC(1489) Pause Young (Allocation Failure)
[5620.433s][info][gc,heap        ] GC(1489) PSYoungGen: 2625907K(2633216K)->140549K(2634752K) Eden: 2472960K(2472960K)->0K(2473472K) From: 152947K(160256K)->140549K(161280K)
[5620.433s][info][gc,heap        ] GC(1489) ParOldGen: 3539236K(3539456K)->3632572K(3632640K)
[5620.433s][info][gc,metaspace   ] GC(1489) Metaspace: 29101K(29504K)->29101K(29504K) NonClass: 24209K(24384K)->24209K(24384K) Class: 4892K(5120K)->4892K(5120K)
[5620.433s][info][gc             ] GC(1489) Pause Young (Allocation Failure) 6020M->3684M(6120M) 100.250ms
[5620.433s][info][gc,cpu         ] GC(1489) User=0.57s Sys=0.02s Real=0.10s
...[5622.697s][info][gc,start       ] GC(1490) Pause Young (Allocation Failure)
[5622.797s][info][gc,heap        ] GC(1490) PSYoungGen: 2614021K(2634752K)->145397K(2618880K) Eden: 2473472K(2473472K)->0K(2473472K) From: 140549K(161280K)->145397K(145408K)
[5622.797s][info][gc,heap        ] GC(1490) ParOldGen: 3632572K(3632640K)->3722892K(3723264K)
[5622.797s][info][gc,metaspace   ] GC(1490) Metaspace: 29101K(29504K)->29101K(29504K) NonClass: 24209K(24384K)->24209K(24384K) Class: 4892K(5120K)->4892K(5120K)
[5622.797s][info][gc             ] GC(1490) Pause Young (Allocation Failure) 6100M->3777M(6193M) 100.316ms
[5622.797s][info][gc,cpu         ] GC(1490) User=0.56s Sys=0.04s Real=0.10s
..[5624.961s][info][gc,start       ] GC(1491) Pause Young (Allocation Failure)
[5625.061s][info][gc,heap        ] GC(1491) PSYoungGen: 2618869K(2618880K)->140736K(2634240K) Eden: 2473472K(2473472K)->0K(2474496K) From: 145397K(145408K)->140736K(159744K)
[5625.061s][info][gc,heap        ] GC(1491) ParOldGen: 3722892K(3723264K)->3815828K(3815936K)
[5625.061s][info][gc,metaspace   ] GC(1491) Metaspace: 29101K(29504K)->29101K(29504K) NonClass: 24209K(24384K)->24209K(24384K) Class: 4892K(5120K)->4892K(5120K)
[5625.061s][info][gc             ] GC(1491) Pause Young (Allocation Failure) 6193M->3863M(6299M) 99.558ms
[5625.061s][info][gc,cpu         ] GC(1491) User=0.56s Sys=0.03s Real=0.10s
..[5627.240s][info][gc,start       ] GC(1492) Pause Young (Allocation Failure)
[5627.342s][info][gc,heap        ] GC(1492) PSYoungGen: 2615232K(2634240K)->146228K(2633728K) Eden: 2474496K(2474496K)->0K(2474496K) From: 140736K(159744K)->146228K(159232K)
[5627.342s][info][gc,heap        ] GC(1492) ParOldGen: 3815828K(3815936K)->3904892K(3905024K)
[5627.342s][info][gc,metaspace   ] GC(1492) Metaspace: 29101K(29504K)->29101K(29504K) NonClass: 24209K(24384K)->24209K(24384K) Class: 4892K(5120K)->4892K(5120K)
[5627.342s][info][gc             ] GC(1492) Pause Young (Allocation Failure) 6280M->3956M(6385M) 101.471ms
[5627.342s][info][gc,cpu         ] GC(1492) User=0.57s Sys=0.02s Real=0.10s
..[5629.450s][info][gc,start       ] GC(1493) Pause Young (Allocation Failure)
[5629.548s][info][gc,heap        ] GC(1493) PSYoungGen: 2620724K(2633728K)->138144K(2635264K) Eden: 2474496K(2474496K)->0K(2477056K) From: 146228K(159232K)->138144K(158208K)
[5629.548s][info][gc,heap        ] GC(1493) ParOldGen: 3904892K(3905024K)->3997012K(3997184K)
[5629.548s][info][gc,metaspace   ] GC(1493) Metaspace: 29101K(29504K)->29101K(29504K) NonClass: 24209K(24384K)->24209K(24384K) Class: 4892K(5120K)->4892K(5120K)
[5629.548s][info][gc             ] GC(1493) Pause Young (Allocation Failure) 6372M->4038M(6477M) 97.990ms
[5629.548s][info][gc,cpu         ] GC(1493) User=0.55s Sys=0.03s Real=0.10s
..[5631.612s][info][gc,start       ] GC(1494) Pause Young (Allocation Failure)
[5631.712s][info][gc,heap        ] GC(1494) PSYoungGen: 2615200K(2635264K)->141344K(2635264K) Eden: 2477056K(2477056K)->0K(2477056K) From: 138144K(158208K)->141344K(158208K)
[5631.712s][info][gc,heap        ] GC(1494) ParOldGen: 3997012K(3997184K)->4088140K(4088320K)
[5631.712s][info][gc,metaspace   ] GC(1494) Metaspace: 29101K(29504K)->29101K(29504K) NonClass: 24209K(24384K)->24209K(24384K) Class: 4892K(5120K)->4892K(5120K)
[5631.712s][info][gc             ] GC(1494) Pause Young (Allocation Failure) 6457M->4130M(6566M) 100.099ms
[5631.712s][info][gc,cpu         ] GC(1494) User=0.56s Sys=0.02s Real=0.10s
...[5633.886s][info][gc,start       ] GC(1495) Pause Young (Allocation Failure)
[5633.990s][info][gc,heap        ] GC(1495) PSYoungGen: 2618400K(2635264K)->148512K(2636288K) Eden: 2477056K(2477056K)->0K(2479104K) From: 141344K(158208K)->148512K(157184K)
[5633.990s][info][gc,heap        ] GC(1495) ParOldGen: 4088140K(4088320K)->4179908K(4179968K)
[5633.990s][info][gc,metaspace   ] GC(1495) Metaspace: 29101K(29504K)->29101K(29504K) NonClass: 24209K(24384K)->24209K(24384K) Class: 4892K(5120K)->4892K(5120K)
[5633.990s][info][gc             ] GC(1495) Pause Young (Allocation Failure) 6549M->4226M(6656M) 104.425ms
[5633.990s][info][gc,cpu         ] GC(1495) User=0.60s Sys=0.02s Real=0.11s
..[5636.077s][info][gc,start       ] GC(1496) Pause Young (Allocation Failure)
[5636.178s][info][gc,heap        ] GC(1496) PSYoungGen: 2627616K(2636288K)->140032K(2636800K) Eden: 2479104K(2479104K)->0K(2479104K) From: 148512K(157184K)->140032K(157696K)
[5636.178s][info][gc,heap        ] GC(1496) ParOldGen: 4179908K(4179968K)->4274740K(4275200K)
[5636.178s][info][gc,metaspace   ] GC(1496) Metaspace: 29101K(29504K)->29101K(29504K) NonClass: 24209K(24384K)->24209K(24384K) Class: 4892K(5120K)->4892K(5120K)
[5636.178s][info][gc             ] GC(1496) Pause Young (Allocation Failure) 6647M->4311M(6750M) 101.258ms
[5636.178s][info][gc,cpu         ] GC(1496) User=0.56s Sys=0.04s Real=0.11s
..[5638.301s][info][gc,start       ] GC(1497) Pause Young (Allocation Failure)
[5638.404s][info][gc,heap        ] GC(1497) PSYoungGen: 2619136K(2636800K)->148340K(2638336K) Eden: 2479104K(2479104K)->0K(2481152K) From: 140032K(157696K)->148340K(157184K)
[5638.404s][info][gc,heap        ] GC(1497) ParOldGen: 4274740K(4275200K)->4362108K(4362240K)
[5638.404s][info][gc,metaspace   ] GC(1497) Metaspace: 29101K(29504K)->29101K(29504K) NonClass: 24209K(24384K)->24209K(24384K) Class: 4892K(5120K)->4892K(5120K)
[5638.404s][info][gc             ] GC(1497) Pause Young (Allocation Failure) 6732M->4404M(6836M) 103.242ms
[5638.404s][info][gc,cpu         ] GC(1497) User=0.59s Sys=0.02s Real=0.10s
..[5640.471s][info][gc,start       ] GC(1498) Pause Young (Allocation Failure)
[5640.573s][info][gc,heap        ] GC(1498) PSYoungGen: 2629492K(2638336K)->143040K(2624512K) Eden: 2481152K(2481152K)->0K(2481152K) From: 148340K(157184K)->143040K(143360K)
[5640.573s][info][gc,heap        ] GC(1498) ParOldGen: 4362108K(4362240K)->4455620K(4455936K)
[5640.573s][info][gc,metaspace   ] GC(1498) Metaspace: 29101K(29504K)->29101K(29504K) NonClass: 24209K(24384K)->24209K(24384K) Class: 4892K(5120K)->4892K(5120K)
[5640.573s][info][gc             ] GC(1498) Pause Young (Allocation Failure) 6827M->4490M(6914M) 101.674ms
[5640.573s][info][gc,cpu         ] GC(1498) User=0.57s Sys=0.03s Real=0.10s
..[5642.153s][info][gc,start       ] GC(1499) Pause Full (Diagnostic Command)
[5642.153s][info][gc,phases,start] GC(1499) Marking Phase
[5642.453s][info][gc,phases      ] GC(1499) Marking Phase 300.947ms
[5642.454s][info][gc,phases,start] GC(1499) Summary Phase
[5642.454s][info][gc,phases      ] GC(1499) Summary Phase 0.077ms
[5642.454s][info][gc,phases,start] GC(1499) Forward
[5642.613s][info][gc,phases      ] GC(1499) Forward 159.373ms
[5642.613s][info][gc,phases,start] GC(1499) Adjust Pointers
[5642.824s][info][gc,phases      ] GC(1499) Adjust Pointers 210.947ms
[5642.824s][info][gc,phases,start] GC(1499) Compaction Phase
[5642.978s][info][gc,phases      ] GC(1499) Compaction Phase 154.040ms
[5642.980s][info][gc,phases,start] GC(1499) Post Compact
[5642.986s][info][gc,phases      ] GC(1499) Post Compact 5.562ms
[5642.986s][info][gc,heap        ] GC(1499) PSYoungGen: 2023585K(2624512K)->0K(2624512K) Eden: 1880545K(2481152K)->0K(2481152K) From: 143040K(143360K)->0K(143360K)
[5642.986s][info][gc,heap        ] GC(1499) ParOldGen: 4455620K(4455936K)->1157813K(4455936K)
[5642.986s][info][gc,metaspace   ] GC(1499) Metaspace: 29101K(29504K)->29101K(29504K) NonClass: 24209K(24384K)->24209K(24384K) Class: 4892K(5120K)->4892K(5120K)
[5642.986s][info][gc             ] GC(1499) Pause Full (Diagnostic Command) 6327M->1130M(6914M) 833.277ms
[5642.986s][info][gc,cpu         ] GC(1499) User=4.43s Sys=0.01s Real=0.83s
..[5644.459s][info][gc,start       ] GC(1500) Pause Young (Allocation Failure)
[5644.524s][info][gc,heap        ] GC(1500) PSYoungGen: 2481152K(2624512K)->144868K(2638848K) Eden: 2481152K(2481152K)->0K(2482688K) From: 0K(143360K)->144868K(156160K)
[5644.524s][info][gc,heap        ] GC(1500) ParOldGen: 1157813K(4455936K)->1157813K(4455936K)
[5644.524s][info][gc,metaspace   ] GC(1500) Metaspace: 29101K(29504K)->29101K(29504K) NonClass: 24209K(24384K)->24209K(24384K) Class: 4892K(5120K)->4892K(5120K)
[5644.524s][info][gc             ] GC(1500) Pause Young (Allocation Failure) 3553M->1272M(6928M) 64.802ms
[5644.524s][info][gc,cpu         ] GC(1500) User=0.39s Sys=0.00s Real=0.06s
. (rIR:aIR:PR = 8994:9003:9003) (tPR = 134172) [OK] 
  5644s: Performance info:
         Transaction,    Success,    Partial,     Failed,   Receipts, AvgBarcode, 
             Overall,     545799,          0,          0,     518378,      59.47, 
         Response times:
             Request,    Success,    Partial,     Failed,   SkipFail,     Probes,    Samples,      min,      p50,      p90,      p95,      p99,      max, 
       TotalPurchase,     518378,          0,          0,          0,     357584,     451350,      300,     6000,    38000,    72000,   296000,   507000,
     InStorePurchase,     272800,          0,          0,          0,     187963,     236455,      300,     5900,    37000,    70000,   282000,   507000,
      OnlinePurchase,     191305,          0,          0,          0,     131279,     166323,      300,     6200,    39000,    74000,   296000,   507000,
        InstPurchase,      54273,          0,          0,          0,      38342,      48572,      400,     6100,    38700,    74000,   292000,   499000,
          AssocOfCat,        542,          0,          0,          0,        451,        696,    23000,    42000,   103000,   150450,   548030,   940000,
      AssocOfProduct,       5452,          0,          0,          0,       3857,       5074,      600,     4800,    33000,    66000,   298750,   469000,
      BusinessReport,       1364,          0,          0,          0,       1233,       1690,    25000,    48000,    95000,   150450,   454990,   910000,
          CustBuyBeh,       5432,          0,          0,          0,       3889,       5183,      400,     5400,    34600,    63000,   330000,   469000,
       ProductReturn,      14631,          0,          0,          0,      10276,      13227,      300,     4600,    33000,    67000,   338000,   579000,

  5644s: (66%)   IR =   9132 .[5646.592s][info][gc,start       ] GC(1501) Pause Young (Allocation Failure)
[5646.684s][info][gc,heap        ] GC(1501) PSYoungGen: 2627556K(2638848K)->141728K(2637824K) Eden: 2482688K(2482688K)->0K(2482688K) From: 144868K(156160K)->141728K(155136K)
[5646.684s][info][gc,heap        ] GC(1501) ParOldGen: 1157813K(4455936K)->1252394K(4455936K)
[5646.684s][info][gc,metaspace   ] GC(1501) Metaspace: 29101K(29504K)->29101K(29504K) NonClass: 24209K(24384K)->24209K(24384K) Class: 4892K(5120K)->4892K(5120K)
[5646.684s][info][gc             ] GC(1501) Pause Young (Allocation Failure) 3696M->1361M(6927M) 92.037ms
[5646.684s][info][gc,cpu         ] GC(1501) User=0.55s Sys=0.00s Real=0.09s
..[5648.778s][info][gc,start       ] GC(1502) Pause Young (Allocation Failure)
[5648.872s][info][gc,heap        ] GC(1502) PSYoungGen: 2624416K(2637824K)->146880K(2639360K) Eden: 2482688K(2482688K)->0K(2484736K) From: 141728K(155136K)->146880K(154624K)
[5648.872s][info][gc,heap        ] GC(1502) ParOldGen: 1252394K(4455936K)->1343546K(4455936K)
[5648.872s][info][gc,metaspace   ] GC(1502) Metaspace: 29101K(29504K)->29101K(29504K) NonClass: 24209K(24384K)->24209K(24384K) Class: 4892K(5120K)->4892K(5120K)
[5648.872s][info][gc             ] GC(1502) Pause Young (Allocation Failure) 3785M->1455M(6929M) 94.042ms
[5648.872s][info][gc,cpu         ] GC(1502) User=0.56s Sys=0.00s Real=0.09s
..[5651.050s][info][gc,start       ] GC(1503) Pause Young (Allocation Failure)
[5651.147s][info][gc,heap        ] GC(1503) PSYoungGen: 2631616K(2639360K)->149472K(2639360K) Eden: 2484736K(2484736K)->0K(2484736K) From: 146880K(154624K)->149472K(154624K)
[5651.147s][info][gc,heap        ] GC(1503) ParOldGen: 1343546K(4455936K)->1436354K(4455936K)
[5651.147s][info][gc,metaspace   ] GC(1503) Metaspace: 29101K(29504K)->29101K(29504K) NonClass: 24209K(24384K)->24209K(24384K) Class: 4892K(5120K)->4892K(5120K)
[5651.147s][info][gc             ] GC(1503) Pause Young (Allocation Failure) 3881M->1548M(6929M) 96.947ms
[5651.147s][info][gc,cpu         ] GC(1503) User=0.57s Sys=0.00s Real=0.09s
...[5653.235s][info][gc,start       ] GC(1504) Pause Young (Allocation Failure)
[5653.326s][info][gc,heap        ] GC(1504) PSYoungGen: 2634208K(2639360K)->135488K(2639360K) Eden: 2484736K(2484736K)->0K(2483712K) From: 149472K(154624K)->135488K(155648K)
[5653.326s][info][gc,heap        ] GC(1504) ParOldGen: 1436354K(4455936K)->1529794K(4455936K)
[5653.326s][info][gc,metaspace   ] GC(1504) Metaspace: 29101K(29504K)->29101K(29504K) NonClass: 24209K(24384K)->24209K(24384K) Class: 4892K(5120K)->4892K(5120K)
[5653.326s][info][gc             ] GC(1504) Pause Young (Allocation Failure) 3975M->1626M(6929M) 90.966ms
[5653.326s][info][gc,cpu         ] GC(1504) User=0.54s Sys=0.00s Real=0.09s
..[5655.472s][info][gc,start       ] GC(1505) Pause Young (Allocation Failure)
[5655.562s][info][gc,heap        ] GC(1505) PSYoungGen: 2619200K(2639360K)->137088K(2639872K) Eden: 2483712K(2483712K)->0K(2483712K) From: 135488K(155648K)->137088K(156160K)
[5655.562s][info][gc,heap        ] GC(1505) ParOldGen: 1529794K(4455936K)->1620954K(4455936K)
[5655.562s][info][gc,metaspace   ] GC(1505) Metaspace: 29101K(29504K)->29101K(29504K) NonClass: 24209K(24384K)->24209K(24384K) Class: 4892K(5120K)->4892K(5120K)
[5655.562s][info][gc             ] GC(1505) Pause Young (Allocation Failure) 4051M->1716M(6929M) 89.675ms
[5655.562s][info][gc,cpu         ] GC(1505) User=0.54s Sys=0.00s Real=0.09s
..|[5657.701s][info][gc,start       ] GC(1506) Pause Young (Allocation Failure)
[5657.794s][info][gc,heap        ] GC(1506) PSYoungGen: 2620800K(2639872K)->146688K(2639872K) Eden: 2483712K(2483712K)->0K(2483712K) From: 137088K(156160K)->146688K(156160K)
[5657.794s][info][gc,heap        ] GC(1506) ParOldGen: 1620954K(4455936K)->1710434K(4455936K)
[5657.794s][info][gc,metaspace   ] GC(1506) Metaspace: 29101K(29504K)->29101K(29504K) NonClass: 24209K(24384K)->24209K(24384K) Class: 4892K(5120K)->4892K(5120K)
[5657.794s][info][gc             ] GC(1506) Pause Young (Allocation Failure) 4142M->1813M(6929M) 93.519ms
[5657.794s][info][gc,cpu         ] GC(1506) User=0.56s Sys=0.00s Real=0.09s
..[5659.867s][info][gc,start       ] GC(1507) Pause Young (Allocation Failure)
[5659.964s][info][gc,heap        ] GC(1507) PSYoungGen: 2630400K(2639872K)->148368K(2632192K) Eden: 2483712K(2483712K)->0K(2483712K) From: 146688K(156160K)->148368K(148480K)
[5659.964s][info][gc,heap        ] GC(1507) ParOldGen: 1710434K(4455936K)->1804482K(4455936K)
[5659.964s][info][gc,metaspace   ] GC(1507) Metaspace: 29101K(29504K)->29101K(29504K) NonClass: 24209K(24384K)->24209K(24384K) Class: 4892K(5120K)->4892K(5120K)
[5659.964s][info][gc             ] GC(1507) Pause Young (Allocation Failure) 4239M->1907M(6922M) 97.035ms
[5659.964s][info][gc,cpu         ] GC(1507) User=0.58s Sys=0.00s Real=0.10s
..[5662.056s][info][gc,start       ] GC(1508) Pause Young (Allocation Failure)
[5662.152s][info][gc,heap        ] GC(1508) PSYoungGen: 2632080K(2632192K)->150964K(2637312K) Eden: 2483712K(2483712K)->0K(2480640K) From: 148368K(148480K)->150964K(156672K)
[5662.152s][info][gc,heap        ] GC(1508) ParOldGen: 1804482K(4455936K)->1894834K(4455936K)
[5662.152s][info][gc,metaspace   ] GC(1508) Metaspace: 29101K(29504K)->29101K(29504K) NonClass: 24209K(24384K)->24209K(24384K) Class: 4892K(5120K)->4892K(5120K)
[5662.152s][info][gc             ] GC(1508) Pause Young (Allocation Failure) 4332M->1997M(6927M) 95.429ms
[5662.152s][info][gc,cpu         ] GC(1508) User=0.56s Sys=0.00s Real=0.10s
...[5664.274s][info][gc,start       ] GC(1509) Pause Young (Allocation Failure)
[5664.366s][info][gc,heap        ] GC(1509) PSYoungGen: 2631604K(2637312K)->135488K(2616320K) Eden: 2480640K(2480640K)->0K(2480640K) From: 150964K(156672K)->135488K(135680K)
[5664.366s][info][gc,heap        ] GC(1509) ParOldGen: 1894834K(4455936K)->1988202K(4455936K)
[5664.366s][info][gc,metaspace   ] GC(1509) Metaspace: 29101K(29504K)->29101K(29504K) NonClass: 24209K(24384K)->24209K(24384K) Class: 4892K(5120K)->4892K(5120K)
[5664.366s][info][gc             ] GC(1509) Pause Young (Allocation Failure) 4420M->2073M(6906M) 91.964ms
[5664.366s][info][gc,cpu         ] GC(1509) User=0.55s Sys=0.00s Real=0.09s
..[5666.493s][info][gc,start       ] GC(1510) Pause Young (Allocation Failure)
[5666.585s][info][gc,heap        ] GC(1510) PSYoungGen: 2616128K(2616320K)->140256K(2638336K) Eden: 2480640K(2480640K)->0K(2480128K) From: 135488K(135680K)->140256K(158208K)
[5666.585s][info][gc,heap        ] GC(1510) ParOldGen: 1988202K(4455936K)->2078762K(4455936K)
[5666.585s][info][gc,metaspace   ] GC(1510) Metaspace: 29101K(29504K)->29101K(29504K) NonClass: 24209K(24384K)->24209K(24384K) Class: 4892K(5120K)->4892K(5120K)
[5666.585s][info][gc             ] GC(1510) Pause Young (Allocation Failure) 4496M->2167M(6928M) 92.440ms
[5666.585s][info][gc,cpu         ] GC(1510) User=0.55s Sys=0.00s Real=0.09s
..[5668.686s][info][gc,start       ] GC(1511) Pause Young (Allocation Failure)
[5668.779s][info][gc,heap        ] GC(1511) PSYoungGen: 2620384K(2638336K)->139808K(2620416K) Eden: 2480128K(2480128K)->0K(2480128K) From: 140256K(158208K)->139808K(140288K)
[5668.779s][info][gc,heap        ] GC(1511) ParOldGen: 2078762K(4455936K)->2171354K(4455936K)
[5668.779s][info][gc,metaspace   ] GC(1511) Metaspace: 29101K(29504K)->29101K(29504K) NonClass: 24209K(24384K)->24209K(24384K) Class: 4892K(5120K)->4892K(5120K)
[5668.779s][info][gc             ] GC(1511) Pause Young (Allocation Failure) 4589M->2256M(6910M) 92.741ms
[5668.779s][info][gc,cpu         ] GC(1511) User=0.55s Sys=0.00s Real=0.10s
..[5670.908s][info][gc,start       ] GC(1512) Pause Young (Allocation Failure)
[5671.001s][info][gc,heap        ] GC(1512) PSYoungGen: 2619936K(2620416K)->143968K(2637824K) Eden: 2480128K(2480128K)->0K(2481152K) From: 139808K(140288K)->143968K(156672K)
[5671.001s][info][gc,heap        ] GC(1512) ParOldGen: 2171354K(4455936K)->2263586K(4455936K)
[5671.001s][info][gc,metaspace   ] GC(1512) Metaspace: 29101K(29504K)->29101K(29504K) NonClass: 24209K(24384K)->24209K(24384K) Class: 4892K(5120K)->4892K(5120K)
[5671.002s][info][gc             ] GC(1512) Pause Young (Allocation Failure) 4678M->2351M(6927M) 93.891ms
[5671.002s][info][gc,cpu         ] GC(1512) User=0.56s Sys=0.00s Real=0.09s
..[5673.164s][info][gc,start       ] GC(1513) Pause Young (Allocation Failure)
[5673.262s][info][gc,heap        ] GC(1513) PSYoungGen: 2625120K(2637824K)->151840K(2636800K) Eden: 2481152K(2481152K)->0K(2481152K) From: 143968K(156672K)->151840K(155648K)
[5673.262s][info][gc,heap        ] GC(1513) ParOldGen: 2263586K(4455936K)->2353522K(4455936K)
[5673.262s][info][gc,metaspace   ] GC(1513) Metaspace: 29101K(29504K)->29101K(29504K) NonClass: 24209K(24384K)->24209K(24384K) Class: 4892K(5120K)->4892K(5120K)
[5673.262s][info][gc             ] GC(1513) Pause Young (Allocation Failure) 4774M->2446M(6926M) 97.904ms
[5673.262s][info][gc,cpu         ] GC(1513) User=0.58s Sys=0.00s Real=0.10s
...[5675.353s][info][gc,start       ] GC(1514) Pause Young (Allocation Failure)
[5675.447s][info][gc,heap        ] GC(1514) PSYoungGen: 2632992K(2636800K)->138544K(2638848K) Eden: 2481152K(2481152K)->0K(2481152K) From: 151840K(155648K)->138544K(157696K)
[5675.447s][info][gc,heap        ] GC(1514) ParOldGen: 2353522K(4455936K)->2447034K(4455936K)
[5675.447s][info][gc,metaspace   ] GC(1514) Metaspace: 29101K(29504K)->29101K(29504K) NonClass: 24209K(24384K)->24209K(24384K) Class: 4892K(5120K)->4892K(5120K)
[5675.447s][info][gc             ] GC(1514) Pause Young (Allocation Failure) 4869M->2524M(6928M) 93.427ms
[5675.447s][info][gc,cpu         ] GC(1514) User=0.55s Sys=0.00s Real=0.09s
..[5677.602s][info][gc,start       ] GC(1515) Pause Young (Allocation Failure)
[5677.696s][info][gc,heap        ] GC(1515) PSYoungGen: 2619696K(2638848K)->145888K(2627072K) Eden: 2481152K(2481152K)->0K(2481152K) From: 138544K(157696K)->145888K(145920K)
[5677.696s][info][gc,heap        ] GC(1515) ParOldGen: 2447034K(4455936K)->2535242K(4455936K)
[5677.696s][info][gc,metaspace   ] GC(1515) Metaspace: 29101K(29504K)->29101K(29504K) NonClass: 24209K(24384K)->24209K(24384K) Class: 4892K(5120K)->4892K(5120K)
[5677.696s][info][gc             ] GC(1515) Pause Young (Allocation Failure) 4947M->2618M(6917M) 94.488ms
[5677.696s][info][gc,cpu         ] GC(1515) User=0.56s Sys=0.00s Real=0.09s
..[5679.859s][info][gc,start       ] GC(1516) Pause Young (Allocation Failure)
[5679.955s][info][gc,heap        ] GC(1516) PSYoungGen: 2627040K(2627072K)->144340K(2638848K) Eden: 2481152K(2481152K)->0K(2482176K) From: 145888K(145920K)->144340K(156672K)
[5679.955s][info][gc,heap        ] GC(1516) ParOldGen: 2535242K(4455936K)->2631570K(4455936K)
[5679.955s][info][gc,metaspace   ] GC(1516) Metaspace: 29101K(29504K)->29101K(29504K) NonClass: 24209K(24384K)->24209K(24384K) Class: 4892K(5120K)->4892K(5120K)
[5679.955s][info][gc             ] GC(1516) Pause Young (Allocation Failure) 5041M->2710M(6928M) 96.101ms
[5679.955s][info][gc,cpu         ] GC(1516) User=0.57s Sys=0.00s Real=0.09s
..[5682.089s][info][gc,start       ] GC(1517) Pause Young (Allocation Failure)
[5682.189s][info][gc,heap        ] GC(1517) PSYoungGen: 2626516K(2638848K)->155637K(2637824K) Eden: 2482176K(2482176K)->0K(2482176K) From: 144340K(156672K)->155637K(155648K)
[5682.189s][info][gc,heap        ] GC(1517) ParOldGen: 2631570K(4455936K)->2720850K(4455936K)
[5682.189s][info][gc,metaspace   ] GC(1517) Metaspace: 29101K(29504K)->29101K(29504K) NonClass: 24209K(24384K)->24209K(24384K) Class: 4892K(5120K)->4892K(5120K)
[5682.189s][info][gc             ] GC(1517) Pause Young (Allocation Failure) 5134M->2809M(6927M) 99.547ms
[5682.189s][info][gc,cpu         ] GC(1517) User=0.59s Sys=0.00s Real=0.10s
..[5684.304s][info][gc,start       ] GC(1518) Pause Young (Allocation Failure)
[5684.397s][info][gc,heap        ] GC(1518) PSYoungGen: 2637813K(2637824K)->138976K(2572288K) Eden: 2482176K(2482176K)->0K(2414080K) From: 155637K(155648K)->138976K(158208K)
[5684.397s][info][gc,heap        ] GC(1518) ParOldGen: 2720850K(4455936K)->2812922K(4455936K)
[5684.397s][info][gc,metaspace   ] GC(1518) Metaspace: 29101K(29504K)->29101K(29504K) NonClass: 24209K(24384K)->24209K(24384K) Class: 4892K(5120K)->4892K(5120K)
[5684.397s][info][gc             ] GC(1518) Pause Young (Allocation Failure) 5233M->2882M(6863M) 93.405ms
[5684.397s][info][gc,cpu         ] GC(1518) User=0.55s Sys=0.00s Real=0.10s
..[5686.399s][info][gc,start       ] GC(1519) Pause Young (Allocation Failure)
[5686.494s][info][gc,heap        ] GC(1519) PSYoungGen: 2553056K(2572288K)->139008K(2605056K) Eden: 2414080K(2414080K)->0K(2414080K) From: 138976K(158208K)->139008K(190976K)
[5686.494s][info][gc,heap        ] GC(1519) ParOldGen: 2812922K(4455936K)->2907682K(4455936K)
[5686.494s][info][gc,metaspace   ] GC(1519) Metaspace: 29101K(29504K)->29101K(29504K) NonClass: 24209K(24384K)->24209K(24384K) Class: 4892K(5120K)->4892K(5120K)
[5686.494s][info][gc             ] GC(1519) Pause Young (Allocation Failure) 5240M->2975M(6895M) 94.574ms
[5686.494s][info][gc,cpu         ] GC(1519) User=0.56s Sys=0.00s Real=0.09s
...[5688.503s][info][gc,start       ] GC(1520) Pause Young (Allocation Failure)
[5688.599s][info][gc,heap        ] GC(1520) PSYoungGen: 2553088K(2605056K)->141380K(2598400K) Eden: 2414080K(2414080K)->0K(2415616K) From: 139008K(190976K)->141380K(182784K)
[5688.599s][info][gc,heap        ] GC(1520) ParOldGen: 2907682K(4455936K)->2998042K(4455936K)
[5688.599s][info][gc,metaspace   ] GC(1520) Metaspace: 29101K(29504K)->29101K(29504K) NonClass: 24209K(24384K)->24209K(24384K) Class: 4892K(5120K)->4892K(5120K)
[5688.599s][info][gc             ] GC(1520) Pause Young (Allocation Failure) 5332M->3065M(6889M) 95.343ms
[5688.599s][info][gc,cpu         ] GC(1520) User=0.57s Sys=0.00s Real=0.10s
..[5690.736s][info][gc,start       ] GC(1521) Pause Young (Allocation Failure)
[5690.831s][info][gc,heap        ] GC(1521) PSYoungGen: 2556996K(2598400K)->146389K(2602496K) Eden: 2415616K(2415616K)->0K(2415616K) From: 141380K(182784K)->146389K(186880K)
[5690.831s][info][gc,heap        ] GC(1521) ParOldGen: 2998042K(4455936K)->3088434K(4455936K)
[5690.831s][info][gc,metaspace   ] GC(1521) Metaspace: 29101K(29504K)->29101K(29504K) NonClass: 24209K(24384K)->24209K(24384K) Class: 4892K(5120K)->4892K(5120K)
[5690.831s][info][gc             ] GC(1521) Pause Young (Allocation Failure) 5424M->3159M(6893M) 94.992ms
[5690.831s][info][gc,cpu         ] GC(1521) User=0.57s Sys=0.00s Real=0.10s
..[5692.918s][info][gc,start       ] GC(1522) Pause Young (Allocation Failure)
[5693.012s][info][gc,heap        ] GC(1522) PSYoungGen: 2562005K(2602496K)->142720K(2604032K) Eden: 2415616K(2415616K)->0K(2425344K) From: 146389K(186880K)->142720K(178688K)
[5693.012s][info][gc,heap        ] GC(1522) ParOldGen: 3088434K(4455936K)->3178858K(4455936K)
[5693.012s][info][gc,metaspace   ] GC(1522) Metaspace: 29101K(29504K)->29101K(29504K) NonClass: 24209K(24384K)->24209K(24384K) Class: 4892K(5120K)->4892K(5120K)
[5693.012s][info][gc             ] GC(1522) Pause Young (Allocation Failure) 5518M->3243M(6894M) 94.397ms
[5693.012s][info][gc,cpu         ] GC(1522) User=0.56s Sys=0.00s Real=0.09s
..[5695.120s][info][gc,start       ] GC(1523) Pause Young (Allocation Failure)
[5695.215s][info][gc,heap        ] GC(1523) PSYoungGen: 2568064K(2604032K)->143520K(2607104K) Eden: 2425344K(2425344K)->0K(2425344K) From: 142720K(178688K)->143520K(181760K)
[5695.215s][info][gc,heap        ] GC(1523) ParOldGen: 3178858K(4455936K)->3270770K(4455936K)
[5695.215s][info][gc,metaspace   ] GC(1523) Metaspace: 29101K(29504K)->29101K(29504K) NonClass: 24209K(24384K)->24209K(24384K) Class: 4892K(5120K)->4892K(5120K)
[5695.215s][info][gc             ] GC(1523) Pause Young (Allocation Failure) 5612M->3334M(6897M) 95.019ms
[5695.215s][info][gc,cpu         ] GC(1523) User=0.56s Sys=0.00s Real=0.09s
..[5697.172s][info][gc,start       ] GC(1524) Pause Young (Allocation Failure)
[5697.271s][info][gc,heap        ] GC(1524) PSYoungGen: 2568864K(2607104K)->146692K(2607104K) Eden: 2425344K(2425344K)->0K(2434560K) From: 143520K(181760K)->146692K(172544K)
[5697.271s][info][gc,heap        ] GC(1524) ParOldGen: 3270770K(4455936K)->3362594K(4455936K)
[5697.271s][info][gc,metaspace   ] GC(1524) Metaspace: 29101K(29504K)->29101K(29504K) NonClass: 24209K(24384K)->24209K(24384K) Class: 4892K(5120K)->4892K(5120K)
[5697.271s][info][gc             ] GC(1524) Pause Young (Allocation Failure) 5702M->3427M(6897M) 99.076ms
[5697.271s][info][gc,cpu         ] GC(1524) User=0.59s Sys=0.00s Real=0.10s
..[5699.330s][info][gc,start       ] GC(1525) Pause Young (Allocation Failure)
[5699.423s][info][gc,heap        ] GC(1525) PSYoungGen: 2581252K(2607104K)->140192K(2611200K) Eden: 2434560K(2434560K)->0K(2434560K) From: 146692K(172544K)->140192K(176640K)
[5699.423s][info][gc,heap        ] GC(1525) ParOldGen: 3362594K(4455936K)->3449978K(4455936K)
[5699.423s][info][gc,metaspace   ] GC(1525) Metaspace: 29101K(29504K)->29101K(29504K) NonClass: 24209K(24384K)->24209K(24384K) Class: 4892K(5120K)->4892K(5120K)
[5699.423s][info][gc             ] GC(1525) Pause Young (Allocation Failure) 5804M->3506M(6901M) 93.820ms
[5699.423s][info][gc,cpu         ] GC(1525) User=0.56s Sys=0.00s Real=0.09s
..[5701.394s][info][gc,start       ] GC(1526) Pause Young (Allocation Failure)
[5701.489s][info][gc,heap        ] GC(1526) PSYoungGen: 2574752K(2611200K)->140352K(2614784K) Eden: 2434560K(2434560K)->0K(2444288K) From: 140192K(176640K)->140352K(170496K)
[5701.489s][info][gc,heap        ] GC(1526) ParOldGen: 3449978K(4455936K)->3543010K(4455936K)
[5701.489s][info][gc,metaspace   ] GC(1526) Metaspace: 29101K(29504K)->29101K(29504K) NonClass: 24209K(24384K)->24209K(24384K) Class: 4892K(5120K)->4892K(5120K)
[5701.489s][info][gc             ] GC(1526) Pause Young (Allocation Failure) 5883M->3597M(6905M) 94.310ms
[5701.489s][info][gc,cpu         ] GC(1526) User=0.57s Sys=0.00s Real=0.10s
...[5703.666s][info][gc,start       ] GC(1527) Pause Young (Allocation Failure)
[5703.760s][info][gc,heap        ] GC(1527) PSYoungGen: 2584640K(2614784K)->140352K(2617856K) Eden: 2444288K(2444288K)->0K(2444288K) From: 140352K(170496K)->140352K(173568K)
[5703.760s][info][gc,heap        ] GC(1527) ParOldGen: 3543010K(4455936K)->3633954K(4455936K)
[5703.760s][info][gc,metaspace   ] GC(1527) Metaspace: 29101K(29504K)->29101K(29504K) NonClass: 24209K(24384K)->24209K(24384K) Class: 4892K(5120K)->4892K(5120K)
[5703.760s][info][gc             ] GC(1527) Pause Young (Allocation Failure) 5984M->3685M(6908M) 94.501ms
[5703.760s][info][gc,cpu         ] GC(1527) User=0.56s Sys=0.00s Real=0.10s
..[5705.797s][info][gc,start       ] GC(1528) Pause Young (Allocation Failure)
[5705.893s][info][gc,heap        ] GC(1528) PSYoungGen: 2584640K(2617856K)->141412K(2617856K) Eden: 2444288K(2444288K)->0K(2450432K) From: 140352K(173568K)->141412K(167424K)
[5705.893s][info][gc,heap        ] GC(1528) ParOldGen: 3633954K(4455936K)->3727090K(4455936K)
[5705.893s][info][gc,metaspace   ] GC(1528) Metaspace: 29101K(29504K)->29101K(29504K) NonClass: 24209K(24384K)->24209K(24384K) Class: 4892K(5120K)->4892K(5120K)
[5705.893s][info][gc             ] GC(1528) Pause Young (Allocation Failure) 6072M->3777M(6908M) 96.184ms
[5705.893s][info][gc,cpu         ] GC(1528) User=0.58s Sys=0.00s Real=0.10s
..[5708.043s][info][gc,start       ] GC(1529) Pause Young (Allocation Failure)
[5708.141s][info][gc,heap        ] GC(1529) PSYoungGen: 2591844K(2617856K)->149204K(2620928K) Eden: 2450432K(2450432K)->0K(2450432K) From: 141412K(167424K)->149204K(170496K)
[5708.141s][info][gc,heap        ] GC(1529) ParOldGen: 3727090K(4455936K)->3815954K(4455936K)
[5708.141s][info][gc,metaspace   ] GC(1529) Metaspace: 29101K(29504K)->29101K(29504K) NonClass: 24209K(24384K)->24209K(24384K) Class: 4892K(5120K)->4892K(5120K)
[5708.141s][info][gc             ] GC(1529) Pause Young (Allocation Failure) 6170M->3872M(6911M) 98.243ms
[5708.141s][info][gc,cpu         ] GC(1529) User=0.58s Sys=0.00s Real=0.10s
..[5710.248s][info][gc,start       ] GC(1530) Pause Young (Allocation Failure)
[5710.343s][info][gc,heap        ] GC(1530) PSYoungGen: 2599636K(2620928K)->137168K(2622464K) Eden: 2450432K(2450432K)->0K(2456064K) From: 149204K(170496K)->137168K(166400K)
[5710.343s][info][gc,heap        ] GC(1530) ParOldGen: 3815954K(4455936K)->3908410K(4455936K)
[5710.343s][info][gc,metaspace   ] GC(1530) Metaspace: 29101K(29504K)->29101K(29504K) NonClass: 24209K(24384K)->24209K(24384K) Class: 4892K(5120K)->4892K(5120K)
[5710.343s][info][gc             ] GC(1530) Pause Young (Allocation Failure) 6265M->3950M(6912M) 94.211ms
[5710.343s][info][gc,cpu         ] GC(1530) User=0.56s Sys=0.00s Real=0.09s
..[5712.379s][info][gc,start       ] GC(1531) Pause Young (Allocation Failure)
[5712.472s][info][gc,heap        ] GC(1531) PSYoungGen: 2593232K(2622464K)->136128K(2624512K) Eden: 2456064K(2456064K)->0K(2456064K) From: 137168K(166400K)->136128K(168448K)
[5712.472s][info][gc,heap        ] GC(1531) ParOldGen: 3908410K(4455936K)->3999730K(4455936K)
[5712.472s][info][gc,metaspace   ] GC(1531) Metaspace: 29101K(29504K)->29101K(29504K) NonClass: 24209K(24384K)->24209K(24384K) Class: 4892K(5120K)->4892K(5120K)
[5712.472s][info][gc             ] GC(1531) Pause Young (Allocation Failure) 6349M->4038M(6914M) 93.462ms
[5712.472s][info][gc,cpu         ] GC(1531) User=0.55s Sys=0.00s Real=0.09s
..[5714.572s][info][gc,start       ] GC(1532) Pause Young (Allocation Failure)
[5714.672s][info][gc,heap        ] GC(1532) PSYoungGen: 2592192K(2624512K)->152100K(2627072K) Eden: 2456064K(2456064K)->0K(2459136K) From: 136128K(168448K)->152100K(167936K)
[5714.672s][info][gc,heap        ] GC(1532) ParOldGen: 3999730K(4455936K)->4089930K(4455936K)
[5714.672s][info][gc,metaspace   ] GC(1532) Metaspace: 29101K(29504K)->29101K(29504K) NonClass: 24209K(24384K)->24209K(24384K) Class: 4892K(5120K)->4892K(5120K)
[5714.672s][info][gc             ] GC(1532) Pause Young (Allocation Failure) 6437M->4142M(6917M) 100.121ms
[5714.672s][info][gc,cpu         ] GC(1532) User=0.59s Sys=0.00s Real=0.10s
...[5716.751s][info][gc,start       ] GC(1533) Pause Young (Allocation Failure)
[5716.846s][info][gc,heap        ] GC(1533) PSYoungGen: 2611236K(2627072K)->142965K(2602496K) Eden: 2459136K(2459136K)->0K(2459136K) From: 152100K(167936K)->142965K(143360K)
[5716.846s][info][gc,heap        ] GC(1533) ParOldGen: 4089930K(4455936K)->4182794K(4455936K)
[5716.846s][info][gc,metaspace   ] GC(1533) Metaspace: 29101K(29504K)->29101K(29504K) NonClass: 24209K(24384K)->24209K(24384K) Class: 4892K(5120K)->4892K(5120K)
[5716.846s][info][gc             ] GC(1533) Pause Young (Allocation Failure) 6544M->4224M(6893M) 94.907ms
[5716.846s][info][gc,cpu         ] GC(1533) User=0.57s Sys=0.00s Real=0.09s
. (rIR:aIR:PR = 9132:9150:9150) (tPR = 135705) [OK] 
  5717s: Performance info:
         Transaction,    Success,    Partial,     Failed,   Receipts, AvgBarcode, 
             Overall,     553836,          0,          0,     525975,      59.47, 
         Response times:
             Request,    Success,    Partial,     Failed,   SkipFail,     Probes,    Samples,      min,      p50,      p90,      p95,      p99,      max, 
       TotalPurchase,     526039,          0,          0,          0,     364048,     438147,      200,     5800,    22000,    43000,    88000,   185000,
     InStorePurchase,     276482,          0,          0,          0,     191094,     229690,      300,     5700,    22000,    43000,    88000,   160000,
      OnlinePurchase,     194168,          0,          0,          0,     134259,     161474,      200,     6000,    22000,    44000,    90000,   185000,
        InstPurchase,      55389,          0,          0,          0,      38695,      46983,      300,     5400,    21000,    42000,    84000,   160000,
          AssocOfCat,        558,          0,          0,          0,        448,        632,    19600,    37000,    57000,    73000,   138680,   166000,
      AssocOfProduct,       5581,          0,          0,          0,       4030,       5112,      500,     4300,    17970,    37000,    73870,   135000,
      BusinessReport,       1384,          0,          0,          0,       1255,       1682,    26000,    50000,    87000,   120000,   164340,   215000,
          CustBuyBeh,       5483,          0,          0,          0,       4036,       5176,      200,     5300,    21000,    41000,    81230,   132000,
       ProductReturn,      14846,          0,          0,          0,       9318,      11483,      200,     5300,    22000,    43000,    81000,   134000,

  5717s: (67%)   IR =   9271 .[5718.944s][info][gc,start       ] GC(1534) Pause Young (Allocation Failure)
[5719.042s][info][gc,heap        ] GC(1534) PSYoungGen: 2602101K(2602496K)->149716K(2626560K) Eden: 2459136K(2459136K)->0K(2460160K) From: 142965K(143360K)->149716K(166400K)
[5719.042s][info][gc,heap        ] GC(1534) ParOldGen: 4182794K(4455936K)->4272522K(4455936K)
[5719.042s][info][gc,metaspace   ] GC(1534) Metaspace: 29101K(29504K)->29101K(29504K) NonClass: 24209K(24384K)->24209K(24384K) Class: 4892K(5120K)->4892K(5120K)
[5719.042s][info][gc             ] GC(1534) Pause Young (Allocation Failure) 6625M->4318M(6916M) 97.132ms
[5719.042s][info][gc,cpu         ] GC(1534) User=0.58s Sys=0.00s Real=0.10s
..[5721.091s][info][gc,start       ] GC(1535) Pause Young (Allocation Failure)
[5721.191s][info][gc,heap        ] GC(1535) PSYoungGen: 2609876K(2626560K)->150520K(2626048K) Eden: 2460160K(2460160K)->0K(2460160K) From: 149716K(166400K)->150520K(165888K)
[5721.191s][info][gc,heap        ] GC(1535) ParOldGen: 4272522K(4455936K)->4365882K(4455936K)
[5721.191s][info][gc,metaspace   ] GC(1535) Metaspace: 29101K(29504K)->29101K(29504K) NonClass: 24209K(24384K)->24209K(24384K) Class: 4892K(5120K)->4892K(5120K)
[5721.191s][info][gc             ] GC(1535) Pause Young (Allocation Failure) 6721M->4410M(6916M) 100.137ms
[5721.191s][info][gc,cpu         ] GC(1535) User=0.60s Sys=0.00s Real=0.10s
..[5723.314s][info][gc,start       ] GC(1536) Pause Young (Allocation Failure)
[5723.411s][info][gc,heap        ] GC(1536) PSYoungGen: 2610680K(2626048K)->144576K(2627584K) Eden: 2460160K(2460160K)->0K(2464256K) From: 150520K(165888K)->144576K(163328K)
[5723.411s][info][gc,heap        ] GC(1536) ParOldGen: 4365882K(4455936K)->4457930K(4457984K)
[5723.411s][info][gc,metaspace   ] GC(1536) Metaspace: 29101K(29504K)->29101K(29504K) NonClass: 24209K(24384K)->24209K(24384K) Class: 4892K(5120K)->4892K(5120K)
[5723.411s][info][gc             ] GC(1536) Pause Young (Allocation Failure) 6813M->4494M(6919M) 96.710ms
[5723.411s][info][gc,cpu         ] GC(1536) User=0.57s Sys=0.00s Real=0.10s
..[5725.445s][info][gc,start       ] GC(1537) Pause Young (Allocation Failure)
[5725.549s][info][gc,heap        ] GC(1537) PSYoungGen: 2608832K(2627584K)->149007K(2628608K) Eden: 2464256K(2464256K)->0K(2464256K) From: 144576K(163328K)->149007K(164352K)
[5725.549s][info][gc,heap        ] GC(1537) ParOldGen: 4457930K(4457984K)->4547690K(4548096K)
[5725.549s][info][gc,metaspace   ] GC(1537) Metaspace: 29101K(29504K)->29101K(29504K) NonClass: 24209K(24384K)->24209K(24384K) Class: 4892K(5120K)->4892K(5120K)
[5725.549s][info][gc             ] GC(1537) Pause Young (Allocation Failure) 6901M->4586M(7008M) 104.420ms
[5725.549s][info][gc,cpu         ] GC(1537) User=0.59s Sys=0.02s Real=0.11s
.|.[5727.727s][info][gc,start       ] GC(1538) Pause Young (Allocation Failure)
[5727.829s][info][gc,heap        ] GC(1538) PSYoungGen: 2613263K(2628608K)->147302K(2629632K) Eden: 2464256K(2464256K)->0K(2468352K) From: 149007K(164352K)->147302K(161280K)
[5727.829s][info][gc,heap        ] GC(1538) ParOldGen: 4547690K(4548096K)->4639722K(4639744K)
[5727.829s][info][gc,metaspace   ] GC(1538) Metaspace: 29101K(29504K)->29101K(29504K) NonClass: 24209K(24384K)->24209K(24384K) Class: 4892K(5120K)->4892K(5120K)
[5727.829s][info][gc             ] GC(1538) Pause Young (Allocation Failure) 6993M->4674M(7099M) 101.996ms
[5727.830s][info][gc,cpu         ] GC(1538) User=0.58s Sys=0.03s Real=0.10s
...[5729.955s][info][gc,start       ] GC(1539) Pause Young (Allocation Failure)
[5730.065s][info][gc,heap        ] GC(1539) PSYoungGen: 2615654K(2629632K)->157868K(2630656K) Eden: 2468352K(2468352K)->0K(2468352K) From: 147302K(161280K)->157868K(162304K)
[5730.065s][info][gc,heap        ] GC(1539) ParOldGen: 4639722K(4639744K)->4730914K(4731392K)
[5730.065s][info][gc,metaspace   ] GC(1539) Metaspace: 29101K(29504K)->29101K(29504K) NonClass: 24209K(24384K)->24209K(24384K) Class: 4892K(5120K)->4892K(5120K)
[5730.065s][info][gc             ] GC(1539) Pause Young (Allocation Failure) 7085M->4774M(7189M) 109.868ms
[5730.065s][info][gc,cpu         ] GC(1539) User=0.63s Sys=0.03s Real=0.11s
..[5732.160s][info][gc,start       ] GC(1540) Pause Young (Allocation Failure)
[5732.265s][info][gc,heap        ] GC(1540) PSYoungGen: 2626220K(2630656K)->150389K(2631680K) Eden: 2468352K(2468352K)->0K(2466816K) From: 157868K(162304K)->150389K(164864K)
[5732.265s][info][gc,heap        ] GC(1540) ParOldGen: 4730914K(4731392K)->4822906K(4823040K)
[5732.265s][info][gc,metaspace   ] GC(1540) Metaspace: 29101K(29504K)->29101K(29504K) NonClass: 24209K(24384K)->24209K(24384K) Class: 4892K(5120K)->4892K(5120K)
[5732.265s][info][gc             ] GC(1540) Pause Young (Allocation Failure) 7184M->4856M(7280M) 104.223ms
[5732.265s][info][gc,cpu         ] GC(1540) User=0.59s Sys=0.03s Real=0.10s
..[5734.271s][info][gc,start       ] GC(1541) Pause Young (Allocation Failure)
[5734.368s][info][gc,heap        ] GC(1541) PSYoungGen: 2617205K(2631680K)->133888K(2631168K) Eden: 2466816K(2466816K)->0K(2466816K) From: 150389K(164864K)->133888K(164352K)
[5734.368s][info][gc,heap        ] GC(1541) ParOldGen: 4822906K(4823040K)->4915450K(4915712K)
[5734.368s][info][gc,metaspace   ] GC(1541) Metaspace: 29101K(29504K)->29101K(29504K) NonClass: 24209K(24384K)->24209K(24384K) Class: 4892K(5120K)->4892K(5120K)
[5734.368s][info][gc             ] GC(1541) Pause Young (Allocation Failure) 7265M->4930M(7370M) 97.046ms
[5734.368s][info][gc,cpu         ] GC(1541) User=0.54s Sys=0.03s Real=0.10s
..[5736.547s][info][gc,start       ] GC(1542) Pause Young (Allocation Failure)
[5736.655s][info][gc,heap        ] GC(1542) PSYoungGen: 2600704K(2631168K)->156139K(2627072K) Eden: 2466816K(2466816K)->0K(2462208K) From: 133888K(164352K)->156139K(164864K)
[5736.655s][info][gc,heap        ] GC(1542) ParOldGen: 4915450K(4915712K)->5004690K(5004800K)
[5736.655s][info][gc,metaspace   ] GC(1542) Metaspace: 29101K(29504K)->29101K(29504K) NonClass: 24209K(24384K)->24209K(24384K) Class: 4892K(5120K)->4892K(5120K)
[5736.655s][info][gc             ] GC(1542) Pause Young (Allocation Failure) 7339M->5039M(7453M) 107.341ms
[5736.655s][info][gc,cpu         ] GC(1542) User=0.59s Sys=0.04s Real=0.10s
..[5738.678s][info][gc,start       ] GC(1543) Pause Young (Allocation Failure)
[5738.782s][info][gc,heap        ] GC(1543) PSYoungGen: 2618347K(2627072K)->147657K(2629120K) Eden: 2462208K(2462208K)->0K(2462208K) From: 156139K(164864K)->147657K(166912K)
[5738.782s][info][gc,heap        ] GC(1543) ParOldGen: 5004690K(5004800K)->5099058K(5099520K)
[5738.782s][info][gc,metaspace   ] GC(1543) Metaspace: 29101K(29504K)->29101K(29504K) NonClass: 24209K(24384K)->24209K(24384K) Class: 4892K(5120K)->4892K(5120K)
[5738.782s][info][gc             ] GC(1543) Pause Young (Allocation Failure) 7444M->5123M(7547M) 104.191ms
[5738.782s][info][gc,cpu         ] GC(1543) User=0.59s Sys=0.03s Real=0.10s
..[5740.792s][info][gc,start       ] GC(1544) Pause Young (Allocation Failure)
[5740.894s][info][gc,heap        ] GC(1544) PSYoungGen: 2609865K(2629120K)->145908K(2627072K) Eden: 2462208K(2462208K)->0K(2464256K) From: 147657K(166912K)->145908K(162816K)
[5740.894s][info][gc,heap        ] GC(1544) ParOldGen: 5099058K(5099520K)->5188506K(5188608K)
[5740.894s][info][gc,metaspace   ] GC(1544) Metaspace: 29101K(29504K)->29101K(29504K) NonClass: 24209K(24384K)->24209K(24384K) Class: 4892K(5120K)->4892K(5120K)
[5740.894s][info][gc             ] GC(1544) Pause Young (Allocation Failure) 7528M->5209M(7632M) 102.142ms
[5740.894s][info][gc,cpu         ] GC(1544) User=0.59s Sys=0.02s Real=0.10s
..[5742.956s][info][gc,start       ] GC(1545) Pause Young (Allocation Failure)
[5743.057s][info][gc,heap        ] GC(1545) PSYoungGen: 2610164K(2627072K)->145138K(2628096K) Eden: 2464256K(2464256K)->0K(2464256K) From: 145908K(162816K)->145138K(163840K)
[5743.057s][info][gc,heap        ] GC(1545) ParOldGen: 5188506K(5188608K)->5281082K(5281280K)
[5743.057s][info][gc,metaspace   ] GC(1545) Metaspace: 29101K(29504K)->29101K(29504K) NonClass: 24209K(24384K)->24209K(24384K) Class: 4892K(5120K)->4892K(5120K)
[5743.057s][info][gc             ] GC(1545) Pause Young (Allocation Failure) 7615M->5299M(7724M) 101.885ms
[5743.058s][info][gc,cpu         ] GC(1545) User=0.58s Sys=0.03s Real=0.11s
...[5745.084s][info][gc,start       ] GC(1546) Pause Young (Allocation Failure)
[5745.184s][info][gc,heap        ] GC(1546) PSYoungGen: 2609394K(2628096K)->145216K(2630656K) Eden: 2464256K(2464256K)->0K(2469888K) From: 145138K(163840K)->145216K(160768K)
[5745.184s][info][gc,heap        ] GC(1546) ParOldGen: 5281082K(5281280K)->5370426K(5370880K)
[5745.184s][info][gc,metaspace   ] GC(1546) Metaspace: 29101K(29504K)->29101K(29504K) NonClass: 24209K(24384K)->24209K(24384K) Class: 4892K(5120K)->4892K(5120K)
[5745.184s][info][gc             ] GC(1546) Pause Young (Allocation Failure) 7705M->5386M(7814M) 100.571ms
[5745.184s][info][gc,cpu         ] GC(1546) User=0.57s Sys=0.02s Real=0.10s
..[5747.342s][info][gc,start       ] GC(1547) Pause Young (Allocation Failure)
[5747.441s][info][gc,heap        ] GC(1547) PSYoungGen: 2615104K(2630656K)->136480K(2631168K) Eden: 2469888K(2469888K)->0K(2469888K) From: 145216K(160768K)->136480K(161280K)
[5747.441s][info][gc,heap        ] GC(1547) ParOldGen: 5370426K(5370880K)->5462266K(5462528K)
[5747.441s][info][gc,metaspace   ] GC(1547) Metaspace: 29101K(29504K)->29101K(29504K) NonClass: 24209K(24384K)->24209K(24384K) Class: 4892K(5120K)->4892K(5120K)
[5747.441s][info][gc             ] GC(1547) Pause Young (Allocation Failure) 7798M->5467M(7904M) 98.834ms
[5747.441s][info][gc,cpu         ] GC(1547) User=0.56s Sys=0.03s Real=0.10s
..[5749.621s][info][gc,start       ] GC(1548) Pause Young (Allocation Failure)
[5749.722s][info][gc,heap        ] GC(1548) PSYoungGen: 2606368K(2631168K)->145584K(2631680K) Eden: 2469888K(2469888K)->0K(2473472K) From: 136480K(161280K)->145584K(158208K)
[5749.723s][info][gc,heap        ] GC(1548) ParOldGen: 5462266K(5462528K)->5552770K(5553152K)
[5749.723s][info][gc,metaspace   ] GC(1548) Metaspace: 29101K(29504K)->29101K(29504K) NonClass: 24209K(24384K)->24209K(24384K) Class: 4892K(5120K)->4892K(5120K)
[5749.723s][info][gc             ] GC(1548) Pause Young (Allocation Failure) 7879M->5564M(7993M) 101.347ms
[5749.723s][info][gc,cpu         ] GC(1548) User=0.57s Sys=0.02s Real=0.10s
..[5751.809s][info][gc,start       ] GC(1549) Pause Full (Allocation Failure)
[5751.809s][info][gc,phases,start] GC(1549) Marking Phase
[5752.104s][info][gc,phases      ] GC(1549) Marking Phase 295.342ms
[5752.104s][info][gc,phases,start] GC(1549) Summary Phase
[5752.104s][info][gc,phases      ] GC(1549) Summary Phase 0.107ms
[5752.104s][info][gc,phases,start] GC(1549) Forward
[5752.232s][info][gc,phases      ] GC(1549) Forward 127.248ms
[5752.232s][info][gc,phases,start] GC(1549) Adjust Pointers
[5752.426s][info][gc,phases      ] GC(1549) Adjust Pointers 194.046ms
[5752.426s][info][gc,phases,start] GC(1549) Compaction Phase
[5752.550s][info][gc,phases      ] GC(1549) Compaction Phase 124.719ms
[5752.551s][info][gc,phases,start] GC(1549) Post Compact
[5752.558s][info][gc,phases      ] GC(1549) Post Compact 6.966ms
[5752.691s][info][gc,heap        ] GC(1549) PSYoungGen: 2619056K(2631680K)->0K(2633216K) Eden: 2473472K(2473472K)->0K(2473472K) From: 145584K(158208K)->0K(159744K)
[5752.691s][info][gc,heap        ] GC(1549) ParOldGen: 5552770K(5553152K)->1425415K(1685504K)
[5752.691s][info][gc,metaspace   ] GC(1549) Metaspace: 29101K(29504K)->29101K(29504K) NonClass: 24209K(24384K)->24209K(24384K) Class: 4892K(5120K)->4892K(5120K)
[5752.691s][info][gc             ] GC(1549) Pause Full (Allocation Failure) 7980M->1392M(4217M) 882.263ms
[5752.691s][info][gc,cpu         ] GC(1549) User=3.99s Sys=0.14s Real=0.88s
..[5754.203s][info][gc,start       ] GC(1550) Pause Young (Allocation Failure)
[5754.270s][info][gc,heap        ] GC(1550) PSYoungGen: 2473472K(2633216K)->150464K(2635264K) Eden: 2473472K(2473472K)->0K(2475520K) From: 0K(159744K)->150464K(159744K)
[5754.270s][info][gc,heap        ] GC(1550) ParOldGen: 1425415K(1685504K)->1425415K(1685504K)
[5754.270s][info][gc,metaspace   ] GC(1550) Metaspace: 29101K(29504K)->29101K(29504K) NonClass: 24209K(24384K)->24209K(24384K) Class: 4892K(5120K)->4892K(5120K)
[5754.270s][info][gc             ] GC(1550) Pause Young (Allocation Failure) 3807M->1538M(4219M) 66.720ms
[5754.270s][info][gc,cpu         ] GC(1550) User=0.40s Sys=0.00s Real=0.07s
..[5756.331s][info][gc,start       ] GC(1551) Pause Young (Allocation Failure)
[5756.429s][info][gc,heap        ] GC(1551) PSYoungGen: 2625984K(2635264K)->152649K(2628608K) Eden: 2475520K(2475520K)->0K(2475520K) From: 150464K(159744K)->152649K(153088K)
[5756.429s][info][gc,heap        ] GC(1551) ParOldGen: 1425415K(1685504K)->1515879K(1685504K)
[5756.429s][info][gc,metaspace   ] GC(1551) Metaspace: 29101K(29504K)->29101K(29504K) NonClass: 24209K(24384K)->24209K(24384K) Class: 4892K(5120K)->4892K(5120K)
[5756.429s][info][gc             ] GC(1551) Pause Young (Allocation Failure) 3956M->1629M(4213M) 98.187ms
[5756.429s][info][gc,cpu         ] GC(1551) User=0.57s Sys=0.00s Real=0.10s
..[5758.492s][info][gc,start       ] GC(1552) Pause Young (Allocation Failure)
[5758.587s][info][gc,heap        ] GC(1552) PSYoungGen: 2628169K(2628608K)->144176K(2635776K) Eden: 2475520K(2475520K)->0K(2474496K) From: 152649K(153088K)->144176K(161280K)
[5758.587s][info][gc,heap        ] GC(1552) ParOldGen: 1515879K(1685504K)->1608087K(1685504K)
[5758.587s][info][gc,metaspace   ] GC(1552) Metaspace: 29101K(29504K)->29101K(29504K) NonClass: 24209K(24384K)->24209K(24384K) Class: 4892K(5120K)->4892K(5120K)
[5758.587s][info][gc             ] GC(1552) Pause Young (Allocation Failure) 4046M->1711M(4220M) 94.306ms
[5758.587s][info][gc,cpu         ] GC(1552) User=0.56s Sys=0.00s Real=0.09s
..[5760.728s][info][gc,start       ] GC(1553) Pause Young (Allocation Failure)
[5760.825s][info][gc,heap        ] GC(1553) PSYoungGen: 2618672K(2635776K)->148852K(2623488K) Eden: 2474496K(2474496K)->0K(2474496K) From: 144176K(161280K)->148852K(148992K)
[5760.825s][info][gc,heap        ] GC(1553) ParOldGen: 1608087K(1685504K)->1700095K(1700352K)
[5760.825s][info][gc,metaspace   ] GC(1553) Metaspace: 29101K(29504K)->29101K(29504K) NonClass: 24209K(24384K)->24209K(24384K) Class: 4892K(5120K)->4892K(5120K)
[5760.825s][info][gc             ] GC(1553) Pause Young (Allocation Failure) 4127M->1805M(4222M) 96.635ms
[5760.825s][info][gc,cpu         ] GC(1553) User=0.57s Sys=0.01s Real=0.09s
...[5762.911s][info][gc,start       ] GC(1554) Pause Young (Allocation Failure)
[5763.011s][info][gc,heap        ] GC(1554) PSYoungGen: 2623348K(2623488K)->146768K(2635264K) Eden: 2474496K(2474496K)->0K(2475520K) From: 148852K(148992K)->146768K(159744K)
[5763.011s][info][gc,heap        ] GC(1554) ParOldGen: 1700095K(1700352K)->1792327K(1792512K)
[5763.011s][info][gc,metaspace   ] GC(1554) Metaspace: 29101K(29504K)->29101K(29504K) NonClass: 24209K(24384K)->24209K(24384K) Class: 4892K(5120K)->4892K(5120K)
[5763.011s][info][gc             ] GC(1554) Pause Young (Allocation Failure) 4222M->1893M(4324M) 99.848ms
[5763.011s][info][gc,cpu         ] GC(1554) User=0.56s Sys=0.03s Real=0.10s
..[5765.024s][info][gc,start       ] GC(1555) Pause Young (Allocation Failure)
[5765.123s][info][gc,heap        ] GC(1555) PSYoungGen: 2622288K(2635264K)->147136K(2634240K) Eden: 2475520K(2475520K)->0K(2475520K) From: 146768K(159744K)->147136K(158720K)
[5765.123s][info][gc,heap        ] GC(1555) ParOldGen: 1792327K(1792512K)->1882143K(1882624K)
[5765.123s][info][gc,metaspace   ] GC(1555) Metaspace: 29101K(29504K)->29101K(29504K) NonClass: 24209K(24384K)->24209K(24384K) Class: 4892K(5120K)->4892K(5120K)
[5765.123s][info][gc             ] GC(1555) Pause Young (Allocation Failure) 4311M->1981M(4411M) 99.406ms
[5765.123s][info][gc,cpu         ] GC(1555) User=0.57s Sys=0.02s Real=0.10s
..[5767.157s][info][gc,start       ] GC(1556) Pause Young (Allocation Failure)
[5767.255s][info][gc,heap        ] GC(1556) PSYoungGen: 2622656K(2634240K)->144864K(2636288K) Eden: 2475520K(2475520K)->0K(2478592K) From: 147136K(158720K)->144864K(157696K)
[5767.255s][info][gc,heap        ] GC(1556) ParOldGen: 1882143K(1882624K)->1975919K(1976320K)
[5767.255s][info][gc,metaspace   ] GC(1556) Metaspace: 29101K(29504K)->29101K(29504K) NonClass: 24209K(24384K)->24209K(24384K) Class: 4892K(5120K)->4892K(5120K)
[5767.255s][info][gc             ] GC(1556) Pause Young (Allocation Failure) 4399M->2071M(4504M) 98.793ms
[5767.255s][info][gc,cpu         ] GC(1556) User=0.56s Sys=0.03s Real=0.10s
..[5769.382s][info][gc,start       ] GC(1557) Pause Young (Allocation Failure)
[5769.476s][info][gc,heap        ] GC(1557) PSYoungGen: 2623456K(2636288K)->137760K(2635264K) Eden: 2478592K(2478592K)->0K(2478592K) From: 144864K(157696K)->137760K(156672K)
[5769.476s][info][gc,heap        ] GC(1557) ParOldGen: 1975919K(1976320K)->2065751K(2065920K)
[5769.476s][info][gc,metaspace   ] GC(1557) Metaspace: 29101K(29504K)->29101K(29504K) NonClass: 24209K(24384K)->24209K(24384K) Class: 4892K(5120K)->4892K(5120K)
[5769.476s][info][gc             ] GC(1557) Pause Young (Allocation Failure) 4491M->2151M(4591M) 94.620ms
[5769.476s][info][gc,cpu         ] GC(1557) User=0.54s Sys=0.02s Real=0.09s
..[5771.438s][info][gc,start       ] GC(1558) Pause Young (Allocation Failure)
[5771.535s][info][gc,heap        ] GC(1558) PSYoungGen: 2616352K(2635264K)->137792K(2637824K) Eden: 2478592K(2478592K)->0K(2480640K) From: 137760K(156672K)->137792K(157184K)
[5771.535s][info][gc,heap        ] GC(1558) ParOldGen: 2065751K(2065920K)->2158287K(2158592K)
[5771.535s][info][gc,metaspace   ] GC(1558) Metaspace: 29101K(29504K)->29101K(29504K) NonClass: 24209K(24384K)->24209K(24384K) Class: 4892K(5120K)->4892K(5120K)
[5771.535s][info][gc             ] GC(1558) Pause Young (Allocation Failure) 4572M->2242M(4684M) 96.837ms
[5771.535s][info][gc,cpu         ] GC(1558) User=0.55s Sys=0.02s Real=0.09s
..[5773.605s][info][gc,start       ] GC(1559) Pause Young (Allocation Failure)
[5773.702s][info][gc,heap        ] GC(1559) PSYoungGen: 2618432K(2637824K)->142144K(2622976K) Eden: 2480640K(2480640K)->0K(2480640K) From: 137792K(157184K)->142144K(142336K)
[5773.702s][info][gc,heap        ] GC(1559) ParOldGen: 2158287K(2158592K)->2248911K(2249216K)
[5773.702s][info][gc,metaspace   ] GC(1559) Metaspace: 29101K(29504K)->29101K(29504K) NonClass: 24209K(24384K)->24209K(24384K) Class: 4892K(5120K)->4892K(5120K)
[5773.702s][info][gc             ] GC(1559) Pause Young (Allocation Failure) 4664M->2335M(4758M) 96.509ms
[5773.702s][info][gc,cpu         ] GC(1559) User=0.55s Sys=0.03s Real=0.10s
..[5775.854s][info][gc,start       ] GC(1560) Pause Young (Allocation Failure)
[5775.961s][info][gc,heap        ] GC(1560) PSYoungGen: 2622784K(2622976K)->154863K(2634240K) Eden: 2480640K(2480640K)->0K(2477568K) From: 142144K(142336K)->154863K(156672K)
[5775.961s][info][gc,heap        ] GC(1560) ParOldGen: 2248911K(2249216K)->2342119K(2342400K)
[5775.961s][info][gc,metaspace   ] GC(1560) Metaspace: 29101K(29504K)->29101K(29504K) NonClass: 24209K(24384K)->24209K(24384K) Class: 4892K(5120K)->4892K(5120K)
[5775.961s][info][gc             ] GC(1560) Pause Young (Allocation Failure) 4757M->2438M(4860M) 107.902ms
[5775.962s][info][gc,cpu         ] GC(1560) User=0.60s Sys=0.03s Real=0.11s
..[5777.950s][info][gc,start       ] GC(1561) Pause Young (Allocation Failure)
[5778.051s][info][gc,heap        ] GC(1561) PSYoungGen: 2632431K(2634240K)->151445K(2629120K) Eden: 2477568K(2477568K)->0K(2477568K) From: 154863K(156672K)->151445K(151552K)
[5778.051s][info][gc,heap        ] GC(1561) ParOldGen: 2342119K(2342400K)->2432431K(2432512K)
[5778.051s][info][gc,metaspace   ] GC(1561) Metaspace: 29101K(29504K)->29101K(29504K) NonClass: 24209K(24384K)->24209K(24384K) Class: 4892K(5120K)->4892K(5120K)
[5778.051s][info][gc             ] GC(1561) Pause Young (Allocation Failure) 4857M->2523M(4943M) 101.213ms
[5778.051s][info][gc,cpu         ] GC(1561) User=0.58s Sys=0.02s Real=0.10s
...[5780.135s][info][gc,start       ] GC(1562) Pause Young (Allocation Failure)
[5780.235s][info][gc,heap        ] GC(1562) PSYoungGen: 2629013K(2629120K)->145184K(2636800K) Eden: 2477568K(2477568K)->0K(2476544K) From: 151445K(151552K)->145184K(160256K)
[5780.235s][info][gc,heap        ] GC(1562) ParOldGen: 2432431K(2432512K)->2526159K(2526208K)
[5780.235s][info][gc,metaspace   ] GC(1562) Metaspace: 29101K(29504K)->29101K(29504K) NonClass: 24209K(24384K)->24209K(24384K) Class: 4892K(5120K)->4892K(5120K)
[5780.235s][info][gc             ] GC(1562) Pause Young (Allocation Failure) 4942M->2608M(5042M) 99.471ms
[5780.235s][info][gc,cpu         ] GC(1562) User=0.57s Sys=0.02s Real=0.10s
..[5782.342s][info][gc,start       ] GC(1563) Pause Young (Allocation Failure)
[5782.440s][info][gc,heap        ] GC(1563) PSYoungGen: 2621728K(2636800K)->143093K(2619904K) Eden: 2476544K(2476544K)->0K(2476544K) From: 145184K(160256K)->143093K(143360K)
[5782.440s][info][gc,heap        ] GC(1563) ParOldGen: 2526159K(2526208K)->2616783K(2616832K)
[5782.440s][info][gc,metaspace   ] GC(1563) Metaspace: 29101K(29504K)->29101K(29504K) NonClass: 24209K(24384K)->24209K(24384K) Class: 4892K(5120K)->4892K(5120K)
[5782.440s][info][gc             ] GC(1563) Pause Young (Allocation Failure) 5027M->2695M(5114M) 98.457ms
[5782.440s][info][gc,cpu         ] GC(1563) User=0.55s Sys=0.03s Real=0.10s
..[5784.460s][info][gc,start       ] GC(1564) Pause Young (Allocation Failure)
[5784.556s][info][gc,heap        ] GC(1564) PSYoungGen: 2619637K(2619904K)->136544K(2634240K) Eden: 2476544K(2476544K)->0K(2476032K) From: 143093K(143360K)->136544K(158208K)
[5784.556s][info][gc,heap        ] GC(1564) ParOldGen: 2616783K(2616832K)->2710287K(2710528K)
[5784.556s][info][gc,metaspace   ] GC(1564) Metaspace: 29101K(29504K)->29101K(29504K) NonClass: 24209K(24384K)->24209K(24384K) Class: 4892K(5120K)->4892K(5120K)
[5784.556s][info][gc             ] GC(1564) Pause Young (Allocation Failure) 5113M->2780M(5219M) 96.060ms
[5784.556s][info][gc,cpu         ] GC(1564) User=0.54s Sys=0.03s Real=0.09s
.. (rIR:aIR:PR = 9271:9215:9215) (tPR = 136134) [OK] 
  5785s: Performance info:
         Transaction,    Success,    Partial,     Failed,   Receipts, AvgBarcode, 
             Overall,     555465,          0,          0,     527646,      59.48, 
         Response times:
             Request,    Success,    Partial,     Failed,   SkipFail,     Probes,    Samples,      min,      p50,      p90,      p95,      p99,      max, 
       TotalPurchase,     527646,          0,          0,          0,     352102,     410766,      300,     6100,    41000,    72000,   170000,   480000,
     InStorePurchase,     278555,          0,          0,          0,     185915,     216362,      300,     6100,    40000,    71000,   170000,   480000,
      OnlinePurchase,     193317,          0,          0,          0,     129354,     151076,      300,     6100,    42000,    72000,   170000,   480000,
        InstPurchase,      55774,          0,          0,          0,      36833,      43328,      500,     6400,    43000,    75000,   173000,   477000,
          AssocOfCat,        560,          0,          0,          0,        456,        633,    23000,    40000,    88000,   114600,   266920,   416000,
      AssocOfProduct,       5570,          0,          0,          0,       4043,       4974,      600,     4800,    34500,    60000,   158000,   397000,
      BusinessReport,       1394,          0,          0,          0,       1242,       1587,    25000,    51000,   105000,   146000,   259000,   486000,
          CustBuyBeh,       5600,          0,          0,          0,       4026,       4875,      200,     7500,    51000,    84000,   204240,   397000,
       ProductReturn,      14695,          0,          0,          0,       9348,      11277,      300,     5900,    40000,    70000,   170660,   426000,

  5785s: (68%)   IR =   9409 [5786.712s][info][gc,start       ] GC(1565) Pause Young (Allocation Failure)
[5786.814s][info][gc,heap        ] GC(1565) PSYoungGen: 2612576K(2634240K)->150581K(2634752K) Eden: 2476032K(2476032K)->0K(2476032K) From: 136544K(158208K)->150581K(158720K)
[5786.814s][info][gc,heap        ] GC(1565) ParOldGen: 2710287K(2710528K)->2799151K(2799616K)
[5786.814s][info][gc,metaspace   ] GC(1565) Metaspace: 29101K(29504K)->29101K(29504K) NonClass: 24209K(24384K)->24209K(24384K) Class: 4892K(5120K)->4892K(5120K)
[5786.814s][info][gc             ] GC(1565) Pause Young (Allocation Failure) 5198M->2880M(5307M) 102.229ms
[5786.814s][info][gc,cpu         ] GC(1565) User=0.58s Sys=0.03s Real=0.10s
..[5788.724s][info][gc,start       ] GC(1566) Pause Young (Allocation Failure)
[5788.824s][info][gc,heap        ] GC(1566) PSYoungGen: 2626613K(2634752K)->144848K(2635776K) Eden: 2476032K(2476032K)->0K(2478080K) From: 150581K(158720K)->144848K(157696K)
[5788.824s][info][gc,heap        ] GC(1566) ParOldGen: 2799151K(2799616K)->2893023K(2893312K)
[5788.824s][info][gc,metaspace   ] GC(1566) Metaspace: 29101K(29504K)->29101K(29504K) NonClass: 24209K(24384K)->24209K(24384K) Class: 4892K(5120K)->4892K(5120K)
[5788.824s][info][gc             ] GC(1566) Pause Young (Allocation Failure) 5298M->2966M(5399M) 100.181ms
[5788.824s][info][gc,cpu         ] GC(1566) User=0.57s Sys=0.03s Real=0.10s
..[5790.854s][info][gc,start       ] GC(1567) Pause Young (Allocation Failure)
[5790.954s][info][gc,heap        ] GC(1567) PSYoungGen: 2622928K(2635776K)->147605K(2636288K) Eden: 2478080K(2478080K)->0K(2478080K) From: 144848K(157696K)->147605K(158208K)
[5790.954s][info][gc,heap        ] GC(1567) ParOldGen: 2893023K(2893312K)->2984559K(2984960K)
[5790.954s][info][gc,metaspace   ] GC(1567) Metaspace: 29101K(29504K)->29101K(29504K) NonClass: 24209K(24384K)->24209K(24384K) Class: 4892K(5120K)->4892K(5120K)
[5790.954s][info][gc             ] GC(1567) Pause Young (Allocation Failure) 5386M->3058M(5489M) 100.122ms
[5790.955s][info][gc,cpu         ] GC(1567) User=0.57s Sys=0.03s Real=0.10s
..[5792.930s][info][gc,start       ] GC(1568) Pause Young (Allocation Failure)
[5793.034s][info][gc,heap        ] GC(1568) PSYoungGen: 2625685K(2636288K)->152064K(2636288K) Eden: 2478080K(2478080K)->0K(2478592K) From: 147605K(158208K)->152064K(157696K)
[5793.034s][info][gc,heap        ] GC(1568) ParOldGen: 2984559K(2984960K)->3076527K(3076608K)
[5793.034s][info][gc,metaspace   ] GC(1568) Metaspace: 29101K(29504K)->29101K(29504K) NonClass: 24209K(24384K)->24209K(24384K) Class: 4892K(5120K)->4892K(5120K)
[5793.034s][info][gc             ] GC(1568) Pause Young (Allocation Failure) 5478M->3152M(5579M) 104.037ms
[5793.034s][info][gc,cpu         ] GC(1568) User=0.59s Sys=0.02s Real=0.10s
..[5795.061s][info][gc,start       ] GC(1569) Pause Young (Allocation Failure)
[5795.162s][info][gc,heap        ] GC(1569) PSYoungGen: 2630656K(2636288K)->150176K(2629120K) Eden: 2478592K(2478592K)->0K(2478592K) From: 152064K(157696K)->150176K(150528K)
[5795.162s][info][gc,heap        ] GC(1569) ParOldGen: 3076527K(3076608K)->3166391K(3166720K)
[5795.162s][info][gc,metaspace   ] GC(1569) Metaspace: 29101K(29504K)->29101K(29504K) NonClass: 24209K(24384K)->24209K(24384K) Class: 4892K(5120K)->4892K(5120K)
[5795.162s][info][gc             ] GC(1569) Pause Young (Allocation Failure) 5573M->3238M(5660M) 101.650ms
[5795.162s][info][gc,cpu         ] GC(1569) User=0.58s Sys=0.03s Real=0.10s
..[5797.183s][info][gc,start       ] GC(1570) Pause Young (Allocation Failure)
[5797.284s][info][gc,heap        ] GC(1570) PSYoungGen: 2628768K(2629120K)->141888K(2637312K) Eden: 2478592K(2478592K)->0K(2478080K) From: 150176K(150528K)->141888K(159232K)
[5797.284s][info][gc,heap        ] GC(1570) ParOldGen: 3166391K(3166720K)->3262607K(3262976K)
[5797.284s][info][gc,metaspace   ] GC(1570) Metaspace: 29101K(29504K)->29101K(29504K) NonClass: 24209K(24384K)->24209K(24384K) Class: 4892K(5120K)->4892K(5120K)
[5797.284s][info][gc             ] GC(1570) Pause Young (Allocation Failure) 5659M->3324M(5762M) 100.224ms
[5797.284s][info][gc,cpu         ] GC(1570) User=0.55s Sys=0.04s Real=0.10s
...[5799.380s][info][gc,start       ] GC(1571) Pause Young (Allocation Failure)
[5799.481s][info][gc,heap        ] GC(1571) PSYoungGen: 2619968K(2637312K)->146997K(2625536K) Eden: 2478080K(2478080K)->0K(2478080K) From: 141888K(159232K)->146997K(147456K)
[5799.481s][info][gc,heap        ] GC(1571) ParOldGen: 3262607K(3262976K)->3350119K(3350528K)
[5799.481s][info][gc,metaspace   ] GC(1571) Metaspace: 29101K(29504K)->29101K(29504K) NonClass: 24209K(24384K)->24209K(24384K) Class: 4892K(5120K)->4892K(5120K)
[5799.481s][info][gc             ] GC(1571) Pause Young (Allocation Failure) 5744M->3415M(5836M) 100.938ms
[5799.481s][info][gc,cpu         ] GC(1571) User=0.57s Sys=0.03s Real=0.10s
..[5801.553s][info][gc,start       ] GC(1572) Pause Young (Allocation Failure)
[5801.659s][info][gc,heap        ] GC(1572) PSYoungGen: 2625077K(2625536K)->152046K(2634752K) Eden: 2478080K(2478080K)->0K(2477056K) From: 146997K(147456K)->152046K(157696K)
[5801.659s][info][gc,heap        ] GC(1572) ParOldGen: 3350119K(3350528K)->3444071K(3444224K)
[5801.659s][info][gc,metaspace   ] GC(1572) Metaspace: 29101K(29504K)->29101K(29504K) NonClass: 24209K(24384K)->24209K(24384K) Class: 4892K(5120K)->4892K(5120K)
[5801.659s][info][gc             ] GC(1572) Pause Young (Allocation Failure) 5835M->3511M(5936M) 105.988ms
[5801.659s][info][gc,cpu         ] GC(1572) User=0.61s Sys=0.03s Real=0.11s
..[5803.687s][info][gc,start       ] GC(1573) Pause Young (Allocation Failure)
[5803.785s][info][gc,heap        ] GC(1573) PSYoungGen: 2629102K(2634752K)->144544K(2635776K) Eden: 2477056K(2477056K)->0K(2477056K) From: 152046K(157696K)->144544K(158720K)
[5803.786s][info][gc,heap        ] GC(1573) ParOldGen: 3444071K(3444224K)->3534279K(3534336K)
[5803.786s][info][gc,metaspace   ] GC(1573) Metaspace: 29101K(29504K)->29101K(29504K) NonClass: 24209K(24384K)->24209K(24384K) Class: 4892K(5120K)->4892K(5120K)
[5803.786s][info][gc             ] GC(1573) Pause Young (Allocation Failure) 5930M->3592M(6025M) 98.256ms
[5803.786s][info][gc,cpu         ] GC(1573) User=0.56s Sys=0.03s Real=0.10s
..[5805.810s][info][gc,start       ] GC(1574) Pause Young (Allocation Failure)
[5805.908s][info][gc,heap        ] GC(1574) PSYoungGen: 2621600K(2635776K)->139872K(2636800K) Eden: 2477056K(2477056K)->0K(2479104K) From: 144544K(158720K)->139872K(157696K)
[5805.908s][info][gc,heap        ] GC(1574) ParOldGen: 3534279K(3534336K)->3629055K(3629056K)
[5805.908s][info][gc,metaspace   ] GC(1574) Metaspace: 29101K(29504K)->29101K(29504K) NonClass: 24209K(24384K)->24209K(24384K) Class: 4892K(5120K)->4892K(5120K)
[5805.908s][info][gc             ] GC(1574) Pause Young (Allocation Failure) 6011M->3680M(6119M) 98.176ms
[5805.908s][info][gc,cpu         ] GC(1574) User=0.55s Sys=0.03s Real=0.10s
..[5807.991s][info][gc,start       ] GC(1575) Pause Young (Allocation Failure)
[5808.088s][info][gc,heap        ] GC(1575) PSYoungGen: 2618976K(2636800K)->144448K(2637312K) Eden: 2479104K(2479104K)->0K(2479104K) From: 139872K(157696K)->144448K(158208K)
[5808.089s][info][gc,heap        ] GC(1575) ParOldGen: 3629055K(3629056K)->3718623K(3718656K)
[5808.089s][info][gc,metaspace   ] GC(1575) Metaspace: 29101K(29504K)->29101K(29504K) NonClass: 24209K(24384K)->24209K(24384K) Class: 4892K(5120K)->4892K(5120K)
[5808.089s][info][gc             ] GC(1575) Pause Young (Allocation Failure) 6101M->3772M(6207M) 97.497ms
[5808.089s][info][gc,cpu         ] GC(1575) User=0.56s Sys=0.02s Real=0.10s
.|.[5810.130s][info][gc,start       ] GC(1576) Pause Young (Allocation Failure)
[5810.230s][info][gc,heap        ] GC(1576) PSYoungGen: 2623552K(2637312K)->148032K(2637312K) Eden: 2479104K(2479104K)->0K(2480640K) From: 144448K(158208K)->148032K(156672K)
[5810.230s][info][gc,heap        ] GC(1576) ParOldGen: 3718623K(3718656K)->3809271K(3809280K)
[5810.230s][info][gc,metaspace   ] GC(1576) Metaspace: 29101K(29504K)->29101K(29504K) NonClass: 24209K(24384K)->24209K(24384K) Class: 4892K(5120K)->4892K(5120K)
[5810.230s][info][gc             ] GC(1576) Pause Young (Allocation Failure) 6193M->3864M(6295M) 99.676ms
[5810.230s][info][gc,cpu         ] GC(1576) User=0.57s Sys=0.03s Real=0.10s
..[5812.304s][info][gc,start       ] GC(1577) Pause Young (Allocation Failure)
[5812.403s][info][gc,heap        ] GC(1577) PSYoungGen: 2628672K(2637312K)->139360K(2637312K) Eden: 2480640K(2480640K)->0K(2480640K) From: 148032K(156672K)->139360K(156672K)
[5812.403s][info][gc,heap        ] GC(1577) ParOldGen: 3809271K(3809280K)->3902823K(3902976K)
[5812.403s][info][gc,metaspace   ] GC(1577) Metaspace: 29101K(29504K)->29101K(29504K) NonClass: 24209K(24384K)->24209K(24384K) Class: 4892K(5120K)->4892K(5120K)
[5812.403s][info][gc             ] GC(1577) Pause Young (Allocation Failure) 6287M->3947M(6387M) 99.642ms
[5812.403s][info][gc,cpu         ] GC(1577) User=0.55s Sys=0.03s Real=0.10s
...[5814.449s][info][gc,start       ] GC(1578) Pause Young (Allocation Failure)
[5814.549s][info][gc,heap        ] GC(1578) PSYoungGen: 2620000K(2637312K)->140548K(2639360K) Eden: 2480640K(2480640K)->0K(2482688K) From: 139360K(156672K)->140548K(156672K)
[5814.549s][info][gc,heap        ] GC(1578) ParOldGen: 3902823K(3902976K)->3996415K(3996672K)
[5814.549s][info][gc,metaspace   ] GC(1578) Metaspace: 29101K(29504K)->29101K(29504K) NonClass: 24209K(24384K)->24209K(24384K) Class: 4892K(5120K)->4892K(5120K)
[5814.549s][info][gc             ] GC(1578) Pause Young (Allocation Failure) 6369M->4040M(6480M) 100.333ms
[5814.549s][info][gc,cpu         ] GC(1578) User=0.57s Sys=0.02s Real=0.10s
..[5816.559s][info][gc,start       ] GC(1579) Pause Young (Allocation Failure)
[5816.656s][info][gc,heap        ] GC(1579) PSYoungGen: 2623236K(2639360K)->140064K(2622976K) Eden: 2482688K(2482688K)->0K(2482688K) From: 140548K(156672K)->140064K(140288K)
[5816.656s][info][gc,heap        ] GC(1579) ParOldGen: 3996415K(3996672K)->4086023K(4086272K)
[5816.656s][info][gc,metaspace   ] GC(1579) Metaspace: 29101K(29504K)->29101K(29504K) NonClass: 24209K(24384K)->24209K(24384K) Class: 4892K(5120K)->4892K(5120K)
[5816.656s][info][gc             ] GC(1579) Pause Young (Allocation Failure) 6464M->4127M(6552M) 97.424ms
[5816.656s][info][gc,cpu         ] GC(1579) User=0.55s Sys=0.03s Real=0.09s
..[5818.845s][info][gc,start       ] GC(1580) Pause Young (Allocation Failure)
[5818.942s][info][gc,heap        ] GC(1580) PSYoungGen: 2622752K(2622976K)->142336K(2639360K) Eden: 2482688K(2482688K)->0K(2483200K) From: 140064K(140288K)->142336K(156160K)
[5818.942s][info][gc,heap        ] GC(1580) ParOldGen: 4086023K(4086272K)->4177687K(4177920K)
[5818.942s][info][gc,metaspace   ] GC(1580) Metaspace: 29101K(29504K)->29101K(29504K) NonClass: 24209K(24384K)->24209K(24384K) Class: 4892K(5120K)->4892K(5120K)
[5818.942s][info][gc             ] GC(1580) Pause Young (Allocation Failure) 6551M->4218M(6657M) 97.519ms
[5818.942s][info][gc,cpu         ] GC(1580) User=0.55s Sys=0.03s Real=0.10s
..[5821.011s][info][gc,start       ] GC(1581) Pause Young (Allocation Failure)
[5821.117s][info][gc,heap        ] GC(1581) PSYoungGen: 2625536K(2639360K)->154169K(2637824K) Eden: 2483200K(2483200K)->0K(2483200K) From: 142336K(156160K)->154169K(154624K)
[5821.117s][info][gc,heap        ] GC(1581) ParOldGen: 4177687K(4177920K)->4269943K(4270080K)
[5821.117s][info][gc,metaspace   ] GC(1581) Metaspace: 29101K(29504K)->29101K(29504K) NonClass: 24209K(24384K)->24209K(24384K) Class: 4892K(5120K)->4892K(5120K)
[5821.117s][info][gc             ] GC(1581) Pause Young (Allocation Failure) 6643M->4320M(6746M) 106.546ms
[5821.118s][info][gc,cpu         ] GC(1581) User=0.61s Sys=0.02s Real=0.11s
..[5823.114s][info][gc,start       ] GC(1582) Pause Young (Allocation Failure)
[5823.220s][info][gc,heap        ] GC(1582) PSYoungGen: 2637369K(2637824K)->151428K(2635776K) Eden: 2483200K(2483200K)->0K(2477568K) From: 154169K(154624K)->151428K(158208K)
[5823.220s][info][gc,heap        ] GC(1582) ParOldGen: 4269943K(4270080K)->4361807K(4362240K)
[5823.220s][info][gc,metaspace   ] GC(1582) Metaspace: 29101K(29504K)->29101K(29504K) NonClass: 24209K(24384K)->24209K(24384K) Class: 4892K(5120K)->4892K(5120K)
[5823.220s][info][gc             ] GC(1582) Pause Young (Allocation Failure) 6745M->4407M(6834M) 105.185ms
[5823.220s][info][gc,cpu         ] GC(1582) User=0.61s Sys=0.02s Real=0.11s
..[5825.352s][info][gc,start       ] GC(1583) Pause Young (Allocation Failure)
[5825.453s][info][gc,heap        ] GC(1583) PSYoungGen: 2628996K(2635776K)->143024K(2636800K) Eden: 2477568K(2477568K)->0K(2477568K) From: 151428K(158208K)->143024K(159232K)
[5825.453s][info][gc,heap        ] GC(1583) ParOldGen: 4361807K(4362240K)->4452959K(4453376K)
[5825.453s][info][gc,metaspace   ] GC(1583) Metaspace: 29101K(29504K)->29101K(29504K) NonClass: 24209K(24384K)->24209K(24384K) Class: 4892K(5120K)->4892K(5120K)
[5825.453s][info][gc             ] GC(1583) Pause Young (Allocation Failure) 6826M->4488M(6924M) 100.847ms
[5825.453s][info][gc,cpu         ] GC(1583) User=0.57s Sys=0.02s Real=0.10s
..[5827.472s][info][gc,start       ] GC(1584) Pause Young (Allocation Failure)
[5827.573s][info][gc,heap        ] GC(1584) PSYoungGen: 2620592K(2636800K)->144544K(2634752K) Eden: 2477568K(2477568K)->0K(2478592K) From: 143024K(159232K)->144544K(156160K)
[5827.573s][info][gc,heap        ] GC(1584) ParOldGen: 4452959K(4453376K)->4544255K(4544512K)
[5827.573s][info][gc,metaspace   ] GC(1584) Metaspace: 29101K(29504K)->29101K(29504K) NonClass: 24209K(24384K)->24209K(24384K) Class: 4892K(5120K)->4892K(5120K)
[5827.573s][info][gc             ] GC(1584) Pause Young (Allocation Failure) 6907M->4578M(7011M) 100.922ms
[5827.573s][info][gc,cpu         ] GC(1584) User=0.56s Sys=0.04s Real=0.10s
...[5829.597s][info][gc,start       ] GC(1585) Pause Young (Allocation Failure)
[5829.699s][info][gc,heap        ] GC(1585) PSYoungGen: 2623136K(2634752K)->145540K(2635776K) Eden: 2478592K(2478592K)->0K(2478592K) From: 144544K(156160K)->145540K(157184K)
[5829.699s][info][gc,heap        ] GC(1585) ParOldGen: 4544255K(4544512K)->4637495K(4637696K)
[5829.699s][info][gc,metaspace   ] GC(1585) Metaspace: 29101K(29504K)->29101K(29504K) NonClass: 24209K(24384K)->24209K(24384K) Class: 4892K(5120K)->4892K(5120K)
[5829.699s][info][gc             ] GC(1585) Pause Young (Allocation Failure) 6999M->4670M(7103M) 102.041ms
[5829.699s][info][gc,cpu         ] GC(1585) User=0.58s Sys=0.02s Real=0.11s
..[5831.680s][info][gc,start       ] GC(1586) Pause Young (Allocation Failure)
[5831.781s][info][gc,heap        ] GC(1586) PSYoungGen: 2624132K(2635776K)->144000K(2636800K) Eden: 2478592K(2478592K)->0K(2482688K) From: 145540K(157184K)->144000K(154112K)
[5831.781s][info][gc,heap        ] GC(1586) ParOldGen: 4637495K(4637696K)->4729087K(4729344K)
[5831.781s][info][gc,metaspace   ] GC(1586) Metaspace: 29101K(29504K)->29101K(29504K) NonClass: 24209K(24384K)->24209K(24384K) Class: 4892K(5120K)->4892K(5120K)
[5831.781s][info][gc             ] GC(1586) Pause Young (Allocation Failure) 7091M->4758M(7193M) 100.216ms
[5831.781s][info][gc,cpu         ] GC(1586) User=0.58s Sys=0.02s Real=0.10s
..[5833.824s][info][gc,start       ] GC(1587) Pause Young (Allocation Failure)
[5833.928s][info][gc,heap        ] GC(1587) PSYoungGen: 2626688K(2636800K)->150133K(2637824K) Eden: 2482688K(2482688K)->0K(2482688K) From: 144000K(154112K)->150133K(155136K)
[5833.928s][info][gc,heap        ] GC(1587) ParOldGen: 4729087K(4729344K)->4819295K(4819456K)
[5833.928s][info][gc,metaspace   ] GC(1587) Metaspace: 29101K(29504K)->29101K(29504K) NonClass: 24209K(24384K)->24209K(24384K) Class: 4892K(5120K)->4892K(5120K)
[5833.928s][info][gc             ] GC(1587) Pause Young (Allocation Failure) 7183M->4852M(7282M) 104.271ms
[5833.928s][info][gc,cpu         ] GC(1587) User=0.60s Sys=0.01s Real=0.11s
..[5835.963s][info][gc,start       ] GC(1588) Pause Young (Allocation Failure)
[5836.065s][info][gc,heap        ] GC(1588) PSYoungGen: 2632821K(2637824K)->144192K(2639872K) Eden: 2482688K(2482688K)->0K(2484736K) From: 150133K(155136K)->144192K(155136K)
[5836.065s][info][gc,heap        ] GC(1588) ParOldGen: 4819295K(4819456K)->4913167K(4913664K)
[5836.065s][info][gc,metaspace   ] GC(1588) Metaspace: 29101K(29504K)->29101K(29504K) NonClass: 24209K(24384K)->24209K(24384K) Class: 4892K(5120K)->4892K(5120K)
[5836.065s][info][gc             ] GC(1588) Pause Young (Allocation Failure) 7277M->4938M(7376M) 101.321ms
[5836.065s][info][gc,cpu         ] GC(1588) User=0.58s Sys=0.02s Real=0.10s
..[5838.149s][info][gc,start       ] GC(1589) Pause Young (Allocation Failure)
[5838.249s][info][gc,heap        ] GC(1589) PSYoungGen: 2628928K(2639872K)->144896K(2639872K) Eden: 2484736K(2484736K)->0K(2484736K) From: 144192K(155136K)->144896K(155136K)
[5838.249s][info][gc,heap        ] GC(1589) ParOldGen: 4913167K(4913664K)->5003775K(5003776K)
[5838.249s][info][gc,metaspace   ] GC(1589) Metaspace: 29101K(29504K)->29101K(29504K) NonClass: 24209K(24384K)->24209K(24384K) Class: 4892K(5120K)->4892K(5120K)
[5838.249s][info][gc             ] GC(1589) Pause Young (Allocation Failure) 7365M->5027M(7464M) 99.876ms
[5838.249s][info][gc,cpu         ] GC(1589) User=0.56s Sys=0.03s Real=0.10s
..[5840.291s][info][gc,start       ] GC(1590) Pause Young (Allocation Failure)
[5840.395s][info][gc,heap        ] GC(1590) PSYoungGen: 2629632K(2639872K)->147209K(2640384K) Eden: 2484736K(2484736K)->0K(2486272K) From: 144896K(155136K)->147209K(154112K)
[5840.395s][info][gc,heap        ] GC(1590) ParOldGen: 5003775K(5003776K)->5095455K(5095936K)
[5840.395s][info][gc,metaspace   ] GC(1590) Metaspace: 29101K(29504K)->29101K(29504K) NonClass: 24209K(24384K)->24209K(24384K) Class: 4892K(5120K)->4892K(5120K)
[5840.395s][info][gc             ] GC(1590) Pause Young (Allocation Failure) 7454M->5119M(7555M) 103.555ms
[5840.395s][info][gc,cpu         ] GC(1590) User=0.59s Sys=0.02s Real=0.10s
..[5842.455s][info][gc,start       ] GC(1591) Pause Young (Allocation Failure)
[5842.565s][info][gc,heap        ] GC(1591) PSYoungGen: 2633481K(2640384K)->154105K(2640384K) Eden: 2486272K(2486272K)->0K(2486272K) From: 147209K(154112K)->154105K(154112K)
[5842.565s][info][gc,heap        ] GC(1591) ParOldGen: 5095455K(5095936K)->5187647K(5188096K)
[5842.565s][info][gc,metaspace   ] GC(1591) Metaspace: 29101K(29504K)->29101K(29504K) NonClass: 24209K(24384K)->24209K(24384K) Class: 4892K(5120K)->4892K(5120K)
[5842.565s][info][gc             ] GC(1591) Pause Young (Allocation Failure) 7547M->5216M(7645M) 109.928ms
[5842.565s][info][gc,cpu         ] GC(1591) User=0.62s Sys=0.03s Real=0.11s
..[5844.595s][info][gc,start       ] GC(1592) Pause Young (Allocation Failure)
[5844.698s][info][gc,heap        ] GC(1592) PSYoungGen: 2640377K(2640384K)->147893K(2574848K) Eden: 2486272K(2486272K)->0K(2419200K) From: 154105K(154112K)->147893K(155648K)
[5844.698s][info][gc,heap        ] GC(1592) ParOldGen: 5187647K(5188096K)->5277679K(5277696K)
[5844.698s][info][gc,metaspace   ] GC(1592) Metaspace: 29101K(29504K)->29101K(29504K) NonClass: 24209K(24384K)->24209K(24384K) Class: 4892K(5120K)->4892K(5120K)
[5844.698s][info][gc             ] GC(1592) Pause Young (Allocation Failure) 7644M->5298M(7668M) 102.846ms
[5844.698s][info][gc,cpu         ] GC(1592) User=0.57s Sys=0.04s Real=0.11s
..[5846.678s][info][gc,start       ] GC(1593) Pause Young (Allocation Failure)
[5846.782s][info][gc,heap        ] GC(1593) PSYoungGen: 2567093K(2574848K)->147973K(2607616K) Eden: 2419200K(2419200K)->0K(2419200K) From: 147893K(155648K)->147973K(188416K)
[5846.782s][info][gc,heap        ] GC(1593) ParOldGen: 5277679K(5277696K)->5370487K(5370880K)
[5846.782s][info][gc,metaspace   ] GC(1593) Metaspace: 29101K(29504K)->29101K(29504K) NonClass: 24209K(24384K)->24209K(24384K) Class: 4892K(5120K)->4892K(5120K)
[5846.782s][info][gc             ] GC(1593) Pause Young (Allocation Failure) 7660M->5389M(7791M) 103.418ms
[5846.782s][info][gc,cpu         ] GC(1593) User=0.59s Sys=0.03s Real=0.10s
..[5848.732s][info][gc,start       ] GC(1594) Pause Young (Allocation Failure)
[5848.834s][info][gc,heap        ] GC(1594) PSYoungGen: 2567173K(2607616K)->142793K(2603520K) Eden: 2419200K(2419200K)->0K(2421248K) From: 147973K(188416K)->142793K(182272K)
[5848.834s][info][gc,heap        ] GC(1594) ParOldGen: 5370487K(5370880K)->5461903K(5462016K)
[5848.834s][info][gc,metaspace   ] GC(1594) Metaspace: 29101K(29504K)->29101K(29504K) NonClass: 24209K(24384K)->24209K(24384K) Class: 4892K(5120K)->4892K(5120K)
[5848.834s][info][gc             ] GC(1594) Pause Young (Allocation Failure) 7751M->5473M(7876M) 102.228ms
[5848.834s][info][gc,cpu         ] GC(1594) User=0.58s Sys=0.03s Real=0.10s
..[5850.787s][info][gc,start       ] GC(1595) Pause Young (Allocation Failure)
[5850.892s][info][gc,heap        ] GC(1595) PSYoungGen: 2564041K(2603520K)->149188K(2606592K) Eden: 2421248K(2421248K)->0K(2421248K) From: 142793K(182272K)->149188K(185344K)
[5850.892s][info][gc,heap        ] GC(1595) ParOldGen: 5461903K(5462016K)->5552327K(5552640K)
[5850.892s][info][gc,metaspace   ] GC(1595) Metaspace: 29101K(29504K)->29101K(29504K) NonClass: 24209K(24384K)->24209K(24384K) Class: 4892K(5120K)->4892K(5120K)
[5850.892s][info][gc             ] GC(1595) Pause Young (Allocation Failure) 7837M->5567M(7968M) 104.624ms
[5850.892s][info][gc,cpu         ] GC(1595) User=0.60s Sys=0.02s Real=0.11s
...[5852.957s][info][gc,start       ] GC(1596) Pause Full (Allocation Failure)
[5852.957s][info][gc,phases,start] GC(1596) Marking Phase
[5853.266s][info][gc,phases      ] GC(1596) Marking Phase 308.577ms
[5853.266s][info][gc,phases,start] GC(1596) Summary Phase
[5853.266s][info][gc,phases      ] GC(1596) Summary Phase 0.097ms
[5853.266s][info][gc,phases,start] GC(1596) Forward
[5853.397s][info][gc,phases      ] GC(1596) Forward 130.805ms
[5853.397s][info][gc,phases,start] GC(1596) Adjust Pointers
[5853.598s][info][gc,phases      ] GC(1596) Adjust Pointers 200.696ms
[5853.598s][info][gc,phases,start] GC(1596) Compaction Phase
[5853.729s][info][gc,phases      ] GC(1596) Compaction Phase 131.213ms
[5853.730s][info][gc,phases,start] GC(1596) Post Compact
[5853.737s][info][gc,phases      ] GC(1596) Post Compact 6.938ms
[5853.862s][info][gc,heap        ] GC(1596) PSYoungGen: 2570436K(2606592K)->0K(2610176K) Eden: 2421248K(2421248K)->0K(2427904K) From: 149188K(185344K)->0K(182272K)
[5853.862s][info][gc,heap        ] GC(1596) ParOldGen: 5552327K(5552640K)->1439209K(1702912K)
[5853.862s][info][gc,metaspace   ] GC(1596) Metaspace: 29101K(29504K)->29101K(29504K) NonClass: 24209K(24384K)->24209K(24384K) Class: 4892K(5120K)->4892K(5120K)
[5853.862s][info][gc             ] GC(1596) Pause Full (Allocation Failure) 7932M->1405M(4212M) 905.097ms
[5853.862s][info][gc,cpu         ] GC(1596) User=4.18s Sys=0.12s Real=0.91s
..[5855.306s][info][gc,start       ] GC(1597) Pause Young (Allocation Failure)
[5855.375s][info][gc,heap        ] GC(1597) PSYoungGen: 2427904K(2610176K)->149893K(2610688K) Eden: 2427904K(2427904K)->0K(2427904K) From: 0K(182272K)->149893K(182784K)
[5855.375s][info][gc,heap        ] GC(1597) ParOldGen: 1439209K(1702912K)->1439209K(1702912K)
[5855.375s][info][gc,metaspace   ] GC(1597) Metaspace: 29101K(29504K)->29101K(29504K) NonClass: 24209K(24384K)->24209K(24384K) Class: 4892K(5120K)->4892K(5120K)
[5855.375s][info][gc             ] GC(1597) Pause Young (Allocation Failure) 3776M->1551M(4212M) 69.139ms
[5855.375s][info][gc,cpu         ] GC(1597) User=0.41s Sys=0.00s Real=0.07s
..[5857.119s][info][gc,start       ] GC(1598) Pause Young (Allocation Failure)
[5857.220s][info][gc,heap        ] GC(1598) PSYoungGen: 2577797K(2610688K)->156053K(2611712K) Eden: 2427904K(2427904K)->0K(2432512K) From: 149893K(182784K)->156053K(179200K)
[5857.221s][info][gc,heap        ] GC(1598) ParOldGen: 1439209K(1702912K)->1528929K(1702912K)
[5857.221s][info][gc,metaspace   ] GC(1598) Metaspace: 29101K(29504K)->29101K(29504K) NonClass: 24209K(24384K)->24209K(24384K) Class: 4892K(5120K)->4892K(5120K)
[5857.221s][info][gc             ] GC(1598) Pause Young (Allocation Failure) 3922M->1645M(4213M) 101.715ms
[5857.221s][info][gc,cpu         ] GC(1598) User=0.60s Sys=0.00s Real=0.10s
..[5859.320s][info][gc,start       ] GC(1599) Pause Young (Allocation Failure)
[5859.418s][info][gc,heap        ] GC(1599) PSYoungGen: 2588565K(2611712K)->146400K(2611200K) Eden: 2432512K(2432512K)->0K(2432512K) From: 156053K(179200K)->146400K(178688K)
[5859.418s][info][gc,heap        ] GC(1599) ParOldGen: 1528929K(1702912K)->1620465K(1702912K)
[5859.418s][info][gc,metaspace   ] GC(1599) Metaspace: 29101K(29504K)->29101K(29504K) NonClass: 24209K(24384K)->24209K(24384K) Class: 4892K(5120K)->4892K(5120K)
[5859.418s][info][gc             ] GC(1599) Pause Young (Allocation Failure) 4020M->1725M(4213M) 97.682ms
[5859.418s][info][gc,cpu         ] GC(1599) User=0.57s Sys=0.00s Real=0.10s
..[5861.418s][info][gc,start       ] GC(1600) Pause Young (Allocation Failure)
[5861.510s][info][gc,heap        ] GC(1600) PSYoungGen: 2578912K(2611200K)->137920K(2615296K) Eden: 2432512K(2432512K)->0K(2438144K) From: 146400K(178688K)->137920K(177152K)
[5861.510s][info][gc,heap        ] GC(1600) ParOldGen: 1620465K(1702912K)->1711345K(1711616K)
[5861.510s][info][gc,metaspace   ] GC(1600) Metaspace: 29101K(29504K)->29101K(29504K) NonClass: 24209K(24384K)->24209K(24384K) Class: 4892K(5120K)->4892K(5120K)
[5861.510s][info][gc             ] GC(1600) Pause Young (Allocation Failure) 4100M->1805M(4225M) 91.963ms
[5861.510s][info][gc,cpu         ] GC(1600) User=0.55s Sys=0.00s Real=0.09s
..[5863.470s][info][gc,start       ] GC(1601) Pause Young (Allocation Failure)
[5863.567s][info][gc,heap        ] GC(1601) PSYoungGen: 2576064K(2615296K)->141157K(2615296K) Eden: 2438144K(2438144K)->0K(2438144K) From: 137920K(177152K)->141157K(177152K)
[5863.567s][info][gc,heap        ] GC(1601) ParOldGen: 1711345K(1711616K)->1803809K(1804288K)
[5863.567s][info][gc,metaspace   ] GC(1601) Metaspace: 29101K(29504K)->29101K(29504K) NonClass: 24209K(24384K)->24209K(24384K) Class: 4892K(5120K)->4892K(5120K)
[5863.567s][info][gc             ] GC(1601) Pause Young (Allocation Failure) 4186M->1899M(4316M) 96.880ms
[5863.567s][info][gc,cpu         ] GC(1601) User=0.54s Sys=0.04s Real=0.09s
..[5865.660s][info][gc,start       ] GC(1602) Pause Young (Allocation Failure)
[5865.756s][info][gc,heap        ] GC(1602) PSYoungGen: 2579301K(2615296K)->139456K(2618368K) Eden: 2438144K(2438144K)->0K(2442240K) From: 141157K(177152K)->139456K(176128K)
[5865.756s][info][gc,heap        ] GC(1602) ParOldGen: 1803809K(1804288K)->1892297K(1892352K)
[5865.756s][info][gc,metaspace   ] GC(1602) Metaspace: 29101K(29504K)->29101K(29504K) NonClass: 24209K(24384K)->24209K(24384K) Class: 4892K(5120K)->4892K(5120K)
[5865.756s][info][gc             ] GC(1602) Pause Young (Allocation Failure) 4280M->1984M(4405M) 95.451ms
[5865.756s][info][gc,cpu         ] GC(1602) User=0.53s Sys=0.03s Real=0.09s
..[5867.655s][info][gc,start       ] GC(1603) Pause Young (Allocation Failure)
[5867.751s][info][gc,heap        ] GC(1603) PSYoungGen: 2581696K(2618368K)->141568K(2617856K) Eden: 2442240K(2442240K)->0K(2442240K) From: 139456K(176128K)->141568K(175616K)
[5867.751s][info][gc,heap        ] GC(1603) ParOldGen: 1892297K(1892352K)->1981873K(1981952K)
[5867.751s][info][gc,metaspace   ] GC(1603) Metaspace: 29101K(29504K)->29101K(29504K) NonClass: 24209K(24384K)->24209K(24384K) Class: 4892K(5120K)->4892K(5120K)
[5867.751s][info][gc             ] GC(1603) Pause Young (Allocation Failure) 4369M->2073M(4492M) 95.862ms
[5867.751s][info][gc,cpu         ] GC(1603) User=0.55s Sys=0.03s Real=0.10s
.. (rIR:aIR:PR = 9409:9397:9397) (tPR = 138431) [OK] 
  5869s: Performance info:
         Transaction,    Success,    Partial,     Failed,   Receipts, AvgBarcode, 
             Overall,     571305,          0,          0,     542765,      59.48, 
         Response times:
             Request,    Success,    Partial,     Failed,   SkipFail,     Probes,    Samples,      min,      p50,      p90,      p95,      p99,      max, 
       TotalPurchase,     542779,          0,          0,          0,     354795,     499814,      300,     6500,    47000,    85000,   388000,  1400000,
     InStorePurchase,     287516,          0,          0,          0,     187103,     263053,      300,     6600,    47000,    85000,   388000,  1400000,
      OnlinePurchase,     198469,          0,          0,          0,     130819,     184426,      300,     6600,    47000,    84000,   405000,   940000,
        InstPurchase,      56794,          0,          0,          0,      36873,      52335,      400,     6200,    46000,    85000,   405920,  1100000,
          AssocOfCat,        571,          0,          0,          0,        469,        770,    19400,    40000,    82000,   127350,   267450,   412000,
      AssocOfProduct,       5741,          0,          0,          0,       4136,       6078,      700,     7800,    51000,    91000,   390000,   620000,
      BusinessReport,       1431,          0,          0,          0,       1258,       1931,    28000,    53000,   125000,   172800,   512000,  1100000,
          CustBuyBeh,       5739,          0,          0,          0,       4179,       6083,      100,     6400,    47000,    85000,   418160,   592000,
       ProductReturn,      15046,          0,          0,          0,       9771,      13949,      200,     6900,    49000,    86000,   419000,   920000,

  5869s: (69%)   IR =   9548 [5869.855s][info][gc,start       ] GC(1604) Pause Young (Allocation Failure)
[5869.951s][info][gc,heap        ] GC(1604) PSYoungGen: 2583808K(2617856K)->141344K(2618880K) Eden: 2442240K(2442240K)->0K(2445824K) From: 141568K(175616K)->141344K(173056K)
[5869.951s][info][gc,heap        ] GC(1604) ParOldGen: 1981873K(1981952K)->2073657K(2074112K)
[5869.951s][info][gc,metaspace   ] GC(1604) Metaspace: 29101K(29504K)->29101K(29504K) NonClass: 24209K(24384K)->24209K(24384K) Class: 4892K(5120K)->4892K(5120K)
[5869.952s][info][gc             ] GC(1604) Pause Young (Allocation Failure) 4458M->2163M(4583M) 96.066ms
[5869.952s][info][gc,cpu         ] GC(1604) User=0.54s Sys=0.03s Real=0.10s
..[5871.873s][info][gc,start       ] GC(1605) Pause Young (Allocation Failure)
[5871.974s][info][gc,heap        ] GC(1605) PSYoungGen: 2587168K(2618880K)->148448K(2618368K) Eden: 2445824K(2445824K)->0K(2445824K) From: 141344K(173056K)->148448K(172544K)
[5871.974s][info][gc,heap        ] GC(1605) ParOldGen: 2073657K(2074112K)->2164169K(2164224K)
[5871.974s][info][gc,metaspace   ] GC(1605) Metaspace: 29101K(29504K)->29101K(29504K) NonClass: 24209K(24384K)->24209K(24384K) Class: 4892K(5120K)->4892K(5120K)
[5871.974s][info][gc             ] GC(1605) Pause Young (Allocation Failure) 4551M->2258M(4670M) 101.318ms
[5871.974s][info][gc,cpu         ] GC(1605) User=0.57s Sys=0.04s Real=0.10s
..[5874.019s][info][gc,start       ] GC(1606) Pause Young (Allocation Failure)
[5874.115s][info][gc,heap        ] GC(1606) PSYoungGen: 2594272K(2618368K)->142368K(2621952K) Eden: 2445824K(2445824K)->0K(2451968K) From: 148448K(172544K)->142368K(169984K)
[5874.115s][info][gc,heap        ] GC(1606) ParOldGen: 2164169K(2164224K)->2254985K(2255360K)
[5874.115s][info][gc,metaspace   ] GC(1606) Metaspace: 29101K(29504K)->29101K(29504K) NonClass: 24209K(24384K)->24209K(24384K) Class: 4892K(5120K)->4892K(5120K)
[5874.115s][info][gc             ] GC(1606) Pause Young (Allocation Failure) 4646M->2341M(4763M) 95.988ms
[5874.115s][info][gc,cpu         ] GC(1606) User=0.54s Sys=0.03s Real=0.09s
..[5876.136s][info][gc,start       ] GC(1607) Pause Young (Allocation Failure)
[5876.242s][info][gc,heap        ] GC(1607) PSYoungGen: 2594336K(2621952K)->157152K(2620928K) Eden: 2451968K(2451968K)->0K(2451968K) From: 142368K(169984K)->157152K(168960K)
[5876.242s][info][gc,heap        ] GC(1607) ParOldGen: 2254985K(2255360K)->2344641K(2344960K)
[5876.242s][info][gc,metaspace   ] GC(1607) Metaspace: 29101K(29504K)->29101K(29504K) NonClass: 24209K(24384K)->24209K(24384K) Class: 4892K(5120K)->4892K(5120K)
[5876.242s][info][gc             ] GC(1607) Pause Young (Allocation Failure) 4735M->2443M(4849M) 105.240ms
[5876.242s][info][gc,cpu         ] GC(1607) User=0.61s Sys=0.02s Real=0.11s
..[5878.207s][info][gc,start       ] GC(1608) Pause Young (Allocation Failure)
[5878.308s][info][gc,heap        ] GC(1608) PSYoungGen: 2609120K(2620928K)->141476K(2626048K) Eden: 2451968K(2451968K)->0K(2456064K) From: 157152K(168960K)->141476K(169984K)
[5878.308s][info][gc,heap        ] GC(1608) ParOldGen: 2344641K(2344960K)->2438777K(2439168K)
[5878.308s][info][gc,metaspace   ] GC(1608) Metaspace: 29101K(29504K)->29101K(29504K) NonClass: 24209K(24384K)->24209K(24384K) Class: 4892K(5120K)->4892K(5120K)
[5878.308s][info][gc             ] GC(1608) Pause Young (Allocation Failure) 4837M->2519M(4946M) 100.313ms
[5878.308s][info][gc,cpu         ] GC(1608) User=0.57s Sys=0.03s Real=0.10s
..[5880.178s][info][gc,start       ] GC(1609) Pause Young (Allocation Failure)
[5880.278s][info][gc,heap        ] GC(1609) PSYoungGen: 2597540K(2626048K)->145536K(2601984K) Eden: 2456064K(2456064K)->0K(2456064K) From: 141476K(169984K)->145536K(145920K)
[5880.278s][info][gc,heap        ] GC(1609) ParOldGen: 2438777K(2439168K)->2529689K(2529792K)
[5880.278s][info][gc,metaspace   ] GC(1609) Metaspace: 29101K(29504K)->29101K(29504K) NonClass: 24209K(24384K)->24209K(24384K) Class: 4892K(5120K)->4892K(5120K)
[5880.278s][info][gc             ] GC(1609) Pause Young (Allocation Failure) 4918M->2612M(5011M) 99.776ms
[5880.278s][info][gc,cpu         ] GC(1609) User=0.57s Sys=0.02s Real=0.10s
..|[5882.238s][info][gc,start       ] GC(1610) Pause Young (Allocation Failure)
[5882.333s][info][gc,heap        ] GC(1610) PSYoungGen: 2601600K(2601984K)->136640K(2624000K) Eden: 2456064K(2456064K)->0K(2456576K) From: 145536K(145920K)->136640K(167424K)
[5882.333s][info][gc,heap        ] GC(1610) ParOldGen: 2529689K(2529792K)->2620521K(2620928K)
[5882.333s][info][gc,metaspace   ] GC(1610) Metaspace: 29101K(29504K)->29101K(29504K) NonClass: 24209K(24384K)->24209K(24384K) Class: 4892K(5120K)->4892K(5120K)
[5882.333s][info][gc             ] GC(1610) Pause Young (Allocation Failure) 5011M->2692M(5122M) 94.592ms
[5882.333s][info][gc,cpu         ] GC(1610) User=0.53s Sys=0.03s Real=0.09s
..[5884.345s][info][gc,start       ] GC(1611) Pause Young (Allocation Failure)
[5884.441s][info][gc,heap        ] GC(1611) PSYoungGen: 2593216K(2624000K)->137024K(2624000K) Eden: 2456576K(2456576K)->0K(2456576K) From: 136640K(167424K)->137024K(167424K)
[5884.441s][info][gc,heap        ] GC(1611) ParOldGen: 2620521K(2620928K)->2712673K(2713088K)
[5884.441s][info][gc,metaspace   ] GC(1611) Metaspace: 29101K(29504K)->29101K(29504K) NonClass: 24209K(24384K)->24209K(24384K) Class: 4892K(5120K)->4892K(5120K)
[5884.441s][info][gc             ] GC(1611) Pause Young (Allocation Failure) 5091M->2782M(5212M) 95.384ms
[5884.441s][info][gc,cpu         ] GC(1611) User=0.55s Sys=0.03s Real=0.10s
..[5886.452s][info][gc,start       ] GC(1612) Pause Young (Allocation Failure)
[5886.553s][info][gc,heap        ] GC(1612) PSYoungGen: 2593600K(2624000K)->149418K(2628096K) Eden: 2456576K(2456576K)->0K(2461696K) From: 137024K(167424K)->149418K(166400K)
[5886.553s][info][gc,heap        ] GC(1612) ParOldGen: 2712673K(2713088K)->2803777K(2804224K)
[5886.553s][info][gc,metaspace   ] GC(1612) Metaspace: 29101K(29504K)->29101K(29504K) NonClass: 24209K(24384K)->24209K(24384K) Class: 4892K(5120K)->4892K(5120K)
[5886.553s][info][gc             ] GC(1612) Pause Young (Allocation Failure) 5181M->2883M(5305M) 100.913ms
[5886.553s][info][gc,cpu         ] GC(1612) User=0.57s Sys=0.03s Real=0.10s
...[5888.617s][info][gc,start       ] GC(1613) Pause Young (Allocation Failure)
[5888.714s][info][gc,heap        ] GC(1613) PSYoungGen: 2611114K(2628096K)->143424K(2605568K) Eden: 2461696K(2461696K)->0K(2461696K) From: 149418K(166400K)->143424K(143872K)
[5888.714s][info][gc,heap        ] GC(1613) ParOldGen: 2803777K(2804224K)->2893217K(2893312K)
[5888.714s][info][gc,metaspace   ] GC(1613) Metaspace: 29101K(29504K)->29101K(29504K) NonClass: 24209K(24384K)->24209K(24384K) Class: 4892K(5120K)->4892K(5120K)
[5888.714s][info][gc             ] GC(1613) Pause Young (Allocation Failure) 5287M->2965M(5370M) 97.174ms
[5888.714s][info][gc,cpu         ] GC(1613) User=0.56s Sys=0.01s Real=0.10s
..[5890.679s][info][gc,start       ] GC(1614) Pause Young (Allocation Failure)
[5890.776s][info][gc,heap        ] GC(1614) PSYoungGen: 2605120K(2605568K)->141728K(2628608K) Eden: 2461696K(2461696K)->0K(2464256K) From: 143424K(143872K)->141728K(164352K)
[5890.776s][info][gc,heap        ] GC(1614) ParOldGen: 2893217K(2893312K)->2985369K(2985472K)
[5890.776s][info][gc,metaspace   ] GC(1614) Metaspace: 29101K(29504K)->29101K(29504K) NonClass: 24209K(24384K)->24209K(24384K) Class: 4892K(5120K)->4892K(5120K)
[5890.776s][info][gc             ] GC(1614) Pause Young (Allocation Failure) 5369M->3053M(5482M) 96.703ms
[5890.776s][info][gc,cpu         ] GC(1614) User=0.55s Sys=0.03s Real=0.09s
..[5892.690s][info][gc,start       ] GC(1615) Pause Young (Allocation Failure)
[5892.796s][info][gc,heap        ] GC(1615) PSYoungGen: 2605984K(2628608K)->153322K(2627584K) Eden: 2464256K(2464256K)->0K(2464256K) From: 141728K(164352K)->153322K(163328K)
[5892.796s][info][gc,heap        ] GC(1615) ParOldGen: 2985369K(2985472K)->3077001K(3077120K)
[5892.796s][info][gc,metaspace   ] GC(1615) Metaspace: 29101K(29504K)->29101K(29504K) NonClass: 24209K(24384K)->24209K(24384K) Class: 4892K(5120K)->4892K(5120K)
[5892.796s][info][gc             ] GC(1615) Pause Young (Allocation Failure) 5460M->3154M(5571M) 105.630ms
[5892.796s][info][gc,cpu         ] GC(1615) User=0.60s Sys=0.03s Real=0.10s
..[5894.765s][info][gc,start       ] GC(1616) Pause Young (Allocation Failure)
[5894.868s][info][gc,heap        ] GC(1616) PSYoungGen: 2617578K(2627584K)->146180K(2630656K) Eden: 2464256K(2464256K)->0K(2468352K) From: 153322K(163328K)->146180K(162304K)
[5894.868s][info][gc,heap        ] GC(1616) ParOldGen: 3077001K(3077120K)->3168161K(3168256K)
[5894.868s][info][gc,metaspace   ] GC(1616) Metaspace: 29101K(29504K)->29101K(29504K) NonClass: 24209K(24384K)->24209K(24384K) Class: 4892K(5120K)->4892K(5120K)
[5894.868s][info][gc             ] GC(1616) Pause Young (Allocation Failure) 5561M->3236M(5663M) 102.169ms
[5894.868s][info][gc,cpu         ] GC(1616) User=0.57s Sys=0.03s Real=0.11s
..[5896.973s][info][gc,start       ] GC(1617) Pause Young (Allocation Failure)
[5897.073s][info][gc,heap        ] GC(1617) PSYoungGen: 2614532K(2630656K)->146496K(2631168K) Eden: 2468352K(2468352K)->0K(2468352K) From: 146180K(162304K)->146496K(162816K)
[5897.073s][info][gc,heap        ] GC(1617) ParOldGen: 3168161K(3168256K)->3258601K(3258880K)
[5897.073s][info][gc,metaspace   ] GC(1617) Metaspace: 29101K(29504K)->29101K(29504K) NonClass: 24209K(24384K)->24209K(24384K) Class: 4892K(5120K)->4892K(5120K)
[5897.073s][info][gc             ] GC(1617) Pause Young (Allocation Failure) 5647M->3325M(5752M) 99.848ms
[5897.073s][info][gc,cpu         ] GC(1617) User=0.57s Sys=0.02s Real=0.10s
..[5899.067s][info][gc,start       ] GC(1618) Pause Young (Allocation Failure)
[5899.172s][info][gc,heap        ] GC(1618) PSYoungGen: 2614848K(2631168K)->151455K(2631680K) Eden: 2468352K(2468352K)->0K(2470400K) From: 146496K(162816K)->151455K(161280K)
[5899.172s][info][gc,heap        ] GC(1618) ParOldGen: 3258601K(3258880K)->3352241K(3352576K)
[5899.172s][info][gc,metaspace   ] GC(1618) Metaspace: 29101K(29504K)->29101K(29504K) NonClass: 24209K(24384K)->24209K(24384K) Class: 4892K(5120K)->4892K(5120K)
[5899.172s][info][gc             ] GC(1618) Pause Young (Allocation Failure) 5735M->3421M(5844M) 105.228ms
[5899.172s][info][gc,cpu         ] GC(1618) User=0.60s Sys=0.03s Real=0.11s
..[5901.225s][info][gc,start       ] GC(1619) Pause Young (Allocation Failure)
[5901.319s][info][gc,heap        ] GC(1619) PSYoungGen: 2621855K(2631680K)->137920K(2632192K) Eden: 2470400K(2470400K)->0K(2470400K) From: 151455K(161280K)->137920K(161792K)
[5901.319s][info][gc,heap        ] GC(1619) ParOldGen: 3352241K(3352576K)->3440017K(3440128K)
[5901.319s][info][gc,metaspace   ] GC(1619) Metaspace: 29101K(29504K)->29101K(29504K) NonClass: 24209K(24384K)->24209K(24384K) Class: 4892K(5120K)->4892K(5120K)
[5901.319s][info][gc             ] GC(1619) Pause Young (Allocation Failure) 5834M->3494M(5930M) 94.725ms
[5901.319s][info][gc,cpu         ] GC(1619) User=0.54s Sys=0.02s Real=0.10s
..[5903.295s][info][gc,start       ] GC(1620) Pause Young (Allocation Failure)
[5903.390s][info][gc,heap        ] GC(1620) PSYoungGen: 2608320K(2632192K)->134336K(2633216K) Eden: 2470400K(2470400K)->0K(2471424K) From: 137920K(161792K)->134336K(161792K)
[5903.390s][info][gc,heap        ] GC(1620) ParOldGen: 3440017K(3440128K)->3533465K(3533824K)
[5903.390s][info][gc,metaspace   ] GC(1620) Metaspace: 29101K(29504K)->29101K(29504K) NonClass: 24209K(24384K)->24209K(24384K) Class: 4892K(5120K)->4892K(5120K)
[5903.390s][info][gc             ] GC(1620) Pause Young (Allocation Failure) 5906M->3581M(6022M) 95.905ms
[5903.390s][info][gc,cpu         ] GC(1620) User=0.54s Sys=0.03s Real=0.10s
..[5905.488s][info][gc,start       ] GC(1621) Pause Young (Allocation Failure)
[5905.584s][info][gc,heap        ] GC(1621) PSYoungGen: 2605760K(2633216K)->139264K(2610688K) Eden: 2471424K(2471424K)->0K(2471424K) From: 134336K(161792K)->139264K(139264K)
[5905.584s][info][gc,heap        ] GC(1621) ParOldGen: 3533465K(3533824K)->3622993K(3623424K)
[5905.584s][info][gc,metaspace   ] GC(1621) Metaspace: 29101K(29504K)->29101K(29504K) NonClass: 24209K(24384K)->24209K(24384K) Class: 4892K(5120K)->4892K(5120K)
[5905.584s][info][gc             ] GC(1621) Pause Young (Allocation Failure) 5995M->3674M(6088M) 96.538ms
[5905.584s][info][gc,cpu         ] GC(1621) User=0.54s Sys=0.03s Real=0.09s
..[5907.575s][info][gc,start       ] GC(1622) Pause Young (Allocation Failure)
[5907.677s][info][gc,heap        ] GC(1622) PSYoungGen: 2610688K(2610688K)->146322K(2634240K) Eden: 2471424K(2471424K)->0K(2472960K) From: 139264K(139264K)->146322K(161280K)
[5907.677s][info][gc,heap        ] GC(1622) ParOldGen: 3622993K(3623424K)->3715561K(3715584K)
[5907.677s][info][gc,metaspace   ] GC(1622) Metaspace: 29101K(29504K)->29101K(29504K) NonClass: 24209K(24384K)->24209K(24384K) Class: 4892K(5120K)->4892K(5120K)
[5907.677s][info][gc             ] GC(1622) Pause Young (Allocation Failure) 6087M->3771M(6201M) 101.806ms
[5907.677s][info][gc,cpu         ] GC(1622) User=0.57s Sys=0.04s Real=0.10s
...[5909.693s][info][gc,start       ] GC(1623) Pause Young (Allocation Failure)
[5909.793s][info][gc,heap        ] GC(1623) PSYoungGen: 2619282K(2634240K)->146192K(2633216K) Eden: 2472960K(2472960K)->0K(2472960K) From: 146322K(161280K)->146192K(160256K)
[5909.793s][info][gc,heap        ] GC(1623) ParOldGen: 3715561K(3715584K)->3804929K(3805184K)
[5909.793s][info][gc,metaspace   ] GC(1623) Metaspace: 29101K(29504K)->29101K(29504K) NonClass: 24209K(24384K)->24209K(24384K) Class: 4892K(5120K)->4892K(5120K)
[5909.793s][info][gc             ] GC(1623) Pause Young (Allocation Failure) 6186M->3858M(6287M) 99.416ms
[5909.793s][info][gc,cpu         ] GC(1623) User=0.57s Sys=0.02s Real=0.10s
..[5911.804s][info][gc,start       ] GC(1624) Pause Young (Allocation Failure)
[5911.905s][info][gc,heap        ] GC(1624) PSYoungGen: 2619152K(2633216K)->145444K(2634752K) Eden: 2472960K(2472960K)->0K(2475520K) From: 146192K(160256K)->145444K(159232K)
[5911.905s][info][gc,heap        ] GC(1624) ParOldGen: 3804929K(3805184K)->3898449K(3898880K)
[5911.905s][info][gc,metaspace   ] GC(1624) Metaspace: 29101K(29504K)->29101K(29504K) NonClass: 24209K(24384K)->24209K(24384K) Class: 4892K(5120K)->4892K(5120K)
[5911.905s][info][gc             ] GC(1624) Pause Young (Allocation Failure) 6273M->3949M(6380M) 101.332ms
[5911.905s][info][gc,cpu         ] GC(1624) User=0.58s Sys=0.02s Real=0.10s
..[5913.990s][info][gc,start       ] GC(1625) Pause Young (Allocation Failure)
[5914.096s][info][gc,heap        ] GC(1625) PSYoungGen: 2620964K(2634752K)->155898K(2634240K) Eden: 2475520K(2475520K)->0K(2475520K) From: 145444K(159232K)->155898K(158720K)
[5914.096s][info][gc,heap        ] GC(1625) ParOldGen: 3898449K(3898880K)->3987993K(3988480K)
[5914.096s][info][gc,metaspace   ] GC(1625) Metaspace: 29101K(29504K)->29101K(29504K) NonClass: 24209K(24384K)->24209K(24384K) Class: 4892K(5120K)->4892K(5120K)
[5914.096s][info][gc             ] GC(1625) Pause Young (Allocation Failure) 6366M->4046M(6467M) 105.371ms
[5914.096s][info][gc,cpu         ] GC(1625) User=0.59s Sys=0.03s Real=0.10s
..[5916.079s][info][gc,start       ] GC(1626) Pause Young (Allocation Failure)
[5916.184s][info][gc,heap        ] GC(1626) PSYoungGen: 2631418K(2634240K)->155456K(2630656K) Eden: 2475520K(2475520K)->0K(2469376K) From: 155898K(158720K)->155456K(161280K)
[5916.184s][info][gc,heap        ] GC(1626) ParOldGen: 3987993K(3988480K)->4080401K(4080640K)
[5916.184s][info][gc,metaspace   ] GC(1626) Metaspace: 29101K(29504K)->29101K(29504K) NonClass: 24209K(24384K)->24209K(24384K) Class: 4892K(5120K)->4892K(5120K)
[5916.184s][info][gc             ] GC(1626) Pause Young (Allocation Failure) 6464M->4136M(6554M) 104.897ms
[5916.184s][info][gc,cpu         ] GC(1626) User=0.61s Sys=0.02s Real=0.10s
..[5918.161s][info][gc,start       ] GC(1627) Pause Young (Allocation Failure)
[5918.262s][info][gc,heap        ] GC(1627) PSYoungGen: 2624832K(2630656K)->148114K(2632704K) Eden: 2469376K(2469376K)->0K(2469376K) From: 155456K(161280K)->148114K(163328K)
[5918.262s][info][gc,heap        ] GC(1627) ParOldGen: 4080401K(4080640K)->4172633K(4172800K)
[5918.262s][info][gc,metaspace   ] GC(1627) Metaspace: 29101K(29504K)->29101K(29504K) NonClass: 24209K(24384K)->24209K(24384K) Class: 4892K(5120K)->4892K(5120K)
[5918.262s][info][gc             ] GC(1627) Pause Young (Allocation Failure) 6548M->4219M(6646M) 101.532ms
[5918.262s][info][gc,cpu         ] GC(1627) User=0.57s Sys=0.03s Real=0.10s
..[5920.212s][info][gc,start       ] GC(1628) Pause Young (Allocation Failure)
[5920.316s][info][gc,heap        ] GC(1628) PSYoungGen: 2617490K(2632704K)->151555K(2631680K) Eden: 2469376K(2469376K)->0K(2470400K) From: 148114K(163328K)->151555K(161280K)
[5920.316s][info][gc,heap        ] GC(1628) ParOldGen: 4172633K(4172800K)->4264761K(4264960K)
[5920.316s][info][gc,metaspace   ] GC(1628) Metaspace: 29101K(29504K)->29101K(29504K) NonClass: 24209K(24384K)->24209K(24384K) Class: 4892K(5120K)->4892K(5120K)
[5920.316s][info][gc             ] GC(1628) Pause Young (Allocation Failure) 6630M->4312M(6735M) 104.062ms
[5920.316s][info][gc,cpu         ] GC(1628) User=0.59s Sys=0.02s Real=0.10s
..[5922.377s][info][gc,start       ] GC(1629) Pause Young (Allocation Failure)
[5922.477s][info][gc,heap        ] GC(1629) PSYoungGen: 2621955K(2631680K)->141829K(2632704K) Eden: 2470400K(2470400K)->0K(2470400K) From: 151555K(161280K)->141829K(162304K)
[5922.477s][info][gc,heap        ] GC(1629) ParOldGen: 4264761K(4264960K)->4355993K(4356096K)
[5922.477s][info][gc,metaspace   ] GC(1629) Metaspace: 29101K(29504K)->29101K(29504K) NonClass: 24209K(24384K)->24209K(24384K) Class: 4892K(5120K)->4892K(5120K)
[5922.477s][info][gc             ] GC(1629) Pause Young (Allocation Failure) 6725M->4392M(6825M) 100.505ms
[5922.477s][info][gc,cpu         ] GC(1629) User=0.58s Sys=0.02s Real=0.11s
..[5924.435s][info][gc,start       ] GC(1630) Pause Young (Allocation Failure)
[5924.533s][info][gc,heap        ] GC(1630) PSYoungGen: 2612229K(2632704K)->140512K(2632192K) Eden: 2470400K(2470400K)->0K(2471936K) From: 141829K(162304K)->140512K(160256K)
[5924.533s][info][gc,heap        ] GC(1630) ParOldGen: 4355993K(4356096K)->4447601K(4447744K)
[5924.533s][info][gc,metaspace   ] GC(1630) Metaspace: 29101K(29504K)->29101K(29504K) NonClass: 24209K(24384K)->24209K(24384K) Class: 4892K(5120K)->4892K(5120K)
[5924.533s][info][gc             ] GC(1630) Pause Young (Allocation Failure) 6804M->4480M(6914M) 98.328ms
[5924.533s][info][gc,cpu         ] GC(1630) User=0.57s Sys=0.01s Real=0.10s
..[5926.518s][info][gc,start       ] GC(1631) Pause Young (Allocation Failure)
[5926.616s][info][gc,heap        ] GC(1631) PSYoungGen: 2612448K(2632192K)->140032K(2633216K) Eden: 2471936K(2471936K)->0K(2471936K) From: 140512K(160256K)->140032K(161280K)
[5926.617s][info][gc,heap        ] GC(1631) ParOldGen: 4447601K(4447744K)->4538193K(4538368K)
[5926.617s][info][gc,metaspace   ] GC(1631) Metaspace: 29101K(29504K)->29101K(29504K) NonClass: 24209K(24384K)->24209K(24384K) Class: 4892K(5120K)->4892K(5120K)
[5926.617s][info][gc             ] GC(1631) Pause Young (Allocation Failure) 6894M->4568M(7003M) 98.742ms
[5926.617s][info][gc,cpu         ] GC(1631) User=0.55s Sys=0.04s Real=0.09s
..[5928.609s][info][gc,start       ] GC(1632) Pause Young (Allocation Failure)
[5928.715s][info][gc,heap        ] GC(1632) PSYoungGen: 2611968K(2633216K)->151093K(2633728K) Eden: 2471936K(2471936K)->0K(2472448K) From: 140032K(161280K)->151093K(161280K)
[5928.715s][info][gc,heap        ] GC(1632) ParOldGen: 4538193K(4538368K)->4628473K(4628480K)
[5928.715s][info][gc,metaspace   ] GC(1632) Metaspace: 29101K(29504K)->29101K(29504K) NonClass: 24209K(24384K)->24209K(24384K) Class: 4892K(5120K)->4892K(5120K)
[5928.715s][info][gc             ] GC(1632) Pause Young (Allocation Failure) 6982M->4667M(7092M) 105.633ms
[5928.715s][info][gc,cpu         ] GC(1632) User=0.60s Sys=0.03s Real=0.10s
..[5930.671s][info][gc,start       ] GC(1633) Pause Young (Allocation Failure)
[5930.771s][info][gc,heap        ] GC(1633) PSYoungGen: 2623541K(2633728K)->144288K(2616832K) Eden: 2472448K(2472448K)->0K(2472448K) From: 151093K(161280K)->144288K(144384K)
[5930.771s][info][gc,heap        ] GC(1633) ParOldGen: 4628473K(4628480K)->4721569K(4721664K)
[5930.771s][info][gc,metaspace   ] GC(1633) Metaspace: 29101K(29504K)->29101K(29504K) NonClass: 24209K(24384K)->24209K(24384K) Class: 4892K(5120K)->4892K(5120K)
[5930.771s][info][gc             ] GC(1633) Pause Young (Allocation Failure) 7082M->4751M(7166M) 100.394ms
[5930.771s][info][gc,cpu         ] GC(1633) User=0.57s Sys=0.03s Real=0.10s
..[5932.900s][info][gc,start       ] GC(1634) Pause Young (Allocation Failure)
[5933.000s][info][gc,heap        ] GC(1634) PSYoungGen: 2616736K(2616832K)->139552K(2633216K) Eden: 2472448K(2472448K)->0K(2472960K) From: 144288K(144384K)->139552K(160256K)
[5933.000s][info][gc,heap        ] GC(1634) ParOldGen: 4721569K(4721664K)->4814297K(4814336K)
[5933.000s][info][gc,metaspace   ] GC(1634) Metaspace: 29101K(29504K)->29101K(29504K) NonClass: 24209K(24384K)->24209K(24384K) Class: 4892K(5120K)->4892K(5120K)
[5933.000s][info][gc             ] GC(1634) Pause Young (Allocation Failure) 7166M->4837M(7273M) 100.156ms
[5933.000s][info][gc,cpu         ] GC(1634) User=0.58s Sys=0.03s Real=0.10s
...[5935.033s][info][gc,start       ] GC(1635) Pause Young (Allocation Failure)
[5935.137s][info][gc,heap        ] GC(1635) PSYoungGen: 2612512K(2633216K)->150176K(2633216K) Eden: 2472960K(2472960K)->0K(2472960K) From: 139552K(160256K)->150176K(160256K)
[5935.137s][info][gc,heap        ] GC(1635) ParOldGen: 4814297K(4814336K)->4903161K(4903424K)
[5935.137s][info][gc,metaspace   ] GC(1635) Metaspace: 29101K(29504K)->29101K(29504K) NonClass: 24209K(24384K)->24209K(24384K) Class: 4892K(5120K)->4892K(5120K)
[5935.137s][info][gc             ] GC(1635) Pause Young (Allocation Failure) 7252M->4934M(7360M) 104.112ms
[5935.137s][info][gc,cpu         ] GC(1635) User=0.60s Sys=0.02s Real=0.10s
..[5937.104s][info][gc,start       ] GC(1636) Pause Young (Allocation Failure)
[5937.209s][info][gc,heap        ] GC(1636) PSYoungGen: 2623136K(2633216K)->150948K(2634752K) Eden: 2472960K(2472960K)->0K(2474496K) From: 150176K(160256K)->150948K(160256K)
[5937.209s][info][gc,heap        ] GC(1636) ParOldGen: 4903161K(4903424K)->4995113K(4995584K)
[5937.209s][info][gc,metaspace   ] GC(1636) Metaspace: 29101K(29504K)->29101K(29504K) NonClass: 24209K(24384K)->24209K(24384K) Class: 4892K(5120K)->4892K(5120K)
[5937.209s][info][gc             ] GC(1636) Pause Young (Allocation Failure) 7349M->5025M(7451M) 105.010ms
[5937.209s][info][gc,cpu         ] GC(1636) User=0.60s Sys=0.02s Real=0.11s
..[5939.230s][info][gc,start       ] GC(1637) Pause Young (Allocation Failure)
[5939.328s][info][gc,heap        ] GC(1637) PSYoungGen: 2625444K(2634752K)->138912K(2635264K) Eden: 2474496K(2474496K)->0K(2474496K) From: 150948K(160256K)->138912K(160768K)
[5939.328s][info][gc,heap        ] GC(1637) ParOldGen: 4995113K(4995584K)->5084833K(5085184K)
[5939.328s][info][gc,metaspace   ] GC(1637) Metaspace: 29101K(29504K)->29101K(29504K) NonClass: 24209K(24384K)->24209K(24384K) Class: 4892K(5120K)->4892K(5120K)
[5939.328s][info][gc             ] GC(1637) Pause Young (Allocation Failure) 7441M->5101M(7539M) 98.227ms
[5939.328s][info][gc,cpu         ] GC(1637) User=0.55s Sys=0.03s Real=0.10s
..[5941.235s][info][gc,start       ] GC(1638) Pause Young (Allocation Failure)
[5941.337s][info][gc,heap        ] GC(1638) PSYoungGen: 2613408K(2635264K)->139764K(2634240K) Eden: 2474496K(2474496K)->0K(2474496K) From: 138912K(160768K)->139764K(159744K)
[5941.337s][info][gc,heap        ] GC(1638) ParOldGen: 5084833K(5085184K)->5178665K(5178880K)
[5941.337s][info][gc,metaspace   ] GC(1638) Metaspace: 29101K(29504K)->29101K(29504K) NonClass: 24209K(24384K)->24209K(24384K) Class: 4892K(5120K)->4892K(5120K)
[5941.337s][info][gc             ] GC(1638) Pause Young (Allocation Failure) 7517M->5193M(7630M) 102.147ms
[5941.337s][info][gc,cpu         ] GC(1638) User=0.57s Sys=0.03s Real=0.10s
. (rIR:aIR:PR = 9548:9558:9558) (tPR = 141407) [OK] 
  5941s: Performance info:
         Transaction,    Success,    Partial,     Failed,   Receipts, AvgBarcode, 
             Overall,     580522,          0,          0,     551665,      59.48, 
         Response times:
             Request,    Success,    Partial,     Failed,   SkipFail,     Probes,    Samples,      min,      p50,      p90,      p95,      p99,      max, 
       TotalPurchase,     551649,          0,          0,          0,     362939,     439791,      300,     6300,    31000,    49000,    92000,   200000,
     InStorePurchase,     290601,          0,          0,          0,     191047,     231027,      300,     6300,    31000,    49000,    91000,   200000,
      OnlinePurchase,     203082,          0,          0,          0,     133326,     161535,      300,     6200,    30000,    49000,    92000,   197000,
        InstPurchase,      57966,          0,          0,          0,      38566,      47229,      400,     6600,    32000,    52000,    97000,   200000,
          AssocOfCat,        577,          0,          0,          0,        488,        701,    22000,    41000,    79800,   103000,   167820,   185000,
      AssocOfProduct,       5793,          0,          0,          0,       4312,       5482,      400,     5500,    27000,    44850,    83000,   151000,
      BusinessReport,       1453,          0,          0,          0,       1263,       1697,    28000,    52000,    86000,   118100,   168000,   237000,
          CustBuyBeh,       5793,          0,          0,          0,       4273,       5482,      300,     6500,    31000,    51000,   101000,   186000,
       ProductReturn,      15227,          0,          0,          0,      10105,      12609,      200,     5600,    30000,    48000,    87000,   186000,

  5941s: (70%)   IR =   9686 .[5943.224s][info][gc,start       ] GC(1639) Pause Full (Diagnostic Command)
[5943.224s][info][gc,phases,start] GC(1639) Marking Phase
[5943.534s][info][gc,phases      ] GC(1639) Marking Phase 310.091ms
[5943.534s][info][gc,phases,start] GC(1639) Summary Phase
[5943.534s][info][gc,phases      ] GC(1639) Summary Phase 0.093ms
[5943.534s][info][gc,phases,start] GC(1639) Forward
[5943.710s][info][gc,phases      ] GC(1639) Forward 175.979ms
[5943.710s][info][gc,phases,start] GC(1639) Adjust Pointers
[5943.924s][info][gc,phases      ] GC(1639) Adjust Pointers 213.875ms
[5943.924s][info][gc,phases,start] GC(1639) Compaction Phase
[5944.075s][info][gc,phases      ] GC(1639) Compaction Phase 151.061ms
[5944.077s][info][gc,phases,start] GC(1639) Post Compact
[5944.084s][info][gc,phases      ] GC(1639) Post Compact 6.497ms
[5944.084s][info][gc,heap        ] GC(1639) PSYoungGen: 2469025K(2634240K)->0K(2634240K) Eden: 2329260K(2474496K)->0K(2474496K) From: 139764K(159744K)->0K(159744K)
[5944.084s][info][gc,heap        ] GC(1639) ParOldGen: 5178665K(5178880K)->1152621K(5178880K)
[5944.084s][info][gc,metaspace   ] GC(1639) Metaspace: 29101K(29504K)->29101K(29504K) NonClass: 24209K(24384K)->24209K(24384K) Class: 4892K(5120K)->4892K(5120K)
[5944.084s][info][gc             ] GC(1639) Pause Full (Diagnostic Command) 7468M->1125M(7630M) 859.875ms
[5944.084s][info][gc,cpu         ] GC(1639) User=4.52s Sys=0.00s Real=0.86s
..[5945.544s][info][gc,start       ] GC(1640) Pause Young (Allocation Failure)
[5945.607s][info][gc,heap        ] GC(1640) PSYoungGen: 2474496K(2634240K)->143029K(2634752K) Eden: 2474496K(2474496K)->0K(2474496K) From: 0K(159744K)->143029K(160256K)
[5945.608s][info][gc,heap        ] GC(1640) ParOldGen: 1152621K(5178880K)->1152621K(5178880K)
[5945.608s][info][gc,metaspace   ] GC(1640) Metaspace: 29101K(29504K)->29101K(29504K) NonClass: 24209K(24384K)->24209K(24384K) Class: 4892K(5120K)->4892K(5120K)
[5945.608s][info][gc             ] GC(1640) Pause Young (Allocation Failure) 3542M->1265M(7630M) 63.786ms
[5945.608s][info][gc,cpu         ] GC(1640) User=0.37s Sys=0.00s Real=0.07s
.[5947.259s][info][gc,start       ] GC(1641) Pause Young (Allocation Failure)
[5947.350s][info][gc,heap        ] GC(1641) PSYoungGen: 2617525K(2634752K)->137824K(2635264K) Eden: 2474496K(2474496K)->0K(2476544K) From: 143029K(160256K)->137824K(158720K)
[5947.350s][info][gc,heap        ] GC(1641) ParOldGen: 1152621K(5178880K)->1245634K(5178880K)
[5947.350s][info][gc,metaspace   ] GC(1641) Metaspace: 29101K(29504K)->29101K(29504K) NonClass: 24209K(24384K)->24209K(24384K) Class: 4892K(5120K)->4892K(5120K)
[5947.350s][info][gc             ] GC(1641) Pause Young (Allocation Failure) 3681M->1351M(7631M) 90.818ms
[5947.350s][info][gc,cpu         ] GC(1641) User=0.54s Sys=0.00s Real=0.09s
..[5949.394s][info][gc,start       ] GC(1642) Pause Young (Allocation Failure)
[5949.490s][info][gc,heap        ] GC(1642) PSYoungGen: 2614368K(2635264K)->145232K(2635264K) Eden: 2476544K(2476544K)->0K(2476544K) From: 137824K(158720K)->145232K(158720K)
[5949.490s][info][gc,heap        ] GC(1642) ParOldGen: 1245634K(5178880K)->1338898K(5178880K)
[5949.490s][info][gc,metaspace   ] GC(1642) Metaspace: 29101K(29504K)->29101K(29504K) NonClass: 24209K(24384K)->24209K(24384K) Class: 4892K(5120K)->4892K(5120K)
[5949.490s][info][gc             ] GC(1642) Pause Young (Allocation Failure) 3769M->1449M(7631M) 95.761ms
[5949.490s][info][gc,cpu         ] GC(1642) User=0.57s Sys=0.00s Real=0.10s
...[5951.507s][info][gc,start       ] GC(1643) Pause Young (Allocation Failure)
[5951.601s][info][gc,heap        ] GC(1643) PSYoungGen: 2621776K(2635264K)->142548K(2636288K) Eden: 2476544K(2476544K)->0K(2479616K) From: 145232K(158720K)->142548K(156672K)
[5951.601s][info][gc,heap        ] GC(1643) ParOldGen: 1338898K(5178880K)->1429866K(5178880K)
[5951.601s][info][gc,metaspace   ] GC(1643) Metaspace: 29101K(29504K)->29101K(29504K) NonClass: 24209K(24384K)->24209K(24384K) Class: 4892K(5120K)->4892K(5120K)
[5951.602s][info][gc             ] GC(1643) Pause Young (Allocation Failure) 3867M->1535M(7632M) 94.720ms
[5951.602s][info][gc,cpu         ] GC(1643) User=0.55s Sys=0.00s Real=0.10s
.|.[5953.564s][info][gc,start       ] GC(1644) Pause Young (Allocation Failure)
[5953.658s][info][gc,heap        ] GC(1644) PSYoungGen: 2622164K(2636288K)->146728K(2636288K) Eden: 2479616K(2479616K)->0K(2479616K) From: 142548K(156672K)->146728K(156672K)
[5953.658s][info][gc,heap        ] GC(1644) ParOldGen: 1429866K(5178880K)->1520002K(5178880K)
[5953.658s][info][gc,metaspace   ] GC(1644) Metaspace: 29101K(29504K)->29101K(29504K) NonClass: 24209K(24384K)->24209K(24384K) Class: 4892K(5120K)->4892K(5120K)
[5953.658s][info][gc             ] GC(1644) Pause Young (Allocation Failure) 3957M->1627M(7632M) 94.276ms
[5953.658s][info][gc,cpu         ] GC(1644) User=0.57s Sys=0.00s Real=0.10s
..[5955.699s][info][gc,start       ] GC(1645) Pause Young (Allocation Failure)
[5955.797s][info][gc,heap        ] GC(1645) PSYoungGen: 2626344K(2636288K)->148517K(2639360K) Eden: 2479616K(2479616K)->0K(2482688K) From: 146728K(156672K)->148517K(156672K)
[5955.797s][info][gc,heap        ] GC(1645) ParOldGen: 1520002K(5178880K)->1611810K(5178880K)
[5955.797s][info][gc,metaspace   ] GC(1645) Metaspace: 29101K(29504K)->29101K(29504K) NonClass: 24209K(24384K)->24209K(24384K) Class: 4892K(5120K)->4892K(5120K)
[5955.797s][info][gc             ] GC(1645) Pause Young (Allocation Failure) 4049M->1719M(7635M) 97.870ms
[5955.797s][info][gc,cpu         ] GC(1645) User=0.58s Sys=0.00s Real=0.09s
..[5957.719s][info][gc,start       ] GC(1646) Pause Young (Allocation Failure)
[5957.815s][info][gc,heap        ] GC(1646) PSYoungGen: 2631205K(2639360K)->149748K(2632704K) Eden: 2482688K(2482688K)->0K(2482688K) From: 148517K(156672K)->149748K(150016K)
[5957.815s][info][gc,heap        ] GC(1646) ParOldGen: 1611810K(5178880K)->1704226K(5178880K)
[5957.815s][info][gc,metaspace   ] GC(1646) Metaspace: 29101K(29504K)->29101K(29504K) NonClass: 24209K(24384K)->24209K(24384K) Class: 4892K(5120K)->4892K(5120K)
[5957.815s][info][gc             ] GC(1646) Pause Young (Allocation Failure) 4143M->1810M(7628M) 95.851ms
[5957.815s][info][gc,cpu         ] GC(1646) User=0.57s Sys=0.00s Real=0.09s
..[5959.807s][info][gc,start       ] GC(1647) Pause Young (Allocation Failure)
[5959.905s][info][gc,heap        ] GC(1647) PSYoungGen: 2632436K(2632704K)->149168K(2638336K) Eden: 2482688K(2482688K)->0K(2480640K) From: 149748K(150016K)->149168K(157696K)
[5959.905s][info][gc,heap        ] GC(1647) ParOldGen: 1704226K(5178880K)->1795730K(5178880K)
[5959.905s][info][gc,metaspace   ] GC(1647) Metaspace: 29101K(29504K)->29101K(29504K) NonClass: 24209K(24384K)->24209K(24384K) Class: 4892K(5120K)->4892K(5120K)
[5959.905s][info][gc             ] GC(1647) Pause Young (Allocation Failure) 4235M->1899M(7634M) 97.451ms
[5959.905s][info][gc,cpu         ] GC(1647) User=0.58s Sys=0.00s Real=0.10s
..[5961.909s][info][gc,start       ] GC(1648) Pause Young (Allocation Failure)
[5962.005s][info][gc,heap        ] GC(1648) PSYoungGen: 2629808K(2638336K)->148512K(2638336K) Eden: 2480640K(2480640K)->0K(2480640K) From: 149168K(157696K)->148512K(157696K)
[5962.006s][info][gc,heap        ] GC(1648) ParOldGen: 1795730K(5178880K)->1887234K(5178880K)
[5962.006s][info][gc,metaspace   ] GC(1648) Metaspace: 29101K(29504K)->29101K(29504K) NonClass: 24209K(24384K)->24209K(24384K) Class: 4892K(5120K)->4892K(5120K)
[5962.006s][info][gc             ] GC(1648) Pause Young (Allocation Failure) 4321M->1988M(7634M) 96.259ms
[5962.006s][info][gc,cpu         ] GC(1648) User=0.58s Sys=0.00s Real=0.09s
..[5964.018s][info][gc,start       ] GC(1649) Pause Young (Allocation Failure)
[5964.113s][info][gc,heap        ] GC(1649) PSYoungGen: 2629152K(2638336K)->146048K(2636288K) Eden: 2480640K(2480640K)->0K(2480640K) From: 148512K(157696K)->146048K(155648K)
[5964.113s][info][gc,heap        ] GC(1649) ParOldGen: 1887234K(5178880K)->1978594K(5178880K)
[5964.113s][info][gc,metaspace   ] GC(1649) Metaspace: 29101K(29504K)->29101K(29504K) NonClass: 24209K(24384K)->24209K(24384K) Class: 4892K(5120K)->4892K(5120K)
[5964.113s][info][gc             ] GC(1649) Pause Young (Allocation Failure) 4410M->2074M(7632M) 94.209ms
[5964.113s][info][gc,cpu         ] GC(1649) User=0.56s Sys=0.00s Real=0.09s
..[5966.115s][info][gc,start       ] GC(1650) Pause Young (Allocation Failure)
[5966.212s][info][gc,heap        ] GC(1650) PSYoungGen: 2626688K(2636288K)->146656K(2637312K) Eden: 2480640K(2480640K)->0K(2480640K) From: 146048K(155648K)->146656K(156672K)
[5966.212s][info][gc,heap        ] GC(1650) ParOldGen: 1978594K(5178880K)->2071074K(5178880K)
[5966.212s][info][gc,metaspace   ] GC(1650) Metaspace: 29101K(29504K)->29101K(29504K) NonClass: 24209K(24384K)->24209K(24384K) Class: 4892K(5120K)->4892K(5120K)
[5966.212s][info][gc             ] GC(1650) Pause Young (Allocation Failure) 4497M->2165M(7633M) 96.390ms
[5966.212s][info][gc,cpu         ] GC(1650) User=0.58s Sys=0.00s Real=0.10s
..[5968.242s][info][gc,start       ] GC(1651) Pause Young (Allocation Failure)
[5968.335s][info][gc,heap        ] GC(1651) PSYoungGen: 2627296K(2637312K)->140032K(2639360K) Eden: 2480640K(2480640K)->0K(2483712K) From: 146656K(156672K)->140032K(155648K)
[5968.335s][info][gc,heap        ] GC(1651) ParOldGen: 2071074K(5178880K)->2162690K(5178880K)
[5968.335s][info][gc,metaspace   ] GC(1651) Metaspace: 29101K(29504K)->29101K(29504K) NonClass: 24209K(24384K)->24209K(24384K) Class: 4892K(5120K)->4892K(5120K)
[5968.335s][info][gc             ] GC(1651) Pause Young (Allocation Failure) 4588M->2248M(7635M) 93.284ms
[5968.335s][info][gc,cpu         ] GC(1651) User=0.55s Sys=0.00s Real=0.09s
..[5970.284s][info][gc,start       ] GC(1652) Pause Young (Allocation Failure)
[5970.380s][info][gc,heap        ] GC(1652) PSYoungGen: 2623744K(2639360K)->146250K(2639360K) Eden: 2483712K(2483712K)->0K(2483712K) From: 140032K(155648K)->146250K(155648K)
[5970.380s][info][gc,heap        ] GC(1652) ParOldGen: 2162690K(5178880K)->2254426K(5178880K)
[5970.380s][info][gc,metaspace   ] GC(1652) Metaspace: 29101K(29504K)->29101K(29504K) NonClass: 24209K(24384K)->24209K(24384K) Class: 4892K(5120K)->4892K(5120K)
[5970.380s][info][gc             ] GC(1652) Pause Young (Allocation Failure) 4674M->2344M(7635M) 96.233ms
[5970.380s][info][gc,cpu         ] GC(1652) User=0.57s Sys=0.00s Real=0.10s
..[5972.330s][info][gc,start       ] GC(1653) Pause Young (Allocation Failure)
[5972.424s][info][gc,heap        ] GC(1653) PSYoungGen: 2629962K(2639360K)->146384K(2639872K) Eden: 2483712K(2483712K)->0K(2485248K) From: 146250K(155648K)->146384K(154624K)
[5972.424s][info][gc,heap        ] GC(1653) ParOldGen: 2254426K(5178880K)->2344170K(5178880K)
[5972.424s][info][gc,metaspace   ] GC(1653) Metaspace: 29101K(29504K)->29101K(29504K) NonClass: 24209K(24384K)->24209K(24384K) Class: 4892K(5120K)->4892K(5120K)
[5972.424s][info][gc             ] GC(1653) Pause Young (Allocation Failure) 4769M->2432M(7635M) 94.278ms
[5972.424s][info][gc,cpu         ] GC(1653) User=0.56s Sys=0.00s Real=0.09s
..[5974.459s][info][gc,start       ] GC(1654) Pause Young (Allocation Failure)
[5974.552s][info][gc,heap        ] GC(1654) PSYoungGen: 2631632K(2639872K)->138336K(2639872K) Eden: 2485248K(2485248K)->0K(2485248K) From: 146384K(154624K)->138336K(154624K)
[5974.552s][info][gc,heap        ] GC(1654) ParOldGen: 2344170K(5178880K)->2439050K(5178880K)
[5974.552s][info][gc,metaspace   ] GC(1654) Metaspace: 29101K(29504K)->29101K(29504K) NonClass: 24209K(24384K)->24209K(24384K) Class: 4892K(5120K)->4892K(5120K)
[5974.552s][info][gc             ] GC(1654) Pause Young (Allocation Failure) 4859M->2516M(7635M) 92.930ms
[5974.552s][info][gc,cpu         ] GC(1654) User=0.55s Sys=0.00s Real=0.09s
..[5976.516s][info][gc,start       ] GC(1655) Pause Young (Allocation Failure)
[5976.610s][info][gc,heap        ] GC(1655) PSYoungGen: 2623584K(2639872K)->140736K(2640896K) Eden: 2485248K(2485248K)->0K(2486272K) From: 138336K(154624K)->140736K(154624K)
[5976.610s][info][gc,heap        ] GC(1655) ParOldGen: 2439050K(5178880K)->2530170K(5178880K)
[5976.610s][info][gc,metaspace   ] GC(1655) Metaspace: 29101K(29504K)->29101K(29504K) NonClass: 24209K(24384K)->24209K(24384K) Class: 4892K(5120K)->4892K(5120K)
[5976.610s][info][gc             ] GC(1655) Pause Young (Allocation Failure) 4943M->2608M(7636M) 93.908ms
[5976.610s][info][gc,cpu         ] GC(1655) User=0.55s Sys=0.00s Real=0.10s
...[5978.735s][info][gc,start       ] GC(1656) Pause Young (Allocation Failure)
[5978.832s][info][gc,heap        ] GC(1656) PSYoungGen: 2627008K(2640896K)->143680K(2630144K) Eden: 2486272K(2486272K)->0K(2486272K) From: 140736K(154624K)->143680K(143872K)
[5978.832s][info][gc,heap        ] GC(1656) ParOldGen: 2530170K(5178880K)->2622154K(5178880K)
[5978.832s][info][gc,metaspace   ] GC(1656) Metaspace: 29101K(29504K)->29101K(29504K) NonClass: 24209K(24384K)->24209K(24384K) Class: 4892K(5120K)->4892K(5120K)
[5978.832s][info][gc             ] GC(1656) Pause Young (Allocation Failure) 5036M->2701M(7626M) 96.977ms
[5978.832s][info][gc,cpu         ] GC(1656) User=0.58s Sys=0.00s Real=0.10s
..[5980.854s][info][gc,start       ] GC(1657) Pause Young (Allocation Failure)
[5980.950s][info][gc,heap        ] GC(1657) PSYoungGen: 2629952K(2630144K)->147497K(2639872K) Eden: 2486272K(2486272K)->0K(2486272K) From: 143680K(143872K)->147497K(153600K)
[5980.950s][info][gc,heap        ] GC(1657) ParOldGen: 2622154K(5178880K)->2713802K(5178880K)
[5980.950s][info][gc,metaspace   ] GC(1657) Metaspace: 29101K(29504K)->29101K(29504K) NonClass: 24209K(24384K)->24209K(24384K) Class: 4892K(5120K)->4892K(5120K)
[5980.950s][info][gc             ] GC(1657) Pause Young (Allocation Failure) 5129M->2794M(7635M) 95.393ms
[5980.950s][info][gc,cpu         ] GC(1657) User=0.57s Sys=0.00s Real=0.10s
..[5982.895s][info][gc,start       ] GC(1658) Pause Young (Allocation Failure)
[5982.989s][info][gc,heap        ] GC(1658) PSYoungGen: 2633769K(2639872K)->144832K(2640384K) Eden: 2486272K(2486272K)->0K(2486272K) From: 147497K(153600K)->144832K(154112K)
[5982.989s][info][gc,heap        ] GC(1658) ParOldGen: 2713802K(5178880K)->2805426K(5178880K)
[5982.989s][info][gc,metaspace   ] GC(1658) Metaspace: 29101K(29504K)->29101K(29504K) NonClass: 24209K(24384K)->24209K(24384K) Class: 4892K(5120K)->4892K(5120K)
[5982.989s][info][gc             ] GC(1658) Pause Young (Allocation Failure) 5222M->2881M(7636M) 93.646ms
[5982.989s][info][gc,cpu         ] GC(1658) User=0.56s Sys=0.00s Real=0.10s
..[5985.003s][info][gc,start       ] GC(1659) Pause Young (Allocation Failure)
[5985.097s][info][gc,heap        ] GC(1659) PSYoungGen: 2631104K(2640384K)->145184K(2641408K) Eden: 2486272K(2486272K)->0K(2488832K) From: 144832K(154112K)->145184K(152576K)
[5985.097s][info][gc,heap        ] GC(1659) ParOldGen: 2805426K(5178880K)->2897282K(5178880K)
[5985.097s][info][gc,metaspace   ] GC(1659) Metaspace: 29101K(29504K)->29101K(29504K) NonClass: 24209K(24384K)->24209K(24384K) Class: 4892K(5120K)->4892K(5120K)
[5985.097s][info][gc             ] GC(1659) Pause Young (Allocation Failure) 5309M->2971M(7637M) 94.466ms
[5985.097s][info][gc,cpu         ] GC(1659) User=0.56s Sys=0.00s Real=0.10s
..[5987.066s][info][gc,start       ] GC(1660) Pause Young (Allocation Failure)
[5987.162s][info][gc,heap        ] GC(1660) PSYoungGen: 2634016K(2641408K)->148640K(2641408K) Eden: 2488832K(2488832K)->0K(2488832K) From: 145184K(152576K)->148640K(152576K)
[5987.162s][info][gc,heap        ] GC(1660) ParOldGen: 2897282K(5178880K)->2990106K(5178880K)
[5987.162s][info][gc,metaspace   ] GC(1660) Metaspace: 29101K(29504K)->29101K(29504K) NonClass: 24209K(24384K)->24209K(24384K) Class: 4892K(5120K)->4892K(5120K)
[5987.162s][info][gc             ] GC(1660) Pause Young (Allocation Failure) 5401M->3065M(7637M) 96.297ms
[5987.162s][info][gc,cpu         ] GC(1660) User=0.57s Sys=0.00s Real=0.10s
..[5989.260s][info][gc,start       ] GC(1661) Pause Young (Allocation Failure)
[5989.355s][info][gc,heap        ] GC(1661) PSYoungGen: 2637472K(2641408K)->144452K(2642944K) Eden: 2488832K(2488832K)->0K(2490368K) From: 148640K(152576K)->144452K(152576K)
[5989.355s][info][gc,heap        ] GC(1661) ParOldGen: 2990106K(5178880K)->3080050K(5178880K)
[5989.355s][info][gc,metaspace   ] GC(1661) Metaspace: 29101K(29504K)->29101K(29504K) NonClass: 24209K(24384K)->24209K(24384K) Class: 4892K(5120K)->4892K(5120K)
[5989.355s][info][gc             ] GC(1661) Pause Young (Allocation Failure) 5495M->3148M(7638M) 95.276ms
[5989.355s][info][gc,cpu         ] GC(1661) User=0.56s Sys=0.00s Real=0.09s
..[5991.295s][info][gc,start       ] GC(1662) Pause Young (Allocation Failure)
[5991.389s][info][gc,heap        ] GC(1662) PSYoungGen: 2634820K(2642944K)->139668K(2642944K) Eden: 2490368K(2490368K)->0K(2490368K) From: 144452K(152576K)->139668K(152576K)
[5991.389s][info][gc,heap        ] GC(1662) ParOldGen: 3080050K(5178880K)->3174386K(5178880K)
[5991.389s][info][gc,metaspace   ] GC(1662) Metaspace: 29101K(29504K)->29101K(29504K) NonClass: 24209K(24384K)->24209K(24384K) Class: 4892K(5120K)->4892K(5120K)
[5991.389s][info][gc             ] GC(1662) Pause Young (Allocation Failure) 5580M->3236M(7638M) 94.629ms
[5991.389s][info][gc,cpu         ] GC(1662) User=0.56s Sys=0.00s Real=0.10s
..[5993.347s][info][gc,start       ] GC(1663) Pause Young (Allocation Failure)
[5993.447s][info][gc,heap        ] GC(1663) PSYoungGen: 2630036K(2642944K)->149780K(2640384K) Eden: 2490368K(2490368K)->0K(2487808K) From: 139668K(152576K)->149780K(152576K)
[5993.447s][info][gc,heap        ] GC(1663) ParOldGen: 3174386K(5178880K)->3263866K(5178880K)
[5993.447s][info][gc,metaspace   ] GC(1663) Metaspace: 29101K(29504K)->29101K(29504K) NonClass: 24209K(24384K)->24209K(24384K) Class: 4892K(5120K)->4892K(5120K)
[5993.447s][info][gc             ] GC(1663) Pause Young (Allocation Failure) 5668M->3333M(7636M) 99.842ms
[5993.447s][info][gc,cpu         ] GC(1663) User=0.59s Sys=0.00s Real=0.10s
..[5995.482s][info][gc,start       ] GC(1664) Pause Young (Allocation Failure)
[5995.576s][info][gc,heap        ] GC(1664) PSYoungGen: 2637588K(2640384K)->137408K(2641920K) Eden: 2487808K(2487808K)->0K(2487808K) From: 149780K(152576K)->137408K(154112K)
[5995.576s][info][gc,heap        ] GC(1664) ParOldGen: 3263866K(5178880K)->3357626K(5178880K)
[5995.576s][info][gc,metaspace   ] GC(1664) Metaspace: 29101K(29504K)->29101K(29504K) NonClass: 24209K(24384K)->24209K(24384K) Class: 4892K(5120K)->4892K(5120K)
[5995.576s][info][gc             ] GC(1664) Pause Young (Allocation Failure) 5763M->3413M(7637M) 93.696ms
[5995.576s][info][gc,cpu         ] GC(1664) User=0.55s Sys=0.00s Real=0.09s
..[5997.540s][info][gc,start       ] GC(1665) Pause Young (Allocation Failure)
[5997.635s][info][gc,heap        ] GC(1665) PSYoungGen: 2625216K(2641920K)->143648K(2640896K) Eden: 2487808K(2487808K)->0K(2487808K) From: 137408K(154112K)->143648K(153088K)
[5997.635s][info][gc,heap        ] GC(1665) ParOldGen: 3357626K(5178880K)->3447546K(5178880K)
[5997.635s][info][gc,metaspace   ] GC(1665) Metaspace: 29101K(29504K)->29101K(29504K) NonClass: 24209K(24384K)->24209K(24384K) Class: 4892K(5120K)->4892K(5120K)
[5997.635s][info][gc             ] GC(1665) Pause Young (Allocation Failure) 5842M->3507M(7636M) 95.158ms
[5997.635s][info][gc,cpu         ] GC(1665) User=0.56s Sys=0.00s Real=0.09s
..[5999.604s][info][gc,start       ] GC(1666) Pause Young (Allocation Failure)
[5999.699s][info][gc,heap        ] GC(1666) PSYoungGen: 2631456K(2640896K)->143392K(2641408K) Eden: 2487808K(2487808K)->0K(2487808K) From: 143648K(153088K)->143392K(153600K)
[5999.699s][info][gc,heap        ] GC(1666) ParOldGen: 3447546K(5178880K)->3538938K(5178880K)
[5999.699s][info][gc,metaspace   ] GC(1666) Metaspace: 29101K(29504K)->29101K(29504K) NonClass: 24209K(24384K)->24209K(24384K) Class: 4892K(5120K)->4892K(5120K)
[5999.699s][info][gc             ] GC(1666) Pause Young (Allocation Failure) 5936M->3596M(7637M) 94.557ms
[5999.699s][info][gc,cpu         ] GC(1666) User=0.56s Sys=0.01s Real=0.10s
..[6001.693s][info][gc,start       ] GC(1667) Pause Young (Allocation Failure)
[6001.792s][info][gc,heap        ] GC(1667) PSYoungGen: 2631200K(2641408K)->143988K(2641920K) Eden: 2487808K(2487808K)->0K(2489856K) From: 143392K(153600K)->143988K(152064K)
[6001.792s][info][gc,heap        ] GC(1667) ParOldGen: 3538938K(5178880K)->3633482K(5178880K)
[6001.792s][info][gc,metaspace   ] GC(1667) Metaspace: 29101K(29504K)->29101K(29504K) NonClass: 24209K(24384K)->24209K(24384K) Class: 4892K(5120K)->4892K(5120K)
[6001.792s][info][gc             ] GC(1667) Pause Young (Allocation Failure) 6025M->3688M(7637M) 98.468ms
[6001.793s][info][gc,cpu         ] GC(1667) User=0.58s Sys=0.00s Real=0.10s
..[6003.774s][info][gc,start       ] GC(1668) Pause Young (Allocation Failure)
[6003.868s][info][gc,heap        ] GC(1668) PSYoungGen: 2633844K(2641920K)->142912K(2641920K) Eden: 2489856K(2489856K)->0K(2489856K) From: 143988K(152064K)->142912K(152064K)
[6003.868s][info][gc,heap        ] GC(1668) ParOldGen: 3633482K(5178880K)->3722338K(5178880K)
[6003.868s][info][gc,metaspace   ] GC(1668) Metaspace: 29101K(29504K)->29101K(29504K) NonClass: 24209K(24384K)->24209K(24384K) Class: 4892K(5120K)->4892K(5120K)
[6003.868s][info][gc             ] GC(1668) Pause Young (Allocation Failure) 6120M->3774M(7637M) 94.384ms
[6003.868s][info][gc,cpu         ] GC(1668) User=0.55s Sys=0.01s Real=0.10s
...[6005.898s][info][gc,start       ] GC(1669) Pause Young (Allocation Failure)
[6005.993s][info][gc,heap        ] GC(1669) PSYoungGen: 2632768K(2641920K)->144480K(2643456K) Eden: 2489856K(2489856K)->0K(2492416K) From: 142912K(152064K)->144480K(151040K)
[6005.993s][info][gc,heap        ] GC(1669) ParOldGen: 3722338K(5178880K)->3814514K(5178880K)
[6005.993s][info][gc,metaspace   ] GC(1669) Metaspace: 29101K(29504K)->29101K(29504K) NonClass: 24209K(24384K)->24209K(24384K) Class: 4892K(5120K)->4892K(5120K)
[6005.993s][info][gc             ] GC(1669) Pause Young (Allocation Failure) 6206M->3866M(7639M) 94.661ms
[6005.993s][info][gc,cpu         ] GC(1669) User=0.56s Sys=0.00s Real=0.09s
..[6007.944s][info][gc,start       ] GC(1670) Pause Young (Allocation Failure)
[6008.043s][info][gc,heap        ] GC(1670) PSYoungGen: 2636896K(2643456K)->147780K(2643456K) Eden: 2492416K(2492416K)->0K(2492416K) From: 144480K(151040K)->147780K(151040K)
[6008.043s][info][gc,heap        ] GC(1670) ParOldGen: 3814514K(5178880K)->3907338K(5178880K)
[6008.043s][info][gc,metaspace   ] GC(1670) Metaspace: 29101K(29504K)->29101K(29504K) NonClass: 24209K(24384K)->24209K(24384K) Class: 4892K(5120K)->4892K(5120K)
[6008.043s][info][gc             ] GC(1670) Pause Young (Allocation Failure) 6300M->3960M(7639M) 99.067ms
[6008.043s][info][gc,cpu         ] GC(1670) User=0.59s Sys=0.00s Real=0.10s
..[6010.057s][info][gc,start       ] GC(1671) Pause Young (Allocation Failure)
[6010.161s][info][gc,heap        ] GC(1671) PSYoungGen: 2640196K(2643456K)->151545K(2568704K) Eden: 2492416K(2492416K)->0K(2417152K) From: 147780K(151040K)->151545K(151552K)
[6010.161s][info][gc,heap        ] GC(1671) ParOldGen: 3907338K(5178880K)->4004330K(5178880K)
[6010.161s][info][gc,metaspace   ] GC(1671) Metaspace: 29101K(29504K)->29101K(29504K) NonClass: 24209K(24384K)->24209K(24384K) Class: 4892K(5120K)->4892K(5120K)
[6010.161s][info][gc             ] GC(1671) Pause Young (Allocation Failure) 6394M->4058M(7566M) 103.971ms
[6010.161s][info][gc,cpu         ] GC(1671) User=0.61s Sys=0.01s Real=0.11s
..[6012.116s][info][gc,start       ] GC(1672) Pause Young (Allocation Failure)
[6012.214s][info][gc,heap        ] GC(1672) PSYoungGen: 2568697K(2568704K)->152313K(2606592K) Eden: 2417152K(2417152K)->0K(2417152K) From: 151545K(151552K)->152313K(189440K)
[6012.214s][info][gc,heap        ] GC(1672) ParOldGen: 4004330K(5178880K)->4093298K(5178880K)
[6012.214s][info][gc,metaspace   ] GC(1672) Metaspace: 29101K(29504K)->29101K(29504K) NonClass: 24209K(24384K)->24209K(24384K) Class: 4892K(5120K)->4892K(5120K)
[6012.214s][info][gc             ] GC(1672) Pause Young (Allocation Failure) 6418M->4146M(7603M) 98.272ms
[6012.214s][info][gc,cpu         ] GC(1672) User=0.58s Sys=0.00s Real=0.10s
. (rIR:aIR:PR = 9686:9662:9662) (tPR = 143871) [OK] 
  6012s: Performance info:
         Transaction,    Success,    Partial,     Failed,   Receipts, AvgBarcode, 
             Overall,     583595,          0,          0,     554301,      59.48, 
         Response times:
             Request,    Success,    Partial,     Failed,   SkipFail,     Probes,    Samples,      min,      p50,      p90,      p95,      p99,      max, 
       TotalPurchase,     554298,          0,          0,          0,     360817,     426925,      200,     6100,    46000,    93000,   356000,   890000,
     InStorePurchase,     290990,          0,          0,          0,     189463,     224182,      200,     6100,    46000,    93000,   356000,   890000,
      OnlinePurchase,     204728,          0,          0,          0,     133267,     157544,      300,     6000,    46000,    93000,   356000,   890000,
        InstPurchase,      58580,          0,          0,          0,      38087,      45199,      300,     6000,    48000,    97000,   350000,   566000,
          AssocOfCat,        586,          0,          0,          0,        503,        708,    17600,    39000,    98200,   236350,   558000,  1100000,
      AssocOfProduct,       5873,          0,          0,          0,       4270,       5311,     1500,     6900,    51000,    96000,   358880,   564000,
      BusinessReport,       1461,          0,          0,          0,       1300,       1656,    26000,    51000,   115000,   175000,   460430,  1100000,
          CustBuyBeh,       5892,          0,          0,          0,       4311,       5353,      200,     5300,    42600,    92300,   332000,   564000,
       ProductReturn,      15488,          0,          0,          0,      10169,      12235,      200,     6200,    45000,   101000,   354640,   571000,

  6012s: (71%)   IR =   9824 [6013.958s][info][gc,start       ] GC(1673) Pause Young (Allocation Failure)
[6014.052s][info][gc,heap        ] GC(1673) PSYoungGen: 2569465K(2606592K)->135360K(2603520K) Eden: 2417152K(2417152K)->0K(2420224K) From: 152313K(189440K)->135360K(183296K)
[6014.052s][info][gc,heap        ] GC(1673) ParOldGen: 4093298K(5178880K)->4187858K(5178880K)
[6014.052s][info][gc,metaspace   ] GC(1673) Metaspace: 29101K(29504K)->29101K(29504K) NonClass: 24209K(24384K)->24209K(24384K) Class: 4892K(5120K)->4892K(5120K)
[6014.052s][info][gc             ] GC(1673) Pause Young (Allocation Failure) 6506M->4221M(7600M) 94.215ms
[6014.052s][info][gc,cpu         ] GC(1673) User=0.56s Sys=0.00s Real=0.09s
..[6015.915s][info][gc,start       ] GC(1674) Pause Young (Allocation Failure)
[6016.010s][info][gc,heap        ] GC(1674) PSYoungGen: 2555584K(2603520K)->142868K(2606592K) Eden: 2420224K(2420224K)->0K(2420224K) From: 135360K(183296K)->142868K(186368K)
[6016.010s][info][gc,heap        ] GC(1674) ParOldGen: 4187858K(5178880K)->4271162K(5178880K)
[6016.010s][info][gc,metaspace   ] GC(1674) Metaspace: 29101K(29504K)->29101K(29504K) NonClass: 24209K(24384K)->24209K(24384K) Class: 4892K(5120K)->4892K(5120K)
[6016.010s][info][gc             ] GC(1674) Pause Young (Allocation Failure) 6585M->4310M(7603M) 95.098ms
[6016.010s][info][gc,cpu         ] GC(1674) User=0.56s Sys=0.00s Real=0.10s
..[6017.897s][info][gc,start       ] GC(1675) Pause Young (Allocation Failure)
[6017.995s][info][gc,heap        ] GC(1675) PSYoungGen: 2563092K(2606592K)->145184K(2604032K) Eden: 2420224K(2420224K)->0K(2424832K) From: 142868K(186368K)->145184K(179200K)
[6017.995s][info][gc,heap        ] GC(1675) ParOldGen: 4271162K(5178880K)->4361682K(5178880K)
[6017.995s][info][gc,metaspace   ] GC(1675) Metaspace: 29101K(29504K)->29101K(29504K) NonClass: 24209K(24384K)->24209K(24384K) Class: 4892K(5120K)->4892K(5120K)
[6017.995s][info][gc             ] GC(1675) Pause Young (Allocation Failure) 6674M->4401M(7600M) 98.093ms
[6017.995s][info][gc,cpu         ] GC(1675) User=0.57s Sys=0.00s Real=0.10s
..[6019.872s][info][gc,start       ] GC(1676) Pause Young (Allocation Failure)
[6019.967s][info][gc,heap        ] GC(1676) PSYoungGen: 2570016K(2604032K)->142496K(2607616K) Eden: 2424832K(2424832K)->0K(2424832K) From: 145184K(179200K)->142496K(182784K)
[6019.967s][info][gc,heap        ] GC(1676) ParOldGen: 4361682K(5178880K)->4451642K(5178880K)
[6019.967s][info][gc,metaspace   ] GC(1676) Metaspace: 29101K(29504K)->29101K(29504K) NonClass: 24209K(24384K)->24209K(24384K) Class: 4892K(5120K)->4892K(5120K)
[6019.967s][info][gc             ] GC(1676) Pause Young (Allocation Failure) 6769M->4486M(7604M) 95.428ms
[6019.967s][info][gc,cpu         ] GC(1676) User=0.57s Sys=0.00s Real=0.09s
..[6021.839s][info][gc,start       ] GC(1677) Pause Young (Allocation Failure)
[6021.937s][info][gc,heap        ] GC(1677) PSYoungGen: 2567328K(2607616K)->144432K(2607616K) Eden: 2424832K(2424832K)->0K(2432512K) From: 142496K(182784K)->144432K(175104K)
[6021.937s][info][gc,heap        ] GC(1677) ParOldGen: 4451642K(5178880K)->4544130K(5178880K)
[6021.937s][info][gc,metaspace   ] GC(1677) Metaspace: 29101K(29504K)->29101K(29504K) NonClass: 24209K(24384K)->24209K(24384K) Class: 4892K(5120K)->4892K(5120K)
[6021.937s][info][gc             ] GC(1677) Pause Young (Allocation Failure) 6854M->4578M(7604M) 97.649ms
[6021.937s][info][gc,cpu         ] GC(1677) User=0.58s Sys=0.00s Real=0.09s
..[6023.985s][info][gc,start       ] GC(1678) Pause Young (Allocation Failure)
[6024.079s][info][gc,heap        ] GC(1678) PSYoungGen: 2576944K(2607616K)->142528K(2611200K) Eden: 2432512K(2432512K)->0K(2432512K) From: 144432K(175104K)->142528K(178688K)
[6024.079s][info][gc,heap        ] GC(1678) ParOldGen: 4544130K(5178880K)->4633058K(5178880K)
[6024.079s][info][gc,metaspace   ] GC(1678) Metaspace: 29101K(29504K)->29101K(29504K) NonClass: 24209K(24384K)->24209K(24384K) Class: 4892K(5120K)->4892K(5120K)
[6024.080s][info][gc             ] GC(1678) Pause Young (Allocation Failure) 6954M->4663M(7607M) 94.144ms
[6024.080s][info][gc,cpu         ] GC(1678) User=0.56s Sys=0.00s Real=0.10s
..[6025.888s][info][gc,start       ] GC(1679) Pause Young (Allocation Failure)
[6025.986s][info][gc,heap        ] GC(1679) PSYoungGen: 2575040K(2611200K)->146640K(2610688K) Eden: 2432512K(2432512K)->0K(2440192K) From: 142528K(178688K)->146640K(170496K)
[6025.986s][info][gc,heap        ] GC(1679) ParOldGen: 4633058K(5178880K)->4725370K(5178880K)
[6025.986s][info][gc,metaspace   ] GC(1679) Metaspace: 29101K(29504K)->29101K(29504K) NonClass: 24209K(24384K)->24209K(24384K) Class: 4892K(5120K)->4892K(5120K)
[6025.986s][info][gc             ] GC(1679) Pause Young (Allocation Failure) 7039M->4757M(7607M) 97.794ms
[6025.986s][info][gc,cpu         ] GC(1679) User=0.59s Sys=0.00s Real=0.09s
..[6028.045s][info][gc,start       ] GC(1680) Pause Young (Allocation Failure)
[6028.147s][info][gc,heap        ] GC(1680) PSYoungGen: 2586832K(2610688K)->151254K(2614784K) Eden: 2440192K(2440192K)->0K(2440192K) From: 146640K(170496K)->151254K(174592K)
[6028.147s][info][gc,heap        ] GC(1680) ParOldGen: 4725370K(5178880K)->4816138K(5178880K)
[6028.147s][info][gc,metaspace   ] GC(1680) Metaspace: 29101K(29504K)->29101K(29504K) NonClass: 24209K(24384K)->24209K(24384K) Class: 4892K(5120K)->4892K(5120K)
[6028.147s][info][gc             ] GC(1680) Pause Young (Allocation Failure) 7140M->4850M(7611M) 102.023ms
[6028.147s][info][gc,cpu         ] GC(1680) User=0.61s Sys=0.00s Real=0.10s
..[6030.133s][info][gc,start       ] GC(1681) Pause Young (Allocation Failure)
[6030.228s][info][gc,heap        ] GC(1681) PSYoungGen: 2591446K(2614784K)->143424K(2616832K) Eden: 2440192K(2440192K)->0K(2448384K) From: 151254K(174592K)->143424K(168448K)
[6030.228s][info][gc,heap        ] GC(1681) ParOldGen: 4816138K(5178880K)->4906850K(5178880K)
[6030.228s][info][gc,metaspace   ] GC(1681) Metaspace: 29101K(29504K)->29101K(29504K) NonClass: 24209K(24384K)->24209K(24384K) Class: 4892K(5120K)->4892K(5120K)
[6030.228s][info][gc             ] GC(1681) Pause Young (Allocation Failure) 7233M->4931M(7613M) 94.705ms
[6030.228s][info][gc,cpu         ] GC(1681) User=0.56s Sys=0.00s Real=0.10s
.|.[6032.124s][info][gc,start       ] GC(1682) Pause Young (Allocation Failure)
[6032.221s][info][gc,heap        ] GC(1682) PSYoungGen: 2591808K(2616832K)->144224K(2619904K) Eden: 2448384K(2448384K)->0K(2448384K) From: 143424K(168448K)->144224K(171520K)
[6032.221s][info][gc,heap        ] GC(1682) ParOldGen: 4906850K(5178880K)->4997994K(5178880K)
[6032.221s][info][gc,metaspace   ] GC(1682) Metaspace: 29101K(29504K)->29101K(29504K) NonClass: 24209K(24384K)->24209K(24384K) Class: 4892K(5120K)->4892K(5120K)
[6032.221s][info][gc             ] GC(1682) Pause Young (Allocation Failure) 7322M->5021M(7616M) 96.938ms
[6032.221s][info][gc,cpu         ] GC(1682) User=0.58s Sys=0.00s Real=0.10s
..[6034.178s][info][gc,start       ] GC(1683) Pause Young (Allocation Failure)
[6034.276s][info][gc,heap        ] GC(1683) PSYoungGen: 2592608K(2619904K)->148160K(2618880K) Eden: 2448384K(2448384K)->0K(2454528K) From: 144224K(171520K)->148160K(164352K)
[6034.276s][info][gc,heap        ] GC(1683) ParOldGen: 4997994K(5178880K)->5087362K(5178880K)
[6034.276s][info][gc,metaspace   ] GC(1683) Metaspace: 29101K(29504K)->29101K(29504K) NonClass: 24209K(24384K)->24209K(24384K) Class: 4892K(5120K)->4892K(5120K)
[6034.276s][info][gc             ] GC(1683) Pause Young (Allocation Failure) 7412M->5112M(7615M) 97.863ms
[6034.276s][info][gc,cpu         ] GC(1683) User=0.58s Sys=0.00s Real=0.09s
..[6036.144s][info][gc,start       ] GC(1684) Pause Young (Allocation Failure)
[6036.245s][info][gc,heap        ] GC(1684) PSYoungGen: 2602688K(2618880K)->149028K(2622464K) Eden: 2454528K(2454528K)->0K(2454528K) From: 148160K(164352K)->149028K(167936K)
[6036.245s][info][gc,heap        ] GC(1684) ParOldGen: 5087362K(5178880K)->5180346K(5180416K)
[6036.245s][info][gc,metaspace   ] GC(1684) Metaspace: 29101K(29504K)->29101K(29504K) NonClass: 24209K(24384K)->24209K(24384K) Class: 4892K(5120K)->4892K(5120K)
[6036.245s][info][gc             ] GC(1684) Pause Young (Allocation Failure) 7509M->5204M(7620M) 100.325ms
[6036.245s][info][gc,cpu         ] GC(1684) User=0.59s Sys=0.01s Real=0.10s
..[6038.207s][info][gc,start       ] GC(1685) Pause Young (Allocation Failure)
[6038.308s][info][gc,heap        ] GC(1685) PSYoungGen: 2603556K(2622464K)->143972K(2624512K) Eden: 2454528K(2454528K)->0K(2461696K) From: 149028K(167936K)->143972K(162816K)
[6038.308s][info][gc,heap        ] GC(1685) ParOldGen: 5180346K(5180416K)->5269866K(5270016K)
[6038.308s][info][gc,metaspace   ] GC(1685) Metaspace: 29101K(29504K)->29101K(29504K) NonClass: 24209K(24384K)->24209K(24384K) Class: 4892K(5120K)->4892K(5120K)
[6038.308s][info][gc             ] GC(1685) Pause Young (Allocation Failure) 7601M->5286M(7709M) 101.279ms
[6038.308s][info][gc,cpu         ] GC(1685) User=0.57s Sys=0.02s Real=0.11s
..[6040.176s][info][gc,start       ] GC(1686) Pause Young (Allocation Failure)
[6040.279s][info][gc,heap        ] GC(1686) PSYoungGen: 2605668K(2624512K)->147104K(2627072K) Eden: 2461696K(2461696K)->0K(2461696K) From: 143972K(162816K)->147104K(165376K)
[6040.279s][info][gc,heap        ] GC(1686) ParOldGen: 5269866K(5270016K)->5364522K(5364736K)
[6040.279s][info][gc,metaspace   ] GC(1686) Metaspace: 29101K(29504K)->29101K(29504K) NonClass: 24209K(24384K)->24209K(24384K) Class: 4892K(5120K)->4892K(5120K)
[6040.279s][info][gc             ] GC(1686) Pause Young (Allocation Failure) 7690M->5382M(7804M) 102.907ms
[6040.279s][info][gc,cpu         ] GC(1686) User=0.58s Sys=0.03s Real=0.11s
..[6042.263s][info][gc,start       ] GC(1687) Pause Young (Allocation Failure)
[6042.359s][info][gc,heap        ] GC(1687) PSYoungGen: 2608800K(2627072K)->133696K(2630656K) Eden: 2461696K(2461696K)->0K(2466816K) From: 147104K(165376K)->133696K(163840K)
[6042.360s][info][gc,heap        ] GC(1687) ParOldGen: 5364522K(5364736K)->5453794K(5453824K)
[6042.360s][info][gc,metaspace   ] GC(1687) Metaspace: 29101K(29504K)->29101K(29504K) NonClass: 24209K(24384K)->24209K(24384K) Class: 4892K(5120K)->4892K(5120K)
[6042.360s][info][gc             ] GC(1687) Pause Young (Allocation Failure) 7786M->5456M(7895M) 96.702ms
[6042.360s][info][gc,cpu         ] GC(1687) User=0.54s Sys=0.03s Real=0.10s
..[6044.344s][info][gc,start       ] GC(1688) Pause Young (Allocation Failure)
[6044.447s][info][gc,heap        ] GC(1688) PSYoungGen: 2600512K(2630656K)->142324K(2631168K) Eden: 2466816K(2466816K)->0K(2466816K) From: 133696K(163840K)->142324K(164352K)
[6044.447s][info][gc,heap        ] GC(1688) ParOldGen: 5453794K(5453824K)->5543906K(5543936K)
[6044.447s][info][gc,metaspace   ] GC(1688) Metaspace: 29101K(29504K)->29101K(29504K) NonClass: 24209K(24384K)->24209K(24384K) Class: 4892K(5120K)->4892K(5120K)
[6044.447s][info][gc             ] GC(1688) Pause Young (Allocation Failure) 7865M->5552M(7983M) 102.885ms
[6044.447s][info][gc,cpu         ] GC(1688) User=0.58s Sys=0.03s Real=0.10s
..[6046.445s][info][gc,start       ] GC(1689) Pause Full (Allocation Failure)
[6046.445s][info][gc,phases,start] GC(1689) Marking Phase
[6046.738s][info][gc,phases      ] GC(1689) Marking Phase 292.823ms
[6046.738s][info][gc,phases,start] GC(1689) Summary Phase
[6046.738s][info][gc,phases      ] GC(1689) Summary Phase 0.093ms
[6046.738s][info][gc,phases,start] GC(1689) Forward
[6046.868s][info][gc,phases      ] GC(1689) Forward 129.508ms
[6046.868s][info][gc,phases,start] GC(1689) Adjust Pointers
[6047.063s][info][gc,phases      ] GC(1689) Adjust Pointers 195.060ms
[6047.063s][info][gc,phases,start] GC(1689) Compaction Phase
[6047.188s][info][gc,phases      ] GC(1689) Compaction Phase 125.434ms
[6047.189s][info][gc,phases,start] GC(1689) Post Compact
[6047.196s][info][gc,phases      ] GC(1689) Post Compact 6.921ms
[6047.325s][info][gc,heap        ] GC(1689) PSYoungGen: 2609140K(2631168K)->0K(2631168K) Eden: 2466816K(2466816K)->0K(2467840K) From: 142324K(164352K)->0K(163328K)
[6047.325s][info][gc,heap        ] GC(1689) ParOldGen: 5543906K(5543936K)->1422516K(1692160K)
[6047.325s][info][gc,metaspace   ] GC(1689) Metaspace: 29101K(29504K)->29101K(29504K) NonClass: 24209K(24384K)->24209K(24384K) Class: 4892K(5120K)->4892K(5120K)
[6047.325s][info][gc             ] GC(1689) Pause Full (Allocation Failure) 7961M->1389M(4222M) 879.958ms
[6047.325s][info][gc,cpu         ] GC(1689) User=3.99s Sys=0.13s Real=0.88s
..[6048.745s][info][gc,start       ] GC(1690) Pause Young (Allocation Failure)
[6048.813s][info][gc,heap        ] GC(1690) PSYoungGen: 2467840K(2631168K)->152628K(2631168K) Eden: 2467840K(2467840K)->0K(2467840K) From: 0K(163328K)->152628K(163328K)
[6048.813s][info][gc,heap        ] GC(1690) ParOldGen: 1422516K(1692160K)->1422516K(1692160K)
[6048.813s][info][gc,metaspace   ] GC(1690) Metaspace: 29101K(29504K)->29101K(29504K) NonClass: 24209K(24384K)->24209K(24384K) Class: 4892K(5120K)->4892K(5120K)
[6048.813s][info][gc             ] GC(1690) Pause Young (Allocation Failure) 3799M->1538M(4222M) 67.755ms
[6048.813s][info][gc,cpu         ] GC(1690) User=0.41s Sys=0.00s Real=0.07s
..[6050.462s][info][gc,start       ] GC(1691) Pause Young (Allocation Failure)
[6050.556s][info][gc,heap        ] GC(1691) PSYoungGen: 2620468K(2631168K)->142853K(2631168K) Eden: 2467840K(2467840K)->0K(2468864K) From: 152628K(163328K)->142853K(162304K)
[6050.556s][info][gc,heap        ] GC(1691) ParOldGen: 1422516K(1692160K)->1517740K(1692160K)
[6050.556s][info][gc,metaspace   ] GC(1691) Metaspace: 29101K(29504K)->29101K(29504K) NonClass: 24209K(24384K)->24209K(24384K) Class: 4892K(5120K)->4892K(5120K)
[6050.556s][info][gc             ] GC(1691) Pause Young (Allocation Failure) 3948M->1621M(4222M) 94.118ms
[6050.556s][info][gc,cpu         ] GC(1691) User=0.56s Sys=0.00s Real=0.09s
..[6052.509s][info][gc,start       ] GC(1692) Pause Young (Allocation Failure)
[6052.602s][info][gc,heap        ] GC(1692) PSYoungGen: 2611717K(2631168K)->141925K(2631680K) Eden: 2468864K(2468864K)->0K(2468864K) From: 142853K(162304K)->141925K(162816K)
[6052.602s][info][gc,heap        ] GC(1692) ParOldGen: 1517740K(1692160K)->1608724K(1692160K)
[6052.602s][info][gc,metaspace   ] GC(1692) Metaspace: 29101K(29504K)->29101K(29504K) NonClass: 24209K(24384K)->24209K(24384K) Class: 4892K(5120K)->4892K(5120K)
[6052.602s][info][gc             ] GC(1692) Pause Young (Allocation Failure) 4032M->1709M(4222M) 93.116ms
[6052.602s][info][gc,cpu         ] GC(1692) User=0.56s Sys=0.00s Real=0.09s
..[6054.580s][info][gc,start       ] GC(1693) Pause Young (Allocation Failure)
[6054.676s][info][gc,heap        ] GC(1693) PSYoungGen: 2610789K(2631680K)->145572K(2630656K) Eden: 2468864K(2468864K)->0K(2471424K) From: 141925K(162816K)->145572K(159232K)
[6054.676s][info][gc,heap        ] GC(1693) ParOldGen: 1608724K(1692160K)->1699132K(1699328K)
[6054.676s][info][gc,metaspace   ] GC(1693) Metaspace: 29101K(29504K)->29101K(29504K) NonClass: 24209K(24384K)->24209K(24384K) Class: 4892K(5120K)->4892K(5120K)
[6054.676s][info][gc             ] GC(1693) Pause Young (Allocation Failure) 4120M->1801M(4228M) 95.933ms
[6054.676s][info][gc,cpu         ] GC(1693) User=0.57s Sys=0.00s Real=0.09s
..[6056.622s][info][gc,start       ] GC(1694) Pause Young (Allocation Failure)
[6056.721s][info][gc,heap        ] GC(1694) PSYoungGen: 2616996K(2630656K)->145776K(2631680K) Eden: 2471424K(2471424K)->0K(2471424K) From: 145572K(159232K)->145776K(160256K)
[6056.721s][info][gc,heap        ] GC(1694) ParOldGen: 1699132K(1699328K)->1791228K(1791488K)
[6056.721s][info][gc,metaspace   ] GC(1694) Metaspace: 29101K(29504K)->29101K(29504K) NonClass: 24209K(24384K)->24209K(24384K) Class: 4892K(5120K)->4892K(5120K)
[6056.721s][info][gc             ] GC(1694) Pause Young (Allocation Failure) 4214M->1891M(4319M) 99.041ms
[6056.721s][info][gc,cpu         ] GC(1694) User=0.56s Sys=0.03s Real=0.10s
..[6058.658s][info][gc,start       ] GC(1695) Pause Young (Allocation Failure)
[6058.758s][info][gc,heap        ] GC(1695) PSYoungGen: 2617200K(2631680K)->147428K(2633728K) Eden: 2471424K(2471424K)->0K(2476544K) From: 145776K(160256K)->147428K(157184K)
[6058.758s][info][gc,heap        ] GC(1695) ParOldGen: 1791228K(1791488K)->1881676K(1882112K)
[6058.758s][info][gc,metaspace   ] GC(1695) Metaspace: 29101K(29504K)->29101K(29504K) NonClass: 24209K(24384K)->24209K(24384K) Class: 4892K(5120K)->4892K(5120K)
[6058.758s][info][gc             ] GC(1695) Pause Young (Allocation Failure) 4305M->1981M(4410M) 100.302ms
[6058.758s][info][gc,cpu         ] GC(1695) User=0.57s Sys=0.02s Real=0.10s
..[6060.679s][info][gc,start       ] GC(1696) Pause Young (Allocation Failure)
[6060.782s][info][gc,heap        ] GC(1696) PSYoungGen: 2623972K(2633728K)->150804K(2634752K) Eden: 2476544K(2476544K)->0K(2476544K) From: 147428K(157184K)->150804K(158208K)
[6060.782s][info][gc,heap        ] GC(1696) ParOldGen: 1881676K(1882112K)->1973540K(1973760K)
[6060.782s][info][gc,metaspace   ] GC(1696) Metaspace: 29101K(29504K)->29101K(29504K) NonClass: 24209K(24384K)->24209K(24384K) Class: 4892K(5120K)->4892K(5120K)
[6060.782s][info][gc             ] GC(1696) Pause Young (Allocation Failure) 4400M->2074M(4500M) 103.724ms
[6060.782s][info][gc,cpu         ] GC(1696) User=0.58s Sys=0.03s Real=0.10s
..[6062.642s][info][gc,start       ] GC(1697) Pause Young (Allocation Failure)
[6062.741s][info][gc,heap        ] GC(1697) PSYoungGen: 2627348K(2634752K)->146272K(2636288K) Eden: 2476544K(2476544K)->0K(2479104K) From: 150804K(158208K)->146272K(157184K)
[6062.741s][info][gc,heap        ] GC(1697) ParOldGen: 1973540K(1973760K)->2065404K(2065408K)
[6062.741s][info][gc,metaspace   ] GC(1697) Metaspace: 29101K(29504K)->29101K(29504K) NonClass: 24209K(24384K)->24209K(24384K) Class: 4892K(5120K)->4892K(5120K)
[6062.741s][info][gc             ] GC(1697) Pause Young (Allocation Failure) 4493M->2159M(4591M) 98.745ms
[6062.741s][info][gc,cpu         ] GC(1697) User=0.55s Sys=0.03s Real=0.10s
..[6064.654s][info][gc,start       ] GC(1698) Pause Young (Allocation Failure)
[6064.755s][info][gc,heap        ] GC(1698) PSYoungGen: 2625376K(2636288K)->144960K(2636800K) Eden: 2479104K(2479104K)->0K(2479104K) From: 146272K(157184K)->144960K(157696K)
[6064.755s][info][gc,heap        ] GC(1698) ParOldGen: 2065404K(2065408K)->2158732K(2159104K)
[6064.755s][info][gc,metaspace   ] GC(1698) Metaspace: 29101K(29504K)->29101K(29504K) NonClass: 24209K(24384K)->24209K(24384K) Class: 4892K(5120K)->4892K(5120K)
[6064.755s][info][gc             ] GC(1698) Pause Young (Allocation Failure) 4580M->2249M(4683M) 101.281ms
[6064.755s][info][gc,cpu         ] GC(1698) User=0.57s Sys=0.03s Real=0.10s
..[6066.701s][info][gc,start       ] GC(1699) Pause Young (Allocation Failure)
[6066.800s][info][gc,heap        ] GC(1699) PSYoungGen: 2624064K(2636800K)->147776K(2637824K) Eden: 2479104K(2479104K)->0K(2481664K) From: 144960K(157696K)->147776K(156160K)
[6066.800s][info][gc,heap        ] GC(1699) ParOldGen: 2158732K(2159104K)->2248020K(2248192K)
[6066.800s][info][gc,metaspace   ] GC(1699) Metaspace: 29101K(29504K)->29101K(29504K) NonClass: 24209K(24384K)->24209K(24384K) Class: 4892K(5120K)->4892K(5120K)
[6066.800s][info][gc             ] GC(1699) Pause Young (Allocation Failure) 4670M->2339M(4771M) 99.687ms
[6066.800s][info][gc,cpu         ] GC(1699) User=0.57s Sys=0.02s Real=0.10s
..[6068.703s][info][gc,start       ] GC(1700) Pause Young (Allocation Failure)
[6068.806s][info][gc,heap        ] GC(1700) PSYoungGen: 2629440K(2637824K)->148960K(2637824K) Eden: 2481664K(2481664K)->0K(2481664K) From: 147776K(156160K)->148960K(156160K)
[6068.806s][info][gc,heap        ] GC(1700) ParOldGen: 2248020K(2248192K)->2341308K(2341376K)
[6068.806s][info][gc,metaspace   ] GC(1700) Metaspace: 29101K(29504K)->29101K(29504K) NonClass: 24209K(24384K)->24209K(24384K) Class: 4892K(5120K)->4892K(5120K)
[6068.806s][info][gc             ] GC(1700) Pause Young (Allocation Failure) 4763M->2431M(4862M) 102.714ms
[6068.806s][info][gc,cpu         ] GC(1700) User=0.58s Sys=0.03s Real=0.10s
..[6070.793s][info][gc,start       ] GC(1701) Pause Young (Allocation Failure)
[6070.893s][info][gc,heap        ] GC(1701) PSYoungGen: 2630624K(2637824K)->148128K(2639872K) Eden: 2481664K(2481664K)->0K(2483712K) From: 148960K(156160K)->148128K(156160K)
[6070.893s][info][gc,heap        ] GC(1701) ParOldGen: 2341308K(2341376K)->2433508K(2433536K)
[6070.893s][info][gc,metaspace   ] GC(1701) Metaspace: 29101K(29504K)->29101K(29504K) NonClass: 24209K(24384K)->24209K(24384K) Class: 4892K(5120K)->4892K(5120K)
[6070.893s][info][gc             ] GC(1701) Pause Young (Allocation Failure) 4855M->2521M(4954M) 100.076ms
[6070.893s][info][gc,cpu         ] GC(1701) User=0.57s Sys=0.03s Real=0.10s
..[6072.806s][info][gc,start       ] GC(1702) Pause Young (Allocation Failure)
[6072.909s][info][gc,heap        ] GC(1702) PSYoungGen: 2631840K(2639872K)->151274K(2635264K) Eden: 2483712K(2483712K)->0K(2483712K) From: 148128K(156160K)->151274K(151552K)
[6072.909s][info][gc,heap        ] GC(1702) ParOldGen: 2433508K(2433536K)->2525388K(2525696K)
[6072.909s][info][gc,metaspace   ] GC(1702) Metaspace: 29101K(29504K)->29101K(29504K) NonClass: 24209K(24384K)->24209K(24384K) Class: 4892K(5120K)->4892K(5120K)
[6072.909s][info][gc             ] GC(1702) Pause Young (Allocation Failure) 4946M->2613M(5040M) 102.779ms
[6072.909s][info][gc,cpu         ] GC(1702) User=0.58s Sys=0.03s Real=0.11s
..[6074.814s][info][gc,start       ] GC(1703) Pause Young (Allocation Failure)
[6074.916s][info][gc,heap        ] GC(1703) PSYoungGen: 2634986K(2635264K)->152192K(2637312K) Eden: 2483712K(2483712K)->0K(2480640K) From: 151274K(151552K)->152192K(156672K)
[6074.916s][info][gc,heap        ] GC(1703) ParOldGen: 2525388K(2525696K)->2615260K(2615296K)
[6074.916s][info][gc,metaspace   ] GC(1703) Metaspace: 29101K(29504K)->29101K(29504K) NonClass: 24209K(24384K)->24209K(24384K) Class: 4892K(5120K)->4892K(5120K)
[6074.916s][info][gc             ] GC(1703) Pause Young (Allocation Failure) 5039M->2702M(5129M) 101.915ms
[6074.916s][info][gc,cpu         ] GC(1703) User=0.58s Sys=0.02s Real=0.10s
..[6076.904s][info][gc,start       ] GC(1704) Pause Young (Allocation Failure)
[6077.004s][info][gc,heap        ] GC(1704) PSYoungGen: 2632832K(2637312K)->145472K(2638336K) Eden: 2480640K(2480640K)->0K(2480640K) From: 152192K(156672K)->145472K(157696K)
[6077.004s][info][gc,heap        ] GC(1704) ParOldGen: 2615260K(2615296K)->2707588K(2707968K)
[6077.004s][info][gc,metaspace   ] GC(1704) Metaspace: 29101K(29504K)->29101K(29504K) NonClass: 24209K(24384K)->24209K(24384K) Class: 4892K(5120K)->4892K(5120K)
[6077.004s][info][gc             ] GC(1704) Pause Young (Allocation Failure) 5125M->2786M(5221M) 99.427ms
[6077.004s][info][gc,cpu         ] GC(1704) User=0.56s Sys=0.03s Real=0.10s
..[6079.035s][info][gc,start       ] GC(1705) Pause Young (Allocation Failure)
[6079.134s][info][gc,heap        ] GC(1705) PSYoungGen: 2626112K(2638336K)->142944K(2636800K) Eden: 2480640K(2480640K)->0K(2481152K) From: 145472K(157696K)->142944K(155648K)
[6079.134s][info][gc,heap        ] GC(1705) ParOldGen: 2707588K(2707968K)->2801684K(2802176K)
[6079.134s][info][gc,metaspace   ] GC(1705) Metaspace: 29101K(29504K)->29101K(29504K) NonClass: 24209K(24384K)->24209K(24384K) Class: 4892K(5120K)->4892K(5120K)
[6079.134s][info][gc             ] GC(1705) Pause Young (Allocation Failure) 5208M->2875M(5311M) 98.834ms
[6079.134s][info][gc,cpu         ] GC(1705) User=0.56s Sys=0.03s Real=0.10s
..[6081.171s][info][gc,start       ] GC(1706) Pause Young (Allocation Failure)
[6081.271s][info][gc,heap        ] GC(1706) PSYoungGen: 2624096K(2636800K)->148576K(2637824K) Eden: 2481152K(2481152K)->0K(2481152K) From: 142944K(155648K)->148576K(156672K)
[6081.271s][info][gc,heap        ] GC(1706) ParOldGen: 2801684K(2802176K)->2891420K(2891776K)
[6081.271s][info][gc,metaspace   ] GC(1706) Metaspace: 29101K(29504K)->29101K(29504K) NonClass: 24209K(24384K)->24209K(24384K) Class: 4892K(5120K)->4892K(5120K)
[6081.271s][info][gc             ] GC(1706) Pause Young (Allocation Failure) 5298M->2968M(5400M) 100.187ms
[6081.271s][info][gc,cpu         ] GC(1706) User=0.56s Sys=0.03s Real=0.10s
..[6083.213s][info][gc,start       ] GC(1707) Pause Young (Allocation Failure)
[6083.312s][info][gc,heap        ] GC(1707) PSYoungGen: 2629728K(2637824K)->143328K(2638336K) Eden: 2481152K(2481152K)->0K(2482688K) From: 148576K(156672K)->143328K(155648K)
[6083.312s][info][gc,heap        ] GC(1707) ParOldGen: 2891420K(2891776K)->2983932K(2983936K)
[6083.312s][info][gc,metaspace   ] GC(1707) Metaspace: 29101K(29504K)->29101K(29504K) NonClass: 24209K(24384K)->24209K(24384K) Class: 4892K(5120K)->4892K(5120K)
[6083.312s][info][gc             ] GC(1707) Pause Young (Allocation Failure) 5391M->3053M(5490M) 98.805ms
[6083.312s][info][gc,cpu         ] GC(1707) User=0.55s Sys=0.04s Real=0.10s
..[6085.246s][info][gc,start       ] GC(1708) Pause Young (Allocation Failure)
[6085.344s][info][gc,heap        ] GC(1708) PSYoungGen: 2626016K(2638336K)->141152K(2638848K) Eden: 2482688K(2482688K)->0K(2482688K) From: 143328K(155648K)->141152K(156160K)
[6085.344s][info][gc,heap        ] GC(1708) ParOldGen: 2983932K(2983936K)->3075252K(3075584K)
[6085.344s][info][gc,metaspace   ] GC(1708) Metaspace: 29101K(29504K)->29101K(29504K) NonClass: 24209K(24384K)->24209K(24384K) Class: 4892K(5120K)->4892K(5120K)
[6085.344s][info][gc             ] GC(1708) Pause Young (Allocation Failure) 5478M->3141M(5580M) 98.599ms
[6085.344s][info][gc,cpu         ] GC(1708) User=0.55s Sys=0.03s Real=0.10s
..[6087.295s][info][gc,start       ] GC(1709) Pause Young (Allocation Failure)
[6087.397s][info][gc,heap        ] GC(1709) PSYoungGen: 2623840K(2638848K)->143653K(2638848K) Eden: 2482688K(2482688K)->0K(2483712K) From: 141152K(156160K)->143653K(155136K)
[6087.397s][info][gc,heap        ] GC(1709) ParOldGen: 3075252K(3075584K)->3167220K(3167232K)
[6087.397s][info][gc,metaspace   ] GC(1709) Metaspace: 29101K(29504K)->29101K(29504K) NonClass: 24209K(24384K)->24209K(24384K) Class: 4892K(5120K)->4892K(5120K)
[6087.397s][info][gc             ] GC(1709) Pause Young (Allocation Failure) 5565M->3233M(5670M) 102.011ms
[6087.397s][info][gc,cpu         ] GC(1709) User=0.58s Sys=0.02s Real=0.10s
..[6089.381s][info][gc,start       ] GC(1710) Pause Young (Allocation Failure)
[6089.480s][info][gc,heap        ] GC(1710) PSYoungGen: 2627365K(2638848K)->143904K(2639360K) Eden: 2483712K(2483712K)->0K(2483712K) From: 143653K(155136K)->143904K(155648K)
[6089.480s][info][gc,heap        ] GC(1710) ParOldGen: 3167220K(3167232K)->3257836K(3257856K)
[6089.480s][info][gc,metaspace   ] GC(1710) Metaspace: 29101K(29504K)->29101K(29504K) NonClass: 24209K(24384K)->24209K(24384K) Class: 4892K(5120K)->4892K(5120K)
[6089.480s][info][gc             ] GC(1710) Pause Young (Allocation Failure) 5658M->3322M(5759M) 99.066ms
[6089.480s][info][gc,cpu         ] GC(1710) User=0.56s Sys=0.03s Real=0.10s
.. (rIR:aIR:PR = 9824:9879:9882) (tPR = 145656) [OK] 
  6090s: Performance info:
         Transaction,    Success,    Partial,     Failed,   Receipts, AvgBarcode, 
             Overall,     596056,          0,          0,     566474,      59.47, 
         Response times:
             Request,    Success,    Partial,     Failed,   SkipFail,     Probes,    Samples,      min,      p50,      p90,      p95,      p99,      max, 
       TotalPurchase,     565802,          0,          0,          0,     353354,     467808,      300,     6300,    41000,    68000,   206000,   539000,
     InStorePurchase,     298857,          0,          0,          0,     185630,     246017,      300,     6200,    40000,    67000,   206000,   539000,
      OnlinePurchase,     207573,          0,          0,          0,     130455,     172634,      300,     6300,    40000,    68000,   209000,   500000,
        InstPurchase,      59372,          0,          0,          0,      37269,      49157,      400,     6400,    41000,    69000,   208000,   499000,
          AssocOfCat,        598,          0,          0,          0,        482,        761,    23000,    41000,    99000,   129000,   206060,   268000,
      AssocOfProduct,       5977,          0,          0,          0,       4337,       6017,     1000,     7100,    49000,    82000,   206000,   291000,
      BusinessReport,       1486,          0,          0,          0,       1315,       1892,    28000,    50000,   106000,   158000,   294000,   539000,
          CustBuyBeh,       5910,          0,          0,          0,       4322,       5990,      200,     6800,    41000,    69000,   183000,   291000,
       ProductReturn,      15920,          0,          0,          0,       9163,      12147,      100,     6600,    45000,    75000,   166560,   501000,

  6090s: (72%)   IR =   9963 [6091.402s][info][gc,start       ] GC(1711) Pause Young (Allocation Failure)
[6091.503s][info][gc,heap        ] GC(1711) PSYoungGen: 2627616K(2639360K)->142229K(2639360K) Eden: 2483712K(2483712K)->0K(2485248K) From: 143904K(155648K)->142229K(154112K)
[6091.503s][info][gc,heap        ] GC(1711) ParOldGen: 3257836K(3257856K)->3350596K(3351040K)
[6091.503s][info][gc,metaspace   ] GC(1711) Metaspace: 29101K(29504K)->29101K(29504K) NonClass: 24209K(24384K)->24209K(24384K) Class: 4892K(5120K)->4892K(5120K)
[6091.503s][info][gc             ] GC(1711) Pause Young (Allocation Failure) 5747M->3410M(5850M) 100.286ms
[6091.503s][info][gc,cpu         ] GC(1711) User=0.57s Sys=0.02s Real=0.10s
..[6093.474s][info][gc,start       ] GC(1712) Pause Young (Allocation Failure)
[6093.575s][info][gc,heap        ] GC(1712) PSYoungGen: 2627477K(2639360K)->145381K(2639872K) Eden: 2485248K(2485248K)->0K(2485248K) From: 142229K(154112K)->145381K(154624K)
[6093.575s][info][gc,heap        ] GC(1712) ParOldGen: 3350596K(3351040K)->3442428K(3442688K)
[6093.575s][info][gc,metaspace   ] GC(1712) Metaspace: 29101K(29504K)->29101K(29504K) NonClass: 24209K(24384K)->24209K(24384K) Class: 4892K(5120K)->4892K(5120K)
[6093.575s][info][gc             ] GC(1712) Pause Young (Allocation Failure) 5837M->3503M(5940M) 100.917ms
[6093.575s][info][gc,cpu         ] GC(1712) User=0.58s Sys=0.02s Real=0.10s
..[6095.551s][info][gc,start       ] GC(1713) Pause Young (Allocation Failure)
[6095.648s][info][gc,heap        ] GC(1713) PSYoungGen: 2630629K(2639872K)->141056K(2641408K) Eden: 2485248K(2485248K)->0K(2487296K) From: 145381K(154624K)->141056K(154112K)
[6095.648s][info][gc,heap        ] GC(1713) ParOldGen: 3442428K(3442688K)->3535044K(3535360K)
[6095.648s][info][gc,metaspace   ] GC(1713) Metaspace: 29101K(29504K)->29101K(29504K) NonClass: 24209K(24384K)->24209K(24384K) Class: 4892K(5120K)->4892K(5120K)
[6095.648s][info][gc             ] GC(1713) Pause Young (Allocation Failure) 5930M->3589M(6032M) 97.025ms
[6095.648s][info][gc,cpu         ] GC(1713) User=0.54s Sys=0.04s Real=0.10s
..[6097.488s][info][gc,start       ] GC(1714) Pause Young (Allocation Failure)
[6097.585s][info][gc,heap        ] GC(1714) PSYoungGen: 2628352K(2641408K)->136864K(2641408K) Eden: 2487296K(2487296K)->0K(2487296K) From: 141056K(154112K)->136864K(154112K)
[6097.585s][info][gc,heap        ] GC(1714) ParOldGen: 3535044K(3535360K)->3628524K(3628544K)
[6097.585s][info][gc,metaspace   ] GC(1714) Metaspace: 29101K(29504K)->29101K(29504K) NonClass: 24209K(24384K)->24209K(24384K) Class: 4892K(5120K)->4892K(5120K)
[6097.585s][info][gc             ] GC(1714) Pause Young (Allocation Failure) 6018M->3677M(6123M) 96.824ms
[6097.585s][info][gc,cpu         ] GC(1714) User=0.55s Sys=0.03s Real=0.09s
..[6099.654s][info][gc,start       ] GC(1715) Pause Young (Allocation Failure)
[6099.764s][info][gc,heap        ] GC(1715) PSYoungGen: 2624160K(2641408K)->154601K(2567680K) Eden: 2487296K(2487296K)->0K(2413056K) From: 136864K(154112K)->154601K(154624K)
[6099.764s][info][gc,heap        ] GC(1715) ParOldGen: 3628524K(3628544K)->3720412K(3720704K)
[6099.764s][info][gc,metaspace   ] GC(1715) Metaspace: 29101K(29504K)->29101K(29504K) NonClass: 24209K(24384K)->24209K(24384K) Class: 4892K(5120K)->4892K(5120K)
[6099.764s][info][gc             ] GC(1715) Pause Young (Allocation Failure) 6106M->3784M(6141M) 109.412ms
[6099.764s][info][gc,cpu         ] GC(1715) User=0.60s Sys=0.04s Real=0.11s
..[6101.571s][info][gc,start       ] GC(1716) Pause Young (Allocation Failure)
[6101.668s][info][gc,heap        ] GC(1716) PSYoungGen: 2567657K(2567680K)->138784K(2604544K) Eden: 2413056K(2413056K)->0K(2413056K) From: 154601K(154624K)->138784K(191488K)
[6101.668s][info][gc,heap        ] GC(1716) ParOldGen: 3720412K(3720704K)->3813844K(3813888K)
[6101.668s][info][gc,metaspace   ] GC(1716) Metaspace: 29101K(29504K)->29101K(29504K) NonClass: 24209K(24384K)->24209K(24384K) Class: 4892K(5120K)->4892K(5120K)
[6101.668s][info][gc             ] GC(1716) Pause Young (Allocation Failure) 6140M->3859M(6268M) 97.357ms
[6101.668s][info][gc,cpu         ] GC(1716) User=0.54s Sys=0.03s Real=0.10s
..[6103.539s][info][gc,start       ] GC(1717) Pause Young (Allocation Failure)
[6103.635s][info][gc,heap        ] GC(1717) PSYoungGen: 2551840K(2604544K)->133408K(2602496K) Eden: 2413056K(2413056K)->0K(2414080K) From: 138784K(191488K)->133408K(188416K)
[6103.635s][info][gc,heap        ] GC(1717) ParOldGen: 3813844K(3813888K)->3905604K(3906048K)
[6103.635s][info][gc,metaspace   ] GC(1717) Metaspace: 29101K(29504K)->29101K(29504K) NonClass: 24209K(24384K)->24209K(24384K) Class: 4892K(5120K)->4892K(5120K)
[6103.635s][info][gc             ] GC(1717) Pause Young (Allocation Failure) 6216M->3944M(6356M) 95.376ms
[6103.635s][info][gc,cpu         ] GC(1717) User=0.54s Sys=0.03s Real=0.09s
.|.[6105.497s][info][gc,start       ] GC(1718) Pause Young (Allocation Failure)
[6105.596s][info][gc,heap        ] GC(1718) PSYoungGen: 2547488K(2602496K)->140743K(2604032K) Eden: 2414080K(2414080K)->0K(2414080K) From: 133408K(188416K)->140743K(189952K)
[6105.596s][info][gc,heap        ] GC(1718) ParOldGen: 3905604K(3906048K)->3994924K(3995136K)
[6105.596s][info][gc,metaspace   ] GC(1718) Metaspace: 29101K(29504K)->29101K(29504K) NonClass: 24209K(24384K)->24209K(24384K) Class: 4892K(5120K)->4892K(5120K)
[6105.596s][info][gc             ] GC(1718) Pause Young (Allocation Failure) 6301M->4038M(6444M) 99.113ms
[6105.597s][info][gc,cpu         ] GC(1718) User=0.56s Sys=0.02s Real=0.09s
..[6107.519s][info][gc,start       ] GC(1719) Pause Young (Allocation Failure)
[6107.621s][info][gc,heap        ] GC(1719) PSYoungGen: 2554823K(2604032K)->144980K(2600448K) Eden: 2414080K(2414080K)->0K(2418176K) From: 140743K(189952K)->144980K(182272K)
[6107.621s][info][gc,heap        ] GC(1719) ParOldGen: 3994924K(3995136K)->4084700K(4084736K)
[6107.621s][info][gc,metaspace   ] GC(1719) Metaspace: 29101K(29504K)->29101K(29504K) NonClass: 24209K(24384K)->24209K(24384K) Class: 4892K(5120K)->4892K(5120K)
[6107.621s][info][gc             ] GC(1719) Pause Young (Allocation Failure) 6396M->4130M(6528M) 101.110ms
[6107.621s][info][gc,cpu         ] GC(1719) User=0.56s Sys=0.04s Real=0.10s
..[6109.449s][info][gc,start       ] GC(1720) Pause Young (Allocation Failure)
[6109.549s][info][gc,heap        ] GC(1720) PSYoungGen: 2563156K(2600448K)->142144K(2603008K) Eden: 2418176K(2418176K)->0K(2418176K) From: 144980K(182272K)->142144K(184832K)
[6109.549s][info][gc,heap        ] GC(1720) ParOldGen: 4084700K(4084736K)->4175564K(4175872K)
[6109.549s][info][gc,metaspace   ] GC(1720) Metaspace: 29101K(29504K)->29101K(29504K) NonClass: 24209K(24384K)->24209K(24384K) Class: 4892K(5120K)->4892K(5120K)
[6109.549s][info][gc             ] GC(1720) Pause Young (Allocation Failure) 6492M->4216M(6620M) 99.129ms
[6109.549s][info][gc,cpu         ] GC(1720) User=0.54s Sys=0.04s Real=0.10s
..[6111.460s][info][gc,start       ] GC(1721) Pause Young (Allocation Failure)
[6111.557s][info][gc,heap        ] GC(1721) PSYoungGen: 2560320K(2603008K)->135552K(2609152K) Eden: 2418176K(2418176K)->0K(2428928K) From: 142144K(184832K)->135552K(180224K)
[6111.557s][info][gc,heap        ] GC(1721) ParOldGen: 4175564K(4175872K)->4267364K(4267520K)
[6111.557s][info][gc,metaspace   ] GC(1721) Metaspace: 29101K(29504K)->29101K(29504K) NonClass: 24209K(24384K)->24209K(24384K) Class: 4892K(5120K)->4892K(5120K)
[6111.557s][info][gc             ] GC(1721) Pause Young (Allocation Failure) 6578M->4299M(6715M) 96.908ms
[6111.557s][info][gc,cpu         ] GC(1721) User=0.55s Sys=0.02s Real=0.09s
..[6113.460s][info][gc,start       ] GC(1722) Pause Young (Allocation Failure)
[6113.556s][info][gc,heap        ] GC(1722) PSYoungGen: 2564480K(2609152K)->134432K(2610176K) Eden: 2428928K(2428928K)->0K(2428928K) From: 135552K(180224K)->134432K(181248K)
[6113.556s][info][gc,heap        ] GC(1722) ParOldGen: 4267364K(4267520K)->4357820K(4358144K)
[6113.556s][info][gc,metaspace   ] GC(1722) Metaspace: 29101K(29504K)->29101K(29504K) NonClass: 24209K(24384K)->24209K(24384K) Class: 4892K(5120K)->4892K(5120K)
[6113.556s][info][gc             ] GC(1722) Pause Young (Allocation Failure) 6671M->4386M(6805M) 95.206ms
[6113.556s][info][gc,cpu         ] GC(1722) User=0.53s Sys=0.03s Real=0.09s
..[6115.538s][info][gc,start       ] GC(1723) Pause Young (Allocation Failure)
[6115.641s][info][gc,heap        ] GC(1723) PSYoungGen: 2563360K(2610176K)->147332K(2608640K) Eden: 2428928K(2428928K)->0K(2434560K) From: 134432K(181248K)->147332K(174080K)
[6115.641s][info][gc,heap        ] GC(1723) ParOldGen: 4357820K(4358144K)->4446092K(4446208K)
[6115.641s][info][gc,metaspace   ] GC(1723) Metaspace: 29101K(29504K)->29101K(29504K) NonClass: 24209K(24384K)->24209K(24384K) Class: 4892K(5120K)->4892K(5120K)
[6115.641s][info][gc             ] GC(1723) Pause Young (Allocation Failure) 6758M->4485M(6889M) 102.394ms
[6115.641s][info][gc,cpu         ] GC(1723) User=0.59s Sys=0.03s Real=0.10s
..[6117.488s][info][gc,start       ] GC(1724) Pause Young (Allocation Failure)
[6117.590s][info][gc,heap        ] GC(1724) PSYoungGen: 2581892K(2608640K)->144789K(2611712K) Eden: 2434560K(2434560K)->0K(2434560K) From: 147332K(174080K)->144789K(177152K)
[6117.590s][info][gc,heap        ] GC(1724) ParOldGen: 4446092K(4446208K)->4539444K(4539904K)
[6117.590s][info][gc,metaspace   ] GC(1724) Metaspace: 29101K(29504K)->29101K(29504K) NonClass: 24209K(24384K)->24209K(24384K) Class: 4892K(5120K)->4892K(5120K)
[6117.590s][info][gc             ] GC(1724) Pause Young (Allocation Failure) 6863M->4574M(6984M) 102.109ms
[6117.590s][info][gc,cpu         ] GC(1724) User=0.57s Sys=0.03s Real=0.10s
..[6119.432s][info][gc,start       ] GC(1725) Pause Young (Allocation Failure)
[6119.531s][info][gc,heap        ] GC(1725) PSYoungGen: 2579349K(2611712K)->139680K(2614272K) Eden: 2434560K(2434560K)->0K(2444288K) From: 144789K(177152K)->139680K(169984K)
[6119.531s][info][gc,heap        ] GC(1725) ParOldGen: 4539444K(4539904K)->4629524K(4630016K)
[6119.531s][info][gc,metaspace   ] GC(1725) Metaspace: 29101K(29504K)->29101K(29504K) NonClass: 24209K(24384K)->24209K(24384K) Class: 4892K(5120K)->4892K(5120K)
[6119.531s][info][gc             ] GC(1725) Pause Young (Allocation Failure) 6951M->4657M(7074M) 99.532ms
[6119.531s][info][gc,cpu         ] GC(1725) User=0.56s Sys=0.02s Real=0.10s
..[6121.385s][info][gc,start       ] GC(1726) Pause Young (Allocation Failure)
[6121.489s][info][gc,heap        ] GC(1726) PSYoungGen: 2583968K(2614272K)->146393K(2616832K) Eden: 2444288K(2444288K)->0K(2444288K) From: 139680K(169984K)->146393K(172544K)
[6121.489s][info][gc,heap        ] GC(1726) ParOldGen: 4629524K(4630016K)->4720068K(4720128K)
[6121.489s][info][gc,metaspace   ] GC(1726) Metaspace: 29101K(29504K)->29101K(29504K) NonClass: 24209K(24384K)->24209K(24384K) Class: 4892K(5120K)->4892K(5120K)
[6121.489s][info][gc             ] GC(1726) Pause Young (Allocation Failure) 7044M->4752M(7165M) 103.796ms
[6121.489s][info][gc,cpu         ] GC(1726) User=0.59s Sys=0.02s Real=0.11s
..[6123.339s][info][gc,start       ] GC(1727) Pause Young (Allocation Failure)
[6123.443s][info][gc,heap        ] GC(1727) PSYoungGen: 2590681K(2616832K)->145013K(2617856K) Eden: 2444288K(2444288K)->0K(2452992K) From: 146393K(172544K)->145013K(164864K)
[6123.443s][info][gc,heap        ] GC(1727) ParOldGen: 4720068K(4720128K)->4811140K(4811264K)
[6123.443s][info][gc,metaspace   ] GC(1727) Metaspace: 29101K(29504K)->29101K(29504K) NonClass: 24209K(24384K)->24209K(24384K) Class: 4892K(5120K)->4892K(5120K)
[6123.443s][info][gc             ] GC(1727) Pause Young (Allocation Failure) 7139M->4839M(7255M) 103.586ms
[6123.443s][info][gc,cpu         ] GC(1727) User=0.58s Sys=0.03s Real=0.10s
..[6125.370s][info][gc,start       ] GC(1728) Pause Young (Allocation Failure)
[6125.471s][info][gc,heap        ] GC(1728) PSYoungGen: 2598005K(2617856K)->143077K(2620928K) Eden: 2452992K(2452992K)->0K(2452992K) From: 145013K(164864K)->143077K(167936K)
[6125.471s][info][gc,heap        ] GC(1728) ParOldGen: 4811140K(4811264K)->4901612K(4901888K)
[6125.471s][info][gc,metaspace   ] GC(1728) Metaspace: 29101K(29504K)->29101K(29504K) NonClass: 24209K(24384K)->24209K(24384K) Class: 4892K(5120K)->4892K(5120K)
[6125.471s][info][gc             ] GC(1728) Pause Young (Allocation Failure) 7235M->4926M(7346M) 100.963ms
[6125.471s][info][gc,cpu         ] GC(1728) User=0.57s Sys=0.02s Real=0.10s
..[6127.379s][info][gc,start       ] GC(1729) Pause Young (Allocation Failure)
[6127.479s][info][gc,heap        ] GC(1729) PSYoungGen: 2596069K(2620928K)->144325K(2622464K) Eden: 2452992K(2452992K)->0K(2461696K) From: 143077K(167936K)->144325K(160768K)
[6127.479s][info][gc,heap        ] GC(1729) ParOldGen: 4901612K(4901888K)->4991556K(4992000K)
[6127.479s][info][gc,metaspace   ] GC(1729) Metaspace: 29101K(29504K)->29101K(29504K) NonClass: 24209K(24384K)->24209K(24384K) Class: 4892K(5120K)->4892K(5120K)
[6127.479s][info][gc             ] GC(1729) Pause Young (Allocation Failure) 7321M->5015M(7436M) 99.761ms
[6127.479s][info][gc,cpu         ] GC(1729) User=0.56s Sys=0.02s Real=0.10s
..[6129.432s][info][gc,start       ] GC(1730) Pause Young (Allocation Failure)
[6129.536s][info][gc,heap        ] GC(1730) PSYoungGen: 2606021K(2622464K)->148516K(2626048K) Eden: 2461696K(2461696K)->0K(2461696K) From: 144325K(160768K)->148516K(164352K)
[6129.536s][info][gc,heap        ] GC(1730) ParOldGen: 4991556K(4992000K)->5083548K(5083648K)
[6129.536s][info][gc,metaspace   ] GC(1730) Metaspace: 29101K(29504K)->29101K(29504K) NonClass: 24209K(24384K)->24209K(24384K) Class: 4892K(5120K)->4892K(5120K)
[6129.536s][info][gc             ] GC(1730) Pause Young (Allocation Failure) 7419M->5109M(7529M) 104.063ms
[6129.536s][info][gc,cpu         ] GC(1730) User=0.58s Sys=0.03s Real=0.10s
..[6131.415s][info][gc,start       ] GC(1731) Pause Young (Allocation Failure)
[6131.516s][info][gc,heap        ] GC(1731) PSYoungGen: 2610212K(2626048K)->140128K(2629120K) Eden: 2461696K(2461696K)->0K(2467840K) From: 148516K(164352K)->140128K(161280K)
[6131.516s][info][gc,heap        ] GC(1731) ParOldGen: 5083548K(5083648K)->5178340K(5178368K)
[6131.516s][info][gc,metaspace   ] GC(1731) Metaspace: 29101K(29504K)->29101K(29504K) NonClass: 24209K(24384K)->24209K(24384K) Class: 4892K(5120K)->4892K(5120K)
[6131.516s][info][gc             ] GC(1731) Pause Young (Allocation Failure) 7513M->5193M(7624M) 101.552ms
[6131.516s][info][gc,cpu         ] GC(1731) User=0.57s Sys=0.03s Real=0.10s
..[6133.402s][info][gc,start       ] GC(1732) Pause Young (Allocation Failure)
[6133.500s][info][gc,heap        ] GC(1732) PSYoungGen: 2607968K(2629120K)->138535K(2630656K) Eden: 2467840K(2467840K)->0K(2467840K) From: 140128K(161280K)->138535K(162816K)
[6133.500s][info][gc,heap        ] GC(1732) ParOldGen: 5178340K(5178368K)->5266988K(5267456K)
[6133.500s][info][gc,metaspace   ] GC(1732) Metaspace: 29101K(29504K)->29101K(29504K) NonClass: 24209K(24384K)->24209K(24384K) Class: 4892K(5120K)->4892K(5120K)
[6133.500s][info][gc             ] GC(1732) Pause Young (Allocation Failure) 7603M->5278M(7713M) 98.272ms
[6133.500s][info][gc,cpu         ] GC(1732) User=0.55s Sys=0.03s Real=0.10s
..[6135.519s][info][gc,start       ] GC(1733) Pause Young (Allocation Failure)
[6135.620s][info][gc,heap        ] GC(1733) PSYoungGen: 2606375K(2630656K)->147813K(2631680K) Eden: 2467840K(2467840K)->0K(2470912K) From: 138535K(162816K)->147813K(160768K)
[6135.620s][info][gc,heap        ] GC(1733) ParOldGen: 5266988K(5267456K)->5356876K(5357056K)
[6135.620s][info][gc,metaspace   ] GC(1733) Metaspace: 29101K(29504K)->29101K(29504K) NonClass: 24209K(24384K)->24209K(24384K) Class: 4892K(5120K)->4892K(5120K)
[6135.620s][info][gc             ] GC(1733) Pause Young (Allocation Failure) 7688M->5375M(7801M) 101.306ms
[6135.620s][info][gc,cpu         ] GC(1733) User=0.58s Sys=0.02s Real=0.10s
..[6137.429s][info][gc,start       ] GC(1734) Pause Young (Allocation Failure)
[6137.530s][info][gc,heap        ] GC(1734) PSYoungGen: 2618725K(2631680K)->140320K(2632704K) Eden: 2470912K(2470912K)->0K(2470912K) From: 147813K(160768K)->140320K(161792K)
[6137.530s][info][gc,heap        ] GC(1734) ParOldGen: 5356876K(5357056K)->5451172K(5451264K)
[6137.531s][info][gc,metaspace   ] GC(1734) Metaspace: 29101K(29504K)->29101K(29504K) NonClass: 24209K(24384K)->24209K(24384K) Class: 4892K(5120K)->4892K(5120K)
[6137.531s][info][gc             ] GC(1734) Pause Young (Allocation Failure) 7788M->5460M(7894M) 101.903ms
[6137.531s][info][gc,cpu         ] GC(1734) User=0.56s Sys=0.03s Real=0.10s
..[6139.414s][info][gc,start       ] GC(1735) Pause Young (Allocation Failure)
[6139.515s][info][gc,heap        ] GC(1735) PSYoungGen: 2611232K(2632704K)->139712K(2632192K) Eden: 2470912K(2470912K)->0K(2473472K) From: 140320K(161792K)->139712K(158720K)
[6139.515s][info][gc,heap        ] GC(1735) ParOldGen: 5451172K(5451264K)->5542292K(5542400K)
[6139.515s][info][gc,metaspace   ] GC(1735) Metaspace: 29101K(29504K)->29101K(29504K) NonClass: 24209K(24384K)->24209K(24384K) Class: 4892K(5120K)->4892K(5120K)
[6139.515s][info][gc             ] GC(1735) Pause Young (Allocation Failure) 7873M->5548M(7983M) 100.867ms
[6139.515s][info][gc,cpu         ] GC(1735) User=0.56s Sys=0.03s Real=0.10s
..[6141.432s][info][gc,start       ] GC(1736) Pause Full (Allocation Failure)
[6141.432s][info][gc,phases,start] GC(1736) Marking Phase
[6141.735s][info][gc,phases      ] GC(1736) Marking Phase 302.992ms
[6141.735s][info][gc,phases,start] GC(1736) Summary Phase
[6141.735s][info][gc,phases      ] GC(1736) Summary Phase 0.105ms
[6141.735s][info][gc,phases,start] GC(1736) Forward
[6141.862s][info][gc,phases      ] GC(1736) Forward 127.003ms
[6141.862s][info][gc,phases,start] GC(1736) Adjust Pointers
[6142.061s][info][gc,phases      ] GC(1736) Adjust Pointers 198.592ms
[6142.061s][info][gc,phases,start] GC(1736) Compaction Phase
[6142.188s][info][gc,phases      ] GC(1736) Compaction Phase 127.093ms
[6142.189s][info][gc,phases,start] GC(1736) Post Compact
[6142.196s][info][gc,phases      ] GC(1736) Post Compact 6.916ms
[6142.322s][info][gc,heap        ] GC(1736) PSYoungGen: 2613184K(2632192K)->0K(2633216K) Eden: 2473472K(2473472K)->0K(2473472K) From: 139712K(158720K)->0K(159744K)
[6142.322s][info][gc,heap        ] GC(1736) ParOldGen: 5542292K(5542400K)->1430339K(1703936K)
[6142.322s][info][gc,metaspace   ] GC(1736) Metaspace: 29101K(29504K)->29101K(29504K) NonClass: 24209K(24384K)->24209K(24384K) Class: 4892K(5120K)->4892K(5120K)
[6142.322s][info][gc             ] GC(1736) Pause Full (Allocation Failure) 7964M->1396M(4235M) 889.508ms
[6142.322s][info][gc,cpu         ] GC(1736) User=4.10s Sys=0.12s Real=0.89s
..[6143.784s][info][gc,start       ] GC(1737) Pause Young (Allocation Failure)
[6143.854s][info][gc,heap        ] GC(1737) PSYoungGen: 2473472K(2633216K)->155200K(2631168K) Eden: 2473472K(2473472K)->0K(2471424K) From: 0K(159744K)->155200K(159744K)
[6143.854s][info][gc,heap        ] GC(1737) ParOldGen: 1430339K(1703936K)->1430339K(1703936K)
[6143.854s][info][gc,metaspace   ] GC(1737) Metaspace: 29101K(29504K)->29101K(29504K) NonClass: 24209K(24384K)->24209K(24384K) Class: 4892K(5120K)->4892K(5120K)
[6143.854s][info][gc             ] GC(1737) Pause Young (Allocation Failure) 3812M->1548M(4233M) 70.111ms
[6143.854s][info][gc,cpu         ] GC(1737) User=0.41s Sys=0.01s Real=0.07s
..[6145.539s][info][gc,start       ] GC(1738) Pause Young (Allocation Failure)
[6145.636s][info][gc,heap        ] GC(1738) PSYoungGen: 2626624K(2631168K)->142276K(2633728K) Eden: 2471424K(2471424K)->0K(2471424K) From: 155200K(159744K)->142276K(162304K)
[6145.636s][info][gc,heap        ] GC(1738) ParOldGen: 1430339K(1703936K)->1529795K(1703936K)
[6145.636s][info][gc,metaspace   ] GC(1738) Metaspace: 29101K(29504K)->29101K(29504K) NonClass: 24209K(24384K)->24209K(24384K) Class: 4892K(5120K)->4892K(5120K)
[6145.636s][info][gc             ] GC(1738) Pause Young (Allocation Failure) 3961M->1632M(4236M) 97.884ms
[6145.636s][info][gc,cpu         ] GC(1738) User=0.58s Sys=0.00s Real=0.09s
..[6147.530s][info][gc,start       ] GC(1739) Pause Young (Allocation Failure)
[6147.624s][info][gc,heap        ] GC(1739) PSYoungGen: 2613700K(2633728K)->147188K(2630656K) Eden: 2471424K(2471424K)->0K(2472448K) From: 142276K(162304K)->147188K(158208K)
[6147.624s][info][gc,heap        ] GC(1739) ParOldGen: 1529795K(1703936K)->1619875K(1703936K)
[6147.624s][info][gc,metaspace   ] GC(1739) Metaspace: 29101K(29504K)->29101K(29504K) NonClass: 24209K(24384K)->24209K(24384K) Class: 4892K(5120K)->4892K(5120K)
[6147.624s][info][gc             ] GC(1739) Pause Young (Allocation Failure) 4046M->1725M(4233M) 94.366ms
[6147.625s][info][gc,cpu         ] GC(1739) User=0.56s Sys=0.00s Real=0.09s
..[6149.529s][info][gc,start       ] GC(1740) Pause Young (Allocation Failure)
[6149.626s][info][gc,heap        ] GC(1740) PSYoungGen: 2619636K(2630656K)->151808K(2632704K) Eden: 2472448K(2472448K)->0K(2472448K) From: 147188K(158208K)->151808K(160256K)
[6149.626s][info][gc,heap        ] GC(1740) ParOldGen: 1619875K(1703936K)->1710811K(1711104K)
[6149.626s][info][gc,metaspace   ] GC(1740) Metaspace: 29101K(29504K)->29101K(29504K) NonClass: 24209K(24384K)->24209K(24384K) Class: 4892K(5120K)->4892K(5120K)
[6149.626s][info][gc             ] GC(1740) Pause Young (Allocation Failure) 4140M->1818M(4242M) 97.030ms
[6149.626s][info][gc,cpu         ] GC(1740) User=0.58s Sys=0.00s Real=0.09s
..[6151.596s][info][gc,start       ] GC(1741) Pause Young (Allocation Failure)
[6151.693s][info][gc,heap        ] GC(1741) PSYoungGen: 2624256K(2632704K)->143360K(2634752K) Eden: 2472448K(2472448K)->0K(2474496K) From: 151808K(160256K)->143360K(160256K)
[6151.693s][info][gc,heap        ] GC(1741) ParOldGen: 1710811K(1711104K)->1801387K(1801728K)
[6151.693s][info][gc,metaspace   ] GC(1741) Metaspace: 29101K(29504K)->29101K(29504K) NonClass: 24209K(24384K)->24209K(24384K) Class: 4892K(5120K)->4892K(5120K)
[6151.693s][info][gc             ] GC(1741) Pause Young (Allocation Failure) 4233M->1899M(4332M) 97.531ms
[6151.693s][info][gc,cpu         ] GC(1741) User=0.54s Sys=0.04s Real=0.10s
..[6153.615s][info][gc,start       ] GC(1742) Pause Young (Allocation Failure)
[6153.712s][info][gc,heap        ] GC(1742) PSYoungGen: 2617856K(2634752K)->138048K(2634752K) Eden: 2474496K(2474496K)->0K(2474496K) From: 143360K(160256K)->138048K(160256K)
[6153.712s][info][gc,heap        ] GC(1742) ParOldGen: 1801387K(1801728K)->1894699K(1894912K)
[6153.712s][info][gc,metaspace   ] GC(1742) Metaspace: 29101K(29504K)->29101K(29504K) NonClass: 24209K(24384K)->24209K(24384K) Class: 4892K(5120K)->4892K(5120K)
[6153.712s][info][gc             ] GC(1742) Pause Young (Allocation Failure) 4315M->1985M(4423M) 96.563ms
[6153.712s][info][gc,cpu         ] GC(1742) User=0.54s Sys=0.04s Real=0.10s
..[6155.657s][info][gc,start       ] GC(1743) Pause Young (Allocation Failure)
[6155.751s][info][gc,heap        ] GC(1743) PSYoungGen: 2612544K(2634752K)->139040K(2634752K) Eden: 2474496K(2474496K)->0K(2475520K) From: 138048K(160256K)->139040K(159232K)
[6155.752s][info][gc,heap        ] GC(1743) ParOldGen: 1894699K(1894912K)->1985027K(1985536K)
[6155.752s][info][gc,metaspace   ] GC(1743) Metaspace: 29101K(29504K)->29101K(29504K) NonClass: 24209K(24384K)->24209K(24384K) Class: 4892K(5120K)->4892K(5120K)
[6155.752s][info][gc             ] GC(1743) Pause Young (Allocation Failure) 4401M->2074M(4512M) 95.017ms
[6155.752s][info][gc,cpu         ] GC(1743) User=0.55s Sys=0.02s Real=0.10s
..[6157.664s][info][gc,start       ] GC(1744) Pause Young (Allocation Failure)
[6157.768s][info][gc,heap        ] GC(1744) PSYoungGen: 2614560K(2634752K)->151520K(2635264K) Eden: 2475520K(2475520K)->0K(2475520K) From: 139040K(159232K)->151520K(159744K)
[6157.768s][info][gc,heap        ] GC(1744) ParOldGen: 1985027K(1985536K)->2075051K(2075136K)
[6157.768s][info][gc,metaspace   ] GC(1744) Metaspace: 29101K(29504K)->29101K(29504K) NonClass: 24209K(24384K)->24209K(24384K) Class: 4892K(5120K)->4892K(5120K)
[6157.768s][info][gc             ] GC(1744) Pause Young (Allocation Failure) 4491M->2174M(4600M) 104.182ms
[6157.768s][info][gc,cpu         ] GC(1744) User=0.60s Sys=0.03s Real=0.11s
..[6159.711s][info][gc,start       ] GC(1745) Pause Young (Allocation Failure)
[6159.809s][info][gc,heap        ] GC(1745) PSYoungGen: 2627040K(2635264K)->146016K(2635264K) Eden: 2475520K(2475520K)->0K(2475520K) From: 151520K(159744K)->146016K(159744K)
[6159.809s][info][gc,heap        ] GC(1745) ParOldGen: 2075051K(2075136K)->2167403K(2167808K)
[6159.809s][info][gc,metaspace   ] GC(1745) Metaspace: 29101K(29504K)->29101K(29504K) NonClass: 24209K(24384K)->24209K(24384K) Class: 4892K(5120K)->4892K(5120K)
[6159.809s][info][gc             ] GC(1745) Pause Young (Allocation Failure) 4591M->2259M(4690M) 98.475ms
[6159.809s][info][gc,cpu         ] GC(1745) User=0.56s Sys=0.03s Real=0.10s
..[6161.772s][info][gc,start       ] GC(1746) Pause Young (Allocation Failure)
[6161.874s][info][gc,heap        ] GC(1746) PSYoungGen: 2621536K(2635264K)->146744K(2635264K) Eden: 2475520K(2475520K)->0K(2475520K) From: 146016K(159744K)->146744K(159744K)
[6161.874s][info][gc,heap        ] GC(1746) ParOldGen: 2167403K(2167808K)->2259963K(2259968K)
[6161.874s][info][gc,metaspace   ] GC(1746) Metaspace: 29101K(29504K)->29101K(29504K) NonClass: 24209K(24384K)->24209K(24384K) Class: 4892K(5120K)->4892K(5120K)
[6161.874s][info][gc             ] GC(1746) Pause Young (Allocation Failure) 4676M->2350M(4780M) 102.343ms
[6161.874s][info][gc,cpu         ] GC(1746) User=0.58s Sys=0.03s Real=0.10s
..[6163.878s][info][gc,start       ] GC(1747) Pause Young (Allocation Failure)
[6163.976s][info][gc,heap        ] GC(1747) PSYoungGen: 2622264K(2635264K)->142112K(2635776K) Eden: 2475520K(2475520K)->0K(2477056K) From: 146744K(159744K)->142112K(158720K)
[6163.976s][info][gc,heap        ] GC(1747) ParOldGen: 2259963K(2259968K)->2352723K(2353152K)
[6163.976s][info][gc,metaspace   ] GC(1747) Metaspace: 29101K(29504K)->29101K(29504K) NonClass: 24209K(24384K)->24209K(24384K) Class: 4892K(5120K)->4892K(5120K)
[6163.976s][info][gc             ] GC(1747) Pause Young (Allocation Failure) 4767M->2436M(4872M) 97.173ms
[6163.976s][info][gc,cpu         ] GC(1747) User=0.55s Sys=0.02s Real=0.09s
. (rIR:aIR:PR = 9963:9942:9941) (tPR = 147930) [OK] 
  6164s: Performance info:
         Transaction,    Success,    Partial,     Failed,   Receipts, AvgBarcode, 
             Overall,     603620,          0,          0,     573269,      59.48, 
         Response times:
             Request,    Success,    Partial,     Failed,   SkipFail,     Probes,    Samples,      min,      p50,      p90,      p95,      p99,      max, 
       TotalPurchase,     573325,          0,          0,          0,     349373,     446039,      300,     6500,    54000,   112000,   236000,  1100000,
     InStorePurchase,     300877,          0,          0,          0,     183414,     233818,      300,     6500,    55000,   115050,   233000,   970000,
      OnlinePurchase,     212411,          0,          0,          0,     128537,     164430,      300,     6600,    54000,   109000,   231690,  1100000,
        InstPurchase,      60037,          0,          0,          0,      37422,      47791,      300,     6400,    51000,   117000,   245000,   970000,
          AssocOfCat,        604,          0,          0,          0,        484,        726,    22000,    42000,   106000,   157950,   281660,   367000,
      AssocOfProduct,       6101,          0,          0,          0,       4436,       5733,     1000,     6900,    58000,   126000,   237660,   900000,
      BusinessReport,       1518,          0,          0,          0,       1337,       1845,    27000,    52000,   132000,   187800,   321000,  1100000,
          CustBuyBeh,       6022,          0,          0,          0,       4518,       5888,      100,     5800,    52000,   114550,   246110,   910000,
       ProductReturn,      16104,          0,          0,          0,       9290,      11814,      200,     7100,    56000,   117250,   244000,   429000,

  6164s: (73%)   IR =  10101 .[6165.905s][info][gc,start       ] GC(1748) Pause Young (Allocation Failure)
[6166.005s][info][gc,heap        ] GC(1748) PSYoungGen: 2619168K(2635776K)->148479K(2635264K) Eden: 2477056K(2477056K)->0K(2477056K) From: 142112K(158720K)->148479K(158208K)
[6166.005s][info][gc,heap        ] GC(1748) ParOldGen: 2352723K(2353152K)->2443747K(2443776K)
[6166.005s][info][gc,metaspace   ] GC(1748) Metaspace: 29101K(29504K)->29101K(29504K) NonClass: 24209K(24384K)->24209K(24384K) Class: 4892K(5120K)->4892K(5120K)
[6166.005s][info][gc             ] GC(1748) Pause Young (Allocation Failure) 4855M->2531M(4960M) 100.430ms
[6166.005s][info][gc,cpu         ] GC(1748) User=0.57s Sys=0.02s Real=0.10s
..[6167.963s][info][gc,start       ] GC(1749) Pause Young (Allocation Failure)
[6168.067s][info][gc,heap        ] GC(1749) PSYoungGen: 2625535K(2635264K)->151648K(2635776K) Eden: 2477056K(2477056K)->0K(2477568K) From: 148479K(158208K)->151648K(158208K)
[6168.067s][info][gc,heap        ] GC(1749) ParOldGen: 2443747K(2443776K)->2534379K(2534400K)
[6168.067s][info][gc,metaspace   ] GC(1749) Metaspace: 29101K(29504K)->29101K(29504K) NonClass: 24209K(24384K)->24209K(24384K) Class: 4892K(5120K)->4892K(5120K)
[6168.067s][info][gc             ] GC(1749) Pause Young (Allocation Failure) 4950M->2623M(5049M) 103.744ms
[6168.067s][info][gc,cpu         ] GC(1749) User=0.58s Sys=0.03s Real=0.10s
..[6169.915s][info][gc,start       ] GC(1750) Pause Young (Allocation Failure)
[6170.023s][info][gc,heap        ] GC(1750) PSYoungGen: 2629216K(2635776K)->159200K(2636800K) Eden: 2477568K(2477568K)->0K(2477568K) From: 151648K(158208K)->159200K(159232K)
[6170.023s][info][gc,heap        ] GC(1750) ParOldGen: 2534379K(2534400K)->2625651K(2626048K)
[6170.023s][info][gc,metaspace   ] GC(1750) Metaspace: 29101K(29504K)->29101K(29504K) NonClass: 24209K(24384K)->24209K(24384K) Class: 4892K(5120K)->4892K(5120K)
[6170.023s][info][gc             ] GC(1750) Pause Young (Allocation Failure) 5042M->2719M(5139M) 107.459ms
[6170.023s][info][gc,cpu         ] GC(1750) User=0.62s Sys=0.02s Real=0.11s
..|[6171.950s][info][gc,start       ] GC(1751) Pause Young (Allocation Failure)
[6172.053s][info][gc,heap        ] GC(1751) PSYoungGen: 2636768K(2636800K)->151512K(2568192K) Eden: 2477568K(2477568K)->0K(2408960K) From: 159200K(159232K)->151512K(159232K)
[6172.053s][info][gc,heap        ] GC(1751) ParOldGen: 2625651K(2626048K)->2718627K(2718720K)
[6172.053s][info][gc,metaspace   ] GC(1751) Metaspace: 29101K(29504K)->29101K(29504K) NonClass: 24209K(24384K)->24209K(24384K) Class: 4892K(5120K)->4892K(5120K)
[6172.053s][info][gc             ] GC(1751) Pause Young (Allocation Failure) 5139M->2802M(5163M) 102.592ms
[6172.053s][info][gc,cpu         ] GC(1751) User=0.59s Sys=0.02s Real=0.10s
..[6173.816s][info][gc,start       ] GC(1752) Pause Young (Allocation Failure)
[6173.913s][info][gc,heap        ] GC(1752) PSYoungGen: 2560472K(2568192K)->141664K(2602496K) Eden: 2408960K(2408960K)->0K(2408960K) From: 151512K(159232K)->141664K(193536K)
[6173.913s][info][gc,heap        ] GC(1752) ParOldGen: 2718627K(2718720K)->2808603K(2808832K)
[6173.913s][info][gc,metaspace   ] GC(1752) Metaspace: 29101K(29504K)->29101K(29504K) NonClass: 24209K(24384K)->24209K(24384K) Class: 4892K(5120K)->4892K(5120K)
[6173.913s][info][gc             ] GC(1752) Pause Young (Allocation Failure) 5155M->2881M(5284M) 96.410ms
[6173.913s][info][gc,cpu         ] GC(1752) User=0.54s Sys=0.03s Real=0.10s
..[6175.812s][info][gc,start       ] GC(1753) Pause Young (Allocation Failure)
[6175.912s][info][gc,heap        ] GC(1753) PSYoungGen: 2550624K(2602496K)->143120K(2597888K) Eden: 2408960K(2408960K)->0K(2410496K) From: 141664K(193536K)->143120K(187392K)
[6175.912s][info][gc,heap        ] GC(1753) ParOldGen: 2808603K(2808832K)->2902043K(2902528K)
[6175.912s][info][gc,metaspace   ] GC(1753) Metaspace: 29101K(29504K)->29101K(29504K) NonClass: 24209K(24384K)->24209K(24384K) Class: 4892K(5120K)->4892K(5120K)
[6175.912s][info][gc             ] GC(1753) Pause Young (Allocation Failure) 5233M->2973M(5371M) 100.600ms
[6175.912s][info][gc,cpu         ] GC(1753) User=0.56s Sys=0.04s Real=0.10s
..[6177.707s][info][gc,start       ] GC(1754) Pause Young (Allocation Failure)
[6177.804s][info][gc,heap        ] GC(1754) PSYoungGen: 2553616K(2597888K)->141344K(2600960K) Eden: 2410496K(2410496K)->0K(2410496K) From: 143120K(187392K)->141344K(190464K)
[6177.804s][info][gc,heap        ] GC(1754) ParOldGen: 2902043K(2902528K)->2991739K(2992128K)
[6177.804s][info][gc,metaspace   ] GC(1754) Metaspace: 29101K(29504K)->29101K(29504K) NonClass: 24209K(24384K)->24209K(24384K) Class: 4892K(5120K)->4892K(5120K)
[6177.804s][info][gc             ] GC(1754) Pause Young (Allocation Failure) 5327M->3059M(5462M) 96.668ms
[6177.804s][info][gc,cpu         ] GC(1754) User=0.55s Sys=0.03s Real=0.10s
..[6179.734s][info][gc,start       ] GC(1755) Pause Young (Allocation Failure)
[6179.833s][info][gc,heap        ] GC(1755) PSYoungGen: 2551840K(2600960K)->143988K(2600448K) Eden: 2410496K(2410496K)->0K(2417152K) From: 141344K(190464K)->143988K(183296K)
[6179.833s][info][gc,heap        ] GC(1755) ParOldGen: 2991739K(2992128K)->3082107K(3082240K)
[6179.833s][info][gc,metaspace   ] GC(1755) Metaspace: 29101K(29504K)->29101K(29504K) NonClass: 24209K(24384K)->24209K(24384K) Class: 4892K(5120K)->4892K(5120K)
[6179.833s][info][gc             ] GC(1755) Pause Young (Allocation Failure) 5413M->3150M(5549M) 99.707ms
[6179.833s][info][gc,cpu         ] GC(1755) User=0.56s Sys=0.03s Real=0.10s
.[6181.599s][info][gc,start       ] GC(1756) Pause Young (Allocation Failure)
[6181.698s][info][gc,heap        ] GC(1756) PSYoungGen: 2561140K(2600448K)->141584K(2603520K) Eden: 2417152K(2417152K)->0K(2417152K) From: 143988K(183296K)->141584K(186368K)
[6181.698s][info][gc,heap        ] GC(1756) ParOldGen: 3082107K(3082240K)->3173499K(3173888K)
[6181.698s][info][gc,metaspace   ] GC(1756) Metaspace: 29101K(29504K)->29101K(29504K) NonClass: 24209K(24384K)->24209K(24384K) Class: 4892K(5120K)->4892K(5120K)
[6181.698s][info][gc             ] GC(1756) Pause Young (Allocation Failure) 5510M->3237M(5642M) 98.341ms
[6181.698s][info][gc,cpu         ] GC(1756) User=0.56s Sys=0.03s Real=0.10s
..[6183.606s][info][gc,start       ] GC(1757) Pause Young (Allocation Failure)
[6183.701s][info][gc,heap        ] GC(1757) PSYoungGen: 2558736K(2603520K)->138368K(2606592K) Eden: 2417152K(2417152K)->0K(2425344K) From: 141584K(186368K)->138368K(181248K)
[6183.701s][info][gc,heap        ] GC(1757) ParOldGen: 3173499K(3173888K)->3263243K(3263488K)
[6183.701s][info][gc,metaspace   ] GC(1757) Metaspace: 29101K(29504K)->29101K(29504K) NonClass: 24209K(24384K)->24209K(24384K) Class: 4892K(5120K)->4892K(5120K)
[6183.701s][info][gc             ] GC(1757) Pause Young (Allocation Failure) 5597M->3321M(5732M) 94.729ms
[6183.701s][info][gc,cpu         ] GC(1757) User=0.54s Sys=0.03s Real=0.10s
..[6185.555s][info][gc,start       ] GC(1758) Pause Young (Allocation Failure)
[6185.652s][info][gc,heap        ] GC(1758) PSYoungGen: 2563712K(2606592K)->139392K(2608640K) Eden: 2425344K(2425344K)->0K(2425344K) From: 138368K(181248K)->139392K(183296K)
[6185.652s][info][gc,heap        ] GC(1758) ParOldGen: 3263243K(3263488K)->3354259K(3354624K)
[6185.652s][info][gc,metaspace   ] GC(1758) Metaspace: 29101K(29504K)->29101K(29504K) NonClass: 24209K(24384K)->24209K(24384K) Class: 4892K(5120K)->4892K(5120K)
[6185.652s][info][gc             ] GC(1758) Pause Young (Allocation Failure) 5690M->3411M(5823M) 97.234ms
[6185.652s][info][gc,cpu         ] GC(1758) User=0.55s Sys=0.02s Real=0.10s
..[6187.614s][info][gc,start       ] GC(1759) Pause Young (Allocation Failure)
[6187.711s][info][gc,heap        ] GC(1759) PSYoungGen: 2564736K(2608640K)->137696K(2609664K) Eden: 2425344K(2425344K)->0K(2431488K) From: 139392K(183296K)->137696K(178176K)
[6187.711s][info][gc,heap        ] GC(1759) ParOldGen: 3354259K(3354624K)->3445003K(3445248K)
[6187.711s][info][gc,metaspace   ] GC(1759) Metaspace: 29101K(29504K)->29101K(29504K) NonClass: 24209K(24384K)->24209K(24384K) Class: 4892K(5120K)->4892K(5120K)
[6187.711s][info][gc             ] GC(1759) Pause Young (Allocation Failure) 5780M->3498M(5913M) 97.226ms
[6187.711s][info][gc,cpu         ] GC(1759) User=0.55s Sys=0.02s Real=0.10s
..[6189.566s][info][gc,start       ] GC(1760) Pause Young (Allocation Failure)
[6189.663s][info][gc,heap        ] GC(1760) PSYoungGen: 2569184K(2609664K)->139018K(2611200K) Eden: 2431488K(2431488K)->0K(2431488K) From: 137696K(178176K)->139018K(179712K)
[6189.663s][info][gc,heap        ] GC(1760) ParOldGen: 3445003K(3445248K)->3536803K(3536896K)
[6189.663s][info][gc,metaspace   ] GC(1760) Metaspace: 29101K(29504K)->29101K(29504K) NonClass: 24209K(24384K)->24209K(24384K) Class: 4892K(5120K)->4892K(5120K)
[6189.663s][info][gc             ] GC(1760) Pause Young (Allocation Failure) 5873M->3589M(6004M) 97.090ms
[6189.663s][info][gc,cpu         ] GC(1760) User=0.54s Sys=0.03s Real=0.10s
..[6191.531s][info][gc,start       ] GC(1761) Pause Young (Allocation Failure)
[6191.630s][info][gc,heap        ] GC(1761) PSYoungGen: 2570506K(2611200K)->145780K(2610176K) Eden: 2431488K(2431488K)->0K(2438144K) From: 139018K(179712K)->145780K(172032K)
[6191.630s][info][gc,heap        ] GC(1761) ParOldGen: 3536803K(3536896K)->3625179K(3625472K)
[6191.630s][info][gc,metaspace   ] GC(1761) Metaspace: 29101K(29504K)->29101K(29504K) NonClass: 24209K(24384K)->24209K(24384K) Class: 4892K(5120K)->4892K(5120K)
[6191.630s][info][gc             ] GC(1761) Pause Young (Allocation Failure) 5964M->3682M(6089M) 99.284ms
[6191.630s][info][gc,cpu         ] GC(1761) User=0.56s Sys=0.02s Real=0.10s
..[6193.567s][info][gc,start       ] GC(1762) Pause Young (Allocation Failure)
[6193.664s][info][gc,heap        ] GC(1762) PSYoungGen: 2583924K(2610176K)->138592K(2613248K) Eden: 2438144K(2438144K)->0K(2438144K) From: 145780K(172032K)->138592K(175104K)
[6193.664s][info][gc,heap        ] GC(1762) ParOldGen: 3625179K(3625472K)->3716635K(3717120K)
[6193.664s][info][gc,metaspace   ] GC(1762) Metaspace: 29101K(29504K)->29101K(29504K) NonClass: 24209K(24384K)->24209K(24384K) Class: 4892K(5120K)->4892K(5120K)
[6193.664s][info][gc             ] GC(1762) Pause Young (Allocation Failure) 6063M->3764M(6182M) 96.922ms
[6193.664s][info][gc,cpu         ] GC(1762) User=0.55s Sys=0.02s Real=0.10s
..[6195.561s][info][gc,start       ] GC(1763) Pause Young (Allocation Failure)
[6195.670s][info][gc,heap        ] GC(1763) PSYoungGen: 2576736K(2613248K)->157839K(2619392K) Eden: 2438144K(2438144K)->0K(2445824K) From: 138592K(175104K)->157839K(173568K)
[6195.670s][info][gc,heap        ] GC(1763) ParOldGen: 3716635K(3717120K)->3807499K(3807744K)
[6195.670s][info][gc,metaspace   ] GC(1763) Metaspace: 29101K(29504K)->29101K(29504K) NonClass: 24209K(24384K)->24209K(24384K) Class: 4892K(5120K)->4892K(5120K)
[6195.670s][info][gc             ] GC(1763) Pause Young (Allocation Failure) 6145M->3872M(6276M) 109.203ms
[6195.670s][info][gc,cpu         ] GC(1763) User=0.62s Sys=0.03s Real=0.11s
..[6197.533s][info][gc,start       ] GC(1764) Pause Young (Allocation Failure)
[6197.628s][info][gc,heap        ] GC(1764) PSYoungGen: 2603663K(2619392K)->136896K(2620928K) Eden: 2445824K(2445824K)->0K(2445824K) From: 157839K(173568K)->136896K(175104K)
[6197.628s][info][gc,heap        ] GC(1764) ParOldGen: 3807499K(3807744K)->3899547K(3899904K)
[6197.628s][info][gc,metaspace   ] GC(1764) Metaspace: 29101K(29504K)->29101K(29504K) NonClass: 24209K(24384K)->24209K(24384K) Class: 4892K(5120K)->4892K(5120K)
[6197.628s][info][gc             ] GC(1764) Pause Young (Allocation Failure) 6260M->3941M(6368M) 95.291ms
[6197.628s][info][gc,cpu         ] GC(1764) User=0.54s Sys=0.03s Real=0.10s
..[6199.459s][info][gc,start       ] GC(1765) Pause Young (Allocation Failure)
[6199.556s][info][gc,heap        ] GC(1765) PSYoungGen: 2582720K(2620928K)->138130K(2617344K) Eden: 2445824K(2445824K)->0K(2446848K) From: 136896K(175104K)->138130K(170496K)
[6199.556s][info][gc,heap        ] GC(1765) ParOldGen: 3899547K(3899904K)->3990107K(3990528K)
[6199.556s][info][gc,metaspace   ] GC(1765) Metaspace: 29101K(29504K)->29101K(29504K) NonClass: 24209K(24384K)->24209K(24384K) Class: 4892K(5120K)->4892K(5120K)
[6199.556s][info][gc             ] GC(1765) Pause Young (Allocation Failure) 6330M->4031M(6453M) 97.547ms
[6199.556s][info][gc,cpu         ] GC(1765) User=0.55s Sys=0.04s Real=0.09s
..[6201.373s][info][gc,start       ] GC(1766) Pause Young (Allocation Failure)
[6201.474s][info][gc,heap        ] GC(1766) PSYoungGen: 2584978K(2617344K)->143920K(2619392K) Eden: 2446848K(2446848K)->0K(2446848K) From: 138130K(170496K)->143920K(172544K)
[6201.474s][info][gc,heap        ] GC(1766) ParOldGen: 3990107K(3990528K)->4079139K(4079616K)
[6201.474s][info][gc,metaspace   ] GC(1766) Metaspace: 29101K(29504K)->29101K(29504K) NonClass: 24209K(24384K)->24209K(24384K) Class: 4892K(5120K)->4892K(5120K)
[6201.474s][info][gc             ] GC(1766) Pause Young (Allocation Failure) 6420M->4124M(6542M) 100.808ms
[6201.474s][info][gc,cpu         ] GC(1766) User=0.57s Sys=0.02s Real=0.10s
..[6203.332s][info][gc,start       ] GC(1767) Pause Young (Allocation Failure)
[6203.428s][info][gc,heap        ] GC(1767) PSYoungGen: 2590768K(2619392K)->133440K(2622976K) Eden: 2446848K(2446848K)->0K(2453504K) From: 143920K(172544K)->133440K(169472K)
[6203.428s][info][gc,heap        ] GC(1767) ParOldGen: 4079139K(4079616K)->4173363K(4173824K)
[6203.428s][info][gc,metaspace   ] GC(1767) Metaspace: 29101K(29504K)->29101K(29504K) NonClass: 24209K(24384K)->24209K(24384K) Class: 4892K(5120K)->4892K(5120K)
[6203.428s][info][gc             ] GC(1767) Pause Young (Allocation Failure) 6513M->4205M(6637M) 95.662ms
[6203.428s][info][gc,cpu         ] GC(1767) User=0.54s Sys=0.03s Real=0.10s
..[6205.303s][info][gc,start       ] GC(1768) Pause Young (Allocation Failure)
[6205.400s][info][gc,heap        ] GC(1768) PSYoungGen: 2586944K(2622976K)->138048K(2622976K) Eden: 2453504K(2453504K)->0K(2453504K) From: 133440K(169472K)->138048K(169472K)
[6205.400s][info][gc,heap        ] GC(1768) ParOldGen: 4173363K(4173824K)->4261787K(4261888K)
[6205.400s][info][gc,metaspace   ] GC(1768) Metaspace: 29101K(29504K)->29101K(29504K) NonClass: 24209K(24384K)->24209K(24384K) Class: 4892K(5120K)->4892K(5120K)
[6205.400s][info][gc             ] GC(1768) Pause Young (Allocation Failure) 6601M->4296M(6723M) 97.244ms
[6205.400s][info][gc,cpu         ] GC(1768) User=0.55s Sys=0.02s Real=0.10s
..[6207.304s][info][gc,start       ] GC(1769) Pause Young (Allocation Failure)
[6207.403s][info][gc,heap        ] GC(1769) PSYoungGen: 2591552K(2622976K)->138784K(2625024K) Eden: 2453504K(2453504K)->0K(2458624K) From: 138048K(169472K)->138784K(166400K)
[6207.403s][info][gc,heap        ] GC(1769) ParOldGen: 4261787K(4261888K)->4355587K(4356096K)
[6207.403s][info][gc,metaspace   ] GC(1769) Metaspace: 29101K(29504K)->29101K(29504K) NonClass: 24209K(24384K)->24209K(24384K) Class: 4892K(5120K)->4892K(5120K)
[6207.403s][info][gc             ] GC(1769) Pause Young (Allocation Failure) 6692M->4389M(6817M) 99.091ms
[6207.403s][info][gc,cpu         ] GC(1769) User=0.56s Sys=0.03s Real=0.10s
..[6209.280s][info][gc,start       ] GC(1770) Pause Young (Allocation Failure)
[6209.384s][info][gc,heap        ] GC(1770) PSYoungGen: 2597408K(2625024K)->150474K(2625024K) Eden: 2458624K(2458624K)->0K(2458624K) From: 138784K(166400K)->150474K(166400K)
[6209.384s][info][gc,heap        ] GC(1770) ParOldGen: 4355587K(4356096K)->4445947K(4446208K)
[6209.384s][info][gc,metaspace   ] GC(1770) Metaspace: 29101K(29504K)->29101K(29504K) NonClass: 24209K(24384K)->24209K(24384K) Class: 4892K(5120K)->4892K(5120K)
[6209.384s][info][gc             ] GC(1770) Pause Young (Allocation Failure) 6790M->4488M(6905M) 104.113ms
[6209.384s][info][gc,cpu         ] GC(1770) User=0.58s Sys=0.03s Real=0.10s
..[6211.296s][info][gc,start       ] GC(1771) Pause Young (Allocation Failure)
[6211.402s][info][gc,heap        ] GC(1771) PSYoungGen: 2609098K(2625024K)->149961K(2629120K) Eden: 2458624K(2458624K)->0K(2462208K) From: 150474K(166400K)->149961K(166912K)
[6211.402s][info][gc,heap        ] GC(1771) ParOldGen: 4445947K(4446208K)->4538019K(4538368K)
[6211.402s][info][gc,metaspace   ] GC(1771) Metaspace: 29101K(29504K)->29101K(29504K) NonClass: 24209K(24384K)->24209K(24384K) Class: 4892K(5120K)->4892K(5120K)
[6211.402s][info][gc             ] GC(1771) Pause Young (Allocation Failure) 6889M->4578M(6999M) 105.625ms
[6211.402s][info][gc,cpu         ] GC(1771) User=0.60s Sys=0.02s Real=0.11s
..[6213.159s][info][gc,start       ] GC(1772) Pause Young (Allocation Failure)
[6213.265s][info][gc,heap        ] GC(1772) PSYoungGen: 2612169K(2629120K)->158980K(2621440K) Eden: 2462208K(2462208K)->0K(2462208K) From: 149961K(166912K)->158980K(159232K)
[6213.265s][info][gc,heap        ] GC(1772) ParOldGen: 4538019K(4538368K)->4628643K(4628992K)
[6213.265s][info][gc,metaspace   ] GC(1772) Metaspace: 29101K(29504K)->29101K(29504K) NonClass: 24209K(24384K)->24209K(24384K) Class: 4892K(5120K)->4892K(5120K)
[6213.265s][info][gc             ] GC(1772) Pause Young (Allocation Failure) 6982M->4675M(7080M) 106.263ms
[6213.265s][info][gc,cpu         ] GC(1772) User=0.60s Sys=0.03s Real=0.10s
..[6215.218s][info][gc,start       ] GC(1773) Pause Young (Allocation Failure)
[6215.320s][info][gc,heap        ] GC(1773) PSYoungGen: 2621188K(2621440K)->141850K(2627584K) Eden: 2462208K(2462208K)->0K(2457600K) From: 158980K(159232K)->141850K(169984K)
[6215.320s][info][gc,heap        ] GC(1773) ParOldGen: 4628643K(4628992K)->4721075K(4721152K)
[6215.320s][info][gc,metaspace   ] GC(1773) Metaspace: 29101K(29504K)->29101K(29504K) NonClass: 24209K(24384K)->24209K(24384K) Class: 4892K(5120K)->4892K(5120K)
[6215.320s][info][gc             ] GC(1773) Pause Young (Allocation Failure) 7079M->4748M(7176M) 101.882ms
[6215.320s][info][gc,cpu         ] GC(1773) User=0.58s Sys=0.02s Real=0.10s
..[6217.217s][info][gc,start       ] GC(1774) Pause Young (Allocation Failure)
[6217.325s][info][gc,heap        ] GC(1774) PSYoungGen: 2599450K(2627584K)->159072K(2616832K) Eden: 2457600K(2457600K)->0K(2457600K) From: 141850K(169984K)->159072K(159232K)
[6217.325s][info][gc,heap        ] GC(1774) ParOldGen: 4721075K(4721152K)->4809963K(4810240K)
[6217.325s][info][gc,metaspace   ] GC(1774) Metaspace: 29101K(29504K)->29101K(29504K) NonClass: 24209K(24384K)->24209K(24384K) Class: 4892K(5120K)->4892K(5120K)
[6217.325s][info][gc             ] GC(1774) Pause Young (Allocation Failure) 7148M->4852M(7253M) 107.660ms
[6217.325s][info][gc,cpu         ] GC(1774) User=0.61s Sys=0.03s Real=0.11s
..[6219.188s][info][gc,start       ] GC(1775) Pause Young (Allocation Failure)
[6219.288s][info][gc,heap        ] GC(1775) PSYoungGen: 2616672K(2616832K)->146432K(2627072K) Eden: 2457600K(2457600K)->0K(2456064K) From: 159072K(159232K)->146432K(171008K)
[6219.288s][info][gc,heap        ] GC(1775) ParOldGen: 4809963K(4810240K)->4902331K(4902400K)
[6219.288s][info][gc,metaspace   ] GC(1775) Metaspace: 29101K(29504K)->29101K(29504K) NonClass: 24209K(24384K)->24209K(24384K) Class: 4892K(5120K)->4892K(5120K)
[6219.288s][info][gc             ] GC(1775) Pause Young (Allocation Failure) 7252M->4930M(7353M) 100.358ms
[6219.288s][info][gc,cpu         ] GC(1775) User=0.57s Sys=0.02s Real=0.10s
..[6221.182s][info][gc,start       ] GC(1776) Pause Young (Allocation Failure)
[6221.287s][info][gc,heap        ] GC(1776) PSYoungGen: 2602496K(2627072K)->153061K(2625024K) Eden: 2456064K(2456064K)->0K(2456064K) From: 146432K(171008K)->153061K(168960K)
[6221.287s][info][gc,heap        ] GC(1776) ParOldGen: 4902331K(4902400K)->4995395K(4995584K)
[6221.287s][info][gc,metaspace   ] GC(1776) Metaspace: 29101K(29504K)->29101K(29504K) NonClass: 24209K(24384K)->24209K(24384K) Class: 4892K(5120K)->4892K(5120K)
[6221.287s][info][gc             ] GC(1776) Pause Young (Allocation Failure) 7328M->5027M(7442M) 105.047ms
[6221.287s][info][gc,cpu         ] GC(1776) User=0.59s Sys=0.03s Real=0.10s
..[6223.216s][info][gc,start       ] GC(1777) Pause Young (Allocation Failure)
[6223.314s][info][gc,heap        ] GC(1777) PSYoungGen: 2609125K(2625024K)->135328K(2625024K) Eden: 2456064K(2456064K)->0K(2456064K) From: 153061K(168960K)->135328K(168960K)
[6223.314s][info][gc,heap        ] GC(1777) ParOldGen: 4995395K(4995584K)->5085963K(5086208K)
[6223.314s][info][gc,metaspace   ] GC(1777) Metaspace: 29101K(29504K)->29101K(29504K) NonClass: 24209K(24384K)->24209K(24384K) Class: 4892K(5120K)->4892K(5120K)
[6223.314s][info][gc             ] GC(1777) Pause Young (Allocation Failure) 7426M->5098M(7530M) 97.987ms
[6223.314s][info][gc,cpu         ] GC(1777) User=0.55s Sys=0.02s Real=0.10s
..[6225.123s][info][gc,start       ] GC(1778) Pause Young (Allocation Failure)
[6225.228s][info][gc,heap        ] GC(1778) PSYoungGen: 2591392K(2625024K)->146624K(2625024K) Eden: 2456064K(2456064K)->0K(2456064K) From: 135328K(168960K)->146624K(168960K)
[6225.228s][info][gc,heap        ] GC(1778) ParOldGen: 5085963K(5086208K)->5178715K(5178880K)
[6225.228s][info][gc,metaspace   ] GC(1778) Metaspace: 29101K(29504K)->29101K(29504K) NonClass: 24209K(24384K)->24209K(24384K) Class: 4892K(5120K)->4892K(5120K)
[6225.228s][info][gc             ] GC(1778) Pause Young (Allocation Failure) 7497M->5200M(7621M) 104.592ms
[6225.228s][info][gc,cpu         ] GC(1778) User=0.58s Sys=0.03s Real=0.11s
..[6227.049s][info][gc,start       ] GC(1779) Pause Young (Allocation Failure)
[6227.157s][info][gc,heap        ] GC(1779) PSYoungGen: 2602688K(2625024K)->157866K(2622976K) Eden: 2456064K(2456064K)->0K(2456064K) From: 146624K(168960K)->157866K(166912K)
[6227.157s][info][gc,heap        ] GC(1779) ParOldGen: 5178715K(5178880K)->5267859K(5267968K)
[6227.157s][info][gc,metaspace   ] GC(1779) Metaspace: 29101K(29504K)->29101K(29504K) NonClass: 24209K(24384K)->24209K(24384K) Class: 4892K(5120K)->4892K(5120K)
[6227.157s][info][gc             ] GC(1779) Pause Young (Allocation Failure) 7599M->5298M(7706M) 107.786ms
[6227.157s][info][gc,cpu         ] GC(1779) User=0.62s Sys=0.03s Real=0.10s
..[6229.062s][info][gc,start       ] GC(1780) Pause Young (Allocation Failure)
[6229.165s][info][gc,heap        ] GC(1780) PSYoungGen: 2613930K(2622976K)->151813K(2625024K) Eden: 2456064K(2456064K)->0K(2456064K) From: 157866K(166912K)->151813K(168960K)
[6229.165s][info][gc,heap        ] GC(1780) ParOldGen: 5267859K(5267968K)->5358627K(5359104K)
[6229.165s][info][gc,metaspace   ] GC(1780) Metaspace: 29101K(29504K)->29101K(29504K) NonClass: 24209K(24384K)->24209K(24384K) Class: 4892K(5120K)->4892K(5120K)
[6229.165s][info][gc             ] GC(1780) Pause Young (Allocation Failure) 7697M->5381M(7797M) 103.722ms
[6229.165s][info][gc,cpu         ] GC(1780) User=0.60s Sys=0.02s Real=0.10s
..[6231.051s][info][gc,start       ] GC(1781) Pause Young (Allocation Failure)
[6231.158s][info][gc,heap        ] GC(1781) PSYoungGen: 2607877K(2625024K)->151525K(2625536K) Eden: 2456064K(2456064K)->0K(2458624K) From: 151813K(168960K)->151525K(166912K)
[6231.158s][info][gc,heap        ] GC(1781) ParOldGen: 5358627K(5359104K)->5451811K(5452288K)
[6231.158s][info][gc,metaspace   ] GC(1781) Metaspace: 29101K(29504K)->29101K(29504K) NonClass: 24209K(24384K)->24209K(24384K) Class: 4892K(5120K)->4892K(5120K)
[6231.158s][info][gc             ] GC(1781) Pause Young (Allocation Failure) 7779M->5472M(7888M) 107.712ms
[6231.158s][info][gc,cpu         ] GC(1781) User=0.61s Sys=0.02s Real=0.11s
. (rIR:aIR:PR = 10101:10105:10105) (tPR = 149711) [OK] 
  6231s: Performance info:
         Transaction,    Success,    Partial,     Failed,   Receipts, AvgBarcode, 
             Overall,     609621,          0,          0,     578915,      59.48, 
         Response times:
             Request,    Success,    Partial,     Failed,   SkipFail,     Probes,    Samples,      min,      p50,      p90,      p95,      p99,      max, 
       TotalPurchase,     578904,          0,          0,          0,     357347,     406191,      200,     6400,    48000,    80000,   134000,   230000,
     InStorePurchase,     304822,          0,          0,          0,     188015,     213230,      300,     6300,    48000,    80000,   134000,   229000,
      OnlinePurchase,     212661,          0,          0,          0,     131301,     149756,      200,     6500,    48000,    81000,   135000,   229000,
        InstPurchase,      61421,          0,          0,          0,      38031,      43205,      300,     6400,    47000,    80000,   134000,   230000,
          AssocOfCat,        605,          0,          0,          0,        520,        676,    24000,    43000,   106000,   144000,   189070,   205000,
      AssocOfProduct,       6076,          0,          0,          0,       3402,       4025,      500,     6900,    50000,    81000,   144740,   206000,
      BusinessReport,       1518,          0,          0,          0,       1363,       1661,    28000,    52000,   111000,   147000,   198140,   252000,
          CustBuyBeh,       6238,          0,          0,          0,       3456,       4097,      300,     7100,    52000,    82000,   144020,   252000,
       ProductReturn,      16270,          0,          0,          0,       9637,      11225,      200,     7000,    50000,    85000,   137000,   208000,

  6231s: (74%)   IR =  10239 .[6233.128s][info][gc,start       ] GC(1782) Pause Young (Allocation Failure)
[6233.237s][info][gc,heap        ] GC(1782) PSYoungGen: 2610149K(2625536K)->160491K(2619392K) Eden: 2458624K(2458624K)->0K(2458624K) From: 151525K(166912K)->160491K(160768K)
[6233.237s][info][gc,heap        ] GC(1782) ParOldGen: 5451811K(5452288K)->5543219K(5543424K)
[6233.237s][info][gc,metaspace   ] GC(1782) Metaspace: 29101K(29504K)->29101K(29504K) NonClass: 24209K(24384K)->24209K(24384K) Class: 4892K(5120K)->4892K(5120K)
[6233.237s][info][gc             ] GC(1782) Pause Young (Allocation Failure) 7873M->5570M(7971M) 109.434ms
[6233.237s][info][gc,cpu         ] GC(1782) User=0.62s Sys=0.03s Real=0.11s
..[6235.106s][info][gc,start       ] GC(1783) Pause Full (Allocation Failure)
[6235.106s][info][gc,phases,start] GC(1783) Marking Phase
[6235.405s][info][gc,phases      ] GC(1783) Marking Phase 299.424ms
[6235.405s][info][gc,phases,start] GC(1783) Summary Phase
[6235.405s][info][gc,phases      ] GC(1783) Summary Phase 0.103ms
[6235.405s][info][gc,phases,start] GC(1783) Forward
[6235.530s][info][gc,phases      ] GC(1783) Forward 124.602ms
[6235.530s][info][gc,phases,start] GC(1783) Adjust Pointers
[6235.728s][info][gc,phases      ] GC(1783) Adjust Pointers 198.349ms
[6235.728s][info][gc,phases,start] GC(1783) Compaction Phase
[6235.856s][info][gc,phases      ] GC(1783) Compaction Phase 127.609ms
[6235.858s][info][gc,phases,start] GC(1783) Post Compact
[6235.865s][info][gc,phases      ] GC(1783) Post Compact 6.921ms
[6236.001s][info][gc,heap        ] GC(1783) PSYoungGen: 2619115K(2619392K)->0K(2625536K) Eden: 2458624K(2458624K)->0K(2455040K) From: 160491K(160768K)->0K(170496K)
[6236.001s][info][gc,heap        ] GC(1783) ParOldGen: 5543219K(5543424K)->1431060K(1708544K)
[6236.001s][info][gc,metaspace   ] GC(1783) Metaspace: 29101K(29504K)->29101K(29504K) NonClass: 24209K(24384K)->24209K(24384K) Class: 4892K(5120K)->4892K(5120K)
[6236.001s][info][gc             ] GC(1783) Pause Full (Allocation Failure) 7971M->1397M(4232M) 895.402ms
[6236.001s][info][gc,cpu         ] GC(1783) User=4.08s Sys=0.13s Real=0.90s
.[6237.452s][info][gc,start       ] GC(1784) Pause Young (Allocation Failure)
[6237.515s][info][gc,heap        ] GC(1784) PSYoungGen: 2455040K(2625536K)->140693K(2595840K) Eden: 2455040K(2455040K)->0K(2455040K) From: 0K(170496K)->140693K(140800K)
[6237.515s][info][gc,heap        ] GC(1784) ParOldGen: 1431060K(1708544K)->1431060K(1708544K)
[6237.515s][info][gc,metaspace   ] GC(1784) Metaspace: 29101K(29504K)->29101K(29504K) NonClass: 24209K(24384K)->24209K(24384K) Class: 4892K(5120K)->4892K(5120K)
[6237.515s][info][gc             ] GC(1784) Pause Young (Allocation Failure) 3795M->1534M(4203M) 63.153ms
[6237.515s][info][gc,cpu         ] GC(1784) User=0.37s Sys=0.01s Real=0.06s
..[6239.041s][info][gc,start       ] GC(1785) Pause Young (Allocation Failure)
[6239.134s][info][gc,heap        ] GC(1785) PSYoungGen: 2595733K(2595840K)->145344K(2626560K) Eden: 2455040K(2455040K)->0K(2456576K) From: 140693K(140800K)->145344K(169984K)
[6239.134s][info][gc,heap        ] GC(1785) ParOldGen: 1431060K(1708544K)->1520948K(1708544K)
[6239.134s][info][gc,metaspace   ] GC(1785) Metaspace: 29101K(29504K)->29101K(29504K) NonClass: 24209K(24384K)->24209K(24384K) Class: 4892K(5120K)->4892K(5120K)
[6239.134s][info][gc             ] GC(1785) Pause Young (Allocation Failure) 3932M->1627M(4233M) 93.965ms
[6239.135s][info][gc,cpu         ] GC(1785) User=0.55s Sys=0.00s Real=0.09s
..[6240.935s][info][gc,start       ] GC(1786) Pause Young (Allocation Failure)
[6241.028s][info][gc,heap        ] GC(1786) PSYoungGen: 2601920K(2626560K)->145696K(2602496K) Eden: 2456576K(2456576K)->0K(2456576K) From: 145344K(169984K)->145696K(145920K)
[6241.028s][info][gc,heap        ] GC(1786) ParOldGen: 1520948K(1708544K)->1610612K(1708544K)
[6241.028s][info][gc,metaspace   ] GC(1786) Metaspace: 29101K(29504K)->29101K(29504K) NonClass: 24209K(24384K)->24209K(24384K) Class: 4892K(5120K)->4892K(5120K)
[6241.028s][info][gc             ] GC(1786) Pause Young (Allocation Failure) 4026M->1715M(4210M) 93.247ms
[6241.028s][info][gc,cpu         ] GC(1786) User=0.56s Sys=0.01s Real=0.10s
..|[6242.815s][info][gc,start       ] GC(1787) Pause Young (Allocation Failure)
[6242.909s][info][gc,heap        ] GC(1787) PSYoungGen: 2602272K(2602496K)->142752K(2625536K) Eden: 2456576K(2456576K)->0K(2458624K) From: 145696K(145920K)->142752K(166912K)
[6242.909s][info][gc,heap        ] GC(1787) ParOldGen: 1610612K(1708544K)->1702532K(1708544K)
[6242.909s][info][gc,metaspace   ] GC(1787) Metaspace: 29101K(29504K)->29101K(29504K) NonClass: 24209K(24384K)->24209K(24384K) Class: 4892K(5120K)->4892K(5120K)
[6242.909s][info][gc             ] GC(1787) Pause Young (Allocation Failure) 4114M->1802M(4232M) 93.366ms
[6242.909s][info][gc,cpu         ] GC(1787) User=0.55s Sys=0.01s Real=0.10s
.[6244.319s][info][gc,start       ] GC(1788) Pause Full (Diagnostic Command)
[6244.319s][info][gc,phases,start] GC(1788) Marking Phase
[6244.618s][info][gc,phases      ] GC(1788) Marking Phase 298.350ms
[6244.618s][info][gc,phases,start] GC(1788) Summary Phase
[6244.618s][info][gc,phases      ] GC(1788) Summary Phase 0.049ms
[6244.618s][info][gc,phases,start] GC(1788) Forward
[6244.770s][info][gc,phases      ] GC(1788) Forward 151.983ms
[6244.770s][info][gc,phases,start] GC(1788) Adjust Pointers
[6244.976s][info][gc,phases      ] GC(1788) Adjust Pointers 206.371ms
[6244.976s][info][gc,phases,start] GC(1788) Compaction Phase
[6245.132s][info][gc,phases      ] GC(1788) Compaction Phase 156.135ms
[6245.135s][info][gc,phases,start] GC(1788) Post Compact
[6245.138s][info][gc,phases      ] GC(1788) Post Compact 3.090ms
[6245.138s][info][gc,heap        ] GC(1788) PSYoungGen: 2012222K(2625536K)->0K(2625536K) Eden: 1869470K(2458624K)->0K(2458624K) From: 142752K(166912K)->0K(166912K)
[6245.138s][info][gc,heap        ] GC(1788) ParOldGen: 1702532K(1708544K)->1152967K(1708544K)
[6245.138s][info][gc,metaspace   ] GC(1788) Metaspace: 29101K(29504K)->29101K(29504K) NonClass: 24209K(24384K)->24209K(24384K) Class: 4892K(5120K)->4892K(5120K)
[6245.138s][info][gc             ] GC(1788) Pause Full (Diagnostic Command) 3627M->1125M(4232M) 818.896ms
[6245.138s][info][gc,cpu         ] GC(1788) User=4.49s Sys=0.00s Real=0.82s
..[6246.587s][info][gc,start       ] GC(1789) Pause Young (Allocation Failure)
[6246.705s][info][gc,heap        ] GC(1789) PSYoungGen: 2458624K(2625536K)->155680K(2624512K) Eden: 2458624K(2458624K)->0K(2458624K) From: 0K(166912K)->155680K(165888K)
[6246.705s][info][gc,heap        ] GC(1789) ParOldGen: 1152967K(1708544K)->1152967K(1708544K)
[6246.705s][info][gc,metaspace   ] GC(1789) Metaspace: 29101K(29504K)->29101K(29504K) NonClass: 24209K(24384K)->24209K(24384K) Class: 4892K(5120K)->4892K(5120K)
[6246.705s][info][gc             ] GC(1789) Pause Young (Allocation Failure) 3526M->1277M(4231M) 117.817ms
[6246.705s][info][gc,cpu         ] GC(1789) User=0.42s Sys=0.00s Real=0.11s
..[6248.256s][info][gc,start       ] GC(1790) Pause Young (Allocation Failure)
[6248.350s][info][gc,heap        ] GC(1790) PSYoungGen: 2614304K(2624512K)->140261K(2629632K) Eden: 2458624K(2458624K)->0K(2462720K) From: 155680K(165888K)->140261K(166912K)
[6248.350s][info][gc,heap        ] GC(1790) ParOldGen: 1152967K(1708544K)->1249207K(1708544K)
[6248.350s][info][gc,metaspace   ] GC(1790) Metaspace: 29101K(29504K)->29101K(29504K) NonClass: 24209K(24384K)->24209K(24384K) Class: 4892K(5120K)->4892K(5120K)
[6248.350s][info][gc             ] GC(1790) Pause Young (Allocation Failure) 3678M->1356M(4236M) 94.124ms
[6248.350s][info][gc,cpu         ] GC(1790) User=0.56s Sys=0.00s Real=0.10s
..[6250.244s][info][gc,start       ] GC(1791) Pause Young (Allocation Failure)
[6250.339s][info][gc,heap        ] GC(1791) PSYoungGen: 2602981K(2629632K)->145109K(2608128K) Eden: 2462720K(2462720K)->0K(2462720K) From: 140261K(166912K)->145109K(145408K)
[6250.339s][info][gc,heap        ] GC(1791) ParOldGen: 1249207K(1708544K)->1340103K(1708544K)
[6250.339s][info][gc,metaspace   ] GC(1791) Metaspace: 29101K(29504K)->29101K(29504K) NonClass: 24209K(24384K)->24209K(24384K) Class: 4892K(5120K)->4892K(5120K)
[6250.339s][info][gc             ] GC(1791) Pause Young (Allocation Failure) 3761M->1450M(4215M) 94.732ms
[6250.339s][info][gc,cpu         ] GC(1791) User=0.56s Sys=0.00s Real=0.10s
..[6252.271s][info][gc,start       ] GC(1792) Pause Young (Allocation Failure)
[6252.361s][info][gc,heap        ] GC(1792) PSYoungGen: 2607829K(2608128K)->135040K(2627072K) Eden: 2462720K(2462720K)->0K(2462208K) From: 145109K(145408K)->135040K(164864K)
[6252.361s][info][gc,heap        ] GC(1792) ParOldGen: 1340103K(1708544K)->1432559K(1708544K)
[6252.361s][info][gc,metaspace   ] GC(1792) Metaspace: 29101K(29504K)->29101K(29504K) NonClass: 24209K(24384K)->24209K(24384K) Class: 4892K(5120K)->4892K(5120K)
[6252.361s][info][gc             ] GC(1792) Pause Young (Allocation Failure) 3855M->1530M(4234M) 89.327ms
[6252.361s][info][gc,cpu         ] GC(1792) User=0.53s Sys=0.00s Real=0.09s
..[6254.300s][info][gc,start       ] GC(1793) Pause Young (Allocation Failure)
[6254.391s][info][gc,heap        ] GC(1793) PSYoungGen: 2597248K(2627072K)->136384K(2627584K) Eden: 2462208K(2462208K)->0K(2462208K) From: 135040K(164864K)->136384K(165376K)
[6254.391s][info][gc,heap        ] GC(1793) ParOldGen: 1432559K(1708544K)->1523599K(1708544K)
[6254.391s][info][gc,metaspace   ] GC(1793) Metaspace: 29101K(29504K)->29101K(29504K) NonClass: 24209K(24384K)->24209K(24384K) Class: 4892K(5120K)->4892K(5120K)
[6254.391s][info][gc             ] GC(1793) Pause Young (Allocation Failure) 3935M->1621M(4234M) 90.500ms
[6254.391s][info][gc,cpu         ] GC(1793) User=0.53s Sys=0.00s Real=0.09s
..[6256.293s][info][gc,start       ] GC(1794) Pause Young (Allocation Failure)
[6256.383s][info][gc,heap        ] GC(1794) PSYoungGen: 2598592K(2627584K)->134272K(2630656K) Eden: 2462208K(2462208K)->0K(2465792K) From: 136384K(165376K)->134272K(164864K)
[6256.383s][info][gc,heap        ] GC(1794) ParOldGen: 1523599K(1708544K)->1615919K(1708544K)
[6256.383s][info][gc,metaspace   ] GC(1794) Metaspace: 29101K(29504K)->29101K(29504K) NonClass: 24209K(24384K)->24209K(24384K) Class: 4892K(5120K)->4892K(5120K)
[6256.383s][info][gc             ] GC(1794) Pause Young (Allocation Failure) 4025M->1709M(4237M) 89.662ms
[6256.383s][info][gc,cpu         ] GC(1794) User=0.53s Sys=0.00s Real=0.09s
.[6258.212s][info][gc,start       ] GC(1795) Pause Young (Allocation Failure)
[6258.311s][info][gc,heap        ] GC(1795) PSYoungGen: 2600064K(2630656K)->151408K(2630656K) Eden: 2465792K(2465792K)->0K(2465792K) From: 134272K(164864K)->151408K(164864K)
[6258.311s][info][gc,heap        ] GC(1795) ParOldGen: 1615919K(1708544K)->1705479K(1708544K)
[6258.311s][info][gc,metaspace   ] GC(1795) Metaspace: 29101K(29504K)->29101K(29504K) NonClass: 24209K(24384K)->24209K(24384K) Class: 4892K(5120K)->4892K(5120K)
[6258.311s][info][gc             ] GC(1795) Pause Young (Allocation Failure) 4117M->1813M(4237M) 98.831ms
[6258.311s][info][gc,cpu         ] GC(1795) User=0.58s Sys=0.00s Real=0.10s
...[6260.350s][info][gc,start       ] GC(1796) Pause Young (Allocation Failure)
[6260.446s][info][gc,heap        ] GC(1796) PSYoungGen: 2617200K(2630656K)->137376K(2630656K) Eden: 2465792K(2465792K)->0K(2465792K) From: 151408K(164864K)->137376K(164864K)
[6260.446s][info][gc,heap        ] GC(1796) ParOldGen: 1705479K(1708544K)->1795735K(1796096K)
[6260.446s][info][gc,metaspace   ] GC(1796) Metaspace: 29101K(29504K)->29101K(29504K) NonClass: 24209K(24384K)->24209K(24384K) Class: 4892K(5120K)->4892K(5120K)
[6260.446s][info][gc             ] GC(1796) Pause Young (Allocation Failure) 4221M->1887M(4323M) 95.433ms
[6260.446s][info][gc,cpu         ] GC(1796) User=0.55s Sys=0.02s Real=0.09s
.[6262.236s][info][gc,start       ] GC(1797) Pause Young (Allocation Failure)
[6262.337s][info][gc,heap        ] GC(1797) PSYoungGen: 2603168K(2630656K)->144160K(2610176K) Eden: 2465792K(2465792K)->0K(2465792K) From: 137376K(164864K)->144160K(144384K)
[6262.337s][info][gc,heap        ] GC(1797) ParOldGen: 1795735K(1796096K)->1887887K(1888256K)
[6262.337s][info][gc,metaspace   ] GC(1797) Metaspace: 29101K(29504K)->29101K(29504K) NonClass: 24209K(24384K)->24209K(24384K) Class: 4892K(5120K)->4892K(5120K)
[6262.337s][info][gc             ] GC(1797) Pause Young (Allocation Failure) 4295M->1984M(4393M) 101.396ms
[6262.337s][info][gc,cpu         ] GC(1797) User=0.57s Sys=0.03s Real=0.10s
..[6264.160s][info][gc,start       ] GC(1798) Pause Young (Allocation Failure)
[6264.260s][info][gc,heap        ] GC(1798) PSYoungGen: 2609952K(2610176K)->150976K(2628608K) Eden: 2465792K(2465792K)->0K(2465792K) From: 144160K(144384K)->150976K(162816K)
[6264.260s][info][gc,heap        ] GC(1798) ParOldGen: 1887887K(1888256K)->1977847K(1977856K)
[6264.260s][info][gc,metaspace   ] GC(1798) Metaspace: 29101K(29504K)->29101K(29504K) NonClass: 24209K(24384K)->24209K(24384K) Class: 4892K(5120K)->4892K(5120K)
[6264.260s][info][gc             ] GC(1798) Pause Young (Allocation Failure) 4392M->2078M(4498M) 100.344ms
[6264.260s][info][gc,cpu         ] GC(1798) User=0.58s Sys=0.02s Real=0.10s
..[6266.162s][info][gc,start       ] GC(1799) Pause Young (Allocation Failure)
[6266.261s][info][gc,heap        ] GC(1799) PSYoungGen: 2616768K(2628608K)->145344K(2629120K) Eden: 2465792K(2465792K)->0K(2465792K) From: 150976K(162816K)->145344K(163328K)
[6266.261s][info][gc,heap        ] GC(1799) ParOldGen: 1977847K(1977856K)->2071455K(2071552K)
[6266.261s][info][gc,metaspace   ] GC(1799) Metaspace: 29101K(29504K)->29101K(29504K) NonClass: 24209K(24384K)->24209K(24384K) Class: 4892K(5120K)->4892K(5120K)
[6266.261s][info][gc             ] GC(1799) Pause Young (Allocation Failure) 4486M->2164M(4590M) 99.161ms
[6266.261s][info][gc,cpu         ] GC(1799) User=0.56s Sys=0.03s Real=0.10s
..[6268.218s][info][gc,start       ] GC(1800) Pause Young (Allocation Failure)
[6268.321s][info][gc,heap        ] GC(1800) PSYoungGen: 2611136K(2629120K)->156034K(2629120K) Eden: 2465792K(2465792K)->0K(2467328K) From: 145344K(163328K)->156034K(161792K)
[6268.321s][info][gc,heap        ] GC(1800) ParOldGen: 2071455K(2071552K)->2160935K(2161152K)
[6268.321s][info][gc,metaspace   ] GC(1800) Metaspace: 29101K(29504K)->29101K(29504K) NonClass: 24209K(24384K)->24209K(24384K) Class: 4892K(5120K)->4892K(5120K)
[6268.321s][info][gc             ] GC(1800) Pause Young (Allocation Failure) 4572M->2262M(4678M) 103.243ms
[6268.321s][info][gc,cpu         ] GC(1800) User=0.58s Sys=0.03s Real=0.10s
..[6270.165s][info][gc,start       ] GC(1801) Pause Young (Allocation Failure)
[6270.268s][info][gc,heap        ] GC(1801) PSYoungGen: 2623362K(2629120K)->153600K(2621440K) Eden: 2467328K(2467328K)->0K(2467328K) From: 156034K(161792K)->153600K(154112K)
[6270.268s][info][gc,heap        ] GC(1801) ParOldGen: 2160935K(2161152K)->2255607K(2255872K)
[6270.268s][info][gc,metaspace   ] GC(1801) Metaspace: 29101K(29504K)->29101K(29504K) NonClass: 24209K(24384K)->24209K(24384K) Class: 4892K(5120K)->4892K(5120K)
[6270.269s][info][gc             ] GC(1801) Pause Young (Allocation Failure) 4672M->2352M(4763M) 103.807ms
[6270.269s][info][gc,cpu         ] GC(1801) User=0.59s Sys=0.02s Real=0.11s
..[6272.006s][info][gc,start       ] GC(1802) Pause Young (Allocation Failure)
[6272.109s][info][gc,heap        ] GC(1802) PSYoungGen: 2620928K(2621440K)->153860K(2628608K) Eden: 2467328K(2467328K)->0K(2463232K) From: 153600K(154112K)->153860K(165376K)
[6272.109s][info][gc,heap        ] GC(1802) ParOldGen: 2255607K(2255872K)->2344391K(2344448K)
[6272.109s][info][gc,metaspace   ] GC(1802) Metaspace: 29101K(29504K)->29101K(29504K) NonClass: 24209K(24384K)->24209K(24384K) Class: 4892K(5120K)->4892K(5120K)
[6272.109s][info][gc             ] GC(1802) Pause Young (Allocation Failure) 4762M->2439M(4856M) 102.940ms
[6272.109s][info][gc,cpu         ] GC(1802) User=0.58s Sys=0.03s Real=0.11s
..[6273.910s][info][gc,start       ] GC(1803) Pause Young (Allocation Failure)
[6274.009s][info][gc,heap        ] GC(1803) PSYoungGen: 2617092K(2628608K)->143584K(2607104K) Eden: 2463232K(2463232K)->0K(2463232K) From: 153860K(165376K)->143584K(143872K)
[6274.009s][info][gc,heap        ] GC(1803) ParOldGen: 2344391K(2344448K)->2437663K(2438144K)
[6274.009s][info][gc,metaspace   ] GC(1803) Metaspace: 29101K(29504K)->29101K(29504K) NonClass: 24209K(24384K)->24209K(24384K) Class: 4892K(5120K)->4892K(5120K)
[6274.009s][info][gc             ] GC(1803) Pause Young (Allocation Failure) 4845M->2520M(4927M) 98.622ms
[6274.009s][info][gc,cpu         ] GC(1803) User=0.56s Sys=0.03s Real=0.10s
..[6275.815s][info][gc,start       ] GC(1804) Pause Young (Allocation Failure)
[6275.915s][info][gc,heap        ] GC(1804) PSYoungGen: 2606816K(2607104K)->147648K(2630656K) Eden: 2463232K(2463232K)->0K(2465792K) From: 143584K(143872K)->147648K(164864K)
[6275.915s][info][gc,heap        ] GC(1804) ParOldGen: 2437663K(2438144K)->2527927K(2528256K)
[6275.915s][info][gc,metaspace   ] GC(1804) Metaspace: 29101K(29504K)->29101K(29504K) NonClass: 24209K(24384K)->24209K(24384K) Class: 4892K(5120K)->4892K(5120K)
[6275.915s][info][gc             ] GC(1804) Pause Young (Allocation Failure) 4926M->2612M(5038M) 100.202ms
[6275.915s][info][gc,cpu         ] GC(1804) User=0.57s Sys=0.02s Real=0.10s
..[6277.745s][info][gc,start       ] GC(1805) Pause Young (Allocation Failure)
[6277.847s][info][gc,heap        ] GC(1805) PSYoungGen: 2613440K(2630656K)->151136K(2629120K) Eden: 2465792K(2465792K)->0K(2465792K) From: 147648K(164864K)->151136K(163328K)
[6277.847s][info][gc,heap        ] GC(1805) ParOldGen: 2527927K(2528256K)->2618567K(2618880K)
[6277.847s][info][gc,metaspace   ] GC(1805) Metaspace: 29101K(29504K)->29101K(29504K) NonClass: 24209K(24384K)->24209K(24384K) Class: 4892K(5120K)->4892K(5120K)
[6277.847s][info][gc             ] GC(1805) Pause Young (Allocation Failure) 5020M->2704M(5125M) 102.125ms
[6277.848s][info][gc,cpu         ] GC(1805) User=0.58s Sys=0.03s Real=0.11s
..[6279.593s][info][gc,start       ] GC(1806) Pause Young (Allocation Failure)
[6279.691s][info][gc,heap        ] GC(1806) PSYoungGen: 2616928K(2629120K)->140640K(2631680K) Eden: 2465792K(2465792K)->0K(2468352K) From: 151136K(163328K)->140640K(163328K)
[6279.691s][info][gc,heap        ] GC(1806) ParOldGen: 2618567K(2618880K)->2711567K(2712064K)
[6279.691s][info][gc,metaspace   ] GC(1806) Metaspace: 29101K(29504K)->29101K(29504K) NonClass: 24209K(24384K)->24209K(24384K) Class: 4892K(5120K)->4892K(5120K)
[6279.691s][info][gc             ] GC(1806) Pause Young (Allocation Failure) 5112M->2785M(5218M) 98.063ms
[6279.691s][info][gc,cpu         ] GC(1806) User=0.54s Sys=0.03s Real=0.10s
..[6281.630s][info][gc,start       ] GC(1807) Pause Young (Allocation Failure)
[6281.733s][info][gc,heap        ] GC(1807) PSYoungGen: 2608992K(2631680K)->149696K(2631168K) Eden: 2468352K(2468352K)->0K(2468352K) From: 140640K(163328K)->149696K(162816K)
[6281.733s][info][gc,heap        ] GC(1807) ParOldGen: 2711567K(2712064K)->2802727K(2803200K)
[6281.733s][info][gc,metaspace   ] GC(1807) Metaspace: 29101K(29504K)->29101K(29504K) NonClass: 24209K(24384K)->24209K(24384K) Class: 4892K(5120K)->4892K(5120K)
[6281.733s][info][gc             ] GC(1807) Pause Young (Allocation Failure) 5195M->2883M(5307M) 102.534ms
[6281.733s][info][gc,cpu         ] GC(1807) User=0.59s Sys=0.02s Real=0.10s
..[6283.575s][info][gc,start       ] GC(1808) Pause Young (Allocation Failure)
[6283.675s][info][gc,heap        ] GC(1808) PSYoungGen: 2618048K(2631168K)->139328K(2632192K) Eden: 2468352K(2468352K)->0K(2469888K) From: 149696K(162816K)->139328K(162304K)
[6283.675s][info][gc,heap        ] GC(1808) ParOldGen: 2802727K(2803200K)->2896175K(2896384K)
[6283.675s][info][gc,metaspace   ] GC(1808) Metaspace: 29101K(29504K)->29101K(29504K) NonClass: 24209K(24384K)->24209K(24384K) Class: 4892K(5120K)->4892K(5120K)
[6283.675s][info][gc             ] GC(1808) Pause Young (Allocation Failure) 5293M->2964M(5399M) 99.900ms
[6283.675s][info][gc,cpu         ] GC(1808) User=0.57s Sys=0.02s Real=0.10s
..[6285.606s][info][gc,start       ] GC(1809) Pause Young (Allocation Failure)
[6285.705s][info][gc,heap        ] GC(1809) PSYoungGen: 2609216K(2632192K)->142229K(2632192K) Eden: 2469888K(2469888K)->0K(2469888K) From: 139328K(162304K)->142229K(162304K)
[6285.705s][info][gc,heap        ] GC(1809) ParOldGen: 2896175K(2896384K)->2987399K(2987520K)
[6285.705s][info][gc,metaspace   ] GC(1809) Metaspace: 29101K(29504K)->29101K(29504K) NonClass: 24209K(24384K)->24209K(24384K) Class: 4892K(5120K)->4892K(5120K)
[6285.705s][info][gc             ] GC(1809) Pause Young (Allocation Failure) 5376M->3056M(5488M) 99.050ms
[6285.705s][info][gc,cpu         ] GC(1809) User=0.55s Sys=0.04s Real=0.10s
..[6287.611s][info][gc,start       ] GC(1810) Pause Young (Allocation Failure)
[6287.708s][info][gc,heap        ] GC(1810) PSYoungGen: 2612117K(2632192K)->142240K(2632704K) Eden: 2469888K(2469888K)->0K(2472448K) From: 142229K(162304K)->142240K(160256K)
[6287.708s][info][gc,heap        ] GC(1810) ParOldGen: 2987399K(2987520K)->3077063K(3077120K)
[6287.708s][info][gc,metaspace   ] GC(1810) Metaspace: 29101K(29504K)->29101K(29504K) NonClass: 24209K(24384K)->24209K(24384K) Class: 4892K(5120K)->4892K(5120K)
[6287.708s][info][gc             ] GC(1810) Pause Young (Allocation Failure) 5468M->3143M(5576M) 97.378ms
[6287.708s][info][gc,cpu         ] GC(1810) User=0.54s Sys=0.03s Real=0.10s
..[6289.616s][info][gc,start       ] GC(1811) Pause Young (Allocation Failure)
[6289.719s][info][gc,heap        ] GC(1811) PSYoungGen: 2614688K(2632704K)->149890K(2632704K) Eden: 2472448K(2472448K)->0K(2472448K) From: 142240K(160256K)->149890K(160256K)
[6289.719s][info][gc,heap        ] GC(1811) ParOldGen: 3077063K(3077120K)->3168023K(3168256K)
[6289.719s][info][gc,metaspace   ] GC(1811) Metaspace: 29101K(29504K)->29101K(29504K) NonClass: 24209K(24384K)->24209K(24384K) Class: 4892K(5120K)->4892K(5120K)
[6289.719s][info][gc             ] GC(1811) Pause Young (Allocation Failure) 5558M->3240M(5665M) 102.980ms
[6289.719s][info][gc,cpu         ] GC(1811) User=0.57s Sys=0.03s Real=0.11s
..[6291.639s][info][gc,start       ] GC(1812) Pause Young (Allocation Failure)
[6291.741s][info][gc,heap        ] GC(1812) PSYoungGen: 2622338K(2632704K)->144837K(2633216K) Eden: 2472448K(2472448K)->0K(2475008K) From: 149890K(160256K)->144837K(158208K)
[6291.741s][info][gc,heap        ] GC(1812) ParOldGen: 3168023K(3168256K)->3262967K(3262976K)
[6291.741s][info][gc,metaspace   ] GC(1812) Metaspace: 29101K(29504K)->29101K(29504K) NonClass: 24209K(24384K)->24209K(24384K) Class: 4892K(5120K)->4892K(5120K)
[6291.741s][info][gc             ] GC(1812) Pause Young (Allocation Failure) 5654M->3327M(5758M) 101.983ms
[6291.741s][info][gc,cpu         ] GC(1812) User=0.58s Sys=0.03s Real=0.10s
.[6293.504s][info][gc,start       ] GC(1813) Pause Young (Allocation Failure)
[6293.606s][info][gc,heap        ] GC(1813) PSYoungGen: 2619845K(2633216K)->142688K(2634240K) Eden: 2475008K(2475008K)->0K(2475008K) From: 144837K(158208K)->142688K(159232K)
[6293.606s][info][gc,heap        ] GC(1813) ParOldGen: 3262967K(3262976K)->3355303K(3355648K)
[6293.606s][info][gc,metaspace   ] GC(1813) Metaspace: 29101K(29504K)->29101K(29504K) NonClass: 24209K(24384K)->24209K(24384K) Class: 4892K(5120K)->4892K(5120K)
[6293.606s][info][gc             ] GC(1813) Pause Young (Allocation Failure) 5744M->3416M(5849M) 101.451ms
[6293.606s][info][gc,cpu         ] GC(1813) User=0.58s Sys=0.02s Real=0.10s
..[6295.545s][info][gc,start       ] GC(1814) Pause Young (Allocation Failure)
[6295.645s][info][gc,heap        ] GC(1814) PSYoungGen: 2617696K(2634240K)->149024K(2636288K) Eden: 2475008K(2475008K)->0K(2478080K) From: 142688K(159232K)->149024K(158208K)
[6295.645s][info][gc,heap        ] GC(1814) ParOldGen: 3355303K(3355648K)->3442431K(3442688K)
[6295.645s][info][gc,metaspace   ] GC(1814) Metaspace: 29101K(29504K)->29101K(29504K) NonClass: 24209K(24384K)->24209K(24384K) Class: 4892K(5120K)->4892K(5120K)
[6295.645s][info][gc             ] GC(1814) Pause Young (Allocation Failure) 5833M->3507M(5936M) 100.155ms
[6295.645s][info][gc,cpu         ] GC(1814) User=0.56s Sys=0.02s Real=0.10s
..[6297.506s][info][gc,start       ] GC(1815) Pause Young (Allocation Failure)
[6297.610s][info][gc,heap        ] GC(1815) PSYoungGen: 2627104K(2636288K)->147892K(2636800K) Eden: 2478080K(2478080K)->0K(2478080K) From: 149024K(158208K)->147892K(158720K)
[6297.610s][info][gc,heap        ] GC(1815) ParOldGen: 3442431K(3442688K)->3537647K(3537920K)
[6297.610s][info][gc,metaspace   ] GC(1815) Metaspace: 29101K(29504K)->29101K(29504K) NonClass: 24209K(24384K)->24209K(24384K) Class: 4892K(5120K)->4892K(5120K)
[6297.610s][info][gc             ] GC(1815) Pause Young (Allocation Failure) 5927M->3599M(6030M) 104.005ms
[6297.610s][info][gc,cpu         ] GC(1815) User=0.58s Sys=0.04s Real=0.11s
..[6299.462s][info][gc,start       ] GC(1816) Pause Young (Allocation Failure)
[6299.558s][info][gc,heap        ] GC(1816) PSYoungGen: 2625972K(2636800K)->137760K(2637312K) Eden: 2478080K(2478080K)->0K(2479104K) From: 147892K(158720K)->137760K(158208K)
[6299.558s][info][gc,heap        ] GC(1816) ParOldGen: 3537647K(3537920K)->3628927K(3629056K)
[6299.558s][info][gc,metaspace   ] GC(1816) Metaspace: 29101K(29504K)->29101K(29504K) NonClass: 24209K(24384K)->24209K(24384K) Class: 4892K(5120K)->4892K(5120K)
[6299.558s][info][gc             ] GC(1816) Pause Young (Allocation Failure) 6019M->3678M(6119M) 96.721ms
[6299.558s][info][gc,cpu         ] GC(1816) User=0.55s Sys=0.02s Real=0.10s
..[6301.345s][info][gc,start       ] GC(1817) Pause Young (Allocation Failure)
[6301.450s][info][gc,heap        ] GC(1817) PSYoungGen: 2616864K(2637312K)->147305K(2637312K) Eden: 2479104K(2479104K)->0K(2479104K) From: 137760K(158208K)->147305K(158208K)
[6301.450s][info][gc,heap        ] GC(1817) ParOldGen: 3628927K(3629056K)->3719887K(3720192K)
[6301.450s][info][gc,metaspace   ] GC(1817) Metaspace: 29101K(29504K)->29101K(29504K) NonClass: 24209K(24384K)->24209K(24384K) Class: 4892K(5120K)->4892K(5120K)
[6301.450s][info][gc             ] GC(1817) Pause Young (Allocation Failure) 6099M->3776M(6208M) 104.259ms
[6301.450s][info][gc,cpu         ] GC(1817) User=0.59s Sys=0.03s Real=0.11s
.. (rIR:aIR:PR = 10239:10223:10223) (tPR = 151279) [OK] 
  6302s: Performance info:
         Transaction,    Success,    Partial,     Failed,   Receipts, AvgBarcode, 
             Overall,     616534,          0,          0,     585541,      59.47, 
         Response times:
             Request,    Success,    Partial,     Failed,   SkipFail,     Probes,    Samples,      min,      p50,      p90,      p95,      p99,      max, 
       TotalPurchase,     585541,          0,          0,          0,     349574,     425882,      300,     7500,   121000,   256000,   496000,  1300000,
     InStorePurchase,     309974,          0,          0,          0,     184872,     225023,      300,     7600,   121000,   279000,   497760,  1300000,
      OnlinePurchase,     215580,          0,          0,          0,     128044,     155995,      300,     7400,   121000,   256000,   494040,  1200000,
        InstPurchase,      59987,          0,          0,          0,      36658,      44864,      300,     7300,   116000,   258000,   500000,  1300000,
          AssocOfCat,        617,          0,          0,          0,        511,        714,    17500,    42500,   153000,   274000,   443850,   660000,
      AssocOfProduct,       6127,          0,          0,          0,       3472,       4460,      600,     8100,   133900,   283000,   485000,   640000,
      BusinessReport,       1541,          0,          0,          0,       1315,       1734,    22000,    54000,   172000,   325750,   533100,  1100000,
          CustBuyBeh,       6221,          0,          0,          0,       3471,       4448,      200,     7100,   121000,   304000,   650000,   830000,
       ProductReturn,      16487,          0,          0,          0,       9746,      12070,      200,     7000,   108000,   246000,   476000,  1200000,

  6302s: (75%)   IR =  10378 [6303.388s][info][gc,start       ] GC(1818) Pause Young (Allocation Failure)
[6303.488s][info][gc,heap        ] GC(1818) PSYoungGen: 2626409K(2637312K)->138720K(2637312K) Eden: 2479104K(2479104K)->0K(2479616K) From: 147305K(158208K)->138720K(157696K)
[6303.488s][info][gc,heap        ] GC(1818) ParOldGen: 3719887K(3720192K)->3811943K(3812352K)
[6303.488s][info][gc,metaspace   ] GC(1818) Metaspace: 29101K(29504K)->29101K(29504K) NonClass: 24209K(24384K)->24209K(24384K) Class: 4892K(5120K)->4892K(5120K)
[6303.488s][info][gc             ] GC(1818) Pause Young (Allocation Failure) 6197M->3858M(6298M) 99.411ms
[6303.488s][info][gc,cpu         ] GC(1818) User=0.55s Sys=0.02s Real=0.10s
..[6305.392s][info][gc,start       ] GC(1819) Pause Young (Allocation Failure)
[6305.490s][info][gc,heap        ] GC(1819) PSYoungGen: 2618336K(2637312K)->138208K(2637312K) Eden: 2479616K(2479616K)->0K(2479616K) From: 138720K(157696K)->138208K(157696K)
[6305.490s][info][gc,heap        ] GC(1819) ParOldGen: 3811943K(3812352K)->3903895K(3904000K)
[6305.490s][info][gc,metaspace   ] GC(1819) Metaspace: 29101K(29504K)->29101K(29504K) NonClass: 24209K(24384K)->24209K(24384K) Class: 4892K(5120K)->4892K(5120K)
[6305.490s][info][gc             ] GC(1819) Pause Young (Allocation Failure) 6279M->3947M(6388M) 98.188ms
[6305.490s][info][gc,cpu         ] GC(1819) User=0.54s Sys=0.03s Real=0.10s
..[6307.302s][info][gc,start       ] GC(1820) Pause Young (Allocation Failure)
[6307.408s][info][gc,heap        ] GC(1820) PSYoungGen: 2617824K(2637312K)->148377K(2638336K) Eden: 2479616K(2479616K)->0K(2480640K) From: 138208K(157696K)->148377K(157696K)
[6307.408s][info][gc,heap        ] GC(1820) ParOldGen: 3903895K(3904000K)->3995895K(3996160K)
[6307.408s][info][gc,metaspace   ] GC(1820) Metaspace: 29101K(29504K)->29101K(29504K) NonClass: 24209K(24384K)->24209K(24384K) Class: 4892K(5120K)->4892K(5120K)
[6307.408s][info][gc             ] GC(1820) Pause Young (Allocation Failure) 6368M->4047M(6479M) 106.326ms
[6307.408s][info][gc,cpu         ] GC(1820) User=0.60s Sys=0.03s Real=0.11s
..|[6309.209s][info][gc,start       ] GC(1821) Pause Young (Allocation Failure)
[6309.311s][info][gc,heap        ] GC(1821) PSYoungGen: 2629017K(2638336K)->150016K(2630656K) Eden: 2480640K(2480640K)->0K(2480640K) From: 148377K(157696K)->150016K(150016K)
[6309.311s][info][gc,heap        ] GC(1821) ParOldGen: 3995895K(3996160K)->4086503K(4086784K)
[6309.311s][info][gc,metaspace   ] GC(1821) Metaspace: 29101K(29504K)->29101K(29504K) NonClass: 24209K(24384K)->24209K(24384K) Class: 4892K(5120K)->4892K(5120K)
[6309.311s][info][gc             ] GC(1821) Pause Young (Allocation Failure) 6469M->4137M(6560M) 102.103ms
[6309.311s][info][gc,cpu         ] GC(1821) User=0.58s Sys=0.02s Real=0.10s
..[6311.159s][info][gc,start       ] GC(1822) Pause Young (Allocation Failure)
[6311.269s][info][gc,heap        ] GC(1822) PSYoungGen: 2630656K(2630656K)->158064K(2631168K) Eden: 2480640K(2480640K)->0K(2472448K) From: 150016K(150016K)->158064K(158720K)
[6311.269s][info][gc,heap        ] GC(1822) ParOldGen: 4086503K(4086784K)->4178559K(4178944K)
[6311.269s][info][gc,metaspace   ] GC(1822) Metaspace: 29101K(29504K)->29101K(29504K) NonClass: 24209K(24384K)->24209K(24384K) Class: 4892K(5120K)->4892K(5120K)
[6311.269s][info][gc             ] GC(1822) Pause Young (Allocation Failure) 6559M->4234M(6650M) 110.247ms
[6311.269s][info][gc,cpu         ] GC(1822) User=0.61s Sys=0.04s Real=0.11s
..[6313.104s][info][gc,start       ] GC(1823) Pause Young (Allocation Failure)
[6313.215s][info][gc,heap        ] GC(1823) PSYoungGen: 2630512K(2631168K)->161786K(2634240K) Eden: 2472448K(2472448K)->0K(2472448K) From: 158064K(158720K)->161786K(161792K)
[6313.215s][info][gc,heap        ] GC(1823) ParOldGen: 4178559K(4178944K)->4273103K(4273152K)
[6313.215s][info][gc,metaspace   ] GC(1823) Metaspace: 29101K(29504K)->29101K(29504K) NonClass: 24209K(24384K)->24209K(24384K) Class: 4892K(5120K)->4892K(5120K)
[6313.215s][info][gc             ] GC(1823) Pause Young (Allocation Failure) 6649M->4330M(6745M) 110.933ms
[6313.215s][info][gc,cpu         ] GC(1823) User=0.63s Sys=0.03s Real=0.11s
..[6315.126s][info][gc,start       ] GC(1824) Pause Young (Allocation Failure)
[6315.233s][info][gc,heap        ] GC(1824) PSYoungGen: 2634234K(2634240K)->156329K(2563584K) Eden: 2472448K(2472448K)->0K(2401792K) From: 161786K(161792K)->156329K(161792K)
[6315.233s][info][gc,heap        ] GC(1824) ParOldGen: 4273103K(4273152K)->4365615K(4365824K)
[6315.233s][info][gc,metaspace   ] GC(1824) Metaspace: 29101K(29504K)->29101K(29504K) NonClass: 24209K(24384K)->24209K(24384K) Class: 4892K(5120K)->4892K(5120K)
[6315.233s][info][gc             ] GC(1824) Pause Young (Allocation Failure) 6745M->4415M(6767M) 106.932ms
[6315.233s][info][gc,cpu         ] GC(1824) User=0.60s Sys=0.02s Real=0.11s
.[6316.971s][info][gc,start       ] GC(1825) Pause Young (Allocation Failure)
[6317.072s][info][gc,heap        ] GC(1825) PSYoungGen: 2558121K(2563584K)->145216K(2598912K) Eden: 2401792K(2401792K)->0K(2401792K) From: 156329K(161792K)->145216K(197120K)
[6317.073s][info][gc,heap        ] GC(1825) ParOldGen: 4365615K(4365824K)->4456975K(4457472K)
[6317.073s][info][gc,metaspace   ] GC(1825) Metaspace: 29101K(29504K)->29101K(29504K) NonClass: 24209K(24384K)->24209K(24384K) Class: 4892K(5120K)->4892K(5120K)
[6317.073s][info][gc             ] GC(1825) Pause Young (Allocation Failure) 6761M->4494M(6891M) 101.606ms
[6317.073s][info][gc,cpu         ] GC(1825) User=0.57s Sys=0.03s Real=0.10s
..[6318.740s][info][gc,start       ] GC(1826) Pause Young (Allocation Failure)
[6318.840s][info][gc,heap        ] GC(1826) PSYoungGen: 2547008K(2598912K)->136480K(2595840K) Eden: 2401792K(2401792K)->0K(2403840K) From: 145216K(197120K)->136480K(192000K)
[6318.840s][info][gc,heap        ] GC(1826) ParOldGen: 4456975K(4457472K)->4550295K(4550656K)
[6318.840s][info][gc,metaspace   ] GC(1826) Metaspace: 29101K(29504K)->29101K(29504K) NonClass: 24209K(24384K)->24209K(24384K) Class: 4892K(5120K)->4892K(5120K)
[6318.840s][info][gc             ] GC(1826) Pause Young (Allocation Failure) 6839M->4576M(6979M) 99.555ms
[6318.840s][info][gc,cpu         ] GC(1826) User=0.56s Sys=0.02s Real=0.10s
..[6320.664s][info][gc,start       ] GC(1827) Pause Young (Allocation Failure)
[6320.763s][info][gc,heap        ] GC(1827) PSYoungGen: 2540320K(2595840K)->140640K(2598400K) Eden: 2403840K(2403840K)->0K(2403840K) From: 136480K(192000K)->140640K(194560K)
[6320.763s][info][gc,heap        ] GC(1827) ParOldGen: 4550295K(4550656K)->4637799K(4638208K)
[6320.763s][info][gc,metaspace   ] GC(1827) Metaspace: 29101K(29504K)->29101K(29504K) NonClass: 24209K(24384K)->24209K(24384K) Class: 4892K(5120K)->4892K(5120K)
[6320.763s][info][gc             ] GC(1827) Pause Young (Allocation Failure) 6924M->4666M(7067M) 98.895ms
[6320.763s][info][gc,cpu         ] GC(1827) User=0.57s Sys=0.02s Real=0.10s
..[6322.461s][info][gc,start       ] GC(1828) Pause Young (Allocation Failure)
[6322.563s][info][gc,heap        ] GC(1828) PSYoungGen: 2544480K(2598400K)->139685K(2596352K) Eden: 2403840K(2403840K)->0K(2408448K) From: 140640K(194560K)->139685K(187904K)
[6322.563s][info][gc,heap        ] GC(1828) ParOldGen: 4637799K(4638208K)->4729911K(4730368K)
[6322.563s][info][gc,metaspace   ] GC(1828) Metaspace: 29101K(29504K)->29101K(29504K) NonClass: 24209K(24384K)->24209K(24384K) Class: 4892K(5120K)->4892K(5120K)
[6322.563s][info][gc             ] GC(1828) Pause Young (Allocation Failure) 7013M->4755M(7155M) 101.908ms
[6322.563s][info][gc,cpu         ] GC(1828) User=0.58s Sys=0.02s Real=0.10s
..[6324.347s][info][gc,start       ] GC(1829) Pause Young (Allocation Failure)
[6324.449s][info][gc,heap        ] GC(1829) PSYoungGen: 2548133K(2596352K)->144564K(2599424K) Eden: 2408448K(2408448K)->0K(2408448K) From: 139685K(187904K)->144564K(190976K)
[6324.449s][info][gc,heap        ] GC(1829) ParOldGen: 4729911K(4730368K)->4819319K(4819456K)
[6324.449s][info][gc,metaspace   ] GC(1829) Metaspace: 29101K(29504K)->29101K(29504K) NonClass: 24209K(24384K)->24209K(24384K) Class: 4892K(5120K)->4892K(5120K)
[6324.449s][info][gc             ] GC(1829) Pause Young (Allocation Failure) 7107M->4847M(7245M) 102.304ms
[6324.449s][info][gc,cpu         ] GC(1829) User=0.57s Sys=0.03s Real=0.11s
..[6326.271s][info][gc,start       ] GC(1830) Pause Young (Allocation Failure)
[6326.369s][info][gc,heap        ] GC(1830) PSYoungGen: 2553012K(2599424K)->133376K(2602496K) Eden: 2408448K(2408448K)->0K(2416640K) From: 144564K(190976K)->133376K(185856K)
[6326.369s][info][gc,heap        ] GC(1830) ParOldGen: 4819319K(4819456K)->4910615K(4911104K)
[6326.369s][info][gc,metaspace   ] GC(1830) Metaspace: 29101K(29504K)->29101K(29504K) NonClass: 24209K(24384K)->24209K(24384K) Class: 4892K(5120K)->4892K(5120K)
[6326.369s][info][gc             ] GC(1830) Pause Young (Allocation Failure) 7199M->4925M(7337M) 97.994ms
[6326.369s][info][gc,cpu         ] GC(1830) User=0.56s Sys=0.03s Real=0.10s
.[6328.215s][info][gc,start       ] GC(1831) Pause Young (Allocation Failure)
[6328.313s][info][gc,heap        ] GC(1831) PSYoungGen: 2550016K(2602496K)->140112K(2604032K) Eden: 2416640K(2416640K)->0K(2416640K) From: 133376K(185856K)->140112K(187392K)
[6328.313s][info][gc,heap        ] GC(1831) ParOldGen: 4910615K(4911104K)->4999199K(4999680K)
[6328.313s][info][gc,metaspace   ] GC(1831) Metaspace: 29101K(29504K)->29101K(29504K) NonClass: 24209K(24384K)->24209K(24384K) Class: 4892K(5120K)->4892K(5120K)
[6328.313s][info][gc             ] GC(1831) Pause Young (Allocation Failure) 7285M->5018M(7425M) 98.500ms
[6328.313s][info][gc,cpu         ] GC(1831) User=0.56s Sys=0.02s Real=0.10s
..[6330.043s][info][gc,start       ] GC(1832) Pause Young (Allocation Failure)
[6330.145s][info][gc,heap        ] GC(1832) PSYoungGen: 2556752K(2604032K)->146688K(2601984K) Eden: 2416640K(2416640K)->0K(2423296K) From: 140112K(187392K)->146688K(178688K)
[6330.145s][info][gc,heap        ] GC(1832) ParOldGen: 4999199K(4999680K)->5091015K(5091328K)
[6330.145s][info][gc,metaspace   ] GC(1832) Metaspace: 29101K(29504K)->29101K(29504K) NonClass: 24209K(24384K)->24209K(24384K) Class: 4892K(5120K)->4892K(5120K)
[6330.145s][info][gc             ] GC(1832) Pause Young (Allocation Failure) 7378M->5114M(7513M) 102.664ms
[6330.145s][info][gc,cpu         ] GC(1832) User=0.58s Sys=0.03s Real=0.10s
..[6331.902s][info][gc,start       ] GC(1833) Pause Young (Allocation Failure)
[6332.005s][info][gc,heap        ] GC(1833) PSYoungGen: 2569984K(2601984K)->141504K(2605056K) Eden: 2423296K(2423296K)->0K(2423296K) From: 146688K(178688K)->141504K(181760K)
[6332.005s][info][gc,heap        ] GC(1833) ParOldGen: 5091015K(5091328K)->5184095K(5184512K)
[6332.005s][info][gc,metaspace   ] GC(1833) Metaspace: 29101K(29504K)->29101K(29504K) NonClass: 24209K(24384K)->24209K(24384K) Class: 4892K(5120K)->4892K(5120K)
[6332.005s][info][gc             ] GC(1833) Pause Young (Allocation Failure) 7481M->5200M(7607M) 102.428ms
[6332.005s][info][gc,cpu         ] GC(1833) User=0.57s Sys=0.03s Real=0.10s
..[6333.868s][info][gc,start       ] GC(1834) Pause Young (Allocation Failure)
[6333.971s][info][gc,heap        ] GC(1834) PSYoungGen: 2564800K(2605056K)->145748K(2607104K) Eden: 2423296K(2423296K)->0K(2434560K) From: 141504K(181760K)->145748K(172544K)
[6333.971s][info][gc,heap        ] GC(1834) ParOldGen: 5184095K(5184512K)->5274303K(5274624K)
[6333.971s][info][gc,metaspace   ] GC(1834) Metaspace: 29101K(29504K)->29101K(29504K) NonClass: 24209K(24384K)->24209K(24384K) Class: 4892K(5120K)->4892K(5120K)
[6333.971s][info][gc             ] GC(1834) Pause Young (Allocation Failure) 7567M->5293M(7697M) 102.747ms
[6333.971s][info][gc,cpu         ] GC(1834) User=0.59s Sys=0.02s Real=0.10s
..[6335.724s][info][gc,start       ] GC(1835) Pause Young (Allocation Failure)
[6335.826s][info][gc,heap        ] GC(1835) PSYoungGen: 2580308K(2607104K)->144160K(2611200K) Eden: 2434560K(2434560K)->0K(2434560K) From: 145748K(172544K)->144160K(176640K)
[6335.826s][info][gc,heap        ] GC(1835) ParOldGen: 5274303K(5274624K)->5365175K(5365248K)
[6335.826s][info][gc,metaspace   ] GC(1835) Metaspace: 29101K(29504K)->29101K(29504K) NonClass: 24209K(24384K)->24209K(24384K) Class: 4892K(5120K)->4892K(5120K)
[6335.826s][info][gc             ] GC(1835) Pause Young (Allocation Failure) 7670M->5380M(7789M) 101.673ms
[6335.826s][info][gc,cpu         ] GC(1835) User=0.57s Sys=0.02s Real=0.10s
..[6337.534s][info][gc,start       ] GC(1836) Pause Young (Allocation Failure)
[6337.635s][info][gc,heap        ] GC(1836) PSYoungGen: 2578720K(2611200K)->143024K(2613760K) Eden: 2434560K(2434560K)->0K(2445312K) From: 144160K(176640K)->143024K(168448K)
[6337.635s][info][gc,heap        ] GC(1836) ParOldGen: 5365175K(5365248K)->5456527K(5456896K)
[6337.635s][info][gc,metaspace   ] GC(1836) Metaspace: 29101K(29504K)->29101K(29504K) NonClass: 24209K(24384K)->24209K(24384K) Class: 4892K(5120K)->4892K(5120K)
[6337.635s][info][gc             ] GC(1836) Pause Young (Allocation Failure) 7757M->5468M(7881M) 101.077ms
[6337.635s][info][gc,cpu         ] GC(1836) User=0.56s Sys=0.04s Real=0.10s
..[6339.436s][info][gc,start       ] GC(1837) Pause Young (Allocation Failure)
[6339.538s][info][gc,heap        ] GC(1837) PSYoungGen: 2588336K(2613760K)->140628K(2617344K) Eden: 2445312K(2445312K)->0K(2445312K) From: 143024K(168448K)->140628K(172032K)
[6339.538s][info][gc,heap        ] GC(1837) ParOldGen: 5456527K(5456896K)->5547663K(5548032K)
[6339.538s][info][gc,metaspace   ] GC(1837) Metaspace: 29101K(29504K)->29101K(29504K) NonClass: 24209K(24384K)->24209K(24384K) Class: 4892K(5120K)->4892K(5120K)
[6339.538s][info][gc             ] GC(1837) Pause Young (Allocation Failure) 7856M->5554M(7974M) 102.244ms
[6339.538s][info][gc,cpu         ] GC(1837) User=0.58s Sys=0.03s Real=0.11s
..[6341.479s][info][gc,start       ] GC(1838) Pause Full (Allocation Failure)
[6341.479s][info][gc,phases,start] GC(1838) Marking Phase
[6341.793s][info][gc,phases      ] GC(1838) Marking Phase 313.568ms
[6341.793s][info][gc,phases,start] GC(1838) Summary Phase
[6341.793s][info][gc,phases      ] GC(1838) Summary Phase 0.093ms
[6341.793s][info][gc,phases,start] GC(1838) Forward
[6341.922s][info][gc,phases      ] GC(1838) Forward 128.506ms
[6341.922s][info][gc,phases,start] GC(1838) Adjust Pointers
[6342.121s][info][gc,phases      ] GC(1838) Adjust Pointers 199.416ms
[6342.121s][info][gc,phases,start] GC(1838) Compaction Phase
[6342.250s][info][gc,phases      ] GC(1838) Compaction Phase 128.980ms
[6342.251s][info][gc,phases,start] GC(1838) Post Compact
[6342.258s][info][gc,phases      ] GC(1838) Post Compact 6.947ms
[6342.384s][info][gc,heap        ] GC(1838) PSYoungGen: 2585940K(2617344K)->0K(2622464K) Eden: 2445312K(2445312K)->0K(2453504K) From: 140628K(172032K)->0K(168960K)
[6342.384s][info][gc,heap        ] GC(1838) ParOldGen: 5547663K(5548032K)->1440364K(1722368K)
[6342.384s][info][gc,metaspace   ] GC(1838) Metaspace: 29101K(29504K)->29101K(29504K) NonClass: 24209K(24384K)->24209K(24384K) Class: 4892K(5120K)->4892K(5120K)
[6342.384s][info][gc             ] GC(1838) Pause Full (Allocation Failure) 7942M->1406M(4243M) 904.992ms
[6342.384s][info][gc,cpu         ] GC(1838) User=4.17s Sys=0.13s Real=0.90s
..[6343.870s][info][gc,start       ] GC(1839) Pause Young (Allocation Failure)
[6343.942s][info][gc,heap        ] GC(1839) PSYoungGen: 2453504K(2622464K)->153365K(2624000K) Eden: 2453504K(2453504K)->0K(2453504K) From: 0K(168960K)->153365K(170496K)
[6343.942s][info][gc,heap        ] GC(1839) ParOldGen: 1440364K(1722368K)->1440364K(1722368K)
[6343.942s][info][gc,metaspace   ] GC(1839) Metaspace: 29101K(29504K)->29101K(29504K) NonClass: 24209K(24384K)->24209K(24384K) Class: 4892K(5120K)->4892K(5120K)
[6343.942s][info][gc             ] GC(1839) Pause Young (Allocation Failure) 3802M->1556M(4244M) 71.948ms
[6343.942s][info][gc,cpu         ] GC(1839) User=0.42s Sys=0.00s Real=0.07s
.[6345.467s][info][gc,start       ] GC(1840) Pause Young (Allocation Failure)
[6345.563s][info][gc,heap        ] GC(1840) PSYoungGen: 2606869K(2624000K)->142752K(2621952K) Eden: 2453504K(2453504K)->0K(2454528K) From: 153365K(170496K)->142752K(167424K)
[6345.563s][info][gc,heap        ] GC(1840) ParOldGen: 1440364K(1722368K)->1533452K(1722368K)
[6345.563s][info][gc,metaspace   ] GC(1840) Metaspace: 29101K(29504K)->29101K(29504K) NonClass: 24209K(24384K)->24209K(24384K) Class: 4892K(5120K)->4892K(5120K)
[6345.563s][info][gc             ] GC(1840) Pause Young (Allocation Failure) 3952M->1636M(4242M) 95.438ms
[6345.563s][info][gc,cpu         ] GC(1840) User=0.56s Sys=0.00s Real=0.10s
..[6347.397s][info][gc,start       ] GC(1841) Pause Young (Allocation Failure)
[6347.493s][info][gc,heap        ] GC(1841) PSYoungGen: 2597280K(2621952K)->145604K(2623488K) Eden: 2454528K(2454528K)->0K(2454528K) From: 142752K(167424K)->145604K(168960K)
[6347.493s][info][gc,heap        ] GC(1841) ParOldGen: 1533452K(1722368K)->1625660K(1722368K)
[6347.493s][info][gc,metaspace   ] GC(1841) Metaspace: 29101K(29504K)->29101K(29504K) NonClass: 24209K(24384K)->24209K(24384K) Class: 4892K(5120K)->4892K(5120K)
[6347.493s][info][gc             ] GC(1841) Pause Young (Allocation Failure) 4033M->1729M(4244M) 96.020ms
[6347.493s][info][gc,cpu         ] GC(1841) User=0.57s Sys=0.00s Real=0.10s
..[6349.271s][info][gc,start       ] GC(1842) Pause Young (Allocation Failure)
[6349.363s][info][gc,heap        ] GC(1842) PSYoungGen: 2600132K(2623488K)->138112K(2626560K) Eden: 2454528K(2454528K)->0K(2460160K) From: 145604K(168960K)->138112K(166400K)
[6349.363s][info][gc,heap        ] GC(1842) ParOldGen: 1625660K(1722368K)->1716340K(1722368K)
[6349.363s][info][gc,metaspace   ] GC(1842) Metaspace: 29101K(29504K)->29101K(29504K) NonClass: 24209K(24384K)->24209K(24384K) Class: 4892K(5120K)->4892K(5120K)
[6349.363s][info][gc             ] GC(1842) Pause Young (Allocation Failure) 4126M->1810M(4247M) 91.886ms
[6349.363s][info][gc,cpu         ] GC(1842) User=0.54s Sys=0.00s Real=0.09s
..[6351.214s][info][gc,start       ] GC(1843) Pause Young (Allocation Failure)
[6351.311s][info][gc,heap        ] GC(1843) PSYoungGen: 2598272K(2626560K)->142149K(2626560K) Eden: 2460160K(2460160K)->0K(2460160K) From: 138112K(166400K)->142149K(166400K)
[6351.311s][info][gc,heap        ] GC(1843) ParOldGen: 1716340K(1722368K)->1808740K(1808896K)
[6351.311s][info][gc,metaspace   ] GC(1843) Metaspace: 29101K(29504K)->29101K(29504K) NonClass: 24209K(24384K)->24209K(24384K) Class: 4892K(5120K)->4892K(5120K)
[6351.311s][info][gc             ] GC(1843) Pause Young (Allocation Failure) 4213M->1905M(4331M) 97.295ms
[6351.311s][info][gc,cpu         ] GC(1843) User=0.55s Sys=0.02s Real=0.10s
..[6353.186s][info][gc,start       ] GC(1844) Pause Young (Allocation Failure)
[6353.288s][info][gc,heap        ] GC(1844) PSYoungGen: 2602309K(2626560K)->150480K(2628096K) Eden: 2460160K(2460160K)->0K(2463232K) From: 142149K(166400K)->150480K(164864K)
[6353.288s][info][gc,heap        ] GC(1844) ParOldGen: 1808740K(1808896K)->1900564K(1901056K)
[6353.288s][info][gc,metaspace   ] GC(1844) Metaspace: 29101K(29504K)->29101K(29504K) NonClass: 24209K(24384K)->24209K(24384K) Class: 4892K(5120K)->4892K(5120K)
[6353.288s][info][gc             ] GC(1844) Pause Young (Allocation Failure) 4307M->2002M(4423M) 102.042ms
[6353.288s][info][gc,cpu         ] GC(1844) User=0.59s Sys=0.02s Real=0.11s
..[6355.098s][info][gc,start       ] GC(1845) Pause Young (Allocation Failure)
[6355.200s][info][gc,heap        ] GC(1845) PSYoungGen: 2613712K(2628096K)->153968K(2628096K) Eden: 2463232K(2463232K)->0K(2463232K) From: 150480K(164864K)->153968K(164864K)
[6355.200s][info][gc,heap        ] GC(1845) ParOldGen: 1900564K(1901056K)->1990244K(1990656K)
[6355.200s][info][gc,metaspace   ] GC(1845) Metaspace: 29101K(29504K)->29101K(29504K) NonClass: 24209K(24384K)->24209K(24384K) Class: 4892K(5120K)->4892K(5120K)
[6355.200s][info][gc             ] GC(1845) Pause Young (Allocation Failure) 4408M->2093M(4510M) 102.071ms
[6355.200s][info][gc,cpu         ] GC(1845) User=0.57s Sys=0.04s Real=0.10s
..[6357.047s][info][gc,start       ] GC(1846) Pause Young (Allocation Failure)
[6357.149s][info][gc,heap        ] GC(1846) PSYoungGen: 2617200K(2628096K)->148896K(2630144K) Eden: 2463232K(2463232K)->0K(2465280K) From: 153968K(164864K)->148896K(164864K)
[6357.149s][info][gc,heap        ] GC(1846) ParOldGen: 1990244K(1990656K)->2082508K(2082816K)
[6357.149s][info][gc,metaspace   ] GC(1846) Metaspace: 29101K(29504K)->29101K(29504K) NonClass: 24209K(24384K)->24209K(24384K) Class: 4892K(5120K)->4892K(5120K)
[6357.149s][info][gc             ] GC(1846) Pause Young (Allocation Failure) 4499M->2179M(4602M) 102.129ms
[6357.149s][info][gc,cpu         ] GC(1846) User=0.58s Sys=0.03s Real=0.11s
..[6358.891s][info][gc,start       ] GC(1847) Pause Young (Allocation Failure)
[6358.992s][info][gc,heap        ] GC(1847) PSYoungGen: 2614176K(2630144K)->142656K(2630144K) Eden: 2465280K(2465280K)->0K(2465280K) From: 148896K(164864K)->142656K(164864K)
[6358.992s][info][gc,heap        ] GC(1847) ParOldGen: 2082508K(2082816K)->2176916K(2177024K)
[6358.992s][info][gc,metaspace   ] GC(1847) Metaspace: 29101K(29504K)->29101K(29504K) NonClass: 24209K(24384K)->24209K(24384K) Class: 4892K(5120K)->4892K(5120K)
[6358.992s][info][gc             ] GC(1847) Pause Young (Allocation Failure) 4586M->2265M(4694M) 100.458ms
[6358.992s][info][gc,cpu         ] GC(1847) User=0.56s Sys=0.03s Real=0.10s
.[6360.847s][info][gc,start       ] GC(1848) Pause Young (Allocation Failure)
[6360.949s][info][gc,heap        ] GC(1848) PSYoungGen: 2607936K(2630144K)->148544K(2630144K) Eden: 2465280K(2465280K)->0K(2467328K) From: 142656K(164864K)->148544K(162816K)
[6360.949s][info][gc,heap        ] GC(1848) ParOldGen: 2176916K(2177024K)->2266380K(2266624K)
[6360.949s][info][gc,metaspace   ] GC(1848) Metaspace: 29101K(29504K)->29101K(29504K) NonClass: 24209K(24384K)->24209K(24384K) Class: 4892K(5120K)->4892K(5120K)
[6360.949s][info][gc             ] GC(1848) Pause Young (Allocation Failure) 4672M->2358M(4782M) 102.468ms
[6360.949s][info][gc,cpu         ] GC(1848) User=0.57s Sys=0.04s Real=0.11s
..[6362.898s][info][gc,start       ] GC(1849) Pause Young (Allocation Failure)
[6363.004s][info][gc,heap        ] GC(1849) PSYoungGen: 2615872K(2630144K)->155306K(2630144K) Eden: 2467328K(2467328K)->0K(2467328K) From: 148544K(162816K)->155306K(162816K)
[6363.004s][info][gc,heap        ] GC(1849) ParOldGen: 2266380K(2266624K)->2355980K(2356224K)
[6363.004s][info][gc,metaspace   ] GC(1849) Metaspace: 29101K(29504K)->29101K(29504K) NonClass: 24209K(24384K)->24209K(24384K) Class: 4892K(5120K)->4892K(5120K)
[6363.004s][info][gc             ] GC(1849) Pause Young (Allocation Failure) 4767M->2452M(4869M) 105.890ms
[6363.004s][info][gc,cpu         ] GC(1849) User=0.59s Sys=0.04s Real=0.10s
..[6364.821s][info][gc,start       ] GC(1850) Pause Young (Allocation Failure)
[6364.922s][info][gc,heap        ] GC(1850) PSYoungGen: 2622634K(2630144K)->149520K(2632192K) Eden: 2467328K(2467328K)->0K(2467328K) From: 155306K(162816K)->149520K(164864K)
[6364.922s][info][gc,heap        ] GC(1850) ParOldGen: 2355980K(2356224K)->2448052K(2448384K)
[6364.922s][info][gc,metaspace   ] GC(1850) Metaspace: 29101K(29504K)->29101K(29504K) NonClass: 24209K(24384K)->24209K(24384K) Class: 4892K(5120K)->4892K(5120K)
[6364.922s][info][gc             ] GC(1850) Pause Young (Allocation Failure) 4861M->2536M(4961M) 101.207ms
[6364.922s][info][gc,cpu         ] GC(1850) User=0.57s Sys=0.04s Real=0.10s
..[6366.802s][info][gc,start       ] GC(1851) Pause Young (Allocation Failure)
[6366.900s][info][gc,heap        ] GC(1851) PSYoungGen: 2616848K(2632192K)->140608K(2608128K) Eden: 2467328K(2467328K)->0K(2467328K) From: 149520K(164864K)->140608K(140800K)
[6366.900s][info][gc,heap        ] GC(1851) ParOldGen: 2448052K(2448384K)->2540596K(2541056K)
[6366.900s][info][gc,metaspace   ] GC(1851) Metaspace: 29101K(29504K)->29101K(29504K) NonClass: 24209K(24384K)->24209K(24384K) Class: 4892K(5120K)->4892K(5120K)
[6366.900s][info][gc             ] GC(1851) Pause Young (Allocation Failure) 4946M->2618M(5028M) 98.090ms
[6366.900s][info][gc,cpu         ] GC(1851) User=0.55s Sys=0.02s Real=0.10s
..[6368.794s][info][gc,start       ] GC(1852) Pause Young (Allocation Failure)
[6368.895s][info][gc,heap        ] GC(1852) PSYoungGen: 2607936K(2608128K)->151668K(2630656K) Eden: 2467328K(2467328K)->0K(2467328K) From: 140608K(140800K)->151668K(163328K)
[6368.895s][info][gc,heap        ] GC(1852) ParOldGen: 2540596K(2541056K)->2629852K(2630144K)
[6368.895s][info][gc,metaspace   ] GC(1852) Metaspace: 29101K(29504K)->29101K(29504K) NonClass: 24209K(24384K)->24209K(24384K) Class: 4892K(5120K)->4892K(5120K)
[6368.895s][info][gc             ] GC(1852) Pause Young (Allocation Failure) 5027M->2716M(5137M) 100.871ms
[6368.895s][info][gc,cpu         ] GC(1852) User=0.57s Sys=0.03s Real=0.10s
. (rIR:aIR:PR = 10378:10369:10370) (tPR = 153202) [OK] 
  6369s: Performance info:
         Transaction,    Success,    Partial,     Failed,   Receipts, AvgBarcode, 
             Overall,     622910,          0,          0,     591792,      59.47, 
         Response times:
             Request,    Success,    Partial,     Failed,   SkipFail,     Probes,    Samples,      min,      p50,      p90,      p95,      p99,      max, 
       TotalPurchase,     592016,          0,          0,          0,     345974,     398084,      200,     7100,    74000,   138000,   470000,  1100000,
     InStorePurchase,     312907,          0,          0,          0,     181318,     208630,      200,     6900,    68000,   114000,   410000,  1100000,
      OnlinePurchase,     216356,          0,          0,          0,     127743,     146620,      200,     7200,    80000,   193000,   470000,  1100000,
        InstPurchase,      62753,          0,          0,          0,      36913,      42834,      400,     7300,    81000,   222250,   471000,   586000,
          AssocOfCat,        623,          0,          0,          0,        510,        705,    22000,    46000,   134000,   333000,   471700,   513000,
      AssocOfProduct,       6258,          0,          0,          0,       3430,       4112,      800,     9300,    94000,   245000,   409000,  1100000,
      BusinessReport,       1556,          0,          0,          0,       1381,       1707,    25000,    58000,   157000,   341000,   600000,  1100000,
          CustBuyBeh,       6222,          0,          0,          0,       3475,       4130,     1000,     7900,    82000,   152450,   506000,   640000,
       ProductReturn,      16504,          0,          0,          0,       9740,      11379,      200,     6900,    78000,   207000,   495000,   970000,

  6369s: (76%)   IR =  10516 .[6370.759s][info][gc,start       ] GC(1853) Pause Young (Allocation Failure)
[6370.859s][info][gc,heap        ] GC(1853) PSYoungGen: 2618996K(2630656K)->145408K(2630656K) Eden: 2467328K(2467328K)->0K(2467328K) From: 151668K(163328K)->145408K(163328K)
[6370.859s][info][gc,heap        ] GC(1853) ParOldGen: 2629852K(2630144K)->2723124K(2723328K)
[6370.859s][info][gc,metaspace   ] GC(1853) Metaspace: 29101K(29504K)->29101K(29504K) NonClass: 24209K(24384K)->24209K(24384K) Class: 4892K(5120K)->4892K(5120K)
[6370.859s][info][gc             ] GC(1853) Pause Young (Allocation Failure) 5125M->2801M(5228M) 100.057ms
[6370.859s][info][gc,cpu         ] GC(1853) User=0.56s Sys=0.03s Real=0.10s
..[6372.683s][info][gc,start       ] GC(1854) Pause Young (Allocation Failure)
[6372.784s][info][gc,heap        ] GC(1854) PSYoungGen: 2612736K(2630656K)->149365K(2632192K) Eden: 2467328K(2467328K)->0K(2469888K) From: 145408K(163328K)->149365K(162304K)
[6372.784s][info][gc,heap        ] GC(1854) ParOldGen: 2723124K(2723328K)->2814244K(2814464K)
[6372.784s][info][gc,metaspace   ] GC(1854) Metaspace: 29101K(29504K)->29101K(29504K) NonClass: 24209K(24384K)->24209K(24384K) Class: 4892K(5120K)->4892K(5120K)
[6372.784s][info][gc             ] GC(1854) Pause Young (Allocation Failure) 5210M->2894M(5319M) 101.575ms
[6372.784s][info][gc,cpu         ] GC(1854) User=0.57s Sys=0.03s Real=0.10s
..[6374.493s][info][gc,start       ] GC(1855) Pause Young (Allocation Failure)
[6374.592s][info][gc,heap        ] GC(1855) PSYoungGen: 2619253K(2632192K)->144325K(2631680K) Eden: 2469888K(2469888K)->0K(2469888K) From: 149365K(162304K)->144325K(161792K)
[6374.592s][info][gc,heap        ] GC(1855) ParOldGen: 2814244K(2814464K)->2906620K(2906624K)
[6374.592s][info][gc,metaspace   ] GC(1855) Metaspace: 29101K(29504K)->29101K(29504K) NonClass: 24209K(24384K)->24209K(24384K) Class: 4892K(5120K)->4892K(5120K)
[6374.592s][info][gc             ] GC(1855) Pause Young (Allocation Failure) 5306M->2979M(5408M) 98.981ms
[6374.592s][info][gc,cpu         ] GC(1855) User=0.56s Sys=0.03s Real=0.10s
..[6376.372s][info][gc,start       ] GC(1856) Pause Young (Allocation Failure)
[6376.473s][info][gc,heap        ] GC(1856) PSYoungGen: 2614213K(2631680K)->145280K(2633216K) Eden: 2469888K(2469888K)->0K(2472960K) From: 144325K(161792K)->145280K(160256K)
[6376.473s][info][gc,heap        ] GC(1856) ParOldGen: 2906620K(2906624K)->2997588K(2997760K)
[6376.473s][info][gc,metaspace   ] GC(1856) Metaspace: 29101K(29504K)->29101K(29504K) NonClass: 24209K(24384K)->24209K(24384K) Class: 4892K(5120K)->4892K(5120K)
[6376.473s][info][gc             ] GC(1856) Pause Young (Allocation Failure) 5391M->3069M(5499M) 101.171ms
[6376.473s][info][gc,cpu         ] GC(1856) User=0.58s Sys=0.01s Real=0.10s
..[6378.306s][info][gc,start       ] GC(1857) Pause Young (Allocation Failure)
[6378.404s][info][gc,heap        ] GC(1857) PSYoungGen: 2618240K(2633216K)->140800K(2632704K) Eden: 2472960K(2472960K)->0K(2472960K) From: 145280K(160256K)->140800K(159744K)
[6378.404s][info][gc,heap        ] GC(1857) ParOldGen: 2997588K(2997760K)->3088812K(3088896K)
[6378.404s][info][gc,metaspace   ] GC(1857) Metaspace: 29101K(29504K)->29101K(29504K) NonClass: 24209K(24384K)->24209K(24384K) Class: 4892K(5120K)->4892K(5120K)
[6378.404s][info][gc             ] GC(1857) Pause Young (Allocation Failure) 5484M->3153M(5587M) 98.114ms
[6378.404s][info][gc,cpu         ] GC(1857) User=0.55s Sys=0.03s Real=0.10s
.[6380.165s][info][gc,start       ] GC(1858) Pause Young (Allocation Failure)
[6380.267s][info][gc,heap        ] GC(1858) PSYoungGen: 2613760K(2632704K)->151440K(2634240K) Eden: 2472960K(2472960K)->0K(2475008K) From: 140800K(159744K)->151440K(159232K)
[6380.267s][info][gc,heap        ] GC(1858) ParOldGen: 3088812K(3088896K)->3181556K(3181568K)
[6380.267s][info][gc,metaspace   ] GC(1858) Metaspace: 29101K(29504K)->29101K(29504K) NonClass: 24209K(24384K)->24209K(24384K) Class: 4892K(5120K)->4892K(5120K)
[6380.268s][info][gc             ] GC(1858) Pause Young (Allocation Failure) 5568M->3254M(5679M) 102.248ms
[6380.268s][info][gc,cpu         ] GC(1858) User=0.57s Sys=0.03s Real=0.11s
..[6382.086s][info][gc,start       ] GC(1859) Pause Young (Allocation Failure)
[6382.189s][info][gc,heap        ] GC(1859) PSYoungGen: 2626448K(2634240K)->153540K(2628608K) Eden: 2475008K(2475008K)->0K(2475008K) From: 151440K(159232K)->153540K(153600K)
[6382.189s][info][gc,heap        ] GC(1859) ParOldGen: 3181556K(3181568K)->3271940K(3272192K)
[6382.189s][info][gc,metaspace   ] GC(1859) Metaspace: 29101K(29504K)->29101K(29504K) NonClass: 24209K(24384K)->24209K(24384K) Class: 4892K(5120K)->4892K(5120K)
[6382.189s][info][gc             ] GC(1859) Pause Young (Allocation Failure) 5671M->3345M(5762M) 102.773ms
[6382.189s][info][gc,cpu         ] GC(1859) User=0.58s Sys=0.03s Real=0.11s
..[6383.968s][info][gc,start       ] GC(1860) Pause Young (Allocation Failure)
[6384.067s][info][gc,heap        ] GC(1860) PSYoungGen: 2628548K(2628608K)->140832K(2634752K) Eden: 2475008K(2475008K)->0K(2473472K) From: 153540K(153600K)->140832K(161280K)
[6384.067s][info][gc,heap        ] GC(1860) ParOldGen: 3271940K(3272192K)->3366212K(3366400K)
[6384.067s][info][gc,metaspace   ] GC(1860) Metaspace: 29101K(29504K)->29101K(29504K) NonClass: 24209K(24384K)->24209K(24384K) Class: 4892K(5120K)->4892K(5120K)
[6384.067s][info][gc             ] GC(1860) Pause Young (Allocation Failure) 5762M->3424M(5860M) 98.374ms
[6384.067s][info][gc,cpu         ] GC(1860) User=0.56s Sys=0.02s Real=0.09s
..[6385.884s][info][gc,start       ] GC(1861) Pause Young (Allocation Failure)
[6385.984s][info][gc,heap        ] GC(1861) PSYoungGen: 2614304K(2634752K)->146496K(2620416K) Eden: 2473472K(2473472K)->0K(2473472K) From: 140832K(161280K)->146496K(146944K)
[6385.984s][info][gc,heap        ] GC(1861) ParOldGen: 3366212K(3366400K)->3455172K(3455488K)
[6385.984s][info][gc,metaspace   ] GC(1861) Metaspace: 29101K(29504K)->29101K(29504K) NonClass: 24209K(24384K)->24209K(24384K) Class: 4892K(5120K)->4892K(5120K)
[6385.984s][info][gc             ] GC(1861) Pause Young (Allocation Failure) 5840M->3517M(5933M) 99.877ms
[6385.984s][info][gc,cpu         ] GC(1861) User=0.57s Sys=0.02s Real=0.10s
..[6387.822s][info][gc,start       ] GC(1862) Pause Young (Allocation Failure)
[6387.928s][info][gc,heap        ] GC(1862) PSYoungGen: 2619968K(2620416K)->150697K(2633216K) Eden: 2473472K(2473472K)->0K(2473472K) From: 146496K(146944K)->150697K(159744K)
[6387.928s][info][gc,heap        ] GC(1862) ParOldGen: 3455172K(3455488K)->3546156K(3546624K)
[6387.928s][info][gc,metaspace   ] GC(1862) Metaspace: 29101K(29504K)->29101K(29504K) NonClass: 24209K(24384K)->24209K(24384K) Class: 4892K(5120K)->4892K(5120K)
[6387.928s][info][gc             ] GC(1862) Pause Young (Allocation Failure) 5932M->3610M(6035M) 106.353ms
[6387.928s][info][gc,cpu         ] GC(1862) User=0.59s Sys=0.03s Real=0.11s
..[6389.747s][info][gc,start       ] GC(1863) Pause Young (Allocation Failure)
[6389.849s][info][gc,heap        ] GC(1863) PSYoungGen: 2624169K(2633216K)->144992K(2633216K) Eden: 2473472K(2473472K)->0K(2473472K) From: 150697K(159744K)->144992K(159744K)
[6389.849s][info][gc,heap        ] GC(1863) ParOldGen: 3546156K(3546624K)->3637748K(3637760K)
[6389.849s][info][gc,metaspace   ] GC(1863) Metaspace: 29101K(29504K)->29101K(29504K) NonClass: 24209K(24384K)->24209K(24384K) Class: 4892K(5120K)->4892K(5120K)
[6389.849s][info][gc             ] GC(1863) Pause Young (Allocation Failure) 6025M->3694M(6124M) 101.508ms
[6389.849s][info][gc,cpu         ] GC(1863) User=0.58s Sys=0.03s Real=0.11s
..[6391.707s][info][gc,start       ] GC(1864) Pause Young (Allocation Failure)
[6391.812s][info][gc,heap        ] GC(1864) PSYoungGen: 2618464K(2633216K)->149908K(2635776K) Eden: 2473472K(2473472K)->0K(2477056K) From: 144992K(159744K)->149908K(158720K)
[6391.812s][info][gc,heap        ] GC(1864) ParOldGen: 3637748K(3637760K)->3729172K(3729408K)
[6391.812s][info][gc,metaspace   ] GC(1864) Metaspace: 29101K(29504K)->29101K(29504K) NonClass: 24209K(24384K)->24209K(24384K) Class: 4892K(5120K)->4892K(5120K)
[6391.812s][info][gc             ] GC(1864) Pause Young (Allocation Failure) 6109M->3788M(6216M) 104.100ms
[6391.812s][info][gc,cpu         ] GC(1864) User=0.59s Sys=0.02s Real=0.10s
..|[6393.592s][info][gc,start       ] GC(1865) Pause Young (Allocation Failure)
[6393.695s][info][gc,heap        ] GC(1865) PSYoungGen: 2626964K(2635776K)->146102K(2635776K) Eden: 2477056K(2477056K)->0K(2477056K) From: 149908K(158720K)->146102K(158720K)
[6393.695s][info][gc,heap        ] GC(1865) ParOldGen: 3729172K(3729408K)->3821196K(3821568K)
[6393.695s][info][gc,metaspace   ] GC(1865) Metaspace: 29101K(29504K)->29101K(29504K) NonClass: 24209K(24384K)->24209K(24384K) Class: 4892K(5120K)->4892K(5120K)
[6393.695s][info][gc             ] GC(1865) Pause Young (Allocation Failure) 6207M->3874M(6306M) 103.754ms
[6393.695s][info][gc,cpu         ] GC(1865) User=0.59s Sys=0.02s Real=0.10s
.[6395.513s][info][gc,start       ] GC(1866) Pause Young (Allocation Failure)
[6395.618s][info][gc,heap        ] GC(1866) PSYoungGen: 2623158K(2635776K)->151237K(2636800K) Eden: 2477056K(2477056K)->0K(2478592K) From: 146102K(158720K)->151237K(158208K)
[6395.618s][info][gc,heap        ] GC(1866) ParOldGen: 3821196K(3821568K)->3909892K(3910144K)
[6395.618s][info][gc,metaspace   ] GC(1866) Metaspace: 29101K(29504K)->29101K(29504K) NonClass: 24209K(24384K)->24209K(24384K) Class: 4892K(5120K)->4892K(5120K)
[6395.618s][info][gc             ] GC(1866) Pause Young (Allocation Failure) 6293M->3965M(6393M) 105.501ms
[6395.618s][info][gc,cpu         ] GC(1866) User=0.59s Sys=0.03s Real=0.11s
..[6397.435s][info][gc,start       ] GC(1867) Pause Young (Allocation Failure)
[6397.537s][info][gc,heap        ] GC(1867) PSYoungGen: 2629829K(2636800K)->144756K(2636800K) Eden: 2478592K(2478592K)->0K(2478592K) From: 151237K(158208K)->144756K(158208K)
[6397.537s][info][gc,heap        ] GC(1867) ParOldGen: 3909892K(3910144K)->4001596K(4001792K)
[6397.537s][info][gc,metaspace   ] GC(1867) Metaspace: 29101K(29504K)->29101K(29504K) NonClass: 24209K(24384K)->24209K(24384K) Class: 4892K(5120K)->4892K(5120K)
[6397.537s][info][gc             ] GC(1867) Pause Young (Allocation Failure) 6386M->4049M(6483M) 102.386ms
[6397.537s][info][gc,cpu         ] GC(1867) User=0.58s Sys=0.02s Real=0.10s
..[6399.275s][info][gc,start       ] GC(1868) Pause Young (Allocation Failure)
[6399.375s][info][gc,heap        ] GC(1868) PSYoungGen: 2623348K(2636800K)->141012K(2637312K) Eden: 2478592K(2478592K)->0K(2479616K) From: 144756K(158208K)->141012K(157696K)
[6399.375s][info][gc,heap        ] GC(1868) ParOldGen: 4001596K(4001792K)->4095460K(4095488K)
[6399.375s][info][gc,metaspace   ] GC(1868) Metaspace: 29101K(29504K)->29101K(29504K) NonClass: 24209K(24384K)->24209K(24384K) Class: 4892K(5120K)->4892K(5120K)
[6399.375s][info][gc             ] GC(1868) Pause Young (Allocation Failure) 6469M->4137M(6575M) 100.856ms
[6399.375s][info][gc,cpu         ] GC(1868) User=0.56s Sys=0.03s Real=0.10s
..[6401.168s][info][gc,start       ] GC(1869) Pause Young (Allocation Failure)
[6401.269s][info][gc,heap        ] GC(1869) PSYoungGen: 2620628K(2637312K)->148672K(2637312K) Eden: 2479616K(2479616K)->0K(2479616K) From: 141012K(157696K)->148672K(157696K)
[6401.269s][info][gc,heap        ] GC(1869) ParOldGen: 4095460K(4095488K)->4186132K(4186624K)
[6401.269s][info][gc,metaspace   ] GC(1869) Metaspace: 29101K(29504K)->29101K(29504K) NonClass: 24209K(24384K)->24209K(24384K) Class: 4892K(5120K)->4892K(5120K)
[6401.269s][info][gc             ] GC(1869) Pause Young (Allocation Failure) 6558M->4233M(6664M) 100.946ms
[6401.269s][info][gc,cpu         ] GC(1869) User=0.57s Sys=0.03s Real=0.10s
..[6403.036s][info][gc,start       ] GC(1870) Pause Young (Allocation Failure)
[6403.142s][info][gc,heap        ] GC(1870) PSYoungGen: 2628288K(2637312K)->153667K(2635264K) Eden: 2479616K(2479616K)->0K(2477568K) From: 148672K(157696K)->153667K(157696K)
[6403.142s][info][gc,heap        ] GC(1870) ParOldGen: 4186132K(4186624K)->4279516K(4279808K)
[6403.142s][info][gc,metaspace   ] GC(1870) Metaspace: 29101K(29504K)->29101K(29504K) NonClass: 24209K(24384K)->24209K(24384K) Class: 4892K(5120K)->4892K(5120K)
[6403.142s][info][gc             ] GC(1870) Pause Young (Allocation Failure) 6654M->4329M(6753M) 106.644ms
[6403.142s][info][gc,cpu         ] GC(1870) User=0.60s Sys=0.03s Real=0.11s
..[6404.916s][info][gc,start       ] GC(1871) Pause Young (Allocation Failure)
[6405.021s][info][gc,heap        ] GC(1871) PSYoungGen: 2631235K(2635264K)->153179K(2631168K) Eden: 2477568K(2477568K)->0K(2477568K) From: 153667K(157696K)->153179K(153600K)
[6405.021s][info][gc,heap        ] GC(1871) ParOldGen: 4279516K(4279808K)->4368924K(4369408K)
[6405.021s][info][gc,metaspace   ] GC(1871) Metaspace: 29101K(29504K)->29101K(29504K) NonClass: 24209K(24384K)->24209K(24384K) Class: 4892K(5120K)->4892K(5120K)
[6405.021s][info][gc             ] GC(1871) Pause Young (Allocation Failure) 6748M->4416M(6836M) 104.152ms
[6405.021s][info][gc,cpu         ] GC(1871) User=0.59s Sys=0.03s Real=0.11s
..[6406.879s][info][gc,start       ] GC(1872) Pause Young (Allocation Failure)
[6406.988s][info][gc,heap        ] GC(1872) PSYoungGen: 2630747K(2631168K)->154789K(2633216K) Eden: 2477568K(2477568K)->0K(2473472K) From: 153179K(153600K)->154789K(159744K)
[6406.988s][info][gc,heap        ] GC(1872) ParOldGen: 4368924K(4369408K)->4463628K(4464128K)
[6406.988s][info][gc,metaspace   ] GC(1872) Metaspace: 29101K(29504K)->29101K(29504K) NonClass: 24209K(24384K)->24209K(24384K) Class: 4892K(5120K)->4892K(5120K)
[6406.988s][info][gc             ] GC(1872) Pause Young (Allocation Failure) 6835M->4510M(6931M) 108.685ms
[6406.988s][info][gc,cpu         ] GC(1872) User=0.61s Sys=0.03s Real=0.11s
..[6408.862s][info][gc,start       ] GC(1873) Pause Young (Allocation Failure)
[6408.966s][info][gc,heap        ] GC(1873) PSYoungGen: 2628261K(2633216K)->150144K(2634752K) Eden: 2473472K(2473472K)->0K(2473472K) From: 154789K(159744K)->150144K(161280K)
[6408.966s][info][gc,heap        ] GC(1873) ParOldGen: 4463628K(4464128K)->4553460K(4553728K)
[6408.966s][info][gc,metaspace   ] GC(1873) Metaspace: 29101K(29504K)->29101K(29504K) NonClass: 24209K(24384K)->24209K(24384K) Class: 4892K(5120K)->4892K(5120K)
[6408.966s][info][gc             ] GC(1873) Pause Young (Allocation Failure) 6925M->4593M(7020M) 103.931ms
[6408.966s][info][gc,cpu         ] GC(1873) User=0.59s Sys=0.01s Real=0.10s
.[6410.732s][info][gc,start       ] GC(1874) Pause Young (Allocation Failure)
[6410.832s][info][gc,heap        ] GC(1874) PSYoungGen: 2623616K(2634752K)->139776K(2634240K) Eden: 2473472K(2473472K)->0K(2473984K) From: 150144K(161280K)->139776K(160256K)
[6410.832s][info][gc,heap        ] GC(1874) ParOldGen: 4553460K(4553728K)->4646660K(4646912K)
[6410.832s][info][gc,metaspace   ] GC(1874) Metaspace: 29101K(29504K)->29101K(29504K) NonClass: 24209K(24384K)->24209K(24384K) Class: 4892K(5120K)->4892K(5120K)
[6410.832s][info][gc             ] GC(1874) Pause Young (Allocation Failure) 7008M->4674M(7110M) 100.376ms
[6410.832s][info][gc,cpu         ] GC(1874) User=0.56s Sys=0.03s Real=0.10s
..[6412.556s][info][gc,start       ] GC(1875) Pause Young (Allocation Failure)
[6412.660s][info][gc,heap        ] GC(1875) PSYoungGen: 2613760K(2634240K)->148192K(2634752K) Eden: 2473984K(2473984K)->0K(2473984K) From: 139776K(160256K)->148192K(160768K)
[6412.660s][info][gc,heap        ] GC(1875) ParOldGen: 4646660K(4646912K)->4735892K(4736000K)
[6412.660s][info][gc,metaspace   ] GC(1875) Metaspace: 29101K(29504K)->29101K(29504K) NonClass: 24209K(24384K)->24209K(24384K) Class: 4892K(5120K)->4892K(5120K)
[6412.660s][info][gc             ] GC(1875) Pause Young (Allocation Failure) 7090M->4769M(7198M) 103.969ms
[6412.660s][info][gc,cpu         ] GC(1875) User=0.59s Sys=0.04s Real=0.11s
..[6414.509s][info][gc,start       ] GC(1876) Pause Young (Allocation Failure)
[6414.612s][info][gc,heap        ] GC(1876) PSYoungGen: 2622176K(2634752K)->146496K(2633728K) Eden: 2473984K(2473984K)->0K(2475520K) From: 148192K(160768K)->146496K(158208K)
[6414.612s][info][gc,heap        ] GC(1876) ParOldGen: 4735892K(4736000K)->4826356K(4826624K)
[6414.612s][info][gc,metaspace   ] GC(1876) Metaspace: 29101K(29504K)->29101K(29504K) NonClass: 24209K(24384K)->24209K(24384K) Class: 4892K(5120K)->4892K(5120K)
[6414.612s][info][gc             ] GC(1876) Pause Young (Allocation Failure) 7185M->4856M(7285M) 103.000ms
[6414.612s][info][gc,cpu         ] GC(1876) User=0.58s Sys=0.03s Real=0.10s
..[6416.393s][info][gc,start       ] GC(1877) Pause Young (Allocation Failure)
[6416.498s][info][gc,heap        ] GC(1877) PSYoungGen: 2617685K(2633728K)->148692K(2634240K) Eden: 2471189K(2475520K)->0K(2475520K) From: 146496K(158208K)->148692K(158720K)
[6416.498s][info][gc,heap        ] GC(1877) ParOldGen: 4826356K(4826624K)->4917532K(4917760K)
[6416.498s][info][gc,metaspace   ] GC(1877) Metaspace: 29101K(29504K)->29101K(29504K) NonClass: 24209K(24384K)->24209K(24384K) Class: 4892K(5120K)->4892K(5120K)
[6416.498s][info][gc             ] GC(1877) Pause Young (Allocation Failure) 7269M->4947M(7375M) 104.439ms
[6416.498s][info][gc,cpu         ] GC(1877) User=0.59s Sys=0.02s Real=0.11s
..[6418.350s][info][gc,start       ] GC(1878) Pause Young (Allocation Failure)
[6418.449s][info][gc,heap        ] GC(1878) PSYoungGen: 2624212K(2634240K)->137472K(2636800K) Eden: 2475520K(2475520K)->0K(2478592K) From: 148692K(158720K)->137472K(158208K)
[6418.449s][info][gc,heap        ] GC(1878) ParOldGen: 4917532K(4917760K)->5010116K(5010432K)
[6418.449s][info][gc,metaspace   ] GC(1878) Metaspace: 29101K(29504K)->29101K(29504K) NonClass: 24209K(24384K)->24209K(24384K) Class: 4892K(5120K)->4892K(5120K)
[6418.449s][info][gc             ] GC(1878) Pause Young (Allocation Failure) 7364M->5026M(7468M) 99.431ms
[6418.449s][info][gc,cpu         ] GC(1878) User=0.55s Sys=0.03s Real=0.10s
..[6420.243s][info][gc,start       ] GC(1879) Pause Young (Allocation Failure)
[6420.341s][info][gc,heap        ] GC(1879) PSYoungGen: 2616064K(2636800K)->135392K(2614272K) Eden: 2478592K(2478592K)->0K(2478592K) From: 137472K(158208K)->135392K(135680K)
[6420.341s][info][gc,heap        ] GC(1879) ParOldGen: 5010116K(5010432K)->5102436K(5102592K)
[6420.341s][info][gc,metaspace   ] GC(1879) Metaspace: 29101K(29504K)->29101K(29504K) NonClass: 24209K(24384K)->24209K(24384K) Class: 4892K(5120K)->4892K(5120K)
[6420.341s][info][gc             ] GC(1879) Pause Young (Allocation Failure) 7447M->5115M(7536M) 97.840ms
[6420.341s][info][gc,cpu         ] GC(1879) User=0.54s Sys=0.04s Real=0.10s
..[6422.170s][info][gc,start       ] GC(1880) Pause Young (Allocation Failure)
[6422.278s][info][gc,heap        ] GC(1880) PSYoungGen: 2613984K(2614272K)->156932K(2631168K) Eden: 2478592K(2478592K)->0K(2471424K) From: 135392K(135680K)->156932K(159744K)
[6422.278s][info][gc,heap        ] GC(1880) ParOldGen: 5102436K(5102592K)->5192220K(5192704K)
[6422.278s][info][gc,metaspace   ] GC(1880) Metaspace: 29101K(29504K)->29101K(29504K) NonClass: 24209K(24384K)->24209K(24384K) Class: 4892K(5120K)->4892K(5120K)
[6422.278s][info][gc             ] GC(1880) Pause Young (Allocation Failure) 7535M->5223M(7640M) 107.306ms
[6422.278s][info][gc,cpu         ] GC(1880) User=0.60s Sys=0.03s Real=0.11s
.[6423.978s][info][gc,start       ] GC(1881) Pause Young (Allocation Failure)
[6424.086s][info][gc,heap        ] GC(1881) PSYoungGen: 2628356K(2631168K)->151584K(2623488K) Eden: 2471424K(2471424K)->0K(2471424K) From: 156932K(159744K)->151584K(152064K)
[6424.086s][info][gc,heap        ] GC(1881) ParOldGen: 5192220K(5192704K)->5285868K(5285888K)
[6424.086s][info][gc,metaspace   ] GC(1881) Metaspace: 29101K(29504K)->29101K(29504K) NonClass: 24209K(24384K)->24209K(24384K) Class: 4892K(5120K)->4892K(5120K)
[6424.086s][info][gc             ] GC(1881) Pause Young (Allocation Failure) 7637M->5310M(7724M) 107.489ms
[6424.086s][info][gc,cpu         ] GC(1881) User=0.60s Sys=0.03s Real=0.10s
..[6425.981s][info][gc,start       ] GC(1882) Pause Young (Allocation Failure)
[6426.083s][info][gc,heap        ] GC(1882) PSYoungGen: 2623008K(2623488K)->146528K(2634752K) Eden: 2471424K(2471424K)->0K(2471936K) From: 151584K(152064K)->146528K(162816K)
[6426.083s][info][gc,heap        ] GC(1882) ParOldGen: 5285868K(5285888K)->5375788K(5376000K)
[6426.083s][info][gc,metaspace   ] GC(1882) Metaspace: 29101K(29504K)->29101K(29504K) NonClass: 24209K(24384K)->24209K(24384K) Class: 4892K(5120K)->4892K(5120K)
[6426.083s][info][gc             ] GC(1882) Pause Young (Allocation Failure) 7723M->5392M(7823M) 102.026ms
[6426.083s][info][gc,cpu         ] GC(1882) User=0.57s Sys=0.04s Real=0.10s
..[6427.903s][info][gc,start       ] GC(1883) Pause Young (Allocation Failure)
[6428.015s][info][gc,heap        ] GC(1883) PSYoungGen: 2618464K(2634752K)->161267K(2633216K) Eden: 2471936K(2471936K)->0K(2471936K) From: 146528K(162816K)->161267K(161280K)
[6428.015s][info][gc,heap        ] GC(1883) ParOldGen: 5375788K(5376000K)->5469716K(5470208K)
[6428.015s][info][gc,metaspace   ] GC(1883) Metaspace: 29101K(29504K)->29101K(29504K) NonClass: 24209K(24384K)->24209K(24384K) Class: 4892K(5120K)->4892K(5120K)
[6428.015s][info][gc             ] GC(1883) Pause Young (Allocation Failure) 7806M->5499M(7913M) 112.131ms
[6428.015s][info][gc,cpu         ] GC(1883) User=0.62s Sys=0.03s Real=0.11s
..[6429.720s][info][gc,start       ] GC(1884) Pause Young (Allocation Failure)
[6429.826s][info][gc,heap        ] GC(1884) PSYoungGen: 2633203K(2633216K)->149957K(2564608K) Eden: 2471936K(2471936K)->0K(2401792K) From: 161267K(161280K)->149957K(162816K)
[6429.826s][info][gc,heap        ] GC(1884) ParOldGen: 5469716K(5470208K)->5560260K(5560320K)
[6429.826s][info][gc,metaspace   ] GC(1884) Metaspace: 29101K(29504K)->29101K(29504K) NonClass: 24209K(24384K)->24209K(24384K) Class: 4892K(5120K)->4892K(5120K)
[6429.826s][info][gc             ] GC(1884) Pause Young (Allocation Failure) 7913M->5576M(7934M) 105.849ms
[6429.826s][info][gc,cpu         ] GC(1884) User=0.59s Sys=0.04s Real=0.10s
..[6431.546s][info][gc,start       ] GC(1885) Pause Full (Allocation Failure)
[6431.546s][info][gc,phases,start] GC(1885) Marking Phase
[6431.840s][info][gc,phases      ] GC(1885) Marking Phase 294.061ms
[6431.840s][info][gc,phases,start] GC(1885) Summary Phase
[6431.840s][info][gc,phases      ] GC(1885) Summary Phase 0.097ms
[6431.840s][info][gc,phases,start] GC(1885) Forward
[6431.971s][info][gc,phases      ] GC(1885) Forward 130.843ms
[6431.971s][info][gc,phases,start] GC(1885) Adjust Pointers
[6432.167s][info][gc,phases      ] GC(1885) Adjust Pointers 196.126ms
[6432.167s][info][gc,phases,start] GC(1885) Compaction Phase
[6432.294s][info][gc,phases      ] GC(1885) Compaction Phase 127.167ms
[6432.295s][info][gc,phases,start] GC(1885) Post Compact
[6432.302s][info][gc,phases      ] GC(1885) Post Compact 6.846ms
[6432.431s][info][gc,heap        ] GC(1885) PSYoungGen: 2551749K(2564608K)->0K(2598912K) Eden: 2401792K(2401792K)->0K(2401792K) From: 149957K(162816K)->0K(197120K)
[6432.431s][info][gc,heap        ] GC(1885) ParOldGen: 5560260K(5560320K)->1426997K(1714688K)
[6432.431s][info][gc,metaspace   ] GC(1885) Metaspace: 29101K(29504K)->29101K(29504K) NonClass: 24209K(24384K)->24209K(24384K) Class: 4892K(5120K)->4892K(5120K)
[6432.431s][info][gc             ] GC(1885) Pause Full (Allocation Failure) 7921M->1393M(4212M) 884.781ms
[6432.431s][info][gc,cpu         ] GC(1885) User=4.03s Sys=0.13s Real=0.89s
..[6433.870s][info][gc,start       ] GC(1886) Pause Young (Allocation Failure)
[6433.933s][info][gc,heap        ] GC(1886) PSYoungGen: 2401792K(2598912K)->142000K(2595840K) Eden: 2401792K(2401792K)->0K(2401792K) From: 0K(197120K)->142000K(194048K)
[6433.933s][info][gc,heap        ] GC(1886) ParOldGen: 1426997K(1714688K)->1426997K(1714688K)
[6433.933s][info][gc,metaspace   ] GC(1886) Metaspace: 29101K(29504K)->29101K(29504K) NonClass: 24209K(24384K)->24209K(24384K) Class: 4892K(5120K)->4892K(5120K)
[6433.933s][info][gc             ] GC(1886) Pause Young (Allocation Failure) 3739M->1532M(4209M) 63.310ms
[6433.933s][info][gc,cpu         ] GC(1886) User=0.37s Sys=0.00s Real=0.06s
.[6435.315s][info][gc,start       ] GC(1887) Pause Young (Allocation Failure)
[6435.408s][info][gc,heap        ] GC(1887) PSYoungGen: 2543792K(2595840K)->138495K(2597376K) Eden: 2401791K(2401792K)->0K(2401792K) From: 142000K(194048K)->138495K(195584K)
[6435.408s][info][gc,heap        ] GC(1887) ParOldGen: 1426997K(1714688K)->1519237K(1714688K)
[6435.408s][info][gc,metaspace   ] GC(1887) Metaspace: 29101K(29504K)->29101K(29504K) NonClass: 24209K(24384K)->24209K(24384K) Class: 4892K(5120K)->4892K(5120K)
[6435.408s][info][gc             ] GC(1887) Pause Young (Allocation Failure) 3877M->1618M(4211M) 93.009ms
[6435.409s][info][gc,cpu         ] GC(1887) User=0.54s Sys=0.01s Real=0.10s
..[6437.134s][info][gc,start       ] GC(1888) Pause Young (Allocation Failure)
[6437.227s][info][gc,heap        ] GC(1888) PSYoungGen: 2540287K(2597376K)->144064K(2595840K) Eden: 2401792K(2401792K)->0K(2405888K) From: 138495K(195584K)->144064K(189952K)
[6437.227s][info][gc,heap        ] GC(1888) ParOldGen: 1519237K(1714688K)->1611109K(1714688K)
[6437.227s][info][gc,metaspace   ] GC(1888) Metaspace: 29101K(29504K)->29101K(29504K) NonClass: 24209K(24384K)->24209K(24384K) Class: 4892K(5120K)->4892K(5120K)
[6437.227s][info][gc             ] GC(1888) Pause Young (Allocation Failure) 3964M->1714M(4209M) 93.115ms
[6437.227s][info][gc,cpu         ] GC(1888) User=0.55s Sys=0.00s Real=0.10s
..[6439.057s][info][gc,start       ] GC(1889) Pause Young (Allocation Failure)
[6439.153s][info][gc,heap        ] GC(1889) PSYoungGen: 2549952K(2595840K)->151067K(2598400K) Eden: 2405888K(2405888K)->0K(2405888K) From: 144064K(189952K)->151067K(192512K)
[6439.153s][info][gc,heap        ] GC(1889) ParOldGen: 1611109K(1714688K)->1702029K(1714688K)
[6439.153s][info][gc,metaspace   ] GC(1889) Metaspace: 29101K(29504K)->29101K(29504K) NonClass: 24209K(24384K)->24209K(24384K) Class: 4892K(5120K)->4892K(5120K)
[6439.153s][info][gc             ] GC(1889) Pause Young (Allocation Failure) 4063M->1809M(4212M) 96.602ms
[6439.154s][info][gc,cpu         ] GC(1889) User=0.57s Sys=0.00s Real=0.10s
..[6440.960s][info][gc,start       ] GC(1890) Pause Young (Allocation Failure)
[6441.056s][info][gc,heap        ] GC(1890) PSYoungGen: 2556955K(2598400K)->142976K(2600448K) Eden: 2405888K(2405888K)->0K(2414592K) From: 151067K(192512K)->142976K(185856K)
[6441.056s][info][gc,heap        ] GC(1890) ParOldGen: 1702029K(1714688K)->1789797K(1789952K)
[6441.056s][info][gc,metaspace   ] GC(1890) Metaspace: 29101K(29504K)->29101K(29504K) NonClass: 24209K(24384K)->24209K(24384K) Class: 4892K(5120K)->4892K(5120K)
[6441.056s][info][gc             ] GC(1890) Pause Young (Allocation Failure) 4159M->1887M(4287M) 95.955ms
[6441.056s][info][gc,cpu         ] GC(1890) User=0.54s Sys=0.03s Real=0.09s
..[6442.887s][info][gc,start       ] GC(1891) Pause Young (Allocation Failure)
[6442.983s][info][gc,heap        ] GC(1891) PSYoungGen: 2557568K(2600448K)->139392K(2601472K) Eden: 2414592K(2414592K)->0K(2414592K) From: 142976K(185856K)->139392K(186880K)
[6442.983s][info][gc,heap        ] GC(1891) ParOldGen: 1789797K(1789952K)->1881629K(1882112K)
[6442.983s][info][gc,metaspace   ] GC(1891) Metaspace: 29101K(29504K)->29101K(29504K) NonClass: 24209K(24384K)->24209K(24384K) Class: 4892K(5120K)->4892K(5120K)
[6442.983s][info][gc             ] GC(1891) Pause Young (Allocation Failure) 4245M->1973M(4378M) 95.832ms
[6442.983s][info][gc,cpu         ] GC(1891) User=0.54s Sys=0.03s Real=0.10s
.[6444.758s][info][gc,start       ] GC(1892) Pause Young (Allocation Failure)
[6444.858s][info][gc,heap        ] GC(1892) PSYoungGen: 2553984K(2601472K)->142042K(2605568K) Eden: 2414592K(2414592K)->0K(2423808K) From: 139392K(186880K)->142042K(181760K)
[6444.858s][info][gc,heap        ] GC(1892) ParOldGen: 1881629K(1882112K)->1971909K(1972224K)
[6444.858s][info][gc,metaspace   ] GC(1892) Metaspace: 29101K(29504K)->29101K(29504K) NonClass: 24209K(24384K)->24209K(24384K) Class: 4892K(5120K)->4892K(5120K)
[6444.858s][info][gc             ] GC(1892) Pause Young (Allocation Failure) 4331M->2064M(4470M) 99.658ms
[6444.858s][info][gc,cpu         ] GC(1892) User=0.57s Sys=0.02s Real=0.10s
..[6446.585s][info][gc,start       ] GC(1893) Pause Young (Allocation Failure)
[6446.683s][info][gc,heap        ] GC(1893) PSYoungGen: 2565850K(2605568K)->143296K(2607104K) Eden: 2423808K(2423808K)->0K(2423808K) From: 142042K(181760K)->143296K(183296K)
[6446.683s][info][gc,heap        ] GC(1893) ParOldGen: 1971909K(1972224K)->2061533K(2061824K)
[6446.683s][info][gc,metaspace   ] GC(1893) Metaspace: 29101K(29504K)->29101K(29504K) NonClass: 24209K(24384K)->24209K(24384K) Class: 4892K(5120K)->4892K(5120K)
[6446.683s][info][gc             ] GC(1893) Pause Young (Allocation Failure) 4431M->2153M(4559M) 98.694ms
[6446.683s][info][gc,cpu         ] GC(1893) User=0.56s Sys=0.03s Real=0.10s
..[6448.438s][info][gc,start       ] GC(1894) Pause Young (Allocation Failure)
[6448.543s][info][gc,heap        ] GC(1894) PSYoungGen: 2567104K(2607104K)->149696K(2607104K) Eden: 2423808K(2423808K)->0K(2431488K) From: 143296K(183296K)->149696K(175616K)
[6448.543s][info][gc,heap        ] GC(1894) ParOldGen: 2061533K(2061824K)->2153061K(2153472K)
[6448.543s][info][gc,metaspace   ] GC(1894) Metaspace: 29101K(29504K)->29101K(29504K) NonClass: 24209K(24384K)->24209K(24384K) Class: 4892K(5120K)->4892K(5120K)
[6448.543s][info][gc             ] GC(1894) Pause Young (Allocation Failure) 4520M->2248M(4649M) 105.316ms
[6448.543s][info][gc,cpu         ] GC(1894) User=0.59s Sys=0.03s Real=0.10s
..[6450.308s][info][gc,start       ] GC(1895) Pause Young (Allocation Failure)
[6450.412s][info][gc,heap        ] GC(1895) PSYoungGen: 2581184K(2607104K)->151268K(2609664K) Eden: 2431488K(2431488K)->0K(2431488K) From: 149696K(175616K)->151268K(178176K)
[6450.412s][info][gc,heap        ] GC(1895) ParOldGen: 2153061K(2153472K)->2243709K(2244096K)
[6450.412s][info][gc,metaspace   ] GC(1895) Metaspace: 29101K(29504K)->29101K(29504K) NonClass: 24209K(24384K)->24209K(24384K) Class: 4892K(5120K)->4892K(5120K)
[6450.413s][info][gc             ] GC(1895) Pause Young (Allocation Failure) 4623M->2338M(4740M) 104.906ms
[6450.413s][info][gc,cpu         ] GC(1895) User=0.58s Sys=0.03s Real=0.10s
..[6452.158s][info][gc,start       ] GC(1896) Pause Young (Allocation Failure)
[6452.257s][info][gc,heap        ] GC(1896) PSYoungGen: 2582756K(2609664K)->140992K(2615296K) Eden: 2431488K(2431488K)->0K(2441728K) From: 151268K(178176K)->140992K(173568K)
[6452.257s][info][gc,heap        ] GC(1896) ParOldGen: 2243709K(2244096K)->2338477K(2338816K)
[6452.257s][info][gc,metaspace   ] GC(1896) Metaspace: 29101K(29504K)->29101K(29504K) NonClass: 24209K(24384K)->24209K(24384K) Class: 4892K(5120K)->4892K(5120K)
[6452.257s][info][gc             ] GC(1896) Pause Young (Allocation Failure) 4713M->2421M(4838M) 98.307ms
[6452.257s][info][gc,cpu         ] GC(1896) User=0.56s Sys=0.02s Real=0.09s
.[6454.071s][info][gc,start       ] GC(1897) Pause Young (Allocation Failure)
[6454.171s][info][gc,heap        ] GC(1897) PSYoungGen: 2582720K(2615296K)->149892K(2616832K) Eden: 2441728K(2441728K)->0K(2441728K) From: 140992K(173568K)->149892K(175104K)
[6454.171s][info][gc,heap        ] GC(1897) ParOldGen: 2338477K(2338816K)->2425733K(2425856K)
[6454.171s][info][gc,metaspace   ] GC(1897) Metaspace: 29101K(29504K)->29101K(29504K) NonClass: 24209K(24384K)->24209K(24384K) Class: 4892K(5120K)->4892K(5120K)
[6454.171s][info][gc             ] GC(1897) Pause Young (Allocation Failure) 4805M->2515M(4924M) 100.645ms
[6454.171s][info][gc,cpu         ] GC(1897) User=0.57s Sys=0.03s Real=0.10s
. (rIR:aIR:PR = 10516:10573:10573) (tPR = 157443) [OK] 
  6454s: Performance info:
         Transaction,    Success,    Partial,     Failed,   Receipts, AvgBarcode, 
             Overall,     640861,          0,          0,     608580,      59.48, 
         Response times:
             Request,    Success,    Partial,     Failed,   SkipFail,     Probes,    Samples,      min,      p50,      p90,      p95,      p99,      max, 
       TotalPurchase,     608584,          0,          0,          0,     346541,     513590,      200,     7800,    78000,   126000,   538000,   900000,
     InStorePurchase,     320488,          0,          0,          0,     182779,     270688,      200,     7700,    77000,   125000,   538000,   900000,
      OnlinePurchase,     223468,          0,          0,          0,     127080,     188077,      300,     8200,    81000,   128000,   571000,   900000,
        InstPurchase,      64628,          0,          0,          0,      36682,      54825,      300,     7100,    74000,   122000,   544000,   890000,
          AssocOfCat,        637,          0,          0,          0,        519,        866,    19400,    41000,   108200,   183000,   480000,   670000,
      AssocOfProduct,       6432,          0,          0,          0,       3534,       5566,      500,     8000,    72000,   112650,   461000,   690000,
      BusinessReport,       1592,          0,          0,          0,       1387,       2204,    27000,    53000,   120000,   177750,   591000,  1000000,
          CustBuyBeh,       6445,          0,          0,          0,       3448,       5370,      100,     6500,    74000,   119450,   468000,   660000,
       ProductReturn,      17195,          0,          0,          0,       9963,      15015,      200,     6600,    73000,   119000,   666800,   900000,

  6454s: (77%)   IR =  10654 .[6456.025s][info][gc,start       ] GC(1898) Pause Young (Allocation Failure)
[6456.124s][info][gc,heap        ] GC(1898) PSYoungGen: 2591620K(2616832K)->144265K(2617344K) Eden: 2441728K(2441728K)->0K(2447872K) From: 149892K(175104K)->144265K(169472K)
[6456.124s][info][gc,heap        ] GC(1898) ParOldGen: 2425733K(2425856K)->2518197K(2518528K)
[6456.124s][info][gc,metaspace   ] GC(1898) Metaspace: 29101K(29504K)->29101K(29504K) NonClass: 24209K(24384K)->24209K(24384K) Class: 4892K(5120K)->4892K(5120K)
[6456.124s][info][gc             ] GC(1898) Pause Young (Allocation Failure) 4899M->2600M(5015M) 99.627ms
[6456.124s][info][gc,cpu         ] GC(1898) User=0.57s Sys=0.02s Real=0.10s
..[6457.959s][info][gc,start       ] GC(1899) Pause Young (Allocation Failure)
[6458.058s][info][gc,heap        ] GC(1899) PSYoungGen: 2592137K(2617344K)->145376K(2618880K) Eden: 2447872K(2447872K)->0K(2447872K) From: 144265K(169472K)->145376K(171008K)
[6458.058s][info][gc,heap        ] GC(1899) ParOldGen: 2518197K(2518528K)->2607749K(2608128K)
[6458.058s][info][gc,metaspace   ] GC(1899) Metaspace: 29101K(29504K)->29101K(29504K) NonClass: 24209K(24384K)->24209K(24384K) Class: 4892K(5120K)->4892K(5120K)
[6458.058s][info][gc             ] GC(1899) Pause Young (Allocation Failure) 4990M->2688M(5104M) 98.252ms
[6458.058s][info][gc,cpu         ] GC(1899) User=0.56s Sys=0.03s Real=0.10s
..[6459.857s][info][gc,start       ] GC(1900) Pause Young (Allocation Failure)
[6459.959s][info][gc,heap        ] GC(1900) PSYoungGen: 2593248K(2618880K)->145120K(2621952K) Eden: 2447872K(2447872K)->0K(2455552K) From: 145376K(171008K)->145120K(166400K)
[6459.959s][info][gc,heap        ] GC(1900) ParOldGen: 2607749K(2608128K)->2700981K(2701312K)
[6459.959s][info][gc,metaspace   ] GC(1900) Metaspace: 29101K(29504K)->29101K(29504K) NonClass: 24209K(24384K)->24209K(24384K) Class: 4892K(5120K)->4892K(5120K)
[6459.959s][info][gc             ] GC(1900) Pause Young (Allocation Failure) 5079M->2779M(5198M) 101.468ms
[6459.959s][info][gc,cpu         ] GC(1900) User=0.56s Sys=0.04s Real=0.11s
..[6461.762s][info][gc,start       ] GC(1901) Pause Young (Allocation Failure)
[6461.860s][info][gc,heap        ] GC(1901) PSYoungGen: 2600672K(2621952K)->137920K(2623488K) Eden: 2455552K(2455552K)->0K(2455552K) From: 145120K(166400K)->137920K(167936K)
[6461.860s][info][gc,heap        ] GC(1901) ParOldGen: 2700981K(2701312K)->2794037K(2794496K)
[6461.860s][info][gc,metaspace   ] GC(1901) Metaspace: 29101K(29504K)->29101K(29504K) NonClass: 24209K(24384K)->24209K(24384K) Class: 4892K(5120K)->4892K(5120K)
[6461.860s][info][gc             ] GC(1901) Pause Young (Allocation Failure) 5177M->2863M(5291M) 98.176ms
[6461.861s][info][gc,cpu         ] GC(1901) User=0.55s Sys=0.03s Real=0.10s
..[6463.640s][info][gc,start       ] GC(1902) Pause Young (Allocation Failure)
[6463.738s][info][gc,heap        ] GC(1902) PSYoungGen: 2593472K(2623488K)->142528K(2624512K) Eden: 2455552K(2455552K)->0K(2460672K) From: 137920K(167936K)->142528K(163840K)
[6463.738s][info][gc,heap        ] GC(1902) ParOldGen: 2794037K(2794496K)->2883685K(2884096K)
[6463.738s][info][gc,metaspace   ] GC(1902) Metaspace: 29101K(29504K)->29101K(29504K) NonClass: 24209K(24384K)->24209K(24384K) Class: 4892K(5120K)->4892K(5120K)
[6463.738s][info][gc             ] GC(1902) Pause Young (Allocation Failure) 5261M->2955M(5379M) 98.394ms
[6463.738s][info][gc,cpu         ] GC(1902) User=0.56s Sys=0.02s Real=0.10s
..[6465.564s][info][gc,start       ] GC(1903) Pause Young (Allocation Failure)
[6465.663s][info][gc,heap        ] GC(1903) PSYoungGen: 2603200K(2624512K)->142496K(2626560K) Eden: 2460672K(2460672K)->0K(2460672K) From: 142528K(163840K)->142496K(165888K)
[6465.663s][info][gc,heap        ] GC(1903) ParOldGen: 2883685K(2884096K)->2975469K(2975744K)
[6465.663s][info][gc,metaspace   ] GC(1903) Metaspace: 29101K(29504K)->29101K(29504K) NonClass: 24209K(24384K)->24209K(24384K) Class: 4892K(5120K)->4892K(5120K)
[6465.663s][info][gc             ] GC(1903) Pause Young (Allocation Failure) 5358M->3044M(5471M) 98.658ms
[6465.663s][info][gc,cpu         ] GC(1903) User=0.56s Sys=0.02s Real=0.10s
..[6467.425s][info][gc,start       ] GC(1904) Pause Young (Allocation Failure)
[6467.524s][info][gc,heap        ] GC(1904) PSYoungGen: 2603168K(2626560K)->142585K(2626048K) Eden: 2460672K(2460672K)->0K(2465280K) From: 142496K(165888K)->142585K(160768K)
[6467.524s][info][gc,heap        ] GC(1904) ParOldGen: 2975469K(2975744K)->3066653K(3066880K)
[6467.524s][info][gc,metaspace   ] GC(1904) Metaspace: 29101K(29504K)->29101K(29504K) NonClass: 24209K(24384K)->24209K(24384K) Class: 4892K(5120K)->4892K(5120K)
[6467.524s][info][gc             ] GC(1904) Pause Young (Allocation Failure) 5447M->3134M(5559M) 99.215ms
[6467.524s][info][gc,cpu         ] GC(1904) User=0.55s Sys=0.04s Real=0.10s
.[6469.283s][info][gc,start       ] GC(1905) Pause Young (Allocation Failure)
[6469.381s][info][gc,heap        ] GC(1905) PSYoungGen: 2607865K(2626048K)->141888K(2628608K) Eden: 2465280K(2465280K)->0K(2465280K) From: 142585K(160768K)->141888K(163328K)
[6469.381s][info][gc,heap        ] GC(1905) ParOldGen: 3066653K(3066880K)->3155901K(3155968K)
[6469.381s][info][gc,metaspace   ] GC(1905) Metaspace: 29101K(29504K)->29101K(29504K) NonClass: 24209K(24384K)->24209K(24384K) Class: 4892K(5120K)->4892K(5120K)
[6469.381s][info][gc             ] GC(1905) Pause Young (Allocation Failure) 5541M->3220M(5649M) 97.458ms
[6469.381s][info][gc,cpu         ] GC(1905) User=0.54s Sys=0.04s Real=0.10s
..[6471.194s][info][gc,start       ] GC(1906) Pause Young (Allocation Failure)
[6471.294s][info][gc,heap        ] GC(1906) PSYoungGen: 2607168K(2628608K)->147072K(2629632K) Eden: 2465280K(2465280K)->0K(2470400K) From: 141888K(163328K)->147072K(159232K)
[6471.294s][info][gc,heap        ] GC(1906) ParOldGen: 3155901K(3155968K)->3249133K(3249152K)
[6471.294s][info][gc,metaspace   ] GC(1906) Metaspace: 29101K(29504K)->29101K(29504K) NonClass: 24209K(24384K)->24209K(24384K) Class: 4892K(5120K)->4892K(5120K)
[6471.294s][info][gc             ] GC(1906) Pause Young (Allocation Failure) 5627M->3316M(5741M) 100.712ms
[6471.294s][info][gc,cpu         ] GC(1906) User=0.56s Sys=0.03s Real=0.10s
..[6473.156s][info][gc,start       ] GC(1907) Pause Young (Allocation Failure)
[6473.260s][info][gc,heap        ] GC(1907) PSYoungGen: 2617472K(2629632K)->150660K(2631680K) Eden: 2470400K(2470400K)->0K(2470400K) From: 147072K(159232K)->150660K(161280K)
[6473.260s][info][gc,heap        ] GC(1907) ParOldGen: 3249133K(3249152K)->3339613K(3339776K)
[6473.260s][info][gc,metaspace   ] GC(1907) Metaspace: 29101K(29504K)->29101K(29504K) NonClass: 24209K(24384K)->24209K(24384K) Class: 4892K(5120K)->4892K(5120K)
[6473.260s][info][gc             ] GC(1907) Pause Young (Allocation Failure) 5729M->3408M(5831M) 103.645ms
[6473.260s][info][gc,cpu         ] GC(1907) User=0.58s Sys=0.03s Real=0.11s
..[6474.940s][info][gc,start       ] GC(1908) Pause Young (Allocation Failure)
[6475.039s][info][gc,heap        ] GC(1908) PSYoungGen: 2621060K(2631680K)->144000K(2632192K) Eden: 2470400K(2470400K)->0K(2472960K) From: 150660K(161280K)->144000K(159232K)
[6475.039s][info][gc,heap        ] GC(1908) ParOldGen: 3339613K(3339776K)->3431757K(3431936K)
[6475.039s][info][gc,metaspace   ] GC(1908) Metaspace: 29101K(29504K)->29101K(29504K) NonClass: 24209K(24384K)->24209K(24384K) Class: 4892K(5120K)->4892K(5120K)
[6475.039s][info][gc             ] GC(1908) Pause Young (Allocation Failure) 5820M->3491M(5922M) 99.172ms
[6475.039s][info][gc,cpu         ] GC(1908) User=0.57s Sys=0.02s Real=0.10s
..|[6476.866s][info][gc,start       ] GC(1909) Pause Young (Allocation Failure)
[6476.966s][info][gc,heap        ] GC(1909) PSYoungGen: 2616960K(2632192K)->144640K(2633216K) Eden: 2472960K(2472960K)->0K(2472960K) From: 144000K(159232K)->144640K(160256K)
[6476.966s][info][gc,heap        ] GC(1909) ParOldGen: 3431757K(3431936K)->3521693K(3522048K)
[6476.966s][info][gc,metaspace   ] GC(1909) Metaspace: 29101K(29504K)->29101K(29504K) NonClass: 24209K(24384K)->24209K(24384K) Class: 4892K(5120K)->4892K(5120K)
[6476.966s][info][gc             ] GC(1909) Pause Young (Allocation Failure) 5906M->3580M(6011M) 100.063ms
[6476.966s][info][gc,cpu         ] GC(1909) User=0.56s Sys=0.03s Real=0.10s
..[6478.916s][info][gc,start       ] GC(1910) Pause Young (Allocation Failure)
[6479.018s][info][gc,heap        ] GC(1910) PSYoungGen: 2617600K(2633216K)->144384K(2633728K) Eden: 2472960K(2472960K)->0K(2476544K) From: 144640K(160256K)->144384K(157184K)
[6479.018s][info][gc,heap        ] GC(1910) ParOldGen: 3521693K(3522048K)->3614829K(3615232K)
[6479.018s][info][gc,metaspace   ] GC(1910) Metaspace: 29101K(29504K)->29101K(29504K) NonClass: 24209K(24384K)->24209K(24384K) Class: 4892K(5120K)->4892K(5120K)
[6479.018s][info][gc             ] GC(1910) Pause Young (Allocation Failure) 5995M->3671M(6102M) 101.582ms
[6479.018s][info][gc,cpu         ] GC(1910) User=0.57s Sys=0.03s Real=0.11s
..[6480.782s][info][gc,start       ] GC(1911) Pause Young (Allocation Failure)
[6480.882s][info][gc,heap        ] GC(1911) PSYoungGen: 2620928K(2633728K)->141280K(2634752K) Eden: 2476544K(2476544K)->0K(2476544K) From: 144384K(157184K)->141280K(158208K)
[6480.882s][info][gc,heap        ] GC(1911) ParOldGen: 3614829K(3615232K)->3707477K(3707904K)
[6480.882s][info][gc,metaspace   ] GC(1911) Metaspace: 29101K(29504K)->29101K(29504K) NonClass: 24209K(24384K)->24209K(24384K) Class: 4892K(5120K)->4892K(5120K)
[6480.882s][info][gc             ] GC(1911) Pause Young (Allocation Failure) 6089M->3758M(6194M) 99.741ms
[6480.882s][info][gc,cpu         ] GC(1911) User=0.56s Sys=0.02s Real=0.10s
..[6482.718s][info][gc,start       ] GC(1912) Pause Young (Allocation Failure)
[6482.824s][info][gc,heap        ] GC(1912) PSYoungGen: 2617824K(2634752K)->152157K(2636288K) Eden: 2476544K(2476544K)->0K(2478592K) From: 141280K(158208K)->152157K(157696K)
[6482.824s][info][gc,heap        ] GC(1912) ParOldGen: 3707477K(3707904K)->3798829K(3799040K)
[6482.824s][info][gc,metaspace   ] GC(1912) Metaspace: 29101K(29504K)->29101K(29504K) NonClass: 24209K(24384K)->24209K(24384K) Class: 4892K(5120K)->4892K(5120K)
[6482.824s][info][gc             ] GC(1912) Pause Young (Allocation Failure) 6177M->3858M(6284M) 105.501ms
[6482.824s][info][gc,cpu         ] GC(1912) User=0.60s Sys=0.03s Real=0.10s
..[6484.671s][info][gc,start       ] GC(1913) Pause Young (Allocation Failure)
[6484.771s][info][gc,heap        ] GC(1913) PSYoungGen: 2630749K(2636288K)->144256K(2637312K) Eden: 2478592K(2478592K)->0K(2478592K) From: 152157K(157696K)->144256K(158720K)
[6484.771s][info][gc,heap        ] GC(1913) ParOldGen: 3798829K(3799040K)->3890805K(3891200K)
[6484.771s][info][gc,metaspace   ] GC(1913) Metaspace: 29101K(29504K)->29101K(29504K) NonClass: 24209K(24384K)->24209K(24384K) Class: 4892K(5120K)->4892K(5120K)
[6484.771s][info][gc             ] GC(1913) Pause Young (Allocation Failure) 6278M->3940M(6375M) 99.987ms
[6484.771s][info][gc,cpu         ] GC(1913) User=0.57s Sys=0.02s Real=0.10s
.[6486.578s][info][gc,start       ] GC(1914) Pause Young (Allocation Failure)
[6486.676s][info][gc,heap        ] GC(1914) PSYoungGen: 2622848K(2637312K)->137088K(2636800K) Eden: 2478592K(2478592K)->0K(2479104K) From: 144256K(158720K)->137088K(157696K)
[6486.677s][info][gc,heap        ] GC(1914) ParOldGen: 3890805K(3891200K)->3986285K(3986432K)
[6486.677s][info][gc,metaspace   ] GC(1914) Metaspace: 29101K(29504K)->29101K(29504K) NonClass: 24209K(24384K)->24209K(24384K) Class: 4892K(5120K)->4892K(5120K)
[6486.677s][info][gc             ] GC(1914) Pause Young (Allocation Failure) 6360M->4026M(6468M) 98.815ms
[6486.677s][info][gc,cpu         ] GC(1914) User=0.55s Sys=0.04s Real=0.09s
..[6488.394s][info][gc,start       ] GC(1915) Pause Young (Allocation Failure)
[6488.492s][info][gc,heap        ] GC(1915) PSYoungGen: 2616192K(2636800K)->138816K(2637312K) Eden: 2479104K(2479104K)->0K(2479104K) From: 137088K(157696K)->138816K(158208K)
[6488.492s][info][gc,heap        ] GC(1915) ParOldGen: 3986285K(3986432K)->4077181K(4077568K)
[6488.492s][info][gc,metaspace   ] GC(1915) Metaspace: 29101K(29504K)->29101K(29504K) NonClass: 24209K(24384K)->24209K(24384K) Class: 4892K(5120K)->4892K(5120K)
[6488.492s][info][gc             ] GC(1915) Pause Young (Allocation Failure) 6447M->4117M(6557M) 97.998ms
[6488.492s][info][gc,cpu         ] GC(1915) User=0.56s Sys=0.02s Real=0.10s
..[6490.351s][info][gc,start       ] GC(1916) Pause Young (Allocation Failure)
[6490.447s][info][gc,heap        ] GC(1916) PSYoungGen: 2617920K(2637312K)->141472K(2636800K) Eden: 2479104K(2479104K)->0K(2480128K) From: 138816K(158208K)->141472K(156672K)
[6490.447s][info][gc,heap        ] GC(1916) ParOldGen: 4077181K(4077568K)->4164429K(4164608K)
[6490.447s][info][gc,metaspace   ] GC(1916) Metaspace: 29101K(29504K)->29101K(29504K) NonClass: 24209K(24384K)->24209K(24384K) Class: 4892K(5120K)->4892K(5120K)
[6490.447s][info][gc             ] GC(1916) Pause Young (Allocation Failure) 6538M->4204M(6642M) 96.018ms
[6490.447s][info][gc,cpu         ] GC(1916) User=0.54s Sys=0.03s Real=0.09s
..[6492.260s][info][gc,start       ] GC(1917) Pause Young (Allocation Failure)
[6492.359s][info][gc,heap        ] GC(1917) PSYoungGen: 2621600K(2636800K)->136576K(2637312K) Eden: 2480128K(2480128K)->0K(2480128K) From: 141472K(156672K)->136576K(157184K)
[6492.359s][info][gc,heap        ] GC(1917) ParOldGen: 4164429K(4164608K)->4258229K(4258304K)
[6492.359s][info][gc,metaspace   ] GC(1917) Metaspace: 29101K(29504K)->29101K(29504K) NonClass: 24209K(24384K)->24209K(24384K) Class: 4892K(5120K)->4892K(5120K)
[6492.359s][info][gc             ] GC(1917) Pause Young (Allocation Failure) 6626M->4291M(6734M) 98.329ms
[6492.359s][info][gc,cpu         ] GC(1917) User=0.54s Sys=0.03s Real=0.10s
..[6494.174s][info][gc,start       ] GC(1918) Pause Young (Allocation Failure)
[6494.278s][info][gc,heap        ] GC(1918) PSYoungGen: 2616704K(2637312K)->155136K(2632704K) Eden: 2480128K(2480128K)->0K(2475520K) From: 136576K(157184K)->155136K(157184K)
[6494.278s][info][gc,heap        ] GC(1918) ParOldGen: 4258229K(4258304K)->4348885K(4348928K)
[6494.278s][info][gc,metaspace   ] GC(1918) Metaspace: 29101K(29504K)->29101K(29504K) NonClass: 24209K(24384K)->24209K(24384K) Class: 4892K(5120K)->4892K(5120K)
[6494.278s][info][gc             ] GC(1918) Pause Young (Allocation Failure) 6713M->4398M(6818M) 104.482ms
[6494.278s][info][gc,cpu         ] GC(1918) User=0.58s Sys=0.04s Real=0.11s
..[6496.072s][info][gc,start       ] GC(1919) Pause Young (Allocation Failure)
[6496.175s][info][gc,heap        ] GC(1919) PSYoungGen: 2630656K(2632704K)->145216K(2635776K) Eden: 2475520K(2475520K)->0K(2475520K) From: 155136K(157184K)->145216K(160256K)
[6496.175s][info][gc,heap        ] GC(1919) ParOldGen: 4348885K(4348928K)->4443405K(4443648K)
[6496.175s][info][gc,metaspace   ] GC(1919) Metaspace: 29101K(29504K)->29101K(29504K) NonClass: 24209K(24384K)->24209K(24384K) Class: 4892K(5120K)->4892K(5120K)
[6496.175s][info][gc             ] GC(1919) Pause Young (Allocation Failure) 6815M->4481M(6913M) 103.326ms
[6496.175s][info][gc,cpu         ] GC(1919) User=0.58s Sys=0.04s Real=0.10s
..[6497.902s][info][gc,start       ] GC(1920) Pause Young (Allocation Failure)
[6498.005s][info][gc,heap        ] GC(1920) PSYoungGen: 2620736K(2635776K)->148112K(2634240K) Eden: 2475520K(2475520K)->0K(2477056K) From: 145216K(160256K)->148112K(157184K)
[6498.005s][info][gc,heap        ] GC(1920) ParOldGen: 4443405K(4443648K)->4534941K(4535296K)
[6498.005s][info][gc,metaspace   ] GC(1920) Metaspace: 29101K(29504K)->29101K(29504K) NonClass: 24209K(24384K)->24209K(24384K) Class: 4892K(5120K)->4892K(5120K)
[6498.005s][info][gc             ] GC(1920) Pause Young (Allocation Failure) 6898M->4573M(7001M) 103.027ms
[6498.005s][info][gc,cpu         ] GC(1920) User=0.58s Sys=0.02s Real=0.10s
.[6499.725s][info][gc,start       ] GC(1921) Pause Young (Allocation Failure)
[6499.828s][info][gc,heap        ] GC(1921) PSYoungGen: 2625168K(2634240K)->149221K(2635776K) Eden: 2477056K(2477056K)->0K(2477056K) From: 148112K(157184K)->149221K(158720K)
[6499.828s][info][gc,heap        ] GC(1921) ParOldGen: 4534941K(4535296K)->4626117K(4626432K)
[6499.828s][info][gc,metaspace   ] GC(1921) Metaspace: 29101K(29504K)->29101K(29504K) NonClass: 24209K(24384K)->24209K(24384K) Class: 4892K(5120K)->4892K(5120K)
[6499.828s][info][gc             ] GC(1921) Pause Young (Allocation Failure) 6992M->4663M(7092M) 103.361ms
[6499.828s][info][gc,cpu         ] GC(1921) User=0.59s Sys=0.03s Real=0.11s
..[6501.673s][info][gc,start       ] GC(1922) Pause Young (Allocation Failure)
[6501.780s][info][gc,heap        ] GC(1922) PSYoungGen: 2626277K(2635776K)->152821K(2634752K) Eden: 2477056K(2477056K)->0K(2475520K) From: 149221K(158720K)->152821K(159232K)
[6501.780s][info][gc,heap        ] GC(1922) ParOldGen: 4626117K(4626432K)->4718789K(4719104K)
[6501.780s][info][gc,metaspace   ] GC(1922) Metaspace: 29101K(29504K)->29101K(29504K) NonClass: 24209K(24384K)->24209K(24384K) Class: 4892K(5120K)->4892K(5120K)
[6501.780s][info][gc             ] GC(1922) Pause Young (Allocation Failure) 7082M->4757M(7181M) 106.983ms
[6501.781s][info][gc,cpu         ] GC(1922) User=0.61s Sys=0.02s Real=0.11s
..[6503.476s][info][gc,start       ] GC(1923) Pause Young (Allocation Failure)
[6503.576s][info][gc,heap        ] GC(1923) PSYoungGen: 2628341K(2634752K)->141408K(2635776K) Eden: 2475520K(2475520K)->0K(2475520K) From: 152821K(159232K)->141408K(160256K)
[6503.576s][info][gc,heap        ] GC(1923) ParOldGen: 4718789K(4719104K)->4810365K(4810752K)
[6503.576s][info][gc,metaspace   ] GC(1923) Metaspace: 29101K(29504K)->29101K(29504K) NonClass: 24209K(24384K)->24209K(24384K) Class: 4892K(5120K)->4892K(5120K)
[6503.576s][info][gc             ] GC(1923) Pause Young (Allocation Failure) 7174M->4835M(7272M) 100.616ms
[6503.576s][info][gc,cpu         ] GC(1923) User=0.58s Sys=0.02s Real=0.10s
..[6505.341s][info][gc,start       ] GC(1924) Pause Young (Allocation Failure)
[6505.446s][info][gc,heap        ] GC(1924) PSYoungGen: 2616928K(2635776K)->149744K(2635264K) Eden: 2475520K(2475520K)->0K(2476032K) From: 141408K(160256K)->149744K(159232K)
[6505.446s][info][gc,heap        ] GC(1924) ParOldGen: 4810365K(4810752K)->4903045K(4903424K)
[6505.446s][info][gc,metaspace   ] GC(1924) Metaspace: 29101K(29504K)->29101K(29504K) NonClass: 24209K(24384K)->24209K(24384K) Class: 4892K(5120K)->4892K(5120K)
[6505.446s][info][gc             ] GC(1924) Pause Young (Allocation Failure) 7253M->4934M(7362M) 105.267ms
[6505.446s][info][gc,cpu         ] GC(1924) User=0.59s Sys=0.03s Real=0.10s
..[6507.243s][info][gc,start       ] GC(1925) Pause Young (Allocation Failure)
[6507.347s][info][gc,heap        ] GC(1925) PSYoungGen: 2625776K(2635264K)->153824K(2630144K) Eden: 2476032K(2476032K)->0K(2476032K) From: 149744K(159232K)->153824K(154112K)
[6507.347s][info][gc,heap        ] GC(1925) ParOldGen: 4903045K(4903424K)->4993477K(4993536K)
[6507.347s][info][gc,metaspace   ] GC(1925) Metaspace: 29101K(29504K)->29101K(29504K) NonClass: 24209K(24384K)->24209K(24384K) Class: 4892K(5120K)->4892K(5120K)
[6507.347s][info][gc             ] GC(1925) Pause Young (Allocation Failure) 7352M->5026M(7445M) 103.153ms
[6507.347s][info][gc,cpu         ] GC(1925) User=0.59s Sys=0.01s Real=0.10s
..[6509.193s][info][gc,start       ] GC(1926) Pause Young (Allocation Failure)
[6509.305s][info][gc,heap        ] GC(1926) PSYoungGen: 2629856K(2630144K)->159945K(2627584K) Eden: 2476032K(2476032K)->0K(2466304K) From: 153824K(154112K)->159945K(161280K)
[6509.305s][info][gc,heap        ] GC(1926) ParOldGen: 4993477K(4993536K)->5087869K(5088256K)
[6509.305s][info][gc,metaspace   ] GC(1926) Metaspace: 29101K(29504K)->29101K(29504K) NonClass: 24209K(24384K)->24209K(24384K) Class: 4892K(5120K)->4892K(5120K)
[6509.305s][info][gc             ] GC(1926) Pause Young (Allocation Failure) 7444M->5124M(7535M) 111.348ms
[6509.305s][info][gc,cpu         ] GC(1926) User=0.63s Sys=0.02s Real=0.11s
..[6511.046s][info][gc,start       ] GC(1927) Pause Young (Allocation Failure)
[6511.150s][info][gc,heap        ] GC(1927) PSYoungGen: 2626249K(2627584K)->150176K(2631168K) Eden: 2466304K(2466304K)->0K(2466304K) From: 159945K(161280K)->150176K(164864K)
[6511.150s][info][gc,heap        ] GC(1927) ParOldGen: 5087869K(5088256K)->5178245K(5178368K)
[6511.150s][info][gc,metaspace   ] GC(1927) Metaspace: 29101K(29504K)->29101K(29504K) NonClass: 24209K(24384K)->24209K(24384K) Class: 4892K(5120K)->4892K(5120K)
[6511.150s][info][gc             ] GC(1927) Pause Young (Allocation Failure) 7533M->5203M(7626M) 104.553ms
[6511.150s][info][gc,cpu         ] GC(1927) User=0.59s Sys=0.02s Real=0.11s
.[6512.878s][info][gc,start       ] GC(1928) Pause Young (Allocation Failure)
[6512.984s][info][gc,heap        ] GC(1928) PSYoungGen: 2616480K(2631168K)->146704K(2628096K) Eden: 2466304K(2466304K)->0K(2467328K) From: 150176K(164864K)->146704K(160768K)
[6512.984s][info][gc,heap        ] GC(1928) ParOldGen: 5178245K(5178368K)->5272573K(5272576K)
[6512.984s][info][gc,metaspace   ] GC(1928) Metaspace: 29101K(29504K)->29101K(29504K) NonClass: 24209K(24384K)->24209K(24384K) Class: 4892K(5120K)->4892K(5120K)
[6512.984s][info][gc             ] GC(1928) Pause Young (Allocation Failure) 7612M->5292M(7715M) 106.246ms
[6512.984s][info][gc,cpu         ] GC(1928) User=0.60s Sys=0.03s Real=0.10s
..[6514.771s][info][gc,start       ] GC(1929) Pause Young (Allocation Failure)
[6514.872s][info][gc,heap        ] GC(1929) PSYoungGen: 2614032K(2628096K)->144096K(2630144K) Eden: 2467328K(2467328K)->0K(2467328K) From: 146704K(160768K)->144096K(162816K)
[6514.872s][info][gc,heap        ] GC(1929) ParOldGen: 5272573K(5272576K)->5360685K(5361152K)
[6514.872s][info][gc,metaspace   ] GC(1929) Metaspace: 29101K(29504K)->29101K(29504K) NonClass: 24209K(24384K)->24209K(24384K) Class: 4892K(5120K)->4892K(5120K)
[6514.872s][info][gc             ] GC(1929) Pause Young (Allocation Failure) 7701M->5375M(7804M) 100.791ms
[6514.872s][info][gc,cpu         ] GC(1929) User=0.56s Sys=0.03s Real=0.10s
..[6516.707s][info][gc,start       ] GC(1930) Pause Young (Allocation Failure)
[6516.807s][info][gc,heap        ] GC(1930) PSYoungGen: 2611424K(2630144K)->139552K(2632192K) Eden: 2467328K(2467328K)->0K(2471424K) From: 144096K(162816K)->139552K(160768K)
[6516.807s][info][gc,heap        ] GC(1930) ParOldGen: 5360685K(5361152K)->5453605K(5453824K)
[6516.807s][info][gc,metaspace   ] GC(1930) Metaspace: 29101K(29504K)->29101K(29504K) NonClass: 24209K(24384K)->24209K(24384K) Class: 4892K(5120K)->4892K(5120K)
[6516.807s][info][gc             ] GC(1930) Pause Young (Allocation Failure) 7785M->5462M(7896M) 100.616ms
[6516.807s][info][gc,cpu         ] GC(1930) User=0.57s Sys=0.03s Real=0.10s
..[6518.615s][info][gc,start       ] GC(1931) Pause Young (Allocation Failure)
[6518.720s][info][gc,heap        ] GC(1931) PSYoungGen: 2610976K(2632192K)->148279K(2633216K) Eden: 2471424K(2471424K)->0K(2471424K) From: 139552K(160768K)->148279K(161792K)
[6518.720s][info][gc,heap        ] GC(1931) ParOldGen: 5453605K(5453824K)->5543733K(5543936K)
[6518.720s][info][gc,metaspace   ] GC(1931) Metaspace: 29101K(29504K)->29101K(29504K) NonClass: 24209K(24384K)->24209K(24384K) Class: 4892K(5120K)->4892K(5120K)
[6518.720s][info][gc             ] GC(1931) Pause Young (Allocation Failure) 7875M->5558M(7985M) 104.889ms
[6518.720s][info][gc,cpu         ] GC(1931) User=0.59s Sys=0.03s Real=0.11s
..[6520.476s][info][gc,start       ] GC(1932) Pause Full (Allocation Failure)
[6520.476s][info][gc,phases,start] GC(1932) Marking Phase
[6520.775s][info][gc,phases      ] GC(1932) Marking Phase 298.264ms
[6520.775s][info][gc,phases,start] GC(1932) Summary Phase
[6520.775s][info][gc,phases      ] GC(1932) Summary Phase 0.096ms
[6520.775s][info][gc,phases,start] GC(1932) Forward
[6520.902s][info][gc,phases      ] GC(1932) Forward 126.953ms
[6520.902s][info][gc,phases,start] GC(1932) Adjust Pointers
[6521.098s][info][gc,phases      ] GC(1932) Adjust Pointers 196.240ms
[6521.098s][info][gc,phases,start] GC(1932) Compaction Phase
[6521.226s][info][gc,phases      ] GC(1932) Compaction Phase 127.471ms
[6521.226s][info][gc,phases,start] GC(1932) Post Compact
[6521.233s][info][gc,phases      ] GC(1932) Post Compact 6.943ms
[6521.360s][info][gc,heap        ] GC(1932) PSYoungGen: 2619703K(2633216K)->0K(2634240K) Eden: 2471424K(2471424K)->0K(2473472K) From: 148279K(161792K)->0K(160768K)
[6521.360s][info][gc,heap        ] GC(1932) ParOldGen: 5543733K(5543936K)->1429602K(1722880K)
[6521.360s][info][gc,metaspace   ] GC(1932) Metaspace: 29101K(29504K)->29101K(29504K) NonClass: 24209K(24384K)->24209K(24384K) Class: 4892K(5120K)->4892K(5120K)
[6521.360s][info][gc             ] GC(1932) Pause Full (Allocation Failure) 7972M->1396M(4255M) 883.567ms
[6521.360s][info][gc,cpu         ] GC(1932) User=4.06s Sys=0.12s Real=0.89s
..[6522.873s][info][gc,start       ] GC(1933) Pause Young (Allocation Failure)
[6522.935s][info][gc,heap        ] GC(1933) PSYoungGen: 2473472K(2634240K)->138032K(2634240K) Eden: 2473472K(2473472K)->0K(2473472K) From: 0K(160768K)->138032K(160768K)
[6522.935s][info][gc,heap        ] GC(1933) ParOldGen: 1429602K(1722880K)->1429602K(1722880K)
[6522.935s][info][gc,metaspace   ] GC(1933) Metaspace: 29101K(29504K)->29101K(29504K) NonClass: 24209K(24384K)->24209K(24384K) Class: 4892K(5120K)->4892K(5120K)
[6522.935s][info][gc             ] GC(1933) Pause Young (Allocation Failure) 3811M->1530M(4255M) 61.634ms
[6522.935s][info][gc,cpu         ] GC(1933) User=0.37s Sys=0.00s Real=0.06s
.[6524.369s][info][gc,start       ] GC(1934) Pause Young (Allocation Failure)
[6524.460s][info][gc,heap        ] GC(1934) PSYoungGen: 2611504K(2634240K)->144512K(2632704K) Eden: 2473472K(2473472K)->0K(2473984K) From: 138032K(160768K)->144512K(158720K)
[6524.460s][info][gc,heap        ] GC(1934) ParOldGen: 1429602K(1722880K)->1516850K(1722880K)
[6524.460s][info][gc,metaspace   ] GC(1934) Metaspace: 29101K(29504K)->29101K(29504K) NonClass: 24209K(24384K)->24209K(24384K) Class: 4892K(5120K)->4892K(5120K)
[6524.460s][info][gc             ] GC(1934) Pause Young (Allocation Failure) 3946M->1622M(4253M) 91.819ms
[6524.460s][info][gc,cpu         ] GC(1934) User=0.54s Sys=0.00s Real=0.09s
..[6526.117s][info][gc,start       ] GC(1935) Pause Young (Allocation Failure)
[6526.216s][info][gc,heap        ] GC(1935) PSYoungGen: 2618496K(2632704K)->154416K(2633728K) Eden: 2473984K(2473984K)->0K(2473984K) From: 144512K(158720K)->154416K(159744K)
[6526.216s][info][gc,heap        ] GC(1935) ParOldGen: 1516850K(1722880K)->1610362K(1722880K)
[6526.216s][info][gc,metaspace   ] GC(1935) Metaspace: 29101K(29504K)->29101K(29504K) NonClass: 24209K(24384K)->24209K(24384K) Class: 4892K(5120K)->4892K(5120K)
[6526.216s][info][gc             ] GC(1935) Pause Young (Allocation Failure) 4038M->1723M(4254M) 99.472ms
[6526.217s][info][gc,cpu         ] GC(1935) User=0.59s Sys=0.00s Real=0.10s
..[6528.020s][info][gc,start       ] GC(1936) Pause Young (Allocation Failure)
[6528.119s][info][gc,heap        ] GC(1936) PSYoungGen: 2628400K(2633728K)->151680K(2633216K) Eden: 2473984K(2473984K)->0K(2471424K) From: 154416K(159744K)->151680K(161792K)
[6528.119s][info][gc,heap        ] GC(1936) ParOldGen: 1610362K(1722880K)->1704530K(1722880K)
[6528.119s][info][gc,metaspace   ] GC(1936) Metaspace: 29101K(29504K)->29101K(29504K) NonClass: 24209K(24384K)->24209K(24384K) Class: 4892K(5120K)->4892K(5120K)
[6528.119s][info][gc             ] GC(1936) Pause Young (Allocation Failure) 4139M->1812M(4254M) 99.121ms
[6528.119s][info][gc,cpu         ] GC(1936) User=0.59s Sys=0.00s Real=0.10s
..[6529.989s][info][gc,start       ] GC(1937) Pause Young (Allocation Failure)
[6530.086s][info][gc,heap        ] GC(1937) PSYoungGen: 2623104K(2633216K)->145380K(2616832K) Eden: 2471424K(2471424K)->0K(2471424K) From: 151680K(161792K)->145380K(145408K)
[6530.086s][info][gc,heap        ] GC(1937) ParOldGen: 1704530K(1722880K)->1794842K(1795072K)
[6530.086s][info][gc,metaspace   ] GC(1937) Metaspace: 29101K(29504K)->29101K(29504K) NonClass: 24209K(24384K)->24209K(24384K) Class: 4892K(5120K)->4892K(5120K)
[6530.086s][info][gc             ] GC(1937) Pause Young (Allocation Failure) 4226M->1894M(4308M) 97.137ms
[6530.086s][info][gc,cpu         ] GC(1937) User=0.55s Sys=0.03s Real=0.09s
..[6531.999s][info][gc,start       ] GC(1938) Pause Young (Allocation Failure)
[6532.103s][info][gc,heap        ] GC(1938) PSYoungGen: 2616804K(2616832K)->150805K(2632704K) Eden: 2471424K(2471424K)->0K(2471936K) From: 145380K(145408K)->150805K(160768K)
[6532.103s][info][gc,heap        ] GC(1938) ParOldGen: 1794842K(1795072K)->1886202K(1886208K)
[6532.103s][info][gc,metaspace   ] GC(1938) Metaspace: 29101K(29504K)->29101K(29504K) NonClass: 24209K(24384K)->24209K(24384K) Class: 4892K(5120K)->4892K(5120K)
[6532.103s][info][gc             ] GC(1938) Pause Young (Allocation Failure) 4308M->1989M(4413M) 103.380ms
[6532.103s][info][gc,cpu         ] GC(1938) User=0.59s Sys=0.03s Real=0.10s
..[6533.939s][info][gc,start       ] GC(1939) Pause Young (Allocation Failure)
[6534.039s][info][gc,heap        ] GC(1939) PSYoungGen: 2622741K(2632704K)->146784K(2632704K) Eden: 2471936K(2471936K)->0K(2471936K) From: 150805K(160768K)->146784K(160768K)
[6534.039s][info][gc,heap        ] GC(1939) ParOldGen: 1886202K(1886208K)->1978530K(1978880K)
[6534.039s][info][gc,metaspace   ] GC(1939) Metaspace: 29101K(29504K)->29101K(29504K) NonClass: 24209K(24384K)->24209K(24384K) Class: 4892K(5120K)->4892K(5120K)
[6534.039s][info][gc             ] GC(1939) Pause Young (Allocation Failure) 4403M->2075M(4503M) 99.857ms
[6534.039s][info][gc,cpu         ] GC(1939) User=0.57s Sys=0.02s Real=0.10s
..[6535.905s][info][gc,start       ] GC(1940) Pause Young (Allocation Failure)
[6536.007s][info][gc,heap        ] GC(1940) PSYoungGen: 2618720K(2632704K)->152576K(2633728K) Eden: 2471936K(2471936K)->0K(2473984K) From: 146784K(160768K)->152576K(159744K)
[6536.007s][info][gc,heap        ] GC(1940) ParOldGen: 1978530K(1978880K)->2067938K(2067968K)
[6536.007s][info][gc,metaspace   ] GC(1940) Metaspace: 29101K(29504K)->29101K(29504K) NonClass: 24209K(24384K)->24209K(24384K) Class: 4892K(5120K)->4892K(5120K)
[6536.007s][info][gc             ] GC(1940) Pause Young (Allocation Failure) 4489M->2168M(4591M) 102.356ms
[6536.007s][info][gc,cpu         ] GC(1940) User=0.58s Sys=0.02s Real=0.10s
. (rIR:aIR:PR = 10654:10607:10606) (tPR = 155160) [OK] 
  6536s: Performance info:
         Transaction,    Success,    Partial,     Failed,   Receipts, AvgBarcode, 
             Overall,     637488,          0,          0,     605174,      59.47, 
         Response times:
             Request,    Success,    Partial,     Failed,   SkipFail,     Probes,    Samples,      min,      p50,      p90,      p95,      p99,      max, 
       TotalPurchase,     605363,          0,          0,          0,     341320,     496438,      200,     7800,    71000,   136000,   582000,   900000,
     InStorePurchase,     321599,          0,          0,          0,     179042,     260733,      200,     7800,    71000,   137000,   660000,   900000,
      OnlinePurchase,     220089,          0,          0,          0,     125778,     182755,      300,     8000,    71000,   134000,   582000,   900000,
        InstPurchase,      63675,          0,          0,          0,      36500,      52950,      300,     7500,    70000,   140000,   462000,   900000,
          AssocOfCat,        641,          0,          0,          0,        519,        867,    21000,    45000,   102200,   156200,   342000,   447000,
      AssocOfProduct,       6332,          0,          0,          0,       3569,       5384,      600,     7100,    68000,   146500,   640000,   900000,
      BusinessReport,       1598,          0,          0,          0,       1430,       2231,    28000,    60000,   147800,   192800,   720000,   950000,
          CustBuyBeh,       6529,          0,          0,          0,       3619,       5511,      100,     7600,    73000,   140600,   582000,   900000,
       ProductReturn,      17098,          0,          0,          0,       8992,      13308,      100,     6900,    65000,   140100,   634870,   900000,

  6536s: (78%)   IR =  10793 [6537.756s][info][gc,start       ] GC(1941) Pause Young (Allocation Failure)
[6537.858s][info][gc,heap        ] GC(1941) PSYoungGen: 2626560K(2633728K)->146709K(2634240K) Eden: 2473984K(2473984K)->0K(2473984K) From: 152576K(159744K)->146709K(160256K)
[6537.858s][info][gc,heap        ] GC(1941) ParOldGen: 2067938K(2067968K)->2161474K(2161664K)
[6537.858s][info][gc,metaspace   ] GC(1941) Metaspace: 29101K(29504K)->29101K(29504K) NonClass: 24209K(24384K)->24209K(24384K) Class: 4892K(5120K)->4892K(5120K)
[6537.858s][info][gc             ] GC(1941) Pause Young (Allocation Failure) 4584M->2254M(4683M) 101.800ms
[6537.858s][info][gc,cpu         ] GC(1941) User=0.58s Sys=0.03s Real=0.11s
..[6539.548s][info][gc,start       ] GC(1942) Pause Young (Allocation Failure)
[6539.648s][info][gc,heap        ] GC(1942) PSYoungGen: 2620693K(2634240K)->143684K(2635264K) Eden: 2473984K(2473984K)->0K(2476032K) From: 146709K(160256K)->143684K(159232K)
[6539.648s][info][gc,heap        ] GC(1942) ParOldGen: 2161474K(2161664K)->2253386K(2253824K)
[6539.648s][info][gc,metaspace   ] GC(1942) Metaspace: 29101K(29504K)->29101K(29504K) NonClass: 24209K(24384K)->24209K(24384K) Class: 4892K(5120K)->4892K(5120K)
[6539.648s][info][gc             ] GC(1942) Pause Young (Allocation Failure) 4670M->2340M(4774M) 100.032ms
[6539.648s][info][gc,cpu         ] GC(1942) User=0.57s Sys=0.02s Real=0.10s
..[6541.365s][info][gc,start       ] GC(1943) Pause Young (Allocation Failure)
[6541.464s][info][gc,heap        ] GC(1943) PSYoungGen: 2619716K(2635264K)->142436K(2635264K) Eden: 2476032K(2476032K)->0K(2476032K) From: 143684K(159232K)->142436K(159232K)
[6541.464s][info][gc,heap        ] GC(1943) ParOldGen: 2253386K(2253824K)->2343578K(2343936K)
[6541.464s][info][gc,metaspace   ] GC(1943) Metaspace: 29101K(29504K)->29101K(29504K) NonClass: 24209K(24384K)->24209K(24384K) Class: 4892K(5120K)->4892K(5120K)
[6541.464s][info][gc             ] GC(1943) Pause Young (Allocation Failure) 4758M->2427M(4862M) 99.573ms
[6541.464s][info][gc,cpu         ] GC(1943) User=0.57s Sys=0.02s Real=0.10s
..[6543.252s][info][gc,start       ] GC(1944) Pause Young (Allocation Failure)
[6543.354s][info][gc,heap        ] GC(1944) PSYoungGen: 2618468K(2635264K)->150912K(2635776K) Eden: 2476032K(2476032K)->0K(2477056K) From: 142436K(159232K)->150912K(158720K)
[6543.354s][info][gc,heap        ] GC(1944) ParOldGen: 2343578K(2343936K)->2435466K(2435584K)
[6543.354s][info][gc,metaspace   ] GC(1944) Metaspace: 29101K(29504K)->29101K(29504K) NonClass: 24209K(24384K)->24209K(24384K) Class: 4892K(5120K)->4892K(5120K)
[6543.354s][info][gc             ] GC(1944) Pause Young (Allocation Failure) 4845M->2525M(4952M) 101.165ms
[6543.354s][info][gc,cpu         ] GC(1944) User=0.56s Sys=0.03s Real=0.10s
..[6545.078s][info][gc,start       ] GC(1945) Pause Young (Allocation Failure)
[6545.185s][info][gc,heap        ] GC(1945) PSYoungGen: 2627968K(2635776K)->151445K(2636288K) Eden: 2477056K(2477056K)->0K(2477056K) From: 150912K(158720K)->151445K(159232K)
[6545.185s][info][gc,heap        ] GC(1945) ParOldGen: 2435466K(2435584K)->2527594K(2527744K)
[6545.185s][info][gc,metaspace   ] GC(1945) Metaspace: 29101K(29504K)->29101K(29504K) NonClass: 24209K(24384K)->24209K(24384K) Class: 4892K(5120K)->4892K(5120K)
[6545.185s][info][gc             ] GC(1945) Pause Young (Allocation Failure) 4944M->2616M(5043M) 107.122ms
[6545.185s][info][gc,cpu         ] GC(1945) User=0.60s Sys=0.03s Real=0.10s
[6545.382s][info][gc,start       ] GC(1946) Pause Full (Diagnostic Command)
[6545.382s][info][gc,phases,start] GC(1946) Marking Phase
[6545.674s][info][gc,phases      ] GC(1946) Marking Phase 292.221ms
[6545.674s][info][gc,phases,start] GC(1946) Summary Phase
[6545.675s][info][gc,phases      ] GC(1946) Summary Phase 0.044ms
[6545.675s][info][gc,phases,start] GC(1946) Forward
[6545.820s][info][gc,phases      ] GC(1946) Forward 145.436ms
[6545.820s][info][gc,phases,start] GC(1946) Adjust Pointers
[6546.012s][info][gc,phases      ] GC(1946) Adjust Pointers 191.609ms
[6546.012s][info][gc,phases,start] GC(1946) Compaction Phase
[6546.155s][info][gc,phases      ] GC(1946) Compaction Phase 143.315ms
[6546.157s][info][gc,phases,start] GC(1946) Post Compact
[6546.160s][info][gc,phases      ] GC(1946) Post Compact 2.610ms
[6546.160s][info][gc,heap        ] GC(1946) PSYoungGen: 454555K(2636288K)->0K(2636288K) Eden: 303110K(2477056K)->0K(2477056K) From: 151445K(159232K)->0K(159232K)
[6546.160s][info][gc,heap        ] GC(1946) ParOldGen: 2527594K(2527744K)->1146569K(2527744K)
[6546.160s][info][gc,metaspace   ] GC(1946) Metaspace: 29101K(29504K)->29101K(29504K) NonClass: 24209K(24384K)->24209K(24384K) Class: 4892K(5120K)->4892K(5120K)
[6546.160s][info][gc             ] GC(1946) Pause Full (Diagnostic Command) 2912M->1119M(5043M) 777.525ms
[6546.160s][info][gc,cpu         ] GC(1946) User=4.13s Sys=0.00s Real=0.78s
..[6547.569s][info][gc,start       ] GC(1947) Pause Young (Allocation Failure)
[6547.635s][info][gc,heap        ] GC(1947) PSYoungGen: 2477056K(2636288K)->148128K(2634752K) Eden: 2477056K(2477056K)->0K(2477568K) From: 0K(159232K)->148128K(157184K)
[6547.635s][info][gc,heap        ] GC(1947) ParOldGen: 1146569K(2527744K)->1146569K(2527744K)
[6547.635s][info][gc,metaspace   ] GC(1947) Metaspace: 29101K(29504K)->29101K(29504K) NonClass: 24209K(24384K)->24209K(24384K) Class: 4892K(5120K)->4892K(5120K)
[6547.635s][info][gc             ] GC(1947) Pause Young (Allocation Failure) 3538M->1264M(5041M) 65.789ms
[6547.635s][info][gc,cpu         ] GC(1947) User=0.39s Sys=0.00s Real=0.06s
.[6549.109s][info][gc,start       ] GC(1948) Pause Young (Allocation Failure)
[6549.207s][info][gc,heap        ] GC(1948) PSYoungGen: 2625696K(2634752K)->156896K(2634752K) Eden: 2477568K(2477568K)->0K(2477568K) From: 148128K(157184K)->156896K(157184K)
[6549.207s][info][gc,heap        ] GC(1948) ParOldGen: 1146569K(2527744K)->1238705K(2527744K)
[6549.207s][info][gc,metaspace   ] GC(1948) Metaspace: 29101K(29504K)->29101K(29504K) NonClass: 24209K(24384K)->24209K(24384K) Class: 4892K(5120K)->4892K(5120K)
[6549.207s][info][gc             ] GC(1948) Pause Young (Allocation Failure) 3683M->1362M(5041M) 98.571ms
[6549.208s][info][gc,cpu         ] GC(1948) User=0.59s Sys=0.00s Real=0.10s
..[6550.848s][info][gc,start       ] GC(1949) Pause Young (Allocation Failure)
[6550.946s][info][gc,heap        ] GC(1949) PSYoungGen: 2634464K(2634752K)->147572K(2636288K) Eden: 2477568K(2477568K)->0K(2475520K) From: 156896K(157184K)->147572K(160768K)
[6550.946s][info][gc,heap        ] GC(1949) ParOldGen: 1238705K(2527744K)->1335473K(2527744K)
[6550.946s][info][gc,metaspace   ] GC(1949) Metaspace: 29101K(29504K)->29101K(29504K) NonClass: 24209K(24384K)->24209K(24384K) Class: 4892K(5120K)->4892K(5120K)
[6550.946s][info][gc             ] GC(1949) Pause Young (Allocation Failure) 3782M->1448M(5043M) 97.754ms
[6550.946s][info][gc,cpu         ] GC(1949) User=0.58s Sys=0.00s Real=0.09s
..[6552.642s][info][gc,start       ] GC(1950) Pause Young (Allocation Failure)
[6552.737s][info][gc,heap        ] GC(1950) PSYoungGen: 2623092K(2636288K)->149376K(2625024K) Eden: 2475520K(2475520K)->0K(2475520K) From: 147572K(160768K)->149376K(149504K)
[6552.737s][info][gc,heap        ] GC(1950) ParOldGen: 1335473K(2527744K)->1423401K(2527744K)
[6552.737s][info][gc,metaspace   ] GC(1950) Metaspace: 29101K(29504K)->29101K(29504K) NonClass: 24209K(24384K)->24209K(24384K) Class: 4892K(5120K)->4892K(5120K)
[6552.737s][info][gc             ] GC(1950) Pause Young (Allocation Failure) 3865M->1535M(5032M) 94.875ms
[6552.737s][info][gc,cpu         ] GC(1950) User=0.57s Sys=0.00s Real=0.09s
..[6554.466s][info][gc,start       ] GC(1951) Pause Young (Allocation Failure)
[6554.561s][info][gc,heap        ] GC(1951) PSYoungGen: 2624896K(2625024K)->142580K(2633728K) Eden: 2475520K(2475520K)->0K(2475008K) From: 149376K(149504K)->142580K(158720K)
[6554.561s][info][gc,heap        ] GC(1951) ParOldGen: 1423401K(2527744K)->1514705K(2527744K)
[6554.561s][info][gc,metaspace   ] GC(1951) Metaspace: 29101K(29504K)->29101K(29504K) NonClass: 24209K(24384K)->24209K(24384K) Class: 4892K(5120K)->4892K(5120K)
[6554.561s][info][gc             ] GC(1951) Pause Young (Allocation Failure) 3953M->1618M(5040M) 95.075ms
[6554.561s][info][gc,cpu         ] GC(1951) User=0.56s Sys=0.00s Real=0.10s
.[6556.237s][info][gc,start       ] GC(1952) Pause Young (Allocation Failure)
[6556.327s][info][gc,heap        ] GC(1952) PSYoungGen: 2617588K(2633728K)->135392K(2634240K) Eden: 2475008K(2475008K)->0K(2475008K) From: 142580K(158720K)->135392K(159232K)
[6556.327s][info][gc,heap        ] GC(1952) ParOldGen: 1514705K(2527744K)->1608513K(2527744K)
[6556.327s][info][gc,metaspace   ] GC(1952) Metaspace: 29101K(29504K)->29101K(29504K) NonClass: 24209K(24384K)->24209K(24384K) Class: 4892K(5120K)->4892K(5120K)
[6556.327s][info][gc             ] GC(1952) Pause Young (Allocation Failure) 4035M->1703M(5041M) 89.904ms
[6556.327s][info][gc,cpu         ] GC(1952) User=0.53s Sys=0.01s Real=0.09s
..[6558.168s][info][gc,start       ] GC(1953) Pause Young (Allocation Failure)
[6558.267s][info][gc,heap        ] GC(1953) PSYoungGen: 2610400K(2634240K)->156191K(2631680K) Eden: 2475008K(2475008K)->0K(2471424K) From: 135392K(159232K)->156191K(160256K)
[6558.267s][info][gc,heap        ] GC(1953) ParOldGen: 1608513K(2527744K)->1698161K(2527744K)
[6558.267s][info][gc,metaspace   ] GC(1953) Metaspace: 29101K(29504K)->29101K(29504K) NonClass: 24209K(24384K)->24209K(24384K) Class: 4892K(5120K)->4892K(5120K)
[6558.267s][info][gc             ] GC(1953) Pause Young (Allocation Failure) 4120M->1810M(5038M) 98.609ms
[6558.267s][info][gc,cpu         ] GC(1953) User=0.59s Sys=0.00s Real=0.09s
..[6560.096s][info][gc,start       ] GC(1954) Pause Young (Allocation Failure)
[6560.193s][info][gc,heap        ] GC(1954) PSYoungGen: 2627615K(2631680K)->148576K(2633728K) Eden: 2471424K(2471424K)->0K(2471424K) From: 156191K(160256K)->148576K(162304K)
[6560.193s][info][gc,heap        ] GC(1954) ParOldGen: 1698161K(2527744K)->1790377K(2527744K)
[6560.193s][info][gc,metaspace   ] GC(1954) Metaspace: 29101K(29504K)->29101K(29504K) NonClass: 24209K(24384K)->24209K(24384K) Class: 4892K(5120K)->4892K(5120K)
[6560.193s][info][gc             ] GC(1954) Pause Young (Allocation Failure) 4224M->1893M(5040M) 96.961ms
[6560.193s][info][gc,cpu         ] GC(1954) User=0.57s Sys=0.00s Real=0.10s
..[6561.978s][info][gc,start       ] GC(1955) Pause Young (Allocation Failure)
[6562.077s][info][gc,heap        ] GC(1955) PSYoungGen: 2620000K(2633728K)->153365K(2633728K) Eden: 2471424K(2471424K)->0K(2472448K) From: 148576K(162304K)->153365K(161280K)
[6562.077s][info][gc,heap        ] GC(1955) ParOldGen: 1790377K(2527744K)->1881753K(2527744K)
[6562.077s][info][gc,metaspace   ] GC(1955) Metaspace: 29101K(29504K)->29101K(29504K) NonClass: 24209K(24384K)->24209K(24384K) Class: 4892K(5120K)->4892K(5120K)
[6562.077s][info][gc             ] GC(1955) Pause Young (Allocation Failure) 4307M->1987M(5040M) 99.340ms
[6562.077s][info][gc,cpu         ] GC(1955) User=0.58s Sys=0.00s Real=0.09s
..[6563.844s][info][gc,start       ] GC(1956) Pause Young (Allocation Failure)
[6563.941s][info][gc,heap        ] GC(1956) PSYoungGen: 2625813K(2633728K)->150704K(2634240K) Eden: 2472448K(2472448K)->0K(2472448K) From: 153365K(161280K)->150704K(161792K)
[6563.941s][info][gc,heap        ] GC(1956) ParOldGen: 1881753K(2527744K)->1973073K(2527744K)
[6563.941s][info][gc,metaspace   ] GC(1956) Metaspace: 29101K(29504K)->29101K(29504K) NonClass: 24209K(24384K)->24209K(24384K) Class: 4892K(5120K)->4892K(5120K)
[6563.941s][info][gc             ] GC(1956) Pause Young (Allocation Failure) 4401M->2074M(5041M) 96.922ms
[6563.941s][info][gc,cpu         ] GC(1956) User=0.57s Sys=0.00s Real=0.10s
..[6565.701s][info][gc,start       ] GC(1957) Pause Young (Allocation Failure)
[6565.796s][info][gc,heap        ] GC(1957) PSYoungGen: 2623152K(2634240K)->147060K(2632192K) Eden: 2472448K(2472448K)->0K(2472960K) From: 150704K(161792K)->147060K(159232K)
[6565.796s][info][gc,heap        ] GC(1957) ParOldGen: 1973073K(2527744K)->2066329K(2527744K)
[6565.796s][info][gc,metaspace   ] GC(1957) Metaspace: 29101K(29504K)->29101K(29504K) NonClass: 24209K(24384K)->24209K(24384K) Class: 4892K(5120K)->4892K(5120K)
[6565.796s][info][gc             ] GC(1957) Pause Young (Allocation Failure) 4488M->2161M(5039M) 94.878ms
[6565.796s][info][gc,cpu         ] GC(1957) User=0.56s Sys=0.00s Real=0.09s
.. (rIR:aIR:PR = 10793:11185:11185) (tPR = 169789) [IR is over limit] [PR is over limit] 
  6567s: Performance info:
         Transaction,    Success,    Partial,     Failed,   Receipts, AvgBarcode, 
             Overall,     226093,          0,          0,     215015,      59.47, 
         Response times:
             Request,    Success,    Partial,     Failed,   SkipFail,     Probes,    Samples,      min,      p50,      p90,      p95,      p99,      max, 
       TotalPurchase,     214895,          0,          0,          0,     116137,     182194,      300,    11100,   216000,   350000,   578000,  1000000,
     InStorePurchase,     111933,          0,          0,          0,      61145,      95874,      300,    11200,   229000,   457000,   571000,   980000,
      OnlinePurchase,      80513,          0,          0,          0,      42655,      66865,      300,    11100,   174000,   294000,   586000,   980000,
        InstPurchase,      22449,          0,          0,          0,      12337,      19455,      400,    10200,   229000,   445000,   589000,  1000000,
          AssocOfCat,        223,          0,          0,          0,        191,        348,    23000,    52000,   264300,   323100,   504510,   640000,
      AssocOfProduct,       2290,          0,          0,          0,       1252,       2052,      700,    14750,   227000,   423000,   620000,   980000,
      BusinessReport,        562,          0,          0,          0,        476,        771,    29000,    68000,   255200,   475000,   700000,  1200000,
          CustBuyBeh,       2259,          0,          0,          0,       1268,       2112,      200,    10850,   230700,   435650,   630000,   980000,
       ProductReturn,       5868,          0,          0,          0,       3167,       4994,      400,    11200,   239000,   502000,   620000,   980000,

  6567s: 
  6567s: Failed, 9 overall retries left, retrying 1 of 1
  6567s: (78%)   IR =  10793 [6567.538s][info][gc,start       ] GC(1958) Pause Young (Allocation Failure)
[6567.636s][info][gc,heap        ] GC(1958) PSYoungGen: 2620020K(2632192K)->146760K(2633216K) Eden: 2472960K(2472960K)->0K(2472960K) From: 147060K(159232K)->146760K(160256K)
[6567.636s][info][gc,heap        ] GC(1958) ParOldGen: 2066329K(2527744K)->2158857K(2527744K)
[6567.636s][info][gc,metaspace   ] GC(1958) Metaspace: 29101K(29504K)->29101K(29504K) NonClass: 24209K(24384K)->24209K(24384K) Class: 4892K(5120K)->4892K(5120K)
[6567.636s][info][gc             ] GC(1958) Pause Young (Allocation Failure) 4576M->2251M(5040M) 97.913ms
[6567.636s][info][gc,cpu         ] GC(1958) User=0.58s Sys=0.00s Real=0.09s
.[6569.354s][info][gc,start       ] GC(1959) Pause Young (Allocation Failure)
[6569.449s][info][gc,heap        ] GC(1959) PSYoungGen: 2619720K(2633216K)->141504K(2635264K) Eden: 2472960K(2472960K)->0K(2476032K) From: 146760K(160256K)->141504K(159232K)
[6569.449s][info][gc,heap        ] GC(1959) ParOldGen: 2158857K(2527744K)->2248745K(2527744K)
[6569.449s][info][gc,metaspace   ] GC(1959) Metaspace: 29101K(29504K)->29101K(29504K) NonClass: 24209K(24384K)->24209K(24384K) Class: 4892K(5120K)->4892K(5120K)
[6569.449s][info][gc             ] GC(1959) Pause Young (Allocation Failure) 4666M->2334M(5042M) 95.151ms
[6569.449s][info][gc,cpu         ] GC(1959) User=0.57s Sys=0.00s Real=0.10s
..[6571.290s][info][gc,start       ] GC(1960) Pause Young (Allocation Failure)
[6571.386s][info][gc,heap        ] GC(1960) PSYoungGen: 2617536K(2635264K)->142941K(2635776K) Eden: 2476032K(2476032K)->0K(2476032K) From: 141504K(159232K)->142941K(159744K)
[6571.386s][info][gc,heap        ] GC(1960) ParOldGen: 2248745K(2527744K)->2341761K(2527744K)
[6571.386s][info][gc,metaspace   ] GC(1960) Metaspace: 29101K(29504K)->29101K(29504K) NonClass: 24209K(24384K)->24209K(24384K) Class: 4892K(5120K)->4892K(5120K)
[6571.386s][info][gc             ] GC(1960) Pause Young (Allocation Failure) 4752M->2426M(5042M) 96.099ms
[6571.386s][info][gc,cpu         ] GC(1960) User=0.57s Sys=0.00s Real=0.09s
..[6573.107s][info][gc,start       ] GC(1961) Pause Young (Allocation Failure)
[6573.203s][info][gc,heap        ] GC(1961) PSYoungGen: 2618973K(2635776K)->151968K(2635776K) Eden: 2476032K(2476032K)->0K(2476544K) From: 142941K(159744K)->151968K(159232K)
[6573.203s][info][gc,heap        ] GC(1961) ParOldGen: 2341761K(2527744K)->2430225K(2527744K)
[6573.203s][info][gc,metaspace   ] GC(1961) Metaspace: 29101K(29504K)->29101K(29504K) NonClass: 24209K(24384K)->24209K(24384K) Class: 4892K(5120K)->4892K(5120K)
[6573.203s][info][gc             ] GC(1961) Pause Young (Allocation Failure) 4844M->2521M(5042M) 96.095ms
[6573.203s][info][gc,cpu         ] GC(1961) User=0.57s Sys=0.00s Real=0.10s
..|[6574.972s][info][gc,start       ] GC(1962) Pause Young (Allocation Failure)
[6575.072s][info][gc,heap        ] GC(1962) PSYoungGen: 2628512K(2635776K)->149904K(2636288K) Eden: 2476544K(2476544K)->0K(2476544K) From: 151968K(159232K)->149904K(159744K)
[6575.072s][info][gc,heap        ] GC(1962) ParOldGen: 2430225K(2527744K)->2526641K(2527744K)
[6575.072s][info][gc,metaspace   ] GC(1962) Metaspace: 29101K(29504K)->29101K(29504K) NonClass: 24209K(24384K)->24209K(24384K) Class: 4892K(5120K)->4892K(5120K)
[6575.072s][info][gc             ] GC(1962) Pause Young (Allocation Failure) 4940M->2613M(5043M) 99.939ms
[6575.072s][info][gc,cpu         ] GC(1962) User=0.60s Sys=0.00s Real=0.10s
..[6576.832s][info][gc,start       ] GC(1963) Pause Young (Allocation Failure)
[6576.933s][info][gc,heap        ] GC(1963) PSYoungGen: 2626448K(2636288K)->147552K(2634240K) Eden: 2476544K(2476544K)->0K(2477056K) From: 149904K(159744K)->147552K(157184K)
[6576.933s][info][gc,heap        ] GC(1963) ParOldGen: 2526641K(2527744K)->2617209K(2617344K)
[6576.933s][info][gc,metaspace   ] GC(1963) Metaspace: 29101K(29504K)->29101K(29504K) NonClass: 24209K(24384K)->24209K(24384K) Class: 4892K(5120K)->4892K(5120K)
[6576.933s][info][gc             ] GC(1963) Pause Young (Allocation Failure) 5032M->2699M(5128M) 101.055ms
[6576.933s][info][gc,cpu         ] GC(1963) User=0.57s Sys=0.03s Real=0.10s
..[6578.783s][info][gc,start       ] GC(1964) Pause Young (Allocation Failure)
[6578.883s][info][gc,heap        ] GC(1964) PSYoungGen: 2624608K(2634240K)->141536K(2635264K) Eden: 2477056K(2477056K)->0K(2477056K) From: 147552K(157184K)->141536K(158208K)
[6578.883s][info][gc,heap        ] GC(1964) ParOldGen: 2617209K(2617344K)->2709521K(2710016K)
[6578.883s][info][gc,metaspace   ] GC(1964) Metaspace: 29101K(29504K)->29101K(29504K) NonClass: 24209K(24384K)->24209K(24384K) Class: 4892K(5120K)->4892K(5120K)
[6578.883s][info][gc             ] GC(1964) Pause Young (Allocation Failure) 5118M->2784M(5220M) 100.456ms
[6578.883s][info][gc,cpu         ] GC(1964) User=0.57s Sys=0.03s Real=0.10s
..[6580.704s][info][gc,start       ] GC(1965) Pause Young (Allocation Failure)
[6580.803s][info][gc,heap        ] GC(1965) PSYoungGen: 2618592K(2635264K)->145472K(2636800K) Eden: 2477056K(2477056K)->0K(2479616K) From: 141536K(158208K)->145472K(157184K)
[6580.803s][info][gc,heap        ] GC(1965) ParOldGen: 2709521K(2710016K)->2798921K(2799104K)
[6580.803s][info][gc,metaspace   ] GC(1965) Metaspace: 29101K(29504K)->29101K(29504K) NonClass: 24209K(24384K)->24209K(24384K) Class: 4892K(5120K)->4892K(5120K)
[6580.803s][info][gc             ] GC(1965) Pause Young (Allocation Failure) 5203M->2875M(5308M) 99.483ms
[6580.804s][info][gc,cpu         ] GC(1965) User=0.57s Sys=0.02s Real=0.10s
..[6582.601s][info][gc,start       ] GC(1966) Pause Young (Allocation Failure)
[6582.706s][info][gc,heap        ] GC(1966) PSYoungGen: 2625088K(2636800K)->152325K(2637312K) Eden: 2479616K(2479616K)->0K(2479616K) From: 145472K(157184K)->152325K(157696K)
[6582.706s][info][gc,heap        ] GC(1966) ParOldGen: 2798921K(2799104K)->2891329K(2891776K)
[6582.706s][info][gc,metaspace   ] GC(1966) Metaspace: 29101K(29504K)->29101K(29504K) NonClass: 24209K(24384K)->24209K(24384K) Class: 4892K(5120K)->4892K(5120K)
[6582.706s][info][gc             ] GC(1966) Pause Young (Allocation Failure) 5296M->2972M(5399M) 105.316ms
[6582.706s][info][gc,cpu         ] GC(1966) User=0.60s Sys=0.03s Real=0.10s
.[6584.488s][info][gc,start       ] GC(1967) Pause Young (Allocation Failure)
[6584.589s][info][gc,heap        ] GC(1967) PSYoungGen: 2631941K(2637312K)->144629K(2637824K) Eden: 2479616K(2479616K)->0K(2479104K) From: 152325K(157696K)->144629K(158720K)
[6584.589s][info][gc,heap        ] GC(1967) ParOldGen: 2891329K(2891776K)->2985153K(2985472K)
[6584.589s][info][gc,metaspace   ] GC(1967) Metaspace: 29101K(29504K)->29101K(29504K) NonClass: 24209K(24384K)->24209K(24384K) Class: 4892K(5120K)->4892K(5120K)
[6584.589s][info][gc             ] GC(1967) Pause Young (Allocation Failure) 5393M->3056M(5491M) 100.286ms
[6584.589s][info][gc,cpu         ] GC(1967) User=0.56s Sys=0.03s Real=0.10s
..[6586.412s][info][gc,start       ] GC(1968) Pause Young (Allocation Failure)
[6586.516s][info][gc,heap        ] GC(1968) PSYoungGen: 2623733K(2637824K)->150192K(2637312K) Eden: 2479104K(2479104K)->0K(2479104K) From: 144629K(158720K)->150192K(158208K)
[6586.516s][info][gc,heap        ] GC(1968) ParOldGen: 2985153K(2985472K)->3076769K(3077120K)
[6586.516s][info][gc,metaspace   ] GC(1968) Metaspace: 29101K(29504K)->29101K(29504K) NonClass: 24209K(24384K)->24209K(24384K) Class: 4892K(5120K)->4892K(5120K)
[6586.516s][info][gc             ] GC(1968) Pause Young (Allocation Failure) 5477M->3151M(5580M) 103.981ms
[6586.516s][info][gc,cpu         ] GC(1968) User=0.59s Sys=0.03s Real=0.10s
..[6588.393s][info][gc,start       ] GC(1969) Pause Young (Allocation Failure)
[6588.489s][info][gc,heap        ] GC(1969) PSYoungGen: 2629296K(2637312K)->140352K(2637312K) Eden: 2479104K(2479104K)->0K(2479104K) From: 150192K(158208K)->140352K(158208K)
[6588.489s][info][gc,heap        ] GC(1969) ParOldGen: 3076769K(3077120K)->3167585K(3167744K)
[6588.489s][info][gc,metaspace   ] GC(1969) Metaspace: 29101K(29504K)->29101K(29504K) NonClass: 24209K(24384K)->24209K(24384K) Class: 4892K(5120K)->4892K(5120K)
[6588.489s][info][gc             ] GC(1969) Pause Young (Allocation Failure) 5572M->3230M(5669M) 95.940ms
[6588.489s][info][gc,cpu         ] GC(1969) User=0.53s Sys=0.04s Real=0.10s
..[6590.194s][info][gc,start       ] GC(1970) Pause Young (Allocation Failure)
[6590.301s][info][gc,heap        ] GC(1970) PSYoungGen: 2619456K(2637312K)->158196K(2637312K) Eden: 2479104K(2479104K)->0K(2479104K) From: 140352K(158208K)->158196K(158208K)
[6590.302s][info][gc,heap        ] GC(1970) ParOldGen: 3167585K(3167744K)->3257809K(3257856K)
[6590.302s][info][gc,metaspace   ] GC(1970) Metaspace: 29101K(29504K)->29101K(29504K) NonClass: 24209K(24384K)->24209K(24384K) Class: 4892K(5120K)->4892K(5120K)
[6590.302s][info][gc             ] GC(1970) Pause Young (Allocation Failure) 5651M->3335M(5757M) 107.058ms
[6590.302s][info][gc,cpu         ] GC(1970) User=0.60s Sys=0.04s Real=0.11s
..[6592.009s][info][gc,start       ] GC(1971) Pause Young (Allocation Failure)
[6592.112s][info][gc,heap        ] GC(1971) PSYoungGen: 2637300K(2637312K)->148596K(2569728K) Eden: 2479104K(2479104K)->0K(2411008K) From: 158196K(158208K)->148596K(158720K)
[6592.112s][info][gc,heap        ] GC(1971) ParOldGen: 3257809K(3257856K)->3351233K(3351552K)
[6592.112s][info][gc,metaspace   ] GC(1971) Metaspace: 29101K(29504K)->29101K(29504K) NonClass: 24209K(24384K)->24209K(24384K) Class: 4892K(5120K)->4892K(5120K)
[6592.112s][info][gc             ] GC(1971) Pause Young (Allocation Failure) 5756M->3417M(5782M) 103.122ms
[6592.112s][info][gc,cpu         ] GC(1971) User=0.58s Sys=0.03s Real=0.10s
..[6593.938s][info][gc,start       ] GC(1972) Pause Young (Allocation Failure)
[6594.041s][info][gc,heap        ] GC(1972) PSYoungGen: 2559604K(2569728K)->152921K(2603520K) Eden: 2411008K(2411008K)->0K(2411008K) From: 148596K(158720K)->152921K(192512K)
[6594.041s][info][gc,heap        ] GC(1972) ParOldGen: 3351233K(3351552K)->3440193K(3440640K)
[6594.041s][info][gc,metaspace   ] GC(1972) Metaspace: 29101K(29504K)->29101K(29504K) NonClass: 24209K(24384K)->24209K(24384K) Class: 4892K(5120K)->4892K(5120K)
[6594.041s][info][gc             ] GC(1972) Pause Young (Allocation Failure) 5772M->3508M(5902M) 103.545ms
[6594.041s][info][gc,cpu         ] GC(1972) User=0.59s Sys=0.03s Real=0.10s
.[6595.692s][info][gc,start       ] GC(1973) Pause Young (Allocation Failure)
[6595.794s][info][gc,heap        ] GC(1973) PSYoungGen: 2563929K(2603520K)->145876K(2597376K) Eden: 2411008K(2411008K)->0K(2414080K) From: 152921K(192512K)->145876K(183296K)
[6595.794s][info][gc,heap        ] GC(1973) ParOldGen: 3440193K(3440640K)->3533681K(3533824K)
[6595.794s][info][gc,metaspace   ] GC(1973) Metaspace: 29101K(29504K)->29101K(29504K) NonClass: 24209K(24384K)->24209K(24384K) Class: 4892K(5120K)->4892K(5120K)
[6595.794s][info][gc             ] GC(1973) Pause Young (Allocation Failure) 5863M->3593M(5987M) 101.677ms
[6595.794s][info][gc,cpu         ] GC(1973) User=0.58s Sys=0.03s Real=0.10s
..[6597.551s][info][gc,start       ] GC(1974) Pause Young (Allocation Failure)
[6597.646s][info][gc,heap        ] GC(1974) PSYoungGen: 2559956K(2597376K)->135616K(2601984K) Eden: 2414080K(2414080K)->0K(2414080K) From: 145876K(183296K)->135616K(187904K)
[6597.647s][info][gc,heap        ] GC(1974) ParOldGen: 3533681K(3533824K)->3626001K(3626496K)
[6597.647s][info][gc,metaspace   ] GC(1974) Metaspace: 29101K(29504K)->29101K(29504K) NonClass: 24209K(24384K)->24209K(24384K) Class: 4892K(5120K)->4892K(5120K)
[6597.647s][info][gc             ] GC(1974) Pause Young (Allocation Failure) 5950M->3673M(6082M) 95.237ms
[6597.647s][info][gc,cpu         ] GC(1974) User=0.54s Sys=0.03s Real=0.09s
..[6599.342s][info][gc,start       ] GC(1975) Pause Young (Allocation Failure)
[6599.439s][info][gc,heap        ] GC(1975) PSYoungGen: 2549696K(2601984K)->136272K(2606080K) Eden: 2414080K(2414080K)->0K(2420224K) From: 135616K(187904K)->136272K(185856K)
[6599.439s][info][gc,heap        ] GC(1975) ParOldGen: 3626001K(3626496K)->3716897K(3717120K)
[6599.439s][info][gc,metaspace   ] GC(1975) Metaspace: 29101K(29504K)->29101K(29504K) NonClass: 24209K(24384K)->24209K(24384K) Class: 4892K(5120K)->4892K(5120K)
[6599.439s][info][gc             ] GC(1975) Pause Young (Allocation Failure) 6030M->3762M(6175M) 96.574ms
[6599.439s][info][gc,cpu         ] GC(1975) User=0.53s Sys=0.04s Real=0.10s
..[6601.115s][info][gc,start       ] GC(1976) Pause Young (Allocation Failure)
[6601.217s][info][gc,heap        ] GC(1976) PSYoungGen: 2556496K(2606080K)->148608K(2607104K) Eden: 2420224K(2420224K)->0K(2420224K) From: 136272K(185856K)->148608K(186880K)
[6601.217s][info][gc,heap        ] GC(1976) ParOldGen: 3716897K(3717120K)->3805449K(3805696K)
[6601.217s][info][gc,metaspace   ] GC(1976) Metaspace: 29101K(29504K)->29101K(29504K) NonClass: 24209K(24384K)->24209K(24384K) Class: 4892K(5120K)->4892K(5120K)
[6601.217s][info][gc             ] GC(1976) Pause Young (Allocation Failure) 6126M->3861M(6262M) 102.727ms
[6601.217s][info][gc,cpu         ] GC(1976) User=0.58s Sys=0.04s Real=0.11s
..[6603.032s][info][gc,start       ] GC(1977) Pause Young (Allocation Failure)
[6603.132s][info][gc,heap        ] GC(1977) PSYoungGen: 2568832K(2607104K)->144480K(2607104K) Eden: 2420224K(2420224K)->0K(2425344K) From: 148608K(186880K)->144480K(181760K)
[6603.132s][info][gc,heap        ] GC(1977) ParOldGen: 3805449K(3805696K)->3896305K(3896320K)
[6603.132s][info][gc,metaspace   ] GC(1977) Metaspace: 29101K(29504K)->29101K(29504K) NonClass: 24209K(24384K)->24209K(24384K) Class: 4892K(5120K)->4892K(5120K)
[6603.132s][info][gc             ] GC(1977) Pause Young (Allocation Failure) 6224M->3946M(6351M) 100.156ms
[6603.132s][info][gc,cpu         ] GC(1977) User=0.57s Sys=0.03s Real=0.10s
.[6604.806s][info][gc,start       ] GC(1978) Pause Young (Allocation Failure)
[6604.903s][info][gc,heap        ] GC(1978) PSYoungGen: 2569824K(2607104K)->141536K(2607104K) Eden: 2425344K(2425344K)->0K(2425344K) From: 144480K(181760K)->141536K(181760K)
[6604.903s][info][gc,heap        ] GC(1978) ParOldGen: 3896305K(3896320K)->3986953K(3987456K)
[6604.903s][info][gc,metaspace   ] GC(1978) Metaspace: 29101K(29504K)->29101K(29504K) NonClass: 24209K(24384K)->24209K(24384K) Class: 4892K(5120K)->4892K(5120K)
[6604.903s][info][gc             ] GC(1978) Pause Young (Allocation Failure) 6314M->4031M(6440M) 96.975ms
[6604.903s][info][gc,cpu         ] GC(1978) User=0.55s Sys=0.02s Real=0.10s
..[6606.622s][info][gc,start       ] GC(1979) Pause Young (Allocation Failure)
[6606.720s][info][gc,heap        ] GC(1979) PSYoungGen: 2566880K(2607104K)->143616K(2611712K) Eden: 2425344K(2425344K)->0K(2434048K) From: 141536K(181760K)->143616K(177664K)
[6606.720s][info][gc,heap        ] GC(1979) ParOldGen: 3986953K(3987456K)->4078041K(4078080K)
[6606.720s][info][gc,metaspace   ] GC(1979) Metaspace: 29101K(29504K)->29101K(29504K) NonClass: 24209K(24384K)->24209K(24384K) Class: 4892K(5120K)->4892K(5120K)
[6606.720s][info][gc             ] GC(1979) Pause Young (Allocation Failure) 6400M->4122M(6533M) 98.376ms
[6606.720s][info][gc,cpu         ] GC(1979) User=0.55s Sys=0.04s Real=0.10s
..[6608.417s][info][gc,start       ] GC(1980) Pause Young (Allocation Failure)
[6608.514s][info][gc,heap        ] GC(1980) PSYoungGen: 2577664K(2611712K)->134368K(2612224K) Eden: 2434048K(2434048K)->0K(2434048K) From: 143616K(177664K)->134368K(178176K)
[6608.514s][info][gc,heap        ] GC(1980) ParOldGen: 4078041K(4078080K)->4171073K(4171264K)
[6608.514s][info][gc,metaspace   ] GC(1980) Metaspace: 29101K(29504K)->29101K(29504K) NonClass: 24209K(24384K)->24209K(24384K) Class: 4892K(5120K)->4892K(5120K)
[6608.514s][info][gc             ] GC(1980) Pause Young (Allocation Failure) 6499M->4204M(6624M) 97.661ms
[6608.515s][info][gc,cpu         ] GC(1980) User=0.53s Sys=0.04s Real=0.10s
..[6610.262s][info][gc,start       ] GC(1981) Pause Young (Allocation Failure)
[6610.366s][info][gc,heap        ] GC(1981) PSYoungGen: 2568416K(2612224K)->146677K(2611712K) Eden: 2434048K(2434048K)->0K(2440192K) From: 134368K(178176K)->146677K(171520K)
[6610.366s][info][gc,heap        ] GC(1981) ParOldGen: 4171073K(4171264K)->4261585K(4261888K)
[6610.366s][info][gc,metaspace   ] GC(1981) Metaspace: 29101K(29504K)->29101K(29504K) NonClass: 24209K(24384K)->24209K(24384K) Class: 4892K(5120K)->4892K(5120K)
[6610.366s][info][gc             ] GC(1981) Pause Young (Allocation Failure) 6581M->4304M(6712M) 103.833ms
[6610.366s][info][gc,cpu         ] GC(1981) User=0.57s Sys=0.03s Real=0.10s
.[6612.049s][info][gc,start       ] GC(1982) Pause Young (Allocation Failure)
[6612.150s][info][gc,heap        ] GC(1982) PSYoungGen: 2586869K(2611712K)->147168K(2614784K) Eden: 2440192K(2440192K)->0K(2440192K) From: 146677K(171520K)->147168K(174592K)
[6612.150s][info][gc,heap        ] GC(1982) ParOldGen: 4261585K(4261888K)->4351457K(4351488K)
[6612.150s][info][gc,metaspace   ] GC(1982) Metaspace: 29101K(29504K)->29101K(29504K) NonClass: 24209K(24384K)->24209K(24384K) Class: 4892K(5120K)->4892K(5120K)
[6612.150s][info][gc             ] GC(1982) Pause Young (Allocation Failure) 6687M->4393M(6803M) 100.783ms
[6612.150s][info][gc,cpu         ] GC(1982) User=0.58s Sys=0.02s Real=0.10s
..[6613.811s][info][gc,start       ] GC(1983) Pause Young (Allocation Failure)
[6613.913s][info][gc,heap        ] GC(1983) PSYoungGen: 2587360K(2614784K)->146288K(2616832K) Eden: 2440192K(2440192K)->0K(2449408K) From: 147168K(174592K)->146288K(167424K)
[6613.913s][info][gc,heap        ] GC(1983) ParOldGen: 4351457K(4351488K)->4443657K(4444160K)
[6613.913s][info][gc,metaspace   ] GC(1983) Metaspace: 29101K(29504K)->29101K(29504K) NonClass: 24209K(24384K)->24209K(24384K) Class: 4892K(5120K)->4892K(5120K)
[6613.913s][info][gc             ] GC(1983) Pause Young (Allocation Failure) 6776M->4482M(6895M) 101.730ms
[6613.913s][info][gc,cpu         ] GC(1983) User=0.57s Sys=0.03s Real=0.10s
..[6615.641s][info][gc,start       ] GC(1984) Pause Young (Allocation Failure)
[6615.743s][info][gc,heap        ] GC(1984) PSYoungGen: 2595696K(2616832K)->146912K(2619392K) Eden: 2449408K(2449408K)->0K(2449408K) From: 146288K(167424K)->146912K(169984K)
[6615.743s][info][gc,heap        ] GC(1984) ParOldGen: 4443657K(4444160K)->4533865K(4534272K)
[6615.743s][info][gc,metaspace   ] GC(1984) Metaspace: 29101K(29504K)->29101K(29504K) NonClass: 24209K(24384K)->24209K(24384K) Class: 4892K(5120K)->4892K(5120K)
[6615.743s][info][gc             ] GC(1984) Pause Young (Allocation Failure) 6874M->4571M(6986M) 102.601ms
[6615.743s][info][gc,cpu         ] GC(1984) User=0.57s Sys=0.04s Real=0.10s
..[6617.483s][info][gc,start       ] GC(1985) Pause Young (Allocation Failure)
[6617.588s][info][gc,heap        ] GC(1985) PSYoungGen: 2596320K(2619392K)->150000K(2625024K) Eden: 2449408K(2449408K)->0K(2458624K) From: 146912K(169984K)->150000K(166400K)
[6617.588s][info][gc,heap        ] GC(1985) ParOldGen: 4533865K(4534272K)->4623065K(4623360K)
[6617.588s][info][gc,metaspace   ] GC(1985) Metaspace: 29101K(29504K)->29101K(29504K) NonClass: 24209K(24384K)->24209K(24384K) Class: 4892K(5120K)->4892K(5120K)
[6617.589s][info][gc             ] GC(1985) Pause Young (Allocation Failure) 6963M->4661M(7078M) 105.729ms
[6617.589s][info][gc,cpu         ] GC(1985) User=0.60s Sys=0.03s Real=0.11s
..[6619.298s][info][gc,start       ] GC(1986) Pause Young (Allocation Failure)
[6619.399s][info][gc,heap        ] GC(1986) PSYoungGen: 2608624K(2625024K)->141344K(2625536K) Eden: 2458624K(2458624K)->0K(2458624K) From: 150000K(166400K)->141344K(166912K)
[6619.399s][info][gc,heap        ] GC(1986) ParOldGen: 4623065K(4623360K)->4716321K(4716544K)
[6619.399s][info][gc,metaspace   ] GC(1986) Metaspace: 29101K(29504K)->29101K(29504K) NonClass: 24209K(24384K)->24209K(24384K) Class: 4892K(5120K)->4892K(5120K)
[6619.399s][info][gc             ] GC(1986) Pause Young (Allocation Failure) 7062M->4743M(7170M) 101.839ms
[6619.399s][info][gc,cpu         ] GC(1986) User=0.57s Sys=0.03s Real=0.10s
.[6621.199s][info][gc,start       ] GC(1987) Pause Young (Allocation Failure)
[6621.305s][info][gc,heap        ] GC(1987) PSYoungGen: 2599968K(2625536K)->152032K(2628608K) Eden: 2458624K(2458624K)->0K(2462720K) From: 141344K(166912K)->152032K(165888K)
[6621.305s][info][gc,heap        ] GC(1987) ParOldGen: 4716321K(4716544K)->4808009K(4808192K)
[6621.305s][info][gc,metaspace   ] GC(1987) Metaspace: 29101K(29504K)->29101K(29504K) NonClass: 24209K(24384K)->24209K(24384K) Class: 4892K(5120K)->4892K(5120K)
[6621.305s][info][gc             ] GC(1987) Pause Young (Allocation Failure) 7144M->4843M(7262M) 105.198ms
[6621.305s][info][gc,cpu         ] GC(1987) User=0.59s Sys=0.03s Real=0.10s
..[6623.019s][info][gc,start       ] GC(1988) Pause Young (Allocation Failure)
[6623.125s][info][gc,heap        ] GC(1988) PSYoungGen: 2614752K(2628608K)->153116K(2628608K) Eden: 2462720K(2462720K)->0K(2462720K) From: 152032K(165888K)->153116K(165888K)
[6623.125s][info][gc,heap        ] GC(1988) ParOldGen: 4808009K(4808192K)->4901553K(4901888K)
[6623.125s][info][gc,metaspace   ] GC(1988) Metaspace: 29101K(29504K)->29101K(29504K) NonClass: 24209K(24384K)->24209K(24384K) Class: 4892K(5120K)->4892K(5120K)
[6623.125s][info][gc             ] GC(1988) Pause Young (Allocation Failure) 7248M->4936M(7354M) 106.063ms
[6623.125s][info][gc,cpu         ] GC(1988) User=0.61s Sys=0.03s Real=0.10s
..[6624.847s][info][gc,start       ] GC(1989) Pause Young (Allocation Failure)
[6624.948s][info][gc,heap        ] GC(1989) PSYoungGen: 2615836K(2628608K)->143520K(2628608K) Eden: 2462720K(2462720K)->0K(2463744K) From: 153116K(165888K)->143520K(164864K)
[6624.948s][info][gc,heap        ] GC(1989) ParOldGen: 4901553K(4901888K)->4991409K(4991488K)
[6624.948s][info][gc,metaspace   ] GC(1989) Metaspace: 29101K(29504K)->29101K(29504K) NonClass: 24209K(24384K)->24209K(24384K) Class: 4892K(5120K)->4892K(5120K)
[6624.948s][info][gc             ] GC(1989) Pause Young (Allocation Failure) 7341M->5014M(7441M) 100.990ms
[6624.948s][info][gc,cpu         ] GC(1989) User=0.56s Sys=0.05s Real=0.11s
..[6626.715s][info][gc,start       ] GC(1990) Pause Young (Allocation Failure)
[6626.823s][info][gc,heap        ] GC(1990) PSYoungGen: 2607264K(2628608K)->154091K(2629120K) Eden: 2463744K(2463744K)->0K(2463744K) From: 143520K(164864K)->154091K(165376K)
[6626.823s][info][gc,heap        ] GC(1990) ParOldGen: 4991409K(4991488K)->5082273K(5082624K)
[6626.823s][info][gc,metaspace   ] GC(1990) Metaspace: 29101K(29504K)->29101K(29504K) NonClass: 24209K(24384K)->24209K(24384K) Class: 4892K(5120K)->4892K(5120K)
[6626.823s][info][gc             ] GC(1990) Pause Young (Allocation Failure) 7420M->5113M(7531M) 108.525ms
[6626.823s][info][gc,cpu         ] GC(1990) User=0.61s Sys=0.03s Real=0.11s
..[6628.568s][info][gc,start       ] GC(1991) Pause Young (Allocation Failure)
[6628.670s][info][gc,heap        ] GC(1991) PSYoungGen: 2617835K(2629120K)->144544K(2629120K) Eden: 2463744K(2463744K)->0K(2464768K) From: 154091K(165376K)->144544K(164352K)
[6628.670s][info][gc,heap        ] GC(1991) ParOldGen: 5082273K(5082624K)->5173513K(5173760K)
[6628.670s][info][gc,metaspace   ] GC(1991) Metaspace: 29101K(29504K)->29101K(29504K) NonClass: 24209K(24384K)->24209K(24384K) Class: 4892K(5120K)->4892K(5120K)
[6628.671s][info][gc             ] GC(1991) Pause Young (Allocation Failure) 7519M->5193M(7620M) 102.620ms
[6628.671s][info][gc,cpu         ] GC(1991) User=0.58s Sys=0.02s Real=0.10s
..[6630.393s][info][gc,start       ] GC(1992) Pause Young (Allocation Failure)
[6630.494s][info][gc,heap        ] GC(1992) PSYoungGen: 2609312K(2629120K)->141152K(2629632K) Eden: 2464768K(2464768K)->0K(2464768K) From: 144544K(164352K)->141152K(164864K)
[6630.494s][info][gc,heap        ] GC(1992) ParOldGen: 5173513K(5173760K)->5264881K(5264896K)
[6630.494s][info][gc,metaspace   ] GC(1992) Metaspace: 29101K(29504K)->29101K(29504K) NonClass: 24209K(24384K)->24209K(24384K) Class: 4892K(5120K)->4892K(5120K)
[6630.494s][info][gc             ] GC(1992) Pause Young (Allocation Failure) 7600M->5279M(7709M) 100.494ms
[6630.494s][info][gc,cpu         ] GC(1992) User=0.57s Sys=0.03s Real=0.10s
.[6632.263s][info][gc,start       ] GC(1993) Pause Young (Allocation Failure)
[6632.365s][info][gc,heap        ] GC(1993) PSYoungGen: 2605920K(2629632K)->141994K(2629120K) Eden: 2464768K(2464768K)->0K(2466816K) From: 141152K(164864K)->141994K(162304K)
[6632.365s][info][gc,heap        ] GC(1993) ParOldGen: 5264881K(5264896K)->5357249K(5357568K)
[6632.365s][info][gc,metaspace   ] GC(1993) Metaspace: 29101K(29504K)->29101K(29504K) NonClass: 24209K(24384K)->24209K(24384K) Class: 4892K(5120K)->4892K(5120K)
[6632.365s][info][gc             ] GC(1993) Pause Young (Allocation Failure) 7686M->5370M(7799M) 101.786ms
[6632.365s][info][gc,cpu         ] GC(1993) User=0.58s Sys=0.02s Real=0.10s
..[6634.168s][info][gc,start       ] GC(1994) Pause Young (Allocation Failure)
[6634.277s][info][gc,heap        ] GC(1994) PSYoungGen: 2608810K(2629120K)->162681K(2629632K) Eden: 2466816K(2466816K)->0K(2466816K) From: 141994K(162304K)->162681K(162816K)
[6634.277s][info][gc,heap        ] GC(1994) ParOldGen: 5357249K(5357568K)->5446041K(5446144K)
[6634.277s][info][gc,metaspace   ] GC(1994) Metaspace: 29101K(29504K)->29101K(29504K) NonClass: 24209K(24384K)->24209K(24384K) Class: 4892K(5120K)->4892K(5120K)
[6634.277s][info][gc             ] GC(1994) Pause Young (Allocation Failure) 7779M->5477M(7886M) 109.467ms
[6634.277s][info][gc,cpu         ] GC(1994) User=0.62s Sys=0.03s Real=0.10s
.. (rIR:aIR:PR = 10793:10826:10826) (tPR = 160926) [OK] 
  6635s: Performance info:
         Transaction,    Success,    Partial,     Failed,   Receipts, AvgBarcode, 
             Overall,     659861,          0,          0,     626899,      59.47, 
         Response times:
             Request,    Success,    Partial,     Failed,   SkipFail,     Probes,    Samples,      min,      p50,      p90,      p95,      p99,      max, 
       TotalPurchase,     627027,          0,          0,          0,     361645,     411887,      200,     8800,    64000,    90000,   134000,   321000,
     InStorePurchase,     330991,          0,          0,          0,     189754,     215917,      200,     9000,    65000,    91000,   135000,   289000,
      OnlinePurchase,     230331,          0,          0,          0,     133125,     151775,      300,     8500,    63000,    89000,   133000,   321000,
        InstPurchase,      65705,          0,          0,          0,      38766,      44195,      300,     8000,    61000,    87000,   131000,   289000,
          AssocOfCat,        659,          0,          0,          0,        541,        721,    22000,    51000,   114000,   143000,   187780,   279000,
      AssocOfProduct,       6501,          0,          0,          0,       3795,       4515,     1100,     9400,    65400,    89000,   131840,   275000,
      BusinessReport,       1646,          0,          0,          0,       1478,       1821,    28000,    62000,   133000,   161900,   207340,   321000,
          CustBuyBeh,       6552,          0,          0,          0,       3810,       4574,     1600,    10900,    72000,    99250,   143250,   274000,
       ProductReturn,      17613,          0,          0,          0,       9502,      11005,      200,     7900,    60000,    84000,   127000,   273000,

  6635s: (79%)   IR =  10931 [6635.995s][info][gc,start       ] GC(1995) Pause Young (Allocation Failure)
[6636.097s][info][gc,heap        ] GC(1995) PSYoungGen: 2629497K(2629632K)->143168K(2629632K) Eden: 2466816K(2466816K)->0K(2463232K) From: 162681K(162816K)->143168K(166400K)
[6636.097s][info][gc,heap        ] GC(1995) ParOldGen: 5446041K(5446144K)->5539809K(5539840K)
[6636.097s][info][gc,metaspace   ] GC(1995) Metaspace: 29101K(29504K)->29101K(29504K) NonClass: 24209K(24384K)->24209K(24384K) Class: 4892K(5120K)->4892K(5120K)
[6636.097s][info][gc             ] GC(1995) Pause Young (Allocation Failure) 7886M->5549M(7978M) 102.152ms
[6636.097s][info][gc,cpu         ] GC(1995) User=0.58s Sys=0.02s Real=0.10s
..[6637.881s][info][gc,start       ] GC(1996) Pause Full (Allocation Failure)
[6637.881s][info][gc,phases,start] GC(1996) Marking Phase
[6638.183s][info][gc,phases      ] GC(1996) Marking Phase 302.224ms
[6638.183s][info][gc,phases,start] GC(1996) Summary Phase
[6638.183s][info][gc,phases      ] GC(1996) Summary Phase 0.092ms
[6638.183s][info][gc,phases,start] GC(1996) Forward
[6638.322s][info][gc,phases      ] GC(1996) Forward 138.655ms
[6638.322s][info][gc,phases,start] GC(1996) Adjust Pointers
[6638.519s][info][gc,phases      ] GC(1996) Adjust Pointers 197.436ms
[6638.520s][info][gc,phases,start] GC(1996) Compaction Phase
[6638.647s][info][gc,phases      ] GC(1996) Compaction Phase 127.427ms
[6638.648s][info][gc,phases,start] GC(1996) Post Compact
[6638.655s][info][gc,phases      ] GC(1996) Post Compact 6.998ms
[6638.781s][info][gc,heap        ] GC(1996) PSYoungGen: 2606400K(2629632K)->0K(2629632K) Eden: 2463232K(2463232K)->0K(2463232K) From: 143168K(166400K)->0K(166400K)
[6638.781s][info][gc,heap        ] GC(1996) ParOldGen: 5539809K(5539840K)->1436441K(1733632K)
[6638.781s][info][gc,metaspace   ] GC(1996) Metaspace: 29101K(29504K)->29101K(29504K) NonClass: 24209K(24384K)->24209K(24384K) Class: 4892K(5120K)->4892K(5120K)
[6638.781s][info][gc             ] GC(1996) Pause Full (Allocation Failure) 7955M->1402M(4261M) 900.077ms
[6638.781s][info][gc,cpu         ] GC(1996) User=4.09s Sys=0.13s Real=0.90s
..[6640.245s][info][gc,start       ] GC(1997) Pause Young (Allocation Failure)
[6640.313s][info][gc,heap        ] GC(1997) PSYoungGen: 2463232K(2629632K)->150629K(2628608K) Eden: 2463232K(2463232K)->0K(2463232K) From: 0K(166400K)->150629K(165376K)
[6640.313s][info][gc,heap        ] GC(1997) ParOldGen: 1436441K(1733632K)->1436441K(1733632K)
[6640.313s][info][gc,metaspace   ] GC(1997) Metaspace: 29101K(29504K)->29101K(29504K) NonClass: 24209K(24384K)->24209K(24384K) Class: 4892K(5120K)->4892K(5120K)
[6640.313s][info][gc             ] GC(1997) Pause Young (Allocation Failure) 3808M->1549M(4260M) 68.158ms
[6640.313s][info][gc,cpu         ] GC(1997) User=0.41s Sys=0.00s Real=0.07s
.[6641.835s][info][gc,start       ] GC(1998) Pause Young (Allocation Failure)
[6641.928s][info][gc,heap        ] GC(1998) PSYoungGen: 2613861K(2628608K)->142304K(2629120K) Eden: 2463232K(2463232K)->0K(2463232K) From: 150629K(165376K)->142304K(165888K)
[6641.928s][info][gc,heap        ] GC(1998) ParOldGen: 1436441K(1733632K)->1530142K(1733632K)
[6641.928s][info][gc,metaspace   ] GC(1998) Metaspace: 29101K(29504K)->29101K(29504K) NonClass: 24209K(24384K)->24209K(24384K) Class: 4892K(5120K)->4892K(5120K)
[6641.928s][info][gc             ] GC(1998) Pause Young (Allocation Failure) 3955M->1633M(4260M) 92.560ms
[6641.928s][info][gc,cpu         ] GC(1998) User=0.55s Sys=0.00s Real=0.10s
..[6643.415s][info][gc,start       ] GC(1999) Pause Young (Allocation Failure)
[6643.511s][info][gc,heap        ] GC(1999) PSYoungGen: 2605536K(2629120K)->145488K(2628608K) Eden: 2463232K(2463232K)->0K(2465280K) From: 142304K(165888K)->145488K(163328K)
[6643.511s][info][gc,heap        ] GC(1999) ParOldGen: 1530142K(1733632K)->1622582K(1733632K)
[6643.511s][info][gc,metaspace   ] GC(1999) Metaspace: 29101K(29504K)->29101K(29504K) NonClass: 24209K(24384K)->24209K(24384K) Class: 4892K(5120K)->4892K(5120K)
[6643.511s][info][gc             ] GC(1999) Pause Young (Allocation Failure) 4038M->1726M(4260M) 95.692ms
[6643.511s][info][gc,cpu         ] GC(1999) User=0.57s Sys=0.00s Real=0.10s
.[6645.228s][info][gc,start       ] GC(2000) Pause Young (Allocation Failure)
[6645.329s][info][gc,heap        ] GC(2000) PSYoungGen: 2610768K(2628608K)->153529K(2629120K) Eden: 2465280K(2465280K)->0K(2465280K) From: 145488K(163328K)->153529K(163840K)
[6645.329s][info][gc,heap        ] GC(2000) ParOldGen: 1622582K(1733632K)->1717286K(1733632K)
[6645.329s][info][gc,metaspace   ] GC(2000) Metaspace: 29101K(29504K)->29101K(29504K) NonClass: 24209K(24384K)->24209K(24384K) Class: 4892K(5120K)->4892K(5120K)
[6645.329s][info][gc             ] GC(2000) Pause Young (Allocation Failure) 4134M->1826M(4260M) 100.751ms
[6645.329s][info][gc,cpu         ] GC(2000) User=0.60s Sys=0.00s Real=0.10s
..[6647.136s][info][gc,start       ] GC(2001) Pause Young (Allocation Failure)
[6647.243s][info][gc,heap        ] GC(2001) PSYoungGen: 2618809K(2629120K)->159860K(2626560K) Eden: 2465280K(2465280K)->0K(2462208K) From: 153529K(163840K)->159860K(164352K)
[6647.243s][info][gc,heap        ] GC(2001) ParOldGen: 1717286K(1733632K)->1806830K(1806848K)
[6647.243s][info][gc,metaspace   ] GC(2001) Metaspace: 29101K(29504K)->29101K(29504K) NonClass: 24209K(24384K)->24209K(24384K) Class: 4892K(5120K)->4892K(5120K)
[6647.243s][info][gc             ] GC(2001) Pause Young (Allocation Failure) 4234M->1920M(4329M) 106.741ms
[6647.243s][info][gc,cpu         ] GC(2001) User=0.61s Sys=0.02s Real=0.11s
..[6648.993s][info][gc,start       ] GC(2002) Pause Young (Allocation Failure)
[6649.092s][info][gc,heap        ] GC(2002) PSYoungGen: 2622068K(2626560K)->148544K(2629120K) Eden: 2462208K(2462208K)->0K(2462208K) From: 159860K(164352K)->148544K(166912K)
[6649.092s][info][gc,heap        ] GC(2002) ParOldGen: 1806830K(1806848K)->1898070K(1898496K)
[6649.092s][info][gc,metaspace   ] GC(2002) Metaspace: 29101K(29504K)->29101K(29504K) NonClass: 24209K(24384K)->24209K(24384K) Class: 4892K(5120K)->4892K(5120K)
[6649.092s][info][gc             ] GC(2002) Pause Young (Allocation Failure) 4325M->1998M(4421M) 98.611ms
[6649.092s][info][gc,cpu         ] GC(2002) User=0.55s Sys=0.04s Real=0.10s
..[6650.896s][info][gc,start       ] GC(2003) Pause Young (Allocation Failure)
[6651.002s][info][gc,heap        ] GC(2003) PSYoungGen: 2610752K(2629120K)->152664K(2628096K) Eden: 2462208K(2462208K)->0K(2463744K) From: 148544K(166912K)->152664K(164352K)
[6651.002s][info][gc,heap        ] GC(2003) ParOldGen: 1898070K(1898496K)->1989918K(1990144K)
[6651.002s][info][gc,metaspace   ] GC(2003) Metaspace: 29101K(29504K)->29101K(29504K) NonClass: 24209K(24384K)->24209K(24384K) Class: 4892K(5120K)->4892K(5120K)
[6651.002s][info][gc             ] GC(2003) Pause Young (Allocation Failure) 4403M->2092M(4510M) 106.010ms
[6651.002s][info][gc,cpu         ] GC(2003) User=0.61s Sys=0.02s Real=0.11s
..[6652.714s][info][gc,start       ] GC(2004) Pause Young (Allocation Failure)
[6652.818s][info][gc,heap        ] GC(2004) PSYoungGen: 2616408K(2628096K)->152420K(2629120K) Eden: 2463744K(2463744K)->0K(2463744K) From: 152664K(164352K)->152420K(165376K)
[6652.818s][info][gc,heap        ] GC(2004) ParOldGen: 1989918K(1990144K)->2080750K(2080768K)
[6652.818s][info][gc,metaspace   ] GC(2004) Metaspace: 29101K(29504K)->29101K(29504K) NonClass: 24209K(24384K)->24209K(24384K) Class: 4892K(5120K)->4892K(5120K)
[6652.818s][info][gc             ] GC(2004) Pause Young (Allocation Failure) 4498M->2180M(4599M) 104.062ms
[6652.818s][info][gc,cpu         ] GC(2004) User=0.60s Sys=0.02s Real=0.11s
..[6654.577s][info][gc,start       ] GC(2005) Pause Young (Allocation Failure)
[6654.677s][info][gc,heap        ] GC(2005) PSYoungGen: 2616164K(2629120K)->144736K(2629120K) Eden: 2463744K(2463744K)->0K(2465792K) From: 152420K(165376K)->144736K(163328K)
[6654.677s][info][gc,heap        ] GC(2005) ParOldGen: 2080750K(2080768K)->2173334K(2173440K)
[6654.677s][info][gc,metaspace   ] GC(2005) Metaspace: 29101K(29504K)->29101K(29504K) NonClass: 24209K(24384K)->24209K(24384K) Class: 4892K(5120K)->4892K(5120K)
[6654.677s][info][gc             ] GC(2005) Pause Young (Allocation Failure) 4586M->2263M(4690M) 100.020ms
[6654.677s][info][gc,cpu         ] GC(2005) User=0.56s Sys=0.02s Real=0.10s
.[6656.389s][info][gc,start       ] GC(2006) Pause Young (Allocation Failure)
[6656.487s][info][gc,heap        ] GC(2006) PSYoungGen: 2610528K(2629120K)->143044K(2630144K) Eden: 2465792K(2465792K)->0K(2465792K) From: 144736K(163328K)->143044K(164352K)
[6656.487s][info][gc,heap        ] GC(2006) ParOldGen: 2173334K(2173440K)->2264278K(2264576K)
[6656.487s][info][gc,metaspace   ] GC(2006) Metaspace: 29101K(29504K)->29101K(29504K) NonClass: 24209K(24384K)->24209K(24384K) Class: 4892K(5120K)->4892K(5120K)
[6656.488s][info][gc             ] GC(2006) Pause Young (Allocation Failure) 4671M->2350M(4780M) 98.652ms
[6656.488s][info][gc,cpu         ] GC(2006) User=0.56s Sys=0.02s Real=0.10s
..[6658.208s][info][gc,start       ] GC(2007) Pause Young (Allocation Failure)
[6658.315s][info][gc,heap        ] GC(2007) PSYoungGen: 2608836K(2630144K)->160356K(2627072K) Eden: 2465792K(2465792K)->0K(2463232K) From: 143044K(164352K)->160356K(163840K)
[6658.316s][info][gc,heap        ] GC(2007) ParOldGen: 2264278K(2264576K)->2356662K(2356736K)
[6658.316s][info][gc,metaspace   ] GC(2007) Metaspace: 29101K(29504K)->29101K(29504K) NonClass: 24209K(24384K)->24209K(24384K) Class: 4892K(5120K)->4892K(5120K)
[6658.316s][info][gc             ] GC(2007) Pause Young (Allocation Failure) 4758M->2458M(4867M) 107.205ms
[6658.316s][info][gc,cpu         ] GC(2007) User=0.62s Sys=0.03s Real=0.10s
..[6660.188s][info][gc,start       ] GC(2008) Pause Young (Allocation Failure)
[6660.291s][info][gc,heap        ] GC(2008) PSYoungGen: 2623588K(2627072K)->149280K(2629632K) Eden: 2463232K(2463232K)->0K(2463232K) From: 160356K(163840K)->149280K(166400K)
[6660.291s][info][gc,heap        ] GC(2008) ParOldGen: 2356662K(2356736K)->2449190K(2449408K)
[6660.291s][info][gc,metaspace   ] GC(2008) Metaspace: 29101K(29504K)->29101K(29504K) NonClass: 24209K(24384K)->24209K(24384K) Class: 4892K(5120K)->4892K(5120K)
[6660.291s][info][gc             ] GC(2008) Pause Young (Allocation Failure) 4863M->2537M(4960M) 102.841ms
[6660.291s][info][gc,cpu         ] GC(2008) User=0.57s Sys=0.04s Real=0.10s
..[6661.953s][info][gc,start       ] GC(2009) Pause Young (Allocation Failure)
[6662.053s][info][gc,heap        ] GC(2009) PSYoungGen: 2612512K(2629632K)->143413K(2627584K) Eden: 2463232K(2463232K)->0K(2464768K) From: 149280K(166400K)->143413K(162816K)
[6662.053s][info][gc,heap        ] GC(2009) ParOldGen: 2449190K(2449408K)->2542646K(2543104K)
[6662.053s][info][gc,metaspace   ] GC(2009) Metaspace: 29101K(29504K)->29101K(29504K) NonClass: 24209K(24384K)->24209K(24384K) Class: 4892K(5120K)->4892K(5120K)
[6662.053s][info][gc             ] GC(2009) Pause Young (Allocation Failure) 4943M->2623M(5049M) 100.573ms
[6662.053s][info][gc,cpu         ] GC(2009) User=0.57s Sys=0.03s Real=0.10s
..|[6663.786s][info][gc,start       ] GC(2010) Pause Young (Allocation Failure)
[6663.885s][info][gc,heap        ] GC(2010) PSYoungGen: 2608181K(2627584K)->148768K(2629120K) Eden: 2464768K(2464768K)->0K(2464768K) From: 143413K(162816K)->148768K(164352K)
[6663.885s][info][gc,heap        ] GC(2010) ParOldGen: 2542646K(2543104K)->2628598K(2628608K)
[6663.885s][info][gc,metaspace   ] GC(2010) Metaspace: 29101K(29504K)->29101K(29504K) NonClass: 24209K(24384K)->24209K(24384K) Class: 4892K(5120K)->4892K(5120K)
[6663.885s][info][gc             ] GC(2010) Pause Young (Allocation Failure) 5030M->2712M(5134M) 98.945ms
[6663.885s][info][gc,cpu         ] GC(2010) User=0.57s Sys=0.02s Real=0.10s
.[6665.578s][info][gc,start       ] GC(2011) Pause Young (Allocation Failure)
[6665.681s][info][gc,heap        ] GC(2011) PSYoungGen: 2613536K(2629120K)->147072K(2629120K) Eden: 2464768K(2464768K)->0K(2468352K) From: 148768K(164352K)->147072K(160768K)
[6665.681s][info][gc,heap        ] GC(2011) ParOldGen: 2628598K(2628608K)->2721830K(2722304K)
[6665.681s][info][gc,metaspace   ] GC(2011) Metaspace: 29101K(29504K)->29101K(29504K) NonClass: 24209K(24384K)->24209K(24384K) Class: 4892K(5120K)->4892K(5120K)
[6665.681s][info][gc             ] GC(2011) Pause Young (Allocation Failure) 5119M->2801M(5226M) 102.556ms
[6665.681s][info][gc,cpu         ] GC(2011) User=0.58s Sys=0.03s Real=0.10s
..[6667.317s][info][gc,start       ] GC(2012) Pause Young (Allocation Failure)
[6667.417s][info][gc,heap        ] GC(2012) PSYoungGen: 2615424K(2629120K)->144160K(2630656K) Eden: 2468352K(2468352K)->0K(2468352K) From: 147072K(160768K)->144160K(162304K)
[6667.417s][info][gc,heap        ] GC(2012) ParOldGen: 2721830K(2722304K)->2812822K(2812928K)
[6667.417s][info][gc,metaspace   ] GC(2012) Metaspace: 29101K(29504K)->29101K(29504K) NonClass: 24209K(24384K)->24209K(24384K) Class: 4892K(5120K)->4892K(5120K)
[6667.417s][info][gc             ] GC(2012) Pause Young (Allocation Failure) 5212M->2887M(5316M) 99.650ms
[6667.417s][info][gc,cpu         ] GC(2012) User=0.57s Sys=0.02s Real=0.09s
..[6669.143s][info][gc,start       ] GC(2013) Pause Young (Allocation Failure)
[6669.245s][info][gc,heap        ] GC(2013) PSYoungGen: 2612512K(2630656K)->149968K(2631168K) Eden: 2468352K(2468352K)->0K(2471936K) From: 144160K(162304K)->149968K(159232K)
[6669.245s][info][gc,heap        ] GC(2013) ParOldGen: 2812822K(2812928K)->2907358K(2907648K)
[6669.245s][info][gc,metaspace   ] GC(2013) Metaspace: 29101K(29504K)->29101K(29504K) NonClass: 24209K(24384K)->24209K(24384K) Class: 4892K(5120K)->4892K(5120K)
[6669.245s][info][gc             ] GC(2013) Pause Young (Allocation Failure) 5298M->2985M(5409M) 102.881ms
[6669.246s][info][gc,cpu         ] GC(2013) User=0.59s Sys=0.02s Real=0.10s
..[6670.996s][info][gc,start       ] GC(2014) Pause Young (Allocation Failure)
[6671.099s][info][gc,heap        ] GC(2014) PSYoungGen: 2621904K(2631168K)->153657K(2632704K) Eden: 2471936K(2471936K)->0K(2471936K) From: 149968K(159232K)->153657K(160768K)
[6671.099s][info][gc,heap        ] GC(2014) ParOldGen: 2907358K(2907648K)->2996958K(2997248K)
[6671.099s][info][gc,metaspace   ] GC(2014) Metaspace: 29101K(29504K)->29101K(29504K) NonClass: 24209K(24384K)->24209K(24384K) Class: 4892K(5120K)->4892K(5120K)
[6671.099s][info][gc             ] GC(2014) Pause Young (Allocation Failure) 5399M->3076M(5498M) 102.885ms
[6671.099s][info][gc,cpu         ] GC(2014) User=0.58s Sys=0.03s Real=0.11s
.[6672.761s][info][gc,start       ] GC(2015) Pause Young (Allocation Failure)
[6672.864s][info][gc,heap        ] GC(2015) PSYoungGen: 2625593K(2632704K)->152223K(2634752K) Eden: 2471936K(2471936K)->0K(2472960K) From: 153657K(160768K)->152223K(161792K)
[6672.864s][info][gc,heap        ] GC(2015) ParOldGen: 2996958K(2997248K)->3089142K(3089408K)
[6672.864s][info][gc,metaspace   ] GC(2015) Metaspace: 29101K(29504K)->29101K(29504K) NonClass: 24209K(24384K)->24209K(24384K) Class: 4892K(5120K)->4892K(5120K)
[6672.864s][info][gc             ] GC(2015) Pause Young (Allocation Failure) 5490M->3165M(5590M) 103.017ms
[6672.864s][info][gc,cpu         ] GC(2015) User=0.59s Sys=0.03s Real=0.10s
..[6674.642s][info][gc,start       ] GC(2016) Pause Young (Allocation Failure)
[6674.748s][info][gc,heap        ] GC(2016) PSYoungGen: 2625183K(2634752K)->157131K(2630144K) Eden: 2472960K(2472960K)->0K(2472960K) From: 152223K(161792K)->157131K(157184K)
[6674.748s][info][gc,heap        ] GC(2016) ParOldGen: 3089142K(3089408K)->3179678K(3180032K)
[6674.748s][info][gc,metaspace   ] GC(2016) Metaspace: 29101K(29504K)->29101K(29504K) NonClass: 24209K(24384K)->24209K(24384K) Class: 4892K(5120K)->4892K(5120K)
[6674.748s][info][gc             ] GC(2016) Pause Young (Allocation Failure) 5580M->3258M(5674M) 106.071ms
[6674.748s][info][gc,cpu         ] GC(2016) User=0.61s Sys=0.02s Real=0.11s
..[6676.410s][info][gc,start       ] GC(2017) Pause Young (Allocation Failure)
[6676.510s][info][gc,heap        ] GC(2017) PSYoungGen: 2630091K(2630144K)->139744K(2631680K) Eden: 2472960K(2472960K)->0K(2468352K) From: 157131K(157184K)->139744K(163328K)
[6676.510s][info][gc,heap        ] GC(2017) ParOldGen: 3179678K(3180032K)->3272022K(3272192K)
[6676.510s][info][gc,metaspace   ] GC(2017) Metaspace: 29101K(29504K)->29101K(29504K) NonClass: 24209K(24384K)->24209K(24384K) Class: 4892K(5120K)->4892K(5120K)
[6676.510s][info][gc             ] GC(2017) Pause Young (Allocation Failure) 5673M->3331M(5765M) 100.072ms
[6676.510s][info][gc,cpu         ] GC(2017) User=0.56s Sys=0.03s Real=0.10s
..[6678.217s][info][gc,start       ] GC(2018) Pause Young (Allocation Failure)
[6678.323s][info][gc,heap        ] GC(2018) PSYoungGen: 2608096K(2631680K)->157584K(2626048K) Eden: 2468352K(2468352K)->0K(2468352K) From: 139744K(163328K)->157584K(157696K)
[6678.323s][info][gc,heap        ] GC(2018) ParOldGen: 3272022K(3272192K)->3364758K(3364864K)
[6678.323s][info][gc,metaspace   ] GC(2018) Metaspace: 29101K(29504K)->29101K(29504K) NonClass: 24209K(24384K)->24209K(24384K) Class: 4892K(5120K)->4892K(5120K)
[6678.323s][info][gc             ] GC(2018) Pause Young (Allocation Failure) 5742M->3439M(5850M) 106.290ms
[6678.323s][info][gc,cpu         ] GC(2018) User=0.60s Sys=0.02s Real=0.11s
..[6680.064s][info][gc,start       ] GC(2019) Pause Young (Allocation Failure)
[6680.170s][info][gc,heap        ] GC(2019) PSYoungGen: 2625936K(2626048K)->159577K(2626560K) Eden: 2468352K(2468352K)->0K(2461184K) From: 157584K(157696K)->159577K(165376K)
[6680.170s][info][gc,heap        ] GC(2019) ParOldGen: 3364758K(3364864K)->3455374K(3455488K)
[6680.170s][info][gc,metaspace   ] GC(2019) Metaspace: 29101K(29504K)->29101K(29504K) NonClass: 24209K(24384K)->24209K(24384K) Class: 4892K(5120K)->4892K(5120K)
[6680.170s][info][gc             ] GC(2019) Pause Young (Allocation Failure) 5850M->3530M(5939M) 106.168ms
[6680.170s][info][gc,cpu         ] GC(2019) User=0.60s Sys=0.03s Real=0.11s
.[6681.947s][info][gc,start       ] GC(2020) Pause Young (Allocation Failure)
[6682.049s][info][gc,heap        ] GC(2020) PSYoungGen: 2620761K(2626560K)->149733K(2628608K) Eden: 2461184K(2461184K)->0K(2461184K) From: 159577K(165376K)->149733K(167424K)
[6682.049s][info][gc,heap        ] GC(2020) ParOldGen: 3455374K(3455488K)->3546566K(3546624K)
[6682.049s][info][gc,metaspace   ] GC(2020) Metaspace: 29101K(29504K)->29101K(29504K) NonClass: 24209K(24384K)->24209K(24384K) Class: 4892K(5120K)->4892K(5120K)
[6682.050s][info][gc             ] GC(2020) Pause Young (Allocation Failure) 5933M->3609M(6030M) 102.843ms
[6682.050s][info][gc,cpu         ] GC(2020) User=0.59s Sys=0.02s Real=0.11s
..[6683.780s][info][gc,start       ] GC(2021) Pause Young (Allocation Failure)
[6683.882s][info][gc,heap        ] GC(2021) PSYoungGen: 2610917K(2628608K)->147097K(2627072K) Eden: 2461184K(2461184K)->0K(2462720K) From: 149733K(167424K)->147097K(164352K)
[6683.882s][info][gc,heap        ] GC(2021) ParOldGen: 3546566K(3546624K)->3639654K(3639808K)
[6683.882s][info][gc,metaspace   ] GC(2021) Metaspace: 29101K(29504K)->29101K(29504K) NonClass: 24209K(24384K)->24209K(24384K) Class: 4892K(5120K)->4892K(5120K)
[6683.882s][info][gc             ] GC(2021) Pause Young (Allocation Failure) 6013M->3698M(6120M) 102.297ms
[6683.882s][info][gc,cpu         ] GC(2021) User=0.59s Sys=0.02s Real=0.10s
..[6685.611s][info][gc,start       ] GC(2022) Pause Young (Allocation Failure)
[6685.709s][info][gc,heap        ] GC(2022) PSYoungGen: 2609817K(2627072K)->138688K(2628096K) Eden: 2462720K(2462720K)->0K(2462720K) From: 147097K(164352K)->138688K(165376K)
[6685.709s][info][gc,heap        ] GC(2022) ParOldGen: 3639654K(3639808K)->3730134K(3730432K)
[6685.709s][info][gc,metaspace   ] GC(2022) Metaspace: 29101K(29504K)->29101K(29504K) NonClass: 24209K(24384K)->24209K(24384K) Class: 4892K(5120K)->4892K(5120K)
[6685.709s][info][gc             ] GC(2022) Pause Young (Allocation Failure) 6103M->3778M(6209M) 97.247ms
[6685.709s][info][gc,cpu         ] GC(2022) User=0.54s Sys=0.03s Real=0.10s
..[6687.438s][info][gc,start       ] GC(2023) Pause Young (Allocation Failure)
[6687.540s][info][gc,heap        ] GC(2023) PSYoungGen: 2601408K(2628096K)->145988K(2629120K) Eden: 2462720K(2462720K)->0K(2464768K) From: 138688K(165376K)->145988K(164352K)
[6687.540s][info][gc,heap        ] GC(2023) ParOldGen: 3730134K(3730432K)->3820662K(3821056K)
[6687.540s][info][gc,metaspace   ] GC(2023) Metaspace: 29101K(29504K)->29101K(29504K) NonClass: 24209K(24384K)->24209K(24384K) Class: 4892K(5120K)->4892K(5120K)
[6687.540s][info][gc             ] GC(2023) Pause Young (Allocation Failure) 6183M->3873M(6299M) 101.414ms
[6687.540s][info][gc,cpu         ] GC(2023) User=0.58s Sys=0.03s Real=0.10s
..[6689.275s][info][gc,start       ] GC(2024) Pause Young (Allocation Failure)
[6689.374s][info][gc,heap        ] GC(2024) PSYoungGen: 2610756K(2629120K)->138991K(2629632K) Eden: 2464768K(2464768K)->0K(2464768K) From: 145988K(164352K)->138991K(164864K)
[6689.374s][info][gc,heap        ] GC(2024) ParOldGen: 3820662K(3821056K)->3910926K(3911168K)
[6689.374s][info][gc,metaspace   ] GC(2024) Metaspace: 29101K(29504K)->29101K(29504K) NonClass: 24209K(24384K)->24209K(24384K) Class: 4892K(5120K)->4892K(5120K)
[6689.374s][info][gc             ] GC(2024) Pause Young (Allocation Failure) 6280M->3954M(6387M) 98.783ms
[6689.374s][info][gc,cpu         ] GC(2024) User=0.55s Sys=0.03s Real=0.10s
..[6691.133s][info][gc,start       ] GC(2025) Pause Young (Allocation Failure)
[6691.235s][info][gc,heap        ] GC(2025) PSYoungGen: 2603759K(2629632K)->148000K(2628096K) Eden: 2464768K(2464768K)->0K(2466304K) From: 138991K(164864K)->148000K(161792K)
[6691.235s][info][gc,heap        ] GC(2025) ParOldGen: 3910926K(3911168K)->4003502K(4003840K)
[6691.235s][info][gc,metaspace   ] GC(2025) Metaspace: 29101K(29504K)->29101K(29504K) NonClass: 24209K(24384K)->24209K(24384K) Class: 4892K(5120K)->4892K(5120K)
[6691.235s][info][gc             ] GC(2025) Pause Young (Allocation Failure) 6361M->4054M(6476M) 102.232ms
[6691.235s][info][gc,cpu         ] GC(2025) User=0.58s Sys=0.03s Real=0.10s
.[6692.899s][info][gc,start       ] GC(2026) Pause Young (Allocation Failure)
[6693.001s][info][gc,heap        ] GC(2026) PSYoungGen: 2614304K(2628096K)->151685K(2629632K) Eden: 2466304K(2466304K)->0K(2466304K) From: 148000K(161792K)->151685K(163328K)
[6693.001s][info][gc,heap        ] GC(2026) ParOldGen: 4003502K(4003840K)->4094774K(4094976K)
[6693.001s][info][gc,metaspace   ] GC(2026) Metaspace: 29101K(29504K)->29101K(29504K) NonClass: 24209K(24384K)->24209K(24384K) Class: 4892K(5120K)->4892K(5120K)
[6693.002s][info][gc             ] GC(2026) Pause Young (Allocation Failure) 6462M->4146M(6567M) 102.481ms
[6693.002s][info][gc,cpu         ] GC(2026) User=0.57s Sys=0.03s Real=0.10s
..[6694.722s][info][gc,start       ] GC(2027) Pause Young (Allocation Failure)
[6694.824s][info][gc,heap        ] GC(2027) PSYoungGen: 2617989K(2629632K)->145813K(2630144K) Eden: 2466304K(2466304K)->0K(2469888K) From: 151685K(163328K)->145813K(160256K)
[6694.824s][info][gc,heap        ] GC(2027) ParOldGen: 4094774K(4094976K)->4187510K(4187648K)
[6694.824s][info][gc,metaspace   ] GC(2027) Metaspace: 29101K(29504K)->29101K(29504K) NonClass: 24209K(24384K)->24209K(24384K) Class: 4892K(5120K)->4892K(5120K)
[6694.825s][info][gc             ] GC(2027) Pause Young (Allocation Failure) 6555M->4231M(6658M) 102.929ms
[6694.825s][info][gc,cpu         ] GC(2027) User=0.56s Sys=0.04s Real=0.10s
..[6696.587s][info][gc,start       ] GC(2028) Pause Young (Allocation Failure)
[6696.688s][info][gc,heap        ] GC(2028) PSYoungGen: 2615701K(2630144K)->144851K(2631680K) Eden: 2469888K(2469888K)->0K(2469888K) From: 145813K(160256K)->144851K(161792K)
[6696.688s][info][gc,heap        ] GC(2028) ParOldGen: 4187510K(4187648K)->4278934K(4279296K)
[6696.688s][info][gc,metaspace   ] GC(2028) Metaspace: 29101K(29504K)->29101K(29504K) NonClass: 24209K(24384K)->24209K(24384K) Class: 4892K(5120K)->4892K(5120K)
[6696.688s][info][gc             ] GC(2028) Pause Young (Allocation Failure) 6643M->4320M(6749M) 101.085ms
[6696.688s][info][gc,cpu         ] GC(2028) User=0.57s Sys=0.03s Real=0.11s
..[6698.432s][info][gc,start       ] GC(2029) Pause Young (Allocation Failure)
[6698.530s][info][gc,heap        ] GC(2029) PSYoungGen: 2614739K(2631680K)->139616K(2633728K) Eden: 2469888K(2469888K)->0K(2472960K) From: 144851K(161792K)->139616K(160768K)
[6698.530s][info][gc,heap        ] GC(2029) ParOldGen: 4278934K(4279296K)->4369974K(4370432K)
[6698.530s][info][gc,metaspace   ] GC(2029) Metaspace: 29101K(29504K)->29101K(29504K) NonClass: 24209K(24384K)->24209K(24384K) Class: 4892K(5120K)->4892K(5120K)
[6698.530s][info][gc             ] GC(2029) Pause Young (Allocation Failure) 6732M->4403M(6840M) 98.333ms
[6698.530s][info][gc,cpu         ] GC(2029) User=0.55s Sys=0.02s Real=0.10s
..[6700.292s][info][gc,start       ] GC(2030) Pause Young (Allocation Failure)
[6700.390s][info][gc,heap        ] GC(2030) PSYoungGen: 2612576K(2633728K)->138880K(2634240K) Eden: 2472960K(2472960K)->0K(2472960K) From: 139616K(160768K)->138880K(161280K)
[6700.390s][info][gc,heap        ] GC(2030) ParOldGen: 4369974K(4370432K)->4461078K(4461568K)
[6700.390s][info][gc,metaspace   ] GC(2030) Metaspace: 29101K(29504K)->29101K(29504K) NonClass: 24209K(24384K)->24209K(24384K) Class: 4892K(5120K)->4892K(5120K)
[6700.390s][info][gc             ] GC(2030) Pause Young (Allocation Failure) 6818M->4492M(6929M) 97.400ms
[6700.390s][info][gc,cpu         ] GC(2030) User=0.54s Sys=0.03s Real=0.10s
.[6702.202s][info][gc,start       ] GC(2031) Pause Young (Allocation Failure)
[6702.309s][info][gc,heap        ] GC(2031) PSYoungGen: 2611840K(2634240K)->154852K(2631680K) Eden: 2472960K(2472960K)->0K(2470400K) From: 138880K(161280K)->154852K(161280K)
[6702.309s][info][gc,heap        ] GC(2031) ParOldGen: 4461078K(4461568K)->4554310K(4554752K)
[6702.309s][info][gc,metaspace   ] GC(2031) Metaspace: 29101K(29504K)->29101K(29504K) NonClass: 24209K(24384K)->24209K(24384K) Class: 4892K(5120K)->4892K(5120K)
[6702.309s][info][gc             ] GC(2031) Pause Young (Allocation Failure) 6907M->4598M(7018M) 107.132ms
[6702.309s][info][gc,cpu         ] GC(2031) User=0.61s Sys=0.03s Real=0.11s
..[6704.064s][info][gc,start       ] GC(2032) Pause Young (Allocation Failure)
[6704.162s][info][gc,heap        ] GC(2032) PSYoungGen: 2625252K(2631680K)->143328K(2633216K) Eden: 2470400K(2470400K)->0K(2470400K) From: 154852K(161280K)->143328K(162816K)
[6704.162s][info][gc,heap        ] GC(2032) ParOldGen: 4554310K(4554752K)->4646390K(4646400K)
[6704.162s][info][gc,metaspace   ] GC(2032) Metaspace: 29101K(29504K)->29101K(29504K) NonClass: 24209K(24384K)->24209K(24384K) Class: 4892K(5120K)->4892K(5120K)
[6704.162s][info][gc             ] GC(2032) Pause Young (Allocation Failure) 7011M->4677M(7109M) 98.822ms
[6704.162s][info][gc,cpu         ] GC(2032) User=0.56s Sys=0.03s Real=0.10s
..[6705.967s][info][gc,start       ] GC(2033) Pause Young (Allocation Failure)
[6706.069s][info][gc,heap        ] GC(2033) PSYoungGen: 2613728K(2633216K)->148485K(2631680K) Eden: 2470400K(2470400K)->0K(2471424K) From: 143328K(162816K)->148485K(160256K)
[6706.069s][info][gc,heap        ] GC(2033) ParOldGen: 4646390K(4646400K)->4737182K(4737536K)
[6706.069s][info][gc,metaspace   ] GC(2033) Metaspace: 29101K(29504K)->29101K(29504K) NonClass: 24209K(24384K)->24209K(24384K) Class: 4892K(5120K)->4892K(5120K)
[6706.069s][info][gc             ] GC(2033) Pause Young (Allocation Failure) 7089M->4771M(7196M) 102.281ms
[6706.069s][info][gc,cpu         ] GC(2033) User=0.58s Sys=0.03s Real=0.11s
..[6707.809s][info][gc,start       ] GC(2034) Pause Young (Allocation Failure)
[6707.914s][info][gc,heap        ] GC(2034) PSYoungGen: 2619909K(2631680K)->152096K(2632704K) Eden: 2471424K(2471424K)->0K(2471424K) From: 148485K(160256K)->152096K(161280K)
[6707.914s][info][gc,heap        ] GC(2034) ParOldGen: 4737182K(4737536K)->4828150K(4828160K)
[6707.914s][info][gc,metaspace   ] GC(2034) Metaspace: 29101K(29504K)->29101K(29504K) NonClass: 24209K(24384K)->24209K(24384K) Class: 4892K(5120K)->4892K(5120K)
[6707.914s][info][gc             ] GC(2034) Pause Young (Allocation Failure) 7184M->4863M(7286M) 105.475ms
[6707.914s][info][gc,cpu         ] GC(2034) User=0.60s Sys=0.03s Real=0.10s
..[6709.713s][info][gc,start       ] GC(2035) Pause Young (Allocation Failure)
[6709.821s][info][gc,heap        ] GC(2035) PSYoungGen: 2623520K(2632704K)->151672K(2634240K) Eden: 2471424K(2471424K)->0K(2472448K) From: 152096K(161280K)->151672K(161792K)
[6709.821s][info][gc,heap        ] GC(2035) ParOldGen: 4828150K(4828160K)->4918950K(4919296K)
[6709.821s][info][gc,metaspace   ] GC(2035) Metaspace: 29101K(29504K)->29101K(29504K) NonClass: 24209K(24384K)->24209K(24384K) Class: 4892K(5120K)->4892K(5120K)
[6709.821s][info][gc             ] GC(2035) Pause Young (Allocation Failure) 7277M->4951M(7376M) 107.912ms
[6709.821s][info][gc,cpu         ] GC(2035) User=0.61s Sys=0.03s Real=0.11s
..[6711.590s][info][gc,start       ] GC(2036) Pause Young (Allocation Failure)
[6711.692s][info][gc,heap        ] GC(2036) PSYoungGen: 2624120K(2634240K)->146468K(2619392K) Eden: 2472448K(2472448K)->0K(2472448K) From: 151672K(161792K)->146468K(146944K)
[6711.692s][info][gc,heap        ] GC(2036) ParOldGen: 4918950K(4919296K)->5009310K(5009408K)
[6711.692s][info][gc,metaspace   ] GC(2036) Metaspace: 29101K(29504K)->29101K(29504K) NonClass: 24209K(24384K)->24209K(24384K) Class: 4892K(5120K)->4892K(5120K)
[6711.692s][info][gc             ] GC(2036) Pause Young (Allocation Failure) 7366M->5034M(7450M) 101.561ms
[6711.692s][info][gc,cpu         ] GC(2036) User=0.57s Sys=0.03s Real=0.10s
..[6713.477s][info][gc,start       ] GC(2037) Pause Young (Allocation Failure)
[6713.577s][info][gc,heap        ] GC(2037) PSYoungGen: 2618916K(2619392K)->138944K(2633216K) Eden: 2472448K(2472448K)->0K(2472448K) From: 146468K(146944K)->138944K(160768K)
[6713.577s][info][gc,heap        ] GC(2037) ParOldGen: 5009310K(5009408K)->5101734K(5102080K)
[6713.577s][info][gc,metaspace   ] GC(2037) Metaspace: 29101K(29504K)->29101K(29504K) NonClass: 24209K(24384K)->24209K(24384K) Class: 4892K(5120K)->4892K(5120K)
[6713.577s][info][gc             ] GC(2037) Pause Young (Allocation Failure) 7449M->5117M(7554M) 99.521ms
[6713.577s][info][gc,cpu         ] GC(2037) User=0.56s Sys=0.04s Real=0.10s
.[6715.371s][info][gc,start       ] GC(2038) Pause Young (Allocation Failure)
[6715.473s][info][gc,heap        ] GC(2038) PSYoungGen: 2611392K(2633216K)->143796K(2633216K) Eden: 2472448K(2472448K)->0K(2472448K) From: 138944K(160768K)->143796K(160768K)
[6715.473s][info][gc,heap        ] GC(2038) ParOldGen: 5101734K(5102080K)->5193886K(5194240K)
[6715.473s][info][gc,metaspace   ] GC(2038) Metaspace: 29101K(29504K)->29101K(29504K) NonClass: 24209K(24384K)->24209K(24384K) Class: 4892K(5120K)->4892K(5120K)
[6715.473s][info][gc             ] GC(2038) Pause Young (Allocation Failure) 7532M->5212M(7644M) 102.369ms
[6715.473s][info][gc,cpu         ] GC(2038) User=0.57s Sys=0.03s Real=0.10s
..[6717.190s][info][gc,start       ] GC(2039) Pause Young (Allocation Failure)
[6717.299s][info][gc,heap        ] GC(2039) PSYoungGen: 2616244K(2633216K)->158330K(2629632K) Eden: 2472448K(2472448K)->0K(2469376K) From: 143796K(160768K)->158330K(160256K)
[6717.299s][info][gc,heap        ] GC(2039) ParOldGen: 5193886K(5194240K)->5284686K(5284864K)
[6717.299s][info][gc,metaspace   ] GC(2039) Metaspace: 29101K(29504K)->29101K(29504K) NonClass: 24209K(24384K)->24209K(24384K) Class: 4892K(5120K)->4892K(5120K)
[6717.299s][info][gc             ] GC(2039) Pause Young (Allocation Failure) 7627M->5315M(7729M) 109.027ms
[6717.299s][info][gc,cpu         ] GC(2039) User=0.63s Sys=0.03s Real=0.11s
..[6719.080s][info][gc,start       ] GC(2040) Pause Young (Allocation Failure)
[6719.186s][info][gc,heap        ] GC(2040) PSYoungGen: 2627706K(2629632K)->156016K(2625536K) Eden: 2469376K(2469376K)->0K(2469376K) From: 158330K(160256K)->156016K(156160K)
[6719.186s][info][gc,heap        ] GC(2040) ParOldGen: 5284686K(5284864K)->5375758K(5376000K)
[6719.186s][info][gc,metaspace   ] GC(2040) Metaspace: 29101K(29504K)->29101K(29504K) NonClass: 24209K(24384K)->24209K(24384K) Class: 4892K(5120K)->4892K(5120K)
[6719.186s][info][gc             ] GC(2040) Pause Young (Allocation Failure) 7726M->5402M(7814M) 106.259ms
[6719.186s][info][gc,cpu         ] GC(2040) User=0.60s Sys=0.03s Real=0.10s
..[6720.914s][info][gc,start       ] GC(2041) Pause Young (Allocation Failure)
[6721.019s][info][gc,heap        ] GC(2041) PSYoungGen: 2625392K(2625536K)->146244K(2632704K) Eden: 2469376K(2469376K)->0K(2467840K) From: 156016K(156160K)->146244K(164864K)
[6721.019s][info][gc,heap        ] GC(2041) ParOldGen: 5375758K(5376000K)->5471398K(5471744K)
[6721.019s][info][gc,metaspace   ] GC(2041) Metaspace: 29101K(29504K)->29101K(29504K) NonClass: 24209K(24384K)->24209K(24384K) Class: 4892K(5120K)->4892K(5120K)
[6721.019s][info][gc             ] GC(2041) Pause Young (Allocation Failure) 7813M->5485M(7914M) 104.196ms
[6721.019s][info][gc,cpu         ] GC(2041) User=0.58s Sys=0.04s Real=0.11s
..[6722.832s][info][gc,start       ] GC(2042) Pause Young (Allocation Failure)
[6722.938s][info][gc,heap        ] GC(2042) PSYoungGen: 2614084K(2632704K)->150730K(2618880K) Eden: 2467840K(2467840K)->0K(2467840K) From: 146244K(164864K)->150730K(151040K)
[6722.938s][info][gc,heap        ] GC(2042) ParOldGen: 5471398K(5471744K)->5560862K(5561344K)
[6722.938s][info][gc,metaspace   ] GC(2042) Metaspace: 29101K(29504K)->29101K(29504K) NonClass: 24209K(24384K)->24209K(24384K) Class: 4892K(5120K)->4892K(5120K)
[6722.938s][info][gc             ] GC(2042) Pause Young (Allocation Failure) 7895M->5577M(7988M) 105.962ms
[6722.938s][info][gc,cpu         ] GC(2042) User=0.59s Sys=0.03s Real=0.11s
..[6724.621s][info][gc,start       ] GC(2043) Pause Full (Allocation Failure)
[6724.621s][info][gc,phases,start] GC(2043) Marking Phase
[6724.917s][info][gc,phases      ] GC(2043) Marking Phase 296.238ms
[6724.917s][info][gc,phases,start] GC(2043) Summary Phase
[6724.917s][info][gc,phases      ] GC(2043) Summary Phase 0.101ms
[6724.917s][info][gc,phases,start] GC(2043) Forward
[6725.053s][info][gc,phases      ] GC(2043) Forward 136.068ms
[6725.053s][info][gc,phases,start] GC(2043) Adjust Pointers
[6725.251s][info][gc,phases      ] GC(2043) Adjust Pointers 197.747ms
[6725.251s][info][gc,phases,start] GC(2043) Compaction Phase
[6725.379s][info][gc,phases      ] GC(2043) Compaction Phase 128.162ms
[6725.380s][info][gc,phases,start] GC(2043) Post Compact
[6725.387s][info][gc,phases      ] GC(2043) Post Compact 6.895ms
[6725.514s][info][gc,heap        ] GC(2043) PSYoungGen: 2618570K(2618880K)->0K(2630656K) Eden: 2467840K(2467840K)->0K(2467840K) From: 150730K(151040K)->0K(162816K)
[6725.514s][info][gc,heap        ] GC(2043) ParOldGen: 5560862K(5561344K)->1430092K(1733120K)
[6725.514s][info][gc,metaspace   ] GC(2043) Metaspace: 29101K(29504K)->29101K(29504K) NonClass: 24209K(24384K)->24209K(24384K) Class: 4892K(5120K)->4892K(5120K)
[6725.514s][info][gc             ] GC(2043) Pause Full (Allocation Failure) 7987M->1396M(4261M) 893.524ms
[6725.514s][info][gc,cpu         ] GC(2043) User=4.06s Sys=0.13s Real=0.89s
 (rIR:aIR:PR = 10931:10931:10931) (tPR = 161253) [OK] 
  6725s: Performance info:
         Transaction,    Success,    Partial,     Failed,   Receipts, AvgBarcode, 
             Overall,     664411,          0,          0,     631089,      59.47, 
         Response times:
             Request,    Success,    Partial,     Failed,   SkipFail,     Probes,    Samples,      min,      p50,      p90,      p95,      p99,      max, 
       TotalPurchase,     631088,          0,          0,          0,     359759,     538016,      300,     9800,   114000,   193000,   549000,  1700000,
     InStorePurchase,     335317,          0,          0,          0,     189433,     282632,      300,     9700,   114000,   174000,   562000,  1700000,
      OnlinePurchase,     230064,          0,          0,          0,     132039,     197828,      300,    10000,   115000,   243000,   521000,  1700000,
        InstPurchase,      65707,          0,          0,          0,      38287,      57556,      300,    10300,   116000,   235000,   524000,  1600000,
          AssocOfCat,        661,          0,          0,          0,        553,        998,    23000,    51500,   150100,   252850,   488000,   940000,
      AssocOfProduct,       6727,          0,          0,          0,       3902,       6108,      400,     7700,   106000,   202000,   522000,   820000,
      BusinessReport,       1669,          0,          0,          0,       1508,       2486,    28000,    65000,   183000,   340000,   770000,   990000,
          CustBuyBeh,       6646,          0,          0,          0,       3923,       6076,      300,    12000,   120000,   213300,   710000,  1700000,
       ProductReturn,      17616,          0,          0,          0,       9759,      14788,      200,     9200,   113000,   255650,   533000,   960000,

  6725s: (80%)   IR =  11070 .[6727.032s][info][gc,start       ] GC(2044) Pause Young (Allocation Failure)
[6727.103s][info][gc,heap        ] GC(2044) PSYoungGen: 2467840K(2630656K)->157476K(2630656K) Eden: 2467840K(2467840K)->0K(2467840K) From: 0K(162816K)->157476K(162816K)
[6727.103s][info][gc,heap        ] GC(2044) ParOldGen: 1430092K(1733120K)->1430092K(1733120K)
[6727.103s][info][gc,metaspace   ] GC(2044) Metaspace: 29101K(29504K)->29101K(29504K) NonClass: 24209K(24384K)->24209K(24384K) Class: 4892K(5120K)->4892K(5120K)
[6727.103s][info][gc             ] GC(2044) Pause Young (Allocation Failure) 3806M->1550M(4261M) 71.841ms
[6727.103s][info][gc,cpu         ] GC(2044) User=0.43s Sys=0.00s Real=0.07s
..[6728.850s][info][gc,start       ] GC(2045) Pause Young (Allocation Failure)
[6728.944s][info][gc,heap        ] GC(2045) PSYoungGen: 2625316K(2630656K)->145888K(2632192K) Eden: 2467840K(2467840K)->0K(2467328K) From: 157476K(162816K)->145888K(164864K)
[6728.944s][info][gc,heap        ] GC(2045) ParOldGen: 1430092K(1733120K)->1521516K(1733120K)
[6728.944s][info][gc,metaspace   ] GC(2045) Metaspace: 29101K(29504K)->29101K(29504K) NonClass: 24209K(24384K)->24209K(24384K) Class: 4892K(5120K)->4892K(5120K)
[6728.944s][info][gc             ] GC(2045) Pause Young (Allocation Failure) 3960M->1628M(4263M) 93.276ms
[6728.944s][info][gc,cpu         ] GC(2045) User=0.55s Sys=0.00s Real=0.09s
..[6730.705s][info][gc,start       ] GC(2046) Pause Young (Allocation Failure)
[6730.799s][info][gc,heap        ] GC(2046) PSYoungGen: 2613216K(2632192K)->143872K(2611200K) Eden: 2467328K(2467328K)->0K(2467328K) From: 145888K(164864K)->143872K(143872K)
[6730.799s][info][gc,heap        ] GC(2046) ParOldGen: 1521516K(1733120K)->1614580K(1733120K)
[6730.799s][info][gc,metaspace   ] GC(2046) Metaspace: 29101K(29504K)->29101K(29504K) NonClass: 24209K(24384K)->24209K(24384K) Class: 4892K(5120K)->4892K(5120K)
[6730.799s][info][gc             ] GC(2046) Pause Young (Allocation Failure) 4037M->1717M(4242M) 93.305ms
[6730.799s][info][gc,cpu         ] GC(2046) User=0.55s Sys=0.00s Real=0.10s
.|[6732.448s][info][gc,start       ] GC(2047) Pause Young (Allocation Failure)
[6732.540s][info][gc,heap        ] GC(2047) PSYoungGen: 2611200K(2611200K)->138432K(2630656K) Eden: 2467328K(2467328K)->0K(2467328K) From: 143872K(143872K)->138432K(163328K)
[6732.540s][info][gc,heap        ] GC(2047) ParOldGen: 1614580K(1733120K)->1708212K(1733120K)
[6732.540s][info][gc,metaspace   ] GC(2047) Metaspace: 29101K(29504K)->29101K(29504K) NonClass: 24209K(24384K)->24209K(24384K) Class: 4892K(5120K)->4892K(5120K)
[6732.540s][info][gc             ] GC(2047) Pause Young (Allocation Failure) 4126M->1803M(4261M) 92.326ms
[6732.540s][info][gc,cpu         ] GC(2047) User=0.55s Sys=0.00s Real=0.09s
..[6734.265s][info][gc,start       ] GC(2048) Pause Young (Allocation Failure)
[6734.360s][info][gc,heap        ] GC(2048) PSYoungGen: 2605760K(2630656K)->137792K(2630656K) Eden: 2467328K(2467328K)->0K(2467328K) From: 138432K(163328K)->137792K(163328K)
[6734.360s][info][gc,heap        ] GC(2048) ParOldGen: 1708212K(1733120K)->1800596K(1800704K)
[6734.360s][info][gc,metaspace   ] GC(2048) Metaspace: 29101K(29504K)->29101K(29504K) NonClass: 24209K(24384K)->24209K(24384K) Class: 4892K(5120K)->4892K(5120K)
[6734.360s][info][gc             ] GC(2048) Pause Young (Allocation Failure) 4212M->1892M(4327M) 95.895ms
[6734.360s][info][gc,cpu         ] GC(2048) User=0.55s Sys=0.02s Real=0.10s
..[6736.048s][info][gc,start       ] GC(2049) Pause Young (Allocation Failure)
[6736.153s][info][gc,heap        ] GC(2049) PSYoungGen: 2605120K(2630656K)->159641K(2626048K) Eden: 2467328K(2467328K)->0K(2462208K) From: 137792K(163328K)->159641K(163840K)
[6736.153s][info][gc,heap        ] GC(2049) ParOldGen: 1800596K(1800704K)->1889628K(1889792K)
[6736.153s][info][gc,metaspace   ] GC(2049) Metaspace: 29101K(29504K)->29101K(29504K) NonClass: 24209K(24384K)->24209K(24384K) Class: 4892K(5120K)->4892K(5120K)
[6736.153s][info][gc             ] GC(2049) Pause Young (Allocation Failure) 4302M->2001M(4410M) 105.572ms
[6736.153s][info][gc,cpu         ] GC(2049) User=0.59s Sys=0.03s Real=0.10s
..[6737.955s][info][gc,start       ] GC(2050) Pause Young (Allocation Failure)
[6738.064s][info][gc,heap        ] GC(2050) PSYoungGen: 2621849K(2626048K)->160521K(2622976K) Eden: 2462208K(2462208K)->0K(2462208K) From: 159641K(163840K)->160521K(160768K)
[6738.064s][info][gc,heap        ] GC(2050) ParOldGen: 1889628K(1889792K)->1982500K(1982976K)
[6738.064s][info][gc,metaspace   ] GC(2050) Metaspace: 29101K(29504K)->29101K(29504K) NonClass: 24209K(24384K)->24209K(24384K) Class: 4892K(5120K)->4892K(5120K)
[6738.064s][info][gc             ] GC(2050) Pause Young (Allocation Failure) 4405M->2092M(4498M) 108.851ms
[6738.064s][info][gc,cpu         ] GC(2050) User=0.61s Sys=0.04s Real=0.11s
.[6739.738s][info][gc,start       ] GC(2051) Pause Young (Allocation Failure)
[6739.841s][info][gc,heap        ] GC(2051) PSYoungGen: 2622729K(2622976K)->149237K(2628608K) Eden: 2462208K(2462208K)->0K(2459136K) From: 160521K(160768K)->149237K(169472K)
[6739.841s][info][gc,heap        ] GC(2051) ParOldGen: 1982500K(1982976K)->2076884K(2077184K)
[6739.841s][info][gc,metaspace   ] GC(2051) Metaspace: 29101K(29504K)->29101K(29504K) NonClass: 24209K(24384K)->24209K(24384K) Class: 4892K(5120K)->4892K(5120K)
[6739.841s][info][gc             ] GC(2051) Pause Young (Allocation Failure) 4497M->2173M(4595M) 102.831ms
[6739.841s][info][gc,cpu         ] GC(2051) User=0.58s Sys=0.03s Real=0.10s
..[6741.480s][info][gc,start       ] GC(2052) Pause Young (Allocation Failure)
[6741.581s][info][gc,heap        ] GC(2052) PSYoungGen: 2608373K(2628608K)->145460K(2605056K) Eden: 2459136K(2459136K)->0K(2459136K) From: 149237K(169472K)->145460K(145920K)
[6741.581s][info][gc,heap        ] GC(2052) ParOldGen: 2076884K(2077184K)->2167076K(2167296K)
[6741.581s][info][gc,metaspace   ] GC(2052) Metaspace: 29101K(29504K)->29101K(29504K) NonClass: 24209K(24384K)->24209K(24384K) Class: 4892K(5120K)->4892K(5120K)
[6741.581s][info][gc             ] GC(2052) Pause Young (Allocation Failure) 4575M->2258M(4660M) 100.971ms
[6741.581s][info][gc,cpu         ] GC(2052) User=0.57s Sys=0.04s Real=0.10s
..[6743.242s][info][gc,start       ] GC(2053) Pause Young (Allocation Failure)
[6743.336s][info][gc,heap        ] GC(2053) PSYoungGen: 2604596K(2605056K)->135296K(2625024K) Eden: 2459136K(2459136K)->0K(2458624K) From: 145460K(145920K)->135296K(166400K)
[6743.336s][info][gc,heap        ] GC(2053) ParOldGen: 2167076K(2167296K)->2257516K(2257920K)
[6743.336s][info][gc,metaspace   ] GC(2053) Metaspace: 29101K(29504K)->29101K(29504K) NonClass: 24209K(24384K)->24209K(24384K) Class: 4892K(5120K)->4892K(5120K)
[6743.336s][info][gc             ] GC(2053) Pause Young (Allocation Failure) 4659M->2336M(4768M) 93.573ms
[6743.336s][info][gc,cpu         ] GC(2053) User=0.53s Sys=0.02s Real=0.09s
.[6745.041s][info][gc,start       ] GC(2054) Pause Young (Allocation Failure)
[6745.141s][info][gc,heap        ] GC(2054) PSYoungGen: 2593920K(2625024K)->149632K(2625536K) Eden: 2458624K(2458624K)->0K(2458624K) From: 135296K(166400K)->149632K(166912K)
[6745.141s][info][gc,heap        ] GC(2054) ParOldGen: 2257516K(2257920K)->2347500K(2347520K)
[6745.141s][info][gc,metaspace   ] GC(2054) Metaspace: 29101K(29504K)->29101K(29504K) NonClass: 24209K(24384K)->24209K(24384K) Class: 4892K(5120K)->4892K(5120K)
[6745.141s][info][gc             ] GC(2054) Pause Young (Allocation Failure) 4737M->2438M(4856M) 99.999ms
[6745.141s][info][gc,cpu         ] GC(2054) User=0.57s Sys=0.02s Real=0.10s
..[6746.813s][info][gc,start       ] GC(2055) Pause Young (Allocation Failure)
[6746.914s][info][gc,heap        ] GC(2055) PSYoungGen: 2608256K(2625536K)->147776K(2626560K) Eden: 2458624K(2458624K)->0K(2463232K) From: 149632K(166912K)->147776K(163328K)
[6746.914s][info][gc,heap        ] GC(2055) ParOldGen: 2347500K(2347520K)->2440844K(2441216K)
[6746.914s][info][gc,metaspace   ] GC(2055) Metaspace: 29101K(29504K)->29101K(29504K) NonClass: 24209K(24384K)->24209K(24384K) Class: 4892K(5120K)->4892K(5120K)
[6746.914s][info][gc             ] GC(2055) Pause Young (Allocation Failure) 4839M->2527M(4949M) 100.420ms
[6746.914s][info][gc,cpu         ] GC(2055) User=0.56s Sys=0.03s Real=0.10s
..[6748.653s][info][gc,start       ] GC(2056) Pause Young (Allocation Failure)
[6748.758s][info][gc,heap        ] GC(2056) PSYoungGen: 2611008K(2626560K)->157566K(2627584K) Eden: 2463232K(2463232K)->0K(2463232K) From: 147776K(163328K)->157566K(164352K)
[6748.758s][info][gc,heap        ] GC(2056) ParOldGen: 2440844K(2441216K)->2531388K(2531840K)
[6748.758s][info][gc,metaspace   ] GC(2056) Metaspace: 29101K(29504K)->29101K(29504K) NonClass: 24209K(24384K)->24209K(24384K) Class: 4892K(5120K)->4892K(5120K)
[6748.758s][info][gc             ] GC(2056) Pause Young (Allocation Failure) 4933M->2625M(5038M) 104.340ms
[6748.758s][info][gc,cpu         ] GC(2056) User=0.59s Sys=0.03s Real=0.11s
..[6750.439s][info][gc,start       ] GC(2057) Pause Young (Allocation Failure)
[6750.535s][info][gc,heap        ] GC(2057) PSYoungGen: 2620798K(2627584K)->140544K(2630144K) Eden: 2463232K(2463232K)->0K(2463744K) From: 157566K(164352K)->140544K(166400K)
[6750.535s][info][gc,heap        ] GC(2057) ParOldGen: 2531388K(2531840K)->2623980K(2624000K)
[6750.535s][info][gc,metaspace   ] GC(2057) Metaspace: 29101K(29504K)->29101K(29504K) NonClass: 24209K(24384K)->24209K(24384K) Class: 4892K(5120K)->4892K(5120K)
[6750.535s][info][gc             ] GC(2057) Pause Young (Allocation Failure) 5031M->2699M(5131M) 96.552ms
[6750.535s][info][gc,cpu         ] GC(2057) User=0.55s Sys=0.02s Real=0.09s
.[6752.248s][info][gc,start       ] GC(2058) Pause Young (Allocation Failure)
[6752.349s][info][gc,heap        ] GC(2058) PSYoungGen: 2604288K(2630144K)->143162K(2607104K) Eden: 2463744K(2463744K)->0K(2463744K) From: 140544K(166400K)->143162K(143360K)
[6752.349s][info][gc,heap        ] GC(2058) ParOldGen: 2623980K(2624000K)->2715700K(2716160K)
[6752.349s][info][gc,metaspace   ] GC(2058) Metaspace: 29101K(29504K)->29101K(29504K) NonClass: 24209K(24384K)->24209K(24384K) Class: 4892K(5120K)->4892K(5120K)
[6752.349s][info][gc             ] GC(2058) Pause Young (Allocation Failure) 5105M->2791M(5198M) 101.028ms
[6752.349s][info][gc,cpu         ] GC(2058) User=0.57s Sys=0.03s Real=0.10s
..[6753.982s][info][gc,start       ] GC(2059) Pause Young (Allocation Failure)
[6754.087s][info][gc,heap        ] GC(2059) PSYoungGen: 2606906K(2607104K)->155906K(2627072K) Eden: 2463744K(2463744K)->0K(2462208K) From: 143162K(143360K)->155906K(164864K)
[6754.087s][info][gc,heap        ] GC(2059) ParOldGen: 2715700K(2716160K)->2805580K(2805760K)
[6754.087s][info][gc,metaspace   ] GC(2059) Metaspace: 29101K(29504K)->29101K(29504K) NonClass: 24209K(24384K)->24209K(24384K) Class: 4892K(5120K)->4892K(5120K)
[6754.087s][info][gc             ] GC(2059) Pause Young (Allocation Failure) 5197M->2892M(5305M) 105.475ms
[6754.087s][info][gc,cpu         ] GC(2059) User=0.60s Sys=0.03s Real=0.10s
..[6755.829s][info][gc,start       ] GC(2060) Pause Young (Allocation Failure)
[6755.929s][info][gc,heap        ] GC(2060) PSYoungGen: 2618114K(2627072K)->143104K(2628608K) Eden: 2462208K(2462208K)->0K(2462208K) From: 155906K(164864K)->143104K(166400K)
[6755.929s][info][gc,heap        ] GC(2060) ParOldGen: 2805580K(2805760K)->2898500K(2898944K)
[6755.929s][info][gc,metaspace   ] GC(2060) Metaspace: 29101K(29504K)->29101K(29504K) NonClass: 24209K(24384K)->24209K(24384K) Class: 4892K(5120K)->4892K(5120K)
[6755.929s][info][gc             ] GC(2060) Pause Young (Allocation Failure) 5296M->2970M(5398M) 99.587ms
[6755.929s][info][gc,cpu         ] GC(2060) User=0.56s Sys=0.02s Real=0.10s
..[6757.613s][info][gc,start       ] GC(2061) Pause Young (Allocation Failure)
[6757.709s][info][gc,heap        ] GC(2061) PSYoungGen: 2605312K(2628608K)->142016K(2627072K) Eden: 2462208K(2462208K)->0K(2464256K) From: 143104K(166400K)->142016K(162816K)
[6757.709s][info][gc,heap        ] GC(2061) ParOldGen: 2898500K(2898944K)->2987212K(2987520K)
[6757.709s][info][gc,metaspace   ] GC(2061) Metaspace: 29101K(29504K)->29101K(29504K) NonClass: 24209K(24384K)->24209K(24384K) Class: 4892K(5120K)->4892K(5120K)
[6757.709s][info][gc             ] GC(2061) Pause Young (Allocation Failure) 5374M->3055M(5483M) 95.892ms
[6757.709s][info][gc,cpu         ] GC(2061) User=0.55s Sys=0.02s Real=0.10s
.[6759.432s][info][gc,start       ] GC(2062) Pause Young (Allocation Failure)
[6759.535s][info][gc,heap        ] GC(2062) PSYoungGen: 2606272K(2627072K)->146500K(2628608K) Eden: 2464256K(2464256K)->0K(2464256K) From: 142016K(162816K)->146500K(164352K)
[6759.535s][info][gc,heap        ] GC(2062) ParOldGen: 2987212K(2987520K)->3079668K(3079680K)
[6759.535s][info][gc,metaspace   ] GC(2062) Metaspace: 29101K(29504K)->29101K(29504K) NonClass: 24209K(24384K)->24209K(24384K) Class: 4892K(5120K)->4892K(5120K)
[6759.535s][info][gc             ] GC(2062) Pause Young (Allocation Failure) 5462M->3150M(5574M) 103.588ms
[6759.535s][info][gc,cpu         ] GC(2062) User=0.58s Sys=0.04s Real=0.10s
..[6761.308s][info][gc,start       ] GC(2063) Pause Young (Allocation Failure)
[6761.409s][info][gc,heap        ] GC(2063) PSYoungGen: 2610756K(2628608K)->146564K(2628608K) Eden: 2464256K(2464256K)->0K(2468864K) From: 146500K(164352K)->146564K(159744K)
[6761.409s][info][gc,heap        ] GC(2063) ParOldGen: 3079668K(3079680K)->3168804K(3169280K)
[6761.409s][info][gc,metaspace   ] GC(2063) Metaspace: 29101K(29504K)->29101K(29504K) NonClass: 24209K(24384K)->24209K(24384K) Class: 4892K(5120K)->4892K(5120K)
[6761.409s][info][gc             ] GC(2063) Pause Young (Allocation Failure) 5557M->3237M(5662M) 100.882ms
[6761.409s][info][gc,cpu         ] GC(2063) User=0.57s Sys=0.02s Real=0.10s
..[6763.099s][info][gc,start       ] GC(2064) Pause Young (Allocation Failure)
[6763.204s][info][gc,heap        ] GC(2064) PSYoungGen: 2615428K(2628608K)->148851K(2630144K) Eden: 2468864K(2468864K)->0K(2468864K) From: 146564K(159744K)->148851K(161280K)
[6763.204s][info][gc,heap        ] GC(2064) ParOldGen: 3168804K(3169280K)->3262124K(3262464K)
[6763.204s][info][gc,metaspace   ] GC(2064) Metaspace: 29101K(29504K)->29101K(29504K) NonClass: 24209K(24384K)->24209K(24384K) Class: 4892K(5120K)->4892K(5120K)
[6763.204s][info][gc             ] GC(2064) Pause Young (Allocation Failure) 5648M->3331M(5754M) 105.848ms
[6763.204s][info][gc,cpu         ] GC(2064) User=0.59s Sys=0.03s Real=0.10s
..[6764.971s][info][gc,start       ] GC(2065) Pause Young (Allocation Failure)
[6765.072s][info][gc,heap        ] GC(2065) PSYoungGen: 2617715K(2630144K)->149056K(2633216K) Eden: 2468864K(2468864K)->0K(2473984K) From: 148851K(161280K)->149056K(159232K)
[6765.072s][info][gc,heap        ] GC(2065) ParOldGen: 3262124K(3262464K)->3350276K(3350528K)
[6765.072s][info][gc,metaspace   ] GC(2065) Metaspace: 29101K(29504K)->29101K(29504K) NonClass: 24209K(24384K)->24209K(24384K) Class: 4892K(5120K)->4892K(5120K)
[6765.072s][info][gc             ] GC(2065) Pause Young (Allocation Failure) 5742M->3417M(5843M) 101.185ms
[6765.072s][info][gc,cpu         ] GC(2065) User=0.58s Sys=0.02s Real=0.10s
.[6766.732s][info][gc,start       ] GC(2066) Pause Young (Allocation Failure)
[6766.839s][info][gc,heap        ] GC(2066) PSYoungGen: 2623040K(2633216K)->154164K(2634240K) Eden: 2473984K(2473984K)->0K(2473984K) From: 149056K(159232K)->154164K(160256K)
[6766.839s][info][gc,heap        ] GC(2066) ParOldGen: 3350276K(3350528K)->3443724K(3444224K)
[6766.839s][info][gc,metaspace   ] GC(2066) Metaspace: 29101K(29504K)->29101K(29504K) NonClass: 24209K(24384K)->24209K(24384K) Class: 4892K(5120K)->4892K(5120K)
[6766.839s][info][gc             ] GC(2066) Pause Young (Allocation Failure) 5833M->3513M(5936M) 106.894ms
[6766.839s][info][gc,cpu         ] GC(2066) User=0.60s Sys=0.04s Real=0.11s
..[6768.521s][info][gc,start       ] GC(2067) Pause Young (Allocation Failure)
[6768.622s][info][gc,heap        ] GC(2067) PSYoungGen: 2628148K(2634240K)->143456K(2635264K) Eden: 2473984K(2473984K)->0K(2473984K) From: 154164K(160256K)->143456K(161280K)
[6768.622s][info][gc,heap        ] GC(2067) ParOldGen: 3443724K(3444224K)->3534684K(3534848K)
[6768.622s][info][gc,metaspace   ] GC(2067) Metaspace: 29101K(29504K)->29101K(29504K) NonClass: 24209K(24384K)->24209K(24384K) Class: 4892K(5120K)->4892K(5120K)
[6768.622s][info][gc             ] GC(2067) Pause Young (Allocation Failure) 5929M->3591M(6025M) 100.907ms
[6768.622s][info][gc,cpu         ] GC(2067) User=0.57s Sys=0.03s Real=0.10s
..[6770.280s][info][gc,start       ] GC(2068) Pause Young (Allocation Failure)
[6770.378s][info][gc,heap        ] GC(2068) PSYoungGen: 2617440K(2635264K)->143648K(2617856K) Eden: 2473984K(2473984K)->0K(2473984K) From: 143456K(161280K)->143648K(143872K)
[6770.379s][info][gc,heap        ] GC(2068) ParOldGen: 3534684K(3534848K)->3625436K(3625472K)
[6770.379s][info][gc,metaspace   ] GC(2068) Metaspace: 29101K(29504K)->29101K(29504K) NonClass: 24209K(24384K)->24209K(24384K) Class: 4892K(5120K)->4892K(5120K)
[6770.379s][info][gc             ] GC(2068) Pause Young (Allocation Failure) 6007M->3680M(6097M) 98.784ms
[6770.379s][info][gc,cpu         ] GC(2068) User=0.56s Sys=0.03s Real=0.10s
..[6772.114s][info][gc,start       ] GC(2069) Pause Young (Allocation Failure)
[6772.227s][info][gc,heap        ] GC(2069) PSYoungGen: 2617632K(2617856K)->160250K(2555904K) Eden: 2473984K(2473984K)->0K(2395648K) From: 143648K(143872K)->160250K(160256K)
[6772.227s][info][gc,heap        ] GC(2069) ParOldGen: 3625436K(3625472K)->3723404K(3723776K)
[6772.227s][info][gc,metaspace   ] GC(2069) Metaspace: 29101K(29504K)->29101K(29504K) NonClass: 24209K(24384K)->24209K(24384K) Class: 4892K(5120K)->4892K(5120K)
[6772.227s][info][gc             ] GC(2069) Pause Young (Allocation Failure) 6096M->3792M(6132M) 112.804ms
[6772.227s][info][gc,cpu         ] GC(2069) User=0.63s Sys=0.04s Real=0.11s
..[6773.899s][info][gc,start       ] GC(2070) Pause Young (Allocation Failure)
[6774.001s][info][gc,heap        ] GC(2070) PSYoungGen: 2555898K(2555904K)->142437K(2595840K) Eden: 2395648K(2395648K)->0K(2395648K) From: 160250K(160256K)->142437K(200192K)
[6774.001s][info][gc,heap        ] GC(2070) ParOldGen: 3723404K(3723776K)->3818436K(3818496K)
[6774.001s][info][gc,metaspace   ] GC(2070) Metaspace: 29101K(29504K)->29101K(29504K) NonClass: 24209K(24384K)->24209K(24384K) Class: 4892K(5120K)->4892K(5120K)
[6774.001s][info][gc             ] GC(2070) Pause Young (Allocation Failure) 6132M->3868M(6264M) 101.542ms
[6774.001s][info][gc,cpu         ] GC(2070) User=0.57s Sys=0.03s Real=0.10s
.[6775.546s][info][gc,start       ] GC(2071) Pause Young (Allocation Failure)
[6775.646s][info][gc,heap        ] GC(2071) PSYoungGen: 2538085K(2595840K)->144501K(2590208K) Eden: 2395648K(2395648K)->0K(2397184K) From: 142437K(200192K)->144501K(193024K)
[6775.646s][info][gc,heap        ] GC(2071) ParOldGen: 3818436K(3818496K)->3907316K(3907584K)
[6775.646s][info][gc,metaspace   ] GC(2071) Metaspace: 29101K(29504K)->29101K(29504K) NonClass: 24209K(24384K)->24209K(24384K) Class: 4892K(5120K)->4892K(5120K)
[6775.646s][info][gc             ] GC(2071) Pause Young (Allocation Failure) 6207M->3956M(6345M) 100.140ms
[6775.646s][info][gc,cpu         ] GC(2071) User=0.55s Sys=0.03s Real=0.10s
..[6777.346s][info][gc,start       ] GC(2072) Pause Young (Allocation Failure)
[6777.451s][info][gc,heap        ] GC(2072) PSYoungGen: 2541685K(2590208K)->150933K(2593792K) Eden: 2397184K(2397184K)->0K(2397184K) From: 144501K(193024K)->150933K(196608K)
[6777.451s][info][gc,heap        ] GC(2072) ParOldGen: 3907316K(3907584K)->3996844K(3997184K)
[6777.451s][info][gc,metaspace   ] GC(2072) Metaspace: 29101K(29504K)->29101K(29504K) NonClass: 24209K(24384K)->24209K(24384K) Class: 4892K(5120K)->4892K(5120K)
[6777.451s][info][gc             ] GC(2072) Pause Young (Allocation Failure) 6297M->4050M(6436M) 104.548ms
[6777.451s][info][gc,cpu         ] GC(2072) User=0.58s Sys=0.03s Real=0.11s
..[6779.168s][info][gc,start       ] GC(2073) Pause Young (Allocation Failure)
[6779.270s][info][gc,heap        ] GC(2073) PSYoungGen: 2548117K(2593792K)->150496K(2593280K) Eden: 2397184K(2397184K)->0K(2406400K) From: 150933K(196608K)->150496K(186880K)
[6779.270s][info][gc,heap        ] GC(2073) ParOldGen: 3996844K(3997184K)->4087372K(4087808K)
[6779.270s][info][gc,metaspace   ] GC(2073) Metaspace: 29101K(29504K)->29101K(29504K) NonClass: 24209K(24384K)->24209K(24384K) Class: 4892K(5120K)->4892K(5120K)
[6779.270s][info][gc             ] GC(2073) Pause Young (Allocation Failure) 6391M->4138M(6524M) 102.111ms
[6779.270s][info][gc,cpu         ] GC(2073) User=0.57s Sys=0.04s Real=0.10s
.[6780.944s][info][gc,start       ] GC(2074) Pause Young (Allocation Failure)
[6781.045s][info][gc,heap        ] GC(2074) PSYoungGen: 2556896K(2593280K)->144340K(2596352K) Eden: 2406400K(2406400K)->0K(2406400K) From: 150496K(186880K)->144340K(189952K)
[6781.045s][info][gc,heap        ] GC(2074) ParOldGen: 4087372K(4087808K)->4179300K(4179456K)
[6781.045s][info][gc,metaspace   ] GC(2074) Metaspace: 29101K(29504K)->29101K(29504K) NonClass: 24209K(24384K)->24209K(24384K) Class: 4892K(5120K)->4892K(5120K)
[6781.045s][info][gc             ] GC(2074) Pause Young (Allocation Failure) 6488M->4222M(6617M) 101.263ms
[6781.045s][info][gc,cpu         ] GC(2074) User=0.58s Sys=0.03s Real=0.10s
..[6782.674s][info][gc,start       ] GC(2075) Pause Young (Allocation Failure)
[6782.772s][info][gc,heap        ] GC(2075) PSYoungGen: 2550740K(2596352K)->140128K(2602496K) Eden: 2406400K(2406400K)->0K(2417664K) From: 144340K(189952K)->140128K(184832K)
[6782.772s][info][gc,heap        ] GC(2075) ParOldGen: 4179300K(4179456K)->4269164K(4269568K)
[6782.772s][info][gc,metaspace   ] GC(2075) Metaspace: 29101K(29504K)->29101K(29504K) NonClass: 24209K(24384K)->24209K(24384K) Class: 4892K(5120K)->4892K(5120K)
[6782.772s][info][gc             ] GC(2075) Pause Young (Allocation Failure) 6572M->4305M(6711M) 97.901ms
[6782.772s][info][gc,cpu         ] GC(2075) User=0.55s Sys=0.02s Real=0.10s
..[6784.513s][info][gc,start       ] GC(2076) Pause Young (Allocation Failure)
[6784.617s][info][gc,heap        ] GC(2076) PSYoungGen: 2557792K(2602496K)->145529K(2605056K) Eden: 2417664K(2417664K)->0K(2417664K) From: 140128K(184832K)->145529K(187392K)
[6784.617s][info][gc,heap        ] GC(2076) ParOldGen: 4269164K(4269568K)->4359596K(4359680K)
[6784.617s][info][gc,metaspace   ] GC(2076) Metaspace: 29101K(29504K)->29101K(29504K) NonClass: 24209K(24384K)->24209K(24384K) Class: 4892K(5120K)->4892K(5120K)
[6784.617s][info][gc             ] GC(2076) Pause Young (Allocation Failure) 6666M->4399M(6801M) 104.170ms
[6784.618s][info][gc,cpu         ] GC(2076) User=0.59s Sys=0.03s Real=0.11s
..[6786.246s][info][gc,start       ] GC(2077) Pause Young (Allocation Failure)
[6786.343s][info][gc,heap        ] GC(2077) PSYoungGen: 2563193K(2605056K)->132768K(2608640K) Eden: 2417664K(2417664K)->0K(2423808K) From: 145529K(187392K)->132768K(184832K)
[6786.343s][info][gc,heap        ] GC(2077) ParOldGen: 4359596K(4359680K)->4450756K(4450816K)
[6786.343s][info][gc,metaspace   ] GC(2077) Metaspace: 29101K(29504K)->29101K(29504K) NonClass: 24209K(24384K)->24209K(24384K) Class: 4892K(5120K)->4892K(5120K)
[6786.343s][info][gc             ] GC(2077) Pause Young (Allocation Failure) 6760M->4476M(6894M) 96.587ms
[6786.343s][info][gc,cpu         ] GC(2077) User=0.53s Sys=0.03s Real=0.10s
.[6788.007s][info][gc,start       ] GC(2078) Pause Young (Allocation Failure)
[6788.109s][info][gc,heap        ] GC(2078) PSYoungGen: 2556576K(2608640K)->144704K(2608640K) Eden: 2423808K(2423808K)->0K(2423808K) From: 132768K(184832K)->144704K(184832K)
[6788.109s][info][gc,heap        ] GC(2078) ParOldGen: 4450756K(4450816K)->4541388K(4541440K)
[6788.109s][info][gc,metaspace   ] GC(2078) Metaspace: 29101K(29504K)->29101K(29504K) NonClass: 24209K(24384K)->24209K(24384K) Class: 4892K(5120K)->4892K(5120K)
[6788.109s][info][gc             ] GC(2078) Pause Young (Allocation Failure) 6843M->4576M(6982M) 102.331ms
[6788.109s][info][gc,cpu         ] GC(2078) User=0.58s Sys=0.03s Real=0.11s
..[6789.779s][info][gc,start       ] GC(2079) Pause Young (Allocation Failure)
[6789.886s][info][gc,heap        ] GC(2079) PSYoungGen: 2568512K(2608640K)->152053K(2608640K) Eden: 2423808K(2423808K)->0K(2428928K) From: 144704K(184832K)->152053K(179712K)
[6789.887s][info][gc,heap        ] GC(2079) ParOldGen: 4541388K(4541440K)->4632412K(4632576K)
[6789.887s][info][gc,metaspace   ] GC(2079) Metaspace: 29101K(29504K)->29101K(29504K) NonClass: 24209K(24384K)->24209K(24384K) Class: 4892K(5120K)->4892K(5120K)
[6789.887s][info][gc             ] GC(2079) Pause Young (Allocation Failure) 6943M->4672M(7071M) 107.207ms
[6789.887s][info][gc,cpu         ] GC(2079) User=0.60s Sys=0.04s Real=0.10s
..[6791.503s][info][gc,start       ] GC(2080) Pause Young (Allocation Failure)
[6791.603s][info][gc,heap        ] GC(2080) PSYoungGen: 2580981K(2608640K)->143280K(2608640K) Eden: 2428928K(2428928K)->0K(2428928K) From: 152053K(179712K)->143280K(179712K)
[6791.603s][info][gc,heap        ] GC(2080) ParOldGen: 4632412K(4632576K)->4723740K(4724224K)
[6791.603s][info][gc,metaspace   ] GC(2080) Metaspace: 29101K(29504K)->29101K(29504K) NonClass: 24209K(24384K)->24209K(24384K) Class: 4892K(5120K)->4892K(5120K)
[6791.603s][info][gc             ] GC(2080) Pause Young (Allocation Failure) 7044M->4752M(7161M) 100.016ms
[6791.603s][info][gc,cpu         ] GC(2080) User=0.56s Sys=0.04s Real=0.10s
. (rIR:aIR:PR = 11070:11162:11162) (tPR = 166205) [OK] 
  6792s: Performance info:
         Transaction,    Success,    Partial,     Failed,   Receipts, AvgBarcode, 
             Overall,     675134,          0,          0,     641510,      59.48, 
         Response times:
             Request,    Success,    Partial,     Failed,   SkipFail,     Probes,    Samples,      min,      p50,      p90,      p95,      p99,      max, 
       TotalPurchase,     641490,          0,          0,          0,     357236,     400280,      200,    10100,    73000,   103000,   162000,   286000,
     InStorePurchase,     336017,          0,          0,          0,     187845,     210307,      300,    10200,    73000,   104000,   162000,   286000,
      OnlinePurchase,     236890,          0,          0,          0,     131611,     147351,      200,    10100,    72000,   103000,   164000,   276000,
        InstPurchase,      68583,          0,          0,          0,      37780,      42622,      300,     9600,    73000,   102000,   159000,   261000,
          AssocOfCat,        666,          0,          0,          0,        560,        732,    21000,    58000,   123100,   162350,   221000,   273000,
      AssocOfProduct,       6747,          0,          0,          0,       3910,       4595,      500,    10000,    72000,   101000,   158080,   207000,
      BusinessReport,       1683,          0,          0,          0,       1515,       1830,    28000,    60000,   131000,   164900,   213380,   261000,
          CustBuyBeh,       6725,          0,          0,          0,       3920,       4611,      300,    10800,    75000,   108000,   161000,   215000,
       ProductReturn,      17807,          0,          0,          0,      10017,      11563,      200,     8800,    67000,    97000,   162000,   234000,

  6792s: (81%)   IR =  11208 .[6793.333s][info][gc,start       ] GC(2081) Pause Young (Allocation Failure)
[6793.432s][info][gc,heap        ] GC(2081) PSYoungGen: 2572208K(2608640K)->138112K(2615296K) Eden: 2428928K(2428928K)->0K(2437632K) From: 143280K(179712K)->138112K(177664K)
[6793.432s][info][gc,heap        ] GC(2081) ParOldGen: 4723740K(4724224K)->4815396K(4815872K)
[6793.432s][info][gc,metaspace   ] GC(2081) Metaspace: 29101K(29504K)->29101K(29504K) NonClass: 24209K(24384K)->24209K(24384K) Class: 4892K(5120K)->4892K(5120K)
[6793.432s][info][gc             ] GC(2081) Pause Young (Allocation Failure) 7124M->4837M(7257M) 98.304ms
[6793.432s][info][gc,cpu         ] GC(2081) User=0.56s Sys=0.01s Real=0.10s
.[6795.086s][info][gc,start       ] GC(2082) Pause Young (Allocation Failure)
[6795.193s][info][gc,heap        ] GC(2082) PSYoungGen: 2575744K(2615296K)->157460K(2614784K) Eden: 2437632K(2437632K)->0K(2437632K) From: 138112K(177664K)->157460K(177152K)
[6795.193s][info][gc,heap        ] GC(2082) ParOldGen: 4815396K(4815872K)->4907644K(4908032K)
[6795.193s][info][gc,metaspace   ] GC(2082) Metaspace: 29101K(29504K)->29101K(29504K) NonClass: 24209K(24384K)->24209K(24384K) Class: 4892K(5120K)->4892K(5120K)
[6795.194s][info][gc             ] GC(2082) Pause Young (Allocation Failure) 7217M->4946M(7346M) 107.492ms
[6795.194s][info][gc,cpu         ] GC(2082) User=0.60s Sys=0.03s Real=0.11s
..[6796.911s][info][gc,start       ] GC(2083) Pause Young (Allocation Failure)
[6797.010s][info][gc,heap        ] GC(2083) PSYoungGen: 2595092K(2614784K)->144192K(2615296K) Eden: 2437632K(2437632K)->0K(2441216K) From: 157460K(177152K)->144192K(174080K)
[6797.010s][info][gc,heap        ] GC(2083) ParOldGen: 4907644K(4908032K)->4997300K(4997632K)
[6797.010s][info][gc,metaspace   ] GC(2083) Metaspace: 29101K(29504K)->29101K(29504K) NonClass: 24209K(24384K)->24209K(24384K) Class: 4892K(5120K)->4892K(5120K)
[6797.010s][info][gc             ] GC(2083) Pause Young (Allocation Failure) 7326M->5020M(7434M) 98.973ms
[6797.010s][info][gc,cpu         ] GC(2083) User=0.56s Sys=0.02s Real=0.10s
..[6798.680s][info][gc,start       ] GC(2084) Pause Young (Allocation Failure)
[6798.782s][info][gc,heap        ] GC(2084) PSYoungGen: 2585408K(2615296K)->148432K(2616832K) Eden: 2441216K(2441216K)->0K(2441216K) From: 144192K(174080K)->148432K(175616K)
[6798.782s][info][gc,heap        ] GC(2084) ParOldGen: 4997300K(4997632K)->5088932K(5089280K)
[6798.782s][info][gc,metaspace   ] GC(2084) Metaspace: 29101K(29504K)->29101K(29504K) NonClass: 24209K(24384K)->24209K(24384K) Class: 4892K(5120K)->4892K(5120K)
[6798.782s][info][gc             ] GC(2084) Pause Young (Allocation Failure) 7404M->5114M(7525M) 102.569ms
[6798.783s][info][gc,cpu         ] GC(2084) User=0.59s Sys=0.03s Real=0.10s
..[6800.359s][info][gc,start       ] GC(2085) Pause Young (Allocation Failure)
[6800.458s][info][gc,heap        ] GC(2085) PSYoungGen: 2589648K(2616832K)->133653K(2619392K) Eden: 2441216K(2441216K)->0K(2446336K) From: 148432K(175616K)->133653K(173056K)
[6800.458s][info][gc,heap        ] GC(2085) ParOldGen: 5088932K(5089280K)->5184140K(5184512K)
[6800.458s][info][gc,metaspace   ] GC(2085) Metaspace: 29101K(29504K)->29101K(29504K) NonClass: 24209K(24384K)->24209K(24384K) Class: 4892K(5120K)->4892K(5120K)
[6800.458s][info][gc             ] GC(2085) Pause Young (Allocation Failure) 7498M->5193M(7621M) 98.750ms
[6800.458s][info][gc,cpu         ] GC(2085) User=0.56s Sys=0.02s Real=0.10s
.[6802.091s][info][gc,start       ] GC(2086) Pause Young (Allocation Failure)
[6802.196s][info][gc,heap        ] GC(2086) PSYoungGen: 2579989K(2619392K)->155968K(2619392K) Eden: 2446336K(2446336K)->0K(2446336K) From: 133653K(173056K)->155968K(173056K)
[6802.196s][info][gc,heap        ] GC(2086) ParOldGen: 5184140K(5184512K)->5269612K(5270016K)
[6802.196s][info][gc,metaspace   ] GC(2086) Metaspace: 29101K(29504K)->29101K(29504K) NonClass: 24209K(24384K)->24209K(24384K) Class: 4892K(5120K)->4892K(5120K)
[6802.196s][info][gc             ] GC(2086) Pause Young (Allocation Failure) 7582M->5298M(7704M) 105.144ms
[6802.196s][info][gc,cpu         ] GC(2086) User=0.60s Sys=0.02s Real=0.10s
..[6803.812s][info][gc,start       ] GC(2087) Pause Young (Allocation Failure)
[6803.919s][info][gc,heap        ] GC(2087) PSYoungGen: 2602304K(2619392K)->154692K(2622464K) Eden: 2446336K(2446336K)->0K(2448896K) From: 155968K(173056K)->154692K(173568K)
[6803.919s][info][gc,heap        ] GC(2087) ParOldGen: 5269612K(5270016K)->5362772K(5363200K)
[6803.919s][info][gc,metaspace   ] GC(2087) Metaspace: 29101K(29504K)->29101K(29504K) NonClass: 24209K(24384K)->24209K(24384K) Class: 4892K(5120K)->4892K(5120K)
[6803.919s][info][gc             ] GC(2087) Pause Young (Allocation Failure) 7687M->5388M(7798M) 107.196ms
[6803.919s][info][gc,cpu         ] GC(2087) User=0.61s Sys=0.03s Real=0.11s
..[6805.643s][info][gc,start       ] GC(2088) Pause Young (Allocation Failure)
[6805.745s][info][gc,heap        ] GC(2088) PSYoungGen: 2603588K(2622464K)->146048K(2595328K) Eden: 2448896K(2448896K)->0K(2448896K) From: 154692K(173568K)->146048K(146432K)
[6805.745s][info][gc,heap        ] GC(2088) ParOldGen: 5362772K(5363200K)->5452476K(5452800K)
[6805.745s][info][gc,metaspace   ] GC(2088) Metaspace: 29101K(29504K)->29101K(29504K) NonClass: 24209K(24384K)->24209K(24384K) Class: 4892K(5120K)->4892K(5120K)
[6805.745s][info][gc             ] GC(2088) Pause Young (Allocation Failure) 7779M->5467M(7859M) 102.108ms
[6805.745s][info][gc,cpu         ] GC(2088) User=0.58s Sys=0.03s Real=0.10s
..[6807.508s][info][gc,start       ] GC(2089) Pause Young (Allocation Failure)
[6807.614s][info][gc,heap        ] GC(2089) PSYoungGen: 2594944K(2595328K)->152480K(2620928K) Eden: 2448896K(2448896K)->0K(2449408K) From: 146048K(146432K)->152480K(171520K)
[6807.614s][info][gc,heap        ] GC(2089) ParOldGen: 5452476K(5452800K)->5544564K(5544960K)
[6807.614s][info][gc,metaspace   ] GC(2089) Metaspace: 29101K(29504K)->29101K(29504K) NonClass: 24209K(24384K)->24209K(24384K) Class: 4892K(5120K)->4892K(5120K)
[6807.614s][info][gc             ] GC(2089) Pause Young (Allocation Failure) 7858M->5563M(7974M) 106.011ms
[6807.614s][info][gc,cpu         ] GC(2089) User=0.60s Sys=0.03s Real=0.10s
.|[6809.245s][info][gc,start       ] GC(2090) Pause Full (Allocation Failure)
[6809.245s][info][gc,phases,start] GC(2090) Marking Phase
[6809.544s][info][gc,phases      ] GC(2090) Marking Phase 299.159ms
[6809.544s][info][gc,phases,start] GC(2090) Summary Phase
[6809.544s][info][gc,phases      ] GC(2090) Summary Phase 0.099ms
[6809.544s][info][gc,phases,start] GC(2090) Forward
[6809.664s][info][gc,phases      ] GC(2090) Forward 120.196ms
[6809.664s][info][gc,phases,start] GC(2090) Adjust Pointers
[6809.859s][info][gc,phases      ] GC(2090) Adjust Pointers 194.717ms
[6809.859s][info][gc,phases,start] GC(2090) Compaction Phase
[6809.985s][info][gc,phases      ] GC(2090) Compaction Phase 125.471ms
[6809.986s][info][gc,phases,start] GC(2090) Post Compact
[6809.993s][info][gc,phases      ] GC(2090) Post Compact 6.962ms
[6810.123s][info][gc,heap        ] GC(2090) PSYoungGen: 2601888K(2620928K)->0K(2620416K) Eden: 2449408K(2449408K)->0K(2449408K) From: 152480K(171520K)->0K(171008K)
[6810.123s][info][gc,heap        ] GC(2090) ParOldGen: 5544564K(5544960K)->1421891K(1731584K)
[6810.123s][info][gc,metaspace   ] GC(2090) Metaspace: 29101K(29504K)->29091K(29504K) NonClass: 24209K(24384K)->24201K(24384K) Class: 4892K(5120K)->4889K(5120K)
[6810.123s][info][gc             ] GC(2090) Pause Full (Allocation Failure) 7955M->1388M(4250M) 877.963ms
[6810.123s][info][gc,cpu         ] GC(2090) User=4.02s Sys=0.13s Real=0.88s
..[6811.599s][info][gc,start       ] GC(2091) Pause Young (Allocation Failure)
[6811.708s][info][gc,heap        ] GC(2091) PSYoungGen: 2449408K(2620416K)->140544K(2623488K) Eden: 2449408K(2449408K)->0K(2454016K) From: 0K(171008K)->140544K(169472K)
[6811.708s][info][gc,heap        ] GC(2091) ParOldGen: 1421891K(1731584K)->1421891K(1731584K)
[6811.708s][info][gc,metaspace   ] GC(2091) Metaspace: 29091K(29504K)->29091K(29504K) NonClass: 24202K(24384K)->24202K(24384K) Class: 4889K(5120K)->4889K(5120K)
[6811.708s][info][gc             ] GC(2091) Pause Young (Allocation Failure) 3780M->1525M(4253M) 108.995ms
[6811.708s][info][gc,cpu         ] GC(2091) User=0.37s Sys=0.00s Real=0.11s
.[6813.169s][info][gc,start       ] GC(2092) Pause Young (Allocation Failure)
[6813.270s][info][gc,heap        ] GC(2092) PSYoungGen: 2594560K(2623488K)->162180K(2616320K) Eden: 2454016K(2454016K)->0K(2454016K) From: 140544K(169472K)->162180K(162304K)
[6813.270s][info][gc,heap        ] GC(2092) ParOldGen: 1421891K(1731584K)->1510243K(1731584K)
[6813.270s][info][gc,metaspace   ] GC(2092) Metaspace: 29091K(29504K)->29091K(29504K) NonClass: 24202K(24384K)->24202K(24384K) Class: 4889K(5120K)->4889K(5120K)
[6813.270s][info][gc             ] GC(2092) Pause Young (Allocation Failure) 3922M->1633M(4246M) 101.222ms
[6813.270s][info][gc,cpu         ] GC(2092) User=0.60s Sys=0.00s Real=0.10s
..[6814.749s][info][gc,start       ] GC(2093) Pause Young (Allocation Failure)
[6814.849s][info][gc,heap        ] GC(2093) PSYoungGen: 2616196K(2616320K)->158208K(2620928K) Eden: 2454016K(2454016K)->0K(2447872K) From: 162180K(162304K)->158208K(173056K)
[6814.849s][info][gc,heap        ] GC(2093) ParOldGen: 1510243K(1731584K)->1603051K(1731584K)
[6814.849s][info][gc,metaspace   ] GC(2093) Metaspace: 29091K(29504K)->29091K(29504K) NonClass: 24202K(24384K)->24202K(24384K) Class: 4889K(5120K)->4889K(5120K)
[6814.850s][info][gc             ] GC(2093) Pause Young (Allocation Failure) 4029M->1719M(4250M) 100.935ms
[6814.850s][info][gc,cpu         ] GC(2093) User=0.60s Sys=0.00s Real=0.10s
.[6816.395s][info][gc,start       ] GC(2094) Pause Young (Allocation Failure)
[6816.489s][info][gc,heap        ] GC(2094) PSYoungGen: 2606080K(2620928K)->137221K(2621952K) Eden: 2447872K(2447872K)->0K(2447872K) From: 158208K(173056K)->137221K(174080K)
[6816.489s][info][gc,heap        ] GC(2094) ParOldGen: 1603051K(1731584K)->1698683K(1731584K)
[6816.489s][info][gc,metaspace   ] GC(2094) Metaspace: 29091K(29504K)->29091K(29504K) NonClass: 24202K(24384K)->24202K(24384K) Class: 4889K(5120K)->4889K(5120K)
[6816.489s][info][gc             ] GC(2094) Pause Young (Allocation Failure) 4110M->1792M(4251M) 93.552ms
[6816.489s][info][gc,cpu         ] GC(2094) User=0.55s Sys=0.00s Real=0.10s
..[6818.179s][info][gc,start       ] GC(2095) Pause Young (Allocation Failure)
[6818.283s][info][gc,heap        ] GC(2095) PSYoungGen: 2585093K(2621952K)->158105K(2619904K) Eden: 2447872K(2447872K)->0K(2445824K) From: 137221K(174080K)->158105K(174080K)
[6818.283s][info][gc,heap        ] GC(2095) ParOldGen: 1698683K(1731584K)->1785395K(1785856K)
[6818.283s][info][gc,metaspace   ] GC(2095) Metaspace: 29091K(29504K)->29091K(29504K) NonClass: 24202K(24384K)->24202K(24384K) Class: 4889K(5120K)->4889K(5120K)
[6818.283s][info][gc             ] GC(2095) Pause Young (Allocation Failure) 4183M->1897M(4302M) 103.393ms
[6818.283s][info][gc,cpu         ] GC(2095) User=0.59s Sys=0.02s Real=0.10s
..[6819.962s][info][gc,start       ] GC(2096) Pause Young (Allocation Failure)
[6820.062s][info][gc,heap        ] GC(2096) PSYoungGen: 2603929K(2619904K)->146496K(2592768K) Eden: 2445824K(2445824K)->0K(2445824K) From: 158105K(174080K)->146496K(146944K)
[6820.062s][info][gc,heap        ] GC(2096) ParOldGen: 1785395K(1785856K)->1878483K(1878528K)
[6820.062s][info][gc,metaspace   ] GC(2096) Metaspace: 29091K(29504K)->29091K(29504K) NonClass: 24202K(24384K)->24202K(24384K) Class: 4889K(5120K)->4889K(5120K)
[6820.062s][info][gc             ] GC(2096) Pause Young (Allocation Failure) 4286M->1977M(4366M) 100.633ms
[6820.062s][info][gc,cpu         ] GC(2096) User=0.57s Sys=0.02s Real=0.10s
.[6821.759s][info][gc,start       ] GC(2097) Pause Young (Allocation Failure)
[6821.860s][info][gc,heap        ] GC(2097) PSYoungGen: 2592320K(2592768K)->145888K(2621952K) Eden: 2445824K(2445824K)->0K(2448896K) From: 146496K(146944K)->145888K(173056K)
[6821.860s][info][gc,heap        ] GC(2097) ParOldGen: 1878483K(1878528K)->1968347K(1968640K)
[6821.860s][info][gc,metaspace   ] GC(2097) Metaspace: 29091K(29504K)->29091K(29504K) NonClass: 24202K(24384K)->24202K(24384K) Class: 4889K(5120K)->4889K(5120K)
[6821.860s][info][gc             ] GC(2097) Pause Young (Allocation Failure) 4366M->2064M(4483M) 101.277ms
[6821.860s][info][gc,cpu         ] GC(2097) User=0.57s Sys=0.02s Real=0.10s
..[6823.608s][info][gc,start       ] GC(2098) Pause Young (Allocation Failure)
[6823.709s][info][gc,heap        ] GC(2098) PSYoungGen: 2594784K(2621952K)->145619K(2619904K) Eden: 2448896K(2448896K)->0K(2448896K) From: 145888K(173056K)->145619K(171008K)
[6823.709s][info][gc,heap        ] GC(2098) ParOldGen: 1968347K(1968640K)->2061587K(2061824K)
[6823.709s][info][gc,metaspace   ] GC(2098) Metaspace: 29091K(29504K)->29091K(29504K) NonClass: 24202K(24384K)->24202K(24384K) Class: 4889K(5120K)->4889K(5120K)
[6823.709s][info][gc             ] GC(2098) Pause Young (Allocation Failure) 4456M->2155M(4572M) 101.075ms
[6823.709s][info][gc,cpu         ] GC(2098) User=0.58s Sys=0.03s Real=0.10s
..[6825.384s][info][gc,start       ] GC(2099) Pause Young (Allocation Failure)
[6825.480s][info][gc,heap        ] GC(2099) PSYoungGen: 2594515K(2619904K)->139552K(2621952K) Eden: 2448896K(2448896K)->0K(2452480K) From: 145619K(171008K)->139552K(169472K)
[6825.481s][info][gc,heap        ] GC(2099) ParOldGen: 2061587K(2061824K)->2149435K(2149888K)
[6825.481s][info][gc,metaspace   ] GC(2099) Metaspace: 29091K(29504K)->29091K(29504K) NonClass: 24202K(24384K)->24202K(24384K) Class: 4889K(5120K)->4889K(5120K)
[6825.481s][info][gc             ] GC(2099) Pause Young (Allocation Failure) 4546M->2235M(4660M) 96.064ms
[6825.481s][info][gc,cpu         ] GC(2099) User=0.53s Sys=0.04s Real=0.10s
..[6827.170s][info][gc,start       ] GC(2100) Pause Young (Allocation Failure)
[6827.270s][info][gc,heap        ] GC(2100) PSYoungGen: 2592032K(2621952K)->146496K(2621440K) Eden: 2452480K(2452480K)->0K(2452480K) From: 139552K(169472K)->146496K(168960K)
[6827.270s][info][gc,heap        ] GC(2100) ParOldGen: 2149435K(2149888K)->2243235K(2243584K)
[6827.270s][info][gc,metaspace   ] GC(2100) Metaspace: 29091K(29504K)->29091K(29504K) NonClass: 24202K(24384K)->24202K(24384K) Class: 4889K(5120K)->4889K(5120K)
[6827.270s][info][gc             ] GC(2100) Pause Young (Allocation Failure) 4630M->2333M(4751M) 99.524ms
[6827.270s][info][gc,cpu         ] GC(2100) User=0.56s Sys=0.02s Real=0.10s
..[6828.994s][info][gc,start       ] GC(2101) Pause Young (Allocation Failure)
[6829.103s][info][gc,heap        ] GC(2101) PSYoungGen: 2598976K(2621440K)->159421K(2622976K) Eden: 2452480K(2452480K)->0K(2455552K) From: 146496K(168960K)->159421K(167424K)
[6829.103s][info][gc,heap        ] GC(2101) ParOldGen: 2243235K(2243584K)->2333011K(2333184K)
[6829.103s][info][gc,metaspace   ] GC(2101) Metaspace: 29091K(29504K)->29091K(29504K) NonClass: 24202K(24384K)->24202K(24384K) Class: 4889K(5120K)->4889K(5120K)
[6829.103s][info][gc             ] GC(2101) Pause Young (Allocation Failure) 4728M->2434M(4840M) 108.400ms
[6829.103s][info][gc,cpu         ] GC(2101) User=0.61s Sys=0.03s Real=0.11s
.[6830.738s][info][gc,start       ] GC(2102) Pause Young (Allocation Failure)
[6830.838s][info][gc,heap        ] GC(2102) PSYoungGen: 2614973K(2622976K)->144960K(2625024K) Eden: 2455552K(2455552K)->0K(2455552K) From: 159421K(167424K)->144960K(169472K)
[6830.838s][info][gc,heap        ] GC(2102) ParOldGen: 2333011K(2333184K)->2425219K(2425344K)
[6830.838s][info][gc,metaspace   ] GC(2102) Metaspace: 29091K(29504K)->29091K(29504K) NonClass: 24202K(24384K)->24202K(24384K) Class: 4889K(5120K)->4889K(5120K)
[6830.838s][info][gc             ] GC(2102) Pause Young (Allocation Failure) 4832M->2509M(4932M) 99.951ms
[6830.838s][info][gc,cpu         ] GC(2102) User=0.57s Sys=0.02s Real=0.10s
..[6832.456s][info][gc,start       ] GC(2103) Pause Young (Allocation Failure)
[6832.554s][info][gc,heap        ] GC(2103) PSYoungGen: 2600512K(2625024K)->144148K(2622464K) Eden: 2455552K(2455552K)->0K(2458112K) From: 144960K(169472K)->144148K(164352K)
[6832.554s][info][gc,heap        ] GC(2103) ParOldGen: 2425219K(2425344K)->2516075K(2516480K)
[6832.554s][info][gc,metaspace   ] GC(2103) Metaspace: 29091K(29504K)->29091K(29504K) NonClass: 24202K(24384K)->24202K(24384K) Class: 4889K(5120K)->4889K(5120K)
[6832.554s][info][gc             ] GC(2103) Pause Young (Allocation Failure) 4907M->2597M(5018M) 98.360ms
[6832.554s][info][gc,cpu         ] GC(2103) User=0.57s Sys=0.02s Real=0.10s
..[6834.299s][info][gc,start       ] GC(2104) Pause Young (Allocation Failure)
[6834.399s][info][gc,heap        ] GC(2104) PSYoungGen: 2602260K(2622464K)->144960K(2625024K) Eden: 2458112K(2458112K)->0K(2458112K) From: 144148K(164352K)->144960K(166912K)
[6834.399s][info][gc,heap        ] GC(2104) ParOldGen: 2516075K(2516480K)->2608067K(2608128K)
[6834.399s][info][gc,metaspace   ] GC(2104) Metaspace: 29091K(29504K)->29091K(29504K) NonClass: 24202K(24384K)->24202K(24384K) Class: 4889K(5120K)->4889K(5120K)
[6834.399s][info][gc             ] GC(2104) Pause Young (Allocation Failure) 4998M->2688M(5110M) 100.808ms
[6834.399s][info][gc,cpu         ] GC(2104) User=0.57s Sys=0.03s Real=0.10s
..[6836.053s][info][gc,start       ] GC(2105) Pause Young (Allocation Failure)
[6836.154s][info][gc,heap        ] GC(2105) PSYoungGen: 2603072K(2625024K)->151968K(2627072K) Eden: 2458112K(2458112K)->0K(2463232K) From: 144960K(166912K)->151968K(163840K)
[6836.154s][info][gc,heap        ] GC(2105) ParOldGen: 2608067K(2608128K)->2697483K(2697728K)
[6836.154s][info][gc,metaspace   ] GC(2105) Metaspace: 29091K(29504K)->29091K(29504K) NonClass: 24202K(24384K)->24202K(24384K) Class: 4889K(5120K)->4889K(5120K)
[6836.154s][info][gc             ] GC(2105) Pause Young (Allocation Failure) 5089M->2782M(5200M) 101.516ms
[6836.154s][info][gc,cpu         ] GC(2105) User=0.57s Sys=0.04s Real=0.10s
.[6837.752s][info][gc,start       ] GC(2106) Pause Young (Allocation Failure)
[6837.852s][info][gc,heap        ] GC(2106) PSYoungGen: 2615200K(2627072K)->142272K(2628608K) Eden: 2463232K(2463232K)->0K(2463232K) From: 151968K(163840K)->142272K(165376K)
[6837.852s][info][gc,heap        ] GC(2106) ParOldGen: 2697483K(2697728K)->2792979K(2793472K)
[6837.852s][info][gc,metaspace   ] GC(2106) Metaspace: 29091K(29504K)->29091K(29504K) NonClass: 24202K(24384K)->24202K(24384K) Class: 4889K(5120K)->4889K(5120K)
[6837.852s][info][gc             ] GC(2106) Pause Young (Allocation Failure) 5188M->2866M(5295M) 99.896ms
[6837.852s][info][gc,cpu         ] GC(2106) User=0.57s Sys=0.02s Real=0.10s
..[6839.466s][info][gc,start       ] GC(2107) Pause Young (Allocation Failure)
[6839.567s][info][gc,heap        ] GC(2107) PSYoungGen: 2605504K(2628608K)->146517K(2627072K) Eden: 2463232K(2463232K)->0K(2465792K) From: 142272K(165376K)->146517K(161280K)
[6839.567s][info][gc,heap        ] GC(2107) ParOldGen: 2792979K(2793472K)->2881467K(2881536K)
[6839.567s][info][gc,metaspace   ] GC(2107) Metaspace: 29091K(29504K)->29091K(29504K) NonClass: 24202K(24384K)->24202K(24384K) Class: 4889K(5120K)->4889K(5120K)
[6839.567s][info][gc             ] GC(2107) Pause Young (Allocation Failure) 5271M->2957M(5379M) 100.871ms
[6839.567s][info][gc,cpu         ] GC(2107) User=0.57s Sys=0.02s Real=0.10s
..[6841.209s][info][gc,start       ] GC(2108) Pause Young (Allocation Failure)
[6841.312s][info][gc,heap        ] GC(2108) PSYoungGen: 2612309K(2627072K)->152224K(2629120K) Eden: 2465792K(2465792K)->0K(2465792K) From: 146517K(161280K)->152224K(163328K)
[6841.312s][info][gc,heap        ] GC(2108) ParOldGen: 2881467K(2881536K)->2973603K(2973696K)
[6841.312s][info][gc,metaspace   ] GC(2108) Metaspace: 29091K(29504K)->29091K(29504K) NonClass: 24202K(24384K)->24202K(24384K) Class: 4889K(5120K)->4889K(5120K)
[6841.312s][info][gc             ] GC(2108) Pause Young (Allocation Failure) 5365M->3052M(5471M) 102.485ms
[6841.312s][info][gc,cpu         ] GC(2108) User=0.58s Sys=0.02s Real=0.10s
.[6842.924s][info][gc,start       ] GC(2109) Pause Young (Allocation Failure)
[6843.033s][info][gc,heap        ] GC(2109) PSYoungGen: 2618016K(2629120K)->156490K(2629632K) Eden: 2465792K(2465792K)->0K(2466304K) From: 152224K(163328K)->156490K(163328K)
[6843.034s][info][gc,heap        ] GC(2109) ParOldGen: 2973603K(2973696K)->3067635K(3067904K)
[6843.034s][info][gc,metaspace   ] GC(2109) Metaspace: 29091K(29504K)->29091K(29504K) NonClass: 24202K(24384K)->24202K(24384K) Class: 4889K(5120K)->4889K(5120K)
[6843.034s][info][gc             ] GC(2109) Pause Young (Allocation Failure) 5460M->3148M(5564M) 110.020ms
[6843.034s][info][gc,cpu         ] GC(2109) User=0.62s Sys=0.02s Real=0.11s
..[6844.743s][info][gc,start       ] GC(2110) Pause Young (Allocation Failure)
[6844.847s][info][gc,heap        ] GC(2110) PSYoungGen: 2622794K(2629632K)->155341K(2621952K) Eden: 2466304K(2466304K)->0K(2466304K) From: 156490K(163328K)->155341K(155648K)
[6844.847s][info][gc,heap        ] GC(2110) ParOldGen: 3067635K(3067904K)->3156859K(3156992K)
[6844.847s][info][gc,metaspace   ] GC(2110) Metaspace: 29091K(29504K)->29091K(29504K) NonClass: 24202K(24384K)->24202K(24384K) Class: 4889K(5120K)->4889K(5120K)
[6844.847s][info][gc             ] GC(2110) Pause Young (Allocation Failure) 5557M->3234M(5643M) 103.816ms
[6844.847s][info][gc,cpu         ] GC(2110) User=0.59s Sys=0.01s Real=0.10s
..[6846.392s][info][gc,start       ] GC(2111) Pause Full (Diagnostic Command)
[6846.392s][info][gc,phases,start] GC(2111) Marking Phase
[6846.694s][info][gc,phases      ] GC(2111) Marking Phase 301.998ms
[6846.694s][info][gc,phases,start] GC(2111) Summary Phase
[6846.694s][info][gc,phases      ] GC(2111) Summary Phase 0.074ms
[6846.694s][info][gc,phases,start] GC(2111) Forward
[6846.861s][info][gc,phases      ] GC(2111) Forward 167.666ms
[6846.861s][info][gc,phases,start] GC(2111) Adjust Pointers
[6847.072s][info][gc,phases      ] GC(2111) Adjust Pointers 210.833ms
[6847.072s][info][gc,phases,start] GC(2111) Compaction Phase
[6847.310s][info][gc,phases      ] GC(2111) Compaction Phase 237.342ms
[6847.313s][info][gc,phases,start] GC(2111) Post Compact
[6847.318s][info][gc,phases      ] GC(2111) Post Compact 4.740ms
[6847.318s][info][gc,heap        ] GC(2111) PSYoungGen: 2485545K(2621952K)->0K(2621952K) Eden: 2330203K(2466304K)->0K(2466304K) From: 155341K(155648K)->0K(155648K)
[6847.318s][info][gc,heap        ] GC(2111) ParOldGen: 3156859K(3156992K)->1149326K(3156992K)
[6847.318s][info][gc,metaspace   ] GC(2111) Metaspace: 29091K(29504K)->29088K(29504K) NonClass: 24202K(24384K)->24199K(24384K) Class: 4889K(5120K)->4888K(5120K)
[6847.318s][info][gc             ] GC(2111) Pause Full (Diagnostic Command) 5510M->1122M(5643M) 926.613ms
[6847.318s][info][gc,cpu         ] GC(2111) User=5.01s Sys=0.01s Real=0.93s
..[6848.805s][info][gc,start       ] GC(2112) Pause Young (Allocation Failure)
[6848.872s][info][gc,heap        ] GC(2112) PSYoungGen: 2466304K(2621952K)->148399K(2631680K) Eden: 2466304K(2466304K)->0K(2465792K) From: 0K(155648K)->148399K(165888K)
[6848.872s][info][gc,heap        ] GC(2112) ParOldGen: 1149326K(3156992K)->1149326K(3156992K)
[6848.872s][info][gc,metaspace   ] GC(2112) Metaspace: 29088K(29504K)->29088K(29504K) NonClass: 24199K(24384K)->24199K(24384K) Class: 4888K(5120K)->4888K(5120K)
[6848.872s][info][gc             ] GC(2112) Pause Young (Allocation Failure) 3530M->1267M(5653M) 67.186ms
[6848.872s][info][gc,cpu         ] GC(2112) User=0.40s Sys=0.00s Real=0.07s
.[6850.311s][info][gc,start       ] GC(2113) Pause Young (Allocation Failure)
[6850.413s][info][gc,heap        ] GC(2113) PSYoungGen: 2614191K(2631680K)->163904K(2630144K) Eden: 2465792K(2465792K)->0K(2465792K) From: 148399K(165888K)->163904K(164352K)
[6850.413s][info][gc,heap        ] GC(2113) ParOldGen: 1149326K(3156992K)->1242838K(3156992K)
[6850.413s][info][gc,metaspace   ] GC(2113) Metaspace: 29088K(29504K)->29088K(29504K) NonClass: 24199K(24384K)->24199K(24384K) Class: 4888K(5120K)->4888K(5120K)
[6850.413s][info][gc             ] GC(2113) Pause Young (Allocation Failure) 3675M->1373M(5651M) 102.382ms
[6850.413s][info][gc,cpu         ] GC(2113) User=0.61s Sys=0.00s Real=0.10s
.[6851.923s][info][gc,start       ] GC(2114) Pause Young (Allocation Failure)
[6852.022s][info][gc,heap        ] GC(2114) PSYoungGen: 2629696K(2630144K)->153707K(2626048K) Eden: 2465792K(2465792K)->0K(2460160K) From: 163904K(164352K)->153707K(165888K)
[6852.022s][info][gc,heap        ] GC(2114) ParOldGen: 1242838K(3156992K)->1333190K(3156992K)
[6852.022s][info][gc,metaspace   ] GC(2114) Metaspace: 29088K(29504K)->29088K(29504K) NonClass: 24199K(24384K)->24199K(24384K) Class: 4888K(5120K)->4888K(5120K)
[6852.022s][info][gc             ] GC(2114) Pause Young (Allocation Failure) 3781M->1452M(5647M) 98.649ms
[6852.022s][info][gc,cpu         ] GC(2114) User=0.59s Sys=0.00s Real=0.10s
..[6853.608s][info][gc,start       ] GC(2115) Pause Young (Allocation Failure)
[6853.703s][info][gc,heap        ] GC(2115) PSYoungGen: 2613867K(2626048K)->147188K(2628096K) Eden: 2460160K(2460160K)->0K(2460160K) From: 153707K(165888K)->147188K(167936K)
[6853.703s][info][gc,heap        ] GC(2115) ParOldGen: 1333190K(3156992K)->1423494K(3156992K)
[6853.703s][info][gc,metaspace   ] GC(2115) Metaspace: 29088K(29504K)->29088K(29504K) NonClass: 24199K(24384K)->24199K(24384K) Class: 4888K(5120K)->4888K(5120K)
[6853.703s][info][gc             ] GC(2115) Pause Young (Allocation Failure) 3854M->1533M(5649M) 94.811ms
[6853.703s][info][gc,cpu         ] GC(2115) User=0.56s Sys=0.00s Real=0.09s
..[6855.402s][info][gc,start       ] GC(2116) Pause Young (Allocation Failure)
[6855.493s][info][gc,heap        ] GC(2116) PSYoungGen: 2607348K(2628096K)->138880K(2628096K) Eden: 2460160K(2460160K)->0K(2461184K) From: 147188K(167936K)->138880K(166912K)
[6855.493s][info][gc,heap        ] GC(2116) ParOldGen: 1423494K(3156992K)->1515182K(3156992K)
[6855.493s][info][gc,metaspace   ] GC(2116) Metaspace: 29088K(29504K)->29088K(29504K) NonClass: 24199K(24384K)->24199K(24384K) Class: 4888K(5120K)->4888K(5120K)
[6855.493s][info][gc             ] GC(2116) Pause Young (Allocation Failure) 3936M->1615M(5649M) 90.472ms
[6855.493s][info][gc,cpu         ] GC(2116) User=0.54s Sys=0.00s Real=0.09s
..[6857.211s][info][gc,start       ] GC(2117) Pause Young (Allocation Failure)
[6857.303s][info][gc,heap        ] GC(2117) PSYoungGen: 2600064K(2628096K)->133472K(2594816K) Eden: 2461184K(2461184K)->0K(2461184K) From: 138880K(166912K)->133472K(133632K)
[6857.303s][info][gc,heap        ] GC(2117) ParOldGen: 1515182K(3156992K)->1605982K(3156992K)
[6857.303s][info][gc,metaspace   ] GC(2117) Metaspace: 29088K(29504K)->29088K(29504K) NonClass: 24199K(24384K)->24199K(24384K) Class: 4888K(5120K)->4888K(5120K)
[6857.303s][info][gc             ] GC(2117) Pause Young (Allocation Failure) 4018M->1698M(5617M) 91.916ms
[6857.303s][info][gc,cpu         ] GC(2117) User=0.54s Sys=0.00s Real=0.09s
.[6859.078s][info][gc,start       ] GC(2118) Pause Young (Allocation Failure)
[6859.175s][info][gc,heap        ] GC(2118) PSYoungGen: 2594656K(2594816K)->151232K(2628608K) Eden: 2461184K(2461184K)->0K(2460672K) From: 133472K(133632K)->151232K(167936K)
[6859.175s][info][gc,heap        ] GC(2118) ParOldGen: 1605982K(3156992K)->1694934K(3156992K)
[6859.175s][info][gc,metaspace   ] GC(2118) Metaspace: 29088K(29504K)->29088K(29504K) NonClass: 24199K(24384K)->24199K(24384K) Class: 4888K(5120K)->4888K(5120K)
[6859.175s][info][gc             ] GC(2118) Pause Young (Allocation Failure) 4102M->1802M(5650M) 97.785ms
[6859.175s][info][gc,cpu         ] GC(2118) User=0.58s Sys=0.00s Real=0.09s
..[6860.894s][info][gc,start       ] GC(2119) Pause Young (Allocation Failure)
[6860.994s][info][gc,heap        ] GC(2119) PSYoungGen: 2611904K(2628608K)->149858K(2610688K) Eden: 2460672K(2460672K)->0K(2460672K) From: 151232K(167936K)->149858K(150016K)
[6860.994s][info][gc,heap        ] GC(2119) ParOldGen: 1694934K(3156992K)->1788550K(3156992K)
[6860.994s][info][gc,metaspace   ] GC(2119) Metaspace: 29088K(29504K)->29088K(29504K) NonClass: 24199K(24384K)->24199K(24384K) Class: 4888K(5120K)->4888K(5120K)
[6860.994s][info][gc             ] GC(2119) Pause Young (Allocation Failure) 4205M->1892M(5632M) 99.597ms
[6860.994s][info][gc,cpu         ] GC(2119) User=0.59s Sys=0.00s Real=0.10s
..[6862.642s][info][gc,start       ] GC(2120) Pause Young (Allocation Failure)
[6862.739s][info][gc,heap        ] GC(2120) PSYoungGen: 2610530K(2610688K)->149109K(2627584K) Eden: 2460672K(2460672K)->0K(2461696K) From: 149858K(150016K)->149109K(165888K)
[6862.739s][info][gc,heap        ] GC(2120) ParOldGen: 1788550K(3156992K)->1880094K(3156992K)
[6862.739s][info][gc,metaspace   ] GC(2120) Metaspace: 29088K(29504K)->29088K(29504K) NonClass: 24199K(24384K)->24199K(24384K) Class: 4888K(5120K)->4888K(5120K)
[6862.739s][info][gc             ] GC(2120) Pause Young (Allocation Failure) 4295M->1981M(5649M) 96.766ms
[6862.739s][info][gc,cpu         ] GC(2120) User=0.58s Sys=0.00s Real=0.10s
..[6864.395s][info][gc,start       ] GC(2121) Pause Young (Allocation Failure)
[6864.491s][info][gc,heap        ] GC(2121) PSYoungGen: 2610805K(2627584K)->141024K(2626560K) Eden: 2461696K(2461696K)->0K(2461696K) From: 149109K(165888K)->141024K(164864K)
[6864.491s][info][gc,heap        ] GC(2121) ParOldGen: 1880094K(3156992K)->1968694K(3156992K)
[6864.491s][info][gc,metaspace   ] GC(2121) Metaspace: 29088K(29504K)->29088K(29504K) NonClass: 24199K(24384K)->24199K(24384K) Class: 4888K(5120K)->4888K(5120K)
[6864.491s][info][gc             ] GC(2121) Pause Young (Allocation Failure) 4385M->2060M(5648M) 95.484ms
[6864.491s][info][gc,cpu         ] GC(2121) User=0.56s Sys=0.00s Real=0.10s
.[6866.195s][info][gc,start       ] GC(2122) Pause Young (Allocation Failure)
[6866.293s][info][gc,heap        ] GC(2122) PSYoungGen: 2602720K(2626560K)->148288K(2629632K) Eden: 2461696K(2461696K)->0K(2466816K) From: 141024K(164864K)->148288K(162816K)
[6866.293s][info][gc,heap        ] GC(2122) ParOldGen: 1968694K(3156992K)->2062622K(3156992K)
[6866.293s][info][gc,metaspace   ] GC(2122) Metaspace: 29088K(29504K)->29088K(29504K) NonClass: 24199K(24384K)->24199K(24384K) Class: 4888K(5120K)->4888K(5120K)
[6866.293s][info][gc             ] GC(2122) Pause Young (Allocation Failure) 4464M->2159M(5651M) 98.469ms
[6866.293s][info][gc,cpu         ] GC(2122) User=0.59s Sys=0.00s Real=0.10s
..[6867.931s][info][gc,start       ] GC(2123) Pause Young (Allocation Failure)
[6868.028s][info][gc,heap        ] GC(2123) PSYoungGen: 2615104K(2629632K)->150672K(2629632K) Eden: 2466816K(2466816K)->0K(2466816K) From: 148288K(162816K)->150672K(162816K)
[6868.029s][info][gc,heap        ] GC(2123) ParOldGen: 2062622K(3156992K)->2153038K(3156992K)
[6868.029s][info][gc,metaspace   ] GC(2123) Metaspace: 29088K(29504K)->29088K(29504K) NonClass: 24199K(24384K)->24199K(24384K) Class: 4888K(5120K)->4888K(5120K)
[6868.029s][info][gc             ] GC(2123) Pause Young (Allocation Failure) 4568M->2249M(5651M) 97.351ms
[6868.029s][info][gc,cpu         ] GC(2123) User=0.58s Sys=0.00s Real=0.10s
.. (rIR:aIR:PR = 11208:11254:11254) (tPR = 167811) [OK] 
  6869s: Performance info:
         Transaction,    Success,    Partial,     Failed,   Receipts, AvgBarcode, 
             Overall,     686131,          0,          0,     652157,      59.47, 
         Response times:
             Request,    Success,    Partial,     Failed,   SkipFail,     Probes,    Samples,      min,      p50,      p90,      p95,      p99,      max, 
       TotalPurchase,     652214,          0,          0,          0,     320959,     464212,      200,    15900,   256000,   470000,   730000,  1100000,
     InStorePurchase,     342015,          0,          0,          0,     168828,     244514,      200,    15500,   254000,   443000,   700000,   890000,
      OnlinePurchase,     241541,          0,          0,          0,     117984,     170999,      300,    16600,   261000,   504000,   740000,   870000,
        InstPurchase,      68658,          0,          0,          0,      34147,      48699,      400,    15400,   264000,   492000,   750000,  1100000,
          AssocOfCat,        682,          0,          0,          0,        507,        799,    21000,    58000,   321000,   474000,   630000,  1100000,
      AssocOfProduct,       6796,          0,          0,          0,       3774,       5521,     1100,    15300,   253800,   404000,   567000,   780000,
      BusinessReport,       1709,          0,          0,          0,       1409,       2119,    30000,    74000,   246000,   415000,   580000,   920000,
          CustBuyBeh,       6783,          0,          0,          0,       3794,       5597,      100,    17500,   241400,   397000,   541000,   890000,
       ProductReturn,      18030,          0,          0,          0,       9452,      13334,      500,    17500,   268000,   501250,   640000,   960000,

  6869s: (82%)   IR =  11346 [6869.754s][info][gc,start       ] GC(2124) Pause Young (Allocation Failure)
[6869.849s][info][gc,heap        ] GC(2124) PSYoungGen: 2617488K(2629632K)->146010K(2631680K) Eden: 2466816K(2466816K)->0K(2470912K) From: 150672K(162816K)->146010K(160768K)
[6869.849s][info][gc,heap        ] GC(2124) ParOldGen: 2153038K(3156992K)->2245014K(3156992K)
[6869.849s][info][gc,metaspace   ] GC(2124) Metaspace: 29088K(29504K)->29088K(29504K) NonClass: 24199K(24384K)->24199K(24384K) Class: 4888K(5120K)->4888K(5120K)
[6869.849s][info][gc             ] GC(2124) Pause Young (Allocation Failure) 4658M->2334M(5653M) 94.884ms
[6869.849s][info][gc,cpu         ] GC(2124) User=0.57s Sys=0.00s Real=0.10s
..[6871.517s][info][gc,start       ] GC(2125) Pause Young (Allocation Failure)
[6871.611s][info][gc,heap        ] GC(2125) PSYoungGen: 2616922K(2631680K)->138432K(2632192K) Eden: 2470912K(2470912K)->0K(2470912K) From: 146010K(160768K)->138432K(161280K)
[6871.611s][info][gc,heap        ] GC(2125) ParOldGen: 2245014K(3156992K)->2337454K(3156992K)
[6871.611s][info][gc,metaspace   ] GC(2125) Metaspace: 29088K(29504K)->29088K(29504K) NonClass: 24199K(24384K)->24199K(24384K) Class: 4888K(5120K)->4888K(5120K)
[6871.611s][info][gc             ] GC(2125) Pause Young (Allocation Failure) 4747M->2417M(5653M) 93.646ms
[6871.611s][info][gc,cpu         ] GC(2125) User=0.56s Sys=0.00s Real=0.10s
.[6873.314s][info][gc,start       ] GC(2126) Pause Young (Allocation Failure)
[6873.415s][info][gc,heap        ] GC(2126) PSYoungGen: 2609344K(2632192K)->152203K(2633216K) Eden: 2470912K(2470912K)->0K(2471424K) From: 138432K(161280K)->152203K(161792K)
[6873.415s][info][gc,heap        ] GC(2126) ParOldGen: 2337454K(3156992K)->2428182K(3156992K)
[6873.415s][info][gc,metaspace   ] GC(2126) Metaspace: 29088K(29504K)->29088K(29504K) NonClass: 24199K(24384K)->24199K(24384K) Class: 4888K(5120K)->4888K(5120K)
[6873.415s][info][gc             ] GC(2126) Pause Young (Allocation Failure) 4830M->2519M(5654M) 100.835ms
[6873.415s][info][gc,cpu         ] GC(2126) User=0.59s Sys=0.00s Real=0.10s
..[6875.058s][info][gc,start       ] GC(2127) Pause Young (Allocation Failure)
[6875.155s][info][gc,heap        ] GC(2127) PSYoungGen: 2623627K(2633216K)->153088K(2625024K) Eden: 2471424K(2471424K)->0K(2471424K) From: 152203K(161792K)->153088K(153600K)
[6875.155s][info][gc,heap        ] GC(2127) ParOldGen: 2428182K(3156992K)->2517414K(3156992K)
[6875.155s][info][gc,metaspace   ] GC(2127) Metaspace: 29088K(29504K)->29088K(29504K) NonClass: 24199K(24384K)->24199K(24384K) Class: 4888K(5120K)->4888K(5120K)
[6875.155s][info][gc             ] GC(2127) Pause Young (Allocation Failure) 4933M->2607M(5646M) 97.055ms
[6875.155s][info][gc,cpu         ] GC(2127) User=0.58s Sys=0.00s Real=0.09s
..[6876.783s][info][gc,start       ] GC(2128) Pause Young (Allocation Failure)
[6876.878s][info][gc,heap        ] GC(2128) PSYoungGen: 2624512K(2625024K)->143392K(2633728K) Eden: 2471424K(2471424K)->0K(2470912K) From: 153088K(153600K)->143392K(162816K)
[6876.878s][info][gc,heap        ] GC(2128) ParOldGen: 2517414K(3156992K)->2611606K(3156992K)
[6876.878s][info][gc,metaspace   ] GC(2128) Metaspace: 29088K(29504K)->29088K(29504K) NonClass: 24199K(24384K)->24199K(24384K) Class: 4888K(5120K)->4888K(5120K)
[6876.878s][info][gc             ] GC(2128) Pause Young (Allocation Failure) 5021M->2690M(5655M) 94.572ms
[6876.878s][info][gc,cpu         ] GC(2128) User=0.56s Sys=0.00s Real=0.10s
.[6878.497s][info][gc,start       ] GC(2129) Pause Young (Allocation Failure)
[6878.591s][info][gc,heap        ] GC(2129) PSYoungGen: 2614304K(2633728K)->139731K(2610688K) Eden: 2470912K(2470912K)->0K(2470912K) From: 143392K(162816K)->139731K(139776K)
[6878.591s][info][gc,heap        ] GC(2129) ParOldGen: 2611606K(3156992K)->2703742K(3156992K)
[6878.591s][info][gc,metaspace   ] GC(2129) Metaspace: 29088K(29504K)->29088K(29504K) NonClass: 24199K(24384K)->24199K(24384K) Class: 4888K(5120K)->4888K(5120K)
[6878.591s][info][gc             ] GC(2129) Pause Young (Allocation Failure) 5103M->2776M(5632M) 94.741ms
[6878.591s][info][gc,cpu         ] GC(2129) User=0.56s Sys=0.00s Real=0.10s
..[6880.258s][info][gc,start       ] GC(2130) Pause Young (Allocation Failure)
[6880.351s][info][gc,heap        ] GC(2130) PSYoungGen: 2610643K(2610688K)->141856K(2633216K) Eden: 2470912K(2470912K)->0K(2471424K) From: 139731K(139776K)->141856K(161792K)
[6880.351s][info][gc,heap        ] GC(2130) ParOldGen: 2703742K(3156992K)->2793638K(3156992K)
[6880.351s][info][gc,metaspace   ] GC(2130) Metaspace: 29088K(29504K)->29088K(29504K) NonClass: 24199K(24384K)->24199K(24384K) Class: 4888K(5120K)->4888K(5120K)
[6880.351s][info][gc             ] GC(2130) Pause Young (Allocation Failure) 5189M->2866M(5654M) 93.098ms
[6880.351s][info][gc,cpu         ] GC(2130) User=0.55s Sys=0.00s Real=0.09s
..[6882.017s][info][gc,start       ] GC(2131) Pause Young (Allocation Failure)
[6882.114s][info][gc,heap        ] GC(2131) PSYoungGen: 2613280K(2633216K)->147971K(2632704K) Eden: 2471424K(2471424K)->0K(2471424K) From: 141856K(161792K)->147971K(161280K)
[6882.114s][info][gc,heap        ] GC(2131) ParOldGen: 2793638K(3156992K)->2886246K(3156992K)
[6882.114s][info][gc,metaspace   ] GC(2131) Metaspace: 29088K(29504K)->29088K(29504K) NonClass: 24199K(24384K)->24199K(24384K) Class: 4888K(5120K)->4888K(5120K)
[6882.114s][info][gc             ] GC(2131) Pause Young (Allocation Failure) 5280M->2963M(5654M) 96.825ms
[6882.114s][info][gc,cpu         ] GC(2131) User=0.58s Sys=0.00s Real=0.10s
..[6883.747s][info][gc,start       ] GC(2132) Pause Young (Allocation Failure)
[6883.843s][info][gc,heap        ] GC(2132) PSYoungGen: 2619395K(2632704K)->146262K(2632704K) Eden: 2471424K(2471424K)->0K(2473984K) From: 147971K(161280K)->146262K(158720K)
[6883.843s][info][gc,heap        ] GC(2132) ParOldGen: 2886246K(3156992K)->2978702K(3156992K)
[6883.843s][info][gc,metaspace   ] GC(2132) Metaspace: 29088K(29504K)->29088K(29504K) NonClass: 24199K(24384K)->24199K(24384K) Class: 4888K(5120K)->4888K(5120K)
[6883.843s][info][gc             ] GC(2132) Pause Young (Allocation Failure) 5376M->3051M(5654M) 96.671ms
[6883.843s][info][gc,cpu         ] GC(2132) User=0.58s Sys=0.00s Real=0.10s
.[6885.573s][info][gc,start       ] GC(2133) Pause Young (Allocation Failure)
[6885.674s][info][gc,heap        ] GC(2133) PSYoungGen: 2620246K(2632704K)->149327K(2633216K) Eden: 2473984K(2473984K)->0K(2473984K) From: 146262K(158720K)->149327K(159232K)
[6885.674s][info][gc,heap        ] GC(2133) ParOldGen: 2978702K(3156992K)->3069382K(3156992K)
[6885.674s][info][gc,metaspace   ] GC(2133) Metaspace: 29088K(29504K)->29088K(29504K) NonClass: 24199K(24384K)->24199K(24384K) Class: 4888K(5120K)->4888K(5120K)
[6885.674s][info][gc             ] GC(2133) Pause Young (Allocation Failure) 5467M->3143M(5654M) 100.737ms
[6885.674s][info][gc,cpu         ] GC(2133) User=0.59s Sys=0.00s Real=0.10s
..[6887.387s][info][gc,start       ] GC(2134) Pause Young (Allocation Failure)
[6887.482s][info][gc,heap        ] GC(2134) PSYoungGen: 2623311K(2633216K)->144400K(2634752K) Eden: 2473984K(2473984K)->0K(2477568K) From: 149327K(159232K)->144400K(157184K)
[6887.482s][info][gc,heap        ] GC(2134) ParOldGen: 3069382K(3156992K)->3161110K(3161600K)
[6887.482s][info][gc,metaspace   ] GC(2134) Metaspace: 29088K(29504K)->29088K(29504K) NonClass: 24199K(24384K)->24199K(24384K) Class: 4888K(5120K)->4888K(5120K)
[6887.482s][info][gc             ] GC(2134) Pause Young (Allocation Failure) 5559M->3228M(5660M) 95.213ms
[6887.482s][info][gc,cpu         ] GC(2134) User=0.56s Sys=0.00s Real=0.10s
.|.[6889.238s][info][gc,start       ] GC(2135) Pause Young (Allocation Failure)
[6889.342s][info][gc,heap        ] GC(2135) PSYoungGen: 2621968K(2634752K)->149610K(2635776K) Eden: 2477568K(2477568K)->0K(2477568K) From: 144400K(157184K)->149610K(158208K)
[6889.342s][info][gc,heap        ] GC(2135) ParOldGen: 3161110K(3161600K)->3249974K(3250176K)
[6889.342s][info][gc,metaspace   ] GC(2135) Metaspace: 29088K(29504K)->29088K(29504K) NonClass: 24199K(24384K)->24199K(24384K) Class: 4888K(5120K)->4888K(5120K)
[6889.342s][info][gc             ] GC(2135) Pause Young (Allocation Failure) 5647M->3319M(5748M) 103.777ms
[6889.342s][info][gc,cpu         ] GC(2135) User=0.57s Sys=0.03s Real=0.10s
..[6890.927s][info][gc,start       ] GC(2136) Pause Young (Allocation Failure)
[6891.030s][info][gc,heap        ] GC(2136) PSYoungGen: 2627178K(2635776K)->145696K(2635776K) Eden: 2477568K(2477568K)->0K(2479616K) From: 149610K(158208K)->145696K(156160K)
[6891.030s][info][gc,heap        ] GC(2136) ParOldGen: 3249974K(3250176K)->3345638K(3345920K)
[6891.030s][info][gc,metaspace   ] GC(2136) Metaspace: 29088K(29504K)->29088K(29504K) NonClass: 24199K(24384K)->24199K(24384K) Class: 4888K(5120K)->4888K(5120K)
[6891.030s][info][gc             ] GC(2136) Pause Young (Allocation Failure) 5739M->3409M(5841M) 102.264ms
[6891.030s][info][gc,cpu         ] GC(2136) User=0.59s Sys=0.03s Real=0.10s
.[6892.743s][info][gc,start       ] GC(2137) Pause Young (Allocation Failure)
[6892.842s][info][gc,heap        ] GC(2137) PSYoungGen: 2625312K(2635776K)->145024K(2636800K) Eden: 2479616K(2479616K)->0K(2479616K) From: 145696K(156160K)->145024K(157184K)
[6892.842s][info][gc,heap        ] GC(2137) ParOldGen: 3345638K(3345920K)->3436278K(3436544K)
[6892.842s][info][gc,metaspace   ] GC(2137) Metaspace: 29088K(29504K)->29088K(29504K) NonClass: 24199K(24384K)->24199K(24384K) Class: 4888K(5120K)->4888K(5120K)
[6892.842s][info][gc             ] GC(2137) Pause Young (Allocation Failure) 5831M->3497M(5931M) 99.160ms
[6892.842s][info][gc,cpu         ] GC(2137) User=0.57s Sys=0.02s Real=0.10s
..[6894.555s][info][gc,start       ] GC(2138) Pause Young (Allocation Failure)
[6894.660s][info][gc,heap        ] GC(2138) PSYoungGen: 2624640K(2636800K)->150249K(2638336K) Eden: 2479616K(2479616K)->0K(2482176K) From: 145024K(157184K)->150249K(156160K)
[6894.660s][info][gc,heap        ] GC(2138) ParOldGen: 3436278K(3436544K)->3528230K(3528704K)
[6894.660s][info][gc,metaspace   ] GC(2138) Metaspace: 29088K(29504K)->29088K(29504K) NonClass: 24199K(24384K)->24199K(24384K) Class: 4888K(5120K)->4888K(5120K)
[6894.660s][info][gc             ] GC(2138) Pause Young (Allocation Failure) 5918M->3592M(6022M) 105.376ms
[6894.661s][info][gc,cpu         ] GC(2138) User=0.60s Sys=0.02s Real=0.11s
..[6896.358s][info][gc,start       ] GC(2139) Pause Young (Allocation Failure)
[6896.459s][info][gc,heap        ] GC(2139) PSYoungGen: 2632425K(2638336K)->150980K(2633216K) Eden: 2482176K(2482176K)->0K(2482176K) From: 150249K(156160K)->150980K(151040K)
[6896.459s][info][gc,heap        ] GC(2139) ParOldGen: 3528230K(3528704K)->3616790K(3617280K)
[6896.459s][info][gc,metaspace   ] GC(2139) Metaspace: 29088K(29504K)->29088K(29504K) NonClass: 24199K(24384K)->24199K(24384K) Class: 4888K(5120K)->4888K(5120K)
[6896.459s][info][gc             ] GC(2139) Pause Young (Allocation Failure) 6016M->3679M(6104M) 101.372ms
[6896.459s][info][gc,cpu         ] GC(2139) User=0.58s Sys=0.01s Real=0.10s
..[6898.135s][info][gc,start       ] GC(2140) Pause Young (Allocation Failure)
[6898.239s][info][gc,heap        ] GC(2140) PSYoungGen: 2633156K(2633216K)->153280K(2636288K) Eden: 2482176K(2482176K)->0K(2478592K) From: 150980K(151040K)->153280K(157696K)
[6898.239s][info][gc,heap        ] GC(2140) ParOldGen: 3616790K(3617280K)->3711070K(3711488K)
[6898.239s][info][gc,metaspace   ] GC(2140) Metaspace: 29088K(29504K)->29088K(29504K) NonClass: 24199K(24384K)->24199K(24384K) Class: 4888K(5120K)->4888K(5120K)
[6898.239s][info][gc             ] GC(2140) Pause Young (Allocation Failure) 6103M->3773M(6199M) 104.117ms
[6898.239s][info][gc,cpu         ] GC(2140) User=0.59s Sys=0.02s Real=0.11s
..[6899.885s][info][gc,start       ] GC(2141) Pause Young (Allocation Failure)
[6899.986s][info][gc,heap        ] GC(2141) PSYoungGen: 2631872K(2636288K)->145376K(2637312K) Eden: 2478592K(2478592K)->0K(2478592K) From: 153280K(157696K)->145376K(158720K)
[6899.986s][info][gc,heap        ] GC(2141) ParOldGen: 3711070K(3711488K)->3803334K(3803648K)
[6899.986s][info][gc,metaspace   ] GC(2141) Metaspace: 29088K(29504K)->29088K(29504K) NonClass: 24199K(24384K)->24199K(24384K) Class: 4888K(5120K)->4888K(5120K)
[6899.986s][info][gc             ] GC(2141) Pause Young (Allocation Failure) 6194M->3856M(6290M) 101.256ms
[6899.986s][info][gc,cpu         ] GC(2141) User=0.57s Sys=0.04s Real=0.10s
.[6901.745s][info][gc,start       ] GC(2142) Pause Young (Allocation Failure)
[6901.849s][info][gc,heap        ] GC(2142) PSYoungGen: 2623968K(2637312K)->149344K(2635776K) Eden: 2478592K(2478592K)->0K(2479104K) From: 145376K(158720K)->149344K(156672K)
[6901.849s][info][gc,heap        ] GC(2142) ParOldGen: 3803334K(3803648K)->3893118K(3893248K)
[6901.849s][info][gc,metaspace   ] GC(2142) Metaspace: 29088K(29504K)->29088K(29504K) NonClass: 24199K(24384K)->24199K(24384K) Class: 4888K(5120K)->4888K(5120K)
[6901.849s][info][gc             ] GC(2142) Pause Young (Allocation Failure) 6276M->3947M(6376M) 104.920ms
[6901.850s][info][gc,cpu         ] GC(2142) User=0.59s Sys=0.03s Real=0.11s
..[6903.529s][info][gc,start       ] GC(2143) Pause Young (Allocation Failure)
[6903.632s][info][gc,heap        ] GC(2143) PSYoungGen: 2628448K(2635776K)->149513K(2636800K) Eden: 2479104K(2479104K)->0K(2479104K) From: 149344K(156672K)->149513K(157696K)
[6903.632s][info][gc,heap        ] GC(2143) ParOldGen: 3893118K(3893248K)->3986254K(3986432K)
[6903.632s][info][gc,metaspace   ] GC(2143) Metaspace: 29088K(29504K)->29088K(29504K) NonClass: 24199K(24384K)->24199K(24384K) Class: 4888K(5120K)->4888K(5120K)
[6903.632s][info][gc             ] GC(2143) Pause Young (Allocation Failure) 6368M->4038M(6468M) 102.990ms
[6903.633s][info][gc,cpu         ] GC(2143) User=0.57s Sys=0.03s Real=0.10s
..[6905.385s][info][gc,start       ] GC(2144) Pause Young (Allocation Failure)
[6905.488s][info][gc,heap        ] GC(2144) PSYoungGen: 2628617K(2636800K)->144256K(2637824K) Eden: 2479104K(2479104K)->0K(2481152K) From: 149513K(157696K)->144256K(156672K)
[6905.488s][info][gc,heap        ] GC(2144) ParOldGen: 3986254K(3986432K)->4077454K(4077568K)
[6905.488s][info][gc,metaspace   ] GC(2144) Metaspace: 29088K(29504K)->29088K(29504K) NonClass: 24199K(24384K)->24199K(24384K) Class: 4888K(5120K)->4888K(5120K)
[6905.488s][info][gc             ] GC(2144) Pause Young (Allocation Failure) 6459M->4122M(6558M) 102.806ms
[6905.488s][info][gc,cpu         ] GC(2144) User=0.57s Sys=0.04s Real=0.11s
..[6907.108s][info][gc,start       ] GC(2145) Pause Young (Allocation Failure)
[6907.219s][info][gc,heap        ] GC(2145) PSYoungGen: 2625408K(2637824K)->157157K(2638336K) Eden: 2481152K(2481152K)->0K(2481152K) From: 144256K(156672K)->157157K(157184K)
[6907.219s][info][gc,heap        ] GC(2145) ParOldGen: 4077454K(4077568K)->4178190K(4178432K)
[6907.219s][info][gc,metaspace   ] GC(2145) Metaspace: 29088K(29504K)->29088K(29504K) NonClass: 24199K(24384K)->24199K(24384K) Class: 4888K(5120K)->4888K(5120K)
[6907.219s][info][gc             ] GC(2145) Pause Young (Allocation Failure) 6545M->4233M(6657M) 111.120ms
[6907.219s][info][gc,cpu         ] GC(2145) User=0.63s Sys=0.03s Real=0.11s
.[6908.911s][info][gc,start       ] GC(2146) Pause Young (Allocation Failure)
[6909.014s][info][gc,heap        ] GC(2146) PSYoungGen: 2638309K(2638336K)->153088K(2565632K) Eden: 2481152K(2481152K)->0K(2407936K) From: 157157K(157184K)->153088K(157696K)
[6909.014s][info][gc,heap        ] GC(2146) ParOldGen: 4178190K(4178432K)->4266942K(4267008K)
[6909.014s][info][gc,metaspace   ] GC(2146) Metaspace: 29088K(29504K)->29088K(29504K) NonClass: 24199K(24384K)->24199K(24384K) Class: 4888K(5120K)->4888K(5120K)
[6909.014s][info][gc             ] GC(2146) Pause Young (Allocation Failure) 6656M->4316M(6672M) 102.815ms
[6909.014s][info][gc,cpu         ] GC(2146) User=0.58s Sys=0.03s Real=0.10s
..[6910.669s][info][gc,start       ] GC(2147) Pause Young (Allocation Failure)
[6910.768s][info][gc,heap        ] GC(2147) PSYoungGen: 2561024K(2565632K)->140256K(2601984K) Eden: 2407936K(2407936K)->0K(2407936K) From: 153088K(157696K)->140256K(194048K)
[6910.768s][info][gc,heap        ] GC(2147) ParOldGen: 4266942K(4267008K)->4359894K(4360192K)
[6910.768s][info][gc,metaspace   ] GC(2147) Metaspace: 29088K(29504K)->29088K(29504K) NonClass: 24199K(24384K)->24199K(24384K) Class: 4888K(5120K)->4888K(5120K)
[6910.768s][info][gc             ] GC(2147) Pause Young (Allocation Failure) 6667M->4394M(6799M) 99.014ms
[6910.768s][info][gc,cpu         ] GC(2147) User=0.57s Sys=0.02s Real=0.10s
..[6912.434s][info][gc,start       ] GC(2148) Pause Young (Allocation Failure)
[6912.535s][info][gc,heap        ] GC(2148) PSYoungGen: 2548192K(2601984K)->137451K(2600448K) Eden: 2407936K(2407936K)->0K(2408448K) From: 140256K(194048K)->137451K(192000K)
[6912.535s][info][gc,heap        ] GC(2148) ParOldGen: 4359894K(4360192K)->4452278K(4452352K)
[6912.535s][info][gc,metaspace   ] GC(2148) Metaspace: 29088K(29504K)->29088K(29504K) NonClass: 24199K(24384K)->24199K(24384K) Class: 4888K(5120K)->4888K(5120K)
[6912.535s][info][gc             ] GC(2148) Pause Young (Allocation Failure) 6746M->4482M(6887M) 101.096ms
[6912.535s][info][gc,cpu         ] GC(2148) User=0.58s Sys=0.02s Real=0.10s
..[6914.175s][info][gc,start       ] GC(2149) Pause Young (Allocation Failure)
[6914.282s][info][gc,heap        ] GC(2149) PSYoungGen: 2545899K(2600448K)->153732K(2562560K) Eden: 2408448K(2408448K)->0K(2408448K) From: 137451K(192000K)->153732K(154112K)
[6914.282s][info][gc,heap        ] GC(2149) ParOldGen: 4452278K(4452352K)->4541038K(4541440K)
[6914.282s][info][gc,metaspace   ] GC(2149) Metaspace: 29088K(29504K)->29088K(29504K) NonClass: 24199K(24384K)->24199K(24384K) Class: 4888K(5120K)->4888K(5120K)
[6914.282s][info][gc             ] GC(2149) Pause Young (Allocation Failure) 6834M->4584M(6937M) 107.559ms
[6914.282s][info][gc,cpu         ] GC(2149) User=0.61s Sys=0.02s Real=0.11s
.[6915.934s][info][gc,start       ] GC(2150) Pause Young (Allocation Failure)
[6916.040s][info][gc,heap        ] GC(2150) PSYoungGen: 2562180K(2562560K)->155456K(2603520K) Eden: 2408448K(2408448K)->0K(2414080K) From: 153732K(154112K)->155456K(189440K)
[6916.040s][info][gc,heap        ] GC(2150) ParOldGen: 4541038K(4541440K)->4631286K(4631552K)
[6916.040s][info][gc,metaspace   ] GC(2150) Metaspace: 29088K(29504K)->29088K(29504K) NonClass: 24199K(24384K)->24199K(24384K) Class: 4888K(5120K)->4888K(5120K)
[6916.040s][info][gc             ] GC(2150) Pause Young (Allocation Failure) 6936M->4674M(7065M) 105.999ms
[6916.040s][info][gc,cpu         ] GC(2150) User=0.61s Sys=0.01s Real=0.11s
..[6917.633s][info][gc,start       ] GC(2151) Pause Young (Allocation Failure)
[6917.735s][info][gc,heap        ] GC(2151) PSYoungGen: 2569536K(2603520K)->145812K(2600448K) Eden: 2414080K(2414080K)->0K(2414080K) From: 155456K(189440K)->145812K(186368K)
[6917.735s][info][gc,heap        ] GC(2151) ParOldGen: 4631286K(4631552K)->4721590K(4721664K)
[6917.735s][info][gc,metaspace   ] GC(2151) Metaspace: 29088K(29504K)->29088K(29504K) NonClass: 24199K(24384K)->24199K(24384K) Class: 4888K(5120K)->4888K(5120K)
[6917.735s][info][gc             ] GC(2151) Pause Young (Allocation Failure) 7032M->4753M(7150M) 101.692ms
[6917.735s][info][gc,cpu         ] GC(2151) User=0.57s Sys=0.03s Real=0.10s
..[6919.323s][info][gc,start       ] GC(2152) Pause Young (Allocation Failure)
[6919.423s][info][gc,heap        ] GC(2152) PSYoungGen: 2559892K(2600448K)->139648K(2606080K) Eden: 2414080K(2414080K)->0K(2421248K) From: 145812K(186368K)->139648K(184832K)
[6919.423s][info][gc,heap        ] GC(2152) ParOldGen: 4721590K(4721664K)->4812574K(4812800K)
[6919.423s][info][gc,metaspace   ] GC(2152) Metaspace: 29088K(29504K)->29088K(29504K) NonClass: 24199K(24384K)->24199K(24384K) Class: 4888K(5120K)->4888K(5120K)
[6919.423s][info][gc             ] GC(2152) Pause Young (Allocation Failure) 7110M->4836M(7245M) 99.922ms
[6919.423s][info][gc,cpu         ] GC(2152) User=0.56s Sys=0.02s Real=0.10s
.[6921.023s][info][gc,start       ] GC(2153) Pause Young (Allocation Failure)
[6921.127s][info][gc,heap        ] GC(2153) PSYoungGen: 2560896K(2606080K)->144916K(2605056K) Eden: 2421248K(2421248K)->0K(2421248K) From: 139648K(184832K)->144916K(183808K)
[6921.127s][info][gc,heap        ] GC(2153) ParOldGen: 4812574K(4812800K)->4906222K(4906496K)
[6921.127s][info][gc,metaspace   ] GC(2153) Metaspace: 29088K(29504K)->29088K(29504K) NonClass: 24199K(24384K)->24199K(24384K) Class: 4888K(5120K)->4888K(5120K)
[6921.127s][info][gc             ] GC(2153) Pause Young (Allocation Failure) 7200M->4932M(7335M) 104.194ms
[6921.127s][info][gc,cpu         ] GC(2153) User=0.58s Sys=0.03s Real=0.11s
..[6922.820s][info][gc,start       ] GC(2154) Pause Young (Allocation Failure)
[6922.922s][info][gc,heap        ] GC(2154) PSYoungGen: 2566164K(2605056K)->144000K(2610688K) Eden: 2421248K(2421248K)->0K(2428928K) From: 144916K(183808K)->144000K(181760K)
[6922.922s][info][gc,heap        ] GC(2154) ParOldGen: 4906222K(4906496K)->4994126K(4994560K)
[6922.922s][info][gc,metaspace   ] GC(2154) Metaspace: 29088K(29504K)->29088K(29504K) NonClass: 24199K(24384K)->24199K(24384K) Class: 4888K(5120K)->4888K(5120K)
[6922.922s][info][gc             ] GC(2154) Pause Young (Allocation Failure) 7297M->5017M(7427M) 101.759ms
[6922.922s][info][gc,cpu         ] GC(2154) User=0.56s Sys=0.04s Real=0.10s
..[6924.564s][info][gc,start       ] GC(2155) Pause Young (Allocation Failure)
[6924.671s][info][gc,heap        ] GC(2155) PSYoungGen: 2572928K(2610688K)->150283K(2609152K) Eden: 2428928K(2428928K)->0K(2428928K) From: 144000K(181760K)->150283K(180224K)
[6924.671s][info][gc,heap        ] GC(2155) ParOldGen: 4994126K(4994560K)->5084518K(5084672K)
[6924.671s][info][gc,metaspace   ] GC(2155) Metaspace: 29088K(29504K)->29088K(29504K) NonClass: 24199K(24384K)->24199K(24384K) Class: 4888K(5120K)->4888K(5120K)
[6924.671s][info][gc             ] GC(2155) Pause Young (Allocation Failure) 7389M->5112M(7513M) 107.014ms
[6924.671s][info][gc,cpu         ] GC(2155) User=0.60s Sys=0.03s Real=0.11s
..[6926.349s][info][gc,start       ] GC(2156) Pause Young (Allocation Failure)
[6926.450s][info][gc,heap        ] GC(2156) PSYoungGen: 2579211K(2609152K)->138165K(2611712K) Eden: 2428928K(2428928K)->0K(2434560K) From: 150283K(180224K)->138165K(177152K)
[6926.450s][info][gc,heap        ] GC(2156) ParOldGen: 5084518K(5084672K)->5177374K(5177856K)
[6926.450s][info][gc,metaspace   ] GC(2156) Metaspace: 29088K(29504K)->29088K(29504K) NonClass: 24199K(24384K)->24199K(24384K) Class: 4888K(5120K)->4888K(5120K)
[6926.450s][info][gc             ] GC(2156) Pause Young (Allocation Failure) 7484M->5190M(7607M) 100.610ms
[6926.450s][info][gc,cpu         ] GC(2156) User=0.56s Sys=0.04s Real=0.10s
.[6928.145s][info][gc,start       ] GC(2157) Pause Young (Allocation Failure)
[6928.252s][info][gc,heap        ] GC(2157) PSYoungGen: 2572725K(2611712K)->155572K(2611200K) Eden: 2434560K(2434560K)->0K(2434560K) From: 138165K(177152K)->155572K(176640K)
[6928.252s][info][gc,heap        ] GC(2157) ParOldGen: 5177374K(5177856K)->5264870K(5264896K)
[6928.252s][info][gc,metaspace   ] GC(2157) Metaspace: 29088K(29504K)->29088K(29504K) NonClass: 24199K(24384K)->24199K(24384K) Class: 4888K(5120K)->4888K(5120K)
[6928.252s][info][gc             ] GC(2157) Pause Young (Allocation Failure) 7568M->5293M(7691M) 106.274ms
[6928.252s][info][gc,cpu         ] GC(2157) User=0.60s Sys=0.03s Real=0.11s
..[6929.876s][info][gc,start       ] GC(2158) Pause Young (Allocation Failure)
[6929.979s][info][gc,heap        ] GC(2158) PSYoungGen: 2590132K(2611200K)->148784K(2614784K) Eden: 2434560K(2434560K)->0K(2442752K) From: 155572K(176640K)->148784K(172032K)
[6929.979s][info][gc,heap        ] GC(2158) ParOldGen: 5264870K(5264896K)->5356294K(5356544K)
[6929.979s][info][gc,metaspace   ] GC(2158) Metaspace: 29088K(29504K)->29088K(29504K) NonClass: 24199K(24384K)->24199K(24384K) Class: 4888K(5120K)->4888K(5120K)
[6929.979s][info][gc             ] GC(2158) Pause Young (Allocation Failure) 7670M->5376M(7784M) 103.243ms
[6929.979s][info][gc,cpu         ] GC(2158) User=0.59s Sys=0.03s Real=0.11s
..[6931.636s][info][gc,start       ] GC(2159) Pause Young (Allocation Failure)
[6931.742s][info][gc,heap        ] GC(2159) PSYoungGen: 2591536K(2614784K)->150445K(2616832K) Eden: 2442752K(2442752K)->0K(2442752K) From: 148784K(172032K)->150445K(174080K)
[6931.742s][info][gc,heap        ] GC(2159) ParOldGen: 5356294K(5356544K)->5446430K(5446656K)
[6931.742s][info][gc,metaspace   ] GC(2159) Metaspace: 29088K(29504K)->29088K(29504K) NonClass: 24199K(24384K)->24199K(24384K) Class: 4888K(5120K)->4888K(5120K)
[6931.742s][info][gc             ] GC(2159) Pause Young (Allocation Failure) 7761M->5465M(7874M) 106.190ms
[6931.742s][info][gc,cpu         ] GC(2159) User=0.61s Sys=0.03s Real=0.11s
..[6933.443s][info][gc,start       ] GC(2160) Pause Young (Allocation Failure)
[6933.543s][info][gc,heap        ] GC(2160) PSYoungGen: 2593197K(2616832K)->136288K(2621952K) Eden: 2442752K(2442752K)->0K(2449920K) From: 150445K(174080K)->136288K(172032K)
[6933.543s][info][gc,heap        ] GC(2160) ParOldGen: 5446430K(5446656K)->5539302K(5539328K)
[6933.543s][info][gc,metaspace   ] GC(2160) Metaspace: 29088K(29504K)->29088K(29504K) NonClass: 24199K(24384K)->24199K(24384K) Class: 4888K(5120K)->4888K(5120K)
[6933.543s][info][gc             ] GC(2160) Pause Young (Allocation Failure) 7851M->5542M(7970M) 99.982ms
[6933.543s][info][gc,cpu         ] GC(2160) User=0.57s Sys=0.03s Real=0.10s
.[6935.177s][info][gc,start       ] GC(2161) Pause Full (Allocation Failure)
[6935.177s][info][gc,phases,start] GC(2161) Marking Phase
[6935.484s][info][gc,phases      ] GC(2161) Marking Phase 306.471ms
[6935.484s][info][gc,phases,start] GC(2161) Summary Phase
[6935.484s][info][gc,phases      ] GC(2161) Summary Phase 0.125ms
[6935.484s][info][gc,phases,start] GC(2161) Forward
[6935.625s][info][gc,phases      ] GC(2161) Forward 140.699ms
[6935.625s][info][gc,phases,start] GC(2161) Adjust Pointers
[6935.829s][info][gc,phases      ] GC(2161) Adjust Pointers 203.695ms
[6935.829s][info][gc,phases,start] GC(2161) Compaction Phase
[6935.960s][info][gc,phases      ] GC(2161) Compaction Phase 131.117ms
[6935.962s][info][gc,phases,start] GC(2161) Post Compact
[6935.969s][info][gc,phases      ] GC(2161) Post Compact 6.893ms
[6936.104s][info][gc,heap        ] GC(2161) PSYoungGen: 2586208K(2621952K)->0K(2621952K) Eden: 2449920K(2449920K)->0K(2449920K) From: 136288K(172032K)->0K(172032K)
[6936.104s][info][gc,heap        ] GC(2161) ParOldGen: 5539302K(5539328K)->1444298K(1759744K)
[6936.104s][info][gc,metaspace   ] GC(2161) Metaspace: 29088K(29504K)->29088K(29504K) NonClass: 24199K(24384K)->24199K(24384K) Class: 4888K(5120K)->4888K(5120K)
[6936.104s][info][gc             ] GC(2161) Pause Full (Allocation Failure) 7935M->1410M(4279M) 926.635ms
[6936.104s][info][gc,cpu         ] GC(2161) User=4.18s Sys=0.14s Real=0.93s
..[6937.522s][info][gc,start       ] GC(2162) Pause Young (Allocation Failure)
[6937.588s][info][gc,heap        ] GC(2162) PSYoungGen: 2449920K(2621952K)->142657K(2620928K) Eden: 2449920K(2449920K)->0K(2451968K) From: 0K(172032K)->142657K(168960K)
[6937.588s][info][gc,heap        ] GC(2162) ParOldGen: 1444298K(1759744K)->1444298K(1759744K)
[6937.588s][info][gc,metaspace   ] GC(2162) Metaspace: 29088K(29504K)->29088K(29504K) NonClass: 24199K(24384K)->24199K(24384K) Class: 4888K(5120K)->4888K(5120K)
[6937.588s][info][gc             ] GC(2162) Pause Young (Allocation Failure) 3802M->1549M(4278M) 66.897ms
[6937.589s][info][gc,cpu         ] GC(2162) User=0.39s Sys=0.00s Real=0.07s
.[6939.067s][info][gc,start       ] GC(2163) Pause Young (Allocation Failure)
[6939.178s][info][gc,heap        ] GC(2163) PSYoungGen: 2594625K(2620928K)->170474K(2622464K) Eden: 2451968K(2451968K)->0K(2451968K) From: 142657K(168960K)->170474K(170496K)
[6939.178s][info][gc,heap        ] GC(2163) ParOldGen: 1444298K(1759744K)->1540834K(1759744K)
[6939.178s][info][gc,metaspace   ] GC(2163) Metaspace: 29088K(29504K)->29088K(29504K) NonClass: 24199K(24384K)->24199K(24384K) Class: 4888K(5120K)->4888K(5120K)
[6939.178s][info][gc             ] GC(2163) Pause Young (Allocation Failure) 3944M->1671M(4279M) 110.446ms
[6939.178s][info][gc,cpu         ] GC(2163) User=0.65s Sys=0.00s Real=0.12s
.[6940.554s][info][gc,start       ] GC(2164) Pause Young (Allocation Failure)
[6940.701s][info][gc,heap        ] GC(2164) PSYoungGen: 2622442K(2622464K)->155316K(2553856K) Eden: 2451968K(2451968K)->0K(2380288K) From: 170474K(170496K)->155316K(173568K)
[6940.701s][info][gc,heap        ] GC(2164) ParOldGen: 1540834K(1759744K)->1630890K(1759744K)
[6940.701s][info][gc,metaspace   ] GC(2164) Metaspace: 29088K(29504K)->29088K(29504K) NonClass: 24199K(24384K)->24199K(24384K) Class: 4888K(5120K)->4888K(5120K)
[6940.701s][info][gc             ] GC(2164) Pause Young (Allocation Failure) 4065M->1744M(4212M) 147.370ms
[6940.701s][info][gc,cpu         ] GC(2164) User=0.60s Sys=0.00s Real=0.15s
..[6942.207s][info][gc,start       ] GC(2165) Pause Young (Allocation Failure)
[6942.301s][info][gc,heap        ] GC(2165) PSYoungGen: 2535604K(2553856K)->143808K(2588160K) Eden: 2380288K(2380288K)->0K(2380288K) From: 155316K(173568K)->143808K(207872K)
[6942.301s][info][gc,heap        ] GC(2165) ParOldGen: 1630890K(1759744K)->1726450K(1759744K)
[6942.301s][info][gc,metaspace   ] GC(2165) Metaspace: 29088K(29504K)->29088K(29504K) NonClass: 24199K(24384K)->24199K(24384K) Class: 4888K(5120K)->4888K(5120K)
[6942.301s][info][gc             ] GC(2165) Pause Young (Allocation Failure) 4068M->1826M(4246M) 94.524ms
[6942.301s][info][gc,cpu         ] GC(2165) User=0.56s Sys=0.00s Real=0.10s
.[6943.791s][info][gc,start       ] GC(2166) Pause Young (Allocation Failure)
[6943.889s][info][gc,heap        ] GC(2166) PSYoungGen: 2524096K(2588160K)->145248K(2580992K) Eden: 2380288K(2380288K)->0K(2382336K) From: 143808K(207872K)->145248K(198656K)
[6943.889s][info][gc,heap        ] GC(2166) ParOldGen: 1726450K(1759744K)->1814082K(1814528K)
[6943.889s][info][gc,metaspace   ] GC(2166) Metaspace: 29088K(29504K)->29088K(29504K) NonClass: 24199K(24384K)->24199K(24384K) Class: 4888K(5120K)->4888K(5120K)
[6943.889s][info][gc             ] GC(2166) Pause Young (Allocation Failure) 4150M->1913M(4292M) 97.991ms
[6943.889s][info][gc,cpu         ] GC(2166) User=0.57s Sys=0.01s Real=0.10s
..[6945.431s][info][gc,start       ] GC(2167) Pause Young (Allocation Failure)
[6945.530s][info][gc,heap        ] GC(2167) PSYoungGen: 2527584K(2580992K)->144324K(2585600K) Eden: 2382336K(2382336K)->0K(2382336K) From: 145248K(198656K)->144324K(203264K)
[6945.530s][info][gc,heap        ] GC(2167) ParOldGen: 1814082K(1814528K)->1905962K(1906176K)
[6945.530s][info][gc,metaspace   ] GC(2167) Metaspace: 29088K(29504K)->29088K(29504K) NonClass: 24199K(24384K)->24199K(24384K) Class: 4888K(5120K)->4888K(5120K)
[6945.530s][info][gc             ] GC(2167) Pause Young (Allocation Failure) 4239M->2002M(4386M) 99.600ms
[6945.530s][info][gc,cpu         ] GC(2167) User=0.57s Sys=0.03s Real=0.10s
..[6947.143s][info][gc,start       ] GC(2168) Pause Young (Allocation Failure)
[6947.245s][info][gc,heap        ] GC(2168) PSYoungGen: 2526660K(2585600K)->154784K(2581504K) Eden: 2382336K(2382336K)->0K(2392064K) From: 144324K(203264K)->154784K(189440K)
[6947.245s][info][gc,heap        ] GC(2168) ParOldGen: 1905962K(1906176K)->1995186K(1995264K)
[6947.245s][info][gc,metaspace   ] GC(2168) Metaspace: 29088K(29504K)->29088K(29504K) NonClass: 24199K(24384K)->24199K(24384K) Class: 4888K(5120K)->4888K(5120K)
[6947.245s][info][gc             ] GC(2168) Pause Young (Allocation Failure) 4328M->2099M(4469M) 101.853ms
[6947.245s][info][gc,cpu         ] GC(2168) User=0.56s Sys=0.04s Real=0.10s
. (rIR:aIR:PR = 11346:11310:11310) (tPR = 169069) [OK] 
  6948s: Performance info:
         Transaction,    Success,    Partial,     Failed,   Receipts, AvgBarcode, 
             Overall,     683914,          0,          0,     649235,      59.48, 
         Response times:
             Request,    Success,    Partial,     Failed,   SkipFail,     Probes,    Samples,      min,      p50,      p90,      p95,      p99,      max, 
       TotalPurchase,     649525,          0,          0,          0,     335016,     475308,      200,    13700,   142000,   368000,   700000,  1300000,
     InStorePurchase,     340747,          0,          0,          0,     175707,     249540,      300,    13700,   142000,   368000,   700000,  1300000,
      OnlinePurchase,     240572,          0,          0,          0,     123069,     174815,      200,    14000,   144000,   387000,   690000,  1300000,
        InstPurchase,      68206,          0,          0,          0,      36240,      50953,      300,    13000,   142000,   335000,   890000,  1300000,
          AssocOfCat,        686,          0,          0,          0,        549,        847,    23000,    58000,   179600,   366800,   551720,   720000,
      AssocOfProduct,       6921,          0,          0,          0,       3860,       5583,      500,    12900,   138000,   331800,   660000,   730000,
      BusinessReport,       1722,          0,          0,          0,       1492,       2222,    28000,    68000,   207000,   431850,   640000,  1100000,
          CustBuyBeh,       6899,          0,          0,          0,       3931,       5689,      200,    14300,   146000,   346000,   660000,   740000,
       ProductReturn,      18154,          0,          0,          0,       8710,      12545,      300,    15200,   146000,   319000,   660000,   970000,

  6948s: (83%)   IR =  11485 [6948.950s][info][gc,start       ] GC(2169) Pause Young (Allocation Failure)
[6949.051s][info][gc,heap        ] GC(2169) PSYoungGen: 2546848K(2581504K)->146960K(2588160K) Eden: 2392064K(2392064K)->0K(2392064K) From: 154784K(189440K)->146960K(196096K)
[6949.051s][info][gc,heap        ] GC(2169) ParOldGen: 1995186K(1995264K)->2086930K(2087424K)
[6949.051s][info][gc,metaspace   ] GC(2169) Metaspace: 29088K(29504K)->29088K(29504K) NonClass: 24199K(24384K)->24199K(24384K) Class: 4888K(5120K)->4888K(5120K)
[6949.051s][info][gc             ] GC(2169) Pause Young (Allocation Failure) 4435M->2181M(4566M) 100.880ms
[6949.051s][info][gc,cpu         ] GC(2169) User=0.57s Sys=0.02s Real=0.10s
..[6950.593s][info][gc,start       ] GC(2170) Pause Young (Allocation Failure)
[6950.697s][info][gc,heap        ] GC(2170) PSYoungGen: 2539024K(2588160K)->149780K(2591232K) Eden: 2392064K(2392064K)->0K(2406400K) From: 146960K(196096K)->149780K(184832K)
[6950.697s][info][gc,heap        ] GC(2170) ParOldGen: 2086930K(2087424K)->2176914K(2177024K)
[6950.697s][info][gc,metaspace   ] GC(2170) Metaspace: 29088K(29504K)->29088K(29504K) NonClass: 24199K(24384K)->24199K(24384K) Class: 4888K(5120K)->4888K(5120K)
[6950.697s][info][gc             ] GC(2170) Pause Young (Allocation Failure) 4517M->2272M(4656M) 104.349ms
[6950.697s][info][gc,cpu         ] GC(2170) User=0.59s Sys=0.03s Real=0.10s
.[6952.228s][info][gc,start       ] GC(2171) Pause Young (Allocation Failure)
[6952.325s][info][gc,heap        ] GC(2171) PSYoungGen: 2556180K(2591232K)->139184K(2596864K) Eden: 2406400K(2406400K)->0K(2406400K) From: 149780K(184832K)->139184K(190464K)
[6952.325s][info][gc,heap        ] GC(2171) ParOldGen: 2176914K(2177024K)->2264658K(2265088K)
[6952.325s][info][gc,metaspace   ] GC(2171) Metaspace: 29088K(29504K)->29088K(29504K) NonClass: 24199K(24384K)->24199K(24384K) Class: 4888K(5120K)->4888K(5120K)
[6952.325s][info][gc             ] GC(2171) Pause Young (Allocation Failure) 4622M->2347M(4748M) 96.806ms
[6952.325s][info][gc,cpu         ] GC(2171) User=0.55s Sys=0.02s Real=0.09s
..[6954.039s][info][gc,start       ] GC(2172) Pause Young (Allocation Failure)
[6954.141s][info][gc,heap        ] GC(2172) PSYoungGen: 2545584K(2596864K)->149604K(2598400K) Eden: 2406400K(2406400K)->0K(2416128K) From: 139184K(190464K)->149604K(182272K)
[6954.141s][info][gc,heap        ] GC(2172) ParOldGen: 2264658K(2265088K)->2356306K(2356736K)
[6954.141s][info][gc,metaspace   ] GC(2172) Metaspace: 29088K(29504K)->29088K(29504K) NonClass: 24199K(24384K)->24199K(24384K) Class: 4888K(5120K)->4888K(5120K)
[6954.141s][info][gc             ] GC(2172) Pause Young (Allocation Failure) 4697M->2447M(4839M) 102.484ms
[6954.141s][info][gc,cpu         ] GC(2172) User=0.57s Sys=0.04s Real=0.10s
..[6955.682s][info][gc,start       ] GC(2173) Pause Young (Allocation Failure)
[6955.780s][info][gc,heap        ] GC(2173) PSYoungGen: 2565732K(2598400K)->142688K(2602496K) Eden: 2416128K(2416128K)->0K(2416128K) From: 149604K(182272K)->142688K(186368K)
[6955.780s][info][gc,heap        ] GC(2173) ParOldGen: 2356306K(2356736K)->2447746K(2447872K)
[6955.780s][info][gc,metaspace   ] GC(2173) Metaspace: 29088K(29504K)->29088K(29504K) NonClass: 24199K(24384K)->24199K(24384K) Class: 4888K(5120K)->4888K(5120K)
[6955.780s][info][gc             ] GC(2173) Pause Young (Allocation Failure) 4806M->2529M(4932M) 98.070ms
[6955.780s][info][gc,cpu         ] GC(2173) User=0.56s Sys=0.02s Real=0.10s
.[6957.337s][info][gc,start       ] GC(2174) Pause Young (Allocation Failure)
[6957.431s][info][gc,heap        ] GC(2174) PSYoungGen: 2558816K(2602496K)->131712K(2607616K) Eden: 2416128K(2416128K)->0K(2425344K) From: 142688K(186368K)->131712K(182272K)
[6957.431s][info][gc,heap        ] GC(2174) ParOldGen: 2447746K(2447872K)->2540442K(2540544K)
[6957.431s][info][gc,metaspace   ] GC(2174) Metaspace: 29088K(29504K)->29088K(29504K) NonClass: 24199K(24384K)->24199K(24384K) Class: 4888K(5120K)->4888K(5120K)
[6957.431s][info][gc             ] GC(2174) Pause Young (Allocation Failure) 4889M->2609M(5027M) 93.506ms
[6957.431s][info][gc,cpu         ] GC(2174) User=0.53s Sys=0.03s Real=0.10s
..[6959.066s][info][gc,start       ] GC(2175) Pause Young (Allocation Failure)
[6959.167s][info][gc,heap        ] GC(2175) PSYoungGen: 2557056K(2607616K)->152292K(2609664K) Eden: 2425344K(2425344K)->0K(2425344K) From: 131712K(182272K)->152292K(184320K)
[6959.167s][info][gc,heap        ] GC(2175) ParOldGen: 2540442K(2540544K)->2628242K(2628608K)
[6959.167s][info][gc,metaspace   ] GC(2175) Metaspace: 29088K(29504K)->29088K(29504K) NonClass: 24199K(24384K)->24199K(24384K) Class: 4888K(5120K)->4888K(5120K)
[6959.167s][info][gc             ] GC(2175) Pause Young (Allocation Failure) 4978M->2715M(5115M) 101.884ms
[6959.167s][info][gc,cpu         ] GC(2175) User=0.58s Sys=0.03s Real=0.11s
..[6960.713s][info][gc,start       ] GC(2176) Pause Young (Allocation Failure)
[6960.812s][info][gc,heap        ] GC(2176) PSYoungGen: 2577636K(2609664K)->146544K(2605568K) Eden: 2425344K(2425344K)->0K(2429440K) From: 152292K(184320K)->146544K(176128K)
[6960.812s][info][gc,heap        ] GC(2176) ParOldGen: 2628242K(2628608K)->2719482K(2719744K)
[6960.812s][info][gc,metaspace   ] GC(2176) Metaspace: 29088K(29504K)->29088K(29504K) NonClass: 24199K(24384K)->24199K(24384K) Class: 4888K(5120K)->4888K(5120K)
[6960.812s][info][gc             ] GC(2176) Pause Young (Allocation Failure) 5083M->2798M(5200M) 99.015ms
[6960.812s][info][gc,cpu         ] GC(2176) User=0.55s Sys=0.04s Real=0.10s
.[6962.450s][info][gc,start       ] GC(2177) Pause Young (Allocation Failure)
[6962.547s][info][gc,heap        ] GC(2177) PSYoungGen: 2575984K(2605568K)->137504K(2608640K) Eden: 2429440K(2429440K)->0K(2429440K) From: 146544K(176128K)->137504K(179200K)
[6962.547s][info][gc,heap        ] GC(2177) ParOldGen: 2719482K(2719744K)->2810602K(2810880K)
[6962.547s][info][gc,metaspace   ] GC(2177) Metaspace: 29088K(29504K)->29088K(29504K) NonClass: 24199K(24384K)->24199K(24384K) Class: 4888K(5120K)->4888K(5120K)
[6962.547s][info][gc             ] GC(2177) Pause Young (Allocation Failure) 5171M->2879M(5292M) 96.780ms
[6962.547s][info][gc,cpu         ] GC(2177) User=0.55s Sys=0.02s Real=0.09s
..[6964.252s][info][gc,start       ] GC(2178) Pause Young (Allocation Failure)
[6964.353s][info][gc,heap        ] GC(2178) PSYoungGen: 2566944K(2608640K)->139824K(2612224K) Eden: 2429440K(2429440K)->0K(2438144K) From: 137504K(179200K)->139824K(174080K)
[6964.353s][info][gc,heap        ] GC(2178) ParOldGen: 2810602K(2810880K)->2901594K(2902016K)
[6964.353s][info][gc,metaspace   ] GC(2178) Metaspace: 29088K(29504K)->29088K(29504K) NonClass: 24199K(24384K)->24199K(24384K) Class: 4888K(5120K)->4888K(5120K)
[6964.353s][info][gc             ] GC(2178) Pause Young (Allocation Failure) 5251M->2970M(5385M) 100.245ms
[6964.353s][info][gc,cpu         ] GC(2178) User=0.56s Sys=0.03s Real=0.10s
..[6966.040s][info][gc,start       ] GC(2179) Pause Young (Allocation Failure)
[6966.141s][info][gc,heap        ] GC(2179) PSYoungGen: 2577968K(2612224K)->149554K(2614784K) Eden: 2438144K(2438144K)->0K(2438144K) From: 139824K(174080K)->149554K(176640K)
[6966.141s][info][gc,heap        ] GC(2179) ParOldGen: 2901594K(2902016K)->2989466K(2989568K)
[6966.141s][info][gc,metaspace   ] GC(2179) Metaspace: 29088K(29504K)->29088K(29504K) NonClass: 24199K(24384K)->24199K(24384K) Class: 4888K(5120K)->4888K(5120K)
[6966.141s][info][gc             ] GC(2179) Pause Young (Allocation Failure) 5351M->3065M(5473M) 101.537ms
[6966.141s][info][gc,cpu         ] GC(2179) User=0.58s Sys=0.02s Real=0.10s
.|.[6967.826s][info][gc,start       ] GC(2180) Pause Young (Allocation Failure)
[6967.928s][info][gc,heap        ] GC(2180) PSYoungGen: 2587698K(2614784K)->146534K(2613760K) Eden: 2438144K(2438144K)->0K(2444800K) From: 149554K(176640K)->146534K(168960K)
[6967.928s][info][gc,heap        ] GC(2180) ParOldGen: 2989466K(2989568K)->3081250K(3081728K)
[6967.929s][info][gc,metaspace   ] GC(2180) Metaspace: 29088K(29504K)->29088K(29504K) NonClass: 24199K(24384K)->24199K(24384K) Class: 4888K(5120K)->4888K(5120K)
[6967.929s][info][gc             ] GC(2180) Pause Young (Allocation Failure) 5446M->3152M(5562M) 102.158ms
[6967.929s][info][gc,cpu         ] GC(2180) User=0.57s Sys=0.02s Real=0.11s
.[6969.544s][info][gc,start       ] GC(2181) Pause Young (Allocation Failure)
[6969.647s][info][gc,heap        ] GC(2181) PSYoungGen: 2584129K(2613760K)->146564K(2616832K) Eden: 2437594K(2444800K)->0K(2444800K) From: 146534K(168960K)->146564K(172032K)
[6969.647s][info][gc,heap        ] GC(2181) ParOldGen: 3081250K(3081728K)->3174602K(3174912K)
[6969.647s][info][gc,metaspace   ] GC(2181) Metaspace: 29088K(29504K)->29088K(29504K) NonClass: 24199K(24384K)->24199K(24384K) Class: 4888K(5120K)->4888K(5120K)
[6969.647s][info][gc             ] GC(2181) Pause Young (Allocation Failure) 5532M->3243M(5656M) 102.671ms
[6969.647s][info][gc,cpu         ] GC(2181) User=0.58s Sys=0.03s Real=0.10s
..[6971.348s][info][gc,start       ] GC(2182) Pause Young (Allocation Failure)
[6971.446s][info][gc,heap        ] GC(2182) PSYoungGen: 2591364K(2616832K)->139760K(2620928K) Eden: 2444800K(2444800K)->0K(2454016K) From: 146564K(172032K)->139760K(166912K)
[6971.446s][info][gc,heap        ] GC(2182) ParOldGen: 3174602K(3174912K)->3261826K(3261952K)
[6971.446s][info][gc,metaspace   ] GC(2182) Metaspace: 29088K(29504K)->29088K(29504K) NonClass: 24199K(24384K)->24199K(24384K) Class: 4888K(5120K)->4888K(5120K)
[6971.446s][info][gc             ] GC(2182) Pause Young (Allocation Failure) 5630M->3321M(5745M) 97.832ms
[6971.446s][info][gc,cpu         ] GC(2182) User=0.56s Sys=0.01s Real=0.09s
..[6973.096s][info][gc,start       ] GC(2183) Pause Young (Allocation Failure)
[6973.195s][info][gc,heap        ] GC(2183) PSYoungGen: 2593776K(2620928K)->143168K(2622976K) Eden: 2454016K(2454016K)->0K(2454016K) From: 139760K(166912K)->143168K(168960K)
[6973.195s][info][gc,heap        ] GC(2183) ParOldGen: 3261826K(3261952K)->3353874K(3354112K)
[6973.195s][info][gc,metaspace   ] GC(2183) Metaspace: 29088K(29504K)->29088K(29504K) NonClass: 24199K(24384K)->24199K(24384K) Class: 4888K(5120K)->4888K(5120K)
[6973.195s][info][gc             ] GC(2183) Pause Young (Allocation Failure) 5718M->3415M(5837M) 98.768ms
[6973.195s][info][gc,cpu         ] GC(2183) User=0.57s Sys=0.02s Real=0.10s
..[6974.881s][info][gc,start       ] GC(2184) Pause Young (Allocation Failure)
[6974.984s][info][gc,heap        ] GC(2184) PSYoungGen: 2597184K(2622976K)->154160K(2626560K) Eden: 2454016K(2454016K)->0K(2459136K) From: 143168K(168960K)->154160K(167424K)
[6974.984s][info][gc,heap        ] GC(2184) ParOldGen: 3353874K(3354112K)->3442466K(3442688K)
[6974.984s][info][gc,metaspace   ] GC(2184) Metaspace: 29088K(29504K)->29088K(29504K) NonClass: 24199K(24384K)->24199K(24384K) Class: 4888K(5120K)->4888K(5120K)
[6974.984s][info][gc             ] GC(2184) Pause Young (Allocation Failure) 5811M->3512M(5927M) 103.389ms
[6974.984s][info][gc,cpu         ] GC(2184) User=0.59s Sys=0.02s Real=0.10s
.[6976.590s][info][gc,start       ] GC(2185) Pause Young (Allocation Failure)
[6976.695s][info][gc,heap        ] GC(2185) PSYoungGen: 2613296K(2626560K)->152340K(2627584K) Eden: 2459136K(2459136K)->0K(2459136K) From: 154160K(167424K)->152340K(168448K)
[6976.695s][info][gc,heap        ] GC(2185) ParOldGen: 3442466K(3442688K)->3536018K(3536384K)
[6976.695s][info][gc,metaspace   ] GC(2185) Metaspace: 29088K(29504K)->29088K(29504K) NonClass: 24199K(24384K)->24199K(24384K) Class: 4888K(5120K)->4888K(5120K)
[6976.695s][info][gc             ] GC(2185) Pause Young (Allocation Failure) 5913M->3601M(6019M) 105.479ms
[6976.695s][info][gc,cpu         ] GC(2185) User=0.59s Sys=0.02s Real=0.10s
..[6978.292s][info][gc,start       ] GC(2186) Pause Young (Allocation Failure)
[6978.393s][info][gc,heap        ] GC(2186) PSYoungGen: 2611476K(2627584K)->147488K(2622976K) Eden: 2459136K(2459136K)->0K(2459648K) From: 152340K(168448K)->147488K(163328K)
[6978.393s][info][gc,heap        ] GC(2186) ParOldGen: 3536018K(3536384K)->3624890K(3624960K)
[6978.393s][info][gc,metaspace   ] GC(2186) Metaspace: 29088K(29504K)->29088K(29504K) NonClass: 24199K(24384K)->24199K(24384K) Class: 4888K(5120K)->4888K(5120K)
[6978.393s][info][gc             ] GC(2186) Pause Young (Allocation Failure) 6003M->3683M(6101M) 100.509ms
[6978.393s][info][gc,cpu         ] GC(2186) User=0.56s Sys=0.03s Real=0.10s
..[6980.082s][info][gc,start       ] GC(2187) Pause Young (Allocation Failure)
[6980.189s][info][gc,heap        ] GC(2187) PSYoungGen: 2607136K(2622976K)->156391K(2625536K) Eden: 2459648K(2459648K)->0K(2459648K) From: 147488K(163328K)->156391K(165888K)
[6980.189s][info][gc,heap        ] GC(2187) ParOldGen: 3624890K(3624960K)->3718274K(3718656K)
[6980.189s][info][gc,metaspace   ] GC(2187) Metaspace: 29088K(29504K)->29088K(29504K) NonClass: 24199K(24384K)->24199K(24384K) Class: 4888K(5120K)->4888K(5120K)
[6980.189s][info][gc             ] GC(2187) Pause Young (Allocation Failure) 6085M->3783M(6195M) 107.203ms
[6980.189s][info][gc,cpu         ] GC(2187) User=0.61s Sys=0.03s Real=0.11s
..[6981.882s][info][gc,start       ] GC(2188) Pause Young (Allocation Failure)
[6981.985s][info][gc,heap        ] GC(2188) PSYoungGen: 2616039K(2625536K)->147461K(2628608K) Eden: 2459648K(2459648K)->0K(2462720K) From: 156391K(165888K)->147461K(165888K)
[6981.985s][info][gc,heap        ] GC(2188) ParOldGen: 3718274K(3718656K)->3809090K(3809280K)
[6981.985s][info][gc,metaspace   ] GC(2188) Metaspace: 29088K(29504K)->29088K(29504K) NonClass: 24199K(24384K)->24199K(24384K) Class: 4888K(5120K)->4888K(5120K)
[6981.985s][info][gc             ] GC(2188) Pause Young (Allocation Failure) 6185M->3863M(6287M) 103.609ms
[6981.985s][info][gc,cpu         ] GC(2188) User=0.58s Sys=0.03s Real=0.10s
.[6983.576s][info][gc,start       ] GC(2189) Pause Young (Allocation Failure)
[6983.672s][info][gc,heap        ] GC(2189) PSYoungGen: 2610181K(2628608K)->138592K(2628608K) Eden: 2462720K(2462720K)->0K(2462720K) From: 147461K(165888K)->138592K(165888K)
[6983.672s][info][gc,heap        ] GC(2189) ParOldGen: 3809090K(3809280K)->3898362K(3898368K)
[6983.672s][info][gc,metaspace   ] GC(2189) Metaspace: 29088K(29504K)->29088K(29504K) NonClass: 24199K(24384K)->24199K(24384K) Class: 4888K(5120K)->4888K(5120K)
[6983.672s][info][gc             ] GC(2189) Pause Young (Allocation Failure) 6268M->3942M(6374M) 95.675ms
[6983.672s][info][gc,cpu         ] GC(2189) User=0.54s Sys=0.03s Real=0.10s
..[6985.297s][info][gc,start       ] GC(2190) Pause Young (Allocation Failure)
[6985.399s][info][gc,heap        ] GC(2190) PSYoungGen: 2601312K(2628608K)->145443K(2627072K) Eden: 2462720K(2462720K)->0K(2464256K) From: 138592K(165888K)->145443K(162816K)
[6985.399s][info][gc,heap        ] GC(2190) ParOldGen: 3898362K(3898368K)->3987826K(3987968K)
[6985.399s][info][gc,metaspace   ] GC(2190) Metaspace: 29088K(29504K)->29088K(29504K) NonClass: 24199K(24384K)->24199K(24384K) Class: 4888K(5120K)->4888K(5120K)
[6985.399s][info][gc             ] GC(2190) Pause Young (Allocation Failure) 6347M->4036M(6460M) 102.159ms
[6985.399s][info][gc,cpu         ] GC(2190) User=0.57s Sys=0.03s Real=0.11s
..[6987.071s][info][gc,start       ] GC(2191) Pause Young (Allocation Failure)
[6987.178s][info][gc,heap        ] GC(2191) PSYoungGen: 2609699K(2627072K)->152870K(2628608K) Eden: 2464256K(2464256K)->0K(2464256K) From: 145443K(162816K)->152870K(164352K)
[6987.178s][info][gc,heap        ] GC(2191) ParOldGen: 3987826K(3987968K)->4079874K(4080128K)
[6987.178s][info][gc,metaspace   ] GC(2191) Metaspace: 29088K(29504K)->29088K(29504K) NonClass: 24199K(24384K)->24199K(24384K) Class: 4888K(5120K)->4888K(5120K)
[6987.178s][info][gc             ] GC(2191) Pause Young (Allocation Failure) 6442M->4133M(6551M) 106.099ms
[6987.178s][info][gc,cpu         ] GC(2191) User=0.60s Sys=0.03s Real=0.11s
..[6988.835s][info][gc,start       ] GC(2192) Pause Young (Allocation Failure)
[6988.937s][info][gc,heap        ] GC(2192) PSYoungGen: 2617126K(2628608K)->150101K(2630144K) Eden: 2464256K(2464256K)->0K(2466816K) From: 152870K(164352K)->150101K(163328K)
[6988.937s][info][gc,heap        ] GC(2192) ParOldGen: 4079874K(4080128K)->4171338K(4171776K)
[6988.937s][info][gc,metaspace   ] GC(2192) Metaspace: 29088K(29504K)->29088K(29504K) NonClass: 24199K(24384K)->24199K(24384K) Class: 4888K(5120K)->4888K(5120K)
[6988.937s][info][gc             ] GC(2192) Pause Young (Allocation Failure) 6540M->4220M(6642M) 101.941ms
[6988.937s][info][gc,cpu         ] GC(2192) User=0.58s Sys=0.02s Real=0.10s
.[6990.552s][info][gc,start       ] GC(2193) Pause Young (Allocation Failure)
[6990.660s][info][gc,heap        ] GC(2193) PSYoungGen: 2616917K(2630144K)->149008K(2630656K) Eden: 2466816K(2466816K)->0K(2466816K) From: 150101K(163328K)->149008K(163840K)
[6990.660s][info][gc,heap        ] GC(2193) ParOldGen: 4171338K(4171776K)->4265194K(4265472K)
[6990.660s][info][gc,metaspace   ] GC(2193) Metaspace: 29088K(29504K)->29088K(29504K) NonClass: 24199K(24384K)->24199K(24384K) Class: 4888K(5120K)->4888K(5120K)
[6990.660s][info][gc             ] GC(2193) Pause Young (Allocation Failure) 6629M->4310M(6734M) 108.115ms
[6990.660s][info][gc,cpu         ] GC(2193) User=0.60s Sys=0.02s Real=0.11s
..[6992.327s][info][gc,start       ] GC(2194) Pause Young (Allocation Failure)
[6992.430s][info][gc,heap        ] GC(2194) PSYoungGen: 2615824K(2630656K)->145077K(2630656K) Eden: 2466816K(2466816K)->0K(2469376K) From: 149008K(163840K)->145077K(161280K)
[6992.430s][info][gc,heap        ] GC(2194) ParOldGen: 4265194K(4265472K)->4356418K(4356608K)
[6992.430s][info][gc,metaspace   ] GC(2194) Metaspace: 29088K(29504K)->29088K(29504K) NonClass: 24199K(24384K)->24199K(24384K) Class: 4888K(5120K)->4888K(5120K)
[6992.430s][info][gc             ] GC(2194) Pause Young (Allocation Failure) 6719M->4395M(6823M) 102.478ms
[6992.430s][info][gc,cpu         ] GC(2194) User=0.57s Sys=0.03s Real=0.10s
..[6994.077s][info][gc,start       ] GC(2195) Pause Young (Allocation Failure)
[6994.177s][info][gc,heap        ] GC(2195) PSYoungGen: 2614453K(2630656K)->146144K(2631168K) Eden: 2469376K(2469376K)->0K(2469376K) From: 145077K(161280K)->146144K(161792K)
[6994.177s][info][gc,heap        ] GC(2195) ParOldGen: 4356418K(4356608K)->4448026K(4448256K)
[6994.177s][info][gc,metaspace   ] GC(2195) Metaspace: 29088K(29504K)->29088K(29504K) NonClass: 24199K(24384K)->24199K(24384K) Class: 4888K(5120K)->4888K(5120K)
[6994.177s][info][gc             ] GC(2195) Pause Young (Allocation Failure) 6807M->4486M(6913M) 100.190ms
[6994.177s][info][gc,cpu         ] GC(2195) User=0.56s Sys=0.03s Real=0.11s
..[6995.841s][info][gc,start       ] GC(2196) Pause Young (Allocation Failure)
[6995.943s][info][gc,heap        ] GC(2196) PSYoungGen: 2615520K(2631168K)->150016K(2633728K) Eden: 2469376K(2469376K)->0K(2473472K) From: 146144K(161792K)->150016K(160256K)
[6995.943s][info][gc,heap        ] GC(2196) ParOldGen: 4448026K(4448256K)->4538410K(4538880K)
[6995.943s][info][gc,metaspace   ] GC(2196) Metaspace: 29088K(29504K)->29088K(29504K) NonClass: 24199K(24384K)->24199K(24384K) Class: 4888K(5120K)->4888K(5120K)
[6995.943s][info][gc             ] GC(2196) Pause Young (Allocation Failure) 6897M->4578M(7004M) 102.345ms
[6995.943s][info][gc,cpu         ] GC(2196) User=0.58s Sys=0.02s Real=0.10s
.[6997.589s][info][gc,start       ] GC(2197) Pause Young (Allocation Failure)
[6997.695s][info][gc,heap        ] GC(2197) PSYoungGen: 2623488K(2633728K)->150496K(2633728K) Eden: 2473472K(2473472K)->0K(2473472K) From: 150016K(160256K)->150496K(160256K)
[6997.695s][info][gc,heap        ] GC(2197) ParOldGen: 4538410K(4538880K)->4630962K(4631040K)
[6997.695s][info][gc,metaspace   ] GC(2197) Metaspace: 29088K(29504K)->29088K(29504K) NonClass: 24199K(24384K)->24199K(24384K) Class: 4888K(5120K)->4888K(5120K)
[6997.695s][info][gc             ] GC(2197) Pause Young (Allocation Failure) 6994M->4669M(7094M) 105.931ms
[6997.695s][info][gc,cpu         ] GC(2197) User=0.60s Sys=0.02s Real=0.10s
..[6999.323s][info][gc,start       ] GC(2198) Pause Young (Allocation Failure)
[6999.423s][info][gc,heap        ] GC(2198) PSYoungGen: 2623968K(2633728K)->135409K(2633728K) Eden: 2473472K(2473472K)->0K(2473472K) From: 150496K(160256K)->135409K(160256K)
[6999.423s][info][gc,heap        ] GC(2198) ParOldGen: 4630962K(4631040K)->4724418K(4724736K)
[6999.423s][info][gc,metaspace   ] GC(2198) Metaspace: 29088K(29504K)->29088K(29504K) NonClass: 24199K(24384K)->24199K(24384K) Class: 4888K(5120K)->4888K(5120K)
[6999.423s][info][gc             ] GC(2198) Pause Young (Allocation Failure) 7084M->4745M(7186M) 99.901ms
[6999.423s][info][gc,cpu         ] GC(2198) User=0.56s Sys=0.03s Real=0.10s
..[7001.070s][info][gc,start       ] GC(2199) Pause Young (Allocation Failure)
[7001.172s][info][gc,heap        ] GC(2199) PSYoungGen: 2608881K(2633728K)->153136K(2627072K) Eden: 2473472K(2473472K)->0K(2473472K) From: 135409K(160256K)->153136K(153600K)
[7001.172s][info][gc,heap        ] GC(2199) ParOldGen: 4724418K(4724736K)->4812786K(4812800K)
[7001.172s][info][gc,metaspace   ] GC(2199) Metaspace: 29088K(29504K)->29088K(29504K) NonClass: 24199K(24384K)->24199K(24384K) Class: 4888K(5120K)->4888K(5120K)
[7001.172s][info][gc             ] GC(2199) Pause Young (Allocation Failure) 7161M->4849M(7265M) 102.609ms
[7001.172s][info][gc,cpu         ] GC(2199) User=0.59s Sys=0.02s Real=0.10s
.[7002.837s][info][gc,start       ] GC(2200) Pause Young (Allocation Failure)
[7002.937s][info][gc,heap        ] GC(2200) PSYoungGen: 2626608K(2627072K)->142656K(2634752K) Eden: 2473472K(2473472K)->0K(2472960K) From: 153136K(153600K)->142656K(161792K)
[7002.937s][info][gc,heap        ] GC(2200) ParOldGen: 4812786K(4812800K)->4907234K(4907520K)
[7002.937s][info][gc,metaspace   ] GC(2200) Metaspace: 29088K(29504K)->29088K(29504K) NonClass: 24199K(24384K)->24199K(24384K) Class: 4888K(5120K)->4888K(5120K)
[7002.937s][info][gc             ] GC(2200) Pause Young (Allocation Failure) 7265M->4931M(7365M) 100.312ms
[7002.937s][info][gc,cpu         ] GC(2200) User=0.56s Sys=0.03s Real=0.10s
..[7004.672s][info][gc,start       ] GC(2201) Pause Young (Allocation Failure)
[7004.773s][info][gc,heap        ] GC(2201) PSYoungGen: 2615616K(2634752K)->148224K(2621440K) Eden: 2472960K(2472960K)->0K(2472960K) From: 142656K(161792K)->148224K(148480K)
[7004.773s][info][gc,heap        ] GC(2201) ParOldGen: 4907234K(4907520K)->4997042K(4997120K)
[7004.773s][info][gc,metaspace   ] GC(2201) Metaspace: 29088K(29504K)->29088K(29504K) NonClass: 24199K(24384K)->24199K(24384K) Class: 4888K(5120K)->4888K(5120K)
[7004.773s][info][gc             ] GC(2201) Pause Young (Allocation Failure) 7346M->5024M(7440M) 101.662ms
[7004.773s][info][gc,cpu         ] GC(2201) User=0.57s Sys=0.04s Real=0.10s
..[7006.388s][info][gc,start       ] GC(2202) Pause Young (Allocation Failure)
[7006.487s][info][gc,heap        ] GC(2202) PSYoungGen: 2621184K(2621440K)->133728K(2632192K) Eden: 2472960K(2472960K)->0K(2471936K) From: 148224K(148480K)->133728K(160256K)
[7006.487s][info][gc,heap        ] GC(2202) ParOldGen: 4997042K(4997120K)->5091850K(5092352K)
[7006.487s][info][gc,metaspace   ] GC(2202) Metaspace: 29088K(29504K)->29088K(29504K) NonClass: 24199K(24384K)->24199K(24384K) Class: 4888K(5120K)->4888K(5120K)
[7006.487s][info][gc             ] GC(2202) Pause Young (Allocation Failure) 7439M->5103M(7543M) 98.459ms
[7006.487s][info][gc,cpu         ] GC(2202) User=0.56s Sys=0.02s Real=0.09s
..[7008.203s][info][gc,start       ] GC(2203) Pause Young (Allocation Failure)
[7008.308s][info][gc,heap        ] GC(2203) PSYoungGen: 2605664K(2632192K)->160512K(2632704K) Eden: 2471936K(2471936K)->0K(2471936K) From: 133728K(160256K)->160512K(160768K)
[7008.308s][info][gc,heap        ] GC(2203) ParOldGen: 5091850K(5092352K)->5178138K(5178368K)
[7008.308s][info][gc,metaspace   ] GC(2203) Metaspace: 29088K(29504K)->29088K(29504K) NonClass: 24199K(24384K)->24199K(24384K) Class: 4888K(5120K)->4888K(5120K)
[7008.308s][info][gc             ] GC(2203) Pause Young (Allocation Failure) 7517M->5213M(7628M) 104.955ms
[7008.308s][info][gc,cpu         ] GC(2203) User=0.61s Sys=0.02s Real=0.11s
.[7009.951s][info][gc,start       ] GC(2204) Pause Young (Allocation Failure)
[7010.057s][info][gc,heap        ] GC(2204) PSYoungGen: 2632448K(2632704K)->150768K(2629632K) Eden: 2471936K(2471936K)->0K(2466304K) From: 160512K(160768K)->150768K(163328K)
[7010.057s][info][gc,heap        ] GC(2204) ParOldGen: 5178138K(5178368K)->5273770K(5274112K)
[7010.057s][info][gc,metaspace   ] GC(2204) Metaspace: 29088K(29504K)->29088K(29504K) NonClass: 24199K(24384K)->24199K(24384K) Class: 4888K(5120K)->4888K(5120K)
[7010.057s][info][gc             ] GC(2204) Pause Young (Allocation Failure) 7627M->5297M(7718M) 105.735ms
[7010.057s][info][gc,cpu         ] GC(2204) User=0.61s Sys=0.03s Real=0.10s
..[7011.640s][info][gc,start       ] GC(2205) Pause Young (Allocation Failure)
[7011.746s][info][gc,heap        ] GC(2205) PSYoungGen: 2617072K(2629632K)->154773K(2621440K) Eden: 2466304K(2466304K)->0K(2466304K) From: 150768K(163328K)->154773K(155136K)
[7011.746s][info][gc,heap        ] GC(2205) ParOldGen: 5273770K(5274112K)->5363762K(5364224K)
[7011.746s][info][gc,metaspace   ] GC(2205) Metaspace: 29088K(29504K)->29088K(29504K) NonClass: 24199K(24384K)->24199K(24384K) Class: 4888K(5120K)->4888K(5120K)
[7011.746s][info][gc             ] GC(2205) Pause Young (Allocation Failure) 7705M->5389M(7798M) 105.630ms
[7011.746s][info][gc,cpu         ] GC(2205) User=0.59s Sys=0.03s Real=0.10s
..[7013.332s][info][gc,start       ] GC(2206) Pause Young (Allocation Failure)
[7013.433s][info][gc,heap        ] GC(2206) PSYoungGen: 2621077K(2621440K)->140649K(2630656K) Eden: 2466304K(2466304K)->0K(2464768K) From: 154773K(155136K)->140649K(165888K)
[7013.433s][info][gc,heap        ] GC(2206) ParOldGen: 5363762K(5364224K)->5458242K(5458432K)
[7013.433s][info][gc,metaspace   ] GC(2206) Metaspace: 29088K(29504K)->29088K(29504K) NonClass: 24199K(24384K)->24199K(24384K) Class: 4888K(5120K)->4888K(5120K)
[7013.433s][info][gc             ] GC(2206) Pause Young (Allocation Failure) 7797M->5467M(7899M) 101.521ms
[7013.433s][info][gc,cpu         ] GC(2206) User=0.57s Sys=0.03s Real=0.10s
.[7015.155s][info][gc,start       ] GC(2207) Pause Young (Allocation Failure)
[7015.262s][info][gc,heap        ] GC(2207) PSYoungGen: 2605417K(2630656K)->154496K(2619392K) Eden: 2464768K(2464768K)->0K(2464768K) From: 140649K(165888K)->154496K(154624K)
[7015.262s][info][gc,heap        ] GC(2207) ParOldGen: 5458242K(5458432K)->5549506K(5549568K)
[7015.262s][info][gc,metaspace   ] GC(2207) Metaspace: 29088K(29504K)->29088K(29504K) NonClass: 24199K(24384K)->24199K(24384K) Class: 4888K(5120K)->4888K(5120K)
[7015.262s][info][gc             ] GC(2207) Pause Young (Allocation Failure) 7874M->5570M(7977M) 107.771ms
[7015.262s][info][gc,cpu         ] GC(2207) User=0.60s Sys=0.03s Real=0.11s
..[7016.900s][info][gc,start       ] GC(2208) Pause Full (Allocation Failure)
[7016.900s][info][gc,phases,start] GC(2208) Marking Phase
[7017.202s][info][gc,phases      ] GC(2208) Marking Phase 301.898ms
[7017.202s][info][gc,phases,start] GC(2208) Summary Phase
[7017.202s][info][gc,phases      ] GC(2208) Summary Phase 0.109ms
[7017.203s][info][gc,phases,start] GC(2208) Forward
[7017.337s][info][gc,phases      ] GC(2208) Forward 134.604ms
[7017.337s][info][gc,phases,start] GC(2208) Adjust Pointers
[7017.535s][info][gc,phases      ] GC(2208) Adjust Pointers 197.736ms
[7017.535s][info][gc,phases,start] GC(2208) Compaction Phase
[7017.664s][info][gc,phases      ] GC(2208) Compaction Phase 129.149ms
[7017.665s][info][gc,phases,start] GC(2208) Post Compact
[7017.672s][info][gc,phases      ] GC(2208) Post Compact 6.936ms
[7017.816s][info][gc,heap        ] GC(2208) PSYoungGen: 2619264K(2619392K)->0K(2629632K) Eden: 2464768K(2464768K)->0K(2463232K) From: 154496K(154624K)->0K(166400K)
[7017.816s][info][gc,heap        ] GC(2208) ParOldGen: 5549506K(5549568K)->1434202K(1757184K)
[7017.816s][info][gc,metaspace   ] GC(2208) Metaspace: 29088K(29504K)->29083K(29504K) NonClass: 24199K(24384K)->24196K(24384K) Class: 4888K(5120K)->4886K(5120K)
[7017.816s][info][gc             ] GC(2208) Pause Full (Allocation Failure) 7977M->1400M(4284M) 915.849ms
[7017.816s][info][gc,cpu         ] GC(2208) User=4.08s Sys=0.15s Real=0.91s
..[7019.174s][info][gc,start       ] GC(2209) Pause Young (Allocation Failure)
[7019.249s][info][gc,heap        ] GC(2209) PSYoungGen: 2463232K(2629632K)->166384K(2629632K) Eden: 2463232K(2463232K)->0K(2463232K) From: 0K(166400K)->166384K(166400K)
[7019.249s][info][gc,heap        ] GC(2209) ParOldGen: 1434202K(1757184K)->1434914K(1757184K)
[7019.249s][info][gc,metaspace   ] GC(2209) Metaspace: 29083K(29504K)->29083K(29504K) NonClass: 24196K(24384K)->24196K(24384K) Class: 4886K(5120K)->4886K(5120K)
[7019.249s][info][gc             ] GC(2209) Pause Young (Allocation Failure) 3806M->1563M(4284M) 74.352ms
[7019.249s][info][gc,cpu         ] GC(2209) User=0.45s Sys=0.00s Real=0.08s
.[7020.737s][info][gc,start       ] GC(2210) Pause Young (Allocation Failure)
[7020.839s][info][gc,heap        ] GC(2210) PSYoungGen: 2629616K(2629632K)->150729K(2623488K) Eden: 2463232K(2463232K)->0K(2457088K) From: 166384K(166400K)->150729K(166400K)
[7020.839s][info][gc,heap        ] GC(2210) ParOldGen: 1434914K(1757184K)->1537330K(1757184K)
[7020.839s][info][gc,metaspace   ] GC(2210) Metaspace: 29083K(29504K)->29083K(29504K) NonClass: 24196K(24384K)->24196K(24384K) Class: 4886K(5120K)->4886K(5120K)
[7020.839s][info][gc             ] GC(2210) Pause Young (Allocation Failure) 3969M->1648M(4278M) 101.867ms
[7020.839s][info][gc,cpu         ] GC(2210) User=0.60s Sys=0.00s Real=0.10s
..[7022.287s][info][gc,start       ] GC(2211) Pause Young (Allocation Failure)
[7022.377s][info][gc,heap        ] GC(2211) PSYoungGen: 2607817K(2623488K)->136640K(2593792K) Eden: 2457088K(2457088K)->0K(2457088K) From: 150729K(166400K)->136640K(136704K)
[7022.377s][info][gc,heap        ] GC(2211) ParOldGen: 1537330K(1757184K)->1628858K(1757184K)
[7022.377s][info][gc,metaspace   ] GC(2211) Metaspace: 29083K(29504K)->29083K(29504K) NonClass: 24196K(24384K)->24196K(24384K) Class: 4886K(5120K)->4886K(5120K)
[7022.377s][info][gc             ] GC(2211) Pause Young (Allocation Failure) 4047M->1724M(4249M) 89.780ms
[7022.377s][info][gc,cpu         ] GC(2211) User=0.53s Sys=0.00s Real=0.08s
.[7023.888s][info][gc,start       ] GC(2212) Pause Young (Allocation Failure)
[7023.988s][info][gc,heap        ] GC(2212) PSYoungGen: 2593728K(2593792K)->153694K(2626560K) Eden: 2457088K(2457088K)->0K(2456576K) From: 136640K(136704K)->153694K(169984K)
[7023.988s][info][gc,heap        ] GC(2212) ParOldGen: 1628858K(1757184K)->1718618K(1757184K)
[7023.988s][info][gc,metaspace   ] GC(2212) Metaspace: 29083K(29504K)->29083K(29504K) NonClass: 24196K(24384K)->24196K(24384K) Class: 4886K(5120K)->4886K(5120K)
[7023.988s][info][gc             ] GC(2212) Pause Young (Allocation Failure) 4123M->1828M(4281M) 100.316ms
[7023.988s][info][gc,cpu         ] GC(2212) User=0.59s Sys=0.00s Real=0.10s
..[7025.655s][info][gc,start       ] GC(2213) Pause Young (Allocation Failure)
[7025.750s][info][gc,heap        ] GC(2213) PSYoungGen: 2610270K(2626560K)->141264K(2597888K) Eden: 2456576K(2456576K)->0K(2456576K) From: 153694K(169984K)->141264K(141312K)
[7025.750s][info][gc,heap        ] GC(2213) ParOldGen: 1718618K(1757184K)->1811178K(1811456K)
[7025.750s][info][gc,metaspace   ] GC(2213) Metaspace: 29083K(29504K)->29083K(29504K) NonClass: 24196K(24384K)->24196K(24384K) Class: 4886K(5120K)->4886K(5120K)
[7025.750s][info][gc             ] GC(2213) Pause Young (Allocation Failure) 4227M->1906M(4306M) 94.602ms
[7025.750s][info][gc,cpu         ] GC(2213) User=0.54s Sys=0.02s Real=0.10s
.[7027.307s][info][gc,start       ] GC(2214) Pause Young (Allocation Failure)
[7027.401s][info][gc,heap        ] GC(2214) PSYoungGen: 2597840K(2597888K)->137344K(2625536K) Eden: 2456576K(2456576K)->0K(2456576K) From: 141264K(141312K)->137344K(168960K)
[7027.401s][info][gc,heap        ] GC(2214) ParOldGen: 1811178K(1811456K)->1901266K(1901568K)
[7027.401s][info][gc,metaspace   ] GC(2214) Metaspace: 29083K(29504K)->29083K(29504K) NonClass: 24196K(24384K)->24196K(24384K) Class: 4886K(5120K)->4886K(5120K)
[7027.401s][info][gc             ] GC(2214) Pause Young (Allocation Failure) 4305M->1990M(4421M) 94.168ms
[7027.402s][info][gc,cpu         ] GC(2214) User=0.54s Sys=0.02s Real=0.10s
. (rIR:aIR:PR = 11485:11436:11428) (tPR = 170396) [OK] 
  7027s: Performance info:
         Transaction,    Success,    Partial,     Failed,   Receipts, AvgBarcode, 
             Overall,     695050,          0,          0,     660037,      59.48, 
         Response times:
             Request,    Success,    Partial,     Failed,   SkipFail,     Probes,    Samples,      min,      p50,      p90,      p95,      p99,      max, 
       TotalPurchase,     660541,          0,          0,          0,     337933,     478545,      300,    13400,   115000,   271000,   484000,  1400000,
     InStorePurchase,     345818,          0,          0,          0,     176891,     250862,      300,    13400,   116000,   275000,   501000,  1400000,
      OnlinePurchase,     244155,          0,          0,          0,     124242,     176848,      300,    13600,   116000,   259000,   481000,  1100000,
        InstPurchase,      70568,          0,          0,          0,      36800,      50835,      300,    12500,   112000,   285000,   495000,  1100000,
          AssocOfCat,        698,          0,          0,          0,        591,        933,    23000,    52000,   151000,   264600,   519460,   720000,
      AssocOfProduct,       7085,          0,          0,          0,       4093,       5776,     1100,    16000,   118000,   288000,   531000,   930000,
      BusinessReport,       1753,          0,          0,          0,       1533,       2318,    29000,    69000,   175100,   354000,   660000,  1100000,
          CustBuyBeh,       7011,          0,          0,          0,       4088,       5866,      400,    12900,   108000,   267000,   494000,   720000,
       ProductReturn,      18500,          0,          0,          0,       8996,      12903,      300,    14500,   117000,   249000,   371000,   930000,

  7027s: (84%)   IR =  11623 .[7029.157s][info][gc,start       ] GC(2215) Pause Young (Allocation Failure)
[7029.260s][info][gc,heap        ] GC(2215) PSYoungGen: 2593920K(2625536K)->155909K(2625536K) Eden: 2456576K(2456576K)->0K(2456576K) From: 137344K(168960K)->155909K(168960K)
[7029.260s][info][gc,heap        ] GC(2215) ParOldGen: 1901266K(1901568K)->1991794K(1992192K)
[7029.260s][info][gc,metaspace   ] GC(2215) Metaspace: 29083K(29504K)->29083K(29504K) NonClass: 24196K(24384K)->24196K(24384K) Class: 4886K(5120K)->4886K(5120K)
[7029.260s][info][gc             ] GC(2215) Pause Young (Allocation Failure) 4389M->2097M(4509M) 103.419ms
[7029.260s][info][gc,cpu         ] GC(2215) User=0.60s Sys=0.02s Real=0.11s
..[7030.934s][info][gc,start       ] GC(2216) Pause Young (Allocation Failure)
[7031.034s][info][gc,heap        ] GC(2216) PSYoungGen: 2612485K(2625536K)->145664K(2624000K) Eden: 2456576K(2456576K)->0K(2457088K) From: 155909K(168960K)->145664K(166912K)
[7031.034s][info][gc,heap        ] GC(2216) ParOldGen: 1991794K(1992192K)->2083050K(2083328K)
[7031.034s][info][gc,metaspace   ] GC(2216) Metaspace: 29083K(29504K)->29083K(29504K) NonClass: 24196K(24384K)->24196K(24384K) Class: 4886K(5120K)->4886K(5120K)
[7031.034s][info][gc             ] GC(2216) Pause Young (Allocation Failure) 4496M->2176M(4597M) 99.669ms
[7031.034s][info][gc,cpu         ] GC(2216) User=0.56s Sys=0.03s Real=0.10s
..[7032.704s][info][gc,start       ] GC(2217) Pause Young (Allocation Failure)
[7032.802s][info][gc,heap        ] GC(2217) PSYoungGen: 2602752K(2624000K)->145184K(2625024K) Eden: 2457088K(2457088K)->0K(2457088K) From: 145664K(166912K)->145184K(167936K)
[7032.802s][info][gc,heap        ] GC(2217) ParOldGen: 2083050K(2083328K)->2174890K(2174976K)
[7032.802s][info][gc,metaspace   ] GC(2217) Metaspace: 29083K(29504K)->29083K(29504K) NonClass: 24196K(24384K)->24196K(24384K) Class: 4886K(5120K)->4886K(5120K)
[7032.802s][info][gc             ] GC(2217) Pause Young (Allocation Failure) 4575M->2265M(4687M) 97.971ms
[7032.802s][info][gc,cpu         ] GC(2217) User=0.55s Sys=0.02s Real=0.10s
.[7034.396s][info][gc,start       ] GC(2218) Pause Young (Allocation Failure)
[7034.495s][info][gc,heap        ] GC(2218) PSYoungGen: 2602272K(2625024K)->142432K(2626048K) Eden: 2457088K(2457088K)->0K(2461184K) From: 145184K(167936K)->142432K(164864K)
[7034.495s][info][gc,heap        ] GC(2218) ParOldGen: 2174890K(2174976K)->2268298K(2268672K)
[7034.495s][info][gc,metaspace   ] GC(2218) Metaspace: 29083K(29504K)->29083K(29504K) NonClass: 24196K(24384K)->24196K(24384K) Class: 4886K(5120K)->4886K(5120K)
[7034.495s][info][gc             ] GC(2218) Pause Young (Allocation Failure) 4665M->2354M(4780M) 99.377ms
[7034.495s][info][gc,cpu         ] GC(2218) User=0.56s Sys=0.04s Real=0.10s
..[7036.115s][info][gc,start       ] GC(2219) Pause Young (Allocation Failure)
[7036.218s][info][gc,heap        ] GC(2219) PSYoungGen: 2603616K(2626048K)->154041K(2627072K) Eden: 2461184K(2461184K)->0K(2461184K) From: 142432K(164864K)->154041K(165888K)
[7036.218s][info][gc,heap        ] GC(2219) ParOldGen: 2268298K(2268672K)->2359042K(2359296K)
[7036.218s][info][gc,metaspace   ] GC(2219) Metaspace: 29083K(29504K)->29083K(29504K) NonClass: 24196K(24384K)->24196K(24384K) Class: 4886K(5120K)->4886K(5120K)
[7036.218s][info][gc             ] GC(2219) Pause Young (Allocation Failure) 4757M->2454M(4869M) 103.208ms
[7036.218s][info][gc,cpu         ] GC(2219) User=0.58s Sys=0.03s Real=0.11s
..[7037.821s][info][gc,start       ] GC(2220) Pause Young (Allocation Failure)
[7037.918s][info][gc,heap        ] GC(2220) PSYoungGen: 2615225K(2627072K)->144928K(2627584K) Eden: 2461184K(2461184K)->0K(2463744K) From: 154041K(165888K)->144928K(163840K)
[7037.918s][info][gc,heap        ] GC(2220) ParOldGen: 2359042K(2359296K)->2449994K(2450432K)
[7037.918s][info][gc,metaspace   ] GC(2220) Metaspace: 29083K(29504K)->29083K(29504K) NonClass: 24196K(24384K)->24196K(24384K) Class: 4886K(5120K)->4886K(5120K)
[7037.918s][info][gc             ] GC(2220) Pause Young (Allocation Failure) 4857M->2534M(4959M) 97.294ms
[7037.918s][info][gc,cpu         ] GC(2220) User=0.56s Sys=0.02s Real=0.10s
.[7039.498s][info][gc,start       ] GC(2221) Pause Young (Allocation Failure)
[7039.598s][info][gc,heap        ] GC(2221) PSYoungGen: 2608672K(2627584K)->142144K(2628608K) Eden: 2463744K(2463744K)->0K(2463744K) From: 144928K(163840K)->142144K(164864K)
[7039.598s][info][gc,heap        ] GC(2221) ParOldGen: 2449994K(2450432K)->2541898K(2542080K)
[7039.598s][info][gc,metaspace   ] GC(2221) Metaspace: 29083K(29504K)->29083K(29504K) NonClass: 24196K(24384K)->24196K(24384K) Class: 4886K(5120K)->4886K(5120K)
[7039.598s][info][gc             ] GC(2221) Pause Young (Allocation Failure) 4940M->2621M(5049M) 99.902ms
[7039.598s][info][gc,cpu         ] GC(2221) User=0.57s Sys=0.02s Real=0.10s
.|.[7041.249s][info][gc,start       ] GC(2222) Pause Young (Allocation Failure)
[7041.349s][info][gc,heap        ] GC(2222) PSYoungGen: 2605888K(2628608K)->139649K(2629632K) Eden: 2463744K(2463744K)->0K(2466816K) From: 142144K(164864K)->139649K(162816K)
[7041.349s][info][gc,heap        ] GC(2222) ParOldGen: 2541898K(2542080K)->2635962K(2636288K)
[7041.349s][info][gc,metaspace   ] GC(2222) Metaspace: 29083K(29504K)->29083K(29504K) NonClass: 24196K(24384K)->24196K(24384K) Class: 4886K(5120K)->4886K(5120K)
[7041.349s][info][gc             ] GC(2222) Pause Young (Allocation Failure) 5027M->2710M(5142M) 100.238ms
[7041.349s][info][gc,cpu         ] GC(2222) User=0.57s Sys=0.03s Real=0.10s
..[7042.945s][info][gc,start       ] GC(2223) Pause Young (Allocation Failure)
[7043.044s][info][gc,heap        ] GC(2223) PSYoungGen: 2606465K(2629632K)->145475K(2630656K) Eden: 2466816K(2466816K)->0K(2466816K) From: 139649K(162816K)->145475K(163840K)
[7043.044s][info][gc,heap        ] GC(2223) ParOldGen: 2635962K(2636288K)->2725802K(2725888K)
[7043.044s][info][gc,metaspace   ] GC(2223) Metaspace: 29083K(29504K)->29083K(29504K) NonClass: 24196K(24384K)->24196K(24384K) Class: 4886K(5120K)->4886K(5120K)
[7043.044s][info][gc             ] GC(2223) Pause Young (Allocation Failure) 5119M->2803M(5231M) 98.788ms
[7043.044s][info][gc,cpu         ] GC(2223) User=0.56s Sys=0.03s Real=0.10s
.[7044.749s][info][gc,start       ] GC(2224) Pause Young (Allocation Failure)
[7044.853s][info][gc,heap        ] GC(2224) PSYoungGen: 2612291K(2630656K)->153496K(2630656K) Eden: 2466816K(2466816K)->0K(2468352K) From: 145475K(163840K)->153496K(162304K)
[7044.853s][info][gc,heap        ] GC(2224) ParOldGen: 2725802K(2725888K)->2817314K(2817536K)
[7044.853s][info][gc,metaspace   ] GC(2224) Metaspace: 29083K(29504K)->29083K(29504K) NonClass: 24196K(24384K)->24196K(24384K) Class: 4886K(5120K)->4886K(5120K)
[7044.853s][info][gc             ] GC(2224) Pause Young (Allocation Failure) 5212M->2901M(5320M) 104.226ms
[7044.853s][info][gc,cpu         ] GC(2224) User=0.59s Sys=0.02s Real=0.10s
..[7046.530s][info][gc,start       ] GC(2225) Pause Young (Allocation Failure)
[7046.635s][info][gc,heap        ] GC(2225) PSYoungGen: 2621848K(2630656K)->151081K(2631680K) Eden: 2468352K(2468352K)->0K(2468352K) From: 153496K(162304K)->151081K(163328K)
[7046.635s][info][gc,heap        ] GC(2225) ParOldGen: 2817314K(2817536K)->2907378K(2907648K)
[7046.635s][info][gc,metaspace   ] GC(2225) Metaspace: 29083K(29504K)->29083K(29504K) NonClass: 24196K(24384K)->24196K(24384K) Class: 4886K(5120K)->4886K(5120K)
[7046.635s][info][gc             ] GC(2225) Pause Young (Allocation Failure) 5311M->2986M(5409M) 105.104ms
[7046.635s][info][gc,cpu         ] GC(2225) User=0.59s Sys=0.03s Real=0.10s
..[7048.253s][info][gc,start       ] GC(2226) Pause Young (Allocation Failure)
[7048.355s][info][gc,heap        ] GC(2226) PSYoungGen: 2619433K(2631680K)->144861K(2630656K) Eden: 2468352K(2468352K)->0K(2469376K) From: 151081K(163328K)->144861K(161280K)
[7048.355s][info][gc,heap        ] GC(2226) ParOldGen: 2907378K(2907648K)->3000882K(3001344K)
[7048.355s][info][gc,metaspace   ] GC(2226) Metaspace: 29083K(29504K)->29083K(29504K) NonClass: 24196K(24384K)->24196K(24384K) Class: 4886K(5120K)->4886K(5120K)
[7048.355s][info][gc             ] GC(2226) Pause Young (Allocation Failure) 5397M->3072M(5500M) 102.336ms
[7048.355s][info][gc,cpu         ] GC(2226) User=0.58s Sys=0.03s Real=0.10s
.[7049.950s][info][gc,start       ] GC(2227) Pause Young (Allocation Failure)
[7050.054s][info][gc,heap        ] GC(2227) PSYoungGen: 2614237K(2630656K)->157360K(2631680K) Eden: 2469376K(2469376K)->0K(2469376K) From: 144861K(161280K)->157360K(162304K)
[7050.054s][info][gc,heap        ] GC(2227) ParOldGen: 3000882K(3001344K)->3091578K(3091968K)
[7050.054s][info][gc,metaspace   ] GC(2227) Metaspace: 29083K(29504K)->29083K(29504K) NonClass: 24196K(24384K)->24196K(24384K) Class: 4886K(5120K)->4886K(5120K)
[7050.054s][info][gc             ] GC(2227) Pause Young (Allocation Failure) 5483M->3172M(5589M) 104.556ms
[7050.054s][info][gc,cpu         ] GC(2227) User=0.58s Sys=0.04s Real=0.10s
..[7051.750s][info][gc,start       ] GC(2228) Pause Young (Allocation Failure)
[7051.859s][info][gc,heap        ] GC(2228) PSYoungGen: 2626736K(2631680K)->158181K(2627584K) Eden: 2469376K(2469376K)->0K(2463232K) From: 157360K(162304K)->158181K(164352K)
[7051.859s][info][gc,heap        ] GC(2228) ParOldGen: 3091578K(3091968K)->3183018K(3183104K)
[7051.859s][info][gc,metaspace   ] GC(2228) Metaspace: 29083K(29504K)->29083K(29504K) NonClass: 24196K(24384K)->24196K(24384K) Class: 4886K(5120K)->4886K(5120K)
[7051.859s][info][gc             ] GC(2228) Pause Young (Allocation Failure) 5584M->3262M(5674M) 108.643ms
[7051.859s][info][gc,cpu         ] GC(2228) User=0.62s Sys=0.03s Real=0.11s
..[7053.564s][info][gc,start       ] GC(2229) Pause Young (Allocation Failure)
[7053.664s][info][gc,heap        ] GC(2229) PSYoungGen: 2621413K(2627584K)->146644K(2629632K) Eden: 2463232K(2463232K)->0K(2463232K) From: 158181K(164352K)->146644K(166400K)
[7053.664s][info][gc,heap        ] GC(2229) ParOldGen: 3183018K(3183104K)->3274250K(3274752K)
[7053.664s][info][gc,metaspace   ] GC(2229) Metaspace: 29083K(29504K)->29083K(29504K) NonClass: 24196K(24384K)->24196K(24384K) Class: 4886K(5120K)->4886K(5120K)
[7053.664s][info][gc             ] GC(2229) Pause Young (Allocation Failure) 5668M->3340M(5766M) 100.707ms
[7053.664s][info][gc,cpu         ] GC(2229) User=0.58s Sys=0.02s Real=0.10s
..[7055.236s][info][gc,start       ] GC(2230) Pause Young (Allocation Failure)
[7055.334s][info][gc,heap        ] GC(2230) PSYoungGen: 2609876K(2629632K)->137472K(2628608K) Eden: 2463232K(2463232K)->0K(2464256K) From: 146644K(166400K)->137472K(164352K)
[7055.334s][info][gc,heap        ] GC(2230) ParOldGen: 3274250K(3274752K)->3366938K(3367424K)
[7055.334s][info][gc,metaspace   ] GC(2230) Metaspace: 29083K(29504K)->29083K(29504K) NonClass: 24196K(24384K)->24196K(24384K) Class: 4886K(5120K)->4886K(5120K)
[7055.334s][info][gc             ] GC(2230) Pause Young (Allocation Failure) 5746M->3422M(5855M) 98.306ms
[7055.334s][info][gc,cpu         ] GC(2230) User=0.56s Sys=0.02s Real=0.10s
.[7057.010s][info][gc,start       ] GC(2231) Pause Young (Allocation Failure)
[7057.117s][info][gc,heap        ] GC(2231) PSYoungGen: 2601728K(2628608K)->159108K(2623488K) Eden: 2464256K(2464256K)->0K(2464256K) From: 137472K(164352K)->159108K(159232K)
[7057.117s][info][gc,heap        ] GC(2231) ParOldGen: 3366938K(3367424K)->3457226K(3457536K)
[7057.117s][info][gc,metaspace   ] GC(2231) Metaspace: 29083K(29504K)->29083K(29504K) NonClass: 24196K(24384K)->24196K(24384K) Class: 4886K(5120K)->4886K(5120K)
[7057.117s][info][gc             ] GC(2231) Pause Young (Allocation Failure) 5828M->3531M(5938M) 107.079ms
[7057.117s][info][gc,cpu         ] GC(2231) User=0.62s Sys=0.02s Real=0.10s
..[7058.724s][info][gc,start       ] GC(2232) Pause Young (Allocation Failure)
[7058.827s][info][gc,heap        ] GC(2232) PSYoungGen: 2623364K(2623488K)->149092K(2629632K) Eden: 2464256K(2464256K)->0K(2461696K) From: 159108K(159232K)->149092K(167936K)
[7058.827s][info][gc,heap        ] GC(2232) ParOldGen: 3457226K(3457536K)->3549602K(3549696K)
[7058.827s][info][gc,metaspace   ] GC(2232) Metaspace: 29083K(29504K)->29083K(29504K) NonClass: 24196K(24384K)->24196K(24384K) Class: 4886K(5120K)->4886K(5120K)
[7058.827s][info][gc             ] GC(2232) Pause Young (Allocation Failure) 5938M->3612M(6034M) 103.071ms
[7058.827s][info][gc,cpu         ] GC(2232) User=0.59s Sys=0.02s Real=0.10s
..[7060.493s][info][gc,start       ] GC(2233) Pause Young (Allocation Failure)
[7060.599s][info][gc,heap        ] GC(2233) PSYoungGen: 2610788K(2629632K)->152624K(2614784K) Eden: 2461696K(2461696K)->0K(2461696K) From: 149092K(167936K)->152624K(153088K)
[7060.599s][info][gc,heap        ] GC(2233) ParOldGen: 3549602K(3549696K)->3639146K(3639296K)
[7060.599s][info][gc,metaspace   ] GC(2233) Metaspace: 29083K(29504K)->29083K(29504K) NonClass: 24196K(24384K)->24196K(24384K) Class: 4886K(5120K)->4886K(5120K)
[7060.599s][info][gc             ] GC(2233) Pause Young (Allocation Failure) 6016M->3702M(6107M) 105.129ms
[7060.599s][info][gc,cpu         ] GC(2233) User=0.59s Sys=0.03s Real=0.11s
.[7062.253s][info][gc,start       ] GC(2234) Pause Young (Allocation Failure)
[7062.352s][info][gc,heap        ] GC(2234) PSYoungGen: 2614320K(2614784K)->137696K(2627072K) Eden: 2461696K(2461696K)->0K(2461184K) From: 152624K(153088K)->137696K(165888K)
[7062.352s][info][gc,heap        ] GC(2234) ParOldGen: 3639146K(3639296K)->3733018K(3733504K)
[7062.352s][info][gc,metaspace   ] GC(2234) Metaspace: 29083K(29504K)->29083K(29504K) NonClass: 24196K(24384K)->24196K(24384K) Class: 4886K(5120K)->4886K(5120K)
[7062.352s][info][gc             ] GC(2234) Pause Young (Allocation Failure) 6106M->3779M(6211M) 99.037ms
[7062.352s][info][gc,cpu         ] GC(2234) User=0.55s Sys=0.04s Real=0.10s
..[7063.941s][info][gc,start       ] GC(2235) Pause Young (Allocation Failure)
[7064.043s][info][gc,heap        ] GC(2235) PSYoungGen: 2598880K(2627072K)->148736K(2627584K) Eden: 2461184K(2461184K)->0K(2461184K) From: 137696K(165888K)->148736K(166400K)
[7064.043s][info][gc,heap        ] GC(2235) ParOldGen: 3733018K(3733504K)->3823146K(3823616K)
[7064.043s][info][gc,metaspace   ] GC(2235) Metaspace: 29083K(29504K)->29083K(29504K) NonClass: 24196K(24384K)->24196K(24384K) Class: 4886K(5120K)->4886K(5120K)
[7064.043s][info][gc             ] GC(2235) Pause Young (Allocation Failure) 6183M->3878M(6300M) 101.987ms
[7064.043s][info][gc,cpu         ] GC(2235) User=0.57s Sys=0.03s Real=0.10s
..[7065.589s][info][gc,start       ] GC(2236) Pause Young (Allocation Failure)
[7065.694s][info][gc,heap        ] GC(2236) PSYoungGen: 2609920K(2627584K)->151696K(2629120K) Eden: 2461184K(2461184K)->0K(2464256K) From: 148736K(166400K)->151696K(164864K)
[7065.694s][info][gc,heap        ] GC(2236) ParOldGen: 3823146K(3823616K)->3914106K(3914240K)
[7065.694s][info][gc,metaspace   ] GC(2236) Metaspace: 29083K(29504K)->29083K(29504K) NonClass: 24196K(24384K)->24196K(24384K) Class: 4886K(5120K)->4886K(5120K)
[7065.694s][info][gc             ] GC(2236) Pause Young (Allocation Failure) 6282M->3970M(6390M) 105.130ms
[7065.694s][info][gc,cpu         ] GC(2236) User=0.59s Sys=0.04s Real=0.10s
.[7067.272s][info][gc,start       ] GC(2237) Pause Young (Allocation Failure)
[7067.370s][info][gc,heap        ] GC(2237) PSYoungGen: 2615952K(2629120K)->138288K(2628608K) Eden: 2464256K(2464256K)->0K(2464256K) From: 151696K(164864K)->138288K(164352K)
[7067.370s][info][gc,heap        ] GC(2237) ParOldGen: 3914106K(3914240K)->4006498K(4006912K)
[7067.370s][info][gc,metaspace   ] GC(2237) Metaspace: 29083K(29504K)->29083K(29504K) NonClass: 24196K(24384K)->24196K(24384K) Class: 4886K(5120K)->4886K(5120K)
[7067.370s][info][gc             ] GC(2237) Pause Young (Allocation Failure) 6377M->4047M(6480M) 97.872ms
[7067.370s][info][gc,cpu         ] GC(2237) User=0.55s Sys=0.03s Real=0.10s
..[7069.036s][info][gc,start       ] GC(2238) Pause Young (Allocation Failure)
[7069.137s][info][gc,heap        ] GC(2238) PSYoungGen: 2602544K(2628608K)->145760K(2630144K) Eden: 2464256K(2464256K)->0K(2467328K) From: 138288K(164352K)->145760K(162816K)
[7069.137s][info][gc,heap        ] GC(2238) ParOldGen: 4006498K(4006912K)->4096554K(4097024K)
[7069.137s][info][gc,metaspace   ] GC(2238) Metaspace: 29083K(29504K)->29083K(29504K) NonClass: 24196K(24384K)->24196K(24384K) Class: 4886K(5120K)->4886K(5120K)
[7069.137s][info][gc             ] GC(2238) Pause Young (Allocation Failure) 6454M->4142M(6569M) 101.260ms
[7069.137s][info][gc,cpu         ] GC(2238) User=0.58s Sys=0.02s Real=0.10s
..[7070.748s][info][gc,start       ] GC(2239) Pause Young (Allocation Failure)
[7070.850s][info][gc,heap        ] GC(2239) PSYoungGen: 2613088K(2630144K)->147664K(2630656K) Eden: 2467328K(2467328K)->0K(2467328K) From: 145760K(162816K)->147664K(163328K)
[7070.850s][info][gc,heap        ] GC(2239) ParOldGen: 4096554K(4097024K)->4187098K(4187136K)
[7070.850s][info][gc,metaspace   ] GC(2239) Metaspace: 29083K(29504K)->29083K(29504K) NonClass: 24196K(24384K)->24196K(24384K) Class: 4886K(5120K)->4886K(5120K)
[7070.850s][info][gc             ] GC(2239) Pause Young (Allocation Failure) 6552M->4233M(6658M) 102.205ms
[7070.850s][info][gc,cpu         ] GC(2239) User=0.58s Sys=0.02s Real=0.10s
.[7072.472s][info][gc,start       ] GC(2240) Pause Young (Allocation Failure)
[7072.576s][info][gc,heap        ] GC(2240) PSYoungGen: 2614992K(2630656K)->144202K(2631680K) Eden: 2467328K(2467328K)->0K(2470912K) From: 147664K(163328K)->144202K(160768K)
[7072.576s][info][gc,heap        ] GC(2240) ParOldGen: 4187098K(4187136K)->4281018K(4281344K)
[7072.576s][info][gc,metaspace   ] GC(2240) Metaspace: 29083K(29504K)->29083K(29504K) NonClass: 24196K(24384K)->24196K(24384K) Class: 4886K(5120K)->4886K(5120K)
[7072.576s][info][gc             ] GC(2240) Pause Young (Allocation Failure) 6642M->4321M(6751M) 103.756ms
[7072.576s][info][gc,cpu         ] GC(2240) User=0.58s Sys=0.03s Real=0.10s
..[7074.258s][info][gc,start       ] GC(2241) Pause Young (Allocation Failure)
[7074.359s][info][gc,heap        ] GC(2241) PSYoungGen: 2615114K(2631680K)->142000K(2631680K) Eden: 2470912K(2470912K)->0K(2470912K) From: 144202K(160768K)->142000K(160768K)
[7074.359s][info][gc,heap        ] GC(2241) ParOldGen: 4281018K(4281344K)->4370114K(4370432K)
[7074.359s][info][gc,metaspace   ] GC(2241) Metaspace: 29083K(29504K)->29083K(29504K) NonClass: 24196K(24384K)->24196K(24384K) Class: 4886K(5120K)->4886K(5120K)
[7074.359s][info][gc             ] GC(2241) Pause Young (Allocation Failure) 6734M->4406M(6838M) 100.553ms
[7074.359s][info][gc,cpu         ] GC(2241) User=0.57s Sys=0.02s Real=0.10s
..[7076.021s][info][gc,start       ] GC(2242) Pause Young (Allocation Failure)
[7076.122s][info][gc,heap        ] GC(2242) PSYoungGen: 2612912K(2631680K)->144832K(2633728K) Eden: 2470912K(2470912K)->0K(2475008K) From: 142000K(160768K)->144832K(158720K)
[7076.122s][info][gc,heap        ] GC(2242) ParOldGen: 4370114K(4370432K)->4463826K(4464128K)
[7076.122s][info][gc,metaspace   ] GC(2242) Metaspace: 29083K(29504K)->29083K(29504K) NonClass: 24196K(24384K)->24196K(24384K) Class: 4886K(5120K)->4886K(5120K)
[7076.122s][info][gc             ] GC(2242) Pause Young (Allocation Failure) 6819M->4500M(6931M) 100.873ms
[7076.122s][info][gc,cpu         ] GC(2242) User=0.56s Sys=0.04s Real=0.10s
..[7077.803s][info][gc,start       ] GC(2243) Pause Young (Allocation Failure)
[7077.906s][info][gc,heap        ] GC(2243) PSYoungGen: 2619840K(2633728K)->150112K(2634240K) Eden: 2475008K(2475008K)->0K(2475008K) From: 144832K(158720K)->150112K(159232K)
[7077.906s][info][gc,heap        ] GC(2243) ParOldGen: 4463826K(4464128K)->4554474K(4554752K)
[7077.906s][info][gc,metaspace   ] GC(2243) Metaspace: 29083K(29504K)->29083K(29504K) NonClass: 24196K(24384K)->24196K(24384K) Class: 4886K(5120K)->4886K(5120K)
[7077.906s][info][gc             ] GC(2243) Pause Young (Allocation Failure) 6917M->4594M(7020M) 102.112ms
[7077.906s][info][gc,cpu         ] GC(2243) User=0.58s Sys=0.02s Real=0.10s
.[7079.680s][info][gc,start       ] GC(2244) Pause Young (Allocation Failure)
[7079.784s][info][gc,heap        ] GC(2244) PSYoungGen: 2625120K(2634240K)->146896K(2634752K) Eden: 2475008K(2475008K)->0K(2477568K) From: 150112K(159232K)->146896K(157184K)
[7079.784s][info][gc,heap        ] GC(2244) ParOldGen: 4554474K(4554752K)->4646634K(4646912K)
[7079.784s][info][gc,metaspace   ] GC(2244) Metaspace: 29083K(29504K)->29083K(29504K) NonClass: 24196K(24384K)->24196K(24384K) Class: 4886K(5120K)->4886K(5120K)
[7079.784s][info][gc             ] GC(2244) Pause Young (Allocation Failure) 7011M->4681M(7111M) 103.281ms
[7079.784s][info][gc,cpu         ] GC(2244) User=0.58s Sys=0.03s Real=0.10s
..[7081.397s][info][gc,start       ] GC(2245) Pause Young (Allocation Failure)
[7081.499s][info][gc,heap        ] GC(2245) PSYoungGen: 2624464K(2634752K)->145448K(2635776K) Eden: 2477568K(2477568K)->0K(2477568K) From: 146896K(157184K)->145448K(158208K)
[7081.499s][info][gc,heap        ] GC(2245) ParOldGen: 4646634K(4646912K)->4738114K(4738560K)
[7081.499s][info][gc,metaspace   ] GC(2245) Metaspace: 29083K(29504K)->29083K(29504K) NonClass: 24196K(24384K)->24196K(24384K) Class: 4886K(5120K)->4886K(5120K)
[7081.499s][info][gc             ] GC(2245) Pause Young (Allocation Failure) 7100M->4769M(7201M) 102.169ms
[7081.499s][info][gc,cpu         ] GC(2245) User=0.57s Sys=0.03s Real=0.11s
..[7083.150s][info][gc,start       ] GC(2246) Pause Young (Allocation Failure)
[7083.263s][info][gc,heap        ] GC(2246) PSYoungGen: 2623016K(2635776K)->157162K(2558976K) Eden: 2477568K(2477568K)->0K(2401792K) From: 145448K(158208K)->157162K(157184K)
[7083.263s][info][gc,heap        ] GC(2246) ParOldGen: 4738114K(4738560K)->4837898K(4838400K)
[7083.263s][info][gc,metaspace   ] GC(2246) Metaspace: 29083K(29504K)->29083K(29504K) NonClass: 24196K(24384K)->24196K(24384K) Class: 4886K(5120K)->4886K(5120K)
[7083.263s][info][gc             ] GC(2246) Pause Young (Allocation Failure) 7188M->4877M(7224M) 112.403ms
[7083.263s][info][gc,cpu         ] GC(2246) User=0.63s Sys=0.03s Real=0.11s
.[7084.910s][info][gc,start       ] GC(2247) Pause Young (Allocation Failure)
[7085.012s][info][gc,heap        ] GC(2247) PSYoungGen: 2558954K(2558976K)->145700K(2598912K) Eden: 2401792K(2401792K)->0K(2401792K) From: 157162K(157184K)->145700K(197120K)
[7085.012s][info][gc,heap        ] GC(2247) ParOldGen: 4837898K(4838400K)->4925234K(4925440K)
[7085.012s][info][gc,metaspace   ] GC(2247) Metaspace: 29083K(29504K)->29083K(29504K) NonClass: 24196K(24384K)->24196K(24384K) Class: 4886K(5120K)->4886K(5120K)
[7085.012s][info][gc             ] GC(2247) Pause Young (Allocation Failure) 7223M->4952M(7348M) 101.393ms
[7085.012s][info][gc,cpu         ] GC(2247) User=0.58s Sys=0.03s Real=0.10s
..[7086.575s][info][gc,start       ] GC(2248) Pause Young (Allocation Failure)
[7086.677s][info][gc,heap        ] GC(2248) PSYoungGen: 2547492K(2598912K)->146752K(2592768K) Eden: 2401792K(2401792K)->0K(2403840K) From: 145700K(197120K)->146752K(188928K)
[7086.677s][info][gc,heap        ] GC(2248) ParOldGen: 4925234K(4925440K)->5013130K(5013504K)
[7086.677s][info][gc,metaspace   ] GC(2248) Metaspace: 29083K(29504K)->29083K(29504K) NonClass: 24196K(24384K)->24196K(24384K) Class: 4886K(5120K)->4886K(5120K)
[7086.677s][info][gc             ] GC(2248) Pause Young (Allocation Failure) 7297M->5038M(7428M) 102.197ms
[7086.677s][info][gc,cpu         ] GC(2248) User=0.58s Sys=0.02s Real=0.10s
..[7088.242s][info][gc,start       ] GC(2249) Pause Young (Allocation Failure)
[7088.342s][info][gc,heap        ] GC(2249) PSYoungGen: 2550592K(2592768K)->136757K(2596864K) Eden: 2403840K(2403840K)->0K(2403840K) From: 146752K(188928K)->136757K(193024K)
[7088.342s][info][gc,heap        ] GC(2249) ParOldGen: 5013130K(5013504K)->5104138K(5104640K)
[7088.342s][info][gc,metaspace   ] GC(2249) Metaspace: 29083K(29504K)->29083K(29504K) NonClass: 24196K(24384K)->24196K(24384K) Class: 4886K(5120K)->4886K(5120K)
[7088.342s][info][gc             ] GC(2249) Pause Young (Allocation Failure) 7386M->5118M(7521M) 100.456ms
[7088.342s][info][gc,cpu         ] GC(2249) User=0.56s Sys=0.03s Real=0.10s
.[7089.939s][info][gc,start       ] GC(2250) Pause Young (Allocation Failure)
[7090.039s][info][gc,heap        ] GC(2250) PSYoungGen: 2540597K(2596864K)->145696K(2597376K) Eden: 2403840K(2403840K)->0K(2410496K) From: 136757K(193024K)->145696K(186880K)
[7090.039s][info][gc,heap        ] GC(2250) ParOldGen: 5104138K(5104640K)->5193562K(5193728K)
[7090.039s][info][gc,metaspace   ] GC(2250) Metaspace: 29083K(29504K)->29083K(29504K) NonClass: 24196K(24384K)->24196K(24384K) Class: 4886K(5120K)->4886K(5120K)
[7090.039s][info][gc             ] GC(2250) Pause Young (Allocation Failure) 7465M->5214M(7608M) 100.354ms
[7090.039s][info][gc,cpu         ] GC(2250) User=0.56s Sys=0.03s Real=0.10s
..[7091.635s][info][gc,start       ] GC(2251) Pause Young (Allocation Failure)
[7091.737s][info][gc,heap        ] GC(2251) PSYoungGen: 2556192K(2597376K)->139552K(2600448K) Eden: 2410496K(2410496K)->0K(2410496K) From: 145696K(186880K)->139552K(189952K)
[7091.737s][info][gc,heap        ] GC(2251) ParOldGen: 5193562K(5193728K)->5285234K(5285376K)
[7091.737s][info][gc,metaspace   ] GC(2251) Metaspace: 29083K(29504K)->29083K(29504K) NonClass: 24196K(24384K)->24196K(24384K) Class: 4886K(5120K)->4886K(5120K)
[7091.737s][info][gc             ] GC(2251) Pause Young (Allocation Failure) 7568M->5297M(7701M) 101.193ms
[7091.737s][info][gc,cpu         ] GC(2251) User=0.58s Sys=0.02s Real=0.10s
..[7093.261s][info][gc,start       ] GC(2252) Pause Young (Allocation Failure)
[7093.359s][info][gc,heap        ] GC(2252) PSYoungGen: 2550048K(2600448K)->131545K(2604544K) Eden: 2410496K(2410496K)->0K(2417664K) From: 139552K(189952K)->131545K(186880K)
[7093.359s][info][gc,heap        ] GC(2252) ParOldGen: 5285234K(5285376K)->5376274K(5376512K)
[7093.359s][info][gc,metaspace   ] GC(2252) Metaspace: 29083K(29504K)->29083K(29504K) NonClass: 24196K(24384K)->24196K(24384K) Class: 4886K(5120K)->4886K(5120K)
[7093.359s][info][gc             ] GC(2252) Pause Young (Allocation Failure) 7651M->5378M(7794M) 97.590ms
[7093.359s][info][gc,cpu         ] GC(2252) User=0.56s Sys=0.02s Real=0.10s
.[7094.960s][info][gc,start       ] GC(2253) Pause Young (Allocation Failure)
[7095.061s][info][gc,heap        ] GC(2253) PSYoungGen: 2549209K(2604544K)->152960K(2606080K) Eden: 2417664K(2417664K)->0K(2417664K) From: 131545K(186880K)->152960K(188416K)
[7095.062s][info][gc,heap        ] GC(2253) ParOldGen: 5376274K(5376512K)->5464298K(5464576K)
[7095.062s][info][gc,metaspace   ] GC(2253) Metaspace: 29083K(29504K)->29083K(29504K) NonClass: 24196K(24384K)->24196K(24384K) Class: 4886K(5120K)->4886K(5120K)
[7095.062s][info][gc             ] GC(2253) Pause Young (Allocation Failure) 7739M->5485M(7881M) 101.958ms
[7095.062s][info][gc,cpu         ] GC(2253) User=0.59s Sys=0.02s Real=0.10s
..[7096.708s][info][gc,start       ] GC(2254) Pause Young (Allocation Failure)
[7096.808s][info][gc,heap        ] GC(2254) PSYoungGen: 2570624K(2606080K)->139328K(2604544K) Eden: 2417664K(2417664K)->0K(2421760K) From: 152960K(188416K)->139328K(182784K)
[7096.808s][info][gc,heap        ] GC(2254) ParOldGen: 5464298K(5464576K)->5558978K(5559296K)
[7096.808s][info][gc,metaspace   ] GC(2254) Metaspace: 29083K(29504K)->29083K(29504K) NonClass: 24196K(24384K)->24196K(24384K) Class: 4886K(5120K)->4886K(5120K)
[7096.808s][info][gc             ] GC(2254) Pause Young (Allocation Failure) 7846M->5564M(7972M) 100.202ms
[7096.808s][info][gc,cpu         ] GC(2254) User=0.57s Sys=0.02s Real=0.10s
..[7098.442s][info][gc,start       ] GC(2255) Pause Full (Allocation Failure)
[7098.442s][info][gc,phases,start] GC(2255) Marking Phase
[7098.740s][info][gc,phases      ] GC(2255) Marking Phase 297.842ms
[7098.740s][info][gc,phases,start] GC(2255) Summary Phase
[7098.740s][info][gc,phases      ] GC(2255) Summary Phase 0.092ms
[7098.740s][info][gc,phases,start] GC(2255) Forward
[7098.868s][info][gc,phases      ] GC(2255) Forward 127.575ms
[7098.868s][info][gc,phases,start] GC(2255) Adjust Pointers
[7099.064s][info][gc,phases      ] GC(2255) Adjust Pointers 196.642ms
[7099.064s][info][gc,phases,start] GC(2255) Compaction Phase
[7099.191s][info][gc,phases      ] GC(2255) Compaction Phase 127.074ms
[7099.193s][info][gc,phases,start] GC(2255) Post Compact
[7099.200s][info][gc,phases      ] GC(2255) Post Compact 6.793ms
[7099.338s][info][gc,heap        ] GC(2255) PSYoungGen: 2561088K(2604544K)->0K(2605568K) Eden: 2421760K(2421760K)->0K(2421760K) From: 139328K(182784K)->0K(183808K)
[7099.338s][info][gc,heap        ] GC(2255) ParOldGen: 5558978K(5559296K)->1434358K(1762816K)
[7099.338s][info][gc,metaspace   ] GC(2255) Metaspace: 29083K(29504K)->29083K(29504K) NonClass: 24196K(24384K)->24196K(24384K) Class: 4886K(5120K)->4886K(5120K)
[7099.338s][info][gc             ] GC(2255) Pause Full (Allocation Failure) 7929M->1400M(4266M) 895.991ms
[7099.339s][info][gc,cpu         ] GC(2255) User=4.05s Sys=0.14s Real=0.90s
.[7100.723s][info][gc,start       ] GC(2256) Pause Young (Allocation Failure)
[7100.792s][info][gc,heap        ] GC(2256) PSYoungGen: 2421760K(2605568K)->150244K(2606080K) Eden: 2421760K(2421760K)->0K(2428416K) From: 0K(183808K)->150244K(177664K)
[7100.792s][info][gc,heap        ] GC(2256) ParOldGen: 1434358K(1762816K)->1434358K(1762816K)
[7100.792s][info][gc,metaspace   ] GC(2256) Metaspace: 29083K(29504K)->29083K(29504K) NonClass: 24196K(24384K)->24196K(24384K) Class: 4886K(5120K)->4886K(5120K)
[7100.792s][info][gc             ] GC(2256) Pause Young (Allocation Failure) 3765M->1547M(4266M) 69.277ms
[7100.792s][info][gc,cpu         ] GC(2256) User=0.41s Sys=0.00s Real=0.07s
..[7102.210s][info][gc,start       ] GC(2257) Pause Young (Allocation Failure)
[7102.306s][info][gc,heap        ] GC(2257) PSYoungGen: 2578660K(2606080K)->148512K(2609152K) Eden: 2428416K(2428416K)->0K(2428416K) From: 150244K(177664K)->148512K(180736K)
[7102.306s][info][gc,heap        ] GC(2257) ParOldGen: 1434358K(1762816K)->1528139K(1762816K)
[7102.306s][info][gc,metaspace   ] GC(2257) Metaspace: 29083K(29504K)->29083K(29504K) NonClass: 24196K(24384K)->24196K(24384K) Class: 4886K(5120K)->4886K(5120K)
[7102.306s][info][gc             ] GC(2257) Pause Young (Allocation Failure) 3918M->1637M(4269M) 96.144ms
[7102.306s][info][gc,cpu         ] GC(2257) User=0.58s Sys=0.00s Real=0.09s
.[7103.814s][info][gc,start       ] GC(2258) Pause Young (Allocation Failure)
[7103.906s][info][gc,heap        ] GC(2258) PSYoungGen: 2576928K(2609152K)->142304K(2612224K) Eden: 2428416K(2428416K)->0K(2437632K) From: 148512K(180736K)->142304K(174592K)
[7103.906s][info][gc,heap        ] GC(2258) ParOldGen: 1528139K(1762816K)->1621219K(1762816K)
[7103.906s][info][gc,metaspace   ] GC(2258) Metaspace: 29083K(29504K)->29083K(29504K) NonClass: 24196K(24384K)->24196K(24384K) Class: 4886K(5120K)->4886K(5120K)
[7103.906s][info][gc             ] GC(2258) Pause Young (Allocation Failure) 4008M->1722M(4272M) 91.753ms
[7103.906s][info][gc,cpu         ] GC(2258) User=0.55s Sys=0.00s Real=0.09s
.. (rIR:aIR:PR = 11623:11510:11508) (tPR = 171672) [OK] 
  7105s: Performance info:
         Transaction,    Success,    Partial,     Failed,   Receipts, AvgBarcode, 
             Overall,     754069,          0,          0,     715655,      59.48, 
         Response times:
             Request,    Success,    Partial,     Failed,   SkipFail,     Probes,    Samples,      min,      p50,      p90,      p95,      p99,      max, 
       TotalPurchase,     715936,          0,          0,          0,     367059,     468297,      200,    14500,   134000,   274000,   538000,  1100000,
     InStorePurchase,     375380,          0,          0,          0,     193743,     247116,      200,    14700,   135000,   274000,   507000,  1100000,
      OnlinePurchase,     265223,          0,          0,          0,     135223,     172245,      300,    14500,   133000,   274000,   553000,  1100000,
        InstPurchase,      75333,          0,          0,          0,      38093,      48936,      300,    14300,   129000,   284000,   556000,  1100000,
          AssocOfCat,        762,          0,          0,          0,        613,        885,    25000,    63000,   194400,   319000,   590980,   790000,
      AssocOfProduct,       7608,          0,          0,          0,       4406,       5785,      700,    15000,   132400,   289400,   490140,   680000,
      BusinessReport,       1903,          0,          0,          0,       1668,       2285,    31000,    74000,   222000,   427000,   661400,  1100000,
          CustBuyBeh,       7547,          0,          0,          0,       4368,       5728,      200,    15200,   138000,   287000,   490000,   680000,
       ProductReturn,      20610,          0,          0,          0,       9998,      12964,      100,    13200,   128000,   307000,   506000,  1300000,

  7105s: (85%)   IR =  11761 [7105.440s][info][gc,start       ] GC(2259) Pause Young (Allocation Failure)
[7105.530s][info][gc,heap        ] GC(2259) PSYoungGen: 2579936K(2612224K)->136245K(2613760K) Eden: 2437632K(2437632K)->0K(2437632K) From: 142304K(174592K)->136245K(176128K)
[7105.530s][info][gc,heap        ] GC(2259) ParOldGen: 1621219K(1762816K)->1711499K(1762816K)
[7105.530s][info][gc,metaspace   ] GC(2259) Metaspace: 29083K(29504K)->29083K(29504K) NonClass: 24196K(24384K)->24196K(24384K) Class: 4886K(5120K)->4886K(5120K)
[7105.530s][info][gc             ] GC(2259) Pause Young (Allocation Failure) 4102M->1804M(4274M) 90.354ms
[7105.530s][info][gc,cpu         ] GC(2259) User=0.53s Sys=0.00s Real=0.09s
.[7107.184s][info][gc,start       ] GC(2260) Pause Young (Allocation Failure)
[7107.282s][info][gc,heap        ] GC(2260) PSYoungGen: 2573877K(2613760K)->150772K(2616320K) Eden: 2437632K(2437632K)->0K(2444288K) From: 136245K(176128K)->150772K(172032K)
[7107.282s][info][gc,heap        ] GC(2260) ParOldGen: 1711499K(1762816K)->1801691K(1801728K)
[7107.282s][info][gc,metaspace   ] GC(2260) Metaspace: 29083K(29504K)->29083K(29504K) NonClass: 24196K(24384K)->24196K(24384K) Class: 4886K(5120K)->4886K(5120K)
[7107.282s][info][gc             ] GC(2260) Pause Young (Allocation Failure) 4184M->1906M(4314M) 98.150ms
[7107.282s][info][gc,cpu         ] GC(2260) User=0.58s Sys=0.01s Real=0.10s
..[7108.823s][info][gc,start       ] GC(2261) Pause Young (Allocation Failure)
[7108.921s][info][gc,heap        ] GC(2261) PSYoungGen: 2595060K(2616320K)->147232K(2618368K) Eden: 2444288K(2444288K)->0K(2444288K) From: 150772K(172032K)->147232K(174080K)
[7108.921s][info][gc,heap        ] GC(2261) ParOldGen: 1801691K(1801728K)->1891291K(1891328K)
[7108.921s][info][gc,metaspace   ] GC(2261) Metaspace: 29083K(29504K)->29083K(29504K) NonClass: 24196K(24384K)->24196K(24384K) Class: 4886K(5120K)->4886K(5120K)
[7108.921s][info][gc             ] GC(2261) Pause Young (Allocation Failure) 4293M->1990M(4404M) 97.375ms
[7108.921s][info][gc,cpu         ] GC(2261) User=0.55s Sys=0.03s Real=0.10s
..|[7110.593s][info][gc,start       ] GC(2262) Pause Young (Allocation Failure)
[7110.694s][info][gc,heap        ] GC(2262) PSYoungGen: 2591520K(2618368K)->148448K(2618368K) Eden: 2444288K(2444288K)->0K(2450432K) From: 147232K(174080K)->148448K(167936K)
[7110.694s][info][gc,heap        ] GC(2262) ParOldGen: 1891291K(1891328K)->1982163K(1982464K)
[7110.694s][info][gc,metaspace   ] GC(2262) Metaspace: 29083K(29504K)->29083K(29504K) NonClass: 24196K(24384K)->24196K(24384K) Class: 4886K(5120K)->4886K(5120K)
[7110.694s][info][gc             ] GC(2262) Pause Young (Allocation Failure) 4377M->2080M(4493M) 100.977ms
[7110.694s][info][gc,cpu         ] GC(2262) User=0.57s Sys=0.03s Real=0.10s
.[7112.234s][info][gc,start       ] GC(2263) Pause Young (Allocation Failure)
[7112.339s][info][gc,heap        ] GC(2263) PSYoungGen: 2598880K(2618368K)->157348K(2619904K) Eden: 2450432K(2450432K)->0K(2450432K) From: 148448K(167936K)->157348K(169472K)
[7112.339s][info][gc,heap        ] GC(2263) ParOldGen: 1982163K(1982464K)->2076427K(2076672K)
[7112.339s][info][gc,metaspace   ] GC(2263) Metaspace: 29083K(29504K)->29083K(29504K) NonClass: 24196K(24384K)->24196K(24384K) Class: 4886K(5120K)->4886K(5120K)
[7112.339s][info][gc             ] GC(2263) Pause Young (Allocation Failure) 4473M->2181M(4586M) 105.277ms
[7112.339s][info][gc,cpu         ] GC(2263) User=0.59s Sys=0.04s Real=0.11s
..[7113.917s][info][gc,start       ] GC(2264) Pause Young (Allocation Failure)
[7114.019s][info][gc,heap        ] GC(2264) PSYoungGen: 2607780K(2619904K)->154213K(2625024K) Eden: 2450432K(2450432K)->0K(2454016K) From: 157348K(169472K)->154213K(171008K)
[7114.019s][info][gc,heap        ] GC(2264) ParOldGen: 2076427K(2076672K)->2164963K(2165248K)
[7114.019s][info][gc,metaspace   ] GC(2264) Metaspace: 29083K(29504K)->29083K(29504K) NonClass: 24196K(24384K)->24196K(24384K) Class: 4886K(5120K)->4886K(5120K)
[7114.019s][info][gc             ] GC(2264) Pause Young (Allocation Failure) 4574M->2264M(4678M) 102.522ms
[7114.019s][info][gc,cpu         ] GC(2264) User=0.59s Sys=0.02s Real=0.11s
..[7115.627s][info][gc,start       ] GC(2265) Pause Young (Allocation Failure)
[7115.727s][info][gc,heap        ] GC(2265) PSYoungGen: 2608229K(2625024K)->144480K(2598912K) Eden: 2454016K(2454016K)->0K(2454016K) From: 154213K(171008K)->144480K(144896K)
[7115.727s][info][gc,heap        ] GC(2265) ParOldGen: 2164963K(2165248K)->2257587K(2257920K)
[7115.727s][info][gc,metaspace   ] GC(2265) Metaspace: 29083K(29504K)->29083K(29504K) NonClass: 24196K(24384K)->24196K(24384K) Class: 4886K(5120K)->4886K(5120K)
[7115.727s][info][gc             ] GC(2265) Pause Young (Allocation Failure) 4661M->2345M(4743M) 99.279ms
[7115.727s][info][gc,cpu         ] GC(2265) User=0.56s Sys=0.04s Real=0.09s
.[7117.363s][info][gc,start       ] GC(2266) Pause Young (Allocation Failure)
[7117.460s][info][gc,heap        ] GC(2266) PSYoungGen: 2598496K(2598912K)->143156K(2624512K) Eden: 2454016K(2454016K)->0K(2455040K) From: 144480K(144896K)->143156K(169472K)
[7117.460s][info][gc,heap        ] GC(2266) ParOldGen: 2257587K(2257920K)->2348787K(2349056K)
[7117.461s][info][gc,metaspace   ] GC(2266) Metaspace: 29083K(29504K)->29083K(29504K) NonClass: 24196K(24384K)->24196K(24384K) Class: 4886K(5120K)->4886K(5120K)
[7117.461s][info][gc             ] GC(2266) Pause Young (Allocation Failure) 4742M->2433M(4857M) 97.883ms
[7117.461s][info][gc,cpu         ] GC(2266) User=0.54s Sys=0.03s Real=0.10s
..[7119.081s][info][gc,start       ] GC(2267) Pause Young (Allocation Failure)
[7119.186s][info][gc,heap        ] GC(2267) PSYoungGen: 2598196K(2624512K)->158201K(2623488K) Eden: 2455040K(2455040K)->0K(2455040K) From: 143156K(169472K)->158201K(168448K)
[7119.186s][info][gc,heap        ] GC(2267) ParOldGen: 2348787K(2349056K)->2438595K(2438656K)
[7119.186s][info][gc,metaspace   ] GC(2267) Metaspace: 29083K(29504K)->29083K(29504K) NonClass: 24196K(24384K)->24196K(24384K) Class: 4886K(5120K)->4886K(5120K)
[7119.186s][info][gc             ] GC(2267) Pause Young (Allocation Failure) 4831M->2535M(4943M) 104.572ms
[7119.186s][info][gc,cpu         ] GC(2267) User=0.59s Sys=0.03s Real=0.10s
..[7120.786s][info][gc,start       ] GC(2268) Pause Young (Allocation Failure)
[7120.888s][info][gc,heap        ] GC(2268) PSYoungGen: 2613241K(2623488K)->152256K(2626560K) Eden: 2455040K(2455040K)->0K(2457088K) From: 158201K(168448K)->152256K(169472K)
[7120.888s][info][gc,heap        ] GC(2268) ParOldGen: 2438595K(2438656K)->2528867K(2529280K)
[7120.888s][info][gc,metaspace   ] GC(2268) Metaspace: 29083K(29504K)->29083K(29504K) NonClass: 24196K(24384K)->24196K(24384K) Class: 4886K(5120K)->4886K(5120K)
[7120.888s][info][gc             ] GC(2268) Pause Young (Allocation Failure) 4933M->2618M(5035M) 102.584ms
[7120.888s][info][gc,cpu         ] GC(2268) User=0.57s Sys=0.03s Real=0.11s
.[7122.403s][info][gc,start       ] GC(2269) Pause Young (Allocation Failure)
[7122.501s][info][gc,heap        ] GC(2269) PSYoungGen: 2609344K(2626560K)->142005K(2626048K) Eden: 2457088K(2457088K)->0K(2457088K) From: 152256K(169472K)->142005K(168960K)
[7122.501s][info][gc,heap        ] GC(2269) ParOldGen: 2528867K(2529280K)->2621123K(2621440K)
[7122.501s][info][gc,metaspace   ] GC(2269) Metaspace: 29083K(29504K)->29083K(29504K) NonClass: 24196K(24384K)->24196K(24384K) Class: 4886K(5120K)->4886K(5120K)
[7122.501s][info][gc             ] GC(2269) Pause Young (Allocation Failure) 5017M->2698M(5124M) 98.445ms
[7122.501s][info][gc,cpu         ] GC(2269) User=0.55s Sys=0.04s Real=0.10s
..[7124.134s][info][gc,start       ] GC(2270) Pause Young (Allocation Failure)
[7124.237s][info][gc,heap        ] GC(2270) PSYoungGen: 2599093K(2626048K)->151680K(2626048K) Eden: 2457088K(2457088K)->0K(2458624K) From: 142005K(168960K)->151680K(167424K)
[7124.237s][info][gc,heap        ] GC(2270) ParOldGen: 2621123K(2621440K)->2714835K(2715136K)
[7124.237s][info][gc,metaspace   ] GC(2270) Metaspace: 29083K(29504K)->29083K(29504K) NonClass: 24196K(24384K)->24196K(24384K) Class: 4886K(5120K)->4886K(5120K)
[7124.237s][info][gc             ] GC(2270) Pause Young (Allocation Failure) 5097M->2799M(5216M) 102.979ms
[7124.237s][info][gc,cpu         ] GC(2270) User=0.59s Sys=0.03s Real=0.10s
..[7125.858s][info][gc,start       ] GC(2271) Pause Young (Allocation Failure)
[7125.964s][info][gc,heap        ] GC(2271) PSYoungGen: 2610304K(2626048K)->154037K(2626048K) Eden: 2458624K(2458624K)->0K(2458624K) From: 151680K(167424K)->154037K(167424K)
[7125.964s][info][gc,heap        ] GC(2271) ParOldGen: 2714835K(2715136K)->2804707K(2804736K)
[7125.964s][info][gc,metaspace   ] GC(2271) Metaspace: 29083K(29504K)->29083K(29504K) NonClass: 24196K(24384K)->24196K(24384K) Class: 4886K(5120K)->4886K(5120K)
[7125.964s][info][gc             ] GC(2271) Pause Young (Allocation Failure) 5200M->2889M(5303M) 105.388ms
[7125.964s][info][gc,cpu         ] GC(2271) User=0.60s Sys=0.03s Real=0.10s
.[7127.558s][info][gc,start       ] GC(2272) Pause Young (Allocation Failure)
[7127.655s][info][gc,heap        ] GC(2272) PSYoungGen: 2612661K(2626048K)->138656K(2627584K) Eden: 2458624K(2458624K)->0K(2460160K) From: 154037K(167424K)->138656K(167424K)
[7127.655s][info][gc,heap        ] GC(2272) ParOldGen: 2804707K(2804736K)->2896379K(2896384K)
[7127.655s][info][gc,metaspace   ] GC(2272) Metaspace: 29083K(29504K)->29083K(29504K) NonClass: 24196K(24384K)->24196K(24384K) Class: 4886K(5120K)->4886K(5120K)
[7127.655s][info][gc             ] GC(2272) Pause Young (Allocation Failure) 5290M->2963M(5394M) 97.657ms
[7127.655s][info][gc,cpu         ] GC(2272) User=0.56s Sys=0.01s Real=0.09s
..[7129.306s][info][gc,start       ] GC(2273) Pause Young (Allocation Failure)
[7129.403s][info][gc,heap        ] GC(2273) PSYoungGen: 2598816K(2627584K)->142912K(2603520K) Eden: 2460160K(2460160K)->0K(2460160K) From: 138656K(167424K)->142912K(143360K)
[7129.403s][info][gc,heap        ] GC(2273) ParOldGen: 2896379K(2896384K)->2984027K(2984448K)
[7129.403s][info][gc,metaspace   ] GC(2273) Metaspace: 29083K(29504K)->29083K(29504K) NonClass: 24196K(24384K)->24196K(24384K) Class: 4886K(5120K)->4886K(5120K)
[7129.403s][info][gc             ] GC(2273) Pause Young (Allocation Failure) 5366M->3053M(5457M) 96.781ms
[7129.403s][info][gc,cpu         ] GC(2273) User=0.54s Sys=0.03s Real=0.10s
..[7130.938s][info][gc,start       ] GC(2274) Pause Young (Allocation Failure)
[7131.041s][info][gc,heap        ] GC(2274) PSYoungGen: 2603072K(2603520K)->148608K(2629120K) Eden: 2460160K(2460160K)->0K(2462208K) From: 142912K(143360K)->148608K(166912K)
[7131.041s][info][gc,heap        ] GC(2274) ParOldGen: 2984027K(2984448K)->3077883K(3078144K)
[7131.041s][info][gc,metaspace   ] GC(2274) Metaspace: 29083K(29504K)->29083K(29504K) NonClass: 24196K(24384K)->24196K(24384K) Class: 4886K(5120K)->4886K(5120K)
[7131.041s][info][gc             ] GC(2274) Pause Young (Allocation Failure) 5456M->3150M(5573M) 102.918ms
[7131.041s][info][gc,cpu         ] GC(2274) User=0.59s Sys=0.02s Real=0.10s
.[7132.722s][info][gc,start       ] GC(2275) Pause Young (Allocation Failure)
[7132.827s][info][gc,heap        ] GC(2275) PSYoungGen: 2610816K(2629120K)->153860K(2627584K) Eden: 2462208K(2462208K)->0K(2462208K) From: 148608K(166912K)->153860K(165376K)
[7132.827s][info][gc,heap        ] GC(2275) ParOldGen: 3077883K(3078144K)->3168027K(3168256K)
[7132.827s][info][gc,metaspace   ] GC(2275) Metaspace: 29083K(29504K)->29083K(29504K) NonClass: 24196K(24384K)->24196K(24384K) Class: 4886K(5120K)->4886K(5120K)
[7132.827s][info][gc             ] GC(2275) Pause Young (Allocation Failure) 5555M->3244M(5660M) 104.936ms
[7132.827s][info][gc,cpu         ] GC(2275) User=0.59s Sys=0.03s Real=0.10s
..[7134.449s][info][gc,start       ] GC(2276) Pause Young (Allocation Failure)
[7134.551s][info][gc,heap        ] GC(2276) PSYoungGen: 2616068K(2627584K)->142336K(2629632K) Eden: 2462208K(2462208K)->0K(2464768K) From: 153860K(165376K)->142336K(164864K)
[7134.551s][info][gc,heap        ] GC(2276) ParOldGen: 3168027K(3168256K)->3261139K(3261440K)
[7134.551s][info][gc,metaspace   ] GC(2276) Metaspace: 29083K(29504K)->29083K(29504K) NonClass: 24196K(24384K)->24196K(24384K) Class: 4886K(5120K)->4886K(5120K)
[7134.551s][info][gc             ] GC(2276) Pause Young (Allocation Failure) 5648M->3323M(5753M) 101.985ms
[7134.551s][info][gc,cpu         ] GC(2276) User=0.58s Sys=0.03s Real=0.10s
..[7136.119s][info][gc,start       ] GC(2277) Pause Young (Allocation Failure)
[7136.229s][info][gc,heap        ] GC(2277) PSYoungGen: 2607104K(2629632K)->164858K(2629632K) Eden: 2464768K(2464768K)->0K(2464768K) From: 142336K(164864K)->164858K(164864K)
[7136.229s][info][gc,heap        ] GC(2277) ParOldGen: 3261139K(3261440K)->3351339K(3351552K)
[7136.229s][info][gc,metaspace   ] GC(2277) Metaspace: 29083K(29504K)->29083K(29504K) NonClass: 24196K(24384K)->24196K(24384K) Class: 4886K(5120K)->4886K(5120K)
[7136.229s][info][gc             ] GC(2277) Pause Young (Allocation Failure) 5730M->3433M(5841M) 109.648ms
[7136.229s][info][gc,cpu         ] GC(2277) User=0.61s Sys=0.04s Real=0.11s
.[7137.782s][info][gc,start       ] GC(2278) Pause Young (Allocation Failure)
[7137.882s][info][gc,heap        ] GC(2278) PSYoungGen: 2629626K(2629632K)->142407K(2560000K) Eden: 2464768K(2464768K)->0K(2393600K) From: 164858K(164864K)->142407K(166400K)
[7137.882s][info][gc,heap        ] GC(2278) ParOldGen: 3351339K(3351552K)->3446131K(3446272K)
[7137.882s][info][gc,metaspace   ] GC(2278) Metaspace: 29083K(29504K)->29083K(29504K) NonClass: 24196K(24384K)->24196K(24384K) Class: 4886K(5120K)->4886K(5120K)
[7137.882s][info][gc             ] GC(2278) Pause Young (Allocation Failure) 5840M->3504M(5865M) 99.501ms
[7137.882s][info][gc,cpu         ] GC(2278) User=0.56s Sys=0.02s Real=0.10s
..[7139.501s][info][gc,start       ] GC(2279) Pause Young (Allocation Failure)
[7139.605s][info][gc,heap        ] GC(2279) PSYoungGen: 2536007K(2560000K)->149637K(2594816K) Eden: 2393600K(2393600K)->0K(2393600K) From: 142407K(166400K)->149637K(201216K)
[7139.605s][info][gc,heap        ] GC(2279) ParOldGen: 3446131K(3446272K)->3536571K(3536896K)
[7139.605s][info][gc,metaspace   ] GC(2279) Metaspace: 29083K(29504K)->29083K(29504K) NonClass: 24196K(24384K)->24196K(24384K) Class: 4886K(5120K)->4886K(5120K)
[7139.605s][info][gc             ] GC(2279) Pause Young (Allocation Failure) 5841M->3599M(5988M) 104.169ms
[7139.605s][info][gc,cpu         ] GC(2279) User=0.59s Sys=0.04s Real=0.10s
..[7141.142s][info][gc,start       ] GC(2280) Pause Young (Allocation Failure)
[7141.246s][info][gc,heap        ] GC(2280) PSYoungGen: 2543237K(2594816K)->153765K(2584576K) Eden: 2393600K(2393600K)->0K(2396672K) From: 149637K(201216K)->153765K(187904K)
[7141.246s][info][gc,heap        ] GC(2280) ParOldGen: 3536571K(3536896K)->3627075K(3627520K)
[7141.246s][info][gc,metaspace   ] GC(2280) Metaspace: 29083K(29504K)->29083K(29504K) NonClass: 24196K(24384K)->24196K(24384K) Class: 4886K(5120K)->4886K(5120K)
[7141.246s][info][gc             ] GC(2280) Pause Young (Allocation Failure) 5937M->3692M(6066M) 104.400ms
[7141.246s][info][gc,cpu         ] GC(2280) User=0.59s Sys=0.04s Real=0.10s
.[7142.781s][info][gc,start       ] GC(2281) Pause Young (Allocation Failure)
[7142.879s][info][gc,heap        ] GC(2281) PSYoungGen: 2550437K(2584576K)->140736K(2591232K) Eden: 2396672K(2396672K)->0K(2396672K) From: 153765K(187904K)->140736K(194560K)
[7142.879s][info][gc,heap        ] GC(2281) ParOldGen: 3627075K(3627520K)->3716939K(3717120K)
[7142.879s][info][gc,metaspace   ] GC(2281) Metaspace: 29083K(29504K)->29083K(29504K) NonClass: 24196K(24384K)->24196K(24384K) Class: 4886K(5120K)->4886K(5120K)
[7142.879s][info][gc             ] GC(2281) Pause Young (Allocation Failure) 6032M->3767M(6160M) 98.671ms
[7142.879s][info][gc,cpu         ] GC(2281) User=0.56s Sys=0.03s Real=0.10s
..[7144.418s][info][gc,start       ] GC(2282) Pause Young (Allocation Failure)
[7144.514s][info][gc,heap        ] GC(2282) PSYoungGen: 2537408K(2591232K)->135584K(2598912K) Eden: 2396672K(2396672K)->0K(2408448K) From: 140736K(194560K)->135584K(190464K)
[7144.514s][info][gc,heap        ] GC(2282) ParOldGen: 3716939K(3717120K)->3808419K(3808768K)
[7144.514s][info][gc,metaspace   ] GC(2282) Metaspace: 29083K(29504K)->29083K(29504K) NonClass: 24196K(24384K)->24196K(24384K) Class: 4886K(5120K)->4886K(5120K)
[7144.514s][info][gc             ] GC(2282) Pause Young (Allocation Failure) 6107M->3851M(6257M) 95.959ms
[7144.514s][info][gc,cpu         ] GC(2282) User=0.52s Sys=0.04s Real=0.09s
..[7146.075s][info][gc,start       ] GC(2283) Pause Young (Allocation Failure)
[7146.176s][info][gc,heap        ] GC(2283) PSYoungGen: 2544032K(2598912K)->147013K(2600960K) Eden: 2408448K(2408448K)->0K(2408448K) From: 135584K(190464K)->147013K(192512K)
[7146.176s][info][gc,heap        ] GC(2283) ParOldGen: 3808419K(3808768K)->3899283K(3899392K)
[7146.176s][info][gc,metaspace   ] GC(2283) Metaspace: 29083K(29504K)->29083K(29504K) NonClass: 24196K(24384K)->24196K(24384K) Class: 4886K(5120K)->4886K(5120K)
[7146.176s][info][gc             ] GC(2283) Pause Young (Allocation Failure) 6203M->3951M(6348M) 100.335ms
[7146.176s][info][gc,cpu         ] GC(2283) User=0.57s Sys=0.02s Real=0.10s
.[7147.567s][info][gc,start       ] GC(2284) Pause Full (Diagnostic Command)
[7147.567s][info][gc,phases,start] GC(2284) Marking Phase
[7147.865s][info][gc,phases      ] GC(2284) Marking Phase 297.150ms
[7147.865s][info][gc,phases,start] GC(2284) Summary Phase
[7147.865s][info][gc,phases      ] GC(2284) Summary Phase 0.076ms
[7147.865s][info][gc,phases,start] GC(2284) Forward
[7148.066s][info][gc,phases      ] GC(2284) Forward 201.331ms
[7148.066s][info][gc,phases,start] GC(2284) Adjust Pointers
[7148.278s][info][gc,phases      ] GC(2284) Adjust Pointers 211.562ms
[7148.278s][info][gc,phases,start] GC(2284) Compaction Phase
[7148.482s][info][gc,phases      ] GC(2284) Compaction Phase 204.713ms
[7148.485s][info][gc,phases,start] GC(2284) Post Compact
[7148.491s][info][gc,phases      ] GC(2284) Post Compact 5.196ms
[7148.491s][info][gc,heap        ] GC(2284) PSYoungGen: 2357752K(2600960K)->0K(2600960K) Eden: 2210739K(2408448K)->0K(2408448K) From: 147013K(192512K)->0K(192512K)
[7148.491s][info][gc,heap        ] GC(2284) ParOldGen: 3899283K(3899392K)->1153643K(3899392K)
[7148.491s][info][gc,metaspace   ] GC(2284) Metaspace: 29083K(29504K)->29083K(29504K) NonClass: 24196K(24384K)->24196K(24384K) Class: 4886K(5120K)->4886K(5120K)
[7148.491s][info][gc             ] GC(2284) Pause Full (Diagnostic Command) 6110M->1126M(6348M) 923.214ms
[7148.491s][info][gc,cpu         ] GC(2284) User=4.78s Sys=0.01s Real=0.92s
..[7149.895s][info][gc,start       ] GC(2285) Pause Young (Allocation Failure)
[7149.969s][info][gc,heap        ] GC(2285) PSYoungGen: 2408448K(2600960K)->161600K(2602496K) Eden: 2408448K(2408448K)->0K(2413056K) From: 0K(192512K)->161600K(189440K)
[7149.969s][info][gc,heap        ] GC(2285) ParOldGen: 1153643K(3899392K)->1153643K(3899392K)
[7149.969s][info][gc,metaspace   ] GC(2285) Metaspace: 29083K(29504K)->29083K(29504K) NonClass: 24196K(24384K)->24196K(24384K) Class: 4886K(5120K)->4886K(5120K)
[7149.969s][info][gc             ] GC(2285) Pause Young (Allocation Failure) 3478M->1284M(6349M) 74.655ms
[7149.969s][info][gc,cpu         ] GC(2285) User=0.44s Sys=0.00s Real=0.08s
.[7151.394s][info][gc,start       ] GC(2286) Pause Young (Allocation Failure)
[7151.490s][info][gc,heap        ] GC(2286) PSYoungGen: 2574656K(2602496K)->146752K(2602496K) Eden: 2413056K(2413056K)->0K(2413056K) From: 161600K(189440K)->146752K(189440K)
[7151.490s][info][gc,heap        ] GC(2286) ParOldGen: 1153643K(3899392K)->1246203K(3899392K)
[7151.490s][info][gc,metaspace   ] GC(2286) Metaspace: 29083K(29504K)->29083K(29504K) NonClass: 24196K(24384K)->24196K(24384K) Class: 4886K(5120K)->4886K(5120K)
[7151.490s][info][gc             ] GC(2286) Pause Young (Allocation Failure) 3640M->1360M(6349M) 95.205ms
[7151.490s][info][gc,cpu         ] GC(2286) User=0.57s Sys=0.00s Real=0.10s
.[7153.005s][info][gc,start       ] GC(2287) Pause Young (Allocation Failure)
[7153.099s][info][gc,heap        ] GC(2287) PSYoungGen: 2559808K(2602496K)->143072K(2604544K) Eden: 2413056K(2413056K)->0K(2419200K) From: 146752K(189440K)->143072K(185344K)
[7153.099s][info][gc,heap        ] GC(2287) ParOldGen: 1246203K(3899392K)->1338755K(3899392K)
[7153.099s][info][gc,metaspace   ] GC(2287) Metaspace: 29083K(29504K)->29083K(29504K) NonClass: 24196K(24384K)->24196K(24384K) Class: 4886K(5120K)->4886K(5120K)
[7153.099s][info][gc             ] GC(2287) Pause Young (Allocation Failure) 3716M->1447M(6351M) 94.081ms
[7153.099s][info][gc,cpu         ] GC(2287) User=0.56s Sys=0.00s Real=0.10s
..[7154.518s][info][gc,start       ] GC(2288) Pause Young (Allocation Failure)
[7154.612s][info][gc,heap        ] GC(2288) PSYoungGen: 2562272K(2604544K)->145989K(2604032K) Eden: 2419200K(2419200K)->0K(2419200K) From: 143072K(185344K)->145989K(184832K)
[7154.612s][info][gc,heap        ] GC(2288) ParOldGen: 1338755K(3899392K)->1426203K(3899392K)
[7154.612s][info][gc,metaspace   ] GC(2288) Metaspace: 29083K(29504K)->29083K(29504K) NonClass: 24196K(24384K)->24196K(24384K) Class: 4886K(5120K)->4886K(5120K)
[7154.612s][info][gc             ] GC(2288) Pause Young (Allocation Failure) 3809M->1535M(6351M) 94.388ms
[7154.612s][info][gc,cpu         ] GC(2288) User=0.56s Sys=0.00s Real=0.09s
.[7156.100s][info][gc,start       ] GC(2289) Pause Young (Allocation Failure)
[7156.196s][info][gc,heap        ] GC(2289) PSYoungGen: 2565189K(2604032K)->152368K(2607616K) Eden: 2419200K(2419200K)->0K(2428416K) From: 145989K(184832K)->152368K(179200K)
[7156.196s][info][gc,heap        ] GC(2289) ParOldGen: 1426203K(3899392K)->1516019K(3899392K)
[7156.196s][info][gc,metaspace   ] GC(2289) Metaspace: 29083K(29504K)->29083K(29504K) NonClass: 24196K(24384K)->24196K(24384K) Class: 4886K(5120K)->4886K(5120K)
[7156.196s][info][gc             ] GC(2289) Pause Young (Allocation Failure) 3897M->1629M(6354M) 96.017ms
[7156.196s][info][gc,cpu         ] GC(2289) User=0.57s Sys=0.00s Real=0.09s
..[7157.701s][info][gc,start       ] GC(2290) Pause Young (Allocation Failure)
[7157.796s][info][gc,heap        ] GC(2290) PSYoungGen: 2580784K(2607616K)->146484K(2608128K) Eden: 2428416K(2428416K)->0K(2428416K) From: 152368K(179200K)->146484K(179712K)
[7157.796s][info][gc,heap        ] GC(2290) ParOldGen: 1516019K(3899392K)->1606147K(3899392K)
[7157.796s][info][gc,metaspace   ] GC(2290) Metaspace: 29083K(29504K)->29083K(29504K) NonClass: 24196K(24384K)->24196K(24384K) Class: 4886K(5120K)->4886K(5120K)
[7157.796s][info][gc             ] GC(2290) Pause Young (Allocation Failure) 4000M->1711M(6355M) 94.782ms
[7157.796s][info][gc,cpu         ] GC(2290) User=0.56s Sys=0.00s Real=0.09s
..[7159.360s][info][gc,start       ] GC(2291) Pause Young (Allocation Failure)
[7159.451s][info][gc,heap        ] GC(2291) PSYoungGen: 2574900K(2608128K)->137504K(2615296K) Eden: 2428416K(2428416K)->0K(2437632K) From: 146484K(179712K)->137504K(177664K)
[7159.451s][info][gc,heap        ] GC(2291) ParOldGen: 1606147K(3899392K)->1697155K(3899392K)
[7159.451s][info][gc,metaspace   ] GC(2291) Metaspace: 29083K(29504K)->29083K(29504K) NonClass: 24196K(24384K)->24196K(24384K) Class: 4886K(5120K)->4886K(5120K)
[7159.451s][info][gc             ] GC(2291) Pause Young (Allocation Failure) 4083M->1791M(6362M) 91.211ms
[7159.451s][info][gc,cpu         ] GC(2291) User=0.54s Sys=0.00s Real=0.09s
.[7161.085s][info][gc,start       ] GC(2292) Pause Young (Allocation Failure)
[7161.186s][info][gc,heap        ] GC(2292) PSYoungGen: 2575136K(2615296K)->160645K(2614784K) Eden: 2437632K(2437632K)->0K(2437632K) From: 137504K(177664K)->160645K(177152K)
[7161.186s][info][gc,heap        ] GC(2292) ParOldGen: 1697155K(3899392K)->1786379K(3899392K)
[7161.186s][info][gc,metaspace   ] GC(2292) Metaspace: 29083K(29504K)->29083K(29504K) NonClass: 24196K(24384K)->24196K(24384K) Class: 4886K(5120K)->4886K(5120K)
[7161.186s][info][gc             ] GC(2292) Pause Young (Allocation Failure) 4172M->1901M(6361M) 101.319ms
[7161.186s][info][gc,cpu         ] GC(2292) User=0.61s Sys=0.00s Real=0.10s
..[7162.776s][info][gc,start       ] GC(2293) Pause Young (Allocation Failure)
[7162.869s][info][gc,heap        ] GC(2293) PSYoungGen: 2598277K(2614784K)->144096K(2617344K) Eden: 2437632K(2437632K)->0K(2440192K) From: 160645K(177152K)->144096K(177152K)
[7162.869s][info][gc,heap        ] GC(2293) ParOldGen: 1786379K(3899392K)->1877555K(3899392K)
[7162.869s][info][gc,metaspace   ] GC(2293) Metaspace: 29083K(29504K)->29083K(29504K) NonClass: 24196K(24384K)->24196K(24384K) Class: 4886K(5120K)->4886K(5120K)
[7162.869s][info][gc             ] GC(2293) Pause Young (Allocation Failure) 4281M->1974M(6364M) 93.039ms
[7162.869s][info][gc,cpu         ] GC(2293) User=0.55s Sys=0.00s Real=0.10s
..[7164.503s][info][gc,start       ] GC(2294) Pause Young (Allocation Failure)
[7164.596s][info][gc,heap        ] GC(2294) PSYoungGen: 2584288K(2617344K)->143225K(2617344K) Eden: 2440192K(2440192K)->0K(2440192K) From: 144096K(177152K)->143225K(177152K)
[7164.596s][info][gc,heap        ] GC(2294) ParOldGen: 1877555K(3899392K)->1969867K(3899392K)
[7164.596s][info][gc,metaspace   ] GC(2294) Metaspace: 29083K(29504K)->29083K(29504K) NonClass: 24196K(24384K)->24196K(24384K) Class: 4886K(5120K)->4886K(5120K)
[7164.596s][info][gc             ] GC(2294) Pause Young (Allocation Failure) 4357M->2063M(6364M) 93.166ms
[7164.596s][info][gc,cpu         ] GC(2294) User=0.56s Sys=0.00s Real=0.09s
.[7166.215s][info][gc,start       ] GC(2295) Pause Young (Allocation Failure)
[7166.308s][info][gc,heap        ] GC(2295) PSYoungGen: 2583417K(2617344K)->138996K(2617856K) Eden: 2440192K(2440192K)->0K(2442752K) From: 143225K(177152K)->138996K(175104K)
[7166.308s][info][gc,heap        ] GC(2295) ParOldGen: 1969867K(3899392K)->2060131K(3899392K)
[7166.308s][info][gc,metaspace   ] GC(2295) Metaspace: 29083K(29504K)->29083K(29504K) NonClass: 24196K(24384K)->24196K(24384K) Class: 4886K(5120K)->4886K(5120K)
[7166.308s][info][gc             ] GC(2295) Pause Young (Allocation Failure) 4446M->2147M(6364M) 93.209ms
[7166.308s][info][gc,cpu         ] GC(2295) User=0.55s Sys=0.00s Real=0.10s
..[7167.966s][info][gc,start       ] GC(2296) Pause Young (Allocation Failure)
[7168.065s][info][gc,heap        ] GC(2296) PSYoungGen: 2581748K(2617856K)->153624K(2617344K) Eden: 2442752K(2442752K)->0K(2442752K) From: 138996K(175104K)->153624K(174592K)
[7168.065s][info][gc,heap        ] GC(2296) ParOldGen: 2060131K(3899392K)->2150947K(3899392K)
[7168.065s][info][gc,metaspace   ] GC(2296) Metaspace: 29083K(29504K)->29083K(29504K) NonClass: 24196K(24384K)->24196K(24384K) Class: 4886K(5120K)->4886K(5120K)
[7168.065s][info][gc             ] GC(2296) Pause Young (Allocation Failure) 4533M->2250M(6364M) 99.533ms
[7168.065s][info][gc,cpu         ] GC(2296) User=0.59s Sys=0.00s Real=0.10s
..[7169.729s][info][gc,start       ] GC(2297) Pause Young (Allocation Failure)
[7169.821s][info][gc,heap        ] GC(2297) PSYoungGen: 2596376K(2617344K)->142560K(2619392K) Eden: 2442752K(2442752K)->0K(2447360K) From: 153624K(174592K)->142560K(172032K)
[7169.821s][info][gc,heap        ] GC(2297) ParOldGen: 2150947K(3899392K)->2240947K(3899392K)
[7169.821s][info][gc,metaspace   ] GC(2297) Metaspace: 29083K(29504K)->29083K(29504K) NonClass: 24196K(24384K)->24196K(24384K) Class: 4886K(5120K)->4886K(5120K)
[7169.821s][info][gc             ] GC(2297) Pause Young (Allocation Failure) 4636M->2327M(6366M) 92.555ms
[7169.821s][info][gc,cpu         ] GC(2297) User=0.55s Sys=0.00s Real=0.09s
. (rIR:aIR:PR = 11761:11729:11727) (tPR = 174850) [OK] 
  7170s: Performance info:
         Transaction,    Success,    Partial,     Failed,   Receipts, AvgBarcode, 
             Overall,     703997,          0,          0,     668535,      59.48, 
         Response times:
             Request,    Success,    Partial,     Failed,   SkipFail,     Probes,    Samples,      min,      p50,      p90,      p95,      p99,      max, 
       TotalPurchase,     668722,          0,          0,          0,     327835,     391681,      200,    18900,   253000,   421000,   670000,   810000,
     InStorePurchase,     349257,          0,          0,          0,     170626,     205000,      200,    19400,   256000,   408000,   640000,   810000,
      OnlinePurchase,     248856,          0,          0,          0,     121154,     144553,      300,    17900,   256000,   434000,   690000,   810000,
        InstPurchase,      70609,          0,          0,          0,      36055,      42128,      300,    21000,   225000,   475000,   660000,   810000,
          AssocOfCat,        708,          0,          0,          0,        539,        736,    19500,    66000,   365600,   512500,   646300,   720000,
      AssocOfProduct,       7089,          0,          0,          0,       4132,       4947,     1000,    25000,   273000,   444600,   610000,   800000,
      BusinessReport,       1773,          0,          0,          0,       1477,       1893,    30000,    82000,   322000,   491000,   700000,  1100000,
          CustBuyBeh,       7074,          0,          0,          0,       4145,       5000,      300,    21000,   283000,   438000,   590000,   810000,
       ProductReturn,      18885,          0,          0,          0,       9343,      10995,      200,    19600,   223000,   404200,   650000,   800000,

  7170s: (86%)   IR =  11900 .[7171.479s][info][gc,start       ] GC(2298) Pause Young (Allocation Failure)
[7171.579s][info][gc,heap        ] GC(2298) PSYoungGen: 2589920K(2619392K)->147700K(2619904K) Eden: 2447360K(2447360K)->0K(2447360K) From: 142560K(172032K)->147700K(172544K)
[7171.579s][info][gc,heap        ] GC(2298) ParOldGen: 2240947K(3899392K)->2332507K(3899392K)
[7171.579s][info][gc,metaspace   ] GC(2298) Metaspace: 29083K(29504K)->29083K(29504K) NonClass: 24196K(24384K)->24196K(24384K) Class: 4886K(5120K)->4886K(5120K)
[7171.579s][info][gc             ] GC(2298) Pause Young (Allocation Failure) 4717M->2422M(6366M) 99.657ms
[7171.579s][info][gc,cpu         ] GC(2298) User=0.58s Sys=0.00s Real=0.10s
.[7173.178s][info][gc,start       ] GC(2299) Pause Young (Allocation Failure)
[7173.277s][info][gc,heap        ] GC(2299) PSYoungGen: 2595060K(2619904K)->154180K(2620928K) Eden: 2447360K(2447360K)->0K(2450944K) From: 147700K(172544K)->154180K(169984K)
[7173.277s][info][gc,heap        ] GC(2299) ParOldGen: 2332507K(3899392K)->2423787K(3899392K)
[7173.277s][info][gc,metaspace   ] GC(2299) Metaspace: 29083K(29504K)->29083K(29504K) NonClass: 24196K(24384K)->24196K(24384K) Class: 4886K(5120K)->4886K(5120K)
[7173.277s][info][gc             ] GC(2299) Pause Young (Allocation Failure) 4812M->2517M(6367M) 98.811ms
[7173.277s][info][gc,cpu         ] GC(2299) User=0.59s Sys=0.00s Real=0.09s
..[7174.858s][info][gc,start       ] GC(2300) Pause Young (Allocation Failure)
[7174.957s][info][gc,heap        ] GC(2300) PSYoungGen: 2605124K(2620928K)->150062K(2621440K) Eden: 2450944K(2450944K)->0K(2450944K) From: 154180K(169984K)->150062K(170496K)
[7174.957s][info][gc,heap        ] GC(2300) ParOldGen: 2423787K(3899392K)->2515419K(3899392K)
[7174.957s][info][gc,metaspace   ] GC(2300) Metaspace: 29083K(29504K)->29083K(29504K) NonClass: 24196K(24384K)->24196K(24384K) Class: 4886K(5120K)->4886K(5120K)
[7174.957s][info][gc             ] GC(2300) Pause Young (Allocation Failure) 4911M->2603M(6368M) 98.999ms
[7174.957s][info][gc,cpu         ] GC(2300) User=0.59s Sys=0.00s Real=0.09s
..[7176.608s][info][gc,start       ] GC(2301) Pause Young (Allocation Failure)
[7176.707s][info][gc,heap        ] GC(2301) PSYoungGen: 2601006K(2621440K)->151454K(2624512K) Eden: 2450944K(2450944K)->0K(2456064K) From: 150062K(170496K)->151454K(168448K)
[7176.707s][info][gc,heap        ] GC(2301) ParOldGen: 2515419K(3899392K)->2605755K(3899392K)
[7176.707s][info][gc,metaspace   ] GC(2301) Metaspace: 29083K(29504K)->29083K(29504K) NonClass: 24196K(24384K)->24196K(24384K) Class: 4886K(5120K)->4886K(5120K)
[7176.707s][info][gc             ] GC(2301) Pause Young (Allocation Failure) 4996M->2692M(6371M) 98.858ms
[7176.707s][info][gc,cpu         ] GC(2301) User=0.59s Sys=0.00s Real=0.09s
.[7178.314s][info][gc,start       ] GC(2302) Pause Young (Allocation Failure)
[7178.406s][info][gc,heap        ] GC(2302) PSYoungGen: 2607518K(2624512K)->136224K(2624000K) Eden: 2456064K(2456064K)->0K(2456064K) From: 151454K(168448K)->136224K(167936K)
[7178.406s][info][gc,heap        ] GC(2302) ParOldGen: 2605755K(3899392K)->2697611K(3899392K)
[7178.406s][info][gc,metaspace   ] GC(2302) Metaspace: 29083K(29504K)->29083K(29504K) NonClass: 24196K(24384K)->24196K(24384K) Class: 4886K(5120K)->4886K(5120K)
[7178.406s][info][gc             ] GC(2302) Pause Young (Allocation Failure) 5091M->2767M(6370M) 92.199ms
[7178.406s][info][gc,cpu         ] GC(2302) User=0.54s Sys=0.00s Real=0.09s
..[7180.015s][info][gc,start       ] GC(2303) Pause Young (Allocation Failure)
[7180.110s][info][gc,heap        ] GC(2303) PSYoungGen: 2592288K(2624000K)->148544K(2625536K) Eden: 2456064K(2456064K)->0K(2460160K) From: 136224K(167936K)->148544K(165376K)
[7180.110s][info][gc,heap        ] GC(2303) ParOldGen: 2697611K(3899392K)->2784827K(3899392K)
[7180.110s][info][gc,metaspace   ] GC(2303) Metaspace: 29083K(29504K)->29083K(29504K) NonClass: 24196K(24384K)->24196K(24384K) Class: 4886K(5120K)->4886K(5120K)
[7180.110s][info][gc             ] GC(2303) Pause Young (Allocation Failure) 5165M->2864M(6372M) 94.594ms
[7180.110s][info][gc,cpu         ] GC(2303) User=0.56s Sys=0.00s Real=0.10s
..[7181.740s][info][gc,start       ] GC(2304) Pause Young (Allocation Failure)
[7181.837s][info][gc,heap        ] GC(2304) PSYoungGen: 2608704K(2625536K)->145152K(2626560K) Eden: 2460160K(2460160K)->0K(2460160K) From: 148544K(165376K)->145152K(166400K)
[7181.837s][info][gc,heap        ] GC(2304) ParOldGen: 2784827K(3899392K)->2877979K(3899392K)
[7181.837s][info][gc,metaspace   ] GC(2304) Metaspace: 29083K(29504K)->29083K(29504K) NonClass: 24196K(24384K)->24196K(24384K) Class: 4886K(5120K)->4886K(5120K)
[7181.837s][info][gc             ] GC(2304) Pause Young (Allocation Failure) 5267M->2952M(6373M) 97.035ms
[7181.837s][info][gc,cpu         ] GC(2304) User=0.58s Sys=0.00s Real=0.09s
.[7183.316s][info][gc,start       ] GC(2305) Pause Young (Allocation Failure)
[7183.408s][info][gc,heap        ] GC(2305) PSYoungGen: 2605312K(2626560K)->140032K(2629120K) Eden: 2460160K(2460160K)->0K(2464768K) From: 145152K(166400K)->140032K(164352K)
[7183.408s][info][gc,heap        ] GC(2305) ParOldGen: 2877979K(3899392K)->2967267K(3899392K)
[7183.408s][info][gc,metaspace   ] GC(2305) Metaspace: 29083K(29504K)->29083K(29504K) NonClass: 24196K(24384K)->24196K(24384K) Class: 4886K(5120K)->4886K(5120K)
[7183.408s][info][gc             ] GC(2305) Pause Young (Allocation Failure) 5354M->3034M(6375M) 91.767ms
[7183.408s][info][gc,cpu         ] GC(2305) User=0.54s Sys=0.00s Real=0.10s
..[7185.010s][info][gc,start       ] GC(2306) Pause Young (Allocation Failure)
[7185.108s][info][gc,heap        ] GC(2306) PSYoungGen: 2604800K(2629120K)->152864K(2629120K) Eden: 2464768K(2464768K)->0K(2464768K) From: 140032K(164352K)->152864K(164352K)
[7185.108s][info][gc,heap        ] GC(2306) ParOldGen: 2967267K(3899392K)->3056371K(3899392K)
[7185.108s][info][gc,metaspace   ] GC(2306) Metaspace: 29083K(29504K)->29083K(29504K) NonClass: 24196K(24384K)->24196K(24384K) Class: 4886K(5120K)->4886K(5120K)
[7185.108s][info][gc             ] GC(2306) Pause Young (Allocation Failure) 5441M->3134M(6375M) 98.282ms
[7185.108s][info][gc,cpu         ] GC(2306) User=0.58s Sys=0.00s Real=0.10s
..|[7186.697s][info][gc,start       ] GC(2307) Pause Young (Allocation Failure)
[7186.792s][info][gc,heap        ] GC(2307) PSYoungGen: 2617632K(2629120K)->146720K(2629120K) Eden: 2464768K(2464768K)->0K(2466816K) From: 152864K(164352K)->146720K(162304K)
[7186.792s][info][gc,heap        ] GC(2307) ParOldGen: 3056371K(3899392K)->3149955K(3899392K)
[7186.792s][info][gc,metaspace   ] GC(2307) Metaspace: 29083K(29504K)->29083K(29504K) NonClass: 24196K(24384K)->24196K(24384K) Class: 4886K(5120K)->4886K(5120K)
[7186.792s][info][gc             ] GC(2307) Pause Young (Allocation Failure) 5541M->3219M(6375M) 95.241ms
[7186.792s][info][gc,cpu         ] GC(2307) User=0.57s Sys=0.00s Real=0.10s
.[7188.360s][info][gc,start       ] GC(2308) Pause Young (Allocation Failure)
[7188.453s][info][gc,heap        ] GC(2308) PSYoungGen: 2613536K(2629120K)->136960K(2630144K) Eden: 2466816K(2466816K)->0K(2466816K) From: 146720K(162304K)->136960K(163328K)
[7188.453s][info][gc,heap        ] GC(2308) ParOldGen: 3149955K(3899392K)->3242643K(3899392K)
[7188.453s][info][gc,metaspace   ] GC(2308) Metaspace: 29083K(29504K)->29083K(29504K) NonClass: 24196K(24384K)->24196K(24384K) Class: 4886K(5120K)->4886K(5120K)
[7188.453s][info][gc             ] GC(2308) Pause Young (Allocation Failure) 5628M->3300M(6376M) 93.566ms
[7188.453s][info][gc,cpu         ] GC(2308) User=0.56s Sys=0.00s Real=0.09s
..[7190.087s][info][gc,start       ] GC(2309) Pause Young (Allocation Failure)
[7190.188s][info][gc,heap        ] GC(2309) PSYoungGen: 2603776K(2630144K)->155253K(2629120K) Eden: 2466816K(2466816K)->0K(2465280K) From: 136960K(163328K)->155253K(163840K)
[7190.188s][info][gc,heap        ] GC(2309) ParOldGen: 3242643K(3899392K)->3332827K(3899392K)
[7190.188s][info][gc,metaspace   ] GC(2309) Metaspace: 29083K(29504K)->29083K(29504K) NonClass: 24196K(24384K)->24196K(24384K) Class: 4886K(5120K)->4886K(5120K)
[7190.188s][info][gc             ] GC(2309) Pause Young (Allocation Failure) 5709M->3406M(6375M) 101.420ms
[7190.188s][info][gc,cpu         ] GC(2309) User=0.60s Sys=0.00s Real=0.11s
..[7191.915s][info][gc,start       ] GC(2310) Pause Young (Allocation Failure)
[7192.015s][info][gc,heap        ] GC(2310) PSYoungGen: 2620533K(2629120K)->152736K(2630656K) Eden: 2465280K(2465280K)->0K(2465280K) From: 155253K(163840K)->152736K(165376K)
[7192.016s][info][gc,heap        ] GC(2310) ParOldGen: 3332827K(3899392K)->3425459K(3899392K)
[7192.016s][info][gc,metaspace   ] GC(2310) Metaspace: 29083K(29504K)->29083K(29504K) NonClass: 24196K(24384K)->24196K(24384K) Class: 4886K(5120K)->4886K(5120K)
[7192.016s][info][gc             ] GC(2310) Pause Young (Allocation Failure) 5813M->3494M(6377M) 100.762ms
[7192.016s][info][gc,cpu         ] GC(2310) User=0.60s Sys=0.00s Real=0.10s
.[7193.543s][info][gc,start       ] GC(2311) Pause Young (Allocation Failure)
[7193.640s][info][gc,heap        ] GC(2311) PSYoungGen: 2618016K(2630656K)->144016K(2628608K) Eden: 2465280K(2465280K)->0K(2465280K) From: 152736K(165376K)->144016K(163328K)
[7193.640s][info][gc,heap        ] GC(2311) ParOldGen: 3425459K(3899392K)->3516827K(3899392K)
[7193.640s][info][gc,metaspace   ] GC(2311) Metaspace: 29083K(29504K)->29083K(29504K) NonClass: 24196K(24384K)->24196K(24384K) Class: 4886K(5120K)->4886K(5120K)
[7193.640s][info][gc             ] GC(2311) Pause Young (Allocation Failure) 5901M->3575M(6375M) 97.093ms
[7193.640s][info][gc,cpu         ] GC(2311) User=0.57s Sys=0.00s Real=0.10s
..[7195.271s][info][gc,start       ] GC(2312) Pause Young (Allocation Failure)
[7195.365s][info][gc,heap        ] GC(2312) PSYoungGen: 2609296K(2628608K)->141168K(2629632K) Eden: 2465280K(2465280K)->0K(2465280K) From: 144016K(163328K)->141168K(164352K)
[7195.365s][info][gc,heap        ] GC(2312) ParOldGen: 3516827K(3899392K)->3607803K(3899392K)
[7195.365s][info][gc,metaspace   ] GC(2312) Metaspace: 29083K(29504K)->29083K(29504K) NonClass: 24196K(24384K)->24196K(24384K) Class: 4886K(5120K)->4886K(5120K)
[7195.365s][info][gc             ] GC(2312) Pause Young (Allocation Failure) 5982M->3661M(6376M) 94.226ms
[7195.365s][info][gc,cpu         ] GC(2312) User=0.56s Sys=0.00s Real=0.09s
..[7196.932s][info][gc,start       ] GC(2313) Pause Young (Allocation Failure)
[7197.029s][info][gc,heap        ] GC(2313) PSYoungGen: 2606448K(2629632K)->148128K(2629120K) Eden: 2465280K(2465280K)->0K(2467840K) From: 141168K(164352K)->148128K(161280K)
[7197.029s][info][gc,heap        ] GC(2313) ParOldGen: 3607803K(3899392K)->3701723K(3899392K)
[7197.029s][info][gc,metaspace   ] GC(2313) Metaspace: 29083K(29504K)->29083K(29504K) NonClass: 24196K(24384K)->24196K(24384K) Class: 4886K(5120K)->4886K(5120K)
[7197.029s][info][gc             ] GC(2313) Pause Young (Allocation Failure) 6068M->3759M(6375M) 96.584ms
[7197.029s][info][gc,cpu         ] GC(2313) User=0.58s Sys=0.00s Real=0.10s
.[7198.600s][info][gc,start       ] GC(2314) Pause Young (Allocation Failure)
[7198.699s][info][gc,heap        ] GC(2314) PSYoungGen: 2615968K(2629120K)->146304K(2630656K) Eden: 2467840K(2467840K)->0K(2467840K) From: 148128K(161280K)->146304K(162816K)
[7198.699s][info][gc,heap        ] GC(2314) ParOldGen: 3701723K(3899392K)->3792363K(3899392K)
[7198.699s][info][gc,metaspace   ] GC(2314) Metaspace: 29083K(29504K)->29083K(29504K) NonClass: 24196K(24384K)->24196K(24384K) Class: 4886K(5120K)->4886K(5120K)
[7198.699s][info][gc             ] GC(2314) Pause Young (Allocation Failure) 6169M->3846M(6377M) 98.436ms
[7198.699s][info][gc,cpu         ] GC(2314) User=0.57s Sys=0.00s Real=0.10s
..[7200.362s][info][gc,start       ] GC(2315) Pause Young (Allocation Failure)
[7200.457s][info][gc,heap        ] GC(2315) PSYoungGen: 2614144K(2630656K)->141984K(2632192K) Eden: 2467840K(2467840K)->0K(2471936K) From: 146304K(162816K)->141984K(160256K)
[7200.457s][info][gc,heap        ] GC(2315) ParOldGen: 3792363K(3899392K)->3882883K(3899392K)
[7200.457s][info][gc,metaspace   ] GC(2315) Metaspace: 29083K(29504K)->29083K(29504K) NonClass: 24196K(24384K)->24196K(24384K) Class: 4886K(5120K)->4886K(5120K)
[7200.457s][info][gc             ] GC(2315) Pause Young (Allocation Failure) 6256M->3930M(6378M) 94.752ms
[7200.457s][info][gc,cpu         ] GC(2315) User=0.56s Sys=0.01s Real=0.09s
..[7202.052s][info][gc,start       ] GC(2316) Pause Young (Allocation Failure)
[7202.163s][info][gc,heap        ] GC(2316) PSYoungGen: 2613920K(2632192K)->158800K(2631168K) Eden: 2471936K(2471936K)->0K(2471936K) From: 141984K(160256K)->158800K(159232K)
[7202.163s][info][gc,heap        ] GC(2316) ParOldGen: 3882883K(3899392K)->3977659K(3977728K)
[7202.163s][info][gc,metaspace   ] GC(2316) Metaspace: 29083K(29504K)->29083K(29504K) NonClass: 24196K(24384K)->24196K(24384K) Class: 4886K(5120K)->4886K(5120K)
[7202.163s][info][gc             ] GC(2316) Pause Young (Allocation Failure) 6344M->4039M(6454M) 110.825ms
[7202.163s][info][gc,cpu         ] GC(2316) User=0.64s Sys=0.02s Real=0.11s
..[7203.779s][info][gc,start       ] GC(2317) Pause Young (Allocation Failure)
[7203.885s][info][gc,heap        ] GC(2317) PSYoungGen: 2630736K(2631168K)->154585K(2630144K) Eden: 2471936K(2471936K)->0K(2466304K) From: 158800K(159232K)->154585K(163840K)
[7203.885s][info][gc,heap        ] GC(2317) ParOldGen: 3977659K(3977728K)->4067643K(4067840K)
[7203.885s][info][gc,metaspace   ] GC(2317) Metaspace: 29083K(29504K)->29083K(29504K) NonClass: 24196K(24384K)->24196K(24384K) Class: 4886K(5120K)->4886K(5120K)
[7203.885s][info][gc             ] GC(2317) Pause Young (Allocation Failure) 6453M->4123M(6541M) 106.172ms
[7203.885s][info][gc,cpu         ] GC(2317) User=0.60s Sys=0.03s Real=0.10s
.[7205.467s][info][gc,start       ] GC(2318) Pause Young (Allocation Failure)
[7205.567s][info][gc,heap        ] GC(2318) PSYoungGen: 2620889K(2630144K)->140816K(2631168K) Eden: 2466304K(2466304K)->0K(2466304K) From: 154585K(163840K)->140816K(164864K)
[7205.567s][info][gc,heap        ] GC(2318) ParOldGen: 4067643K(4067840K)->4157355K(4157440K)
[7205.567s][info][gc,metaspace   ] GC(2318) Metaspace: 29083K(29504K)->29083K(29504K) NonClass: 24196K(24384K)->24196K(24384K) Class: 4886K(5120K)->4886K(5120K)
[7205.567s][info][gc             ] GC(2318) Pause Young (Allocation Failure) 6531M->4197M(6629M) 99.789ms
[7205.567s][info][gc,cpu         ] GC(2318) User=0.56s Sys=0.03s Real=0.10s
..[7207.192s][info][gc,start       ] GC(2319) Pause Young (Allocation Failure)
[7207.296s][info][gc,heap        ] GC(2319) PSYoungGen: 2607120K(2631168K)->152600K(2630656K) Eden: 2466304K(2466304K)->0K(2466304K) From: 140816K(164864K)->152600K(164352K)
[7207.296s][info][gc,heap        ] GC(2319) ParOldGen: 4157355K(4157440K)->4250099K(4250112K)
[7207.296s][info][gc,metaspace   ] GC(2319) Metaspace: 29083K(29504K)->29083K(29504K) NonClass: 24196K(24384K)->24196K(24384K) Class: 4886K(5120K)->4886K(5120K)
[7207.296s][info][gc             ] GC(2319) Pause Young (Allocation Failure) 6605M->4299M(6719M) 103.866ms
[7207.296s][info][gc,cpu         ] GC(2319) User=0.59s Sys=0.03s Real=0.10s
..[7208.839s][info][gc,start       ] GC(2320) Pause Young (Allocation Failure)
[7208.945s][info][gc,heap        ] GC(2320) PSYoungGen: 2618904K(2630656K)->157408K(2624000K) Eden: 2466304K(2466304K)->0K(2466304K) From: 152600K(164352K)->157408K(157696K)
[7208.945s][info][gc,heap        ] GC(2320) ParOldGen: 4250099K(4250112K)->4338803K(4339200K)
[7208.945s][info][gc,metaspace   ] GC(2320) Metaspace: 29083K(29504K)->29083K(29504K) NonClass: 24196K(24384K)->24196K(24384K) Class: 4886K(5120K)->4886K(5120K)
[7208.945s][info][gc             ] GC(2320) Pause Young (Allocation Failure) 6708M->4390M(6800M) 106.430ms
[7208.945s][info][gc,cpu         ] GC(2320) User=0.61s Sys=0.02s Real=0.10s
.[7210.525s][info][gc,start       ] GC(2321) Pause Young (Allocation Failure)
[7210.625s][info][gc,heap        ] GC(2321) PSYoungGen: 2623712K(2624000K)->138592K(2629632K) Eden: 2466304K(2466304K)->0K(2463232K) From: 157408K(157696K)->138592K(166400K)
[7210.625s][info][gc,heap        ] GC(2321) ParOldGen: 4338803K(4339200K)->4432643K(4432896K)
[7210.625s][info][gc,metaspace   ] GC(2321) Metaspace: 29083K(29504K)->29083K(29504K) NonClass: 24196K(24384K)->24196K(24384K) Class: 4886K(5120K)->4886K(5120K)
[7210.625s][info][gc             ] GC(2321) Pause Young (Allocation Failure) 6799M->4464M(6897M) 100.354ms
[7210.625s][info][gc,cpu         ] GC(2321) User=0.56s Sys=0.03s Real=0.10s
..[7212.197s][info][gc,start       ] GC(2322) Pause Young (Allocation Failure)
[7212.303s][info][gc,heap        ] GC(2322) PSYoungGen: 2601824K(2629632K)->157541K(2620928K) Eden: 2463232K(2463232K)->0K(2463232K) From: 138592K(166400K)->157541K(157696K)
[7212.303s][info][gc,heap        ] GC(2322) ParOldGen: 4432643K(4432896K)->4522307K(4522496K)
[7212.303s][info][gc,metaspace   ] GC(2322) Metaspace: 29083K(29504K)->29083K(29504K) NonClass: 24196K(24384K)->24196K(24384K) Class: 4886K(5120K)->4886K(5120K)
[7212.304s][info][gc             ] GC(2322) Pause Young (Allocation Failure) 6869M->4570M(6976M) 106.635ms
[7212.304s][info][gc,cpu         ] GC(2322) User=0.61s Sys=0.03s Real=0.11s
..[7213.967s][info][gc,start       ] GC(2323) Pause Young (Allocation Failure)
[7214.072s][info][gc,heap        ] GC(2323) PSYoungGen: 2620773K(2620928K)->146887K(2629632K) Eden: 2463232K(2463232K)->0K(2461184K) From: 157541K(157696K)->146887K(168448K)
[7214.072s][info][gc,heap        ] GC(2323) ParOldGen: 4522307K(4522496K)->4616147K(4616192K)
[7214.072s][info][gc,metaspace   ] GC(2323) Metaspace: 29083K(29504K)->29083K(29504K) NonClass: 24196K(24384K)->24196K(24384K) Class: 4886K(5120K)->4886K(5120K)
[7214.072s][info][gc             ] GC(2323) Pause Young (Allocation Failure) 6975M->4651M(7076M) 105.011ms
[7214.072s][info][gc,cpu         ] GC(2323) User=0.60s Sys=0.03s Real=0.11s
.[7215.731s][info][gc,start       ] GC(2324) Pause Young (Allocation Failure)
[7215.831s][info][gc,heap        ] GC(2324) PSYoungGen: 2608071K(2629632K)->143824K(2605056K) Eden: 2461184K(2461184K)->0K(2461184K) From: 146887K(168448K)->143824K(143872K)
[7215.831s][info][gc,heap        ] GC(2324) ParOldGen: 4616147K(4616192K)->4707243K(4707328K)
[7215.831s][info][gc,metaspace   ] GC(2324) Metaspace: 29083K(29504K)->29083K(29504K) NonClass: 24196K(24384K)->24196K(24384K) Class: 4886K(5120K)->4886K(5120K)
[7215.831s][info][gc             ] GC(2324) Pause Young (Allocation Failure) 7054M->4737M(7141M) 100.739ms
[7215.831s][info][gc,cpu         ] GC(2324) User=0.57s Sys=0.02s Real=0.10s
..[7217.308s][info][gc,start       ] GC(2325) Pause Young (Allocation Failure)
[7217.410s][info][gc,heap        ] GC(2325) PSYoungGen: 2605008K(2605056K)->144692K(2628608K) Eden: 2461184K(2461184K)->0K(2462720K) From: 143824K(143872K)->144692K(165888K)
[7217.410s][info][gc,heap        ] GC(2325) ParOldGen: 4707243K(4707328K)->4796251K(4796416K)
[7217.410s][info][gc,metaspace   ] GC(2325) Metaspace: 29083K(29504K)->29083K(29504K) NonClass: 24196K(24384K)->24196K(24384K) Class: 4886K(5120K)->4886K(5120K)
[7217.410s][info][gc             ] GC(2325) Pause Young (Allocation Failure) 7140M->4825M(7251M) 101.219ms
[7217.410s][info][gc,cpu         ] GC(2325) User=0.57s Sys=0.02s Real=0.10s
.[7218.957s][info][gc,start       ] GC(2326) Pause Young (Allocation Failure)
[7219.065s][info][gc,heap        ] GC(2326) PSYoungGen: 2607412K(2628608K)->158148K(2627072K) Eden: 2462720K(2462720K)->0K(2462720K) From: 144692K(165888K)->158148K(164352K)
[7219.065s][info][gc,heap        ] GC(2326) ParOldGen: 4796251K(4796416K)->4886811K(4887040K)
[7219.065s][info][gc,metaspace   ] GC(2326) Metaspace: 29083K(29504K)->29083K(29504K) NonClass: 24196K(24384K)->24196K(24384K) Class: 4886K(5120K)->4886K(5120K)
[7219.065s][info][gc             ] GC(2326) Pause Young (Allocation Failure) 7230M->4926M(7338M) 107.413ms
[7219.065s][info][gc,cpu         ] GC(2326) User=0.62s Sys=0.02s Real=0.10s
..[7220.603s][info][gc,start       ] GC(2327) Pause Young (Allocation Failure)
[7220.704s][info][gc,heap        ] GC(2327) PSYoungGen: 2620868K(2627072K)->148864K(2629632K) Eden: 2462720K(2462720K)->0K(2464256K) From: 158148K(164352K)->148864K(165376K)
[7220.705s][info][gc,heap        ] GC(2327) ParOldGen: 4886811K(4887040K)->4978723K(4979200K)
[7220.705s][info][gc,metaspace   ] GC(2327) Metaspace: 29083K(29504K)->29083K(29504K) NonClass: 24196K(24384K)->24196K(24384K) Class: 4886K(5120K)->4886K(5120K)
[7220.705s][info][gc             ] GC(2327) Pause Young (Allocation Failure) 7331M->5007M(7430M) 101.618ms
[7220.705s][info][gc,cpu         ] GC(2327) User=0.58s Sys=0.03s Real=0.10s
..[7222.240s][info][gc,start       ] GC(2328) Pause Young (Allocation Failure)
[7222.344s][info][gc,heap        ] GC(2328) PSYoungGen: 2613120K(2629632K)->143433K(2629120K) Eden: 2464256K(2464256K)->0K(2464256K) From: 148864K(165376K)->143433K(164864K)
[7222.344s][info][gc,heap        ] GC(2328) ParOldGen: 4978723K(4979200K)->5072619K(5072896K)
[7222.344s][info][gc,metaspace   ] GC(2328) Metaspace: 29083K(29504K)->29083K(29504K) NonClass: 24196K(24384K)->24196K(24384K) Class: 4886K(5120K)->4886K(5120K)
[7222.344s][info][gc             ] GC(2328) Pause Young (Allocation Failure) 7413M->5093M(7521M) 103.982ms
[7222.344s][info][gc,cpu         ] GC(2328) User=0.58s Sys=0.04s Real=0.10s
.[7223.942s][info][gc,start       ] GC(2329) Pause Young (Allocation Failure)
[7224.051s][info][gc,heap        ] GC(2329) PSYoungGen: 2607689K(2629120K)->161140K(2625536K) Eden: 2464256K(2464256K)->0K(2461184K) From: 143433K(164864K)->161140K(164352K)
[7224.051s][info][gc,heap        ] GC(2329) ParOldGen: 5072619K(5072896K)->5160363K(5160448K)
[7224.051s][info][gc,metaspace   ] GC(2329) Metaspace: 29083K(29504K)->29083K(29504K) NonClass: 24196K(24384K)->24196K(24384K) Class: 4886K(5120K)->4886K(5120K)
[7224.051s][info][gc             ] GC(2329) Pause Young (Allocation Failure) 7500M->5196M(7603M) 109.215ms
[7224.051s][info][gc,cpu         ] GC(2329) User=0.63s Sys=0.03s Real=0.11s
..[7225.673s][info][gc,start       ] GC(2330) Pause Young (Allocation Failure)
[7225.774s][info][gc,heap        ] GC(2330) PSYoungGen: 2622324K(2625536K)->141664K(2628608K) Eden: 2461184K(2461184K)->0K(2461184K) From: 161140K(164352K)->141664K(167424K)
[7225.774s][info][gc,heap        ] GC(2330) ParOldGen: 5160363K(5160448K)->5255067K(5255168K)
[7225.774s][info][gc,metaspace   ] GC(2330) Metaspace: 29083K(29504K)->29083K(29504K) NonClass: 24196K(24384K)->24196K(24384K) Class: 4886K(5120K)->4886K(5120K)
[7225.774s][info][gc             ] GC(2330) Pause Young (Allocation Failure) 7600M->5270M(7699M) 101.110ms
[7225.774s][info][gc,cpu         ] GC(2330) User=0.58s Sys=0.02s Real=0.10s
..[7227.353s][info][gc,start       ] GC(2331) Pause Young (Allocation Failure)
[7227.454s][info][gc,heap        ] GC(2331) PSYoungGen: 2602848K(2628608K)->146565K(2626048K) Eden: 2461184K(2461184K)->0K(2461696K) From: 141664K(167424K)->146565K(164352K)
[7227.454s][info][gc,heap        ] GC(2331) ParOldGen: 5255067K(5255168K)->5342531K(5342720K)
[7227.454s][info][gc,metaspace   ] GC(2331) Metaspace: 29083K(29504K)->29083K(29504K) NonClass: 24196K(24384K)->24196K(24384K) Class: 4886K(5120K)->4886K(5120K)
[7227.454s][info][gc             ] GC(2331) Pause Young (Allocation Failure) 7673M->5360M(7782M) 101.285ms
[7227.454s][info][gc,cpu         ] GC(2331) User=0.57s Sys=0.03s Real=0.10s
.[7229.050s][info][gc,start       ] GC(2332) Pause Young (Allocation Failure)
[7229.162s][info][gc,heap        ] GC(2332) PSYoungGen: 2608261K(2626048K)->163513K(2625536K) Eden: 2461696K(2461696K)->0K(2461696K) From: 146565K(164352K)->163513K(163840K)
[7229.162s][info][gc,heap        ] GC(2332) ParOldGen: 5342531K(5342720K)->5435019K(5435392K)
[7229.162s][info][gc,metaspace   ] GC(2332) Metaspace: 29083K(29504K)->29083K(29504K) NonClass: 24196K(24384K)->24196K(24384K) Class: 4886K(5120K)->4886K(5120K)
[7229.162s][info][gc             ] GC(2332) Pause Young (Allocation Failure) 7764M->5467M(7872M) 112.396ms
[7229.162s][info][gc,cpu         ] GC(2332) User=0.65s Sys=0.02s Real=0.11s
..[7230.778s][info][gc,start       ] GC(2333) Pause Young (Allocation Failure)
[7230.880s][info][gc,heap        ] GC(2333) PSYoungGen: 2625209K(2625536K)->146688K(2628096K) Eden: 2461696K(2461696K)->0K(2458624K) From: 163513K(163840K)->146688K(169472K)
[7230.880s][info][gc,heap        ] GC(2333) ParOldGen: 5435019K(5435392K)->5525627K(5526016K)
[7230.880s][info][gc,metaspace   ] GC(2333) Metaspace: 29083K(29504K)->29083K(29504K) NonClass: 24196K(24384K)->24196K(24384K) Class: 4886K(5120K)->4886K(5120K)
[7230.880s][info][gc             ] GC(2333) Pause Young (Allocation Failure) 7871M->5539M(7963M) 102.016ms
[7230.880s][info][gc,cpu         ] GC(2333) User=0.58s Sys=0.03s Real=0.10s
..[7232.497s][info][gc,start       ] GC(2334) Pause Full (Allocation Failure)
[7232.497s][info][gc,phases,start] GC(2334) Marking Phase
[7232.794s][info][gc,phases      ] GC(2334) Marking Phase 296.503ms
[7232.794s][info][gc,phases,start] GC(2334) Summary Phase
[7232.794s][info][gc,phases      ] GC(2334) Summary Phase 0.094ms
[7232.794s][info][gc,phases,start] GC(2334) Forward
[7232.916s][info][gc,phases      ] GC(2334) Forward 122.011ms
[7232.916s][info][gc,phases,start] GC(2334) Adjust Pointers
[7233.115s][info][gc,phases      ] GC(2334) Adjust Pointers 198.405ms
[7233.115s][info][gc,phases,start] GC(2334) Compaction Phase
[7233.240s][info][gc,phases      ] GC(2334) Compaction Phase 125.089ms
[7233.241s][info][gc,phases,start] GC(2334) Post Compact
[7233.248s][info][gc,phases      ] GC(2334) Post Compact 6.882ms
[7233.379s][info][gc,heap        ] GC(2334) PSYoungGen: 2605312K(2628096K)->0K(2626560K) Eden: 2458624K(2458624K)->0K(2458624K) From: 146688K(169472K)->0K(167936K)
[7233.379s][info][gc,heap        ] GC(2334) ParOldGen: 5525627K(5526016K)->1426422K(1760256K)
[7233.379s][info][gc,metaspace   ] GC(2334) Metaspace: 29083K(29504K)->29083K(29504K) NonClass: 24196K(24384K)->24196K(24384K) Class: 4886K(5120K)->4886K(5120K)
[7233.379s][info][gc             ] GC(2334) Pause Full (Allocation Failure) 7940M->1392M(4284M) 881.295ms
[7233.380s][info][gc,cpu         ] GC(2334) User=4.05s Sys=0.13s Real=0.88s
..[7234.851s][info][gc,start       ] GC(2335) Pause Young (Allocation Failure)
[7234.919s][info][gc,heap        ] GC(2335) PSYoungGen: 2458624K(2626560K)->148279K(2626560K) Eden: 2458624K(2458624K)->0K(2460160K) From: 0K(167936K)->148279K(166400K)
[7234.919s][info][gc,heap        ] GC(2335) ParOldGen: 1426422K(1760256K)->1426422K(1760256K)
[7234.919s][info][gc,metaspace   ] GC(2335) Metaspace: 29083K(29504K)->29083K(29504K) NonClass: 24196K(24384K)->24196K(24384K) Class: 4886K(5120K)->4886K(5120K)
[7234.919s][info][gc             ] GC(2335) Pause Young (Allocation Failure) 3793M->1537M(4284M) 68.032ms
[7234.919s][info][gc,cpu         ] GC(2335) User=0.40s Sys=0.00s Real=0.07s
.[7236.257s][info][gc,start       ] GC(2336) Pause Young (Allocation Failure)
[7236.360s][info][gc,heap        ] GC(2336) PSYoungGen: 2608439K(2626560K)->166393K(2626560K) Eden: 2460160K(2460160K)->0K(2460160K) From: 148279K(166400K)->166393K(166400K)
[7236.360s][info][gc,heap        ] GC(2336) ParOldGen: 1426422K(1760256K)->1513302K(1760256K)
[7236.360s][info][gc,metaspace   ] GC(2336) Metaspace: 29083K(29504K)->29083K(29504K) NonClass: 24196K(24384K)->24196K(24384K) Class: 4886K(5120K)->4886K(5120K)
[7236.360s][info][gc             ] GC(2336) Pause Young (Allocation Failure) 3940M->1640M(4284M) 103.150ms
[7236.360s][info][gc,cpu         ] GC(2336) User=0.62s Sys=0.00s Real=0.11s
..[7237.929s][info][gc,start       ] GC(2337) Pause Young (Allocation Failure)
[7238.026s][info][gc,heap        ] GC(2337) PSYoungGen: 2626553K(2626560K)->143376K(2562048K) Eden: 2460160K(2460160K)->0K(2392576K) From: 166393K(166400K)->143376K(169472K)
[7238.026s][info][gc,heap        ] GC(2337) ParOldGen: 1513302K(1760256K)->1612030K(1760256K)
[7238.026s][info][gc,metaspace   ] GC(2337) Metaspace: 29083K(29504K)->29083K(29504K) NonClass: 24196K(24384K)->24196K(24384K) Class: 4886K(5120K)->4886K(5120K)
[7238.026s][info][gc             ] GC(2337) Pause Young (Allocation Failure) 4042M->1714M(4221M) 96.934ms
[7238.026s][info][gc,cpu         ] GC(2337) User=0.57s Sys=0.00s Real=0.09s
.[7239.425s][info][gc,start       ] GC(2338) Pause Young (Allocation Failure)
[7239.521s][info][gc,heap        ] GC(2338) PSYoungGen: 2535952K(2562048K)->149593K(2594304K) Eden: 2392576K(2392576K)->0K(2392576K) From: 143376K(169472K)->149593K(201728K)
[7239.521s][info][gc,heap        ] GC(2338) ParOldGen: 1612030K(1760256K)->1701270K(1760256K)
[7239.521s][info][gc,metaspace   ] GC(2338) Metaspace: 29083K(29504K)->29083K(29504K) NonClass: 24196K(24384K)->24196K(24384K) Class: 4886K(5120K)->4886K(5120K)
[7239.522s][info][gc             ] GC(2338) Pause Young (Allocation Failure) 4050M->1807M(4252M) 96.812ms
[7239.522s][info][gc,cpu         ] GC(2338) User=0.57s Sys=0.00s Real=0.10s
.[7241.009s][info][gc,start       ] GC(2339) Pause Young (Allocation Failure)
[7241.104s][info][gc,heap        ] GC(2339) PSYoungGen: 2542169K(2594304K)->141536K(2588672K) Eden: 2392576K(2392576K)->0K(2395136K) From: 149593K(201728K)->141536K(193536K)
[7241.104s][info][gc,heap        ] GC(2339) ParOldGen: 1701270K(1760256K)->1793262K(1793536K)
[7241.104s][info][gc,metaspace   ] GC(2339) Metaspace: 29083K(29504K)->29083K(29504K) NonClass: 24196K(24384K)->24196K(24384K) Class: 4886K(5120K)->4886K(5120K)
[7241.104s][info][gc             ] GC(2339) Pause Young (Allocation Failure) 4143M->1889M(4279M) 94.673ms
[7241.104s][info][gc,cpu         ] GC(2339) User=0.55s Sys=0.01s Real=0.09s
..[7242.587s][info][gc,start       ] GC(2340) Pause Young (Allocation Failure)
[7242.702s][info][gc,heap        ] GC(2340) PSYoungGen: 2536672K(2588672K)->141696K(2592768K) Eden: 2395136K(2395136K)->0K(2395136K) From: 141536K(193536K)->141696K(197632K)
[7242.702s][info][gc,heap        ] GC(2340) ParOldGen: 1793262K(1793536K)->1882206K(1882624K)
[7242.702s][info][gc,metaspace   ] GC(2340) Metaspace: 29083K(29504K)->29083K(29504K) NonClass: 24196K(24384K)->24196K(24384K) Class: 4886K(5120K)->4886K(5120K)
[7242.702s][info][gc             ] GC(2340) Pause Young (Allocation Failure) 4228M->1976M(4370M) 115.337ms
[7242.702s][info][gc,cpu         ] GC(2340) User=0.54s Sys=0.03s Real=0.12s
..[7244.223s][info][gc,start       ] GC(2341) Pause Young (Allocation Failure)
[7244.319s][info][gc,heap        ] GC(2341) PSYoungGen: 2536832K(2592768K)->138032K(2594304K) Eden: 2395136K(2395136K)->0K(2402816K) From: 141696K(197632K)->138032K(191488K)
[7244.319s][info][gc,heap        ] GC(2341) ParOldGen: 1882206K(1882624K)->1972438K(1972736K)
[7244.319s][info][gc,metaspace   ] GC(2341) Metaspace: 29083K(29504K)->29083K(29504K) NonClass: 24196K(24384K)->24196K(24384K) Class: 4886K(5120K)->4886K(5120K)
[7244.319s][info][gc             ] GC(2341) Pause Young (Allocation Failure) 4315M->2061M(4460M) 95.876ms
[7244.319s][info][gc,cpu         ] GC(2341) User=0.55s Sys=0.02s Real=0.10s
.[7245.895s][info][gc,start       ] GC(2342) Pause Young (Allocation Failure)
[7245.995s][info][gc,heap        ] GC(2342) PSYoungGen: 2540848K(2594304K)->144096K(2597376K) Eden: 2402816K(2402816K)->0K(2402816K) From: 138032K(191488K)->144096K(194560K)
[7245.995s][info][gc,heap        ] GC(2342) ParOldGen: 1972438K(1972736K)->2063214K(2063360K)
[7245.995s][info][gc,metaspace   ] GC(2342) Metaspace: 29083K(29504K)->29083K(29504K) NonClass: 24196K(24384K)->24196K(24384K) Class: 4886K(5120K)->4886K(5120K)
[7245.995s][info][gc             ] GC(2342) Pause Young (Allocation Failure) 4407M->2155M(4551M) 99.855ms
[7245.995s][info][gc,cpu         ] GC(2342) User=0.57s Sys=0.03s Real=0.10s
.. (rIR:aIR:PR = 11900:11825:11826) (tPR = 175535) [OK] 
  7247s: Performance info:
         Transaction,    Success,    Partial,     Failed,   Receipts, AvgBarcode, 
             Overall,     716706,          0,          0,     680451,      59.47, 
         Response times:
             Request,    Success,    Partial,     Failed,   SkipFail,     Probes,    Samples,      min,      p50,      p90,      p95,      p99,      max, 
       TotalPurchase,     680352,          0,          0,          0,     327361,     463617,      200,    24000,   177000,   417000,   780000,  1200000,
     InStorePurchase,     356842,          0,          0,          0,     171324,     244420,      200,    24000,   181000,   433000,   810000,  1200000,
      OnlinePurchase,     251312,          0,          0,          0,     121337,     169769,      300,    24000,   178000,   437500,   740000,  1200000,
        InstPurchase,      72198,          0,          0,          0,      34700,      49428,      300,    25000,   164000,   326000,   800000,  1100000,
          AssocOfCat,        722,          0,          0,          0,        573,        888,    24000,    82000,   235100,   492850,   711100,   910000,
      AssocOfProduct,       7351,          0,          0,          0,       4059,       5957,      700,    24000,   170000,   391000,   648400,   820000,
      BusinessReport,       1797,          0,          0,          0,       1464,       2197,    31000,    80000,   252000,   471300,   730000,  1100000,
          CustBuyBeh,       7214,          0,          0,          0,       4099,       6048,      300,    24000,   176000,   394000,   710000,   840000,
       ProductReturn,      19242,          0,          0,          0,       9474,      13383,      300,    22000,   182000,   401000,   801600,  1100000,

  7247s: (87%)   IR =  12038 [7247.590s][info][gc,start       ] GC(2343) Pause Young (Allocation Failure)
[7247.689s][info][gc,heap        ] GC(2343) PSYoungGen: 2546912K(2597376K)->144084K(2595840K) Eden: 2402816K(2402816K)->0K(2409472K) From: 144096K(194560K)->144084K(186368K)
[7247.689s][info][gc,heap        ] GC(2343) ParOldGen: 2063214K(2063360K)->2153038K(2153472K)
[7247.689s][info][gc,metaspace   ] GC(2343) Metaspace: 29083K(29504K)->29083K(29504K) NonClass: 24196K(24384K)->24196K(24384K) Class: 4886K(5120K)->4886K(5120K)
[7247.689s][info][gc             ] GC(2343) Pause Young (Allocation Failure) 4502M->2243M(4638M) 99.219ms
[7247.689s][info][gc,cpu         ] GC(2343) User=0.57s Sys=0.03s Real=0.10s
.[7249.257s][info][gc,start       ] GC(2344) Pause Young (Allocation Failure)
[7249.354s][info][gc,heap        ] GC(2344) PSYoungGen: 2553556K(2595840K)->137664K(2598912K) Eden: 2409472K(2409472K)->0K(2409472K) From: 144084K(186368K)->137664K(189440K)
[7249.354s][info][gc,heap        ] GC(2344) ParOldGen: 2153038K(2153472K)->2244686K(2245120K)
[7249.354s][info][gc,metaspace   ] GC(2344) Metaspace: 29083K(29504K)->29083K(29504K) NonClass: 24196K(24384K)->24196K(24384K) Class: 4886K(5120K)->4886K(5120K)
[7249.354s][info][gc             ] GC(2344) Pause Young (Allocation Failure) 4596M->2326M(4730M) 96.629ms
[7249.354s][info][gc,cpu         ] GC(2344) User=0.54s Sys=0.03s Real=0.10s
..[7250.942s][info][gc,start       ] GC(2345) Pause Young (Allocation Failure)
[7251.039s][info][gc,heap        ] GC(2345) PSYoungGen: 2547136K(2598912K)->144352K(2598912K) Eden: 2409472K(2409472K)->0K(2418688K) From: 137664K(189440K)->144352K(180224K)
[7251.039s][info][gc,heap        ] GC(2345) ParOldGen: 2244686K(2245120K)->2334614K(2334720K)
[7251.039s][info][gc,metaspace   ] GC(2345) Metaspace: 29083K(29504K)->29083K(29504K) NonClass: 24196K(24384K)->24196K(24384K) Class: 4886K(5120K)->4886K(5120K)
[7251.039s][info][gc             ] GC(2345) Pause Young (Allocation Failure) 4679M->2420M(4818M) 97.291ms
[7251.039s][info][gc,cpu         ] GC(2345) User=0.55s Sys=0.02s Real=0.10s
..[7252.517s][info][gc,start       ] GC(2346) Pause Young (Allocation Failure)
[7252.618s][info][gc,heap        ] GC(2346) PSYoungGen: 2563040K(2598912K)->150798K(2603520K) Eden: 2418688K(2418688K)->0K(2418688K) From: 144352K(180224K)->150798K(184832K)
[7252.618s][info][gc,heap        ] GC(2346) ParOldGen: 2334614K(2334720K)->2427222K(2427392K)
[7252.618s][info][gc,metaspace   ] GC(2346) Metaspace: 29083K(29504K)->29083K(29504K) NonClass: 24196K(24384K)->24196K(24384K) Class: 4886K(5120K)->4886K(5120K)
[7252.618s][info][gc             ] GC(2346) Pause Young (Allocation Failure) 4782M->2517M(4913M) 101.675ms
[7252.618s][info][gc,cpu         ] GC(2346) User=0.58s Sys=0.02s Real=0.11s
.[7254.165s][info][gc,start       ] GC(2347) Pause Young (Allocation Failure)
[7254.268s][info][gc,heap        ] GC(2347) PSYoungGen: 2569486K(2603520K)->156096K(2608640K) Eden: 2418688K(2418688K)->0K(2429440K) From: 150798K(184832K)->156096K(179200K)
[7254.268s][info][gc,heap        ] GC(2347) ParOldGen: 2427222K(2427392K)->2516982K(2516992K)
[7254.268s][info][gc,metaspace   ] GC(2347) Metaspace: 29083K(29504K)->29083K(29504K) NonClass: 24196K(24384K)->24196K(24384K) Class: 4886K(5120K)->4886K(5120K)
[7254.268s][info][gc             ] GC(2347) Pause Young (Allocation Failure) 4879M->2610M(5005M) 102.790ms
[7254.268s][info][gc,cpu         ] GC(2347) User=0.58s Sys=0.03s Real=0.11s
.|.[7255.764s][info][gc,start       ] GC(2348) Pause Young (Allocation Failure)
[7255.864s][info][gc,heap        ] GC(2348) PSYoungGen: 2585536K(2608640K)->147412K(2610688K) Eden: 2429440K(2429440K)->0K(2429440K) From: 156096K(179200K)->147412K(181248K)
[7255.864s][info][gc,heap        ] GC(2348) ParOldGen: 2516982K(2516992K)->2607726K(2608128K)
[7255.864s][info][gc,metaspace   ] GC(2348) Metaspace: 29083K(29504K)->29083K(29504K) NonClass: 24196K(24384K)->24196K(24384K) Class: 4886K(5120K)->4886K(5120K)
[7255.864s][info][gc             ] GC(2348) Pause Young (Allocation Failure) 4982M->2690M(5096M) 100.197ms
[7255.864s][info][gc,cpu         ] GC(2348) User=0.57s Sys=0.03s Real=0.10s
.[7257.439s][info][gc,start       ] GC(2349) Pause Young (Allocation Failure)
[7257.536s][info][gc,heap        ] GC(2349) PSYoungGen: 2576852K(2610688K)->139520K(2613248K) Eden: 2429440K(2429440K)->0K(2436096K) From: 147412K(181248K)->139520K(177152K)
[7257.536s][info][gc,heap        ] GC(2349) ParOldGen: 2607726K(2608128K)->2700326K(2700800K)
[7257.536s][info][gc,metaspace   ] GC(2349) Metaspace: 29083K(29504K)->29083K(29504K) NonClass: 24196K(24384K)->24196K(24384K) Class: 4886K(5120K)->4886K(5120K)
[7257.536s][info][gc             ] GC(2349) Pause Young (Allocation Failure) 5063M->2773M(5189M) 97.292ms
[7257.536s][info][gc,cpu         ] GC(2349) User=0.54s Sys=0.03s Real=0.09s
..[7259.018s][info][gc,start       ] GC(2350) Pause Young (Allocation Failure)
[7259.119s][info][gc,heap        ] GC(2350) PSYoungGen: 2575616K(2613248K)->154304K(2613760K) Eden: 2436096K(2436096K)->0K(2436096K) From: 139520K(177152K)->154304K(177664K)
[7259.119s][info][gc,heap        ] GC(2350) ParOldGen: 2700326K(2700800K)->2788014K(2788352K)
[7259.119s][info][gc,metaspace   ] GC(2350) Metaspace: 29083K(29504K)->29083K(29504K) NonClass: 24196K(24384K)->24196K(24384K) Class: 4886K(5120K)->4886K(5120K)
[7259.119s][info][gc             ] GC(2350) Pause Young (Allocation Failure) 5152M->2873M(5275M) 101.527ms
[7259.119s][info][gc,cpu         ] GC(2350) User=0.57s Sys=0.03s Real=0.10s
..[7260.622s][info][gc,start       ] GC(2351) Pause Young (Allocation Failure)
[7260.721s][info][gc,heap        ] GC(2351) PSYoungGen: 2590400K(2613760K)->143040K(2615808K) Eden: 2436096K(2436096K)->0K(2441728K) From: 154304K(177664K)->143040K(174080K)
[7260.721s][info][gc,heap        ] GC(2351) ParOldGen: 2788014K(2788352K)->2881846K(2882048K)
[7260.721s][info][gc,metaspace   ] GC(2351) Metaspace: 29083K(29504K)->29083K(29504K) NonClass: 24196K(24384K)->24196K(24384K) Class: 4886K(5120K)->4886K(5120K)
[7260.721s][info][gc             ] GC(2351) Pause Young (Allocation Failure) 5252M->2953M(5369M) 99.002ms
[7260.721s][info][gc,cpu         ] GC(2351) User=0.55s Sys=0.03s Real=0.10s
.[7262.278s][info][gc,start       ] GC(2352) Pause Young (Allocation Failure)
[7262.381s][info][gc,heap        ] GC(2352) PSYoungGen: 2584768K(2615808K)->149616K(2616832K) Eden: 2441728K(2441728K)->0K(2441728K) From: 143040K(174080K)->149616K(175104K)
[7262.381s][info][gc,heap        ] GC(2352) ParOldGen: 2881846K(2882048K)->2973614K(2973696K)
[7262.381s][info][gc,metaspace   ] GC(2352) Metaspace: 29083K(29504K)->29083K(29504K) NonClass: 24196K(24384K)->24196K(24384K) Class: 4886K(5120K)->4886K(5120K)
[7262.381s][info][gc             ] GC(2352) Pause Young (Allocation Failure) 5338M->3050M(5459M) 103.655ms
[7262.381s][info][gc,cpu         ] GC(2352) User=0.57s Sys=0.04s Real=0.10s
..[7263.933s][info][gc,start       ] GC(2353) Pause Young (Allocation Failure)
[7264.037s][info][gc,heap        ] GC(2353) PSYoungGen: 2591344K(2616832K)->153637K(2619904K) Eden: 2441728K(2441728K)->0K(2447360K) From: 149616K(175104K)->153637K(172544K)
[7264.037s][info][gc,heap        ] GC(2353) ParOldGen: 2973614K(2973696K)->3064814K(3064832K)
[7264.037s][info][gc,metaspace   ] GC(2353) Metaspace: 29083K(29504K)->29083K(29504K) NonClass: 24196K(24384K)->24196K(24384K) Class: 4886K(5120K)->4886K(5120K)
[7264.037s][info][gc             ] GC(2353) Pause Young (Allocation Failure) 5434M->3143M(5551M) 104.147ms
[7264.037s][info][gc,cpu         ] GC(2353) User=0.59s Sys=0.02s Real=0.10s
.[7265.483s][info][gc,start       ] GC(2354) Pause Young (Allocation Failure)
[7265.585s][info][gc,heap        ] GC(2354) PSYoungGen: 2600997K(2619904K)->148180K(2619392K) Eden: 2447360K(2447360K)->0K(2447360K) From: 153637K(172544K)->148180K(172032K)
[7265.585s][info][gc,heap        ] GC(2354) ParOldGen: 3064814K(3064832K)->3156278K(3156480K)
[7265.585s][info][gc,metaspace   ] GC(2354) Metaspace: 29083K(29504K)->29083K(29504K) NonClass: 24196K(24384K)->24196K(24384K) Class: 4886K(5120K)->4886K(5120K)
[7265.585s][info][gc             ] GC(2354) Pause Young (Allocation Failure) 5533M->3227M(5640M) 102.019ms
[7265.585s][info][gc,cpu         ] GC(2354) User=0.58s Sys=0.03s Real=0.10s
..[7267.078s][info][gc,start       ] GC(2355) Pause Young (Allocation Failure)
[7267.182s][info][gc,heap        ] GC(2355) PSYoungGen: 2595540K(2619392K)->154260K(2621440K) Eden: 2447360K(2447360K)->0K(2451456K) From: 148180K(172032K)->154260K(169984K)
[7267.182s][info][gc,heap        ] GC(2355) ParOldGen: 3156278K(3156480K)->3248654K(3249152K)
[7267.182s][info][gc,metaspace   ] GC(2355) Metaspace: 29083K(29504K)->29083K(29504K) NonClass: 24196K(24384K)->24196K(24384K) Class: 4886K(5120K)->4886K(5120K)
[7267.182s][info][gc             ] GC(2355) Pause Young (Allocation Failure) 5617M->3323M(5733M) 103.592ms
[7267.182s][info][gc,cpu         ] GC(2355) User=0.59s Sys=0.03s Real=0.10s
.[7268.750s][info][gc,start       ] GC(2356) Pause Young (Allocation Failure)
[7268.854s][info][gc,heap        ] GC(2356) PSYoungGen: 2605716K(2621440K)->150190K(2621440K) Eden: 2451456K(2451456K)->0K(2451456K) From: 154260K(169984K)->150190K(169984K)
[7268.854s][info][gc,heap        ] GC(2356) ParOldGen: 3248654K(3249152K)->3340462K(3340800K)
[7268.854s][info][gc,metaspace   ] GC(2356) Metaspace: 29083K(29504K)->29083K(29504K) NonClass: 24196K(24384K)->24196K(24384K) Class: 4886K(5120K)->4886K(5120K)
[7268.854s][info][gc             ] GC(2356) Pause Young (Allocation Failure) 5717M->3408M(5822M) 104.584ms
[7268.854s][info][gc,cpu         ] GC(2356) User=0.59s Sys=0.03s Real=0.10s
..[7270.404s][info][gc,start       ] GC(2357) Pause Young (Allocation Failure)
[7270.500s][info][gc,heap        ] GC(2357) PSYoungGen: 2601646K(2621440K)->139669K(2624000K) Eden: 2451456K(2451456K)->0K(2456064K) From: 150190K(169984K)->139669K(167936K)
[7270.500s][info][gc,heap        ] GC(2357) ParOldGen: 3340462K(3340800K)->3430086K(3430400K)
[7270.500s][info][gc,metaspace   ] GC(2357) Metaspace: 29083K(29504K)->29083K(29504K) NonClass: 24196K(24384K)->24196K(24384K) Class: 4886K(5120K)->4886K(5120K)
[7270.500s][info][gc             ] GC(2357) Pause Young (Allocation Failure) 5802M->3486M(5912M) 96.322ms
[7270.500s][info][gc,cpu         ] GC(2357) User=0.55s Sys=0.02s Real=0.10s
..[7272.080s][info][gc,start       ] GC(2358) Pause Young (Allocation Failure)
[7272.187s][info][gc,heap        ] GC(2358) PSYoungGen: 2595733K(2624000K)->163125K(2624000K) Eden: 2456064K(2456064K)->0K(2456064K) From: 139669K(167936K)->163125K(167936K)
[7272.187s][info][gc,heap        ] GC(2358) ParOldGen: 3430086K(3430400K)->3519326K(3519488K)
[7272.187s][info][gc,metaspace   ] GC(2358) Metaspace: 29083K(29504K)->29083K(29504K) NonClass: 24196K(24384K)->24196K(24384K) Class: 4886K(5120K)->4886K(5120K)
[7272.187s][info][gc             ] GC(2358) Pause Young (Allocation Failure) 5884M->3596M(5999M) 107.416ms
[7272.187s][info][gc,cpu         ] GC(2358) User=0.61s Sys=0.03s Real=0.10s
.[7273.792s][info][gc,start       ] GC(2359) Pause Young (Allocation Failure)
[7273.894s][info][gc,heap        ] GC(2359) PSYoungGen: 2619189K(2624000K)->148656K(2626048K) Eden: 2456064K(2456064K)->0K(2455040K) From: 163125K(167936K)->148656K(171008K)
[7273.894s][info][gc,heap        ] GC(2359) ParOldGen: 3519326K(3519488K)->3612454K(3612672K)
[7273.894s][info][gc,metaspace   ] GC(2359) Metaspace: 29083K(29504K)->29083K(29504K) NonClass: 24196K(24384K)->24196K(24384K) Class: 4886K(5120K)->4886K(5120K)
[7273.894s][info][gc             ] GC(2359) Pause Young (Allocation Failure) 5994M->3672M(6092M) 101.783ms
[7273.894s][info][gc,cpu         ] GC(2359) User=0.57s Sys=0.04s Real=0.10s
..[7275.471s][info][gc,start       ] GC(2360) Pause Young (Allocation Failure)
[7275.571s][info][gc,heap        ] GC(2360) PSYoungGen: 2603696K(2626048K)->142389K(2624512K) Eden: 2455040K(2455040K)->0K(2455040K) From: 148656K(171008K)->142389K(169472K)
[7275.571s][info][gc,heap        ] GC(2360) ParOldGen: 3612454K(3612672K)->3706166K(3706368K)
[7275.571s][info][gc,metaspace   ] GC(2360) Metaspace: 29083K(29504K)->29083K(29504K) NonClass: 24196K(24384K)->24196K(24384K) Class: 4886K(5120K)->4886K(5120K)
[7275.571s][info][gc             ] GC(2360) Pause Young (Allocation Failure) 6070M->3758M(6182M) 99.626ms
[7275.571s][info][gc,cpu         ] GC(2360) User=0.56s Sys=0.02s Real=0.10s
..[7277.214s][info][gc,start       ] GC(2361) Pause Young (Allocation Failure)
[7277.319s][info][gc,heap        ] GC(2361) PSYoungGen: 2597429K(2624512K)->150402K(2625024K) Eden: 2455040K(2455040K)->0K(2457088K) From: 142389K(169472K)->150402K(167936K)
[7277.319s][info][gc,heap        ] GC(2361) ParOldGen: 3706166K(3706368K)->3797670K(3798016K)
[7277.319s][info][gc,metaspace   ] GC(2361) Metaspace: 29083K(29504K)->29083K(29504K) NonClass: 24196K(24384K)->24196K(24384K) Class: 4886K(5120K)->4886K(5120K)
[7277.319s][info][gc             ] GC(2361) Pause Young (Allocation Failure) 6155M->3855M(6272M) 104.900ms
[7277.319s][info][gc,cpu         ] GC(2361) User=0.59s Sys=0.04s Real=0.11s
.[7278.854s][info][gc,start       ] GC(2362) Pause Young (Allocation Failure)
[7278.964s][info][gc,heap        ] GC(2362) PSYoungGen: 2607490K(2625024K)->159168K(2624512K) Eden: 2457088K(2457088K)->0K(2457088K) From: 150402K(167936K)->159168K(167424K)
[7278.964s][info][gc,heap        ] GC(2362) ParOldGen: 3797670K(3798016K)->3886878K(3887104K)
[7278.964s][info][gc,metaspace   ] GC(2362) Metaspace: 29083K(29504K)->29083K(29504K) NonClass: 24196K(24384K)->24196K(24384K) Class: 4886K(5120K)->4886K(5120K)
[7278.964s][info][gc             ] GC(2362) Pause Young (Allocation Failure) 6255M->3951M(6359M) 109.732ms
[7278.964s][info][gc,cpu         ] GC(2362) User=0.62s Sys=0.02s Real=0.11s
..[7280.527s][info][gc,start       ] GC(2363) Pause Young (Allocation Failure)
[7280.632s][info][gc,heap        ] GC(2363) PSYoungGen: 2616256K(2624512K)->154629K(2627072K) Eden: 2457088K(2457088K)->0K(2457600K) From: 159168K(167424K)->154629K(169472K)
[7280.632s][info][gc,heap        ] GC(2363) ParOldGen: 3886878K(3887104K)->3978542K(3978752K)
[7280.632s][info][gc,metaspace   ] GC(2363) Metaspace: 29083K(29504K)->29083K(29504K) NonClass: 24196K(24384K)->24196K(24384K) Class: 4886K(5120K)->4886K(5120K)
[7280.632s][info][gc             ] GC(2363) Pause Young (Allocation Failure) 6350M->4036M(6451M) 105.745ms
[7280.632s][info][gc,cpu         ] GC(2363) User=0.61s Sys=0.03s Real=0.11s
..[7282.204s][info][gc,start       ] GC(2364) Pause Young (Allocation Failure)
[7282.303s][info][gc,heap        ] GC(2364) PSYoungGen: 2612229K(2627072K)->141508K(2626560K) Eden: 2457600K(2457600K)->0K(2457600K) From: 154629K(169472K)->141508K(168960K)
[7282.303s][info][gc,heap        ] GC(2364) ParOldGen: 3978542K(3978752K)->4070094K(4070400K)
[7282.303s][info][gc,metaspace   ] GC(2364) Metaspace: 29083K(29504K)->29083K(29504K) NonClass: 24196K(24384K)->24196K(24384K) Class: 4886K(5120K)->4886K(5120K)
[7282.303s][info][gc             ] GC(2364) Pause Young (Allocation Failure) 6436M->4112M(6540M) 99.245ms
[7282.303s][info][gc,cpu         ] GC(2364) User=0.55s Sys=0.04s Real=0.10s
.[7283.914s][info][gc,start       ] GC(2365) Pause Young (Allocation Failure)
[7284.019s][info][gc,heap        ] GC(2365) PSYoungGen: 2599108K(2626560K)->152831K(2625536K) Eden: 2457600K(2457600K)->0K(2458112K) From: 141508K(168960K)->152831K(167424K)
[7284.019s][info][gc,heap        ] GC(2365) ParOldGen: 4070094K(4070400K)->4161958K(4162048K)
[7284.019s][info][gc,metaspace   ] GC(2365) Metaspace: 29083K(29504K)->29083K(29504K) NonClass: 24196K(24384K)->24196K(24384K) Class: 4886K(5120K)->4886K(5120K)
[7284.019s][info][gc             ] GC(2365) Pause Young (Allocation Failure) 6512M->4213M(6628M) 104.698ms
[7284.019s][info][gc,cpu         ] GC(2365) User=0.58s Sys=0.03s Real=0.11s
..[7285.621s][info][gc,start       ] GC(2366) Pause Young (Allocation Failure)
[7285.717s][info][gc,heap        ] GC(2366) PSYoungGen: 2610943K(2625536K)->142848K(2626048K) Eden: 2458112K(2458112K)->0K(2458112K) From: 152831K(167424K)->142848K(167936K)
[7285.717s][info][gc,heap        ] GC(2366) ParOldGen: 4161958K(4162048K)->4250470K(4250624K)
[7285.717s][info][gc,metaspace   ] GC(2366) Metaspace: 29083K(29504K)->29083K(29504K) NonClass: 24196K(24384K)->24196K(24384K) Class: 4886K(5120K)->4886K(5120K)
[7285.717s][info][gc             ] GC(2366) Pause Young (Allocation Failure) 6614M->4290M(6715M) 96.357ms
[7285.717s][info][gc,cpu         ] GC(2366) User=0.55s Sys=0.02s Real=0.09s
..[7287.290s][info][gc,start       ] GC(2367) Pause Young (Allocation Failure)
[7287.394s][info][gc,heap        ] GC(2367) PSYoungGen: 2600960K(2626048K)->143387K(2627072K) Eden: 2458112K(2458112K)->0K(2460672K) From: 142848K(167936K)->143387K(166400K)
[7287.394s][info][gc,heap        ] GC(2367) ParOldGen: 4250470K(4250624K)->4343870K(4344320K)
[7287.394s][info][gc,metaspace   ] GC(2367) Metaspace: 29083K(29504K)->29083K(29504K) NonClass: 24196K(24384K)->24196K(24384K) Class: 4886K(5120K)->4886K(5120K)
[7287.394s][info][gc             ] GC(2367) Pause Young (Allocation Failure) 6690M->4382M(6808M) 103.426ms
[7287.394s][info][gc,cpu         ] GC(2367) User=0.58s Sys=0.03s Real=0.10s
.[7289.103s][info][gc,start       ] GC(2368) Pause Young (Allocation Failure)
[7289.212s][info][gc,heap        ] GC(2368) PSYoungGen: 2604059K(2627072K)->159423K(2620416K) Eden: 2460672K(2460672K)->0K(2460672K) From: 143387K(166400K)->159423K(159744K)
[7289.212s][info][gc,heap        ] GC(2368) ParOldGen: 4343870K(4344320K)->4435078K(4435456K)
[7289.212s][info][gc,metaspace   ] GC(2368) Metaspace: 29083K(29504K)->29083K(29504K) NonClass: 24196K(24384K)->24196K(24384K) Class: 4886K(5120K)->4886K(5120K)
[7289.212s][info][gc             ] GC(2368) Pause Young (Allocation Failure) 6785M->4486M(6890M) 109.121ms
[7289.212s][info][gc,cpu         ] GC(2368) User=0.61s Sys=0.03s Real=0.11s
..[7290.736s][info][gc,start       ] GC(2369) Pause Young (Allocation Failure)
[7290.834s][info][gc,heap        ] GC(2369) PSYoungGen: 2620095K(2620416K)->142080K(2627584K) Eden: 2460672K(2460672K)->0K(2458624K) From: 159423K(159744K)->142080K(168960K)
[7290.834s][info][gc,heap        ] GC(2369) ParOldGen: 4435078K(4435456K)->4525846K(4526080K)
[7290.834s][info][gc,metaspace   ] GC(2369) Metaspace: 29083K(29504K)->29083K(29504K) NonClass: 24196K(24384K)->24196K(24384K) Class: 4886K(5120K)->4886K(5120K)
[7290.834s][info][gc             ] GC(2369) Pause Young (Allocation Failure) 6889M->4558M(6986M) 97.693ms
[7290.834s][info][gc,cpu         ] GC(2369) User=0.55s Sys=0.02s Real=0.10s
..[7292.405s][info][gc,start       ] GC(2370) Pause Young (Allocation Failure)
[7292.508s][info][gc,heap        ] GC(2370) PSYoungGen: 2600704K(2627584K)->146985K(2606080K) Eden: 2458624K(2458624K)->0K(2458624K) From: 142080K(168960K)->146985K(147456K)
[7292.508s][info][gc,heap        ] GC(2370) ParOldGen: 4525846K(4526080K)->4615798K(4616192K)
[7292.508s][info][gc,metaspace   ] GC(2370) Metaspace: 29083K(29504K)->29083K(29504K) NonClass: 24196K(24384K)->24196K(24384K) Class: 4886K(5120K)->4886K(5120K)
[7292.508s][info][gc             ] GC(2370) Pause Young (Allocation Failure) 6959M->4651M(7053M) 103.242ms
[7292.509s][info][gc,cpu         ] GC(2370) User=0.58s Sys=0.02s Real=0.11s
.[7293.983s][info][gc,start       ] GC(2371) Pause Young (Allocation Failure)
[7294.086s][info][gc,heap        ] GC(2371) PSYoungGen: 2605609K(2606080K)->150097K(2627072K) Eden: 2458624K(2458624K)->0K(2460160K) From: 146985K(147456K)->150097K(166912K)
[7294.086s][info][gc,heap        ] GC(2371) ParOldGen: 4615798K(4616192K)->4707278K(4707328K)
[7294.086s][info][gc,metaspace   ] GC(2371) Metaspace: 29083K(29504K)->29083K(29504K) NonClass: 24196K(24384K)->24196K(24384K) Class: 4886K(5120K)->4886K(5120K)
[7294.086s][info][gc             ] GC(2371) Pause Young (Allocation Failure) 7052M->4743M(7162M) 103.016ms
[7294.086s][info][gc,cpu         ] GC(2371) User=0.59s Sys=0.02s Real=0.10s
..[7295.720s][info][gc,start       ] GC(2372) Pause Young (Allocation Failure)
[7295.822s][info][gc,heap        ] GC(2372) PSYoungGen: 2610257K(2627072K)->147392K(2625536K) Eden: 2460160K(2460160K)->0K(2460160K) From: 150097K(166912K)->147392K(165376K)
[7295.822s][info][gc,heap        ] GC(2372) ParOldGen: 4707278K(4707328K)->4799022K(4799488K)
[7295.822s][info][gc,metaspace   ] GC(2372) Metaspace: 29083K(29504K)->29083K(29504K) NonClass: 24196K(24384K)->24196K(24384K) Class: 4886K(5120K)->4886K(5120K)
[7295.822s][info][gc             ] GC(2372) Pause Young (Allocation Failure) 7146M->4830M(7251M) 102.001ms
[7295.822s][info][gc,cpu         ] GC(2372) User=0.58s Sys=0.02s Real=0.10s
.[7297.394s][info][gc,start       ] GC(2373) Pause Young (Allocation Failure)
[7297.497s][info][gc,heap        ] GC(2373) PSYoungGen: 2607552K(2625536K)->143293K(2629120K) Eden: 2460160K(2460160K)->0K(2464768K) From: 147392K(165376K)->143293K(164352K)
[7297.497s][info][gc,heap        ] GC(2373) ParOldGen: 4799022K(4799488K)->4890038K(4890112K)
[7297.497s][info][gc,metaspace   ] GC(2373) Metaspace: 29083K(29504K)->29083K(29504K) NonClass: 24196K(24384K)->24196K(24384K) Class: 4886K(5120K)->4886K(5120K)
[7297.497s][info][gc             ] GC(2373) Pause Young (Allocation Failure) 7232M->4915M(7343M) 103.074ms
[7297.497s][info][gc,cpu         ] GC(2373) User=0.58s Sys=0.03s Real=0.10s
..[7299.006s][info][gc,start       ] GC(2374) Pause Young (Allocation Failure)
[7299.109s][info][gc,heap        ] GC(2374) PSYoungGen: 2608061K(2629120K)->148535K(2628096K) Eden: 2464768K(2464768K)->0K(2464768K) From: 143293K(164352K)->148535K(163328K)
[7299.109s][info][gc,heap        ] GC(2374) ParOldGen: 4890038K(4890112K)->4982294K(4982784K)
[7299.109s][info][gc,metaspace   ] GC(2374) Metaspace: 29083K(29504K)->29083K(29504K) NonClass: 24196K(24384K)->24196K(24384K) Class: 4886K(5120K)->4886K(5120K)
[7299.109s][info][gc             ] GC(2374) Pause Young (Allocation Failure) 7322M->5010M(7432M) 103.212ms
[7299.109s][info][gc,cpu         ] GC(2374) User=0.58s Sys=0.03s Real=0.11s
..[7300.699s][info][gc,start       ] GC(2375) Pause Young (Allocation Failure)
[7300.800s][info][gc,heap        ] GC(2375) PSYoungGen: 2613303K(2628096K)->148901K(2631168K) Eden: 2464768K(2464768K)->0K(2469888K) From: 148535K(163328K)->148901K(161280K)
[7300.800s][info][gc,heap        ] GC(2375) ParOldGen: 4982294K(4982784K)->5074398K(5074432K)
[7300.800s][info][gc,metaspace   ] GC(2375) Metaspace: 29083K(29504K)->29083K(29504K) NonClass: 24196K(24384K)->24196K(24384K) Class: 4886K(5120K)->4886K(5120K)
[7300.800s][info][gc             ] GC(2375) Pause Young (Allocation Failure) 7417M->5100M(7525M) 101.239ms
[7300.800s][info][gc,cpu         ] GC(2375) User=0.57s Sys=0.03s Real=0.10s
.[7302.350s][info][gc,start       ] GC(2376) Pause Young (Allocation Failure)
[7302.451s][info][gc,heap        ] GC(2376) PSYoungGen: 2618789K(2631168K)->143648K(2630656K) Eden: 2469888K(2469888K)->0K(2469888K) From: 148901K(161280K)->143648K(160768K)
[7302.451s][info][gc,heap        ] GC(2376) ParOldGen: 5074398K(5074432K)->5164126K(5164544K)
[7302.451s][info][gc,metaspace   ] GC(2376) Metaspace: 29083K(29504K)->29083K(29504K) NonClass: 24196K(24384K)->24196K(24384K) Class: 4886K(5120K)->4886K(5120K)
[7302.451s][info][gc             ] GC(2376) Pause Young (Allocation Failure) 7512M->5183M(7612M) 101.297ms
[7302.451s][info][gc,cpu         ] GC(2376) User=0.57s Sys=0.03s Real=0.10s
..[7304.024s][info][gc,start       ] GC(2377) Pause Young (Allocation Failure)
[7304.129s][info][gc,heap        ] GC(2377) PSYoungGen: 2613536K(2630656K)->154053K(2633216K) Eden: 2469888K(2469888K)->0K(2472448K) From: 143648K(160768K)->154053K(160768K)
[7304.129s][info][gc,heap        ] GC(2377) ParOldGen: 5164126K(5164544K)->5257582K(5257728K)
[7304.129s][info][gc,metaspace   ] GC(2377) Metaspace: 29083K(29504K)->29083K(29504K) NonClass: 24196K(24384K)->24196K(24384K) Class: 4886K(5120K)->4886K(5120K)
[7304.129s][info][gc             ] GC(2377) Pause Young (Allocation Failure) 7595M->5284M(7706M) 105.368ms
[7304.129s][info][gc,cpu         ] GC(2377) User=0.60s Sys=0.03s Real=0.11s
..[7305.719s][info][gc,start       ] GC(2378) Pause Young (Allocation Failure)
[7305.820s][info][gc,heap        ] GC(2378) PSYoungGen: 2626501K(2633216K)->143584K(2634240K) Eden: 2472448K(2472448K)->0K(2472448K) From: 154053K(160768K)->143584K(161792K)
[7305.820s][info][gc,heap        ] GC(2378) ParOldGen: 5257582K(5257728K)->5349990K(5350400K)
[7305.820s][info][gc,metaspace   ] GC(2378) Metaspace: 29083K(29504K)->29083K(29504K) NonClass: 24196K(24384K)->24196K(24384K) Class: 4886K(5120K)->4886K(5120K)
[7305.820s][info][gc             ] GC(2378) Pause Young (Allocation Failure) 7699M->5364M(7797M) 100.976ms
[7305.820s][info][gc,cpu         ] GC(2378) User=0.58s Sys=0.02s Real=0.10s
.[7307.319s][info][gc,start       ] GC(2379) Pause Young (Allocation Failure)
[7307.423s][info][gc,heap        ] GC(2379) PSYoungGen: 2616032K(2634240K)->147317K(2631680K) Eden: 2472448K(2472448K)->0K(2472960K) From: 143584K(161792K)->147317K(158720K)
[7307.423s][info][gc,heap        ] GC(2379) ParOldGen: 5349990K(5350400K)->5440934K(5441024K)
[7307.423s][info][gc,metaspace   ] GC(2379) Metaspace: 29083K(29504K)->29083K(29504K) NonClass: 24196K(24384K)->24196K(24384K) Class: 4886K(5120K)->4886K(5120K)
[7307.423s][info][gc             ] GC(2379) Pause Young (Allocation Failure) 7779M->5457M(7883M) 103.695ms
[7307.423s][info][gc,cpu         ] GC(2379) User=0.60s Sys=0.01s Real=0.10s
..[7309.067s][info][gc,start       ] GC(2380) Pause Young (Allocation Failure)
[7309.176s][info][gc,heap        ] GC(2380) PSYoungGen: 2620277K(2631680K)->158494K(2633216K) Eden: 2472960K(2472960K)->0K(2472960K) From: 147317K(158720K)->158494K(160256K)
[7309.176s][info][gc,heap        ] GC(2380) ParOldGen: 5440934K(5441024K)->5533246K(5533696K)
[7309.176s][info][gc,metaspace   ] GC(2380) Metaspace: 29083K(29504K)->29083K(29504K) NonClass: 24196K(24384K)->24196K(24384K) Class: 4886K(5120K)->4886K(5120K)
[7309.176s][info][gc             ] GC(2380) Pause Young (Allocation Failure) 7872M->5558M(7975M) 109.317ms
[7309.176s][info][gc,cpu         ] GC(2380) User=0.62s Sys=0.04s Real=0.11s
..[7310.655s][info][gc,start       ] GC(2381) Pause Full (Allocation Failure)
[7310.655s][info][gc,phases,start] GC(2381) Marking Phase
[7310.970s][info][gc,phases      ] GC(2381) Marking Phase 315.124ms
[7310.970s][info][gc,phases,start] GC(2381) Summary Phase
[7310.970s][info][gc,phases      ] GC(2381) Summary Phase 0.092ms
[7310.970s][info][gc,phases,start] GC(2381) Forward
[7311.103s][info][gc,phases      ] GC(2381) Forward 132.756ms
[7311.103s][info][gc,phases,start] GC(2381) Adjust Pointers
[7311.300s][info][gc,phases      ] GC(2381) Adjust Pointers 197.426ms
[7311.301s][info][gc,phases,start] GC(2381) Compaction Phase
[7311.429s][info][gc,phases      ] GC(2381) Compaction Phase 128.956ms
[7311.431s][info][gc,phases,start] GC(2381) Post Compact
[7311.438s][info][gc,phases      ] GC(2381) Post Compact 6.911ms
[7311.574s][info][gc,heap        ] GC(2381) PSYoungGen: 2631454K(2633216K)->0K(2633216K) Eden: 2472960K(2472960K)->0K(2470400K) From: 158494K(160256K)->0K(162816K)
[7311.574s][info][gc,heap        ] GC(2381) ParOldGen: 5533246K(5533696K)->1430234K(1768448K)
[7311.574s][info][gc,metaspace   ] GC(2381) Metaspace: 29083K(29504K)->29083K(29504K) NonClass: 24196K(24384K)->24196K(24384K) Class: 4886K(5120K)->4886K(5120K)
[7311.574s][info][gc             ] GC(2381) Pause Full (Allocation Failure) 7973M->1396M(4298M) 919.528ms
[7311.575s][info][gc,cpu         ] GC(2381) User=4.06s Sys=0.14s Real=0.92s
..[7312.979s][info][gc,start       ] GC(2382) Pause Young (Allocation Failure)
[7313.048s][info][gc,heap        ] GC(2382) PSYoungGen: 2470400K(2633216K)->153872K(2624512K) Eden: 2470400K(2470400K)->0K(2470400K) From: 0K(162816K)->153872K(154112K)
[7313.048s][info][gc,heap        ] GC(2382) ParOldGen: 1430234K(1768448K)->1430234K(1768448K)
[7313.048s][info][gc,metaspace   ] GC(2382) Metaspace: 29083K(29504K)->29083K(29504K) NonClass: 24196K(24384K)->24196K(24384K) Class: 4886K(5120K)->4886K(5120K)
[7313.048s][info][gc             ] GC(2382) Pause Young (Allocation Failure) 3809M->1546M(4290M) 69.725ms
[7313.048s][info][gc,cpu         ] GC(2382) User=0.42s Sys=0.00s Real=0.07s
.[7314.480s][info][gc,start       ] GC(2383) Pause Young (Allocation Failure)
[7314.574s][info][gc,heap        ] GC(2383) PSYoungGen: 2624272K(2624512K)->143765K(2633216K) Eden: 2470400K(2470400K)->0K(2469888K) From: 153872K(154112K)->143765K(163328K)
[7314.574s][info][gc,heap        ] GC(2383) ParOldGen: 1430234K(1768448K)->1524466K(1768448K)
[7314.574s][info][gc,metaspace   ] GC(2383) Metaspace: 29083K(29504K)->29083K(29504K) NonClass: 24196K(24384K)->24196K(24384K) Class: 4886K(5120K)->4886K(5120K)
[7314.574s][info][gc             ] GC(2383) Pause Young (Allocation Failure) 3959M->1629M(4298M) 93.712ms
[7314.574s][info][gc,cpu         ] GC(2383) User=0.55s Sys=0.00s Real=0.09s
. (rIR:aIR:PR = 12038:11989:11989) (tPR = 180067) [OK] 
  7315s: Performance info:
         Transaction,    Success,    Partial,     Failed,   Receipts, AvgBarcode, 
             Overall,     727435,          0,          0,     690843,      59.47, 
         Response times:
             Request,    Success,    Partial,     Failed,   SkipFail,     Probes,    Samples,      min,      p50,      p90,      p95,      p99,      max, 
       TotalPurchase,     691176,          0,          0,          0,     329743,     404644,      200,    22000,   140000,   288000,   539000,  1100000,
     InStorePurchase,     361533,          0,          0,          0,     173787,     213044,      200,    22000,   141000,   288000,   539000,   660000,
      OnlinePurchase,     258538,          0,          0,          0,     121553,     149071,      200,    21000,   139000,   283000,   540000,   660000,
        InstPurchase,      71105,          0,          0,          0,      34403,      42529,      300,    23000,   141000,   290000,   512000,  1100000,
          AssocOfCat,        728,          0,          0,          0,        626,        819,    22000,    63000,   182000,   412000,   620000,   670000,
      AssocOfProduct,       7474,          0,          0,          0,       3147,       3988,      500,    21000,   127000,   162000,   349000,   650000,
      BusinessReport,       1807,          0,          0,          0,       1580,       2052,    29000,    80000,   193000,   309000,   488340,   980000,
          CustBuyBeh,       7291,          0,          0,          0,       3126,       3964,      200,    17950,   127000,   238000,   367350,   640000,
       ProductReturn,      19071,          0,          0,          0,       9777,      12005,      200,    18300,   127000,   288400,   620000,   620000,

  7315s: (88%)   IR =  12177 [7316.162s][info][gc,start       ] GC(2384) Pause Young (Allocation Failure)
[7316.259s][info][gc,heap        ] GC(2384) PSYoungGen: 2613653K(2633216K)->155280K(2625536K) Eden: 2469888K(2469888K)->0K(2469888K) From: 143765K(163328K)->155280K(155648K)
[7316.259s][info][gc,heap        ] GC(2384) ParOldGen: 1524466K(1768448K)->1615834K(1768448K)
[7316.259s][info][gc,metaspace   ] GC(2384) Metaspace: 29083K(29504K)->29083K(29504K) NonClass: 24196K(24384K)->24196K(24384K) Class: 4886K(5120K)->4886K(5120K)
[7316.259s][info][gc             ] GC(2384) Pause Young (Allocation Failure) 4041M->1729M(4291M) 97.488ms
[7316.259s][info][gc,cpu         ] GC(2384) User=0.59s Sys=0.00s Real=0.10s
..[7317.865s][info][gc,start       ] GC(2385) Pause Young (Allocation Failure)
[7317.964s][info][gc,heap        ] GC(2385) PSYoungGen: 2625168K(2625536K)->150313K(2633216K) Eden: 2469888K(2469888K)->0K(2469376K) From: 155280K(155648K)->150313K(163840K)
[7317.964s][info][gc,heap        ] GC(2385) ParOldGen: 1615834K(1768448K)->1710042K(1768448K)
[7317.964s][info][gc,metaspace   ] GC(2385) Metaspace: 29083K(29504K)->29083K(29504K) NonClass: 24196K(24384K)->24196K(24384K) Class: 4886K(5120K)->4886K(5120K)
[7317.964s][info][gc             ] GC(2385) Pause Young (Allocation Failure) 4141M->1816M(4298M) 99.185ms
[7317.964s][info][gc,cpu         ] GC(2385) User=0.59s Sys=0.00s Real=0.10s
..[7319.502s][info][gc,start       ] GC(2386) Pause Young (Allocation Failure)
[7319.597s][info][gc,heap        ] GC(2386) PSYoungGen: 2619689K(2633216K)->144448K(2614272K) Eden: 2469376K(2469376K)->0K(2469376K) From: 150313K(163840K)->144448K(144896K)
[7319.597s][info][gc,heap        ] GC(2386) ParOldGen: 1710042K(1768448K)->1799010K(1799168K)
[7319.597s][info][gc,metaspace   ] GC(2386) Metaspace: 29083K(29504K)->29083K(29504K) NonClass: 24196K(24384K)->24196K(24384K) Class: 4886K(5120K)->4886K(5120K)
[7319.597s][info][gc             ] GC(2386) Pause Young (Allocation Failure) 4228M->1897M(4310M) 95.036ms
[7319.597s][info][gc,cpu         ] GC(2386) User=0.55s Sys=0.00s Real=0.09s
.[7321.151s][info][gc,start       ] GC(2387) Pause Young (Allocation Failure)
[7321.254s][info][gc,heap        ] GC(2387) PSYoungGen: 2613824K(2614272K)->153527K(2631168K) Eden: 2469376K(2469376K)->0K(2468864K) From: 144448K(144896K)->153527K(162304K)
[7321.254s][info][gc,heap        ] GC(2387) ParOldGen: 1799010K(1799168K)->1892698K(1892864K)
[7321.254s][info][gc,metaspace   ] GC(2387) Metaspace: 29083K(29504K)->29083K(29504K) NonClass: 24196K(24384K)->24196K(24384K) Class: 4886K(5120K)->4886K(5120K)
[7321.254s][info][gc             ] GC(2387) Pause Young (Allocation Failure) 4309M->1998M(4418M) 103.345ms
[7321.254s][info][gc,cpu         ] GC(2387) User=0.59s Sys=0.04s Real=0.10s
..[7322.845s][info][gc,start       ] GC(2388) Pause Young (Allocation Failure)
[7322.949s][info][gc,heap        ] GC(2388) PSYoungGen: 2622391K(2631168K)->156320K(2631680K) Eden: 2468864K(2468864K)->0K(2468864K) From: 153527K(162304K)->156320K(162816K)
[7322.949s][info][gc,heap        ] GC(2388) ParOldGen: 1892698K(1892864K)->1983674K(1984000K)
[7322.949s][info][gc,metaspace   ] GC(2388) Metaspace: 29083K(29504K)->29083K(29504K) NonClass: 24196K(24384K)->24196K(24384K) Class: 4886K(5120K)->4886K(5120K)
[7322.949s][info][gc             ] GC(2388) Pause Young (Allocation Failure) 4409M->2089M(4507M) 103.990ms
[7322.949s][info][gc,cpu         ] GC(2388) User=0.58s Sys=0.03s Real=0.11s
..|[7324.473s][info][gc,start       ] GC(2389) Pause Young (Allocation Failure)
[7324.570s][info][gc,heap        ] GC(2389) PSYoungGen: 2625184K(2631680K)->143232K(2632192K) Eden: 2468864K(2468864K)->0K(2468352K) From: 156320K(162816K)->143232K(163840K)
[7324.570s][info][gc,heap        ] GC(2389) ParOldGen: 1983674K(1984000K)->2075338K(2075648K)
[7324.570s][info][gc,metaspace   ] GC(2389) Metaspace: 29083K(29504K)->29083K(29504K) NonClass: 24196K(24384K)->24196K(24384K) Class: 4886K(5120K)->4886K(5120K)
[7324.570s][info][gc             ] GC(2389) Pause Young (Allocation Failure) 4500M->2166M(4597M) 97.010ms
[7324.570s][info][gc,cpu         ] GC(2389) User=0.55s Sys=0.03s Real=0.10s
.[7326.117s][info][gc,start       ] GC(2390) Pause Young (Allocation Failure)
[7326.218s][info][gc,heap        ] GC(2390) PSYoungGen: 2611584K(2632192K)->147040K(2615808K) Eden: 2468352K(2468352K)->0K(2468352K) From: 143232K(163840K)->147040K(147456K)
[7326.218s][info][gc,heap        ] GC(2390) ParOldGen: 2075338K(2075648K)->2168570K(2168832K)
[7326.218s][info][gc,metaspace   ] GC(2390) Metaspace: 29083K(29504K)->29083K(29504K) NonClass: 24196K(24384K)->24196K(24384K) Class: 4886K(5120K)->4886K(5120K)
[7326.218s][info][gc             ] GC(2390) Pause Young (Allocation Failure) 4577M->2261M(4672M) 100.852ms
[7326.218s][info][gc,cpu         ] GC(2390) User=0.57s Sys=0.03s Real=0.11s
..[7327.763s][info][gc,start       ] GC(2391) Pause Young (Allocation Failure)
[7327.863s][info][gc,heap        ] GC(2391) PSYoungGen: 2615392K(2615808K)->143012K(2631680K) Eden: 2468352K(2468352K)->0K(2468864K) From: 147040K(147456K)->143012K(162816K)
[7327.863s][info][gc,heap        ] GC(2391) ParOldGen: 2168570K(2168832K)->2259786K(2259968K)
[7327.863s][info][gc,metaspace   ] GC(2391) Metaspace: 29083K(29504K)->29083K(29504K) NonClass: 24196K(24384K)->24196K(24384K) Class: 4886K(5120K)->4886K(5120K)
[7327.863s][info][gc             ] GC(2391) Pause Young (Allocation Failure) 4671M->2346M(4777M) 100.071ms
[7327.863s][info][gc,cpu         ] GC(2391) User=0.56s Sys=0.03s Real=0.10s
.[7329.537s][info][gc,start       ] GC(2392) Pause Young (Allocation Failure)
[7329.639s][info][gc,heap        ] GC(2392) PSYoungGen: 2611876K(2631680K)->151589K(2631168K) Eden: 2468864K(2468864K)->0K(2468864K) From: 143012K(162816K)->151589K(162304K)
[7329.639s][info][gc,heap        ] GC(2392) ParOldGen: 2259786K(2259968K)->2349978K(2350080K)
[7329.639s][info][gc,metaspace   ] GC(2392) Metaspace: 29083K(29504K)->29083K(29504K) NonClass: 24196K(24384K)->24196K(24384K) Class: 4886K(5120K)->4886K(5120K)
[7329.639s][info][gc             ] GC(2392) Pause Young (Allocation Failure) 4757M->2442M(4864M) 101.832ms
[7329.639s][info][gc,cpu         ] GC(2392) User=0.58s Sys=0.02s Real=0.11s
..[7331.167s][info][gc,start       ] GC(2393) Pause Young (Allocation Failure)
[7331.272s][info][gc,heap        ] GC(2393) PSYoungGen: 2620453K(2631168K)->154164K(2632704K) Eden: 2468864K(2468864K)->0K(2470400K) From: 151589K(162304K)->154164K(162304K)
[7331.272s][info][gc,heap        ] GC(2393) ParOldGen: 2349978K(2350080K)->2443114K(2443264K)
[7331.272s][info][gc,metaspace   ] GC(2393) Metaspace: 29083K(29504K)->29083K(29504K) NonClass: 24196K(24384K)->24196K(24384K) Class: 4886K(5120K)->4886K(5120K)
[7331.272s][info][gc             ] GC(2393) Pause Young (Allocation Failure) 4853M->2536M(4957M) 104.548ms
[7331.272s][info][gc,cpu         ] GC(2393) User=0.59s Sys=0.03s Real=0.10s
..[7332.883s][info][gc,start       ] GC(2394) Pause Young (Allocation Failure)
[7332.983s][info][gc,heap        ] GC(2394) PSYoungGen: 2624564K(2632704K)->149328K(2619904K) Eden: 2470400K(2470400K)->0K(2470400K) From: 154164K(162304K)->149328K(149504K)
[7332.983s][info][gc,heap        ] GC(2394) ParOldGen: 2443114K(2443264K)->2533418K(2533888K)
[7332.983s][info][gc,metaspace   ] GC(2394) Metaspace: 29083K(29504K)->29083K(29504K) NonClass: 24196K(24384K)->24196K(24384K) Class: 4886K(5120K)->4886K(5120K)
[7332.983s][info][gc             ] GC(2394) Pause Young (Allocation Failure) 4948M->2619M(5033M) 100.314ms
[7332.983s][info][gc,cpu         ] GC(2394) User=0.57s Sys=0.04s Real=0.10s
.[7334.438s][info][gc,start       ] GC(2395) Pause Young (Allocation Failure)
[7334.535s][info][gc,heap        ] GC(2395) PSYoungGen: 2619728K(2619904K)->140224K(2632704K) Eden: 2470400K(2470400K)->0K(2470912K) From: 149328K(149504K)->140224K(161792K)
[7334.535s][info][gc,heap        ] GC(2395) ParOldGen: 2533418K(2533888K)->2625106K(2625536K)
[7334.535s][info][gc,metaspace   ] GC(2395) Metaspace: 29083K(29504K)->29083K(29504K) NonClass: 24196K(24384K)->24196K(24384K) Class: 4886K(5120K)->4886K(5120K)
[7334.535s][info][gc             ] GC(2395) Pause Young (Allocation Failure) 5032M->2700M(5135M) 96.450ms
[7334.535s][info][gc,cpu         ] GC(2395) User=0.54s Sys=0.03s Real=0.09s
..[7336.044s][info][gc,start       ] GC(2396) Pause Young (Allocation Failure)
[7336.151s][info][gc,heap        ] GC(2396) PSYoungGen: 2611136K(2632704K)->160997K(2632192K) Eden: 2470912K(2470912K)->0K(2470912K) From: 140224K(161792K)->160997K(161280K)
[7336.151s][info][gc,heap        ] GC(2396) ParOldGen: 2625106K(2625536K)->2717114K(2717184K)
[7336.151s][info][gc,metaspace   ] GC(2396) Metaspace: 29083K(29504K)->29083K(29504K) NonClass: 24196K(24384K)->24196K(24384K) Class: 4886K(5120K)->4886K(5120K)
[7336.151s][info][gc             ] GC(2396) Pause Young (Allocation Failure) 5113M->2810M(5224M) 106.871ms
[7336.151s][info][gc,cpu         ] GC(2396) User=0.61s Sys=0.02s Real=0.11s
.[7337.691s][info][gc,start       ] GC(2397) Pause Young (Allocation Failure)
[7337.803s][info][gc,heap        ] GC(2397) PSYoungGen: 2631909K(2632192K)->158767K(2626048K) Eden: 2470912K(2470912K)->0K(2462208K) From: 160997K(161280K)->158767K(163840K)
[7337.803s][info][gc,heap        ] GC(2397) ParOldGen: 2717114K(2717184K)->2808770K(2808832K)
[7337.803s][info][gc,metaspace   ] GC(2397) Metaspace: 29083K(29504K)->29083K(29504K) NonClass: 24196K(24384K)->24196K(24384K) Class: 4886K(5120K)->4886K(5120K)
[7337.803s][info][gc             ] GC(2397) Pause Young (Allocation Failure) 5223M->2897M(5307M) 112.339ms
[7337.803s][info][gc,cpu         ] GC(2397) User=0.63s Sys=0.04s Real=0.11s
..[7339.285s][info][gc,start       ] GC(2398) Pause Young (Allocation Failure)
[7339.382s][info][gc,heap        ] GC(2398) PSYoungGen: 2620975K(2626048K)->139488K(2601984K) Eden: 2462208K(2462208K)->0K(2462208K) From: 158767K(163840K)->139488K(139776K)
[7339.382s][info][gc,heap        ] GC(2398) ParOldGen: 2808770K(2808832K)->2901082K(2901504K)
[7339.382s][info][gc,metaspace   ] GC(2398) Metaspace: 29083K(29504K)->29083K(29504K) NonClass: 24196K(24384K)->24196K(24384K) Class: 4886K(5120K)->4886K(5120K)
[7339.382s][info][gc             ] GC(2398) Pause Young (Allocation Failure) 5302M->2969M(5374M) 96.840ms
[7339.382s][info][gc,cpu         ] GC(2398) User=0.56s Sys=0.02s Real=0.10s
.[7340.978s][info][gc,start       ] GC(2399) Pause Young (Allocation Failure)
[7341.078s][info][gc,heap        ] GC(2399) PSYoungGen: 2601696K(2601984K)->146464K(2630144K) Eden: 2462208K(2462208K)->0K(2462720K) From: 139488K(139776K)->146464K(167424K)
[7341.078s][info][gc,heap        ] GC(2399) ParOldGen: 2901082K(2901504K)->2992090K(2992128K)
[7341.078s][info][gc,metaspace   ] GC(2399) Metaspace: 29083K(29504K)->29083K(29504K) NonClass: 24196K(24384K)->24196K(24384K) Class: 4886K(5120K)->4886K(5120K)
[7341.078s][info][gc             ] GC(2399) Pause Young (Allocation Failure) 5373M->3064M(5490M) 99.988ms
[7341.078s][info][gc,cpu         ] GC(2399) User=0.56s Sys=0.03s Real=0.10s
..[7342.598s][info][gc,start       ] GC(2400) Pause Young (Allocation Failure)
[7342.714s][info][gc,heap        ] GC(2400) PSYoungGen: 2609184K(2630144K)->142976K(2606080K) Eden: 2462720K(2462720K)->0K(2462720K) From: 146464K(167424K)->142976K(143360K)
[7342.714s][info][gc,heap        ] GC(2400) ParOldGen: 2992090K(2992128K)->3083682K(3083776K)
[7342.714s][info][gc,metaspace   ] GC(2400) Metaspace: 29083K(29504K)->29083K(29504K) NonClass: 24196K(24384K)->24196K(24384K) Class: 4886K(5120K)->4886K(5120K)
[7342.714s][info][gc             ] GC(2400) Pause Young (Allocation Failure) 5469M->3151M(5556M) 116.833ms
[7342.714s][info][gc,cpu         ] GC(2400) User=0.55s Sys=0.03s Real=0.11s
.[7344.234s][info][gc,start       ] GC(2401) Pause Young (Allocation Failure)
[7344.341s][info][gc,heap        ] GC(2401) PSYoungGen: 2605696K(2606080K)->155373K(2627072K) Eden: 2462720K(2462720K)->0K(2461696K) From: 142976K(143360K)->155373K(165376K)
[7344.341s][info][gc,heap        ] GC(2401) ParOldGen: 3083682K(3083776K)->3176034K(3176448K)
[7344.341s][info][gc,metaspace   ] GC(2401) Metaspace: 29083K(29504K)->29083K(29504K) NonClass: 24196K(24384K)->24196K(24384K) Class: 4886K(5120K)->4886K(5120K)
[7344.341s][info][gc             ] GC(2401) Pause Young (Allocation Failure) 5556M->3253M(5667M) 107.102ms
[7344.341s][info][gc,cpu         ] GC(2401) User=0.60s Sys=0.04s Real=0.11s
..[7345.866s][info][gc,start       ] GC(2402) Pause Young (Allocation Failure)
[7345.966s][info][gc,heap        ] GC(2402) PSYoungGen: 2617069K(2627072K)->145952K(2628096K) Eden: 2461696K(2461696K)->0K(2461696K) From: 155373K(165376K)->145952K(166400K)
[7345.966s][info][gc,heap        ] GC(2402) ParOldGen: 3176034K(3176448K)->3267882K(3268096K)
[7345.966s][info][gc,metaspace   ] GC(2402) Metaspace: 29083K(29504K)->29083K(29504K) NonClass: 24196K(24384K)->24196K(24384K) Class: 4886K(5120K)->4886K(5120K)
[7345.966s][info][gc             ] GC(2402) Pause Young (Allocation Failure) 5657M->3333M(5758M) 99.952ms
[7345.966s][info][gc,cpu         ] GC(2402) User=0.57s Sys=0.03s Real=0.10s
..[7347.510s][info][gc,start       ] GC(2403) Pause Young (Allocation Failure)
[7347.611s][info][gc,heap        ] GC(2403) PSYoungGen: 2607648K(2628096K)->146949K(2626560K) Eden: 2461696K(2461696K)->0K(2464256K) From: 145952K(166400K)->146949K(162304K)
[7347.611s][info][gc,heap        ] GC(2403) ParOldGen: 3267882K(3268096K)->3359666K(3359744K)
[7347.611s][info][gc,metaspace   ] GC(2403) Metaspace: 29083K(29504K)->29083K(29504K) NonClass: 24196K(24384K)->24196K(24384K) Class: 4886K(5120K)->4886K(5120K)
[7347.611s][info][gc             ] GC(2403) Pause Young (Allocation Failure) 5737M->3424M(5846M) 101.253ms
[7347.611s][info][gc,cpu         ] GC(2403) User=0.57s Sys=0.03s Real=0.10s
.[7349.087s][info][gc,start       ] GC(2404) Pause Young (Allocation Failure)
[7349.187s][info][gc,heap        ] GC(2404) PSYoungGen: 2611205K(2626560K)->149760K(2628096K) Eden: 2464256K(2464256K)->0K(2464256K) From: 146949K(162304K)->149760K(163840K)
[7349.187s][info][gc,heap        ] GC(2404) ParOldGen: 3359666K(3359744K)->3452218K(3452416K)
[7349.187s][info][gc,metaspace   ] GC(2404) Metaspace: 29083K(29504K)->29083K(29504K) NonClass: 24196K(24384K)->24196K(24384K) Class: 4886K(5120K)->4886K(5120K)
[7349.187s][info][gc             ] GC(2404) Pause Young (Allocation Failure) 5830M->3517M(5938M) 100.778ms
[7349.187s][info][gc,cpu         ] GC(2404) User=0.57s Sys=0.03s Real=0.11s
..[7350.720s][info][gc,start       ] GC(2405) Pause Young (Allocation Failure)
[7350.820s][info][gc,heap        ] GC(2405) PSYoungGen: 2614016K(2628096K)->142432K(2631680K) Eden: 2464256K(2464256K)->0K(2469376K) From: 149760K(163840K)->142432K(162304K)
[7350.820s][info][gc,heap        ] GC(2405) ParOldGen: 3452218K(3452416K)->3545490K(3545600K)
[7350.820s][info][gc,metaspace   ] GC(2405) Metaspace: 29083K(29504K)->29083K(29504K) NonClass: 24196K(24384K)->24196K(24384K) Class: 4886K(5120K)->4886K(5120K)
[7350.820s][info][gc             ] GC(2405) Pause Young (Allocation Failure) 5924M->3601M(6032M) 100.401ms
[7350.820s][info][gc,cpu         ] GC(2405) User=0.58s Sys=0.02s Real=0.10s
.[7352.276s][info][gc,start       ] GC(2406) Pause Young (Allocation Failure)
[7352.375s][info][gc,heap        ] GC(2406) PSYoungGen: 2611808K(2631680K)->142912K(2632192K) Eden: 2469376K(2469376K)->0K(2469376K) From: 142432K(162304K)->142912K(162816K)
[7352.375s][info][gc,heap        ] GC(2406) ParOldGen: 3545490K(3545600K)->3634722K(3635200K)
[7352.375s][info][gc,metaspace   ] GC(2406) Metaspace: 29083K(29504K)->29083K(29504K) NonClass: 24196K(24384K)->24196K(24384K) Class: 4886K(5120K)->4886K(5120K)
[7352.375s][info][gc             ] GC(2406) Pause Young (Allocation Failure) 6012M->3689M(6120M) 99.005ms
[7352.375s][info][gc,cpu         ] GC(2406) User=0.56s Sys=0.02s Real=0.10s
..[7353.919s][info][gc,start       ] GC(2407) Pause Young (Allocation Failure)
[7354.021s][info][gc,heap        ] GC(2407) PSYoungGen: 2612288K(2632192K)->149408K(2631168K) Eden: 2469376K(2469376K)->0K(2470912K) From: 142912K(162816K)->149408K(160256K)
[7354.021s][info][gc,heap        ] GC(2407) ParOldGen: 3634722K(3635200K)->3728250K(3728384K)
[7354.021s][info][gc,metaspace   ] GC(2407) Metaspace: 29083K(29504K)->29083K(29504K) NonClass: 24196K(24384K)->24196K(24384K) Class: 4886K(5120K)->4886K(5120K)
[7354.021s][info][gc             ] GC(2407) Pause Young (Allocation Failure) 6100M->3786M(6210M) 102.131ms
[7354.021s][info][gc,cpu         ] GC(2407) User=0.58s Sys=0.02s Real=0.10s
.[7355.496s][info][gc,start       ] GC(2408) Pause Young (Allocation Failure)
[7355.596s][info][gc,heap        ] GC(2408) PSYoungGen: 2620320K(2631168K)->139904K(2632192K) Eden: 2470912K(2470912K)->0K(2470912K) From: 149408K(160256K)->139904K(161280K)
[7355.596s][info][gc,heap        ] GC(2408) ParOldGen: 3728250K(3728384K)->3820274K(3820544K)
[7355.596s][info][gc,metaspace   ] GC(2408) Metaspace: 29083K(29504K)->29083K(29504K) NonClass: 24196K(24384K)->24196K(24384K) Class: 4886K(5120K)->4886K(5120K)
[7355.596s][info][gc             ] GC(2408) Pause Young (Allocation Failure) 6199M->3867M(6301M) 99.719ms
[7355.596s][info][gc,cpu         ] GC(2408) User=0.57s Sys=0.02s Real=0.10s
..[7357.149s][info][gc,start       ] GC(2409) Pause Young (Allocation Failure)
[7357.252s][info][gc,heap        ] GC(2409) PSYoungGen: 2610816K(2632192K)->150272K(2634752K) Eden: 2470912K(2470912K)->0K(2473472K) From: 139904K(161280K)->150272K(161280K)
[7357.252s][info][gc,heap        ] GC(2409) ParOldGen: 3820274K(3820544K)->3911162K(3911168K)
[7357.252s][info][gc,metaspace   ] GC(2409) Metaspace: 29083K(29504K)->29083K(29504K) NonClass: 24196K(24384K)->24196K(24384K) Class: 4886K(5120K)->4886K(5120K)
[7357.252s][info][gc             ] GC(2409) Pause Young (Allocation Failure) 6280M->3966M(6392M) 102.333ms
[7357.252s][info][gc,cpu         ] GC(2409) User=0.58s Sys=0.02s Real=0.10s
.[7358.831s][info][gc,start       ] GC(2410) Pause Young (Allocation Failure)
[7358.932s][info][gc,heap        ] GC(2410) PSYoungGen: 2623744K(2634752K)->147077K(2620928K) Eden: 2473472K(2473472K)->0K(2473472K) From: 150272K(161280K)->147077K(147456K)
[7358.932s][info][gc,heap        ] GC(2410) ParOldGen: 3911162K(3911168K)->4002618K(4002816K)
[7358.932s][info][gc,metaspace   ] GC(2410) Metaspace: 29083K(29504K)->29083K(29504K) NonClass: 24196K(24384K)->24196K(24384K) Class: 4886K(5120K)->4886K(5120K)
[7358.932s][info][gc             ] GC(2410) Pause Young (Allocation Failure) 6381M->4052M(6468M) 100.640ms
[7358.932s][info][gc,cpu         ] GC(2410) User=0.57s Sys=0.03s Real=0.10s
..[7360.503s][info][gc,start       ] GC(2411) Pause Young (Allocation Failure)
[7360.607s][info][gc,heap        ] GC(2411) PSYoungGen: 2620549K(2620928K)->155156K(2631680K) Eden: 2473472K(2473472K)->0K(2471936K) From: 147077K(147456K)->155156K(159744K)
[7360.607s][info][gc,heap        ] GC(2411) ParOldGen: 4002618K(4002816K)->4092346K(4092416K)
[7360.608s][info][gc,metaspace   ] GC(2411) Metaspace: 29083K(29504K)->29083K(29504K) NonClass: 24196K(24384K)->24196K(24384K) Class: 4886K(5120K)->4886K(5120K)
[7360.608s][info][gc             ] GC(2411) Pause Young (Allocation Failure) 6467M->4147M(6566M) 104.075ms
[7360.608s][info][gc,cpu         ] GC(2411) User=0.58s Sys=0.04s Real=0.11s
..[7362.129s][info][gc,start       ] GC(2412) Pause Young (Allocation Failure)
[7362.233s][info][gc,heap        ] GC(2412) PSYoungGen: 2627092K(2631680K)->151300K(2633216K) Eden: 2471936K(2471936K)->0K(2471936K) From: 155156K(159744K)->151300K(161280K)
[7362.233s][info][gc,heap        ] GC(2412) ParOldGen: 4092346K(4092416K)->4186706K(4187136K)
[7362.233s][info][gc,metaspace   ] GC(2412) Metaspace: 29083K(29504K)->29083K(29504K) NonClass: 24196K(24384K)->24196K(24384K) Class: 4886K(5120K)->4886K(5120K)
[7362.233s][info][gc             ] GC(2412) Pause Young (Allocation Failure) 6561M->4236M(6660M) 103.275ms
[7362.233s][info][gc,cpu         ] GC(2412) User=0.60s Sys=0.02s Real=0.10s
.[7363.816s][info][gc,start       ] GC(2413) Pause Young (Allocation Failure)
[7363.917s][info][gc,heap        ] GC(2413) PSYoungGen: 2623236K(2633216K)->144096K(2633728K) Eden: 2471936K(2471936K)->0K(2473472K) From: 151300K(161280K)->144096K(160256K)
[7363.917s][info][gc,heap        ] GC(2413) ParOldGen: 4186706K(4187136K)->4277362K(4277760K)
[7363.917s][info][gc,metaspace   ] GC(2413) Metaspace: 29083K(29504K)->29083K(29504K) NonClass: 24196K(24384K)->24196K(24384K) Class: 4886K(5120K)->4886K(5120K)
[7363.917s][info][gc             ] GC(2413) Pause Young (Allocation Failure) 6650M->4317M(6749M) 100.852ms
[7363.917s][info][gc,cpu         ] GC(2413) User=0.58s Sys=0.02s Real=0.10s
..[7365.428s][info][gc,start       ] GC(2414) Pause Young (Allocation Failure)
[7365.529s][info][gc,heap        ] GC(2414) PSYoungGen: 2617568K(2633728K)->144884K(2634240K) Eden: 2473472K(2473472K)->0K(2473472K) From: 144096K(160256K)->144884K(160768K)
[7365.529s][info][gc,heap        ] GC(2414) ParOldGen: 4277362K(4277760K)->4368602K(4368896K)
[7365.529s][info][gc,metaspace   ] GC(2414) Metaspace: 29083K(29504K)->29083K(29504K) NonClass: 24196K(24384K)->24196K(24384K) Class: 4886K(5120K)->4886K(5120K)
[7365.529s][info][gc             ] GC(2414) Pause Young (Allocation Failure) 6733M->4407M(6839M) 100.136ms
[7365.529s][info][gc,cpu         ] GC(2414) User=0.56s Sys=0.04s Real=0.10s
.[7367.042s][info][gc,start       ] GC(2415) Pause Young (Allocation Failure)
[7367.144s][info][gc,heap        ] GC(2415) PSYoungGen: 2618356K(2634240K)->149152K(2633216K) Eden: 2473472K(2473472K)->0K(2475008K) From: 144884K(160768K)->149152K(158208K)
[7367.144s][info][gc,heap        ] GC(2415) ParOldGen: 4368602K(4368896K)->4461266K(4461568K)
[7367.144s][info][gc,metaspace   ] GC(2415) Metaspace: 29083K(29504K)->29083K(29504K) NonClass: 24196K(24384K)->24196K(24384K) Class: 4886K(5120K)->4886K(5120K)
[7367.144s][info][gc             ] GC(2415) Pause Young (Allocation Failure) 6823M->4502M(6928M) 102.222ms
[7367.144s][info][gc,cpu         ] GC(2415) User=0.57s Sys=0.04s Real=0.10s
..[7368.684s][info][gc,start       ] GC(2416) Pause Young (Allocation Failure)
[7368.792s][info][gc,heap        ] GC(2416) PSYoungGen: 2624160K(2633216K)->154650K(2634240K) Eden: 2475008K(2475008K)->0K(2475008K) From: 149152K(158208K)->154650K(159232K)
[7368.792s][info][gc,heap        ] GC(2416) ParOldGen: 4461266K(4461568K)->4554170K(4554240K)
[7368.792s][info][gc,metaspace   ] GC(2416) Metaspace: 29083K(29504K)->29083K(29504K) NonClass: 24196K(24384K)->24196K(24384K) Class: 4886K(5120K)->4886K(5120K)
[7368.792s][info][gc             ] GC(2416) Pause Young (Allocation Failure) 6919M->4598M(7020M) 108.030ms
[7368.792s][info][gc,cpu         ] GC(2416) User=0.61s Sys=0.03s Real=0.11s
..[7370.305s][info][gc,start       ] GC(2417) Pause Young (Allocation Failure)
[7370.412s][info][gc,heap        ] GC(2417) PSYoungGen: 2629658K(2634240K)->148218K(2635776K) Eden: 2475008K(2475008K)->0K(2475520K) From: 154650K(159232K)->148218K(160256K)
[7370.412s][info][gc,heap        ] GC(2417) ParOldGen: 4554170K(4554240K)->4647730K(4647936K)
[7370.412s][info][gc,metaspace   ] GC(2417) Metaspace: 29083K(29504K)->29083K(29504K) NonClass: 24196K(24384K)->24196K(24384K) Class: 4886K(5120K)->4886K(5120K)
[7370.412s][info][gc             ] GC(2417) Pause Young (Allocation Failure) 7015M->4683M(7113M) 107.213ms
[7370.412s][info][gc,cpu         ] GC(2417) User=0.60s Sys=0.03s Real=0.11s
.[7371.962s][info][gc,start       ] GC(2418) Pause Young (Allocation Failure)
[7372.069s][info][gc,heap        ] GC(2418) PSYoungGen: 2623738K(2635776K)->156905K(2632704K) Eden: 2475520K(2475520K)->0K(2475520K) From: 148218K(160256K)->156905K(157184K)
[7372.069s][info][gc,heap        ] GC(2418) ParOldGen: 4647730K(4647936K)->4738922K(4739072K)
[7372.069s][info][gc,metaspace   ] GC(2418) Metaspace: 29083K(29504K)->29083K(29504K) NonClass: 24196K(24384K)->24196K(24384K) Class: 4886K(5120K)->4886K(5120K)
[7372.069s][info][gc             ] GC(2418) Pause Young (Allocation Failure) 7101M->4781M(7199M) 107.020ms
[7372.069s][info][gc,cpu         ] GC(2418) User=0.61s Sys=0.03s Real=0.11s
..[7373.551s][info][gc,start       ] GC(2419) Pause Young (Allocation Failure)
[7373.656s][info][gc,heap        ] GC(2419) PSYoungGen: 2632425K(2632704K)->154756K(2633216K) Eden: 2475520K(2475520K)->0K(2471424K) From: 156905K(157184K)->154756K(161792K)
[7373.657s][info][gc,heap        ] GC(2419) ParOldGen: 4738922K(4739072K)->4828346K(4828672K)
[7373.657s][info][gc,metaspace   ] GC(2419) Metaspace: 29083K(29504K)->29083K(29504K) NonClass: 24196K(24384K)->24196K(24384K) Class: 4886K(5120K)->4886K(5120K)
[7373.657s][info][gc             ] GC(2419) Pause Young (Allocation Failure) 7198M->4866M(7287M) 105.262ms
[7373.657s][info][gc,cpu         ] GC(2419) User=0.60s Sys=0.02s Real=0.10s
.[7375.231s][info][gc,start       ] GC(2420) Pause Young (Allocation Failure)
[7375.337s][info][gc,heap        ] GC(2420) PSYoungGen: 2626180K(2633216K)->146872K(2633728K) Eden: 2471424K(2471424K)->0K(2471424K) From: 154756K(161792K)->146872K(162304K)
[7375.337s][info][gc,heap        ] GC(2420) ParOldGen: 4828346K(4828672K)->4925066K(4925440K)
[7375.337s][info][gc,metaspace   ] GC(2420) Metaspace: 29083K(29504K)->29083K(29504K) NonClass: 24196K(24384K)->24196K(24384K) Class: 4886K(5120K)->4886K(5120K)
[7375.337s][info][gc             ] GC(2420) Pause Young (Allocation Failure) 7279M->4953M(7382M) 106.209ms
[7375.338s][info][gc,cpu         ] GC(2420) User=0.60s Sys=0.03s Real=0.11s
..[7376.876s][info][gc,start       ] GC(2421) Pause Young (Allocation Failure)
[7376.982s][info][gc,heap        ] GC(2421) PSYoungGen: 2618296K(2633728K)->158528K(2630144K) Eden: 2471424K(2471424K)->0K(2468352K) From: 146872K(162304K)->158528K(161792K)
[7376.982s][info][gc,heap        ] GC(2421) ParOldGen: 4925066K(4925440K)->5012114K(5012480K)
[7376.982s][info][gc,metaspace   ] GC(2421) Metaspace: 29083K(29504K)->29083K(29504K) NonClass: 24196K(24384K)->24196K(24384K) Class: 4886K(5120K)->4886K(5120K)
[7376.982s][info][gc             ] GC(2421) Pause Young (Allocation Failure) 7366M->5049M(7463M) 106.569ms
[7376.982s][info][gc,cpu         ] GC(2421) User=0.60s Sys=0.02s Real=0.11s
.[7378.530s][info][gc,start       ] GC(2422) Pause Young (Allocation Failure)
[7378.638s][info][gc,heap        ] GC(2422) PSYoungGen: 2626880K(2630144K)->152313K(2632192K) Eden: 2468352K(2468352K)->0K(2468352K) From: 158528K(161792K)->152313K(163840K)
[7378.638s][info][gc,heap        ] GC(2422) ParOldGen: 5012114K(5012480K)->5107154K(5107200K)
[7378.638s][info][gc,metaspace   ] GC(2422) Metaspace: 29083K(29504K)->29083K(29504K) NonClass: 24196K(24384K)->24196K(24384K) Class: 4886K(5120K)->4886K(5120K)
[7378.638s][info][gc             ] GC(2422) Pause Young (Allocation Failure) 7459M->5136M(7558M) 108.018ms
[7378.638s][info][gc,cpu         ] GC(2422) User=0.61s Sys=0.03s Real=0.11s
..[7380.166s][info][gc,start       ] GC(2423) Pause Young (Allocation Failure)
[7380.271s][info][gc,heap        ] GC(2423) PSYoungGen: 2620665K(2632192K)->151172K(2629632K) Eden: 2468352K(2468352K)->0K(2468864K) From: 152313K(163840K)->151172K(160768K)
[7380.271s][info][gc,heap        ] GC(2423) ParOldGen: 5107154K(5107200K)->5198498K(5198848K)
[7380.271s][info][gc,metaspace   ] GC(2423) Metaspace: 29083K(29504K)->29083K(29504K) NonClass: 24196K(24384K)->24196K(24384K) Class: 4886K(5120K)->4886K(5120K)
[7380.271s][info][gc             ] GC(2423) Pause Young (Allocation Failure) 7546M->5224M(7645M) 104.530ms
[7380.271s][info][gc,cpu         ] GC(2423) User=0.61s Sys=0.02s Real=0.11s
..[7381.848s][info][gc,start       ] GC(2424) Pause Young (Allocation Failure)
[7381.949s][info][gc,heap        ] GC(2424) PSYoungGen: 2620036K(2629632K)->147168K(2631168K) Eden: 2468864K(2468864K)->0K(2468864K) From: 151172K(160768K)->147168K(162304K)
[7381.949s][info][gc,heap        ] GC(2424) ParOldGen: 5198498K(5198848K)->5287802K(5287936K)
[7381.949s][info][gc,metaspace   ] GC(2424) Metaspace: 29083K(29504K)->29083K(29504K) NonClass: 24196K(24384K)->24196K(24384K) Class: 4886K(5120K)->4886K(5120K)
[7381.949s][info][gc             ] GC(2424) Pause Young (Allocation Failure) 7635M->5307M(7733M) 101.580ms
[7381.949s][info][gc,cpu         ] GC(2424) User=0.58s Sys=0.03s Real=0.10s
.[7383.474s][info][gc,start       ] GC(2425) Pause Young (Allocation Failure)
[7383.579s][info][gc,heap        ] GC(2425) PSYoungGen: 2616032K(2631168K)->149940K(2631168K) Eden: 2468864K(2468864K)->0K(2471936K) From: 147168K(162304K)->149940K(159232K)
[7383.579s][info][gc,heap        ] GC(2425) ParOldGen: 5287802K(5287936K)->5380122K(5380608K)
[7383.579s][info][gc,metaspace   ] GC(2425) Metaspace: 29083K(29504K)->29083K(29504K) NonClass: 24196K(24384K)->24196K(24384K) Class: 4886K(5120K)->4886K(5120K)
[7383.579s][info][gc             ] GC(2425) Pause Young (Allocation Failure) 7718M->5400M(7824M) 105.715ms
[7383.579s][info][gc,cpu         ] GC(2425) User=0.60s Sys=0.03s Real=0.11s
..[7385.074s][info][gc,start       ] GC(2426) Pause Young (Allocation Failure)
[7385.182s][info][gc,heap        ] GC(2426) PSYoungGen: 2621876K(2631168K)->155408K(2632704K) Eden: 2471936K(2471936K)->0K(2471936K) From: 149940K(159232K)->155408K(160768K)
[7385.182s][info][gc,heap        ] GC(2426) ParOldGen: 5380122K(5380608K)->5472458K(5472768K)
[7385.182s][info][gc,metaspace   ] GC(2426) Metaspace: 29083K(29504K)->29083K(29504K) NonClass: 24196K(24384K)->24196K(24384K) Class: 4886K(5120K)->4886K(5120K)
[7385.182s][info][gc             ] GC(2426) Pause Young (Allocation Failure) 7814M->5495M(7915M) 107.838ms
[7385.182s][info][gc,cpu         ] GC(2426) User=0.60s Sys=0.04s Real=0.11s
.[7386.754s][info][gc,start       ] GC(2427) Pause Young (Allocation Failure)
[7386.858s][info][gc,heap        ] GC(2427) PSYoungGen: 2627344K(2632704K)->146986K(2634752K) Eden: 2471936K(2471936K)->0K(2473472K) From: 155408K(160768K)->146986K(161280K)
[7386.858s][info][gc,heap        ] GC(2427) ParOldGen: 5472458K(5472768K)->5564490K(5564928K)
[7386.858s][info][gc,metaspace   ] GC(2427) Metaspace: 29083K(29504K)->29083K(29504K) NonClass: 24196K(24384K)->24196K(24384K) Class: 4886K(5120K)->4886K(5120K)
[7386.858s][info][gc             ] GC(2427) Pause Young (Allocation Failure) 7909M->5577M(8007M) 103.485ms
[7386.858s][info][gc,cpu         ] GC(2427) User=0.59s Sys=0.02s Real=0.11s
..[7388.445s][info][gc,start       ] GC(2428) Pause Full (Allocation Failure)
[7388.445s][info][gc,phases,start] GC(2428) Marking Phase
[7388.776s][info][gc,phases      ] GC(2428) Marking Phase 330.983ms
[7388.776s][info][gc,phases,start] GC(2428) Summary Phase
[7388.776s][info][gc,phases      ] GC(2428) Summary Phase 0.098ms
[7388.777s][info][gc,phases,start] GC(2428) Forward
[7388.903s][info][gc,phases      ] GC(2428) Forward 126.504ms
[7388.904s][info][gc,phases,start] GC(2428) Adjust Pointers
[7389.103s][info][gc,phases      ] GC(2428) Adjust Pointers 199.399ms
[7389.103s][info][gc,phases,start] GC(2428) Compaction Phase
[7389.229s][info][gc,phases      ] GC(2428) Compaction Phase 125.979ms
[7389.231s][info][gc,phases,start] GC(2428) Post Compact
[7389.237s][info][gc,phases      ] GC(2428) Post Compact 6.811ms
[7389.378s][info][gc,heap        ] GC(2428) PSYoungGen: 2620458K(2634752K)->0K(2634752K) Eden: 2473472K(2473472K)->0K(2473472K) From: 146986K(161280K)->0K(161280K)
[7389.378s][info][gc,heap        ] GC(2428) ParOldGen: 5564490K(5564928K)->1433002K(1779712K)
[7389.378s][info][gc,metaspace   ] GC(2428) Metaspace: 29083K(29504K)->29083K(29504K) NonClass: 24196K(24384K)->24196K(24384K) Class: 4886K(5120K)->4886K(5120K)
[7389.378s][info][gc             ] GC(2428) Pause Full (Allocation Failure) 7993M->1399M(4311M) 933.081ms
[7389.378s][info][gc,cpu         ] GC(2428) User=4.09s Sys=0.14s Real=0.94s
. (rIR:aIR:PR = 12177:12290:12125) (tPR = 178033) [OK] 
  7389s: Performance info:
         Transaction,    Success,    Partial,     Failed,   Receipts, AvgBarcode, 
             Overall,     787104,          0,          0,     747900,      59.48, 
         Response times:
             Request,    Success,    Partial,     Failed,   SkipFail,     Probes,    Samples,      min,      p50,      p90,      p95,      p99,      max, 
       TotalPurchase,     758135,          0,          0,          0,     361722,     441620,      300,    35000,   122000,   153000,   212000,  1100000,
     InStorePurchase,     401163,          0,          0,          0,     190501,     232002,      300,    35000,   122000,   153000,   214000,  1100000,
      OnlinePurchase,     276519,          0,          0,          0,     132171,     161807,      300,    36000,   123000,   152000,   209000,  1000000,
        InstPurchase,      80453,          0,          0,          0,      39050,      47811,      300,    33000,   120000,   152000,   213000,  1000000,
          AssocOfCat,        789,          0,          0,          0,        664,        888,    23000,    77500,   166100,   207000,   256220,  1100000,
      AssocOfProduct,       8009,          0,          0,          0,       3605,       4471,      700,    34000,   128000,   156400,   202000,   339000,
      BusinessReport,       1963,          0,          0,          0,       1735,       2228,    31000,    87000,   179000,   208000,   284130,  1100000,
          CustBuyBeh,       8028,          0,          0,          0,       3597,       4459,      600,    31000,   116000,   146000,   214400,   341000,
       ProductReturn,      20891,          0,          0,          0,       9513,      11740,      700,    37000,   125000,   154000,   199000,   300000,

  7389s: (89%)   IR =  12315 .[7390.702s][info][gc,start       ] GC(2429) Pause Young (Allocation Failure)
[7390.777s][info][gc,heap        ] GC(2429) PSYoungGen: 2473472K(2634752K)->161265K(2628608K) Eden: 2473472K(2473472K)->0K(2467328K) From: 0K(161280K)->161265K(161280K)
[7390.777s][info][gc,heap        ] GC(2429) ParOldGen: 1433002K(1779712K)->1433218K(1779712K)
[7390.777s][info][gc,metaspace   ] GC(2429) Metaspace: 29083K(29504K)->29083K(29504K) NonClass: 24196K(24384K)->24196K(24384K) Class: 4886K(5120K)->4886K(5120K)
[7390.777s][info][gc             ] GC(2429) Pause Young (Allocation Failure) 3814M->1557M(4305M) 75.355ms
[7390.777s][info][gc,cpu         ] GC(2429) User=0.44s Sys=0.01s Real=0.07s
.[7392.197s][info][gc,start       ] GC(2430) Pause Young (Allocation Failure)
[7392.309s][info][gc,heap        ] GC(2430) PSYoungGen: 2628593K(2628608K)->164334K(2631680K) Eden: 2467328K(2467328K)->0K(2467328K) From: 161265K(161280K)->164334K(164352K)
[7392.309s][info][gc,heap        ] GC(2430) ParOldGen: 1433218K(1779712K)->1544666K(1779712K)
[7392.309s][info][gc,metaspace   ] GC(2430) Metaspace: 29083K(29504K)->29083K(29504K) NonClass: 24196K(24384K)->24196K(24384K) Class: 4886K(5120K)->4886K(5120K)
[7392.309s][info][gc             ] GC(2430) Pause Young (Allocation Failure) 3966M->1668M(4308M) 112.606ms
[7392.309s][info][gc,cpu         ] GC(2430) User=0.67s Sys=0.00s Real=0.12s
.[7393.852s][info][gc,start       ] GC(2431) Pause Young (Allocation Failure)
[7393.948s][info][gc,heap        ] GC(2431) PSYoungGen: 2631662K(2631680K)->150048K(2546688K) Eden: 2467328K(2467328K)->0K(2382336K) From: 164334K(164352K)->150048K(164352K)
[7393.948s][info][gc,heap        ] GC(2431) ParOldGen: 1544666K(1779712K)->1637394K(1779712K)
[7393.948s][info][gc,metaspace   ] GC(2431) Metaspace: 29083K(29504K)->29083K(29504K) NonClass: 24196K(24384K)->24196K(24384K) Class: 4886K(5120K)->4886K(5120K)
[7393.948s][info][gc             ] GC(2431) Pause Young (Allocation Failure) 4078M->1745M(4225M) 96.139ms
[7393.948s][info][gc,cpu         ] GC(2431) User=0.57s Sys=0.00s Real=0.10s
..[7395.341s][info][gc,start       ] GC(2432) Pause Young (Allocation Failure)
[7395.432s][info][gc,heap        ] GC(2432) PSYoungGen: 2532384K(2546688K)->139744K(2589184K) Eden: 2382336K(2382336K)->0K(2382336K) From: 150048K(164352K)->139744K(206848K)
[7395.432s][info][gc,heap        ] GC(2432) ParOldGen: 1637394K(1779712K)->1726858K(1779712K)
[7395.432s][info][gc,metaspace   ] GC(2432) Metaspace: 29083K(29504K)->29083K(29504K) NonClass: 24196K(24384K)->24196K(24384K) Class: 4886K(5120K)->4886K(5120K)
[7395.432s][info][gc             ] GC(2432) Pause Young (Allocation Failure) 4072M->1822M(4266M) 91.116ms
[7395.432s][info][gc,cpu         ] GC(2432) User=0.54s Sys=0.00s Real=0.09s
.[7396.907s][info][gc,start       ] GC(2433) Pause Young (Allocation Failure)
[7397.006s][info][gc,heap        ] GC(2433) PSYoungGen: 2522080K(2589184K)->148256K(2583552K) Eden: 2382336K(2382336K)->0K(2382848K) From: 139744K(206848K)->148256K(200704K)
[7397.006s][info][gc,heap        ] GC(2433) ParOldGen: 1726858K(1779712K)->1820130K(1820160K)
[7397.006s][info][gc,metaspace   ] GC(2433) Metaspace: 29083K(29504K)->29083K(29504K) NonClass: 24196K(24384K)->24196K(24384K) Class: 4886K(5120K)->4886K(5120K)
[7397.006s][info][gc             ] GC(2433) Pause Young (Allocation Failure) 4149M->1922M(4300M) 99.417ms
[7397.006s][info][gc,cpu         ] GC(2433) User=0.57s Sys=0.02s Real=0.10s
..[7398.409s][info][gc,start       ] GC(2434) Pause Young (Allocation Failure)
[7398.507s][info][gc,heap        ] GC(2434) PSYoungGen: 2531104K(2583552K)->142997K(2586624K) Eden: 2382848K(2382848K)->0K(2382848K) From: 148256K(200704K)->142997K(203776K)
[7398.508s][info][gc,heap        ] GC(2434) ParOldGen: 1820130K(1820160K)->1910378K(1910784K)
[7398.508s][info][gc,metaspace   ] GC(2434) Metaspace: 29083K(29504K)->29083K(29504K) NonClass: 24196K(24384K)->24196K(24384K) Class: 4886K(5120K)->4886K(5120K)
[7398.508s][info][gc             ] GC(2434) Pause Young (Allocation Failure) 4249M->2005M(4392M) 98.855ms
[7398.508s][info][gc,cpu         ] GC(2434) User=0.55s Sys=0.04s Real=0.10s
.[7399.935s][info][gc,start       ] GC(2435) Pause Young (Allocation Failure)
[7400.034s][info][gc,heap        ] GC(2435) PSYoungGen: 2525845K(2586624K)->149376K(2584576K) Eden: 2382848K(2382848K)->0K(2390016K) From: 142997K(203776K)->149376K(194560K)
[7400.034s][info][gc,heap        ] GC(2435) ParOldGen: 1910378K(1910784K)->1999586K(1999872K)
[7400.034s][info][gc,metaspace   ] GC(2435) Metaspace: 29083K(29504K)->29083K(29504K) NonClass: 24196K(24384K)->24196K(24384K) Class: 4886K(5120K)->4886K(5120K)
[7400.034s][info][gc             ] GC(2435) Pause Young (Allocation Failure) 4332M->2098M(4477M) 98.921ms
[7400.034s][info][gc,cpu         ] GC(2435) User=0.56s Sys=0.03s Real=0.10s
..[7401.485s][info][gc,start       ] GC(2436) Pause Young (Allocation Failure)
[7401.580s][info][gc,heap        ] GC(2436) PSYoungGen: 2539392K(2584576K)->133952K(2589184K) Eden: 2390016K(2390016K)->0K(2390016K) From: 149376K(194560K)->133952K(199168K)
[7401.580s][info][gc,heap        ] GC(2436) ParOldGen: 1999586K(1999872K)->2093066K(2093568K)
[7401.580s][info][gc,metaspace   ] GC(2436) Metaspace: 29083K(29504K)->29083K(29504K) NonClass: 24196K(24384K)->24196K(24384K) Class: 4886K(5120K)->4886K(5120K)
[7401.580s][info][gc             ] GC(2436) Pause Young (Allocation Failure) 4432M->2174M(4573M) 95.234ms
[7401.580s][info][gc,cpu         ] GC(2436) User=0.54s Sys=0.03s Real=0.10s
.[7403.034s][info][gc,start       ] GC(2437) Pause Young (Allocation Failure)
[7403.136s][info][gc,heap        ] GC(2437) PSYoungGen: 2523968K(2589184K)->153098K(2588160K) Eden: 2390016K(2390016K)->0K(2398208K) From: 133952K(199168K)->153098K(189952K)
[7403.136s][info][gc,heap        ] GC(2437) ParOldGen: 2093066K(2093568K)->2180882K(2181120K)
[7403.136s][info][gc,metaspace   ] GC(2437) Metaspace: 29083K(29504K)->29083K(29504K) NonClass: 24196K(24384K)->24196K(24384K) Class: 4886K(5120K)->4886K(5120K)
[7403.136s][info][gc             ] GC(2437) Pause Young (Allocation Failure) 4508M->2279M(4657M) 102.141ms
[7403.136s][info][gc,cpu         ] GC(2437) User=0.56s Sys=0.04s Real=0.10s
..[7404.661s][info][gc,start       ] GC(2438) Pause Young (Allocation Failure)
[7404.763s][info][gc,heap        ] GC(2438) PSYoungGen: 2551306K(2588160K)->141801K(2592768K) Eden: 2398208K(2398208K)->0K(2398208K) From: 153098K(189952K)->141801K(194560K)
[7404.763s][info][gc,heap        ] GC(2438) ParOldGen: 2180882K(2181120K)->2272762K(2272768K)
[7404.763s][info][gc,metaspace   ] GC(2438) Metaspace: 29083K(29504K)->29083K(29504K) NonClass: 24196K(24384K)->24196K(24384K) Class: 4886K(5120K)->4886K(5120K)
[7404.763s][info][gc             ] GC(2438) Pause Young (Allocation Failure) 4621M->2357M(4751M) 101.538ms
[7404.763s][info][gc,cpu         ] GC(2438) User=0.56s Sys=0.03s Real=0.10s
.[7406.259s][info][gc,start       ] GC(2439) Pause Young (Allocation Failure)
[7406.358s][info][gc,heap        ] GC(2439) PSYoungGen: 2540009K(2592768K)->144677K(2594304K) Eden: 2398208K(2398208K)->0K(2408960K) From: 141801K(194560K)->144677K(185344K)
[7406.358s][info][gc,heap        ] GC(2439) ParOldGen: 2272762K(2272768K)->2359738K(2359808K)
[7406.358s][info][gc,metaspace   ] GC(2439) Metaspace: 29083K(29504K)->29083K(29504K) NonClass: 24196K(24384K)->24196K(24384K) Class: 4886K(5120K)->4886K(5120K)
[7406.358s][info][gc             ] GC(2439) Pause Young (Allocation Failure) 4699M->2445M(4838M) 98.643ms
[7406.358s][info][gc,cpu         ] GC(2439) User=0.55s Sys=0.03s Real=0.10s
..[7407.855s][info][gc,start       ] GC(2440) Pause Young (Allocation Failure)
[7407.954s][info][gc,heap        ] GC(2440) PSYoungGen: 2553637K(2594304K)->143301K(2598912K) Eden: 2408960K(2408960K)->0K(2408960K) From: 144677K(185344K)->143301K(189952K)
[7407.954s][info][gc,heap        ] GC(2440) ParOldGen: 2359738K(2359808K)->2451994K(2452480K)
[7407.954s][info][gc,metaspace   ] GC(2440) Metaspace: 29083K(29504K)->29083K(29504K) NonClass: 24196K(24384K)->24196K(24384K) Class: 4886K(5120K)->4886K(5120K)
[7407.954s][info][gc             ] GC(2440) Pause Young (Allocation Failure) 4798M->2534M(4933M) 99.289ms
[7407.954s][info][gc,cpu         ] GC(2440) User=0.55s Sys=0.03s Real=0.10s
.[7409.411s][info][gc,start       ] GC(2441) Pause Young (Allocation Failure)
[7409.510s][info][gc,heap        ] GC(2441) PSYoungGen: 2552261K(2598912K)->145216K(2598912K) Eden: 2408960K(2408960K)->0K(2418176K) From: 143301K(189952K)->145216K(180736K)
[7409.510s][info][gc,heap        ] GC(2441) ParOldGen: 2451994K(2452480K)->2540450K(2540544K)
[7409.510s][info][gc,metaspace   ] GC(2441) Metaspace: 29083K(29504K)->29083K(29504K) NonClass: 24196K(24384K)->24196K(24384K) Class: 4886K(5120K)->4886K(5120K)
[7409.510s][info][gc             ] GC(2441) Pause Young (Allocation Failure) 4886M->2622M(5019M) 99.101ms
[7409.510s][info][gc,cpu         ] GC(2441) User=0.56s Sys=0.03s Real=0.10s
..[7411.003s][info][gc,start       ] GC(2442) Pause Young (Allocation Failure)
[7411.105s][info][gc,heap        ] GC(2442) PSYoungGen: 2563392K(2598912K)->150404K(2603520K) Eden: 2418176K(2418176K)->0K(2418176K) From: 145216K(180736K)->150404K(185344K)
[7411.105s][info][gc,heap        ] GC(2442) ParOldGen: 2540450K(2540544K)->2632466K(2632704K)
[7411.105s][info][gc,metaspace   ] GC(2442) Metaspace: 29083K(29504K)->29083K(29504K) NonClass: 24196K(24384K)->24196K(24384K) Class: 4886K(5120K)->4886K(5120K)
[7411.105s][info][gc             ] GC(2442) Pause Young (Allocation Failure) 4984M->2717M(5113M) 101.554ms
[7411.105s][info][gc,cpu         ] GC(2442) User=0.58s Sys=0.03s Real=0.10s
..[7412.672s][info][gc,start       ] GC(2443) Pause Young (Allocation Failure)
[7412.771s][info][gc,heap        ] GC(2443) PSYoungGen: 2568580K(2603520K)->142816K(2606592K) Eden: 2418176K(2418176K)->0K(2428928K) From: 150404K(185344K)->142816K(177664K)
[7412.771s][info][gc,heap        ] GC(2443) ParOldGen: 2632466K(2632704K)->2723562K(2723840K)
[7412.771s][info][gc,metaspace   ] GC(2443) Metaspace: 29083K(29504K)->29083K(29504K) NonClass: 24196K(24384K)->24196K(24384K) Class: 4886K(5120K)->4886K(5120K)
[7412.771s][info][gc             ] GC(2443) Pause Young (Allocation Failure) 5079M->2799M(5205M) 99.722ms
[7412.771s][info][gc,cpu         ] GC(2443) User=0.57s Sys=0.02s Real=0.10s
.[7414.261s][info][gc,start       ] GC(2444) Pause Young (Allocation Failure)
[7414.354s][info][gc,heap        ] GC(2444) PSYoungGen: 2571744K(2606592K)->134528K(2609152K) Eden: 2428928K(2428928K)->0K(2428928K) From: 142816K(177664K)->134528K(180224K)
[7414.354s][info][gc,heap        ] GC(2444) ParOldGen: 2723562K(2723840K)->2814186K(2814464K)
[7414.354s][info][gc,metaspace   ] GC(2444) Metaspace: 29083K(29504K)->29083K(29504K) NonClass: 24196K(24384K)->24196K(24384K) Class: 4886K(5120K)->4886K(5120K)
[7414.354s][info][gc             ] GC(2444) Pause Young (Allocation Failure) 5171M->2879M(5296M) 93.470ms
[7414.354s][info][gc,cpu         ] GC(2444) User=0.52s Sys=0.03s Real=0.09s
..[7415.914s][info][gc,start       ] GC(2445) Pause Young (Allocation Failure)
[7416.014s][info][gc,heap        ] GC(2445) PSYoungGen: 2563456K(2609152K)->147968K(2609152K) Eden: 2428928K(2428928K)->0K(2436096K) From: 134528K(180224K)->147968K(173056K)
[7416.014s][info][gc,heap        ] GC(2445) ParOldGen: 2814186K(2814464K)->2904722K(2905088K)
[7416.014s][info][gc,metaspace   ] GC(2445) Metaspace: 29083K(29504K)->29083K(29504K) NonClass: 24196K(24384K)->24196K(24384K) Class: 4886K(5120K)->4886K(5120K)
[7416.014s][info][gc             ] GC(2445) Pause Young (Allocation Failure) 5251M->2981M(5385M) 100.306ms
[7416.014s][info][gc,cpu         ] GC(2445) User=0.57s Sys=0.03s Real=0.10s
.[7417.481s][info][gc,start       ] GC(2446) Pause Young (Allocation Failure)
[7417.585s][info][gc,heap        ] GC(2446) PSYoungGen: 2584064K(2609152K)->148261K(2612736K) Eden: 2436096K(2436096K)->0K(2436096K) From: 147968K(173056K)->148261K(176640K)
[7417.585s][info][gc,heap        ] GC(2446) ParOldGen: 2904722K(2905088K)->2997226K(2997248K)
[7417.585s][info][gc,metaspace   ] GC(2446) Metaspace: 29083K(29504K)->29083K(29504K) NonClass: 24196K(24384K)->24196K(24384K) Class: 4886K(5120K)->4886K(5120K)
[7417.585s][info][gc             ] GC(2446) Pause Young (Allocation Failure) 5360M->3071M(5478M) 104.265ms
[7417.585s][info][gc,cpu         ] GC(2446) User=0.59s Sys=0.02s Real=0.10s
.|.[7419.092s][info][gc,start       ] GC(2447) Pause Young (Allocation Failure)
[7419.192s][info][gc,heap        ] GC(2447) PSYoungGen: 2584357K(2612736K)->149184K(2613248K) Eden: 2436096K(2436096K)->0K(2445312K) From: 148261K(176640K)->149184K(167936K)
[7419.192s][info][gc,heap        ] GC(2447) ParOldGen: 2997226K(2997248K)->3088138K(3088384K)
[7419.192s][info][gc,metaspace   ] GC(2447) Metaspace: 29083K(29504K)->29083K(29504K) NonClass: 24196K(24384K)->24196K(24384K) Class: 4886K(5120K)->4886K(5120K)
[7419.192s][info][gc             ] GC(2447) Pause Young (Allocation Failure) 5450M->3161M(5568M) 100.043ms
[7419.192s][info][gc,cpu         ] GC(2447) User=0.57s Sys=0.02s Real=0.10s
.[7420.606s][info][gc,start       ] GC(2448) Pause Young (Allocation Failure)
[7420.748s][info][gc,heap        ] GC(2448) PSYoungGen: 2594496K(2613248K)->139296K(2616832K) Eden: 2445312K(2445312K)->0K(2445312K) From: 149184K(167936K)->139296K(171520K)
[7420.748s][info][gc,heap        ] GC(2448) ParOldGen: 3088138K(3088384K)->3180178K(3180544K)
[7420.748s][info][gc,metaspace   ] GC(2448) Metaspace: 29083K(29504K)->29083K(29504K) NonClass: 24196K(24384K)->24196K(24384K) Class: 4886K(5120K)->4886K(5120K)
[7420.748s][info][gc             ] GC(2448) Pause Young (Allocation Failure) 5549M->3241M(5661M) 142.509ms
[7420.749s][info][gc,cpu         ] GC(2448) User=0.54s Sys=0.03s Real=0.15s
..[7422.188s][info][gc,start       ] GC(2449) Pause Young (Allocation Failure)
[7422.292s][info][gc,heap        ] GC(2449) PSYoungGen: 2584608K(2616832K)->154240K(2624000K) Eden: 2445312K(2445312K)->0K(2453504K) From: 139296K(171520K)->154240K(170496K)
[7422.292s][info][gc,heap        ] GC(2449) ParOldGen: 3180178K(3180544K)->3270098K(3270144K)
[7422.292s][info][gc,metaspace   ] GC(2449) Metaspace: 29083K(29504K)->29083K(29504K) NonClass: 24196K(24384K)->24196K(24384K) Class: 4886K(5120K)->4886K(5120K)
[7422.292s][info][gc             ] GC(2449) Pause Young (Allocation Failure) 5629M->3344M(5756M) 104.121ms
[7422.292s][info][gc,cpu         ] GC(2449) User=0.59s Sys=0.04s Real=0.10s
.[7423.767s][info][gc,start       ] GC(2450) Pause Young (Allocation Failure)
[7423.869s][info][gc,heap        ] GC(2450) PSYoungGen: 2607744K(2624000K)->151680K(2624512K) Eden: 2453504K(2453504K)->0K(2453504K) From: 154240K(170496K)->151680K(171008K)
[7423.869s][info][gc,heap        ] GC(2450) ParOldGen: 3270098K(3270144K)->3360586K(3360768K)
[7423.869s][info][gc,metaspace   ] GC(2450) Metaspace: 29083K(29504K)->29083K(29504K) NonClass: 24196K(24384K)->24196K(24384K) Class: 4886K(5120K)->4886K(5120K)
[7423.869s][info][gc             ] GC(2450) Pause Young (Allocation Failure) 5740M->3429M(5845M) 102.047ms
[7423.869s][info][gc,cpu         ] GC(2450) User=0.58s Sys=0.02s Real=0.11s
..[7425.379s][info][gc,start       ] GC(2451) Pause Young (Allocation Failure)
[7425.481s][info][gc,heap        ] GC(2451) PSYoungGen: 2605184K(2624512K)->145810K(2622464K) Eden: 2453504K(2453504K)->0K(2455040K) From: 151680K(171008K)->145810K(167424K)
[7425.481s][info][gc,heap        ] GC(2451) ParOldGen: 3360586K(3360768K)->3453658K(3453952K)
[7425.481s][info][gc,metaspace   ] GC(2451) Metaspace: 29083K(29504K)->29083K(29504K) NonClass: 24196K(24384K)->24196K(24384K) Class: 4886K(5120K)->4886K(5120K)
[7425.481s][info][gc             ] GC(2451) Pause Young (Allocation Failure) 5825M->3515M(5934M) 101.835ms
[7425.481s][info][gc,cpu         ] GC(2451) User=0.57s Sys=0.03s Real=0.10s
.[7427.049s][info][gc,start       ] GC(2452) Pause Young (Allocation Failure)
[7427.161s][info][gc,heap        ] GC(2452) PSYoungGen: 2600850K(2622464K)->164356K(2623488K) Eden: 2455040K(2455040K)->0K(2455040K) From: 145810K(167424K)->164356K(168448K)
[7427.161s][info][gc,heap        ] GC(2452) ParOldGen: 3453658K(3453952K)->3544146K(3544576K)
[7427.161s][info][gc,metaspace   ] GC(2452) Metaspace: 29083K(29504K)->29083K(29504K) NonClass: 24196K(24384K)->24196K(24384K) Class: 4886K(5120K)->4886K(5120K)
[7427.161s][info][gc             ] GC(2452) Pause Young (Allocation Failure) 5912M->3621M(6023M) 111.519ms
[7427.161s][info][gc,cpu         ] GC(2452) User=0.64s Sys=0.02s Real=0.11s
..[7428.639s][info][gc,start       ] GC(2453) Pause Young (Allocation Failure)
[7428.742s][info][gc,heap        ] GC(2453) PSYoungGen: 2619396K(2623488K)->149312K(2625536K) Eden: 2455040K(2455040K)->0K(2452992K) From: 164356K(168448K)->149312K(172544K)
[7428.742s][info][gc,heap        ] GC(2453) ParOldGen: 3544146K(3544576K)->3637922K(3638272K)
[7428.742s][info][gc,metaspace   ] GC(2453) Metaspace: 29083K(29504K)->29083K(29504K) NonClass: 24196K(24384K)->24196K(24384K) Class: 4886K(5120K)->4886K(5120K)
[7428.742s][info][gc             ] GC(2453) Pause Young (Allocation Failure) 6019M->3698M(6117M) 103.203ms
[7428.742s][info][gc,cpu         ] GC(2453) User=0.57s Sys=0.02s Real=0.10s
..[7430.269s][info][gc,start       ] GC(2454) Pause Young (Allocation Failure)
[7430.366s][info][gc,heap        ] GC(2454) PSYoungGen: 2602304K(2625536K)->139872K(2593280K) Eden: 2452992K(2452992K)->0K(2452992K) From: 149312K(172544K)->139872K(140288K)
[7430.366s][info][gc,heap        ] GC(2454) ParOldGen: 3637922K(3638272K)->3727650K(3727872K)
[7430.366s][info][gc,metaspace   ] GC(2454) Metaspace: 29083K(29504K)->29083K(29504K) NonClass: 24196K(24384K)->24196K(24384K) Class: 4886K(5120K)->4886K(5120K)
[7430.366s][info][gc             ] GC(2454) Pause Young (Allocation Failure) 6093M->3776M(6173M) 96.725ms
[7430.366s][info][gc,cpu         ] GC(2454) User=0.55s Sys=0.02s Real=0.09s
.[7431.846s][info][gc,start       ] GC(2455) Pause Young (Allocation Failure)
[7431.948s][info][gc,heap        ] GC(2455) PSYoungGen: 2592864K(2593280K)->149875K(2624512K) Eden: 2452992K(2452992K)->0K(2454528K) From: 139872K(140288K)->149875K(169984K)
[7431.948s][info][gc,heap        ] GC(2455) ParOldGen: 3727650K(3727872K)->3818562K(3819008K)
[7431.948s][info][gc,metaspace   ] GC(2455) Metaspace: 29083K(29504K)->29083K(29504K) NonClass: 24196K(24384K)->24196K(24384K) Class: 4886K(5120K)->4886K(5120K)
[7431.948s][info][gc             ] GC(2455) Pause Young (Allocation Failure) 6172M->3875M(6292M) 101.996ms
[7431.948s][info][gc,cpu         ] GC(2455) User=0.58s Sys=0.03s Real=0.11s
..[7433.455s][info][gc,start       ] GC(2456) Pause Young (Allocation Failure)
[7433.552s][info][gc,heap        ] GC(2456) PSYoungGen: 2604403K(2624512K)->139104K(2622976K) Eden: 2454528K(2454528K)->0K(2454528K) From: 149875K(169984K)->139104K(168448K)
[7433.552s][info][gc,heap        ] GC(2456) ParOldGen: 3818562K(3819008K)->3911626K(3911680K)
[7433.552s][info][gc,metaspace   ] GC(2456) Metaspace: 29083K(29504K)->29083K(29504K) NonClass: 24196K(24384K)->24196K(24384K) Class: 4886K(5120K)->4886K(5120K)
[7433.552s][info][gc             ] GC(2456) Pause Young (Allocation Failure) 6272M->3955M(6381M) 97.613ms
[7433.553s][info][gc,cpu         ] GC(2456) User=0.55s Sys=0.03s Real=0.10s
.[7435.097s][info][gc,start       ] GC(2457) Pause Young (Allocation Failure)
[7435.200s][info][gc,heap        ] GC(2457) PSYoungGen: 2593632K(2622976K)->148736K(2626048K) Eden: 2454528K(2454528K)->0K(2459136K) From: 139104K(168448K)->148736K(166912K)
[7435.200s][info][gc,heap        ] GC(2457) ParOldGen: 3911626K(3911680K)->4003074K(4003328K)
[7435.200s][info][gc,metaspace   ] GC(2457) Metaspace: 29083K(29504K)->29083K(29504K) NonClass: 24196K(24384K)->24196K(24384K) Class: 4886K(5120K)->4886K(5120K)
[7435.200s][info][gc             ] GC(2457) Pause Young (Allocation Failure) 6352M->4054M(6474M) 102.989ms
[7435.200s][info][gc,cpu         ] GC(2457) User=0.58s Sys=0.03s Real=0.11s
..[7436.805s][info][gc,start       ] GC(2458) Pause Young (Allocation Failure)
[7436.909s][info][gc,heap        ] GC(2458) PSYoungGen: 2607872K(2626048K)->151172K(2625536K) Eden: 2459136K(2459136K)->0K(2459136K) From: 148736K(166912K)->151172K(166400K)
[7436.909s][info][gc,heap        ] GC(2458) ParOldGen: 4003074K(4003328K)->4094074K(4094464K)
[7436.909s][info][gc,metaspace   ] GC(2458) Metaspace: 29083K(29504K)->29083K(29504K) NonClass: 24196K(24384K)->24196K(24384K) Class: 4886K(5120K)->4886K(5120K)
[7436.909s][info][gc             ] GC(2458) Pause Young (Allocation Failure) 6456M->4145M(6562M) 104.338ms
[7436.909s][info][gc,cpu         ] GC(2458) User=0.59s Sys=0.04s Real=0.11s
.[7438.384s][info][gc,start       ] GC(2459) Pause Young (Allocation Failure)
[7438.487s][info][gc,heap        ] GC(2459) PSYoungGen: 2610308K(2625536K)->142048K(2628608K) Eden: 2459136K(2459136K)->0K(2463744K) From: 151172K(166400K)->142048K(164864K)
[7438.487s][info][gc,heap        ] GC(2459) ParOldGen: 4094074K(4094464K)->4186866K(4187136K)
[7438.487s][info][gc,metaspace   ] GC(2459) Metaspace: 29083K(29504K)->29083K(29504K) NonClass: 24196K(24384K)->24196K(24384K) Class: 4886K(5120K)->4886K(5120K)
[7438.487s][info][gc             ] GC(2459) Pause Young (Allocation Failure) 6547M->4227M(6656M) 102.879ms
[7438.487s][info][gc,cpu         ] GC(2459) User=0.57s Sys=0.04s Real=0.10s
..[7440.090s][info][gc,start       ] GC(2460) Pause Young (Allocation Failure)
[7440.195s][info][gc,heap        ] GC(2460) PSYoungGen: 2605792K(2628608K)->152704K(2628608K) Eden: 2463744K(2463744K)->0K(2463744K) From: 142048K(164864K)->152704K(164864K)
[7440.195s][info][gc,heap        ] GC(2460) ParOldGen: 4186866K(4187136K)->4277698K(4277760K)
[7440.195s][info][gc,metaspace   ] GC(2460) Metaspace: 29083K(29504K)->29083K(29504K) NonClass: 24196K(24384K)->24196K(24384K) Class: 4886K(5120K)->4886K(5120K)
[7440.195s][info][gc             ] GC(2460) Pause Young (Allocation Failure) 6633M->4326M(6744M) 104.799ms
[7440.195s][info][gc,cpu         ] GC(2460) User=0.60s Sys=0.02s Real=0.10s
..[7441.780s][info][gc,start       ] GC(2461) Pause Young (Allocation Failure)
[7441.881s][info][gc,heap        ] GC(2461) PSYoungGen: 2616448K(2628608K)->149040K(2628608K) Eden: 2463744K(2463744K)->0K(2465792K) From: 152704K(164864K)->149040K(162816K)
[7441.881s][info][gc,heap        ] GC(2461) ParOldGen: 4277698K(4277760K)->4368322K(4368384K)
[7441.881s][info][gc,metaspace   ] GC(2461) Metaspace: 29083K(29504K)->29083K(29504K) NonClass: 24196K(24384K)->24196K(24384K) Class: 4886K(5120K)->4886K(5120K)
[7441.881s][info][gc             ] GC(2461) Pause Young (Allocation Failure) 6732M->4411M(6833M) 101.174ms
[7441.881s][info][gc,cpu         ] GC(2461) User=0.57s Sys=0.03s Real=0.10s
.[7443.384s][info][gc,start       ] GC(2462) Pause Young (Allocation Failure)
[7443.485s][info][gc,heap        ] GC(2462) PSYoungGen: 2614832K(2628608K)->147536K(2629632K) Eden: 2465792K(2465792K)->0K(2465792K) From: 149040K(162816K)->147536K(163840K)
[7443.485s][info][gc,heap        ] GC(2462) ParOldGen: 4368322K(4368384K)->4458626K(4459008K)
[7443.485s][info][gc,metaspace   ] GC(2462) Metaspace: 29083K(29504K)->29083K(29504K) NonClass: 24196K(24384K)->24196K(24384K) Class: 4886K(5120K)->4886K(5120K)
[7443.485s][info][gc             ] GC(2462) Pause Young (Allocation Failure) 6819M->4498M(6922M) 100.450ms
[7443.485s][info][gc,cpu         ] GC(2462) User=0.56s Sys=0.03s Real=0.10s
..[7445.014s][info][gc,start       ] GC(2463) Pause Young (Allocation Failure)
[7445.118s][info][gc,heap        ] GC(2463) PSYoungGen: 2613328K(2629632K)->152949K(2631168K) Eden: 2465792K(2465792K)->0K(2468864K) From: 147536K(163840K)->152949K(162304K)
[7445.118s][info][gc,heap        ] GC(2463) ParOldGen: 4458626K(4459008K)->4549442K(4549632K)
[7445.118s][info][gc,metaspace   ] GC(2463) Metaspace: 29083K(29504K)->29083K(29504K) NonClass: 24196K(24384K)->24196K(24384K) Class: 4886K(5120K)->4886K(5120K)
[7445.118s][info][gc             ] GC(2463) Pause Young (Allocation Failure) 6906M->4592M(7012M) 104.171ms
[7445.118s][info][gc,cpu         ] GC(2463) User=0.59s Sys=0.02s Real=0.11s
..[7446.634s][info][gc,start       ] GC(2464) Pause Young (Allocation Failure)
[7446.747s][info][gc,heap        ] GC(2464) PSYoungGen: 2621813K(2631168K)->152885K(2631680K) Eden: 2468864K(2468864K)->0K(2468864K) From: 152949K(162304K)->152885K(162816K)
[7446.747s][info][gc,heap        ] GC(2464) ParOldGen: 4549442K(4549632K)->4641450K(4641792K)
[7446.747s][info][gc,metaspace   ] GC(2464) Metaspace: 29083K(29504K)->29083K(29504K) NonClass: 24196K(24384K)->24196K(24384K) Class: 4886K(5120K)->4886K(5120K)
[7446.747s][info][gc             ] GC(2464) Pause Young (Allocation Failure) 7003M->4681M(7103M) 113.828ms
[7446.747s][info][gc,cpu         ] GC(2464) User=0.61s Sys=0.02s Real=0.12s
.[7448.236s][info][gc,start       ] GC(2465) Pause Young (Allocation Failure)
[7448.336s][info][gc,heap        ] GC(2465) PSYoungGen: 2621749K(2631680K)->137696K(2632192K) Eden: 2468864K(2468864K)->0K(2469376K) From: 152885K(162816K)->137696K(162816K)
[7448.336s][info][gc,heap        ] GC(2465) ParOldGen: 4641450K(4641792K)->4732762K(4732928K)
[7448.336s][info][gc,metaspace   ] GC(2465) Metaspace: 29083K(29504K)->29083K(29504K) NonClass: 24196K(24384K)->24196K(24384K) Class: 4886K(5120K)->4886K(5120K)
[7448.336s][info][gc             ] GC(2465) Pause Young (Allocation Failure) 7092M->4756M(7192M) 100.053ms
[7448.337s][info][gc,cpu         ] GC(2465) User=0.56s Sys=0.03s Real=0.10s
.[7448.818s][info][gc,start       ] GC(2466) Pause Full (Diagnostic Command)
[7448.818s][info][gc,phases,start] GC(2466) Marking Phase
[7449.114s][info][gc,phases      ] GC(2466) Marking Phase 296.300ms
[7449.114s][info][gc,phases,start] GC(2466) Summary Phase
[7449.114s][info][gc,phases      ] GC(2466) Summary Phase 0.090ms
[7449.114s][info][gc,phases,start] GC(2466) Forward
[7449.320s][info][gc,phases      ] GC(2466) Forward 205.821ms
[7449.320s][info][gc,phases,start] GC(2466) Adjust Pointers
[7449.523s][info][gc,phases      ] GC(2466) Adjust Pointers 202.796ms
[7449.523s][info][gc,phases,start] GC(2466) Compaction Phase
[7449.709s][info][gc,phases      ] GC(2466) Compaction Phase 186.088ms
[7449.711s][info][gc,phases,start] GC(2466) Post Compact
[7449.716s][info][gc,phases      ] GC(2466) Post Compact 5.023ms
[7449.716s][info][gc,heap        ] GC(2466) PSYoungGen: 1004310K(2632192K)->0K(2632192K) Eden: 866614K(2469376K)->0K(2469376K) From: 137696K(162816K)->0K(162816K)
[7449.716s][info][gc,heap        ] GC(2466) ParOldGen: 4732762K(4732928K)->1159039K(4732928K)
[7449.716s][info][gc,metaspace   ] GC(2466) Metaspace: 29083K(29504K)->29081K(29504K) NonClass: 24196K(24384K)->24194K(24384K) Class: 4886K(5120K)->4886K(5120K)
[7449.716s][info][gc             ] GC(2466) Pause Full (Diagnostic Command) 5602M->1131M(7192M) 898.167ms
[7449.716s][info][gc,cpu         ] GC(2466) User=4.53s Sys=0.00s Real=0.89s
..[7451.222s][info][gc,start       ] GC(2467) Pause Young (Allocation Failure)
[7451.292s][info][gc,heap        ] GC(2467) PSYoungGen: 2469376K(2632192K)->150588K(2632704K) Eden: 2469376K(2469376K)->0K(2469376K) From: 0K(162816K)->150588K(163328K)
[7451.292s][info][gc,heap        ] GC(2467) ParOldGen: 1159039K(4732928K)->1159039K(4732928K)
[7451.292s][info][gc,metaspace   ] GC(2467) Metaspace: 29081K(29504K)->29081K(29504K) NonClass: 24194K(24384K)->24194K(24384K) Class: 4886K(5120K)->4886K(5120K)
[7451.292s][info][gc             ] GC(2467) Pause Young (Allocation Failure) 3543M->1278M(7193M) 69.833ms
[7451.292s][info][gc,cpu         ] GC(2467) User=0.41s Sys=0.01s Real=0.07s
.[7452.772s][info][gc,start       ] GC(2468) Pause Young (Allocation Failure)
[7452.870s][info][gc,heap        ] GC(2468) PSYoungGen: 2619964K(2632704K)->152000K(2632704K) Eden: 2469376K(2469376K)->0K(2469888K) From: 150588K(163328K)->152000K(162816K)
[7452.870s][info][gc,heap        ] GC(2468) ParOldGen: 1159039K(4732928K)->1253279K(4732928K)
[7452.870s][info][gc,metaspace   ] GC(2468) Metaspace: 29081K(29504K)->29081K(29504K) NonClass: 24194K(24384K)->24194K(24384K) Class: 4886K(5120K)->4886K(5120K)
[7452.870s][info][gc             ] GC(2468) Pause Young (Allocation Failure) 3690M->1372M(7193M) 97.577ms
[7452.870s][info][gc,cpu         ] GC(2468) User=0.58s Sys=0.00s Real=0.10s
.[7454.297s][info][gc,start       ] GC(2469) Pause Young (Allocation Failure)
[7454.394s][info][gc,heap        ] GC(2469) PSYoungGen: 2621888K(2632704K)->148864K(2618880K) Eden: 2469888K(2469888K)->0K(2469888K) From: 152000K(162816K)->148864K(148992K)
[7454.394s][info][gc,heap        ] GC(2469) ParOldGen: 1253279K(4732928K)->1348439K(4732928K)
[7454.394s][info][gc,metaspace   ] GC(2469) Metaspace: 29081K(29504K)->29081K(29504K) NonClass: 24194K(24384K)->24194K(24384K) Class: 4886K(5120K)->4886K(5120K)
[7454.394s][info][gc             ] GC(2469) Pause Young (Allocation Failure) 3784M->1462M(7179M) 97.060ms
[7454.394s][info][gc,cpu         ] GC(2469) User=0.57s Sys=0.00s Real=0.10s
.[7455.855s][info][gc,start       ] GC(2470) Pause Young (Allocation Failure)
[7455.953s][info][gc,heap        ] GC(2470) PSYoungGen: 2618752K(2618880K)->153368K(2631680K) Eden: 2469888K(2469888K)->0K(2469888K) From: 148864K(148992K)->153368K(161792K)
[7455.953s][info][gc,heap        ] GC(2470) ParOldGen: 1348439K(4732928K)->1437791K(4732928K)
[7455.953s][info][gc,metaspace   ] GC(2470) Metaspace: 29081K(29504K)->29081K(29504K) NonClass: 24194K(24384K)->24194K(24384K) Class: 4886K(5120K)->4886K(5120K)
[7455.953s][info][gc             ] GC(2470) Pause Young (Allocation Failure) 3874M->1553M(7192M) 98.164ms
[7455.953s][info][gc,cpu         ] GC(2470) User=0.57s Sys=0.00s Real=0.10s
.[7457.351s][info][gc,start       ] GC(2471) Pause Young (Allocation Failure)
[7457.449s][info][gc,heap        ] GC(2471) PSYoungGen: 2623256K(2631680K)->152736K(2632192K) Eden: 2469888K(2469888K)->0K(2469888K) From: 153368K(161792K)->152736K(162304K)
[7457.449s][info][gc,heap        ] GC(2471) ParOldGen: 1437791K(4732928K)->1528847K(4732928K)
[7457.449s][info][gc,metaspace   ] GC(2471) Metaspace: 29081K(29504K)->29081K(29504K) NonClass: 24194K(24384K)->24194K(24384K) Class: 4886K(5120K)->4886K(5120K)
[7457.449s][info][gc             ] GC(2471) Pause Young (Allocation Failure) 3965M->1642M(7192M) 97.687ms
[7457.449s][info][gc,cpu         ] GC(2471) User=0.57s Sys=0.00s Real=0.10s
..[7458.953s][info][gc,start       ] GC(2472) Pause Young (Allocation Failure)
[7459.052s][info][gc,heap        ] GC(2472) PSYoungGen: 2622624K(2632192K)->151733K(2632704K) Eden: 2469888K(2469888K)->0K(2471424K) From: 152736K(162304K)->151733K(161280K)
[7459.052s][info][gc,heap        ] GC(2472) ParOldGen: 1528847K(4732928K)->1623871K(4732928K)
[7459.052s][info][gc,metaspace   ] GC(2472) Metaspace: 29081K(29504K)->29081K(29504K) NonClass: 24194K(24384K)->24194K(24384K) Class: 4886K(5120K)->4886K(5120K)
[7459.052s][info][gc             ] GC(2472) Pause Young (Allocation Failure) 4054M->1733M(7193M) 99.217ms
[7459.053s][info][gc,cpu         ] GC(2472) User=0.59s Sys=0.00s Real=0.10s
.[7460.480s][info][gc,start       ] GC(2473) Pause Young (Allocation Failure)
[7460.586s][info][gc,heap        ] GC(2473) PSYoungGen: 2623157K(2632704K)->161771K(2633216K) Eden: 2471424K(2471424K)->0K(2471424K) From: 151733K(161280K)->161771K(161792K)
[7460.586s][info][gc,heap        ] GC(2473) ParOldGen: 1623871K(4732928K)->1719847K(4732928K)
[7460.586s][info][gc,metaspace   ] GC(2473) Metaspace: 29081K(29504K)->29081K(29504K) NonClass: 24194K(24384K)->24194K(24384K) Class: 4886K(5120K)->4886K(5120K)
[7460.586s][info][gc             ] GC(2473) Pause Young (Allocation Failure) 4147M->1837M(7193M) 106.540ms
[7460.586s][info][gc,cpu         ] GC(2473) User=0.63s Sys=0.00s Real=0.10s
.[7462.134s][info][gc,start       ] GC(2474) Pause Young (Allocation Failure)
[7462.233s][info][gc,heap        ] GC(2474) PSYoungGen: 2633195K(2633216K)->155728K(2563584K) Eden: 2471424K(2471424K)->0K(2400768K) From: 161771K(161792K)->155728K(162816K)
[7462.233s][info][gc,heap        ] GC(2474) ParOldGen: 1719847K(4732928K)->1810031K(4732928K)
[7462.233s][info][gc,metaspace   ] GC(2474) Metaspace: 29081K(29504K)->29081K(29504K) NonClass: 24194K(24384K)->24194K(24384K) Class: 4886K(5120K)->4886K(5120K)
[7462.233s][info][gc             ] GC(2474) Pause Young (Allocation Failure) 4251M->1919M(7125M) 99.383ms
[7462.233s][info][gc,cpu         ] GC(2474) User=0.59s Sys=0.00s Real=0.10s
..[7463.740s][info][gc,start       ] GC(2475) Pause Young (Allocation Failure)
[7463.840s][info][gc,heap        ] GC(2475) PSYoungGen: 2556496K(2563584K)->149861K(2598400K) Eden: 2400768K(2400768K)->0K(2400768K) From: 155728K(162816K)->149861K(197632K)
[7463.840s][info][gc,heap        ] GC(2475) ParOldGen: 1810031K(4732928K)->1902783K(4732928K)
[7463.840s][info][gc,metaspace   ] GC(2475) Metaspace: 29081K(29504K)->29081K(29504K) NonClass: 24194K(24384K)->24194K(24384K) Class: 4886K(5120K)->4886K(5120K)
[7463.840s][info][gc             ] GC(2475) Pause Young (Allocation Failure) 4264M->2004M(7159M) 99.832ms
[7463.840s][info][gc,cpu         ] GC(2475) User=0.59s Sys=0.00s Real=0.10s
.[7465.168s][info][gc,start       ] GC(2476) Pause Young (Allocation Failure)
[7465.274s][info][gc,heap        ] GC(2476) PSYoungGen: 2550629K(2598400K)->169354K(2596352K) Eden: 2400768K(2400768K)->0K(2402816K) From: 149861K(197632K)->169354K(193536K)
[7465.274s][info][gc,heap        ] GC(2476) ParOldGen: 1902783K(4732928K)->1989095K(4732928K)
[7465.274s][info][gc,metaspace   ] GC(2476) Metaspace: 29081K(29504K)->29081K(29504K) NonClass: 24194K(24384K)->24194K(24384K) Class: 4886K(5120K)->4886K(5120K)
[7465.274s][info][gc             ] GC(2476) Pause Young (Allocation Failure) 4349M->2107M(7157M) 105.101ms
[7465.274s][info][gc,cpu         ] GC(2476) User=0.62s Sys=0.00s Real=0.10s
..[7466.762s][info][gc,start       ] GC(2477) Pause Young (Allocation Failure)
[7466.859s][info][gc,heap        ] GC(2477) PSYoungGen: 2572170K(2596352K)->146010K(2598400K) Eden: 2402816K(2402816K)->0K(2402816K) From: 169354K(193536K)->146010K(195584K)
[7466.859s][info][gc,heap        ] GC(2477) ParOldGen: 1989095K(4732928K)->2084319K(4732928K)
[7466.859s][info][gc,metaspace   ] GC(2477) Metaspace: 29081K(29504K)->29081K(29504K) NonClass: 24194K(24384K)->24194K(24384K) Class: 4886K(5120K)->4886K(5120K)
[7466.859s][info][gc             ] GC(2477) Pause Young (Allocation Failure) 4454M->2178M(7159M) 97.242ms
[7466.859s][info][gc,cpu         ] GC(2477) User=0.58s Sys=0.01s Real=0.10s
.[7468.280s][info][gc,start       ] GC(2478) Pause Young (Allocation Failure)
[7468.374s][info][gc,heap        ] GC(2478) PSYoungGen: 2548826K(2598400K)->136096K(2599424K) Eden: 2402816K(2402816K)->0K(2405888K) From: 146010K(195584K)->136096K(193536K)
[7468.374s][info][gc,heap        ] GC(2478) ParOldGen: 2084319K(4732928K)->2174479K(4732928K)
[7468.374s][info][gc,metaspace   ] GC(2478) Metaspace: 29081K(29504K)->29081K(29504K) NonClass: 24194K(24384K)->24194K(24384K) Class: 4886K(5120K)->4886K(5120K)
[7468.374s][info][gc             ] GC(2478) Pause Young (Allocation Failure) 4524M->2256M(7160M) 93.663ms
[7468.374s][info][gc,cpu         ] GC(2478) User=0.55s Sys=0.00s Real=0.09s
.[7469.860s][info][gc,start       ] GC(2479) Pause Young (Allocation Failure)
[7469.956s][info][gc,heap        ] GC(2479) PSYoungGen: 2541984K(2599424K)->147696K(2600448K) Eden: 2405888K(2405888K)->0K(2405888K) From: 136096K(193536K)->147696K(194560K)
[7469.956s][info][gc,heap        ] GC(2479) ParOldGen: 2174479K(4732928K)->2265215K(4732928K)
[7469.956s][info][gc,metaspace   ] GC(2479) Metaspace: 29081K(29504K)->29081K(29504K) NonClass: 24194K(24384K)->24194K(24384K) Class: 4886K(5120K)->4886K(5120K)
[7469.956s][info][gc             ] GC(2479) Pause Young (Allocation Failure) 4605M->2356M(7161M) 95.380ms
[7469.956s][info][gc,cpu         ] GC(2479) User=0.56s Sys=0.00s Real=0.09s
..[7471.387s][info][gc,start       ] GC(2480) Pause Young (Allocation Failure)
[7471.479s][info][gc,heap        ] GC(2480) PSYoungGen: 2553584K(2600448K)->138016K(2600448K) Eden: 2405888K(2405888K)->0K(2408960K) From: 147696K(194560K)->138016K(191488K)
[7471.479s][info][gc,heap        ] GC(2480) ParOldGen: 2265215K(4732928K)->2355487K(4732928K)
[7471.479s][info][gc,metaspace   ] GC(2480) Metaspace: 29081K(29504K)->29081K(29504K) NonClass: 24194K(24384K)->24194K(24384K) Class: 4886K(5120K)->4886K(5120K)
[7471.479s][info][gc             ] GC(2480) Pause Young (Allocation Failure) 4705M->2435M(7161M) 91.964ms
[7471.479s][info][gc,cpu         ] GC(2480) User=0.54s Sys=0.00s Real=0.10s
.[7472.996s][info][gc,start       ] GC(2481) Pause Young (Allocation Failure)
[7473.103s][info][gc,heap        ] GC(2481) PSYoungGen: 2546976K(2600448K)->161705K(2600448K) Eden: 2408960K(2408960K)->0K(2408960K) From: 138016K(191488K)->161705K(191488K)
[7473.103s][info][gc,heap        ] GC(2481) ParOldGen: 2355487K(4732928K)->2446991K(4732928K)
[7473.103s][info][gc,metaspace   ] GC(2481) Metaspace: 29081K(29504K)->29081K(29504K) NonClass: 24194K(24384K)->24194K(24384K) Class: 4886K(5120K)->4886K(5120K)
[7473.103s][info][gc             ] GC(2481) Pause Young (Allocation Failure) 4787M->2547M(7161M) 106.167ms
[7473.103s][info][gc,cpu         ] GC(2481) User=0.62s Sys=0.00s Real=0.11s
..[7474.565s][info][gc,start       ] GC(2482) Pause Young (Allocation Failure)
[7474.710s][info][gc,heap        ] GC(2482) PSYoungGen: 2570665K(2600448K)->143962K(2600960K) Eden: 2408960K(2408960K)->0K(2413568K) From: 161705K(191488K)->143962K(187392K)
[7474.710s][info][gc,heap        ] GC(2482) ParOldGen: 2446991K(4732928K)->2538055K(4732928K)
[7474.710s][info][gc,metaspace   ] GC(2482) Metaspace: 29081K(29504K)->29081K(29504K) NonClass: 24194K(24384K)->24194K(24384K) Class: 4886K(5120K)->4886K(5120K)
[7474.710s][info][gc             ] GC(2482) Pause Young (Allocation Failure) 4900M->2619M(7162M) 145.314ms
[7474.710s][info][gc,cpu         ] GC(2482) User=0.57s Sys=0.00s Real=0.15s
.[7476.131s][info][gc,start       ] GC(2483) Pause Young (Allocation Failure)
[7476.232s][info][gc,heap        ] GC(2483) PSYoungGen: 2557530K(2600960K)->156691K(2602496K) Eden: 2413568K(2413568K)->0K(2413568K) From: 143962K(187392K)->156691K(188928K)
[7476.232s][info][gc,heap        ] GC(2483) ParOldGen: 2538055K(4732928K)->2627911K(4732928K)
[7476.232s][info][gc,metaspace   ] GC(2483) Metaspace: 29081K(29504K)->29081K(29504K) NonClass: 24194K(24384K)->24194K(24384K) Class: 4886K(5120K)->4886K(5120K)
[7476.232s][info][gc             ] GC(2483) Pause Young (Allocation Failure) 4976M->2719M(7163M) 101.152ms
[7476.232s][info][gc,cpu         ] GC(2483) User=0.60s Sys=0.01s Real=0.10s
..[7477.809s][info][gc,start       ] GC(2484) Pause Young (Allocation Failure)
[7477.899s][info][gc,heap        ] GC(2484) PSYoungGen: 2570259K(2602496K)->134528K(2606592K) Eden: 2413568K(2413568K)->0K(2419712K) From: 156691K(188928K)->134528K(186880K)
[7477.899s][info][gc,heap        ] GC(2484) ParOldGen: 2627911K(4732928K)->2724207K(4732928K)
[7477.899s][info][gc,metaspace   ] GC(2484) Metaspace: 29081K(29504K)->29081K(29504K) NonClass: 24194K(24384K)->24194K(24384K) Class: 4886K(5120K)->4886K(5120K)
[7477.899s][info][gc             ] GC(2484) Pause Young (Allocation Failure) 5076M->2791M(7167M) 90.676ms
[7477.900s][info][gc,cpu         ] GC(2484) User=0.54s Sys=0.00s Real=0.09s
. (rIR:aIR:PR = 12315:12373:12373) (tPR = 185019) [OK] 
  7478s: Performance info:
         Transaction,    Success,    Partial,     Failed,   Receipts, AvgBarcode, 
             Overall,     751354,          0,          0,     715017,      59.47, 
         Response times:
             Request,    Success,    Partial,     Failed,   SkipFail,     Probes,    Samples,      min,      p50,      p90,      p95,      p99,      max, 
       TotalPurchase,     714501,          0,          0,          0,     274105,     540695,      200,   112000,   515000,   700000,   950000,  1400000,
     InStorePurchase,     373133,          0,          0,          0,     143779,     284419,      200,   113000,   543000,   740000,   940000,  1400000,
      OnlinePurchase,     265515,          0,          0,          0,     101191,     198736,      300,   112000,   502000,   690000,   980000,  1400000,
        InstPurchase,      75853,          0,          0,          0,      29135,      57540,      400,   108000,   484000,   630000,   910000,  1200000,
          AssocOfCat,        746,          0,          0,          0,        556,       1087,    26000,   150000,   502200,   620000,   891200,  1300000,
      AssocOfProduct,       7479,          0,          0,          0,       2802,       5514,     1500,   111000,   477000,   568250,   720000,  1000000,
      BusinessReport,       1877,          0,          0,          0,       1391,       2697,    30000,   185000,   531000,   660000,   930200,  1400000,
          CustBuyBeh,       7350,          0,          0,          0,       2764,       5473,      200,   120000,   471000,   581200,   780000,  1400000,
       ProductReturn,      19407,          0,          0,          0,       7628,      14730,      200,   113000,   504000,   610000,   770000,  1100000,

  7478s: (90%)   IR =  12453 [7479.423s][info][gc,start       ] GC(2485) Pause Young (Allocation Failure)
[7479.522s][info][gc,heap        ] GC(2485) PSYoungGen: 2554240K(2606592K)->147284K(2606592K) Eden: 2419712K(2419712K)->0K(2419712K) From: 134528K(186880K)->147284K(186880K)
[7479.522s][info][gc,heap        ] GC(2485) ParOldGen: 2724207K(4732928K)->2810487K(4732928K)
[7479.522s][info][gc,metaspace   ] GC(2485) Metaspace: 29081K(29504K)->29081K(29504K) NonClass: 24194K(24384K)->24194K(24384K) Class: 4886K(5120K)->4886K(5120K)
[7479.522s][info][gc             ] GC(2485) Pause Young (Allocation Failure) 5154M->2888M(7167M) 98.581ms
[7479.522s][info][gc,cpu         ] GC(2485) User=0.58s Sys=0.00s Real=0.10s
..[7481.025s][info][gc,start       ] GC(2486) Pause Young (Allocation Failure)
[7481.125s][info][gc,heap        ] GC(2486) PSYoungGen: 2566996K(2606592K)->149172K(2605568K) Eden: 2419712K(2419712K)->0K(2424832K) From: 147284K(186880K)->149172K(180736K)
[7481.125s][info][gc,heap        ] GC(2486) ParOldGen: 2810487K(4732928K)->2903391K(4732928K)
[7481.125s][info][gc,metaspace   ] GC(2486) Metaspace: 29081K(29504K)->29081K(29504K) NonClass: 24194K(24384K)->24194K(24384K) Class: 4886K(5120K)->4886K(5120K)
[7481.125s][info][gc             ] GC(2486) Pause Young (Allocation Failure) 5251M->2981M(7166M) 100.032ms
[7481.125s][info][gc,cpu         ] GC(2486) User=0.59s Sys=0.00s Real=0.10s
.[7482.610s][info][gc,start       ] GC(2487) Pause Young (Allocation Failure)
[7482.751s][info][gc,heap        ] GC(2487) PSYoungGen: 2574004K(2605568K)->141452K(2606080K) Eden: 2424832K(2424832K)->0K(2424832K) From: 149172K(180736K)->141452K(181248K)
[7482.751s][info][gc,heap        ] GC(2487) ParOldGen: 2903391K(4732928K)->2993967K(4732928K)
[7482.751s][info][gc,metaspace   ] GC(2487) Metaspace: 29081K(29504K)->29081K(29504K) NonClass: 24194K(24384K)->24194K(24384K) Class: 4886K(5120K)->4886K(5120K)
[7482.751s][info][gc             ] GC(2487) Pause Young (Allocation Failure) 5349M->3061M(7167M) 141.125ms
[7482.751s][info][gc,cpu         ] GC(2487) User=0.55s Sys=0.01s Real=0.14s
..[7484.192s][info][gc,start       ] GC(2488) Pause Young (Allocation Failure)
[7484.288s][info][gc,heap        ] GC(2488) PSYoungGen: 2566284K(2606080K)->147552K(2611712K) Eden: 2424832K(2424832K)->0K(2435072K) From: 141452K(181248K)->147552K(176640K)
[7484.288s][info][gc,heap        ] GC(2488) ParOldGen: 2993967K(4732928K)->3084711K(4732928K)
[7484.288s][info][gc,metaspace   ] GC(2488) Metaspace: 29081K(29504K)->29081K(29504K) NonClass: 24194K(24384K)->24194K(24384K) Class: 4886K(5120K)->4886K(5120K)
[7484.288s][info][gc             ] GC(2488) Pause Young (Allocation Failure) 5429M->3156M(7172M) 95.583ms
[7484.288s][info][gc,cpu         ] GC(2488) User=0.56s Sys=0.00s Real=0.10s
.[7485.794s][info][gc,start       ] GC(2489) Pause Young (Allocation Failure)
[7485.893s][info][gc,heap        ] GC(2489) PSYoungGen: 2582624K(2611712K)->148640K(2612736K) Eden: 2435072K(2435072K)->0K(2435072K) From: 147552K(176640K)->148640K(177664K)
[7485.893s][info][gc,heap        ] GC(2489) ParOldGen: 3084711K(4732928K)->3174951K(4732928K)
[7485.893s][info][gc,metaspace   ] GC(2489) Metaspace: 29081K(29504K)->29081K(29504K) NonClass: 24194K(24384K)->24194K(24384K) Class: 4886K(5120K)->4886K(5120K)
[7485.893s][info][gc             ] GC(2489) Pause Young (Allocation Failure) 5534M->3245M(7173M) 99.005ms
[7485.893s][info][gc,cpu         ] GC(2489) User=0.59s Sys=0.00s Real=0.10s
..[7487.410s][info][gc,start       ] GC(2490) Pause Young (Allocation Failure)
[7487.509s][info][gc,heap        ] GC(2490) PSYoungGen: 2583712K(2612736K)->146245K(2615808K) Eden: 2435072K(2435072K)->0K(2443264K) From: 148640K(177664K)->146245K(172544K)
[7487.509s][info][gc,heap        ] GC(2490) ParOldGen: 3174951K(4732928K)->3267079K(4732928K)
[7487.509s][info][gc,metaspace   ] GC(2490) Metaspace: 29081K(29504K)->29081K(29504K) NonClass: 24194K(24384K)->24194K(24384K) Class: 4886K(5120K)->4886K(5120K)
[7487.509s][info][gc             ] GC(2490) Pause Young (Allocation Failure) 5623M->3333M(7176M) 99.328ms
[7487.509s][info][gc,cpu         ] GC(2490) User=0.59s Sys=0.00s Real=0.10s
.|[7488.976s][info][gc,start       ] GC(2491) Pause Young (Allocation Failure)
[7489.078s][info][gc,heap        ] GC(2491) PSYoungGen: 2589509K(2615808K)->157408K(2616320K) Eden: 2443264K(2443264K)->0K(2443264K) From: 146245K(172544K)->157408K(173056K)
[7489.078s][info][gc,heap        ] GC(2491) ParOldGen: 3267079K(4732928K)->3355087K(4732928K)
[7489.078s][info][gc,metaspace   ] GC(2491) Metaspace: 29081K(29504K)->29081K(29504K) NonClass: 24194K(24384K)->24194K(24384K) Class: 4886K(5120K)->4886K(5120K)
[7489.078s][info][gc             ] GC(2491) Pause Young (Allocation Failure) 5719M->3430M(7177M) 102.071ms
[7489.078s][info][gc,cpu         ] GC(2491) User=0.60s Sys=0.00s Real=0.11s
..[7490.579s][info][gc,start       ] GC(2492) Pause Young (Allocation Failure)
[7490.729s][info][gc,heap        ] GC(2492) PSYoungGen: 2600672K(2616320K)->152965K(2621440K) Eden: 2443264K(2443264K)->0K(2449408K) From: 157408K(173056K)->152965K(172032K)
[7490.729s][info][gc,heap        ] GC(2492) ParOldGen: 3355087K(4732928K)->3451647K(4732928K)
[7490.729s][info][gc,metaspace   ] GC(2492) Metaspace: 29081K(29504K)->29081K(29504K) NonClass: 24194K(24384K)->24194K(24384K) Class: 4886K(5120K)->4886K(5120K)
[7490.729s][info][gc             ] GC(2492) Pause Young (Allocation Failure) 5816M->3520M(7182M) 150.233ms
[7490.729s][info][gc,cpu         ] GC(2492) User=0.61s Sys=0.00s Real=0.15s
.[7492.202s][info][gc,start       ] GC(2493) Pause Young (Allocation Failure)
[7492.304s][info][gc,heap        ] GC(2493) PSYoungGen: 2602373K(2621440K)->158021K(2621952K) Eden: 2449408K(2449408K)->0K(2449408K) From: 152965K(172032K)->158021K(172544K)
[7492.304s][info][gc,heap        ] GC(2493) ParOldGen: 3451647K(4732928K)->3539719K(4732928K)
[7492.304s][info][gc,metaspace   ] GC(2493) Metaspace: 29081K(29504K)->29081K(29504K) NonClass: 24194K(24384K)->24194K(24384K) Class: 4886K(5120K)->4886K(5120K)
[7492.304s][info][gc             ] GC(2493) Pause Young (Allocation Failure) 5912M->3611M(7182M) 102.097ms
[7492.304s][info][gc,cpu         ] GC(2493) User=0.61s Sys=0.00s Real=0.10s
..[7493.811s][info][gc,start       ] GC(2494) Pause Young (Allocation Failure)
[7493.912s][info][gc,heap        ] GC(2494) PSYoungGen: 2607429K(2621952K)->149076K(2619904K) Eden: 2449408K(2449408K)->0K(2450432K) From: 158021K(172544K)->149076K(169472K)
[7493.912s][info][gc,heap        ] GC(2494) ParOldGen: 3539719K(4732928K)->3632175K(4732928K)
[7493.912s][info][gc,metaspace   ] GC(2494) Metaspace: 29081K(29504K)->29081K(29504K) NonClass: 24194K(24384K)->24194K(24384K) Class: 4886K(5120K)->4886K(5120K)
[7493.912s][info][gc             ] GC(2494) Pause Young (Allocation Failure) 6003M->3692M(7180M) 101.213ms
[7493.912s][info][gc,cpu         ] GC(2494) User=0.60s Sys=0.01s Real=0.10s
.[7495.405s][info][gc,start       ] GC(2495) Pause Young (Allocation Failure)
[7495.505s][info][gc,heap        ] GC(2495) PSYoungGen: 2599508K(2619904K)->146789K(2621440K) Eden: 2450432K(2450432K)->0K(2450432K) From: 149076K(169472K)->146789K(171008K)
[7495.505s][info][gc,heap        ] GC(2495) ParOldGen: 3632175K(4732928K)->3723679K(4732928K)
[7495.505s][info][gc,metaspace   ] GC(2495) Metaspace: 29081K(29504K)->29081K(29504K) NonClass: 24194K(24384K)->24194K(24384K) Class: 4886K(5120K)->4886K(5120K)
[7495.505s][info][gc             ] GC(2495) Pause Young (Allocation Failure) 6085M->3779M(7182M) 100.089ms
[7495.505s][info][gc,cpu         ] GC(2495) User=0.58s Sys=0.00s Real=0.10s
..[7497.035s][info][gc,start       ] GC(2496) Pause Young (Allocation Failure)
[7497.132s][info][gc,heap        ] GC(2496) PSYoungGen: 2597221K(2621440K)->148128K(2621440K) Eden: 2450432K(2450432K)->0K(2455040K) From: 146789K(171008K)->148128K(166400K)
[7497.132s][info][gc,heap        ] GC(2496) ParOldGen: 3723679K(4732928K)->3814863K(4732928K)
[7497.132s][info][gc,metaspace   ] GC(2496) Metaspace: 29081K(29504K)->29081K(29504K) NonClass: 24194K(24384K)->24194K(24384K) Class: 4886K(5120K)->4886K(5120K)
[7497.132s][info][gc             ] GC(2496) Pause Young (Allocation Failure) 6172M->3870M(7182M) 97.658ms
[7497.132s][info][gc,cpu         ] GC(2496) User=0.57s Sys=0.00s Real=0.10s
..[7498.593s][info][gc,start       ] GC(2497) Pause Young (Allocation Failure)
[7498.738s][info][gc,heap        ] GC(2497) PSYoungGen: 2603168K(2621440K)->151717K(2623488K) Eden: 2455040K(2455040K)->0K(2455040K) From: 148128K(166400K)->151717K(168448K)
[7498.738s][info][gc,heap        ] GC(2497) ParOldGen: 3814863K(4732928K)->3905511K(4732928K)
[7498.738s][info][gc,metaspace   ] GC(2497) Metaspace: 29081K(29504K)->29081K(29504K) NonClass: 24194K(24384K)->24194K(24384K) Class: 4886K(5120K)->4886K(5120K)
[7498.738s][info][gc             ] GC(2497) Pause Young (Allocation Failure) 6267M->3962M(7184M) 145.643ms
[7498.738s][info][gc,cpu         ] GC(2497) User=0.59s Sys=0.00s Real=0.15s
.[7500.290s][info][gc,start       ] GC(2498) Pause Young (Allocation Failure)
[7500.388s][info][gc,heap        ] GC(2498) PSYoungGen: 2606757K(2623488K)->141076K(2627072K) Eden: 2455040K(2455040K)->0K(2460672K) From: 151717K(168448K)->141076K(166400K)
[7500.388s][info][gc,heap        ] GC(2498) ParOldGen: 3905511K(4732928K)->4000087K(4732928K)
[7500.388s][info][gc,metaspace   ] GC(2498) Metaspace: 29081K(29504K)->29081K(29504K) NonClass: 24194K(24384K)->24194K(24384K) Class: 4886K(5120K)->4886K(5120K)
[7500.388s][info][gc             ] GC(2498) Pause Young (Allocation Failure) 6359M->4044M(7187M) 97.748ms
[7500.388s][info][gc,cpu         ] GC(2498) User=0.58s Sys=0.00s Real=0.10s
..[7501.925s][info][gc,start       ] GC(2499) Pause Young (Allocation Failure)
[7502.021s][info][gc,heap        ] GC(2499) PSYoungGen: 2601748K(2627072K)->146944K(2627584K) Eden: 2460672K(2460672K)->0K(2460672K) From: 141076K(166400K)->146944K(166912K)
[7502.021s][info][gc,heap        ] GC(2499) ParOldGen: 4000087K(4732928K)->4089703K(4732928K)
[7502.021s][info][gc,metaspace   ] GC(2499) Metaspace: 29081K(29504K)->29081K(29504K) NonClass: 24194K(24384K)->24194K(24384K) Class: 4886K(5120K)->4886K(5120K)
[7502.021s][info][gc             ] GC(2499) Pause Young (Allocation Failure) 6447M->4137M(7188M) 96.033ms
[7502.021s][info][gc,cpu         ] GC(2499) User=0.57s Sys=0.00s Real=0.10s
.[7503.532s][info][gc,start       ] GC(2500) Pause Young (Allocation Failure)
[7503.631s][info][gc,heap        ] GC(2500) PSYoungGen: 2607616K(2627584K)->147445K(2626560K) Eden: 2460672K(2460672K)->0K(2463232K) From: 146944K(166912K)->147445K(163328K)
[7503.631s][info][gc,heap        ] GC(2500) ParOldGen: 4089703K(4732928K)->4181967K(4732928K)
[7503.631s][info][gc,metaspace   ] GC(2500) Metaspace: 29081K(29504K)->29081K(29504K) NonClass: 24194K(24384K)->24194K(24384K) Class: 4886K(5120K)->4886K(5120K)
[7503.631s][info][gc             ] GC(2500) Pause Young (Allocation Failure) 6540M->4227M(7187M) 99.700ms
[7503.632s][info][gc,cpu         ] GC(2500) User=0.59s Sys=0.00s Real=0.10s
..[7505.170s][info][gc,start       ] GC(2501) Pause Young (Allocation Failure)
[7505.271s][info][gc,heap        ] GC(2501) PSYoungGen: 2610677K(2626560K)->151904K(2627584K) Eden: 2463232K(2463232K)->0K(2463232K) From: 147445K(163328K)->151904K(164352K)
[7505.271s][info][gc,heap        ] GC(2501) ParOldGen: 4181967K(4732928K)->4274039K(4732928K)
[7505.271s][info][gc,metaspace   ] GC(2501) Metaspace: 29081K(29504K)->29081K(29504K) NonClass: 24194K(24384K)->24194K(24384K) Class: 4886K(5120K)->4886K(5120K)
[7505.271s][info][gc             ] GC(2501) Pause Young (Allocation Failure) 6633M->4322M(7188M) 101.164ms
[7505.271s][info][gc,cpu         ] GC(2501) User=0.60s Sys=0.00s Real=0.10s
.[7506.812s][info][gc,start       ] GC(2502) Pause Young (Allocation Failure)
[7506.915s][info][gc,heap        ] GC(2502) PSYoungGen: 2615136K(2627584K)->150352K(2629120K) Eden: 2463232K(2463232K)->0K(2467840K) From: 151904K(164352K)->150352K(161280K)
[7506.915s][info][gc,heap        ] GC(2502) ParOldGen: 4274039K(4732928K)->4364871K(4732928K)
[7506.916s][info][gc,metaspace   ] GC(2502) Metaspace: 29081K(29504K)->29081K(29504K) NonClass: 24194K(24384K)->24194K(24384K) Class: 4886K(5120K)->4886K(5120K)
[7506.916s][info][gc             ] GC(2502) Pause Young (Allocation Failure) 6727M->4409M(7189M) 103.370ms
[7506.916s][info][gc,cpu         ] GC(2502) User=0.61s Sys=0.00s Real=0.10s
..[7508.396s][info][gc,start       ] GC(2503) Pause Young (Allocation Failure)
[7508.489s][info][gc,heap        ] GC(2503) PSYoungGen: 2618192K(2629120K)->140928K(2630656K) Eden: 2467840K(2467840K)->0K(2467840K) From: 150352K(161280K)->140928K(162816K)
[7508.489s][info][gc,heap        ] GC(2503) ParOldGen: 4364871K(4732928K)->4455623K(4732928K)
[7508.489s][info][gc,metaspace   ] GC(2503) Metaspace: 29081K(29504K)->29081K(29504K) NonClass: 24194K(24384K)->24194K(24384K) Class: 4886K(5120K)->4886K(5120K)
[7508.489s][info][gc             ] GC(2503) Pause Young (Allocation Failure) 6819M->4488M(7191M) 93.581ms
[7508.489s][info][gc,cpu         ] GC(2503) User=0.55s Sys=0.00s Real=0.10s
.[7510.045s][info][gc,start       ] GC(2504) Pause Young (Allocation Failure)
[7510.143s][info][gc,heap        ] GC(2504) PSYoungGen: 2608768K(2630656K)->145024K(2631680K) Eden: 2467840K(2467840K)->0K(2469888K) From: 140928K(162816K)->145024K(161792K)
[7510.143s][info][gc,heap        ] GC(2504) ParOldGen: 4455623K(4732928K)->4548487K(4732928K)
[7510.143s][info][gc,metaspace   ] GC(2504) Metaspace: 29081K(29504K)->29081K(29504K) NonClass: 24194K(24384K)->24194K(24384K) Class: 4886K(5120K)->4886K(5120K)
[7510.143s][info][gc             ] GC(2504) Pause Young (Allocation Failure) 6898M->4583M(7192M) 98.055ms
[7510.143s][info][gc,cpu         ] GC(2504) User=0.58s Sys=0.00s Real=0.10s
..[7511.610s][info][gc,start       ] GC(2505) Pause Young (Allocation Failure)
[7511.749s][info][gc,heap        ] GC(2505) PSYoungGen: 2614912K(2631680K)->141888K(2632192K) Eden: 2469888K(2469888K)->0K(2469888K) From: 145024K(161792K)->141888K(162304K)
[7511.749s][info][gc,heap        ] GC(2505) ParOldGen: 4548487K(4732928K)->4638047K(4732928K)
[7511.749s][info][gc,metaspace   ] GC(2505) Metaspace: 29081K(29504K)->29081K(29504K) NonClass: 24194K(24384K)->24194K(24384K) Class: 4886K(5120K)->4886K(5120K)
[7511.749s][info][gc             ] GC(2505) Pause Young (Allocation Failure) 6995M->4667M(7192M) 139.017ms
[7511.749s][info][gc,cpu         ] GC(2505) User=0.56s Sys=0.00s Real=0.14s
.[7513.230s][info][gc,start       ] GC(2506) Pause Young (Allocation Failure)
[7513.329s][info][gc,heap        ] GC(2506) PSYoungGen: 2611776K(2632192K)->148800K(2631680K) Eden: 2469888K(2469888K)->0K(2471936K) From: 141888K(162304K)->148800K(159744K)
[7513.329s][info][gc,heap        ] GC(2506) ParOldGen: 4638047K(4732928K)->4730567K(4732928K)
[7513.329s][info][gc,metaspace   ] GC(2506) Metaspace: 29081K(29504K)->29081K(29504K) NonClass: 24194K(24384K)->24194K(24384K) Class: 4886K(5120K)->4886K(5120K)
[7513.329s][info][gc             ] GC(2506) Pause Young (Allocation Failure) 7079M->4765M(7192M) 98.856ms
[7513.329s][info][gc,cpu         ] GC(2506) User=0.58s Sys=0.01s Real=0.10s
..[7514.890s][info][gc,start       ] GC(2507) Pause Young (Allocation Failure)
[7514.999s][info][gc,heap        ] GC(2507) PSYoungGen: 2620736K(2631680K)->154170K(2632704K) Eden: 2471936K(2471936K)->0K(2471936K) From: 148800K(159744K)->154170K(160768K)
[7514.999s][info][gc,heap        ] GC(2507) ParOldGen: 4730567K(4732928K)->4822343K(4822528K)
[7514.999s][info][gc,metaspace   ] GC(2507) Metaspace: 29081K(29504K)->29081K(29504K) NonClass: 24194K(24384K)->24194K(24384K) Class: 4886K(5120K)->4886K(5120K)
[7514.999s][info][gc             ] GC(2507) Pause Young (Allocation Failure) 7179M->4859M(7280M) 108.862ms
[7514.999s][info][gc,cpu         ] GC(2507) User=0.61s Sys=0.04s Real=0.11s
.[7516.502s][info][gc,start       ] GC(2508) Pause Young (Allocation Failure)
[7516.603s][info][gc,heap        ] GC(2508) PSYoungGen: 2626106K(2632704K)->140224K(2633728K) Eden: 2471936K(2471936K)->0K(2471424K) From: 154170K(160768K)->140224K(162304K)
[7516.603s][info][gc,heap        ] GC(2508) ParOldGen: 4822343K(4822528K)->4913239K(4913664K)
[7516.603s][info][gc,metaspace   ] GC(2508) Metaspace: 29081K(29504K)->29081K(29504K) NonClass: 24194K(24384K)->24194K(24384K) Class: 4886K(5120K)->4886K(5120K)
[7516.603s][info][gc             ] GC(2508) Pause Young (Allocation Failure) 7273M->4935M(7370M) 101.010ms
[7516.603s][info][gc,cpu         ] GC(2508) User=0.56s Sys=0.03s Real=0.10s
..[7518.130s][info][gc,start       ] GC(2509) Pause Young (Allocation Failure)
[7518.236s][info][gc,heap        ] GC(2509) PSYoungGen: 2611648K(2633728K)->154496K(2626048K) Eden: 2471424K(2471424K)->0K(2471424K) From: 140224K(162304K)->154496K(154624K)
[7518.236s][info][gc,heap        ] GC(2509) ParOldGen: 4913239K(4913664K)->5005231K(5005312K)
[7518.236s][info][gc,metaspace   ] GC(2509) Metaspace: 29081K(29504K)->29081K(29504K) NonClass: 24194K(24384K)->24194K(24384K) Class: 4886K(5120K)->4886K(5120K)
[7518.236s][info][gc             ] GC(2509) Pause Young (Allocation Failure) 7348M->5038M(7452M) 106.243ms
[7518.236s][info][gc,cpu         ] GC(2509) User=0.60s Sys=0.03s Real=0.10s
.[7519.757s][info][gc,start       ] GC(2510) Pause Young (Allocation Failure)
[7519.861s][info][gc,heap        ] GC(2510) PSYoungGen: 2625920K(2626048K)->147222K(2634240K) Eden: 2471424K(2471424K)->0K(2470912K) From: 154496K(154624K)->147222K(163328K)
[7519.861s][info][gc,heap        ] GC(2510) ParOldGen: 5005231K(5005312K)->5097863K(5097984K)
[7519.861s][info][gc,metaspace   ] GC(2510) Metaspace: 29081K(29504K)->29081K(29504K) NonClass: 24194K(24384K)->24194K(24384K) Class: 4886K(5120K)->4886K(5120K)
[7519.861s][info][gc             ] GC(2510) Pause Young (Allocation Failure) 7452M->5122M(7551M) 104.662ms
[7519.861s][info][gc,cpu         ] GC(2510) User=0.58s Sys=0.03s Real=0.11s
..[7521.345s][info][gc,start       ] GC(2511) Pause Young (Allocation Failure)
[7521.451s][info][gc,heap        ] GC(2511) PSYoungGen: 2618134K(2634240K)->145975K(2617344K) Eden: 2470912K(2470912K)->0K(2470912K) From: 147222K(163328K)->145975K(146432K)
[7521.451s][info][gc,heap        ] GC(2511) ParOldGen: 5097863K(5097984K)->5191207K(5191680K)
[7521.451s][info][gc,metaspace   ] GC(2511) Metaspace: 29081K(29504K)->29081K(29504K) NonClass: 24194K(24384K)->24194K(24384K) Class: 4886K(5120K)->4886K(5120K)
[7521.451s][info][gc             ] GC(2511) Pause Young (Allocation Failure) 7535M->5212M(7626M) 106.505ms
[7521.451s][info][gc,cpu         ] GC(2511) User=0.59s Sys=0.03s Real=0.11s
.[7523.004s][info][gc,start       ] GC(2512) Pause Young (Allocation Failure)
[7523.112s][info][gc,heap        ] GC(2512) PSYoungGen: 2616887K(2617344K)->152224K(2631168K) Eden: 2470912K(2470912K)->0K(2470400K) From: 145975K(146432K)->152224K(160768K)
[7523.112s][info][gc,heap        ] GC(2512) ParOldGen: 5191207K(5191680K)->5282799K(5282816K)
[7523.112s][info][gc,metaspace   ] GC(2512) Metaspace: 29081K(29504K)->29081K(29504K) NonClass: 24194K(24384K)->24194K(24384K) Class: 4886K(5120K)->4886K(5120K)
[7523.112s][info][gc             ] GC(2512) Pause Young (Allocation Failure) 7625M->5307M(7728M) 108.090ms
[7523.112s][info][gc,cpu         ] GC(2512) User=0.60s Sys=0.03s Real=0.11s
..[7524.596s][info][gc,start       ] GC(2513) Pause Young (Allocation Failure)
[7524.744s][info][gc,heap        ] GC(2513) PSYoungGen: 2622624K(2631168K)->145956K(2631680K) Eden: 2470400K(2470400K)->0K(2470400K) From: 152224K(160768K)->145956K(161280K)
[7524.744s][info][gc,heap        ] GC(2513) ParOldGen: 5282799K(5282816K)->5374143K(5374464K)
[7524.744s][info][gc,metaspace   ] GC(2513) Metaspace: 29081K(29504K)->29081K(29504K) NonClass: 24194K(24384K)->24194K(24384K) Class: 4886K(5120K)->4886K(5120K)
[7524.744s][info][gc             ] GC(2513) Pause Young (Allocation Failure) 7720M->5390M(7818M) 148.812ms
[7524.744s][info][gc,cpu         ] GC(2513) User=0.58s Sys=0.03s Real=0.15s
.[7526.286s][info][gc,start       ] GC(2514) Pause Young (Allocation Failure)
[7526.397s][info][gc,heap        ] GC(2514) PSYoungGen: 2616356K(2631680K)->160229K(2560000K) Eden: 2470400K(2470400K)->0K(2399744K) From: 145956K(161280K)->160229K(160256K)
[7526.397s][info][gc,heap        ] GC(2514) ParOldGen: 5374143K(5374464K)->5467431K(5467648K)
[7526.397s][info][gc,metaspace   ] GC(2514) Metaspace: 29081K(29504K)->29081K(29504K) NonClass: 24194K(24384K)->24194K(24384K) Class: 4886K(5120K)->4886K(5120K)
[7526.397s][info][gc             ] GC(2514) Pause Young (Allocation Failure) 7803M->5495M(7839M) 111.816ms
[7526.398s][info][gc,cpu         ] GC(2514) User=0.63s Sys=0.03s Real=0.12s
..[7527.873s][info][gc,start       ] GC(2515) Pause Young (Allocation Failure)
[7527.985s][info][gc,heap        ] GC(2515) PSYoungGen: 2559973K(2560000K)->155120K(2597888K) Eden: 2399744K(2399744K)->0K(2399744K) From: 160229K(160256K)->155120K(198144K)
[7527.985s][info][gc,heap        ] GC(2515) ParOldGen: 5467431K(5467648K)->5560863K(5561344K)
[7527.985s][info][gc,metaspace   ] GC(2515) Metaspace: 29081K(29504K)->29081K(29504K) NonClass: 24194K(24384K)->24194K(24384K) Class: 4886K(5120K)->4886K(5120K)
[7527.985s][info][gc             ] GC(2515) Pause Young (Allocation Failure) 7839M->5582M(7968M) 112.446ms
[7527.985s][info][gc,cpu         ] GC(2515) User=0.63s Sys=0.03s Real=0.11s
.[7529.403s][info][gc,start       ] GC(2516) Pause Full (Allocation Failure)
[7529.403s][info][gc,phases,start] GC(2516) Marking Phase
[7529.747s][info][gc,phases      ] GC(2516) Marking Phase 344.169ms
[7529.747s][info][gc,phases,start] GC(2516) Summary Phase
[7529.748s][info][gc,phases      ] GC(2516) Summary Phase 0.100ms
[7529.748s][info][gc,phases,start] GC(2516) Forward
[7529.879s][info][gc,phases      ] GC(2516) Forward 131.365ms
[7529.879s][info][gc,phases,start] GC(2516) Adjust Pointers
[7530.077s][info][gc,phases      ] GC(2516) Adjust Pointers 197.941ms
[7530.077s][info][gc,phases,start] GC(2516) Compaction Phase
[7530.204s][info][gc,phases      ] GC(2516) Compaction Phase 127.012ms
[7530.205s][info][gc,phases,start] GC(2516) Post Compact
[7530.212s][info][gc,phases      ] GC(2516) Post Compact 6.734ms
[7530.343s][info][gc,heap        ] GC(2516) PSYoungGen: 2554864K(2597888K)->0K(2594816K) Eden: 2399744K(2399744K)->0K(2402816K) From: 155120K(198144K)->0K(192000K)
[7530.343s][info][gc,heap        ] GC(2516) ParOldGen: 5560863K(5561344K)->1434780K(1786368K)
[7530.343s][info][gc,metaspace   ] GC(2516) Metaspace: 29081K(29504K)->29081K(29504K) NonClass: 24194K(24384K)->24194K(24384K) Class: 4886K(5120K)->4886K(5120K)
[7530.343s][info][gc             ] GC(2516) Pause Full (Allocation Failure) 7925M->1401M(4278M) 939.402ms
[7530.343s][info][gc,cpu         ] GC(2516) User=4.06s Sys=0.13s Real=0.94s
..[7531.838s][info][gc,start       ] GC(2517) Pause Young (Allocation Failure)
[7531.901s][info][gc,heap        ] GC(2517) PSYoungGen: 2402816K(2594816K)->138148K(2597888K) Eden: 2402816K(2402816K)->0K(2402816K) From: 0K(192000K)->138148K(195072K)
[7531.901s][info][gc,heap        ] GC(2517) ParOldGen: 1434780K(1786368K)->1434780K(1786368K)
[7531.901s][info][gc,metaspace   ] GC(2517) Metaspace: 29081K(29504K)->29081K(29504K) NonClass: 24194K(24384K)->24194K(24384K) Class: 4886K(5120K)->4886K(5120K)
[7531.901s][info][gc             ] GC(2517) Pause Young (Allocation Failure) 3747M->1536M(4281M) 62.779ms
[7531.901s][info][gc,cpu         ] GC(2517) User=0.36s Sys=0.00s Real=0.06s
.[7533.286s][info][gc,start       ] GC(2518) Pause Young (Allocation Failure)
[7533.379s][info][gc,heap        ] GC(2518) PSYoungGen: 2540964K(2597888K)->147264K(2596352K) Eden: 2402816K(2402816K)->0K(2406400K) From: 138148K(195072K)->147264K(189952K)
[7533.379s][info][gc,heap        ] GC(2518) ParOldGen: 1434780K(1786368K)->1522233K(1786368K)
[7533.379s][info][gc,metaspace   ] GC(2518) Metaspace: 29081K(29504K)->29081K(29504K) NonClass: 24194K(24384K)->24194K(24384K) Class: 4886K(5120K)->4886K(5120K)
[7533.379s][info][gc             ] GC(2518) Pause Young (Allocation Failure) 3882M->1630M(4280M) 92.843ms
[7533.379s][info][gc,cpu         ] GC(2518) User=0.55s Sys=0.00s Real=0.10s
.[7534.790s][info][gc,start       ] GC(2519) Pause Young (Allocation Failure)
[7534.892s][info][gc,heap        ] GC(2519) PSYoungGen: 2553664K(2596352K)->163102K(2598912K) Eden: 2406400K(2406400K)->0K(2406400K) From: 147264K(189952K)->163102K(192512K)
[7534.892s][info][gc,heap        ] GC(2519) ParOldGen: 1522233K(1786368K)->1613465K(1786368K)
[7534.892s][info][gc,metaspace   ] GC(2519) Metaspace: 29081K(29504K)->29081K(29504K) NonClass: 24194K(24384K)->24194K(24384K) Class: 4886K(5120K)->4886K(5120K)
[7534.892s][info][gc             ] GC(2519) Pause Young (Allocation Failure) 3980M->1734M(4282M) 102.799ms
[7534.892s][info][gc,cpu         ] GC(2519) User=0.61s Sys=0.00s Real=0.10s
..[7536.362s][info][gc,start       ] GC(2520) Pause Young (Allocation Failure)
[7536.457s][info][gc,heap        ] GC(2520) PSYoungGen: 2569502K(2598912K)->143808K(2599424K) Eden: 2406400K(2406400K)->0K(2412032K) From: 163102K(192512K)->143808K(187392K)
[7536.457s][info][gc,heap        ] GC(2520) ParOldGen: 1613465K(1786368K)->1707761K(1786368K)
[7536.457s][info][gc,metaspace   ] GC(2520) Metaspace: 29081K(29504K)->29081K(29504K) NonClass: 24194K(24384K)->24194K(24384K) Class: 4886K(5120K)->4886K(5120K)
[7536.457s][info][gc             ] GC(2520) Pause Young (Allocation Failure) 4084M->1808M(4283M) 95.398ms
[7536.457s][info][gc,cpu         ] GC(2520) User=0.56s Sys=0.00s Real=0.09s
.[7537.867s][info][gc,start       ] GC(2521) Pause Young (Allocation Failure)
[7537.960s][info][gc,heap        ] GC(2521) PSYoungGen: 2555840K(2599424K)->143808K(2601984K) Eden: 2412032K(2412032K)->0K(2412032K) From: 143808K(187392K)->143808K(189952K)
[7537.961s][info][gc,heap        ] GC(2521) ParOldGen: 1707761K(1786368K)->1794657K(1795072K)
[7537.961s][info][gc,metaspace   ] GC(2521) Metaspace: 29081K(29504K)->29081K(29504K) NonClass: 24194K(24384K)->24194K(24384K) Class: 4886K(5120K)->4886K(5120K)
[7537.961s][info][gc             ] GC(2521) Pause Young (Allocation Failure) 4163M->1893M(4294M) 93.229ms
[7537.961s][info][gc,cpu         ] GC(2521) User=0.55s Sys=0.01s Real=0.10s
.[7539.375s][info][gc,start       ] GC(2522) Pause Young (Allocation Failure)
[7539.480s][info][gc,heap        ] GC(2522) PSYoungGen: 2555840K(2601984K)->152928K(2598912K) Eden: 2412032K(2412032K)->0K(2417664K) From: 143808K(189952K)->152928K(181248K)
[7539.480s][info][gc,heap        ] GC(2522) ParOldGen: 1794657K(1795072K)->1889249K(1889280K)
[7539.480s][info][gc,metaspace   ] GC(2522) Metaspace: 29081K(29504K)->29081K(29504K) NonClass: 24194K(24384K)->24194K(24384K) Class: 4886K(5120K)->4886K(5120K)
[7539.480s][info][gc             ] GC(2522) Pause Young (Allocation Failure) 4248M->1994M(4383M) 105.146ms
[7539.480s][info][gc,cpu         ] GC(2522) User=0.60s Sys=0.03s Real=0.11s
.[7541.030s][info][gc,start       ] GC(2523) Pause Young (Allocation Failure)
[7541.132s][info][gc,heap        ] GC(2523) PSYoungGen: 2570592K(2598912K)->149162K(2603008K) Eden: 2417664K(2417664K)->0K(2417664K) From: 152928K(181248K)->149162K(185344K)
[7541.132s][info][gc,heap        ] GC(2523) ParOldGen: 1889249K(1889280K)->1981201K(1981440K)
[7541.132s][info][gc,metaspace   ] GC(2523) Metaspace: 29081K(29504K)->29081K(29504K) NonClass: 24194K(24384K)->24194K(24384K) Class: 4886K(5120K)->4886K(5120K)
[7541.132s][info][gc             ] GC(2523) Pause Young (Allocation Failure) 4355M->2080M(4477M) 102.582ms
[7541.132s][info][gc,cpu         ] GC(2523) User=0.58s Sys=0.02s Real=0.10s
.[7542.536s][info][gc,start       ] GC(2524) Pause Young (Allocation Failure)
[7542.636s][info][gc,heap        ] GC(2524) PSYoungGen: 2566826K(2603008K)->148276K(2605056K) Eden: 2417664K(2417664K)->0K(2427904K) From: 149162K(185344K)->148276K(177152K)
[7542.636s][info][gc,heap        ] GC(2524) ParOldGen: 1981201K(1981440K)->2069985K(2070016K)
[7542.636s][info][gc,metaspace   ] GC(2524) Metaspace: 29081K(29504K)->29081K(29504K) NonClass: 24194K(24384K)->24194K(24384K) Class: 4886K(5120K)->4886K(5120K)
[7542.636s][info][gc             ] GC(2524) Pause Young (Allocation Failure) 4441M->2166M(4565M) 99.241ms
[7542.636s][info][gc,cpu         ] GC(2524) User=0.56s Sys=0.03s Real=0.10s
..[7544.182s][info][gc,start       ] GC(2525) Pause Young (Allocation Failure)
[7544.282s][info][gc,heap        ] GC(2525) PSYoungGen: 2576180K(2605056K)->142924K(2608640K) Eden: 2427904K(2427904K)->0K(2427904K) From: 148276K(177152K)->142924K(180736K)
[7544.282s][info][gc,heap        ] GC(2525) ParOldGen: 2069985K(2070016K)->2162977K(2163200K)
[7544.282s][info][gc,metaspace   ] GC(2525) Metaspace: 29081K(29504K)->29081K(29504K) NonClass: 24194K(24384K)->24194K(24384K) Class: 4886K(5120K)->4886K(5120K)
[7544.282s][info][gc             ] GC(2525) Pause Young (Allocation Failure) 4537M->2251M(4660M) 99.633ms
[7544.282s][info][gc,cpu         ] GC(2525) User=0.56s Sys=0.03s Real=0.10s
.[7545.699s][info][gc,start       ] GC(2526) Pause Young (Allocation Failure)
[7545.802s][info][gc,heap        ] GC(2526) PSYoungGen: 2570828K(2608640K)->156768K(2612224K) Eden: 2427904K(2427904K)->0K(2435584K) From: 142924K(180736K)->156768K(176640K)
[7545.802s][info][gc,heap        ] GC(2526) ParOldGen: 2162977K(2163200K)->2250905K(2251264K)
[7545.802s][info][gc,metaspace   ] GC(2526) Metaspace: 29081K(29504K)->29081K(29504K) NonClass: 24194K(24384K)->24194K(24384K) Class: 4886K(5120K)->4886K(5120K)
[7545.803s][info][gc             ] GC(2526) Pause Young (Allocation Failure) 4622M->2351M(4749M) 103.941ms
[7545.803s][info][gc,cpu         ] GC(2526) User=0.60s Sys=0.02s Real=0.10s
..[7547.231s][info][gc,start       ] GC(2527) Pause Young (Allocation Failure)
[7547.342s][info][gc,heap        ] GC(2527) PSYoungGen: 2592352K(2612224K)->164656K(2614272K) Eden: 2435584K(2435584K)->0K(2435584K) From: 156768K(176640K)->164656K(178688K)
[7547.342s][info][gc,heap        ] GC(2527) ParOldGen: 2250905K(2251264K)->2346745K(2347008K)
[7547.342s][info][gc,metaspace   ] GC(2527) Metaspace: 29081K(29504K)->29081K(29504K) NonClass: 24194K(24384K)->24194K(24384K) Class: 4886K(5120K)->4886K(5120K)
[7547.342s][info][gc             ] GC(2527) Pause Young (Allocation Failure) 4729M->2452M(4845M) 110.663ms
[7547.342s][info][gc,cpu         ] GC(2527) User=0.63s Sys=0.03s Real=0.11s
.[7548.878s][info][gc,start       ] GC(2528) Pause Young (Allocation Failure)
[7548.978s][info][gc,heap        ] GC(2528) PSYoungGen: 2600240K(2614272K)->144528K(2616320K) Eden: 2435584K(2435584K)->0K(2435584K) From: 164656K(178688K)->144528K(180736K)
[7548.978s][info][gc,heap        ] GC(2528) ParOldGen: 2346745K(2347008K)->2438545K(2438656K)
[7548.978s][info][gc,metaspace   ] GC(2528) Metaspace: 29081K(29504K)->29081K(29504K) NonClass: 24194K(24384K)->24194K(24384K) Class: 4886K(5120K)->4886K(5120K)
[7548.978s][info][gc             ] GC(2528) Pause Young (Allocation Failure) 4831M->2522M(4936M) 99.765ms
[7548.978s][info][gc,cpu         ] GC(2528) User=0.56s Sys=0.02s Real=0.10s
. (rIR:aIR:PR = 12453:12331:12335) (tPR = 181892) [OK] 
  7549s: Performance info:
         Transaction,    Success,    Partial,     Failed,   Receipts, AvgBarcode, 
             Overall,     753818,          0,          0,     715508,      59.48, 
         Response times:
             Request,    Success,    Partial,     Failed,   SkipFail,     Probes,    Samples,      min,      p50,      p90,      p95,      p99,      max, 
       TotalPurchase,     715294,          0,          0,          0,     240111,     422301,      300,   164000,   620000,   740000,   970000,  1300000,
     InStorePurchase,     376076,          0,          0,          0,     124723,     221313,      300,   164000,   599000,   740000,   970000,  1300000,
      OnlinePurchase,     261689,          0,          0,          0,      88281,     156346,      300,   165000,   620000,   800000,   970000,  1300000,
        InstPurchase,      77529,          0,          0,          0,      27107,      44642,      400,   164000,   650000,   850000,   990000,  1300000,
          AssocOfCat,        756,          0,          0,          0,        490,        819,    36000,   215000,   660000,   810000,   960000,  1200000,
      AssocOfProduct,       7688,          0,          0,          0,       2781,       4420,     1600,   180000,   620000,   750000,   887900,  1100000,
      BusinessReport,       1896,          0,          0,          0,       1388,       2214,    44000,   218000,   610000,   740000,  1200000,  1500000,
          CustBuyBeh,       7618,          0,          0,          0,       2984,       4517,      200,   158000,   559400,   710000,   840000,  1100000,
       ProductReturn,      20107,          0,          0,          0,       7298,      11757,     1500,   168000,   536000,   610000,   920000,  1200000,

  7549s: (91%)   IR =  12592 [7550.476s][info][gc,start       ] GC(2529) Pause Young (Allocation Failure)
[7550.577s][info][gc,heap        ] GC(2529) PSYoungGen: 2580112K(2616320K)->149029K(2585088K) Eden: 2435584K(2435584K)->0K(2435584K) From: 144528K(180736K)->149029K(149504K)
[7550.577s][info][gc,heap        ] GC(2529) ParOldGen: 2438545K(2438656K)->2527761K(2528256K)
[7550.577s][info][gc,metaspace   ] GC(2529) Metaspace: 29081K(29504K)->29081K(29504K) NonClass: 24194K(24384K)->24194K(24384K) Class: 4886K(5120K)->4886K(5120K)
[7550.577s][info][gc             ] GC(2529) Pause Young (Allocation Failure) 4901M->2614M(4993M) 100.635ms
[7550.577s][info][gc,cpu         ] GC(2529) User=0.57s Sys=0.03s Real=0.10s
..[7552.117s][info][gc,start       ] GC(2530) Pause Young (Allocation Failure)
[7552.219s][info][gc,heap        ] GC(2530) PSYoungGen: 2584613K(2585088K)->150932K(2615808K) Eden: 2435584K(2435584K)->0K(2438144K) From: 149029K(149504K)->150932K(177664K)
[7552.219s][info][gc,heap        ] GC(2530) ParOldGen: 2527761K(2528256K)->2621809K(2621952K)
[7552.219s][info][gc,metaspace   ] GC(2530) Metaspace: 29081K(29504K)->29081K(29504K) NonClass: 24194K(24384K)->24194K(24384K) Class: 4886K(5120K)->4886K(5120K)
[7552.219s][info][gc             ] GC(2530) Pause Young (Allocation Failure) 4992M->2707M(5115M) 102.159ms
[7552.219s][info][gc,cpu         ] GC(2530) User=0.57s Sys=0.04s Real=0.11s
.[7553.699s][info][gc,start       ] GC(2531) Pause Young (Allocation Failure)
[7553.802s][info][gc,heap        ] GC(2531) PSYoungGen: 2589076K(2615808K)->152517K(2613248K) Eden: 2438144K(2438144K)->0K(2438144K) From: 150932K(177664K)->152517K(175104K)
[7553.802s][info][gc,heap        ] GC(2531) ParOldGen: 2621809K(2621952K)->2710225K(2710528K)
[7553.802s][info][gc,metaspace   ] GC(2531) Metaspace: 29081K(29504K)->29081K(29504K) NonClass: 24194K(24384K)->24194K(24384K) Class: 4886K(5120K)->4886K(5120K)
[7553.802s][info][gc             ] GC(2531) Pause Young (Allocation Failure) 5088M->2795M(5199M) 102.920ms
[7553.802s][info][gc,cpu         ] GC(2531) User=0.59s Sys=0.02s Real=0.10s
..[7555.262s][info][gc,start       ] GC(2532) Pause Young (Allocation Failure)
[7555.365s][info][gc,heap        ] GC(2532) PSYoungGen: 2590661K(2613248K)->151552K(2618368K) Eden: 2438144K(2438144K)->0K(2445312K) From: 152517K(175104K)->151552K(173056K)
[7555.366s][info][gc,heap        ] GC(2532) ParOldGen: 2710225K(2710528K)->2803313K(2803712K)
[7555.366s][info][gc,metaspace   ] GC(2532) Metaspace: 29081K(29504K)->29081K(29504K) NonClass: 24194K(24384K)->24194K(24384K) Class: 4886K(5120K)->4886K(5120K)
[7555.366s][info][gc             ] GC(2532) Pause Young (Allocation Failure) 5176M->2885M(5295M) 103.128ms
[7555.366s][info][gc,cpu         ] GC(2532) User=0.58s Sys=0.03s Real=0.10s
.[7556.887s][info][gc,start       ] GC(2533) Pause Young (Allocation Failure)
[7556.987s][info][gc,heap        ] GC(2533) PSYoungGen: 2596864K(2618368K)->148352K(2616320K) Eden: 2445312K(2445312K)->0K(2445312K) From: 151552K(173056K)->148352K(171008K)
[7556.987s][info][gc,heap        ] GC(2533) ParOldGen: 2803313K(2803712K)->2894929K(2895360K)
[7556.987s][info][gc,metaspace   ] GC(2533) Metaspace: 29081K(29504K)->29081K(29504K) NonClass: 24194K(24384K)->24194K(24384K) Class: 4886K(5120K)->4886K(5120K)
[7556.987s][info][gc             ] GC(2533) Pause Young (Allocation Failure) 5273M->2971M(5382M) 100.382ms
[7556.987s][info][gc,cpu         ] GC(2533) User=0.56s Sys=0.03s Real=0.10s
..[7558.432s][info][gc,start       ] GC(2534) Pause Young (Allocation Failure)
[7558.530s][info][gc,heap        ] GC(2534) PSYoungGen: 2593664K(2616320K)->142144K(2621952K) Eden: 2445312K(2445312K)->0K(2451968K) From: 148352K(171008K)->142144K(169984K)
[7558.530s][info][gc,heap        ] GC(2534) ParOldGen: 2894929K(2895360K)->2985153K(2985472K)
[7558.530s][info][gc,metaspace   ] GC(2534) Metaspace: 29081K(29504K)->29081K(29504K) NonClass: 24194K(24384K)->24194K(24384K) Class: 4886K(5120K)->4886K(5120K)
[7558.530s][info][gc             ] GC(2534) Pause Young (Allocation Failure) 5359M->3054M(5476M) 97.777ms
[7558.530s][info][gc,cpu         ] GC(2534) User=0.54s Sys=0.03s Real=0.10s
.[7560.029s][info][gc,start       ] GC(2535) Pause Young (Allocation Failure)
[7560.130s][info][gc,heap        ] GC(2535) PSYoungGen: 2594112K(2621952K)->147712K(2621952K) Eden: 2451968K(2451968K)->0K(2451968K) From: 142144K(169984K)->147712K(169984K)
[7560.130s][info][gc,heap        ] GC(2535) ParOldGen: 2985153K(2985472K)->3078249K(3078656K)
[7560.130s][info][gc,metaspace   ] GC(2535) Metaspace: 29081K(29504K)->29081K(29504K) NonClass: 24194K(24384K)->24194K(24384K) Class: 4886K(5120K)->4886K(5120K)
[7560.130s][info][gc             ] GC(2535) Pause Young (Allocation Failure) 5448M->3150M(5567M) 101.085ms
[7560.131s][info][gc,cpu         ] GC(2535) User=0.56s Sys=0.03s Real=0.10s
..|[7561.696s][info][gc,start       ] GC(2536) Pause Young (Allocation Failure)
[7561.799s][info][gc,heap        ] GC(2536) PSYoungGen: 2599680K(2621952K)->145370K(2625024K) Eden: 2451968K(2451968K)->0K(2457088K) From: 147712K(169984K)->145370K(167936K)
[7561.799s][info][gc,heap        ] GC(2536) ParOldGen: 3078249K(3078656K)->3172993K(3173376K)
[7561.799s][info][gc,metaspace   ] GC(2536) Metaspace: 29081K(29504K)->29081K(29504K) NonClass: 24194K(24384K)->24194K(24384K) Class: 4886K(5120K)->4886K(5120K)
[7561.799s][info][gc             ] GC(2536) Pause Young (Allocation Failure) 5544M->3240M(5662M) 102.812ms
[7561.799s][info][gc,cpu         ] GC(2536) User=0.58s Sys=0.03s Real=0.11s
.[7563.200s][info][gc,start       ] GC(2537) Pause Young (Allocation Failure)
[7563.304s][info][gc,heap        ] GC(2537) PSYoungGen: 2602458K(2625024K)->159584K(2624512K) Eden: 2457088K(2457088K)->0K(2457088K) From: 145370K(167936K)->159584K(167424K)
[7563.304s][info][gc,heap        ] GC(2537) ParOldGen: 3172993K(3173376K)->3259729K(3259904K)
[7563.304s][info][gc,metaspace   ] GC(2537) Metaspace: 29081K(29504K)->29081K(29504K) NonClass: 24194K(24384K)->24194K(24384K) Class: 4886K(5120K)->4886K(5120K)
[7563.304s][info][gc             ] GC(2537) Pause Young (Allocation Failure) 5640M->3339M(5746M) 104.288ms
[7563.304s][info][gc,cpu         ] GC(2537) User=0.60s Sys=0.02s Real=0.10s
..[7564.859s][info][gc,start       ] GC(2538) Pause Young (Allocation Failure)
[7564.962s][info][gc,heap        ] GC(2538) PSYoungGen: 2616672K(2624512K)->148724K(2627072K) Eden: 2457088K(2457088K)->0K(2458624K) From: 159584K(167424K)->148724K(168448K)
[7564.962s][info][gc,heap        ] GC(2538) ParOldGen: 3259729K(3259904K)->3355321K(3355648K)
[7564.962s][info][gc,metaspace   ] GC(2538) Metaspace: 29081K(29504K)->29081K(29504K) NonClass: 24194K(24384K)->24194K(24384K) Class: 4886K(5120K)->4886K(5120K)
[7564.962s][info][gc             ] GC(2538) Pause Young (Allocation Failure) 5738M->3421M(5842M) 103.612ms
[7564.962s][info][gc,cpu         ] GC(2538) User=0.59s Sys=0.02s Real=0.10s
.[7566.446s][info][gc,start       ] GC(2539) Pause Young (Allocation Failure)
[7566.547s][info][gc,heap        ] GC(2539) PSYoungGen: 2607348K(2627072K)->146890K(2626560K) Eden: 2458624K(2458624K)->0K(2458624K) From: 148724K(168448K)->146890K(167936K)
[7566.547s][info][gc,heap        ] GC(2539) ParOldGen: 3355321K(3355648K)->3444505K(3444736K)
[7566.547s][info][gc,metaspace   ] GC(2539) Metaspace: 29081K(29504K)->29081K(29504K) NonClass: 24194K(24384K)->24194K(24384K) Class: 4886K(5120K)->4886K(5120K)
[7566.547s][info][gc             ] GC(2539) Pause Young (Allocation Failure) 5822M->3507M(5929M) 100.699ms
[7566.547s][info][gc,cpu         ] GC(2539) User=0.57s Sys=0.02s Real=0.10s
..[7568.057s][info][gc,start       ] GC(2540) Pause Young (Allocation Failure)
[7568.160s][info][gc,heap        ] GC(2540) PSYoungGen: 2605514K(2626560K)->150848K(2626560K) Eden: 2458624K(2458624K)->0K(2461184K) From: 146890K(167936K)->150848K(165376K)
[7568.160s][info][gc,heap        ] GC(2540) ParOldGen: 3444505K(3444736K)->3540185K(3540480K)
[7568.160s][info][gc,metaspace   ] GC(2540) Metaspace: 29081K(29504K)->29081K(29504K) NonClass: 24194K(24384K)->24194K(24384K) Class: 4886K(5120K)->4886K(5120K)
[7568.160s][info][gc             ] GC(2540) Pause Young (Allocation Failure) 5908M->3604M(6022M) 103.576ms
[7568.160s][info][gc,cpu         ] GC(2540) User=0.57s Sys=0.03s Real=0.11s
.[7569.707s][info][gc,start       ] GC(2541) Pause Young (Allocation Failure)
[7569.809s][info][gc,heap        ] GC(2541) PSYoungGen: 2612032K(2626560K)->143157K(2626560K) Eden: 2461184K(2461184K)->0K(2461184K) From: 150848K(165376K)->143157K(165376K)
[7569.809s][info][gc,heap        ] GC(2541) ParOldGen: 3540185K(3540480K)->3632097K(3632128K)
[7569.809s][info][gc,metaspace   ] GC(2541) Metaspace: 29081K(29504K)->29081K(29504K) NonClass: 24194K(24384K)->24194K(24384K) Class: 4886K(5120K)->4886K(5120K)
[7569.809s][info][gc             ] GC(2541) Pause Young (Allocation Failure) 6008M->3686M(6112M) 101.539ms
[7569.809s][info][gc,cpu         ] GC(2541) User=0.56s Sys=0.03s Real=0.11s
..[7571.211s][info][gc,start       ] GC(2542) Pause Young (Allocation Failure)
[7571.315s][info][gc,heap        ] GC(2542) PSYoungGen: 2604341K(2626560K)->157060K(2628608K) Eden: 2461184K(2461184K)->0K(2463232K) From: 143157K(165376K)->157060K(165376K)
[7571.315s][info][gc,heap        ] GC(2542) ParOldGen: 3632097K(3632128K)->3719897K(3720192K)
[7571.315s][info][gc,metaspace   ] GC(2542) Metaspace: 29081K(29504K)->29081K(29504K) NonClass: 24194K(24384K)->24194K(24384K) Class: 4886K(5120K)->4886K(5120K)
[7571.315s][info][gc             ] GC(2542) Pause Young (Allocation Failure) 6090M->3786M(6200M) 104.156ms
[7571.316s][info][gc,cpu         ] GC(2542) User=0.58s Sys=0.03s Real=0.10s
.[7572.875s][info][gc,start       ] GC(2543) Pause Young (Allocation Failure)
[7572.979s][info][gc,heap        ] GC(2543) PSYoungGen: 2620292K(2628608K)->145600K(2629632K) Eden: 2463232K(2463232K)->0K(2463232K) From: 157060K(165376K)->145600K(166400K)
[7572.979s][info][gc,heap        ] GC(2543) ParOldGen: 3719897K(3720192K)->3818825K(3819008K)
[7572.979s][info][gc,metaspace   ] GC(2543) Metaspace: 29081K(29504K)->29081K(29504K) NonClass: 24194K(24384K)->24194K(24384K) Class: 4886K(5120K)->4886K(5120K)
[7572.979s][info][gc             ] GC(2543) Pause Young (Allocation Failure) 6191M->3871M(6297M) 103.126ms
[7572.979s][info][gc,cpu         ] GC(2543) User=0.57s Sys=0.04s Real=0.11s
..[7574.456s][info][gc,start       ] GC(2544) Pause Young (Allocation Failure)
[7574.557s][info][gc,heap        ] GC(2544) PSYoungGen: 2608832K(2629632K)->142688K(2629632K) Eden: 2463232K(2463232K)->0K(2464256K) From: 145600K(166400K)->142688K(165376K)
[7574.557s][info][gc,heap        ] GC(2544) ParOldGen: 3818825K(3819008K)->3907273K(3907584K)
[7574.557s][info][gc,metaspace   ] GC(2544) Metaspace: 29081K(29504K)->29081K(29504K) NonClass: 24194K(24384K)->24194K(24384K) Class: 4886K(5120K)->4886K(5120K)
[7574.557s][info][gc             ] GC(2544) Pause Young (Allocation Failure) 6277M->3955M(6384M) 100.384ms
[7574.557s][info][gc,cpu         ] GC(2544) User=0.56s Sys=0.04s Real=0.10s
.[7576.038s][info][gc,start       ] GC(2545) Pause Young (Allocation Failure)
[7576.148s][info][gc,heap        ] GC(2545) PSYoungGen: 2606944K(2629632K)->161892K(2626560K) Eden: 2464256K(2464256K)->0K(2464256K) From: 142688K(165376K)->161892K(162304K)
[7576.148s][info][gc,heap        ] GC(2545) ParOldGen: 3907273K(3907584K)->4002121K(4002304K)
[7576.148s][info][gc,metaspace   ] GC(2545) Metaspace: 29081K(29504K)->29081K(29504K) NonClass: 24194K(24384K)->24194K(24384K) Class: 4886K(5120K)->4886K(5120K)
[7576.148s][info][gc             ] GC(2545) Pause Young (Allocation Failure) 6361M->4066M(6473M) 110.563ms
[7576.148s][info][gc,cpu         ] GC(2545) User=0.63s Sys=0.02s Real=0.11s
..[7577.638s][info][gc,start       ] GC(2546) Pause Young (Allocation Failure)
[7577.786s][info][gc,heap        ] GC(2546) PSYoungGen: 2626041K(2626560K)->141395K(2628096K) Eden: 2464149K(2464256K)->0K(2459648K) From: 161892K(162304K)->141395K(168448K)
[7577.786s][info][gc,heap        ] GC(2546) ParOldGen: 4002121K(4002304K)->4094889K(4094976K)
[7577.786s][info][gc,metaspace   ] GC(2546) Metaspace: 29081K(29504K)->29081K(29504K) NonClass: 24194K(24384K)->24194K(24384K) Class: 4886K(5120K)->4886K(5120K)
[7577.786s][info][gc             ] GC(2546) Pause Young (Allocation Failure) 6472M->4136M(6565M) 147.396ms
[7577.786s][info][gc,cpu         ] GC(2546) User=0.57s Sys=0.02s Real=0.14s
.[7579.251s][info][gc,start       ] GC(2547) Pause Young (Allocation Failure)
[7579.359s][info][gc,heap        ] GC(2547) PSYoungGen: 2601043K(2628096K)->159685K(2619392K) Eden: 2459648K(2459648K)->0K(2459648K) From: 141395K(168448K)->159685K(159744K)
[7579.359s][info][gc,heap        ] GC(2547) ParOldGen: 4094889K(4094976K)->4185161K(4185600K)
[7579.359s][info][gc,metaspace   ] GC(2547) Metaspace: 29081K(29504K)->29081K(29504K) NonClass: 24194K(24384K)->24194K(24384K) Class: 4886K(5120K)->4886K(5120K)
[7579.359s][info][gc             ] GC(2547) Pause Young (Allocation Failure) 6538M->4243M(6645M) 108.212ms
[7579.359s][info][gc,cpu         ] GC(2547) User=0.61s Sys=0.03s Real=0.11s
..[7580.901s][info][gc,start       ] GC(2548) Pause Young (Allocation Failure)
[7581.004s][info][gc,heap        ] GC(2548) PSYoungGen: 2619333K(2619392K)->146087K(2627072K) Eden: 2459648K(2459648K)->0K(2457088K) From: 159685K(159744K)->146087K(169984K)
[7581.004s][info][gc,heap        ] GC(2548) ParOldGen: 4185161K(4185600K)->4277945K(4278272K)
[7581.004s][info][gc,metaspace   ] GC(2548) Metaspace: 29081K(29504K)->29081K(29504K) NonClass: 24194K(24384K)->24194K(24384K) Class: 4886K(5120K)->4886K(5120K)
[7581.004s][info][gc             ] GC(2548) Pause Young (Allocation Failure) 6645M->4320M(6743M) 102.736ms
[7581.004s][info][gc,cpu         ] GC(2548) User=0.58s Sys=0.03s Real=0.10s
.[7582.413s][info][gc,start       ] GC(2549) Pause Young (Allocation Failure)
[7582.514s][info][gc,heap        ] GC(2549) PSYoungGen: 2603175K(2627072K)->143461K(2600960K) Eden: 2457088K(2457088K)->0K(2457088K) From: 146087K(169984K)->143461K(143872K)
[7582.514s][info][gc,heap        ] GC(2549) ParOldGen: 4277945K(4278272K)->4369129K(4369408K)
[7582.514s][info][gc,metaspace   ] GC(2549) Metaspace: 29081K(29504K)->29081K(29504K) NonClass: 24194K(24384K)->24194K(24384K) Class: 4886K(5120K)->4886K(5120K)
[7582.515s][info][gc             ] GC(2549) Pause Young (Allocation Failure) 6719M->4406M(6807M) 101.022ms
[7582.515s][info][gc,cpu         ] GC(2549) User=0.56s Sys=0.03s Real=0.10s
..[7584.050s][info][gc,start       ] GC(2550) Pause Young (Allocation Failure)
[7584.153s][info][gc,heap        ] GC(2550) PSYoungGen: 2600549K(2600960K)->147296K(2627072K) Eden: 2457088K(2457088K)->0K(2458624K) From: 143461K(143872K)->147296K(168448K)
[7584.153s][info][gc,heap        ] GC(2550) ParOldGen: 4369129K(4369408K)->4461529K(4461568K)
[7584.153s][info][gc,metaspace   ] GC(2550) Metaspace: 29081K(29504K)->29081K(29504K) NonClass: 24194K(24384K)->24194K(24384K) Class: 4886K(5120K)->4886K(5120K)
[7584.153s][info][gc             ] GC(2550) Pause Young (Allocation Failure) 6806M->4500M(6922M) 103.134ms
[7584.153s][info][gc,cpu         ] GC(2550) User=0.57s Sys=0.04s Real=0.10s
.[7585.696s][info][gc,start       ] GC(2551) Pause Young (Allocation Failure)
[7585.804s][info][gc,heap        ] GC(2551) PSYoungGen: 2605920K(2627072K)->154359K(2625536K) Eden: 2458624K(2458624K)->0K(2458624K) From: 147296K(168448K)->154359K(166912K)
[7585.804s][info][gc,heap        ] GC(2551) ParOldGen: 4461529K(4461568K)->4553969K(4554240K)
[7585.804s][info][gc,metaspace   ] GC(2551) Metaspace: 29081K(29504K)->29081K(29504K) NonClass: 24194K(24384K)->24194K(24384K) Class: 4886K(5120K)->4886K(5120K)
[7585.804s][info][gc             ] GC(2551) Pause Young (Allocation Failure) 6901M->4597M(7011M) 108.710ms
[7585.804s][info][gc,cpu         ] GC(2551) User=0.61s Sys=0.03s Real=0.11s
..[7587.234s][info][gc,start       ] GC(2552) Pause Young (Allocation Failure)
[7587.348s][info][gc,heap        ] GC(2552) PSYoungGen: 2612983K(2625536K)->166885K(2553344K) Eden: 2458624K(2458624K)->0K(2386432K) From: 154359K(166912K)->166885K(166912K)
[7587.348s][info][gc,heap        ] GC(2552) ParOldGen: 4553969K(4554240K)->4643681K(4643840K)
[7587.348s][info][gc,metaspace   ] GC(2552) Metaspace: 29081K(29504K)->29081K(29504K) NonClass: 24194K(24384K)->24194K(24384K) Class: 4886K(5120K)->4886K(5120K)
[7587.348s][info][gc             ] GC(2552) Pause Young (Allocation Failure) 6998M->4697M(7028M) 113.765ms
[7587.348s][info][gc,cpu         ] GC(2552) User=0.64s Sys=0.04s Real=0.12s
.[7588.859s][info][gc,start       ] GC(2553) Pause Young (Allocation Failure)
[7588.964s][info][gc,heap        ] GC(2553) PSYoungGen: 2553317K(2553344K)->142496K(2591232K) Eden: 2386432K(2386432K)->0K(2386432K) From: 166885K(166912K)->142496K(204800K)
[7588.964s][info][gc,heap        ] GC(2553) ParOldGen: 4643681K(4643840K)->4738993K(4739072K)
[7588.964s][info][gc,metaspace   ] GC(2553) Metaspace: 29081K(29504K)->29081K(29504K) NonClass: 24194K(24384K)->24194K(24384K) Class: 4886K(5120K)->4886K(5120K)
[7588.964s][info][gc             ] GC(2553) Pause Young (Allocation Failure) 7028M->4767M(7158M) 104.806ms
[7588.964s][info][gc,cpu         ] GC(2553) User=0.59s Sys=0.03s Real=0.10s
..[7590.359s][info][gc,start       ] GC(2554) Pause Young (Allocation Failure)
[7590.464s][info][gc,heap        ] GC(2554) PSYoungGen: 2528928K(2591232K)->149365K(2584576K) Eden: 2386432K(2386432K)->0K(2387968K) From: 142496K(204800K)->149365K(196608K)
[7590.464s][info][gc,heap        ] GC(2554) ParOldGen: 4738993K(4739072K)->4827529K(4827648K)
[7590.464s][info][gc,metaspace   ] GC(2554) Metaspace: 29081K(29504K)->29081K(29504K) NonClass: 24194K(24384K)->24194K(24384K) Class: 4886K(5120K)->4886K(5120K)
[7590.464s][info][gc             ] GC(2554) Pause Young (Allocation Failure) 7097M->4860M(7238M) 104.329ms
[7590.464s][info][gc,cpu         ] GC(2554) User=0.58s Sys=0.03s Real=0.10s
.[7591.958s][info][gc,start       ] GC(2555) Pause Young (Allocation Failure)
[7592.057s][info][gc,heap        ] GC(2555) PSYoungGen: 2537333K(2584576K)->140576K(2588672K) Eden: 2387968K(2387968K)->0K(2387968K) From: 149365K(196608K)->140576K(200704K)
[7592.057s][info][gc,heap        ] GC(2555) ParOldGen: 4827529K(4827648K)->4919977K(4920320K)
[7592.057s][info][gc,metaspace   ] GC(2555) Metaspace: 29081K(29504K)->29081K(29504K) NonClass: 24194K(24384K)->24194K(24384K) Class: 4886K(5120K)->4886K(5120K)
[7592.057s][info][gc             ] GC(2555) Pause Young (Allocation Failure) 7192M->4941M(7333M) 99.296ms
[7592.057s][info][gc,cpu         ] GC(2555) User=0.54s Sys=0.04s Real=0.10s
..[7593.459s][info][gc,start       ] GC(2556) Pause Young (Allocation Failure)
[7593.555s][info][gc,heap        ] GC(2556) PSYoungGen: 2528544K(2588672K)->135584K(2591744K) Eden: 2387968K(2387968K)->0K(2396160K) From: 140576K(200704K)->135584K(195584K)
[7593.555s][info][gc,heap        ] GC(2556) ParOldGen: 4919977K(4920320K)->5009065K(5009408K)
[7593.555s][info][gc,metaspace   ] GC(2556) Metaspace: 29081K(29504K)->29081K(29504K) NonClass: 24194K(24384K)->24194K(24384K) Class: 4886K(5120K)->4886K(5120K)
[7593.555s][info][gc             ] GC(2556) Pause Young (Allocation Failure) 7273M->5024M(7423M) 96.544ms
[7593.555s][info][gc,cpu         ] GC(2556) User=0.54s Sys=0.03s Real=0.09s
.[7595.017s][info][gc,start       ] GC(2557) Pause Young (Allocation Failure)
[7595.118s][info][gc,heap        ] GC(2557) PSYoungGen: 2531744K(2591744K)->144704K(2594304K) Eden: 2396160K(2396160K)->0K(2396160K) From: 135584K(195584K)->144704K(198144K)
[7595.118s][info][gc,heap        ] GC(2557) ParOldGen: 5009065K(5009408K)->5097225K(5097472K)
[7595.118s][info][gc,metaspace   ] GC(2557) Metaspace: 29081K(29504K)->29081K(29504K) NonClass: 24194K(24384K)->24194K(24384K) Class: 4886K(5120K)->4886K(5120K)
[7595.118s][info][gc             ] GC(2557) Pause Young (Allocation Failure) 7364M->5119M(7511M) 101.029ms
[7595.118s][info][gc,cpu         ] GC(2557) User=0.56s Sys=0.04s Real=0.11s
..[7596.588s][info][gc,start       ] GC(2558) Pause Young (Allocation Failure)
[7596.748s][info][gc,heap        ] GC(2558) PSYoungGen: 2540864K(2594304K)->160159K(2594816K) Eden: 2396160K(2396160K)->0K(2402304K) From: 144704K(198144K)->160159K(192512K)
[7596.749s][info][gc,heap        ] GC(2558) ParOldGen: 5097225K(5097472K)->5189537K(5189632K)
[7596.749s][info][gc,metaspace   ] GC(2558) Metaspace: 29081K(29504K)->29081K(29504K) NonClass: 24194K(24384K)->24194K(24384K) Class: 4886K(5120K)->4886K(5120K)
[7596.749s][info][gc             ] GC(2558) Pause Young (Allocation Failure) 7459M->5224M(7602M) 160.972ms
[7596.749s][info][gc,cpu         ] GC(2558) User=0.63s Sys=0.04s Real=0.16s
.[7598.180s][info][gc,start       ] GC(2559) Pause Young (Allocation Failure)
[7598.291s][info][gc,heap        ] GC(2559) PSYoungGen: 2562463K(2594816K)->161647K(2596352K) Eden: 2402304K(2402304K)->0K(2402304K) From: 160159K(192512K)->161647K(194048K)
[7598.291s][info][gc,heap        ] GC(2559) ParOldGen: 5189537K(5189632K)->5279937K(5280256K)
[7598.291s][info][gc,metaspace   ] GC(2559) Metaspace: 29081K(29504K)->29081K(29504K) NonClass: 24194K(24384K)->24194K(24384K) Class: 4886K(5120K)->4886K(5120K)
[7598.291s][info][gc             ] GC(2559) Pause Young (Allocation Failure) 7570M->5314M(7692M) 111.112ms
[7598.291s][info][gc,cpu         ] GC(2559) User=0.62s Sys=0.03s Real=0.11s
..[7599.789s][info][gc,start       ] GC(2560) Pause Young (Allocation Failure)
[7599.897s][info][gc,heap        ] GC(2560) PSYoungGen: 2563951K(2596352K)->155332K(2594304K) Eden: 2402304K(2402304K)->0K(2408960K) From: 161647K(194048K)->155332K(185344K)
[7599.897s][info][gc,heap        ] GC(2560) ParOldGen: 5279937K(5280256K)->5370369K(5370880K)
[7599.897s][info][gc,metaspace   ] GC(2560) Metaspace: 29081K(29504K)->29081K(29504K) NonClass: 24194K(24384K)->24194K(24384K) Class: 4886K(5120K)->4886K(5120K)
[7599.897s][info][gc             ] GC(2560) Pause Young (Allocation Failure) 7660M->5396M(7778M) 107.755ms
[7599.897s][info][gc,cpu         ] GC(2560) User=0.61s Sys=0.04s Real=0.10s
.[7601.329s][info][gc,start       ] GC(2561) Pause Young (Allocation Failure)
[7601.433s][info][gc,heap        ] GC(2561) PSYoungGen: 2564292K(2594304K)->147364K(2598400K) Eden: 2408960K(2408960K)->0K(2408960K) From: 155332K(185344K)->147364K(189440K)
[7601.433s][info][gc,heap        ] GC(2561) ParOldGen: 5370369K(5370880K)->5459033K(5459456K)
[7601.433s][info][gc,metaspace   ] GC(2561) Metaspace: 29081K(29504K)->29081K(29504K) NonClass: 24194K(24384K)->24194K(24384K) Class: 4886K(5120K)->4886K(5120K)
[7601.433s][info][gc             ] GC(2561) Pause Young (Allocation Failure) 7748M->5474M(7869M) 104.740ms
[7601.434s][info][gc,cpu         ] GC(2561) User=0.59s Sys=0.02s Real=0.10s
..[7602.948s][info][gc,start       ] GC(2562) Pause Young (Allocation Failure)
[7603.052s][info][gc,heap        ] GC(2562) PSYoungGen: 2556324K(2598400K)->148377K(2600960K) Eden: 2408960K(2408960K)->0K(2419712K) From: 147364K(189440K)->148377K(181248K)
[7603.052s][info][gc,heap        ] GC(2562) ParOldGen: 5459033K(5459456K)->5551233K(5551616K)
[7603.052s][info][gc,metaspace   ] GC(2562) Metaspace: 29081K(29504K)->29081K(29504K) NonClass: 24194K(24384K)->24194K(24384K) Class: 4886K(5120K)->4886K(5120K)
[7603.053s][info][gc             ] GC(2562) Pause Young (Allocation Failure) 7827M->5566M(7961M) 104.706ms
[7603.053s][info][gc,cpu         ] GC(2562) User=0.59s Sys=0.03s Real=0.10s
.[7604.448s][info][gc,start       ] GC(2563) Pause Full (Allocation Failure)
[7604.448s][info][gc,phases,start] GC(2563) Marking Phase
[7604.794s][info][gc,phases      ] GC(2563) Marking Phase 346.677ms
[7604.794s][info][gc,phases,start] GC(2563) Summary Phase
[7604.795s][info][gc,phases      ] GC(2563) Summary Phase 0.098ms
[7604.795s][info][gc,phases,start] GC(2563) Forward
[7604.927s][info][gc,phases      ] GC(2563) Forward 132.671ms
[7604.927s][info][gc,phases,start] GC(2563) Adjust Pointers
[7605.126s][info][gc,phases      ] GC(2563) Adjust Pointers 198.725ms
[7605.126s][info][gc,phases,start] GC(2563) Compaction Phase
[7605.253s][info][gc,phases      ] GC(2563) Compaction Phase 126.939ms
[7605.255s][info][gc,phases,start] GC(2563) Post Compact
[7605.261s][info][gc,phases      ] GC(2563) Post Compact 6.768ms
[7605.390s][info][gc,heap        ] GC(2563) PSYoungGen: 2568089K(2600960K)->0K(2604544K) Eden: 2419712K(2419712K)->0K(2419712K) From: 148377K(181248K)->0K(184832K)
[7605.390s][info][gc,heap        ] GC(2563) ParOldGen: 5551233K(5551616K)->1431352K(1790976K)
[7605.390s][info][gc,metaspace   ] GC(2563) Metaspace: 29081K(29504K)->29081K(29504K) NonClass: 24194K(24384K)->24194K(24384K) Class: 4886K(5120K)->4886K(5120K)
[7605.390s][info][gc             ] GC(2563) Pause Full (Allocation Failure) 7929M->1397M(4292M) 942.339ms
[7605.391s][info][gc,cpu         ] GC(2563) User=4.08s Sys=0.12s Real=0.94s
..[7606.799s][info][gc,start       ] GC(2564) Pause Young (Allocation Failure)
[7606.867s][info][gc,heap        ] GC(2564) PSYoungGen: 2419712K(2604544K)->143987K(2608128K) Eden: 2419712K(2419712K)->0K(2426368K) From: 0K(184832K)->143987K(181760K)
[7606.867s][info][gc,heap        ] GC(2564) ParOldGen: 1431352K(1790976K)->1431352K(1790976K)
[7606.867s][info][gc,metaspace   ] GC(2564) Metaspace: 29081K(29504K)->29081K(29504K) NonClass: 24194K(24384K)->24194K(24384K) Class: 4886K(5120K)->4886K(5120K)
[7606.867s][info][gc             ] GC(2564) Pause Young (Allocation Failure) 3760M->1538M(4296M) 67.448ms
[7606.867s][info][gc,cpu         ] GC(2564) User=0.39s Sys=0.00s Real=0.06s
.[7608.275s][info][gc,start       ] GC(2565) Pause Young (Allocation Failure)
[7608.375s][info][gc,heap        ] GC(2565) PSYoungGen: 2570355K(2608128K)->160761K(2609664K) Eden: 2426368K(2426368K)->0K(2426368K) From: 143987K(181760K)->160761K(183296K)
[7608.375s][info][gc,heap        ] GC(2565) ParOldGen: 1431352K(1790976K)->1521472K(1790976K)
[7608.375s][info][gc,metaspace   ] GC(2565) Metaspace: 29081K(29504K)->29081K(29504K) NonClass: 24194K(24384K)->24194K(24384K) Class: 4886K(5120K)->4886K(5120K)
[7608.375s][info][gc             ] GC(2565) Pause Young (Allocation Failure) 3907M->1642M(4297M) 100.473ms
[7608.375s][info][gc,cpu         ] GC(2565) User=0.59s Sys=0.00s Real=0.10s
.[7609.897s][info][gc,start       ] GC(2566) Pause Young (Allocation Failure)
[7609.994s][info][gc,heap        ] GC(2566) PSYoungGen: 2587129K(2609664K)->152352K(2606592K) Eden: 2426368K(2426368K)->0K(2429440K) From: 160761K(183296K)->152352K(177152K)
[7609.994s][info][gc,heap        ] GC(2566) ParOldGen: 1521472K(1790976K)->1614352K(1790976K)
[7609.994s][info][gc,metaspace   ] GC(2566) Metaspace: 29081K(29504K)->29081K(29504K) NonClass: 24194K(24384K)->24194K(24384K) Class: 4886K(5120K)->4886K(5120K)
[7609.994s][info][gc             ] GC(2566) Pause Young (Allocation Failure) 4012M->1725M(4294M) 97.083ms
[7609.994s][info][gc,cpu         ] GC(2566) User=0.57s Sys=0.00s Real=0.10s
..[7611.403s][info][gc,start       ] GC(2567) Pause Young (Allocation Failure)
[7611.500s][info][gc,heap        ] GC(2567) PSYoungGen: 2581792K(2606592K)->150688K(2609664K) Eden: 2429440K(2429440K)->0K(2429440K) From: 152352K(177152K)->150688K(180224K)
[7611.500s][info][gc,heap        ] GC(2567) ParOldGen: 1614352K(1790976K)->1703848K(1790976K)
[7611.500s][info][gc,metaspace   ] GC(2567) Metaspace: 29081K(29504K)->29081K(29504K) NonClass: 24194K(24384K)->24194K(24384K) Class: 4886K(5120K)->4886K(5120K)
[7611.500s][info][gc             ] GC(2567) Pause Young (Allocation Failure) 4097M->1811M(4297M) 96.908ms
[7611.500s][info][gc,cpu         ] GC(2567) User=0.58s Sys=0.00s Real=0.10s
.[7612.975s][info][gc,start       ] GC(2568) Pause Young (Allocation Failure)
[7613.075s][info][gc,heap        ] GC(2568) PSYoungGen: 2580128K(2609664K)->154432K(2610688K) Eden: 2429440K(2429440K)->0K(2437632K) From: 150688K(180224K)->154432K(173056K)
[7613.075s][info][gc,heap        ] GC(2568) ParOldGen: 1703848K(1790976K)->1797256K(1797632K)
[7613.075s][info][gc,metaspace   ] GC(2568) Metaspace: 29081K(29504K)->29081K(29504K) NonClass: 24194K(24384K)->24194K(24384K) Class: 4886K(5120K)->4886K(5120K)
[7613.075s][info][gc             ] GC(2568) Pause Young (Allocation Failure) 4183M->1905M(4305M) 99.943ms
[7613.075s][info][gc,cpu         ] GC(2568) User=0.59s Sys=0.01s Real=0.10s
.[7614.520s][info][gc,start       ] GC(2569) Pause Young (Allocation Failure)
