[0.002s][info][gc,init] CardTable entry size: 512
[0.002s][info][gc     ] Using G1
[0.009s][info][gc,init] Version: 24-internal-adhoc.thomas.source (release)
[0.009s][info][gc,init] CPUs: 8 total, 6 available
[0.009s][info][gc,init] Memory: 15662M
[0.009s][info][gc,init] Large Page Support: Disabled
[0.009s][info][gc,init] NUMA Support: Disabled
[0.009s][info][gc,init] Compressed Oops: Enabled (Zero based)
[0.009s][info][gc,init] Heap Region Size: 2M
[0.009s][info][gc,init] Heap Min Capacity: 4G
[0.009s][info][gc,init] Heap Initial Capacity: 4G
[0.009s][info][gc,init] Heap Max Capacity: 4G
[0.009s][info][gc,init] Pre-touch: Disabled
[0.009s][info][gc,init] Parallel Workers: 6
[0.009s][info][gc,init] Concurrent Workers: 2
[0.009s][info][gc,init] Concurrent Refinement Workers: 6
[0.009s][info][gc,init] Periodic GC: Disabled
[0.009s][info][gc,metaspace] CDS archive(s) not mapped
[0.009s][info][gc,metaspace] Compressed class space mapped at: 0x000000008a000000-0x00000000ca000000, reserved size: 1073741824
[0.009s][info][gc,metaspace] UseCompressedClassPointers 1, UseCompactObjectHeaders 1, narrow klass pointer bits 22, max shift 10
[0.009s][info][gc,metaspace] Narrow klass base: 0x000000008a000000, Narrow klass shift: 9, Narrow klass range: 0x40000000

SPECjbb2015 Java Business Benchmark
 (c) Standard Performance Evaluation Corporation, 2015

Preparing to launch All-in-one SPECjbb2015.

Reading property file: /shared/projects/openjdk/analysis/lilliput-benefits/specjbb/results-COH-ON-G1-0/./config/specjbb2015.props

     0s: Enumerating plugins...
     0s:    Connectivity:
     0s:             HTTP_Grizzly: Grizzly HTTP server, JDK HTTP client
     0s:              NIO_Grizzly: Grizzly NIO server, Grizzly NIO client
     0s:               HTTP_Jetty: Jetty HTTP server, JDK HTTP client
     0s:    Snapshot:
     0s:                 InMemory: Stores snapshots in heap memory
     0s:    Data Writers:
     0s:                     Demo: Send all frame to listener
     0s:                   InFile: Writing Data into file
     0s:                   Silent: Drop all frames
     0s: 
     0s: Kit validation is skipped.
     0s: Tests are skipped.
     0s: 
     0s: [0.842s][info][gc,start    ] GC(0) Pause Young (Normal) (G1 Evacuation Pause)
[0.843s][info][gc,task     ] GC(0) Using 6 workers of 6 for evacuation
[0.848s][info][gc,phases   ] GC(0)   Pre Evacuate Collection Set: 0.32ms
[0.848s][info][gc,phases   ] GC(0)   Merge Heap Roots: 0.09ms
[0.848s][info][gc,phases   ] GC(0)   Evacuate Collection Set: 3.98ms
[0.848s][info][gc,phases   ] GC(0)   Post Evacuate Collection Set: 0.47ms
[0.848s][info][gc,phases   ] GC(0)   Other: 0.51ms
[0.848s][info][gc,heap     ] GC(0) Eden regions: 102->0(99)
[0.848s][info][gc,heap     ] GC(0) Survivor regions: 0->3(13)
[0.848s][info][gc,heap     ] GC(0) Old regions: 0->0
[0.848s][info][gc,heap     ] GC(0) Humongous regions: 0->0
[0.848s][info][gc,metaspace] GC(0) Metaspace: 21054K(21248K)->21054K(21248K) NonClass: 17055K(17152K)->17055K(17152K) Class: 3999K(4096K)->3999K(4096K)
[0.848s][info][gc          ] GC(0) Pause Young (Normal) (G1 Evacuation Pause) 204M->4M(4096M) 5.540ms
[0.848s][info][gc,cpu      ] GC(0) User=0.02s Sys=0.00s Real=0.00s
[1.004s][info][gc,start    ] GC(1) Pause Young (Concurrent Start) (Metadata GC Threshold)
[1.004s][info][gc,task     ] GC(1) Using 6 workers of 6 for evacuation
[1.007s][info][gc,phases   ] GC(1)   Pre Evacuate Collection Set: 0.33ms
[1.007s][info][gc,phases   ] GC(1)   Merge Heap Roots: 0.04ms
[1.007s][info][gc,phases   ] GC(1)   Evacuate Collection Set: 2.41ms
[1.007s][info][gc,phases   ] GC(1)   Post Evacuate Collection Set: 0.32ms
[1.007s][info][gc,phases   ] GC(1)   Other: 0.08ms
[1.007s][info][gc,heap     ] GC(1) Eden regions: 47->0(99)
[1.007s][info][gc,heap     ] GC(1) Survivor regions: 3->3(13)
[1.007s][info][gc,heap     ] GC(1) Old regions: 0->0
[1.007s][info][gc,heap     ] GC(1) Humongous regions: 0->0
[1.007s][info][gc,metaspace] GC(1) Metaspace: 21403K(21504K)->21403K(21504K) NonClass: 17369K(17408K)->17369K(17408K) Class: 4034K(4096K)->4034K(4096K)
[1.007s][info][gc          ] GC(1) Pause Young (Concurrent Start) (Metadata GC Threshold) 98M->5M(4096M) 3.353ms
[1.007s][info][gc,cpu      ] GC(1) User=0.02s Sys=0.00s Real=0.00s
[1.007s][info][gc          ] GC(2) Concurrent Mark Cycle
[1.007s][info][gc,marking  ] GC(2) Concurrent Scan Root Regions
[1.009s][info][gc,marking  ] GC(2) Concurrent Scan Root Regions 1.395ms
[1.009s][info][gc,marking  ] GC(2) Concurrent Mark
[1.009s][info][gc,marking  ] GC(2) Concurrent Mark From Roots
[1.009s][info][gc,task     ] GC(2) Using 2 workers of 2 for marking
[1.010s][info][gc,marking  ] GC(2) Concurrent Mark From Roots 0.669ms
[1.010s][info][gc,marking  ] GC(2) Concurrent Preclean
[1.010s][info][gc,marking  ] GC(2) Concurrent Preclean 0.005ms
[1.010s][info][gc,start    ] GC(2) Pause Remark
[1.010s][info][gc          ] GC(2) Pause Remark 6M->6M(4096M) 0.784ms
[1.010s][info][gc,cpu      ] GC(2) User=0.00s Sys=0.00s Real=0.00s
[1.010s][info][gc,marking  ] GC(2) Concurrent Mark 1.547ms
[1.010s][info][gc,marking  ] GC(2) Concurrent Rebuild Remembered Sets and Scrub Regions
[1.011s][info][gc,marking  ] GC(2) Concurrent Rebuild Remembered Sets and Scrub Regions 0.045ms
[1.011s][info][gc,start    ] GC(2) Pause Cleanup
[1.011s][info][gc          ] GC(2) Pause Cleanup 6M->6M(4096M) 0.012ms
[1.011s][info][gc,cpu      ] GC(2) User=0.00s Sys=0.00s Real=0.00s
[1.011s][info][gc,marking  ] GC(2) Concurrent Clear Claimed Marks
[1.011s][info][gc,marking  ] GC(2) Concurrent Clear Claimed Marks 0.006ms
[1.011s][info][gc,marking  ] GC(2) Concurrent Cleanup for Next Mark
[1.016s][info][gc,marking  ] GC(2) Concurrent Cleanup for Next Mark 5.576ms
[1.016s][info][gc          ] GC(2) Concurrent Mark Cycle 8.756ms
Ladies and gentlemen, this is your Controller speaking.
     0s: We are delighted in having you for benchmark run today.
     0s: 
     0s: Binary log file is ./specjbb2015-C-20240903-00001.data.gz
     0s: 
     0s: Performing handshake with all agents ...
     0s: 
     0s:  Agent Group1.TxInjector.CompositeTxInjector has attached to Controller
     0s:  Agent Group1.Backend.CompositeBackend has attached to Controller
     0s: 
     0s: All agents have connected.
     0s: 
     0s: Attached agents info:

Group "Group1"
    TxInjectors:
        CompositeTxInjector, includes { Driver } @ [local in-Java link]
    Backends:
        CompositeBackend, includes { SM(2),SP(2) } @ [local in-Java link]

     0s: Initializing... (init[1.200s][info][gc,start    ] GC(3) Pause Young (Normal) (G1 Evacuation Pause)
[1.200s][info][gc,task     ] GC(3) Using 6 workers of 6 for evacuation
[1.265s][info][gc,phases   ] GC(3)   Pre Evacuate Collection Set: 0.33ms
[1.265s][info][gc,phases   ] GC(3)   Merge Heap Roots: 0.07ms
[1.265s][info][gc,phases   ] GC(3)   Evacuate Collection Set: 64.31ms
[1.265s][info][gc,phases   ] GC(3)   Post Evacuate Collection Set: 0.65ms
[1.265s][info][gc,phases   ] GC(3)   Other: 0.07ms
[1.265s][info][gc,heap     ] GC(3) Eden regions: 99->0(89)
[1.265s][info][gc,heap     ] GC(3) Survivor regions: 3->13(13)
[1.265s][info][gc,heap     ] GC(3) Old regions: 0->54
[1.265s][info][gc,heap     ] GC(3) Humongous regions: 15->15
[1.265s][info][gc,metaspace] GC(3) Metaspace: 22611K(22848K)->22611K(22848K) NonClass: 18350K(18496K)->18350K(18496K) Class: 4261K(4352K)->4261K(4352K)
[1.265s][info][gc          ] GC(3) Pause Young (Normal) (G1 Evacuation Pause) 233M->163M(4096M) 65.552ms
[1.265s][info][gc,cpu      ] GC(3) User=0.30s Sys=0.08s Real=0.07s
[1.356s][info][gc,start    ] GC(4) Pause Young (Normal) (G1 Evacuation Pause)
[1.356s][info][gc,task     ] GC(4) Using 6 workers of 6 for evacuation
[1.429s][info][gc,phases   ] GC(4)   Pre Evacuate Collection Set: 0.31ms
[1.429s][info][gc,phases   ] GC(4)   Merge Heap Roots: 0.21ms
[1.429s][info][gc,phases   ] GC(4)   Evacuate Collection Set: 71.93ms
[1.429s][info][gc,phases   ] GC(4)   Post Evacuate Collection Set: 0.47ms
[1.429s][info][gc,phases   ] GC(4)   Other: 0.05ms
[1.429s][info][gc,heap     ] GC(4) Eden regions: 89->0(89)
[1.429s][info][gc,heap     ] GC(4) Survivor regions: 13->13(13)
[1.429s][info][gc,heap     ] GC(4) Old regions: 54->122
[1.429s][info][gc,heap     ] GC(4) Humongous regions: 15->15
[1.429s][info][gc,metaspace] GC(4) Metaspace: 22644K(22848K)->22644K(22848K) NonClass: 18382K(18496K)->18382K(18496K) Class: 4261K(4352K)->4261K(4352K)
[1.429s][info][gc          ] GC(4) Pause Young (Normal) (G1 Evacuation Pause) 341M->300M(4096M) 73.123ms
[1.429s][info][gc,cpu      ] GC(4) User=0.41s Sys=0.03s Real=0.07s
[1.552s][info][gc,start    ] GC(5) Pause Young (Normal) (G1 Evacuation Pause)
[1.552s][info][gc,task     ] GC(5) Using 6 workers of 6 for evacuation
[1.626s][info][gc,phases   ] GC(5)   Pre Evacuate Collection Set: 0.31ms
[1.626s][info][gc,phases   ] GC(5)   Merge Heap Roots: 0.14ms
[1.626s][info][gc,phases   ] GC(5)   Evacuate Collection Set: 72.96ms
[1.626s][info][gc,phases   ] GC(5)   Post Evacuate Collection Set: 0.25ms
[1.626s][info][gc,phases   ] GC(5)   Other: 0.05ms
[1.626s][info][gc,heap     ] GC(5) Eden regions: 89->0(89)
[1.626s][info][gc,heap     ] GC(5) Survivor regions: 13->13(13)
[1.626s][info][gc,heap     ] GC(5) Old regions: 122->195
[1.626s][info][gc,heap     ] GC(5) Humongous regions: 19->19
[1.626s][info][gc,metaspace] GC(5) Metaspace: 22658K(22848K)->22658K(22848K) NonClass: 18396K(18496K)->18396K(18496K) Class: 4261K(4352K)->4261K(4352K)
[1.626s][info][gc          ] GC(5) Pause Young (Normal) (G1 Evacuation Pause) 486M->454M(4096M) 73.828ms
[1.626s][info][gc,cpu      ] GC(5) User=0.39s Sys=0.04s Real=0.08s
[1.752s][info][gc,start    ] GC(6) Pause Young (Normal) (G1 Evacuation Pause)
[1.752s][info][gc,task     ] GC(6) Using 6 workers of 6 for evacuation
[1.836s][info][gc,phases   ] GC(6)   Pre Evacuate Collection Set: 0.37ms
[1.836s][info][gc,phases   ] GC(6)   Merge Heap Roots: 0.13ms
[1.836s][info][gc,phases   ] GC(6)   Evacuate Collection Set: 83.08ms
[1.836s][info][gc,phases   ] GC(6)   Post Evacuate Collection Set: 0.25ms
[1.836s][info][gc,phases   ] GC(6)   Other: 0.06ms
[1.836s][info][gc,heap     ] GC(6) Eden regions: 89->0(89)
[1.836s][info][gc,heap     ] GC(6) Survivor regions: 13->13(13)
[1.836s][info][gc,heap     ] GC(6) Old regions: 195->272
[1.836s][info][gc,heap     ] GC(6) Humongous regions: 19->19
[1.836s][info][gc,metaspace] GC(6) Metaspace: 22676K(22912K)->22676K(22912K) NonClass: 18412K(18496K)->18412K(18496K) Class: 4263K(4416K)->4263K(4416K)
[1.836s][info][gc          ] GC(6) Pause Young (Normal) (G1 Evacuation Pause) 632M->608M(4096M) 84.011ms
[1.836s][info][gc,cpu      ] GC(6) User=0.47s Sys=0.03s Real=0.08s
[1.950s][info][gc,start    ] GC(7) Pause Young (Normal) (G1 Evacuation Pause)
[1.950s][info][gc,task     ] GC(7) Using 6 workers of 6 for evacuation
[2.066s][info][gc,phases   ] GC(7)   Pre Evacuate Collection Set: 0.34ms
[2.067s][info][gc,phases   ] GC(7)   Merge Heap Roots: 0.08ms
[2.067s][info][gc,phases   ] GC(7)   Evacuate Collection Set: 116.10ms
[2.067s][info][gc,phases   ] GC(7)   Post Evacuate Collection Set: 0.29ms
[2.067s][info][gc,phases   ] GC(7)   Other: 0.05ms
[2.067s][info][gc,heap     ] GC(7) Eden regions: 89->0(89)
[2.067s][info][gc,heap     ] GC(7) Survivor regions: 13->13(13)
[2.067s][info][gc,heap     ] GC(7) Old regions: 272->344
[2.067s][info][gc,heap     ] GC(7) Humongous regions: 22->22
[2.067s][info][gc,metaspace] GC(7) Metaspace: 22681K(22912K)->22681K(22912K) NonClass: 18417K(18496K)->18417K(18496K) Class: 4263K(4416K)->4263K(4416K)
[2.067s][info][gc          ] GC(7) Pause Young (Normal) (G1 Evacuation Pause) 792M->757M(4096M) 117.005ms
[2.067s][info][gc,cpu      ] GC(7) User=0.50s Sys=0.03s Real=0.12s
[2.251s][info][gc,start    ] GC(8) Pause Young (Normal) (G1 Evacuation Pause)
[2.251s][info][gc,task     ] GC(8) Using 6 workers of 6 for evacuation
[2.328s][info][gc,phases   ] GC(8)   Pre Evacuate Collection Set: 0.31ms
[2.328s][info][gc,phases   ] GC(8)   Merge Heap Roots: 0.10ms
[2.328s][info][gc,phases   ] GC(8)   Evacuate Collection Set: 76.49ms
[2.328s][info][gc,phases   ] GC(8)   Post Evacuate Collection Set: 0.26ms
[2.328s][info][gc,phases   ] GC(8)   Other: 0.05ms
[2.328s][info][gc,heap     ] GC(8) Eden regions: 89->0(89)
[2.328s][info][gc,heap     ] GC(8) Survivor regions: 13->13(13)
[2.328s][info][gc,heap     ] GC(8) Old regions: 344->405
[2.328s][info][gc,heap     ] GC(8) Humongous regions: 29->29
[2.328s][info][gc,metaspace] GC(8) Metaspace: 22701K(22912K)->22701K(22912K) NonClass: 18436K(18496K)->18436K(18496K) Class: 4264K(4416K)->4264K(4416K)
[2.329s][info][gc          ] GC(8) Pause Young (Normal) (G1 Evacuation Pause) 949M->894M(4096M) 77.352ms
[2.329s][info][gc,cpu      ] GC(8) User=0.43s Sys=0.02s Real=0.08s
[2.515s][info][gc,start    ] GC(9) Pause Young (Normal) (G1 Evacuation Pause)
[2.515s][info][gc,task     ] GC(9) Using 6 workers of 6 for evacuation
[2.593s][info][gc,phases   ] GC(9)   Pre Evacuate Collection Set: 0.30ms
[2.593s][info][gc,phases   ] GC(9)   Merge Heap Roots: 0.21ms
[2.593s][info][gc,phases   ] GC(9)   Evacuate Collection Set: 76.93ms
[2.593s][info][gc,phases   ] GC(9)   Post Evacuate Collection Set: 0.33ms
[2.593s][info][gc,phases   ] GC(9)   Other: 0.05ms
[2.593s][info][gc,heap     ] GC(9) Eden regions: 89->0(89)
[2.593s][info][gc,heap     ] GC(9) Survivor regions: 13->13(13)
[2.593s][info][gc,heap     ] GC(9) Old regions: 405->454
[2.593s][info][gc,heap     ] GC(9) Humongous regions: 38->38
[2.593s][info][gc,metaspace] GC(9) Metaspace: 22746K(22976K)->22746K(22976K) NonClass: 18480K(18560K)->18480K(18560K) Class: 4266K(4416K)->4266K(4416K)
[2.593s][info][gc          ] GC(9) Pause Young (Normal) (G1 Evacuation Pause) 1090M->1009M(4096M) 77.975ms
[2.593s][info][gc,cpu      ] GC(9) User=0.44s Sys=0.02s Real=0.08s
) OK
     2s: 
     2s: Check whether properties are compliant
     2s: (validation=PASSED) Property settings are COMPLIANT.
     2s: 
     2s: Searching for high-bound for max-jOPS possible for this system
     2s: Searching from base IR = 100
     2s:       rampup IR =      0 [reconfig (term) [2.858s][info][gc,start    ] GC(10) Pause Full (System.gc())
[2.858s][info][gc,task     ] GC(10) Using 6 workers of 6 for full compaction
[2.858s][info][gc,phases,start] GC(10) Phase 1: Mark live objects
[2.871s][info][gc,phases      ] GC(10) Phase 1: Mark live objects 13.262ms
[2.871s][info][gc,phases,start] GC(10) Phase 2: Prepare compaction
[2.877s][info][gc,phases      ] GC(10) Phase 2: Prepare compaction 5.829ms
[2.877s][info][gc,phases,start] GC(10) Phase 3: Adjust pointers
[2.885s][info][gc,phases      ] GC(10) Phase 3: Adjust pointers 7.460ms
[2.885s][info][gc,phases,start] GC(10) Phase 4: Compact heap
[2.894s][info][gc,phases      ] GC(10) Phase 4: Compact heap 9.387ms
[2.894s][info][gc,phases,start] GC(10) Phase 5: Reset Metadata
[2.896s][info][gc,phases      ] GC(10) Phase 5: Reset Metadata 2.173ms
[2.901s][info][gc,heap        ] GC(10) Eden regions: 60->0(102)
[2.901s][info][gc,heap        ] GC(10) Survivor regions: 13->0(13)
[2.901s][info][gc,heap        ] GC(10) Old regions: 454->33
[2.901s][info][gc,heap        ] GC(10) Humongous regions: 46->13
[2.901s][info][gc,metaspace   ] GC(10) Metaspace: 23009K(23232K)->23009K(23232K) NonClass: 18701K(18816K)->18701K(18816K) Class: 4307K(4416K)->4307K(4416K)
[2.901s][info][gc             ] GC(10) Pause Full (System.gc()) 1145M->86M(4096M) 43.495ms
[2.901s][info][gc,cpu         ] GC(10) User=0.22s Sys=0.00s Real=0.04s
(init[3.193s][info][gc,start       ] GC(11) Pause Young (Normal) (G1 Evacuation Pause)
[3.193s][info][gc,task        ] GC(11) Using 6 workers of 6 for evacuation
[3.247s][info][gc,phases      ] GC(11)   Pre Evacuate Collection Set: 0.34ms
[3.247s][info][gc,phases      ] GC(11)   Merge Heap Roots: 0.05ms
[3.247s][info][gc,phases      ] GC(11)   Evacuate Collection Set: 53.61ms
[3.247s][info][gc,phases      ] GC(11)   Post Evacuate Collection Set: 0.38ms
[3.247s][info][gc,phases      ] GC(11)   Other: 0.05ms
[3.247s][info][gc,heap        ] GC(11) Eden regions: 102->0(89)
[3.247s][info][gc,heap        ] GC(11) Survivor regions: 0->13(13)
[3.247s][info][gc,heap        ] GC(11) Old regions: 33->91
[3.247s][info][gc,heap        ] GC(11) Humongous regions: 15->15
[3.247s][info][gc,metaspace   ] GC(11) Metaspace: 23013K(23232K)->23013K(23232K) NonClass: 18705K(18816K)->18705K(18816K) Class: 4307K(4416K)->4307K(4416K)
[3.247s][info][gc             ] GC(11) Pause Young (Normal) (G1 Evacuation Pause) 294M->232M(4096M) 54.576ms
[3.247s][info][gc,cpu         ] GC(11) User=0.32s Sys=0.00s Real=0.05s
[3.279s][info][gc,start       ] GC(12) Pause Young (Normal) (G1 Evacuation Pause)
[3.279s][info][gc,task        ] GC(12) Using 6 workers of 6 for evacuation
[3.348s][info][gc,phases      ] GC(12)   Pre Evacuate Collection Set: 0.35ms
[3.348s][info][gc,phases      ] GC(12)   Merge Heap Roots: 0.26ms
[3.348s][info][gc,phases      ] GC(12)   Evacuate Collection Set: 68.43ms
[3.348s][info][gc,phases      ] GC(12)   Post Evacuate Collection Set: 0.23ms
[3.348s][info][gc,phases      ] GC(12)   Other: 0.05ms
[3.348s][info][gc,heap        ] GC(12) Eden regions: 89->0(89)
[3.348s][info][gc,heap        ] GC(12) Survivor regions: 13->13(13)
[3.348s][info][gc,heap        ] GC(12) Old regions: 91->166
[3.348s][info][gc,heap        ] GC(12) Humongous regions: 15->15
[3.348s][info][gc,metaspace   ] GC(12) Metaspace: 23013K(23232K)->23013K(23232K) NonClass: 18705K(18816K)->18705K(18816K) Class: 4307K(4416K)->4307K(4416K)
[3.348s][info][gc             ] GC(12) Pause Young (Normal) (G1 Evacuation Pause) 410M->382M(4096M) 69.436ms
[3.348s][info][gc,cpu         ] GC(12) User=0.41s Sys=0.00s Real=0.07s
[3.437s][info][gc,start       ] GC(13) Pause Young (Normal) (G1 Evacuation Pause)
[3.437s][info][gc,task        ] GC(13) Using 6 workers of 6 for evacuation
[3.501s][info][gc,phases      ] GC(13)   Pre Evacuate Collection Set: 0.35ms
[3.501s][info][gc,phases      ] GC(13)   Merge Heap Roots: 0.09ms
[3.501s][info][gc,phases      ] GC(13)   Evacuate Collection Set: 62.72ms
[3.501s][info][gc,phases      ] GC(13)   Post Evacuate Collection Set: 0.25ms
[3.501s][info][gc,phases      ] GC(13)   Other: 0.06ms
[3.501s][info][gc,heap        ] GC(13) Eden regions: 89->0(89)
[3.501s][info][gc,heap        ] GC(13) Survivor regions: 13->13(13)
[3.501s][info][gc,heap        ] GC(13) Old regions: 166->238
[3.501s][info][gc,heap        ] GC(13) Humongous regions: 15->15
[3.501s][info][gc,metaspace   ] GC(13) Metaspace: 23016K(23232K)->23016K(23232K) NonClass: 18709K(18816K)->18709K(18816K) Class: 4307K(4416K)->4307K(4416K)
[3.501s][info][gc             ] GC(13) Pause Young (Normal) (G1 Evacuation Pause) 560M->526M(4096M) 63.624ms
[3.501s][info][gc,cpu         ] GC(13) User=0.38s Sys=0.00s Real=0.06s
[3.540s][info][gc,start       ] GC(14) Pause Young (Normal) (G1 Evacuation Pause)
[3.540s][info][gc,task        ] GC(14) Using 6 workers of 6 for evacuation
[3.603s][info][gc,phases      ] GC(14)   Pre Evacuate Collection Set: 0.34ms
[3.603s][info][gc,phases      ] GC(14)   Merge Heap Roots: 0.11ms
[3.603s][info][gc,phases      ] GC(14)   Evacuate Collection Set: 62.28ms
[3.603s][info][gc,phases      ] GC(14)   Post Evacuate Collection Set: 0.23ms
[3.603s][info][gc,phases      ] GC(14)   Other: 0.06ms
[3.603s][info][gc,heap        ] GC(14) Eden regions: 89->0(89)
[3.603s][info][gc,heap        ] GC(14) Survivor regions: 13->13(13)
[3.603s][info][gc,heap        ] GC(14) Old regions: 238->313
[3.603s][info][gc,heap        ] GC(14) Humongous regions: 16->16
[3.603s][info][gc,metaspace   ] GC(14) Metaspace: 23016K(23232K)->23016K(23232K) NonClass: 18709K(18816K)->18709K(18816K) Class: 4307K(4416K)->4307K(4416K)
[3.603s][info][gc             ] GC(14) Pause Young (Normal) (G1 Evacuation Pause) 706M->678M(4096M) 63.157ms
[3.603s][info][gc,cpu         ] GC(14) User=0.37s Sys=0.00s Real=0.07s
[3.730s][info][gc,start       ] GC(15) Pause Young (Normal) (G1 Evacuation Pause)
[3.730s][info][gc,task        ] GC(15) Using 6 workers of 6 for evacuation
[3.797s][info][gc,phases      ] GC(15)   Pre Evacuate Collection Set: 0.31ms
[3.797s][info][gc,phases      ] GC(15)   Merge Heap Roots: 0.15ms
[3.797s][info][gc,phases      ] GC(15)   Evacuate Collection Set: 66.71ms
[3.797s][info][gc,phases      ] GC(15)   Post Evacuate Collection Set: 0.25ms
[3.797s][info][gc,phases      ] GC(15)   Other: 0.06ms
[3.797s][info][gc,heap        ] GC(15) Eden regions: 92->0(105)
[3.797s][info][gc,heap        ] GC(15) Survivor regions: 13->14(14)
[3.797s][info][gc,heap        ] GC(15) Old regions: 313->377
[3.797s][info][gc,heap        ] GC(15) Humongous regions: 23->23
[3.797s][info][gc,metaspace   ] GC(15) Metaspace: 23023K(23232K)->23023K(23232K) NonClass: 18715K(18816K)->18715K(18816K) Class: 4307K(4416K)->4307K(4416K)
[3.797s][info][gc             ] GC(15) Pause Young (Normal) (G1 Evacuation Pause) 876M->822M(4096M) 67.645ms
[3.797s][info][gc,cpu         ] GC(15) User=0.39s Sys=0.01s Real=0.07s
[3.990s][info][gc,start       ] GC(16) Pause Young (Normal) (G1 Evacuation Pause)
[3.990s][info][gc,task        ] GC(16) Using 6 workers of 6 for evacuation
[4.062s][info][gc,phases      ] GC(16)   Pre Evacuate Collection Set: 0.40ms
[4.062s][info][gc,phases      ] GC(16)   Merge Heap Roots: 0.29ms
[4.062s][info][gc,phases      ] GC(16)   Evacuate Collection Set: 70.98ms
[4.062s][info][gc,phases      ] GC(16)   Post Evacuate Collection Set: 0.33ms
[4.062s][info][gc,phases      ] GC(16)   Other: 0.05ms
[4.062s][info][gc,heap        ] GC(16) Eden regions: 91->0(118)
[4.062s][info][gc,heap        ] GC(16) Survivor regions: 14->14(14)
[4.062s][info][gc,heap        ] GC(16) Old regions: 377->437
[4.062s][info][gc,heap        ] GC(16) Humongous regions: 30->30
[4.062s][info][gc,metaspace   ] GC(16) Metaspace: 23030K(23232K)->23030K(23232K) NonClass: 18722K(18816K)->18722K(18816K) Class: 4307K(4416K)->4307K(4416K)
[4.062s][info][gc             ] GC(16) Pause Young (Normal) (G1 Evacuation Pause) 1018M->956M(4096M) 72.195ms
[4.062s][info][gc,cpu         ] GC(16) User=0.43s Sys=0.00s Real=0.08s
[4.368s][info][gc,start       ] GC(17) Pause Young (Normal) (G1 Evacuation Pause)
[4.368s][info][gc,task        ] GC(17) Using 6 workers of 6 for evacuation
[4.465s][info][gc,phases      ] GC(17)   Pre Evacuate Collection Set: 0.31ms
[4.465s][info][gc,phases      ] GC(17)   Merge Heap Roots: 0.29ms
[4.465s][info][gc,phases      ] GC(17)   Evacuate Collection Set: 96.48ms
[4.465s][info][gc,phases      ] GC(17)   Post Evacuate Collection Set: 0.29ms
[4.465s][info][gc,phases      ] GC(17)   Other: 0.05ms
[4.465s][info][gc,heap        ] GC(17) Eden regions: 100->0(121)
[4.465s][info][gc,heap        ] GC(17) Survivor regions: 14->15(15)
[4.465s][info][gc,heap        ] GC(17) Old regions: 437->498
[4.465s][info][gc,heap        ] GC(17) Humongous regions: 46->46
[4.465s][info][gc,metaspace   ] GC(17) Metaspace: 23030K(23232K)->23030K(23232K) NonClass: 18722K(18816K)->18722K(18816K) Class: 4307K(4416K)->4307K(4416K)
[4.465s][info][gc             ] GC(17) Pause Young (Normal) (G1 Evacuation Pause) 1188M->1112M(4096M) 97.531ms
[4.465s][info][gc,cpu         ] GC(17) User=0.56s Sys=0.02s Real=0.10s
) ] ... (rIR:aIR:PR = 0:0:0) (tPR = 0) [OK] 
     7s:       rampup IR =     10 ... (rIR:aIR:PR = 10:9:9) (tPR = 731) [OK] 
    10s:       rampup IR =     20 ... (rIR:aIR:PR = 20:19:19) (tPR = 1495) [OK] 
    13s:       rampup IR =     30 .... (rIR:aIR:PR = 30:27:27) (tPR = 2285) [OK] 
    17s:       rampup IR =     40 .... (rIR:aIR:PR = 40:38:38) (tPR = 2995) [OK] 
    21s:       rampup IR =     50 .... (rIR:aIR:PR = 50:53:52) (tPR = 3290) [OK] 
    25s:       rampup IR =     60 ...[28.966s][info][gc,start       ] GC(18) Pause Young (Normal) (G1 Evacuation Pause)
[28.966s][info][gc,task        ] GC(18) Using 6 workers of 6 for evacuation
[28.994s][info][gc,phases      ] GC(18)   Pre Evacuate Collection Set: 0.35ms
[28.994s][info][gc,phases      ] GC(18)   Merge Heap Roots: 0.20ms
[28.994s][info][gc,phases      ] GC(18)   Evacuate Collection Set: 27.11ms
[28.994s][info][gc,phases      ] GC(18)   Post Evacuate Collection Set: 0.32ms
[28.994s][info][gc,phases      ] GC(18)   Other: 0.07ms
[28.994s][info][gc,heap        ] GC(18) Eden regions: 134->0(186)
[28.994s][info][gc,heap        ] GC(18) Survivor regions: 15->8(19)
[28.994s][info][gc,heap        ] GC(18) Old regions: 498->514
[28.994s][info][gc,heap        ] GC(18) Humongous regions: 46->46
[28.994s][info][gc,metaspace   ] GC(18) Metaspace: 25052K(25216K)->25052K(25216K) NonClass: 20566K(20672K)->20566K(20672K) Class: 4486K(4544K)->4486K(4544K)
[28.994s][info][gc             ] GC(18) Pause Young (Normal) (G1 Evacuation Pause) 1380M->1129M(4096M) 28.195ms
[28.994s][info][gc,cpu         ] GC(18) User=0.16s Sys=0.01s Real=0.03s
. (rIR:aIR:PR = 60:61:59) (tPR = 3753) [OK] 
    29s:       rampup IR =     70 .... (rIR:aIR:PR = 70:70:68) (tPR = 3877) [OK] 
    33s:       rampup IR =     80 .... (rIR:aIR:PR = 80:81:80) (tPR = 4122) [OK] 
    37s:       rampup IR =     90 .... (rIR:aIR:PR = 90:91:90) (tPR = 4463) [OK] 
    41s:       rampup IR =    100 .... (rIR:aIR:PR = 100:101:99) (tPR = 4901) [OK] 
    45s:    snapshot, IR =    100 ....|...[53.500s][info][gc,start       ] GC(19) Pause Young (Normal) (G1 Evacuation Pause)
[53.501s][info][gc,task        ] GC(19) Using 6 workers of 6 for evacuation
[53.525s][info][gc,phases      ] GC(19)   Pre Evacuate Collection Set: 0.35ms
[53.525s][info][gc,phases      ] GC(19)   Merge Heap Roots: 0.18ms
[53.525s][info][gc,phases      ] GC(19)   Evacuate Collection Set: 23.17ms
[53.525s][info][gc,phases      ] GC(19)   Post Evacuate Collection Set: 0.39ms
[53.525s][info][gc,phases      ] GC(19)   Other: 0.06ms
[53.525s][info][gc,heap        ] GC(19) Eden regions: 208->0(221)
[53.525s][info][gc,heap        ] GC(19) Survivor regions: 8->20(27)
[53.525s][info][gc,heap        ] GC(19) Old regions: 514->514
[53.525s][info][gc,heap        ] GC(19) Humongous regions: 46->46
[53.525s][info][gc,metaspace   ] GC(19) Metaspace: 25221K(25408K)->25221K(25408K) NonClass: 20733K(20864K)->20733K(20864K) Class: 4488K(4544K)->4488K(4544K)
[53.525s][info][gc             ] GC(19) Pause Young (Normal) (G1 Evacuation Pause) 1545M->1153M(4096M) 24.289ms
[53.525s][info][gc,cpu         ] GC(19) User=0.13s Sys=0.01s Real=0.03s
.........................[77.626s][info][gc,start       ] GC(20) Pause Young (Normal) (G1 Evacuation Pause)
[77.626s][info][gc,task        ] GC(20) Using 6 workers of 6 for evacuation
[77.659s][info][gc,phases      ] GC(20)   Pre Evacuate Collection Set: 0.32ms
[77.659s][info][gc,phases      ] GC(20)   Merge Heap Roots: 0.19ms
[77.659s][info][gc,phases      ] GC(20)   Evacuate Collection Set: 32.03ms
[77.659s][info][gc,phases      ] GC(20)   Post Evacuate Collection Set: 0.40ms
[77.659s][info][gc,phases      ] GC(20)   Other: 0.07ms
[77.659s][info][gc,heap        ] GC(20) Eden regions: 236->0(283)
[77.659s][info][gc,heap        ] GC(20) Survivor regions: 20->27(32)
[77.659s][info][gc,heap        ] GC(20) Old regions: 514->519
[77.659s][info][gc,heap        ] GC(20) Humongous regions: 46->46
[77.659s][info][gc,metaspace   ] GC(20) Metaspace: 27236K(27456K)->27236K(27456K) NonClass: 22418K(22528K)->22418K(22528K) Class: 4818K(4928K)->4818K(4928K)
[77.659s][info][gc             ] GC(20) Pause Young (Normal) (G1 Evacuation Pause) 1625M->1177M(4096M) 33.133ms
[77.659s][info][gc,cpu         ] GC(20) User=0.17s Sys=0.02s Real=0.03s
.. (rIR:aIR:PR = 100:100:98) (tPR = 3110) [OK] 
    79s: Performing snapshot: (quiescence.....) (stop TxI) (stop BE) (saving... 103187 Kb) (term) [86.459s][info][gc,start       ] GC(21) Pause Full (System.gc())
[86.460s][info][gc,task        ] GC(21) Using 6 workers of 6 for full compaction
[86.460s][info][gc,phases,start] GC(21) Phase 1: Mark live objects
[86.476s][info][gc,phases      ] GC(21) Phase 1: Mark live objects 15.782ms
[86.476s][info][gc,phases,start] GC(21) Phase 2: Prepare compaction
[86.478s][info][gc,phases      ] GC(21) Phase 2: Prepare compaction 2.238ms
[86.478s][info][gc,phases,start] GC(21) Phase 3: Adjust pointers
[86.484s][info][gc,phases      ] GC(21) Phase 3: Adjust pointers 6.084ms
[86.484s][info][gc,phases,start] GC(21) Phase 4: Compact heap
[86.486s][info][gc,phases      ] GC(21) Phase 4: Compact heap 2.067ms
[86.486s][info][gc,phases,start] GC(21) Phase 5: Reset Metadata
[86.491s][info][gc,phases      ] GC(21) Phase 5: Reset Metadata 4.300ms
[86.497s][info][gc,heap        ] GC(21) Eden regions: 111->0(332)
[86.497s][info][gc,heap        ] GC(21) Survivor regions: 27->0(32)
[86.497s][info][gc,heap        ] GC(21) Old regions: 519->35
[86.497s][info][gc,heap        ] GC(21) Humongous regions: 331->66
[86.497s][info][gc,metaspace   ] GC(21) Metaspace: 27371K(27584K)->27350K(27584K) NonClass: 22544K(22656K)->22529K(22656K) Class: 4826K(4928K)->4820K(4928K)
[86.497s][info][gc             ] GC(21) Pause Full (System.gc()) 1967M->193M(4096M) 37.742ms
[86.497s][info][gc,cpu         ] GC(21) User=0.18s Sys=0.00s Real=0.04s
(init[87.257s][info][gc,start       ] GC(22) Pause Young (Normal) (G1 Evacuation Pause)
[87.257s][info][gc,task        ] GC(22) Using 6 workers of 6 for evacuation
[87.418s][info][gc,phases      ] GC(22)   Pre Evacuate Collection Set: 0.33ms
[87.418s][info][gc,phases      ] GC(22)   Merge Heap Roots: 0.27ms
[87.418s][info][gc,phases      ] GC(22)   Evacuate Collection Set: 159.85ms
[87.418s][info][gc,phases      ] GC(22)   Post Evacuate Collection Set: 0.46ms
[87.418s][info][gc,phases      ] GC(22)   Other: 0.07ms
[87.418s][info][gc,heap        ] GC(22) Eden regions: 311->0(243)
[87.418s][info][gc,heap        ] GC(22) Survivor regions: 0->39(39)
[87.418s][info][gc,heap        ] GC(22) Old regions: 35->107
[87.418s][info][gc,heap        ] GC(22) Humongous regions: 107->106
[87.418s][info][gc,metaspace   ] GC(22) Metaspace: 27443K(27712K)->27443K(27712K) NonClass: 22614K(22784K)->22614K(22784K) Class: 4829K(4928K)->4829K(4928K)
[87.418s][info][gc             ] GC(22) Pause Young (Normal) (G1 Evacuation Pause) 897M->495M(4096M) 161.114ms
[87.418s][info][gc,cpu         ] GC(22) User=0.93s Sys=0.02s Real=0.16s
[87.942s][info][gc,start       ] GC(23) Pause Young (Normal) (G1 Evacuation Pause)
[87.942s][info][gc,task        ] GC(23) Using 6 workers of 6 for evacuation
[88.105s][info][gc,phases      ] GC(23)   Pre Evacuate Collection Set: 0.32ms
[88.105s][info][gc,phases      ] GC(23)   Merge Heap Roots: 0.39ms
[88.105s][info][gc,phases      ] GC(23)   Evacuate Collection Set: 161.08ms
[88.105s][info][gc,phases      ] GC(23)   Post Evacuate Collection Set: 0.41ms
[88.105s][info][gc,phases      ] GC(23)   Other: 0.06ms
[88.105s][info][gc,heap        ] GC(23) Eden regions: 216->0(232)
[88.105s][info][gc,heap        ] GC(23) Survivor regions: 39->32(32)
[88.105s][info][gc,heap        ] GC(23) Old regions: 107->194
[88.105s][info][gc,heap        ] GC(23) Humongous regions: 129->128
[88.105s][info][gc,metaspace   ] GC(23) Metaspace: 27461K(27712K)->27461K(27712K) NonClass: 22629K(22784K)->22629K(22784K) Class: 4831K(4928K)->4831K(4928K)
[88.105s][info][gc             ] GC(23) Pause Young (Normal) (G1 Evacuation Pause) 973M->699M(4096M) 162.385ms
[88.105s][info][gc,cpu         ] GC(23) User=0.89s Sys=0.00s Real=0.16s
[88.606s][info][gc,start       ] GC(24) Pause Young (Normal) (G1 Evacuation Pause)
[88.606s][info][gc,task        ] GC(24) Using 6 workers of 6 for evacuation
[88.748s][info][gc,phases      ] GC(24)   Pre Evacuate Collection Set: 0.34ms
[88.748s][info][gc,phases      ] GC(24)   Merge Heap Roots: 0.34ms
[88.748s][info][gc,phases      ] GC(24)   Evacuate Collection Set: 140.53ms
[88.748s][info][gc,phases      ] GC(24)   Post Evacuate Collection Set: 0.43ms
[88.748s][info][gc,phases      ] GC(24)   Other: 0.06ms
[88.748s][info][gc,heap        ] GC(24) Eden regions: 226->0(220)
[88.748s][info][gc,heap        ] GC(24) Survivor regions: 32->33(33)
[88.748s][info][gc,heap        ] GC(24) Old regions: 194->312
[88.748s][info][gc,heap        ] GC(24) Humongous regions: 161->159
[88.748s][info][gc,metaspace   ] GC(24) Metaspace: 27472K(27712K)->27472K(27712K) NonClass: 22640K(22784K)->22640K(22784K) Class: 4832K(4928K)->4832K(4928K)
[88.748s][info][gc             ] GC(24) Pause Young (Normal) (G1 Evacuation Pause) 1217M->999M(4096M) 141.855ms
[88.748s][info][gc,cpu         ] GC(24) User=0.84s Sys=0.00s Real=0.14s
) ...
    91s:       rampup IR =      0 ... (rIR:aIR:PR = 0:0:0) (tPR = 0) [OK] 
    94s:       rampup IR =     10 ... (rIR:aIR:PR = 10:11:11) (tPR = 294) [OK] 
    97s:       rampup IR =     20 ... (rIR:aIR:PR = 20:19:19) (tPR = 696) [OK] 
   100s:       rampup IR =     30 .... (rIR:aIR:PR = 30:32:32) (tPR = 891) [OK] 
   104s:       rampup IR =     40 [105.541s][info][gc,start       ] GC(25) Pause Young (Normal) (G1 Evacuation Pause)
[105.541s][info][gc,task        ] GC(25) Using 6 workers of 6 for evacuation
[105.700s][info][gc,phases      ] GC(25)   Pre Evacuate Collection Set: 0.34ms
[105.700s][info][gc,phases      ] GC(25)   Merge Heap Roots: 0.34ms
[105.700s][info][gc,phases      ] GC(25)   Evacuate Collection Set: 158.00ms
[105.700s][info][gc,phases      ] GC(25)   Post Evacuate Collection Set: 0.38ms
[105.700s][info][gc,phases      ] GC(25)   Other: 0.06ms
[105.700s][info][gc,heap        ] GC(25) Eden regions: 243->0(195)
[105.700s][info][gc,heap        ] GC(25) Survivor regions: 33->35(35)
[105.700s][info][gc,heap        ] GC(25) Old regions: 312->491
[105.700s][info][gc,heap        ] GC(25) Humongous regions: 159->159
[105.700s][info][gc,metaspace   ] GC(25) Metaspace: 27534K(27712K)->27534K(27712K) NonClass: 22702K(22784K)->22702K(22784K) Class: 4832K(4928K)->4832K(4928K)
[105.700s][info][gc             ] GC(25) Pause Young (Normal) (G1 Evacuation Pause) 1485M->1360M(4096M) 159.256ms
[105.700s][info][gc,cpu         ] GC(25) User=0.94s Sys=0.00s Real=0.16s
.... (rIR:aIR:PR = 40:39:39) (tPR = 983) [OK] 
   108s:       rampup IR =     50 .... (rIR:aIR:PR = 50:53:53) (tPR = 1148) [OK] 
   112s:       rampup IR =     60 .... (rIR:aIR:PR = 60:58:56) (tPR = 1473) [OK] 
   116s:       rampup IR =     70 .... (rIR:aIR:PR = 70:75:74) (tPR = 1429) [OK] 
   120s:       rampup IR =     80 .... (rIR:aIR:PR = 80:83:81) (tPR = 1734) [OK] 
   124s:       rampup IR =     90 .... (rIR:aIR:PR = 90:93:92) (tPR = 1889) [OK] 
   128s:       rampup IR =    100 .... (rIR:aIR:PR = 100:102:100) (tPR = 2351) [OK] 
   132s:       trying IR =    200 .... (rIR:aIR:PR = 200:202:196) (tPR = 3806) [OK] 
   136s:       trying IR =    220 .... (rIR:aIR:PR = 220:217:212) (tPR = 3972) [OK] 
   140s:       trying IR =    244 [141.525s][info][gc,start       ] GC(26) Pause Young (Normal) (G1 Evacuation Pause)
[141.525s][info][gc,task        ] GC(26) Using 6 workers of 6 for evacuation
[141.574s][info][gc,phases      ] GC(26)   Pre Evacuate Collection Set: 0.36ms
[141.574s][info][gc,phases      ] GC(26)   Merge Heap Roots: 0.54ms
[141.574s][info][gc,phases      ] GC(26)   Evacuate Collection Set: 47.68ms
[141.574s][info][gc,phases      ] GC(26)   Post Evacuate Collection Set: 0.51ms
[141.574s][info][gc,phases      ] GC(26)   Other: 0.07ms
[141.574s][info][gc,heap        ] GC(26) Eden regions: 195->0(304)
[141.574s][info][gc,heap        ] GC(26) Survivor regions: 35->18(29)
[141.574s][info][gc,heap        ] GC(26) Old regions: 491->525
[141.574s][info][gc,heap        ] GC(26) Humongous regions: 159->159
[141.574s][info][gc,metaspace   ] GC(26) Metaspace: 27680K(27968K)->27680K(27968K) NonClass: 22840K(22976K)->22840K(22976K) Class: 4839K(4992K)->4839K(4992K)
[141.574s][info][gc             ] GC(26) Pause Young (Normal) (G1 Evacuation Pause) 1750M->1394M(4096M) 49.327ms
[141.574s][info][gc,cpu         ] GC(26) User=0.29s Sys=0.01s Real=0.05s
.... (rIR:aIR:PR = 244:241:237) (tPR = 4208) [OK] 
   144s:       trying IR =    273 .... (rIR:aIR:PR = 273:268:262) (tPR = 4675) [OK] 
   148s:       trying IR =    307 .... (rIR:aIR:PR = 307:303:298) (tPR = 6217) [OK] 
   152s:       trying IR =    349 ..[155.813s][info][gc,start       ] GC(27) Pause Young (Normal) (G1 Evacuation Pause)
[155.813s][info][gc,task        ] GC(27) Using 6 workers of 6 for evacuation
[155.855s][info][gc,phases      ] GC(27)   Pre Evacuate Collection Set: 0.40ms
[155.855s][info][gc,phases      ] GC(27)   Merge Heap Roots: 0.54ms
[155.855s][info][gc,phases      ] GC(27)   Evacuate Collection Set: 39.98ms
[155.855s][info][gc,phases      ] GC(27)   Post Evacuate Collection Set: 0.50ms
[155.855s][info][gc,phases      ] GC(27)   Other: 0.06ms
[155.855s][info][gc,heap        ] GC(27) Eden regions: 296->0(355)
[155.855s][info][gc,heap        ] GC(27) Survivor regions: 18->35(40)
[155.855s][info][gc,heap        ] GC(27) Old regions: 525->525
[155.855s][info][gc,heap        ] GC(27) Humongous regions: 159->159
[155.855s][info][gc,metaspace   ] GC(27) Metaspace: 27752K(28032K)->27752K(28032K) NonClass: 22913K(23040K)->22913K(23040K) Class: 4839K(4992K)->4839K(4992K)
[155.855s][info][gc             ] GC(27) Pause Young (Normal) (G1 Evacuation Pause) 1986M->1428M(4096M) 41.630ms
[155.855s][info][gc,cpu         ] GC(27) User=0.24s Sys=0.01s Real=0.04s
.. (rIR:aIR:PR = 349:352:345) (tPR = 6894) [OK] 
   156s:       trying IR =    399 .... (rIR:aIR:PR = 399:408:400) (tPR = 7627) [OK] 
   160s:       trying IR =    458 ....[165.816s][info][gc,start       ] GC(28) Pause Young (Normal) (G1 Evacuation Pause)
[165.816s][info][gc,task        ] GC(28) Using 6 workers of 6 for evacuation
[165.872s][info][gc,phases      ] GC(28)   Pre Evacuate Collection Set: 0.35ms
[165.872s][info][gc,phases      ] GC(28)   Merge Heap Roots: 0.48ms
[165.872s][info][gc,phases      ] GC(28)   Evacuate Collection Set: 54.76ms
[165.872s][info][gc,phases      ] GC(28)   Post Evacuate Collection Set: 0.46ms
[165.872s][info][gc,phases      ] GC(28)   Other: 0.07ms
[165.872s][info][gc,heap        ] GC(28) Eden regions: 346->0(402)
[165.872s][info][gc,heap        ] GC(28) Survivor regions: 35->38(48)
[165.872s][info][gc,heap        ] GC(28) Old regions: 525->541
[165.872s][info][gc,heap        ] GC(28) Humongous regions: 159->159
[165.872s][info][gc,metaspace   ] GC(28) Metaspace: 27795K(28032K)->27795K(28032K) NonClass: 22953K(23040K)->22953K(23040K) Class: 4841K(4992K)->4841K(4992K)
[165.872s][info][gc             ] GC(28) Pause Young (Normal) (G1 Evacuation Pause) 2120M->1466M(4096M) 56.255ms
[165.872s][info][gc,cpu         ] GC(28) User=0.32s Sys=0.01s Real=0.05s
. (rIR:aIR:PR = 458:461:453) (tPR = 8522) [OK] 
   165s:       trying IR =    530 .... (rIR:aIR:PR = 530:522:511) (tPR = 8874) [OK] 
   169s:       trying IR =    616 .... (rIR:aIR:PR = 616:620:608) (tPR = 11574) [OK] 
   173s:       trying IR =    719 [174.488s][info][gc,start       ] GC(29) Pause Young (Normal) (G1 Evacuation Pause)
[174.488s][info][gc,task        ] GC(29) Using 6 workers of 6 for evacuation
[174.546s][info][gc,phases      ] GC(29)   Pre Evacuate Collection Set: 0.41ms
[174.546s][info][gc,phases      ] GC(29)   Merge Heap Roots: 0.41ms
[174.546s][info][gc,phases      ] GC(29)   Evacuate Collection Set: 56.33ms
[174.546s][info][gc,phases      ] GC(29)   Post Evacuate Collection Set: 0.54ms
[174.546s][info][gc,phases      ] GC(29)   Other: 0.08ms
[174.546s][info][gc,heap        ] GC(29) Eden regions: 414->0(460)
[174.546s][info][gc,heap        ] GC(29) Survivor regions: 38->42(57)
[174.546s][info][gc,heap        ] GC(29) Old regions: 541->558
[174.546s][info][gc,heap        ] GC(29) Humongous regions: 159->159
[174.546s][info][gc,metaspace   ] GC(29) Metaspace: 27839K(28160K)->27839K(28160K) NonClass: 22996K(23168K)->22996K(23168K) Class: 4842K(4992K)->4842K(4992K)
[174.546s][info][gc             ] GC(29) Pause Young (Normal) (G1 Evacuation Pause) 2294M->1508M(4096M) 57.910ms
[174.546s][info][gc,cpu         ] GC(29) User=0.33s Sys=0.01s Real=0.06s
.... (rIR:aIR:PR = 719:713:699) (tPR = 13089) [OK] 
   177s:       trying IR =    843 ...[181.556s][info][gc,start       ] GC(30) Pause Young (Normal) (G1 Evacuation Pause)
[181.556s][info][gc,task        ] GC(30) Using 6 workers of 6 for evacuation
[181.616s][info][gc,phases      ] GC(30)   Pre Evacuate Collection Set: 0.40ms
[181.616s][info][gc,phases      ] GC(30)   Merge Heap Roots: 0.40ms
[181.616s][info][gc,phases      ] GC(30)   Evacuate Collection Set: 58.72ms
[181.616s][info][gc,phases      ] GC(30)   Post Evacuate Collection Set: 0.54ms
[181.616s][info][gc,phases      ] GC(30)   Other: 0.09ms
[181.616s][info][gc,heap        ] GC(30) Eden regions: 476->0(526)
[181.616s][info][gc,heap        ] GC(30) Survivor regions: 42->46(65)
[181.616s][info][gc,heap        ] GC(30) Old regions: 558->575
[181.616s][info][gc,heap        ] GC(30) Humongous regions: 159->159
[181.616s][info][gc,metaspace   ] GC(30) Metaspace: 27904K(28160K)->27904K(28160K) NonClass: 23059K(23168K)->23059K(23168K) Class: 4844K(4992K)->4844K(4992K)
[181.616s][info][gc             ] GC(30) Pause Young (Normal) (G1 Evacuation Pause) 2460M->1551M(4096M) 60.279ms
[181.616s][info][gc,cpu         ] GC(30) User=0.34s Sys=0.02s Real=0.06s
.. (rIR:aIR:PR = 843:843:825) (tPR = 14629) [OK] 
   182s:       trying IR =    992 .... (rIR:aIR:PR = 992:1004:982) (tPR = 16442) [OK] 
   186s:       trying IR =   1170 .[188.226s][info][gc,start       ] GC(31) Pause Young (Normal) (G1 Evacuation Pause)
[188.226s][info][gc,task        ] GC(31) Using 6 workers of 6 for evacuation
[188.293s][info][gc,phases      ] GC(31)   Pre Evacuate Collection Set: 0.39ms
[188.293s][info][gc,phases      ] GC(31)   Merge Heap Roots: 0.32ms
[188.293s][info][gc,phases      ] GC(31)   Evacuate Collection Set: 66.14ms
[188.293s][info][gc,phases      ] GC(31)   Post Evacuate Collection Set: 0.47ms
[188.293s][info][gc,phases      ] GC(31)   Other: 0.08ms
[188.293s][info][gc,heap        ] GC(31) Eden regions: 542->0(580)
[188.293s][info][gc,heap        ] GC(31) Survivor regions: 46->53(74)
[188.293s][info][gc,heap        ] GC(31) Old regions: 575->595
[188.293s][info][gc,heap        ] GC(31) Humongous regions: 159->159
[188.293s][info][gc,metaspace   ] GC(31) Metaspace: 27937K(28224K)->27937K(28224K) NonClass: 23093K(23232K)->23093K(23232K) Class: 4844K(4992K)->4844K(4992K)
[188.293s][info][gc             ] GC(31) Pause Young (Normal) (G1 Evacuation Pause) 2635M->1603M(4096M) 67.520ms
[188.293s][info][gc,cpu         ] GC(31) User=0.38s Sys=0.02s Real=0.07s
... (rIR:aIR:PR = 1170:1176:1151) (tPR = 19342) [OK] 
   190s:       trying IR =   1384 ..[193.698s][info][gc,start       ] GC(32) Pause Young (Normal) (G1 Evacuation Pause)
[193.698s][info][gc,task        ] GC(32) Using 6 workers of 6 for evacuation
[193.772s][info][gc,phases      ] GC(32)   Pre Evacuate Collection Set: 0.36ms
[193.772s][info][gc,phases      ] GC(32)   Merge Heap Roots: 0.34ms
[193.772s][info][gc,phases      ] GC(32)   Evacuate Collection Set: 72.49ms
[193.772s][info][gc,phases      ] GC(32)   Post Evacuate Collection Set: 0.61ms
[193.772s][info][gc,phases      ] GC(32)   Other: 0.07ms
[193.772s][info][gc,heap        ] GC(32) Eden regions: 594->0(634)
[193.772s][info][gc,heap        ] GC(32) Survivor regions: 53->59(81)
[193.772s][info][gc,heap        ] GC(32) Old regions: 595->615
[193.772s][info][gc,heap        ] GC(32) Humongous regions: 159->159
[193.772s][info][gc,metaspace   ] GC(32) Metaspace: 28031K(28352K)->28031K(28352K) NonClass: 23170K(23296K)->23170K(23296K) Class: 4860K(5056K)->4860K(5056K)
[193.772s][info][gc             ] GC(32) Pause Young (Normal) (G1 Evacuation Pause) 2791M->1657M(4096M) 74.023ms
[193.772s][info][gc,cpu         ] GC(32) User=0.42s Sys=0.02s Real=0.07s
.. (rIR:aIR:PR = 1384:1373:1340) (tPR = 23595) [OK] 
   194s:       trying IR =   1641 ...[198.654s][info][gc,start       ] GC(33) Pause Young (Normal) (G1 Evacuation Pause)
[198.654s][info][gc,task        ] GC(33) Using 6 workers of 6 for evacuation
[198.734s][info][gc,phases      ] GC(33)   Pre Evacuate Collection Set: 0.37ms
[198.734s][info][gc,phases      ] GC(33)   Merge Heap Roots: 0.35ms
[198.734s][info][gc,phases      ] GC(33)   Evacuate Collection Set: 78.42ms
[198.734s][info][gc,phases      ] GC(33)   Post Evacuate Collection Set: 0.65ms
[198.734s][info][gc,phases      ] GC(33)   Other: 0.08ms
[198.734s][info][gc,heap        ] GC(33) Eden regions: 644->0(688)
[198.734s][info][gc,heap        ] GC(33) Survivor regions: 59->62(88)
[198.734s][info][gc,heap        ] GC(33) Old regions: 615->640
[198.734s][info][gc,heap        ] GC(33) Humongous regions: 161->161
[198.734s][info][gc,metaspace   ] GC(33) Metaspace: 28051K(28416K)->28051K(28416K) NonClass: 23191K(23360K)->23191K(23360K) Class: 4860K(5056K)->4860K(5056K)
[198.734s][info][gc             ] GC(33) Pause Young (Normal) (G1 Evacuation Pause) 2949M->1715M(4096M) 79.994ms
[198.734s][info][gc,cpu         ] GC(33) User=0.45s Sys=0.02s Real=0.08s
. (rIR:aIR:PR = 1641:1637:1637) (tPR = 26986) [OK] 
   198s:       trying IR =   1949 .... (rIR:aIR:PR = 1949:1917:1917) (tPR = 30923) [OK] 
   202s:       trying IR =   2319 [203.075s][info][gc,start       ] GC(34) Pause Young (Normal) (G1 Evacuation Pause)
[203.075s][info][gc,task        ] GC(34) Using 6 workers of 6 for evacuation
[203.159s][info][gc,phases      ] GC(34)   Pre Evacuate Collection Set: 0.37ms
[203.159s][info][gc,phases      ] GC(34)   Merge Heap Roots: 0.35ms
[203.159s][info][gc,phases      ] GC(34)   Evacuate Collection Set: 82.40ms
[203.159s][info][gc,phases      ] GC(34)   Post Evacuate Collection Set: 0.76ms
[203.159s][info][gc,phases      ] GC(34)   Other: 0.09ms
[203.159s][info][gc,heap        ] GC(34) Eden regions: 691->0(733)
[203.159s][info][gc,heap        ] GC(34) Survivor regions: 62->68(95)
[203.159s][info][gc,heap        ] GC(34) Old regions: 640->665
[203.159s][info][gc,heap        ] GC(34) Humongous regions: 161->161
[203.159s][info][gc,metaspace   ] GC(34) Metaspace: 28091K(28416K)->28091K(28416K) NonClass: 23231K(23360K)->23231K(23360K) Class: 4860K(5056K)->4860K(5056K)
[203.159s][info][gc             ] GC(34) Pause Young (Normal) (G1 Evacuation Pause) 3097M->1778M(4096M) 84.100ms
[203.159s][info][gc,cpu         ] GC(34) User=0.48s Sys=0.01s Real=0.08s
.... (rIR:aIR:PR = 2319:2284:2284) (tPR = 37170) [OK] 
   206s:       trying IR =   2762 [207.140s][info][gc,start       ] GC(35) Pause Young (Normal) (G1 Evacuation Pause)
[207.140s][info][gc,task        ] GC(35) Using 6 workers of 6 for evacuation
[207.230s][info][gc,phases      ] GC(35)   Pre Evacuate Collection Set: 0.40ms
[207.230s][info][gc,phases      ] GC(35)   Merge Heap Roots: 0.33ms
[207.230s][info][gc,phases      ] GC(35)   Evacuate Collection Set: 87.69ms
[207.230s][info][gc,phases      ] GC(35)   Post Evacuate Collection Set: 0.76ms
[207.230s][info][gc,phases      ] GC(35)   Other: 0.08ms
[207.230s][info][gc,heap        ] GC(35) Eden regions: 737->0(778)
[207.230s][info][gc,heap        ] GC(35) Survivor regions: 68->74(101)
[207.230s][info][gc,heap        ] GC(35) Old regions: 665->691
[207.230s][info][gc,heap        ] GC(35) Humongous regions: 161->161
[207.230s][info][gc,metaspace   ] GC(35) Metaspace: 28128K(28416K)->28128K(28416K) NonClass: 23267K(23360K)->23267K(23360K) Class: 4860K(5056K)->4860K(5056K)
[207.230s][info][gc             ] GC(35) Pause Young (Normal) (G1 Evacuation Pause) 3252M->1842M(4096M) 89.380ms
[207.230s][info][gc,cpu         ] GC(35) User=0.51s Sys=0.01s Real=0.09s
.... (rIR:aIR:PR = 2762:2784:2784) (tPR = 46235) [OK] 
   210s:       trying IR =   3295 [211.067s][info][gc,start       ] GC(36) Pause Young (Normal) (G1 Evacuation Pause)
[211.067s][info][gc,task        ] GC(36) Using 6 workers of 6 for evacuation
[211.170s][info][gc,phases      ] GC(36)   Pre Evacuate Collection Set: 0.37ms
[211.170s][info][gc,phases      ] GC(36)   Merge Heap Roots: 0.43ms
[211.170s][info][gc,phases      ] GC(36)   Evacuate Collection Set: 100.84ms
[211.170s][info][gc,phases      ] GC(36)   Post Evacuate Collection Set: 0.83ms
[211.170s][info][gc,phases      ] GC(36)   Other: 0.09ms
[211.170s][info][gc,heap        ] GC(36) Eden regions: 781->0(788)
[211.170s][info][gc,heap        ] GC(36) Survivor regions: 74->80(107)
[211.170s][info][gc,heap        ] GC(36) Old regions: 691->720
[211.170s][info][gc,heap        ] GC(36) Humongous regions: 161->161
[211.170s][info][gc,metaspace   ] GC(36) Metaspace: 28236K(28544K)->28236K(28544K) NonClass: 23367K(23488K)->23367K(23488K) Class: 4868K(5056K)->4868K(5056K)
[211.170s][info][gc             ] GC(36) Pause Young (Normal) (G1 Evacuation Pause) 3404M->1911M(4096M) 102.684ms
[211.170s][info][gc,cpu         ] GC(36) User=0.58s Sys=0.01s Real=0.10s
...[214.679s][info][gc,start       ] GC(37) Pause Young (Normal) (G1 Evacuation Pause)
[214.679s][info][gc,task        ] GC(37) Using 6 workers of 6 for evacuation
[214.777s][info][gc,phases      ] GC(37)   Pre Evacuate Collection Set: 0.34ms
[214.777s][info][gc,phases      ] GC(37)   Merge Heap Roots: 0.45ms
[214.777s][info][gc,phases      ] GC(37)   Evacuate Collection Set: 96.95ms
[214.777s][info][gc,phases      ] GC(37)   Post Evacuate Collection Set: 0.79ms
[214.777s][info][gc,phases      ] GC(37)   Other: 0.09ms
[214.777s][info][gc,heap        ] GC(37) Eden regions: 788->0(795)
[214.777s][info][gc,heap        ] GC(37) Survivor regions: 80->84(109)
[214.777s][info][gc,heap        ] GC(37) Old regions: 720->748
[214.777s][info][gc,heap        ] GC(37) Humongous regions: 161->161
[214.777s][info][gc,metaspace   ] GC(37) Metaspace: 28511K(28800K)->28511K(28800K) NonClass: 23629K(23744K)->23629K(23744K) Class: 4882K(5056K)->4882K(5056K)
[214.777s][info][gc             ] GC(37) Pause Young (Normal) (G1 Evacuation Pause) 3487M->1977M(4096M) 98.760ms
[214.777s][info][gc,cpu         ] GC(37) User=0.57s Sys=0.02s Real=0.10s
. (rIR:aIR:PR = 3295:3264:3264) (tPR = 50482) [OK] 
   214s:       trying IR =   3934 ..[217.897s][info][gc,start       ] GC(38) Pause Young (Normal) (G1 Evacuation Pause)
[217.897s][info][gc,task        ] GC(38) Using 6 workers of 6 for evacuation
[218.002s][info][gc,phases      ] GC(38)   Pre Evacuate Collection Set: 0.38ms
[218.002s][info][gc,phases      ] GC(38)   Merge Heap Roots: 0.38ms
[218.002s][info][gc,phases      ] GC(38)   Evacuate Collection Set: 102.83ms
[218.002s][info][gc,phases      ] GC(38)   Post Evacuate Collection Set: 0.74ms
[218.002s][info][gc,phases      ] GC(38)   Other: 0.07ms
[218.002s][info][gc,heap        ] GC(38) Eden regions: 795->0(793)
[218.002s][info][gc,heap        ] GC(38) Survivor regions: 84->88(110)
[218.002s][info][gc,heap        ] GC(38) Old regions: 748->778
[218.002s][info][gc,heap        ] GC(38) Humongous regions: 161->161
[218.002s][info][gc,metaspace   ] GC(38) Metaspace: 28597K(28928K)->28597K(28928K) NonClass: 23715K(23872K)->23715K(23872K) Class: 4882K(5056K)->4882K(5056K)
[218.002s][info][gc             ] GC(38) Pause Young (Normal) (G1 Evacuation Pause) 3567M->2045M(4096M) 104.525ms
[218.002s][info][gc,cpu         ] GC(38) User=0.61s Sys=0.01s Real=0.10s
.. (rIR:aIR:PR = 3934:3891:3882) (tPR = 59783) [OK] 
   218s:       trying IR =   4701 .[220.791s][info][gc,start       ] GC(39) Pause Young (Concurrent Start) (G1 Evacuation Pause)
[220.791s][info][gc,task        ] GC(39) Using 6 workers of 6 for evacuation
[220.898s][info][gc,phases      ] GC(39)   Pre Evacuate Collection Set: 0.42ms
[220.898s][info][gc,phases      ] GC(39)   Merge Heap Roots: 0.40ms
[220.898s][info][gc,phases      ] GC(39)   Evacuate Collection Set: 105.35ms
[220.898s][info][gc,phases      ] GC(39)   Post Evacuate Collection Set: 0.85ms
[220.898s][info][gc,phases      ] GC(39)   Other: 0.10ms
[220.898s][info][gc,heap        ] GC(39) Eden regions: 793->0(785)
[220.898s][info][gc,heap        ] GC(39) Survivor regions: 88->91(111)
[220.898s][info][gc,heap        ] GC(39) Old regions: 778->809
[220.898s][info][gc,heap        ] GC(39) Humongous regions: 161->161
[220.898s][info][gc,metaspace   ] GC(39) Metaspace: 28614K(28928K)->28614K(28928K) NonClass: 23732K(23872K)->23732K(23872K) Class: 4882K(5056K)->4882K(5056K)
[220.898s][info][gc             ] GC(39) Pause Young (Concurrent Start) (G1 Evacuation Pause) 3631M->2112M(4096M) 107.241ms
[220.898s][info][gc             ] GC(40) Concurrent Mark Cycle
[220.898s][info][gc,marking     ] GC(40) Concurrent Scan Root Regions
[220.898s][info][gc,cpu         ] GC(39) User=0.62s Sys=0.01s Real=0.11s
.[221.026s][info][gc,marking     ] GC(40) Concurrent Scan Root Regions 127.613ms
[221.026s][info][gc,marking     ] GC(40) Concurrent Mark
[221.026s][info][gc,marking     ] GC(40) Concurrent Mark From Roots
[221.026s][info][gc,task        ] GC(40) Using 2 workers of 2 for marking
[221.689s][info][gc,marking     ] GC(40) Concurrent Mark From Roots 663.291ms
[221.689s][info][gc,marking     ] GC(40) Concurrent Preclean
[221.689s][info][gc,marking     ] GC(40) Concurrent Preclean 0.089ms
[221.689s][info][gc,start       ] GC(40) Pause Remark
[221.694s][info][gc             ] GC(40) Pause Remark 2646M->2410M(4096M) 4.717ms
[221.694s][info][gc,cpu         ] GC(40) User=0.02s Sys=0.00s Real=0.01s
[221.695s][info][gc,marking     ] GC(40) Concurrent Mark 669.192ms
[221.695s][info][gc,marking     ] GC(40) Concurrent Rebuild Remembered Sets and Scrub Regions
[221.990s][info][gc,marking     ] GC(40) Concurrent Rebuild Remembered Sets and Scrub Regions 294.920ms
[221.992s][info][gc,start       ] GC(40) Pause Cleanup
[221.993s][info][gc             ] GC(40) Pause Cleanup 2580M->2580M(4096M) 0.312ms
[221.993s][info][gc,cpu         ] GC(40) User=0.00s Sys=0.00s Real=0.00s
[221.993s][info][gc,marking     ] GC(40) Concurrent Clear Claimed Marks
[221.993s][info][gc,marking     ] GC(40) Concurrent Clear Claimed Marks 0.037ms
[221.993s][info][gc,marking     ] GC(40) Concurrent Cleanup for Next Mark
[221.996s][info][gc,marking     ] GC(40) Concurrent Cleanup for Next Mark 3.631ms
[221.996s][info][gc             ] GC(40) Concurrent Mark Cycle 1098.340ms
..[223.515s][info][gc,start       ] GC(41) Pause Young (Prepare Mixed) (G1 Evacuation Pause)
[223.516s][info][gc,task        ] GC(41) Using 6 workers of 6 for evacuation
[223.615s][info][gc,phases      ] GC(41)   Pre Evacuate Collection Set: 0.35ms
[223.615s][info][gc,phases      ] GC(41)   Merge Heap Roots: 0.49ms
[223.615s][info][gc,phases      ] GC(41)   Evacuate Collection Set: 97.38ms
[223.615s][info][gc,phases      ] GC(41)   Post Evacuate Collection Set: 0.93ms
[223.615s][info][gc,phases      ] GC(41)   Other: 0.08ms
[223.615s][info][gc,heap        ] GC(41) Eden regions: 785->0(855)
[223.615s][info][gc,heap        ] GC(41) Survivor regions: 91->87(110)
[223.615s][info][gc,heap        ] GC(41) Old regions: 775->806
[223.615s][info][gc,heap        ] GC(41) Humongous regions: 77->77
[223.615s][info][gc,metaspace   ] GC(41) Metaspace: 28615K(28928K)->28615K(28928K) NonClass: 23732K(23872K)->23732K(23872K) Class: 4883K(5056K)->4883K(5056K)
[223.615s][info][gc             ] GC(41) Pause Young (Prepare Mixed) (G1 Evacuation Pause) 3446M->1929M(4096M) 99.364ms
[223.615s][info][gc,cpu         ] GC(41) User=0.59s Sys=0.00s Real=0.10s
. (rIR:aIR:PR = 4701:4739:4739) (tPR = 71866) [OK] 
   223s:       trying IR =   5621 ..[226.051s][info][gc,start       ] GC(42) Pause Young (Mixed) (G1 Evacuation Pause)
[226.051s][info][gc,task        ] GC(42) Using 6 workers of 6 for evacuation
[226.160s][info][gc,phases      ] GC(42)   Pre Evacuate Collection Set: 0.37ms
[226.160s][info][gc,phases      ] GC(42)   Merge Heap Roots: 0.63ms
[226.160s][info][gc,phases      ] GC(42)   Evacuate Collection Set: 107.17ms
[226.160s][info][gc,phases      ] GC(42)   Post Evacuate Collection Set: 1.04ms
[226.160s][info][gc,phases      ] GC(42)   Other: 0.11ms
[226.160s][info][gc,heap        ] GC(42) Eden regions: 831->0(855)
[226.160s][info][gc,heap        ] GC(42) Survivor regions: 87->87(115)
[226.160s][info][gc,heap        ] GC(42) Old regions: 806->785
[226.160s][info][gc,heap        ] GC(42) Humongous regions: 77->77
[226.160s][info][gc,metaspace   ] GC(42) Metaspace: 28634K(28928K)->28634K(28928K) NonClass: 23751K(23872K)->23751K(23872K) Class: 4883K(5056K)->4883K(5056K)
[226.160s][info][gc             ] GC(42) Pause Young (Mixed) (G1 Evacuation Pause) 3591M->1891M(4096M) 109.442ms
[226.160s][info][gc,cpu         ] GC(42) User=0.63s Sys=0.02s Real=0.11s
.. (rIR:aIR:PR = 5621:5641:5641) (tPR = 85136) [OK] 
   227s:       trying IR =   6725 [228.516s][info][gc,start       ] GC(43) Pause Young (Mixed) (G1 Evacuation Pause)
[228.516s][info][gc,task        ] GC(43) Using 6 workers of 6 for evacuation
[228.630s][info][gc,phases      ] GC(43)   Pre Evacuate Collection Set: 0.39ms
[228.630s][info][gc,phases      ] GC(43)   Merge Heap Roots: 0.67ms
[228.630s][info][gc,phases      ] GC(43)   Evacuate Collection Set: 111.31ms
[228.630s][info][gc,phases      ] GC(43)   Merge Optional Heap Roots: 0.03ms
[228.630s][info][gc,phases      ] GC(43)   Evacuate Optional Collection Set: 0.12ms
[228.630s][info][gc,phases      ] GC(43)   Post Evacuate Collection Set: 1.19ms
[228.630s][info][gc,phases      ] GC(43)   Other: 0.11ms
[228.630s][info][gc,heap        ] GC(43) Eden regions: 850->0(875)
[228.630s][info][gc,heap        ] GC(43) Survivor regions: 87->93(118)
[228.630s][info][gc,heap        ] GC(43) Old regions: 785->762
[228.630s][info][gc,heap        ] GC(43) Humongous regions: 77->77
[228.630s][info][gc,metaspace   ] GC(43) Metaspace: 28636K(28928K)->28636K(28928K) NonClass: 23753K(23872K)->23753K(23872K) Class: 4883K(5056K)->4883K(5056K)
[228.630s][info][gc             ] GC(43) Pause Young (Mixed) (G1 Evacuation Pause) 3591M->1856M(4096M) 113.979ms
[228.630s][info][gc,cpu         ] GC(43) User=0.66s Sys=0.01s Real=0.11s
..[230.699s][info][gc,start       ] GC(44) Pause Young (Mixed) (G1 Evacuation Pause)
[230.699s][info][gc,task        ] GC(44) Using 6 workers of 6 for evacuation
[230.819s][info][gc,phases      ] GC(44)   Pre Evacuate Collection Set: 0.38ms
[230.819s][info][gc,phases      ] GC(44)   Merge Heap Roots: 0.75ms
[230.819s][info][gc,phases      ] GC(44)   Evacuate Collection Set: 116.77ms
[230.819s][info][gc,phases      ] GC(44)   Merge Optional Heap Roots: 0.07ms
[230.819s][info][gc,phases      ] GC(44)   Evacuate Optional Collection Set: 0.93ms
[230.819s][info][gc,phases      ] GC(44)   Post Evacuate Collection Set: 1.18ms
[230.820s][info][gc,phases      ] GC(44)   Other: 0.12ms
[230.820s][info][gc,heap        ] GC(44) Eden regions: 875->0(493)
[230.820s][info][gc,heap        ] GC(44) Survivor regions: 93->96(121)
[230.820s][info][gc,heap        ] GC(44) Old regions: 762->726
[230.820s][info][gc,heap        ] GC(44) Humongous regions: 77->77
[230.820s][info][gc,metaspace   ] GC(44) Metaspace: 28664K(28992K)->28664K(28992K) NonClass: 23781K(23936K)->23781K(23936K) Class: 4883K(5056K)->4883K(5056K)
[230.820s][info][gc             ] GC(44) Pause Young (Mixed) (G1 Evacuation Pause) 3606M->1790M(4096M) 120.333ms
[230.820s][info][gc,cpu         ] GC(44) User=0.70s Sys=0.01s Real=0.12s
.. (rIR:aIR:PR = 6725:6685:6685) (tPR = 99958) [OK] 
   231s:       trying IR =   8050 [232.169s][info][gc,start       ] GC(45) Pause Young (Mixed) (G1 Evacuation Pause)
[232.169s][info][gc,task        ] GC(45) Using 6 workers of 6 for evacuation
[232.280s][info][gc,phases      ] GC(45)   Pre Evacuate Collection Set: 0.38ms
[232.280s][info][gc,phases      ] GC(45)   Merge Heap Roots: 0.71ms
[232.280s][info][gc,phases      ] GC(45)   Evacuate Collection Set: 108.41ms
[232.280s][info][gc,phases      ] GC(45)   Post Evacuate Collection Set: 1.04ms
[232.280s][info][gc,phases      ] GC(45)   Other: 0.08ms
[232.280s][info][gc,heap        ] GC(45) Eden regions: 599->0(912)
[232.280s][info][gc,heap        ] GC(45) Survivor regions: 96->43(87)
[232.280s][info][gc,heap        ] GC(45) Old regions: 726->753
[232.280s][info][gc,heap        ] GC(45) Humongous regions: 77->77
[232.280s][info][gc,metaspace   ] GC(45) Metaspace: 28665K(28992K)->28665K(28992K) NonClass: 23782K(23936K)->23782K(23936K) Class: 4883K(5056K)->4883K(5056K)
[232.280s][info][gc             ] GC(45) Pause Young (Mixed) (G1 Evacuation Pause) 2988M->1740M(4096M) 110.756ms
[232.280s][info][gc,cpu         ] GC(45) User=0.66s Sys=0.00s Real=0.11s
..[234.073s][info][gc,start       ] GC(46) Pause Young (Mixed) (G1 Evacuation Pause)
[234.073s][info][gc,task        ] GC(46) Using 6 workers of 6 for evacuation
[234.170s][info][gc,phases      ] GC(46)   Pre Evacuate Collection Set: 0.37ms
[234.170s][info][gc,phases      ] GC(46)   Merge Heap Roots: 0.90ms
[234.170s][info][gc,phases      ] GC(46)   Evacuate Collection Set: 91.53ms
[234.170s][info][gc,phases      ] GC(46)   Merge Optional Heap Roots: 0.10ms
[234.170s][info][gc,phases      ] GC(46)   Evacuate Optional Collection Set: 2.70ms
[234.170s][info][gc,phases      ] GC(46)   Post Evacuate Collection Set: 1.00ms
[234.170s][info][gc,phases      ] GC(46)   Other: 0.12ms
[234.170s][info][gc,heap        ] GC(46) Eden regions: 912->0(940)
[234.170s][info][gc,heap        ] GC(46) Survivor regions: 43->85(120)
[234.170s][info][gc,heap        ] GC(46) Old regions: 753->676
[234.170s][info][gc,heap        ] GC(46) Humongous regions: 77->77
[234.170s][info][gc,metaspace   ] GC(46) Metaspace: 28673K(28992K)->28673K(28992K) NonClass: 23790K(23936K)->23790K(23936K) Class: 4883K(5056K)->4883K(5056K)
[234.170s][info][gc             ] GC(46) Pause Young (Mixed) (G1 Evacuation Pause) 3564M->1670M(4096M) 96.869ms
[234.170s][info][gc,cpu         ] GC(46) User=0.57s Sys=0.00s Real=0.09s
.[235.999s][info][gc,start       ] GC(47) Pause Young (Mixed) (G1 Evacuation Pause)
[235.999s][info][gc,task        ] GC(47) Using 6 workers of 6 for evacuation
[236.129s][info][gc,phases      ] GC(47)   Pre Evacuate Collection Set: 0.41ms
[236.129s][info][gc,phases      ] GC(47)   Merge Heap Roots: 1.07ms
[236.129s][info][gc,phases      ] GC(47)   Evacuate Collection Set: 125.94ms
[236.129s][info][gc,phases      ] GC(47)   Merge Optional Heap Roots: 0.07ms
[236.129s][info][gc,phases      ] GC(47)   Evacuate Optional Collection Set: 1.68ms
[236.129s][info][gc,phases      ] GC(47)   Post Evacuate Collection Set: 1.18ms
[236.129s][info][gc,phases      ] GC(47)   Other: 0.11ms
[236.129s][info][gc,heap        ] GC(47) Eden regions: 940->0(957)
[236.129s][info][gc,heap        ] GC(47) Survivor regions: 85->95(129)
[236.129s][info][gc,heap        ] GC(47) Old regions: 676->637
[236.129s][info][gc,heap        ] GC(47) Humongous regions: 77->77
[236.129s][info][gc,metaspace   ] GC(47) Metaspace: 28673K(28992K)->28673K(28992K) NonClass: 23790K(23936K)->23790K(23936K) Class: 4883K(5056K)->4883K(5056K)
[236.129s][info][gc             ] GC(47) Pause Young (Mixed) (G1 Evacuation Pause) 3550M->1614M(4096M) 130.589ms
[236.129s][info][gc,cpu         ] GC(47) User=0.77s Sys=0.00s Real=0.13s
. (rIR:aIR:PR = 8050:7764:7710) (tPR = 113509) [OK] 
   236s:       trying IR =   9640 .[237.779s][info][gc,start       ] GC(48) Pause Young (Mixed) (G1 Evacuation Pause)
[237.779s][info][gc,task        ] GC(48) Using 6 workers of 6 for evacuation
[237.920s][info][gc,phases      ] GC(48)   Pre Evacuate Collection Set: 0.35ms
[237.920s][info][gc,phases      ] GC(48)   Merge Heap Roots: 1.45ms
[237.920s][info][gc,phases      ] GC(48)   Evacuate Collection Set: 137.74ms
[237.920s][info][gc,phases      ] GC(48)   Post Evacuate Collection Set: 0.88ms
[237.920s][info][gc,phases      ] GC(48)   Other: 0.09ms
[237.920s][info][gc,heap        ] GC(48) Eden regions: 956->0(975)
[237.920s][info][gc,heap        ] GC(48) Survivor regions: 95->100(132)
[237.920s][info][gc,heap        ] GC(48) Old regions: 637->642
[237.920s][info][gc,heap        ] GC(48) Humongous regions: 77->77
[237.920s][info][gc,metaspace   ] GC(48) Metaspace: 28674K(28992K)->28674K(28992K) NonClass: 23791K(23936K)->23791K(23936K) Class: 4883K(5056K)->4883K(5056K)
[237.920s][info][gc             ] GC(48) Pause Young (Mixed) (G1 Evacuation Pause) 3526M->1636M(4096M) 140.653ms
[237.920s][info][gc,cpu         ] GC(48) User=0.83s Sys=0.00s Real=0.14s
..[239.524s][info][gc,start       ] GC(49) Pause Young (Normal) (G1 Evacuation Pause)
[239.524s][info][gc,task        ] GC(49) Using 6 workers of 6 for evacuation
[239.634s][info][gc,phases      ] GC(49)   Pre Evacuate Collection Set: 0.34ms
[239.634s][info][gc,phases      ] GC(49)   Merge Heap Roots: 0.44ms
[239.634s][info][gc,phases      ] GC(49)   Evacuate Collection Set: 108.34ms
[239.634s][info][gc,phases      ] GC(49)   Post Evacuate Collection Set: 0.83ms
[239.634s][info][gc,phases      ] GC(49)   Other: 0.09ms
[239.634s][info][gc,heap        ] GC(49) Eden regions: 975->0(969)
[239.634s][info][gc,heap        ] GC(49) Survivor regions: 100->103(135)
[239.634s][info][gc,heap        ] GC(49) Old regions: 642->672
[239.634s][info][gc,heap        ] GC(49) Humongous regions: 77->77
[239.634s][info][gc,metaspace   ] GC(49) Metaspace: 28675K(28992K)->28675K(28992K) NonClass: 23792K(23936K)->23792K(23936K) Class: 4883K(5056K)->4883K(5056K)
[239.634s][info][gc             ] GC(49) Pause Young (Normal) (G1 Evacuation Pause) 3586M->1702M(4096M) 110.165ms
[239.634s][info][gc,cpu         ] GC(49) User=0.65s Sys=0.00s Real=0.11s
. (rIR:aIR:PR = 9640:9443:9443) (tPR = 140169) [OK] 
   240s:       trying IR =  11548 [241.096s][info][gc,start       ] GC(50) Pause Young (Normal) (G1 Evacuation Pause)
[241.096s][info][gc,task        ] GC(50) Using 6 workers of 6 for evacuation
[241.212s][info][gc,phases      ] GC(50)   Pre Evacuate Collection Set: 0.36ms
[241.212s][info][gc,phases      ] GC(50)   Merge Heap Roots: 0.43ms
[241.212s][info][gc,phases      ] GC(50)   Evacuate Collection Set: 113.32ms
[241.212s][info][gc,phases      ] GC(50)   Post Evacuate Collection Set: 0.92ms
[241.212s][info][gc,phases      ] GC(50)   Other: 0.08ms
[241.212s][info][gc,heap        ] GC(50) Eden regions: 969->0(953)
[241.212s][info][gc,heap        ] GC(50) Survivor regions: 103->106(134)
[241.212s][info][gc,heap        ] GC(50) Old regions: 672->703
[241.212s][info][gc,heap        ] GC(50) Humongous regions: 77->77
[241.212s][info][gc,metaspace   ] GC(50) Metaspace: 28700K(28992K)->28700K(28992K) NonClass: 23816K(23936K)->23816K(23936K) Class: 4883K(5056K)->4883K(5056K)
[241.212s][info][gc             ] GC(50) Pause Young (Normal) (G1 Evacuation Pause) 3640M->1769M(4096M) 115.252ms
[241.212s][info][gc,cpu         ] GC(50) User=0.67s Sys=0.00s Real=0.11s
..[242.512s][info][gc,start       ] GC(51) Pause Young (Normal) (G1 Evacuation Pause)
[242.512s][info][gc,task        ] GC(51) Using 6 workers of 6 for evacuation
[242.629s][info][gc,phases      ] GC(51)   Pre Evacuate Collection Set: 0.33ms
[242.629s][info][gc,phases      ] GC(51)   Merge Heap Roots: 0.48ms
[242.629s][info][gc,phases      ] GC(51)   Evacuate Collection Set: 115.29ms
[242.629s][info][gc,phases      ] GC(51)   Post Evacuate Collection Set: 0.89ms
[242.629s][info][gc,phases      ] GC(51)   Other: 0.08ms
[242.629s][info][gc,heap        ] GC(51) Eden regions: 953->0(919)
[242.629s][info][gc,heap        ] GC(51) Survivor regions: 106->107(133)
[242.629s][info][gc,heap        ] GC(51) Old regions: 703->735
[242.629s][info][gc,heap        ] GC(51) Humongous regions: 77->77
[242.629s][info][gc,metaspace   ] GC(51) Metaspace: 28712K(28992K)->28712K(28992K) NonClass: 23829K(23936K)->23829K(23936K) Class: 4883K(5056K)->4883K(5056K)
[242.629s][info][gc             ] GC(51) Pause Young (Normal) (G1 Evacuation Pause) 3675M->1837M(4096M) 117.194ms
[242.629s][info][gc,cpu         ] GC(51) User=0.70s Sys=0.00s Real=0.12s
.[243.868s][info][gc,start       ] GC(52) Pause Young (Normal) (G1 Evacuation Pause)
[243.868s][info][gc,task        ] GC(52) Using 6 workers of 6 for evacuation
[243.985s][info][gc,phases      ] GC(52)   Pre Evacuate Collection Set: 0.36ms
[243.985s][info][gc,phases      ] GC(52)   Merge Heap Roots: 0.50ms
[243.985s][info][gc,phases      ] GC(52)   Evacuate Collection Set: 115.45ms
[243.985s][info][gc,phases      ] GC(52)   Post Evacuate Collection Set: 0.77ms
[243.985s][info][gc,phases      ] GC(52)   Other: 0.09ms
[243.985s][info][gc,heap        ] GC(52) Eden regions: 919->0(917)
[243.985s][info][gc,heap        ] GC(52) Survivor regions: 107->67(129)
[243.985s][info][gc,heap        ] GC(52) Old regions: 735->808
[243.985s][info][gc,heap        ] GC(52) Humongous regions: 77->77
[243.985s][info][gc,metaspace   ] GC(52) Metaspace: 28712K(28992K)->28712K(28992K) NonClass: 23829K(23936K)->23829K(23936K) Class: 4883K(5056K)->4883K(5056K)
[243.985s][info][gc             ] GC(52) Pause Young (Normal) (G1 Evacuation Pause) 3675M->1902M(4096M) 117.302ms
[243.985s][info][gc,cpu         ] GC(52) User=0.69s Sys=0.00s Real=0.12s
. (rIR:aIR:PR = 11548:11640:11254) (tPR = 164912) [OK] 
   244s:       trying IR =  13837 [245.293s][info][gc,start       ] GC(53) Pause Young (Normal) (G1 Evacuation Pause)
[245.293s][info][gc,task        ] GC(53) Using 6 workers of 6 for evacuation
[245.379s][info][gc,phases      ] GC(53)   Pre Evacuate Collection Set: 0.34ms
[245.379s][info][gc,phases      ] GC(53)   Merge Heap Roots: 0.41ms
[245.379s][info][gc,phases      ] GC(53)   Evacuate Collection Set: 84.85ms
[245.379s][info][gc,phases      ] GC(53)   Post Evacuate Collection Set: 0.74ms
[245.379s][info][gc,phases      ] GC(53)   Other: 0.07ms
[245.379s][info][gc,heap        ] GC(53) Eden regions: 917->0(895)
[245.379s][info][gc,heap        ] GC(53) Survivor regions: 67->60(123)
[245.379s][info][gc,heap        ] GC(53) Old regions: 808->849
[245.379s][info][gc,heap        ] GC(53) Humongous regions: 77->77
[245.379s][info][gc,metaspace   ] GC(53) Metaspace: 28717K(28992K)->28717K(28992K) NonClass: 23833K(23936K)->23833K(23936K) Class: 4883K(5056K)->4883K(5056K)
[245.379s][info][gc             ] GC(53) Pause Young (Normal) (G1 Evacuation Pause) 3736M->1970M(4096M) 86.551ms
[245.379s][info][gc,cpu         ] GC(53) User=0.51s Sys=0.00s Real=0.08s
.[246.559s][info][gc,start       ] GC(54) Pause Young (Concurrent Start) (G1 Evacuation Pause)
[246.559s][info][gc,task        ] GC(54) Using 6 workers of 6 for evacuation
[246.649s][info][gc,phases      ] GC(54)   Pre Evacuate Collection Set: 0.37ms
[246.649s][info][gc,phases      ] GC(54)   Merge Heap Roots: 0.39ms
[246.649s][info][gc,phases      ] GC(54)   Evacuate Collection Set: 88.01ms
[246.649s][info][gc,phases      ] GC(54)   Post Evacuate Collection Set: 0.79ms
[246.649s][info][gc,phases      ] GC(54)   Other: 0.10ms
[246.649s][info][gc,heap        ] GC(54) Eden regions: 895->0(813)
[246.649s][info][gc,heap        ] GC(54) Survivor regions: 60->103(120)
[246.649s][info][gc,heap        ] GC(54) Old regions: 849->849
[246.649s][info][gc,heap        ] GC(54) Humongous regions: 77->77
[246.649s][info][gc,metaspace   ] GC(54) Metaspace: 28717K(28992K)->28717K(28992K) NonClass: 23834K(23936K)->23834K(23936K) Class: 4883K(5056K)->4883K(5056K)
[246.649s][info][gc             ] GC(54) Pause Young (Concurrent Start) (G1 Evacuation Pause) 3760M->2055M(4096M) 89.831ms
[246.649s][info][gc             ] GC(55) Concurrent Mark Cycle
[246.649s][info][gc,marking     ] GC(55) Concurrent Scan Root Regions
[246.649s][info][gc,cpu         ] GC(54) User=0.53s Sys=0.00s Real=0.09s
[246.785s][info][gc,marking     ] GC(55) Concurrent Scan Root Regions 135.862ms
[246.785s][info][gc,marking     ] GC(55) Concurrent Mark
[246.785s][info][gc,marking     ] GC(55) Concurrent Mark From Roots
[246.785s][info][gc,task        ] GC(55) Using 2 workers of 2 for marking
?.[248.310s][info][gc,start       ] GC(56) Pause Young (Normal) (G1 Evacuation Pause)
[248.310s][info][gc,task        ] GC(56) Using 6 workers of 6 for evacuation
[248.416s][info][gc,phases      ] GC(56)   Pre Evacuate Collection Set: 0.30ms
[248.416s][info][gc,phases      ] GC(56)   Merge Heap Roots: 0.39ms
[248.416s][info][gc,phases      ] GC(56)   Evacuate Collection Set: 104.34ms
[248.416s][info][gc,phases      ] GC(56)   Post Evacuate Collection Set: 0.78ms
[248.416s][info][gc,phases      ] GC(56)   Other: 0.09ms
[248.416s][info][gc,heap        ] GC(56) Eden regions: 813->0(840)
[248.416s][info][gc,heap        ] GC(56) Survivor regions: 103->53(115)
[248.416s][info][gc,heap        ] GC(56) Old regions: 849->922
[248.416s][info][gc,heap        ] GC(56) Humongous regions: 77->77
[248.416s][info][gc,metaspace   ] GC(56) Metaspace: 28717K(28992K)->28717K(28992K) NonClass: 23834K(23936K)->23834K(23936K) Class: 4883K(5056K)->4883K(5056K)
[248.416s][info][gc             ] GC(56) Pause Young (Normal) (G1 Evacuation Pause) 3681M->2103M(4096M) 106.029ms
[248.416s][info][gc,cpu         ] GC(56) User=0.63s Sys=0.00s Real=0.11s
[248.515s][info][gc,marking     ] GC(55) Concurrent Mark From Roots 1729.960ms
[248.515s][info][gc,marking     ] GC(55) Concurrent Preclean
[248.515s][info][gc,marking     ] GC(55) Concurrent Preclean 0.247ms
[248.516s][info][gc,start       ] GC(55) Pause Remark
[248.520s][info][gc             ] GC(55) Pause Remark 2219M->2207M(4096M) 3.965ms
[248.520s][info][gc,cpu         ] GC(55) User=0.02s Sys=0.00s Real=0.00s
[248.520s][info][gc,marking     ] GC(55) Concurrent Mark 1735.150ms
[248.520s][info][gc,marking     ] GC(55) Concurrent Rebuild Remembered Sets and Scrub Regions
.[249.319s][info][gc,marking     ] GC(55) Concurrent Rebuild Remembered Sets and Scrub Regions 798.895ms
[249.323s][info][gc,start       ] GC(55) Pause Cleanup
[249.324s][info][gc             ] GC(55) Pause Cleanup 3369M->3369M(4096M) 0.330ms
[249.324s][info][gc,cpu         ] GC(55) User=0.00s Sys=0.00s Real=0.00s
[249.325s][info][gc,marking     ] GC(55) Concurrent Clear Claimed Marks
[249.325s][info][gc,marking     ] GC(55) Concurrent Clear Claimed Marks 0.038ms
[249.325s][info][gc,marking     ] GC(55) Concurrent Cleanup for Next Mark
[249.329s][info][gc,marking     ] GC(55) Concurrent Cleanup for Next Mark 4.454ms
[249.329s][info][gc             ] GC(55) Concurrent Mark Cycle 2679.944ms
[249.576s][info][gc,start       ] GC(57) Pause Young (Prepare Mixed) (G1 Evacuation Pause)
[249.576s][info][gc,task        ] GC(57) Using 6 workers of 6 for evacuation
[249.660s][info][gc,phases      ] GC(57)   Pre Evacuate Collection Set: 0.35ms
[249.660s][info][gc,phases      ] GC(57)   Merge Heap Roots: 0.41ms
[249.660s][info][gc,phases      ] GC(57)   Evacuate Collection Set: 82.22ms
[249.660s][info][gc,phases      ] GC(57)   Post Evacuate Collection Set: 0.82ms
[249.660s][info][gc,phases      ] GC(57)   Other: 0.09ms
[249.660s][info][gc,heap        ] GC(57) Eden regions: 840->0(760)
[249.660s][info][gc,heap        ] GC(57) Survivor regions: 53->96(112)
[249.660s][info][gc,heap        ] GC(57) Old regions: 916->916
[249.660s][info][gc,heap        ] GC(57) Humongous regions: 77->77
[249.660s][info][gc,metaspace   ] GC(57) Metaspace: 28718K(28992K)->28718K(28992K) NonClass: 23835K(23936K)->23835K(23936K) Class: 4883K(5056K)->4883K(5056K)
[249.660s][info][gc             ] GC(57) Pause Young (Prepare Mixed) (G1 Evacuation Pause) 3771M->2177M(4096M) 84.012ms
[249.660s][info][gc,cpu         ] GC(57) User=0.50s Sys=0.00s Real=0.08s
.[250.654s][info][gc,start       ] GC(58) Pause Young (Mixed) (G1 Evacuation Pause)
[250.654s][info][gc,task        ] GC(58) Using 6 workers of 6 for evacuation
[250.762s][info][gc,phases      ] GC(58)   Pre Evacuate Collection Set: 0.41ms
[250.763s][info][gc,phases      ] GC(58)   Merge Heap Roots: 0.50ms
[250.763s][info][gc,phases      ] GC(58)   Evacuate Collection Set: 106.83ms
[250.763s][info][gc,phases      ] GC(58)   Post Evacuate Collection Set: 0.96ms
[250.763s][info][gc,phases      ] GC(58)   Other: 0.10ms
[250.763s][info][gc,heap        ] GC(58) Eden regions: 760->0(950)
[250.763s][info][gc,heap        ] GC(58) Survivor regions: 96->56(107)
[250.763s][info][gc,heap        ] GC(58) Old regions: 916->788
[250.763s][info][gc,heap        ] GC(58) Humongous regions: 77->77
[250.763s][info][gc,metaspace   ] GC(58) Metaspace: 28718K(28992K)->28718K(28992K) NonClass: 23835K(23936K)->23835K(23936K) Class: 4883K(5056K)->4883K(5056K)
[250.763s][info][gc             ] GC(58) Pause Young (Mixed) (G1 Evacuation Pause) 3697M->1839M(4096M) 108.940ms
[250.763s][info][gc,cpu         ] GC(58) User=0.64s Sys=0.00s Real=0.11s
[251.928s][info][gc,start       ] GC(59) Pause Young (Mixed) (G1 Evacuation Pause)
[251.928s][info][gc,task        ] GC(59) Using 6 workers of 6 for evacuation
[252.087s][info][gc,phases      ] GC(59)   Pre Evacuate Collection Set: 0.41ms
[252.087s][info][gc,phases      ] GC(59)   Merge Heap Roots: 0.77ms
[252.087s][info][gc,phases      ] GC(59)   Evacuate Collection Set: 156.78ms
[252.087s][info][gc,phases      ] GC(59)   Post Evacuate Collection Set: 1.08ms
[252.087s][info][gc,phases      ] GC(59)   Other: 0.10ms
[252.087s][info][gc,heap        ] GC(59) Eden regions: 950->0(860)
[252.087s][info][gc,heap        ] GC(59) Survivor regions: 56->104(126)
[252.087s][info][gc,heap        ] GC(59) Old regions: 788->603
[252.087s][info][gc,heap        ] GC(59) Humongous regions: 77->77
[252.087s][info][gc,metaspace   ] GC(59) Metaspace: 28718K(28992K)->28718K(28992K) NonClass: 23835K(23936K)->23835K(23936K) Class: 4883K(5056K)->4883K(5056K)
[252.087s][info][gc             ] GC(59) Pause Young (Mixed) (G1 Evacuation Pause) 3739M->1566M(4096M) 159.267ms
[252.087s][info][gc,cpu         ] GC(59) User=0.70s Sys=0.00s Real=0.16s
.[253.298s][info][gc,start       ] GC(60) Pause Young (Mixed) (G1 Evacuation Pause)
[253.299s][info][gc,task        ] GC(60) Using 6 workers of 6 for evacuation
[253.438s][info][gc,phases      ] GC(60)   Pre Evacuate Collection Set: 0.40ms
[253.438s][info][gc,phases      ] GC(60)   Merge Heap Roots: 0.91ms
[253.438s][info][gc,phases      ] GC(60)   Evacuate Collection Set: 135.27ms
[253.438s][info][gc,phases      ] GC(60)   Merge Optional Heap Roots: 0.07ms
[253.438s][info][gc,phases      ] GC(60)   Evacuate Optional Collection Set: 0.74ms
[253.438s][info][gc,phases      ] GC(60)   Post Evacuate Collection Set: 1.06ms
[253.438s][info][gc,phases      ] GC(60)   Other: 0.83ms
[253.438s][info][gc,heap        ] GC(60) Eden regions: 824->0(1072)
[253.438s][info][gc,heap        ] GC(60) Survivor regions: 104->57(116)
[253.438s][info][gc,heap        ] GC(60) Old regions: 603->635
[253.438s][info][gc,heap        ] GC(60) Humongous regions: 77->77
[253.438s][info][gc,metaspace   ] GC(60) Metaspace: 28719K(28992K)->28719K(28992K) NonClass: 23835K(23936K)->23835K(23936K) Class: 4883K(5056K)->4883K(5056K)
[253.438s][info][gc             ] GC(60) Pause Young (Mixed) (G1 Evacuation Pause) 3214M->1536M(4096M) 139.432ms
[253.438s][info][gc,cpu         ] GC(60) User=0.82s Sys=0.00s Real=0.14s
..[254.875s][info][gc,start       ] GC(61) Pause Young (Mixed) (G1 Evacuation Pause)
[254.875s][info][gc,task        ] GC(61) Using 6 workers of 6 for evacuation
[255.006s][info][gc,phases      ] GC(61)   Pre Evacuate Collection Set: 0.36ms
[255.006s][info][gc,phases      ] GC(61)   Merge Heap Roots: 1.29ms
[255.006s][info][gc,phases      ] GC(61)   Evacuate Collection Set: 129.21ms
[255.006s][info][gc,phases      ] GC(61)   Post Evacuate Collection Set: 0.88ms
[255.006s][info][gc,phases      ] GC(61)   Other: 0.13ms
[255.006s][info][gc,heap        ] GC(61) Eden regions: 1072->0(1018)
[255.006s][info][gc,heap        ] GC(61) Survivor regions: 57->101(142)
[255.006s][info][gc,heap        ] GC(61) Old regions: 635->622
[255.006s][info][gc,heap        ] GC(61) Humongous regions: 77->77
[255.007s][info][gc,metaspace   ] GC(61) Metaspace: 28719K(28992K)->28719K(28992K) NonClass: 23836K(23936K)->23836K(23936K) Class: 4883K(5056K)->4883K(5056K)
[255.007s][info][gc             ] GC(61) Pause Young (Mixed) (G1 Evacuation Pause) 3680M->1598M(4096M) 132.007ms
[255.007s][info][gc,cpu         ] GC(61) User=0.78s Sys=0.00s Real=0.13s
.[256.373s][info][gc,start       ] GC(62) Pause Young (Normal) (G1 Evacuation Pause)
[256.373s][info][gc,task        ] GC(62) Using 6 workers of 6 for evacuation
[256.488s][info][gc,phases      ] GC(62)   Pre Evacuate Collection Set: 0.37ms
[256.488s][info][gc,phases      ] GC(62)   Merge Heap Roots: 0.42ms
[256.488s][info][gc,phases      ] GC(62)   Evacuate Collection Set: 112.69ms
[256.488s][info][gc,phases      ] GC(62)   Post Evacuate Collection Set: 0.93ms
[256.488s][info][gc,phases      ] GC(62)   Other: 0.08ms
[256.488s][info][gc,heap        ] GC(62) Eden regions: 1018->0(996)
[256.488s][info][gc,heap        ] GC(62) Survivor regions: 101->113(140)
[256.488s][info][gc,heap        ] GC(62) Old regions: 622->646
[256.488s][info][gc,heap        ] GC(62) Humongous regions: 77->77
[256.488s][info][gc,metaspace   ] GC(62) Metaspace: 28719K(28992K)->28719K(28992K) NonClass: 23836K(23936K)->23836K(23936K) Class: 4883K(5056K)->4883K(5056K)
[256.488s][info][gc             ] GC(62) Pause Young (Normal) (G1 Evacuation Pause) 3634M->1669M(4096M) 114.622ms
[256.488s][info][gc,cpu         ] GC(62) User=0.67s Sys=0.00s Real=0.11s
.[257.809s][info][gc,start       ] GC(63) Pause Young (Normal) (G1 Evacuation Pause)
[257.809s][info][gc,task        ] GC(63) Using 6 workers of 6 for evacuation
[257.926s][info][gc,phases      ] GC(63)   Pre Evacuate Collection Set: 0.33ms
[257.926s][info][gc,phases      ] GC(63)   Merge Heap Roots: 0.42ms
[257.926s][info][gc,phases      ] GC(63)   Evacuate Collection Set: 115.02ms
[257.926s][info][gc,phases      ] GC(63)   Post Evacuate Collection Set: 0.82ms
[257.926s][info][gc,phases      ] GC(63)   Other: 0.08ms
[257.926s][info][gc,heap        ] GC(63) Eden regions: 996->0(972)
[257.926s][info][gc,heap        ] GC(63) Survivor regions: 113->109(139)
[257.926s][info][gc,heap        ] GC(63) Old regions: 646->678
[257.926s][info][gc,heap        ] GC(63) Humongous regions: 77->77
[257.926s][info][gc,metaspace   ] GC(63) Metaspace: 28719K(28992K)->28719K(28992K) NonClass: 23836K(23936K)->23836K(23936K) Class: 4883K(5056K)->4883K(5056K)
[257.926s][info][gc             ] GC(63) Pause Young (Normal) (G1 Evacuation Pause) 3661M->1726M(4096M) 116.796ms
[257.926s][info][gc,cpu         ] GC(63) User=0.69s Sys=0.00s Real=0.12s
.[258.993s][info][gc,start       ] GC(64) Pause Young (Normal) (G1 Evacuation Pause)
[258.993s][info][gc,task        ] GC(64) Using 6 workers of 6 for evacuation
[259.158s][info][gc,phases      ] GC(64)   Pre Evacuate Collection Set: 0.34ms
[259.158s][info][gc,phases      ] GC(64)   Merge Heap Roots: 0.43ms
[259.158s][info][gc,phases      ] GC(64)   Evacuate Collection Set: 162.46ms
[259.158s][info][gc,phases      ] GC(64)   Post Evacuate Collection Set: 0.82ms
[259.158s][info][gc,phases      ] GC(64)   Other: 0.08ms
[259.158s][info][gc,heap        ] GC(64) Eden regions: 972->0(924)
[259.158s][info][gc,heap        ] GC(64) Survivor regions: 109->117(136)
[259.158s][info][gc,heap        ] GC(64) Old regions: 678->710
[259.158s][info][gc,heap        ] GC(64) Humongous regions: 77->77
[259.158s][info][gc,metaspace   ] GC(64) Metaspace: 28722K(28992K)->28722K(28992K) NonClass: 23839K(23936K)->23839K(23936K) Class: 4883K(5056K)->4883K(5056K)
[259.158s][info][gc             ] GC(64) Pause Young (Normal) (G1 Evacuation Pause) 3670M->1805M(4096M) 164.272ms
[259.158s][info][gc,cpu         ] GC(64) User=0.73s Sys=0.00s Real=0.16s
.[260.265s][info][gc,start       ] GC(65) Pause Young (Normal) (G1 Evacuation Pause)
[260.265s][info][gc,task        ] GC(65) Using 6 workers of 6 for evacuation
[260.391s][info][gc,phases      ] GC(65)   Pre Evacuate Collection Set: 0.33ms
[260.391s][info][gc,phases      ] GC(65)   Merge Heap Roots: 0.43ms
[260.391s][info][gc,phases      ] GC(65)   Evacuate Collection Set: 124.06ms
[260.391s][info][gc,phases      ] GC(65)   Post Evacuate Collection Set: 0.80ms
[260.391s][info][gc,phases      ] GC(65)   Other: 0.08ms
[260.391s][info][gc,heap        ] GC(65) Eden regions: 924->0(934)
[260.391s][info][gc,heap        ] GC(65) Survivor regions: 117->73(131)
[260.391s][info][gc,heap        ] GC(65) Old regions: 710->785
[260.391s][info][gc,heap        ] GC(65) Humongous regions: 77->77
[260.391s][info][gc,metaspace   ] GC(65) Metaspace: 28724K(28992K)->28724K(28992K) NonClass: 23840K(23936K)->23840K(23936K) Class: 4883K(5056K)->4883K(5056K)
[260.391s][info][gc             ] GC(65) Pause Young (Normal) (G1 Evacuation Pause) 3653M->1869M(4096M) 125.836ms
[260.391s][info][gc,cpu         ] GC(65) User=0.74s Sys=0.00s Real=0.12s
.[261.663s][info][gc,start       ] GC(66) Pause Young (Normal) (G1 Evacuation Pause)
[261.663s][info][gc,task        ] GC(66) Using 6 workers of 6 for evacuation
[261.754s][info][gc,phases      ] GC(66)   Pre Evacuate Collection Set: 0.33ms
[261.754s][info][gc,phases      ] GC(66)   Merge Heap Roots: 0.41ms
[261.754s][info][gc,phases      ] GC(66)   Evacuate Collection Set: 88.98ms
[261.754s][info][gc,phases      ] GC(66)   Post Evacuate Collection Set: 0.76ms
[261.754s][info][gc,phases      ] GC(66)   Other: 0.08ms
[261.754s][info][gc,heap        ] GC(66) Eden regions: 934->0(910)
[261.754s][info][gc,heap        ] GC(66) Survivor regions: 73->60(126)
[261.754s][info][gc,heap        ] GC(66) Old regions: 785->830
[261.754s][info][gc,heap        ] GC(66) Humongous regions: 77->77
[261.754s][info][gc,metaspace   ] GC(66) Metaspace: 28728K(28992K)->28728K(28992K) NonClass: 23845K(23936K)->23845K(23936K) Class: 4883K(5056K)->4883K(5056K)
[261.754s][info][gc             ] GC(66) Pause Young (Normal) (G1 Evacuation Pause) 3737M->1933M(4096M) 90.686ms
[261.754s][info][gc,cpu         ] GC(66) User=0.54s Sys=0.00s Real=0.09s
.[262.958s][info][gc,start       ] GC(67) Pause Young (Normal) (G1 Evacuation Pause)
[262.958s][info][gc,task        ] GC(67) Using 6 workers of 6 for evacuation
[263.088s][info][gc,phases      ] GC(67)   Pre Evacuate Collection Set: 0.33ms
[263.088s][info][gc,phases      ] GC(67)   Merge Heap Roots: 0.38ms
[263.088s][info][gc,phases      ] GC(67)   Evacuate Collection Set: 128.52ms
[263.088s][info][gc,phases      ] GC(67)   Post Evacuate Collection Set: 0.78ms
[263.088s][info][gc,phases      ] GC(67)   Other: 0.07ms
[263.088s][info][gc,heap        ] GC(67) Eden regions: 910->0(830)
[263.088s][info][gc,heap        ] GC(67) Survivor regions: 60->104(122)
[263.088s][info][gc,heap        ] GC(67) Old regions: 830->830
[263.088s][info][gc,heap        ] GC(67) Humongous regions: 77->77
[263.088s][info][gc,metaspace   ] GC(67) Metaspace: 28728K(28992K)->28728K(28992K) NonClass: 23845K(23936K)->23845K(23936K) Class: 4883K(5056K)->4883K(5056K)
[263.088s][info][gc             ] GC(67) Pause Young (Normal) (G1 Evacuation Pause) 3753M->2021M(4096M) 130.227ms
[263.088s][info][gc,cpu         ] GC(67) User=0.53s Sys=0.00s Real=0.13s
.[264.181s][info][gc,start       ] GC(68) Pause Young (Normal) (G1 Evacuation Pause)
[264.181s][info][gc,task        ] GC(68) Using 6 workers of 6 for evacuation
[264.288s][info][gc,phases      ] GC(68)   Pre Evacuate Collection Set: 0.34ms
[264.288s][info][gc,phases      ] GC(68)   Merge Heap Roots: 0.40ms
[264.288s][info][gc,phases      ] GC(68)   Evacuate Collection Set: 105.04ms
[264.288s][info][gc,phases      ] GC(68)   Post Evacuate Collection Set: 0.72ms
[264.288s][info][gc,phases      ] GC(68)   Other: 0.07ms
[264.288s][info][gc,heap        ] GC(68) Eden regions: 830->0(846)
[264.288s][info][gc,heap        ] GC(68) Survivor regions: 104->58(117)
[264.288s][info][gc,heap        ] GC(68) Old regions: 830->906
[264.288s][info][gc,heap        ] GC(68) Humongous regions: 77->77
[264.288s][info][gc,metaspace   ] GC(68) Metaspace: 28728K(28992K)->28728K(28992K) NonClass: 23845K(23936K)->23845K(23936K) Class: 4883K(5056K)->4883K(5056K)
[264.288s][info][gc             ] GC(68) Pause Young (Normal) (G1 Evacuation Pause) 3681M->2079M(4096M) 106.706ms
[264.288s][info][gc,cpu         ] GC(68) User=0.63s Sys=0.00s Real=0.11s
.[265.433s][info][gc,start       ] GC(69) Pause Young (Concurrent Start) (G1 Evacuation Pause)
[265.433s][info][gc,task        ] GC(69) Using 6 workers of 6 for evacuation
[265.521s][info][gc,phases      ] GC(69)   Pre Evacuate Collection Set: 0.37ms
[265.521s][info][gc,phases      ] GC(69)   Merge Heap Roots: 0.39ms
[265.521s][info][gc,phases      ] GC(69)   Evacuate Collection Set: 85.64ms
[265.521s][info][gc,phases      ] GC(69)   Post Evacuate Collection Set: 0.68ms
[265.521s][info][gc,phases      ] GC(69)   Other: 0.11ms
[265.521s][info][gc,heap        ] GC(69) Eden regions: 846->0(766)
[265.521s][info][gc,heap        ] GC(69) Survivor regions: 58->98(113)
[265.521s][info][gc,heap        ] GC(69) Old regions: 906->906
[265.521s][info][gc,heap        ] GC(69) Humongous regions: 77->77
[265.521s][info][gc,metaspace   ] GC(69) Metaspace: 28728K(28992K)->28728K(28992K) NonClass: 23845K(23936K)->23845K(23936K) Class: 4883K(5056K)->4883K(5056K)
[265.521s][info][gc             ] GC(69) Pause Young (Concurrent Start) (G1 Evacuation Pause) 3771M->2160M(4096M) 87.310ms
[265.521s][info][gc             ] GC(70) Concurrent Mark Cycle
[265.521s][info][gc,marking     ] GC(70) Concurrent Scan Root Regions
[265.521s][info][gc,cpu         ] GC(69) User=0.52s Sys=0.00s Real=0.08s
[265.638s][info][gc,marking     ] GC(70) Concurrent Scan Root Regions 117.210ms
[265.638s][info][gc,marking     ] GC(70) Concurrent Mark
[265.638s][info][gc,marking     ] GC(70) Concurrent Mark From Roots
[265.638s][info][gc,task        ] GC(70) Using 2 workers of 2 for marking
[266.603s][info][gc,marking     ] GC(70) Concurrent Mark From Roots 964.868ms
[266.603s][info][gc,marking     ] GC(70) Concurrent Preclean
[266.603s][info][gc,marking     ] GC(70) Concurrent Preclean 0.058ms
[266.603s][info][gc,start       ] GC(70) Pause Remark
[266.610s][info][gc             ] GC(70) Pause Remark 3102M->3076M(4096M) 6.857ms
[266.610s][info][gc,cpu         ] GC(70) User=0.03s Sys=0.01s Real=0.00s
[266.610s][info][gc,marking     ] GC(70) Concurrent Mark 972.229ms
[266.610s][info][gc,marking     ] GC(70) Concurrent Rebuild Remembered Sets and Scrub Regions
.[267.094s][info][gc,start       ] GC(71) Pause Young (Normal) (G1 Evacuation Pause)
[267.094s][info][gc,task        ] GC(71) Using 6 workers of 6 for evacuation
[267.203s][info][gc,phases      ] GC(71)   Pre Evacuate Collection Set: 0.31ms
[267.203s][info][gc,phases      ] GC(71)   Merge Heap Roots: 0.40ms
[267.203s][info][gc,phases      ] GC(71)   Evacuate Collection Set: 107.33ms
[267.203s][info][gc,phases      ] GC(71)   Post Evacuate Collection Set: 0.85ms
[267.203s][info][gc,phases      ] GC(71)   Other: 0.09ms
[267.203s][info][gc,heap        ] GC(71) Eden regions: 766->0(784)
[267.203s][info][gc,heap        ] GC(71) Survivor regions: 98->61(108)
[267.203s][info][gc,heap        ] GC(71) Old regions: 893->962
[267.203s][info][gc,heap        ] GC(71) Humongous regions: 77->77
[267.203s][info][gc,metaspace   ] GC(71) Metaspace: 28728K(28992K)->28728K(28992K) NonClass: 23845K(23936K)->23845K(23936K) Class: 4883K(5056K)->4883K(5056K)
[267.203s][info][gc             ] GC(71) Pause Young (Normal) (G1 Evacuation Pause) 3666M->2197M(4096M) 109.128ms
[267.203s][info][gc,cpu         ] GC(71) User=0.64s Sys=0.00s Real=0.11s
[267.387s][info][gc,marking     ] GC(70) Concurrent Rebuild Remembered Sets and Scrub Regions 776.358ms
[267.389s][info][gc,start       ] GC(70) Pause Cleanup
[267.389s][info][gc             ] GC(70) Pause Cleanup 2431M->2431M(4096M) 0.391ms
[267.389s][info][gc,cpu         ] GC(70) User=0.00s Sys=0.00s Real=0.00s
[267.390s][info][gc,marking     ] GC(70) Concurrent Clear Claimed Marks
[267.390s][info][gc,marking     ] GC(70) Concurrent Clear Claimed Marks 0.030ms
[267.390s][info][gc,marking     ] GC(70) Concurrent Cleanup for Next Mark
[267.400s][info][gc,marking     ] GC(70) Concurrent Cleanup for Next Mark 10.867ms
[267.401s][info][gc             ] GC(70) Concurrent Mark Cycle 1879.856ms
.[268.270s][info][gc,start       ] GC(72) Pause Young (Prepare Mixed) (G1 Evacuation Pause)
[268.270s][info][gc,task        ] GC(72) Using 6 workers of 6 for evacuation
[268.357s][info][gc,phases      ] GC(72)   Pre Evacuate Collection Set: 0.32ms
[268.357s][info][gc,phases      ] GC(72)   Merge Heap Roots: 0.45ms
[268.357s][info][gc,phases      ] GC(72)   Evacuate Collection Set: 84.60ms
[268.357s][info][gc,phases      ] GC(72)   Post Evacuate Collection Set: 0.91ms
[268.357s][info][gc,phases      ] GC(72)   Other: 0.09ms
[268.357s][info][gc,heap        ] GC(72) Eden regions: 784->0(752)
[268.357s][info][gc,heap        ] GC(72) Survivor regions: 61->59(106)
[268.357s][info][gc,heap        ] GC(72) Old regions: 962->998
[268.357s][info][gc,heap        ] GC(72) Humongous regions: 77->77
[268.357s][info][gc,metaspace   ] GC(72) Metaspace: 28728K(28992K)->28728K(28992K) NonClass: 23845K(23936K)->23845K(23936K) Class: 4883K(5056K)->4883K(5056K)
[268.357s][info][gc             ] GC(72) Pause Young (Prepare Mixed) (G1 Evacuation Pause) 3765M->2266M(4096M) 86.496ms
[268.357s][info][gc,cpu         ] GC(72) User=0.51s Sys=0.00s Real=0.09s
.[269.342s][info][gc,start       ] GC(73) Pause Young (Mixed) (G1 Evacuation Pause)
[269.342s][info][gc,task        ] GC(73) Using 6 workers of 6 for evacuation
[269.425s][info][gc,phases      ] GC(73)   Pre Evacuate Collection Set: 0.40ms
[269.425s][info][gc,phases      ] GC(73)   Merge Heap Roots: 0.50ms
[269.425s][info][gc,phases      ] GC(73)   Evacuate Collection Set: 81.28ms
[269.425s][info][gc,phases      ] GC(73)   Post Evacuate Collection Set: 0.93ms
[269.425s][info][gc,phases      ] GC(73)   Other: 0.10ms
[269.425s][info][gc,heap        ] GC(73) Eden regions: 752->0(920)
[269.425s][info][gc,heap        ] GC(73) Survivor regions: 59->52(102)
[269.425s][info][gc,heap        ] GC(73) Old regions: 998->834
[269.425s][info][gc,heap        ] GC(73) Humongous regions: 77->77
[269.425s][info][gc,metaspace   ] GC(73) Metaspace: 28729K(28992K)->28729K(28992K) NonClass: 23845K(23936K)->23845K(23936K) Class: 4883K(5056K)->4883K(5056K)
[269.425s][info][gc             ] GC(73) Pause Young (Mixed) (G1 Evacuation Pause) 3770M->1924M(4096M) 83.322ms
[269.425s][info][gc,cpu         ] GC(73) User=0.49s Sys=0.00s Real=0.09s
.[270.621s][info][gc,start       ] GC(74) Pause Young (Mixed) (G1 Evacuation Pause)
[270.621s][info][gc,task        ] GC(74) Using 6 workers of 6 for evacuation
[270.729s][info][gc,phases      ] GC(74)   Pre Evacuate Collection Set: 0.40ms
[270.729s][info][gc,phases      ] GC(74)   Merge Heap Roots: 0.75ms
[270.729s][info][gc,phases      ] GC(74)   Evacuate Collection Set: 105.17ms
[270.729s][info][gc,phases      ] GC(74)   Post Evacuate Collection Set: 1.07ms
[270.729s][info][gc,phases      ] GC(74)   Other: 0.10ms
[270.729s][info][gc,heap        ] GC(74) Eden regions: 920->0(1025)
[270.729s][info][gc,heap        ] GC(74) Survivor regions: 52->100(122)
[270.729s][info][gc,heap        ] GC(74) Old regions: 834->643
[270.729s][info][gc,heap        ] GC(74) Humongous regions: 77->77
[270.729s][info][gc,metaspace   ] GC(74) Metaspace: 28729K(28992K)->28729K(28992K) NonClass: 23845K(23936K)->23845K(23936K) Class: 4883K(5056K)->4883K(5056K)
[270.729s][info][gc             ] GC(74) Pause Young (Mixed) (G1 Evacuation Pause) 3764M->1638M(4096M) 107.617ms
[270.729s][info][gc,cpu         ] GC(74) User=0.64s Sys=0.00s Real=0.11s
.[272.236s][info][gc,start       ] GC(75) Pause Young (Mixed) (G1 Evacuation Pause)
[272.236s][info][gc,task        ] GC(75) Using 6 workers of 6 for evacuation
[272.378s][info][gc,phases      ] GC(75)   Pre Evacuate Collection Set: 0.37ms
[272.378s][info][gc,phases      ] GC(75)   Merge Heap Roots: 0.83ms
[272.378s][info][gc,phases      ] GC(75)   Evacuate Collection Set: 129.31ms
[272.378s][info][gc,phases      ] GC(75)   Merge Optional Heap Roots: 0.28ms
[272.378s][info][gc,phases      ] GC(75)   Evacuate Optional Collection Set: 9.24ms
[272.378s][info][gc,phases      ] GC(75)   Post Evacuate Collection Set: 1.11ms
[272.378s][info][gc,phases      ] GC(75)   Other: 0.09ms
[272.378s][info][gc,heap        ] GC(75) Eden regions: 1025->0(1089)
[272.378s][info][gc,heap        ] GC(75) Survivor regions: 100->104(141)
[272.378s][info][gc,heap        ] GC(75) Old regions: 643->571
[272.378s][info][gc,heap        ] GC(75) Humongous regions: 77->77
[272.378s][info][gc,metaspace   ] GC(75) Metaspace: 28734K(29056K)->28734K(29056K) NonClass: 23850K(24000K)->23850K(24000K) Class: 4883K(5056K)->4883K(5056K)
[272.378s][info][gc             ] GC(75) Pause Young (Mixed) (G1 Evacuation Pause) 3688M->1503M(4096M) 141.350ms
[272.378s][info][gc,cpu         ] GC(75) User=0.83s Sys=0.00s Real=0.14s
.[273.940s][info][gc,start       ] GC(76) Pause Young (Concurrent Start) (G1 Evacuation Pause)
[273.940s][info][gc,task        ] GC(76) Using 6 workers of 6 for evacuation
[274.109s][info][gc,phases      ] GC(76)   Pre Evacuate Collection Set: 0.39ms
[274.109s][info][gc,phases      ] GC(76)   Merge Heap Roots: 0.61ms
[274.109s][info][gc,phases      ] GC(76)   Evacuate Collection Set: 166.49ms
[274.109s][info][gc,phases      ] GC(76)   Post Evacuate Collection Set: 0.88ms
[274.109s][info][gc,phases      ] GC(76)   Other: 0.14ms
[274.109s][info][gc,heap        ] GC(76) Eden regions: 1089->0(1042)
[274.109s][info][gc,heap        ] GC(76) Survivor regions: 104->112(150)
[274.109s][info][gc,heap        ] GC(76) Old regions: 571->602
[274.109s][info][gc,heap        ] GC(76) Humongous regions: 77->77
[274.109s][info][gc,metaspace   ] GC(76) Metaspace: 28739K(29056K)->28739K(29056K) NonClass: 23856K(24000K)->23856K(24000K) Class: 4883K(5056K)->4883K(5056K)
[274.109s][info][gc             ] GC(76) Pause Young (Concurrent Start) (G1 Evacuation Pause) 3681M->1580M(4096M) 168.631ms
[274.109s][info][gc             ] GC(77) Concurrent Mark Cycle
[274.109s][info][gc,marking     ] GC(77) Concurrent Scan Root Regions
[274.109s][info][gc,cpu         ] GC(76) User=0.76s Sys=0.00s Real=0.17s
[274.314s][info][gc,marking     ] GC(77) Concurrent Scan Root Regions 205.236ms
[274.314s][info][gc,marking     ] GC(77) Concurrent Mark
[274.314s][info][gc,marking     ] GC(77) Concurrent Mark From Roots
[274.314s][info][gc,task        ] GC(77) Using 2 workers of 2 for marking
.. (rIR:aIR:PR = 13837:12558:11258) (tPR = 172140) [IR is under limit] [PR is under limit] 
   275s: Re-initializing (term[276.082s][info][gc,marking     ] GC(77) Concurrent Mark From Roots 1767.669ms
[276.082s][info][gc,marking     ] GC(77) Concurrent Preclean
[276.082s][info][gc,marking     ] GC(77) Concurrent Preclean 0.065ms
[276.083s][info][gc,start       ] GC(77) Pause Remark
[276.088s][info][gc             ] GC(77) Pause Remark 3618M->3618M(4096M) 4.488ms
[276.088s][info][gc,cpu         ] GC(77) User=0.03s Sys=0.00s Real=0.00s
[276.088s][info][gc,marking     ] GC(77) Concurrent Mark 1773.569ms
[276.088s][info][gc,marking     ] GC(77) Concurrent Rebuild Remembered Sets and Scrub Regions
[276.166s][info][gc,start       ] GC(78) Pause Young (Normal) (G1 Evacuation Pause)
[276.166s][info][gc,task        ] GC(78) Using 6 workers of 6 for evacuation
[276.291s][info][gc,phases      ] GC(78)   Pre Evacuate Collection Set: 0.29ms
[276.291s][info][gc,phases      ] GC(78)   Merge Heap Roots: 0.44ms
[276.291s][info][gc,phases      ] GC(78)   Evacuate Collection Set: 122.91ms
[276.291s][info][gc,phases      ] GC(78)   Post Evacuate Collection Set: 0.90ms
[276.291s][info][gc,phases      ] GC(78)   Other: 0.08ms
[276.291s][info][gc,heap        ] GC(78) Eden regions: 1042->0(1037)
[276.291s][info][gc,heap        ] GC(78) Survivor regions: 112->72(145)
[276.291s][info][gc,heap        ] GC(78) Old regions: 602->676
[276.291s][info][gc,heap        ] GC(78) Humongous regions: 77->77
[276.291s][info][gc,metaspace   ] GC(78) Metaspace: 28744K(29056K)->28744K(29056K) NonClass: 23861K(24000K)->23861K(24000K) Class: 4883K(5056K)->4883K(5056K)
[276.291s][info][gc             ] GC(78) Pause Young (Normal) (G1 Evacuation Pause) 3664M->1647M(4096M) 124.774ms
[276.291s][info][gc,cpu         ] GC(78) User=0.74s Sys=0.00s Real=0.12s
[276.594s][info][gc,marking     ] GC(77) Concurrent Rebuild Remembered Sets and Scrub Regions 506.264ms
[276.599s][info][gc,start       ] GC(77) Pause Cleanup
[276.599s][info][gc             ] GC(77) Pause Cleanup 1947M->1947M(4096M) 0.202ms
[276.599s][info][gc,cpu         ] GC(77) User=0.00s Sys=0.00s Real=0.00s
[276.600s][info][gc,marking     ] GC(77) Concurrent Clear Claimed Marks
[276.600s][info][gc,marking     ] GC(77) Concurrent Clear Claimed Marks 0.035ms
[276.600s][info][gc,marking     ] GC(77) Concurrent Cleanup for Next Mark
[276.612s][info][gc,marking     ] GC(77) Concurrent Cleanup for Next Mark 12.359ms
[276.612s][info][gc             ] GC(77) Concurrent Mark Cycle 2503.051ms
[277.680s][info][gc,start       ] GC(79) Pause Young (Prepare Mixed) (G1 Evacuation Pause)
[277.680s][info][gc,task        ] GC(79) Using 6 workers of 6 for evacuation
[277.789s][info][gc,phases      ] GC(79)   Pre Evacuate Collection Set: 0.31ms
[277.789s][info][gc,phases      ] GC(79)   Merge Heap Roots: 0.47ms
[277.789s][info][gc,phases      ] GC(79)   Evacuate Collection Set: 107.41ms
[277.789s][info][gc,phases      ] GC(79)   Post Evacuate Collection Set: 0.94ms
[277.789s][info][gc,phases      ] GC(79)   Other: 0.10ms
[277.789s][info][gc,heap        ] GC(79) Eden regions: 1037->0(988)
[277.789s][info][gc,heap        ] GC(79) Survivor regions: 72->79(139)
[277.789s][info][gc,heap        ] GC(79) Old regions: 676->721
[277.789s][info][gc,heap        ] GC(79) Humongous regions: 77->77
[277.789s][info][gc,metaspace   ] GC(79) Metaspace: 28745K(29056K)->28745K(29056K) NonClass: 23861K(24000K)->23861K(24000K) Class: 4883K(5056K)->4883K(5056K)
[277.789s][info][gc             ] GC(79) Pause Young (Prepare Mixed) (G1 Evacuation Pause) 3721M->1751M(4096M) 109.377ms
[277.789s][info][gc,cpu         ] GC(79) User=0.64s Sys=0.01s Real=0.11s
[278.971s][info][gc,start       ] GC(80) Pause Young (Mixed) (G1 Evacuation Pause)
[278.971s][info][gc,task        ] GC(80) Using 6 workers of 6 for evacuation
[279.131s][info][gc,phases      ] GC(80)   Pre Evacuate Collection Set: 0.39ms
[279.131s][info][gc,phases      ] GC(80)   Merge Heap Roots: 0.59ms
[279.131s][info][gc,phases      ] GC(80)   Evacuate Collection Set: 157.94ms
[279.131s][info][gc,phases      ] GC(80)   Post Evacuate Collection Set: 0.92ms
[279.131s][info][gc,phases      ] GC(80)   Other: 0.12ms
[279.131s][info][gc,heap        ] GC(80) Eden regions: 988->0(1100)
[279.131s][info][gc,heap        ] GC(80) Survivor regions: 79->72(134)
[279.131s][info][gc,heap        ] GC(80) Old regions: 721->584
[279.131s][info][gc,heap        ] GC(80) Humongous regions: 77->77
[279.131s][info][gc,metaspace   ] GC(80) Metaspace: 28745K(29056K)->28745K(29056K) NonClass: 23861K(24000K)->23861K(24000K) Class: 4883K(5056K)->4883K(5056K)
[279.131s][info][gc             ] GC(80) Pause Young (Mixed) (G1 Evacuation Pause) 3727M->1465M(4096M) 160.091ms
[279.131s][info][gc,cpu         ] GC(80) User=0.71s Sys=0.00s Real=0.16s
[280.604s][info][gc,start       ] GC(81) Pause Young (Mixed) (G1 Evacuation Pause)
[280.604s][info][gc,task        ] GC(81) Using 6 workers of 6 for evacuation
[280.726s][info][gc,phases      ] GC(81)   Pre Evacuate Collection Set: 0.32ms
[280.726s][info][gc,phases      ] GC(81)   Merge Heap Roots: 0.57ms
[280.726s][info][gc,phases      ] GC(81)   Evacuate Collection Set: 119.81ms
[280.726s][info][gc,phases      ] GC(81)   Post Evacuate Collection Set: 0.85ms
[280.726s][info][gc,phases      ] GC(81)   Other: 0.09ms
[280.726s][info][gc,heap        ] GC(81) Eden regions: 1100->0(1022)
[280.726s][info][gc,heap        ] GC(81) Survivor regions: 72->136(147)
[280.726s][info][gc,heap        ] GC(81) Old regions: 584->574
[280.726s][info][gc,heap        ] GC(81) Humongous regions: 77->77
[280.726s][info][gc,metaspace   ] GC(81) Metaspace: 28745K(29056K)->28745K(29056K) NonClass: 23861K(24000K)->23861K(24000K) Class: 4883K(5056K)->4883K(5056K)
[280.726s][info][gc             ] GC(81) Pause Young (Mixed) (G1 Evacuation Pause) 3665M->1572M(4096M) 121.775ms
[280.726s][info][gc,cpu         ] GC(81) User=0.72s Sys=0.00s Real=0.12s
[282.209s][info][gc,start       ] GC(82) Pause Young (Concurrent Start) (G1 Evacuation Pause)
[282.209s][info][gc,task        ] GC(82) Using 6 workers of 6 for evacuation
[282.349s][info][gc,phases      ] GC(82)   Pre Evacuate Collection Set: 0.38ms
[282.349s][info][gc,phases      ] GC(82)   Merge Heap Roots: 0.44ms
[282.349s][info][gc,phases      ] GC(82)   Evacuate Collection Set: 138.33ms
[282.349s][info][gc,phases      ] GC(82)   Post Evacuate Collection Set: 0.84ms
[282.349s][info][gc,phases      ] GC(82)   Other: 0.09ms
[282.349s][info][gc,heap        ] GC(82) Eden regions: 1022->0(1033)
[282.349s][info][gc,heap        ] GC(82) Survivor regions: 136->68(145)
[282.349s][info][gc,heap        ] GC(82) Old regions: 574->678
[282.349s][info][gc,heap        ] GC(82) Humongous regions: 77->77
[282.349s][info][gc,metaspace   ] GC(82) Metaspace: 28745K(29056K)->28745K(29056K) NonClass: 23861K(24000K)->23861K(24000K) Class: 4883K(5056K)->4883K(5056K)
[282.349s][info][gc             ] GC(82) Pause Young (Concurrent Start) (G1 Evacuation Pause) 3616M->1645M(4096M) 140.227ms
[282.349s][info][gc             ] GC(83) Concurrent Mark Cycle
[282.349s][info][gc,marking     ] GC(83) Concurrent Scan Root Regions
[282.349s][info][gc,cpu         ] GC(82) User=0.83s Sys=0.00s Real=0.14s
[282.580s][info][gc,marking     ] GC(83) Concurrent Scan Root Regions 230.690ms
[282.580s][info][gc,marking     ] GC(83) Concurrent Mark
[282.580s][info][gc,marking     ] GC(83) Concurrent Mark From Roots
[282.580s][info][gc,task        ] GC(83) Using 2 workers of 2 for marking
[283.826s][info][gc,marking     ] GC(83) Concurrent Mark From Roots 1246.388ms
[283.826s][info][gc,marking     ] GC(83) Concurrent Preclean
[283.826s][info][gc,marking     ] GC(83) Concurrent Preclean 0.075ms
[283.827s][info][gc,start       ] GC(83) Pause Remark
[283.834s][info][gc             ] GC(83) Pause Remark 3287M->3287M(4096M) 6.873ms
[283.834s][info][gc,cpu         ] GC(83) User=0.03s Sys=0.00s Real=0.01s
[283.835s][info][gc,marking     ] GC(83) Concurrent Mark 1254.993ms
[283.835s][info][gc,marking     ] GC(83) Concurrent Rebuild Remembered Sets and Scrub Regions
) [283.929s][info][gc,start       ] GC(84) Pause Full (System.gc())
[283.929s][info][gc,task        ] GC(84) Using 6 workers of 6 for full compaction
[283.933s][info][gc,phases,start] GC(84) Phase 1: Mark live objects
[283.950s][info][gc,phases      ] GC(84) Phase 1: Mark live objects 16.976ms
[283.950s][info][gc,phases,start] GC(84) Phase 2: Prepare compaction
[283.954s][info][gc,phases      ] GC(84) Phase 2: Prepare compaction 3.561ms
[283.954s][info][gc,phases,start] GC(84) Phase 3: Adjust pointers
[283.962s][info][gc,phases      ] GC(84) Phase 3: Adjust pointers 7.823ms
[283.962s][info][gc,phases,start] GC(84) Phase 4: Compact heap
[283.965s][info][gc,phases      ] GC(84) Phase 4: Compact heap 3.614ms
[283.965s][info][gc,phases,start] GC(84) Phase 5: Reset Metadata
[283.970s][info][gc,phases      ] GC(84) Phase 5: Reset Metadata 4.578ms
[283.976s][info][gc,heap        ] GC(84) Eden regions: 889->0(1228)
[283.976s][info][gc,heap        ] GC(84) Survivor regions: 68->0(145)
[283.976s][info][gc,heap        ] GC(84) Old regions: 678->36
[283.976s][info][gc,heap        ] GC(84) Humongous regions: 77->66
[283.976s][info][gc,metaspace   ] GC(84) Metaspace: 28746K(29056K)->28746K(29056K) NonClass: 23862K(24000K)->23862K(24000K) Class: 4883K(5056K)->4883K(5056K)
[283.976s][info][gc             ] GC(84) Pause Full (System.gc()) 3422M->194M(4096M) 47.026ms
[283.976s][info][gc,cpu         ] GC(84) User=0.25s Sys=0.00s Real=0.05s
[283.976s][info][gc,marking     ] GC(83) Concurrent Rebuild Remembered Sets and Scrub Regions 141.889ms
[283.976s][info][gc,marking     ] GC(83) Concurrent Mark Abort
[283.977s][info][gc             ] GC(83) Concurrent Mark Cycle 1627.688ms
(init[284.216s][info][gc,start       ] GC(85) Pause Young (Concurrent Start) (G1 Humongous Allocation)
[284.216s][info][gc,task        ] GC(85) Using 6 workers of 6 for evacuation
[284.231s][info][gc,phases      ] GC(85)   Pre Evacuate Collection Set: 0.37ms
[284.231s][info][gc,phases      ] GC(85)   Merge Heap Roots: 0.04ms
[284.231s][info][gc,phases      ] GC(85)   Evacuate Collection Set: 13.60ms
[284.231s][info][gc,phases      ] GC(85)   Post Evacuate Collection Set: 0.25ms
[284.231s][info][gc,phases      ] GC(85)   Other: 0.09ms
[284.231s][info][gc,heap        ] GC(85) Eden regions: 46->0(1214)
[284.231s][info][gc,heap        ] GC(85) Survivor regions: 0->14(154)
[284.231s][info][gc,heap        ] GC(85) Old regions: 36->36
[284.231s][info][gc,heap        ] GC(85) Humongous regions: 66->66
[284.231s][info][gc,metaspace   ] GC(85) Metaspace: 28752K(29056K)->28752K(29056K) NonClass: 23868K(24000K)->23868K(24000K) Class: 4883K(5056K)->4883K(5056K)
[284.231s][info][gc             ] GC(85) Pause Young (Concurrent Start) (G1 Humongous Allocation) 286M->222M(4096M) 14.471ms
[284.231s][info][gc             ] GC(86) Concurrent Mark Cycle
[284.231s][info][gc,marking     ] GC(86) Concurrent Scan Root Regions
[284.231s][info][gc,cpu         ] GC(85) User=0.08s Sys=0.00s Real=0.01s
[284.242s][info][gc,marking     ] GC(86) Concurrent Scan Root Regions 11.620ms
[284.243s][info][gc,marking     ] GC(86) Concurrent Mark
[284.243s][info][gc,marking     ] GC(86) Concurrent Mark From Roots
[284.243s][info][gc,task        ] GC(86) Using 2 workers of 2 for marking
[284.303s][info][gc,marking     ] GC(86) Concurrent Mark From Roots 60.200ms
[284.303s][info][gc,marking     ] GC(86) Concurrent Preclean
[284.303s][info][gc,marking     ] GC(86) Concurrent Preclean 0.089ms
[284.303s][info][gc,start       ] GC(86) Pause Remark
[284.305s][info][gc             ] GC(86) Pause Remark 344M->344M(4096M) 2.029ms
[284.305s][info][gc,cpu         ] GC(86) User=0.01s Sys=0.00s Real=0.00s
[284.305s][info][gc,marking     ] GC(86) Concurrent Mark 62.494ms
[284.305s][info][gc,marking     ] GC(86) Concurrent Rebuild Remembered Sets and Scrub Regions
[284.325s][info][gc,marking     ] GC(86) Concurrent Rebuild Remembered Sets and Scrub Regions 19.507ms
[284.325s][info][gc,start       ] GC(86) Pause Cleanup
[284.325s][info][gc             ] GC(86) Pause Cleanup 380M->380M(4096M) 0.065ms
[284.325s][info][gc,cpu         ] GC(86) User=0.00s Sys=0.00s Real=0.00s
[284.325s][info][gc,marking     ] GC(86) Concurrent Clear Claimed Marks
[284.325s][info][gc,marking     ] GC(86) Concurrent Clear Claimed Marks 0.029ms
[284.325s][info][gc,marking     ] GC(86) Concurrent Cleanup for Next Mark
[284.329s][info][gc,marking     ] GC(86) Concurrent Cleanup for Next Mark 4.247ms
[284.329s][info][gc             ] GC(86) Concurrent Mark Cycle 98.221ms
) ... OK
   288s: Searching from base IR = 11548
   288s:       rampup IR =      0 ... (rIR:aIR:PR = 0:0:0) (tPR = 0) [OK] 
   291s:       rampup IR =   1155 ...[295.041s][info][gc,start       ] GC(87) Pause Young (Prepare Mixed) (G1 Evacuation Pause)
[295.041s][info][gc,task        ] GC(87) Using 6 workers of 6 for evacuation
[295.519s][info][gc,mmu         ] GC(87) MMU target violated: 201.0ms (200.0ms/201.0ms)
[295.519s][info][gc,phases      ] GC(87)   Pre Evacuate Collection Set: 0.32ms
[295.519s][info][gc,phases      ] GC(87)   Merge Heap Roots: 0.72ms
[295.519s][info][gc,phases      ] GC(87)   Evacuate Collection Set: 475.66ms
[295.519s][info][gc,phases      ] GC(87)   Post Evacuate Collection Set: 1.31ms
[295.519s][info][gc,phases      ] GC(87)   Other: 0.14ms
[295.519s][info][gc,heap        ] GC(87) Eden regions: 1214->0(407)
[295.519s][info][gc,heap        ] GC(87) Survivor regions: 14->154(154)
[295.519s][info][gc,heap        ] GC(87) Old regions: 36->345
[295.519s][info][gc,heap        ] GC(87) Humongous regions: 163->155
[295.519s][info][gc,metaspace   ] GC(87) Metaspace: 28763K(29120K)->28763K(29120K) NonClass: 23879K(24000K)->23879K(24000K) Class: 4884K(5120K)->4884K(5120K)
[295.519s][info][gc             ] GC(87) Pause Young (Prepare Mixed) (G1 Evacuation Pause) 2844M->1297M(4096M) 478.273ms
[295.519s][info][gc,cpu         ] GC(87) User=2.83s Sys=0.00s Real=0.48s
. (rIR:aIR:PR = 1155:1152:1128) (tPR = 23061) [OK] 
   295s:       rampup IR =   2310 .[297.635s][info][gc,start       ] GC(88) Pause Young (Mixed) (G1 Evacuation Pause)
[297.635s][info][gc,task        ] GC(88) Using 6 workers of 6 for evacuation
[297.827s][info][gc,phases      ] GC(88)   Pre Evacuate Collection Set: 0.35ms
[297.827s][info][gc,phases      ] GC(88)   Merge Heap Roots: 0.66ms
[297.827s][info][gc,phases      ] GC(88)   Evacuate Collection Set: 190.53ms
[297.827s][info][gc,phases      ] GC(88)   Post Evacuate Collection Set: 0.50ms
[297.827s][info][gc,phases      ] GC(88)   Other: 0.06ms
[297.827s][info][gc,heap        ] GC(88) Eden regions: 396->0(608)
[297.827s][info][gc,heap        ] GC(88) Survivor regions: 154->27(69)
[297.827s][info][gc,heap        ] GC(88) Old regions: 345->498
[297.827s][info][gc,heap        ] GC(88) Humongous regions: 155->155
[297.827s][info][gc,metaspace   ] GC(88) Metaspace: 28764K(29120K)->28764K(29120K) NonClass: 23880K(24000K)->23880K(24000K) Class: 4884K(5120K)->4884K(5120K)
[297.827s][info][gc             ] GC(88) Pause Young (Mixed) (G1 Evacuation Pause) 2089M->1351M(4096M) 192.230ms
[297.827s][info][gc,cpu         ] GC(88) User=1.14s Sys=0.00s Real=0.19s
.... (rIR:aIR:PR = 2310:2319:2266) (tPR = 40919) [OK] 
   300s:       rampup IR =   3464 [300.911s][info][gc,start       ] GC(89) Pause Young (Concurrent Start) (G1 Evacuation Pause)
[300.912s][info][gc,task        ] GC(89) Using 6 workers of 6 for evacuation
[300.969s][info][gc,phases      ] GC(89)   Pre Evacuate Collection Set: 0.40ms
[300.969s][info][gc,phases      ] GC(89)   Merge Heap Roots: 0.42ms
[300.969s][info][gc,phases      ] GC(89)   Evacuate Collection Set: 56.00ms
[300.969s][info][gc,phases      ] GC(89)   Post Evacuate Collection Set: 0.73ms
[300.969s][info][gc,phases      ] GC(89)   Other: 0.10ms
[300.969s][info][gc,heap        ] GC(89) Eden regions: 661->0(673)
[300.969s][info][gc,heap        ] GC(89) Survivor regions: 27->56(86)
[300.969s][info][gc,heap        ] GC(89) Old regions: 498->498
[300.969s][info][gc,heap        ] GC(89) Humongous regions: 155->155
[300.969s][info][gc,metaspace   ] GC(89) Metaspace: 28764K(29120K)->28764K(29120K) NonClass: 23880K(24000K)->23880K(24000K) Class: 4884K(5120K)->4884K(5120K)
[300.969s][info][gc             ] GC(89) Pause Young (Concurrent Start) (G1 Evacuation Pause) 2673M->1409M(4096M) 57.787ms
[300.969s][info][gc             ] GC(90) Concurrent Mark Cycle
[300.969s][info][gc,marking     ] GC(90) Concurrent Scan Root Regions
[300.969s][info][gc,cpu         ] GC(89) User=0.34s Sys=0.00s Real=0.06s
[301.048s][info][gc,marking     ] GC(90) Concurrent Scan Root Regions 78.344ms
[301.048s][info][gc,marking     ] GC(90) Concurrent Mark
[301.048s][info][gc,marking     ] GC(90) Concurrent Mark From Roots
[301.048s][info][gc,task        ] GC(90) Using 2 workers of 2 for marking
[301.737s][info][gc,marking     ] GC(90) Concurrent Mark From Roots 689.008ms
[301.737s][info][gc,marking     ] GC(90) Concurrent Preclean
[301.737s][info][gc,marking     ] GC(90) Concurrent Preclean 0.083ms
[301.737s][info][gc,start       ] GC(90) Pause Remark
[301.745s][info][gc             ] GC(90) Pause Remark 1899M->1671M(4096M) 7.882ms
[301.745s][info][gc,cpu         ] GC(90) User=0.04s Sys=0.00s Real=0.01s
[301.745s][info][gc,marking     ] GC(90) Concurrent Mark 697.626ms
[301.745s][info][gc,marking     ] GC(90) Concurrent Rebuild Remembered Sets and Scrub Regions
.[302.006s][info][gc,marking     ] GC(90) Concurrent Rebuild Remembered Sets and Scrub Regions 261.055ms
[302.007s][info][gc,start       ] GC(90) Pause Cleanup
[302.007s][info][gc             ] GC(90) Pause Cleanup 1824M->1824M(4096M) 0.101ms
[302.007s][info][gc,cpu         ] GC(90) User=0.00s Sys=0.00s Real=0.00s
[302.007s][info][gc,marking     ] GC(90) Concurrent Clear Claimed Marks
[302.007s][info][gc,marking     ] GC(90) Concurrent Clear Claimed Marks 0.026ms
[302.007s][info][gc,marking     ] GC(90) Concurrent Cleanup for Next Mark
[302.010s][info][gc,marking     ] GC(90) Concurrent Cleanup for Next Mark 3.242ms
[302.010s][info][gc             ] GC(90) Concurrent Mark Cycle 1040.724ms
.[303.248s][info][gc,start       ] GC(91) Pause Young (Prepare Mixed) (G1 Evacuation Pause)
[303.248s][info][gc,task        ] GC(91) Using 6 workers of 6 for evacuation
[303.331s][info][gc,phases      ] GC(91)   Pre Evacuate Collection Set: 0.35ms
[303.331s][info][gc,phases      ] GC(91)   Merge Heap Roots: 0.60ms
[303.331s][info][gc,phases      ] GC(91)   Evacuate Collection Set: 81.37ms
[303.331s][info][gc,phases      ] GC(91)   Post Evacuate Collection Set: 0.70ms
[303.331s][info][gc,phases      ] GC(91)   Other: 0.07ms
[303.331s][info][gc,heap        ] GC(91) Eden regions: 671->0(764)
[303.331s][info][gc,heap        ] GC(91) Survivor regions: 56->70(91)
[303.331s][info][gc,heap        ] GC(91) Old regions: 464->482
[303.331s][info][gc,heap        ] GC(91) Humongous regions: 75->75
[303.331s][info][gc,metaspace   ] GC(91) Metaspace: 28764K(29120K)->28764K(29120K) NonClass: 23880K(24000K)->23880K(24000K) Class: 4884K(5120K)->4884K(5120K)
[303.331s][info][gc             ] GC(91) Pause Young (Prepare Mixed) (G1 Evacuation Pause) 2523M->1245M(4096M) 83.223ms
[303.331s][info][gc,cpu         ] GC(91) User=0.49s Sys=0.00s Real=0.08s
.. (rIR:aIR:PR = 3464:3452:3381) (tPR = 58540) [OK] 
   304s:       rampup IR =   4619 .[305.904s][info][gc,start       ] GC(92) Pause Young (Mixed) (G1 Evacuation Pause)
[305.904s][info][gc,task        ] GC(92) Using 6 workers of 6 for evacuation
[305.993s][info][gc,phases      ] GC(92)   Pre Evacuate Collection Set: 0.37ms
[305.993s][info][gc,phases      ] GC(92)   Merge Heap Roots: 0.43ms
[305.993s][info][gc,phases      ] GC(92)   Evacuate Collection Set: 86.34ms
[305.993s][info][gc,phases      ] GC(92)   Post Evacuate Collection Set: 0.85ms
[305.993s][info][gc,phases      ] GC(92)   Other: 0.08ms
[305.993s][info][gc,heap        ] GC(92) Eden regions: 868->0(974)
[305.993s][info][gc,heap        ] GC(92) Survivor regions: 70->76(118)
[305.993s][info][gc,heap        ] GC(92) Old regions: 482->502
[305.993s][info][gc,heap        ] GC(92) Humongous regions: 75->75
[305.993s][info][gc,metaspace   ] GC(92) Metaspace: 28764K(29120K)->28764K(29120K) NonClass: 23880K(24000K)->23880K(24000K) Class: 4884K(5120K)->4884K(5120K)
[305.993s][info][gc             ] GC(92) Pause Young (Mixed) (G1 Evacuation Pause) 2981M->1299M(4096M) 88.187ms
[305.993s][info][gc,cpu         ] GC(92) User=0.52s Sys=0.00s Real=0.09s
..[308.591s][info][gc,start       ] GC(93) Pause Young (Mixed) (G1 Evacuation Pause)
[308.591s][info][gc,task        ] GC(93) Using 6 workers of 6 for evacuation
[308.694s][info][gc,phases      ] GC(93)   Pre Evacuate Collection Set: 0.35ms
[308.694s][info][gc,phases      ] GC(93)   Merge Heap Roots: 0.51ms
[308.694s][info][gc,phases      ] GC(93)   Evacuate Collection Set: 100.79ms
[308.694s][info][gc,phases      ] GC(93)   Post Evacuate Collection Set: 0.91ms
[308.694s][info][gc,phases      ] GC(93)   Other: 0.09ms
[308.694s][info][gc,heap        ] GC(93) Eden regions: 1045->0(1066)
[308.694s][info][gc,heap        ] GC(93) Survivor regions: 76->91(141)
[308.694s][info][gc,heap        ] GC(93) Old regions: 502->522
[308.694s][info][gc,heap        ] GC(93) Humongous regions: 77->77
[308.694s][info][gc,metaspace   ] GC(93) Metaspace: 28764K(29120K)->28764K(29120K) NonClass: 23880K(24000K)->23880K(24000K) Class: 4884K(5120K)->4884K(5120K)
[308.694s][info][gc             ] GC(93) Pause Young (Mixed) (G1 Evacuation Pause) 3393M->1373M(4096M) 102.784ms
[308.694s][info][gc,cpu         ] GC(93) User=0.61s Sys=0.00s Real=0.11s
. (rIR:aIR:PR = 4619:4604:4562) (tPR = 77266) [OK] 
   308s:       rampup IR =   5774 ..[310.933s][info][gc,start       ] GC(94) Pause Young (Mixed) (G1 Evacuation Pause)
[310.933s][info][gc,task        ] GC(94) Using 6 workers of 6 for evacuation
[311.049s][info][gc,phases      ] GC(94)   Pre Evacuate Collection Set: 0.37ms
[311.049s][info][gc,phases      ] GC(94)   Merge Heap Roots: 0.52ms
[311.049s][info][gc,phases      ] GC(94)   Evacuate Collection Set: 113.33ms
[311.049s][info][gc,phases      ] GC(94)   Merge Optional Heap Roots: 0.03ms
[311.049s][info][gc,phases      ] GC(94)   Evacuate Optional Collection Set: 0.44ms
[311.049s][info][gc,phases      ] GC(94)   Post Evacuate Collection Set: 1.06ms
[311.049s][info][gc,phases      ] GC(94)   Other: 0.09ms
[311.049s][info][gc,heap        ] GC(94) Eden regions: 1067->0(1074)
[311.049s][info][gc,heap        ] GC(94) Survivor regions: 91->98(145)
[311.049s][info][gc,heap        ] GC(94) Old regions: 522->539
[311.049s][info][gc,heap        ] GC(94) Humongous regions: 77->77
[311.049s][info][gc,metaspace   ] GC(94) Metaspace: 28769K(29120K)->28769K(29120K) NonClass: 23885K(24000K)->23885K(24000K) Class: 4884K(5120K)->4884K(5120K)
[311.049s][info][gc             ] GC(94) Pause Young (Mixed) (G1 Evacuation Pause) 3507M->1424M(4096M) 115.962ms
[311.049s][info][gc,cpu         ] GC(94) User=0.69s Sys=0.00s Real=0.11s
.. (rIR:aIR:PR = 5774:5790:5790) (tPR = 92752) [OK] 
   312s:       rampup IR =   6929 [313.451s][info][gc,start       ] GC(95) Pause Young (Mixed) (G1 Evacuation Pause)
[313.451s][info][gc,task        ] GC(95) Using 6 workers of 6 for evacuation
[313.580s][info][gc,phases      ] GC(95)   Pre Evacuate Collection Set: 0.35ms
[313.580s][info][gc,phases      ] GC(95)   Merge Heap Roots: 0.68ms
[313.580s][info][gc,phases      ] GC(95)   Evacuate Collection Set: 126.06ms
[313.580s][info][gc,phases      ] GC(95)   Post Evacuate Collection Set: 1.04ms
[313.580s][info][gc,phases      ] GC(95)   Other: 0.08ms
[313.580s][info][gc,heap        ] GC(95) Eden regions: 1074->0(1068)
[313.580s][info][gc,heap        ] GC(95) Survivor regions: 98->104(147)
[313.580s][info][gc,heap        ] GC(95) Old regions: 539->563
[313.580s][info][gc,heap        ] GC(95) Humongous regions: 77->77
[313.580s][info][gc,metaspace   ] GC(95) Metaspace: 28769K(29120K)->28769K(29120K) NonClass: 23885K(24000K)->23885K(24000K) Class: 4884K(5120K)->4884K(5120K)
[313.580s][info][gc             ] GC(95) Pause Young (Mixed) (G1 Evacuation Pause) 3572M->1486M(4096M) 128.352ms
[313.580s][info][gc,cpu         ] GC(95) User=0.76s Sys=0.00s Real=0.13s
..[315.833s][info][gc,start       ] GC(96) Pause Young (Concurrent Start) (G1 Evacuation Pause)
[315.833s][info][gc,task        ] GC(96) Using 6 workers of 6 for evacuation
[315.950s][info][gc,phases      ] GC(96)   Pre Evacuate Collection Set: 0.43ms
[315.950s][info][gc,phases      ] GC(96)   Merge Heap Roots: 0.47ms
[315.950s][info][gc,phases      ] GC(96)   Evacuate Collection Set: 114.86ms
[315.950s][info][gc,phases      ] GC(96)   Post Evacuate Collection Set: 0.99ms
[315.950s][info][gc,phases      ] GC(96)   Other: 0.12ms
[315.950s][info][gc,heap        ] GC(96) Eden regions: 1068->0(1053)
[315.950s][info][gc,heap        ] GC(96) Survivor regions: 104->105(147)
[315.950s][info][gc,heap        ] GC(96) Old regions: 563->598
[315.950s][info][gc,heap        ] GC(96) Humongous regions: 77->77
[315.950s][info][gc,metaspace   ] GC(96) Metaspace: 28774K(29120K)->28774K(29120K) NonClass: 23890K(24000K)->23890K(24000K) Class: 4884K(5120K)->4884K(5120K)
[315.950s][info][gc             ] GC(96) Pause Young (Concurrent Start) (G1 Evacuation Pause) 3622M->1558M(4096M) 117.016ms
[315.950s][info][gc             ] GC(97) Concurrent Mark Cycle
[315.950s][info][gc,marking     ] GC(97) Concurrent Scan Root Regions
[315.950s][info][gc,cpu         ] GC(96) User=0.69s Sys=0.00s Real=0.11s
.[316.151s][info][gc,marking     ] GC(97) Concurrent Scan Root Regions 200.449ms
[316.151s][info][gc,marking     ] GC(97) Concurrent Mark
[316.151s][info][gc,marking     ] GC(97) Concurrent Mark From Roots
[316.151s][info][gc,task        ] GC(97) Using 2 workers of 2 for marking
[316.785s][info][gc,marking     ] GC(97) Concurrent Mark From Roots 634.598ms
[316.786s][info][gc,marking     ] GC(97) Concurrent Preclean
[316.786s][info][gc,marking     ] GC(97) Concurrent Preclean 0.114ms
[316.787s][info][gc,start       ] GC(97) Pause Remark
[316.792s][info][gc             ] GC(97) Pause Remark 2304M->2304M(4096M) 5.595ms
[316.792s][info][gc,cpu         ] GC(97) User=0.03s Sys=0.00s Real=0.01s
[316.793s][info][gc,marking     ] GC(97) Concurrent Mark 642.113ms
[316.793s][info][gc,marking     ] GC(97) Concurrent Rebuild Remembered Sets and Scrub Regions
.[317.161s][info][gc,marking     ] GC(97) Concurrent Rebuild Remembered Sets and Scrub Regions 368.338ms
[317.163s][info][gc,start       ] GC(97) Pause Cleanup
[317.163s][info][gc             ] GC(97) Pause Cleanup 2676M->2676M(4096M) 0.215ms
[317.163s][info][gc,cpu         ] GC(97) User=0.00s Sys=0.00s Real=0.00s
[317.163s][info][gc,marking     ] GC(97) Concurrent Clear Claimed Marks
[317.163s][info][gc,marking     ] GC(97) Concurrent Clear Claimed Marks 0.047ms
[317.163s][info][gc,marking     ] GC(97) Concurrent Cleanup for Next Mark
[317.168s][info][gc,marking     ] GC(97) Concurrent Cleanup for Next Mark 4.899ms
[317.168s][info][gc             ] GC(97) Concurrent Mark Cycle 1217.866ms
.[318.333s][info][gc,start       ] GC(98) Pause Young (Prepare Mixed) (G1 Evacuation Pause)
[318.333s][info][gc,task        ] GC(98) Using 6 workers of 6 for evacuation
[318.458s][info][gc,phases      ] GC(98)   Pre Evacuate Collection Set: 0.37ms
[318.458s][info][gc,phases      ] GC(98)   Merge Heap Roots: 0.59ms
[318.458s][info][gc,phases      ] GC(98)   Evacuate Collection Set: 122.66ms
[318.458s][info][gc,phases      ] GC(98)   Post Evacuate Collection Set: 0.97ms
[318.458s][info][gc,phases      ] GC(98)   Other: 0.08ms
[318.458s][info][gc,heap        ] GC(98) Eden regions: 1053->0(1012)
[318.458s][info][gc,heap        ] GC(98) Survivor regions: 105->112(145)
[318.458s][info][gc,heap        ] GC(98) Old regions: 598->632
[318.458s][info][gc,heap        ] GC(98) Humongous regions: 77->77
[318.458s][info][gc,metaspace   ] GC(98) Metaspace: 28774K(29120K)->28774K(29120K) NonClass: 23890K(24000K)->23890K(24000K) Class: 4884K(5120K)->4884K(5120K)
[318.458s][info][gc             ] GC(98) Pause Young (Prepare Mixed) (G1 Evacuation Pause) 3664M->1639M(4096M) 124.809ms
[318.458s][info][gc,cpu         ] GC(98) User=0.74s Sys=0.00s Real=0.12s
. (rIR:aIR:PR = 6929:6911:6911) (tPR = 106131) [OK] 
   318s:       rampup IR =   8084 .[320.405s][info][gc,start       ] GC(99) Pause Young (Mixed) (G1 Evacuation Pause)
[320.405s][info][gc,task        ] GC(99) Using 6 workers of 6 for evacuation
[320.544s][info][gc,phases      ] GC(99)   Pre Evacuate Collection Set: 0.47ms
[320.544s][info][gc,phases      ] GC(99)   Merge Heap Roots: 0.73ms
[320.544s][info][gc,phases      ] GC(99)   Evacuate Collection Set: 132.88ms
[320.544s][info][gc,phases      ] GC(99)   Merge Optional Heap Roots: 0.07ms
[320.544s][info][gc,phases      ] GC(99)   Evacuate Optional Collection Set: 3.26ms
[320.544s][info][gc,phases      ] GC(99)   Post Evacuate Collection Set: 1.19ms
[320.544s][info][gc,phases      ] GC(99)   Other: 0.12ms
[320.544s][info][gc,heap        ] GC(99) Eden regions: 1012->0(1118)
[320.544s][info][gc,heap        ] GC(99) Survivor regions: 112->110(141)
[320.544s][info][gc,heap        ] GC(99) Old regions: 632->491
[320.544s][info][gc,heap        ] GC(99) Humongous regions: 77->77
[320.544s][info][gc,metaspace   ] GC(99) Metaspace: 28774K(29120K)->28774K(29120K) NonClass: 23890K(24000K)->23890K(24000K) Class: 4884K(5120K)->4884K(5120K)
[320.544s][info][gc             ] GC(99) Pause Young (Mixed) (G1 Evacuation Pause) 3663M->1353M(4096M) 138.888ms
[320.544s][info][gc,cpu         ] GC(99) User=0.82s Sys=0.01s Real=0.14s
..[322.681s][info][gc,start       ] GC(100) Pause Young (Mixed) (G1 Evacuation Pause)
[322.681s][info][gc,task        ] GC(100) Using 6 workers of 6 for evacuation
[322.824s][info][gc,phases      ] GC(100)   Pre Evacuate Collection Set: 0.37ms
[322.824s][info][gc,phases      ] GC(100)   Merge Heap Roots: 0.84ms
[322.824s][info][gc,phases      ] GC(100)   Evacuate Collection Set: 141.23ms
[322.824s][info][gc,phases      ] GC(100)   Post Evacuate Collection Set: 1.02ms
[322.824s][info][gc,phases      ] GC(100)   Other: 0.10ms
[322.824s][info][gc,heap        ] GC(100) Eden regions: 1118->0(1115)
[322.824s][info][gc,heap        ] GC(100) Survivor regions: 110->113(154)
[322.824s][info][gc,heap        ] GC(100) Old regions: 491->488
[322.824s][info][gc,heap        ] GC(100) Humongous regions: 77->77
[322.824s][info][gc,metaspace   ] GC(100) Metaspace: 28775K(29120K)->28775K(29120K) NonClass: 23891K(24000K)->23891K(24000K) Class: 4884K(5120K)->4884K(5120K)
[322.824s][info][gc             ] GC(100) Pause Young (Mixed) (G1 Evacuation Pause) 3589M->1354M(4096M) 143.702ms
[322.824s][info][gc,cpu         ] GC(100) User=0.85s Sys=0.00s Real=0.15s
. (rIR:aIR:PR = 8084:8114:8113) (tPR = 118040) [OK] 
   322s:       rampup IR =   9238 .[324.675s][info][gc,start       ] GC(101) Pause Young (Concurrent Start) (G1 Evacuation Pause)
[324.675s][info][gc,task        ] GC(101) Using 6 workers of 6 for evacuation
[324.799s][info][gc,phases      ] GC(101)   Pre Evacuate Collection Set: 0.40ms
[324.799s][info][gc,phases      ] GC(101)   Merge Heap Roots: 0.53ms
[324.799s][info][gc,phases      ] GC(101)   Evacuate Collection Set: 121.67ms
[324.799s][info][gc,phases      ] GC(101)   Post Evacuate Collection Set: 1.03ms
[324.799s][info][gc,phases      ] GC(101)   Other: 0.11ms
[324.799s][info][gc,heap        ] GC(101) Eden regions: 1115->0(1112)
[324.799s][info][gc,heap        ] GC(101) Survivor regions: 113->116(154)
[324.799s][info][gc,heap        ] GC(101) Old regions: 488->519
[324.799s][info][gc,heap        ] GC(101) Humongous regions: 77->77
[324.799s][info][gc,metaspace   ] GC(101) Metaspace: 28775K(29120K)->28775K(29120K) NonClass: 23891K(24000K)->23891K(24000K) Class: 4884K(5120K)->4884K(5120K)
[324.799s][info][gc             ] GC(101) Pause Young (Concurrent Start) (G1 Evacuation Pause) 3584M->1422M(4096M) 123.872ms
[324.799s][info][gc             ] GC(102) Concurrent Mark Cycle
[324.799s][info][gc,marking     ] GC(102) Concurrent Scan Root Regions
[324.799s][info][gc,cpu         ] GC(101) User=0.73s Sys=0.00s Real=0.12s
[324.986s][info][gc,marking     ] GC(102) Concurrent Scan Root Regions 186.643ms
[324.986s][info][gc,marking     ] GC(102) Concurrent Mark
[324.986s][info][gc,marking     ] GC(102) Concurrent Mark From Roots
[324.986s][info][gc,task        ] GC(102) Using 2 workers of 2 for marking
.[325.893s][info][gc,marking     ] GC(102) Concurrent Mark From Roots 906.906ms
[325.893s][info][gc,marking     ] GC(102) Concurrent Preclean
[325.893s][info][gc,marking     ] GC(102) Concurrent Preclean 0.108ms
[325.894s][info][gc,start       ] GC(102) Pause Remark
[325.896s][info][gc             ] GC(102) Pause Remark 2457M->2457M(4096M) 2.358ms
[325.896s][info][gc,cpu         ] GC(102) User=0.01s Sys=0.00s Real=0.00s
[325.899s][info][gc,marking     ] GC(102) Concurrent Mark 912.912ms
[325.899s][info][gc,marking     ] GC(102) Concurrent Rebuild Remembered Sets and Scrub Regions
.[326.200s][info][gc,marking     ] GC(102) Concurrent Rebuild Remembered Sets and Scrub Regions 301.496ms
[326.201s][info][gc,start       ] GC(102) Pause Cleanup
[326.201s][info][gc             ] GC(102) Pause Cleanup 2716M->2716M(4096M) 0.167ms
[326.201s][info][gc,cpu         ] GC(102) User=0.00s Sys=0.00s Real=0.00s
[326.201s][info][gc,marking     ] GC(102) Concurrent Clear Claimed Marks
[326.201s][info][gc,marking     ] GC(102) Concurrent Clear Claimed Marks 0.028ms
[326.201s][info][gc,marking     ] GC(102) Concurrent Cleanup for Next Mark
[326.206s][info][gc,marking     ] GC(102) Concurrent Cleanup for Next Mark 5.430ms
[326.206s][info][gc             ] GC(102) Concurrent Mark Cycle 1407.174ms
[326.802s][info][gc,start       ] GC(103) Pause Young (Prepare Mixed) (G1 Evacuation Pause)
[326.802s][info][gc,task        ] GC(103) Using 6 workers of 6 for evacuation
[326.931s][info][gc,phases      ] GC(103)   Pre Evacuate Collection Set: 0.35ms
[326.931s][info][gc,phases      ] GC(103)   Merge Heap Roots: 0.57ms
[326.931s][info][gc,phases      ] GC(103)   Evacuate Collection Set: 126.68ms
[326.931s][info][gc,phases      ] GC(103)   Post Evacuate Collection Set: 1.04ms
[326.931s][info][gc,phases      ] GC(103)   Other: 0.09ms
[326.931s][info][gc,heap        ] GC(103) Eden regions: 1112->0(1082)
[326.931s][info][gc,heap        ] GC(103) Survivor regions: 116->117(154)
[326.931s][info][gc,heap        ] GC(103) Old regions: 519->552
[326.931s][info][gc,heap        ] GC(103) Humongous regions: 77->77
[326.931s][info][gc,metaspace   ] GC(103) Metaspace: 28775K(29120K)->28775K(29120K) NonClass: 23891K(24000K)->23891K(24000K) Class: 4884K(5120K)->4884K(5120K)
[326.931s][info][gc             ] GC(103) Pause Young (Prepare Mixed) (G1 Evacuation Pause) 3646M->1490M(4096M) 128.866ms
[326.931s][info][gc,cpu         ] GC(103) User=0.76s Sys=0.00s Real=0.13s
..[328.659s][info][gc,start       ] GC(104) Pause Young (Mixed) (G1 Evacuation Pause)
[328.659s][info][gc,task        ] GC(104) Using 6 workers of 6 for evacuation
[328.809s][info][gc,phases      ] GC(104)   Pre Evacuate Collection Set: 0.44ms
[328.809s][info][gc,phases      ] GC(104)   Merge Heap Roots: 0.73ms
[328.809s][info][gc,phases      ] GC(104)   Evacuate Collection Set: 139.27ms
[328.809s][info][gc,phases      ] GC(104)   Merge Optional Heap Roots: 0.19ms
[328.809s][info][gc,phases      ] GC(104)   Evacuate Optional Collection Set: 8.00ms
[328.809s][info][gc,phases      ] GC(104)   Post Evacuate Collection Set: 1.10ms
[328.809s][info][gc,phases      ] GC(104)   Other: 0.10ms
[328.809s][info][gc,heap        ] GC(104) Eden regions: 1082->0(1115)
[328.809s][info][gc,heap        ] GC(104) Survivor regions: 117->113(150)
[328.809s][info][gc,heap        ] GC(104) Old regions: 552->460
[328.809s][info][gc,heap        ] GC(104) Humongous regions: 77->77
[328.809s][info][gc,metaspace   ] GC(104) Metaspace: 28775K(29120K)->28775K(29120K) NonClass: 23891K(24000K)->23891K(24000K) Class: 4884K(5120K)->4884K(5120K)
[328.809s][info][gc             ] GC(104) Pause Young (Mixed) (G1 Evacuation Pause) 3654M->1298M(4096M) 149.980ms
[328.809s][info][gc,cpu         ] GC(104) User=0.89s Sys=0.00s Real=0.15s
.. (rIR:aIR:PR = 9238:9312:9311) (tPR = 140931) [OK] 
   329s:       rampup IR =  10393 [330.565s][info][gc,start       ] GC(105) Pause Young (Concurrent Start) (G1 Evacuation Pause)
[330.565s][info][gc,task        ] GC(105) Using 6 workers of 6 for evacuation
[330.690s][info][gc,phases      ] GC(105)   Pre Evacuate Collection Set: 0.41ms
[330.690s][info][gc,phases      ] GC(105)   Merge Heap Roots: 0.52ms
[330.690s][info][gc,phases      ] GC(105)   Evacuate Collection Set: 122.38ms
[330.690s][info][gc,phases      ] GC(105)   Post Evacuate Collection Set: 0.93ms
[330.690s][info][gc,phases      ] GC(105)   Other: 0.12ms
[330.690s][info][gc,heap        ] GC(105) Eden regions: 1115->0(1117)
[330.690s][info][gc,heap        ] GC(105) Survivor regions: 113->111(154)
[330.690s][info][gc,heap        ] GC(105) Old regions: 460->494
[330.690s][info][gc,heap        ] GC(105) Humongous regions: 77->77
[330.690s][info][gc,metaspace   ] GC(105) Metaspace: 28775K(29120K)->28775K(29120K) NonClass: 23891K(24000K)->23891K(24000K) Class: 4884K(5120K)->4884K(5120K)
[330.690s][info][gc             ] GC(105) Pause Young (Concurrent Start) (G1 Evacuation Pause) 3528M->1362M(4096M) 124.507ms
[330.690s][info][gc             ] GC(106) Concurrent Mark Cycle
[330.690s][info][gc,marking     ] GC(106) Concurrent Scan Root Regions
[330.690s][info][gc,cpu         ] GC(105) User=0.74s Sys=0.00s Real=0.12s
[330.885s][info][gc,marking     ] GC(106) Concurrent Scan Root Regions 194.999ms
[330.885s][info][gc,marking     ] GC(106) Concurrent Mark
[330.885s][info][gc,marking     ] GC(106) Concurrent Mark From Roots
[330.885s][info][gc,task        ] GC(106) Using 2 workers of 2 for marking
.[331.812s][info][gc,marking     ] GC(106) Concurrent Mark From Roots 926.779ms
[331.812s][info][gc,marking     ] GC(106) Concurrent Preclean
[331.812s][info][gc,marking     ] GC(106) Concurrent Preclean 0.135ms
[331.814s][info][gc,start       ] GC(106) Pause Remark
[331.818s][info][gc             ] GC(106) Pause Remark 2522M->2522M(4096M) 3.728ms
[331.818s][info][gc,cpu         ] GC(106) User=0.02s Sys=0.00s Real=0.00s
[331.819s][info][gc,marking     ] GC(106) Concurrent Mark 934.653ms
[331.819s][info][gc,marking     ] GC(106) Concurrent Rebuild Remembered Sets and Scrub Regions
[332.159s][info][gc,marking     ] GC(106) Concurrent Rebuild Remembered Sets and Scrub Regions 339.827ms
[332.162s][info][gc,start       ] GC(106) Pause Cleanup
[332.162s][info][gc             ] GC(106) Pause Cleanup 2826M->2826M(4096M) 0.168ms
[332.162s][info][gc,cpu         ] GC(106) User=0.00s Sys=0.00s Real=0.01s
[332.162s][info][gc,marking     ] GC(106) Concurrent Clear Claimed Marks
[332.162s][info][gc,marking     ] GC(106) Concurrent Clear Claimed Marks 0.030ms
[332.162s][info][gc,marking     ] GC(106) Concurrent Cleanup for Next Mark
[332.167s][info][gc,marking     ] GC(106) Concurrent Cleanup for Next Mark 5.048ms
[332.167s][info][gc             ] GC(106) Concurrent Mark Cycle 1477.788ms
.[332.676s][info][gc,start       ] GC(107) Pause Young (Prepare Mixed) (G1 Evacuation Pause)
[332.676s][info][gc,task        ] GC(107) Using 6 workers of 6 for evacuation
[332.800s][info][gc,phases      ] GC(107)   Pre Evacuate Collection Set: 0.36ms
[332.800s][info][gc,phases      ] GC(107)   Merge Heap Roots: 0.49ms
[332.800s][info][gc,phases      ] GC(107)   Evacuate Collection Set: 122.18ms
[332.800s][info][gc,phases      ] GC(107)   Post Evacuate Collection Set: 0.98ms
[332.800s][info][gc,phases      ] GC(107)   Other: 0.09ms
[332.800s][info][gc,heap        ] GC(107) Eden regions: 1117->0(1110)
[332.800s][info][gc,heap        ] GC(107) Survivor regions: 111->116(154)
[332.800s][info][gc,heap        ] GC(107) Old regions: 494->526
[332.800s][info][gc,heap        ] GC(107) Humongous regions: 77->77
[332.800s][info][gc,metaspace   ] GC(107) Metaspace: 28776K(29120K)->28776K(29120K) NonClass: 23892K(24000K)->23892K(24000K) Class: 4884K(5120K)->4884K(5120K)
[332.800s][info][gc             ] GC(107) Pause Young (Prepare Mixed) (G1 Evacuation Pause) 3596M->1435M(4096M) 124.255ms
[332.800s][info][gc,cpu         ] GC(107) User=0.73s Sys=0.01s Real=0.12s
.[334.328s][info][gc,start       ] GC(108) Pause Young (Mixed) (G1 Evacuation Pause)
[334.328s][info][gc,task        ] GC(108) Using 6 workers of 6 for evacuation
[334.474s][info][gc,phases      ] GC(108)   Pre Evacuate Collection Set: 0.40ms
[334.474s][info][gc,phases      ] GC(108)   Merge Heap Roots: 0.72ms
[334.474s][info][gc,phases      ] GC(108)   Evacuate Collection Set: 143.25ms
[334.474s][info][gc,phases      ] GC(108)   Post Evacuate Collection Set: 0.98ms
[334.474s][info][gc,phases      ] GC(108)   Other: 0.09ms
[334.474s][info][gc,heap        ] GC(108) Eden regions: 1110->0(1112)
[334.474s][info][gc,heap        ] GC(108) Survivor regions: 116->116(154)
[334.474s][info][gc,heap        ] GC(108) Old regions: 526->465
[334.474s][info][gc,heap        ] GC(108) Humongous regions: 77->77
[334.474s][info][gc,metaspace   ] GC(108) Metaspace: 28778K(29120K)->28778K(29120K) NonClass: 23894K(24000K)->23894K(24000K) Class: 4884K(5120K)->4884K(5120K)
[334.474s][info][gc             ] GC(108) Pause Young (Mixed) (G1 Evacuation Pause) 3655M->1314M(4096M) 145.574ms
[334.474s][info][gc,cpu         ] GC(108) User=0.86s Sys=0.00s Real=0.15s
..[336.072s][info][gc,start       ] GC(109) Pause Young (Concurrent Start) (G1 Evacuation Pause)
[336.072s][info][gc,task        ] GC(109) Using 6 workers of 6 for evacuation
[336.194s][info][gc,phases      ] GC(109)   Pre Evacuate Collection Set: 0.41ms
[336.194s][info][gc,phases      ] GC(109)   Merge Heap Roots: 0.54ms
[336.194s][info][gc,phases      ] GC(109)   Evacuate Collection Set: 120.06ms
[336.194s][info][gc,phases      ] GC(109)   Post Evacuate Collection Set: 0.93ms
[336.194s][info][gc,phases      ] GC(109)   Other: 0.11ms
[336.194s][info][gc,heap        ] GC(109) Eden regions: 1112->0(1117)
[336.194s][info][gc,heap        ] GC(109) Survivor regions: 116->111(154)
[336.194s][info][gc,heap        ] GC(109) Old regions: 465->499
[336.194s][info][gc,heap        ] GC(109) Humongous regions: 77->77
[336.194s][info][gc,metaspace   ] GC(109) Metaspace: 28779K(29120K)->28779K(29120K) NonClass: 23895K(24000K)->23895K(24000K) Class: 4884K(5120K)->4884K(5120K)
[336.194s][info][gc             ] GC(109) Pause Young (Concurrent Start) (G1 Evacuation Pause) 3538M->1371M(4096M) 122.193ms
[336.194s][info][gc             ] GC(110) Concurrent Mark Cycle
[336.194s][info][gc,marking     ] GC(110) Concurrent Scan Root Regions
[336.194s][info][gc,cpu         ] GC(109) User=0.72s Sys=0.01s Real=0.13s
[336.433s][info][gc,marking     ] GC(110) Concurrent Scan Root Regions 238.443ms
[336.433s][info][gc,marking     ] GC(110) Concurrent Mark
[336.433s][info][gc,marking     ] GC(110) Concurrent Mark From Roots
[336.433s][info][gc,task        ] GC(110) Using 2 workers of 2 for marking
. (rIR:aIR:PR = 10393:10101:10117) (tPR = 150716) [OK] 
   336s:       rampup IR =  11548 [337.448s][info][gc,marking     ] GC(110) Concurrent Mark From Roots 1015.302ms
[337.448s][info][gc,marking     ] GC(110) Concurrent Preclean
[337.448s][info][gc,marking     ] GC(110) Concurrent Preclean 0.084ms
[337.450s][info][gc,start       ] GC(110) Pause Remark
[337.454s][info][gc             ] GC(110) Pause Remark 2569M->2569M(4096M) 3.650ms
[337.454s][info][gc,cpu         ] GC(110) User=0.02s Sys=0.00s Real=0.01s
[337.454s][info][gc,marking     ] GC(110) Concurrent Mark 1021.364ms
[337.454s][info][gc,marking     ] GC(110) Concurrent Rebuild Remembered Sets and Scrub Regions
[337.825s][info][gc,marking     ] GC(110) Concurrent Rebuild Remembered Sets and Scrub Regions 371.126ms
[337.826s][info][gc,start       ] GC(110) Pause Cleanup
[337.826s][info][gc             ] GC(110) Pause Cleanup 3021M->3021M(4096M) 0.144ms
[337.826s][info][gc,cpu         ] GC(110) User=0.01s Sys=0.00s Real=0.00s
[337.826s][info][gc,marking     ] GC(110) Concurrent Clear Claimed Marks
[337.826s][info][gc,marking     ] GC(110) Concurrent Clear Claimed Marks 0.030ms
[337.826s][info][gc,marking     ] GC(110) Concurrent Cleanup for Next Mark
[337.842s][info][gc,marking     ] GC(110) Concurrent Cleanup for Next Mark 15.872ms
[337.842s][info][gc             ] GC(110) Concurrent Mark Cycle 1647.703ms
.[338.260s][info][gc,start       ] GC(111) Pause Young (Prepare Mixed) (G1 Evacuation Pause)
[338.260s][info][gc,task        ] GC(111) Using 6 workers of 6 for evacuation
[338.383s][info][gc,phases      ] GC(111)   Pre Evacuate Collection Set: 0.35ms
[338.383s][info][gc,phases      ] GC(111)   Merge Heap Roots: 0.54ms
[338.383s][info][gc,phases      ] GC(111)   Evacuate Collection Set: 120.37ms
[338.383s][info][gc,phases      ] GC(111)   Post Evacuate Collection Set: 0.95ms
[338.383s][info][gc,phases      ] GC(111)   Other: 0.09ms
[338.383s][info][gc,heap        ] GC(111) Eden regions: 1117->0(1109)
[338.383s][info][gc,heap        ] GC(111) Survivor regions: 111->114(154)
[338.383s][info][gc,heap        ] GC(111) Old regions: 499->531
[338.383s][info][gc,heap        ] GC(111) Humongous regions: 77->77
[338.383s][info][gc,metaspace   ] GC(111) Metaspace: 28781K(29120K)->28781K(29120K) NonClass: 23897K(24000K)->23897K(24000K) Class: 4884K(5120K)->4884K(5120K)
[338.383s][info][gc             ] GC(111) Pause Young (Prepare Mixed) (G1 Evacuation Pause) 3605M->1441M(4096M) 122.452ms
[338.383s][info][gc,cpu         ] GC(111) User=0.72s Sys=0.00s Real=0.13s
.[339.837s][info][gc,start       ] GC(112) Pause Young (Mixed) (G1 Evacuation Pause)
[339.837s][info][gc,task        ] GC(112) Using 6 workers of 6 for evacuation
[339.979s][info][gc,phases      ] GC(112)   Pre Evacuate Collection Set: 0.39ms
[339.979s][info][gc,phases      ] GC(112)   Merge Heap Roots: 0.65ms
[339.979s][info][gc,phases      ] GC(112)   Evacuate Collection Set: 139.81ms
[339.979s][info][gc,phases      ] GC(112)   Post Evacuate Collection Set: 1.00ms
[339.979s][info][gc,phases      ] GC(112)   Other: 0.09ms
[339.979s][info][gc,heap        ] GC(112) Eden regions: 1109->0(1114)
[339.979s][info][gc,heap        ] GC(112) Survivor regions: 114->114(153)
[339.979s][info][gc,heap        ] GC(112) Old regions: 531->464
[339.979s][info][gc,heap        ] GC(112) Humongous regions: 77->77
[339.979s][info][gc,metaspace   ] GC(112) Metaspace: 28781K(29120K)->28781K(29120K) NonClass: 23897K(24000K)->23897K(24000K) Class: 4884K(5120K)->4884K(5120K)
[339.979s][info][gc             ] GC(112) Pause Young (Mixed) (G1 Evacuation Pause) 3659M->1308M(4096M) 142.052ms
[339.979s][info][gc,cpu         ] GC(112) User=0.85s Sys=0.00s Real=0.14s
..[341.506s][info][gc,start       ] GC(113) Pause Young (Concurrent Start) (G1 Evacuation Pause)
[341.506s][info][gc,task        ] GC(113) Using 6 workers of 6 for evacuation
[341.629s][info][gc,phases      ] GC(113)   Pre Evacuate Collection Set: 0.46ms
[341.630s][info][gc,phases      ] GC(113)   Merge Heap Roots: 0.55ms
[341.630s][info][gc,phases      ] GC(113)   Evacuate Collection Set: 120.38ms
[341.630s][info][gc,phases      ] GC(113)   Post Evacuate Collection Set: 0.90ms
[341.630s][info][gc,phases      ] GC(113)   Other: 0.88ms
[341.630s][info][gc,heap        ] GC(113) Eden regions: 1114->0(1114)
[341.630s][info][gc,heap        ] GC(113) Survivor regions: 114->114(154)
[341.630s][info][gc,heap        ] GC(113) Old regions: 464->497
[341.630s][info][gc,heap        ] GC(113) Humongous regions: 77->77
[341.630s][info][gc,metaspace   ] GC(113) Metaspace: 28782K(29120K)->28782K(29120K) NonClass: 23898K(24000K)->23898K(24000K) Class: 4884K(5120K)->4884K(5120K)
[341.630s][info][gc             ] GC(113) Pause Young (Concurrent Start) (G1 Evacuation Pause) 3536M->1374M(4096M) 123.312ms
[341.630s][info][gc             ] GC(114) Concurrent Mark Cycle
[341.630s][info][gc,marking     ] GC(114) Concurrent Scan Root Regions
[341.630s][info][gc,cpu         ] GC(113) User=0.73s Sys=0.00s Real=0.12s
[341.818s][info][gc,marking     ] GC(114) Concurrent Scan Root Regions 188.062ms
[341.818s][info][gc,marking     ] GC(114) Concurrent Mark
[341.818s][info][gc,marking     ] GC(114) Concurrent Mark From Roots
[341.818s][info][gc,task        ] GC(114) Using 2 workers of 2 for marking
[342.802s][info][gc,marking     ] GC(114) Concurrent Mark From Roots 983.898ms
[342.802s][info][gc,marking     ] GC(114) Concurrent Preclean
[342.802s][info][gc,marking     ] GC(114) Concurrent Preclean 0.105ms
[342.807s][info][gc,start       ] GC(114) Pause Remark
[342.809s][info][gc             ] GC(114) Pause Remark 2496M->2496M(4096M) 2.434ms
[342.809s][info][gc,cpu         ] GC(114) User=0.01s Sys=0.00s Real=0.00s
[342.809s][info][gc,marking     ] GC(114) Concurrent Mark 991.516ms
[342.809s][info][gc,marking     ] GC(114) Concurrent Rebuild Remembered Sets and Scrub Regions
.[343.302s][info][gc,marking     ] GC(114) Concurrent Rebuild Remembered Sets and Scrub Regions 492.821ms
[343.305s][info][gc,start       ] GC(114) Pause Cleanup
[343.305s][info][gc             ] GC(114) Pause Cleanup 3038M->3038M(4096M) 0.169ms
[343.305s][info][gc,cpu         ] GC(114) User=0.00s Sys=0.00s Real=0.00s
[343.305s][info][gc,marking     ] GC(114) Concurrent Clear Claimed Marks
[343.305s][info][gc,marking     ] GC(114) Concurrent Clear Claimed Marks 0.034ms
[343.305s][info][gc,marking     ] GC(114) Concurrent Cleanup for Next Mark
[343.310s][info][gc,marking     ] GC(114) Concurrent Cleanup for Next Mark 4.639ms
[343.310s][info][gc             ] GC(114) Concurrent Mark Cycle 1680.565ms
[343.740s][info][gc,start       ] GC(115) Pause Young (Prepare Mixed) (G1 Evacuation Pause)
[343.740s][info][gc,task        ] GC(115) Using 6 workers of 6 for evacuation
[343.864s][info][gc,phases      ] GC(115)   Pre Evacuate Collection Set: 0.34ms
[343.864s][info][gc,phases      ] GC(115)   Merge Heap Roots: 0.60ms
[343.864s][info][gc,phases      ] GC(115)   Evacuate Collection Set: 121.60ms
[343.864s][info][gc,phases      ] GC(115)   Post Evacuate Collection Set: 0.97ms
[343.864s][info][gc,phases      ] GC(115)   Other: 0.09ms
[343.864s][info][gc,heap        ] GC(115) Eden regions: 1114->0(1107)
[343.864s][info][gc,heap        ] GC(115) Survivor regions: 114->115(154)
[343.864s][info][gc,heap        ] GC(115) Old regions: 497->531
[343.864s][info][gc,heap        ] GC(115) Humongous regions: 77->77
[343.864s][info][gc,metaspace   ] GC(115) Metaspace: 28782K(29120K)->28782K(29120K) NonClass: 23898K(24000K)->23898K(24000K) Class: 4884K(5120K)->4884K(5120K)
[343.864s][info][gc             ] GC(115) Pause Young (Prepare Mixed) (G1 Evacuation Pause) 3602M->1443M(4096M) 123.724ms
[343.864s][info][gc,cpu         ] GC(115) User=0.73s Sys=0.00s Real=0.13s
..[345.395s][info][gc,start       ] GC(116) Pause Young (Mixed) (G1 Evacuation Pause)
[345.395s][info][gc,task        ] GC(116) Using 6 workers of 6 for evacuation
[345.541s][info][gc,phases      ] GC(116)   Pre Evacuate Collection Set: 0.39ms
[345.541s][info][gc,phases      ] GC(116)   Merge Heap Roots: 0.70ms
[345.541s][info][gc,phases      ] GC(116)   Evacuate Collection Set: 143.20ms
[345.541s][info][gc,phases      ] GC(116)   Post Evacuate Collection Set: 0.88ms
[345.541s][info][gc,phases      ] GC(116)   Other: 0.10ms
[345.541s][info][gc,heap        ] GC(116) Eden regions: 1107->0(1113)
[345.541s][info][gc,heap        ] GC(116) Survivor regions: 115->115(153)
[345.541s][info][gc,heap        ] GC(116) Old regions: 531->470
[345.541s][info][gc,heap        ] GC(116) Humongous regions: 77->77
[345.541s][info][gc,metaspace   ] GC(116) Metaspace: 28782K(29120K)->28782K(29120K) NonClass: 23898K(24000K)->23898K(24000K) Class: 4884K(5120K)->4884K(5120K)
[345.541s][info][gc             ] GC(116) Pause Young (Mixed) (G1 Evacuation Pause) 3657M->1321M(4096M) 145.397ms
[345.541s][info][gc,cpu         ] GC(116) User=0.86s Sys=0.00s Real=0.14s
.[347.010s][info][gc,start       ] GC(117) Pause Young (Concurrent Start) (G1 Evacuation Pause)
[347.010s][info][gc,task        ] GC(117) Using 6 workers of 6 for evacuation
[347.172s][info][gc,phases      ] GC(117)   Pre Evacuate Collection Set: 0.41ms
[347.172s][info][gc,phases      ] GC(117)   Merge Heap Roots: 0.52ms
[347.172s][info][gc,phases      ] GC(117)   Evacuate Collection Set: 159.24ms
[347.172s][info][gc,phases      ] GC(117)   Post Evacuate Collection Set: 0.94ms
[347.172s][info][gc,phases      ] GC(117)   Other: 0.11ms
[347.172s][info][gc,heap        ] GC(117) Eden regions: 1113->0(1117)
[347.172s][info][gc,heap        ] GC(117) Survivor regions: 115->111(154)
[347.172s][info][gc,heap        ] GC(117) Old regions: 470->502
[347.172s][info][gc,heap        ] GC(117) Humongous regions: 77->77
[347.172s][info][gc,metaspace   ] GC(117) Metaspace: 28782K(29120K)->28782K(29120K) NonClass: 23898K(24000K)->23898K(24000K) Class: 4884K(5120K)->4884K(5120K)
[347.172s][info][gc             ] GC(117) Pause Young (Concurrent Start) (G1 Evacuation Pause) 3547M->1378M(4096M) 161.372ms
[347.172s][info][gc             ] GC(118) Concurrent Mark Cycle
[347.172s][info][gc,marking     ] GC(118) Concurrent Scan Root Regions
[347.172s][info][gc,cpu         ] GC(117) User=0.71s Sys=0.00s Real=0.16s
[347.405s][info][gc,marking     ] GC(118) Concurrent Scan Root Regions 232.864ms
[347.405s][info][gc,marking     ] GC(118) Concurrent Mark
[347.405s][info][gc,marking     ] GC(118) Concurrent Mark From Roots
[347.405s][info][gc,task        ] GC(118) Using 2 workers of 2 for marking
.[349.169s][info][gc,marking     ] GC(118) Concurrent Mark From Roots 1764.618ms
[349.169s][info][gc,marking     ] GC(118) Concurrent Preclean
[349.169s][info][gc,marking     ] GC(118) Concurrent Preclean 0.071ms
[349.173s][info][gc,start       ] GC(118) Pause Remark
[349.175s][info][gc             ] GC(118) Pause Remark 3584M->3584M(4096M) 2.441ms
[349.175s][info][gc,cpu         ] GC(118) User=0.01s Sys=0.00s Real=0.00s
[349.175s][info][gc,marking     ] GC(118) Concurrent Mark 1770.766ms
[349.176s][info][gc,marking     ] GC(118) Concurrent Rebuild Remembered Sets and Scrub Regions
[349.200s][info][gc,start       ] GC(119) Pause Young (Normal) (G1 Evacuation Pause)
[349.200s][info][gc,task        ] GC(119) Using 6 workers of 6 for evacuation
[349.328s][info][gc,phases      ] GC(119)   Pre Evacuate Collection Set: 0.31ms
[349.328s][info][gc,phases      ] GC(119)   Merge Heap Roots: 0.51ms
[349.328s][info][gc,phases      ] GC(119)   Evacuate Collection Set: 125.33ms
[349.328s][info][gc,phases      ] GC(119)   Post Evacuate Collection Set: 0.93ms
[349.328s][info][gc,phases      ] GC(119)   Other: 0.09ms
[349.328s][info][gc,heap        ] GC(119) Eden regions: 1117->0(1096)
[349.328s][info][gc,heap        ] GC(119) Survivor regions: 111->119(154)
[349.328s][info][gc,heap        ] GC(119) Old regions: 502->534
[349.328s][info][gc,heap        ] GC(119) Humongous regions: 77->77
[349.328s][info][gc,metaspace   ] GC(119) Metaspace: 28782K(29120K)->28782K(29120K) NonClass: 23898K(24000K)->23898K(24000K) Class: 4884K(5120K)->4884K(5120K)
[349.328s][info][gc             ] GC(119) Pause Young (Normal) (G1 Evacuation Pause) 3612M->1457M(4096M) 127.298ms
[349.328s][info][gc,cpu         ] GC(119) User=0.75s Sys=0.00s Real=0.13s
.[349.730s][info][gc,marking     ] GC(118) Concurrent Rebuild Remembered Sets and Scrub Regions 554.901ms
[349.731s][info][gc,start       ] GC(118) Pause Cleanup
[349.731s][info][gc             ] GC(118) Pause Cleanup 1995M->1995M(4096M) 0.144ms
[349.731s][info][gc,cpu         ] GC(118) User=0.00s Sys=0.00s Real=0.00s
[349.731s][info][gc,marking     ] GC(118) Concurrent Clear Claimed Marks
[349.731s][info][gc,marking     ] GC(118) Concurrent Clear Claimed Marks 0.040ms
[349.731s][info][gc,marking     ] GC(118) Concurrent Cleanup for Next Mark
[349.737s][info][gc,marking     ] GC(118) Concurrent Cleanup for Next Mark 5.970ms
[349.737s][info][gc             ] GC(118) Concurrent Mark Cycle 2565.599ms
.[350.823s][info][gc,start       ] GC(120) Pause Young (Prepare Mixed) (G1 Evacuation Pause)
[350.823s][info][gc,task        ] GC(120) Using 6 workers of 6 for evacuation
[350.954s][info][gc,phases      ] GC(120)   Pre Evacuate Collection Set: 0.37ms
[350.954s][info][gc,phases      ] GC(120)   Merge Heap Roots: 0.53ms
[350.954s][info][gc,phases      ] GC(120)   Evacuate Collection Set: 129.38ms
[350.954s][info][gc,phases      ] GC(120)   Post Evacuate Collection Set: 0.95ms
[350.954s][info][gc,phases      ] GC(120)   Other: 0.09ms
[350.954s][info][gc,heap        ] GC(120) Eden regions: 1096->0(1053)
[350.954s][info][gc,heap        ] GC(120) Survivor regions: 119->125(152)
[350.954s][info][gc,heap        ] GC(120) Old regions: 534->565
[350.954s][info][gc,heap        ] GC(120) Humongous regions: 77->77
[350.954s][info][gc,metaspace   ] GC(120) Metaspace: 28783K(29120K)->28783K(29120K) NonClass: 23898K(24000K)->23898K(24000K) Class: 4884K(5120K)->4884K(5120K)
[350.955s][info][gc             ] GC(120) Pause Young (Prepare Mixed) (G1 Evacuation Pause) 3649M->1532M(4096M) 131.465ms
[350.955s][info][gc,cpu         ] GC(120) User=0.78s Sys=0.00s Real=0.13s
.[352.391s][info][gc,start       ] GC(121) Pause Young (Mixed) (G1 Evacuation Pause)
[352.391s][info][gc,task        ] GC(121) Using 6 workers of 6 for evacuation
[352.539s][info][gc,phases      ] GC(121)   Pre Evacuate Collection Set: 0.39ms
[352.539s][info][gc,phases      ] GC(121)   Merge Heap Roots: 0.68ms
[352.539s][info][gc,phases      ] GC(121)   Evacuate Collection Set: 146.11ms
[352.539s][info][gc,phases      ] GC(121)   Post Evacuate Collection Set: 1.02ms
[352.539s][info][gc,phases      ] GC(121)   Other: 0.10ms
[352.539s][info][gc,heap        ] GC(121) Eden regions: 1053->0(1155)
[352.539s][info][gc,heap        ] GC(121) Survivor regions: 125->73(148)
[352.539s][info][gc,heap        ] GC(121) Old regions: 565->540
[352.539s][info][gc,heap        ] GC(121) Humongous regions: 77->77
[352.539s][info][gc,metaspace   ] GC(121) Metaspace: 28783K(29120K)->28783K(29120K) NonClass: 23898K(24000K)->23898K(24000K) Class: 4884K(5120K)->4884K(5120K)
[352.539s][info][gc             ] GC(121) Pause Young (Mixed) (G1 Evacuation Pause) 3638M->1378M(4096M) 148.436ms
[352.539s][info][gc,cpu         ] GC(121) User=0.88s Sys=0.00s Real=0.15s
..[354.141s][info][gc,start       ] GC(122) Pause Young (Concurrent Start) (G1 Evacuation Pause)
[354.141s][info][gc,task        ] GC(122) Using 6 workers of 6 for evacuation
[354.244s][info][gc,phases      ] GC(122)   Pre Evacuate Collection Set: 0.41ms
[354.244s][info][gc,phases      ] GC(122)   Merge Heap Roots: 0.47ms
[354.244s][info][gc,phases      ] GC(122)   Evacuate Collection Set: 101.46ms
[354.244s][info][gc,phases      ] GC(122)   Post Evacuate Collection Set: 0.88ms
[354.244s][info][gc,phases      ] GC(122)   Other: 0.11ms
[354.244s][info][gc,heap        ] GC(122) Eden regions: 1155->0(1090)
[354.244s][info][gc,heap        ] GC(122) Survivor regions: 73->119(154)
[354.244s][info][gc,heap        ] GC(122) Old regions: 540->540
[354.244s][info][gc,heap        ] GC(122) Humongous regions: 77->77
[354.244s][info][gc,metaspace   ] GC(122) Metaspace: 28783K(29120K)->28783K(29120K) NonClass: 23898K(24000K)->23898K(24000K) Class: 4884K(5120K)->4884K(5120K)
[354.244s][info][gc             ] GC(122) Pause Young (Concurrent Start) (G1 Evacuation Pause) 3688M->1471M(4096M) 103.460ms
[354.244s][info][gc             ] GC(123) Concurrent Mark Cycle
[354.244s][info][gc,marking     ] GC(123) Concurrent Scan Root Regions
[354.244s][info][gc,cpu         ] GC(122) User=0.61s Sys=0.00s Real=0.11s
[354.366s][info][gc,marking     ] GC(123) Concurrent Scan Root Regions 121.423ms
[354.366s][info][gc,marking     ] GC(123) Concurrent Mark
[354.366s][info][gc,marking     ] GC(123) Concurrent Mark From Roots
[354.366s][info][gc,task        ] GC(123) Using 2 workers of 2 for marking
.[355.925s][info][gc,marking     ] GC(123) Concurrent Mark From Roots 1559.399ms
[355.925s][info][gc,marking     ] GC(123) Concurrent Preclean
[355.925s][info][gc,marking     ] GC(123) Concurrent Preclean 0.074ms
[355.928s][info][gc,start       ] GC(123) Pause Remark
[355.932s][info][gc             ] GC(123) Pause Remark 3185M->3185M(4096M) 4.407ms
[355.932s][info][gc,cpu         ] GC(123) User=0.03s Sys=0.00s Real=0.01s
[355.935s][info][gc,marking     ] GC(123) Concurrent Mark 1569.104ms
[355.935s][info][gc,marking     ] GC(123) Concurrent Rebuild Remembered Sets and Scrub Regions
[356.376s][info][gc,marking     ] GC(123) Concurrent Rebuild Remembered Sets and Scrub Regions 441.462ms
[356.376s][info][gc,start       ] GC(124) Pause Young (Normal) (G1 Evacuation Pause)
[356.376s][info][gc,task        ] GC(124) Using 6 workers of 6 for evacuation
[356.497s][info][gc,phases      ] GC(124)   Pre Evacuate Collection Set: 0.33ms
[356.497s][info][gc,phases      ] GC(124)   Merge Heap Roots: 0.53ms
[356.497s][info][gc,phases      ] GC(124)   Evacuate Collection Set: 118.49ms
[356.497s][info][gc,phases      ] GC(124)   Post Evacuate Collection Set: 1.04ms
[356.497s][info][gc,phases      ] GC(124)   Other: 0.09ms
[356.497s][info][gc,heap        ] GC(124) Eden regions: 1090->0(1073)
[356.497s][info][gc,heap        ] GC(124) Survivor regions: 119->112(152)
[356.497s][info][gc,heap        ] GC(124) Old regions: 540->571
[356.497s][info][gc,heap        ] GC(124) Humongous regions: 77->77
[356.497s][info][gc,metaspace   ] GC(124) Metaspace: 28784K(29184K)->28784K(29184K) NonClass: 23900K(24064K)->23900K(24064K) Class: 4884K(5120K)->4884K(5120K)
[356.497s][info][gc             ] GC(124) Pause Young (Normal) (G1 Evacuation Pause) 3651M->1519M(4096M) 120.600ms
[356.497s][info][gc,cpu         ] GC(124) User=0.71s Sys=0.00s Real=0.12s
.[356.502s][info][gc,start       ] GC(123) Pause Cleanup
[356.502s][info][gc             ] GC(123) Pause Cleanup 1532M->1532M(4096M) 0.185ms
[356.503s][info][gc,cpu         ] GC(123) User=0.00s Sys=0.00s Real=0.00s
[356.503s][info][gc,marking     ] GC(123) Concurrent Clear Claimed Marks
[356.503s][info][gc,marking     ] GC(123) Concurrent Clear Claimed Marks 0.027ms
[356.503s][info][gc,marking     ] GC(123) Concurrent Cleanup for Next Mark
[356.512s][info][gc,marking     ] GC(123) Concurrent Cleanup for Next Mark 9.536ms
[356.512s][info][gc             ] GC(123) Concurrent Mark Cycle 2268.028ms
.[357.914s][info][gc,start       ] GC(125) Pause Young (Prepare Mixed) (G1 Evacuation Pause)
[357.915s][info][gc,task        ] GC(125) Using 6 workers of 6 for evacuation
[358.086s][info][gc,phases      ] GC(125)   Pre Evacuate Collection Set: 0.35ms
[358.086s][info][gc,phases      ] GC(125)   Merge Heap Roots: 0.56ms
[358.086s][info][gc,phases      ] GC(125)   Evacuate Collection Set: 169.85ms
[358.086s][info][gc,phases      ] GC(125)   Post Evacuate Collection Set: 1.01ms
[358.086s][info][gc,phases      ] GC(125)   Other: 0.09ms
[358.086s][info][gc,heap        ] GC(125) Eden regions: 1073->0(1029)
[358.086s][info][gc,heap        ] GC(125) Survivor regions: 112->117(149)
[358.086s][info][gc,heap        ] GC(125) Old regions: 571->605
[358.086s][info][gc,heap        ] GC(125) Humongous regions: 77->77
[358.086s][info][gc,metaspace   ] GC(125) Metaspace: 28786K(29184K)->28786K(29184K) NonClass: 23901K(24064K)->23901K(24064K) Class: 4884K(5120K)->4884K(5120K)
[358.086s][info][gc             ] GC(125) Pause Young (Prepare Mixed) (G1 Evacuation Pause) 3665M->1597M(4096M) 171.994ms
[358.087s][info][gc,cpu         ] GC(125) User=0.78s Sys=0.00s Real=0.17s
.[359.524s][info][gc,start       ] GC(126) Pause Young (Mixed) (G1 Evacuation Pause)
[359.525s][info][gc,task        ] GC(126) Using 6 workers of 6 for evacuation
[359.684s][info][gc,phases      ] GC(126)   Pre Evacuate Collection Set: 0.38ms
[359.684s][info][gc,phases      ] GC(126)   Merge Heap Roots: 0.84ms
[359.684s][info][gc,phases      ] GC(126)   Evacuate Collection Set: 143.14ms
[359.684s][info][gc,phases      ] GC(126)   Merge Optional Heap Roots: 0.22ms
[359.684s][info][gc,phases      ] GC(126)   Evacuate Optional Collection Set: 13.83ms
[359.684s][info][gc,phases      ] GC(126)   Post Evacuate Collection Set: 1.41ms
[359.684s][info][gc,phases      ] GC(126)   Other: 0.09ms
[359.684s][info][gc,heap        ] GC(126) Eden regions: 1029->0(1161)
[359.684s][info][gc,heap        ] GC(126) Survivor regions: 117->67(144)
[359.684s][info][gc,heap        ] GC(126) Old regions: 605->543
[359.684s][info][gc,heap        ] GC(126) Humongous regions: 77->77
[359.684s][info][gc,metaspace   ] GC(126) Metaspace: 28786K(29184K)->28786K(29184K) NonClass: 23901K(24064K)->23901K(24064K) Class: 4884K(5120K)->4884K(5120K)
[359.685s][info][gc             ] GC(126) Pause Young (Mixed) (G1 Evacuation Pause) 3655M->1372M(4096M) 160.058ms
[359.685s][info][gc,cpu         ] GC(126) User=0.95s Sys=0.00s Real=0.16s
.[361.133s][info][gc,start       ] GC(127) Pause Young (Mixed) (G1 Evacuation Pause)
[361.133s][info][gc,task        ] GC(127) Using 6 workers of 6 for evacuation
[361.275s][info][gc,phases      ] GC(127)   Pre Evacuate Collection Set: 0.32ms
[361.275s][info][gc,phases      ] GC(127)   Merge Heap Roots: 0.84ms
[361.275s][info][gc,phases      ] GC(127)   Evacuate Collection Set: 139.94ms
[361.275s][info][gc,phases      ] GC(127)   Post Evacuate Collection Set: 0.98ms
[361.275s][info][gc,phases      ] GC(127)   Other: 0.12ms
[361.275s][info][gc,heap        ] GC(127) Eden regions: 1161->0(1047)
[361.275s][info][gc,heap        ] GC(127) Survivor regions: 67->138(154)
[361.275s][info][gc,heap        ] GC(127) Old regions: 543->545
[361.275s][info][gc,heap        ] GC(127) Humongous regions: 77->77
[361.275s][info][gc,metaspace   ] GC(127) Metaspace: 28786K(29184K)->28786K(29184K) NonClass: 23901K(24064K)->23901K(24064K) Class: 4884K(5120K)->4884K(5120K)
[361.275s][info][gc             ] GC(127) Pause Young (Mixed) (G1 Evacuation Pause) 3694M->1517M(4096M) 142.351ms
[361.276s][info][gc,cpu         ] GC(127) User=0.84s Sys=0.00s Real=0.14s
..[362.622s][info][gc,start       ] GC(128) Pause Young (Concurrent Start) (G1 Evacuation Pause)
[362.622s][info][gc,task        ] GC(128) Using 6 workers of 6 for evacuation
[362.747s][info][gc,phases      ] GC(128)   Pre Evacuate Collection Set: 0.43ms
[362.747s][info][gc,phases      ] GC(128)   Merge Heap Roots: 0.47ms
[362.747s][info][gc,phases      ] GC(128)   Evacuate Collection Set: 122.92ms
[362.747s][info][gc,phases      ] GC(128)   Post Evacuate Collection Set: 0.92ms
[362.747s][info][gc,phases      ] GC(128)   Other: 0.11ms
[362.747s][info][gc,heap        ] GC(128) Eden regions: 1047->0(1075)
[362.747s][info][gc,heap        ] GC(128) Survivor regions: 138->72(149)
[362.747s][info][gc,heap        ] GC(128) Old regions: 545->621
[362.747s][info][gc,heap        ] GC(128) Humongous regions: 77->77
[362.747s][info][gc,metaspace   ] GC(128) Metaspace: 28786K(29184K)->28786K(29184K) NonClass: 23901K(24064K)->23901K(24064K) Class: 4884K(5120K)->4884K(5120K)
[362.747s][info][gc             ] GC(128) Pause Young (Concurrent Start) (G1 Evacuation Pause) 3611M->1537M(4096M) 125.007ms
[362.747s][info][gc             ] GC(129) Concurrent Mark Cycle
[362.747s][info][gc,marking     ] GC(129) Concurrent Scan Root Regions
[362.747s][info][gc,cpu         ] GC(128) User=0.74s Sys=0.00s Real=0.12s
[363.181s][info][gc,marking     ] GC(129) Concurrent Scan Root Regions 433.843ms
[363.181s][info][gc,marking     ] GC(129) Concurrent Mark
[363.181s][info][gc,marking     ] GC(129) Concurrent Mark From Roots
[363.181s][info][gc,task        ] GC(129) Using 2 workers of 2 for marking
.[364.658s][info][gc,start       ] GC(130) Pause Young (Normal) (G1 Evacuation Pause)
[364.658s][info][gc,task        ] GC(130) Using 6 workers of 6 for evacuation
[364.768s][info][gc,phases      ] GC(130)   Pre Evacuate Collection Set: 0.34ms
[364.768s][info][gc,phases      ] GC(130)   Merge Heap Roots: 0.47ms
[364.768s][info][gc,phases      ] GC(130)   Evacuate Collection Set: 108.58ms
[364.768s][info][gc,phases      ] GC(130)   Post Evacuate Collection Set: 0.87ms
[364.768s][info][gc,phases      ] GC(130)   Other: 0.09ms
[364.768s][info][gc,heap        ] GC(130) Eden regions: 1075->0(989)
[364.768s][info][gc,heap        ] GC(130) Survivor regions: 72->129(144)
[364.768s][info][gc,heap        ] GC(130) Old regions: 621->621
[364.768s][info][gc,heap        ] GC(130) Humongous regions: 77->77
[364.768s][info][gc,metaspace   ] GC(130) Metaspace: 28786K(29184K)->28786K(29184K) NonClass: 23901K(24064K)->23901K(24064K) Class: 4884K(5120K)->4884K(5120K)
[364.768s][info][gc             ] GC(130) Pause Young (Normal) (G1 Evacuation Pause) 3687M->1651M(4096M) 110.480ms
[364.768s][info][gc,cpu         ] GC(130) User=0.66s Sys=0.00s Real=0.11s
[365.384s][info][gc,marking     ] GC(129) Concurrent Mark From Roots 2202.687ms
[365.384s][info][gc,marking     ] GC(129) Concurrent Preclean
[365.384s][info][gc,marking     ] GC(129) Concurrent Preclean 0.063ms
[365.384s][info][gc,start       ] GC(129) Pause Remark
[365.391s][info][gc             ] GC(129) Pause Remark 2331M->2331M(4096M) 7.056ms
[365.391s][info][gc,cpu         ] GC(129) User=0.04s Sys=0.01s Real=0.00s
[365.391s][info][gc,marking     ] GC(129) Concurrent Mark 2210.118ms
[365.391s][info][gc,marking     ] GC(129) Concurrent Rebuild Remembered Sets and Scrub Regions
.[365.788s][info][gc,marking     ] GC(129) Concurrent Rebuild Remembered Sets and Scrub Regions 396.925ms
[365.788s][info][gc,start       ] GC(129) Pause Cleanup
[365.789s][info][gc             ] GC(129) Pause Cleanup 2792M->2792M(4096M) 0.158ms
[365.789s][info][gc,cpu         ] GC(129) User=0.00s Sys=0.00s Real=0.00s
[365.791s][info][gc,marking     ] GC(129) Concurrent Clear Claimed Marks
[365.791s][info][gc,marking     ] GC(129) Concurrent Clear Claimed Marks 0.064ms
[365.791s][info][gc,marking     ] GC(129) Concurrent Cleanup for Next Mark
[365.799s][info][gc,marking     ] GC(129) Concurrent Cleanup for Next Mark 7.811ms
[365.799s][info][gc             ] GC(129) Concurrent Mark Cycle 3051.832ms
[366.488s][info][gc,start       ] GC(131) Pause Young (Prepare Mixed) (G1 Evacuation Pause)
[366.488s][info][gc,task        ] GC(131) Using 6 workers of 6 for evacuation
[366.603s][info][gc,phases      ] GC(131)   Pre Evacuate Collection Set: 0.32ms
[366.603s][info][gc,phases      ] GC(131)   Merge Heap Roots: 0.48ms
[366.603s][info][gc,phases      ] GC(131)   Evacuate Collection Set: 112.87ms
[366.603s][info][gc,phases      ] GC(131)   Post Evacuate Collection Set: 0.96ms
[366.603s][info][gc,phases      ] GC(131)   Other: 0.08ms
[366.603s][info][gc,heap        ] GC(131) Eden regions: 989->0(1023)
[366.603s][info][gc,heap        ] GC(131) Survivor regions: 129->61(140)
[366.603s][info][gc,heap        ] GC(131) Old regions: 621->699
[366.603s][info][gc,heap        ] GC(131) Humongous regions: 77->77
[366.603s][info][gc,metaspace   ] GC(131) Metaspace: 28786K(29184K)->28786K(29184K) NonClass: 23901K(24064K)->23901K(24064K) Class: 4884K(5120K)->4884K(5120K)
[366.603s][info][gc             ] GC(131) Pause Young (Prepare Mixed) (G1 Evacuation Pause) 3629M->1672M(4096M) 114.859ms
[366.603s][info][gc,cpu         ] GC(131) User=0.68s Sys=0.00s Real=0.12s
..[367.940s][info][gc,start       ] GC(132) Pause Young (Mixed) (G1 Evacuation Pause)
[367.940s][info][gc,task        ] GC(132) Using 6 workers of 6 for evacuation
[368.105s][info][gc,phases      ] GC(132)   Pre Evacuate Collection Set: 0.42ms
[368.105s][info][gc,phases      ] GC(132)   Merge Heap Roots: 0.91ms
[368.105s][info][gc,phases      ] GC(132)   Evacuate Collection Set: 163.13ms
[368.105s][info][gc,phases      ] GC(132)   Post Evacuate Collection Set: 0.97ms
[368.105s][info][gc,phases      ] GC(132)   Other: 0.09ms
[368.105s][info][gc,heap        ] GC(132) Eden regions: 1023->0(1116)
[368.105s][info][gc,heap        ] GC(132) Survivor regions: 61->112(136)
[368.105s][info][gc,heap        ] GC(132) Old regions: 699->520
[368.105s][info][gc,heap        ] GC(132) Humongous regions: 77->77
[368.105s][info][gc,metaspace   ] GC(132) Metaspace: 28786K(29184K)->28786K(29184K) NonClass: 23902K(24064K)->23902K(24064K) Class: 4884K(5120K)->4884K(5120K)
[368.105s][info][gc             ] GC(132) Pause Young (Mixed) (G1 Evacuation Pause) 3718M->1416M(4096M) 165.635ms
[368.105s][info][gc,cpu         ] GC(132) User=0.74s Sys=0.00s Real=0.17s
 (rIR:aIR:PR = 11548:11574:10699) (tPR = 162652) [PR is under limit] 
   367s: Re-initializing (term[369.551s][info][gc,start       ] GC(133) Pause Young (Concurrent Start) (G1 Evacuation Pause)
[369.551s][info][gc,task        ] GC(133) Using 6 workers of 6 for evacuation
[369.679s][info][gc,phases      ] GC(133)   Pre Evacuate Collection Set: 0.39ms
[369.679s][info][gc,phases      ] GC(133)   Merge Heap Roots: 0.47ms
[369.679s][info][gc,phases      ] GC(133)   Evacuate Collection Set: 126.46ms
[369.679s][info][gc,phases      ] GC(133)   Post Evacuate Collection Set: 0.92ms
[369.679s][info][gc,phases      ] GC(133)   Other: 0.09ms
[369.679s][info][gc,heap        ] GC(133) Eden regions: 1116->0(1071)
[369.679s][info][gc,heap        ] GC(133) Survivor regions: 112->124(154)
[369.679s][info][gc,heap        ] GC(133) Old regions: 520->549
[369.679s][info][gc,heap        ] GC(133) Humongous regions: 77->77
[369.679s][info][gc,metaspace   ] GC(133) Metaspace: 28786K(29184K)->28786K(29184K) NonClass: 23902K(24064K)->23902K(24064K) Class: 4884K(5120K)->4884K(5120K)
[369.679s][info][gc             ] GC(133) Pause Young (Concurrent Start) (G1 Evacuation Pause) 3648M->1499M(4096M) 128.471ms
[369.679s][info][gc             ] GC(134) Concurrent Mark Cycle
[369.679s][info][gc,marking     ] GC(134) Concurrent Scan Root Regions
[369.679s][info][gc,cpu         ] GC(133) User=0.76s Sys=0.00s Real=0.13s
[369.918s][info][gc,marking     ] GC(134) Concurrent Scan Root Regions 238.803ms
[369.918s][info][gc,marking     ] GC(134) Concurrent Mark
[369.918s][info][gc,marking     ] GC(134) Concurrent Mark From Roots
[369.918s][info][gc,task        ] GC(134) Using 2 workers of 2 for marking
[371.603s][info][gc,marking     ] GC(134) Concurrent Mark From Roots 1685.075ms
[371.603s][info][gc,marking     ] GC(134) Concurrent Preclean
[371.603s][info][gc,marking     ] GC(134) Concurrent Preclean 0.059ms
[371.607s][info][gc,start       ] GC(134) Pause Remark
[371.612s][info][gc             ] GC(134) Pause Remark 3581M->3581M(4096M) 4.996ms
[371.612s][info][gc,cpu         ] GC(134) User=0.02s Sys=0.00s Real=0.01s
[371.613s][info][gc,marking     ] GC(134) Concurrent Mark 1694.719ms
[371.613s][info][gc,marking     ] GC(134) Concurrent Rebuild Remembered Sets and Scrub Regions
[371.676s][info][gc,start       ] GC(135) Pause Young (Normal) (G1 Evacuation Pause)
[371.676s][info][gc,task        ] GC(135) Using 6 workers of 6 for evacuation
[371.818s][info][gc,phases      ] GC(135)   Pre Evacuate Collection Set: 0.33ms
[371.818s][info][gc,phases      ] GC(135)   Merge Heap Roots: 0.52ms
[371.818s][info][gc,phases      ] GC(135)   Evacuate Collection Set: 140.17ms
[371.818s][info][gc,phases      ] GC(135)   Post Evacuate Collection Set: 1.07ms
[371.818s][info][gc,phases      ] GC(135)   Other: 0.09ms
[371.818s][info][gc,heap        ] GC(135) Eden regions: 1071->0(1054)
[371.818s][info][gc,heap        ] GC(135) Survivor regions: 124->85(150)
[371.818s][info][gc,heap        ] GC(135) Old regions: 549->629
[371.818s][info][gc,heap        ] GC(135) Humongous regions: 77->77
[371.818s][info][gc,metaspace   ] GC(135) Metaspace: 28789K(29184K)->28789K(29184K) NonClass: 23904K(24064K)->23904K(24064K) Class: 4884K(5120K)->4884K(5120K)
[371.818s][info][gc             ] GC(135) Pause Young (Normal) (G1 Evacuation Pause) 3641M->1580M(4096M) 142.343ms
[371.818s][info][gc,cpu         ] GC(135) User=0.84s Sys=0.00s Real=0.14s
[372.558s][info][gc,marking     ] GC(134) Concurrent Rebuild Remembered Sets and Scrub Regions 945.264ms
[372.559s][info][gc,start       ] GC(134) Pause Cleanup
[372.560s][info][gc             ] GC(134) Pause Cleanup 2578M->2578M(4096M) 0.176ms
[372.560s][info][gc,cpu         ] GC(134) User=0.00s Sys=0.00s Real=0.00s
[372.561s][info][gc,marking     ] GC(134) Concurrent Clear Claimed Marks
[372.561s][info][gc,marking     ] GC(134) Concurrent Clear Claimed Marks 0.038ms
[372.561s][info][gc,marking     ] GC(134) Concurrent Cleanup for Next Mark
[372.565s][info][gc,marking     ] GC(134) Concurrent Cleanup for Next Mark 4.397ms
[372.565s][info][gc             ] GC(134) Concurrent Mark Cycle 2885.922ms
[373.393s][info][gc,start       ] GC(136) Pause Young (Prepare Mixed) (G1 Evacuation Pause)
[373.393s][info][gc,task        ] GC(136) Using 6 workers of 6 for evacuation
[373.513s][info][gc,phases      ] GC(136)   Pre Evacuate Collection Set: 0.37ms
[373.513s][info][gc,phases      ] GC(136)   Merge Heap Roots: 0.77ms
[373.513s][info][gc,phases      ] GC(136)   Evacuate Collection Set: 117.35ms
[373.513s][info][gc,phases      ] GC(136)   Post Evacuate Collection Set: 1.05ms
[373.513s][info][gc,phases      ] GC(136)   Other: 0.86ms
[373.513s][info][gc,heap        ] GC(136) Eden regions: 1054->0(1014)
[373.513s][info][gc,heap        ] GC(136) Survivor regions: 85->75(143)
[373.513s][info][gc,heap        ] GC(136) Old regions: 629->687
[373.513s][info][gc,heap        ] GC(136) Humongous regions: 77->77
[373.513s][info][gc,metaspace   ] GC(136) Metaspace: 28793K(29184K)->28793K(29184K) NonClass: 23909K(24064K)->23909K(24064K) Class: 4884K(5120K)->4884K(5120K)
[373.513s][info][gc             ] GC(136) Pause Young (Prepare Mixed) (G1 Evacuation Pause) 3688M->1675M(4096M) 120.532ms
[373.513s][info][gc,cpu         ] GC(136) User=0.71s Sys=0.00s Real=0.12s
) [373.960s][info][gc,start       ] GC(137) Pause Full (System.gc())
[373.960s][info][gc,task        ] GC(137) Using 6 workers of 6 for full compaction
[373.961s][info][gc,phases,start] GC(137) Phase 1: Mark live objects
[373.976s][info][gc,phases      ] GC(137) Phase 1: Mark live objects 15.629ms
[373.976s][info][gc,phases,start] GC(137) Phase 2: Prepare compaction
[373.979s][info][gc,phases      ] GC(137) Phase 2: Prepare compaction 2.569ms
[373.979s][info][gc,phases,start] GC(137) Phase 3: Adjust pointers
[373.986s][info][gc,phases      ] GC(137) Phase 3: Adjust pointers 6.955ms
[373.986s][info][gc,phases,start] GC(137) Phase 4: Compact heap
[373.989s][info][gc,phases      ] GC(137) Phase 4: Compact heap 2.647ms
[373.989s][info][gc,phases,start] GC(137) Phase 5: Reset Metadata
[373.993s][info][gc,phases      ] GC(137) Phase 5: Reset Metadata 4.491ms
[374.000s][info][gc,heap        ] GC(137) Eden regions: 351->0(1228)
[374.000s][info][gc,heap        ] GC(137) Survivor regions: 75->0(143)
[374.000s][info][gc,heap        ] GC(137) Old regions: 687->35
[374.000s][info][gc,heap        ] GC(137) Humongous regions: 77->66
[374.000s][info][gc,metaspace   ] GC(137) Metaspace: 28793K(29184K)->28793K(29184K) NonClass: 23909K(24064K)->23909K(24064K) Class: 4884K(5120K)->4884K(5120K)
[374.000s][info][gc             ] GC(137) Pause Full (System.gc()) 2376M->194M(4096M) 39.453ms
[374.000s][info][gc,cpu         ] GC(137) User=0.20s Sys=0.01s Real=0.04s
(init[374.357s][info][gc,start       ] GC(138) Pause Young (Concurrent Start) (G1 Humongous Allocation)
[374.357s][info][gc,task        ] GC(138) Using 6 workers of 6 for evacuation
[374.454s][info][gc,phases      ] GC(138)   Pre Evacuate Collection Set: 0.34ms
[374.454s][info][gc,phases      ] GC(138)   Merge Heap Roots: 0.21ms
[374.454s][info][gc,phases      ] GC(138)   Evacuate Collection Set: 96.11ms
[374.454s][info][gc,phases      ] GC(138)   Post Evacuate Collection Set: 0.37ms
[374.454s][info][gc,phases      ] GC(138)   Other: 0.08ms
[374.454s][info][gc,heap        ] GC(138) Eden regions: 174->0(1179)
[374.454s][info][gc,heap        ] GC(138) Survivor regions: 0->49(154)
[374.454s][info][gc,heap        ] GC(138) Old regions: 35->35
[374.454s][info][gc,heap        ] GC(138) Humongous regions: 93->93
[374.454s][info][gc,metaspace   ] GC(138) Metaspace: 28793K(29184K)->28793K(29184K) NonClass: 23909K(24064K)->23909K(24064K) Class: 4884K(5120K)->4884K(5120K)
[374.454s][info][gc             ] GC(138) Pause Young (Concurrent Start) (G1 Humongous Allocation) 596M->346M(4096M) 97.235ms
[374.454s][info][gc             ] GC(139) Concurrent Mark Cycle
[374.454s][info][gc,marking     ] GC(139) Concurrent Scan Root Regions
[374.454s][info][gc,cpu         ] GC(138) User=0.53s Sys=0.02s Real=0.10s
[374.483s][info][gc,marking     ] GC(139) Concurrent Scan Root Regions 28.831ms
[374.483s][info][gc,marking     ] GC(139) Concurrent Mark
[374.483s][info][gc,marking     ] GC(139) Concurrent Mark From Roots
[374.483s][info][gc,task        ] GC(139) Using 2 workers of 2 for marking
[374.535s][info][gc,marking     ] GC(139) Concurrent Mark From Roots 51.689ms
[374.535s][info][gc,marking     ] GC(139) Concurrent Preclean
[374.535s][info][gc,marking     ] GC(139) Concurrent Preclean 0.124ms
[374.535s][info][gc,start       ] GC(139) Pause Remark
[374.538s][info][gc             ] GC(139) Pause Remark 490M->470M(4096M) 2.761ms
[374.538s][info][gc,cpu         ] GC(139) User=0.02s Sys=0.00s Real=0.00s
[374.538s][info][gc,marking     ] GC(139) Concurrent Mark 54.783ms
[374.538s][info][gc,marking     ] GC(139) Concurrent Rebuild Remembered Sets and Scrub Regions
[374.580s][info][gc,marking     ] GC(139) Concurrent Rebuild Remembered Sets and Scrub Regions 42.245ms
[374.580s][info][gc,start       ] GC(139) Pause Cleanup
[374.580s][info][gc             ] GC(139) Pause Cleanup 533M->533M(4096M) 0.090ms
[374.580s][info][gc,cpu         ] GC(139) User=0.00s Sys=0.00s Real=0.00s
[374.580s][info][gc,marking     ] GC(139) Concurrent Clear Claimed Marks
[374.580s][info][gc,marking     ] GC(139) Concurrent Clear Claimed Marks 0.032ms
[374.580s][info][gc,marking     ] GC(139) Concurrent Cleanup for Next Mark
[374.585s][info][gc,marking     ] GC(139) Concurrent Cleanup for Next Mark 4.455ms
[374.585s][info][gc             ] GC(139) Concurrent Mark Cycle 130.706ms
) ... OK
   378s: high-bound for max-jOPS is measured to be 13837
   378s: 
   378s: Restarting (term) [378.410s][info][gc,start       ] GC(140) Pause Full (System.gc())
[378.410s][info][gc,task        ] GC(140) Using 6 workers of 6 for full compaction
[378.411s][info][gc,phases,start] GC(140) Phase 1: Mark live objects
[378.425s][info][gc,phases      ] GC(140) Phase 1: Mark live objects 14.431ms
[378.425s][info][gc,phases,start] GC(140) Phase 2: Prepare compaction
[378.427s][info][gc,phases      ] GC(140) Phase 2: Prepare compaction 1.980ms
[378.427s][info][gc,phases,start] GC(140) Phase 3: Adjust pointers
[378.434s][info][gc,phases      ] GC(140) Phase 3: Adjust pointers 6.837ms
[378.434s][info][gc,phases,start] GC(140) Phase 4: Compact heap
[378.436s][info][gc,phases      ] GC(140) Phase 4: Compact heap 1.920ms
[378.436s][info][gc,phases,start] GC(140) Phase 5: Reset Metadata
[378.441s][info][gc,phases      ] GC(140) Phase 5: Reset Metadata 4.517ms
[378.447s][info][gc,heap        ] GC(140) Eden regions: 785->0(1228)
[378.447s][info][gc,heap        ] GC(140) Survivor regions: 49->0(154)
[378.447s][info][gc,heap        ] GC(140) Old regions: 35->36
[378.447s][info][gc,heap        ] GC(140) Humongous regions: 153->66
[378.447s][info][gc,metaspace   ] GC(140) Metaspace: 28797K(29184K)->28797K(29184K) NonClass: 23913K(24064K)->23913K(24064K) Class: 4884K(5120K)->4884K(5120K)
[378.447s][info][gc             ] GC(140) Pause Full (System.gc()) 2036M->194M(4096M) 36.991ms
[378.447s][info][gc,cpu         ] GC(140) User=0.19s Sys=0.00s Real=0.04s
(init[378.686s][info][gc,start       ] GC(141) Pause Young (Concurrent Start) (G1 Humongous Allocation)
[378.686s][info][gc,task        ] GC(141) Using 6 workers of 6 for evacuation
[378.700s][info][gc,phases      ] GC(141)   Pre Evacuate Collection Set: 0.35ms
[378.700s][info][gc,phases      ] GC(141)   Merge Heap Roots: 0.04ms
[378.700s][info][gc,phases      ] GC(141)   Evacuate Collection Set: 13.61ms
[378.700s][info][gc,phases      ] GC(141)   Post Evacuate Collection Set: 0.27ms
[378.700s][info][gc,phases      ] GC(141)   Other: 0.09ms
[378.700s][info][gc,heap        ] GC(141) Eden regions: 51->0(1213)
[378.700s][info][gc,heap        ] GC(141) Survivor regions: 0->15(154)
[378.700s][info][gc,heap        ] GC(141) Old regions: 36->36
[378.700s][info][gc,heap        ] GC(141) Humongous regions: 66->66
[378.700s][info][gc,metaspace   ] GC(141) Metaspace: 28797K(29184K)->28797K(29184K) NonClass: 23913K(24064K)->23913K(24064K) Class: 4884K(5120K)->4884K(5120K)
[378.700s][info][gc             ] GC(141) Pause Young (Concurrent Start) (G1 Humongous Allocation) 295M->223M(4096M) 14.481ms
[378.701s][info][gc             ] GC(142) Concurrent Mark Cycle
[378.701s][info][gc,marking     ] GC(142) Concurrent Scan Root Regions
[378.701s][info][gc,cpu         ] GC(141) User=0.08s Sys=0.00s Real=0.01s
[378.709s][info][gc,marking     ] GC(142) Concurrent Scan Root Regions 8.884ms
[378.709s][info][gc,marking     ] GC(142) Concurrent Mark
[378.709s][info][gc,marking     ] GC(142) Concurrent Mark From Roots
[378.709s][info][gc,task        ] GC(142) Using 2 workers of 2 for marking
[378.769s][info][gc,marking     ] GC(142) Concurrent Mark From Roots 59.940ms
[378.769s][info][gc,marking     ] GC(142) Concurrent Preclean
[378.770s][info][gc,marking     ] GC(142) Concurrent Preclean 0.120ms
[378.770s][info][gc,start       ] GC(142) Pause Remark
[378.771s][info][gc             ] GC(142) Pause Remark 403M->403M(4096M) 1.769ms
[378.771s][info][gc,cpu         ] GC(142) User=0.01s Sys=0.00s Real=0.00s
[378.771s][info][gc,marking     ] GC(142) Concurrent Mark 62.009ms
[378.771s][info][gc,marking     ] GC(142) Concurrent Rebuild Remembered Sets and Scrub Regions
[378.811s][info][gc,marking     ] GC(142) Concurrent Rebuild Remembered Sets and Scrub Regions 39.842ms
[378.811s][info][gc,start       ] GC(142) Pause Cleanup
[378.811s][info][gc             ] GC(142) Pause Cleanup 461M->461M(4096M) 0.071ms
[378.812s][info][gc,cpu         ] GC(142) User=0.00s Sys=0.00s Real=0.00s
[378.812s][info][gc,marking     ] GC(142) Concurrent Clear Claimed Marks
[378.812s][info][gc,marking     ] GC(142) Concurrent Clear Claimed Marks 0.027ms
[378.812s][info][gc,marking     ] GC(142) Concurrent Cleanup for Next Mark
[378.816s][info][gc,marking     ] GC(142) Concurrent Cleanup for Next Mark 4.524ms
[378.816s][info][gc             ] GC(142) Concurrent Mark Cycle 115.624ms
) ... OK
   382s: 
   382s: Warmup for building throughput-responsetime curve
   382s: (10%)   IR =   1384 ..[386.076s][info][gc,start       ] GC(143) Pause Young (Prepare Mixed) (G1 Evacuation Pause)
[386.076s][info][gc,task        ] GC(143) Using 6 workers of 6 for evacuation
[386.552s][info][gc,mmu         ] GC(143) MMU target violated: 201.0ms (200.0ms/201.0ms)
[386.552s][info][gc,phases      ] GC(143)   Pre Evacuate Collection Set: 0.37ms
[386.552s][info][gc,phases      ] GC(143)   Merge Heap Roots: 0.55ms
[386.552s][info][gc,phases      ] GC(143)   Evacuate Collection Set: 473.35ms
[386.552s][info][gc,phases      ] GC(143)   Post Evacuate Collection Set: 1.31ms
[386.552s][info][gc,phases      ] GC(143)   Other: 0.13ms
[386.552s][info][gc,heap        ] GC(143) Eden regions: 1213->0(369)
[386.552s][info][gc,heap        ] GC(143) Survivor regions: 15->154(154)
[386.552s][info][gc,heap        ] GC(143) Old regions: 36->344
[386.552s][info][gc,heap        ] GC(143) Humongous regions: 163->155
[386.552s][info][gc,metaspace   ] GC(143) Metaspace: 28802K(29184K)->28802K(29184K) NonClass: 23918K(24064K)->23918K(24064K) Class: 4884K(5120K)->4884K(5120K)
[386.552s][info][gc             ] GC(143) Pause Young (Prepare Mixed) (G1 Evacuation Pause) 2843M->1296M(4096M) 475.842ms
[386.552s][info][gc,cpu         ] GC(143) User=2.82s Sys=0.00s Real=0.48s
...[389.326s][info][gc,start       ] GC(144) Pause Young (Mixed) (G1 Evacuation Pause)
[389.326s][info][gc,task        ] GC(144) Using 6 workers of 6 for evacuation
[389.516s][info][gc,phases      ] GC(144)   Pre Evacuate Collection Set: 0.41ms
[389.516s][info][gc,phases      ] GC(144)   Merge Heap Roots: 0.61ms
[389.516s][info][gc,phases      ] GC(144)   Evacuate Collection Set: 187.43ms
[389.516s][info][gc,phases      ] GC(144)   Post Evacuate Collection Set: 0.55ms
[389.516s][info][gc,phases      ] GC(144)   Other: 0.86ms
[389.516s][info][gc,heap        ] GC(144) Eden regions: 361->0(541)
[389.516s][info][gc,heap        ] GC(144) Survivor regions: 154->22(65)
[389.516s][info][gc,heap        ] GC(144) Old regions: 344->497
[389.516s][info][gc,heap        ] GC(144) Humongous regions: 155->155
[389.516s][info][gc,metaspace   ] GC(144) Metaspace: 28809K(29184K)->28809K(29184K) NonClass: 23925K(24064K)->23925K(24064K) Class: 4884K(5120K)->4884K(5120K)
[389.516s][info][gc             ] GC(144) Pause Young (Mixed) (G1 Evacuation Pause) 2018M->1339M(4096M) 189.995ms
[389.516s][info][gc,cpu         ] GC(144) User=1.12s Sys=0.00s Real=0.19s
.....[394.016s][info][gc,start       ] GC(145) Pause Young (Normal) (G1 Evacuation Pause)
[394.016s][info][gc,task        ] GC(145) Using 6 workers of 6 for evacuation
[394.068s][info][gc,phases      ] GC(145)   Pre Evacuate Collection Set: 0.36ms
[394.068s][info][gc,phases      ] GC(145)   Merge Heap Roots: 0.48ms
[394.068s][info][gc,phases      ] GC(145)   Evacuate Collection Set: 50.71ms
[394.068s][info][gc,phases      ] GC(145)   Post Evacuate Collection Set: 0.64ms
[394.068s][info][gc,phases      ] GC(145)   Other: 0.07ms
[394.068s][info][gc,heap        ] GC(145) Eden regions: 558->0(566)
[394.068s][info][gc,heap        ] GC(145) Survivor regions: 22->49(73)
[394.068s][info][gc,heap        ] GC(145) Old regions: 497->497
[394.068s][info][gc,heap        ] GC(145) Humongous regions: 155->155
[394.068s][info][gc,metaspace   ] GC(145) Metaspace: 28809K(29184K)->28809K(29184K) NonClass: 23925K(24064K)->23925K(24064K) Class: 4884K(5120K)->4884K(5120K)
[394.068s][info][gc             ] GC(145) Pause Young (Normal) (G1 Evacuation Pause) 2455M->1393M(4096M) 52.402ms
[394.068s][info][gc,cpu         ] GC(145) User=0.30s Sys=0.00s Real=0.05s
.....[399.031s][info][gc,start       ] GC(146) Pause Young (Normal) (G1 Evacuation Pause)
[399.031s][info][gc,task        ] GC(146) Using 6 workers of 6 for evacuation
[399.099s][info][gc,phases      ] GC(146)   Pre Evacuate Collection Set: 0.36ms
[399.099s][info][gc,phases      ] GC(146)   Merge Heap Roots: 0.41ms
[399.099s][info][gc,phases      ] GC(146)   Evacuate Collection Set: 67.08ms
[399.099s][info][gc,phases      ] GC(146)   Post Evacuate Collection Set: 0.64ms
[399.099s][info][gc,phases      ] GC(146)   Other: 0.07ms
[399.099s][info][gc,heap        ] GC(146) Eden regions: 580->0(739)
[399.099s][info][gc,heap        ] GC(146) Survivor regions: 49->58(79)
[399.099s][info][gc,heap        ] GC(146) Old regions: 497->514
[399.099s][info][gc,heap        ] GC(146) Humongous regions: 155->155
[399.099s][info][gc,metaspace   ] GC(146) Metaspace: 28809K(29184K)->28809K(29184K) NonClass: 23925K(24064K)->23925K(24064K) Class: 4884K(5120K)->4884K(5120K)
[399.099s][info][gc             ] GC(146) Pause Young (Normal) (G1 Evacuation Pause) 2553M->1445M(4096M) 68.704ms
[399.099s][info][gc,cpu         ] GC(146) User=0.40s Sys=0.00s Real=0.07s
.......[405.688s][info][gc,start       ] GC(147) Pause Young (Concurrent Start) (G1 Evacuation Pause)
[405.688s][info][gc,task        ] GC(147) Using 6 workers of 6 for evacuation
[405.768s][info][gc,phases      ] GC(147)   Pre Evacuate Collection Set: 0.41ms
[405.768s][info][gc,phases      ] GC(147)   Merge Heap Roots: 0.41ms
[405.768s][info][gc,phases      ] GC(147)   Evacuate Collection Set: 77.75ms
[405.768s][info][gc,phases      ] GC(147)   Post Evacuate Collection Set: 0.74ms
[405.768s][info][gc,phases      ] GC(147)   Other: 0.13ms
[405.768s][info][gc,heap        ] GC(147) Eden regions: 782->0(925)
[405.768s][info][gc,heap        ] GC(147) Survivor regions: 58->67(105)
[405.768s][info][gc,heap        ] GC(147) Old regions: 514->538
[405.768s][info][gc,heap        ] GC(147) Humongous regions: 155->155
[405.768s][info][gc,metaspace   ] GC(147) Metaspace: 28816K(29184K)->28816K(29184K) NonClass: 23932K(24064K)->23932K(24064K) Class: 4884K(5120K)->4884K(5120K)
[405.768s][info][gc             ] GC(147) Pause Young (Concurrent Start) (G1 Evacuation Pause) 3009M->1511M(4096M) 79.579ms
[405.768s][info][gc             ] GC(148) Concurrent Mark Cycle
[405.768s][info][gc,marking     ] GC(148) Concurrent Scan Root Regions
[405.768s][info][gc,cpu         ] GC(147) User=0.47s Sys=0.00s Real=0.08s
[405.880s][info][gc,marking     ] GC(148) Concurrent Scan Root Regions 111.914ms
[405.880s][info][gc,marking     ] GC(148) Concurrent Mark
[405.880s][info][gc,marking     ] GC(148) Concurrent Mark From Roots
[405.880s][info][gc,task        ] GC(148) Using 2 workers of 2 for marking
.[406.755s][info][gc,marking     ] GC(148) Concurrent Mark From Roots 875.101ms
[406.755s][info][gc,marking     ] GC(148) Concurrent Preclean
[406.755s][info][gc,marking     ] GC(148) Concurrent Preclean 0.051ms
[406.755s][info][gc,start       ] GC(148) Pause Remark
[406.759s][info][gc             ] GC(148) Pause Remark 1772M->1574M(4096M) 4.373ms
[406.759s][info][gc,cpu         ] GC(148) User=0.02s Sys=0.00s Real=0.00s
[406.759s][info][gc,marking     ] GC(148) Concurrent Mark 879.775ms
[406.759s][info][gc,marking     ] GC(148) Concurrent Rebuild Remembered Sets and Scrub Regions
[407.150s][info][gc,marking     ] GC(148) Concurrent Rebuild Remembered Sets and Scrub Regions 390.862ms
[407.150s][info][gc,start       ] GC(148) Pause Cleanup
[407.151s][info][gc             ] GC(148) Pause Cleanup 1669M->1669M(4096M) 0.126ms
[407.151s][info][gc,cpu         ] GC(148) User=0.00s Sys=0.00s Real=0.00s
[407.151s][info][gc,marking     ] GC(148) Concurrent Clear Claimed Marks
[407.151s][info][gc,marking     ] GC(148) Concurrent Clear Claimed Marks 0.025ms
[407.151s][info][gc,marking     ] GC(148) Concurrent Cleanup for Next Mark
[407.154s][info][gc,marking     ] GC(148) Concurrent Cleanup for Next Mark 3.630ms
[407.154s][info][gc             ] GC(148) Concurrent Mark Cycle 1386.642ms
.......[413.962s][info][gc,start       ] GC(149) Pause Young (Prepare Mixed) (G1 Evacuation Pause)
[413.962s][info][gc,task        ] GC(149) Using 6 workers of 6 for evacuation
[414.054s][info][gc,phases      ] GC(149)   Pre Evacuate Collection Set: 0.37ms
[414.054s][info][gc,phases      ] GC(149)   Merge Heap Roots: 0.45ms
[414.054s][info][gc,phases      ] GC(149)   Evacuate Collection Set: 90.30ms
[414.054s][info][gc,phases      ] GC(149)   Post Evacuate Collection Set: 0.87ms
[414.054s][info][gc,phases      ] GC(149)   Other: 0.08ms
[414.054s][info][gc,heap        ] GC(149) Eden regions: 957->0(840)
[414.054s][info][gc,heap        ] GC(149) Survivor regions: 67->83(128)
[414.054s][info][gc,heap        ] GC(149) Old regions: 519->541
[414.054s][info][gc,heap        ] GC(149) Humongous regions: 77->77
[414.054s][info][gc,metaspace   ] GC(149) Metaspace: 28816K(29184K)->28816K(29184K) NonClass: 23932K(24064K)->23932K(24064K) Class: 4884K(5120K)->4884K(5120K)
[414.054s][info][gc             ] GC(149) Pause Young (Prepare Mixed) (G1 Evacuation Pause) 3231M->1393M(4096M) 92.236ms
[414.054s][info][gc,cpu         ] GC(149) User=0.54s Sys=0.00s Real=0.10s
........[422.471s][info][gc,start       ] GC(150) Pause Young (Mixed) (G1 Evacuation Pause)
[422.471s][info][gc,task        ] GC(150) Using 6 workers of 6 for evacuation
[422.576s][info][gc,phases      ] GC(150)   Pre Evacuate Collection Set: 0.39ms
[422.576s][info][gc,phases      ] GC(150)   Merge Heap Roots: 0.45ms
[422.576s][info][gc,phases      ] GC(150)   Evacuate Collection Set: 102.87ms
[422.576s][info][gc,phases      ] GC(150)   Post Evacuate Collection Set: 0.93ms
[422.576s][info][gc,phases      ] GC(150)   Other: 0.09ms
[422.576s][info][gc,heap        ] GC(150) Eden regions: 981->0(990)
[422.576s][info][gc,heap        ] GC(150) Survivor regions: 83->92(133)
[422.576s][info][gc,heap        ] GC(150) Old regions: 541->554
[422.576s][info][gc,heap        ] GC(150) Humongous regions: 77->77
[422.576s][info][gc,metaspace   ] GC(150) Metaspace: 28820K(29184K)->28820K(29184K) NonClass: 23936K(24064K)->23936K(24064K) Class: 4884K(5120K)->4884K(5120K)
[422.576s][info][gc             ] GC(150) Pause Young (Mixed) (G1 Evacuation Pause) 3355M->1441M(4096M) 104.859ms
[422.576s][info][gc,cpu         ] GC(150) User=0.62s Sys=0.01s Real=0.11s
..........[432.591s][info][gc,start       ] GC(151) Pause Young (Mixed) (G1 Evacuation Pause)
[432.591s][info][gc,task        ] GC(151) Using 6 workers of 6 for evacuation
[432.706s][info][gc,phases      ] GC(151)   Pre Evacuate Collection Set: 0.38ms
[432.706s][info][gc,phases      ] GC(151)   Merge Heap Roots: 0.59ms
[432.706s][info][gc,phases      ] GC(151)   Evacuate Collection Set: 112.42ms
[432.706s][info][gc,phases      ] GC(151)   Post Evacuate Collection Set: 1.04ms
[432.706s][info][gc,phases      ] GC(151)   Other: 0.12ms
[432.706s][info][gc,heap        ] GC(151) Eden regions: 1050->0(1067)
[432.706s][info][gc,heap        ] GC(151) Survivor regions: 92->97(143)
[432.706s][info][gc,heap        ] GC(151) Old regions: 554->573
[432.706s][info][gc,heap        ] GC(151) Humongous regions: 77->77
[432.706s][info][gc,metaspace   ] GC(151) Metaspace: 28822K(29184K)->28822K(29184K) NonClass: 23938K(24064K)->23938K(24064K) Class: 4884K(5120K)->4884K(5120K)
[432.706s][info][gc             ] GC(151) Pause Young (Mixed) (G1 Evacuation Pause) 3541M->1490M(4096M) 114.676ms
[432.706s][info][gc,cpu         ] GC(151) User=0.68s Sys=0.00s Real=0.12s
............[443.914s][info][gc,start       ] GC(152) Pause Young (Mixed) (G1 Evacuation Pause)
[443.914s][info][gc,task        ] GC(152) Using 6 workers of 6 for evacuation
[444.041s][info][gc,phases      ] GC(152)   Pre Evacuate Collection Set: 0.37ms
[444.041s][info][gc,phases      ] GC(152)   Merge Heap Roots: 0.58ms
[444.041s][info][gc,phases      ] GC(152)   Evacuate Collection Set: 122.78ms
[444.041s][info][gc,phases      ] GC(152)   Merge Optional Heap Roots: 0.06ms
[444.041s][info][gc,phases      ] GC(152)   Evacuate Optional Collection Set: 2.29ms
[444.041s][info][gc,phases      ] GC(152)   Post Evacuate Collection Set: 1.19ms
[444.041s][info][gc,phases      ] GC(152)   Other: 0.10ms
[444.041s][info][gc,heap        ] GC(152) Eden regions: 1067->0(1076)
[444.041s][info][gc,heap        ] GC(152) Survivor regions: 97->102(146)
[444.041s][info][gc,heap        ] GC(152) Old regions: 573->574
[444.041s][info][gc,heap        ] GC(152) Humongous regions: 77->77
[444.041s][info][gc,metaspace   ] GC(152) Metaspace: 28823K(29184K)->28823K(29184K) NonClass: 23939K(24064K)->23939K(24064K) Class: 4884K(5120K)->4884K(5120K)
[444.041s][info][gc             ] GC(152) Pause Young (Mixed) (G1 Evacuation Pause) 3624M->1503M(4096M) 127.542ms
[444.042s][info][gc,cpu         ] GC(152) User=0.76s Sys=0.00s Real=0.12s
............[456.134s][info][gc,start       ] GC(153) Pause Young (Mixed) (G1 Evacuation Pause)
[456.134s][info][gc,task        ] GC(153) Using 6 workers of 6 for evacuation
[456.272s][info][gc,phases      ] GC(153)   Pre Evacuate Collection Set: 0.38ms
[456.272s][info][gc,phases      ] GC(153)   Merge Heap Roots: 0.80ms
[456.273s][info][gc,phases      ] GC(153)   Evacuate Collection Set: 131.96ms
[456.273s][info][gc,phases      ] GC(153)   Merge Optional Heap Roots: 0.07ms
[456.273s][info][gc,phases      ] GC(153)   Evacuate Optional Collection Set: 4.26ms
[456.273s][info][gc,phases      ] GC(153)   Post Evacuate Collection Set: 1.19ms
[456.273s][info][gc,phases      ] GC(153)   Other: 0.10ms
[456.273s][info][gc,heap        ] GC(153) Eden regions: 1076->0(1074)
[456.273s][info][gc,heap        ] GC(153) Survivor regions: 102->104(148)
[456.273s][info][gc,heap        ] GC(153) Old regions: 574->586
[456.273s][info][gc,heap        ] GC(153) Humongous regions: 77->77
[456.273s][info][gc,metaspace   ] GC(153) Metaspace: 28823K(29184K)->28823K(29184K) NonClass: 23939K(24064K)->23939K(24064K) Class: 4884K(5120K)->4884K(5120K)
[456.273s][info][gc             ] GC(153) Pause Young (Mixed) (G1 Evacuation Pause) 3655M->1533M(4096M) 138.929ms
[456.273s][info][gc,cpu         ] GC(153) User=0.82s Sys=0.00s Real=0.14s
............[468.689s][info][gc,start       ] GC(154) Pause Young (Mixed) (G1 Evacuation Pause)
[468.689s][info][gc,task        ] GC(154) Using 6 workers of 6 for evacuation
[468.836s][info][gc,phases      ] GC(154)   Pre Evacuate Collection Set: 0.37ms
[468.836s][info][gc,phases      ] GC(154)   Merge Heap Roots: 1.40ms
[468.836s][info][gc,phases      ] GC(154)   Evacuate Collection Set: 143.84ms
[468.836s][info][gc,phases      ] GC(154)   Post Evacuate Collection Set: 0.92ms
[468.836s][info][gc,phases      ] GC(154)   Other: 0.08ms
[468.836s][info][gc,heap        ] GC(154) Eden regions: 1074->0(1044)
[468.836s][info][gc,heap        ] GC(154) Survivor regions: 104->107(148)
[468.836s][info][gc,heap        ] GC(154) Old regions: 586->610
[468.836s][info][gc,heap        ] GC(154) Humongous regions: 77->77
[468.836s][info][gc,metaspace   ] GC(154) Metaspace: 28827K(29184K)->28827K(29184K) NonClass: 23943K(24064K)->23943K(24064K) Class: 4884K(5120K)->4884K(5120K)
[468.836s][info][gc             ] GC(154) Pause Young (Mixed) (G1 Evacuation Pause) 3681M->1587M(4096M) 146.737ms
[468.836s][info][gc,cpu         ] GC(154) User=0.87s Sys=0.00s Real=0.15s
.............[481.149s][info][gc,start       ] GC(155) Pause Young (Concurrent Start) (G1 Evacuation Pause)
[481.149s][info][gc,task        ] GC(155) Using 6 workers of 6 for evacuation
[481.266s][info][gc,phases      ] GC(155)   Pre Evacuate Collection Set: 0.40ms
[481.266s][info][gc,phases      ] GC(155)   Merge Heap Roots: 0.54ms
[481.266s][info][gc,phases      ] GC(155)   Evacuate Collection Set: 115.41ms
[481.266s][info][gc,phases      ] GC(155)   Post Evacuate Collection Set: 0.91ms
[481.266s][info][gc,phases      ] GC(155)   Other: 0.11ms
[481.266s][info][gc,heap        ] GC(155) Eden regions: 1044->0(1011)
[481.266s][info][gc,heap        ] GC(155) Survivor regions: 107->106(144)
[481.266s][info][gc,heap        ] GC(155) Old regions: 610->645
[481.266s][info][gc,heap        ] GC(155) Humongous regions: 77->77
[481.266s][info][gc,metaspace   ] GC(155) Metaspace: 28830K(29184K)->28830K(29184K) NonClass: 23946K(24064K)->23946K(24064K) Class: 4884K(5120K)->4884K(5120K)
[481.266s][info][gc             ] GC(155) Pause Young (Concurrent Start) (G1 Evacuation Pause) 3675M->1654M(4096M) 117.505ms
[481.266s][info][gc             ] GC(156) Concurrent Mark Cycle
[481.266s][info][gc,marking     ] GC(156) Concurrent Scan Root Regions
[481.266s][info][gc,cpu         ] GC(155) User=0.69s Sys=0.00s Real=0.12s
[481.383s][info][gc,marking     ] GC(156) Concurrent Scan Root Regions 117.296ms
[481.383s][info][gc,marking     ] GC(156) Concurrent Mark
[481.383s][info][gc,marking     ] GC(156) Concurrent Mark From Roots
[481.383s][info][gc,task        ] GC(156) Using 2 workers of 2 for marking
.[481.922s][info][gc,marking     ] GC(156) Concurrent Mark From Roots 538.273ms
[481.922s][info][gc,marking     ] GC(156) Concurrent Preclean
[481.922s][info][gc,marking     ] GC(156) Concurrent Preclean 0.047ms
[481.922s][info][gc,start       ] GC(156) Pause Remark
[481.925s][info][gc             ] GC(156) Pause Remark 1810M->1810M(4096M) 2.941ms
[481.925s][info][gc,cpu         ] GC(156) User=0.01s Sys=0.00s Real=0.01s
[481.925s][info][gc,marking     ] GC(156) Concurrent Mark 541.509ms
[481.925s][info][gc,marking     ] GC(156) Concurrent Rebuild Remembered Sets and Scrub Regions
[482.127s][info][gc,marking     ] GC(156) Concurrent Rebuild Remembered Sets and Scrub Regions 202.008ms
[482.127s][info][gc,start       ] GC(156) Pause Cleanup
[482.127s][info][gc             ] GC(156) Pause Cleanup 1847M->1847M(4096M) 0.236ms
[482.127s][info][gc,cpu         ] GC(156) User=0.00s Sys=0.00s Real=0.00s
[482.128s][info][gc,marking     ] GC(156) Concurrent Clear Claimed Marks
[482.128s][info][gc,marking     ] GC(156) Concurrent Clear Claimed Marks 0.031ms
[482.128s][info][gc,marking     ] GC(156) Concurrent Cleanup for Next Mark
[482.131s][info][gc,marking     ] GC(156) Concurrent Cleanup for Next Mark 3.351ms
[482.131s][info][gc             ] GC(156) Concurrent Mark Cycle 864.814ms
...........[492.997s][info][gc,start       ] GC(157) Pause Young (Prepare Mixed) (G1 Evacuation Pause)
[492.997s][info][gc,task        ] GC(157) Using 6 workers of 6 for evacuation
[493.115s][info][gc,phases      ] GC(157)   Pre Evacuate Collection Set: 0.35ms
[493.115s][info][gc,phases      ] GC(157)   Merge Heap Roots: 0.59ms
[493.115s][info][gc,phases      ] GC(157)   Evacuate Collection Set: 116.23ms
[493.115s][info][gc,phases      ] GC(157)   Post Evacuate Collection Set: 0.85ms
[493.115s][info][gc,phases      ] GC(157)   Other: 0.09ms
[493.115s][info][gc,heap        ] GC(157) Eden regions: 1011->0(980)
[493.115s][info][gc,heap        ] GC(157) Survivor regions: 106->104(140)
[493.115s][info][gc,heap        ] GC(157) Old regions: 645->680
[493.115s][info][gc,heap        ] GC(157) Humongous regions: 77->77
[493.115s][info][gc,metaspace   ] GC(157) Metaspace: 28833K(29184K)->28833K(29184K) NonClass: 23949K(24064K)->23949K(24064K) Class: 4884K(5120K)->4884K(5120K)
[493.115s][info][gc             ] GC(157) Pause Young (Prepare Mixed) (G1 Evacuation Pause) 3676M->1720M(4096M) 118.243ms
[493.115s][info][gc,cpu         ] GC(157) User=0.70s Sys=0.00s Real=0.12s
...........[504.723s][info][gc,start       ] GC(158) Pause Young (Mixed) (G1 Evacuation Pause)
[504.723s][info][gc,task        ] GC(158) Using 6 workers of 6 for evacuation
[504.843s][info][gc,phases      ] GC(158)   Pre Evacuate Collection Set: 0.48ms
[504.843s][info][gc,phases      ] GC(158)   Merge Heap Roots: 0.62ms
[504.843s][info][gc,phases      ] GC(158)   Evacuate Collection Set: 117.24ms
[504.843s][info][gc,phases      ] GC(158)   Post Evacuate Collection Set: 1.00ms
[504.843s][info][gc,phases      ] GC(158)   Other: 0.12ms
[504.843s][info][gc,heap        ] GC(158) Eden regions: 980->0(1127)
[504.843s][info][gc,heap        ] GC(158) Survivor regions: 104->101(136)
[504.843s][info][gc,heap        ] GC(158) Old regions: 680->518
[504.843s][info][gc,heap        ] GC(158) Humongous regions: 77->77
[504.843s][info][gc,metaspace   ] GC(158) Metaspace: 28833K(29184K)->28833K(29184K) NonClass: 23949K(24064K)->23949K(24064K) Class: 4884K(5120K)->4884K(5120K)
[504.843s][info][gc             ] GC(158) Pause Young (Mixed) (G1 Evacuation Pause) 3680M->1390M(4096M) 119.614ms
[504.843s][info][gc,cpu         ] GC(158) User=0.71s Sys=0.00s Real=0.12s
..............[518.178s][info][gc,start       ] GC(159) Pause Young (Mixed) (G1 Evacuation Pause)
[518.178s][info][gc,task        ] GC(159) Using 6 workers of 6 for evacuation
[518.310s][info][gc,phases      ] GC(159)   Pre Evacuate Collection Set: 0.40ms
[518.310s][info][gc,phases      ] GC(159)   Merge Heap Roots: 0.87ms
[518.310s][info][gc,phases      ] GC(159)   Evacuate Collection Set: 129.53ms
[518.310s][info][gc,phases      ] GC(159)   Post Evacuate Collection Set: 0.96ms
[518.310s][info][gc,phases      ] GC(159)   Other: 0.09ms
[518.310s][info][gc,heap        ] GC(159) Eden regions: 1127->0(1124)
[518.310s][info][gc,heap        ] GC(159) Survivor regions: 101->104(154)
[518.310s][info][gc,heap        ] GC(159) Old regions: 518->496
[518.310s][info][gc,heap        ] GC(159) Humongous regions: 77->77
[518.310s][info][gc,metaspace   ] GC(159) Metaspace: 28833K(29184K)->28833K(29184K) NonClass: 23949K(24064K)->23949K(24064K) Class: 4884K(5120K)->4884K(5120K)
[518.310s][info][gc             ] GC(159) Pause Young (Mixed) (G1 Evacuation Pause) 3644M->1352M(4096M) 132.005ms
[518.310s][info][gc,cpu         ] GC(159) User=0.78s Sys=0.00s Real=0.13s
.............[531.608s][info][gc,start       ] GC(160) Pause Young (Concurrent Start) (G1 Evacuation Pause)
[531.608s][info][gc,task        ] GC(160) Using 6 workers of 6 for evacuation
[531.726s][info][gc,phases      ] GC(160)   Pre Evacuate Collection Set: 0.41ms
[531.726s][info][gc,phases      ] GC(160)   Merge Heap Roots: 0.54ms
[531.726s][info][gc,phases      ] GC(160)   Evacuate Collection Set: 115.98ms
[531.726s][info][gc,phases      ] GC(160)   Post Evacuate Collection Set: 0.92ms
[531.726s][info][gc,phases      ] GC(160)   Other: 0.13ms
[531.726s][info][gc,heap        ] GC(160) Eden regions: 1124->0(1120)
[531.726s][info][gc,heap        ] GC(160) Survivor regions: 104->108(154)
[531.726s][info][gc,heap        ] GC(160) Old regions: 496->525
[531.726s][info][gc,heap        ] GC(160) Humongous regions: 77->77
[531.726s][info][gc,metaspace   ] GC(160) Metaspace: 28833K(29184K)->28833K(29184K) NonClass: 23949K(24064K)->23949K(24064K) Class: 4884K(5120K)->4884K(5120K)
[531.726s][info][gc             ] GC(160) Pause Young (Concurrent Start) (G1 Evacuation Pause) 3600M->1419M(4096M) 118.109ms
[531.726s][info][gc             ] GC(161) Concurrent Mark Cycle
[531.726s][info][gc,marking     ] GC(161) Concurrent Scan Root Regions
[531.726s][info][gc,cpu         ] GC(160) User=0.70s Sys=0.00s Real=0.12s
[531.845s][info][gc,marking     ] GC(161) Concurrent Scan Root Regions 118.786ms
[531.845s][info][gc,marking     ] GC(161) Concurrent Mark
[531.845s][info][gc,marking     ] GC(161) Concurrent Mark From Roots
[531.845s][info][gc,task        ] GC(161) Using 2 workers of 2 for marking
.[532.365s][info][gc,marking     ] GC(161) Concurrent Mark From Roots 520.199ms
[532.365s][info][gc,marking     ] GC(161) Concurrent Preclean
[532.365s][info][gc,marking     ] GC(161) Concurrent Preclean 0.048ms
[532.365s][info][gc,start       ] GC(161) Pause Remark
[532.368s][info][gc             ] GC(161) Pause Remark 1537M->1537M(4096M) 2.979ms
[532.368s][info][gc,cpu         ] GC(161) User=0.01s Sys=0.00s Real=0.00s
[532.368s][info][gc,marking     ] GC(161) Concurrent Mark 523.493ms
[532.368s][info][gc,marking     ] GC(161) Concurrent Rebuild Remembered Sets and Scrub Regions
[532.573s][info][gc,marking     ] GC(161) Concurrent Rebuild Remembered Sets and Scrub Regions 204.357ms
[532.573s][info][gc,start       ] GC(161) Pause Cleanup
[532.573s][info][gc             ] GC(161) Pause Cleanup 1579M->1579M(4096M) 0.153ms
[532.573s][info][gc,cpu         ] GC(161) User=0.00s Sys=0.00s Real=0.00s
[532.573s][info][gc,marking     ] GC(161) Concurrent Clear Claimed Marks
[532.573s][info][gc,marking     ] GC(161) Concurrent Clear Claimed Marks 0.029ms
[532.573s][info][gc,marking     ] GC(161) Concurrent Cleanup for Next Mark
[532.576s][info][gc,marking     ] GC(161) Concurrent Cleanup for Next Mark 3.248ms
[532.576s][info][gc             ] GC(161) Concurrent Mark Cycle 850.399ms
.............[545.058s][info][gc,start       ] GC(162) Pause Young (Prepare Mixed) (G1 Evacuation Pause)
[545.058s][info][gc,task        ] GC(162) Using 6 workers of 6 for evacuation
[545.182s][info][gc,phases      ] GC(162)   Pre Evacuate Collection Set: 0.39ms
[545.182s][info][gc,phases      ] GC(162)   Merge Heap Roots: 0.68ms
[545.182s][info][gc,phases      ] GC(162)   Evacuate Collection Set: 121.16ms
[545.182s][info][gc,phases      ] GC(162)   Post Evacuate Collection Set: 0.95ms
[545.182s][info][gc,phases      ] GC(162)   Other: 0.10ms
[545.182s][info][gc,heap        ] GC(162) Eden regions: 1120->0(1085)
[545.182s][info][gc,heap        ] GC(162) Survivor regions: 108->112(154)
[545.182s][info][gc,heap        ] GC(162) Old regions: 525->559
[545.182s][info][gc,heap        ] GC(162) Humongous regions: 77->77
[545.182s][info][gc,metaspace   ] GC(162) Metaspace: 28835K(29184K)->28835K(29184K) NonClass: 23951K(24064K)->23951K(24064K) Class: 4884K(5120K)->4884K(5120K)
[545.182s][info][gc             ] GC(162) Pause Young (Prepare Mixed) (G1 Evacuation Pause) 3659M->1493M(4096M) 123.448ms
[545.182s][info][gc,cpu         ] GC(162) User=0.73s Sys=0.00s Real=0.12s
.............[558.137s][info][gc,start       ] GC(163) Pause Young (Mixed) (G1 Evacuation Pause)
[558.137s][info][gc,task        ] GC(163) Using 6 workers of 6 for evacuation
[558.273s][info][gc,phases      ] GC(163)   Pre Evacuate Collection Set: 0.42ms
[558.273s][info][gc,phases      ] GC(163)   Merge Heap Roots: 0.76ms
[558.273s][info][gc,phases      ] GC(163)   Evacuate Collection Set: 133.99ms
[558.273s][info][gc,phases      ] GC(163)   Post Evacuate Collection Set: 0.98ms
[558.273s][info][gc,phases      ] GC(163)   Other: 0.10ms
[558.273s][info][gc,heap        ] GC(163) Eden regions: 1085->0(1122)
[558.273s][info][gc,heap        ] GC(163) Survivor regions: 112->106(150)
[558.273s][info][gc,heap        ] GC(163) Old regions: 559->462
[558.273s][info][gc,heap        ] GC(163) Humongous regions: 77->77
[558.273s][info][gc,metaspace   ] GC(163) Metaspace: 28835K(29184K)->28835K(29184K) NonClass: 23951K(24064K)->23951K(24064K) Class: 4884K(5120K)->4884K(5120K)
[558.273s][info][gc             ] GC(163) Pause Young (Mixed) (G1 Evacuation Pause) 3663M->1288M(4096M) 136.392ms
[558.273s][info][gc,cpu         ] GC(163) User=0.80s Sys=0.01s Real=0.14s
...... (rIR:aIR:PR = 1384:1384:1384) (tPR = 21179) [OK] 
   563s: 
   563s: Building throughput-responsetime curve
   563s: ( 0%)   IR =      0 ...|............................................................ (rIR:aIR:PR = 0:0:0) (tPR = 0) [OK] 
   626s: Performance info:
         Transaction,    Success,    Partial,     Failed,   Receipts, AvgBarcode, 
         Response times:
             Request,    Success,    Partial,     Failed,   SkipFail,     Probes,    Samples,      min,      p50,      p90,      p95,      p99,      max, 

   626s: ( 1%)   IR =    138 ....|............................................................ (rIR:aIR:PR = 138:138:138) (tPR = 2123) [OK] 
   690s: Performance info:
         Transaction,    Success,    Partial,     Failed,   Receipts, AvgBarcode, 
             Overall,       8278,          0,          0,       7861,      59.44, 
         Response times:
             Request,    Success,    Partial,     Failed,   SkipFail,     Probes,    Samples,      min,      p50,      p90,      p95,      p99,      max, 
       TotalPurchase,       7861,          0,          0,          0,       7281,       8330,      300,      400,      600,      700,      800,     1100,
     InStorePurchase,       4140,          0,          0,          0,       3881,       4361,      300,      400,      500,      600,      800,     1000,
      OnlinePurchase,       2897,          0,          0,          0,       2686,       3091,      300,      500,      600,      700,      900,     1100,
        InstPurchase,        824,          0,          0,          0,        714,        878,      400,      500,      600,      700,      900,     1100,
          AssocOfCat,          9,          0,          0,          0,          8,          8,    22000,    24000,    26000,    26000,    26000,    26000,
      AssocOfProduct,         84,          0,          0,          0,         78,         88,      500,      600,      800,      800,     1000,     1000,
      BusinessReport,         22,          0,          0,          0,         18,         21,    26000,    30000,    43000,    45800,    46000,    46000,
          CustBuyBeh,         83,          0,          0,          0,         80,         87,      200,      300,      400,      400,      500,      500,
       ProductReturn,        219,          0,          0,          0,        145,        207,      200,      300,      400,      400,      500,      600,

   690s: ( 2%)   IR =    277 ....|..[697.354s][info][gc,start       ] GC(164) Pause Young (Concurrent Start) (G1 Evacuation Pause)
[697.354s][info][gc,task        ] GC(164) Using 6 workers of 6 for evacuation
[697.471s][info][gc,phases      ] GC(164)   Pre Evacuate Collection Set: 0.43ms
[697.471s][info][gc,phases      ] GC(164)   Merge Heap Roots: 0.51ms
[697.471s][info][gc,phases      ] GC(164)   Evacuate Collection Set: 114.18ms
[697.471s][info][gc,phases      ] GC(164)   Post Evacuate Collection Set: 0.94ms
[697.471s][info][gc,phases      ] GC(164)   Other: 0.13ms
[697.471s][info][gc,heap        ] GC(164) Eden regions: 1122->0(1121)
[697.471s][info][gc,heap        ] GC(164) Survivor regions: 106->107(154)
[697.471s][info][gc,heap        ] GC(164) Old regions: 462->495
[697.471s][info][gc,heap        ] GC(164) Humongous regions: 77->77
[697.471s][info][gc,metaspace   ] GC(164) Metaspace: 28838K(29184K)->28838K(29184K) NonClass: 23954K(24064K)->23954K(24064K) Class: 4884K(5120K)->4884K(5120K)
[697.471s][info][gc             ] GC(164) Pause Young (Concurrent Start) (G1 Evacuation Pause) 3532M->1356M(4096M) 116.309ms
[697.471s][info][gc             ] GC(165) Concurrent Mark Cycle
[697.471s][info][gc,marking     ] GC(165) Concurrent Scan Root Regions
[697.471s][info][gc,cpu         ] GC(164) User=0.69s Sys=0.00s Real=0.11s
[697.573s][info][gc,marking     ] GC(165) Concurrent Scan Root Regions 102.662ms
[697.573s][info][gc,marking     ] GC(165) Concurrent Mark
[697.573s][info][gc,marking     ] GC(165) Concurrent Mark From Roots
[697.573s][info][gc,task        ] GC(165) Using 2 workers of 2 for marking
.[698.058s][info][gc,marking     ] GC(165) Concurrent Mark From Roots 484.182ms
[698.058s][info][gc,marking     ] GC(165) Concurrent Preclean
[698.058s][info][gc,marking     ] GC(165) Concurrent Preclean 0.052ms
[698.058s][info][gc,start       ] GC(165) Pause Remark
[698.060s][info][gc             ] GC(165) Pause Remark 1378M->1378M(4096M) 2.227ms
[698.060s][info][gc,cpu         ] GC(165) User=0.01s Sys=0.00s Real=0.00s
[698.060s][info][gc,marking     ] GC(165) Concurrent Mark 486.698ms
[698.060s][info][gc,marking     ] GC(165) Concurrent Rebuild Remembered Sets and Scrub Regions
[698.251s][info][gc,marking     ] GC(165) Concurrent Rebuild Remembered Sets and Scrub Regions 190.561ms
[698.251s][info][gc,start       ] GC(165) Pause Cleanup
[698.251s][info][gc             ] GC(165) Pause Cleanup 1385M->1385M(4096M) 0.142ms
[698.251s][info][gc,cpu         ] GC(165) User=0.00s Sys=0.00s Real=0.00s
[698.251s][info][gc,marking     ] GC(165) Concurrent Clear Claimed Marks
[698.251s][info][gc,marking     ] GC(165) Concurrent Clear Claimed Marks 0.029ms
[698.251s][info][gc,marking     ] GC(165) Concurrent Cleanup for Next Mark
[698.254s][info][gc,marking     ] GC(165) Concurrent Cleanup for Next Mark 3.325ms
[698.254s][info][gc             ] GC(165) Concurrent Mark Cycle 783.781ms
......................................................... (rIR:aIR:PR = 277:277:277) (tPR = 4186) [OK] 
   754s: Performance info:
         Transaction,    Success,    Partial,     Failed,   Receipts, AvgBarcode, 
             Overall,      16645,          0,          0,      15808,      59.45, 
         Response times:
             Request,    Success,    Partial,     Failed,   SkipFail,     Probes,    Samples,      min,      p50,      p90,      p95,      p99,      max, 
       TotalPurchase,      15808,          0,          0,          0,      14950,      16704,      300,      500,      800,      900,     1100,   118000,
     InStorePurchase,       8322,          0,          0,          0,       7946,       8832,      300,      500,      800,      900,     1100,   118000,
      OnlinePurchase,       5815,          0,          0,          0,       5515,       6154,      300,      500,      800,      900,     1100,   118000,
        InstPurchase,       1671,          0,          0,          0,       1489,       1718,      400,      600,      800,      900,     1100,   118000,
          AssocOfCat,         17,          0,          0,          0,         15,         16,    17500,    23000,    27000,    27000,    27000,    27000,
      AssocOfProduct,        167,          0,          0,          0,        121,        180,      500,      700,      900,     1000,     1423,     2800,
      BusinessReport,         43,          0,          0,          0,         39,         44,    23000,    27000,    31000,    33250,    36000,    36000,
          CustBuyBeh,        168,          0,          0,          0,        113,        160,      200,      300,      600,      700,      900,      900,
       ProductReturn,        442,          0,          0,          0,        377,        527,      200,      400,      700,      800,      900,     1300,

   754s: ( 3%)   IR =    415 .....|.[761.155s][info][gc,start       ] GC(166) Pause Young (Prepare Mixed) (G1 Evacuation Pause)
[761.155s][info][gc,task        ] GC(166) Using 6 workers of 6 for evacuation
[761.274s][info][gc,phases      ] GC(166)   Pre Evacuate Collection Set: 0.38ms
[761.274s][info][gc,phases      ] GC(166)   Merge Heap Roots: 0.59ms
[761.274s][info][gc,phases      ] GC(166)   Evacuate Collection Set: 117.43ms
[761.274s][info][gc,phases      ] GC(166)   Post Evacuate Collection Set: 1.01ms
[761.274s][info][gc,phases      ] GC(166)   Other: 0.09ms
[761.274s][info][gc,heap        ] GC(166) Eden regions: 1121->0(1119)
[761.274s][info][gc,heap        ] GC(166) Survivor regions: 107->109(154)
[761.274s][info][gc,heap        ] GC(166) Old regions: 495->527
[761.274s][info][gc,heap        ] GC(166) Humongous regions: 77->77
[761.274s][info][gc,metaspace   ] GC(166) Metaspace: 28841K(29184K)->28841K(29184K) NonClass: 23957K(24064K)->23957K(24064K) Class: 4884K(5120K)->4884K(5120K)
[761.274s][info][gc             ] GC(166) Pause Young (Prepare Mixed) (G1 Evacuation Pause) 3598M->1424M(4096M) 119.624ms
[761.274s][info][gc,cpu         ] GC(166) User=0.70s Sys=0.00s Real=0.12s
............................................[805.996s][info][gc,start       ] GC(167) Pause Young (Mixed) (G1 Evacuation Pause)
[805.996s][info][gc,task        ] GC(167) Using 6 workers of 6 for evacuation
[806.129s][info][gc,phases      ] GC(167)   Pre Evacuate Collection Set: 0.43ms
[806.129s][info][gc,phases      ] GC(167)   Merge Heap Roots: 0.78ms
[806.129s][info][gc,phases      ] GC(167)   Evacuate Collection Set: 129.91ms
[806.129s][info][gc,phases      ] GC(167)   Post Evacuate Collection Set: 1.00ms
[806.129s][info][gc,phases      ] GC(167)   Other: 0.10ms
[806.129s][info][gc,heap        ] GC(167) Eden regions: 1119->0(1120)
[806.129s][info][gc,heap        ] GC(167) Survivor regions: 109->108(154)
[806.129s][info][gc,heap        ] GC(167) Old regions: 527->466
[806.129s][info][gc,heap        ] GC(167) Humongous regions: 77->77
[806.129s][info][gc,metaspace   ] GC(167) Metaspace: 28842K(29184K)->28842K(29184K) NonClass: 23957K(24064K)->23957K(24064K) Class: 4884K(5120K)->4884K(5120K)
[806.129s][info][gc             ] GC(167) Pause Young (Mixed) (G1 Evacuation Pause) 3662M->1299M(4096M) 132.340ms
[806.129s][info][gc,cpu         ] GC(167) User=0.78s Sys=0.00s Real=0.13s
............... (rIR:aIR:PR = 415:415:415) (tPR = 6095) [OK] 
   819s: Performance info:
         Transaction,    Success,    Partial,     Failed,   Receipts, AvgBarcode, 
             Overall,      24951,          0,          0,      23706,      59.49, 
         Response times:
             Request,    Success,    Partial,     Failed,   SkipFail,     Probes,    Samples,      min,      p50,      p90,      p95,      p99,      max, 
       TotalPurchase,      23706,          0,          0,          0,      22640,      25220,      300,      600,     1000,     1100,     1300,   134000,
     InStorePurchase,      12478,          0,          0,          0,      12029,      13329,      300,      600,      900,     1100,     1300,   134000,
      OnlinePurchase,       8726,          0,          0,          0,       8329,       9257,      300,      600,     1000,     1100,     1300,     4000,
        InstPurchase,       2502,          0,          0,          0,       2282,       2634,      400,      600,     1000,     1000,     1300,     3400,
          AssocOfCat,         26,          0,          0,          0,         21,         26,    18700,    24500,    27000,    28300,    29000,    29000,
      AssocOfProduct,        251,          0,          0,          0,        188,        262,      400,      800,     1100,     1200,     1500,     2600,
      BusinessReport,         63,          0,          0,          0,         59,         66,    19700,    29000,    32000,    34300,   148000,   148000,
          CustBuyBeh,        250,          0,          0,          0,        188,        255,      200,      400,      600,      700,      900,     1000,
       ProductReturn,        655,          0,          0,          0,        545,        690,      200,      500,      700,      800,     1009,     1300,

   819s: ( 4%)   IR =    553 ....|...................[843.319s][info][gc,start       ] GC(168) Pause Young (Concurrent Start) (G1 Evacuation Pause)
[843.319s][info][gc,task        ] GC(168) Using 6 workers of 6 for evacuation
[843.438s][info][gc,phases      ] GC(168)   Pre Evacuate Collection Set: 0.45ms
[843.438s][info][gc,phases      ] GC(168)   Merge Heap Roots: 0.57ms
[843.438s][info][gc,phases      ] GC(168)   Evacuate Collection Set: 116.10ms
[843.438s][info][gc,phases      ] GC(168)   Post Evacuate Collection Set: 0.96ms
[843.438s][info][gc,phases      ] GC(168)   Other: 0.13ms
[843.438s][info][gc,heap        ] GC(168) Eden regions: 1120->0(1120)
[843.438s][info][gc,heap        ] GC(168) Survivor regions: 108->108(154)
[843.438s][info][gc,heap        ] GC(168) Old regions: 466->498
[843.438s][info][gc,heap        ] GC(168) Humongous regions: 77->77
[843.438s][info][gc,metaspace   ] GC(168) Metaspace: 28843K(29184K)->28843K(29184K) NonClass: 23959K(24064K)->23959K(24064K) Class: 4884K(5120K)->4884K(5120K)
[843.438s][info][gc             ] GC(168) Pause Young (Concurrent Start) (G1 Evacuation Pause) 3539M->1363M(4096M) 118.349ms
[843.438s][info][gc             ] GC(169) Concurrent Mark Cycle
[843.438s][info][gc,marking     ] GC(169) Concurrent Scan Root Regions
[843.438s][info][gc,cpu         ] GC(168) User=0.70s Sys=0.00s Real=0.12s
[843.542s][info][gc,marking     ] GC(169) Concurrent Scan Root Regions 103.744ms
[843.542s][info][gc,marking     ] GC(169) Concurrent Mark
[843.542s][info][gc,marking     ] GC(169) Concurrent Mark From Roots
[843.542s][info][gc,task        ] GC(169) Using 2 workers of 2 for marking
[844.044s][info][gc,marking     ] GC(169) Concurrent Mark From Roots 502.594ms
[844.044s][info][gc,marking     ] GC(169) Concurrent Preclean
[844.044s][info][gc,marking     ] GC(169) Concurrent Preclean 0.044ms
[844.044s][info][gc,start       ] GC(169) Pause Remark
[844.047s][info][gc             ] GC(169) Pause Remark 1417M->1417M(4096M) 2.323ms
[844.047s][info][gc,cpu         ] GC(169) User=0.01s Sys=0.00s Real=0.00s
[844.047s][info][gc,marking     ] GC(169) Concurrent Mark 505.209ms
[844.047s][info][gc,marking     ] GC(169) Concurrent Rebuild Remembered Sets and Scrub Regions
.[844.240s][info][gc,marking     ] GC(169) Concurrent Rebuild Remembered Sets and Scrub Regions 192.782ms
[844.240s][info][gc,start       ] GC(169) Pause Cleanup
[844.240s][info][gc             ] GC(169) Pause Cleanup 1425M->1425M(4096M) 0.136ms
[844.240s][info][gc,cpu         ] GC(169) User=0.00s Sys=0.00s Real=0.00s
[844.240s][info][gc,marking     ] GC(169) Concurrent Clear Claimed Marks
[844.240s][info][gc,marking     ] GC(169) Concurrent Clear Claimed Marks 0.028ms
[844.240s][info][gc,marking     ] GC(169) Concurrent Cleanup for Next Mark
[844.244s][info][gc,marking     ] GC(169) Concurrent Cleanup for Next Mark 3.980ms
[844.244s][info][gc             ] GC(169) Concurrent Mark Cycle 806.242ms
.................................[877.436s][info][gc,start       ] GC(170) Pause Young (Prepare Mixed) (G1 Evacuation Pause)
[877.436s][info][gc,task        ] GC(170) Using 6 workers of 6 for evacuation
[877.554s][info][gc,phases      ] GC(170)   Pre Evacuate Collection Set: 0.38ms
[877.554s][info][gc,phases      ] GC(170)   Merge Heap Roots: 0.64ms
[877.554s][info][gc,phases      ] GC(170)   Evacuate Collection Set: 116.14ms
[877.554s][info][gc,phases      ] GC(170)   Post Evacuate Collection Set: 0.97ms
[877.554s][info][gc,phases      ] GC(170)   Other: 0.10ms
[877.554s][info][gc,heap        ] GC(170) Eden regions: 1120->0(1120)
[877.554s][info][gc,heap        ] GC(170) Survivor regions: 108->108(154)
[877.554s][info][gc,heap        ] GC(170) Old regions: 498->530
[877.554s][info][gc,heap        ] GC(170) Humongous regions: 77->77
[877.554s][info][gc,metaspace   ] GC(170) Metaspace: 28847K(29248K)->28847K(29248K) NonClass: 23963K(24128K)->23963K(24128K) Class: 4884K(5120K)->4884K(5120K)
[877.554s][info][gc             ] GC(170) Pause Young (Prepare Mixed) (G1 Evacuation Pause) 3603M->1428M(4096M) 118.361ms
[877.554s][info][gc,cpu         ] GC(170) User=0.70s Sys=0.00s Real=0.12s
....... (rIR:aIR:PR = 553:553:553) (tPR = 8291) [OK] 
   883s: Performance info:
         Transaction,    Success,    Partial,     Failed,   Receipts, AvgBarcode, 
             Overall,      33181,          0,          0,      31518,      59.48, 
         Response times:
             Request,    Success,    Partial,     Failed,   SkipFail,     Probes,    Samples,      min,      p50,      p90,      p95,      p99,      max, 
       TotalPurchase,      31518,          0,          0,          0,      30164,      32977,      300,      800,     1100,     1300,     1600,   121000,
     InStorePurchase,      16593,          0,          0,          0,      15928,      17289,      300,      800,     1100,     1300,     1600,   121000,
      OnlinePurchase,      11599,          0,          0,          0,      11148,      12199,      300,      800,     1200,     1300,     1600,   121000,
        InstPurchase,       3326,          0,          0,          0,       3088,       3489,      400,      800,     1200,     1300,     1600,     6500,
          AssocOfCat,         33,          0,          0,          0,         29,         34,    17800,    24000,    28500,    30000,    33000,    33000,
      AssocOfProduct,        333,          0,          0,          0,        254,        365,      500,      800,     1100,     1300,     1500,     3200,
      BusinessReport,         85,          0,          0,          0,         81,         88,    19800,    28000,    32000,    32550,    60000,    60000,
          CustBuyBeh,        332,          0,          0,          0,        247,        337,      200,      700,     1000,     1100,     1300,     1500,
       ProductReturn,        880,          0,          0,          0,        743,        910,      200,      600,      990,     1100,     1300,     1700,

   883s: ( 5%)   IR =    692 ....|.................[906.091s][info][gc,start       ] GC(171) Pause Young (Mixed) (G1 Evacuation Pause)
[906.091s][info][gc,task        ] GC(171) Using 6 workers of 6 for evacuation
[906.226s][info][gc,phases      ] GC(171)   Pre Evacuate Collection Set: 0.41ms
[906.226s][info][gc,phases      ] GC(171)   Merge Heap Roots: 0.75ms
[906.226s][info][gc,phases      ] GC(171)   Evacuate Collection Set: 132.16ms
[906.226s][info][gc,phases      ] GC(171)   Post Evacuate Collection Set: 1.00ms
[906.226s][info][gc,phases      ] GC(171)   Other: 0.09ms
[906.226s][info][gc,heap        ] GC(171) Eden regions: 1120->0(1120)
[906.226s][info][gc,heap        ] GC(171) Survivor regions: 108->108(154)
[906.226s][info][gc,heap        ] GC(171) Old regions: 530->464
[906.226s][info][gc,heap        ] GC(171) Humongous regions: 77->77
[906.226s][info][gc,metaspace   ] GC(171) Metaspace: 28849K(29248K)->28849K(29248K) NonClass: 23965K(24128K)->23965K(24128K) Class: 4884K(5120K)->4884K(5120K)
[906.226s][info][gc             ] GC(171) Pause Young (Mixed) (G1 Evacuation Pause) 3668M->1295M(4096M) 134.574ms
[906.226s][info][gc,cpu         ] GC(171) User=0.79s Sys=0.00s Real=0.14s
............................[933.598s][info][gc,start       ] GC(172) Pause Young (Concurrent Start) (G1 Evacuation Pause)
[933.598s][info][gc,task        ] GC(172) Using 6 workers of 6 for evacuation
[933.716s][info][gc,phases      ] GC(172)   Pre Evacuate Collection Set: 0.48ms
[933.716s][info][gc,phases      ] GC(172)   Merge Heap Roots: 0.56ms
[933.716s][info][gc,phases      ] GC(172)   Evacuate Collection Set: 116.61ms
[933.716s][info][gc,phases      ] GC(172)   Post Evacuate Collection Set: 0.93ms
[933.716s][info][gc,phases      ] GC(172)   Other: 0.11ms
[933.716s][info][gc,heap        ] GC(172) Eden regions: 1120->0(1119)
[933.716s][info][gc,heap        ] GC(172) Survivor regions: 108->109(154)
[933.716s][info][gc,heap        ] GC(172) Old regions: 464->496
[933.716s][info][gc,heap        ] GC(172) Humongous regions: 77->77
[933.716s][info][gc,metaspace   ] GC(172) Metaspace: 28853K(29248K)->28853K(29248K) NonClass: 23969K(24128K)->23969K(24128K) Class: 4884K(5120K)->4884K(5120K)
[933.716s][info][gc             ] GC(172) Pause Young (Concurrent Start) (G1 Evacuation Pause) 3535M->1363M(4096M) 118.824ms
[933.717s][info][gc             ] GC(173) Concurrent Mark Cycle
[933.717s][info][gc,marking     ] GC(173) Concurrent Scan Root Regions
[933.717s][info][gc,cpu         ] GC(172) User=0.71s Sys=0.00s Real=0.12s
[933.834s][info][gc,marking     ] GC(173) Concurrent Scan Root Regions 117.647ms
[933.834s][info][gc,marking     ] GC(173) Concurrent Mark
[933.834s][info][gc,marking     ] GC(173) Concurrent Mark From Roots
[933.834s][info][gc,task        ] GC(173) Using 2 workers of 2 for marking
.[934.324s][info][gc,marking     ] GC(173) Concurrent Mark From Roots 489.818ms
[934.324s][info][gc,marking     ] GC(173) Concurrent Preclean
[934.324s][info][gc,marking     ] GC(173) Concurrent Preclean 0.056ms
[934.324s][info][gc,start       ] GC(173) Pause Remark
[934.327s][info][gc             ] GC(173) Pause Remark 1431M->1431M(4096M) 2.525ms
[934.327s][info][gc,cpu         ] GC(173) User=0.01s Sys=0.00s Real=0.00s
[934.327s][info][gc,marking     ] GC(173) Concurrent Mark 492.675ms
[934.327s][info][gc,marking     ] GC(173) Concurrent Rebuild Remembered Sets and Scrub Regions
[934.527s][info][gc,marking     ] GC(173) Concurrent Rebuild Remembered Sets and Scrub Regions 200.329ms
[934.527s][info][gc,start       ] GC(173) Pause Cleanup
[934.528s][info][gc             ] GC(173) Pause Cleanup 1443M->1443M(4096M) 0.136ms
[934.528s][info][gc,cpu         ] GC(173) User=0.00s Sys=0.00s Real=0.00s
[934.528s][info][gc,marking     ] GC(173) Concurrent Clear Claimed Marks
[934.528s][info][gc,marking     ] GC(173) Concurrent Clear Claimed Marks 0.028ms
[934.528s][info][gc,marking     ] GC(173) Concurrent Cleanup for Next Mark
[934.531s][info][gc,marking     ] GC(173) Concurrent Cleanup for Next Mark 3.194ms
[934.531s][info][gc             ] GC(173) Concurrent Mark Cycle 814.326ms
.............. (rIR:aIR:PR = 692:692:692) (tPR = 10222) [OK] 
   948s: Performance info:
         Transaction,    Success,    Partial,     Failed,   Receipts, AvgBarcode, 
             Overall,      41577,          0,          0,      39504,      59.47, 
         Response times:
             Request,    Success,    Partial,     Failed,   SkipFail,     Probes,    Samples,      min,      p50,      p90,      p95,      p99,      max, 
       TotalPurchase,      39504,          0,          0,          0,      38106,      41710,      300,      900,     1300,     1400,     1800,   136000,
     InStorePurchase,      20784,          0,          0,          0,      20237,      22131,      300,      900,     1200,     1400,     1700,   136000,
      OnlinePurchase,      14554,          0,          0,          0,      14039,      15346,      300,      900,     1300,     1400,     1800,    11300,
        InstPurchase,       4166,          0,          0,          0,       3830,       4233,      400,      900,     1300,     1500,     1800,    10900,
          AssocOfCat,         41,          0,          0,          0,         40,         44,    19800,    24500,    27000,    27000,    28000,    28000,
      AssocOfProduct,        415,          0,          0,          0,        340,        458,      400,     1000,     1300,     1400,     1500,     2600,
      BusinessReport,        102,          0,          0,          0,        100,        109,    22000,    28000,    33000,    35500,   174100,   189000,
          CustBuyBeh,        413,          0,          0,          0,        334,        437,      200,      800,     1200,     1300,     1800,     8900,
       ProductReturn,       1102,          0,          0,          0,        946,       1113,      300,      900,     1300,     1400,     2286,    10200,

   948s: ( 6%)   IR =    830 ....|......[958.940s][info][gc,start       ] GC(174) Pause Young (Prepare Mixed) (G1 Evacuation Pause)
[958.940s][info][gc,task        ] GC(174) Using 6 workers of 6 for evacuation
[959.059s][info][gc,phases      ] GC(174)   Pre Evacuate Collection Set: 0.38ms
[959.059s][info][gc,phases      ] GC(174)   Merge Heap Roots: 0.57ms
[959.059s][info][gc,phases      ] GC(174)   Evacuate Collection Set: 116.58ms
[959.059s][info][gc,phases      ] GC(174)   Post Evacuate Collection Set: 0.94ms
[959.059s][info][gc,phases      ] GC(174)   Other: 0.09ms
[959.059s][info][gc,heap        ] GC(174) Eden regions: 1119->0(1119)
[959.059s][info][gc,heap        ] GC(174) Survivor regions: 109->109(154)
[959.059s][info][gc,heap        ] GC(174) Old regions: 496->528
[959.059s][info][gc,heap        ] GC(174) Humongous regions: 77->77
[959.059s][info][gc,metaspace   ] GC(174) Metaspace: 28861K(29248K)->28861K(29248K) NonClass: 23977K(24128K)->23977K(24128K) Class: 4884K(5120K)->4884K(5120K)
[959.059s][info][gc             ] GC(174) Pause Young (Prepare Mixed) (G1 Evacuation Pause) 3601M->1427M(4096M) 118.687ms
[959.059s][info][gc,cpu         ] GC(174) User=0.70s Sys=0.00s Real=0.12s
.......................[981.832s][info][gc,start       ] GC(175) Pause Young (Mixed) (G1 Evacuation Pause)
[981.832s][info][gc,task        ] GC(175) Using 6 workers of 6 for evacuation
[981.964s][info][gc,phases      ] GC(175)   Pre Evacuate Collection Set: 0.42ms
[981.964s][info][gc,phases      ] GC(175)   Merge Heap Roots: 0.71ms
[981.964s][info][gc,phases      ] GC(175)   Evacuate Collection Set: 130.14ms
[981.964s][info][gc,phases      ] GC(175)   Post Evacuate Collection Set: 0.96ms
[981.964s][info][gc,phases      ] GC(175)   Other: 0.09ms
[981.964s][info][gc,heap        ] GC(175) Eden regions: 1119->0(1119)
[981.964s][info][gc,heap        ] GC(175) Survivor regions: 109->109(154)
[981.964s][info][gc,heap        ] GC(175) Old regions: 528->465
[981.964s][info][gc,heap        ] GC(175) Humongous regions: 77->77
[981.964s][info][gc,metaspace   ] GC(175) Metaspace: 28862K(29248K)->28862K(29248K) NonClass: 23977K(24128K)->23977K(24128K) Class: 4884K(5120K)->4884K(5120K)
[981.964s][info][gc             ] GC(175) Pause Young (Mixed) (G1 Evacuation Pause) 3665M->1300M(4096M) 132.456ms
[981.965s][info][gc,cpu         ] GC(175) User=0.79s Sys=0.00s Real=0.14s
.......................[1004.798s][info][gc,start       ] GC(176) Pause Young (Concurrent Start) (G1 Evacuation Pause)
[1004.798s][info][gc,task        ] GC(176) Using 6 workers of 6 for evacuation
[1004.920s][info][gc,phases      ] GC(176)   Pre Evacuate Collection Set: 0.43ms
[1004.920s][info][gc,phases      ] GC(176)   Merge Heap Roots: 0.50ms
[1004.920s][info][gc,phases      ] GC(176)   Evacuate Collection Set: 120.18ms
[1004.920s][info][gc,phases      ] GC(176)   Post Evacuate Collection Set: 0.91ms
[1004.920s][info][gc,phases      ] GC(176)   Other: 0.12ms
[1004.920s][info][gc,heap        ] GC(176) Eden regions: 1119->0(1117)
[1004.920s][info][gc,heap        ] GC(176) Survivor regions: 109->111(154)
[1004.920s][info][gc,heap        ] GC(176) Old regions: 465->497
[1004.920s][info][gc,heap        ] GC(176) Humongous regions: 77->77
[1004.920s][info][gc,metaspace   ] GC(176) Metaspace: 28862K(29248K)->28862K(29248K) NonClass: 23977K(24128K)->23977K(24128K) Class: 4884K(5120K)->4884K(5120K)
[1004.920s][info][gc             ] GC(176) Pause Young (Concurrent Start) (G1 Evacuation Pause) 3538M->1369M(4096M) 122.271ms
[1004.920s][info][gc             ] GC(177) Concurrent Mark Cycle
[1004.920s][info][gc,marking     ] GC(177) Concurrent Scan Root Regions
[1004.920s][info][gc,cpu         ] GC(176) User=0.73s Sys=0.00s Real=0.12s
[1005.086s][info][gc,marking     ] GC(177) Concurrent Scan Root Regions 165.354ms
[1005.086s][info][gc,marking     ] GC(177) Concurrent Mark
[1005.086s][info][gc,marking     ] GC(177) Concurrent Mark From Roots
[1005.086s][info][gc,task        ] GC(177) Using 2 workers of 2 for marking
.[1005.955s][info][gc,marking     ] GC(177) Concurrent Mark From Roots 868.888ms
[1005.955s][info][gc,marking     ] GC(177) Concurrent Preclean
[1005.955s][info][gc,marking     ] GC(177) Concurrent Preclean 0.055ms
[1005.955s][info][gc,start       ] GC(177) Pause Remark
[1005.958s][info][gc             ] GC(177) Pause Remark 1480M->1480M(4096M) 2.905ms
[1005.958s][info][gc,cpu         ] GC(177) User=0.01s Sys=0.00s Real=0.00s
[1005.958s][info][gc,marking     ] GC(177) Concurrent Mark 872.105ms
[1005.958s][info][gc,marking     ] GC(177) Concurrent Rebuild Remembered Sets and Scrub Regions
[1006.176s][info][gc,marking     ] GC(177) Concurrent Rebuild Remembered Sets and Scrub Regions 218.375ms
[1006.176s][info][gc,start       ] GC(177) Pause Cleanup
[1006.177s][info][gc             ] GC(177) Pause Cleanup 1497M->1497M(4096M) 0.133ms
[1006.177s][info][gc,cpu         ] GC(177) User=0.00s Sys=0.00s Real=0.00s
[1006.177s][info][gc,marking     ] GC(177) Concurrent Clear Claimed Marks
[1006.177s][info][gc,marking     ] GC(177) Concurrent Clear Claimed Marks 0.028ms
[1006.177s][info][gc,marking     ] GC(177) Concurrent Cleanup for Next Mark
[1006.180s][info][gc,marking     ] GC(177) Concurrent Cleanup for Next Mark 3.252ms
[1006.180s][info][gc             ] GC(177) Concurrent Mark Cycle 1259.577ms
....... (rIR:aIR:PR = 830:830:830) (tPR = 12400) [OK] 
  1012s: Performance info:
         Transaction,    Success,    Partial,     Failed,   Receipts, AvgBarcode, 
             Overall,      49860,          0,          0,      47367,      59.47, 
         Response times:
             Request,    Success,    Partial,     Failed,   SkipFail,     Probes,    Samples,      min,      p50,      p90,      p95,      p99,      max, 
       TotalPurchase,      47367,          0,          0,          0,      45586,      49691,      300,     1000,     1500,     1600,     2200,   135000,
     InStorePurchase,      24932,          0,          0,          0,      24212,      26115,      300,     1000,     1400,     1600,     2200,   135000,
      OnlinePurchase,      17455,          0,          0,          0,      16702,      18314,      300,     1000,     1500,     1700,     2200,   134000,
        InstPurchase,       4980,          0,          0,          0,       4672,       5262,      400,     1100,     1600,     1700,     2200,   135000,
          AssocOfCat,         50,          0,          0,          0,         47,         52,    18300,    24000,    29000,    30000,    32000,    32000,
      AssocOfProduct,        501,          0,          0,          0,        432,        529,      400,     1200,     1700,     1900,     2100,     2600,
      BusinessReport,        126,          0,          0,          0,         87,        125,    21000,    28000,    31000,    33400,   124100,   154000,
          CustBuyBeh,        496,          0,          0,          0,        400,        522,      200,      800,     1200,     1300,     1677,     2400,
       ProductReturn,       1320,          0,          0,          0,       1166,       1307,      200,      700,     1200,     1400,     1892,     6200,

  1012s: ( 7%)   IR =    969 ......|.......[1025.565s][info][gc,start       ] GC(178) Pause Young (Prepare Mixed) (G1 Evacuation Pause)
[1025.565s][info][gc,task        ] GC(178) Using 6 workers of 6 for evacuation
[1025.684s][info][gc,phases      ] GC(178)   Pre Evacuate Collection Set: 0.41ms
[1025.684s][info][gc,phases      ] GC(178)   Merge Heap Roots: 0.61ms
[1025.684s][info][gc,phases      ] GC(178)   Evacuate Collection Set: 117.25ms
[1025.684s][info][gc,phases      ] GC(178)   Post Evacuate Collection Set: 0.92ms
[1025.684s][info][gc,phases      ] GC(178)   Other: 0.10ms
[1025.684s][info][gc,heap        ] GC(178) Eden regions: 1117->0(1119)
[1025.684s][info][gc,heap        ] GC(178) Survivor regions: 111->109(154)
[1025.684s][info][gc,heap        ] GC(178) Old regions: 497->529
[1025.684s][info][gc,heap        ] GC(178) Humongous regions: 77->77
[1025.684s][info][gc,metaspace   ] GC(178) Metaspace: 28862K(29248K)->28862K(29248K) NonClass: 23978K(24128K)->23978K(24128K) Class: 4884K(5120K)->4884K(5120K)
[1025.684s][info][gc             ] GC(178) Pause Young (Prepare Mixed) (G1 Evacuation Pause) 3603M->1429M(4096M) 119.440ms
[1025.684s][info][gc,cpu         ] GC(178) User=0.71s Sys=0.00s Real=0.12s
...................[1045.064s][info][gc,start       ] GC(179) Pause Young (Mixed) (G1 Evacuation Pause)
[1045.064s][info][gc,task        ] GC(179) Using 6 workers of 6 for evacuation
[1045.194s][info][gc,phases      ] GC(179)   Pre Evacuate Collection Set: 0.43ms
[1045.194s][info][gc,phases      ] GC(179)   Merge Heap Roots: 0.60ms
[1045.194s][info][gc,phases      ] GC(179)   Evacuate Collection Set: 127.75ms
[1045.194s][info][gc,phases      ] GC(179)   Post Evacuate Collection Set: 0.97ms
[1045.194s][info][gc,phases      ] GC(179)   Other: 0.09ms
[1045.194s][info][gc,heap        ] GC(179) Eden regions: 1119->0(1120)
[1045.194s][info][gc,heap        ] GC(179) Survivor regions: 109->108(154)
[1045.194s][info][gc,heap        ] GC(179) Old regions: 529->465
[1045.194s][info][gc,heap        ] GC(179) Humongous regions: 77->77
[1045.194s][info][gc,metaspace   ] GC(179) Metaspace: 28862K(29248K)->28862K(29248K) NonClass: 23978K(24128K)->23978K(24128K) Class: 4884K(5120K)->4884K(5120K)
[1045.194s][info][gc             ] GC(179) Pause Young (Mixed) (G1 Evacuation Pause) 3667M->1298M(4096M) 129.961ms
[1045.194s][info][gc,cpu         ] GC(179) User=0.77s Sys=0.00s Real=0.13s
....................[1064.895s][info][gc,start       ] GC(180) Pause Young (Concurrent Start) (G1 Evacuation Pause)
[1064.895s][info][gc,task        ] GC(180) Using 6 workers of 6 for evacuation
[1065.012s][info][gc,phases      ] GC(180)   Pre Evacuate Collection Set: 0.44ms
[1065.012s][info][gc,phases      ] GC(180)   Merge Heap Roots: 0.54ms
[1065.012s][info][gc,phases      ] GC(180)   Evacuate Collection Set: 114.72ms
[1065.012s][info][gc,phases      ] GC(180)   Post Evacuate Collection Set: 0.92ms
[1065.012s][info][gc,phases      ] GC(180)   Other: 0.14ms
[1065.012s][info][gc,heap        ] GC(180) Eden regions: 1120->0(1120)
[1065.012s][info][gc,heap        ] GC(180) Survivor regions: 108->108(154)
[1065.012s][info][gc,heap        ] GC(180) Old regions: 465->497
[1065.012s][info][gc,heap        ] GC(180) Humongous regions: 77->77
[1065.012s][info][gc,metaspace   ] GC(180) Metaspace: 28862K(29248K)->28862K(29248K) NonClass: 23978K(24128K)->23978K(24128K) Class: 4884K(5120K)->4884K(5120K)
[1065.012s][info][gc             ] GC(180) Pause Young (Concurrent Start) (G1 Evacuation Pause) 3538M->1363M(4096M) 116.892ms
[1065.012s][info][gc             ] GC(181) Concurrent Mark Cycle
[1065.012s][info][gc,marking     ] GC(181) Concurrent Scan Root Regions
[1065.012s][info][gc,cpu         ] GC(180) User=0.69s Sys=0.00s Real=0.11s
[1065.175s][info][gc,marking     ] GC(181) Concurrent Scan Root Regions 163.117ms
[1065.175s][info][gc,marking     ] GC(181) Concurrent Mark
[1065.175s][info][gc,marking     ] GC(181) Concurrent Mark From Roots
[1065.175s][info][gc,task        ] GC(181) Using 2 workers of 2 for marking
.[1066.094s][info][gc,marking     ] GC(181) Concurrent Mark From Roots 918.436ms
[1066.094s][info][gc,marking     ] GC(181) Concurrent Preclean
[1066.094s][info][gc,marking     ] GC(181) Concurrent Preclean 0.070ms
[1066.094s][info][gc,start       ] GC(181) Pause Remark
[1066.097s][info][gc             ] GC(181) Pause Remark 1509M->1509M(4096M) 3.108ms
[1066.097s][info][gc,cpu         ] GC(181) User=0.01s Sys=0.00s Real=0.00s
[1066.097s][info][gc,marking     ] GC(181) Concurrent Mark 921.887ms
[1066.097s][info][gc,marking     ] GC(181) Concurrent Rebuild Remembered Sets and Scrub Regions
.[1066.428s][info][gc,marking     ] GC(181) Concurrent Rebuild Remembered Sets and Scrub Regions 330.905ms
[1066.428s][info][gc,start       ] GC(181) Pause Cleanup
[1066.428s][info][gc             ] GC(181) Pause Cleanup 1548M->1548M(4096M) 0.152ms
[1066.428s][info][gc,cpu         ] GC(181) User=0.00s Sys=0.00s Real=0.00s
[1066.428s][info][gc,marking     ] GC(181) Concurrent Clear Claimed Marks
[1066.428s][info][gc,marking     ] GC(181) Concurrent Clear Claimed Marks 0.031ms
[1066.428s][info][gc,marking     ] GC(181) Concurrent Cleanup for Next Mark
[1066.432s][info][gc,marking     ] GC(181) Concurrent Cleanup for Next Mark 3.287ms
[1066.432s][info][gc             ] GC(181) Concurrent Mark Cycle 1419.729ms
............ (rIR:aIR:PR = 969:969:969) (tPR = 14337) [OK] 
  1078s: Performance info:
         Transaction,    Success,    Partial,     Failed,   Receipts, AvgBarcode, 
             Overall,      58169,          0,          0,      55258,      59.48, 
         Response times:
             Request,    Success,    Partial,     Failed,   SkipFail,     Probes,    Samples,      min,      p50,      p90,      p95,      p99,      max, 
       TotalPurchase,      55258,          0,          0,          0,      53605,      60267,      300,     1100,     1600,     1800,     2400,   135000,
     InStorePurchase,      29076,          0,          0,          0,      28441,      31801,      300,     1200,     1700,     1800,     2400,   134000,
      OnlinePurchase,      20361,          0,          0,          0,      19669,      22064,      300,     1100,     1600,     1800,     2400,   135000,
        InstPurchase,       5821,          0,          0,          0,       5495,       6402,      400,     1000,     1500,     1700,     2197,   133000,
          AssocOfCat,         60,          0,          0,          0,         56,         63,    18600,    25000,    28000,    28800,    38000,    38000,
      AssocOfProduct,        580,          0,          0,          0,        501,        672,      500,     1300,     1800,     2000,     2600,     5400,
      BusinessReport,        147,          0,          0,          0,        103,        164,    20000,    29000,    33000,    36000,    49000,    49000,
          CustBuyBeh,        581,          0,          0,          0,        477,        632,      300,     1200,     1600,     1800,     2100,     2700,
       ProductReturn,       1543,          0,          0,          0,       1408,       1724,      200,     1100,     1600,     1700,     2100,     7900,

  1078s: ( 8%)   IR =   1107 .....[1083.770s][info][gc,start       ] GC(182) Pause Young (Prepare Mixed) (G1 Evacuation Pause)
[1083.770s][info][gc,task        ] GC(182) Using 6 workers of 6 for evacuation
[1083.888s][info][gc,phases      ] GC(182)   Pre Evacuate Collection Set: 0.41ms
[1083.888s][info][gc,phases      ] GC(182)   Merge Heap Roots: 0.59ms
[1083.888s][info][gc,phases      ] GC(182)   Evacuate Collection Set: 116.14ms
[1083.888s][info][gc,phases      ] GC(182)   Post Evacuate Collection Set: 0.95ms
[1083.888s][info][gc,phases      ] GC(182)   Other: 0.10ms
[1083.888s][info][gc,heap        ] GC(182) Eden regions: 1120->0(1119)
[1083.888s][info][gc,heap        ] GC(182) Survivor regions: 108->109(154)
[1083.888s][info][gc,heap        ] GC(182) Old regions: 497->529
[1083.888s][info][gc,heap        ] GC(182) Humongous regions: 77->77
[1083.888s][info][gc,metaspace   ] GC(182) Metaspace: 28868K(29248K)->28868K(29248K) NonClass: 23984K(24128K)->23984K(24128K) Class: 4884K(5120K)->4884K(5120K)
[1083.888s][info][gc             ] GC(182) Pause Young (Prepare Mixed) (G1 Evacuation Pause) 3603M->1429M(4096M) 118.326ms
[1083.888s][info][gc,cpu         ] GC(182) User=0.70s Sys=0.01s Real=0.12s
.|................[1101.099s][info][gc,start       ] GC(183) Pause Young (Mixed) (G1 Evacuation Pause)
[1101.099s][info][gc,task        ] GC(183) Using 6 workers of 6 for evacuation
[1101.231s][info][gc,phases      ] GC(183)   Pre Evacuate Collection Set: 0.43ms
[1101.231s][info][gc,phases      ] GC(183)   Merge Heap Roots: 0.80ms
[1101.231s][info][gc,phases      ] GC(183)   Evacuate Collection Set: 129.85ms
[1101.231s][info][gc,phases      ] GC(183)   Post Evacuate Collection Set: 0.99ms
[1101.231s][info][gc,phases      ] GC(183)   Other: 0.10ms
[1101.231s][info][gc,heap        ] GC(183) Eden regions: 1119->0(1119)
[1101.231s][info][gc,heap        ] GC(183) Survivor regions: 109->109(154)
[1101.231s][info][gc,heap        ] GC(183) Old regions: 529->466
[1101.231s][info][gc,heap        ] GC(183) Humongous regions: 77->77
[1101.231s][info][gc,metaspace   ] GC(183) Metaspace: 28868K(29248K)->28868K(29248K) NonClass: 23984K(24128K)->23984K(24128K) Class: 4884K(5120K)->4884K(5120K)
[1101.231s][info][gc             ] GC(183) Pause Young (Mixed) (G1 Evacuation Pause) 3667M->1302M(4096M) 132.322ms
[1101.231s][info][gc,cpu         ] GC(183) User=0.79s Sys=0.00s Real=0.13s
..................[1118.383s][info][gc,start       ] GC(184) Pause Young (Concurrent Start) (G1 Evacuation Pause)
[1118.383s][info][gc,task        ] GC(184) Using 6 workers of 6 for evacuation
[1118.500s][info][gc,phases      ] GC(184)   Pre Evacuate Collection Set: 0.44ms
[1118.500s][info][gc,phases      ] GC(184)   Merge Heap Roots: 0.52ms
[1118.500s][info][gc,phases      ] GC(184)   Evacuate Collection Set: 114.61ms
[1118.500s][info][gc,phases      ] GC(184)   Post Evacuate Collection Set: 0.92ms
[1118.500s][info][gc,phases      ] GC(184)   Other: 0.10ms
[1118.500s][info][gc,heap        ] GC(184) Eden regions: 1119->0(1119)
[1118.500s][info][gc,heap        ] GC(184) Survivor regions: 109->109(154)
[1118.500s][info][gc,heap        ] GC(184) Old regions: 466->499
[1118.500s][info][gc,heap        ] GC(184) Humongous regions: 77->77
[1118.500s][info][gc,metaspace   ] GC(184) Metaspace: 28868K(29248K)->28868K(29248K) NonClass: 23984K(24128K)->23984K(24128K) Class: 4884K(5120K)->4884K(5120K)
[1118.500s][info][gc             ] GC(184) Pause Young (Concurrent Start) (G1 Evacuation Pause) 3540M->1368M(4096M) 116.710ms
[1118.500s][info][gc             ] GC(185) Concurrent Mark Cycle
[1118.500s][info][gc,marking     ] GC(185) Concurrent Scan Root Regions
[1118.500s][info][gc,cpu         ] GC(184) User=0.69s Sys=0.00s Real=0.11s
[1118.611s][info][gc,marking     ] GC(185) Concurrent Scan Root Regions 110.842ms
[1118.611s][info][gc,marking     ] GC(185) Concurrent Mark
[1118.611s][info][gc,marking     ] GC(185) Concurrent Mark From Roots
[1118.611s][info][gc,task        ] GC(185) Using 2 workers of 2 for marking
[1119.145s][info][gc,marking     ] GC(185) Concurrent Mark From Roots 534.600ms
[1119.145s][info][gc,marking     ] GC(185) Concurrent Preclean
[1119.146s][info][gc,marking     ] GC(185) Concurrent Preclean 0.052ms
[1119.146s][info][gc,start       ] GC(185) Pause Remark
[1119.148s][info][gc             ] GC(185) Pause Remark 1476M->1476M(4096M) 2.769ms
[1119.148s][info][gc,cpu         ] GC(185) User=0.02s Sys=0.00s Real=0.00s
[1119.149s][info][gc,marking     ] GC(185) Concurrent Mark 537.676ms
[1119.149s][info][gc,marking     ] GC(185) Concurrent Rebuild Remembered Sets and Scrub Regions
[1119.352s][info][gc,marking     ] GC(185) Concurrent Rebuild Remembered Sets and Scrub Regions 203.129ms
[1119.352s][info][gc,start       ] GC(185) Pause Cleanup
[1119.352s][info][gc             ] GC(185) Pause Cleanup 1504M->1504M(4096M) 0.132ms
[1119.352s][info][gc,cpu         ] GC(185) User=0.00s Sys=0.00s Real=0.00s
[1119.352s][info][gc,marking     ] GC(185) Concurrent Clear Claimed Marks
[1119.352s][info][gc,marking     ] GC(185) Concurrent Clear Claimed Marks 0.027ms
[1119.352s][info][gc,marking     ] GC(185) Concurrent Cleanup for Next Mark
[1119.355s][info][gc,marking     ] GC(185) Concurrent Cleanup for Next Mark 3.212ms
[1119.355s][info][gc             ] GC(185) Concurrent Mark Cycle 855.356ms
.................[1135.591s][info][gc,start       ] GC(186) Pause Young (Prepare Mixed) (G1 Evacuation Pause)
[1135.591s][info][gc,task        ] GC(186) Using 6 workers of 6 for evacuation
[1135.709s][info][gc,phases      ] GC(186)   Pre Evacuate Collection Set: 0.41ms
[1135.709s][info][gc,phases      ] GC(186)   Merge Heap Roots: 0.55ms
[1135.709s][info][gc,phases      ] GC(186)   Evacuate Collection Set: 115.29ms
[1135.709s][info][gc,phases      ] GC(186)   Post Evacuate Collection Set: 0.93ms
[1135.709s][info][gc,phases      ] GC(186)   Other: 0.09ms
[1135.709s][info][gc,heap        ] GC(186) Eden regions: 1119->0(1119)
[1135.709s][info][gc,heap        ] GC(186) Survivor regions: 109->109(154)
[1135.709s][info][gc,heap        ] GC(186) Old regions: 499->531
[1135.709s][info][gc,heap        ] GC(186) Humongous regions: 77->77
[1135.709s][info][gc,metaspace   ] GC(186) Metaspace: 28868K(29248K)->28868K(29248K) NonClass: 23984K(24128K)->23984K(24128K) Class: 4884K(5120K)->4884K(5120K)
[1135.709s][info][gc             ] GC(186) Pause Young (Prepare Mixed) (G1 Evacuation Pause) 3606M->1431M(4096M) 117.402ms
[1135.709s][info][gc,cpu         ] GC(186) User=0.69s Sys=0.00s Real=0.12s
......... (rIR:aIR:PR = 1107:1107:1107) (tPR = 16717) [OK] 
  1144s: Performance info:
         Transaction,    Success,    Partial,     Failed,   Receipts, AvgBarcode, 
             Overall,      66436,          0,          0,      63119,      59.46, 
         Response times:
             Request,    Success,    Partial,     Failed,   SkipFail,     Probes,    Samples,      min,      p50,      p90,      p95,      p99,      max, 
       TotalPurchase,      63119,          0,          0,          0,      60834,      68232,      300,     1200,     1800,     2000,     2767,   137000,
     InStorePurchase,      33238,          0,          0,          0,      32146,      35943,      300,     1200,     1800,     1900,     2700,   137000,
      OnlinePurchase,      23229,          0,          0,          0,      22422,      25140,      300,     1300,     1800,     2000,     2800,   137000,
        InstPurchase,       6652,          0,          0,          0,       6266,       7149,      400,     1100,     1700,     1900,     2500,   135000,
          AssocOfCat,         67,          0,          0,          0,         60,         72,    18300,    25000,    28000,    29350,    32000,    32000,
      AssocOfProduct,        664,          0,          0,          0,        548,        694,      500,     1450,     2000,     2300,     2610,     9800,
      BusinessReport,        165,          0,          0,          0,        113,        166,    21000,    29000,    32300,    33000,    39970,    46000,
          CustBuyBeh,        659,          0,          0,          0,        574,        736,      100,      500,      900,     1100,     1600,     2200,
       ProductReturn,       1762,          0,          0,          0,       1594,       1928,      200,     1200,     1700,     1800,     2671,   135000,

  1144s: ( 9%)   IR =   1245 ....|...[1151.978s][info][gc,start       ] GC(187) Pause Young (Mixed) (G1 Evacuation Pause)
[1151.978s][info][gc,task        ] GC(187) Using 6 workers of 6 for evacuation
[1152.111s][info][gc,phases      ] GC(187)   Pre Evacuate Collection Set: 0.40ms
[1152.111s][info][gc,phases      ] GC(187)   Merge Heap Roots: 0.65ms
[1152.111s][info][gc,phases      ] GC(187)   Evacuate Collection Set: 130.93ms
[1152.111s][info][gc,phases      ] GC(187)   Post Evacuate Collection Set: 0.96ms
[1152.111s][info][gc,phases      ] GC(187)   Other: 0.08ms
[1152.111s][info][gc,heap        ] GC(187) Eden regions: 1119->0(1120)
[1152.111s][info][gc,heap        ] GC(187) Survivor regions: 109->108(154)
[1152.111s][info][gc,heap        ] GC(187) Old regions: 531->467
[1152.111s][info][gc,heap        ] GC(187) Humongous regions: 77->77
[1152.111s][info][gc,metaspace   ] GC(187) Metaspace: 28870K(29248K)->28870K(29248K) NonClass: 23986K(24128K)->23986K(24128K) Class: 4884K(5120K)->4884K(5120K)
[1152.111s][info][gc             ] GC(187) Pause Young (Mixed) (G1 Evacuation Pause) 3669M->1302M(4096M) 133.176ms
[1152.111s][info][gc,cpu         ] GC(187) User=0.77s Sys=0.00s Real=0.13s
...............[1167.316s][info][gc,start       ] GC(188) Pause Young (Concurrent Start) (G1 Evacuation Pause)
[1167.316s][info][gc,task        ] GC(188) Using 6 workers of 6 for evacuation
[1167.433s][info][gc,phases      ] GC(188)   Pre Evacuate Collection Set: 0.42ms
[1167.433s][info][gc,phases      ] GC(188)   Merge Heap Roots: 0.55ms
[1167.433s][info][gc,phases      ] GC(188)   Evacuate Collection Set: 115.34ms
[1167.433s][info][gc,phases      ] GC(188)   Post Evacuate Collection Set: 0.90ms
[1167.433s][info][gc,phases      ] GC(188)   Other: 0.11ms
[1167.433s][info][gc,heap        ] GC(188) Eden regions: 1120->0(1119)
[1167.433s][info][gc,heap        ] GC(188) Survivor regions: 108->109(154)
[1167.433s][info][gc,heap        ] GC(188) Old regions: 467->498
[1167.433s][info][gc,heap        ] GC(188) Humongous regions: 77->77
[1167.433s][info][gc,metaspace   ] GC(188) Metaspace: 28870K(29248K)->28870K(29248K) NonClass: 23986K(24128K)->23986K(24128K) Class: 4884K(5120K)->4884K(5120K)
[1167.433s][info][gc             ] GC(188) Pause Young (Concurrent Start) (G1 Evacuation Pause) 3542M->1367M(4096M) 117.461ms
[1167.433s][info][gc             ] GC(189) Concurrent Mark Cycle
[1167.433s][info][gc,marking     ] GC(189) Concurrent Scan Root Regions
[1167.433s][info][gc,cpu         ] GC(188) User=0.69s Sys=0.00s Real=0.12s
.[1167.558s][info][gc,marking     ] GC(189) Concurrent Scan Root Regions 125.047ms
[1167.558s][info][gc,marking     ] GC(189) Concurrent Mark
[1167.558s][info][gc,marking     ] GC(189) Concurrent Mark From Roots
[1167.558s][info][gc,task        ] GC(189) Using 2 workers of 2 for marking
[1168.105s][info][gc,marking     ] GC(189) Concurrent Mark From Roots 547.105ms
[1168.105s][info][gc,marking     ] GC(189) Concurrent Preclean
[1168.105s][info][gc,marking     ] GC(189) Concurrent Preclean 0.060ms
[1168.106s][info][gc,start       ] GC(189) Pause Remark
[1168.109s][info][gc             ] GC(189) Pause Remark 1480M->1480M(4096M) 2.939ms
[1168.109s][info][gc,cpu         ] GC(189) User=0.01s Sys=0.00s Real=0.00s
[1168.109s][info][gc,marking     ] GC(189) Concurrent Mark 550.346ms
[1168.109s][info][gc,marking     ] GC(189) Concurrent Rebuild Remembered Sets and Scrub Regions
[1168.321s][info][gc,marking     ] GC(189) Concurrent Rebuild Remembered Sets and Scrub Regions 212.080ms
[1168.321s][info][gc,start       ] GC(189) Pause Cleanup
[1168.321s][info][gc             ] GC(189) Pause Cleanup 1513M->1513M(4096M) 0.137ms
[1168.321s][info][gc,cpu         ] GC(189) User=0.00s Sys=0.00s Real=0.00s
[1168.321s][info][gc,marking     ] GC(189) Concurrent Clear Claimed Marks
[1168.321s][info][gc,marking     ] GC(189) Concurrent Clear Claimed Marks 0.025ms
[1168.321s][info][gc,marking     ] GC(189) Concurrent Cleanup for Next Mark
[1168.325s][info][gc,marking     ] GC(189) Concurrent Cleanup for Next Mark 3.711ms
[1168.325s][info][gc             ] GC(189) Concurrent Mark Cycle 891.724ms
...............[1182.536s][info][gc,start       ] GC(190) Pause Young (Prepare Mixed) (G1 Evacuation Pause)
[1182.536s][info][gc,task        ] GC(190) Using 6 workers of 6 for evacuation
[1182.655s][info][gc,phases      ] GC(190)   Pre Evacuate Collection Set: 0.38ms
[1182.655s][info][gc,phases      ] GC(190)   Merge Heap Roots: 0.58ms
[1182.655s][info][gc,phases      ] GC(190)   Evacuate Collection Set: 117.03ms
[1182.655s][info][gc,phases      ] GC(190)   Post Evacuate Collection Set: 0.95ms
[1182.655s][info][gc,phases      ] GC(190)   Other: 0.10ms
[1182.655s][info][gc,heap        ] GC(190) Eden regions: 1119->0(1119)
[1182.655s][info][gc,heap        ] GC(190) Survivor regions: 109->109(154)
[1182.655s][info][gc,heap        ] GC(190) Old regions: 498->531
[1182.655s][info][gc,heap        ] GC(190) Humongous regions: 77->77
[1182.655s][info][gc,metaspace   ] GC(190) Metaspace: 28870K(29248K)->28870K(29248K) NonClass: 23986K(24128K)->23986K(24128K) Class: 4884K(5120K)->4884K(5120K)
[1182.655s][info][gc             ] GC(190) Pause Young (Prepare Mixed) (G1 Evacuation Pause) 3605M->1431M(4096M) 119.196ms
[1182.655s][info][gc,cpu         ] GC(190) User=0.70s Sys=0.01s Real=0.12s
...............[1197.832s][info][gc,start       ] GC(191) Pause Young (Mixed) (G1 Evacuation Pause)
[1197.832s][info][gc,task        ] GC(191) Using 6 workers of 6 for evacuation
[1197.967s][info][gc,phases      ] GC(191)   Pre Evacuate Collection Set: 0.40ms
[1197.967s][info][gc,phases      ] GC(191)   Merge Heap Roots: 0.78ms
[1197.967s][info][gc,phases      ] GC(191)   Evacuate Collection Set: 132.96ms
[1197.967s][info][gc,phases      ] GC(191)   Post Evacuate Collection Set: 0.97ms
[1197.967s][info][gc,phases      ] GC(191)   Other: 0.09ms
[1197.967s][info][gc,heap        ] GC(191) Eden regions: 1119->0(1117)
[1197.967s][info][gc,heap        ] GC(191) Survivor regions: 109->111(154)
[1197.967s][info][gc,heap        ] GC(191) Old regions: 531->467
[1197.967s][info][gc,heap        ] GC(191) Humongous regions: 77->77
[1197.967s][info][gc,metaspace   ] GC(191) Metaspace: 28870K(29248K)->28870K(29248K) NonClass: 23986K(24128K)->23986K(24128K) Class: 4884K(5120K)->4884K(5120K)
[1197.967s][info][gc             ] GC(191) Pause Young (Mixed) (G1 Evacuation Pause) 3669M->1308M(4096M) 135.314ms
[1197.967s][info][gc,cpu         ] GC(191) User=0.80s Sys=0.00s Real=0.14s
........... (rIR:aIR:PR = 1245:1246:1246) (tPR = 18591) [OK] 
  1208s: Performance info:
         Transaction,    Success,    Partial,     Failed,   Receipts, AvgBarcode, 
             Overall,      74852,          0,          0,      71118,      59.47, 
         Response times:
             Request,    Success,    Partial,     Failed,   SkipFail,     Probes,    Samples,      min,      p50,      p90,      p95,      p99,      max, 
       TotalPurchase,      71118,          0,          0,          0,      68916,      74693,      300,     1300,     2000,     2200,     3100,   136000,
     InStorePurchase,      37441,          0,          0,          0,      36444,      39261,      300,     1400,     2000,     2200,     3100,   136000,
      OnlinePurchase,      26191,          0,          0,          0,      25460,      27657,      300,     1300,     2000,     2200,     3100,   127000,
        InstPurchase,       7486,          0,          0,          0,       7012,       7775,      400,     1300,     1900,     2100,     3524,   123000,
          AssocOfCat,         76,          0,          0,          0,         74,         80,    19600,    26000,    28900,    30900,    53000,    53000,
      AssocOfProduct,        745,          0,          0,          0,        635,        775,      900,     1800,     2240,     2400,     3324,    15400,
      BusinessReport,        187,          0,          0,          0,        139,        206,    19900,    29000,    34000,    38000,   100790,   170000,
          CustBuyBeh,        747,          0,          0,          0,        642,        812,      100,      800,     1400,     1600,     2100,     8700,
       ProductReturn,       1979,          0,          0,          0,       1836,       2125,      200,     1000,     1700,     1900,     2400,   122000,

  1208s: (10%)   IR =   1384 ....[1212.719s][info][gc,start       ] GC(192) Pause Young (Concurrent Start) (G1 Evacuation Pause)
[1212.719s][info][gc,task        ] GC(192) Using 6 workers of 6 for evacuation
[1212.838s][info][gc,phases      ] GC(192)   Pre Evacuate Collection Set: 0.39ms
[1212.838s][info][gc,phases      ] GC(192)   Merge Heap Roots: 0.51ms
[1212.838s][info][gc,phases      ] GC(192)   Evacuate Collection Set: 117.04ms
[1212.838s][info][gc,phases      ] GC(192)   Post Evacuate Collection Set: 0.92ms
[1212.838s][info][gc,phases      ] GC(192)   Other: 0.12ms
[1212.838s][info][gc,heap        ] GC(192) Eden regions: 1117->0(1117)
[1212.838s][info][gc,heap        ] GC(192) Survivor regions: 111->111(154)
[1212.838s][info][gc,heap        ] GC(192) Old regions: 467->499
[1212.838s][info][gc,heap        ] GC(192) Humongous regions: 77->77
[1212.838s][info][gc,metaspace   ] GC(192) Metaspace: 28870K(29248K)->28870K(29248K) NonClass: 23986K(24128K)->23986K(24128K) Class: 4884K(5120K)->4884K(5120K)
[1212.838s][info][gc             ] GC(192) Pause Young (Concurrent Start) (G1 Evacuation Pause) 3542M->1371M(4096M) 119.145ms
[1212.838s][info][gc             ] GC(193) Concurrent Mark Cycle
[1212.838s][info][gc,marking     ] GC(193) Concurrent Scan Root Regions
[1212.838s][info][gc,cpu         ] GC(192) User=0.70s Sys=0.00s Real=0.12s
[1212.958s][info][gc,marking     ] GC(193) Concurrent Scan Root Regions 119.908ms
[1212.958s][info][gc,marking     ] GC(193) Concurrent Mark
[1212.958s][info][gc,marking     ] GC(193) Concurrent Mark From Roots
[1212.958s][info][gc,task        ] GC(193) Using 2 workers of 2 for marking
.|[1213.507s][info][gc,marking     ] GC(193) Concurrent Mark From Roots 548.584ms
[1213.507s][info][gc,marking     ] GC(193) Concurrent Preclean
[1213.507s][info][gc,marking     ] GC(193) Concurrent Preclean 0.068ms
[1213.507s][info][gc,start       ] GC(193) Pause Remark
[1213.510s][info][gc             ] GC(193) Pause Remark 1498M->1498M(4096M) 2.702ms
[1213.510s][info][gc,cpu         ] GC(193) User=0.02s Sys=0.00s Real=0.00s
[1213.510s][info][gc,marking     ] GC(193) Concurrent Mark 551.623ms
[1213.510s][info][gc,marking     ] GC(193) Concurrent Rebuild Remembered Sets and Scrub Regions
[1213.716s][info][gc,marking     ] GC(193) Concurrent Rebuild Remembered Sets and Scrub Regions 205.832ms
[1213.716s][info][gc,start       ] GC(193) Pause Cleanup
[1213.716s][info][gc             ] GC(193) Pause Cleanup 1523M->1523M(4096M) 0.148ms
[1213.716s][info][gc,cpu         ] GC(193) User=0.00s Sys=0.00s Real=0.00s
[1213.716s][info][gc,marking     ] GC(193) Concurrent Clear Claimed Marks
[1213.716s][info][gc,marking     ] GC(193) Concurrent Clear Claimed Marks 0.032ms
[1213.716s][info][gc,marking     ] GC(193) Concurrent Cleanup for Next Mark
[1213.720s][info][gc,marking     ] GC(193) Concurrent Cleanup for Next Mark 3.217ms
[1213.720s][info][gc             ] GC(193) Concurrent Mark Cycle 881.124ms
.............[1226.495s][info][gc,start       ] GC(194) Pause Young (Prepare Mixed) (G1 Evacuation Pause)
[1226.495s][info][gc,task        ] GC(194) Using 6 workers of 6 for evacuation
[1226.612s][info][gc,phases      ] GC(194)   Pre Evacuate Collection Set: 0.40ms
[1226.612s][info][gc,phases      ] GC(194)   Merge Heap Roots: 0.55ms
[1226.612s][info][gc,phases      ] GC(194)   Evacuate Collection Set: 114.60ms
[1226.612s][info][gc,phases      ] GC(194)   Post Evacuate Collection Set: 0.98ms
[1226.612s][info][gc,phases      ] GC(194)   Other: 0.10ms
[1226.612s][info][gc,heap        ] GC(194) Eden regions: 1117->0(1119)
[1226.612s][info][gc,heap        ] GC(194) Survivor regions: 111->109(154)
[1226.612s][info][gc,heap        ] GC(194) Old regions: 499->531
[1226.612s][info][gc,heap        ] GC(194) Humongous regions: 77->77
[1226.612s][info][gc,metaspace   ] GC(194) Metaspace: 28870K(29248K)->28870K(29248K) NonClass: 23986K(24128K)->23986K(24128K) Class: 4884K(5120K)->4884K(5120K)
[1226.612s][info][gc             ] GC(194) Pause Young (Prepare Mixed) (G1 Evacuation Pause) 3605M->1431M(4096M) 116.757ms
[1226.612s][info][gc,cpu         ] GC(194) User=0.68s Sys=0.00s Real=0.11s
.............[1240.029s][info][gc,start       ] GC(195) Pause Young (Mixed) (G1 Evacuation Pause)
[1240.029s][info][gc,task        ] GC(195) Using 6 workers of 6 for evacuation
[1240.160s][info][gc,phases      ] GC(195)   Pre Evacuate Collection Set: 0.40ms
[1240.161s][info][gc,phases      ] GC(195)   Merge Heap Roots: 0.80ms
[1240.161s][info][gc,phases      ] GC(195)   Evacuate Collection Set: 129.08ms
[1240.161s][info][gc,phases      ] GC(195)   Post Evacuate Collection Set: 0.96ms
[1240.161s][info][gc,phases      ] GC(195)   Other: 0.09ms
[1240.161s][info][gc,heap        ] GC(195) Eden regions: 1119->0(1121)
[1240.161s][info][gc,heap        ] GC(195) Survivor regions: 109->107(154)
[1240.161s][info][gc,heap        ] GC(195) Old regions: 531->467
[1240.161s][info][gc,heap        ] GC(195) Humongous regions: 77->77
[1240.161s][info][gc,metaspace   ] GC(195) Metaspace: 28870K(29248K)->28870K(29248K) NonClass: 23986K(24128K)->23986K(24128K) Class: 4884K(5120K)->4884K(5120K)
[1240.161s][info][gc             ] GC(195) Pause Young (Mixed) (G1 Evacuation Pause) 3669M->1301M(4096M) 131.466ms
[1240.161s][info][gc,cpu         ] GC(195) User=0.78s Sys=0.00s Real=0.13s
..............[1253.958s][info][gc,start       ] GC(196) Pause Young (Concurrent Start) (G1 Evacuation Pause)
[1253.958s][info][gc,task        ] GC(196) Using 6 workers of 6 for evacuation
[1254.078s][info][gc,phases      ] GC(196)   Pre Evacuate Collection Set: 0.42ms
[1254.078s][info][gc,phases      ] GC(196)   Merge Heap Roots: 0.54ms
[1254.078s][info][gc,phases      ] GC(196)   Evacuate Collection Set: 117.77ms
[1254.078s][info][gc,phases      ] GC(196)   Post Evacuate Collection Set: 0.92ms
[1254.078s][info][gc,phases      ] GC(196)   Other: 0.10ms
[1254.078s][info][gc,heap        ] GC(196) Eden regions: 1121->0(1119)
[1254.078s][info][gc,heap        ] GC(196) Survivor regions: 107->109(154)
[1254.078s][info][gc,heap        ] GC(196) Old regions: 467->499
[1254.078s][info][gc,heap        ] GC(196) Humongous regions: 77->77
[1254.078s][info][gc,metaspace   ] GC(196) Metaspace: 28871K(29248K)->28871K(29248K) NonClass: 23987K(24128K)->23987K(24128K) Class: 4884K(5120K)->4884K(5120K)
[1254.078s][info][gc             ] GC(196) Pause Young (Concurrent Start) (G1 Evacuation Pause) 3543M->1369M(4096M) 119.890ms
[1254.078s][info][gc             ] GC(197) Concurrent Mark Cycle
[1254.078s][info][gc,marking     ] GC(197) Concurrent Scan Root Regions
[1254.078s][info][gc,cpu         ] GC(196) User=0.71s Sys=0.00s Real=0.12s
[1254.195s][info][gc,marking     ] GC(197) Concurrent Scan Root Regions 117.076ms
[1254.196s][info][gc,marking     ] GC(197) Concurrent Mark
[1254.196s][info][gc,marking     ] GC(197) Concurrent Mark From Roots
[1254.196s][info][gc,task        ] GC(197) Using 2 workers of 2 for marking
.[1255.090s][info][gc,marking     ] GC(197) Concurrent Mark From Roots 894.579ms
[1255.090s][info][gc,marking     ] GC(197) Concurrent Preclean
[1255.090s][info][gc,marking     ] GC(197) Concurrent Preclean 0.064ms
[1255.090s][info][gc,start       ] GC(197) Pause Remark
[1255.093s][info][gc             ] GC(197) Pause Remark 1551M->1551M(4096M) 3.096ms
[1255.093s][info][gc,cpu         ] GC(197) User=0.02s Sys=0.00s Real=0.01s
[1255.094s][info][gc,marking     ] GC(197) Concurrent Mark 897.996ms
[1255.094s][info][gc,marking     ] GC(197) Concurrent Rebuild Remembered Sets and Scrub Regions
[1255.434s][info][gc,marking     ] GC(197) Concurrent Rebuild Remembered Sets and Scrub Regions 340.396ms
[1255.434s][info][gc,start       ] GC(197) Pause Cleanup
[1255.434s][info][gc             ] GC(197) Pause Cleanup 1602M->1602M(4096M) 0.150ms
[1255.434s][info][gc,cpu         ] GC(197) User=0.00s Sys=0.00s Real=0.00s
[1255.434s][info][gc,marking     ] GC(197) Concurrent Clear Claimed Marks
[1255.434s][info][gc,marking     ] GC(197) Concurrent Clear Claimed Marks 0.031ms
[1255.434s][info][gc,marking     ] GC(197) Concurrent Cleanup for Next Mark
[1255.438s][info][gc,marking     ] GC(197) Concurrent Cleanup for Next Mark 3.272ms
[1255.438s][info][gc             ] GC(197) Concurrent Mark Cycle 1359.301ms
.............[1267.797s][info][gc,start       ] GC(198) Pause Young (Prepare Mixed) (G1 Evacuation Pause)
[1267.797s][info][gc,task        ] GC(198) Using 6 workers of 6 for evacuation
[1267.915s][info][gc,phases      ] GC(198)   Pre Evacuate Collection Set: 0.35ms
[1267.915s][info][gc,phases      ] GC(198)   Merge Heap Roots: 0.60ms
[1267.915s][info][gc,phases      ] GC(198)   Evacuate Collection Set: 116.19ms
[1267.915s][info][gc,phases      ] GC(198)   Post Evacuate Collection Set: 0.96ms
[1267.915s][info][gc,phases      ] GC(198)   Other: 0.09ms
[1267.915s][info][gc,heap        ] GC(198) Eden regions: 1119->0(1117)
[1267.915s][info][gc,heap        ] GC(198) Survivor regions: 109->110(154)
[1267.915s][info][gc,heap        ] GC(198) Old regions: 499->531
[1267.915s][info][gc,heap        ] GC(198) Humongous regions: 77->77
[1267.915s][info][gc,metaspace   ] GC(198) Metaspace: 28871K(29248K)->28871K(29248K) NonClass: 23987K(24128K)->23987K(24128K) Class: 4884K(5120K)->4884K(5120K)
[1267.915s][info][gc             ] GC(198) Pause Young (Prepare Mixed) (G1 Evacuation Pause) 3607M->1434M(4096M) 118.337ms
[1267.915s][info][gc,cpu         ] GC(198) User=0.70s Sys=0.00s Real=0.12s
...... (rIR:aIR:PR = 1384:1384:1384) (tPR = 20583) [OK] 
  1273s: Performance info:
         Transaction,    Success,    Partial,     Failed,   Receipts, AvgBarcode, 
             Overall,      83108,          0,          0,      78941,      59.47, 
         Response times:
             Request,    Success,    Partial,     Failed,   SkipFail,     Probes,    Samples,      min,      p50,      p90,      p95,      p99,      max, 
       TotalPurchase,      78941,          0,          0,          0,      76706,      84279,      300,     1400,     2100,     2400,     3800,   139000,
     InStorePurchase,      41538,          0,          0,          0,      40550,      44460,      300,     1400,     2100,     2400,     3600,   139000,
      OnlinePurchase,      29090,          0,          0,          0,      28307,      31060,      300,     1600,     2200,     2400,     4200,   134000,
        InstPurchase,       8313,          0,          0,          0,       7849,       8759,      400,     1300,     2100,     2400,     3440,   127000,
          AssocOfCat,         83,          0,          0,          0,         83,         89,    18200,    26000,    35000,    44000,   159000,   159000,
      AssocOfProduct,        830,          0,          0,          0,        702,        897,      500,     1500,     2120,     2400,     3102,    14400,
      BusinessReport,        208,          0,          0,          0,        148,        187,    21000,    30000,    35000,    39600,    93280,   176000,
          CustBuyBeh,        839,          0,          0,          0,        729,        885,      500,     1700,     2200,     2500,     4430,    15600,
       ProductReturn,       2207,          0,          0,          0,       2045,       2466,      300,     1500,     2100,     2300,     3133,   135000,

  1273s: (11%)   IR =   1522 .....|..[1280.869s][info][gc,start       ] GC(199) Pause Young (Mixed) (G1 Evacuation Pause)
[1280.869s][info][gc,task        ] GC(199) Using 6 workers of 6 for evacuation
[1281.003s][info][gc,phases      ] GC(199)   Pre Evacuate Collection Set: 0.42ms
[1281.003s][info][gc,phases      ] GC(199)   Merge Heap Roots: 0.91ms
[1281.003s][info][gc,phases      ] GC(199)   Evacuate Collection Set: 131.85ms
[1281.003s][info][gc,phases      ] GC(199)   Post Evacuate Collection Set: 0.97ms
[1281.003s][info][gc,phases      ] GC(199)   Other: 0.09ms
[1281.003s][info][gc,heap        ] GC(199) Eden regions: 1117->0(1119)
[1281.003s][info][gc,heap        ] GC(199) Survivor regions: 110->109(154)
[1281.003s][info][gc,heap        ] GC(199) Old regions: 531->468
[1281.003s][info][gc,heap        ] GC(199) Humongous regions: 77->77
[1281.003s][info][gc,metaspace   ] GC(199) Metaspace: 28872K(29248K)->28872K(29248K) NonClass: 23988K(24128K)->23988K(24128K) Class: 4884K(5120K)->4884K(5120K)
[1281.003s][info][gc             ] GC(199) Pause Young (Mixed) (G1 Evacuation Pause) 3668M->1306M(4096M) 134.366ms
[1281.003s][info][gc,cpu         ] GC(199) User=0.79s Sys=0.01s Real=0.14s
............[1293.343s][info][gc,start       ] GC(200) Pause Young (Concurrent Start) (G1 Evacuation Pause)
[1293.343s][info][gc,task        ] GC(200) Using 6 workers of 6 for evacuation
[1293.461s][info][gc,phases      ] GC(200)   Pre Evacuate Collection Set: 0.43ms
[1293.461s][info][gc,phases      ] GC(200)   Merge Heap Roots: 0.58ms
[1293.461s][info][gc,phases      ] GC(200)   Evacuate Collection Set: 115.86ms
[1293.461s][info][gc,phases      ] GC(200)   Post Evacuate Collection Set: 0.93ms
[1293.461s][info][gc,phases      ] GC(200)   Other: 0.12ms
[1293.461s][info][gc,heap        ] GC(200) Eden regions: 1119->0(1119)
[1293.461s][info][gc,heap        ] GC(200) Survivor regions: 109->109(154)
[1293.461s][info][gc,heap        ] GC(200) Old regions: 468->501
[1293.461s][info][gc,heap        ] GC(200) Humongous regions: 77->77
[1293.461s][info][gc,metaspace   ] GC(200) Metaspace: 28872K(29248K)->28872K(29248K) NonClass: 23988K(24128K)->23988K(24128K) Class: 4884K(5120K)->4884K(5120K)
[1293.461s][info][gc             ] GC(200) Pause Young (Concurrent Start) (G1 Evacuation Pause) 3544M->1372M(4096M) 118.054ms
[1293.461s][info][gc             ] GC(201) Concurrent Mark Cycle
[1293.461s][info][gc,marking     ] GC(201) Concurrent Scan Root Regions
[1293.462s][info][gc,cpu         ] GC(200) User=0.70s Sys=0.00s Real=0.11s
.[1293.626s][info][gc,marking     ] GC(201) Concurrent Scan Root Regions 164.928ms
[1293.626s][info][gc,marking     ] GC(201) Concurrent Mark
[1293.627s][info][gc,marking     ] GC(201) Concurrent Mark From Roots
[1293.627s][info][gc,task        ] GC(201) Using 2 workers of 2 for marking
[1294.517s][info][gc,marking     ] GC(201) Concurrent Mark From Roots 890.036ms
[1294.517s][info][gc,marking     ] GC(201) Concurrent Preclean
[1294.517s][info][gc,marking     ] GC(201) Concurrent Preclean 0.059ms
[1294.517s][info][gc,start       ] GC(201) Pause Remark
[1294.520s][info][gc             ] GC(201) Pause Remark 1563M->1563M(4096M) 3.542ms
[1294.520s][info][gc,cpu         ] GC(201) User=0.02s Sys=0.00s Real=0.00s
[1294.520s][info][gc,marking     ] GC(201) Concurrent Mark 893.906ms
[1294.520s][info][gc,marking     ] GC(201) Concurrent Rebuild Remembered Sets and Scrub Regions
.[1294.859s][info][gc,marking     ] GC(201) Concurrent Rebuild Remembered Sets and Scrub Regions 338.878ms
[1294.859s][info][gc,start       ] GC(201) Pause Cleanup
[1294.860s][info][gc             ] GC(201) Pause Cleanup 1640M->1640M(4096M) 0.132ms
[1294.860s][info][gc,cpu         ] GC(201) User=0.00s Sys=0.00s Real=0.00s
[1294.860s][info][gc,marking     ] GC(201) Concurrent Clear Claimed Marks
[1294.860s][info][gc,marking     ] GC(201) Concurrent Clear Claimed Marks 0.029ms
[1294.860s][info][gc,marking     ] GC(201) Concurrent Cleanup for Next Mark
[1294.863s][info][gc,marking     ] GC(201) Concurrent Cleanup for Next Mark 3.282ms
[1294.863s][info][gc             ] GC(201) Concurrent Mark Cycle 1401.542ms
...........[1305.874s][info][gc,start       ] GC(202) Pause Young (Prepare Mixed) (G1 Evacuation Pause)
[1305.874s][info][gc,task        ] GC(202) Using 6 workers of 6 for evacuation
[1305.991s][info][gc,phases      ] GC(202)   Pre Evacuate Collection Set: 0.37ms
[1305.991s][info][gc,phases      ] GC(202)   Merge Heap Roots: 0.56ms
[1305.991s][info][gc,phases      ] GC(202)   Evacuate Collection Set: 115.20ms
[1305.991s][info][gc,phases      ] GC(202)   Post Evacuate Collection Set: 0.94ms
[1305.991s][info][gc,phases      ] GC(202)   Other: 0.10ms
[1305.991s][info][gc,heap        ] GC(202) Eden regions: 1119->0(1118)
[1305.991s][info][gc,heap        ] GC(202) Survivor regions: 109->109(154)
[1305.991s][info][gc,heap        ] GC(202) Old regions: 501->532
[1305.991s][info][gc,heap        ] GC(202) Humongous regions: 77->77
[1305.991s][info][gc,metaspace   ] GC(202) Metaspace: 28873K(29248K)->28873K(29248K) NonClass: 23989K(24128K)->23989K(24128K) Class: 4884K(5120K)->4884K(5120K)
[1305.991s][info][gc             ] GC(202) Pause Young (Prepare Mixed) (G1 Evacuation Pause) 3610M->1434M(4096M) 117.306ms
[1305.991s][info][gc,cpu         ] GC(202) User=0.69s Sys=0.00s Real=0.11s
............[1318.443s][info][gc,start       ] GC(203) Pause Young (Mixed) (G1 Evacuation Pause)
[1318.443s][info][gc,task        ] GC(203) Using 6 workers of 6 for evacuation
[1318.576s][info][gc,phases      ] GC(203)   Pre Evacuate Collection Set: 0.44ms
[1318.576s][info][gc,phases      ] GC(203)   Merge Heap Roots: 0.78ms
[1318.576s][info][gc,phases      ] GC(203)   Evacuate Collection Set: 130.66ms
[1318.576s][info][gc,phases      ] GC(203)   Post Evacuate Collection Set: 0.99ms
[1318.576s][info][gc,phases      ] GC(203)   Other: 0.10ms
[1318.576s][info][gc,heap        ] GC(203) Eden regions: 1118->0(1119)
[1318.576s][info][gc,heap        ] GC(203) Survivor regions: 109->109(154)
[1318.576s][info][gc,heap        ] GC(203) Old regions: 532->469
[1318.576s][info][gc,heap        ] GC(203) Humongous regions: 77->77
[1318.576s][info][gc,metaspace   ] GC(203) Metaspace: 28873K(29248K)->28873K(29248K) NonClass: 23989K(24128K)->23989K(24128K) Class: 4884K(5120K)->4884K(5120K)
[1318.576s][info][gc             ] GC(203) Pause Young (Mixed) (G1 Evacuation Pause) 3670M->1308M(4096M) 133.113ms
[1318.577s][info][gc,cpu         ] GC(203) User=0.79s Sys=0.00s Real=0.13s
.............[1330.970s][info][gc,start       ] GC(204) Pause Young (Concurrent Start) (G1 Evacuation Pause)
[1330.970s][info][gc,task        ] GC(204) Using 6 workers of 6 for evacuation
[1331.086s][info][gc,phases      ] GC(204)   Pre Evacuate Collection Set: 0.42ms
[1331.086s][info][gc,phases      ] GC(204)   Merge Heap Roots: 0.50ms
[1331.086s][info][gc,phases      ] GC(204)   Evacuate Collection Set: 114.66ms
[1331.086s][info][gc,phases      ] GC(204)   Post Evacuate Collection Set: 0.91ms
[1331.086s][info][gc,phases      ] GC(204)   Other: 0.09ms
[1331.086s][info][gc,heap        ] GC(204) Eden regions: 1119->0(1119)
[1331.086s][info][gc,heap        ] GC(204) Survivor regions: 109->109(154)
[1331.086s][info][gc,heap        ] GC(204) Old regions: 469->501
[1331.086s][info][gc,heap        ] GC(204) Humongous regions: 77->77
[1331.086s][info][gc,metaspace   ] GC(204) Metaspace: 28873K(29248K)->28873K(29248K) NonClass: 23989K(24128K)->23989K(24128K) Class: 4884K(5120K)->4884K(5120K)
[1331.086s][info][gc             ] GC(204) Pause Young (Concurrent Start) (G1 Evacuation Pause) 3546M->1373M(4096M) 116.704ms
[1331.086s][info][gc             ] GC(205) Concurrent Mark Cycle
[1331.087s][info][gc,marking     ] GC(205) Concurrent Scan Root Regions
[1331.087s][info][gc,cpu         ] GC(204) User=0.68s Sys=0.00s Real=0.12s
[1331.257s][info][gc,marking     ] GC(205) Concurrent Scan Root Regions 170.083ms
[1331.257s][info][gc,marking     ] GC(205) Concurrent Mark
[1331.257s][info][gc,marking     ] GC(205) Concurrent Mark From Roots
[1331.257s][info][gc,task        ] GC(205) Using 2 workers of 2 for marking
.[1332.191s][info][gc,marking     ] GC(205) Concurrent Mark From Roots 933.894ms
[1332.191s][info][gc,marking     ] GC(205) Concurrent Preclean
[1332.191s][info][gc,marking     ] GC(205) Concurrent Preclean 0.047ms
[1332.191s][info][gc,start       ] GC(205) Pause Remark
[1332.194s][info][gc             ] GC(205) Pause Remark 1611M->1611M(4096M) 3.382ms
[1332.194s][info][gc,cpu         ] GC(205) User=0.02s Sys=0.00s Real=0.01s
[1332.194s][info][gc,marking     ] GC(205) Concurrent Mark 937.612ms
[1332.194s][info][gc,marking     ] GC(205) Concurrent Rebuild Remembered Sets and Scrub Regions
[1332.411s][info][gc,marking     ] GC(205) Concurrent Rebuild Remembered Sets and Scrub Regions 216.445ms
[1332.411s][info][gc,start       ] GC(205) Pause Cleanup
[1332.411s][info][gc             ] GC(205) Pause Cleanup 1650M->1650M(4096M) 0.149ms
[1332.411s][info][gc,cpu         ] GC(205) User=0.00s Sys=0.00s Real=0.00s
[1332.411s][info][gc,marking     ] GC(205) Concurrent Clear Claimed Marks
[1332.411s][info][gc,marking     ] GC(205) Concurrent Clear Claimed Marks 0.038ms
[1332.411s][info][gc,marking     ] GC(205) Concurrent Cleanup for Next Mark
[1332.414s][info][gc,marking     ] GC(205) Concurrent Cleanup for Next Mark 3.178ms
[1332.414s][info][gc             ] GC(205) Concurrent Mark Cycle 1327.866ms
....... (rIR:aIR:PR = 1522:1521:1521) (tPR = 22711) [OK] 
  1338s: Performance info:
         Transaction,    Success,    Partial,     Failed,   Receipts, AvgBarcode, 
             Overall,      91381,          0,          0,      86806,      59.48, 
         Response times:
             Request,    Success,    Partial,     Failed,   SkipFail,     Probes,    Samples,      min,      p50,      p90,      p95,      p99,      max, 
       TotalPurchase,      86806,          0,          0,          0,      84285,      92551,      300,     1600,     2300,     2600,     5000,   155000,
     InStorePurchase,      45675,          0,          0,          0,      44568,      48800,      300,     1600,     2300,     2600,     5000,   138000,
      OnlinePurchase,      31993,          0,          0,          0,      31133,      34158,      300,     1500,     2300,     2500,     4100,   145000,
        InstPurchase,       9138,          0,          0,          0,       8584,       9593,      400,     1700,     2300,     2700,     8412,   155000,
          AssocOfCat,         93,          0,          0,          0,         85,         98,    19700,    26000,    31100,    37050,   163000,   163000,
      AssocOfProduct,        912,          0,          0,          0,        794,        976,      600,     1700,     2200,     2600,     8868,   145000,
      BusinessReport,        227,          0,          0,          0,        167,        260,    21000,    31000,    37000,    39950,    57580,    77000,
          CustBuyBeh,        916,          0,          0,          0,        772,        937,      200,     1500,     2400,     2700,     3462,   138000,
       ProductReturn,       2427,          0,          0,          0,       2171,       2513,      200,     1100,     2000,     2300,     5200,   137000,

  1338s: (12%)   IR =   1660 ....[1343.121s][info][gc,start       ] GC(206) Pause Young (Prepare Mixed) (G1 Evacuation Pause)
[1343.121s][info][gc,task        ] GC(206) Using 6 workers of 6 for evacuation
[1343.239s][info][gc,phases      ] GC(206)   Pre Evacuate Collection Set: 0.36ms
[1343.239s][info][gc,phases      ] GC(206)   Merge Heap Roots: 0.55ms
[1343.239s][info][gc,phases      ] GC(206)   Evacuate Collection Set: 115.50ms
[1343.239s][info][gc,phases      ] GC(206)   Post Evacuate Collection Set: 0.96ms
[1343.239s][info][gc,phases      ] GC(206)   Other: 0.09ms
[1343.239s][info][gc,heap        ] GC(206) Eden regions: 1119->0(1117)
[1343.239s][info][gc,heap        ] GC(206) Survivor regions: 109->109(154)
[1343.239s][info][gc,heap        ] GC(206) Old regions: 501->533
[1343.239s][info][gc,heap        ] GC(206) Humongous regions: 77->77
[1343.239s][info][gc,metaspace   ] GC(206) Metaspace: 28873K(29248K)->28873K(29248K) NonClass: 23989K(24128K)->23989K(24128K) Class: 4884K(5120K)->4884K(5120K)
[1343.239s][info][gc             ] GC(206) Pause Young (Prepare Mixed) (G1 Evacuation Pause) 3611M->1435M(4096M) 117.594ms
[1343.239s][info][gc,cpu         ] GC(206) User=0.70s Sys=0.00s Real=0.12s
..|.........[1354.587s][info][gc,start       ] GC(207) Pause Young (Mixed) (G1 Evacuation Pause)
[1354.587s][info][gc,task        ] GC(207) Using 6 workers of 6 for evacuation
[1354.719s][info][gc,phases      ] GC(207)   Pre Evacuate Collection Set: 0.41ms
[1354.719s][info][gc,phases      ] GC(207)   Merge Heap Roots: 0.74ms
[1354.719s][info][gc,phases      ] GC(207)   Evacuate Collection Set: 129.94ms
[1354.719s][info][gc,phases      ] GC(207)   Post Evacuate Collection Set: 0.98ms
[1354.719s][info][gc,phases      ] GC(207)   Other: 0.10ms
[1354.719s][info][gc,heap        ] GC(207) Eden regions: 1117->0(1118)
[1354.719s][info][gc,heap        ] GC(207) Survivor regions: 109->110(154)
[1354.719s][info][gc,heap        ] GC(207) Old regions: 533->467
[1354.719s][info][gc,heap        ] GC(207) Humongous regions: 77->77
[1354.719s][info][gc,metaspace   ] GC(207) Metaspace: 28873K(29248K)->28873K(29248K) NonClass: 23989K(24128K)->23989K(24128K) Class: 4884K(5120K)->4884K(5120K)
[1354.719s][info][gc             ] GC(207) Pause Young (Mixed) (G1 Evacuation Pause) 3669M->1306M(4096M) 132.313ms
[1354.719s][info][gc,cpu         ] GC(207) User=0.79s Sys=0.00s Real=0.13s
............[1366.069s][info][gc,start       ] GC(208) Pause Young (Concurrent Start) (G1 Evacuation Pause)
[1366.069s][info][gc,task        ] GC(208) Using 6 workers of 6 for evacuation
[1366.186s][info][gc,phases      ] GC(208)   Pre Evacuate Collection Set: 0.40ms
[1366.186s][info][gc,phases      ] GC(208)   Merge Heap Roots: 0.48ms
[1366.186s][info][gc,phases      ] GC(208)   Evacuate Collection Set: 115.60ms
[1366.186s][info][gc,phases      ] GC(208)   Post Evacuate Collection Set: 0.90ms
[1366.186s][info][gc,phases      ] GC(208)   Other: 0.11ms
[1366.186s][info][gc,heap        ] GC(208) Eden regions: 1118->0(1120)
[1366.186s][info][gc,heap        ] GC(208) Survivor regions: 110->108(154)
[1366.186s][info][gc,heap        ] GC(208) Old regions: 467->500
[1366.186s][info][gc,heap        ] GC(208) Humongous regions: 77->77
[1366.186s][info][gc,metaspace   ] GC(208) Metaspace: 28873K(29248K)->28873K(29248K) NonClass: 23989K(24128K)->23989K(24128K) Class: 4884K(5120K)->4884K(5120K)
[1366.186s][info][gc             ] GC(208) Pause Young (Concurrent Start) (G1 Evacuation Pause) 3542M->1368M(4096M) 117.652ms
[1366.186s][info][gc             ] GC(209) Concurrent Mark Cycle
[1366.186s][info][gc,marking     ] GC(209) Concurrent Scan Root Regions
[1366.186s][info][gc,cpu         ] GC(208) User=0.70s Sys=0.00s Real=0.12s
[1366.301s][info][gc,marking     ] GC(209) Concurrent Scan Root Regions 114.200ms
[1366.301s][info][gc,marking     ] GC(209) Concurrent Mark
[1366.301s][info][gc,marking     ] GC(209) Concurrent Mark From Roots
[1366.301s][info][gc,task        ] GC(209) Using 2 workers of 2 for marking
.[1366.860s][info][gc,marking     ] GC(209) Concurrent Mark From Roots 559.505ms
[1366.860s][info][gc,marking     ] GC(209) Concurrent Preclean
[1366.860s][info][gc,marking     ] GC(209) Concurrent Preclean 0.054ms
[1366.860s][info][gc,start       ] GC(209) Pause Remark
[1366.863s][info][gc             ] GC(209) Pause Remark 1540M->1540M(4096M) 2.940ms
[1366.863s][info][gc,cpu         ] GC(209) User=0.01s Sys=0.00s Real=0.01s
[1366.863s][info][gc,marking     ] GC(209) Concurrent Mark 562.750ms
[1366.863s][info][gc,marking     ] GC(209) Concurrent Rebuild Remembered Sets and Scrub Regions
[1367.113s][info][gc,marking     ] GC(209) Concurrent Rebuild Remembered Sets and Scrub Regions 249.497ms
[1367.113s][info][gc,start       ] GC(209) Pause Cleanup
[1367.113s][info][gc             ] GC(209) Pause Cleanup 1584M->1584M(4096M) 0.161ms
[1367.113s][info][gc,cpu         ] GC(209) User=0.00s Sys=0.00s Real=0.00s
[1367.113s][info][gc,marking     ] GC(209) Concurrent Clear Claimed Marks
[1367.113s][info][gc,marking     ] GC(209) Concurrent Clear Claimed Marks 0.033ms
[1367.113s][info][gc,marking     ] GC(209) Concurrent Cleanup for Next Mark
[1367.117s][info][gc,marking     ] GC(209) Concurrent Cleanup for Next Mark 3.189ms
[1367.117s][info][gc             ] GC(209) Concurrent Mark Cycle 930.203ms
..........[1377.460s][info][gc,start       ] GC(210) Pause Young (Prepare Mixed) (G1 Evacuation Pause)
[1377.460s][info][gc,task        ] GC(210) Using 6 workers of 6 for evacuation
[1377.577s][info][gc,phases      ] GC(210)   Pre Evacuate Collection Set: 0.40ms
[1377.577s][info][gc,phases      ] GC(210)   Merge Heap Roots: 0.80ms
[1377.577s][info][gc,phases      ] GC(210)   Evacuate Collection Set: 115.15ms
[1377.577s][info][gc,phases      ] GC(210)   Post Evacuate Collection Set: 0.94ms
[1377.577s][info][gc,phases      ] GC(210)   Other: 0.10ms
[1377.578s][info][gc,heap        ] GC(210) Eden regions: 1120->0(1119)
[1377.578s][info][gc,heap        ] GC(210) Survivor regions: 108->109(154)
[1377.578s][info][gc,heap        ] GC(210) Old regions: 500->531
[1377.578s][info][gc,heap        ] GC(210) Humongous regions: 77->77
[1377.578s][info][gc,metaspace   ] GC(210) Metaspace: 28873K(29248K)->28873K(29248K) NonClass: 23989K(24128K)->23989K(24128K) Class: 4884K(5120K)->4884K(5120K)
[1377.578s][info][gc             ] GC(210) Pause Young (Prepare Mixed) (G1 Evacuation Pause) 3608M->1432M(4096M) 117.533ms
[1377.578s][info][gc,cpu         ] GC(210) User=0.69s Sys=0.00s Real=0.12s
............[1389.027s][info][gc,start       ] GC(211) Pause Young (Mixed) (G1 Evacuation Pause)
[1389.027s][info][gc,task        ] GC(211) Using 6 workers of 6 for evacuation
[1389.160s][info][gc,phases      ] GC(211)   Pre Evacuate Collection Set: 0.43ms
[1389.160s][info][gc,phases      ] GC(211)   Merge Heap Roots: 0.82ms
[1389.160s][info][gc,phases      ] GC(211)   Evacuate Collection Set: 131.27ms
[1389.160s][info][gc,phases      ] GC(211)   Post Evacuate Collection Set: 1.02ms
[1389.160s][info][gc,phases      ] GC(211)   Other: 0.10ms
[1389.160s][info][gc,heap        ] GC(211) Eden regions: 1119->0(1121)
[1389.160s][info][gc,heap        ] GC(211) Survivor regions: 109->107(154)
[1389.160s][info][gc,heap        ] GC(211) Old regions: 531->468
[1389.160s][info][gc,heap        ] GC(211) Humongous regions: 77->77
[1389.160s][info][gc,metaspace   ] GC(211) Metaspace: 28873K(29248K)->28873K(29248K) NonClass: 23989K(24128K)->23989K(24128K) Class: 4884K(5120K)->4884K(5120K)
[1389.160s][info][gc             ] GC(211) Pause Young (Mixed) (G1 Evacuation Pause) 3670M->1303M(4096M) 133.777ms
[1389.160s][info][gc,cpu         ] GC(211) User=0.79s Sys=0.00s Real=0.13s
...........[1400.447s][info][gc,start       ] GC(212) Pause Young (Concurrent Start) (G1 Evacuation Pause)
[1400.447s][info][gc,task        ] GC(212) Using 6 workers of 6 for evacuation
[1400.563s][info][gc,phases      ] GC(212)   Pre Evacuate Collection Set: 0.45ms
[1400.563s][info][gc,phases      ] GC(212)   Merge Heap Roots: 0.57ms
[1400.563s][info][gc,phases      ] GC(212)   Evacuate Collection Set: 113.46ms
[1400.563s][info][gc,phases      ] GC(212)   Post Evacuate Collection Set: 0.92ms
[1400.563s][info][gc,phases      ] GC(212)   Other: 0.15ms
[1400.563s][info][gc,heap        ] GC(212) Eden regions: 1121->0(1119)
[1400.563s][info][gc,heap        ] GC(212) Survivor regions: 107->109(154)
[1400.563s][info][gc,heap        ] GC(212) Old regions: 468->500
[1400.563s][info][gc,heap        ] GC(212) Humongous regions: 77->77
[1400.563s][info][gc,metaspace   ] GC(212) Metaspace: 28873K(29248K)->28873K(29248K) NonClass: 23989K(24128K)->23989K(24128K) Class: 4884K(5120K)->4884K(5120K)
[1400.563s][info][gc             ] GC(212) Pause Young (Concurrent Start) (G1 Evacuation Pause) 3545M->1369M(4096M) 115.674ms
[1400.563s][info][gc             ] GC(213) Concurrent Mark Cycle
[1400.563s][info][gc,marking     ] GC(213) Concurrent Scan Root Regions
[1400.563s][info][gc,cpu         ] GC(212) User=0.68s Sys=0.00s Real=0.12s
[1400.674s][info][gc,marking     ] GC(213) Concurrent Scan Root Regions 110.926ms
[1400.674s][info][gc,marking     ] GC(213) Concurrent Mark
[1400.674s][info][gc,marking     ] GC(213) Concurrent Mark From Roots
[1400.674s][info][gc,task        ] GC(213) Using 2 workers of 2 for marking
.[1401.220s][info][gc,marking     ] GC(213) Concurrent Mark From Roots 546.444ms
[1401.220s][info][gc,marking     ] GC(213) Concurrent Preclean
[1401.220s][info][gc,marking     ] GC(213) Concurrent Preclean 0.049ms
[1401.220s][info][gc,start       ] GC(213) Pause Remark
[1401.223s][info][gc             ] GC(213) Pause Remark 1543M->1543M(4096M) 2.987ms
[1401.224s][info][gc,cpu         ] GC(213) User=0.02s Sys=0.00s Real=0.01s
[1401.224s][info][gc,marking     ] GC(213) Concurrent Mark 549.772ms
[1401.224s][info][gc,marking     ] GC(213) Concurrent Rebuild Remembered Sets and Scrub Regions
[1401.432s][info][gc,marking     ] GC(213) Concurrent Rebuild Remembered Sets and Scrub Regions 208.055ms
[1401.432s][info][gc,start       ] GC(213) Pause Cleanup
[1401.432s][info][gc             ] GC(213) Pause Cleanup 1577M->1577M(4096M) 0.132ms
[1401.432s][info][gc,cpu         ] GC(213) User=0.00s Sys=0.00s Real=0.00s
[1401.432s][info][gc,marking     ] GC(213) Concurrent Clear Claimed Marks
[1401.432s][info][gc,marking     ] GC(213) Concurrent Clear Claimed Marks 0.029ms
[1401.432s][info][gc,marking     ] GC(213) Concurrent Cleanup for Next Mark
[1401.436s][info][gc,marking     ] GC(213) Concurrent Cleanup for Next Mark 3.652ms
[1401.436s][info][gc             ] GC(213) Concurrent Mark Cycle 872.969ms
.... (rIR:aIR:PR = 1660:1661:1661) (tPR = 24614) [OK] 
  1404s: Performance info:
         Transaction,    Success,    Partial,     Failed,   Receipts, AvgBarcode, 
             Overall,      99901,          0,          0,      94911,      59.47, 
         Response times:
             Request,    Success,    Partial,     Failed,   SkipFail,     Probes,    Samples,      min,      p50,      p90,      p95,      p99,      max, 
       TotalPurchase,      94911,          0,          0,          0,      92273,     102496,      300,     1600,     2500,     2800,     5300,   144000,
     InStorePurchase,      49935,          0,          0,          0,      48682,      53813,      300,     1700,     2500,     2800,     5586,   144000,
      OnlinePurchase,      34984,          0,          0,          0,      33985,      37820,      300,     1500,     2400,     2700,     4579,   144000,
        InstPurchase,       9992,          0,          0,          0,       9606,      10863,      400,     1700,     2500,     2800,     7600,   137000,
          AssocOfCat,        101,          0,          0,          0,         99,        109,    19200,    27000,    31000,    34500,   145500,   156000,
      AssocOfProduct,        991,          0,          0,          0,        896,       1147,      600,     1700,     2200,     2500,     5960,   121000,
      BusinessReport,        250,          0,          0,          0,        181,        255,    21000,    30000,    36000,    39200,    59440,    72000,
          CustBuyBeh,        999,          0,          0,          0,        872,       1080,      200,     1000,     1800,     2200,     5200,    13100,
       ProductReturn,       2649,          0,          0,          0,       2457,       2912,      200,     1900,     2600,     2900,     5500,   122000,

  1404s: (13%)   IR =   1799 ....|..[1411.477s][info][gc,start       ] GC(214) Pause Young (Prepare Mixed) (G1 Evacuation Pause)
[1411.477s][info][gc,task        ] GC(214) Using 6 workers of 6 for evacuation
[1411.601s][info][gc,phases      ] GC(214)   Pre Evacuate Collection Set: 0.37ms
[1411.601s][info][gc,phases      ] GC(214)   Merge Heap Roots: 0.60ms
[1411.601s][info][gc,phases      ] GC(214)   Evacuate Collection Set: 121.82ms
[1411.601s][info][gc,phases      ] GC(214)   Post Evacuate Collection Set: 0.97ms
[1411.601s][info][gc,phases      ] GC(214)   Other: 0.09ms
[1411.601s][info][gc,heap        ] GC(214) Eden regions: 1119->0(1110)
[1411.601s][info][gc,heap        ] GC(214) Survivor regions: 109->113(154)
[1411.601s][info][gc,heap        ] GC(214) Old regions: 500->532
[1411.601s][info][gc,heap        ] GC(214) Humongous regions: 77->77
[1411.601s][info][gc,metaspace   ] GC(214) Metaspace: 28875K(29248K)->28875K(29248K) NonClass: 23991K(24128K)->23991K(24128K) Class: 4884K(5120K)->4884K(5120K)
[1411.601s][info][gc             ] GC(214) Pause Young (Prepare Mixed) (G1 Evacuation Pause) 3607M->1441M(4096M) 123.968ms
[1411.601s][info][gc,cpu         ] GC(214) User=0.73s Sys=0.00s Real=0.12s
...........[1421.964s][info][gc,start       ] GC(215) Pause Young (Mixed) (G1 Evacuation Pause)
[1421.964s][info][gc,task        ] GC(215) Using 6 workers of 6 for evacuation
[1422.095s][info][gc,phases      ] GC(215)   Pre Evacuate Collection Set: 0.39ms
[1422.095s][info][gc,phases      ] GC(215)   Merge Heap Roots: 0.74ms
[1422.095s][info][gc,phases      ] GC(215)   Evacuate Collection Set: 129.24ms
[1422.095s][info][gc,phases      ] GC(215)   Post Evacuate Collection Set: 1.00ms
[1422.095s][info][gc,phases      ] GC(215)   Other: 0.09ms
[1422.095s][info][gc,heap        ] GC(215) Eden regions: 1110->0(1120)
[1422.095s][info][gc,heap        ] GC(215) Survivor regions: 113->108(153)
[1422.095s][info][gc,heap        ] GC(215) Old regions: 532->468
[1422.095s][info][gc,heap        ] GC(215) Humongous regions: 77->77
[1422.095s][info][gc,metaspace   ] GC(215) Metaspace: 28877K(29248K)->28877K(29248K) NonClass: 23993K(24128K)->23993K(24128K) Class: 4884K(5120K)->4884K(5120K)
[1422.095s][info][gc             ] GC(215) Pause Young (Mixed) (G1 Evacuation Pause) 3661M->1305M(4096M) 131.590ms
[1422.095s][info][gc,cpu         ] GC(215) User=0.78s Sys=0.00s Real=0.13s
..........[1432.401s][info][gc,start       ] GC(216) Pause Young (Concurrent Start) (G1 Evacuation Pause)
[1432.401s][info][gc,task        ] GC(216) Using 6 workers of 6 for evacuation
[1432.518s][info][gc,phases      ] GC(216)   Pre Evacuate Collection Set: 0.43ms
[1432.518s][info][gc,phases      ] GC(216)   Merge Heap Roots: 0.49ms
[1432.518s][info][gc,phases      ] GC(216)   Evacuate Collection Set: 115.17ms
[1432.518s][info][gc,phases      ] GC(216)   Post Evacuate Collection Set: 0.90ms
[1432.518s][info][gc,phases      ] GC(216)   Other: 0.12ms
[1432.518s][info][gc,heap        ] GC(216) Eden regions: 1120->0(1121)
[1432.518s][info][gc,heap        ] GC(216) Survivor regions: 108->107(154)
[1432.518s][info][gc,heap        ] GC(216) Old regions: 468->501
[1432.518s][info][gc,heap        ] GC(216) Humongous regions: 77->77
[1432.518s][info][gc,metaspace   ] GC(216) Metaspace: 28877K(29248K)->28877K(29248K) NonClass: 23993K(24128K)->23993K(24128K) Class: 4884K(5120K)->4884K(5120K)
[1432.518s][info][gc             ] GC(216) Pause Young (Concurrent Start) (G1 Evacuation Pause) 3545M->1369M(4096M) 117.280ms
[1432.518s][info][gc             ] GC(217) Concurrent Mark Cycle
[1432.518s][info][gc,marking     ] GC(217) Concurrent Scan Root Regions
[1432.518s][info][gc,cpu         ] GC(216) User=0.69s Sys=0.00s Real=0.12s
[1432.633s][info][gc,marking     ] GC(217) Concurrent Scan Root Regions 114.837ms
[1432.633s][info][gc,marking     ] GC(217) Concurrent Mark
[1432.633s][info][gc,marking     ] GC(217) Concurrent Mark From Roots
[1432.633s][info][gc,task        ] GC(217) Using 2 workers of 2 for marking
.[1433.175s][info][gc,marking     ] GC(217) Concurrent Mark From Roots 541.605ms
[1433.175s][info][gc,marking     ] GC(217) Concurrent Preclean
[1433.175s][info][gc,marking     ] GC(217) Concurrent Preclean 0.062ms
[1433.175s][info][gc,start       ] GC(217) Pause Remark
[1433.178s][info][gc             ] GC(217) Pause Remark 1529M->1529M(4096M) 2.879ms
[1433.178s][info][gc,cpu         ] GC(217) User=0.02s Sys=0.00s Real=0.00s
[1433.178s][info][gc,marking     ] GC(217) Concurrent Mark 544.813ms
[1433.178s][info][gc,marking     ] GC(217) Concurrent Rebuild Remembered Sets and Scrub Regions
[1433.386s][info][gc,marking     ] GC(217) Concurrent Rebuild Remembered Sets and Scrub Regions 208.099ms
[1433.386s][info][gc,start       ] GC(217) Pause Cleanup
[1433.386s][info][gc             ] GC(217) Pause Cleanup 1573M->1573M(4096M) 0.135ms
[1433.387s][info][gc,cpu         ] GC(217) User=0.00s Sys=0.00s Real=0.00s
[1433.387s][info][gc,marking     ] GC(217) Concurrent Clear Claimed Marks
[1433.387s][info][gc,marking     ] GC(217) Concurrent Clear Claimed Marks 0.026ms
[1433.387s][info][gc,marking     ] GC(217) Concurrent Cleanup for Next Mark
[1433.390s][info][gc,marking     ] GC(217) Concurrent Cleanup for Next Mark 3.311ms
[1433.390s][info][gc             ] GC(217) Concurrent Mark Cycle 871.545ms
..........[1443.105s][info][gc,start       ] GC(218) Pause Young (Prepare Mixed) (G1 Evacuation Pause)
[1443.105s][info][gc,task        ] GC(218) Using 6 workers of 6 for evacuation
[1443.222s][info][gc,phases      ] GC(218)   Pre Evacuate Collection Set: 0.35ms
[1443.222s][info][gc,phases      ] GC(218)   Merge Heap Roots: 0.57ms
[1443.222s][info][gc,phases      ] GC(218)   Evacuate Collection Set: 115.25ms
[1443.222s][info][gc,phases      ] GC(218)   Post Evacuate Collection Set: 0.94ms
[1443.222s][info][gc,phases      ] GC(218)   Other: 0.08ms
[1443.222s][info][gc,heap        ] GC(218) Eden regions: 1121->0(1119)
[1443.222s][info][gc,heap        ] GC(218) Survivor regions: 107->108(154)
[1443.222s][info][gc,heap        ] GC(218) Old regions: 501->533
[1443.222s][info][gc,heap        ] GC(218) Humongous regions: 77->77
[1443.222s][info][gc,metaspace   ] GC(218) Metaspace: 28877K(29248K)->28877K(29248K) NonClass: 23993K(24128K)->23993K(24128K) Class: 4884K(5120K)->4884K(5120K)
[1443.222s][info][gc             ] GC(218) Pause Young (Prepare Mixed) (G1 Evacuation Pause) 3611M->1433M(4096M) 117.343ms
[1443.222s][info][gc,cpu         ] GC(218) User=0.69s Sys=0.00s Real=0.11s
..........[1453.707s][info][gc,start       ] GC(219) Pause Young (Mixed) (G1 Evacuation Pause)
[1453.707s][info][gc,task        ] GC(219) Using 6 workers of 6 for evacuation
[1453.841s][info][gc,phases      ] GC(219)   Pre Evacuate Collection Set: 0.41ms
[1453.841s][info][gc,phases      ] GC(219)   Merge Heap Roots: 0.72ms
[1453.841s][info][gc,phases      ] GC(219)   Evacuate Collection Set: 132.07ms
[1453.841s][info][gc,phases      ] GC(219)   Post Evacuate Collection Set: 0.96ms
[1453.841s][info][gc,phases      ] GC(219)   Other: 0.09ms
[1453.841s][info][gc,heap        ] GC(219) Eden regions: 1119->0(1119)
[1453.841s][info][gc,heap        ] GC(219) Survivor regions: 108->109(154)
[1453.841s][info][gc,heap        ] GC(219) Old regions: 533->470
[1453.841s][info][gc,heap        ] GC(219) Humongous regions: 80->80
[1453.841s][info][gc,metaspace   ] GC(219) Metaspace: 28877K(29248K)->28877K(29248K) NonClass: 23993K(24128K)->23993K(24128K) Class: 4884K(5120K)->4884K(5120K)
[1453.841s][info][gc             ] GC(219) Pause Young (Mixed) (G1 Evacuation Pause) 3677M->1317M(4096M) 134.395ms
[1453.842s][info][gc,cpu         ] GC(219) User=0.79s Sys=0.00s Real=0.13s
...........[1464.147s][info][gc,start       ] GC(220) Pause Young (Concurrent Start) (G1 Evacuation Pause)
[1464.147s][info][gc,task        ] GC(220) Using 6 workers of 6 for evacuation
[1464.265s][info][gc,phases      ] GC(220)   Pre Evacuate Collection Set: 0.41ms
[1464.265s][info][gc,phases      ] GC(220)   Merge Heap Roots: 0.49ms
[1464.265s][info][gc,phases      ] GC(220)   Evacuate Collection Set: 115.97ms
[1464.265s][info][gc,phases      ] GC(220)   Post Evacuate Collection Set: 0.91ms
[1464.265s][info][gc,phases      ] GC(220)   Other: 0.10ms
[1464.265s][info][gc,heap        ] GC(220) Eden regions: 1119->0(1120)
[1464.265s][info][gc,heap        ] GC(220) Survivor regions: 109->108(154)
[1464.265s][info][gc,heap        ] GC(220) Old regions: 470->502
[1464.265s][info][gc,heap        ] GC(220) Humongous regions: 80->80
[1464.265s][info][gc,metaspace   ] GC(220) Metaspace: 28877K(29248K)->28877K(29248K) NonClass: 23993K(24128K)->23993K(24128K) Class: 4884K(5120K)->4884K(5120K)
[1464.265s][info][gc             ] GC(220) Pause Young (Concurrent Start) (G1 Evacuation Pause) 3555M->1378M(4096M) 118.021ms
[1464.265s][info][gc             ] GC(221) Concurrent Mark Cycle
[1464.265s][info][gc,marking     ] GC(221) Concurrent Scan Root Regions
[1464.265s][info][gc,cpu         ] GC(220) User=0.70s Sys=0.00s Real=0.12s
[1464.380s][info][gc,marking     ] GC(221) Concurrent Scan Root Regions 115.250ms
[1464.380s][info][gc,marking     ] GC(221) Concurrent Mark
[1464.380s][info][gc,marking     ] GC(221) Concurrent Mark From Roots
[1464.380s][info][gc,task        ] GC(221) Using 2 workers of 2 for marking
.[1464.927s][info][gc,marking     ] GC(221) Concurrent Mark From Roots 547.189ms
[1464.927s][info][gc,marking     ] GC(221) Concurrent Preclean
[1464.927s][info][gc,marking     ] GC(221) Concurrent Preclean 0.043ms
[1464.927s][info][gc,start       ] GC(221) Pause Remark
[1464.930s][info][gc             ] GC(221) Pause Remark 1525M->1525M(4096M) 2.922ms
[1464.930s][info][gc,cpu         ] GC(221) User=0.01s Sys=0.00s Real=0.00s
[1464.931s][info][gc,marking     ] GC(221) Concurrent Mark 550.431ms
[1464.931s][info][gc,marking     ] GC(221) Concurrent Rebuild Remembered Sets and Scrub Regions
[1465.140s][info][gc,marking     ] GC(221) Concurrent Rebuild Remembered Sets and Scrub Regions 209.307ms
[1465.140s][info][gc,start       ] GC(221) Pause Cleanup
[1465.140s][info][gc             ] GC(221) Pause Cleanup 1575M->1575M(4096M) 0.137ms
[1465.140s][info][gc,cpu         ] GC(221) User=0.00s Sys=0.00s Real=0.00s
[1465.140s][info][gc,marking     ] GC(221) Concurrent Clear Claimed Marks
[1465.140s][info][gc,marking     ] GC(221) Concurrent Clear Claimed Marks 0.030ms
[1465.140s][info][gc,marking     ] GC(221) Concurrent Cleanup for Next Mark
[1465.143s][info][gc,marking     ] GC(221) Concurrent Cleanup for Next Mark 3.214ms
[1465.143s][info][gc             ] GC(221) Concurrent Mark Cycle 878.733ms
.... (rIR:aIR:PR = 1799:1800:1800) (tPR = 26711) [OK] 
  1468s: Performance info:
         Transaction,    Success,    Partial,     Failed,   Receipts, AvgBarcode, 
             Overall,     108162,          0,          0,     102747,      59.47, 
         Response times:
             Request,    Success,    Partial,     Failed,   SkipFail,     Probes,    Samples,      min,      p50,      p90,      p95,      p99,      max, 
       TotalPurchase,     102747,          0,          0,          0,     100523,     108248,      300,     1700,     2600,     2900,     6251,   152000,
     InStorePurchase,      54089,          0,          0,          0,      53072,      57009,      300,     1800,     2700,     3000,     7290,   152000,
      OnlinePurchase,      37852,          0,          0,          0,      36986,      39768,      300,     1600,     2600,     2900,     5400,   146000,
        InstPurchase,      10806,          0,          0,          0,      10465,      11471,      400,     1900,     2700,     3000,     9228,   138000,
          AssocOfCat,        107,          0,          0,          0,        100,        113,    18800,    27000,    35600,    46500,   168460,   170000,
      AssocOfProduct,       1085,          0,          0,          0,        938,       1118,      500,     1200,     1910,     2200,     3305,     7100,
      BusinessReport,        269,          0,          0,          0,        223,        315,    21000,    31000,    36000,    42000,    55840,   160000,
          CustBuyBeh,       1077,          0,          0,          0,        934,       1104,      200,     1500,     2400,     2775,     6760,    16700,
       ProductReturn,       2877,          0,          0,          0,       2651,       3026,      200,     1800,     2600,     2900,     5411,   135000,

  1468s: (14%)   IR =   1937 .....|[1474.271s][info][gc,start       ] GC(222) Pause Young (Prepare Mixed) (G1 Evacuation Pause)
[1474.271s][info][gc,task        ] GC(222) Using 6 workers of 6 for evacuation
[1474.394s][info][gc,phases      ] GC(222)   Pre Evacuate Collection Set: 0.37ms
[1474.394s][info][gc,phases      ] GC(222)   Merge Heap Roots: 0.67ms
[1474.394s][info][gc,phases      ] GC(222)   Evacuate Collection Set: 120.15ms
[1474.394s][info][gc,phases      ] GC(222)   Post Evacuate Collection Set: 0.99ms
[1474.394s][info][gc,phases      ] GC(222)   Other: 0.09ms
[1474.394s][info][gc,heap        ] GC(222) Eden regions: 1120->0(1108)
[1474.394s][info][gc,heap        ] GC(222) Survivor regions: 108->111(154)
[1474.394s][info][gc,heap        ] GC(222) Old regions: 502->535
[1474.394s][info][gc,heap        ] GC(222) Humongous regions: 80->80
[1474.394s][info][gc,metaspace   ] GC(222) Metaspace: 28877K(29248K)->28877K(29248K) NonClass: 23993K(24128K)->23993K(24128K) Class: 4884K(5120K)->4884K(5120K)
[1474.394s][info][gc             ] GC(222) Pause Young (Prepare Mixed) (G1 Evacuation Pause) 3618M->1449M(4096M) 122.395ms
[1474.394s][info][gc,cpu         ] GC(222) User=0.73s Sys=0.00s Real=0.13s
..........[1484.075s][info][gc,start       ] GC(223) Pause Young (Mixed) (G1 Evacuation Pause)
[1484.075s][info][gc,task        ] GC(223) Using 6 workers of 6 for evacuation
[1484.206s][info][gc,phases      ] GC(223)   Pre Evacuate Collection Set: 0.42ms
[1484.206s][info][gc,phases      ] GC(223)   Merge Heap Roots: 0.68ms
[1484.206s][info][gc,phases      ] GC(223)   Evacuate Collection Set: 129.10ms
[1484.206s][info][gc,phases      ] GC(223)   Post Evacuate Collection Set: 0.95ms
[1484.206s][info][gc,phases      ] GC(223)   Other: 0.10ms
[1484.206s][info][gc,heap        ] GC(223) Eden regions: 1108->0(1120)
[1484.206s][info][gc,heap        ] GC(223) Survivor regions: 111->108(153)
[1484.206s][info][gc,heap        ] GC(223) Old regions: 535->469
[1484.206s][info][gc,heap        ] GC(223) Humongous regions: 80->80
[1484.206s][info][gc,metaspace   ] GC(223) Metaspace: 28877K(29248K)->28877K(29248K) NonClass: 23993K(24128K)->23993K(24128K) Class: 4884K(5120K)->4884K(5120K)
[1484.206s][info][gc             ] GC(223) Pause Young (Mixed) (G1 Evacuation Pause) 3665M->1312M(4096M) 131.370ms
[1484.206s][info][gc,cpu         ] GC(223) User=0.78s Sys=0.00s Real=0.13s
..........[1493.950s][info][gc,start       ] GC(224) Pause Young (Concurrent Start) (G1 Evacuation Pause)
[1493.950s][info][gc,task        ] GC(224) Using 6 workers of 6 for evacuation
[1494.068s][info][gc,phases      ] GC(224)   Pre Evacuate Collection Set: 0.44ms
[1494.068s][info][gc,phases      ] GC(224)   Merge Heap Roots: 0.51ms
[1494.068s][info][gc,phases      ] GC(224)   Evacuate Collection Set: 115.68ms
[1494.068s][info][gc,phases      ] GC(224)   Post Evacuate Collection Set: 0.91ms
[1494.068s][info][gc,phases      ] GC(224)   Other: 0.12ms
[1494.068s][info][gc,heap        ] GC(224) Eden regions: 1120->0(1119)
[1494.068s][info][gc,heap        ] GC(224) Survivor regions: 108->109(154)
[1494.068s][info][gc,heap        ] GC(224) Old regions: 469->501
[1494.068s][info][gc,heap        ] GC(224) Humongous regions: 80->80
[1494.068s][info][gc,metaspace   ] GC(224) Metaspace: 28887K(29248K)->28887K(29248K) NonClass: 24003K(24128K)->24003K(24128K) Class: 4884K(5120K)->4884K(5120K)
[1494.068s][info][gc             ] GC(224) Pause Young (Concurrent Start) (G1 Evacuation Pause) 3552M->1378M(4096M) 117.784ms
[1494.068s][info][gc             ] GC(225) Concurrent Mark Cycle
[1494.068s][info][gc,marking     ] GC(225) Concurrent Scan Root Regions
[1494.068s][info][gc,cpu         ] GC(224) User=0.69s Sys=0.00s Real=0.12s
[1494.184s][info][gc,marking     ] GC(225) Concurrent Scan Root Regions 116.455ms
[1494.184s][info][gc,marking     ] GC(225) Concurrent Mark
[1494.184s][info][gc,marking     ] GC(225) Concurrent Mark From Roots
[1494.184s][info][gc,task        ] GC(225) Using 2 workers of 2 for marking
[1494.739s][info][gc,marking     ] GC(225) Concurrent Mark From Roots 554.413ms
[1494.739s][info][gc,marking     ] GC(225) Concurrent Preclean
[1494.739s][info][gc,marking     ] GC(225) Concurrent Preclean 0.072ms
[1494.739s][info][gc,start       ] GC(225) Pause Remark
[1494.742s][info][gc             ] GC(225) Pause Remark 1561M->1561M(4096M) 3.064ms
[1494.742s][info][gc,cpu         ] GC(225) User=0.01s Sys=0.00s Real=0.00s
[1494.742s][info][gc,marking     ] GC(225) Concurrent Mark 557.822ms
[1494.742s][info][gc,marking     ] GC(225) Concurrent Rebuild Remembered Sets and Scrub Regions
.[1494.959s][info][gc,marking     ] GC(225) Concurrent Rebuild Remembered Sets and Scrub Regions 216.705ms
[1494.959s][info][gc,start       ] GC(225) Pause Cleanup
[1494.959s][info][gc             ] GC(225) Pause Cleanup 1607M->1607M(4096M) 0.130ms
[1494.959s][info][gc,cpu         ] GC(225) User=0.01s Sys=0.00s Real=0.00s
[1494.959s][info][gc,marking     ] GC(225) Concurrent Clear Claimed Marks
[1494.959s][info][gc,marking     ] GC(225) Concurrent Clear Claimed Marks 0.028ms
[1494.959s][info][gc,marking     ] GC(225) Concurrent Cleanup for Next Mark
[1494.962s][info][gc,marking     ] GC(225) Concurrent Cleanup for Next Mark 3.208ms
[1494.962s][info][gc             ] GC(225) Concurrent Mark Cycle 894.652ms
........[1503.660s][info][gc,start       ] GC(226) Pause Young (Prepare Mixed) (G1 Evacuation Pause)
[1503.660s][info][gc,task        ] GC(226) Using 6 workers of 6 for evacuation
[1503.777s][info][gc,phases      ] GC(226)   Pre Evacuate Collection Set: 0.39ms
[1503.777s][info][gc,phases      ] GC(226)   Merge Heap Roots: 0.61ms
[1503.777s][info][gc,phases      ] GC(226)   Evacuate Collection Set: 115.39ms
[1503.777s][info][gc,phases      ] GC(226)   Post Evacuate Collection Set: 1.03ms
[1503.777s][info][gc,phases      ] GC(226)   Other: 0.09ms
[1503.777s][info][gc,heap        ] GC(226) Eden regions: 1119->0(1115)
[1503.777s][info][gc,heap        ] GC(226) Survivor regions: 109->109(154)
[1503.777s][info][gc,heap        ] GC(226) Old regions: 501->532
[1503.777s][info][gc,heap        ] GC(226) Humongous regions: 80->80
[1503.777s][info][gc,metaspace   ] GC(226) Metaspace: 28887K(29248K)->28887K(29248K) NonClass: 24003K(24128K)->24003K(24128K) Class: 4884K(5120K)->4884K(5120K)
[1503.777s][info][gc             ] GC(226) Pause Young (Prepare Mixed) (G1 Evacuation Pause) 3616M->1441M(4096M) 117.666ms
[1503.777s][info][gc,cpu         ] GC(226) User=0.69s Sys=0.00s Real=0.12s
..........[1513.517s][info][gc,start       ] GC(227) Pause Young (Mixed) (G1 Evacuation Pause)
[1513.517s][info][gc,task        ] GC(227) Using 6 workers of 6 for evacuation
[1513.653s][info][gc,phases      ] GC(227)   Pre Evacuate Collection Set: 0.44ms
[1513.653s][info][gc,phases      ] GC(227)   Merge Heap Roots: 0.73ms
[1513.653s][info][gc,phases      ] GC(227)   Evacuate Collection Set: 133.53ms
[1513.653s][info][gc,phases      ] GC(227)   Post Evacuate Collection Set: 0.97ms
[1513.653s][info][gc,phases      ] GC(227)   Other: 0.11ms
[1513.653s][info][gc,heap        ] GC(227) Eden regions: 1115->0(1115)
[1513.653s][info][gc,heap        ] GC(227) Survivor regions: 109->113(153)
[1513.653s][info][gc,heap        ] GC(227) Old regions: 532->470
[1513.653s][info][gc,heap        ] GC(227) Humongous regions: 80->80
[1513.653s][info][gc,metaspace   ] GC(227) Metaspace: 28887K(29248K)->28887K(29248K) NonClass: 24003K(24128K)->24003K(24128K) Class: 4884K(5120K)->4884K(5120K)
[1513.653s][info][gc             ] GC(227) Pause Young (Mixed) (G1 Evacuation Pause) 3671M->1323M(4096M) 135.899ms
[1513.653s][info][gc,cpu         ] GC(227) User=0.81s Sys=0.00s Real=0.14s
..........[1523.304s][info][gc,start       ] GC(228) Pause Young (Concurrent Start) (G1 Evacuation Pause)
[1523.304s][info][gc,task        ] GC(228) Using 6 workers of 6 for evacuation
[1523.423s][info][gc,phases      ] GC(228)   Pre Evacuate Collection Set: 0.44ms
[1523.423s][info][gc,phases      ] GC(228)   Merge Heap Roots: 0.56ms
[1523.423s][info][gc,phases      ] GC(228)   Evacuate Collection Set: 116.57ms
[1523.423s][info][gc,phases      ] GC(228)   Post Evacuate Collection Set: 0.92ms
[1523.423s][info][gc,phases      ] GC(228)   Other: 0.14ms
[1523.423s][info][gc,heap        ] GC(228) Eden regions: 1115->0(1118)
[1523.423s][info][gc,heap        ] GC(228) Survivor regions: 113->110(154)
[1523.423s][info][gc,heap        ] GC(228) Old regions: 470->501
[1523.423s][info][gc,heap        ] GC(228) Humongous regions: 80->80
[1523.423s][info][gc,metaspace   ] GC(228) Metaspace: 28887K(29248K)->28887K(29248K) NonClass: 24003K(24128K)->24003K(24128K) Class: 4884K(5120K)->4884K(5120K)
[1523.423s][info][gc             ] GC(228) Pause Young (Concurrent Start) (G1 Evacuation Pause) 3553M->1381M(4096M) 118.761ms
[1523.423s][info][gc             ] GC(229) Concurrent Mark Cycle
[1523.423s][info][gc,marking     ] GC(229) Concurrent Scan Root Regions
[1523.423s][info][gc,cpu         ] GC(228) User=0.70s Sys=0.00s Real=0.12s
[1523.541s][info][gc,marking     ] GC(229) Concurrent Scan Root Regions 118.326ms
[1523.541s][info][gc,marking     ] GC(229) Concurrent Mark
[1523.541s][info][gc,marking     ] GC(229) Concurrent Mark From Roots
[1523.541s][info][gc,task        ] GC(229) Using 2 workers of 2 for marking
.[1524.113s][info][gc,marking     ] GC(229) Concurrent Mark From Roots 572.023ms
[1524.113s][info][gc,marking     ] GC(229) Concurrent Preclean
[1524.113s][info][gc,marking     ] GC(229) Concurrent Preclean 0.056ms
[1524.113s][info][gc,start       ] GC(229) Pause Remark
[1524.116s][info][gc             ] GC(229) Pause Remark 1587M->1587M(4096M) 3.070ms
[1524.116s][info][gc,cpu         ] GC(229) User=0.01s Sys=0.00s Real=0.00s
[1524.116s][info][gc,marking     ] GC(229) Concurrent Mark 575.399ms
[1524.116s][info][gc,marking     ] GC(229) Concurrent Rebuild Remembered Sets and Scrub Regions
[1524.330s][info][gc,marking     ] GC(229) Concurrent Rebuild Remembered Sets and Scrub Regions 213.713ms
[1524.330s][info][gc,start       ] GC(229) Pause Cleanup
[1524.330s][info][gc             ] GC(229) Pause Cleanup 1629M->1629M(4096M) 0.130ms
[1524.330s][info][gc,cpu         ] GC(229) User=0.00s Sys=0.00s Real=0.00s
[1524.331s][info][gc,marking     ] GC(229) Concurrent Clear Claimed Marks
[1524.331s][info][gc,marking     ] GC(229) Concurrent Clear Claimed Marks 0.028ms
[1524.331s][info][gc,marking     ] GC(229) Concurrent Cleanup for Next Mark
[1524.334s][info][gc,marking     ] GC(229) Concurrent Cleanup for Next Mark 3.444ms
[1524.334s][info][gc             ] GC(229) Concurrent Mark Cycle 911.357ms
.........[1533.070s][info][gc,start       ] GC(230) Pause Young (Prepare Mixed) (G1 Evacuation Pause)
[1533.070s][info][gc,task        ] GC(230) Using 6 workers of 6 for evacuation
[1533.187s][info][gc,phases      ] GC(230)   Pre Evacuate Collection Set: 0.37ms
[1533.187s][info][gc,phases      ] GC(230)   Merge Heap Roots: 0.58ms
[1533.187s][info][gc,phases      ] GC(230)   Evacuate Collection Set: 115.41ms
[1533.187s][info][gc,phases      ] GC(230)   Post Evacuate Collection Set: 0.98ms
[1533.187s][info][gc,phases      ] GC(230)   Other: 0.09ms
[1533.187s][info][gc,heap        ] GC(230) Eden regions: 1118->0(1112)
[1533.187s][info][gc,heap        ] GC(230) Survivor regions: 110->110(154)
[1533.187s][info][gc,heap        ] GC(230) Old regions: 501->533
[1533.187s][info][gc,heap        ] GC(230) Humongous regions: 80->80
[1533.187s][info][gc,metaspace   ] GC(230) Metaspace: 28888K(29248K)->28888K(29248K) NonClass: 24004K(24128K)->24004K(24128K) Class: 4884K(5120K)->4884K(5120K)
[1533.187s][info][gc             ] GC(230) Pause Young (Prepare Mixed) (G1 Evacuation Pause) 3617M->1445M(4096M) 117.565ms
[1533.187s][info][gc,cpu         ] GC(230) User=0.70s Sys=0.00s Real=0.12s
. (rIR:aIR:PR = 1937:1937:1937) (tPR = 28226) [OK] 
  1533s: Performance info:
         Transaction,    Success,    Partial,     Failed,   Receipts, AvgBarcode, 
             Overall,     116402,          0,          0,     110577,      59.48, 
         Response times:
             Request,    Success,    Partial,     Failed,   SkipFail,     Probes,    Samples,      min,      p50,      p90,      p95,      p99,      max, 
       TotalPurchase,     110577,          0,          0,          0,     108031,     118099,      300,     1800,     2700,     3100,     9200,   138000,
     InStorePurchase,      58225,          0,          0,          0,      57086,      62289,      300,     1700,     2700,     3100,     8400,   136000,
      OnlinePurchase,      40728,          0,          0,          0,      39812,      43442,      300,     1900,     2800,     3100,    10100,   136000,
        InstPurchase,      11624,          0,          0,          0,      11133,      12368,      400,     1900,     2700,     3100,     9831,   138000,
          AssocOfCat,        118,          0,          0,          0,        115,        126,    18900,    27000,    33300,    41850,    56460,    57000,
      AssocOfProduct,       1164,          0,          0,          0,       1020,       1215,      500,     1500,     2200,     2500,     5356,    10500,
      BusinessReport,        293,          0,          0,          0,        239,        324,    21000,    31000,    38000,    49000,   165500,   184000,
          CustBuyBeh,       1162,          0,          0,          0,       1025,       1216,      200,     1300,     2300,     2600,     6300,   134000,
       ProductReturn,       3088,          0,          0,          0,       2823,       3261,      300,     1500,     2600,     2900,    10714,   126000,

  1533s: (15%)   IR =   2076 ....|....[1542.247s][info][gc,start       ] GC(231) Pause Young (Mixed) (G1 Evacuation Pause)
[1542.247s][info][gc,task        ] GC(231) Using 6 workers of 6 for evacuation
[1542.379s][info][gc,phases      ] GC(231)   Pre Evacuate Collection Set: 0.45ms
[1542.379s][info][gc,phases      ] GC(231)   Merge Heap Roots: 0.88ms
[1542.379s][info][gc,phases      ] GC(231)   Evacuate Collection Set: 129.82ms
[1542.379s][info][gc,phases      ] GC(231)   Post Evacuate Collection Set: 1.02ms
[1542.379s][info][gc,phases      ] GC(231)   Other: 0.09ms
[1542.379s][info][gc,heap        ] GC(231) Eden regions: 1112->0(1120)
[1542.379s][info][gc,heap        ] GC(231) Survivor regions: 110->108(153)
[1542.379s][info][gc,heap        ] GC(231) Old regions: 533->470
[1542.379s][info][gc,heap        ] GC(231) Humongous regions: 80->80
[1542.379s][info][gc,metaspace   ] GC(231) Metaspace: 28890K(29248K)->28890K(29248K) NonClass: 24006K(24128K)->24006K(24128K) Class: 4884K(5120K)->4884K(5120K)
[1542.379s][info][gc             ] GC(231) Pause Young (Mixed) (G1 Evacuation Pause) 3669M->1314M(4096M) 132.372ms
[1542.379s][info][gc,cpu         ] GC(231) User=0.78s Sys=0.00s Real=0.13s
.........[1551.456s][info][gc,start       ] GC(232) Pause Young (Concurrent Start) (G1 Evacuation Pause)
[1551.456s][info][gc,task        ] GC(232) Using 6 workers of 6 for evacuation
[1551.577s][info][gc,phases      ] GC(232)   Pre Evacuate Collection Set: 0.44ms
[1551.577s][info][gc,phases      ] GC(232)   Merge Heap Roots: 0.57ms
[1551.577s][info][gc,phases      ] GC(232)   Evacuate Collection Set: 118.64ms
[1551.577s][info][gc,phases      ] GC(232)   Post Evacuate Collection Set: 0.90ms
[1551.577s][info][gc,phases      ] GC(232)   Other: 0.14ms
[1551.577s][info][gc,heap        ] GC(232) Eden regions: 1120->0(1116)
[1551.577s][info][gc,heap        ] GC(232) Survivor regions: 108->112(154)
[1551.577s][info][gc,heap        ] GC(232) Old regions: 470->502
[1551.577s][info][gc,heap        ] GC(232) Humongous regions: 80->80
[1551.577s][info][gc,metaspace   ] GC(232) Metaspace: 28890K(29248K)->28890K(29248K) NonClass: 24006K(24128K)->24006K(24128K) Class: 4884K(5120K)->4884K(5120K)
[1551.577s][info][gc             ] GC(232) Pause Young (Concurrent Start) (G1 Evacuation Pause) 3554M->1385M(4096M) 120.839ms
[1551.577s][info][gc             ] GC(233) Concurrent Mark Cycle
[1551.577s][info][gc,marking     ] GC(233) Concurrent Scan Root Regions
[1551.577s][info][gc,cpu         ] GC(232) User=0.71s Sys=0.00s Real=0.12s
[1551.745s][info][gc,marking     ] GC(233) Concurrent Scan Root Regions 167.963ms
[1551.745s][info][gc,marking     ] GC(233) Concurrent Mark
[1551.745s][info][gc,marking     ] GC(233) Concurrent Mark From Roots
[1551.745s][info][gc,task        ] GC(233) Using 2 workers of 2 for marking
.[1552.350s][info][gc,marking     ] GC(233) Concurrent Mark From Roots 605.113ms
[1552.350s][info][gc,marking     ] GC(233) Concurrent Preclean
[1552.350s][info][gc,marking     ] GC(233) Concurrent Preclean 0.056ms
[1552.350s][info][gc,start       ] GC(233) Pause Remark
[1552.353s][info][gc             ] GC(233) Pause Remark 1631M->1631M(4096M) 3.151ms
[1552.353s][info][gc,cpu         ] GC(233) User=0.02s Sys=0.00s Real=0.01s
[1552.353s][info][gc,marking     ] GC(233) Concurrent Mark 608.591ms
[1552.353s][info][gc,marking     ] GC(233) Concurrent Rebuild Remembered Sets and Scrub Regions
[1552.573s][info][gc,marking     ] GC(233) Concurrent Rebuild Remembered Sets and Scrub Regions 219.861ms
[1552.573s][info][gc,start       ] GC(233) Pause Cleanup
[1552.574s][info][gc             ] GC(233) Pause Cleanup 1678M->1678M(4096M) 0.134ms
[1552.574s][info][gc,cpu         ] GC(233) User=0.00s Sys=0.00s Real=0.00s
[1552.574s][info][gc,marking     ] GC(233) Concurrent Clear Claimed Marks
[1552.574s][info][gc,marking     ] GC(233) Concurrent Clear Claimed Marks 0.029ms
[1552.574s][info][gc,marking     ] GC(233) Concurrent Cleanup for Next Mark
[1552.577s][info][gc,marking     ] GC(233) Concurrent Cleanup for Next Mark 3.178ms
[1552.577s][info][gc             ] GC(233) Concurrent Mark Cycle 1000.097ms
........[1560.576s][info][gc,start       ] GC(234) Pause Young (Prepare Mixed) (G1 Evacuation Pause)
[1560.576s][info][gc,task        ] GC(234) Using 6 workers of 6 for evacuation
[1560.693s][info][gc,phases      ] GC(234)   Pre Evacuate Collection Set: 0.39ms
[1560.693s][info][gc,phases      ] GC(234)   Merge Heap Roots: 0.57ms
[1560.693s][info][gc,phases      ] GC(234)   Evacuate Collection Set: 114.47ms
[1560.693s][info][gc,phases      ] GC(234)   Post Evacuate Collection Set: 0.97ms
[1560.693s][info][gc,phases      ] GC(234)   Other: 0.10ms
[1560.693s][info][gc,heap        ] GC(234) Eden regions: 1116->0(1114)
[1560.693s][info][gc,heap        ] GC(234) Survivor regions: 112->109(154)
[1560.693s][info][gc,heap        ] GC(234) Old regions: 502->533
[1560.693s][info][gc,heap        ] GC(234) Humongous regions: 80->80
[1560.693s][info][gc,metaspace   ] GC(234) Metaspace: 28890K(29248K)->28890K(29248K) NonClass: 24006K(24128K)->24006K(24128K) Class: 4884K(5120K)->4884K(5120K)
[1560.693s][info][gc             ] GC(234) Pause Young (Prepare Mixed) (G1 Evacuation Pause) 3617M->1442M(4096M) 116.639ms
[1560.693s][info][gc,cpu         ] GC(234) User=0.69s Sys=0.00s Real=0.12s
.........[1569.652s][info][gc,start       ] GC(235) Pause Young (Mixed) (G1 Evacuation Pause)
[1569.652s][info][gc,task        ] GC(235) Using 6 workers of 6 for evacuation
[1569.785s][info][gc,phases      ] GC(235)   Pre Evacuate Collection Set: 0.42ms
[1569.785s][info][gc,phases      ] GC(235)   Merge Heap Roots: 0.76ms
[1569.785s][info][gc,phases      ] GC(235)   Evacuate Collection Set: 130.87ms
[1569.785s][info][gc,phases      ] GC(235)   Post Evacuate Collection Set: 1.02ms
[1569.785s][info][gc,phases      ] GC(235)   Other: 0.09ms
[1569.785s][info][gc,heap        ] GC(235) Eden regions: 1114->0(1120)
[1569.785s][info][gc,heap        ] GC(235) Survivor regions: 109->108(153)
[1569.785s][info][gc,heap        ] GC(235) Old regions: 533->469
[1569.785s][info][gc,heap        ] GC(235) Humongous regions: 80->80
[1569.785s][info][gc,metaspace   ] GC(235) Metaspace: 28890K(29248K)->28890K(29248K) NonClass: 24006K(24128K)->24006K(24128K) Class: 4884K(5120K)->4884K(5120K)
[1569.785s][info][gc             ] GC(235) Pause Young (Mixed) (G1 Evacuation Pause) 3670M->1313M(4096M) 133.293ms
[1569.785s][info][gc,cpu         ] GC(235) User=0.78s Sys=0.00s Real=0.14s
.........[1578.905s][info][gc,start       ] GC(236) Pause Young (Concurrent Start) (G1 Evacuation Pause)
[1578.905s][info][gc,task        ] GC(236) Using 6 workers of 6 for evacuation
[1579.023s][info][gc,phases      ] GC(236)   Pre Evacuate Collection Set: 0.41ms
[1579.023s][info][gc,phases      ] GC(236)   Merge Heap Roots: 0.47ms
[1579.023s][info][gc,phases      ] GC(236)   Evacuate Collection Set: 115.41ms
[1579.023s][info][gc,phases      ] GC(236)   Post Evacuate Collection Set: 0.93ms
[1579.023s][info][gc,phases      ] GC(236)   Other: 0.11ms
[1579.023s][info][gc,heap        ] GC(236) Eden regions: 1120->0(1119)
[1579.023s][info][gc,heap        ] GC(236) Survivor regions: 108->109(154)
[1579.023s][info][gc,heap        ] GC(236) Old regions: 469->502
[1579.023s][info][gc,heap        ] GC(236) Humongous regions: 80->80
[1579.023s][info][gc,metaspace   ] GC(236) Metaspace: 28890K(29248K)->28890K(29248K) NonClass: 24006K(24128K)->24006K(24128K) Class: 4884K(5120K)->4884K(5120K)
[1579.023s][info][gc             ] GC(236) Pause Young (Concurrent Start) (G1 Evacuation Pause) 3553M->1380M(4096M) 117.452ms
[1579.023s][info][gc             ] GC(237) Concurrent Mark Cycle
[1579.023s][info][gc,marking     ] GC(237) Concurrent Scan Root Regions
[1579.023s][info][gc,cpu         ] GC(236) User=0.69s Sys=0.00s Real=0.12s
.[1579.153s][info][gc,marking     ] GC(237) Concurrent Scan Root Regions 130.413ms
[1579.153s][info][gc,marking     ] GC(237) Concurrent Mark
[1579.153s][info][gc,marking     ] GC(237) Concurrent Mark From Roots
[1579.153s][info][gc,task        ] GC(237) Using 2 workers of 2 for marking
[1579.752s][info][gc,marking     ] GC(237) Concurrent Mark From Roots 599.246ms
[1579.753s][info][gc,marking     ] GC(237) Concurrent Preclean
[1579.753s][info][gc,marking     ] GC(237) Concurrent Preclean 0.048ms
[1579.753s][info][gc,start       ] GC(237) Pause Remark
[1579.756s][info][gc             ] GC(237) Pause Remark 1611M->1611M(4096M) 3.053ms
[1579.756s][info][gc,cpu         ] GC(237) User=0.01s Sys=0.00s Real=0.00s
[1579.756s][info][gc,marking     ] GC(237) Concurrent Mark 602.612ms
[1579.756s][info][gc,marking     ] GC(237) Concurrent Rebuild Remembered Sets and Scrub Regions
[1579.977s][info][gc,marking     ] GC(237) Concurrent Rebuild Remembered Sets and Scrub Regions 221.234ms
[1579.977s][info][gc,start       ] GC(237) Pause Cleanup
[1579.977s][info][gc             ] GC(237) Pause Cleanup 1654M->1654M(4096M) 0.129ms
[1579.977s][info][gc,cpu         ] GC(237) User=0.00s Sys=0.00s Real=0.00s
[1579.977s][info][gc,marking     ] GC(237) Concurrent Clear Claimed Marks
[1579.977s][info][gc,marking     ] GC(237) Concurrent Clear Claimed Marks 0.028ms
[1579.977s][info][gc,marking     ] GC(237) Concurrent Cleanup for Next Mark
[1579.981s][info][gc,marking     ] GC(237) Concurrent Cleanup for Next Mark 3.301ms
[1579.981s][info][gc             ] GC(237) Concurrent Mark Cycle 958.054ms
.........[1588.041s][info][gc,start       ] GC(238) Pause Young (Prepare Mixed) (G1 Evacuation Pause)
[1588.041s][info][gc,task        ] GC(238) Using 6 workers of 6 for evacuation
[1588.158s][info][gc,phases      ] GC(238)   Pre Evacuate Collection Set: 0.37ms
[1588.158s][info][gc,phases      ] GC(238)   Merge Heap Roots: 0.55ms
[1588.158s][info][gc,phases      ] GC(238)   Evacuate Collection Set: 114.57ms
[1588.158s][info][gc,phases      ] GC(238)   Post Evacuate Collection Set: 0.96ms
[1588.158s][info][gc,phases      ] GC(238)   Other: 0.10ms
[1588.158s][info][gc,heap        ] GC(238) Eden regions: 1119->0(1114)
[1588.158s][info][gc,heap        ] GC(238) Survivor regions: 109->109(154)
[1588.158s][info][gc,heap        ] GC(238) Old regions: 502->533
[1588.158s][info][gc,heap        ] GC(238) Humongous regions: 80->80
[1588.158s][info][gc,metaspace   ] GC(238) Metaspace: 28890K(29248K)->28890K(29248K) NonClass: 24006K(24128K)->24006K(24128K) Class: 4884K(5120K)->4884K(5120K)
[1588.158s][info][gc             ] GC(238) Pause Young (Prepare Mixed) (G1 Evacuation Pause) 3618M->1442M(4096M) 116.674ms
[1588.158s][info][gc,cpu         ] GC(238) User=0.69s Sys=0.00s Real=0.12s
.........[1597.217s][info][gc,start       ] GC(239) Pause Young (Mixed) (G1 Evacuation Pause)
[1597.217s][info][gc,task        ] GC(239) Using 6 workers of 6 for evacuation
[1597.356s][info][gc,phases      ] GC(239)   Pre Evacuate Collection Set: 0.42ms
[1597.356s][info][gc,phases      ] GC(239)   Merge Heap Roots: 0.80ms
[1597.356s][info][gc,phases      ] GC(239)   Evacuate Collection Set: 135.89ms
[1597.356s][info][gc,phases      ] GC(239)   Post Evacuate Collection Set: 0.98ms
[1597.356s][info][gc,phases      ] GC(239)   Other: 0.09ms
[1597.356s][info][gc,heap        ] GC(239) Eden regions: 1114->0(1117)
[1597.356s][info][gc,heap        ] GC(239) Survivor regions: 109->111(153)
[1597.356s][info][gc,heap        ] GC(239) Old regions: 533->470
[1597.356s][info][gc,heap        ] GC(239) Humongous regions: 80->80
[1597.356s][info][gc,metaspace   ] GC(239) Metaspace: 28890K(29248K)->28890K(29248K) NonClass: 24006K(24128K)->24006K(24128K) Class: 4884K(5120K)->4884K(5120K)
[1597.356s][info][gc             ] GC(239) Pause Young (Mixed) (G1 Evacuation Pause) 3670M->1319M(4096M) 138.325ms
[1597.356s][info][gc,cpu         ] GC(239) User=0.82s Sys=0.00s Real=0.14s
. (rIR:aIR:PR = 2076:2075:2075) (tPR = 30838) [OK] 
  1597s: Performance info:
         Transaction,    Success,    Partial,     Failed,   Receipts, AvgBarcode, 
             Overall,     124615,          0,          0,     118381,      59.48, 
         Response times:
             Request,    Success,    Partial,     Failed,   SkipFail,     Probes,    Samples,      min,      p50,      p90,      p95,      p99,      max, 
       TotalPurchase,     118381,          0,          0,          0,     115147,     124195,      300,     1900,     2900,     3200,    10000,   158000,
     InStorePurchase,      62294,          0,          0,          0,      60594,      65175,      300,     1900,     2900,     3200,    10700,   143000,
      OnlinePurchase,      43622,          0,          0,          0,      42513,      45700,      300,     1900,     2900,     3200,     9100,   158000,
        InstPurchase,      12465,          0,          0,          0,      12040,      13320,      400,     1900,     2900,     3300,    10800,   142000,
          AssocOfCat,        125,          0,          0,          0,        100,        144,    19900,    27000,    33500,    38000,    53100,    54000,
      AssocOfProduct,       1251,          0,          0,          0,       1131,       1355,      600,     1900,     2600,     2900,     6652,   121000,
      BusinessReport,        312,          0,          0,          0,        244,        355,    22000,    32000,    40000,    46600,   144120,   203000,
          CustBuyBeh,       1250,          0,          0,          0,       1127,       1326,      200,      500,     1200,     1700,     3573,    90000,
       ProductReturn,       3296,          0,          0,          0,       3071,       3456,      200,     1400,     2700,     3000,     6100,   135000,

  1597s: (16%)   IR =   2214 ......|.[1605.775s][info][gc,start       ] GC(240) Pause Young (Concurrent Start) (G1 Evacuation Pause)
[1605.775s][info][gc,task        ] GC(240) Using 6 workers of 6 for evacuation
[1605.893s][info][gc,phases      ] GC(240)   Pre Evacuate Collection Set: 0.40ms
[1605.893s][info][gc,phases      ] GC(240)   Merge Heap Roots: 0.49ms
[1605.893s][info][gc,phases      ] GC(240)   Evacuate Collection Set: 116.74ms
[1605.893s][info][gc,phases      ] GC(240)   Post Evacuate Collection Set: 0.92ms
[1605.893s][info][gc,phases      ] GC(240)   Other: 0.11ms
[1605.893s][info][gc,heap        ] GC(240) Eden regions: 1117->0(1119)
[1605.893s][info][gc,heap        ] GC(240) Survivor regions: 111->109(154)
[1605.893s][info][gc,heap        ] GC(240) Old regions: 470->502
[1605.893s][info][gc,heap        ] GC(240) Humongous regions: 80->80
[1605.893s][info][gc,metaspace   ] GC(240) Metaspace: 28892K(29248K)->28892K(29248K) NonClass: 24008K(24128K)->24008K(24128K) Class: 4884K(5120K)->4884K(5120K)
[1605.893s][info][gc             ] GC(240) Pause Young (Concurrent Start) (G1 Evacuation Pause) 3553M->1380M(4096M) 118.777ms
[1605.893s][info][gc             ] GC(241) Concurrent Mark Cycle
[1605.893s][info][gc,marking     ] GC(241) Concurrent Scan Root Regions
[1605.893s][info][gc,cpu         ] GC(240) User=0.70s Sys=0.00s Real=0.12s
.[1606.063s][info][gc,marking     ] GC(241) Concurrent Scan Root Regions 169.385ms
[1606.063s][info][gc,marking     ] GC(241) Concurrent Mark
[1606.063s][info][gc,marking     ] GC(241) Concurrent Mark From Roots
[1606.063s][info][gc,task        ] GC(241) Using 2 workers of 2 for marking
[1606.975s][info][gc,marking     ] GC(241) Concurrent Mark From Roots 912.519ms
[1606.975s][info][gc,marking     ] GC(241) Concurrent Preclean
[1606.975s][info][gc,marking     ] GC(241) Concurrent Preclean 0.054ms
[1606.976s][info][gc,start       ] GC(241) Pause Remark
[1606.980s][info][gc             ] GC(241) Pause Remark 1699M->1699M(4096M) 3.951ms
[1606.980s][info][gc,cpu         ] GC(241) User=0.02s Sys=0.00s Real=0.00s
[1606.980s][info][gc,marking     ] GC(241) Concurrent Mark 916.799ms
[1606.980s][info][gc,marking     ] GC(241) Concurrent Rebuild Remembered Sets and Scrub Regions
.[1607.217s][info][gc,marking     ] GC(241) Concurrent Rebuild Remembered Sets and Scrub Regions 237.730ms
[1607.217s][info][gc,start       ] GC(241) Pause Cleanup
[1607.218s][info][gc             ] GC(241) Pause Cleanup 1756M->1756M(4096M) 0.127ms
[1607.218s][info][gc,cpu         ] GC(241) User=0.00s Sys=0.00s Real=0.00s
[1607.218s][info][gc,marking     ] GC(241) Concurrent Clear Claimed Marks
[1607.218s][info][gc,marking     ] GC(241) Concurrent Clear Claimed Marks 0.028ms
[1607.218s][info][gc,marking     ] GC(241) Concurrent Cleanup for Next Mark
[1607.221s][info][gc,marking     ] GC(241) Concurrent Cleanup for Next Mark 3.216ms
[1607.221s][info][gc             ] GC(241) Concurrent Mark Cycle 1327.572ms
.......[1614.381s][info][gc,start       ] GC(242) Pause Young (Prepare Mixed) (G1 Evacuation Pause)
[1614.381s][info][gc,task        ] GC(242) Using 6 workers of 6 for evacuation
[1614.503s][info][gc,phases      ] GC(242)   Pre Evacuate Collection Set: 0.36ms
[1614.503s][info][gc,phases      ] GC(242)   Merge Heap Roots: 0.53ms
[1614.503s][info][gc,phases      ] GC(242)   Evacuate Collection Set: 120.22ms
[1614.503s][info][gc,phases      ] GC(242)   Post Evacuate Collection Set: 0.96ms
[1614.503s][info][gc,phases      ] GC(242)   Other: 0.09ms
[1614.503s][info][gc,heap        ] GC(242) Eden regions: 1119->0(1106)
[1614.503s][info][gc,heap        ] GC(242) Survivor regions: 109->113(154)
[1614.503s][info][gc,heap        ] GC(242) Old regions: 502->533
[1614.503s][info][gc,heap        ] GC(242) Humongous regions: 80->80
[1614.503s][info][gc,metaspace   ] GC(242) Metaspace: 28892K(29248K)->28892K(29248K) NonClass: 24008K(24128K)->24008K(24128K) Class: 4884K(5120K)->4884K(5120K)
[1614.503s][info][gc             ] GC(242) Pause Young (Prepare Mixed) (G1 Evacuation Pause) 3618M->1451M(4096M) 122.294ms
[1614.503s][info][gc,cpu         ] GC(242) User=0.73s Sys=0.00s Real=0.13s
........[1622.879s][info][gc,start       ] GC(243) Pause Young (Mixed) (G1 Evacuation Pause)
[1622.879s][info][gc,task        ] GC(243) Using 6 workers of 6 for evacuation
[1623.012s][info][gc,phases      ] GC(243)   Pre Evacuate Collection Set: 0.39ms
[1623.012s][info][gc,phases      ] GC(243)   Merge Heap Roots: 0.77ms
[1623.012s][info][gc,phases      ] GC(243)   Evacuate Collection Set: 130.34ms
[1623.012s][info][gc,phases      ] GC(243)   Post Evacuate Collection Set: 0.97ms
[1623.012s][info][gc,phases      ] GC(243)   Other: 0.09ms
[1623.012s][info][gc,heap        ] GC(243) Eden regions: 1106->0(1119)
[1623.012s][info][gc,heap        ] GC(243) Survivor regions: 113->109(153)
[1623.012s][info][gc,heap        ] GC(243) Old regions: 533->470
[1623.012s][info][gc,heap        ] GC(243) Humongous regions: 80->80
[1623.012s][info][gc,metaspace   ] GC(243) Metaspace: 28892K(29248K)->28892K(29248K) NonClass: 24008K(24128K)->24008K(24128K) Class: 4884K(5120K)->4884K(5120K)
[1623.012s][info][gc             ] GC(243) Pause Young (Mixed) (G1 Evacuation Pause) 3663M->1316M(4096M) 132.693ms
[1623.012s][info][gc,cpu         ] GC(243) User=0.78s Sys=0.00s Real=0.14s
.........[1631.430s][info][gc,start       ] GC(244) Pause Young (Concurrent Start) (G1 Evacuation Pause)
[1631.430s][info][gc,task        ] GC(244) Using 6 workers of 6 for evacuation
[1631.548s][info][gc,phases      ] GC(244)   Pre Evacuate Collection Set: 0.44ms
[1631.548s][info][gc,phases      ] GC(244)   Merge Heap Roots: 0.57ms
[1631.548s][info][gc,phases      ] GC(244)   Evacuate Collection Set: 115.99ms
[1631.548s][info][gc,phases      ] GC(244)   Post Evacuate Collection Set: 0.90ms
[1631.548s][info][gc,phases      ] GC(244)   Other: 0.12ms
[1631.548s][info][gc,heap        ] GC(244) Eden regions: 1119->0(1120)
[1631.548s][info][gc,heap        ] GC(244) Survivor regions: 109->108(154)
[1631.548s][info][gc,heap        ] GC(244) Old regions: 470->502
[1631.548s][info][gc,heap        ] GC(244) Humongous regions: 80->80
[1631.548s][info][gc,metaspace   ] GC(244) Metaspace: 28892K(29248K)->28892K(29248K) NonClass: 24008K(24128K)->24008K(24128K) Class: 4884K(5120K)->4884K(5120K)
[1631.548s][info][gc             ] GC(244) Pause Young (Concurrent Start) (G1 Evacuation Pause) 3554M->1378M(4096M) 118.151ms
[1631.548s][info][gc             ] GC(245) Concurrent Mark Cycle
[1631.548s][info][gc,marking     ] GC(245) Concurrent Scan Root Regions
[1631.548s][info][gc,cpu         ] GC(244) User=0.70s Sys=0.00s Real=0.12s
[1631.660s][info][gc,marking     ] GC(245) Concurrent Scan Root Regions 112.438ms
[1631.660s][info][gc,marking     ] GC(245) Concurrent Mark
[1631.660s][info][gc,marking     ] GC(245) Concurrent Mark From Roots
[1631.660s][info][gc,task        ] GC(245) Using 2 workers of 2 for marking
.[1632.187s][info][gc,marking     ] GC(245) Concurrent Mark From Roots 526.382ms
[1632.187s][info][gc,marking     ] GC(245) Concurrent Preclean
[1632.187s][info][gc,marking     ] GC(245) Concurrent Preclean 0.062ms
[1632.187s][info][gc,start       ] GC(245) Pause Remark
[1632.190s][info][gc             ] GC(245) Pause Remark 1579M->1579M(4096M) 2.913ms
[1632.190s][info][gc,cpu         ] GC(245) User=0.01s Sys=0.00s Real=0.00s
[1632.190s][info][gc,marking     ] GC(245) Concurrent Mark 529.615ms
[1632.190s][info][gc,marking     ] GC(245) Concurrent Rebuild Remembered Sets and Scrub Regions
[1632.392s][info][gc,marking     ] GC(245) Concurrent Rebuild Remembered Sets and Scrub Regions 202.584ms
[1632.393s][info][gc,start       ] GC(245) Pause Cleanup
[1632.393s][info][gc             ] GC(245) Pause Cleanup 1633M->1633M(4096M) 0.136ms
[1632.393s][info][gc,cpu         ] GC(245) User=0.00s Sys=0.00s Real=0.00s
[1632.393s][info][gc,marking     ] GC(245) Concurrent Clear Claimed Marks
[1632.393s][info][gc,marking     ] GC(245) Concurrent Clear Claimed Marks 0.026ms
[1632.393s][info][gc,marking     ] GC(245) Concurrent Cleanup for Next Mark
[1632.397s][info][gc,marking     ] GC(245) Concurrent Cleanup for Next Mark 4.622ms
[1632.398s][info][gc             ] GC(245) Concurrent Mark Cycle 849.824ms
.......[1640.025s][info][gc,start       ] GC(246) Pause Young (Prepare Mixed) (G1 Evacuation Pause)
[1640.025s][info][gc,task        ] GC(246) Using 6 workers of 6 for evacuation
[1640.143s][info][gc,phases      ] GC(246)   Pre Evacuate Collection Set: 0.35ms
[1640.143s][info][gc,phases      ] GC(246)   Merge Heap Roots: 0.67ms
[1640.143s][info][gc,phases      ] GC(246)   Evacuate Collection Set: 116.17ms
[1640.143s][info][gc,phases      ] GC(246)   Post Evacuate Collection Set: 0.96ms
[1640.143s][info][gc,phases      ] GC(246)   Other: 0.09ms
[1640.143s][info][gc,heap        ] GC(246) Eden regions: 1120->0(1115)
[1640.143s][info][gc,heap        ] GC(246) Survivor regions: 108->108(154)
[1640.143s][info][gc,heap        ] GC(246) Old regions: 502->534
[1640.143s][info][gc,heap        ] GC(246) Humongous regions: 80->80
[1640.143s][info][gc,metaspace   ] GC(246) Metaspace: 28892K(29248K)->28892K(29248K) NonClass: 24008K(24128K)->24008K(24128K) Class: 4884K(5120K)->4884K(5120K)
[1640.143s][info][gc             ] GC(246) Pause Young (Prepare Mixed) (G1 Evacuation Pause) 3618M->1442M(4096M) 118.386ms
[1640.143s][info][gc,cpu         ] GC(246) User=0.70s Sys=0.00s Real=0.12s
.........[1648.540s][info][gc,start       ] GC(247) Pause Young (Mixed) (G1 Evacuation Pause)
[1648.540s][info][gc,task        ] GC(247) Using 6 workers of 6 for evacuation
[1648.672s][info][gc,phases      ] GC(247)   Pre Evacuate Collection Set: 0.39ms
[1648.672s][info][gc,phases      ] GC(247)   Merge Heap Roots: 0.72ms
[1648.672s][info][gc,phases      ] GC(247)   Evacuate Collection Set: 129.93ms
[1648.672s][info][gc,phases      ] GC(247)   Post Evacuate Collection Set: 0.96ms
[1648.672s][info][gc,phases      ] GC(247)   Other: 0.09ms
[1648.672s][info][gc,heap        ] GC(247) Eden regions: 1115->0(1120)
[1648.672s][info][gc,heap        ] GC(247) Survivor regions: 108->108(153)
[1648.672s][info][gc,heap        ] GC(247) Old regions: 534->470
[1648.672s][info][gc,heap        ] GC(247) Humongous regions: 80->80
[1648.672s][info][gc,metaspace   ] GC(247) Metaspace: 28892K(29248K)->28892K(29248K) NonClass: 24008K(24128K)->24008K(24128K) Class: 4884K(5120K)->4884K(5120K)
[1648.672s][info][gc             ] GC(247) Pause Young (Mixed) (G1 Evacuation Pause) 3672M->1315M(4096M) 132.232ms
[1648.672s][info][gc,cpu         ] GC(247) User=0.78s Sys=0.00s Real=0.14s
.........[1657.233s][info][gc,start       ] GC(248) Pause Young (Concurrent Start) (G1 Evacuation Pause)
[1657.233s][info][gc,task        ] GC(248) Using 6 workers of 6 for evacuation
[1657.349s][info][gc,phases      ] GC(248)   Pre Evacuate Collection Set: 0.41ms
[1657.349s][info][gc,phases      ] GC(248)   Merge Heap Roots: 0.49ms
[1657.349s][info][gc,phases      ] GC(248)   Evacuate Collection Set: 114.13ms
[1657.349s][info][gc,phases      ] GC(248)   Post Evacuate Collection Set: 0.93ms
[1657.349s][info][gc,phases      ] GC(248)   Other: 0.10ms
[1657.349s][info][gc,heap        ] GC(248) Eden regions: 1120->0(1120)
[1657.349s][info][gc,heap        ] GC(248) Survivor regions: 108->108(154)
[1657.349s][info][gc,heap        ] GC(248) Old regions: 470->502
[1657.349s][info][gc,heap        ] GC(248) Humongous regions: 80->80
[1657.349s][info][gc,metaspace   ] GC(248) Metaspace: 28892K(29248K)->28892K(29248K) NonClass: 24008K(24128K)->24008K(24128K) Class: 4884K(5120K)->4884K(5120K)
[1657.349s][info][gc             ] GC(248) Pause Young (Concurrent Start) (G1 Evacuation Pause) 3555M->1378M(4096M) 116.189ms
[1657.349s][info][gc             ] GC(249) Concurrent Mark Cycle
[1657.349s][info][gc,marking     ] GC(249) Concurrent Scan Root Regions
[1657.349s][info][gc,cpu         ] GC(248) User=0.69s Sys=0.00s Real=0.11s
[1657.490s][info][gc,marking     ] GC(249) Concurrent Scan Root Regions 141.202ms
[1657.490s][info][gc,marking     ] GC(249) Concurrent Mark
[1657.490s][info][gc,marking     ] GC(249) Concurrent Mark From Roots
[1657.490s][info][gc,task        ] GC(249) Using 2 workers of 2 for marking
[1658.117s][info][gc,marking     ] GC(249) Concurrent Mark From Roots 627.078ms
[1658.117s][info][gc,marking     ] GC(249) Concurrent Preclean
[1658.117s][info][gc,marking     ] GC(249) Concurrent Preclean 0.051ms
[1658.117s][info][gc,start       ] GC(249) Pause Remark
[1658.121s][info][gc             ] GC(249) Pause Remark 1636M->1636M(4096M) 3.377ms
[1658.121s][info][gc,cpu         ] GC(249) User=0.02s Sys=0.00s Real=0.00s
[1658.121s][info][gc,marking     ] GC(249) Concurrent Mark 630.755ms
[1658.121s][info][gc,marking     ] GC(249) Concurrent Rebuild Remembered Sets and Scrub Regions
.[1658.341s][info][gc,marking     ] GC(249) Concurrent Rebuild Remembered Sets and Scrub Regions 220.150ms
[1658.341s][info][gc,start       ] GC(249) Pause Cleanup
[1658.341s][info][gc             ] GC(249) Pause Cleanup 1694M->1694M(4096M) 0.134ms
[1658.341s][info][gc,cpu         ] GC(249) User=0.00s Sys=0.00s Real=0.00s
[1658.341s][info][gc,marking     ] GC(249) Concurrent Clear Claimed Marks
[1658.341s][info][gc,marking     ] GC(249) Concurrent Clear Claimed Marks 0.027ms
[1658.341s][info][gc,marking     ] GC(249) Concurrent Cleanup for Next Mark
[1658.345s][info][gc,marking     ] GC(249) Concurrent Cleanup for Next Mark 3.446ms
[1658.345s][info][gc             ] GC(249) Concurrent Mark Cycle 996.045ms
...... (rIR:aIR:PR = 2214:2214:2214) (tPR = 33151) [OK] 
  1663s: Performance info:
         Transaction,    Success,    Partial,     Failed,   Receipts, AvgBarcode, 
             Overall,     133093,          0,          0,     126440,      59.48, 
         Response times:
             Request,    Success,    Partial,     Failed,   SkipFail,     Probes,    Samples,      min,      p50,      p90,      p95,      p99,      max, 
       TotalPurchase,     126440,          0,          0,          0,     123886,     137327,      300,     2000,     3100,     3600,    12000,   177000,
     InStorePurchase,      66523,          0,          0,          0,      65414,      72275,      300,     2200,     3200,     3700,    14300,   177000,
      OnlinePurchase,      46590,          0,          0,          0,      45603,      50618,      300,     1900,     3000,     3500,    10581,   138000,
        InstPurchase,      13327,          0,          0,          0,      12869,      14434,      400,     1700,     2900,     3300,     8865,   137000,
          AssocOfCat,        134,          0,          0,          0,        103,        154,    18500,    28000,    34500,    38000,   159450,   160000,
      AssocOfProduct,       1331,          0,          0,          0,       1184,       1432,      500,     2000,     2900,     3300,    12167,   137000,
      BusinessReport,        333,          0,          0,          0,        261,        365,    20000,    31000,    39000,    46000,    58680,    77000,
          CustBuyBeh,       1334,          0,          0,          0,       1169,       1413,      200,     1800,     3200,     3700,    15472,   122000,
       ProductReturn,       3521,          0,          0,          0,       3312,       3858,      200,     1600,     2900,     3400,     7923,   136000,

  1663s: (17%)   IR =   2352 .[1665.626s][info][gc,start       ] GC(250) Pause Young (Prepare Mixed) (G1 Evacuation Pause)
[1665.626s][info][gc,task        ] GC(250) Using 6 workers of 6 for evacuation
[1665.744s][info][gc,phases      ] GC(250)   Pre Evacuate Collection Set: 0.38ms
[1665.745s][info][gc,phases      ] GC(250)   Merge Heap Roots: 0.63ms
[1665.745s][info][gc,phases      ] GC(250)   Evacuate Collection Set: 116.08ms
[1665.745s][info][gc,phases      ] GC(250)   Post Evacuate Collection Set: 0.96ms
[1665.745s][info][gc,phases      ] GC(250)   Other: 0.09ms
[1665.745s][info][gc,heap        ] GC(250) Eden regions: 1120->0(1114)
[1665.745s][info][gc,heap        ] GC(250) Survivor regions: 108->109(154)
[1665.745s][info][gc,heap        ] GC(250) Old regions: 502->533
[1665.745s][info][gc,heap        ] GC(250) Humongous regions: 80->80
[1665.745s][info][gc,metaspace   ] GC(250) Metaspace: 28892K(29248K)->28892K(29248K) NonClass: 24008K(24128K)->24008K(24128K) Class: 4884K(5120K)->4884K(5120K)
[1665.745s][info][gc             ] GC(250) Pause Young (Prepare Mixed) (G1 Evacuation Pause) 3618M->1443M(4096M) 118.270ms
[1665.745s][info][gc,cpu         ] GC(250) User=0.70s Sys=0.00s Real=0.12s
.....|...[1673.719s][info][gc,start       ] GC(251) Pause Young (Mixed) (G1 Evacuation Pause)
[1673.719s][info][gc,task        ] GC(251) Using 6 workers of 6 for evacuation
[1673.853s][info][gc,phases      ] GC(251)   Pre Evacuate Collection Set: 0.42ms
[1673.853s][info][gc,phases      ] GC(251)   Merge Heap Roots: 0.84ms
[1673.853s][info][gc,phases      ] GC(251)   Evacuate Collection Set: 131.43ms
[1673.853s][info][gc,phases      ] GC(251)   Post Evacuate Collection Set: 0.94ms
[1673.853s][info][gc,phases      ] GC(251)   Other: 0.09ms
[1673.853s][info][gc,heap        ] GC(251) Eden regions: 1114->0(1117)
[1673.853s][info][gc,heap        ] GC(251) Survivor regions: 109->111(153)
[1673.853s][info][gc,heap        ] GC(251) Old regions: 533->470
[1673.853s][info][gc,heap        ] GC(251) Humongous regions: 80->80
[1673.853s][info][gc,metaspace   ] GC(251) Metaspace: 28892K(29248K)->28892K(29248K) NonClass: 24008K(24128K)->24008K(24128K) Class: 4884K(5120K)->4884K(5120K)
[1673.853s][info][gc             ] GC(251) Pause Young (Mixed) (G1 Evacuation Pause) 3671M->1319M(4096M) 133.858ms
[1673.853s][info][gc,cpu         ] GC(251) User=0.79s Sys=0.00s Real=0.14s
........[1681.788s][info][gc,start       ] GC(252) Pause Young (Concurrent Start) (G1 Evacuation Pause)
[1681.788s][info][gc,task        ] GC(252) Using 6 workers of 6 for evacuation
[1681.908s][info][gc,phases      ] GC(252)   Pre Evacuate Collection Set: 0.46ms
[1681.908s][info][gc,phases      ] GC(252)   Merge Heap Roots: 0.60ms
[1681.908s][info][gc,phases      ] GC(252)   Evacuate Collection Set: 118.27ms
[1681.908s][info][gc,phases      ] GC(252)   Post Evacuate Collection Set: 0.94ms
[1681.908s][info][gc,phases      ] GC(252)   Other: 0.14ms
[1681.908s][info][gc,heap        ] GC(252) Eden regions: 1117->0(1117)
[1681.908s][info][gc,heap        ] GC(252) Survivor regions: 111->111(154)
[1681.908s][info][gc,heap        ] GC(252) Old regions: 470->502
[1681.908s][info][gc,heap        ] GC(252) Humongous regions: 80->80
[1681.908s][info][gc,metaspace   ] GC(252) Metaspace: 28892K(29248K)->28892K(29248K) NonClass: 24008K(24128K)->24008K(24128K) Class: 4884K(5120K)->4884K(5120K)
[1681.908s][info][gc             ] GC(252) Pause Young (Concurrent Start) (G1 Evacuation Pause) 3553M->1384M(4096M) 120.533ms
[1681.908s][info][gc             ] GC(253) Concurrent Mark Cycle
[1681.909s][info][gc,marking     ] GC(253) Concurrent Scan Root Regions
[1681.909s][info][gc,cpu         ] GC(252) User=0.71s Sys=0.00s Real=0.12s
[1682.080s][info][gc,marking     ] GC(253) Concurrent Scan Root Regions 171.264ms
[1682.080s][info][gc,marking     ] GC(253) Concurrent Mark
[1682.080s][info][gc,marking     ] GC(253) Concurrent Mark From Roots
[1682.080s][info][gc,task        ] GC(253) Using 2 workers of 2 for marking
.[1682.999s][info][gc,marking     ] GC(253) Concurrent Mark From Roots 918.804ms
[1682.999s][info][gc,marking     ] GC(253) Concurrent Preclean
[1682.999s][info][gc,marking     ] GC(253) Concurrent Preclean 0.055ms
[1682.999s][info][gc,start       ] GC(253) Pause Remark
[1683.003s][info][gc             ] GC(253) Pause Remark 1736M->1736M(4096M) 4.176ms
[1683.003s][info][gc,cpu         ] GC(253) User=0.02s Sys=0.00s Real=0.01s
[1683.003s][info][gc,marking     ] GC(253) Concurrent Mark 923.297ms
[1683.003s][info][gc,marking     ] GC(253) Concurrent Rebuild Remembered Sets and Scrub Regions
.[1683.238s][info][gc,marking     ] GC(253) Concurrent Rebuild Remembered Sets and Scrub Regions 234.544ms
[1683.238s][info][gc,start       ] GC(253) Pause Cleanup
[1683.238s][info][gc             ] GC(253) Pause Cleanup 1777M->1777M(4096M) 0.154ms
[1683.238s][info][gc,cpu         ] GC(253) User=0.00s Sys=0.00s Real=0.00s
[1683.238s][info][gc,marking     ] GC(253) Concurrent Clear Claimed Marks
[1683.238s][info][gc,marking     ] GC(253) Concurrent Clear Claimed Marks 0.048ms
[1683.238s][info][gc,marking     ] GC(253) Concurrent Cleanup for Next Mark
[1683.241s][info][gc,marking     ] GC(253) Concurrent Cleanup for Next Mark 3.212ms
[1683.241s][info][gc             ] GC(253) Concurrent Mark Cycle 1332.903ms
......[1689.873s][info][gc,start       ] GC(254) Pause Young (Prepare Mixed) (G1 Evacuation Pause)
[1689.873s][info][gc,task        ] GC(254) Using 6 workers of 6 for evacuation
[1689.991s][info][gc,phases      ] GC(254)   Pre Evacuate Collection Set: 0.37ms
[1689.991s][info][gc,phases      ] GC(254)   Merge Heap Roots: 0.55ms
[1689.991s][info][gc,phases      ] GC(254)   Evacuate Collection Set: 116.11ms
[1689.991s][info][gc,phases      ] GC(254)   Post Evacuate Collection Set: 0.94ms
[1689.991s][info][gc,phases      ] GC(254)   Other: 0.10ms
[1689.991s][info][gc,heap        ] GC(254) Eden regions: 1117->0(1111)
[1689.991s][info][gc,heap        ] GC(254) Survivor regions: 111->110(154)
[1689.991s][info][gc,heap        ] GC(254) Old regions: 502->534
[1689.991s][info][gc,heap        ] GC(254) Humongous regions: 80->80
[1689.991s][info][gc,metaspace   ] GC(254) Metaspace: 28892K(29248K)->28892K(29248K) NonClass: 24008K(24128K)->24008K(24128K) Class: 4884K(5120K)->4884K(5120K)
[1689.991s][info][gc             ] GC(254) Pause Young (Prepare Mixed) (G1 Evacuation Pause) 3618M->1445M(4096M) 118.216ms
[1689.991s][info][gc,cpu         ] GC(254) User=0.70s Sys=0.00s Real=0.11s
........[1697.925s][info][gc,start       ] GC(255) Pause Young (Mixed) (G1 Evacuation Pause)
[1697.925s][info][gc,task        ] GC(255) Using 6 workers of 6 for evacuation
[1698.059s][info][gc,phases      ] GC(255)   Pre Evacuate Collection Set: 0.43ms
[1698.059s][info][gc,phases      ] GC(255)   Merge Heap Roots: 0.74ms
[1698.059s][info][gc,phases      ] GC(255)   Evacuate Collection Set: 131.92ms
[1698.059s][info][gc,phases      ] GC(255)   Post Evacuate Collection Set: 0.98ms
[1698.059s][info][gc,phases      ] GC(255)   Other: 0.09ms
[1698.059s][info][gc,heap        ] GC(255) Eden regions: 1111->0(1118)
[1698.059s][info][gc,heap        ] GC(255) Survivor regions: 110->110(153)
[1698.059s][info][gc,heap        ] GC(255) Old regions: 534->470
[1698.059s][info][gc,heap        ] GC(255) Humongous regions: 80->80
[1698.059s][info][gc,metaspace   ] GC(255) Metaspace: 28893K(29248K)->28893K(29248K) NonClass: 24009K(24128K)->24009K(24128K) Class: 4884K(5120K)->4884K(5120K)
[1698.059s][info][gc             ] GC(255) Pause Young (Mixed) (G1 Evacuation Pause) 3667M->1319M(4096M) 134.282ms
[1698.059s][info][gc,cpu         ] GC(255) User=0.80s Sys=0.00s Real=0.13s
........[1705.980s][info][gc,start       ] GC(256) Pause Young (Concurrent Start) (G1 Evacuation Pause)
[1705.980s][info][gc,task        ] GC(256) Using 6 workers of 6 for evacuation
[1706.097s][info][gc,phases      ] GC(256)   Pre Evacuate Collection Set: 0.44ms
[1706.097s][info][gc,phases      ] GC(256)   Merge Heap Roots: 0.55ms
[1706.097s][info][gc,phases      ] GC(256)   Evacuate Collection Set: 115.10ms
[1706.097s][info][gc,phases      ] GC(256)   Post Evacuate Collection Set: 0.90ms
[1706.097s][info][gc,phases      ] GC(256)   Other: 0.12ms
[1706.097s][info][gc,heap        ] GC(256) Eden regions: 1118->0(1120)
[1706.097s][info][gc,heap        ] GC(256) Survivor regions: 110->108(154)
[1706.097s][info][gc,heap        ] GC(256) Old regions: 470->502
[1706.097s][info][gc,heap        ] GC(256) Humongous regions: 80->80
[1706.097s][info][gc,metaspace   ] GC(256) Metaspace: 28893K(29248K)->28893K(29248K) NonClass: 24009K(24128K)->24009K(24128K) Class: 4884K(5120K)->4884K(5120K)
[1706.097s][info][gc             ] GC(256) Pause Young (Concurrent Start) (G1 Evacuation Pause) 3555M->1377M(4096M) 117.267ms
[1706.097s][info][gc             ] GC(257) Concurrent Mark Cycle
[1706.097s][info][gc,marking     ] GC(257) Concurrent Scan Root Regions
[1706.097s][info][gc,cpu         ] GC(256) User=0.70s Sys=0.00s Real=0.12s
.[1706.265s][info][gc,marking     ] GC(257) Concurrent Scan Root Regions 168.047ms
[1706.265s][info][gc,marking     ] GC(257) Concurrent Mark
[1706.265s][info][gc,marking     ] GC(257) Concurrent Mark From Roots
[1706.265s][info][gc,task        ] GC(257) Using 2 workers of 2 for marking
.[1707.225s][info][gc,marking     ] GC(257) Concurrent Mark From Roots 959.358ms
[1707.225s][info][gc,marking     ] GC(257) Concurrent Preclean
[1707.225s][info][gc,marking     ] GC(257) Concurrent Preclean 0.049ms
[1707.225s][info][gc,start       ] GC(257) Pause Remark
[1707.229s][info][gc             ] GC(257) Pause Remark 1729M->1729M(4096M) 4.237ms
[1707.229s][info][gc,cpu         ] GC(257) User=0.02s Sys=0.00s Real=0.00s
[1707.229s][info][gc,marking     ] GC(257) Concurrent Mark 963.898ms
[1707.229s][info][gc,marking     ] GC(257) Concurrent Rebuild Remembered Sets and Scrub Regions
[1707.581s][info][gc,marking     ] GC(257) Concurrent Rebuild Remembered Sets and Scrub Regions 351.407ms
[1707.581s][info][gc,start       ] GC(257) Pause Cleanup
[1707.581s][info][gc             ] GC(257) Pause Cleanup 1852M->1852M(4096M) 0.142ms
[1707.581s][info][gc,cpu         ] GC(257) User=0.01s Sys=0.00s Real=0.00s
[1707.581s][info][gc,marking     ] GC(257) Concurrent Clear Claimed Marks
[1707.581s][info][gc,marking     ] GC(257) Concurrent Clear Claimed Marks 0.031ms
[1707.581s][info][gc,marking     ] GC(257) Concurrent Cleanup for Next Mark
[1707.585s][info][gc,marking     ] GC(257) Concurrent Cleanup for Next Mark 3.995ms
[1707.585s][info][gc             ] GC(257) Concurrent Mark Cycle 1487.858ms
......[1714.044s][info][gc,start       ] GC(258) Pause Young (Prepare Mixed) (G1 Evacuation Pause)
[1714.044s][info][gc,task        ] GC(258) Using 6 workers of 6 for evacuation
[1714.162s][info][gc,phases      ] GC(258)   Pre Evacuate Collection Set: 0.36ms
[1714.162s][info][gc,phases      ] GC(258)   Merge Heap Roots: 0.65ms
[1714.162s][info][gc,phases      ] GC(258)   Evacuate Collection Set: 116.10ms
[1714.162s][info][gc,phases      ] GC(258)   Post Evacuate Collection Set: 0.95ms
[1714.162s][info][gc,phases      ] GC(258)   Other: 0.09ms
[1714.162s][info][gc,heap        ] GC(258) Eden regions: 1120->0(1115)
[1714.162s][info][gc,heap        ] GC(258) Survivor regions: 108->108(154)
[1714.162s][info][gc,heap        ] GC(258) Old regions: 502->534
[1714.162s][info][gc,heap        ] GC(258) Humongous regions: 80->80
[1714.162s][info][gc,metaspace   ] GC(258) Metaspace: 28893K(29248K)->28893K(29248K) NonClass: 24009K(24128K)->24009K(24128K) Class: 4884K(5120K)->4884K(5120K)
[1714.162s][info][gc             ] GC(258) Pause Young (Prepare Mixed) (G1 Evacuation Pause) 3617M->1441M(4096M) 118.273ms
[1714.162s][info][gc,cpu         ] GC(258) User=0.70s Sys=0.00s Real=0.12s
........[1722.199s][info][gc,start       ] GC(259) Pause Young (Mixed) (G1 Evacuation Pause)
[1722.199s][info][gc,task        ] GC(259) Using 6 workers of 6 for evacuation
[1722.335s][info][gc,phases      ] GC(259)   Pre Evacuate Collection Set: 0.40ms
[1722.335s][info][gc,phases      ] GC(259)   Merge Heap Roots: 0.77ms
[1722.335s][info][gc,phases      ] GC(259)   Evacuate Collection Set: 133.75ms
[1722.335s][info][gc,phases      ] GC(259)   Post Evacuate Collection Set: 0.96ms
[1722.335s][info][gc,phases      ] GC(259)   Other: 0.09ms
[1722.335s][info][gc,heap        ] GC(259) Eden regions: 1115->0(1117)
[1722.335s][info][gc,heap        ] GC(259) Survivor regions: 108->111(153)
[1722.335s][info][gc,heap        ] GC(259) Old regions: 534->471
[1722.335s][info][gc,heap        ] GC(259) Humongous regions: 80->80
[1722.335s][info][gc,metaspace   ] GC(259) Metaspace: 28893K(29248K)->28893K(29248K) NonClass: 24009K(24128K)->24009K(24128K) Class: 4884K(5120K)->4884K(5120K)
[1722.335s][info][gc             ] GC(259) Pause Young (Mixed) (G1 Evacuation Pause) 3671M->1321M(4096M) 136.091ms
[1722.335s][info][gc,cpu         ] GC(259) User=0.81s Sys=0.00s Real=0.14s
........[1730.191s][info][gc,start       ] GC(260) Pause Young (Concurrent Start) (G1 Evacuation Pause)
[1730.191s][info][gc,task        ] GC(260) Using 6 workers of 6 for evacuation
[1730.307s][info][gc,phases      ] GC(260)   Pre Evacuate Collection Set: 0.43ms
[1730.307s][info][gc,phases      ] GC(260)   Merge Heap Roots: 0.61ms
[1730.307s][info][gc,phases      ] GC(260)   Evacuate Collection Set: 114.38ms
[1730.307s][info][gc,phases      ] GC(260)   Post Evacuate Collection Set: 0.94ms
[1730.307s][info][gc,phases      ] GC(260)   Other: 0.14ms
[1730.307s][info][gc,heap        ] GC(260) Eden regions: 1117->0(1120)
[1730.307s][info][gc,heap        ] GC(260) Survivor regions: 111->108(154)
[1730.307s][info][gc,heap        ] GC(260) Old regions: 471->503
[1730.307s][info][gc,heap        ] GC(260) Humongous regions: 80->80
[1730.307s][info][gc,metaspace   ] GC(260) Metaspace: 28893K(29248K)->28893K(29248K) NonClass: 24009K(24128K)->24009K(24128K) Class: 4884K(5120K)->4884K(5120K)
[1730.307s][info][gc             ] GC(260) Pause Young (Concurrent Start) (G1 Evacuation Pause) 3555M->1380M(4096M) 116.639ms
[1730.308s][info][gc             ] GC(261) Concurrent Mark Cycle
[1730.308s][info][gc,marking     ] GC(261) Concurrent Scan Root Regions
[1730.308s][info][gc,cpu         ] GC(260) User=0.69s Sys=0.00s Real=0.12s
. (rIR:aIR:PR = 2352:2351:2351) (tPR = 35150) [OK] 
  1730s: Performance info:
         Transaction,    Success,    Partial,     Failed,   Receipts, AvgBarcode, 
             Overall,     141423,          0,          0,     134360,      59.47, 
         Response times:
             Request,    Success,    Partial,     Failed,   SkipFail,     Probes,    Samples,      min,      p50,      p90,      p95,      p99,      max, 
       TotalPurchase,     134360,          0,          0,          0,     130840,     145112,      300,     2100,     3300,     3800,    14700,   168000,
     InStorePurchase,      70753,          0,          0,          0,      68968,      76115,      300,     2200,     3300,     3900,    15700,   168000,
      OnlinePurchase,      49435,          0,          0,          0,      48278,      53782,      300,     2000,     3300,     3800,    14617,   168000,
        InstPurchase,      14172,          0,          0,          0,      13594,      15215,      400,     1900,     3100,     3600,    13000,   147000,
          AssocOfCat,        144,          0,          0,          0,        102,        144,    19000,    28000,    34500,    38750,    56300,    59000,
      AssocOfProduct,       1419,          0,          0,          0,       1266,       1562,      600,     2200,     3200,     3700,    13900,   146000,
      BusinessReport,        351,          0,          0,          0,        282,        394,    21000,    33000,    40000,    46250,    89700,   167000,
          CustBuyBeh,       1405,          0,          0,          0,       1283,       1567,      200,     1100,     2300,     2800,     6740,   136000,
       ProductReturn,       3744,          0,          0,          0,       3454,       4015,      200,     1600,     3200,     3700,    15384,   147000,

  1730s: (18%)   IR =   2491 [1730.422s][info][gc,marking     ] GC(261) Concurrent Scan Root Regions 114.100ms
[1730.422s][info][gc,marking     ] GC(261) Concurrent Mark
[1730.422s][info][gc,marking     ] GC(261) Concurrent Mark From Roots
[1730.422s][info][gc,task        ] GC(261) Using 2 workers of 2 for marking
[1730.972s][info][gc,marking     ] GC(261) Concurrent Mark From Roots 550.545ms
[1730.972s][info][gc,marking     ] GC(261) Concurrent Preclean
[1730.972s][info][gc,marking     ] GC(261) Concurrent Preclean 0.053ms
[1730.972s][info][gc,start       ] GC(261) Pause Remark
[1730.976s][info][gc             ] GC(261) Pause Remark 1579M->1579M(4096M) 3.195ms
[1730.976s][info][gc,cpu         ] GC(261) User=0.01s Sys=0.00s Real=0.00s
[1730.976s][info][gc,marking     ] GC(261) Concurrent Mark 554.044ms
[1730.976s][info][gc,marking     ] GC(261) Concurrent Rebuild Remembered Sets and Scrub Regions
[1731.192s][info][gc,marking     ] GC(261) Concurrent Rebuild Remembered Sets and Scrub Regions 216.322ms
[1731.192s][info][gc,start       ] GC(261) Pause Cleanup
[1731.192s][info][gc             ] GC(261) Pause Cleanup 1650M->1650M(4096M) 0.134ms
[1731.192s][info][gc,cpu         ] GC(261) User=0.00s Sys=0.00s Real=0.00s
[1731.192s][info][gc,marking     ] GC(261) Concurrent Clear Claimed Marks
[1731.192s][info][gc,marking     ] GC(261) Concurrent Clear Claimed Marks 0.028ms
[1731.192s][info][gc,marking     ] GC(261) Concurrent Cleanup for Next Mark
[1731.197s][info][gc,marking     ] GC(261) Concurrent Cleanup for Next Mark 4.568ms
[1731.197s][info][gc             ] GC(261) Concurrent Mark Cycle 889.568ms
.....|..[1737.923s][info][gc,start       ] GC(262) Pause Young (Prepare Mixed) (G1 Evacuation Pause)
[1737.923s][info][gc,task        ] GC(262) Using 6 workers of 6 for evacuation
[1738.045s][info][gc,phases      ] GC(262)   Pre Evacuate Collection Set: 0.36ms
[1738.045s][info][gc,phases      ] GC(262)   Merge Heap Roots: 0.58ms
[1738.045s][info][gc,phases      ] GC(262)   Evacuate Collection Set: 119.98ms
[1738.045s][info][gc,phases      ] GC(262)   Post Evacuate Collection Set: 0.98ms
[1738.045s][info][gc,phases      ] GC(262)   Other: 0.09ms
[1738.045s][info][gc,heap        ] GC(262) Eden regions: 1120->0(1107)
[1738.045s][info][gc,heap        ] GC(262) Survivor regions: 108->112(154)
[1738.045s][info][gc,heap        ] GC(262) Old regions: 503->534
[1738.045s][info][gc,heap        ] GC(262) Humongous regions: 80->80
[1738.045s][info][gc,metaspace   ] GC(262) Metaspace: 28893K(29248K)->28893K(29248K) NonClass: 24009K(24128K)->24009K(24128K) Class: 4884K(5120K)->4884K(5120K)
[1738.045s][info][gc             ] GC(262) Pause Young (Prepare Mixed) (G1 Evacuation Pause) 3620M->1450M(4096M) 122.108ms
[1738.045s][info][gc,cpu         ] GC(262) User=0.72s Sys=0.00s Real=0.12s
........[1745.477s][info][gc,start       ] GC(263) Pause Young (Mixed) (G1 Evacuation Pause)
[1745.477s][info][gc,task        ] GC(263) Using 6 workers of 6 for evacuation
[1745.609s][info][gc,phases      ] GC(263)   Pre Evacuate Collection Set: 0.41ms
[1745.609s][info][gc,phases      ] GC(263)   Merge Heap Roots: 0.81ms
[1745.609s][info][gc,phases      ] GC(263)   Evacuate Collection Set: 129.57ms
[1745.609s][info][gc,phases      ] GC(263)   Post Evacuate Collection Set: 1.03ms
[1745.609s][info][gc,phases      ] GC(263)   Other: 0.10ms
[1745.609s][info][gc,heap        ] GC(263) Eden regions: 1107->0(1119)
[1745.609s][info][gc,heap        ] GC(263) Survivor regions: 112->109(153)
[1745.609s][info][gc,heap        ] GC(263) Old regions: 534->469
[1745.609s][info][gc,heap        ] GC(263) Humongous regions: 80->80
[1745.609s][info][gc,metaspace   ] GC(263) Metaspace: 28893K(29248K)->28893K(29248K) NonClass: 24009K(24128K)->24009K(24128K) Class: 4884K(5120K)->4884K(5120K)
[1745.609s][info][gc             ] GC(263) Pause Young (Mixed) (G1 Evacuation Pause) 3664M->1315M(4096M) 132.045ms
[1745.609s][info][gc,cpu         ] GC(263) User=0.78s Sys=0.00s Real=0.13s
.......[1753.064s][info][gc,start       ] GC(264) Pause Young (Concurrent Start) (G1 Evacuation Pause)
[1753.064s][info][gc,task        ] GC(264) Using 6 workers of 6 for evacuation
[1753.183s][info][gc,phases      ] GC(264)   Pre Evacuate Collection Set: 0.41ms
[1753.183s][info][gc,phases      ] GC(264)   Merge Heap Roots: 0.54ms
[1753.183s][info][gc,phases      ] GC(264)   Evacuate Collection Set: 116.16ms
[1753.183s][info][gc,phases      ] GC(264)   Post Evacuate Collection Set: 0.90ms
[1753.183s][info][gc,phases      ] GC(264)   Other: 0.11ms
[1753.183s][info][gc,heap        ] GC(264) Eden regions: 1119->0(1121)
[1753.183s][info][gc,heap        ] GC(264) Survivor regions: 109->107(154)
[1753.183s][info][gc,heap        ] GC(264) Old regions: 469->502
[1753.183s][info][gc,heap        ] GC(264) Humongous regions: 80->80
[1753.183s][info][gc,metaspace   ] GC(264) Metaspace: 28893K(29248K)->28893K(29248K) NonClass: 24009K(24128K)->24009K(24128K) Class: 4884K(5120K)->4884K(5120K)
[1753.183s][info][gc             ] GC(264) Pause Young (Concurrent Start) (G1 Evacuation Pause) 3553M->1377M(4096M) 118.246ms
[1753.183s][info][gc             ] GC(265) Concurrent Mark Cycle
[1753.183s][info][gc,marking     ] GC(265) Concurrent Scan Root Regions
[1753.183s][info][gc,cpu         ] GC(264) User=0.70s Sys=0.00s Real=0.12s
[1753.346s][info][gc,marking     ] GC(265) Concurrent Scan Root Regions 163.099ms
[1753.346s][info][gc,marking     ] GC(265) Concurrent Mark
[1753.346s][info][gc,marking     ] GC(265) Concurrent Mark From Roots
[1753.346s][info][gc,task        ] GC(265) Using 2 workers of 2 for marking
.[1753.955s][info][gc,marking     ] GC(265) Concurrent Mark From Roots 609.511ms
[1753.955s][info][gc,marking     ] GC(265) Concurrent Preclean
[1753.955s][info][gc,marking     ] GC(265) Concurrent Preclean 0.051ms
[1753.956s][info][gc,start       ] GC(265) Pause Remark
[1753.959s][info][gc             ] GC(265) Pause Remark 1640M->1640M(4096M) 3.443ms
[1753.959s][info][gc,cpu         ] GC(265) User=0.02s Sys=0.00s Real=0.00s
[1753.959s][info][gc,marking     ] GC(265) Concurrent Mark 613.285ms
[1753.959s][info][gc,marking     ] GC(265) Concurrent Rebuild Remembered Sets and Scrub Regions
[1754.320s][info][gc,marking     ] GC(265) Concurrent Rebuild Remembered Sets and Scrub Regions 360.788ms
[1754.320s][info][gc,start       ] GC(265) Pause Cleanup
[1754.320s][info][gc             ] GC(265) Pause Cleanup 1754M->1754M(4096M) 0.144ms
[1754.320s][info][gc,cpu         ] GC(265) User=0.00s Sys=0.00s Real=0.00s
[1754.320s][info][gc,marking     ] GC(265) Concurrent Clear Claimed Marks
[1754.320s][info][gc,marking     ] GC(265) Concurrent Clear Claimed Marks 0.030ms
[1754.320s][info][gc,marking     ] GC(265) Concurrent Cleanup for Next Mark
[1754.324s][info][gc,marking     ] GC(265) Concurrent Cleanup for Next Mark 3.301ms
[1754.324s][info][gc             ] GC(265) Concurrent Mark Cycle 1141.026ms
.......[1760.719s][info][gc,start       ] GC(266) Pause Young (Prepare Mixed) (G1 Evacuation Pause)
[1760.719s][info][gc,task        ] GC(266) Using 6 workers of 6 for evacuation
[1760.835s][info][gc,phases      ] GC(266)   Pre Evacuate Collection Set: 0.36ms
[1760.835s][info][gc,phases      ] GC(266)   Merge Heap Roots: 0.57ms
[1760.835s][info][gc,phases      ] GC(266)   Evacuate Collection Set: 114.49ms
[1760.835s][info][gc,phases      ] GC(266)   Post Evacuate Collection Set: 0.97ms
[1760.835s][info][gc,phases      ] GC(266)   Other: 0.09ms
[1760.835s][info][gc,heap        ] GC(266) Eden regions: 1121->0(1113)
[1760.835s][info][gc,heap        ] GC(266) Survivor regions: 107->109(154)
[1760.835s][info][gc,heap        ] GC(266) Old regions: 502->534
[1760.835s][info][gc,heap        ] GC(266) Humongous regions: 80->80
[1760.835s][info][gc,metaspace   ] GC(266) Metaspace: 28893K(29248K)->28893K(29248K) NonClass: 24009K(24128K)->24009K(24128K) Class: 4884K(5120K)->4884K(5120K)
[1760.835s][info][gc             ] GC(266) Pause Young (Prepare Mixed) (G1 Evacuation Pause) 3619M->1443M(4096M) 116.646ms
[1760.835s][info][gc,cpu         ] GC(266) User=0.69s Sys=0.00s Real=0.12s
.......[1768.330s][info][gc,start       ] GC(267) Pause Young (Mixed) (G1 Evacuation Pause)
[1768.330s][info][gc,task        ] GC(267) Using 6 workers of 6 for evacuation
[1768.467s][info][gc,phases      ] GC(267)   Pre Evacuate Collection Set: 0.44ms
[1768.467s][info][gc,phases      ] GC(267)   Merge Heap Roots: 0.91ms
[1768.467s][info][gc,phases      ] GC(267)   Evacuate Collection Set: 134.10ms
[1768.467s][info][gc,phases      ] GC(267)   Post Evacuate Collection Set: 1.00ms
[1768.467s][info][gc,phases      ] GC(267)   Other: 0.09ms
[1768.467s][info][gc,heap        ] GC(267) Eden regions: 1113->0(1120)
[1768.467s][info][gc,heap        ] GC(267) Survivor regions: 109->108(153)
[1768.467s][info][gc,heap        ] GC(267) Old regions: 534->470
[1768.467s][info][gc,heap        ] GC(267) Humongous regions: 80->80
[1768.467s][info][gc,metaspace   ] GC(267) Metaspace: 28893K(29248K)->28893K(29248K) NonClass: 24009K(24128K)->24009K(24128K) Class: 4884K(5120K)->4884K(5120K)
[1768.467s][info][gc             ] GC(267) Pause Young (Mixed) (G1 Evacuation Pause) 3669M->1315M(4096M) 136.668ms
[1768.467s][info][gc,cpu         ] GC(267) User=0.81s Sys=0.00s Real=0.14s
........[1775.920s][info][gc,start       ] GC(268) Pause Young (Concurrent Start) (G1 Evacuation Pause)
[1775.920s][info][gc,task        ] GC(268) Using 6 workers of 6 for evacuation
[1776.037s][info][gc,phases      ] GC(268)   Pre Evacuate Collection Set: 0.41ms
[1776.037s][info][gc,phases      ] GC(268)   Merge Heap Roots: 0.53ms
[1776.037s][info][gc,phases      ] GC(268)   Evacuate Collection Set: 115.06ms
[1776.037s][info][gc,phases      ] GC(268)   Post Evacuate Collection Set: 0.92ms
[1776.037s][info][gc,phases      ] GC(268)   Other: 0.12ms
[1776.037s][info][gc,heap        ] GC(268) Eden regions: 1120->0(1120)
[1776.037s][info][gc,heap        ] GC(268) Survivor regions: 108->108(154)
[1776.037s][info][gc,heap        ] GC(268) Old regions: 470->502
[1776.037s][info][gc,heap        ] GC(268) Humongous regions: 80->80
[1776.037s][info][gc,metaspace   ] GC(268) Metaspace: 28894K(29248K)->28894K(29248K) NonClass: 24010K(24128K)->24010K(24128K) Class: 4884K(5120K)->4884K(5120K)
[1776.037s][info][gc             ] GC(268) Pause Young (Concurrent Start) (G1 Evacuation Pause) 3555M->1379M(4096M) 117.176ms
[1776.037s][info][gc             ] GC(269) Concurrent Mark Cycle
[1776.037s][info][gc,marking     ] GC(269) Concurrent Scan Root Regions
[1776.037s][info][gc,cpu         ] GC(268) User=0.69s Sys=0.00s Real=0.12s
[1776.158s][info][gc,marking     ] GC(269) Concurrent Scan Root Regions 120.350ms
[1776.158s][info][gc,marking     ] GC(269) Concurrent Mark
[1776.158s][info][gc,marking     ] GC(269) Concurrent Mark From Roots
[1776.158s][info][gc,task        ] GC(269) Using 2 workers of 2 for marking
.[1776.715s][info][gc,marking     ] GC(269) Concurrent Mark From Roots 556.975ms
[1776.715s][info][gc,marking     ] GC(269) Concurrent Preclean
[1776.715s][info][gc,marking     ] GC(269) Concurrent Preclean 0.050ms
[1776.715s][info][gc,start       ] GC(269) Pause Remark
[1776.718s][info][gc             ] GC(269) Pause Remark 1597M->1597M(4096M) 3.266ms
[1776.718s][info][gc,cpu         ] GC(269) User=0.01s Sys=0.00s Real=0.00s
[1776.718s][info][gc,marking     ] GC(269) Concurrent Mark 560.544ms
[1776.718s][info][gc,marking     ] GC(269) Concurrent Rebuild Remembered Sets and Scrub Regions
[1776.935s][info][gc,marking     ] GC(269) Concurrent Rebuild Remembered Sets and Scrub Regions 216.625ms
[1776.935s][info][gc,start       ] GC(269) Pause Cleanup
[1776.935s][info][gc             ] GC(269) Pause Cleanup 1670M->1670M(4096M) 0.132ms
[1776.935s][info][gc,cpu         ] GC(269) User=0.00s Sys=0.00s Real=0.00s
[1776.935s][info][gc,marking     ] GC(269) Concurrent Clear Claimed Marks
[1776.935s][info][gc,marking     ] GC(269) Concurrent Clear Claimed Marks 0.035ms
[1776.935s][info][gc,marking     ] GC(269) Concurrent Cleanup for Next Mark
[1776.939s][info][gc,marking     ] GC(269) Concurrent Cleanup for Next Mark 3.788ms
[1776.939s][info][gc             ] GC(269) Concurrent Mark Cycle 901.859ms
.......[1783.490s][info][gc,start       ] GC(270) Pause Young (Prepare Mixed) (G1 Evacuation Pause)
[1783.490s][info][gc,task        ] GC(270) Using 6 workers of 6 for evacuation
[1783.608s][info][gc,phases      ] GC(270)   Pre Evacuate Collection Set: 0.35ms
[1783.608s][info][gc,phases      ] GC(270)   Merge Heap Roots: 0.53ms
[1783.608s][info][gc,phases      ] GC(270)   Evacuate Collection Set: 115.61ms
[1783.608s][info][gc,phases      ] GC(270)   Post Evacuate Collection Set: 0.95ms
[1783.608s][info][gc,phases      ] GC(270)   Other: 0.09ms
[1783.608s][info][gc,heap        ] GC(270) Eden regions: 1120->0(1114)
[1783.608s][info][gc,heap        ] GC(270) Survivor regions: 108->108(154)
[1783.608s][info][gc,heap        ] GC(270) Old regions: 502->535
[1783.608s][info][gc,heap        ] GC(270) Humongous regions: 80->80
[1783.608s][info][gc,metaspace   ] GC(270) Metaspace: 28896K(29248K)->28896K(29248K) NonClass: 24012K(24128K)->24012K(24128K) Class: 4884K(5120K)->4884K(5120K)
[1783.608s][info][gc             ] GC(270) Pause Young (Prepare Mixed) (G1 Evacuation Pause) 3619M->1443M(4096M) 117.658ms
[1783.608s][info][gc,cpu         ] GC(270) User=0.70s Sys=0.00s Real=0.12s
.......[1791.122s][info][gc,start       ] GC(271) Pause Young (Mixed) (G1 Evacuation Pause)
[1791.122s][info][gc,task        ] GC(271) Using 6 workers of 6 for evacuation
[1791.253s][info][gc,phases      ] GC(271)   Pre Evacuate Collection Set: 0.40ms
[1791.253s][info][gc,phases      ] GC(271)   Merge Heap Roots: 0.75ms
[1791.253s][info][gc,phases      ] GC(271)   Evacuate Collection Set: 128.97ms
[1791.253s][info][gc,phases      ] GC(271)   Post Evacuate Collection Set: 0.98ms
[1791.253s][info][gc,phases      ] GC(271)   Other: 0.09ms
[1791.253s][info][gc,heap        ] GC(271) Eden regions: 1114->0(1120)
[1791.253s][info][gc,heap        ] GC(271) Survivor regions: 108->108(153)
[1791.253s][info][gc,heap        ] GC(271) Old regions: 535->472
[1791.253s][info][gc,heap        ] GC(271) Humongous regions: 80->80
[1791.253s][info][gc,metaspace   ] GC(271) Metaspace: 28897K(29248K)->28897K(29248K) NonClass: 24013K(24128K)->24013K(24128K) Class: 4884K(5120K)->4884K(5120K)
[1791.253s][info][gc             ] GC(271) Pause Young (Mixed) (G1 Evacuation Pause) 3671M->1319M(4096M) 131.336ms
[1791.253s][info][gc,cpu         ] GC(271) User=0.77s Sys=0.00s Real=0.14s
..... (rIR:aIR:PR = 2491:2489:2489) (tPR = 36850) [OK] 
  1795s: Performance info:
         Transaction,    Success,    Partial,     Failed,   Receipts, AvgBarcode, 
             Overall,     149643,          0,          0,     142152,      59.47, 
         Response times:
             Request,    Success,    Partial,     Failed,   SkipFail,     Probes,    Samples,      min,      p50,      p90,      p95,      p99,      max, 
       TotalPurchase,     142144,          0,          0,          0,     138847,     151635,      300,     2200,     3500,     4000,    15900,   173000,
     InStorePurchase,      74814,          0,          0,          0,      73369,      79862,      300,     2200,     3500,     4000,    17900,   173000,
      OnlinePurchase,      52363,          0,          0,          0,      51067,      55705,      300,     2300,     3500,     4000,    14500,   173000,
        InstPurchase,      14967,          0,          0,          0,      14411,      16068,      400,     2100,     3300,     3900,    13000,   139000,
          AssocOfCat,        147,          0,          0,          0,        100,        157,    19700,    28000,    34200,    41100,    58840,    60000,
      AssocOfProduct,       1503,          0,          0,          0,       1380,       1634,      600,     2400,     3700,     4400,    18330,   120000,
      BusinessReport,        376,          0,          0,          0,        298,        392,    21000,    32000,    40000,    44350,    54140,   155000,
          CustBuyBeh,       1498,          0,          0,          0,       1352,       1577,      300,     2600,     3500,     4100,    17022,   128000,
       ProductReturn,       3965,          0,          0,          0,       3659,       4194,      200,     2500,     3500,     4200,    21000,   138000,

  1795s: (19%)   IR =   2629 ...[1798.651s][info][gc,start       ] GC(272) Pause Young (Concurrent Start) (G1 Evacuation Pause)
[1798.651s][info][gc,task        ] GC(272) Using 6 workers of 6 for evacuation
[1798.773s][info][gc,phases      ] GC(272)   Pre Evacuate Collection Set: 0.43ms
[1798.773s][info][gc,phases      ] GC(272)   Merge Heap Roots: 0.54ms
[1798.773s][info][gc,phases      ] GC(272)   Evacuate Collection Set: 120.40ms
[1798.773s][info][gc,phases      ] GC(272)   Post Evacuate Collection Set: 0.94ms
[1798.773s][info][gc,phases      ] GC(272)   Other: 0.09ms
[1798.773s][info][gc,heap        ] GC(272) Eden regions: 1120->0(1117)
[1798.773s][info][gc,heap        ] GC(272) Survivor regions: 108->111(154)
[1798.773s][info][gc,heap        ] GC(272) Old regions: 472->504
[1798.773s][info][gc,heap        ] GC(272) Humongous regions: 80->80
[1798.773s][info][gc,metaspace   ] GC(272) Metaspace: 28897K(29248K)->28897K(29248K) NonClass: 24013K(24128K)->24013K(24128K) Class: 4884K(5120K)->4884K(5120K)
[1798.773s][info][gc             ] GC(272) Pause Young (Concurrent Start) (G1 Evacuation Pause) 3559M->1388M(4096M) 122.545ms
[1798.773s][info][gc             ] GC(273) Concurrent Mark Cycle
[1798.773s][info][gc,marking     ] GC(273) Concurrent Scan Root Regions
[1798.773s][info][gc,cpu         ] GC(272) User=0.73s Sys=0.00s Real=0.13s
[1798.895s][info][gc,marking     ] GC(273) Concurrent Scan Root Regions 122.168ms
[1798.896s][info][gc,marking     ] GC(273) Concurrent Mark
[1798.896s][info][gc,marking     ] GC(273) Concurrent Mark From Roots
[1798.896s][info][gc,task        ] GC(273) Using 2 workers of 2 for marking
[1799.455s][info][gc,marking     ] GC(273) Concurrent Mark From Roots 559.181ms
[1799.455s][info][gc,marking     ] GC(273) Concurrent Preclean
[1799.455s][info][gc,marking     ] GC(273) Concurrent Preclean 0.059ms
[1799.455s][info][gc,start       ] GC(273) Pause Remark
[1799.458s][info][gc             ] GC(273) Pause Remark 1622M->1622M(4096M) 3.429ms
[1799.458s][info][gc,cpu         ] GC(273) User=0.02s Sys=0.00s Real=0.00s
[1799.458s][info][gc,marking     ] GC(273) Concurrent Mark 562.932ms
[1799.458s][info][gc,marking     ] GC(273) Concurrent Rebuild Remembered Sets and Scrub Regions
.[1799.678s][info][gc,marking     ] GC(273) Concurrent Rebuild Remembered Sets and Scrub Regions 219.871ms
[1799.678s][info][gc,start       ] GC(273) Pause Cleanup
[1799.679s][info][gc             ] GC(273) Pause Cleanup 1679M->1679M(4096M) 0.132ms
[1799.679s][info][gc,cpu         ] GC(273) User=0.00s Sys=0.00s Real=0.00s
[1799.679s][info][gc,marking     ] GC(273) Concurrent Clear Claimed Marks
[1799.679s][info][gc,marking     ] GC(273) Concurrent Clear Claimed Marks 0.028ms
[1799.679s][info][gc,marking     ] GC(273) Concurrent Cleanup for Next Mark
[1799.682s][info][gc,marking     ] GC(273) Concurrent Cleanup for Next Mark 3.201ms
[1799.682s][info][gc             ] GC(273) Concurrent Mark Cycle 908.685ms
...|...[1805.855s][info][gc,start       ] GC(274) Pause Young (Prepare Mixed) (G1 Evacuation Pause)
[1805.855s][info][gc,task        ] GC(274) Using 6 workers of 6 for evacuation
[1805.972s][info][gc,phases      ] GC(274)   Pre Evacuate Collection Set: 0.35ms
[1805.972s][info][gc,phases      ] GC(274)   Merge Heap Roots: 0.64ms
[1805.972s][info][gc,phases      ] GC(274)   Evacuate Collection Set: 115.37ms
[1805.972s][info][gc,phases      ] GC(274)   Post Evacuate Collection Set: 0.98ms
[1805.972s][info][gc,phases      ] GC(274)   Other: 0.10ms
[1805.972s][info][gc,heap        ] GC(274) Eden regions: 1117->0(1111)
[1805.972s][info][gc,heap        ] GC(274) Survivor regions: 111->109(154)
[1805.972s][info][gc,heap        ] GC(274) Old regions: 504->536
[1805.972s][info][gc,heap        ] GC(274) Humongous regions: 80->80
[1805.972s][info][gc,metaspace   ] GC(274) Metaspace: 28897K(29248K)->28897K(29248K) NonClass: 24013K(24128K)->24013K(24128K) Class: 4884K(5120K)->4884K(5120K)
[1805.972s][info][gc             ] GC(274) Pause Young (Prepare Mixed) (G1 Evacuation Pause) 3622M->1449M(4096M) 117.572ms
[1805.972s][info][gc,cpu         ] GC(274) User=0.70s Sys=0.00s Real=0.12s
.......[1813.003s][info][gc,start       ] GC(275) Pause Young (Mixed) (G1 Evacuation Pause)
[1813.003s][info][gc,task        ] GC(275) Using 6 workers of 6 for evacuation
[1813.132s][info][gc,phases      ] GC(275)   Pre Evacuate Collection Set: 0.44ms
[1813.132s][info][gc,phases      ] GC(275)   Merge Heap Roots: 0.72ms
[1813.132s][info][gc,phases      ] GC(275)   Evacuate Collection Set: 126.59ms
[1813.132s][info][gc,phases      ] GC(275)   Post Evacuate Collection Set: 0.97ms
[1813.132s][info][gc,phases      ] GC(275)   Other: 0.10ms
[1813.132s][info][gc,heap        ] GC(275) Eden regions: 1111->0(1121)
[1813.132s][info][gc,heap        ] GC(275) Survivor regions: 109->107(153)
[1813.132s][info][gc,heap        ] GC(275) Old regions: 536->471
[1813.132s][info][gc,heap        ] GC(275) Humongous regions: 80->80
[1813.132s][info][gc,metaspace   ] GC(275) Metaspace: 28898K(29248K)->28898K(29248K) NonClass: 24014K(24128K)->24014K(24128K) Class: 4884K(5120K)->4884K(5120K)
[1813.132s][info][gc             ] GC(275) Pause Young (Mixed) (G1 Evacuation Pause) 3671M->1314M(4096M) 128.962ms
[1813.132s][info][gc,cpu         ] GC(275) User=0.76s Sys=0.00s Real=0.12s
.......[1820.344s][info][gc,start       ] GC(276) Pause Young (Concurrent Start) (G1 Evacuation Pause)
[1820.344s][info][gc,task        ] GC(276) Using 6 workers of 6 for evacuation
[1820.463s][info][gc,phases      ] GC(276)   Pre Evacuate Collection Set: 0.40ms
[1820.463s][info][gc,phases      ] GC(276)   Merge Heap Roots: 0.60ms
[1820.463s][info][gc,phases      ] GC(276)   Evacuate Collection Set: 117.15ms
[1820.463s][info][gc,phases      ] GC(276)   Post Evacuate Collection Set: 0.92ms
[1820.463s][info][gc,phases      ] GC(276)   Other: 0.11ms
[1820.463s][info][gc,heap        ] GC(276) Eden regions: 1121->0(1119)
[1820.463s][info][gc,heap        ] GC(276) Survivor regions: 107->109(154)
[1820.463s][info][gc,heap        ] GC(276) Old regions: 471->503
[1820.463s][info][gc,heap        ] GC(276) Humongous regions: 80->80
[1820.463s][info][gc,metaspace   ] GC(276) Metaspace: 28899K(29248K)->28899K(29248K) NonClass: 24015K(24128K)->24015K(24128K) Class: 4884K(5120K)->4884K(5120K)
[1820.463s][info][gc             ] GC(276) Pause Young (Concurrent Start) (G1 Evacuation Pause) 3556M->1383M(4096M) 119.311ms
[1820.463s][info][gc             ] GC(277) Concurrent Mark Cycle
[1820.463s][info][gc,marking     ] GC(277) Concurrent Scan Root Regions
[1820.463s][info][gc,cpu         ] GC(276) User=0.70s Sys=0.00s Real=0.12s
.[1820.633s][info][gc,marking     ] GC(277) Concurrent Scan Root Regions 170.126ms
[1820.633s][info][gc,marking     ] GC(277) Concurrent Mark
[1820.633s][info][gc,marking     ] GC(277) Concurrent Mark From Roots
[1820.633s][info][gc,task        ] GC(277) Using 2 workers of 2 for marking
.[1821.557s][info][gc,marking     ] GC(277) Concurrent Mark From Roots 923.973ms
[1821.557s][info][gc,marking     ] GC(277) Concurrent Preclean
[1821.557s][info][gc,marking     ] GC(277) Concurrent Preclean 0.058ms
[1821.557s][info][gc,start       ] GC(277) Pause Remark
[1821.561s][info][gc             ] GC(277) Pause Remark 1800M->1800M(4096M) 3.953ms
[1821.561s][info][gc,cpu         ] GC(277) User=0.02s Sys=0.00s Real=0.00s
[1821.561s][info][gc,marking     ] GC(277) Concurrent Mark 928.240ms
[1821.561s][info][gc,marking     ] GC(277) Concurrent Rebuild Remembered Sets and Scrub Regions
[1821.911s][info][gc,marking     ] GC(277) Concurrent Rebuild Remembered Sets and Scrub Regions 349.885ms
[1821.911s][info][gc,start       ] GC(277) Pause Cleanup
[1821.912s][info][gc             ] GC(277) Pause Cleanup 1921M->1921M(4096M) 0.135ms
[1821.912s][info][gc,cpu         ] GC(277) User=0.00s Sys=0.00s Real=0.00s
[1821.912s][info][gc,marking     ] GC(277) Concurrent Clear Claimed Marks
[1821.912s][info][gc,marking     ] GC(277) Concurrent Clear Claimed Marks 0.029ms
[1821.912s][info][gc,marking     ] GC(277) Concurrent Cleanup for Next Mark
[1821.915s][info][gc,marking     ] GC(277) Concurrent Cleanup for Next Mark 3.475ms
[1821.915s][info][gc             ] GC(277) Concurrent Mark Cycle 1452.225ms
.....[1827.506s][info][gc,start       ] GC(278) Pause Young (Prepare Mixed) (G1 Evacuation Pause)
[1827.506s][info][gc,task        ] GC(278) Using 6 workers of 6 for evacuation
[1827.624s][info][gc,phases      ] GC(278)   Pre Evacuate Collection Set: 0.33ms
[1827.624s][info][gc,phases      ] GC(278)   Merge Heap Roots: 0.59ms
[1827.624s][info][gc,phases      ] GC(278)   Evacuate Collection Set: 115.50ms
[1827.624s][info][gc,phases      ] GC(278)   Post Evacuate Collection Set: 0.95ms
[1827.624s][info][gc,phases      ] GC(278)   Other: 0.09ms
[1827.624s][info][gc,heap        ] GC(278) Eden regions: 1119->0(1112)
[1827.624s][info][gc,heap        ] GC(278) Survivor regions: 109->109(154)
[1827.624s][info][gc,heap        ] GC(278) Old regions: 503->535
[1827.624s][info][gc,heap        ] GC(278) Humongous regions: 80->80
[1827.624s][info][gc,metaspace   ] GC(278) Metaspace: 28899K(29248K)->28899K(29248K) NonClass: 24015K(24128K)->24015K(24128K) Class: 4884K(5120K)->4884K(5120K)
[1827.624s][info][gc             ] GC(278) Pause Young (Prepare Mixed) (G1 Evacuation Pause) 3621M->1446M(4096M) 117.594ms
[1827.624s][info][gc,cpu         ] GC(278) User=0.70s Sys=0.00s Real=0.12s
........[1834.675s][info][gc,start       ] GC(279) Pause Young (Mixed) (G1 Evacuation Pause)
[1834.675s][info][gc,task        ] GC(279) Using 6 workers of 6 for evacuation
[1834.806s][info][gc,phases      ] GC(279)   Pre Evacuate Collection Set: 0.43ms
[1834.806s][info][gc,phases      ] GC(279)   Merge Heap Roots: 0.76ms
[1834.806s][info][gc,phases      ] GC(279)   Evacuate Collection Set: 128.82ms
[1834.806s][info][gc,phases      ] GC(279)   Post Evacuate Collection Set: 1.03ms
[1834.806s][info][gc,phases      ] GC(279)   Other: 0.10ms
[1834.806s][info][gc,heap        ] GC(279) Eden regions: 1112->0(1120)
[1834.806s][info][gc,heap        ] GC(279) Survivor regions: 109->108(153)
[1834.806s][info][gc,heap        ] GC(279) Old regions: 535->471
[1834.806s][info][gc,heap        ] GC(279) Humongous regions: 80->80
[1834.806s][info][gc,metaspace   ] GC(279) Metaspace: 28899K(29248K)->28899K(29248K) NonClass: 24015K(24128K)->24015K(24128K) Class: 4884K(5120K)->4884K(5120K)
[1834.806s][info][gc             ] GC(279) Pause Young (Mixed) (G1 Evacuation Pause) 3670M->1315M(4096M) 131.277ms
[1834.806s][info][gc,cpu         ] GC(279) User=0.78s Sys=0.00s Real=0.13s
.......[1841.876s][info][gc,start       ] GC(280) Pause Young (Concurrent Start) (G1 Evacuation Pause)
[1841.877s][info][gc,task        ] GC(280) Using 6 workers of 6 for evacuation
[1841.994s][info][gc,phases      ] GC(280)   Pre Evacuate Collection Set: 0.44ms
[1841.994s][info][gc,phases      ] GC(280)   Merge Heap Roots: 0.52ms
[1841.994s][info][gc,phases      ] GC(280)   Evacuate Collection Set: 115.33ms
[1841.994s][info][gc,phases      ] GC(280)   Post Evacuate Collection Set: 0.91ms
[1841.994s][info][gc,phases      ] GC(280)   Other: 0.11ms
[1841.994s][info][gc,heap        ] GC(280) Eden regions: 1120->0(1119)
[1841.994s][info][gc,heap        ] GC(280) Survivor regions: 108->109(154)
[1841.994s][info][gc,heap        ] GC(280) Old regions: 471->503
[1841.994s][info][gc,heap        ] GC(280) Humongous regions: 80->80
[1841.994s][info][gc,metaspace   ] GC(280) Metaspace: 28899K(29248K)->28899K(29248K) NonClass: 24015K(24128K)->24015K(24128K) Class: 4884K(5120K)->4884K(5120K)
[1841.994s][info][gc             ] GC(280) Pause Young (Concurrent Start) (G1 Evacuation Pause) 3555M->1382M(4096M) 117.453ms
[1841.994s][info][gc             ] GC(281) Concurrent Mark Cycle
[1841.994s][info][gc,marking     ] GC(281) Concurrent Scan Root Regions
[1841.994s][info][gc,cpu         ] GC(280) User=0.69s Sys=0.00s Real=0.12s
[1842.169s][info][gc,marking     ] GC(281) Concurrent Scan Root Regions 174.700ms
[1842.169s][info][gc,marking     ] GC(281) Concurrent Mark
[1842.169s][info][gc,marking     ] GC(281) Concurrent Mark From Roots
[1842.169s][info][gc,task        ] GC(281) Using 2 workers of 2 for marking
.[1843.136s][info][gc,marking     ] GC(281) Concurrent Mark From Roots 966.847ms
[1843.136s][info][gc,marking     ] GC(281) Concurrent Preclean
[1843.136s][info][gc,marking     ] GC(281) Concurrent Preclean 0.060ms
[1843.136s][info][gc,start       ] GC(281) Pause Remark
[1843.140s][info][gc             ] GC(281) Pause Remark 1784M->1784M(4096M) 4.271ms
[1843.140s][info][gc,cpu         ] GC(281) User=0.02s Sys=0.00s Real=0.00s
[1843.140s][info][gc,marking     ] GC(281) Concurrent Mark 971.457ms
[1843.140s][info][gc,marking     ] GC(281) Concurrent Rebuild Remembered Sets and Scrub Regions
[1843.492s][info][gc,marking     ] GC(281) Concurrent Rebuild Remembered Sets and Scrub Regions 351.665ms
[1843.493s][info][gc,start       ] GC(281) Pause Cleanup
[1843.493s][info][gc             ] GC(281) Pause Cleanup 1876M->1876M(4096M) 0.150ms
[1843.493s][info][gc,cpu         ] GC(281) User=0.00s Sys=0.00s Real=0.00s
[1843.493s][info][gc,marking     ] GC(281) Concurrent Clear Claimed Marks
[1843.493s][info][gc,marking     ] GC(281) Concurrent Clear Claimed Marks 0.037ms
[1843.493s][info][gc,marking     ] GC(281) Concurrent Cleanup for Next Mark
[1843.497s][info][gc,marking     ] GC(281) Concurrent Cleanup for Next Mark 3.723ms
[1843.497s][info][gc             ] GC(281) Concurrent Mark Cycle 1502.781ms
......[1849.102s][info][gc,start       ] GC(282) Pause Young (Prepare Mixed) (G1 Evacuation Pause)
[1849.103s][info][gc,task        ] GC(282) Using 6 workers of 6 for evacuation
[1849.225s][info][gc,phases      ] GC(282)   Pre Evacuate Collection Set: 0.39ms
[1849.225s][info][gc,phases      ] GC(282)   Merge Heap Roots: 0.63ms
[1849.225s][info][gc,phases      ] GC(282)   Evacuate Collection Set: 120.74ms
[1849.225s][info][gc,phases      ] GC(282)   Post Evacuate Collection Set: 0.98ms
[1849.225s][info][gc,phases      ] GC(282)   Other: 0.09ms
[1849.225s][info][gc,heap        ] GC(282) Eden regions: 1119->0(1104)
[1849.225s][info][gc,heap        ] GC(282) Survivor regions: 109->113(154)
[1849.225s][info][gc,heap        ] GC(282) Old regions: 503->535
[1849.225s][info][gc,heap        ] GC(282) Humongous regions: 80->80
[1849.225s][info][gc,metaspace   ] GC(282) Metaspace: 28899K(29248K)->28899K(29248K) NonClass: 24015K(24128K)->24015K(24128K) Class: 4884K(5120K)->4884K(5120K)
[1849.225s][info][gc             ] GC(282) Pause Young (Prepare Mixed) (G1 Evacuation Pause) 3620M->1453M(4096M) 122.961ms
[1849.225s][info][gc,cpu         ] GC(282) User=0.72s Sys=0.00s Real=0.12s
.......[1856.173s][info][gc,start       ] GC(283) Pause Young (Mixed) (G1 Evacuation Pause)
[1856.173s][info][gc,task        ] GC(283) Using 6 workers of 6 for evacuation
[1856.306s][info][gc,phases      ] GC(283)   Pre Evacuate Collection Set: 0.40ms
[1856.306s][info][gc,phases      ] GC(283)   Merge Heap Roots: 0.78ms
[1856.306s][info][gc,phases      ] GC(283)   Evacuate Collection Set: 130.51ms
[1856.306s][info][gc,phases      ] GC(283)   Post Evacuate Collection Set: 0.98ms
[1856.306s][info][gc,phases      ] GC(283)   Other: 0.09ms
[1856.306s][info][gc,heap        ] GC(283) Eden regions: 1104->0(1121)
[1856.306s][info][gc,heap        ] GC(283) Survivor regions: 113->107(153)
[1856.306s][info][gc,heap        ] GC(283) Old regions: 535->471
[1856.306s][info][gc,heap        ] GC(283) Humongous regions: 80->80
[1856.306s][info][gc,metaspace   ] GC(283) Metaspace: 28899K(29248K)->28899K(29248K) NonClass: 24015K(24128K)->24015K(24128K) Class: 4884K(5120K)->4884K(5120K)
[1856.306s][info][gc             ] GC(283) Pause Young (Mixed) (G1 Evacuation Pause) 3661M->1313M(4096M) 132.897ms
[1856.306s][info][gc,cpu         ] GC(283) User=0.78s Sys=0.00s Real=0.13s
....... (rIR:aIR:PR = 2629:2629:2629) (tPR = 39112) [OK] 
  1862s: Performance info:
         Transaction,    Success,    Partial,     Failed,   Receipts, AvgBarcode, 
             Overall,     158082,          0,          0,     150160,      59.47, 
         Response times:
             Request,    Success,    Partial,     Failed,   SkipFail,     Probes,    Samples,      min,      p50,      p90,      p95,      p99,      max, 
       TotalPurchase,     150160,          0,          0,          0,     146327,     165144,      300,     2300,     3600,     4200,    16600,   183000,
     InStorePurchase,      79031,          0,          0,          0,      77186,      86732,      300,     2200,     3600,     4200,    15500,   183000,
      OnlinePurchase,      55332,          0,          0,          0,      54030,      61151,      300,     2400,     3700,     4400,    17900,   177000,
        InstPurchase,      15797,          0,          0,          0,      15111,      17261,      400,     1900,     3500,     4100,    11100,   143000,
          AssocOfCat,        160,          0,          0,          0,        107,        154,    19500,    30000,    36000,    40500,   115450,   149000,
      AssocOfProduct,       1578,          0,          0,          0,       1413,       1721,      700,     3100,     4100,     5100,    20000,   124000,
      BusinessReport,        394,          0,          0,          0,        342,        476,    24000,    34000,    41000,    49150,   171000,   182000,
          CustBuyBeh,       1581,          0,          0,          0,       1413,       1757,      300,     2500,     3700,     4300,    18652,   137000,
       ProductReturn,       4209,          0,          0,          0,       3971,       4700,      200,     2300,     3500,     4095,    13099,   157000,

  1862s: (20%)   IR =   2767 [1863.497s][info][gc,start       ] GC(284) Pause Young (Concurrent Start) (G1 Evacuation Pause)
[1863.497s][info][gc,task        ] GC(284) Using 6 workers of 6 for evacuation
[1863.616s][info][gc,phases      ] GC(284)   Pre Evacuate Collection Set: 0.39ms
[1863.616s][info][gc,phases      ] GC(284)   Merge Heap Roots: 0.55ms
[1863.616s][info][gc,phases      ] GC(284)   Evacuate Collection Set: 116.52ms
[1863.616s][info][gc,phases      ] GC(284)   Post Evacuate Collection Set: 0.92ms
[1863.616s][info][gc,phases      ] GC(284)   Other: 0.11ms
[1863.616s][info][gc,heap        ] GC(284) Eden regions: 1121->0(1120)
[1863.616s][info][gc,heap        ] GC(284) Survivor regions: 107->108(154)
[1863.616s][info][gc,heap        ] GC(284) Old regions: 471->502
[1863.616s][info][gc,heap        ] GC(284) Humongous regions: 80->80
[1863.616s][info][gc,metaspace   ] GC(284) Metaspace: 28899K(29248K)->28899K(29248K) NonClass: 24015K(24128K)->24015K(24128K) Class: 4884K(5120K)->4884K(5120K)
[1863.616s][info][gc             ] GC(284) Pause Young (Concurrent Start) (G1 Evacuation Pause) 3555M->1379M(4096M) 118.633ms
[1863.616s][info][gc             ] GC(285) Concurrent Mark Cycle
[1863.616s][info][gc,marking     ] GC(285) Concurrent Scan Root Regions
[1863.616s][info][gc,cpu         ] GC(284) User=0.70s Sys=0.00s Real=0.12s
.[1863.733s][info][gc,marking     ] GC(285) Concurrent Scan Root Regions 116.861ms
[1863.733s][info][gc,marking     ] GC(285) Concurrent Mark
[1863.733s][info][gc,marking     ] GC(285) Concurrent Mark From Roots
[1863.733s][info][gc,task        ] GC(285) Using 2 workers of 2 for marking
[1864.334s][info][gc,marking     ] GC(285) Concurrent Mark From Roots 601.246ms
[1864.334s][info][gc,marking     ] GC(285) Concurrent Preclean
[1864.334s][info][gc,marking     ] GC(285) Concurrent Preclean 0.057ms
[1864.334s][info][gc,start       ] GC(285) Pause Remark
[1864.338s][info][gc             ] GC(285) Pause Remark 1689M->1689M(4096M) 3.555ms
[1864.338s][info][gc,cpu         ] GC(285) User=0.02s Sys=0.01s Real=0.00s
[1864.338s][info][gc,marking     ] GC(285) Concurrent Mark 605.132ms
[1864.338s][info][gc,marking     ] GC(285) Concurrent Rebuild Remembered Sets and Scrub Regions
[1864.563s][info][gc,marking     ] GC(285) Concurrent Rebuild Remembered Sets and Scrub Regions 224.500ms
[1864.563s][info][gc,start       ] GC(285) Pause Cleanup
[1864.563s][info][gc             ] GC(285) Pause Cleanup 1762M->1762M(4096M) 0.132ms
[1864.563s][info][gc,cpu         ] GC(285) User=0.00s Sys=0.00s Real=0.00s
[1864.563s][info][gc,marking     ] GC(285) Concurrent Clear Claimed Marks
[1864.563s][info][gc,marking     ] GC(285) Concurrent Clear Claimed Marks 0.030ms
[1864.563s][info][gc,marking     ] GC(285) Concurrent Cleanup for Next Mark
[1864.568s][info][gc,marking     ] GC(285) Concurrent Cleanup for Next Mark 4.858ms
[1864.568s][info][gc             ] GC(285) Concurrent Mark Cycle 951.941ms
.....|.[1870.185s][info][gc,start       ] GC(286) Pause Young (Prepare Mixed) (G1 Evacuation Pause)
[1870.185s][info][gc,task        ] GC(286) Using 6 workers of 6 for evacuation
[1870.303s][info][gc,phases      ] GC(286)   Pre Evacuate Collection Set: 0.35ms
[1870.303s][info][gc,phases      ] GC(286)   Merge Heap Roots: 0.63ms
[1870.303s][info][gc,phases      ] GC(286)   Evacuate Collection Set: 116.61ms
[1870.303s][info][gc,phases      ] GC(286)   Post Evacuate Collection Set: 0.96ms
[1870.303s][info][gc,phases      ] GC(286)   Other: 0.09ms
[1870.303s][info][gc,heap        ] GC(286) Eden regions: 1120->0(1116)
[1870.303s][info][gc,heap        ] GC(286) Survivor regions: 108->108(154)
[1870.304s][info][gc,heap        ] GC(286) Old regions: 502->533
[1870.304s][info][gc,heap        ] GC(286) Humongous regions: 80->80
[1870.304s][info][gc,metaspace   ] GC(286) Metaspace: 28899K(29248K)->28899K(29248K) NonClass: 24015K(24128K)->24015K(24128K) Class: 4884K(5120K)->4884K(5120K)
[1870.304s][info][gc             ] GC(286) Pause Young (Prepare Mixed) (G1 Evacuation Pause) 3619M->1441M(4096M) 118.764ms
[1870.304s][info][gc,cpu         ] GC(286) User=0.70s Sys=0.00s Real=0.12s
.......[1877.215s][info][gc,start       ] GC(287) Pause Young (Mixed) (G1 Evacuation Pause)
[1877.215s][info][gc,task        ] GC(287) Using 6 workers of 6 for evacuation
[1877.347s][info][gc,phases      ] GC(287)   Pre Evacuate Collection Set: 0.39ms
[1877.347s][info][gc,phases      ] GC(287)   Merge Heap Roots: 0.75ms
[1877.347s][info][gc,phases      ] GC(287)   Evacuate Collection Set: 129.80ms
[1877.347s][info][gc,phases      ] GC(287)   Post Evacuate Collection Set: 0.99ms
[1877.347s][info][gc,phases      ] GC(287)   Other: 0.09ms
[1877.347s][info][gc,heap        ] GC(287) Eden regions: 1116->0(1119)
[1877.347s][info][gc,heap        ] GC(287) Survivor regions: 108->109(153)
[1877.347s][info][gc,heap        ] GC(287) Old regions: 533->470
[1877.347s][info][gc,heap        ] GC(287) Humongous regions: 80->80
[1877.347s][info][gc,metaspace   ] GC(287) Metaspace: 28899K(29248K)->28899K(29248K) NonClass: 24015K(24128K)->24015K(24128K) Class: 4884K(5120K)->4884K(5120K)
[1877.347s][info][gc             ] GC(287) Pause Young (Mixed) (G1 Evacuation Pause) 3673M->1315M(4096M) 132.155ms
[1877.347s][info][gc,cpu         ] GC(287) User=0.77s Sys=0.00s Real=0.13s
.......[1883.987s][info][gc,start       ] GC(288) Pause Young (Concurrent Start) (G1 Evacuation Pause)
[1883.987s][info][gc,task        ] GC(288) Using 6 workers of 6 for evacuation
[1884.102s][info][gc,phases      ] GC(288)   Pre Evacuate Collection Set: 0.42ms
[1884.102s][info][gc,phases      ] GC(288)   Merge Heap Roots: 0.56ms
[1884.102s][info][gc,phases      ] GC(288)   Evacuate Collection Set: 113.35ms
[1884.102s][info][gc,phases      ] GC(288)   Post Evacuate Collection Set: 0.90ms
[1884.102s][info][gc,phases      ] GC(288)   Other: 0.12ms
[1884.102s][info][gc,heap        ] GC(288) Eden regions: 1119->0(1120)
[1884.102s][info][gc,heap        ] GC(288) Survivor regions: 109->108(154)
[1884.102s][info][gc,heap        ] GC(288) Old regions: 470->500
[1884.102s][info][gc,heap        ] GC(288) Humongous regions: 80->80
[1884.102s][info][gc,metaspace   ] GC(288) Metaspace: 28899K(29248K)->28899K(29248K) NonClass: 24015K(24128K)->24015K(24128K) Class: 4884K(5120K)->4884K(5120K)
[1884.102s][info][gc             ] GC(288) Pause Young (Concurrent Start) (G1 Evacuation Pause) 3553M->1375M(4096M) 115.505ms
[1884.102s][info][gc             ] GC(289) Concurrent Mark Cycle
[1884.102s][info][gc,marking     ] GC(289) Concurrent Scan Root Regions
[1884.102s][info][gc,cpu         ] GC(288) User=0.68s Sys=0.00s Real=0.12s
[1884.237s][info][gc,marking     ] GC(289) Concurrent Scan Root Regions 134.911ms
[1884.237s][info][gc,marking     ] GC(289) Concurrent Mark
[1884.237s][info][gc,marking     ] GC(289) Concurrent Mark From Roots
[1884.237s][info][gc,task        ] GC(289) Using 2 workers of 2 for marking
.[1884.814s][info][gc,marking     ] GC(289) Concurrent Mark From Roots 577.365ms
[1884.814s][info][gc,marking     ] GC(289) Concurrent Preclean
[1884.815s][info][gc,marking     ] GC(289) Concurrent Preclean 0.057ms
[1884.815s][info][gc,start       ] GC(289) Pause Remark
[1884.818s][info][gc             ] GC(289) Pause Remark 1646M->1646M(4096M) 3.456ms
[1884.818s][info][gc,cpu         ] GC(289) User=0.02s Sys=0.00s Real=0.00s
[1884.818s][info][gc,marking     ] GC(289) Concurrent Mark 581.153ms
[1884.818s][info][gc,marking     ] GC(289) Concurrent Rebuild Remembered Sets and Scrub Regions
[1885.079s][info][gc,marking     ] GC(289) Concurrent Rebuild Remembered Sets and Scrub Regions 260.742ms
[1885.079s][info][gc,start       ] GC(289) Pause Cleanup
[1885.079s][info][gc             ] GC(289) Pause Cleanup 1737M->1737M(4096M) 0.131ms
[1885.079s][info][gc,cpu         ] GC(289) User=0.00s Sys=0.00s Real=0.00s
[1885.079s][info][gc,marking     ] GC(289) Concurrent Clear Claimed Marks
[1885.079s][info][gc,marking     ] GC(289) Concurrent Clear Claimed Marks 0.034ms
[1885.079s][info][gc,marking     ] GC(289) Concurrent Cleanup for Next Mark
[1885.083s][info][gc,marking     ] GC(289) Concurrent Cleanup for Next Mark 3.562ms
[1885.083s][info][gc             ] GC(289) Concurrent Mark Cycle 980.911ms
......[1890.892s][info][gc,start       ] GC(290) Pause Young (Prepare Mixed) (G1 Evacuation Pause)
[1890.892s][info][gc,task        ] GC(290) Using 6 workers of 6 for evacuation
[1891.010s][info][gc,phases      ] GC(290)   Pre Evacuate Collection Set: 0.41ms
[1891.010s][info][gc,phases      ] GC(290)   Merge Heap Roots: 0.64ms
[1891.010s][info][gc,phases      ] GC(290)   Evacuate Collection Set: 116.05ms
[1891.010s][info][gc,phases      ] GC(290)   Post Evacuate Collection Set: 0.96ms
[1891.010s][info][gc,phases      ] GC(290)   Other: 0.11ms
[1891.010s][info][gc,heap        ] GC(290) Eden regions: 1120->0(1113)
[1891.010s][info][gc,heap        ] GC(290) Survivor regions: 108->110(154)
[1891.010s][info][gc,heap        ] GC(290) Old regions: 500->532
[1891.010s][info][gc,heap        ] GC(290) Humongous regions: 80->80
[1891.010s][info][gc,metaspace   ] GC(290) Metaspace: 28899K(29248K)->28899K(29248K) NonClass: 24015K(24128K)->24015K(24128K) Class: 4884K(5120K)->4884K(5120K)
[1891.010s][info][gc             ] GC(290) Pause Young (Prepare Mixed) (G1 Evacuation Pause) 3615M->1442M(4096M) 118.310ms
[1891.010s][info][gc,cpu         ] GC(290) User=0.70s Sys=0.00s Real=0.12s
......[1897.685s][info][gc,start       ] GC(291) Pause Young (Mixed) (G1 Evacuation Pause)
[1897.685s][info][gc,task        ] GC(291) Using 6 workers of 6 for evacuation
[1897.818s][info][gc,phases      ] GC(291)   Pre Evacuate Collection Set: 0.42ms
[1897.818s][info][gc,phases      ] GC(291)   Merge Heap Roots: 0.73ms
[1897.818s][info][gc,phases      ] GC(291)   Evacuate Collection Set: 131.59ms
[1897.818s][info][gc,phases      ] GC(291)   Post Evacuate Collection Set: 0.98ms
[1897.818s][info][gc,phases      ] GC(291)   Other: 0.09ms
[1897.818s][info][gc,heap        ] GC(291) Eden regions: 1113->0(1119)
[1897.818s][info][gc,heap        ] GC(291) Survivor regions: 110->109(153)
[1897.818s][info][gc,heap        ] GC(291) Old regions: 532->469
[1897.818s][info][gc,heap        ] GC(291) Humongous regions: 80->80
[1897.819s][info][gc,metaspace   ] GC(291) Metaspace: 28899K(29248K)->28899K(29248K) NonClass: 24015K(24128K)->24015K(24128K) Class: 4884K(5120K)->4884K(5120K)
[1897.819s][info][gc             ] GC(291) Pause Young (Mixed) (G1 Evacuation Pause) 3668M->1315M(4096M) 133.938ms
[1897.819s][info][gc,cpu         ] GC(291) User=0.79s Sys=0.00s Real=0.13s
.......[1904.552s][info][gc,start       ] GC(292) Pause Young (Concurrent Start) (G1 Evacuation Pause)
[1904.552s][info][gc,task        ] GC(292) Using 6 workers of 6 for evacuation
[1904.672s][info][gc,phases      ] GC(292)   Pre Evacuate Collection Set: 0.41ms
[1904.672s][info][gc,phases      ] GC(292)   Merge Heap Roots: 0.58ms
[1904.672s][info][gc,phases      ] GC(292)   Evacuate Collection Set: 117.79ms
[1904.672s][info][gc,phases      ] GC(292)   Post Evacuate Collection Set: 0.90ms
[1904.672s][info][gc,phases      ] GC(292)   Other: 0.11ms
[1904.672s][info][gc,heap        ] GC(292) Eden regions: 1119->0(1117)
[1904.672s][info][gc,heap        ] GC(292) Survivor regions: 109->111(154)
[1904.672s][info][gc,heap        ] GC(292) Old regions: 469->501
[1904.672s][info][gc,heap        ] GC(292) Humongous regions: 80->80
[1904.672s][info][gc,metaspace   ] GC(292) Metaspace: 28899K(29248K)->28899K(29248K) NonClass: 24015K(24128K)->24015K(24128K) Class: 4884K(5120K)->4884K(5120K)
[1904.672s][info][gc             ] GC(292) Pause Young (Concurrent Start) (G1 Evacuation Pause) 3553M->1382M(4096M) 119.920ms
[1904.672s][info][gc             ] GC(293) Concurrent Mark Cycle
[1904.672s][info][gc,cpu         ] GC(292) User=0.71s Sys=0.00s Real=0.12s
[1904.672s][info][gc,marking     ] GC(293) Concurrent Scan Root Regions
[1904.810s][info][gc,marking     ] GC(293) Concurrent Scan Root Regions 137.882ms
[1904.810s][info][gc,marking     ] GC(293) Concurrent Mark
[1904.810s][info][gc,marking     ] GC(293) Concurrent Mark From Roots
[1904.810s][info][gc,task        ] GC(293) Using 2 workers of 2 for marking
.[1905.390s][info][gc,marking     ] GC(293) Concurrent Mark From Roots 579.820ms
[1905.390s][info][gc,marking     ] GC(293) Concurrent Preclean
[1905.390s][info][gc,marking     ] GC(293) Concurrent Preclean 0.060ms
[1905.390s][info][gc,start       ] GC(293) Pause Remark
[1905.393s][info][gc             ] GC(293) Pause Remark 1645M->1645M(4096M) 3.279ms
[1905.393s][info][gc,cpu         ] GC(293) User=0.02s Sys=0.00s Real=0.01s
[1905.393s][info][gc,marking     ] GC(293) Concurrent Mark 583.390ms
[1905.393s][info][gc,marking     ] GC(293) Concurrent Rebuild Remembered Sets and Scrub Regions
[1905.615s][info][gc,marking     ] GC(293) Concurrent Rebuild Remembered Sets and Scrub Regions 222.173ms
[1905.616s][info][gc,start       ] GC(293) Pause Cleanup
[1905.616s][info][gc             ] GC(293) Pause Cleanup 1711M->1711M(4096M) 0.138ms
[1905.616s][info][gc,cpu         ] GC(293) User=0.00s Sys=0.00s Real=0.00s
[1905.616s][info][gc,marking     ] GC(293) Concurrent Clear Claimed Marks
[1905.616s][info][gc,marking     ] GC(293) Concurrent Clear Claimed Marks 0.028ms
[1905.616s][info][gc,marking     ] GC(293) Concurrent Cleanup for Next Mark
[1905.620s][info][gc,marking     ] GC(293) Concurrent Cleanup for Next Mark 4.257ms
[1905.620s][info][gc             ] GC(293) Concurrent Mark Cycle 948.245ms
......[1911.449s][info][gc,start       ] GC(294) Pause Young (Prepare Mixed) (G1 Evacuation Pause)
[1911.449s][info][gc,task        ] GC(294) Using 6 workers of 6 for evacuation
[1911.568s][info][gc,phases      ] GC(294)   Pre Evacuate Collection Set: 0.38ms
[1911.568s][info][gc,phases      ] GC(294)   Merge Heap Roots: 0.62ms
[1911.568s][info][gc,phases      ] GC(294)   Evacuate Collection Set: 116.57ms
[1911.568s][info][gc,phases      ] GC(294)   Post Evacuate Collection Set: 0.96ms
[1911.568s][info][gc,phases      ] GC(294)   Other: 0.10ms
[1911.568s][info][gc,heap        ] GC(294) Eden regions: 1117->0(1112)
[1911.568s][info][gc,heap        ] GC(294) Survivor regions: 111->110(154)
[1911.568s][info][gc,heap        ] GC(294) Old regions: 501->533
[1911.568s][info][gc,heap        ] GC(294) Humongous regions: 80->80
[1911.568s][info][gc,metaspace   ] GC(294) Metaspace: 28899K(29248K)->28899K(29248K) NonClass: 24015K(24128K)->24015K(24128K) Class: 4884K(5120K)->4884K(5120K)
[1911.568s][info][gc             ] GC(294) Pause Young (Prepare Mixed) (G1 Evacuation Pause) 3616M->1444M(4096M) 118.762ms
[1911.568s][info][gc,cpu         ] GC(294) User=0.70s Sys=0.00s Real=0.12s
.......[1918.243s][info][gc,start       ] GC(295) Pause Young (Mixed) (G1 Evacuation Pause)
[1918.243s][info][gc,task        ] GC(295) Using 6 workers of 6 for evacuation
[1918.377s][info][gc,phases      ] GC(295)   Pre Evacuate Collection Set: 0.43ms
[1918.377s][info][gc,phases      ] GC(295)   Merge Heap Roots: 0.83ms
[1918.377s][info][gc,phases      ] GC(295)   Evacuate Collection Set: 132.13ms
[1918.377s][info][gc,phases      ] GC(295)   Post Evacuate Collection Set: 1.00ms
[1918.377s][info][gc,phases      ] GC(295)   Other: 0.09ms
[1918.377s][info][gc,heap        ] GC(295) Eden regions: 1112->0(1118)
[1918.377s][info][gc,heap        ] GC(295) Survivor regions: 110->110(153)
[1918.377s][info][gc,heap        ] GC(295) Old regions: 533->471
[1918.377s][info][gc,heap        ] GC(295) Humongous regions: 80->80
[1918.377s][info][gc,metaspace   ] GC(295) Metaspace: 28899K(29248K)->28899K(29248K) NonClass: 24015K(24128K)->24015K(24128K) Class: 4884K(5120K)->4884K(5120K)
[1918.377s][info][gc             ] GC(295) Pause Young (Mixed) (G1 Evacuation Pause) 3668M->1319M(4096M) 134.626ms
[1918.377s][info][gc,cpu         ] GC(295) User=0.80s Sys=0.00s Real=0.13s
.......[1925.048s][info][gc,start       ] GC(296) Pause Young (Concurrent Start) (G1 Evacuation Pause)
[1925.048s][info][gc,task        ] GC(296) Using 6 workers of 6 for evacuation
[1925.164s][info][gc,phases      ] GC(296)   Pre Evacuate Collection Set: 0.43ms
[1925.164s][info][gc,phases      ] GC(296)   Merge Heap Roots: 0.51ms
[1925.164s][info][gc,phases      ] GC(296)   Evacuate Collection Set: 114.54ms
[1925.164s][info][gc,phases      ] GC(296)   Post Evacuate Collection Set: 0.92ms
[1925.164s][info][gc,phases      ] GC(296)   Other: 0.10ms
[1925.164s][info][gc,heap        ] GC(296) Eden regions: 1118->0(1121)
[1925.164s][info][gc,heap        ] GC(296) Survivor regions: 110->107(154)
[1925.164s][info][gc,heap        ] GC(296) Old regions: 471->502
[1925.164s][info][gc,heap        ] GC(296) Humongous regions: 80->80
[1925.164s][info][gc,metaspace   ] GC(296) Metaspace: 28899K(29248K)->28899K(29248K) NonClass: 24015K(24128K)->24015K(24128K) Class: 4884K(5120K)->4884K(5120K)
[1925.164s][info][gc             ] GC(296) Pause Young (Concurrent Start) (G1 Evacuation Pause) 3555M->1376M(4096M) 116.647ms
[1925.164s][info][gc             ] GC(297) Concurrent Mark Cycle
[1925.164s][info][gc,marking     ] GC(297) Concurrent Scan Root Regions
[1925.164s][info][gc,cpu         ] GC(296) User=0.69s Sys=0.00s Real=0.12s
[1925.293s][info][gc,marking     ] GC(297) Concurrent Scan Root Regions 128.543ms
[1925.293s][info][gc,marking     ] GC(297) Concurrent Mark
[1925.293s][info][gc,marking     ] GC(297) Concurrent Mark From Roots
[1925.293s][info][gc,task        ] GC(297) Using 2 workers of 2 for marking
.[1925.848s][info][gc,marking     ] GC(297) Concurrent Mark From Roots 554.922ms
[1925.848s][info][gc,marking     ] GC(297) Concurrent Preclean
[1925.848s][info][gc,marking     ] GC(297) Concurrent Preclean 0.062ms
[1925.848s][info][gc,start       ] GC(297) Pause Remark
[1925.851s][info][gc             ] GC(297) Pause Remark 1624M->1624M(4096M) 3.214ms
[1925.851s][info][gc,cpu         ] GC(297) User=0.01s Sys=0.00s Real=0.00s
[1925.851s][info][gc,marking     ] GC(297) Concurrent Mark 558.466ms
[1925.851s][info][gc,marking     ] GC(297) Concurrent Rebuild Remembered Sets and Scrub Regions
[1926.104s][info][gc,marking     ] GC(297) Concurrent Rebuild Remembered Sets and Scrub Regions 252.496ms
[1926.104s][info][gc,start       ] GC(297) Pause Cleanup
[1926.104s][info][gc             ] GC(297) Pause Cleanup 1718M->1718M(4096M) 0.142ms
[1926.104s][info][gc,cpu         ] GC(297) User=0.00s Sys=0.00s Real=0.00s
[1926.104s][info][gc,marking     ] GC(297) Concurrent Clear Claimed Marks
[1926.104s][info][gc,marking     ] GC(297) Concurrent Clear Claimed Marks 0.032ms
[1926.104s][info][gc,marking     ] GC(297) Concurrent Cleanup for Next Mark
[1926.108s][info][gc,marking     ] GC(297) Concurrent Cleanup for Next Mark 3.576ms
[1926.108s][info][gc             ] GC(297) Concurrent Mark Cycle 943.581ms
... (rIR:aIR:PR = 2767:2767:2767) (tPR = 40975) [OK] 
  1928s: Performance info:
         Transaction,    Success,    Partial,     Failed,   Receipts, AvgBarcode, 
             Overall,     166496,          0,          0,     158148,      59.47, 
         Response times:
             Request,    Success,    Partial,     Failed,   SkipFail,     Probes,    Samples,      min,      p50,      p90,      p95,      p99,      max, 
       TotalPurchase,     158147,          0,          0,          0,     154996,     171237,      300,     2400,     3900,     4700,    17100,   180000,
     InStorePurchase,      83296,          0,          0,          0,      81959,      90473,      300,     2400,     3900,     4600,    16100,   180000,
      OnlinePurchase,      58198,          0,          0,          0,      56932,      62696,      300,     2600,     3900,     4800,    18800,   180000,
        InstPurchase,      16653,          0,          0,          0,      16105,      18068,      400,     2200,     3900,     4700,    16000,   165000,
          AssocOfCat,        166,          0,          0,          0,        119,        176,    20000,    31000,    45600,    51000,    60460,    62000,
      AssocOfProduct,       1666,          0,          0,          0,       1483,       1781,      500,     2600,     3800,     4800,    22000,   140000,
      BusinessReport,        415,          0,          0,          0,        337,        441,    23000,    34000,    49000,    60000,   140820,   196000,
          CustBuyBeh,       1672,          0,          0,          0,       1489,       1768,      200,     2800,     4000,     5000,    21000,   141000,
       ProductReturn,       4429,          0,          0,          0,       4118,       4765,      200,     1800,     3700,     4600,    22000,   140000,

  1928s: (21%)   IR =   2906 ...[1931.878s][info][gc,start       ] GC(298) Pause Young (Prepare Mixed) (G1 Evacuation Pause)
[1931.878s][info][gc,task        ] GC(298) Using 6 workers of 6 for evacuation
[1932.000s][info][gc,phases      ] GC(298)   Pre Evacuate Collection Set: 0.35ms
[1932.000s][info][gc,phases      ] GC(298)   Merge Heap Roots: 0.58ms
[1932.000s][info][gc,phases      ] GC(298)   Evacuate Collection Set: 120.12ms
[1932.000s][info][gc,phases      ] GC(298)   Post Evacuate Collection Set: 0.98ms
[1932.000s][info][gc,phases      ] GC(298)   Other: 0.09ms
[1932.000s][info][gc,heap        ] GC(298) Eden regions: 1121->0(1105)
[1932.000s][info][gc,heap        ] GC(298) Survivor regions: 107->113(154)
[1932.000s][info][gc,heap        ] GC(298) Old regions: 502->534
[1932.000s][info][gc,heap        ] GC(298) Humongous regions: 80->80
[1932.000s][info][gc,metaspace   ] GC(298) Metaspace: 28899K(29248K)->28899K(29248K) NonClass: 24015K(24128K)->24015K(24128K) Class: 4884K(5120K)->4884K(5120K)
[1932.000s][info][gc             ] GC(298) Pause Young (Prepare Mixed) (G1 Evacuation Pause) 3618M->1451M(4096M) 122.252ms
[1932.000s][info][gc,cpu         ] GC(298) User=0.72s Sys=0.00s Real=0.12s
..|....[1938.291s][info][gc,start       ] GC(299) Pause Young (Mixed) (G1 Evacuation Pause)
[1938.291s][info][gc,task        ] GC(299) Using 6 workers of 6 for evacuation
[1938.425s][info][gc,phases      ] GC(299)   Pre Evacuate Collection Set: 0.42ms
[1938.425s][info][gc,phases      ] GC(299)   Merge Heap Roots: 0.77ms
[1938.425s][info][gc,phases      ] GC(299)   Evacuate Collection Set: 131.30ms
[1938.425s][info][gc,phases      ] GC(299)   Post Evacuate Collection Set: 0.99ms
[1938.425s][info][gc,phases      ] GC(299)   Other: 0.10ms
[1938.425s][info][gc,heap        ] GC(299) Eden regions: 1105->0(1119)
[1938.425s][info][gc,heap        ] GC(299) Survivor regions: 113->109(153)
[1938.425s][info][gc,heap        ] GC(299) Old regions: 534->470
[1938.425s][info][gc,heap        ] GC(299) Humongous regions: 80->80
[1938.425s][info][gc,metaspace   ] GC(299) Metaspace: 28899K(29248K)->28899K(29248K) NonClass: 24015K(24128K)->24015K(24128K) Class: 4884K(5120K)->4884K(5120K)
[1938.425s][info][gc             ] GC(299) Pause Young (Mixed) (G1 Evacuation Pause) 3661M->1315M(4096M) 133.709ms
[1938.425s][info][gc,cpu         ] GC(299) User=0.79s Sys=0.00s Real=0.14s
......[1944.794s][info][gc,start       ] GC(300) Pause Young (Concurrent Start) (G1 Evacuation Pause)
[1944.794s][info][gc,task        ] GC(300) Using 6 workers of 6 for evacuation
[1944.911s][info][gc,phases      ] GC(300)   Pre Evacuate Collection Set: 0.43ms
[1944.911s][info][gc,phases      ] GC(300)   Merge Heap Roots: 0.49ms
[1944.911s][info][gc,phases      ] GC(300)   Evacuate Collection Set: 115.75ms
[1944.911s][info][gc,phases      ] GC(300)   Post Evacuate Collection Set: 0.90ms
[1944.911s][info][gc,phases      ] GC(300)   Other: 0.10ms
[1944.911s][info][gc,heap        ] GC(300) Eden regions: 1119->0(1119)
[1944.911s][info][gc,heap        ] GC(300) Survivor regions: 109->109(154)
[1944.911s][info][gc,heap        ] GC(300) Old regions: 470->503
[1944.911s][info][gc,heap        ] GC(300) Humongous regions: 80->80
[1944.911s][info][gc,metaspace   ] GC(300) Metaspace: 28899K(29248K)->28899K(29248K) NonClass: 24015K(24128K)->24015K(24128K) Class: 4884K(5120K)->4884K(5120K)
[1944.911s][info][gc             ] GC(300) Pause Young (Concurrent Start) (G1 Evacuation Pause) 3553M->1381M(4096M) 117.796ms
[1944.912s][info][gc             ] GC(301) Concurrent Mark Cycle
[1944.912s][info][gc,marking     ] GC(301) Concurrent Scan Root Regions
[1944.912s][info][gc,cpu         ] GC(300) User=0.70s Sys=0.00s Real=0.11s
.[1945.036s][info][gc,marking     ] GC(301) Concurrent Scan Root Regions 123.989ms
[1945.036s][info][gc,marking     ] GC(301) Concurrent Mark
[1945.036s][info][gc,marking     ] GC(301) Concurrent Mark From Roots
[1945.036s][info][gc,task        ] GC(301) Using 2 workers of 2 for marking
[1945.625s][info][gc,marking     ] GC(301) Concurrent Mark From Roots 589.694ms
[1945.625s][info][gc,marking     ] GC(301) Concurrent Preclean
[1945.625s][info][gc,marking     ] GC(301) Concurrent Preclean 0.073ms
[1945.626s][info][gc,start       ] GC(301) Pause Remark
[1945.629s][info][gc             ] GC(301) Pause Remark 1669M->1669M(4096M) 3.651ms
[1945.629s][info][gc,cpu         ] GC(301) User=0.02s Sys=0.00s Real=0.00s
[1945.631s][info][gc,marking     ] GC(301) Concurrent Mark 595.013ms
[1945.631s][info][gc,marking     ] GC(301) Concurrent Rebuild Remembered Sets and Scrub Regions
[1945.862s][info][gc,marking     ] GC(301) Concurrent Rebuild Remembered Sets and Scrub Regions 231.690ms
[1945.862s][info][gc,start       ] GC(301) Pause Cleanup
[1945.863s][info][gc             ] GC(301) Pause Cleanup 1759M->1759M(4096M) 0.128ms
[1945.863s][info][gc,cpu         ] GC(301) User=0.00s Sys=0.00s Real=0.00s
[1945.863s][info][gc,marking     ] GC(301) Concurrent Clear Claimed Marks
[1945.863s][info][gc,marking     ] GC(301) Concurrent Clear Claimed Marks 0.028ms
[1945.863s][info][gc,marking     ] GC(301) Concurrent Cleanup for Next Mark
[1945.867s][info][gc,marking     ] GC(301) Concurrent Cleanup for Next Mark 4.117ms
[1945.867s][info][gc             ] GC(301) Concurrent Mark Cycle 955.283ms
......[1951.409s][info][gc,start       ] GC(302) Pause Young (Prepare Mixed) (G1 Evacuation Pause)
[1951.409s][info][gc,task        ] GC(302) Using 6 workers of 6 for evacuation
[1951.531s][info][gc,phases      ] GC(302)   Pre Evacuate Collection Set: 0.39ms
[1951.531s][info][gc,phases      ] GC(302)   Merge Heap Roots: 0.53ms
[1951.531s][info][gc,phases      ] GC(302)   Evacuate Collection Set: 120.41ms
[1951.531s][info][gc,phases      ] GC(302)   Post Evacuate Collection Set: 0.98ms
[1951.531s][info][gc,phases      ] GC(302)   Other: 0.09ms
[1951.531s][info][gc,heap        ] GC(302) Eden regions: 1119->0(1106)
[1951.531s][info][gc,heap        ] GC(302) Survivor regions: 109->112(154)
[1951.531s][info][gc,heap        ] GC(302) Old regions: 503->535
[1951.531s][info][gc,heap        ] GC(302) Humongous regions: 80->80
[1951.531s][info][gc,metaspace   ] GC(302) Metaspace: 28899K(29248K)->28899K(29248K) NonClass: 24015K(24128K)->24015K(24128K) Class: 4884K(5120K)->4884K(5120K)
[1951.531s][info][gc             ] GC(302) Pause Young (Prepare Mixed) (G1 Evacuation Pause) 3619M->1453M(4096M) 122.548ms
[1951.531s][info][gc,cpu         ] GC(302) User=0.72s Sys=0.00s Real=0.12s
......[1957.780s][info][gc,start       ] GC(303) Pause Young (Mixed) (G1 Evacuation Pause)
[1957.780s][info][gc,task        ] GC(303) Using 6 workers of 6 for evacuation
[1957.913s][info][gc,phases      ] GC(303)   Pre Evacuate Collection Set: 0.41ms
[1957.913s][info][gc,phases      ] GC(303)   Merge Heap Roots: 0.82ms
[1957.913s][info][gc,phases      ] GC(303)   Evacuate Collection Set: 130.69ms
[1957.913s][info][gc,phases      ] GC(303)   Post Evacuate Collection Set: 0.98ms
[1957.913s][info][gc,phases      ] GC(303)   Other: 0.09ms
[1957.913s][info][gc,heap        ] GC(303) Eden regions: 1106->0(1120)
[1957.913s][info][gc,heap        ] GC(303) Survivor regions: 112->108(153)
[1957.913s][info][gc,heap        ] GC(303) Old regions: 535->472
[1957.913s][info][gc,heap        ] GC(303) Humongous regions: 80->80
[1957.913s][info][gc,metaspace   ] GC(303) Metaspace: 28899K(29248K)->28899K(29248K) NonClass: 24015K(24128K)->24015K(24128K) Class: 4884K(5120K)->4884K(5120K)
[1957.913s][info][gc             ] GC(303) Pause Young (Mixed) (G1 Evacuation Pause) 3665M->1318M(4096M) 133.139ms
[1957.913s][info][gc,cpu         ] GC(303) User=0.79s Sys=0.00s Real=0.14s
.......[1964.443s][info][gc,start       ] GC(304) Pause Young (Concurrent Start) (G1 Evacuation Pause)
[1964.443s][info][gc,task        ] GC(304) Using 6 workers of 6 for evacuation
[1964.563s][info][gc,phases      ] GC(304)   Pre Evacuate Collection Set: 0.42ms
[1964.563s][info][gc,phases      ] GC(304)   Merge Heap Roots: 0.50ms
[1964.563s][info][gc,phases      ] GC(304)   Evacuate Collection Set: 118.31ms
[1964.563s][info][gc,phases      ] GC(304)   Post Evacuate Collection Set: 0.89ms
[1964.563s][info][gc,phases      ] GC(304)   Other: 0.11ms
[1964.563s][info][gc,heap        ] GC(304) Eden regions: 1120->0(1117)
[1964.563s][info][gc,heap        ] GC(304) Survivor regions: 108->111(154)
[1964.563s][info][gc,heap        ] GC(304) Old regions: 472->504
[1964.563s][info][gc,heap        ] GC(304) Humongous regions: 80->80
[1964.563s][info][gc,metaspace   ] GC(304) Metaspace: 28899K(29248K)->28899K(29248K) NonClass: 24015K(24128K)->24015K(24128K) Class: 4884K(5120K)->4884K(5120K)
[1964.563s][info][gc             ] GC(304) Pause Young (Concurrent Start) (G1 Evacuation Pause) 3558M->1388M(4096M) 120.371ms
[1964.563s][info][gc             ] GC(305) Concurrent Mark Cycle
[1964.563s][info][gc,marking     ] GC(305) Concurrent Scan Root Regions
[1964.563s][info][gc,cpu         ] GC(304) User=0.71s Sys=0.00s Real=0.12s
[1964.705s][info][gc,marking     ] GC(305) Concurrent Scan Root Regions 141.636ms
[1964.705s][info][gc,marking     ] GC(305) Concurrent Mark
[1964.705s][info][gc,marking     ] GC(305) Concurrent Mark From Roots
[1964.705s][info][gc,task        ] GC(305) Using 2 workers of 2 for marking
.[1965.316s][info][gc,marking     ] GC(305) Concurrent Mark From Roots 610.545ms
[1965.316s][info][gc,marking     ] GC(305) Concurrent Preclean
[1965.316s][info][gc,marking     ] GC(305) Concurrent Preclean 0.080ms
[1965.318s][info][gc,start       ] GC(305) Pause Remark
[1965.321s][info][gc             ] GC(305) Pause Remark 1720M->1720M(4096M) 3.356ms
[1965.321s][info][gc,cpu         ] GC(305) User=0.02s Sys=0.00s Real=0.00s
[1965.321s][info][gc,marking     ] GC(305) Concurrent Mark 616.453ms
[1965.321s][info][gc,marking     ] GC(305) Concurrent Rebuild Remembered Sets and Scrub Regions
[1965.528s][info][gc,marking     ] GC(305) Concurrent Rebuild Remembered Sets and Scrub Regions 206.263ms
[1965.528s][info][gc,start       ] GC(305) Pause Cleanup
[1965.528s][info][gc             ] GC(305) Pause Cleanup 1798M->1798M(4096M) 0.135ms
[1965.528s][info][gc,cpu         ] GC(305) User=0.00s Sys=0.00s Real=0.00s
[1965.528s][info][gc,marking     ] GC(305) Concurrent Clear Claimed Marks
[1965.528s][info][gc,marking     ] GC(305) Concurrent Clear Claimed Marks 0.027ms
[1965.528s][info][gc,marking     ] GC(305) Concurrent Cleanup for Next Mark
[1965.531s][info][gc,marking     ] GC(305) Concurrent Cleanup for Next Mark 3.207ms
[1965.531s][info][gc             ] GC(305) Concurrent Mark Cycle 968.093ms
.....[1970.821s][info][gc,start       ] GC(306) Pause Young (Prepare Mixed) (G1 Evacuation Pause)
[1970.821s][info][gc,task        ] GC(306) Using 6 workers of 6 for evacuation
[1970.940s][info][gc,phases      ] GC(306)   Pre Evacuate Collection Set: 0.37ms
[1970.940s][info][gc,phases      ] GC(306)   Merge Heap Roots: 0.63ms
[1970.940s][info][gc,phases      ] GC(306)   Evacuate Collection Set: 116.86ms
[1970.940s][info][gc,phases      ] GC(306)   Post Evacuate Collection Set: 0.95ms
[1970.940s][info][gc,phases      ] GC(306)   Other: 0.10ms
[1970.940s][info][gc,heap        ] GC(306) Eden regions: 1117->0(1112)
[1970.940s][info][gc,heap        ] GC(306) Survivor regions: 111->109(154)
[1970.940s][info][gc,heap        ] GC(306) Old regions: 504->535
[1970.940s][info][gc,heap        ] GC(306) Humongous regions: 80->80
[1970.940s][info][gc,metaspace   ] GC(306) Metaspace: 28899K(29248K)->28899K(29248K) NonClass: 24015K(24128K)->24015K(24128K) Class: 4884K(5120K)->4884K(5120K)
[1970.940s][info][gc             ] GC(306) Pause Young (Prepare Mixed) (G1 Evacuation Pause) 3622M->1445M(4096M) 119.043ms
[1970.940s][info][gc,cpu         ] GC(306) User=0.70s Sys=0.00s Real=0.12s
.......[1977.354s][info][gc,start       ] GC(307) Pause Young (Mixed) (G1 Evacuation Pause)
[1977.354s][info][gc,task        ] GC(307) Using 6 workers of 6 for evacuation
[1977.486s][info][gc,phases      ] GC(307)   Pre Evacuate Collection Set: 0.43ms
[1977.486s][info][gc,phases      ] GC(307)   Merge Heap Roots: 0.71ms
[1977.486s][info][gc,phases      ] GC(307)   Evacuate Collection Set: 129.80ms
[1977.486s][info][gc,phases      ] GC(307)   Post Evacuate Collection Set: 0.97ms
[1977.486s][info][gc,phases      ] GC(307)   Other: 0.09ms
[1977.486s][info][gc,heap        ] GC(307) Eden regions: 1112->0(1120)
[1977.486s][info][gc,heap        ] GC(307) Survivor regions: 109->108(153)
[1977.486s][info][gc,heap        ] GC(307) Old regions: 535->470
[1977.486s][info][gc,heap        ] GC(307) Humongous regions: 80->80
[1977.486s][info][gc,metaspace   ] GC(307) Metaspace: 28899K(29248K)->28899K(29248K) NonClass: 24015K(24128K)->24015K(24128K) Class: 4884K(5120K)->4884K(5120K)
[1977.486s][info][gc             ] GC(307) Pause Young (Mixed) (G1 Evacuation Pause) 3669M->1314M(4096M) 132.167ms
[1977.486s][info][gc,cpu         ] GC(307) User=0.78s Sys=0.00s Real=0.13s
......[1983.835s][info][gc,start       ] GC(308) Pause Young (Concurrent Start) (G1 Evacuation Pause)
[1983.835s][info][gc,task        ] GC(308) Using 6 workers of 6 for evacuation
[1983.954s][info][gc,phases      ] GC(308)   Pre Evacuate Collection Set: 0.46ms
[1983.954s][info][gc,phases      ] GC(308)   Merge Heap Roots: 0.56ms
[1983.954s][info][gc,phases      ] GC(308)   Evacuate Collection Set: 116.55ms
[1983.954s][info][gc,phases      ] GC(308)   Post Evacuate Collection Set: 0.93ms
[1983.954s][info][gc,phases      ] GC(308)   Other: 0.13ms
[1983.954s][info][gc,heap        ] GC(308) Eden regions: 1120->0(1119)
[1983.954s][info][gc,heap        ] GC(308) Survivor regions: 108->109(154)
[1983.954s][info][gc,heap        ] GC(308) Old regions: 470->502
[1983.954s][info][gc,heap        ] GC(308) Humongous regions: 80->80
[1983.954s][info][gc,metaspace   ] GC(308) Metaspace: 28899K(29248K)->28899K(29248K) NonClass: 24015K(24128K)->24015K(24128K) Class: 4884K(5120K)->4884K(5120K)
[1983.954s][info][gc             ] GC(308) Pause Young (Concurrent Start) (G1 Evacuation Pause) 3554M->1380M(4096M) 118.755ms
[1983.954s][info][gc             ] GC(309) Concurrent Mark Cycle
[1983.954s][info][gc,marking     ] GC(309) Concurrent Scan Root Regions
[1983.954s][info][gc,cpu         ] GC(308) User=0.71s Sys=0.00s Real=0.12s
.[1984.097s][info][gc,marking     ] GC(309) Concurrent Scan Root Regions 143.452ms
[1984.097s][info][gc,marking     ] GC(309) Concurrent Mark
[1984.097s][info][gc,marking     ] GC(309) Concurrent Mark From Roots
[1984.097s][info][gc,task        ] GC(309) Using 2 workers of 2 for marking
[1984.705s][info][gc,marking     ] GC(309) Concurrent Mark From Roots 608.283ms
[1984.705s][info][gc,marking     ] GC(309) Concurrent Preclean
[1984.706s][info][gc,marking     ] GC(309) Concurrent Preclean 0.055ms
[1984.707s][info][gc,start       ] GC(309) Pause Remark
[1984.710s][info][gc             ] GC(309) Pause Remark 1677M->1675M(4096M) 3.768ms
[1984.710s][info][gc,cpu         ] GC(309) User=0.02s Sys=0.00s Real=0.00s
[1984.710s][info][gc,marking     ] GC(309) Concurrent Mark 613.255ms
[1984.710s][info][gc,marking     ] GC(309) Concurrent Rebuild Remembered Sets and Scrub Regions
[1984.939s][info][gc,marking     ] GC(309) Concurrent Rebuild Remembered Sets and Scrub Regions 228.726ms
[1984.939s][info][gc,start       ] GC(309) Pause Cleanup
[1984.939s][info][gc             ] GC(309) Pause Cleanup 1753M->1753M(4096M) 0.128ms
[1984.939s][info][gc,cpu         ] GC(309) User=0.00s Sys=0.00s Real=0.00s
[1984.940s][info][gc,marking     ] GC(309) Concurrent Clear Claimed Marks
[1984.940s][info][gc,marking     ] GC(309) Concurrent Clear Claimed Marks 0.034ms
[1984.940s][info][gc,marking     ] GC(309) Concurrent Cleanup for Next Mark
[1984.945s][info][gc,marking     ] GC(309) Concurrent Cleanup for Next Mark 5.239ms
[1984.945s][info][gc             ] GC(309) Concurrent Mark Cycle 991.434ms
......[1990.488s][info][gc,start       ] GC(310) Pause Young (Prepare Mixed) (G1 Evacuation Pause)
[1990.488s][info][gc,task        ] GC(310) Using 6 workers of 6 for evacuation
[1990.606s][info][gc,phases      ] GC(310)   Pre Evacuate Collection Set: 0.37ms
[1990.606s][info][gc,phases      ] GC(310)   Merge Heap Roots: 0.57ms
[1990.606s][info][gc,phases      ] GC(310)   Evacuate Collection Set: 116.55ms
[1990.606s][info][gc,phases      ] GC(310)   Post Evacuate Collection Set: 0.98ms
[1990.606s][info][gc,phases      ] GC(310)   Other: 0.09ms
[1990.606s][info][gc,heap        ] GC(310) Eden regions: 1119->0(1114)
[1990.606s][info][gc,heap        ] GC(310) Survivor regions: 109->109(154)
[1990.606s][info][gc,heap        ] GC(310) Old regions: 501->533
[1990.606s][info][gc,heap        ] GC(310) Humongous regions: 80->80
[1990.606s][info][gc,metaspace   ] GC(310) Metaspace: 28899K(29248K)->28899K(29248K) NonClass: 24015K(24128K)->24015K(24128K) Class: 4884K(5120K)->4884K(5120K)
[1990.606s][info][gc             ] GC(310) Pause Young (Prepare Mixed) (G1 Evacuation Pause) 3616M->1442M(4096M) 118.713ms
[1990.607s][info][gc,cpu         ] GC(310) User=0.70s Sys=0.00s Real=0.12s
.... (rIR:aIR:PR = 2906:2907:2907) (tPR = 43139) [OK] 
  1993s: Performance info:
         Transaction,    Success,    Partial,     Failed,   Receipts, AvgBarcode, 
             Overall,     174712,          0,          0,     165974,      59.48, 
         Response times:
             Request,    Success,    Partial,     Failed,   SkipFail,     Probes,    Samples,      min,      p50,      p90,      p95,      p99,      max, 
       TotalPurchase,     165974,          0,          0,          0,     162184,     177337,      300,     2500,     4100,     5000,    18800,   177000,
     InStorePurchase,      87327,          0,          0,          0,      85431,      93206,      300,     2500,     4100,     5000,    19000,   143000,
      OnlinePurchase,      61160,          0,          0,          0,      59812,      65365,      300,     2600,     4100,     5000,    19600,   177000,
        InstPurchase,      17487,          0,          0,          0,      16941,      18766,      400,     2100,     3800,     4600,    14633,   150000,
          AssocOfCat,        177,          0,          0,          0,        133,        177,    18800,    30000,    39000,    48100,    61860,    72000,
      AssocOfProduct,       1742,          0,          0,          0,       1582,       1913,      600,     3000,     4200,     5630,    15644,   125000,
      BusinessReport,        439,          0,          0,          0,        326,        446,    22000,    34000,    44300,    56000,    70000,   199000,
          CustBuyBeh,       1753,          0,          0,          0,       1597,       1891,      200,     2700,     4300,     5600,    17724,   131000,
       ProductReturn,       4627,          0,          0,          0,       4337,       4941,      300,     2400,     4100,     5300,    18916,   139000,

  1993s: (22%)   IR =   3044 ..[1996.696s][info][gc,start       ] GC(311) Pause Young (Mixed) (G1 Evacuation Pause)
[1996.696s][info][gc,task        ] GC(311) Using 6 workers of 6 for evacuation
[1996.831s][info][gc,phases      ] GC(311)   Pre Evacuate Collection Set: 0.40ms
[1996.831s][info][gc,phases      ] GC(311)   Merge Heap Roots: 0.72ms
[1996.831s][info][gc,phases      ] GC(311)   Evacuate Collection Set: 133.34ms
[1996.831s][info][gc,phases      ] GC(311)   Post Evacuate Collection Set: 1.01ms
[1996.831s][info][gc,phases      ] GC(311)   Other: 0.09ms
[1996.831s][info][gc,heap        ] GC(311) Eden regions: 1114->0(1116)
[1996.831s][info][gc,heap        ] GC(311) Survivor regions: 109->112(153)
[1996.831s][info][gc,heap        ] GC(311) Old regions: 533->471
[1996.831s][info][gc,heap        ] GC(311) Humongous regions: 80->80
[1996.831s][info][gc,metaspace   ] GC(311) Metaspace: 28899K(29248K)->28899K(29248K) NonClass: 24015K(24128K)->24015K(24128K) Class: 4884K(5120K)->4884K(5120K)
[1996.831s][info][gc             ] GC(311) Pause Young (Mixed) (G1 Evacuation Pause) 3670M->1325M(4096M) 135.696ms
[1996.831s][info][gc,cpu         ] GC(311) User=0.79s Sys=0.00s Real=0.13s
..|....[2002.944s][info][gc,start       ] GC(312) Pause Young (Concurrent Start) (G1 Evacuation Pause)
[2002.944s][info][gc,task        ] GC(312) Using 6 workers of 6 for evacuation
[2003.063s][info][gc,phases      ] GC(312)   Pre Evacuate Collection Set: 0.42ms
[2003.063s][info][gc,phases      ] GC(312)   Merge Heap Roots: 0.57ms
[2003.063s][info][gc,phases      ] GC(312)   Evacuate Collection Set: 116.12ms
[2003.063s][info][gc,phases      ] GC(312)   Post Evacuate Collection Set: 0.92ms
[2003.063s][info][gc,phases      ] GC(312)   Other: 0.14ms
[2003.063s][info][gc,heap        ] GC(312) Eden regions: 1116->0(1120)
[2003.063s][info][gc,heap        ] GC(312) Survivor regions: 112->108(154)
[2003.063s][info][gc,heap        ] GC(312) Old regions: 471->504
[2003.063s][info][gc,heap        ] GC(312) Humongous regions: 80->80
[2003.063s][info][gc,metaspace   ] GC(312) Metaspace: 28899K(29248K)->28899K(29248K) NonClass: 24015K(24128K)->24015K(24128K) Class: 4884K(5120K)->4884K(5120K)
[2003.063s][info][gc             ] GC(312) Pause Young (Concurrent Start) (G1 Evacuation Pause) 3557M->1383M(4096M) 118.305ms
[2003.063s][info][gc             ] GC(313) Concurrent Mark Cycle
[2003.063s][info][gc,marking     ] GC(313) Concurrent Scan Root Regions
[2003.063s][info][gc,cpu         ] GC(312) User=0.70s Sys=0.00s Real=0.12s
.[2003.233s][info][gc,marking     ] GC(313) Concurrent Scan Root Regions 169.683ms
[2003.233s][info][gc,marking     ] GC(313) Concurrent Mark
[2003.233s][info][gc,marking     ] GC(313) Concurrent Mark From Roots
[2003.233s][info][gc,task        ] GC(313) Using 2 workers of 2 for marking
.[2004.206s][info][gc,marking     ] GC(313) Concurrent Mark From Roots 973.160ms
[2004.206s][info][gc,marking     ] GC(313) Concurrent Preclean
[2004.206s][info][gc,marking     ] GC(313) Concurrent Preclean 0.065ms
[2004.206s][info][gc,start       ] GC(313) Pause Remark
[2004.210s][info][gc             ] GC(313) Pause Remark 1849M->1849M(4096M) 4.380ms
[2004.210s][info][gc,cpu         ] GC(313) User=0.03s Sys=0.00s Real=0.00s
[2004.210s][info][gc,marking     ] GC(313) Concurrent Mark 977.881ms
[2004.210s][info][gc,marking     ] GC(313) Concurrent Rebuild Remembered Sets and Scrub Regions
[2004.564s][info][gc,marking     ] GC(313) Concurrent Rebuild Remembered Sets and Scrub Regions 353.626ms
[2004.564s][info][gc,start       ] GC(313) Pause Cleanup
[2004.564s][info][gc             ] GC(313) Pause Cleanup 1971M->1971M(4096M) 0.132ms
[2004.564s][info][gc,cpu         ] GC(313) User=0.00s Sys=0.00s Real=0.00s
[2004.564s][info][gc,marking     ] GC(313) Concurrent Clear Claimed Marks
[2004.564s][info][gc,marking     ] GC(313) Concurrent Clear Claimed Marks 0.026ms
[2004.564s][info][gc,marking     ] GC(313) Concurrent Cleanup for Next Mark
[2004.568s][info][gc,marking     ] GC(313) Concurrent Cleanup for Next Mark 3.250ms
[2004.568s][info][gc             ] GC(313) Concurrent Mark Cycle 1504.896ms
.....[2009.135s][info][gc,start       ] GC(314) Pause Young (Prepare Mixed) (G1 Evacuation Pause)
[2009.135s][info][gc,task        ] GC(314) Using 6 workers of 6 for evacuation
[2009.252s][info][gc,phases      ] GC(314)   Pre Evacuate Collection Set: 0.39ms
[2009.252s][info][gc,phases      ] GC(314)   Merge Heap Roots: 0.67ms
[2009.252s][info][gc,phases      ] GC(314)   Evacuate Collection Set: 114.72ms
[2009.252s][info][gc,phases      ] GC(314)   Post Evacuate Collection Set: 0.98ms
[2009.252s][info][gc,phases      ] GC(314)   Other: 0.09ms
[2009.252s][info][gc,heap        ] GC(314) Eden regions: 1120->0(1116)
[2009.252s][info][gc,heap        ] GC(314) Survivor regions: 108->107(154)
[2009.252s][info][gc,heap        ] GC(314) Old regions: 504->535
[2009.252s][info][gc,heap        ] GC(314) Humongous regions: 80->80
[2009.252s][info][gc,metaspace   ] GC(314) Metaspace: 28899K(29248K)->28899K(29248K) NonClass: 24015K(24128K)->24015K(24128K) Class: 4884K(5120K)->4884K(5120K)
[2009.252s][info][gc             ] GC(314) Pause Young (Prepare Mixed) (G1 Evacuation Pause) 3623M->1443M(4096M) 116.986ms
[2009.252s][info][gc,cpu         ] GC(314) User=0.69s Sys=0.00s Real=0.12s
......[2015.402s][info][gc,start       ] GC(315) Pause Young (Mixed) (G1 Evacuation Pause)
[2015.402s][info][gc,task        ] GC(315) Using 6 workers of 6 for evacuation
[2015.535s][info][gc,phases      ] GC(315)   Pre Evacuate Collection Set: 0.43ms
[2015.535s][info][gc,phases      ] GC(315)   Merge Heap Roots: 0.79ms
[2015.535s][info][gc,phases      ] GC(315)   Evacuate Collection Set: 131.13ms
[2015.535s][info][gc,phases      ] GC(315)   Post Evacuate Collection Set: 0.98ms
[2015.535s][info][gc,phases      ] GC(315)   Other: 0.11ms
[2015.535s][info][gc,heap        ] GC(315) Eden regions: 1116->0(1119)
[2015.535s][info][gc,heap        ] GC(315) Survivor regions: 107->109(153)
[2015.535s][info][gc,heap        ] GC(315) Old regions: 535->472
[2015.535s][info][gc,heap        ] GC(315) Humongous regions: 80->80
[2015.535s][info][gc,metaspace   ] GC(315) Metaspace: 28899K(29248K)->28899K(29248K) NonClass: 24015K(24128K)->24015K(24128K) Class: 4884K(5120K)->4884K(5120K)
[2015.535s][info][gc             ] GC(315) Pause Young (Mixed) (G1 Evacuation Pause) 3675M->1320M(4096M) 133.571ms
[2015.536s][info][gc,cpu         ] GC(315) User=0.79s Sys=0.00s Real=0.14s
......[2021.585s][info][gc,start       ] GC(316) Pause Young (Concurrent Start) (G1 Evacuation Pause)
[2021.585s][info][gc,task        ] GC(316) Using 6 workers of 6 for evacuation
[2021.702s][info][gc,phases      ] GC(316)   Pre Evacuate Collection Set: 0.44ms
[2021.702s][info][gc,phases      ] GC(316)   Merge Heap Roots: 0.51ms
[2021.702s][info][gc,phases      ] GC(316)   Evacuate Collection Set: 114.49ms
[2021.702s][info][gc,phases      ] GC(316)   Post Evacuate Collection Set: 0.93ms
[2021.702s][info][gc,phases      ] GC(316)   Other: 0.13ms
[2021.702s][info][gc,heap        ] GC(316) Eden regions: 1119->0(1119)
[2021.702s][info][gc,heap        ] GC(316) Survivor regions: 109->109(154)
[2021.702s][info][gc,heap        ] GC(316) Old regions: 472->503
[2021.702s][info][gc,heap        ] GC(316) Humongous regions: 80->80
[2021.702s][info][gc,metaspace   ] GC(316) Metaspace: 28899K(29248K)->28899K(29248K) NonClass: 24015K(24128K)->24015K(24128K) Class: 4884K(5120K)->4884K(5120K)
[2021.702s][info][gc             ] GC(316) Pause Young (Concurrent Start) (G1 Evacuation Pause) 3558M->1383M(4096M) 116.652ms
[2021.702s][info][gc             ] GC(317) Concurrent Mark Cycle
[2021.702s][info][gc,marking     ] GC(317) Concurrent Scan Root Regions
[2021.702s][info][gc,cpu         ] GC(316) User=0.69s Sys=0.00s Real=0.11s
[2021.877s][info][gc,marking     ] GC(317) Concurrent Scan Root Regions 175.052ms
[2021.877s][info][gc,marking     ] GC(317) Concurrent Mark
[2021.877s][info][gc,marking     ] GC(317) Concurrent Mark From Roots
[2021.877s][info][gc,task        ] GC(317) Using 2 workers of 2 for marking
.[2022.806s][info][gc,marking     ] GC(317) Concurrent Mark From Roots 928.737ms
[2022.806s][info][gc,marking     ] GC(317) Concurrent Preclean
[2022.806s][info][gc,marking     ] GC(317) Concurrent Preclean 0.049ms
[2022.806s][info][gc,start       ] GC(317) Pause Remark
[2022.811s][info][gc             ] GC(317) Pause Remark 1823M->1823M(4096M) 4.775ms
[2022.811s][info][gc,cpu         ] GC(317) User=0.03s Sys=0.00s Real=0.00s
[2022.811s][info][gc,marking     ] GC(317) Concurrent Mark 933.836ms
[2022.811s][info][gc,marking     ] GC(317) Concurrent Rebuild Remembered Sets and Scrub Regions
.[2023.083s][info][gc,marking     ] GC(317) Concurrent Rebuild Remembered Sets and Scrub Regions 271.880ms
[2023.083s][info][gc,start       ] GC(317) Pause Cleanup
[2023.083s][info][gc             ] GC(317) Pause Cleanup 1921M->1921M(4096M) 0.143ms
[2023.083s][info][gc,cpu         ] GC(317) User=0.00s Sys=0.00s Real=0.00s
[2023.083s][info][gc,marking     ] GC(317) Concurrent Clear Claimed Marks
[2023.083s][info][gc,marking     ] GC(317) Concurrent Clear Claimed Marks 0.038ms
[2023.083s][info][gc,marking     ] GC(317) Concurrent Cleanup for Next Mark
[2023.087s][info][gc,marking     ] GC(317) Concurrent Cleanup for Next Mark 3.763ms
[2023.087s][info][gc             ] GC(317) Concurrent Mark Cycle 1385.049ms
....[2027.795s][info][gc,start       ] GC(318) Pause Young (Prepare Mixed) (G1 Evacuation Pause)
[2027.795s][info][gc,task        ] GC(318) Using 6 workers of 6 for evacuation
[2027.917s][info][gc,phases      ] GC(318)   Pre Evacuate Collection Set: 0.36ms
[2027.917s][info][gc,phases      ] GC(318)   Merge Heap Roots: 0.58ms
[2027.917s][info][gc,phases      ] GC(318)   Evacuate Collection Set: 119.77ms
[2027.917s][info][gc,phases      ] GC(318)   Post Evacuate Collection Set: 0.95ms
[2027.917s][info][gc,phases      ] GC(318)   Other: 0.11ms
[2027.917s][info][gc,heap        ] GC(318) Eden regions: 1119->0(1107)
[2027.917s][info][gc,heap        ] GC(318) Survivor regions: 109->111(154)
[2027.917s][info][gc,heap        ] GC(318) Old regions: 503->536
[2027.917s][info][gc,heap        ] GC(318) Humongous regions: 80->80
[2027.917s][info][gc,metaspace   ] GC(318) Metaspace: 28899K(29248K)->28899K(29248K) NonClass: 24015K(24128K)->24015K(24128K) Class: 4884K(5120K)->4884K(5120K)
[2027.917s][info][gc             ] GC(318) Pause Young (Prepare Mixed) (G1 Evacuation Pause) 3621M->1452M(4096M) 121.909ms
[2027.917s][info][gc,cpu         ] GC(318) User=0.72s Sys=0.00s Real=0.12s
......[2033.998s][info][gc,start       ] GC(319) Pause Young (Mixed) (G1 Evacuation Pause)
[2033.998s][info][gc,task        ] GC(319) Using 6 workers of 6 for evacuation
[2034.132s][info][gc,phases      ] GC(319)   Pre Evacuate Collection Set: 0.39ms
[2034.132s][info][gc,phases      ] GC(319)   Merge Heap Roots: 0.74ms
[2034.132s][info][gc,phases      ] GC(319)   Evacuate Collection Set: 132.59ms
[2034.132s][info][gc,phases      ] GC(319)   Post Evacuate Collection Set: 0.97ms
[2034.132s][info][gc,phases      ] GC(319)   Other: 0.09ms
[2034.132s][info][gc,heap        ] GC(319) Eden regions: 1107->0(1119)
[2034.132s][info][gc,heap        ] GC(319) Survivor regions: 111->109(153)
[2034.132s][info][gc,heap        ] GC(319) Old regions: 536->471
[2034.132s][info][gc,heap        ] GC(319) Humongous regions: 80->80
[2034.132s][info][gc,metaspace   ] GC(319) Metaspace: 28899K(29248K)->28899K(29248K) NonClass: 24015K(24128K)->24015K(24128K) Class: 4884K(5120K)->4884K(5120K)
[2034.133s][info][gc             ] GC(319) Pause Young (Mixed) (G1 Evacuation Pause) 3666M->1319M(4096M) 134.896ms
[2034.133s][info][gc,cpu         ] GC(319) User=0.80s Sys=0.00s Real=0.14s
.......[2040.262s][info][gc,start       ] GC(320) Pause Young (Concurrent Start) (G1 Evacuation Pause)
[2040.262s][info][gc,task        ] GC(320) Using 6 workers of 6 for evacuation
[2040.380s][info][gc,phases      ] GC(320)   Pre Evacuate Collection Set: 0.41ms
[2040.380s][info][gc,phases      ] GC(320)   Merge Heap Roots: 0.60ms
[2040.380s][info][gc,phases      ] GC(320)   Evacuate Collection Set: 115.87ms
[2040.380s][info][gc,phases      ] GC(320)   Post Evacuate Collection Set: 0.91ms
[2040.380s][info][gc,phases      ] GC(320)   Other: 0.11ms
[2040.380s][info][gc,heap        ] GC(320) Eden regions: 1119->0(1121)
[2040.380s][info][gc,heap        ] GC(320) Survivor regions: 109->107(154)
[2040.380s][info][gc,heap        ] GC(320) Old regions: 471->504
[2040.380s][info][gc,heap        ] GC(320) Humongous regions: 80->80
[2040.380s][info][gc,metaspace   ] GC(320) Metaspace: 28899K(29248K)->28899K(29248K) NonClass: 24015K(24128K)->24015K(24128K) Class: 4884K(5120K)->4884K(5120K)
[2040.380s][info][gc             ] GC(320) Pause Young (Concurrent Start) (G1 Evacuation Pause) 3557M->1380M(4096M) 118.031ms
[2040.380s][info][gc             ] GC(321) Concurrent Mark Cycle
[2040.380s][info][gc,marking     ] GC(321) Concurrent Scan Root Regions
[2040.381s][info][gc,cpu         ] GC(320) User=0.70s Sys=0.00s Real=0.11s
[2040.534s][info][gc,marking     ] GC(321) Concurrent Scan Root Regions 153.521ms
[2040.534s][info][gc,marking     ] GC(321) Concurrent Mark
[2040.534s][info][gc,marking     ] GC(321) Concurrent Mark From Roots
[2040.534s][info][gc,task        ] GC(321) Using 2 workers of 2 for marking
.[2041.174s][info][gc,marking     ] GC(321) Concurrent Mark From Roots 640.122ms
[2041.174s][info][gc,marking     ] GC(321) Concurrent Preclean
[2041.174s][info][gc,marking     ] GC(321) Concurrent Preclean 0.043ms
[2041.174s][info][gc,start       ] GC(321) Pause Remark
[2041.178s][info][gc             ] GC(321) Pause Remark 1700M->1700M(4096M) 3.665ms
[2041.178s][info][gc,cpu         ] GC(321) User=0.02s Sys=0.00s Real=0.00s
[2041.178s][info][gc,marking     ] GC(321) Concurrent Mark 644.111ms
[2041.178s][info][gc,marking     ] GC(321) Concurrent Rebuild Remembered Sets and Scrub Regions
[2041.533s][info][gc,marking     ] GC(321) Concurrent Rebuild Remembered Sets and Scrub Regions 354.978ms
[2041.533s][info][gc,start       ] GC(321) Pause Cleanup
[2041.533s][info][gc             ] GC(321) Pause Cleanup 1850M->1850M(4096M) 0.133ms
[2041.533s][info][gc,cpu         ] GC(321) User=0.00s Sys=0.00s Real=0.00s
[2041.534s][info][gc,marking     ] GC(321) Concurrent Clear Claimed Marks
[2041.534s][info][gc,marking     ] GC(321) Concurrent Clear Claimed Marks 0.032ms
[2041.534s][info][gc,marking     ] GC(321) Concurrent Cleanup for Next Mark
[2041.538s][info][gc,marking     ] GC(321) Concurrent Cleanup for Next Mark 4.088ms
[2041.538s][info][gc             ] GC(321) Concurrent Mark Cycle 1157.220ms
.....[2046.497s][info][gc,start       ] GC(322) Pause Young (Prepare Mixed) (G1 Evacuation Pause)
[2046.498s][info][gc,task        ] GC(322) Using 6 workers of 6 for evacuation
[2046.615s][info][gc,phases      ] GC(322)   Pre Evacuate Collection Set: 0.38ms
[2046.615s][info][gc,phases      ] GC(322)   Merge Heap Roots: 0.59ms
[2046.615s][info][gc,phases      ] GC(322)   Evacuate Collection Set: 115.15ms
[2046.615s][info][gc,phases      ] GC(322)   Post Evacuate Collection Set: 0.96ms
[2046.615s][info][gc,phases      ] GC(322)   Other: 0.08ms
[2046.615s][info][gc,heap        ] GC(322) Eden regions: 1121->0(1112)
[2046.615s][info][gc,heap        ] GC(322) Survivor regions: 107->109(154)
[2046.615s][info][gc,heap        ] GC(322) Old regions: 504->535
[2046.615s][info][gc,heap        ] GC(322) Humongous regions: 80->80
[2046.615s][info][gc,metaspace   ] GC(322) Metaspace: 28899K(29248K)->28899K(29248K) NonClass: 24015K(24128K)->24015K(24128K) Class: 4884K(5120K)->4884K(5120K)
[2046.615s][info][gc             ] GC(322) Pause Young (Prepare Mixed) (G1 Evacuation Pause) 3622M->1447M(4096M) 117.300ms
[2046.615s][info][gc,cpu         ] GC(322) User=0.69s Sys=0.00s Real=0.12s
......[2052.633s][info][gc,start       ] GC(323) Pause Young (Mixed) (G1 Evacuation Pause)
[2052.633s][info][gc,task        ] GC(323) Using 6 workers of 6 for evacuation
[2052.769s][info][gc,phases      ] GC(323)   Pre Evacuate Collection Set: 0.40ms
[2052.769s][info][gc,phases      ] GC(323)   Merge Heap Roots: 0.82ms
[2052.769s][info][gc,phases      ] GC(323)   Evacuate Collection Set: 133.62ms
[2052.769s][info][gc,phases      ] GC(323)   Post Evacuate Collection Set: 0.98ms
[2052.769s][info][gc,phases      ] GC(323)   Other: 0.09ms
[2052.769s][info][gc,heap        ] GC(323) Eden regions: 1112->0(1116)
[2052.769s][info][gc,heap        ] GC(323) Survivor regions: 109->112(153)
[2052.769s][info][gc,heap        ] GC(323) Old regions: 535->472
[2052.769s][info][gc,heap        ] GC(323) Humongous regions: 80->80
[2052.769s][info][gc,metaspace   ] GC(323) Metaspace: 28899K(29248K)->28899K(29248K) NonClass: 24015K(24128K)->24015K(24128K) Class: 4884K(5120K)->4884K(5120K)
[2052.769s][info][gc             ] GC(323) Pause Young (Mixed) (G1 Evacuation Pause) 3671M->1326M(4096M) 136.045ms
[2052.769s][info][gc,cpu         ] GC(323) User=0.80s Sys=0.00s Real=0.13s
...... (rIR:aIR:PR = 3044:3044:3044) (tPR = 45476) [OK] 
  2058s: Performance info:
         Transaction,    Success,    Partial,     Failed,   Receipts, AvgBarcode, 
             Overall,     183180,          0,          0,     174020,      59.48, 
         Response times:
             Request,    Success,    Partial,     Failed,   SkipFail,     Probes,    Samples,      min,      p50,      p90,      p95,      p99,      max, 
       TotalPurchase,     174020,          0,          0,          0,     170487,     182796,      300,     2600,     4300,     5200,    17800,   177000,
     InStorePurchase,      91553,          0,          0,          0,      89982,      96173,      300,     2500,     4200,     5000,    17400,   177000,
      OnlinePurchase,      64151,          0,          0,          0,      62775,      67343,      300,     2800,     4400,     5300,    18356,   140000,
        InstPurchase,      18316,          0,          0,          0,      17730,      19280,      400,     2700,     4300,     5200,    17400,   138000,
          AssocOfCat,        188,          0,          0,          0,        132,        178,    21000,    31000,    42100,    49150,    84360,    97000,
      AssocOfProduct,       1830,          0,          0,          0,       1633,       1869,      800,     3300,     4600,     5550,    22900,   123000,
      BusinessReport,        460,          0,          0,          0,        391,        496,    23000,    34000,    45000,    50150,   157180,   187000,
          CustBuyBeh,       1828,          0,          0,          0,       1705,       1966,      300,     2000,     4200,     5100,    18629,   140000,
       ProductReturn,       4854,          0,          0,          0,       4619,       5142,      200,     1900,     4300,     5300,    16242,   122000,

  2058s: (23%)   IR =   3183 [2058.795s][info][gc,start       ] GC(324) Pause Young (Concurrent Start) (G1 Evacuation Pause)
[2058.795s][info][gc,task        ] GC(324) Using 6 workers of 6 for evacuation
[2058.919s][info][gc,phases      ] GC(324)   Pre Evacuate Collection Set: 0.41ms
[2058.919s][info][gc,phases      ] GC(324)   Merge Heap Roots: 0.61ms
[2058.919s][info][gc,phases      ] GC(324)   Evacuate Collection Set: 121.35ms
[2058.919s][info][gc,phases      ] GC(324)   Post Evacuate Collection Set: 0.92ms
[2058.919s][info][gc,phases      ] GC(324)   Other: 0.13ms
[2058.919s][info][gc,heap        ] GC(324) Eden regions: 1116->0(1115)
[2058.919s][info][gc,heap        ] GC(324) Survivor regions: 112->113(154)
[2058.919s][info][gc,heap        ] GC(324) Old regions: 472->505
[2058.919s][info][gc,heap        ] GC(324) Humongous regions: 80->80
[2058.919s][info][gc,metaspace   ] GC(324) Metaspace: 28900K(29248K)->28900K(29248K) NonClass: 24016K(24128K)->24016K(24128K) Class: 4884K(5120K)->4884K(5120K)
[2058.919s][info][gc             ] GC(324) Pause Young (Concurrent Start) (G1 Evacuation Pause) 3558M->1394M(4096M) 123.544ms
[2058.919s][info][gc             ] GC(325) Concurrent Mark Cycle
[2058.919s][info][gc,marking     ] GC(325) Concurrent Scan Root Regions
[2058.919s][info][gc,cpu         ] GC(324) User=0.73s Sys=0.00s Real=0.12s
[2059.100s][info][gc,marking     ] GC(325) Concurrent Scan Root Regions 180.855ms
[2059.100s][info][gc,marking     ] GC(325) Concurrent Mark
[2059.100s][info][gc,marking     ] GC(325) Concurrent Mark From Roots
[2059.100s][info][gc,task        ] GC(325) Using 2 workers of 2 for marking
.[2060.079s][info][gc,marking     ] GC(325) Concurrent Mark From Roots 978.969ms
[2060.079s][info][gc,marking     ] GC(325) Concurrent Preclean
[2060.079s][info][gc,marking     ] GC(325) Concurrent Preclean 0.074ms
[2060.079s][info][gc,start       ] GC(325) Pause Remark
[2060.084s][info][gc             ] GC(325) Pause Remark 1897M->1897M(4096M) 4.896ms
[2060.084s][info][gc,cpu         ] GC(325) User=0.02s Sys=0.00s Real=0.01s
[2060.084s][info][gc,marking     ] GC(325) Concurrent Mark 984.220ms
[2060.084s][info][gc,marking     ] GC(325) Concurrent Rebuild Remembered Sets and Scrub Regions
.[2060.327s][info][gc,marking     ] GC(325) Concurrent Rebuild Remembered Sets and Scrub Regions 242.790ms
[2060.327s][info][gc,start       ] GC(325) Pause Cleanup
[2060.327s][info][gc             ] GC(325) Pause Cleanup 1980M->1980M(4096M) 0.133ms
[2060.327s][info][gc,cpu         ] GC(325) User=0.00s Sys=0.00s Real=0.00s
[2060.327s][info][gc,marking     ] GC(325) Concurrent Clear Claimed Marks
[2060.327s][info][gc,marking     ] GC(325) Concurrent Clear Claimed Marks 0.028ms
[2060.327s][info][gc,marking     ] GC(325) Concurrent Cleanup for Next Mark
[2060.331s][info][gc,marking     ] GC(325) Concurrent Cleanup for Next Mark 3.796ms
[2060.331s][info][gc             ] GC(325) Concurrent Mark Cycle 1412.175ms
...|.[2064.793s][info][gc,start       ] GC(326) Pause Young (Prepare Mixed) (G1 Evacuation Pause)
[2064.793s][info][gc,task        ] GC(326) Using 6 workers of 6 for evacuation
[2064.913s][info][gc,phases      ] GC(326)   Pre Evacuate Collection Set: 0.35ms
[2064.913s][info][gc,phases      ] GC(326)   Merge Heap Roots: 0.65ms
[2064.913s][info][gc,phases      ] GC(326)   Evacuate Collection Set: 117.99ms
[2064.913s][info][gc,phases      ] GC(326)   Post Evacuate Collection Set: 1.00ms
[2064.913s][info][gc,phases      ] GC(326)   Other: 0.09ms
[2064.913s][info][gc,heap        ] GC(326) Eden regions: 1115->0(1111)
[2064.913s][info][gc,heap        ] GC(326) Survivor regions: 113->109(154)
[2064.913s][info][gc,heap        ] GC(326) Old regions: 505->536
[2064.913s][info][gc,heap        ] GC(326) Humongous regions: 80->80
[2064.913s][info][gc,metaspace   ] GC(326) Metaspace: 28900K(29248K)->28900K(29248K) NonClass: 24016K(24128K)->24016K(24128K) Class: 4884K(5120K)->4884K(5120K)
[2064.913s][info][gc             ] GC(326) Pause Young (Prepare Mixed) (G1 Evacuation Pause) 3624M->1448M(4096M) 120.214ms
[2064.913s][info][gc,cpu         ] GC(326) User=0.71s Sys=0.01s Real=0.12s
......[2070.702s][info][gc,start       ] GC(327) Pause Young (Mixed) (G1 Evacuation Pause)
[2070.702s][info][gc,task        ] GC(327) Using 6 workers of 6 for evacuation
[2070.839s][info][gc,phases      ] GC(327)   Pre Evacuate Collection Set: 0.45ms
[2070.839s][info][gc,phases      ] GC(327)   Merge Heap Roots: 0.93ms
[2070.839s][info][gc,phases      ] GC(327)   Evacuate Collection Set: 133.83ms
[2070.839s][info][gc,phases      ] GC(327)   Post Evacuate Collection Set: 0.95ms
[2070.839s][info][gc,phases      ] GC(327)   Other: 0.10ms
[2070.839s][info][gc,heap        ] GC(327) Eden regions: 1111->0(1119)
[2070.839s][info][gc,heap        ] GC(327) Survivor regions: 109->109(153)
[2070.839s][info][gc,heap        ] GC(327) Old regions: 536->473
[2070.839s][info][gc,heap        ] GC(327) Humongous regions: 80->80
[2070.839s][info][gc,metaspace   ] GC(327) Metaspace: 28900K(29248K)->28900K(29248K) NonClass: 24016K(24128K)->24016K(24128K) Class: 4884K(5120K)->4884K(5120K)
[2070.839s][info][gc             ] GC(327) Pause Young (Mixed) (G1 Evacuation Pause) 3670M->1321M(4096M) 136.383ms
[2070.839s][info][gc,cpu         ] GC(327) User=0.81s Sys=0.00s Real=0.13s
......[2076.606s][info][gc,start       ] GC(328) Pause Young (Concurrent Start) (G1 Evacuation Pause)
[2076.606s][info][gc,task        ] GC(328) Using 6 workers of 6 for evacuation
[2076.727s][info][gc,phases      ] GC(328)   Pre Evacuate Collection Set: 0.41ms
[2076.727s][info][gc,phases      ] GC(328)   Merge Heap Roots: 0.59ms
[2076.727s][info][gc,phases      ] GC(328)   Evacuate Collection Set: 118.78ms
[2076.727s][info][gc,phases      ] GC(328)   Post Evacuate Collection Set: 0.94ms
[2076.727s][info][gc,phases      ] GC(328)   Other: 0.11ms
[2076.727s][info][gc,heap        ] GC(328) Eden regions: 1119->0(1118)
[2076.727s][info][gc,heap        ] GC(328) Survivor regions: 109->110(154)
[2076.727s][info][gc,heap        ] GC(328) Old regions: 473->505
[2076.727s][info][gc,heap        ] GC(328) Humongous regions: 80->80
[2076.727s][info][gc,metaspace   ] GC(328) Metaspace: 28900K(29248K)->28900K(29248K) NonClass: 24016K(24128K)->24016K(24128K) Class: 4884K(5120K)->4884K(5120K)
[2076.727s][info][gc             ] GC(328) Pause Young (Concurrent Start) (G1 Evacuation Pause) 3559M->1389M(4096M) 120.962ms
[2076.727s][info][gc             ] GC(329) Concurrent Mark Cycle
[2076.727s][info][gc,marking     ] GC(329) Concurrent Scan Root Regions
[2076.727s][info][gc,cpu         ] GC(328) User=0.71s Sys=0.00s Real=0.12s
[2076.879s][info][gc,marking     ] GC(329) Concurrent Scan Root Regions 152.570ms
[2076.879s][info][gc,marking     ] GC(329) Concurrent Mark
[2076.879s][info][gc,marking     ] GC(329) Concurrent Mark From Roots
[2076.879s][info][gc,task        ] GC(329) Using 2 workers of 2 for marking
.[2077.558s][info][gc,marking     ] GC(329) Concurrent Mark From Roots 678.925ms
[2077.558s][info][gc,marking     ] GC(329) Concurrent Preclean
[2077.558s][info][gc,marking     ] GC(329) Concurrent Preclean 0.058ms
[2077.558s][info][gc,start       ] GC(329) Pause Remark
[2077.562s][info][gc             ] GC(329) Pause Remark 1745M->1745M(4096M) 4.052ms
[2077.563s][info][gc,cpu         ] GC(329) User=0.02s Sys=0.00s Real=0.01s
[2077.563s][info][gc,marking     ] GC(329) Concurrent Mark 683.295ms
[2077.563s][info][gc,marking     ] GC(329) Concurrent Rebuild Remembered Sets and Scrub Regions
[2077.806s][info][gc,marking     ] GC(329) Concurrent Rebuild Remembered Sets and Scrub Regions 243.537ms
[2077.806s][info][gc,start       ] GC(329) Pause Cleanup
[2077.806s][info][gc             ] GC(329) Pause Cleanup 1827M->1827M(4096M) 0.137ms
[2077.806s][info][gc,cpu         ] GC(329) User=0.00s Sys=0.00s Real=0.00s
[2077.806s][info][gc,marking     ] GC(329) Concurrent Clear Claimed Marks
[2077.807s][info][gc,marking     ] GC(329) Concurrent Clear Claimed Marks 0.028ms
[2077.807s][info][gc,marking     ] GC(329) Concurrent Cleanup for Next Mark
[2077.811s][info][gc,marking     ] GC(329) Concurrent Cleanup for Next Mark 4.459ms
[2077.811s][info][gc             ] GC(329) Concurrent Mark Cycle 1084.385ms
.....[2082.549s][info][gc,start       ] GC(330) Pause Young (Prepare Mixed) (G1 Evacuation Pause)
[2082.549s][info][gc,task        ] GC(330) Using 6 workers of 6 for evacuation
[2082.666s][info][gc,phases      ] GC(330)   Pre Evacuate Collection Set: 0.36ms
[2082.666s][info][gc,phases      ] GC(330)   Merge Heap Roots: 0.54ms
[2082.666s][info][gc,phases      ] GC(330)   Evacuate Collection Set: 114.48ms
[2082.666s][info][gc,phases      ] GC(330)   Post Evacuate Collection Set: 0.97ms
[2082.666s][info][gc,phases      ] GC(330)   Other: 0.09ms
[2082.666s][info][gc,heap        ] GC(330) Eden regions: 1118->0(1110)
[2082.666s][info][gc,heap        ] GC(330) Survivor regions: 110->109(154)
[2082.666s][info][gc,heap        ] GC(330) Old regions: 505->537
[2082.666s][info][gc,heap        ] GC(330) Humongous regions: 80->80
[2082.666s][info][gc,metaspace   ] GC(330) Metaspace: 28900K(29248K)->28900K(29248K) NonClass: 24016K(24128K)->24016K(24128K) Class: 4884K(5120K)->4884K(5120K)
[2082.666s][info][gc             ] GC(330) Pause Young (Prepare Mixed) (G1 Evacuation Pause) 3625M->1450M(4096M) 116.580ms
[2082.666s][info][gc,cpu         ] GC(330) User=0.69s Sys=0.00s Real=0.12s
......[2088.495s][info][gc,start       ] GC(331) Pause Young (Mixed) (G1 Evacuation Pause)
[2088.495s][info][gc,task        ] GC(331) Using 6 workers of 6 for evacuation
[2088.630s][info][gc,phases      ] GC(331)   Pre Evacuate Collection Set: 0.39ms
[2088.630s][info][gc,phases      ] GC(331)   Merge Heap Roots: 0.82ms
[2088.630s][info][gc,phases      ] GC(331)   Evacuate Collection Set: 132.66ms
[2088.630s][info][gc,phases      ] GC(331)   Post Evacuate Collection Set: 1.00ms
[2088.630s][info][gc,phases      ] GC(331)   Other: 0.09ms
[2088.630s][info][gc,heap        ] GC(331) Eden regions: 1110->0(1118)
[2088.630s][info][gc,heap        ] GC(331) Survivor regions: 109->110(153)
[2088.630s][info][gc,heap        ] GC(331) Old regions: 537->471
[2088.630s][info][gc,heap        ] GC(331) Humongous regions: 80->80
[2088.630s][info][gc,metaspace   ] GC(331) Metaspace: 28900K(29248K)->28900K(29248K) NonClass: 24016K(24128K)->24016K(24128K) Class: 4884K(5120K)->4884K(5120K)
[2088.630s][info][gc             ] GC(331) Pause Young (Mixed) (G1 Evacuation Pause) 3670M->1320M(4096M) 135.083ms
[2088.630s][info][gc,cpu         ] GC(331) User=0.80s Sys=0.00s Real=0.13s
......[2094.435s][info][gc,start       ] GC(332) Pause Young (Concurrent Start) (G1 Evacuation Pause)
[2094.435s][info][gc,task        ] GC(332) Using 6 workers of 6 for evacuation
[2094.558s][info][gc,phases      ] GC(332)   Pre Evacuate Collection Set: 0.40ms
[2094.558s][info][gc,phases      ] GC(332)   Merge Heap Roots: 0.53ms
[2094.558s][info][gc,phases      ] GC(332)   Evacuate Collection Set: 120.92ms
[2094.558s][info][gc,phases      ] GC(332)   Post Evacuate Collection Set: 0.90ms
[2094.558s][info][gc,phases      ] GC(332)   Other: 0.10ms
[2094.558s][info][gc,heap        ] GC(332) Eden regions: 1118->0(1116)
[2094.558s][info][gc,heap        ] GC(332) Survivor regions: 110->112(154)
[2094.558s][info][gc,heap        ] GC(332) Old regions: 471->503
[2094.558s][info][gc,heap        ] GC(332) Humongous regions: 80->80
[2094.558s][info][gc,metaspace   ] GC(332) Metaspace: 28900K(29248K)->28900K(29248K) NonClass: 24016K(24128K)->24016K(24128K) Class: 4884K(5120K)->4884K(5120K)
[2094.558s][info][gc             ] GC(332) Pause Young (Concurrent Start) (G1 Evacuation Pause) 3556M->1388M(4096M) 122.978ms
[2094.558s][info][gc             ] GC(333) Concurrent Mark Cycle
[2094.558s][info][gc,marking     ] GC(333) Concurrent Scan Root Regions
[2094.558s][info][gc,cpu         ] GC(332) User=0.73s Sys=0.00s Real=0.12s
[2094.735s][info][gc,marking     ] GC(333) Concurrent Scan Root Regions 176.712ms
[2094.735s][info][gc,marking     ] GC(333) Concurrent Mark
[2094.735s][info][gc,marking     ] GC(333) Concurrent Mark From Roots
[2094.735s][info][gc,task        ] GC(333) Using 2 workers of 2 for marking
.[2095.323s][info][gc,marking     ] GC(333) Concurrent Mark From Roots 588.501ms
[2095.323s][info][gc,marking     ] GC(333) Concurrent Preclean
[2095.323s][info][gc,marking     ] GC(333) Concurrent Preclean 0.057ms
[2095.324s][info][gc,start       ] GC(333) Pause Remark
[2095.327s][info][gc             ] GC(333) Pause Remark 1730M->1730M(4096M) 3.136ms
[2095.327s][info][gc,cpu         ] GC(333) User=0.02s Sys=0.00s Real=0.00s
[2095.327s][info][gc,marking     ] GC(333) Concurrent Mark 592.303ms
[2095.327s][info][gc,marking     ] GC(333) Concurrent Rebuild Remembered Sets and Scrub Regions
[2095.554s][info][gc,marking     ] GC(333) Concurrent Rebuild Remembered Sets and Scrub Regions 227.245ms
[2095.554s][info][gc,start       ] GC(333) Pause Cleanup
[2095.555s][info][gc             ] GC(333) Pause Cleanup 1818M->1818M(4096M) 0.141ms
[2095.555s][info][gc,cpu         ] GC(333) User=0.00s Sys=0.00s Real=0.00s
[2095.555s][info][gc,marking     ] GC(333) Concurrent Clear Claimed Marks
[2095.555s][info][gc,marking     ] GC(333) Concurrent Clear Claimed Marks 0.029ms
[2095.555s][info][gc,marking     ] GC(333) Concurrent Cleanup for Next Mark
[2095.558s][info][gc,marking     ] GC(333) Concurrent Cleanup for Next Mark 3.249ms
[2095.558s][info][gc             ] GC(333) Concurrent Mark Cycle 1000.055ms
.....[2100.324s][info][gc,start       ] GC(334) Pause Young (Prepare Mixed) (G1 Evacuation Pause)
[2100.324s][info][gc,task        ] GC(334) Using 6 workers of 6 for evacuation
[2100.442s][info][gc,phases      ] GC(334)   Pre Evacuate Collection Set: 0.35ms
[2100.442s][info][gc,phases      ] GC(334)   Merge Heap Roots: 0.61ms
[2100.442s][info][gc,phases      ] GC(334)   Evacuate Collection Set: 115.98ms
[2100.442s][info][gc,phases      ] GC(334)   Post Evacuate Collection Set: 0.97ms
[2100.442s][info][gc,phases      ] GC(334)   Other: 0.09ms
[2100.442s][info][gc,heap        ] GC(334) Eden regions: 1116->0(1114)
[2100.442s][info][gc,heap        ] GC(334) Survivor regions: 112->108(154)
[2100.442s][info][gc,heap        ] GC(334) Old regions: 503->535
[2100.442s][info][gc,heap        ] GC(334) Humongous regions: 80->80
[2100.442s][info][gc,metaspace   ] GC(334) Metaspace: 28900K(29248K)->28900K(29248K) NonClass: 24016K(24128K)->24016K(24128K) Class: 4884K(5120K)->4884K(5120K)
[2100.442s][info][gc             ] GC(334) Pause Young (Prepare Mixed) (G1 Evacuation Pause) 3620M->1444M(4096M) 118.126ms
[2100.442s][info][gc,cpu         ] GC(334) User=0.70s Sys=0.00s Real=0.11s
.....[2106.197s][info][gc,start       ] GC(335) Pause Young (Mixed) (G1 Evacuation Pause)
[2106.198s][info][gc,task        ] GC(335) Using 6 workers of 6 for evacuation
[2106.331s][info][gc,phases      ] GC(335)   Pre Evacuate Collection Set: 0.38ms
[2106.331s][info][gc,phases      ] GC(335)   Merge Heap Roots: 0.69ms
[2106.331s][info][gc,phases      ] GC(335)   Evacuate Collection Set: 131.08ms
[2106.331s][info][gc,phases      ] GC(335)   Post Evacuate Collection Set: 0.96ms
[2106.331s][info][gc,phases      ] GC(335)   Other: 0.09ms
[2106.331s][info][gc,heap        ] GC(335) Eden regions: 1114->0(1120)
[2106.331s][info][gc,heap        ] GC(335) Survivor regions: 108->108(153)
[2106.331s][info][gc,heap        ] GC(335) Old regions: 535->472
[2106.331s][info][gc,heap        ] GC(335) Humongous regions: 80->80
[2106.331s][info][gc,metaspace   ] GC(335) Metaspace: 28900K(29248K)->28900K(29248K) NonClass: 24016K(24128K)->24016K(24128K) Class: 4884K(5120K)->4884K(5120K)
[2106.331s][info][gc             ] GC(335) Pause Young (Mixed) (G1 Evacuation Pause) 3672M->1318M(4096M) 133.363ms
[2106.331s][info][gc,cpu         ] GC(335) User=0.78s Sys=0.00s Real=0.13s
......[2112.218s][info][gc,start       ] GC(336) Pause Young (Concurrent Start) (G1 Evacuation Pause)
[2112.218s][info][gc,task        ] GC(336) Using 6 workers of 6 for evacuation
[2112.334s][info][gc,phases      ] GC(336)   Pre Evacuate Collection Set: 0.43ms
[2112.334s][info][gc,phases      ] GC(336)   Merge Heap Roots: 0.49ms
[2112.334s][info][gc,phases      ] GC(336)   Evacuate Collection Set: 114.02ms
[2112.334s][info][gc,phases      ] GC(336)   Post Evacuate Collection Set: 0.89ms
[2112.334s][info][gc,phases      ] GC(336)   Other: 0.13ms
[2112.334s][info][gc,heap        ] GC(336) Eden regions: 1120->0(1120)
[2112.334s][info][gc,heap        ] GC(336) Survivor regions: 108->108(154)
[2112.334s][info][gc,heap        ] GC(336) Old regions: 472->503
[2112.334s][info][gc,heap        ] GC(336) Humongous regions: 80->80
[2112.334s][info][gc,metaspace   ] GC(336) Metaspace: 28900K(29248K)->28900K(29248K) NonClass: 24016K(24128K)->24016K(24128K) Class: 4884K(5120K)->4884K(5120K)
[2112.334s][info][gc             ] GC(336) Pause Young (Concurrent Start) (G1 Evacuation Pause) 3558M->1380M(4096M) 116.115ms
[2112.334s][info][gc             ] GC(337) Concurrent Mark Cycle
[2112.334s][info][gc,marking     ] GC(337) Concurrent Scan Root Regions
[2112.334s][info][gc,cpu         ] GC(336) User=0.69s Sys=0.00s Real=0.12s
.[2112.459s][info][gc,marking     ] GC(337) Concurrent Scan Root Regions 124.712ms
[2112.459s][info][gc,marking     ] GC(337) Concurrent Mark
[2112.459s][info][gc,marking     ] GC(337) Concurrent Mark From Roots
[2112.459s][info][gc,task        ] GC(337) Using 2 workers of 2 for marking
[2113.047s][info][gc,marking     ] GC(337) Concurrent Mark From Roots 588.273ms
[2113.047s][info][gc,marking     ] GC(337) Concurrent Preclean
[2113.047s][info][gc,marking     ] GC(337) Concurrent Preclean 0.056ms
[2113.048s][info][gc,start       ] GC(337) Pause Remark
[2113.051s][info][gc             ] GC(337) Pause Remark 1674M->1674M(4096M) 3.676ms
[2113.051s][info][gc,cpu         ] GC(337) User=0.02s Sys=0.00s Real=0.00s
[2113.051s][info][gc,marking     ] GC(337) Concurrent Mark 592.444ms
[2113.051s][info][gc,marking     ] GC(337) Concurrent Rebuild Remembered Sets and Scrub Regions
[2113.277s][info][gc,marking     ] GC(337) Concurrent Rebuild Remembered Sets and Scrub Regions 225.620ms
[2113.277s][info][gc,start       ] GC(337) Pause Cleanup
[2113.277s][info][gc             ] GC(337) Pause Cleanup 1747M->1747M(4096M) 0.137ms
[2113.277s][info][gc,cpu         ] GC(337) User=0.00s Sys=0.00s Real=0.00s
[2113.277s][info][gc,marking     ] GC(337) Concurrent Clear Claimed Marks
[2113.277s][info][gc,marking     ] GC(337) Concurrent Clear Claimed Marks 0.033ms
[2113.277s][info][gc,marking     ] GC(337) Concurrent Cleanup for Next Mark
[2113.281s][info][gc,marking     ] GC(337) Concurrent Cleanup for Next Mark 3.483ms
[2113.281s][info][gc             ] GC(337) Concurrent Mark Cycle 946.813ms
.....[2118.186s][info][gc,start       ] GC(338) Pause Young (Prepare Mixed) (G1 Evacuation Pause)
[2118.186s][info][gc,task        ] GC(338) Using 6 workers of 6 for evacuation
[2118.306s][info][gc,phases      ] GC(338)   Pre Evacuate Collection Set: 0.36ms
[2118.306s][info][gc,phases      ] GC(338)   Merge Heap Roots: 0.70ms
[2118.306s][info][gc,phases      ] GC(338)   Evacuate Collection Set: 117.68ms
[2118.306s][info][gc,phases      ] GC(338)   Post Evacuate Collection Set: 0.95ms
[2118.306s][info][gc,phases      ] GC(338)   Other: 0.09ms
[2118.306s][info][gc,heap        ] GC(338) Eden regions: 1120->0(1111)
[2118.306s][info][gc,heap        ] GC(338) Survivor regions: 108->110(154)
[2118.306s][info][gc,heap        ] GC(338) Old regions: 503->534
[2118.306s][info][gc,heap        ] GC(338) Humongous regions: 80->80
[2118.306s][info][gc,metaspace   ] GC(338) Metaspace: 28900K(29248K)->28900K(29248K) NonClass: 24016K(24128K)->24016K(24128K) Class: 4884K(5120K)->4884K(5120K)
[2118.306s][info][gc             ] GC(338) Pause Young (Prepare Mixed) (G1 Evacuation Pause) 3620M->1446M(4096M) 119.949ms
[2118.306s][info][gc,cpu         ] GC(338) User=0.71s Sys=0.00s Real=0.12s
...... (rIR:aIR:PR = 3183:3184:3183) (tPR = 47824) [OK] 
  2123s: Performance info:
         Transaction,    Success,    Partial,     Failed,   Receipts, AvgBarcode, 
             Overall,     191537,          0,          0,     181955,      59.46, 
         Response times:
             Request,    Success,    Partial,     Failed,   SkipFail,     Probes,    Samples,      min,      p50,      p90,      p95,      p99,      max, 
       TotalPurchase,     181973,          0,          0,          0,     178108,     193847,      300,     2700,     4400,     5500,    23000,   208000,
     InStorePurchase,      95788,          0,          0,          0,      94137,     102258,      300,     2700,     4400,     5400,    23000,   208000,
      OnlinePurchase,      67036,          0,          0,          0,      65554,      71358,      300,     2600,     4500,     5500,    23000,   208000,
        InstPurchase,      19149,          0,          0,          0,      18417,      20231,      400,     2800,     4500,     5600,    24000,   181000,
          AssocOfCat,        190,          0,          0,          0,        146,        224,    21000,    29500,    40000,    48000,   103500,   151000,
      AssocOfProduct,       1917,          0,          0,          0,       1737,       2057,     1500,     3600,     5100,     6500,    29680,   141000,
      BusinessReport,        483,          0,          0,          0,        389,        510,    23000,    35000,    48800,    54450,   100910,   199000,
          CustBuyBeh,       1918,          0,          0,          0,       1741,       2008,      300,     2500,     3800,     4855,    17500,   129000,
       ProductReturn,       5074,          0,          0,          0,       4830,       5500,      200,     1800,     4200,     4900,    15393,   239000,

  2123s: (24%)   IR =   3321 [2124.033s][info][gc,start       ] GC(339) Pause Young (Mixed) (G1 Evacuation Pause)
[2124.033s][info][gc,task        ] GC(339) Using 6 workers of 6 for evacuation
[2124.168s][info][gc,phases      ] GC(339)   Pre Evacuate Collection Set: 0.42ms
[2124.168s][info][gc,phases      ] GC(339)   Merge Heap Roots: 0.81ms
[2124.168s][info][gc,phases      ] GC(339)   Evacuate Collection Set: 132.95ms
[2124.168s][info][gc,phases      ] GC(339)   Post Evacuate Collection Set: 1.07ms
[2124.168s][info][gc,phases      ] GC(339)   Other: 0.11ms
[2124.168s][info][gc,heap        ] GC(339) Eden regions: 1111->0(1120)
[2124.168s][info][gc,heap        ] GC(339) Survivor regions: 110->108(153)
[2124.168s][info][gc,heap        ] GC(339) Old regions: 534->471
[2124.168s][info][gc,heap        ] GC(339) Humongous regions: 80->80
[2124.168s][info][gc,metaspace   ] GC(339) Metaspace: 28900K(29248K)->28900K(29248K) NonClass: 24016K(24128K)->24016K(24128K) Class: 4884K(5120K)->4884K(5120K)
[2124.168s][info][gc             ] GC(339) Pause Young (Mixed) (G1 Evacuation Pause) 3668M->1315M(4096M) 135.487ms
[2124.168s][info][gc,cpu         ] GC(339) User=0.79s Sys=0.00s Real=0.13s
......|[2129.795s][info][gc,start       ] GC(340) Pause Young (Concurrent Start) (G1 Evacuation Pause)
[2129.795s][info][gc,task        ] GC(340) Using 6 workers of 6 for evacuation
[2129.913s][info][gc,phases      ] GC(340)   Pre Evacuate Collection Set: 0.44ms
[2129.913s][info][gc,phases      ] GC(340)   Merge Heap Roots: 0.58ms
[2129.913s][info][gc,phases      ] GC(340)   Evacuate Collection Set: 115.64ms
[2129.913s][info][gc,phases      ] GC(340)   Post Evacuate Collection Set: 0.93ms
[2129.913s][info][gc,phases      ] GC(340)   Other: 0.10ms
[2129.913s][info][gc,heap        ] GC(340) Eden regions: 1120->0(1118)
[2129.913s][info][gc,heap        ] GC(340) Survivor regions: 108->110(154)
[2129.913s][info][gc,heap        ] GC(340) Old regions: 471->503
[2129.913s][info][gc,heap        ] GC(340) Humongous regions: 80->80
[2129.913s][info][gc,metaspace   ] GC(340) Metaspace: 28900K(29248K)->28900K(29248K) NonClass: 24016K(24128K)->24016K(24128K) Class: 4884K(5120K)->4884K(5120K)
[2129.913s][info][gc             ] GC(340) Pause Young (Concurrent Start) (G1 Evacuation Pause) 3555M->1383M(4096M) 117.831ms
[2129.913s][info][gc             ] GC(341) Concurrent Mark Cycle
[2129.913s][info][gc,marking     ] GC(341) Concurrent Scan Root Regions
[2129.913s][info][gc,cpu         ] GC(340) User=0.69s Sys=0.00s Real=0.12s
[2130.086s][info][gc,marking     ] GC(341) Concurrent Scan Root Regions 173.035ms
[2130.086s][info][gc,marking     ] GC(341) Concurrent Mark
[2130.086s][info][gc,marking     ] GC(341) Concurrent Mark From Roots
[2130.086s][info][gc,task        ] GC(341) Using 2 workers of 2 for marking
.[2130.738s][info][gc,marking     ] GC(341) Concurrent Mark From Roots 651.767ms
[2130.738s][info][gc,marking     ] GC(341) Concurrent Preclean
[2130.738s][info][gc,marking     ] GC(341) Concurrent Preclean 0.092ms
[2130.738s][info][gc,start       ] GC(341) Pause Remark
[2130.742s][info][gc             ] GC(341) Pause Remark 1771M->1771M(4096M) 3.948ms
[2130.742s][info][gc,cpu         ] GC(341) User=0.02s Sys=0.00s Real=0.01s
[2130.743s][info][gc,marking     ] GC(341) Concurrent Mark 656.140ms
[2130.743s][info][gc,marking     ] GC(341) Concurrent Rebuild Remembered Sets and Scrub Regions
[2130.994s][info][gc,marking     ] GC(341) Concurrent Rebuild Remembered Sets and Scrub Regions 251.383ms
[2130.994s][info][gc,start       ] GC(341) Pause Cleanup
[2130.994s][info][gc             ] GC(341) Pause Cleanup 1924M->1924M(4096M) 0.158ms
[2130.994s][info][gc,cpu         ] GC(341) User=0.00s Sys=0.00s Real=0.00s
[2130.994s][info][gc,marking     ] GC(341) Concurrent Clear Claimed Marks
[2130.994s][info][gc,marking     ] GC(341) Concurrent Clear Claimed Marks 0.032ms
[2130.994s][info][gc,marking     ] GC(341) Concurrent Cleanup for Next Mark
[2130.998s][info][gc,marking     ] GC(341) Concurrent Cleanup for Next Mark 3.775ms
[2130.998s][info][gc             ] GC(341) Concurrent Mark Cycle 1084.935ms
.....[2135.476s][info][gc,start       ] GC(342) Pause Young (Prepare Mixed) (G1 Evacuation Pause)
[2135.476s][info][gc,task        ] GC(342) Using 6 workers of 6 for evacuation
[2135.595s][info][gc,phases      ] GC(342)   Pre Evacuate Collection Set: 0.36ms
[2135.595s][info][gc,phases      ] GC(342)   Merge Heap Roots: 0.58ms
[2135.595s][info][gc,phases      ] GC(342)   Evacuate Collection Set: 116.60ms
[2135.595s][info][gc,phases      ] GC(342)   Post Evacuate Collection Set: 0.95ms
[2135.595s][info][gc,phases      ] GC(342)   Other: 0.08ms
[2135.595s][info][gc,heap        ] GC(342) Eden regions: 1118->0(1111)
[2135.595s][info][gc,heap        ] GC(342) Survivor regions: 110->110(154)
[2135.595s][info][gc,heap        ] GC(342) Old regions: 503->534
[2135.595s][info][gc,heap        ] GC(342) Humongous regions: 80->80
[2135.595s][info][gc,metaspace   ] GC(342) Metaspace: 28900K(29248K)->28900K(29248K) NonClass: 24016K(24128K)->24016K(24128K) Class: 4884K(5120K)->4884K(5120K)
[2135.595s][info][gc             ] GC(342) Pause Young (Prepare Mixed) (G1 Evacuation Pause) 3619M->1446M(4096M) 118.714ms
[2135.595s][info][gc,cpu         ] GC(342) User=0.70s Sys=0.00s Real=0.12s
.....[2141.024s][info][gc,start       ] GC(343) Pause Young (Mixed) (G1 Evacuation Pause)
[2141.024s][info][gc,task        ] GC(343) Using 6 workers of 6 for evacuation
[2141.154s][info][gc,phases      ] GC(343)   Pre Evacuate Collection Set: 0.42ms
[2141.154s][info][gc,phases      ] GC(343)   Merge Heap Roots: 0.66ms
[2141.154s][info][gc,phases      ] GC(343)   Evacuate Collection Set: 127.59ms
[2141.154s][info][gc,phases      ] GC(343)   Post Evacuate Collection Set: 0.99ms
[2141.154s][info][gc,phases      ] GC(343)   Other: 0.09ms
[2141.154s][info][gc,heap        ] GC(343) Eden regions: 1111->0(1121)
[2141.154s][info][gc,heap        ] GC(343) Survivor regions: 110->107(153)
[2141.154s][info][gc,heap        ] GC(343) Old regions: 534->472
[2141.154s][info][gc,heap        ] GC(343) Humongous regions: 80->80
[2141.154s][info][gc,metaspace   ] GC(343) Metaspace: 28900K(29248K)->28900K(29248K) NonClass: 24016K(24128K)->24016K(24128K) Class: 4884K(5120K)->4884K(5120K)
[2141.154s][info][gc             ] GC(343) Pause Young (Mixed) (G1 Evacuation Pause) 3668M->1316M(4096M) 129.905ms
[2141.154s][info][gc,cpu         ] GC(343) User=0.77s Sys=0.00s Real=0.13s
......[2146.802s][info][gc,start       ] GC(344) Pause Young (Concurrent Start) (G1 Evacuation Pause)
[2146.802s][info][gc,task        ] GC(344) Using 6 workers of 6 for evacuation
[2146.920s][info][gc,phases      ] GC(344)   Pre Evacuate Collection Set: 0.41ms
[2146.920s][info][gc,phases      ] GC(344)   Merge Heap Roots: 0.57ms
[2146.920s][info][gc,phases      ] GC(344)   Evacuate Collection Set: 115.61ms
[2146.920s][info][gc,phases      ] GC(344)   Post Evacuate Collection Set: 0.93ms
[2146.920s][info][gc,phases      ] GC(344)   Other: 0.11ms
[2146.920s][info][gc,heap        ] GC(344) Eden regions: 1121->0(1120)
[2146.920s][info][gc,heap        ] GC(344) Survivor regions: 107->108(154)
[2146.920s][info][gc,heap        ] GC(344) Old regions: 472->505
[2146.920s][info][gc,heap        ] GC(344) Humongous regions: 80->80
[2146.920s][info][gc,metaspace   ] GC(344) Metaspace: 28900K(29248K)->28900K(29248K) NonClass: 24016K(24128K)->24016K(24128K) Class: 4884K(5120K)->4884K(5120K)
[2146.920s][info][gc             ] GC(344) Pause Young (Concurrent Start) (G1 Evacuation Pause) 3558M->1384M(4096M) 117.775ms
[2146.920s][info][gc             ] GC(345) Concurrent Mark Cycle
[2146.920s][info][gc,marking     ] GC(345) Concurrent Scan Root Regions
[2146.920s][info][gc,cpu         ] GC(344) User=0.70s Sys=0.00s Real=0.11s
[2147.056s][info][gc,marking     ] GC(345) Concurrent Scan Root Regions 135.766ms
[2147.056s][info][gc,marking     ] GC(345) Concurrent Mark
[2147.056s][info][gc,marking     ] GC(345) Concurrent Mark From Roots
[2147.056s][info][gc,task        ] GC(345) Using 2 workers of 2 for marking
.[2147.649s][info][gc,marking     ] GC(345) Concurrent Mark From Roots 592.773ms
[2147.649s][info][gc,marking     ] GC(345) Concurrent Preclean
[2147.649s][info][gc,marking     ] GC(345) Concurrent Preclean 0.069ms
[2147.649s][info][gc,start       ] GC(345) Pause Remark
[2147.653s][info][gc             ] GC(345) Pause Remark 1714M->1714M(4096M) 3.673ms
[2147.653s][info][gc,cpu         ] GC(345) User=0.02s Sys=0.00s Real=0.01s
[2147.653s][info][gc,marking     ] GC(345) Concurrent Mark 597.287ms
[2147.653s][info][gc,marking     ] GC(345) Concurrent Rebuild Remembered Sets and Scrub Regions
[2147.878s][info][gc,marking     ] GC(345) Concurrent Rebuild Remembered Sets and Scrub Regions 224.855ms
[2147.878s][info][gc,start       ] GC(345) Pause Cleanup
[2147.878s][info][gc             ] GC(345) Pause Cleanup 1791M->1791M(4096M) 0.131ms
[2147.878s][info][gc,cpu         ] GC(345) User=0.00s Sys=0.00s Real=0.00s
[2147.878s][info][gc,marking     ] GC(345) Concurrent Clear Claimed Marks
[2147.878s][info][gc,marking     ] GC(345) Concurrent Clear Claimed Marks 0.028ms
[2147.879s][info][gc,marking     ] GC(345) Concurrent Cleanup for Next Mark
[2147.882s][info][gc,marking     ] GC(345) Concurrent Cleanup for Next Mark 3.191ms
[2147.882s][info][gc             ] GC(345) Concurrent Mark Cycle 961.620ms
.....[2152.511s][info][gc,start       ] GC(346) Pause Young (Prepare Mixed) (G1 Evacuation Pause)
[2152.511s][info][gc,task        ] GC(346) Using 6 workers of 6 for evacuation
[2152.635s][info][gc,phases      ] GC(346)   Pre Evacuate Collection Set: 0.37ms
[2152.635s][info][gc,phases      ] GC(346)   Merge Heap Roots: 0.62ms
[2152.635s][info][gc,phases      ] GC(346)   Evacuate Collection Set: 121.46ms
[2152.635s][info][gc,phases      ] GC(346)   Post Evacuate Collection Set: 0.94ms
[2152.635s][info][gc,phases      ] GC(346)   Other: 0.09ms
[2152.635s][info][gc,heap        ] GC(346) Eden regions: 1120->0(1105)
[2152.635s][info][gc,heap        ] GC(346) Survivor regions: 108->112(154)
[2152.635s][info][gc,heap        ] GC(346) Old regions: 505->536
[2152.635s][info][gc,heap        ] GC(346) Humongous regions: 80->80
[2152.635s][info][gc,metaspace   ] GC(346) Metaspace: 28900K(29248K)->28900K(29248K) NonClass: 24016K(24128K)->24016K(24128K) Class: 4884K(5120K)->4884K(5120K)
[2152.635s][info][gc             ] GC(346) Pause Young (Prepare Mixed) (G1 Evacuation Pause) 3624M->1455M(4096M) 123.626ms
[2152.635s][info][gc,cpu         ] GC(346) User=0.73s Sys=0.00s Real=0.13s
.....[2158.283s][info][gc,start       ] GC(347) Pause Young (Mixed) (G1 Evacuation Pause)
[2158.283s][info][gc,task        ] GC(347) Using 6 workers of 6 for evacuation
[2158.414s][info][gc,phases      ] GC(347)   Pre Evacuate Collection Set: 0.41ms
[2158.414s][info][gc,phases      ] GC(347)   Merge Heap Roots: 0.68ms
[2158.414s][info][gc,phases      ] GC(347)   Evacuate Collection Set: 128.72ms
[2158.414s][info][gc,phases      ] GC(347)   Post Evacuate Collection Set: 0.99ms
[2158.414s][info][gc,phases      ] GC(347)   Other: 0.10ms
[2158.414s][info][gc,heap        ] GC(347) Eden regions: 1105->0(1119)
[2158.414s][info][gc,heap        ] GC(347) Survivor regions: 112->109(153)
[2158.414s][info][gc,heap        ] GC(347) Old regions: 536->471
[2158.414s][info][gc,heap        ] GC(347) Humongous regions: 80->80
[2158.414s][info][gc,metaspace   ] GC(347) Metaspace: 28900K(29248K)->28900K(29248K) NonClass: 24016K(24128K)->24016K(24128K) Class: 4884K(5120K)->4884K(5120K)
[2158.414s][info][gc             ] GC(347) Pause Young (Mixed) (G1 Evacuation Pause) 3665M->1319M(4096M) 131.029ms
[2158.414s][info][gc,cpu         ] GC(347) User=0.78s Sys=0.00s Real=0.13s
......[2163.879s][info][gc,start       ] GC(348) Pause Young (Concurrent Start) (G1 Evacuation Pause)
[2163.879s][info][gc,task        ] GC(348) Using 6 workers of 6 for evacuation
[2163.997s][info][gc,phases      ] GC(348)   Pre Evacuate Collection Set: 0.42ms
[2163.997s][info][gc,phases      ] GC(348)   Merge Heap Roots: 0.54ms
[2163.997s][info][gc,phases      ] GC(348)   Evacuate Collection Set: 116.13ms
[2163.997s][info][gc,phases      ] GC(348)   Post Evacuate Collection Set: 0.91ms
[2163.997s][info][gc,phases      ] GC(348)   Other: 0.11ms
[2163.997s][info][gc,heap        ] GC(348) Eden regions: 1119->0(1119)
[2163.997s][info][gc,heap        ] GC(348) Survivor regions: 109->109(154)
[2163.997s][info][gc,heap        ] GC(348) Old regions: 471->504
[2163.997s][info][gc,heap        ] GC(348) Humongous regions: 80->80
[2163.997s][info][gc,metaspace   ] GC(348) Metaspace: 28900K(29248K)->28900K(29248K) NonClass: 24016K(24128K)->24016K(24128K) Class: 4884K(5120K)->4884K(5120K)
[2163.997s][info][gc             ] GC(348) Pause Young (Concurrent Start) (G1 Evacuation Pause) 3557M->1385M(4096M) 118.252ms
[2163.998s][info][gc             ] GC(349) Concurrent Mark Cycle
[2163.998s][info][gc,marking     ] GC(349) Concurrent Scan Root Regions
[2163.998s][info][gc,cpu         ] GC(348) User=0.70s Sys=0.00s Real=0.12s
[2164.133s][info][gc,marking     ] GC(349) Concurrent Scan Root Regions 135.821ms
[2164.133s][info][gc,marking     ] GC(349) Concurrent Mark
[2164.133s][info][gc,marking     ] GC(349) Concurrent Mark From Roots
[2164.133s][info][gc,task        ] GC(349) Using 2 workers of 2 for marking
.[2164.770s][info][gc,marking     ] GC(349) Concurrent Mark From Roots 637.008ms
[2164.770s][info][gc,marking     ] GC(349) Concurrent Preclean
[2164.771s][info][gc,marking     ] GC(349) Concurrent Preclean 0.077ms
[2164.771s][info][gc,start       ] GC(349) Pause Remark
[2164.774s][info][gc             ] GC(349) Pause Remark 1769M->1769M(4096M) 3.537ms
[2164.774s][info][gc,cpu         ] GC(349) User=0.02s Sys=0.00s Real=0.01s
[2164.774s][info][gc,marking     ] GC(349) Concurrent Mark 640.888ms
[2164.774s][info][gc,marking     ] GC(349) Concurrent Rebuild Remembered Sets and Scrub Regions
[2165.002s][info][gc,marking     ] GC(349) Concurrent Rebuild Remembered Sets and Scrub Regions 227.419ms
[2165.002s][info][gc,start       ] GC(349) Pause Cleanup
[2165.002s][info][gc             ] GC(349) Pause Cleanup 1856M->1856M(4096M) 0.130ms
[2165.002s][info][gc,cpu         ] GC(349) User=0.00s Sys=0.00s Real=0.00s
[2165.002s][info][gc,marking     ] GC(349) Concurrent Clear Claimed Marks
[2165.002s][info][gc,marking     ] GC(349) Concurrent Clear Claimed Marks 0.054ms
[2165.002s][info][gc,marking     ] GC(349) Concurrent Cleanup for Next Mark
[2165.005s][info][gc,marking     ] GC(349) Concurrent Cleanup for Next Mark 3.212ms
[2165.005s][info][gc             ] GC(349) Concurrent Mark Cycle 1007.841ms
.....[2169.549s][info][gc,start       ] GC(350) Pause Young (Prepare Mixed) (G1 Evacuation Pause)
[2169.549s][info][gc,task        ] GC(350) Using 6 workers of 6 for evacuation
[2169.677s][info][gc,phases      ] GC(350)   Pre Evacuate Collection Set: 0.35ms
[2169.677s][info][gc,phases      ] GC(350)   Merge Heap Roots: 0.66ms
[2169.677s][info][gc,phases      ] GC(350)   Evacuate Collection Set: 125.81ms
[2169.677s][info][gc,phases      ] GC(350)   Post Evacuate Collection Set: 1.00ms
[2169.677s][info][gc,phases      ] GC(350)   Other: 0.10ms
[2169.677s][info][gc,heap        ] GC(350) Eden regions: 1119->0(1101)
[2169.677s][info][gc,heap        ] GC(350) Survivor regions: 109->113(154)
[2169.677s][info][gc,heap        ] GC(350) Old regions: 504->538
[2169.677s][info][gc,heap        ] GC(350) Humongous regions: 80->80
[2169.677s][info][gc,metaspace   ] GC(350) Metaspace: 28900K(29248K)->28900K(29248K) NonClass: 24016K(24128K)->24016K(24128K) Class: 4884K(5120K)->4884K(5120K)
[2169.677s][info][gc             ] GC(350) Pause Young (Prepare Mixed) (G1 Evacuation Pause) 3623M->1460M(4096M) 128.056ms
[2169.677s][info][gc,cpu         ] GC(350) User=0.76s Sys=0.00s Real=0.13s
.....[2175.182s][info][gc,start       ] GC(351) Pause Young (Mixed) (G1 Evacuation Pause)
[2175.182s][info][gc,task        ] GC(351) Using 6 workers of 6 for evacuation
[2175.316s][info][gc,phases      ] GC(351)   Pre Evacuate Collection Set: 0.38ms
[2175.316s][info][gc,phases      ] GC(351)   Merge Heap Roots: 0.87ms
[2175.316s][info][gc,phases      ] GC(351)   Evacuate Collection Set: 132.33ms
[2175.316s][info][gc,phases      ] GC(351)   Post Evacuate Collection Set: 0.97ms
[2175.316s][info][gc,phases      ] GC(351)   Other: 0.09ms
[2175.316s][info][gc,heap        ] GC(351) Eden regions: 1101->0(1120)
[2175.316s][info][gc,heap        ] GC(351) Survivor regions: 113->108(152)
[2175.316s][info][gc,heap        ] GC(351) Old regions: 538->474
[2175.316s][info][gc,heap        ] GC(351) Humongous regions: 80->80
[2175.316s][info][gc,metaspace   ] GC(351) Metaspace: 28900K(29248K)->28900K(29248K) NonClass: 24016K(24128K)->24016K(24128K) Class: 4884K(5120K)->4884K(5120K)
[2175.316s][info][gc             ] GC(351) Pause Young (Mixed) (G1 Evacuation Pause) 3662M->1321M(4096M) 134.776ms
[2175.316s][info][gc,cpu         ] GC(351) User=0.80s Sys=0.00s Real=0.14s
......[2180.940s][info][gc,start       ] GC(352) Pause Young (Concurrent Start) (G1 Evacuation Pause)
[2180.940s][info][gc,task        ] GC(352) Using 6 workers of 6 for evacuation
[2181.060s][info][gc,phases      ] GC(352)   Pre Evacuate Collection Set: 0.44ms
[2181.060s][info][gc,phases      ] GC(352)   Merge Heap Roots: 0.62ms
[2181.060s][info][gc,phases      ] GC(352)   Evacuate Collection Set: 117.12ms
[2181.060s][info][gc,phases      ] GC(352)   Post Evacuate Collection Set: 0.89ms
[2181.060s][info][gc,phases      ] GC(352)   Other: 0.16ms
[2181.060s][info][gc,heap        ] GC(352) Eden regions: 1120->0(1118)
[2181.060s][info][gc,heap        ] GC(352) Survivor regions: 108->110(154)
[2181.060s][info][gc,heap        ] GC(352) Old regions: 474->505
[2181.060s][info][gc,heap        ] GC(352) Humongous regions: 80->80
[2181.060s][info][gc,metaspace   ] GC(352) Metaspace: 28900K(29248K)->28900K(29248K) NonClass: 24016K(24128K)->24016K(24128K) Class: 4884K(5120K)->4884K(5120K)
[2181.060s][info][gc             ] GC(352) Pause Young (Concurrent Start) (G1 Evacuation Pause) 3561M->1389M(4096M) 119.366ms
[2181.060s][info][gc             ] GC(353) Concurrent Mark Cycle
[2181.060s][info][gc,marking     ] GC(353) Concurrent Scan Root Regions
[2181.060s][info][gc,cpu         ] GC(352) User=0.70s Sys=0.00s Real=0.12s
[2181.201s][info][gc,marking     ] GC(353) Concurrent Scan Root Regions 141.039ms
[2181.201s][info][gc,marking     ] GC(353) Concurrent Mark
[2181.201s][info][gc,marking     ] GC(353) Concurrent Mark From Roots
[2181.201s][info][gc,task        ] GC(353) Using 2 workers of 2 for marking
.[2181.801s][info][gc,marking     ] GC(353) Concurrent Mark From Roots 600.668ms
[2181.801s][info][gc,marking     ] GC(353) Concurrent Preclean
[2181.802s][info][gc,marking     ] GC(353) Concurrent Preclean 0.085ms
[2181.802s][info][gc,start       ] GC(353) Pause Remark
[2181.805s][info][gc             ] GC(353) Pause Remark 1744M->1744M(4096M) 3.741ms
[2181.805s][info][gc,cpu         ] GC(353) User=0.02s Sys=0.00s Real=0.01s
[2181.805s][info][gc,marking     ] GC(353) Concurrent Mark 604.789ms
[2181.806s][info][gc,marking     ] GC(353) Concurrent Rebuild Remembered Sets and Scrub Regions
[2182.073s][info][gc,marking     ] GC(353) Concurrent Rebuild Remembered Sets and Scrub Regions 267.895ms
[2182.074s][info][gc,start       ] GC(353) Pause Cleanup
[2182.074s][info][gc             ] GC(353) Pause Cleanup 1842M->1842M(4096M) 0.132ms
[2182.074s][info][gc,cpu         ] GC(353) User=0.00s Sys=0.00s Real=0.00s
[2182.074s][info][gc,marking     ] GC(353) Concurrent Clear Claimed Marks
[2182.074s][info][gc,marking     ] GC(353) Concurrent Clear Claimed Marks 0.029ms
[2182.074s][info][gc,marking     ] GC(353) Concurrent Cleanup for Next Mark
[2182.077s][info][gc,marking     ] GC(353) Concurrent Cleanup for Next Mark 3.177ms
[2182.077s][info][gc             ] GC(353) Concurrent Mark Cycle 1017.368ms
.....[2186.518s][info][gc,start       ] GC(354) Pause Young (Prepare Mixed) (G1 Evacuation Pause)
[2186.518s][info][gc,task        ] GC(354) Using 6 workers of 6 for evacuation
[2186.638s][info][gc,phases      ] GC(354)   Pre Evacuate Collection Set: 0.35ms
[2186.638s][info][gc,phases      ] GC(354)   Merge Heap Roots: 0.64ms
[2186.638s][info][gc,phases      ] GC(354)   Evacuate Collection Set: 118.07ms
[2186.638s][info][gc,phases      ] GC(354)   Post Evacuate Collection Set: 0.94ms
[2186.638s][info][gc,phases      ] GC(354)   Other: 0.08ms
[2186.638s][info][gc,heap        ] GC(354) Eden regions: 1118->0(1107)
[2186.638s][info][gc,heap        ] GC(354) Survivor regions: 110->110(154)
[2186.638s][info][gc,heap        ] GC(354) Old regions: 505->538
[2186.638s][info][gc,heap        ] GC(354) Humongous regions: 80->80
[2186.638s][info][gc,metaspace   ] GC(354) Metaspace: 28900K(29248K)->28900K(29248K) NonClass: 24016K(24128K)->24016K(24128K) Class: 4884K(5120K)->4884K(5120K)
[2186.638s][info][gc             ] GC(354) Pause Young (Prepare Mixed) (G1 Evacuation Pause) 3625M->1454M(4096M) 120.221ms
[2186.638s][info][gc,cpu         ] GC(354) User=0.71s Sys=0.00s Real=0.12s
... (rIR:aIR:PR = 3321:3323:3323) (tPR = 49409) [OK] 
  2189s: Performance info:
         Transaction,    Success,    Partial,     Failed,   Receipts, AvgBarcode, 
             Overall,     199569,          0,          0,     189574,      59.47, 
         Response times:
             Request,    Success,    Partial,     Failed,   SkipFail,     Probes,    Samples,      min,      p50,      p90,      p95,      p99,      max, 
       TotalPurchase,     189574,          0,          0,          0,     186010,     205567,      300,     2900,     4900,     6600,    36000,   173000,
     InStorePurchase,      99771,          0,          0,          0,      98062,     108178,      300,     2800,     4800,     6500,    35000,   164000,
      OnlinePurchase,      69865,          0,          0,          0,      68592,      75720,      400,     3000,     5000,     6800,    37000,   173000,
        InstPurchase,      19938,          0,          0,          0,      19356,      21669,      400,     2900,     4800,     6500,    35300,   164000,
          AssocOfCat,        199,          0,          0,          0,        143,        214,    22000,    31000,    43000,    66750,   156250,   177000,
      AssocOfProduct,       2004,          0,          0,          0,       1823,       2171,      500,     1600,     4300,     5400,    25280,   140000,
      BusinessReport,        501,          0,          0,          0,        408,        541,    24000,    35000,    48000,    60900,   164740,   187000,
          CustBuyBeh,       2003,          0,          0,          0,       1842,       2220,      300,     1600,     4100,     5795,    29000,   122000,
       ProductReturn,       5288,          0,          0,          0,       5011,       5771,      200,     2100,     4600,     6100,    33280,   145000,

  2189s: (25%)   IR =   3459 ..[2192.184s][info][gc,start       ] GC(355) Pause Young (Mixed) (G1 Evacuation Pause)
[2192.184s][info][gc,task        ] GC(355) Using 6 workers of 6 for evacuation
[2192.318s][info][gc,phases      ] GC(355)   Pre Evacuate Collection Set: 0.43ms
[2192.318s][info][gc,phases      ] GC(355)   Merge Heap Roots: 0.82ms
[2192.318s][info][gc,phases      ] GC(355)   Evacuate Collection Set: 131.42ms
[2192.318s][info][gc,phases      ] GC(355)   Post Evacuate Collection Set: 1.02ms
[2192.318s][info][gc,phases      ] GC(355)   Other: 0.09ms
[2192.318s][info][gc,heap        ] GC(355) Eden regions: 1107->0(1120)
[2192.318s][info][gc,heap        ] GC(355) Survivor regions: 110->108(153)
[2192.318s][info][gc,heap        ] GC(355) Old regions: 538->472
[2192.318s][info][gc,heap        ] GC(355) Humongous regions: 80->80
[2192.318s][info][gc,metaspace   ] GC(355) Metaspace: 28900K(29248K)->28900K(29248K) NonClass: 24016K(24128K)->24016K(24128K) Class: 4884K(5120K)->4884K(5120K)
[2192.318s][info][gc             ] GC(355) Pause Young (Mixed) (G1 Evacuation Pause) 3668M->1319M(4096M) 133.947ms
[2192.318s][info][gc,cpu         ] GC(355) User=0.79s Sys=0.00s Real=0.13s
......|[2197.627s][info][gc,start       ] GC(356) Pause Young (Concurrent Start) (G1 Evacuation Pause)
[2197.627s][info][gc,task        ] GC(356) Using 6 workers of 6 for evacuation
[2197.748s][info][gc,phases      ] GC(356)   Pre Evacuate Collection Set: 0.40ms
[2197.748s][info][gc,phases      ] GC(356)   Merge Heap Roots: 0.53ms
[2197.748s][info][gc,phases      ] GC(356)   Evacuate Collection Set: 119.38ms
[2197.748s][info][gc,phases      ] GC(356)   Post Evacuate Collection Set: 0.91ms
[2197.748s][info][gc,phases      ] GC(356)   Other: 0.11ms
[2197.748s][info][gc,heap        ] GC(356) Eden regions: 1120->0(1116)
[2197.748s][info][gc,heap        ] GC(356) Survivor regions: 108->112(154)
[2197.748s][info][gc,heap        ] GC(356) Old regions: 472->504
[2197.748s][info][gc,heap        ] GC(356) Humongous regions: 80->80
[2197.748s][info][gc,metaspace   ] GC(356) Metaspace: 28901K(29248K)->28901K(29248K) NonClass: 24017K(24128K)->24017K(24128K) Class: 4884K(5120K)->4884K(5120K)
[2197.748s][info][gc             ] GC(356) Pause Young (Concurrent Start) (G1 Evacuation Pause) 3559M->1390M(4096M) 121.462ms
[2197.748s][info][gc             ] GC(357) Concurrent Mark Cycle
[2197.748s][info][gc,marking     ] GC(357) Concurrent Scan Root Regions
[2197.748s][info][gc,cpu         ] GC(356) User=0.72s Sys=0.00s Real=0.12s
[2197.934s][info][gc,marking     ] GC(357) Concurrent Scan Root Regions 185.458ms
[2197.934s][info][gc,marking     ] GC(357) Concurrent Mark
[2197.934s][info][gc,marking     ] GC(357) Concurrent Mark From Roots
[2197.934s][info][gc,task        ] GC(357) Using 2 workers of 2 for marking
.[2198.598s][info][gc,marking     ] GC(357) Concurrent Mark From Roots 663.920ms
[2198.598s][info][gc,marking     ] GC(357) Concurrent Preclean
[2198.598s][info][gc,marking     ] GC(357) Concurrent Preclean 0.059ms
[2198.598s][info][gc,start       ] GC(357) Pause Remark
[2198.602s][info][gc             ] GC(357) Pause Remark 1814M->1814M(4096M) 4.088ms
[2198.602s][info][gc,cpu         ] GC(357) User=0.02s Sys=0.00s Real=0.01s
[2198.602s][info][gc,marking     ] GC(357) Concurrent Mark 668.386ms
[2198.602s][info][gc,marking     ] GC(357) Concurrent Rebuild Remembered Sets and Scrub Regions
[2198.839s][info][gc,marking     ] GC(357) Concurrent Rebuild Remembered Sets and Scrub Regions 237.013ms
[2198.840s][info][gc,start       ] GC(357) Pause Cleanup
[2198.840s][info][gc             ] GC(357) Pause Cleanup 1896M->1896M(4096M) 0.134ms
[2198.840s][info][gc,cpu         ] GC(357) User=0.00s Sys=0.00s Real=0.00s
[2198.840s][info][gc,marking     ] GC(357) Concurrent Clear Claimed Marks
[2198.840s][info][gc,marking     ] GC(357) Concurrent Clear Claimed Marks 0.038ms
[2198.840s][info][gc,marking     ] GC(357) Concurrent Cleanup for Next Mark
[2198.843s][info][gc,marking     ] GC(357) Concurrent Cleanup for Next Mark 3.195ms
[2198.843s][info][gc             ] GC(357) Concurrent Mark Cycle 1094.579ms
....[2203.003s][info][gc,start       ] GC(358) Pause Young (Prepare Mixed) (G1 Evacuation Pause)
[2203.003s][info][gc,task        ] GC(358) Using 6 workers of 6 for evacuation
[2203.120s][info][gc,phases      ] GC(358)   Pre Evacuate Collection Set: 0.37ms
[2203.120s][info][gc,phases      ] GC(358)   Merge Heap Roots: 0.67ms
[2203.120s][info][gc,phases      ] GC(358)   Evacuate Collection Set: 114.37ms
[2203.120s][info][gc,phases      ] GC(358)   Post Evacuate Collection Set: 0.97ms
[2203.120s][info][gc,phases      ] GC(358)   Other: 0.09ms
[2203.120s][info][gc,heap        ] GC(358) Eden regions: 1116->0(1115)
[2203.120s][info][gc,heap        ] GC(358) Survivor regions: 112->107(154)
[2203.120s][info][gc,heap        ] GC(358) Old regions: 504->536
[2203.120s][info][gc,heap        ] GC(358) Humongous regions: 80->80
[2203.120s][info][gc,metaspace   ] GC(358) Metaspace: 28901K(29248K)->28901K(29248K) NonClass: 24017K(24128K)->24017K(24128K) Class: 4884K(5120K)->4884K(5120K)
[2203.120s][info][gc             ] GC(358) Pause Young (Prepare Mixed) (G1 Evacuation Pause) 3622M->1444M(4096M) 116.603ms
[2203.120s][info][gc,cpu         ] GC(358) User=0.69s Sys=0.00s Real=0.11s
......[2208.545s][info][gc,start       ] GC(359) Pause Young (Mixed) (G1 Evacuation Pause)
[2208.545s][info][gc,task        ] GC(359) Using 6 workers of 6 for evacuation
[2208.677s][info][gc,phases      ] GC(359)   Pre Evacuate Collection Set: 0.36ms
[2208.677s][info][gc,phases      ] GC(359)   Merge Heap Roots: 0.81ms
[2208.677s][info][gc,phases      ] GC(359)   Evacuate Collection Set: 129.72ms
[2208.677s][info][gc,phases      ] GC(359)   Post Evacuate Collection Set: 0.97ms
[2208.677s][info][gc,phases      ] GC(359)   Other: 0.09ms
[2208.677s][info][gc,heap        ] GC(359) Eden regions: 1115->0(1119)
[2208.677s][info][gc,heap        ] GC(359) Survivor regions: 107->109(153)
[2208.677s][info][gc,heap        ] GC(359) Old regions: 536->471
[2208.677s][info][gc,heap        ] GC(359) Humongous regions: 80->80
[2208.677s][info][gc,metaspace   ] GC(359) Metaspace: 28901K(29248K)->28901K(29248K) NonClass: 24017K(24128K)->24017K(24128K) Class: 4884K(5120K)->4884K(5120K)
[2208.677s][info][gc             ] GC(359) Pause Young (Mixed) (G1 Evacuation Pause) 3674M->1317M(4096M) 132.079ms
[2208.677s][info][gc,cpu         ] GC(359) User=0.78s Sys=0.00s Real=0.13s
.....[2214.035s][info][gc,start       ] GC(360) Pause Young (Concurrent Start) (G1 Evacuation Pause)
[2214.035s][info][gc,task        ] GC(360) Using 6 workers of 6 for evacuation
[2214.157s][info][gc,phases      ] GC(360)   Pre Evacuate Collection Set: 0.40ms
[2214.157s][info][gc,phases      ] GC(360)   Merge Heap Roots: 0.54ms
[2214.157s][info][gc,phases      ] GC(360)   Evacuate Collection Set: 119.77ms
[2214.157s][info][gc,phases      ] GC(360)   Post Evacuate Collection Set: 0.92ms
[2214.157s][info][gc,phases      ] GC(360)   Other: 0.12ms
[2214.157s][info][gc,heap        ] GC(360) Eden regions: 1119->0(1116)
[2214.157s][info][gc,heap        ] GC(360) Survivor regions: 109->112(154)
[2214.157s][info][gc,heap        ] GC(360) Old regions: 471->503
[2214.157s][info][gc,heap        ] GC(360) Humongous regions: 80->80
[2214.157s][info][gc,metaspace   ] GC(360) Metaspace: 28905K(29312K)->28905K(29312K) NonClass: 24021K(24192K)->24021K(24192K) Class: 4884K(5120K)->4884K(5120K)
[2214.157s][info][gc             ] GC(360) Pause Young (Concurrent Start) (G1 Evacuation Pause) 3555M->1388M(4096M) 121.895ms
[2214.157s][info][gc             ] GC(361) Concurrent Mark Cycle
[2214.157s][info][gc,marking     ] GC(361) Concurrent Scan Root Regions
[2214.157s][info][gc,cpu         ] GC(360) User=0.72s Sys=0.00s Real=0.12s
[2214.336s][info][gc,marking     ] GC(361) Concurrent Scan Root Regions 178.844ms
[2214.336s][info][gc,marking     ] GC(361) Concurrent Mark
[2214.336s][info][gc,marking     ] GC(361) Concurrent Mark From Roots
[2214.336s][info][gc,task        ] GC(361) Using 2 workers of 2 for marking
.[2215.314s][info][gc,marking     ] GC(361) Concurrent Mark From Roots 977.257ms
[2215.314s][info][gc,marking     ] GC(361) Concurrent Preclean
[2215.314s][info][gc,marking     ] GC(361) Concurrent Preclean 0.062ms
[2215.314s][info][gc,start       ] GC(361) Pause Remark
[2215.319s][info][gc             ] GC(361) Pause Remark 1972M->1972M(4096M) 4.937ms
[2215.319s][info][gc,cpu         ] GC(361) User=0.02s Sys=0.00s Real=0.00s
[2215.319s][info][gc,marking     ] GC(361) Concurrent Mark 982.537ms
[2215.319s][info][gc,marking     ] GC(361) Concurrent Rebuild Remembered Sets and Scrub Regions
.[2215.672s][info][gc,marking     ] GC(361) Concurrent Rebuild Remembered Sets and Scrub Regions 353.261ms
[2215.673s][info][gc,start       ] GC(361) Pause Cleanup
[2215.673s][info][gc             ] GC(361) Pause Cleanup 2097M->2097M(4096M) 0.154ms
[2215.673s][info][gc,cpu         ] GC(361) User=0.00s Sys=0.00s Real=0.00s
[2215.674s][info][gc,marking     ] GC(361) Concurrent Clear Claimed Marks
[2215.674s][info][gc,marking     ] GC(361) Concurrent Clear Claimed Marks 0.041ms
[2215.674s][info][gc,marking     ] GC(361) Concurrent Cleanup for Next Mark
[2215.678s][info][gc,marking     ] GC(361) Concurrent Cleanup for Next Mark 3.831ms
[2215.678s][info][gc             ] GC(361) Concurrent Mark Cycle 1520.268ms
....[2219.526s][info][gc,start       ] GC(362) Pause Young (Prepare Mixed) (G1 Evacuation Pause)
[2219.527s][info][gc,task        ] GC(362) Using 6 workers of 6 for evacuation
[2219.643s][info][gc,phases      ] GC(362)   Pre Evacuate Collection Set: 0.34ms
[2219.643s][info][gc,phases      ] GC(362)   Merge Heap Roots: 0.55ms
[2219.643s][info][gc,phases      ] GC(362)   Evacuate Collection Set: 114.93ms
[2219.643s][info][gc,phases      ] GC(362)   Post Evacuate Collection Set: 0.95ms
[2219.643s][info][gc,phases      ] GC(362)   Other: 0.09ms
[2219.643s][info][gc,heap        ] GC(362) Eden regions: 1116->0(1111)
[2219.643s][info][gc,heap        ] GC(362) Survivor regions: 112->109(154)
[2219.643s][info][gc,heap        ] GC(362) Old regions: 503->536
[2219.643s][info][gc,heap        ] GC(362) Humongous regions: 80->80
[2219.643s][info][gc,metaspace   ] GC(362) Metaspace: 28905K(29312K)->28905K(29312K) NonClass: 24021K(24192K)->24021K(24192K) Class: 4884K(5120K)->4884K(5120K)
[2219.643s][info][gc             ] GC(362) Pause Young (Prepare Mixed) (G1 Evacuation Pause) 3620M->1447M(4096M) 117.005ms
[2219.644s][info][gc,cpu         ] GC(362) User=0.69s Sys=0.00s Real=0.12s
.....[2224.807s][info][gc,start       ] GC(363) Pause Young (Mixed) (G1 Evacuation Pause)
[2224.807s][info][gc,task        ] GC(363) Using 6 workers of 6 for evacuation
[2224.939s][info][gc,phases      ] GC(363)   Pre Evacuate Collection Set: 0.39ms
[2224.939s][info][gc,phases      ] GC(363)   Merge Heap Roots: 0.73ms
[2224.939s][info][gc,phases      ] GC(363)   Evacuate Collection Set: 130.31ms
[2224.939s][info][gc,phases      ] GC(363)   Post Evacuate Collection Set: 0.97ms
[2224.939s][info][gc,phases      ] GC(363)   Other: 0.09ms
[2224.939s][info][gc,heap        ] GC(363) Eden regions: 1111->0(1120)
[2224.939s][info][gc,heap        ] GC(363) Survivor regions: 109->108(153)
[2224.939s][info][gc,heap        ] GC(363) Old regions: 536->472
[2224.939s][info][gc,heap        ] GC(363) Humongous regions: 80->80
[2224.939s][info][gc,metaspace   ] GC(363) Metaspace: 28905K(29312K)->28905K(29312K) NonClass: 24021K(24192K)->24021K(24192K) Class: 4884K(5120K)->4884K(5120K)
[2224.939s][info][gc             ] GC(363) Pause Young (Mixed) (G1 Evacuation Pause) 3669M->1319M(4096M) 132.646ms
[2224.939s][info][gc,cpu         ] GC(363) User=0.78s Sys=0.01s Real=0.13s
.....[2230.375s][info][gc,start       ] GC(364) Pause Young (Concurrent Start) (G1 Evacuation Pause)
[2230.375s][info][gc,task        ] GC(364) Using 6 workers of 6 for evacuation
[2230.492s][info][gc,phases      ] GC(364)   Pre Evacuate Collection Set: 0.48ms
[2230.492s][info][gc,phases      ] GC(364)   Merge Heap Roots: 0.56ms
[2230.492s][info][gc,phases      ] GC(364)   Evacuate Collection Set: 114.55ms
[2230.492s][info][gc,phases      ] GC(364)   Post Evacuate Collection Set: 0.93ms
[2230.492s][info][gc,phases      ] GC(364)   Other: 0.13ms
[2230.492s][info][gc,heap        ] GC(364) Eden regions: 1120->0(1120)
[2230.492s][info][gc,heap        ] GC(364) Survivor regions: 108->108(154)
[2230.492s][info][gc,heap        ] GC(364) Old regions: 472->504
[2230.492s][info][gc,heap        ] GC(364) Humongous regions: 80->80
[2230.492s][info][gc,metaspace   ] GC(364) Metaspace: 28905K(29312K)->28905K(29312K) NonClass: 24021K(24192K)->24021K(24192K) Class: 4884K(5120K)->4884K(5120K)
[2230.492s][info][gc             ] GC(364) Pause Young (Concurrent Start) (G1 Evacuation Pause) 3559M->1382M(4096M) 116.781ms
[2230.492s][info][gc             ] GC(365) Concurrent Mark Cycle
[2230.492s][info][gc,marking     ] GC(365) Concurrent Scan Root Regions
[2230.492s][info][gc,cpu         ] GC(364) User=0.69s Sys=0.01s Real=0.11s
.[2230.671s][info][gc,marking     ] GC(365) Concurrent Scan Root Regions 178.663ms
[2230.671s][info][gc,marking     ] GC(365) Concurrent Mark
[2230.671s][info][gc,marking     ] GC(365) Concurrent Mark From Roots
[2230.671s][info][gc,task        ] GC(365) Using 2 workers of 2 for marking
[2231.351s][info][gc,marking     ] GC(365) Concurrent Mark From Roots 680.822ms
[2231.351s][info][gc,marking     ] GC(365) Concurrent Preclean
[2231.351s][info][gc,marking     ] GC(365) Concurrent Preclean 0.071ms
[2231.352s][info][gc,start       ] GC(365) Pause Remark
[2231.356s][info][gc             ] GC(365) Pause Remark 1812M->1812M(4096M) 4.389ms
[2231.356s][info][gc,cpu         ] GC(365) User=0.02s Sys=0.00s Real=0.01s
[2231.356s][info][gc,marking     ] GC(365) Concurrent Mark 685.576ms
[2231.356s][info][gc,marking     ] GC(365) Concurrent Rebuild Remembered Sets and Scrub Regions
.[2231.613s][info][gc,marking     ] GC(365) Concurrent Rebuild Remembered Sets and Scrub Regions 256.990ms
[2231.613s][info][gc,start       ] GC(365) Pause Cleanup
[2231.613s][info][gc             ] GC(365) Pause Cleanup 1915M->1915M(4096M) 0.145ms
[2231.613s][info][gc,cpu         ] GC(365) User=0.00s Sys=0.00s Real=0.00s
[2231.613s][info][gc,marking     ] GC(365) Concurrent Clear Claimed Marks
[2231.614s][info][gc,marking     ] GC(365) Concurrent Clear Claimed Marks 0.032ms
[2231.614s][info][gc,marking     ] GC(365) Concurrent Cleanup for Next Mark
[2231.617s][info][gc,marking     ] GC(365) Concurrent Cleanup for Next Mark 3.216ms
[2231.617s][info][gc             ] GC(365) Concurrent Mark Cycle 1124.937ms
....[2235.835s][info][gc,start       ] GC(366) Pause Young (Prepare Mixed) (G1 Evacuation Pause)
[2235.835s][info][gc,task        ] GC(366) Using 6 workers of 6 for evacuation
[2235.955s][info][gc,phases      ] GC(366)   Pre Evacuate Collection Set: 0.35ms
[2235.955s][info][gc,phases      ] GC(366)   Merge Heap Roots: 0.59ms
[2235.955s][info][gc,phases      ] GC(366)   Evacuate Collection Set: 118.28ms
[2235.955s][info][gc,phases      ] GC(366)   Post Evacuate Collection Set: 0.96ms
[2235.955s][info][gc,phases      ] GC(366)   Other: 0.09ms
[2235.955s][info][gc,heap        ] GC(366) Eden regions: 1120->0(1110)
[2235.955s][info][gc,heap        ] GC(366) Survivor regions: 108->110(154)
[2235.955s][info][gc,heap        ] GC(366) Old regions: 504->535
[2235.955s][info][gc,heap        ] GC(366) Humongous regions: 80->80
[2235.955s][info][gc,metaspace   ] GC(366) Metaspace: 28905K(29312K)->28905K(29312K) NonClass: 24021K(24192K)->24021K(24192K) Class: 4884K(5120K)->4884K(5120K)
[2235.955s][info][gc             ] GC(366) Pause Young (Prepare Mixed) (G1 Evacuation Pause) 3622M->1449M(4096M) 120.419ms
[2235.955s][info][gc,cpu         ] GC(366) User=0.71s Sys=0.00s Real=0.12s
.....[2241.261s][info][gc,start       ] GC(367) Pause Young (Mixed) (G1 Evacuation Pause)
[2241.261s][info][gc,task        ] GC(367) Using 6 workers of 6 for evacuation
[2241.392s][info][gc,phases      ] GC(367)   Pre Evacuate Collection Set: 0.42ms
[2241.392s][info][gc,phases      ] GC(367)   Merge Heap Roots: 0.76ms
[2241.392s][info][gc,phases      ] GC(367)   Evacuate Collection Set: 129.01ms
[2241.392s][info][gc,phases      ] GC(367)   Post Evacuate Collection Set: 1.02ms
[2241.392s][info][gc,phases      ] GC(367)   Other: 0.10ms
[2241.392s][info][gc,heap        ] GC(367) Eden regions: 1110->0(1121)
[2241.392s][info][gc,heap        ] GC(367) Survivor regions: 110->107(153)
[2241.392s][info][gc,heap        ] GC(367) Old regions: 535->472
[2241.392s][info][gc,heap        ] GC(367) Humongous regions: 80->80
[2241.392s][info][gc,metaspace   ] GC(367) Metaspace: 28905K(29312K)->28905K(29312K) NonClass: 24021K(24192K)->24021K(24192K) Class: 4884K(5120K)->4884K(5120K)
[2241.392s][info][gc             ] GC(367) Pause Young (Mixed) (G1 Evacuation Pause) 3669M->1317M(4096M) 131.450ms
[2241.392s][info][gc,cpu         ] GC(367) User=0.78s Sys=0.00s Real=0.14s
......[2246.696s][info][gc,start       ] GC(368) Pause Young (Concurrent Start) (G1 Evacuation Pause)
[2246.696s][info][gc,task        ] GC(368) Using 6 workers of 6 for evacuation
[2246.814s][info][gc,phases      ] GC(368)   Pre Evacuate Collection Set: 0.42ms
[2246.814s][info][gc,phases      ] GC(368)   Merge Heap Roots: 0.57ms
[2246.814s][info][gc,phases      ] GC(368)   Evacuate Collection Set: 115.19ms
[2246.814s][info][gc,phases      ] GC(368)   Post Evacuate Collection Set: 0.90ms
[2246.814s][info][gc,phases      ] GC(368)   Other: 0.13ms
[2246.814s][info][gc,heap        ] GC(368) Eden regions: 1121->0(1120)
[2246.814s][info][gc,heap        ] GC(368) Survivor regions: 107->108(154)
[2246.814s][info][gc,heap        ] GC(368) Old regions: 472->504
[2246.814s][info][gc,heap        ] GC(368) Humongous regions: 80->80
[2246.814s][info][gc,metaspace   ] GC(368) Metaspace: 28905K(29312K)->28905K(29312K) NonClass: 24021K(24192K)->24021K(24192K) Class: 4884K(5120K)->4884K(5120K)
[2246.814s][info][gc             ] GC(368) Pause Young (Concurrent Start) (G1 Evacuation Pause) 3559M->1383M(4096M) 117.315ms
[2246.814s][info][gc             ] GC(369) Concurrent Mark Cycle
[2246.814s][info][gc,marking     ] GC(369) Concurrent Scan Root Regions
[2246.814s][info][gc,cpu         ] GC(368) User=0.70s Sys=0.00s Real=0.12s
[2246.952s][info][gc,marking     ] GC(369) Concurrent Scan Root Regions 138.097ms
[2246.952s][info][gc,marking     ] GC(369) Concurrent Mark
[2246.952s][info][gc,marking     ] GC(369) Concurrent Mark From Roots
[2246.952s][info][gc,task        ] GC(369) Using 2 workers of 2 for marking
.[2247.658s][info][gc,marking     ] GC(369) Concurrent Mark From Roots 706.194ms
[2247.658s][info][gc,marking     ] GC(369) Concurrent Preclean
[2247.658s][info][gc,marking     ] GC(369) Concurrent Preclean 0.059ms
[2247.658s][info][gc,start       ] GC(369) Pause Remark
[2247.663s][info][gc             ] GC(369) Pause Remark 1792M->1792M(4096M) 4.350ms
[2247.663s][info][gc,cpu         ] GC(369) User=0.02s Sys=0.00s Real=0.01s
[2247.663s][info][gc,marking     ] GC(369) Concurrent Mark 710.869ms
[2247.663s][info][gc,marking     ] GC(369) Concurrent Rebuild Remembered Sets and Scrub Regions
[2248.017s][info][gc,marking     ] GC(369) Concurrent Rebuild Remembered Sets and Scrub Regions 353.787ms
[2248.017s][info][gc,start       ] GC(369) Pause Cleanup
[2248.017s][info][gc             ] GC(369) Pause Cleanup 1943M->1943M(4096M) 0.129ms
[2248.017s][info][gc,cpu         ] GC(369) User=0.00s Sys=0.00s Real=0.00s
[2248.017s][info][gc,marking     ] GC(369) Concurrent Clear Claimed Marks
[2248.017s][info][gc,marking     ] GC(369) Concurrent Clear Claimed Marks 0.037ms
[2248.017s][info][gc,marking     ] GC(369) Concurrent Cleanup for Next Mark
[2248.020s][info][gc,marking     ] GC(369) Concurrent Cleanup for Next Mark 3.277ms
[2248.020s][info][gc             ] GC(369) Concurrent Mark Cycle 1206.501ms
....[2252.204s][info][gc,start       ] GC(370) Pause Young (Prepare Mixed) (G1 Evacuation Pause)
[2252.204s][info][gc,task        ] GC(370) Using 6 workers of 6 for evacuation
[2252.323s][info][gc,phases      ] GC(370)   Pre Evacuate Collection Set: 0.38ms
[2252.324s][info][gc,phases      ] GC(370)   Merge Heap Roots: 0.66ms
[2252.324s][info][gc,phases      ] GC(370)   Evacuate Collection Set: 117.29ms
[2252.324s][info][gc,phases      ] GC(370)   Post Evacuate Collection Set: 0.95ms
[2252.324s][info][gc,phases      ] GC(370)   Other: 0.09ms
[2252.324s][info][gc,heap        ] GC(370) Eden regions: 1120->0(1112)
[2252.324s][info][gc,heap        ] GC(370) Survivor regions: 108->109(154)
[2252.324s][info][gc,heap        ] GC(370) Old regions: 504->535
[2252.324s][info][gc,heap        ] GC(370) Humongous regions: 80->80
[2252.324s][info][gc,metaspace   ] GC(370) Metaspace: 28905K(29312K)->28905K(29312K) NonClass: 24021K(24192K)->24021K(24192K) Class: 4884K(5120K)->4884K(5120K)
[2252.324s][info][gc             ] GC(370) Pause Young (Prepare Mixed) (G1 Evacuation Pause) 3623M->1447M(4096M) 119.505ms
[2252.324s][info][gc,cpu         ] GC(370) User=0.71s Sys=0.00s Real=0.12s
...... (rIR:aIR:PR = 3459:3460:3460) (tPR = 51164) [OK] 
  2257s: Performance info:
         Transaction,    Success,    Partial,     Failed,   Receipts, AvgBarcode, 
             Overall,     208010,          0,          0,     197620,      59.46, 
         Response times:
             Request,    Success,    Partial,     Failed,   SkipFail,     Probes,    Samples,      min,      p50,      p90,      p95,      p99,      max, 
       TotalPurchase,     197620,          0,          0,          0,     193405,     220106,      300,     2900,     4900,     6500,    42000,   181000,
     InStorePurchase,     104012,          0,          0,          0,     102081,     115816,      300,     2800,     4800,     6400,    42000,   181000,
      OnlinePurchase,      72800,          0,          0,          0,      71134,      80978,      300,     3000,     5000,     6700,    40000,   176000,
        InstPurchase,      20808,          0,          0,          0,      20190,      23312,      400,     3200,     5100,     6900,    48870,   181000,
          AssocOfCat,        207,          0,          0,          0,        146,        240,    21000,    31000,    45700,    59900,   163080,   181000,
      AssocOfProduct,       2083,          0,          0,          0,       1878,       2253,      500,     3700,     5600,     7830,    65000,   140000,
      BusinessReport,        518,          0,          0,          0,        433,        578,    22000,    35000,    51000,    71000,   160050,   214000,
          CustBuyBeh,       2084,          0,          0,          0,       1869,       2302,      200,     1500,     4700,     6685,    30940,   138000,
       ProductReturn,       5498,          0,          0,          0,       5159,       6135,      200,     2200,     4400,     5400,    37640,   140000,

  2257s: (26%)   IR =   3598 [2257.693s][info][gc,start       ] GC(371) Pause Young (Mixed) (G1 Evacuation Pause)
[2257.693s][info][gc,task        ] GC(371) Using 6 workers of 6 for evacuation
[2257.859s][info][gc,phases      ] GC(371)   Pre Evacuate Collection Set: 0.44ms
[2257.859s][info][gc,phases      ] GC(371)   Merge Heap Roots: 0.83ms
[2257.859s][info][gc,phases      ] GC(371)   Evacuate Collection Set: 162.89ms
[2257.859s][info][gc,phases      ] GC(371)   Post Evacuate Collection Set: 0.96ms
[2257.859s][info][gc,phases      ] GC(371)   Other: 0.09ms
[2257.859s][info][gc,heap        ] GC(371) Eden regions: 1112->0(1119)
[2257.859s][info][gc,heap        ] GC(371) Survivor regions: 109->109(153)
[2257.859s][info][gc,heap        ] GC(371) Old regions: 535->471
[2257.859s][info][gc,heap        ] GC(371) Humongous regions: 80->80
[2257.859s][info][gc,metaspace   ] GC(371) Metaspace: 28912K(29312K)->28912K(29312K) NonClass: 24028K(24192K)->24028K(24192K) Class: 4884K(5120K)->4884K(5120K)
[2257.859s][info][gc             ] GC(371) Pause Young (Mixed) (G1 Evacuation Pause) 3671M->1318M(4096M) 165.353ms
[2257.859s][info][gc,cpu         ] GC(371) User=0.98s Sys=0.00s Real=0.16s
....|.[2262.963s][info][gc,start       ] GC(372) Pause Young (Concurrent Start) (G1 Evacuation Pause)
[2262.963s][info][gc,task        ] GC(372) Using 6 workers of 6 for evacuation
[2263.082s][info][gc,phases      ] GC(372)   Pre Evacuate Collection Set: 0.42ms
[2263.082s][info][gc,phases      ] GC(372)   Merge Heap Roots: 0.49ms
[2263.082s][info][gc,phases      ] GC(372)   Evacuate Collection Set: 116.76ms
[2263.082s][info][gc,phases      ] GC(372)   Post Evacuate Collection Set: 0.93ms
[2263.082s][info][gc,phases      ] GC(372)   Other: 0.12ms
[2263.082s][info][gc,heap        ] GC(372) Eden regions: 1119->0(1117)
[2263.082s][info][gc,heap        ] GC(372) Survivor regions: 109->111(154)
[2263.082s][info][gc,heap        ] GC(372) Old regions: 471->503
[2263.082s][info][gc,heap        ] GC(372) Humongous regions: 80->80
[2263.082s][info][gc,metaspace   ] GC(372) Metaspace: 28912K(29312K)->28912K(29312K) NonClass: 24028K(24192K)->24028K(24192K) Class: 4884K(5120K)->4884K(5120K)
[2263.082s][info][gc             ] GC(372) Pause Young (Concurrent Start) (G1 Evacuation Pause) 3556M->1386M(4096M) 118.859ms
[2263.082s][info][gc             ] GC(373) Concurrent Mark Cycle
[2263.082s][info][gc,marking     ] GC(373) Concurrent Scan Root Regions
[2263.082s][info][gc,cpu         ] GC(372) User=0.70s Sys=0.00s Real=0.11s
[2263.256s][info][gc,marking     ] GC(373) Concurrent Scan Root Regions 174.480ms
[2263.256s][info][gc,marking     ] GC(373) Concurrent Mark
[2263.256s][info][gc,marking     ] GC(373) Concurrent Mark From Roots
[2263.256s][info][gc,task        ] GC(373) Using 2 workers of 2 for marking
.[2264.162s][info][gc,marking     ] GC(373) Concurrent Mark From Roots 905.070ms
[2264.162s][info][gc,marking     ] GC(373) Concurrent Preclean
[2264.162s][info][gc,marking     ] GC(373) Concurrent Preclean 0.084ms
[2264.162s][info][gc,start       ] GC(373) Pause Remark
[2264.166s][info][gc             ] GC(373) Pause Remark 1911M->1911M(4096M) 3.943ms
[2264.166s][info][gc,cpu         ] GC(373) User=0.02s Sys=0.01s Real=0.01s
[2264.166s][info][gc,marking     ] GC(373) Concurrent Mark 909.988ms
[2264.166s][info][gc,marking     ] GC(373) Concurrent Rebuild Remembered Sets and Scrub Regions
[2264.521s][info][gc,marking     ] GC(373) Concurrent Rebuild Remembered Sets and Scrub Regions 354.562ms
[2264.521s][info][gc,start       ] GC(373) Pause Cleanup
[2264.521s][info][gc             ] GC(373) Pause Cleanup 2060M->2060M(4096M) 0.134ms
[2264.521s][info][gc,cpu         ] GC(373) User=0.00s Sys=0.00s Real=0.00s
[2264.521s][info][gc,marking     ] GC(373) Concurrent Clear Claimed Marks
[2264.521s][info][gc,marking     ] GC(373) Concurrent Clear Claimed Marks 0.027ms
[2264.521s][info][gc,marking     ] GC(373) Concurrent Cleanup for Next Mark
[2264.526s][info][gc,marking     ] GC(373) Concurrent Cleanup for Next Mark 4.565ms
[2264.526s][info][gc             ] GC(373) Concurrent Mark Cycle 1444.110ms
....[2268.219s][info][gc,start       ] GC(374) Pause Young (Prepare Mixed) (G1 Evacuation Pause)
[2268.220s][info][gc,task        ] GC(374) Using 6 workers of 6 for evacuation
[2268.337s][info][gc,phases      ] GC(374)   Pre Evacuate Collection Set: 0.37ms
[2268.337s][info][gc,phases      ] GC(374)   Merge Heap Roots: 0.63ms
[2268.337s][info][gc,phases      ] GC(374)   Evacuate Collection Set: 115.54ms
[2268.337s][info][gc,phases      ] GC(374)   Post Evacuate Collection Set: 0.94ms
[2268.337s][info][gc,phases      ] GC(374)   Other: 0.10ms
[2268.337s][info][gc,heap        ] GC(374) Eden regions: 1117->0(1113)
[2268.337s][info][gc,heap        ] GC(374) Survivor regions: 111->108(154)
[2268.337s][info][gc,heap        ] GC(374) Old regions: 503->536
[2268.337s][info][gc,heap        ] GC(374) Humongous regions: 80->80
[2268.337s][info][gc,metaspace   ] GC(374) Metaspace: 28912K(29312K)->28912K(29312K) NonClass: 24028K(24192K)->24028K(24192K) Class: 4884K(5120K)->4884K(5120K)
[2268.337s][info][gc             ] GC(374) Pause Young (Prepare Mixed) (G1 Evacuation Pause) 3620M->1445M(4096M) 117.733ms
[2268.337s][info][gc,cpu         ] GC(374) User=0.69s Sys=0.00s Real=0.12s
.....[2273.408s][info][gc,start       ] GC(375) Pause Young (Mixed) (G1 Evacuation Pause)
[2273.408s][info][gc,task        ] GC(375) Using 6 workers of 6 for evacuation
[2273.541s][info][gc,phases      ] GC(375)   Pre Evacuate Collection Set: 0.40ms
[2273.541s][info][gc,phases      ] GC(375)   Merge Heap Roots: 0.69ms
[2273.541s][info][gc,phases      ] GC(375)   Evacuate Collection Set: 130.61ms
[2273.541s][info][gc,phases      ] GC(375)   Post Evacuate Collection Set: 0.97ms
[2273.541s][info][gc,phases      ] GC(375)   Other: 0.09ms
[2273.541s][info][gc,heap        ] GC(375) Eden regions: 1113->0(1118)
[2273.541s][info][gc,heap        ] GC(375) Survivor regions: 108->110(153)
[2273.541s][info][gc,heap        ] GC(375) Old regions: 536->471
[2273.541s][info][gc,heap        ] GC(375) Humongous regions: 80->80
[2273.541s][info][gc,metaspace   ] GC(375) Metaspace: 28912K(29312K)->28912K(29312K) NonClass: 24028K(24192K)->24028K(24192K) Class: 4884K(5120K)->4884K(5120K)
[2273.541s][info][gc             ] GC(375) Pause Young (Mixed) (G1 Evacuation Pause) 3671M->1320M(4096M) 132.888ms
[2273.541s][info][gc,cpu         ] GC(375) User=0.79s Sys=0.00s Real=0.13s
......[2278.769s][info][gc,start       ] GC(376) Pause Young (Concurrent Start) (G1 Evacuation Pause)
[2278.769s][info][gc,task        ] GC(376) Using 6 workers of 6 for evacuation
[2278.890s][info][gc,phases      ] GC(376)   Pre Evacuate Collection Set: 0.43ms
[2278.890s][info][gc,phases      ] GC(376)   Merge Heap Roots: 0.52ms
[2278.890s][info][gc,phases      ] GC(376)   Evacuate Collection Set: 119.07ms
[2278.890s][info][gc,phases      ] GC(376)   Post Evacuate Collection Set: 0.92ms
[2278.890s][info][gc,phases      ] GC(376)   Other: 0.10ms
[2278.890s][info][gc,heap        ] GC(376) Eden regions: 1118->0(1116)
[2278.890s][info][gc,heap        ] GC(376) Survivor regions: 110->112(154)
[2278.890s][info][gc,heap        ] GC(376) Old regions: 471->503
[2278.890s][info][gc,heap        ] GC(376) Humongous regions: 80->80
[2278.890s][info][gc,metaspace   ] GC(376) Metaspace: 28912K(29312K)->28912K(29312K) NonClass: 24028K(24192K)->24028K(24192K) Class: 4884K(5120K)->4884K(5120K)
[2278.890s][info][gc             ] GC(376) Pause Young (Concurrent Start) (G1 Evacuation Pause) 3556M->1387M(4096M) 121.156ms
[2278.890s][info][gc             ] GC(377) Concurrent Mark Cycle
[2278.890s][info][gc,marking     ] GC(377) Concurrent Scan Root Regions
[2278.890s][info][gc,cpu         ] GC(376) User=0.72s Sys=0.00s Real=0.12s
[2279.019s][info][gc,marking     ] GC(377) Concurrent Scan Root Regions 129.353ms
[2279.019s][info][gc,marking     ] GC(377) Concurrent Mark
[2279.019s][info][gc,marking     ] GC(377) Concurrent Mark From Roots
[2279.019s][info][gc,task        ] GC(377) Using 2 workers of 2 for marking
[2279.586s][info][gc,marking     ] GC(377) Concurrent Mark From Roots 566.193ms
[2279.586s][info][gc,marking     ] GC(377) Concurrent Preclean
[2279.586s][info][gc,marking     ] GC(377) Concurrent Preclean 0.067ms
[2279.586s][info][gc,start       ] GC(377) Pause Remark
[2279.590s][info][gc             ] GC(377) Pause Remark 1746M->1746M(4096M) 4.158ms
[2279.590s][info][gc,cpu         ] GC(377) User=0.02s Sys=0.00s Real=0.00s
[2279.590s][info][gc,marking     ] GC(377) Concurrent Mark 570.683ms
[2279.590s][info][gc,marking     ] GC(377) Concurrent Rebuild Remembered Sets and Scrub Regions
.[2279.817s][info][gc,marking     ] GC(377) Concurrent Rebuild Remembered Sets and Scrub Regions 227.090ms
[2279.817s][info][gc,start       ] GC(377) Pause Cleanup
[2279.817s][info][gc             ] GC(377) Pause Cleanup 1826M->1826M(4096M) 0.131ms
[2279.817s][info][gc,cpu         ] GC(377) User=0.00s Sys=0.00s Real=0.00s
[2279.819s][info][gc,marking     ] GC(377) Concurrent Clear Claimed Marks
[2279.819s][info][gc,marking     ] GC(377) Concurrent Clear Claimed Marks 0.067ms
[2279.819s][info][gc,marking     ] GC(377) Concurrent Cleanup for Next Mark
[2279.823s][info][gc,marking     ] GC(377) Concurrent Cleanup for Next Mark 3.767ms
[2279.823s][info][gc             ] GC(377) Concurrent Mark Cycle 933.033ms
....[2283.917s][info][gc,start       ] GC(378) Pause Young (Prepare Mixed) (G1 Evacuation Pause)
[2283.917s][info][gc,task        ] GC(378) Using 6 workers of 6 for evacuation
[2284.036s][info][gc,phases      ] GC(378)   Pre Evacuate Collection Set: 0.32ms
[2284.036s][info][gc,phases      ] GC(378)   Merge Heap Roots: 0.57ms
[2284.036s][info][gc,phases      ] GC(378)   Evacuate Collection Set: 116.82ms
[2284.036s][info][gc,phases      ] GC(378)   Post Evacuate Collection Set: 0.96ms
[2284.036s][info][gc,phases      ] GC(378)   Other: 0.10ms
[2284.036s][info][gc,heap        ] GC(378) Eden regions: 1116->0(1110)
[2284.036s][info][gc,heap        ] GC(378) Survivor regions: 112->110(154)
[2284.036s][info][gc,heap        ] GC(378) Old regions: 503->535
[2284.036s][info][gc,heap        ] GC(378) Humongous regions: 80->80
[2284.036s][info][gc,metaspace   ] GC(378) Metaspace: 28912K(29312K)->28912K(29312K) NonClass: 24028K(24192K)->24028K(24192K) Class: 4884K(5120K)->4884K(5120K)
[2284.036s][info][gc             ] GC(378) Pause Young (Prepare Mixed) (G1 Evacuation Pause) 3619M->1448M(4096M) 118.907ms
[2284.036s][info][gc,cpu         ] GC(378) User=0.70s Sys=0.01s Real=0.12s
.....[2289.159s][info][gc,start       ] GC(379) Pause Young (Mixed) (G1 Evacuation Pause)
[2289.159s][info][gc,task        ] GC(379) Using 6 workers of 6 for evacuation
[2289.298s][info][gc,phases      ] GC(379)   Pre Evacuate Collection Set: 0.41ms
[2289.298s][info][gc,phases      ] GC(379)   Merge Heap Roots: 0.79ms
[2289.298s][info][gc,phases      ] GC(379)   Evacuate Collection Set: 136.69ms
[2289.298s][info][gc,phases      ] GC(379)   Post Evacuate Collection Set: 0.97ms
[2289.298s][info][gc,phases      ] GC(379)   Other: 0.09ms
[2289.298s][info][gc,heap        ] GC(379) Eden regions: 1110->0(1119)
[2289.298s][info][gc,heap        ] GC(379) Survivor regions: 110->109(153)
[2289.298s][info][gc,heap        ] GC(379) Old regions: 535->472
[2289.298s][info][gc,heap        ] GC(379) Humongous regions: 80->80
[2289.298s][info][gc,metaspace   ] GC(379) Metaspace: 28912K(29312K)->28912K(29312K) NonClass: 24028K(24192K)->24028K(24192K) Class: 4884K(5120K)->4884K(5120K)
[2289.298s][info][gc             ] GC(379) Pause Young (Mixed) (G1 Evacuation Pause) 3668M->1320M(4096M) 139.069ms
[2289.299s][info][gc,cpu         ] GC(379) User=0.82s Sys=0.00s Real=0.14s
.....[2294.445s][info][gc,start       ] GC(380) Pause Young (Concurrent Start) (G1 Evacuation Pause)
[2294.445s][info][gc,task        ] GC(380) Using 6 workers of 6 for evacuation
[2294.561s][info][gc,phases      ] GC(380)   Pre Evacuate Collection Set: 0.42ms
[2294.561s][info][gc,phases      ] GC(380)   Merge Heap Roots: 0.58ms
[2294.561s][info][gc,phases      ] GC(380)   Evacuate Collection Set: 114.66ms
[2294.561s][info][gc,phases      ] GC(380)   Post Evacuate Collection Set: 0.93ms
[2294.561s][info][gc,phases      ] GC(380)   Other: 0.10ms
[2294.562s][info][gc,heap        ] GC(380) Eden regions: 1119->0(1120)
[2294.562s][info][gc,heap        ] GC(380) Survivor regions: 109->108(154)
[2294.562s][info][gc,heap        ] GC(380) Old regions: 472->503
[2294.562s][info][gc,heap        ] GC(380) Humongous regions: 80->80
[2294.562s][info][gc,metaspace   ] GC(380) Metaspace: 28912K(29312K)->28912K(29312K) NonClass: 24028K(24192K)->24028K(24192K) Class: 4884K(5120K)->4884K(5120K)
[2294.562s][info][gc             ] GC(380) Pause Young (Concurrent Start) (G1 Evacuation Pause) 3558M->1379M(4096M) 116.810ms
[2294.562s][info][gc             ] GC(381) Concurrent Mark Cycle
[2294.562s][info][gc,marking     ] GC(381) Concurrent Scan Root Regions
[2294.562s][info][gc,cpu         ] GC(380) User=0.69s Sys=0.00s Real=0.11s
.[2294.702s][info][gc,marking     ] GC(381) Concurrent Scan Root Regions 140.846ms
[2294.702s][info][gc,marking     ] GC(381) Concurrent Mark
[2294.702s][info][gc,marking     ] GC(381) Concurrent Mark From Roots
[2294.702s][info][gc,task        ] GC(381) Using 2 workers of 2 for marking
[2295.330s][info][gc,marking     ] GC(381) Concurrent Mark From Roots 627.346ms
[2295.330s][info][gc,marking     ] GC(381) Concurrent Preclean
[2295.330s][info][gc,marking     ] GC(381) Concurrent Preclean 0.070ms
[2295.331s][info][gc,start       ] GC(381) Pause Remark
[2295.335s][info][gc             ] GC(381) Pause Remark 1780M->1780M(4096M) 4.000ms
[2295.335s][info][gc,cpu         ] GC(381) User=0.02s Sys=0.00s Real=0.01s
[2295.335s][info][gc,marking     ] GC(381) Concurrent Mark 632.245ms
[2295.335s][info][gc,marking     ] GC(381) Concurrent Rebuild Remembered Sets and Scrub Regions
[2295.559s][info][gc,marking     ] GC(381) Concurrent Rebuild Remembered Sets and Scrub Regions 223.847ms
[2295.559s][info][gc,start       ] GC(381) Pause Cleanup
[2295.559s][info][gc             ] GC(381) Pause Cleanup 1866M->1866M(4096M) 0.136ms
[2295.559s][info][gc,cpu         ] GC(381) User=0.00s Sys=0.00s Real=0.00s
[2295.559s][info][gc,marking     ] GC(381) Concurrent Clear Claimed Marks
[2295.559s][info][gc,marking     ] GC(381) Concurrent Clear Claimed Marks 0.027ms
[2295.559s][info][gc,marking     ] GC(381) Concurrent Cleanup for Next Mark
[2295.563s][info][gc,marking     ] GC(381) Concurrent Cleanup for Next Mark 3.845ms
[2295.563s][info][gc             ] GC(381) Concurrent Mark Cycle 1001.282ms
.....[2299.705s][info][gc,start       ] GC(382) Pause Young (Prepare Mixed) (G1 Evacuation Pause)
[2299.705s][info][gc,task        ] GC(382) Using 6 workers of 6 for evacuation
[2299.823s][info][gc,phases      ] GC(382)   Pre Evacuate Collection Set: 0.42ms
[2299.823s][info][gc,phases      ] GC(382)   Merge Heap Roots: 0.63ms
[2299.823s][info][gc,phases      ] GC(382)   Evacuate Collection Set: 115.84ms
[2299.823s][info][gc,phases      ] GC(382)   Post Evacuate Collection Set: 0.98ms
[2299.823s][info][gc,phases      ] GC(382)   Other: 0.09ms
[2299.823s][info][gc,heap        ] GC(382) Eden regions: 1120->0(1112)
[2299.823s][info][gc,heap        ] GC(382) Survivor regions: 108->109(154)
[2299.823s][info][gc,heap        ] GC(382) Old regions: 503->535
[2299.823s][info][gc,heap        ] GC(382) Humongous regions: 80->80
[2299.823s][info][gc,metaspace   ] GC(382) Metaspace: 28912K(29312K)->28912K(29312K) NonClass: 24028K(24192K)->24028K(24192K) Class: 4884K(5120K)->4884K(5120K)
[2299.823s][info][gc             ] GC(382) Pause Young (Prepare Mixed) (G1 Evacuation Pause) 3619M->1445M(4096M) 118.101ms
[2299.823s][info][gc,cpu         ] GC(382) User=0.69s Sys=0.00s Real=0.12s
.....[2304.839s][info][gc,start       ] GC(383) Pause Young (Mixed) (G1 Evacuation Pause)
[2304.839s][info][gc,task        ] GC(383) Using 6 workers of 6 for evacuation
[2304.971s][info][gc,phases      ] GC(383)   Pre Evacuate Collection Set: 0.41ms
[2304.971s][info][gc,phases      ] GC(383)   Merge Heap Roots: 0.81ms
[2304.971s][info][gc,phases      ] GC(383)   Evacuate Collection Set: 129.73ms
[2304.971s][info][gc,phases      ] GC(383)   Post Evacuate Collection Set: 0.97ms
[2304.971s][info][gc,phases      ] GC(383)   Other: 0.09ms
[2304.971s][info][gc,heap        ] GC(383) Eden regions: 1112->0(1119)
[2304.971s][info][gc,heap        ] GC(383) Survivor regions: 109->109(153)
[2304.971s][info][gc,heap        ] GC(383) Old regions: 535->473
[2304.971s][info][gc,heap        ] GC(383) Humongous regions: 80->80
[2304.971s][info][gc,metaspace   ] GC(383) Metaspace: 28912K(29312K)->28912K(29312K) NonClass: 24028K(24192K)->24028K(24192K) Class: 4884K(5120K)->4884K(5120K)
[2304.971s][info][gc             ] GC(383) Pause Young (Mixed) (G1 Evacuation Pause) 3669M->1322M(4096M) 132.148ms
[2304.971s][info][gc,cpu         ] GC(383) User=0.79s Sys=0.00s Real=0.13s
.....[2310.195s][info][gc,start       ] GC(384) Pause Young (Concurrent Start) (G1 Evacuation Pause)
[2310.195s][info][gc,task        ] GC(384) Using 6 workers of 6 for evacuation
[2310.315s][info][gc,phases      ] GC(384)   Pre Evacuate Collection Set: 0.43ms
[2310.315s][info][gc,phases      ] GC(384)   Merge Heap Roots: 0.62ms
[2310.315s][info][gc,phases      ] GC(384)   Evacuate Collection Set: 117.66ms
[2310.315s][info][gc,phases      ] GC(384)   Post Evacuate Collection Set: 0.93ms
[2310.315s][info][gc,phases      ] GC(384)   Other: 0.13ms
[2310.315s][info][gc,heap        ] GC(384) Eden regions: 1119->0(1118)
[2310.315s][info][gc,heap        ] GC(384) Survivor regions: 109->110(154)
[2310.315s][info][gc,heap        ] GC(384) Old regions: 473->505
[2310.315s][info][gc,heap        ] GC(384) Humongous regions: 80->80
[2310.315s][info][gc,metaspace   ] GC(384) Metaspace: 28912K(29312K)->28912K(29312K) NonClass: 24028K(24192K)->24028K(24192K) Class: 4884K(5120K)->4884K(5120K)
[2310.315s][info][gc             ] GC(384) Pause Young (Concurrent Start) (G1 Evacuation Pause) 3560M->1388M(4096M) 119.901ms
[2310.315s][info][gc             ] GC(385) Concurrent Mark Cycle
[2310.315s][info][gc,marking     ] GC(385) Concurrent Scan Root Regions
[2310.315s][info][gc,cpu         ] GC(384) User=0.71s Sys=0.00s Real=0.12s
[2310.493s][info][gc,marking     ] GC(385) Concurrent Scan Root Regions 177.834ms
[2310.493s][info][gc,marking     ] GC(385) Concurrent Mark
[2310.493s][info][gc,marking     ] GC(385) Concurrent Mark From Roots
[2310.493s][info][gc,task        ] GC(385) Using 2 workers of 2 for marking
.[2311.428s][info][gc,marking     ] GC(385) Concurrent Mark From Roots 935.528ms
[2311.428s][info][gc,marking     ] GC(385) Concurrent Preclean
[2311.428s][info][gc,marking     ] GC(385) Concurrent Preclean 0.046ms
[2311.429s][info][gc,start       ] GC(385) Pause Remark
[2311.434s][info][gc             ] GC(385) Pause Remark 1936M->1936M(4096M) 5.002ms
[2311.434s][info][gc,cpu         ] GC(385) User=0.02s Sys=0.00s Real=0.01s
[2311.434s][info][gc,marking     ] GC(385) Concurrent Mark 940.839ms
[2311.434s][info][gc,marking     ] GC(385) Concurrent Rebuild Remembered Sets and Scrub Regions
[2311.664s][info][gc,marking     ] GC(385) Concurrent Rebuild Remembered Sets and Scrub Regions 230.323ms
[2311.664s][info][gc,start       ] GC(385) Pause Cleanup
[2311.664s][info][gc             ] GC(385) Pause Cleanup 2037M->2037M(4096M) 0.134ms
[2311.664s][info][gc,cpu         ] GC(385) User=0.00s Sys=0.00s Real=0.00s
[2311.664s][info][gc,marking     ] GC(385) Concurrent Clear Claimed Marks
[2311.664s][info][gc,marking     ] GC(385) Concurrent Clear Claimed Marks 0.034ms
[2311.664s][info][gc,marking     ] GC(385) Concurrent Cleanup for Next Mark
[2311.668s][info][gc,marking     ] GC(385) Concurrent Cleanup for Next Mark 3.876ms
[2311.668s][info][gc             ] GC(385) Concurrent Mark Cycle 1353.450ms
....[2315.417s][info][gc,start       ] GC(386) Pause Young (Prepare Mixed) (G1 Evacuation Pause)
[2315.417s][info][gc,task        ] GC(386) Using 6 workers of 6 for evacuation
[2315.540s][info][gc,phases      ] GC(386)   Pre Evacuate Collection Set: 0.35ms
[2315.540s][info][gc,phases      ] GC(386)   Merge Heap Roots: 0.55ms
[2315.540s][info][gc,phases      ] GC(386)   Evacuate Collection Set: 121.06ms
[2315.540s][info][gc,phases      ] GC(386)   Post Evacuate Collection Set: 0.94ms
[2315.540s][info][gc,phases      ] GC(386)   Other: 0.10ms
[2315.540s][info][gc,heap        ] GC(386) Eden regions: 1118->0(1100)
[2315.540s][info][gc,heap        ] GC(386) Survivor regions: 110->114(154)
[2315.540s][info][gc,heap        ] GC(386) Old regions: 505->537
[2315.540s][info][gc,heap        ] GC(386) Humongous regions: 80->80
[2315.540s][info][gc,metaspace   ] GC(386) Metaspace: 28912K(29312K)->28912K(29312K) NonClass: 24028K(24192K)->24028K(24192K) Class: 4884K(5120K)->4884K(5120K)
[2315.540s][info][gc             ] GC(386) Pause Young (Prepare Mixed) (G1 Evacuation Pause) 3624M->1460M(4096M) 123.134ms
[2315.540s][info][gc,cpu         ] GC(386) User=0.73s Sys=0.00s Real=0.12s
.....[2320.599s][info][gc,start       ] GC(387) Pause Young (Mixed) (G1 Evacuation Pause)
[2320.599s][info][gc,task        ] GC(387) Using 6 workers of 6 for evacuation
[2320.734s][info][gc,phases      ] GC(387)   Pre Evacuate Collection Set: 0.43ms
[2320.734s][info][gc,phases      ] GC(387)   Merge Heap Roots: 0.77ms
[2320.734s][info][gc,phases      ] GC(387)   Evacuate Collection Set: 132.90ms
[2320.734s][info][gc,phases      ] GC(387)   Post Evacuate Collection Set: 1.01ms
[2320.734s][info][gc,phases      ] GC(387)   Other: 0.09ms
[2320.734s][info][gc,heap        ] GC(387) Eden regions: 1100->0(1120)
[2320.734s][info][gc,heap        ] GC(387) Survivor regions: 114->108(152)
[2320.734s][info][gc,heap        ] GC(387) Old regions: 537->472
[2320.734s][info][gc,heap        ] GC(387) Humongous regions: 80->80
[2320.734s][info][gc,metaspace   ] GC(387) Metaspace: 28912K(29312K)->28912K(29312K) NonClass: 24028K(24192K)->24028K(24192K) Class: 4884K(5120K)->4884K(5120K)
[2320.734s][info][gc             ] GC(387) Pause Young (Mixed) (G1 Evacuation Pause) 3660M->1317M(4096M) 135.353ms
[2320.734s][info][gc,cpu         ] GC(387) User=0.80s Sys=0.00s Real=0.14s
.. (rIR:aIR:PR = 3598:3594:3594) (tPR = 53410) [OK] 
  2321s: Performance info:
         Transaction,    Success,    Partial,     Failed,   Receipts, AvgBarcode, 
             Overall,     216037,          0,          0,     205210,      59.48, 
         Response times:
             Request,    Success,    Partial,     Failed,   SkipFail,     Probes,    Samples,      min,      p50,      p90,      p95,      p99,      max, 
       TotalPurchase,     205196,          0,          0,          0,     201122,     215305,      300,     3100,     5200,     7200,    36000,   211000,
     InStorePurchase,     108022,          0,          0,          0,     106219,     113453,      300,     3100,     5300,     7300,    36000,   211000,
      OnlinePurchase,      75599,          0,          0,          0,      73901,      79067,      300,     3000,     5200,     7300,    36000,   190000,
        InstPurchase,      21575,          0,          0,          0,      21002,      22785,      400,     2800,     4900,     6600,    32000,   146000,
          AssocOfCat,        216,          0,          0,          0,        163,        242,    21000,    31000,    44700,    56850,   157710,   175000,
      AssocOfProduct,       2161,          0,          0,          0,       1961,       2228,      500,     2000,     4000,     5300,    17013,   137000,
      BusinessReport,        544,          0,          0,          0,        480,        599,    24000,    34000,    50000,    59000,   165000,   202000,
          CustBuyBeh,       2162,          0,          0,          0,       1996,       2318,      700,     3900,     5810,     7805,    41810,   147000,
       ProductReturn,       5748,          0,          0,          0,       5407,       6060,      200,     3500,     5600,     8000,    38000,   145000,

  2321s: (27%)   IR =   3736 ...[2325.716s][info][gc,start       ] GC(388) Pause Young (Concurrent Start) (G1 Evacuation Pause)
[2325.716s][info][gc,task        ] GC(388) Using 6 workers of 6 for evacuation
[2325.836s][info][gc,phases      ] GC(388)   Pre Evacuate Collection Set: 0.42ms
[2325.836s][info][gc,phases      ] GC(388)   Merge Heap Roots: 0.51ms
[2325.836s][info][gc,phases      ] GC(388)   Evacuate Collection Set: 118.10ms
[2325.836s][info][gc,phases      ] GC(388)   Post Evacuate Collection Set: 0.91ms
[2325.836s][info][gc,phases      ] GC(388)   Other: 0.10ms
[2325.836s][info][gc,heap        ] GC(388) Eden regions: 1120->0(1118)
[2325.836s][info][gc,heap        ] GC(388) Survivor regions: 108->110(154)
[2325.836s][info][gc,heap        ] GC(388) Old regions: 472->505
[2325.836s][info][gc,heap        ] GC(388) Humongous regions: 80->80
[2325.836s][info][gc,metaspace   ] GC(388) Metaspace: 28912K(29312K)->28912K(29312K) NonClass: 24028K(24192K)->24028K(24192K) Class: 4884K(5120K)->4884K(5120K)
[2325.836s][info][gc             ] GC(388) Pause Young (Concurrent Start) (G1 Evacuation Pause) 3557M->1388M(4096M) 120.168ms
[2325.836s][info][gc             ] GC(389) Concurrent Mark Cycle
[2325.836s][info][gc,marking     ] GC(389) Concurrent Scan Root Regions
[2325.836s][info][gc,cpu         ] GC(388) User=0.71s Sys=0.00s Real=0.12s
.[2326.011s][info][gc,marking     ] GC(389) Concurrent Scan Root Regions 174.726ms
[2326.011s][info][gc,marking     ] GC(389) Concurrent Mark
[2326.011s][info][gc,marking     ] GC(389) Concurrent Mark From Roots
[2326.011s][info][gc,task        ] GC(389) Using 2 workers of 2 for marking
.[2326.956s][info][gc,marking     ] GC(389) Concurrent Mark From Roots 944.815ms
[2326.956s][info][gc,marking     ] GC(389) Concurrent Preclean
[2326.956s][info][gc,marking     ] GC(389) Concurrent Preclean 0.064ms
[2326.956s][info][gc,start       ] GC(389) Pause Remark
[2326.961s][info][gc             ] GC(389) Pause Remark 1934M->1934M(4096M) 5.209ms
[2326.961s][info][gc,cpu         ] GC(389) User=0.03s Sys=0.00s Real=0.00s
[2326.961s][info][gc,marking     ] GC(389) Concurrent Mark 950.370ms
[2326.961s][info][gc,marking     ] GC(389) Concurrent Rebuild Remembered Sets and Scrub Regions
[2327.317s][info][gc,marking     ] GC(389) Concurrent Rebuild Remembered Sets and Scrub Regions 356.259ms
[2327.318s][info][gc,start       ] GC(389) Pause Cleanup
[2327.318s][info][gc             ] GC(389) Pause Cleanup 2104M->2104M(4096M) 0.149ms
[2327.318s][info][gc,cpu         ] GC(389) User=0.00s Sys=0.00s Real=0.00s
[2327.319s][info][gc,marking     ] GC(389) Concurrent Clear Claimed Marks
[2327.319s][info][gc,marking     ] GC(389) Concurrent Clear Claimed Marks 0.040ms
[2327.319s][info][gc,marking     ] GC(389) Concurrent Cleanup for Next Mark
[2327.324s][info][gc,marking     ] GC(389) Concurrent Cleanup for Next Mark 4.986ms
[2327.324s][info][gc             ] GC(389) Concurrent Mark Cycle 1487.826ms
..|.[2330.709s][info][gc,start       ] GC(390) Pause Young (Prepare Mixed) (G1 Evacuation Pause)
[2330.709s][info][gc,task        ] GC(390) Using 6 workers of 6 for evacuation
[2330.830s][info][gc,phases      ] GC(390)   Pre Evacuate Collection Set: 0.37ms
[2330.830s][info][gc,phases      ] GC(390)   Merge Heap Roots: 0.68ms
[2330.830s][info][gc,phases      ] GC(390)   Evacuate Collection Set: 118.90ms
[2330.830s][info][gc,phases      ] GC(390)   Post Evacuate Collection Set: 0.97ms
[2330.830s][info][gc,phases      ] GC(390)   Other: 0.10ms
[2330.830s][info][gc,heap        ] GC(390) Eden regions: 1118->0(1106)
[2330.830s][info][gc,heap        ] GC(390) Survivor regions: 110->111(154)
[2330.830s][info][gc,heap        ] GC(390) Old regions: 505->537
[2330.830s][info][gc,heap        ] GC(390) Humongous regions: 80->80
[2330.830s][info][gc,metaspace   ] GC(390) Metaspace: 28912K(29312K)->28912K(29312K) NonClass: 24028K(24192K)->24028K(24192K) Class: 4884K(5120K)->4884K(5120K)
[2330.830s][info][gc             ] GC(390) Pause Young (Prepare Mixed) (G1 Evacuation Pause) 3624M->1453M(4096M) 121.157ms
[2330.831s][info][gc,cpu         ] GC(390) User=0.72s Sys=0.00s Real=0.12s
.....[2335.755s][info][gc,start       ] GC(391) Pause Young (Mixed) (G1 Evacuation Pause)
[2335.755s][info][gc,task        ] GC(391) Using 6 workers of 6 for evacuation
[2335.888s][info][gc,phases      ] GC(391)   Pre Evacuate Collection Set: 0.37ms
[2335.888s][info][gc,phases      ] GC(391)   Merge Heap Roots: 0.72ms
[2335.888s][info][gc,phases      ] GC(391)   Evacuate Collection Set: 130.75ms
[2335.888s][info][gc,phases      ] GC(391)   Post Evacuate Collection Set: 0.98ms
[2335.888s][info][gc,phases      ] GC(391)   Other: 0.09ms
[2335.888s][info][gc,heap        ] GC(391) Eden regions: 1106->0(1118)
[2335.888s][info][gc,heap        ] GC(391) Survivor regions: 111->110(153)
[2335.888s][info][gc,heap        ] GC(391) Old regions: 537->473
[2335.888s][info][gc,heap        ] GC(391) Humongous regions: 80->80
[2335.888s][info][gc,metaspace   ] GC(391) Metaspace: 28912K(29312K)->28912K(29312K) NonClass: 24028K(24192K)->24028K(24192K) Class: 4884K(5120K)->4884K(5120K)
[2335.888s][info][gc             ] GC(391) Pause Young (Mixed) (G1 Evacuation Pause) 3665M->1324M(4096M) 133.050ms
[2335.888s][info][gc,cpu         ] GC(391) User=0.79s Sys=0.00s Real=0.13s
.....[2340.838s][info][gc,start       ] GC(392) Pause Young (Concurrent Start) (G1 Evacuation Pause)
[2340.838s][info][gc,task        ] GC(392) Using 6 workers of 6 for evacuation
[2340.956s][info][gc,phases      ] GC(392)   Pre Evacuate Collection Set: 0.41ms
[2340.956s][info][gc,phases      ] GC(392)   Merge Heap Roots: 0.57ms
[2340.956s][info][gc,phases      ] GC(392)   Evacuate Collection Set: 116.42ms
[2340.956s][info][gc,phases      ] GC(392)   Post Evacuate Collection Set: 0.90ms
[2340.956s][info][gc,phases      ] GC(392)   Other: 0.13ms
[2340.956s][info][gc,heap        ] GC(392) Eden regions: 1118->0(1118)
[2340.956s][info][gc,heap        ] GC(392) Survivor regions: 110->110(154)
[2340.956s][info][gc,heap        ] GC(392) Old regions: 473->505
[2340.956s][info][gc,heap        ] GC(392) Humongous regions: 80->80
[2340.956s][info][gc,metaspace   ] GC(392) Metaspace: 28912K(29312K)->28912K(29312K) NonClass: 24028K(24192K)->24028K(24192K) Class: 4884K(5120K)->4884K(5120K)
[2340.956s][info][gc             ] GC(392) Pause Young (Concurrent Start) (G1 Evacuation Pause) 3560M->1388M(4096M) 118.545ms
[2340.956s][info][gc             ] GC(393) Concurrent Mark Cycle
[2340.956s][info][gc,marking     ] GC(393) Concurrent Scan Root Regions
[2340.956s][info][gc,cpu         ] GC(392) User=0.71s Sys=0.00s Real=0.12s
.[2341.136s][info][gc,marking     ] GC(393) Concurrent Scan Root Regions 179.581ms
[2341.136s][info][gc,marking     ] GC(393) Concurrent Mark
[2341.136s][info][gc,marking     ] GC(393) Concurrent Mark From Roots
[2341.136s][info][gc,task        ] GC(393) Using 2 workers of 2 for marking
.[2342.121s][info][gc,marking     ] GC(393) Concurrent Mark From Roots 984.715ms
[2342.121s][info][gc,marking     ] GC(393) Concurrent Preclean
[2342.121s][info][gc,marking     ] GC(393) Concurrent Preclean 0.074ms
[2342.121s][info][gc,start       ] GC(393) Pause Remark
[2342.126s][info][gc             ] GC(393) Pause Remark 1958M->1958M(4096M) 5.086ms
[2342.126s][info][gc,cpu         ] GC(393) User=0.03s Sys=0.00s Real=0.01s
[2342.126s][info][gc,marking     ] GC(393) Concurrent Mark 990.129ms
[2342.126s][info][gc,marking     ] GC(393) Concurrent Rebuild Remembered Sets and Scrub Regions
[2342.356s][info][gc,marking     ] GC(393) Concurrent Rebuild Remembered Sets and Scrub Regions 229.692ms
[2342.356s][info][gc,start       ] GC(393) Pause Cleanup
[2342.356s][info][gc             ] GC(393) Pause Cleanup 2056M->2056M(4096M) 0.134ms
[2342.356s][info][gc,cpu         ] GC(393) User=0.00s Sys=0.00s Real=0.00s
[2342.356s][info][gc,marking     ] GC(393) Concurrent Clear Claimed Marks
[2342.356s][info][gc,marking     ] GC(393) Concurrent Clear Claimed Marks 0.033ms
[2342.356s][info][gc,marking     ] GC(393) Concurrent Cleanup for Next Mark
[2342.359s][info][gc,marking     ] GC(393) Concurrent Cleanup for Next Mark 3.318ms
[2342.359s][info][gc             ] GC(393) Concurrent Mark Cycle 1403.231ms
...[2345.885s][info][gc,start       ] GC(394) Pause Young (Prepare Mixed) (G1 Evacuation Pause)
[2345.885s][info][gc,task        ] GC(394) Using 6 workers of 6 for evacuation
[2346.004s][info][gc,phases      ] GC(394)   Pre Evacuate Collection Set: 0.36ms
[2346.004s][info][gc,phases      ] GC(394)   Merge Heap Roots: 0.57ms
[2346.004s][info][gc,phases      ] GC(394)   Evacuate Collection Set: 116.41ms
[2346.004s][info][gc,phases      ] GC(394)   Post Evacuate Collection Set: 0.94ms
[2346.004s][info][gc,phases      ] GC(394)   Other: 0.09ms
[2346.004s][info][gc,heap        ] GC(394) Eden regions: 1118->0(1108)
[2346.004s][info][gc,heap        ] GC(394) Survivor regions: 110->110(154)
[2346.004s][info][gc,heap        ] GC(394) Old regions: 505->537
[2346.004s][info][gc,heap        ] GC(394) Humongous regions: 80->80
[2346.004s][info][gc,metaspace   ] GC(394) Metaspace: 28912K(29312K)->28912K(29312K) NonClass: 24028K(24192K)->24028K(24192K) Class: 4884K(5120K)->4884K(5120K)
[2346.004s][info][gc             ] GC(394) Pause Young (Prepare Mixed) (G1 Evacuation Pause) 3624M->1452M(4096M) 118.508ms
[2346.004s][info][gc,cpu         ] GC(394) User=0.70s Sys=0.00s Real=0.12s
.....[2350.973s][info][gc,start       ] GC(395) Pause Young (Mixed) (G1 Evacuation Pause)
[2350.973s][info][gc,task        ] GC(395) Using 6 workers of 6 for evacuation
[2351.106s][info][gc,phases      ] GC(395)   Pre Evacuate Collection Set: 0.42ms
[2351.106s][info][gc,phases      ] GC(395)   Merge Heap Roots: 0.82ms
[2351.106s][info][gc,phases      ] GC(395)   Evacuate Collection Set: 130.64ms
[2351.106s][info][gc,phases      ] GC(395)   Post Evacuate Collection Set: 0.97ms
[2351.106s][info][gc,phases      ] GC(395)   Other: 0.09ms
[2351.106s][info][gc,heap        ] GC(395) Eden regions: 1108->0(1121)
[2351.106s][info][gc,heap        ] GC(395) Survivor regions: 110->107(153)
[2351.106s][info][gc,heap        ] GC(395) Old regions: 537->473
[2351.106s][info][gc,heap        ] GC(395) Humongous regions: 80->80
[2351.106s][info][gc,metaspace   ] GC(395) Metaspace: 28912K(29312K)->28912K(29312K) NonClass: 24028K(24192K)->24028K(24192K) Class: 4884K(5120K)->4884K(5120K)
[2351.106s][info][gc             ] GC(395) Pause Young (Mixed) (G1 Evacuation Pause) 3668M->1319M(4096M) 133.082ms
[2351.106s][info][gc,cpu         ] GC(395) User=0.78s Sys=0.00s Real=0.13s
.....[2355.989s][info][gc,start       ] GC(396) Pause Young (Concurrent Start) (G1 Evacuation Pause)
[2355.989s][info][gc,task        ] GC(396) Using 6 workers of 6 for evacuation
[2356.107s][info][gc,phases      ] GC(396)   Pre Evacuate Collection Set: 0.47ms
[2356.107s][info][gc,phases      ] GC(396)   Merge Heap Roots: 0.66ms
[2356.107s][info][gc,phases      ] GC(396)   Evacuate Collection Set: 115.25ms
[2356.107s][info][gc,phases      ] GC(396)   Post Evacuate Collection Set: 0.93ms
[2356.107s][info][gc,phases      ] GC(396)   Other: 0.14ms
[2356.107s][info][gc,heap        ] GC(396) Eden regions: 1121->0(1120)
[2356.107s][info][gc,heap        ] GC(396) Survivor regions: 107->108(154)
[2356.107s][info][gc,heap        ] GC(396) Old regions: 473->505
[2356.107s][info][gc,heap        ] GC(396) Humongous regions: 80->80
[2356.107s][info][gc,metaspace   ] GC(396) Metaspace: 28912K(29312K)->28912K(29312K) NonClass: 24028K(24192K)->24028K(24192K) Class: 4884K(5120K)->4884K(5120K)
[2356.107s][info][gc             ] GC(396) Pause Young (Concurrent Start) (G1 Evacuation Pause) 3561M->1384M(4096M) 117.585ms
[2356.107s][info][gc             ] GC(397) Concurrent Mark Cycle
[2356.107s][info][gc,marking     ] GC(397) Concurrent Scan Root Regions
[2356.107s][info][gc,cpu         ] GC(396) User=0.69s Sys=0.00s Real=0.12s
.[2356.234s][info][gc,marking     ] GC(397) Concurrent Scan Root Regions 127.834ms
[2356.235s][info][gc,marking     ] GC(397) Concurrent Mark
[2356.235s][info][gc,marking     ] GC(397) Concurrent Mark From Roots
[2356.235s][info][gc,task        ] GC(397) Using 2 workers of 2 for marking
[2356.871s][info][gc,marking     ] GC(397) Concurrent Mark From Roots 636.861ms
[2356.871s][info][gc,marking     ] GC(397) Concurrent Preclean
[2356.872s][info][gc,marking     ] GC(397) Concurrent Preclean 0.062ms
[2356.872s][info][gc,start       ] GC(397) Pause Remark
[2356.876s][info][gc             ] GC(397) Pause Remark 1783M->1783M(4096M) 4.080ms
[2356.876s][info][gc,cpu         ] GC(397) User=0.02s Sys=0.00s Real=0.01s
[2356.876s][info][gc,marking     ] GC(397) Concurrent Mark 641.262ms
[2356.876s][info][gc,marking     ] GC(397) Concurrent Rebuild Remembered Sets and Scrub Regions
.[2357.144s][info][gc,marking     ] GC(397) Concurrent Rebuild Remembered Sets and Scrub Regions 268.555ms
[2357.147s][info][gc,start       ] GC(397) Pause Cleanup
[2357.147s][info][gc             ] GC(397) Pause Cleanup 1898M->1898M(4096M) 0.148ms
[2357.147s][info][gc,cpu         ] GC(397) User=0.00s Sys=0.00s Real=0.00s
[2357.147s][info][gc,marking     ] GC(397) Concurrent Clear Claimed Marks
[2357.147s][info][gc,marking     ] GC(397) Concurrent Clear Claimed Marks 0.040ms
[2357.147s][info][gc,marking     ] GC(397) Concurrent Cleanup for Next Mark
[2357.153s][info][gc,marking     ] GC(397) Concurrent Cleanup for Next Mark 5.663ms
[2357.153s][info][gc             ] GC(397) Concurrent Mark Cycle 1046.275ms
...[2361.019s][info][gc,start       ] GC(398) Pause Young (Prepare Mixed) (G1 Evacuation Pause)
[2361.019s][info][gc,task        ] GC(398) Using 6 workers of 6 for evacuation
[2361.138s][info][gc,phases      ] GC(398)   Pre Evacuate Collection Set: 0.36ms
[2361.138s][info][gc,phases      ] GC(398)   Merge Heap Roots: 0.60ms
[2361.138s][info][gc,phases      ] GC(398)   Evacuate Collection Set: 116.66ms
[2361.138s][info][gc,phases      ] GC(398)   Post Evacuate Collection Set: 0.94ms
[2361.138s][info][gc,phases      ] GC(398)   Other: 0.09ms
[2361.138s][info][gc,heap        ] GC(398) Eden regions: 1120->0(1111)
[2361.138s][info][gc,heap        ] GC(398) Survivor regions: 108->108(154)
[2361.138s][info][gc,heap        ] GC(398) Old regions: 505->538
[2361.138s][info][gc,heap        ] GC(398) Humongous regions: 80->80
[2361.138s][info][gc,metaspace   ] GC(398) Metaspace: 28912K(29312K)->28912K(29312K) NonClass: 24028K(24192K)->24028K(24192K) Class: 4884K(5120K)->4884K(5120K)
[2361.138s][info][gc             ] GC(398) Pause Young (Prepare Mixed) (G1 Evacuation Pause) 3624M->1450M(4096M) 118.767ms
[2361.138s][info][gc,cpu         ] GC(398) User=0.70s Sys=0.00s Real=0.12s
.....[2366.064s][info][gc,start       ] GC(399) Pause Young (Mixed) (G1 Evacuation Pause)
[2366.064s][info][gc,task        ] GC(399) Using 6 workers of 6 for evacuation
[2366.199s][info][gc,phases      ] GC(399)   Pre Evacuate Collection Set: 0.40ms
[2366.199s][info][gc,phases      ] GC(399)   Merge Heap Roots: 0.78ms
[2366.199s][info][gc,phases      ] GC(399)   Evacuate Collection Set: 132.31ms
[2366.199s][info][gc,phases      ] GC(399)   Post Evacuate Collection Set: 0.97ms
[2366.199s][info][gc,phases      ] GC(399)   Other: 0.09ms
[2366.199s][info][gc,heap        ] GC(399) Eden regions: 1111->0(1118)
[2366.199s][info][gc,heap        ] GC(399) Survivor regions: 108->110(153)
[2366.199s][info][gc,heap        ] GC(399) Old regions: 538->472
[2366.199s][info][gc,heap        ] GC(399) Humongous regions: 80->80
[2366.199s][info][gc,metaspace   ] GC(399) Metaspace: 28912K(29312K)->28912K(29312K) NonClass: 24028K(24192K)->24028K(24192K) Class: 4884K(5120K)->4884K(5120K)
[2366.199s][info][gc             ] GC(399) Pause Young (Mixed) (G1 Evacuation Pause) 3672M->1323M(4096M) 134.702ms
[2366.199s][info][gc,cpu         ] GC(399) User=0.80s Sys=0.00s Real=0.13s
.....[2371.132s][info][gc,start       ] GC(400) Pause Young (Concurrent Start) (G1 Evacuation Pause)
[2371.132s][info][gc,task        ] GC(400) Using 6 workers of 6 for evacuation
[2371.259s][info][gc,phases      ] GC(400)   Pre Evacuate Collection Set: 0.40ms
[2371.259s][info][gc,phases      ] GC(400)   Merge Heap Roots: 0.52ms
[2371.259s][info][gc,phases      ] GC(400)   Evacuate Collection Set: 124.81ms
[2371.259s][info][gc,phases      ] GC(400)   Post Evacuate Collection Set: 0.93ms
[2371.259s][info][gc,phases      ] GC(400)   Other: 0.12ms
[2371.259s][info][gc,heap        ] GC(400) Eden regions: 1118->0(1112)
[2371.259s][info][gc,heap        ] GC(400) Survivor regions: 110->116(154)
[2371.259s][info][gc,heap        ] GC(400) Old regions: 472->504
[2371.259s][info][gc,heap        ] GC(400) Humongous regions: 80->80
[2371.259s][info][gc,metaspace   ] GC(400) Metaspace: 28912K(29312K)->28912K(29312K) NonClass: 24028K(24192K)->24028K(24192K) Class: 4884K(5120K)->4884K(5120K)
[2371.259s][info][gc             ] GC(400) Pause Young (Concurrent Start) (G1 Evacuation Pause) 3559M->1397M(4096M) 126.904ms
[2371.259s][info][gc             ] GC(401) Concurrent Mark Cycle
[2371.259s][info][gc,marking     ] GC(401) Concurrent Scan Root Regions
[2371.259s][info][gc,cpu         ] GC(400) User=0.74s Sys=0.00s Real=0.13s
.[2371.445s][info][gc,marking     ] GC(401) Concurrent Scan Root Regions 186.091ms
[2371.445s][info][gc,marking     ] GC(401) Concurrent Mark
[2371.445s][info][gc,marking     ] GC(401) Concurrent Mark From Roots
[2371.445s][info][gc,task        ] GC(401) Using 2 workers of 2 for marking
.[2372.416s][info][gc,marking     ] GC(401) Concurrent Mark From Roots 971.177ms
[2372.416s][info][gc,marking     ] GC(401) Concurrent Preclean
[2372.416s][info][gc,marking     ] GC(401) Concurrent Preclean 0.088ms
[2372.417s][info][gc,start       ] GC(401) Pause Remark
[2372.422s][info][gc             ] GC(401) Pause Remark 1962M->1962M(4096M) 4.405ms
[2372.422s][info][gc,cpu         ] GC(401) User=0.02s Sys=0.00s Real=0.00s
[2372.422s][info][gc,marking     ] GC(401) Concurrent Mark 976.709ms
[2372.422s][info][gc,marking     ] GC(401) Concurrent Rebuild Remembered Sets and Scrub Regions
[2372.780s][info][gc,marking     ] GC(401) Concurrent Rebuild Remembered Sets and Scrub Regions 358.171ms
[2372.780s][info][gc,start       ] GC(401) Pause Cleanup
[2372.780s][info][gc             ] GC(401) Pause Cleanup 2126M->2126M(4096M) 0.140ms
[2372.780s][info][gc,cpu         ] GC(401) User=0.00s Sys=0.00s Real=0.00s
[2372.780s][info][gc,marking     ] GC(401) Concurrent Clear Claimed Marks
[2372.780s][info][gc,marking     ] GC(401) Concurrent Clear Claimed Marks 0.027ms
[2372.780s][info][gc,marking     ] GC(401) Concurrent Cleanup for Next Mark
[2372.784s][info][gc,marking     ] GC(401) Concurrent Cleanup for Next Mark 3.288ms
[2372.784s][info][gc             ] GC(401) Concurrent Mark Cycle 1524.733ms
...[2376.113s][info][gc,start       ] GC(402) Pause Young (Prepare Mixed) (G1 Evacuation Pause)
[2376.113s][info][gc,task        ] GC(402) Using 6 workers of 6 for evacuation
[2376.234s][info][gc,phases      ] GC(402)   Pre Evacuate Collection Set: 0.36ms
[2376.234s][info][gc,phases      ] GC(402)   Merge Heap Roots: 0.63ms
[2376.234s][info][gc,phases      ] GC(402)   Evacuate Collection Set: 118.63ms
[2376.234s][info][gc,phases      ] GC(402)   Post Evacuate Collection Set: 0.95ms
[2376.234s][info][gc,phases      ] GC(402)   Other: 0.09ms
[2376.234s][info][gc,heap        ] GC(402) Eden regions: 1112->0(1109)
[2376.234s][info][gc,heap        ] GC(402) Survivor regions: 116->110(154)
[2376.234s][info][gc,heap        ] GC(402) Old regions: 504->536
[2376.234s][info][gc,heap        ] GC(402) Humongous regions: 80->80
[2376.234s][info][gc,metaspace   ] GC(402) Metaspace: 28912K(29312K)->28912K(29312K) NonClass: 24028K(24192K)->24028K(24192K) Class: 4884K(5120K)->4884K(5120K)
[2376.234s][info][gc             ] GC(402) Pause Young (Prepare Mixed) (G1 Evacuation Pause) 3621M->1449M(4096M) 120.822ms
[2376.234s][info][gc,cpu         ] GC(402) User=0.72s Sys=0.00s Real=0.12s
.....[2381.138s][info][gc,start       ] GC(403) Pause Young (Mixed) (G1 Evacuation Pause)
[2381.138s][info][gc,task        ] GC(403) Using 6 workers of 6 for evacuation
[2381.271s][info][gc,phases      ] GC(403)   Pre Evacuate Collection Set: 0.41ms
[2381.271s][info][gc,phases      ] GC(403)   Merge Heap Roots: 0.72ms
[2381.271s][info][gc,phases      ] GC(403)   Evacuate Collection Set: 130.60ms
[2381.271s][info][gc,phases      ] GC(403)   Post Evacuate Collection Set: 0.99ms
[2381.271s][info][gc,phases      ] GC(403)   Other: 0.10ms
[2381.271s][info][gc,heap        ] GC(403) Eden regions: 1109->0(1120)
[2381.271s][info][gc,heap        ] GC(403) Survivor regions: 110->108(153)
[2381.271s][info][gc,heap        ] GC(403) Old regions: 536->472
[2381.271s][info][gc,heap        ] GC(403) Humongous regions: 80->80
[2381.271s][info][gc,metaspace   ] GC(403) Metaspace: 28912K(29312K)->28912K(29312K) NonClass: 24028K(24192K)->24028K(24192K) Class: 4884K(5120K)->4884K(5120K)
[2381.271s][info][gc             ] GC(403) Pause Young (Mixed) (G1 Evacuation Pause) 3667M->1318M(4096M) 132.961ms
[2381.271s][info][gc,cpu         ] GC(403) User=0.79s Sys=0.00s Real=0.13s
.....[2386.223s][info][gc,start       ] GC(404) Pause Young (Concurrent Start) (G1 Evacuation Pause)
[2386.223s][info][gc,task        ] GC(404) Using 6 workers of 6 for evacuation
[2386.343s][info][gc,phases      ] GC(404)   Pre Evacuate Collection Set: 0.43ms
[2386.343s][info][gc,phases      ] GC(404)   Merge Heap Roots: 0.61ms
[2386.343s][info][gc,phases      ] GC(404)   Evacuate Collection Set: 118.13ms
[2386.343s][info][gc,phases      ] GC(404)   Post Evacuate Collection Set: 0.94ms
[2386.343s][info][gc,phases      ] GC(404)   Other: 0.11ms
[2386.343s][info][gc,heap        ] GC(404) Eden regions: 1120->0(1117)
[2386.343s][info][gc,heap        ] GC(404) Survivor regions: 108->111(154)
[2386.343s][info][gc,heap        ] GC(404) Old regions: 472->504
[2386.343s][info][gc,heap        ] GC(404) Humongous regions: 80->80
[2386.343s][info][gc,metaspace   ] GC(404) Metaspace: 28912K(29312K)->28912K(29312K) NonClass: 24028K(24192K)->24028K(24192K) Class: 4884K(5120K)->4884K(5120K)
[2386.343s][info][gc             ] GC(404) Pause Young (Concurrent Start) (G1 Evacuation Pause) 3558M->1387M(4096M) 120.349ms
[2386.343s][info][gc             ] GC(405) Concurrent Mark Cycle
[2386.343s][info][gc,marking     ] GC(405) Concurrent Scan Root Regions
[2386.343s][info][gc,cpu         ] GC(404) User=0.72s Sys=0.00s Real=0.12s
.[2386.525s][info][gc,marking     ] GC(405) Concurrent Scan Root Regions 181.739ms
[2386.525s][info][gc,marking     ] GC(405) Concurrent Mark
[2386.525s][info][gc,marking     ] GC(405) Concurrent Mark From Roots
[2386.525s][info][gc,task        ] GC(405) Using 2 workers of 2 for marking
.[2387.467s][info][gc,marking     ] GC(405) Concurrent Mark From Roots 941.827ms
[2387.467s][info][gc,marking     ] GC(405) Concurrent Preclean
[2387.467s][info][gc,marking     ] GC(405) Concurrent Preclean 0.060ms
[2387.467s][info][gc,start       ] GC(405) Pause Remark
[2387.472s][info][gc             ] GC(405) Pause Remark 1920M->1920M(4096M) 4.647ms
[2387.472s][info][gc,cpu         ] GC(405) User=0.03s Sys=0.00s Real=0.00s
[2387.472s][info][gc,marking     ] GC(405) Concurrent Mark 946.834ms
[2387.472s][info][gc,marking     ] GC(405) Concurrent Rebuild Remembered Sets and Scrub Regions
[2387.724s][info][gc,marking     ] GC(405) Concurrent Rebuild Remembered Sets and Scrub Regions 252.730ms
[2387.725s][info][gc,start       ] GC(405) Pause Cleanup
[2387.725s][info][gc             ] GC(405) Pause Cleanup 2026M->2026M(4096M) 0.137ms
[2387.725s][info][gc,cpu         ] GC(405) User=0.00s Sys=0.00s Real=0.00s
[2387.725s][info][gc,marking     ] GC(405) Concurrent Clear Claimed Marks
[2387.725s][info][gc,marking     ] GC(405) Concurrent Clear Claimed Marks 0.026ms
[2387.725s][info][gc,marking     ] GC(405) Concurrent Cleanup for Next Mark
[2387.728s][info][gc,marking     ] GC(405) Concurrent Cleanup for Next Mark 3.244ms
[2387.728s][info][gc             ] GC(405) Concurrent Mark Cycle 1385.057ms
.. (rIR:aIR:PR = 3736:3737:3737) (tPR = 55408) [OK] 
  2389s: Performance info:
         Transaction,    Success,    Partial,     Failed,   Receipts, AvgBarcode, 
             Overall,     226071,          0,          0,     214767,      59.48, 
         Response times:
             Request,    Success,    Partial,     Failed,   SkipFail,     Probes,    Samples,      min,      p50,      p90,      p95,      p99,      max, 
       TotalPurchase,     214767,          0,          0,          0,     211146,     235616,      300,     3200,     5700,     8000,    34000,   199000,
     InStorePurchase,     113036,          0,          0,          0,     111468,     123878,      300,     3200,     5700,     8000,    34000,   193000,
      OnlinePurchase,      79162,          0,          0,          0,      77840,      87172,      300,     3100,     5700,     7900,    34000,   199000,
        InstPurchase,      22569,          0,          0,          0,      21838,      24566,      400,     3300,     5900,     8265,    37000,   193000,
          AssocOfCat,        226,          0,          0,          0,        163,        251,    21000,    32000,    50000,    61000,   154920,   200000,
      AssocOfProduct,       2263,          0,          0,          0,       2105,       2565,      600,     2300,     4600,     6400,    32340,   195000,
      BusinessReport,        564,          0,          0,          0,        479,        643,    22000,    37000,    52000,    61800,   167720,   196000,
          CustBuyBeh,       2264,          0,          0,          0,       2066,       2463,      700,     3900,     6200,     8960,    39000,   163000,
       ProductReturn,       5987,          0,          0,          0,       5685,       6655,      200,     3200,     5700,     7900,    29000,   163000,

  2389s: (28%)   IR =   3874 .[2391.252s][info][gc,start       ] GC(406) Pause Young (Prepare Mixed) (G1 Evacuation Pause)
[2391.252s][info][gc,task        ] GC(406) Using 6 workers of 6 for evacuation
[2391.368s][info][gc,phases      ] GC(406)   Pre Evacuate Collection Set: 0.38ms
[2391.368s][info][gc,phases      ] GC(406)   Merge Heap Roots: 0.64ms
[2391.368s][info][gc,phases      ] GC(406)   Evacuate Collection Set: 114.02ms
[2391.368s][info][gc,phases      ] GC(406)   Post Evacuate Collection Set: 0.96ms
[2391.368s][info][gc,phases      ] GC(406)   Other: 0.10ms
[2391.368s][info][gc,heap        ] GC(406) Eden regions: 1117->0(1111)
[2391.368s][info][gc,heap        ] GC(406) Survivor regions: 111->109(154)
[2391.368s][info][gc,heap        ] GC(406) Old regions: 504->536
[2391.368s][info][gc,heap        ] GC(406) Humongous regions: 80->80
[2391.368s][info][gc,metaspace   ] GC(406) Metaspace: 28912K(29312K)->28912K(29312K) NonClass: 24028K(24192K)->24028K(24192K) Class: 4884K(5120K)->4884K(5120K)
[2391.368s][info][gc             ] GC(406) Pause Young (Prepare Mixed) (G1 Evacuation Pause) 3621M->1448M(4096M) 116.233ms
[2391.368s][info][gc,cpu         ] GC(406) User=0.69s Sys=0.00s Real=0.12s
.....[2396.068s][info][gc,start       ] GC(407) Pause Young (Mixed) (G1 Evacuation Pause)
[2396.068s][info][gc,task        ] GC(407) Using 6 workers of 6 for evacuation
[2396.203s][info][gc,phases      ] GC(407)   Pre Evacuate Collection Set: 0.40ms
[2396.203s][info][gc,phases      ] GC(407)   Merge Heap Roots: 0.75ms
[2396.203s][info][gc,phases      ] GC(407)   Evacuate Collection Set: 132.58ms
[2396.203s][info][gc,phases      ] GC(407)   Post Evacuate Collection Set: 1.02ms
[2396.203s][info][gc,phases      ] GC(407)   Other: 0.10ms
[2396.203s][info][gc,heap        ] GC(407) Eden regions: 1111->0(1118)
[2396.203s][info][gc,heap        ] GC(407) Survivor regions: 109->110(153)
[2396.203s][info][gc,heap        ] GC(407) Old regions: 536->472
[2396.203s][info][gc,heap        ] GC(407) Humongous regions: 80->80
[2396.203s][info][gc,metaspace   ] GC(407) Metaspace: 28912K(29312K)->28912K(29312K) NonClass: 24028K(24192K)->24028K(24192K) Class: 4884K(5120K)->4884K(5120K)
[2396.203s][info][gc             ] GC(407) Pause Young (Mixed) (G1 Evacuation Pause) 3670M->1322M(4096M) 134.980ms
[2396.203s][info][gc,cpu         ] GC(407) User=0.80s Sys=0.00s Real=0.14s
.|....[2401.027s][info][gc,start       ] GC(408) Pause Young (Concurrent Start) (G1 Evacuation Pause)
[2401.027s][info][gc,task        ] GC(408) Using 6 workers of 6 for evacuation
[2401.143s][info][gc,phases      ] GC(408)   Pre Evacuate Collection Set: 0.40ms
[2401.143s][info][gc,phases      ] GC(408)   Merge Heap Roots: 0.53ms
[2401.143s][info][gc,phases      ] GC(408)   Evacuate Collection Set: 113.82ms
[2401.143s][info][gc,phases      ] GC(408)   Post Evacuate Collection Set: 0.92ms
[2401.143s][info][gc,phases      ] GC(408)   Other: 0.13ms
[2401.143s][info][gc,heap        ] GC(408) Eden regions: 1118->0(1121)
[2401.143s][info][gc,heap        ] GC(408) Survivor regions: 110->107(154)
[2401.143s][info][gc,heap        ] GC(408) Old regions: 472->505
[2401.143s][info][gc,heap        ] GC(408) Humongous regions: 80->80
[2401.143s][info][gc,metaspace   ] GC(408) Metaspace: 28912K(29312K)->28912K(29312K) NonClass: 24028K(24192K)->24028K(24192K) Class: 4884K(5120K)->4884K(5120K)
[2401.143s][info][gc             ] GC(408) Pause Young (Concurrent Start) (G1 Evacuation Pause) 3558M->1382M(4096M) 115.923ms
[2401.143s][info][gc             ] GC(409) Concurrent Mark Cycle
[2401.143s][info][gc,marking     ] GC(409) Concurrent Scan Root Regions
[2401.143s][info][gc,cpu         ] GC(408) User=0.69s Sys=0.00s Real=0.12s
[2401.308s][info][gc,marking     ] GC(409) Concurrent Scan Root Regions 164.709ms
[2401.308s][info][gc,marking     ] GC(409) Concurrent Mark
[2401.308s][info][gc,marking     ] GC(409) Concurrent Mark From Roots
[2401.308s][info][gc,task        ] GC(409) Using 2 workers of 2 for marking
.[2402.091s][info][gc,marking     ] GC(409) Concurrent Mark From Roots 783.214ms
[2402.091s][info][gc,marking     ] GC(409) Concurrent Preclean
[2402.091s][info][gc,marking     ] GC(409) Concurrent Preclean 0.099ms
[2402.092s][info][gc,start       ] GC(409) Pause Remark
[2402.096s][info][gc             ] GC(409) Pause Remark 1895M->1895M(4096M) 4.534ms
[2402.096s][info][gc,cpu         ] GC(409) User=0.02s Sys=0.00s Real=0.01s
[2402.096s][info][gc,marking     ] GC(409) Concurrent Mark 788.587ms
[2402.096s][info][gc,marking     ] GC(409) Concurrent Rebuild Remembered Sets and Scrub Regions
[2402.344s][info][gc,marking     ] GC(409) Concurrent Rebuild Remembered Sets and Scrub Regions 247.851ms
[2402.344s][info][gc,start       ] GC(409) Pause Cleanup
[2402.344s][info][gc             ] GC(409) Pause Cleanup 1999M->1999M(4096M) 0.126ms
[2402.344s][info][gc,cpu         ] GC(409) User=0.00s Sys=0.00s Real=0.00s
[2402.345s][info][gc,marking     ] GC(409) Concurrent Clear Claimed Marks
[2402.345s][info][gc,marking     ] GC(409) Concurrent Clear Claimed Marks 0.028ms
[2402.345s][info][gc,marking     ] GC(409) Concurrent Cleanup for Next Mark
[2402.349s][info][gc,marking     ] GC(409) Concurrent Cleanup for Next Mark 4.398ms
[2402.349s][info][gc             ] GC(409) Concurrent Mark Cycle 1206.062ms
....[2405.946s][info][gc,start       ] GC(410) Pause Young (Prepare Mixed) (G1 Evacuation Pause)
[2405.946s][info][gc,task        ] GC(410) Using 6 workers of 6 for evacuation
[2406.067s][info][gc,phases      ] GC(410)   Pre Evacuate Collection Set: 0.36ms
[2406.068s][info][gc,phases      ] GC(410)   Merge Heap Roots: 0.53ms
[2406.068s][info][gc,phases      ] GC(410)   Evacuate Collection Set: 119.96ms
[2406.068s][info][gc,phases      ] GC(410)   Post Evacuate Collection Set: 0.94ms
[2406.068s][info][gc,phases      ] GC(410)   Other: 0.09ms
[2406.068s][info][gc,heap        ] GC(410) Eden regions: 1121->0(1102)
[2406.068s][info][gc,heap        ] GC(410) Survivor regions: 107->114(154)
[2406.068s][info][gc,heap        ] GC(410) Old regions: 505->535
[2406.068s][info][gc,heap        ] GC(410) Humongous regions: 80->80
[2406.068s][info][gc,metaspace   ] GC(410) Metaspace: 28912K(29312K)->28912K(29312K) NonClass: 24028K(24192K)->24028K(24192K) Class: 4884K(5120K)->4884K(5120K)
[2406.068s][info][gc             ] GC(410) Pause Young (Prepare Mixed) (G1 Evacuation Pause) 3624M->1455M(4096M) 122.018ms
[2406.068s][info][gc,cpu         ] GC(410) User=0.72s Sys=0.00s Real=0.12s
.....[2410.734s][info][gc,start       ] GC(411) Pause Young (Mixed) (G1 Evacuation Pause)
[2410.734s][info][gc,task        ] GC(411) Using 6 workers of 6 for evacuation
[2410.868s][info][gc,phases      ] GC(411)   Pre Evacuate Collection Set: 0.45ms
[2410.868s][info][gc,phases      ] GC(411)   Merge Heap Roots: 0.83ms
[2410.868s][info][gc,phases      ] GC(411)   Evacuate Collection Set: 132.11ms
[2410.868s][info][gc,phases      ] GC(411)   Post Evacuate Collection Set: 1.00ms
[2410.868s][info][gc,phases      ] GC(411)   Other: 0.09ms
[2410.868s][info][gc,heap        ] GC(411) Eden regions: 1102->0(1119)
[2410.868s][info][gc,heap        ] GC(411) Survivor regions: 114->109(152)
[2410.868s][info][gc,heap        ] GC(411) Old regions: 535->472
[2410.868s][info][gc,heap        ] GC(411) Humongous regions: 80->80
[2410.868s][info][gc,metaspace   ] GC(411) Metaspace: 28912K(29312K)->28912K(29312K) NonClass: 24028K(24192K)->24028K(24192K) Class: 4884K(5120K)->4884K(5120K)
[2410.868s][info][gc             ] GC(411) Pause Young (Mixed) (G1 Evacuation Pause) 3659M->1320M(4096M) 134.634ms
[2410.868s][info][gc,cpu         ] GC(411) User=0.80s Sys=0.00s Real=0.13s
.....[2415.592s][info][gc,start       ] GC(412) Pause Young (Concurrent Start) (G1 Evacuation Pause)
[2415.592s][info][gc,task        ] GC(412) Using 6 workers of 6 for evacuation
[2415.709s][info][gc,phases      ] GC(412)   Pre Evacuate Collection Set: 0.45ms
[2415.709s][info][gc,phases      ] GC(412)   Merge Heap Roots: 0.51ms
[2415.709s][info][gc,phases      ] GC(412)   Evacuate Collection Set: 115.02ms
[2415.709s][info][gc,phases      ] GC(412)   Post Evacuate Collection Set: 0.92ms
[2415.709s][info][gc,phases      ] GC(412)   Other: 0.12ms
[2415.709s][info][gc,heap        ] GC(412) Eden regions: 1119->0(1120)
[2415.709s][info][gc,heap        ] GC(412) Survivor regions: 109->108(154)
[2415.709s][info][gc,heap        ] GC(412) Old regions: 472->505
[2415.709s][info][gc,heap        ] GC(412) Humongous regions: 80->80
[2415.709s][info][gc,metaspace   ] GC(412) Metaspace: 28912K(29312K)->28912K(29312K) NonClass: 24028K(24192K)->24028K(24192K) Class: 4884K(5120K)->4884K(5120K)
[2415.709s][info][gc             ] GC(412) Pause Young (Concurrent Start) (G1 Evacuation Pause) 3558M->1383M(4096M) 117.161ms
[2415.709s][info][gc             ] GC(413) Concurrent Mark Cycle
[2415.709s][info][gc,marking     ] GC(413) Concurrent Scan Root Regions
[2415.709s][info][gc,cpu         ] GC(412) User=0.69s Sys=0.00s Real=0.12s
[2415.893s][info][gc,marking     ] GC(413) Concurrent Scan Root Regions 183.807ms
[2415.893s][info][gc,marking     ] GC(413) Concurrent Mark
[2415.893s][info][gc,marking     ] GC(413) Concurrent Mark From Roots
[2415.893s][info][gc,task        ] GC(413) Using 2 workers of 2 for marking
.[2416.587s][info][gc,marking     ] GC(413) Concurrent Mark From Roots 693.751ms
[2416.587s][info][gc,marking     ] GC(413) Concurrent Preclean
[2416.587s][info][gc,marking     ] GC(413) Concurrent Preclean 0.063ms
[2416.587s][info][gc,start       ] GC(413) Pause Remark
[2416.591s][info][gc             ] GC(413) Pause Remark 1850M->1850M(4096M) 4.131ms
[2416.591s][info][gc,cpu         ] GC(413) User=0.02s Sys=0.00s Real=0.00s
[2416.591s][info][gc,marking     ] GC(413) Concurrent Mark 698.270ms
[2416.591s][info][gc,marking     ] GC(413) Concurrent Rebuild Remembered Sets and Scrub Regions
[2416.833s][info][gc,marking     ] GC(413) Concurrent Rebuild Remembered Sets and Scrub Regions 241.428ms
[2416.833s][info][gc,start       ] GC(413) Pause Cleanup
[2416.833s][info][gc             ] GC(413) Pause Cleanup 1979M->1979M(4096M) 0.141ms
[2416.833s][info][gc,cpu         ] GC(413) User=0.00s Sys=0.00s Real=0.00s
[2416.833s][info][gc,marking     ] GC(413) Concurrent Clear Claimed Marks
[2416.833s][info][gc,marking     ] GC(413) Concurrent Clear Claimed Marks 0.026ms
[2416.833s][info][gc,marking     ] GC(413) Concurrent Cleanup for Next Mark
[2416.838s][info][gc,marking     ] GC(413) Concurrent Cleanup for Next Mark 4.911ms
[2416.838s][info][gc             ] GC(413) Concurrent Mark Cycle 1128.943ms
....[2420.512s][info][gc,start       ] GC(414) Pause Young (Prepare Mixed) (G1 Evacuation Pause)
[2420.512s][info][gc,task        ] GC(414) Using 6 workers of 6 for evacuation
[2420.629s][info][gc,phases      ] GC(414)   Pre Evacuate Collection Set: 0.38ms
[2420.629s][info][gc,phases      ] GC(414)   Merge Heap Roots: 0.57ms
[2420.629s][info][gc,phases      ] GC(414)   Evacuate Collection Set: 114.49ms
[2420.629s][info][gc,phases      ] GC(414)   Post Evacuate Collection Set: 0.97ms
[2420.629s][info][gc,phases      ] GC(414)   Other: 0.10ms
[2420.629s][info][gc,heap        ] GC(414) Eden regions: 1120->0(1111)
[2420.629s][info][gc,heap        ] GC(414) Survivor regions: 108->109(154)
[2420.629s][info][gc,heap        ] GC(414) Old regions: 505->536
[2420.629s][info][gc,heap        ] GC(414) Humongous regions: 80->80
[2420.629s][info][gc,metaspace   ] GC(414) Metaspace: 28912K(29312K)->28912K(29312K) NonClass: 24028K(24192K)->24028K(24192K) Class: 4884K(5120K)->4884K(5120K)
[2420.629s][info][gc             ] GC(414) Pause Young (Prepare Mixed) (G1 Evacuation Pause) 3623M->1448M(4096M) 116.627ms
[2420.629s][info][gc,cpu         ] GC(414) User=0.69s Sys=0.00s Real=0.11s
....[2425.373s][info][gc,start       ] GC(415) Pause Young (Mixed) (G1 Evacuation Pause)
[2425.373s][info][gc,task        ] GC(415) Using 6 workers of 6 for evacuation
[2425.508s][info][gc,phases      ] GC(415)   Pre Evacuate Collection Set: 0.44ms
[2425.508s][info][gc,phases      ] GC(415)   Merge Heap Roots: 0.71ms
[2425.508s][info][gc,phases      ] GC(415)   Evacuate Collection Set: 133.03ms
[2425.508s][info][gc,phases      ] GC(415)   Post Evacuate Collection Set: 0.97ms
[2425.508s][info][gc,phases      ] GC(415)   Other: 0.09ms
[2425.508s][info][gc,heap        ] GC(415) Eden regions: 1111->0(1116)
[2425.508s][info][gc,heap        ] GC(415) Survivor regions: 109->112(153)
[2425.508s][info][gc,heap        ] GC(415) Old regions: 536->472
[2425.508s][info][gc,heap        ] GC(415) Humongous regions: 80->80
[2425.508s][info][gc,metaspace   ] GC(415) Metaspace: 28912K(29312K)->28912K(29312K) NonClass: 24028K(24192K)->24028K(24192K) Class: 4884K(5120K)->4884K(5120K)
[2425.508s][info][gc             ] GC(415) Pause Young (Mixed) (G1 Evacuation Pause) 3670M->1326M(4096M) 135.389ms
[2425.508s][info][gc,cpu         ] GC(415) User=0.80s Sys=0.01s Real=0.13s
.....[2430.197s][info][gc,start       ] GC(416) Pause Young (Concurrent Start) (G1 Evacuation Pause)
[2430.197s][info][gc,task        ] GC(416) Using 6 workers of 6 for evacuation
[2430.314s][info][gc,phases      ] GC(416)   Pre Evacuate Collection Set: 0.44ms
[2430.314s][info][gc,phases      ] GC(416)   Merge Heap Roots: 0.54ms
[2430.314s][info][gc,phases      ] GC(416)   Evacuate Collection Set: 115.40ms
[2430.314s][info][gc,phases      ] GC(416)   Post Evacuate Collection Set: 0.92ms
[2430.314s][info][gc,phases      ] GC(416)   Other: 0.11ms
[2430.314s][info][gc,heap        ] GC(416) Eden regions: 1116->0(1119)
[2430.314s][info][gc,heap        ] GC(416) Survivor regions: 112->109(154)
[2430.314s][info][gc,heap        ] GC(416) Old regions: 472->505
[2430.314s][info][gc,heap        ] GC(416) Humongous regions: 80->80
[2430.314s][info][gc,metaspace   ] GC(416) Metaspace: 28912K(29312K)->28912K(29312K) NonClass: 24028K(24192K)->24028K(24192K) Class: 4884K(5120K)->4884K(5120K)
[2430.314s][info][gc             ] GC(416) Pause Young (Concurrent Start) (G1 Evacuation Pause) 3558M->1385M(4096M) 117.532ms
[2430.314s][info][gc             ] GC(417) Concurrent Mark Cycle
[2430.314s][info][gc,marking     ] GC(417) Concurrent Scan Root Regions
[2430.314s][info][gc,cpu         ] GC(416) User=0.70s Sys=0.00s Real=0.12s
[2430.439s][info][gc,marking     ] GC(417) Concurrent Scan Root Regions 125.005ms
[2430.439s][info][gc,marking     ] GC(417) Concurrent Mark
[2430.439s][info][gc,marking     ] GC(417) Concurrent Mark From Roots
[2430.439s][info][gc,task        ] GC(417) Using 2 workers of 2 for marking
.[2431.083s][info][gc,marking     ] GC(417) Concurrent Mark From Roots 643.476ms
[2431.083s][info][gc,marking     ] GC(417) Concurrent Preclean
[2431.083s][info][gc,marking     ] GC(417) Concurrent Preclean 0.057ms
[2431.084s][info][gc,start       ] GC(417) Pause Remark
[2431.088s][info][gc             ] GC(417) Pause Remark 1799M->1799M(4096M) 3.930ms
[2431.088s][info][gc,cpu         ] GC(417) User=0.02s Sys=0.00s Real=0.00s
[2431.088s][info][gc,marking     ] GC(417) Concurrent Mark 648.414ms
[2431.088s][info][gc,marking     ] GC(417) Concurrent Rebuild Remembered Sets and Scrub Regions
[2431.299s][info][gc,marking     ] GC(417) Concurrent Rebuild Remembered Sets and Scrub Regions 211.502ms
[2431.299s][info][gc,start       ] GC(417) Pause Cleanup
[2431.300s][info][gc             ] GC(417) Pause Cleanup 1891M->1891M(4096M) 0.132ms
[2431.300s][info][gc,cpu         ] GC(417) User=0.00s Sys=0.00s Real=0.00s
[2431.300s][info][gc,marking     ] GC(417) Concurrent Clear Claimed Marks
[2431.300s][info][gc,marking     ] GC(417) Concurrent Clear Claimed Marks 0.045ms
[2431.300s][info][gc,marking     ] GC(417) Concurrent Cleanup for Next Mark
[2431.304s][info][gc,marking     ] GC(417) Concurrent Cleanup for Next Mark 3.446ms
[2431.304s][info][gc             ] GC(417) Concurrent Mark Cycle 989.664ms
....[2435.094s][info][gc,start       ] GC(418) Pause Young (Prepare Mixed) (G1 Evacuation Pause)
[2435.094s][info][gc,task        ] GC(418) Using 6 workers of 6 for evacuation
[2435.212s][info][gc,phases      ] GC(418)   Pre Evacuate Collection Set: 0.34ms
[2435.212s][info][gc,phases      ] GC(418)   Merge Heap Roots: 0.56ms
[2435.212s][info][gc,phases      ] GC(418)   Evacuate Collection Set: 116.34ms
[2435.212s][info][gc,phases      ] GC(418)   Post Evacuate Collection Set: 0.96ms
[2435.212s][info][gc,phases      ] GC(418)   Other: 0.10ms
[2435.212s][info][gc,heap        ] GC(418) Eden regions: 1119->0(1110)
[2435.212s][info][gc,heap        ] GC(418) Survivor regions: 109->109(154)
[2435.212s][info][gc,heap        ] GC(418) Old regions: 505->537
[2435.212s][info][gc,heap        ] GC(418) Humongous regions: 80->80
[2435.212s][info][gc,metaspace   ] GC(418) Metaspace: 28912K(29312K)->28912K(29312K) NonClass: 24028K(24192K)->24028K(24192K) Class: 4884K(5120K)->4884K(5120K)
[2435.212s][info][gc             ] GC(418) Pause Young (Prepare Mixed) (G1 Evacuation Pause) 3623M->1450M(4096M) 118.451ms
[2435.212s][info][gc,cpu         ] GC(418) User=0.70s Sys=0.00s Real=0.12s
.....[2439.920s][info][gc,start       ] GC(419) Pause Young (Mixed) (G1 Evacuation Pause)
[2439.920s][info][gc,task        ] GC(419) Using 6 workers of 6 for evacuation
[2440.054s][info][gc,phases      ] GC(419)   Pre Evacuate Collection Set: 0.40ms
[2440.054s][info][gc,phases      ] GC(419)   Merge Heap Roots: 0.79ms
[2440.054s][info][gc,phases      ] GC(419)   Evacuate Collection Set: 131.74ms
[2440.054s][info][gc,phases      ] GC(419)   Post Evacuate Collection Set: 0.96ms
[2440.054s][info][gc,phases      ] GC(419)   Other: 0.09ms
[2440.054s][info][gc,heap        ] GC(419) Eden regions: 1110->0(1119)
[2440.054s][info][gc,heap        ] GC(419) Survivor regions: 109->109(153)
[2440.054s][info][gc,heap        ] GC(419) Old regions: 537->474
[2440.054s][info][gc,heap        ] GC(419) Humongous regions: 80->80
[2440.054s][info][gc,metaspace   ] GC(419) Metaspace: 28912K(29312K)->28912K(29312K) NonClass: 24028K(24192K)->24028K(24192K) Class: 4884K(5120K)->4884K(5120K)
[2440.054s][info][gc             ] GC(419) Pause Young (Mixed) (G1 Evacuation Pause) 3670M->1323M(4096M) 134.131ms
[2440.054s][info][gc,cpu         ] GC(419) User=0.79s Sys=0.00s Real=0.14s
.....[2444.745s][info][gc,start       ] GC(420) Pause Young (Concurrent Start) (G1 Evacuation Pause)
[2444.745s][info][gc,task        ] GC(420) Using 6 workers of 6 for evacuation
[2444.861s][info][gc,phases      ] GC(420)   Pre Evacuate Collection Set: 0.41ms
[2444.861s][info][gc,phases      ] GC(420)   Merge Heap Roots: 0.53ms
[2444.861s][info][gc,phases      ] GC(420)   Evacuate Collection Set: 114.36ms
[2444.861s][info][gc,phases      ] GC(420)   Post Evacuate Collection Set: 0.91ms
[2444.861s][info][gc,phases      ] GC(420)   Other: 0.12ms
[2444.861s][info][gc,heap        ] GC(420) Eden regions: 1119->0(1119)
[2444.861s][info][gc,heap        ] GC(420) Survivor regions: 109->109(154)
[2444.861s][info][gc,heap        ] GC(420) Old regions: 474->506
[2444.861s][info][gc,heap        ] GC(420) Humongous regions: 80->80
[2444.861s][info][gc,metaspace   ] GC(420) Metaspace: 28912K(29312K)->28912K(29312K) NonClass: 24028K(24192K)->24028K(24192K) Class: 4884K(5120K)->4884K(5120K)
[2444.861s][info][gc             ] GC(420) Pause Young (Concurrent Start) (G1 Evacuation Pause) 3561M->1388M(4096M) 116.461ms
[2444.861s][info][gc             ] GC(421) Concurrent Mark Cycle
[2444.861s][info][gc,marking     ] GC(421) Concurrent Scan Root Regions
[2444.861s][info][gc,cpu         ] GC(420) User=0.68s Sys=0.00s Real=0.11s
[2444.996s][info][gc,marking     ] GC(421) Concurrent Scan Root Regions 134.807ms
[2444.996s][info][gc,marking     ] GC(421) Concurrent Mark
[2444.996s][info][gc,marking     ] GC(421) Concurrent Mark From Roots
[2444.996s][info][gc,task        ] GC(421) Using 2 workers of 2 for marking
.[2445.606s][info][gc,marking     ] GC(421) Concurrent Mark From Roots 610.324ms
[2445.606s][info][gc,marking     ] GC(421) Concurrent Preclean
[2445.606s][info][gc,marking     ] GC(421) Concurrent Preclean 0.047ms
[2445.607s][info][gc,start       ] GC(421) Pause Remark
[2445.611s][info][gc             ] GC(421) Pause Remark 1776M->1776M(4096M) 4.004ms
[2445.611s][info][gc,cpu         ] GC(421) User=0.02s Sys=0.00s Real=0.00s
[2445.611s][info][gc,marking     ] GC(421) Concurrent Mark 614.680ms
[2445.611s][info][gc,marking     ] GC(421) Concurrent Rebuild Remembered Sets and Scrub Regions
[2445.865s][info][gc,marking     ] GC(421) Concurrent Rebuild Remembered Sets and Scrub Regions 254.422ms
[2445.865s][info][gc,start       ] GC(421) Pause Cleanup
[2445.865s][info][gc             ] GC(421) Pause Cleanup 1878M->1878M(4096M) 0.134ms
[2445.865s][info][gc,cpu         ] GC(421) User=0.00s Sys=0.00s Real=0.00s
[2445.865s][info][gc,marking     ] GC(421) Concurrent Clear Claimed Marks
[2445.865s][info][gc,marking     ] GC(421) Concurrent Clear Claimed Marks 0.033ms
[2445.865s][info][gc,marking     ] GC(421) Concurrent Cleanup for Next Mark
[2445.869s][info][gc,marking     ] GC(421) Concurrent Cleanup for Next Mark 3.524ms
[2445.869s][info][gc             ] GC(421) Concurrent Mark Cycle 1007.958ms
....[2449.669s][info][gc,start       ] GC(422) Pause Young (Prepare Mixed) (G1 Evacuation Pause)
[2449.669s][info][gc,task        ] GC(422) Using 6 workers of 6 for evacuation
[2449.787s][info][gc,phases      ] GC(422)   Pre Evacuate Collection Set: 0.33ms
[2449.787s][info][gc,phases      ] GC(422)   Merge Heap Roots: 0.53ms
[2449.787s][info][gc,phases      ] GC(422)   Evacuate Collection Set: 116.28ms
[2449.787s][info][gc,phases      ] GC(422)   Post Evacuate Collection Set: 0.97ms
[2449.787s][info][gc,phases      ] GC(422)   Other: 0.09ms
[2449.787s][info][gc,heap        ] GC(422) Eden regions: 1119->0(1108)
[2449.787s][info][gc,heap        ] GC(422) Survivor regions: 109->109(154)
[2449.787s][info][gc,heap        ] GC(422) Old regions: 506->539
[2449.787s][info][gc,heap        ] GC(422) Humongous regions: 80->80
[2449.787s][info][gc,metaspace   ] GC(422) Metaspace: 28912K(29312K)->28912K(29312K) NonClass: 24028K(24192K)->24028K(24192K) Class: 4884K(5120K)->4884K(5120K)
[2449.787s][info][gc             ] GC(422) Pause Young (Prepare Mixed) (G1 Evacuation Pause) 3626M->1453M(4096M) 118.330ms
[2449.787s][info][gc,cpu         ] GC(422) User=0.70s Sys=0.00s Real=0.12s
....[2454.511s][info][gc,start       ] GC(423) Pause Young (Mixed) (G1 Evacuation Pause)
[2454.511s][info][gc,task        ] GC(423) Using 6 workers of 6 for evacuation
[2454.647s][info][gc,phases      ] GC(423)   Pre Evacuate Collection Set: 0.41ms
[2454.647s][info][gc,phases      ] GC(423)   Merge Heap Roots: 0.71ms
[2454.647s][info][gc,phases      ] GC(423)   Evacuate Collection Set: 133.63ms
[2454.647s][info][gc,phases      ] GC(423)   Post Evacuate Collection Set: 0.98ms
[2454.647s][info][gc,phases      ] GC(423)   Other: 0.09ms
[2454.647s][info][gc,heap        ] GC(423) Eden regions: 1108->0(1118)
[2454.647s][info][gc,heap        ] GC(423) Survivor regions: 109->110(153)
[2454.647s][info][gc,heap        ] GC(423) Old regions: 539->474
[2454.647s][info][gc,heap        ] GC(423) Humongous regions: 80->80
[2454.647s][info][gc,metaspace   ] GC(423) Metaspace: 28912K(29312K)->28912K(29312K) NonClass: 24028K(24192K)->24028K(24192K) Class: 4884K(5120K)->4884K(5120K)
[2454.647s][info][gc             ] GC(423) Pause Young (Mixed) (G1 Evacuation Pause) 3669M->1327M(4096M) 135.952ms
[2454.647s][info][gc,cpu         ] GC(423) User=0.81s Sys=0.01s Real=0.14s
... (rIR:aIR:PR = 3874:3874:3874) (tPR = 57317) [OK] 
  2456s: Performance info:
         Transaction,    Success,    Partial,     Failed,   Receipts, AvgBarcode, 
             Overall,     233462,          0,          0,     221807,      59.47, 
         Response times:
             Request,    Success,    Partial,     Failed,   SkipFail,     Probes,    Samples,      min,      p50,      p90,      p95,      p99,      max, 
       TotalPurchase,     221804,          0,          0,          0,     217869,     244212,      300,     3300,     5700,     8000,    34000,   220000,
     InStorePurchase,     116755,          0,          0,          0,     115007,     128781,      300,     3300,     5700,     8000,    35000,   184000,
      OnlinePurchase,      81707,          0,          0,          0,      80227,      89812,      300,     3300,     5600,     8000,    34000,   220000,
        InstPurchase,      23342,          0,          0,          0,      22635,      25619,      400,     3000,     5700,     8000,    34000,   184000,
          AssocOfCat,        234,          0,          0,          0,        170,        268,    19300,    33000,    43000,    51200,   105030,   186000,
      AssocOfProduct,       2320,          0,          0,          0,       2134,       2578,     1100,     3100,     4900,     6800,    26000,   140000,
      BusinessReport,        582,          0,          0,          0,        498,        655,    24000,    36000,    53000,    67000,   160320,   181000,
          CustBuyBeh,       2327,          0,          0,          0,       2152,       2630,      200,     1400,     3300,     4500,    19169,   123000,
       ProductReturn,       6191,          0,          0,          0,       5882,       6863,      500,     2800,     5100,     7500,    32360,   141000,

  2456s: (29%)   IR =   4013 ..[2459.364s][info][gc,start       ] GC(424) Pause Young (Concurrent Start) (G1 Evacuation Pause)
[2459.364s][info][gc,task        ] GC(424) Using 6 workers of 6 for evacuation
[2459.487s][info][gc,phases      ] GC(424)   Pre Evacuate Collection Set: 0.42ms
[2459.487s][info][gc,phases      ] GC(424)   Merge Heap Roots: 0.59ms
[2459.487s][info][gc,phases      ] GC(424)   Evacuate Collection Set: 120.46ms
[2459.487s][info][gc,phases      ] GC(424)   Post Evacuate Collection Set: 0.96ms
[2459.487s][info][gc,phases      ] GC(424)   Other: 0.12ms
[2459.487s][info][gc,heap        ] GC(424) Eden regions: 1118->0(1117)
[2459.487s][info][gc,heap        ] GC(424) Survivor regions: 110->111(154)
[2459.487s][info][gc,heap        ] GC(424) Old regions: 474->507
[2459.487s][info][gc,heap        ] GC(424) Humongous regions: 80->80
[2459.487s][info][gc,metaspace   ] GC(424) Metaspace: 28914K(29312K)->28914K(29312K) NonClass: 24030K(24192K)->24030K(24192K) Class: 4884K(5120K)->4884K(5120K)
[2459.487s][info][gc             ] GC(424) Pause Young (Concurrent Start) (G1 Evacuation Pause) 3563M->1394M(4096M) 122.690ms
[2459.487s][info][gc             ] GC(425) Concurrent Mark Cycle
[2459.487s][info][gc,marking     ] GC(425) Concurrent Scan Root Regions
[2459.487s][info][gc,cpu         ] GC(424) User=0.73s Sys=0.00s Real=0.12s
[2459.655s][info][gc,marking     ] GC(425) Concurrent Scan Root Regions 168.307ms
[2459.655s][info][gc,marking     ] GC(425) Concurrent Mark
[2459.655s][info][gc,marking     ] GC(425) Concurrent Mark From Roots
[2459.655s][info][gc,task        ] GC(425) Using 2 workers of 2 for marking
.[2460.388s][info][gc,marking     ] GC(425) Concurrent Mark From Roots 732.710ms
[2460.388s][info][gc,marking     ] GC(425) Concurrent Preclean
[2460.388s][info][gc,marking     ] GC(425) Concurrent Preclean 0.070ms
[2460.388s][info][gc,start       ] GC(425) Pause Remark
[2460.393s][info][gc             ] GC(425) Pause Remark 1899M->1899M(4096M) 4.668ms
[2460.393s][info][gc,cpu         ] GC(425) User=0.02s Sys=0.00s Real=0.01s
[2460.393s][info][gc,marking     ] GC(425) Concurrent Mark 737.763ms
[2460.393s][info][gc,marking     ] GC(425) Concurrent Rebuild Remembered Sets and Scrub Regions
[2460.645s][info][gc,marking     ] GC(425) Concurrent Rebuild Remembered Sets and Scrub Regions 251.290ms
[2460.645s][info][gc,start       ] GC(425) Pause Cleanup
[2460.645s][info][gc             ] GC(425) Pause Cleanup 2002M->2002M(4096M) 0.136ms
[2460.645s][info][gc,cpu         ] GC(425) User=0.00s Sys=0.00s Real=0.00s
[2460.645s][info][gc,marking     ] GC(425) Concurrent Clear Claimed Marks
[2460.645s][info][gc,marking     ] GC(425) Concurrent Clear Claimed Marks 0.027ms
[2460.645s][info][gc,marking     ] GC(425) Concurrent Cleanup for Next Mark
[2460.649s][info][gc,marking     ] GC(425) Concurrent Cleanup for Next Mark 3.976ms
[2460.649s][info][gc             ] GC(425) Concurrent Mark Cycle 1161.816ms
....|[2464.088s][info][gc,start       ] GC(426) Pause Young (Prepare Mixed) (G1 Evacuation Pause)
[2464.089s][info][gc,task        ] GC(426) Using 6 workers of 6 for evacuation
[2464.207s][info][gc,phases      ] GC(426)   Pre Evacuate Collection Set: 0.33ms
[2464.207s][info][gc,phases      ] GC(426)   Merge Heap Roots: 0.65ms
[2464.207s][info][gc,phases      ] GC(426)   Evacuate Collection Set: 116.68ms
[2464.207s][info][gc,phases      ] GC(426)   Post Evacuate Collection Set: 0.95ms
[2464.207s][info][gc,phases      ] GC(426)   Other: 0.09ms
[2464.207s][info][gc,heap        ] GC(426) Eden regions: 1117->0(1107)
[2464.207s][info][gc,heap        ] GC(426) Survivor regions: 111->110(154)
[2464.207s][info][gc,heap        ] GC(426) Old regions: 507->538
[2464.207s][info][gc,heap        ] GC(426) Humongous regions: 80->80
[2464.207s][info][gc,metaspace   ] GC(426) Metaspace: 28914K(29312K)->28914K(29312K) NonClass: 24030K(24192K)->24030K(24192K) Class: 4884K(5120K)->4884K(5120K)
[2464.207s][info][gc             ] GC(426) Pause Young (Prepare Mixed) (G1 Evacuation Pause) 3628M->1455M(4096M) 118.857ms
[2464.207s][info][gc,cpu         ] GC(426) User=0.71s Sys=0.00s Real=0.12s
.....[2468.737s][info][gc,start       ] GC(427) Pause Young (Mixed) (G1 Evacuation Pause)
[2468.737s][info][gc,task        ] GC(427) Using 6 workers of 6 for evacuation
[2468.870s][info][gc,phases      ] GC(427)   Pre Evacuate Collection Set: 0.42ms
[2468.870s][info][gc,phases      ] GC(427)   Merge Heap Roots: 0.80ms
[2468.870s][info][gc,phases      ] GC(427)   Evacuate Collection Set: 130.70ms
[2468.870s][info][gc,phases      ] GC(427)   Post Evacuate Collection Set: 0.99ms
[2468.870s][info][gc,phases      ] GC(427)   Other: 0.10ms
[2468.870s][info][gc,heap        ] GC(427) Eden regions: 1107->0(1120)
[2468.870s][info][gc,heap        ] GC(427) Survivor regions: 110->108(153)
[2468.870s][info][gc,heap        ] GC(427) Old regions: 538->474
[2468.870s][info][gc,heap        ] GC(427) Humongous regions: 80->80
[2468.870s][info][gc,metaspace   ] GC(427) Metaspace: 28914K(29312K)->28914K(29312K) NonClass: 24030K(24192K)->24030K(24192K) Class: 4884K(5120K)->4884K(5120K)
[2468.870s][info][gc             ] GC(427) Pause Young (Mixed) (G1 Evacuation Pause) 3669M->1322M(4096M) 133.142ms
[2468.871s][info][gc,cpu         ] GC(427) User=0.79s Sys=0.00s Real=0.13s
....[2473.413s][info][gc,start       ] GC(428) Pause Young (Concurrent Start) (G1 Evacuation Pause)
[2473.413s][info][gc,task        ] GC(428) Using 6 workers of 6 for evacuation
[2473.530s][info][gc,phases      ] GC(428)   Pre Evacuate Collection Set: 0.41ms
[2473.530s][info][gc,phases      ] GC(428)   Merge Heap Roots: 0.52ms
[2473.530s][info][gc,phases      ] GC(428)   Evacuate Collection Set: 115.31ms
[2473.530s][info][gc,phases      ] GC(428)   Post Evacuate Collection Set: 0.92ms
[2473.530s][info][gc,phases      ] GC(428)   Other: 0.09ms
[2473.530s][info][gc,heap        ] GC(428) Eden regions: 1120->0(1120)
[2473.530s][info][gc,heap        ] GC(428) Survivor regions: 108->108(154)
[2473.530s][info][gc,heap        ] GC(428) Old regions: 474->506
[2473.530s][info][gc,heap        ] GC(428) Humongous regions: 80->80
[2473.530s][info][gc,metaspace   ] GC(428) Metaspace: 28914K(29312K)->28914K(29312K) NonClass: 24030K(24192K)->24030K(24192K) Class: 4884K(5120K)->4884K(5120K)
[2473.530s][info][gc             ] GC(428) Pause Young (Concurrent Start) (G1 Evacuation Pause) 3562M->1385M(4096M) 117.393ms
[2473.530s][info][gc             ] GC(429) Concurrent Mark Cycle
[2473.530s][info][gc,marking     ] GC(429) Concurrent Scan Root Regions
[2473.530s][info][gc,cpu         ] GC(428) User=0.69s Sys=0.00s Real=0.11s
[2473.689s][info][gc,marking     ] GC(429) Concurrent Scan Root Regions 158.590ms
[2473.689s][info][gc,marking     ] GC(429) Concurrent Mark
[2473.689s][info][gc,marking     ] GC(429) Concurrent Mark From Roots
[2473.689s][info][gc,task        ] GC(429) Using 2 workers of 2 for marking
.[2474.376s][info][gc,marking     ] GC(429) Concurrent Mark From Roots 687.287ms
[2474.376s][info][gc,marking     ] GC(429) Concurrent Preclean
[2474.376s][info][gc,marking     ] GC(429) Concurrent Preclean 0.048ms
[2474.376s][info][gc,start       ] GC(429) Pause Remark
[2474.381s][info][gc             ] GC(429) Pause Remark 1839M->1839M(4096M) 4.416ms
[2474.381s][info][gc,cpu         ] GC(429) User=0.02s Sys=0.00s Real=0.00s
[2474.381s][info][gc,marking     ] GC(429) Concurrent Mark 692.045ms
[2474.381s][info][gc,marking     ] GC(429) Concurrent Rebuild Remembered Sets and Scrub Regions
[2474.635s][info][gc,marking     ] GC(429) Concurrent Rebuild Remembered Sets and Scrub Regions 254.122ms
[2474.635s][info][gc,start       ] GC(429) Pause Cleanup
[2474.635s][info][gc             ] GC(429) Pause Cleanup 1949M->1949M(4096M) 0.143ms
[2474.635s][info][gc,cpu         ] GC(429) User=0.00s Sys=0.00s Real=0.00s
[2474.635s][info][gc,marking     ] GC(429) Concurrent Clear Claimed Marks
[2474.635s][info][gc,marking     ] GC(429) Concurrent Clear Claimed Marks 0.037ms
[2474.635s][info][gc,marking     ] GC(429) Concurrent Cleanup for Next Mark
[2474.639s][info][gc,marking     ] GC(429) Concurrent Cleanup for Next Mark 3.317ms
[2474.639s][info][gc             ] GC(429) Concurrent Mark Cycle 1108.649ms
....[2478.159s][info][gc,start       ] GC(430) Pause Young (Prepare Mixed) (G1 Evacuation Pause)
[2478.159s][info][gc,task        ] GC(430) Using 6 workers of 6 for evacuation
[2478.276s][info][gc,phases      ] GC(430)   Pre Evacuate Collection Set: 0.38ms
[2478.276s][info][gc,phases      ] GC(430)   Merge Heap Roots: 0.56ms
[2478.276s][info][gc,phases      ] GC(430)   Evacuate Collection Set: 114.81ms
[2478.276s][info][gc,phases      ] GC(430)   Post Evacuate Collection Set: 0.96ms
[2478.276s][info][gc,phases      ] GC(430)   Other: 0.09ms
[2478.276s][info][gc,heap        ] GC(430) Eden regions: 1120->0(1111)
[2478.276s][info][gc,heap        ] GC(430) Survivor regions: 108->108(154)
[2478.276s][info][gc,heap        ] GC(430) Old regions: 506->538
[2478.276s][info][gc,heap        ] GC(430) Humongous regions: 80->80
[2478.276s][info][gc,metaspace   ] GC(430) Metaspace: 28914K(29312K)->28914K(29312K) NonClass: 24030K(24192K)->24030K(24192K) Class: 4884K(5120K)->4884K(5120K)
[2478.276s][info][gc             ] GC(430) Pause Young (Prepare Mixed) (G1 Evacuation Pause) 3625M->1450M(4096M) 116.954ms
[2478.276s][info][gc,cpu         ] GC(430) User=0.69s Sys=0.00s Real=0.12s
.....[2482.800s][info][gc,start       ] GC(431) Pause Young (Mixed) (G1 Evacuation Pause)
[2482.800s][info][gc,task        ] GC(431) Using 6 workers of 6 for evacuation
[2482.933s][info][gc,phases      ] GC(431)   Pre Evacuate Collection Set: 0.40ms
[2482.933s][info][gc,phases      ] GC(431)   Merge Heap Roots: 0.72ms
[2482.933s][info][gc,phases      ] GC(431)   Evacuate Collection Set: 131.38ms
[2482.933s][info][gc,phases      ] GC(431)   Post Evacuate Collection Set: 0.97ms
[2482.933s][info][gc,phases      ] GC(431)   Other: 0.09ms
[2482.933s][info][gc,heap        ] GC(431) Eden regions: 1111->0(1119)
[2482.933s][info][gc,heap        ] GC(431) Survivor regions: 108->109(153)
[2482.933s][info][gc,heap        ] GC(431) Old regions: 538->473
[2482.933s][info][gc,heap        ] GC(431) Humongous regions: 80->80
[2482.933s][info][gc,metaspace   ] GC(431) Metaspace: 28914K(29312K)->28914K(29312K) NonClass: 24030K(24192K)->24030K(24192K) Class: 4884K(5120K)->4884K(5120K)
[2482.933s][info][gc             ] GC(431) Pause Young (Mixed) (G1 Evacuation Pause) 3672M->1323M(4096M) 133.684ms
[2482.934s][info][gc,cpu         ] GC(431) User=0.79s Sys=0.00s Real=0.14s
....[2487.557s][info][gc,start       ] GC(432) Pause Young (Concurrent Start) (G1 Evacuation Pause)
[2487.557s][info][gc,task        ] GC(432) Using 6 workers of 6 for evacuation
[2487.676s][info][gc,phases      ] GC(432)   Pre Evacuate Collection Set: 0.41ms
[2487.676s][info][gc,phases      ] GC(432)   Merge Heap Roots: 0.55ms
[2487.676s][info][gc,phases      ] GC(432)   Evacuate Collection Set: 117.68ms
[2487.676s][info][gc,phases      ] GC(432)   Post Evacuate Collection Set: 0.93ms
[2487.676s][info][gc,phases      ] GC(432)   Other: 0.10ms
[2487.676s][info][gc,heap        ] GC(432) Eden regions: 1119->0(1119)
[2487.676s][info][gc,heap        ] GC(432) Survivor regions: 109->109(154)
[2487.676s][info][gc,heap        ] GC(432) Old regions: 473->506
[2487.676s][info][gc,heap        ] GC(432) Humongous regions: 80->80
[2487.676s][info][gc,metaspace   ] GC(432) Metaspace: 28914K(29312K)->28914K(29312K) NonClass: 24030K(24192K)->24030K(24192K) Class: 4884K(5120K)->4884K(5120K)
[2487.676s][info][gc             ] GC(432) Pause Young (Concurrent Start) (G1 Evacuation Pause) 3561M->1388M(4096M) 119.809ms
[2487.677s][info][gc             ] GC(433) Concurrent Mark Cycle
[2487.677s][info][gc,marking     ] GC(433) Concurrent Scan Root Regions
[2487.677s][info][gc,cpu         ] GC(432) User=0.71s Sys=0.00s Real=0.12s
.[2487.843s][info][gc,marking     ] GC(433) Concurrent Scan Root Regions 166.678ms
[2487.843s][info][gc,marking     ] GC(433) Concurrent Mark
[2487.843s][info][gc,marking     ] GC(433) Concurrent Mark From Roots
[2487.843s][info][gc,task        ] GC(433) Using 2 workers of 2 for marking
[2488.596s][info][gc,marking     ] GC(433) Concurrent Mark From Roots 753.152ms
[2488.596s][info][gc,marking     ] GC(433) Concurrent Preclean
[2488.597s][info][gc,marking     ] GC(433) Concurrent Preclean 0.050ms
[2488.597s][info][gc,start       ] GC(433) Pause Remark
[2488.601s][info][gc             ] GC(433) Pause Remark 1927M->1927M(4096M) 4.684ms
[2488.601s][info][gc,cpu         ] GC(433) User=0.03s Sys=0.00s Real=0.00s
[2488.601s][info][gc,marking     ] GC(433) Concurrent Mark 758.141ms
[2488.601s][info][gc,marking     ] GC(433) Concurrent Rebuild Remembered Sets and Scrub Regions
.[2488.852s][info][gc,marking     ] GC(433) Concurrent Rebuild Remembered Sets and Scrub Regions 250.372ms
[2488.852s][info][gc,start       ] GC(433) Pause Cleanup
[2488.852s][info][gc             ] GC(433) Pause Cleanup 2029M->2029M(4096M) 0.132ms
[2488.852s][info][gc,cpu         ] GC(433) User=0.00s Sys=0.00s Real=0.01s
[2488.852s][info][gc,marking     ] GC(433) Concurrent Clear Claimed Marks
[2488.852s][info][gc,marking     ] GC(433) Concurrent Clear Claimed Marks 0.026ms
[2488.852s][info][gc,marking     ] GC(433) Concurrent Cleanup for Next Mark
[2488.855s][info][gc,marking     ] GC(433) Concurrent Cleanup for Next Mark 3.242ms
[2488.855s][info][gc             ] GC(433) Concurrent Mark Cycle 1178.890ms
...[2492.260s][info][gc,start       ] GC(434) Pause Young (Prepare Mixed) (G1 Evacuation Pause)
[2492.260s][info][gc,task        ] GC(434) Using 6 workers of 6 for evacuation
[2492.378s][info][gc,phases      ] GC(434)   Pre Evacuate Collection Set: 0.37ms
[2492.378s][info][gc,phases      ] GC(434)   Merge Heap Roots: 0.64ms
[2492.378s][info][gc,phases      ] GC(434)   Evacuate Collection Set: 115.58ms
[2492.378s][info][gc,phases      ] GC(434)   Post Evacuate Collection Set: 0.95ms
[2492.378s][info][gc,phases      ] GC(434)   Other: 0.10ms
[2492.378s][info][gc,heap        ] GC(434) Eden regions: 1119->0(1112)
[2492.378s][info][gc,heap        ] GC(434) Survivor regions: 109->108(154)
[2492.378s][info][gc,heap        ] GC(434) Old regions: 506->537
[2492.378s][info][gc,heap        ] GC(434) Humongous regions: 80->80
[2492.378s][info][gc,metaspace   ] GC(434) Metaspace: 28914K(29312K)->28914K(29312K) NonClass: 24030K(24192K)->24030K(24192K) Class: 4884K(5120K)->4884K(5120K)
[2492.378s][info][gc             ] GC(434) Pause Young (Prepare Mixed) (G1 Evacuation Pause) 3626M->1448M(4096M) 117.766ms
[2492.378s][info][gc,cpu         ] GC(434) User=0.69s Sys=0.00s Real=0.12s
.....[2496.962s][info][gc,start       ] GC(435) Pause Young (Mixed) (G1 Evacuation Pause)
[2496.962s][info][gc,task        ] GC(435) Using 6 workers of 6 for evacuation
[2497.095s][info][gc,phases      ] GC(435)   Pre Evacuate Collection Set: 0.43ms
[2497.095s][info][gc,phases      ] GC(435)   Merge Heap Roots: 0.80ms
[2497.095s][info][gc,phases      ] GC(435)   Evacuate Collection Set: 130.59ms
[2497.095s][info][gc,phases      ] GC(435)   Post Evacuate Collection Set: 0.99ms
[2497.095s][info][gc,phases      ] GC(435)   Other: 0.10ms
[2497.095s][info][gc,heap        ] GC(435) Eden regions: 1112->0(1118)
[2497.095s][info][gc,heap        ] GC(435) Survivor regions: 108->110(153)
[2497.095s][info][gc,heap        ] GC(435) Old regions: 537->473
[2497.095s][info][gc,heap        ] GC(435) Humongous regions: 80->80
[2497.095s][info][gc,metaspace   ] GC(435) Metaspace: 28914K(29312K)->28914K(29312K) NonClass: 24030K(24192K)->24030K(24192K) Class: 4884K(5120K)->4884K(5120K)
[2497.095s][info][gc             ] GC(435) Pause Young (Mixed) (G1 Evacuation Pause) 3672M->1323M(4096M) 133.071ms
[2497.095s][info][gc,cpu         ] GC(435) User=0.79s Sys=0.00s Real=0.13s
....[2501.618s][info][gc,start       ] GC(436) Pause Young (Concurrent Start) (G1 Evacuation Pause)
[2501.618s][info][gc,task        ] GC(436) Using 6 workers of 6 for evacuation
[2501.736s][info][gc,phases      ] GC(436)   Pre Evacuate Collection Set: 0.43ms
[2501.736s][info][gc,phases      ] GC(436)   Merge Heap Roots: 0.57ms
[2501.736s][info][gc,phases      ] GC(436)   Evacuate Collection Set: 116.24ms
[2501.736s][info][gc,phases      ] GC(436)   Post Evacuate Collection Set: 0.92ms
[2501.736s][info][gc,phases      ] GC(436)   Other: 0.11ms
[2501.736s][info][gc,heap        ] GC(436) Eden regions: 1118->0(1120)
[2501.736s][info][gc,heap        ] GC(436) Survivor regions: 110->108(154)
[2501.736s][info][gc,heap        ] GC(436) Old regions: 473->504
[2501.736s][info][gc,heap        ] GC(436) Humongous regions: 80->80
[2501.736s][info][gc,metaspace   ] GC(436) Metaspace: 28914K(29312K)->28914K(29312K) NonClass: 24030K(24192K)->24030K(24192K) Class: 4884K(5120K)->4884K(5120K)
[2501.736s][info][gc             ] GC(436) Pause Young (Concurrent Start) (G1 Evacuation Pause) 3559M->1383M(4096M) 118.394ms
[2501.736s][info][gc             ] GC(437) Concurrent Mark Cycle
[2501.736s][info][gc,marking     ] GC(437) Concurrent Scan Root Regions
[2501.736s][info][gc,cpu         ] GC(436) User=0.70s Sys=0.00s Real=0.12s
.[2501.909s][info][gc,marking     ] GC(437) Concurrent Scan Root Regions 173.173ms
[2501.910s][info][gc,marking     ] GC(437) Concurrent Mark
[2501.910s][info][gc,marking     ] GC(437) Concurrent Mark From Roots
[2501.910s][info][gc,task        ] GC(437) Using 2 workers of 2 for marking
[2502.645s][info][gc,marking     ] GC(437) Concurrent Mark From Roots 735.075ms
[2502.645s][info][gc,marking     ] GC(437) Concurrent Preclean
[2502.645s][info][gc,marking     ] GC(437) Concurrent Preclean 0.071ms
[2502.645s][info][gc,start       ] GC(437) Pause Remark
[2502.650s][info][gc             ] GC(437) Pause Remark 1908M->1908M(4096M) 4.602ms
[2502.650s][info][gc,cpu         ] GC(437) User=0.03s Sys=0.00s Real=0.00s
[2502.650s][info][gc,marking     ] GC(437) Concurrent Mark 740.435ms
[2502.650s][info][gc,marking     ] GC(437) Concurrent Rebuild Remembered Sets and Scrub Regions
[2502.882s][info][gc,marking     ] GC(437) Concurrent Rebuild Remembered Sets and Scrub Regions 232.343ms
[2502.882s][info][gc,start       ] GC(437) Pause Cleanup
[2502.883s][info][gc             ] GC(437) Pause Cleanup 2010M->2010M(4096M) 0.133ms
[2502.883s][info][gc,cpu         ] GC(437) User=0.00s Sys=0.00s Real=0.00s
[2502.883s][info][gc,marking     ] GC(437) Concurrent Clear Claimed Marks
[2502.883s][info][gc,marking     ] GC(437) Concurrent Clear Claimed Marks 0.028ms
[2502.883s][info][gc,marking     ] GC(437) Concurrent Cleanup for Next Mark
[2502.886s][info][gc,marking     ] GC(437) Concurrent Cleanup for Next Mark 3.585ms
[2502.886s][info][gc             ] GC(437) Concurrent Mark Cycle 1150.043ms
....[2506.323s][info][gc,start       ] GC(438) Pause Young (Prepare Mixed) (G1 Evacuation Pause)
[2506.323s][info][gc,task        ] GC(438) Using 6 workers of 6 for evacuation
[2506.439s][info][gc,phases      ] GC(438)   Pre Evacuate Collection Set: 0.36ms
[2506.439s][info][gc,phases      ] GC(438)   Merge Heap Roots: 0.59ms
[2506.439s][info][gc,phases      ] GC(438)   Evacuate Collection Set: 114.11ms
[2506.439s][info][gc,phases      ] GC(438)   Post Evacuate Collection Set: 0.95ms
[2506.439s][info][gc,phases      ] GC(438)   Other: 0.09ms
[2506.439s][info][gc,heap        ] GC(438) Eden regions: 1120->0(1113)
[2506.439s][info][gc,heap        ] GC(438) Survivor regions: 108->108(154)
[2506.439s][info][gc,heap        ] GC(438) Old regions: 504->536
[2506.439s][info][gc,heap        ] GC(438) Humongous regions: 80->80
[2506.439s][info][gc,metaspace   ] GC(438) Metaspace: 28914K(29312K)->28914K(29312K) NonClass: 24030K(24192K)->24030K(24192K) Class: 4884K(5120K)->4884K(5120K)
[2506.439s][info][gc             ] GC(438) Pause Young (Prepare Mixed) (G1 Evacuation Pause) 3623M->1447M(4096M) 116.234ms
[2506.439s][info][gc,cpu         ] GC(438) User=0.69s Sys=0.01s Real=0.11s
.....[2511.024s][info][gc,start       ] GC(439) Pause Young (Mixed) (G1 Evacuation Pause)
[2511.024s][info][gc,task        ] GC(439) Using 6 workers of 6 for evacuation
[2511.159s][info][gc,phases      ] GC(439)   Pre Evacuate Collection Set: 0.40ms
[2511.159s][info][gc,phases      ] GC(439)   Merge Heap Roots: 0.93ms
[2511.159s][info][gc,phases      ] GC(439)   Evacuate Collection Set: 132.55ms
[2511.159s][info][gc,phases      ] GC(439)   Post Evacuate Collection Set: 0.98ms
[2511.159s][info][gc,phases      ] GC(439)   Other: 0.09ms
[2511.159s][info][gc,heap        ] GC(439) Eden regions: 1113->0(1120)
[2511.159s][info][gc,heap        ] GC(439) Survivor regions: 108->108(153)
[2511.159s][info][gc,heap        ] GC(439) Old regions: 536->472
[2511.159s][info][gc,heap        ] GC(439) Humongous regions: 80->80
[2511.159s][info][gc,metaspace   ] GC(439) Metaspace: 28914K(29312K)->28914K(29312K) NonClass: 24030K(24192K)->24030K(24192K) Class: 4884K(5120K)->4884K(5120K)
[2511.159s][info][gc             ] GC(439) Pause Young (Mixed) (G1 Evacuation Pause) 3673M->1318M(4096M) 135.082ms
[2511.159s][info][gc,cpu         ] GC(439) User=0.79s Sys=0.00s Real=0.13s
....[2515.784s][info][gc,start       ] GC(440) Pause Young (Concurrent Start) (G1 Evacuation Pause)
[2515.784s][info][gc,task        ] GC(440) Using 6 workers of 6 for evacuation
[2515.905s][info][gc,phases      ] GC(440)   Pre Evacuate Collection Set: 0.39ms
[2515.905s][info][gc,phases      ] GC(440)   Merge Heap Roots: 0.58ms
[2515.905s][info][gc,phases      ] GC(440)   Evacuate Collection Set: 119.53ms
[2515.905s][info][gc,phases      ] GC(440)   Post Evacuate Collection Set: 0.92ms
[2515.905s][info][gc,phases      ] GC(440)   Other: 0.11ms
[2515.905s][info][gc,heap        ] GC(440) Eden regions: 1120->0(1115)
[2515.905s][info][gc,heap        ] GC(440) Survivor regions: 108->113(154)
[2515.905s][info][gc,heap        ] GC(440) Old regions: 472->503
[2515.905s][info][gc,heap        ] GC(440) Humongous regions: 80->80
[2515.905s][info][gc,metaspace   ] GC(440) Metaspace: 28914K(29312K)->28914K(29312K) NonClass: 24030K(24192K)->24030K(24192K) Class: 4884K(5120K)->4884K(5120K)
[2515.905s][info][gc             ] GC(440) Pause Young (Concurrent Start) (G1 Evacuation Pause) 3558M->1391M(4096M) 121.672ms
[2515.905s][info][gc             ] GC(441) Concurrent Mark Cycle
[2515.905s][info][gc,marking     ] GC(441) Concurrent Scan Root Regions
[2515.905s][info][gc,cpu         ] GC(440) User=0.72s Sys=0.00s Real=0.12s
.[2516.044s][info][gc,marking     ] GC(441) Concurrent Scan Root Regions 138.409ms
[2516.044s][info][gc,marking     ] GC(441) Concurrent Mark
[2516.044s][info][gc,marking     ] GC(441) Concurrent Mark From Roots
[2516.044s][info][gc,task        ] GC(441) Using 2 workers of 2 for marking
[2516.654s][info][gc,marking     ] GC(441) Concurrent Mark From Roots 610.471ms
[2516.654s][info][gc,marking     ] GC(441) Concurrent Preclean
[2516.654s][info][gc,marking     ] GC(441) Concurrent Preclean 0.055ms
[2516.656s][info][gc,start       ] GC(441) Pause Remark
[2516.660s][info][gc             ] GC(441) Pause Remark 1793M->1793M(4096M) 3.879ms
[2516.660s][info][gc,cpu         ] GC(441) User=0.02s Sys=0.00s Real=0.00s
[2516.660s][info][gc,marking     ] GC(441) Concurrent Mark 615.959ms
[2516.660s][info][gc,marking     ] GC(441) Concurrent Rebuild Remembered Sets and Scrub Regions
[2516.893s][info][gc,marking     ] GC(441) Concurrent Rebuild Remembered Sets and Scrub Regions 232.968ms
[2516.893s][info][gc,start       ] GC(441) Pause Cleanup
[2516.893s][info][gc             ] GC(441) Pause Cleanup 1901M->1901M(4096M) 0.141ms
[2516.893s][info][gc,cpu         ] GC(441) User=0.00s Sys=0.00s Real=0.00s
[2516.893s][info][gc,marking     ] GC(441) Concurrent Clear Claimed Marks
[2516.893s][info][gc,marking     ] GC(441) Concurrent Clear Claimed Marks 0.034ms
[2516.893s][info][gc,marking     ] GC(441) Concurrent Cleanup for Next Mark
[2516.898s][info][gc,marking     ] GC(441) Concurrent Cleanup for Next Mark 4.940ms
[2516.898s][info][gc             ] GC(441) Concurrent Mark Cycle 993.000ms
....[2520.469s][info][gc,start       ] GC(442) Pause Young (Prepare Mixed) (G1 Evacuation Pause)
[2520.469s][info][gc,task        ] GC(442) Using 6 workers of 6 for evacuation
[2520.590s][info][gc,phases      ] GC(442)   Pre Evacuate Collection Set: 0.37ms
[2520.591s][info][gc,phases      ] GC(442)   Merge Heap Roots: 0.61ms
[2520.591s][info][gc,phases      ] GC(442)   Evacuate Collection Set: 119.36ms
[2520.591s][info][gc,phases      ] GC(442)   Post Evacuate Collection Set: 0.94ms
[2520.591s][info][gc,phases      ] GC(442)   Other: 0.09ms
[2520.591s][info][gc,heap        ] GC(442) Eden regions: 1115->0(1107)
[2520.591s][info][gc,heap        ] GC(442) Survivor regions: 113->112(154)
[2520.591s][info][gc,heap        ] GC(442) Old regions: 503->534
[2520.591s][info][gc,heap        ] GC(442) Humongous regions: 80->80
[2520.591s][info][gc,metaspace   ] GC(442) Metaspace: 28914K(29312K)->28914K(29312K) NonClass: 24030K(24192K)->24030K(24192K) Class: 4884K(5120K)->4884K(5120K)
[2520.591s][info][gc             ] GC(442) Pause Young (Prepare Mixed) (G1 Evacuation Pause) 3621M->1451M(4096M) 121.502ms
[2520.591s][info][gc,cpu         ] GC(442) User=0.71s Sys=0.00s Real=0.12s
.... (rIR:aIR:PR = 4013:4015:4015) (tPR = 59834) [OK] 
  2523s: Performance info:
         Transaction,    Success,    Partial,     Failed,   Receipts, AvgBarcode, 
             Overall,     241866,          0,          0,     229784,      59.48, 
         Response times:
             Request,    Success,    Partial,     Failed,   SkipFail,     Probes,    Samples,      min,      p50,      p90,      p95,      p99,      max, 
       TotalPurchase,     229784,          0,          0,          0,     224997,     252922,      300,     3300,     6000,     9400,    46000,   197000,
     InStorePurchase,     120929,          0,          0,          0,     118836,     133194,      300,     3200,     6000,     9300,    46000,   197000,
      OnlinePurchase,      84668,          0,          0,          0,      82765,      93006,      300,     3400,     6100,     9400,    46000,   155000,
        InstPurchase,      24187,          0,          0,          0,      23396,      26722,      400,     3500,     6200,    10000,    47770,   181000,
          AssocOfCat,        243,          0,          0,          0,        199,        280,    22000,    32000,    44900,    52850,   103330,   172000,
      AssocOfProduct,       2415,          0,          0,          0,       2166,       2605,      500,     4200,     6800,    12480,    48880,   142000,
      BusinessReport,        605,          0,          0,          0,        493,        643,    22000,    36000,    53000,    70600,   168520,   250000,
          CustBuyBeh,       2419,          0,          0,          0,       2219,       2640,      200,     3300,     6100,    10190,    46590,   141000,
       ProductReturn,       6400,          0,          0,          0,       6042,       7023,      200,     3300,     6000,     9800,    48000,   144000,

  2523s: (30%)   IR =   4151 .[2525.140s][info][gc,start       ] GC(443) Pause Young (Mixed) (G1 Evacuation Pause)
[2525.140s][info][gc,task        ] GC(443) Using 6 workers of 6 for evacuation
[2525.271s][info][gc,phases      ] GC(443)   Pre Evacuate Collection Set: 0.42ms
[2525.271s][info][gc,phases      ] GC(443)   Merge Heap Roots: 0.74ms
[2525.271s][info][gc,phases      ] GC(443)   Evacuate Collection Set: 128.89ms
[2525.271s][info][gc,phases      ] GC(443)   Post Evacuate Collection Set: 0.97ms
[2525.271s][info][gc,phases      ] GC(443)   Other: 0.10ms
[2525.271s][info][gc,heap        ] GC(443) Eden regions: 1107->0(1120)
[2525.271s][info][gc,heap        ] GC(443) Survivor regions: 112->108(153)
[2525.271s][info][gc,heap        ] GC(443) Old regions: 534->473
[2525.271s][info][gc,heap        ] GC(443) Humongous regions: 80->80
[2525.271s][info][gc,metaspace   ] GC(443) Metaspace: 28914K(29312K)->28914K(29312K) NonClass: 24030K(24192K)->24030K(24192K) Class: 4884K(5120K)->4884K(5120K)
[2525.271s][info][gc             ] GC(443) Pause Young (Mixed) (G1 Evacuation Pause) 3665M->1320M(4096M) 131.252ms
[2525.272s][info][gc,cpu         ] GC(443) User=0.78s Sys=0.00s Real=0.13s
...|.[2529.712s][info][gc,start       ] GC(444) Pause Young (Concurrent Start) (G1 Evacuation Pause)
[2529.712s][info][gc,task        ] GC(444) Using 6 workers of 6 for evacuation
[2529.829s][info][gc,phases      ] GC(444)   Pre Evacuate Collection Set: 0.42ms
[2529.829s][info][gc,phases      ] GC(444)   Merge Heap Roots: 0.56ms
[2529.829s][info][gc,phases      ] GC(444)   Evacuate Collection Set: 115.70ms
[2529.829s][info][gc,phases      ] GC(444)   Post Evacuate Collection Set: 1.00ms
[2529.830s][info][gc,phases      ] GC(444)   Other: 0.12ms
[2529.830s][info][gc,heap        ] GC(444) Eden regions: 1120->0(1119)
[2529.830s][info][gc,heap        ] GC(444) Survivor regions: 108->109(154)
[2529.830s][info][gc,heap        ] GC(444) Old regions: 473->505
[2529.830s][info][gc,heap        ] GC(444) Humongous regions: 80->80
[2529.830s][info][gc,metaspace   ] GC(444) Metaspace: 28914K(29312K)->28914K(29312K) NonClass: 24030K(24192K)->24030K(24192K) Class: 4884K(5120K)->4884K(5120K)
[2529.830s][info][gc             ] GC(444) Pause Young (Concurrent Start) (G1 Evacuation Pause) 3560M->1386M(4096M) 117.934ms
[2529.830s][info][gc             ] GC(445) Concurrent Mark Cycle
[2529.830s][info][gc,marking     ] GC(445) Concurrent Scan Root Regions
[2529.830s][info][gc,cpu         ] GC(444) User=0.69s Sys=0.00s Real=0.12s
[2529.971s][info][gc,marking     ] GC(445) Concurrent Scan Root Regions 140.978ms
[2529.971s][info][gc,marking     ] GC(445) Concurrent Mark
[2529.971s][info][gc,marking     ] GC(445) Concurrent Mark From Roots
[2529.971s][info][gc,task        ] GC(445) Using 2 workers of 2 for marking
.[2530.626s][info][gc,marking     ] GC(445) Concurrent Mark From Roots 655.375ms
[2530.626s][info][gc,marking     ] GC(445) Concurrent Preclean
[2530.626s][info][gc,marking     ] GC(445) Concurrent Preclean 0.107ms
[2530.629s][info][gc,start       ] GC(445) Pause Remark
[2530.634s][info][gc             ] GC(445) Pause Remark 1856M->1856M(4096M) 4.556ms
[2530.634s][info][gc,cpu         ] GC(445) User=0.02s Sys=0.01s Real=0.01s
[2530.634s][info][gc,marking     ] GC(445) Concurrent Mark 663.075ms
[2530.634s][info][gc,marking     ] GC(445) Concurrent Rebuild Remembered Sets and Scrub Regions
[2530.862s][info][gc,marking     ] GC(445) Concurrent Rebuild Remembered Sets and Scrub Regions 227.945ms
[2530.862s][info][gc,start       ] GC(445) Pause Cleanup
[2530.862s][info][gc             ] GC(445) Pause Cleanup 1954M->1954M(4096M) 0.134ms
[2530.862s][info][gc,cpu         ] GC(445) User=0.00s Sys=0.00s Real=0.00s
[2530.862s][info][gc,marking     ] GC(445) Concurrent Clear Claimed Marks
[2530.862s][info][gc,marking     ] GC(445) Concurrent Clear Claimed Marks 0.034ms
[2530.862s][info][gc,marking     ] GC(445) Concurrent Cleanup for Next Mark
[2530.866s][info][gc,marking     ] GC(445) Concurrent Cleanup for Next Mark 4.352ms
[2530.866s][info][gc             ] GC(445) Concurrent Mark Cycle 1036.902ms
....[2534.219s][info][gc,start       ] GC(446) Pause Young (Prepare Mixed) (G1 Evacuation Pause)
[2534.219s][info][gc,task        ] GC(446) Using 6 workers of 6 for evacuation
[2534.336s][info][gc,phases      ] GC(446)   Pre Evacuate Collection Set: 0.38ms
[2534.336s][info][gc,phases      ] GC(446)   Merge Heap Roots: 0.62ms
[2534.336s][info][gc,phases      ] GC(446)   Evacuate Collection Set: 115.44ms
[2534.336s][info][gc,phases      ] GC(446)   Post Evacuate Collection Set: 0.97ms
[2534.336s][info][gc,phases      ] GC(446)   Other: 0.10ms
[2534.336s][info][gc,heap        ] GC(446) Eden regions: 1119->0(1112)
[2534.336s][info][gc,heap        ] GC(446) Survivor regions: 109->108(154)
[2534.336s][info][gc,heap        ] GC(446) Old regions: 505->537
[2534.336s][info][gc,heap        ] GC(446) Humongous regions: 80->80
[2534.336s][info][gc,metaspace   ] GC(446) Metaspace: 28914K(29312K)->28914K(29312K) NonClass: 24030K(24192K)->24030K(24192K) Class: 4884K(5120K)->4884K(5120K)
[2534.336s][info][gc             ] GC(446) Pause Young (Prepare Mixed) (G1 Evacuation Pause) 3624M->1449M(4096M) 117.671ms
[2534.337s][info][gc,cpu         ] GC(446) User=0.70s Sys=0.00s Real=0.12s
....[2538.744s][info][gc,start       ] GC(447) Pause Young (Mixed) (G1 Evacuation Pause)
[2538.745s][info][gc,task        ] GC(447) Using 6 workers of 6 for evacuation
[2538.880s][info][gc,phases      ] GC(447)   Pre Evacuate Collection Set: 0.39ms
[2538.880s][info][gc,phases      ] GC(447)   Merge Heap Roots: 0.72ms
[2538.880s][info][gc,phases      ] GC(447)   Evacuate Collection Set: 133.71ms
[2538.880s][info][gc,phases      ] GC(447)   Post Evacuate Collection Set: 0.99ms
[2538.880s][info][gc,phases      ] GC(447)   Other: 0.09ms
[2538.880s][info][gc,heap        ] GC(447) Eden regions: 1112->0(1115)
[2538.880s][info][gc,heap        ] GC(447) Survivor regions: 108->113(153)
[2538.880s][info][gc,heap        ] GC(447) Old regions: 537->474
[2538.880s][info][gc,heap        ] GC(447) Humongous regions: 80->80
[2538.880s][info][gc,metaspace   ] GC(447) Metaspace: 28914K(29312K)->28914K(29312K) NonClass: 24030K(24192K)->24030K(24192K) Class: 4884K(5120K)->4884K(5120K)
[2538.881s][info][gc             ] GC(447) Pause Young (Mixed) (G1 Evacuation Pause) 3673M->1331M(4096M) 136.057ms
[2538.881s][info][gc,cpu         ] GC(447) User=0.80s Sys=0.00s Real=0.13s
.....[2543.263s][info][gc,start       ] GC(448) Pause Young (Concurrent Start) (G1 Evacuation Pause)
[2543.263s][info][gc,task        ] GC(448) Using 6 workers of 6 for evacuation
[2543.380s][info][gc,phases      ] GC(448)   Pre Evacuate Collection Set: 0.43ms
[2543.380s][info][gc,phases      ] GC(448)   Merge Heap Roots: 0.50ms
[2543.380s][info][gc,phases      ] GC(448)   Evacuate Collection Set: 114.73ms
[2543.380s][info][gc,phases      ] GC(448)   Post Evacuate Collection Set: 0.94ms
[2543.380s][info][gc,phases      ] GC(448)   Other: 0.12ms
[2543.380s][info][gc,heap        ] GC(448) Eden regions: 1115->0(1120)
[2543.380s][info][gc,heap        ] GC(448) Survivor regions: 113->108(154)
[2543.380s][info][gc,heap        ] GC(448) Old regions: 474->506
[2543.380s][info][gc,heap        ] GC(448) Humongous regions: 80->80
[2543.380s][info][gc,metaspace   ] GC(448) Metaspace: 28914K(29312K)->28914K(29312K) NonClass: 24030K(24192K)->24030K(24192K) Class: 4884K(5120K)->4884K(5120K)
[2543.380s][info][gc             ] GC(448) Pause Young (Concurrent Start) (G1 Evacuation Pause) 3561M->1385M(4096M) 116.858ms
[2543.380s][info][gc             ] GC(449) Concurrent Mark Cycle
[2543.380s][info][gc,marking     ] GC(449) Concurrent Scan Root Regions
[2543.380s][info][gc,cpu         ] GC(448) User=0.69s Sys=0.00s Real=0.11s
[2543.554s][info][gc,marking     ] GC(449) Concurrent Scan Root Regions 174.216ms
[2543.554s][info][gc,marking     ] GC(449) Concurrent Mark
[2543.554s][info][gc,marking     ] GC(449) Concurrent Mark From Roots
[2543.554s][info][gc,task        ] GC(449) Using 2 workers of 2 for marking
.[2544.250s][info][gc,marking     ] GC(449) Concurrent Mark From Roots 695.333ms
[2544.250s][info][gc,marking     ] GC(449) Concurrent Preclean
[2544.250s][info][gc,marking     ] GC(449) Concurrent Preclean 0.068ms
[2544.250s][info][gc,start       ] GC(449) Pause Remark
[2544.254s][info][gc             ] GC(449) Pause Remark 1841M->1841M(4096M) 4.488ms
[2544.254s][info][gc,cpu         ] GC(449) User=0.02s Sys=0.01s Real=0.01s
[2544.254s][info][gc,marking     ] GC(449) Concurrent Mark 700.212ms
[2544.254s][info][gc,marking     ] GC(449) Concurrent Rebuild Remembered Sets and Scrub Regions
[2544.489s][info][gc,marking     ] GC(449) Concurrent Rebuild Remembered Sets and Scrub Regions 234.069ms
[2544.489s][info][gc,start       ] GC(449) Pause Cleanup
[2544.489s][info][gc             ] GC(449) Pause Cleanup 1956M->1956M(4096M) 0.133ms
[2544.489s][info][gc,cpu         ] GC(449) User=0.00s Sys=0.00s Real=0.00s
[2544.489s][info][gc,marking     ] GC(449) Concurrent Clear Claimed Marks
[2544.489s][info][gc,marking     ] GC(449) Concurrent Clear Claimed Marks 0.031ms
[2544.489s][info][gc,marking     ] GC(449) Concurrent Cleanup for Next Mark
[2544.492s][info][gc,marking     ] GC(449) Concurrent Cleanup for Next Mark 3.456ms
[2544.492s][info][gc             ] GC(449) Concurrent Mark Cycle 1112.457ms
...[2547.853s][info][gc,start       ] GC(450) Pause Young (Prepare Mixed) (G1 Evacuation Pause)
[2547.853s][info][gc,task        ] GC(450) Using 6 workers of 6 for evacuation
[2547.972s][info][gc,phases      ] GC(450)   Pre Evacuate Collection Set: 0.36ms
[2547.972s][info][gc,phases      ] GC(450)   Merge Heap Roots: 0.57ms
[2547.972s][info][gc,phases      ] GC(450)   Evacuate Collection Set: 116.63ms
[2547.972s][info][gc,phases      ] GC(450)   Post Evacuate Collection Set: 0.97ms
[2547.972s][info][gc,phases      ] GC(450)   Other: 0.09ms
[2547.972s][info][gc,heap        ] GC(450) Eden regions: 1120->0(1107)
[2547.972s][info][gc,heap        ] GC(450) Survivor regions: 108->110(154)
[2547.972s][info][gc,heap        ] GC(450) Old regions: 506->538
[2547.972s][info][gc,heap        ] GC(450) Humongous regions: 80->80
[2547.972s][info][gc,metaspace   ] GC(450) Metaspace: 28914K(29312K)->28914K(29312K) NonClass: 24030K(24192K)->24030K(24192K) Class: 4884K(5120K)->4884K(5120K)
[2547.972s][info][gc             ] GC(450) Pause Young (Prepare Mixed) (G1 Evacuation Pause) 3625M->1454M(4096M) 118.759ms
[2547.972s][info][gc,cpu         ] GC(450) User=0.70s Sys=0.01s Real=0.12s
.....[2552.337s][info][gc,start       ] GC(451) Pause Young (Mixed) (G1 Evacuation Pause)
[2552.337s][info][gc,task        ] GC(451) Using 6 workers of 6 for evacuation
[2552.471s][info][gc,phases      ] GC(451)   Pre Evacuate Collection Set: 0.40ms
[2552.471s][info][gc,phases      ] GC(451)   Merge Heap Roots: 0.76ms
[2552.471s][info][gc,phases      ] GC(451)   Evacuate Collection Set: 131.57ms
[2552.471s][info][gc,phases      ] GC(451)   Post Evacuate Collection Set: 0.98ms
[2552.471s][info][gc,phases      ] GC(451)   Other: 0.11ms
[2552.471s][info][gc,heap        ] GC(451) Eden regions: 1107->0(1120)
[2552.471s][info][gc,heap        ] GC(451) Survivor regions: 110->108(153)
[2552.471s][info][gc,heap        ] GC(451) Old regions: 538->473
[2552.471s][info][gc,heap        ] GC(451) Humongous regions: 80->80
[2552.471s][info][gc,metaspace   ] GC(451) Metaspace: 28914K(29312K)->28914K(29312K) NonClass: 24030K(24192K)->24030K(24192K) Class: 4884K(5120K)->4884K(5120K)
[2552.471s][info][gc             ] GC(451) Pause Young (Mixed) (G1 Evacuation Pause) 3668M->1320M(4096M) 133.944ms
[2552.471s][info][gc,cpu         ] GC(451) User=0.79s Sys=0.00s Real=0.13s
....[2556.996s][info][gc,start       ] GC(452) Pause Young (Concurrent Start) (G1 Evacuation Pause)
[2556.996s][info][gc,task        ] GC(452) Using 6 workers of 6 for evacuation
[2557.111s][info][gc,phases      ] GC(452)   Pre Evacuate Collection Set: 0.40ms
[2557.111s][info][gc,phases      ] GC(452)   Merge Heap Roots: 0.49ms
[2557.111s][info][gc,phases      ] GC(452)   Evacuate Collection Set: 113.37ms
[2557.111s][info][gc,phases      ] GC(452)   Post Evacuate Collection Set: 0.91ms
[2557.111s][info][gc,phases      ] GC(452)   Other: 0.09ms
[2557.111s][info][gc,heap        ] GC(452) Eden regions: 1120->0(1120)
[2557.111s][info][gc,heap        ] GC(452) Survivor regions: 108->108(154)
[2557.111s][info][gc,heap        ] GC(452) Old regions: 473->505
[2557.111s][info][gc,heap        ] GC(452) Humongous regions: 80->80
[2557.111s][info][gc,metaspace   ] GC(452) Metaspace: 28914K(29312K)->28914K(29312K) NonClass: 24030K(24192K)->24030K(24192K) Class: 4884K(5120K)->4884K(5120K)
[2557.111s][info][gc             ] GC(452) Pause Young (Concurrent Start) (G1 Evacuation Pause) 3560M->1384M(4096M) 115.435ms
[2557.111s][info][gc             ] GC(453) Concurrent Mark Cycle
[2557.111s][info][gc,marking     ] GC(453) Concurrent Scan Root Regions
[2557.111s][info][gc,cpu         ] GC(452) User=0.68s Sys=0.00s Real=0.11s
.[2557.251s][info][gc,marking     ] GC(453) Concurrent Scan Root Regions 140.050ms
[2557.251s][info][gc,marking     ] GC(453) Concurrent Mark
[2557.251s][info][gc,marking     ] GC(453) Concurrent Mark From Roots
[2557.251s][info][gc,task        ] GC(453) Using 2 workers of 2 for marking
[2557.915s][info][gc,marking     ] GC(453) Concurrent Mark From Roots 663.324ms
[2557.915s][info][gc,marking     ] GC(453) Concurrent Preclean
[2557.915s][info][gc,marking     ] GC(453) Concurrent Preclean 0.065ms
[2557.915s][info][gc,start       ] GC(453) Pause Remark
[2557.918s][info][gc             ] GC(453) Pause Remark 1877M->1877M(4096M) 2.526ms
[2557.918s][info][gc,cpu         ] GC(453) User=0.01s Sys=0.00s Real=0.00s
[2557.918s][info][gc,marking     ] GC(453) Concurrent Mark 666.263ms
[2557.918s][info][gc,marking     ] GC(453) Concurrent Rebuild Remembered Sets and Scrub Regions
[2558.160s][info][gc,marking     ] GC(453) Concurrent Rebuild Remembered Sets and Scrub Regions 242.472ms
[2558.160s][info][gc,start       ] GC(453) Pause Cleanup
[2558.160s][info][gc             ] GC(453) Pause Cleanup 2007M->2007M(4096M) 0.132ms
[2558.160s][info][gc,cpu         ] GC(453) User=0.00s Sys=0.00s Real=0.00s
[2558.161s][info][gc,marking     ] GC(453) Concurrent Clear Claimed Marks
[2558.161s][info][gc,marking     ] GC(453) Concurrent Clear Claimed Marks 0.027ms
[2558.161s][info][gc,marking     ] GC(453) Concurrent Cleanup for Next Mark
[2558.164s][info][gc,marking     ] GC(453) Concurrent Cleanup for Next Mark 3.189ms
[2558.164s][info][gc             ] GC(453) Concurrent Mark Cycle 1052.494ms
....[2561.522s][info][gc,start       ] GC(454) Pause Young (Prepare Mixed) (G1 Evacuation Pause)
[2561.522s][info][gc,task        ] GC(454) Using 6 workers of 6 for evacuation
[2561.640s][info][gc,phases      ] GC(454)   Pre Evacuate Collection Set: 0.35ms
[2561.640s][info][gc,phases      ] GC(454)   Merge Heap Roots: 0.61ms
[2561.640s][info][gc,phases      ] GC(454)   Evacuate Collection Set: 115.65ms
[2561.640s][info][gc,phases      ] GC(454)   Post Evacuate Collection Set: 0.97ms
[2561.640s][info][gc,phases      ] GC(454)   Other: 0.09ms
[2561.640s][info][gc,heap        ] GC(454) Eden regions: 1120->0(1110)
[2561.640s][info][gc,heap        ] GC(454) Survivor regions: 108->109(154)
[2561.640s][info][gc,heap        ] GC(454) Old regions: 505->537
[2561.640s][info][gc,heap        ] GC(454) Humongous regions: 80->80
[2561.640s][info][gc,metaspace   ] GC(454) Metaspace: 28914K(29312K)->28914K(29312K) NonClass: 24030K(24192K)->24030K(24192K) Class: 4884K(5120K)->4884K(5120K)
[2561.640s][info][gc             ] GC(454) Pause Young (Prepare Mixed) (G1 Evacuation Pause) 3624M->1450M(4096M) 117.802ms
[2561.640s][info][gc,cpu         ] GC(454) User=0.70s Sys=0.00s Real=0.12s
....[2566.057s][info][gc,start       ] GC(455) Pause Young (Mixed) (G1 Evacuation Pause)
[2566.058s][info][gc,task        ] GC(455) Using 6 workers of 6 for evacuation
[2566.192s][info][gc,phases      ] GC(455)   Pre Evacuate Collection Set: 0.44ms
[2566.192s][info][gc,phases      ] GC(455)   Merge Heap Roots: 0.93ms
[2566.192s][info][gc,phases      ] GC(455)   Evacuate Collection Set: 132.41ms
[2566.192s][info][gc,phases      ] GC(455)   Post Evacuate Collection Set: 1.00ms
[2566.192s][info][gc,phases      ] GC(455)   Other: 0.10ms
[2566.192s][info][gc,heap        ] GC(455) Eden regions: 1110->0(1119)
[2566.192s][info][gc,heap        ] GC(455) Survivor regions: 109->109(153)
[2566.192s][info][gc,heap        ] GC(455) Old regions: 537->474
[2566.192s][info][gc,heap        ] GC(455) Humongous regions: 80->80
[2566.192s][info][gc,metaspace   ] GC(455) Metaspace: 28914K(29312K)->28914K(29312K) NonClass: 24030K(24192K)->24030K(24192K) Class: 4884K(5120K)->4884K(5120K)
[2566.193s][info][gc             ] GC(455) Pause Young (Mixed) (G1 Evacuation Pause) 3670M->1324M(4096M) 135.033ms
[2566.193s][info][gc,cpu         ] GC(455) User=0.80s Sys=0.01s Real=0.14s
.....[2570.603s][info][gc,start       ] GC(456) Pause Young (Concurrent Start) (G1 Evacuation Pause)
[2570.603s][info][gc,task        ] GC(456) Using 6 workers of 6 for evacuation
[2570.720s][info][gc,phases      ] GC(456)   Pre Evacuate Collection Set: 0.42ms
[2570.720s][info][gc,phases      ] GC(456)   Merge Heap Roots: 0.53ms
[2570.720s][info][gc,phases      ] GC(456)   Evacuate Collection Set: 115.08ms
[2570.720s][info][gc,phases      ] GC(456)   Post Evacuate Collection Set: 0.92ms
[2570.720s][info][gc,phases      ] GC(456)   Other: 0.11ms
[2570.720s][info][gc,heap        ] GC(456) Eden regions: 1119->0(1119)
[2570.720s][info][gc,heap        ] GC(456) Survivor regions: 109->109(154)
[2570.720s][info][gc,heap        ] GC(456) Old regions: 474->505
[2570.720s][info][gc,heap        ] GC(456) Humongous regions: 80->80
[2570.720s][info][gc,metaspace   ] GC(456) Metaspace: 28914K(29312K)->28914K(29312K) NonClass: 24030K(24192K)->24030K(24192K) Class: 4884K(5120K)->4884K(5120K)
[2570.720s][info][gc             ] GC(456) Pause Young (Concurrent Start) (G1 Evacuation Pause) 3562M->1387M(4096M) 117.212ms
[2570.720s][info][gc             ] GC(457) Concurrent Mark Cycle
[2570.720s][info][gc,marking     ] GC(457) Concurrent Scan Root Regions
[2570.720s][info][gc,cpu         ] GC(456) User=0.69s Sys=0.00s Real=0.11s
[2570.855s][info][gc,marking     ] GC(457) Concurrent Scan Root Regions 135.032ms
[2570.855s][info][gc,marking     ] GC(457) Concurrent Mark
[2570.855s][info][gc,marking     ] GC(457) Concurrent Mark From Roots
[2570.855s][info][gc,task        ] GC(457) Using 2 workers of 2 for marking
.[2571.466s][info][gc,marking     ] GC(457) Concurrent Mark From Roots 611.261ms
[2571.466s][info][gc,marking     ] GC(457) Concurrent Preclean
[2571.466s][info][gc,marking     ] GC(457) Concurrent Preclean 0.047ms
[2571.467s][info][gc,start       ] GC(457) Pause Remark
[2571.471s][info][gc             ] GC(457) Pause Remark 1770M->1770M(4096M) 4.186ms
[2571.471s][info][gc,cpu         ] GC(457) User=0.02s Sys=0.00s Real=0.00s
[2571.471s][info][gc,marking     ] GC(457) Concurrent Mark 615.740ms
[2571.471s][info][gc,marking     ] GC(457) Concurrent Rebuild Remembered Sets and Scrub Regions
[2571.829s][info][gc,marking     ] GC(457) Concurrent Rebuild Remembered Sets and Scrub Regions 358.424ms
[2571.829s][info][gc,start       ] GC(457) Pause Cleanup
[2571.830s][info][gc             ] GC(457) Pause Cleanup 1985M->1985M(4096M) 0.134ms
[2571.830s][info][gc,cpu         ] GC(457) User=0.00s Sys=0.00s Real=0.00s
[2571.830s][info][gc,marking     ] GC(457) Concurrent Clear Claimed Marks
[2571.830s][info][gc,marking     ] GC(457) Concurrent Clear Claimed Marks 0.029ms
[2571.830s][info][gc,marking     ] GC(457) Concurrent Cleanup for Next Mark
[2571.834s][info][gc,marking     ] GC(457) Concurrent Cleanup for Next Mark 3.831ms
[2571.834s][info][gc             ] GC(457) Concurrent Mark Cycle 1113.568ms
...[2575.152s][info][gc,start       ] GC(458) Pause Young (Prepare Mixed) (G1 Evacuation Pause)
[2575.152s][info][gc,task        ] GC(458) Using 6 workers of 6 for evacuation
[2575.273s][info][gc,phases      ] GC(458)   Pre Evacuate Collection Set: 0.37ms
[2575.273s][info][gc,phases      ] GC(458)   Merge Heap Roots: 0.62ms
[2575.273s][info][gc,phases      ] GC(458)   Evacuate Collection Set: 118.53ms
[2575.273s][info][gc,phases      ] GC(458)   Post Evacuate Collection Set: 0.97ms
[2575.273s][info][gc,phases      ] GC(458)   Other: 0.09ms
[2575.273s][info][gc,heap        ] GC(458) Eden regions: 1119->0(1106)
[2575.273s][info][gc,heap        ] GC(458) Survivor regions: 109->111(154)
[2575.273s][info][gc,heap        ] GC(458) Old regions: 505->537
[2575.273s][info][gc,heap        ] GC(458) Humongous regions: 80->80
[2575.273s][info][gc,metaspace   ] GC(458) Metaspace: 28914K(29312K)->28914K(29312K) NonClass: 24030K(24192K)->24030K(24192K) Class: 4884K(5120K)->4884K(5120K)
[2575.273s][info][gc             ] GC(458) Pause Young (Prepare Mixed) (G1 Evacuation Pause) 3625M->1454M(4096M) 120.719ms
[2575.273s][info][gc,cpu         ] GC(458) User=0.71s Sys=0.00s Real=0.12s
.....[2579.691s][info][gc,start       ] GC(459) Pause Young (Mixed) (G1 Evacuation Pause)
[2579.691s][info][gc,task        ] GC(459) Using 6 workers of 6 for evacuation
[2579.822s][info][gc,phases      ] GC(459)   Pre Evacuate Collection Set: 0.40ms
[2579.822s][info][gc,phases      ] GC(459)   Merge Heap Roots: 0.66ms
[2579.822s][info][gc,phases      ] GC(459)   Evacuate Collection Set: 129.17ms
[2579.822s][info][gc,phases      ] GC(459)   Post Evacuate Collection Set: 0.96ms
[2579.822s][info][gc,phases      ] GC(459)   Other: 0.10ms
[2579.822s][info][gc,heap        ] GC(459) Eden regions: 1106->0(1119)
[2579.822s][info][gc,heap        ] GC(459) Survivor regions: 111->109(153)
[2579.822s][info][gc,heap        ] GC(459) Old regions: 537->473
[2579.822s][info][gc,heap        ] GC(459) Humongous regions: 80->80
[2579.822s][info][gc,metaspace   ] GC(459) Metaspace: 28914K(29312K)->28914K(29312K) NonClass: 24030K(24192K)->24030K(24192K) Class: 4884K(5120K)->4884K(5120K)
[2579.822s][info][gc             ] GC(459) Pause Young (Mixed) (G1 Evacuation Pause) 3666M->1322M(4096M) 131.459ms
[2579.822s][info][gc,cpu         ] GC(459) User=0.77s Sys=0.01s Real=0.14s
....[2584.201s][info][gc,start       ] GC(460) Pause Young (Concurrent Start) (G1 Evacuation Pause)
[2584.202s][info][gc,task        ] GC(460) Using 6 workers of 6 for evacuation
[2584.325s][info][gc,phases      ] GC(460)   Pre Evacuate Collection Set: 0.42ms
[2584.325s][info][gc,phases      ] GC(460)   Merge Heap Roots: 0.55ms
[2584.325s][info][gc,phases      ] GC(460)   Evacuate Collection Set: 121.45ms
[2584.325s][info][gc,phases      ] GC(460)   Post Evacuate Collection Set: 0.97ms
[2584.325s][info][gc,phases      ] GC(460)   Other: 0.12ms
[2584.325s][info][gc,heap        ] GC(460) Eden regions: 1119->0(1114)
[2584.325s][info][gc,heap        ] GC(460) Survivor regions: 109->114(154)
[2584.325s][info][gc,heap        ] GC(460) Old regions: 473->505
[2584.325s][info][gc,heap        ] GC(460) Humongous regions: 80->80
[2584.325s][info][gc,metaspace   ] GC(460) Metaspace: 28914K(29312K)->28914K(29312K) NonClass: 24030K(24192K)->24030K(24192K) Class: 4884K(5120K)->4884K(5120K)
[2584.325s][info][gc             ] GC(460) Pause Young (Concurrent Start) (G1 Evacuation Pause) 3560M->1396M(4096M) 123.685ms
[2584.325s][info][gc             ] GC(461) Concurrent Mark Cycle
[2584.325s][info][gc,marking     ] GC(461) Concurrent Scan Root Regions
[2584.325s][info][gc,cpu         ] GC(460) User=0.72s Sys=0.00s Real=0.13s
.[2584.505s][info][gc,marking     ] GC(461) Concurrent Scan Root Regions 179.557ms
[2584.505s][info][gc,marking     ] GC(461) Concurrent Mark
[2584.505s][info][gc,marking     ] GC(461) Concurrent Mark From Roots
[2584.505s][info][gc,task        ] GC(461) Using 2 workers of 2 for marking
.[2585.456s][info][gc,marking     ] GC(461) Concurrent Mark From Roots 950.715ms
[2585.456s][info][gc,marking     ] GC(461) Concurrent Preclean
[2585.456s][info][gc,marking     ] GC(461) Concurrent Preclean 0.065ms
[2585.456s][info][gc,start       ] GC(461) Pause Remark
[2585.461s][info][gc             ] GC(461) Pause Remark 2002M->2002M(4096M) 5.317ms
[2585.461s][info][gc,cpu         ] GC(461) User=0.03s Sys=0.00s Real=0.00s
[2585.462s][info][gc,marking     ] GC(461) Concurrent Mark 956.826ms
[2585.462s][info][gc,marking     ] GC(461) Concurrent Rebuild Remembered Sets and Scrub Regions
[2585.708s][info][gc,marking     ] GC(461) Concurrent Rebuild Remembered Sets and Scrub Regions 246.673ms
[2585.709s][info][gc,start       ] GC(461) Pause Cleanup
[2585.709s][info][gc             ] GC(461) Pause Cleanup 2141M->2141M(4096M) 0.136ms
[2585.709s][info][gc,cpu         ] GC(461) User=0.00s Sys=0.00s Real=0.00s
[2585.709s][info][gc,marking     ] GC(461) Concurrent Clear Claimed Marks
[2585.709s][info][gc,marking     ] GC(461) Concurrent Clear Claimed Marks 0.039ms
[2585.709s][info][gc,marking     ] GC(461) Concurrent Cleanup for Next Mark
[2585.714s][info][gc,marking     ] GC(461) Concurrent Cleanup for Next Mark 4.523ms
[2585.714s][info][gc             ] GC(461) Concurrent Mark Cycle 1388.509ms
... (rIR:aIR:PR = 4151:4153:4153) (tPR = 61589) [OK] 
  2588s: Performance info:
         Transaction,    Success,    Partial,     Failed,   Receipts, AvgBarcode, 
             Overall,     250743,          0,          0,     238203,      59.48, 
         Response times:
             Request,    Success,    Partial,     Failed,   SkipFail,     Probes,    Samples,      min,      p50,      p90,      p95,      p99,      max, 
       TotalPurchase,     238203,          0,          0,          0,     234032,     250071,      300,     3500,     6400,    10200,    47000,   236000,
     InStorePurchase,     125409,          0,          0,          0,     123413,     131574,      300,     3500,     6500,    10200,    47000,   236000,
      OnlinePurchase,      87711,          0,          0,          0,      86358,      92355,      300,     3600,     6500,    10200,    47000,   188000,
        InstPurchase,      25083,          0,          0,          0,      24261,      26142,      400,     3300,     6100,    10100,    40000,   207000,
          AssocOfCat,        250,          0,          0,          0,        197,        281,    19600,    32000,    45000,    56000,   171440,   190000,
      AssocOfProduct,       2515,          0,          0,          0,       2328,       2646,      400,     2100,     4500,     6000,    30000,   148000,
      BusinessReport,        631,          0,          0,          0,        563,        699,    26000,    37000,    55000,    72000,   176000,   199000,
          CustBuyBeh,       2508,          0,          0,          0,       2305,       2616,      300,     4000,     7100,    12600,    57830,   199000,
       ProductReturn,       6636,          0,          0,          0,       6372,       7065,      300,     3800,     6700,    11000,    43000,   183000,

  2588s: (31%)   IR =   4289 [2588.740s][info][gc,start       ] GC(462) Pause Young (Prepare Mixed) (G1 Evacuation Pause)
[2588.740s][info][gc,task        ] GC(462) Using 6 workers of 6 for evacuation
[2588.858s][info][gc,phases      ] GC(462)   Pre Evacuate Collection Set: 0.39ms
[2588.858s][info][gc,phases      ] GC(462)   Merge Heap Roots: 0.55ms
[2588.858s][info][gc,phases      ] GC(462)   Evacuate Collection Set: 115.65ms
[2588.858s][info][gc,phases      ] GC(462)   Post Evacuate Collection Set: 0.99ms
[2588.858s][info][gc,phases      ] GC(462)   Other: 0.10ms
[2588.858s][info][gc,heap        ] GC(462) Eden regions: 1114->0(1112)
[2588.858s][info][gc,heap        ] GC(462) Survivor regions: 114->108(154)
[2588.858s][info][gc,heap        ] GC(462) Old regions: 505->537
[2588.858s][info][gc,heap        ] GC(462) Humongous regions: 80->80
[2588.858s][info][gc,metaspace   ] GC(462) Metaspace: 28914K(29312K)->28914K(29312K) NonClass: 24030K(24192K)->24030K(24192K) Class: 4884K(5120K)->4884K(5120K)
[2588.858s][info][gc             ] GC(462) Pause Young (Prepare Mixed) (G1 Evacuation Pause) 3624M->1448M(4096M) 117.815ms
[2588.858s][info][gc,cpu         ] GC(462) User=0.69s Sys=0.00s Real=0.12s
....[2593.075s][info][gc,start       ] GC(463) Pause Young (Mixed) (G1 Evacuation Pause)
[2593.075s][info][gc,task        ] GC(463) Using 6 workers of 6 for evacuation
[2593.208s][info][gc,phases      ] GC(463)   Pre Evacuate Collection Set: 0.40ms
[2593.208s][info][gc,phases      ] GC(463)   Merge Heap Roots: 0.69ms
[2593.208s][info][gc,phases      ] GC(463)   Evacuate Collection Set: 131.42ms
[2593.208s][info][gc,phases      ] GC(463)   Post Evacuate Collection Set: 0.98ms
[2593.208s][info][gc,phases      ] GC(463)   Other: 0.09ms
[2593.208s][info][gc,heap        ] GC(463) Eden regions: 1112->0(1118)
[2593.208s][info][gc,heap        ] GC(463) Survivor regions: 108->110(153)
[2593.208s][info][gc,heap        ] GC(463) Old regions: 537->472
[2593.208s][info][gc,heap        ] GC(463) Humongous regions: 80->80
[2593.208s][info][gc,metaspace   ] GC(463) Metaspace: 28914K(29312K)->28914K(29312K) NonClass: 24030K(24192K)->24030K(24192K) Class: 4884K(5120K)->4884K(5120K)
[2593.208s][info][gc             ] GC(463) Pause Young (Mixed) (G1 Evacuation Pause) 3672M->1322M(4096M) 133.706ms
[2593.208s][info][gc,cpu         ] GC(463) User=0.79s Sys=0.00s Real=0.13s
.|....[2597.479s][info][gc,start       ] GC(464) Pause Young (Concurrent Start) (G1 Evacuation Pause)
[2597.479s][info][gc,task        ] GC(464) Using 6 workers of 6 for evacuation
[2597.600s][info][gc,phases      ] GC(464)   Pre Evacuate Collection Set: 0.41ms
[2597.600s][info][gc,phases      ] GC(464)   Merge Heap Roots: 0.53ms
[2597.600s][info][gc,phases      ] GC(464)   Evacuate Collection Set: 118.40ms
[2597.600s][info][gc,phases      ] GC(464)   Post Evacuate Collection Set: 0.92ms
[2597.600s][info][gc,phases      ] GC(464)   Other: 0.13ms
[2597.600s][info][gc,heap        ] GC(464) Eden regions: 1118->0(1119)
[2597.600s][info][gc,heap        ] GC(464) Survivor regions: 110->109(154)
[2597.600s][info][gc,heap        ] GC(464) Old regions: 472->504
[2597.600s][info][gc,heap        ] GC(464) Humongous regions: 80->80
[2597.600s][info][gc,metaspace   ] GC(464) Metaspace: 28917K(29312K)->28917K(29312K) NonClass: 24032K(24192K)->24032K(24192K) Class: 4884K(5120K)->4884K(5120K)
[2597.600s][info][gc             ] GC(464) Pause Young (Concurrent Start) (G1 Evacuation Pause) 3558M->1384M(4096M) 120.543ms
[2597.600s][info][gc             ] GC(465) Concurrent Mark Cycle
[2597.600s][info][gc,marking     ] GC(465) Concurrent Scan Root Regions
[2597.600s][info][gc,cpu         ] GC(464) User=0.71s Sys=0.00s Real=0.12s
[2597.779s][info][gc,marking     ] GC(465) Concurrent Scan Root Regions 178.774ms
[2597.779s][info][gc,marking     ] GC(465) Concurrent Mark
[2597.779s][info][gc,marking     ] GC(465) Concurrent Mark From Roots
[2597.779s][info][gc,task        ] GC(465) Using 2 workers of 2 for marking
.[2598.498s][info][gc,marking     ] GC(465) Concurrent Mark From Roots 719.591ms
[2598.498s][info][gc,marking     ] GC(465) Concurrent Preclean
[2598.498s][info][gc,marking     ] GC(465) Concurrent Preclean 0.099ms
[2598.499s][info][gc,start       ] GC(465) Pause Remark
[2598.503s][info][gc             ] GC(465) Pause Remark 1902M->1902M(4096M) 4.767ms
[2598.503s][info][gc,cpu         ] GC(465) User=0.03s Sys=0.00s Real=0.01s
[2598.504s][info][gc,marking     ] GC(465) Concurrent Mark 724.877ms
[2598.504s][info][gc,marking     ] GC(465) Concurrent Rebuild Remembered Sets and Scrub Regions
[2598.780s][info][gc,marking     ] GC(465) Concurrent Rebuild Remembered Sets and Scrub Regions 276.287ms
[2598.780s][info][gc,start       ] GC(465) Pause Cleanup
[2598.780s][info][gc             ] GC(465) Pause Cleanup 2047M->2047M(4096M) 0.143ms
[2598.780s][info][gc,cpu         ] GC(465) User=0.00s Sys=0.00s Real=0.00s
[2598.780s][info][gc,marking     ] GC(465) Concurrent Clear Claimed Marks
[2598.780s][info][gc,marking     ] GC(465) Concurrent Clear Claimed Marks 0.029ms
[2598.780s][info][gc,marking     ] GC(465) Concurrent Cleanup for Next Mark
[2598.784s][info][gc,marking     ] GC(465) Concurrent Cleanup for Next Mark 3.569ms
[2598.784s][info][gc             ] GC(465) Concurrent Mark Cycle 1184.043ms
...[2601.909s][info][gc,start       ] GC(466) Pause Young (Prepare Mixed) (G1 Evacuation Pause)
[2601.909s][info][gc,task        ] GC(466) Using 6 workers of 6 for evacuation
[2602.031s][info][gc,phases      ] GC(466)   Pre Evacuate Collection Set: 0.37ms
[2602.031s][info][gc,phases      ] GC(466)   Merge Heap Roots: 0.63ms
[2602.031s][info][gc,phases      ] GC(466)   Evacuate Collection Set: 119.89ms
[2602.031s][info][gc,phases      ] GC(466)   Post Evacuate Collection Set: 0.95ms
[2602.031s][info][gc,phases      ] GC(466)   Other: 0.09ms
[2602.031s][info][gc,heap        ] GC(466) Eden regions: 1119->0(1103)
[2602.031s][info][gc,heap        ] GC(466) Survivor regions: 109->113(154)
[2602.031s][info][gc,heap        ] GC(466) Old regions: 504->536
[2602.031s][info][gc,heap        ] GC(466) Humongous regions: 80->80
[2602.031s][info][gc,metaspace   ] GC(466) Metaspace: 28917K(29312K)->28917K(29312K) NonClass: 24032K(24192K)->24032K(24192K) Class: 4884K(5120K)->4884K(5120K)
[2602.031s][info][gc             ] GC(466) Pause Young (Prepare Mixed) (G1 Evacuation Pause) 3622M->1455M(4096M) 122.086ms
[2602.031s][info][gc,cpu         ] GC(466) User=0.73s Sys=0.00s Real=0.12s
....[2606.332s][info][gc,start       ] GC(467) Pause Young (Mixed) (G1 Evacuation Pause)
[2606.332s][info][gc,task        ] GC(467) Using 6 workers of 6 for evacuation
[2606.465s][info][gc,phases      ] GC(467)   Pre Evacuate Collection Set: 0.42ms
[2606.465s][info][gc,phases      ] GC(467)   Merge Heap Roots: 0.80ms
[2606.465s][info][gc,phases      ] GC(467)   Evacuate Collection Set: 130.52ms
[2606.465s][info][gc,phases      ] GC(467)   Post Evacuate Collection Set: 0.97ms
[2606.465s][info][gc,phases      ] GC(467)   Other: 0.10ms
[2606.465s][info][gc,heap        ] GC(467) Eden regions: 1103->0(1120)
[2606.465s][info][gc,heap        ] GC(467) Survivor regions: 113->108(152)
[2606.465s][info][gc,heap        ] GC(467) Old regions: 536->471
[2606.465s][info][gc,heap        ] GC(467) Humongous regions: 80->80
[2606.465s][info][gc,metaspace   ] GC(467) Metaspace: 28917K(29312K)->28917K(29312K) NonClass: 24032K(24192K)->24032K(24192K) Class: 4884K(5120K)->4884K(5120K)
[2606.465s][info][gc             ] GC(467) Pause Young (Mixed) (G1 Evacuation Pause) 3661M->1317M(4096M) 132.926ms
[2606.465s][info][gc,cpu         ] GC(467) User=0.79s Sys=0.00s Real=0.14s
.....[2610.654s][info][gc,start       ] GC(468) Pause Young (Concurrent Start) (G1 Evacuation Pause)
[2610.654s][info][gc,task        ] GC(468) Using 6 workers of 6 for evacuation
[2610.770s][info][gc,phases      ] GC(468)   Pre Evacuate Collection Set: 0.45ms
[2610.770s][info][gc,phases      ] GC(468)   Merge Heap Roots: 0.49ms
[2610.770s][info][gc,phases      ] GC(468)   Evacuate Collection Set: 114.54ms
[2610.770s][info][gc,phases      ] GC(468)   Post Evacuate Collection Set: 0.95ms
[2610.770s][info][gc,phases      ] GC(468)   Other: 0.13ms
[2610.770s][info][gc,heap        ] GC(468) Eden regions: 1120->0(1120)
[2610.770s][info][gc,heap        ] GC(468) Survivor regions: 108->108(154)
[2610.770s][info][gc,heap        ] GC(468) Old regions: 471->504
[2610.770s][info][gc,heap        ] GC(468) Humongous regions: 80->80
[2610.770s][info][gc,metaspace   ] GC(468) Metaspace: 28920K(29312K)->28920K(29312K) NonClass: 24035K(24192K)->24035K(24192K) Class: 4884K(5120K)->4884K(5120K)
[2610.770s][info][gc             ] GC(468) Pause Young (Concurrent Start) (G1 Evacuation Pause) 3557M->1382M(4096M) 116.693ms
[2610.770s][info][gc             ] GC(469) Concurrent Mark Cycle
[2610.770s][info][gc,marking     ] GC(469) Concurrent Scan Root Regions
[2610.770s][info][gc,cpu         ] GC(468) User=0.69s Sys=0.00s Real=0.11s
[2610.916s][info][gc,marking     ] GC(469) Concurrent Scan Root Regions 145.973ms
[2610.916s][info][gc,marking     ] GC(469) Concurrent Mark
[2610.916s][info][gc,marking     ] GC(469) Concurrent Mark From Roots
[2610.916s][info][gc,task        ] GC(469) Using 2 workers of 2 for marking
.[2611.645s][info][gc,marking     ] GC(469) Concurrent Mark From Roots 729.069ms
[2611.646s][info][gc,marking     ] GC(469) Concurrent Preclean
[2611.646s][info][gc,marking     ] GC(469) Concurrent Preclean 0.050ms
[2611.646s][info][gc,start       ] GC(469) Pause Remark
[2611.650s][info][gc             ] GC(469) Pause Remark 1876M->1876M(4096M) 4.817ms
[2611.651s][info][gc,cpu         ] GC(469) User=0.03s Sys=0.00s Real=0.00s
[2611.651s][info][gc,marking     ] GC(469) Concurrent Mark 734.205ms
[2611.651s][info][gc,marking     ] GC(469) Concurrent Rebuild Remembered Sets and Scrub Regions
[2611.885s][info][gc,marking     ] GC(469) Concurrent Rebuild Remembered Sets and Scrub Regions 234.852ms
[2611.886s][info][gc,start       ] GC(469) Pause Cleanup
[2611.886s][info][gc             ] GC(469) Pause Cleanup 1986M->1986M(4096M) 0.138ms
[2611.886s][info][gc,cpu         ] GC(469) User=0.00s Sys=0.00s Real=0.00s
[2611.886s][info][gc,marking     ] GC(469) Concurrent Clear Claimed Marks
[2611.886s][info][gc,marking     ] GC(469) Concurrent Clear Claimed Marks 0.025ms
[2611.886s][info][gc,marking     ] GC(469) Concurrent Cleanup for Next Mark
[2611.889s][info][gc,marking     ] GC(469) Concurrent Cleanup for Next Mark 3.214ms
[2611.889s][info][gc             ] GC(469) Concurrent Mark Cycle 1118.740ms
...[2615.065s][info][gc,start       ] GC(470) Pause Young (Prepare Mixed) (G1 Evacuation Pause)
[2615.066s][info][gc,task        ] GC(470) Using 6 workers of 6 for evacuation
[2615.182s][info][gc,phases      ] GC(470)   Pre Evacuate Collection Set: 0.35ms
[2615.182s][info][gc,phases      ] GC(470)   Merge Heap Roots: 0.61ms
[2615.182s][info][gc,phases      ] GC(470)   Evacuate Collection Set: 114.87ms
[2615.182s][info][gc,phases      ] GC(470)   Post Evacuate Collection Set: 0.98ms
[2615.182s][info][gc,phases      ] GC(470)   Other: 0.11ms
[2615.182s][info][gc,heap        ] GC(470) Eden regions: 1120->0(1115)
[2615.183s][info][gc,heap        ] GC(470) Survivor regions: 108->107(154)
[2615.183s][info][gc,heap        ] GC(470) Old regions: 504->536
[2615.183s][info][gc,heap        ] GC(470) Humongous regions: 80->80
[2615.183s][info][gc,metaspace   ] GC(470) Metaspace: 28920K(29312K)->28920K(29312K) NonClass: 24035K(24192K)->24035K(24192K) Class: 4884K(5120K)->4884K(5120K)
[2615.183s][info][gc             ] GC(470) Pause Young (Prepare Mixed) (G1 Evacuation Pause) 3622M->1444M(4096M) 117.038ms
[2615.183s][info][gc,cpu         ] GC(470) User=0.69s Sys=0.00s Real=0.12s
....[2619.473s][info][gc,start       ] GC(471) Pause Young (Mixed) (G1 Evacuation Pause)
[2619.473s][info][gc,task        ] GC(471) Using 6 workers of 6 for evacuation
[2619.609s][info][gc,phases      ] GC(471)   Pre Evacuate Collection Set: 0.39ms
[2619.609s][info][gc,phases      ] GC(471)   Merge Heap Roots: 0.79ms
[2619.609s][info][gc,phases      ] GC(471)   Evacuate Collection Set: 133.68ms
[2619.609s][info][gc,phases      ] GC(471)   Post Evacuate Collection Set: 1.02ms
[2619.609s][info][gc,phases      ] GC(471)   Other: 0.09ms
[2619.609s][info][gc,heap        ] GC(471) Eden regions: 1115->0(1117)
[2619.609s][info][gc,heap        ] GC(471) Survivor regions: 107->111(153)
[2619.609s][info][gc,heap        ] GC(471) Old regions: 536->474
[2619.609s][info][gc,heap        ] GC(471) Humongous regions: 80->80
[2619.609s][info][gc,metaspace   ] GC(471) Metaspace: 28920K(29312K)->28920K(29312K) NonClass: 24035K(24192K)->24035K(24192K) Class: 4884K(5120K)->4884K(5120K)
[2619.609s][info][gc             ] GC(471) Pause Young (Mixed) (G1 Evacuation Pause) 3674M->1328M(4096M) 136.126ms
[2619.609s][info][gc,cpu         ] GC(471) User=0.80s Sys=0.00s Real=0.13s
.....[2623.961s][info][gc,start       ] GC(472) Pause Young (Concurrent Start) (G1 Evacuation Pause)
[2623.961s][info][gc,task        ] GC(472) Using 6 workers of 6 for evacuation
[2624.081s][info][gc,phases      ] GC(472)   Pre Evacuate Collection Set: 0.41ms
[2624.081s][info][gc,phases      ] GC(472)   Merge Heap Roots: 0.51ms
[2624.081s][info][gc,phases      ] GC(472)   Evacuate Collection Set: 118.14ms
[2624.081s][info][gc,phases      ] GC(472)   Post Evacuate Collection Set: 0.92ms
[2624.081s][info][gc,phases      ] GC(472)   Other: 0.10ms
[2624.081s][info][gc,heap        ] GC(472) Eden regions: 1117->0(1116)
[2624.081s][info][gc,heap        ] GC(472) Survivor regions: 111->112(154)
[2624.081s][info][gc,heap        ] GC(472) Old regions: 474->506
[2624.081s][info][gc,heap        ] GC(472) Humongous regions: 80->80
[2624.081s][info][gc,metaspace   ] GC(472) Metaspace: 28920K(29312K)->28920K(29312K) NonClass: 24035K(24192K)->24035K(24192K) Class: 4884K(5120K)->4884K(5120K)
[2624.081s][info][gc             ] GC(472) Pause Young (Concurrent Start) (G1 Evacuation Pause) 3562M->1394M(4096M) 120.201ms
[2624.081s][info][gc             ] GC(473) Concurrent Mark Cycle
[2624.081s][info][gc,marking     ] GC(473) Concurrent Scan Root Regions
[2624.081s][info][gc,cpu         ] GC(472) User=0.71s Sys=0.00s Real=0.12s
[2624.331s][info][gc,marking     ] GC(473) Concurrent Scan Root Regions 250.080ms
[2624.331s][info][gc,marking     ] GC(473) Concurrent Mark
[2624.331s][info][gc,marking     ] GC(473) Concurrent Mark From Roots
[2624.331s][info][gc,task        ] GC(473) Using 2 workers of 2 for marking
.[2625.095s][info][gc,marking     ] GC(473) Concurrent Mark From Roots 763.527ms
[2625.095s][info][gc,marking     ] GC(473) Concurrent Preclean
[2625.095s][info][gc,marking     ] GC(473) Concurrent Preclean 0.057ms
[2625.095s][info][gc,start       ] GC(473) Pause Remark
[2625.099s][info][gc             ] GC(473) Pause Remark 1986M->1986M(4096M) 4.593ms
[2625.099s][info][gc,cpu         ] GC(473) User=0.03s Sys=0.00s Real=0.00s
[2625.100s][info][gc,marking     ] GC(473) Concurrent Mark 768.475ms
[2625.100s][info][gc,marking     ] GC(473) Concurrent Rebuild Remembered Sets and Scrub Regions
[2625.329s][info][gc,marking     ] GC(473) Concurrent Rebuild Remembered Sets and Scrub Regions 229.379ms
[2625.329s][info][gc,start       ] GC(473) Pause Cleanup
[2625.329s][info][gc             ] GC(473) Pause Cleanup 2092M->2092M(4096M) 0.149ms
[2625.329s][info][gc,cpu         ] GC(473) User=0.00s Sys=0.00s Real=0.00s
[2625.329s][info][gc,marking     ] GC(473) Concurrent Clear Claimed Marks
[2625.329s][info][gc,marking     ] GC(473) Concurrent Clear Claimed Marks 0.036ms
[2625.329s][info][gc,marking     ] GC(473) Concurrent Cleanup for Next Mark
[2625.333s][info][gc,marking     ] GC(473) Concurrent Cleanup for Next Mark 3.547ms
[2625.333s][info][gc             ] GC(473) Concurrent Mark Cycle 1252.092ms
...[2628.376s][info][gc,start       ] GC(474) Pause Young (Prepare Mixed) (G1 Evacuation Pause)
[2628.376s][info][gc,task        ] GC(474) Using 6 workers of 6 for evacuation
[2628.493s][info][gc,phases      ] GC(474)   Pre Evacuate Collection Set: 0.36ms
[2628.493s][info][gc,phases      ] GC(474)   Merge Heap Roots: 0.58ms
[2628.493s][info][gc,phases      ] GC(474)   Evacuate Collection Set: 115.27ms
[2628.493s][info][gc,phases      ] GC(474)   Post Evacuate Collection Set: 0.93ms
[2628.493s][info][gc,phases      ] GC(474)   Other: 0.09ms
[2628.493s][info][gc,heap        ] GC(474) Eden regions: 1116->0(1107)
[2628.493s][info][gc,heap        ] GC(474) Survivor regions: 112->110(154)
[2628.493s][info][gc,heap        ] GC(474) Old regions: 506->538
[2628.493s][info][gc,heap        ] GC(474) Humongous regions: 80->80
[2628.493s][info][gc,metaspace   ] GC(474) Metaspace: 28920K(29312K)->28920K(29312K) NonClass: 24035K(24192K)->24035K(24192K) Class: 4884K(5120K)->4884K(5120K)
[2628.494s][info][gc             ] GC(474) Pause Young (Prepare Mixed) (G1 Evacuation Pause) 3626M->1453M(4096M) 117.342ms
[2628.494s][info][gc,cpu         ] GC(474) User=0.70s Sys=0.00s Real=0.12s
....[2632.594s][info][gc,start       ] GC(475) Pause Young (Mixed) (G1 Evacuation Pause)
[2632.594s][info][gc,task        ] GC(475) Using 6 workers of 6 for evacuation
[2632.728s][info][gc,phases      ] GC(475)   Pre Evacuate Collection Set: 0.41ms
[2632.728s][info][gc,phases      ] GC(475)   Merge Heap Roots: 0.66ms
[2632.728s][info][gc,phases      ] GC(475)   Evacuate Collection Set: 131.78ms
[2632.728s][info][gc,phases      ] GC(475)   Post Evacuate Collection Set: 0.98ms
[2632.728s][info][gc,phases      ] GC(475)   Other: 0.09ms
[2632.728s][info][gc,heap        ] GC(475) Eden regions: 1107->0(1119)
[2632.728s][info][gc,heap        ] GC(475) Survivor regions: 110->109(153)
[2632.728s][info][gc,heap        ] GC(475) Old regions: 538->473
[2632.728s][info][gc,heap        ] GC(475) Humongous regions: 80->80
[2632.728s][info][gc,metaspace   ] GC(475) Metaspace: 28920K(29312K)->28920K(29312K) NonClass: 24035K(24192K)->24035K(24192K) Class: 4884K(5120K)->4884K(5120K)
[2632.728s][info][gc             ] GC(475) Pause Young (Mixed) (G1 Evacuation Pause) 3667M->1322M(4096M) 134.056ms
[2632.729s][info][gc,cpu         ] GC(475) User=0.80s Sys=0.00s Real=0.13s
.....[2637.064s][info][gc,start       ] GC(476) Pause Young (Concurrent Start) (G1 Evacuation Pause)
[2637.064s][info][gc,task        ] GC(476) Using 6 workers of 6 for evacuation
[2637.182s][info][gc,phases      ] GC(476)   Pre Evacuate Collection Set: 0.43ms
[2637.182s][info][gc,phases      ] GC(476)   Merge Heap Roots: 0.50ms
[2637.182s][info][gc,phases      ] GC(476)   Evacuate Collection Set: 116.27ms
[2637.182s][info][gc,phases      ] GC(476)   Post Evacuate Collection Set: 0.93ms
[2637.182s][info][gc,phases      ] GC(476)   Other: 0.10ms
[2637.182s][info][gc,heap        ] GC(476) Eden regions: 1119->0(1119)
[2637.182s][info][gc,heap        ] GC(476) Survivor regions: 109->109(154)
[2637.182s][info][gc,heap        ] GC(476) Old regions: 473->505
[2637.182s][info][gc,heap        ] GC(476) Humongous regions: 80->80
[2637.182s][info][gc,metaspace   ] GC(476) Metaspace: 28923K(29312K)->28923K(29312K) NonClass: 24038K(24192K)->24038K(24192K) Class: 4884K(5120K)->4884K(5120K)
[2637.182s][info][gc             ] GC(476) Pause Young (Concurrent Start) (G1 Evacuation Pause) 3560M->1387M(4096M) 118.396ms
[2637.182s][info][gc             ] GC(477) Concurrent Mark Cycle
[2637.182s][info][gc,marking     ] GC(477) Concurrent Scan Root Regions
[2637.182s][info][gc,cpu         ] GC(476) User=0.70s Sys=0.00s Real=0.12s
[2637.358s][info][gc,marking     ] GC(477) Concurrent Scan Root Regions 175.992ms
[2637.358s][info][gc,marking     ] GC(477) Concurrent Mark
[2637.358s][info][gc,marking     ] GC(477) Concurrent Mark From Roots
[2637.358s][info][gc,task        ] GC(477) Using 2 workers of 2 for marking
.[2638.182s][info][gc,marking     ] GC(477) Concurrent Mark From Roots 823.417ms
[2638.182s][info][gc,marking     ] GC(477) Concurrent Preclean
[2638.182s][info][gc,marking     ] GC(477) Concurrent Preclean 0.069ms
[2638.183s][info][gc,start       ] GC(477) Pause Remark
[2638.187s][info][gc             ] GC(477) Pause Remark 1987M->1987M(4096M) 4.449ms
[2638.187s][info][gc,cpu         ] GC(477) User=0.03s Sys=0.00s Real=0.00s
[2638.188s][info][gc,marking     ] GC(477) Concurrent Mark 829.555ms
[2638.188s][info][gc,marking     ] GC(477) Concurrent Rebuild Remembered Sets and Scrub Regions
[2638.414s][info][gc,marking     ] GC(477) Concurrent Rebuild Remembered Sets and Scrub Regions 226.000ms
[2638.414s][info][gc,start       ] GC(477) Pause Cleanup
[2638.414s][info][gc             ] GC(477) Pause Cleanup 2071M->2071M(4096M) 0.144ms
[2638.414s][info][gc,cpu         ] GC(477) User=0.00s Sys=0.00s Real=0.00s
[2638.414s][info][gc,marking     ] GC(477) Concurrent Clear Claimed Marks
[2638.414s][info][gc,marking     ] GC(477) Concurrent Clear Claimed Marks 0.028ms
[2638.414s][info][gc,marking     ] GC(477) Concurrent Cleanup for Next Mark
[2638.419s][info][gc,marking     ] GC(477) Concurrent Cleanup for Next Mark 5.271ms
[2638.420s][info][gc             ] GC(477) Concurrent Mark Cycle 1237.383ms
...[2641.452s][info][gc,start       ] GC(478) Pause Young (Prepare Mixed) (G1 Evacuation Pause)
[2641.452s][info][gc,task        ] GC(478) Using 6 workers of 6 for evacuation
[2641.569s][info][gc,phases      ] GC(478)   Pre Evacuate Collection Set: 0.36ms
[2641.569s][info][gc,phases      ] GC(478)   Merge Heap Roots: 0.54ms
[2641.569s][info][gc,phases      ] GC(478)   Evacuate Collection Set: 114.82ms
[2641.569s][info][gc,phases      ] GC(478)   Post Evacuate Collection Set: 0.94ms
[2641.569s][info][gc,phases      ] GC(478)   Other: 0.09ms
[2641.569s][info][gc,heap        ] GC(478) Eden regions: 1119->0(1111)
[2641.569s][info][gc,heap        ] GC(478) Survivor regions: 109->109(154)
[2641.569s][info][gc,heap        ] GC(478) Old regions: 505->536
[2641.569s][info][gc,heap        ] GC(478) Humongous regions: 80->80
[2641.569s][info][gc,metaspace   ] GC(478) Metaspace: 28923K(29312K)->28923K(29312K) NonClass: 24038K(24192K)->24038K(24192K) Class: 4884K(5120K)->4884K(5120K)
[2641.569s][info][gc             ] GC(478) Pause Young (Prepare Mixed) (G1 Evacuation Pause) 3625M->1449M(4096M) 116.893ms
[2641.569s][info][gc,cpu         ] GC(478) User=0.69s Sys=0.00s Real=0.12s
.....[2645.871s][info][gc,start       ] GC(479) Pause Young (Mixed) (G1 Evacuation Pause)
[2645.871s][info][gc,task        ] GC(479) Using 6 workers of 6 for evacuation
[2646.004s][info][gc,phases      ] GC(479)   Pre Evacuate Collection Set: 0.41ms
[2646.004s][info][gc,phases      ] GC(479)   Merge Heap Roots: 0.73ms
[2646.004s][info][gc,phases      ] GC(479)   Evacuate Collection Set: 131.37ms
[2646.004s][info][gc,phases      ] GC(479)   Post Evacuate Collection Set: 0.97ms
[2646.004s][info][gc,phases      ] GC(479)   Other: 0.10ms
[2646.004s][info][gc,heap        ] GC(479) Eden regions: 1111->0(1119)
[2646.004s][info][gc,heap        ] GC(479) Survivor regions: 109->109(153)
[2646.004s][info][gc,heap        ] GC(479) Old regions: 536->473
[2646.004s][info][gc,heap        ] GC(479) Humongous regions: 80->80
[2646.004s][info][gc,metaspace   ] GC(479) Metaspace: 28923K(29312K)->28923K(29312K) NonClass: 24038K(24192K)->24038K(24192K) Class: 4884K(5120K)->4884K(5120K)
[2646.004s][info][gc             ] GC(479) Pause Young (Mixed) (G1 Evacuation Pause) 3671M->1322M(4096M) 133.727ms
[2646.004s][info][gc,cpu         ] GC(479) User=0.79s Sys=0.00s Real=0.14s
....[2650.189s][info][gc,start       ] GC(480) Pause Young (Concurrent Start) (G1 Evacuation Pause)
[2650.189s][info][gc,task        ] GC(480) Using 6 workers of 6 for evacuation
[2650.309s][info][gc,phases      ] GC(480)   Pre Evacuate Collection Set: 0.40ms
[2650.309s][info][gc,phases      ] GC(480)   Merge Heap Roots: 0.53ms
[2650.309s][info][gc,phases      ] GC(480)   Evacuate Collection Set: 117.38ms
[2650.309s][info][gc,phases      ] GC(480)   Post Evacuate Collection Set: 0.92ms
[2650.309s][info][gc,phases      ] GC(480)   Other: 0.12ms
[2650.309s][info][gc,heap        ] GC(480) Eden regions: 1119->0(1119)
[2650.309s][info][gc,heap        ] GC(480) Survivor regions: 109->109(154)
[2650.309s][info][gc,heap        ] GC(480) Old regions: 473->504
[2650.309s][info][gc,heap        ] GC(480) Humongous regions: 80->80
[2650.309s][info][gc,metaspace   ] GC(480) Metaspace: 28923K(29312K)->28923K(29312K) NonClass: 24038K(24192K)->24038K(24192K) Class: 4884K(5120K)->4884K(5120K)
[2650.309s][info][gc             ] GC(480) Pause Young (Concurrent Start) (G1 Evacuation Pause) 3560M->1383M(4096M) 119.480ms
[2650.309s][info][gc             ] GC(481) Concurrent Mark Cycle
[2650.309s][info][gc,marking     ] GC(481) Concurrent Scan Root Regions
[2650.309s][info][gc,cpu         ] GC(480) User=0.71s Sys=0.00s Real=0.12s
[2650.421s][info][gc,marking     ] GC(481) Concurrent Scan Root Regions 112.698ms
[2650.421s][info][gc,marking     ] GC(481) Concurrent Mark
[2650.421s][info][gc,marking     ] GC(481) Concurrent Mark From Roots
[2650.421s][info][gc,task        ] GC(481) Using 2 workers of 2 for marking
.[2650.964s][info][gc,marking     ] GC(481) Concurrent Mark From Roots 542.464ms
[2650.964s][info][gc,marking     ] GC(481) Concurrent Preclean
[2650.964s][info][gc,marking     ] GC(481) Concurrent Preclean 0.075ms
[2650.965s][info][gc,start       ] GC(481) Pause Remark
[2650.968s][info][gc             ] GC(481) Pause Remark 1749M->1749M(4096M) 3.744ms
[2650.969s][info][gc,cpu         ] GC(481) User=0.02s Sys=0.00s Real=0.00s
[2650.969s][info][gc,marking     ] GC(481) Concurrent Mark 547.192ms
[2650.969s][info][gc,marking     ] GC(481) Concurrent Rebuild Remembered Sets and Scrub Regions
[2651.178s][info][gc,marking     ] GC(481) Concurrent Rebuild Remembered Sets and Scrub Regions 209.450ms
[2651.178s][info][gc,start       ] GC(481) Pause Cleanup
[2651.178s][info][gc             ] GC(481) Pause Cleanup 1869M->1869M(4096M) 0.128ms
[2651.178s][info][gc,cpu         ] GC(481) User=0.00s Sys=0.00s Real=0.00s
[2651.179s][info][gc,marking     ] GC(481) Concurrent Clear Claimed Marks
[2651.179s][info][gc,marking     ] GC(481) Concurrent Clear Claimed Marks 0.037ms
[2651.179s][info][gc,marking     ] GC(481) Concurrent Cleanup for Next Mark
[2651.184s][info][gc,marking     ] GC(481) Concurrent Cleanup for Next Mark 5.213ms
[2651.184s][info][gc             ] GC(481) Concurrent Mark Cycle 875.592ms
... (rIR:aIR:PR = 4289:4290:4290) (tPR = 64101) [OK] 
  2653s: Performance info:
         Transaction,    Success,    Partial,     Failed,   Receipts, AvgBarcode, 
             Overall,     259093,          0,          0,     246149,      59.47, 
         Response times:
             Request,    Success,    Partial,     Failed,   SkipFail,     Probes,    Samples,      min,      p50,      p90,      p95,      p99,      max, 
       TotalPurchase,     246159,          0,          0,          0,     241907,     262315,      300,     3600,     6700,    11300,    55000,   171000,
     InStorePurchase,     129612,          0,          0,          0,     127500,     137978,      300,     3700,     6700,    11400,    57000,   171000,
      OnlinePurchase,      90615,          0,          0,          0,      89205,      96695,      300,     3500,     6600,    10800,    52000,   171000,
        InstPurchase,      25932,          0,          0,          0,      25202,      27642,      400,     3900,     7000,    13100,    58000,   143000,
          AssocOfCat,        260,          0,          0,          0,        211,        300,    21000,    32000,    50900,    74000,   182980,   248000,
      AssocOfProduct,       2587,          0,          0,          0,       2383,       2777,      700,     2600,     5500,     8700,    51000,   139000,
      BusinessReport,        644,          0,          0,          0,        567,        727,    24000,    37000,    55000,    66600,   163200,   230000,
          CustBuyBeh,       2587,          0,          0,          0,       2374,       2773,      200,     3900,     7160,    13650,    54520,   143000,
       ProductReturn,       6867,          0,          0,          0,       6467,       7310,      300,     3100,     6800,    12800,    58890,   142000,

  2653s: (32%)   IR =   4428 [2654.644s][info][gc,start       ] GC(482) Pause Young (Prepare Mixed) (G1 Evacuation Pause)
[2654.644s][info][gc,task        ] GC(482) Using 6 workers of 6 for evacuation
[2654.765s][info][gc,phases      ] GC(482)   Pre Evacuate Collection Set: 0.37ms
[2654.765s][info][gc,phases      ] GC(482)   Merge Heap Roots: 0.55ms
[2654.765s][info][gc,phases      ] GC(482)   Evacuate Collection Set: 118.50ms
[2654.765s][info][gc,phases      ] GC(482)   Post Evacuate Collection Set: 0.95ms
[2654.765s][info][gc,phases      ] GC(482)   Other: 0.09ms
[2654.765s][info][gc,heap        ] GC(482) Eden regions: 1119->0(1108)
[2654.765s][info][gc,heap        ] GC(482) Survivor regions: 109->111(154)
[2654.765s][info][gc,heap        ] GC(482) Old regions: 504->535
[2654.765s][info][gc,heap        ] GC(482) Humongous regions: 80->80
[2654.765s][info][gc,metaspace   ] GC(482) Metaspace: 28923K(29312K)->28923K(29312K) NonClass: 24038K(24192K)->24038K(24192K) Class: 4884K(5120K)->4884K(5120K)
[2654.765s][info][gc             ] GC(482) Pause Young (Prepare Mixed) (G1 Evacuation Pause) 3621M->1451M(4096M) 120.656ms
[2654.765s][info][gc,cpu         ] GC(482) User=0.71s Sys=0.00s Real=0.12s
.....[2658.906s][info][gc,start       ] GC(483) Pause Young (Mixed) (G1 Evacuation Pause)
[2658.906s][info][gc,task        ] GC(483) Using 6 workers of 6 for evacuation
[2659.040s][info][gc,phases      ] GC(483)   Pre Evacuate Collection Set: 0.40ms
[2659.040s][info][gc,phases      ] GC(483)   Merge Heap Roots: 0.80ms
[2659.040s][info][gc,phases      ] GC(483)   Evacuate Collection Set: 131.40ms
[2659.040s][info][gc,phases      ] GC(483)   Post Evacuate Collection Set: 1.01ms
[2659.040s][info][gc,phases      ] GC(483)   Other: 0.10ms
[2659.040s][info][gc,heap        ] GC(483) Eden regions: 1108->0(1117)
[2659.040s][info][gc,heap        ] GC(483) Survivor regions: 111->111(153)
[2659.040s][info][gc,heap        ] GC(483) Old regions: 535->472
[2659.040s][info][gc,heap        ] GC(483) Humongous regions: 80->80
[2659.040s][info][gc,metaspace   ] GC(483) Metaspace: 28923K(29312K)->28923K(29312K) NonClass: 24038K(24192K)->24038K(24192K) Class: 4884K(5120K)->4884K(5120K)
[2659.040s][info][gc             ] GC(483) Pause Young (Mixed) (G1 Evacuation Pause) 3667M->1323M(4096M) 133.826ms
[2659.040s][info][gc,cpu         ] GC(483) User=0.79s Sys=0.00s Real=0.13s
.|...[2663.119s][info][gc,start       ] GC(484) Pause Young (Concurrent Start) (G1 Evacuation Pause)
[2663.119s][info][gc,task        ] GC(484) Using 6 workers of 6 for evacuation
[2663.236s][info][gc,phases      ] GC(484)   Pre Evacuate Collection Set: 0.40ms
[2663.236s][info][gc,phases      ] GC(484)   Merge Heap Roots: 0.56ms
[2663.236s][info][gc,phases      ] GC(484)   Evacuate Collection Set: 114.60ms
[2663.236s][info][gc,phases      ] GC(484)   Post Evacuate Collection Set: 0.93ms
[2663.236s][info][gc,phases      ] GC(484)   Other: 0.11ms
[2663.236s][info][gc,heap        ] GC(484) Eden regions: 1117->0(1121)
[2663.236s][info][gc,heap        ] GC(484) Survivor regions: 111->107(154)
[2663.236s][info][gc,heap        ] GC(484) Old regions: 472->504
[2663.236s][info][gc,heap        ] GC(484) Humongous regions: 80->80
[2663.236s][info][gc,metaspace   ] GC(484) Metaspace: 28923K(29312K)->28923K(29312K) NonClass: 24038K(24192K)->24038K(24192K) Class: 4884K(5120K)->4884K(5120K)
[2663.236s][info][gc             ] GC(484) Pause Young (Concurrent Start) (G1 Evacuation Pause) 3557M->1380M(4096M) 116.746ms
[2663.236s][info][gc             ] GC(485) Concurrent Mark Cycle
[2663.236s][info][gc,marking     ] GC(485) Concurrent Scan Root Regions
[2663.236s][info][gc,cpu         ] GC(484) User=0.69s Sys=0.00s Real=0.12s
[2663.349s][info][gc,marking     ] GC(485) Concurrent Scan Root Regions 112.983ms
[2663.349s][info][gc,marking     ] GC(485) Concurrent Mark
[2663.349s][info][gc,marking     ] GC(485) Concurrent Mark From Roots
[2663.349s][info][gc,task        ] GC(485) Using 2 workers of 2 for marking
.[2664.001s][info][gc,marking     ] GC(485) Concurrent Mark From Roots 652.226ms
[2664.001s][info][gc,marking     ] GC(485) Concurrent Preclean
[2664.001s][info][gc,marking     ] GC(485) Concurrent Preclean 0.064ms
[2664.002s][info][gc,start       ] GC(485) Pause Remark
[2664.006s][info][gc             ] GC(485) Pause Remark 1835M->1835M(4096M) 4.709ms
[2664.006s][info][gc,cpu         ] GC(485) User=0.02s Sys=0.00s Real=0.01s
[2664.006s][info][gc,marking     ] GC(485) Concurrent Mark 657.243ms
[2664.006s][info][gc,marking     ] GC(485) Concurrent Rebuild Remembered Sets and Scrub Regions
[2664.266s][info][gc,marking     ] GC(485) Concurrent Rebuild Remembered Sets and Scrub Regions 259.374ms
[2664.266s][info][gc,start       ] GC(485) Pause Cleanup
[2664.266s][info][gc             ] GC(485) Pause Cleanup 1954M->1954M(4096M) 0.127ms
[2664.266s][info][gc,cpu         ] GC(485) User=0.00s Sys=0.00s Real=0.00s
[2664.266s][info][gc,marking     ] GC(485) Concurrent Clear Claimed Marks
[2664.266s][info][gc,marking     ] GC(485) Concurrent Clear Claimed Marks 0.028ms
[2664.266s][info][gc,marking     ] GC(485) Concurrent Cleanup for Next Mark
[2664.270s][info][gc,marking     ] GC(485) Concurrent Cleanup for Next Mark 3.534ms
[2664.270s][info][gc             ] GC(485) Concurrent Mark Cycle 1033.624ms
...[2667.411s][info][gc,start       ] GC(486) Pause Young (Prepare Mixed) (G1 Evacuation Pause)
[2667.411s][info][gc,task        ] GC(486) Using 6 workers of 6 for evacuation
[2667.529s][info][gc,phases      ] GC(486)   Pre Evacuate Collection Set: 0.37ms
[2667.529s][info][gc,phases      ] GC(486)   Merge Heap Roots: 0.62ms
[2667.529s][info][gc,phases      ] GC(486)   Evacuate Collection Set: 116.35ms
[2667.529s][info][gc,phases      ] GC(486)   Post Evacuate Collection Set: 0.94ms
[2667.529s][info][gc,phases      ] GC(486)   Other: 0.10ms
[2667.529s][info][gc,heap        ] GC(486) Eden regions: 1121->0(1111)
[2667.529s][info][gc,heap        ] GC(486) Survivor regions: 107->109(154)
[2667.529s][info][gc,heap        ] GC(486) Old regions: 504->536
[2667.529s][info][gc,heap        ] GC(486) Humongous regions: 80->80
[2667.529s][info][gc,metaspace   ] GC(486) Metaspace: 28923K(29312K)->28923K(29312K) NonClass: 24038K(24192K)->24038K(24192K) Class: 4884K(5120K)->4884K(5120K)
[2667.529s][info][gc             ] GC(486) Pause Young (Prepare Mixed) (G1 Evacuation Pause) 3622M->1448M(4096M) 118.515ms
[2667.529s][info][gc,cpu         ] GC(486) User=0.70s Sys=0.00s Real=0.12s
....[2671.679s][info][gc,start       ] GC(487) Pause Young (Mixed) (G1 Evacuation Pause)
[2671.679s][info][gc,task        ] GC(487) Using 6 workers of 6 for evacuation
[2671.816s][info][gc,phases      ] GC(487)   Pre Evacuate Collection Set: 0.42ms
[2671.816s][info][gc,phases      ] GC(487)   Merge Heap Roots: 0.72ms
[2671.816s][info][gc,phases      ] GC(487)   Evacuate Collection Set: 134.96ms
[2671.816s][info][gc,phases      ] GC(487)   Post Evacuate Collection Set: 0.97ms
[2671.816s][info][gc,phases      ] GC(487)   Other: 0.09ms
[2671.816s][info][gc,heap        ] GC(487) Eden regions: 1111->0(1116)
[2671.816s][info][gc,heap        ] GC(487) Survivor regions: 109->112(153)
[2671.816s][info][gc,heap        ] GC(487) Old regions: 536->473
[2671.816s][info][gc,heap        ] GC(487) Humongous regions: 80->80
[2671.816s][info][gc,metaspace   ] GC(487) Metaspace: 28923K(29312K)->28923K(29312K) NonClass: 24038K(24192K)->24038K(24192K) Class: 4884K(5120K)->4884K(5120K)
[2671.816s][info][gc             ] GC(487) Pause Young (Mixed) (G1 Evacuation Pause) 3670M->1329M(4096M) 137.313ms
[2671.816s][info][gc,cpu         ] GC(487) User=0.81s Sys=0.01s Real=0.14s
.....[2675.961s][info][gc,start       ] GC(488) Pause Young (Concurrent Start) (G1 Evacuation Pause)
[2675.961s][info][gc,task        ] GC(488) Using 6 workers of 6 for evacuation
[2676.080s][info][gc,phases      ] GC(488)   Pre Evacuate Collection Set: 0.42ms
[2676.080s][info][gc,phases      ] GC(488)   Merge Heap Roots: 0.50ms
[2676.080s][info][gc,phases      ] GC(488)   Evacuate Collection Set: 116.90ms
[2676.080s][info][gc,phases      ] GC(488)   Post Evacuate Collection Set: 0.92ms
[2676.080s][info][gc,phases      ] GC(488)   Other: 0.11ms
[2676.080s][info][gc,heap        ] GC(488) Eden regions: 1116->0(1117)
[2676.080s][info][gc,heap        ] GC(488) Survivor regions: 112->111(154)
[2676.080s][info][gc,heap        ] GC(488) Old regions: 473->505
[2676.080s][info][gc,heap        ] GC(488) Humongous regions: 80->80
[2676.080s][info][gc,metaspace   ] GC(488) Metaspace: 28923K(29312K)->28923K(29312K) NonClass: 24038K(24192K)->24038K(24192K) Class: 4884K(5120K)->4884K(5120K)
[2676.080s][info][gc             ] GC(488) Pause Young (Concurrent Start) (G1 Evacuation Pause) 3561M->1390M(4096M) 118.971ms
[2676.080s][info][gc             ] GC(489) Concurrent Mark Cycle
[2676.080s][info][gc,marking     ] GC(489) Concurrent Scan Root Regions
[2676.080s][info][gc,cpu         ] GC(488) User=0.71s Sys=0.00s Real=0.12s
[2676.252s][info][gc,marking     ] GC(489) Concurrent Scan Root Regions 171.393ms
[2676.252s][info][gc,marking     ] GC(489) Concurrent Mark
[2676.252s][info][gc,marking     ] GC(489) Concurrent Mark From Roots
[2676.252s][info][gc,task        ] GC(489) Using 2 workers of 2 for marking
.[2676.997s][info][gc,marking     ] GC(489) Concurrent Mark From Roots 745.031ms
[2676.997s][info][gc,marking     ] GC(489) Concurrent Preclean
[2676.997s][info][gc,marking     ] GC(489) Concurrent Preclean 0.045ms
[2676.997s][info][gc,start       ] GC(489) Pause Remark
[2677.002s][info][gc             ] GC(489) Pause Remark 1938M->1938M(4096M) 4.926ms
[2677.002s][info][gc,cpu         ] GC(489) User=0.03s Sys=0.00s Real=0.00s
[2677.002s][info][gc,marking     ] GC(489) Concurrent Mark 750.282ms
[2677.002s][info][gc,marking     ] GC(489) Concurrent Rebuild Remembered Sets and Scrub Regions
[2677.308s][info][gc,marking     ] GC(489) Concurrent Rebuild Remembered Sets and Scrub Regions 305.815ms
[2677.308s][info][gc,start       ] GC(489) Pause Cleanup
[2677.308s][info][gc             ] GC(489) Pause Cleanup 2111M->2111M(4096M) 0.134ms
[2677.308s][info][gc,cpu         ] GC(489) User=0.00s Sys=0.00s Real=0.00s
[2677.309s][info][gc,marking     ] GC(489) Concurrent Clear Claimed Marks
[2677.309s][info][gc,marking     ] GC(489) Concurrent Clear Claimed Marks 0.037ms
[2677.309s][info][gc,marking     ] GC(489) Concurrent Cleanup for Next Mark
[2677.314s][info][gc,marking     ] GC(489) Concurrent Cleanup for Next Mark 5.203ms
[2677.314s][info][gc             ] GC(489) Concurrent Mark Cycle 1233.581ms
...[2680.164s][info][gc,start       ] GC(490) Pause Young (Prepare Mixed) (G1 Evacuation Pause)
[2680.164s][info][gc,task        ] GC(490) Using 6 workers of 6 for evacuation
[2680.286s][info][gc,phases      ] GC(490)   Pre Evacuate Collection Set: 0.38ms
[2680.286s][info][gc,phases      ] GC(490)   Merge Heap Roots: 0.57ms
[2680.286s][info][gc,phases      ] GC(490)   Evacuate Collection Set: 119.97ms
[2680.286s][info][gc,phases      ] GC(490)   Post Evacuate Collection Set: 0.96ms
[2680.286s][info][gc,phases      ] GC(490)   Other: 0.08ms
[2680.286s][info][gc,heap        ] GC(490) Eden regions: 1117->0(1106)
[2680.286s][info][gc,heap        ] GC(490) Survivor regions: 111->111(154)
[2680.286s][info][gc,heap        ] GC(490) Old regions: 505->537
[2680.286s][info][gc,heap        ] GC(490) Humongous regions: 80->80
[2680.286s][info][gc,metaspace   ] GC(490) Metaspace: 28923K(29312K)->28923K(29312K) NonClass: 24038K(24192K)->24038K(24192K) Class: 4884K(5120K)->4884K(5120K)
[2680.286s][info][gc             ] GC(490) Pause Young (Prepare Mixed) (G1 Evacuation Pause) 3624M->1455M(4096M) 122.099ms
[2680.286s][info][gc,cpu         ] GC(490) User=0.73s Sys=0.00s Real=0.12s
....[2684.431s][info][gc,start       ] GC(491) Pause Young (Mixed) (G1 Evacuation Pause)
[2684.431s][info][gc,task        ] GC(491) Using 6 workers of 6 for evacuation
[2684.564s][info][gc,phases      ] GC(491)   Pre Evacuate Collection Set: 0.41ms
[2684.565s][info][gc,phases      ] GC(491)   Merge Heap Roots: 0.79ms
[2684.565s][info][gc,phases      ] GC(491)   Evacuate Collection Set: 131.25ms
[2684.565s][info][gc,phases      ] GC(491)   Post Evacuate Collection Set: 0.97ms
[2684.565s][info][gc,phases      ] GC(491)   Other: 0.09ms
[2684.565s][info][gc,heap        ] GC(491) Eden regions: 1106->0(1120)
[2684.565s][info][gc,heap        ] GC(491) Survivor regions: 111->108(153)
[2684.565s][info][gc,heap        ] GC(491) Old regions: 537->473
[2684.565s][info][gc,heap        ] GC(491) Humongous regions: 80->80
[2684.565s][info][gc,metaspace   ] GC(491) Metaspace: 28923K(29312K)->28923K(29312K) NonClass: 24038K(24192K)->24038K(24192K) Class: 4884K(5120K)->4884K(5120K)
[2684.565s][info][gc             ] GC(491) Pause Young (Mixed) (G1 Evacuation Pause) 3667M->1320M(4096M) 133.632ms
[2684.565s][info][gc,cpu         ] GC(491) User=0.79s Sys=0.00s Real=0.14s
....[2688.648s][info][gc,start       ] GC(492) Pause Young (Concurrent Start) (G1 Evacuation Pause)
[2688.648s][info][gc,task        ] GC(492) Using 6 workers of 6 for evacuation
[2688.765s][info][gc,phases      ] GC(492)   Pre Evacuate Collection Set: 0.41ms
[2688.765s][info][gc,phases      ] GC(492)   Merge Heap Roots: 0.56ms
[2688.766s][info][gc,phases      ] GC(492)   Evacuate Collection Set: 115.33ms
[2688.766s][info][gc,phases      ] GC(492)   Post Evacuate Collection Set: 0.92ms
[2688.766s][info][gc,phases      ] GC(492)   Other: 0.12ms
[2688.766s][info][gc,heap        ] GC(492) Eden regions: 1120->0(1119)
[2688.766s][info][gc,heap        ] GC(492) Survivor regions: 108->109(154)
[2688.766s][info][gc,heap        ] GC(492) Old regions: 473->504
[2688.766s][info][gc,heap        ] GC(492) Humongous regions: 80->80
[2688.766s][info][gc,metaspace   ] GC(492) Metaspace: 28923K(29312K)->28923K(29312K) NonClass: 24038K(24192K)->24038K(24192K) Class: 4884K(5120K)->4884K(5120K)
[2688.766s][info][gc             ] GC(492) Pause Young (Concurrent Start) (G1 Evacuation Pause) 3560M->1383M(4096M) 117.463ms
[2688.766s][info][gc             ] GC(493) Concurrent Mark Cycle
[2688.766s][info][gc,marking     ] GC(493) Concurrent Scan Root Regions
[2688.766s][info][gc,cpu         ] GC(492) User=0.69s Sys=0.00s Real=0.12s
.[2688.950s][info][gc,marking     ] GC(493) Concurrent Scan Root Regions 184.452ms
[2688.950s][info][gc,marking     ] GC(493) Concurrent Mark
[2688.950s][info][gc,marking     ] GC(493) Concurrent Mark From Roots
[2688.950s][info][gc,task        ] GC(493) Using 2 workers of 2 for marking
[2689.643s][info][gc,marking     ] GC(493) Concurrent Mark From Roots 692.633ms
[2689.643s][info][gc,marking     ] GC(493) Concurrent Preclean
[2689.643s][info][gc,marking     ] GC(493) Concurrent Preclean 0.051ms
[2689.643s][info][gc,start       ] GC(493) Pause Remark
[2689.647s][info][gc             ] GC(493) Pause Remark 1863M->1863M(4096M) 4.465ms
[2689.647s][info][gc,cpu         ] GC(493) User=0.02s Sys=0.00s Real=0.00s
[2689.648s][info][gc,marking     ] GC(493) Concurrent Mark 697.430ms
[2689.648s][info][gc,marking     ] GC(493) Concurrent Rebuild Remembered Sets and Scrub Regions
.[2689.915s][info][gc,marking     ] GC(493) Concurrent Rebuild Remembered Sets and Scrub Regions 267.338ms
[2689.915s][info][gc,start       ] GC(493) Pause Cleanup
[2689.915s][info][gc             ] GC(493) Pause Cleanup 2002M->2002M(4096M) 0.142ms
[2689.915s][info][gc,cpu         ] GC(493) User=0.00s Sys=0.00s Real=0.00s
[2689.915s][info][gc,marking     ] GC(493) Concurrent Clear Claimed Marks
[2689.915s][info][gc,marking     ] GC(493) Concurrent Clear Claimed Marks 0.030ms
[2689.915s][info][gc,marking     ] GC(493) Concurrent Cleanup for Next Mark
[2689.920s][info][gc,marking     ] GC(493) Concurrent Cleanup for Next Mark 4.615ms
[2689.920s][info][gc             ] GC(493) Concurrent Mark Cycle 1154.475ms
...[2692.946s][info][gc,start       ] GC(494) Pause Young (Prepare Mixed) (G1 Evacuation Pause)
[2692.946s][info][gc,task        ] GC(494) Using 6 workers of 6 for evacuation
[2693.065s][info][gc,phases      ] GC(494)   Pre Evacuate Collection Set: 0.35ms
[2693.065s][info][gc,phases      ] GC(494)   Merge Heap Roots: 0.57ms
[2693.065s][info][gc,phases      ] GC(494)   Evacuate Collection Set: 117.56ms
[2693.065s][info][gc,phases      ] GC(494)   Post Evacuate Collection Set: 0.98ms
[2693.065s][info][gc,phases      ] GC(494)   Other: 0.09ms
[2693.065s][info][gc,heap        ] GC(494) Eden regions: 1119->0(1108)
[2693.065s][info][gc,heap        ] GC(494) Survivor regions: 109->111(154)
[2693.065s][info][gc,heap        ] GC(494) Old regions: 504->535
[2693.065s][info][gc,heap        ] GC(494) Humongous regions: 80->80
[2693.065s][info][gc,metaspace   ] GC(494) Metaspace: 28923K(29312K)->28923K(29312K) NonClass: 24038K(24192K)->24038K(24192K) Class: 4884K(5120K)->4884K(5120K)
[2693.065s][info][gc             ] GC(494) Pause Young (Prepare Mixed) (G1 Evacuation Pause) 3621M->1451M(4096M) 119.685ms
[2693.066s][info][gc,cpu         ] GC(494) User=0.71s Sys=0.00s Real=0.12s
....[2697.211s][info][gc,start       ] GC(495) Pause Young (Mixed) (G1 Evacuation Pause)
[2697.211s][info][gc,task        ] GC(495) Using 6 workers of 6 for evacuation
[2697.347s][info][gc,phases      ] GC(495)   Pre Evacuate Collection Set: 0.42ms
[2697.348s][info][gc,phases      ] GC(495)   Merge Heap Roots: 0.74ms
[2697.348s][info][gc,phases      ] GC(495)   Evacuate Collection Set: 134.51ms
[2697.348s][info][gc,phases      ] GC(495)   Post Evacuate Collection Set: 0.98ms
[2697.348s][info][gc,phases      ] GC(495)   Other: 0.09ms
[2697.348s][info][gc,heap        ] GC(495) Eden regions: 1108->0(1117)
[2697.348s][info][gc,heap        ] GC(495) Survivor regions: 111->111(153)
[2697.348s][info][gc,heap        ] GC(495) Old regions: 535->474
[2697.348s][info][gc,heap        ] GC(495) Humongous regions: 80->80
[2697.348s][info][gc,metaspace   ] GC(495) Metaspace: 28923K(29312K)->28923K(29312K) NonClass: 24038K(24192K)->24038K(24192K) Class: 4884K(5120K)->4884K(5120K)
[2697.348s][info][gc             ] GC(495) Pause Young (Mixed) (G1 Evacuation Pause) 3667M->1329M(4096M) 136.863ms
[2697.348s][info][gc,cpu         ] GC(495) User=0.81s Sys=0.00s Real=0.14s
....[2701.453s][info][gc,start       ] GC(496) Pause Young (Concurrent Start) (G1 Evacuation Pause)
[2701.453s][info][gc,task        ] GC(496) Using 6 workers of 6 for evacuation
[2701.570s][info][gc,phases      ] GC(496)   Pre Evacuate Collection Set: 0.39ms
[2701.570s][info][gc,phases      ] GC(496)   Merge Heap Roots: 0.52ms
[2701.570s][info][gc,phases      ] GC(496)   Evacuate Collection Set: 114.44ms
[2701.570s][info][gc,phases      ] GC(496)   Post Evacuate Collection Set: 0.95ms
[2701.570s][info][gc,phases      ] GC(496)   Other: 0.12ms
[2701.570s][info][gc,heap        ] GC(496) Eden regions: 1117->0(1120)
[2701.570s][info][gc,heap        ] GC(496) Survivor regions: 111->108(154)
[2701.570s][info][gc,heap        ] GC(496) Old regions: 474->506
[2701.570s][info][gc,heap        ] GC(496) Humongous regions: 80->80
[2701.570s][info][gc,metaspace   ] GC(496) Metaspace: 28923K(29312K)->28923K(29312K) NonClass: 24038K(24192K)->24038K(24192K) Class: 4884K(5120K)->4884K(5120K)
[2701.570s][info][gc             ] GC(496) Pause Young (Concurrent Start) (G1 Evacuation Pause) 3563M->1386M(4096M) 116.569ms
[2701.570s][info][gc             ] GC(497) Concurrent Mark Cycle
[2701.570s][info][gc,marking     ] GC(497) Concurrent Scan Root Regions
[2701.570s][info][gc,cpu         ] GC(496) User=0.68s Sys=0.00s Real=0.11s
[2701.753s][info][gc,marking     ] GC(497) Concurrent Scan Root Regions 182.846ms
[2701.753s][info][gc,marking     ] GC(497) Concurrent Mark
[2701.753s][info][gc,marking     ] GC(497) Concurrent Mark From Roots
[2701.753s][info][gc,task        ] GC(497) Using 2 workers of 2 for marking
.[2702.705s][info][gc,marking     ] GC(497) Concurrent Mark From Roots 952.803ms
[2702.705s][info][gc,marking     ] GC(497) Concurrent Preclean
[2702.706s][info][gc,marking     ] GC(497) Concurrent Preclean 0.098ms
[2702.706s][info][gc,start       ] GC(497) Pause Remark
[2702.712s][info][gc             ] GC(497) Pause Remark 2052M->2052M(4096M) 5.918ms
[2702.712s][info][gc,cpu         ] GC(497) User=0.03s Sys=0.01s Real=0.00s
[2702.712s][info][gc,marking     ] GC(497) Concurrent Mark 959.532ms
[2702.712s][info][gc,marking     ] GC(497) Concurrent Rebuild Remembered Sets and Scrub Regions
.[2703.067s][info][gc,marking     ] GC(497) Concurrent Rebuild Remembered Sets and Scrub Regions 354.428ms
[2703.067s][info][gc,start       ] GC(497) Pause Cleanup
[2703.067s][info][gc             ] GC(497) Pause Cleanup 2230M->2230M(4096M) 0.153ms
[2703.067s][info][gc,cpu         ] GC(497) User=0.00s Sys=0.00s Real=0.00s
[2703.068s][info][gc,marking     ] GC(497) Concurrent Clear Claimed Marks
[2703.068s][info][gc,marking     ] GC(497) Concurrent Clear Claimed Marks 0.045ms
[2703.068s][info][gc,marking     ] GC(497) Concurrent Cleanup for Next Mark
[2703.072s][info][gc,marking     ] GC(497) Concurrent Cleanup for Next Mark 4.678ms
[2703.072s][info][gc             ] GC(497) Concurrent Mark Cycle 1502.717ms
..[2705.760s][info][gc,start       ] GC(498) Pause Young (Prepare Mixed) (G1 Evacuation Pause)
[2705.760s][info][gc,task        ] GC(498) Using 6 workers of 6 for evacuation
[2705.878s][info][gc,phases      ] GC(498)   Pre Evacuate Collection Set: 0.36ms
[2705.878s][info][gc,phases      ] GC(498)   Merge Heap Roots: 0.58ms
[2705.878s][info][gc,phases      ] GC(498)   Evacuate Collection Set: 115.93ms
[2705.878s][info][gc,phases      ] GC(498)   Post Evacuate Collection Set: 0.94ms
[2705.878s][info][gc,phases      ] GC(498)   Other: 0.10ms
[2705.878s][info][gc,heap        ] GC(498) Eden regions: 1120->0(1108)
[2705.878s][info][gc,heap        ] GC(498) Survivor regions: 108->110(154)
[2705.878s][info][gc,heap        ] GC(498) Old regions: 506->537
[2705.878s][info][gc,heap        ] GC(498) Humongous regions: 80->80
[2705.878s][info][gc,metaspace   ] GC(498) Metaspace: 28923K(29312K)->28923K(29312K) NonClass: 24038K(24192K)->24038K(24192K) Class: 4884K(5120K)->4884K(5120K)
[2705.878s][info][gc             ] GC(498) Pause Young (Prepare Mixed) (G1 Evacuation Pause) 3626M->1453M(4096M) 118.042ms
[2705.878s][info][gc,cpu         ] GC(498) User=0.70s Sys=0.00s Real=0.12s
.....[2709.991s][info][gc,start       ] GC(499) Pause Young (Mixed) (G1 Evacuation Pause)
[2709.991s][info][gc,task        ] GC(499) Using 6 workers of 6 for evacuation
[2710.127s][info][gc,phases      ] GC(499)   Pre Evacuate Collection Set: 0.40ms
[2710.127s][info][gc,phases      ] GC(499)   Merge Heap Roots: 0.85ms
[2710.127s][info][gc,phases      ] GC(499)   Evacuate Collection Set: 133.22ms
[2710.127s][info][gc,phases      ] GC(499)   Post Evacuate Collection Set: 1.01ms
[2710.127s][info][gc,phases      ] GC(499)   Other: 0.10ms
[2710.127s][info][gc,heap        ] GC(499) Eden regions: 1108->0(1119)
[2710.127s][info][gc,heap        ] GC(499) Survivor regions: 110->109(153)
[2710.127s][info][gc,heap        ] GC(499) Old regions: 537->473
[2710.127s][info][gc,heap        ] GC(499) Humongous regions: 80->80
[2710.127s][info][gc,metaspace   ] GC(499) Metaspace: 28923K(29312K)->28923K(29312K) NonClass: 24038K(24192K)->24038K(24192K) Class: 4884K(5120K)->4884K(5120K)
[2710.127s][info][gc             ] GC(499) Pause Young (Mixed) (G1 Evacuation Pause) 3669M->1323M(4096M) 135.708ms
[2710.127s][info][gc,cpu         ] GC(499) User=0.81s Sys=0.00s Real=0.14s
....[2714.214s][info][gc,start       ] GC(500) Pause Young (Concurrent Start) (G1 Evacuation Pause)
[2714.214s][info][gc,task        ] GC(500) Using 6 workers of 6 for evacuation
[2714.332s][info][gc,phases      ] GC(500)   Pre Evacuate Collection Set: 0.39ms
[2714.332s][info][gc,phases      ] GC(500)   Merge Heap Roots: 0.52ms
[2714.332s][info][gc,phases      ] GC(500)   Evacuate Collection Set: 116.22ms
[2714.332s][info][gc,phases      ] GC(500)   Post Evacuate Collection Set: 0.92ms
[2714.332s][info][gc,phases      ] GC(500)   Other: 0.12ms
[2714.332s][info][gc,heap        ] GC(500) Eden regions: 1119->0(1118)
[2714.332s][info][gc,heap        ] GC(500) Survivor regions: 109->110(154)
[2714.332s][info][gc,heap        ] GC(500) Old regions: 473->506
[2714.332s][info][gc,heap        ] GC(500) Humongous regions: 80->80
[2714.332s][info][gc,metaspace   ] GC(500) Metaspace: 28923K(29312K)->28923K(29312K) NonClass: 24038K(24192K)->24038K(24192K) Class: 4884K(5120K)->4884K(5120K)
[2714.332s][info][gc             ] GC(500) Pause Young (Concurrent Start) (G1 Evacuation Pause) 3561M->1390M(4096M) 118.290ms
[2714.332s][info][gc             ] GC(501) Concurrent Mark Cycle
[2714.332s][info][gc,marking     ] GC(501) Concurrent Scan Root Regions
[2714.332s][info][gc,cpu         ] GC(500) User=0.70s Sys=0.00s Real=0.12s
[2714.509s][info][gc,marking     ] GC(501) Concurrent Scan Root Regions 176.878ms
[2714.509s][info][gc,marking     ] GC(501) Concurrent Mark
[2714.509s][info][gc,marking     ] GC(501) Concurrent Mark From Roots
[2714.509s][info][gc,task        ] GC(501) Using 2 workers of 2 for marking
.[2715.272s][info][gc,marking     ] GC(501) Concurrent Mark From Roots 762.708ms
[2715.272s][info][gc,marking     ] GC(501) Concurrent Preclean
[2715.272s][info][gc,marking     ] GC(501) Concurrent Preclean 0.135ms
[2715.272s][info][gc,start       ] GC(501) Pause Remark
[2715.279s][info][gc             ] GC(501) Pause Remark 1963M->1963M(4096M) 6.510ms
[2715.279s][info][gc,cpu         ] GC(501) User=0.03s Sys=0.01s Real=0.00s
[2715.279s][info][gc,marking     ] GC(501) Concurrent Mark 769.653ms
[2715.279s][info][gc,marking     ] GC(501) Concurrent Rebuild Remembered Sets and Scrub Regions
[2715.516s][info][gc,marking     ] GC(501) Concurrent Rebuild Remembered Sets and Scrub Regions 237.072ms
[2715.516s][info][gc,start       ] GC(501) Pause Cleanup
[2715.516s][info][gc             ] GC(501) Pause Cleanup 2068M->2068M(4096M) 0.148ms
[2715.516s][info][gc,cpu         ] GC(501) User=0.00s Sys=0.00s Real=0.00s
[2715.516s][info][gc,marking     ] GC(501) Concurrent Clear Claimed Marks
[2715.516s][info][gc,marking     ] GC(501) Concurrent Clear Claimed Marks 0.031ms
[2715.516s][info][gc,marking     ] GC(501) Concurrent Cleanup for Next Mark
[2715.520s][info][gc,marking     ] GC(501) Concurrent Cleanup for Next Mark 3.227ms
[2715.520s][info][gc             ] GC(501) Concurrent Mark Cycle 1187.387ms
...[2718.514s][info][gc,start       ] GC(502) Pause Young (Prepare Mixed) (G1 Evacuation Pause)
[2718.514s][info][gc,task        ] GC(502) Using 6 workers of 6 for evacuation
[2718.632s][info][gc,phases      ] GC(502)   Pre Evacuate Collection Set: 0.37ms
[2718.632s][info][gc,phases      ] GC(502)   Merge Heap Roots: 0.63ms
[2718.632s][info][gc,phases      ] GC(502)   Evacuate Collection Set: 115.86ms
[2718.632s][info][gc,phases      ] GC(502)   Post Evacuate Collection Set: 0.97ms
[2718.632s][info][gc,phases      ] GC(502)   Other: 0.10ms
[2718.632s][info][gc,heap        ] GC(502) Eden regions: 1118->0(1111)
[2718.632s][info][gc,heap        ] GC(502) Survivor regions: 110->108(154)
[2718.632s][info][gc,heap        ] GC(502) Old regions: 506->538
[2718.632s][info][gc,heap        ] GC(502) Humongous regions: 80->80
[2718.632s][info][gc,metaspace   ] GC(502) Metaspace: 28917K(29312K)->28917K(29312K) NonClass: 24036K(24192K)->24036K(24192K) Class: 4881K(5120K)->4881K(5120K)
[2718.632s][info][gc             ] GC(502) Pause Young (Prepare Mixed) (G1 Evacuation Pause) 3626M->1449M(4096M) 118.097ms
[2718.632s][info][gc,cpu         ] GC(502) User=0.69s Sys=0.00s Real=0.12s
.. (rIR:aIR:PR = 4428:4429:4429) (tPR = 65827) [OK] 
  2719s: Performance info:
         Transaction,    Success,    Partial,     Failed,   Receipts, AvgBarcode, 
             Overall,     266182,          0,          0,     252860,      59.46, 
         Response times:
             Request,    Success,    Partial,     Failed,   SkipFail,     Probes,    Samples,      min,      p50,      p90,      p95,      p99,      max, 
       TotalPurchase,     252860,          0,          0,          0,     247937,     274606,      300,     3700,     6900,    11000,    46000,   199000,
     InStorePurchase,     133141,          0,          0,          0,     130903,     144903,      300,     3600,     6800,    10700,    45000,   199000,
      OnlinePurchase,      93066,          0,          0,          0,      91156,     100897,      300,     3900,     7000,    11100,    45000,   191000,
        InstPurchase,      26653,          0,          0,          0,      25878,      28806,      400,     3800,     7100,    11400,    51000,   145000,
          AssocOfCat,        266,          0,          0,          0,        215,        289,    23000,    33000,    52000,    63000,   111800,   175000,
      AssocOfProduct,       2667,          0,          0,          0,       2427,       2846,      700,     3000,     5600,     8065,    42530,   139000,
      BusinessReport,        668,          0,          0,          0,        594,        737,    24000,    37000,    56200,    67100,   148460,   210000,
          CustBuyBeh,       2674,          0,          0,          0,       2405,       2756,      800,     5200,     9200,    15790,    63000,   141000,
       ProductReturn,       7047,          0,          0,          0,       6664,       7663,      200,     3200,     6600,    10400,    45000,   145000,

  2719s: (33%)   IR =   4566 ..[2722.576s][info][gc,start       ] GC(503) Pause Young (Mixed) (G1 Evacuation Pause)
[2722.576s][info][gc,task        ] GC(503) Using 6 workers of 6 for evacuation
[2722.709s][info][gc,phases      ] GC(503)   Pre Evacuate Collection Set: 0.41ms
[2722.709s][info][gc,phases      ] GC(503)   Merge Heap Roots: 0.71ms
[2722.709s][info][gc,phases      ] GC(503)   Evacuate Collection Set: 130.60ms
[2722.709s][info][gc,phases      ] GC(503)   Post Evacuate Collection Set: 1.04ms
[2722.709s][info][gc,phases      ] GC(503)   Other: 0.10ms
[2722.709s][info][gc,heap        ] GC(503) Eden regions: 1111->0(1119)
[2722.709s][info][gc,heap        ] GC(503) Survivor regions: 108->109(153)
[2722.709s][info][gc,heap        ] GC(503) Old regions: 538->473
[2722.709s][info][gc,heap        ] GC(503) Humongous regions: 80->80
[2722.709s][info][gc,metaspace   ] GC(503) Metaspace: 28917K(29312K)->28917K(29312K) NonClass: 24036K(24192K)->24036K(24192K) Class: 4881K(5120K)->4881K(5120K)
[2722.709s][info][gc             ] GC(503) Pause Young (Mixed) (G1 Evacuation Pause) 3671M->1323M(4096M) 132.995ms
[2722.709s][info][gc,cpu         ] GC(503) User=0.78s Sys=0.00s Real=0.13s
...|.[2726.771s][info][gc,start       ] GC(504) Pause Young (Concurrent Start) (G1 Evacuation Pause)
[2726.771s][info][gc,task        ] GC(504) Using 6 workers of 6 for evacuation
[2726.892s][info][gc,phases      ] GC(504)   Pre Evacuate Collection Set: 0.41ms
[2726.892s][info][gc,phases      ] GC(504)   Merge Heap Roots: 0.58ms
[2726.892s][info][gc,phases      ] GC(504)   Evacuate Collection Set: 118.04ms
[2726.892s][info][gc,phases      ] GC(504)   Post Evacuate Collection Set: 0.96ms
[2726.892s][info][gc,phases      ] GC(504)   Other: 0.12ms
[2726.892s][info][gc,heap        ] GC(504) Eden regions: 1119->0(1118)
[2726.892s][info][gc,heap        ] GC(504) Survivor regions: 109->110(154)
[2726.892s][info][gc,heap        ] GC(504) Old regions: 473->506
[2726.892s][info][gc,heap        ] GC(504) Humongous regions: 80->80
[2726.892s][info][gc,metaspace   ] GC(504) Metaspace: 28917K(29312K)->28917K(29312K) NonClass: 24036K(24192K)->24036K(24192K) Class: 4881K(5120K)->4881K(5120K)
[2726.892s][info][gc             ] GC(504) Pause Young (Concurrent Start) (G1 Evacuation Pause) 3561M->1390M(4096M) 120.236ms
[2726.892s][info][gc             ] GC(505) Concurrent Mark Cycle
[2726.892s][info][gc,marking     ] GC(505) Concurrent Scan Root Regions
[2726.892s][info][gc,cpu         ] GC(504) User=0.72s Sys=0.00s Real=0.12s
.[2727.036s][info][gc,marking     ] GC(505) Concurrent Scan Root Regions 144.776ms
[2727.036s][info][gc,marking     ] GC(505) Concurrent Mark
[2727.037s][info][gc,marking     ] GC(505) Concurrent Mark From Roots
[2727.037s][info][gc,task        ] GC(505) Using 2 workers of 2 for marking
[2727.665s][info][gc,marking     ] GC(505) Concurrent Mark From Roots 628.651ms
[2727.665s][info][gc,marking     ] GC(505) Concurrent Preclean
[2727.665s][info][gc,marking     ] GC(505) Concurrent Preclean 0.138ms
[2727.665s][info][gc,start       ] GC(505) Pause Remark
[2727.670s][info][gc             ] GC(505) Pause Remark 1838M->1838M(4096M) 4.177ms
[2727.670s][info][gc,cpu         ] GC(505) User=0.03s Sys=0.00s Real=0.00s
[2727.670s][info][gc,marking     ] GC(505) Concurrent Mark 633.255ms
[2727.670s][info][gc,marking     ] GC(505) Concurrent Rebuild Remembered Sets and Scrub Regions
[2727.916s][info][gc,marking     ] GC(505) Concurrent Rebuild Remembered Sets and Scrub Regions 246.574ms
[2727.917s][info][gc,start       ] GC(505) Pause Cleanup
[2727.917s][info][gc             ] GC(505) Pause Cleanup 1979M->1979M(4096M) 0.133ms
[2727.917s][info][gc,cpu         ] GC(505) User=0.00s Sys=0.00s Real=0.00s
[2727.917s][info][gc,marking     ] GC(505) Concurrent Clear Claimed Marks
[2727.917s][info][gc,marking     ] GC(505) Concurrent Clear Claimed Marks 0.033ms
[2727.917s][info][gc,marking     ] GC(505) Concurrent Cleanup for Next Mark
[2727.921s][info][gc,marking     ] GC(505) Concurrent Cleanup for Next Mark 3.483ms
[2727.921s][info][gc             ] GC(505) Concurrent Mark Cycle 1028.884ms
...[2730.923s][info][gc,start       ] GC(506) Pause Young (Prepare Mixed) (G1 Evacuation Pause)
[2730.923s][info][gc,task        ] GC(506) Using 6 workers of 6 for evacuation
[2731.041s][info][gc,phases      ] GC(506)   Pre Evacuate Collection Set: 0.37ms
[2731.041s][info][gc,phases      ] GC(506)   Merge Heap Roots: 0.52ms
[2731.041s][info][gc,phases      ] GC(506)   Evacuate Collection Set: 115.99ms
[2731.041s][info][gc,phases      ] GC(506)   Post Evacuate Collection Set: 0.98ms
[2731.041s][info][gc,phases      ] GC(506)   Other: 0.09ms
[2731.041s][info][gc,heap        ] GC(506) Eden regions: 1118->0(1106)
[2731.041s][info][gc,heap        ] GC(506) Survivor regions: 110->111(154)
[2731.041s][info][gc,heap        ] GC(506) Old regions: 506->537
[2731.041s][info][gc,heap        ] GC(506) Humongous regions: 80->80
[2731.041s][info][gc,metaspace   ] GC(506) Metaspace: 28917K(29312K)->28917K(29312K) NonClass: 24036K(24192K)->24036K(24192K) Class: 4881K(5120K)->4881K(5120K)
[2731.041s][info][gc             ] GC(506) Pause Young (Prepare Mixed) (G1 Evacuation Pause) 3626M->1453M(4096M) 118.091ms
[2731.041s][info][gc,cpu         ] GC(506) User=0.70s Sys=0.00s Real=0.11s
....[2734.981s][info][gc,start       ] GC(507) Pause Young (Mixed) (G1 Evacuation Pause)
[2734.981s][info][gc,task        ] GC(507) Using 6 workers of 6 for evacuation
[2735.113s][info][gc,phases      ] GC(507)   Pre Evacuate Collection Set: 0.41ms
[2735.113s][info][gc,phases      ] GC(507)   Merge Heap Roots: 0.70ms
[2735.113s][info][gc,phases      ] GC(507)   Evacuate Collection Set: 130.10ms
[2735.113s][info][gc,phases      ] GC(507)   Post Evacuate Collection Set: 0.96ms
[2735.113s][info][gc,phases      ] GC(507)   Other: 0.09ms
[2735.113s][info][gc,heap        ] GC(507) Eden regions: 1106->0(1122)
[2735.113s][info][gc,heap        ] GC(507) Survivor regions: 111->106(153)
[2735.113s][info][gc,heap        ] GC(507) Old regions: 537->474
[2735.113s][info][gc,heap        ] GC(507) Humongous regions: 80->80
[2735.114s][info][gc,metaspace   ] GC(507) Metaspace: 28917K(29312K)->28917K(29312K) NonClass: 24036K(24192K)->24036K(24192K) Class: 4881K(5120K)->4881K(5120K)
[2735.114s][info][gc             ] GC(507) Pause Young (Mixed) (G1 Evacuation Pause) 3665M->1318M(4096M) 132.438ms
[2735.114s][info][gc,cpu         ] GC(507) User=0.78s Sys=0.00s Real=0.14s
.....[2739.147s][info][gc,start       ] GC(508) Pause Young (Concurrent Start) (G1 Evacuation Pause)
[2739.147s][info][gc,task        ] GC(508) Using 6 workers of 6 for evacuation
[2739.267s][info][gc,phases      ] GC(508)   Pre Evacuate Collection Set: 0.42ms
[2739.267s][info][gc,phases      ] GC(508)   Merge Heap Roots: 0.51ms
[2739.267s][info][gc,phases      ] GC(508)   Evacuate Collection Set: 118.54ms
[2739.267s][info][gc,phases      ] GC(508)   Post Evacuate Collection Set: 0.91ms
[2739.267s][info][gc,phases      ] GC(508)   Other: 0.10ms
[2739.267s][info][gc,heap        ] GC(508) Eden regions: 1122->0(1116)
[2739.267s][info][gc,heap        ] GC(508) Survivor regions: 106->112(154)
[2739.267s][info][gc,heap        ] GC(508) Old regions: 474->505
[2739.267s][info][gc,heap        ] GC(508) Humongous regions: 80->80
[2739.267s][info][gc,metaspace   ] GC(508) Metaspace: 28917K(29312K)->28917K(29312K) NonClass: 24036K(24192K)->24036K(24192K) Class: 4881K(5120K)->4881K(5120K)
[2739.267s][info][gc             ] GC(508) Pause Young (Concurrent Start) (G1 Evacuation Pause) 3562M->1392M(4096M) 120.604ms
[2739.267s][info][gc             ] GC(509) Concurrent Mark Cycle
[2739.267s][info][gc,marking     ] GC(509) Concurrent Scan Root Regions
[2739.267s][info][gc,cpu         ] GC(508) User=0.71s Sys=0.00s Real=0.12s
[2739.448s][info][gc,marking     ] GC(509) Concurrent Scan Root Regions 180.786ms
[2739.448s][info][gc,marking     ] GC(509) Concurrent Mark
[2739.448s][info][gc,marking     ] GC(509) Concurrent Mark From Roots
[2739.448s][info][gc,task        ] GC(509) Using 2 workers of 2 for marking
.[2740.301s][info][gc,marking     ] GC(509) Concurrent Mark From Roots 852.949ms
[2740.301s][info][gc,marking     ] GC(509) Concurrent Preclean
[2740.301s][info][gc,marking     ] GC(509) Concurrent Preclean 0.077ms
[2740.301s][info][gc,start       ] GC(509) Pause Remark
[2740.307s][info][gc             ] GC(509) Pause Remark 2014M->2014M(4096M) 5.678ms
[2740.307s][info][gc,cpu         ] GC(509) User=0.03s Sys=0.00s Real=0.01s
[2740.307s][info][gc,marking     ] GC(509) Concurrent Mark 858.989ms
[2740.307s][info][gc,marking     ] GC(509) Concurrent Rebuild Remembered Sets and Scrub Regions
[2740.546s][info][gc,marking     ] GC(509) Concurrent Rebuild Remembered Sets and Scrub Regions 239.281ms
[2740.547s][info][gc,start       ] GC(509) Pause Cleanup
[2740.547s][info][gc             ] GC(509) Pause Cleanup 2136M->2136M(4096M) 0.134ms
[2740.547s][info][gc,cpu         ] GC(509) User=0.00s Sys=0.00s Real=0.00s
[2740.547s][info][gc,marking     ] GC(509) Concurrent Clear Claimed Marks
[2740.547s][info][gc,marking     ] GC(509) Concurrent Clear Claimed Marks 0.028ms
[2740.547s][info][gc,marking     ] GC(509) Concurrent Cleanup for Next Mark
[2740.552s][info][gc,marking     ] GC(509) Concurrent Cleanup for Next Mark 5.052ms
[2740.552s][info][gc             ] GC(509) Concurrent Mark Cycle 1284.652ms
...[2743.322s][info][gc,start       ] GC(510) Pause Young (Prepare Mixed) (G1 Evacuation Pause)
[2743.322s][info][gc,task        ] GC(510) Using 6 workers of 6 for evacuation
[2743.439s][info][gc,phases      ] GC(510)   Pre Evacuate Collection Set: 0.36ms
[2743.439s][info][gc,phases      ] GC(510)   Merge Heap Roots: 0.60ms
[2743.439s][info][gc,phases      ] GC(510)   Evacuate Collection Set: 115.33ms
[2743.439s][info][gc,phases      ] GC(510)   Post Evacuate Collection Set: 0.99ms
[2743.439s][info][gc,phases      ] GC(510)   Other: 0.09ms
[2743.439s][info][gc,heap        ] GC(510) Eden regions: 1116->0(1109)
[2743.439s][info][gc,heap        ] GC(510) Survivor regions: 112->110(154)
[2743.439s][info][gc,heap        ] GC(510) Old regions: 505->536
[2743.439s][info][gc,heap        ] GC(510) Humongous regions: 80->80
[2743.439s][info][gc,metaspace   ] GC(510) Metaspace: 28917K(29312K)->28917K(29312K) NonClass: 24036K(24192K)->24036K(24192K) Class: 4881K(5120K)->4881K(5120K)
[2743.439s][info][gc             ] GC(510) Pause Young (Prepare Mixed) (G1 Evacuation Pause) 3624M->1450M(4096M) 117.530ms
[2743.439s][info][gc,cpu         ] GC(510) User=0.70s Sys=0.00s Real=0.12s
....[2747.466s][info][gc,start       ] GC(511) Pause Young (Mixed) (G1 Evacuation Pause)
[2747.466s][info][gc,task        ] GC(511) Using 6 workers of 6 for evacuation
[2747.603s][info][gc,phases      ] GC(511)   Pre Evacuate Collection Set: 0.40ms
[2747.603s][info][gc,phases      ] GC(511)   Merge Heap Roots: 0.83ms
[2747.603s][info][gc,phases      ] GC(511)   Evacuate Collection Set: 134.22ms
[2747.603s][info][gc,phases      ] GC(511)   Post Evacuate Collection Set: 0.96ms
[2747.603s][info][gc,phases      ] GC(511)   Other: 0.09ms
[2747.603s][info][gc,heap        ] GC(511) Eden regions: 1109->0(1120)
[2747.603s][info][gc,heap        ] GC(511) Survivor regions: 110->108(153)
[2747.603s][info][gc,heap        ] GC(511) Old regions: 536->473
[2747.603s][info][gc,heap        ] GC(511) Humongous regions: 80->80
[2747.603s][info][gc,metaspace   ] GC(511) Metaspace: 28917K(29312K)->28917K(29312K) NonClass: 24036K(24192K)->24036K(24192K) Class: 4881K(5120K)->4881K(5120K)
[2747.603s][info][gc             ] GC(511) Pause Young (Mixed) (G1 Evacuation Pause) 3668M->1321M(4096M) 136.631ms
[2747.603s][info][gc,cpu         ] GC(511) User=0.81s Sys=0.00s Real=0.14s
....[2751.566s][info][gc,start       ] GC(512) Pause Young (Concurrent Start) (G1 Evacuation Pause)
[2751.566s][info][gc,task        ] GC(512) Using 6 workers of 6 for evacuation
[2751.685s][info][gc,phases      ] GC(512)   Pre Evacuate Collection Set: 0.45ms
[2751.685s][info][gc,phases      ] GC(512)   Merge Heap Roots: 0.59ms
[2751.685s][info][gc,phases      ] GC(512)   Evacuate Collection Set: 117.19ms
[2751.685s][info][gc,phases      ] GC(512)   Post Evacuate Collection Set: 0.96ms
[2751.685s][info][gc,phases      ] GC(512)   Other: 0.12ms
[2751.685s][info][gc,heap        ] GC(512) Eden regions: 1120->0(1120)
[2751.685s][info][gc,heap        ] GC(512) Survivor regions: 108->108(154)
[2751.685s][info][gc,heap        ] GC(512) Old regions: 473->505
[2751.685s][info][gc,heap        ] GC(512) Humongous regions: 80->80
[2751.685s][info][gc,metaspace   ] GC(512) Metaspace: 28917K(29312K)->28917K(29312K) NonClass: 24036K(24192K)->24036K(24192K) Class: 4881K(5120K)->4881K(5120K)
[2751.685s][info][gc             ] GC(512) Pause Young (Concurrent Start) (G1 Evacuation Pause) 3561M->1383M(4096M) 119.474ms
[2751.685s][info][gc             ] GC(513) Concurrent Mark Cycle
[2751.685s][info][gc,marking     ] GC(513) Concurrent Scan Root Regions
[2751.685s][info][gc,cpu         ] GC(512) User=0.71s Sys=0.00s Real=0.12s
[2751.865s][info][gc,marking     ] GC(513) Concurrent Scan Root Regions 179.409ms
[2751.865s][info][gc,marking     ] GC(513) Concurrent Mark
[2751.865s][info][gc,marking     ] GC(513) Concurrent Mark From Roots
[2751.865s][info][gc,task        ] GC(513) Using 2 workers of 2 for marking
.[2752.576s][info][gc,marking     ] GC(513) Concurrent Mark From Roots 711.494ms
[2752.576s][info][gc,marking     ] GC(513) Concurrent Preclean
[2752.576s][info][gc,marking     ] GC(513) Concurrent Preclean 0.080ms
[2752.577s][info][gc,start       ] GC(513) Pause Remark
[2752.582s][info][gc             ] GC(513) Pause Remark 1904M->1904M(4096M) 5.268ms
[2752.582s][info][gc,cpu         ] GC(513) User=0.03s Sys=0.00s Real=0.00s
[2752.582s][info][gc,marking     ] GC(513) Concurrent Mark 717.126ms
[2752.582s][info][gc,marking     ] GC(513) Concurrent Rebuild Remembered Sets and Scrub Regions
[2752.883s][info][gc,marking     ] GC(513) Concurrent Rebuild Remembered Sets and Scrub Regions 300.588ms
[2752.883s][info][gc,start       ] GC(513) Pause Cleanup
[2752.883s][info][gc             ] GC(513) Pause Cleanup 2089M->2089M(4096M) 0.144ms
[2752.884s][info][gc,cpu         ] GC(513) User=0.00s Sys=0.00s Real=0.00s
[2752.884s][info][gc,marking     ] GC(513) Concurrent Clear Claimed Marks
[2752.884s][info][gc,marking     ] GC(513) Concurrent Clear Claimed Marks 0.056ms
[2752.884s][info][gc,marking     ] GC(513) Concurrent Cleanup for Next Mark
[2752.892s][info][gc,marking     ] GC(513) Concurrent Cleanup for Next Mark 7.490ms
[2752.892s][info][gc             ] GC(513) Concurrent Mark Cycle 1206.286ms
...[2755.707s][info][gc,start       ] GC(514) Pause Young (Prepare Mixed) (G1 Evacuation Pause)
[2755.707s][info][gc,task        ] GC(514) Using 6 workers of 6 for evacuation
[2755.829s][info][gc,phases      ] GC(514)   Pre Evacuate Collection Set: 0.37ms
[2755.829s][info][gc,phases      ] GC(514)   Merge Heap Roots: 0.57ms
[2755.829s][info][gc,phases      ] GC(514)   Evacuate Collection Set: 120.38ms
[2755.829s][info][gc,phases      ] GC(514)   Post Evacuate Collection Set: 0.96ms
[2755.829s][info][gc,phases      ] GC(514)   Other: 0.09ms
[2755.829s][info][gc,heap        ] GC(514) Eden regions: 1120->0(1107)
[2755.829s][info][gc,heap        ] GC(514) Survivor regions: 108->111(154)
[2755.829s][info][gc,heap        ] GC(514) Old regions: 505->536
[2755.829s][info][gc,heap        ] GC(514) Humongous regions: 80->80
[2755.829s][info][gc,metaspace   ] GC(514) Metaspace: 28917K(29312K)->28917K(29312K) NonClass: 24036K(24192K)->24036K(24192K) Class: 4881K(5120K)->4881K(5120K)
[2755.829s][info][gc             ] GC(514) Pause Young (Prepare Mixed) (G1 Evacuation Pause) 3623M->1453M(4096M) 122.499ms
[2755.830s][info][gc,cpu         ] GC(514) User=0.72s Sys=0.00s Real=0.12s
....[2759.760s][info][gc,start       ] GC(515) Pause Young (Mixed) (G1 Evacuation Pause)
[2759.760s][info][gc,task        ] GC(515) Using 6 workers of 6 for evacuation
[2759.890s][info][gc,phases      ] GC(515)   Pre Evacuate Collection Set: 0.39ms
[2759.890s][info][gc,phases      ] GC(515)   Merge Heap Roots: 0.64ms
[2759.890s][info][gc,phases      ] GC(515)   Evacuate Collection Set: 128.39ms
[2759.890s][info][gc,phases      ] GC(515)   Post Evacuate Collection Set: 1.01ms
[2759.890s][info][gc,phases      ] GC(515)   Other: 0.09ms
[2759.890s][info][gc,heap        ] GC(515) Eden regions: 1107->0(1119)
[2759.890s][info][gc,heap        ] GC(515) Survivor regions: 111->109(153)
[2759.890s][info][gc,heap        ] GC(515) Old regions: 536->473
[2759.890s][info][gc,heap        ] GC(515) Humongous regions: 80->80
[2759.890s][info][gc,metaspace   ] GC(515) Metaspace: 28917K(29312K)->28917K(29312K) NonClass: 24036K(24192K)->24036K(24192K) Class: 4881K(5120K)->4881K(5120K)
[2759.890s][info][gc             ] GC(515) Pause Young (Mixed) (G1 Evacuation Pause) 3667M->1321M(4096M) 130.659ms
[2759.890s][info][gc,cpu         ] GC(515) User=0.77s Sys=0.00s Real=0.13s
....[2763.952s][info][gc,start       ] GC(516) Pause Young (Concurrent Start) (G1 Evacuation Pause)
[2763.952s][info][gc,task        ] GC(516) Using 6 workers of 6 for evacuation
[2764.070s][info][gc,phases      ] GC(516)   Pre Evacuate Collection Set: 0.42ms
[2764.070s][info][gc,phases      ] GC(516)   Merge Heap Roots: 0.61ms
[2764.070s][info][gc,phases      ] GC(516)   Evacuate Collection Set: 115.90ms
[2764.070s][info][gc,phases      ] GC(516)   Post Evacuate Collection Set: 0.92ms
[2764.070s][info][gc,phases      ] GC(516)   Other: 0.12ms
[2764.070s][info][gc,heap        ] GC(516) Eden regions: 1119->0(1118)
[2764.070s][info][gc,heap        ] GC(516) Survivor regions: 109->110(154)
[2764.070s][info][gc,heap        ] GC(516) Old regions: 473->505
[2764.070s][info][gc,heap        ] GC(516) Humongous regions: 80->80
[2764.070s][info][gc,metaspace   ] GC(516) Metaspace: 28917K(29312K)->28917K(29312K) NonClass: 24036K(24192K)->24036K(24192K) Class: 4881K(5120K)->4881K(5120K)
[2764.070s][info][gc             ] GC(516) Pause Young (Concurrent Start) (G1 Evacuation Pause) 3559M->1388M(4096M) 118.102ms
[2764.070s][info][gc             ] GC(517) Concurrent Mark Cycle
[2764.070s][info][gc,marking     ] GC(517) Concurrent Scan Root Regions
[2764.070s][info][gc,cpu         ] GC(516) User=0.70s Sys=0.00s Real=0.12s
.[2764.253s][info][gc,marking     ] GC(517) Concurrent Scan Root Regions 183.220ms
[2764.253s][info][gc,marking     ] GC(517) Concurrent Mark
[2764.253s][info][gc,marking     ] GC(517) Concurrent Mark From Roots
[2764.253s][info][gc,task        ] GC(517) Using 2 workers of 2 for marking
[2765.078s][info][gc,marking     ] GC(517) Concurrent Mark From Roots 824.522ms
[2765.078s][info][gc,marking     ] GC(517) Concurrent Preclean
[2765.078s][info][gc,marking     ] GC(517) Concurrent Preclean 0.080ms
[2765.078s][info][gc,start       ] GC(517) Pause Remark
[2765.084s][info][gc             ] GC(517) Pause Remark 2024M->2024M(4096M) 5.958ms
[2765.084s][info][gc,cpu         ] GC(517) User=0.03s Sys=0.00s Real=0.01s
[2765.084s][info][gc,marking     ] GC(517) Concurrent Mark 830.893ms
[2765.084s][info][gc,marking     ] GC(517) Concurrent Rebuild Remembered Sets and Scrub Regions
.[2765.302s][info][gc,marking     ] GC(517) Concurrent Rebuild Remembered Sets and Scrub Regions 217.665ms
[2765.302s][info][gc,start       ] GC(517) Pause Cleanup
[2765.302s][info][gc             ] GC(517) Pause Cleanup 2144M->2144M(4096M) 0.132ms
[2765.302s][info][gc,cpu         ] GC(517) User=0.00s Sys=0.00s Real=0.00s
[2765.302s][info][gc,marking     ] GC(517) Concurrent Clear Claimed Marks
[2765.302s][info][gc,marking     ] GC(517) Concurrent Clear Claimed Marks 0.027ms
[2765.302s][info][gc,marking     ] GC(517) Concurrent Cleanup for Next Mark
[2765.306s][info][gc,marking     ] GC(517) Concurrent Cleanup for Next Mark 4.243ms
[2765.306s][info][gc             ] GC(517) Concurrent Mark Cycle 1236.628ms
..[2768.077s][info][gc,start       ] GC(518) Pause Young (Prepare Mixed) (G1 Evacuation Pause)
[2768.077s][info][gc,task        ] GC(518) Using 6 workers of 6 for evacuation
[2768.193s][info][gc,phases      ] GC(518)   Pre Evacuate Collection Set: 0.34ms
[2768.194s][info][gc,phases      ] GC(518)   Merge Heap Roots: 0.62ms
[2768.194s][info][gc,phases      ] GC(518)   Evacuate Collection Set: 114.48ms
[2768.194s][info][gc,phases      ] GC(518)   Post Evacuate Collection Set: 0.97ms
[2768.194s][info][gc,phases      ] GC(518)   Other: 0.10ms
[2768.194s][info][gc,heap        ] GC(518) Eden regions: 1118->0(1112)
[2768.194s][info][gc,heap        ] GC(518) Survivor regions: 110->109(154)
[2768.194s][info][gc,heap        ] GC(518) Old regions: 505->535
[2768.194s][info][gc,heap        ] GC(518) Humongous regions: 80->80
[2768.194s][info][gc,metaspace   ] GC(518) Metaspace: 28914K(29312K)->28914K(29312K) NonClass: 24034K(24192K)->24034K(24192K) Class: 4879K(5120K)->4879K(5120K)
[2768.194s][info][gc             ] GC(518) Pause Young (Prepare Mixed) (G1 Evacuation Pause) 3624M->1445M(4096M) 116.631ms
[2768.194s][info][gc,cpu         ] GC(518) User=0.69s Sys=0.00s Real=0.12s
....[2772.184s][info][gc,start       ] GC(519) Pause Young (Mixed) (G1 Evacuation Pause)
[2772.184s][info][gc,task        ] GC(519) Using 6 workers of 6 for evacuation
[2772.319s][info][gc,phases      ] GC(519)   Pre Evacuate Collection Set: 0.40ms
[2772.319s][info][gc,phases      ] GC(519)   Merge Heap Roots: 0.80ms
[2772.319s][info][gc,phases      ] GC(519)   Evacuate Collection Set: 133.36ms
[2772.319s][info][gc,phases      ] GC(519)   Post Evacuate Collection Set: 0.97ms
[2772.319s][info][gc,phases      ] GC(519)   Other: 0.09ms
[2772.319s][info][gc,heap        ] GC(519) Eden regions: 1112->0(1120)
[2772.319s][info][gc,heap        ] GC(519) Survivor regions: 109->108(153)
[2772.319s][info][gc,heap        ] GC(519) Old regions: 535->473
[2772.319s][info][gc,heap        ] GC(519) Humongous regions: 80->80
[2772.319s][info][gc,metaspace   ] GC(519) Metaspace: 28914K(29312K)->28914K(29312K) NonClass: 24034K(24192K)->24034K(24192K) Class: 4879K(5120K)->4879K(5120K)
[2772.319s][info][gc             ] GC(519) Pause Young (Mixed) (G1 Evacuation Pause) 3669M->1319M(4096M) 135.754ms
[2772.319s][info][gc,cpu         ] GC(519) User=0.80s Sys=0.00s Real=0.13s
....[2776.297s][info][gc,start       ] GC(520) Pause Young (Concurrent Start) (G1 Evacuation Pause)
[2776.297s][info][gc,task        ] GC(520) Using 6 workers of 6 for evacuation
[2776.414s][info][gc,phases      ] GC(520)   Pre Evacuate Collection Set: 0.42ms
[2776.414s][info][gc,phases      ] GC(520)   Merge Heap Roots: 0.50ms
[2776.414s][info][gc,phases      ] GC(520)   Evacuate Collection Set: 114.93ms
[2776.414s][info][gc,phases      ] GC(520)   Post Evacuate Collection Set: 0.90ms
[2776.414s][info][gc,phases      ] GC(520)   Other: 0.12ms
[2776.414s][info][gc,heap        ] GC(520) Eden regions: 1120->0(1120)
[2776.414s][info][gc,heap        ] GC(520) Survivor regions: 108->108(154)
[2776.414s][info][gc,heap        ] GC(520) Old regions: 473->505
[2776.414s][info][gc,heap        ] GC(520) Humongous regions: 80->80
[2776.414s][info][gc,metaspace   ] GC(520) Metaspace: 28914K(29312K)->28914K(29312K) NonClass: 24034K(24192K)->24034K(24192K) Class: 4879K(5120K)->4879K(5120K)
[2776.414s][info][gc             ] GC(520) Pause Young (Concurrent Start) (G1 Evacuation Pause) 3559M->1384M(4096M) 117.013ms
[2776.414s][info][gc             ] GC(521) Concurrent Mark Cycle
[2776.414s][info][gc,marking     ] GC(521) Concurrent Scan Root Regions
[2776.414s][info][gc,cpu         ] GC(520) User=0.69s Sys=0.00s Real=0.12s
.[2776.553s][info][gc,marking     ] GC(521) Concurrent Scan Root Regions 138.924ms
[2776.553s][info][gc,marking     ] GC(521) Concurrent Mark
[2776.553s][info][gc,marking     ] GC(521) Concurrent Mark From Roots
[2776.553s][info][gc,task        ] GC(521) Using 2 workers of 2 for marking
[2777.186s][info][gc,marking     ] GC(521) Concurrent Mark From Roots 632.902ms
[2777.186s][info][gc,marking     ] GC(521) Concurrent Preclean
[2777.186s][info][gc,marking     ] GC(521) Concurrent Preclean 0.095ms
[2777.187s][info][gc,start       ] GC(521) Pause Remark
[2777.191s][info][gc             ] GC(521) Pause Remark 1819M->1819M(4096M) 4.246ms
[2777.191s][info][gc,cpu         ] GC(521) User=0.02s Sys=0.00s Real=0.00s
[2777.191s][info][gc,marking     ] GC(521) Concurrent Mark 637.491ms
[2777.191s][info][gc,marking     ] GC(521) Concurrent Rebuild Remembered Sets and Scrub Regions
.[2777.466s][info][gc,marking     ] GC(521) Concurrent Rebuild Remembered Sets and Scrub Regions 274.936ms
[2777.466s][info][gc,start       ] GC(521) Pause Cleanup
[2777.466s][info][gc             ] GC(521) Pause Cleanup 1978M->1978M(4096M) 0.143ms
[2777.466s][info][gc,cpu         ] GC(521) User=0.00s Sys=0.00s Real=0.00s
[2777.466s][info][gc,marking     ] GC(521) Concurrent Clear Claimed Marks
[2777.466s][info][gc,marking     ] GC(521) Concurrent Clear Claimed Marks 0.026ms
[2777.466s][info][gc,marking     ] GC(521) Concurrent Cleanup for Next Mark
[2777.470s][info][gc,marking     ] GC(521) Concurrent Cleanup for Next Mark 3.639ms
[2777.470s][info][gc             ] GC(521) Concurrent Mark Cycle 1055.507ms
...[2780.490s][info][gc,start       ] GC(522) Pause Young (Prepare Mixed) (G1 Evacuation Pause)
[2780.490s][info][gc,task        ] GC(522) Using 6 workers of 6 for evacuation
[2780.608s][info][gc,phases      ] GC(522)   Pre Evacuate Collection Set: 0.36ms
[2780.608s][info][gc,phases      ] GC(522)   Merge Heap Roots: 0.55ms
[2780.608s][info][gc,phases      ] GC(522)   Evacuate Collection Set: 116.18ms
[2780.608s][info][gc,phases      ] GC(522)   Post Evacuate Collection Set: 0.94ms
[2780.608s][info][gc,phases      ] GC(522)   Other: 0.09ms
[2780.608s][info][gc,heap        ] GC(522) Eden regions: 1120->0(1110)
[2780.608s][info][gc,heap        ] GC(522) Survivor regions: 108->109(154)
[2780.608s][info][gc,heap        ] GC(522) Old regions: 505->537
[2780.608s][info][gc,heap        ] GC(522) Humongous regions: 80->80
[2780.608s][info][gc,metaspace   ] GC(522) Metaspace: 28914K(29312K)->28914K(29312K) NonClass: 24034K(24192K)->24034K(24192K) Class: 4879K(5120K)->4879K(5120K)
[2780.608s][info][gc             ] GC(522) Pause Young (Prepare Mixed) (G1 Evacuation Pause) 3624M->1451M(4096M) 118.255ms
[2780.608s][info][gc,cpu         ] GC(522) User=0.70s Sys=0.00s Real=0.12s
....[2784.551s][info][gc,start       ] GC(523) Pause Young (Mixed) (G1 Evacuation Pause)
[2784.551s][info][gc,task        ] GC(523) Using 6 workers of 6 for evacuation
[2784.682s][info][gc,phases      ] GC(523)   Pre Evacuate Collection Set: 0.39ms
[2784.682s][info][gc,phases      ] GC(523)   Merge Heap Roots: 0.66ms
[2784.682s][info][gc,phases      ] GC(523)   Evacuate Collection Set: 128.89ms
[2784.682s][info][gc,phases      ] GC(523)   Post Evacuate Collection Set: 0.96ms
[2784.682s][info][gc,phases      ] GC(523)   Other: 0.08ms
[2784.682s][info][gc,heap        ] GC(523) Eden regions: 1110->0(1120)
[2784.682s][info][gc,heap        ] GC(523) Survivor regions: 109->108(153)
[2784.682s][info][gc,heap        ] GC(523) Old regions: 537->475
[2784.682s][info][gc,heap        ] GC(523) Humongous regions: 80->80
[2784.682s][info][gc,metaspace   ] GC(523) Metaspace: 28914K(29312K)->28914K(29312K) NonClass: 24034K(24192K)->24034K(24192K) Class: 4879K(5120K)->4879K(5120K)
[2784.682s][info][gc             ] GC(523) Pause Young (Mixed) (G1 Evacuation Pause) 3671M->1325M(4096M) 131.133ms
[2784.682s][info][gc,cpu         ] GC(523) User=0.78s Sys=0.00s Real=0.13s
. (rIR:aIR:PR = 4566:4565:4565) (tPR = 67669) [OK] 
  2785s: Performance info:
         Transaction,    Success,    Partial,     Failed,   Receipts, AvgBarcode, 
             Overall,     276152,          0,          0,     262340,      59.48, 
         Response times:
             Request,    Success,    Partial,     Failed,   SkipFail,     Probes,    Samples,      min,      p50,      p90,      p95,      p99,      max, 
       TotalPurchase,     262340,          0,          0,          0,     257373,     279193,      300,     3800,     7400,    12500,    56000,   196000,
     InStorePurchase,     138136,          0,          0,          0,     135852,     146925,      300,     3800,     7500,    12800,    56000,   193000,
      OnlinePurchase,      96593,          0,          0,          0,      94904,     102946,      300,     3800,     7300,    12300,    56000,   196000,
        InstPurchase,      27611,          0,          0,          0,      26617,      29322,      400,     4000,     7300,    11900,    56000,   196000,
          AssocOfCat,        277,          0,          0,          0,        212,        297,    22000,    34000,    52200,    67600,   162000,   183000,
      AssocOfProduct,       2768,          0,          0,          0,       2510,       2900,     1300,     5000,     8890,    16595,    65000,   137000,
      BusinessReport,        692,          0,          0,          0,        602,        771,    24000,    38000,    55000,    67000,   157120,   197000,
          CustBuyBeh,       2764,          0,          0,          0,       2533,       2940,      400,     4200,     7900,    13300,    56000,   150000,
       ProductReturn,       7311,          0,          0,          0,       6909,       7770,      200,     3800,     7200,    10200,    52000,   145000,

  2785s: (34%)   IR =   4705 ...[2788.660s][info][gc,start       ] GC(524) Pause Young (Concurrent Start) (G1 Evacuation Pause)
[2788.660s][info][gc,task        ] GC(524) Using 6 workers of 6 for evacuation
[2788.780s][info][gc,phases      ] GC(524)   Pre Evacuate Collection Set: 0.42ms
[2788.780s][info][gc,phases      ] GC(524)   Merge Heap Roots: 0.55ms
[2788.780s][info][gc,phases      ] GC(524)   Evacuate Collection Set: 118.05ms
[2788.780s][info][gc,phases      ] GC(524)   Post Evacuate Collection Set: 0.93ms
[2788.780s][info][gc,phases      ] GC(524)   Other: 0.12ms
[2788.780s][info][gc,heap        ] GC(524) Eden regions: 1120->0(1117)
[2788.780s][info][gc,heap        ] GC(524) Survivor regions: 108->111(154)
[2788.780s][info][gc,heap        ] GC(524) Old regions: 475->507
[2788.780s][info][gc,heap        ] GC(524) Humongous regions: 80->80
[2788.780s][info][gc,metaspace   ] GC(524) Metaspace: 28915K(29312K)->28915K(29312K) NonClass: 24035K(24192K)->24035K(24192K) Class: 4879K(5120K)->4879K(5120K)
[2788.780s][info][gc             ] GC(524) Pause Young (Concurrent Start) (G1 Evacuation Pause) 3565M->1394M(4096M) 120.198ms
[2788.780s][info][gc             ] GC(525) Concurrent Mark Cycle
[2788.780s][info][gc,marking     ] GC(525) Concurrent Scan Root Regions
[2788.780s][info][gc,cpu         ] GC(524) User=0.71s Sys=0.00s Real=0.12s
[2788.971s][info][gc,marking     ] GC(525) Concurrent Scan Root Regions 190.461ms
[2788.971s][info][gc,marking     ] GC(525) Concurrent Mark
[2788.971s][info][gc,marking     ] GC(525) Concurrent Mark From Roots
[2788.971s][info][gc,task        ] GC(525) Using 2 workers of 2 for marking
.[2789.670s][info][gc,marking     ] GC(525) Concurrent Mark From Roots 698.871ms
[2789.670s][info][gc,marking     ] GC(525) Concurrent Preclean
[2789.670s][info][gc,marking     ] GC(525) Concurrent Preclean 0.153ms
[2789.671s][info][gc,start       ] GC(525) Pause Remark
[2789.675s][info][gc             ] GC(525) Pause Remark 1918M->1918M(4096M) 4.760ms
[2789.676s][info][gc,cpu         ] GC(525) User=0.03s Sys=0.00s Real=0.01s
[2789.676s][info][gc,marking     ] GC(525) Concurrent Mark 704.732ms
[2789.676s][info][gc,marking     ] GC(525) Concurrent Rebuild Remembered Sets and Scrub Regions
[2789.923s][info][gc,marking     ] GC(525) Concurrent Rebuild Remembered Sets and Scrub Regions 246.907ms
[2789.923s][info][gc,start       ] GC(525) Pause Cleanup
[2789.923s][info][gc             ] GC(525) Pause Cleanup 2076M->2076M(4096M) 0.117ms
[2789.923s][info][gc,cpu         ] GC(525) User=0.00s Sys=0.00s Real=0.00s
[2789.923s][info][gc,marking     ] GC(525) Concurrent Clear Claimed Marks
[2789.923s][info][gc,marking     ] GC(525) Concurrent Clear Claimed Marks 0.025ms
[2789.923s][info][gc,marking     ] GC(525) Concurrent Cleanup for Next Mark
[2789.927s][info][gc,marking     ] GC(525) Concurrent Cleanup for Next Mark 3.885ms
[2789.927s][info][gc             ] GC(525) Concurrent Mark Cycle 1146.474ms
...[2792.739s][info][gc,start       ] GC(526) Pause Young (Prepare Mixed) (G1 Evacuation Pause)
[2792.739s][info][gc,task        ] GC(526) Using 6 workers of 6 for evacuation
[2792.862s][info][gc,phases      ] GC(526)   Pre Evacuate Collection Set: 0.37ms
[2792.862s][info][gc,phases      ] GC(526)   Merge Heap Roots: 0.67ms
[2792.862s][info][gc,phases      ] GC(526)   Evacuate Collection Set: 120.55ms
[2792.862s][info][gc,phases      ] GC(526)   Post Evacuate Collection Set: 0.93ms
[2792.862s][info][gc,phases      ] GC(526)   Other: 0.10ms
[2792.862s][info][gc,heap        ] GC(526) Eden regions: 1117->0(1100)
[2792.862s][info][gc,heap        ] GC(526) Survivor regions: 111->113(154)
[2792.862s][info][gc,heap        ] GC(526) Old regions: 507->539
[2792.862s][info][gc,heap        ] GC(526) Humongous regions: 80->80
[2792.862s][info][gc,metaspace   ] GC(526) Metaspace: 28915K(29312K)->28915K(29312K) NonClass: 24035K(24192K)->24035K(24192K) Class: 4879K(5120K)->4879K(5120K)
[2792.862s][info][gc             ] GC(526) Pause Young (Prepare Mixed) (G1 Evacuation Pause) 3628M->1462M(4096M) 122.780ms
[2792.862s][info][gc,cpu         ] GC(526) User=0.72s Sys=0.00s Real=0.12s
.|...[2796.653s][info][gc,start       ] GC(527) Pause Young (Mixed) (G1 Evacuation Pause)
[2796.653s][info][gc,task        ] GC(527) Using 6 workers of 6 for evacuation
[2796.786s][info][gc,phases      ] GC(527)   Pre Evacuate Collection Set: 0.41ms
[2796.786s][info][gc,phases      ] GC(527)   Merge Heap Roots: 0.81ms
[2796.786s][info][gc,phases      ] GC(527)   Evacuate Collection Set: 130.81ms
[2796.786s][info][gc,phases      ] GC(527)   Post Evacuate Collection Set: 0.97ms
[2796.786s][info][gc,phases      ] GC(527)   Other: 0.10ms
[2796.786s][info][gc,heap        ] GC(527) Eden regions: 1100->0(1120)
[2796.786s][info][gc,heap        ] GC(527) Survivor regions: 113->108(152)
[2796.786s][info][gc,heap        ] GC(527) Old regions: 539->474
[2796.786s][info][gc,heap        ] GC(527) Humongous regions: 80->80
[2796.786s][info][gc,metaspace   ] GC(527) Metaspace: 28915K(29312K)->28915K(29312K) NonClass: 24035K(24192K)->24035K(24192K) Class: 4879K(5120K)->4879K(5120K)
[2796.786s][info][gc             ] GC(527) Pause Young (Mixed) (G1 Evacuation Pause) 3662M->1322M(4096M) 133.238ms
[2796.786s][info][gc,cpu         ] GC(527) User=0.79s Sys=0.00s Real=0.13s
....[2800.686s][info][gc,start       ] GC(528) Pause Young (Concurrent Start) (G1 Evacuation Pause)
[2800.686s][info][gc,task        ] GC(528) Using 6 workers of 6 for evacuation
[2800.803s][info][gc,phases      ] GC(528)   Pre Evacuate Collection Set: 0.47ms
[2800.803s][info][gc,phases      ] GC(528)   Merge Heap Roots: 0.51ms
[2800.803s][info][gc,phases      ] GC(528)   Evacuate Collection Set: 115.15ms
[2800.803s][info][gc,phases      ] GC(528)   Post Evacuate Collection Set: 0.92ms
[2800.803s][info][gc,phases      ] GC(528)   Other: 0.12ms
[2800.803s][info][gc,heap        ] GC(528) Eden regions: 1120->0(1119)
[2800.803s][info][gc,heap        ] GC(528) Survivor regions: 108->109(154)
[2800.803s][info][gc,heap        ] GC(528) Old regions: 474->506
[2800.803s][info][gc,heap        ] GC(528) Humongous regions: 80->80
[2800.803s][info][gc,metaspace   ] GC(528) Metaspace: 28915K(29312K)->28915K(29312K) NonClass: 24035K(24192K)->24035K(24192K) Class: 4879K(5120K)->4879K(5120K)
[2800.803s][info][gc             ] GC(528) Pause Young (Concurrent Start) (G1 Evacuation Pause) 3562M->1387M(4096M) 117.307ms
[2800.803s][info][gc             ] GC(529) Concurrent Mark Cycle
[2800.803s][info][gc,marking     ] GC(529) Concurrent Scan Root Regions
[2800.803s][info][gc,cpu         ] GC(528) User=0.70s Sys=0.00s Real=0.12s
[2800.952s][info][gc,marking     ] GC(529) Concurrent Scan Root Regions 148.031ms
[2800.952s][info][gc,marking     ] GC(529) Concurrent Mark
[2800.952s][info][gc,marking     ] GC(529) Concurrent Mark From Roots
[2800.952s][info][gc,task        ] GC(529) Using 2 workers of 2 for marking
.[2801.623s][info][gc,marking     ] GC(529) Concurrent Mark From Roots 670.958ms
[2801.623s][info][gc,marking     ] GC(529) Concurrent Preclean
[2801.623s][info][gc,marking     ] GC(529) Concurrent Preclean 0.119ms
[2801.623s][info][gc,start       ] GC(529) Pause Remark
[2801.629s][info][gc             ] GC(529) Pause Remark 1943M->1943M(4096M) 5.784ms
[2801.629s][info][gc,cpu         ] GC(529) User=0.03s Sys=0.00s Real=0.00s
[2801.629s][info][gc,marking     ] GC(529) Concurrent Mark 677.179ms
[2801.629s][info][gc,marking     ] GC(529) Concurrent Rebuild Remembered Sets and Scrub Regions
[2801.902s][info][gc,marking     ] GC(529) Concurrent Rebuild Remembered Sets and Scrub Regions 273.499ms
[2801.902s][info][gc,start       ] GC(529) Pause Cleanup
[2801.903s][info][gc             ] GC(529) Pause Cleanup 2092M->2092M(4096M) 0.134ms
[2801.903s][info][gc,cpu         ] GC(529) User=0.00s Sys=0.00s Real=0.00s
[2801.903s][info][gc,marking     ] GC(529) Concurrent Clear Claimed Marks
[2801.903s][info][gc,marking     ] GC(529) Concurrent Clear Claimed Marks 0.027ms
[2801.903s][info][gc,marking     ] GC(529) Concurrent Cleanup for Next Mark
[2801.907s][info][gc,marking     ] GC(529) Concurrent Cleanup for Next Mark 4.106ms
[2801.907s][info][gc             ] GC(529) Concurrent Mark Cycle 1103.365ms
...[2804.776s][info][gc,start       ] GC(530) Pause Young (Prepare Mixed) (G1 Evacuation Pause)
[2804.776s][info][gc,task        ] GC(530) Using 6 workers of 6 for evacuation
[2804.897s][info][gc,phases      ] GC(530)   Pre Evacuate Collection Set: 0.35ms
[2804.897s][info][gc,phases      ] GC(530)   Merge Heap Roots: 0.72ms
[2804.897s][info][gc,phases      ] GC(530)   Evacuate Collection Set: 119.10ms
[2804.897s][info][gc,phases      ] GC(530)   Post Evacuate Collection Set: 0.97ms
[2804.897s][info][gc,phases      ] GC(530)   Other: 0.10ms
[2804.897s][info][gc,heap        ] GC(530) Eden regions: 1119->0(1102)
[2804.897s][info][gc,heap        ] GC(530) Survivor regions: 109->113(154)
[2804.897s][info][gc,heap        ] GC(530) Old regions: 506->537
[2804.897s][info][gc,heap        ] GC(530) Humongous regions: 80->80
[2804.897s][info][gc,metaspace   ] GC(530) Metaspace: 28913K(29312K)->28913K(29312K) NonClass: 24033K(24192K)->24033K(24192K) Class: 4879K(5120K)->4879K(5120K)
[2804.897s][info][gc             ] GC(530) Pause Young (Prepare Mixed) (G1 Evacuation Pause) 3625M->1457M(4096M) 121.364ms
[2804.897s][info][gc,cpu         ] GC(530) User=0.72s Sys=0.00s Real=0.12s
....[2808.649s][info][gc,start       ] GC(531) Pause Young (Mixed) (G1 Evacuation Pause)
[2808.649s][info][gc,task        ] GC(531) Using 6 workers of 6 for evacuation
[2808.781s][info][gc,phases      ] GC(531)   Pre Evacuate Collection Set: 0.42ms
[2808.781s][info][gc,phases      ] GC(531)   Merge Heap Roots: 0.71ms
[2808.781s][info][gc,phases      ] GC(531)   Evacuate Collection Set: 129.75ms
[2808.781s][info][gc,phases      ] GC(531)   Post Evacuate Collection Set: 0.98ms
[2808.781s][info][gc,phases      ] GC(531)   Other: 0.09ms
[2808.781s][info][gc,heap        ] GC(531) Eden regions: 1102->0(1119)
[2808.781s][info][gc,heap        ] GC(531) Survivor regions: 113->109(152)
[2808.781s][info][gc,heap        ] GC(531) Old regions: 537->473
[2808.781s][info][gc,heap        ] GC(531) Humongous regions: 80->80
[2808.781s][info][gc,metaspace   ] GC(531) Metaspace: 28913K(29312K)->28913K(29312K) NonClass: 24033K(24192K)->24033K(24192K) Class: 4879K(5120K)->4879K(5120K)
[2808.781s][info][gc             ] GC(531) Pause Young (Mixed) (G1 Evacuation Pause) 3661M->1322M(4096M) 132.117ms
[2808.781s][info][gc,cpu         ] GC(531) User=0.78s Sys=0.01s Real=0.13s
....[2812.721s][info][gc,start       ] GC(532) Pause Young (Concurrent Start) (G1 Evacuation Pause)
[2812.721s][info][gc,task        ] GC(532) Using 6 workers of 6 for evacuation
[2812.841s][info][gc,phases      ] GC(532)   Pre Evacuate Collection Set: 0.41ms
[2812.841s][info][gc,phases      ] GC(532)   Merge Heap Roots: 0.55ms
[2812.841s][info][gc,phases      ] GC(532)   Evacuate Collection Set: 117.71ms
[2812.841s][info][gc,phases      ] GC(532)   Post Evacuate Collection Set: 0.92ms
[2812.841s][info][gc,phases      ] GC(532)   Other: 0.11ms
[2812.841s][info][gc,heap        ] GC(532) Eden regions: 1119->0(1119)
[2812.841s][info][gc,heap        ] GC(532) Survivor regions: 109->109(154)
[2812.841s][info][gc,heap        ] GC(532) Old regions: 473->506
[2812.841s][info][gc,heap        ] GC(532) Humongous regions: 80->80
[2812.841s][info][gc,metaspace   ] GC(532) Metaspace: 28913K(29312K)->28913K(29312K) NonClass: 24033K(24192K)->24033K(24192K) Class: 4879K(5120K)->4879K(5120K)
[2812.841s][info][gc             ] GC(532) Pause Young (Concurrent Start) (G1 Evacuation Pause) 3560M->1388M(4096M) 119.834ms
[2812.841s][info][gc             ] GC(533) Concurrent Mark Cycle
[2812.841s][info][gc,marking     ] GC(533) Concurrent Scan Root Regions
[2812.841s][info][gc,cpu         ] GC(532) User=0.71s Sys=0.01s Real=0.12s
[2813.030s][info][gc,marking     ] GC(533) Concurrent Scan Root Regions 188.930ms
[2813.030s][info][gc,marking     ] GC(533) Concurrent Mark
[2813.030s][info][gc,marking     ] GC(533) Concurrent Mark From Roots
[2813.030s][info][gc,task        ] GC(533) Using 2 workers of 2 for marking
.[2813.792s][info][gc,marking     ] GC(533) Concurrent Mark From Roots 761.539ms
[2813.792s][info][gc,marking     ] GC(533) Concurrent Preclean
[2813.792s][info][gc,marking     ] GC(533) Concurrent Preclean 0.120ms
[2813.793s][info][gc,start       ] GC(533) Pause Remark
[2813.798s][info][gc             ] GC(533) Pause Remark 1992M->1992M(4096M) 5.061ms
[2813.798s][info][gc,cpu         ] GC(533) User=0.03s Sys=0.00s Real=0.00s
[2813.800s][info][gc,marking     ] GC(533) Concurrent Mark 769.933ms
[2813.800s][info][gc,marking     ] GC(533) Concurrent Rebuild Remembered Sets and Scrub Regions
[2814.115s][info][gc,marking     ] GC(533) Concurrent Rebuild Remembered Sets and Scrub Regions 315.077ms
[2814.116s][info][gc,start       ] GC(533) Pause Cleanup
[2814.116s][info][gc             ] GC(533) Pause Cleanup 2156M->2156M(4096M) 0.137ms
[2814.116s][info][gc,cpu         ] GC(533) User=0.00s Sys=0.00s Real=0.00s
[2814.116s][info][gc,marking     ] GC(533) Concurrent Clear Claimed Marks
[2814.116s][info][gc,marking     ] GC(533) Concurrent Clear Claimed Marks 0.037ms
[2814.116s][info][gc,marking     ] GC(533) Concurrent Cleanup for Next Mark
[2814.120s][info][gc,marking     ] GC(533) Concurrent Cleanup for Next Mark 3.823ms
[2814.120s][info][gc             ] GC(533) Concurrent Mark Cycle 1279.127ms
...[2816.725s][info][gc,start       ] GC(534) Pause Young (Prepare Mixed) (G1 Evacuation Pause)
[2816.725s][info][gc,task        ] GC(534) Using 6 workers of 6 for evacuation
[2816.844s][info][gc,phases      ] GC(534)   Pre Evacuate Collection Set: 0.38ms
[2816.844s][info][gc,phases      ] GC(534)   Merge Heap Roots: 0.66ms
[2816.844s][info][gc,phases      ] GC(534)   Evacuate Collection Set: 116.64ms
[2816.844s][info][gc,phases      ] GC(534)   Post Evacuate Collection Set: 0.94ms
[2816.844s][info][gc,phases      ] GC(534)   Other: 0.09ms
[2816.844s][info][gc,heap        ] GC(534) Eden regions: 1119->0(1108)
[2816.844s][info][gc,heap        ] GC(534) Survivor regions: 109->110(154)
[2816.844s][info][gc,heap        ] GC(534) Old regions: 506->537
[2816.844s][info][gc,heap        ] GC(534) Humongous regions: 80->80
[2816.844s][info][gc,metaspace   ] GC(534) Metaspace: 28913K(29312K)->28913K(29312K) NonClass: 24033K(24192K)->24033K(24192K) Class: 4879K(5120K)->4879K(5120K)
[2816.844s][info][gc             ] GC(534) Pause Young (Prepare Mixed) (G1 Evacuation Pause) 3626M->1451M(4096M) 118.858ms
[2816.844s][info][gc,cpu         ] GC(534) User=0.70s Sys=0.01s Real=0.12s
....[2820.665s][info][gc,start       ] GC(535) Pause Young (Mixed) (G1 Evacuation Pause)
[2820.666s][info][gc,task        ] GC(535) Using 6 workers of 6 for evacuation
[2820.798s][info][gc,phases      ] GC(535)   Pre Evacuate Collection Set: 0.41ms
[2820.798s][info][gc,phases      ] GC(535)   Merge Heap Roots: 0.77ms
[2820.798s][info][gc,phases      ] GC(535)   Evacuate Collection Set: 130.37ms
[2820.798s][info][gc,phases      ] GC(535)   Post Evacuate Collection Set: 0.98ms
[2820.798s][info][gc,phases      ] GC(535)   Other: 0.10ms
[2820.798s][info][gc,heap        ] GC(535) Eden regions: 1108->0(1120)
[2820.798s][info][gc,heap        ] GC(535) Survivor regions: 110->108(153)
[2820.798s][info][gc,heap        ] GC(535) Old regions: 537->474
[2820.798s][info][gc,heap        ] GC(535) Humongous regions: 80->80
[2820.798s][info][gc,metaspace   ] GC(535) Metaspace: 28913K(29312K)->28913K(29312K) NonClass: 24033K(24192K)->24033K(24192K) Class: 4879K(5120K)->4879K(5120K)
[2820.798s][info][gc             ] GC(535) Pause Young (Mixed) (G1 Evacuation Pause) 3667M->1322M(4096M) 132.755ms
[2820.798s][info][gc,cpu         ] GC(535) User=0.79s Sys=0.00s Real=0.13s
....[2824.700s][info][gc,start       ] GC(536) Pause Young (Concurrent Start) (G1 Evacuation Pause)
[2824.700s][info][gc,task        ] GC(536) Using 6 workers of 6 for evacuation
[2824.818s][info][gc,phases      ] GC(536)   Pre Evacuate Collection Set: 0.42ms
[2824.819s][info][gc,phases      ] GC(536)   Merge Heap Roots: 0.54ms
[2824.819s][info][gc,phases      ] GC(536)   Evacuate Collection Set: 116.36ms
[2824.819s][info][gc,phases      ] GC(536)   Post Evacuate Collection Set: 0.91ms
[2824.819s][info][gc,phases      ] GC(536)   Other: 0.12ms
[2824.819s][info][gc,heap        ] GC(536) Eden regions: 1120->0(1118)
[2824.819s][info][gc,heap        ] GC(536) Survivor regions: 108->110(154)
[2824.819s][info][gc,heap        ] GC(536) Old regions: 474->506
[2824.819s][info][gc,heap        ] GC(536) Humongous regions: 80->80
[2824.819s][info][gc,metaspace   ] GC(536) Metaspace: 28913K(29312K)->28913K(29312K) NonClass: 24033K(24192K)->24033K(24192K) Class: 4879K(5120K)->4879K(5120K)
[2824.819s][info][gc             ] GC(536) Pause Young (Concurrent Start) (G1 Evacuation Pause) 3562M->1389M(4096M) 118.479ms
[2824.819s][info][gc             ] GC(537) Concurrent Mark Cycle
[2824.819s][info][gc,marking     ] GC(537) Concurrent Scan Root Regions
[2824.819s][info][gc,cpu         ] GC(536) User=0.70s Sys=0.00s Real=0.12s
[2824.997s][info][gc,marking     ] GC(537) Concurrent Scan Root Regions 178.247ms
[2824.997s][info][gc,marking     ] GC(537) Concurrent Mark
[2824.997s][info][gc,marking     ] GC(537) Concurrent Mark From Roots
[2824.997s][info][gc,task        ] GC(537) Using 2 workers of 2 for marking
.[2825.949s][info][gc,marking     ] GC(537) Concurrent Mark From Roots 951.915ms
[2825.949s][info][gc,marking     ] GC(537) Concurrent Preclean
[2825.949s][info][gc,marking     ] GC(537) Concurrent Preclean 0.115ms
[2825.949s][info][gc,start       ] GC(537) Pause Remark
[2825.955s][info][gc             ] GC(537) Pause Remark 2072M->2072M(4096M) 5.848ms
[2825.955s][info][gc,cpu         ] GC(537) User=0.04s Sys=0.00s Real=0.01s
[2825.955s][info][gc,marking     ] GC(537) Concurrent Mark 958.203ms
[2825.955s][info][gc,marking     ] GC(537) Concurrent Rebuild Remembered Sets and Scrub Regions
[2826.208s][info][gc,marking     ] GC(537) Concurrent Rebuild Remembered Sets and Scrub Regions 253.197ms
[2826.208s][info][gc,start       ] GC(537) Pause Cleanup
[2826.209s][info][gc             ] GC(537) Pause Cleanup 2212M->2212M(4096M) 0.137ms
[2826.209s][info][gc,cpu         ] GC(537) User=0.00s Sys=0.00s Real=0.00s
[2826.209s][info][gc,marking     ] GC(537) Concurrent Clear Claimed Marks
[2826.209s][info][gc,marking     ] GC(537) Concurrent Clear Claimed Marks 0.024ms
[2826.209s][info][gc,marking     ] GC(537) Concurrent Cleanup for Next Mark
[2826.212s][info][gc,marking     ] GC(537) Concurrent Cleanup for Next Mark 3.287ms
[2826.212s][info][gc             ] GC(537) Concurrent Mark Cycle 1393.439ms
...[2828.693s][info][gc,start       ] GC(538) Pause Young (Prepare Mixed) (G1 Evacuation Pause)
[2828.693s][info][gc,task        ] GC(538) Using 6 workers of 6 for evacuation
[2828.812s][info][gc,phases      ] GC(538)   Pre Evacuate Collection Set: 0.37ms
[2828.812s][info][gc,phases      ] GC(538)   Merge Heap Roots: 0.59ms
[2828.812s][info][gc,phases      ] GC(538)   Evacuate Collection Set: 116.52ms
[2828.812s][info][gc,phases      ] GC(538)   Post Evacuate Collection Set: 0.97ms
[2828.812s][info][gc,phases      ] GC(538)   Other: 0.08ms
[2828.812s][info][gc,heap        ] GC(538) Eden regions: 1118->0(1110)
[2828.812s][info][gc,heap        ] GC(538) Survivor regions: 110->109(154)
[2828.812s][info][gc,heap        ] GC(538) Old regions: 506->537
[2828.812s][info][gc,heap        ] GC(538) Humongous regions: 80->80
[2828.812s][info][gc,metaspace   ] GC(538) Metaspace: 28913K(29312K)->28913K(29312K) NonClass: 24033K(24192K)->24033K(24192K) Class: 4879K(5120K)->4879K(5120K)
[2828.812s][info][gc             ] GC(538) Pause Young (Prepare Mixed) (G1 Evacuation Pause) 3625M->1451M(4096M) 118.663ms
[2828.812s][info][gc,cpu         ] GC(538) User=0.70s Sys=0.00s Real=0.11s
....[2832.740s][info][gc,start       ] GC(539) Pause Young (Mixed) (G1 Evacuation Pause)
[2832.740s][info][gc,task        ] GC(539) Using 6 workers of 6 for evacuation
[2832.875s][info][gc,phases      ] GC(539)   Pre Evacuate Collection Set: 0.39ms
[2832.875s][info][gc,phases      ] GC(539)   Merge Heap Roots: 0.76ms
[2832.875s][info][gc,phases      ] GC(539)   Evacuate Collection Set: 133.17ms
[2832.875s][info][gc,phases      ] GC(539)   Post Evacuate Collection Set: 0.97ms
[2832.875s][info][gc,phases      ] GC(539)   Other: 0.10ms
[2832.875s][info][gc,heap        ] GC(539) Eden regions: 1110->0(1118)
[2832.875s][info][gc,heap        ] GC(539) Survivor regions: 109->110(153)
[2832.875s][info][gc,heap        ] GC(539) Old regions: 537->473
[2832.875s][info][gc,heap        ] GC(539) Humongous regions: 80->80
[2832.875s][info][gc,metaspace   ] GC(539) Metaspace: 28913K(29312K)->28913K(29312K) NonClass: 24033K(24192K)->24033K(24192K) Class: 4879K(5120K)->4879K(5120K)
[2832.875s][info][gc             ] GC(539) Pause Young (Mixed) (G1 Evacuation Pause) 3671M->1324M(4096M) 135.511ms
[2832.875s][info][gc,cpu         ] GC(539) User=0.80s Sys=0.00s Real=0.14s
....[2836.742s][info][gc,start       ] GC(540) Pause Young (Concurrent Start) (G1 Evacuation Pause)
[2836.743s][info][gc,task        ] GC(540) Using 6 workers of 6 for evacuation
[2836.861s][info][gc,phases      ] GC(540)   Pre Evacuate Collection Set: 0.44ms
[2836.861s][info][gc,phases      ] GC(540)   Merge Heap Roots: 0.59ms
[2836.861s][info][gc,phases      ] GC(540)   Evacuate Collection Set: 116.44ms
[2836.861s][info][gc,phases      ] GC(540)   Post Evacuate Collection Set: 0.93ms
[2836.861s][info][gc,phases      ] GC(540)   Other: 0.16ms
[2836.861s][info][gc,heap        ] GC(540) Eden regions: 1118->0(1118)
[2836.861s][info][gc,heap        ] GC(540) Survivor regions: 110->110(154)
[2836.861s][info][gc,heap        ] GC(540) Old regions: 473->505
[2836.861s][info][gc,heap        ] GC(540) Humongous regions: 80->80
[2836.861s][info][gc,metaspace   ] GC(540) Metaspace: 28913K(29312K)->28913K(29312K) NonClass: 24033K(24192K)->24033K(24192K) Class: 4879K(5120K)->4879K(5120K)
[2836.861s][info][gc             ] GC(540) Pause Young (Concurrent Start) (G1 Evacuation Pause) 3560M->1388M(4096M) 118.710ms
[2836.861s][info][gc             ] GC(541) Concurrent Mark Cycle
[2836.861s][info][gc,marking     ] GC(541) Concurrent Scan Root Regions
[2836.861s][info][gc,cpu         ] GC(540) User=0.70s Sys=0.01s Real=0.11s
[2837.008s][info][gc,marking     ] GC(541) Concurrent Scan Root Regions 146.625ms
[2837.008s][info][gc,marking     ] GC(541) Concurrent Mark
[2837.008s][info][gc,marking     ] GC(541) Concurrent Mark From Roots
[2837.008s][info][gc,task        ] GC(541) Using 2 workers of 2 for marking
.[2837.962s][info][gc,marking     ] GC(541) Concurrent Mark From Roots 953.571ms
[2837.962s][info][gc,marking     ] GC(541) Concurrent Preclean
[2837.962s][info][gc,marking     ] GC(541) Concurrent Preclean 0.127ms
[2837.962s][info][gc,start       ] GC(541) Pause Remark
[2837.968s][info][gc             ] GC(541) Pause Remark 2099M->2099M(4096M) 5.564ms
[2837.968s][info][gc,cpu         ] GC(541) User=0.03s Sys=0.00s Real=0.01s
[2837.968s][info][gc,marking     ] GC(541) Concurrent Mark 959.722ms
[2837.968s][info][gc,marking     ] GC(541) Concurrent Rebuild Remembered Sets and Scrub Regions
[2838.245s][info][gc,marking     ] GC(541) Concurrent Rebuild Remembered Sets and Scrub Regions 277.089ms
[2838.245s][info][gc,start       ] GC(541) Pause Cleanup
[2838.245s][info][gc             ] GC(541) Pause Cleanup 2265M->2265M(4096M) 0.135ms
[2838.245s][info][gc,cpu         ] GC(541) User=0.00s Sys=0.00s Real=0.00s
[2838.245s][info][gc,marking     ] GC(541) Concurrent Clear Claimed Marks
[2838.245s][info][gc,marking     ] GC(541) Concurrent Clear Claimed Marks 0.028ms
[2838.245s][info][gc,marking     ] GC(541) Concurrent Cleanup for Next Mark
[2838.248s][info][gc,marking     ] GC(541) Concurrent Cleanup for Next Mark 3.249ms
[2838.248s][info][gc             ] GC(541) Concurrent Mark Cycle 1387.212ms
...[2840.711s][info][gc,start       ] GC(542) Pause Young (Prepare Mixed) (G1 Evacuation Pause)
[2840.711s][info][gc,task        ] GC(542) Using 6 workers of 6 for evacuation
[2840.830s][info][gc,phases      ] GC(542)   Pre Evacuate Collection Set: 0.34ms
[2840.830s][info][gc,phases      ] GC(542)   Merge Heap Roots: 0.62ms
[2840.830s][info][gc,phases      ] GC(542)   Evacuate Collection Set: 117.18ms
[2840.830s][info][gc,phases      ] GC(542)   Post Evacuate Collection Set: 0.94ms
[2840.830s][info][gc,phases      ] GC(542)   Other: 0.10ms
[2840.830s][info][gc,heap        ] GC(542) Eden regions: 1118->0(1108)
[2840.830s][info][gc,heap        ] GC(542) Survivor regions: 110->110(154)
[2840.830s][info][gc,heap        ] GC(542) Old regions: 505->537
[2840.830s][info][gc,heap        ] GC(542) Humongous regions: 80->80
[2840.830s][info][gc,metaspace   ] GC(542) Metaspace: 28913K(29312K)->28913K(29312K) NonClass: 24033K(24192K)->24033K(24192K) Class: 4879K(5120K)->4879K(5120K)
[2840.830s][info][gc             ] GC(542) Pause Young (Prepare Mixed) (G1 Evacuation Pause) 3624M->1451M(4096M) 119.315ms
[2840.830s][info][gc,cpu         ] GC(542) User=0.71s Sys=0.00s Real=0.12s
....[2844.717s][info][gc,start       ] GC(543) Pause Young (Mixed) (G1 Evacuation Pause)
[2844.717s][info][gc,task        ] GC(543) Using 6 workers of 6 for evacuation
[2844.849s][info][gc,phases      ] GC(543)   Pre Evacuate Collection Set: 0.40ms
[2844.849s][info][gc,phases      ] GC(543)   Merge Heap Roots: 0.74ms
[2844.849s][info][gc,phases      ] GC(543)   Evacuate Collection Set: 130.49ms
[2844.849s][info][gc,phases      ] GC(543)   Post Evacuate Collection Set: 0.99ms
[2844.849s][info][gc,phases      ] GC(543)   Other: 0.09ms
[2844.849s][info][gc,heap        ] GC(543) Eden regions: 1108->0(1118)
[2844.849s][info][gc,heap        ] GC(543) Survivor regions: 110->110(153)
[2844.849s][info][gc,heap        ] GC(543) Old regions: 537->473
[2844.849s][info][gc,heap        ] GC(543) Humongous regions: 80->80
[2844.849s][info][gc,metaspace   ] GC(543) Metaspace: 28913K(29312K)->28913K(29312K) NonClass: 24033K(24192K)->24033K(24192K) Class: 4879K(5120K)->4879K(5120K)
[2844.849s][info][gc             ] GC(543) Pause Young (Mixed) (G1 Evacuation Pause) 3667M->1325M(4096M) 132.865ms
[2844.849s][info][gc,cpu         ] GC(543) User=0.79s Sys=0.00s Real=0.13s
....[2848.686s][info][gc,start       ] GC(544) Pause Young (Concurrent Start) (G1 Evacuation Pause)
[2848.686s][info][gc,task        ] GC(544) Using 6 workers of 6 for evacuation
[2848.806s][info][gc,phases      ] GC(544)   Pre Evacuate Collection Set: 0.42ms
[2848.806s][info][gc,phases      ] GC(544)   Merge Heap Roots: 0.55ms
[2848.806s][info][gc,phases      ] GC(544)   Evacuate Collection Set: 117.71ms
[2848.806s][info][gc,phases      ] GC(544)   Post Evacuate Collection Set: 0.90ms
[2848.806s][info][gc,phases      ] GC(544)   Other: 0.12ms
[2848.806s][info][gc,heap        ] GC(544) Eden regions: 1118->0(1116)
[2848.806s][info][gc,heap        ] GC(544) Survivor regions: 110->112(154)
[2848.806s][info][gc,heap        ] GC(544) Old regions: 473->506
[2848.806s][info][gc,heap        ] GC(544) Humongous regions: 80->80
[2848.806s][info][gc,metaspace   ] GC(544) Metaspace: 28913K(29312K)->28913K(29312K) NonClass: 24033K(24192K)->24033K(24192K) Class: 4879K(5120K)->4879K(5120K)
[2848.806s][info][gc             ] GC(544) Pause Young (Concurrent Start) (G1 Evacuation Pause) 3561M->1394M(4096M) 119.829ms
[2848.806s][info][gc             ] GC(545) Concurrent Mark Cycle
[2848.806s][info][gc,marking     ] GC(545) Concurrent Scan Root Regions
[2848.806s][info][gc,cpu         ] GC(544) User=0.71s Sys=0.00s Real=0.12s
[2848.964s][info][gc,marking     ] GC(545) Concurrent Scan Root Regions 158.083ms
[2848.964s][info][gc,marking     ] GC(545) Concurrent Mark
[2848.964s][info][gc,marking     ] GC(545) Concurrent Mark From Roots
[2848.964s][info][gc,task        ] GC(545) Using 2 workers of 2 for marking
.[2849.729s][info][gc,marking     ] GC(545) Concurrent Mark From Roots 764.584ms
[2849.729s][info][gc,marking     ] GC(545) Concurrent Preclean
[2849.729s][info][gc,marking     ] GC(545) Concurrent Preclean 0.099ms
[2849.729s][info][gc,start       ] GC(545) Pause Remark
[2849.734s][info][gc             ] GC(545) Pause Remark 1966M->1966M(4096M) 5.284ms
[2849.734s][info][gc,cpu         ] GC(545) User=0.03s Sys=0.00s Real=0.01s
[2849.734s][info][gc,marking     ] GC(545) Concurrent Mark 770.268ms
[2849.734s][info][gc,marking     ] GC(545) Concurrent Rebuild Remembered Sets and Scrub Regions
[2849.980s][info][gc,marking     ] GC(545) Concurrent Rebuild Remembered Sets and Scrub Regions 246.183ms
[2849.981s][info][gc,start       ] GC(545) Pause Cleanup
[2849.981s][info][gc             ] GC(545) Pause Cleanup 2104M->2104M(4096M) 0.149ms
[2849.981s][info][gc,cpu         ] GC(545) User=0.00s Sys=0.00s Real=0.00s
[2849.981s][info][gc,marking     ] GC(545) Concurrent Clear Claimed Marks
[2849.981s][info][gc,marking     ] GC(545) Concurrent Clear Claimed Marks 0.037ms
[2849.981s][info][gc,marking     ] GC(545) Concurrent Cleanup for Next Mark
[2849.988s][info][gc,marking     ] GC(545) Concurrent Cleanup for Next Mark 6.635ms
[2849.988s][info][gc             ] GC(545) Concurrent Mark Cycle 1182.279ms
...[2852.748s][info][gc,start       ] GC(546) Pause Young (Prepare Mixed) (G1 Evacuation Pause)
[2852.748s][info][gc,task        ] GC(546) Using 6 workers of 6 for evacuation
[2852.865s][info][gc,phases      ] GC(546)   Pre Evacuate Collection Set: 0.38ms
[2852.865s][info][gc,phases      ] GC(546)   Merge Heap Roots: 0.53ms
[2852.865s][info][gc,phases      ] GC(546)   Evacuate Collection Set: 115.01ms
[2852.865s][info][gc,phases      ] GC(546)   Post Evacuate Collection Set: 0.97ms
[2852.865s][info][gc,phases      ] GC(546)   Other: 0.09ms
[2852.865s][info][gc,heap        ] GC(546) Eden regions: 1116->0(1109)
[2852.865s][info][gc,heap        ] GC(546) Survivor regions: 112->109(154)
[2852.866s][info][gc,heap        ] GC(546) Old regions: 506->538
[2852.866s][info][gc,heap        ] GC(546) Humongous regions: 80->80
[2852.866s][info][gc,metaspace   ] GC(546) Metaspace: 28913K(29312K)->28913K(29312K) NonClass: 24033K(24192K)->24033K(24192K) Class: 4879K(5120K)->4879K(5120K)
[2852.866s][info][gc             ] GC(546) Pause Young (Prepare Mixed) (G1 Evacuation Pause) 3626M->1452M(4096M) 117.122ms
[2852.866s][info][gc,cpu         ] GC(546) User=0.69s Sys=0.00s Real=0.12s
. (rIR:aIR:PR = 4705:4707:4707) (tPR = 69782) [OK] 
  2853s: Performance info:
         Transaction,    Success,    Partial,     Failed,   Receipts, AvgBarcode, 
             Overall,     282977,          0,          0,     268828,      59.48, 
         Response times:
             Request,    Success,    Partial,     Failed,   SkipFail,     Probes,    Samples,      min,      p50,      p90,      p95,      p99,      max, 
       TotalPurchase,     268828,          0,          0,          0,     264637,     300440,      300,     4000,     8100,    16700,    59000,   223000,
     InStorePurchase,     141500,          0,          0,          0,     139889,     158803,      300,     3900,     8000,    16100,    60000,   223000,
      OnlinePurchase,      99042,          0,          0,          0,      97443,     110457,      300,     3900,     8000,    17000,    58000,   223000,
        InstPurchase,      28286,          0,          0,          0,      27305,      31180,      500,     4300,     8400,    18800,    62000,   167000,
          AssocOfCat,        280,          0,          0,          0,        214,        314,    21000,    35000,    50000,    71250,   151650,   177000,
      AssocOfProduct,       2842,          0,          0,          0,       2610,       3150,      600,     4000,     7600,    17615,    48490,   223000,
      BusinessReport,        706,          0,          0,          0,        609,        798,    24000,    39000,    63000,    78050,   164030,   190000,
          CustBuyBeh,       2829,          0,          0,          0,       2630,       3185,      100,     3500,     7700,    12800,    60140,   128000,
       ProductReturn,       7492,          0,          0,          0,       7092,       8384,      200,     4300,     8300,    19375,    60150,   140000,

  2853s: (35%)   IR =   4843 ...[2856.662s][info][gc,start       ] GC(547) Pause Young (Mixed) (G1 Evacuation Pause)
[2856.662s][info][gc,task        ] GC(547) Using 6 workers of 6 for evacuation
[2856.797s][info][gc,phases      ] GC(547)   Pre Evacuate Collection Set: 0.43ms
[2856.797s][info][gc,phases      ] GC(547)   Merge Heap Roots: 0.74ms
[2856.797s][info][gc,phases      ] GC(547)   Evacuate Collection Set: 132.90ms
[2856.797s][info][gc,phases      ] GC(547)   Post Evacuate Collection Set: 0.97ms
[2856.797s][info][gc,phases      ] GC(547)   Other: 0.09ms
[2856.797s][info][gc,heap        ] GC(547) Eden regions: 1109->0(1119)
[2856.797s][info][gc,heap        ] GC(547) Survivor regions: 109->109(153)
[2856.797s][info][gc,heap        ] GC(547) Old regions: 538->474
[2856.797s][info][gc,heap        ] GC(547) Humongous regions: 80->80
[2856.797s][info][gc,metaspace   ] GC(547) Metaspace: 28913K(29312K)->28913K(29312K) NonClass: 24033K(24192K)->24033K(24192K) Class: 4879K(5120K)->4879K(5120K)
[2856.797s][info][gc             ] GC(547) Pause Young (Mixed) (G1 Evacuation Pause) 3670M->1325M(4096M) 135.264ms
[2856.797s][info][gc,cpu         ] GC(547) User=0.80s Sys=0.00s Real=0.14s
.|..[2860.571s][info][gc,start       ] GC(548) Pause Young (Concurrent Start) (G1 Evacuation Pause)
[2860.571s][info][gc,task        ] GC(548) Using 6 workers of 6 for evacuation
[2860.691s][info][gc,phases      ] GC(548)   Pre Evacuate Collection Set: 0.41ms
[2860.691s][info][gc,phases      ] GC(548)   Merge Heap Roots: 0.55ms
[2860.691s][info][gc,phases      ] GC(548)   Evacuate Collection Set: 117.96ms
[2860.691s][info][gc,phases      ] GC(548)   Post Evacuate Collection Set: 0.91ms
[2860.691s][info][gc,phases      ] GC(548)   Other: 0.14ms
[2860.691s][info][gc,heap        ] GC(548) Eden regions: 1119->0(1118)
[2860.691s][info][gc,heap        ] GC(548) Survivor regions: 109->110(154)
[2860.692s][info][gc,heap        ] GC(548) Old regions: 474->506
[2860.692s][info][gc,heap        ] GC(548) Humongous regions: 80->80
[2860.692s][info][gc,metaspace   ] GC(548) Metaspace: 28913K(29312K)->28913K(29312K) NonClass: 24033K(24192K)->24033K(24192K) Class: 4879K(5120K)->4879K(5120K)
[2860.692s][info][gc             ] GC(548) Pause Young (Concurrent Start) (G1 Evacuation Pause) 3563M->1391M(4096M) 120.117ms
[2860.692s][info][gc             ] GC(549) Concurrent Mark Cycle
[2860.692s][info][gc,marking     ] GC(549) Concurrent Scan Root Regions
[2860.692s][info][gc,cpu         ] GC(548) User=0.71s Sys=0.00s Real=0.12s
.[2860.819s][info][gc,marking     ] GC(549) Concurrent Scan Root Regions 127.680ms
[2860.819s][info][gc,marking     ] GC(549) Concurrent Mark
[2860.819s][info][gc,marking     ] GC(549) Concurrent Mark From Roots
[2860.819s][info][gc,task        ] GC(549) Using 2 workers of 2 for marking
[2861.449s][info][gc,marking     ] GC(549) Concurrent Mark From Roots 629.603ms
[2861.449s][info][gc,marking     ] GC(549) Concurrent Preclean
[2861.449s][info][gc,marking     ] GC(549) Concurrent Preclean 0.112ms
[2861.449s][info][gc,start       ] GC(549) Pause Remark
[2861.454s][info][gc             ] GC(549) Pause Remark 1852M->1852M(4096M) 4.672ms
[2861.454s][info][gc,cpu         ] GC(549) User=0.03s Sys=0.00s Real=0.01s
[2861.454s][info][gc,marking     ] GC(549) Concurrent Mark 634.652ms
[2861.454s][info][gc,marking     ] GC(549) Concurrent Rebuild Remembered Sets and Scrub Regions
[2861.702s][info][gc,marking     ] GC(549) Concurrent Rebuild Remembered Sets and Scrub Regions 247.821ms
[2861.703s][info][gc,start       ] GC(549) Pause Cleanup
[2861.703s][info][gc             ] GC(549) Pause Cleanup 1993M->1993M(4096M) 0.159ms
[2861.703s][info][gc,cpu         ] GC(549) User=0.00s Sys=0.00s Real=0.00s
[2861.703s][info][gc,marking     ] GC(549) Concurrent Clear Claimed Marks
[2861.704s][info][gc,marking     ] GC(549) Concurrent Clear Claimed Marks 0.034ms
[2861.704s][info][gc,marking     ] GC(549) Concurrent Cleanup for Next Mark
.[2861.708s][info][gc,marking     ] GC(549) Concurrent Cleanup for Next Mark 4.026ms
[2861.708s][info][gc             ] GC(549) Concurrent Mark Cycle 1016.024ms
..[2864.448s][info][gc,start       ] GC(550) Pause Young (Prepare Mixed) (G1 Evacuation Pause)
[2864.448s][info][gc,task        ] GC(550) Using 6 workers of 6 for evacuation
[2864.567s][info][gc,phases      ] GC(550)   Pre Evacuate Collection Set: 0.34ms
[2864.567s][info][gc,phases      ] GC(550)   Merge Heap Roots: 0.65ms
[2864.567s][info][gc,phases      ] GC(550)   Evacuate Collection Set: 116.48ms
[2864.567s][info][gc,phases      ] GC(550)   Post Evacuate Collection Set: 0.94ms
[2864.567s][info][gc,phases      ] GC(550)   Other: 0.09ms
[2864.567s][info][gc,heap        ] GC(550) Eden regions: 1118->0(1109)
[2864.567s][info][gc,heap        ] GC(550) Survivor regions: 110->109(154)
[2864.567s][info][gc,heap        ] GC(550) Old regions: 506->538
[2864.567s][info][gc,heap        ] GC(550) Humongous regions: 80->80
[2864.567s][info][gc,metaspace   ] GC(550) Metaspace: 28913K(29312K)->28913K(29312K) NonClass: 24033K(24192K)->24033K(24192K) Class: 4879K(5120K)->4879K(5120K)
[2864.567s][info][gc             ] GC(550) Pause Young (Prepare Mixed) (G1 Evacuation Pause) 3627M->1452M(4096M) 118.631ms
[2864.567s][info][gc,cpu         ] GC(550) User=0.71s Sys=0.00s Real=0.12s
....[2868.308s][info][gc,start       ] GC(551) Pause Young (Mixed) (G1 Evacuation Pause)
[2868.308s][info][gc,task        ] GC(551) Using 6 workers of 6 for evacuation
[2868.441s][info][gc,phases      ] GC(551)   Pre Evacuate Collection Set: 0.44ms
[2868.441s][info][gc,phases      ] GC(551)   Merge Heap Roots: 0.77ms
[2868.441s][info][gc,phases      ] GC(551)   Evacuate Collection Set: 130.68ms
[2868.441s][info][gc,phases      ] GC(551)   Post Evacuate Collection Set: 0.99ms
[2868.441s][info][gc,phases      ] GC(551)   Other: 0.09ms
[2868.441s][info][gc,heap        ] GC(551) Eden regions: 1109->0(1119)
[2868.441s][info][gc,heap        ] GC(551) Survivor regions: 109->109(153)
[2868.441s][info][gc,heap        ] GC(551) Old regions: 538->474
[2868.441s][info][gc,heap        ] GC(551) Humongous regions: 80->80
[2868.441s][info][gc,metaspace   ] GC(551) Metaspace: 28913K(29312K)->28913K(29312K) NonClass: 24033K(24192K)->24033K(24192K) Class: 4879K(5120K)->4879K(5120K)
[2868.441s][info][gc             ] GC(551) Pause Young (Mixed) (G1 Evacuation Pause) 3670M->1324M(4096M) 133.125ms
[2868.441s][info][gc,cpu         ] GC(551) User=0.79s Sys=0.00s Real=0.13s
....[2872.266s][info][gc,start       ] GC(552) Pause Young (Concurrent Start) (G1 Evacuation Pause)
[2872.266s][info][gc,task        ] GC(552) Using 6 workers of 6 for evacuation
[2872.384s][info][gc,phases      ] GC(552)   Pre Evacuate Collection Set: 0.43ms
[2872.384s][info][gc,phases      ] GC(552)   Merge Heap Roots: 0.52ms
[2872.384s][info][gc,phases      ] GC(552)   Evacuate Collection Set: 115.46ms
[2872.384s][info][gc,phases      ] GC(552)   Post Evacuate Collection Set: 1.26ms
[2872.384s][info][gc,phases      ] GC(552)   Other: 0.50ms
[2872.384s][info][gc,heap        ] GC(552) Eden regions: 1119->0(1120)
[2872.384s][info][gc,heap        ] GC(552) Survivor regions: 109->108(154)
[2872.384s][info][gc,heap        ] GC(552) Old regions: 474->507
[2872.384s][info][gc,heap        ] GC(552) Humongous regions: 80->80
[2872.384s][info][gc,metaspace   ] GC(552) Metaspace: 28913K(29312K)->28913K(29312K) NonClass: 24033K(24192K)->24033K(24192K) Class: 4879K(5120K)->4879K(5120K)
[2872.384s][info][gc             ] GC(552) Pause Young (Concurrent Start) (G1 Evacuation Pause) 3562M->1388M(4096M) 118.335ms
[2872.385s][info][gc             ] GC(553) Concurrent Mark Cycle
[2872.385s][info][gc,marking     ] GC(553) Concurrent Scan Root Regions
[2872.385s][info][gc,cpu         ] GC(552) User=0.69s Sys=0.00s Real=0.12s
[2872.542s][info][gc,marking     ] GC(553) Concurrent Scan Root Regions 157.610ms
[2872.542s][info][gc,marking     ] GC(553) Concurrent Mark
[2872.542s][info][gc,marking     ] GC(553) Concurrent Mark From Roots
[2872.542s][info][gc,task        ] GC(553) Using 2 workers of 2 for marking
.[2873.209s][info][gc,marking     ] GC(553) Concurrent Mark From Roots 666.731ms
[2873.209s][info][gc,marking     ] GC(553) Concurrent Preclean
[2873.209s][info][gc,marking     ] GC(553) Concurrent Preclean 0.091ms
[2873.209s][info][gc,start       ] GC(553) Pause Remark
[2873.214s][info][gc             ] GC(553) Pause Remark 1947M->1947M(4096M) 5.052ms
[2873.214s][info][gc,cpu         ] GC(553) User=0.03s Sys=0.00s Real=0.01s
[2873.214s][info][gc,marking     ] GC(553) Concurrent Mark 672.165ms
[2873.214s][info][gc,marking     ] GC(553) Concurrent Rebuild Remembered Sets and Scrub Regions
[2873.452s][info][gc,marking     ] GC(553) Concurrent Rebuild Remembered Sets and Scrub Regions 237.481ms
[2873.452s][info][gc,start       ] GC(553) Pause Cleanup
[2873.452s][info][gc             ] GC(553) Pause Cleanup 2077M->2077M(4096M) 0.142ms
[2873.452s][info][gc,cpu         ] GC(553) User=0.00s Sys=0.00s Real=0.01s
[2873.452s][info][gc,marking     ] GC(553) Concurrent Clear Claimed Marks
[2873.452s][info][gc,marking     ] GC(553) Concurrent Clear Claimed Marks 0.029ms
[2873.452s][info][gc,marking     ] GC(553) Concurrent Cleanup for Next Mark
[2873.457s][info][gc,marking     ] GC(553) Concurrent Cleanup for Next Mark 4.720ms
[2873.457s][info][gc             ] GC(553) Concurrent Mark Cycle 1072.553ms
...[2876.133s][info][gc,start       ] GC(554) Pause Young (Prepare Mixed) (G1 Evacuation Pause)
[2876.133s][info][gc,task        ] GC(554) Using 6 workers of 6 for evacuation
[2876.249s][info][gc,phases      ] GC(554)   Pre Evacuate Collection Set: 0.35ms
[2876.249s][info][gc,phases      ] GC(554)   Merge Heap Roots: 0.56ms
[2876.249s][info][gc,phases      ] GC(554)   Evacuate Collection Set: 114.17ms
[2876.249s][info][gc,phases      ] GC(554)   Post Evacuate Collection Set: 0.94ms
[2876.249s][info][gc,phases      ] GC(554)   Other: 0.09ms
[2876.249s][info][gc,heap        ] GC(554) Eden regions: 1120->0(1111)
[2876.249s][info][gc,heap        ] GC(554) Survivor regions: 108->108(154)
[2876.249s][info][gc,heap        ] GC(554) Old regions: 507->538
[2876.249s][info][gc,heap        ] GC(554) Humongous regions: 80->80
[2876.249s][info][gc,metaspace   ] GC(554) Metaspace: 28913K(29312K)->28913K(29312K) NonClass: 24033K(24192K)->24033K(24192K) Class: 4879K(5120K)->4879K(5120K)
[2876.249s][info][gc             ] GC(554) Pause Young (Prepare Mixed) (G1 Evacuation Pause) 3628M->1450M(4096M) 116.261ms
[2876.249s][info][gc,cpu         ] GC(554) User=0.69s Sys=0.00s Real=0.11s
....[2880.014s][info][gc,start       ] GC(555) Pause Young (Mixed) (G1 Evacuation Pause)
[2880.014s][info][gc,task        ] GC(555) Using 6 workers of 6 for evacuation
[2880.147s][info][gc,phases      ] GC(555)   Pre Evacuate Collection Set: 0.42ms
[2880.147s][info][gc,phases      ] GC(555)   Merge Heap Roots: 0.69ms
[2880.147s][info][gc,phases      ] GC(555)   Evacuate Collection Set: 130.90ms
[2880.147s][info][gc,phases      ] GC(555)   Post Evacuate Collection Set: 0.95ms
[2880.147s][info][gc,phases      ] GC(555)   Other: 0.10ms
[2880.147s][info][gc,heap        ] GC(555) Eden regions: 1111->0(1118)
[2880.147s][info][gc,heap        ] GC(555) Survivor regions: 108->110(153)
[2880.147s][info][gc,heap        ] GC(555) Old regions: 538->474
[2880.147s][info][gc,heap        ] GC(555) Humongous regions: 80->80
[2880.147s][info][gc,metaspace   ] GC(555) Metaspace: 28913K(29312K)->28913K(29312K) NonClass: 24033K(24192K)->24033K(24192K) Class: 4879K(5120K)->4879K(5120K)
[2880.147s][info][gc             ] GC(555) Pause Young (Mixed) (G1 Evacuation Pause) 3672M->1326M(4096M) 133.191ms
[2880.147s][info][gc,cpu         ] GC(555) User=0.78s Sys=0.00s Real=0.13s
....[2883.950s][info][gc,start       ] GC(556) Pause Young (Concurrent Start) (G1 Evacuation Pause)
[2883.950s][info][gc,task        ] GC(556) Using 6 workers of 6 for evacuation
[2884.073s][info][gc,phases      ] GC(556)   Pre Evacuate Collection Set: 0.40ms
[2884.073s][info][gc,phases      ] GC(556)   Merge Heap Roots: 0.52ms
[2884.073s][info][gc,phases      ] GC(556)   Evacuate Collection Set: 120.75ms
[2884.073s][info][gc,phases      ] GC(556)   Post Evacuate Collection Set: 0.91ms
[2884.073s][info][gc,phases      ] GC(556)   Other: 0.12ms
[2884.073s][info][gc,heap        ] GC(556) Eden regions: 1118->0(1114)
[2884.073s][info][gc,heap        ] GC(556) Survivor regions: 110->114(154)
[2884.073s][info][gc,heap        ] GC(556) Old regions: 474->506
[2884.073s][info][gc,heap        ] GC(556) Humongous regions: 80->80
[2884.073s][info][gc,metaspace   ] GC(556) Metaspace: 28913K(29312K)->28913K(29312K) NonClass: 24033K(24192K)->24033K(24192K) Class: 4879K(5120K)->4879K(5120K)
[2884.073s][info][gc             ] GC(556) Pause Young (Concurrent Start) (G1 Evacuation Pause) 3562M->1398M(4096M) 122.869ms
[2884.073s][info][gc             ] GC(557) Concurrent Mark Cycle
[2884.073s][info][gc,marking     ] GC(557) Concurrent Scan Root Regions
[2884.073s][info][gc,cpu         ] GC(556) User=0.72s Sys=0.00s Real=0.13s
[2884.274s][info][gc,marking     ] GC(557) Concurrent Scan Root Regions 200.593ms
[2884.274s][info][gc,marking     ] GC(557) Concurrent Mark
[2884.274s][info][gc,marking     ] GC(557) Concurrent Mark From Roots
[2884.274s][info][gc,task        ] GC(557) Using 2 workers of 2 for marking
.[2885.274s][info][gc,marking     ] GC(557) Concurrent Mark From Roots 1000.177ms
[2885.274s][info][gc,marking     ] GC(557) Concurrent Preclean
[2885.274s][info][gc,marking     ] GC(557) Concurrent Preclean 0.133ms
[2885.277s][info][gc,start       ] GC(557) Pause Remark
[2885.284s][info][gc             ] GC(557) Pause Remark 2202M->2202M(4096M) 6.279ms
[2885.284s][info][gc,cpu         ] GC(557) User=0.04s Sys=0.00s Real=0.01s
[2885.284s][info][gc,marking     ] GC(557) Concurrent Mark 1010.112ms
[2885.284s][info][gc,marking     ] GC(557) Concurrent Rebuild Remembered Sets and Scrub Regions
[2885.646s][info][gc,marking     ] GC(557) Concurrent Rebuild Remembered Sets and Scrub Regions 361.910ms
[2885.646s][info][gc,start       ] GC(557) Pause Cleanup
[2885.646s][info][gc             ] GC(557) Pause Cleanup 2396M->2396M(4096M) 0.138ms
[2885.646s][info][gc,cpu         ] GC(557) User=0.00s Sys=0.00s Real=0.00s
[2885.646s][info][gc,marking     ] GC(557) Concurrent Clear Claimed Marks
[2885.646s][info][gc,marking     ] GC(557) Concurrent Clear Claimed Marks 0.025ms
[2885.646s][info][gc,marking     ] GC(557) Concurrent Cleanup for Next Mark
[2885.650s][info][gc,marking     ] GC(557) Concurrent Cleanup for Next Mark 4.204ms
[2885.650s][info][gc             ] GC(557) Concurrent Mark Cycle 1577.365ms
...[2887.900s][info][gc,start       ] GC(558) Pause Young (Prepare Mixed) (G1 Evacuation Pause)
[2887.900s][info][gc,task        ] GC(558) Using 6 workers of 6 for evacuation
[2888.018s][info][gc,phases      ] GC(558)   Pre Evacuate Collection Set: 0.34ms
[2888.018s][info][gc,phases      ] GC(558)   Merge Heap Roots: 0.56ms
[2888.018s][info][gc,phases      ] GC(558)   Evacuate Collection Set: 116.65ms
[2888.018s][info][gc,phases      ] GC(558)   Post Evacuate Collection Set: 0.95ms
[2888.018s][info][gc,phases      ] GC(558)   Other: 0.08ms
[2888.018s][info][gc,heap        ] GC(558) Eden regions: 1114->0(1106)
[2888.018s][info][gc,heap        ] GC(558) Survivor regions: 114->111(154)
[2888.018s][info][gc,heap        ] GC(558) Old regions: 506->537
[2888.018s][info][gc,heap        ] GC(558) Humongous regions: 80->80
[2888.018s][info][gc,metaspace   ] GC(558) Metaspace: 28913K(29312K)->28913K(29312K) NonClass: 24033K(24192K)->24033K(24192K) Class: 4879K(5120K)->4879K(5120K)
[2888.018s][info][gc             ] GC(558) Pause Young (Prepare Mixed) (G1 Evacuation Pause) 3626M->1455M(4096M) 118.705ms
[2888.018s][info][gc,cpu         ] GC(558) User=0.70s Sys=0.00s Real=0.12s
...[2891.731s][info][gc,start       ] GC(559) Pause Young (Mixed) (G1 Evacuation Pause)
[2891.731s][info][gc,task        ] GC(559) Using 6 workers of 6 for evacuation
[2891.866s][info][gc,phases      ] GC(559)   Pre Evacuate Collection Set: 0.43ms
[2891.866s][info][gc,phases      ] GC(559)   Merge Heap Roots: 0.75ms
[2891.866s][info][gc,phases      ] GC(559)   Evacuate Collection Set: 132.46ms
[2891.866s][info][gc,phases      ] GC(559)   Post Evacuate Collection Set: 0.99ms
[2891.866s][info][gc,phases      ] GC(559)   Other: 0.09ms
[2891.866s][info][gc,heap        ] GC(559) Eden regions: 1106->0(1119)
[2891.866s][info][gc,heap        ] GC(559) Survivor regions: 111->109(153)
[2891.866s][info][gc,heap        ] GC(559) Old regions: 537->473
[2891.866s][info][gc,heap        ] GC(559) Humongous regions: 80->80
[2891.866s][info][gc,metaspace   ] GC(559) Metaspace: 28913K(29312K)->28913K(29312K) NonClass: 24033K(24192K)->24033K(24192K) Class: 4879K(5120K)->4879K(5120K)
[2891.866s][info][gc             ] GC(559) Pause Young (Mixed) (G1 Evacuation Pause) 3667M->1323M(4096M) 134.844ms
[2891.866s][info][gc,cpu         ] GC(559) User=0.79s Sys=0.00s Real=0.14s
....[2895.631s][info][gc,start       ] GC(560) Pause Young (Concurrent Start) (G1 Evacuation Pause)
[2895.631s][info][gc,task        ] GC(560) Using 6 workers of 6 for evacuation
[2895.748s][info][gc,phases      ] GC(560)   Pre Evacuate Collection Set: 0.46ms
[2895.748s][info][gc,phases      ] GC(560)   Merge Heap Roots: 0.52ms
[2895.748s][info][gc,phases      ] GC(560)   Evacuate Collection Set: 115.06ms
[2895.748s][info][gc,phases      ] GC(560)   Post Evacuate Collection Set: 0.92ms
[2895.748s][info][gc,phases      ] GC(560)   Other: 0.12ms
[2895.748s][info][gc,heap        ] GC(560) Eden regions: 1119->0(1119)
[2895.748s][info][gc,heap        ] GC(560) Survivor regions: 109->109(154)
[2895.748s][info][gc,heap        ] GC(560) Old regions: 473->506
[2895.748s][info][gc,heap        ] GC(560) Humongous regions: 80->80
[2895.749s][info][gc,metaspace   ] GC(560) Metaspace: 28913K(29312K)->28913K(29312K) NonClass: 24033K(24192K)->24033K(24192K) Class: 4879K(5120K)->4879K(5120K)
[2895.749s][info][gc             ] GC(560) Pause Young (Concurrent Start) (G1 Evacuation Pause) 3561M->1387M(4096M) 117.211ms
[2895.749s][info][gc             ] GC(561) Concurrent Mark Cycle
[2895.749s][info][gc,marking     ] GC(561) Concurrent Scan Root Regions
[2895.749s][info][gc,cpu         ] GC(560) User=0.69s Sys=0.00s Real=0.12s
.[2895.927s][info][gc,marking     ] GC(561) Concurrent Scan Root Regions 178.372ms
[2895.927s][info][gc,marking     ] GC(561) Concurrent Mark
[2895.927s][info][gc,marking     ] GC(561) Concurrent Mark From Roots
[2895.927s][info][gc,task        ] GC(561) Using 2 workers of 2 for marking
[2896.697s][info][gc,marking     ] GC(561) Concurrent Mark From Roots 770.434ms
[2896.697s][info][gc,marking     ] GC(561) Concurrent Preclean
[2896.698s][info][gc,marking     ] GC(561) Concurrent Preclean 0.097ms
[2896.698s][info][gc,start       ] GC(561) Pause Remark
[2896.703s][info][gc             ] GC(561) Pause Remark 1999M->1999M(4096M) 5.301ms
[2896.703s][info][gc,cpu         ] GC(561) User=0.03s Sys=0.00s Real=0.01s
[2896.703s][info][gc,marking     ] GC(561) Concurrent Mark 776.118ms
[2896.703s][info][gc,marking     ] GC(561) Concurrent Rebuild Remembered Sets and Scrub Regions
.[2896.997s][info][gc,marking     ] GC(561) Concurrent Rebuild Remembered Sets and Scrub Regions 294.164ms
[2896.997s][info][gc,start       ] GC(561) Pause Cleanup
[2896.998s][info][gc             ] GC(561) Pause Cleanup 2171M->2171M(4096M) 0.135ms
[2896.998s][info][gc,cpu         ] GC(561) User=0.00s Sys=0.00s Real=0.00s
[2896.998s][info][gc,marking     ] GC(561) Concurrent Clear Claimed Marks
[2896.998s][info][gc,marking     ] GC(561) Concurrent Clear Claimed Marks 0.024ms
[2896.998s][info][gc,marking     ] GC(561) Concurrent Cleanup for Next Mark
[2897.001s][info][gc,marking     ] GC(561) Concurrent Cleanup for Next Mark 3.250ms
[2897.001s][info][gc             ] GC(561) Concurrent Mark Cycle 1252.417ms
..[2899.482s][info][gc,start       ] GC(562) Pause Young (Prepare Mixed) (G1 Evacuation Pause)
[2899.482s][info][gc,task        ] GC(562) Using 6 workers of 6 for evacuation
[2899.599s][info][gc,phases      ] GC(562)   Pre Evacuate Collection Set: 0.38ms
[2899.599s][info][gc,phases      ] GC(562)   Merge Heap Roots: 0.59ms
[2899.599s][info][gc,phases      ] GC(562)   Evacuate Collection Set: 114.61ms
[2899.599s][info][gc,phases      ] GC(562)   Post Evacuate Collection Set: 0.95ms
[2899.599s][info][gc,phases      ] GC(562)   Other: 0.09ms
[2899.599s][info][gc,heap        ] GC(562) Eden regions: 1119->0(1110)
[2899.599s][info][gc,heap        ] GC(562) Survivor regions: 109->109(154)
[2899.599s][info][gc,heap        ] GC(562) Old regions: 506->537
[2899.599s][info][gc,heap        ] GC(562) Humongous regions: 80->80
[2899.599s][info][gc,metaspace   ] GC(562) Metaspace: 28913K(29312K)->28913K(29312K) NonClass: 24033K(24192K)->24033K(24192K) Class: 4879K(5120K)->4879K(5120K)
[2899.599s][info][gc             ] GC(562) Pause Young (Prepare Mixed) (G1 Evacuation Pause) 3625M->1450M(4096M) 116.773ms
[2899.599s][info][gc,cpu         ] GC(562) User=0.69s Sys=0.00s Real=0.11s
....[2903.398s][info][gc,start       ] GC(563) Pause Young (Mixed) (G1 Evacuation Pause)
[2903.398s][info][gc,task        ] GC(563) Using 6 workers of 6 for evacuation
[2903.533s][info][gc,phases      ] GC(563)   Pre Evacuate Collection Set: 0.43ms
[2903.533s][info][gc,phases      ] GC(563)   Merge Heap Roots: 0.83ms
[2903.533s][info][gc,phases      ] GC(563)   Evacuate Collection Set: 132.47ms
[2903.533s][info][gc,phases      ] GC(563)   Post Evacuate Collection Set: 0.98ms
[2903.533s][info][gc,phases      ] GC(563)   Other: 0.10ms
[2903.533s][info][gc,heap        ] GC(563) Eden regions: 1110->0(1117)
[2903.533s][info][gc,heap        ] GC(563) Survivor regions: 109->111(153)
[2903.533s][info][gc,heap        ] GC(563) Old regions: 537->473
[2903.533s][info][gc,heap        ] GC(563) Humongous regions: 80->80
[2903.533s][info][gc,metaspace   ] GC(563) Metaspace: 28913K(29312K)->28913K(29312K) NonClass: 24033K(24192K)->24033K(24192K) Class: 4879K(5120K)->4879K(5120K)
[2903.533s][info][gc             ] GC(563) Pause Young (Mixed) (G1 Evacuation Pause) 3670M->1326M(4096M) 134.960ms
[2903.533s][info][gc,cpu         ] GC(563) User=0.80s Sys=0.00s Real=0.14s
....[2907.241s][info][gc,start       ] GC(564) Pause Young (Concurrent Start) (G1 Evacuation Pause)
[2907.241s][info][gc,task        ] GC(564) Using 6 workers of 6 for evacuation
[2907.361s][info][gc,phases      ] GC(564)   Pre Evacuate Collection Set: 0.38ms
[2907.361s][info][gc,phases      ] GC(564)   Merge Heap Roots: 0.53ms
[2907.361s][info][gc,phases      ] GC(564)   Evacuate Collection Set: 117.74ms
[2907.361s][info][gc,phases      ] GC(564)   Post Evacuate Collection Set: 0.91ms
[2907.361s][info][gc,phases      ] GC(564)   Other: 0.11ms
[2907.361s][info][gc,heap        ] GC(564) Eden regions: 1117->0(1118)
[2907.361s][info][gc,heap        ] GC(564) Survivor regions: 111->110(154)
[2907.361s][info][gc,heap        ] GC(564) Old regions: 473->504
[2907.361s][info][gc,heap        ] GC(564) Humongous regions: 80->80
[2907.361s][info][gc,metaspace   ] GC(564) Metaspace: 28913K(29312K)->28913K(29312K) NonClass: 24033K(24192K)->24033K(24192K) Class: 4879K(5120K)->4879K(5120K)
[2907.361s][info][gc             ] GC(564) Pause Young (Concurrent Start) (G1 Evacuation Pause) 3560M->1386M(4096M) 119.828ms
[2907.361s][info][gc             ] GC(565) Concurrent Mark Cycle
[2907.361s][info][gc,marking     ] GC(565) Concurrent Scan Root Regions
[2907.361s][info][gc,cpu         ] GC(564) User=0.70s Sys=0.00s Real=0.12s
[2907.535s][info][gc,marking     ] GC(565) Concurrent Scan Root Regions 173.996ms
[2907.535s][info][gc,marking     ] GC(565) Concurrent Mark
[2907.535s][info][gc,marking     ] GC(565) Concurrent Mark From Roots
[2907.535s][info][gc,task        ] GC(565) Using 2 workers of 2 for marking
.[2908.489s][info][gc,marking     ] GC(565) Concurrent Mark From Roots 954.384ms
[2908.490s][info][gc,marking     ] GC(565) Concurrent Preclean
[2908.490s][info][gc,marking     ] GC(565) Concurrent Preclean 0.118ms
[2908.490s][info][gc,start       ] GC(565) Pause Remark
[2908.496s][info][gc             ] GC(565) Pause Remark 2080M->2080M(4096M) 5.784ms
[2908.496s][info][gc,cpu         ] GC(565) User=0.03s Sys=0.00s Real=0.01s
[2908.496s][info][gc,marking     ] GC(565) Concurrent Mark 960.652ms
[2908.496s][info][gc,marking     ] GC(565) Concurrent Rebuild Remembered Sets and Scrub Regions
[2908.858s][info][gc,marking     ] GC(565) Concurrent Rebuild Remembered Sets and Scrub Regions 361.851ms
[2908.858s][info][gc,start       ] GC(565) Pause Cleanup
[2908.858s][info][gc             ] GC(565) Pause Cleanup 2280M->2280M(4096M) 0.135ms
[2908.858s][info][gc,cpu         ] GC(565) User=0.00s Sys=0.00s Real=0.00s
[2908.858s][info][gc,marking     ] GC(565) Concurrent Clear Claimed Marks
[2908.858s][info][gc,marking     ] GC(565) Concurrent Clear Claimed Marks 0.033ms
[2908.858s][info][gc,marking     ] GC(565) Concurrent Cleanup for Next Mark
[2908.862s][info][gc,marking     ] GC(565) Concurrent Cleanup for Next Mark 4.044ms
[2908.862s][info][gc             ] GC(565) Concurrent Mark Cycle 1501.121ms
...[2911.217s][info][gc,start       ] GC(566) Pause Young (Prepare Mixed) (G1 Evacuation Pause)
[2911.217s][info][gc,task        ] GC(566) Using 6 workers of 6 for evacuation
[2911.334s][info][gc,phases      ] GC(566)   Pre Evacuate Collection Set: 0.35ms
[2911.334s][info][gc,phases      ] GC(566)   Merge Heap Roots: 0.58ms
[2911.334s][info][gc,phases      ] GC(566)   Evacuate Collection Set: 115.23ms
[2911.334s][info][gc,phases      ] GC(566)   Post Evacuate Collection Set: 0.94ms
[2911.334s][info][gc,phases      ] GC(566)   Other: 0.10ms
[2911.334s][info][gc,heap        ] GC(566) Eden regions: 1118->0(1113)
[2911.334s][info][gc,heap        ] GC(566) Survivor regions: 110->108(154)
[2911.334s][info][gc,heap        ] GC(566) Old regions: 504->536
[2911.334s][info][gc,heap        ] GC(566) Humongous regions: 80->80
[2911.334s][info][gc,metaspace   ] GC(566) Metaspace: 28913K(29312K)->28913K(29312K) NonClass: 24033K(24192K)->24033K(24192K) Class: 4879K(5120K)->4879K(5120K)
[2911.334s][info][gc             ] GC(566) Pause Young (Prepare Mixed) (G1 Evacuation Pause) 3622M->1445M(4096M) 117.336ms
[2911.334s][info][gc,cpu         ] GC(566) User=0.69s Sys=0.00s Real=0.12s
....[2915.124s][info][gc,start       ] GC(567) Pause Young (Mixed) (G1 Evacuation Pause)
[2915.124s][info][gc,task        ] GC(567) Using 6 workers of 6 for evacuation
[2915.256s][info][gc,phases      ] GC(567)   Pre Evacuate Collection Set: 0.40ms
[2915.256s][info][gc,phases      ] GC(567)   Merge Heap Roots: 0.72ms
[2915.256s][info][gc,phases      ] GC(567)   Evacuate Collection Set: 129.80ms
[2915.256s][info][gc,phases      ] GC(567)   Post Evacuate Collection Set: 0.97ms
[2915.256s][info][gc,phases      ] GC(567)   Other: 0.09ms
[2915.256s][info][gc,heap        ] GC(567) Eden regions: 1113->0(1120)
[2915.256s][info][gc,heap        ] GC(567) Survivor regions: 108->108(153)
[2915.256s][info][gc,heap        ] GC(567) Old regions: 536->471
[2915.257s][info][gc,heap        ] GC(567) Humongous regions: 80->80
[2915.257s][info][gc,metaspace   ] GC(567) Metaspace: 28913K(29312K)->28913K(29312K) NonClass: 24033K(24192K)->24033K(24192K) Class: 4879K(5120K)->4879K(5120K)
[2915.257s][info][gc             ] GC(567) Pause Young (Mixed) (G1 Evacuation Pause) 3671M->1317M(4096M) 132.109ms
[2915.257s][info][gc,cpu         ] GC(567) User=0.79s Sys=0.00s Real=0.13s
... (rIR:aIR:PR = 4843:4845:4845) (tPR = 71441) [OK] 
  2917s: Performance info:
         Transaction,    Success,    Partial,     Failed,   Receipts, AvgBarcode, 
             Overall,     291967,          0,          0,     277356,      59.48, 
         Response times:
             Request,    Success,    Partial,     Failed,   SkipFail,     Probes,    Samples,      min,      p50,      p90,      p95,      p99,      max, 
       TotalPurchase,     277356,          0,          0,          0,     272452,     291325,      300,     4100,     8300,    15200,    67000,   220000,
     InStorePurchase,     145911,          0,          0,          0,     143712,     153532,      300,     4100,     8200,    15200,    65000,   220000,
      OnlinePurchase,     102211,          0,          0,          0,     100417,     107159,      300,     4200,     8400,    15200,    68000,   217000,
        InstPurchase,      29234,          0,          0,          0,      28323,      30634,      400,     3700,     8100,    15825,    67650,   194000,
          AssocOfCat,        290,          0,          0,          0,        232,        323,    23000,    35000,    53000,    67000,   188600,   230000,
      AssocOfProduct,       2923,          0,          0,          0,       2703,       3094,      500,     3300,     7200,    14000,    60050,   140000,
      BusinessReport,        731,          0,          0,          0,        645,        792,    23000,    39000,    58000,    73000,   155910,   190000,
          CustBuyBeh,       2907,          0,          0,          0,       2705,       3143,      200,     4200,     8200,    14000,    62000,   194000,
       ProductReturn,       7760,          0,          0,          0,       7456,       8225,      400,     3900,     7600,    13800,    61480,   158000,

  2917s: (36%)   IR =   4981 .[2918.955s][info][gc,start       ] GC(568) Pause Young (Concurrent Start) (G1 Evacuation Pause)
[2918.955s][info][gc,task        ] GC(568) Using 6 workers of 6 for evacuation
[2919.075s][info][gc,phases      ] GC(568)   Pre Evacuate Collection Set: 0.43ms
[2919.075s][info][gc,phases      ] GC(568)   Merge Heap Roots: 0.54ms
[2919.075s][info][gc,phases      ] GC(568)   Evacuate Collection Set: 117.63ms
[2919.075s][info][gc,phases      ] GC(568)   Post Evacuate Collection Set: 0.91ms
[2919.075s][info][gc,phases      ] GC(568)   Other: 0.12ms
[2919.075s][info][gc,heap        ] GC(568) Eden regions: 1120->0(1119)
[2919.075s][info][gc,heap        ] GC(568) Survivor regions: 108->109(154)
[2919.075s][info][gc,heap        ] GC(568) Old regions: 471->504
[2919.075s][info][gc,heap        ] GC(568) Humongous regions: 80->80
[2919.075s][info][gc,metaspace   ] GC(568) Metaspace: 28913K(29312K)->28913K(29312K) NonClass: 24033K(24192K)->24033K(24192K) Class: 4879K(5120K)->4879K(5120K)
[2919.075s][info][gc             ] GC(568) Pause Young (Concurrent Start) (G1 Evacuation Pause) 3557M->1384M(4096M) 119.768ms
[2919.075s][info][gc             ] GC(569) Concurrent Mark Cycle
[2919.075s][info][gc,marking     ] GC(569) Concurrent Scan Root Regions
[2919.075s][info][gc,cpu         ] GC(568) User=0.71s Sys=0.00s Real=0.12s
[2919.251s][info][gc,marking     ] GC(569) Concurrent Scan Root Regions 176.158ms
[2919.251s][info][gc,marking     ] GC(569) Concurrent Mark
[2919.251s][info][gc,marking     ] GC(569) Concurrent Mark From Roots
[2919.251s][info][gc,task        ] GC(569) Using 2 workers of 2 for marking
.[2920.012s][info][gc,marking     ] GC(569) Concurrent Mark From Roots 760.970ms
[2920.012s][info][gc,marking     ] GC(569) Concurrent Preclean
[2920.012s][info][gc,marking     ] GC(569) Concurrent Preclean 0.144ms
[2920.013s][info][gc,start       ] GC(569) Pause Remark
[2920.019s][info][gc             ] GC(569) Pause Remark 2000M->2000M(4096M) 6.067ms
[2920.019s][info][gc,cpu         ] GC(569) User=0.03s Sys=0.00s Real=0.00s
[2920.019s][info][gc,marking     ] GC(569) Concurrent Mark 768.188ms
[2920.019s][info][gc,marking     ] GC(569) Concurrent Rebuild Remembered Sets and Scrub Regions
[2920.275s][info][gc,marking     ] GC(569) Concurrent Rebuild Remembered Sets and Scrub Regions 255.795ms
[2920.275s][info][gc,start       ] GC(569) Pause Cleanup
[2920.276s][info][gc             ] GC(569) Pause Cleanup 2135M->2135M(4096M) 0.127ms
[2920.276s][info][gc,cpu         ] GC(569) User=0.00s Sys=0.00s Real=0.00s
[2920.276s][info][gc,marking     ] GC(569) Concurrent Clear Claimed Marks
[2920.276s][info][gc,marking     ] GC(569) Concurrent Clear Claimed Marks 0.028ms
[2920.276s][info][gc,marking     ] GC(569) Concurrent Cleanup for Next Mark
[2920.280s][info][gc,marking     ] GC(569) Concurrent Cleanup for Next Mark 4.538ms
[2920.280s][info][gc             ] GC(569) Concurrent Mark Cycle 1205.253ms
..[2922.760s][info][gc,start       ] GC(570) Pause Young (Prepare Mixed) (G1 Evacuation Pause)
[2922.760s][info][gc,task        ] GC(570) Using 6 workers of 6 for evacuation
[2922.880s][info][gc,phases      ] GC(570)   Pre Evacuate Collection Set: 0.39ms
[2922.880s][info][gc,phases      ] GC(570)   Merge Heap Roots: 0.58ms
[2922.880s][info][gc,phases      ] GC(570)   Evacuate Collection Set: 117.95ms
[2922.880s][info][gc,phases      ] GC(570)   Post Evacuate Collection Set: 1.00ms
[2922.880s][info][gc,phases      ] GC(570)   Other: 0.11ms
[2922.880s][info][gc,heap        ] GC(570) Eden regions: 1119->0(1107)
[2922.880s][info][gc,heap        ] GC(570) Survivor regions: 109->111(154)
[2922.880s][info][gc,heap        ] GC(570) Old regions: 504->536
[2922.880s][info][gc,heap        ] GC(570) Humongous regions: 80->80
[2922.880s][info][gc,metaspace   ] GC(570) Metaspace: 28910K(29312K)->28910K(29312K) NonClass: 24031K(24192K)->24031K(24192K) Class: 4878K(5120K)->4878K(5120K)
[2922.880s][info][gc             ] GC(570) Pause Young (Prepare Mixed) (G1 Evacuation Pause) 3622M->1452M(4096M) 120.172ms
[2922.880s][info][gc,cpu         ] GC(570) User=0.71s Sys=0.01s Real=0.12s
.|...[2926.508s][info][gc,start       ] GC(571) Pause Young (Mixed) (G1 Evacuation Pause)
[2926.508s][info][gc,task        ] GC(571) Using 6 workers of 6 for evacuation
[2926.642s][info][gc,phases      ] GC(571)   Pre Evacuate Collection Set: 0.41ms
[2926.642s][info][gc,phases      ] GC(571)   Merge Heap Roots: 0.88ms
[2926.642s][info][gc,phases      ] GC(571)   Evacuate Collection Set: 131.44ms
[2926.642s][info][gc,phases      ] GC(571)   Post Evacuate Collection Set: 0.95ms
[2926.642s][info][gc,phases      ] GC(571)   Other: 0.09ms
[2926.642s][info][gc,heap        ] GC(571) Eden regions: 1107->0(1119)
[2926.642s][info][gc,heap        ] GC(571) Survivor regions: 111->109(153)
[2926.642s][info][gc,heap        ] GC(571) Old regions: 536->474
[2926.642s][info][gc,heap        ] GC(571) Humongous regions: 80->80
[2926.642s][info][gc,metaspace   ] GC(571) Metaspace: 28910K(29312K)->28910K(29312K) NonClass: 24031K(24192K)->24031K(24192K) Class: 4878K(5120K)->4878K(5120K)
[2926.642s][info][gc             ] GC(571) Pause Young (Mixed) (G1 Evacuation Pause) 3666M->1324M(4096M) 133.939ms
[2926.642s][info][gc,cpu         ] GC(571) User=0.79s Sys=0.00s Real=0.14s
....[2930.289s][info][gc,start       ] GC(572) Pause Young (Concurrent Start) (G1 Evacuation Pause)
[2930.289s][info][gc,task        ] GC(572) Using 6 workers of 6 for evacuation
[2930.405s][info][gc,phases      ] GC(572)   Pre Evacuate Collection Set: 0.41ms
[2930.405s][info][gc,phases      ] GC(572)   Merge Heap Roots: 0.54ms
[2930.405s][info][gc,phases      ] GC(572)   Evacuate Collection Set: 114.54ms
[2930.405s][info][gc,phases      ] GC(572)   Post Evacuate Collection Set: 0.92ms
[2930.405s][info][gc,phases      ] GC(572)   Other: 0.11ms
[2930.405s][info][gc,heap        ] GC(572) Eden regions: 1119->0(1120)
[2930.405s][info][gc,heap        ] GC(572) Survivor regions: 109->108(154)
[2930.405s][info][gc,heap        ] GC(572) Old regions: 474->506
[2930.405s][info][gc,heap        ] GC(572) Humongous regions: 80->80
[2930.405s][info][gc,metaspace   ] GC(572) Metaspace: 28910K(29312K)->28910K(29312K) NonClass: 24031K(24192K)->24031K(24192K) Class: 4878K(5120K)->4878K(5120K)
[2930.405s][info][gc             ] GC(572) Pause Young (Concurrent Start) (G1 Evacuation Pause) 3562M->1386M(4096M) 116.660ms
[2930.405s][info][gc             ] GC(573) Concurrent Mark Cycle
[2930.405s][info][gc,marking     ] GC(573) Concurrent Scan Root Regions
[2930.405s][info][gc,cpu         ] GC(572) User=0.69s Sys=0.00s Real=0.12s
[2930.536s][info][gc,marking     ] GC(573) Concurrent Scan Root Regions 130.749ms
[2930.536s][info][gc,marking     ] GC(573) Concurrent Mark
[2930.536s][info][gc,marking     ] GC(573) Concurrent Mark From Roots
[2930.536s][info][gc,task        ] GC(573) Using 2 workers of 2 for marking
.[2931.189s][info][gc,marking     ] GC(573) Concurrent Mark From Roots 652.621ms
[2931.189s][info][gc,marking     ] GC(573) Concurrent Preclean
[2931.189s][info][gc,marking     ] GC(573) Concurrent Preclean 0.086ms
[2931.189s][info][gc,start       ] GC(573) Pause Remark
[2931.195s][info][gc             ] GC(573) Pause Remark 1898M->1898M(4096M) 5.390ms
[2931.195s][info][gc,cpu         ] GC(573) User=0.03s Sys=0.00s Real=0.01s
[2931.195s][info][gc,marking     ] GC(573) Concurrent Mark 658.387ms
[2931.195s][info][gc,marking     ] GC(573) Concurrent Rebuild Remembered Sets and Scrub Regions
[2931.437s][info][gc,marking     ] GC(573) Concurrent Rebuild Remembered Sets and Scrub Regions 242.222ms
[2931.437s][info][gc,start       ] GC(573) Pause Cleanup
[2931.437s][info][gc             ] GC(573) Pause Cleanup 2035M->2035M(4096M) 0.144ms
[2931.437s][info][gc,cpu         ] GC(573) User=0.00s Sys=0.00s Real=0.00s
[2931.438s][info][gc,marking     ] GC(573) Concurrent Clear Claimed Marks
[2931.438s][info][gc,marking     ] GC(573) Concurrent Clear Claimed Marks 0.038ms
[2931.438s][info][gc,marking     ] GC(573) Concurrent Cleanup for Next Mark
[2931.444s][info][gc,marking     ] GC(573) Concurrent Cleanup for Next Mark 5.823ms
[2931.444s][info][gc             ] GC(573) Concurrent Mark Cycle 1038.727ms
...[2934.131s][info][gc,start       ] GC(574) Pause Young (Prepare Mixed) (G1 Evacuation Pause)
[2934.131s][info][gc,task        ] GC(574) Using 6 workers of 6 for evacuation
[2934.249s][info][gc,phases      ] GC(574)   Pre Evacuate Collection Set: 0.37ms
[2934.249s][info][gc,phases      ] GC(574)   Merge Heap Roots: 0.53ms
[2934.249s][info][gc,phases      ] GC(574)   Evacuate Collection Set: 115.34ms
[2934.249s][info][gc,phases      ] GC(574)   Post Evacuate Collection Set: 0.95ms
[2934.249s][info][gc,phases      ] GC(574)   Other: 0.09ms
[2934.249s][info][gc,heap        ] GC(574) Eden regions: 1120->0(1111)
[2934.249s][info][gc,heap        ] GC(574) Survivor regions: 108->108(154)
[2934.249s][info][gc,heap        ] GC(574) Old regions: 506->538
[2934.249s][info][gc,heap        ] GC(574) Humongous regions: 80->80
[2934.249s][info][gc,metaspace   ] GC(574) Metaspace: 28910K(29312K)->28910K(29312K) NonClass: 24031K(24192K)->24031K(24192K) Class: 4878K(5120K)->4878K(5120K)
[2934.249s][info][gc             ] GC(574) Pause Young (Prepare Mixed) (G1 Evacuation Pause) 3626M->1450M(4096M) 117.413ms
[2934.249s][info][gc,cpu         ] GC(574) User=0.69s Sys=0.00s Real=0.12s
...[2937.861s][info][gc,start       ] GC(575) Pause Young (Mixed) (G1 Evacuation Pause)
[2937.861s][info][gc,task        ] GC(575) Using 6 workers of 6 for evacuation
[2937.994s][info][gc,phases      ] GC(575)   Pre Evacuate Collection Set: 0.39ms
[2937.994s][info][gc,phases      ] GC(575)   Merge Heap Roots: 0.68ms
[2937.994s][info][gc,phases      ] GC(575)   Evacuate Collection Set: 130.57ms
[2937.994s][info][gc,phases      ] GC(575)   Post Evacuate Collection Set: 0.98ms
[2937.994s][info][gc,phases      ] GC(575)   Other: 0.09ms
[2937.994s][info][gc,heap        ] GC(575) Eden regions: 1111->0(1118)
[2937.994s][info][gc,heap        ] GC(575) Survivor regions: 108->110(153)
[2937.994s][info][gc,heap        ] GC(575) Old regions: 538->474
[2937.994s][info][gc,heap        ] GC(575) Humongous regions: 80->80
[2937.994s][info][gc,metaspace   ] GC(575) Metaspace: 28910K(29312K)->28910K(29312K) NonClass: 24031K(24192K)->24031K(24192K) Class: 4878K(5120K)->4878K(5120K)
[2937.994s][info][gc             ] GC(575) Pause Young (Mixed) (G1 Evacuation Pause) 3672M->1326M(4096M) 132.845ms
[2937.994s][info][gc,cpu         ] GC(575) User=0.79s Sys=0.00s Real=0.14s
....[2941.666s][info][gc,start       ] GC(576) Pause Young (Concurrent Start) (G1 Evacuation Pause)
[2941.666s][info][gc,task        ] GC(576) Using 6 workers of 6 for evacuation
[2941.793s][info][gc,phases      ] GC(576)   Pre Evacuate Collection Set: 0.40ms
[2941.793s][info][gc,phases      ] GC(576)   Merge Heap Roots: 0.61ms
[2941.793s][info][gc,phases      ] GC(576)   Evacuate Collection Set: 125.05ms
[2941.793s][info][gc,phases      ] GC(576)   Post Evacuate Collection Set: 0.91ms
[2941.793s][info][gc,phases      ] GC(576)   Other: 0.11ms
[2941.793s][info][gc,heap        ] GC(576) Eden regions: 1118->0(1112)
[2941.793s][info][gc,heap        ] GC(576) Survivor regions: 110->116(154)
[2941.793s][info][gc,heap        ] GC(576) Old regions: 474->507
[2941.793s][info][gc,heap        ] GC(576) Humongous regions: 80->80
[2941.793s][info][gc,metaspace   ] GC(576) Metaspace: 28910K(29312K)->28910K(29312K) NonClass: 24031K(24192K)->24031K(24192K) Class: 4878K(5120K)->4878K(5120K)
[2941.793s][info][gc             ] GC(576) Pause Young (Concurrent Start) (G1 Evacuation Pause) 3562M->1403M(4096M) 127.223ms
[2941.793s][info][gc             ] GC(577) Concurrent Mark Cycle
[2941.793s][info][gc,marking     ] GC(577) Concurrent Scan Root Regions
[2941.793s][info][gc,cpu         ] GC(576) User=0.75s Sys=0.00s Real=0.13s
[2941.936s][info][gc,marking     ] GC(577) Concurrent Scan Root Regions 142.119ms
[2941.936s][info][gc,marking     ] GC(577) Concurrent Mark
[2941.936s][info][gc,marking     ] GC(577) Concurrent Mark From Roots
[2941.936s][info][gc,task        ] GC(577) Using 2 workers of 2 for marking
.[2942.586s][info][gc,marking     ] GC(577) Concurrent Mark From Roots 650.401ms
[2942.586s][info][gc,marking     ] GC(577) Concurrent Preclean
[2942.586s][info][gc,marking     ] GC(577) Concurrent Preclean 0.122ms
[2942.586s][info][gc,start       ] GC(577) Pause Remark
[2942.591s][info][gc             ] GC(577) Pause Remark 1909M->1909M(4096M) 4.683ms
[2942.591s][info][gc,cpu         ] GC(577) User=0.02s Sys=0.00s Real=0.00s
[2942.592s][info][gc,marking     ] GC(577) Concurrent Mark 655.959ms
[2942.592s][info][gc,marking     ] GC(577) Concurrent Rebuild Remembered Sets and Scrub Regions
[2942.833s][info][gc,marking     ] GC(577) Concurrent Rebuild Remembered Sets and Scrub Regions 240.995ms
[2942.834s][info][gc,start       ] GC(577) Pause Cleanup
[2942.834s][info][gc             ] GC(577) Pause Cleanup 2045M->2045M(4096M) 0.142ms
[2942.834s][info][gc,cpu         ] GC(577) User=0.00s Sys=0.00s Real=0.00s
[2942.834s][info][gc,marking     ] GC(577) Concurrent Clear Claimed Marks
[2942.834s][info][gc,marking     ] GC(577) Concurrent Clear Claimed Marks 0.033ms
[2942.834s][info][gc,marking     ] GC(577) Concurrent Cleanup for Next Mark
[2942.839s][info][gc,marking     ] GC(577) Concurrent Cleanup for Next Mark 4.629ms
[2942.839s][info][gc             ] GC(577) Concurrent Mark Cycle 1045.384ms
...[2945.431s][info][gc,start       ] GC(578) Pause Young (Prepare Mixed) (G1 Evacuation Pause)
[2945.431s][info][gc,task        ] GC(578) Using 6 workers of 6 for evacuation
[2945.549s][info][gc,phases      ] GC(578)   Pre Evacuate Collection Set: 0.36ms
[2945.549s][info][gc,phases      ] GC(578)   Merge Heap Roots: 0.65ms
[2945.549s][info][gc,phases      ] GC(578)   Evacuate Collection Set: 115.74ms
[2945.549s][info][gc,phases      ] GC(578)   Post Evacuate Collection Set: 0.95ms
[2945.549s][info][gc,phases      ] GC(578)   Other: 0.10ms
[2945.549s][info][gc,heap        ] GC(578) Eden regions: 1112->0(1107)
[2945.549s][info][gc,heap        ] GC(578) Survivor regions: 116->110(154)
[2945.549s][info][gc,heap        ] GC(578) Old regions: 507->538
[2945.549s][info][gc,heap        ] GC(578) Humongous regions: 80->80
[2945.549s][info][gc,metaspace   ] GC(578) Metaspace: 28910K(29312K)->28910K(29312K) NonClass: 24031K(24192K)->24031K(24192K) Class: 4878K(5120K)->4878K(5120K)
[2945.549s][info][gc             ] GC(578) Pause Young (Prepare Mixed) (G1 Evacuation Pause) 3627M->1454M(4096M) 117.967ms
[2945.549s][info][gc,cpu         ] GC(578) User=0.69s Sys=0.00s Real=0.12s
....[2949.131s][info][gc,start       ] GC(579) Pause Young (Mixed) (G1 Evacuation Pause)
[2949.131s][info][gc,task        ] GC(579) Using 6 workers of 6 for evacuation
[2949.266s][info][gc,phases      ] GC(579)   Pre Evacuate Collection Set: 0.40ms
[2949.266s][info][gc,phases      ] GC(579)   Merge Heap Roots: 0.72ms
[2949.266s][info][gc,phases      ] GC(579)   Evacuate Collection Set: 132.88ms
[2949.266s][info][gc,phases      ] GC(579)   Post Evacuate Collection Set: 0.97ms
[2949.266s][info][gc,phases      ] GC(579)   Other: 0.09ms
[2949.266s][info][gc,heap        ] GC(579) Eden regions: 1107->0(1119)
[2949.266s][info][gc,heap        ] GC(579) Survivor regions: 110->109(153)
[2949.266s][info][gc,heap        ] GC(579) Old regions: 538->475
[2949.266s][info][gc,heap        ] GC(579) Humongous regions: 80->80
[2949.266s][info][gc,metaspace   ] GC(579) Metaspace: 28910K(29312K)->28910K(29312K) NonClass: 24031K(24192K)->24031K(24192K) Class: 4878K(5120K)->4878K(5120K)
[2949.267s][info][gc             ] GC(579) Pause Young (Mixed) (G1 Evacuation Pause) 3668M->1325M(4096M) 135.196ms
[2949.267s][info][gc,cpu         ] GC(579) User=0.80s Sys=0.00s Real=0.14s
...[2952.982s][info][gc,start       ] GC(580) Pause Young (Concurrent Start) (G1 Evacuation Pause)
[2952.982s][info][gc,task        ] GC(580) Using 6 workers of 6 for evacuation
[2953.097s][info][gc,phases      ] GC(580)   Pre Evacuate Collection Set: 0.45ms
[2953.097s][info][gc,phases      ] GC(580)   Merge Heap Roots: 0.55ms
[2953.097s][info][gc,phases      ] GC(580)   Evacuate Collection Set: 113.68ms
[2953.097s][info][gc,phases      ] GC(580)   Post Evacuate Collection Set: 0.91ms
[2953.097s][info][gc,phases      ] GC(580)   Other: 0.12ms
[2953.097s][info][gc,heap        ] GC(580) Eden regions: 1119->0(1121)
[2953.097s][info][gc,heap        ] GC(580) Survivor regions: 109->107(154)
[2953.097s][info][gc,heap        ] GC(580) Old regions: 475->507
[2953.097s][info][gc,heap        ] GC(580) Humongous regions: 80->80
[2953.097s][info][gc,metaspace   ] GC(580) Metaspace: 28910K(29312K)->28910K(29312K) NonClass: 24031K(24192K)->24031K(24192K) Class: 4878K(5120K)->4878K(5120K)
[2953.098s][info][gc             ] GC(580) Pause Young (Concurrent Start) (G1 Evacuation Pause) 3563M->1386M(4096M) 115.826ms
[2953.098s][info][gc             ] GC(581) Concurrent Mark Cycle
[2953.098s][info][gc,marking     ] GC(581) Concurrent Scan Root Regions
[2953.098s][info][gc,cpu         ] GC(580) User=0.68s Sys=0.00s Real=0.12s
.[2953.239s][info][gc,marking     ] GC(581) Concurrent Scan Root Regions 141.776ms
[2953.239s][info][gc,marking     ] GC(581) Concurrent Mark
[2953.239s][info][gc,marking     ] GC(581) Concurrent Mark From Roots
[2953.239s][info][gc,task        ] GC(581) Using 2 workers of 2 for marking
[2953.914s][info][gc,marking     ] GC(581) Concurrent Mark From Roots 674.491ms
[2953.914s][info][gc,marking     ] GC(581) Concurrent Preclean
[2953.914s][info][gc,marking     ] GC(581) Concurrent Preclean 0.086ms
[2953.914s][info][gc,start       ] GC(581) Pause Remark
[2953.919s][info][gc             ] GC(581) Pause Remark 1932M->1932M(4096M) 5.007ms
[2953.919s][info][gc,cpu         ] GC(581) User=0.02s Sys=0.00s Real=0.00s
[2953.919s][info][gc,marking     ] GC(581) Concurrent Mark 679.841ms
[2953.919s][info][gc,marking     ] GC(581) Concurrent Rebuild Remembered Sets and Scrub Regions
.[2954.172s][info][gc,marking     ] GC(581) Concurrent Rebuild Remembered Sets and Scrub Regions 252.741ms
[2954.172s][info][gc,start       ] GC(581) Pause Cleanup
[2954.172s][info][gc             ] GC(581) Pause Cleanup 2096M->2096M(4096M) 0.138ms
[2954.172s][info][gc,cpu         ] GC(581) User=0.00s Sys=0.00s Real=0.00s
[2954.173s][info][gc,marking     ] GC(581) Concurrent Clear Claimed Marks
[2954.173s][info][gc,marking     ] GC(581) Concurrent Clear Claimed Marks 0.038ms
[2954.173s][info][gc,marking     ] GC(581) Concurrent Cleanup for Next Mark
[2954.178s][info][gc,marking     ] GC(581) Concurrent Cleanup for Next Mark 5.109ms
[2954.178s][info][gc             ] GC(581) Concurrent Mark Cycle 1080.452ms
..[2956.816s][info][gc,start       ] GC(582) Pause Young (Prepare Mixed) (G1 Evacuation Pause)
[2956.816s][info][gc,task        ] GC(582) Using 6 workers of 6 for evacuation
[2956.934s][info][gc,phases      ] GC(582)   Pre Evacuate Collection Set: 0.35ms
[2956.934s][info][gc,phases      ] GC(582)   Merge Heap Roots: 0.55ms
[2956.934s][info][gc,phases      ] GC(582)   Evacuate Collection Set: 116.24ms
[2956.934s][info][gc,phases      ] GC(582)   Post Evacuate Collection Set: 0.96ms
[2956.934s][info][gc,phases      ] GC(582)   Other: 0.09ms
[2956.934s][info][gc,heap        ] GC(582) Eden regions: 1121->0(1103)
[2956.934s][info][gc,heap        ] GC(582) Survivor regions: 107->112(154)
[2956.934s][info][gc,heap        ] GC(582) Old regions: 507->538
[2956.934s][info][gc,heap        ] GC(582) Humongous regions: 80->80
[2956.934s][info][gc,metaspace   ] GC(582) Metaspace: 28910K(29312K)->28910K(29312K) NonClass: 24032K(24192K)->24032K(24192K) Class: 4878K(5120K)->4878K(5120K)
[2956.934s][info][gc             ] GC(582) Pause Young (Prepare Mixed) (G1 Evacuation Pause) 3628M->1458M(4096M) 118.355ms
[2956.934s][info][gc,cpu         ] GC(582) User=0.70s Sys=0.00s Real=0.12s
....[2960.580s][info][gc,start       ] GC(583) Pause Young (Mixed) (G1 Evacuation Pause)
[2960.580s][info][gc,task        ] GC(583) Using 6 workers of 6 for evacuation
[2960.714s][info][gc,phases      ] GC(583)   Pre Evacuate Collection Set: 0.41ms
[2960.714s][info][gc,phases      ] GC(583)   Merge Heap Roots: 0.76ms
[2960.714s][info][gc,phases      ] GC(583)   Evacuate Collection Set: 131.84ms
[2960.714s][info][gc,phases      ] GC(583)   Post Evacuate Collection Set: 0.97ms
[2960.714s][info][gc,phases      ] GC(583)   Other: 0.09ms
[2960.714s][info][gc,heap        ] GC(583) Eden regions: 1103->0(1119)
[2960.714s][info][gc,heap        ] GC(583) Survivor regions: 112->109(152)
[2960.714s][info][gc,heap        ] GC(583) Old regions: 538->475
[2960.714s][info][gc,heap        ] GC(583) Humongous regions: 80->80
[2960.714s][info][gc,metaspace   ] GC(583) Metaspace: 28910K(29312K)->28910K(29312K) NonClass: 24032K(24192K)->24032K(24192K) Class: 4878K(5120K)->4878K(5120K)
[2960.714s][info][gc             ] GC(583) Pause Young (Mixed) (G1 Evacuation Pause) 3664M->1326M(4096M) 134.206ms
[2960.714s][info][gc,cpu         ] GC(583) User=0.80s Sys=0.00s Real=0.14s
....[2964.378s][info][gc,start       ] GC(584) Pause Young (Concurrent Start) (G1 Evacuation Pause)
[2964.378s][info][gc,task        ] GC(584) Using 6 workers of 6 for evacuation
[2964.500s][info][gc,phases      ] GC(584)   Pre Evacuate Collection Set: 0.39ms
[2964.500s][info][gc,phases      ] GC(584)   Merge Heap Roots: 0.49ms
[2964.500s][info][gc,phases      ] GC(584)   Evacuate Collection Set: 120.10ms
[2964.500s][info][gc,phases      ] GC(584)   Post Evacuate Collection Set: 0.92ms
[2964.500s][info][gc,phases      ] GC(584)   Other: 0.11ms
[2964.500s][info][gc,heap        ] GC(584) Eden regions: 1119->0(1116)
[2964.500s][info][gc,heap        ] GC(584) Survivor regions: 109->112(154)
[2964.500s][info][gc,heap        ] GC(584) Old regions: 475->507
[2964.500s][info][gc,heap        ] GC(584) Humongous regions: 80->80
[2964.500s][info][gc,metaspace   ] GC(584) Metaspace: 28910K(29312K)->28910K(29312K) NonClass: 24032K(24192K)->24032K(24192K) Class: 4878K(5120K)->4878K(5120K)
[2964.500s][info][gc             ] GC(584) Pause Young (Concurrent Start) (G1 Evacuation Pause) 3564M->1396M(4096M) 122.159ms
[2964.500s][info][gc             ] GC(585) Concurrent Mark Cycle
[2964.500s][info][gc,marking     ] GC(585) Concurrent Scan Root Regions
[2964.500s][info][gc,cpu         ] GC(584) User=0.72s Sys=0.00s Real=0.12s
[2964.637s][info][gc,marking     ] GC(585) Concurrent Scan Root Regions 136.428ms
[2964.637s][info][gc,marking     ] GC(585) Concurrent Mark
[2964.637s][info][gc,marking     ] GC(585) Concurrent Mark From Roots
[2964.637s][info][gc,task        ] GC(585) Using 2 workers of 2 for marking
.[2965.328s][info][gc,marking     ] GC(585) Concurrent Mark From Roots 691.664ms
[2965.328s][info][gc,marking     ] GC(585) Concurrent Preclean
[2965.329s][info][gc,marking     ] GC(585) Concurrent Preclean 0.107ms
[2965.329s][info][gc,start       ] GC(585) Pause Remark
[2965.334s][info][gc             ] GC(585) Pause Remark 1991M->1991M(4096M) 5.723ms
[2965.334s][info][gc,cpu         ] GC(585) User=0.03s Sys=0.00s Real=0.01s
[2965.335s][info][gc,marking     ] GC(585) Concurrent Mark 697.772ms
[2965.335s][info][gc,marking     ] GC(585) Concurrent Rebuild Remembered Sets and Scrub Regions
[2965.586s][info][gc,marking     ] GC(585) Concurrent Rebuild Remembered Sets and Scrub Regions 251.656ms
[2965.586s][info][gc,start       ] GC(585) Pause Cleanup
[2965.586s][info][gc             ] GC(585) Pause Cleanup 2162M->2162M(4096M) 0.131ms
[2965.587s][info][gc,cpu         ] GC(585) User=0.00s Sys=0.00s Real=0.00s
[2965.587s][info][gc,marking     ] GC(585) Concurrent Clear Claimed Marks
[2965.587s][info][gc,marking     ] GC(585) Concurrent Clear Claimed Marks 0.025ms
[2965.587s][info][gc,marking     ] GC(585) Concurrent Cleanup for Next Mark
[2965.590s][info][gc,marking     ] GC(585) Concurrent Cleanup for Next Mark 3.647ms
[2965.590s][info][gc             ] GC(585) Concurrent Mark Cycle 1089.981ms
...[2968.170s][info][gc,start       ] GC(586) Pause Young (Prepare Mixed) (G1 Evacuation Pause)
[2968.170s][info][gc,task        ] GC(586) Using 6 workers of 6 for evacuation
[2968.289s][info][gc,phases      ] GC(586)   Pre Evacuate Collection Set: 0.38ms
[2968.289s][info][gc,phases      ] GC(586)   Merge Heap Roots: 0.63ms
[2968.289s][info][gc,phases      ] GC(586)   Evacuate Collection Set: 116.95ms
[2968.289s][info][gc,phases      ] GC(586)   Post Evacuate Collection Set: 0.95ms
[2968.289s][info][gc,phases      ] GC(586)   Other: 0.09ms
[2968.289s][info][gc,heap        ] GC(586) Eden regions: 1116->0(1109)
[2968.289s][info][gc,heap        ] GC(586) Survivor regions: 112->109(154)
[2968.289s][info][gc,heap        ] GC(586) Old regions: 507->538
[2968.289s][info][gc,heap        ] GC(586) Humongous regions: 80->80
[2968.289s][info][gc,metaspace   ] GC(586) Metaspace: 28910K(29312K)->28910K(29312K) NonClass: 24032K(24192K)->24032K(24192K) Class: 4878K(5120K)->4878K(5120K)
[2968.289s][info][gc             ] GC(586) Pause Young (Prepare Mixed) (G1 Evacuation Pause) 3628M->1453M(4096M) 119.122ms
[2968.290s][info][gc,cpu         ] GC(586) User=0.70s Sys=0.00s Real=0.12s
...[2971.909s][info][gc,start       ] GC(587) Pause Young (Mixed) (G1 Evacuation Pause)
[2971.909s][info][gc,task        ] GC(587) Using 6 workers of 6 for evacuation
[2972.041s][info][gc,phases      ] GC(587)   Pre Evacuate Collection Set: 0.39ms
[2972.041s][info][gc,phases      ] GC(587)   Merge Heap Roots: 0.75ms
[2972.041s][info][gc,phases      ] GC(587)   Evacuate Collection Set: 130.09ms
[2972.041s][info][gc,phases      ] GC(587)   Post Evacuate Collection Set: 0.98ms
[2972.041s][info][gc,phases      ] GC(587)   Other: 0.10ms
[2972.041s][info][gc,heap        ] GC(587) Eden regions: 1109->0(1118)
[2972.041s][info][gc,heap        ] GC(587) Survivor regions: 109->110(153)
[2972.041s][info][gc,heap        ] GC(587) Old regions: 538->474
[2972.041s][info][gc,heap        ] GC(587) Humongous regions: 80->80
[2972.041s][info][gc,metaspace   ] GC(587) Metaspace: 28910K(29312K)->28910K(29312K) NonClass: 24032K(24192K)->24032K(24192K) Class: 4878K(5120K)->4878K(5120K)
[2972.041s][info][gc             ] GC(587) Pause Young (Mixed) (G1 Evacuation Pause) 3671M->1325M(4096M) 132.452ms
[2972.041s][info][gc,cpu         ] GC(587) User=0.79s Sys=0.00s Real=0.13s
....[2975.670s][info][gc,start       ] GC(588) Pause Young (Concurrent Start) (G1 Evacuation Pause)
[2975.670s][info][gc,task        ] GC(588) Using 6 workers of 6 for evacuation
[2975.788s][info][gc,phases      ] GC(588)   Pre Evacuate Collection Set: 0.41ms
[2975.788s][info][gc,phases      ] GC(588)   Merge Heap Roots: 0.48ms
[2975.788s][info][gc,phases      ] GC(588)   Evacuate Collection Set: 115.99ms
[2975.788s][info][gc,phases      ] GC(588)   Post Evacuate Collection Set: 0.91ms
[2975.788s][info][gc,phases      ] GC(588)   Other: 0.11ms
[2975.788s][info][gc,heap        ] GC(588) Eden regions: 1118->0(1118)
[2975.788s][info][gc,heap        ] GC(588) Survivor regions: 110->110(154)
[2975.788s][info][gc,heap        ] GC(588) Old regions: 474->505
[2975.788s][info][gc,heap        ] GC(588) Humongous regions: 80->80
[2975.788s][info][gc,metaspace   ] GC(588) Metaspace: 28910K(29312K)->28910K(29312K) NonClass: 24032K(24192K)->24032K(24192K) Class: 4878K(5120K)->4878K(5120K)
[2975.788s][info][gc             ] GC(588) Pause Young (Concurrent Start) (G1 Evacuation Pause) 3561M->1388M(4096M) 118.053ms
[2975.788s][info][gc             ] GC(589) Concurrent Mark Cycle
[2975.788s][info][gc,marking     ] GC(589) Concurrent Scan Root Regions
[2975.788s][info][gc,cpu         ] GC(588) User=0.69s Sys=0.00s Real=0.12s
[2975.928s][info][gc,marking     ] GC(589) Concurrent Scan Root Regions 139.744ms
[2975.928s][info][gc,marking     ] GC(589) Concurrent Mark
[2975.928s][info][gc,marking     ] GC(589) Concurrent Mark From Roots
[2975.928s][info][gc,task        ] GC(589) Using 2 workers of 2 for marking
.[2976.581s][info][gc,marking     ] GC(589) Concurrent Mark From Roots 653.490ms
[2976.582s][info][gc,marking     ] GC(589) Concurrent Preclean
[2976.582s][info][gc,marking     ] GC(589) Concurrent Preclean 0.111ms
[2976.584s][info][gc,start       ] GC(589) Pause Remark
[2976.590s][info][gc             ] GC(589) Pause Remark 1918M->1918M(4096M) 5.063ms
[2976.590s][info][gc,cpu         ] GC(589) User=0.03s Sys=0.00s Real=0.00s
[2976.591s][info][gc,marking     ] GC(589) Concurrent Mark 662.905ms
[2976.591s][info][gc,marking     ] GC(589) Concurrent Rebuild Remembered Sets and Scrub Regions
[2976.873s][info][gc,marking     ] GC(589) Concurrent Rebuild Remembered Sets and Scrub Regions 281.692ms
[2976.873s][info][gc,start       ] GC(589) Pause Cleanup
[2976.873s][info][gc             ] GC(589) Pause Cleanup 2091M->2091M(4096M) 0.113ms
[2976.873s][info][gc,cpu         ] GC(589) User=0.00s Sys=0.00s Real=0.00s
[2976.873s][info][gc,marking     ] GC(589) Concurrent Clear Claimed Marks
[2976.873s][info][gc,marking     ] GC(589) Concurrent Clear Claimed Marks 0.030ms
[2976.873s][info][gc,marking     ] GC(589) Concurrent Cleanup for Next Mark
[2976.879s][info][gc,marking     ] GC(589) Concurrent Cleanup for Next Mark 6.345ms
[2976.879s][info][gc             ] GC(589) Concurrent Mark Cycle 1091.274ms
...[2979.487s][info][gc,start       ] GC(590) Pause Young (Prepare Mixed) (G1 Evacuation Pause)
[2979.487s][info][gc,task        ] GC(590) Using 6 workers of 6 for evacuation
[2979.605s][info][gc,phases      ] GC(590)   Pre Evacuate Collection Set: 0.33ms
[2979.605s][info][gc,phases      ] GC(590)   Merge Heap Roots: 0.54ms
[2979.605s][info][gc,phases      ] GC(590)   Evacuate Collection Set: 116.16ms
[2979.605s][info][gc,phases      ] GC(590)   Post Evacuate Collection Set: 0.92ms
[2979.605s][info][gc,phases      ] GC(590)   Other: 0.09ms
[2979.605s][info][gc,heap        ] GC(590) Eden regions: 1118->0(1109)
[2979.605s][info][gc,heap        ] GC(590) Survivor regions: 110->110(154)
[2979.605s][info][gc,heap        ] GC(590) Old regions: 505->536
[2979.605s][info][gc,heap        ] GC(590) Humongous regions: 80->80
[2979.605s][info][gc,metaspace   ] GC(590) Metaspace: 28910K(29312K)->28910K(29312K) NonClass: 24032K(24192K)->24032K(24192K) Class: 4878K(5120K)->4878K(5120K)
[2979.605s][info][gc             ] GC(590) Pause Young (Prepare Mixed) (G1 Evacuation Pause) 3624M->1450M(4096M) 118.199ms
[2979.605s][info][gc,cpu         ] GC(590) User=0.70s Sys=0.00s Real=0.12s
.... (rIR:aIR:PR = 4981:4981:4981) (tPR = 74021) [OK] 
  2982s: Performance info:
         Transaction,    Success,    Partial,     Failed,   Receipts, AvgBarcode, 
             Overall,     299697,          0,          0,     284717,      59.47, 
         Response times:
             Request,    Success,    Partial,     Failed,   SkipFail,     Probes,    Samples,      min,      p50,      p90,      p95,      p99,      max, 
       TotalPurchase,     284725,          0,          0,          0,     278889,     303389,      300,     4200,     9400,    25000,    92000,   226000,
     InStorePurchase,     149818,          0,          0,          0,     146938,     159654,      300,     4300,     9400,    25000,    94000,   226000,
      OnlinePurchase,     104915,          0,          0,          0,     102832,     111924,      300,     4000,     9200,    24000,    89000,   225000,
        InstPurchase,      29992,          0,          0,          0,      29119,      31811,      400,     4600,     9900,    28000,    96000,   226000,
          AssocOfCat,        301,          0,          0,          0,        242,        330,    21000,    36000,    63800,    83000,   183210,   240000,
      AssocOfProduct,       2991,          0,          0,          0,       2747,       3165,      500,     4200,     9100,    17210,    77000,   149000,
      BusinessReport,        752,          0,          0,          0,        651,        809,    25000,    39000,    65000,    79000,   176700,   203000,
          CustBuyBeh,       2995,          0,          0,          0,       2775,       3195,      200,     3500,     8400,    24000,    87160,   151000,
       ProductReturn,       7940,          0,          0,          0,       7588,       8593,      300,     4800,    10400,    28000,   102000,   165000,

  2982s: (37%)   IR =   5120 [2983.244s][info][gc,start       ] GC(591) Pause Young (Mixed) (G1 Evacuation Pause)
[2983.244s][info][gc,task        ] GC(591) Using 6 workers of 6 for evacuation
[2983.379s][info][gc,phases      ] GC(591)   Pre Evacuate Collection Set: 0.38ms
[2983.379s][info][gc,phases      ] GC(591)   Merge Heap Roots: 0.76ms
[2983.379s][info][gc,phases      ] GC(591)   Evacuate Collection Set: 133.02ms
[2983.379s][info][gc,phases      ] GC(591)   Post Evacuate Collection Set: 1.00ms
[2983.379s][info][gc,phases      ] GC(591)   Other: 0.11ms
[2983.379s][info][gc,heap        ] GC(591) Eden regions: 1109->0(1117)
[2983.379s][info][gc,heap        ] GC(591) Survivor regions: 110->111(153)
[2983.379s][info][gc,heap        ] GC(591) Old regions: 536->473
[2983.379s][info][gc,heap        ] GC(591) Humongous regions: 80->80
[2983.379s][info][gc,metaspace   ] GC(591) Metaspace: 28910K(29312K)->28910K(29312K) NonClass: 24032K(24192K)->24032K(24192K) Class: 4878K(5120K)->4878K(5120K)
[2983.380s][info][gc             ] GC(591) Pause Young (Mixed) (G1 Evacuation Pause) 3668M->1326M(4096M) 135.400ms
[2983.380s][info][gc,cpu         ] GC(591) User=0.80s Sys=0.00s Real=0.13s
...[2986.956s][info][gc,start       ] GC(592) Pause Young (Concurrent Start) (G1 Evacuation Pause)
[2986.956s][info][gc,task        ] GC(592) Using 6 workers of 6 for evacuation
[2987.079s][info][gc,phases      ] GC(592)   Pre Evacuate Collection Set: 0.37ms
[2987.079s][info][gc,phases      ] GC(592)   Merge Heap Roots: 0.49ms
[2987.079s][info][gc,phases      ] GC(592)   Evacuate Collection Set: 121.33ms
[2987.079s][info][gc,phases      ] GC(592)   Post Evacuate Collection Set: 0.95ms
[2987.079s][info][gc,phases      ] GC(592)   Other: 0.10ms
[2987.079s][info][gc,heap        ] GC(592) Eden regions: 1117->0(1115)
[2987.079s][info][gc,heap        ] GC(592) Survivor regions: 111->113(154)
[2987.079s][info][gc,heap        ] GC(592) Old regions: 473->506
[2987.079s][info][gc,heap        ] GC(592) Humongous regions: 80->80
[2987.079s][info][gc,metaspace   ] GC(592) Metaspace: 28910K(29312K)->28910K(29312K) NonClass: 24032K(24192K)->24032K(24192K) Class: 4878K(5120K)->4878K(5120K)
[2987.079s][info][gc             ] GC(592) Pause Young (Concurrent Start) (G1 Evacuation Pause) 3560M->1396M(4096M) 123.386ms
[2987.079s][info][gc             ] GC(593) Concurrent Mark Cycle
[2987.079s][info][gc,marking     ] GC(593) Concurrent Scan Root Regions
[2987.079s][info][gc,cpu         ] GC(592) User=0.73s Sys=0.00s Real=0.12s
.[2987.253s][info][gc,marking     ] GC(593) Concurrent Scan Root Regions 174.075ms
[2987.253s][info][gc,marking     ] GC(593) Concurrent Mark
[2987.253s][info][gc,marking     ] GC(593) Concurrent Mark From Roots
[2987.253s][info][gc,task        ] GC(593) Using 2 workers of 2 for marking
[2988.069s][info][gc,marking     ] GC(593) Concurrent Mark From Roots 815.937ms
[2988.069s][info][gc,marking     ] GC(593) Concurrent Preclean
[2988.069s][info][gc,marking     ] GC(593) Concurrent Preclean 0.128ms
[2988.069s][info][gc,start       ] GC(593) Pause Remark
[2988.075s][info][gc             ] GC(593) Pause Remark 2052M->2052M(4096M) 5.372ms
[2988.075s][info][gc,cpu         ] GC(593) User=0.03s Sys=0.00s Real=0.01s
[2988.075s][info][gc,marking     ] GC(593) Concurrent Mark 821.714ms
[2988.075s][info][gc,marking     ] GC(593) Concurrent Rebuild Remembered Sets and Scrub Regions
.[2988.370s][info][gc,marking     ] GC(593) Concurrent Rebuild Remembered Sets and Scrub Regions 295.157ms
[2988.370s][info][gc,start       ] GC(593) Pause Cleanup
[2988.370s][info][gc             ] GC(593) Pause Cleanup 2268M->2268M(4096M) 0.116ms
[2988.370s][info][gc,cpu         ] GC(593) User=0.00s Sys=0.00s Real=0.00s
[2988.370s][info][gc,marking     ] GC(593) Concurrent Clear Claimed Marks
[2988.370s][info][gc,marking     ] GC(593) Concurrent Clear Claimed Marks 0.024ms
[2988.370s][info][gc,marking     ] GC(593) Concurrent Cleanup for Next Mark
[2988.374s][info][gc,marking     ] GC(593) Concurrent Cleanup for Next Mark 3.795ms
[2988.374s][info][gc             ] GC(593) Concurrent Mark Cycle 1295.219ms
..[2990.550s][info][gc,start       ] GC(594) Pause Young (Prepare Mixed) (G1 Evacuation Pause)
[2990.550s][info][gc,task        ] GC(594) Using 6 workers of 6 for evacuation
[2990.669s][info][gc,phases      ] GC(594)   Pre Evacuate Collection Set: 0.33ms
[2990.669s][info][gc,phases      ] GC(594)   Merge Heap Roots: 0.52ms
[2990.669s][info][gc,phases      ] GC(594)   Evacuate Collection Set: 117.80ms
[2990.669s][info][gc,phases      ] GC(594)   Post Evacuate Collection Set: 0.94ms
[2990.669s][info][gc,phases      ] GC(594)   Other: 0.09ms
[2990.669s][info][gc,heap        ] GC(594) Eden regions: 1115->0(1105)
[2990.669s][info][gc,heap        ] GC(594) Survivor regions: 113->111(154)
[2990.669s][info][gc,heap        ] GC(594) Old regions: 506->538
[2990.669s][info][gc,heap        ] GC(594) Humongous regions: 80->80
[2990.669s][info][gc,metaspace   ] GC(594) Metaspace: 28910K(29312K)->28910K(29312K) NonClass: 24032K(24192K)->24032K(24192K) Class: 4878K(5120K)->4878K(5120K)
[2990.669s][info][gc             ] GC(594) Pause Young (Prepare Mixed) (G1 Evacuation Pause) 3626M->1456M(4096M) 119.824ms
[2990.670s][info][gc,cpu         ] GC(594) User=0.71s Sys=0.00s Real=0.12s
.|..[2994.269s][info][gc,start       ] GC(595) Pause Young (Mixed) (G1 Evacuation Pause)
[2994.269s][info][gc,task        ] GC(595) Using 6 workers of 6 for evacuation
[2994.400s][info][gc,phases      ] GC(595)   Pre Evacuate Collection Set: 0.39ms
[2994.400s][info][gc,phases      ] GC(595)   Merge Heap Roots: 0.63ms
[2994.400s][info][gc,phases      ] GC(595)   Evacuate Collection Set: 128.56ms
[2994.400s][info][gc,phases      ] GC(595)   Post Evacuate Collection Set: 0.95ms
[2994.400s][info][gc,phases      ] GC(595)   Other: 0.09ms
[2994.400s][info][gc,heap        ] GC(595) Eden regions: 1105->0(1120)
[2994.400s][info][gc,heap        ] GC(595) Survivor regions: 111->108(152)
[2994.400s][info][gc,heap        ] GC(595) Old regions: 538->474
[2994.400s][info][gc,heap        ] GC(595) Humongous regions: 80->80
[2994.400s][info][gc,metaspace   ] GC(595) Metaspace: 28910K(29312K)->28910K(29312K) NonClass: 24032K(24192K)->24032K(24192K) Class: 4878K(5120K)->4878K(5120K)
[2994.400s][info][gc             ] GC(595) Pause Young (Mixed) (G1 Evacuation Pause) 3666M->1322M(4096M) 130.757ms
[2994.400s][info][gc,cpu         ] GC(595) User=0.78s Sys=0.00s Real=0.13s
....[2997.915s][info][gc,start       ] GC(596) Pause Young (Concurrent Start) (G1 Evacuation Pause)
[2997.915s][info][gc,task        ] GC(596) Using 6 workers of 6 for evacuation
[2998.035s][info][gc,phases      ] GC(596)   Pre Evacuate Collection Set: 0.38ms
[2998.035s][info][gc,phases      ] GC(596)   Merge Heap Roots: 0.48ms
[2998.035s][info][gc,phases      ] GC(596)   Evacuate Collection Set: 118.73ms
[2998.035s][info][gc,phases      ] GC(596)   Post Evacuate Collection Set: 0.89ms
[2998.035s][info][gc,phases      ] GC(596)   Other: 0.10ms
[2998.035s][info][gc,heap        ] GC(596) Eden regions: 1120->0(1116)
[2998.035s][info][gc,heap        ] GC(596) Survivor regions: 108->112(154)
[2998.035s][info][gc,heap        ] GC(596) Old regions: 474->505
[2998.035s][info][gc,heap        ] GC(596) Humongous regions: 80->80
[2998.035s][info][gc,metaspace   ] GC(596) Metaspace: 28910K(29312K)->28910K(29312K) NonClass: 24032K(24192K)->24032K(24192K) Class: 4878K(5120K)->4878K(5120K)
[2998.035s][info][gc             ] GC(596) Pause Young (Concurrent Start) (G1 Evacuation Pause) 3562M->1393M(4096M) 120.703ms
[2998.036s][info][gc             ] GC(597) Concurrent Mark Cycle
[2998.036s][info][gc,marking     ] GC(597) Concurrent Scan Root Regions
[2998.036s][info][gc,cpu         ] GC(596) User=0.72s Sys=0.00s Real=0.12s
[2998.214s][info][gc,marking     ] GC(597) Concurrent Scan Root Regions 178.949ms
[2998.215s][info][gc,marking     ] GC(597) Concurrent Mark
[2998.215s][info][gc,marking     ] GC(597) Concurrent Mark From Roots
[2998.215s][info][gc,task        ] GC(597) Using 2 workers of 2 for marking
.[2998.918s][info][gc,marking     ] GC(597) Concurrent Mark From Roots 703.830ms
[2998.918s][info][gc,marking     ] GC(597) Concurrent Preclean
[2998.919s][info][gc,marking     ] GC(597) Concurrent Preclean 0.115ms
[2998.919s][info][gc,start       ] GC(597) Pause Remark
[2998.924s][info][gc             ] GC(597) Pause Remark 1948M->1948M(4096M) 4.699ms
[2998.924s][info][gc,cpu         ] GC(597) User=0.03s Sys=0.01s Real=0.01s
[2998.925s][info][gc,marking     ] GC(597) Concurrent Mark 710.291ms
[2998.925s][info][gc,marking     ] GC(597) Concurrent Rebuild Remembered Sets and Scrub Regions
[2999.245s][info][gc,marking     ] GC(597) Concurrent Rebuild Remembered Sets and Scrub Regions 320.449ms
[2999.245s][info][gc,start       ] GC(597) Pause Cleanup
[2999.246s][info][gc             ] GC(597) Pause Cleanup 2159M->2159M(4096M) 0.104ms
[2999.246s][info][gc,cpu         ] GC(597) User=0.00s Sys=0.00s Real=0.00s
[2999.246s][info][gc,marking     ] GC(597) Concurrent Clear Claimed Marks
[2999.246s][info][gc,marking     ] GC(597) Concurrent Clear Claimed Marks 0.024ms
[2999.246s][info][gc,marking     ] GC(597) Concurrent Cleanup for Next Mark
[2999.249s][info][gc,marking     ] GC(597) Concurrent Cleanup for Next Mark 3.469ms
[2999.249s][info][gc             ] GC(597) Concurrent Mark Cycle 1213.649ms
...[3001.668s][info][gc,start       ] GC(598) Pause Young (Prepare Mixed) (G1 Evacuation Pause)
[3001.668s][info][gc,task        ] GC(598) Using 6 workers of 6 for evacuation
[3001.786s][info][gc,phases      ] GC(598)   Pre Evacuate Collection Set: 0.35ms
[3001.786s][info][gc,phases      ] GC(598)   Merge Heap Roots: 0.52ms
[3001.786s][info][gc,phases      ] GC(598)   Evacuate Collection Set: 116.58ms
[3001.786s][info][gc,phases      ] GC(598)   Post Evacuate Collection Set: 0.91ms
[3001.786s][info][gc,phases      ] GC(598)   Other: 0.10ms
[3001.786s][info][gc,heap        ] GC(598) Eden regions: 1116->0(1110)
[3001.786s][info][gc,heap        ] GC(598) Survivor regions: 112->109(154)
[3001.786s][info][gc,heap        ] GC(598) Old regions: 505->537
[3001.786s][info][gc,heap        ] GC(598) Humongous regions: 80->80
[3001.786s][info][gc,metaspace   ] GC(598) Metaspace: 28910K(29312K)->28910K(29312K) NonClass: 24032K(24192K)->24032K(24192K) Class: 4878K(5120K)->4878K(5120K)
[3001.786s][info][gc             ] GC(598) Pause Young (Prepare Mixed) (G1 Evacuation Pause) 3625M->1450M(4096M) 118.617ms
[3001.786s][info][gc,cpu         ] GC(598) User=0.70s Sys=0.00s Real=0.12s
...[3005.325s][info][gc,start       ] GC(599) Pause Young (Mixed) (G1 Evacuation Pause)
[3005.325s][info][gc,task        ] GC(599) Using 6 workers of 6 for evacuation
[3005.457s][info][gc,phases      ] GC(599)   Pre Evacuate Collection Set: 0.39ms
[3005.457s][info][gc,phases      ] GC(599)   Merge Heap Roots: 0.64ms
[3005.457s][info][gc,phases      ] GC(599)   Evacuate Collection Set: 129.69ms
[3005.457s][info][gc,phases      ] GC(599)   Post Evacuate Collection Set: 0.93ms
[3005.457s][info][gc,phases      ] GC(599)   Other: 0.09ms
[3005.457s][info][gc,heap        ] GC(599) Eden regions: 1110->0(1120)
[3005.457s][info][gc,heap        ] GC(599) Survivor regions: 109->108(153)
[3005.457s][info][gc,heap        ] GC(599) Old regions: 537->472
[3005.457s][info][gc,heap        ] GC(599) Humongous regions: 80->80
[3005.457s][info][gc,metaspace   ] GC(599) Metaspace: 28910K(29312K)->28910K(29312K) NonClass: 24032K(24192K)->24032K(24192K) Class: 4878K(5120K)->4878K(5120K)
[3005.457s][info][gc             ] GC(599) Pause Young (Mixed) (G1 Evacuation Pause) 3670M->1318M(4096M) 131.871ms
[3005.457s][info][gc,cpu         ] GC(599) User=0.78s Sys=0.00s Real=0.13s
....[3008.977s][info][gc,start       ] GC(600) Pause Young (Concurrent Start) (G1 Evacuation Pause)
[3008.977s][info][gc,task        ] GC(600) Using 6 workers of 6 for evacuation
[3009.093s][info][gc,phases      ] GC(600)   Pre Evacuate Collection Set: 0.38ms
[3009.093s][info][gc,phases      ] GC(600)   Merge Heap Roots: 0.46ms
[3009.093s][info][gc,phases      ] GC(600)   Evacuate Collection Set: 113.35ms
[3009.093s][info][gc,phases      ] GC(600)   Post Evacuate Collection Set: 0.89ms
[3009.093s][info][gc,phases      ] GC(600)   Other: 0.10ms
[3009.093s][info][gc,heap        ] GC(600) Eden regions: 1120->0(1121)
[3009.093s][info][gc,heap        ] GC(600) Survivor regions: 108->107(154)
[3009.093s][info][gc,heap        ] GC(600) Old regions: 472->504
[3009.093s][info][gc,heap        ] GC(600) Humongous regions: 80->80
[3009.093s][info][gc,metaspace   ] GC(600) Metaspace: 28910K(29312K)->28910K(29312K) NonClass: 24032K(24192K)->24032K(24192K) Class: 4878K(5120K)->4878K(5120K)
[3009.093s][info][gc             ] GC(600) Pause Young (Concurrent Start) (G1 Evacuation Pause) 3558M->1381M(4096M) 115.328ms
[3009.093s][info][gc             ] GC(601) Concurrent Mark Cycle
[3009.093s][info][gc,marking     ] GC(601) Concurrent Scan Root Regions
[3009.093s][info][gc,cpu         ] GC(600) User=0.68s Sys=0.00s Real=0.12s
[3009.246s][info][gc,marking     ] GC(601) Concurrent Scan Root Regions 153.568ms
[3009.246s][info][gc,marking     ] GC(601) Concurrent Mark
[3009.246s][info][gc,marking     ] GC(601) Concurrent Mark From Roots
[3009.246s][info][gc,task        ] GC(601) Using 2 workers of 2 for marking
.[3010.019s][info][gc,marking     ] GC(601) Concurrent Mark From Roots 772.901ms
[3010.019s][info][gc,marking     ] GC(601) Concurrent Preclean
[3010.019s][info][gc,marking     ] GC(601) Concurrent Preclean 0.085ms
[3010.019s][info][gc,start       ] GC(601) Pause Remark
[3010.024s][info][gc             ] GC(601) Pause Remark 2017M->2017M(4096M) 4.794ms
[3010.024s][info][gc,cpu         ] GC(601) User=0.03s Sys=0.00s Real=0.01s
[3010.024s][info][gc,marking     ] GC(601) Concurrent Mark 778.069ms
[3010.024s][info][gc,marking     ] GC(601) Concurrent Rebuild Remembered Sets and Scrub Regions
[3010.324s][info][gc,marking     ] GC(601) Concurrent Rebuild Remembered Sets and Scrub Regions 299.793ms
[3010.324s][info][gc,start       ] GC(601) Pause Cleanup
[3010.324s][info][gc             ] GC(601) Pause Cleanup 2207M->2207M(4096M) 0.111ms
[3010.324s][info][gc,cpu         ] GC(601) User=0.00s Sys=0.00s Real=0.00s
[3010.324s][info][gc,marking     ] GC(601) Concurrent Clear Claimed Marks
[3010.324s][info][gc,marking     ] GC(601) Concurrent Clear Claimed Marks 0.022ms
[3010.325s][info][gc,marking     ] GC(601) Concurrent Cleanup for Next Mark
[3010.328s][info][gc,marking     ] GC(601) Concurrent Cleanup for Next Mark 3.205ms
[3010.328s][info][gc             ] GC(601) Concurrent Mark Cycle 1235.095ms
...[3012.681s][info][gc,start       ] GC(602) Pause Young (Prepare Mixed) (G1 Evacuation Pause)
[3012.681s][info][gc,task        ] GC(602) Using 6 workers of 6 for evacuation
[3012.798s][info][gc,phases      ] GC(602)   Pre Evacuate Collection Set: 0.33ms
[3012.798s][info][gc,phases      ] GC(602)   Merge Heap Roots: 0.51ms
[3012.798s][info][gc,phases      ] GC(602)   Evacuate Collection Set: 115.05ms
[3012.798s][info][gc,phases      ] GC(602)   Post Evacuate Collection Set: 0.91ms
[3012.798s][info][gc,phases      ] GC(602)   Other: 0.08ms
[3012.798s][info][gc,heap        ] GC(602) Eden regions: 1121->0(1111)
[3012.798s][info][gc,heap        ] GC(602) Survivor regions: 107->109(154)
[3012.798s][info][gc,heap        ] GC(602) Old regions: 504->536
[3012.798s][info][gc,heap        ] GC(602) Humongous regions: 80->80
[3012.798s][info][gc,metaspace   ] GC(602) Metaspace: 28910K(29312K)->28910K(29312K) NonClass: 24032K(24192K)->24032K(24192K) Class: 4878K(5120K)->4878K(5120K)
[3012.798s][info][gc             ] GC(602) Pause Young (Prepare Mixed) (G1 Evacuation Pause) 3623M->1448M(4096M) 117.021ms
[3012.798s][info][gc,cpu         ] GC(602) User=0.69s Sys=0.00s Real=0.12s
...[3016.358s][info][gc,start       ] GC(603) Pause Young (Mixed) (G1 Evacuation Pause)
[3016.358s][info][gc,task        ] GC(603) Using 6 workers of 6 for evacuation
[3016.491s][info][gc,phases      ] GC(603)   Pre Evacuate Collection Set: 0.37ms
[3016.491s][info][gc,phases      ] GC(603)   Merge Heap Roots: 0.62ms
[3016.491s][info][gc,phases      ] GC(603)   Evacuate Collection Set: 131.31ms
[3016.491s][info][gc,phases      ] GC(603)   Post Evacuate Collection Set: 0.94ms
[3016.491s][info][gc,phases      ] GC(603)   Other: 0.09ms
[3016.491s][info][gc,heap        ] GC(603) Eden regions: 1111->0(1117)
[3016.491s][info][gc,heap        ] GC(603) Survivor regions: 109->111(153)
[3016.491s][info][gc,heap        ] GC(603) Old regions: 536->473
[3016.491s][info][gc,heap        ] GC(603) Humongous regions: 80->80
[3016.491s][info][gc,metaspace   ] GC(603) Metaspace: 28910K(29312K)->28910K(29312K) NonClass: 24032K(24192K)->24032K(24192K) Class: 4878K(5120K)->4878K(5120K)
[3016.491s][info][gc             ] GC(603) Pause Young (Mixed) (G1 Evacuation Pause) 3670M->1326M(4096M) 133.463ms
[3016.491s][info][gc,cpu         ] GC(603) User=0.79s Sys=0.00s Real=0.13s
....[3020.038s][info][gc,start       ] GC(604) Pause Young (Concurrent Start) (G1 Evacuation Pause)
[3020.038s][info][gc,task        ] GC(604) Using 6 workers of 6 for evacuation
[3020.156s][info][gc,phases      ] GC(604)   Pre Evacuate Collection Set: 0.39ms
[3020.156s][info][gc,phases      ] GC(604)   Merge Heap Roots: 0.47ms
[3020.156s][info][gc,phases      ] GC(604)   Evacuate Collection Set: 115.92ms
[3020.156s][info][gc,phases      ] GC(604)   Post Evacuate Collection Set: 0.87ms
[3020.156s][info][gc,phases      ] GC(604)   Other: 0.11ms
[3020.156s][info][gc,heap        ] GC(604) Eden regions: 1117->0(1119)
[3020.156s][info][gc,heap        ] GC(604) Survivor regions: 111->109(154)
[3020.156s][info][gc,heap        ] GC(604) Old regions: 473->506
[3020.156s][info][gc,heap        ] GC(604) Humongous regions: 80->80
[3020.156s][info][gc,metaspace   ] GC(604) Metaspace: 28910K(29312K)->28910K(29312K) NonClass: 24032K(24192K)->24032K(24192K) Class: 4878K(5120K)->4878K(5120K)
[3020.156s][info][gc             ] GC(604) Pause Young (Concurrent Start) (G1 Evacuation Pause) 3560M->1388M(4096M) 117.900ms
[3020.156s][info][gc             ] GC(605) Concurrent Mark Cycle
[3020.156s][info][gc,marking     ] GC(605) Concurrent Scan Root Regions
[3020.156s][info][gc,cpu         ] GC(604) User=0.69s Sys=0.00s Real=0.12s
[3020.326s][info][gc,marking     ] GC(605) Concurrent Scan Root Regions 169.932ms
[3020.326s][info][gc,marking     ] GC(605) Concurrent Mark
[3020.326s][info][gc,marking     ] GC(605) Concurrent Mark From Roots
[3020.326s][info][gc,task        ] GC(605) Using 2 workers of 2 for marking
.[3021.116s][info][gc,marking     ] GC(605) Concurrent Mark From Roots 789.305ms
[3021.116s][info][gc,marking     ] GC(605) Concurrent Preclean
[3021.116s][info][gc,marking     ] GC(605) Concurrent Preclean 0.151ms
[3021.117s][info][gc,start       ] GC(605) Pause Remark
[3021.121s][info][gc             ] GC(605) Pause Remark 2000M->2000M(4096M) 4.901ms
[3021.122s][info][gc,cpu         ] GC(605) User=0.03s Sys=0.00s Real=0.00s
[3021.122s][info][gc,marking     ] GC(605) Concurrent Mark 795.380ms
[3021.122s][info][gc,marking     ] GC(605) Concurrent Rebuild Remembered Sets and Scrub Regions
[3021.370s][info][gc,marking     ] GC(605) Concurrent Rebuild Remembered Sets and Scrub Regions 248.223ms
[3021.370s][info][gc,start       ] GC(605) Pause Cleanup
[3021.370s][info][gc             ] GC(605) Pause Cleanup 2176M->2176M(4096M) 0.107ms
[3021.370s][info][gc,cpu         ] GC(605) User=0.01s Sys=0.00s Real=0.00s
[3021.370s][info][gc,marking     ] GC(605) Concurrent Clear Claimed Marks
[3021.370s][info][gc,marking     ] GC(605) Concurrent Clear Claimed Marks 0.028ms
[3021.370s][info][gc,marking     ] GC(605) Concurrent Cleanup for Next Mark
[3021.373s][info][gc,marking     ] GC(605) Concurrent Cleanup for Next Mark 3.272ms
[3021.373s][info][gc             ] GC(605) Concurrent Mark Cycle 1217.247ms
...[3023.772s][info][gc,start       ] GC(606) Pause Young (Prepare Mixed) (G1 Evacuation Pause)
[3023.772s][info][gc,task        ] GC(606) Using 6 workers of 6 for evacuation
[3023.894s][info][gc,phases      ] GC(606)   Pre Evacuate Collection Set: 0.35ms
[3023.894s][info][gc,phases      ] GC(606)   Merge Heap Roots: 0.50ms
[3023.894s][info][gc,phases      ] GC(606)   Evacuate Collection Set: 119.43ms
[3023.894s][info][gc,phases      ] GC(606)   Post Evacuate Collection Set: 0.92ms
[3023.894s][info][gc,phases      ] GC(606)   Other: 0.08ms
[3023.894s][info][gc,heap        ] GC(606) Eden regions: 1119->0(1103)
[3023.894s][info][gc,heap        ] GC(606) Survivor regions: 109->112(154)
[3023.894s][info][gc,heap        ] GC(606) Old regions: 506->538
[3023.894s][info][gc,heap        ] GC(606) Humongous regions: 80->80
[3023.894s][info][gc,metaspace   ] GC(606) Metaspace: 28910K(29312K)->28910K(29312K) NonClass: 24032K(24192K)->24032K(24192K) Class: 4878K(5120K)->4878K(5120K)
[3023.894s][info][gc             ] GC(606) Pause Young (Prepare Mixed) (G1 Evacuation Pause) 3626M->1458M(4096M) 121.405ms
[3023.894s][info][gc,cpu         ] GC(606) User=0.72s Sys=0.00s Real=0.12s
...[3027.378s][info][gc,start       ] GC(607) Pause Young (Mixed) (G1 Evacuation Pause)
[3027.379s][info][gc,task        ] GC(607) Using 6 workers of 6 for evacuation
[3027.509s][info][gc,phases      ] GC(607)   Pre Evacuate Collection Set: 0.38ms
[3027.509s][info][gc,phases      ] GC(607)   Merge Heap Roots: 0.65ms
[3027.509s][info][gc,phases      ] GC(607)   Evacuate Collection Set: 128.04ms
[3027.509s][info][gc,phases      ] GC(607)   Post Evacuate Collection Set: 0.95ms
[3027.509s][info][gc,phases      ] GC(607)   Other: 0.09ms
[3027.509s][info][gc,heap        ] GC(607) Eden regions: 1103->0(1120)
[3027.509s][info][gc,heap        ] GC(607) Survivor regions: 112->108(152)
[3027.509s][info][gc,heap        ] GC(607) Old regions: 538->474
[3027.509s][info][gc,heap        ] GC(607) Humongous regions: 80->80
[3027.509s][info][gc,metaspace   ] GC(607) Metaspace: 28910K(29312K)->28910K(29312K) NonClass: 24032K(24192K)->24032K(24192K) Class: 4878K(5120K)->4878K(5120K)
[3027.509s][info][gc             ] GC(607) Pause Young (Mixed) (G1 Evacuation Pause) 3664M->1321M(4096M) 130.247ms
[3027.509s][info][gc,cpu         ] GC(607) User=0.77s Sys=0.00s Real=0.13s
....[3031.077s][info][gc,start       ] GC(608) Pause Young (Concurrent Start) (G1 Evacuation Pause)
[3031.077s][info][gc,task        ] GC(608) Using 6 workers of 6 for evacuation
[3031.193s][info][gc,phases      ] GC(608)   Pre Evacuate Collection Set: 0.38ms
[3031.193s][info][gc,phases      ] GC(608)   Merge Heap Roots: 0.53ms
[3031.193s][info][gc,phases      ] GC(608)   Evacuate Collection Set: 114.23ms
[3031.193s][info][gc,phases      ] GC(608)   Post Evacuate Collection Set: 0.88ms
[3031.194s][info][gc,phases      ] GC(608)   Other: 0.12ms
[3031.194s][info][gc,heap        ] GC(608) Eden regions: 1120->0(1120)
[3031.194s][info][gc,heap        ] GC(608) Survivor regions: 108->108(154)
[3031.194s][info][gc,heap        ] GC(608) Old regions: 474->505
[3031.194s][info][gc,heap        ] GC(608) Humongous regions: 80->80
[3031.194s][info][gc,metaspace   ] GC(608) Metaspace: 28910K(29312K)->28910K(29312K) NonClass: 24032K(24192K)->24032K(24192K) Class: 4878K(5120K)->4878K(5120K)
[3031.194s][info][gc             ] GC(608) Pause Young (Concurrent Start) (G1 Evacuation Pause) 3561M->1385M(4096M) 116.283ms
[3031.194s][info][gc             ] GC(609) Concurrent Mark Cycle
[3031.194s][info][gc,marking     ] GC(609) Concurrent Scan Root Regions
[3031.194s][info][gc,cpu         ] GC(608) User=0.69s Sys=0.00s Real=0.12s
[3031.330s][info][gc,marking     ] GC(609) Concurrent Scan Root Regions 135.970ms
[3031.330s][info][gc,marking     ] GC(609) Concurrent Mark
[3031.330s][info][gc,marking     ] GC(609) Concurrent Mark From Roots
[3031.330s][info][gc,task        ] GC(609) Using 2 workers of 2 for marking
.[3032.003s][info][gc,marking     ] GC(609) Concurrent Mark From Roots 673.107ms
[3032.003s][info][gc,marking     ] GC(609) Concurrent Preclean
[3032.003s][info][gc,marking     ] GC(609) Concurrent Preclean 0.147ms
[3032.004s][info][gc,start       ] GC(609) Pause Remark
[3032.009s][info][gc             ] GC(609) Pause Remark 1953M->1953M(4096M) 4.824ms
[3032.009s][info][gc,cpu         ] GC(609) User=0.02s Sys=0.01s Real=0.00s
[3032.010s][info][gc,marking     ] GC(609) Concurrent Mark 680.485ms
[3032.010s][info][gc,marking     ] GC(609) Concurrent Rebuild Remembered Sets and Scrub Regions
[3032.283s][info][gc,marking     ] GC(609) Concurrent Rebuild Remembered Sets and Scrub Regions 273.209ms
[3032.283s][info][gc,start       ] GC(609) Pause Cleanup
[3032.284s][info][gc             ] GC(609) Pause Cleanup 2127M->2127M(4096M) 0.103ms
[3032.284s][info][gc,cpu         ] GC(609) User=0.00s Sys=0.00s Real=0.00s
[3032.284s][info][gc,marking     ] GC(609) Concurrent Clear Claimed Marks
[3032.284s][info][gc,marking     ] GC(609) Concurrent Clear Claimed Marks 0.021ms
[3032.284s][info][gc,marking     ] GC(609) Concurrent Cleanup for Next Mark
[3032.287s][info][gc,marking     ] GC(609) Concurrent Cleanup for Next Mark 3.227ms
[3032.287s][info][gc             ] GC(609) Concurrent Mark Cycle 1093.353ms
...[3034.809s][info][gc,start       ] GC(610) Pause Young (Prepare Mixed) (G1 Evacuation Pause)
[3034.809s][info][gc,task        ] GC(610) Using 6 workers of 6 for evacuation
[3034.930s][info][gc,phases      ] GC(610)   Pre Evacuate Collection Set: 0.33ms
[3034.930s][info][gc,phases      ] GC(610)   Merge Heap Roots: 0.50ms
[3034.930s][info][gc,phases      ] GC(610)   Evacuate Collection Set: 119.96ms
[3034.930s][info][gc,phases      ] GC(610)   Post Evacuate Collection Set: 0.92ms
[3034.930s][info][gc,phases      ] GC(610)   Other: 0.08ms
[3034.930s][info][gc,heap        ] GC(610) Eden regions: 1120->0(1101)
[3034.930s][info][gc,heap        ] GC(610) Survivor regions: 108->114(154)
[3034.930s][info][gc,heap        ] GC(610) Old regions: 505->536
[3034.930s][info][gc,heap        ] GC(610) Humongous regions: 80->80
[3034.930s][info][gc,metaspace   ] GC(610) Metaspace: 28910K(29312K)->28910K(29312K) NonClass: 24032K(24192K)->24032K(24192K) Class: 4878K(5120K)->4878K(5120K)
[3034.930s][info][gc             ] GC(610) Pause Young (Prepare Mixed) (G1 Evacuation Pause) 3625M->1457M(4096M) 121.947ms
[3034.930s][info][gc,cpu         ] GC(610) User=0.72s Sys=0.00s Real=0.12s
...[3038.391s][info][gc,start       ] GC(611) Pause Young (Mixed) (G1 Evacuation Pause)
[3038.391s][info][gc,task        ] GC(611) Using 6 workers of 6 for evacuation
[3038.524s][info][gc,phases      ] GC(611)   Pre Evacuate Collection Set: 0.37ms
[3038.524s][info][gc,phases      ] GC(611)   Merge Heap Roots: 0.70ms
[3038.524s][info][gc,phases      ] GC(611)   Evacuate Collection Set: 130.39ms
[3038.524s][info][gc,phases      ] GC(611)   Post Evacuate Collection Set: 0.96ms
[3038.524s][info][gc,phases      ] GC(611)   Other: 0.09ms
[3038.524s][info][gc,heap        ] GC(611) Eden regions: 1101->0(1119)
[3038.524s][info][gc,heap        ] GC(611) Survivor regions: 114->109(152)
[3038.524s][info][gc,heap        ] GC(611) Old regions: 536->473
[3038.524s][info][gc,heap        ] GC(611) Humongous regions: 80->80
[3038.524s][info][gc,metaspace   ] GC(611) Metaspace: 28910K(29312K)->28910K(29312K) NonClass: 24032K(24192K)->24032K(24192K) Class: 4878K(5120K)->4878K(5120K)
[3038.524s][info][gc             ] GC(611) Pause Young (Mixed) (G1 Evacuation Pause) 3659M->1321M(4096M) 132.637ms
[3038.524s][info][gc,cpu         ] GC(611) User=0.78s Sys=0.00s Real=0.14s
....[3042.145s][info][gc,start       ] GC(612) Pause Young (Concurrent Start) (G1 Evacuation Pause)
[3042.145s][info][gc,task        ] GC(612) Using 6 workers of 6 for evacuation
[3042.264s][info][gc,phases      ] GC(612)   Pre Evacuate Collection Set: 0.36ms
[3042.264s][info][gc,phases      ] GC(612)   Merge Heap Roots: 0.52ms
[3042.264s][info][gc,phases      ] GC(612)   Evacuate Collection Set: 117.51ms
[3042.264s][info][gc,phases      ] GC(612)   Post Evacuate Collection Set: 0.90ms
[3042.264s][info][gc,phases      ] GC(612)   Other: 0.11ms
[3042.264s][info][gc,heap        ] GC(612) Eden regions: 1119->0(1119)
[3042.264s][info][gc,heap        ] GC(612) Survivor regions: 109->109(154)
[3042.264s][info][gc,heap        ] GC(612) Old regions: 473->505
[3042.264s][info][gc,heap        ] GC(612) Humongous regions: 80->80
[3042.264s][info][gc,metaspace   ] GC(612) Metaspace: 28910K(29312K)->28910K(29312K) NonClass: 24032K(24192K)->24032K(24192K) Class: 4878K(5120K)->4878K(5120K)
[3042.264s][info][gc             ] GC(612) Pause Young (Concurrent Start) (G1 Evacuation Pause) 3559M->1387M(4096M) 119.551ms
[3042.264s][info][gc             ] GC(613) Concurrent Mark Cycle
[3042.264s][info][gc,marking     ] GC(613) Concurrent Scan Root Regions
[3042.264s][info][gc,cpu         ] GC(612) User=0.71s Sys=0.01s Real=0.12s
[3042.400s][info][gc,marking     ] GC(613) Concurrent Scan Root Regions 135.499ms
[3042.400s][info][gc,marking     ] GC(613) Concurrent Mark
[3042.400s][info][gc,marking     ] GC(613) Concurrent Mark From Roots
[3042.400s][info][gc,task        ] GC(613) Using 2 workers of 2 for marking
.[3043.046s][info][gc,marking     ] GC(613) Concurrent Mark From Roots 645.703ms
[3043.046s][info][gc,marking     ] GC(613) Concurrent Preclean
[3043.046s][info][gc,marking     ] GC(613) Concurrent Preclean 0.128ms
[3043.047s][info][gc,start       ] GC(613) Pause Remark
[3043.051s][info][gc             ] GC(613) Pause Remark 1905M->1905M(4096M) 3.871ms
[3043.051s][info][gc,cpu         ] GC(613) User=0.02s Sys=0.00s Real=0.00s
[3043.052s][info][gc,marking     ] GC(613) Concurrent Mark 651.601ms
[3043.052s][info][gc,marking     ] GC(613) Concurrent Rebuild Remembered Sets and Scrub Regions
[3043.295s][info][gc,marking     ] GC(613) Concurrent Rebuild Remembered Sets and Scrub Regions 243.592ms
[3043.295s][info][gc,start       ] GC(613) Pause Cleanup
[3043.296s][info][gc             ] GC(613) Pause Cleanup 2079M->2079M(4096M) 0.108ms
[3043.296s][info][gc,cpu         ] GC(613) User=0.00s Sys=0.00s Real=0.00s
[3043.296s][info][gc,marking     ] GC(613) Concurrent Clear Claimed Marks
[3043.296s][info][gc,marking     ] GC(613) Concurrent Clear Claimed Marks 0.025ms
[3043.296s][info][gc,marking     ] GC(613) Concurrent Cleanup for Next Mark
[3043.300s][info][gc,marking     ] GC(613) Concurrent Cleanup for Next Mark 4.698ms
[3043.300s][info][gc             ] GC(613) Concurrent Mark Cycle 1035.994ms
...[3045.763s][info][gc,start       ] GC(614) Pause Young (Prepare Mixed) (G1 Evacuation Pause)
[3045.763s][info][gc,task        ] GC(614) Using 6 workers of 6 for evacuation
[3045.879s][info][gc,phases      ] GC(614)   Pre Evacuate Collection Set: 0.35ms
[3045.879s][info][gc,phases      ] GC(614)   Merge Heap Roots: 0.49ms
[3045.879s][info][gc,phases      ] GC(614)   Evacuate Collection Set: 114.70ms
[3045.879s][info][gc,phases      ] GC(614)   Post Evacuate Collection Set: 0.92ms
[3045.879s][info][gc,phases      ] GC(614)   Other: 0.09ms
[3045.879s][info][gc,heap        ] GC(614) Eden regions: 1119->0(1111)
[3045.879s][info][gc,heap        ] GC(614) Survivor regions: 109->109(154)
[3045.879s][info][gc,heap        ] GC(614) Old regions: 505->536
[3045.879s][info][gc,heap        ] GC(614) Humongous regions: 80->80
[3045.879s][info][gc,metaspace   ] GC(614) Metaspace: 28910K(29312K)->28910K(29312K) NonClass: 24032K(24192K)->24032K(24192K) Class: 4878K(5120K)->4878K(5120K)
[3045.879s][info][gc             ] GC(614) Pause Young (Prepare Mixed) (G1 Evacuation Pause) 3625M->1448M(4096M) 116.671ms
[3045.879s][info][gc,cpu         ] GC(614) User=0.69s Sys=0.00s Real=0.11s
...[3049.440s][info][gc,start       ] GC(615) Pause Young (Mixed) (G1 Evacuation Pause)
[3049.440s][info][gc,task        ] GC(615) Using 6 workers of 6 for evacuation
[3049.574s][info][gc,phases      ] GC(615)   Pre Evacuate Collection Set: 0.37ms
[3049.574s][info][gc,phases      ] GC(615)   Merge Heap Roots: 0.74ms
[3049.574s][info][gc,phases      ] GC(615)   Evacuate Collection Set: 131.62ms
[3049.574s][info][gc,phases      ] GC(615)   Post Evacuate Collection Set: 0.97ms
[3049.574s][info][gc,phases      ] GC(615)   Other: 0.08ms
[3049.574s][info][gc,heap        ] GC(615) Eden regions: 1111->0(1120)
[3049.574s][info][gc,heap        ] GC(615) Survivor regions: 109->108(153)
[3049.574s][info][gc,heap        ] GC(615) Old regions: 536->474
[3049.574s][info][gc,heap        ] GC(615) Humongous regions: 80->80
[3049.574s][info][gc,metaspace   ] GC(615) Metaspace: 28910K(29312K)->28910K(29312K) NonClass: 24032K(24192K)->24032K(24192K) Class: 4878K(5120K)->4878K(5120K)
[3049.574s][info][gc             ] GC(615) Pause Young (Mixed) (G1 Evacuation Pause) 3670M->1323M(4096M) 133.925ms
[3049.574s][info][gc,cpu         ] GC(615) User=0.79s Sys=0.00s Real=0.14s
... (rIR:aIR:PR = 5120:5120:5120) (tPR = 76476) [OK] 
  3051s: Performance info:
         Transaction,    Success,    Partial,     Failed,   Receipts, AvgBarcode, 
             Overall,     308878,          0,          0,     293432,      59.48, 
         Response times:
             Request,    Success,    Partial,     Failed,   SkipFail,     Probes,    Samples,      min,      p50,      p90,      p95,      p99,      max, 
       TotalPurchase,     293428,          0,          0,          0,     287799,     328940,      300,     4100,     8200,    15000,    54000,   153000,
     InStorePurchase,     154428,          0,          0,          0,     151380,     172909,      300,     4300,     8400,    15600,    54000,   153000,
      OnlinePurchase,     108117,          0,          0,          0,     106378,     121401,      300,     3800,     7800,    14100,    52000,   153000,
        InstPurchase,      30883,          0,          0,          0,      30041,      34630,      400,     4200,     8200,    15700,    55000,   144000,
          AssocOfCat,        309,          0,          0,          0,        233,        324,    23000,    34500,    66000,    84500,   124250,   178000,
      AssocOfProduct,       3092,          0,          0,          0,       2797,       3393,      400,     3200,     7100,    10030,    35000,   138000,
      BusinessReport,        774,          0,          0,          0,        679,        918,    25000,    39000,    63000,    83000,   164430,   259000,
          CustBuyBeh,       3082,          0,          0,          0,       2852,       3425,      200,     4200,     8400,    14900,    55000,   140000,
       ProductReturn,       8189,          0,          0,          0,       7860,       9231,      200,     4800,     8900,    17400,    60000,   144000,

  3051s: (38%)   IR =   5258 .[3053.112s][info][gc,start       ] GC(616) Pause Young (Concurrent Start) (G1 Evacuation Pause)
[3053.112s][info][gc,task        ] GC(616) Using 6 workers of 6 for evacuation
[3053.230s][info][gc,phases      ] GC(616)   Pre Evacuate Collection Set: 0.40ms
[3053.230s][info][gc,phases      ] GC(616)   Merge Heap Roots: 0.53ms
[3053.230s][info][gc,phases      ] GC(616)   Evacuate Collection Set: 115.99ms
[3053.230s][info][gc,phases      ] GC(616)   Post Evacuate Collection Set: 0.90ms
[3053.230s][info][gc,phases      ] GC(616)   Other: 0.11ms
[3053.230s][info][gc,heap        ] GC(616) Eden regions: 1120->0(1118)
[3053.230s][info][gc,heap        ] GC(616) Survivor regions: 108->110(154)
[3053.230s][info][gc,heap        ] GC(616) Old regions: 474->507
[3053.230s][info][gc,heap        ] GC(616) Humongous regions: 80->80
[3053.230s][info][gc,metaspace   ] GC(616) Metaspace: 28910K(29312K)->28910K(29312K) NonClass: 24032K(24192K)->24032K(24192K) Class: 4878K(5120K)->4878K(5120K)
[3053.230s][info][gc             ] GC(616) Pause Young (Concurrent Start) (G1 Evacuation Pause) 3563M->1391M(4096M) 118.063ms
[3053.230s][info][gc             ] GC(617) Concurrent Mark Cycle
[3053.230s][info][gc,marking     ] GC(617) Concurrent Scan Root Regions
[3053.230s][info][gc,cpu         ] GC(616) User=0.70s Sys=0.00s Real=0.11s
[3053.368s][info][gc,marking     ] GC(617) Concurrent Scan Root Regions 138.056ms
[3053.368s][info][gc,marking     ] GC(617) Concurrent Mark
[3053.368s][info][gc,marking     ] GC(617) Concurrent Mark From Roots
[3053.368s][info][gc,task        ] GC(617) Using 2 workers of 2 for marking
.[3054.026s][info][gc,marking     ] GC(617) Concurrent Mark From Roots 657.287ms
[3054.026s][info][gc,marking     ] GC(617) Concurrent Preclean
[3054.026s][info][gc,marking     ] GC(617) Concurrent Preclean 0.154ms
[3054.026s][info][gc,start       ] GC(617) Pause Remark
[3054.032s][info][gc             ] GC(617) Pause Remark 1961M->1961M(4096M) 5.167ms
[3054.032s][info][gc,cpu         ] GC(617) User=0.03s Sys=0.00s Real=0.00s
[3054.032s][info][gc,marking     ] GC(617) Concurrent Mark 663.507ms
[3054.032s][info][gc,marking     ] GC(617) Concurrent Rebuild Remembered Sets and Scrub Regions
[3054.305s][info][gc,marking     ] GC(617) Concurrent Rebuild Remembered Sets and Scrub Regions 273.398ms
[3054.306s][info][gc,start       ] GC(617) Pause Cleanup
[3054.306s][info][gc             ] GC(617) Pause Cleanup 2135M->2135M(4096M) 0.117ms
[3054.306s][info][gc,cpu         ] GC(617) User=0.00s Sys=0.00s Real=0.00s
[3054.306s][info][gc,marking     ] GC(617) Concurrent Clear Claimed Marks
[3054.306s][info][gc,marking     ] GC(617) Concurrent Clear Claimed Marks 0.036ms
[3054.306s][info][gc,marking     ] GC(617) Concurrent Cleanup for Next Mark
[3054.310s][info][gc,marking     ] GC(617) Concurrent Cleanup for Next Mark 4.496ms
[3054.310s][info][gc             ] GC(617) Concurrent Mark Cycle 1080.013ms
...|[3056.738s][info][gc,start       ] GC(618) Pause Young (Prepare Mixed) (G1 Evacuation Pause)
[3056.738s][info][gc,task        ] GC(618) Using 6 workers of 6 for evacuation
[3056.858s][info][gc,phases      ] GC(618)   Pre Evacuate Collection Set: 0.33ms
[3056.858s][info][gc,phases      ] GC(618)   Merge Heap Roots: 0.54ms
[3056.858s][info][gc,phases      ] GC(618)   Evacuate Collection Set: 118.26ms
[3056.858s][info][gc,phases      ] GC(618)   Post Evacuate Collection Set: 0.92ms
[3056.858s][info][gc,phases      ] GC(618)   Other: 0.09ms
[3056.858s][info][gc,heap        ] GC(618) Eden regions: 1118->0(1103)
[3056.858s][info][gc,heap        ] GC(618) Survivor regions: 110->112(154)
[3056.858s][info][gc,heap        ] GC(618) Old regions: 507->538
[3056.858s][info][gc,heap        ] GC(618) Humongous regions: 80->80
[3056.858s][info][gc,metaspace   ] GC(618) Metaspace: 28910K(29312K)->28910K(29312K) NonClass: 24032K(24192K)->24032K(24192K) Class: 4878K(5120K)->4878K(5120K)
[3056.858s][info][gc             ] GC(618) Pause Young (Prepare Mixed) (G1 Evacuation Pause) 3627M->1459M(4096M) 120.293ms
[3056.858s][info][gc,cpu         ] GC(618) User=0.71s Sys=0.01s Real=0.12s
...[3060.202s][info][gc,start       ] GC(619) Pause Young (Mixed) (G1 Evacuation Pause)
[3060.202s][info][gc,task        ] GC(619) Using 6 workers of 6 for evacuation
[3060.336s][info][gc,phases      ] GC(619)   Pre Evacuate Collection Set: 0.40ms
[3060.336s][info][gc,phases      ] GC(619)   Merge Heap Roots: 0.69ms
[3060.336s][info][gc,phases      ] GC(619)   Evacuate Collection Set: 132.42ms
[3060.336s][info][gc,phases      ] GC(619)   Post Evacuate Collection Set: 0.92ms
[3060.336s][info][gc,phases      ] GC(619)   Other: 0.09ms
[3060.336s][info][gc,heap        ] GC(619) Eden regions: 1103->0(1119)
[3060.336s][info][gc,heap        ] GC(619) Survivor regions: 112->109(152)
[3060.336s][info][gc,heap        ] GC(619) Old regions: 538->476
[3060.336s][info][gc,heap        ] GC(619) Humongous regions: 80->80
[3060.336s][info][gc,metaspace   ] GC(619) Metaspace: 28910K(29312K)->28910K(29312K) NonClass: 24032K(24192K)->24032K(24192K) Class: 4878K(5120K)->4878K(5120K)
[3060.336s][info][gc             ] GC(619) Pause Young (Mixed) (G1 Evacuation Pause) 3665M->1328M(4096M) 134.658ms
[3060.336s][info][gc,cpu         ] GC(619) User=0.79s Sys=0.00s Real=0.14s
....[3063.778s][info][gc,start       ] GC(620) Pause Young (Concurrent Start) (G1 Evacuation Pause)
[3063.778s][info][gc,task        ] GC(620) Using 6 workers of 6 for evacuation
[3063.898s][info][gc,phases      ] GC(620)   Pre Evacuate Collection Set: 0.41ms
[3063.898s][info][gc,phases      ] GC(620)   Merge Heap Roots: 0.45ms
[3063.898s][info][gc,phases      ] GC(620)   Evacuate Collection Set: 118.62ms
[3063.898s][info][gc,phases      ] GC(620)   Post Evacuate Collection Set: 0.89ms
[3063.898s][info][gc,phases      ] GC(620)   Other: 0.10ms
[3063.898s][info][gc,heap        ] GC(620) Eden regions: 1119->0(1116)
[3063.898s][info][gc,heap        ] GC(620) Survivor regions: 109->112(154)
[3063.898s][info][gc,heap        ] GC(620) Old regions: 476->508
[3063.898s][info][gc,heap        ] GC(620) Humongous regions: 80->80
[3063.898s][info][gc,metaspace   ] GC(620) Metaspace: 28910K(29312K)->28910K(29312K) NonClass: 24032K(24192K)->24032K(24192K) Class: 4878K(5120K)->4878K(5120K)
[3063.898s][info][gc             ] GC(620) Pause Young (Concurrent Start) (G1 Evacuation Pause) 3566M->1398M(4096M) 120.595ms
[3063.898s][info][gc             ] GC(621) Concurrent Mark Cycle
[3063.898s][info][gc,marking     ] GC(621) Concurrent Scan Root Regions
[3063.898s][info][gc,cpu         ] GC(620) User=0.71s Sys=0.00s Real=0.12s
[3064.077s][info][gc,marking     ] GC(621) Concurrent Scan Root Regions 178.325ms
[3064.077s][info][gc,marking     ] GC(621) Concurrent Mark
[3064.077s][info][gc,marking     ] GC(621) Concurrent Mark From Roots
[3064.077s][info][gc,task        ] GC(621) Using 2 workers of 2 for marking
.[3064.812s][info][gc,marking     ] GC(621) Concurrent Mark From Roots 735.660ms
[3064.812s][info][gc,marking     ] GC(621) Concurrent Preclean
[3064.813s][info][gc,marking     ] GC(621) Concurrent Preclean 0.121ms
[3064.813s][info][gc,start       ] GC(621) Pause Remark
[3064.818s][info][gc             ] GC(621) Pause Remark 1990M->1990M(4096M) 5.141ms
[3064.818s][info][gc,cpu         ] GC(621) User=0.03s Sys=0.00s Real=0.00s
[3064.819s][info][gc,marking     ] GC(621) Concurrent Mark 742.286ms
[3064.819s][info][gc,marking     ] GC(621) Concurrent Rebuild Remembered Sets and Scrub Regions
[3065.130s][info][gc,marking     ] GC(621) Concurrent Rebuild Remembered Sets and Scrub Regions 310.811ms
[3065.130s][info][gc,start       ] GC(621) Pause Cleanup
[3065.130s][info][gc             ] GC(621) Pause Cleanup 2172M->2172M(4096M) 0.123ms
[3065.130s][info][gc,cpu         ] GC(621) User=0.00s Sys=0.00s Real=0.00s
[3065.130s][info][gc,marking     ] GC(621) Concurrent Clear Claimed Marks
[3065.130s][info][gc,marking     ] GC(621) Concurrent Clear Claimed Marks 0.031ms
[3065.130s][info][gc,marking     ] GC(621) Concurrent Cleanup for Next Mark
[3065.135s][info][gc,marking     ] GC(621) Concurrent Cleanup for Next Mark 4.451ms
[3065.135s][info][gc             ] GC(621) Concurrent Mark Cycle 1236.438ms
..[3067.452s][info][gc,start       ] GC(622) Pause Young (Prepare Mixed) (G1 Evacuation Pause)
[3067.452s][info][gc,task        ] GC(622) Using 6 workers of 6 for evacuation
[3067.571s][info][gc,phases      ] GC(622)   Pre Evacuate Collection Set: 0.32ms
[3067.571s][info][gc,phases      ] GC(622)   Merge Heap Roots: 0.57ms
[3067.571s][info][gc,phases      ] GC(622)   Evacuate Collection Set: 116.53ms
[3067.571s][info][gc,phases      ] GC(622)   Post Evacuate Collection Set: 0.90ms
[3067.571s][info][gc,phases      ] GC(622)   Other: 0.09ms
[3067.571s][info][gc,heap        ] GC(622) Eden regions: 1116->0(1102)
[3067.571s][info][gc,heap        ] GC(622) Survivor regions: 112->112(154)
[3067.571s][info][gc,heap        ] GC(622) Old regions: 508->539
[3067.571s][info][gc,heap        ] GC(622) Humongous regions: 80->80
[3067.571s][info][gc,metaspace   ] GC(622) Metaspace: 28910K(29312K)->28910K(29312K) NonClass: 24032K(24192K)->24032K(24192K) Class: 4878K(5120K)->4878K(5120K)
[3067.571s][info][gc             ] GC(622) Pause Young (Prepare Mixed) (G1 Evacuation Pause) 3630M->1460M(4096M) 118.531ms
[3067.571s][info][gc,cpu         ] GC(622) User=0.70s Sys=0.00s Real=0.11s
....[3070.970s][info][gc,start       ] GC(623) Pause Young (Mixed) (G1 Evacuation Pause)
[3070.970s][info][gc,task        ] GC(623) Using 6 workers of 6 for evacuation
[3071.105s][info][gc,phases      ] GC(623)   Pre Evacuate Collection Set: 0.37ms
[3071.105s][info][gc,phases      ] GC(623)   Merge Heap Roots: 0.65ms
[3071.105s][info][gc,phases      ] GC(623)   Evacuate Collection Set: 132.07ms
[3071.105s][info][gc,phases      ] GC(623)   Post Evacuate Collection Set: 0.95ms
[3071.105s][info][gc,phases      ] GC(623)   Other: 0.09ms
[3071.105s][info][gc,heap        ] GC(623) Eden regions: 1102->0(1119)
[3071.105s][info][gc,heap        ] GC(623) Survivor regions: 112->109(152)
[3071.105s][info][gc,heap        ] GC(623) Old regions: 539->475
[3071.105s][info][gc,heap        ] GC(623) Humongous regions: 80->80
[3071.105s][info][gc,metaspace   ] GC(623) Metaspace: 28910K(29312K)->28910K(29312K) NonClass: 24032K(24192K)->24032K(24192K) Class: 4878K(5120K)->4878K(5120K)
[3071.105s][info][gc             ] GC(623) Pause Young (Mixed) (G1 Evacuation Pause) 3664M->1326M(4096M) 134.262ms
[3071.105s][info][gc,cpu         ] GC(623) User=0.79s Sys=0.00s Real=0.14s
...[3074.547s][info][gc,start       ] GC(624) Pause Young (Concurrent Start) (G1 Evacuation Pause)
[3074.547s][info][gc,task        ] GC(624) Using 6 workers of 6 for evacuation
[3074.665s][info][gc,phases      ] GC(624)   Pre Evacuate Collection Set: 0.38ms
[3074.665s][info][gc,phases      ] GC(624)   Merge Heap Roots: 0.48ms
[3074.665s][info][gc,phases      ] GC(624)   Evacuate Collection Set: 115.90ms
[3074.665s][info][gc,phases      ] GC(624)   Post Evacuate Collection Set: 0.87ms
[3074.665s][info][gc,phases      ] GC(624)   Other: 0.12ms
[3074.665s][info][gc,heap        ] GC(624) Eden regions: 1119->0(1119)
[3074.665s][info][gc,heap        ] GC(624) Survivor regions: 109->109(154)
[3074.665s][info][gc,heap        ] GC(624) Old regions: 475->507
[3074.665s][info][gc,heap        ] GC(624) Humongous regions: 80->80
[3074.665s][info][gc,metaspace   ] GC(624) Metaspace: 28910K(29312K)->28910K(29312K) NonClass: 24032K(24192K)->24032K(24192K) Class: 4878K(5120K)->4878K(5120K)
[3074.665s][info][gc             ] GC(624) Pause Young (Concurrent Start) (G1 Evacuation Pause) 3564M->1391M(4096M) 117.882ms
[3074.665s][info][gc             ] GC(625) Concurrent Mark Cycle
[3074.665s][info][gc,marking     ] GC(625) Concurrent Scan Root Regions
[3074.665s][info][gc,cpu         ] GC(624) User=0.70s Sys=0.00s Real=0.12s
.[3074.848s][info][gc,marking     ] GC(625) Concurrent Scan Root Regions 183.626ms
[3074.848s][info][gc,marking     ] GC(625) Concurrent Mark
[3074.848s][info][gc,marking     ] GC(625) Concurrent Mark From Roots
[3074.848s][info][gc,task        ] GC(625) Using 2 workers of 2 for marking
[3075.647s][info][gc,marking     ] GC(625) Concurrent Mark From Roots 798.693ms
[3075.647s][info][gc,marking     ] GC(625) Concurrent Preclean
[3075.647s][info][gc,marking     ] GC(625) Concurrent Preclean 0.129ms
[3075.649s][info][gc,start       ] GC(625) Pause Remark
[3075.654s][info][gc             ] GC(625) Pause Remark 2087M->2087M(4096M) 5.407ms
[3075.654s][info][gc,cpu         ] GC(625) User=0.03s Sys=0.00s Real=0.01s
[3075.654s][info][gc,marking     ] GC(625) Concurrent Mark 806.036ms
[3075.654s][info][gc,marking     ] GC(625) Concurrent Rebuild Remembered Sets and Scrub Regions
.[3075.941s][info][gc,marking     ] GC(625) Concurrent Rebuild Remembered Sets and Scrub Regions 286.798ms
[3075.941s][info][gc,start       ] GC(625) Pause Cleanup
[3075.941s][info][gc             ] GC(625) Pause Cleanup 2282M->2282M(4096M) 0.111ms
[3075.941s][info][gc,cpu         ] GC(625) User=0.00s Sys=0.00s Real=0.00s
[3075.941s][info][gc,marking     ] GC(625) Concurrent Clear Claimed Marks
[3075.942s][info][gc,marking     ] GC(625) Concurrent Clear Claimed Marks 0.023ms
[3075.942s][info][gc,marking     ] GC(625) Concurrent Cleanup for Next Mark
[3075.945s][info][gc,marking     ] GC(625) Concurrent Cleanup for Next Mark 3.543ms
[3075.945s][info][gc             ] GC(625) Concurrent Mark Cycle 1280.507ms
..[3078.142s][info][gc,start       ] GC(626) Pause Young (Prepare Mixed) (G1 Evacuation Pause)
[3078.142s][info][gc,task        ] GC(626) Using 6 workers of 6 for evacuation
[3078.258s][info][gc,phases      ] GC(626)   Pre Evacuate Collection Set: 0.31ms
[3078.258s][info][gc,phases      ] GC(626)   Merge Heap Roots: 0.51ms
[3078.258s][info][gc,phases      ] GC(626)   Evacuate Collection Set: 114.11ms
[3078.258s][info][gc,phases      ] GC(626)   Post Evacuate Collection Set: 0.92ms
[3078.258s][info][gc,phases      ] GC(626)   Other: 0.09ms
[3078.258s][info][gc,heap        ] GC(626) Eden regions: 1119->0(1110)
[3078.258s][info][gc,heap        ] GC(626) Survivor regions: 109->108(154)
[3078.258s][info][gc,heap        ] GC(626) Old regions: 507->539
[3078.258s][info][gc,heap        ] GC(626) Humongous regions: 80->80
[3078.258s][info][gc,metaspace   ] GC(626) Metaspace: 28910K(29312K)->28910K(29312K) NonClass: 24032K(24192K)->24032K(24192K) Class: 4878K(5120K)->4878K(5120K)
[3078.259s][info][gc             ] GC(626) Pause Young (Prepare Mixed) (G1 Evacuation Pause) 3629M->1451M(4096M) 116.087ms
[3078.259s][info][gc,cpu         ] GC(626) User=0.68s Sys=0.00s Real=0.11s
....[3081.731s][info][gc,start       ] GC(627) Pause Young (Mixed) (G1 Evacuation Pause)
[3081.731s][info][gc,task        ] GC(627) Using 6 workers of 6 for evacuation
[3081.863s][info][gc,phases      ] GC(627)   Pre Evacuate Collection Set: 0.37ms
[3081.863s][info][gc,phases      ] GC(627)   Merge Heap Roots: 0.68ms
[3081.863s][info][gc,phases      ] GC(627)   Evacuate Collection Set: 129.73ms
[3081.863s][info][gc,phases      ] GC(627)   Post Evacuate Collection Set: 0.92ms
[3081.863s][info][gc,phases      ] GC(627)   Other: 0.09ms
[3081.863s][info][gc,heap        ] GC(627) Eden regions: 1110->0(1118)
[3081.863s][info][gc,heap        ] GC(627) Survivor regions: 108->110(153)
[3081.863s][info][gc,heap        ] GC(627) Old regions: 539->474
[3081.863s][info][gc,heap        ] GC(627) Humongous regions: 80->80
[3081.863s][info][gc,metaspace   ] GC(627) Metaspace: 28910K(29312K)->28910K(29312K) NonClass: 24032K(24192K)->24032K(24192K) Class: 4878K(5120K)->4878K(5120K)
[3081.863s][info][gc             ] GC(627) Pause Young (Mixed) (G1 Evacuation Pause) 3671M->1326M(4096M) 131.918ms
[3081.863s][info][gc,cpu         ] GC(627) User=0.78s Sys=0.01s Real=0.14s
...[3085.286s][info][gc,start       ] GC(628) Pause Young (Concurrent Start) (G1 Evacuation Pause)
[3085.287s][info][gc,task        ] GC(628) Using 6 workers of 6 for evacuation
[3085.405s][info][gc,phases      ] GC(628)   Pre Evacuate Collection Set: 0.37ms
[3085.405s][info][gc,phases      ] GC(628)   Merge Heap Roots: 0.45ms
[3085.405s][info][gc,phases      ] GC(628)   Evacuate Collection Set: 116.60ms
[3085.405s][info][gc,phases      ] GC(628)   Post Evacuate Collection Set: 0.88ms
[3085.405s][info][gc,phases      ] GC(628)   Other: 0.11ms
[3085.405s][info][gc,heap        ] GC(628) Eden regions: 1118->0(1119)
[3085.405s][info][gc,heap        ] GC(628) Survivor regions: 110->109(154)
[3085.405s][info][gc,heap        ] GC(628) Old regions: 474->505
[3085.405s][info][gc,heap        ] GC(628) Humongous regions: 80->80
[3085.405s][info][gc,metaspace   ] GC(628) Metaspace: 28910K(29312K)->28910K(29312K) NonClass: 24032K(24192K)->24032K(24192K) Class: 4878K(5120K)->4878K(5120K)
[3085.405s][info][gc             ] GC(628) Pause Young (Concurrent Start) (G1 Evacuation Pause) 3562M->1386M(4096M) 118.551ms
[3085.405s][info][gc             ] GC(629) Concurrent Mark Cycle
[3085.405s][info][gc,marking     ] GC(629) Concurrent Scan Root Regions
[3085.405s][info][gc,cpu         ] GC(628) User=0.70s Sys=0.00s Real=0.12s
[3085.588s][info][gc,marking     ] GC(629) Concurrent Scan Root Regions 183.101ms
[3085.588s][info][gc,marking     ] GC(629) Concurrent Mark
[3085.588s][info][gc,marking     ] GC(629) Concurrent Mark From Roots
[3085.588s][info][gc,task        ] GC(629) Using 2 workers of 2 for marking
.[3086.242s][info][gc,marking     ] GC(629) Concurrent Mark From Roots 653.420ms
[3086.242s][info][gc,marking     ] GC(629) Concurrent Preclean
[3086.242s][info][gc,marking     ] GC(629) Concurrent Preclean 0.077ms
[3086.242s][info][gc,start       ] GC(629) Pause Remark
[3086.247s][info][gc             ] GC(629) Pause Remark 1972M->1972M(4096M) 4.726ms
[3086.247s][info][gc,cpu         ] GC(629) User=0.02s Sys=0.00s Real=0.01s
[3086.247s][info][gc,marking     ] GC(629) Concurrent Mark 658.494ms
[3086.247s][info][gc,marking     ] GC(629) Concurrent Rebuild Remembered Sets and Scrub Regions
[3086.484s][info][gc,marking     ] GC(629) Concurrent Rebuild Remembered Sets and Scrub Regions 236.821ms
[3086.484s][info][gc,start       ] GC(629) Pause Cleanup
[3086.484s][info][gc             ] GC(629) Pause Cleanup 2111M->2111M(4096M) 0.105ms
[3086.484s][info][gc,cpu         ] GC(629) User=0.00s Sys=0.00s Real=0.00s
[3086.484s][info][gc,marking     ] GC(629) Concurrent Clear Claimed Marks
[3086.484s][info][gc,marking     ] GC(629) Concurrent Clear Claimed Marks 0.022ms
[3086.484s][info][gc,marking     ] GC(629) Concurrent Cleanup for Next Mark
[3086.487s][info][gc,marking     ] GC(629) Concurrent Cleanup for Next Mark 3.381ms
[3086.487s][info][gc             ] GC(629) Concurrent Mark Cycle 1082.255ms
...[3088.864s][info][gc,start       ] GC(630) Pause Young (Prepare Mixed) (G1 Evacuation Pause)
[3088.864s][info][gc,task        ] GC(630) Using 6 workers of 6 for evacuation
[3088.982s][info][gc,phases      ] GC(630)   Pre Evacuate Collection Set: 0.33ms
[3088.982s][info][gc,phases      ] GC(630)   Merge Heap Roots: 0.50ms
[3088.982s][info][gc,phases      ] GC(630)   Evacuate Collection Set: 116.56ms
[3088.982s][info][gc,phases      ] GC(630)   Post Evacuate Collection Set: 0.92ms
[3088.982s][info][gc,phases      ] GC(630)   Other: 0.09ms
[3088.982s][info][gc,heap        ] GC(630) Eden regions: 1119->0(1108)
[3088.982s][info][gc,heap        ] GC(630) Survivor regions: 109->110(154)
[3088.982s][info][gc,heap        ] GC(630) Old regions: 505->537
[3088.982s][info][gc,heap        ] GC(630) Humongous regions: 80->80
[3088.982s][info][gc,metaspace   ] GC(630) Metaspace: 28910K(29312K)->28910K(29312K) NonClass: 24032K(24192K)->24032K(24192K) Class: 4878K(5120K)->4878K(5120K)
[3088.982s][info][gc             ] GC(630) Pause Young (Prepare Mixed) (G1 Evacuation Pause) 3624M->1452M(4096M) 118.525ms
[3088.982s][info][gc,cpu         ] GC(630) User=0.70s Sys=0.00s Real=0.12s
...[3092.465s][info][gc,start       ] GC(631) Pause Young (Mixed) (G1 Evacuation Pause)
[3092.465s][info][gc,task        ] GC(631) Using 6 workers of 6 for evacuation
[3092.598s][info][gc,phases      ] GC(631)   Pre Evacuate Collection Set: 0.38ms
[3092.598s][info][gc,phases      ] GC(631)   Merge Heap Roots: 0.71ms
[3092.598s][info][gc,phases      ] GC(631)   Evacuate Collection Set: 131.40ms
[3092.598s][info][gc,phases      ] GC(631)   Post Evacuate Collection Set: 0.96ms
[3092.598s][info][gc,phases      ] GC(631)   Other: 0.09ms
[3092.598s][info][gc,heap        ] GC(631) Eden regions: 1108->0(1119)
[3092.598s][info][gc,heap        ] GC(631) Survivor regions: 110->109(153)
[3092.598s][info][gc,heap        ] GC(631) Old regions: 537->474
[3092.598s][info][gc,heap        ] GC(631) Humongous regions: 80->80
[3092.598s][info][gc,metaspace   ] GC(631) Metaspace: 28910K(29312K)->28910K(29312K) NonClass: 24032K(24192K)->24032K(24192K) Class: 4878K(5120K)->4878K(5120K)
[3092.598s][info][gc             ] GC(631) Pause Young (Mixed) (G1 Evacuation Pause) 3668M->1323M(4096M) 133.685ms
[3092.598s][info][gc,cpu         ] GC(631) User=0.79s Sys=0.00s Real=0.13s
....[3096.024s][info][gc,start       ] GC(632) Pause Young (Concurrent Start) (G1 Evacuation Pause)
[3096.024s][info][gc,task        ] GC(632) Using 6 workers of 6 for evacuation
[3096.138s][info][gc,phases      ] GC(632)   Pre Evacuate Collection Set: 0.37ms
[3096.138s][info][gc,phases      ] GC(632)   Merge Heap Roots: 0.48ms
[3096.138s][info][gc,phases      ] GC(632)   Evacuate Collection Set: 112.90ms
[3096.138s][info][gc,phases      ] GC(632)   Post Evacuate Collection Set: 0.89ms
[3096.138s][info][gc,phases      ] GC(632)   Other: 0.09ms
[3096.138s][info][gc,heap        ] GC(632) Eden regions: 1119->0(1121)
[3096.138s][info][gc,heap        ] GC(632) Survivor regions: 109->107(154)
[3096.138s][info][gc,heap        ] GC(632) Old regions: 474->506
[3096.138s][info][gc,heap        ] GC(632) Humongous regions: 80->80
[3096.138s][info][gc,metaspace   ] GC(632) Metaspace: 28910K(29312K)->28910K(29312K) NonClass: 24032K(24192K)->24032K(24192K) Class: 4878K(5120K)->4878K(5120K)
[3096.138s][info][gc             ] GC(632) Pause Young (Concurrent Start) (G1 Evacuation Pause) 3561M->1384M(4096M) 114.859ms
[3096.139s][info][gc             ] GC(633) Concurrent Mark Cycle
[3096.139s][info][gc,marking     ] GC(633) Concurrent Scan Root Regions
[3096.139s][info][gc,cpu         ] GC(632) User=0.68s Sys=0.00s Real=0.11s
[3096.274s][info][gc,marking     ] GC(633) Concurrent Scan Root Regions 135.037ms
[3096.274s][info][gc,marking     ] GC(633) Concurrent Mark
[3096.274s][info][gc,marking     ] GC(633) Concurrent Mark From Roots
[3096.274s][info][gc,task        ] GC(633) Using 2 workers of 2 for marking
.[3096.933s][info][gc,marking     ] GC(633) Concurrent Mark From Roots 659.305ms
[3096.933s][info][gc,marking     ] GC(633) Concurrent Preclean
[3096.933s][info][gc,marking     ] GC(633) Concurrent Preclean 0.122ms
[3096.933s][info][gc,start       ] GC(633) Pause Remark
[3096.939s][info][gc             ] GC(633) Pause Remark 1948M->1948M(4096M) 6.161ms
[3096.939s][info][gc,cpu         ] GC(633) User=0.03s Sys=0.00s Real=0.00s
[3096.940s][info][gc,marking     ] GC(633) Concurrent Mark 665.884ms
[3096.940s][info][gc,marking     ] GC(633) Concurrent Rebuild Remembered Sets and Scrub Regions
[3097.217s][info][gc,marking     ] GC(633) Concurrent Rebuild Remembered Sets and Scrub Regions 277.848ms
[3097.218s][info][gc,start       ] GC(633) Pause Cleanup
[3097.218s][info][gc             ] GC(633) Pause Cleanup 2124M->2124M(4096M) 0.107ms
[3097.218s][info][gc,cpu         ] GC(633) User=0.00s Sys=0.00s Real=0.00s
[3097.218s][info][gc,marking     ] GC(633) Concurrent Clear Claimed Marks
[3097.218s][info][gc,marking     ] GC(633) Concurrent Clear Claimed Marks 0.027ms
[3097.218s][info][gc,marking     ] GC(633) Concurrent Cleanup for Next Mark
[3097.223s][info][gc,marking     ] GC(633) Concurrent Cleanup for Next Mark 5.207ms
[3097.223s][info][gc             ] GC(633) Concurrent Mark Cycle 1084.810ms
..[3099.637s][info][gc,start       ] GC(634) Pause Young (Prepare Mixed) (G1 Evacuation Pause)
[3099.637s][info][gc,task        ] GC(634) Using 6 workers of 6 for evacuation
[3099.760s][info][gc,phases      ] GC(634)   Pre Evacuate Collection Set: 0.32ms
[3099.760s][info][gc,phases      ] GC(634)   Merge Heap Roots: 0.50ms
[3099.760s][info][gc,phases      ] GC(634)   Evacuate Collection Set: 120.84ms
[3099.760s][info][gc,phases      ] GC(634)   Post Evacuate Collection Set: 0.94ms
[3099.760s][info][gc,phases      ] GC(634)   Other: 0.09ms
[3099.760s][info][gc,heap        ] GC(634) Eden regions: 1121->0(1103)
[3099.760s][info][gc,heap        ] GC(634) Survivor regions: 107->112(154)
[3099.760s][info][gc,heap        ] GC(634) Old regions: 506->538
[3099.760s][info][gc,heap        ] GC(634) Humongous regions: 80->80
[3099.760s][info][gc,metaspace   ] GC(634) Metaspace: 28855K(29312K)->28855K(29312K) NonClass: 23986K(24192K)->23986K(24192K) Class: 4869K(5120K)->4869K(5120K)
[3099.760s][info][gc             ] GC(634) Pause Young (Prepare Mixed) (G1 Evacuation Pause) 3626M->1457M(4096M) 122.837ms
[3099.760s][info][gc,cpu         ] GC(634) User=0.73s Sys=0.01s Real=0.12s
....[3103.161s][info][gc,start       ] GC(635) Pause Young (Mixed) (G1 Evacuation Pause)
[3103.161s][info][gc,task        ] GC(635) Using 6 workers of 6 for evacuation
[3103.295s][info][gc,phases      ] GC(635)   Pre Evacuate Collection Set: 0.38ms
[3103.295s][info][gc,phases      ] GC(635)   Merge Heap Roots: 0.75ms
[3103.295s][info][gc,phases      ] GC(635)   Evacuate Collection Set: 131.64ms
[3103.295s][info][gc,phases      ] GC(635)   Post Evacuate Collection Set: 0.94ms
[3103.295s][info][gc,phases      ] GC(635)   Other: 0.09ms
[3103.295s][info][gc,heap        ] GC(635) Eden regions: 1103->0(1121)
[3103.295s][info][gc,heap        ] GC(635) Survivor regions: 112->107(152)
[3103.295s][info][gc,heap        ] GC(635) Old regions: 538->474
[3103.295s][info][gc,heap        ] GC(635) Humongous regions: 80->80
[3103.295s][info][gc,metaspace   ] GC(635) Metaspace: 28855K(29312K)->28855K(29312K) NonClass: 23986K(24192K)->23986K(24192K) Class: 4869K(5120K)->4869K(5120K)
[3103.295s][info][gc             ] GC(635) Pause Young (Mixed) (G1 Evacuation Pause) 3663M->1320M(4096M) 133.924ms
[3103.295s][info][gc,cpu         ] GC(635) User=0.80s Sys=0.00s Real=0.14s
...[3106.754s][info][gc,start       ] GC(636) Pause Young (Concurrent Start) (G1 Evacuation Pause)
[3106.754s][info][gc,task        ] GC(636) Using 6 workers of 6 for evacuation
[3106.870s][info][gc,phases      ] GC(636)   Pre Evacuate Collection Set: 0.38ms
[3106.870s][info][gc,phases      ] GC(636)   Merge Heap Roots: 0.52ms
[3106.871s][info][gc,phases      ] GC(636)   Evacuate Collection Set: 114.46ms
[3106.871s][info][gc,phases      ] GC(636)   Post Evacuate Collection Set: 0.89ms
[3106.871s][info][gc,phases      ] GC(636)   Other: 0.10ms
[3106.871s][info][gc,heap        ] GC(636) Eden regions: 1121->0(1119)
[3106.871s][info][gc,heap        ] GC(636) Survivor regions: 107->109(154)
[3106.871s][info][gc,heap        ] GC(636) Old regions: 474->506
[3106.871s][info][gc,heap        ] GC(636) Humongous regions: 80->80
[3106.871s][info][gc,metaspace   ] GC(636) Metaspace: 28855K(29312K)->28855K(29312K) NonClass: 23986K(24192K)->23986K(24192K) Class: 4869K(5120K)->4869K(5120K)
[3106.871s][info][gc             ] GC(636) Pause Young (Concurrent Start) (G1 Evacuation Pause) 3562M->1389M(4096M) 117.261ms
[3106.871s][info][gc             ] GC(637) Concurrent Mark Cycle
[3106.871s][info][gc,cpu         ] GC(636) User=0.69s Sys=0.00s Real=0.11s
[3106.871s][info][gc,marking     ] GC(637) Concurrent Scan Root Regions
.[3107.007s][info][gc,marking     ] GC(637) Concurrent Scan Root Regions 136.203ms
[3107.008s][info][gc,marking     ] GC(637) Concurrent Mark
[3107.008s][info][gc,marking     ] GC(637) Concurrent Mark From Roots
[3107.008s][info][gc,task        ] GC(637) Using 2 workers of 2 for marking
[3107.665s][info][gc,marking     ] GC(637) Concurrent Mark From Roots 657.340ms
[3107.665s][info][gc,marking     ] GC(637) Concurrent Preclean
[3107.666s][info][gc,marking     ] GC(637) Concurrent Preclean 1.144ms
[3107.666s][info][gc,start       ] GC(637) Pause Remark
[3107.672s][info][gc             ] GC(637) Pause Remark 1947M->1947M(4096M) 6.177ms
[3107.672s][info][gc,cpu         ] GC(637) User=0.04s Sys=0.00s Real=0.01s
[3107.673s][info][gc,marking     ] GC(637) Concurrent Mark 665.050ms
[3107.673s][info][gc,marking     ] GC(637) Concurrent Rebuild Remembered Sets and Scrub Regions
.[3107.920s][info][gc,marking     ] GC(637) Concurrent Rebuild Remembered Sets and Scrub Regions 247.336ms
[3107.920s][info][gc,start       ] GC(637) Pause Cleanup
[3107.920s][info][gc             ] GC(637) Pause Cleanup 2115M->2115M(4096M) 0.115ms
[3107.920s][info][gc,cpu         ] GC(637) User=0.00s Sys=0.00s Real=0.00s
[3107.921s][info][gc,marking     ] GC(637) Concurrent Clear Claimed Marks
[3107.921s][info][gc,marking     ] GC(637) Concurrent Clear Claimed Marks 0.042ms
[3107.921s][info][gc,marking     ] GC(637) Concurrent Cleanup for Next Mark
[3107.926s][info][gc,marking     ] GC(637) Concurrent Cleanup for Next Mark 4.489ms
[3107.926s][info][gc             ] GC(637) Concurrent Mark Cycle 1054.673ms
..[3110.416s][info][gc,start       ] GC(638) Pause Young (Prepare Mixed) (G1 Evacuation Pause)
[3110.416s][info][gc,task        ] GC(638) Using 6 workers of 6 for evacuation
[3110.536s][info][gc,phases      ] GC(638)   Pre Evacuate Collection Set: 0.36ms
[3110.536s][info][gc,phases      ] GC(638)   Merge Heap Roots: 0.55ms
[3110.536s][info][gc,phases      ] GC(638)   Evacuate Collection Set: 118.24ms
[3110.536s][info][gc,phases      ] GC(638)   Post Evacuate Collection Set: 0.92ms
[3110.536s][info][gc,phases      ] GC(638)   Other: 0.09ms
[3110.536s][info][gc,heap        ] GC(638) Eden regions: 1119->0(1105)
[3110.536s][info][gc,heap        ] GC(638) Survivor regions: 109->111(154)
[3110.536s][info][gc,heap        ] GC(638) Old regions: 506->538
[3110.536s][info][gc,heap        ] GC(638) Humongous regions: 80->80
[3110.536s][info][gc,metaspace   ] GC(638) Metaspace: 28855K(29312K)->28855K(29312K) NonClass: 23986K(24192K)->23986K(24192K) Class: 4869K(5120K)->4869K(5120K)
[3110.536s][info][gc             ] GC(638) Pause Young (Prepare Mixed) (G1 Evacuation Pause) 3627M->1456M(4096M) 120.287ms
[3110.536s][info][gc,cpu         ] GC(638) User=0.71s Sys=0.00s Real=0.12s
....[3113.909s][info][gc,start       ] GC(639) Pause Young (Mixed) (G1 Evacuation Pause)
[3113.909s][info][gc,task        ] GC(639) Using 6 workers of 6 for evacuation
[3114.048s][info][gc,phases      ] GC(639)   Pre Evacuate Collection Set: 0.34ms
[3114.048s][info][gc,phases      ] GC(639)   Merge Heap Roots: 0.66ms
[3114.048s][info][gc,phases      ] GC(639)   Evacuate Collection Set: 136.75ms
[3114.048s][info][gc,phases      ] GC(639)   Post Evacuate Collection Set: 0.94ms
[3114.048s][info][gc,phases      ] GC(639)   Other: 0.09ms
[3114.048s][info][gc,heap        ] GC(639) Eden regions: 1105->0(1113)
[3114.048s][info][gc,heap        ] GC(639) Survivor regions: 111->115(152)
[3114.048s][info][gc,heap        ] GC(639) Old regions: 538->475
[3114.048s][info][gc,heap        ] GC(639) Humongous regions: 80->80
[3114.048s][info][gc,metaspace   ] GC(639) Metaspace: 28855K(29312K)->28855K(29312K) NonClass: 23986K(24192K)->23986K(24192K) Class: 4869K(5120K)->4869K(5120K)
[3114.048s][info][gc             ] GC(639) Pause Young (Mixed) (G1 Evacuation Pause) 3666M->1338M(4096M) 138.899ms
[3114.048s][info][gc,cpu         ] GC(639) User=0.82s Sys=0.00s Real=0.14s
... (rIR:aIR:PR = 5258:5255:5255) (tPR = 78653) [OK] 
  3116s: Performance info:
         Transaction,    Success,    Partial,     Failed,   Receipts, AvgBarcode, 
             Overall,     316638,          0,          0,     300775,      59.47, 
         Response times:
             Request,    Success,    Partial,     Failed,   SkipFail,     Probes,    Samples,      min,      p50,      p90,      p95,      p99,      max, 
       TotalPurchase,     300775,          0,          0,          0,     295243,     320119,      300,     4300,     9800,    28000,    77000,   204000,
     InStorePurchase,     158294,          0,          0,          0,     155800,     168605,      300,     4400,     9800,    28000,    79000,   204000,
      OnlinePurchase,     110808,          0,          0,          0,     108648,     117789,      300,     4300,     9800,    28000,    75000,   204000,
        InstPurchase,      31673,          0,          0,          0,      30795,      33725,      400,     4000,     9400,    26000,    76000,   182000,
          AssocOfCat,        318,          0,          0,          0,        246,        328,    23000,    34000,    64100,    82000,   163550,   203000,
      AssocOfProduct,       3169,          0,          0,          0,       2961,       3444,      600,     4000,     9400,    24000,    67000,   141000,
      BusinessReport,        794,          0,          0,          0,        686,        842,    24000,    38000,    63000,    76000,   164850,   232000,
          CustBuyBeh,       3173,          0,          0,          0,       2913,       3315,      300,     4000,     9440,    29000,    70840,   143000,
       ProductReturn,       8409,          0,          0,          0,       8031,       9039,      300,     4400,    10800,    31000,    88200,   164000,

  3116s: (39%)   IR =   5396 [3117.478s][info][gc,start       ] GC(640) Pause Young (Concurrent Start) (G1 Evacuation Pause)
[3117.478s][info][gc,task        ] GC(640) Using 6 workers of 6 for evacuation
[3117.594s][info][gc,phases      ] GC(640)   Pre Evacuate Collection Set: 0.37ms
[3117.594s][info][gc,phases      ] GC(640)   Merge Heap Roots: 0.45ms
[3117.594s][info][gc,phases      ] GC(640)   Evacuate Collection Set: 114.02ms
[3117.594s][info][gc,phases      ] GC(640)   Post Evacuate Collection Set: 0.92ms
[3117.594s][info][gc,phases      ] GC(640)   Other: 0.10ms
[3117.594s][info][gc,heap        ] GC(640) Eden regions: 1113->0(1120)
[3117.594s][info][gc,heap        ] GC(640) Survivor regions: 115->108(154)
[3117.594s][info][gc,heap        ] GC(640) Old regions: 475->508
[3117.594s][info][gc,heap        ] GC(640) Humongous regions: 80->80
[3117.594s][info][gc,metaspace   ] GC(640) Metaspace: 28855K(29312K)->28855K(29312K) NonClass: 23986K(24192K)->23986K(24192K) Class: 4869K(5120K)->4869K(5120K)
[3117.594s][info][gc             ] GC(640) Pause Young (Concurrent Start) (G1 Evacuation Pause) 3564M->1391M(4096M) 115.987ms
[3117.594s][info][gc             ] GC(641) Concurrent Mark Cycle
[3117.594s][info][gc,marking     ] GC(641) Concurrent Scan Root Regions
[3117.594s][info][gc,cpu         ] GC(640) User=0.69s Sys=0.00s Real=0.12s
[3117.731s][info][gc,marking     ] GC(641) Concurrent Scan Root Regions 136.925ms
[3117.731s][info][gc,marking     ] GC(641) Concurrent Mark
[3117.731s][info][gc,marking     ] GC(641) Concurrent Mark From Roots
[3117.731s][info][gc,task        ] GC(641) Using 2 workers of 2 for marking
.[3118.413s][info][gc,marking     ] GC(641) Concurrent Mark From Roots 681.936ms
[3118.413s][info][gc,marking     ] GC(641) Concurrent Preclean
[3118.413s][info][gc,marking     ] GC(641) Concurrent Preclean 0.617ms
[3118.414s][info][gc,start       ] GC(641) Pause Remark
[3118.419s][info][gc             ] GC(641) Pause Remark 1983M->1983M(4096M) 4.887ms
[3118.419s][info][gc,cpu         ] GC(641) User=0.02s Sys=0.01s Real=0.00s
[3118.419s][info][gc,marking     ] GC(641) Concurrent Mark 688.515ms
[3118.419s][info][gc,marking     ] GC(641) Concurrent Rebuild Remembered Sets and Scrub Regions
[3118.665s][info][gc,marking     ] GC(641) Concurrent Rebuild Remembered Sets and Scrub Regions 245.805ms
[3118.666s][info][gc,start       ] GC(641) Pause Cleanup
[3118.666s][info][gc             ] GC(641) Pause Cleanup 2151M->2151M(4096M) 0.114ms
[3118.666s][info][gc,cpu         ] GC(641) User=0.00s Sys=0.00s Real=0.00s
[3118.666s][info][gc,marking     ] GC(641) Concurrent Clear Claimed Marks
[3118.666s][info][gc,marking     ] GC(641) Concurrent Clear Claimed Marks 0.031ms
[3118.666s][info][gc,marking     ] GC(641) Concurrent Cleanup for Next Mark
[3118.673s][info][gc,marking     ] GC(641) Concurrent Cleanup for Next Mark 6.071ms
[3118.673s][info][gc             ] GC(641) Concurrent Mark Cycle 1078.981ms
...|[3121.031s][info][gc,start       ] GC(642) Pause Young (Prepare Mixed) (G1 Evacuation Pause)
[3121.032s][info][gc,task        ] GC(642) Using 6 workers of 6 for evacuation
[3121.147s][info][gc,phases      ] GC(642)   Pre Evacuate Collection Set: 0.35ms
[3121.147s][info][gc,phases      ] GC(642)   Merge Heap Roots: 0.52ms
[3121.147s][info][gc,phases      ] GC(642)   Evacuate Collection Set: 113.14ms
[3121.147s][info][gc,phases      ] GC(642)   Post Evacuate Collection Set: 0.97ms
[3121.147s][info][gc,phases      ] GC(642)   Other: 0.09ms
[3121.147s][info][gc,heap        ] GC(642) Eden regions: 1120->0(1111)
[3121.147s][info][gc,heap        ] GC(642) Survivor regions: 108->107(154)
[3121.147s][info][gc,heap        ] GC(642) Old regions: 508->540
[3121.147s][info][gc,heap        ] GC(642) Humongous regions: 80->80
[3121.147s][info][gc,metaspace   ] GC(642) Metaspace: 28855K(29312K)->28855K(29312K) NonClass: 23986K(24192K)->23986K(24192K) Class: 4869K(5120K)->4869K(5120K)
[3121.147s][info][gc             ] GC(642) Pause Young (Prepare Mixed) (G1 Evacuation Pause) 3631M->1452M(4096M) 115.198ms
[3121.147s][info][gc,cpu         ] GC(642) User=0.68s Sys=0.00s Real=0.12s
...[3124.569s][info][gc,start       ] GC(643) Pause Young (Mixed) (G1 Evacuation Pause)
[3124.569s][info][gc,task        ] GC(643) Using 6 workers of 6 for evacuation
[3124.703s][info][gc,phases      ] GC(643)   Pre Evacuate Collection Set: 0.37ms
[3124.703s][info][gc,phases      ] GC(643)   Merge Heap Roots: 0.87ms
[3124.703s][info][gc,phases      ] GC(643)   Evacuate Collection Set: 132.21ms
[3124.703s][info][gc,phases      ] GC(643)   Post Evacuate Collection Set: 0.94ms
[3124.703s][info][gc,phases      ] GC(643)   Other: 0.09ms
[3124.703s][info][gc,heap        ] GC(643) Eden regions: 1111->0(1119)
[3124.703s][info][gc,heap        ] GC(643) Survivor regions: 107->109(153)
[3124.703s][info][gc,heap        ] GC(643) Old regions: 540->474
[3124.703s][info][gc,heap        ] GC(643) Humongous regions: 80->80
[3124.703s][info][gc,metaspace   ] GC(643) Metaspace: 28855K(29312K)->28855K(29312K) NonClass: 23986K(24192K)->23986K(24192K) Class: 4869K(5120K)->4869K(5120K)
[3124.703s][info][gc             ] GC(643) Pause Young (Mixed) (G1 Evacuation Pause) 3674M->1325M(4096M) 134.622ms
[3124.703s][info][gc,cpu         ] GC(643) User=0.80s Sys=0.00s Real=0.14s
....[3127.967s][info][gc,start       ] GC(644) Pause Young (Concurrent Start) (G1 Evacuation Pause)
[3127.967s][info][gc,task        ] GC(644) Using 6 workers of 6 for evacuation
[3128.083s][info][gc,phases      ] GC(644)   Pre Evacuate Collection Set: 0.37ms
[3128.083s][info][gc,phases      ] GC(644)   Merge Heap Roots: 0.47ms
[3128.083s][info][gc,phases      ] GC(644)   Evacuate Collection Set: 113.98ms
[3128.083s][info][gc,phases      ] GC(644)   Post Evacuate Collection Set: 0.91ms
[3128.083s][info][gc,phases      ] GC(644)   Other: 0.10ms
[3128.083s][info][gc,heap        ] GC(644) Eden regions: 1119->0(1120)
[3128.083s][info][gc,heap        ] GC(644) Survivor regions: 109->108(154)
[3128.083s][info][gc,heap        ] GC(644) Old regions: 474->506
[3128.083s][info][gc,heap        ] GC(644) Humongous regions: 80->80
[3128.083s][info][gc,metaspace   ] GC(644) Metaspace: 28855K(29312K)->28855K(29312K) NonClass: 23986K(24192K)->23986K(24192K) Class: 4869K(5120K)->4869K(5120K)
[3128.083s][info][gc             ] GC(644) Pause Young (Concurrent Start) (G1 Evacuation Pause) 3563M->1385M(4096M) 115.948ms
[3128.083s][info][gc             ] GC(645) Concurrent Mark Cycle
[3128.083s][info][gc,marking     ] GC(645) Concurrent Scan Root Regions
[3128.083s][info][gc,cpu         ] GC(644) User=0.69s Sys=0.00s Real=0.12s
[3128.216s][info][gc,marking     ] GC(645) Concurrent Scan Root Regions 133.276ms
[3128.216s][info][gc,marking     ] GC(645) Concurrent Mark
[3128.216s][info][gc,marking     ] GC(645) Concurrent Mark From Roots
[3128.216s][info][gc,task        ] GC(645) Using 2 workers of 2 for marking
[3128.864s][info][gc,marking     ] GC(645) Concurrent Mark From Roots 648.356ms
[3128.864s][info][gc,marking     ] GC(645) Concurrent Preclean
[3128.865s][info][gc,marking     ] GC(645) Concurrent Preclean 0.462ms
[3128.865s][info][gc,start       ] GC(645) Pause Remark
[3128.870s][info][gc             ] GC(645) Pause Remark 1928M->1928M(4096M) 5.293ms
[3128.870s][info][gc,cpu         ] GC(645) User=0.02s Sys=0.00s Real=0.00s
[3128.870s][info][gc,marking     ] GC(645) Concurrent Mark 654.374ms
[3128.870s][info][gc,marking     ] GC(645) Concurrent Rebuild Remembered Sets and Scrub Regions
.[3129.126s][info][gc,marking     ] GC(645) Concurrent Rebuild Remembered Sets and Scrub Regions 256.008ms
[3129.127s][info][gc,start       ] GC(645) Pause Cleanup
[3129.127s][info][gc             ] GC(645) Pause Cleanup 2080M->2080M(4096M) 0.100ms
[3129.127s][info][gc,cpu         ] GC(645) User=0.01s Sys=0.00s Real=0.00s
[3129.127s][info][gc,marking     ] GC(645) Concurrent Clear Claimed Marks
[3129.127s][info][gc,marking     ] GC(645) Concurrent Clear Claimed Marks 0.020ms
[3129.127s][info][gc,marking     ] GC(645) Concurrent Cleanup for Next Mark
[3129.130s][info][gc,marking     ] GC(645) Concurrent Cleanup for Next Mark 3.156ms
[3129.130s][info][gc             ] GC(645) Concurrent Mark Cycle 1047.246ms
..[3131.549s][info][gc,start       ] GC(646) Pause Young (Prepare Mixed) (G1 Evacuation Pause)
[3131.549s][info][gc,task        ] GC(646) Using 6 workers of 6 for evacuation
[3131.671s][info][gc,phases      ] GC(646)   Pre Evacuate Collection Set: 0.34ms
[3131.671s][info][gc,phases      ] GC(646)   Merge Heap Roots: 0.50ms
[3131.671s][info][gc,phases      ] GC(646)   Evacuate Collection Set: 120.09ms
[3131.671s][info][gc,phases      ] GC(646)   Post Evacuate Collection Set: 0.92ms
[3131.671s][info][gc,phases      ] GC(646)   Other: 0.08ms
[3131.671s][info][gc,heap        ] GC(646) Eden regions: 1120->0(1100)
[3131.671s][info][gc,heap        ] GC(646) Survivor regions: 108->113(154)
[3131.671s][info][gc,heap        ] GC(646) Old regions: 506->539
[3131.671s][info][gc,heap        ] GC(646) Humongous regions: 80->80
[3131.671s][info][gc,metaspace   ] GC(646) Metaspace: 28855K(29312K)->28855K(29312K) NonClass: 23986K(24192K)->23986K(24192K) Class: 4869K(5120K)->4869K(5120K)
[3131.671s][info][gc             ] GC(646) Pause Young (Prepare Mixed) (G1 Evacuation Pause) 3625M->1461M(4096M) 122.060ms
[3131.671s][info][gc,cpu         ] GC(646) User=0.72s Sys=0.00s Real=0.12s
...[3134.956s][info][gc,start       ] GC(647) Pause Young (Mixed) (G1 Evacuation Pause)
[3134.956s][info][gc,task        ] GC(647) Using 6 workers of 6 for evacuation
[3135.094s][info][gc,phases      ] GC(647)   Pre Evacuate Collection Set: 0.35ms
[3135.094s][info][gc,phases      ] GC(647)   Merge Heap Roots: 0.65ms
[3135.094s][info][gc,phases      ] GC(647)   Evacuate Collection Set: 135.55ms
[3135.094s][info][gc,phases      ] GC(647)   Post Evacuate Collection Set: 0.96ms
[3135.094s][info][gc,phases      ] GC(647)   Other: 0.09ms
[3135.094s][info][gc,heap        ] GC(647) Eden regions: 1100->0(1115)
[3135.094s][info][gc,heap        ] GC(647) Survivor regions: 113->113(152)
[3135.094s][info][gc,heap        ] GC(647) Old regions: 539->474
[3135.094s][info][gc,heap        ] GC(647) Humongous regions: 80->80
[3135.094s][info][gc,metaspace   ] GC(647) Metaspace: 28855K(29312K)->28855K(29312K) NonClass: 23986K(24192K)->23986K(24192K) Class: 4869K(5120K)->4869K(5120K)
[3135.094s][info][gc             ] GC(647) Pause Young (Mixed) (G1 Evacuation Pause) 3661M->1332M(4096M) 137.739ms
[3135.094s][info][gc,cpu         ] GC(647) User=0.81s Sys=0.00s Real=0.14s
....[3138.434s][info][gc,start       ] GC(648) Pause Young (Concurrent Start) (G1 Evacuation Pause)
[3138.434s][info][gc,task        ] GC(648) Using 6 workers of 6 for evacuation
[3138.555s][info][gc,phases      ] GC(648)   Pre Evacuate Collection Set: 0.40ms
[3138.555s][info][gc,phases      ] GC(648)   Merge Heap Roots: 0.55ms
[3138.555s][info][gc,phases      ] GC(648)   Evacuate Collection Set: 119.18ms
[3138.555s][info][gc,phases      ] GC(648)   Post Evacuate Collection Set: 0.89ms
[3138.555s][info][gc,phases      ] GC(648)   Other: 0.14ms
[3138.555s][info][gc,heap        ] GC(648) Eden regions: 1115->0(1117)
[3138.555s][info][gc,heap        ] GC(648) Survivor regions: 113->111(154)
[3138.555s][info][gc,heap        ] GC(648) Old regions: 474->507
[3138.555s][info][gc,heap        ] GC(648) Humongous regions: 80->80
[3138.555s][info][gc,metaspace   ] GC(648) Metaspace: 28855K(29312K)->28855K(29312K) NonClass: 23986K(24192K)->23986K(24192K) Class: 4869K(5120K)->4869K(5120K)
[3138.555s][info][gc             ] GC(648) Pause Young (Concurrent Start) (G1 Evacuation Pause) 3562M->1393M(4096M) 121.289ms
[3138.556s][info][gc             ] GC(649) Concurrent Mark Cycle
[3138.556s][info][gc,marking     ] GC(649) Concurrent Scan Root Regions
[3138.556s][info][gc,cpu         ] GC(648) User=0.72s Sys=0.00s Real=0.12s
[3138.695s][info][gc,marking     ] GC(649) Concurrent Scan Root Regions 139.779ms
[3138.695s][info][gc,marking     ] GC(649) Concurrent Mark
[3138.695s][info][gc,marking     ] GC(649) Concurrent Mark From Roots
[3138.695s][info][gc,task        ] GC(649) Using 2 workers of 2 for marking
.[3139.348s][info][gc,marking     ] GC(649) Concurrent Mark From Roots 652.432ms
[3139.348s][info][gc,marking     ] GC(649) Concurrent Preclean
[3139.349s][info][gc,marking     ] GC(649) Concurrent Preclean 0.707ms
[3139.349s][info][gc,start       ] GC(649) Pause Remark
[3139.354s][info][gc             ] GC(649) Pause Remark 1953M->1953M(4096M) 5.300ms
[3139.354s][info][gc,cpu         ] GC(649) User=0.03s Sys=0.00s Real=0.01s
[3139.354s][info][gc,marking     ] GC(649) Concurrent Mark 658.954ms
[3139.354s][info][gc,marking     ] GC(649) Concurrent Rebuild Remembered Sets and Scrub Regions
[3139.591s][info][gc,marking     ] GC(649) Concurrent Rebuild Remembered Sets and Scrub Regions 236.335ms
[3139.591s][info][gc,start       ] GC(649) Pause Cleanup
[3139.591s][info][gc             ] GC(649) Pause Cleanup 2085M->2085M(4096M) 0.102ms
[3139.591s][info][gc,cpu         ] GC(649) User=0.00s Sys=0.00s Real=0.00s
[3139.591s][info][gc,marking     ] GC(649) Concurrent Clear Claimed Marks
[3139.591s][info][gc,marking     ] GC(649) Concurrent Clear Claimed Marks 0.023ms
[3139.591s][info][gc,marking     ] GC(649) Concurrent Cleanup for Next Mark
[3139.594s][info][gc,marking     ] GC(649) Concurrent Cleanup for Next Mark 3.224ms
[3139.594s][info][gc             ] GC(649) Concurrent Mark Cycle 1038.743ms
..[3141.974s][info][gc,start       ] GC(650) Pause Young (Prepare Mixed) (G1 Evacuation Pause)
[3141.974s][info][gc,task        ] GC(650) Using 6 workers of 6 for evacuation
[3142.090s][info][gc,phases      ] GC(650)   Pre Evacuate Collection Set: 0.31ms
[3142.090s][info][gc,phases      ] GC(650)   Merge Heap Roots: 0.53ms
[3142.090s][info][gc,phases      ] GC(650)   Evacuate Collection Set: 114.23ms
[3142.090s][info][gc,phases      ] GC(650)   Post Evacuate Collection Set: 0.91ms
[3142.090s][info][gc,phases      ] GC(650)   Other: 0.08ms
[3142.090s][info][gc,heap        ] GC(650) Eden regions: 1117->0(1111)
[3142.090s][info][gc,heap        ] GC(650) Survivor regions: 111->108(154)
[3142.090s][info][gc,heap        ] GC(650) Old regions: 507->538
[3142.090s][info][gc,heap        ] GC(650) Humongous regions: 80->80
[3142.090s][info][gc,metaspace   ] GC(650) Metaspace: 28855K(29312K)->28855K(29312K) NonClass: 23986K(24192K)->23986K(24192K) Class: 4869K(5120K)->4869K(5120K)
[3142.090s][info][gc             ] GC(650) Pause Young (Prepare Mixed) (G1 Evacuation Pause) 3627M->1450M(4096M) 116.191ms
[3142.090s][info][gc,cpu         ] GC(650) User=0.69s Sys=0.00s Real=0.11s
....[3145.447s][info][gc,start       ] GC(651) Pause Young (Mixed) (G1 Evacuation Pause)
[3145.447s][info][gc,task        ] GC(651) Using 6 workers of 6 for evacuation
[3145.580s][info][gc,phases      ] GC(651)   Pre Evacuate Collection Set: 0.38ms
[3145.580s][info][gc,phases      ] GC(651)   Merge Heap Roots: 0.68ms
[3145.580s][info][gc,phases      ] GC(651)   Evacuate Collection Set: 130.81ms
[3145.580s][info][gc,phases      ] GC(651)   Post Evacuate Collection Set: 0.96ms
[3145.580s][info][gc,phases      ] GC(651)   Other: 0.10ms
[3145.580s][info][gc,heap        ] GC(651) Eden regions: 1111->0(1119)
[3145.580s][info][gc,heap        ] GC(651) Survivor regions: 108->109(153)
[3145.580s][info][gc,heap        ] GC(651) Old regions: 538->473
[3145.580s][info][gc,heap        ] GC(651) Humongous regions: 80->80
[3145.580s][info][gc,metaspace   ] GC(651) Metaspace: 28855K(29312K)->28855K(29312K) NonClass: 23986K(24192K)->23986K(24192K) Class: 4869K(5120K)->4869K(5120K)
[3145.580s][info][gc             ] GC(651) Pause Young (Mixed) (G1 Evacuation Pause) 3672M->1323M(4096M) 133.081ms
[3145.580s][info][gc,cpu         ] GC(651) User=0.79s Sys=0.01s Real=0.13s
...[3148.953s][info][gc,start       ] GC(652) Pause Young (Concurrent Start) (G1 Evacuation Pause)
[3148.953s][info][gc,task        ] GC(652) Using 6 workers of 6 for evacuation
[3149.077s][info][gc,phases      ] GC(652)   Pre Evacuate Collection Set: 0.37ms
[3149.077s][info][gc,phases      ] GC(652)   Merge Heap Roots: 0.47ms
[3149.077s][info][gc,phases      ] GC(652)   Evacuate Collection Set: 122.01ms
[3149.077s][info][gc,phases      ] GC(652)   Post Evacuate Collection Set: 0.91ms
[3149.077s][info][gc,phases      ] GC(652)   Other: 0.11ms
[3149.077s][info][gc,heap        ] GC(652) Eden regions: 1119->0(1114)
[3149.077s][info][gc,heap        ] GC(652) Survivor regions: 109->114(154)
[3149.077s][info][gc,heap        ] GC(652) Old regions: 473->505
[3149.077s][info][gc,heap        ] GC(652) Humongous regions: 80->80
[3149.077s][info][gc,metaspace   ] GC(652) Metaspace: 28855K(29312K)->28855K(29312K) NonClass: 23986K(24192K)->23986K(24192K) Class: 4869K(5120K)->4869K(5120K)
[3149.077s][info][gc             ] GC(652) Pause Young (Concurrent Start) (G1 Evacuation Pause) 3561M->1396M(4096M) 124.015ms
[3149.077s][info][gc             ] GC(653) Concurrent Mark Cycle
[3149.077s][info][gc,marking     ] GC(653) Concurrent Scan Root Regions
[3149.077s][info][gc,cpu         ] GC(652) User=0.73s Sys=0.00s Real=0.12s
.[3149.221s][info][gc,marking     ] GC(653) Concurrent Scan Root Regions 144.035ms
[3149.221s][info][gc,marking     ] GC(653) Concurrent Mark
[3149.221s][info][gc,marking     ] GC(653) Concurrent Mark From Roots
[3149.221s][info][gc,task        ] GC(653) Using 2 workers of 2 for marking
[3149.885s][info][gc,marking     ] GC(653) Concurrent Mark From Roots 663.542ms
[3149.885s][info][gc,marking     ] GC(653) Concurrent Preclean
[3149.885s][info][gc,marking     ] GC(653) Concurrent Preclean 0.282ms
[3149.885s][info][gc,start       ] GC(653) Pause Remark
[3149.891s][info][gc             ] GC(653) Pause Remark 1984M->1984M(4096M) 5.217ms
[3149.891s][info][gc,cpu         ] GC(653) User=0.03s Sys=0.00s Real=0.00s
[3149.891s][info][gc,marking     ] GC(653) Concurrent Mark 669.324ms
[3149.891s][info][gc,marking     ] GC(653) Concurrent Rebuild Remembered Sets and Scrub Regions
[3150.121s][info][gc,marking     ] GC(653) Concurrent Rebuild Remembered Sets and Scrub Regions 230.393ms
[3150.122s][info][gc,start       ] GC(653) Pause Cleanup
[3150.122s][info][gc             ] GC(653) Pause Cleanup 2137M->2137M(4096M) 0.118ms
[3150.122s][info][gc,cpu         ] GC(653) User=0.00s Sys=0.00s Real=0.00s
[3150.122s][info][gc,marking     ] GC(653) Concurrent Clear Claimed Marks
[3150.122s][info][gc,marking     ] GC(653) Concurrent Clear Claimed Marks 0.035ms
[3150.122s][info][gc,marking     ] GC(653) Concurrent Cleanup for Next Mark
[3150.129s][info][gc,marking     ] GC(653) Concurrent Cleanup for Next Mark 6.554ms
[3150.129s][info][gc             ] GC(653) Concurrent Mark Cycle 1051.432ms
...[3152.433s][info][gc,start       ] GC(654) Pause Young (Prepare Mixed) (G1 Evacuation Pause)
[3152.433s][info][gc,task        ] GC(654) Using 6 workers of 6 for evacuation
[3152.559s][info][gc,phases      ] GC(654)   Pre Evacuate Collection Set: 0.34ms
[3152.559s][info][gc,phases      ] GC(654)   Merge Heap Roots: 0.48ms
[3152.559s][info][gc,phases      ] GC(654)   Evacuate Collection Set: 123.79ms
[3152.559s][info][gc,phases      ] GC(654)   Post Evacuate Collection Set: 0.89ms
[3152.559s][info][gc,phases      ] GC(654)   Other: 0.09ms
[3152.559s][info][gc,heap        ] GC(654) Eden regions: 1114->0(1100)
[3152.559s][info][gc,heap        ] GC(654) Survivor regions: 114->114(154)
[3152.559s][info][gc,heap        ] GC(654) Old regions: 505->537
[3152.559s][info][gc,heap        ] GC(654) Humongous regions: 80->80
[3152.559s][info][gc,metaspace   ] GC(654) Metaspace: 28855K(29312K)->28855K(29312K) NonClass: 23986K(24192K)->23986K(24192K) Class: 4869K(5120K)->4869K(5120K)
[3152.559s][info][gc             ] GC(654) Pause Young (Prepare Mixed) (G1 Evacuation Pause) 3624M->1460M(4096M) 125.733ms
[3152.559s][info][gc,cpu         ] GC(654) User=0.75s Sys=0.00s Real=0.12s
...[3155.875s][info][gc,start       ] GC(655) Pause Young (Mixed) (G1 Evacuation Pause)
[3155.875s][info][gc,task        ] GC(655) Using 6 workers of 6 for evacuation
[3156.012s][info][gc,phases      ] GC(655)   Pre Evacuate Collection Set: 0.36ms
[3156.012s][info][gc,phases      ] GC(655)   Merge Heap Roots: 0.64ms
[3156.012s][info][gc,phases      ] GC(655)   Evacuate Collection Set: 134.89ms
[3156.012s][info][gc,phases      ] GC(655)   Post Evacuate Collection Set: 0.93ms
[3156.012s][info][gc,phases      ] GC(655)   Other: 0.09ms
[3156.012s][info][gc,heap        ] GC(655) Eden regions: 1100->0(1116)
[3156.012s][info][gc,heap        ] GC(655) Survivor regions: 114->112(152)
[3156.012s][info][gc,heap        ] GC(655) Old regions: 537->473
[3156.012s][info][gc,heap        ] GC(655) Humongous regions: 80->80
[3156.012s][info][gc,metaspace   ] GC(655) Metaspace: 28855K(29312K)->28855K(29312K) NonClass: 23986K(24192K)->23986K(24192K) Class: 4869K(5120K)->4869K(5120K)
[3156.012s][info][gc             ] GC(655) Pause Young (Mixed) (G1 Evacuation Pause) 3660M->1329M(4096M) 137.039ms
[3156.012s][info][gc,cpu         ] GC(655) User=0.81s Sys=0.00s Real=0.13s
....[3159.334s][info][gc,start       ] GC(656) Pause Young (Concurrent Start) (G1 Evacuation Pause)
[3159.334s][info][gc,task        ] GC(656) Using 6 workers of 6 for evacuation
[3159.452s][info][gc,phases      ] GC(656)   Pre Evacuate Collection Set: 0.37ms
[3159.452s][info][gc,phases      ] GC(656)   Merge Heap Roots: 0.45ms
[3159.453s][info][gc,phases      ] GC(656)   Evacuate Collection Set: 116.76ms
[3159.453s][info][gc,phases      ] GC(656)   Post Evacuate Collection Set: 0.90ms
[3159.453s][info][gc,phases      ] GC(656)   Other: 0.10ms
[3159.453s][info][gc,heap        ] GC(656) Eden regions: 1116->0(1118)
[3159.453s][info][gc,heap        ] GC(656) Survivor regions: 112->110(154)
[3159.453s][info][gc,heap        ] GC(656) Old regions: 473->506
[3159.453s][info][gc,heap        ] GC(656) Humongous regions: 80->80
[3159.453s][info][gc,metaspace   ] GC(656) Metaspace: 28855K(29312K)->28855K(29312K) NonClass: 23986K(24192K)->23986K(24192K) Class: 4869K(5120K)->4869K(5120K)
[3159.453s][info][gc             ] GC(656) Pause Young (Concurrent Start) (G1 Evacuation Pause) 3561M->1391M(4096M) 118.717ms
[3159.453s][info][gc             ] GC(657) Concurrent Mark Cycle
[3159.453s][info][gc,marking     ] GC(657) Concurrent Scan Root Regions
[3159.453s][info][gc,cpu         ] GC(656) User=0.71s Sys=0.00s Real=0.12s
[3159.643s][info][gc,marking     ] GC(657) Concurrent Scan Root Regions 190.320ms
[3159.643s][info][gc,marking     ] GC(657) Concurrent Mark
[3159.643s][info][gc,marking     ] GC(657) Concurrent Mark From Roots
[3159.643s][info][gc,task        ] GC(657) Using 2 workers of 2 for marking
.[3160.426s][info][gc,marking     ] GC(657) Concurrent Mark From Roots 783.007ms
[3160.426s][info][gc,marking     ] GC(657) Concurrent Preclean
[3160.426s][info][gc,marking     ] GC(657) Concurrent Preclean 0.136ms
[3160.427s][info][gc,start       ] GC(657) Pause Remark
[3160.431s][info][gc             ] GC(657) Pause Remark 2081M->2081M(4096M) 4.439ms
[3160.431s][info][gc,cpu         ] GC(657) User=0.03s Sys=0.00s Real=0.00s
[3160.432s][info][gc,marking     ] GC(657) Concurrent Mark 789.174ms
[3160.432s][info][gc,marking     ] GC(657) Concurrent Rebuild Remembered Sets and Scrub Regions
[3160.734s][info][gc,marking     ] GC(657) Concurrent Rebuild Remembered Sets and Scrub Regions 301.613ms
[3160.734s][info][gc,start       ] GC(657) Pause Cleanup
[3160.734s][info][gc             ] GC(657) Pause Cleanup 2288M->2288M(4096M) 0.127ms
[3160.734s][info][gc,cpu         ] GC(657) User=0.00s Sys=0.00s Real=0.00s
[3160.735s][info][gc,marking     ] GC(657) Concurrent Clear Claimed Marks
[3160.735s][info][gc,marking     ] GC(657) Concurrent Clear Claimed Marks 0.033ms
[3160.735s][info][gc,marking     ] GC(657) Concurrent Cleanup for Next Mark
[3160.740s][info][gc,marking     ] GC(657) Concurrent Cleanup for Next Mark 5.064ms
[3160.740s][info][gc             ] GC(657) Concurrent Mark Cycle 1287.792ms
..[3162.846s][info][gc,start       ] GC(658) Pause Young (Prepare Mixed) (G1 Evacuation Pause)
[3162.846s][info][gc,task        ] GC(658) Using 6 workers of 6 for evacuation
[3162.964s][info][gc,phases      ] GC(658)   Pre Evacuate Collection Set: 0.33ms
[3162.964s][info][gc,phases      ] GC(658)   Merge Heap Roots: 0.53ms
[3162.964s][info][gc,phases      ] GC(658)   Evacuate Collection Set: 116.33ms
[3162.964s][info][gc,phases      ] GC(658)   Post Evacuate Collection Set: 0.91ms
[3162.964s][info][gc,phases      ] GC(658)   Other: 0.08ms
[3162.964s][info][gc,heap        ] GC(658) Eden regions: 1118->0(1107)
[3162.964s][info][gc,heap        ] GC(658) Survivor regions: 110->110(154)
[3162.964s][info][gc,heap        ] GC(658) Old regions: 506->538
[3162.964s][info][gc,heap        ] GC(658) Humongous regions: 80->80
[3162.964s][info][gc,metaspace   ] GC(658) Metaspace: 28855K(29312K)->28855K(29312K) NonClass: 23986K(24192K)->23986K(24192K) Class: 4869K(5120K)->4869K(5120K)
[3162.964s][info][gc             ] GC(658) Pause Young (Prepare Mixed) (G1 Evacuation Pause) 3627M->1454M(4096M) 118.315ms
[3162.964s][info][gc,cpu         ] GC(658) User=0.70s Sys=0.00s Real=0.12s
....[3166.263s][info][gc,start       ] GC(659) Pause Young (Mixed) (G1 Evacuation Pause)
[3166.263s][info][gc,task        ] GC(659) Using 6 workers of 6 for evacuation
[3166.396s][info][gc,phases      ] GC(659)   Pre Evacuate Collection Set: 0.37ms
[3166.396s][info][gc,phases      ] GC(659)   Merge Heap Roots: 0.71ms
[3166.396s][info][gc,phases      ] GC(659)   Evacuate Collection Set: 130.99ms
[3166.396s][info][gc,phases      ] GC(659)   Post Evacuate Collection Set: 0.96ms
[3166.396s][info][gc,phases      ] GC(659)   Other: 0.09ms
[3166.396s][info][gc,heap        ] GC(659) Eden regions: 1107->0(1120)
[3166.396s][info][gc,heap        ] GC(659) Survivor regions: 110->108(153)
[3166.396s][info][gc,heap        ] GC(659) Old regions: 538->475
[3166.396s][info][gc,heap        ] GC(659) Humongous regions: 80->80
[3166.396s][info][gc,metaspace   ] GC(659) Metaspace: 28855K(29312K)->28855K(29312K) NonClass: 23986K(24192K)->23986K(24192K) Class: 4869K(5120K)->4869K(5120K)
[3166.396s][info][gc             ] GC(659) Pause Young (Mixed) (G1 Evacuation Pause) 3668M->1323M(4096M) 133.251ms
[3166.396s][info][gc,cpu         ] GC(659) User=0.79s Sys=0.00s Real=0.13s
...[3169.810s][info][gc,start       ] GC(660) Pause Young (Concurrent Start) (G1 Evacuation Pause)
[3169.810s][info][gc,task        ] GC(660) Using 6 workers of 6 for evacuation
[3169.932s][info][gc,phases      ] GC(660)   Pre Evacuate Collection Set: 0.38ms
[3169.932s][info][gc,phases      ] GC(660)   Merge Heap Roots: 0.47ms
[3169.932s][info][gc,phases      ] GC(660)   Evacuate Collection Set: 119.68ms
[3169.932s][info][gc,phases      ] GC(660)   Post Evacuate Collection Set: 0.87ms
[3169.932s][info][gc,phases      ] GC(660)   Other: 0.13ms
[3169.932s][info][gc,heap        ] GC(660) Eden regions: 1120->0(1115)
[3169.932s][info][gc,heap        ] GC(660) Survivor regions: 108->113(154)
[3169.932s][info][gc,heap        ] GC(660) Old regions: 475->507
[3169.932s][info][gc,heap        ] GC(660) Humongous regions: 80->80
[3169.932s][info][gc,metaspace   ] GC(660) Metaspace: 28855K(29312K)->28855K(29312K) NonClass: 23986K(24192K)->23986K(24192K) Class: 4869K(5120K)->4869K(5120K)
[3169.932s][info][gc             ] GC(660) Pause Young (Concurrent Start) (G1 Evacuation Pause) 3563M->1397M(4096M) 121.664ms
[3169.932s][info][gc             ] GC(661) Concurrent Mark Cycle
[3169.932s][info][gc,marking     ] GC(661) Concurrent Scan Root Regions
[3169.932s][info][gc,cpu         ] GC(660) User=0.72s Sys=0.00s Real=0.12s
[3170.109s][info][gc,marking     ] GC(661) Concurrent Scan Root Regions 177.599ms
[3170.109s][info][gc,marking     ] GC(661) Concurrent Mark
[3170.109s][info][gc,marking     ] GC(661) Concurrent Mark From Roots
[3170.109s][info][gc,task        ] GC(661) Using 2 workers of 2 for marking
.[3170.887s][info][gc,marking     ] GC(661) Concurrent Mark From Roots 777.670ms
[3170.887s][info][gc,marking     ] GC(661) Concurrent Preclean
[3170.888s][info][gc,marking     ] GC(661) Concurrent Preclean 0.415ms
[3170.888s][info][gc,start       ] GC(661) Pause Remark
[3170.893s][info][gc             ] GC(661) Pause Remark 2083M->2083M(4096M) 5.751ms
[3170.893s][info][gc,cpu         ] GC(661) User=0.03s Sys=0.00s Real=0.01s
[3170.893s][info][gc,marking     ] GC(661) Concurrent Mark 784.106ms
[3170.893s][info][gc,marking     ] GC(661) Concurrent Rebuild Remembered Sets and Scrub Regions
[3171.179s][info][gc,marking     ] GC(661) Concurrent Rebuild Remembered Sets and Scrub Regions 285.532ms
[3171.179s][info][gc,start       ] GC(661) Pause Cleanup
[3171.179s][info][gc             ] GC(661) Pause Cleanup 2251M->2251M(4096M) 0.107ms
[3171.179s][info][gc,cpu         ] GC(661) User=0.00s Sys=0.00s Real=0.00s
[3171.179s][info][gc,marking     ] GC(661) Concurrent Clear Claimed Marks
[3171.179s][info][gc,marking     ] GC(661) Concurrent Clear Claimed Marks 0.025ms
[3171.179s][info][gc,marking     ] GC(661) Concurrent Cleanup for Next Mark
[3171.183s][info][gc,marking     ] GC(661) Concurrent Cleanup for Next Mark 3.845ms
[3171.183s][info][gc             ] GC(661) Concurrent Mark Cycle 1251.556ms
...[3173.292s][info][gc,start       ] GC(662) Pause Young (Prepare Mixed) (G1 Evacuation Pause)
[3173.292s][info][gc,task        ] GC(662) Using 6 workers of 6 for evacuation
[3173.408s][info][gc,phases      ] GC(662)   Pre Evacuate Collection Set: 0.32ms
[3173.408s][info][gc,phases      ] GC(662)   Merge Heap Roots: 0.51ms
[3173.408s][info][gc,phases      ] GC(662)   Evacuate Collection Set: 114.61ms
[3173.408s][info][gc,phases      ] GC(662)   Post Evacuate Collection Set: 0.95ms
[3173.408s][info][gc,phases      ] GC(662)   Other: 0.09ms
[3173.408s][info][gc,heap        ] GC(662) Eden regions: 1115->0(1109)
[3173.408s][info][gc,heap        ] GC(662) Survivor regions: 113->109(154)
[3173.408s][info][gc,heap        ] GC(662) Old regions: 507->538
[3173.408s][info][gc,heap        ] GC(662) Humongous regions: 80->80
[3173.408s][info][gc,metaspace   ] GC(662) Metaspace: 28855K(29312K)->28855K(29312K) NonClass: 23986K(24192K)->23986K(24192K) Class: 4869K(5120K)->4869K(5120K)
[3173.408s][info][gc             ] GC(662) Pause Young (Prepare Mixed) (G1 Evacuation Pause) 3627M->1452M(4096M) 116.604ms
[3173.409s][info][gc,cpu         ] GC(662) User=0.69s Sys=0.00s Real=0.12s
...[3176.752s][info][gc,start       ] GC(663) Pause Young (Mixed) (G1 Evacuation Pause)
[3176.752s][info][gc,task        ] GC(663) Using 6 workers of 6 for evacuation
[3176.885s][info][gc,phases      ] GC(663)   Pre Evacuate Collection Set: 0.39ms
[3176.885s][info][gc,phases      ] GC(663)   Merge Heap Roots: 0.78ms
[3176.885s][info][gc,phases      ] GC(663)   Evacuate Collection Set: 131.14ms
[3176.885s][info][gc,phases      ] GC(663)   Post Evacuate Collection Set: 0.95ms
[3176.885s][info][gc,phases      ] GC(663)   Other: 0.09ms
[3176.885s][info][gc,heap        ] GC(663) Eden regions: 1109->0(1119)
[3176.885s][info][gc,heap        ] GC(663) Survivor regions: 109->109(153)
[3176.885s][info][gc,heap        ] GC(663) Old regions: 538->473
[3176.885s][info][gc,heap        ] GC(663) Humongous regions: 80->80
[3176.885s][info][gc,metaspace   ] GC(663) Metaspace: 28855K(29312K)->28855K(29312K) NonClass: 23986K(24192K)->23986K(24192K) Class: 4869K(5120K)->4869K(5120K)
[3176.885s][info][gc             ] GC(663) Pause Young (Mixed) (G1 Evacuation Pause) 3670M->1322M(4096M) 133.494ms
[3176.885s][info][gc,cpu         ] GC(663) User=0.78s Sys=0.01s Real=0.14s
....[3180.283s][info][gc,start       ] GC(664) Pause Young (Concurrent Start) (G1 Evacuation Pause)
[3180.283s][info][gc,task        ] GC(664) Using 6 workers of 6 for evacuation
[3180.402s][info][gc,phases      ] GC(664)   Pre Evacuate Collection Set: 0.38ms
[3180.402s][info][gc,phases      ] GC(664)   Merge Heap Roots: 0.49ms
[3180.402s][info][gc,phases      ] GC(664)   Evacuate Collection Set: 117.60ms
[3180.402s][info][gc,phases      ] GC(664)   Post Evacuate Collection Set: 0.95ms
[3180.402s][info][gc,phases      ] GC(664)   Other: 0.12ms
[3180.402s][info][gc,heap        ] GC(664) Eden regions: 1119->0(1118)
[3180.402s][info][gc,heap        ] GC(664) Survivor regions: 109->110(154)
[3180.402s][info][gc,heap        ] GC(664) Old regions: 473->504
[3180.402s][info][gc,heap        ] GC(664) Humongous regions: 80->80
[3180.402s][info][gc,metaspace   ] GC(664) Metaspace: 28855K(29312K)->28855K(29312K) NonClass: 23986K(24192K)->23986K(24192K) Class: 4869K(5120K)->4869K(5120K)
[3180.402s][info][gc             ] GC(664) Pause Young (Concurrent Start) (G1 Evacuation Pause) 3560M->1386M(4096M) 119.666ms
[3180.402s][info][gc             ] GC(665) Concurrent Mark Cycle
[3180.402s][info][gc,marking     ] GC(665) Concurrent Scan Root Regions
[3180.402s][info][gc,cpu         ] GC(664) User=0.71s Sys=0.00s Real=0.12s
[3180.585s][info][gc,marking     ] GC(665) Concurrent Scan Root Regions 182.484ms
[3180.585s][info][gc,marking     ] GC(665) Concurrent Mark
[3180.585s][info][gc,marking     ] GC(665) Concurrent Mark From Roots
[3180.585s][info][gc,task        ] GC(665) Using 2 workers of 2 for marking
.[3181.325s][info][gc,marking     ] GC(665) Concurrent Mark From Roots 740.050ms
[3181.325s][info][gc,marking     ] GC(665) Concurrent Preclean
[3181.325s][info][gc,marking     ] GC(665) Concurrent Preclean 0.085ms
[3181.325s][info][gc,start       ] GC(665) Pause Remark
[3181.331s][info][gc             ] GC(665) Pause Remark 2006M->2006M(4096M) 5.807ms
[3181.331s][info][gc,cpu         ] GC(665) User=0.03s Sys=0.00s Real=0.00s
[3181.331s][info][gc,marking     ] GC(665) Concurrent Mark 746.250ms
[3181.331s][info][gc,marking     ] GC(665) Concurrent Rebuild Remembered Sets and Scrub Regions
 (rIR:aIR:PR = 5396:5397:5397) (tPR = 80151) [OK] 
  3181s: Performance info:
         Transaction,    Success,    Partial,     Failed,   Receipts, AvgBarcode, 
             Overall,     325484,          0,          0,     309221,      59.48, 
         Response times:
             Request,    Success,    Partial,     Failed,   SkipFail,     Probes,    Samples,      min,      p50,      p90,      p95,      p99,      max, 
       TotalPurchase,     309218,          0,          0,          0,     303659,     325498,      300,     4300,     9600,    23000,    68000,   268000,
     InStorePurchase,     162743,          0,          0,          0,     159651,     170921,      300,     4500,     9700,    24000,    68000,   188000,
      OnlinePurchase,     113944,          0,          0,          0,     112335,     120328,      300,     4400,     9400,    22000,    67000,   188000,
        InstPurchase,      32531,          0,          0,          0,      31673,      34249,      400,     3700,     8900,    22000,    64000,   268000,
          AssocOfCat,        320,          0,          0,          0,        250,        348,    24000,    36000,    57300,    78100,   176040,   216000,
      AssocOfProduct,       3266,          0,          0,          0,       3002,       3363,      400,     4000,     9260,    24000,    61720,   183000,
      BusinessReport,        807,          0,          0,          0,        685,        853,    27000,    40000,    68600,    90300,   180840,   221000,
          CustBuyBeh,       3245,          0,          0,          0,       3039,       3447,      300,     3700,     8720,    25000,    57000,   144000,
       ProductReturn,       8630,          0,          0,          0,       8135,       9067,      200,     5200,    11200,    27000,    76000,   183000,

  3181s: (40%)   IR =   5535 [3181.654s][info][gc,marking     ] GC(665) Concurrent Rebuild Remembered Sets and Scrub Regions 322.497ms
[3181.654s][info][gc,start       ] GC(665) Pause Cleanup
[3181.654s][info][gc             ] GC(665) Pause Cleanup 2258M->2258M(4096M) 0.126ms
[3181.654s][info][gc,cpu         ] GC(665) User=0.00s Sys=0.00s Real=0.00s
[3181.655s][info][gc,marking     ] GC(665) Concurrent Clear Claimed Marks
[3181.655s][info][gc,marking     ] GC(665) Concurrent Clear Claimed Marks 0.034ms
[3181.655s][info][gc,marking     ] GC(665) Concurrent Cleanup for Next Mark
[3181.667s][info][gc,marking     ] GC(665) Concurrent Cleanup for Next Mark 12.412ms
[3181.667s][info][gc             ] GC(665) Concurrent Mark Cycle 1265.103ms
..[3183.738s][info][gc,start       ] GC(666) Pause Young (Prepare Mixed) (G1 Evacuation Pause)
[3183.738s][info][gc,task        ] GC(666) Using 6 workers of 6 for evacuation
[3183.859s][info][gc,phases      ] GC(666)   Pre Evacuate Collection Set: 0.31ms
[3183.859s][info][gc,phases      ] GC(666)   Merge Heap Roots: 0.55ms
[3183.859s][info][gc,phases      ] GC(666)   Evacuate Collection Set: 119.71ms
[3183.859s][info][gc,phases      ] GC(666)   Post Evacuate Collection Set: 0.92ms
[3183.859s][info][gc,phases      ] GC(666)   Other: 0.10ms
[3183.859s][info][gc,heap        ] GC(666) Eden regions: 1118->0(1103)
[3183.859s][info][gc,heap        ] GC(666) Survivor regions: 110->113(154)
[3183.859s][info][gc,heap        ] GC(666) Old regions: 504->536
[3183.859s][info][gc,heap        ] GC(666) Humongous regions: 80->80
[3183.859s][info][gc,metaspace   ] GC(666) Metaspace: 28855K(29312K)->28855K(29312K) NonClass: 23986K(24192K)->23986K(24192K) Class: 4869K(5120K)->4869K(5120K)
[3183.859s][info][gc             ] GC(666) Pause Young (Prepare Mixed) (G1 Evacuation Pause) 3622M->1456M(4096M) 121.722ms
[3183.859s][info][gc,cpu         ] GC(666) User=0.72s Sys=0.00s Real=0.12s
..|.[3187.092s][info][gc,start       ] GC(667) Pause Young (Mixed) (G1 Evacuation Pause)
[3187.092s][info][gc,task        ] GC(667) Using 6 workers of 6 for evacuation
[3187.222s][info][gc,phases      ] GC(667)   Pre Evacuate Collection Set: 0.39ms
[3187.222s][info][gc,phases      ] GC(667)   Merge Heap Roots: 0.75ms
[3187.222s][info][gc,phases      ] GC(667)   Evacuate Collection Set: 127.88ms
[3187.222s][info][gc,phases      ] GC(667)   Post Evacuate Collection Set: 0.98ms
[3187.222s][info][gc,phases      ] GC(667)   Other: 0.09ms
[3187.222s][info][gc,heap        ] GC(667) Eden regions: 1103->0(1122)
[3187.222s][info][gc,heap        ] GC(667) Survivor regions: 113->106(152)
[3187.222s][info][gc,heap        ] GC(667) Old regions: 536->472
[3187.222s][info][gc,heap        ] GC(667) Humongous regions: 80->80
[3187.222s][info][gc,metaspace   ] GC(667) Metaspace: 28855K(29312K)->28855K(29312K) NonClass: 23986K(24192K)->23986K(24192K) Class: 4869K(5120K)->4869K(5120K)
[3187.222s][info][gc             ] GC(667) Pause Young (Mixed) (G1 Evacuation Pause) 3662M->1314M(4096M) 130.246ms
[3187.222s][info][gc,cpu         ] GC(667) User=0.77s Sys=0.00s Real=0.13s
....[3190.506s][info][gc,start       ] GC(668) Pause Young (Concurrent Start) (G1 Evacuation Pause)
[3190.506s][info][gc,task        ] GC(668) Using 6 workers of 6 for evacuation
[3190.623s][info][gc,phases      ] GC(668)   Pre Evacuate Collection Set: 0.37ms
[3190.623s][info][gc,phases      ] GC(668)   Merge Heap Roots: 0.46ms
[3190.623s][info][gc,phases      ] GC(668)   Evacuate Collection Set: 115.37ms
[3190.623s][info][gc,phases      ] GC(668)   Post Evacuate Collection Set: 0.87ms
[3190.623s][info][gc,phases      ] GC(668)   Other: 0.09ms
[3190.623s][info][gc,heap        ] GC(668) Eden regions: 1122->0(1118)
[3190.623s][info][gc,heap        ] GC(668) Survivor regions: 106->110(154)
[3190.623s][info][gc,heap        ] GC(668) Old regions: 472->504
[3190.623s][info][gc,heap        ] GC(668) Humongous regions: 80->80
[3190.623s][info][gc,metaspace   ] GC(668) Metaspace: 28855K(29312K)->28855K(29312K) NonClass: 23986K(24192K)->23986K(24192K) Class: 4869K(5120K)->4869K(5120K)
[3190.623s][info][gc             ] GC(668) Pause Young (Concurrent Start) (G1 Evacuation Pause) 3558M->1387M(4096M) 117.309ms
[3190.623s][info][gc             ] GC(669) Concurrent Mark Cycle
[3190.623s][info][gc,marking     ] GC(669) Concurrent Scan Root Regions
[3190.623s][info][gc,cpu         ] GC(668) User=0.70s Sys=0.00s Real=0.12s
[3190.802s][info][gc,marking     ] GC(669) Concurrent Scan Root Regions 179.045ms
[3190.802s][info][gc,marking     ] GC(669) Concurrent Mark
[3190.802s][info][gc,marking     ] GC(669) Concurrent Mark From Roots
[3190.802s][info][gc,task        ] GC(669) Using 2 workers of 2 for marking
.[3191.755s][info][gc,marking     ] GC(669) Concurrent Mark From Roots 952.637ms
[3191.755s][info][gc,marking     ] GC(669) Concurrent Preclean
[3191.755s][info][gc,marking     ] GC(669) Concurrent Preclean 0.247ms
[3191.755s][info][gc,start       ] GC(669) Pause Remark
[3191.762s][info][gc             ] GC(669) Pause Remark 2218M->2218M(4096M) 6.814ms
[3191.762s][info][gc,cpu         ] GC(669) User=0.03s Sys=0.00s Real=0.01s
[3191.762s][info][gc,marking     ] GC(669) Concurrent Mark 959.977ms
[3191.762s][info][gc,marking     ] GC(669) Concurrent Rebuild Remembered Sets and Scrub Regions
[3192.067s][info][gc,marking     ] GC(669) Concurrent Rebuild Remembered Sets and Scrub Regions 304.740ms
[3192.068s][info][gc,start       ] GC(669) Pause Cleanup
[3192.069s][info][gc             ] GC(669) Pause Cleanup 2407M->2407M(4096M) 0.120ms
[3192.069s][info][gc,cpu         ] GC(669) User=0.00s Sys=0.00s Real=0.00s
[3192.069s][info][gc,marking     ] GC(669) Concurrent Clear Claimed Marks
[3192.069s][info][gc,marking     ] GC(669) Concurrent Clear Claimed Marks 0.033ms
[3192.069s][info][gc,marking     ] GC(669) Concurrent Cleanup for Next Mark
[3192.073s][info][gc,marking     ] GC(669) Concurrent Cleanup for Next Mark 4.199ms
[3192.073s][info][gc             ] GC(669) Concurrent Mark Cycle 1450.089ms
..[3193.974s][info][gc,start       ] GC(670) Pause Young (Prepare Mixed) (G1 Evacuation Pause)
[3193.974s][info][gc,task        ] GC(670) Using 6 workers of 6 for evacuation
[3194.089s][info][gc,phases      ] GC(670)   Pre Evacuate Collection Set: 0.33ms
[3194.089s][info][gc,phases      ] GC(670)   Merge Heap Roots: 0.52ms
[3194.089s][info][gc,phases      ] GC(670)   Evacuate Collection Set: 114.01ms
[3194.089s][info][gc,phases      ] GC(670)   Post Evacuate Collection Set: 0.92ms
[3194.090s][info][gc,phases      ] GC(670)   Other: 0.08ms
[3194.090s][info][gc,heap        ] GC(670) Eden regions: 1118->0(1114)
[3194.090s][info][gc,heap        ] GC(670) Survivor regions: 110->108(154)
[3194.090s][info][gc,heap        ] GC(670) Old regions: 504->535
[3194.090s][info][gc,heap        ] GC(670) Humongous regions: 80->80
[3194.090s][info][gc,metaspace   ] GC(670) Metaspace: 28856K(29312K)->28856K(29312K) NonClass: 23987K(24192K)->23987K(24192K) Class: 4869K(5120K)->4869K(5120K)
[3194.090s][info][gc             ] GC(670) Pause Young (Prepare Mixed) (G1 Evacuation Pause) 3623M->1445M(4096M) 115.989ms
[3194.090s][info][gc,cpu         ] GC(670) User=0.69s Sys=0.00s Real=0.11s
....[3197.382s][info][gc,start       ] GC(671) Pause Young (Mixed) (G1 Evacuation Pause)
[3197.382s][info][gc,task        ] GC(671) Using 6 workers of 6 for evacuation
[3197.516s][info][gc,phases      ] GC(671)   Pre Evacuate Collection Set: 0.37ms
[3197.516s][info][gc,phases      ] GC(671)   Merge Heap Roots: 0.69ms
[3197.516s][info][gc,phases      ] GC(671)   Evacuate Collection Set: 131.74ms
[3197.516s][info][gc,phases      ] GC(671)   Post Evacuate Collection Set: 0.94ms
[3197.516s][info][gc,phases      ] GC(671)   Other: 0.11ms
[3197.516s][info][gc,heap        ] GC(671) Eden regions: 1114->0(1119)
[3197.516s][info][gc,heap        ] GC(671) Survivor regions: 108->109(153)
[3197.516s][info][gc,heap        ] GC(671) Old regions: 535->472
[3197.516s][info][gc,heap        ] GC(671) Humongous regions: 80->80
[3197.516s][info][gc,metaspace   ] GC(671) Metaspace: 28856K(29312K)->28856K(29312K) NonClass: 23987K(24192K)->23987K(24192K) Class: 4869K(5120K)->4869K(5120K)
[3197.516s][info][gc             ] GC(671) Pause Young (Mixed) (G1 Evacuation Pause) 3673M->1319M(4096M) 133.993ms
[3197.516s][info][gc,cpu         ] GC(671) User=0.79s Sys=0.00s Real=0.14s
...[3200.772s][info][gc,start       ] GC(672) Pause Young (Concurrent Start) (G1 Evacuation Pause)
[3200.772s][info][gc,task        ] GC(672) Using 6 workers of 6 for evacuation
[3200.888s][info][gc,phases      ] GC(672)   Pre Evacuate Collection Set: 0.41ms
[3200.888s][info][gc,phases      ] GC(672)   Merge Heap Roots: 0.45ms
[3200.888s][info][gc,phases      ] GC(672)   Evacuate Collection Set: 114.74ms
[3200.888s][info][gc,phases      ] GC(672)   Post Evacuate Collection Set: 0.89ms
[3200.888s][info][gc,phases      ] GC(672)   Other: 0.10ms
[3200.888s][info][gc,heap        ] GC(672) Eden regions: 1119->0(1118)
[3200.888s][info][gc,heap        ] GC(672) Survivor regions: 109->110(154)
[3200.888s][info][gc,heap        ] GC(672) Old regions: 472->503
[3200.888s][info][gc,heap        ] GC(672) Humongous regions: 80->80
[3200.888s][info][gc,metaspace   ] GC(672) Metaspace: 28856K(29312K)->28856K(29312K) NonClass: 23987K(24192K)->23987K(24192K) Class: 4869K(5120K)->4869K(5120K)
[3200.888s][info][gc             ] GC(672) Pause Young (Concurrent Start) (G1 Evacuation Pause) 3557M->1385M(4096M) 116.704ms
[3200.889s][info][gc             ] GC(673) Concurrent Mark Cycle
[3200.889s][info][gc,marking     ] GC(673) Concurrent Scan Root Regions
[3200.889s][info][gc,cpu         ] GC(672) User=0.69s Sys=0.00s Real=0.12s
[3201.069s][info][gc,marking     ] GC(673) Concurrent Scan Root Regions 180.890ms
[3201.069s][info][gc,marking     ] GC(673) Concurrent Mark
[3201.069s][info][gc,marking     ] GC(673) Concurrent Mark From Roots
[3201.069s][info][gc,task        ] GC(673) Using 2 workers of 2 for marking
.[3202.008s][info][gc,marking     ] GC(673) Concurrent Mark From Roots 938.640ms
[3202.008s][info][gc,marking     ] GC(673) Concurrent Preclean
[3202.008s][info][gc,marking     ] GC(673) Concurrent Preclean 0.116ms
[3202.008s][info][gc,start       ] GC(673) Pause Remark
[3202.015s][info][gc             ] GC(673) Pause Remark 2199M->2199M(4096M) 6.134ms
[3202.015s][info][gc,cpu         ] GC(673) User=0.03s Sys=0.00s Real=0.01s
[3202.015s][info][gc,marking     ] GC(673) Concurrent Mark 945.280ms
[3202.015s][info][gc,marking     ] GC(673) Concurrent Rebuild Remembered Sets and Scrub Regions
.[3202.413s][info][gc,marking     ] GC(673) Concurrent Rebuild Remembered Sets and Scrub Regions 398.252ms
[3202.413s][info][gc,start       ] GC(673) Pause Cleanup
[3202.413s][info][gc             ] GC(673) Pause Cleanup 2466M->2466M(4096M) 0.107ms
[3202.413s][info][gc,cpu         ] GC(673) User=0.00s Sys=0.00s Real=0.00s
[3202.414s][info][gc,marking     ] GC(673) Concurrent Clear Claimed Marks
[3202.414s][info][gc,marking     ] GC(673) Concurrent Clear Claimed Marks 0.031ms
[3202.414s][info][gc,marking     ] GC(673) Concurrent Cleanup for Next Mark
[3202.419s][info][gc,marking     ] GC(673) Concurrent Cleanup for Next Mark 5.056ms
[3202.419s][info][gc             ] GC(673) Concurrent Mark Cycle 1530.435ms
.[3204.160s][info][gc,start       ] GC(674) Pause Young (Prepare Mixed) (G1 Evacuation Pause)
[3204.160s][info][gc,task        ] GC(674) Using 6 workers of 6 for evacuation
[3204.277s][info][gc,phases      ] GC(674)   Pre Evacuate Collection Set: 0.34ms
[3204.277s][info][gc,phases      ] GC(674)   Merge Heap Roots: 0.52ms
[3204.277s][info][gc,phases      ] GC(674)   Evacuate Collection Set: 114.46ms
[3204.277s][info][gc,phases      ] GC(674)   Post Evacuate Collection Set: 0.91ms
[3204.277s][info][gc,phases      ] GC(674)   Other: 0.09ms
[3204.277s][info][gc,heap        ] GC(674) Eden regions: 1118->0(1112)
[3204.277s][info][gc,heap        ] GC(674) Survivor regions: 110->109(154)
[3204.277s][info][gc,heap        ] GC(674) Old regions: 503->535
[3204.277s][info][gc,heap        ] GC(674) Humongous regions: 80->80
[3204.277s][info][gc,metaspace   ] GC(674) Metaspace: 28856K(29312K)->28856K(29312K) NonClass: 23987K(24192K)->23987K(24192K) Class: 4869K(5120K)->4869K(5120K)
[3204.277s][info][gc             ] GC(674) Pause Young (Prepare Mixed) (G1 Evacuation Pause) 3621M->1446M(4096M) 116.450ms
[3204.277s][info][gc,cpu         ] GC(674) User=0.69s Sys=0.00s Real=0.12s
....[3207.575s][info][gc,start       ] GC(675) Pause Young (Mixed) (G1 Evacuation Pause)
[3207.575s][info][gc,task        ] GC(675) Using 6 workers of 6 for evacuation
[3207.708s][info][gc,phases      ] GC(675)   Pre Evacuate Collection Set: 0.38ms
[3207.708s][info][gc,phases      ] GC(675)   Merge Heap Roots: 0.72ms
[3207.708s][info][gc,phases      ] GC(675)   Evacuate Collection Set: 130.52ms
[3207.708s][info][gc,phases      ] GC(675)   Post Evacuate Collection Set: 0.95ms
[3207.708s][info][gc,phases      ] GC(675)   Other: 0.10ms
[3207.708s][info][gc,heap        ] GC(675) Eden regions: 1112->0(1119)
[3207.708s][info][gc,heap        ] GC(675) Survivor regions: 109->109(153)
[3207.708s][info][gc,heap        ] GC(675) Old regions: 535->472
[3207.708s][info][gc,heap        ] GC(675) Humongous regions: 80->80
[3207.708s][info][gc,metaspace   ] GC(675) Metaspace: 28856K(29312K)->28856K(29312K) NonClass: 23987K(24192K)->23987K(24192K) Class: 4869K(5120K)->4869K(5120K)
[3207.708s][info][gc             ] GC(675) Pause Young (Mixed) (G1 Evacuation Pause) 3670M->1320M(4096M) 132.798ms
[3207.708s][info][gc,cpu         ] GC(675) User=0.79s Sys=0.00s Real=0.13s
...[3210.975s][info][gc,start       ] GC(676) Pause Young (Concurrent Start) (G1 Evacuation Pause)
[3210.975s][info][gc,task        ] GC(676) Using 6 workers of 6 for evacuation
[3211.091s][info][gc,phases      ] GC(676)   Pre Evacuate Collection Set: 0.36ms
[3211.091s][info][gc,phases      ] GC(676)   Merge Heap Roots: 0.48ms
[3211.091s][info][gc,phases      ] GC(676)   Evacuate Collection Set: 114.97ms
[3211.091s][info][gc,phases      ] GC(676)   Post Evacuate Collection Set: 0.91ms
[3211.091s][info][gc,phases      ] GC(676)   Other: 0.11ms
[3211.092s][info][gc,heap        ] GC(676) Eden regions: 1119->0(1121)
[3211.092s][info][gc,heap        ] GC(676) Survivor regions: 109->107(154)
[3211.092s][info][gc,heap        ] GC(676) Old regions: 472->504
[3211.092s][info][gc,heap        ] GC(676) Humongous regions: 80->80
[3211.092s][info][gc,metaspace   ] GC(676) Metaspace: 28856K(29312K)->28856K(29312K) NonClass: 23987K(24192K)->23987K(24192K) Class: 4869K(5120K)->4869K(5120K)
[3211.092s][info][gc             ] GC(676) Pause Young (Concurrent Start) (G1 Evacuation Pause) 3558M->1381M(4096M) 116.973ms
[3211.092s][info][gc             ] GC(677) Concurrent Mark Cycle
[3211.092s][info][gc,marking     ] GC(677) Concurrent Scan Root Regions
[3211.092s][info][gc,cpu         ] GC(676) User=0.70s Sys=0.00s Real=0.11s
[3211.267s][info][gc,marking     ] GC(677) Concurrent Scan Root Regions 175.870ms
[3211.268s][info][gc,marking     ] GC(677) Concurrent Mark
[3211.268s][info][gc,marking     ] GC(677) Concurrent Mark From Roots
[3211.268s][info][gc,task        ] GC(677) Using 2 workers of 2 for marking
.[3212.255s][info][gc,marking     ] GC(677) Concurrent Mark From Roots 987.221ms
[3212.255s][info][gc,marking     ] GC(677) Concurrent Preclean
[3212.255s][info][gc,marking     ] GC(677) Concurrent Preclean 0.253ms
[3212.257s][info][gc,start       ] GC(677) Pause Remark
[3212.263s][info][gc             ] GC(677) Pause Remark 2241M->2241M(4096M) 6.058ms
[3212.263s][info][gc,cpu         ] GC(677) User=0.03s Sys=0.00s Real=0.01s
[3212.263s][info][gc,marking     ] GC(677) Concurrent Mark 995.304ms
[3212.263s][info][gc,marking     ] GC(677) Concurrent Rebuild Remembered Sets and Scrub Regions
.[3212.511s][info][gc,marking     ] GC(677) Concurrent Rebuild Remembered Sets and Scrub Regions 247.857ms
[3212.511s][info][gc,start       ] GC(677) Pause Cleanup
[3212.511s][info][gc             ] GC(677) Pause Cleanup 2409M->2409M(4096M) 0.102ms
[3212.511s][info][gc,cpu         ] GC(677) User=0.00s Sys=0.00s Real=0.00s
[3212.511s][info][gc,marking     ] GC(677) Concurrent Clear Claimed Marks
[3212.511s][info][gc,marking     ] GC(677) Concurrent Clear Claimed Marks 0.019ms
[3212.511s][info][gc,marking     ] GC(677) Concurrent Cleanup for Next Mark
[3212.516s][info][gc,marking     ] GC(677) Concurrent Cleanup for Next Mark 4.953ms
[3212.516s][info][gc             ] GC(677) Concurrent Mark Cycle 1424.487ms
.[3214.417s][info][gc,start       ] GC(678) Pause Young (Prepare Mixed) (G1 Evacuation Pause)
[3214.417s][info][gc,task        ] GC(678) Using 6 workers of 6 for evacuation
[3214.536s][info][gc,phases      ] GC(678)   Pre Evacuate Collection Set: 0.36ms
[3214.536s][info][gc,phases      ] GC(678)   Merge Heap Roots: 0.55ms
[3214.536s][info][gc,phases      ] GC(678)   Evacuate Collection Set: 116.91ms
[3214.536s][info][gc,phases      ] GC(678)   Post Evacuate Collection Set: 0.93ms
[3214.536s][info][gc,phases      ] GC(678)   Other: 0.10ms
[3214.536s][info][gc,heap        ] GC(678) Eden regions: 1121->0(1109)
[3214.536s][info][gc,heap        ] GC(678) Survivor regions: 107->110(154)
[3214.536s][info][gc,heap        ] GC(678) Old regions: 504->536
[3214.536s][info][gc,heap        ] GC(678) Humongous regions: 80->80
[3214.536s][info][gc,metaspace   ] GC(678) Metaspace: 28856K(29312K)->28856K(29312K) NonClass: 23987K(24192K)->23987K(24192K) Class: 4869K(5120K)->4869K(5120K)
[3214.536s][info][gc             ] GC(678) Pause Young (Prepare Mixed) (G1 Evacuation Pause) 3623M->1450M(4096M) 118.987ms
[3214.536s][info][gc,cpu         ] GC(678) User=0.71s Sys=0.00s Real=0.12s
....[3217.767s][info][gc,start       ] GC(679) Pause Young (Mixed) (G1 Evacuation Pause)
[3217.767s][info][gc,task        ] GC(679) Using 6 workers of 6 for evacuation
[3217.898s][info][gc,phases      ] GC(679)   Pre Evacuate Collection Set: 0.38ms
[3217.898s][info][gc,phases      ] GC(679)   Merge Heap Roots: 0.59ms
[3217.898s][info][gc,phases      ] GC(679)   Evacuate Collection Set: 128.52ms
[3217.898s][info][gc,phases      ] GC(679)   Post Evacuate Collection Set: 0.93ms
[3217.898s][info][gc,phases      ] GC(679)   Other: 0.09ms
[3217.898s][info][gc,heap        ] GC(679) Eden regions: 1109->0(1118)
[3217.898s][info][gc,heap        ] GC(679) Survivor regions: 110->110(153)
[3217.898s][info][gc,heap        ] GC(679) Old regions: 536->473
[3217.898s][info][gc,heap        ] GC(679) Humongous regions: 80->80
[3217.898s][info][gc,metaspace   ] GC(679) Metaspace: 28856K(29312K)->28856K(29312K) NonClass: 23987K(24192K)->23987K(24192K) Class: 4869K(5120K)->4869K(5120K)
[3217.898s][info][gc             ] GC(679) Pause Young (Mixed) (G1 Evacuation Pause) 3668M->1324M(4096M) 130.657ms
[3217.898s][info][gc,cpu         ] GC(679) User=0.78s Sys=0.00s Real=0.13s
...[3221.218s][info][gc,start       ] GC(680) Pause Young (Concurrent Start) (G1 Evacuation Pause)
[3221.219s][info][gc,task        ] GC(680) Using 6 workers of 6 for evacuation
[3221.337s][info][gc,phases      ] GC(680)   Pre Evacuate Collection Set: 0.37ms
[3221.337s][info][gc,phases      ] GC(680)   Merge Heap Roots: 0.45ms
[3221.337s][info][gc,phases      ] GC(680)   Evacuate Collection Set: 116.52ms
[3221.337s][info][gc,phases      ] GC(680)   Post Evacuate Collection Set: 0.88ms
[3221.337s][info][gc,phases      ] GC(680)   Other: 0.12ms
[3221.337s][info][gc,heap        ] GC(680) Eden regions: 1118->0(1117)
[3221.337s][info][gc,heap        ] GC(680) Survivor regions: 110->111(154)
[3221.337s][info][gc,heap        ] GC(680) Old regions: 473->505
[3221.337s][info][gc,heap        ] GC(680) Humongous regions: 80->80
[3221.337s][info][gc,metaspace   ] GC(680) Metaspace: 28856K(29312K)->28856K(29312K) NonClass: 23987K(24192K)->23987K(24192K) Class: 4869K(5120K)->4869K(5120K)
[3221.337s][info][gc             ] GC(680) Pause Young (Concurrent Start) (G1 Evacuation Pause) 3560M->1390M(4096M) 118.466ms
[3221.337s][info][gc             ] GC(681) Concurrent Mark Cycle
[3221.337s][info][gc,marking     ] GC(681) Concurrent Scan Root Regions
[3221.337s][info][gc,cpu         ] GC(680) User=0.70s Sys=0.00s Real=0.12s
[3221.472s][info][gc,marking     ] GC(681) Concurrent Scan Root Regions 135.021ms
[3221.472s][info][gc,marking     ] GC(681) Concurrent Mark
[3221.472s][info][gc,marking     ] GC(681) Concurrent Mark From Roots
[3221.472s][info][gc,task        ] GC(681) Using 2 workers of 2 for marking
.[3222.156s][info][gc,marking     ] GC(681) Concurrent Mark From Roots 683.872ms
[3222.156s][info][gc,marking     ] GC(681) Concurrent Preclean
[3222.156s][info][gc,marking     ] GC(681) Concurrent Preclean 0.207ms
[3222.156s][info][gc,start       ] GC(681) Pause Remark
[3222.161s][info][gc             ] GC(681) Pause Remark 1994M->1994M(4096M) 4.807ms
[3222.161s][info][gc,cpu         ] GC(681) User=0.03s Sys=0.00s Real=0.00s
[3222.161s][info][gc,marking     ] GC(681) Concurrent Mark 689.161ms
[3222.161s][info][gc,marking     ] GC(681) Concurrent Rebuild Remembered Sets and Scrub Regions
[3222.379s][info][gc,marking     ] GC(681) Concurrent Rebuild Remembered Sets and Scrub Regions 217.296ms
[3222.379s][info][gc,start       ] GC(681) Pause Cleanup
[3222.379s][info][gc             ] GC(681) Pause Cleanup 2126M->2126M(4096M) 0.100ms
[3222.379s][info][gc,cpu         ] GC(681) User=0.00s Sys=0.00s Real=0.00s
[3222.379s][info][gc,marking     ] GC(681) Concurrent Clear Claimed Marks
[3222.379s][info][gc,marking     ] GC(681) Concurrent Clear Claimed Marks 0.021ms
[3222.379s][info][gc,marking     ] GC(681) Concurrent Cleanup for Next Mark
[3222.383s][info][gc,marking     ] GC(681) Concurrent Cleanup for Next Mark 4.545ms
[3222.384s][info][gc             ] GC(681) Concurrent Mark Cycle 1046.527ms
...[3224.614s][info][gc,start       ] GC(682) Pause Young (Prepare Mixed) (G1 Evacuation Pause)
[3224.614s][info][gc,task        ] GC(682) Using 6 workers of 6 for evacuation
[3224.736s][info][gc,phases      ] GC(682)   Pre Evacuate Collection Set: 0.32ms
[3224.736s][info][gc,phases      ] GC(682)   Merge Heap Roots: 0.50ms
[3224.736s][info][gc,phases      ] GC(682)   Evacuate Collection Set: 120.18ms
[3224.736s][info][gc,phases      ] GC(682)   Post Evacuate Collection Set: 0.95ms
[3224.736s][info][gc,phases      ] GC(682)   Other: 0.09ms
[3224.736s][info][gc,heap        ] GC(682) Eden regions: 1117->0(1104)
[3224.736s][info][gc,heap        ] GC(682) Survivor regions: 111->112(154)
[3224.736s][info][gc,heap        ] GC(682) Old regions: 505->537
[3224.736s][info][gc,heap        ] GC(682) Humongous regions: 80->80
[3224.736s][info][gc,metaspace   ] GC(682) Metaspace: 28856K(29312K)->28856K(29312K) NonClass: 23987K(24192K)->23987K(24192K) Class: 4869K(5120K)->4869K(5120K)
[3224.736s][info][gc             ] GC(682) Pause Young (Prepare Mixed) (G1 Evacuation Pause) 3624M->1456M(4096M) 122.191ms
[3224.736s][info][gc,cpu         ] GC(682) User=0.73s Sys=0.00s Real=0.12s
...[3227.946s][info][gc,start       ] GC(683) Pause Young (Mixed) (G1 Evacuation Pause)
[3227.946s][info][gc,task        ] GC(683) Using 6 workers of 6 for evacuation
[3228.084s][info][gc,phases      ] GC(683)   Pre Evacuate Collection Set: 0.36ms
[3228.084s][info][gc,phases      ] GC(683)   Merge Heap Roots: 0.64ms
[3228.084s][info][gc,phases      ] GC(683)   Evacuate Collection Set: 135.95ms
[3228.084s][info][gc,phases      ] GC(683)   Post Evacuate Collection Set: 0.94ms
[3228.085s][info][gc,phases      ] GC(683)   Other: 0.09ms
[3228.085s][info][gc,heap        ] GC(683) Eden regions: 1104->0(1114)
[3228.085s][info][gc,heap        ] GC(683) Survivor regions: 112->114(152)
[3228.085s][info][gc,heap        ] GC(683) Old regions: 537->472
[3228.085s][info][gc,heap        ] GC(683) Humongous regions: 80->80
[3228.085s][info][gc,metaspace   ] GC(683) Metaspace: 28856K(29312K)->28856K(29312K) NonClass: 23987K(24192K)->23987K(24192K) Class: 4869K(5120K)->4869K(5120K)
[3228.085s][info][gc             ] GC(683) Pause Young (Mixed) (G1 Evacuation Pause) 3664M->1330M(4096M) 138.119ms
[3228.085s][info][gc,cpu         ] GC(683) User=0.82s Sys=0.00s Real=0.14s
...[3231.418s][info][gc,start       ] GC(684) Pause Young (Concurrent Start) (G1 Evacuation Pause)
[3231.418s][info][gc,task        ] GC(684) Using 6 workers of 6 for evacuation
[3231.534s][info][gc,phases      ] GC(684)   Pre Evacuate Collection Set: 0.38ms
[3231.534s][info][gc,phases      ] GC(684)   Merge Heap Roots: 0.47ms
[3231.534s][info][gc,phases      ] GC(684)   Evacuate Collection Set: 113.81ms
[3231.534s][info][gc,phases      ] GC(684)   Post Evacuate Collection Set: 0.89ms
[3231.534s][info][gc,phases      ] GC(684)   Other: 0.12ms
[3231.534s][info][gc,heap        ] GC(684) Eden regions: 1114->0(1119)
[3231.534s][info][gc,heap        ] GC(684) Survivor regions: 114->109(154)
[3231.534s][info][gc,heap        ] GC(684) Old regions: 472->504
[3231.534s][info][gc,heap        ] GC(684) Humongous regions: 80->80
[3231.534s][info][gc,metaspace   ] GC(684) Metaspace: 28856K(29312K)->28856K(29312K) NonClass: 23987K(24192K)->23987K(24192K) Class: 4869K(5120K)->4869K(5120K)
[3231.534s][info][gc             ] GC(684) Pause Young (Concurrent Start) (G1 Evacuation Pause) 3558M->1383M(4096M) 115.815ms
[3231.534s][info][gc             ] GC(685) Concurrent Mark Cycle
[3231.534s][info][gc,marking     ] GC(685) Concurrent Scan Root Regions
[3231.534s][info][gc,cpu         ] GC(684) User=0.69s Sys=0.00s Real=0.12s
.[3231.722s][info][gc,marking     ] GC(685) Concurrent Scan Root Regions 187.448ms
[3231.722s][info][gc,marking     ] GC(685) Concurrent Mark
[3231.722s][info][gc,marking     ] GC(685) Concurrent Mark From Roots
[3231.722s][info][gc,task        ] GC(685) Using 2 workers of 2 for marking
[3232.494s][info][gc,marking     ] GC(685) Concurrent Mark From Roots 772.581ms
[3232.494s][info][gc,marking     ] GC(685) Concurrent Preclean
[3232.494s][info][gc,marking     ] GC(685) Concurrent Preclean 0.215ms
[3232.495s][info][gc,start       ] GC(685) Pause Remark
[3232.501s][info][gc             ] GC(685) Pause Remark 2063M->2063M(4096M) 5.627ms
[3232.501s][info][gc,cpu         ] GC(685) User=0.03s Sys=0.00s Real=0.00s
[3232.501s][info][gc,marking     ] GC(685) Concurrent Mark 779.870ms
[3232.501s][info][gc,marking     ] GC(685) Concurrent Rebuild Remembered Sets and Scrub Regions
.[3232.800s][info][gc,marking     ] GC(685) Concurrent Rebuild Remembered Sets and Scrub Regions 298.917ms
[3232.801s][info][gc,start       ] GC(685) Pause Cleanup
[3232.801s][info][gc             ] GC(685) Pause Cleanup 2277M->2277M(4096M) 0.112ms
[3232.801s][info][gc,cpu         ] GC(685) User=0.00s Sys=0.00s Real=0.00s
[3232.801s][info][gc,marking     ] GC(685) Concurrent Clear Claimed Marks
[3232.801s][info][gc,marking     ] GC(685) Concurrent Clear Claimed Marks 0.020ms
[3232.801s][info][gc,marking     ] GC(685) Concurrent Cleanup for Next Mark
[3232.805s][info][gc,marking     ] GC(685) Concurrent Cleanup for Next Mark 4.320ms
[3232.805s][info][gc             ] GC(685) Concurrent Mark Cycle 1271.042ms
..[3234.781s][info][gc,start       ] GC(686) Pause Young (Prepare Mixed) (G1 Evacuation Pause)
[3234.781s][info][gc,task        ] GC(686) Using 6 workers of 6 for evacuation
[3234.898s][info][gc,phases      ] GC(686)   Pre Evacuate Collection Set: 0.35ms
[3234.898s][info][gc,phases      ] GC(686)   Merge Heap Roots: 0.54ms
[3234.898s][info][gc,phases      ] GC(686)   Evacuate Collection Set: 114.87ms
[3234.898s][info][gc,phases      ] GC(686)   Post Evacuate Collection Set: 0.92ms
[3234.898s][info][gc,phases      ] GC(686)   Other: 0.09ms
[3234.898s][info][gc,heap        ] GC(686) Eden regions: 1119->0(1110)
[3234.898s][info][gc,heap        ] GC(686) Survivor regions: 109->110(154)
[3234.898s][info][gc,heap        ] GC(686) Old regions: 504->535
[3234.898s][info][gc,heap        ] GC(686) Humongous regions: 80->80
[3234.898s][info][gc,metaspace   ] GC(686) Metaspace: 28857K(29312K)->28857K(29312K) NonClass: 23988K(24192K)->23988K(24192K) Class: 4869K(5120K)->4869K(5120K)
[3234.898s][info][gc             ] GC(686) Pause Young (Prepare Mixed) (G1 Evacuation Pause) 3621M->1448M(4096M) 116.912ms
[3234.898s][info][gc,cpu         ] GC(686) User=0.69s Sys=0.00s Real=0.12s
...[3238.175s][info][gc,start       ] GC(687) Pause Young (Mixed) (G1 Evacuation Pause)
[3238.175s][info][gc,task        ] GC(687) Using 6 workers of 6 for evacuation
[3238.313s][info][gc,phases      ] GC(687)   Pre Evacuate Collection Set: 0.37ms
[3238.313s][info][gc,phases      ] GC(687)   Merge Heap Roots: 0.71ms
[3238.313s][info][gc,phases      ] GC(687)   Evacuate Collection Set: 136.32ms
[3238.313s][info][gc,phases      ] GC(687)   Post Evacuate Collection Set: 0.98ms
[3238.313s][info][gc,phases      ] GC(687)   Other: 0.09ms
[3238.313s][info][gc,heap        ] GC(687) Eden regions: 1110->0(1117)
[3238.313s][info][gc,heap        ] GC(687) Survivor regions: 110->111(153)
[3238.313s][info][gc,heap        ] GC(687) Old regions: 535->472
[3238.313s][info][gc,heap        ] GC(687) Humongous regions: 80->80
[3238.313s][info][gc,metaspace   ] GC(687) Metaspace: 28857K(29312K)->28857K(29312K) NonClass: 23988K(24192K)->23988K(24192K) Class: 4869K(5120K)->4869K(5120K)
[3238.313s][info][gc             ] GC(687) Pause Young (Mixed) (G1 Evacuation Pause) 3668M->1324M(4096M) 138.616ms
[3238.313s][info][gc,cpu         ] GC(687) User=0.82s Sys=0.00s Real=0.14s
...[3241.593s][info][gc,start       ] GC(688) Pause Young (Concurrent Start) (G1 Evacuation Pause)
[3241.593s][info][gc,task        ] GC(688) Using 6 workers of 6 for evacuation
[3241.712s][info][gc,phases      ] GC(688)   Pre Evacuate Collection Set: 0.39ms
[3241.712s][info][gc,phases      ] GC(688)   Merge Heap Roots: 0.50ms
[3241.712s][info][gc,phases      ] GC(688)   Evacuate Collection Set: 117.29ms
[3241.712s][info][gc,phases      ] GC(688)   Post Evacuate Collection Set: 0.89ms
[3241.712s][info][gc,phases      ] GC(688)   Other: 0.10ms
[3241.712s][info][gc,heap        ] GC(688) Eden regions: 1117->0(1117)
[3241.712s][info][gc,heap        ] GC(688) Survivor regions: 111->111(154)
[3241.712s][info][gc,heap        ] GC(688) Old regions: 472->504
[3241.712s][info][gc,heap        ] GC(688) Humongous regions: 80->80
[3241.712s][info][gc,metaspace   ] GC(688) Metaspace: 28857K(29312K)->28857K(29312K) NonClass: 23988K(24192K)->23988K(24192K) Class: 4869K(5120K)->4869K(5120K)
[3241.712s][info][gc             ] GC(688) Pause Young (Concurrent Start) (G1 Evacuation Pause) 3558M->1388M(4096M) 119.301ms
[3241.712s][info][gc             ] GC(689) Concurrent Mark Cycle
[3241.712s][info][gc,marking     ] GC(689) Concurrent Scan Root Regions
[3241.712s][info][gc,cpu         ] GC(688) User=0.71s Sys=0.00s Real=0.11s
.[3241.893s][info][gc,marking     ] GC(689) Concurrent Scan Root Regions 180.786ms
[3241.893s][info][gc,marking     ] GC(689) Concurrent Mark
[3241.893s][info][gc,marking     ] GC(689) Concurrent Mark From Roots
[3241.893s][info][gc,task        ] GC(689) Using 2 workers of 2 for marking
.[3242.735s][info][gc,marking     ] GC(689) Concurrent Mark From Roots 842.359ms
[3242.735s][info][gc,marking     ] GC(689) Concurrent Preclean
[3242.735s][info][gc,marking     ] GC(689) Concurrent Preclean 0.205ms
[3242.736s][info][gc,start       ] GC(689) Pause Remark
[3242.741s][info][gc             ] GC(689) Pause Remark 2165M->2165M(4096M) 5.729ms
[3242.742s][info][gc,cpu         ] GC(689) User=0.03s Sys=0.00s Real=0.00s
[3242.742s][info][gc,marking     ] GC(689) Concurrent Mark 849.525ms
[3242.742s][info][gc,marking     ] GC(689) Concurrent Rebuild Remembered Sets and Scrub Regions
[3243.002s][info][gc,marking     ] GC(689) Concurrent Rebuild Remembered Sets and Scrub Regions 259.882ms
[3243.002s][info][gc,start       ] GC(689) Pause Cleanup
[3243.002s][info][gc             ] GC(689) Pause Cleanup 2318M->2318M(4096M) 0.108ms
[3243.002s][info][gc,cpu         ] GC(689) User=0.00s Sys=0.00s Real=0.00s
[3243.003s][info][gc,marking     ] GC(689) Concurrent Clear Claimed Marks
[3243.003s][info][gc,marking     ] GC(689) Concurrent Clear Claimed Marks 0.024ms
[3243.003s][info][gc,marking     ] GC(689) Concurrent Cleanup for Next Mark
[3243.006s][info][gc,marking     ] GC(689) Concurrent Cleanup for Next Mark 3.697ms
[3243.006s][info][gc             ] GC(689) Concurrent Mark Cycle 1294.368ms
..[3244.969s][info][gc,start       ] GC(690) Pause Young (Prepare Mixed) (G1 Evacuation Pause)
[3244.969s][info][gc,task        ] GC(690) Using 6 workers of 6 for evacuation
[3245.083s][info][gc,phases      ] GC(690)   Pre Evacuate Collection Set: 0.33ms
[3245.083s][info][gc,phases      ] GC(690)   Merge Heap Roots: 0.48ms
[3245.084s][info][gc,phases      ] GC(690)   Evacuate Collection Set: 112.79ms
[3245.084s][info][gc,phases      ] GC(690)   Post Evacuate Collection Set: 0.93ms
[3245.084s][info][gc,phases      ] GC(690)   Other: 0.09ms
[3245.084s][info][gc,heap        ] GC(690) Eden regions: 1117->0(1115)
[3245.084s][info][gc,heap        ] GC(690) Survivor regions: 111->107(154)
[3245.084s][info][gc,heap        ] GC(690) Old regions: 504->536
[3245.084s][info][gc,heap        ] GC(690) Humongous regions: 80->80
[3245.084s][info][gc,metaspace   ] GC(690) Metaspace: 28857K(29312K)->28857K(29312K) NonClass: 23988K(24192K)->23988K(24192K) Class: 4869K(5120K)->4869K(5120K)
[3245.084s][info][gc             ] GC(690) Pause Young (Prepare Mixed) (G1 Evacuation Pause) 3622M->1445M(4096M) 114.773ms
[3245.084s][info][gc,cpu         ] GC(690) User=0.68s Sys=0.00s Real=0.12s
. (rIR:aIR:PR = 5535:5534:5534) (tPR = 82224) [OK] 
  3245s: Performance info:
         Transaction,    Success,    Partial,     Failed,   Receipts, AvgBarcode, 
             Overall,     334177,          0,          0,     317464,      59.48, 
         Response times:
             Request,    Success,    Partial,     Failed,   SkipFail,     Probes,    Samples,      min,      p50,      p90,      p95,      p99,      max, 
       TotalPurchase,     317464,          0,          0,          0,     312296,     333809,      300,     4600,    12300,    33000,    97000,   190000,
     InStorePurchase,     167149,          0,          0,          0,     164428,     175487,      300,     4500,    12200,    33000,    96000,   190000,
      OnlinePurchase,     116893,          0,          0,          0,     115407,     123490,      300,     4500,    12200,    32000,    97000,   189000,
        InstPurchase,      33422,          0,          0,          0,      32461,      34832,      400,     5100,    13200,    35000,   105000,   189000,
          AssocOfCat,        337,          0,          0,          0,        251,        336,    24000,    35500,    65000,    73300,   137000,   166000,
      AssocOfProduct,       3349,          0,          0,          0,       3156,       3602,      600,     4800,    11770,    31000,   104940,   148000,
      BusinessReport,        841,          0,          0,          0,        714,        875,    24000,    39000,    67400,    81200,   164240,   203000,
          CustBuyBeh,       3351,          0,          0,          0,       3145,       3632,      200,     5400,    13670,    37000,   104000,   151000,
       ProductReturn,       8835,          0,          0,          0,       8405,       9243,      200,     5000,    13400,    35000,   109000,   185000,

  3245s: (41%)   IR =   5673 ..[3248.266s][info][gc,start       ] GC(691) Pause Young (Mixed) (G1 Evacuation Pause)
[3248.266s][info][gc,task        ] GC(691) Using 6 workers of 6 for evacuation
[3248.401s][info][gc,phases      ] GC(691)   Pre Evacuate Collection Set: 0.38ms
[3248.401s][info][gc,phases      ] GC(691)   Merge Heap Roots: 0.63ms
[3248.401s][info][gc,phases      ] GC(691)   Evacuate Collection Set: 132.95ms
[3248.401s][info][gc,phases      ] GC(691)   Post Evacuate Collection Set: 0.94ms
[3248.401s][info][gc,phases      ] GC(691)   Other: 0.09ms
[3248.401s][info][gc,heap        ] GC(691) Eden regions: 1115->0(1118)
[3248.401s][info][gc,heap        ] GC(691) Survivor regions: 107->110(153)
[3248.401s][info][gc,heap        ] GC(691) Old regions: 536->475
[3248.401s][info][gc,heap        ] GC(691) Humongous regions: 80->80
[3248.401s][info][gc,metaspace   ] GC(691) Metaspace: 28857K(29312K)->28857K(29312K) NonClass: 23988K(24192K)->23988K(24192K) Class: 4869K(5120K)->4869K(5120K)
[3248.401s][info][gc             ] GC(691) Pause Young (Mixed) (G1 Evacuation Pause) 3675M->1328M(4096M) 135.131ms
[3248.401s][info][gc,cpu         ] GC(691) User=0.80s Sys=0.00s Real=0.13s
...|[3251.606s][info][gc,start       ] GC(692) Pause Young (Concurrent Start) (G1 Evacuation Pause)
[3251.606s][info][gc,task        ] GC(692) Using 6 workers of 6 for evacuation
[3251.728s][info][gc,phases      ] GC(692)   Pre Evacuate Collection Set: 0.37ms
[3251.728s][info][gc,phases      ] GC(692)   Merge Heap Roots: 0.48ms
[3251.728s][info][gc,phases      ] GC(692)   Evacuate Collection Set: 120.12ms
[3251.728s][info][gc,phases      ] GC(692)   Post Evacuate Collection Set: 0.92ms
[3251.728s][info][gc,phases      ] GC(692)   Other: 0.11ms
[3251.728s][info][gc,heap        ] GC(692) Eden regions: 1118->0(1117)
[3251.728s][info][gc,heap        ] GC(692) Survivor regions: 110->111(154)
[3251.728s][info][gc,heap        ] GC(692) Old regions: 475->506
[3251.728s][info][gc,heap        ] GC(692) Humongous regions: 80->80
[3251.728s][info][gc,metaspace   ] GC(692) Metaspace: 28857K(29312K)->28857K(29312K) NonClass: 23988K(24192K)->23988K(24192K) Class: 4869K(5120K)->4869K(5120K)
[3251.728s][info][gc             ] GC(692) Pause Young (Concurrent Start) (G1 Evacuation Pause) 3564M->1392M(4096M) 122.141ms
[3251.728s][info][gc             ] GC(693) Concurrent Mark Cycle
[3251.728s][info][gc,marking     ] GC(693) Concurrent Scan Root Regions
[3251.728s][info][gc,cpu         ] GC(692) User=0.73s Sys=0.00s Real=0.12s
.[3251.921s][info][gc,marking     ] GC(693) Concurrent Scan Root Regions 193.412ms
[3251.921s][info][gc,marking     ] GC(693) Concurrent Mark
[3251.921s][info][gc,marking     ] GC(693) Concurrent Mark From Roots
[3251.921s][info][gc,task        ] GC(693) Using 2 workers of 2 for marking
[3252.675s][info][gc,marking     ] GC(693) Concurrent Mark From Roots 753.569ms
[3252.675s][info][gc,marking     ] GC(693) Concurrent Preclean
[3252.675s][info][gc,marking     ] GC(693) Concurrent Preclean 0.227ms
[3252.676s][info][gc,start       ] GC(693) Pause Remark
[3252.682s][info][gc             ] GC(693) Pause Remark 2047M->2047M(4096M) 6.071ms
[3252.682s][info][gc,cpu         ] GC(693) User=0.04s Sys=0.00s Real=0.00s
[3252.683s][info][gc,marking     ] GC(693) Concurrent Mark 761.359ms
[3252.683s][info][gc,marking     ] GC(693) Concurrent Rebuild Remembered Sets and Scrub Regions
.[3252.980s][info][gc,marking     ] GC(693) Concurrent Rebuild Remembered Sets and Scrub Regions 296.943ms
[3252.981s][info][gc,start       ] GC(693) Pause Cleanup
[3252.981s][info][gc             ] GC(693) Pause Cleanup 2258M->2258M(4096M) 0.117ms
[3252.981s][info][gc,cpu         ] GC(693) User=0.00s Sys=0.00s Real=0.00s
[3252.981s][info][gc,marking     ] GC(693) Concurrent Clear Claimed Marks
[3252.981s][info][gc,marking     ] GC(693) Concurrent Clear Claimed Marks 0.035ms
[3252.981s][info][gc,marking     ] GC(693) Concurrent Cleanup for Next Mark
[3252.986s][info][gc,marking     ] GC(693) Concurrent Cleanup for Next Mark 5.117ms
[3252.986s][info][gc             ] GC(693) Concurrent Mark Cycle 1258.284ms
..[3254.963s][info][gc,start       ] GC(694) Pause Young (Prepare Mixed) (G1 Evacuation Pause)
[3254.963s][info][gc,task        ] GC(694) Using 6 workers of 6 for evacuation
[3255.086s][info][gc,phases      ] GC(694)   Pre Evacuate Collection Set: 0.33ms
[3255.086s][info][gc,phases      ] GC(694)   Merge Heap Roots: 0.59ms
[3255.086s][info][gc,phases      ] GC(694)   Evacuate Collection Set: 120.92ms
[3255.086s][info][gc,phases      ] GC(694)   Post Evacuate Collection Set: 0.91ms
[3255.086s][info][gc,phases      ] GC(694)   Other: 0.08ms
[3255.086s][info][gc,heap        ] GC(694) Eden regions: 1117->0(1099)
[3255.086s][info][gc,heap        ] GC(694) Survivor regions: 111->114(154)
[3255.086s][info][gc,heap        ] GC(694) Old regions: 506->538
[3255.086s][info][gc,heap        ] GC(694) Humongous regions: 80->80
[3255.086s][info][gc,metaspace   ] GC(694) Metaspace: 28857K(29312K)->28857K(29312K) NonClass: 23988K(24192K)->23988K(24192K) Class: 4869K(5120K)->4869K(5120K)
[3255.086s][info][gc             ] GC(694) Pause Young (Prepare Mixed) (G1 Evacuation Pause) 3626M->1462M(4096M) 122.988ms
[3255.086s][info][gc,cpu         ] GC(694) User=0.73s Sys=0.00s Real=0.12s
...[3258.243s][info][gc,start       ] GC(695) Pause Young (Mixed) (G1 Evacuation Pause)
[3258.243s][info][gc,task        ] GC(695) Using 6 workers of 6 for evacuation
[3258.376s][info][gc,phases      ] GC(695)   Pre Evacuate Collection Set: 0.38ms
[3258.376s][info][gc,phases      ] GC(695)   Merge Heap Roots: 0.74ms
[3258.376s][info][gc,phases      ] GC(695)   Evacuate Collection Set: 131.03ms
[3258.376s][info][gc,phases      ] GC(695)   Post Evacuate Collection Set: 0.94ms
[3258.376s][info][gc,phases      ] GC(695)   Other: 0.09ms
[3258.376s][info][gc,heap        ] GC(695) Eden regions: 1099->0(1119)
[3258.376s][info][gc,heap        ] GC(695) Survivor regions: 114->109(152)
[3258.376s][info][gc,heap        ] GC(695) Old regions: 538->473
[3258.376s][info][gc,heap        ] GC(695) Humongous regions: 80->80
[3258.376s][info][gc,metaspace   ] GC(695) Metaspace: 28857K(29312K)->28857K(29312K) NonClass: 23988K(24192K)->23988K(24192K) Class: 4869K(5120K)->4869K(5120K)
[3258.376s][info][gc             ] GC(695) Pause Young (Mixed) (G1 Evacuation Pause) 3660M->1321M(4096M) 133.328ms
[3258.376s][info][gc,cpu         ] GC(695) User=0.79s Sys=0.00s Real=0.13s
...[3261.574s][info][gc,start       ] GC(696) Pause Young (Concurrent Start) (G1 Evacuation Pause)
[3261.574s][info][gc,task        ] GC(696) Using 6 workers of 6 for evacuation
[3261.689s][info][gc,phases      ] GC(696)   Pre Evacuate Collection Set: 0.39ms
[3261.689s][info][gc,phases      ] GC(696)   Merge Heap Roots: 0.45ms
[3261.689s][info][gc,phases      ] GC(696)   Evacuate Collection Set: 113.51ms
[3261.689s][info][gc,phases      ] GC(696)   Post Evacuate Collection Set: 0.88ms
[3261.689s][info][gc,phases      ] GC(696)   Other: 0.12ms
[3261.689s][info][gc,heap        ] GC(696) Eden regions: 1119->0(1120)
[3261.689s][info][gc,heap        ] GC(696) Survivor regions: 109->108(154)
[3261.689s][info][gc,heap        ] GC(696) Old regions: 473->505
[3261.689s][info][gc,heap        ] GC(696) Humongous regions: 80->80
[3261.689s][info][gc,metaspace   ] GC(696) Metaspace: 28859K(29312K)->28859K(29312K) NonClass: 23990K(24192K)->23990K(24192K) Class: 4869K(5120K)->4869K(5120K)
[3261.689s][info][gc             ] GC(696) Pause Young (Concurrent Start) (G1 Evacuation Pause) 3559M->1385M(4096M) 115.464ms
[3261.689s][info][gc             ] GC(697) Concurrent Mark Cycle
[3261.689s][info][gc,marking     ] GC(697) Concurrent Scan Root Regions
[3261.689s][info][gc,cpu         ] GC(696) User=0.68s Sys=0.00s Real=0.11s
[3261.869s][info][gc,marking     ] GC(697) Concurrent Scan Root Regions 179.484ms
[3261.869s][info][gc,marking     ] GC(697) Concurrent Mark
[3261.869s][info][gc,marking     ] GC(697) Concurrent Mark From Roots
[3261.869s][info][gc,task        ] GC(697) Using 2 workers of 2 for marking
.[3262.658s][info][gc,marking     ] GC(697) Concurrent Mark From Roots 789.431ms
[3262.658s][info][gc,marking     ] GC(697) Concurrent Preclean
[3262.658s][info][gc,marking     ] GC(697) Concurrent Preclean 0.147ms
[3262.659s][info][gc,start       ] GC(697) Pause Remark
[3262.664s][info][gc             ] GC(697) Pause Remark 2079M->2079M(4096M) 5.407ms
[3262.664s][info][gc,cpu         ] GC(697) User=0.03s Sys=0.00s Real=0.01s
[3262.664s][info][gc,marking     ] GC(697) Concurrent Mark 795.446ms
[3262.664s][info][gc,marking     ] GC(697) Concurrent Rebuild Remembered Sets and Scrub Regions
.[3262.958s][info][gc,marking     ] GC(697) Concurrent Rebuild Remembered Sets and Scrub Regions 294.052ms
[3262.958s][info][gc,start       ] GC(697) Pause Cleanup
[3262.958s][info][gc             ] GC(697) Pause Cleanup 2271M->2271M(4096M) 0.107ms
[3262.958s][info][gc,cpu         ] GC(697) User=0.00s Sys=0.00s Real=0.00s
[3262.959s][info][gc,marking     ] GC(697) Concurrent Clear Claimed Marks
[3262.959s][info][gc,marking     ] GC(697) Concurrent Clear Claimed Marks 0.033ms
[3262.959s][info][gc,marking     ] GC(697) Concurrent Cleanup for Next Mark
[3262.963s][info][gc,marking     ] GC(697) Concurrent Cleanup for Next Mark 4.613ms
[3262.963s][info][gc             ] GC(697) Concurrent Mark Cycle 1274.169ms
.[3264.929s][info][gc,start       ] GC(698) Pause Young (Prepare Mixed) (G1 Evacuation Pause)
[3264.929s][info][gc,task        ] GC(698) Using 6 workers of 6 for evacuation
[3265.047s][info][gc,phases      ] GC(698)   Pre Evacuate Collection Set: 0.33ms
[3265.047s][info][gc,phases      ] GC(698)   Merge Heap Roots: 0.54ms
[3265.047s][info][gc,phases      ] GC(698)   Evacuate Collection Set: 116.18ms
[3265.047s][info][gc,phases      ] GC(698)   Post Evacuate Collection Set: 0.92ms
[3265.047s][info][gc,phases      ] GC(698)   Other: 0.08ms
[3265.047s][info][gc,heap        ] GC(698) Eden regions: 1120->0(1106)
[3265.047s][info][gc,heap        ] GC(698) Survivor regions: 108->111(154)
[3265.048s][info][gc,heap        ] GC(698) Old regions: 505->537
[3265.048s][info][gc,heap        ] GC(698) Humongous regions: 80->80
[3265.048s][info][gc,metaspace   ] GC(698) Metaspace: 28859K(29312K)->28859K(29312K) NonClass: 23990K(24192K)->23990K(24192K) Class: 4869K(5120K)->4869K(5120K)
[3265.048s][info][gc             ] GC(698) Pause Young (Prepare Mixed) (G1 Evacuation Pause) 3625M->1453M(4096M) 118.203ms
[3265.048s][info][gc,cpu         ] GC(698) User=0.70s Sys=0.00s Real=0.12s
....[3268.201s][info][gc,start       ] GC(699) Pause Young (Mixed) (G1 Evacuation Pause)
[3268.201s][info][gc,task        ] GC(699) Using 6 workers of 6 for evacuation
[3268.334s][info][gc,phases      ] GC(699)   Pre Evacuate Collection Set: 0.36ms
[3268.334s][info][gc,phases      ] GC(699)   Merge Heap Roots: 0.68ms
[3268.334s][info][gc,phases      ] GC(699)   Evacuate Collection Set: 130.92ms
[3268.334s][info][gc,phases      ] GC(699)   Post Evacuate Collection Set: 0.95ms
[3268.334s][info][gc,phases      ] GC(699)   Other: 0.09ms
[3268.334s][info][gc,heap        ] GC(699) Eden regions: 1106->0(1119)
[3268.334s][info][gc,heap        ] GC(699) Survivor regions: 111->109(153)
[3268.334s][info][gc,heap        ] GC(699) Old regions: 537->473
[3268.334s][info][gc,heap        ] GC(699) Humongous regions: 80->80
[3268.334s][info][gc,metaspace   ] GC(699) Metaspace: 28859K(29312K)->28859K(29312K) NonClass: 23990K(24192K)->23990K(24192K) Class: 4869K(5120K)->4869K(5120K)
[3268.335s][info][gc             ] GC(699) Pause Young (Mixed) (G1 Evacuation Pause) 3665M->1322M(4096M) 133.145ms
[3268.335s][info][gc,cpu         ] GC(699) User=0.79s Sys=0.00s Real=0.14s
...[3271.494s][info][gc,start       ] GC(700) Pause Young (Concurrent Start) (G1 Evacuation Pause)
[3271.494s][info][gc,task        ] GC(700) Using 6 workers of 6 for evacuation
[3271.616s][info][gc,phases      ] GC(700)   Pre Evacuate Collection Set: 0.38ms
[3271.616s][info][gc,phases      ] GC(700)   Merge Heap Roots: 0.49ms
[3271.616s][info][gc,phases      ] GC(700)   Evacuate Collection Set: 119.99ms
[3271.616s][info][gc,phases      ] GC(700)   Post Evacuate Collection Set: 0.90ms
[3271.616s][info][gc,phases      ] GC(700)   Other: 0.13ms
[3271.616s][info][gc,heap        ] GC(700) Eden regions: 1119->0(1115)
[3271.616s][info][gc,heap        ] GC(700) Survivor regions: 109->113(154)
[3271.616s][info][gc,heap        ] GC(700) Old regions: 473->506
[3271.616s][info][gc,heap        ] GC(700) Humongous regions: 80->80
[3271.616s][info][gc,metaspace   ] GC(700) Metaspace: 28859K(29312K)->28859K(29312K) NonClass: 23990K(24192K)->23990K(24192K) Class: 4869K(5120K)->4869K(5120K)
[3271.616s][info][gc             ] GC(700) Pause Young (Concurrent Start) (G1 Evacuation Pause) 3560M->1395M(4096M) 122.029ms
[3271.616s][info][gc             ] GC(701) Concurrent Mark Cycle
[3271.616s][info][gc,marking     ] GC(701) Concurrent Scan Root Regions
[3271.616s][info][gc,cpu         ] GC(700) User=0.72s Sys=0.00s Real=0.12s
[3271.806s][info][gc,marking     ] GC(701) Concurrent Scan Root Regions 190.080ms
[3271.806s][info][gc,marking     ] GC(701) Concurrent Mark
[3271.806s][info][gc,marking     ] GC(701) Concurrent Mark From Roots
[3271.806s][info][gc,task        ] GC(701) Using 2 workers of 2 for marking
.[3272.608s][info][gc,marking     ] GC(701) Concurrent Mark From Roots 801.375ms
[3272.608s][info][gc,marking     ] GC(701) Concurrent Preclean
[3272.608s][info][gc,marking     ] GC(701) Concurrent Preclean 0.206ms
[3272.610s][info][gc,start       ] GC(701) Pause Remark
[3272.616s][info][gc             ] GC(701) Pause Remark 2123M->2123M(4096M) 5.585ms
[3272.616s][info][gc,cpu         ] GC(701) User=0.03s Sys=0.00s Real=0.01s
[3272.616s][info][gc,marking     ] GC(701) Concurrent Mark 809.611ms
[3272.616s][info][gc,marking     ] GC(701) Concurrent Rebuild Remembered Sets and Scrub Regions
[3272.914s][info][gc,marking     ] GC(701) Concurrent Rebuild Remembered Sets and Scrub Regions 298.172ms
[3272.914s][info][gc,start       ] GC(701) Pause Cleanup
[3272.914s][info][gc             ] GC(701) Pause Cleanup 2338M->2338M(4096M) 0.111ms
[3272.914s][info][gc,cpu         ] GC(701) User=0.01s Sys=0.00s Real=0.00s
[3272.914s][info][gc,marking     ] GC(701) Concurrent Clear Claimed Marks
[3272.914s][info][gc,marking     ] GC(701) Concurrent Clear Claimed Marks 0.025ms
[3272.914s][info][gc,marking     ] GC(701) Concurrent Cleanup for Next Mark
[3272.918s][info][gc,marking     ] GC(701) Concurrent Cleanup for Next Mark 3.270ms
[3272.918s][info][gc             ] GC(701) Concurrent Mark Cycle 1301.612ms
..[3274.882s][info][gc,start       ] GC(702) Pause Young (Prepare Mixed) (G1 Evacuation Pause)
[3274.882s][info][gc,task        ] GC(702) Using 6 workers of 6 for evacuation
[3275.001s][info][gc,phases      ] GC(702)   Pre Evacuate Collection Set: 0.32ms
[3275.001s][info][gc,phases      ] GC(702)   Merge Heap Roots: 0.56ms
[3275.001s][info][gc,phases      ] GC(702)   Evacuate Collection Set: 117.66ms
[3275.001s][info][gc,phases      ] GC(702)   Post Evacuate Collection Set: 0.93ms
[3275.001s][info][gc,phases      ] GC(702)   Other: 0.09ms
[3275.001s][info][gc,heap        ] GC(702) Eden regions: 1115->0(1104)
[3275.001s][info][gc,heap        ] GC(702) Survivor regions: 113->112(154)
[3275.001s][info][gc,heap        ] GC(702) Old regions: 506->537
[3275.001s][info][gc,heap        ] GC(702) Humongous regions: 80->80
[3275.001s][info][gc,metaspace   ] GC(702) Metaspace: 28859K(29312K)->28859K(29312K) NonClass: 23990K(24192K)->23990K(24192K) Class: 4869K(5120K)->4869K(5120K)
[3275.001s][info][gc             ] GC(702) Pause Young (Prepare Mixed) (G1 Evacuation Pause) 3625M->1455M(4096M) 119.712ms
[3275.001s][info][gc,cpu         ] GC(702) User=0.71s Sys=0.00s Real=0.12s
....[3278.112s][info][gc,start       ] GC(703) Pause Young (Mixed) (G1 Evacuation Pause)
[3278.112s][info][gc,task        ] GC(703) Using 6 workers of 6 for evacuation
[3278.242s][info][gc,phases      ] GC(703)   Pre Evacuate Collection Set: 0.42ms
[3278.242s][info][gc,phases      ] GC(703)   Merge Heap Roots: 0.61ms
[3278.242s][info][gc,phases      ] GC(703)   Evacuate Collection Set: 128.14ms
[3278.242s][info][gc,phases      ] GC(703)   Post Evacuate Collection Set: 0.96ms
[3278.242s][info][gc,phases      ] GC(703)   Other: 0.09ms
[3278.242s][info][gc,heap        ] GC(703) Eden regions: 1104->0(1121)
[3278.242s][info][gc,heap        ] GC(703) Survivor regions: 112->107(152)
[3278.242s][info][gc,heap        ] GC(703) Old regions: 537->474
[3278.242s][info][gc,heap        ] GC(703) Humongous regions: 80->80
[3278.242s][info][gc,metaspace   ] GC(703) Metaspace: 28859K(29312K)->28859K(29312K) NonClass: 23990K(24192K)->23990K(24192K) Class: 4869K(5120K)->4869K(5120K)
[3278.242s][info][gc             ] GC(703) Pause Young (Mixed) (G1 Evacuation Pause) 3663M->1319M(4096M) 130.339ms
[3278.242s][info][gc,cpu         ] GC(703) User=0.77s Sys=0.00s Real=0.14s
...[3281.467s][info][gc,start       ] GC(704) Pause Young (Concurrent Start) (G1 Evacuation Pause)
[3281.467s][info][gc,task        ] GC(704) Using 6 workers of 6 for evacuation
[3281.583s][info][gc,phases      ] GC(704)   Pre Evacuate Collection Set: 0.39ms
[3281.583s][info][gc,phases      ] GC(704)   Merge Heap Roots: 0.46ms
[3281.583s][info][gc,phases      ] GC(704)   Evacuate Collection Set: 113.51ms
[3281.583s][info][gc,phases      ] GC(704)   Post Evacuate Collection Set: 0.89ms
[3281.583s][info][gc,phases      ] GC(704)   Other: 0.11ms
[3281.583s][info][gc,heap        ] GC(704) Eden regions: 1121->0(1120)
[3281.583s][info][gc,heap        ] GC(704) Survivor regions: 107->108(154)
[3281.583s][info][gc,heap        ] GC(704) Old regions: 474->506
[3281.583s][info][gc,heap        ] GC(704) Humongous regions: 80->80
[3281.583s][info][gc,metaspace   ] GC(704) Metaspace: 28859K(29312K)->28859K(29312K) NonClass: 23990K(24192K)->23990K(24192K) Class: 4869K(5120K)->4869K(5120K)
[3281.583s][info][gc             ] GC(704) Pause Young (Concurrent Start) (G1 Evacuation Pause) 3561M->1386M(4096M) 115.515ms
[3281.583s][info][gc             ] GC(705) Concurrent Mark Cycle
[3281.583s][info][gc,marking     ] GC(705) Concurrent Scan Root Regions
[3281.583s][info][gc,cpu         ] GC(704) User=0.68s Sys=0.00s Real=0.12s
[3281.756s][info][gc,marking     ] GC(705) Concurrent Scan Root Regions 173.289ms
[3281.756s][info][gc,marking     ] GC(705) Concurrent Mark
[3281.756s][info][gc,marking     ] GC(705) Concurrent Mark From Roots
[3281.756s][info][gc,task        ] GC(705) Using 2 workers of 2 for marking
.[3282.589s][info][gc,marking     ] GC(705) Concurrent Mark From Roots 832.494ms
[3282.589s][info][gc,marking     ] GC(705) Concurrent Preclean
[3282.589s][info][gc,marking     ] GC(705) Concurrent Preclean 0.137ms
[3282.590s][info][gc,start       ] GC(705) Pause Remark
[3282.595s][info][gc             ] GC(705) Pause Remark 2142M->2142M(4096M) 5.448ms
[3282.595s][info][gc,cpu         ] GC(705) User=0.03s Sys=0.00s Real=0.01s
[3282.596s][info][gc,marking     ] GC(705) Concurrent Mark 839.502ms
[3282.596s][info][gc,marking     ] GC(705) Concurrent Rebuild Remembered Sets and Scrub Regions
[3282.954s][info][gc,marking     ] GC(705) Concurrent Rebuild Remembered Sets and Scrub Regions 358.033ms
[3282.955s][info][gc,start       ] GC(705) Pause Cleanup
[3282.955s][info][gc             ] GC(705) Pause Cleanup 2361M->2361M(4096M) 0.122ms
[3282.955s][info][gc,cpu         ] GC(705) User=0.00s Sys=0.00s Real=0.00s
[3282.956s][info][gc,marking     ] GC(705) Concurrent Clear Claimed Marks
[3282.956s][info][gc,marking     ] GC(705) Concurrent Clear Claimed Marks 0.030ms
[3282.956s][info][gc,marking     ] GC(705) Concurrent Cleanup for Next Mark
[3282.959s][info][gc,marking     ] GC(705) Concurrent Cleanup for Next Mark 3.707ms
[3282.959s][info][gc             ] GC(705) Concurrent Mark Cycle 1376.423ms
..[3284.858s][info][gc,start       ] GC(706) Pause Young (Prepare Mixed) (G1 Evacuation Pause)
[3284.858s][info][gc,task        ] GC(706) Using 6 workers of 6 for evacuation
[3284.976s][info][gc,phases      ] GC(706)   Pre Evacuate Collection Set: 0.35ms
[3284.976s][info][gc,phases      ] GC(706)   Merge Heap Roots: 0.52ms
[3284.976s][info][gc,phases      ] GC(706)   Evacuate Collection Set: 115.59ms
[3284.976s][info][gc,phases      ] GC(706)   Post Evacuate Collection Set: 0.89ms
[3284.976s][info][gc,phases      ] GC(706)   Other: 0.08ms
[3284.976s][info][gc,heap        ] GC(706) Eden regions: 1120->0(1106)
[3284.976s][info][gc,heap        ] GC(706) Survivor regions: 108->111(154)
[3284.976s][info][gc,heap        ] GC(706) Old regions: 506->537
[3284.976s][info][gc,heap        ] GC(706) Humongous regions: 80->80
[3284.976s][info][gc,metaspace   ] GC(706) Metaspace: 28859K(29312K)->28859K(29312K) NonClass: 23990K(24192K)->23990K(24192K) Class: 4869K(5120K)->4869K(5120K)
[3284.976s][info][gc             ] GC(706) Pause Young (Prepare Mixed) (G1 Evacuation Pause) 3626M->1454M(4096M) 117.558ms
[3284.976s][info][gc,cpu         ] GC(706) User=0.70s Sys=0.00s Real=0.12s
....[3288.124s][info][gc,start       ] GC(707) Pause Young (Mixed) (G1 Evacuation Pause)
[3288.124s][info][gc,task        ] GC(707) Using 6 workers of 6 for evacuation
[3288.257s][info][gc,phases      ] GC(707)   Pre Evacuate Collection Set: 0.35ms
[3288.257s][info][gc,phases      ] GC(707)   Merge Heap Roots: 0.66ms
[3288.257s][info][gc,phases      ] GC(707)   Evacuate Collection Set: 130.19ms
[3288.257s][info][gc,phases      ] GC(707)   Post Evacuate Collection Set: 0.97ms
[3288.257s][info][gc,phases      ] GC(707)   Other: 0.09ms
[3288.257s][info][gc,heap        ] GC(707) Eden regions: 1106->0(1119)
[3288.257s][info][gc,heap        ] GC(707) Survivor regions: 111->109(153)
[3288.257s][info][gc,heap        ] GC(707) Old regions: 537->472
[3288.257s][info][gc,heap        ] GC(707) Humongous regions: 80->80
[3288.257s][info][gc,metaspace   ] GC(707) Metaspace: 28859K(29312K)->28859K(29312K) NonClass: 23990K(24192K)->23990K(24192K) Class: 4869K(5120K)->4869K(5120K)
[3288.257s][info][gc             ] GC(707) Pause Young (Mixed) (G1 Evacuation Pause) 3666M->1319M(4096M) 132.390ms
[3288.257s][info][gc,cpu         ] GC(707) User=0.78s Sys=0.00s Real=0.13s
...[3291.439s][info][gc,start       ] GC(708) Pause Young (Concurrent Start) (G1 Evacuation Pause)
[3291.440s][info][gc,task        ] GC(708) Using 6 workers of 6 for evacuation
[3291.560s][info][gc,phases      ] GC(708)   Pre Evacuate Collection Set: 0.35ms
[3291.560s][info][gc,phases      ] GC(708)   Merge Heap Roots: 0.47ms
[3291.560s][info][gc,phases      ] GC(708)   Evacuate Collection Set: 118.89ms
[3291.560s][info][gc,phases      ] GC(708)   Post Evacuate Collection Set: 0.90ms
[3291.560s][info][gc,phases      ] GC(708)   Other: 0.11ms
[3291.560s][info][gc,heap        ] GC(708) Eden regions: 1119->0(1118)
[3291.560s][info][gc,heap        ] GC(708) Survivor regions: 109->110(154)
[3291.560s][info][gc,heap        ] GC(708) Old regions: 472->505
[3291.560s][info][gc,heap        ] GC(708) Humongous regions: 80->80
[3291.560s][info][gc,metaspace   ] GC(708) Metaspace: 28859K(29312K)->28859K(29312K) NonClass: 23990K(24192K)->23990K(24192K) Class: 4869K(5120K)->4869K(5120K)
[3291.560s][info][gc             ] GC(708) Pause Young (Concurrent Start) (G1 Evacuation Pause) 3557M->1388M(4096M) 120.839ms
[3291.560s][info][gc             ] GC(709) Concurrent Mark Cycle
[3291.560s][info][gc,marking     ] GC(709) Concurrent Scan Root Regions
[3291.560s][info][gc,cpu         ] GC(708) User=0.71s Sys=0.00s Real=0.12s
[3291.740s][info][gc,marking     ] GC(709) Concurrent Scan Root Regions 180.095ms
[3291.741s][info][gc,marking     ] GC(709) Concurrent Mark
[3291.741s][info][gc,marking     ] GC(709) Concurrent Mark From Roots
[3291.741s][info][gc,task        ] GC(709) Using 2 workers of 2 for marking
.[3292.556s][info][gc,marking     ] GC(709) Concurrent Mark From Roots 815.461ms
[3292.556s][info][gc,marking     ] GC(709) Concurrent Preclean
[3292.556s][info][gc,marking     ] GC(709) Concurrent Preclean 0.078ms
[3292.556s][info][gc,start       ] GC(709) Pause Remark
[3292.561s][info][gc             ] GC(709) Pause Remark 2128M->2128M(4096M) 5.078ms
[3292.561s][info][gc,cpu         ] GC(709) User=0.02s Sys=0.00s Real=0.00s
[3292.561s][info][gc,marking     ] GC(709) Concurrent Mark 820.925ms
[3292.561s][info][gc,marking     ] GC(709) Concurrent Rebuild Remembered Sets and Scrub Regions
[3292.818s][info][gc,marking     ] GC(709) Concurrent Rebuild Remembered Sets and Scrub Regions 256.299ms
[3292.818s][info][gc,start       ] GC(709) Pause Cleanup
[3292.818s][info][gc             ] GC(709) Pause Cleanup 2326M->2326M(4096M) 0.096ms
[3292.818s][info][gc,cpu         ] GC(709) User=0.00s Sys=0.00s Real=0.00s
[3292.818s][info][gc,marking     ] GC(709) Concurrent Clear Claimed Marks
[3292.818s][info][gc,marking     ] GC(709) Concurrent Clear Claimed Marks 0.020ms
[3292.818s][info][gc,marking     ] GC(709) Concurrent Cleanup for Next Mark
[3292.821s][info][gc,marking     ] GC(709) Concurrent Cleanup for Next Mark 3.384ms
[3292.821s][info][gc             ] GC(709) Concurrent Mark Cycle 1261.127ms
..[3294.755s][info][gc,start       ] GC(710) Pause Young (Prepare Mixed) (G1 Evacuation Pause)
[3294.755s][info][gc,task        ] GC(710) Using 6 workers of 6 for evacuation
[3294.872s][info][gc,phases      ] GC(710)   Pre Evacuate Collection Set: 0.35ms
[3294.872s][info][gc,phases      ] GC(710)   Merge Heap Roots: 0.54ms
[3294.872s][info][gc,phases      ] GC(710)   Evacuate Collection Set: 115.48ms
[3294.873s][info][gc,phases      ] GC(710)   Post Evacuate Collection Set: 0.91ms
[3294.873s][info][gc,phases      ] GC(710)   Other: 0.09ms
[3294.873s][info][gc,heap        ] GC(710) Eden regions: 1118->0(1109)
[3294.873s][info][gc,heap        ] GC(710) Survivor regions: 110->110(154)
[3294.873s][info][gc,heap        ] GC(710) Old regions: 505->536
[3294.873s][info][gc,heap        ] GC(710) Humongous regions: 80->80
[3294.873s][info][gc,metaspace   ] GC(710) Metaspace: 28859K(29312K)->28859K(29312K) NonClass: 23990K(24192K)->23990K(24192K) Class: 4869K(5120K)->4869K(5120K)
[3294.873s][info][gc             ] GC(710) Pause Young (Prepare Mixed) (G1 Evacuation Pause) 3624M->1450M(4096M) 117.502ms
[3294.873s][info][gc,cpu         ] GC(710) User=0.70s Sys=0.00s Real=0.12s
...[3298.067s][info][gc,start       ] GC(711) Pause Young (Mixed) (G1 Evacuation Pause)
[3298.067s][info][gc,task        ] GC(711) Using 6 workers of 6 for evacuation
[3298.202s][info][gc,phases      ] GC(711)   Pre Evacuate Collection Set: 0.38ms
[3298.202s][info][gc,phases      ] GC(711)   Merge Heap Roots: 0.72ms
[3298.202s][info][gc,phases      ] GC(711)   Evacuate Collection Set: 132.49ms
[3298.202s][info][gc,phases      ] GC(711)   Post Evacuate Collection Set: 0.96ms
[3298.202s][info][gc,phases      ] GC(711)   Other: 0.09ms
[3298.202s][info][gc,heap        ] GC(711) Eden regions: 1109->0(1120)
[3298.202s][info][gc,heap        ] GC(711) Survivor regions: 110->108(153)
[3298.202s][info][gc,heap        ] GC(711) Old regions: 536->473
[3298.202s][info][gc,heap        ] GC(711) Humongous regions: 80->80
[3298.202s][info][gc,metaspace   ] GC(711) Metaspace: 28859K(29312K)->28859K(29312K) NonClass: 23990K(24192K)->23990K(24192K) Class: 4869K(5120K)->4869K(5120K)
[3298.202s][info][gc             ] GC(711) Pause Young (Mixed) (G1 Evacuation Pause) 3668M->1320M(4096M) 134.777ms
[3298.202s][info][gc,cpu         ] GC(711) User=0.80s Sys=0.00s Real=0.14s
....[3301.445s][info][gc,start       ] GC(712) Pause Young (Concurrent Start) (G1 Evacuation Pause)
[3301.445s][info][gc,task        ] GC(712) Using 6 workers of 6 for evacuation
[3301.562s][info][gc,phases      ] GC(712)   Pre Evacuate Collection Set: 0.38ms
[3301.562s][info][gc,phases      ] GC(712)   Merge Heap Roots: 0.48ms
[3301.562s][info][gc,phases      ] GC(712)   Evacuate Collection Set: 115.73ms
[3301.562s][info][gc,phases      ] GC(712)   Post Evacuate Collection Set: 0.90ms
[3301.562s][info][gc,phases      ] GC(712)   Other: 0.09ms
[3301.562s][info][gc,heap        ] GC(712) Eden regions: 1120->0(1119)
[3301.562s][info][gc,heap        ] GC(712) Survivor regions: 108->109(154)
[3301.562s][info][gc,heap        ] GC(712) Old regions: 473->505
[3301.562s][info][gc,heap        ] GC(712) Humongous regions: 80->80
[3301.562s][info][gc,metaspace   ] GC(712) Metaspace: 28859K(29312K)->28859K(29312K) NonClass: 23990K(24192K)->23990K(24192K) Class: 4869K(5120K)->4869K(5120K)
[3301.562s][info][gc             ] GC(712) Pause Young (Concurrent Start) (G1 Evacuation Pause) 3560M->1386M(4096M) 117.703ms
[3301.562s][info][gc             ] GC(713) Concurrent Mark Cycle
[3301.562s][info][gc,marking     ] GC(713) Concurrent Scan Root Regions
[3301.562s][info][gc,cpu         ] GC(712) User=0.69s Sys=0.00s Real=0.12s
[3301.699s][info][gc,marking     ] GC(713) Concurrent Scan Root Regions 136.781ms
[3301.699s][info][gc,marking     ] GC(713) Concurrent Mark
[3301.699s][info][gc,marking     ] GC(713) Concurrent Mark From Roots
[3301.699s][info][gc,task        ] GC(713) Using 2 workers of 2 for marking
.[3302.409s][info][gc,marking     ] GC(713) Concurrent Mark From Roots 709.512ms
[3302.409s][info][gc,marking     ] GC(713) Concurrent Preclean
[3302.409s][info][gc,marking     ] GC(713) Concurrent Preclean 0.100ms
[3302.409s][info][gc,start       ] GC(713) Pause Remark
[3302.412s][info][gc             ] GC(713) Pause Remark 2060M->2060M(4096M) 2.845ms
[3302.412s][info][gc,cpu         ] GC(713) User=0.01s Sys=0.00s Real=0.01s
[3302.412s][info][gc,marking     ] GC(713) Concurrent Mark 713.139ms
[3302.412s][info][gc,marking     ] GC(713) Concurrent Rebuild Remembered Sets and Scrub Regions
[3302.655s][info][gc,marking     ] GC(713) Concurrent Rebuild Remembered Sets and Scrub Regions 242.738ms
[3302.655s][info][gc,start       ] GC(713) Pause Cleanup
[3302.655s][info][gc             ] GC(713) Pause Cleanup 2219M->2219M(4096M) 0.102ms
[3302.655s][info][gc,cpu         ] GC(713) User=0.00s Sys=0.00s Real=0.00s
[3302.655s][info][gc,marking     ] GC(713) Concurrent Clear Claimed Marks
[3302.655s][info][gc,marking     ] GC(713) Concurrent Clear Claimed Marks 0.026ms
[3302.655s][info][gc,marking     ] GC(713) Concurrent Cleanup for Next Mark
[3302.659s][info][gc,marking     ] GC(713) Concurrent Cleanup for Next Mark 3.479ms
[3302.659s][info][gc             ] GC(713) Concurrent Mark Cycle 1096.650ms
..[3304.788s][info][gc,start       ] GC(714) Pause Young (Prepare Mixed) (G1 Evacuation Pause)
[3304.788s][info][gc,task        ] GC(714) Using 6 workers of 6 for evacuation
[3304.910s][info][gc,phases      ] GC(714)   Pre Evacuate Collection Set: 0.33ms
[3304.910s][info][gc,phases      ] GC(714)   Merge Heap Roots: 0.53ms
[3304.910s][info][gc,phases      ] GC(714)   Evacuate Collection Set: 119.54ms
[3304.910s][info][gc,phases      ] GC(714)   Post Evacuate Collection Set: 0.93ms
[3304.910s][info][gc,phases      ] GC(714)   Other: 0.08ms
[3304.910s][info][gc,heap        ] GC(714) Eden regions: 1119->0(1103)
[3304.910s][info][gc,heap        ] GC(714) Survivor regions: 109->113(154)
[3304.910s][info][gc,heap        ] GC(714) Old regions: 505->536
[3304.910s][info][gc,heap        ] GC(714) Humongous regions: 80->80
[3304.910s][info][gc,metaspace   ] GC(714) Metaspace: 28859K(29312K)->28859K(29312K) NonClass: 23990K(24192K)->23990K(24192K) Class: 4869K(5120K)->4869K(5120K)
[3304.910s][info][gc             ] GC(714) Pause Young (Prepare Mixed) (G1 Evacuation Pause) 3624M->1456M(4096M) 121.563ms
[3304.910s][info][gc,cpu         ] GC(714) User=0.72s Sys=0.00s Real=0.12s
...[3308.011s][info][gc,start       ] GC(715) Pause Young (Mixed) (G1 Evacuation Pause)
[3308.011s][info][gc,task        ] GC(715) Using 6 workers of 6 for evacuation
[3308.143s][info][gc,phases      ] GC(715)   Pre Evacuate Collection Set: 0.39ms
[3308.143s][info][gc,phases      ] GC(715)   Merge Heap Roots: 0.64ms
[3308.143s][info][gc,phases      ] GC(715)   Evacuate Collection Set: 129.50ms
[3308.143s][info][gc,phases      ] GC(715)   Post Evacuate Collection Set: 0.95ms
[3308.143s][info][gc,phases      ] GC(715)   Other: 0.09ms
[3308.143s][info][gc,heap        ] GC(715) Eden regions: 1103->0(1121)
[3308.143s][info][gc,heap        ] GC(715) Survivor regions: 113->107(152)
[3308.143s][info][gc,heap        ] GC(715) Old regions: 536->473
[3308.143s][info][gc,heap        ] GC(715) Humongous regions: 80->80
[3308.143s][info][gc,metaspace   ] GC(715) Metaspace: 28859K(29312K)->28859K(29312K) NonClass: 23990K(24192K)->23990K(24192K) Class: 4869K(5120K)->4869K(5120K)
[3308.143s][info][gc             ] GC(715) Pause Young (Mixed) (G1 Evacuation Pause) 3662M->1318M(4096M) 131.697ms
[3308.143s][info][gc,cpu         ] GC(715) User=0.78s Sys=0.00s Real=0.14s
.... (rIR:aIR:PR = 5673:5672:5672) (tPR = 84080) [OK] 
  3311s: Performance info:
         Transaction,    Success,    Partial,     Failed,   Receipts, AvgBarcode, 
             Overall,     342886,          0,          0,     325739,      59.48, 
         Response times:
             Request,    Success,    Partial,     Failed,   SkipFail,     Probes,    Samples,      min,      p50,      p90,      p95,      p99,      max, 
       TotalPurchase,     325738,          0,          0,          0,     319839,     348105,      300,     4600,    10700,    26000,    72000,   234000,
     InStorePurchase,     171417,          0,          0,          0,     168578,     182873,      300,     4400,    10300,    25000,    69000,   221000,
      OnlinePurchase,     120046,          0,          0,          0,     118000,     128710,      300,     4900,    11200,    28000,    75000,   234000,
        InstPurchase,      34275,          0,          0,          0,      33261,      36522,      400,     4900,    11200,    29000,    76000,   204000,
          AssocOfCat,        341,          0,          0,          0,        262,        378,    22000,    35500,    71000,    88000,   160420,   185000,
      AssocOfProduct,       3423,          0,          0,          0,       3167,       3677,      700,     5600,    13020,    30000,    81220,   159000,
      BusinessReport,        860,          0,          0,          0,        776,        976,    26000,    40000,    63000,    81000,   170000,   257000,
          CustBuyBeh,       3426,          0,          0,          0,       3187,       3614,      300,     2800,     8400,    18350,    62000,   143000,
       ProductReturn,       9094,          0,          0,          0,       8711,       9715,      200,     4100,     9500,    22000,    62000,   140000,

  3311s: (42%)   IR =   5812 [3311.375s][info][gc,start       ] GC(716) Pause Young (Concurrent Start) (G1 Evacuation Pause)
[3311.375s][info][gc,task        ] GC(716) Using 6 workers of 6 for evacuation
[3311.493s][info][gc,phases      ] GC(716)   Pre Evacuate Collection Set: 0.35ms
[3311.493s][info][gc,phases      ] GC(716)   Merge Heap Roots: 0.50ms
[3311.493s][info][gc,phases      ] GC(716)   Evacuate Collection Set: 115.61ms
[3311.493s][info][gc,phases      ] GC(716)   Post Evacuate Collection Set: 0.87ms
[3311.493s][info][gc,phases      ] GC(716)   Other: 0.11ms
[3311.493s][info][gc,heap        ] GC(716) Eden regions: 1121->0(1118)
[3311.493s][info][gc,heap        ] GC(716) Survivor regions: 107->110(154)
[3311.493s][info][gc,heap        ] GC(716) Old regions: 473->504
[3311.493s][info][gc,heap        ] GC(716) Humongous regions: 80->80
[3311.493s][info][gc,metaspace   ] GC(716) Metaspace: 28859K(29312K)->28859K(29312K) NonClass: 23990K(24192K)->23990K(24192K) Class: 4869K(5120K)->4869K(5120K)
[3311.493s][info][gc             ] GC(716) Pause Young (Concurrent Start) (G1 Evacuation Pause) 3560M->1387M(4096M) 117.580ms
[3311.493s][info][gc             ] GC(717) Concurrent Mark Cycle
[3311.493s][info][gc,marking     ] GC(717) Concurrent Scan Root Regions
[3311.493s][info][gc,cpu         ] GC(716) User=0.69s Sys=0.00s Real=0.12s
[3311.669s][info][gc,marking     ] GC(717) Concurrent Scan Root Regions 175.671ms
[3311.669s][info][gc,marking     ] GC(717) Concurrent Mark
[3311.669s][info][gc,marking     ] GC(717) Concurrent Mark From Roots
[3311.669s][info][gc,task        ] GC(717) Using 2 workers of 2 for marking
.[3312.493s][info][gc,marking     ] GC(717) Concurrent Mark From Roots 824.454ms
[3312.493s][info][gc,marking     ] GC(717) Concurrent Preclean
[3312.493s][info][gc,marking     ] GC(717) Concurrent Preclean 0.161ms
[3312.495s][info][gc,start       ] GC(717) Pause Remark
[3312.501s][info][gc             ] GC(717) Pause Remark 2173M->2173M(4096M) 6.455ms
[3312.501s][info][gc,cpu         ] GC(717) User=0.04s Sys=0.00s Real=0.00s
[3312.501s][info][gc,marking     ] GC(717) Concurrent Mark 832.943ms
[3312.502s][info][gc,marking     ] GC(717) Concurrent Rebuild Remembered Sets and Scrub Regions
[3312.801s][info][gc,marking     ] GC(717) Concurrent Rebuild Remembered Sets and Scrub Regions 299.973ms
[3312.802s][info][gc,start       ] GC(717) Pause Cleanup
[3312.803s][info][gc             ] GC(717) Pause Cleanup 2395M->2395M(4096M) 0.127ms
[3312.803s][info][gc,cpu         ] GC(717) User=0.00s Sys=0.00s Real=0.00s
[3312.803s][info][gc,marking     ] GC(717) Concurrent Clear Claimed Marks
[3312.803s][info][gc,marking     ] GC(717) Concurrent Clear Claimed Marks 0.026ms
[3312.803s][info][gc,marking     ] GC(717) Concurrent Cleanup for Next Mark
[3312.810s][info][gc,marking     ] GC(717) Concurrent Cleanup for Next Mark 7.076ms
[3312.810s][info][gc             ] GC(717) Concurrent Mark Cycle 1316.970ms
..[3314.606s][info][gc,start       ] GC(718) Pause Young (Prepare Mixed) (G1 Evacuation Pause)
[3314.606s][info][gc,task        ] GC(718) Using 6 workers of 6 for evacuation
[3314.727s][info][gc,phases      ] GC(718)   Pre Evacuate Collection Set: 0.35ms
[3314.727s][info][gc,phases      ] GC(718)   Merge Heap Roots: 0.53ms
[3314.727s][info][gc,phases      ] GC(718)   Evacuate Collection Set: 118.57ms
[3314.727s][info][gc,phases      ] GC(718)   Post Evacuate Collection Set: 0.93ms
[3314.727s][info][gc,phases      ] GC(718)   Other: 0.09ms
[3314.727s][info][gc,heap        ] GC(718) Eden regions: 1118->0(1107)
[3314.727s][info][gc,heap        ] GC(718) Survivor regions: 110->111(154)
[3314.727s][info][gc,heap        ] GC(718) Old regions: 504->536
[3314.727s][info][gc,heap        ] GC(718) Humongous regions: 80->80
[3314.727s][info][gc,metaspace   ] GC(718) Metaspace: 28859K(29312K)->28859K(29312K) NonClass: 23990K(24192K)->23990K(24192K) Class: 4869K(5120K)->4869K(5120K)
[3314.727s][info][gc             ] GC(718) Pause Young (Prepare Mixed) (G1 Evacuation Pause) 3623M->1452M(4096M) 120.607ms
[3314.727s][info][gc,cpu         ] GC(718) User=0.72s Sys=0.00s Real=0.12s
..|.[3317.878s][info][gc,start       ] GC(719) Pause Young (Mixed) (G1 Evacuation Pause)
[3317.878s][info][gc,task        ] GC(719) Using 6 workers of 6 for evacuation
[3318.012s][info][gc,phases      ] GC(719)   Pre Evacuate Collection Set: 0.38ms
[3318.012s][info][gc,phases      ] GC(719)   Merge Heap Roots: 0.64ms
[3318.012s][info][gc,phases      ] GC(719)   Evacuate Collection Set: 131.39ms
[3318.012s][info][gc,phases      ] GC(719)   Post Evacuate Collection Set: 0.94ms
[3318.012s][info][gc,phases      ] GC(719)   Other: 0.09ms
[3318.012s][info][gc,heap        ] GC(719) Eden regions: 1107->0(1117)
[3318.012s][info][gc,heap        ] GC(719) Survivor regions: 111->111(153)
[3318.012s][info][gc,heap        ] GC(719) Old regions: 536->472
[3318.012s][info][gc,heap        ] GC(719) Humongous regions: 80->80
[3318.012s][info][gc,metaspace   ] GC(719) Metaspace: 28859K(29312K)->28859K(29312K) NonClass: 23990K(24192K)->23990K(24192K) Class: 4869K(5120K)->4869K(5120K)
[3318.012s][info][gc             ] GC(719) Pause Young (Mixed) (G1 Evacuation Pause) 3666M->1323M(4096M) 133.575ms
[3318.012s][info][gc,cpu         ] GC(719) User=0.79s Sys=0.00s Real=0.13s
...[3321.043s][info][gc,start       ] GC(720) Pause Young (Concurrent Start) (G1 Evacuation Pause)
[3321.044s][info][gc,task        ] GC(720) Using 6 workers of 6 for evacuation
[3321.158s][info][gc,phases      ] GC(720)   Pre Evacuate Collection Set: 0.39ms
[3321.158s][info][gc,phases      ] GC(720)   Merge Heap Roots: 0.50ms
[3321.158s][info][gc,phases      ] GC(720)   Evacuate Collection Set: 112.33ms
[3321.158s][info][gc,phases      ] GC(720)   Post Evacuate Collection Set: 0.90ms
[3321.158s][info][gc,phases      ] GC(720)   Other: 0.12ms
[3321.158s][info][gc,heap        ] GC(720) Eden regions: 1117->0(1121)
[3321.158s][info][gc,heap        ] GC(720) Survivor regions: 111->107(154)
[3321.158s][info][gc,heap        ] GC(720) Old regions: 472->504
[3321.158s][info][gc,heap        ] GC(720) Humongous regions: 80->80
[3321.158s][info][gc,metaspace   ] GC(720) Metaspace: 28859K(29312K)->28859K(29312K) NonClass: 23990K(24192K)->23990K(24192K) Class: 4869K(5120K)->4869K(5120K)
[3321.158s][info][gc             ] GC(720) Pause Young (Concurrent Start) (G1 Evacuation Pause) 3557M->1379M(4096M) 114.372ms
[3321.158s][info][gc             ] GC(721) Concurrent Mark Cycle
[3321.158s][info][gc,marking     ] GC(721) Concurrent Scan Root Regions
[3321.158s][info][gc,cpu         ] GC(720) User=0.68s Sys=0.00s Real=0.11s
.[3321.320s][info][gc,marking     ] GC(721) Concurrent Scan Root Regions 162.307ms
[3321.320s][info][gc,marking     ] GC(721) Concurrent Mark
[3321.320s][info][gc,marking     ] GC(721) Concurrent Mark From Roots
[3321.320s][info][gc,task        ] GC(721) Using 2 workers of 2 for marking
[3322.164s][info][gc,marking     ] GC(721) Concurrent Mark From Roots 843.544ms
[3322.164s][info][gc,marking     ] GC(721) Concurrent Preclean
[3322.164s][info][gc,marking     ] GC(721) Concurrent Preclean 0.111ms
[3322.164s][info][gc,start       ] GC(721) Pause Remark
[3322.170s][info][gc             ] GC(721) Pause Remark 2107M->2107M(4096M) 6.157ms
[3322.170s][info][gc,cpu         ] GC(721) User=0.04s Sys=0.00s Real=0.00s
[3322.170s][info][gc,marking     ] GC(721) Concurrent Mark 850.066ms
[3322.170s][info][gc,marking     ] GC(721) Concurrent Rebuild Remembered Sets and Scrub Regions
.[3322.410s][info][gc,marking     ] GC(721) Concurrent Rebuild Remembered Sets and Scrub Regions 239.479ms
[3322.410s][info][gc,start       ] GC(721) Pause Cleanup
[3322.410s][info][gc             ] GC(721) Pause Cleanup 2254M->2254M(4096M) 0.099ms
[3322.410s][info][gc,cpu         ] GC(721) User=0.00s Sys=0.00s Real=0.00s
[3322.410s][info][gc,marking     ] GC(721) Concurrent Clear Claimed Marks
[3322.410s][info][gc,marking     ] GC(721) Concurrent Clear Claimed Marks 0.022ms
[3322.410s][info][gc,marking     ] GC(721) Concurrent Cleanup for Next Mark
[3322.413s][info][gc,marking     ] GC(721) Concurrent Cleanup for Next Mark 3.219ms
[3322.413s][info][gc             ] GC(721) Concurrent Mark Cycle 1255.504ms
..[3324.350s][info][gc,start       ] GC(722) Pause Young (Prepare Mixed) (G1 Evacuation Pause)
[3324.350s][info][gc,task        ] GC(722) Using 6 workers of 6 for evacuation
[3324.470s][info][gc,phases      ] GC(722)   Pre Evacuate Collection Set: 0.32ms
[3324.470s][info][gc,phases      ] GC(722)   Merge Heap Roots: 0.50ms
[3324.470s][info][gc,phases      ] GC(722)   Evacuate Collection Set: 118.34ms
[3324.470s][info][gc,phases      ] GC(722)   Post Evacuate Collection Set: 0.91ms
[3324.470s][info][gc,phases      ] GC(722)   Other: 0.08ms
[3324.470s][info][gc,heap        ] GC(722) Eden regions: 1121->0(1108)
[3324.470s][info][gc,heap        ] GC(722) Survivor regions: 107->111(154)
[3324.470s][info][gc,heap        ] GC(722) Old regions: 504->535
[3324.470s][info][gc,heap        ] GC(722) Humongous regions: 80->80
[3324.470s][info][gc,metaspace   ] GC(722) Metaspace: 28859K(29312K)->28859K(29312K) NonClass: 23990K(24192K)->23990K(24192K) Class: 4869K(5120K)->4869K(5120K)
[3324.470s][info][gc             ] GC(722) Pause Young (Prepare Mixed) (G1 Evacuation Pause) 3621M->1450M(4096M) 120.293ms
[3324.470s][info][gc,cpu         ] GC(722) User=0.71s Sys=0.00s Real=0.12s
...[3327.530s][info][gc,start       ] GC(723) Pause Young (Mixed) (G1 Evacuation Pause)
[3327.530s][info][gc,task        ] GC(723) Using 6 workers of 6 for evacuation
[3327.665s][info][gc,phases      ] GC(723)   Pre Evacuate Collection Set: 0.38ms
[3327.665s][info][gc,phases      ] GC(723)   Merge Heap Roots: 0.70ms
[3327.665s][info][gc,phases      ] GC(723)   Evacuate Collection Set: 133.24ms
[3327.665s][info][gc,phases      ] GC(723)   Post Evacuate Collection Set: 0.94ms
[3327.665s][info][gc,phases      ] GC(723)   Other: 0.09ms
[3327.665s][info][gc,heap        ] GC(723) Eden regions: 1108->0(1116)
[3327.665s][info][gc,heap        ] GC(723) Survivor regions: 111->112(153)
[3327.665s][info][gc,heap        ] GC(723) Old regions: 535->472
[3327.665s][info][gc,heap        ] GC(723) Humongous regions: 80->80
[3327.665s][info][gc,metaspace   ] GC(723) Metaspace: 28859K(29312K)->28859K(29312K) NonClass: 23990K(24192K)->23990K(24192K) Class: 4869K(5120K)->4869K(5120K)
[3327.665s][info][gc             ] GC(723) Pause Young (Mixed) (G1 Evacuation Pause) 3666M->1326M(4096M) 135.476ms
[3327.665s][info][gc,cpu         ] GC(723) User=0.80s Sys=0.00s Real=0.14s
...[3330.790s][info][gc,start       ] GC(724) Pause Young (Concurrent Start) (G1 Evacuation Pause)
[3330.790s][info][gc,task        ] GC(724) Using 6 workers of 6 for evacuation
[3330.908s][info][gc,phases      ] GC(724)   Pre Evacuate Collection Set: 0.40ms
[3330.908s][info][gc,phases      ] GC(724)   Merge Heap Roots: 0.48ms
[3330.908s][info][gc,phases      ] GC(724)   Evacuate Collection Set: 116.13ms
[3330.908s][info][gc,phases      ] GC(724)   Post Evacuate Collection Set: 0.87ms
[3330.908s][info][gc,phases      ] GC(724)   Other: 0.10ms
[3330.908s][info][gc,heap        ] GC(724) Eden regions: 1116->0(1119)
[3330.908s][info][gc,heap        ] GC(724) Survivor regions: 112->109(154)
[3330.908s][info][gc,heap        ] GC(724) Old regions: 472->505
[3330.908s][info][gc,heap        ] GC(724) Humongous regions: 80->80
[3330.908s][info][gc,metaspace   ] GC(724) Metaspace: 28859K(29312K)->28859K(29312K) NonClass: 23990K(24192K)->23990K(24192K) Class: 4869K(5120K)->4869K(5120K)
[3330.908s][info][gc             ] GC(724) Pause Young (Concurrent Start) (G1 Evacuation Pause) 3558M->1386M(4096M) 118.103ms
[3330.908s][info][gc             ] GC(725) Concurrent Mark Cycle
[3330.908s][info][gc,marking     ] GC(725) Concurrent Scan Root Regions
[3330.908s][info][gc,cpu         ] GC(724) User=0.70s Sys=0.00s Real=0.12s
[3331.048s][info][gc,marking     ] GC(725) Concurrent Scan Root Regions 139.708ms
[3331.048s][info][gc,marking     ] GC(725) Concurrent Mark
[3331.048s][info][gc,marking     ] GC(725) Concurrent Mark From Roots
[3331.048s][info][gc,task        ] GC(725) Using 2 workers of 2 for marking
.[3331.723s][info][gc,marking     ] GC(725) Concurrent Mark From Roots 675.148ms
[3331.723s][info][gc,marking     ] GC(725) Concurrent Preclean
[3331.723s][info][gc,marking     ] GC(725) Concurrent Preclean 0.113ms
[3331.724s][info][gc,start       ] GC(725) Pause Remark
[3331.728s][info][gc             ] GC(725) Pause Remark 1991M->1991M(4096M) 4.781ms
[3331.728s][info][gc,cpu         ] GC(725) User=0.02s Sys=0.00s Real=0.00s
[3331.729s][info][gc,marking     ] GC(725) Concurrent Mark 681.580ms
[3331.729s][info][gc,marking     ] GC(725) Concurrent Rebuild Remembered Sets and Scrub Regions
[3331.942s][info][gc,marking     ] GC(725) Concurrent Rebuild Remembered Sets and Scrub Regions 213.182ms
[3331.943s][info][gc,start       ] GC(725) Pause Cleanup
[3331.943s][info][gc             ] GC(725) Pause Cleanup 2152M->2152M(4096M) 0.104ms
[3331.943s][info][gc,cpu         ] GC(725) User=0.00s Sys=0.00s Real=0.00s
[3331.944s][info][gc,marking     ] GC(725) Concurrent Clear Claimed Marks
[3331.944s][info][gc,marking     ] GC(725) Concurrent Clear Claimed Marks 0.052ms
[3331.944s][info][gc,marking     ] GC(725) Concurrent Cleanup for Next Mark
[3331.949s][info][gc,marking     ] GC(725) Concurrent Cleanup for Next Mark 5.130ms
[3331.949s][info][gc             ] GC(725) Concurrent Mark Cycle 1041.484ms
..[3334.044s][info][gc,start       ] GC(726) Pause Young (Prepare Mixed) (G1 Evacuation Pause)
[3334.044s][info][gc,task        ] GC(726) Using 6 workers of 6 for evacuation
[3334.159s][info][gc,phases      ] GC(726)   Pre Evacuate Collection Set: 0.34ms
[3334.159s][info][gc,phases      ] GC(726)   Merge Heap Roots: 0.50ms
[3334.159s][info][gc,phases      ] GC(726)   Evacuate Collection Set: 113.24ms
[3334.159s][info][gc,phases      ] GC(726)   Post Evacuate Collection Set: 0.92ms
[3334.159s][info][gc,phases      ] GC(726)   Other: 0.08ms
[3334.159s][info][gc,heap        ] GC(726) Eden regions: 1119->0(1113)
[3334.159s][info][gc,heap        ] GC(726) Survivor regions: 109->108(154)
[3334.159s][info][gc,heap        ] GC(726) Old regions: 505->536
[3334.159s][info][gc,heap        ] GC(726) Humongous regions: 80->80
[3334.159s][info][gc,metaspace   ] GC(726) Metaspace: 28859K(29312K)->28859K(29312K) NonClass: 23990K(24192K)->23990K(24192K) Class: 4869K(5120K)->4869K(5120K)
[3334.160s][info][gc             ] GC(726) Pause Young (Prepare Mixed) (G1 Evacuation Pause) 3624M->1447M(4096M) 115.216ms
[3334.160s][info][gc,cpu         ] GC(726) User=0.69s Sys=0.00s Real=0.11s
...[3337.303s][info][gc,start       ] GC(727) Pause Young (Mixed) (G1 Evacuation Pause)
[3337.303s][info][gc,task        ] GC(727) Using 6 workers of 6 for evacuation
[3337.436s][info][gc,phases      ] GC(727)   Pre Evacuate Collection Set: 0.39ms
[3337.436s][info][gc,phases      ] GC(727)   Merge Heap Roots: 0.72ms
[3337.436s][info][gc,phases      ] GC(727)   Evacuate Collection Set: 130.87ms
[3337.436s][info][gc,phases      ] GC(727)   Post Evacuate Collection Set: 0.94ms
[3337.436s][info][gc,phases      ] GC(727)   Other: 0.10ms
[3337.436s][info][gc,heap        ] GC(727) Eden regions: 1113->0(1120)
[3337.436s][info][gc,heap        ] GC(727) Survivor regions: 108->108(153)
[3337.436s][info][gc,heap        ] GC(727) Old regions: 536->472
[3337.436s][info][gc,heap        ] GC(727) Humongous regions: 80->80
[3337.436s][info][gc,metaspace   ] GC(727) Metaspace: 28859K(29312K)->28859K(29312K) NonClass: 23990K(24192K)->23990K(24192K) Class: 4869K(5120K)->4869K(5120K)
[3337.436s][info][gc             ] GC(727) Pause Young (Mixed) (G1 Evacuation Pause) 3673M->1319M(4096M) 133.162ms
[3337.436s][info][gc,cpu         ] GC(727) User=0.79s Sys=0.00s Real=0.13s
....[3340.559s][info][gc,start       ] GC(728) Pause Young (Concurrent Start) (G1 Evacuation Pause)
[3340.559s][info][gc,task        ] GC(728) Using 6 workers of 6 for evacuation
[3340.677s][info][gc,phases      ] GC(728)   Pre Evacuate Collection Set: 0.39ms
[3340.677s][info][gc,phases      ] GC(728)   Merge Heap Roots: 0.45ms
[3340.677s][info][gc,phases      ] GC(728)   Evacuate Collection Set: 115.62ms
[3340.677s][info][gc,phases      ] GC(728)   Post Evacuate Collection Set: 0.87ms
[3340.677s][info][gc,phases      ] GC(728)   Other: 0.10ms
[3340.677s][info][gc,heap        ] GC(728) Eden regions: 1120->0(1118)
[3340.677s][info][gc,heap        ] GC(728) Survivor regions: 108->110(154)
[3340.677s][info][gc,heap        ] GC(728) Old regions: 472->504
[3340.677s][info][gc,heap        ] GC(728) Humongous regions: 80->80
[3340.677s][info][gc,metaspace   ] GC(728) Metaspace: 28859K(29312K)->28859K(29312K) NonClass: 23990K(24192K)->23990K(24192K) Class: 4869K(5120K)->4869K(5120K)
[3340.677s][info][gc             ] GC(728) Pause Young (Concurrent Start) (G1 Evacuation Pause) 3559M->1385M(4096M) 117.576ms
[3340.677s][info][gc             ] GC(729) Concurrent Mark Cycle
[3340.677s][info][gc,marking     ] GC(729) Concurrent Scan Root Regions
[3340.677s][info][gc,cpu         ] GC(728) User=0.69s Sys=0.00s Real=0.12s
[3340.866s][info][gc,marking     ] GC(729) Concurrent Scan Root Regions 188.585ms
[3340.866s][info][gc,marking     ] GC(729) Concurrent Mark
[3340.866s][info][gc,marking     ] GC(729) Concurrent Mark From Roots
[3340.866s][info][gc,task        ] GC(729) Using 2 workers of 2 for marking
.[3341.755s][info][gc,marking     ] GC(729) Concurrent Mark From Roots 889.287ms
[3341.755s][info][gc,marking     ] GC(729) Concurrent Preclean
[3341.755s][info][gc,marking     ] GC(729) Concurrent Preclean 0.159ms
[3341.756s][info][gc,start       ] GC(729) Pause Remark
[3341.762s][info][gc             ] GC(729) Pause Remark 2260M->2260M(4096M) 6.174ms
[3341.762s][info][gc,cpu         ] GC(729) User=0.04s Sys=0.00s Real=0.00s
[3341.765s][info][gc,marking     ] GC(729) Concurrent Mark 899.151ms
[3341.765s][info][gc,marking     ] GC(729) Concurrent Rebuild Remembered Sets and Scrub Regions
[3342.107s][info][gc,marking     ] GC(729) Concurrent Rebuild Remembered Sets and Scrub Regions 341.859ms
[3342.107s][info][gc,start       ] GC(729) Pause Cleanup
[3342.107s][info][gc             ] GC(729) Pause Cleanup 2492M->2492M(4096M) 0.111ms
[3342.107s][info][gc,cpu         ] GC(729) User=0.00s Sys=0.00s Real=0.00s
[3342.107s][info][gc,marking     ] GC(729) Concurrent Clear Claimed Marks
[3342.107s][info][gc,marking     ] GC(729) Concurrent Clear Claimed Marks 0.025ms
[3342.107s][info][gc,marking     ] GC(729) Concurrent Cleanup for Next Mark
[3342.110s][info][gc,marking     ] GC(729) Concurrent Cleanup for Next Mark 3.201ms
[3342.110s][info][gc             ] GC(729) Concurrent Mark Cycle 1433.286ms
..[3343.763s][info][gc,start       ] GC(730) Pause Young (Prepare Mixed) (G1 Evacuation Pause)
[3343.763s][info][gc,task        ] GC(730) Using 6 workers of 6 for evacuation
[3343.886s][info][gc,phases      ] GC(730)   Pre Evacuate Collection Set: 0.32ms
[3343.886s][info][gc,phases      ] GC(730)   Merge Heap Roots: 0.52ms
[3343.886s][info][gc,phases      ] GC(730)   Evacuate Collection Set: 121.76ms
[3343.886s][info][gc,phases      ] GC(730)   Post Evacuate Collection Set: 0.92ms
[3343.886s][info][gc,phases      ] GC(730)   Other: 0.08ms
[3343.887s][info][gc,heap        ] GC(730) Eden regions: 1118->0(1102)
[3343.887s][info][gc,heap        ] GC(730) Survivor regions: 110->114(154)
[3343.887s][info][gc,heap        ] GC(730) Old regions: 504->535
[3343.887s][info][gc,heap        ] GC(730) Humongous regions: 80->80
[3343.887s][info][gc,metaspace   ] GC(730) Metaspace: 28859K(29312K)->28859K(29312K) NonClass: 23990K(24192K)->23990K(24192K) Class: 4869K(5120K)->4869K(5120K)
[3343.887s][info][gc             ] GC(730) Pause Young (Prepare Mixed) (G1 Evacuation Pause) 3621M->1456M(4096M) 123.721ms
[3343.887s][info][gc,cpu         ] GC(730) User=0.73s Sys=0.00s Real=0.12s
...[3347.047s][info][gc,start       ] GC(731) Pause Young (Mixed) (G1 Evacuation Pause)
[3347.047s][info][gc,task        ] GC(731) Using 6 workers of 6 for evacuation
[3347.179s][info][gc,phases      ] GC(731)   Pre Evacuate Collection Set: 0.37ms
[3347.179s][info][gc,phases      ] GC(731)   Merge Heap Roots: 0.67ms
[3347.179s][info][gc,phases      ] GC(731)   Evacuate Collection Set: 130.38ms
[3347.179s][info][gc,phases      ] GC(731)   Post Evacuate Collection Set: 0.95ms
[3347.179s][info][gc,phases      ] GC(731)   Other: 0.09ms
[3347.179s][info][gc,heap        ] GC(731) Eden regions: 1102->0(1121)
[3347.179s][info][gc,heap        ] GC(731) Survivor regions: 114->107(152)
[3347.179s][info][gc,heap        ] GC(731) Old regions: 535->471
[3347.179s][info][gc,heap        ] GC(731) Humongous regions: 80->80
[3347.179s][info][gc,metaspace   ] GC(731) Metaspace: 28859K(29312K)->28859K(29312K) NonClass: 23990K(24192K)->23990K(24192K) Class: 4869K(5120K)->4869K(5120K)
[3347.179s][info][gc             ] GC(731) Pause Young (Mixed) (G1 Evacuation Pause) 3660M->1314M(4096M) 132.607ms
[3347.179s][info][gc,cpu         ] GC(731) User=0.78s Sys=0.00s Real=0.13s
...[3350.260s][info][gc,start       ] GC(732) Pause Young (Concurrent Start) (G1 Evacuation Pause)
[3350.260s][info][gc,task        ] GC(732) Using 6 workers of 6 for evacuation
[3350.376s][info][gc,phases      ] GC(732)   Pre Evacuate Collection Set: 0.40ms
[3350.376s][info][gc,phases      ] GC(732)   Merge Heap Roots: 0.58ms
[3350.376s][info][gc,phases      ] GC(732)   Evacuate Collection Set: 114.16ms
[3350.376s][info][gc,phases      ] GC(732)   Post Evacuate Collection Set: 0.89ms
[3350.376s][info][gc,phases      ] GC(732)   Other: 0.13ms
[3350.376s][info][gc,heap        ] GC(732) Eden regions: 1121->0(1120)
[3350.376s][info][gc,heap        ] GC(732) Survivor regions: 107->108(154)
[3350.376s][info][gc,heap        ] GC(732) Old regions: 471->503
[3350.376s][info][gc,heap        ] GC(732) Humongous regions: 80->80
[3350.376s][info][gc,metaspace   ] GC(732) Metaspace: 28859K(29312K)->28859K(29312K) NonClass: 23990K(24192K)->23990K(24192K) Class: 4869K(5120K)->4869K(5120K)
[3350.376s][info][gc             ] GC(732) Pause Young (Concurrent Start) (G1 Evacuation Pause) 3556M->1379M(4096M) 116.281ms
[3350.376s][info][gc             ] GC(733) Concurrent Mark Cycle
[3350.376s][info][gc,marking     ] GC(733) Concurrent Scan Root Regions
[3350.376s][info][gc,cpu         ] GC(732) User=0.68s Sys=0.00s Real=0.12s
.[3350.520s][info][gc,marking     ] GC(733) Concurrent Scan Root Regions 143.992ms
[3350.520s][info][gc,marking     ] GC(733) Concurrent Mark
[3350.520s][info][gc,marking     ] GC(733) Concurrent Mark From Roots
[3350.520s][info][gc,task        ] GC(733) Using 2 workers of 2 for marking
[3351.352s][info][gc,marking     ] GC(733) Concurrent Mark From Roots 831.768ms
[3351.352s][info][gc,marking     ] GC(733) Concurrent Preclean
[3351.352s][info][gc,marking     ] GC(733) Concurrent Preclean 0.149ms
[3351.355s][info][gc,start       ] GC(733) Pause Remark
[3351.361s][info][gc             ] GC(733) Pause Remark 2079M->2079M(4096M) 5.271ms
[3351.361s][info][gc,cpu         ] GC(733) User=0.02s Sys=0.00s Real=0.00s
[3351.363s][info][gc,marking     ] GC(733) Concurrent Mark 842.341ms
[3351.363s][info][gc,marking     ] GC(733) Concurrent Rebuild Remembered Sets and Scrub Regions
.[3351.691s][info][gc,marking     ] GC(733) Concurrent Rebuild Remembered Sets and Scrub Regions 327.760ms
[3351.691s][info][gc,start       ] GC(733) Pause Cleanup
[3351.691s][info][gc             ] GC(733) Pause Cleanup 2376M->2376M(4096M) 0.112ms
[3351.691s][info][gc,cpu         ] GC(733) User=0.00s Sys=0.00s Real=0.00s
[3351.691s][info][gc,marking     ] GC(733) Concurrent Clear Claimed Marks
[3351.691s][info][gc,marking     ] GC(733) Concurrent Clear Claimed Marks 0.024ms
[3351.691s][info][gc,marking     ] GC(733) Concurrent Cleanup for Next Mark
[3351.696s][info][gc,marking     ] GC(733) Concurrent Cleanup for Next Mark 5.039ms
[3351.696s][info][gc             ] GC(733) Concurrent Mark Cycle 1319.763ms
.[3353.468s][info][gc,start       ] GC(734) Pause Young (Prepare Mixed) (G1 Evacuation Pause)
[3353.468s][info][gc,task        ] GC(734) Using 6 workers of 6 for evacuation
[3353.586s][info][gc,phases      ] GC(734)   Pre Evacuate Collection Set: 0.33ms
[3353.586s][info][gc,phases      ] GC(734)   Merge Heap Roots: 0.51ms
[3353.586s][info][gc,phases      ] GC(734)   Evacuate Collection Set: 116.07ms
[3353.586s][info][gc,phases      ] GC(734)   Post Evacuate Collection Set: 0.94ms
[3353.586s][info][gc,phases      ] GC(734)   Other: 0.09ms
[3353.586s][info][gc,heap        ] GC(734) Eden regions: 1120->0(1112)
[3353.586s][info][gc,heap        ] GC(734) Survivor regions: 108->109(154)
[3353.586s][info][gc,heap        ] GC(734) Old regions: 503->535
[3353.586s][info][gc,heap        ] GC(734) Humongous regions: 80->80
[3353.586s][info][gc,metaspace   ] GC(734) Metaspace: 28859K(29312K)->28859K(29312K) NonClass: 23990K(24192K)->23990K(24192K) Class: 4869K(5120K)->4869K(5120K)
[3353.586s][info][gc             ] GC(734) Pause Young (Prepare Mixed) (G1 Evacuation Pause) 3619M->1445M(4096M) 118.105ms
[3353.586s][info][gc,cpu         ] GC(734) User=0.70s Sys=0.00s Real=0.12s
....[3356.705s][info][gc,start       ] GC(735) Pause Young (Mixed) (G1 Evacuation Pause)
[3356.705s][info][gc,task        ] GC(735) Using 6 workers of 6 for evacuation
[3356.837s][info][gc,phases      ] GC(735)   Pre Evacuate Collection Set: 0.37ms
[3356.837s][info][gc,phases      ] GC(735)   Merge Heap Roots: 0.67ms
[3356.837s][info][gc,phases      ] GC(735)   Evacuate Collection Set: 130.36ms
[3356.837s][info][gc,phases      ] GC(735)   Post Evacuate Collection Set: 0.93ms
[3356.837s][info][gc,phases      ] GC(735)   Other: 0.08ms
[3356.837s][info][gc,heap        ] GC(735) Eden regions: 1112->0(1118)
[3356.837s][info][gc,heap        ] GC(735) Survivor regions: 109->110(153)
[3356.837s][info][gc,heap        ] GC(735) Old regions: 535->473
[3356.837s][info][gc,heap        ] GC(735) Humongous regions: 80->80
[3356.837s][info][gc,metaspace   ] GC(735) Metaspace: 28859K(29312K)->28859K(29312K) NonClass: 23990K(24192K)->23990K(24192K) Class: 4869K(5120K)->4869K(5120K)
[3356.837s][info][gc             ] GC(735) Pause Young (Mixed) (G1 Evacuation Pause) 3669M->1324M(4096M) 132.545ms
[3356.837s][info][gc,cpu         ] GC(735) User=0.78s Sys=0.00s Real=0.13s
...[3359.960s][info][gc,start       ] GC(736) Pause Young (Concurrent Start) (G1 Evacuation Pause)
[3359.960s][info][gc,task        ] GC(736) Using 6 workers of 6 for evacuation
[3360.082s][info][gc,phases      ] GC(736)   Pre Evacuate Collection Set: 0.37ms
[3360.082s][info][gc,phases      ] GC(736)   Merge Heap Roots: 0.50ms
[3360.082s][info][gc,phases      ] GC(736)   Evacuate Collection Set: 119.94ms
[3360.082s][info][gc,phases      ] GC(736)   Post Evacuate Collection Set: 0.89ms
[3360.082s][info][gc,phases      ] GC(736)   Other: 0.11ms
[3360.082s][info][gc,heap        ] GC(736) Eden regions: 1118->0(1115)
[3360.082s][info][gc,heap        ] GC(736) Survivor regions: 110->113(154)
[3360.082s][info][gc,heap        ] GC(736) Old regions: 473->505
[3360.082s][info][gc,heap        ] GC(736) Humongous regions: 80->80
[3360.082s][info][gc,metaspace   ] GC(736) Metaspace: 28859K(29312K)->28859K(29312K) NonClass: 23990K(24192K)->23990K(24192K) Class: 4869K(5120K)->4869K(5120K)
[3360.082s][info][gc             ] GC(736) Pause Young (Concurrent Start) (G1 Evacuation Pause) 3560M->1393M(4096M) 121.937ms
[3360.082s][info][gc             ] GC(737) Concurrent Mark Cycle
[3360.082s][info][gc,marking     ] GC(737) Concurrent Scan Root Regions
[3360.082s][info][gc,cpu         ] GC(736) User=0.72s Sys=0.00s Real=0.12s
[3360.261s][info][gc,marking     ] GC(737) Concurrent Scan Root Regions 179.407ms
[3360.261s][info][gc,marking     ] GC(737) Concurrent Mark
[3360.261s][info][gc,marking     ] GC(737) Concurrent Mark From Roots
[3360.261s][info][gc,task        ] GC(737) Using 2 workers of 2 for marking
.[3361.114s][info][gc,marking     ] GC(737) Concurrent Mark From Roots 852.204ms
[3361.114s][info][gc,marking     ] GC(737) Concurrent Preclean
[3361.114s][info][gc,marking     ] GC(737) Concurrent Preclean 0.132ms
[3361.114s][info][gc,start       ] GC(737) Pause Remark
[3361.121s][info][gc             ] GC(737) Pause Remark 2166M->2166M(4096M) 6.688ms
[3361.121s][info][gc,cpu         ] GC(737) User=0.03s Sys=0.00s Real=0.00s
[3361.121s][info][gc,marking     ] GC(737) Concurrent Mark 859.971ms
[3361.121s][info][gc,marking     ] GC(737) Concurrent Rebuild Remembered Sets and Scrub Regions
[3361.413s][info][gc,marking     ] GC(737) Concurrent Rebuild Remembered Sets and Scrub Regions 291.837ms
[3361.413s][info][gc,start       ] GC(737) Pause Cleanup
[3361.413s][info][gc             ] GC(737) Pause Cleanup 2364M->2364M(4096M) 0.111ms
[3361.413s][info][gc,cpu         ] GC(737) User=0.00s Sys=0.00s Real=0.00s
[3361.413s][info][gc,marking     ] GC(737) Concurrent Clear Claimed Marks
[3361.413s][info][gc,marking     ] GC(737) Concurrent Clear Claimed Marks 0.023ms
[3361.413s][info][gc,marking     ] GC(737) Concurrent Cleanup for Next Mark
[3361.418s][info][gc,marking     ] GC(737) Concurrent Cleanup for Next Mark 4.310ms
[3361.418s][info][gc             ] GC(737) Concurrent Mark Cycle 1336.022ms
..[3363.164s][info][gc,start       ] GC(738) Pause Young (Prepare Mixed) (G1 Evacuation Pause)
[3363.164s][info][gc,task        ] GC(738) Using 6 workers of 6 for evacuation
[3363.280s][info][gc,phases      ] GC(738)   Pre Evacuate Collection Set: 0.34ms
[3363.280s][info][gc,phases      ] GC(738)   Merge Heap Roots: 0.50ms
[3363.280s][info][gc,phases      ] GC(738)   Evacuate Collection Set: 113.81ms
[3363.280s][info][gc,phases      ] GC(738)   Post Evacuate Collection Set: 0.93ms
[3363.280s][info][gc,phases      ] GC(738)   Other: 0.09ms
[3363.280s][info][gc,heap        ] GC(738) Eden regions: 1115->0(1112)
[3363.280s][info][gc,heap        ] GC(738) Survivor regions: 113->108(154)
[3363.280s][info][gc,heap        ] GC(738) Old regions: 505->537
[3363.280s][info][gc,heap        ] GC(738) Humongous regions: 80->80
[3363.280s][info][gc,metaspace   ] GC(738) Metaspace: 28859K(29312K)->28859K(29312K) NonClass: 23990K(24192K)->23990K(24192K) Class: 4869K(5120K)->4869K(5120K)
[3363.280s][info][gc             ] GC(738) Pause Young (Prepare Mixed) (G1 Evacuation Pause) 3623M->1447M(4096M) 115.800ms
[3363.280s][info][gc,cpu         ] GC(738) User=0.69s Sys=0.00s Real=0.11s
...[3366.502s][info][gc,start       ] GC(739) Pause Young (Mixed) (G1 Evacuation Pause)
[3366.502s][info][gc,task        ] GC(739) Using 6 workers of 6 for evacuation
[3366.638s][info][gc,phases      ] GC(739)   Pre Evacuate Collection Set: 0.37ms
[3366.639s][info][gc,phases      ] GC(739)   Merge Heap Roots: 0.78ms
[3366.639s][info][gc,phases      ] GC(739)   Evacuate Collection Set: 134.45ms
[3366.639s][info][gc,phases      ] GC(739)   Post Evacuate Collection Set: 0.96ms
[3366.639s][info][gc,phases      ] GC(739)   Other: 0.09ms
[3366.639s][info][gc,heap        ] GC(739) Eden regions: 1112->0(1118)
[3366.639s][info][gc,heap        ] GC(739) Survivor regions: 108->110(153)
[3366.639s][info][gc,heap        ] GC(739) Old regions: 537->473
[3366.639s][info][gc,heap        ] GC(739) Humongous regions: 80->80
[3366.639s][info][gc,metaspace   ] GC(739) Metaspace: 28859K(29312K)->28859K(29312K) NonClass: 23990K(24192K)->23990K(24192K) Class: 4869K(5120K)->4869K(5120K)
[3366.639s][info][gc             ] GC(739) Pause Young (Mixed) (G1 Evacuation Pause) 3671M->1325M(4096M) 136.783ms
[3366.639s][info][gc,cpu         ] GC(739) User=0.80s Sys=0.01s Real=0.14s
...[3369.660s][info][gc,start       ] GC(740) Pause Young (Concurrent Start) (G1 Evacuation Pause)
[3369.660s][info][gc,task        ] GC(740) Using 6 workers of 6 for evacuation
[3369.782s][info][gc,phases      ] GC(740)   Pre Evacuate Collection Set: 0.41ms
[3369.782s][info][gc,phases      ] GC(740)   Merge Heap Roots: 0.50ms
[3369.782s][info][gc,phases      ] GC(740)   Evacuate Collection Set: 119.08ms
[3369.782s][info][gc,phases      ] GC(740)   Post Evacuate Collection Set: 0.91ms
[3369.782s][info][gc,phases      ] GC(740)   Other: 0.11ms
[3369.782s][info][gc,heap        ] GC(740) Eden regions: 1118->0(1116)
[3369.782s][info][gc,heap        ] GC(740) Survivor regions: 110->112(154)
[3369.782s][info][gc,heap        ] GC(740) Old regions: 473->505
[3369.782s][info][gc,heap        ] GC(740) Humongous regions: 80->80
[3369.782s][info][gc,metaspace   ] GC(740) Metaspace: 28859K(29312K)->28859K(29312K) NonClass: 23990K(24192K)->23990K(24192K) Class: 4869K(5120K)->4869K(5120K)
[3369.782s][info][gc             ] GC(740) Pause Young (Concurrent Start) (G1 Evacuation Pause) 3561M->1392M(4096M) 121.148ms
[3369.782s][info][gc             ] GC(741) Concurrent Mark Cycle
[3369.782s][info][gc,marking     ] GC(741) Concurrent Scan Root Regions
[3369.782s][info][gc,cpu         ] GC(740) User=0.72s Sys=0.00s Real=0.12s
.[3369.981s][info][gc,marking     ] GC(741) Concurrent Scan Root Regions 199.060ms
[3369.981s][info][gc,marking     ] GC(741) Concurrent Mark
[3369.981s][info][gc,marking     ] GC(741) Concurrent Mark From Roots
[3369.981s][info][gc,task        ] GC(741) Using 2 workers of 2 for marking
[3370.791s][info][gc,marking     ] GC(741) Concurrent Mark From Roots 809.844ms
[3370.791s][info][gc,marking     ] GC(741) Concurrent Preclean
[3370.791s][info][gc,marking     ] GC(741) Concurrent Preclean 0.120ms
.[3370.794s][info][gc,start       ] GC(741) Pause Remark
[3370.800s][info][gc             ] GC(741) Pause Remark 2160M->2160M(4096M) 5.639ms
[3370.800s][info][gc,cpu         ] GC(741) User=0.03s Sys=0.00s Real=0.00s
[3370.800s][info][gc,marking     ] GC(741) Concurrent Mark 819.078ms
[3370.800s][info][gc,marking     ] GC(741) Concurrent Rebuild Remembered Sets and Scrub Regions
[3371.129s][info][gc,marking     ] GC(741) Concurrent Rebuild Remembered Sets and Scrub Regions 329.540ms
[3371.130s][info][gc,start       ] GC(741) Pause Cleanup
[3371.130s][info][gc             ] GC(741) Pause Cleanup 2396M->2396M(4096M) 0.111ms
[3371.130s][info][gc,cpu         ] GC(741) User=0.00s Sys=0.00s Real=0.00s
[3371.130s][info][gc,marking     ] GC(741) Concurrent Clear Claimed Marks
[3371.130s][info][gc,marking     ] GC(741) Concurrent Clear Claimed Marks 0.024ms
[3371.130s][info][gc,marking     ] GC(741) Concurrent Cleanup for Next Mark
[3371.133s][info][gc,marking     ] GC(741) Concurrent Cleanup for Next Mark 3.198ms
[3371.133s][info][gc             ] GC(741) Concurrent Mark Cycle 1351.392ms
..[3372.967s][info][gc,start       ] GC(742) Pause Young (Prepare Mixed) (G1 Evacuation Pause)
[3372.967s][info][gc,task        ] GC(742) Using 6 workers of 6 for evacuation
[3373.083s][info][gc,phases      ] GC(742)   Pre Evacuate Collection Set: 0.32ms
[3373.083s][info][gc,phases      ] GC(742)   Merge Heap Roots: 0.52ms
[3373.083s][info][gc,phases      ] GC(742)   Evacuate Collection Set: 113.43ms
[3373.083s][info][gc,phases      ] GC(742)   Post Evacuate Collection Set: 0.93ms
[3373.083s][info][gc,phases      ] GC(742)   Other: 0.08ms
[3373.083s][info][gc,heap        ] GC(742) Eden regions: 1116->0(1114)
[3373.083s][info][gc,heap        ] GC(742) Survivor regions: 112->107(154)
[3373.083s][info][gc,heap        ] GC(742) Old regions: 505->537
[3373.083s][info][gc,heap        ] GC(742) Humongous regions: 80->80
[3373.083s][info][gc,metaspace   ] GC(742) Metaspace: 28859K(29312K)->28859K(29312K) NonClass: 23990K(24192K)->23990K(24192K) Class: 4869K(5120K)->4869K(5120K)
[3373.083s][info][gc             ] GC(742) Pause Young (Prepare Mixed) (G1 Evacuation Pause) 3624M->1446M(4096M) 115.413ms
[3373.083s][info][gc,cpu         ] GC(742) User=0.68s Sys=0.00s Real=0.12s
...[3376.148s][info][gc,start       ] GC(743) Pause Young (Mixed) (G1 Evacuation Pause)
[3376.148s][info][gc,task        ] GC(743) Using 6 workers of 6 for evacuation
[3376.283s][info][gc,phases      ] GC(743)   Pre Evacuate Collection Set: 0.38ms
[3376.283s][info][gc,phases      ] GC(743)   Merge Heap Roots: 0.72ms
[3376.283s][info][gc,phases      ] GC(743)   Evacuate Collection Set: 132.78ms
[3376.283s][info][gc,phases      ] GC(743)   Post Evacuate Collection Set: 0.94ms
[3376.283s][info][gc,phases      ] GC(743)   Other: 0.09ms
[3376.283s][info][gc,heap        ] GC(743) Eden regions: 1114->0(1118)
[3376.283s][info][gc,heap        ] GC(743) Survivor regions: 107->110(153)
[3376.283s][info][gc,heap        ] GC(743) Old regions: 537->472
[3376.283s][info][gc,heap        ] GC(743) Humongous regions: 80->80
[3376.283s][info][gc,metaspace   ] GC(743) Metaspace: 28859K(29312K)->28859K(29312K) NonClass: 23990K(24192K)->23990K(24192K) Class: 4869K(5120K)->4869K(5120K)
[3376.283s][info][gc             ] GC(743) Pause Young (Mixed) (G1 Evacuation Pause) 3674M->1322M(4096M) 135.036ms
[3376.283s][info][gc,cpu         ] GC(743) User=0.80s Sys=0.00s Real=0.14s
. (rIR:aIR:PR = 5812:5812:5812) (tPR = 86094) [OK] 
  3376s: Performance info:
         Transaction,    Success,    Partial,     Failed,   Receipts, AvgBarcode, 
             Overall,     351748,          0,          0,     334150,      59.47, 
         Response times:
             Request,    Success,    Partial,     Failed,   SkipFail,     Probes,    Samples,      min,      p50,      p90,      p95,      p99,      max, 
       TotalPurchase,     334150,          0,          0,          0,     327806,     357182,      300,     4800,    13700,    35000,   110000,   252000,
     InStorePurchase,     175851,          0,          0,          0,     172668,     188133,      300,     5000,    14300,    36000,   107660,   252000,
      OnlinePurchase,     123126,          0,          0,          0,     120919,     131253,      300,     4600,    13200,    34000,   109000,   252000,
        InstPurchase,      35173,          0,          0,          0,      34219,      37796,      400,     4600,    12400,    34000,   125000,   248000,
          AssocOfCat,        352,          0,          0,          0,        278,        370,    21000,    35000,    59000,    74450,   173450,   205000,
      AssocOfProduct,       3517,          0,          0,          0,       3313,       3789,      500,     5200,    13700,    35000,   105200,   169000,
      BusinessReport,        879,          0,          0,          0,        757,        942,    26000,    40000,    78000,   109700,   190140,   236000,
          CustBuyBeh,       3534,          0,          0,          0,       3282,       3787,      700,     6100,    17520,    42000,   134000,   248000,
       ProductReturn,       9316,          0,          0,          0,       8913,      10052,      200,     4600,    13600,    31000,   106000,   252000,

  3376s: (43%)   IR =   5950 ..[3379.424s][info][gc,start       ] GC(744) Pause Young (Concurrent Start) (G1 Evacuation Pause)
[3379.424s][info][gc,task        ] GC(744) Using 6 workers of 6 for evacuation
[3379.544s][info][gc,phases      ] GC(744)   Pre Evacuate Collection Set: 0.32ms
[3379.544s][info][gc,phases      ] GC(744)   Merge Heap Roots: 0.46ms
[3379.544s][info][gc,phases      ] GC(744)   Evacuate Collection Set: 118.16ms
[3379.544s][info][gc,phases      ] GC(744)   Post Evacuate Collection Set: 0.93ms
[3379.544s][info][gc,phases      ] GC(744)   Other: 0.10ms
[3379.544s][info][gc,heap        ] GC(744) Eden regions: 1118->0(1118)
[3379.544s][info][gc,heap        ] GC(744) Survivor regions: 110->110(154)
[3379.544s][info][gc,heap        ] GC(744) Old regions: 472->504
[3379.544s][info][gc,heap        ] GC(744) Humongous regions: 80->80
[3379.544s][info][gc,metaspace   ] GC(744) Metaspace: 28859K(29312K)->28859K(29312K) NonClass: 23990K(24192K)->23990K(24192K) Class: 4869K(5120K)->4869K(5120K)
[3379.544s][info][gc             ] GC(744) Pause Young (Concurrent Start) (G1 Evacuation Pause) 3558M->1386M(4096M) 120.120ms
[3379.544s][info][gc             ] GC(745) Concurrent Mark Cycle
[3379.545s][info][gc,marking     ] GC(745) Concurrent Scan Root Regions
[3379.545s][info][gc,cpu         ] GC(744) User=0.72s Sys=0.00s Real=0.12s
[3379.728s][info][gc,marking     ] GC(745) Concurrent Scan Root Regions 183.449ms
[3379.728s][info][gc,marking     ] GC(745) Concurrent Mark
[3379.728s][info][gc,marking     ] GC(745) Concurrent Mark From Roots
[3379.728s][info][gc,task        ] GC(745) Using 2 workers of 2 for marking
.[3380.590s][info][gc,marking     ] GC(745) Concurrent Mark From Roots 861.533ms
[3380.590s][info][gc,marking     ] GC(745) Concurrent Preclean
[3380.590s][info][gc,marking     ] GC(745) Concurrent Preclean 0.147ms
[3380.590s][info][gc,start       ] GC(745) Pause Remark
[3380.597s][info][gc             ] GC(745) Pause Remark 2232M->2232M(4096M) 6.750ms
[3380.597s][info][gc,cpu         ] GC(745) User=0.04s Sys=0.00s Real=0.01s
[3380.597s][info][gc,marking     ] GC(745) Concurrent Mark 868.945ms
[3380.597s][info][gc,marking     ] GC(745) Concurrent Rebuild Remembered Sets and Scrub Regions
[3380.847s][info][gc,marking     ] GC(745) Concurrent Rebuild Remembered Sets and Scrub Regions 249.970ms
[3380.847s][info][gc,start       ] GC(745) Pause Cleanup
[3380.847s][info][gc             ] GC(745) Pause Cleanup 2406M->2406M(4096M) 0.116ms
[3380.847s][info][gc,cpu         ] GC(745) User=0.00s Sys=0.00s Real=0.00s
[3380.847s][info][gc,marking     ] GC(745) Concurrent Clear Claimed Marks
[3380.847s][info][gc,marking     ] GC(745) Concurrent Clear Claimed Marks 0.029ms
[3380.847s][info][gc,marking     ] GC(745) Concurrent Cleanup for Next Mark
[3380.852s][info][gc,marking     ] GC(745) Concurrent Cleanup for Next Mark 4.241ms
[3380.852s][info][gc             ] GC(745) Concurrent Mark Cycle 1307.268ms
..[3382.571s][info][gc,start       ] GC(746) Pause Young (Prepare Mixed) (G1 Evacuation Pause)
[3382.571s][info][gc,task        ] GC(746) Using 6 workers of 6 for evacuation
[3382.688s][info][gc,phases      ] GC(746)   Pre Evacuate Collection Set: 0.33ms
[3382.688s][info][gc,phases      ] GC(746)   Merge Heap Roots: 0.51ms
[3382.688s][info][gc,phases      ] GC(746)   Evacuate Collection Set: 115.08ms
[3382.688s][info][gc,phases      ] GC(746)   Post Evacuate Collection Set: 0.94ms
[3382.688s][info][gc,phases      ] GC(746)   Other: 0.09ms
[3382.688s][info][gc,heap        ] GC(746) Eden regions: 1118->0(1111)
[3382.688s][info][gc,heap        ] GC(746) Survivor regions: 110->109(154)
[3382.688s][info][gc,heap        ] GC(746) Old regions: 504->536
[3382.688s][info][gc,heap        ] GC(746) Humongous regions: 80->80
[3382.688s][info][gc,metaspace   ] GC(746) Metaspace: 28859K(29312K)->28859K(29312K) NonClass: 23990K(24192K)->23990K(24192K) Class: 4869K(5120K)->4869K(5120K)
[3382.688s][info][gc             ] GC(746) Pause Young (Prepare Mixed) (G1 Evacuation Pause) 3622M->1448M(4096M) 117.083ms
[3382.688s][info][gc,cpu         ] GC(746) User=0.69s Sys=0.00s Real=0.12s
.|..[3385.694s][info][gc,start       ] GC(747) Pause Young (Mixed) (G1 Evacuation Pause)
[3385.694s][info][gc,task        ] GC(747) Using 6 workers of 6 for evacuation
[3385.826s][info][gc,phases      ] GC(747)   Pre Evacuate Collection Set: 0.40ms
[3385.826s][info][gc,phases      ] GC(747)   Merge Heap Roots: 0.66ms
[3385.826s][info][gc,phases      ] GC(747)   Evacuate Collection Set: 130.53ms
[3385.827s][info][gc,phases      ] GC(747)   Post Evacuate Collection Set: 0.96ms
[3385.827s][info][gc,phases      ] GC(747)   Other: 0.09ms
[3385.827s][info][gc,heap        ] GC(747) Eden regions: 1111->0(1119)
[3385.827s][info][gc,heap        ] GC(747) Survivor regions: 109->109(153)
[3385.827s][info][gc,heap        ] GC(747) Old regions: 536->473
[3385.827s][info][gc,heap        ] GC(747) Humongous regions: 80->80
[3385.827s][info][gc,metaspace   ] GC(747) Metaspace: 28859K(29312K)->28859K(29312K) NonClass: 23990K(24192K)->23990K(24192K) Class: 4869K(5120K)->4869K(5120K)
[3385.827s][info][gc             ] GC(747) Pause Young (Mixed) (G1 Evacuation Pause) 3670M->1323M(4096M) 132.773ms
[3385.827s][info][gc,cpu         ] GC(747) User=0.78s Sys=0.00s Real=0.13s
....[3388.893s][info][gc,start       ] GC(748) Pause Young (Concurrent Start) (G1 Evacuation Pause)
[3388.894s][info][gc,task        ] GC(748) Using 6 workers of 6 for evacuation
[3389.013s][info][gc,phases      ] GC(748)   Pre Evacuate Collection Set: 0.37ms
[3389.013s][info][gc,phases      ] GC(748)   Merge Heap Roots: 0.47ms
[3389.013s][info][gc,phases      ] GC(748)   Evacuate Collection Set: 118.04ms
[3389.013s][info][gc,phases      ] GC(748)   Post Evacuate Collection Set: 0.88ms
[3389.013s][info][gc,phases      ] GC(748)   Other: 0.11ms
[3389.013s][info][gc,heap        ] GC(748) Eden regions: 1119->0(1115)
[3389.013s][info][gc,heap        ] GC(748) Survivor regions: 109->113(154)
[3389.013s][info][gc,heap        ] GC(748) Old regions: 473->505
[3389.013s][info][gc,heap        ] GC(748) Humongous regions: 80->80
[3389.013s][info][gc,metaspace   ] GC(748) Metaspace: 28859K(29312K)->28859K(29312K) NonClass: 23990K(24192K)->23990K(24192K) Class: 4869K(5120K)->4869K(5120K)
[3389.013s][info][gc             ] GC(748) Pause Young (Concurrent Start) (G1 Evacuation Pause) 3561M->1394M(4096M) 120.034ms
[3389.014s][info][gc             ] GC(749) Concurrent Mark Cycle
[3389.014s][info][gc,marking     ] GC(749) Concurrent Scan Root Regions
[3389.014s][info][gc,cpu         ] GC(748) User=0.71s Sys=0.00s Real=0.12s
[3389.154s][info][gc,marking     ] GC(749) Concurrent Scan Root Regions 140.260ms
[3389.154s][info][gc,marking     ] GC(749) Concurrent Mark
[3389.154s][info][gc,marking     ] GC(749) Concurrent Mark From Roots
[3389.154s][info][gc,task        ] GC(749) Using 2 workers of 2 for marking
[3389.862s][info][gc,marking     ] GC(749) Concurrent Mark From Roots 707.616ms
[3389.862s][info][gc,marking     ] GC(749) Concurrent Preclean
[3389.862s][info][gc,marking     ] GC(749) Concurrent Preclean 0.122ms
[3389.862s][info][gc,start       ] GC(749) Pause Remark
[3389.867s][info][gc             ] GC(749) Pause Remark 2084M->2084M(4096M) 5.025ms
[3389.867s][info][gc,cpu         ] GC(749) User=0.02s Sys=0.00s Real=0.01s
[3389.867s][info][gc,marking     ] GC(749) Concurrent Mark 713.016ms
[3389.867s][info][gc,marking     ] GC(749) Concurrent Rebuild Remembered Sets and Scrub Regions
.[3390.124s][info][gc,marking     ] GC(749) Concurrent Rebuild Remembered Sets and Scrub Regions 256.816ms
[3390.126s][info][gc,start       ] GC(749) Pause Cleanup
[3390.126s][info][gc             ] GC(749) Pause Cleanup 2272M->2272M(4096M) 0.143ms
[3390.126s][info][gc,cpu         ] GC(749) User=0.00s Sys=0.00s Real=0.00s
[3390.127s][info][gc,marking     ] GC(749) Concurrent Clear Claimed Marks
[3390.127s][info][gc,marking     ] GC(749) Concurrent Clear Claimed Marks 0.034ms
[3390.127s][info][gc,marking     ] GC(749) Concurrent Cleanup for Next Mark
[3390.156s][info][gc,marking     ] GC(749) Concurrent Cleanup for Next Mark 29.331ms
[3390.156s][info][gc             ] GC(749) Concurrent Mark Cycle 1142.717ms
..[3392.071s][info][gc,start       ] GC(750) Pause Young (Prepare Mixed) (G1 Evacuation Pause)
[3392.071s][info][gc,task        ] GC(750) Using 6 workers of 6 for evacuation
[3392.189s][info][gc,phases      ] GC(750)   Pre Evacuate Collection Set: 0.34ms
[3392.189s][info][gc,phases      ] GC(750)   Merge Heap Roots: 0.52ms
[3392.189s][info][gc,phases      ] GC(750)   Evacuate Collection Set: 116.26ms
[3392.189s][info][gc,phases      ] GC(750)   Post Evacuate Collection Set: 0.92ms
[3392.189s][info][gc,phases      ] GC(750)   Other: 0.08ms
[3392.189s][info][gc,heap        ] GC(750) Eden regions: 1115->0(1108)
[3392.189s][info][gc,heap        ] GC(750) Survivor regions: 113->110(154)
[3392.189s][info][gc,heap        ] GC(750) Old regions: 505->537
[3392.189s][info][gc,heap        ] GC(750) Humongous regions: 80->80
[3392.189s][info][gc,metaspace   ] GC(750) Metaspace: 28859K(29312K)->28859K(29312K) NonClass: 23990K(24192K)->23990K(24192K) Class: 4869K(5120K)->4869K(5120K)
[3392.189s][info][gc             ] GC(750) Pause Young (Prepare Mixed) (G1 Evacuation Pause) 3624M->1452M(4096M) 118.237ms
[3392.189s][info][gc,cpu         ] GC(750) User=0.70s Sys=0.00s Real=0.12s
...[3395.210s][info][gc,start       ] GC(751) Pause Young (Mixed) (G1 Evacuation Pause)
[3395.210s][info][gc,task        ] GC(751) Using 6 workers of 6 for evacuation
[3395.344s][info][gc,phases      ] GC(751)   Pre Evacuate Collection Set: 0.37ms
[3395.344s][info][gc,phases      ] GC(751)   Merge Heap Roots: 0.63ms
[3395.344s][info][gc,phases      ] GC(751)   Evacuate Collection Set: 132.05ms
[3395.344s][info][gc,phases      ] GC(751)   Post Evacuate Collection Set: 0.95ms
[3395.344s][info][gc,phases      ] GC(751)   Other: 0.09ms
[3395.344s][info][gc,heap        ] GC(751) Eden regions: 1108->0(1119)
[3395.344s][info][gc,heap        ] GC(751) Survivor regions: 110->109(153)
[3395.344s][info][gc,heap        ] GC(751) Old regions: 537->474
[3395.344s][info][gc,heap        ] GC(751) Humongous regions: 80->80
[3395.344s][info][gc,metaspace   ] GC(751) Metaspace: 28859K(29312K)->28859K(29312K) NonClass: 23990K(24192K)->23990K(24192K) Class: 4869K(5120K)->4869K(5120K)
[3395.344s][info][gc             ] GC(751) Pause Young (Mixed) (G1 Evacuation Pause) 3668M->1325M(4096M) 134.228ms
[3395.344s][info][gc,cpu         ] GC(751) User=0.79s Sys=0.00s Real=0.14s
...[3398.348s][info][gc,start       ] GC(752) Pause Young (Concurrent Start) (G1 Evacuation Pause)
[3398.348s][info][gc,task        ] GC(752) Using 6 workers of 6 for evacuation
[3398.465s][info][gc,phases      ] GC(752)   Pre Evacuate Collection Set: 0.38ms
[3398.465s][info][gc,phases      ] GC(752)   Merge Heap Roots: 0.49ms
[3398.465s][info][gc,phases      ] GC(752)   Evacuate Collection Set: 114.97ms
[3398.465s][info][gc,phases      ] GC(752)   Post Evacuate Collection Set: 0.90ms
[3398.465s][info][gc,phases      ] GC(752)   Other: 0.12ms
[3398.465s][info][gc,heap        ] GC(752) Eden regions: 1119->0(1120)
[3398.465s][info][gc,heap        ] GC(752) Survivor regions: 109->108(154)
[3398.465s][info][gc,heap        ] GC(752) Old regions: 474->506
[3398.465s][info][gc,heap        ] GC(752) Humongous regions: 80->80
[3398.465s][info][gc,metaspace   ] GC(752) Metaspace: 28859K(29312K)->28859K(29312K) NonClass: 23990K(24192K)->23990K(24192K) Class: 4869K(5120K)->4869K(5120K)
[3398.465s][info][gc             ] GC(752) Pause Young (Concurrent Start) (G1 Evacuation Pause) 3563M->1386M(4096M) 116.995ms
[3398.465s][info][gc             ] GC(753) Concurrent Mark Cycle
[3398.465s][info][gc,marking     ] GC(753) Concurrent Scan Root Regions
[3398.465s][info][gc,cpu         ] GC(752) User=0.69s Sys=0.00s Real=0.12s
[3398.605s][info][gc,marking     ] GC(753) Concurrent Scan Root Regions 139.322ms
[3398.605s][info][gc,marking     ] GC(753) Concurrent Mark
[3398.605s][info][gc,marking     ] GC(753) Concurrent Mark From Roots
[3398.605s][info][gc,task        ] GC(753) Using 2 workers of 2 for marking
.[3399.279s][info][gc,marking     ] GC(753) Concurrent Mark From Roots 674.682ms
[3399.279s][info][gc,marking     ] GC(753) Concurrent Preclean
[3399.280s][info][gc,marking     ] GC(753) Concurrent Preclean 0.123ms
[3399.280s][info][gc,start       ] GC(753) Pause Remark
[3399.286s][info][gc             ] GC(753) Pause Remark 2020M->2020M(4096M) 5.752ms
[3399.286s][info][gc,cpu         ] GC(753) User=0.03s Sys=0.00s Real=0.01s
[3399.286s][info][gc,marking     ] GC(753) Concurrent Mark 681.232ms
[3399.286s][info][gc,marking     ] GC(753) Concurrent Rebuild Remembered Sets and Scrub Regions
[3399.647s][info][gc,marking     ] GC(753) Concurrent Rebuild Remembered Sets and Scrub Regions 360.898ms
[3399.647s][info][gc,start       ] GC(753) Pause Cleanup
[3399.647s][info][gc             ] GC(753) Pause Cleanup 2310M->2310M(4096M) 0.126ms
[3399.647s][info][gc,cpu         ] GC(753) User=0.00s Sys=0.00s Real=0.00s
[3399.648s][info][gc,marking     ] GC(753) Concurrent Clear Claimed Marks
[3399.648s][info][gc,marking     ] GC(753) Concurrent Clear Claimed Marks 0.040ms
[3399.648s][info][gc,marking     ] GC(753) Concurrent Cleanup for Next Mark
[3399.652s][info][gc,marking     ] GC(753) Concurrent Cleanup for Next Mark 4.126ms
[3399.652s][info][gc             ] GC(753) Concurrent Mark Cycle 1186.484ms
..[3401.580s][info][gc,start       ] GC(754) Pause Young (Prepare Mixed) (G1 Evacuation Pause)
[3401.581s][info][gc,task        ] GC(754) Using 6 workers of 6 for evacuation
[3401.704s][info][gc,phases      ] GC(754)   Pre Evacuate Collection Set: 0.35ms
[3401.704s][info][gc,phases      ] GC(754)   Merge Heap Roots: 0.54ms
[3401.704s][info][gc,phases      ] GC(754)   Evacuate Collection Set: 121.56ms
[3401.704s][info][gc,phases      ] GC(754)   Post Evacuate Collection Set: 0.92ms
[3401.704s][info][gc,phases      ] GC(754)   Other: 0.08ms
[3401.704s][info][gc,heap        ] GC(754) Eden regions: 1120->0(1100)
[3401.704s][info][gc,heap        ] GC(754) Survivor regions: 108->114(154)
[3401.704s][info][gc,heap        ] GC(754) Old regions: 506->537
[3401.704s][info][gc,heap        ] GC(754) Humongous regions: 80->80
[3401.704s][info][gc,metaspace   ] GC(754) Metaspace: 28859K(29312K)->28859K(29312K) NonClass: 23990K(24192K)->23990K(24192K) Class: 4869K(5120K)->4869K(5120K)
[3401.704s][info][gc             ] GC(754) Pause Young (Prepare Mixed) (G1 Evacuation Pause) 3626M->1460M(4096M) 123.615ms
[3401.704s][info][gc,cpu         ] GC(754) User=0.73s Sys=0.00s Real=0.13s
...[3404.674s][info][gc,start       ] GC(755) Pause Young (Mixed) (G1 Evacuation Pause)
[3404.674s][info][gc,task        ] GC(755) Using 6 workers of 6 for evacuation
[3404.807s][info][gc,phases      ] GC(755)   Pre Evacuate Collection Set: 0.38ms
[3404.807s][info][gc,phases      ] GC(755)   Merge Heap Roots: 0.62ms
[3404.807s][info][gc,phases      ] GC(755)   Evacuate Collection Set: 131.34ms
[3404.807s][info][gc,phases      ] GC(755)   Post Evacuate Collection Set: 0.94ms
[3404.807s][info][gc,phases      ] GC(755)   Other: 0.09ms
[3404.807s][info][gc,heap        ] GC(755) Eden regions: 1100->0(1119)
[3404.807s][info][gc,heap        ] GC(755) Survivor regions: 114->109(152)
[3404.807s][info][gc,heap        ] GC(755) Old regions: 537->472
[3404.807s][info][gc,heap        ] GC(755) Humongous regions: 80->80
[3404.808s][info][gc,metaspace   ] GC(755) Metaspace: 28859K(29312K)->28859K(29312K) NonClass: 23990K(24192K)->23990K(24192K) Class: 4869K(5120K)->4869K(5120K)
[3404.808s][info][gc             ] GC(755) Pause Young (Mixed) (G1 Evacuation Pause) 3660M->1321M(4096M) 133.494ms
[3404.808s][info][gc,cpu         ] GC(755) User=0.79s Sys=0.00s Real=0.13s
...[3407.833s][info][gc,start       ] GC(756) Pause Young (Concurrent Start) (G1 Evacuation Pause)
[3407.833s][info][gc,task        ] GC(756) Using 6 workers of 6 for evacuation
[3407.953s][info][gc,phases      ] GC(756)   Pre Evacuate Collection Set: 0.37ms
[3407.953s][info][gc,phases      ] GC(756)   Merge Heap Roots: 0.46ms
[3407.953s][info][gc,phases      ] GC(756)   Evacuate Collection Set: 118.18ms
[3407.953s][info][gc,phases      ] GC(756)   Post Evacuate Collection Set: 0.88ms
[3407.953s][info][gc,phases      ] GC(756)   Other: 0.11ms
[3407.953s][info][gc,heap        ] GC(756) Eden regions: 1119->0(1118)
[3407.953s][info][gc,heap        ] GC(756) Survivor regions: 109->110(154)
[3407.953s][info][gc,heap        ] GC(756) Old regions: 472->505
[3407.953s][info][gc,heap        ] GC(756) Humongous regions: 80->80
[3407.953s][info][gc,metaspace   ] GC(756) Metaspace: 28859K(29312K)->28859K(29312K) NonClass: 23990K(24192K)->23990K(24192K) Class: 4869K(5120K)->4869K(5120K)
[3407.953s][info][gc             ] GC(756) Pause Young (Concurrent Start) (G1 Evacuation Pause) 3559M->1389M(4096M) 120.134ms
[3407.954s][info][gc             ] GC(757) Concurrent Mark Cycle
[3407.954s][info][gc,marking     ] GC(757) Concurrent Scan Root Regions
[3407.954s][info][gc,cpu         ] GC(756) User=0.71s Sys=0.00s Real=0.12s
.[3408.132s][info][gc,marking     ] GC(757) Concurrent Scan Root Regions 178.096ms
[3408.132s][info][gc,marking     ] GC(757) Concurrent Mark
[3408.132s][info][gc,marking     ] GC(757) Concurrent Mark From Roots
[3408.132s][info][gc,task        ] GC(757) Using 2 workers of 2 for marking
.[3409.116s][info][gc,marking     ] GC(757) Concurrent Mark From Roots 984.275ms
[3409.116s][info][gc,marking     ] GC(757) Concurrent Preclean
[3409.116s][info][gc,marking     ] GC(757) Concurrent Preclean 0.174ms
[3409.116s][info][gc,start       ] GC(757) Pause Remark
[3409.123s][info][gc             ] GC(757) Pause Remark 2264M->2264M(4096M) 6.649ms
[3409.123s][info][gc,cpu         ] GC(757) User=0.04s Sys=0.00s Real=0.01s
[3409.123s][info][gc,marking     ] GC(757) Concurrent Mark 991.363ms
[3409.123s][info][gc,marking     ] GC(757) Concurrent Rebuild Remembered Sets and Scrub Regions
[3409.334s][info][gc,marking     ] GC(757) Concurrent Rebuild Remembered Sets and Scrub Regions 210.735ms
[3409.335s][info][gc,start       ] GC(757) Pause Cleanup
[3409.335s][info][gc             ] GC(757) Pause Cleanup 2415M->2415M(4096M) 0.115ms
[3409.335s][info][gc,cpu         ] GC(757) User=0.00s Sys=0.00s Real=0.00s
[3409.335s][info][gc,marking     ] GC(757) Concurrent Clear Claimed Marks
[3409.335s][info][gc,marking     ] GC(757) Concurrent Clear Claimed Marks 0.024ms
[3409.336s][info][gc,marking     ] GC(757) Concurrent Cleanup for Next Mark
[3409.340s][info][gc,marking     ] GC(757) Concurrent Cleanup for Next Mark 4.894ms
[3409.340s][info][gc             ] GC(757) Concurrent Mark Cycle 1386.947ms
..[3411.013s][info][gc,start       ] GC(758) Pause Young (Prepare Mixed) (G1 Evacuation Pause)
[3411.013s][info][gc,task        ] GC(758) Using 6 workers of 6 for evacuation
[3411.130s][info][gc,phases      ] GC(758)   Pre Evacuate Collection Set: 0.35ms
[3411.130s][info][gc,phases      ] GC(758)   Merge Heap Roots: 0.51ms
[3411.130s][info][gc,phases      ] GC(758)   Evacuate Collection Set: 115.00ms
[3411.130s][info][gc,phases      ] GC(758)   Post Evacuate Collection Set: 0.92ms
[3411.130s][info][gc,phases      ] GC(758)   Other: 0.08ms
[3411.130s][info][gc,heap        ] GC(758) Eden regions: 1118->0(1113)
[3411.130s][info][gc,heap        ] GC(758) Survivor regions: 110->108(154)
[3411.130s][info][gc,heap        ] GC(758) Old regions: 505->536
[3411.130s][info][gc,heap        ] GC(758) Humongous regions: 80->80
[3411.130s][info][gc,metaspace   ] GC(758) Metaspace: 28859K(29312K)->28859K(29312K) NonClass: 23990K(24192K)->23990K(24192K) Class: 4869K(5120K)->4869K(5120K)
[3411.130s][info][gc             ] GC(758) Pause Young (Prepare Mixed) (G1 Evacuation Pause) 3625M->1447M(4096M) 116.992ms
[3411.130s][info][gc,cpu         ] GC(758) User=0.69s Sys=0.00s Real=0.11s
...[3414.167s][info][gc,start       ] GC(759) Pause Young (Mixed) (G1 Evacuation Pause)
[3414.167s][info][gc,task        ] GC(759) Using 6 workers of 6 for evacuation
[3414.298s][info][gc,phases      ] GC(759)   Pre Evacuate Collection Set: 0.37ms
[3414.298s][info][gc,phases      ] GC(759)   Merge Heap Roots: 0.66ms
[3414.298s][info][gc,phases      ] GC(759)   Evacuate Collection Set: 128.53ms
[3414.298s][info][gc,phases      ] GC(759)   Post Evacuate Collection Set: 0.95ms
[3414.298s][info][gc,phases      ] GC(759)   Other: 0.09ms
[3414.298s][info][gc,heap        ] GC(759) Eden regions: 1113->0(1120)
[3414.298s][info][gc,heap        ] GC(759) Survivor regions: 108->108(153)
[3414.298s][info][gc,heap        ] GC(759) Old regions: 536->473
[3414.298s][info][gc,heap        ] GC(759) Humongous regions: 80->80
[3414.298s][info][gc,metaspace   ] GC(759) Metaspace: 28859K(29312K)->28859K(29312K) NonClass: 23990K(24192K)->23990K(24192K) Class: 4869K(5120K)->4869K(5120K)
[3414.298s][info][gc             ] GC(759) Pause Young (Mixed) (G1 Evacuation Pause) 3673M->1319M(4096M) 130.724ms
[3414.298s][info][gc,cpu         ] GC(759) User=0.77s Sys=0.00s Real=0.13s
...[3417.319s][info][gc,start       ] GC(760) Pause Young (Concurrent Start) (G1 Evacuation Pause)
[3417.319s][info][gc,task        ] GC(760) Using 6 workers of 6 for evacuation
[3417.435s][info][gc,phases      ] GC(760)   Pre Evacuate Collection Set: 0.38ms
[3417.435s][info][gc,phases      ] GC(760)   Merge Heap Roots: 0.46ms
[3417.435s][info][gc,phases      ] GC(760)   Evacuate Collection Set: 114.65ms
[3417.435s][info][gc,phases      ] GC(760)   Post Evacuate Collection Set: 0.89ms
[3417.435s][info][gc,phases      ] GC(760)   Other: 0.12ms
[3417.435s][info][gc,heap        ] GC(760) Eden regions: 1120->0(1120)
[3417.435s][info][gc,heap        ] GC(760) Survivor regions: 108->108(154)
[3417.435s][info][gc,heap        ] GC(760) Old regions: 473->505
[3417.435s][info][gc,heap        ] GC(760) Humongous regions: 80->80
[3417.435s][info][gc,metaspace   ] GC(760) Metaspace: 28859K(29312K)->28859K(29312K) NonClass: 23990K(24192K)->23990K(24192K) Class: 4869K(5120K)->4869K(5120K)
[3417.435s][info][gc             ] GC(760) Pause Young (Concurrent Start) (G1 Evacuation Pause) 3559M->1384M(4096M) 116.641ms
[3417.435s][info][gc             ] GC(761) Concurrent Mark Cycle
[3417.435s][info][gc,marking     ] GC(761) Concurrent Scan Root Regions
[3417.435s][info][gc,cpu         ] GC(760) User=0.69s Sys=0.01s Real=0.12s
[3417.571s][info][gc,marking     ] GC(761) Concurrent Scan Root Regions 135.825ms
[3417.571s][info][gc,marking     ] GC(761) Concurrent Mark
[3417.571s][info][gc,marking     ] GC(761) Concurrent Mark From Roots
[3417.571s][info][gc,task        ] GC(761) Using 2 workers of 2 for marking
.[3418.243s][info][gc,marking     ] GC(761) Concurrent Mark From Roots 672.369ms
[3418.244s][info][gc,marking     ] GC(761) Concurrent Preclean
[3418.244s][info][gc,marking     ] GC(761) Concurrent Preclean 0.116ms
[3418.244s][info][gc,start       ] GC(761) Pause Remark
[3418.249s][info][gc             ] GC(761) Pause Remark 1996M->1996M(4096M) 5.372ms
[3418.249s][info][gc,cpu         ] GC(761) User=0.03s Sys=0.00s Real=0.00s
[3418.249s][info][gc,marking     ] GC(761) Concurrent Mark 678.162ms
[3418.249s][info][gc,marking     ] GC(761) Concurrent Rebuild Remembered Sets and Scrub Regions
[3418.507s][info][gc,marking     ] GC(761) Concurrent Rebuild Remembered Sets and Scrub Regions 258.157ms
[3418.508s][info][gc,start       ] GC(761) Pause Cleanup
[3418.508s][info][gc             ] GC(761) Pause Cleanup 2194M->2194M(4096M) 0.123ms
[3418.508s][info][gc,cpu         ] GC(761) User=0.00s Sys=0.00s Real=0.00s
[3418.509s][info][gc,marking     ] GC(761) Concurrent Clear Claimed Marks
[3418.509s][info][gc,marking     ] GC(761) Concurrent Clear Claimed Marks 0.032ms
[3418.509s][info][gc,marking     ] GC(761) Concurrent Cleanup for Next Mark
[3418.516s][info][gc,marking     ] GC(761) Concurrent Cleanup for Next Mark 6.979ms
[3418.516s][info][gc             ] GC(761) Concurrent Mark Cycle 1080.977ms
..[3420.504s][info][gc,start       ] GC(762) Pause Young (Prepare Mixed) (G1 Evacuation Pause)
[3420.504s][info][gc,task        ] GC(762) Using 6 workers of 6 for evacuation
[3420.621s][info][gc,phases      ] GC(762)   Pre Evacuate Collection Set: 0.33ms
[3420.621s][info][gc,phases      ] GC(762)   Merge Heap Roots: 0.52ms
[3420.621s][info][gc,phases      ] GC(762)   Evacuate Collection Set: 114.82ms
[3420.621s][info][gc,phases      ] GC(762)   Post Evacuate Collection Set: 0.93ms
[3420.621s][info][gc,phases      ] GC(762)   Other: 0.09ms
[3420.621s][info][gc,heap        ] GC(762) Eden regions: 1120->0(1109)
[3420.621s][info][gc,heap        ] GC(762) Survivor regions: 108->110(154)
[3420.621s][info][gc,heap        ] GC(762) Old regions: 505->536
[3420.621s][info][gc,heap        ] GC(762) Humongous regions: 80->80
[3420.621s][info][gc,metaspace   ] GC(762) Metaspace: 28859K(29312K)->28859K(29312K) NonClass: 23990K(24192K)->23990K(24192K) Class: 4869K(5120K)->4869K(5120K)
[3420.621s][info][gc             ] GC(762) Pause Young (Prepare Mixed) (G1 Evacuation Pause) 3624M->1450M(4096M) 116.850ms
[3420.621s][info][gc,cpu         ] GC(762) User=0.69s Sys=0.00s Real=0.11s
...[3423.634s][info][gc,start       ] GC(763) Pause Young (Mixed) (G1 Evacuation Pause)
[3423.634s][info][gc,task        ] GC(763) Using 6 workers of 6 for evacuation
[3423.767s][info][gc,phases      ] GC(763)   Pre Evacuate Collection Set: 0.38ms
[3423.767s][info][gc,phases      ] GC(763)   Merge Heap Roots: 0.70ms
[3423.767s][info][gc,phases      ] GC(763)   Evacuate Collection Set: 130.62ms
[3423.767s][info][gc,phases      ] GC(763)   Post Evacuate Collection Set: 0.97ms
[3423.767s][info][gc,phases      ] GC(763)   Other: 0.09ms
[3423.767s][info][gc,heap        ] GC(763) Eden regions: 1109->0(1118)
[3423.767s][info][gc,heap        ] GC(763) Survivor regions: 110->110(153)
[3423.767s][info][gc,heap        ] GC(763) Old regions: 536->473
[3423.767s][info][gc,heap        ] GC(763) Humongous regions: 80->80
[3423.767s][info][gc,metaspace   ] GC(763) Metaspace: 28859K(29312K)->28859K(29312K) NonClass: 23990K(24192K)->23990K(24192K) Class: 4869K(5120K)->4869K(5120K)
[3423.767s][info][gc             ] GC(763) Pause Young (Mixed) (G1 Evacuation Pause) 3668M->1324M(4096M) 132.890ms
[3423.767s][info][gc,cpu         ] GC(763) User=0.78s Sys=0.00s Real=0.13s
...[3426.910s][info][gc,start       ] GC(764) Pause Young (Concurrent Start) (G1 Evacuation Pause)
[3426.910s][info][gc,task        ] GC(764) Using 6 workers of 6 for evacuation
[3427.030s][info][gc,phases      ] GC(764)   Pre Evacuate Collection Set: 0.36ms
[3427.030s][info][gc,phases      ] GC(764)   Merge Heap Roots: 0.47ms
[3427.030s][info][gc,phases      ] GC(764)   Evacuate Collection Set: 117.91ms
[3427.030s][info][gc,phases      ] GC(764)   Post Evacuate Collection Set: 0.85ms
[3427.030s][info][gc,phases      ] GC(764)   Other: 0.11ms
[3427.030s][info][gc,heap        ] GC(764) Eden regions: 1118->0(1116)
[3427.030s][info][gc,heap        ] GC(764) Survivor regions: 110->112(154)
[3427.030s][info][gc,heap        ] GC(764) Old regions: 473->505
[3427.030s][info][gc,heap        ] GC(764) Humongous regions: 80->80
[3427.030s][info][gc,metaspace   ] GC(764) Metaspace: 28859K(29312K)->28859K(29312K) NonClass: 23990K(24192K)->23990K(24192K) Class: 4869K(5120K)->4869K(5120K)
[3427.030s][info][gc             ] GC(764) Pause Young (Concurrent Start) (G1 Evacuation Pause) 3560M->1391M(4096M) 119.838ms
[3427.030s][info][gc             ] GC(765) Concurrent Mark Cycle
[3427.030s][info][gc,marking     ] GC(765) Concurrent Scan Root Regions
[3427.030s][info][gc,cpu         ] GC(764) User=0.71s Sys=0.00s Real=0.12s
.[3427.173s][info][gc,marking     ] GC(765) Concurrent Scan Root Regions 143.146ms
[3427.173s][info][gc,marking     ] GC(765) Concurrent Mark
[3427.173s][info][gc,marking     ] GC(765) Concurrent Mark From Roots
[3427.173s][info][gc,task        ] GC(765) Using 2 workers of 2 for marking
[3427.889s][info][gc,marking     ] GC(765) Concurrent Mark From Roots 716.058ms
[3427.889s][info][gc,marking     ] GC(765) Concurrent Preclean
[3427.890s][info][gc,marking     ] GC(765) Concurrent Preclean 0.138ms
[3427.890s][info][gc,start       ] GC(765) Pause Remark
[3427.896s][info][gc             ] GC(765) Pause Remark 2093M->2093M(4096M) 6.158ms
[3427.896s][info][gc,cpu         ] GC(765) User=0.04s Sys=0.00s Real=0.01s
[3427.897s][info][gc,marking     ] GC(765) Concurrent Mark 723.217ms
[3427.897s][info][gc,marking     ] GC(765) Concurrent Rebuild Remembered Sets and Scrub Regions
.[3428.183s][info][gc,marking     ] GC(765) Concurrent Rebuild Remembered Sets and Scrub Regions 286.426ms
[3428.183s][info][gc,start       ] GC(765) Pause Cleanup
[3428.183s][info][gc             ] GC(765) Pause Cleanup 2299M->2299M(4096M) 0.109ms
[3428.183s][info][gc,cpu         ] GC(765) User=0.00s Sys=0.00s Real=0.00s
[3428.183s][info][gc,marking     ] GC(765) Concurrent Clear Claimed Marks
[3428.183s][info][gc,marking     ] GC(765) Concurrent Clear Claimed Marks 0.027ms
[3428.183s][info][gc,marking     ] GC(765) Concurrent Cleanup for Next Mark
[3428.188s][info][gc,marking     ] GC(765) Concurrent Cleanup for Next Mark 4.562ms
[3428.188s][info][gc             ] GC(765) Concurrent Mark Cycle 1157.941ms
.[3429.980s][info][gc,start       ] GC(766) Pause Young (Prepare Mixed) (G1 Evacuation Pause)
[3429.980s][info][gc,task        ] GC(766) Using 6 workers of 6 for evacuation
[3430.102s][info][gc,phases      ] GC(766)   Pre Evacuate Collection Set: 0.33ms
[3430.102s][info][gc,phases      ] GC(766)   Merge Heap Roots: 0.52ms
[3430.102s][info][gc,phases      ] GC(766)   Evacuate Collection Set: 120.37ms
[3430.102s][info][gc,phases      ] GC(766)   Post Evacuate Collection Set: 0.97ms
[3430.102s][info][gc,phases      ] GC(766)   Other: 0.09ms
[3430.102s][info][gc,heap        ] GC(766) Eden regions: 1116->0(1105)
[3430.102s][info][gc,heap        ] GC(766) Survivor regions: 112->112(154)
[3430.102s][info][gc,heap        ] GC(766) Old regions: 505->536
[3430.102s][info][gc,heap        ] GC(766) Humongous regions: 80->80
[3430.102s][info][gc,metaspace   ] GC(766) Metaspace: 28859K(29312K)->28859K(29312K) NonClass: 23990K(24192K)->23990K(24192K) Class: 4869K(5120K)->4869K(5120K)
[3430.102s][info][gc             ] GC(766) Pause Young (Prepare Mixed) (G1 Evacuation Pause) 3623M->1454M(4096M) 122.421ms
[3430.102s][info][gc,cpu         ] GC(766) User=0.73s Sys=0.00s Real=0.13s
....[3433.174s][info][gc,start       ] GC(767) Pause Young (Mixed) (G1 Evacuation Pause)
[3433.174s][info][gc,task        ] GC(767) Using 6 workers of 6 for evacuation
[3433.305s][info][gc,phases      ] GC(767)   Pre Evacuate Collection Set: 0.38ms
[3433.305s][info][gc,phases      ] GC(767)   Merge Heap Roots: 0.62ms
[3433.305s][info][gc,phases      ] GC(767)   Evacuate Collection Set: 128.46ms
[3433.305s][info][gc,phases      ] GC(767)   Post Evacuate Collection Set: 0.96ms
[3433.305s][info][gc,phases      ] GC(767)   Other: 0.09ms
[3433.305s][info][gc,heap        ] GC(767) Eden regions: 1105->0(1121)
[3433.305s][info][gc,heap        ] GC(767) Survivor regions: 112->107(153)
[3433.305s][info][gc,heap        ] GC(767) Old regions: 536->471
[3433.305s][info][gc,heap        ] GC(767) Humongous regions: 80->80
[3433.305s][info][gc,metaspace   ] GC(767) Metaspace: 28859K(29312K)->28859K(29312K) NonClass: 23990K(24192K)->23990K(24192K) Class: 4869K(5120K)->4869K(5120K)
[3433.305s][info][gc             ] GC(767) Pause Young (Mixed) (G1 Evacuation Pause) 3664M->1315M(4096M) 130.637ms
[3433.305s][info][gc,cpu         ] GC(767) User=0.77s Sys=0.01s Real=0.13s
...[3436.353s][info][gc,start       ] GC(768) Pause Young (Concurrent Start) (G1 Evacuation Pause)
[3436.353s][info][gc,task        ] GC(768) Using 6 workers of 6 for evacuation
[3436.473s][info][gc,phases      ] GC(768)   Pre Evacuate Collection Set: 0.35ms
[3436.473s][info][gc,phases      ] GC(768)   Merge Heap Roots: 0.46ms
[3436.473s][info][gc,phases      ] GC(768)   Evacuate Collection Set: 118.52ms
[3436.473s][info][gc,phases      ] GC(768)   Post Evacuate Collection Set: 0.86ms
[3436.473s][info][gc,phases      ] GC(768)   Other: 0.10ms
[3436.473s][info][gc,heap        ] GC(768) Eden regions: 1121->0(1116)
[3436.473s][info][gc,heap        ] GC(768) Survivor regions: 107->112(154)
[3436.473s][info][gc,heap        ] GC(768) Old regions: 471->503
[3436.473s][info][gc,heap        ] GC(768) Humongous regions: 80->80
[3436.473s][info][gc,metaspace   ] GC(768) Metaspace: 28859K(29312K)->28859K(29312K) NonClass: 23990K(24192K)->23990K(24192K) Class: 4869K(5120K)->4869K(5120K)
[3436.473s][info][gc             ] GC(768) Pause Young (Concurrent Start) (G1 Evacuation Pause) 3557M->1388M(4096M) 120.436ms
[3436.473s][info][gc             ] GC(769) Concurrent Mark Cycle
[3436.473s][info][gc,marking     ] GC(769) Concurrent Scan Root Regions
[3436.473s][info][gc,cpu         ] GC(768) User=0.71s Sys=0.00s Real=0.12s
[3436.651s][info][gc,marking     ] GC(769) Concurrent Scan Root Regions 177.718ms
[3436.651s][info][gc,marking     ] GC(769) Concurrent Mark
[3436.651s][info][gc,marking     ] GC(769) Concurrent Mark From Roots
[3436.651s][info][gc,task        ] GC(769) Using 2 workers of 2 for marking
.[3437.500s][info][gc,marking     ] GC(769) Concurrent Mark From Roots 849.490ms
[3437.501s][info][gc,marking     ] GC(769) Concurrent Preclean
[3437.501s][info][gc,marking     ] GC(769) Concurrent Preclean 0.136ms
[3437.501s][info][gc,start       ] GC(769) Pause Remark
[3437.507s][info][gc             ] GC(769) Pause Remark 2203M->2203M(4096M) 5.472ms
[3437.507s][info][gc,cpu         ] GC(769) User=0.03s Sys=0.00s Real=0.01s
[3437.507s][info][gc,marking     ] GC(769) Concurrent Mark 855.853ms
[3437.507s][info][gc,marking     ] GC(769) Concurrent Rebuild Remembered Sets and Scrub Regions
[3437.837s][info][gc,marking     ] GC(769) Concurrent Rebuild Remembered Sets and Scrub Regions 329.890ms
[3437.837s][info][gc,start       ] GC(769) Pause Cleanup
[3437.837s][info][gc             ] GC(769) Pause Cleanup 2462M->2462M(4096M) 0.113ms
[3437.837s][info][gc,cpu         ] GC(769) User=0.00s Sys=0.00s Real=0.00s
[3437.837s][info][gc,marking     ] GC(769) Concurrent Clear Claimed Marks
[3437.837s][info][gc,marking     ] GC(769) Concurrent Clear Claimed Marks 0.028ms
[3437.837s][info][gc,marking     ] GC(769) Concurrent Cleanup for Next Mark
[3437.843s][info][gc,marking     ] GC(769) Concurrent Cleanup for Next Mark 5.941ms
[3437.843s][info][gc             ] GC(769) Concurrent Mark Cycle 1369.986ms
..[3439.493s][info][gc,start       ] GC(770) Pause Young (Prepare Mixed) (G1 Evacuation Pause)
[3439.493s][info][gc,task        ] GC(770) Using 6 workers of 6 for evacuation
[3439.610s][info][gc,phases      ] GC(770)   Pre Evacuate Collection Set: 0.33ms
[3439.610s][info][gc,phases      ] GC(770)   Merge Heap Roots: 0.53ms
[3439.610s][info][gc,phases      ] GC(770)   Evacuate Collection Set: 115.78ms
[3439.610s][info][gc,phases      ] GC(770)   Post Evacuate Collection Set: 0.93ms
[3439.610s][info][gc,phases      ] GC(770)   Other: 0.09ms
[3439.610s][info][gc,heap        ] GC(770) Eden regions: 1116->0(1112)
[3439.610s][info][gc,heap        ] GC(770) Survivor regions: 112->109(154)
[3439.610s][info][gc,heap        ] GC(770) Old regions: 503->535
[3439.610s][info][gc,heap        ] GC(770) Humongous regions: 80->80
[3439.610s][info][gc,metaspace   ] GC(770) Metaspace: 28859K(29312K)->28859K(29312K) NonClass: 23990K(24192K)->23990K(24192K) Class: 4869K(5120K)->4869K(5120K)
[3439.611s][info][gc             ] GC(770) Pause Young (Prepare Mixed) (G1 Evacuation Pause) 3620M->1445M(4096M) 117.795ms
[3439.611s][info][gc,cpu         ] GC(770) User=0.70s Sys=0.00s Real=0.11s
...[3442.655s][info][gc,start       ] GC(771) Pause Young (Mixed) (G1 Evacuation Pause)
[3442.655s][info][gc,task        ] GC(771) Using 6 workers of 6 for evacuation
[3442.789s][info][gc,phases      ] GC(771)   Pre Evacuate Collection Set: 0.38ms
[3442.789s][info][gc,phases      ] GC(771)   Merge Heap Roots: 0.71ms
[3442.789s][info][gc,phases      ] GC(771)   Evacuate Collection Set: 131.34ms
[3442.789s][info][gc,phases      ] GC(771)   Post Evacuate Collection Set: 0.97ms
[3442.789s][info][gc,phases      ] GC(771)   Other: 0.09ms
[3442.789s][info][gc,heap        ] GC(771) Eden regions: 1112->0(1118)
[3442.789s][info][gc,heap        ] GC(771) Survivor regions: 109->110(153)
[3442.789s][info][gc,heap        ] GC(771) Old regions: 535->473
[3442.789s][info][gc,heap        ] GC(771) Humongous regions: 80->80
[3442.789s][info][gc,metaspace   ] GC(771) Metaspace: 28859K(29312K)->28859K(29312K) NonClass: 23990K(24192K)->23990K(24192K) Class: 4869K(5120K)->4869K(5120K)
[3442.789s][info][gc             ] GC(771) Pause Young (Mixed) (G1 Evacuation Pause) 3669M->1323M(4096M) 133.614ms
[3442.789s][info][gc,cpu         ] GC(771) User=0.79s Sys=0.00s Real=0.13s
. (rIR:aIR:PR = 5950:5953:5953) (tPR = 88515) [OK] 
  3442s: Performance info:
         Transaction,    Success,    Partial,     Failed,   Receipts, AvgBarcode, 
             Overall,     358868,          0,          0,     340923,      59.47, 
         Response times:
             Request,    Success,    Partial,     Failed,   SkipFail,     Probes,    Samples,      min,      p50,      p90,      p95,      p99,      max, 
       TotalPurchase,     340920,          0,          0,          0,     335094,     369138,      300,     5000,    17500,    43000,   113000,   243000,
     InStorePurchase,     179505,          0,          0,          0,     176661,     194294,      300,     5000,    17500,    43000,   115000,   243000,
      OnlinePurchase,     125566,          0,          0,          0,     123581,     136192,      300,     4900,    17600,    43000,   111000,   243000,
        InstPurchase,      35849,          0,          0,          0,      34852,      38652,      400,     5100,    17800,    45000,   114000,   233000,
          AssocOfCat,        356,          0,          0,          0,        263,        358,    23000,    36000,    78100,   115150,   172820,   214000,
      AssocOfProduct,       3587,          0,          0,          0,       3364,       3929,      500,     3600,    12100,    31000,    95000,   146000,
      BusinessReport,        889,          0,          0,          0,        765,        908,    26000,    40000,    77000,   101650,   193820,   221000,
          CustBuyBeh,       3584,          0,          0,          0,       3337,       3941,      200,     2100,     9000,    23000,    93000,   213000,
       ProductReturn,       9529,          0,          0,          0,       9038,      10217,      500,     5100,    19900,    45100,   113000,   194000,

  3442s: (44%)   IR =   6088 ..[3445.770s][info][gc,start       ] GC(772) Pause Young (Concurrent Start) (G1 Evacuation Pause)
[3445.771s][info][gc,task        ] GC(772) Using 6 workers of 6 for evacuation
[3445.890s][info][gc,phases      ] GC(772)   Pre Evacuate Collection Set: 0.35ms
[3445.890s][info][gc,phases      ] GC(772)   Merge Heap Roots: 0.47ms
[3445.890s][info][gc,phases      ] GC(772)   Evacuate Collection Set: 117.68ms
[3445.890s][info][gc,phases      ] GC(772)   Post Evacuate Collection Set: 0.95ms
[3445.890s][info][gc,phases      ] GC(772)   Other: 0.11ms
[3445.890s][info][gc,heap        ] GC(772) Eden regions: 1118->0(1117)
[3445.890s][info][gc,heap        ] GC(772) Survivor regions: 110->111(154)
[3445.890s][info][gc,heap        ] GC(772) Old regions: 473->505
[3445.890s][info][gc,heap        ] GC(772) Humongous regions: 80->80
[3445.890s][info][gc,metaspace   ] GC(772) Metaspace: 28859K(29312K)->28859K(29312K) NonClass: 23990K(24192K)->23990K(24192K) Class: 4869K(5120K)->4869K(5120K)
[3445.890s][info][gc             ] GC(772) Pause Young (Concurrent Start) (G1 Evacuation Pause) 3559M->1389M(4096M) 119.690ms
[3445.890s][info][gc             ] GC(773) Concurrent Mark Cycle
[3445.890s][info][gc,marking     ] GC(773) Concurrent Scan Root Regions
[3445.890s][info][gc,cpu         ] GC(772) User=0.71s Sys=0.00s Real=0.12s
[3446.031s][info][gc,marking     ] GC(773) Concurrent Scan Root Regions 141.255ms
[3446.032s][info][gc,marking     ] GC(773) Concurrent Mark
[3446.032s][info][gc,marking     ] GC(773) Concurrent Mark From Roots
[3446.032s][info][gc,task        ] GC(773) Using 2 workers of 2 for marking
.[3446.727s][info][gc,marking     ] GC(773) Concurrent Mark From Roots 695.090ms
[3446.727s][info][gc,marking     ] GC(773) Concurrent Preclean
[3446.727s][info][gc,marking     ] GC(773) Concurrent Preclean 0.157ms
[3446.727s][info][gc,start       ] GC(773) Pause Remark
[3446.731s][info][gc             ] GC(773) Pause Remark 2043M->2043M(4096M) 3.925ms
[3446.731s][info][gc,cpu         ] GC(773) User=0.02s Sys=0.00s Real=0.00s
[3446.731s][info][gc,marking     ] GC(773) Concurrent Mark 699.709ms
[3446.731s][info][gc,marking     ] GC(773) Concurrent Rebuild Remembered Sets and Scrub Regions
[3447.096s][info][gc,marking     ] GC(773) Concurrent Rebuild Remembered Sets and Scrub Regions 364.548ms
[3447.096s][info][gc,start       ] GC(773) Pause Cleanup
[3447.096s][info][gc             ] GC(773) Pause Cleanup 2327M->2327M(4096M) 0.104ms
[3447.096s][info][gc,cpu         ] GC(773) User=0.00s Sys=0.00s Real=0.00s
[3447.096s][info][gc,marking     ] GC(773) Concurrent Clear Claimed Marks
[3447.096s][info][gc,marking     ] GC(773) Concurrent Clear Claimed Marks 0.021ms
[3447.096s][info][gc,marking     ] GC(773) Concurrent Cleanup for Next Mark
[3447.099s][info][gc,marking     ] GC(773) Concurrent Cleanup for Next Mark 3.342ms
[3447.100s][info][gc             ] GC(773) Concurrent Mark Cycle 1209.322ms
..[3448.878s][info][gc,start       ] GC(774) Pause Young (Prepare Mixed) (G1 Evacuation Pause)
[3448.878s][info][gc,task        ] GC(774) Using 6 workers of 6 for evacuation
[3449.003s][info][gc,phases      ] GC(774)   Pre Evacuate Collection Set: 0.34ms
[3449.003s][info][gc,phases      ] GC(774)   Merge Heap Roots: 0.52ms
[3449.003s][info][gc,phases      ] GC(774)   Evacuate Collection Set: 123.14ms
[3449.003s][info][gc,phases      ] GC(774)   Post Evacuate Collection Set: 0.92ms
[3449.003s][info][gc,phases      ] GC(774)   Other: 0.09ms
[3449.003s][info][gc,heap        ] GC(774) Eden regions: 1117->0(1096)
[3449.003s][info][gc,heap        ] GC(774) Survivor regions: 111->116(154)
[3449.003s][info][gc,heap        ] GC(774) Old regions: 505->537
[3449.003s][info][gc,heap        ] GC(774) Humongous regions: 80->80
[3449.003s][info][gc,metaspace   ] GC(774) Metaspace: 28859K(29312K)->28859K(29312K) NonClass: 23990K(24192K)->23990K(24192K) Class: 4869K(5120K)->4869K(5120K)
[3449.003s][info][gc             ] GC(774) Pause Young (Prepare Mixed) (G1 Evacuation Pause) 3623M->1464M(4096M) 125.149ms
[3449.003s][info][gc,cpu         ] GC(774) User=0.74s Sys=0.00s Real=0.13s
.|..[3451.931s][info][gc,start       ] GC(775) Pause Young (Mixed) (G1 Evacuation Pause)
[3451.931s][info][gc,task        ] GC(775) Using 6 workers of 6 for evacuation
[3452.066s][info][gc,phases      ] GC(775)   Pre Evacuate Collection Set: 0.38ms
[3452.066s][info][gc,phases      ] GC(775)   Merge Heap Roots: 0.65ms
[3452.066s][info][gc,phases      ] GC(775)   Evacuate Collection Set: 132.89ms
[3452.066s][info][gc,phases      ] GC(775)   Post Evacuate Collection Set: 0.93ms
[3452.066s][info][gc,phases      ] GC(775)   Other: 0.09ms
[3452.066s][info][gc,heap        ] GC(775) Eden regions: 1096->0(1118)
[3452.066s][info][gc,heap        ] GC(775) Survivor regions: 116->110(152)
[3452.066s][info][gc,heap        ] GC(775) Old regions: 537->473
[3452.066s][info][gc,heap        ] GC(775) Humongous regions: 80->80
[3452.066s][info][gc,metaspace   ] GC(775) Metaspace: 28859K(29312K)->28859K(29312K) NonClass: 23990K(24192K)->23990K(24192K) Class: 4869K(5120K)->4869K(5120K)
[3452.066s][info][gc             ] GC(775) Pause Young (Mixed) (G1 Evacuation Pause) 3656M->1324M(4096M) 135.091ms
[3452.066s][info][gc,cpu         ] GC(775) User=0.80s Sys=0.00s Real=0.14s
...[3455.086s][info][gc,start       ] GC(776) Pause Young (Concurrent Start) (G1 Evacuation Pause)
[3455.086s][info][gc,task        ] GC(776) Using 6 workers of 6 for evacuation
[3455.202s][info][gc,phases      ] GC(776)   Pre Evacuate Collection Set: 0.38ms
[3455.202s][info][gc,phases      ] GC(776)   Merge Heap Roots: 0.46ms
[3455.202s][info][gc,phases      ] GC(776)   Evacuate Collection Set: 113.95ms
[3455.202s][info][gc,phases      ] GC(776)   Post Evacuate Collection Set: 0.88ms
[3455.202s][info][gc,phases      ] GC(776)   Other: 0.13ms
[3455.202s][info][gc,heap        ] GC(776) Eden regions: 1118->0(1120)
[3455.202s][info][gc,heap        ] GC(776) Survivor regions: 110->108(154)
[3455.202s][info][gc,heap        ] GC(776) Old regions: 473->505
[3455.202s][info][gc,heap        ] GC(776) Humongous regions: 80->80
[3455.202s][info][gc,metaspace   ] GC(776) Metaspace: 28860K(29312K)->28860K(29312K) NonClass: 23991K(24192K)->23991K(24192K) Class: 4869K(5120K)->4869K(5120K)
[3455.202s][info][gc             ] GC(776) Pause Young (Concurrent Start) (G1 Evacuation Pause) 3560M->1383M(4096M) 115.919ms
[3455.202s][info][gc             ] GC(777) Concurrent Mark Cycle
[3455.202s][info][gc,marking     ] GC(777) Concurrent Scan Root Regions
[3455.202s][info][gc,cpu         ] GC(776) User=0.68s Sys=0.00s Real=0.12s
.[3455.379s][info][gc,marking     ] GC(777) Concurrent Scan Root Regions 176.324ms
[3455.379s][info][gc,marking     ] GC(777) Concurrent Mark
[3455.379s][info][gc,marking     ] GC(777) Concurrent Mark From Roots
[3455.379s][info][gc,task        ] GC(777) Using 2 workers of 2 for marking
[3456.102s][info][gc,marking     ] GC(777) Concurrent Mark From Roots 723.033ms
[3456.102s][info][gc,marking     ] GC(777) Concurrent Preclean
[3456.102s][info][gc,marking     ] GC(777) Concurrent Preclean 0.104ms
[3456.102s][info][gc,start       ] GC(777) Pause Remark
[3456.108s][info][gc             ] GC(777) Pause Remark 2097M->2097M(4096M) 5.623ms
[3456.108s][info][gc,cpu         ] GC(777) User=0.03s Sys=0.00s Real=0.01s
[3456.108s][info][gc,marking     ] GC(777) Concurrent Mark 729.110ms
[3456.108s][info][gc,marking     ] GC(777) Concurrent Rebuild Remembered Sets and Scrub Regions
.[3456.469s][info][gc,marking     ] GC(777) Concurrent Rebuild Remembered Sets and Scrub Regions 361.444ms
[3456.469s][info][gc,start       ] GC(777) Pause Cleanup
[3456.470s][info][gc             ] GC(777) Pause Cleanup 2354M->2354M(4096M) 0.102ms
[3456.470s][info][gc,cpu         ] GC(777) User=0.00s Sys=0.00s Real=0.00s
[3456.470s][info][gc,marking     ] GC(777) Concurrent Clear Claimed Marks
[3456.470s][info][gc,marking     ] GC(777) Concurrent Clear Claimed Marks 0.031ms
[3456.470s][info][gc,marking     ] GC(777) Concurrent Cleanup for Next Mark
[3456.476s][info][gc,marking     ] GC(777) Concurrent Cleanup for Next Mark 5.730ms
[3456.476s][info][gc             ] GC(777) Concurrent Mark Cycle 1273.453ms
.[3458.167s][info][gc,start       ] GC(778) Pause Young (Prepare Mixed) (G1 Evacuation Pause)
[3458.167s][info][gc,task        ] GC(778) Using 6 workers of 6 for evacuation
[3458.288s][info][gc,phases      ] GC(778)   Pre Evacuate Collection Set: 0.30ms
[3458.288s][info][gc,phases      ] GC(778)   Merge Heap Roots: 0.52ms
[3458.288s][info][gc,phases      ] GC(778)   Evacuate Collection Set: 118.29ms
[3458.288s][info][gc,phases      ] GC(778)   Post Evacuate Collection Set: 0.90ms
[3458.288s][info][gc,phases      ] GC(778)   Other: 0.09ms
[3458.288s][info][gc,heap        ] GC(778) Eden regions: 1120->0(1105)
[3458.288s][info][gc,heap        ] GC(778) Survivor regions: 108->112(154)
[3458.288s][info][gc,heap        ] GC(778) Old regions: 505->536
[3458.288s][info][gc,heap        ] GC(778) Humongous regions: 80->80
[3458.288s][info][gc,metaspace   ] GC(778) Metaspace: 28860K(29312K)->28860K(29312K) NonClass: 23991K(24192K)->23991K(24192K) Class: 4869K(5120K)->4869K(5120K)
[3458.288s][info][gc             ] GC(778) Pause Young (Prepare Mixed) (G1 Evacuation Pause) 3623M->1453M(4096M) 120.235ms
[3458.288s][info][gc,cpu         ] GC(778) User=0.71s Sys=0.00s Real=0.12s
...[3461.238s][info][gc,start       ] GC(779) Pause Young (Mixed) (G1 Evacuation Pause)
[3461.238s][info][gc,task        ] GC(779) Using 6 workers of 6 for evacuation
[3461.372s][info][gc,phases      ] GC(779)   Pre Evacuate Collection Set: 0.38ms
[3461.372s][info][gc,phases      ] GC(779)   Merge Heap Roots: 0.72ms
[3461.372s][info][gc,phases      ] GC(779)   Evacuate Collection Set: 131.48ms
[3461.372s][info][gc,phases      ] GC(779)   Post Evacuate Collection Set: 0.95ms
[3461.372s][info][gc,phases      ] GC(779)   Other: 0.09ms
[3461.372s][info][gc,heap        ] GC(779) Eden regions: 1105->0(1120)
[3461.372s][info][gc,heap        ] GC(779) Survivor regions: 112->108(153)
[3461.372s][info][gc,heap        ] GC(779) Old regions: 536->473
[3461.372s][info][gc,heap        ] GC(779) Humongous regions: 80->80
[3461.372s][info][gc,metaspace   ] GC(779) Metaspace: 28860K(29312K)->28860K(29312K) NonClass: 23991K(24192K)->23991K(24192K) Class: 4869K(5120K)->4869K(5120K)
[3461.372s][info][gc             ] GC(779) Pause Young (Mixed) (G1 Evacuation Pause) 3663M->1320M(4096M) 133.751ms
[3461.372s][info][gc,cpu         ] GC(779) User=0.79s Sys=0.00s Real=0.14s
...[3464.358s][info][gc,start       ] GC(780) Pause Young (Concurrent Start) (G1 Evacuation Pause)
[3464.358s][info][gc,task        ] GC(780) Using 6 workers of 6 for evacuation
[3464.477s][info][gc,phases      ] GC(780)   Pre Evacuate Collection Set: 0.41ms
[3464.477s][info][gc,phases      ] GC(780)   Merge Heap Roots: 0.51ms
[3464.477s][info][gc,phases      ] GC(780)   Evacuate Collection Set: 116.19ms
[3464.477s][info][gc,phases      ] GC(780)   Post Evacuate Collection Set: 0.88ms
[3464.477s][info][gc,phases      ] GC(780)   Other: 0.86ms
[3464.477s][info][gc,heap        ] GC(780) Eden regions: 1120->0(1118)
[3464.477s][info][gc,heap        ] GC(780) Survivor regions: 108->110(154)
[3464.477s][info][gc,heap        ] GC(780) Old regions: 473->504
[3464.477s][info][gc,heap        ] GC(780) Humongous regions: 80->80
[3464.477s][info][gc,metaspace   ] GC(780) Metaspace: 28860K(29312K)->28860K(29312K) NonClass: 23991K(24192K)->23991K(24192K) Class: 4869K(5120K)->4869K(5120K)
[3464.477s][info][gc             ] GC(780) Pause Young (Concurrent Start) (G1 Evacuation Pause) 3560M->1387M(4096M) 119.021ms
[3464.477s][info][gc             ] GC(781) Concurrent Mark Cycle
[3464.477s][info][gc,marking     ] GC(781) Concurrent Scan Root Regions
[3464.477s][info][gc,cpu         ] GC(780) User=0.70s Sys=0.00s Real=0.12s
.[3464.654s][info][gc,marking     ] GC(781) Concurrent Scan Root Regions 176.768ms
[3464.654s][info][gc,marking     ] GC(781) Concurrent Mark
[3464.654s][info][gc,marking     ] GC(781) Concurrent Mark From Roots
[3464.654s][info][gc,task        ] GC(781) Using 2 workers of 2 for marking
.[3465.612s][info][gc,marking     ] GC(781) Concurrent Mark From Roots 957.711ms
[3465.612s][info][gc,marking     ] GC(781) Concurrent Preclean
[3465.612s][info][gc,marking     ] GC(781) Concurrent Preclean 0.116ms
[3465.615s][info][gc,start       ] GC(781) Pause Remark
[3465.621s][info][gc             ] GC(781) Pause Remark 2273M->2273M(4096M) 6.184ms
[3465.621s][info][gc,cpu         ] GC(781) User=0.03s Sys=0.00s Real=0.00s
[3465.622s][info][gc,marking     ] GC(781) Concurrent Mark 968.073ms
[3465.622s][info][gc,marking     ] GC(781) Concurrent Rebuild Remembered Sets and Scrub Regions
[3466.020s][info][gc,marking     ] GC(781) Concurrent Rebuild Remembered Sets and Scrub Regions 397.375ms
[3466.020s][info][gc,start       ] GC(781) Pause Cleanup
[3466.020s][info][gc             ] GC(781) Pause Cleanup 2657M->2657M(4096M) 0.119ms
[3466.020s][info][gc,cpu         ] GC(781) User=0.00s Sys=0.00s Real=0.00s
[3466.020s][info][gc,marking     ] GC(781) Concurrent Clear Claimed Marks
[3466.020s][info][gc,marking     ] GC(781) Concurrent Clear Claimed Marks 0.021ms
[3466.020s][info][gc,marking     ] GC(781) Concurrent Cleanup for Next Mark
[3466.025s][info][gc,marking     ] GC(781) Concurrent Cleanup for Next Mark 4.745ms
[3466.025s][info][gc             ] GC(781) Concurrent Mark Cycle 1547.451ms
.[3467.428s][info][gc,start       ] GC(782) Pause Young (Prepare Mixed) (G1 Evacuation Pause)
[3467.428s][info][gc,task        ] GC(782) Using 6 workers of 6 for evacuation
[3467.547s][info][gc,phases      ] GC(782)   Pre Evacuate Collection Set: 0.32ms
[3467.547s][info][gc,phases      ] GC(782)   Merge Heap Roots: 0.54ms
[3467.547s][info][gc,phases      ] GC(782)   Evacuate Collection Set: 116.20ms
[3467.547s][info][gc,phases      ] GC(782)   Post Evacuate Collection Set: 0.92ms
[3467.547s][info][gc,phases      ] GC(782)   Other: 0.08ms
[3467.547s][info][gc,heap        ] GC(782) Eden regions: 1118->0(1110)
[3467.547s][info][gc,heap        ] GC(782) Survivor regions: 110->110(154)
[3467.547s][info][gc,heap        ] GC(782) Old regions: 504->535
[3467.547s][info][gc,heap        ] GC(782) Humongous regions: 80->80
[3467.547s][info][gc,metaspace   ] GC(782) Metaspace: 28860K(29312K)->28860K(29312K) NonClass: 23991K(24192K)->23991K(24192K) Class: 4869K(5120K)->4869K(5120K)
[3467.547s][info][gc             ] GC(782) Pause Young (Prepare Mixed) (G1 Evacuation Pause) 3623M->1448M(4096M) 118.194ms
[3467.547s][info][gc,cpu         ] GC(782) User=0.70s Sys=0.00s Real=0.12s
...[3470.488s][info][gc,start       ] GC(783) Pause Young (Mixed) (G1 Evacuation Pause)
[3470.488s][info][gc,task        ] GC(783) Using 6 workers of 6 for evacuation
[3470.624s][info][gc,phases      ] GC(783)   Pre Evacuate Collection Set: 0.36ms
[3470.624s][info][gc,phases      ] GC(783)   Merge Heap Roots: 0.74ms
[3470.624s][info][gc,phases      ] GC(783)   Evacuate Collection Set: 134.15ms
[3470.624s][info][gc,phases      ] GC(783)   Post Evacuate Collection Set: 0.96ms
[3470.624s][info][gc,phases      ] GC(783)   Other: 0.09ms
[3470.624s][info][gc,heap        ] GC(783) Eden regions: 1110->0(1118)
[3470.624s][info][gc,heap        ] GC(783) Survivor regions: 110->110(153)
[3470.624s][info][gc,heap        ] GC(783) Old regions: 535->473
[3470.624s][info][gc,heap        ] GC(783) Humongous regions: 80->80
[3470.624s][info][gc,metaspace   ] GC(783) Metaspace: 28860K(29312K)->28860K(29312K) NonClass: 23991K(24192K)->23991K(24192K) Class: 4869K(5120K)->4869K(5120K)
[3470.624s][info][gc             ] GC(783) Pause Young (Mixed) (G1 Evacuation Pause) 3668M->1324M(4096M) 136.426ms
[3470.624s][info][gc,cpu         ] GC(783) User=0.80s Sys=0.00s Real=0.14s
...[3473.586s][info][gc,start       ] GC(784) Pause Young (Concurrent Start) (G1 Evacuation Pause)
[3473.586s][info][gc,task        ] GC(784) Using 6 workers of 6 for evacuation
[3473.703s][info][gc,phases      ] GC(784)   Pre Evacuate Collection Set: 0.39ms
[3473.703s][info][gc,phases      ] GC(784)   Merge Heap Roots: 0.47ms
[3473.703s][info][gc,phases      ] GC(784)   Evacuate Collection Set: 115.19ms
[3473.703s][info][gc,phases      ] GC(784)   Post Evacuate Collection Set: 0.89ms
[3473.703s][info][gc,phases      ] GC(784)   Other: 0.10ms
[3473.703s][info][gc,heap        ] GC(784) Eden regions: 1118->0(1119)
[3473.703s][info][gc,heap        ] GC(784) Survivor regions: 110->109(154)
[3473.703s][info][gc,heap        ] GC(784) Old regions: 473->505
[3473.703s][info][gc,heap        ] GC(784) Humongous regions: 80->80
[3473.703s][info][gc,metaspace   ] GC(784) Metaspace: 28860K(29312K)->28860K(29312K) NonClass: 23991K(24192K)->23991K(24192K) Class: 4869K(5120K)->4869K(5120K)
[3473.703s][info][gc             ] GC(784) Pause Young (Concurrent Start) (G1 Evacuation Pause) 3560M->1386M(4096M) 117.214ms
[3473.703s][info][gc             ] GC(785) Concurrent Mark Cycle
[3473.703s][info][gc,marking     ] GC(785) Concurrent Scan Root Regions
[3473.703s][info][gc,cpu         ] GC(784) User=0.69s Sys=0.00s Real=0.12s
.[3473.883s][info][gc,marking     ] GC(785) Concurrent Scan Root Regions 180.015ms
[3473.883s][info][gc,marking     ] GC(785) Concurrent Mark
[3473.883s][info][gc,marking     ] GC(785) Concurrent Mark From Roots
[3473.883s][info][gc,task        ] GC(785) Using 2 workers of 2 for marking
.[3474.720s][info][gc,marking     ] GC(785) Concurrent Mark From Roots 836.505ms
[3474.720s][info][gc,marking     ] GC(785) Concurrent Preclean
[3474.720s][info][gc,marking     ] GC(785) Concurrent Preclean 0.110ms
[3474.720s][info][gc,start       ] GC(785) Pause Remark
[3474.726s][info][gc             ] GC(785) Pause Remark 2180M->2180M(4096M) 6.255ms
[3474.726s][info][gc,cpu         ] GC(785) User=0.03s Sys=0.00s Real=0.01s
[3474.726s][info][gc,marking     ] GC(785) Concurrent Mark 843.169ms
[3474.726s][info][gc,marking     ] GC(785) Concurrent Rebuild Remembered Sets and Scrub Regions
[3475.093s][info][gc,marking     ] GC(785) Concurrent Rebuild Remembered Sets and Scrub Regions 367.196ms
[3475.094s][info][gc,start       ] GC(785) Pause Cleanup
[3475.094s][info][gc             ] GC(785) Pause Cleanup 2500M->2500M(4096M) 0.118ms
[3475.094s][info][gc,cpu         ] GC(785) User=0.00s Sys=0.00s Real=0.00s
[3475.094s][info][gc,marking     ] GC(785) Concurrent Clear Claimed Marks
[3475.094s][info][gc,marking     ] GC(785) Concurrent Clear Claimed Marks 0.033ms
[3475.094s][info][gc,marking     ] GC(785) Concurrent Cleanup for Next Mark
[3475.099s][info][gc,marking     ] GC(785) Concurrent Cleanup for Next Mark 5.153ms
[3475.100s][info][gc             ] GC(785) Concurrent Mark Cycle 1396.576ms
..[3476.732s][info][gc,start       ] GC(786) Pause Young (Prepare Mixed) (G1 Evacuation Pause)
[3476.732s][info][gc,task        ] GC(786) Using 6 workers of 6 for evacuation
[3476.852s][info][gc,phases      ] GC(786)   Pre Evacuate Collection Set: 0.35ms
[3476.852s][info][gc,phases      ] GC(786)   Merge Heap Roots: 0.50ms
[3476.852s][info][gc,phases      ] GC(786)   Evacuate Collection Set: 118.79ms
[3476.852s][info][gc,phases      ] GC(786)   Post Evacuate Collection Set: 0.92ms
[3476.852s][info][gc,phases      ] GC(786)   Other: 0.09ms
[3476.852s][info][gc,heap        ] GC(786) Eden regions: 1119->0(1102)
[3476.852s][info][gc,heap        ] GC(786) Survivor regions: 109->113(154)
[3476.852s][info][gc,heap        ] GC(786) Old regions: 505->537
[3476.852s][info][gc,heap        ] GC(786) Humongous regions: 80->80
[3476.852s][info][gc,metaspace   ] GC(786) Metaspace: 28860K(29312K)->28860K(29312K) NonClass: 23991K(24192K)->23991K(24192K) Class: 4869K(5120K)->4869K(5120K)
[3476.852s][info][gc             ] GC(786) Pause Young (Prepare Mixed) (G1 Evacuation Pause) 3624M->1457M(4096M) 120.778ms
[3476.852s][info][gc,cpu         ] GC(786) User=0.71s Sys=0.00s Real=0.13s
...[3479.735s][info][gc,start       ] GC(787) Pause Young (Mixed) (G1 Evacuation Pause)
[3479.735s][info][gc,task        ] GC(787) Using 6 workers of 6 for evacuation
[3479.871s][info][gc,phases      ] GC(787)   Pre Evacuate Collection Set: 0.37ms
[3479.871s][info][gc,phases      ] GC(787)   Merge Heap Roots: 0.64ms
[3479.871s][info][gc,phases      ] GC(787)   Evacuate Collection Set: 134.08ms
[3479.871s][info][gc,phases      ] GC(787)   Post Evacuate Collection Set: 0.95ms
[3479.871s][info][gc,phases      ] GC(787)   Other: 0.09ms
[3479.871s][info][gc,heap        ] GC(787) Eden regions: 1102->0(1114)
[3479.871s][info][gc,heap        ] GC(787) Survivor regions: 113->114(152)
[3479.871s][info][gc,heap        ] GC(787) Old regions: 537->474
[3479.871s][info][gc,heap        ] GC(787) Humongous regions: 80->80
[3479.871s][info][gc,metaspace   ] GC(787) Metaspace: 28860K(29312K)->28860K(29312K) NonClass: 23991K(24192K)->23991K(24192K) Class: 4869K(5120K)->4869K(5120K)
[3479.871s][info][gc             ] GC(787) Pause Young (Mixed) (G1 Evacuation Pause) 3661M->1335M(4096M) 136.277ms
[3479.871s][info][gc,cpu         ] GC(787) User=0.81s Sys=0.00s Real=0.13s
...[3482.867s][info][gc,start       ] GC(788) Pause Young (Concurrent Start) (G1 Evacuation Pause)
[3482.867s][info][gc,task        ] GC(788) Using 6 workers of 6 for evacuation
[3482.987s][info][gc,phases      ] GC(788)   Pre Evacuate Collection Set: 0.39ms
[3482.987s][info][gc,phases      ] GC(788)   Merge Heap Roots: 0.48ms
[3482.987s][info][gc,phases      ] GC(788)   Evacuate Collection Set: 117.93ms
[3482.987s][info][gc,phases      ] GC(788)   Post Evacuate Collection Set: 0.87ms
[3482.987s][info][gc,phases      ] GC(788)   Other: 0.11ms
[3482.987s][info][gc,heap        ] GC(788) Eden regions: 1114->0(1116)
[3482.987s][info][gc,heap        ] GC(788) Survivor regions: 114->112(154)
[3482.987s][info][gc,heap        ] GC(788) Old regions: 474->506
[3482.987s][info][gc,heap        ] GC(788) Humongous regions: 80->80
[3482.987s][info][gc,metaspace   ] GC(788) Metaspace: 28860K(29312K)->28860K(29312K) NonClass: 23991K(24192K)->23991K(24192K) Class: 4869K(5120K)->4869K(5120K)
[3482.987s][info][gc             ] GC(788) Pause Young (Concurrent Start) (G1 Evacuation Pause) 3563M->1394M(4096M) 119.914ms
[3482.987s][info][gc             ] GC(789) Concurrent Mark Cycle
[3482.987s][info][gc,marking     ] GC(789) Concurrent Scan Root Regions
[3482.987s][info][gc,cpu         ] GC(788) User=0.71s Sys=0.00s Real=0.12s
[3483.168s][info][gc,marking     ] GC(789) Concurrent Scan Root Regions 181.210ms
[3483.168s][info][gc,marking     ] GC(789) Concurrent Mark
[3483.168s][info][gc,marking     ] GC(789) Concurrent Mark From Roots
[3483.168s][info][gc,task        ] GC(789) Using 2 workers of 2 for marking
.[3484.168s][info][gc,marking     ] GC(789) Concurrent Mark From Roots 1000.034ms
[3484.168s][info][gc,marking     ] GC(789) Concurrent Preclean
[3484.169s][info][gc,marking     ] GC(789) Concurrent Preclean 0.094ms
[3484.169s][info][gc,start       ] GC(789) Pause Remark
[3484.175s][info][gc             ] GC(789) Pause Remark 2341M->2341M(4096M) 6.606ms
[3484.175s][info][gc,cpu         ] GC(789) User=0.03s Sys=0.00s Real=0.01s
[3484.175s][info][gc,marking     ] GC(789) Concurrent Mark 1007.006ms
[3484.175s][info][gc,marking     ] GC(789) Concurrent Rebuild Remembered Sets and Scrub Regions
[3484.414s][info][gc,marking     ] GC(789) Concurrent Rebuild Remembered Sets and Scrub Regions 238.932ms
[3484.415s][info][gc,start       ] GC(789) Pause Cleanup
[3484.415s][info][gc             ] GC(789) Pause Cleanup 2502M->2502M(4096M) 0.109ms
[3484.415s][info][gc,cpu         ] GC(789) User=0.00s Sys=0.00s Real=0.00s
[3484.415s][info][gc,marking     ] GC(789) Concurrent Clear Claimed Marks
[3484.415s][info][gc,marking     ] GC(789) Concurrent Clear Claimed Marks 0.020ms
[3484.415s][info][gc,marking     ] GC(789) Concurrent Cleanup for Next Mark
[3484.419s][info][gc,marking     ] GC(789) Concurrent Cleanup for Next Mark 3.828ms
[3484.419s][info][gc             ] GC(789) Concurrent Mark Cycle 1431.498ms
..[3485.932s][info][gc,start       ] GC(790) Pause Young (Prepare Mixed) (G1 Evacuation Pause)
[3485.932s][info][gc,task        ] GC(790) Using 6 workers of 6 for evacuation
[3486.051s][info][gc,phases      ] GC(790)   Pre Evacuate Collection Set: 0.33ms
[3486.051s][info][gc,phases      ] GC(790)   Merge Heap Roots: 0.56ms
[3486.051s][info][gc,phases      ] GC(790)   Evacuate Collection Set: 117.08ms
[3486.051s][info][gc,phases      ] GC(790)   Post Evacuate Collection Set: 0.91ms
[3486.051s][info][gc,phases      ] GC(790)   Other: 0.10ms
[3486.051s][info][gc,heap        ] GC(790) Eden regions: 1116->0(1103)
[3486.051s][info][gc,heap        ] GC(790) Survivor regions: 112->112(154)
[3486.051s][info][gc,heap        ] GC(790) Old regions: 506->538
[3486.051s][info][gc,heap        ] GC(790) Humongous regions: 80->80
[3486.051s][info][gc,metaspace   ] GC(790) Metaspace: 28860K(29312K)->28860K(29312K) NonClass: 23991K(24192K)->23991K(24192K) Class: 4869K(5120K)->4869K(5120K)
[3486.051s][info][gc             ] GC(790) Pause Young (Prepare Mixed) (G1 Evacuation Pause) 3626M->1458M(4096M) 119.147ms
[3486.051s][info][gc,cpu         ] GC(790) User=0.70s Sys=0.00s Real=0.12s
...[3489.013s][info][gc,start       ] GC(791) Pause Young (Mixed) (G1 Evacuation Pause)
[3489.013s][info][gc,task        ] GC(791) Using 6 workers of 6 for evacuation
[3489.145s][info][gc,phases      ] GC(791)   Pre Evacuate Collection Set: 0.38ms
[3489.145s][info][gc,phases      ] GC(791)   Merge Heap Roots: 0.62ms
[3489.145s][info][gc,phases      ] GC(791)   Evacuate Collection Set: 130.60ms
[3489.145s][info][gc,phases      ] GC(791)   Post Evacuate Collection Set: 0.95ms
[3489.146s][info][gc,phases      ] GC(791)   Other: 0.09ms
[3489.146s][info][gc,heap        ] GC(791) Eden regions: 1103->0(1120)
[3489.146s][info][gc,heap        ] GC(791) Survivor regions: 112->108(152)
[3489.146s][info][gc,heap        ] GC(791) Old regions: 538->475
[3489.146s][info][gc,heap        ] GC(791) Humongous regions: 80->80
[3489.146s][info][gc,metaspace   ] GC(791) Metaspace: 28860K(29312K)->28860K(29312K) NonClass: 23991K(24192K)->23991K(24192K) Class: 4869K(5120K)->4869K(5120K)
[3489.146s][info][gc             ] GC(791) Pause Young (Mixed) (G1 Evacuation Pause) 3664M->1324M(4096M) 132.755ms
[3489.146s][info][gc,cpu         ] GC(791) User=0.78s Sys=0.00s Real=0.13s
...[3492.151s][info][gc,start       ] GC(792) Pause Young (Concurrent Start) (G1 Evacuation Pause)
[3492.151s][info][gc,task        ] GC(792) Using 6 workers of 6 for evacuation
[3492.270s][info][gc,phases      ] GC(792)   Pre Evacuate Collection Set: 0.39ms
[3492.270s][info][gc,phases      ] GC(792)   Merge Heap Roots: 0.45ms
[3492.270s][info][gc,phases      ] GC(792)   Evacuate Collection Set: 117.39ms
[3492.270s][info][gc,phases      ] GC(792)   Post Evacuate Collection Set: 0.89ms
[3492.270s][info][gc,phases      ] GC(792)   Other: 0.11ms
[3492.270s][info][gc,heap        ] GC(792) Eden regions: 1120->0(1117)
[3492.270s][info][gc,heap        ] GC(792) Survivor regions: 108->111(154)
[3492.270s][info][gc,heap        ] GC(792) Old regions: 475->506
[3492.270s][info][gc,heap        ] GC(792) Humongous regions: 80->80
[3492.270s][info][gc,metaspace   ] GC(792) Metaspace: 28860K(29312K)->28860K(29312K) NonClass: 23991K(24192K)->23991K(24192K) Class: 4869K(5120K)->4869K(5120K)
[3492.270s][info][gc             ] GC(792) Pause Young (Concurrent Start) (G1 Evacuation Pause) 3564M->1392M(4096M) 119.351ms
[3492.270s][info][gc             ] GC(793) Concurrent Mark Cycle
[3492.270s][info][gc,marking     ] GC(793) Concurrent Scan Root Regions
[3492.270s][info][gc,cpu         ] GC(792) User=0.71s Sys=0.00s Real=0.12s
[3492.407s][info][gc,marking     ] GC(793) Concurrent Scan Root Regions 136.708ms
[3492.407s][info][gc,marking     ] GC(793) Concurrent Mark
[3492.407s][info][gc,marking     ] GC(793) Concurrent Mark From Roots
[3492.407s][info][gc,task        ] GC(793) Using 2 workers of 2 for marking
.[3493.110s][info][gc,marking     ] GC(793) Concurrent Mark From Roots 702.942ms
[3493.110s][info][gc,marking     ] GC(793) Concurrent Preclean
[3493.110s][info][gc,marking     ] GC(793) Concurrent Preclean 0.140ms
[3493.112s][info][gc,start       ] GC(793) Pause Remark
[3493.118s][info][gc             ] GC(793) Pause Remark 2054M->2054M(4096M) 5.484ms
[3493.118s][info][gc,cpu         ] GC(793) User=0.03s Sys=0.00s Real=0.00s
[3493.119s][info][gc,marking     ] GC(793) Concurrent Mark 711.762ms
[3493.119s][info][gc,marking     ] GC(793) Concurrent Rebuild Remembered Sets and Scrub Regions
[3493.482s][info][gc,marking     ] GC(793) Concurrent Rebuild Remembered Sets and Scrub Regions 363.190ms
[3493.483s][info][gc,start       ] GC(793) Pause Cleanup
[3493.483s][info][gc             ] GC(793) Pause Cleanup 2365M->2365M(4096M) 0.117ms
[3493.483s][info][gc,cpu         ] GC(793) User=0.00s Sys=0.00s Real=0.00s
[3493.485s][info][gc,marking     ] GC(793) Concurrent Clear Claimed Marks
[3493.485s][info][gc,marking     ] GC(793) Concurrent Clear Claimed Marks 0.046ms
[3493.485s][info][gc,marking     ] GC(793) Concurrent Cleanup for Next Mark
[3493.490s][info][gc,marking     ] GC(793) Concurrent Cleanup for Next Mark 4.625ms
[3493.490s][info][gc             ] GC(793) Concurrent Mark Cycle 1219.568ms
..[3495.209s][info][gc,start       ] GC(794) Pause Young (Prepare Mixed) (G1 Evacuation Pause)
[3495.209s][info][gc,task        ] GC(794) Using 6 workers of 6 for evacuation
[3495.329s][info][gc,phases      ] GC(794)   Pre Evacuate Collection Set: 0.31ms
[3495.329s][info][gc,phases      ] GC(794)   Merge Heap Roots: 0.53ms
[3495.329s][info][gc,phases      ] GC(794)   Evacuate Collection Set: 117.98ms
[3495.329s][info][gc,phases      ] GC(794)   Post Evacuate Collection Set: 0.93ms
[3495.329s][info][gc,phases      ] GC(794)   Other: 0.09ms
[3495.329s][info][gc,heap        ] GC(794) Eden regions: 1117->0(1107)
[3495.329s][info][gc,heap        ] GC(794) Survivor regions: 111->110(154)
[3495.329s][info][gc,heap        ] GC(794) Old regions: 506->538
[3495.329s][info][gc,heap        ] GC(794) Humongous regions: 80->80
[3495.329s][info][gc,metaspace   ] GC(794) Metaspace: 28860K(29312K)->28860K(29312K) NonClass: 23991K(24192K)->23991K(24192K) Class: 4869K(5120K)->4869K(5120K)
[3495.329s][info][gc             ] GC(794) Pause Young (Prepare Mixed) (G1 Evacuation Pause) 3626M->1455M(4096M) 119.963ms
[3495.329s][info][gc,cpu         ] GC(794) User=0.71s Sys=0.00s Real=0.12s
...[3498.260s][info][gc,start       ] GC(795) Pause Young (Mixed) (G1 Evacuation Pause)
[3498.260s][info][gc,task        ] GC(795) Using 6 workers of 6 for evacuation
[3498.399s][info][gc,phases      ] GC(795)   Pre Evacuate Collection Set: 0.35ms
[3498.399s][info][gc,phases      ] GC(795)   Merge Heap Roots: 0.72ms
[3498.399s][info][gc,phases      ] GC(795)   Evacuate Collection Set: 136.99ms
[3498.399s][info][gc,phases      ] GC(795)   Post Evacuate Collection Set: 0.93ms
[3498.399s][info][gc,phases      ] GC(795)   Other: 0.09ms
[3498.399s][info][gc,heap        ] GC(795) Eden regions: 1107->0(1117)
[3498.399s][info][gc,heap        ] GC(795) Survivor regions: 110->111(153)
[3498.399s][info][gc,heap        ] GC(795) Old regions: 538->474
[3498.399s][info][gc,heap        ] GC(795) Humongous regions: 80->80
[3498.399s][info][gc,metaspace   ] GC(795) Metaspace: 28860K(29312K)->28860K(29312K) NonClass: 23991K(24192K)->23991K(24192K) Class: 4869K(5120K)->4869K(5120K)
[3498.399s][info][gc             ] GC(795) Pause Young (Mixed) (G1 Evacuation Pause) 3669M->1328M(4096M) 139.203ms
[3498.399s][info][gc,cpu         ] GC(795) User=0.82s Sys=0.00s Real=0.14s
...[3501.366s][info][gc,start       ] GC(796) Pause Young (Concurrent Start) (G1 Evacuation Pause)
[3501.366s][info][gc,task        ] GC(796) Using 6 workers of 6 for evacuation
[3501.481s][info][gc,phases      ] GC(796)   Pre Evacuate Collection Set: 0.35ms
[3501.481s][info][gc,phases      ] GC(796)   Merge Heap Roots: 0.49ms
[3501.481s][info][gc,phases      ] GC(796)   Evacuate Collection Set: 113.52ms
[3501.481s][info][gc,phases      ] GC(796)   Post Evacuate Collection Set: 0.90ms
[3501.481s][info][gc,phases      ] GC(796)   Other: 0.12ms
[3501.481s][info][gc,heap        ] GC(796) Eden regions: 1117->0(1120)
[3501.481s][info][gc,heap        ] GC(796) Survivor regions: 111->108(154)
[3501.481s][info][gc,heap        ] GC(796) Old regions: 474->506
[3501.481s][info][gc,heap        ] GC(796) Humongous regions: 80->80
[3501.481s][info][gc,metaspace   ] GC(796) Metaspace: 28860K(29312K)->28860K(29312K) NonClass: 23991K(24192K)->23991K(24192K) Class: 4869K(5120K)->4869K(5120K)
[3501.481s][info][gc             ] GC(796) Pause Young (Concurrent Start) (G1 Evacuation Pause) 3562M->1386M(4096M) 115.532ms
[3501.482s][info][gc             ] GC(797) Concurrent Mark Cycle
[3501.482s][info][gc,marking     ] GC(797) Concurrent Scan Root Regions
[3501.482s][info][gc,cpu         ] GC(796) User=0.68s Sys=0.00s Real=0.11s
[3501.655s][info][gc,marking     ] GC(797) Concurrent Scan Root Regions 173.760ms
[3501.655s][info][gc,marking     ] GC(797) Concurrent Mark
[3501.655s][info][gc,marking     ] GC(797) Concurrent Mark From Roots
[3501.655s][info][gc,task        ] GC(797) Using 2 workers of 2 for marking
.[3502.543s][info][gc,marking     ] GC(797) Concurrent Mark From Roots 888.075ms
[3502.544s][info][gc,marking     ] GC(797) Concurrent Preclean
[3502.544s][info][gc,marking     ] GC(797) Concurrent Preclean 0.108ms
[3502.545s][info][gc,start       ] GC(797) Pause Remark
[3502.551s][info][gc             ] GC(797) Pause Remark 2271M->2271M(4096M) 5.823ms
[3502.551s][info][gc,cpu         ] GC(797) User=0.03s Sys=0.00s Real=0.00s
[3502.553s][info][gc,marking     ] GC(797) Concurrent Mark 897.811ms
[3502.553s][info][gc,marking     ] GC(797) Concurrent Rebuild Remembered Sets and Scrub Regions
[3502.804s][info][gc,marking     ] GC(797) Concurrent Rebuild Remembered Sets and Scrub Regions 250.693ms
[3502.804s][info][gc,start       ] GC(797) Pause Cleanup
[3502.804s][info][gc             ] GC(797) Pause Cleanup 2456M->2456M(4096M) 0.105ms
[3502.804s][info][gc,cpu         ] GC(797) User=0.00s Sys=0.00s Real=0.00s
[3502.804s][info][gc,marking     ] GC(797) Concurrent Clear Claimed Marks
[3502.804s][info][gc,marking     ] GC(797) Concurrent Clear Claimed Marks 0.030ms
[3502.804s][info][gc,marking     ] GC(797) Concurrent Cleanup for Next Mark
[3502.809s][info][gc,marking     ] GC(797) Concurrent Cleanup for Next Mark 4.990ms
[3502.809s][info][gc             ] GC(797) Concurrent Mark Cycle 1327.884ms
..[3504.432s][info][gc,start       ] GC(798) Pause Young (Prepare Mixed) (G1 Evacuation Pause)
[3504.432s][info][gc,task        ] GC(798) Using 6 workers of 6 for evacuation
[3504.551s][info][gc,phases      ] GC(798)   Pre Evacuate Collection Set: 0.33ms
[3504.551s][info][gc,phases      ] GC(798)   Merge Heap Roots: 0.54ms
[3504.551s][info][gc,phases      ] GC(798)   Evacuate Collection Set: 117.62ms
[3504.551s][info][gc,phases      ] GC(798)   Post Evacuate Collection Set: 0.95ms
[3504.551s][info][gc,phases      ] GC(798)   Other: 0.09ms
[3504.551s][info][gc,heap        ] GC(798) Eden regions: 1120->0(1106)
[3504.551s][info][gc,heap        ] GC(798) Survivor regions: 108->111(154)
[3504.551s][info][gc,heap        ] GC(798) Old regions: 506->537
[3504.551s][info][gc,heap        ] GC(798) Humongous regions: 80->80
[3504.551s][info][gc,metaspace   ] GC(798) Metaspace: 28860K(29312K)->28860K(29312K) NonClass: 23991K(24192K)->23991K(24192K) Class: 4869K(5120K)->4869K(5120K)
[3504.551s][info][gc             ] GC(798) Pause Young (Prepare Mixed) (G1 Evacuation Pause) 3626M->1455M(4096M) 119.647ms
[3504.551s][info][gc,cpu         ] GC(798) User=0.71s Sys=0.00s Real=0.12s
...[3507.586s][info][gc,start       ] GC(799) Pause Young (Mixed) (G1 Evacuation Pause)
[3507.586s][info][gc,task        ] GC(799) Using 6 workers of 6 for evacuation
[3507.723s][info][gc,phases      ] GC(799)   Pre Evacuate Collection Set: 0.35ms
[3507.723s][info][gc,phases      ] GC(799)   Merge Heap Roots: 0.69ms
[3507.723s][info][gc,phases      ] GC(799)   Evacuate Collection Set: 134.98ms
[3507.723s][info][gc,phases      ] GC(799)   Post Evacuate Collection Set: 0.93ms
[3507.723s][info][gc,phases      ] GC(799)   Other: 0.09ms
[3507.723s][info][gc,heap        ] GC(799) Eden regions: 1106->0(1117)
[3507.723s][info][gc,heap        ] GC(799) Survivor regions: 111->111(153)
[3507.723s][info][gc,heap        ] GC(799) Old regions: 537->474
[3507.723s][info][gc,heap        ] GC(799) Humongous regions: 80->80
[3507.723s][info][gc,metaspace   ] GC(799) Metaspace: 28860K(29312K)->28860K(29312K) NonClass: 23991K(24192K)->23991K(24192K) Class: 4869K(5120K)->4869K(5120K)
[3507.723s][info][gc             ] GC(799) Pause Young (Mixed) (G1 Evacuation Pause) 3667M->1329M(4096M) 137.174ms
[3507.723s][info][gc,cpu         ] GC(799) User=0.81s Sys=0.00s Real=0.14s
... (rIR:aIR:PR = 6088:6091:6091) (tPR = 90355) [OK] 
  3509s: Performance info:
         Transaction,    Success,    Partial,     Failed,   Receipts, AvgBarcode, 
             Overall,     369454,          0,          0,     350967,      59.48, 
         Response times:
             Request,    Success,    Partial,     Failed,   SkipFail,     Probes,    Samples,      min,      p50,      p90,      p95,      p99,      max, 
       TotalPurchase,     350962,          0,          0,          0,     344271,     379386,      300,     5100,    21000,    42000,    95000,   279000,
     InStorePurchase,     184705,          0,          0,          0,     181258,     199426,      300,     4800,    19200,    41000,    94000,   279000,
      OnlinePurchase,     129309,          0,          0,          0,     126973,     139750,      300,     5300,    21000,    43000,    97000,   244000,
        InstPurchase,      36948,          0,          0,          0,      36040,      40210,      400,     5500,    23000,    44000,    97890,   264000,
          AssocOfCat,        366,          0,          0,          0,        289,        406,    26000,    38000,    83600,   124000,   176000,   194000,
      AssocOfProduct,       3710,          0,          0,          0,       3390,       3965,      600,     3900,    16340,    37000,    90340,   170000,
      BusinessReport,        922,          0,          0,          0,        786,       1003,    19900,    45000,    97600,   142600,   189960,   251000,
          CustBuyBeh,       3695,          0,          0,          0,       3456,       4039,      700,     5400,    22000,    41000,    94600,   170000,
       ProductReturn,       9794,          0,          0,          0,       9396,      10715,      200,     4800,    21000,    40000,    99000,   154000,

  3509s: (45%)   IR =   6227 [3510.583s][info][gc,start       ] GC(800) Pause Young (Concurrent Start) (G1 Evacuation Pause)
[3510.583s][info][gc,task        ] GC(800) Using 6 workers of 6 for evacuation
[3510.700s][info][gc,phases      ] GC(800)   Pre Evacuate Collection Set: 0.38ms
[3510.700s][info][gc,phases      ] GC(800)   Merge Heap Roots: 0.49ms
[3510.700s][info][gc,phases      ] GC(800)   Evacuate Collection Set: 115.29ms
[3510.700s][info][gc,phases      ] GC(800)   Post Evacuate Collection Set: 0.90ms
[3510.700s][info][gc,phases      ] GC(800)   Other: 0.09ms
[3510.700s][info][gc,heap        ] GC(800) Eden regions: 1117->0(1118)
[3510.700s][info][gc,heap        ] GC(800) Survivor regions: 111->110(154)
[3510.700s][info][gc,heap        ] GC(800) Old regions: 474->506
[3510.700s][info][gc,heap        ] GC(800) Humongous regions: 80->80
[3510.700s][info][gc,metaspace   ] GC(800) Metaspace: 28860K(29312K)->28860K(29312K) NonClass: 23991K(24192K)->23991K(24192K) Class: 4869K(5120K)->4869K(5120K)
[3510.700s][info][gc             ] GC(800) Pause Young (Concurrent Start) (G1 Evacuation Pause) 3563M->1389M(4096M) 117.280ms
[3510.700s][info][gc             ] GC(801) Concurrent Mark Cycle
[3510.700s][info][gc,marking     ] GC(801) Concurrent Scan Root Regions
[3510.700s][info][gc,cpu         ] GC(800) User=0.69s Sys=0.00s Real=0.11s
[3510.867s][info][gc,marking     ] GC(801) Concurrent Scan Root Regions 166.590ms
[3510.867s][info][gc,marking     ] GC(801) Concurrent Mark
[3510.867s][info][gc,marking     ] GC(801) Concurrent Mark From Roots
[3510.867s][info][gc,task        ] GC(801) Using 2 workers of 2 for marking
.[3511.533s][info][gc,marking     ] GC(801) Concurrent Mark From Roots 666.738ms
[3511.533s][info][gc,marking     ] GC(801) Concurrent Preclean
[3511.534s][info][gc,marking     ] GC(801) Concurrent Preclean 0.151ms
[3511.534s][info][gc,start       ] GC(801) Pause Remark
[3511.539s][info][gc             ] GC(801) Pause Remark 2029M->2029M(4096M) 4.761ms
[3511.539s][info][gc,cpu         ] GC(801) User=0.03s Sys=0.00s Real=0.00s
[3511.540s][info][gc,marking     ] GC(801) Concurrent Mark 673.800ms
[3511.540s][info][gc,marking     ] GC(801) Concurrent Rebuild Remembered Sets and Scrub Regions
[3511.791s][info][gc,marking     ] GC(801) Concurrent Rebuild Remembered Sets and Scrub Regions 250.671ms
[3511.791s][info][gc,start       ] GC(801) Pause Cleanup
[3511.791s][info][gc             ] GC(801) Pause Cleanup 2221M->2221M(4096M) 0.108ms
[3511.791s][info][gc,cpu         ] GC(801) User=0.00s Sys=0.00s Real=0.00s
[3511.792s][info][gc,marking     ] GC(801) Concurrent Clear Claimed Marks
[3511.792s][info][gc,marking     ] GC(801) Concurrent Clear Claimed Marks 0.026ms
[3511.792s][info][gc,marking     ] GC(801) Concurrent Cleanup for Next Mark
[3511.796s][info][gc,marking     ] GC(801) Concurrent Cleanup for Next Mark 4.545ms
[3511.796s][info][gc             ] GC(801) Concurrent Mark Cycle 1096.225ms
..[3513.602s][info][gc,start       ] GC(802) Pause Young (Prepare Mixed) (G1 Evacuation Pause)
[3513.602s][info][gc,task        ] GC(802) Using 6 workers of 6 for evacuation
[3513.719s][info][gc,phases      ] GC(802)   Pre Evacuate Collection Set: 0.34ms
[3513.719s][info][gc,phases      ] GC(802)   Merge Heap Roots: 0.51ms
[3513.719s][info][gc,phases      ] GC(802)   Evacuate Collection Set: 115.58ms
[3513.719s][info][gc,phases      ] GC(802)   Post Evacuate Collection Set: 0.92ms
[3513.719s][info][gc,phases      ] GC(802)   Other: 0.09ms
[3513.719s][info][gc,heap        ] GC(802) Eden regions: 1118->0(1110)
[3513.719s][info][gc,heap        ] GC(802) Survivor regions: 110->109(154)
[3513.719s][info][gc,heap        ] GC(802) Old regions: 506->537
[3513.719s][info][gc,heap        ] GC(802) Humongous regions: 80->80
[3513.719s][info][gc,metaspace   ] GC(802) Metaspace: 28860K(29312K)->28860K(29312K) NonClass: 23991K(24192K)->23991K(24192K) Class: 4869K(5120K)->4869K(5120K)
[3513.719s][info][gc             ] GC(802) Pause Young (Prepare Mixed) (G1 Evacuation Pause) 3625M->1450M(4096M) 117.574ms
[3513.719s][info][gc,cpu         ] GC(802) User=0.69s Sys=0.00s Real=0.12s
...[3516.617s][info][gc,start       ] GC(803) Pause Young (Mixed) (G1 Evacuation Pause)
[3516.617s][info][gc,task        ] GC(803) Using 6 workers of 6 for evacuation
[3516.749s][info][gc,phases      ] GC(803)   Pre Evacuate Collection Set: 0.38ms
[3516.749s][info][gc,phases      ] GC(803)   Merge Heap Roots: 0.62ms
[3516.749s][info][gc,phases      ] GC(803)   Evacuate Collection Set: 129.15ms
[3516.749s][info][gc,phases      ] GC(803)   Post Evacuate Collection Set: 0.94ms
[3516.749s][info][gc,phases      ] GC(803)   Other: 0.09ms
[3516.749s][info][gc,heap        ] GC(803) Eden regions: 1110->0(1119)
[3516.749s][info][gc,heap        ] GC(803) Survivor regions: 109->109(153)
[3516.749s][info][gc,heap        ] GC(803) Old regions: 537->474
[3516.749s][info][gc,heap        ] GC(803) Humongous regions: 80->80
[3516.749s][info][gc,metaspace   ] GC(803) Metaspace: 28860K(29312K)->28860K(29312K) NonClass: 23991K(24192K)->23991K(24192K) Class: 4869K(5120K)->4869K(5120K)
[3516.749s][info][gc             ] GC(803) Pause Young (Mixed) (G1 Evacuation Pause) 3670M->1324M(4096M) 131.326ms
[3516.749s][info][gc,cpu         ] GC(803) User=0.77s Sys=0.00s Real=0.13s
.|..[3519.664s][info][gc,start       ] GC(804) Pause Young (Concurrent Start) (G1 Evacuation Pause)
[3519.664s][info][gc,task        ] GC(804) Using 6 workers of 6 for evacuation
[3519.782s][info][gc,phases      ] GC(804)   Pre Evacuate Collection Set: 0.38ms
[3519.782s][info][gc,phases      ] GC(804)   Merge Heap Roots: 0.47ms
[3519.782s][info][gc,phases      ] GC(804)   Evacuate Collection Set: 115.45ms
[3519.782s][info][gc,phases      ] GC(804)   Post Evacuate Collection Set: 0.90ms
[3519.782s][info][gc,phases      ] GC(804)   Other: 0.10ms
[3519.782s][info][gc,heap        ] GC(804) Eden regions: 1119->0(1119)
[3519.782s][info][gc,heap        ] GC(804) Survivor regions: 109->109(154)
[3519.782s][info][gc,heap        ] GC(804) Old regions: 474->505
[3519.782s][info][gc,heap        ] GC(804) Humongous regions: 80->80
[3519.782s][info][gc,metaspace   ] GC(804) Metaspace: 28860K(29312K)->28860K(29312K) NonClass: 23991K(24192K)->23991K(24192K) Class: 4869K(5120K)->4869K(5120K)
[3519.782s][info][gc             ] GC(804) Pause Young (Concurrent Start) (G1 Evacuation Pause) 3562M->1386M(4096M) 117.446ms
[3519.782s][info][gc             ] GC(805) Concurrent Mark Cycle
[3519.782s][info][gc,marking     ] GC(805) Concurrent Scan Root Regions
[3519.782s][info][gc,cpu         ] GC(804) User=0.69s Sys=0.00s Real=0.11s
.[3519.945s][info][gc,marking     ] GC(805) Concurrent Scan Root Regions 163.382ms
[3519.945s][info][gc,marking     ] GC(805) Concurrent Mark
[3519.945s][info][gc,marking     ] GC(805) Concurrent Mark From Roots
[3519.945s][info][gc,task        ] GC(805) Using 2 workers of 2 for marking
[3520.681s][info][gc,marking     ] GC(805) Concurrent Mark From Roots 735.512ms
[3520.681s][info][gc,marking     ] GC(805) Concurrent Preclean
[3520.681s][info][gc,marking     ] GC(805) Concurrent Preclean 0.154ms
[3520.682s][info][gc,start       ] GC(805) Pause Remark
[3520.688s][info][gc             ] GC(805) Pause Remark 2130M->2130M(4096M) 5.901ms
[3520.688s][info][gc,cpu         ] GC(805) User=0.03s Sys=0.00s Real=0.01s
[3520.688s][info][gc,marking     ] GC(805) Concurrent Mark 742.942ms
[3520.688s][info][gc,marking     ] GC(805) Concurrent Rebuild Remembered Sets and Scrub Regions
[3520.947s][info][gc,marking     ] GC(805) Concurrent Rebuild Remembered Sets and Scrub Regions 258.906ms
[3520.948s][info][gc,start       ] GC(805) Pause Cleanup
[3520.948s][info][gc             ] GC(805) Pause Cleanup 2344M->2344M(4096M) 0.116ms
[3520.948s][info][gc,cpu         ] GC(805) User=0.00s Sys=0.00s Real=0.00s
[3520.948s][info][gc,marking     ] GC(805) Concurrent Clear Claimed Marks
[3520.948s][info][gc,marking     ] GC(805) Concurrent Clear Claimed Marks 0.031ms
[3520.948s][info][gc,marking     ] GC(805) Concurrent Cleanup for Next Mark
[3520.953s][info][gc,marking     ] GC(805) Concurrent Cleanup for Next Mark 5.180ms
[3520.953s][info][gc             ] GC(805) Concurrent Mark Cycle 1171.521ms
..[3522.690s][info][gc,start       ] GC(806) Pause Young (Prepare Mixed) (G1 Evacuation Pause)
[3522.690s][info][gc,task        ] GC(806) Using 6 workers of 6 for evacuation
[3522.809s][info][gc,phases      ] GC(806)   Pre Evacuate Collection Set: 0.36ms
[3522.809s][info][gc,phases      ] GC(806)   Merge Heap Roots: 0.53ms
[3522.809s][info][gc,phases      ] GC(806)   Evacuate Collection Set: 116.54ms
[3522.809s][info][gc,phases      ] GC(806)   Post Evacuate Collection Set: 0.89ms
[3522.809s][info][gc,phases      ] GC(806)   Other: 0.08ms
[3522.809s][info][gc,heap        ] GC(806) Eden regions: 1119->0(1108)
[3522.809s][info][gc,heap        ] GC(806) Survivor regions: 109->110(154)
[3522.809s][info][gc,heap        ] GC(806) Old regions: 505->537
[3522.809s][info][gc,heap        ] GC(806) Humongous regions: 80->80
[3522.809s][info][gc,metaspace   ] GC(806) Metaspace: 28860K(29312K)->28860K(29312K) NonClass: 23991K(24192K)->23991K(24192K) Class: 4869K(5120K)->4869K(5120K)
[3522.809s][info][gc             ] GC(806) Pause Young (Prepare Mixed) (G1 Evacuation Pause) 3624M->1451M(4096M) 118.540ms
[3522.809s][info][gc,cpu         ] GC(806) User=0.70s Sys=0.00s Real=0.12s
...[3525.672s][info][gc,start       ] GC(807) Pause Young (Mixed) (G1 Evacuation Pause)
[3525.672s][info][gc,task        ] GC(807) Using 6 workers of 6 for evacuation
[3525.805s][info][gc,phases      ] GC(807)   Pre Evacuate Collection Set: 0.39ms
[3525.805s][info][gc,phases      ] GC(807)   Merge Heap Roots: 0.64ms
[3525.805s][info][gc,phases      ] GC(807)   Evacuate Collection Set: 130.78ms
[3525.805s][info][gc,phases      ] GC(807)   Post Evacuate Collection Set: 0.97ms
[3525.805s][info][gc,phases      ] GC(807)   Other: 0.09ms
[3525.805s][info][gc,heap        ] GC(807) Eden regions: 1108->0(1118)
[3525.805s][info][gc,heap        ] GC(807) Survivor regions: 110->110(153)
[3525.805s][info][gc,heap        ] GC(807) Old regions: 537->472
[3525.805s][info][gc,heap        ] GC(807) Humongous regions: 80->80
[3525.805s][info][gc,metaspace   ] GC(807) Metaspace: 28860K(29312K)->28860K(29312K) NonClass: 23991K(24192K)->23991K(24192K) Class: 4869K(5120K)->4869K(5120K)
[3525.805s][info][gc             ] GC(807) Pause Young (Mixed) (G1 Evacuation Pause) 3667M->1323M(4096M) 133.011ms
[3525.805s][info][gc,cpu         ] GC(807) User=0.79s Sys=0.00s Real=0.13s
...[3528.702s][info][gc,start       ] GC(808) Pause Young (Concurrent Start) (G1 Evacuation Pause)
[3528.702s][info][gc,task        ] GC(808) Using 6 workers of 6 for evacuation
[3528.821s][info][gc,phases      ] GC(808)   Pre Evacuate Collection Set: 0.39ms
[3528.821s][info][gc,phases      ] GC(808)   Merge Heap Roots: 0.46ms
[3528.821s][info][gc,phases      ] GC(808)   Evacuate Collection Set: 116.38ms
[3528.821s][info][gc,phases      ] GC(808)   Post Evacuate Collection Set: 0.86ms
[3528.821s][info][gc,phases      ] GC(808)   Other: 0.10ms
[3528.821s][info][gc,heap        ] GC(808) Eden regions: 1118->0(1118)
[3528.821s][info][gc,heap        ] GC(808) Survivor regions: 110->110(154)
[3528.821s][info][gc,heap        ] GC(808) Old regions: 472->505
[3528.821s][info][gc,heap        ] GC(808) Humongous regions: 80->80
[3528.821s][info][gc,metaspace   ] GC(808) Metaspace: 28860K(29312K)->28860K(29312K) NonClass: 23991K(24192K)->23991K(24192K) Class: 4869K(5120K)->4869K(5120K)
[3528.821s][info][gc             ] GC(808) Pause Young (Concurrent Start) (G1 Evacuation Pause) 3559M->1388M(4096M) 118.325ms
[3528.821s][info][gc             ] GC(809) Concurrent Mark Cycle
[3528.821s][info][gc,marking     ] GC(809) Concurrent Scan Root Regions
[3528.821s][info][gc,cpu         ] GC(808) User=0.70s Sys=0.00s Real=0.11s
[3528.998s][info][gc,marking     ] GC(809) Concurrent Scan Root Regions 177.377ms
[3528.998s][info][gc,marking     ] GC(809) Concurrent Mark
[3528.998s][info][gc,marking     ] GC(809) Concurrent Mark From Roots
[3528.998s][info][gc,task        ] GC(809) Using 2 workers of 2 for marking
.[3529.944s][info][gc,marking     ] GC(809) Concurrent Mark From Roots 946.243ms
[3529.945s][info][gc,marking     ] GC(809) Concurrent Preclean
[3529.945s][info][gc,marking     ] GC(809) Concurrent Preclean 0.109ms
[3529.947s][info][gc,start       ] GC(809) Pause Remark
[3529.954s][info][gc             ] GC(809) Pause Remark 2252M->2252M(4096M) 6.958ms
[3529.954s][info][gc,cpu         ] GC(809) User=0.03s Sys=0.00s Real=0.01s
[3529.955s][info][gc,marking     ] GC(809) Concurrent Mark 956.541ms
[3529.955s][info][gc,marking     ] GC(809) Concurrent Rebuild Remembered Sets and Scrub Regions
.[3530.306s][info][gc,marking     ] GC(809) Concurrent Rebuild Remembered Sets and Scrub Regions 350.870ms
[3530.306s][info][gc,start       ] GC(809) Pause Cleanup
[3530.306s][info][gc             ] GC(809) Pause Cleanup 2572M->2572M(4096M) 0.115ms
[3530.306s][info][gc,cpu         ] GC(809) User=0.00s Sys=0.00s Real=0.00s
[3530.306s][info][gc,marking     ] GC(809) Concurrent Clear Claimed Marks
[3530.306s][info][gc,marking     ] GC(809) Concurrent Clear Claimed Marks 0.024ms
[3530.306s][info][gc,marking     ] GC(809) Concurrent Cleanup for Next Mark
[3530.310s][info][gc,marking     ] GC(809) Concurrent Cleanup for Next Mark 3.638ms
[3530.310s][info][gc             ] GC(809) Concurrent Mark Cycle 1488.930ms
.[3531.753s][info][gc,start       ] GC(810) Pause Young (Prepare Mixed) (G1 Evacuation Pause)
[3531.753s][info][gc,task        ] GC(810) Using 6 workers of 6 for evacuation
[3531.872s][info][gc,phases      ] GC(810)   Pre Evacuate Collection Set: 0.33ms
[3531.872s][info][gc,phases      ] GC(810)   Merge Heap Roots: 0.52ms
[3531.872s][info][gc,phases      ] GC(810)   Evacuate Collection Set: 117.16ms
[3531.872s][info][gc,phases      ] GC(810)   Post Evacuate Collection Set: 0.91ms
[3531.872s][info][gc,phases      ] GC(810)   Other: 0.09ms
[3531.872s][info][gc,heap        ] GC(810) Eden regions: 1118->0(1104)
[3531.872s][info][gc,heap        ] GC(810) Survivor regions: 110->112(154)
[3531.872s][info][gc,heap        ] GC(810) Old regions: 505->537
[3531.872s][info][gc,heap        ] GC(810) Humongous regions: 80->80
[3531.872s][info][gc,metaspace   ] GC(810) Metaspace: 28860K(29312K)->28860K(29312K) NonClass: 23991K(24192K)->23991K(24192K) Class: 4869K(5120K)->4869K(5120K)
[3531.872s][info][gc             ] GC(810) Pause Young (Prepare Mixed) (G1 Evacuation Pause) 3624M->1456M(4096M) 119.157ms
[3531.872s][info][gc,cpu         ] GC(810) User=0.71s Sys=0.00s Real=0.11s
...[3534.759s][info][gc,start       ] GC(811) Pause Young (Mixed) (G1 Evacuation Pause)
[3534.759s][info][gc,task        ] GC(811) Using 6 workers of 6 for evacuation
[3534.895s][info][gc,phases      ] GC(811)   Pre Evacuate Collection Set: 0.39ms
[3534.895s][info][gc,phases      ] GC(811)   Merge Heap Roots: 0.65ms
[3534.895s][info][gc,phases      ] GC(811)   Evacuate Collection Set: 133.01ms
[3534.895s][info][gc,phases      ] GC(811)   Post Evacuate Collection Set: 0.98ms
[3534.895s][info][gc,phases      ] GC(811)   Other: 0.09ms
[3534.895s][info][gc,heap        ] GC(811) Eden regions: 1104->0(1116)
[3534.895s][info][gc,heap        ] GC(811) Survivor regions: 112->112(152)
[3534.895s][info][gc,heap        ] GC(811) Old regions: 537->474
[3534.895s][info][gc,heap        ] GC(811) Humongous regions: 80->80
[3534.895s][info][gc,metaspace   ] GC(811) Metaspace: 28860K(29312K)->28860K(29312K) NonClass: 23991K(24192K)->23991K(24192K) Class: 4869K(5120K)->4869K(5120K)
[3534.895s][info][gc             ] GC(811) Pause Young (Mixed) (G1 Evacuation Pause) 3664M->1330M(4096M) 135.242ms
[3534.895s][info][gc,cpu         ] GC(811) User=0.80s Sys=0.00s Real=0.14s
...[3537.782s][info][gc,start       ] GC(812) Pause Young (Concurrent Start) (G1 Evacuation Pause)
[3537.782s][info][gc,task        ] GC(812) Using 6 workers of 6 for evacuation
[3537.904s][info][gc,phases      ] GC(812)   Pre Evacuate Collection Set: 0.34ms
[3537.904s][info][gc,phases      ] GC(812)   Merge Heap Roots: 0.47ms
[3537.904s][info][gc,phases      ] GC(812)   Evacuate Collection Set: 120.77ms
[3537.904s][info][gc,phases      ] GC(812)   Post Evacuate Collection Set: 0.88ms
[3537.904s][info][gc,phases      ] GC(812)   Other: 0.11ms
[3537.904s][info][gc,heap        ] GC(812) Eden regions: 1116->0(1115)
[3537.904s][info][gc,heap        ] GC(812) Survivor regions: 112->113(154)
[3537.904s][info][gc,heap        ] GC(812) Old regions: 474->507
[3537.904s][info][gc,heap        ] GC(812) Humongous regions: 80->80
[3537.904s][info][gc,metaspace   ] GC(812) Metaspace: 28860K(29312K)->28860K(29312K) NonClass: 23991K(24192K)->23991K(24192K) Class: 4869K(5120K)->4869K(5120K)
[3537.904s][info][gc             ] GC(812) Pause Young (Concurrent Start) (G1 Evacuation Pause) 3562M->1398M(4096M) 122.685ms
[3537.904s][info][gc             ] GC(813) Concurrent Mark Cycle
[3537.904s][info][gc,marking     ] GC(813) Concurrent Scan Root Regions
[3537.904s][info][gc,cpu         ] GC(812) User=0.72s Sys=0.00s Real=0.13s
.[3538.090s][info][gc,marking     ] GC(813) Concurrent Scan Root Regions 185.713ms
[3538.090s][info][gc,marking     ] GC(813) Concurrent Mark
[3538.090s][info][gc,marking     ] GC(813) Concurrent Mark From Roots
[3538.090s][info][gc,task        ] GC(813) Using 2 workers of 2 for marking
[3539.003s][info][gc,marking     ] GC(813) Concurrent Mark From Roots 912.531ms
[3539.003s][info][gc,marking     ] GC(813) Concurrent Preclean
[3539.003s][info][gc,marking     ] GC(813) Concurrent Preclean 0.090ms
[3539.004s][info][gc,start       ] GC(813) Pause Remark
[3539.009s][info][gc             ] GC(813) Pause Remark 2293M->2293M(4096M) 5.257ms
[3539.009s][info][gc,cpu         ] GC(813) User=0.03s Sys=0.00s Real=0.00s
[3539.009s][info][gc,marking     ] GC(813) Concurrent Mark 918.977ms
[3539.009s][info][gc,marking     ] GC(813) Concurrent Rebuild Remembered Sets and Scrub Regions
.[3539.255s][info][gc,marking     ] GC(813) Concurrent Rebuild Remembered Sets and Scrub Regions 246.184ms
[3539.255s][info][gc,start       ] GC(813) Pause Cleanup
[3539.256s][info][gc             ] GC(813) Pause Cleanup 2468M->2468M(4096M) 0.112ms
[3539.256s][info][gc,cpu         ] GC(813) User=0.00s Sys=0.00s Real=0.00s
[3539.257s][info][gc,marking     ] GC(813) Concurrent Clear Claimed Marks
[3539.257s][info][gc,marking     ] GC(813) Concurrent Clear Claimed Marks 0.029ms
[3539.257s][info][gc,marking     ] GC(813) Concurrent Cleanup for Next Mark
[3539.262s][info][gc,marking     ] GC(813) Concurrent Cleanup for Next Mark 5.632ms
[3539.262s][info][gc             ] GC(813) Concurrent Mark Cycle 1357.904ms
.[3540.848s][info][gc,start       ] GC(814) Pause Young (Prepare Mixed) (G1 Evacuation Pause)
[3540.848s][info][gc,task        ] GC(814) Using 6 workers of 6 for evacuation
[3540.969s][info][gc,phases      ] GC(814)   Pre Evacuate Collection Set: 0.34ms
[3540.969s][info][gc,phases      ] GC(814)   Merge Heap Roots: 0.59ms
[3540.969s][info][gc,phases      ] GC(814)   Evacuate Collection Set: 119.50ms
[3540.969s][info][gc,phases      ] GC(814)   Post Evacuate Collection Set: 0.93ms
[3540.969s][info][gc,phases      ] GC(814)   Other: 0.09ms
[3540.969s][info][gc,heap        ] GC(814) Eden regions: 1115->0(1101)
[3540.969s][info][gc,heap        ] GC(814) Survivor regions: 113->113(154)
[3540.969s][info][gc,heap        ] GC(814) Old regions: 507->538
[3540.969s][info][gc,heap        ] GC(814) Humongous regions: 80->80
[3540.969s][info][gc,metaspace   ] GC(814) Metaspace: 28860K(29312K)->28860K(29312K) NonClass: 23991K(24192K)->23991K(24192K) Class: 4869K(5120K)->4869K(5120K)
[3540.969s][info][gc             ] GC(814) Pause Young (Prepare Mixed) (G1 Evacuation Pause) 3628M->1460M(4096M) 121.596ms
[3540.969s][info][gc,cpu         ] GC(814) User=0.72s Sys=0.00s Real=0.12s
...[3543.763s][info][gc,start       ] GC(815) Pause Young (Mixed) (G1 Evacuation Pause)
[3543.763s][info][gc,task        ] GC(815) Using 6 workers of 6 for evacuation
[3543.900s][info][gc,phases      ] GC(815)   Pre Evacuate Collection Set: 0.36ms
[3543.900s][info][gc,phases      ] GC(815)   Merge Heap Roots: 0.71ms
[3543.900s][info][gc,phases      ] GC(815)   Evacuate Collection Set: 134.72ms
[3543.900s][info][gc,phases      ] GC(815)   Post Evacuate Collection Set: 0.94ms
[3543.900s][info][gc,phases      ] GC(815)   Other: 0.08ms
[3543.900s][info][gc,heap        ] GC(815) Eden regions: 1101->0(1116)
[3543.900s][info][gc,heap        ] GC(815) Survivor regions: 113->112(152)
[3543.900s][info][gc,heap        ] GC(815) Old regions: 538->472
[3543.900s][info][gc,heap        ] GC(815) Humongous regions: 80->80
[3543.900s][info][gc,metaspace   ] GC(815) Metaspace: 28860K(29312K)->28860K(29312K) NonClass: 23991K(24192K)->23991K(24192K) Class: 4869K(5120K)->4869K(5120K)
[3543.900s][info][gc             ] GC(815) Pause Young (Mixed) (G1 Evacuation Pause) 3662M->1326M(4096M) 136.957ms
[3543.900s][info][gc,cpu         ] GC(815) User=0.81s Sys=0.00s Real=0.13s
...[3546.864s][info][gc,start       ] GC(816) Pause Young (Concurrent Start) (G1 Evacuation Pause)
[3546.864s][info][gc,task        ] GC(816) Using 6 workers of 6 for evacuation
[3546.982s][info][gc,phases      ] GC(816)   Pre Evacuate Collection Set: 0.38ms
[3546.982s][info][gc,phases      ] GC(816)   Merge Heap Roots: 0.48ms
[3546.982s][info][gc,phases      ] GC(816)   Evacuate Collection Set: 116.37ms
[3546.982s][info][gc,phases      ] GC(816)   Post Evacuate Collection Set: 0.88ms
[3546.982s][info][gc,phases      ] GC(816)   Other: 0.12ms
[3546.982s][info][gc,heap        ] GC(816) Eden regions: 1116->0(1118)
[3546.982s][info][gc,heap        ] GC(816) Survivor regions: 112->110(154)
[3546.982s][info][gc,heap        ] GC(816) Old regions: 472->505
[3546.982s][info][gc,heap        ] GC(816) Humongous regions: 80->80
[3546.982s][info][gc,metaspace   ] GC(816) Metaspace: 28860K(29312K)->28860K(29312K) NonClass: 23991K(24192K)->23991K(24192K) Class: 4869K(5120K)->4869K(5120K)
[3546.982s][info][gc             ] GC(816) Pause Young (Concurrent Start) (G1 Evacuation Pause) 3558M->1387M(4096M) 118.349ms
[3546.982s][info][gc             ] GC(817) Concurrent Mark Cycle
[3546.982s][info][gc,marking     ] GC(817) Concurrent Scan Root Regions
[3546.982s][info][gc,cpu         ] GC(816) User=0.70s Sys=0.00s Real=0.12s
.[3547.120s][info][gc,marking     ] GC(817) Concurrent Scan Root Regions 137.978ms
[3547.120s][info][gc,marking     ] GC(817) Concurrent Mark
[3547.120s][info][gc,marking     ] GC(817) Concurrent Mark From Roots
[3547.120s][info][gc,task        ] GC(817) Using 2 workers of 2 for marking
[3547.809s][info][gc,marking     ] GC(817) Concurrent Mark From Roots 688.273ms
[3547.809s][info][gc,marking     ] GC(817) Concurrent Preclean
[3547.809s][info][gc,marking     ] GC(817) Concurrent Preclean 0.128ms
[3547.809s][info][gc,start       ] GC(817) Pause Remark
[3547.814s][info][gc             ] GC(817) Pause Remark 2017M->2017M(4096M) 5.248ms
[3547.814s][info][gc,cpu         ] GC(817) User=0.03s Sys=0.00s Real=0.01s
[3547.815s][info][gc,marking     ] GC(817) Concurrent Mark 694.673ms
[3547.815s][info][gc,marking     ] GC(817) Concurrent Rebuild Remembered Sets and Scrub Regions
.[3548.136s][info][gc,marking     ] GC(817) Concurrent Rebuild Remembered Sets and Scrub Regions 320.579ms
[3548.137s][info][gc,start       ] GC(817) Pause Cleanup
[3548.137s][info][gc             ] GC(817) Pause Cleanup 2315M->2315M(4096M) 0.118ms
[3548.137s][info][gc,cpu         ] GC(817) User=0.00s Sys=0.00s Real=0.00s
[3548.138s][info][gc,marking     ] GC(817) Concurrent Clear Claimed Marks
[3548.139s][info][gc,marking     ] GC(817) Concurrent Clear Claimed Marks 0.046ms
[3548.139s][info][gc,marking     ] GC(817) Concurrent Cleanup for Next Mark
[3548.144s][info][gc,marking     ] GC(817) Concurrent Cleanup for Next Mark 5.567ms
[3548.144s][info][gc             ] GC(817) Concurrent Mark Cycle 1161.812ms
.[3549.803s][info][gc,start       ] GC(818) Pause Young (Prepare Mixed) (G1 Evacuation Pause)
[3549.803s][info][gc,task        ] GC(818) Using 6 workers of 6 for evacuation
[3549.920s][info][gc,phases      ] GC(818)   Pre Evacuate Collection Set: 0.35ms
[3549.920s][info][gc,phases      ] GC(818)   Merge Heap Roots: 0.51ms
[3549.920s][info][gc,phases      ] GC(818)   Evacuate Collection Set: 115.70ms
[3549.920s][info][gc,phases      ] GC(818)   Post Evacuate Collection Set: 0.92ms
[3549.920s][info][gc,phases      ] GC(818)   Other: 0.09ms
[3549.920s][info][gc,heap        ] GC(818) Eden regions: 1118->0(1109)
[3549.920s][info][gc,heap        ] GC(818) Survivor regions: 110->110(154)
[3549.920s][info][gc,heap        ] GC(818) Old regions: 505->536
[3549.920s][info][gc,heap        ] GC(818) Humongous regions: 80->80
[3549.920s][info][gc,metaspace   ] GC(818) Metaspace: 28860K(29312K)->28860K(29312K) NonClass: 23991K(24192K)->23991K(24192K) Class: 4869K(5120K)->4869K(5120K)
[3549.920s][info][gc             ] GC(818) Pause Young (Prepare Mixed) (G1 Evacuation Pause) 3623M->1451M(4096M) 117.700ms
[3549.920s][info][gc,cpu         ] GC(818) User=0.69s Sys=0.00s Real=0.11s
...[3552.802s][info][gc,start       ] GC(819) Pause Young (Mixed) (G1 Evacuation Pause)
[3552.802s][info][gc,task        ] GC(819) Using 6 workers of 6 for evacuation
[3552.939s][info][gc,phases      ] GC(819)   Pre Evacuate Collection Set: 0.40ms
[3552.939s][info][gc,phases      ] GC(819)   Merge Heap Roots: 0.68ms
[3552.939s][info][gc,phases      ] GC(819)   Evacuate Collection Set: 134.39ms
[3552.939s][info][gc,phases      ] GC(819)   Post Evacuate Collection Set: 0.88ms
[3552.939s][info][gc,phases      ] GC(819)   Other: 0.09ms
[3552.939s][info][gc,heap        ] GC(819) Eden regions: 1109->0(1117)
[3552.939s][info][gc,heap        ] GC(819) Survivor regions: 110->111(153)
[3552.939s][info][gc,heap        ] GC(819) Old regions: 536->474
[3552.939s][info][gc,heap        ] GC(819) Humongous regions: 80->80
[3552.939s][info][gc,metaspace   ] GC(819) Metaspace: 28860K(29312K)->28860K(29312K) NonClass: 23991K(24192K)->23991K(24192K) Class: 4869K(5120K)->4869K(5120K)
[3552.939s][info][gc             ] GC(819) Pause Young (Mixed) (G1 Evacuation Pause) 3669M->1328M(4096M) 136.570ms
[3552.939s][info][gc,cpu         ] GC(819) User=0.81s Sys=0.00s Real=0.13s
...[3555.811s][info][gc,start       ] GC(820) Pause Young (Concurrent Start) (G1 Evacuation Pause)
[3555.811s][info][gc,task        ] GC(820) Using 6 workers of 6 for evacuation
[3555.929s][info][gc,phases      ] GC(820)   Pre Evacuate Collection Set: 0.37ms
[3555.929s][info][gc,phases      ] GC(820)   Merge Heap Roots: 0.44ms
[3555.929s][info][gc,phases      ] GC(820)   Evacuate Collection Set: 115.68ms
[3555.929s][info][gc,phases      ] GC(820)   Post Evacuate Collection Set: 0.89ms
[3555.929s][info][gc,phases      ] GC(820)   Other: 0.15ms
[3555.929s][info][gc,heap        ] GC(820) Eden regions: 1117->0(1118)
[3555.929s][info][gc,heap        ] GC(820) Survivor regions: 111->110(154)
[3555.929s][info][gc,heap        ] GC(820) Old regions: 474->505
[3555.929s][info][gc,heap        ] GC(820) Humongous regions: 80->80
[3555.929s][info][gc,metaspace   ] GC(820) Metaspace: 28860K(29312K)->28860K(29312K) NonClass: 23991K(24192K)->23991K(24192K) Class: 4869K(5120K)->4869K(5120K)
[3555.929s][info][gc             ] GC(820) Pause Young (Concurrent Start) (G1 Evacuation Pause) 3562M->1388M(4096M) 117.664ms
[3555.929s][info][gc             ] GC(821) Concurrent Mark Cycle
[3555.929s][info][gc,marking     ] GC(821) Concurrent Scan Root Regions
[3555.929s][info][gc,cpu         ] GC(820) User=0.69s Sys=0.00s Real=0.12s
[3556.067s][info][gc,marking     ] GC(821) Concurrent Scan Root Regions 138.565ms
[3556.067s][info][gc,marking     ] GC(821) Concurrent Mark
[3556.067s][info][gc,marking     ] GC(821) Concurrent Mark From Roots
[3556.067s][info][gc,task        ] GC(821) Using 2 workers of 2 for marking
.[3556.756s][info][gc,marking     ] GC(821) Concurrent Mark From Roots 688.805ms
[3556.756s][info][gc,marking     ] GC(821) Concurrent Preclean
[3556.756s][info][gc,marking     ] GC(821) Concurrent Preclean 0.188ms
[3556.759s][info][gc,start       ] GC(821) Pause Remark
[3556.764s][info][gc             ] GC(821) Pause Remark 2024M->2024M(4096M) 5.390ms
[3556.765s][info][gc,cpu         ] GC(821) User=0.02s Sys=0.00s Real=0.01s
[3556.765s][info][gc,marking     ] GC(821) Concurrent Mark 697.292ms
[3556.765s][info][gc,marking     ] GC(821) Concurrent Rebuild Remembered Sets and Scrub Regions
[3557.098s][info][gc,marking     ] GC(821) Concurrent Rebuild Remembered Sets and Scrub Regions 333.094ms
[3557.098s][info][gc,start       ] GC(821) Pause Cleanup
[3557.099s][info][gc             ] GC(821) Pause Cleanup 2308M->2308M(4096M) 0.124ms
[3557.099s][info][gc,cpu         ] GC(821) User=0.00s Sys=0.00s Real=0.00s
[3557.099s][info][gc,marking     ] GC(821) Concurrent Clear Claimed Marks
[3557.099s][info][gc,marking     ] GC(821) Concurrent Clear Claimed Marks 0.025ms
[3557.099s][info][gc,marking     ] GC(821) Concurrent Cleanup for Next Mark
[3557.104s][info][gc,marking     ] GC(821) Concurrent Cleanup for Next Mark 5.344ms
[3557.104s][info][gc             ] GC(821) Concurrent Mark Cycle 1175.500ms
..[3558.888s][info][gc,start       ] GC(822) Pause Young (Prepare Mixed) (G1 Evacuation Pause)
[3558.888s][info][gc,task        ] GC(822) Using 6 workers of 6 for evacuation
[3559.009s][info][gc,phases      ] GC(822)   Pre Evacuate Collection Set: 0.32ms
[3559.009s][info][gc,phases      ] GC(822)   Merge Heap Roots: 0.51ms
[3559.009s][info][gc,phases      ] GC(822)   Evacuate Collection Set: 119.24ms
[3559.009s][info][gc,phases      ] GC(822)   Post Evacuate Collection Set: 0.94ms
[3559.009s][info][gc,phases      ] GC(822)   Other: 0.09ms
[3559.009s][info][gc,heap        ] GC(822) Eden regions: 1118->0(1103)
[3559.009s][info][gc,heap        ] GC(822) Survivor regions: 110->113(154)
[3559.009s][info][gc,heap        ] GC(822) Old regions: 505->536
[3559.009s][info][gc,heap        ] GC(822) Humongous regions: 80->80
[3559.009s][info][gc,metaspace   ] GC(822) Metaspace: 28860K(29312K)->28860K(29312K) NonClass: 23991K(24192K)->23991K(24192K) Class: 4869K(5120K)->4869K(5120K)
[3559.009s][info][gc             ] GC(822) Pause Young (Prepare Mixed) (G1 Evacuation Pause) 3624M->1457M(4096M) 121.229ms
[3559.009s][info][gc,cpu         ] GC(822) User=0.72s Sys=0.00s Real=0.12s
...[3561.851s][info][gc,start       ] GC(823) Pause Young (Mixed) (G1 Evacuation Pause)
[3561.851s][info][gc,task        ] GC(823) Using 6 workers of 6 for evacuation
[3561.988s][info][gc,phases      ] GC(823)   Pre Evacuate Collection Set: 0.37ms
[3561.988s][info][gc,phases      ] GC(823)   Merge Heap Roots: 0.71ms
[3561.988s][info][gc,phases      ] GC(823)   Evacuate Collection Set: 134.22ms
[3561.988s][info][gc,phases      ] GC(823)   Post Evacuate Collection Set: 0.93ms
[3561.988s][info][gc,phases      ] GC(823)   Other: 0.10ms
[3561.988s][info][gc,heap        ] GC(823) Eden regions: 1103->0(1116)
[3561.988s][info][gc,heap        ] GC(823) Survivor regions: 113->112(152)
[3561.988s][info][gc,heap        ] GC(823) Old regions: 536->474
[3561.988s][info][gc,heap        ] GC(823) Humongous regions: 80->80
[3561.988s][info][gc,metaspace   ] GC(823) Metaspace: 28860K(29312K)->28860K(29312K) NonClass: 23991K(24192K)->23991K(24192K) Class: 4869K(5120K)->4869K(5120K)
[3561.988s][info][gc             ] GC(823) Pause Young (Mixed) (G1 Evacuation Pause) 3663M->1330M(4096M) 136.466ms
[3561.988s][info][gc,cpu         ] GC(823) User=0.80s Sys=0.00s Real=0.14s
...[3564.828s][info][gc,start       ] GC(824) Pause Young (Concurrent Start) (G1 Evacuation Pause)
[3564.828s][info][gc,task        ] GC(824) Using 6 workers of 6 for evacuation
[3564.945s][info][gc,phases      ] GC(824)   Pre Evacuate Collection Set: 0.38ms
[3564.945s][info][gc,phases      ] GC(824)   Merge Heap Roots: 0.46ms
[3564.945s][info][gc,phases      ] GC(824)   Evacuate Collection Set: 115.30ms
[3564.945s][info][gc,phases      ] GC(824)   Post Evacuate Collection Set: 0.87ms
[3564.945s][info][gc,phases      ] GC(824)   Other: 0.11ms
[3564.945s][info][gc,heap        ] GC(824) Eden regions: 1116->0(1119)
[3564.945s][info][gc,heap        ] GC(824) Survivor regions: 112->109(154)
[3564.945s][info][gc,heap        ] GC(824) Old regions: 474->506
[3564.945s][info][gc,heap        ] GC(824) Humongous regions: 80->80
[3564.945s][info][gc,metaspace   ] GC(824) Metaspace: 28860K(29312K)->28860K(29312K) NonClass: 23991K(24192K)->23991K(24192K) Class: 4869K(5120K)->4869K(5120K)
[3564.945s][info][gc             ] GC(824) Pause Young (Concurrent Start) (G1 Evacuation Pause) 3562M->1388M(4096M) 117.280ms
[3564.945s][info][gc             ] GC(825) Concurrent Mark Cycle
[3564.945s][info][gc,marking     ] GC(825) Concurrent Scan Root Regions
[3564.945s][info][gc,cpu         ] GC(824) User=0.69s Sys=0.00s Real=0.12s
[3565.098s][info][gc,marking     ] GC(825) Concurrent Scan Root Regions 152.957ms
[3565.098s][info][gc,marking     ] GC(825) Concurrent Mark
[3565.098s][info][gc,marking     ] GC(825) Concurrent Mark From Roots
[3565.098s][info][gc,task        ] GC(825) Using 2 workers of 2 for marking
.[3565.786s][info][gc,marking     ] GC(825) Concurrent Mark From Roots 687.753ms
[3565.786s][info][gc,marking     ] GC(825) Concurrent Preclean
[3565.786s][info][gc,marking     ] GC(825) Concurrent Preclean 0.141ms
[3565.787s][info][gc,start       ] GC(825) Pause Remark
[3565.793s][info][gc             ] GC(825) Pause Remark 2080M->2080M(4096M) 5.897ms
[3565.793s][info][gc,cpu         ] GC(825) User=0.04s Sys=0.00s Real=0.01s
[3565.793s][info][gc,marking     ] GC(825) Concurrent Mark 694.619ms
[3565.793s][info][gc,marking     ] GC(825) Concurrent Rebuild Remembered Sets and Scrub Regions
[3566.075s][info][gc,marking     ] GC(825) Concurrent Rebuild Remembered Sets and Scrub Regions 282.612ms
[3566.076s][info][gc,start       ] GC(825) Pause Cleanup
[3566.076s][info][gc             ] GC(825) Pause Cleanup 2268M->2268M(4096M) 0.106ms
[3566.076s][info][gc,cpu         ] GC(825) User=0.00s Sys=0.00s Real=0.00s
[3566.076s][info][gc,marking     ] GC(825) Concurrent Clear Claimed Marks
[3566.076s][info][gc,marking     ] GC(825) Concurrent Clear Claimed Marks 0.030ms
[3566.076s][info][gc,marking     ] GC(825) Concurrent Cleanup for Next Mark
[3566.080s][info][gc,marking     ] GC(825) Concurrent Cleanup for Next Mark 3.800ms
[3566.080s][info][gc             ] GC(825) Concurrent Mark Cycle 1134.568ms
..[3567.957s][info][gc,start       ] GC(826) Pause Young (Prepare Mixed) (G1 Evacuation Pause)
[3567.957s][info][gc,task        ] GC(826) Using 6 workers of 6 for evacuation
[3568.078s][info][gc,phases      ] GC(826)   Pre Evacuate Collection Set: 0.35ms
[3568.078s][info][gc,phases      ] GC(826)   Merge Heap Roots: 0.51ms
[3568.078s][info][gc,phases      ] GC(826)   Evacuate Collection Set: 118.91ms
[3568.078s][info][gc,phases      ] GC(826)   Post Evacuate Collection Set: 0.91ms
[3568.078s][info][gc,phases      ] GC(826)   Other: 0.10ms
[3568.078s][info][gc,heap        ] GC(826) Eden regions: 1119->0(1102)
[3568.078s][info][gc,heap        ] GC(826) Survivor regions: 109->113(154)
[3568.078s][info][gc,heap        ] GC(826) Old regions: 506->537
[3568.078s][info][gc,heap        ] GC(826) Humongous regions: 80->80
[3568.078s][info][gc,metaspace   ] GC(826) Metaspace: 28860K(29312K)->28860K(29312K) NonClass: 23991K(24192K)->23991K(24192K) Class: 4869K(5120K)->4869K(5120K)
[3568.078s][info][gc             ] GC(826) Pause Young (Prepare Mixed) (G1 Evacuation Pause) 3626M->1459M(4096M) 120.919ms
[3568.078s][info][gc,cpu         ] GC(826) User=0.71s Sys=0.00s Real=0.12s
...[3570.951s][info][gc,start       ] GC(827) Pause Young (Mixed) (G1 Evacuation Pause)
[3570.951s][info][gc,task        ] GC(827) Using 6 workers of 6 for evacuation
[3571.083s][info][gc,phases      ] GC(827)   Pre Evacuate Collection Set: 0.37ms
[3571.083s][info][gc,phases      ] GC(827)   Merge Heap Roots: 0.62ms
[3571.083s][info][gc,phases      ] GC(827)   Evacuate Collection Set: 130.38ms
[3571.083s][info][gc,phases      ] GC(827)   Post Evacuate Collection Set: 0.96ms
[3571.083s][info][gc,phases      ] GC(827)   Other: 0.08ms
[3571.083s][info][gc,heap        ] GC(827) Eden regions: 1102->0(1116)
[3571.083s][info][gc,heap        ] GC(827) Survivor regions: 113->112(152)
[3571.083s][info][gc,heap        ] GC(827) Old regions: 537->473
[3571.083s][info][gc,heap        ] GC(827) Humongous regions: 80->80
[3571.083s][info][gc,metaspace   ] GC(827) Metaspace: 28860K(29312K)->28860K(29312K) NonClass: 23991K(24192K)->23991K(24192K) Class: 4869K(5120K)->4869K(5120K)
[3571.083s][info][gc             ] GC(827) Pause Young (Mixed) (G1 Evacuation Pause) 3663M->1327M(4096M) 132.534ms
[3571.083s][info][gc,cpu         ] GC(827) User=0.79s Sys=0.00s Real=0.14s
...[3573.903s][info][gc,start       ] GC(828) Pause Young (Concurrent Start) (G1 Evacuation Pause)
[3573.903s][info][gc,task        ] GC(828) Using 6 workers of 6 for evacuation
[3574.022s][info][gc,phases      ] GC(828)   Pre Evacuate Collection Set: 0.36ms
[3574.022s][info][gc,phases      ] GC(828)   Merge Heap Roots: 0.46ms
[3574.022s][info][gc,phases      ] GC(828)   Evacuate Collection Set: 117.57ms
[3574.022s][info][gc,phases      ] GC(828)   Post Evacuate Collection Set: 0.90ms
[3574.022s][info][gc,phases      ] GC(828)   Other: 0.11ms
[3574.022s][info][gc,heap        ] GC(828) Eden regions: 1116->0(1119)
[3574.022s][info][gc,heap        ] GC(828) Survivor regions: 112->109(154)
[3574.022s][info][gc,heap        ] GC(828) Old regions: 473->506
[3574.022s][info][gc,heap        ] GC(828) Humongous regions: 80->80
[3574.022s][info][gc,metaspace   ] GC(828) Metaspace: 28860K(29312K)->28860K(29312K) NonClass: 23991K(24192K)->23991K(24192K) Class: 4869K(5120K)->4869K(5120K)
[3574.022s][info][gc             ] GC(828) Pause Young (Concurrent Start) (G1 Evacuation Pause) 3559M->1388M(4096M) 119.539ms
[3574.022s][info][gc             ] GC(829) Concurrent Mark Cycle
[3574.022s][info][gc,marking     ] GC(829) Concurrent Scan Root Regions
[3574.022s][info][gc,cpu         ] GC(828) User=0.70s Sys=0.00s Real=0.12s
[3574.197s][info][gc,marking     ] GC(829) Concurrent Scan Root Regions 174.508ms
[3574.197s][info][gc,marking     ] GC(829) Concurrent Mark
[3574.197s][info][gc,marking     ] GC(829) Concurrent Mark From Roots
[3574.197s][info][gc,task        ] GC(829) Using 2 workers of 2 for marking
.[3575.193s][info][gc,marking     ] GC(829) Concurrent Mark From Roots 996.208ms
[3575.193s][info][gc,marking     ] GC(829) Concurrent Preclean
[3575.193s][info][gc,marking     ] GC(829) Concurrent Preclean 0.152ms
[3575.194s][info][gc,start       ] GC(829) Pause Remark
[3575.201s][info][gc             ] GC(829) Pause Remark 2280M->2280M(4096M) 6.983ms
[3575.201s][info][gc,cpu         ] GC(829) User=0.04s Sys=0.00s Real=0.00s
[3575.201s][info][gc,marking     ] GC(829) Concurrent Mark 1004.375ms
[3575.201s][info][gc,marking     ] GC(829) Concurrent Rebuild Remembered Sets and Scrub Regions
.[3575.461s][info][gc,marking     ] GC(829) Concurrent Rebuild Remembered Sets and Scrub Regions 260.259ms
[3575.462s][info][gc,start       ] GC(829) Pause Cleanup
[3575.462s][info][gc             ] GC(829) Pause Cleanup 2491M->2491M(4096M) 0.115ms
[3575.462s][info][gc,cpu         ] GC(829) User=0.00s Sys=0.00s Real=0.00s
[3575.462s][info][gc,marking     ] GC(829) Concurrent Clear Claimed Marks
[3575.462s][info][gc,marking     ] GC(829) Concurrent Clear Claimed Marks 0.033ms
[3575.462s][info][gc,marking     ] GC(829) Concurrent Cleanup for Next Mark
[3575.468s][info][gc,marking     ] GC(829) Concurrent Cleanup for Next Mark 6.496ms
[3575.468s][info][gc             ] GC(829) Concurrent Mark Cycle 1446.388ms
.[3576.989s][info][gc,start       ] GC(830) Pause Young (Prepare Mixed) (G1 Evacuation Pause)
[3576.989s][info][gc,task        ] GC(830) Using 6 workers of 6 for evacuation
[3577.104s][info][gc,phases      ] GC(830)   Pre Evacuate Collection Set: 0.35ms
[3577.104s][info][gc,phases      ] GC(830)   Merge Heap Roots: 0.50ms
[3577.104s][info][gc,phases      ] GC(830)   Evacuate Collection Set: 113.17ms
[3577.104s][info][gc,phases      ] GC(830)   Post Evacuate Collection Set: 0.93ms
[3577.104s][info][gc,phases      ] GC(830)   Other: 0.09ms
[3577.104s][info][gc,heap        ] GC(830) Eden regions: 1119->0(1114)
[3577.104s][info][gc,heap        ] GC(830) Survivor regions: 109->107(154)
[3577.104s][info][gc,heap        ] GC(830) Old regions: 506->537
[3577.104s][info][gc,heap        ] GC(830) Humongous regions: 80->80
[3577.104s][info][gc,metaspace   ] GC(830) Metaspace: 28860K(29312K)->28860K(29312K) NonClass: 23991K(24192K)->23991K(24192K) Class: 4869K(5120K)->4869K(5120K)
[3577.104s][info][gc             ] GC(830) Pause Young (Prepare Mixed) (G1 Evacuation Pause) 3626M->1446M(4096M) 115.149ms
[3577.104s][info][gc,cpu         ] GC(830) User=0.68s Sys=0.00s Real=0.12s
. (rIR:aIR:PR = 6227:6227:6227) (tPR = 92406) [OK] 
  3577s: Performance info:
         Transaction,    Success,    Partial,     Failed,   Receipts, AvgBarcode, 
             Overall,     375986,          0,          0,     357177,      59.48, 
         Response times:
             Request,    Success,    Partial,     Failed,   SkipFail,     Probes,    Samples,      min,      p50,      p90,      p95,      p99,      max, 
       TotalPurchase,     357177,          0,          0,          0,     346025,     393053,      300,     5300,    19800,    43000,    79000,   212000,
     InStorePurchase,     188009,          0,          0,          0,     182517,     207225,      300,     5300,    19800,    43000,    79000,   212000,
      OnlinePurchase,     131624,          0,          0,          0,     127058,     144251,      300,     5300,    19400,    42000,    78000,   194000,
        InstPurchase,      37544,          0,          0,          0,      36450,      41577,      400,     5200,    19800,    44000,    79000,   169000,
          AssocOfCat,        374,          0,          0,          0,        292,        419,    25000,    38000,    71000,    94000,   167600,   183000,
      AssocOfProduct,       3753,          0,          0,          0,       3512,       4160,      500,     4900,    16290,    38000,    76000,   178000,
      BusinessReport,        942,          0,          0,          0,        831,       1057,    20000,    45000,    91000,   117100,   178680,   212000,
          CustBuyBeh,       3769,          0,          0,          0,       3477,       4058,      200,     6500,    24000,    53000,    92410,   194000,
       ProductReturn,       9971,          0,          0,          0,       9544,      11022,      200,     3300,    16470,    38000,    78000,   183000,

  3577s: (46%)   IR =   6365 ..[3579.973s][info][gc,start       ] GC(831) Pause Young (Mixed) (G1 Evacuation Pause)
[3579.973s][info][gc,task        ] GC(831) Using 6 workers of 6 for evacuation
[3580.104s][info][gc,phases      ] GC(831)   Pre Evacuate Collection Set: 0.37ms
[3580.104s][info][gc,phases      ] GC(831)   Merge Heap Roots: 0.70ms
[3580.104s][info][gc,phases      ] GC(831)   Evacuate Collection Set: 128.77ms
[3580.104s][info][gc,phases      ] GC(831)   Post Evacuate Collection Set: 0.92ms
[3580.104s][info][gc,phases      ] GC(831)   Other: 0.09ms
[3580.104s][info][gc,heap        ] GC(831) Eden regions: 1114->0(1120)
[3580.104s][info][gc,heap        ] GC(831) Survivor regions: 107->108(153)
[3580.104s][info][gc,heap        ] GC(831) Old regions: 537->473
[3580.104s][info][gc,heap        ] GC(831) Humongous regions: 80->80
[3580.104s][info][gc,metaspace   ] GC(831) Metaspace: 28862K(29312K)->28862K(29312K) NonClass: 23993K(24192K)->23993K(24192K) Class: 4869K(5120K)->4869K(5120K)
[3580.104s][info][gc             ] GC(831) Pause Young (Mixed) (G1 Evacuation Pause) 3674M->1320M(4096M) 130.989ms
[3580.104s][info][gc,cpu         ] GC(831) User=0.77s Sys=0.00s Real=0.13s
..|.[3582.892s][info][gc,start       ] GC(832) Pause Young (Concurrent Start) (G1 Evacuation Pause)
[3582.892s][info][gc,task        ] GC(832) Using 6 workers of 6 for evacuation
[3583.011s][info][gc,phases      ] GC(832)   Pre Evacuate Collection Set: 0.42ms
[3583.011s][info][gc,phases      ] GC(832)   Merge Heap Roots: 0.51ms
[3583.011s][info][gc,phases      ] GC(832)   Evacuate Collection Set: 117.52ms
[3583.011s][info][gc,phases      ] GC(832)   Post Evacuate Collection Set: 0.97ms
[3583.011s][info][gc,phases      ] GC(832)   Other: 0.11ms
[3583.011s][info][gc,heap        ] GC(832) Eden regions: 1120->0(1117)
[3583.011s][info][gc,heap        ] GC(832) Survivor regions: 108->111(154)
[3583.011s][info][gc,heap        ] GC(832) Old regions: 473->506
[3583.011s][info][gc,heap        ] GC(832) Humongous regions: 80->80
[3583.011s][info][gc,metaspace   ] GC(832) Metaspace: 28862K(29312K)->28862K(29312K) NonClass: 23993K(24192K)->23993K(24192K) Class: 4869K(5120K)->4869K(5120K)
[3583.011s][info][gc             ] GC(832) Pause Young (Concurrent Start) (G1 Evacuation Pause) 3560M->1391M(4096M) 119.654ms
[3583.011s][info][gc             ] GC(833) Concurrent Mark Cycle
[3583.011s][info][gc,marking     ] GC(833) Concurrent Scan Root Regions
[3583.011s][info][gc,cpu         ] GC(832) User=0.70s Sys=0.00s Real=0.12s
[3583.150s][info][gc,marking     ] GC(833) Concurrent Scan Root Regions 138.644ms
[3583.150s][info][gc,marking     ] GC(833) Concurrent Mark
[3583.150s][info][gc,marking     ] GC(833) Concurrent Mark From Roots
[3583.150s][info][gc,task        ] GC(833) Using 2 workers of 2 for marking
.[3583.853s][info][gc,marking     ] GC(833) Concurrent Mark From Roots 702.751ms
[3583.853s][info][gc,marking     ] GC(833) Concurrent Preclean
[3583.853s][info][gc,marking     ] GC(833) Concurrent Preclean 0.198ms
[3583.853s][info][gc,start       ] GC(833) Pause Remark
[3583.859s][info][gc             ] GC(833) Pause Remark 2079M->2079M(4096M) 5.575ms
[3583.859s][info][gc,cpu         ] GC(833) User=0.03s Sys=0.00s Real=0.00s
[3583.860s][info][gc,marking     ] GC(833) Concurrent Mark 710.006ms
[3583.860s][info][gc,marking     ] GC(833) Concurrent Rebuild Remembered Sets and Scrub Regions
[3584.148s][info][gc,marking     ] GC(833) Concurrent Rebuild Remembered Sets and Scrub Regions 288.265ms
[3584.149s][info][gc,start       ] GC(833) Pause Cleanup
[3584.149s][info][gc             ] GC(833) Pause Cleanup 2309M->2309M(4096M) 0.112ms
[3584.149s][info][gc,cpu         ] GC(833) User=0.00s Sys=0.00s Real=0.00s
[3584.149s][info][gc,marking     ] GC(833) Concurrent Clear Claimed Marks
[3584.149s][info][gc,marking     ] GC(833) Concurrent Clear Claimed Marks 0.031ms
[3584.149s][info][gc,marking     ] GC(833) Concurrent Cleanup for Next Mark
[3584.154s][info][gc,marking     ] GC(833) Concurrent Cleanup for Next Mark 5.108ms
[3584.154s][info][gc             ] GC(833) Concurrent Mark Cycle 1142.640ms
..[3585.899s][info][gc,start       ] GC(834) Pause Young (Prepare Mixed) (G1 Evacuation Pause)
[3585.899s][info][gc,task        ] GC(834) Using 6 workers of 6 for evacuation
[3586.017s][info][gc,phases      ] GC(834)   Pre Evacuate Collection Set: 0.36ms
[3586.017s][info][gc,phases      ] GC(834)   Merge Heap Roots: 0.51ms
[3586.017s][info][gc,phases      ] GC(834)   Evacuate Collection Set: 116.20ms
[3586.017s][info][gc,phases      ] GC(834)   Post Evacuate Collection Set: 0.92ms
[3586.017s][info][gc,phases      ] GC(834)   Other: 0.09ms
[3586.017s][info][gc,heap        ] GC(834) Eden regions: 1117->0(1105)
[3586.017s][info][gc,heap        ] GC(834) Survivor regions: 111->111(154)
[3586.017s][info][gc,heap        ] GC(834) Old regions: 506->538
[3586.017s][info][gc,heap        ] GC(834) Humongous regions: 80->80
[3586.017s][info][gc,metaspace   ] GC(834) Metaspace: 28862K(29312K)->28862K(29312K) NonClass: 23993K(24192K)->23993K(24192K) Class: 4869K(5120K)->4869K(5120K)
[3586.017s][info][gc             ] GC(834) Pause Young (Prepare Mixed) (G1 Evacuation Pause) 3625M->1455M(4096M) 118.235ms
[3586.018s][info][gc,cpu         ] GC(834) User=0.69s Sys=0.00s Real=0.12s
...[3588.797s][info][gc,start       ] GC(835) Pause Young (Mixed) (G1 Evacuation Pause)
[3588.797s][info][gc,task        ] GC(835) Using 6 workers of 6 for evacuation
[3588.934s][info][gc,phases      ] GC(835)   Pre Evacuate Collection Set: 0.38ms
[3588.934s][info][gc,phases      ] GC(835)   Merge Heap Roots: 0.68ms
[3588.934s][info][gc,phases      ] GC(835)   Evacuate Collection Set: 134.54ms
[3588.934s][info][gc,phases      ] GC(835)   Post Evacuate Collection Set: 0.93ms
[3588.934s][info][gc,phases      ] GC(835)   Other: 0.09ms
[3588.934s][info][gc,heap        ] GC(835) Eden regions: 1105->0(1115)
[3588.934s][info][gc,heap        ] GC(835) Survivor regions: 111->113(152)
[3588.934s][info][gc,heap        ] GC(835) Old regions: 538->473
[3588.934s][info][gc,heap        ] GC(835) Humongous regions: 80->80
[3588.934s][info][gc,metaspace   ] GC(835) Metaspace: 28862K(29312K)->28862K(29312K) NonClass: 23993K(24192K)->23993K(24192K) Class: 4869K(5120K)->4869K(5120K)
[3588.934s][info][gc             ] GC(835) Pause Young (Mixed) (G1 Evacuation Pause) 3665M->1330M(4096M) 136.745ms
[3588.934s][info][gc,cpu         ] GC(835) User=0.80s Sys=0.00s Real=0.14s
...[3591.767s][info][gc,start       ] GC(836) Pause Young (Concurrent Start) (G1 Evacuation Pause)
[3591.767s][info][gc,task        ] GC(836) Using 6 workers of 6 for evacuation
[3591.892s][info][gc,phases      ] GC(836)   Pre Evacuate Collection Set: 0.35ms
[3591.892s][info][gc,phases      ] GC(836)   Merge Heap Roots: 0.46ms
[3591.892s][info][gc,phases      ] GC(836)   Evacuate Collection Set: 123.06ms
[3591.892s][info][gc,phases      ] GC(836)   Post Evacuate Collection Set: 0.91ms
[3591.892s][info][gc,phases      ] GC(836)   Other: 0.11ms
[3591.892s][info][gc,heap        ] GC(836) Eden regions: 1115->0(1114)
[3591.892s][info][gc,heap        ] GC(836) Survivor regions: 113->114(154)
[3591.892s][info][gc,heap        ] GC(836) Old regions: 473->506
[3591.892s][info][gc,heap        ] GC(836) Humongous regions: 80->80
[3591.892s][info][gc,metaspace   ] GC(836) Metaspace: 28862K(29312K)->28862K(29312K) NonClass: 23993K(24192K)->23993K(24192K) Class: 4869K(5120K)->4869K(5120K)
[3591.892s][info][gc             ] GC(836) Pause Young (Concurrent Start) (G1 Evacuation Pause) 3560M->1399M(4096M) 125.024ms
[3591.892s][info][gc             ] GC(837) Concurrent Mark Cycle
[3591.892s][info][gc,marking     ] GC(837) Concurrent Scan Root Regions
[3591.892s][info][gc,cpu         ] GC(836) User=0.74s Sys=0.00s Real=0.13s
[3592.040s][info][gc,marking     ] GC(837) Concurrent Scan Root Regions 147.792ms
[3592.040s][info][gc,marking     ] GC(837) Concurrent Mark
[3592.040s][info][gc,marking     ] GC(837) Concurrent Mark From Roots
[3592.040s][info][gc,task        ] GC(837) Using 2 workers of 2 for marking
.[3592.737s][info][gc,marking     ] GC(837) Concurrent Mark From Roots 696.682ms
[3592.737s][info][gc,marking     ] GC(837) Concurrent Preclean
[3592.737s][info][gc,marking     ] GC(837) Concurrent Preclean 0.115ms
[3592.737s][info][gc,start       ] GC(837) Pause Remark
[3592.744s][info][gc             ] GC(837) Pause Remark 2117M->2117M(4096M) 6.406ms
[3592.744s][info][gc,cpu         ] GC(837) User=0.04s Sys=0.00s Real=0.01s
[3592.744s][info][gc,marking     ] GC(837) Concurrent Mark 703.494ms
[3592.744s][info][gc,marking     ] GC(837) Concurrent Rebuild Remembered Sets and Scrub Regions
[3592.999s][info][gc,marking     ] GC(837) Concurrent Rebuild Remembered Sets and Scrub Regions 254.813ms
[3592.999s][info][gc,start       ] GC(837) Pause Cleanup
[3592.999s][info][gc             ] GC(837) Pause Cleanup 2303M->2303M(4096M) 0.117ms
[3592.999s][info][gc,cpu         ] GC(837) User=0.00s Sys=0.00s Real=0.00s
[3593.000s][info][gc,marking     ] GC(837) Concurrent Clear Claimed Marks
[3593.000s][info][gc,marking     ] GC(837) Concurrent Clear Claimed Marks 0.031ms
[3593.000s][info][gc,marking     ] GC(837) Concurrent Cleanup for Next Mark
[3593.005s][info][gc,marking     ] GC(837) Concurrent Cleanup for Next Mark 4.796ms
[3593.005s][info][gc             ] GC(837) Concurrent Mark Cycle 1112.229ms
..[3594.734s][info][gc,start       ] GC(838) Pause Young (Prepare Mixed) (G1 Evacuation Pause)
[3594.734s][info][gc,task        ] GC(838) Using 6 workers of 6 for evacuation
[3594.856s][info][gc,phases      ] GC(838)   Pre Evacuate Collection Set: 0.35ms
[3594.856s][info][gc,phases      ] GC(838)   Merge Heap Roots: 0.54ms
[3594.856s][info][gc,phases      ] GC(838)   Evacuate Collection Set: 119.68ms
[3594.856s][info][gc,phases      ] GC(838)   Post Evacuate Collection Set: 0.94ms
[3594.856s][info][gc,phases      ] GC(838)   Other: 0.10ms
[3594.856s][info][gc,heap        ] GC(838) Eden regions: 1114->0(1101)
[3594.856s][info][gc,heap        ] GC(838) Survivor regions: 114->113(154)
[3594.856s][info][gc,heap        ] GC(838) Old regions: 506->538
[3594.856s][info][gc,heap        ] GC(838) Humongous regions: 80->80
[3594.856s][info][gc,metaspace   ] GC(838) Metaspace: 28862K(29312K)->28862K(29312K) NonClass: 23993K(24192K)->23993K(24192K) Class: 4869K(5120K)->4869K(5120K)
[3594.856s][info][gc             ] GC(838) Pause Young (Prepare Mixed) (G1 Evacuation Pause) 3627M->1459M(4096M) 121.761ms
[3594.856s][info][gc,cpu         ] GC(838) User=0.72s Sys=0.00s Real=0.12s
...[3597.641s][info][gc,start       ] GC(839) Pause Young (Mixed) (G1 Evacuation Pause)
[3597.641s][info][gc,task        ] GC(839) Using 6 workers of 6 for evacuation
[3597.778s][info][gc,phases      ] GC(839)   Pre Evacuate Collection Set: 0.38ms
[3597.778s][info][gc,phases      ] GC(839)   Merge Heap Roots: 0.74ms
[3597.778s][info][gc,phases      ] GC(839)   Evacuate Collection Set: 134.24ms
[3597.778s][info][gc,phases      ] GC(839)   Post Evacuate Collection Set: 0.92ms
[3597.778s][info][gc,phases      ] GC(839)   Other: 0.10ms
[3597.778s][info][gc,heap        ] GC(839) Eden regions: 1101->0(1119)
[3597.778s][info][gc,heap        ] GC(839) Survivor regions: 113->109(152)
[3597.778s][info][gc,heap        ] GC(839) Old regions: 538->475
[3597.778s][info][gc,heap        ] GC(839) Humongous regions: 80->80
[3597.778s][info][gc,metaspace   ] GC(839) Metaspace: 28862K(29312K)->28862K(29312K) NonClass: 23993K(24192K)->23993K(24192K) Class: 4869K(5120K)->4869K(5120K)
[3597.778s][info][gc             ] GC(839) Pause Young (Mixed) (G1 Evacuation Pause) 3661M->1327M(4096M) 136.497ms
[3597.778s][info][gc,cpu         ] GC(839) User=0.81s Sys=0.00s Real=0.14s
...[3600.650s][info][gc,start       ] GC(840) Pause Young (Concurrent Start) (G1 Evacuation Pause)
[3600.650s][info][gc,task        ] GC(840) Using 6 workers of 6 for evacuation
[3600.768s][info][gc,phases      ] GC(840)   Pre Evacuate Collection Set: 0.37ms
[3600.768s][info][gc,phases      ] GC(840)   Merge Heap Roots: 0.48ms
[3600.768s][info][gc,phases      ] GC(840)   Evacuate Collection Set: 116.13ms
[3600.768s][info][gc,phases      ] GC(840)   Post Evacuate Collection Set: 0.89ms
[3600.768s][info][gc,phases      ] GC(840)   Other: 0.11ms
[3600.768s][info][gc,heap        ] GC(840) Eden regions: 1119->0(1117)
[3600.768s][info][gc,heap        ] GC(840) Survivor regions: 109->111(154)
[3600.768s][info][gc,heap        ] GC(840) Old regions: 475->507
[3600.768s][info][gc,heap        ] GC(840) Humongous regions: 80->80
[3600.768s][info][gc,metaspace   ] GC(840) Metaspace: 28862K(29312K)->28862K(29312K) NonClass: 23993K(24192K)->23993K(24192K) Class: 4869K(5120K)->4869K(5120K)
[3600.768s][info][gc             ] GC(840) Pause Young (Concurrent Start) (G1 Evacuation Pause) 3565M->1394M(4096M) 118.143ms
[3600.768s][info][gc             ] GC(841) Concurrent Mark Cycle
[3600.768s][info][gc,marking     ] GC(841) Concurrent Scan Root Regions
[3600.768s][info][gc,cpu         ] GC(840) User=0.70s Sys=0.00s Real=0.12s
[3600.906s][info][gc,marking     ] GC(841) Concurrent Scan Root Regions 138.042ms
[3600.906s][info][gc,marking     ] GC(841) Concurrent Mark
[3600.906s][info][gc,marking     ] GC(841) Concurrent Mark From Roots
[3600.906s][info][gc,task        ] GC(841) Using 2 workers of 2 for marking
.[3601.595s][info][gc,marking     ] GC(841) Concurrent Mark From Roots 688.739ms
[3601.595s][info][gc,marking     ] GC(841) Concurrent Preclean
[3601.595s][info][gc,marking     ] GC(841) Concurrent Preclean 0.141ms
[3601.596s][info][gc,start       ] GC(841) Pause Remark
[3601.602s][info][gc             ] GC(841) Pause Remark 2106M->2106M(4096M) 5.560ms
[3601.602s][info][gc,cpu         ] GC(841) User=0.03s Sys=0.00s Real=0.00s
[3601.602s][info][gc,marking     ] GC(841) Concurrent Mark 696.143ms
[3601.602s][info][gc,marking     ] GC(841) Concurrent Rebuild Remembered Sets and Scrub Regions
[3601.868s][info][gc,marking     ] GC(841) Concurrent Rebuild Remembered Sets and Scrub Regions 266.341ms
[3601.869s][info][gc,start       ] GC(841) Pause Cleanup
[3601.869s][info][gc             ] GC(841) Pause Cleanup 2362M->2362M(4096M) 0.108ms
[3601.869s][info][gc,cpu         ] GC(841) User=0.00s Sys=0.00s Real=0.00s
[3601.871s][info][gc,marking     ] GC(841) Concurrent Clear Claimed Marks
[3601.871s][info][gc,marking     ] GC(841) Concurrent Clear Claimed Marks 0.057ms
[3601.871s][info][gc,marking     ] GC(841) Concurrent Cleanup for Next Mark
[3601.877s][info][gc,marking     ] GC(841) Concurrent Cleanup for Next Mark 6.089ms
[3601.877s][info][gc             ] GC(841) Concurrent Mark Cycle 1109.315ms
..[3603.608s][info][gc,start       ] GC(842) Pause Young (Prepare Mixed) (G1 Evacuation Pause)
[3603.608s][info][gc,task        ] GC(842) Using 6 workers of 6 for evacuation
[3603.728s][info][gc,phases      ] GC(842)   Pre Evacuate Collection Set: 0.34ms
[3603.728s][info][gc,phases      ] GC(842)   Merge Heap Roots: 0.50ms
[3603.728s][info][gc,phases      ] GC(842)   Evacuate Collection Set: 117.58ms
[3603.728s][info][gc,phases      ] GC(842)   Post Evacuate Collection Set: 0.93ms
[3603.728s][info][gc,phases      ] GC(842)   Other: 0.09ms
[3603.728s][info][gc,heap        ] GC(842) Eden regions: 1117->0(1100)
[3603.728s][info][gc,heap        ] GC(842) Survivor regions: 111->113(154)
[3603.728s][info][gc,heap        ] GC(842) Old regions: 507->539
[3603.728s][info][gc,heap        ] GC(842) Humongous regions: 80->80
[3603.728s][info][gc,metaspace   ] GC(842) Metaspace: 28862K(29312K)->28862K(29312K) NonClass: 23993K(24192K)->23993K(24192K) Class: 4869K(5120K)->4869K(5120K)
[3603.728s][info][gc             ] GC(842) Pause Young (Prepare Mixed) (G1 Evacuation Pause) 3628M->1461M(4096M) 119.577ms
[3603.728s][info][gc,cpu         ] GC(842) User=0.70s Sys=0.00s Real=0.12s
...[3606.499s][info][gc,start       ] GC(843) Pause Young (Mixed) (G1 Evacuation Pause)
[3606.499s][info][gc,task        ] GC(843) Using 6 workers of 6 for evacuation
[3606.631s][info][gc,phases      ] GC(843)   Pre Evacuate Collection Set: 0.40ms
[3606.631s][info][gc,phases      ] GC(843)   Merge Heap Roots: 0.65ms
[3606.631s][info][gc,phases      ] GC(843)   Evacuate Collection Set: 130.43ms
[3606.631s][info][gc,phases      ] GC(843)   Post Evacuate Collection Set: 0.95ms
[3606.631s][info][gc,phases      ] GC(843)   Other: 0.09ms
[3606.631s][info][gc,heap        ] GC(843) Eden regions: 1100->0(1120)
[3606.631s][info][gc,heap        ] GC(843) Survivor regions: 113->108(152)
[3606.631s][info][gc,heap        ] GC(843) Old regions: 539->475
[3606.631s][info][gc,heap        ] GC(843) Humongous regions: 80->80
[3606.631s][info][gc,metaspace   ] GC(843) Metaspace: 28862K(29312K)->28862K(29312K) NonClass: 23993K(24192K)->23993K(24192K) Class: 4869K(5120K)->4869K(5120K)
[3606.631s][info][gc             ] GC(843) Pause Young (Mixed) (G1 Evacuation Pause) 3661M->1323M(4096M) 132.660ms
[3606.631s][info][gc,cpu         ] GC(843) User=0.79s Sys=0.00s Real=0.13s
..[3609.468s][info][gc,start       ] GC(844) Pause Young (Concurrent Start) (G1 Evacuation Pause)
[3609.468s][info][gc,task        ] GC(844) Using 6 workers of 6 for evacuation
[3609.584s][info][gc,phases      ] GC(844)   Pre Evacuate Collection Set: 0.39ms
[3609.584s][info][gc,phases      ] GC(844)   Merge Heap Roots: 0.52ms
[3609.584s][info][gc,phases      ] GC(844)   Evacuate Collection Set: 114.01ms
[3609.584s][info][gc,phases      ] GC(844)   Post Evacuate Collection Set: 0.90ms
[3609.584s][info][gc,phases      ] GC(844)   Other: 0.12ms
[3609.584s][info][gc,heap        ] GC(844) Eden regions: 1120->0(1120)
[3609.584s][info][gc,heap        ] GC(844) Survivor regions: 108->108(154)
[3609.584s][info][gc,heap        ] GC(844) Old regions: 475->507
[3609.584s][info][gc,heap        ] GC(844) Humongous regions: 80->80
[3609.584s][info][gc,metaspace   ] GC(844) Metaspace: 28862K(29312K)->28862K(29312K) NonClass: 23993K(24192K)->23993K(24192K) Class: 4869K(5120K)->4869K(5120K)
[3609.584s][info][gc             ] GC(844) Pause Young (Concurrent Start) (G1 Evacuation Pause) 3563M->1388M(4096M) 116.081ms
[3609.584s][info][gc             ] GC(845) Concurrent Mark Cycle
[3609.584s][info][gc,marking     ] GC(845) Concurrent Scan Root Regions
[3609.584s][info][gc,cpu         ] GC(844) User=0.68s Sys=0.00s Real=0.12s
.[3609.760s][info][gc,marking     ] GC(845) Concurrent Scan Root Regions 175.384ms
[3609.760s][info][gc,marking     ] GC(845) Concurrent Mark
[3609.760s][info][gc,marking     ] GC(845) Concurrent Mark From Roots
[3609.760s][info][gc,task        ] GC(845) Using 2 workers of 2 for marking
.[3610.611s][info][gc,marking     ] GC(845) Concurrent Mark From Roots 850.719ms
[3610.611s][info][gc,marking     ] GC(845) Concurrent Preclean
[3610.611s][info][gc,marking     ] GC(845) Concurrent Preclean 0.090ms
[3610.611s][info][gc,start       ] GC(845) Pause Remark
[3610.617s][info][gc             ] GC(845) Pause Remark 2256M->2256M(4096M) 5.343ms
[3610.617s][info][gc,cpu         ] GC(845) User=0.03s Sys=0.00s Real=0.01s
[3610.617s][info][gc,marking     ] GC(845) Concurrent Mark 856.849ms
[3610.617s][info][gc,marking     ] GC(845) Concurrent Rebuild Remembered Sets and Scrub Regions
[3610.880s][info][gc,marking     ] GC(845) Concurrent Rebuild Remembered Sets and Scrub Regions 263.327ms
[3610.880s][info][gc,start       ] GC(845) Pause Cleanup
[3610.880s][info][gc             ] GC(845) Pause Cleanup 2456M->2456M(4096M) 0.115ms
[3610.880s][info][gc,cpu         ] GC(845) User=0.00s Sys=0.00s Real=0.00s
[3610.880s][info][gc,marking     ] GC(845) Concurrent Clear Claimed Marks
[3610.881s][info][gc,marking     ] GC(845) Concurrent Clear Claimed Marks 0.022ms
[3610.881s][info][gc,marking     ] GC(845) Concurrent Cleanup for Next Mark
[3610.885s][info][gc,marking     ] GC(845) Concurrent Cleanup for Next Mark 4.394ms
[3610.885s][info][gc             ] GC(845) Concurrent Mark Cycle 1300.544ms
.[3612.371s][info][gc,start       ] GC(846) Pause Young (Prepare Mixed) (G1 Evacuation Pause)
[3612.371s][info][gc,task        ] GC(846) Using 6 workers of 6 for evacuation
[3612.490s][info][gc,phases      ] GC(846)   Pre Evacuate Collection Set: 0.34ms
[3612.490s][info][gc,phases      ] GC(846)   Merge Heap Roots: 0.53ms
[3612.490s][info][gc,phases      ] GC(846)   Evacuate Collection Set: 117.55ms
[3612.490s][info][gc,phases      ] GC(846)   Post Evacuate Collection Set: 0.96ms
[3612.490s][info][gc,phases      ] GC(846)   Other: 0.09ms
[3612.490s][info][gc,heap        ] GC(846) Eden regions: 1120->0(1105)
[3612.490s][info][gc,heap        ] GC(846) Survivor regions: 108->111(154)
[3612.490s][info][gc,heap        ] GC(846) Old regions: 507->538
[3612.490s][info][gc,heap        ] GC(846) Humongous regions: 80->80
[3612.490s][info][gc,metaspace   ] GC(846) Metaspace: 28862K(29312K)->28862K(29312K) NonClass: 23993K(24192K)->23993K(24192K) Class: 4869K(5120K)->4869K(5120K)
[3612.490s][info][gc             ] GC(846) Pause Young (Prepare Mixed) (G1 Evacuation Pause) 3628M->1457M(4096M) 119.623ms
[3612.491s][info][gc,cpu         ] GC(846) User=0.71s Sys=0.00s Real=0.12s
...[3615.309s][info][gc,start       ] GC(847) Pause Young (Mixed) (G1 Evacuation Pause)
[3615.309s][info][gc,task        ] GC(847) Using 6 workers of 6 for evacuation
[3615.440s][info][gc,phases      ] GC(847)   Pre Evacuate Collection Set: 0.38ms
[3615.440s][info][gc,phases      ] GC(847)   Merge Heap Roots: 0.62ms
[3615.440s][info][gc,phases      ] GC(847)   Evacuate Collection Set: 128.63ms
[3615.440s][info][gc,phases      ] GC(847)   Post Evacuate Collection Set: 0.96ms
[3615.440s][info][gc,phases      ] GC(847)   Other: 0.09ms
[3615.440s][info][gc,heap        ] GC(847) Eden regions: 1105->0(1119)
[3615.440s][info][gc,heap        ] GC(847) Survivor regions: 111->109(152)
[3615.440s][info][gc,heap        ] GC(847) Old regions: 538->474
[3615.440s][info][gc,heap        ] GC(847) Humongous regions: 80->80
[3615.440s][info][gc,metaspace   ] GC(847) Metaspace: 28862K(29312K)->28862K(29312K) NonClass: 23993K(24192K)->23993K(24192K) Class: 4869K(5120K)->4869K(5120K)
[3615.440s][info][gc             ] GC(847) Pause Young (Mixed) (G1 Evacuation Pause) 3667M->1323M(4096M) 130.804ms
[3615.440s][info][gc,cpu         ] GC(847) User=0.77s Sys=0.00s Real=0.13s
...[3618.305s][info][gc,start       ] GC(848) Pause Young (Concurrent Start) (G1 Evacuation Pause)
[3618.305s][info][gc,task        ] GC(848) Using 6 workers of 6 for evacuation
[3618.427s][info][gc,phases      ] GC(848)   Pre Evacuate Collection Set: 0.36ms
[3618.427s][info][gc,phases      ] GC(848)   Merge Heap Roots: 0.46ms
[3618.427s][info][gc,phases      ] GC(848)   Evacuate Collection Set: 120.72ms
[3618.427s][info][gc,phases      ] GC(848)   Post Evacuate Collection Set: 0.79ms
[3618.427s][info][gc,phases      ] GC(848)   Other: 0.10ms
[3618.427s][info][gc,heap        ] GC(848) Eden regions: 1119->0(1116)
[3618.427s][info][gc,heap        ] GC(848) Survivor regions: 109->112(154)
[3618.427s][info][gc,heap        ] GC(848) Old regions: 474->506
[3618.427s][info][gc,heap        ] GC(848) Humongous regions: 80->80
[3618.427s][info][gc,metaspace   ] GC(848) Metaspace: 28862K(29312K)->28862K(29312K) NonClass: 23993K(24192K)->23993K(24192K) Class: 4869K(5120K)->4869K(5120K)
[3618.427s][info][gc             ] GC(848) Pause Young (Concurrent Start) (G1 Evacuation Pause) 3561M->1394M(4096M) 122.575ms
[3618.427s][info][gc             ] GC(849) Concurrent Mark Cycle
[3618.427s][info][gc,marking     ] GC(849) Concurrent Scan Root Regions
[3618.427s][info][gc,cpu         ] GC(848) User=0.72s Sys=0.00s Real=0.12s
[3618.566s][info][gc,marking     ] GC(849) Concurrent Scan Root Regions 139.302ms
[3618.567s][info][gc,marking     ] GC(849) Concurrent Mark
[3618.567s][info][gc,marking     ] GC(849) Concurrent Mark From Roots
[3618.567s][info][gc,task        ] GC(849) Using 2 workers of 2 for marking
.[3619.294s][info][gc,marking     ] GC(849) Concurrent Mark From Roots 727.663ms
[3619.294s][info][gc,marking     ] GC(849) Concurrent Preclean
[3619.294s][info][gc,marking     ] GC(849) Concurrent Preclean 0.132ms
[3619.295s][info][gc,start       ] GC(849) Pause Remark
[3619.300s][info][gc             ] GC(849) Pause Remark 2161M->2161M(4096M) 5.500ms
[3619.300s][info][gc,cpu         ] GC(849) User=0.03s Sys=0.00s Real=0.00s
[3619.300s][info][gc,marking     ] GC(849) Concurrent Mark 733.781ms
[3619.300s][info][gc,marking     ] GC(849) Concurrent Rebuild Remembered Sets and Scrub Regions
[3619.554s][info][gc,marking     ] GC(849) Concurrent Rebuild Remembered Sets and Scrub Regions 253.946ms
[3619.555s][info][gc,start       ] GC(849) Pause Cleanup
[3619.555s][info][gc             ] GC(849) Pause Cleanup 2332M->2332M(4096M) 0.129ms
[3619.555s][info][gc,cpu         ] GC(849) User=0.00s Sys=0.00s Real=0.00s
[3619.555s][info][gc,marking     ] GC(849) Concurrent Clear Claimed Marks
[3619.555s][info][gc,marking     ] GC(849) Concurrent Clear Claimed Marks 0.024ms
[3619.555s][info][gc,marking     ] GC(849) Concurrent Cleanup for Next Mark
[3619.558s][info][gc,marking     ] GC(849) Concurrent Cleanup for Next Mark 3.590ms
[3619.558s][info][gc             ] GC(849) Concurrent Mark Cycle 1131.218ms
..[3621.237s][info][gc,start       ] GC(850) Pause Young (Prepare Mixed) (G1 Evacuation Pause)
[3621.237s][info][gc,task        ] GC(850) Using 6 workers of 6 for evacuation
[3621.355s][info][gc,phases      ] GC(850)   Pre Evacuate Collection Set: 0.34ms
[3621.355s][info][gc,phases      ] GC(850)   Merge Heap Roots: 0.50ms
[3621.355s][info][gc,phases      ] GC(850)   Evacuate Collection Set: 116.30ms
[3621.355s][info][gc,phases      ] GC(850)   Post Evacuate Collection Set: 0.92ms
[3621.355s][info][gc,phases      ] GC(850)   Other: 0.09ms
[3621.355s][info][gc,heap        ] GC(850) Eden regions: 1116->0(1106)
[3621.355s][info][gc,heap        ] GC(850) Survivor regions: 112->111(154)
[3621.355s][info][gc,heap        ] GC(850) Old regions: 506->537
[3621.355s][info][gc,heap        ] GC(850) Humongous regions: 80->80
[3621.355s][info][gc,metaspace   ] GC(850) Metaspace: 28862K(29312K)->28862K(29312K) NonClass: 23993K(24192K)->23993K(24192K) Class: 4869K(5120K)->4869K(5120K)
[3621.355s][info][gc             ] GC(850) Pause Young (Prepare Mixed) (G1 Evacuation Pause) 3626M->1454M(4096M) 118.278ms
[3621.355s][info][gc,cpu         ] GC(850) User=0.70s Sys=0.00s Real=0.12s
...[3624.215s][info][gc,start       ] GC(851) Pause Young (Mixed) (G1 Evacuation Pause)
[3624.215s][info][gc,task        ] GC(851) Using 6 workers of 6 for evacuation
[3624.350s][info][gc,phases      ] GC(851)   Pre Evacuate Collection Set: 0.41ms
[3624.350s][info][gc,phases      ] GC(851)   Merge Heap Roots: 0.72ms
[3624.350s][info][gc,phases      ] GC(851)   Evacuate Collection Set: 132.56ms
[3624.350s][info][gc,phases      ] GC(851)   Post Evacuate Collection Set: 0.99ms
[3624.350s][info][gc,phases      ] GC(851)   Other: 0.09ms
[3624.350s][info][gc,heap        ] GC(851) Eden regions: 1106->0(1120)
[3624.350s][info][gc,heap        ] GC(851) Survivor regions: 111->108(153)
[3624.350s][info][gc,heap        ] GC(851) Old regions: 537->474
[3624.350s][info][gc,heap        ] GC(851) Humongous regions: 80->80
[3624.350s][info][gc,metaspace   ] GC(851) Metaspace: 28862K(29312K)->28862K(29312K) NonClass: 23993K(24192K)->23993K(24192K) Class: 4869K(5120K)->4869K(5120K)
[3624.350s][info][gc             ] GC(851) Pause Young (Mixed) (G1 Evacuation Pause) 3666M->1322M(4096M) 134.906ms
[3624.350s][info][gc,cpu         ] GC(851) User=0.80s Sys=0.00s Real=0.13s
...[3627.124s][info][gc,start       ] GC(852) Pause Young (Concurrent Start) (G1 Evacuation Pause)
[3627.124s][info][gc,task        ] GC(852) Using 6 workers of 6 for evacuation
[3627.242s][info][gc,phases      ] GC(852)   Pre Evacuate Collection Set: 0.35ms
[3627.242s][info][gc,phases      ] GC(852)   Merge Heap Roots: 0.48ms
[3627.242s][info][gc,phases      ] GC(852)   Evacuate Collection Set: 115.94ms
[3627.242s][info][gc,phases      ] GC(852)   Post Evacuate Collection Set: 0.88ms
[3627.242s][info][gc,phases      ] GC(852)   Other: 0.10ms
[3627.242s][info][gc,heap        ] GC(852) Eden regions: 1120->0(1119)
[3627.242s][info][gc,heap        ] GC(852) Survivor regions: 108->109(154)
[3627.242s][info][gc,heap        ] GC(852) Old regions: 474->506
[3627.242s][info][gc,heap        ] GC(852) Humongous regions: 80->80
[3627.242s][info][gc,metaspace   ] GC(852) Metaspace: 28862K(29312K)->28862K(29312K) NonClass: 23993K(24192K)->23993K(24192K) Class: 4869K(5120K)->4869K(5120K)
[3627.242s][info][gc             ] GC(852) Pause Young (Concurrent Start) (G1 Evacuation Pause) 3562M->1389M(4096M) 117.886ms
[3627.242s][info][gc             ] GC(853) Concurrent Mark Cycle
[3627.242s][info][gc,marking     ] GC(853) Concurrent Scan Root Regions
[3627.242s][info][gc,cpu         ] GC(852) User=0.70s Sys=0.00s Real=0.12s
[3627.355s][info][gc,marking     ] GC(853) Concurrent Scan Root Regions 112.765ms
[3627.355s][info][gc,marking     ] GC(853) Concurrent Mark
[3627.355s][info][gc,marking     ] GC(853) Concurrent Mark From Roots
[3627.355s][info][gc,task        ] GC(853) Using 2 workers of 2 for marking
.[3627.906s][info][gc,marking     ] GC(853) Concurrent Mark From Roots 551.246ms
[3627.906s][info][gc,marking     ] GC(853) Concurrent Preclean
[3627.906s][info][gc,marking     ] GC(853) Concurrent Preclean 0.122ms
[3627.909s][info][gc,start       ] GC(853) Pause Remark
[3627.914s][info][gc             ] GC(853) Pause Remark 1907M->1907M(4096M) 5.360ms
[3627.914s][info][gc,cpu         ] GC(853) User=0.03s Sys=0.00s Real=0.01s
[3627.914s][info][gc,marking     ] GC(853) Concurrent Mark 559.349ms
[3627.914s][info][gc,marking     ] GC(853) Concurrent Rebuild Remembered Sets and Scrub Regions
[3628.178s][info][gc,marking     ] GC(853) Concurrent Rebuild Remembered Sets and Scrub Regions 263.592ms
[3628.178s][info][gc,start       ] GC(853) Pause Cleanup
[3628.178s][info][gc             ] GC(853) Pause Cleanup 2129M->2129M(4096M) 0.116ms
[3628.178s][info][gc,cpu         ] GC(853) User=0.00s Sys=0.00s Real=0.00s
[3628.180s][info][gc,marking     ] GC(853) Concurrent Clear Claimed Marks
[3628.180s][info][gc,marking     ] GC(853) Concurrent Clear Claimed Marks 0.039ms
[3628.180s][info][gc,marking     ] GC(853) Concurrent Cleanup for Next Mark
[3628.185s][info][gc,marking     ] GC(853) Concurrent Cleanup for Next Mark 4.799ms
[3628.185s][info][gc             ] GC(853) Concurrent Mark Cycle 942.583ms
..[3630.111s][info][gc,start       ] GC(854) Pause Young (Prepare Mixed) (G1 Evacuation Pause)
[3630.111s][info][gc,task        ] GC(854) Using 6 workers of 6 for evacuation
[3630.227s][info][gc,phases      ] GC(854)   Pre Evacuate Collection Set: 0.33ms
[3630.227s][info][gc,phases      ] GC(854)   Merge Heap Roots: 0.50ms
[3630.227s][info][gc,phases      ] GC(854)   Evacuate Collection Set: 114.71ms
[3630.227s][info][gc,phases      ] GC(854)   Post Evacuate Collection Set: 0.91ms
[3630.227s][info][gc,phases      ] GC(854)   Other: 0.09ms
[3630.227s][info][gc,heap        ] GC(854) Eden regions: 1119->0(1109)
[3630.227s][info][gc,heap        ] GC(854) Survivor regions: 109->109(154)
[3630.227s][info][gc,heap        ] GC(854) Old regions: 506->538
[3630.227s][info][gc,heap        ] GC(854) Humongous regions: 80->80
[3630.227s][info][gc,metaspace   ] GC(854) Metaspace: 28862K(29312K)->28862K(29312K) NonClass: 23993K(24192K)->23993K(24192K) Class: 4869K(5120K)->4869K(5120K)
[3630.227s][info][gc             ] GC(854) Pause Young (Prepare Mixed) (G1 Evacuation Pause) 3627M->1452M(4096M) 116.670ms
[3630.227s][info][gc,cpu         ] GC(854) User=0.69s Sys=0.00s Real=0.12s
...[3633.091s][info][gc,start       ] GC(855) Pause Young (Mixed) (G1 Evacuation Pause)
[3633.091s][info][gc,task        ] GC(855) Using 6 workers of 6 for evacuation
[3633.224s][info][gc,phases      ] GC(855)   Pre Evacuate Collection Set: 0.38ms
[3633.224s][info][gc,phases      ] GC(855)   Merge Heap Roots: 0.66ms
[3633.224s][info][gc,phases      ] GC(855)   Evacuate Collection Set: 130.41ms
[3633.224s][info][gc,phases      ] GC(855)   Post Evacuate Collection Set: 0.94ms
[3633.224s][info][gc,phases      ] GC(855)   Other: 0.09ms
[3633.224s][info][gc,heap        ] GC(855) Eden regions: 1109->0(1119)
[3633.224s][info][gc,heap        ] GC(855) Survivor regions: 109->109(153)
[3633.224s][info][gc,heap        ] GC(855) Old regions: 538->475
[3633.224s][info][gc,heap        ] GC(855) Humongous regions: 80->80
[3633.224s][info][gc,metaspace   ] GC(855) Metaspace: 28862K(29312K)->28862K(29312K) NonClass: 23993K(24192K)->23993K(24192K) Class: 4869K(5120K)->4869K(5120K)
[3633.224s][info][gc             ] GC(855) Pause Young (Mixed) (G1 Evacuation Pause) 3670M->1325M(4096M) 132.608ms
[3633.224s][info][gc,cpu         ] GC(855) User=0.79s Sys=0.00s Real=0.14s
...[3635.978s][info][gc,start       ] GC(856) Pause Young (Concurrent Start) (G1 Evacuation Pause)
[3635.978s][info][gc,task        ] GC(856) Using 6 workers of 6 for evacuation
[3636.101s][info][gc,phases      ] GC(856)   Pre Evacuate Collection Set: 0.34ms
[3636.101s][info][gc,phases      ] GC(856)   Merge Heap Roots: 0.45ms
[3636.101s][info][gc,phases      ] GC(856)   Evacuate Collection Set: 121.51ms
[3636.101s][info][gc,phases      ] GC(856)   Post Evacuate Collection Set: 0.89ms
[3636.101s][info][gc,phases      ] GC(856)   Other: 0.11ms
[3636.101s][info][gc,heap        ] GC(856) Eden regions: 1119->0(1115)
[3636.101s][info][gc,heap        ] GC(856) Survivor regions: 109->113(154)
[3636.101s][info][gc,heap        ] GC(856) Old regions: 475->507
[3636.101s][info][gc,heap        ] GC(856) Humongous regions: 80->80
[3636.101s][info][gc,metaspace   ] GC(856) Metaspace: 28862K(29312K)->28862K(29312K) NonClass: 23993K(24192K)->23993K(24192K) Class: 4869K(5120K)->4869K(5120K)
[3636.101s][info][gc             ] GC(856) Pause Young (Concurrent Start) (G1 Evacuation Pause) 3563M->1397M(4096M) 123.430ms
[3636.101s][info][gc             ] GC(857) Concurrent Mark Cycle
[3636.101s][info][gc,marking     ] GC(857) Concurrent Scan Root Regions
[3636.101s][info][gc,cpu         ] GC(856) User=0.73s Sys=0.00s Real=0.12s
[3636.294s][info][gc,marking     ] GC(857) Concurrent Scan Root Regions 192.522ms
[3636.294s][info][gc,marking     ] GC(857) Concurrent Mark
[3636.294s][info][gc,marking     ] GC(857) Concurrent Mark From Roots
[3636.294s][info][gc,task        ] GC(857) Using 2 workers of 2 for marking
.[3637.171s][info][gc,marking     ] GC(857) Concurrent Mark From Roots 877.755ms
[3637.171s][info][gc,marking     ] GC(857) Concurrent Preclean
[3637.172s][info][gc,marking     ] GC(857) Concurrent Preclean 0.162ms
[3637.173s][info][gc,start       ] GC(857) Pause Remark
[3637.179s][info][gc             ] GC(857) Pause Remark 2250M->2250M(4096M) 6.144ms
[3637.179s][info][gc,cpu         ] GC(857) User=0.03s Sys=0.00s Real=0.00s
[3637.180s][info][gc,marking     ] GC(857) Concurrent Mark 886.341ms
[3637.180s][info][gc,marking     ] GC(857) Concurrent Rebuild Remembered Sets and Scrub Regions
[3637.485s][info][gc,marking     ] GC(857) Concurrent Rebuild Remembered Sets and Scrub Regions 305.227ms
[3637.485s][info][gc,start       ] GC(857) Pause Cleanup
[3637.486s][info][gc             ] GC(857) Pause Cleanup 2490M->2490M(4096M) 0.111ms
[3637.486s][info][gc,cpu         ] GC(857) User=0.00s Sys=0.00s Real=0.00s
[3637.487s][info][gc,marking     ] GC(857) Concurrent Clear Claimed Marks
[3637.487s][info][gc,marking     ] GC(857) Concurrent Clear Claimed Marks 0.031ms
[3637.487s][info][gc,marking     ] GC(857) Concurrent Cleanup for Next Mark
[3637.491s][info][gc,marking     ] GC(857) Concurrent Cleanup for Next Mark 4.412ms
[3637.491s][info][gc             ] GC(857) Concurrent Mark Cycle 1390.048ms
..[3639.001s][info][gc,start       ] GC(858) Pause Young (Prepare Mixed) (G1 Evacuation Pause)
[3639.001s][info][gc,task        ] GC(858) Using 6 workers of 6 for evacuation
[3639.117s][info][gc,phases      ] GC(858)   Pre Evacuate Collection Set: 0.33ms
[3639.117s][info][gc,phases      ] GC(858)   Merge Heap Roots: 0.51ms
[3639.117s][info][gc,phases      ] GC(858)   Evacuate Collection Set: 114.12ms
[3639.117s][info][gc,phases      ] GC(858)   Post Evacuate Collection Set: 0.94ms
[3639.117s][info][gc,phases      ] GC(858)   Other: 0.09ms
[3639.117s][info][gc,heap        ] GC(858) Eden regions: 1115->0(1113)
[3639.117s][info][gc,heap        ] GC(858) Survivor regions: 113->107(154)
[3639.117s][info][gc,heap        ] GC(858) Old regions: 507->538
[3639.117s][info][gc,heap        ] GC(858) Humongous regions: 80->80
[3639.117s][info][gc,metaspace   ] GC(858) Metaspace: 28862K(29312K)->28862K(29312K) NonClass: 23993K(24192K)->23993K(24192K) Class: 4869K(5120K)->4869K(5120K)
[3639.117s][info][gc             ] GC(858) Pause Young (Prepare Mixed) (G1 Evacuation Pause) 3627M->1449M(4096M) 116.113ms
[3639.117s][info][gc,cpu         ] GC(858) User=0.69s Sys=0.00s Real=0.12s
... (rIR:aIR:PR = 6365:6364:6364) (tPR = 94287) [OK] 
  3641s: Performance info:
         Transaction,    Success,    Partial,     Failed,   Receipts, AvgBarcode, 
             Overall,     383810,          0,          0,     364622,      59.47, 
         Response times:
             Request,    Success,    Partial,     Failed,   SkipFail,     Probes,    Samples,      min,      p50,      p90,      p95,      p99,      max, 
       TotalPurchase,     364624,          0,          0,          0,     357106,     382793,      300,     5500,    32000,    65000,   145000,   305000,
     InStorePurchase,     191915,          0,          0,          0,     188276,     201145,      300,     5600,    33000,    66000,   146000,   305000,
      OnlinePurchase,     134338,          0,          0,          0,     131388,     141401,      300,     5300,    31000,    64000,   143000,   304000,
        InstPurchase,      38371,          0,          0,          0,      37442,      40247,      400,     5800,    33000,    65000,   145000,   285000,
          AssocOfCat,        384,          0,          0,          0,        306,        378,    22000,    37000,    67100,   112150,   190570,   310000,
      AssocOfProduct,       3840,          0,          0,          0,       3535,       3958,      500,     5200,    31000,    63050,   141820,   219000,
      BusinessReport,        959,          0,          0,          0,        815,        978,    24000,    42000,    92200,   132000,   223420,   310000,
          CustBuyBeh,       3842,          0,          0,          0,       3588,       4050,      200,     5700,    29000,    62450,   157000,   241000,
       ProductReturn,      10163,          0,          0,          0,       9722,      10781,      200,     6400,    37000,    70000,   145360,   307000,

  3641s: (47%)   IR =   6503 [3641.971s][info][gc,start       ] GC(859) Pause Young (Mixed) (G1 Evacuation Pause)
[3641.971s][info][gc,task        ] GC(859) Using 6 workers of 6 for evacuation
[3642.112s][info][gc,phases      ] GC(859)   Pre Evacuate Collection Set: 0.35ms
[3642.112s][info][gc,phases      ] GC(859)   Merge Heap Roots: 0.73ms
[3642.112s][info][gc,phases      ] GC(859)   Evacuate Collection Set: 138.96ms
[3642.112s][info][gc,phases      ] GC(859)   Post Evacuate Collection Set: 0.94ms
[3642.112s][info][gc,phases      ] GC(859)   Other: 0.09ms
[3642.112s][info][gc,heap        ] GC(859) Eden regions: 1113->0(1111)
[3642.112s][info][gc,heap        ] GC(859) Survivor regions: 107->117(153)
[3642.112s][info][gc,heap        ] GC(859) Old regions: 538->473
[3642.112s][info][gc,heap        ] GC(859) Humongous regions: 80->80
[3642.112s][info][gc,metaspace   ] GC(859) Metaspace: 28863K(29312K)->28863K(29312K) NonClass: 23994K(24192K)->23994K(24192K) Class: 4869K(5120K)->4869K(5120K)
[3642.112s][info][gc             ] GC(859) Pause Young (Mixed) (G1 Evacuation Pause) 3675M->1337M(4096M) 141.199ms
[3642.112s][info][gc,cpu         ] GC(859) User=0.83s Sys=0.00s Real=0.15s
...[3644.835s][info][gc,start       ] GC(860) Pause Young (Concurrent Start) (G1 Evacuation Pause)
[3644.835s][info][gc,task        ] GC(860) Using 6 workers of 6 for evacuation
[3644.954s][info][gc,phases      ] GC(860)   Pre Evacuate Collection Set: 0.37ms
[3644.954s][info][gc,phases      ] GC(860)   Merge Heap Roots: 0.47ms
[3644.954s][info][gc,phases      ] GC(860)   Evacuate Collection Set: 117.46ms
[3644.954s][info][gc,phases      ] GC(860)   Post Evacuate Collection Set: 0.95ms
[3644.954s][info][gc,phases      ] GC(860)   Other: 0.12ms
[3644.954s][info][gc,heap        ] GC(860) Eden regions: 1111->0(1116)
[3644.954s][info][gc,heap        ] GC(860) Survivor regions: 117->112(154)
[3644.954s][info][gc,heap        ] GC(860) Old regions: 473->505
[3644.954s][info][gc,heap        ] GC(860) Humongous regions: 80->80
[3644.954s][info][gc,metaspace   ] GC(860) Metaspace: 28863K(29312K)->28863K(29312K) NonClass: 23994K(24192K)->23994K(24192K) Class: 4869K(5120K)->4869K(5120K)
[3644.954s][info][gc             ] GC(860) Pause Young (Concurrent Start) (G1 Evacuation Pause) 3559M->1391M(4096M) 119.508ms
[3644.955s][info][gc             ] GC(861) Concurrent Mark Cycle
[3644.955s][info][gc,marking     ] GC(861) Concurrent Scan Root Regions
[3644.955s][info][gc,cpu         ] GC(860) User=0.71s Sys=0.00s Real=0.12s
[3645.137s][info][gc,marking     ] GC(861) Concurrent Scan Root Regions 182.217ms
[3645.137s][info][gc,marking     ] GC(861) Concurrent Mark
[3645.137s][info][gc,marking     ] GC(861) Concurrent Mark From Roots
[3645.137s][info][gc,task        ] GC(861) Using 2 workers of 2 for marking
.|[3646.139s][info][gc,marking     ] GC(861) Concurrent Mark From Roots 1002.583ms
[3646.139s][info][gc,marking     ] GC(861) Concurrent Preclean
[3646.140s][info][gc,marking     ] GC(861) Concurrent Preclean 0.128ms
[3646.140s][info][gc,start       ] GC(861) Pause Remark
[3646.144s][info][gc             ] GC(861) Pause Remark 2426M->2426M(4096M) 4.727ms
[3646.144s][info][gc,cpu         ] GC(861) User=0.02s Sys=0.00s Real=0.01s
[3646.144s][info][gc,marking     ] GC(861) Concurrent Mark 1007.693ms
[3646.145s][info][gc,marking     ] GC(861) Concurrent Rebuild Remembered Sets and Scrub Regions
[3646.448s][info][gc,marking     ] GC(861) Concurrent Rebuild Remembered Sets and Scrub Regions 303.685ms
[3646.448s][info][gc,start       ] GC(861) Pause Cleanup
[3646.448s][info][gc             ] GC(861) Pause Cleanup 2657M->2657M(4096M) 0.111ms
[3646.448s][info][gc,cpu         ] GC(861) User=0.00s Sys=0.00s Real=0.00s
[3646.449s][info][gc,marking     ] GC(861) Concurrent Clear Claimed Marks
[3646.449s][info][gc,marking     ] GC(861) Concurrent Clear Claimed Marks 0.022ms
[3646.449s][info][gc,marking     ] GC(861) Concurrent Cleanup for Next Mark
[3646.453s][info][gc,marking     ] GC(861) Concurrent Cleanup for Next Mark 4.654ms
[3646.453s][info][gc             ] GC(861) Concurrent Mark Cycle 1498.750ms
.[3647.703s][info][gc,start       ] GC(862) Pause Young (Prepare Mixed) (G1 Evacuation Pause)
[3647.703s][info][gc,task        ] GC(862) Using 6 workers of 6 for evacuation
[3647.826s][info][gc,phases      ] GC(862)   Pre Evacuate Collection Set: 0.34ms
[3647.826s][info][gc,phases      ] GC(862)   Merge Heap Roots: 0.53ms
[3647.826s][info][gc,phases      ] GC(862)   Evacuate Collection Set: 121.69ms
[3647.826s][info][gc,phases      ] GC(862)   Post Evacuate Collection Set: 0.92ms
[3647.826s][info][gc,phases      ] GC(862)   Other: 0.09ms
[3647.826s][info][gc,heap        ] GC(862) Eden regions: 1116->0(1104)
[3647.826s][info][gc,heap        ] GC(862) Survivor regions: 112->112(154)
[3647.826s][info][gc,heap        ] GC(862) Old regions: 505->537
[3647.826s][info][gc,heap        ] GC(862) Humongous regions: 80->80
[3647.826s][info][gc,metaspace   ] GC(862) Metaspace: 28863K(29312K)->28863K(29312K) NonClass: 23994K(24192K)->23994K(24192K) Class: 4869K(5120K)->4869K(5120K)
[3647.827s][info][gc             ] GC(862) Pause Young (Prepare Mixed) (G1 Evacuation Pause) 3623M->1456M(4096M) 123.708ms
[3647.827s][info][gc,cpu         ] GC(862) User=0.74s Sys=0.00s Real=0.12s
...[3650.588s][info][gc,start       ] GC(863) Pause Young (Mixed) (G1 Evacuation Pause)
[3650.588s][info][gc,task        ] GC(863) Using 6 workers of 6 for evacuation
[3650.732s][info][gc,phases      ] GC(863)   Pre Evacuate Collection Set: 0.38ms
[3650.732s][info][gc,phases      ] GC(863)   Merge Heap Roots: 0.78ms
[3650.732s][info][gc,phases      ] GC(863)   Evacuate Collection Set: 141.04ms
[3650.732s][info][gc,phases      ] GC(863)   Post Evacuate Collection Set: 0.94ms
[3650.732s][info][gc,phases      ] GC(863)   Other: 0.09ms
[3650.732s][info][gc,heap        ] GC(863) Eden regions: 1104->0(1113)
[3650.732s][info][gc,heap        ] GC(863) Survivor regions: 112->115(152)
[3650.732s][info][gc,heap        ] GC(863) Old regions: 537->473
[3650.732s][info][gc,heap        ] GC(863) Humongous regions: 80->80
[3650.732s][info][gc,metaspace   ] GC(863) Metaspace: 28863K(29312K)->28863K(29312K) NonClass: 23994K(24192K)->23994K(24192K) Class: 4869K(5120K)->4869K(5120K)
[3650.732s][info][gc             ] GC(863) Pause Young (Mixed) (G1 Evacuation Pause) 3664M->1335M(4096M) 143.372ms
[3650.732s][info][gc,cpu         ] GC(863) User=0.85s Sys=0.00s Real=0.14s
...[3653.488s][info][gc,start       ] GC(864) Pause Young (Concurrent Start) (G1 Evacuation Pause)
[3653.489s][info][gc,task        ] GC(864) Using 6 workers of 6 for evacuation
[3653.610s][info][gc,phases      ] GC(864)   Pre Evacuate Collection Set: 0.37ms
[3653.610s][info][gc,phases      ] GC(864)   Merge Heap Roots: 0.44ms
[3653.610s][info][gc,phases      ] GC(864)   Evacuate Collection Set: 119.45ms
[3653.610s][info][gc,phases      ] GC(864)   Post Evacuate Collection Set: 0.89ms
[3653.610s][info][gc,phases      ] GC(864)   Other: 0.12ms
[3653.610s][info][gc,heap        ] GC(864) Eden regions: 1113->0(1115)
[3653.610s][info][gc,heap        ] GC(864) Survivor regions: 115->113(154)
[3653.610s][info][gc,heap        ] GC(864) Old regions: 473->505
[3653.610s][info][gc,heap        ] GC(864) Humongous regions: 80->80
[3653.610s][info][gc,metaspace   ] GC(864) Metaspace: 28863K(29312K)->28863K(29312K) NonClass: 23994K(24192K)->23994K(24192K) Class: 4869K(5120K)->4869K(5120K)
[3653.610s][info][gc             ] GC(864) Pause Young (Concurrent Start) (G1 Evacuation Pause) 3561M->1394M(4096M) 121.397ms
[3653.610s][info][gc             ] GC(865) Concurrent Mark Cycle
[3653.610s][info][gc,marking     ] GC(865) Concurrent Scan Root Regions
[3653.610s][info][gc,cpu         ] GC(864) User=0.71s Sys=0.00s Real=0.12s
[3653.820s][info][gc,marking     ] GC(865) Concurrent Scan Root Regions 210.312ms
[3653.820s][info][gc,marking     ] GC(865) Concurrent Mark
[3653.820s][info][gc,marking     ] GC(865) Concurrent Mark From Roots
[3653.820s][info][gc,task        ] GC(865) Using 2 workers of 2 for marking
.[3654.757s][info][gc,marking     ] GC(865) Concurrent Mark From Roots 937.051ms
[3654.757s][info][gc,marking     ] GC(865) Concurrent Preclean
[3654.758s][info][gc,marking     ] GC(865) Concurrent Preclean 0.098ms
[3654.758s][info][gc,start       ] GC(865) Pause Remark
[3654.763s][info][gc             ] GC(865) Pause Remark 2389M->2389M(4096M) 5.788ms
[3654.763s][info][gc,cpu         ] GC(865) User=0.03s Sys=0.00s Real=0.01s
[3654.764s][info][gc,marking     ] GC(865) Concurrent Mark 943.210ms
[3654.764s][info][gc,marking     ] GC(865) Concurrent Rebuild Remembered Sets and Scrub Regions
.[3655.017s][info][gc,marking     ] GC(865) Concurrent Rebuild Remembered Sets and Scrub Regions 253.915ms
[3655.018s][info][gc,start       ] GC(865) Pause Cleanup
[3655.018s][info][gc             ] GC(865) Pause Cleanup 2591M->2591M(4096M) 0.115ms
[3655.018s][info][gc,cpu         ] GC(865) User=0.00s Sys=0.00s Real=0.00s
[3655.018s][info][gc,marking     ] GC(865) Concurrent Clear Claimed Marks
[3655.018s][info][gc,marking     ] GC(865) Concurrent Clear Claimed Marks 0.034ms
[3655.018s][info][gc,marking     ] GC(865) Concurrent Cleanup for Next Mark
[3655.023s][info][gc,marking     ] GC(865) Concurrent Cleanup for Next Mark 4.564ms
[3655.023s][info][gc             ] GC(865) Concurrent Mark Cycle 1412.935ms
.[3656.347s][info][gc,start       ] GC(866) Pause Young (Prepare Mixed) (G1 Evacuation Pause)
[3656.347s][info][gc,task        ] GC(866) Using 6 workers of 6 for evacuation
[3656.465s][info][gc,phases      ] GC(866)   Pre Evacuate Collection Set: 0.33ms
[3656.465s][info][gc,phases      ] GC(866)   Merge Heap Roots: 0.51ms
[3656.465s][info][gc,phases      ] GC(866)   Evacuate Collection Set: 116.36ms
[3656.465s][info][gc,phases      ] GC(866)   Post Evacuate Collection Set: 0.93ms
[3656.465s][info][gc,phases      ] GC(866)   Other: 0.09ms
[3656.465s][info][gc,heap        ] GC(866) Eden regions: 1115->0(1110)
[3656.465s][info][gc,heap        ] GC(866) Survivor regions: 113->109(154)
[3656.465s][info][gc,heap        ] GC(866) Old regions: 505->537
[3656.465s][info][gc,heap        ] GC(866) Humongous regions: 80->80
[3656.465s][info][gc,metaspace   ] GC(866) Metaspace: 28863K(29312K)->28863K(29312K) NonClass: 23994K(24192K)->23994K(24192K) Class: 4869K(5120K)->4869K(5120K)
[3656.465s][info][gc             ] GC(866) Pause Young (Prepare Mixed) (G1 Evacuation Pause) 3624M->1450M(4096M) 118.354ms
[3656.465s][info][gc,cpu         ] GC(866) User=0.70s Sys=0.00s Real=0.12s
...[3659.285s][info][gc,start       ] GC(867) Pause Young (Mixed) (G1 Evacuation Pause)
[3659.285s][info][gc,task        ] GC(867) Using 6 workers of 6 for evacuation
[3659.418s][info][gc,phases      ] GC(867)   Pre Evacuate Collection Set: 0.37ms
[3659.418s][info][gc,phases      ] GC(867)   Merge Heap Roots: 0.71ms
[3659.418s][info][gc,phases      ] GC(867)   Evacuate Collection Set: 130.09ms
[3659.418s][info][gc,phases      ] GC(867)   Post Evacuate Collection Set: 0.94ms
[3659.418s][info][gc,phases      ] GC(867)   Other: 0.09ms
[3659.418s][info][gc,heap        ] GC(867) Eden regions: 1110->0(1119)
[3659.418s][info][gc,heap        ] GC(867) Survivor regions: 109->109(153)
[3659.418s][info][gc,heap        ] GC(867) Old regions: 537->475
[3659.418s][info][gc,heap        ] GC(867) Humongous regions: 80->80
[3659.418s][info][gc,metaspace   ] GC(867) Metaspace: 28863K(29312K)->28863K(29312K) NonClass: 23994K(24192K)->23994K(24192K) Class: 4869K(5120K)->4869K(5120K)
[3659.418s][info][gc             ] GC(867) Pause Young (Mixed) (G1 Evacuation Pause) 3670M->1326M(4096M) 132.322ms
[3659.418s][info][gc,cpu         ] GC(867) User=0.78s Sys=0.00s Real=0.13s
...[3662.087s][info][gc,start       ] GC(868) Pause Young (Concurrent Start) (G1 Evacuation Pause)
[3662.087s][info][gc,task        ] GC(868) Using 6 workers of 6 for evacuation
[3662.203s][info][gc,phases      ] GC(868)   Pre Evacuate Collection Set: 0.41ms
[3662.203s][info][gc,phases      ] GC(868)   Merge Heap Roots: 0.49ms
[3662.203s][info][gc,phases      ] GC(868)   Evacuate Collection Set: 113.59ms
[3662.203s][info][gc,phases      ] GC(868)   Post Evacuate Collection Set: 0.87ms
[3662.203s][info][gc,phases      ] GC(868)   Other: 0.11ms
[3662.203s][info][gc,heap        ] GC(868) Eden regions: 1119->0(1120)
[3662.203s][info][gc,heap        ] GC(868) Survivor regions: 109->108(154)
[3662.203s][info][gc,heap        ] GC(868) Old regions: 475->507
[3662.203s][info][gc,heap        ] GC(868) Humongous regions: 80->80
[3662.203s][info][gc,metaspace   ] GC(868) Metaspace: 28863K(29312K)->28863K(29312K) NonClass: 23994K(24192K)->23994K(24192K) Class: 4869K(5120K)->4869K(5120K)
[3662.203s][info][gc             ] GC(868) Pause Young (Concurrent Start) (G1 Evacuation Pause) 3564M->1388M(4096M) 115.636ms
[3662.203s][info][gc             ] GC(869) Concurrent Mark Cycle
[3662.203s][info][gc,marking     ] GC(869) Concurrent Scan Root Regions
[3662.203s][info][gc,cpu         ] GC(868) User=0.68s Sys=0.00s Real=0.12s
[3662.340s][info][gc,marking     ] GC(869) Concurrent Scan Root Regions 137.593ms
[3662.341s][info][gc,marking     ] GC(869) Concurrent Mark
[3662.341s][info][gc,marking     ] GC(869) Concurrent Mark From Roots
[3662.341s][info][gc,task        ] GC(869) Using 2 workers of 2 for marking
.[3663.068s][info][gc,marking     ] GC(869) Concurrent Mark From Roots 727.118ms
[3663.068s][info][gc,marking     ] GC(869) Concurrent Preclean
[3663.068s][info][gc,marking     ] GC(869) Concurrent Preclean 0.155ms
[3663.069s][info][gc,start       ] GC(869) Pause Remark
[3663.074s][info][gc             ] GC(869) Pause Remark 2100M->2100M(4096M) 4.954ms
[3663.074s][info][gc,cpu         ] GC(869) User=0.03s Sys=0.00s Real=0.01s
[3663.074s][info][gc,marking     ] GC(869) Concurrent Mark 733.682ms
[3663.074s][info][gc,marking     ] GC(869) Concurrent Rebuild Remembered Sets and Scrub Regions
[3663.320s][info][gc,marking     ] GC(869) Concurrent Rebuild Remembered Sets and Scrub Regions 245.765ms
[3663.320s][info][gc,start       ] GC(869) Pause Cleanup
[3663.320s][info][gc             ] GC(869) Pause Cleanup 2322M->2322M(4096M) 0.115ms
[3663.320s][info][gc,cpu         ] GC(869) User=0.00s Sys=0.00s Real=0.00s
[3663.322s][info][gc,marking     ] GC(869) Concurrent Clear Claimed Marks
[3663.322s][info][gc,marking     ] GC(869) Concurrent Clear Claimed Marks 0.038ms
[3663.322s][info][gc,marking     ] GC(869) Concurrent Cleanup for Next Mark
[3663.327s][info][gc,marking     ] GC(869) Concurrent Cleanup for Next Mark 5.273ms
[3663.327s][info][gc             ] GC(869) Concurrent Mark Cycle 1124.058ms
..[3665.047s][info][gc,start       ] GC(870) Pause Young (Prepare Mixed) (G1 Evacuation Pause)
[3665.047s][info][gc,task        ] GC(870) Using 6 workers of 6 for evacuation
[3665.162s][info][gc,phases      ] GC(870)   Pre Evacuate Collection Set: 0.33ms
[3665.162s][info][gc,phases      ] GC(870)   Merge Heap Roots: 0.53ms
[3665.162s][info][gc,phases      ] GC(870)   Evacuate Collection Set: 113.09ms
[3665.162s][info][gc,phases      ] GC(870)   Post Evacuate Collection Set: 0.91ms
[3665.162s][info][gc,phases      ] GC(870)   Other: 0.09ms
[3665.162s][info][gc,heap        ] GC(870) Eden regions: 1120->0(1111)
[3665.162s][info][gc,heap        ] GC(870) Survivor regions: 108->107(154)
[3665.162s][info][gc,heap        ] GC(870) Old regions: 507->540
[3665.162s][info][gc,heap        ] GC(870) Humongous regions: 80->80
[3665.162s][info][gc,metaspace   ] GC(870) Metaspace: 28863K(29312K)->28863K(29312K) NonClass: 23994K(24192K)->23994K(24192K) Class: 4869K(5120K)->4869K(5120K)
[3665.162s][info][gc             ] GC(870) Pause Young (Prepare Mixed) (G1 Evacuation Pause) 3628M->1451M(4096M) 115.091ms
[3665.162s][info][gc,cpu         ] GC(870) User=0.68s Sys=0.00s Real=0.11s
..[3667.945s][info][gc,start       ] GC(871) Pause Young (Mixed) (G1 Evacuation Pause)
[3667.945s][info][gc,task        ] GC(871) Using 6 workers of 6 for evacuation
[3668.076s][info][gc,phases      ] GC(871)   Pre Evacuate Collection Set: 0.37ms
[3668.076s][info][gc,phases      ] GC(871)   Merge Heap Roots: 0.65ms
[3668.076s][info][gc,phases      ] GC(871)   Evacuate Collection Set: 129.30ms
[3668.076s][info][gc,phases      ] GC(871)   Post Evacuate Collection Set: 0.95ms
[3668.076s][info][gc,phases      ] GC(871)   Other: 0.11ms
[3668.076s][info][gc,heap        ] GC(871) Eden regions: 1111->0(1117)
[3668.076s][info][gc,heap        ] GC(871) Survivor regions: 107->111(153)
[3668.076s][info][gc,heap        ] GC(871) Old regions: 540->473
[3668.076s][info][gc,heap        ] GC(871) Humongous regions: 80->80
[3668.076s][info][gc,metaspace   ] GC(871) Metaspace: 28863K(29312K)->28863K(29312K) NonClass: 23994K(24192K)->23994K(24192K) Class: 4869K(5120K)->4869K(5120K)
[3668.076s][info][gc             ] GC(871) Pause Young (Mixed) (G1 Evacuation Pause) 3673M->1326M(4096M) 131.523ms
[3668.077s][info][gc,cpu         ] GC(871) User=0.78s Sys=0.00s Real=0.13s
...[3670.822s][info][gc,start       ] GC(872) Pause Young (Concurrent Start) (G1 Evacuation Pause)
[3670.822s][info][gc,task        ] GC(872) Using 6 workers of 6 for evacuation
[3670.944s][info][gc,phases      ] GC(872)   Pre Evacuate Collection Set: 0.41ms
[3670.944s][info][gc,phases      ] GC(872)   Merge Heap Roots: 0.53ms
[3670.944s][info][gc,phases      ] GC(872)   Evacuate Collection Set: 119.98ms
[3670.944s][info][gc,phases      ] GC(872)   Post Evacuate Collection Set: 0.89ms
[3670.944s][info][gc,phases      ] GC(872)   Other: 0.10ms
[3670.944s][info][gc,heap        ] GC(872) Eden regions: 1117->0(1114)
[3670.944s][info][gc,heap        ] GC(872) Survivor regions: 111->114(154)
[3670.944s][info][gc,heap        ] GC(872) Old regions: 473->505
[3670.944s][info][gc,heap        ] GC(872) Humongous regions: 80->80
[3670.944s][info][gc,metaspace   ] GC(872) Metaspace: 28863K(29312K)->28863K(29312K) NonClass: 23994K(24192K)->23994K(24192K) Class: 4869K(5120K)->4869K(5120K)
[3670.944s][info][gc             ] GC(872) Pause Young (Concurrent Start) (G1 Evacuation Pause) 3560M->1396M(4096M) 122.031ms
[3670.944s][info][gc             ] GC(873) Concurrent Mark Cycle
[3670.944s][info][gc,marking     ] GC(873) Concurrent Scan Root Regions
[3670.944s][info][gc,cpu         ] GC(872) User=0.72s Sys=0.00s Real=0.13s
.[3671.163s][info][gc,marking     ] GC(873) Concurrent Scan Root Regions 219.753ms
[3671.163s][info][gc,marking     ] GC(873) Concurrent Mark
[3671.163s][info][gc,marking     ] GC(873) Concurrent Mark From Roots
[3671.163s][info][gc,task        ] GC(873) Using 2 workers of 2 for marking
.[3672.175s][info][gc,marking     ] GC(873) Concurrent Mark From Roots 1011.817ms
[3672.175s][info][gc,marking     ] GC(873) Concurrent Preclean
[3672.176s][info][gc,marking     ] GC(873) Concurrent Preclean 0.163ms
[3672.176s][info][gc,start       ] GC(873) Pause Remark
[3672.182s][info][gc             ] GC(873) Pause Remark 2449M->2449M(4096M) 5.975ms
[3672.182s][info][gc,cpu         ] GC(873) User=0.03s Sys=0.00s Real=0.00s
[3672.182s][info][gc,marking     ] GC(873) Concurrent Mark 1018.312ms
[3672.182s][info][gc,marking     ] GC(873) Concurrent Rebuild Remembered Sets and Scrub Regions
[3672.549s][info][gc,marking     ] GC(873) Concurrent Rebuild Remembered Sets and Scrub Regions 367.189ms
[3672.549s][info][gc,start       ] GC(873) Pause Cleanup
[3672.549s][info][gc             ] GC(873) Pause Cleanup 2727M->2727M(4096M) 0.157ms
[3672.549s][info][gc,cpu         ] GC(873) User=0.00s Sys=0.00s Real=0.00s
[3672.550s][info][gc,marking     ] GC(873) Concurrent Clear Claimed Marks
[3672.550s][info][gc,marking     ] GC(873) Concurrent Clear Claimed Marks 0.032ms
[3672.550s][info][gc,marking     ] GC(873) Concurrent Cleanup for Next Mark
[3672.556s][info][gc,marking     ] GC(873) Concurrent Cleanup for Next Mark 6.713ms
[3672.556s][info][gc             ] GC(873) Concurrent Mark Cycle 1612.714ms
.[3673.698s][info][gc,start       ] GC(874) Pause Young (Prepare Mixed) (G1 Evacuation Pause)
[3673.698s][info][gc,task        ] GC(874) Using 6 workers of 6 for evacuation
[3673.820s][info][gc,phases      ] GC(874)   Pre Evacuate Collection Set: 0.31ms
[3673.820s][info][gc,phases      ] GC(874)   Merge Heap Roots: 0.48ms
[3673.820s][info][gc,phases      ] GC(874)   Evacuate Collection Set: 120.67ms
[3673.820s][info][gc,phases      ] GC(874)   Post Evacuate Collection Set: 0.93ms
[3673.820s][info][gc,phases      ] GC(874)   Other: 0.09ms
[3673.820s][info][gc,heap        ] GC(874) Eden regions: 1114->0(1100)
[3673.820s][info][gc,heap        ] GC(874) Survivor regions: 114->114(154)
[3673.820s][info][gc,heap        ] GC(874) Old regions: 505->537
[3673.820s][info][gc,heap        ] GC(874) Humongous regions: 80->80
[3673.820s][info][gc,metaspace   ] GC(874) Metaspace: 28863K(29312K)->28863K(29312K) NonClass: 23994K(24192K)->23994K(24192K) Class: 4869K(5120K)->4869K(5120K)
[3673.820s][info][gc             ] GC(874) Pause Young (Prepare Mixed) (G1 Evacuation Pause) 3624M->1460M(4096M) 122.608ms
[3673.820s][info][gc,cpu         ] GC(874) User=0.73s Sys=0.00s Real=0.12s
...[3676.485s][info][gc,start       ] GC(875) Pause Young (Mixed) (G1 Evacuation Pause)
[3676.485s][info][gc,task        ] GC(875) Using 6 workers of 6 for evacuation
[3676.624s][info][gc,phases      ] GC(875)   Pre Evacuate Collection Set: 0.38ms
[3676.624s][info][gc,phases      ] GC(875)   Merge Heap Roots: 0.70ms
[3676.624s][info][gc,phases      ] GC(875)   Evacuate Collection Set: 136.69ms
[3676.624s][info][gc,phases      ] GC(875)   Post Evacuate Collection Set: 0.96ms
[3676.624s][info][gc,phases      ] GC(875)   Other: 0.09ms
[3676.624s][info][gc,heap        ] GC(875) Eden regions: 1100->0(1117)
[3676.624s][info][gc,heap        ] GC(875) Survivor regions: 114->111(152)
[3676.624s][info][gc,heap        ] GC(875) Old regions: 537->475
[3676.624s][info][gc,heap        ] GC(875) Humongous regions: 80->80
[3676.624s][info][gc,metaspace   ] GC(875) Metaspace: 28863K(29312K)->28863K(29312K) NonClass: 23994K(24192K)->23994K(24192K) Class: 4869K(5120K)->4869K(5120K)
[3676.624s][info][gc             ] GC(875) Pause Young (Mixed) (G1 Evacuation Pause) 3660M->1330M(4096M) 138.955ms
[3676.624s][info][gc,cpu         ] GC(875) User=0.82s Sys=0.00s Real=0.14s
...[3679.418s][info][gc,start       ] GC(876) Pause Young (Concurrent Start) (G1 Evacuation Pause)
[3679.418s][info][gc,task        ] GC(876) Using 6 workers of 6 for evacuation
[3679.538s][info][gc,phases      ] GC(876)   Pre Evacuate Collection Set: 0.39ms
[3679.538s][info][gc,phases      ] GC(876)   Merge Heap Roots: 0.50ms
[3679.538s][info][gc,phases      ] GC(876)   Evacuate Collection Set: 118.11ms
[3679.538s][info][gc,phases      ] GC(876)   Post Evacuate Collection Set: 0.89ms
[3679.538s][info][gc,phases      ] GC(876)   Other: 0.11ms
[3679.538s][info][gc,heap        ] GC(876) Eden regions: 1117->0(1117)
[3679.538s][info][gc,heap        ] GC(876) Survivor regions: 111->111(154)
[3679.538s][info][gc,heap        ] GC(876) Old regions: 475->507
[3679.538s][info][gc,heap        ] GC(876) Humongous regions: 80->80
[3679.538s][info][gc,metaspace   ] GC(876) Metaspace: 28863K(29312K)->28863K(29312K) NonClass: 23994K(24192K)->23994K(24192K) Class: 4869K(5120K)->4869K(5120K)
[3679.538s][info][gc             ] GC(876) Pause Young (Concurrent Start) (G1 Evacuation Pause) 3564M->1393M(4096M) 120.134ms
[3679.538s][info][gc             ] GC(877) Concurrent Mark Cycle
[3679.538s][info][gc,marking     ] GC(877) Concurrent Scan Root Regions
[3679.538s][info][gc,cpu         ] GC(876) User=0.71s Sys=0.00s Real=0.12s
[3679.718s][info][gc,marking     ] GC(877) Concurrent Scan Root Regions 179.164ms
[3679.718s][info][gc,marking     ] GC(877) Concurrent Mark
[3679.718s][info][gc,marking     ] GC(877) Concurrent Mark From Roots
[3679.718s][info][gc,task        ] GC(877) Using 2 workers of 2 for marking
.[3680.448s][info][gc,marking     ] GC(877) Concurrent Mark From Roots 730.265ms
[3680.448s][info][gc,marking     ] GC(877) Concurrent Preclean
[3680.448s][info][gc,marking     ] GC(877) Concurrent Preclean 0.151ms
[3680.451s][info][gc,start       ] GC(877) Pause Remark
[3680.456s][info][gc             ] GC(877) Pause Remark 2145M->2145M(4096M) 4.737ms
[3680.456s][info][gc,cpu         ] GC(877) User=0.03s Sys=0.00s Real=0.01s
[3680.456s][info][gc,marking     ] GC(877) Concurrent Mark 738.422ms
[3680.456s][info][gc,marking     ] GC(877) Concurrent Rebuild Remembered Sets and Scrub Regions
[3680.720s][info][gc,marking     ] GC(877) Concurrent Rebuild Remembered Sets and Scrub Regions 263.924ms
[3680.720s][info][gc,start       ] GC(877) Pause Cleanup
[3680.720s][info][gc             ] GC(877) Pause Cleanup 2393M->2393M(4096M) 0.130ms
[3680.720s][info][gc,cpu         ] GC(877) User=0.00s Sys=0.00s Real=0.00s
[3680.720s][info][gc,marking     ] GC(877) Concurrent Clear Claimed Marks
[3680.720s][info][gc,marking     ] GC(877) Concurrent Clear Claimed Marks 0.026ms
[3680.720s][info][gc,marking     ] GC(877) Concurrent Cleanup for Next Mark
[3680.724s][info][gc,marking     ] GC(877) Concurrent Cleanup for Next Mark 3.200ms
[3680.724s][info][gc             ] GC(877) Concurrent Mark Cycle 1185.243ms
..[3682.317s][info][gc,start       ] GC(878) Pause Young (Prepare Mixed) (G1 Evacuation Pause)
[3682.318s][info][gc,task        ] GC(878) Using 6 workers of 6 for evacuation
[3682.436s][info][gc,phases      ] GC(878)   Pre Evacuate Collection Set: 0.33ms
[3682.436s][info][gc,phases      ] GC(878)   Merge Heap Roots: 0.50ms
[3682.436s][info][gc,phases      ] GC(878)   Evacuate Collection Set: 116.15ms
[3682.436s][info][gc,phases      ] GC(878)   Post Evacuate Collection Set: 0.93ms
[3682.436s][info][gc,phases      ] GC(878)   Other: 0.09ms
[3682.436s][info][gc,heap        ] GC(878) Eden regions: 1117->0(1106)
[3682.436s][info][gc,heap        ] GC(878) Survivor regions: 111->111(154)
[3682.436s][info][gc,heap        ] GC(878) Old regions: 507->537
[3682.436s][info][gc,heap        ] GC(878) Humongous regions: 80->80
[3682.436s][info][gc,metaspace   ] GC(878) Metaspace: 28863K(29312K)->28863K(29312K) NonClass: 23994K(24192K)->23994K(24192K) Class: 4869K(5120K)->4869K(5120K)
[3682.436s][info][gc             ] GC(878) Pause Young (Prepare Mixed) (G1 Evacuation Pause) 3627M->1455M(4096M) 118.120ms
[3682.436s][info][gc,cpu         ] GC(878) User=0.69s Sys=0.00s Real=0.12s
...[3685.179s][info][gc,start       ] GC(879) Pause Young (Mixed) (G1 Evacuation Pause)
[3685.179s][info][gc,task        ] GC(879) Using 6 workers of 6 for evacuation
[3685.313s][info][gc,phases      ] GC(879)   Pre Evacuate Collection Set: 0.36ms
[3685.313s][info][gc,phases      ] GC(879)   Merge Heap Roots: 0.65ms
[3685.313s][info][gc,phases      ] GC(879)   Evacuate Collection Set: 131.58ms
[3685.313s][info][gc,phases      ] GC(879)   Post Evacuate Collection Set: 0.96ms
[3685.313s][info][gc,phases      ] GC(879)   Other: 0.08ms
[3685.313s][info][gc,heap        ] GC(879) Eden regions: 1106->0(1118)
[3685.313s][info][gc,heap        ] GC(879) Survivor regions: 111->110(153)
[3685.313s][info][gc,heap        ] GC(879) Old regions: 537->474
[3685.313s][info][gc,heap        ] GC(879) Humongous regions: 80->80
[3685.313s][info][gc,metaspace   ] GC(879) Metaspace: 28863K(29312K)->28863K(29312K) NonClass: 23994K(24192K)->23994K(24192K) Class: 4869K(5120K)->4869K(5120K)
[3685.313s][info][gc             ] GC(879) Pause Young (Mixed) (G1 Evacuation Pause) 3667M->1326M(4096M) 133.778ms
[3685.313s][info][gc,cpu         ] GC(879) User=0.79s Sys=0.00s Real=0.14s
..[3688.135s][info][gc,start       ] GC(880) Pause Young (Concurrent Start) (G1 Evacuation Pause)
[3688.135s][info][gc,task        ] GC(880) Using 6 workers of 6 for evacuation
[3688.252s][info][gc,phases      ] GC(880)   Pre Evacuate Collection Set: 0.39ms
[3688.252s][info][gc,phases      ] GC(880)   Merge Heap Roots: 0.47ms
[3688.252s][info][gc,phases      ] GC(880)   Evacuate Collection Set: 114.22ms
[3688.252s][info][gc,phases      ] GC(880)   Post Evacuate Collection Set: 0.88ms
[3688.252s][info][gc,phases      ] GC(880)   Other: 0.11ms
[3688.252s][info][gc,heap        ] GC(880) Eden regions: 1118->0(1120)
[3688.252s][info][gc,heap        ] GC(880) Survivor regions: 110->108(154)
[3688.252s][info][gc,heap        ] GC(880) Old regions: 474->506
[3688.252s][info][gc,heap        ] GC(880) Humongous regions: 80->80
[3688.252s][info][gc,metaspace   ] GC(880) Metaspace: 28863K(29312K)->28863K(29312K) NonClass: 23994K(24192K)->23994K(24192K) Class: 4869K(5120K)->4869K(5120K)
[3688.252s][info][gc             ] GC(880) Pause Young (Concurrent Start) (G1 Evacuation Pause) 3562M->1385M(4096M) 116.195ms
[3688.252s][info][gc             ] GC(881) Concurrent Mark Cycle
[3688.252s][info][gc,cpu         ] GC(880) User=0.69s Sys=0.00s Real=0.11s
[3688.252s][info][gc,marking     ] GC(881) Concurrent Scan Root Regions
.[3688.396s][info][gc,marking     ] GC(881) Concurrent Scan Root Regions 144.277ms
[3688.396s][info][gc,marking     ] GC(881) Concurrent Mark
[3688.396s][info][gc,marking     ] GC(881) Concurrent Mark From Roots
[3688.396s][info][gc,task        ] GC(881) Using 2 workers of 2 for marking
[3689.167s][info][gc,marking     ] GC(881) Concurrent Mark From Roots 770.719ms
[3689.167s][info][gc,marking     ] GC(881) Concurrent Preclean
[3689.167s][info][gc,marking     ] GC(881) Concurrent Preclean 0.116ms
[3689.167s][info][gc,start       ] GC(881) Pause Remark
[3689.172s][info][gc             ] GC(881) Pause Remark 2149M->2149M(4096M) 5.232ms
[3689.172s][info][gc,cpu         ] GC(881) User=0.02s Sys=0.00s Real=0.01s
[3689.172s][info][gc,marking     ] GC(881) Concurrent Mark 776.331ms
[3689.172s][info][gc,marking     ] GC(881) Concurrent Rebuild Remembered Sets and Scrub Regions
.[3689.529s][info][gc,marking     ] GC(881) Concurrent Rebuild Remembered Sets and Scrub Regions 356.326ms
[3689.530s][info][gc,start       ] GC(881) Pause Cleanup
[3689.530s][info][gc             ] GC(881) Pause Cleanup 2443M->2443M(4096M) 0.123ms
[3689.530s][info][gc,cpu         ] GC(881) User=0.00s Sys=0.00s Real=0.00s
[3689.530s][info][gc,marking     ] GC(881) Concurrent Clear Claimed Marks
[3689.530s][info][gc,marking     ] GC(881) Concurrent Clear Claimed Marks 0.024ms
[3689.530s][info][gc,marking     ] GC(881) Concurrent Cleanup for Next Mark
[3689.540s][info][gc,marking     ] GC(881) Concurrent Cleanup for Next Mark 10.387ms
[3689.541s][info][gc             ] GC(881) Concurrent Mark Cycle 1288.948ms
.[3691.004s][info][gc,start       ] GC(882) Pause Young (Prepare Mixed) (G1 Evacuation Pause)
[3691.004s][info][gc,task        ] GC(882) Using 6 workers of 6 for evacuation
[3691.124s][info][gc,phases      ] GC(882)   Pre Evacuate Collection Set: 0.33ms
[3691.124s][info][gc,phases      ] GC(882)   Merge Heap Roots: 0.51ms
[3691.124s][info][gc,phases      ] GC(882)   Evacuate Collection Set: 118.54ms
[3691.124s][info][gc,phases      ] GC(882)   Post Evacuate Collection Set: 0.91ms
[3691.124s][info][gc,phases      ] GC(882)   Other: 0.09ms
[3691.124s][info][gc,heap        ] GC(882) Eden regions: 1120->0(1103)
[3691.124s][info][gc,heap        ] GC(882) Survivor regions: 108->112(154)
[3691.124s][info][gc,heap        ] GC(882) Old regions: 506->538
[3691.124s][info][gc,heap        ] GC(882) Humongous regions: 80->80
[3691.124s][info][gc,metaspace   ] GC(882) Metaspace: 28863K(29312K)->28863K(29312K) NonClass: 23994K(24192K)->23994K(24192K) Class: 4869K(5120K)->4869K(5120K)
[3691.124s][info][gc             ] GC(882) Pause Young (Prepare Mixed) (G1 Evacuation Pause) 3625M->1457M(4096M) 120.525ms
[3691.124s][info][gc,cpu         ] GC(882) User=0.71s Sys=0.00s Real=0.12s
...[3693.905s][info][gc,start       ] GC(883) Pause Young (Mixed) (G1 Evacuation Pause)
[3693.905s][info][gc,task        ] GC(883) Using 6 workers of 6 for evacuation
[3694.040s][info][gc,phases      ] GC(883)   Pre Evacuate Collection Set: 0.37ms
[3694.040s][info][gc,phases      ] GC(883)   Merge Heap Roots: 0.62ms
[3694.040s][info][gc,phases      ] GC(883)   Evacuate Collection Set: 132.55ms
[3694.040s][info][gc,phases      ] GC(883)   Post Evacuate Collection Set: 0.95ms
[3694.040s][info][gc,phases      ] GC(883)   Other: 0.09ms
[3694.040s][info][gc,heap        ] GC(883) Eden regions: 1103->0(1116)
[3694.040s][info][gc,heap        ] GC(883) Survivor regions: 112->112(152)
[3694.040s][info][gc,heap        ] GC(883) Old regions: 538->475
[3694.040s][info][gc,heap        ] GC(883) Humongous regions: 80->80
[3694.040s][info][gc,metaspace   ] GC(883) Metaspace: 28863K(29312K)->28863K(29312K) NonClass: 23994K(24192K)->23994K(24192K) Class: 4869K(5120K)->4869K(5120K)
[3694.040s][info][gc             ] GC(883) Pause Young (Mixed) (G1 Evacuation Pause) 3663M->1331M(4096M) 134.713ms
[3694.040s][info][gc,cpu         ] GC(883) User=0.80s Sys=0.00s Real=0.13s
...[3696.756s][info][gc,start       ] GC(884) Pause Young (Concurrent Start) (G1 Evacuation Pause)
[3696.756s][info][gc,task        ] GC(884) Using 6 workers of 6 for evacuation
[3696.873s][info][gc,phases      ] GC(884)   Pre Evacuate Collection Set: 0.40ms
[3696.873s][info][gc,phases      ] GC(884)   Merge Heap Roots: 0.46ms
[3696.873s][info][gc,phases      ] GC(884)   Evacuate Collection Set: 114.72ms
[3696.873s][info][gc,phases      ] GC(884)   Post Evacuate Collection Set: 0.89ms
[3696.873s][info][gc,phases      ] GC(884)   Other: 0.12ms
[3696.873s][info][gc,heap        ] GC(884) Eden regions: 1116->0(1118)
[3696.873s][info][gc,heap        ] GC(884) Survivor regions: 112->110(154)
[3696.873s][info][gc,heap        ] GC(884) Old regions: 475->506
[3696.873s][info][gc,heap        ] GC(884) Humongous regions: 80->80
[3696.873s][info][gc,metaspace   ] GC(884) Metaspace: 28863K(29312K)->28863K(29312K) NonClass: 23994K(24192K)->23994K(24192K) Class: 4869K(5120K)->4869K(5120K)
[3696.873s][info][gc             ] GC(884) Pause Young (Concurrent Start) (G1 Evacuation Pause) 3563M->1390M(4096M) 116.721ms
[3696.873s][info][gc             ] GC(885) Concurrent Mark Cycle
[3696.873s][info][gc,marking     ] GC(885) Concurrent Scan Root Regions
[3696.873s][info][gc,cpu         ] GC(884) User=0.69s Sys=0.00s Real=0.12s
[3697.013s][info][gc,marking     ] GC(885) Concurrent Scan Root Regions 139.783ms
[3697.013s][info][gc,marking     ] GC(885) Concurrent Mark
[3697.013s][info][gc,marking     ] GC(885) Concurrent Mark From Roots
[3697.013s][info][gc,task        ] GC(885) Using 2 workers of 2 for marking
.[3697.741s][info][gc,marking     ] GC(885) Concurrent Mark From Roots 727.583ms
[3697.741s][info][gc,marking     ] GC(885) Concurrent Preclean
[3697.741s][info][gc,marking     ] GC(885) Concurrent Preclean 0.147ms
[3697.741s][info][gc,start       ] GC(885) Pause Remark
[3697.746s][info][gc             ] GC(885) Pause Remark 2143M->2143M(4096M) 5.583ms
[3697.747s][info][gc,cpu         ] GC(885) User=0.03s Sys=0.00s Real=0.01s
[3697.747s][info][gc,marking     ] GC(885) Concurrent Mark 733.599ms
[3697.747s][info][gc,marking     ] GC(885) Concurrent Rebuild Remembered Sets and Scrub Regions
[3698.091s][info][gc,marking     ] GC(885) Concurrent Rebuild Remembered Sets and Scrub Regions 344.418ms
[3698.091s][info][gc,start       ] GC(885) Pause Cleanup
[3698.091s][info][gc             ] GC(885) Pause Cleanup 2418M->2418M(4096M) 0.100ms
[3698.091s][info][gc,cpu         ] GC(885) User=0.00s Sys=0.00s Real=0.00s
[3698.091s][info][gc,marking     ] GC(885) Concurrent Clear Claimed Marks
[3698.092s][info][gc,marking     ] GC(885) Concurrent Clear Claimed Marks 0.032ms
[3698.092s][info][gc,marking     ] GC(885) Concurrent Cleanup for Next Mark
[3698.097s][info][gc,marking     ] GC(885) Concurrent Cleanup for Next Mark 5.063ms
[3698.097s][info][gc             ] GC(885) Concurrent Mark Cycle 1223.505ms
..[3699.684s][info][gc,start       ] GC(886) Pause Young (Prepare Mixed) (G1 Evacuation Pause)
[3699.684s][info][gc,task        ] GC(886) Using 6 workers of 6 for evacuation
[3699.803s][info][gc,phases      ] GC(886)   Pre Evacuate Collection Set: 0.35ms
[3699.803s][info][gc,phases      ] GC(886)   Merge Heap Roots: 0.56ms
[3699.803s][info][gc,phases      ] GC(886)   Evacuate Collection Set: 116.94ms
[3699.803s][info][gc,phases      ] GC(886)   Post Evacuate Collection Set: 0.96ms
[3699.803s][info][gc,phases      ] GC(886)   Other: 0.09ms
[3699.803s][info][gc,heap        ] GC(886) Eden regions: 1118->0(1105)
[3699.803s][info][gc,heap        ] GC(886) Survivor regions: 110->111(154)
[3699.803s][info][gc,heap        ] GC(886) Old regions: 506->538
[3699.803s][info][gc,heap        ] GC(886) Humongous regions: 80->80
[3699.803s][info][gc,metaspace   ] GC(886) Metaspace: 28863K(29312K)->28863K(29312K) NonClass: 23994K(24192K)->23994K(24192K) Class: 4869K(5120K)->4869K(5120K)
[3699.803s][info][gc             ] GC(886) Pause Young (Prepare Mixed) (G1 Evacuation Pause) 3626M->1456M(4096M) 119.032ms
[3699.803s][info][gc,cpu         ] GC(886) User=0.70s Sys=0.00s Real=0.12s
...[3702.533s][info][gc,start       ] GC(887) Pause Young (Mixed) (G1 Evacuation Pause)
[3702.533s][info][gc,task        ] GC(887) Using 6 workers of 6 for evacuation
[3702.671s][info][gc,phases      ] GC(887)   Pre Evacuate Collection Set: 0.36ms
[3702.671s][info][gc,phases      ] GC(887)   Merge Heap Roots: 0.70ms
[3702.671s][info][gc,phases      ] GC(887)   Evacuate Collection Set: 135.54ms
[3702.671s][info][gc,phases      ] GC(887)   Post Evacuate Collection Set: 0.96ms
[3702.671s][info][gc,phases      ] GC(887)   Other: 0.09ms
[3702.671s][info][gc,heap        ] GC(887) Eden regions: 1105->0(1117)
[3702.671s][info][gc,heap        ] GC(887) Survivor regions: 111->111(152)
[3702.671s][info][gc,heap        ] GC(887) Old regions: 538->473
[3702.671s][info][gc,heap        ] GC(887) Humongous regions: 80->80
[3702.671s][info][gc,metaspace   ] GC(887) Metaspace: 28863K(29312K)->28863K(29312K) NonClass: 23994K(24192K)->23994K(24192K) Class: 4869K(5120K)->4869K(5120K)
[3702.671s][info][gc             ] GC(887) Pause Young (Mixed) (G1 Evacuation Pause) 3666M->1327M(4096M) 137.780ms
[3702.671s][info][gc,cpu         ] GC(887) User=0.81s Sys=0.00s Real=0.13s
...[3705.416s][info][gc,start       ] GC(888) Pause Young (Concurrent Start) (G1 Evacuation Pause)
[3705.416s][info][gc,task        ] GC(888) Using 6 workers of 6 for evacuation
[3705.531s][info][gc,phases      ] GC(888)   Pre Evacuate Collection Set: 0.39ms
[3705.531s][info][gc,phases      ] GC(888)   Merge Heap Roots: 0.46ms
[3705.531s][info][gc,phases      ] GC(888)   Evacuate Collection Set: 113.66ms
[3705.531s][info][gc,phases      ] GC(888)   Post Evacuate Collection Set: 0.90ms
[3705.531s][info][gc,phases      ] GC(888)   Other: 0.11ms
[3705.531s][info][gc,heap        ] GC(888) Eden regions: 1117->0(1120)
[3705.531s][info][gc,heap        ] GC(888) Survivor regions: 111->108(154)
[3705.531s][info][gc,heap        ] GC(888) Old regions: 473->506
[3705.531s][info][gc,heap        ] GC(888) Humongous regions: 80->80
[3705.531s][info][gc,metaspace   ] GC(888) Metaspace: 28863K(29312K)->28863K(29312K) NonClass: 23994K(24192K)->23994K(24192K) Class: 4869K(5120K)->4869K(5120K)
[3705.531s][info][gc             ] GC(888) Pause Young (Concurrent Start) (G1 Evacuation Pause) 3561M->1385M(4096M) 115.649ms
[3705.531s][info][gc             ] GC(889) Concurrent Mark Cycle
[3705.531s][info][gc,marking     ] GC(889) Concurrent Scan Root Regions
[3705.531s][info][gc,cpu         ] GC(888) User=0.68s Sys=0.00s Real=0.11s
[3705.711s][info][gc,marking     ] GC(889) Concurrent Scan Root Regions 179.641ms
[3705.711s][info][gc,marking     ] GC(889) Concurrent Mark
[3705.711s][info][gc,marking     ] GC(889) Concurrent Mark From Roots
[3705.711s][info][gc,task        ] GC(889) Using 2 workers of 2 for marking
. (rIR:aIR:PR = 6503:6500:6501) (tPR = 96211) [OK] 
  3706s: Performance info:
         Transaction,    Success,    Partial,     Failed,   Receipts, AvgBarcode, 
             Overall,     393780,          0,          0,     374093,      59.48, 
         Response times:
             Request,    Success,    Partial,     Failed,   SkipFail,     Probes,    Samples,      min,      p50,      p90,      p95,      p99,      max, 
       TotalPurchase,     374170,          0,          0,          0,     362517,     389790,      300,     5700,    32000,    60000,   121000,   260000,
     InStorePurchase,     197021,          0,          0,          0,     190407,     204614,      300,     5600,    31000,    59000,   121000,   260000,
      OnlinePurchase,     137812,          0,          0,          0,     133903,     143870,      300,     5800,    33000,    61000,   121000,   255000,
        InstPurchase,      39337,          0,          0,          0,      38207,      41306,      400,     6100,    33000,    61000,   123000,   250000,
          AssocOfCat,        393,          0,          0,          0,        316,        403,    22000,    40000,   102600,   152600,   208720,   216000,
      AssocOfProduct,       3931,          0,          0,          0,       3708,       4217,      900,     5400,    36000,    62000,   118280,   209000,
      BusinessReport,        985,          0,          0,          0,        867,       1034,    25000,    42000,    85000,   120500,   185950,   257000,
          CustBuyBeh,       3947,          0,          0,          0,       3659,       4136,      200,     5000,    32000,    52000,   102000,   183000,
       ProductReturn,      10434,          0,          0,          0,       9873,      10912,      200,     5700,    31000,    58000,   118000,   205000,

  3706s: (48%)   IR =   6642 [3706.602s][info][gc,marking     ] GC(889) Concurrent Mark From Roots 891.340ms
[3706.602s][info][gc,marking     ] GC(889) Concurrent Preclean
[3706.603s][info][gc,marking     ] GC(889) Concurrent Preclean 0.141ms
[3706.604s][info][gc,start       ] GC(889) Pause Remark
[3706.610s][info][gc             ] GC(889) Pause Remark 2269M->2269M(4096M) 5.504ms
[3706.610s][info][gc,cpu         ] GC(889) User=0.03s Sys=0.00s Real=0.00s
[3706.612s][info][gc,marking     ] GC(889) Concurrent Mark 900.589ms
[3706.612s][info][gc,marking     ] GC(889) Concurrent Rebuild Remembered Sets and Scrub Regions
[3706.954s][info][gc,marking     ] GC(889) Concurrent Rebuild Remembered Sets and Scrub Regions 342.804ms
[3706.955s][info][gc,start       ] GC(889) Pause Cleanup
[3706.955s][info][gc             ] GC(889) Pause Cleanup 2592M->2592M(4096M) 0.112ms
[3706.955s][info][gc,cpu         ] GC(889) User=0.00s Sys=0.00s Real=0.00s
[3706.955s][info][gc,marking     ] GC(889) Concurrent Clear Claimed Marks
[3706.955s][info][gc,marking     ] GC(889) Concurrent Clear Claimed Marks 0.023ms
[3706.955s][info][gc,marking     ] GC(889) Concurrent Cleanup for Next Mark
[3706.958s][info][gc,marking     ] GC(889) Concurrent Cleanup for Next Mark 3.603ms
[3706.958s][info][gc             ] GC(889) Concurrent Mark Cycle 1427.139ms
.[3708.365s][info][gc,start       ] GC(890) Pause Young (Prepare Mixed) (G1 Evacuation Pause)
[3708.365s][info][gc,task        ] GC(890) Using 6 workers of 6 for evacuation
[3708.484s][info][gc,phases      ] GC(890)   Pre Evacuate Collection Set: 0.36ms
[3708.484s][info][gc,phases      ] GC(890)   Merge Heap Roots: 0.60ms
[3708.484s][info][gc,phases      ] GC(890)   Evacuate Collection Set: 116.57ms
[3708.484s][info][gc,phases      ] GC(890)   Post Evacuate Collection Set: 0.93ms
[3708.484s][info][gc,phases      ] GC(890)   Other: 0.09ms
[3708.484s][info][gc,heap        ] GC(890) Eden regions: 1120->0(1108)
[3708.484s][info][gc,heap        ] GC(890) Survivor regions: 108->110(154)
[3708.484s][info][gc,heap        ] GC(890) Old regions: 506->537
[3708.484s][info][gc,heap        ] GC(890) Humongous regions: 80->80
[3708.484s][info][gc,metaspace   ] GC(890) Metaspace: 28863K(29312K)->28863K(29312K) NonClass: 23994K(24192K)->23994K(24192K) Class: 4869K(5120K)->4869K(5120K)
[3708.484s][info][gc             ] GC(890) Pause Young (Prepare Mixed) (G1 Evacuation Pause) 3625M->1451M(4096M) 118.712ms
[3708.484s][info][gc,cpu         ] GC(890) User=0.70s Sys=0.00s Real=0.12s
...[3711.096s][info][gc,start       ] GC(891) Pause Young (Mixed) (G1 Evacuation Pause)
[3711.096s][info][gc,task        ] GC(891) Using 6 workers of 6 for evacuation
[3711.230s][info][gc,phases      ] GC(891)   Pre Evacuate Collection Set: 0.36ms
[3711.230s][info][gc,phases      ] GC(891)   Merge Heap Roots: 0.71ms
[3711.230s][info][gc,phases      ] GC(891)   Evacuate Collection Set: 131.21ms
[3711.230s][info][gc,phases      ] GC(891)   Post Evacuate Collection Set: 0.99ms
[3711.230s][info][gc,phases      ] GC(891)   Other: 0.09ms
[3711.230s][info][gc,heap        ] GC(891) Eden regions: 1108->0(1118)
[3711.230s][info][gc,heap        ] GC(891) Survivor regions: 110->110(153)
[3711.230s][info][gc,heap        ] GC(891) Old regions: 537->475
[3711.230s][info][gc,heap        ] GC(891) Humongous regions: 80->80
[3711.230s][info][gc,metaspace   ] GC(891) Metaspace: 28863K(29312K)->28863K(29312K) NonClass: 23994K(24192K)->23994K(24192K) Class: 4869K(5120K)->4869K(5120K)
[3711.230s][info][gc             ] GC(891) Pause Young (Mixed) (G1 Evacuation Pause) 3667M->1328M(4096M) 133.494ms
[3711.230s][info][gc,cpu         ] GC(891) User=0.79s Sys=0.00s Real=0.13s
..|.[3713.970s][info][gc,start       ] GC(892) Pause Young (Concurrent Start) (G1 Evacuation Pause)
[3713.970s][info][gc,task        ] GC(892) Using 6 workers of 6 for evacuation
[3714.092s][info][gc,phases      ] GC(892)   Pre Evacuate Collection Set: 0.34ms
[3714.092s][info][gc,phases      ] GC(892)   Merge Heap Roots: 0.45ms
[3714.092s][info][gc,phases      ] GC(892)   Evacuate Collection Set: 120.54ms
[3714.092s][info][gc,phases      ] GC(892)   Post Evacuate Collection Set: 0.88ms
[3714.092s][info][gc,phases      ] GC(892)   Other: 0.11ms
[3714.092s][info][gc,heap        ] GC(892) Eden regions: 1118->0(1113)
[3714.092s][info][gc,heap        ] GC(892) Survivor regions: 110->115(154)
[3714.092s][info][gc,heap        ] GC(892) Old regions: 475->507
[3714.092s][info][gc,heap        ] GC(892) Humongous regions: 80->80
[3714.092s][info][gc,metaspace   ] GC(892) Metaspace: 28863K(29312K)->28863K(29312K) NonClass: 23994K(24192K)->23994K(24192K) Class: 4869K(5120K)->4869K(5120K)
[3714.092s][info][gc             ] GC(892) Pause Young (Concurrent Start) (G1 Evacuation Pause) 3564M->1402M(4096M) 122.440ms
[3714.092s][info][gc             ] GC(893) Concurrent Mark Cycle
[3714.092s][info][gc,marking     ] GC(893) Concurrent Scan Root Regions
[3714.092s][info][gc,cpu         ] GC(892) User=0.72s Sys=0.00s Real=0.13s
[3714.311s][info][gc,marking     ] GC(893) Concurrent Scan Root Regions 218.405ms
[3714.311s][info][gc,marking     ] GC(893) Concurrent Mark
[3714.311s][info][gc,marking     ] GC(893) Concurrent Mark From Roots
[3714.311s][info][gc,task        ] GC(893) Using 2 workers of 2 for marking
.[3715.180s][info][gc,marking     ] GC(893) Concurrent Mark From Roots 868.676ms
[3715.180s][info][gc,marking     ] GC(893) Concurrent Preclean
[3715.180s][info][gc,marking     ] GC(893) Concurrent Preclean 0.105ms
[3715.180s][info][gc,start       ] GC(893) Pause Remark
[3715.186s][info][gc             ] GC(893) Pause Remark 2314M->2314M(4096M) 6.612ms
[3715.186s][info][gc,cpu         ] GC(893) User=0.04s Sys=0.00s Real=0.01s
[3715.186s][info][gc,marking     ] GC(893) Concurrent Mark 875.655ms
[3715.187s][info][gc,marking     ] GC(893) Concurrent Rebuild Remembered Sets and Scrub Regions
[3715.536s][info][gc,marking     ] GC(893) Concurrent Rebuild Remembered Sets and Scrub Regions 349.265ms
[3715.537s][info][gc,start       ] GC(893) Pause Cleanup
[3715.537s][info][gc             ] GC(893) Pause Cleanup 2630M->2630M(4096M) 0.119ms
[3715.537s][info][gc,cpu         ] GC(893) User=0.00s Sys=0.00s Real=0.00s
[3715.537s][info][gc,marking     ] GC(893) Concurrent Clear Claimed Marks
[3715.537s][info][gc,marking     ] GC(893) Concurrent Clear Claimed Marks 0.032ms
[3715.537s][info][gc,marking     ] GC(893) Concurrent Cleanup for Next Mark
.[3715.542s][info][gc,marking     ] GC(893) Concurrent Cleanup for Next Mark 4.458ms
[3715.542s][info][gc             ] GC(893) Concurrent Mark Cycle 1449.507ms
.[3716.803s][info][gc,start       ] GC(894) Pause Young (Prepare Mixed) (G1 Evacuation Pause)
[3716.803s][info][gc,task        ] GC(894) Using 6 workers of 6 for evacuation
[3716.921s][info][gc,phases      ] GC(894)   Pre Evacuate Collection Set: 0.34ms
[3716.921s][info][gc,phases      ] GC(894)   Merge Heap Roots: 0.51ms
[3716.921s][info][gc,phases      ] GC(894)   Evacuate Collection Set: 116.60ms
[3716.921s][info][gc,phases      ] GC(894)   Post Evacuate Collection Set: 0.92ms
[3716.921s][info][gc,phases      ] GC(894)   Other: 0.08ms
[3716.921s][info][gc,heap        ] GC(894) Eden regions: 1113->0(1105)
[3716.921s][info][gc,heap        ] GC(894) Survivor regions: 115->111(154)
[3716.921s][info][gc,heap        ] GC(894) Old regions: 507->538
[3716.921s][info][gc,heap        ] GC(894) Humongous regions: 80->80
[3716.921s][info][gc,metaspace   ] GC(894) Metaspace: 28863K(29312K)->28863K(29312K) NonClass: 23994K(24192K)->23994K(24192K) Class: 4869K(5120K)->4869K(5120K)
[3716.921s][info][gc             ] GC(894) Pause Young (Prepare Mixed) (G1 Evacuation Pause) 3628M->1457M(4096M) 118.575ms
[3716.921s][info][gc,cpu         ] GC(894) User=0.70s Sys=0.00s Real=0.11s
...[3719.627s][info][gc,start       ] GC(895) Pause Young (Mixed) (G1 Evacuation Pause)
[3719.627s][info][gc,task        ] GC(895) Using 6 workers of 6 for evacuation
[3719.762s][info][gc,phases      ] GC(895)   Pre Evacuate Collection Set: 0.38ms
[3719.762s][info][gc,phases      ] GC(895)   Merge Heap Roots: 0.73ms
[3719.762s][info][gc,phases      ] GC(895)   Evacuate Collection Set: 132.37ms
[3719.762s][info][gc,phases      ] GC(895)   Post Evacuate Collection Set: 0.93ms
[3719.762s][info][gc,phases      ] GC(895)   Other: 0.11ms
[3719.762s][info][gc,heap        ] GC(895) Eden regions: 1105->0(1119)
[3719.762s][info][gc,heap        ] GC(895) Survivor regions: 111->109(152)
[3719.762s][info][gc,heap        ] GC(895) Old regions: 538->473
[3719.762s][info][gc,heap        ] GC(895) Humongous regions: 80->80
[3719.762s][info][gc,metaspace   ] GC(895) Metaspace: 28863K(29312K)->28863K(29312K) NonClass: 23994K(24192K)->23994K(24192K) Class: 4869K(5120K)->4869K(5120K)
[3719.762s][info][gc             ] GC(895) Pause Young (Mixed) (G1 Evacuation Pause) 3667M->1323M(4096M) 134.654ms
[3719.762s][info][gc,cpu         ] GC(895) User=0.79s Sys=0.00s Real=0.13s
..[3722.460s][info][gc,start       ] GC(896) Pause Young (Concurrent Start) (G1 Evacuation Pause)
[3722.460s][info][gc,task        ] GC(896) Using 6 workers of 6 for evacuation
[3722.577s][info][gc,phases      ] GC(896)   Pre Evacuate Collection Set: 0.41ms
[3722.577s][info][gc,phases      ] GC(896)   Merge Heap Roots: 0.48ms
[3722.577s][info][gc,phases      ] GC(896)   Evacuate Collection Set: 114.84ms
[3722.577s][info][gc,phases      ] GC(896)   Post Evacuate Collection Set: 0.88ms
[3722.577s][info][gc,phases      ] GC(896)   Other: 0.09ms
[3722.577s][info][gc,heap        ] GC(896) Eden regions: 1119->0(1120)
[3722.577s][info][gc,heap        ] GC(896) Survivor regions: 109->108(154)
[3722.577s][info][gc,heap        ] GC(896) Old regions: 473->506
[3722.577s][info][gc,heap        ] GC(896) Humongous regions: 80->80
[3722.577s][info][gc,metaspace   ] GC(896) Metaspace: 28863K(29312K)->28863K(29312K) NonClass: 23994K(24192K)->23994K(24192K) Class: 4869K(5120K)->4869K(5120K)
[3722.577s][info][gc             ] GC(896) Pause Young (Concurrent Start) (G1 Evacuation Pause) 3561M->1386M(4096M) 116.847ms
[3722.577s][info][gc             ] GC(897) Concurrent Mark Cycle
[3722.577s][info][gc,marking     ] GC(897) Concurrent Scan Root Regions
[3722.577s][info][gc,cpu         ] GC(896) User=0.69s Sys=0.00s Real=0.12s
.[3722.761s][info][gc,marking     ] GC(897) Concurrent Scan Root Regions 184.263ms
[3722.761s][info][gc,marking     ] GC(897) Concurrent Mark
[3722.761s][info][gc,marking     ] GC(897) Concurrent Mark From Roots
[3722.761s][info][gc,task        ] GC(897) Using 2 workers of 2 for marking
[3723.517s][info][gc,marking     ] GC(897) Concurrent Mark From Roots 755.819ms
[3723.517s][info][gc,marking     ] GC(897) Concurrent Preclean
[3723.517s][info][gc,marking     ] GC(897) Concurrent Preclean 0.101ms
[3723.517s][info][gc,start       ] GC(897) Pause Remark
[3723.521s][info][gc             ] GC(897) Pause Remark 2216M->2216M(4096M) 4.212ms
[3723.521s][info][gc,cpu         ] GC(897) User=0.02s Sys=0.00s Real=0.00s
[3723.521s][info][gc,marking     ] GC(897) Concurrent Mark 760.425ms
[3723.521s][info][gc,marking     ] GC(897) Concurrent Rebuild Remembered Sets and Scrub Regions
.[3723.780s][info][gc,marking     ] GC(897) Concurrent Rebuild Remembered Sets and Scrub Regions 259.056ms
[3723.781s][info][gc,start       ] GC(897) Pause Cleanup
[3723.781s][info][gc             ] GC(897) Pause Cleanup 2440M->2440M(4096M) 0.112ms
[3723.781s][info][gc,cpu         ] GC(897) User=0.00s Sys=0.00s Real=0.00s
[3723.781s][info][gc,marking     ] GC(897) Concurrent Clear Claimed Marks
[3723.781s][info][gc,marking     ] GC(897) Concurrent Clear Claimed Marks 0.026ms
[3723.781s][info][gc,marking     ] GC(897) Concurrent Cleanup for Next Mark
[3723.786s][info][gc,marking     ] GC(897) Concurrent Cleanup for Next Mark 4.558ms
[3723.786s][info][gc             ] GC(897) Concurrent Mark Cycle 1208.920ms
.[3725.283s][info][gc,start       ] GC(898) Pause Young (Prepare Mixed) (G1 Evacuation Pause)
[3725.283s][info][gc,task        ] GC(898) Using 6 workers of 6 for evacuation
[3725.406s][info][gc,phases      ] GC(898)   Pre Evacuate Collection Set: 0.33ms
[3725.406s][info][gc,phases      ] GC(898)   Merge Heap Roots: 0.54ms
[3725.406s][info][gc,phases      ] GC(898)   Evacuate Collection Set: 120.71ms
[3725.406s][info][gc,phases      ] GC(898)   Post Evacuate Collection Set: 0.95ms
[3725.406s][info][gc,phases      ] GC(898)   Other: 0.10ms
[3725.406s][info][gc,heap        ] GC(898) Eden regions: 1120->0(1098)
[3725.406s][info][gc,heap        ] GC(898) Survivor regions: 108->115(154)
[3725.406s][info][gc,heap        ] GC(898) Old regions: 506->537
[3725.406s][info][gc,heap        ] GC(898) Humongous regions: 80->80
[3725.406s][info][gc,metaspace   ] GC(898) Metaspace: 28863K(29312K)->28863K(29312K) NonClass: 23994K(24192K)->23994K(24192K) Class: 4869K(5120K)->4869K(5120K)
[3725.406s][info][gc             ] GC(898) Pause Young (Prepare Mixed) (G1 Evacuation Pause) 3626M->1462M(4096M) 122.754ms
[3725.406s][info][gc,cpu         ] GC(898) User=0.73s Sys=0.00s Real=0.12s
...[3728.095s][info][gc,start       ] GC(899) Pause Young (Mixed) (G1 Evacuation Pause)
[3728.095s][info][gc,task        ] GC(899) Using 6 workers of 6 for evacuation
[3728.225s][info][gc,phases      ] GC(899)   Pre Evacuate Collection Set: 0.38ms
[3728.225s][info][gc,phases      ] GC(899)   Merge Heap Roots: 0.68ms
[3728.225s][info][gc,phases      ] GC(899)   Evacuate Collection Set: 127.69ms
[3728.225s][info][gc,phases      ] GC(899)   Post Evacuate Collection Set: 0.93ms
[3728.225s][info][gc,phases      ] GC(899)   Other: 0.08ms
[3728.225s][info][gc,heap        ] GC(899) Eden regions: 1098->0(1121)
[3728.225s][info][gc,heap        ] GC(899) Survivor regions: 115->107(152)
[3728.225s][info][gc,heap        ] GC(899) Old regions: 537->475
[3728.225s][info][gc,heap        ] GC(899) Humongous regions: 80->80
[3728.225s][info][gc,metaspace   ] GC(899) Metaspace: 28863K(29312K)->28863K(29312K) NonClass: 23994K(24192K)->23994K(24192K) Class: 4869K(5120K)->4869K(5120K)
[3728.225s][info][gc             ] GC(899) Pause Young (Mixed) (G1 Evacuation Pause) 3658M->1322M(4096M) 129.900ms
[3728.225s][info][gc,cpu         ] GC(899) User=0.76s Sys=0.00s Real=0.13s
...[3730.885s][info][gc,start       ] GC(900) Pause Young (Concurrent Start) (G1 Evacuation Pause)
[3730.885s][info][gc,task        ] GC(900) Using 6 workers of 6 for evacuation
[3731.004s][info][gc,phases      ] GC(900)   Pre Evacuate Collection Set: 0.37ms
[3731.004s][info][gc,phases      ] GC(900)   Merge Heap Roots: 0.46ms
[3731.005s][info][gc,phases      ] GC(900)   Evacuate Collection Set: 117.62ms
[3731.005s][info][gc,phases      ] GC(900)   Post Evacuate Collection Set: 0.89ms
[3731.005s][info][gc,phases      ] GC(900)   Other: 0.13ms
[3731.005s][info][gc,heap        ] GC(900) Eden regions: 1121->0(1115)
[3731.005s][info][gc,heap        ] GC(900) Survivor regions: 107->113(154)
[3731.005s][info][gc,heap        ] GC(900) Old regions: 475->507
[3731.005s][info][gc,heap        ] GC(900) Humongous regions: 80->80
[3731.005s][info][gc,metaspace   ] GC(900) Metaspace: 28863K(29312K)->28863K(29312K) NonClass: 23994K(24192K)->23994K(24192K) Class: 4869K(5120K)->4869K(5120K)
[3731.005s][info][gc             ] GC(900) Pause Young (Concurrent Start) (G1 Evacuation Pause) 3564M->1397M(4096M) 119.614ms
[3731.005s][info][gc             ] GC(901) Concurrent Mark Cycle
[3731.005s][info][gc,marking     ] GC(901) Concurrent Scan Root Regions
[3731.005s][info][gc,cpu         ] GC(900) User=0.71s Sys=0.00s Real=0.12s
[3731.184s][info][gc,marking     ] GC(901) Concurrent Scan Root Regions 179.486ms
[3731.184s][info][gc,marking     ] GC(901) Concurrent Mark
[3731.184s][info][gc,marking     ] GC(901) Concurrent Mark From Roots
[3731.184s][info][gc,task        ] GC(901) Using 2 workers of 2 for marking
.[3732.090s][info][gc,marking     ] GC(901) Concurrent Mark From Roots 905.796ms
[3732.090s][info][gc,marking     ] GC(901) Concurrent Preclean
[3732.090s][info][gc,marking     ] GC(901) Concurrent Preclean 0.139ms
[3732.090s][info][gc,start       ] GC(901) Pause Remark
[3732.095s][info][gc             ] GC(901) Pause Remark 2327M->2327M(4096M) 5.017ms
[3732.095s][info][gc,cpu         ] GC(901) User=0.03s Sys=0.00s Real=0.01s
[3732.095s][info][gc,marking     ] GC(901) Concurrent Mark 911.261ms
[3732.095s][info][gc,marking     ] GC(901) Concurrent Rebuild Remembered Sets and Scrub Regions
[3732.392s][info][gc,marking     ] GC(901) Concurrent Rebuild Remembered Sets and Scrub Regions 296.428ms
[3732.392s][info][gc,start       ] GC(901) Pause Cleanup
[3732.392s][info][gc             ] GC(901) Pause Cleanup 2547M->2547M(4096M) 0.108ms
[3732.392s][info][gc,cpu         ] GC(901) User=0.00s Sys=0.00s Real=0.01s
[3732.392s][info][gc,marking     ] GC(901) Concurrent Clear Claimed Marks
[3732.392s][info][gc,marking     ] GC(901) Concurrent Clear Claimed Marks 0.021ms
[3732.392s][info][gc,marking     ] GC(901) Concurrent Cleanup for Next Mark
[3732.395s][info][gc,marking     ] GC(901) Concurrent Cleanup for Next Mark 3.219ms
[3732.395s][info][gc             ] GC(901) Concurrent Mark Cycle 1390.839ms
..[3733.747s][info][gc,start       ] GC(902) Pause Young (Prepare Mixed) (G1 Evacuation Pause)
[3733.747s][info][gc,task        ] GC(902) Using 6 workers of 6 for evacuation
[3733.867s][info][gc,phases      ] GC(902)   Pre Evacuate Collection Set: 0.36ms
[3733.867s][info][gc,phases      ] GC(902)   Merge Heap Roots: 0.52ms
[3733.867s][info][gc,phases      ] GC(902)   Evacuate Collection Set: 117.96ms
[3733.867s][info][gc,phases      ] GC(902)   Post Evacuate Collection Set: 0.92ms
[3733.867s][info][gc,phases      ] GC(902)   Other: 0.08ms
[3733.867s][info][gc,heap        ] GC(902) Eden regions: 1115->0(1105)
[3733.867s][info][gc,heap        ] GC(902) Survivor regions: 113->111(154)
[3733.867s][info][gc,heap        ] GC(902) Old regions: 507->538
[3733.867s][info][gc,heap        ] GC(902) Humongous regions: 80->80
[3733.867s][info][gc,metaspace   ] GC(902) Metaspace: 28863K(29312K)->28863K(29312K) NonClass: 23994K(24192K)->23994K(24192K) Class: 4869K(5120K)->4869K(5120K)
[3733.867s][info][gc             ] GC(902) Pause Young (Prepare Mixed) (G1 Evacuation Pause) 3627M->1457M(4096M) 119.979ms
[3733.867s][info][gc,cpu         ] GC(902) User=0.71s Sys=0.00s Real=0.12s
..[3736.544s][info][gc,start       ] GC(903) Pause Young (Mixed) (G1 Evacuation Pause)
[3736.544s][info][gc,task        ] GC(903) Using 6 workers of 6 for evacuation
[3736.673s][info][gc,phases      ] GC(903)   Pre Evacuate Collection Set: 0.37ms
[3736.673s][info][gc,phases      ] GC(903)   Merge Heap Roots: 0.62ms
[3736.673s][info][gc,phases      ] GC(903)   Evacuate Collection Set: 126.97ms
[3736.673s][info][gc,phases      ] GC(903)   Post Evacuate Collection Set: 0.93ms
[3736.673s][info][gc,phases      ] GC(903)   Other: 0.09ms
[3736.673s][info][gc,heap        ] GC(903) Eden regions: 1105->0(1119)
[3736.673s][info][gc,heap        ] GC(903) Survivor regions: 111->109(152)
[3736.673s][info][gc,heap        ] GC(903) Old regions: 538->474
[3736.673s][info][gc,heap        ] GC(903) Humongous regions: 80->80
[3736.673s][info][gc,metaspace   ] GC(903) Metaspace: 28863K(29312K)->28863K(29312K) NonClass: 23994K(24192K)->23994K(24192K) Class: 4869K(5120K)->4869K(5120K)
[3736.673s][info][gc             ] GC(903) Pause Young (Mixed) (G1 Evacuation Pause) 3667M->1325M(4096M) 129.116ms
[3736.673s][info][gc,cpu         ] GC(903) User=0.76s Sys=0.00s Real=0.13s
...[3739.361s][info][gc,start       ] GC(904) Pause Young (Concurrent Start) (G1 Evacuation Pause)
[3739.361s][info][gc,task        ] GC(904) Using 6 workers of 6 for evacuation
[3739.482s][info][gc,phases      ] GC(904)   Pre Evacuate Collection Set: 0.39ms
[3739.482s][info][gc,phases      ] GC(904)   Merge Heap Roots: 0.50ms
[3739.482s][info][gc,phases      ] GC(904)   Evacuate Collection Set: 119.29ms
[3739.482s][info][gc,phases      ] GC(904)   Post Evacuate Collection Set: 0.88ms
[3739.482s][info][gc,phases      ] GC(904)   Other: 0.12ms
[3739.482s][info][gc,heap        ] GC(904) Eden regions: 1119->0(1116)
[3739.482s][info][gc,heap        ] GC(904) Survivor regions: 109->112(154)
[3739.482s][info][gc,heap        ] GC(904) Old regions: 474->506
[3739.482s][info][gc,heap        ] GC(904) Humongous regions: 80->80
[3739.482s][info][gc,metaspace   ] GC(904) Metaspace: 28863K(29312K)->28863K(29312K) NonClass: 23994K(24192K)->23994K(24192K) Class: 4869K(5120K)->4869K(5120K)
[3739.482s][info][gc             ] GC(904) Pause Young (Concurrent Start) (G1 Evacuation Pause) 3563M->1394M(4096M) 121.327ms
[3739.482s][info][gc             ] GC(905) Concurrent Mark Cycle
[3739.482s][info][gc,marking     ] GC(905) Concurrent Scan Root Regions
[3739.482s][info][gc,cpu         ] GC(904) User=0.72s Sys=0.00s Real=0.13s
[3739.671s][info][gc,marking     ] GC(905) Concurrent Scan Root Regions 188.795ms
[3739.671s][info][gc,marking     ] GC(905) Concurrent Mark
[3739.671s][info][gc,marking     ] GC(905) Concurrent Mark From Roots
[3739.671s][info][gc,task        ] GC(905) Using 2 workers of 2 for marking
.[3740.544s][info][gc,marking     ] GC(905) Concurrent Mark From Roots 872.950ms
[3740.544s][info][gc,marking     ] GC(905) Concurrent Preclean
[3740.544s][info][gc,marking     ] GC(905) Concurrent Preclean 0.115ms
[3740.547s][info][gc,start       ] GC(905) Pause Remark
[3740.554s][info][gc             ] GC(905) Pause Remark 2254M->2254M(4096M) 6.999ms
[3740.554s][info][gc,cpu         ] GC(905) User=0.04s Sys=0.00s Real=0.01s
[3740.554s][info][gc,marking     ] GC(905) Concurrent Mark 882.953ms
[3740.554s][info][gc,marking     ] GC(905) Concurrent Rebuild Remembered Sets and Scrub Regions
.[3740.848s][info][gc,marking     ] GC(905) Concurrent Rebuild Remembered Sets and Scrub Regions 293.305ms
[3740.848s][info][gc,start       ] GC(905) Pause Cleanup
[3740.848s][info][gc             ] GC(905) Pause Cleanup 2563M->2563M(4096M) 0.108ms
[3740.848s][info][gc,cpu         ] GC(905) User=0.00s Sys=0.00s Real=0.00s
[3740.848s][info][gc,marking     ] GC(905) Concurrent Clear Claimed Marks
[3740.848s][info][gc,marking     ] GC(905) Concurrent Clear Claimed Marks 0.024ms
[3740.848s][info][gc,marking     ] GC(905) Concurrent Cleanup for Next Mark
[3740.853s][info][gc,marking     ] GC(905) Concurrent Cleanup for Next Mark 4.988ms
[3740.853s][info][gc             ] GC(905) Concurrent Mark Cycle 1370.590ms
.[3742.205s][info][gc,start       ] GC(906) Pause Young (Prepare Mixed) (G1 Evacuation Pause)
[3742.205s][info][gc,task        ] GC(906) Using 6 workers of 6 for evacuation
[3742.320s][info][gc,phases      ] GC(906)   Pre Evacuate Collection Set: 0.36ms
[3742.320s][info][gc,phases      ] GC(906)   Merge Heap Roots: 0.55ms
[3742.320s][info][gc,phases      ] GC(906)   Evacuate Collection Set: 113.52ms
[3742.320s][info][gc,phases      ] GC(906)   Post Evacuate Collection Set: 0.93ms
[3742.320s][info][gc,phases      ] GC(906)   Other: 0.09ms
[3742.320s][info][gc,heap        ] GC(906) Eden regions: 1116->0(1112)
[3742.320s][info][gc,heap        ] GC(906) Survivor regions: 112->108(154)
[3742.320s][info][gc,heap        ] GC(906) Old regions: 506->537
[3742.320s][info][gc,heap        ] GC(906) Humongous regions: 80->80
[3742.320s][info][gc,metaspace   ] GC(906) Metaspace: 28863K(29312K)->28863K(29312K) NonClass: 23994K(24192K)->23994K(24192K) Class: 4869K(5120K)->4869K(5120K)
[3742.320s][info][gc             ] GC(906) Pause Young (Prepare Mixed) (G1 Evacuation Pause) 3626M->1448M(4096M) 115.596ms
[3742.320s][info][gc,cpu         ] GC(906) User=0.69s Sys=0.00s Real=0.11s
...[3745.098s][info][gc,start       ] GC(907) Pause Young (Mixed) (G1 Evacuation Pause)
[3745.098s][info][gc,task        ] GC(907) Using 6 workers of 6 for evacuation
[3745.229s][info][gc,phases      ] GC(907)   Pre Evacuate Collection Set: 0.37ms
[3745.229s][info][gc,phases      ] GC(907)   Merge Heap Roots: 0.65ms
[3745.229s][info][gc,phases      ] GC(907)   Evacuate Collection Set: 129.30ms
[3745.229s][info][gc,phases      ] GC(907)   Post Evacuate Collection Set: 0.97ms
[3745.229s][info][gc,phases      ] GC(907)   Other: 0.08ms
[3745.229s][info][gc,heap        ] GC(907) Eden regions: 1112->0(1119)
[3745.229s][info][gc,heap        ] GC(907) Survivor regions: 108->109(153)
[3745.229s][info][gc,heap        ] GC(907) Old regions: 537->471
[3745.229s][info][gc,heap        ] GC(907) Humongous regions: 80->80
[3745.229s][info][gc,metaspace   ] GC(907) Metaspace: 28863K(29312K)->28863K(29312K) NonClass: 23994K(24192K)->23994K(24192K) Class: 4869K(5120K)->4869K(5120K)
[3745.229s][info][gc             ] GC(907) Pause Young (Mixed) (G1 Evacuation Pause) 3672M->1319M(4096M) 131.517ms
[3745.229s][info][gc,cpu         ] GC(907) User=0.78s Sys=0.00s Real=0.13s
...[3747.884s][info][gc,start       ] GC(908) Pause Young (Concurrent Start) (G1 Evacuation Pause)
[3747.884s][info][gc,task        ] GC(908) Using 6 workers of 6 for evacuation
[3748.002s][info][gc,phases      ] GC(908)   Pre Evacuate Collection Set: 0.39ms
[3748.002s][info][gc,phases      ] GC(908)   Merge Heap Roots: 0.45ms
[3748.002s][info][gc,phases      ] GC(908)   Evacuate Collection Set: 115.48ms
[3748.002s][info][gc,phases      ] GC(908)   Post Evacuate Collection Set: 0.90ms
[3748.002s][info][gc,phases      ] GC(908)   Other: 0.11ms
[3748.002s][info][gc,heap        ] GC(908) Eden regions: 1119->0(1117)
[3748.002s][info][gc,heap        ] GC(908) Survivor regions: 109->111(154)
[3748.002s][info][gc,heap        ] GC(908) Old regions: 471->504
[3748.002s][info][gc,heap        ] GC(908) Humongous regions: 80->80
[3748.002s][info][gc,metaspace   ] GC(908) Metaspace: 28863K(29312K)->28863K(29312K) NonClass: 23994K(24192K)->23994K(24192K) Class: 4869K(5120K)->4869K(5120K)
[3748.002s][info][gc             ] GC(908) Pause Young (Concurrent Start) (G1 Evacuation Pause) 3557M->1387M(4096M) 117.465ms
[3748.002s][info][gc             ] GC(909) Concurrent Mark Cycle
[3748.002s][info][gc,marking     ] GC(909) Concurrent Scan Root Regions
[3748.002s][info][gc,cpu         ] GC(908) User=0.70s Sys=0.00s Real=0.11s
[3748.185s][info][gc,marking     ] GC(909) Concurrent Scan Root Regions 183.314ms
[3748.185s][info][gc,marking     ] GC(909) Concurrent Mark
[3748.185s][info][gc,marking     ] GC(909) Concurrent Mark From Roots
[3748.185s][info][gc,task        ] GC(909) Using 2 workers of 2 for marking
.[3749.122s][info][gc,marking     ] GC(909) Concurrent Mark From Roots 936.995ms
[3749.122s][info][gc,marking     ] GC(909) Concurrent Preclean
[3749.122s][info][gc,marking     ] GC(909) Concurrent Preclean 0.125ms
[3749.124s][info][gc,start       ] GC(909) Pause Remark
[3749.131s][info][gc             ] GC(909) Pause Remark 2347M->2347M(4096M) 6.808ms
[3749.131s][info][gc,cpu         ] GC(909) User=0.04s Sys=0.00s Real=0.00s
[3749.131s][info][gc,marking     ] GC(909) Concurrent Mark 945.614ms
[3749.131s][info][gc,marking     ] GC(909) Concurrent Rebuild Remembered Sets and Scrub Regions
[3749.448s][info][gc,marking     ] GC(909) Concurrent Rebuild Remembered Sets and Scrub Regions 317.552ms
[3749.449s][info][gc,start       ] GC(909) Pause Cleanup
[3749.449s][info][gc             ] GC(909) Pause Cleanup 2613M->2613M(4096M) 0.114ms
[3749.449s][info][gc,cpu         ] GC(909) User=0.00s Sys=0.00s Real=0.00s
[3749.449s][info][gc,marking     ] GC(909) Concurrent Clear Claimed Marks
[3749.449s][info][gc,marking     ] GC(909) Concurrent Clear Claimed Marks 0.023ms
[3749.449s][info][gc,marking     ] GC(909) Concurrent Cleanup for Next Mark
[3749.454s][info][gc,marking     ] GC(909) Concurrent Cleanup for Next Mark 5.491ms
[3749.454s][info][gc             ] GC(909) Concurrent Mark Cycle 1452.576ms
.[3750.734s][info][gc,start       ] GC(910) Pause Young (Prepare Mixed) (G1 Evacuation Pause)
[3750.734s][info][gc,task        ] GC(910) Using 6 workers of 6 for evacuation
[3750.852s][info][gc,phases      ] GC(910)   Pre Evacuate Collection Set: 0.34ms
[3750.852s][info][gc,phases      ] GC(910)   Merge Heap Roots: 0.56ms
[3750.852s][info][gc,phases      ] GC(910)   Evacuate Collection Set: 115.82ms
[3750.852s][info][gc,phases      ] GC(910)   Post Evacuate Collection Set: 0.92ms
[3750.852s][info][gc,phases      ] GC(910)   Other: 0.09ms
[3750.852s][info][gc,heap        ] GC(910) Eden regions: 1117->0(1110)
[3750.852s][info][gc,heap        ] GC(910) Survivor regions: 111->109(154)
[3750.852s][info][gc,heap        ] GC(910) Old regions: 504->537
[3750.852s][info][gc,heap        ] GC(910) Humongous regions: 80->80
[3750.852s][info][gc,metaspace   ] GC(910) Metaspace: 28863K(29312K)->28863K(29312K) NonClass: 23994K(24192K)->23994K(24192K) Class: 4869K(5120K)->4869K(5120K)
[3750.852s][info][gc             ] GC(910) Pause Young (Prepare Mixed) (G1 Evacuation Pause) 3621M->1450M(4096M) 117.852ms
[3750.852s][info][gc,cpu         ] GC(910) User=0.70s Sys=0.00s Real=0.12s
...[3753.514s][info][gc,start       ] GC(911) Pause Young (Mixed) (G1 Evacuation Pause)
[3753.514s][info][gc,task        ] GC(911) Using 6 workers of 6 for evacuation
[3753.649s][info][gc,phases      ] GC(911)   Pre Evacuate Collection Set: 0.33ms
[3753.649s][info][gc,phases      ] GC(911)   Merge Heap Roots: 0.70ms
[3753.649s][info][gc,phases      ] GC(911)   Evacuate Collection Set: 132.76ms
[3753.649s][info][gc,phases      ] GC(911)   Post Evacuate Collection Set: 0.88ms
[3753.649s][info][gc,phases      ] GC(911)   Other: 0.09ms
[3753.649s][info][gc,heap        ] GC(911) Eden regions: 1110->0(1117)
[3753.649s][info][gc,heap        ] GC(911) Survivor regions: 109->111(153)
[3753.649s][info][gc,heap        ] GC(911) Old regions: 537->474
[3753.649s][info][gc,heap        ] GC(911) Humongous regions: 80->80
[3753.649s][info][gc,metaspace   ] GC(911) Metaspace: 28863K(29312K)->28863K(29312K) NonClass: 23994K(24192K)->23994K(24192K) Class: 4869K(5120K)->4869K(5120K)
[3753.649s][info][gc             ] GC(911) Pause Young (Mixed) (G1 Evacuation Pause) 3670M->1329M(4096M) 134.910ms
[3753.649s][info][gc,cpu         ] GC(911) User=0.79s Sys=0.00s Real=0.13s
...[3756.369s][info][gc,start       ] GC(912) Pause Young (Concurrent Start) (G1 Evacuation Pause)
[3756.369s][info][gc,task        ] GC(912) Using 6 workers of 6 for evacuation
[3756.488s][info][gc,phases      ] GC(912)   Pre Evacuate Collection Set: 0.35ms
[3756.488s][info][gc,phases      ] GC(912)   Merge Heap Roots: 0.49ms
[3756.488s][info][gc,phases      ] GC(912)   Evacuate Collection Set: 116.80ms
[3756.488s][info][gc,phases      ] GC(912)   Post Evacuate Collection Set: 0.87ms
[3756.488s][info][gc,phases      ] GC(912)   Other: 0.13ms
[3756.488s][info][gc,heap        ] GC(912) Eden regions: 1117->0(1117)
[3756.488s][info][gc,heap        ] GC(912) Survivor regions: 111->111(154)
[3756.488s][info][gc,heap        ] GC(912) Old regions: 474->506
[3756.488s][info][gc,heap        ] GC(912) Humongous regions: 80->80
[3756.488s][info][gc,metaspace   ] GC(912) Metaspace: 28863K(29312K)->28863K(29312K) NonClass: 23994K(24192K)->23994K(24192K) Class: 4869K(5120K)->4869K(5120K)
[3756.488s][info][gc             ] GC(912) Pause Young (Concurrent Start) (G1 Evacuation Pause) 3563M->1392M(4096M) 118.791ms
[3756.488s][info][gc             ] GC(913) Concurrent Mark Cycle
[3756.488s][info][gc,marking     ] GC(913) Concurrent Scan Root Regions
[3756.488s][info][gc,cpu         ] GC(912) User=0.71s Sys=0.00s Real=0.12s
[3756.681s][info][gc,marking     ] GC(913) Concurrent Scan Root Regions 192.827ms
[3756.681s][info][gc,marking     ] GC(913) Concurrent Mark
[3756.681s][info][gc,marking     ] GC(913) Concurrent Mark From Roots
[3756.681s][info][gc,task        ] GC(913) Using 2 workers of 2 for marking
.[3757.589s][info][gc,marking     ] GC(913) Concurrent Mark From Roots 907.929ms
[3757.589s][info][gc,marking     ] GC(913) Concurrent Preclean
[3757.589s][info][gc,marking     ] GC(913) Concurrent Preclean 0.086ms
[3757.589s][info][gc,start       ] GC(913) Pause Remark
[3757.596s][info][gc             ] GC(913) Pause Remark 2357M->2357M(4096M) 6.631ms
[3757.596s][info][gc,cpu         ] GC(913) User=0.04s Sys=0.00s Real=0.01s
[3757.596s][info][gc,marking     ] GC(913) Concurrent Mark 914.923ms
[3757.596s][info][gc,marking     ] GC(913) Concurrent Rebuild Remembered Sets and Scrub Regions
.[3757.898s][info][gc,marking     ] GC(913) Concurrent Rebuild Remembered Sets and Scrub Regions 301.572ms
[3757.898s][info][gc,start       ] GC(913) Pause Cleanup
[3757.898s][info][gc             ] GC(913) Pause Cleanup 2583M->2583M(4096M) 0.102ms
[3757.898s][info][gc,cpu         ] GC(913) User=0.00s Sys=0.00s Real=0.00s
[3757.898s][info][gc,marking     ] GC(913) Concurrent Clear Claimed Marks
[3757.898s][info][gc,marking     ] GC(913) Concurrent Clear Claimed Marks 0.021ms
[3757.898s][info][gc,marking     ] GC(913) Concurrent Cleanup for Next Mark
[3757.902s][info][gc,marking     ] GC(913) Concurrent Cleanup for Next Mark 3.725ms
[3757.902s][info][gc             ] GC(913) Concurrent Mark Cycle 1413.506ms
.[3759.141s][info][gc,start       ] GC(914) Pause Young (Prepare Mixed) (G1 Evacuation Pause)
[3759.141s][info][gc,task        ] GC(914) Using 6 workers of 6 for evacuation
[3759.261s][info][gc,phases      ] GC(914)   Pre Evacuate Collection Set: 0.33ms
[3759.261s][info][gc,phases      ] GC(914)   Merge Heap Roots: 0.54ms
[3759.261s][info][gc,phases      ] GC(914)   Evacuate Collection Set: 117.68ms
[3759.261s][info][gc,phases      ] GC(914)   Post Evacuate Collection Set: 0.91ms
[3759.261s][info][gc,phases      ] GC(914)   Other: 0.09ms
[3759.261s][info][gc,heap        ] GC(914) Eden regions: 1117->0(1107)
[3759.261s][info][gc,heap        ] GC(914) Survivor regions: 111->110(154)
[3759.261s][info][gc,heap        ] GC(914) Old regions: 506->538
[3759.261s][info][gc,heap        ] GC(914) Humongous regions: 80->80
[3759.261s][info][gc,metaspace   ] GC(914) Metaspace: 28863K(29312K)->28863K(29312K) NonClass: 23994K(24192K)->23994K(24192K) Class: 4869K(5120K)->4869K(5120K)
[3759.261s][info][gc             ] GC(914) Pause Young (Prepare Mixed) (G1 Evacuation Pause) 3626M->1454M(4096M) 119.666ms
[3759.261s][info][gc,cpu         ] GC(914) User=0.70s Sys=0.00s Real=0.12s
...[3762.016s][info][gc,start       ] GC(915) Pause Young (Mixed) (G1 Evacuation Pause)
[3762.016s][info][gc,task        ] GC(915) Using 6 workers of 6 for evacuation
[3762.146s][info][gc,phases      ] GC(915)   Pre Evacuate Collection Set: 0.38ms
[3762.146s][info][gc,phases      ] GC(915)   Merge Heap Roots: 0.73ms
[3762.146s][info][gc,phases      ] GC(915)   Evacuate Collection Set: 128.30ms
[3762.146s][info][gc,phases      ] GC(915)   Post Evacuate Collection Set: 0.96ms
[3762.146s][info][gc,phases      ] GC(915)   Other: 0.09ms
[3762.146s][info][gc,heap        ] GC(915) Eden regions: 1107->0(1121)
[3762.146s][info][gc,heap        ] GC(915) Survivor regions: 110->107(153)
[3762.146s][info][gc,heap        ] GC(915) Old regions: 538->475
[3762.146s][info][gc,heap        ] GC(915) Humongous regions: 80->80
[3762.146s][info][gc,metaspace   ] GC(915) Metaspace: 28863K(29312K)->28863K(29312K) NonClass: 23994K(24192K)->23994K(24192K) Class: 4869K(5120K)->4869K(5120K)
[3762.146s][info][gc             ] GC(915) Pause Young (Mixed) (G1 Evacuation Pause) 3668M->1322M(4096M) 130.618ms
[3762.146s][info][gc,cpu         ] GC(915) User=0.77s Sys=0.00s Real=0.13s
..[3764.853s][info][gc,start       ] GC(916) Pause Young (Concurrent Start) (G1 Evacuation Pause)
[3764.853s][info][gc,task        ] GC(916) Using 6 workers of 6 for evacuation
[3764.975s][info][gc,phases      ] GC(916)   Pre Evacuate Collection Set: 0.37ms
[3764.975s][info][gc,phases      ] GC(916)   Merge Heap Roots: 0.48ms
[3764.975s][info][gc,phases      ] GC(916)   Evacuate Collection Set: 119.41ms
[3764.975s][info][gc,phases      ] GC(916)   Post Evacuate Collection Set: 0.88ms
[3764.975s][info][gc,phases      ] GC(916)   Other: 0.12ms
[3764.975s][info][gc,heap        ] GC(916) Eden regions: 1121->0(1115)
[3764.975s][info][gc,heap        ] GC(916) Survivor regions: 107->113(154)
[3764.975s][info][gc,heap        ] GC(916) Old regions: 475->506
[3764.975s][info][gc,heap        ] GC(916) Humongous regions: 80->80
[3764.975s][info][gc,metaspace   ] GC(916) Metaspace: 28863K(29312K)->28863K(29312K) NonClass: 23994K(24192K)->23994K(24192K) Class: 4869K(5120K)->4869K(5120K)
[3764.975s][info][gc             ] GC(916) Pause Young (Concurrent Start) (G1 Evacuation Pause) 3564M->1396M(4096M) 121.392ms
[3764.975s][info][gc             ] GC(917) Concurrent Mark Cycle
[3764.975s][info][gc,marking     ] GC(917) Concurrent Scan Root Regions
[3764.975s][info][gc,cpu         ] GC(916) User=0.72s Sys=0.00s Real=0.12s
.[3765.175s][info][gc,marking     ] GC(917) Concurrent Scan Root Regions 200.652ms
[3765.176s][info][gc,marking     ] GC(917) Concurrent Mark
[3765.176s][info][gc,marking     ] GC(917) Concurrent Mark From Roots
[3765.176s][info][gc,task        ] GC(917) Using 2 workers of 2 for marking
.[3766.130s][info][gc,marking     ] GC(917) Concurrent Mark From Roots 954.537ms
[3766.130s][info][gc,marking     ] GC(917) Concurrent Preclean
[3766.130s][info][gc,marking     ] GC(917) Concurrent Preclean 0.119ms
[3766.130s][info][gc,start       ] GC(917) Pause Remark
[3766.138s][info][gc             ] GC(917) Pause Remark 2412M->2412M(4096M) 7.080ms
[3766.138s][info][gc,cpu         ] GC(917) User=0.04s Sys=0.00s Real=0.01s
[3766.139s][info][gc,marking     ] GC(917) Concurrent Mark 963.879ms
[3766.139s][info][gc,marking     ] GC(917) Concurrent Rebuild Remembered Sets and Scrub Regions
[3766.437s][info][gc,marking     ] GC(917) Concurrent Rebuild Remembered Sets and Scrub Regions 297.839ms
[3766.437s][info][gc,start       ] GC(917) Pause Cleanup
[3766.438s][info][gc             ] GC(917) Pause Cleanup 2639M->2639M(4096M) 0.113ms
[3766.438s][info][gc,cpu         ] GC(917) User=0.00s Sys=0.00s Real=0.00s
[3766.439s][info][gc,marking     ] GC(917) Concurrent Clear Claimed Marks
[3766.439s][info][gc,marking     ] GC(917) Concurrent Clear Claimed Marks 0.043ms
[3766.439s][info][gc,marking     ] GC(917) Concurrent Cleanup for Next Mark
[3766.445s][info][gc,marking     ] GC(917) Concurrent Cleanup for Next Mark 6.015ms
[3766.445s][info][gc             ] GC(917) Concurrent Mark Cycle 1470.190ms
.[3767.659s][info][gc,start       ] GC(918) Pause Young (Prepare Mixed) (G1 Evacuation Pause)
[3767.659s][info][gc,task        ] GC(918) Using 6 workers of 6 for evacuation
[3767.782s][info][gc,phases      ] GC(918)   Pre Evacuate Collection Set: 0.33ms
[3767.782s][info][gc,phases      ] GC(918)   Merge Heap Roots: 0.59ms
[3767.782s][info][gc,phases      ] GC(918)   Evacuate Collection Set: 121.12ms
[3767.782s][info][gc,phases      ] GC(918)   Post Evacuate Collection Set: 0.95ms
[3767.782s][info][gc,phases      ] GC(918)   Other: 0.09ms
[3767.782s][info][gc,heap        ] GC(918) Eden regions: 1115->0(1100)
[3767.782s][info][gc,heap        ] GC(918) Survivor regions: 113->113(154)
[3767.782s][info][gc,heap        ] GC(918) Old regions: 506->539
[3767.782s][info][gc,heap        ] GC(918) Humongous regions: 80->80
[3767.782s][info][gc,metaspace   ] GC(918) Metaspace: 28863K(29312K)->28863K(29312K) NonClass: 23994K(24192K)->23994K(24192K) Class: 4869K(5120K)->4869K(5120K)
[3767.782s][info][gc             ] GC(918) Pause Young (Prepare Mixed) (G1 Evacuation Pause) 3626M->1462M(4096M) 123.246ms
[3767.782s][info][gc,cpu         ] GC(918) User=0.73s Sys=0.00s Real=0.12s
...[3770.495s][info][gc,start       ] GC(919) Pause Young (Mixed) (G1 Evacuation Pause)
[3770.495s][info][gc,task        ] GC(919) Using 6 workers of 6 for evacuation
[3770.633s][info][gc,phases      ] GC(919)   Pre Evacuate Collection Set: 0.36ms
[3770.633s][info][gc,phases      ] GC(919)   Merge Heap Roots: 0.65ms
[3770.633s][info][gc,phases      ] GC(919)   Evacuate Collection Set: 136.28ms
[3770.633s][info][gc,phases      ] GC(919)   Post Evacuate Collection Set: 0.87ms
[3770.633s][info][gc,phases      ] GC(919)   Other: 0.09ms
[3770.633s][info][gc,heap        ] GC(919) Eden regions: 1100->0(1113)
[3770.633s][info][gc,heap        ] GC(919) Survivor regions: 113->115(152)
[3770.633s][info][gc,heap        ] GC(919) Old regions: 539->475
[3770.633s][info][gc,heap        ] GC(919) Humongous regions: 80->80
[3770.633s][info][gc,metaspace   ] GC(919) Metaspace: 28863K(29312K)->28863K(29312K) NonClass: 23994K(24192K)->23994K(24192K) Class: 4869K(5120K)->4869K(5120K)
[3770.633s][info][gc             ] GC(919) Pause Young (Mixed) (G1 Evacuation Pause) 3662M->1338M(4096M) 138.374ms
[3770.633s][info][gc,cpu         ] GC(919) User=0.82s Sys=0.00s Real=0.14s
... (rIR:aIR:PR = 6642:6646:6646) (tPR = 99100) [OK] 
  3772s: Performance info:
         Transaction,    Success,    Partial,     Failed,   Receipts, AvgBarcode, 
             Overall,     402471,          0,          0,     382324,      59.47, 
         Response times:
             Request,    Success,    Partial,     Failed,   SkipFail,     Probes,    Samples,      min,      p50,      p90,      p95,      p99,      max, 
       TotalPurchase,     382332,          0,          0,          0,     361779,     400586,      200,     5700,    30000,    62000,   123000,   267000,
     InStorePurchase,     201280,          0,          0,          0,     190408,     210554,      200,     5700,    30000,    62000,   124000,   267000,
      OnlinePurchase,     140809,          0,          0,          0,     133413,     147527,      300,     5700,    31000,    64000,   125000,   238000,
        InstPurchase,      40243,          0,          0,          0,      37958,      42505,      400,     5700,    28400,    61000,   114000,   267000,
          AssocOfCat,        405,          0,          0,          0,        342,        452,    24000,    39000,    84000,   128350,   225760,   262000,
      AssocOfProduct,       4031,          0,          0,          0,       3735,       4342,      600,     7300,    35000,    68000,   115000,   191000,
      BusinessReport,       1001,          0,          0,          0,        856,       1043,    27000,    45000,    90000,   141400,   192240,   267000,
          CustBuyBeh,       4029,          0,          0,          0,       3681,       4308,      300,     6000,    33000,    68000,   112910,   214000,
       ProductReturn,      10672,          0,          0,          0,      10185,      11466,      200,     3800,    23000,    53000,   113000,   233000,

  3772s: (49%)   IR =   6780 [3773.304s][info][gc,start       ] GC(920) Pause Young (Concurrent Start) (G1 Evacuation Pause)
[3773.304s][info][gc,task        ] GC(920) Using 6 workers of 6 for evacuation
[3773.425s][info][gc,phases      ] GC(920)   Pre Evacuate Collection Set: 0.39ms
[3773.425s][info][gc,phases      ] GC(920)   Merge Heap Roots: 0.47ms
[3773.425s][info][gc,phases      ] GC(920)   Evacuate Collection Set: 119.23ms
[3773.425s][info][gc,phases      ] GC(920)   Post Evacuate Collection Set: 0.94ms
[3773.425s][info][gc,phases      ] GC(920)   Other: 0.13ms
[3773.425s][info][gc,heap        ] GC(920) Eden regions: 1113->0(1116)
[3773.425s][info][gc,heap        ] GC(920) Survivor regions: 115->112(154)
[3773.425s][info][gc,heap        ] GC(920) Old regions: 475->507
[3773.425s][info][gc,heap        ] GC(920) Humongous regions: 80->80
[3773.425s][info][gc,metaspace   ] GC(920) Metaspace: 28863K(29312K)->28863K(29312K) NonClass: 23994K(24192K)->23994K(24192K) Class: 4869K(5120K)->4869K(5120K)
[3773.425s][info][gc             ] GC(920) Pause Young (Concurrent Start) (G1 Evacuation Pause) 3564M->1397M(4096M) 121.306ms
[3773.425s][info][gc             ] GC(921) Concurrent Mark Cycle
[3773.425s][info][gc,marking     ] GC(921) Concurrent Scan Root Regions
[3773.425s][info][gc,cpu         ] GC(920) User=0.71s Sys=0.00s Real=0.12s
[3773.639s][info][gc,marking     ] GC(921) Concurrent Scan Root Regions 213.302ms
[3773.639s][info][gc,marking     ] GC(921) Concurrent Mark
[3773.639s][info][gc,marking     ] GC(921) Concurrent Mark From Roots
[3773.639s][info][gc,task        ] GC(921) Using 2 workers of 2 for marking
.[3774.530s][info][gc,marking     ] GC(921) Concurrent Mark From Roots 891.540ms
[3774.530s][info][gc,marking     ] GC(921) Concurrent Preclean
[3774.531s][info][gc,marking     ] GC(921) Concurrent Preclean 0.140ms
[3774.532s][info][gc,start       ] GC(921) Pause Remark
[3774.539s][info][gc             ] GC(921) Pause Remark 2369M->2369M(4096M) 7.271ms
[3774.539s][info][gc,cpu         ] GC(921) User=0.04s Sys=0.00s Real=0.01s
[3774.539s][info][gc,marking     ] GC(921) Concurrent Mark 900.231ms
[3774.539s][info][gc,marking     ] GC(921) Concurrent Rebuild Remembered Sets and Scrub Regions
[3774.808s][info][gc,marking     ] GC(921) Concurrent Rebuild Remembered Sets and Scrub Regions 268.752ms
[3774.808s][info][gc,start       ] GC(921) Pause Cleanup
[3774.808s][info][gc             ] GC(921) Pause Cleanup 2605M->2605M(4096M) 0.119ms
[3774.808s][info][gc,cpu         ] GC(921) User=0.00s Sys=0.00s Real=0.00s
[3774.808s][info][gc,marking     ] GC(921) Concurrent Clear Claimed Marks
[3774.808s][info][gc,marking     ] GC(921) Concurrent Clear Claimed Marks 0.034ms
[3774.808s][info][gc,marking     ] GC(921) Concurrent Cleanup for Next Mark
[3774.813s][info][gc,marking     ] GC(921) Concurrent Cleanup for Next Mark 4.554ms
[3774.813s][info][gc             ] GC(921) Concurrent Mark Cycle 1387.434ms
.[3776.028s][info][gc,start       ] GC(922) Pause Young (Prepare Mixed) (G1 Evacuation Pause)
[3776.028s][info][gc,task        ] GC(922) Using 6 workers of 6 for evacuation
[3776.145s][info][gc,phases      ] GC(922)   Pre Evacuate Collection Set: 0.34ms
[3776.145s][info][gc,phases      ] GC(922)   Merge Heap Roots: 0.55ms
[3776.145s][info][gc,phases      ] GC(922)   Evacuate Collection Set: 115.73ms
[3776.145s][info][gc,phases      ] GC(922)   Post Evacuate Collection Set: 0.97ms
[3776.145s][info][gc,phases      ] GC(922)   Other: 0.09ms
[3776.145s][info][gc,heap        ] GC(922) Eden regions: 1116->0(1108)
[3776.145s][info][gc,heap        ] GC(922) Survivor regions: 112->109(154)
[3776.145s][info][gc,heap        ] GC(922) Old regions: 507->539
[3776.145s][info][gc,heap        ] GC(922) Humongous regions: 80->80
[3776.145s][info][gc,metaspace   ] GC(922) Metaspace: 28863K(29312K)->28863K(29312K) NonClass: 23994K(24192K)->23994K(24192K) Class: 4869K(5120K)->4869K(5120K)
[3776.145s][info][gc             ] GC(922) Pause Young (Prepare Mixed) (G1 Evacuation Pause) 3629M->1455M(4096M) 117.812ms
[3776.146s][info][gc,cpu         ] GC(922) User=0.70s Sys=0.00s Real=0.12s
...[3778.773s][info][gc,start       ] GC(923) Pause Young (Mixed) (G1 Evacuation Pause)
[3778.773s][info][gc,task        ] GC(923) Using 6 workers of 6 for evacuation
[3778.907s][info][gc,phases      ] GC(923)   Pre Evacuate Collection Set: 0.36ms
[3778.907s][info][gc,phases      ] GC(923)   Merge Heap Roots: 0.65ms
[3778.907s][info][gc,phases      ] GC(923)   Evacuate Collection Set: 132.43ms
[3778.907s][info][gc,phases      ] GC(923)   Post Evacuate Collection Set: 0.93ms
[3778.907s][info][gc,phases      ] GC(923)   Other: 0.10ms
[3778.907s][info][gc,heap        ] GC(923) Eden regions: 1108->0(1116)
[3778.907s][info][gc,heap        ] GC(923) Survivor regions: 109->112(153)
[3778.907s][info][gc,heap        ] GC(923) Old regions: 539->474
[3778.907s][info][gc,heap        ] GC(923) Humongous regions: 80->80
[3778.907s][info][gc,metaspace   ] GC(923) Metaspace: 28863K(29312K)->28863K(29312K) NonClass: 23994K(24192K)->23994K(24192K) Class: 4869K(5120K)->4869K(5120K)
[3778.907s][info][gc             ] GC(923) Pause Young (Mixed) (G1 Evacuation Pause) 3671M->1329M(4096M) 134.632ms
[3778.907s][info][gc,cpu         ] GC(923) User=0.80s Sys=0.01s Real=0.13s
.|..[3781.634s][info][gc,start       ] GC(924) Pause Young (Concurrent Start) (G1 Evacuation Pause)
[3781.634s][info][gc,task        ] GC(924) Using 6 workers of 6 for evacuation
[3781.751s][info][gc,phases      ] GC(924)   Pre Evacuate Collection Set: 0.37ms
[3781.751s][info][gc,phases      ] GC(924)   Merge Heap Roots: 0.47ms
[3781.751s][info][gc,phases      ] GC(924)   Evacuate Collection Set: 115.40ms
[3781.751s][info][gc,phases      ] GC(924)   Post Evacuate Collection Set: 0.90ms
[3781.751s][info][gc,phases      ] GC(924)   Other: 0.14ms
[3781.751s][info][gc,heap        ] GC(924) Eden regions: 1116->0(1118)
[3781.751s][info][gc,heap        ] GC(924) Survivor regions: 112->110(154)
[3781.751s][info][gc,heap        ] GC(924) Old regions: 474->505
[3781.751s][info][gc,heap        ] GC(924) Humongous regions: 80->80
[3781.751s][info][gc,metaspace   ] GC(924) Metaspace: 28863K(29312K)->28863K(29312K) NonClass: 23994K(24192K)->23994K(24192K) Class: 4869K(5120K)->4869K(5120K)
[3781.751s][info][gc             ] GC(924) Pause Young (Concurrent Start) (G1 Evacuation Pause) 3561M->1388M(4096M) 117.415ms
[3781.752s][info][gc             ] GC(925) Concurrent Mark Cycle
[3781.752s][info][gc,marking     ] GC(925) Concurrent Scan Root Regions
[3781.752s][info][gc,cpu         ] GC(924) User=0.69s Sys=0.01s Real=0.11s
[3781.891s][info][gc,marking     ] GC(925) Concurrent Scan Root Regions 139.252ms
[3781.891s][info][gc,marking     ] GC(925) Concurrent Mark
[3781.891s][info][gc,marking     ] GC(925) Concurrent Mark From Roots
[3781.891s][info][gc,task        ] GC(925) Using 2 workers of 2 for marking
.[3782.640s][info][gc,marking     ] GC(925) Concurrent Mark From Roots 749.428ms
[3782.640s][info][gc,marking     ] GC(925) Concurrent Preclean
[3782.641s][info][gc,marking     ] GC(925) Concurrent Preclean 0.132ms
[3782.642s][info][gc,start       ] GC(925) Pause Remark
[3782.647s][info][gc             ] GC(925) Pause Remark 2158M->2158M(4096M) 5.210ms
[3782.647s][info][gc,cpu         ] GC(925) User=0.03s Sys=0.00s Real=0.01s
[3782.648s][info][gc,marking     ] GC(925) Concurrent Mark 757.057ms
[3782.648s][info][gc,marking     ] GC(925) Concurrent Rebuild Remembered Sets and Scrub Regions
[3783.015s][info][gc,marking     ] GC(925) Concurrent Rebuild Remembered Sets and Scrub Regions 367.020ms
[3783.015s][info][gc,start       ] GC(925) Pause Cleanup
[3783.015s][info][gc             ] GC(925) Pause Cleanup 2475M->2475M(4096M) 0.115ms
[3783.015s][info][gc,cpu         ] GC(925) User=0.00s Sys=0.00s Real=0.00s
[3783.015s][info][gc,marking     ] GC(925) Concurrent Clear Claimed Marks
[3783.015s][info][gc,marking     ] GC(925) Concurrent Clear Claimed Marks 0.029ms
[3783.015s][info][gc,marking     ] GC(925) Concurrent Cleanup for Next Mark
[3783.020s][info][gc,marking     ] GC(925) Concurrent Cleanup for Next Mark 4.514ms
[3783.020s][info][gc             ] GC(925) Concurrent Mark Cycle 1268.454ms
.[3784.410s][info][gc,start       ] GC(926) Pause Young (Prepare Mixed) (G1 Evacuation Pause)
[3784.410s][info][gc,task        ] GC(926) Using 6 workers of 6 for evacuation
[3784.530s][info][gc,phases      ] GC(926)   Pre Evacuate Collection Set: 0.32ms
[3784.530s][info][gc,phases      ] GC(926)   Merge Heap Roots: 0.55ms
[3784.530s][info][gc,phases      ] GC(926)   Evacuate Collection Set: 117.31ms
[3784.530s][info][gc,phases      ] GC(926)   Post Evacuate Collection Set: 0.92ms
[3784.530s][info][gc,phases      ] GC(926)   Other: 0.08ms
[3784.530s][info][gc,heap        ] GC(926) Eden regions: 1118->0(1107)
[3784.530s][info][gc,heap        ] GC(926) Survivor regions: 110->111(154)
[3784.530s][info][gc,heap        ] GC(926) Old regions: 505->536
[3784.530s][info][gc,heap        ] GC(926) Humongous regions: 80->80
[3784.530s][info][gc,metaspace   ] GC(926) Metaspace: 28863K(29312K)->28863K(29312K) NonClass: 23994K(24192K)->23994K(24192K) Class: 4869K(5120K)->4869K(5120K)
[3784.530s][info][gc             ] GC(926) Pause Young (Prepare Mixed) (G1 Evacuation Pause) 3624M->1452M(4096M) 119.343ms
[3784.530s][info][gc,cpu         ] GC(926) User=0.71s Sys=0.00s Real=0.12s
...[3787.111s][info][gc,start       ] GC(927) Pause Young (Mixed) (G1 Evacuation Pause)
[3787.111s][info][gc,task        ] GC(927) Using 6 workers of 6 for evacuation
[3787.243s][info][gc,phases      ] GC(927)   Pre Evacuate Collection Set: 0.37ms
[3787.243s][info][gc,phases      ] GC(927)   Merge Heap Roots: 0.68ms
[3787.243s][info][gc,phases      ] GC(927)   Evacuate Collection Set: 129.35ms
[3787.243s][info][gc,phases      ] GC(927)   Post Evacuate Collection Set: 0.95ms
[3787.243s][info][gc,phases      ] GC(927)   Other: 0.09ms
[3787.243s][info][gc,heap        ] GC(927) Eden regions: 1107->0(1121)
[3787.243s][info][gc,heap        ] GC(927) Survivor regions: 111->107(153)
[3787.243s][info][gc,heap        ] GC(927) Old regions: 536->471
[3787.243s][info][gc,heap        ] GC(927) Humongous regions: 80->80
[3787.243s][info][gc,metaspace   ] GC(927) Metaspace: 28863K(29312K)->28863K(29312K) NonClass: 23994K(24192K)->23994K(24192K) Class: 4869K(5120K)->4869K(5120K)
[3787.243s][info][gc             ] GC(927) Pause Young (Mixed) (G1 Evacuation Pause) 3666M->1315M(4096M) 131.578ms
[3787.243s][info][gc,cpu         ] GC(927) User=0.77s Sys=0.00s Real=0.14s
...[3789.902s][info][gc,start       ] GC(928) Pause Young (Concurrent Start) (G1 Evacuation Pause)
[3789.902s][info][gc,task        ] GC(928) Using 6 workers of 6 for evacuation
[3790.024s][info][gc,phases      ] GC(928)   Pre Evacuate Collection Set: 0.38ms
[3790.024s][info][gc,phases      ] GC(928)   Merge Heap Roots: 0.47ms
[3790.024s][info][gc,phases      ] GC(928)   Evacuate Collection Set: 119.97ms
[3790.024s][info][gc,phases      ] GC(928)   Post Evacuate Collection Set: 0.91ms
[3790.024s][info][gc,phases      ] GC(928)   Other: 0.10ms
[3790.024s][info][gc,heap        ] GC(928) Eden regions: 1121->0(1114)
[3790.024s][info][gc,heap        ] GC(928) Survivor regions: 107->114(154)
[3790.024s][info][gc,heap        ] GC(928) Old regions: 471->503
[3790.024s][info][gc,heap        ] GC(928) Humongous regions: 80->80
[3790.024s][info][gc,metaspace   ] GC(928) Metaspace: 28863K(29312K)->28863K(29312K) NonClass: 23994K(24192K)->23994K(24192K) Class: 4869K(5120K)->4869K(5120K)
[3790.024s][info][gc             ] GC(928) Pause Young (Concurrent Start) (G1 Evacuation Pause) 3557M->1392M(4096M) 121.965ms
[3790.024s][info][gc             ] GC(929) Concurrent Mark Cycle
[3790.024s][info][gc,marking     ] GC(929) Concurrent Scan Root Regions
[3790.024s][info][gc,cpu         ] GC(928) User=0.72s Sys=0.00s Real=0.13s
[3790.195s][info][gc,marking     ] GC(929) Concurrent Scan Root Regions 171.010ms
[3790.195s][info][gc,marking     ] GC(929) Concurrent Mark
[3790.195s][info][gc,marking     ] GC(929) Concurrent Mark From Roots
[3790.195s][info][gc,task        ] GC(929) Using 2 workers of 2 for marking
.[3791.105s][info][gc,marking     ] GC(929) Concurrent Mark From Roots 910.141ms
[3791.105s][info][gc,marking     ] GC(929) Concurrent Preclean
[3791.105s][info][gc,marking     ] GC(929) Concurrent Preclean 0.132ms
[3791.107s][info][gc,start       ] GC(929) Pause Remark
[3791.115s][info][gc             ] GC(929) Pause Remark 2304M->2304M(4096M) 7.493ms
[3791.115s][info][gc,cpu         ] GC(929) User=0.04s Sys=0.00s Real=0.01s
[3791.115s][info][gc,marking     ] GC(929) Concurrent Mark 919.946ms
[3791.115s][info][gc,marking     ] GC(929) Concurrent Rebuild Remembered Sets and Scrub Regions
[3791.450s][info][gc,marking     ] GC(929) Concurrent Rebuild Remembered Sets and Scrub Regions 334.756ms
[3791.450s][info][gc,start       ] GC(929) Pause Cleanup
[3791.450s][info][gc             ] GC(929) Pause Cleanup 2594M->2594M(4096M) 0.126ms
[3791.450s][info][gc,cpu         ] GC(929) User=0.00s Sys=0.00s Real=0.00s
[3791.450s][info][gc,marking     ] GC(929) Concurrent Clear Claimed Marks
[3791.450s][info][gc,marking     ] GC(929) Concurrent Clear Claimed Marks 0.029ms
[3791.450s][info][gc,marking     ] GC(929) Concurrent Cleanup for Next Mark
[3791.455s][info][gc,marking     ] GC(929) Concurrent Cleanup for Next Mark 4.580ms
[3791.455s][info][gc             ] GC(929) Concurrent Mark Cycle 1431.238ms
..[3792.698s][info][gc,start       ] GC(930) Pause Young (Prepare Mixed) (G1 Evacuation Pause)
[3792.698s][info][gc,task        ] GC(930) Using 6 workers of 6 for evacuation
[3792.816s][info][gc,phases      ] GC(930)   Pre Evacuate Collection Set: 0.35ms
[3792.816s][info][gc,phases      ] GC(930)   Merge Heap Roots: 0.49ms
[3792.816s][info][gc,phases      ] GC(930)   Evacuate Collection Set: 115.99ms
[3792.816s][info][gc,phases      ] GC(930)   Post Evacuate Collection Set: 0.93ms
[3792.816s][info][gc,phases      ] GC(930)   Other: 0.09ms
[3792.816s][info][gc,heap        ] GC(930) Eden regions: 1114->0(1108)
[3792.816s][info][gc,heap        ] GC(930) Survivor regions: 114->111(154)
[3792.816s][info][gc,heap        ] GC(930) Old regions: 503->535
[3792.816s][info][gc,heap        ] GC(930) Humongous regions: 80->80
[3792.816s][info][gc,metaspace   ] GC(930) Metaspace: 28863K(29312K)->28863K(29312K) NonClass: 23994K(24192K)->23994K(24192K) Class: 4869K(5120K)->4869K(5120K)
[3792.816s][info][gc             ] GC(930) Pause Young (Prepare Mixed) (G1 Evacuation Pause) 3620M->1449M(4096M) 117.970ms
[3792.816s][info][gc,cpu         ] GC(930) User=0.69s Sys=0.00s Real=0.12s
..[3795.464s][info][gc,start       ] GC(931) Pause Young (Mixed) (G1 Evacuation Pause)
[3795.464s][info][gc,task        ] GC(931) Using 6 workers of 6 for evacuation
[3795.597s][info][gc,phases      ] GC(931)   Pre Evacuate Collection Set: 0.41ms
[3795.597s][info][gc,phases      ] GC(931)   Merge Heap Roots: 0.73ms
[3795.597s][info][gc,phases      ] GC(931)   Evacuate Collection Set: 131.42ms
[3795.597s][info][gc,phases      ] GC(931)   Post Evacuate Collection Set: 0.97ms
[3795.597s][info][gc,phases      ] GC(931)   Other: 0.10ms
[3795.597s][info][gc,heap        ] GC(931) Eden regions: 1108->0(1118)
[3795.597s][info][gc,heap        ] GC(931) Survivor regions: 111->110(153)
[3795.597s][info][gc,heap        ] GC(931) Old regions: 535->474
[3795.597s][info][gc,heap        ] GC(931) Humongous regions: 80->80
[3795.597s][info][gc,metaspace   ] GC(931) Metaspace: 28863K(29312K)->28863K(29312K) NonClass: 23994K(24192K)->23994K(24192K) Class: 4869K(5120K)->4869K(5120K)
[3795.597s][info][gc             ] GC(931) Pause Young (Mixed) (G1 Evacuation Pause) 3665M->1326M(4096M) 133.763ms
[3795.597s][info][gc,cpu         ] GC(931) User=0.80s Sys=0.00s Real=0.13s
...[3798.278s][info][gc,start       ] GC(932) Pause Young (Concurrent Start) (G1 Evacuation Pause)
[3798.278s][info][gc,task        ] GC(932) Using 6 workers of 6 for evacuation
[3798.393s][info][gc,phases      ] GC(932)   Pre Evacuate Collection Set: 0.37ms
[3798.393s][info][gc,phases      ] GC(932)   Merge Heap Roots: 0.47ms
[3798.393s][info][gc,phases      ] GC(932)   Evacuate Collection Set: 113.84ms
[3798.393s][info][gc,phases      ] GC(932)   Post Evacuate Collection Set: 0.87ms
[3798.393s][info][gc,phases      ] GC(932)   Other: 0.10ms
[3798.393s][info][gc,heap        ] GC(932) Eden regions: 1118->0(1119)
[3798.393s][info][gc,heap        ] GC(932) Survivor regions: 110->109(154)
[3798.393s][info][gc,heap        ] GC(932) Old regions: 474->506
[3798.393s][info][gc,heap        ] GC(932) Humongous regions: 80->80
[3798.393s][info][gc,metaspace   ] GC(932) Metaspace: 28863K(29312K)->28863K(29312K) NonClass: 23994K(24192K)->23994K(24192K) Class: 4869K(5120K)->4869K(5120K)
[3798.394s][info][gc             ] GC(932) Pause Young (Concurrent Start) (G1 Evacuation Pause) 3562M->1388M(4096M) 115.794ms
[3798.394s][info][gc             ] GC(933) Concurrent Mark Cycle
[3798.394s][info][gc,marking     ] GC(933) Concurrent Scan Root Regions
[3798.394s][info][gc,cpu         ] GC(932) User=0.68s Sys=0.00s Real=0.12s
[3798.572s][info][gc,marking     ] GC(933) Concurrent Scan Root Regions 178.256ms
[3798.572s][info][gc,marking     ] GC(933) Concurrent Mark
[3798.572s][info][gc,marking     ] GC(933) Concurrent Mark From Roots
[3798.572s][info][gc,task        ] GC(933) Using 2 workers of 2 for marking
.[3799.524s][info][gc,marking     ] GC(933) Concurrent Mark From Roots 951.635ms
[3799.524s][info][gc,marking     ] GC(933) Concurrent Preclean
[3799.524s][info][gc,marking     ] GC(933) Concurrent Preclean 0.113ms
[3799.525s][info][gc,start       ] GC(933) Pause Remark
[3799.530s][info][gc             ] GC(933) Pause Remark 2400M->2400M(4096M) 5.322ms
[3799.530s][info][gc,cpu         ] GC(933) User=0.03s Sys=0.00s Real=0.00s
[3799.531s][info][gc,marking     ] GC(933) Concurrent Mark 958.699ms
[3799.531s][info][gc,marking     ] GC(933) Concurrent Rebuild Remembered Sets and Scrub Regions
.[3799.855s][info][gc,marking     ] GC(933) Concurrent Rebuild Remembered Sets and Scrub Regions 324.830ms
[3799.856s][info][gc,start       ] GC(933) Pause Cleanup
[3799.856s][info][gc             ] GC(933) Pause Cleanup 2674M->2674M(4096M) 0.099ms
[3799.856s][info][gc,cpu         ] GC(933) User=0.00s Sys=0.00s Real=0.00s
[3799.856s][info][gc,marking     ] GC(933) Concurrent Clear Claimed Marks
[3799.856s][info][gc,marking     ] GC(933) Concurrent Clear Claimed Marks 0.023ms
[3799.856s][info][gc,marking     ] GC(933) Concurrent Cleanup for Next Mark
[3799.861s][info][gc,marking     ] GC(933) Concurrent Cleanup for Next Mark 4.791ms
[3799.861s][info][gc             ] GC(933) Concurrent Mark Cycle 1467.072ms
.[3801.001s][info][gc,start       ] GC(934) Pause Young (Prepare Mixed) (G1 Evacuation Pause)
[3801.001s][info][gc,task        ] GC(934) Using 6 workers of 6 for evacuation
[3801.118s][info][gc,phases      ] GC(934)   Pre Evacuate Collection Set: 0.34ms
[3801.118s][info][gc,phases      ] GC(934)   Merge Heap Roots: 0.51ms
[3801.118s][info][gc,phases      ] GC(934)   Evacuate Collection Set: 115.31ms
[3801.118s][info][gc,phases      ] GC(934)   Post Evacuate Collection Set: 0.92ms
[3801.118s][info][gc,phases      ] GC(934)   Other: 0.09ms
[3801.118s][info][gc,heap        ] GC(934) Eden regions: 1119->0(1109)
[3801.118s][info][gc,heap        ] GC(934) Survivor regions: 109->109(154)
[3801.118s][info][gc,heap        ] GC(934) Old regions: 506->538
[3801.118s][info][gc,heap        ] GC(934) Humongous regions: 80->80
[3801.118s][info][gc,metaspace   ] GC(934) Metaspace: 28863K(29312K)->28863K(29312K) NonClass: 23994K(24192K)->23994K(24192K) Class: 4869K(5120K)->4869K(5120K)
[3801.118s][info][gc             ] GC(934) Pause Young (Prepare Mixed) (G1 Evacuation Pause) 3626M->1453M(4096M) 117.294ms
[3801.118s][info][gc,cpu         ] GC(934) User=0.69s Sys=0.00s Real=0.12s
...[3803.798s][info][gc,start       ] GC(935) Pause Young (Mixed) (G1 Evacuation Pause)
[3803.798s][info][gc,task        ] GC(935) Using 6 workers of 6 for evacuation
[3803.932s][info][gc,phases      ] GC(935)   Pre Evacuate Collection Set: 0.37ms
[3803.932s][info][gc,phases      ] GC(935)   Merge Heap Roots: 0.64ms
[3803.932s][info][gc,phases      ] GC(935)   Evacuate Collection Set: 131.68ms
[3803.932s][info][gc,phases      ] GC(935)   Post Evacuate Collection Set: 0.94ms
[3803.932s][info][gc,phases      ] GC(935)   Other: 0.09ms
[3803.932s][info][gc,heap        ] GC(935) Eden regions: 1109->0(1117)
[3803.932s][info][gc,heap        ] GC(935) Survivor regions: 109->111(153)
[3803.932s][info][gc,heap        ] GC(935) Old regions: 538->475
[3803.932s][info][gc,heap        ] GC(935) Humongous regions: 80->80
[3803.932s][info][gc,metaspace   ] GC(935) Metaspace: 28863K(29312K)->28863K(29312K) NonClass: 23994K(24192K)->23994K(24192K) Class: 4869K(5120K)->4869K(5120K)
[3803.932s][info][gc             ] GC(935) Pause Young (Mixed) (G1 Evacuation Pause) 3671M->1330M(4096M) 133.868ms
[3803.932s][info][gc,cpu         ] GC(935) User=0.79s Sys=0.00s Real=0.14s
..[3806.512s][info][gc,start       ] GC(936) Pause Young (Concurrent Start) (G1 Evacuation Pause)
[3806.512s][info][gc,task        ] GC(936) Using 6 workers of 6 for evacuation
[3806.633s][info][gc,phases      ] GC(936)   Pre Evacuate Collection Set: 0.35ms
[3806.633s][info][gc,phases      ] GC(936)   Merge Heap Roots: 0.47ms
[3806.633s][info][gc,phases      ] GC(936)   Evacuate Collection Set: 119.11ms
[3806.633s][info][gc,phases      ] GC(936)   Post Evacuate Collection Set: 0.92ms
[3806.633s][info][gc,phases      ] GC(936)   Other: 0.11ms
[3806.633s][info][gc,heap        ] GC(936) Eden regions: 1117->0(1116)
[3806.633s][info][gc,heap        ] GC(936) Survivor regions: 111->112(154)
[3806.633s][info][gc,heap        ] GC(936) Old regions: 475->507
[3806.633s][info][gc,heap        ] GC(936) Humongous regions: 80->80
[3806.633s][info][gc,metaspace   ] GC(936) Metaspace: 28863K(29312K)->28863K(29312K) NonClass: 23994K(24192K)->23994K(24192K) Class: 4869K(5120K)->4869K(5120K)
[3806.633s][info][gc             ] GC(936) Pause Young (Concurrent Start) (G1 Evacuation Pause) 3564M->1396M(4096M) 121.116ms
[3806.633s][info][gc             ] GC(937) Concurrent Mark Cycle
[3806.633s][info][gc,marking     ] GC(937) Concurrent Scan Root Regions
[3806.633s][info][gc,cpu         ] GC(936) User=0.72s Sys=0.00s Real=0.12s
.[3806.817s][info][gc,marking     ] GC(937) Concurrent Scan Root Regions 183.196ms
[3806.817s][info][gc,marking     ] GC(937) Concurrent Mark
[3806.817s][info][gc,marking     ] GC(937) Concurrent Mark From Roots
[3806.817s][info][gc,task        ] GC(937) Using 2 workers of 2 for marking
.[3807.759s][info][gc,marking     ] GC(937) Concurrent Mark From Roots 942.057ms
[3807.759s][info][gc,marking     ] GC(937) Concurrent Preclean
[3807.759s][info][gc,marking     ] GC(937) Concurrent Preclean 0.116ms
[3807.759s][info][gc,start       ] GC(937) Pause Remark
[3807.766s][info][gc             ] GC(937) Pause Remark 2402M->2402M(4096M) 6.521ms
[3807.766s][info][gc,cpu         ] GC(937) User=0.03s Sys=0.00s Real=0.01s
[3807.766s][info][gc,marking     ] GC(937) Concurrent Mark 948.948ms
[3807.766s][info][gc,marking     ] GC(937) Concurrent Rebuild Remembered Sets and Scrub Regions
[3808.123s][info][gc,marking     ] GC(937) Concurrent Rebuild Remembered Sets and Scrub Regions 357.224ms
[3808.123s][info][gc,start       ] GC(937) Pause Cleanup
[3808.123s][info][gc             ] GC(937) Pause Cleanup 2697M->2697M(4096M) 0.111ms
[3808.123s][info][gc,cpu         ] GC(937) User=0.00s Sys=0.00s Real=0.00s
[3808.124s][info][gc,marking     ] GC(937) Concurrent Clear Claimed Marks
[3808.124s][info][gc,marking     ] GC(937) Concurrent Clear Claimed Marks 0.030ms
[3808.124s][info][gc,marking     ] GC(937) Concurrent Cleanup for Next Mark
[3808.129s][info][gc,marking     ] GC(937) Concurrent Cleanup for Next Mark 5.675ms
[3808.129s][info][gc             ] GC(937) Concurrent Mark Cycle 1496.039ms
.[3809.269s][info][gc,start       ] GC(938) Pause Young (Prepare Mixed) (G1 Evacuation Pause)
[3809.269s][info][gc,task        ] GC(938) Using 6 workers of 6 for evacuation
[3809.385s][info][gc,phases      ] GC(938)   Pre Evacuate Collection Set: 0.33ms
[3809.385s][info][gc,phases      ] GC(938)   Merge Heap Roots: 0.52ms
[3809.385s][info][gc,phases      ] GC(938)   Evacuate Collection Set: 113.70ms
[3809.385s][info][gc,phases      ] GC(938)   Post Evacuate Collection Set: 0.92ms
[3809.385s][info][gc,phases      ] GC(938)   Other: 0.08ms
[3809.385s][info][gc,heap        ] GC(938) Eden regions: 1116->0(1110)
[3809.385s][info][gc,heap        ] GC(938) Survivor regions: 112->108(154)
[3809.385s][info][gc,heap        ] GC(938) Old regions: 507->539
[3809.385s][info][gc,heap        ] GC(938) Humongous regions: 80->80
[3809.385s][info][gc,metaspace   ] GC(938) Metaspace: 28863K(29312K)->28863K(29312K) NonClass: 23994K(24192K)->23994K(24192K) Class: 4869K(5120K)->4869K(5120K)
[3809.385s][info][gc             ] GC(938) Pause Young (Prepare Mixed) (G1 Evacuation Pause) 3628M->1452M(4096M) 115.700ms
[3809.385s][info][gc,cpu         ] GC(938) User=0.68s Sys=0.00s Real=0.12s
...[3812.026s][info][gc,start       ] GC(939) Pause Young (Mixed) (G1 Evacuation Pause)
[3812.027s][info][gc,task        ] GC(939) Using 6 workers of 6 for evacuation
[3812.157s][info][gc,phases      ] GC(939)   Pre Evacuate Collection Set: 0.39ms
[3812.157s][info][gc,phases      ] GC(939)   Merge Heap Roots: 0.68ms
[3812.157s][info][gc,phases      ] GC(939)   Evacuate Collection Set: 128.15ms
[3812.157s][info][gc,phases      ] GC(939)   Post Evacuate Collection Set: 0.95ms
[3812.157s][info][gc,phases      ] GC(939)   Other: 0.09ms
[3812.157s][info][gc,heap        ] GC(939) Eden regions: 1110->0(1122)
[3812.157s][info][gc,heap        ] GC(939) Survivor regions: 108->106(153)
[3812.157s][info][gc,heap        ] GC(939) Old regions: 539->474
[3812.157s][info][gc,heap        ] GC(939) Humongous regions: 80->80
[3812.157s][info][gc,metaspace   ] GC(939) Metaspace: 28863K(29312K)->28863K(29312K) NonClass: 23994K(24192K)->23994K(24192K) Class: 4869K(5120K)->4869K(5120K)
[3812.157s][info][gc             ] GC(939) Pause Young (Mixed) (G1 Evacuation Pause) 3672M->1319M(4096M) 130.383ms
[3812.157s][info][gc,cpu         ] GC(939) User=0.77s Sys=0.00s Real=0.13s
...[3814.832s][info][gc,start       ] GC(940) Pause Young (Concurrent Start) (G1 Evacuation Pause)
[3814.832s][info][gc,task        ] GC(940) Using 6 workers of 6 for evacuation
[3814.955s][info][gc,phases      ] GC(940)   Pre Evacuate Collection Set: 0.39ms
[3814.955s][info][gc,phases      ] GC(940)   Merge Heap Roots: 0.48ms
[3814.955s][info][gc,phases      ] GC(940)   Evacuate Collection Set: 120.63ms
[3814.955s][info][gc,phases      ] GC(940)   Post Evacuate Collection Set: 0.88ms
[3814.955s][info][gc,phases      ] GC(940)   Other: 0.12ms
[3814.955s][info][gc,heap        ] GC(940) Eden regions: 1122->0(1114)
[3814.955s][info][gc,heap        ] GC(940) Survivor regions: 106->114(154)
[3814.955s][info][gc,heap        ] GC(940) Old regions: 474->505
[3814.955s][info][gc,heap        ] GC(940) Humongous regions: 80->80
[3814.955s][info][gc,metaspace   ] GC(940) Metaspace: 28863K(29312K)->28863K(29312K) NonClass: 23994K(24192K)->23994K(24192K) Class: 4869K(5120K)->4869K(5120K)
[3814.955s][info][gc             ] GC(940) Pause Young (Concurrent Start) (G1 Evacuation Pause) 3563M->1396M(4096M) 122.646ms
[3814.955s][info][gc             ] GC(941) Concurrent Mark Cycle
[3814.955s][info][gc,marking     ] GC(941) Concurrent Scan Root Regions
[3814.955s][info][gc,cpu         ] GC(940) User=0.73s Sys=0.00s Real=0.13s
[3815.134s][info][gc,marking     ] GC(941) Concurrent Scan Root Regions 179.774ms
[3815.134s][info][gc,marking     ] GC(941) Concurrent Mark
[3815.134s][info][gc,marking     ] GC(941) Concurrent Mark From Roots
[3815.134s][info][gc,task        ] GC(941) Using 2 workers of 2 for marking
.[3816.133s][info][gc,marking     ] GC(941) Concurrent Mark From Roots 998.284ms
[3816.133s][info][gc,marking     ] GC(941) Concurrent Preclean
[3816.133s][info][gc,marking     ] GC(941) Concurrent Preclean 0.141ms
[3816.136s][info][gc,start       ] GC(941) Pause Remark
[3816.143s][info][gc             ] GC(941) Pause Remark 2404M->2404M(4096M) 7.287ms
[3816.143s][info][gc,cpu         ] GC(941) User=0.04s Sys=0.00s Real=0.01s
[3816.143s][info][gc,marking     ] GC(941) Concurrent Mark 1008.560ms
[3816.143s][info][gc,marking     ] GC(941) Concurrent Rebuild Remembered Sets and Scrub Regions
[3816.476s][info][gc,marking     ] GC(941) Concurrent Rebuild Remembered Sets and Scrub Regions 333.047ms
[3816.476s][info][gc,start       ] GC(941) Pause Cleanup
[3816.476s][info][gc             ] GC(941) Pause Cleanup 2691M->2691M(4096M) 0.112ms
[3816.477s][info][gc,cpu         ] GC(941) User=0.00s Sys=0.00s Real=0.00s
[3816.478s][info][gc,marking     ] GC(941) Concurrent Clear Claimed Marks
[3816.478s][info][gc,marking     ] GC(941) Concurrent Clear Claimed Marks 0.046ms
[3816.478s][info][gc,marking     ] GC(941) Concurrent Cleanup for Next Mark
[3816.485s][info][gc,marking     ] GC(941) Concurrent Cleanup for Next Mark 6.370ms
[3816.485s][info][gc             ] GC(941) Concurrent Mark Cycle 1530.094ms
..[3817.684s][info][gc,start       ] GC(942) Pause Young (Prepare Mixed) (G1 Evacuation Pause)
[3817.684s][info][gc,task        ] GC(942) Using 6 workers of 6 for evacuation
[3817.805s][info][gc,phases      ] GC(942)   Pre Evacuate Collection Set: 0.33ms
[3817.805s][info][gc,phases      ] GC(942)   Merge Heap Roots: 0.51ms
[3817.805s][info][gc,phases      ] GC(942)   Evacuate Collection Set: 118.85ms
[3817.805s][info][gc,phases      ] GC(942)   Post Evacuate Collection Set: 0.95ms
[3817.805s][info][gc,phases      ] GC(942)   Other: 0.08ms
[3817.805s][info][gc,heap        ] GC(942) Eden regions: 1114->0(1105)
[3817.805s][info][gc,heap        ] GC(942) Survivor regions: 114->112(154)
[3817.805s][info][gc,heap        ] GC(942) Old regions: 505->536
[3817.805s][info][gc,heap        ] GC(942) Humongous regions: 80->80
[3817.805s][info][gc,metaspace   ] GC(942) Metaspace: 28863K(29312K)->28863K(29312K) NonClass: 23994K(24192K)->23994K(24192K) Class: 4869K(5120K)->4869K(5120K)
[3817.805s][info][gc             ] GC(942) Pause Young (Prepare Mixed) (G1 Evacuation Pause) 3624M->1454M(4096M) 120.841ms
[3817.805s][info][gc,cpu         ] GC(942) User=0.71s Sys=0.00s Real=0.12s
..[3820.360s][info][gc,start       ] GC(943) Pause Young (Mixed) (G1 Evacuation Pause)
[3820.361s][info][gc,task        ] GC(943) Using 6 workers of 6 for evacuation
[3820.500s][info][gc,phases      ] GC(943)   Pre Evacuate Collection Set: 0.37ms
[3820.500s][info][gc,phases      ] GC(943)   Merge Heap Roots: 0.71ms
[3820.500s][info][gc,phases      ] GC(943)   Evacuate Collection Set: 137.30ms
[3820.500s][info][gc,phases      ] GC(943)   Post Evacuate Collection Set: 0.94ms
[3820.500s][info][gc,phases      ] GC(943)   Other: 0.09ms
[3820.500s][info][gc,heap        ] GC(943) Eden regions: 1105->0(1114)
[3820.500s][info][gc,heap        ] GC(943) Survivor regions: 112->114(153)
[3820.500s][info][gc,heap        ] GC(943) Old regions: 536->473
[3820.500s][info][gc,heap        ] GC(943) Humongous regions: 80->80
[3820.500s][info][gc,metaspace   ] GC(943) Metaspace: 28863K(29312K)->28863K(29312K) NonClass: 23994K(24192K)->23994K(24192K) Class: 4869K(5120K)->4869K(5120K)
[3820.500s][info][gc             ] GC(943) Pause Young (Mixed) (G1 Evacuation Pause) 3664M->1332M(4096M) 139.534ms
[3820.500s][info][gc,cpu         ] GC(943) User=0.83s Sys=0.00s Real=0.14s
...[3823.134s][info][gc,start       ] GC(944) Pause Young (Concurrent Start) (G1 Evacuation Pause)
[3823.134s][info][gc,task        ] GC(944) Using 6 workers of 6 for evacuation
[3823.253s][info][gc,phases      ] GC(944)   Pre Evacuate Collection Set: 0.38ms
[3823.253s][info][gc,phases      ] GC(944)   Merge Heap Roots: 0.49ms
[3823.253s][info][gc,phases      ] GC(944)   Evacuate Collection Set: 117.01ms
[3823.253s][info][gc,phases      ] GC(944)   Post Evacuate Collection Set: 0.87ms
[3823.253s][info][gc,phases      ] GC(944)   Other: 0.10ms
[3823.253s][info][gc,heap        ] GC(944) Eden regions: 1114->0(1119)
[3823.253s][info][gc,heap        ] GC(944) Survivor regions: 114->109(154)
[3823.253s][info][gc,heap        ] GC(944) Old regions: 473->506
[3823.253s][info][gc,heap        ] GC(944) Humongous regions: 80->80
[3823.253s][info][gc,metaspace   ] GC(944) Metaspace: 28863K(29312K)->28863K(29312K) NonClass: 23994K(24192K)->23994K(24192K) Class: 4869K(5120K)->4869K(5120K)
[3823.253s][info][gc             ] GC(944) Pause Young (Concurrent Start) (G1 Evacuation Pause) 3560M->1388M(4096M) 118.986ms
[3823.253s][info][gc             ] GC(945) Concurrent Mark Cycle
[3823.253s][info][gc,marking     ] GC(945) Concurrent Scan Root Regions
[3823.253s][info][gc,cpu         ] GC(944) User=0.71s Sys=0.00s Real=0.12s
[3823.392s][info][gc,marking     ] GC(945) Concurrent Scan Root Regions 139.301ms
[3823.392s][info][gc,marking     ] GC(945) Concurrent Mark
[3823.392s][info][gc,marking     ] GC(945) Concurrent Mark From Roots
[3823.392s][info][gc,task        ] GC(945) Using 2 workers of 2 for marking
.[3824.132s][info][gc,marking     ] GC(945) Concurrent Mark From Roots 739.449ms
[3824.132s][info][gc,marking     ] GC(945) Concurrent Preclean
[3824.132s][info][gc,marking     ] GC(945) Concurrent Preclean 0.179ms
[3824.133s][info][gc,start       ] GC(945) Pause Remark
[3824.139s][info][gc             ] GC(945) Pause Remark 2176M->2176M(4096M) 5.988ms
[3824.139s][info][gc,cpu         ] GC(945) User=0.03s Sys=0.00s Real=0.00s
[3824.141s][info][gc,marking     ] GC(945) Concurrent Mark 748.681ms
[3824.141s][info][gc,marking     ] GC(945) Concurrent Rebuild Remembered Sets and Scrub Regions
[3824.465s][info][gc,marking     ] GC(945) Concurrent Rebuild Remembered Sets and Scrub Regions 323.991ms
[3824.465s][info][gc,start       ] GC(945) Pause Cleanup
[3824.465s][info][gc             ] GC(945) Pause Cleanup 2451M->2451M(4096M) 0.118ms
[3824.465s][info][gc,cpu         ] GC(945) User=0.00s Sys=0.00s Real=0.00s
[3824.465s][info][gc,marking     ] GC(945) Concurrent Clear Claimed Marks
[3824.465s][info][gc,marking     ] GC(945) Concurrent Clear Claimed Marks 0.022ms
[3824.465s][info][gc,marking     ] GC(945) Concurrent Cleanup for Next Mark
[3824.469s][info][gc,marking     ] GC(945) Concurrent Cleanup for Next Mark 3.890ms
[3824.469s][info][gc             ] GC(945) Concurrent Mark Cycle 1216.361ms
..[3825.973s][info][gc,start       ] GC(946) Pause Young (Prepare Mixed) (G1 Evacuation Pause)
[3825.974s][info][gc,task        ] GC(946) Using 6 workers of 6 for evacuation
[3826.092s][info][gc,phases      ] GC(946)   Pre Evacuate Collection Set: 0.32ms
[3826.092s][info][gc,phases      ] GC(946)   Merge Heap Roots: 0.53ms
[3826.092s][info][gc,phases      ] GC(946)   Evacuate Collection Set: 116.37ms
[3826.092s][info][gc,phases      ] GC(946)   Post Evacuate Collection Set: 0.93ms
[3826.092s][info][gc,phases      ] GC(946)   Other: 0.09ms
[3826.092s][info][gc,heap        ] GC(946) Eden regions: 1119->0(1107)
[3826.092s][info][gc,heap        ] GC(946) Survivor regions: 109->110(154)
[3826.092s][info][gc,heap        ] GC(946) Old regions: 506->538
[3826.092s][info][gc,heap        ] GC(946) Humongous regions: 80->80
[3826.092s][info][gc,metaspace   ] GC(946) Metaspace: 28863K(29312K)->28863K(29312K) NonClass: 23994K(24192K)->23994K(24192K) Class: 4869K(5120K)->4869K(5120K)
[3826.092s][info][gc             ] GC(946) Pause Young (Prepare Mixed) (G1 Evacuation Pause) 3626M->1454M(4096M) 118.385ms
[3826.092s][info][gc,cpu         ] GC(946) User=0.70s Sys=0.00s Real=0.11s
..[3828.674s][info][gc,start       ] GC(947) Pause Young (Mixed) (G1 Evacuation Pause)
[3828.674s][info][gc,task        ] GC(947) Using 6 workers of 6 for evacuation
[3828.808s][info][gc,phases      ] GC(947)   Pre Evacuate Collection Set: 0.37ms
[3828.808s][info][gc,phases      ] GC(947)   Merge Heap Roots: 0.66ms
[3828.809s][info][gc,phases      ] GC(947)   Evacuate Collection Set: 131.94ms
[3828.809s][info][gc,phases      ] GC(947)   Post Evacuate Collection Set: 0.95ms
[3828.809s][info][gc,phases      ] GC(947)   Other: 0.09ms
[3828.809s][info][gc,heap        ] GC(947) Eden regions: 1107->0(1116)
[3828.809s][info][gc,heap        ] GC(947) Survivor regions: 110->112(153)
[3828.809s][info][gc,heap        ] GC(947) Old regions: 538->476
[3828.809s][info][gc,heap        ] GC(947) Humongous regions: 80->80
[3828.809s][info][gc,metaspace   ] GC(947) Metaspace: 28863K(29312K)->28863K(29312K) NonClass: 23994K(24192K)->23994K(24192K) Class: 4869K(5120K)->4869K(5120K)
[3828.809s][info][gc             ] GC(947) Pause Young (Mixed) (G1 Evacuation Pause) 3668M->1334M(4096M) 134.130ms
[3828.809s][info][gc,cpu         ] GC(947) User=0.80s Sys=0.00s Real=0.13s
...[3831.494s][info][gc,start       ] GC(948) Pause Young (Concurrent Start) (G1 Evacuation Pause)
[3831.494s][info][gc,task        ] GC(948) Using 6 workers of 6 for evacuation
[3831.610s][info][gc,phases      ] GC(948)   Pre Evacuate Collection Set: 0.39ms
[3831.610s][info][gc,phases      ] GC(948)   Merge Heap Roots: 0.47ms
[3831.610s][info][gc,phases      ] GC(948)   Evacuate Collection Set: 113.73ms
[3831.610s][info][gc,phases      ] GC(948)   Post Evacuate Collection Set: 0.91ms
[3831.610s][info][gc,phases      ] GC(948)   Other: 0.12ms
[3831.610s][info][gc,heap        ] GC(948) Eden regions: 1116->0(1119)
[3831.610s][info][gc,heap        ] GC(948) Survivor regions: 112->109(154)
[3831.610s][info][gc,heap        ] GC(948) Old regions: 476->508
[3831.610s][info][gc,heap        ] GC(948) Humongous regions: 80->80
[3831.610s][info][gc,metaspace   ] GC(948) Metaspace: 28863K(29312K)->28863K(29312K) NonClass: 23994K(24192K)->23994K(24192K) Class: 4869K(5120K)->4869K(5120K)
[3831.610s][info][gc             ] GC(948) Pause Young (Concurrent Start) (G1 Evacuation Pause) 3566M->1391M(4096M) 115.778ms
[3831.610s][info][gc             ] GC(949) Concurrent Mark Cycle
[3831.610s][info][gc,marking     ] GC(949) Concurrent Scan Root Regions
[3831.610s][info][gc,cpu         ] GC(948) User=0.68s Sys=0.00s Real=0.11s
[3831.798s][info][gc,marking     ] GC(949) Concurrent Scan Root Regions 188.579ms
[3831.798s][info][gc,marking     ] GC(949) Concurrent Mark
[3831.798s][info][gc,marking     ] GC(949) Concurrent Mark From Roots
[3831.798s][info][gc,task        ] GC(949) Using 2 workers of 2 for marking
.[3832.734s][info][gc,marking     ] GC(949) Concurrent Mark From Roots 935.361ms
[3832.734s][info][gc,marking     ] GC(949) Concurrent Preclean
[3832.734s][info][gc,marking     ] GC(949) Concurrent Preclean 0.142ms
[3832.734s][info][gc,start       ] GC(949) Pause Remark
[3832.741s][info][gc             ] GC(949) Pause Remark 2394M->2394M(4096M) 6.851ms
[3832.741s][info][gc,cpu         ] GC(949) User=0.04s Sys=0.00s Real=0.00s
[3832.743s][info][gc,marking     ] GC(949) Concurrent Mark 944.590ms
[3832.743s][info][gc,marking     ] GC(949) Concurrent Rebuild Remembered Sets and Scrub Regions
.[3833.088s][info][gc,marking     ] GC(949) Concurrent Rebuild Remembered Sets and Scrub Regions 344.867ms
[3833.088s][info][gc,start       ] GC(949) Pause Cleanup
[3833.088s][info][gc             ] GC(949) Pause Cleanup 2665M->2665M(4096M) 0.122ms
[3833.088s][info][gc,cpu         ] GC(949) User=0.00s Sys=0.00s Real=0.00s
[3833.088s][info][gc,marking     ] GC(949) Concurrent Clear Claimed Marks
[3833.088s][info][gc,marking     ] GC(949) Concurrent Clear Claimed Marks 0.029ms
[3833.088s][info][gc,marking     ] GC(949) Concurrent Cleanup for Next Mark
[3833.092s][info][gc,marking     ] GC(949) Concurrent Cleanup for Next Mark 4.037ms
[3833.092s][info][gc             ] GC(949) Concurrent Mark Cycle 1482.621ms
.[3834.278s][info][gc,start       ] GC(950) Pause Young (Prepare Mixed) (G1 Evacuation Pause)
[3834.278s][info][gc,task        ] GC(950) Using 6 workers of 6 for evacuation
[3834.401s][info][gc,phases      ] GC(950)   Pre Evacuate Collection Set: 0.31ms
[3834.401s][info][gc,phases      ] GC(950)   Merge Heap Roots: 0.57ms
[3834.401s][info][gc,phases      ] GC(950)   Evacuate Collection Set: 120.64ms
[3834.401s][info][gc,phases      ] GC(950)   Post Evacuate Collection Set: 0.97ms
[3834.401s][info][gc,phases      ] GC(950)   Other: 0.09ms
[3834.401s][info][gc,heap        ] GC(950) Eden regions: 1119->0(1100)
[3834.401s][info][gc,heap        ] GC(950) Survivor regions: 109->113(154)
[3834.401s][info][gc,heap        ] GC(950) Old regions: 508->539
[3834.401s][info][gc,heap        ] GC(950) Humongous regions: 80->80
[3834.401s][info][gc,metaspace   ] GC(950) Metaspace: 28863K(29312K)->28863K(29312K) NonClass: 23994K(24192K)->23994K(24192K) Class: 4869K(5120K)->4869K(5120K)
[3834.401s][info][gc             ] GC(950) Pause Young (Prepare Mixed) (G1 Evacuation Pause) 3629M->1462M(4096M) 122.714ms
[3834.401s][info][gc,cpu         ] GC(950) User=0.72s Sys=0.00s Real=0.12s
...[3837.005s][info][gc,start       ] GC(951) Pause Young (Mixed) (G1 Evacuation Pause)
[3837.006s][info][gc,task        ] GC(951) Using 6 workers of 6 for evacuation
[3837.143s][info][gc,phases      ] GC(951)   Pre Evacuate Collection Set: 0.37ms
[3837.143s][info][gc,phases      ] GC(951)   Merge Heap Roots: 0.76ms
[3837.143s][info][gc,phases      ] GC(951)   Evacuate Collection Set: 135.61ms
[3837.143s][info][gc,phases      ] GC(951)   Post Evacuate Collection Set: 1.01ms
[3837.143s][info][gc,phases      ] GC(951)   Other: 0.10ms
[3837.143s][info][gc,heap        ] GC(951) Eden regions: 1100->0(1118)
[3837.143s][info][gc,heap        ] GC(951) Survivor regions: 113->110(152)
[3837.143s][info][gc,heap        ] GC(951) Old regions: 539->474
[3837.143s][info][gc,heap        ] GC(951) Humongous regions: 80->80
[3837.143s][info][gc,metaspace   ] GC(951) Metaspace: 28863K(29312K)->28863K(29312K) NonClass: 23994K(24192K)->23994K(24192K) Class: 4869K(5120K)->4869K(5120K)
[3837.143s][info][gc             ] GC(951) Pause Young (Mixed) (G1 Evacuation Pause) 3662M->1326M(4096M) 137.986ms
[3837.143s][info][gc,cpu         ] GC(951) User=0.81s Sys=0.00s Real=0.14s
..[3839.785s][info][gc,start       ] GC(952) Pause Young (Concurrent Start) (G1 Evacuation Pause)
[3839.785s][info][gc,task        ] GC(952) Using 6 workers of 6 for evacuation
[3839.905s][info][gc,phases      ] GC(952)   Pre Evacuate Collection Set: 0.40ms
[3839.905s][info][gc,phases      ] GC(952)   Merge Heap Roots: 0.55ms
[3839.905s][info][gc,phases      ] GC(952)   Evacuate Collection Set: 118.15ms
[3839.905s][info][gc,phases      ] GC(952)   Post Evacuate Collection Set: 0.87ms
[3839.905s][info][gc,phases      ] GC(952)   Other: 0.11ms
[3839.905s][info][gc,heap        ] GC(952) Eden regions: 1118->0(1116)
[3839.905s][info][gc,heap        ] GC(952) Survivor regions: 110->112(154)
[3839.905s][info][gc,heap        ] GC(952) Old regions: 474->506
[3839.905s][info][gc,heap        ] GC(952) Humongous regions: 80->80
[3839.905s][info][gc,metaspace   ] GC(952) Metaspace: 28863K(29312K)->28863K(29312K) NonClass: 23994K(24192K)->23994K(24192K) Class: 4869K(5120K)->4869K(5120K)
[3839.905s][info][gc             ] GC(952) Pause Young (Concurrent Start) (G1 Evacuation Pause) 3562M->1395M(4096M) 120.221ms
[3839.905s][info][gc             ] GC(953) Concurrent Mark Cycle
[3839.905s][info][gc,marking     ] GC(953) Concurrent Scan Root Regions
[3839.905s][info][gc,cpu         ] GC(952) User=0.71s Sys=0.00s Real=0.12s
.[3840.090s][info][gc,marking     ] GC(953) Concurrent Scan Root Regions 184.950ms
[3840.090s][info][gc,marking     ] GC(953) Concurrent Mark
[3840.090s][info][gc,marking     ] GC(953) Concurrent Mark From Roots
[3840.090s][info][gc,task        ] GC(953) Using 2 workers of 2 for marking
 (rIR:aIR:PR = 6780:6775:6772) (tPR = 100161) [OK] 
  3839s: Performance info:
         Transaction,    Success,    Partial,     Failed,   Receipts, AvgBarcode, 
             Overall,     411467,          0,          0,     390889,      59.48, 
         Response times:
             Request,    Success,    Partial,     Failed,   SkipFail,     Probes,    Samples,      min,      p50,      p90,      p95,      p99,      max, 
       TotalPurchase,     391356,          0,          0,          0,     363130,     402928,      300,     5800,    37000,    68000,   112000,   243000,
     InStorePurchase,     206448,          0,          0,          0,     190772,     211611,      300,     6000,    37000,    69000,   113000,   243000,
      OnlinePurchase,     143733,          0,          0,          0,     133542,     147907,      300,     5700,    37000,    68000,   111000,   243000,
        InstPurchase,      41175,          0,          0,          0,      38816,      43410,      400,     5900,    38000,    68000,   111000,   243000,
          AssocOfCat,        411,          0,          0,          0,        334,        464,    24000,    40000,    85500,   126000,   184800,   261000,
      AssocOfProduct,       4128,          0,          0,          0,       3882,       4530,      400,     6700,    37000,    73000,   116690,   204000,
      BusinessReport,       1023,          0,          0,          0,        858,       1072,    28000,    47000,   101700,   142000,   192000,   228000,
          CustBuyBeh,       4120,          0,          0,          0,       3821,       4436,      200,     4900,    34000,    65000,   111890,   170000,
       ProductReturn,      10909,          0,          0,          0,      10473,      11920,      300,     6300,    39000,    71000,   113790,   185000,

  3839s: (50%)   IR =   6918 [3841.035s][info][gc,marking     ] GC(953) Concurrent Mark From Roots 945.037ms
[3841.035s][info][gc,marking     ] GC(953) Concurrent Preclean
[3841.035s][info][gc,marking     ] GC(953) Concurrent Preclean 0.125ms
[3841.066s][info][gc,start       ] GC(953) Pause Remark
[3841.073s][info][gc             ] GC(953) Pause Remark 2383M->2383M(4096M) 6.954ms
[3841.073s][info][gc,cpu         ] GC(953) User=0.03s Sys=0.00s Real=0.01s
[3841.073s][info][gc,marking     ] GC(953) Concurrent Mark 983.542ms
[3841.073s][info][gc,marking     ] GC(953) Concurrent Rebuild Remembered Sets and Scrub Regions
.[3841.434s][info][gc,marking     ] GC(953) Concurrent Rebuild Remembered Sets and Scrub Regions 360.729ms
[3841.434s][info][gc,start       ] GC(953) Pause Cleanup
[3841.434s][info][gc             ] GC(953) Pause Cleanup 2681M->2681M(4096M) 0.112ms
[3841.434s][info][gc,cpu         ] GC(953) User=0.00s Sys=0.00s Real=0.00s
[3841.434s][info][gc,marking     ] GC(953) Concurrent Clear Claimed Marks
[3841.434s][info][gc,marking     ] GC(953) Concurrent Clear Claimed Marks 0.020ms
[3841.434s][info][gc,marking     ] GC(953) Concurrent Cleanup for Next Mark
[3841.438s][info][gc,marking     ] GC(953) Concurrent Cleanup for Next Mark 3.344ms
[3841.438s][info][gc             ] GC(953) Concurrent Mark Cycle 1533.008ms
.[3842.575s][info][gc,start       ] GC(954) Pause Young (Prepare Mixed) (G1 Evacuation Pause)
[3842.575s][info][gc,task        ] GC(954) Using 6 workers of 6 for evacuation
[3842.704s][info][gc,phases      ] GC(954)   Pre Evacuate Collection Set: 0.34ms
[3842.704s][info][gc,phases      ] GC(954)   Merge Heap Roots: 0.54ms
[3842.704s][info][gc,phases      ] GC(954)   Evacuate Collection Set: 126.44ms
[3842.704s][info][gc,phases      ] GC(954)   Post Evacuate Collection Set: 0.91ms
[3842.704s][info][gc,phases      ] GC(954)   Other: 0.10ms
[3842.704s][info][gc,heap        ] GC(954) Eden regions: 1116->0(1092)
[3842.704s][info][gc,heap        ] GC(954) Survivor regions: 112->118(154)
[3842.704s][info][gc,heap        ] GC(954) Old regions: 506->537
[3842.704s][info][gc,heap        ] GC(954) Humongous regions: 80->80
[3842.704s][info][gc,metaspace   ] GC(954) Metaspace: 28865K(29312K)->28865K(29312K) NonClass: 23996K(24192K)->23996K(24192K) Class: 4869K(5120K)->4869K(5120K)
[3842.704s][info][gc             ] GC(954) Pause Young (Prepare Mixed) (G1 Evacuation Pause) 3627M->1469M(4096M) 128.455ms
[3842.704s][info][gc,cpu         ] GC(954) User=0.76s Sys=0.00s Real=0.13s
...[3845.268s][info][gc,start       ] GC(955) Pause Young (Mixed) (G1 Evacuation Pause)
[3845.268s][info][gc,task        ] GC(955) Using 6 workers of 6 for evacuation
[3845.402s][info][gc,phases      ] GC(955)   Pre Evacuate Collection Set: 0.39ms
[3845.402s][info][gc,phases      ] GC(955)   Merge Heap Roots: 0.62ms
[3845.402s][info][gc,phases      ] GC(955)   Evacuate Collection Set: 131.81ms
[3845.402s][info][gc,phases      ] GC(955)   Post Evacuate Collection Set: 1.03ms
[3845.402s][info][gc,phases      ] GC(955)   Other: 0.08ms
[3845.402s][info][gc,heap        ] GC(955) Eden regions: 1092->0(1118)
[3845.402s][info][gc,heap        ] GC(955) Survivor regions: 118->110(152)
[3845.402s][info][gc,heap        ] GC(955) Old regions: 537->475
[3845.402s][info][gc,heap        ] GC(955) Humongous regions: 80->80
[3845.402s][info][gc,metaspace   ] GC(955) Metaspace: 28865K(29312K)->28865K(29312K) NonClass: 23996K(24192K)->23996K(24192K) Class: 4869K(5120K)->4869K(5120K)
[3845.402s][info][gc             ] GC(955) Pause Young (Mixed) (G1 Evacuation Pause) 3653M->1329M(4096M) 134.091ms
[3845.402s][info][gc,cpu         ] GC(955) User=0.79s Sys=0.00s Real=0.13s
.|.[3847.962s][info][gc,start       ] GC(956) Pause Young (Concurrent Start) (G1 Evacuation Pause)
[3847.962s][info][gc,task        ] GC(956) Using 6 workers of 6 for evacuation
[3848.084s][info][gc,phases      ] GC(956)   Pre Evacuate Collection Set: 0.40ms
[3848.084s][info][gc,phases      ] GC(956)   Merge Heap Roots: 0.49ms
[3848.084s][info][gc,phases      ] GC(956)   Evacuate Collection Set: 120.09ms
[3848.084s][info][gc,phases      ] GC(956)   Post Evacuate Collection Set: 0.89ms
[3848.084s][info][gc,phases      ] GC(956)   Other: 0.13ms
[3848.084s][info][gc,heap        ] GC(956) Eden regions: 1118->0(1115)
[3848.084s][info][gc,heap        ] GC(956) Survivor regions: 110->113(154)
[3848.084s][info][gc,heap        ] GC(956) Old regions: 475->508
[3848.084s][info][gc,heap        ] GC(956) Humongous regions: 80->80
[3848.084s][info][gc,metaspace   ] GC(956) Metaspace: 28865K(29312K)->28865K(29312K) NonClass: 23996K(24192K)->23996K(24192K) Class: 4869K(5120K)->4869K(5120K)
[3848.084s][info][gc             ] GC(956) Pause Young (Concurrent Start) (G1 Evacuation Pause) 3565M->1400M(4096M) 122.154ms
[3848.084s][info][gc             ] GC(957) Concurrent Mark Cycle
[3848.084s][info][gc,marking     ] GC(957) Concurrent Scan Root Regions
[3848.084s][info][gc,cpu         ] GC(956) User=0.72s Sys=0.00s Real=0.13s
.[3848.268s][info][gc,marking     ] GC(957) Concurrent Scan Root Regions 183.644ms
[3848.268s][info][gc,marking     ] GC(957) Concurrent Mark
[3848.268s][info][gc,marking     ] GC(957) Concurrent Mark From Roots
[3848.268s][info][gc,task        ] GC(957) Using 2 workers of 2 for marking
.[3849.274s][info][gc,marking     ] GC(957) Concurrent Mark From Roots 1006.117ms
[3849.274s][info][gc,marking     ] GC(957) Concurrent Preclean
[3849.274s][info][gc,marking     ] GC(957) Concurrent Preclean 0.156ms
[3849.275s][info][gc,start       ] GC(957) Pause Remark
[3849.283s][info][gc             ] GC(957) Pause Remark 2452M->2452M(4096M) 7.405ms
[3849.283s][info][gc,cpu         ] GC(957) User=0.04s Sys=0.00s Real=0.01s
[3849.284s][info][gc,marking     ] GC(957) Concurrent Mark 1016.382ms
[3849.284s][info][gc,marking     ] GC(957) Concurrent Rebuild Remembered Sets and Scrub Regions
[3849.528s][info][gc,marking     ] GC(957) Concurrent Rebuild Remembered Sets and Scrub Regions 244.079ms
[3849.529s][info][gc,start       ] GC(957) Pause Cleanup
[3849.529s][info][gc             ] GC(957) Pause Cleanup 2642M->2642M(4096M) 0.112ms
[3849.529s][info][gc,cpu         ] GC(957) User=0.00s Sys=0.00s Real=0.00s
[3849.529s][info][gc,marking     ] GC(957) Concurrent Clear Claimed Marks
[3849.529s][info][gc,marking     ] GC(957) Concurrent Clear Claimed Marks 0.027ms
[3849.529s][info][gc,marking     ] GC(957) Concurrent Cleanup for Next Mark
[3849.533s][info][gc,marking     ] GC(957) Concurrent Cleanup for Next Mark 4.449ms
[3849.533s][info][gc             ] GC(957) Concurrent Mark Cycle 1449.138ms
.[3850.722s][info][gc,start       ] GC(958) Pause Young (Prepare Mixed) (G1 Evacuation Pause)
[3850.722s][info][gc,task        ] GC(958) Using 6 workers of 6 for evacuation
[3850.843s][info][gc,phases      ] GC(958)   Pre Evacuate Collection Set: 0.32ms
[3850.843s][info][gc,phases      ] GC(958)   Merge Heap Roots: 0.51ms
[3850.843s][info][gc,phases      ] GC(958)   Evacuate Collection Set: 119.55ms
[3850.843s][info][gc,phases      ] GC(958)   Post Evacuate Collection Set: 0.90ms
[3850.843s][info][gc,phases      ] GC(958)   Other: 0.09ms
[3850.843s][info][gc,heap        ] GC(958) Eden regions: 1115->0(1100)
[3850.843s][info][gc,heap        ] GC(958) Survivor regions: 113->113(154)
[3850.843s][info][gc,heap        ] GC(958) Old regions: 508->539
[3850.843s][info][gc,heap        ] GC(958) Humongous regions: 80->80
[3850.843s][info][gc,metaspace   ] GC(958) Metaspace: 28865K(29312K)->28865K(29312K) NonClass: 23996K(24192K)->23996K(24192K) Class: 4869K(5120K)->4869K(5120K)
[3850.843s][info][gc             ] GC(958) Pause Young (Prepare Mixed) (G1 Evacuation Pause) 3630M->1462M(4096M) 121.521ms
[3850.843s][info][gc,cpu         ] GC(958) User=0.72s Sys=0.00s Real=0.13s
...[3853.336s][info][gc,start       ] GC(959) Pause Young (Mixed) (G1 Evacuation Pause)
[3853.336s][info][gc,task        ] GC(959) Using 6 workers of 6 for evacuation
[3853.466s][info][gc,phases      ] GC(959)   Pre Evacuate Collection Set: 0.35ms
[3853.466s][info][gc,phases      ] GC(959)   Merge Heap Roots: 0.65ms
[3853.466s][info][gc,phases      ] GC(959)   Evacuate Collection Set: 128.02ms
[3853.466s][info][gc,phases      ] GC(959)   Post Evacuate Collection Set: 0.96ms
[3853.466s][info][gc,phases      ] GC(959)   Other: 0.09ms
[3853.466s][info][gc,heap        ] GC(959) Eden regions: 1100->0(1120)
[3853.466s][info][gc,heap        ] GC(959) Survivor regions: 113->108(152)
[3853.466s][info][gc,heap        ] GC(959) Old regions: 539->473
[3853.466s][info][gc,heap        ] GC(959) Humongous regions: 80->80
[3853.466s][info][gc,metaspace   ] GC(959) Metaspace: 28865K(29312K)->28865K(29312K) NonClass: 23996K(24192K)->23996K(24192K) Class: 4869K(5120K)->4869K(5120K)
[3853.466s][info][gc             ] GC(959) Pause Young (Mixed) (G1 Evacuation Pause) 3662M->1321M(4096M) 130.206ms
[3853.466s][info][gc,cpu         ] GC(959) User=0.77s Sys=0.00s Real=0.13s
..[3856.073s][info][gc,start       ] GC(960) Pause Young (Concurrent Start) (G1 Evacuation Pause)
[3856.073s][info][gc,task        ] GC(960) Using 6 workers of 6 for evacuation
[3856.189s][info][gc,phases      ] GC(960)   Pre Evacuate Collection Set: 0.37ms
[3856.189s][info][gc,phases      ] GC(960)   Merge Heap Roots: 0.47ms
[3856.189s][info][gc,phases      ] GC(960)   Evacuate Collection Set: 113.45ms
[3856.189s][info][gc,phases      ] GC(960)   Post Evacuate Collection Set: 0.87ms
[3856.189s][info][gc,phases      ] GC(960)   Other: 0.11ms
[3856.189s][info][gc,heap        ] GC(960) Eden regions: 1120->0(1122)
[3856.189s][info][gc,heap        ] GC(960) Survivor regions: 108->106(154)
[3856.189s][info][gc,heap        ] GC(960) Old regions: 473->506
[3856.189s][info][gc,heap        ] GC(960) Humongous regions: 80->80
[3856.189s][info][gc,metaspace   ] GC(960) Metaspace: 28865K(29312K)->28865K(29312K) NonClass: 23996K(24192K)->23996K(24192K) Class: 4869K(5120K)->4869K(5120K)
[3856.189s][info][gc             ] GC(960) Pause Young (Concurrent Start) (G1 Evacuation Pause) 3561M->1382M(4096M) 115.401ms
[3856.189s][info][gc             ] GC(961) Concurrent Mark Cycle
[3856.189s][info][gc,marking     ] GC(961) Concurrent Scan Root Regions
[3856.189s][info][gc,cpu         ] GC(960) User=0.68s Sys=0.00s Real=0.11s
.[3856.412s][info][gc,marking     ] GC(961) Concurrent Scan Root Regions 223.220ms
[3856.412s][info][gc,marking     ] GC(961) Concurrent Mark
[3856.412s][info][gc,marking     ] GC(961) Concurrent Mark From Roots
[3856.412s][info][gc,task        ] GC(961) Using 2 workers of 2 for marking
.[3857.342s][info][gc,marking     ] GC(961) Concurrent Mark From Roots 929.608ms
[3857.342s][info][gc,marking     ] GC(961) Concurrent Preclean
[3857.342s][info][gc,marking     ] GC(961) Concurrent Preclean 0.087ms
[3857.342s][info][gc,start       ] GC(961) Pause Remark
[3857.348s][info][gc             ] GC(961) Pause Remark 2399M->2399M(4096M) 5.994ms
[3857.348s][info][gc,cpu         ] GC(961) User=0.03s Sys=0.00s Real=0.01s
[3857.348s][info][gc,marking     ] GC(961) Concurrent Mark 935.933ms
[3857.348s][info][gc,marking     ] GC(961) Concurrent Rebuild Remembered Sets and Scrub Regions
[3857.719s][info][gc,marking     ] GC(961) Concurrent Rebuild Remembered Sets and Scrub Regions 370.970ms
[3857.719s][info][gc,start       ] GC(961) Pause Cleanup
[3857.719s][info][gc             ] GC(961) Pause Cleanup 2704M->2704M(4096M) 0.109ms
[3857.719s][info][gc,cpu         ] GC(961) User=0.00s Sys=0.00s Real=0.00s
[3857.719s][info][gc,marking     ] GC(961) Concurrent Clear Claimed Marks
[3857.720s][info][gc,marking     ] GC(961) Concurrent Clear Claimed Marks 0.021ms
[3857.720s][info][gc,marking     ] GC(961) Concurrent Cleanup for Next Mark
[3857.723s][info][gc,marking     ] GC(961) Concurrent Cleanup for Next Mark 3.462ms
[3857.723s][info][gc             ] GC(961) Concurrent Mark Cycle 1534.283ms
.[3858.760s][info][gc,start       ] GC(962) Pause Young (Prepare Mixed) (G1 Evacuation Pause)
[3858.760s][info][gc,task        ] GC(962) Using 6 workers of 6 for evacuation
[3858.878s][info][gc,phases      ] GC(962)   Pre Evacuate Collection Set: 0.33ms
[3858.878s][info][gc,phases      ] GC(962)   Merge Heap Roots: 0.54ms
[3858.878s][info][gc,phases      ] GC(962)   Evacuate Collection Set: 115.66ms
[3858.878s][info][gc,phases      ] GC(962)   Post Evacuate Collection Set: 0.93ms
[3858.878s][info][gc,phases      ] GC(962)   Other: 0.09ms
[3858.878s][info][gc,heap        ] GC(962) Eden regions: 1122->0(1106)
[3858.878s][info][gc,heap        ] GC(962) Survivor regions: 106->111(154)
[3858.878s][info][gc,heap        ] GC(962) Old regions: 506->537
[3858.878s][info][gc,heap        ] GC(962) Humongous regions: 80->80
[3858.878s][info][gc,metaspace   ] GC(962) Metaspace: 28865K(29312K)->28865K(29312K) NonClass: 23996K(24192K)->23996K(24192K) Class: 4869K(5120K)->4869K(5120K)
[3858.878s][info][gc             ] GC(962) Pause Young (Prepare Mixed) (G1 Evacuation Pause) 3626M->1454M(4096M) 117.697ms
[3858.878s][info][gc,cpu         ] GC(962) User=0.69s Sys=0.00s Real=0.12s
...[3861.517s][info][gc,start       ] GC(963) Pause Young (Mixed) (G1 Evacuation Pause)
[3861.517s][info][gc,task        ] GC(963) Using 6 workers of 6 for evacuation
[3861.656s][info][gc,phases      ] GC(963)   Pre Evacuate Collection Set: 0.39ms
[3861.656s][info][gc,phases      ] GC(963)   Merge Heap Roots: 0.80ms
[3861.656s][info][gc,phases      ] GC(963)   Evacuate Collection Set: 136.71ms
[3861.656s][info][gc,phases      ] GC(963)   Post Evacuate Collection Set: 0.95ms
[3861.656s][info][gc,phases      ] GC(963)   Other: 0.09ms
[3861.656s][info][gc,heap        ] GC(963) Eden regions: 1106->0(1115)
[3861.656s][info][gc,heap        ] GC(963) Survivor regions: 111->113(153)
[3861.656s][info][gc,heap        ] GC(963) Old regions: 537->475
[3861.656s][info][gc,heap        ] GC(963) Humongous regions: 80->80
[3861.656s][info][gc,metaspace   ] GC(963) Metaspace: 28865K(29312K)->28865K(29312K) NonClass: 23996K(24192K)->23996K(24192K) Class: 4869K(5120K)->4869K(5120K)
[3861.656s][info][gc             ] GC(963) Pause Young (Mixed) (G1 Evacuation Pause) 3666M->1333M(4096M) 139.058ms
[3861.656s][info][gc,cpu         ] GC(963) User=0.82s Sys=0.00s Real=0.14s
..[3864.176s][info][gc,start       ] GC(964) Pause Young (Concurrent Start) (G1 Evacuation Pause)
[3864.176s][info][gc,task        ] GC(964) Using 6 workers of 6 for evacuation
[3864.292s][info][gc,phases      ] GC(964)   Pre Evacuate Collection Set: 0.39ms
[3864.292s][info][gc,phases      ] GC(964)   Merge Heap Roots: 0.49ms
[3864.292s][info][gc,phases      ] GC(964)   Evacuate Collection Set: 113.46ms
[3864.292s][info][gc,phases      ] GC(964)   Post Evacuate Collection Set: 0.88ms
[3864.292s][info][gc,phases      ] GC(964)   Other: 0.11ms
[3864.292s][info][gc,heap        ] GC(964) Eden regions: 1115->0(1121)
[3864.292s][info][gc,heap        ] GC(964) Survivor regions: 113->107(154)
[3864.292s][info][gc,heap        ] GC(964) Old regions: 475->507
[3864.292s][info][gc,heap        ] GC(964) Humongous regions: 80->80
[3864.292s][info][gc,metaspace   ] GC(964) Metaspace: 28865K(29312K)->28865K(29312K) NonClass: 23996K(24192K)->23996K(24192K) Class: 4869K(5120K)->4869K(5120K)
[3864.292s][info][gc             ] GC(964) Pause Young (Concurrent Start) (G1 Evacuation Pause) 3563M->1386M(4096M) 115.454ms
[3864.292s][info][gc             ] GC(965) Concurrent Mark Cycle
[3864.292s][info][gc,marking     ] GC(965) Concurrent Scan Root Regions
[3864.292s][info][gc,cpu         ] GC(964) User=0.69s Sys=0.00s Real=0.11s
.[3864.451s][info][gc,marking     ] GC(965) Concurrent Scan Root Regions 159.056ms
[3864.451s][info][gc,marking     ] GC(965) Concurrent Mark
[3864.451s][info][gc,marking     ] GC(965) Concurrent Mark From Roots
[3864.451s][info][gc,task        ] GC(965) Using 2 workers of 2 for marking
[3865.175s][info][gc,marking     ] GC(965) Concurrent Mark From Roots 724.220ms
[3865.175s][info][gc,marking     ] GC(965) Concurrent Preclean
[3865.175s][info][gc,marking     ] GC(965) Concurrent Preclean 0.135ms
[3865.176s][info][gc,start       ] GC(965) Pause Remark
[3865.179s][info][gc             ] GC(965) Pause Remark 2184M->2184M(4096M) 2.927ms
[3865.179s][info][gc,cpu         ] GC(965) User=0.02s Sys=0.01s Real=0.00s
[3865.179s][info][gc,marking     ] GC(965) Concurrent Mark 728.019ms
[3865.179s][info][gc,marking     ] GC(965) Concurrent Rebuild Remembered Sets and Scrub Regions
.[3865.439s][info][gc,marking     ] GC(965) Concurrent Rebuild Remembered Sets and Scrub Regions 259.782ms
[3865.439s][info][gc,start       ] GC(965) Pause Cleanup
[3865.439s][info][gc             ] GC(965) Pause Cleanup 2404M->2404M(4096M) 0.115ms
[3865.439s][info][gc,cpu         ] GC(965) User=0.00s Sys=0.00s Real=0.00s
[3865.439s][info][gc,marking     ] GC(965) Concurrent Clear Claimed Marks
[3865.439s][info][gc,marking     ] GC(965) Concurrent Clear Claimed Marks 0.023ms
[3865.439s][info][gc,marking     ] GC(965) Concurrent Cleanup for Next Mark
[3865.445s][info][gc,marking     ] GC(965) Concurrent Cleanup for Next Mark 5.751ms
[3865.445s][info][gc             ] GC(965) Concurrent Mark Cycle 1153.249ms
.[3866.932s][info][gc,start       ] GC(966) Pause Young (Prepare Mixed) (G1 Evacuation Pause)
[3866.932s][info][gc,task        ] GC(966) Using 6 workers of 6 for evacuation
[3867.053s][info][gc,phases      ] GC(966)   Pre Evacuate Collection Set: 0.33ms
[3867.053s][info][gc,phases      ] GC(966)   Merge Heap Roots: 0.57ms
[3867.053s][info][gc,phases      ] GC(966)   Evacuate Collection Set: 119.31ms
[3867.053s][info][gc,phases      ] GC(966)   Post Evacuate Collection Set: 0.93ms
[3867.053s][info][gc,phases      ] GC(966)   Other: 0.08ms
[3867.053s][info][gc,heap        ] GC(966) Eden regions: 1121->0(1103)
[3867.053s][info][gc,heap        ] GC(966) Survivor regions: 107->111(154)
[3867.053s][info][gc,heap        ] GC(966) Old regions: 507->540
[3867.053s][info][gc,heap        ] GC(966) Humongous regions: 80->80
[3867.053s][info][gc,metaspace   ] GC(966) Metaspace: 28865K(29312K)->28865K(29312K) NonClass: 23996K(24192K)->23996K(24192K) Class: 4869K(5120K)->4869K(5120K)
[3867.053s][info][gc             ] GC(966) Pause Young (Prepare Mixed) (G1 Evacuation Pause) 3628M->1460M(4096M) 121.349ms
[3867.053s][info][gc,cpu         ] GC(966) User=0.72s Sys=0.00s Real=0.13s
...[3869.545s][info][gc,start       ] GC(967) Pause Young (Mixed) (G1 Evacuation Pause)
[3869.545s][info][gc,task        ] GC(967) Using 6 workers of 6 for evacuation
[3869.681s][info][gc,phases      ] GC(967)   Pre Evacuate Collection Set: 0.38ms
[3869.681s][info][gc,phases      ] GC(967)   Merge Heap Roots: 0.67ms
[3869.681s][info][gc,phases      ] GC(967)   Evacuate Collection Set: 133.46ms
[3869.681s][info][gc,phases      ] GC(967)   Post Evacuate Collection Set: 0.94ms
[3869.681s][info][gc,phases      ] GC(967)   Other: 0.09ms
[3869.681s][info][gc,heap        ] GC(967) Eden regions: 1103->0(1115)
[3869.681s][info][gc,heap        ] GC(967) Survivor regions: 111->113(152)
[3869.681s][info][gc,heap        ] GC(967) Old regions: 540->476
[3869.681s][info][gc,heap        ] GC(967) Humongous regions: 80->80
[3869.681s][info][gc,metaspace   ] GC(967) Metaspace: 28865K(29312K)->28865K(29312K) NonClass: 23996K(24192K)->23996K(24192K) Class: 4869K(5120K)->4869K(5120K)
[3869.681s][info][gc             ] GC(967) Pause Young (Mixed) (G1 Evacuation Pause) 3666M->1335M(4096M) 135.673ms
[3869.681s][info][gc,cpu         ] GC(967) User=0.80s Sys=0.00s Real=0.13s
..[3872.332s][info][gc,start       ] GC(968) Pause Young (Concurrent Start) (G1 Evacuation Pause)
[3872.332s][info][gc,task        ] GC(968) Using 6 workers of 6 for evacuation
[3872.448s][info][gc,phases      ] GC(968)   Pre Evacuate Collection Set: 0.40ms
[3872.448s][info][gc,phases      ] GC(968)   Merge Heap Roots: 0.46ms
[3872.448s][info][gc,phases      ] GC(968)   Evacuate Collection Set: 113.73ms
[3872.448s][info][gc,phases      ] GC(968)   Post Evacuate Collection Set: 0.87ms
[3872.448s][info][gc,phases      ] GC(968)   Other: 0.11ms
[3872.448s][info][gc,heap        ] GC(968) Eden regions: 1115->0(1120)
[3872.448s][info][gc,heap        ] GC(968) Survivor regions: 113->108(154)
[3872.448s][info][gc,heap        ] GC(968) Old regions: 476->508
[3872.448s][info][gc,heap        ] GC(968) Humongous regions: 80->80
[3872.448s][info][gc,metaspace   ] GC(968) Metaspace: 28865K(29312K)->28865K(29312K) NonClass: 23996K(24192K)->23996K(24192K) Class: 4869K(5120K)->4869K(5120K)
[3872.448s][info][gc             ] GC(968) Pause Young (Concurrent Start) (G1 Evacuation Pause) 3565M->1390M(4096M) 115.719ms
[3872.448s][info][gc             ] GC(969) Concurrent Mark Cycle
[3872.448s][info][gc,marking     ] GC(969) Concurrent Scan Root Regions
[3872.448s][info][gc,cpu         ] GC(968) User=0.69s Sys=0.00s Real=0.11s
.[3872.634s][info][gc,marking     ] GC(969) Concurrent Scan Root Regions 186.188ms
[3872.634s][info][gc,marking     ] GC(969) Concurrent Mark
[3872.634s][info][gc,marking     ] GC(969) Concurrent Mark From Roots
[3872.634s][info][gc,task        ] GC(969) Using 2 workers of 2 for marking
[3873.234s][info][gc,marking     ] GC(969) Concurrent Mark From Roots 599.626ms
[3873.234s][info][gc,marking     ] GC(969) Concurrent Preclean
[3873.234s][info][gc,marking     ] GC(969) Concurrent Preclean 0.093ms
[3873.235s][info][gc,start       ] GC(969) Pause Remark
[3873.239s][info][gc             ] GC(969) Pause Remark 2058M->2058M(4096M) 4.620ms
[3873.239s][info][gc,cpu         ] GC(969) User=0.02s Sys=0.00s Real=0.00s
[3873.240s][info][gc,marking     ] GC(969) Concurrent Mark 605.533ms
[3873.240s][info][gc,marking     ] GC(969) Concurrent Rebuild Remembered Sets and Scrub Regions
[3873.452s][info][gc,marking     ] GC(969) Concurrent Rebuild Remembered Sets and Scrub Regions 212.078ms
[3873.452s][info][gc,start       ] GC(969) Pause Cleanup
[3873.453s][info][gc             ] GC(969) Pause Cleanup 2238M->2238M(4096M) 0.769ms
[3873.453s][info][gc,cpu         ] GC(969) User=0.00s Sys=0.00s Real=0.01s
[3873.453s][info][gc,marking     ] GC(969) Concurrent Clear Claimed Marks
[3873.453s][info][gc,marking     ] GC(969) Concurrent Clear Claimed Marks 0.030ms
[3873.453s][info][gc,marking     ] GC(969) Concurrent Cleanup for Next Mark
[3873.458s][info][gc,marking     ] GC(969) Concurrent Cleanup for Next Mark 5.563ms
[3873.459s][info][gc             ] GC(969) Concurrent Mark Cycle 1010.633ms
..[3875.076s][info][gc,start       ] GC(970) Pause Young (Prepare Mixed) (G1 Evacuation Pause)
[3875.076s][info][gc,task        ] GC(970) Using 6 workers of 6 for evacuation
[3875.198s][info][gc,phases      ] GC(970)   Pre Evacuate Collection Set: 0.32ms
[3875.198s][info][gc,phases      ] GC(970)   Merge Heap Roots: 0.50ms
[3875.198s][info][gc,phases      ] GC(970)   Evacuate Collection Set: 119.80ms
[3875.198s][info][gc,phases      ] GC(970)   Post Evacuate Collection Set: 0.90ms
[3875.198s][info][gc,phases      ] GC(970)   Other: 0.09ms
[3875.198s][info][gc,heap        ] GC(970) Eden regions: 1120->0(1102)
[3875.198s][info][gc,heap        ] GC(970) Survivor regions: 108->112(154)
[3875.198s][info][gc,heap        ] GC(970) Old regions: 508->539
[3875.198s][info][gc,heap        ] GC(970) Humongous regions: 80->80
[3875.198s][info][gc,metaspace   ] GC(970) Metaspace: 28865K(29312K)->28865K(29312K) NonClass: 23996K(24192K)->23996K(24192K) Class: 4869K(5120K)->4869K(5120K)
[3875.198s][info][gc             ] GC(970) Pause Young (Prepare Mixed) (G1 Evacuation Pause) 3630M->1460M(4096M) 121.748ms
[3875.198s][info][gc,cpu         ] GC(970) User=0.72s Sys=0.00s Real=0.12s
...[3877.766s][info][gc,start       ] GC(971) Pause Young (Mixed) (G1 Evacuation Pause)
[3877.766s][info][gc,task        ] GC(971) Using 6 workers of 6 for evacuation
[3877.900s][info][gc,phases      ] GC(971)   Pre Evacuate Collection Set: 0.37ms
[3877.900s][info][gc,phases      ] GC(971)   Merge Heap Roots: 0.66ms
[3877.900s][info][gc,phases      ] GC(971)   Evacuate Collection Set: 132.35ms
[3877.900s][info][gc,phases      ] GC(971)   Post Evacuate Collection Set: 0.97ms
[3877.900s][info][gc,phases      ] GC(971)   Other: 0.09ms
[3877.900s][info][gc,heap        ] GC(971) Eden regions: 1102->0(1118)
[3877.900s][info][gc,heap        ] GC(971) Survivor regions: 112->110(152)
[3877.900s][info][gc,heap        ] GC(971) Old regions: 539->473
[3877.900s][info][gc,heap        ] GC(971) Humongous regions: 80->80
[3877.900s][info][gc,metaspace   ] GC(971) Metaspace: 28865K(29312K)->28865K(29312K) NonClass: 23996K(24192K)->23996K(24192K) Class: 4869K(5120K)->4869K(5120K)
[3877.900s][info][gc             ] GC(971) Pause Young (Mixed) (G1 Evacuation Pause) 3664M->1325M(4096M) 134.584ms
[3877.900s][info][gc,cpu         ] GC(971) User=0.79s Sys=0.00s Real=0.13s
...[3880.493s][info][gc,start       ] GC(972) Pause Young (Concurrent Start) (G1 Evacuation Pause)
[3880.493s][info][gc,task        ] GC(972) Using 6 workers of 6 for evacuation
[3880.610s][info][gc,phases      ] GC(972)   Pre Evacuate Collection Set: 0.36ms
[3880.610s][info][gc,phases      ] GC(972)   Merge Heap Roots: 0.44ms
[3880.610s][info][gc,phases      ] GC(972)   Evacuate Collection Set: 115.64ms
[3880.610s][info][gc,phases      ] GC(972)   Post Evacuate Collection Set: 0.89ms
[3880.610s][info][gc,phases      ] GC(972)   Other: 0.10ms
[3880.610s][info][gc,heap        ] GC(972) Eden regions: 1118->0(1118)
[3880.610s][info][gc,heap        ] GC(972) Survivor regions: 110->110(154)
[3880.610s][info][gc,heap        ] GC(972) Old regions: 473->506
[3880.610s][info][gc,heap        ] GC(972) Humongous regions: 80->80
[3880.610s][info][gc,metaspace   ] GC(972) Metaspace: 28865K(29312K)->28865K(29312K) NonClass: 23996K(24192K)->23996K(24192K) Class: 4869K(5120K)->4869K(5120K)
[3880.610s][info][gc             ] GC(972) Pause Young (Concurrent Start) (G1 Evacuation Pause) 3561M->1390M(4096M) 117.569ms
[3880.610s][info][gc             ] GC(973) Concurrent Mark Cycle
[3880.610s][info][gc,marking     ] GC(973) Concurrent Scan Root Regions
[3880.610s][info][gc,cpu         ] GC(972) User=0.69s Sys=0.00s Real=0.11s
[3880.822s][info][gc,marking     ] GC(973) Concurrent Scan Root Regions 212.067ms
[3880.822s][info][gc,marking     ] GC(973) Concurrent Mark
[3880.822s][info][gc,marking     ] GC(973) Concurrent Mark From Roots
[3880.822s][info][gc,task        ] GC(973) Using 2 workers of 2 for marking
.[3881.742s][info][gc,marking     ] GC(973) Concurrent Mark From Roots 919.349ms
[3881.742s][info][gc,marking     ] GC(973) Concurrent Preclean
[3881.742s][info][gc,marking     ] GC(973) Concurrent Preclean 0.076ms
[3881.742s][info][gc,start       ] GC(973) Pause Remark
[3881.748s][info][gc             ] GC(973) Pause Remark 2391M->2391M(4096M) 5.791ms
[3881.748s][info][gc,cpu         ] GC(973) User=0.03s Sys=0.00s Real=0.01s
[3881.748s][info][gc,marking     ] GC(973) Concurrent Mark 925.467ms
[3881.748s][info][gc,marking     ] GC(973) Concurrent Rebuild Remembered Sets and Scrub Regions
[3882.132s][info][gc,marking     ] GC(973) Concurrent Rebuild Remembered Sets and Scrub Regions 384.084ms
[3882.132s][info][gc,start       ] GC(973) Pause Cleanup
[3882.132s][info][gc             ] GC(973) Pause Cleanup 2735M->2735M(4096M) 0.117ms
[3882.132s][info][gc,cpu         ] GC(973) User=0.00s Sys=0.00s Real=0.00s
[3882.133s][info][gc,marking     ] GC(973) Concurrent Clear Claimed Marks
[3882.133s][info][gc,marking     ] GC(973) Concurrent Clear Claimed Marks 0.035ms
[3882.133s][info][gc,marking     ] GC(973) Concurrent Cleanup for Next Mark
[3882.140s][info][gc,marking     ] GC(973) Concurrent Cleanup for Next Mark 7.184ms
[3882.140s][info][gc             ] GC(973) Concurrent Mark Cycle 1529.938ms
.[3883.247s][info][gc,start       ] GC(974) Pause Young (Prepare Mixed) (G1 Evacuation Pause)
[3883.247s][info][gc,task        ] GC(974) Using 6 workers of 6 for evacuation
[3883.366s][info][gc,phases      ] GC(974)   Pre Evacuate Collection Set: 0.33ms
[3883.366s][info][gc,phases      ] GC(974)   Merge Heap Roots: 0.51ms
[3883.366s][info][gc,phases      ] GC(974)   Evacuate Collection Set: 117.09ms
[3883.366s][info][gc,phases      ] GC(974)   Post Evacuate Collection Set: 0.91ms
[3883.366s][info][gc,phases      ] GC(974)   Other: 0.08ms
[3883.366s][info][gc,heap        ] GC(974) Eden regions: 1118->0(1104)
[3883.366s][info][gc,heap        ] GC(974) Survivor regions: 110->112(154)
[3883.366s][info][gc,heap        ] GC(974) Old regions: 506->537
[3883.366s][info][gc,heap        ] GC(974) Humongous regions: 80->80
[3883.366s][info][gc,metaspace   ] GC(974) Metaspace: 28865K(29312K)->28865K(29312K) NonClass: 23996K(24192K)->23996K(24192K) Class: 4869K(5120K)->4869K(5120K)
[3883.366s][info][gc             ] GC(974) Pause Young (Prepare Mixed) (G1 Evacuation Pause) 3626M->1456M(4096M) 119.060ms
[3883.366s][info][gc,cpu         ] GC(974) User=0.71s Sys=0.00s Real=0.12s
...[3885.922s][info][gc,start       ] GC(975) Pause Young (Mixed) (G1 Evacuation Pause)
[3885.922s][info][gc,task        ] GC(975) Using 6 workers of 6 for evacuation
[3886.056s][info][gc,phases      ] GC(975)   Pre Evacuate Collection Set: 0.36ms
[3886.056s][info][gc,phases      ] GC(975)   Merge Heap Roots: 0.68ms
[3886.056s][info][gc,phases      ] GC(975)   Evacuate Collection Set: 131.98ms
[3886.056s][info][gc,phases      ] GC(975)   Post Evacuate Collection Set: 0.95ms
[3886.056s][info][gc,phases      ] GC(975)   Other: 0.09ms
[3886.056s][info][gc,heap        ] GC(975) Eden regions: 1104->0(1117)
[3886.056s][info][gc,heap        ] GC(975) Survivor regions: 112->111(152)
[3886.056s][info][gc,heap        ] GC(975) Old regions: 537->473
[3886.056s][info][gc,heap        ] GC(975) Humongous regions: 80->80
[3886.056s][info][gc,metaspace   ] GC(975) Metaspace: 28865K(29312K)->28865K(29312K) NonClass: 23996K(24192K)->23996K(24192K) Class: 4869K(5120K)->4869K(5120K)
[3886.056s][info][gc             ] GC(975) Pause Young (Mixed) (G1 Evacuation Pause) 3664M->1326M(4096M) 134.202ms
[3886.056s][info][gc,cpu         ] GC(975) User=0.80s Sys=0.00s Real=0.13s
...[3888.667s][info][gc,start       ] GC(976) Pause Young (Concurrent Start) (G1 Evacuation Pause)
[3888.667s][info][gc,task        ] GC(976) Using 6 workers of 6 for evacuation
[3888.788s][info][gc,phases      ] GC(976)   Pre Evacuate Collection Set: 0.37ms
[3888.788s][info][gc,phases      ] GC(976)   Merge Heap Roots: 0.47ms
[3888.788s][info][gc,phases      ] GC(976)   Evacuate Collection Set: 118.71ms
[3888.788s][info][gc,phases      ] GC(976)   Post Evacuate Collection Set: 0.89ms
[3888.788s][info][gc,phases      ] GC(976)   Other: 0.10ms
[3888.788s][info][gc,heap        ] GC(976) Eden regions: 1117->0(1117)
[3888.788s][info][gc,heap        ] GC(976) Survivor regions: 111->111(154)
[3888.788s][info][gc,heap        ] GC(976) Old regions: 473->505
[3888.788s][info][gc,heap        ] GC(976) Humongous regions: 80->80
[3888.788s][info][gc,metaspace   ] GC(976) Metaspace: 28865K(29312K)->28865K(29312K) NonClass: 23996K(24192K)->23996K(24192K) Class: 4869K(5120K)->4869K(5120K)
[3888.788s][info][gc             ] GC(976) Pause Young (Concurrent Start) (G1 Evacuation Pause) 3560M->1391M(4096M) 120.673ms
[3888.788s][info][gc             ] GC(977) Concurrent Mark Cycle
[3888.788s][info][gc,marking     ] GC(977) Concurrent Scan Root Regions
[3888.788s][info][gc,cpu         ] GC(976) User=0.72s Sys=0.00s Real=0.12s
[3888.973s][info][gc,marking     ] GC(977) Concurrent Scan Root Regions 185.214ms
[3888.973s][info][gc,marking     ] GC(977) Concurrent Mark
[3888.973s][info][gc,marking     ] GC(977) Concurrent Mark From Roots
[3888.973s][info][gc,task        ] GC(977) Using 2 workers of 2 for marking
.[3889.753s][info][gc,marking     ] GC(977) Concurrent Mark From Roots 779.650ms
[3889.753s][info][gc,marking     ] GC(977) Concurrent Preclean
[3889.753s][info][gc,marking     ] GC(977) Concurrent Preclean 0.149ms
[3889.754s][info][gc,start       ] GC(977) Pause Remark
[3889.760s][info][gc             ] GC(977) Pause Remark 2237M->2237M(4096M) 5.976ms
[3889.760s][info][gc,cpu         ] GC(977) User=0.03s Sys=0.00s Real=0.00s
[3889.762s][info][gc,marking     ] GC(977) Concurrent Mark 788.825ms
[3889.762s][info][gc,marking     ] GC(977) Concurrent Rebuild Remembered Sets and Scrub Regions
[3890.070s][info][gc,marking     ] GC(977) Concurrent Rebuild Remembered Sets and Scrub Regions 308.285ms
[3890.071s][info][gc,start       ] GC(977) Pause Cleanup
[3890.071s][info][gc             ] GC(977) Pause Cleanup 2496M->2496M(4096M) 0.122ms
[3890.071s][info][gc,cpu         ] GC(977) User=0.01s Sys=0.00s Real=0.00s
[3890.071s][info][gc,marking     ] GC(977) Concurrent Clear Claimed Marks
[3890.071s][info][gc,marking     ] GC(977) Concurrent Clear Claimed Marks 0.031ms
[3890.071s][info][gc,marking     ] GC(977) Concurrent Cleanup for Next Mark
[3890.076s][info][gc,marking     ] GC(977) Concurrent Cleanup for Next Mark 4.897ms
[3890.076s][info][gc             ] GC(977) Concurrent Mark Cycle 1288.254ms
.[3891.391s][info][gc,start       ] GC(978) Pause Young (Prepare Mixed) (G1 Evacuation Pause)
[3891.391s][info][gc,task        ] GC(978) Using 6 workers of 6 for evacuation
[3891.513s][info][gc,phases      ] GC(978)   Pre Evacuate Collection Set: 0.33ms
[3891.513s][info][gc,phases      ] GC(978)   Merge Heap Roots: 0.54ms
[3891.513s][info][gc,phases      ] GC(978)   Evacuate Collection Set: 119.61ms
[3891.513s][info][gc,phases      ] GC(978)   Post Evacuate Collection Set: 0.92ms
[3891.513s][info][gc,phases      ] GC(978)   Other: 0.08ms
[3891.513s][info][gc,heap        ] GC(978) Eden regions: 1117->0(1105)
[3891.513s][info][gc,heap        ] GC(978) Survivor regions: 111->112(154)
[3891.513s][info][gc,heap        ] GC(978) Old regions: 505->536
[3891.513s][info][gc,heap        ] GC(978) Humongous regions: 80->80
[3891.513s][info][gc,metaspace   ] GC(978) Metaspace: 28865K(29312K)->28865K(29312K) NonClass: 23996K(24192K)->23996K(24192K) Class: 4869K(5120K)->4869K(5120K)
[3891.513s][info][gc             ] GC(978) Pause Young (Prepare Mixed) (G1 Evacuation Pause) 3625M->1454M(4096M) 121.612ms
[3891.513s][info][gc,cpu         ] GC(978) User=0.72s Sys=0.00s Real=0.13s
...[3894.076s][info][gc,start       ] GC(979) Pause Young (Mixed) (G1 Evacuation Pause)
[3894.076s][info][gc,task        ] GC(979) Using 6 workers of 6 for evacuation
[3894.207s][info][gc,phases      ] GC(979)   Pre Evacuate Collection Set: 0.37ms
[3894.207s][info][gc,phases      ] GC(979)   Merge Heap Roots: 0.66ms
[3894.207s][info][gc,phases      ] GC(979)   Evacuate Collection Set: 128.31ms
[3894.207s][info][gc,phases      ] GC(979)   Post Evacuate Collection Set: 0.91ms
[3894.207s][info][gc,phases      ] GC(979)   Other: 0.09ms
[3894.207s][info][gc,heap        ] GC(979) Eden regions: 1105->0(1121)
[3894.207s][info][gc,heap        ] GC(979) Survivor regions: 112->107(153)
[3894.207s][info][gc,heap        ] GC(979) Old regions: 536->473
[3894.207s][info][gc,heap        ] GC(979) Humongous regions: 80->80
[3894.207s][info][gc,metaspace   ] GC(979) Metaspace: 28865K(29312K)->28865K(29312K) NonClass: 23996K(24192K)->23996K(24192K) Class: 4869K(5120K)->4869K(5120K)
[3894.207s][info][gc             ] GC(979) Pause Young (Mixed) (G1 Evacuation Pause) 3664M->1318M(4096M) 130.470ms
[3894.207s][info][gc,cpu         ] GC(979) User=0.77s Sys=0.00s Real=0.13s
...[3896.783s][info][gc,start       ] GC(980) Pause Young (Concurrent Start) (G1 Evacuation Pause)
[3896.783s][info][gc,task        ] GC(980) Using 6 workers of 6 for evacuation
[3896.902s][info][gc,phases      ] GC(980)   Pre Evacuate Collection Set: 0.41ms
[3896.902s][info][gc,phases      ] GC(980)   Merge Heap Roots: 0.46ms
[3896.902s][info][gc,phases      ] GC(980)   Evacuate Collection Set: 116.98ms
[3896.902s][info][gc,phases      ] GC(980)   Post Evacuate Collection Set: 0.87ms
[3896.902s][info][gc,phases      ] GC(980)   Other: 0.10ms
[3896.902s][info][gc,heap        ] GC(980) Eden regions: 1121->0(1118)
[3896.902s][info][gc,heap        ] GC(980) Survivor regions: 107->110(154)
[3896.902s][info][gc,heap        ] GC(980) Old regions: 473->506
[3896.902s][info][gc,heap        ] GC(980) Humongous regions: 80->80
[3896.902s][info][gc,metaspace   ] GC(980) Metaspace: 28865K(29312K)->28865K(29312K) NonClass: 23996K(24192K)->23996K(24192K) Class: 4869K(5120K)->4869K(5120K)
[3896.902s][info][gc             ] GC(980) Pause Young (Concurrent Start) (G1 Evacuation Pause) 3560M->1391M(4096M) 118.959ms
[3896.902s][info][gc             ] GC(981) Concurrent Mark Cycle
[3896.902s][info][gc,marking     ] GC(981) Concurrent Scan Root Regions
[3896.902s][info][gc,cpu         ] GC(980) User=0.71s Sys=0.00s Real=0.11s
[3897.085s][info][gc,marking     ] GC(981) Concurrent Scan Root Regions 183.576ms
[3897.086s][info][gc,marking     ] GC(981) Concurrent Mark
[3897.086s][info][gc,marking     ] GC(981) Concurrent Mark From Roots
[3897.086s][info][gc,task        ] GC(981) Using 2 workers of 2 for marking
.[3897.995s][info][gc,marking     ] GC(981) Concurrent Mark From Roots 908.967ms
[3897.995s][info][gc,marking     ] GC(981) Concurrent Preclean
[3897.995s][info][gc,marking     ] GC(981) Concurrent Preclean 0.118ms
[3897.996s][info][gc,start       ] GC(981) Pause Remark
[3898.003s][info][gc             ] GC(981) Pause Remark 2329M->2329M(4096M) 6.566ms
[3898.003s][info][gc,cpu         ] GC(981) User=0.03s Sys=0.00s Real=0.01s
[3898.004s][info][gc,marking     ] GC(981) Concurrent Mark 917.943ms
[3898.004s][info][gc,marking     ] GC(981) Concurrent Rebuild Remembered Sets and Scrub Regions
[3898.380s][info][gc,marking     ] GC(981) Concurrent Rebuild Remembered Sets and Scrub Regions 376.357ms
[3898.381s][info][gc,start       ] GC(981) Pause Cleanup
[3898.381s][info][gc             ] GC(981) Pause Cleanup 2673M->2673M(4096M) 0.119ms
[3898.381s][info][gc,cpu         ] GC(981) User=0.00s Sys=0.00s Real=0.00s
[3898.381s][info][gc,marking     ] GC(981) Concurrent Clear Claimed Marks
[3898.381s][info][gc,marking     ] GC(981) Concurrent Clear Claimed Marks 0.031ms
[3898.381s][info][gc,marking     ] GC(981) Concurrent Cleanup for Next Mark
[3898.386s][info][gc,marking     ] GC(981) Concurrent Cleanup for Next Mark 4.649ms
[3898.386s][info][gc             ] GC(981) Concurrent Mark Cycle 1483.731ms
.[3899.544s][info][gc,start       ] GC(982) Pause Young (Prepare Mixed) (G1 Evacuation Pause)
[3899.545s][info][gc,task        ] GC(982) Using 6 workers of 6 for evacuation
[3899.663s][info][gc,phases      ] GC(982)   Pre Evacuate Collection Set: 0.34ms
[3899.664s][info][gc,phases      ] GC(982)   Merge Heap Roots: 0.50ms
[3899.664s][info][gc,phases      ] GC(982)   Evacuate Collection Set: 117.10ms
[3899.664s][info][gc,phases      ] GC(982)   Post Evacuate Collection Set: 0.93ms
[3899.664s][info][gc,phases      ] GC(982)   Other: 0.08ms
[3899.664s][info][gc,heap        ] GC(982) Eden regions: 1118->0(1108)
[3899.664s][info][gc,heap        ] GC(982) Survivor regions: 110->110(154)
[3899.664s][info][gc,heap        ] GC(982) Old regions: 506->537
[3899.664s][info][gc,heap        ] GC(982) Humongous regions: 80->80
[3899.664s][info][gc,metaspace   ] GC(982) Metaspace: 28865K(29312K)->28865K(29312K) NonClass: 23996K(24192K)->23996K(24192K) Class: 4869K(5120K)->4869K(5120K)
[3899.664s][info][gc             ] GC(982) Pause Young (Prepare Mixed) (G1 Evacuation Pause) 3627M->1453M(4096M) 119.090ms
[3899.664s][info][gc,cpu         ] GC(982) User=0.71s Sys=0.00s Real=0.12s
...[3902.236s][info][gc,start       ] GC(983) Pause Young (Mixed) (G1 Evacuation Pause)
[3902.236s][info][gc,task        ] GC(983) Using 6 workers of 6 for evacuation
[3902.369s][info][gc,phases      ] GC(983)   Pre Evacuate Collection Set: 0.38ms
[3902.369s][info][gc,phases      ] GC(983)   Merge Heap Roots: 0.69ms
[3902.369s][info][gc,phases      ] GC(983)   Evacuate Collection Set: 131.28ms
[3902.369s][info][gc,phases      ] GC(983)   Post Evacuate Collection Set: 1.00ms
[3902.369s][info][gc,phases      ] GC(983)   Other: 0.08ms
[3902.369s][info][gc,heap        ] GC(983) Eden regions: 1108->0(1120)
[3902.369s][info][gc,heap        ] GC(983) Survivor regions: 110->108(153)
[3902.369s][info][gc,heap        ] GC(983) Old regions: 537->474
[3902.369s][info][gc,heap        ] GC(983) Humongous regions: 80->80
[3902.369s][info][gc,metaspace   ] GC(983) Metaspace: 28865K(29312K)->28865K(29312K) NonClass: 23996K(24192K)->23996K(24192K) Class: 4869K(5120K)->4869K(5120K)
[3902.369s][info][gc             ] GC(983) Pause Young (Mixed) (G1 Evacuation Pause) 3669M->1322M(4096M) 133.578ms
[3902.370s][info][gc,cpu         ] GC(983) User=0.79s Sys=0.00s Real=0.13s
...[3904.941s][info][gc,start       ] GC(984) Pause Young (Concurrent Start) (G1 Evacuation Pause)
[3904.941s][info][gc,task        ] GC(984) Using 6 workers of 6 for evacuation
[3905.061s][info][gc,phases      ] GC(984)   Pre Evacuate Collection Set: 0.38ms
[3905.061s][info][gc,phases      ] GC(984)   Merge Heap Roots: 0.46ms
[3905.061s][info][gc,phases      ] GC(984)   Evacuate Collection Set: 118.81ms
[3905.061s][info][gc,phases      ] GC(984)   Post Evacuate Collection Set: 0.93ms
[3905.061s][info][gc,phases      ] GC(984)   Other: 0.11ms
[3905.061s][info][gc,heap        ] GC(984) Eden regions: 1120->0(1116)
[3905.061s][info][gc,heap        ] GC(984) Survivor regions: 108->112(154)
[3905.061s][info][gc,heap        ] GC(984) Old regions: 474->505
[3905.061s][info][gc,heap        ] GC(984) Humongous regions: 80->80
[3905.061s][info][gc,metaspace   ] GC(984) Metaspace: 28865K(29312K)->28865K(29312K) NonClass: 23996K(24192K)->23996K(24192K) Class: 4869K(5120K)->4869K(5120K)
[3905.061s][info][gc             ] GC(984) Pause Young (Concurrent Start) (G1 Evacuation Pause) 3562M->1392M(4096M) 120.797ms
[3905.061s][info][gc             ] GC(985) Concurrent Mark Cycle
[3905.061s][info][gc,marking     ] GC(985) Concurrent Scan Root Regions
[3905.061s][info][gc,cpu         ] GC(984) User=0.71s Sys=0.00s Real=0.12s
[3905.254s][info][gc,marking     ] GC(985) Concurrent Scan Root Regions 192.622ms
[3905.254s][info][gc,marking     ] GC(985) Concurrent Mark
[3905.254s][info][gc,marking     ] GC(985) Concurrent Mark From Roots
[3905.254s][info][gc,task        ] GC(985) Using 2 workers of 2 for marking
.[3906.221s][info][gc,marking     ] GC(985) Concurrent Mark From Roots 967.441ms
[3906.222s][info][gc,marking     ] GC(985) Concurrent Preclean
[3906.222s][info][gc,marking     ] GC(985) Concurrent Preclean 0.117ms
[3906.222s][info][gc,start       ] GC(985) Pause Remark
[3906.230s][info][gc             ] GC(985) Pause Remark 2393M->2393M(4096M) 7.635ms
[3906.230s][info][gc,cpu         ] GC(985) User=0.04s Sys=0.00s Real=0.01s
[3906.230s][info][gc,marking     ] GC(985) Concurrent Mark 975.708ms
[3906.230s][info][gc,marking     ] GC(985) Concurrent Rebuild Remembered Sets and Scrub Regions
[3906.558s][info][gc,marking     ] GC(985) Concurrent Rebuild Remembered Sets and Scrub Regions 328.473ms
[3906.558s][info][gc,start       ] GC(985) Pause Cleanup
[3906.558s][info][gc             ] GC(985) Pause Cleanup 2690M->2690M(4096M) 0.108ms
[3906.558s][info][gc,cpu         ] GC(985) User=0.00s Sys=0.00s Real=0.00s
[3906.559s][info][gc,marking     ] GC(985) Concurrent Clear Claimed Marks
[3906.559s][info][gc,marking     ] GC(985) Concurrent Clear Claimed Marks 0.021ms
[3906.559s][info][gc,marking     ] GC(985) Concurrent Cleanup for Next Mark
[3906.562s][info][gc,marking     ] GC(985) Concurrent Cleanup for Next Mark 3.211ms
[3906.562s][info][gc             ] GC(985) Concurrent Mark Cycle 1500.419ms
. (rIR:aIR:PR = 6918:6913:6913) (tPR = 102937) [OK] 
  3906s: Performance info:
         Transaction,    Success,    Partial,     Failed,   Receipts, AvgBarcode, 
             Overall,     419311,          0,          0,     398330,      59.48, 
         Response times:
             Request,    Success,    Partial,     Failed,   SkipFail,     Probes,    Samples,      min,      p50,      p90,      p95,      p99,      max, 
       TotalPurchase,     398326,          0,          0,          0,     361900,     401499,      300,     6000,    43000,    73000,   124000,   264000,
     InStorePurchase,     209555,          0,          0,          0,     190770,     211463,      300,     6200,    43000,    75000,   125000,   264000,
      OnlinePurchase,     146818,          0,          0,          0,     132869,     147419,      300,     6000,    42000,    73000,   123000,   245000,
        InstPurchase,      41953,          0,          0,          0,      38261,      42617,      400,     5500,    40000,    70000,   121000,   245000,
          AssocOfCat,        418,          0,          0,          0,        341,        453,    26000,    39000,    81800,   138500,   230740,   352000,
      AssocOfProduct,       4192,          0,          0,          0,       3949,       4616,      500,     6900,    46000,    75000,   121000,   245000,
      BusinessReport,       1047,          0,          0,          0,        899,       1134,    28000,    49000,   112000,   142000,   200000,   299000,
          CustBuyBeh,       4195,          0,          0,          0,       3856,       4456,      200,     5700,    43000,    72150,   121000,   238000,
       ProductReturn,      11130,          0,          0,          0,       9415,      10730,      200,     5800,    43000,    71000,   124000,   245000,

  3906s: (51%)   IR =   7057 [3907.734s][info][gc,start       ] GC(986) Pause Young (Prepare Mixed) (G1 Evacuation Pause)
[3907.734s][info][gc,task        ] GC(986) Using 6 workers of 6 for evacuation
[3907.853s][info][gc,phases      ] GC(986)   Pre Evacuate Collection Set: 0.36ms
[3907.853s][info][gc,phases      ] GC(986)   Merge Heap Roots: 0.54ms
[3907.853s][info][gc,phases      ] GC(986)   Evacuate Collection Set: 116.54ms
[3907.853s][info][gc,phases      ] GC(986)   Post Evacuate Collection Set: 0.91ms
[3907.853s][info][gc,phases      ] GC(986)   Other: 0.10ms
[3907.853s][info][gc,heap        ] GC(986) Eden regions: 1116->0(1106)
[3907.853s][info][gc,heap        ] GC(986) Survivor regions: 112->111(154)
[3907.853s][info][gc,heap        ] GC(986) Old regions: 505->537
[3907.853s][info][gc,heap        ] GC(986) Humongous regions: 80->80
[3907.853s][info][gc,metaspace   ] GC(986) Metaspace: 28865K(29312K)->28865K(29312K) NonClass: 23996K(24192K)->23996K(24192K) Class: 4869K(5120K)->4869K(5120K)
[3907.853s][info][gc             ] GC(986) Pause Young (Prepare Mixed) (G1 Evacuation Pause) 3624M->1454M(4096M) 118.576ms
[3907.853s][info][gc,cpu         ] GC(986) User=0.70s Sys=0.00s Real=0.12s
...[3910.381s][info][gc,start       ] GC(987) Pause Young (Mixed) (G1 Evacuation Pause)
[3910.381s][info][gc,task        ] GC(987) Using 6 workers of 6 for evacuation
[3910.513s][info][gc,phases      ] GC(987)   Pre Evacuate Collection Set: 0.40ms
[3910.513s][info][gc,phases      ] GC(987)   Merge Heap Roots: 0.65ms
[3910.513s][info][gc,phases      ] GC(987)   Evacuate Collection Set: 130.13ms
[3910.513s][info][gc,phases      ] GC(987)   Post Evacuate Collection Set: 0.94ms
[3910.513s][info][gc,phases      ] GC(987)   Other: 0.09ms
[3910.513s][info][gc,heap        ] GC(987) Eden regions: 1106->0(1119)
[3910.513s][info][gc,heap        ] GC(987) Survivor regions: 111->109(153)
[3910.513s][info][gc,heap        ] GC(987) Old regions: 537->474
[3910.513s][info][gc,heap        ] GC(987) Humongous regions: 80->80
[3910.514s][info][gc,metaspace   ] GC(987) Metaspace: 28865K(29312K)->28865K(29312K) NonClass: 23996K(24192K)->23996K(24192K) Class: 4869K(5120K)->4869K(5120K)
[3910.514s][info][gc             ] GC(987) Pause Young (Mixed) (G1 Evacuation Pause) 3666M->1324M(4096M) 132.333ms
[3910.514s][info][gc,cpu         ] GC(987) User=0.78s Sys=0.00s Real=0.14s
...[3913.034s][info][gc,start       ] GC(988) Pause Young (Concurrent Start) (G1 Evacuation Pause)
[3913.034s][info][gc,task        ] GC(988) Using 6 workers of 6 for evacuation
[3913.151s][info][gc,phases      ] GC(988)   Pre Evacuate Collection Set: 0.38ms
[3913.151s][info][gc,phases      ] GC(988)   Merge Heap Roots: 0.46ms
[3913.151s][info][gc,phases      ] GC(988)   Evacuate Collection Set: 114.98ms
[3913.151s][info][gc,phases      ] GC(988)   Post Evacuate Collection Set: 0.89ms
[3913.151s][info][gc,phases      ] GC(988)   Other: 0.11ms
[3913.151s][info][gc,heap        ] GC(988) Eden regions: 1119->0(1120)
[3913.151s][info][gc,heap        ] GC(988) Survivor regions: 109->108(154)
[3913.151s][info][gc,heap        ] GC(988) Old regions: 474->506
[3913.151s][info][gc,heap        ] GC(988) Humongous regions: 80->80
[3913.151s][info][gc,metaspace   ] GC(988) Metaspace: 28865K(29312K)->28865K(29312K) NonClass: 23996K(24192K)->23996K(24192K) Class: 4869K(5120K)->4869K(5120K)
[3913.151s][info][gc             ] GC(988) Pause Young (Concurrent Start) (G1 Evacuation Pause) 3562M->1386M(4096M) 116.952ms
[3913.151s][info][gc             ] GC(989) Concurrent Mark Cycle
[3913.151s][info][gc,marking     ] GC(989) Concurrent Scan Root Regions
[3913.151s][info][gc,cpu         ] GC(988) User=0.69s Sys=0.00s Real=0.11s
[3913.372s][info][gc,marking     ] GC(989) Concurrent Scan Root Regions 221.425ms
[3913.372s][info][gc,marking     ] GC(989) Concurrent Mark
[3913.372s][info][gc,marking     ] GC(989) Concurrent Mark From Roots
[3913.372s][info][gc,task        ] GC(989) Using 2 workers of 2 for marking
.[3914.361s][info][gc,marking     ] GC(989) Concurrent Mark From Roots 988.822ms
[3914.361s][info][gc,marking     ] GC(989) Concurrent Preclean
[3914.361s][info][gc,marking     ] GC(989) Concurrent Preclean 0.153ms
[3914.362s][info][gc,start       ] GC(989) Pause Remark
[3914.369s][info][gc             ] GC(989) Pause Remark 2462M->2462M(4096M) 6.492ms
[3914.369s][info][gc,cpu         ] GC(989) User=0.03s Sys=0.00s Real=0.01s
[3914.371s][info][gc,marking     ] GC(989) Concurrent Mark 998.474ms
[3914.371s][info][gc,marking     ] GC(989) Concurrent Rebuild Remembered Sets and Scrub Regions
[3914.646s][info][gc,marking     ] GC(989) Concurrent Rebuild Remembered Sets and Scrub Regions 274.904ms
[3914.646s][info][gc,start       ] GC(989) Pause Cleanup
[3914.646s][info][gc             ] GC(989) Pause Cleanup 2722M->2722M(4096M) 0.115ms
[3914.646s][info][gc,cpu         ] GC(989) User=0.00s Sys=0.00s Real=0.00s
[3914.646s][info][gc,marking     ] GC(989) Concurrent Clear Claimed Marks
[3914.646s][info][gc,marking     ] GC(989) Concurrent Clear Claimed Marks 0.031ms
[3914.646s][info][gc,marking     ] GC(989) Concurrent Cleanup for Next Mark
[3914.651s][info][gc,marking     ] GC(989) Concurrent Cleanup for Next Mark 5.176ms
[3914.651s][info][gc             ] GC(989) Concurrent Mark Cycle 1500.629ms
.[3915.654s][info][gc,start       ] GC(990) Pause Young (Prepare Mixed) (G1 Evacuation Pause)
[3915.654s][info][gc,task        ] GC(990) Using 6 workers of 6 for evacuation
[3915.775s][info][gc,phases      ] GC(990)   Pre Evacuate Collection Set: 0.33ms
[3915.775s][info][gc,phases      ] GC(990)   Merge Heap Roots: 0.55ms
[3915.775s][info][gc,phases      ] GC(990)   Evacuate Collection Set: 119.14ms
[3915.775s][info][gc,phases      ] GC(990)   Post Evacuate Collection Set: 0.91ms
[3915.775s][info][gc,phases      ] GC(990)   Other: 0.09ms
[3915.775s][info][gc,heap        ] GC(990) Eden regions: 1120->0(1105)
[3915.775s][info][gc,heap        ] GC(990) Survivor regions: 108->111(154)
[3915.775s][info][gc,heap        ] GC(990) Old regions: 506->538
[3915.776s][info][gc,heap        ] GC(990) Humongous regions: 80->80
[3915.776s][info][gc,metaspace   ] GC(990) Metaspace: 28865K(29312K)->28865K(29312K) NonClass: 23996K(24192K)->23996K(24192K) Class: 4869K(5120K)->4869K(5120K)
[3915.776s][info][gc             ] GC(990) Pause Young (Prepare Mixed) (G1 Evacuation Pause) 3626M->1456M(4096M) 121.153ms
[3915.776s][info][gc,cpu         ] GC(990) User=0.72s Sys=0.00s Real=0.12s
...[3918.308s][info][gc,start       ] GC(991) Pause Young (Mixed) (G1 Evacuation Pause)
[3918.308s][info][gc,task        ] GC(991) Using 6 workers of 6 for evacuation
[3918.445s][info][gc,phases      ] GC(991)   Pre Evacuate Collection Set: 0.38ms
[3918.445s][info][gc,phases      ] GC(991)   Merge Heap Roots: 0.64ms
[3918.445s][info][gc,phases      ] GC(991)   Evacuate Collection Set: 134.71ms
[3918.445s][info][gc,phases      ] GC(991)   Post Evacuate Collection Set: 0.94ms
[3918.445s][info][gc,phases      ] GC(991)   Other: 0.09ms
[3918.445s][info][gc,heap        ] GC(991) Eden regions: 1105->0(1116)
[3918.445s][info][gc,heap        ] GC(991) Survivor regions: 111->112(152)
[3918.445s][info][gc,heap        ] GC(991) Old regions: 538->475
[3918.445s][info][gc,heap        ] GC(991) Humongous regions: 80->80
[3918.445s][info][gc,metaspace   ] GC(991) Metaspace: 28865K(29312K)->28865K(29312K) NonClass: 23996K(24192K)->23996K(24192K) Class: 4869K(5120K)->4869K(5120K)
[3918.445s][info][gc             ] GC(991) Pause Young (Mixed) (G1 Evacuation Pause) 3666M->1331M(4096M) 136.917ms
[3918.445s][info][gc,cpu         ] GC(991) User=0.81s Sys=0.00s Real=0.14s
...[3920.991s][info][gc,start       ] GC(992) Pause Young (Concurrent Start) (G1 Evacuation Pause)
[3920.992s][info][gc,task        ] GC(992) Using 6 workers of 6 for evacuation
[3921.109s][info][gc,phases      ] GC(992)   Pre Evacuate Collection Set: 0.37ms
[3921.109s][info][gc,phases      ] GC(992)   Merge Heap Roots: 0.47ms
[3921.109s][info][gc,phases      ] GC(992)   Evacuate Collection Set: 116.07ms
[3921.109s][info][gc,phases      ] GC(992)   Post Evacuate Collection Set: 0.90ms
[3921.109s][info][gc,phases      ] GC(992)   Other: 0.11ms
[3921.109s][info][gc,heap        ] GC(992) Eden regions: 1116->0(1118)
[3921.109s][info][gc,heap        ] GC(992) Survivor regions: 112->110(154)
[3921.109s][info][gc,heap        ] GC(992) Old regions: 475->507
[3921.109s][info][gc,heap        ] GC(992) Humongous regions: 80->80
[3921.109s][info][gc,metaspace   ] GC(992) Metaspace: 28865K(29312K)->28865K(29312K) NonClass: 23996K(24192K)->23996K(24192K) Class: 4869K(5120K)->4869K(5120K)
[3921.110s][info][gc             ] GC(992) Pause Young (Concurrent Start) (G1 Evacuation Pause) 3563M->1392M(4096M) 118.040ms
[3921.110s][info][gc             ] GC(993) Concurrent Mark Cycle
[3921.110s][info][gc,marking     ] GC(993) Concurrent Scan Root Regions
[3921.110s][info][gc,cpu         ] GC(992) User=0.70s Sys=0.00s Real=0.12s
[3921.258s][info][gc,marking     ] GC(993) Concurrent Scan Root Regions 148.820ms
[3921.258s][info][gc,marking     ] GC(993) Concurrent Mark
[3921.258s][info][gc,marking     ] GC(993) Concurrent Mark From Roots
[3921.258s][info][gc,task        ] GC(993) Using 2 workers of 2 for marking
.[3921.971s][info][gc,marking     ] GC(993) Concurrent Mark From Roots 712.385ms
[3921.971s][info][gc,marking     ] GC(993) Concurrent Preclean
[3921.971s][info][gc,marking     ] GC(993) Concurrent Preclean 0.102ms
[3921.971s][info][gc,start       ] GC(993) Pause Remark
[3921.977s][info][gc             ] GC(993) Pause Remark 2165M->2165M(4096M) 6.172ms
[3921.978s][info][gc,cpu         ] GC(993) User=0.04s Sys=0.00s Real=0.01s
[3921.978s][info][gc,marking     ] GC(993) Concurrent Mark 719.118ms
[3921.978s][info][gc,marking     ] GC(993) Concurrent Rebuild Remembered Sets and Scrub Regions
[3922.290s][info][gc,marking     ] GC(993) Concurrent Rebuild Remembered Sets and Scrub Regions 312.676ms
[3922.291s][info][gc,start       ] GC(993) Pause Cleanup
[3922.291s][info][gc             ] GC(993) Pause Cleanup 2432M->2432M(4096M) 0.129ms
[3922.291s][info][gc,cpu         ] GC(993) User=0.00s Sys=0.00s Real=0.00s
[3922.292s][info][gc,marking     ] GC(993) Concurrent Clear Claimed Marks
[3922.292s][info][gc,marking     ] GC(993) Concurrent Clear Claimed Marks 0.023ms
[3922.292s][info][gc,marking     ] GC(993) Concurrent Cleanup for Next Mark
[3922.297s][info][gc,marking     ] GC(993) Concurrent Cleanup for Next Mark 5.431ms
[3922.297s][info][gc             ] GC(993) Concurrent Mark Cycle 1187.507ms
.|[3923.720s][info][gc,start       ] GC(994) Pause Young (Prepare Mixed) (G1 Evacuation Pause)
[3923.720s][info][gc,task        ] GC(994) Using 6 workers of 6 for evacuation
[3923.839s][info][gc,phases      ] GC(994)   Pre Evacuate Collection Set: 0.33ms
[3923.839s][info][gc,phases      ] GC(994)   Merge Heap Roots: 0.54ms
[3923.839s][info][gc,phases      ] GC(994)   Evacuate Collection Set: 117.54ms
[3923.839s][info][gc,phases      ] GC(994)   Post Evacuate Collection Set: 0.93ms
[3923.839s][info][gc,phases      ] GC(994)   Other: 0.08ms
[3923.839s][info][gc,heap        ] GC(994) Eden regions: 1118->0(1104)
[3923.839s][info][gc,heap        ] GC(994) Survivor regions: 110->111(154)
[3923.840s][info][gc,heap        ] GC(994) Old regions: 507->539
[3923.840s][info][gc,heap        ] GC(994) Humongous regions: 80->80
[3923.840s][info][gc,metaspace   ] GC(994) Metaspace: 28865K(29312K)->28865K(29312K) NonClass: 23996K(24192K)->23996K(24192K) Class: 4869K(5120K)->4869K(5120K)
[3923.840s][info][gc             ] GC(994) Pause Young (Prepare Mixed) (G1 Evacuation Pause) 3628M->1458M(4096M) 119.551ms
[3923.840s][info][gc,cpu         ] GC(994) User=0.71s Sys=0.00s Real=0.12s
...[3926.307s][info][gc,start       ] GC(995) Pause Young (Mixed) (G1 Evacuation Pause)
[3926.307s][info][gc,task        ] GC(995) Using 6 workers of 6 for evacuation
[3926.439s][info][gc,phases      ] GC(995)   Pre Evacuate Collection Set: 0.38ms
[3926.439s][info][gc,phases      ] GC(995)   Merge Heap Roots: 0.66ms
[3926.439s][info][gc,phases      ] GC(995)   Evacuate Collection Set: 129.86ms
[3926.439s][info][gc,phases      ] GC(995)   Post Evacuate Collection Set: 0.94ms
[3926.439s][info][gc,phases      ] GC(995)   Other: 0.09ms
[3926.439s][info][gc,heap        ] GC(995) Eden regions: 1104->0(1119)
[3926.439s][info][gc,heap        ] GC(995) Survivor regions: 111->109(152)
[3926.439s][info][gc,heap        ] GC(995) Old regions: 539->473
[3926.439s][info][gc,heap        ] GC(995) Humongous regions: 80->80
[3926.439s][info][gc,metaspace   ] GC(995) Metaspace: 28865K(29312K)->28865K(29312K) NonClass: 23996K(24192K)->23996K(24192K) Class: 4869K(5120K)->4869K(5120K)
[3926.439s][info][gc             ] GC(995) Pause Young (Mixed) (G1 Evacuation Pause) 3666M->1323M(4096M) 132.066ms
[3926.439s][info][gc,cpu         ] GC(995) User=0.78s Sys=0.01s Real=0.13s
..[3928.984s][info][gc,start       ] GC(996) Pause Young (Concurrent Start) (G1 Evacuation Pause)
[3928.984s][info][gc,task        ] GC(996) Using 6 workers of 6 for evacuation
[3929.101s][info][gc,phases      ] GC(996)   Pre Evacuate Collection Set: 0.37ms
[3929.101s][info][gc,phases      ] GC(996)   Merge Heap Roots: 0.44ms
[3929.101s][info][gc,phases      ] GC(996)   Evacuate Collection Set: 115.19ms
[3929.101s][info][gc,phases      ] GC(996)   Post Evacuate Collection Set: 0.88ms
[3929.101s][info][gc,phases      ] GC(996)   Other: 0.10ms
[3929.101s][info][gc,heap        ] GC(996) Eden regions: 1119->0(1120)
[3929.101s][info][gc,heap        ] GC(996) Survivor regions: 109->108(154)
[3929.101s][info][gc,heap        ] GC(996) Old regions: 473->505
[3929.101s][info][gc,heap        ] GC(996) Humongous regions: 80->80
[3929.101s][info][gc,metaspace   ] GC(996) Metaspace: 28865K(29312K)->28865K(29312K) NonClass: 23996K(24192K)->23996K(24192K) Class: 4869K(5120K)->4869K(5120K)
[3929.101s][info][gc             ] GC(996) Pause Young (Concurrent Start) (G1 Evacuation Pause) 3561M->1385M(4096M) 117.133ms
[3929.101s][info][gc             ] GC(997) Concurrent Mark Cycle
[3929.101s][info][gc,marking     ] GC(997) Concurrent Scan Root Regions
[3929.101s][info][gc,cpu         ] GC(996) User=0.69s Sys=0.00s Real=0.11s
.[3929.240s][info][gc,marking     ] GC(997) Concurrent Scan Root Regions 138.670ms
[3929.240s][info][gc,marking     ] GC(997) Concurrent Mark
[3929.240s][info][gc,marking     ] GC(997) Concurrent Mark From Roots
[3929.240s][info][gc,task        ] GC(997) Using 2 workers of 2 for marking
[3929.957s][info][gc,marking     ] GC(997) Concurrent Mark From Roots 717.565ms
[3929.957s][info][gc,marking     ] GC(997) Concurrent Preclean
[3929.957s][info][gc,marking     ] GC(997) Concurrent Preclean 0.099ms
[3929.959s][info][gc,start       ] GC(997) Pause Remark
[3929.965s][info][gc             ] GC(997) Pause Remark 2143M->2143M(4096M) 6.502ms
[3929.965s][info][gc,cpu         ] GC(997) User=0.03s Sys=0.00s Real=0.01s
[3929.967s][info][gc,marking     ] GC(997) Concurrent Mark 727.189ms
[3929.967s][info][gc,marking     ] GC(997) Concurrent Rebuild Remembered Sets and Scrub Regions
.[3930.281s][info][gc,marking     ] GC(997) Concurrent Rebuild Remembered Sets and Scrub Regions 313.724ms
[3930.282s][info][gc,start       ] GC(997) Pause Cleanup
[3930.282s][info][gc             ] GC(997) Pause Cleanup 2422M->2422M(4096M) 0.119ms
[3930.282s][info][gc,cpu         ] GC(997) User=0.00s Sys=0.00s Real=0.00s
[3930.282s][info][gc,marking     ] GC(997) Concurrent Clear Claimed Marks
[3930.282s][info][gc,marking     ] GC(997) Concurrent Clear Claimed Marks 0.029ms
[3930.282s][info][gc,marking     ] GC(997) Concurrent Cleanup for Next Mark
[3930.287s][info][gc,marking     ] GC(997) Concurrent Cleanup for Next Mark 5.112ms
[3930.287s][info][gc             ] GC(997) Concurrent Mark Cycle 1186.184ms
.[3931.663s][info][gc,start       ] GC(998) Pause Young (Prepare Mixed) (G1 Evacuation Pause)
[3931.664s][info][gc,task        ] GC(998) Using 6 workers of 6 for evacuation
[3931.783s][info][gc,phases      ] GC(998)   Pre Evacuate Collection Set: 0.34ms
[3931.783s][info][gc,phases      ] GC(998)   Merge Heap Roots: 0.52ms
[3931.783s][info][gc,phases      ] GC(998)   Evacuate Collection Set: 117.58ms
[3931.783s][info][gc,phases      ] GC(998)   Post Evacuate Collection Set: 0.93ms
[3931.783s][info][gc,phases      ] GC(998)   Other: 0.09ms
[3931.783s][info][gc,heap        ] GC(998) Eden regions: 1120->0(1106)
[3931.783s][info][gc,heap        ] GC(998) Survivor regions: 108->111(154)
[3931.783s][info][gc,heap        ] GC(998) Old regions: 505->537
[3931.783s][info][gc,heap        ] GC(998) Humongous regions: 80->80
[3931.783s][info][gc,metaspace   ] GC(998) Metaspace: 28865K(29312K)->28865K(29312K) NonClass: 23996K(24192K)->23996K(24192K) Class: 4869K(5120K)->4869K(5120K)
[3931.783s][info][gc             ] GC(998) Pause Young (Prepare Mixed) (G1 Evacuation Pause) 3625M->1454M(4096M) 119.592ms
[3931.783s][info][gc,cpu         ] GC(998) User=0.70s Sys=0.01s Real=0.12s
...[3934.312s][info][gc,start       ] GC(999) Pause Young (Mixed) (G1 Evacuation Pause)
[3934.312s][info][gc,task        ] GC(999) Using 6 workers of 6 for evacuation
[3934.452s][info][gc,phases      ] GC(999)   Pre Evacuate Collection Set: 0.38ms
[3934.452s][info][gc,phases      ] GC(999)   Merge Heap Roots: 0.70ms
[3934.452s][info][gc,phases      ] GC(999)   Evacuate Collection Set: 138.09ms
[3934.452s][info][gc,phases      ] GC(999)   Post Evacuate Collection Set: 0.94ms
[3934.452s][info][gc,phases      ] GC(999)   Other: 0.10ms
[3934.452s][info][gc,heap        ] GC(999) Eden regions: 1106->0(1115)
[3934.452s][info][gc,heap        ] GC(999) Survivor regions: 111->113(153)
[3934.452s][info][gc,heap        ] GC(999) Old regions: 537->473
[3934.452s][info][gc,heap        ] GC(999) Humongous regions: 80->80
[3934.452s][info][gc,metaspace   ] GC(999) Metaspace: 28865K(29312K)->28865K(29312K) NonClass: 23996K(24192K)->23996K(24192K) Class: 4869K(5120K)->4869K(5120K)
[3934.452s][info][gc             ] GC(999) Pause Young (Mixed) (G1 Evacuation Pause) 3666M->1331M(4096M) 140.332ms
[3934.452s][info][gc,cpu         ] GC(999) User=0.83s Sys=0.00s Real=0.14s
..[3936.975s][info][gc,start       ] GC(1000) Pause Young (Concurrent Start) (G1 Evacuation Pause)
[3936.975s][info][gc,task        ] GC(1000) Using 6 workers of 6 for evacuation
[3937.092s][info][gc,phases      ] GC(1000)   Pre Evacuate Collection Set: 0.37ms
[3937.092s][info][gc,phases      ] GC(1000)   Merge Heap Roots: 0.47ms
[3937.092s][info][gc,phases      ] GC(1000)   Evacuate Collection Set: 114.56ms
[3937.092s][info][gc,phases      ] GC(1000)   Post Evacuate Collection Set: 0.89ms
[3937.092s][info][gc,phases      ] GC(1000)   Other: 0.11ms
[3937.092s][info][gc,heap        ] GC(1000) Eden regions: 1115->0(1121)
[3937.092s][info][gc,heap        ] GC(1000) Survivor regions: 113->107(154)
[3937.092s][info][gc,heap        ] GC(1000) Old regions: 473->506
[3937.092s][info][gc,heap        ] GC(1000) Humongous regions: 80->80
[3937.092s][info][gc,metaspace   ] GC(1000) Metaspace: 28865K(29312K)->28865K(29312K) NonClass: 23996K(24192K)->23996K(24192K) Class: 4869K(5120K)->4869K(5120K)
[3937.092s][info][gc             ] GC(1000) Pause Young (Concurrent Start) (G1 Evacuation Pause) 3561M->1383M(4096M) 116.536ms
[3937.092s][info][gc             ] GC(1001) Concurrent Mark Cycle
[3937.092s][info][gc,marking     ] GC(1001) Concurrent Scan Root Regions
[3937.092s][info][gc,cpu         ] GC(1000) User=0.69s Sys=0.00s Real=0.11s
.[3937.234s][info][gc,marking     ] GC(1001) Concurrent Scan Root Regions 142.536ms
[3937.234s][info][gc,marking     ] GC(1001) Concurrent Mark
[3937.234s][info][gc,marking     ] GC(1001) Concurrent Mark From Roots
[3937.234s][info][gc,task        ] GC(1001) Using 2 workers of 2 for marking
[3938.225s][info][gc,marking     ] GC(1001) Concurrent Mark From Roots 991.060ms
[3938.225s][info][gc,marking     ] GC(1001) Concurrent Preclean
[3938.226s][info][gc,marking     ] GC(1001) Concurrent Preclean 0.119ms
[3938.226s][info][gc,start       ] GC(1001) Pause Remark
[3938.234s][info][gc             ] GC(1001) Pause Remark 2388M->2388M(4096M) 7.653ms
[3938.234s][info][gc,cpu         ] GC(1001) User=0.05s Sys=0.00s Real=0.01s
[3938.234s][info][gc,marking     ] GC(1001) Concurrent Mark 999.446ms
[3938.234s][info][gc,marking     ] GC(1001) Concurrent Rebuild Remembered Sets and Scrub Regions
.[3938.512s][info][gc,marking     ] GC(1001) Concurrent Rebuild Remembered Sets and Scrub Regions 277.792ms
[3938.512s][info][gc,start       ] GC(1001) Pause Cleanup
[3938.512s][info][gc             ] GC(1001) Pause Cleanup 2665M->2665M(4096M) 0.120ms
[3938.512s][info][gc,cpu         ] GC(1001) User=0.00s Sys=0.00s Real=0.00s
[3938.513s][info][gc,marking     ] GC(1001) Concurrent Clear Claimed Marks
[3938.513s][info][gc,marking     ] GC(1001) Concurrent Clear Claimed Marks 0.035ms
[3938.513s][info][gc,marking     ] GC(1001) Concurrent Cleanup for Next Mark
[3938.519s][info][gc,marking     ] GC(1001) Concurrent Cleanup for Next Mark 5.795ms
[3938.519s][info][gc             ] GC(1001) Concurrent Mark Cycle 1427.040ms
.[3939.645s][info][gc,start       ] GC(1002) Pause Young (Prepare Mixed) (G1 Evacuation Pause)
[3939.645s][info][gc,task        ] GC(1002) Using 6 workers of 6 for evacuation
[3939.763s][info][gc,phases      ] GC(1002)   Pre Evacuate Collection Set: 0.35ms
[3939.763s][info][gc,phases      ] GC(1002)   Merge Heap Roots: 0.54ms
[3939.763s][info][gc,phases      ] GC(1002)   Evacuate Collection Set: 115.58ms
[3939.763s][info][gc,phases      ] GC(1002)   Post Evacuate Collection Set: 0.93ms
[3939.763s][info][gc,phases      ] GC(1002)   Other: 0.09ms
[3939.763s][info][gc,heap        ] GC(1002) Eden regions: 1121->0(1108)
[3939.763s][info][gc,heap        ] GC(1002) Survivor regions: 107->110(154)
[3939.763s][info][gc,heap        ] GC(1002) Old regions: 506->537
[3939.763s][info][gc,heap        ] GC(1002) Humongous regions: 80->80
[3939.763s][info][gc,metaspace   ] GC(1002) Metaspace: 28865K(29312K)->28865K(29312K) NonClass: 23996K(24192K)->23996K(24192K) Class: 4869K(5120K)->4869K(5120K)
[3939.763s][info][gc             ] GC(1002) Pause Young (Prepare Mixed) (G1 Evacuation Pause) 3625M->1453M(4096M) 117.643ms
[3939.763s][info][gc,cpu         ] GC(1002) User=0.70s Sys=0.00s Real=0.12s
...[3942.334s][info][gc,start       ] GC(1003) Pause Young (Mixed) (G1 Evacuation Pause)
[3942.334s][info][gc,task        ] GC(1003) Using 6 workers of 6 for evacuation
[3942.467s][info][gc,phases      ] GC(1003)   Pre Evacuate Collection Set: 0.37ms
[3942.467s][info][gc,phases      ] GC(1003)   Merge Heap Roots: 0.62ms
[3942.467s][info][gc,phases      ] GC(1003)   Evacuate Collection Set: 130.85ms
[3942.467s][info][gc,phases      ] GC(1003)   Post Evacuate Collection Set: 0.93ms
[3942.467s][info][gc,phases      ] GC(1003)   Other: 0.08ms
[3942.467s][info][gc,heap        ] GC(1003) Eden regions: 1108->0(1119)
[3942.467s][info][gc,heap        ] GC(1003) Survivor regions: 110->109(153)
[3942.467s][info][gc,heap        ] GC(1003) Old regions: 537->474
[3942.467s][info][gc,heap        ] GC(1003) Humongous regions: 80->80
[3942.467s][info][gc,metaspace   ] GC(1003) Metaspace: 28865K(29312K)->28865K(29312K) NonClass: 23996K(24192K)->23996K(24192K) Class: 4869K(5120K)->4869K(5120K)
[3942.467s][info][gc             ] GC(1003) Pause Young (Mixed) (G1 Evacuation Pause) 3669M->1325M(4096M) 132.996ms
[3942.467s][info][gc,cpu         ] GC(1003) User=0.78s Sys=0.00s Real=0.13s
..[3944.943s][info][gc,start       ] GC(1004) Pause Young (Concurrent Start) (G1 Evacuation Pause)
[3944.943s][info][gc,task        ] GC(1004) Using 6 workers of 6 for evacuation
[3945.061s][info][gc,phases      ] GC(1004)   Pre Evacuate Collection Set: 0.38ms
[3945.061s][info][gc,phases      ] GC(1004)   Merge Heap Roots: 0.47ms
[3945.061s][info][gc,phases      ] GC(1004)   Evacuate Collection Set: 116.41ms
[3945.061s][info][gc,phases      ] GC(1004)   Post Evacuate Collection Set: 0.90ms
[3945.061s][info][gc,phases      ] GC(1004)   Other: 0.11ms
[3945.061s][info][gc,heap        ] GC(1004) Eden regions: 1119->0(1118)
[3945.061s][info][gc,heap        ] GC(1004) Survivor regions: 109->110(154)
[3945.061s][info][gc,heap        ] GC(1004) Old regions: 474->507
[3945.061s][info][gc,heap        ] GC(1004) Humongous regions: 80->80
[3945.061s][info][gc,metaspace   ] GC(1004) Metaspace: 28865K(29312K)->28865K(29312K) NonClass: 23996K(24192K)->23996K(24192K) Class: 4869K(5120K)->4869K(5120K)
[3945.061s][info][gc             ] GC(1004) Pause Young (Concurrent Start) (G1 Evacuation Pause) 3563M->1392M(4096M) 118.407ms
[3945.061s][info][gc             ] GC(1005) Concurrent Mark Cycle
[3945.061s][info][gc,marking     ] GC(1005) Concurrent Scan Root Regions
[3945.061s][info][gc,cpu         ] GC(1004) User=0.70s Sys=0.00s Real=0.11s
[3945.244s][info][gc,marking     ] GC(1005) Concurrent Scan Root Regions 182.586ms
[3945.244s][info][gc,marking     ] GC(1005) Concurrent Mark
[3945.244s][info][gc,marking     ] GC(1005) Concurrent Mark From Roots
[3945.244s][info][gc,task        ] GC(1005) Using 2 workers of 2 for marking
.[3945.961s][info][gc,marking     ] GC(1005) Concurrent Mark From Roots 716.630ms
[3945.961s][info][gc,marking     ] GC(1005) Concurrent Preclean
[3945.961s][info][gc,marking     ] GC(1005) Concurrent Preclean 0.097ms
[3945.961s][info][gc,start       ] GC(1005) Pause Remark
[3945.966s][info][gc             ] GC(1005) Pause Remark 2164M->2164M(4096M) 5.048ms
[3945.966s][info][gc,cpu         ] GC(1005) User=0.02s Sys=0.00s Real=0.01s
[3945.966s][info][gc,marking     ] GC(1005) Concurrent Mark 722.110ms
[3945.966s][info][gc,marking     ] GC(1005) Concurrent Rebuild Remembered Sets and Scrub Regions
[3946.276s][info][gc,marking     ] GC(1005) Concurrent Rebuild Remembered Sets and Scrub Regions 309.517ms
[3946.277s][info][gc,start       ] GC(1005) Pause Cleanup
[3946.277s][info][gc             ] GC(1005) Pause Cleanup 2438M->2438M(4096M) 0.116ms
[3946.277s][info][gc,cpu         ] GC(1005) User=0.00s Sys=0.00s Real=0.00s
[3946.277s][info][gc,marking     ] GC(1005) Concurrent Clear Claimed Marks
[3946.277s][info][gc,marking     ] GC(1005) Concurrent Clear Claimed Marks 0.026ms
[3946.277s][info][gc,marking     ] GC(1005) Concurrent Cleanup for Next Mark
[3946.283s][info][gc,marking     ] GC(1005) Concurrent Cleanup for Next Mark 6.283ms
[3946.283s][info][gc             ] GC(1005) Concurrent Mark Cycle 1221.772ms
..[3947.699s][info][gc,start       ] GC(1006) Pause Young (Prepare Mixed) (G1 Evacuation Pause)
[3947.699s][info][gc,task        ] GC(1006) Using 6 workers of 6 for evacuation
[3947.823s][info][gc,phases      ] GC(1006)   Pre Evacuate Collection Set: 0.34ms
[3947.823s][info][gc,phases      ] GC(1006)   Merge Heap Roots: 0.51ms
[3947.823s][info][gc,phases      ] GC(1006)   Evacuate Collection Set: 122.09ms
[3947.823s][info][gc,phases      ] GC(1006)   Post Evacuate Collection Set: 0.93ms
[3947.823s][info][gc,phases      ] GC(1006)   Other: 0.09ms
[3947.823s][info][gc,heap        ] GC(1006) Eden regions: 1118->0(1099)
[3947.823s][info][gc,heap        ] GC(1006) Survivor regions: 110->114(154)
[3947.823s][info][gc,heap        ] GC(1006) Old regions: 507->538
[3947.823s][info][gc,heap        ] GC(1006) Humongous regions: 80->80
[3947.823s][info][gc,metaspace   ] GC(1006) Metaspace: 28865K(29312K)->28865K(29312K) NonClass: 23996K(24192K)->23996K(24192K) Class: 4869K(5120K)->4869K(5120K)
[3947.823s][info][gc             ] GC(1006) Pause Young (Prepare Mixed) (G1 Evacuation Pause) 3628M->1462M(4096M) 124.098ms
[3947.823s][info][gc,cpu         ] GC(1006) User=0.73s Sys=0.00s Real=0.13s
..[3950.236s][info][gc,start       ] GC(1007) Pause Young (Mixed) (G1 Evacuation Pause)
[3950.236s][info][gc,task        ] GC(1007) Using 6 workers of 6 for evacuation
[3950.368s][info][gc,phases      ] GC(1007)   Pre Evacuate Collection Set: 0.38ms
[3950.368s][info][gc,phases      ] GC(1007)   Merge Heap Roots: 0.59ms
[3950.368s][info][gc,phases      ] GC(1007)   Evacuate Collection Set: 130.07ms
[3950.368s][info][gc,phases      ] GC(1007)   Post Evacuate Collection Set: 0.98ms
[3950.368s][info][gc,phases      ] GC(1007)   Other: 0.08ms
[3950.368s][info][gc,heap        ] GC(1007) Eden regions: 1099->0(1117)
[3950.368s][info][gc,heap        ] GC(1007) Survivor regions: 114->111(152)
[3950.368s][info][gc,heap        ] GC(1007) Old regions: 538->474
[3950.368s][info][gc,heap        ] GC(1007) Humongous regions: 80->80
[3950.368s][info][gc,metaspace   ] GC(1007) Metaspace: 28865K(29312K)->28865K(29312K) NonClass: 23996K(24192K)->23996K(24192K) Class: 4869K(5120K)->4869K(5120K)
[3950.368s][info][gc             ] GC(1007) Pause Young (Mixed) (G1 Evacuation Pause) 3660M->1328M(4096M) 132.238ms
[3950.369s][info][gc,cpu         ] GC(1007) User=0.78s Sys=0.00s Real=0.13s
...[3952.903s][info][gc,start       ] GC(1008) Pause Young (Concurrent Start) (G1 Evacuation Pause)
[3952.903s][info][gc,task        ] GC(1008) Using 6 workers of 6 for evacuation
[3953.025s][info][gc,phases      ] GC(1008)   Pre Evacuate Collection Set: 0.36ms
[3953.026s][info][gc,phases      ] GC(1008)   Merge Heap Roots: 0.49ms
[3953.026s][info][gc,phases      ] GC(1008)   Evacuate Collection Set: 120.57ms
[3953.026s][info][gc,phases      ] GC(1008)   Post Evacuate Collection Set: 0.92ms
[3953.026s][info][gc,phases      ] GC(1008)   Other: 0.14ms
[3953.026s][info][gc,heap        ] GC(1008) Eden regions: 1117->0(1116)
[3953.026s][info][gc,heap        ] GC(1008) Survivor regions: 111->112(154)
[3953.026s][info][gc,heap        ] GC(1008) Old regions: 474->508
[3953.026s][info][gc,heap        ] GC(1008) Humongous regions: 80->80
[3953.026s][info][gc,metaspace   ] GC(1008) Metaspace: 28865K(29312K)->28865K(29312K) NonClass: 23996K(24192K)->23996K(24192K) Class: 4869K(5120K)->4869K(5120K)
[3953.026s][info][gc             ] GC(1008) Pause Young (Concurrent Start) (G1 Evacuation Pause) 3562M->1398M(4096M) 122.604ms
[3953.026s][info][gc             ] GC(1009) Concurrent Mark Cycle
[3953.026s][info][gc,marking     ] GC(1009) Concurrent Scan Root Regions
[3953.026s][info][gc,cpu         ] GC(1008) User=0.73s Sys=0.00s Real=0.12s
[3953.224s][info][gc,marking     ] GC(1009) Concurrent Scan Root Regions 198.666ms
[3953.224s][info][gc,marking     ] GC(1009) Concurrent Mark
[3953.224s][info][gc,marking     ] GC(1009) Concurrent Mark From Roots
[3953.224s][info][gc,task        ] GC(1009) Using 2 workers of 2 for marking
.[3954.223s][info][gc,marking     ] GC(1009) Concurrent Mark From Roots 998.309ms
[3954.223s][info][gc,marking     ] GC(1009) Concurrent Preclean
[3954.223s][info][gc,marking     ] GC(1009) Concurrent Preclean 0.110ms
[3954.224s][info][gc,start       ] GC(1009) Pause Remark
[3954.231s][info][gc             ] GC(1009) Pause Remark 2500M->2500M(4096M) 6.721ms
[3954.231s][info][gc,cpu         ] GC(1009) User=0.04s Sys=0.00s Real=0.00s
[3954.231s][info][gc,marking     ] GC(1009) Concurrent Mark 1006.559ms
[3954.231s][info][gc,marking     ] GC(1009) Concurrent Rebuild Remembered Sets and Scrub Regions
[3954.447s][info][gc,marking     ] GC(1009) Concurrent Rebuild Remembered Sets and Scrub Regions 216.065ms
[3954.447s][info][gc,start       ] GC(1009) Pause Cleanup
[3954.448s][info][gc             ] GC(1009) Pause Cleanup 2687M->2687M(4096M) 0.750ms
[3954.448s][info][gc,cpu         ] GC(1009) User=0.00s Sys=0.00s Real=0.00s
.[3954.449s][info][gc,marking     ] GC(1009) Concurrent Clear Claimed Marks
[3954.449s][info][gc,marking     ] GC(1009) Concurrent Clear Claimed Marks 0.029ms
[3954.449s][info][gc,marking     ] GC(1009) Concurrent Cleanup for Next Mark
[3954.453s][info][gc,marking     ] GC(1009) Concurrent Cleanup for Next Mark 4.693ms
[3954.453s][info][gc             ] GC(1009) Concurrent Mark Cycle 1427.767ms
.[3955.562s][info][gc,start       ] GC(1010) Pause Young (Prepare Mixed) (G1 Evacuation Pause)
[3955.562s][info][gc,task        ] GC(1010) Using 6 workers of 6 for evacuation
[3955.679s][info][gc,phases      ] GC(1010)   Pre Evacuate Collection Set: 0.37ms
[3955.679s][info][gc,phases      ] GC(1010)   Merge Heap Roots: 0.50ms
[3955.679s][info][gc,phases      ] GC(1010)   Evacuate Collection Set: 115.03ms
[3955.679s][info][gc,phases      ] GC(1010)   Post Evacuate Collection Set: 0.91ms
[3955.679s][info][gc,phases      ] GC(1010)   Other: 0.09ms
[3955.679s][info][gc,heap        ] GC(1010) Eden regions: 1116->0(1106)
[3955.679s][info][gc,heap        ] GC(1010) Survivor regions: 112->110(154)
[3955.679s][info][gc,heap        ] GC(1010) Old regions: 508->539
[3955.679s][info][gc,heap        ] GC(1010) Humongous regions: 80->80
[3955.679s][info][gc,metaspace   ] GC(1010) Metaspace: 28865K(29312K)->28865K(29312K) NonClass: 23996K(24192K)->23996K(24192K) Class: 4869K(5120K)->4869K(5120K)
[3955.679s][info][gc             ] GC(1010) Pause Young (Prepare Mixed) (G1 Evacuation Pause) 3630M->1456M(4096M) 117.055ms
[3955.679s][info][gc,cpu         ] GC(1010) User=0.69s Sys=0.01s Real=0.11s
..[3958.196s][info][gc,start       ] GC(1011) Pause Young (Mixed) (G1 Evacuation Pause)
[3958.196s][info][gc,task        ] GC(1011) Using 6 workers of 6 for evacuation
[3958.336s][info][gc,phases      ] GC(1011)   Pre Evacuate Collection Set: 0.36ms
[3958.336s][info][gc,phases      ] GC(1011)   Merge Heap Roots: 0.67ms
[3958.336s][info][gc,phases      ] GC(1011)   Evacuate Collection Set: 138.41ms
[3958.336s][info][gc,phases      ] GC(1011)   Post Evacuate Collection Set: 0.94ms
[3958.336s][info][gc,phases      ] GC(1011)   Other: 0.09ms
[3958.336s][info][gc,heap        ] GC(1011) Eden regions: 1106->0(1113)
[3958.336s][info][gc,heap        ] GC(1011) Survivor regions: 110->115(152)
[3958.336s][info][gc,heap        ] GC(1011) Old regions: 539->474
[3958.336s][info][gc,heap        ] GC(1011) Humongous regions: 80->80
[3958.336s][info][gc,metaspace   ] GC(1011) Metaspace: 28865K(29312K)->28865K(29312K) NonClass: 23996K(24192K)->23996K(24192K) Class: 4869K(5120K)->4869K(5120K)
[3958.336s][info][gc             ] GC(1011) Pause Young (Mixed) (G1 Evacuation Pause) 3668M->1336M(4096M) 140.599ms
[3958.336s][info][gc,cpu         ] GC(1011) User=0.83s Sys=0.00s Real=0.14s
...[3960.917s][info][gc,start       ] GC(1012) Pause Young (Concurrent Start) (G1 Evacuation Pause)
[3960.917s][info][gc,task        ] GC(1012) Using 6 workers of 6 for evacuation
[3961.037s][info][gc,phases      ] GC(1012)   Pre Evacuate Collection Set: 0.35ms
[3961.037s][info][gc,phases      ] GC(1012)   Merge Heap Roots: 0.47ms
[3961.037s][info][gc,phases      ] GC(1012)   Evacuate Collection Set: 117.82ms
[3961.037s][info][gc,phases      ] GC(1012)   Post Evacuate Collection Set: 0.87ms
[3961.037s][info][gc,phases      ] GC(1012)   Other: 0.10ms
[3961.037s][info][gc,heap        ] GC(1012) Eden regions: 1113->0(1118)
[3961.037s][info][gc,heap        ] GC(1012) Survivor regions: 115->110(154)
[3961.037s][info][gc,heap        ] GC(1012) Old regions: 474->506
[3961.037s][info][gc,heap        ] GC(1012) Humongous regions: 80->80
[3961.037s][info][gc,metaspace   ] GC(1012) Metaspace: 28865K(29312K)->28865K(29312K) NonClass: 23996K(24192K)->23996K(24192K) Class: 4869K(5120K)->4869K(5120K)
[3961.037s][info][gc             ] GC(1012) Pause Young (Concurrent Start) (G1 Evacuation Pause) 3562M->1391M(4096M) 119.741ms
[3961.037s][info][gc             ] GC(1013) Concurrent Mark Cycle
[3961.037s][info][gc,marking     ] GC(1013) Concurrent Scan Root Regions
[3961.037s][info][gc,cpu         ] GC(1012) User=0.71s Sys=0.00s Real=0.12s
[3961.179s][info][gc,marking     ] GC(1013) Concurrent Scan Root Regions 141.802ms
[3961.179s][info][gc,marking     ] GC(1013) Concurrent Mark
[3961.179s][info][gc,marking     ] GC(1013) Concurrent Mark From Roots
[3961.179s][info][gc,task        ] GC(1013) Using 2 workers of 2 for marking
.[3961.868s][info][gc,marking     ] GC(1013) Concurrent Mark From Roots 689.551ms
[3961.868s][info][gc,marking     ] GC(1013) Concurrent Preclean
[3961.868s][info][gc,marking     ] GC(1013) Concurrent Preclean 0.140ms
[3961.870s][info][gc,start       ] GC(1013) Pause Remark
[3961.876s][info][gc             ] GC(1013) Pause Remark 2059M->2059M(4096M) 5.618ms
[3961.876s][info][gc,cpu         ] GC(1013) User=0.03s Sys=0.00s Real=0.01s
[3961.876s][info][gc,marking     ] GC(1013) Concurrent Mark 697.084ms
[3961.876s][info][gc,marking     ] GC(1013) Concurrent Rebuild Remembered Sets and Scrub Regions
[3962.217s][info][gc,marking     ] GC(1013) Concurrent Rebuild Remembered Sets and Scrub Regions 341.433ms
[3962.219s][info][gc,start       ] GC(1013) Pause Cleanup
[3962.220s][info][gc             ] GC(1013) Pause Cleanup 2347M->2347M(4096M) 0.132ms
[3962.220s][info][gc,cpu         ] GC(1013) User=0.00s Sys=0.00s Real=0.00s
[3962.220s][info][gc,marking     ] GC(1013) Concurrent Clear Claimed Marks
[3962.220s][info][gc,marking     ] GC(1013) Concurrent Clear Claimed Marks 0.034ms
[3962.220s][info][gc,marking     ] GC(1013) Concurrent Cleanup for Next Mark
[3962.225s][info][gc,marking     ] GC(1013) Concurrent Cleanup for Next Mark 4.627ms
[3962.225s][info][gc             ] GC(1013) Concurrent Mark Cycle 1188.241ms
..[3963.589s][info][gc,start       ] GC(1014) Pause Young (Prepare Mixed) (G1 Evacuation Pause)
[3963.589s][info][gc,task        ] GC(1014) Using 6 workers of 6 for evacuation
[3963.708s][info][gc,phases      ] GC(1014)   Pre Evacuate Collection Set: 0.32ms
[3963.709s][info][gc,phases      ] GC(1014)   Merge Heap Roots: 0.51ms
[3963.709s][info][gc,phases      ] GC(1014)   Evacuate Collection Set: 117.42ms
[3963.709s][info][gc,phases      ] GC(1014)   Post Evacuate Collection Set: 0.94ms
[3963.709s][info][gc,phases      ] GC(1014)   Other: 0.08ms
[3963.709s][info][gc,heap        ] GC(1014) Eden regions: 1118->0(1108)
[3963.709s][info][gc,heap        ] GC(1014) Survivor regions: 110->110(154)
[3963.709s][info][gc,heap        ] GC(1014) Old regions: 506->537
[3963.709s][info][gc,heap        ] GC(1014) Humongous regions: 80->80
[3963.709s][info][gc,metaspace   ] GC(1014) Metaspace: 28865K(29312K)->28865K(29312K) NonClass: 23996K(24192K)->23996K(24192K) Class: 4869K(5120K)->4869K(5120K)
[3963.709s][info][gc             ] GC(1014) Pause Young (Prepare Mixed) (G1 Evacuation Pause) 3627M->1453M(4096M) 119.416ms
[3963.709s][info][gc,cpu         ] GC(1014) User=0.70s Sys=0.00s Real=0.12s
..[3966.216s][info][gc,start       ] GC(1015) Pause Young (Mixed) (G1 Evacuation Pause)
[3966.216s][info][gc,task        ] GC(1015) Using 6 workers of 6 for evacuation
[3966.352s][info][gc,phases      ] GC(1015)   Pre Evacuate Collection Set: 0.38ms
[3966.352s][info][gc,phases      ] GC(1015)   Merge Heap Roots: 0.72ms
[3966.352s][info][gc,phases      ] GC(1015)   Evacuate Collection Set: 134.64ms
[3966.352s][info][gc,phases      ] GC(1015)   Post Evacuate Collection Set: 0.94ms
[3966.352s][info][gc,phases      ] GC(1015)   Other: 0.09ms
[3966.352s][info][gc,heap        ] GC(1015) Eden regions: 1108->0(1118)
[3966.352s][info][gc,heap        ] GC(1015) Survivor regions: 110->110(153)
[3966.353s][info][gc,heap        ] GC(1015) Old regions: 537->474
[3966.353s][info][gc,heap        ] GC(1015) Humongous regions: 80->80
[3966.353s][info][gc,metaspace   ] GC(1015) Metaspace: 28865K(29312K)->28865K(29312K) NonClass: 23996K(24192K)->23996K(24192K) Class: 4869K(5120K)->4869K(5120K)
[3966.353s][info][gc             ] GC(1015) Pause Young (Mixed) (G1 Evacuation Pause) 3669M->1326M(4096M) 136.890ms
[3966.353s][info][gc,cpu         ] GC(1015) User=0.81s Sys=0.00s Real=0.14s
...[3968.897s][info][gc,start       ] GC(1016) Pause Young (Concurrent Start) (G1 Evacuation Pause)
[3968.897s][info][gc,task        ] GC(1016) Using 6 workers of 6 for evacuation
[3969.020s][info][gc,phases      ] GC(1016)   Pre Evacuate Collection Set: 0.35ms
[3969.020s][info][gc,phases      ] GC(1016)   Merge Heap Roots: 0.46ms
[3969.020s][info][gc,phases      ] GC(1016)   Evacuate Collection Set: 121.83ms
[3969.020s][info][gc,phases      ] GC(1016)   Post Evacuate Collection Set: 0.87ms
[3969.020s][info][gc,phases      ] GC(1016)   Other: 0.10ms
[3969.020s][info][gc,heap        ] GC(1016) Eden regions: 1118->0(1112)
[3969.020s][info][gc,heap        ] GC(1016) Survivor regions: 110->116(154)
[3969.020s][info][gc,heap        ] GC(1016) Old regions: 474->506
[3969.020s][info][gc,heap        ] GC(1016) Humongous regions: 80->80
[3969.020s][info][gc,metaspace   ] GC(1016) Metaspace: 28865K(29312K)->28865K(29312K) NonClass: 23996K(24192K)->23996K(24192K) Class: 4869K(5120K)->4869K(5120K)
[3969.020s][info][gc             ] GC(1016) Pause Young (Concurrent Start) (G1 Evacuation Pause) 3562M->1402M(4096M) 123.765ms
[3969.020s][info][gc             ] GC(1017) Concurrent Mark Cycle
[3969.020s][info][gc,marking     ] GC(1017) Concurrent Scan Root Regions
[3969.020s][info][gc,cpu         ] GC(1016) User=0.73s Sys=0.00s Real=0.12s
[3969.209s][info][gc,marking     ] GC(1017) Concurrent Scan Root Regions 188.949ms
[3969.209s][info][gc,marking     ] GC(1017) Concurrent Mark
[3969.209s][info][gc,marking     ] GC(1017) Concurrent Mark From Roots
[3969.209s][info][gc,task        ] GC(1017) Using 2 workers of 2 for marking
.[3970.193s][info][gc,marking     ] GC(1017) Concurrent Mark From Roots 983.674ms
[3970.193s][info][gc,marking     ] GC(1017) Concurrent Preclean
[3970.193s][info][gc,marking     ] GC(1017) Concurrent Preclean 0.083ms
[3970.193s][info][gc,start       ] GC(1017) Pause Remark
[3970.200s][info][gc             ] GC(1017) Pause Remark 2454M->2454M(4096M) 6.825ms
[3970.200s][info][gc,cpu         ] GC(1017) User=0.04s Sys=0.00s Real=0.00s
[3970.200s][info][gc,marking     ] GC(1017) Concurrent Mark 990.869ms
[3970.200s][info][gc,marking     ] GC(1017) Concurrent Rebuild Remembered Sets and Scrub Regions
[3970.460s][info][gc,marking     ] GC(1017) Concurrent Rebuild Remembered Sets and Scrub Regions 259.570ms
[3970.460s][info][gc,start       ] GC(1017) Pause Cleanup
[3970.460s][info][gc             ] GC(1017) Pause Cleanup 2660M->2660M(4096M) 0.117ms
[3970.460s][info][gc,cpu         ] GC(1017) User=0.00s Sys=0.00s Real=0.00s
[3970.461s][info][gc,marking     ] GC(1017) Concurrent Clear Claimed Marks
[3970.461s][info][gc,marking     ] GC(1017) Concurrent Clear Claimed Marks 0.030ms
[3970.461s][info][gc,marking     ] GC(1017) Concurrent Cleanup for Next Mark
[3970.466s][info][gc,marking     ] GC(1017) Concurrent Cleanup for Next Mark 5.168ms
[3970.466s][info][gc             ] GC(1017) Concurrent Mark Cycle 1445.442ms
..[3971.579s][info][gc,start       ] GC(1018) Pause Young (Prepare Mixed) (G1 Evacuation Pause)
[3971.579s][info][gc,task        ] GC(1018) Using 6 workers of 6 for evacuation
[3971.703s][info][gc,phases      ] GC(1018)   Pre Evacuate Collection Set: 0.33ms
[3971.703s][info][gc,phases      ] GC(1018)   Merge Heap Roots: 0.51ms
[3971.703s][info][gc,phases      ] GC(1018)   Evacuate Collection Set: 122.01ms
[3971.703s][info][gc,phases      ] GC(1018)   Post Evacuate Collection Set: 0.95ms
[3971.703s][info][gc,phases      ] GC(1018)   Other: 0.09ms
[3971.703s][info][gc,heap        ] GC(1018) Eden regions: 1112->0(1099)
[3971.703s][info][gc,heap        ] GC(1018) Survivor regions: 116->114(154)
[3971.703s][info][gc,heap        ] GC(1018) Old regions: 506->538
[3971.703s][info][gc,heap        ] GC(1018) Humongous regions: 80->80
[3971.703s][info][gc,metaspace   ] GC(1018) Metaspace: 28865K(29312K)->28865K(29312K) NonClass: 23996K(24192K)->23996K(24192K) Class: 4869K(5120K)->4869K(5120K)
[3971.703s][info][gc             ] GC(1018) Pause Young (Prepare Mixed) (G1 Evacuation Pause) 3626M->1462M(4096M) 124.017ms
[3971.703s][info][gc,cpu         ] GC(1018) User=0.73s Sys=0.00s Real=0.13s
..[3974.173s][info][gc,start       ] GC(1019) Pause Young (Mixed) (G1 Evacuation Pause)
[3974.173s][info][gc,task        ] GC(1019) Using 6 workers of 6 for evacuation
[3974.309s][info][gc,phases      ] GC(1019)   Pre Evacuate Collection Set: 0.37ms
[3974.309s][info][gc,phases      ] GC(1019)   Merge Heap Roots: 0.68ms
[3974.309s][info][gc,phases      ] GC(1019)   Evacuate Collection Set: 133.33ms
[3974.309s][info][gc,phases      ] GC(1019)   Post Evacuate Collection Set: 0.96ms
[3974.309s][info][gc,phases      ] GC(1019)   Other: 0.08ms
[3974.309s][info][gc,heap        ] GC(1019) Eden regions: 1099->0(1119)
[3974.309s][info][gc,heap        ] GC(1019) Survivor regions: 114->109(152)
[3974.309s][info][gc,heap        ] GC(1019) Old regions: 538->474
[3974.309s][info][gc,heap        ] GC(1019) Humongous regions: 80->80
[3974.309s][info][gc,metaspace   ] GC(1019) Metaspace: 28865K(29312K)->28865K(29312K) NonClass: 23996K(24192K)->23996K(24192K) Class: 4869K(5120K)->4869K(5120K)
[3974.309s][info][gc             ] GC(1019) Pause Young (Mixed) (G1 Evacuation Pause) 3660M->1325M(4096M) 135.592ms
[3974.309s][info][gc,cpu         ] GC(1019) User=0.80s Sys=0.00s Real=0.13s
...[3976.829s][info][gc,start       ] GC(1020) Pause Young (Concurrent Start) (G1 Evacuation Pause)
[3976.829s][info][gc,task        ] GC(1020) Using 6 workers of 6 for evacuation
[3976.948s][info][gc,phases      ] GC(1020)   Pre Evacuate Collection Set: 0.38ms
[3976.948s][info][gc,phases      ] GC(1020)   Merge Heap Roots: 0.46ms
[3976.948s][info][gc,phases      ] GC(1020)   Evacuate Collection Set: 117.53ms
[3976.948s][info][gc,phases      ] GC(1020)   Post Evacuate Collection Set: 0.92ms
[3976.948s][info][gc,phases      ] GC(1020)   Other: 0.11ms
[3976.948s][info][gc,heap        ] GC(1020) Eden regions: 1119->0(1116)
[3976.948s][info][gc,heap        ] GC(1020) Survivor regions: 109->112(154)
[3976.948s][info][gc,heap        ] GC(1020) Old regions: 474->506
[3976.948s][info][gc,heap        ] GC(1020) Humongous regions: 80->80
[3976.948s][info][gc,metaspace   ] GC(1020) Metaspace: 28865K(29312K)->28865K(29312K) NonClass: 23996K(24192K)->23996K(24192K) Class: 4869K(5120K)->4869K(5120K)
[3976.948s][info][gc             ] GC(1020) Pause Young (Concurrent Start) (G1 Evacuation Pause) 3563M->1395M(4096M) 119.525ms
[3976.948s][info][gc             ] GC(1021) Concurrent Mark Cycle
[3976.948s][info][gc,marking     ] GC(1021) Concurrent Scan Root Regions
[3976.948s][info][gc,cpu         ] GC(1020) User=0.71s Sys=0.01s Real=0.12s
[3977.128s][info][gc,marking     ] GC(1021) Concurrent Scan Root Regions 179.566ms
[3977.128s][info][gc,marking     ] GC(1021) Concurrent Mark
[3977.128s][info][gc,marking     ] GC(1021) Concurrent Mark From Roots
[3977.128s][info][gc,task        ] GC(1021) Using 2 workers of 2 for marking
.[3978.135s][info][gc,marking     ] GC(1021) Concurrent Mark From Roots 1006.583ms
[3978.135s][info][gc,marking     ] GC(1021) Concurrent Preclean
[3978.135s][info][gc,marking     ] GC(1021) Concurrent Preclean 0.120ms
[3978.135s][info][gc,start       ] GC(1021) Pause Remark
[3978.142s][info][gc             ] GC(1021) Pause Remark 2455M->2455M(4096M) 7.152ms
[3978.142s][info][gc,cpu         ] GC(1021) User=0.04s Sys=0.00s Real=0.01s
[3978.142s][info][gc,marking     ] GC(1021) Concurrent Mark 1014.220ms
[3978.142s][info][gc,marking     ] GC(1021) Concurrent Rebuild Remembered Sets and Scrub Regions
[3978.505s][info][gc,marking     ] GC(1021) Concurrent Rebuild Remembered Sets and Scrub Regions 362.798ms
[3978.505s][info][gc,start       ] GC(1021) Pause Cleanup
[3978.505s][info][gc             ] GC(1021) Pause Cleanup 2765M->2765M(4096M) 0.100ms
[3978.505s][info][gc,cpu         ] GC(1021) User=0.00s Sys=0.00s Real=0.00s
[3978.505s][info][gc,marking     ] GC(1021) Concurrent Clear Claimed Marks
[3978.505s][info][gc,marking     ] GC(1021) Concurrent Clear Claimed Marks 0.021ms
[3978.505s][info][gc,marking     ] GC(1021) Concurrent Cleanup for Next Mark
[3978.509s][info][gc,marking     ] GC(1021) Concurrent Cleanup for Next Mark 3.704ms
[3978.509s][info][gc             ] GC(1021) Concurrent Mark Cycle 1560.757ms
.[3979.460s][info][gc,start       ] GC(1022) Pause Young (Prepare Mixed) (G1 Evacuation Pause)
[3979.460s][info][gc,task        ] GC(1022) Using 6 workers of 6 for evacuation
[3979.579s][info][gc,phases      ] GC(1022)   Pre Evacuate Collection Set: 0.33ms
[3979.579s][info][gc,phases      ] GC(1022)   Merge Heap Roots: 0.50ms
[3979.579s][info][gc,phases      ] GC(1022)   Evacuate Collection Set: 116.71ms
[3979.579s][info][gc,phases      ] GC(1022)   Post Evacuate Collection Set: 0.91ms
[3979.579s][info][gc,phases      ] GC(1022)   Other: 0.09ms
[3979.579s][info][gc,heap        ] GC(1022) Eden regions: 1116->0(1106)
[3979.579s][info][gc,heap        ] GC(1022) Survivor regions: 112->111(154)
[3979.579s][info][gc,heap        ] GC(1022) Old regions: 506->537
[3979.579s][info][gc,heap        ] GC(1022) Humongous regions: 80->80
[3979.579s][info][gc,metaspace   ] GC(1022) Metaspace: 28865K(29312K)->28865K(29312K) NonClass: 23996K(24192K)->23996K(24192K) Class: 4869K(5120K)->4869K(5120K)
[3979.579s][info][gc             ] GC(1022) Pause Young (Prepare Mixed) (G1 Evacuation Pause) 3627M->1455M(4096M) 118.697ms
[3979.579s][info][gc,cpu         ] GC(1022) User=0.70s Sys=0.00s Real=0.12s
...[3982.098s][info][gc,start       ] GC(1023) Pause Young (Mixed) (G1 Evacuation Pause)
[3982.098s][info][gc,task        ] GC(1023) Using 6 workers of 6 for evacuation
[3982.230s][info][gc,phases      ] GC(1023)   Pre Evacuate Collection Set: 0.39ms
[3982.230s][info][gc,phases      ] GC(1023)   Merge Heap Roots: 0.64ms
[3982.230s][info][gc,phases      ] GC(1023)   Evacuate Collection Set: 130.28ms
[3982.230s][info][gc,phases      ] GC(1023)   Post Evacuate Collection Set: 0.96ms
[3982.230s][info][gc,phases      ] GC(1023)   Other: 0.09ms
[3982.230s][info][gc,heap        ] GC(1023) Eden regions: 1106->0(1121)
[3982.230s][info][gc,heap        ] GC(1023) Survivor regions: 111->107(153)
[3982.230s][info][gc,heap        ] GC(1023) Old regions: 537->474
[3982.230s][info][gc,heap        ] GC(1023) Humongous regions: 80->80
[3982.230s][info][gc,metaspace   ] GC(1023) Metaspace: 28865K(29312K)->28865K(29312K) NonClass: 23996K(24192K)->23996K(24192K) Class: 4869K(5120K)->4869K(5120K)
[3982.230s][info][gc             ] GC(1023) Pause Young (Mixed) (G1 Evacuation Pause) 3667M->1321M(4096M) 132.498ms
[3982.230s][info][gc,cpu         ] GC(1023) User=0.79s Sys=0.00s Real=0.13s
.. (rIR:aIR:PR = 7057:7069:7069) (tPR = 105355) [OK] 
  3983s: Performance info:
         Transaction,    Success,    Partial,     Failed,   Receipts, AvgBarcode, 
             Overall,     428780,          0,          0,     407396,      59.47, 
         Response times:
             Request,    Success,    Partial,     Failed,   SkipFail,     Probes,    Samples,      min,      p50,      p90,      p95,      p99,      max, 
       TotalPurchase,     407396,          0,          0,          0,     360953,     462779,      300,     6000,    55000,    89000,   170000,   529000,
     InStorePurchase,     214009,          0,          0,          0,     189965,     242935,      300,     6000,    54000,    89000,   172000,   509000,
      OnlinePurchase,     150771,          0,          0,          0,     133058,     170891,      300,     6000,    55000,    89000,   165000,   331000,
        InstPurchase,      42616,          0,          0,          0,      37930,      48953,      300,     6200,    56000,    89000,   170000,   529000,
          AssocOfCat,        432,          0,          0,          0,        351,        572,    20000,    41000,   105400,   140450,   288590,   332000,
      AssocOfProduct,       4279,          0,          0,          0,       3966,       5370,      400,     7200,    61000,    97000,   175580,   256000,
      BusinessReport,       1076,          0,          0,          0,        927,       1344,    28000,    49000,   121500,   166000,   235000,   309000,
          CustBuyBeh,       4287,          0,          0,          0,       3959,       5345,      500,     6000,    54000,    83000,   176540,   290000,
       ProductReturn,      11310,          0,          0,          0,       9604,      12672,      200,     6400,    56000,    86000,   175000,   345000,

  3983s: (52%)   IR =   7195 .[3984.762s][info][gc,start       ] GC(1024) Pause Young (Concurrent Start) (G1 Evacuation Pause)
[3984.762s][info][gc,task        ] GC(1024) Using 6 workers of 6 for evacuation
[3984.884s][info][gc,phases      ] GC(1024)   Pre Evacuate Collection Set: 0.35ms
[3984.884s][info][gc,phases      ] GC(1024)   Merge Heap Roots: 0.48ms
[3984.884s][info][gc,phases      ] GC(1024)   Evacuate Collection Set: 119.49ms
[3984.884s][info][gc,phases      ] GC(1024)   Post Evacuate Collection Set: 0.95ms
[3984.884s][info][gc,phases      ] GC(1024)   Other: 0.11ms
[3984.884s][info][gc,heap        ] GC(1024) Eden regions: 1121->0(1116)
[3984.884s][info][gc,heap        ] GC(1024) Survivor regions: 107->112(154)
[3984.884s][info][gc,heap        ] GC(1024) Old regions: 474->506
[3984.884s][info][gc,heap        ] GC(1024) Humongous regions: 80->80
[3984.884s][info][gc,metaspace   ] GC(1024) Metaspace: 28865K(29312K)->28865K(29312K) NonClass: 23996K(24192K)->23996K(24192K) Class: 4869K(5120K)->4869K(5120K)
[3984.884s][info][gc             ] GC(1024) Pause Young (Concurrent Start) (G1 Evacuation Pause) 3563M->1394M(4096M) 121.530ms
[3984.884s][info][gc             ] GC(1025) Concurrent Mark Cycle
[3984.884s][info][gc,marking     ] GC(1025) Concurrent Scan Root Regions
[3984.884s][info][gc,cpu         ] GC(1024) User=0.72s Sys=0.00s Real=0.12s
[3985.022s][info][gc,marking     ] GC(1025) Concurrent Scan Root Regions 137.810ms
[3985.022s][info][gc,marking     ] GC(1025) Concurrent Mark
[3985.022s][info][gc,marking     ] GC(1025) Concurrent Mark From Roots
[3985.022s][info][gc,task        ] GC(1025) Using 2 workers of 2 for marking
.[3985.777s][info][gc,marking     ] GC(1025) Concurrent Mark From Roots 755.437ms
[3985.777s][info][gc,marking     ] GC(1025) Concurrent Preclean
[3985.778s][info][gc,marking     ] GC(1025) Concurrent Preclean 0.161ms
[3985.780s][info][gc,start       ] GC(1025) Pause Remark
[3985.786s][info][gc             ] GC(1025) Pause Remark 2192M->2192M(4096M) 6.070ms
[3985.786s][info][gc,cpu         ] GC(1025) User=0.03s Sys=0.00s Real=0.01s
[3985.787s][info][gc,marking     ] GC(1025) Concurrent Mark 764.675ms
[3985.787s][info][gc,marking     ] GC(1025) Concurrent Rebuild Remembered Sets and Scrub Regions
[3986.101s][info][gc,marking     ] GC(1025) Concurrent Rebuild Remembered Sets and Scrub Regions 314.210ms
[3986.101s][info][gc,start       ] GC(1025) Pause Cleanup
[3986.101s][info][gc             ] GC(1025) Pause Cleanup 2475M->2475M(4096M) 0.138ms
[3986.101s][info][gc,cpu         ] GC(1025) User=0.00s Sys=0.00s Real=0.00s
[3986.103s][info][gc,marking     ] GC(1025) Concurrent Clear Claimed Marks
[3986.103s][info][gc,marking     ] GC(1025) Concurrent Clear Claimed Marks 0.051ms
[3986.103s][info][gc,marking     ] GC(1025) Concurrent Cleanup for Next Mark
[3986.108s][info][gc,marking     ] GC(1025) Concurrent Cleanup for Next Mark 5.373ms
[3986.108s][info][gc             ] GC(1025) Concurrent Mark Cycle 1224.152ms
.[3987.342s][info][gc,start       ] GC(1026) Pause Young (Prepare Mixed) (G1 Evacuation Pause)
[3987.342s][info][gc,task        ] GC(1026) Using 6 workers of 6 for evacuation
[3987.460s][info][gc,phases      ] GC(1026)   Pre Evacuate Collection Set: 0.34ms
[3987.460s][info][gc,phases      ] GC(1026)   Merge Heap Roots: 0.54ms
[3987.460s][info][gc,phases      ] GC(1026)   Evacuate Collection Set: 116.19ms
[3987.460s][info][gc,phases      ] GC(1026)   Post Evacuate Collection Set: 0.93ms
[3987.460s][info][gc,phases      ] GC(1026)   Other: 0.09ms
[3987.460s][info][gc,heap        ] GC(1026) Eden regions: 1116->0(1107)
[3987.460s][info][gc,heap        ] GC(1026) Survivor regions: 112->110(154)
[3987.460s][info][gc,heap        ] GC(1026) Old regions: 506->538
[3987.460s][info][gc,heap        ] GC(1026) Humongous regions: 80->80
[3987.460s][info][gc,metaspace   ] GC(1026) Metaspace: 28865K(29312K)->28865K(29312K) NonClass: 23996K(24192K)->23996K(24192K) Class: 4869K(5120K)->4869K(5120K)
[3987.460s][info][gc             ] GC(1026) Pause Young (Prepare Mixed) (G1 Evacuation Pause) 3626M->1454M(4096M) 118.222ms
[3987.460s][info][gc,cpu         ] GC(1026) User=0.69s Sys=0.00s Real=0.12s
...|[3989.953s][info][gc,start       ] GC(1027) Pause Young (Mixed) (G1 Evacuation Pause)
[3989.953s][info][gc,task        ] GC(1027) Using 6 workers of 6 for evacuation
[3990.091s][info][gc,phases      ] GC(1027)   Pre Evacuate Collection Set: 0.38ms
[3990.091s][info][gc,phases      ] GC(1027)   Merge Heap Roots: 0.69ms
[3990.091s][info][gc,phases      ] GC(1027)   Evacuate Collection Set: 135.29ms
[3990.091s][info][gc,phases      ] GC(1027)   Post Evacuate Collection Set: 0.96ms
[3990.091s][info][gc,phases      ] GC(1027)   Other: 0.10ms
[3990.091s][info][gc,heap        ] GC(1027) Eden regions: 1107->0(1113)
[3990.091s][info][gc,heap        ] GC(1027) Survivor regions: 110->115(153)
[3990.091s][info][gc,heap        ] GC(1027) Old regions: 538->474
[3990.091s][info][gc,heap        ] GC(1027) Humongous regions: 80->80
[3990.091s][info][gc,metaspace   ] GC(1027) Metaspace: 28865K(29312K)->28865K(29312K) NonClass: 23996K(24192K)->23996K(24192K) Class: 4869K(5120K)->4869K(5120K)
[3990.091s][info][gc             ] GC(1027) Pause Young (Mixed) (G1 Evacuation Pause) 3668M->1337M(4096M) 137.578ms
[3990.091s][info][gc,cpu         ] GC(1027) User=0.82s Sys=0.00s Real=0.13s
..[3992.587s][info][gc,start       ] GC(1028) Pause Young (Concurrent Start) (G1 Evacuation Pause)
[3992.587s][info][gc,task        ] GC(1028) Using 6 workers of 6 for evacuation
[3992.704s][info][gc,phases      ] GC(1028)   Pre Evacuate Collection Set: 0.37ms
[3992.704s][info][gc,phases      ] GC(1028)   Merge Heap Roots: 0.47ms
[3992.704s][info][gc,phases      ] GC(1028)   Evacuate Collection Set: 114.37ms
[3992.704s][info][gc,phases      ] GC(1028)   Post Evacuate Collection Set: 0.88ms
[3992.704s][info][gc,phases      ] GC(1028)   Other: 0.11ms
[3992.704s][info][gc,heap        ] GC(1028) Eden regions: 1113->0(1120)
[3992.704s][info][gc,heap        ] GC(1028) Survivor regions: 115->108(154)
[3992.704s][info][gc,heap        ] GC(1028) Old regions: 474->507
[3992.704s][info][gc,heap        ] GC(1028) Humongous regions: 80->80
[3992.704s][info][gc,metaspace   ] GC(1028) Metaspace: 28865K(29312K)->28865K(29312K) NonClass: 23996K(24192K)->23996K(24192K) Class: 4869K(5120K)->4869K(5120K)
[3992.704s][info][gc             ] GC(1028) Pause Young (Concurrent Start) (G1 Evacuation Pause) 3563M->1388M(4096M) 116.342ms
[3992.704s][info][gc             ] GC(1029) Concurrent Mark Cycle
[3992.704s][info][gc,marking     ] GC(1029) Concurrent Scan Root Regions
[3992.704s][info][gc,cpu         ] GC(1028) User=0.68s Sys=0.00s Real=0.12s
.[3992.896s][info][gc,marking     ] GC(1029) Concurrent Scan Root Regions 192.242ms
[3992.896s][info][gc,marking     ] GC(1029) Concurrent Mark
[3992.896s][info][gc,marking     ] GC(1029) Concurrent Mark From Roots
[3992.896s][info][gc,task        ] GC(1029) Using 2 workers of 2 for marking
[3993.709s][info][gc,marking     ] GC(1029) Concurrent Mark From Roots 813.068ms
[3993.709s][info][gc,marking     ] GC(1029) Concurrent Preclean
[3993.709s][info][gc,marking     ] GC(1029) Concurrent Preclean 0.114ms
[3993.711s][info][gc,start       ] GC(1029) Pause Remark
[3993.715s][info][gc             ] GC(1029) Pause Remark 2314M->2314M(4096M) 3.638ms
[3993.715s][info][gc,cpu         ] GC(1029) User=0.02s Sys=0.00s Real=0.01s
[3993.715s][info][gc,marking     ] GC(1029) Concurrent Mark 818.614ms
[3993.715s][info][gc,marking     ] GC(1029) Concurrent Rebuild Remembered Sets and Scrub Regions
.[3993.982s][info][gc,marking     ] GC(1029) Concurrent Rebuild Remembered Sets and Scrub Regions 266.894ms
[3993.983s][info][gc,start       ] GC(1029) Pause Cleanup
[3993.983s][info][gc             ] GC(1029) Pause Cleanup 2536M->2536M(4096M) 0.129ms
[3993.983s][info][gc,cpu         ] GC(1029) User=0.00s Sys=0.00s Real=0.00s
[3993.983s][info][gc,marking     ] GC(1029) Concurrent Clear Claimed Marks
[3993.983s][info][gc,marking     ] GC(1029) Concurrent Clear Claimed Marks 0.037ms
[3993.983s][info][gc,marking     ] GC(1029) Concurrent Cleanup for Next Mark
[3993.988s][info][gc,marking     ] GC(1029) Concurrent Cleanup for Next Mark 4.482ms
[3993.988s][info][gc             ] GC(1029) Concurrent Mark Cycle 1283.887ms
.[3995.227s][info][gc,start       ] GC(1030) Pause Young (Prepare Mixed) (G1 Evacuation Pause)
[3995.227s][info][gc,task        ] GC(1030) Using 6 workers of 6 for evacuation
[3995.343s][info][gc,phases      ] GC(1030)   Pre Evacuate Collection Set: 0.34ms
[3995.343s][info][gc,phases      ] GC(1030)   Merge Heap Roots: 0.50ms
[3995.343s][info][gc,phases      ] GC(1030)   Evacuate Collection Set: 113.77ms
[3995.343s][info][gc,phases      ] GC(1030)   Post Evacuate Collection Set: 0.91ms
[3995.343s][info][gc,phases      ] GC(1030)   Other: 0.09ms
[3995.343s][info][gc,heap        ] GC(1030) Eden regions: 1120->0(1110)
[3995.343s][info][gc,heap        ] GC(1030) Survivor regions: 108->108(154)
[3995.343s][info][gc,heap        ] GC(1030) Old regions: 507->539
[3995.343s][info][gc,heap        ] GC(1030) Humongous regions: 80->80
[3995.343s][info][gc,metaspace   ] GC(1030) Metaspace: 28865K(29312K)->28865K(29312K) NonClass: 23996K(24192K)->23996K(24192K) Class: 4869K(5120K)->4869K(5120K)
[3995.343s][info][gc             ] GC(1030) Pause Young (Prepare Mixed) (G1 Evacuation Pause) 3628M->1452M(4096M) 115.752ms
[3995.343s][info][gc,cpu         ] GC(1030) User=0.68s Sys=0.00s Real=0.12s
...[3997.874s][info][gc,start       ] GC(1031) Pause Young (Mixed) (G1 Evacuation Pause)
[3997.874s][info][gc,task        ] GC(1031) Using 6 workers of 6 for evacuation
[3998.013s][info][gc,phases      ] GC(1031)   Pre Evacuate Collection Set: 0.34ms
[3998.013s][info][gc,phases      ] GC(1031)   Merge Heap Roots: 0.66ms
[3998.013s][info][gc,phases      ] GC(1031)   Evacuate Collection Set: 137.32ms
[3998.013s][info][gc,phases      ] GC(1031)   Post Evacuate Collection Set: 0.96ms
[3998.013s][info][gc,phases      ] GC(1031)   Other: 0.09ms
[3998.013s][info][gc,heap        ] GC(1031) Eden regions: 1110->0(1113)
[3998.013s][info][gc,heap        ] GC(1031) Survivor regions: 108->115(153)
[3998.013s][info][gc,heap        ] GC(1031) Old regions: 539->475
[3998.013s][info][gc,heap        ] GC(1031) Humongous regions: 80->80
[3998.013s][info][gc,metaspace   ] GC(1031) Metaspace: 28865K(29312K)->28865K(29312K) NonClass: 23996K(24192K)->23996K(24192K) Class: 4869K(5120K)->4869K(5120K)
[3998.013s][info][gc             ] GC(1031) Pause Young (Mixed) (G1 Evacuation Pause) 3672M->1337M(4096M) 139.493ms
[3998.013s][info][gc,cpu         ] GC(1031) User=0.83s Sys=0.00s Real=0.14s
..[4000.471s][info][gc,start       ] GC(1032) Pause Young (Concurrent Start) (G1 Evacuation Pause)
[4000.471s][info][gc,task        ] GC(1032) Using 6 workers of 6 for evacuation
[4000.593s][info][gc,phases      ] GC(1032)   Pre Evacuate Collection Set: 0.37ms
[4000.593s][info][gc,phases      ] GC(1032)   Merge Heap Roots: 0.48ms
[4000.593s][info][gc,phases      ] GC(1032)   Evacuate Collection Set: 119.97ms
[4000.593s][info][gc,phases      ] GC(1032)   Post Evacuate Collection Set: 0.90ms
[4000.593s][info][gc,phases      ] GC(1032)   Other: 0.10ms
[4000.593s][info][gc,heap        ] GC(1032) Eden regions: 1113->0(1114)
[4000.593s][info][gc,heap        ] GC(1032) Survivor regions: 115->114(154)
[4000.593s][info][gc,heap        ] GC(1032) Old regions: 475->507
[4000.593s][info][gc,heap        ] GC(1032) Humongous regions: 80->80
[4000.593s][info][gc,metaspace   ] GC(1032) Metaspace: 28865K(29312K)->28865K(29312K) NonClass: 23996K(24192K)->23996K(24192K) Class: 4869K(5120K)->4869K(5120K)
[4000.593s][info][gc             ] GC(1032) Pause Young (Concurrent Start) (G1 Evacuation Pause) 3563M->1400M(4096M) 121.945ms
[4000.593s][info][gc             ] GC(1033) Concurrent Mark Cycle
[4000.593s][info][gc,marking     ] GC(1033) Concurrent Scan Root Regions
[4000.593s][info][gc,cpu         ] GC(1032) User=0.72s Sys=0.00s Real=0.13s
[4000.774s][info][gc,marking     ] GC(1033) Concurrent Scan Root Regions 181.401ms
[4000.774s][info][gc,marking     ] GC(1033) Concurrent Mark
[4000.774s][info][gc,marking     ] GC(1033) Concurrent Mark From Roots
[4000.774s][info][gc,task        ] GC(1033) Using 2 workers of 2 for marking
.[4001.782s][info][gc,marking     ] GC(1033) Concurrent Mark From Roots 1007.963ms
[4001.782s][info][gc,marking     ] GC(1033) Concurrent Preclean
[4001.782s][info][gc,marking     ] GC(1033) Concurrent Preclean 0.115ms
[4001.782s][info][gc,start       ] GC(1033) Pause Remark
[4001.787s][info][gc             ] GC(1033) Pause Remark 2515M->2515M(4096M) 4.984ms
[4001.787s][info][gc,cpu         ] GC(1033) User=0.02s Sys=0.00s Real=0.00s
[4001.787s][info][gc,marking     ] GC(1033) Concurrent Mark 1013.343ms
[4001.788s][info][gc,marking     ] GC(1033) Concurrent Rebuild Remembered Sets and Scrub Regions
.[4002.144s][info][gc,marking     ] GC(1033) Concurrent Rebuild Remembered Sets and Scrub Regions 356.935ms
[4002.145s][info][gc,start       ] GC(1033) Pause Cleanup
[4002.145s][info][gc             ] GC(1033) Pause Cleanup 2818M->2818M(4096M) 0.121ms
[4002.145s][info][gc,cpu         ] GC(1033) User=0.00s Sys=0.00s Real=0.00s
[4002.145s][info][gc,marking     ] GC(1033) Concurrent Clear Claimed Marks
[4002.145s][info][gc,marking     ] GC(1033) Concurrent Clear Claimed Marks 0.025ms
[4002.145s][info][gc,marking     ] GC(1033) Concurrent Cleanup for Next Mark
[4002.148s][info][gc,marking     ] GC(1033) Concurrent Cleanup for Next Mark 3.404ms
[4002.148s][info][gc             ] GC(1033) Concurrent Mark Cycle 1555.601ms
.[4003.071s][info][gc,start       ] GC(1034) Pause Young (Prepare Mixed) (G1 Evacuation Pause)
[4003.071s][info][gc,task        ] GC(1034) Using 6 workers of 6 for evacuation
[4003.189s][info][gc,phases      ] GC(1034)   Pre Evacuate Collection Set: 0.34ms
[4003.189s][info][gc,phases      ] GC(1034)   Merge Heap Roots: 0.51ms
[4003.189s][info][gc,phases      ] GC(1034)   Evacuate Collection Set: 116.90ms
[4003.189s][info][gc,phases      ] GC(1034)   Post Evacuate Collection Set: 0.96ms
[4003.189s][info][gc,phases      ] GC(1034)   Other: 0.09ms
[4003.189s][info][gc,heap        ] GC(1034) Eden regions: 1114->0(1108)
[4003.189s][info][gc,heap        ] GC(1034) Survivor regions: 114->109(154)
[4003.189s][info][gc,heap        ] GC(1034) Old regions: 507->539
[4003.189s][info][gc,heap        ] GC(1034) Humongous regions: 80->80
[4003.189s][info][gc,metaspace   ] GC(1034) Metaspace: 28865K(29312K)->28865K(29312K) NonClass: 23996K(24192K)->23996K(24192K) Class: 4869K(5120K)->4869K(5120K)
[4003.189s][info][gc             ] GC(1034) Pause Young (Prepare Mixed) (G1 Evacuation Pause) 3628M->1454M(4096M) 118.929ms
[4003.190s][info][gc,cpu         ] GC(1034) User=0.70s Sys=0.00s Real=0.12s
..[4005.698s][info][gc,start       ] GC(1035) Pause Young (Mixed) (G1 Evacuation Pause)
[4005.698s][info][gc,task        ] GC(1035) Using 6 workers of 6 for evacuation
[4005.830s][info][gc,phases      ] GC(1035)   Pre Evacuate Collection Set: 0.38ms
[4005.830s][info][gc,phases      ] GC(1035)   Merge Heap Roots: 0.69ms
[4005.830s][info][gc,phases      ] GC(1035)   Evacuate Collection Set: 130.36ms
[4005.830s][info][gc,phases      ] GC(1035)   Post Evacuate Collection Set: 0.95ms
[4005.830s][info][gc,phases      ] GC(1035)   Other: 0.10ms
[4005.830s][info][gc,heap        ] GC(1035) Eden regions: 1108->0(1120)
[4005.830s][info][gc,heap        ] GC(1035) Survivor regions: 109->108(153)
[4005.830s][info][gc,heap        ] GC(1035) Old regions: 539->474
[4005.830s][info][gc,heap        ] GC(1035) Humongous regions: 80->80
[4005.830s][info][gc,metaspace   ] GC(1035) Metaspace: 28865K(29312K)->28865K(29312K) NonClass: 23996K(24192K)->23996K(24192K) Class: 4869K(5120K)->4869K(5120K)
[4005.830s][info][gc             ] GC(1035) Pause Young (Mixed) (G1 Evacuation Pause) 3670M->1322M(4096M) 132.609ms
[4005.830s][info][gc,cpu         ] GC(1035) User=0.79s Sys=0.00s Real=0.13s
...[4008.318s][info][gc,start       ] GC(1036) Pause Young (Concurrent Start) (G1 Evacuation Pause)
[4008.318s][info][gc,task        ] GC(1036) Using 6 workers of 6 for evacuation
[4008.438s][info][gc,phases      ] GC(1036)   Pre Evacuate Collection Set: 0.41ms
[4008.438s][info][gc,phases      ] GC(1036)   Merge Heap Roots: 0.48ms
[4008.438s][info][gc,phases      ] GC(1036)   Evacuate Collection Set: 117.88ms
[4008.438s][info][gc,phases      ] GC(1036)   Post Evacuate Collection Set: 0.90ms
[4008.438s][info][gc,phases      ] GC(1036)   Other: 0.09ms
[4008.438s][info][gc,heap        ] GC(1036) Eden regions: 1120->0(1117)
[4008.438s][info][gc,heap        ] GC(1036) Survivor regions: 108->111(154)
[4008.438s][info][gc,heap        ] GC(1036) Old regions: 474->506
[4008.438s][info][gc,heap        ] GC(1036) Humongous regions: 80->80
[4008.438s][info][gc,metaspace   ] GC(1036) Metaspace: 28865K(29312K)->28865K(29312K) NonClass: 23996K(24192K)->23996K(24192K) Class: 4869K(5120K)->4869K(5120K)
[4008.438s][info][gc             ] GC(1036) Pause Young (Concurrent Start) (G1 Evacuation Pause) 3562M->1391M(4096M) 119.890ms
[4008.438s][info][gc             ] GC(1037) Concurrent Mark Cycle
[4008.438s][info][gc,marking     ] GC(1037) Concurrent Scan Root Regions
[4008.438s][info][gc,cpu         ] GC(1036) User=0.71s Sys=0.00s Real=0.12s
[4008.638s][info][gc,marking     ] GC(1037) Concurrent Scan Root Regions 200.210ms
[4008.638s][info][gc,marking     ] GC(1037) Concurrent Mark
[4008.638s][info][gc,marking     ] GC(1037) Concurrent Mark From Roots
[4008.638s][info][gc,task        ] GC(1037) Using 2 workers of 2 for marking
.[4009.598s][info][gc,marking     ] GC(1037) Concurrent Mark From Roots 959.510ms
[4009.598s][info][gc,marking     ] GC(1037) Concurrent Preclean
[4009.598s][info][gc,marking     ] GC(1037) Concurrent Preclean 0.143ms
[4009.598s][info][gc,start       ] GC(1037) Pause Remark
[4009.604s][info][gc             ] GC(1037) Pause Remark 2475M->2475M(4096M) 5.983ms
[4009.604s][info][gc,cpu         ] GC(1037) User=0.03s Sys=0.00s Real=0.01s
[4009.605s][info][gc,marking     ] GC(1037) Concurrent Mark 966.485ms
[4009.605s][info][gc,marking     ] GC(1037) Concurrent Rebuild Remembered Sets and Scrub Regions
[4009.923s][info][gc,marking     ] GC(1037) Concurrent Rebuild Remembered Sets and Scrub Regions 318.234ms
[4009.923s][info][gc,start       ] GC(1037) Pause Cleanup
[4009.924s][info][gc             ] GC(1037) Pause Cleanup 2746M->2746M(4096M) 0.116ms
[4009.924s][info][gc,cpu         ] GC(1037) User=0.00s Sys=0.00s Real=0.00s
[4009.924s][info][gc,marking     ] GC(1037) Concurrent Clear Claimed Marks
[4009.924s][info][gc,marking     ] GC(1037) Concurrent Clear Claimed Marks 0.030ms
[4009.924s][info][gc,marking     ] GC(1037) Concurrent Cleanup for Next Mark
[4009.930s][info][gc,marking     ] GC(1037) Concurrent Cleanup for Next Mark 6.400ms
[4009.930s][info][gc             ] GC(1037) Concurrent Mark Cycle 1492.538ms
.[4010.932s][info][gc,start       ] GC(1038) Pause Young (Prepare Mixed) (G1 Evacuation Pause)
[4010.932s][info][gc,task        ] GC(1038) Using 6 workers of 6 for evacuation
[4011.053s][info][gc,phases      ] GC(1038)   Pre Evacuate Collection Set: 0.35ms
[4011.053s][info][gc,phases      ] GC(1038)   Merge Heap Roots: 0.48ms
[4011.053s][info][gc,phases      ] GC(1038)   Evacuate Collection Set: 119.36ms
[4011.053s][info][gc,phases      ] GC(1038)   Post Evacuate Collection Set: 0.92ms
[4011.053s][info][gc,phases      ] GC(1038)   Other: 0.08ms
[4011.053s][info][gc,heap        ] GC(1038) Eden regions: 1117->0(1100)
[4011.053s][info][gc,heap        ] GC(1038) Survivor regions: 111->114(154)
[4011.053s][info][gc,heap        ] GC(1038) Old regions: 506->537
[4011.053s][info][gc,heap        ] GC(1038) Humongous regions: 80->80
[4011.053s][info][gc,metaspace   ] GC(1038) Metaspace: 28865K(29312K)->28865K(29312K) NonClass: 23996K(24192K)->23996K(24192K) Class: 4869K(5120K)->4869K(5120K)
[4011.053s][info][gc             ] GC(1038) Pause Young (Prepare Mixed) (G1 Evacuation Pause) 3625M->1461M(4096M) 121.319ms
[4011.053s][info][gc,cpu         ] GC(1038) User=0.71s Sys=0.00s Real=0.13s
...[4013.489s][info][gc,start       ] GC(1039) Pause Young (Mixed) (G1 Evacuation Pause)
[4013.489s][info][gc,task        ] GC(1039) Using 6 workers of 6 for evacuation
[4013.623s][info][gc,phases      ] GC(1039)   Pre Evacuate Collection Set: 0.38ms
[4013.623s][info][gc,phases      ] GC(1039)   Merge Heap Roots: 0.77ms
[4013.623s][info][gc,phases      ] GC(1039)   Evacuate Collection Set: 132.24ms
[4013.623s][info][gc,phases      ] GC(1039)   Post Evacuate Collection Set: 0.99ms
[4013.623s][info][gc,phases      ] GC(1039)   Other: 0.09ms
[4013.623s][info][gc,heap        ] GC(1039) Eden regions: 1100->0(1120)
[4013.623s][info][gc,heap        ] GC(1039) Survivor regions: 114->108(152)
[4013.623s][info][gc,heap        ] GC(1039) Old regions: 537->475
[4013.623s][info][gc,heap        ] GC(1039) Humongous regions: 80->80
[4013.623s][info][gc,metaspace   ] GC(1039) Metaspace: 28865K(29312K)->28865K(29312K) NonClass: 23996K(24192K)->23996K(24192K) Class: 4869K(5120K)->4869K(5120K)
[4013.623s][info][gc             ] GC(1039) Pause Young (Mixed) (G1 Evacuation Pause) 3661M->1323M(4096M) 134.628ms
[4013.623s][info][gc,cpu         ] GC(1039) User=0.80s Sys=0.00s Real=0.14s
..[4016.092s][info][gc,start       ] GC(1040) Pause Young (Concurrent Start) (G1 Evacuation Pause)
[4016.092s][info][gc,task        ] GC(1040) Using 6 workers of 6 for evacuation
[4016.209s][info][gc,phases      ] GC(1040)   Pre Evacuate Collection Set: 0.36ms
[4016.209s][info][gc,phases      ] GC(1040)   Merge Heap Roots: 0.44ms
[4016.209s][info][gc,phases      ] GC(1040)   Evacuate Collection Set: 115.99ms
[4016.209s][info][gc,phases      ] GC(1040)   Post Evacuate Collection Set: 0.91ms
[4016.209s][info][gc,phases      ] GC(1040)   Other: 0.10ms
[4016.209s][info][gc,heap        ] GC(1040) Eden regions: 1120->0(1119)
[4016.209s][info][gc,heap        ] GC(1040) Survivor regions: 108->109(154)
[4016.209s][info][gc,heap        ] GC(1040) Old regions: 475->507
[4016.209s][info][gc,heap        ] GC(1040) Humongous regions: 80->80
[4016.209s][info][gc,metaspace   ] GC(1040) Metaspace: 28865K(29312K)->28865K(29312K) NonClass: 23996K(24192K)->23996K(24192K) Class: 4869K(5120K)->4869K(5120K)
[4016.209s][info][gc             ] GC(1040) Pause Young (Concurrent Start) (G1 Evacuation Pause) 3563M->1389M(4096M) 117.934ms
[4016.209s][info][gc             ] GC(1041) Concurrent Mark Cycle
[4016.210s][info][gc,marking     ] GC(1041) Concurrent Scan Root Regions
[4016.210s][info][gc,cpu         ] GC(1040) User=0.70s Sys=0.00s Real=0.12s
.[4016.384s][info][gc,marking     ] GC(1041) Concurrent Scan Root Regions 174.662ms
[4016.384s][info][gc,marking     ] GC(1041) Concurrent Mark
[4016.384s][info][gc,marking     ] GC(1041) Concurrent Mark From Roots
[4016.384s][info][gc,task        ] GC(1041) Using 2 workers of 2 for marking
.[4017.321s][info][gc,marking     ] GC(1041) Concurrent Mark From Roots 936.857ms
[4017.321s][info][gc,marking     ] GC(1041) Concurrent Preclean
[4017.321s][info][gc,marking     ] GC(1041) Concurrent Preclean 0.104ms
[4017.322s][info][gc,start       ] GC(1041) Pause Remark
[4017.330s][info][gc             ] GC(1041) Pause Remark 2379M->2379M(4096M) 7.937ms
[4017.330s][info][gc,cpu         ] GC(1041) User=0.04s Sys=0.01s Real=0.01s
[4017.330s][info][gc,marking     ] GC(1041) Concurrent Mark 945.790ms
[4017.330s][info][gc,marking     ] GC(1041) Concurrent Rebuild Remembered Sets and Scrub Regions
[4017.596s][info][gc,marking     ] GC(1041) Concurrent Rebuild Remembered Sets and Scrub Regions 266.130ms
[4017.596s][info][gc,start       ] GC(1041) Pause Cleanup
[4017.596s][info][gc             ] GC(1041) Pause Cleanup 2624M->2624M(4096M) 0.096ms
[4017.596s][info][gc,cpu         ] GC(1041) User=0.00s Sys=0.00s Real=0.00s
[4017.596s][info][gc,marking     ] GC(1041) Concurrent Clear Claimed Marks
[4017.597s][info][gc,marking     ] GC(1041) Concurrent Clear Claimed Marks 0.033ms
[4017.597s][info][gc,marking     ] GC(1041) Concurrent Cleanup for Next Mark
[4017.602s][info][gc,marking     ] GC(1041) Concurrent Cleanup for Next Mark 5.409ms
[4017.602s][info][gc             ] GC(1041) Concurrent Mark Cycle 1392.498ms
.[4018.789s][info][gc,start       ] GC(1042) Pause Young (Prepare Mixed) (G1 Evacuation Pause)
[4018.789s][info][gc,task        ] GC(1042) Using 6 workers of 6 for evacuation
[4018.914s][info][gc,phases      ] GC(1042)   Pre Evacuate Collection Set: 0.36ms
[4018.914s][info][gc,phases      ] GC(1042)   Merge Heap Roots: 0.52ms
[4018.914s][info][gc,phases      ] GC(1042)   Evacuate Collection Set: 123.43ms
[4018.914s][info][gc,phases      ] GC(1042)   Post Evacuate Collection Set: 0.95ms
[4018.914s][info][gc,phases      ] GC(1042)   Other: 0.09ms
[4018.914s][info][gc,heap        ] GC(1042) Eden regions: 1119->0(1091)
[4018.914s][info][gc,heap        ] GC(1042) Survivor regions: 109->118(154)
[4018.914s][info][gc,heap        ] GC(1042) Old regions: 507->538
[4018.914s][info][gc,heap        ] GC(1042) Humongous regions: 80->80
[4018.914s][info][gc,metaspace   ] GC(1042) Metaspace: 28865K(29312K)->28865K(29312K) NonClass: 23996K(24192K)->23996K(24192K) Class: 4869K(5120K)->4869K(5120K)
[4018.914s][info][gc             ] GC(1042) Pause Young (Prepare Mixed) (G1 Evacuation Pause) 3627M->1470M(4096M) 125.498ms
[4018.914s][info][gc,cpu         ] GC(1042) User=0.74s Sys=0.00s Real=0.13s
...[4021.363s][info][gc,start       ] GC(1043) Pause Young (Mixed) (G1 Evacuation Pause)
[4021.363s][info][gc,task        ] GC(1043) Using 6 workers of 6 for evacuation
[4021.497s][info][gc,phases      ] GC(1043)   Pre Evacuate Collection Set: 0.37ms
[4021.497s][info][gc,phases      ] GC(1043)   Merge Heap Roots: 0.70ms
[4021.497s][info][gc,phases      ] GC(1043)   Evacuate Collection Set: 132.14ms
[4021.497s][info][gc,phases      ] GC(1043)   Post Evacuate Collection Set: 0.93ms
[4021.497s][info][gc,phases      ] GC(1043)   Other: 0.08ms
[4021.497s][info][gc,heap        ] GC(1043) Eden regions: 1091->0(1119)
[4021.497s][info][gc,heap        ] GC(1043) Survivor regions: 118->109(152)
[4021.497s][info][gc,heap        ] GC(1043) Old regions: 538->475
[4021.497s][info][gc,heap        ] GC(1043) Humongous regions: 80->80
[4021.497s][info][gc,metaspace   ] GC(1043) Metaspace: 28865K(29312K)->28865K(29312K) NonClass: 23996K(24192K)->23996K(24192K) Class: 4869K(5120K)->4869K(5120K)
[4021.497s][info][gc             ] GC(1043) Pause Young (Mixed) (G1 Evacuation Pause) 3652M->1327M(4096M) 134.355ms
[4021.497s][info][gc,cpu         ] GC(1043) User=0.80s Sys=0.00s Real=0.13s
..[4023.980s][info][gc,start       ] GC(1044) Pause Young (Concurrent Start) (G1 Evacuation Pause)
[4023.980s][info][gc,task        ] GC(1044) Using 6 workers of 6 for evacuation
[4024.094s][info][gc,phases      ] GC(1044)   Pre Evacuate Collection Set: 0.33ms
[4024.094s][info][gc,phases      ] GC(1044)   Merge Heap Roots: 0.46ms
[4024.094s][info][gc,phases      ] GC(1044)   Evacuate Collection Set: 112.38ms
[4024.094s][info][gc,phases      ] GC(1044)   Post Evacuate Collection Set: 0.87ms
[4024.094s][info][gc,phases      ] GC(1044)   Other: 0.13ms
[4024.094s][info][gc,heap        ] GC(1044) Eden regions: 1119->0(1121)
[4024.094s][info][gc,heap        ] GC(1044) Survivor regions: 109->107(154)
[4024.094s][info][gc,heap        ] GC(1044) Old regions: 475->507
[4024.094s][info][gc,heap        ] GC(1044) Humongous regions: 80->80
[4024.094s][info][gc,metaspace   ] GC(1044) Metaspace: 28865K(29312K)->28865K(29312K) NonClass: 23996K(24192K)->23996K(24192K) Class: 4869K(5120K)->4869K(5120K)
[4024.094s][info][gc             ] GC(1044) Pause Young (Concurrent Start) (G1 Evacuation Pause) 3565M->1386M(4096M) 114.302ms
[4024.094s][info][gc             ] GC(1045) Concurrent Mark Cycle
[4024.094s][info][gc,marking     ] GC(1045) Concurrent Scan Root Regions
[4024.094s][info][gc,cpu         ] GC(1044) User=0.68s Sys=0.00s Real=0.12s
.[4024.237s][info][gc,marking     ] GC(1045) Concurrent Scan Root Regions 142.598ms
[4024.237s][info][gc,marking     ] GC(1045) Concurrent Mark
[4024.237s][info][gc,marking     ] GC(1045) Concurrent Mark From Roots
[4024.237s][info][gc,task        ] GC(1045) Using 2 workers of 2 for marking
[4024.942s][info][gc,marking     ] GC(1045) Concurrent Mark From Roots 704.909ms
[4024.942s][info][gc,marking     ] GC(1045) Concurrent Preclean
[4024.942s][info][gc,marking     ] GC(1045) Concurrent Preclean 0.160ms
[4024.944s][info][gc,start       ] GC(1045) Pause Remark
[4024.948s][info][gc             ] GC(1045) Pause Remark 2114M->2114M(4096M) 4.334ms
[4024.948s][info][gc,cpu         ] GC(1045) User=0.01s Sys=0.00s Real=0.00s
[4024.949s][info][gc,marking     ] GC(1045) Concurrent Mark 712.484ms
[4024.949s][info][gc,marking     ] GC(1045) Concurrent Rebuild Remembered Sets and Scrub Regions
[4025.210s][info][gc,marking     ] GC(1045) Concurrent Rebuild Remembered Sets and Scrub Regions 260.437ms
[4025.210s][info][gc,start       ] GC(1045) Pause Cleanup
[4025.210s][info][gc             ] GC(1045) Pause Cleanup 2310M->2310M(4096M) 0.106ms
[4025.210s][info][gc,cpu         ] GC(1045) User=0.00s Sys=0.00s Real=0.00s
[4025.211s][info][gc,marking     ] GC(1045) Concurrent Clear Claimed Marks
[4025.211s][info][gc,marking     ] GC(1045) Concurrent Clear Claimed Marks 0.029ms
[4025.211s][info][gc,marking     ] GC(1045) Concurrent Cleanup for Next Mark
[4025.215s][info][gc,marking     ] GC(1045) Concurrent Cleanup for Next Mark 4.780ms
[4025.215s][info][gc             ] GC(1045) Concurrent Mark Cycle 1121.132ms
..[4026.602s][info][gc,start       ] GC(1046) Pause Young (Prepare Mixed) (G1 Evacuation Pause)
[4026.602s][info][gc,task        ] GC(1046) Using 6 workers of 6 for evacuation
[4026.726s][info][gc,phases      ] GC(1046)   Pre Evacuate Collection Set: 0.32ms
[4026.726s][info][gc,phases      ] GC(1046)   Merge Heap Roots: 0.53ms
[4026.726s][info][gc,phases      ] GC(1046)   Evacuate Collection Set: 122.37ms
[4026.726s][info][gc,phases      ] GC(1046)   Post Evacuate Collection Set: 0.95ms
[4026.726s][info][gc,phases      ] GC(1046)   Other: 0.09ms
[4026.726s][info][gc,heap        ] GC(1046) Eden regions: 1121->0(1094)
[4026.726s][info][gc,heap        ] GC(1046) Survivor regions: 107->116(154)
[4026.726s][info][gc,heap        ] GC(1046) Old regions: 507->539
[4026.726s][info][gc,heap        ] GC(1046) Humongous regions: 80->80
[4026.726s][info][gc,metaspace   ] GC(1046) Metaspace: 28865K(29312K)->28865K(29312K) NonClass: 23996K(24192K)->23996K(24192K) Class: 4869K(5120K)->4869K(5120K)
[4026.726s][info][gc             ] GC(1046) Pause Young (Prepare Mixed) (G1 Evacuation Pause) 3628M->1468M(4096M) 124.388ms
[4026.726s][info][gc,cpu         ] GC(1046) User=0.74s Sys=0.00s Real=0.13s
..[4029.135s][info][gc,start       ] GC(1047) Pause Young (Mixed) (G1 Evacuation Pause)
[4029.135s][info][gc,task        ] GC(1047) Using 6 workers of 6 for evacuation
[4029.268s][info][gc,phases      ] GC(1047)   Pre Evacuate Collection Set: 0.35ms
[4029.268s][info][gc,phases      ] GC(1047)   Merge Heap Roots: 0.67ms
[4029.268s][info][gc,phases      ] GC(1047)   Evacuate Collection Set: 131.71ms
[4029.268s][info][gc,phases      ] GC(1047)   Post Evacuate Collection Set: 0.93ms
[4029.269s][info][gc,phases      ] GC(1047)   Other: 0.09ms
[4029.269s][info][gc,heap        ] GC(1047) Eden regions: 1094->0(1119)
[4029.269s][info][gc,heap        ] GC(1047) Survivor regions: 116->109(152)
[4029.269s][info][gc,heap        ] GC(1047) Old regions: 539->474
[4029.269s][info][gc,heap        ] GC(1047) Humongous regions: 80->80
[4029.269s][info][gc,metaspace   ] GC(1047) Metaspace: 28865K(29312K)->28865K(29312K) NonClass: 23996K(24192K)->23996K(24192K) Class: 4869K(5120K)->4869K(5120K)
[4029.269s][info][gc             ] GC(1047) Pause Young (Mixed) (G1 Evacuation Pause) 3656M->1324M(4096M) 133.884ms
[4029.269s][info][gc,cpu         ] GC(1047) User=0.80s Sys=0.00s Real=0.13s
...[4031.777s][info][gc,start       ] GC(1048) Pause Young (Concurrent Start) (G1 Evacuation Pause)
[4031.777s][info][gc,task        ] GC(1048) Using 6 workers of 6 for evacuation
[4031.896s][info][gc,phases      ] GC(1048)   Pre Evacuate Collection Set: 0.42ms
[4031.896s][info][gc,phases      ] GC(1048)   Merge Heap Roots: 0.43ms
[4031.896s][info][gc,phases      ] GC(1048)   Evacuate Collection Set: 116.55ms
[4031.896s][info][gc,phases      ] GC(1048)   Post Evacuate Collection Set: 0.87ms
[4031.896s][info][gc,phases      ] GC(1048)   Other: 0.12ms
[4031.896s][info][gc,heap        ] GC(1048) Eden regions: 1119->0(1117)
[4031.896s][info][gc,heap        ] GC(1048) Survivor regions: 109->111(154)
[4031.896s][info][gc,heap        ] GC(1048) Old regions: 474->506
[4031.896s][info][gc,heap        ] GC(1048) Humongous regions: 80->80
[4031.896s][info][gc,metaspace   ] GC(1048) Metaspace: 28865K(29312K)->28865K(29312K) NonClass: 23996K(24192K)->23996K(24192K) Class: 4869K(5120K)->4869K(5120K)
[4031.896s][info][gc             ] GC(1048) Pause Young (Concurrent Start) (G1 Evacuation Pause) 3562M->1392M(4096M) 118.516ms
[4031.896s][info][gc             ] GC(1049) Concurrent Mark Cycle
[4031.896s][info][gc,marking     ] GC(1049) Concurrent Scan Root Regions
[4031.896s][info][gc,cpu         ] GC(1048) User=0.70s Sys=0.00s Real=0.12s
[4032.090s][info][gc,marking     ] GC(1049) Concurrent Scan Root Regions 194.389ms
[4032.090s][info][gc,marking     ] GC(1049) Concurrent Mark
[4032.090s][info][gc,marking     ] GC(1049) Concurrent Mark From Roots
[4032.090s][info][gc,task        ] GC(1049) Using 2 workers of 2 for marking
.[4033.139s][info][gc,marking     ] GC(1049) Concurrent Mark From Roots 1048.735ms
[4033.139s][info][gc,marking     ] GC(1049) Concurrent Preclean
[4033.139s][info][gc,marking     ] GC(1049) Concurrent Preclean 0.152ms
[4033.140s][info][gc,start       ] GC(1049) Pause Remark
[4033.147s][info][gc             ] GC(1049) Pause Remark 2540M->2540M(4096M) 7.366ms
[4033.147s][info][gc,cpu         ] GC(1049) User=0.04s Sys=0.00s Real=0.01s
[4033.147s][info][gc,marking     ] GC(1049) Concurrent Mark 1057.082ms
[4033.147s][info][gc,marking     ] GC(1049) Concurrent Rebuild Remembered Sets and Scrub Regions
.[4033.511s][info][gc,marking     ] GC(1049) Concurrent Rebuild Remembered Sets and Scrub Regions 364.024ms
[4033.512s][info][gc,start       ] GC(1049) Pause Cleanup
[4033.512s][info][gc             ] GC(1049) Pause Cleanup 2876M->2876M(4096M) 0.109ms
[4033.512s][info][gc,cpu         ] GC(1049) User=0.00s Sys=0.00s Real=0.00s
[4033.512s][info][gc,marking     ] GC(1049) Concurrent Clear Claimed Marks
[4033.512s][info][gc,marking     ] GC(1049) Concurrent Clear Claimed Marks 0.020ms
[4033.512s][info][gc,marking     ] GC(1049) Concurrent Cleanup for Next Mark
[4033.515s][info][gc,marking     ] GC(1049) Concurrent Cleanup for Next Mark 3.362ms
[4033.515s][info][gc             ] GC(1049) Concurrent Mark Cycle 1619.307ms
.[4034.374s][info][gc,start       ] GC(1050) Pause Young (Prepare Mixed) (G1 Evacuation Pause)
[4034.374s][info][gc,task        ] GC(1050) Using 6 workers of 6 for evacuation
[4034.491s][info][gc,phases      ] GC(1050)   Pre Evacuate Collection Set: 0.36ms
[4034.491s][info][gc,phases      ] GC(1050)   Merge Heap Roots: 0.52ms
[4034.491s][info][gc,phases      ] GC(1050)   Evacuate Collection Set: 114.46ms
[4034.491s][info][gc,phases      ] GC(1050)   Post Evacuate Collection Set: 0.91ms
[4034.491s][info][gc,phases      ] GC(1050)   Other: 0.08ms
[4034.491s][info][gc,heap        ] GC(1050) Eden regions: 1117->0(1107)
[4034.491s][info][gc,heap        ] GC(1050) Survivor regions: 111->110(154)
[4034.491s][info][gc,heap        ] GC(1050) Old regions: 506->538
[4034.491s][info][gc,heap        ] GC(1050) Humongous regions: 80->80
[4034.491s][info][gc,metaspace   ] GC(1050) Metaspace: 28865K(29312K)->28865K(29312K) NonClass: 23996K(24192K)->23996K(24192K) Class: 4869K(5120K)->4869K(5120K)
[4034.491s][info][gc             ] GC(1050) Pause Young (Prepare Mixed) (G1 Evacuation Pause) 3626M->1453M(4096M) 116.441ms
[4034.491s][info][gc,cpu         ] GC(1050) User=0.69s Sys=0.00s Real=0.11s
..[4036.952s][info][gc,start       ] GC(1051) Pause Young (Mixed) (G1 Evacuation Pause)
[4036.952s][info][gc,task        ] GC(1051) Using 6 workers of 6 for evacuation
[4037.086s][info][gc,phases      ] GC(1051)   Pre Evacuate Collection Set: 0.38ms
[4037.086s][info][gc,phases      ] GC(1051)   Merge Heap Roots: 0.70ms
[4037.086s][info][gc,phases      ] GC(1051)   Evacuate Collection Set: 131.86ms
[4037.086s][info][gc,phases      ] GC(1051)   Post Evacuate Collection Set: 0.96ms
[4037.086s][info][gc,phases      ] GC(1051)   Other: 0.09ms
[4037.086s][info][gc,heap        ] GC(1051) Eden regions: 1107->0(1117)
[4037.086s][info][gc,heap        ] GC(1051) Survivor regions: 110->111(153)
[4037.086s][info][gc,heap        ] GC(1051) Old regions: 538->474
[4037.086s][info][gc,heap        ] GC(1051) Humongous regions: 80->80
[4037.086s][info][gc,metaspace   ] GC(1051) Metaspace: 28865K(29312K)->28865K(29312K) NonClass: 23996K(24192K)->23996K(24192K) Class: 4869K(5120K)->4869K(5120K)
[4037.086s][info][gc             ] GC(1051) Pause Young (Mixed) (G1 Evacuation Pause) 3667M->1327M(4096M) 134.113ms
[4037.086s][info][gc,cpu         ] GC(1051) User=0.79s Sys=0.00s Real=0.13s
...[4039.523s][info][gc,start       ] GC(1052) Pause Young (Concurrent Start) (G1 Evacuation Pause)
[4039.523s][info][gc,task        ] GC(1052) Using 6 workers of 6 for evacuation
[4039.638s][info][gc,phases      ] GC(1052)   Pre Evacuate Collection Set: 0.39ms
[4039.638s][info][gc,phases      ] GC(1052)   Merge Heap Roots: 0.47ms
[4039.638s][info][gc,phases      ] GC(1052)   Evacuate Collection Set: 112.90ms
[4039.638s][info][gc,phases      ] GC(1052)   Post Evacuate Collection Set: 0.89ms
[4039.638s][info][gc,phases      ] GC(1052)   Other: 0.11ms
[4039.638s][info][gc,heap        ] GC(1052) Eden regions: 1117->0(1120)
[4039.638s][info][gc,heap        ] GC(1052) Survivor regions: 111->108(154)
[4039.638s][info][gc,heap        ] GC(1052) Old regions: 474->506
[4039.638s][info][gc,heap        ] GC(1052) Humongous regions: 80->80
[4039.638s][info][gc,metaspace   ] GC(1052) Metaspace: 28865K(29312K)->28865K(29312K) NonClass: 23996K(24192K)->23996K(24192K) Class: 4869K(5120K)->4869K(5120K)
[4039.638s][info][gc             ] GC(1052) Pause Young (Concurrent Start) (G1 Evacuation Pause) 3561M->1387M(4096M) 114.885ms
[4039.638s][info][gc             ] GC(1053) Concurrent Mark Cycle
[4039.638s][info][gc,marking     ] GC(1053) Concurrent Scan Root Regions
[4039.638s][info][gc,cpu         ] GC(1052) User=0.68s Sys=0.00s Real=0.11s
[4039.814s][info][gc,marking     ] GC(1053) Concurrent Scan Root Regions 176.220ms
[4039.814s][info][gc,marking     ] GC(1053) Concurrent Mark
[4039.814s][info][gc,marking     ] GC(1053) Concurrent Mark From Roots
[4039.814s][info][gc,task        ] GC(1053) Using 2 workers of 2 for marking
.[4040.502s][info][gc,marking     ] GC(1053) Concurrent Mark From Roots 688.471ms
[4040.502s][info][gc,marking     ] GC(1053) Concurrent Preclean
[4040.503s][info][gc,marking     ] GC(1053) Concurrent Preclean 0.135ms
[4040.503s][info][gc,start       ] GC(1053) Pause Remark
[4040.509s][info][gc             ] GC(1053) Pause Remark 2157M->2157M(4096M) 6.465ms
[4040.509s][info][gc,cpu         ] GC(1053) User=0.04s Sys=0.00s Real=0.00s
[4040.509s][info][gc,marking     ] GC(1053) Concurrent Mark 695.361ms
[4040.509s][info][gc,marking     ] GC(1053) Concurrent Rebuild Remembered Sets and Scrub Regions
[4040.822s][info][gc,marking     ] GC(1053) Concurrent Rebuild Remembered Sets and Scrub Regions 313.172ms
[4040.823s][info][gc,start       ] GC(1053) Pause Cleanup
[4040.823s][info][gc             ] GC(1053) Pause Cleanup 2407M->2407M(4096M) 0.119ms
[4040.823s][info][gc,cpu         ] GC(1053) User=0.00s Sys=0.00s Real=0.00s
[4040.823s][info][gc,marking     ] GC(1053) Concurrent Clear Claimed Marks
[4040.823s][info][gc,marking     ] GC(1053) Concurrent Clear Claimed Marks 0.021ms
[4040.823s][info][gc,marking     ] GC(1053) Concurrent Cleanup for Next Mark
[4040.828s][info][gc,marking     ] GC(1053) Concurrent Cleanup for Next Mark 5.482ms
[4040.829s][info][gc             ] GC(1053) Concurrent Mark Cycle 1190.914ms
.[4042.162s][info][gc,start       ] GC(1054) Pause Young (Prepare Mixed) (G1 Evacuation Pause)
[4042.162s][info][gc,task        ] GC(1054) Using 6 workers of 6 for evacuation
[4042.280s][info][gc,phases      ] GC(1054)   Pre Evacuate Collection Set: 0.33ms
[4042.280s][info][gc,phases      ] GC(1054)   Merge Heap Roots: 0.53ms
[4042.280s][info][gc,phases      ] GC(1054)   Evacuate Collection Set: 116.14ms
[4042.280s][info][gc,phases      ] GC(1054)   Post Evacuate Collection Set: 0.89ms
[4042.280s][info][gc,phases      ] GC(1054)   Other: 0.09ms
[4042.280s][info][gc,heap        ] GC(1054) Eden regions: 1120->0(1107)
[4042.280s][info][gc,heap        ] GC(1054) Survivor regions: 108->110(154)
[4042.280s][info][gc,heap        ] GC(1054) Old regions: 506->538
[4042.280s][info][gc,heap        ] GC(1054) Humongous regions: 80->80
[4042.280s][info][gc,metaspace   ] GC(1054) Metaspace: 28865K(29312K)->28865K(29312K) NonClass: 23996K(24192K)->23996K(24192K) Class: 4869K(5120K)->4869K(5120K)
[4042.280s][info][gc             ] GC(1054) Pause Young (Prepare Mixed) (G1 Evacuation Pause) 3627M->1455M(4096M) 118.101ms
[4042.280s][info][gc,cpu         ] GC(1054) User=0.69s Sys=0.00s Real=0.12s
...[4044.806s][info][gc,start       ] GC(1055) Pause Young (Mixed) (G1 Evacuation Pause)
[4044.806s][info][gc,task        ] GC(1055) Using 6 workers of 6 for evacuation
[4044.942s][info][gc,phases      ] GC(1055)   Pre Evacuate Collection Set: 0.36ms
[4044.942s][info][gc,phases      ] GC(1055)   Merge Heap Roots: 0.70ms
[4044.942s][info][gc,phases      ] GC(1055)   Evacuate Collection Set: 134.01ms
[4044.942s][info][gc,phases      ] GC(1055)   Post Evacuate Collection Set: 0.93ms
[4044.942s][info][gc,phases      ] GC(1055)   Other: 0.08ms
[4044.942s][info][gc,heap        ] GC(1055) Eden regions: 1107->0(1115)
[4044.942s][info][gc,heap        ] GC(1055) Survivor regions: 110->113(153)
[4044.942s][info][gc,heap        ] GC(1055) Old regions: 538->477
[4044.942s][info][gc,heap        ] GC(1055) Humongous regions: 80->80
[4044.942s][info][gc,metaspace   ] GC(1055) Metaspace: 28865K(29312K)->28865K(29312K) NonClass: 23996K(24192K)->23996K(24192K) Class: 4869K(5120K)->4869K(5120K)
[4044.942s][info][gc             ] GC(1055) Pause Young (Mixed) (G1 Evacuation Pause) 3669M->1338M(4096M) 136.224ms
[4044.942s][info][gc,cpu         ] GC(1055) User=0.80s Sys=0.00s Real=0.14s
...[4047.403s][info][gc,start       ] GC(1056) Pause Young (Concurrent Start) (G1 Evacuation Pause)
[4047.403s][info][gc,task        ] GC(1056) Using 6 workers of 6 for evacuation
[4047.526s][info][gc,phases      ] GC(1056)   Pre Evacuate Collection Set: 0.39ms
[4047.526s][info][gc,phases      ] GC(1056)   Merge Heap Roots: 0.58ms
[4047.526s][info][gc,phases      ] GC(1056)   Evacuate Collection Set: 120.87ms
[4047.526s][info][gc,phases      ] GC(1056)   Post Evacuate Collection Set: 0.89ms
[4047.526s][info][gc,phases      ] GC(1056)   Other: 0.11ms
[4047.526s][info][gc,heap        ] GC(1056) Eden regions: 1115->0(1114)
[4047.526s][info][gc,heap        ] GC(1056) Survivor regions: 113->114(154)
[4047.526s][info][gc,heap        ] GC(1056) Old regions: 477->509
[4047.526s][info][gc,heap        ] GC(1056) Humongous regions: 80->80
[4047.526s][info][gc,metaspace   ] GC(1056) Metaspace: 28865K(29312K)->28865K(29312K) NonClass: 23996K(24192K)->23996K(24192K) Class: 4869K(5120K)->4869K(5120K)
[4047.526s][info][gc             ] GC(1056) Pause Young (Concurrent Start) (G1 Evacuation Pause) 3568M->1405M(4096M) 122.974ms
[4047.526s][info][gc             ] GC(1057) Concurrent Mark Cycle
[4047.526s][info][gc,marking     ] GC(1057) Concurrent Scan Root Regions
[4047.526s][info][gc,cpu         ] GC(1056) User=0.73s Sys=0.00s Real=0.12s
[4047.715s][info][gc,marking     ] GC(1057) Concurrent Scan Root Regions 188.780ms
[4047.715s][info][gc,marking     ] GC(1057) Concurrent Mark
[4047.715s][info][gc,marking     ] GC(1057) Concurrent Mark From Roots
[4047.715s][info][gc,task        ] GC(1057) Using 2 workers of 2 for marking
.[4048.662s][info][gc,marking     ] GC(1057) Concurrent Mark From Roots 946.947ms
[4048.662s][info][gc,marking     ] GC(1057) Concurrent Preclean
[4048.662s][info][gc,marking     ] GC(1057) Concurrent Preclean 0.100ms
[4048.662s][info][gc,start       ] GC(1057) Pause Remark
[4048.669s][info][gc             ] GC(1057) Pause Remark 2464M->2464M(4096M) 6.971ms
[4048.669s][info][gc,cpu         ] GC(1057) User=0.04s Sys=0.01s Real=0.01s
[4048.669s][info][gc,marking     ] GC(1057) Concurrent Mark 954.274ms
[4048.669s][info][gc,marking     ] GC(1057) Concurrent Rebuild Remembered Sets and Scrub Regions
[4048.976s][info][gc,marking     ] GC(1057) Concurrent Rebuild Remembered Sets and Scrub Regions 306.646ms
[4048.976s][info][gc,start       ] GC(1057) Pause Cleanup
[4048.976s][info][gc             ] GC(1057) Pause Cleanup 2717M->2717M(4096M) 0.112ms
[4048.976s][info][gc,cpu         ] GC(1057) User=0.00s Sys=0.00s Real=0.00s
[4048.976s][info][gc,marking     ] GC(1057) Concurrent Clear Claimed Marks
[4048.976s][info][gc,marking     ] GC(1057) Concurrent Clear Claimed Marks 0.018ms
[4048.976s][info][gc,marking     ] GC(1057) Concurrent Cleanup for Next Mark
[4048.981s][info][gc,marking     ] GC(1057) Concurrent Cleanup for Next Mark 5.352ms
[4048.981s][info][gc             ] GC(1057) Concurrent Mark Cycle 1455.571ms
.[4050.033s][info][gc,start       ] GC(1058) Pause Young (Prepare Mixed) (G1 Evacuation Pause)
[4050.033s][info][gc,task        ] GC(1058) Using 6 workers of 6 for evacuation
[4050.149s][info][gc,phases      ] GC(1058)   Pre Evacuate Collection Set: 0.36ms
[4050.149s][info][gc,phases      ] GC(1058)   Merge Heap Roots: 0.54ms
[4050.149s][info][gc,phases      ] GC(1058)   Evacuate Collection Set: 113.97ms
[4050.149s][info][gc,phases      ] GC(1058)   Post Evacuate Collection Set: 0.94ms
[4050.149s][info][gc,phases      ] GC(1058)   Other: 0.09ms
[4050.149s][info][gc,heap        ] GC(1058) Eden regions: 1114->0(1108)
[4050.149s][info][gc,heap        ] GC(1058) Survivor regions: 114->108(154)
[4050.149s][info][gc,heap        ] GC(1058) Old regions: 509->541
[4050.149s][info][gc,heap        ] GC(1058) Humongous regions: 80->80
[4050.149s][info][gc,metaspace   ] GC(1058) Metaspace: 28865K(29312K)->28865K(29312K) NonClass: 23996K(24192K)->23996K(24192K) Class: 4869K(5120K)->4869K(5120K)
[4050.149s][info][gc             ] GC(1058) Pause Young (Prepare Mixed) (G1 Evacuation Pause) 3633M->1455M(4096M) 116.034ms
[4050.149s][info][gc,cpu         ] GC(1058) User=0.69s Sys=0.00s Real=0.11s
. (rIR:aIR:PR = 7195:7183:7183) (tPR = 106982) [OK] 
  4050s: Performance info:
         Transaction,    Success,    Partial,     Failed,   Receipts, AvgBarcode, 
             Overall,     436104,          0,          0,     414295,      59.48, 
         Response times:
             Request,    Success,    Partial,     Failed,   SkipFail,     Probes,    Samples,      min,      p50,      p90,      p95,      p99,      max, 
       TotalPurchase,     414292,          0,          0,          0,     362843,     404430,      300,     6400,    72000,   118000,   186000,   339000,
     InStorePurchase,     217530,          0,          0,          0,     190062,     211619,      300,     6400,    71000,   117000,   186000,   316000,
      OnlinePurchase,     153071,          0,          0,          0,     133938,     149218,      300,     6500,    73000,   120000,   187000,   339000,
        InstPurchase,      43691,          0,          0,          0,      38843,      43593,      400,     6600,    72000,   119000,   187000,   339000,
          AssocOfCat,        437,          0,          0,          0,        351,        457,    26000,    41000,   119400,   165200,   244000,   282000,
      AssocOfProduct,       4363,          0,          0,          0,       4052,       4658,      700,     5100,    64000,   110050,   169410,   298000,
      BusinessReport,       1087,          0,          0,          0,        961,       1193,    28000,    50000,   156200,   192300,   247480,   387000,
          CustBuyBeh,       4355,          0,          0,          0,       4125,       4820,      200,     6100,    69000,   117000,   184000,   292000,
       ProductReturn,      11568,          0,          0,          0,       9897,      11277,      200,     6400,    71000,   114100,   178000,   314000,

  4050s: (53%)   IR =   7334 ..[4052.680s][info][gc,start       ] GC(1059) Pause Young (Mixed) (G1 Evacuation Pause)
[4052.680s][info][gc,task        ] GC(1059) Using 6 workers of 6 for evacuation
[4052.818s][info][gc,phases      ] GC(1059)   Pre Evacuate Collection Set: 0.39ms
[4052.818s][info][gc,phases      ] GC(1059)   Merge Heap Roots: 0.71ms
[4052.818s][info][gc,phases      ] GC(1059)   Evacuate Collection Set: 135.23ms
[4052.818s][info][gc,phases      ] GC(1059)   Post Evacuate Collection Set: 1.01ms
[4052.818s][info][gc,phases      ] GC(1059)   Other: 0.09ms
[4052.818s][info][gc,heap        ] GC(1059) Eden regions: 1108->0(1115)
[4052.818s][info][gc,heap        ] GC(1059) Survivor regions: 108->113(152)
[4052.818s][info][gc,heap        ] GC(1059) Old regions: 541->474
[4052.818s][info][gc,heap        ] GC(1059) Humongous regions: 80->80
[4052.818s][info][gc,metaspace   ] GC(1059) Metaspace: 28866K(29312K)->28866K(29312K) NonClass: 23996K(24192K)->23996K(24192K) Class: 4869K(5120K)->4869K(5120K)
[4052.818s][info][gc             ] GC(1059) Pause Young (Mixed) (G1 Evacuation Pause) 3671M->1332M(4096M) 137.576ms
[4052.818s][info][gc,cpu         ] GC(1059) User=0.81s Sys=0.00s Real=0.14s
..[4055.243s][info][gc,start       ] GC(1060) Pause Young (Concurrent Start) (G1 Evacuation Pause)
[4055.243s][info][gc,task        ] GC(1060) Using 6 workers of 6 for evacuation
[4055.360s][info][gc,phases      ] GC(1060)   Pre Evacuate Collection Set: 0.39ms
[4055.360s][info][gc,phases      ] GC(1060)   Merge Heap Roots: 0.46ms
[4055.360s][info][gc,phases      ] GC(1060)   Evacuate Collection Set: 114.16ms
[4055.360s][info][gc,phases      ] GC(1060)   Post Evacuate Collection Set: 0.95ms
[4055.360s][info][gc,phases      ] GC(1060)   Other: 0.12ms
[4055.360s][info][gc,heap        ] GC(1060) Eden regions: 1115->0(1119)
[4055.360s][info][gc,heap        ] GC(1060) Survivor regions: 113->109(154)
[4055.360s][info][gc,heap        ] GC(1060) Old regions: 474->506
[4055.360s][info][gc,heap        ] GC(1060) Humongous regions: 80->80
[4055.360s][info][gc,metaspace   ] GC(1060) Metaspace: 28866K(29312K)->28866K(29312K) NonClass: 23996K(24192K)->23996K(24192K) Class: 4869K(5120K)->4869K(5120K)
[4055.360s][info][gc             ] GC(1060) Pause Young (Concurrent Start) (G1 Evacuation Pause) 3562M->1389M(4096M) 116.212ms
[4055.360s][info][gc             ] GC(1061) Concurrent Mark Cycle
[4055.360s][info][gc,marking     ] GC(1061) Concurrent Scan Root Regions
[4055.360s][info][gc,cpu         ] GC(1060) User=0.69s Sys=0.00s Real=0.11s
[4055.537s][info][gc,marking     ] GC(1061) Concurrent Scan Root Regions 177.327ms
[4055.537s][info][gc,marking     ] GC(1061) Concurrent Mark
[4055.537s][info][gc,marking     ] GC(1061) Concurrent Mark From Roots
[4055.537s][info][gc,task        ] GC(1061) Using 2 workers of 2 for marking
.[4056.506s][info][gc,marking     ] GC(1061) Concurrent Mark From Roots 968.441ms
[4056.506s][info][gc,marking     ] GC(1061) Concurrent Preclean
[4056.506s][info][gc,marking     ] GC(1061) Concurrent Preclean 0.131ms
[4056.508s][info][gc,start       ] GC(1061) Pause Remark
[4056.515s][info][gc             ] GC(1061) Pause Remark 2449M->2449M(4096M) 7.171ms
[4056.515s][info][gc,cpu         ] GC(1061) User=0.04s Sys=0.00s Real=0.01s
[4056.516s][info][gc,marking     ] GC(1061) Concurrent Mark 978.443ms
[4056.516s][info][gc,marking     ] GC(1061) Concurrent Rebuild Remembered Sets and Scrub Regions
.[4056.734s][info][gc,marking     ] GC(1061) Concurrent Rebuild Remembered Sets and Scrub Regions 218.021ms
[4056.734s][info][gc,start       ] GC(1061) Pause Cleanup
[4056.734s][info][gc             ] GC(1061) Pause Cleanup 2647M->2647M(4096M) 0.099ms
[4056.734s][info][gc,cpu         ] GC(1061) User=0.00s Sys=0.00s Real=0.00s
[4056.734s][info][gc,marking     ] GC(1061) Concurrent Clear Claimed Marks
[4056.734s][info][gc,marking     ] GC(1061) Concurrent Clear Claimed Marks 0.020ms
[4056.734s][info][gc,marking     ] GC(1061) Concurrent Cleanup for Next Mark
[4056.739s][info][gc,marking     ] GC(1061) Concurrent Cleanup for Next Mark 5.375ms
[4056.739s][info][gc             ] GC(1061) Concurrent Mark Cycle 1379.672ms
.[4057.790s][info][gc,start       ] GC(1062) Pause Young (Prepare Mixed) (G1 Evacuation Pause)
[4057.790s][info][gc,task        ] GC(1062) Using 6 workers of 6 for evacuation
[4057.908s][info][gc,phases      ] GC(1062)   Pre Evacuate Collection Set: 0.35ms
[4057.908s][info][gc,phases      ] GC(1062)   Merge Heap Roots: 0.52ms
[4057.908s][info][gc,phases      ] GC(1062)   Evacuate Collection Set: 115.84ms
[4057.908s][info][gc,phases      ] GC(1062)   Post Evacuate Collection Set: 0.92ms
[4057.908s][info][gc,phases      ] GC(1062)   Other: 0.09ms
[4057.908s][info][gc,heap        ] GC(1062) Eden regions: 1119->0(1105)
[4057.908s][info][gc,heap        ] GC(1062) Survivor regions: 109->110(154)
[4057.908s][info][gc,heap        ] GC(1062) Old regions: 506->540
[4057.908s][info][gc,heap        ] GC(1062) Humongous regions: 80->80
[4057.908s][info][gc,metaspace   ] GC(1062) Metaspace: 28866K(29312K)->28866K(29312K) NonClass: 23996K(24192K)->23996K(24192K) Class: 4869K(5120K)->4869K(5120K)
[4057.908s][info][gc             ] GC(1062) Pause Young (Prepare Mixed) (G1 Evacuation Pause) 3627M->1458M(4096M) 117.850ms
[4057.908s][info][gc,cpu         ] GC(1062) User=0.69s Sys=0.00s Real=0.12s
..|[4060.342s][info][gc,start       ] GC(1063) Pause Young (Mixed) (G1 Evacuation Pause)
[4060.342s][info][gc,task        ] GC(1063) Using 6 workers of 6 for evacuation
[4060.478s][info][gc,phases      ] GC(1063)   Pre Evacuate Collection Set: 0.38ms
[4060.478s][info][gc,phases      ] GC(1063)   Merge Heap Roots: 0.67ms
[4060.478s][info][gc,phases      ] GC(1063)   Evacuate Collection Set: 133.47ms
[4060.478s][info][gc,phases      ] GC(1063)   Post Evacuate Collection Set: 0.96ms
[4060.478s][info][gc,phases      ] GC(1063)   Other: 0.09ms
[4060.478s][info][gc,heap        ] GC(1063) Eden regions: 1105->0(1116)
[4060.478s][info][gc,heap        ] GC(1063) Survivor regions: 110->112(152)
[4060.478s][info][gc,heap        ] GC(1063) Old regions: 540->476
[4060.478s][info][gc,heap        ] GC(1063) Humongous regions: 80->80
[4060.478s][info][gc,metaspace   ] GC(1063) Metaspace: 28866K(29312K)->28866K(29312K) NonClass: 23996K(24192K)->23996K(24192K) Class: 4869K(5120K)->4869K(5120K)
[4060.478s][info][gc             ] GC(1063) Pause Young (Mixed) (G1 Evacuation Pause) 3668M->1333M(4096M) 135.694ms
[4060.478s][info][gc,cpu         ] GC(1063) User=0.81s Sys=0.00s Real=0.14s
...[4062.854s][info][gc,start       ] GC(1064) Pause Young (Concurrent Start) (G1 Evacuation Pause)
[4062.854s][info][gc,task        ] GC(1064) Using 6 workers of 6 for evacuation
[4062.975s][info][gc,phases      ] GC(1064)   Pre Evacuate Collection Set: 0.36ms
[4062.975s][info][gc,phases      ] GC(1064)   Merge Heap Roots: 0.46ms
[4062.975s][info][gc,phases      ] GC(1064)   Evacuate Collection Set: 118.61ms
[4062.975s][info][gc,phases      ] GC(1064)   Post Evacuate Collection Set: 0.87ms
[4062.975s][info][gc,phases      ] GC(1064)   Other: 0.11ms
[4062.975s][info][gc,heap        ] GC(1064) Eden regions: 1116->0(1116)
[4062.975s][info][gc,heap        ] GC(1064) Survivor regions: 112->112(154)
[4062.975s][info][gc,heap        ] GC(1064) Old regions: 476->508
[4062.975s][info][gc,heap        ] GC(1064) Humongous regions: 80->80
[4062.975s][info][gc,metaspace   ] GC(1064) Metaspace: 28866K(29312K)->28866K(29312K) NonClass: 23996K(24192K)->23996K(24192K) Class: 4869K(5120K)->4869K(5120K)
[4062.975s][info][gc             ] GC(1064) Pause Young (Concurrent Start) (G1 Evacuation Pause) 3565M->1398M(4096M) 120.567ms
[4062.975s][info][gc             ] GC(1065) Concurrent Mark Cycle
[4062.975s][info][gc,marking     ] GC(1065) Concurrent Scan Root Regions
[4062.975s][info][gc,cpu         ] GC(1064) User=0.71s Sys=0.00s Real=0.12s
[4063.117s][info][gc,marking     ] GC(1065) Concurrent Scan Root Regions 141.859ms
[4063.117s][info][gc,marking     ] GC(1065) Concurrent Mark
[4063.117s][info][gc,marking     ] GC(1065) Concurrent Mark From Roots
[4063.117s][info][gc,task        ] GC(1065) Using 2 workers of 2 for marking
.[4063.818s][info][gc,marking     ] GC(1065) Concurrent Mark From Roots 701.187ms
[4063.818s][info][gc,marking     ] GC(1065) Concurrent Preclean
[4063.818s][info][gc,marking     ] GC(1065) Concurrent Preclean 0.126ms
[4063.822s][info][gc,start       ] GC(1065) Pause Remark
[4063.827s][info][gc             ] GC(1065) Pause Remark 2124M->2122M(4096M) 5.521ms
[4063.827s][info][gc,cpu         ] GC(1065) User=0.04s Sys=0.00s Real=0.01s
[4063.827s][info][gc,marking     ] GC(1065) Concurrent Mark 710.671ms
[4063.827s][info][gc,marking     ] GC(1065) Concurrent Rebuild Remembered Sets and Scrub Regions
[4064.151s][info][gc,marking     ] GC(1065) Concurrent Rebuild Remembered Sets and Scrub Regions 323.814ms
[4064.152s][info][gc,start       ] GC(1065) Pause Cleanup
[4064.152s][info][gc             ] GC(1065) Pause Cleanup 2402M->2402M(4096M) 0.120ms
[4064.152s][info][gc,cpu         ] GC(1065) User=0.00s Sys=0.00s Real=0.00s
[4064.152s][info][gc,marking     ] GC(1065) Concurrent Clear Claimed Marks
[4064.152s][info][gc,marking     ] GC(1065) Concurrent Clear Claimed Marks 0.040ms
[4064.152s][info][gc,marking     ] GC(1065) Concurrent Cleanup for Next Mark
[4064.157s][info][gc,marking     ] GC(1065) Concurrent Cleanup for Next Mark 4.649ms
[4064.157s][info][gc             ] GC(1065) Concurrent Mark Cycle 1182.299ms
.[4065.353s][info][gc,start       ] GC(1066) Pause Young (Prepare Mixed) (G1 Evacuation Pause)
[4065.353s][info][gc,task        ] GC(1066) Using 6 workers of 6 for evacuation
[4065.471s][info][gc,phases      ] GC(1066)   Pre Evacuate Collection Set: 0.31ms
[4065.471s][info][gc,phases      ] GC(1066)   Merge Heap Roots: 0.52ms
[4065.471s][info][gc,phases      ] GC(1066)   Evacuate Collection Set: 116.92ms
[4065.471s][info][gc,phases      ] GC(1066)   Post Evacuate Collection Set: 0.92ms
[4065.471s][info][gc,phases      ] GC(1066)   Other: 0.08ms
[4065.471s][info][gc,heap        ] GC(1066) Eden regions: 1116->0(1111)
[4065.471s][info][gc,heap        ] GC(1066) Survivor regions: 112->107(154)
[4065.472s][info][gc,heap        ] GC(1066) Old regions: 507->540
[4065.472s][info][gc,heap        ] GC(1066) Humongous regions: 80->80
[4065.472s][info][gc,metaspace   ] GC(1066) Metaspace: 28866K(29312K)->28866K(29312K) NonClass: 23996K(24192K)->23996K(24192K) Class: 4869K(5120K)->4869K(5120K)
[4065.472s][info][gc             ] GC(1066) Pause Young (Prepare Mixed) (G1 Evacuation Pause) 3628M->1452M(4096M) 118.890ms
[4065.472s][info][gc,cpu         ] GC(1066) User=0.71s Sys=0.00s Real=0.11s
...[4067.952s][info][gc,start       ] GC(1067) Pause Young (Mixed) (G1 Evacuation Pause)
[4067.952s][info][gc,task        ] GC(1067) Using 6 workers of 6 for evacuation
[4068.088s][info][gc,phases      ] GC(1067)   Pre Evacuate Collection Set: 0.37ms
[4068.088s][info][gc,phases      ] GC(1067)   Merge Heap Roots: 0.73ms
[4068.088s][info][gc,phases      ] GC(1067)   Evacuate Collection Set: 134.35ms
[4068.088s][info][gc,phases      ] GC(1067)   Post Evacuate Collection Set: 0.95ms
[4068.088s][info][gc,phases      ] GC(1067)   Other: 0.09ms
[4068.088s][info][gc,heap        ] GC(1067) Eden regions: 1111->0(1117)
[4068.088s][info][gc,heap        ] GC(1067) Survivor regions: 107->111(153)
[4068.088s][info][gc,heap        ] GC(1067) Old regions: 540->476
[4068.088s][info][gc,heap        ] GC(1067) Humongous regions: 80->80
[4068.088s][info][gc,metaspace   ] GC(1067) Metaspace: 28866K(29312K)->28866K(29312K) NonClass: 23996K(24192K)->23996K(24192K) Class: 4869K(5120K)->4869K(5120K)
[4068.088s][info][gc             ] GC(1067) Pause Young (Mixed) (G1 Evacuation Pause) 3674M->1332M(4096M) 136.621ms
[4068.089s][info][gc,cpu         ] GC(1067) User=0.81s Sys=0.00s Real=0.14s
..[4070.506s][info][gc,start       ] GC(1068) Pause Young (Concurrent Start) (G1 Evacuation Pause)
[4070.507s][info][gc,task        ] GC(1068) Using 6 workers of 6 for evacuation
[4070.628s][info][gc,phases      ] GC(1068)   Pre Evacuate Collection Set: 0.34ms
[4070.628s][info][gc,phases      ] GC(1068)   Merge Heap Roots: 0.43ms
[4070.628s][info][gc,phases      ] GC(1068)   Evacuate Collection Set: 119.64ms
[4070.628s][info][gc,phases      ] GC(1068)   Post Evacuate Collection Set: 0.86ms
[4070.628s][info][gc,phases      ] GC(1068)   Other: 0.11ms
[4070.628s][info][gc,heap        ] GC(1068) Eden regions: 1117->0(1116)
[4070.628s][info][gc,heap        ] GC(1068) Survivor regions: 111->112(154)
[4070.628s][info][gc,heap        ] GC(1068) Old regions: 476->507
[4070.628s][info][gc,heap        ] GC(1068) Humongous regions: 80->80
[4070.628s][info][gc,metaspace   ] GC(1068) Metaspace: 28866K(29312K)->28866K(29312K) NonClass: 23996K(24192K)->23996K(24192K) Class: 4869K(5120K)->4869K(5120K)
[4070.628s][info][gc             ] GC(1068) Pause Young (Concurrent Start) (G1 Evacuation Pause) 3566M->1397M(4096M) 121.512ms
[4070.628s][info][gc             ] GC(1069) Concurrent Mark Cycle
[4070.628s][info][gc,marking     ] GC(1069) Concurrent Scan Root Regions
[4070.628s][info][gc,cpu         ] GC(1068) User=0.72s Sys=0.00s Real=0.12s
[4070.767s][info][gc,marking     ] GC(1069) Concurrent Scan Root Regions 139.286ms
[4070.768s][info][gc,marking     ] GC(1069) Concurrent Mark
[4070.768s][info][gc,marking     ] GC(1069) Concurrent Mark From Roots
[4070.768s][info][gc,task        ] GC(1069) Using 2 workers of 2 for marking
.[4071.494s][info][gc,marking     ] GC(1069) Concurrent Mark From Roots 725.930ms
[4071.494s][info][gc,marking     ] GC(1069) Concurrent Preclean
[4071.494s][info][gc,marking     ] GC(1069) Concurrent Preclean 0.133ms
[4071.495s][info][gc,start       ] GC(1069) Pause Remark
[4071.501s][info][gc             ] GC(1069) Pause Remark 2131M->2131M(4096M) 5.599ms
[4071.501s][info][gc,cpu         ] GC(1069) User=0.03s Sys=0.00s Real=0.00s
[4071.501s][info][gc,marking     ] GC(1069) Concurrent Mark 732.614ms
[4071.501s][info][gc,marking     ] GC(1069) Concurrent Rebuild Remembered Sets and Scrub Regions
[4071.797s][info][gc,marking     ] GC(1069) Concurrent Rebuild Remembered Sets and Scrub Regions 296.174ms
[4071.797s][info][gc,start       ] GC(1069) Pause Cleanup
[4071.797s][info][gc             ] GC(1069) Pause Cleanup 2400M->2400M(4096M) 0.117ms
[4071.797s][info][gc,cpu         ] GC(1069) User=0.00s Sys=0.00s Real=0.00s
[4071.797s][info][gc,marking     ] GC(1069) Concurrent Clear Claimed Marks
[4071.797s][info][gc,marking     ] GC(1069) Concurrent Clear Claimed Marks 0.026ms
[4071.797s][info][gc,marking     ] GC(1069) Concurrent Cleanup for Next Mark
[4071.802s][info][gc,marking     ] GC(1069) Concurrent Cleanup for Next Mark 4.905ms
[4071.802s][info][gc             ] GC(1069) Concurrent Mark Cycle 1174.366ms
..[4073.138s][info][gc,start       ] GC(1070) Pause Young (Prepare Mixed) (G1 Evacuation Pause)
[4073.138s][info][gc,task        ] GC(1070) Using 6 workers of 6 for evacuation
[4073.254s][info][gc,phases      ] GC(1070)   Pre Evacuate Collection Set: 0.34ms
[4073.254s][info][gc,phases      ] GC(1070)   Merge Heap Roots: 0.49ms
[4073.254s][info][gc,phases      ] GC(1070)   Evacuate Collection Set: 114.21ms
[4073.254s][info][gc,phases      ] GC(1070)   Post Evacuate Collection Set: 0.92ms
[4073.254s][info][gc,phases      ] GC(1070)   Other: 0.08ms
[4073.254s][info][gc,heap        ] GC(1070) Eden regions: 1116->0(1110)
[4073.254s][info][gc,heap        ] GC(1070) Survivor regions: 112->108(154)
[4073.254s][info][gc,heap        ] GC(1070) Old regions: 507->539
[4073.254s][info][gc,heap        ] GC(1070) Humongous regions: 80->80
[4073.254s][info][gc,metaspace   ] GC(1070) Metaspace: 28866K(29312K)->28866K(29312K) NonClass: 23996K(24192K)->23996K(24192K) Class: 4869K(5120K)->4869K(5120K)
[4073.254s][info][gc             ] GC(1070) Pause Young (Prepare Mixed) (G1 Evacuation Pause) 3629M->1451M(4096M) 116.174ms
[4073.254s][info][gc,cpu         ] GC(1070) User=0.69s Sys=0.00s Real=0.12s
..[4075.695s][info][gc,start       ] GC(1071) Pause Young (Mixed) (G1 Evacuation Pause)
[4075.695s][info][gc,task        ] GC(1071) Using 6 workers of 6 for evacuation
[4075.835s][info][gc,phases      ] GC(1071)   Pre Evacuate Collection Set: 0.36ms
[4075.835s][info][gc,phases      ] GC(1071)   Merge Heap Roots: 0.63ms
[4075.835s][info][gc,phases      ] GC(1071)   Evacuate Collection Set: 138.42ms
[4075.835s][info][gc,phases      ] GC(1071)   Post Evacuate Collection Set: 0.93ms
[4075.835s][info][gc,phases      ] GC(1071)   Other: 0.09ms
[4075.835s][info][gc,heap        ] GC(1071) Eden regions: 1110->0(1111)
[4075.835s][info][gc,heap        ] GC(1071) Survivor regions: 108->117(153)
[4075.835s][info][gc,heap        ] GC(1071) Old regions: 539->472
[4075.835s][info][gc,heap        ] GC(1071) Humongous regions: 80->80
[4075.835s][info][gc,metaspace   ] GC(1071) Metaspace: 28866K(29312K)->28866K(29312K) NonClass: 23996K(24192K)->23996K(24192K) Class: 4869K(5120K)->4869K(5120K)
[4075.835s][info][gc             ] GC(1071) Pause Young (Mixed) (G1 Evacuation Pause) 3671M->1336M(4096M) 140.589ms
[4075.835s][info][gc,cpu         ] GC(1071) User=0.83s Sys=0.00s Real=0.14s
...[4078.217s][info][gc,start       ] GC(1072) Pause Young (Concurrent Start) (G1 Evacuation Pause)
[4078.217s][info][gc,task        ] GC(1072) Using 6 workers of 6 for evacuation
[4078.343s][info][gc,phases      ] GC(1072)   Pre Evacuate Collection Set: 0.35ms
[4078.343s][info][gc,phases      ] GC(1072)   Merge Heap Roots: 0.44ms
[4078.343s][info][gc,phases      ] GC(1072)   Evacuate Collection Set: 123.75ms
[4078.343s][info][gc,phases      ] GC(1072)   Post Evacuate Collection Set: 0.90ms
[4078.343s][info][gc,phases      ] GC(1072)   Other: 0.11ms
[4078.343s][info][gc,heap        ] GC(1072) Eden regions: 1111->0(1112)
[4078.343s][info][gc,heap        ] GC(1072) Survivor regions: 117->116(154)
[4078.343s][info][gc,heap        ] GC(1072) Old regions: 472->505
[4078.343s][info][gc,heap        ] GC(1072) Humongous regions: 80->80
[4078.343s][info][gc,metaspace   ] GC(1072) Metaspace: 28866K(29312K)->28866K(29312K) NonClass: 23996K(24192K)->23996K(24192K) Class: 4869K(5120K)->4869K(5120K)
[4078.343s][info][gc             ] GC(1072) Pause Young (Concurrent Start) (G1 Evacuation Pause) 3558M->1399M(4096M) 125.691ms
[4078.343s][info][gc             ] GC(1073) Concurrent Mark Cycle
[4078.343s][info][gc,marking     ] GC(1073) Concurrent Scan Root Regions
[4078.343s][info][gc,cpu         ] GC(1072) User=0.74s Sys=0.00s Real=0.13s
[4078.491s][info][gc,marking     ] GC(1073) Concurrent Scan Root Regions 147.446ms
[4078.491s][info][gc,marking     ] GC(1073) Concurrent Mark
[4078.491s][info][gc,marking     ] GC(1073) Concurrent Mark From Roots
[4078.491s][info][gc,task        ] GC(1073) Using 2 workers of 2 for marking
.[4079.202s][info][gc,marking     ] GC(1073) Concurrent Mark From Roots 711.518ms
[4079.202s][info][gc,marking     ] GC(1073) Concurrent Preclean
[4079.202s][info][gc,marking     ] GC(1073) Concurrent Preclean 0.147ms
[4079.205s][info][gc,start       ] GC(1073) Pause Remark
[4079.212s][info][gc             ] GC(1073) Pause Remark 2149M->2149M(4096M) 6.996ms
[4079.212s][info][gc,cpu         ] GC(1073) User=0.04s Sys=0.00s Real=0.00s
[4079.212s][info][gc,marking     ] GC(1073) Concurrent Mark 721.424ms
[4079.212s][info][gc,marking     ] GC(1073) Concurrent Rebuild Remembered Sets and Scrub Regions
[4079.494s][info][gc,marking     ] GC(1073) Concurrent Rebuild Remembered Sets and Scrub Regions 281.829ms
[4079.494s][info][gc,start       ] GC(1073) Pause Cleanup
[4079.494s][info][gc             ] GC(1073) Pause Cleanup 2424M->2424M(4096M) 0.112ms
[4079.494s][info][gc,cpu         ] GC(1073) User=0.00s Sys=0.00s Real=0.00s
[4079.494s][info][gc,marking     ] GC(1073) Concurrent Clear Claimed Marks
[4079.494s][info][gc,marking     ] GC(1073) Concurrent Clear Claimed Marks 0.030ms
[4079.494s][info][gc,marking     ] GC(1073) Concurrent Cleanup for Next Mark
[4079.511s][info][gc,marking     ] GC(1073) Concurrent Cleanup for Next Mark 16.815ms
[4079.511s][info][gc             ] GC(1073) Concurrent Mark Cycle 1168.086ms
.[4080.784s][info][gc,start       ] GC(1074) Pause Young (Prepare Mixed) (G1 Evacuation Pause)
[4080.784s][info][gc,task        ] GC(1074) Using 6 workers of 6 for evacuation
[4080.903s][info][gc,phases      ] GC(1074)   Pre Evacuate Collection Set: 0.32ms
[4080.903s][info][gc,phases      ] GC(1074)   Merge Heap Roots: 0.53ms
[4080.903s][info][gc,phases      ] GC(1074)   Evacuate Collection Set: 117.07ms
[4080.903s][info][gc,phases      ] GC(1074)   Post Evacuate Collection Set: 0.94ms
[4080.903s][info][gc,phases      ] GC(1074)   Other: 0.09ms
[4080.903s][info][gc,heap        ] GC(1074) Eden regions: 1112->0(1108)
[4080.903s][info][gc,heap        ] GC(1074) Survivor regions: 116->110(154)
[4080.903s][info][gc,heap        ] GC(1074) Old regions: 505->537
[4080.903s][info][gc,heap        ] GC(1074) Humongous regions: 80->80
[4080.903s][info][gc,metaspace   ] GC(1074) Metaspace: 28866K(29312K)->28866K(29312K) NonClass: 23996K(24192K)->23996K(24192K) Class: 4869K(5120K)->4869K(5120K)
[4080.903s][info][gc             ] GC(1074) Pause Young (Prepare Mixed) (G1 Evacuation Pause) 3623M->1452M(4096M) 119.125ms
[4080.903s][info][gc,cpu         ] GC(1074) User=0.70s Sys=0.00s Real=0.12s
...[4083.354s][info][gc,start       ] GC(1075) Pause Young (Mixed) (G1 Evacuation Pause)
[4083.354s][info][gc,task        ] GC(1075) Using 6 workers of 6 for evacuation
[4083.492s][info][gc,phases      ] GC(1075)   Pre Evacuate Collection Set: 0.33ms
[4083.492s][info][gc,phases      ] GC(1075)   Merge Heap Roots: 0.77ms
[4083.492s][info][gc,phases      ] GC(1075)   Evacuate Collection Set: 135.89ms
[4083.492s][info][gc,phases      ] GC(1075)   Post Evacuate Collection Set: 0.95ms
[4083.492s][info][gc,phases      ] GC(1075)   Other: 0.09ms
[4083.492s][info][gc,heap        ] GC(1075) Eden regions: 1108->0(1115)
[4083.492s][info][gc,heap        ] GC(1075) Survivor regions: 110->113(153)
[4083.492s][info][gc,heap        ] GC(1075) Old regions: 537->475
[4083.492s][info][gc,heap        ] GC(1075) Humongous regions: 80->80
[4083.492s][info][gc,metaspace   ] GC(1075) Metaspace: 28866K(29312K)->28866K(29312K) NonClass: 23996K(24192K)->23996K(24192K) Class: 4869K(5120K)->4869K(5120K)
[4083.492s][info][gc             ] GC(1075) Pause Young (Mixed) (G1 Evacuation Pause) 3668M->1334M(4096M) 138.160ms
[4083.492s][info][gc,cpu         ] GC(1075) User=0.82s Sys=0.00s Real=0.14s
..[4085.889s][info][gc,start       ] GC(1076) Pause Young (Concurrent Start) (G1 Evacuation Pause)
[4085.889s][info][gc,task        ] GC(1076) Using 6 workers of 6 for evacuation
[4086.010s][info][gc,phases      ] GC(1076)   Pre Evacuate Collection Set: 0.33ms
[4086.010s][info][gc,phases      ] GC(1076)   Merge Heap Roots: 0.46ms
[4086.010s][info][gc,phases      ] GC(1076)   Evacuate Collection Set: 118.74ms
[4086.010s][info][gc,phases      ] GC(1076)   Post Evacuate Collection Set: 0.90ms
[4086.010s][info][gc,phases      ] GC(1076)   Other: 0.12ms
[4086.010s][info][gc,heap        ] GC(1076) Eden regions: 1115->0(1115)
[4086.010s][info][gc,heap        ] GC(1076) Survivor regions: 113->113(154)
[4086.010s][info][gc,heap        ] GC(1076) Old regions: 475->507
[4086.010s][info][gc,heap        ] GC(1076) Humongous regions: 80->80
[4086.010s][info][gc,metaspace   ] GC(1076) Metaspace: 28866K(29312K)->28866K(29312K) NonClass: 23996K(24192K)->23996K(24192K) Class: 4869K(5120K)->4869K(5120K)
[4086.010s][info][gc             ] GC(1076) Pause Young (Concurrent Start) (G1 Evacuation Pause) 3564M->1398M(4096M) 120.698ms
[4086.010s][info][gc             ] GC(1077) Concurrent Mark Cycle
[4086.010s][info][gc,marking     ] GC(1077) Concurrent Scan Root Regions
[4086.010s][info][gc,cpu         ] GC(1076) User=0.72s Sys=0.01s Real=0.12s
.[4086.194s][info][gc,marking     ] GC(1077) Concurrent Scan Root Regions 183.716ms
[4086.194s][info][gc,marking     ] GC(1077) Concurrent Mark
[4086.194s][info][gc,marking     ] GC(1077) Concurrent Mark From Roots
[4086.194s][info][gc,task        ] GC(1077) Using 2 workers of 2 for marking
[4086.907s][info][gc,marking     ] GC(1077) Concurrent Mark From Roots 713.320ms
[4086.907s][info][gc,marking     ] GC(1077) Concurrent Preclean
[4086.907s][info][gc,marking     ] GC(1077) Concurrent Preclean 0.102ms
[4086.908s][info][gc,start       ] GC(1077) Pause Remark
[4086.914s][info][gc             ] GC(1077) Pause Remark 2237M->2237M(4096M) 6.424ms
[4086.914s][info][gc,cpu         ] GC(1077) User=0.03s Sys=0.00s Real=0.01s
[4086.914s][info][gc,marking     ] GC(1077) Concurrent Mark 720.127ms
[4086.914s][info][gc,marking     ] GC(1077) Concurrent Rebuild Remembered Sets and Scrub Regions
.[4087.231s][info][gc,marking     ] GC(1077) Concurrent Rebuild Remembered Sets and Scrub Regions 316.541ms
[4087.232s][info][gc,start       ] GC(1077) Pause Cleanup
[4087.232s][info][gc             ] GC(1077) Pause Cleanup 2528M->2528M(4096M) 0.123ms
[4087.232s][info][gc,cpu         ] GC(1077) User=0.00s Sys=0.00s Real=0.01s
[4087.232s][info][gc,marking     ] GC(1077) Concurrent Clear Claimed Marks
[4087.232s][info][gc,marking     ] GC(1077) Concurrent Clear Claimed Marks 0.023ms
[4087.232s][info][gc,marking     ] GC(1077) Concurrent Cleanup for Next Mark
[4087.242s][info][gc,marking     ] GC(1077) Concurrent Cleanup for Next Mark 10.277ms
[4087.242s][info][gc             ] GC(1077) Concurrent Mark Cycle 1232.299ms
.[4088.498s][info][gc,start       ] GC(1078) Pause Young (Prepare Mixed) (G1 Evacuation Pause)
[4088.498s][info][gc,task        ] GC(1078) Using 6 workers of 6 for evacuation
[4088.618s][info][gc,phases      ] GC(1078)   Pre Evacuate Collection Set: 0.34ms
[4088.618s][info][gc,phases      ] GC(1078)   Merge Heap Roots: 0.54ms
[4088.618s][info][gc,phases      ] GC(1078)   Evacuate Collection Set: 118.13ms
[4088.618s][info][gc,phases      ] GC(1078)   Post Evacuate Collection Set: 0.94ms
[4088.618s][info][gc,phases      ] GC(1078)   Other: 0.10ms
[4088.618s][info][gc,heap        ] GC(1078) Eden regions: 1115->0(1108)
[4088.618s][info][gc,heap        ] GC(1078) Survivor regions: 113->109(154)
[4088.618s][info][gc,heap        ] GC(1078) Old regions: 507->539
[4088.618s][info][gc,heap        ] GC(1078) Humongous regions: 80->80
[4088.618s][info][gc,metaspace   ] GC(1078) Metaspace: 28866K(29312K)->28866K(29312K) NonClass: 23996K(24192K)->23996K(24192K) Class: 4869K(5120K)->4869K(5120K)
[4088.618s][info][gc             ] GC(1078) Pause Young (Prepare Mixed) (G1 Evacuation Pause) 3628M->1455M(4096M) 120.201ms
[4088.618s][info][gc,cpu         ] GC(1078) User=0.71s Sys=0.00s Real=0.12s
..[4091.021s][info][gc,start       ] GC(1079) Pause Young (Mixed) (G1 Evacuation Pause)
[4091.021s][info][gc,task        ] GC(1079) Using 6 workers of 6 for evacuation
[4091.153s][info][gc,phases      ] GC(1079)   Pre Evacuate Collection Set: 0.41ms
[4091.153s][info][gc,phases      ] GC(1079)   Merge Heap Roots: 0.68ms
[4091.153s][info][gc,phases      ] GC(1079)   Evacuate Collection Set: 128.65ms
[4091.153s][info][gc,phases      ] GC(1079)   Post Evacuate Collection Set: 0.95ms
[4091.153s][info][gc,phases      ] GC(1079)   Other: 0.86ms
[4091.153s][info][gc,heap        ] GC(1079) Eden regions: 1108->0(1120)
[4091.153s][info][gc,heap        ] GC(1079) Survivor regions: 109->108(153)
[4091.153s][info][gc,heap        ] GC(1079) Old regions: 539->475
[4091.153s][info][gc,heap        ] GC(1079) Humongous regions: 80->80
[4091.153s][info][gc,metaspace   ] GC(1079) Metaspace: 28866K(29312K)->28866K(29312K) NonClass: 23996K(24192K)->23996K(24192K) Class: 4869K(5120K)->4869K(5120K)
[4091.153s][info][gc             ] GC(1079) Pause Young (Mixed) (G1 Evacuation Pause) 3671M->1324M(4096M) 131.695ms
[4091.153s][info][gc,cpu         ] GC(1079) User=0.77s Sys=0.00s Real=0.14s
...[4093.570s][info][gc,start       ] GC(1080) Pause Young (Concurrent Start) (G1 Evacuation Pause)
[4093.570s][info][gc,task        ] GC(1080) Using 6 workers of 6 for evacuation
[4093.686s][info][gc,phases      ] GC(1080)   Pre Evacuate Collection Set: 0.39ms
[4093.686s][info][gc,phases      ] GC(1080)   Merge Heap Roots: 0.46ms
[4093.686s][info][gc,phases      ] GC(1080)   Evacuate Collection Set: 114.87ms
[4093.686s][info][gc,phases      ] GC(1080)   Post Evacuate Collection Set: 0.88ms
[4093.686s][info][gc,phases      ] GC(1080)   Other: 0.10ms
[4093.686s][info][gc,heap        ] GC(1080) Eden regions: 1120->0(1118)
[4093.686s][info][gc,heap        ] GC(1080) Survivor regions: 108->110(154)
[4093.686s][info][gc,heap        ] GC(1080) Old regions: 475->508
[4093.686s][info][gc,heap        ] GC(1080) Humongous regions: 80->80
[4093.686s][info][gc,metaspace   ] GC(1080) Metaspace: 28866K(29312K)->28866K(29312K) NonClass: 23996K(24192K)->23996K(24192K) Class: 4869K(5120K)->4869K(5120K)
[4093.687s][info][gc             ] GC(1080) Pause Young (Concurrent Start) (G1 Evacuation Pause) 3564M->1393M(4096M) 116.824ms
[4093.687s][info][gc             ] GC(1081) Concurrent Mark Cycle
[4093.687s][info][gc,marking     ] GC(1081) Concurrent Scan Root Regions
[4093.687s][info][gc,cpu         ] GC(1080) User=0.69s Sys=0.00s Real=0.12s
[4093.865s][info][gc,marking     ] GC(1081) Concurrent Scan Root Regions 178.536ms
[4093.865s][info][gc,marking     ] GC(1081) Concurrent Mark
[4093.865s][info][gc,marking     ] GC(1081) Concurrent Mark From Roots
[4093.865s][info][gc,task        ] GC(1081) Using 2 workers of 2 for marking
.[4094.844s][info][gc,marking     ] GC(1081) Concurrent Mark From Roots 978.732ms
[4094.844s][info][gc,marking     ] GC(1081) Concurrent Preclean
[4094.844s][info][gc,marking     ] GC(1081) Concurrent Preclean 0.142ms
[4094.845s][info][gc,start       ] GC(1081) Pause Remark
[4094.852s][info][gc             ] GC(1081) Pause Remark 2441M->2441M(4096M) 7.128ms
[4094.852s][info][gc,cpu         ] GC(1081) User=0.04s Sys=0.00s Real=0.01s
[4094.853s][info][gc,marking     ] GC(1081) Concurrent Mark 987.791ms
[4094.853s][info][gc,marking     ] GC(1081) Concurrent Rebuild Remembered Sets and Scrub Regions
[4095.150s][info][gc,marking     ] GC(1081) Concurrent Rebuild Remembered Sets and Scrub Regions 296.791ms
[4095.150s][info][gc,start       ] GC(1081) Pause Cleanup
[4095.150s][info][gc             ] GC(1081) Pause Cleanup 2709M->2709M(4096M) 0.101ms
[4095.150s][info][gc,cpu         ] GC(1081) User=0.00s Sys=0.00s Real=0.00s
[4095.150s][info][gc,marking     ] GC(1081) Concurrent Clear Claimed Marks
[4095.150s][info][gc,marking     ] GC(1081) Concurrent Clear Claimed Marks 0.026ms
[4095.150s][info][gc,marking     ] GC(1081) Concurrent Cleanup for Next Mark
[4095.154s][info][gc,marking     ] GC(1081) Concurrent Cleanup for Next Mark 3.710ms
[4095.154s][info][gc             ] GC(1081) Concurrent Mark Cycle 1467.313ms
.[4096.138s][info][gc,start       ] GC(1082) Pause Young (Prepare Mixed) (G1 Evacuation Pause)
[4096.138s][info][gc,task        ] GC(1082) Using 6 workers of 6 for evacuation
[4096.257s][info][gc,phases      ] GC(1082)   Pre Evacuate Collection Set: 0.35ms
[4096.257s][info][gc,phases      ] GC(1082)   Merge Heap Roots: 0.58ms
[4096.257s][info][gc,phases      ] GC(1082)   Evacuate Collection Set: 116.29ms
[4096.257s][info][gc,phases      ] GC(1082)   Post Evacuate Collection Set: 0.94ms
[4096.257s][info][gc,phases      ] GC(1082)   Other: 0.83ms
[4096.257s][info][gc,heap        ] GC(1082) Eden regions: 1118->0(1105)
[4096.257s][info][gc,heap        ] GC(1082) Survivor regions: 110->110(154)
[4096.257s][info][gc,heap        ] GC(1082) Old regions: 508->540
[4096.257s][info][gc,heap        ] GC(1082) Humongous regions: 80->80
[4096.257s][info][gc,metaspace   ] GC(1082) Metaspace: 28866K(29312K)->28866K(29312K) NonClass: 23996K(24192K)->23996K(24192K) Class: 4869K(5120K)->4869K(5120K)
[4096.257s][info][gc             ] GC(1082) Pause Young (Prepare Mixed) (G1 Evacuation Pause) 3629M->1458M(4096M) 119.126ms
[4096.257s][info][gc,cpu         ] GC(1082) User=0.70s Sys=0.00s Real=0.12s
...[4098.773s][info][gc,start       ] GC(1083) Pause Young (Mixed) (G1 Evacuation Pause)
[4098.773s][info][gc,task        ] GC(1083) Using 6 workers of 6 for evacuation
[4098.908s][info][gc,phases      ] GC(1083)   Pre Evacuate Collection Set: 0.35ms
[4098.908s][info][gc,phases      ] GC(1083)   Merge Heap Roots: 0.74ms
[4098.908s][info][gc,phases      ] GC(1083)   Evacuate Collection Set: 133.31ms
[4098.908s][info][gc,phases      ] GC(1083)   Post Evacuate Collection Set: 0.96ms
[4098.908s][info][gc,phases      ] GC(1083)   Other: 0.10ms
[4098.908s][info][gc,heap        ] GC(1083) Eden regions: 1105->0(1117)
[4098.908s][info][gc,heap        ] GC(1083) Survivor regions: 110->111(152)
[4098.908s][info][gc,heap        ] GC(1083) Old regions: 540->476
[4098.908s][info][gc,heap        ] GC(1083) Humongous regions: 80->80
[4098.908s][info][gc,metaspace   ] GC(1083) Metaspace: 28866K(29312K)->28866K(29312K) NonClass: 23996K(24192K)->23996K(24192K) Class: 4869K(5120K)->4869K(5120K)
[4098.909s][info][gc             ] GC(1083) Pause Young (Mixed) (G1 Evacuation Pause) 3668M->1331M(4096M) 135.602ms
[4098.909s][info][gc,cpu         ] GC(1083) User=0.80s Sys=0.00s Real=0.13s
...[4101.332s][info][gc,start       ] GC(1084) Pause Young (Concurrent Start) (G1 Evacuation Pause)
[4101.332s][info][gc,task        ] GC(1084) Using 6 workers of 6 for evacuation
[4101.451s][info][gc,phases      ] GC(1084)   Pre Evacuate Collection Set: 0.37ms
[4101.451s][info][gc,phases      ] GC(1084)   Merge Heap Roots: 0.50ms
[4101.451s][info][gc,phases      ] GC(1084)   Evacuate Collection Set: 117.09ms
[4101.451s][info][gc,phases      ] GC(1084)   Post Evacuate Collection Set: 0.87ms
[4101.451s][info][gc,phases      ] GC(1084)   Other: 0.12ms
[4101.451s][info][gc,heap        ] GC(1084) Eden regions: 1117->0(1117)
[4101.451s][info][gc,heap        ] GC(1084) Survivor regions: 111->111(154)
[4101.451s][info][gc,heap        ] GC(1084) Old regions: 476->507
[4101.451s][info][gc,heap        ] GC(1084) Humongous regions: 80->80
[4101.451s][info][gc,metaspace   ] GC(1084) Metaspace: 28866K(29312K)->28866K(29312K) NonClass: 23996K(24192K)->23996K(24192K) Class: 4869K(5120K)->4869K(5120K)
[4101.451s][info][gc             ] GC(1084) Pause Young (Concurrent Start) (G1 Evacuation Pause) 3565M->1395M(4096M) 119.090ms
[4101.451s][info][gc             ] GC(1085) Concurrent Mark Cycle
[4101.451s][info][gc,marking     ] GC(1085) Concurrent Scan Root Regions
[4101.451s][info][gc,cpu         ] GC(1084) User=0.70s Sys=0.00s Real=0.12s
[4101.590s][info][gc,marking     ] GC(1085) Concurrent Scan Root Regions 139.306ms
[4101.590s][info][gc,marking     ] GC(1085) Concurrent Mark
[4101.590s][info][gc,marking     ] GC(1085) Concurrent Mark From Roots
[4101.590s][info][gc,task        ] GC(1085) Using 2 workers of 2 for marking
[4102.325s][info][gc,marking     ] GC(1085) Concurrent Mark From Roots 734.137ms
[4102.325s][info][gc,marking     ] GC(1085) Concurrent Preclean
[4102.325s][info][gc,marking     ] GC(1085) Concurrent Preclean 0.138ms
[4102.325s][info][gc,start       ] GC(1085) Pause Remark
[4102.331s][info][gc             ] GC(1085) Pause Remark 2161M->2161M(4096M) 5.893ms
[4102.331s][info][gc,cpu         ] GC(1085) User=0.03s Sys=0.00s Real=0.00s
.[4102.332s][info][gc,marking     ] GC(1085) Concurrent Mark 741.283ms
[4102.332s][info][gc,marking     ] GC(1085) Concurrent Rebuild Remembered Sets and Scrub Regions
[4102.700s][info][gc,marking     ] GC(1085) Concurrent Rebuild Remembered Sets and Scrub Regions 368.004ms
[4102.700s][info][gc,start       ] GC(1085) Pause Cleanup
[4102.700s][info][gc             ] GC(1085) Pause Cleanup 2562M->2562M(4096M) 0.100ms
[4102.700s][info][gc,cpu         ] GC(1085) User=0.00s Sys=0.00s Real=0.00s
[4102.700s][info][gc,marking     ] GC(1085) Concurrent Clear Claimed Marks
[4102.700s][info][gc,marking     ] GC(1085) Concurrent Clear Claimed Marks 0.022ms
[4102.700s][info][gc,marking     ] GC(1085) Concurrent Cleanup for Next Mark
[4102.705s][info][gc,marking     ] GC(1085) Concurrent Cleanup for Next Mark 5.006ms
[4102.705s][info][gc             ] GC(1085) Concurrent Mark Cycle 1254.106ms
.[4103.832s][info][gc,start       ] GC(1086) Pause Young (Prepare Mixed) (G1 Evacuation Pause)
[4103.832s][info][gc,task        ] GC(1086) Using 6 workers of 6 for evacuation
[4103.950s][info][gc,phases      ] GC(1086)   Pre Evacuate Collection Set: 0.32ms
[4103.950s][info][gc,phases      ] GC(1086)   Merge Heap Roots: 0.53ms
[4103.950s][info][gc,phases      ] GC(1086)   Evacuate Collection Set: 115.80ms
[4103.950s][info][gc,phases      ] GC(1086)   Post Evacuate Collection Set: 0.91ms
[4103.950s][info][gc,phases      ] GC(1086)   Other: 0.09ms
[4103.950s][info][gc,heap        ] GC(1086) Eden regions: 1117->0(1102)
[4103.950s][info][gc,heap        ] GC(1086) Survivor regions: 111->112(154)
[4103.950s][info][gc,heap        ] GC(1086) Old regions: 507->539
[4103.950s][info][gc,heap        ] GC(1086) Humongous regions: 80->80
[4103.950s][info][gc,metaspace   ] GC(1086) Metaspace: 28866K(29312K)->28866K(29312K) NonClass: 23996K(24192K)->23996K(24192K) Class: 4869K(5120K)->4869K(5120K)
[4103.950s][info][gc             ] GC(1086) Pause Young (Prepare Mixed) (G1 Evacuation Pause) 3629M->1460M(4096M) 117.771ms
[4103.950s][info][gc,cpu         ] GC(1086) User=0.69s Sys=0.00s Real=0.11s
...[4106.401s][info][gc,start       ] GC(1087) Pause Young (Mixed) (G1 Evacuation Pause)
[4106.401s][info][gc,task        ] GC(1087) Using 6 workers of 6 for evacuation
[4106.532s][info][gc,phases      ] GC(1087)   Pre Evacuate Collection Set: 0.39ms
[4106.532s][info][gc,phases      ] GC(1087)   Merge Heap Roots: 0.67ms
[4106.532s][info][gc,phases      ] GC(1087)   Evacuate Collection Set: 129.29ms
[4106.532s][info][gc,phases      ] GC(1087)   Post Evacuate Collection Set: 0.99ms
[4106.532s][info][gc,phases      ] GC(1087)   Other: 0.09ms
[4106.532s][info][gc,heap        ] GC(1087) Eden regions: 1102->0(1120)
[4106.532s][info][gc,heap        ] GC(1087) Survivor regions: 112->108(152)
[4106.532s][info][gc,heap        ] GC(1087) Old regions: 539->474
[4106.532s][info][gc,heap        ] GC(1087) Humongous regions: 80->80
[4106.532s][info][gc,metaspace   ] GC(1087) Metaspace: 28866K(29312K)->28866K(29312K) NonClass: 23996K(24192K)->23996K(24192K) Class: 4869K(5120K)->4869K(5120K)
[4106.532s][info][gc             ] GC(1087) Pause Young (Mixed) (G1 Evacuation Pause) 3664M->1322M(4096M) 131.571ms
[4106.532s][info][gc,cpu         ] GC(1087) User=0.78s Sys=0.00s Real=0.14s
..[4108.964s][info][gc,start       ] GC(1088) Pause Young (Concurrent Start) (G1 Evacuation Pause)
[4108.964s][info][gc,task        ] GC(1088) Using 6 workers of 6 for evacuation
[4109.079s][info][gc,phases      ] GC(1088)   Pre Evacuate Collection Set: 0.38ms
[4109.079s][info][gc,phases      ] GC(1088)   Merge Heap Roots: 0.49ms
[4109.079s][info][gc,phases      ] GC(1088)   Evacuate Collection Set: 112.77ms
[4109.079s][info][gc,phases      ] GC(1088)   Post Evacuate Collection Set: 0.89ms
[4109.079s][info][gc,phases      ] GC(1088)   Other: 0.12ms
[4109.079s][info][gc,heap        ] GC(1088) Eden regions: 1120->0(1121)
[4109.079s][info][gc,heap        ] GC(1088) Survivor regions: 108->107(154)
[4109.079s][info][gc,heap        ] GC(1088) Old regions: 474->505
[4109.079s][info][gc,heap        ] GC(1088) Humongous regions: 80->80
[4109.079s][info][gc,metaspace   ] GC(1088) Metaspace: 28866K(29312K)->28866K(29312K) NonClass: 23996K(24192K)->23996K(24192K) Class: 4869K(5120K)->4869K(5120K)
[4109.079s][info][gc             ] GC(1088) Pause Young (Concurrent Start) (G1 Evacuation Pause) 3562M->1383M(4096M) 114.808ms
[4109.079s][info][gc             ] GC(1089) Concurrent Mark Cycle
[4109.079s][info][gc,marking     ] GC(1089) Concurrent Scan Root Regions
[4109.079s][info][gc,cpu         ] GC(1088) User=0.68s Sys=0.00s Real=0.11s
[4109.267s][info][gc,marking     ] GC(1089) Concurrent Scan Root Regions 187.745ms
[4109.267s][info][gc,marking     ] GC(1089) Concurrent Mark
[4109.267s][info][gc,marking     ] GC(1089) Concurrent Mark From Roots
[4109.267s][info][gc,task        ] GC(1089) Using 2 workers of 2 for marking
.[4110.254s][info][gc,marking     ] GC(1089) Concurrent Mark From Roots 987.468ms
[4110.254s][info][gc,marking     ] GC(1089) Concurrent Preclean
[4110.254s][info][gc,marking     ] GC(1089) Concurrent Preclean 0.114ms
[4110.255s][info][gc,start       ] GC(1089) Pause Remark
[4110.261s][info][gc             ] GC(1089) Pause Remark 2468M->2468M(4096M) 6.813ms
[4110.261s][info][gc,cpu         ] GC(1089) User=0.04s Sys=0.00s Real=0.00s
[4110.262s][info][gc,marking     ] GC(1089) Concurrent Mark 994.942ms
[4110.262s][info][gc,marking     ] GC(1089) Concurrent Rebuild Remembered Sets and Scrub Regions
.[4110.579s][info][gc,marking     ] GC(1089) Concurrent Rebuild Remembered Sets and Scrub Regions 317.048ms
[4110.579s][info][gc,start       ] GC(1089) Pause Cleanup
[4110.579s][info][gc             ] GC(1089) Pause Cleanup 2736M->2736M(4096M) 0.115ms
[4110.579s][info][gc,cpu         ] GC(1089) User=0.00s Sys=0.00s Real=0.00s
[4110.579s][info][gc,marking     ] GC(1089) Concurrent Clear Claimed Marks
[4110.579s][info][gc,marking     ] GC(1089) Concurrent Clear Claimed Marks 0.026ms
[4110.579s][info][gc,marking     ] GC(1089) Concurrent Cleanup for Next Mark
[4110.584s][info][gc,marking     ] GC(1089) Concurrent Cleanup for Next Mark 4.665ms
[4110.584s][info][gc             ] GC(1089) Concurrent Mark Cycle 1504.967ms
.[4111.589s][info][gc,start       ] GC(1090) Pause Young (Prepare Mixed) (G1 Evacuation Pause)
[4111.589s][info][gc,task        ] GC(1090) Using 6 workers of 6 for evacuation
[4111.709s][info][gc,phases      ] GC(1090)   Pre Evacuate Collection Set: 0.33ms
[4111.709s][info][gc,phases      ] GC(1090)   Merge Heap Roots: 0.54ms
[4111.709s][info][gc,phases      ] GC(1090)   Evacuate Collection Set: 117.84ms
[4111.709s][info][gc,phases      ] GC(1090)   Post Evacuate Collection Set: 0.92ms
[4111.709s][info][gc,phases      ] GC(1090)   Other: 0.09ms
[4111.709s][info][gc,heap        ] GC(1090) Eden regions: 1121->0(1107)
[4111.709s][info][gc,heap        ] GC(1090) Survivor regions: 107->110(154)
[4111.709s][info][gc,heap        ] GC(1090) Old regions: 505->538
[4111.709s][info][gc,heap        ] GC(1090) Humongous regions: 80->80
[4111.709s][info][gc,metaspace   ] GC(1090) Metaspace: 28866K(29312K)->28866K(29312K) NonClass: 23996K(24192K)->23996K(24192K) Class: 4869K(5120K)->4869K(5120K)
[4111.709s][info][gc             ] GC(1090) Pause Young (Prepare Mixed) (G1 Evacuation Pause) 3625M->1455M(4096M) 119.860ms
[4111.709s][info][gc,cpu         ] GC(1090) User=0.71s Sys=0.00s Real=0.12s
..[4114.104s][info][gc,start       ] GC(1091) Pause Young (Mixed) (G1 Evacuation Pause)
[4114.104s][info][gc,task        ] GC(1091) Using 6 workers of 6 for evacuation
[4114.240s][info][gc,phases      ] GC(1091)   Pre Evacuate Collection Set: 0.39ms
[4114.240s][info][gc,phases      ] GC(1091)   Merge Heap Roots: 0.71ms
[4114.240s][info][gc,phases      ] GC(1091)   Evacuate Collection Set: 134.13ms
[4114.240s][info][gc,phases      ] GC(1091)   Post Evacuate Collection Set: 0.96ms
[4114.240s][info][gc,phases      ] GC(1091)   Other: 0.09ms
[4114.240s][info][gc,heap        ] GC(1091) Eden regions: 1107->0(1117)
[4114.240s][info][gc,heap        ] GC(1091) Survivor regions: 110->111(153)
[4114.240s][info][gc,heap        ] GC(1091) Old regions: 538->475
[4114.240s][info][gc,heap        ] GC(1091) Humongous regions: 80->80
[4114.240s][info][gc,metaspace   ] GC(1091) Metaspace: 28866K(29312K)->28866K(29312K) NonClass: 23996K(24192K)->23996K(24192K) Class: 4869K(5120K)->4869K(5120K)
[4114.240s][info][gc             ] GC(1091) Pause Young (Mixed) (G1 Evacuation Pause) 3669M->1330M(4096M) 136.412ms
[4114.240s][info][gc,cpu         ] GC(1091) User=0.80s Sys=0.00s Real=0.13s
...[4116.715s][info][gc,start       ] GC(1092) Pause Young (Concurrent Start) (G1 Evacuation Pause)
[4116.715s][info][gc,task        ] GC(1092) Using 6 workers of 6 for evacuation
[4116.832s][info][gc,phases      ] GC(1092)   Pre Evacuate Collection Set: 0.40ms
[4116.832s][info][gc,phases      ] GC(1092)   Merge Heap Roots: 0.55ms
[4116.832s][info][gc,phases      ] GC(1092)   Evacuate Collection Set: 114.92ms
[4116.832s][info][gc,phases      ] GC(1092)   Post Evacuate Collection Set: 0.89ms
[4116.832s][info][gc,phases      ] GC(1092)   Other: 0.11ms
[4116.832s][info][gc,heap        ] GC(1092) Eden regions: 1117->0(1118)
[4116.832s][info][gc,heap        ] GC(1092) Survivor regions: 111->110(154)
[4116.832s][info][gc,heap        ] GC(1092) Old regions: 475->507
[4116.832s][info][gc,heap        ] GC(1092) Humongous regions: 80->80
[4116.832s][info][gc,metaspace   ] GC(1092) Metaspace: 28866K(29312K)->28866K(29312K) NonClass: 23996K(24192K)->23996K(24192K) Class: 4869K(5120K)->4869K(5120K)
[4116.832s][info][gc             ] GC(1092) Pause Young (Concurrent Start) (G1 Evacuation Pause) 3564M->1393M(4096M) 117.008ms
[4116.832s][info][gc             ] GC(1093) Concurrent Mark Cycle
[4116.832s][info][gc,marking     ] GC(1093) Concurrent Scan Root Regions
[4116.832s][info][gc,cpu         ] GC(1092) User=0.69s Sys=0.00s Real=0.11s
[4117.017s][info][gc,marking     ] GC(1093) Concurrent Scan Root Regions 185.094ms
[4117.017s][info][gc,marking     ] GC(1093) Concurrent Mark
[4117.017s][info][gc,marking     ] GC(1093) Concurrent Mark From Roots
[4117.017s][info][gc,task        ] GC(1093) Using 2 workers of 2 for marking
.[4117.962s][info][gc,marking     ] GC(1093) Concurrent Mark From Roots 945.273ms
[4117.962s][info][gc,marking     ] GC(1093) Concurrent Preclean
[4117.963s][info][gc,marking     ] GC(1093) Concurrent Preclean 0.114ms
[4117.963s][info][gc,start       ] GC(1093) Pause Remark
[4117.971s][info][gc             ] GC(1093) Pause Remark 2467M->2467M(4096M) 7.691ms
[4117.971s][info][gc,cpu         ] GC(1093) User=0.05s Sys=0.00s Real=0.00s
[4117.972s][info][gc,marking     ] GC(1093) Concurrent Mark 954.791ms
[4117.972s][info][gc,marking     ] GC(1093) Concurrent Rebuild Remembered Sets and Scrub Regions
[4118.263s][info][gc,marking     ] GC(1093) Concurrent Rebuild Remembered Sets and Scrub Regions 291.272ms
[4118.264s][info][gc,start       ] GC(1093) Pause Cleanup
[4118.264s][info][gc             ] GC(1093) Pause Cleanup 2727M->2727M(4096M) 0.120ms
[4118.264s][info][gc,cpu         ] GC(1093) User=0.00s Sys=0.00s Real=0.00s
[4118.264s][info][gc,marking     ] GC(1093) Concurrent Clear Claimed Marks
[4118.265s][info][gc,marking     ] GC(1093) Concurrent Clear Claimed Marks 0.035ms
[4118.265s][info][gc,marking     ] GC(1093) Concurrent Cleanup for Next Mark
[4118.269s][info][gc,marking     ] GC(1093) Concurrent Cleanup for Next Mark 4.756ms
[4118.269s][info][gc             ] GC(1093) Concurrent Mark Cycle 1437.431ms
.[4119.271s][info][gc,start       ] GC(1094) Pause Young (Prepare Mixed) (G1 Evacuation Pause)
[4119.271s][info][gc,task        ] GC(1094) Using 6 workers of 6 for evacuation
[4119.394s][info][gc,phases      ] GC(1094)   Pre Evacuate Collection Set: 0.33ms
[4119.394s][info][gc,phases      ] GC(1094)   Merge Heap Roots: 0.53ms
[4119.394s][info][gc,phases      ] GC(1094)   Evacuate Collection Set: 121.31ms
[4119.394s][info][gc,phases      ] GC(1094)   Post Evacuate Collection Set: 0.93ms
[4119.394s][info][gc,phases      ] GC(1094)   Other: 0.09ms
[4119.394s][info][gc,heap        ] GC(1094) Eden regions: 1118->0(1098)
[4119.394s][info][gc,heap        ] GC(1094) Survivor regions: 110->114(154)
[4119.394s][info][gc,heap        ] GC(1094) Old regions: 507->539
[4119.394s][info][gc,heap        ] GC(1094) Humongous regions: 80->80
[4119.394s][info][gc,metaspace   ] GC(1094) Metaspace: 28866K(29312K)->28866K(29312K) NonClass: 23996K(24192K)->23996K(24192K) Class: 4869K(5120K)->4869K(5120K)
[4119.394s][info][gc             ] GC(1094) Pause Young (Prepare Mixed) (G1 Evacuation Pause) 3629M->1464M(4096M) 123.306ms
[4119.394s][info][gc,cpu         ] GC(1094) User=0.73s Sys=0.00s Real=0.13s
.. (rIR:aIR:PR = 7334:7329:7329) (tPR = 108908) [OK] 
  4120s: Performance info:
         Transaction,    Success,    Partial,     Failed,   Receipts, AvgBarcode, 
             Overall,     445520,          0,          0,     423235,      59.48, 
         Response times:
             Request,    Success,    Partial,     Failed,   SkipFail,     Probes,    Samples,      min,      p50,      p90,      p95,      p99,      max, 
       TotalPurchase,     423234,          0,          0,          0,     358800,     420515,      300,     6500,    67000,   106000,   173000,   389000,
     InStorePurchase,     223117,          0,          0,          0,     188487,     220878,      300,     6300,    66000,   105000,   171000,   389000,
      OnlinePurchase,     155704,          0,          0,          0,     132223,     154899,      300,     6500,    68000,   107000,   176000,   318000,
        InstPurchase,      44413,          0,          0,          0,      38090,      44738,      400,     6900,    69000,   111000,   173000,   314000,
          AssocOfCat,        447,          0,          0,          0,        345,        466,    24000,    42000,   116300,   143000,   214950,   307000,
      AssocOfProduct,       4456,          0,          0,          0,       4167,       5136,      400,     5100,    61000,   101150,   171630,   296000,
      BusinessReport,       1114,          0,          0,          0,        961,       1223,    27000,    50000,   138600,   181000,   243760,   326000,
          CustBuyBeh,       4468,          0,          0,          0,       4078,       4991,      200,     7400,    72000,   117000,   176000,   266000,
       ProductReturn,      11800,          0,          0,          0,       9992,      11947,      200,     6400,    68000,   110000,   174000,   282000,

  4120s: (54%)   IR =   7472 .[4121.761s][info][gc,start       ] GC(1095) Pause Young (Mixed) (G1 Evacuation Pause)
[4121.761s][info][gc,task        ] GC(1095) Using 6 workers of 6 for evacuation
[4121.900s][info][gc,phases      ] GC(1095)   Pre Evacuate Collection Set: 0.35ms
[4121.900s][info][gc,phases      ] GC(1095)   Merge Heap Roots: 0.72ms
[4121.900s][info][gc,phases      ] GC(1095)   Evacuate Collection Set: 137.20ms
[4121.900s][info][gc,phases      ] GC(1095)   Post Evacuate Collection Set: 0.96ms
[4121.900s][info][gc,phases      ] GC(1095)   Other: 0.09ms
[4121.900s][info][gc,heap        ] GC(1095) Eden regions: 1098->0(1115)
[4121.900s][info][gc,heap        ] GC(1095) Survivor regions: 114->113(152)
[4121.900s][info][gc,heap        ] GC(1095) Old regions: 539->476
[4121.900s][info][gc,heap        ] GC(1095) Humongous regions: 80->80
[4121.900s][info][gc,metaspace   ] GC(1095) Metaspace: 28866K(29312K)->28866K(29312K) NonClass: 23996K(24192K)->23996K(24192K) Class: 4869K(5120K)->4869K(5120K)
[4121.900s][info][gc             ] GC(1095) Pause Young (Mixed) (G1 Evacuation Pause) 3660M->1336M(4096M) 139.459ms
[4121.900s][info][gc,cpu         ] GC(1095) User=0.82s Sys=0.00s Real=0.14s
..[4124.287s][info][gc,start       ] GC(1096) Pause Young (Concurrent Start) (G1 Evacuation Pause)
[4124.287s][info][gc,task        ] GC(1096) Using 6 workers of 6 for evacuation
[4124.405s][info][gc,phases      ] GC(1096)   Pre Evacuate Collection Set: 0.39ms
[4124.405s][info][gc,phases      ] GC(1096)   Merge Heap Roots: 0.45ms
[4124.405s][info][gc,phases      ] GC(1096)   Evacuate Collection Set: 116.67ms
[4124.405s][info][gc,phases      ] GC(1096)   Post Evacuate Collection Set: 0.93ms
[4124.406s][info][gc,phases      ] GC(1096)   Other: 0.10ms
[4124.406s][info][gc,heap        ] GC(1096) Eden regions: 1115->0(1119)
[4124.406s][info][gc,heap        ] GC(1096) Survivor regions: 113->109(154)
[4124.406s][info][gc,heap        ] GC(1096) Old regions: 476->508
[4124.406s][info][gc,heap        ] GC(1096) Humongous regions: 80->80
[4124.406s][info][gc,metaspace   ] GC(1096) Metaspace: 28866K(29312K)->28866K(29312K) NonClass: 23996K(24192K)->23996K(24192K) Class: 4869K(5120K)->4869K(5120K)
[4124.406s][info][gc             ] GC(1096) Pause Young (Concurrent Start) (G1 Evacuation Pause) 3566M->1392M(4096M) 118.675ms
[4124.406s][info][gc             ] GC(1097) Concurrent Mark Cycle
[4124.406s][info][gc,marking     ] GC(1097) Concurrent Scan Root Regions
[4124.406s][info][gc,cpu         ] GC(1096) User=0.70s Sys=0.00s Real=0.12s
.[4124.551s][info][gc,marking     ] GC(1097) Concurrent Scan Root Regions 145.330ms
[4124.551s][info][gc,marking     ] GC(1097) Concurrent Mark
[4124.551s][info][gc,marking     ] GC(1097) Concurrent Mark From Roots
[4124.551s][info][gc,task        ] GC(1097) Using 2 workers of 2 for marking
[4125.275s][info][gc,marking     ] GC(1097) Concurrent Mark From Roots 723.741ms
[4125.275s][info][gc,marking     ] GC(1097) Concurrent Preclean
[4125.275s][info][gc,marking     ] GC(1097) Concurrent Preclean 0.157ms
[4125.277s][info][gc,start       ] GC(1097) Pause Remark
[4125.283s][info][gc             ] GC(1097) Pause Remark 2184M->2184M(4096M) 6.186ms
[4125.283s][info][gc,cpu         ] GC(1097) User=0.03s Sys=0.00s Real=0.01s
[4125.284s][info][gc,marking     ] GC(1097) Concurrent Mark 733.187ms
[4125.284s][info][gc,marking     ] GC(1097) Concurrent Rebuild Remembered Sets and Scrub Regions
[4125.566s][info][gc,marking     ] GC(1097) Concurrent Rebuild Remembered Sets and Scrub Regions 281.562ms
[4125.567s][info][gc,start       ] GC(1097) Pause Cleanup
[4125.567s][info][gc             ] GC(1097) Pause Cleanup 2472M->2472M(4096M) 0.120ms
[4125.567s][info][gc,cpu         ] GC(1097) User=0.00s Sys=0.00s Real=0.00s
[4125.568s][info][gc,marking     ] GC(1097) Concurrent Clear Claimed Marks
[4125.568s][info][gc,marking     ] GC(1097) Concurrent Clear Claimed Marks 0.033ms
[4125.568s][info][gc,marking     ] GC(1097) Concurrent Cleanup for Next Mark
[4125.572s][info][gc,marking     ] GC(1097) Concurrent Cleanup for Next Mark 4.714ms
[4125.572s][info][gc             ] GC(1097) Concurrent Mark Cycle 1166.827ms
..[4126.778s][info][gc,start       ] GC(1098) Pause Young (Prepare Mixed) (G1 Evacuation Pause)
[4126.778s][info][gc,task        ] GC(1098) Using 6 workers of 6 for evacuation
[4126.896s][info][gc,phases      ] GC(1098)   Pre Evacuate Collection Set: 0.32ms
[4126.896s][info][gc,phases      ] GC(1098)   Merge Heap Roots: 0.56ms
[4126.896s][info][gc,phases      ] GC(1098)   Evacuate Collection Set: 116.17ms
[4126.896s][info][gc,phases      ] GC(1098)   Post Evacuate Collection Set: 0.93ms
[4126.896s][info][gc,phases      ] GC(1098)   Other: 0.10ms
[4126.896s][info][gc,heap        ] GC(1098) Eden regions: 1119->0(1106)
[4126.896s][info][gc,heap        ] GC(1098) Survivor regions: 109->110(154)
[4126.896s][info][gc,heap        ] GC(1098) Old regions: 508->539
[4126.896s][info][gc,heap        ] GC(1098) Humongous regions: 80->80
[4126.896s][info][gc,metaspace   ] GC(1098) Metaspace: 28866K(29312K)->28866K(29312K) NonClass: 23996K(24192K)->23996K(24192K) Class: 4869K(5120K)->4869K(5120K)
[4126.896s][info][gc             ] GC(1098) Pause Young (Prepare Mixed) (G1 Evacuation Pause) 3630M->1456M(4096M) 118.209ms
[4126.896s][info][gc,cpu         ] GC(1098) User=0.70s Sys=0.00s Real=0.12s
..|[4129.269s][info][gc,start       ] GC(1099) Pause Young (Mixed) (G1 Evacuation Pause)
[4129.269s][info][gc,task        ] GC(1099) Using 6 workers of 6 for evacuation
[4129.408s][info][gc,phases      ] GC(1099)   Pre Evacuate Collection Set: 0.37ms
[4129.408s][info][gc,phases      ] GC(1099)   Merge Heap Roots: 0.67ms
[4129.408s][info][gc,phases      ] GC(1099)   Evacuate Collection Set: 136.94ms
[4129.408s][info][gc,phases      ] GC(1099)   Post Evacuate Collection Set: 0.94ms
[4129.408s][info][gc,phases      ] GC(1099)   Other: 0.08ms
[4129.408s][info][gc,heap        ] GC(1099) Eden regions: 1106->0(1115)
[4129.408s][info][gc,heap        ] GC(1099) Survivor regions: 110->113(152)
[4129.408s][info][gc,heap        ] GC(1099) Old regions: 539->473
[4129.408s][info][gc,heap        ] GC(1099) Humongous regions: 80->80
[4129.408s][info][gc,metaspace   ] GC(1099) Metaspace: 28866K(29312K)->28866K(29312K) NonClass: 23996K(24192K)->23996K(24192K) Class: 4869K(5120K)->4869K(5120K)
[4129.408s][info][gc             ] GC(1099) Pause Young (Mixed) (G1 Evacuation Pause) 3668M->1330M(4096M) 139.130ms
[4129.408s][info][gc,cpu         ] GC(1099) User=0.82s Sys=0.01s Real=0.14s
...[4131.803s][info][gc,start       ] GC(1100) Pause Young (Concurrent Start) (G1 Evacuation Pause)
[4131.803s][info][gc,task        ] GC(1100) Using 6 workers of 6 for evacuation
[4131.926s][info][gc,phases      ] GC(1100)   Pre Evacuate Collection Set: 0.36ms
[4131.926s][info][gc,phases      ] GC(1100)   Merge Heap Roots: 0.53ms
[4131.926s][info][gc,phases      ] GC(1100)   Evacuate Collection Set: 120.42ms
[4131.926s][info][gc,phases      ] GC(1100)   Post Evacuate Collection Set: 0.92ms
[4131.926s][info][gc,phases      ] GC(1100)   Other: 0.13ms
[4131.926s][info][gc,heap        ] GC(1100) Eden regions: 1115->0(1114)
[4131.926s][info][gc,heap        ] GC(1100) Survivor regions: 113->114(154)
[4131.926s][info][gc,heap        ] GC(1100) Old regions: 473->505
[4131.926s][info][gc,heap        ] GC(1100) Humongous regions: 80->80
[4131.926s][info][gc,metaspace   ] GC(1100) Metaspace: 28866K(29312K)->28866K(29312K) NonClass: 23996K(24192K)->23996K(24192K) Class: 4869K(5120K)->4869K(5120K)
[4131.926s][info][gc             ] GC(1100) Pause Young (Concurrent Start) (G1 Evacuation Pause) 3560M->1397M(4096M) 122.506ms
[4131.926s][info][gc             ] GC(1101) Concurrent Mark Cycle
[4131.926s][info][gc,marking     ] GC(1101) Concurrent Scan Root Regions
[4131.926s][info][gc,cpu         ] GC(1100) User=0.73s Sys=0.00s Real=0.12s
[4132.105s][info][gc,marking     ] GC(1101) Concurrent Scan Root Regions 179.729ms
[4132.105s][info][gc,marking     ] GC(1101) Concurrent Mark
[4132.105s][info][gc,marking     ] GC(1101) Concurrent Mark From Roots
[4132.105s][info][gc,task        ] GC(1101) Using 2 workers of 2 for marking
.[4132.858s][info][gc,marking     ] GC(1101) Concurrent Mark From Roots 752.310ms
[4132.858s][info][gc,marking     ] GC(1101) Concurrent Preclean
[4132.858s][info][gc,marking     ] GC(1101) Concurrent Preclean 0.127ms
[4132.864s][info][gc,start       ] GC(1101) Pause Remark
[4132.870s][info][gc             ] GC(1101) Pause Remark 2223M->2223M(4096M) 6.192ms
[4132.870s][info][gc,cpu         ] GC(1101) User=0.04s Sys=0.00s Real=0.00s
[4132.870s][info][gc,marking     ] GC(1101) Concurrent Mark 764.639ms
[4132.870s][info][gc,marking     ] GC(1101) Concurrent Rebuild Remembered Sets and Scrub Regions
[4133.199s][info][gc,marking     ] GC(1101) Concurrent Rebuild Remembered Sets and Scrub Regions 329.032ms
[4133.201s][info][gc,start       ] GC(1101) Pause Cleanup
[4133.201s][info][gc             ] GC(1101) Pause Cleanup 2515M->2515M(4096M) 0.125ms
[4133.201s][info][gc,cpu         ] GC(1101) User=0.00s Sys=0.00s Real=0.00s
[4133.202s][info][gc,marking     ] GC(1101) Concurrent Clear Claimed Marks
[4133.202s][info][gc,marking     ] GC(1101) Concurrent Clear Claimed Marks 0.037ms
[4133.202s][info][gc,marking     ] GC(1101) Concurrent Cleanup for Next Mark
[4133.208s][info][gc,marking     ] GC(1101) Concurrent Cleanup for Next Mark 6.445ms
[4133.208s][info][gc             ] GC(1101) Concurrent Mark Cycle 1282.687ms
.[4134.297s][info][gc,start       ] GC(1102) Pause Young (Prepare Mixed) (G1 Evacuation Pause)
[4134.297s][info][gc,task        ] GC(1102) Using 6 workers of 6 for evacuation
[4134.417s][info][gc,phases      ] GC(1102)   Pre Evacuate Collection Set: 0.32ms
[4134.417s][info][gc,phases      ] GC(1102)   Merge Heap Roots: 0.53ms
[4134.417s][info][gc,phases      ] GC(1102)   Evacuate Collection Set: 118.11ms
[4134.417s][info][gc,phases      ] GC(1102)   Post Evacuate Collection Set: 0.92ms
[4134.417s][info][gc,phases      ] GC(1102)   Other: 0.09ms
[4134.417s][info][gc,heap        ] GC(1102) Eden regions: 1114->0(1105)
[4134.417s][info][gc,heap        ] GC(1102) Survivor regions: 114->111(154)
[4134.417s][info][gc,heap        ] GC(1102) Old regions: 505->538
[4134.417s][info][gc,heap        ] GC(1102) Humongous regions: 80->80
[4134.417s][info][gc,metaspace   ] GC(1102) Metaspace: 28866K(29312K)->28866K(29312K) NonClass: 23996K(24192K)->23996K(24192K) Class: 4869K(5120K)->4869K(5120K)
[4134.417s][info][gc             ] GC(1102) Pause Young (Prepare Mixed) (G1 Evacuation Pause) 3625M->1456M(4096M) 120.113ms
[4134.417s][info][gc,cpu         ] GC(1102) User=0.71s Sys=0.00s Real=0.12s
..[4136.720s][info][gc,start       ] GC(1103) Pause Young (Mixed) (G1 Evacuation Pause)
[4136.720s][info][gc,task        ] GC(1103) Using 6 workers of 6 for evacuation
[4136.855s][info][gc,phases      ] GC(1103)   Pre Evacuate Collection Set: 0.42ms
[4136.855s][info][gc,phases      ] GC(1103)   Merge Heap Roots: 0.81ms
[4136.855s][info][gc,phases      ] GC(1103)   Evacuate Collection Set: 132.38ms
[4136.855s][info][gc,phases      ] GC(1103)   Post Evacuate Collection Set: 0.95ms
[4136.855s][info][gc,phases      ] GC(1103)   Other: 0.82ms
[4136.855s][info][gc,heap        ] GC(1103) Eden regions: 1105->0(1118)
[4136.855s][info][gc,heap        ] GC(1103) Survivor regions: 111->110(152)
[4136.855s][info][gc,heap        ] GC(1103) Old regions: 538->475
[4136.855s][info][gc,heap        ] GC(1103) Humongous regions: 80->80
[4136.855s][info][gc,metaspace   ] GC(1103) Metaspace: 28866K(29312K)->28866K(29312K) NonClass: 23996K(24192K)->23996K(24192K) Class: 4869K(5120K)->4869K(5120K)
[4136.855s][info][gc             ] GC(1103) Pause Young (Mixed) (G1 Evacuation Pause) 3666M->1329M(4096M) 135.513ms
[4136.855s][info][gc,cpu         ] GC(1103) User=0.80s Sys=0.00s Real=0.14s
...[4139.264s][info][gc,start       ] GC(1104) Pause Young (Concurrent Start) (G1 Evacuation Pause)
[4139.264s][info][gc,task        ] GC(1104) Using 6 workers of 6 for evacuation
[4139.384s][info][gc,phases      ] GC(1104)   Pre Evacuate Collection Set: 0.35ms
[4139.384s][info][gc,phases      ] GC(1104)   Merge Heap Roots: 0.47ms
[4139.384s][info][gc,phases      ] GC(1104)   Evacuate Collection Set: 117.60ms
[4139.384s][info][gc,phases      ] GC(1104)   Post Evacuate Collection Set: 0.79ms
[4139.384s][info][gc,phases      ] GC(1104)   Other: 0.11ms
[4139.384s][info][gc,heap        ] GC(1104) Eden regions: 1118->0(1116)
[4139.384s][info][gc,heap        ] GC(1104) Survivor regions: 110->112(154)
[4139.384s][info][gc,heap        ] GC(1104) Old regions: 475->507
[4139.384s][info][gc,heap        ] GC(1104) Humongous regions: 80->80
[4139.384s][info][gc,metaspace   ] GC(1104) Metaspace: 28866K(29312K)->28866K(29312K) NonClass: 23996K(24192K)->23996K(24192K) Class: 4869K(5120K)->4869K(5120K)
[4139.384s][info][gc             ] GC(1104) Pause Young (Concurrent Start) (G1 Evacuation Pause) 3565M->1396M(4096M) 119.454ms
[4139.384s][info][gc             ] GC(1105) Concurrent Mark Cycle
[4139.384s][info][gc,marking     ] GC(1105) Concurrent Scan Root Regions
[4139.384s][info][gc,cpu         ] GC(1104) User=0.71s Sys=0.00s Real=0.12s
[4139.526s][info][gc,marking     ] GC(1105) Concurrent Scan Root Regions 142.223ms
[4139.526s][info][gc,marking     ] GC(1105) Concurrent Mark
[4139.526s][info][gc,marking     ] GC(1105) Concurrent Mark From Roots
[4139.526s][info][gc,task        ] GC(1105) Using 2 workers of 2 for marking
.[4140.231s][info][gc,marking     ] GC(1105) Concurrent Mark From Roots 704.689ms
[4140.231s][info][gc,marking     ] GC(1105) Concurrent Preclean
[4140.231s][info][gc,marking     ] GC(1105) Concurrent Preclean 0.103ms
[4140.233s][info][gc,start       ] GC(1105) Pause Remark
[4140.239s][info][gc             ] GC(1105) Pause Remark 2140M->2140M(4096M) 5.799ms
[4140.239s][info][gc,cpu         ] GC(1105) User=0.04s Sys=0.00s Real=0.00s
[4140.239s][info][gc,marking     ] GC(1105) Concurrent Mark 713.129ms
[4140.239s][info][gc,marking     ] GC(1105) Concurrent Rebuild Remembered Sets and Scrub Regions
[4140.557s][info][gc,marking     ] GC(1105) Concurrent Rebuild Remembered Sets and Scrub Regions 317.509ms
[4140.559s][info][gc,start       ] GC(1105) Pause Cleanup
[4140.559s][info][gc             ] GC(1105) Pause Cleanup 2466M->2466M(4096M) 0.146ms
[4140.559s][info][gc,cpu         ] GC(1105) User=0.00s Sys=0.00s Real=0.00s
[4140.560s][info][gc,marking     ] GC(1105) Concurrent Clear Claimed Marks
[4140.560s][info][gc,marking     ] GC(1105) Concurrent Clear Claimed Marks 0.032ms
[4140.560s][info][gc,marking     ] GC(1105) Concurrent Cleanup for Next Mark
[4140.565s][info][gc,marking     ] GC(1105) Concurrent Cleanup for Next Mark 4.977ms
[4140.565s][info][gc             ] GC(1105) Concurrent Mark Cycle 1181.081ms
.[4141.797s][info][gc,start       ] GC(1106) Pause Young (Prepare Mixed) (G1 Evacuation Pause)
[4141.797s][info][gc,task        ] GC(1106) Using 6 workers of 6 for evacuation
[4141.920s][info][gc,phases      ] GC(1106)   Pre Evacuate Collection Set: 0.38ms
[4141.920s][info][gc,phases      ] GC(1106)   Merge Heap Roots: 0.58ms
[4141.920s][info][gc,phases      ] GC(1106)   Evacuate Collection Set: 119.54ms
[4141.920s][info][gc,phases      ] GC(1106)   Post Evacuate Collection Set: 0.94ms
[4141.920s][info][gc,phases      ] GC(1106)   Other: 0.83ms
[4141.920s][info][gc,heap        ] GC(1106) Eden regions: 1116->0(1098)
[4141.920s][info][gc,heap        ] GC(1106) Survivor regions: 112->114(154)
[4141.920s][info][gc,heap        ] GC(1106) Old regions: 507->539
[4141.920s][info][gc,heap        ] GC(1106) Humongous regions: 80->80
[4141.920s][info][gc,metaspace   ] GC(1106) Metaspace: 28866K(29312K)->28866K(29312K) NonClass: 23996K(24192K)->23996K(24192K) Class: 4869K(5120K)->4869K(5120K)
[4141.920s][info][gc             ] GC(1106) Pause Young (Prepare Mixed) (G1 Evacuation Pause) 3628M->1463M(4096M) 122.398ms
[4141.920s][info][gc,cpu         ] GC(1106) User=0.72s Sys=0.00s Real=0.12s
...[4144.284s][info][gc,start       ] GC(1107) Pause Young (Mixed) (G1 Evacuation Pause)
[4144.284s][info][gc,task        ] GC(1107) Using 6 workers of 6 for evacuation
[4144.420s][info][gc,phases      ] GC(1107)   Pre Evacuate Collection Set: 0.35ms
[4144.420s][info][gc,phases      ] GC(1107)   Merge Heap Roots: 0.73ms
[4144.420s][info][gc,phases      ] GC(1107)   Evacuate Collection Set: 133.98ms
[4144.420s][info][gc,phases      ] GC(1107)   Post Evacuate Collection Set: 0.95ms
[4144.420s][info][gc,phases      ] GC(1107)   Other: 0.09ms
[4144.420s][info][gc,heap        ] GC(1107) Eden regions: 1098->0(1117)
[4144.420s][info][gc,heap        ] GC(1107) Survivor regions: 114->111(152)
[4144.420s][info][gc,heap        ] GC(1107) Old regions: 539->475
[4144.420s][info][gc,heap        ] GC(1107) Humongous regions: 80->80
[4144.420s][info][gc,metaspace   ] GC(1107) Metaspace: 28866K(29312K)->28866K(29312K) NonClass: 23996K(24192K)->23996K(24192K) Class: 4869K(5120K)->4869K(5120K)
[4144.421s][info][gc             ] GC(1107) Pause Young (Mixed) (G1 Evacuation Pause) 3659M->1331M(4096M) 136.241ms
[4144.421s][info][gc,cpu         ] GC(1107) User=0.81s Sys=0.00s Real=0.13s
..[4146.701s][info][gc,start       ] GC(1108) Pause Young (Concurrent Start) (G1 Evacuation Pause)
[4146.701s][info][gc,task        ] GC(1108) Using 6 workers of 6 for evacuation
[4146.820s][info][gc,phases      ] GC(1108)   Pre Evacuate Collection Set: 0.38ms
[4146.820s][info][gc,phases      ] GC(1108)   Merge Heap Roots: 0.50ms
[4146.820s][info][gc,phases      ] GC(1108)   Evacuate Collection Set: 116.69ms
[4146.820s][info][gc,phases      ] GC(1108)   Post Evacuate Collection Set: 0.89ms
[4146.820s][info][gc,phases      ] GC(1108)   Other: 0.12ms
[4146.820s][info][gc,heap        ] GC(1108) Eden regions: 1117->0(1117)
[4146.820s][info][gc,heap        ] GC(1108) Survivor regions: 111->111(154)
[4146.820s][info][gc,heap        ] GC(1108) Old regions: 475->508
[4146.820s][info][gc,heap        ] GC(1108) Humongous regions: 80->80
[4146.820s][info][gc,metaspace   ] GC(1108) Metaspace: 28866K(29312K)->28866K(29312K) NonClass: 23996K(24192K)->23996K(24192K) Class: 4869K(5120K)->4869K(5120K)
[4146.820s][info][gc             ] GC(1108) Pause Young (Concurrent Start) (G1 Evacuation Pause) 3565M->1395M(4096M) 118.727ms
[4146.820s][info][gc             ] GC(1109) Concurrent Mark Cycle
[4146.820s][info][gc,marking     ] GC(1109) Concurrent Scan Root Regions
[4146.820s][info][gc,cpu         ] GC(1108) User=0.70s Sys=0.00s Real=0.12s
[4146.959s][info][gc,marking     ] GC(1109) Concurrent Scan Root Regions 138.938ms
[4146.959s][info][gc,marking     ] GC(1109) Concurrent Mark
[4146.959s][info][gc,marking     ] GC(1109) Concurrent Mark From Roots
[4146.959s][info][gc,task        ] GC(1109) Using 2 workers of 2 for marking
.[4147.675s][info][gc,marking     ] GC(1109) Concurrent Mark From Roots 715.727ms
[4147.675s][info][gc,marking     ] GC(1109) Concurrent Preclean
[4147.675s][info][gc,marking     ] GC(1109) Concurrent Preclean 0.112ms
[4147.678s][info][gc,start       ] GC(1109) Pause Remark
[4147.684s][info][gc             ] GC(1109) Pause Remark 2173M->2173M(4096M) 6.788ms
[4147.684s][info][gc,cpu         ] GC(1109) User=0.04s Sys=0.00s Real=0.01s
[4147.685s][info][gc,marking     ] GC(1109) Concurrent Mark 725.478ms
[4147.685s][info][gc,marking     ] GC(1109) Concurrent Rebuild Remembered Sets and Scrub Regions
.[4148.087s][info][gc,marking     ] GC(1109) Concurrent Rebuild Remembered Sets and Scrub Regions 402.360ms
[4148.087s][info][gc,start       ] GC(1109) Pause Cleanup
[4148.087s][info][gc             ] GC(1109) Pause Cleanup 2567M->2567M(4096M) 0.107ms
[4148.087s][info][gc,cpu         ] GC(1109) User=0.00s Sys=0.00s Real=0.00s
[4148.087s][info][gc,marking     ] GC(1109) Concurrent Clear Claimed Marks
[4148.087s][info][gc,marking     ] GC(1109) Concurrent Clear Claimed Marks 0.021ms
[4148.087s][info][gc,marking     ] GC(1109) Concurrent Cleanup for Next Mark
[4148.093s][info][gc,marking     ] GC(1109) Concurrent Cleanup for Next Mark 5.808ms
[4148.093s][info][gc             ] GC(1109) Concurrent Mark Cycle 1273.261ms
.[4149.293s][info][gc,start       ] GC(1110) Pause Young (Prepare Mixed) (G1 Evacuation Pause)
[4149.293s][info][gc,task        ] GC(1110) Using 6 workers of 6 for evacuation
[4149.412s][info][gc,phases      ] GC(1110)   Pre Evacuate Collection Set: 0.35ms
[4149.412s][info][gc,phases      ] GC(1110)   Merge Heap Roots: 0.54ms
[4149.412s][info][gc,phases      ] GC(1110)   Evacuate Collection Set: 117.16ms
[4149.412s][info][gc,phases      ] GC(1110)   Post Evacuate Collection Set: 0.91ms
[4149.412s][info][gc,phases      ] GC(1110)   Other: 0.10ms
[4149.412s][info][gc,heap        ] GC(1110) Eden regions: 1117->0(1104)
[4149.412s][info][gc,heap        ] GC(1110) Survivor regions: 111->111(154)
[4149.412s][info][gc,heap        ] GC(1110) Old regions: 508->539
[4149.412s][info][gc,heap        ] GC(1110) Humongous regions: 80->80
[4149.412s][info][gc,metaspace   ] GC(1110) Metaspace: 28866K(29312K)->28866K(29312K) NonClass: 23996K(24192K)->23996K(24192K) Class: 4869K(5120K)->4869K(5120K)
[4149.412s][info][gc             ] GC(1110) Pause Young (Prepare Mixed) (G1 Evacuation Pause) 3629M->1458M(4096M) 119.204ms
[4149.412s][info][gc,cpu         ] GC(1110) User=0.70s Sys=0.00s Real=0.12s
..[4151.728s][info][gc,start       ] GC(1111) Pause Young (Mixed) (G1 Evacuation Pause)
[4151.728s][info][gc,task        ] GC(1111) Using 6 workers of 6 for evacuation
[4151.865s][info][gc,phases      ] GC(1111)   Pre Evacuate Collection Set: 0.38ms
[4151.865s][info][gc,phases      ] GC(1111)   Merge Heap Roots: 0.61ms
[4151.865s][info][gc,phases      ] GC(1111)   Evacuate Collection Set: 134.82ms
[4151.865s][info][gc,phases      ] GC(1111)   Post Evacuate Collection Set: 0.92ms
[4151.865s][info][gc,phases      ] GC(1111)   Other: 0.10ms
[4151.865s][info][gc,heap        ] GC(1111) Eden regions: 1104->0(1115)
[4151.865s][info][gc,heap        ] GC(1111) Survivor regions: 111->113(152)
[4151.865s][info][gc,heap        ] GC(1111) Old regions: 539->474
[4151.865s][info][gc,heap        ] GC(1111) Humongous regions: 80->80
[4151.865s][info][gc,metaspace   ] GC(1111) Metaspace: 28866K(29312K)->28866K(29312K) NonClass: 23996K(24192K)->23996K(24192K) Class: 4869K(5120K)->4869K(5120K)
[4151.865s][info][gc             ] GC(1111) Pause Young (Mixed) (G1 Evacuation Pause) 3666M->1333M(4096M) 136.957ms
[4151.865s][info][gc,cpu         ] GC(1111) User=0.81s Sys=0.00s Real=0.14s
...[4154.268s][info][gc,start       ] GC(1112) Pause Young (Concurrent Start) (G1 Evacuation Pause)
[4154.268s][info][gc,task        ] GC(1112) Using 6 workers of 6 for evacuation
[4154.389s][info][gc,phases      ] GC(1112)   Pre Evacuate Collection Set: 0.38ms
[4154.389s][info][gc,phases      ] GC(1112)   Merge Heap Roots: 0.46ms
[4154.389s][info][gc,phases      ] GC(1112)   Evacuate Collection Set: 118.36ms
[4154.389s][info][gc,phases      ] GC(1112)   Post Evacuate Collection Set: 0.89ms
[4154.389s][info][gc,phases      ] GC(1112)   Other: 0.11ms
[4154.389s][info][gc,heap        ] GC(1112) Eden regions: 1115->0(1119)
[4154.389s][info][gc,heap        ] GC(1112) Survivor regions: 113->109(154)
[4154.389s][info][gc,heap        ] GC(1112) Old regions: 474->507
[4154.389s][info][gc,heap        ] GC(1112) Humongous regions: 80->80
[4154.389s][info][gc,metaspace   ] GC(1112) Metaspace: 28866K(29312K)->28866K(29312K) NonClass: 23996K(24192K)->23996K(24192K) Class: 4869K(5120K)->4869K(5120K)
[4154.389s][info][gc             ] GC(1112) Pause Young (Concurrent Start) (G1 Evacuation Pause) 3563M->1390M(4096M) 120.332ms
[4154.389s][info][gc             ] GC(1113) Concurrent Mark Cycle
[4154.389s][info][gc,marking     ] GC(1113) Concurrent Scan Root Regions
[4154.389s][info][gc,cpu         ] GC(1112) User=0.71s Sys=0.00s Real=0.12s
[4154.528s][info][gc,marking     ] GC(1113) Concurrent Scan Root Regions 138.976ms
[4154.528s][info][gc,marking     ] GC(1113) Concurrent Mark
[4154.528s][info][gc,marking     ] GC(1113) Concurrent Mark From Roots
[4154.528s][info][gc,task        ] GC(1113) Using 2 workers of 2 for marking
.[4155.272s][info][gc,marking     ] GC(1113) Concurrent Mark From Roots 743.936ms
[4155.272s][info][gc,marking     ] GC(1113) Concurrent Preclean
[4155.272s][info][gc,marking     ] GC(1113) Concurrent Preclean 0.127ms
[4155.275s][info][gc,start       ] GC(1113) Pause Remark
[4155.282s][info][gc             ] GC(1113) Pause Remark 2190M->2190M(4096M) 6.547ms
[4155.282s][info][gc,cpu         ] GC(1113) User=0.04s Sys=0.00s Real=0.00s
[4155.282s][info][gc,marking     ] GC(1113) Concurrent Mark 754.118ms
[4155.282s][info][gc,marking     ] GC(1113) Concurrent Rebuild Remembered Sets and Scrub Regions
[4155.651s][info][gc,marking     ] GC(1113) Concurrent Rebuild Remembered Sets and Scrub Regions 368.504ms
[4155.652s][info][gc,start       ] GC(1113) Pause Cleanup
[4155.652s][info][gc             ] GC(1113) Pause Cleanup 2540M->2540M(4096M) 0.124ms
[4155.652s][info][gc,cpu         ] GC(1113) User=0.00s Sys=0.00s Real=0.00s
[4155.652s][info][gc,marking     ] GC(1113) Concurrent Clear Claimed Marks
[4155.652s][info][gc,marking     ] GC(1113) Concurrent Clear Claimed Marks 0.033ms
[4155.652s][info][gc,marking     ] GC(1113) Concurrent Cleanup for Next Mark
[4155.658s][info][gc,marking     ] GC(1113) Concurrent Cleanup for Next Mark 5.812ms
[4155.658s][info][gc             ] GC(1113) Concurrent Mark Cycle 1269.226ms
.[4156.731s][info][gc,start       ] GC(1114) Pause Young (Prepare Mixed) (G1 Evacuation Pause)
[4156.731s][info][gc,task        ] GC(1114) Using 6 workers of 6 for evacuation
[4156.850s][info][gc,phases      ] GC(1114)   Pre Evacuate Collection Set: 0.34ms
[4156.850s][info][gc,phases      ] GC(1114)   Merge Heap Roots: 0.53ms
[4156.850s][info][gc,phases      ] GC(1114)   Evacuate Collection Set: 117.02ms
[4156.850s][info][gc,phases      ] GC(1114)   Post Evacuate Collection Set: 0.92ms
[4156.850s][info][gc,phases      ] GC(1114)   Other: 0.09ms
[4156.850s][info][gc,heap        ] GC(1114) Eden regions: 1119->0(1104)
[4156.850s][info][gc,heap        ] GC(1114) Survivor regions: 109->111(154)
[4156.850s][info][gc,heap        ] GC(1114) Old regions: 507->539
[4156.850s][info][gc,heap        ] GC(1114) Humongous regions: 80->80
[4156.850s][info][gc,metaspace   ] GC(1114) Metaspace: 28866K(29312K)->28866K(29312K) NonClass: 23996K(24192K)->23996K(24192K) Class: 4869K(5120K)->4869K(5120K)
[4156.850s][info][gc             ] GC(1114) Pause Young (Prepare Mixed) (G1 Evacuation Pause) 3628M->1458M(4096M) 119.031ms
[4156.850s][info][gc,cpu         ] GC(1114) User=0.71s Sys=0.00s Real=0.12s
...[4159.230s][info][gc,start       ] GC(1115) Pause Young (Mixed) (G1 Evacuation Pause)
[4159.230s][info][gc,task        ] GC(1115) Using 6 workers of 6 for evacuation
[4159.367s][info][gc,phases      ] GC(1115)   Pre Evacuate Collection Set: 0.37ms
[4159.367s][info][gc,phases      ] GC(1115)   Merge Heap Roots: 0.75ms
[4159.367s][info][gc,phases      ] GC(1115)   Evacuate Collection Set: 134.64ms
[4159.367s][info][gc,phases      ] GC(1115)   Post Evacuate Collection Set: 0.94ms
[4159.367s][info][gc,phases      ] GC(1115)   Other: 0.09ms
[4159.367s][info][gc,heap        ] GC(1115) Eden regions: 1104->0(1117)
[4159.367s][info][gc,heap        ] GC(1115) Survivor regions: 111->111(152)
[4159.367s][info][gc,heap        ] GC(1115) Old regions: 539->475
[4159.367s][info][gc,heap        ] GC(1115) Humongous regions: 80->80
[4159.367s][info][gc,metaspace   ] GC(1115) Metaspace: 28866K(29312K)->28866K(29312K) NonClass: 23996K(24192K)->23996K(24192K) Class: 4869K(5120K)->4869K(5120K)
[4159.367s][info][gc             ] GC(1115) Pause Young (Mixed) (G1 Evacuation Pause) 3666M->1329M(4096M) 136.913ms
[4159.367s][info][gc,cpu         ] GC(1115) User=0.81s Sys=0.00s Real=0.14s
..[4161.830s][info][gc,start       ] GC(1116) Pause Young (Concurrent Start) (G1 Evacuation Pause)
[4161.830s][info][gc,task        ] GC(1116) Using 6 workers of 6 for evacuation
[4161.946s][info][gc,phases      ] GC(1116)   Pre Evacuate Collection Set: 0.41ms
[4161.946s][info][gc,phases      ] GC(1116)   Merge Heap Roots: 0.48ms
[4161.946s][info][gc,phases      ] GC(1116)   Evacuate Collection Set: 114.92ms
[4161.946s][info][gc,phases      ] GC(1116)   Post Evacuate Collection Set: 0.88ms
[4161.946s][info][gc,phases      ] GC(1116)   Other: 0.12ms
[4161.946s][info][gc,heap        ] GC(1116) Eden regions: 1117->0(1117)
[4161.946s][info][gc,heap        ] GC(1116) Survivor regions: 111->111(154)
[4161.946s][info][gc,heap        ] GC(1116) Old regions: 475->506
[4161.946s][info][gc,heap        ] GC(1116) Humongous regions: 80->80
[4161.946s][info][gc,metaspace   ] GC(1116) Metaspace: 28866K(29312K)->28866K(29312K) NonClass: 23996K(24192K)->23996K(24192K) Class: 4869K(5120K)->4869K(5120K)
[4161.946s][info][gc             ] GC(1116) Pause Young (Concurrent Start) (G1 Evacuation Pause) 3563M->1392M(4096M) 116.950ms
[4161.947s][info][gc             ] GC(1117) Concurrent Mark Cycle
[4161.947s][info][gc,marking     ] GC(1117) Concurrent Scan Root Regions
[4161.947s][info][gc,cpu         ] GC(1116) User=0.70s Sys=0.00s Real=0.12s
[4162.135s][info][gc,marking     ] GC(1117) Concurrent Scan Root Regions 188.625ms
[4162.135s][info][gc,marking     ] GC(1117) Concurrent Mark
[4162.135s][info][gc,marking     ] GC(1117) Concurrent Mark From Roots
[4162.135s][info][gc,task        ] GC(1117) Using 2 workers of 2 for marking
.[4163.178s][info][gc,marking     ] GC(1117) Concurrent Mark From Roots 1043.152ms
[4163.178s][info][gc,marking     ] GC(1117) Concurrent Preclean
[4163.179s][info][gc,marking     ] GC(1117) Concurrent Preclean 0.120ms
[4163.179s][info][gc,start       ] GC(1117) Pause Remark
[4163.187s][info][gc             ] GC(1117) Pause Remark 2528M->2528M(4096M) 8.166ms
[4163.187s][info][gc,cpu         ] GC(1117) User=0.05s Sys=0.00s Real=0.01s
[4163.187s][info][gc,marking     ] GC(1117) Concurrent Mark 1051.920ms
[4163.187s][info][gc,marking     ] GC(1117) Concurrent Rebuild Remembered Sets and Scrub Regions
.[4163.520s][info][gc,marking     ] GC(1117) Concurrent Rebuild Remembered Sets and Scrub Regions 333.084ms
[4163.520s][info][gc,start       ] GC(1117) Pause Cleanup
[4163.521s][info][gc             ] GC(1117) Pause Cleanup 2854M->2854M(4096M) 0.118ms
[4163.521s][info][gc,cpu         ] GC(1117) User=0.00s Sys=0.00s Real=0.00s
[4163.521s][info][gc,marking     ] GC(1117) Concurrent Clear Claimed Marks
[4163.521s][info][gc,marking     ] GC(1117) Concurrent Clear Claimed Marks 0.026ms
[4163.521s][info][gc,marking     ] GC(1117) Concurrent Cleanup for Next Mark
[4163.525s][info][gc,marking     ] GC(1117) Concurrent Cleanup for Next Mark 4.757ms
[4163.525s][info][gc             ] GC(1117) Concurrent Mark Cycle 1578.976ms
.[4164.343s][info][gc,start       ] GC(1118) Pause Young (Prepare Mixed) (G1 Evacuation Pause)
[4164.344s][info][gc,task        ] GC(1118) Using 6 workers of 6 for evacuation
[4164.461s][info][gc,phases      ] GC(1118)   Pre Evacuate Collection Set: 0.34ms
[4164.461s][info][gc,phases      ] GC(1118)   Merge Heap Roots: 0.53ms
[4164.461s][info][gc,phases      ] GC(1118)   Evacuate Collection Set: 115.27ms
[4164.461s][info][gc,phases      ] GC(1118)   Post Evacuate Collection Set: 0.94ms
[4164.461s][info][gc,phases      ] GC(1118)   Other: 0.08ms
[4164.461s][info][gc,heap        ] GC(1118) Eden regions: 1117->0(1106)
[4164.461s][info][gc,heap        ] GC(1118) Survivor regions: 111->111(154)
[4164.461s][info][gc,heap        ] GC(1118) Old regions: 506->537
[4164.461s][info][gc,heap        ] GC(1118) Humongous regions: 80->80
[4164.461s][info][gc,metaspace   ] GC(1118) Metaspace: 28866K(29312K)->28866K(29312K) NonClass: 23996K(24192K)->23996K(24192K) Class: 4869K(5120K)->4869K(5120K)
[4164.461s][info][gc             ] GC(1118) Pause Young (Prepare Mixed) (G1 Evacuation Pause) 3626M->1454M(4096M) 117.301ms
[4164.461s][info][gc,cpu         ] GC(1118) User=0.69s Sys=0.00s Real=0.11s
..[4166.840s][info][gc,start       ] GC(1119) Pause Young (Mixed) (G1 Evacuation Pause)
[4166.840s][info][gc,task        ] GC(1119) Using 6 workers of 6 for evacuation
[4166.979s][info][gc,phases      ] GC(1119)   Pre Evacuate Collection Set: 0.37ms
[4166.979s][info][gc,phases      ] GC(1119)   Merge Heap Roots: 0.71ms
[4166.979s][info][gc,phases      ] GC(1119)   Evacuate Collection Set: 136.52ms
[4166.979s][info][gc,phases      ] GC(1119)   Post Evacuate Collection Set: 0.93ms
[4166.979s][info][gc,phases      ] GC(1119)   Other: 0.09ms
[4166.979s][info][gc,heap        ] GC(1119) Eden regions: 1106->0(1114)
[4166.979s][info][gc,heap        ] GC(1119) Survivor regions: 111->114(153)
[4166.979s][info][gc,heap        ] GC(1119) Old regions: 537->474
[4166.979s][info][gc,heap        ] GC(1119) Humongous regions: 80->80
[4166.979s][info][gc,metaspace   ] GC(1119) Metaspace: 28866K(29312K)->28866K(29312K) NonClass: 23996K(24192K)->23996K(24192K) Class: 4869K(5120K)->4869K(5120K)
[4166.979s][info][gc             ] GC(1119) Pause Young (Mixed) (G1 Evacuation Pause) 3666M->1334M(4096M) 138.770ms
[4166.979s][info][gc,cpu         ] GC(1119) User=0.82s Sys=0.01s Real=0.14s
...[4169.317s][info][gc,start       ] GC(1120) Pause Young (Concurrent Start) (G1 Evacuation Pause)
[4169.317s][info][gc,task        ] GC(1120) Using 6 workers of 6 for evacuation
[4169.434s][info][gc,phases      ] GC(1120)   Pre Evacuate Collection Set: 0.38ms
[4169.434s][info][gc,phases      ] GC(1120)   Merge Heap Roots: 0.45ms
[4169.434s][info][gc,phases      ] GC(1120)   Evacuate Collection Set: 115.56ms
[4169.434s][info][gc,phases      ] GC(1120)   Post Evacuate Collection Set: 0.89ms
[4169.434s][info][gc,phases      ] GC(1120)   Other: 0.10ms
[4169.434s][info][gc,heap        ] GC(1120) Eden regions: 1114->0(1121)
[4169.434s][info][gc,heap        ] GC(1120) Survivor regions: 114->107(154)
[4169.434s][info][gc,heap        ] GC(1120) Old regions: 474->506
[4169.434s][info][gc,heap        ] GC(1120) Humongous regions: 80->80
[4169.434s][info][gc,metaspace   ] GC(1120) Metaspace: 28866K(29312K)->28866K(29312K) NonClass: 23996K(24192K)->23996K(24192K) Class: 4869K(5120K)->4869K(5120K)
[4169.434s][info][gc             ] GC(1120) Pause Young (Concurrent Start) (G1 Evacuation Pause) 3562M->1385M(4096M) 117.512ms
[4169.434s][info][gc             ] GC(1121) Concurrent Mark Cycle
[4169.434s][info][gc,marking     ] GC(1121) Concurrent Scan Root Regions
[4169.434s][info][gc,cpu         ] GC(1120) User=0.69s Sys=0.00s Real=0.12s
[4169.618s][info][gc,marking     ] GC(1121) Concurrent Scan Root Regions 183.226ms
[4169.618s][info][gc,marking     ] GC(1121) Concurrent Mark
[4169.618s][info][gc,marking     ] GC(1121) Concurrent Mark From Roots
[4169.618s][info][gc,task        ] GC(1121) Using 2 workers of 2 for marking
.[4170.324s][info][gc,marking     ] GC(1121) Concurrent Mark From Roots 706.140ms
[4170.324s][info][gc,marking     ] GC(1121) Concurrent Preclean
[4170.324s][info][gc,marking     ] GC(1121) Concurrent Preclean 0.131ms
[4170.324s][info][gc,start       ] GC(1121) Pause Remark
[4170.330s][info][gc             ] GC(1121) Pause Remark 2130M->2130M(4096M) 5.511ms
[4170.330s][info][gc,cpu         ] GC(1121) User=0.03s Sys=0.00s Real=0.00s
[4170.330s][info][gc,marking     ] GC(1121) Concurrent Mark 712.206ms
[4170.330s][info][gc,marking     ] GC(1121) Concurrent Rebuild Remembered Sets and Scrub Regions
[4170.602s][info][gc,marking     ] GC(1121) Concurrent Rebuild Remembered Sets and Scrub Regions 271.911ms
[4170.603s][info][gc,start       ] GC(1121) Pause Cleanup
[4170.603s][info][gc             ] GC(1121) Pause Cleanup 2409M->2409M(4096M) 0.135ms
[4170.603s][info][gc,cpu         ] GC(1121) User=0.00s Sys=0.00s Real=0.00s
[4170.605s][info][gc,marking     ] GC(1121) Concurrent Clear Claimed Marks
[4170.605s][info][gc,marking     ] GC(1121) Concurrent Clear Claimed Marks 0.052ms
[4170.605s][info][gc,marking     ] GC(1121) Concurrent Cleanup for Next Mark
[4170.609s][info][gc,marking     ] GC(1121) Concurrent Cleanup for Next Mark 4.411ms
[4170.610s][info][gc             ] GC(1121) Concurrent Mark Cycle 1175.165ms
.[4171.886s][info][gc,start       ] GC(1122) Pause Young (Prepare Mixed) (G1 Evacuation Pause)
[4171.886s][info][gc,task        ] GC(1122) Using 6 workers of 6 for evacuation
[4172.005s][info][gc,phases      ] GC(1122)   Pre Evacuate Collection Set: 0.36ms
[4172.006s][info][gc,phases      ] GC(1122)   Merge Heap Roots: 0.55ms
[4172.006s][info][gc,phases      ] GC(1122)   Evacuate Collection Set: 117.40ms
[4172.006s][info][gc,phases      ] GC(1122)   Post Evacuate Collection Set: 0.95ms
[4172.006s][info][gc,phases      ] GC(1122)   Other: 0.08ms
[4172.006s][info][gc,heap        ] GC(1122) Eden regions: 1121->0(1107)
[4172.006s][info][gc,heap        ] GC(1122) Survivor regions: 107->110(154)
[4172.006s][info][gc,heap        ] GC(1122) Old regions: 506->538
[4172.006s][info][gc,heap        ] GC(1122) Humongous regions: 80->80
[4172.006s][info][gc,metaspace   ] GC(1122) Metaspace: 28866K(29312K)->28866K(29312K) NonClass: 23996K(24192K)->23996K(24192K) Class: 4869K(5120K)->4869K(5120K)
[4172.006s][info][gc             ] GC(1122) Pause Young (Prepare Mixed) (G1 Evacuation Pause) 3627M->1455M(4096M) 119.486ms
[4172.006s][info][gc,cpu         ] GC(1122) User=0.71s Sys=0.00s Real=0.12s
..[4174.327s][info][gc,start       ] GC(1123) Pause Young (Mixed) (G1 Evacuation Pause)
[4174.327s][info][gc,task        ] GC(1123) Using 6 workers of 6 for evacuation
[4174.465s][info][gc,phases      ] GC(1123)   Pre Evacuate Collection Set: 0.35ms
[4174.465s][info][gc,phases      ] GC(1123)   Merge Heap Roots: 0.70ms
[4174.465s][info][gc,phases      ] GC(1123)   Evacuate Collection Set: 136.10ms
[4174.465s][info][gc,phases      ] GC(1123)   Post Evacuate Collection Set: 0.86ms
[4174.465s][info][gc,phases      ] GC(1123)   Other: 0.09ms
[4174.465s][info][gc,heap        ] GC(1123) Eden regions: 1107->0(1117)
[4174.465s][info][gc,heap        ] GC(1123) Survivor regions: 110->111(153)
[4174.465s][info][gc,heap        ] GC(1123) Old regions: 538->475
[4174.465s][info][gc,heap        ] GC(1123) Humongous regions: 80->80
[4174.465s][info][gc,metaspace   ] GC(1123) Metaspace: 28866K(29312K)->28866K(29312K) NonClass: 23996K(24192K)->23996K(24192K) Class: 4869K(5120K)->4869K(5120K)
[4174.465s][info][gc             ] GC(1123) Pause Young (Mixed) (G1 Evacuation Pause) 3669M->1330M(4096M) 138.242ms
[4174.465s][info][gc,cpu         ] GC(1123) User=0.82s Sys=0.00s Real=0.14s
...[4176.857s][info][gc,start       ] GC(1124) Pause Young (Concurrent Start) (G1 Evacuation Pause)
[4176.858s][info][gc,task        ] GC(1124) Using 6 workers of 6 for evacuation
[4176.981s][info][gc,phases      ] GC(1124)   Pre Evacuate Collection Set: 0.37ms
[4176.981s][info][gc,phases      ] GC(1124)   Merge Heap Roots: 0.46ms
[4176.981s][info][gc,phases      ] GC(1124)   Evacuate Collection Set: 121.33ms
[4176.981s][info][gc,phases      ] GC(1124)   Post Evacuate Collection Set: 0.90ms
[4176.981s][info][gc,phases      ] GC(1124)   Other: 0.11ms
[4176.981s][info][gc,heap        ] GC(1124) Eden regions: 1117->0(1113)
[4176.981s][info][gc,heap        ] GC(1124) Survivor regions: 111->115(154)
[4176.981s][info][gc,heap        ] GC(1124) Old regions: 475->506
[4176.981s][info][gc,heap        ] GC(1124) Humongous regions: 80->80
[4176.981s][info][gc,metaspace   ] GC(1124) Metaspace: 28866K(29312K)->28866K(29312K) NonClass: 23996K(24192K)->23996K(24192K) Class: 4869K(5120K)->4869K(5120K)
[4176.981s][info][gc             ] GC(1124) Pause Young (Concurrent Start) (G1 Evacuation Pause) 3564M->1400M(4096M) 123.310ms
[4176.981s][info][gc             ] GC(1125) Concurrent Mark Cycle
[4176.981s][info][gc,marking     ] GC(1125) Concurrent Scan Root Regions
[4176.981s][info][gc,cpu         ] GC(1124) User=0.73s Sys=0.00s Real=0.12s
[4177.168s][info][gc,marking     ] GC(1125) Concurrent Scan Root Regions 186.895ms
[4177.168s][info][gc,marking     ] GC(1125) Concurrent Mark
[4177.168s][info][gc,marking     ] GC(1125) Concurrent Mark From Roots
[4177.168s][info][gc,task        ] GC(1125) Using 2 workers of 2 for marking
.[4178.167s][info][gc,marking     ] GC(1125) Concurrent Mark From Roots 998.803ms
[4178.167s][info][gc,marking     ] GC(1125) Concurrent Preclean
[4178.167s][info][gc,marking     ] GC(1125) Concurrent Preclean 0.116ms
[4178.167s][info][gc,start       ] GC(1125) Pause Remark
[4178.175s][info][gc             ] GC(1125) Pause Remark 2507M->2507M(4096M) 8.108ms
[4178.175s][info][gc,cpu         ] GC(1125) User=0.05s Sys=0.00s Real=0.01s
[4178.175s][info][gc,marking     ] GC(1125) Concurrent Mark 1007.362ms
[4178.175s][info][gc,marking     ] GC(1125) Concurrent Rebuild Remembered Sets and Scrub Regions
[4178.492s][info][gc,marking     ] GC(1125) Concurrent Rebuild Remembered Sets and Scrub Regions 317.232ms
[4178.493s][info][gc,start       ] GC(1125) Pause Cleanup
[4178.493s][info][gc             ] GC(1125) Pause Cleanup 2770M->2770M(4096M) 0.114ms
[4178.493s][info][gc,cpu         ] GC(1125) User=0.00s Sys=0.00s Real=0.00s
[4178.494s][info][gc,marking     ] GC(1125) Concurrent Clear Claimed Marks
[4178.494s][info][gc,marking     ] GC(1125) Concurrent Clear Claimed Marks 0.049ms
[4178.494s][info][gc,marking     ] GC(1125) Concurrent Cleanup for Next Mark
[4178.499s][info][gc,marking     ] GC(1125) Concurrent Cleanup for Next Mark 5.011ms
[4178.499s][info][gc             ] GC(1125) Concurrent Mark Cycle 1518.102ms
.[4179.431s][info][gc,start       ] GC(1126) Pause Young (Prepare Mixed) (G1 Evacuation Pause)
[4179.431s][info][gc,task        ] GC(1126) Using 6 workers of 6 for evacuation
[4179.550s][info][gc,phases      ] GC(1126)   Pre Evacuate Collection Set: 0.33ms
[4179.550s][info][gc,phases      ] GC(1126)   Merge Heap Roots: 0.53ms
[4179.550s][info][gc,phases      ] GC(1126)   Evacuate Collection Set: 117.10ms
[4179.550s][info][gc,phases      ] GC(1126)   Post Evacuate Collection Set: 0.91ms
[4179.550s][info][gc,phases      ] GC(1126)   Other: 0.09ms
[4179.550s][info][gc,heap        ] GC(1126) Eden regions: 1113->0(1107)
[4179.550s][info][gc,heap        ] GC(1126) Survivor regions: 115->110(154)
[4179.550s][info][gc,heap        ] GC(1126) Old regions: 506->538
[4179.550s][info][gc,heap        ] GC(1126) Humongous regions: 80->80
[4179.550s][info][gc,metaspace   ] GC(1126) Metaspace: 28866K(29312K)->28866K(29312K) NonClass: 23996K(24192K)->23996K(24192K) Class: 4869K(5120K)->4869K(5120K)
[4179.550s][info][gc             ] GC(1126) Pause Young (Prepare Mixed) (G1 Evacuation Pause) 3626M->1454M(4096M) 119.096ms
[4179.550s][info][gc,cpu         ] GC(1126) User=0.71s Sys=0.00s Real=0.12s
...[4181.863s][info][gc,start       ] GC(1127) Pause Young (Mixed) (G1 Evacuation Pause)
[4181.863s][info][gc,task        ] GC(1127) Using 6 workers of 6 for evacuation
[4181.998s][info][gc,phases      ] GC(1127)   Pre Evacuate Collection Set: 0.35ms
[4181.998s][info][gc,phases      ] GC(1127)   Merge Heap Roots: 0.59ms
[4181.998s][info][gc,phases      ] GC(1127)   Evacuate Collection Set: 132.55ms
[4181.998s][info][gc,phases      ] GC(1127)   Post Evacuate Collection Set: 0.94ms
[4181.998s][info][gc,phases      ] GC(1127)   Other: 0.09ms
[4181.998s][info][gc,heap        ] GC(1127) Eden regions: 1107->0(1114)
[4181.998s][info][gc,heap        ] GC(1127) Survivor regions: 110->114(153)
[4181.998s][info][gc,heap        ] GC(1127) Old regions: 538->474
[4181.998s][info][gc,heap        ] GC(1127) Humongous regions: 80->80
[4181.998s][info][gc,metaspace   ] GC(1127) Metaspace: 28866K(29312K)->28866K(29312K) NonClass: 23996K(24192K)->23996K(24192K) Class: 4869K(5120K)->4869K(5120K)
[4181.998s][info][gc             ] GC(1127) Pause Young (Mixed) (G1 Evacuation Pause) 3668M->1333M(4096M) 134.641ms
[4181.998s][info][gc,cpu         ] GC(1127) User=0.80s Sys=0.00s Real=0.13s
..[4184.377s][info][gc,start       ] GC(1128) Pause Young (Concurrent Start) (G1 Evacuation Pause)
[4184.377s][info][gc,task        ] GC(1128) Using 6 workers of 6 for evacuation
[4184.496s][info][gc,phases      ] GC(1128)   Pre Evacuate Collection Set: 0.42ms
[4184.496s][info][gc,phases      ] GC(1128)   Merge Heap Roots: 0.52ms
[4184.496s][info][gc,phases      ] GC(1128)   Evacuate Collection Set: 116.71ms
[4184.496s][info][gc,phases      ] GC(1128)   Post Evacuate Collection Set: 0.90ms
[4184.496s][info][gc,phases      ] GC(1128)   Other: 0.15ms
[4184.496s][info][gc,heap        ] GC(1128) Eden regions: 1114->0(1121)
[4184.496s][info][gc,heap        ] GC(1128) Survivor regions: 114->107(154)
[4184.496s][info][gc,heap        ] GC(1128) Old regions: 474->507
[4184.496s][info][gc,heap        ] GC(1128) Humongous regions: 80->80
[4184.496s][info][gc,metaspace   ] GC(1128) Metaspace: 28866K(29312K)->28866K(29312K) NonClass: 23996K(24192K)->23996K(24192K) Class: 4869K(5120K)->4869K(5120K)
[4184.496s][info][gc             ] GC(1128) Pause Young (Concurrent Start) (G1 Evacuation Pause) 3561M->1387M(4096M) 118.829ms
[4184.496s][info][gc             ] GC(1129) Concurrent Mark Cycle
[4184.496s][info][gc,marking     ] GC(1129) Concurrent Scan Root Regions
[4184.496s][info][gc,cpu         ] GC(1128) User=0.71s Sys=0.00s Real=0.12s
.[4184.717s][info][gc,marking     ] GC(1129) Concurrent Scan Root Regions 221.497ms
[4184.717s][info][gc,marking     ] GC(1129) Concurrent Mark
[4184.717s][info][gc,marking     ] GC(1129) Concurrent Mark From Roots
[4184.717s][info][gc,task        ] GC(1129) Using 2 workers of 2 for marking
.[4185.674s][info][gc,marking     ] GC(1129) Concurrent Mark From Roots 957.185ms
[4185.675s][info][gc,marking     ] GC(1129) Concurrent Preclean
[4185.675s][info][gc,marking     ] GC(1129) Concurrent Preclean 0.109ms
[4185.675s][info][gc,start       ] GC(1129) Pause Remark
[4185.683s][info][gc             ] GC(1129) Pause Remark 2518M->2518M(4096M) 7.666ms
[4185.683s][info][gc,cpu         ] GC(1129) User=0.04s Sys=0.00s Real=0.01s
[4185.683s][info][gc,marking     ] GC(1129) Concurrent Mark 965.561ms
[4185.683s][info][gc,marking     ] GC(1129) Concurrent Rebuild Remembered Sets and Scrub Regions
[4185.949s][info][gc,marking     ] GC(1129) Concurrent Rebuild Remembered Sets and Scrub Regions 265.652ms
[4185.949s][info][gc,start       ] GC(1129) Pause Cleanup
[4185.949s][info][gc             ] GC(1129) Pause Cleanup 2751M->2751M(4096M) 0.103ms
[4185.949s][info][gc,cpu         ] GC(1129) User=0.00s Sys=0.00s Real=0.00s
[4185.949s][info][gc,marking     ] GC(1129) Concurrent Clear Claimed Marks
[4185.949s][info][gc,marking     ] GC(1129) Concurrent Clear Claimed Marks 0.022ms
[4185.949s][info][gc,marking     ] GC(1129) Concurrent Cleanup for Next Mark
[4185.954s][info][gc,marking     ] GC(1129) Concurrent Cleanup for Next Mark 4.915ms
[4185.954s][info][gc             ] GC(1129) Concurrent Mark Cycle 1458.127ms
.[4186.938s][info][gc,start       ] GC(1130) Pause Young (Prepare Mixed) (G1 Evacuation Pause)
[4186.938s][info][gc,task        ] GC(1130) Using 6 workers of 6 for evacuation
[4187.061s][info][gc,phases      ] GC(1130)   Pre Evacuate Collection Set: 0.33ms
[4187.061s][info][gc,phases      ] GC(1130)   Merge Heap Roots: 0.51ms
[4187.061s][info][gc,phases      ] GC(1130)   Evacuate Collection Set: 121.09ms
[4187.061s][info][gc,phases      ] GC(1130)   Post Evacuate Collection Set: 0.92ms
[4187.061s][info][gc,phases      ] GC(1130)   Other: 0.09ms
[4187.061s][info][gc,heap        ] GC(1130) Eden regions: 1121->0(1098)
[4187.061s][info][gc,heap        ] GC(1130) Survivor regions: 107->114(154)
[4187.061s][info][gc,heap        ] GC(1130) Old regions: 507->539
[4187.061s][info][gc,heap        ] GC(1130) Humongous regions: 80->80
[4187.061s][info][gc,metaspace   ] GC(1130) Metaspace: 28866K(29312K)->28866K(29312K) NonClass: 23996K(24192K)->23996K(24192K) Class: 4869K(5120K)->4869K(5120K)
[4187.061s][info][gc             ] GC(1130) Pause Young (Prepare Mixed) (G1 Evacuation Pause) 3629M->1465M(4096M) 123.066ms
[4187.061s][info][gc,cpu         ] GC(1130) User=0.73s Sys=0.00s Real=0.12s
.. (rIR:aIR:PR = 7472:7499:7499) (tPR = 111429) [OK] 
  4188s: Performance info:
         Transaction,    Success,    Partial,     Failed,   Receipts, AvgBarcode, 
             Overall,     450620,          0,          0,     428177,      59.47, 
         Response times:
             Request,    Success,    Partial,     Failed,   SkipFail,     Probes,    Samples,      min,      p50,      p90,      p95,      p99,      max, 
       TotalPurchase,     428181,          0,          0,          0,     354788,     411270,      300,     6500,    66000,   106000,   149000,   343000,
     InStorePurchase,     225628,          0,          0,          0,     186293,     216124,      300,     6500,    66000,   105000,   148000,   343000,
      OnlinePurchase,     157556,          0,          0,          0,     131144,     151965,      300,     6500,    67000,   107000,   150000,   288000,
        InstPurchase,      44997,          0,          0,          0,      37351,      43181,      400,     6700,    67000,   106000,   148000,   321000,
          AssocOfCat,        448,          0,          0,          0,        380,        547,    26000,    44000,   130000,   162800,   199120,   217000,
      AssocOfProduct,       4496,          0,          0,          0,       4161,       5025,      500,     7300,    67000,   107000,   148000,   245000,
      BusinessReport,       1125,          0,          0,          0,       1018,       1313,    29000,    51000,   134600,   167300,   214880,   324000,
          CustBuyBeh,       4482,          0,          0,          0,       4115,       5013,      400,     6600,    71000,   111000,   152000,   203000,
       ProductReturn,      11881,          0,          0,          0,      10121,      11875,      200,     5800,    60000,   100000,   145000,   459000,

  4188s: (55%)   IR =   7610 [4189.393s][info][gc,start       ] GC(1131) Pause Young (Mixed) (G1 Evacuation Pause)
[4189.393s][info][gc,task        ] GC(1131) Using 6 workers of 6 for evacuation
[4189.527s][info][gc,phases      ] GC(1131)   Pre Evacuate Collection Set: 0.40ms
[4189.527s][info][gc,phases      ] GC(1131)   Merge Heap Roots: 0.73ms
[4189.527s][info][gc,phases      ] GC(1131)   Evacuate Collection Set: 132.32ms
[4189.527s][info][gc,phases      ] GC(1131)   Post Evacuate Collection Set: 1.02ms
[4189.527s][info][gc,phases      ] GC(1131)   Other: 0.09ms
[4189.527s][info][gc,heap        ] GC(1131) Eden regions: 1098->0(1119)
[4189.527s][info][gc,heap        ] GC(1131) Survivor regions: 114->109(152)
[4189.527s][info][gc,heap        ] GC(1131) Old regions: 539->476
[4189.527s][info][gc,heap        ] GC(1131) Humongous regions: 80->80
[4189.527s][info][gc,metaspace   ] GC(1131) Metaspace: 28866K(29312K)->28866K(29312K) NonClass: 23996K(24192K)->23996K(24192K) Class: 4869K(5120K)->4869K(5120K)
[4189.527s][info][gc             ] GC(1131) Pause Young (Mixed) (G1 Evacuation Pause) 3661M->1327M(4096M) 134.682ms
[4189.528s][info][gc,cpu         ] GC(1131) User=0.79s Sys=0.00s Real=0.13s
...[4191.889s][info][gc,start       ] GC(1132) Pause Young (Concurrent Start) (G1 Evacuation Pause)
[4191.889s][info][gc,task        ] GC(1132) Using 6 workers of 6 for evacuation
[4192.008s][info][gc,phases      ] GC(1132)   Pre Evacuate Collection Set: 0.39ms
[4192.008s][info][gc,phases      ] GC(1132)   Merge Heap Roots: 0.49ms
[4192.008s][info][gc,phases      ] GC(1132)   Evacuate Collection Set: 116.64ms
[4192.008s][info][gc,phases      ] GC(1132)   Post Evacuate Collection Set: 0.90ms
[4192.008s][info][gc,phases      ] GC(1132)   Other: 0.12ms
[4192.008s][info][gc,heap        ] GC(1132) Eden regions: 1119->0(1117)
[4192.008s][info][gc,heap        ] GC(1132) Survivor regions: 109->111(154)
[4192.008s][info][gc,heap        ] GC(1132) Old regions: 476->508
[4192.008s][info][gc,heap        ] GC(1132) Humongous regions: 80->80
[4192.008s][info][gc,metaspace   ] GC(1132) Metaspace: 28866K(29312K)->28866K(29312K) NonClass: 23996K(24192K)->23996K(24192K) Class: 4869K(5120K)->4869K(5120K)
[4192.008s][info][gc             ] GC(1132) Pause Young (Concurrent Start) (G1 Evacuation Pause) 3565M->1395M(4096M) 118.687ms
[4192.008s][info][gc             ] GC(1133) Concurrent Mark Cycle
[4192.008s][info][gc,marking     ] GC(1133) Concurrent Scan Root Regions
[4192.008s][info][gc,cpu         ] GC(1132) User=0.70s Sys=0.00s Real=0.12s
[4192.173s][info][gc,marking     ] GC(1133) Concurrent Scan Root Regions 165.104ms
[4192.173s][info][gc,marking     ] GC(1133) Concurrent Mark
[4192.173s][info][gc,marking     ] GC(1133) Concurrent Mark From Roots
[4192.173s][info][gc,task        ] GC(1133) Using 2 workers of 2 for marking
.[4192.896s][info][gc,marking     ] GC(1133) Concurrent Mark From Roots 722.881ms
[4192.915s][info][gc,marking     ] GC(1133) Concurrent Preclean
[4192.915s][info][gc,marking     ] GC(1133) Concurrent Preclean 0.156ms
[4192.919s][info][gc,start       ] GC(1133) Pause Remark
[4192.924s][info][gc             ] GC(1133) Pause Remark 2211M->2211M(4096M) 5.570ms
[4192.924s][info][gc,cpu         ] GC(1133) User=0.04s Sys=0.00s Real=0.01s
[4192.924s][info][gc,marking     ] GC(1133) Concurrent Mark 751.169ms
[4192.924s][info][gc,marking     ] GC(1133) Concurrent Rebuild Remembered Sets and Scrub Regions
[4193.242s][info][gc,marking     ] GC(1133) Concurrent Rebuild Remembered Sets and Scrub Regions 317.952ms
[4193.242s][info][gc,start       ] GC(1133) Pause Cleanup
[4193.243s][info][gc             ] GC(1133) Pause Cleanup 2535M->2535M(4096M) 0.111ms
[4193.243s][info][gc,cpu         ] GC(1133) User=0.00s Sys=0.00s Real=0.00s
[4193.243s][info][gc,marking     ] GC(1133) Concurrent Clear Claimed Marks
[4193.243s][info][gc,marking     ] GC(1133) Concurrent Clear Claimed Marks 0.034ms
[4193.243s][info][gc,marking     ] GC(1133) Concurrent Cleanup for Next Mark
[4193.251s][info][gc,marking     ] GC(1133) Concurrent Cleanup for Next Mark 7.270ms
[4193.251s][info][gc             ] GC(1133) Concurrent Mark Cycle 1242.724ms
.[4194.419s][info][gc,start       ] GC(1134) Pause Young (Prepare Mixed) (G1 Evacuation Pause)
[4194.419s][info][gc,task        ] GC(1134) Using 6 workers of 6 for evacuation
[4194.540s][info][gc,phases      ] GC(1134)   Pre Evacuate Collection Set: 0.33ms
[4194.540s][info][gc,phases      ] GC(1134)   Merge Heap Roots: 0.51ms
[4194.540s][info][gc,phases      ] GC(1134)   Evacuate Collection Set: 119.43ms
[4194.540s][info][gc,phases      ] GC(1134)   Post Evacuate Collection Set: 0.93ms
[4194.540s][info][gc,phases      ] GC(1134)   Other: 0.09ms
[4194.540s][info][gc,heap        ] GC(1134) Eden regions: 1117->0(1102)
[4194.540s][info][gc,heap        ] GC(1134) Survivor regions: 111->112(154)
[4194.540s][info][gc,heap        ] GC(1134) Old regions: 508->539
[4194.540s][info][gc,heap        ] GC(1134) Humongous regions: 80->80
[4194.540s][info][gc,metaspace   ] GC(1134) Metaspace: 28866K(29312K)->28866K(29312K) NonClass: 23996K(24192K)->23996K(24192K) Class: 4869K(5120K)->4869K(5120K)
[4194.540s][info][gc             ] GC(1134) Pause Young (Prepare Mixed) (G1 Evacuation Pause) 3629M->1461M(4096M) 121.423ms
[4194.541s][info][gc,cpu         ] GC(1134) User=0.72s Sys=0.00s Real=0.12s
..[4196.824s][info][gc,start       ] GC(1135) Pause Young (Mixed) (G1 Evacuation Pause)
[4196.824s][info][gc,task        ] GC(1135) Using 6 workers of 6 for evacuation
[4196.957s][info][gc,phases      ] GC(1135)   Pre Evacuate Collection Set: 0.42ms
[4196.957s][info][gc,phases      ] GC(1135)   Merge Heap Roots: 0.65ms
[4196.957s][info][gc,phases      ] GC(1135)   Evacuate Collection Set: 130.38ms
[4196.957s][info][gc,phases      ] GC(1135)   Post Evacuate Collection Set: 0.94ms
[4196.957s][info][gc,phases      ] GC(1135)   Other: 0.09ms
[4196.957s][info][gc,heap        ] GC(1135) Eden regions: 1102->0(1117)
[4196.957s][info][gc,heap        ] GC(1135) Survivor regions: 112->111(152)
[4196.957s][info][gc,heap        ] GC(1135) Old regions: 539->474
[4196.957s][info][gc,heap        ] GC(1135) Humongous regions: 80->80
[4196.957s][info][gc,metaspace   ] GC(1135) Metaspace: 28866K(29312K)->28866K(29312K) NonClass: 23996K(24192K)->23996K(24192K) Class: 4869K(5120K)->4869K(5120K)
[4196.957s][info][gc             ] GC(1135) Pause Young (Mixed) (G1 Evacuation Pause) 3665M->1328M(4096M) 132.616ms
[4196.957s][info][gc,cpu         ] GC(1135) User=0.79s Sys=0.00s Real=0.13s
...[4199.332s][info][gc,start       ] GC(1136) Pause Young (Concurrent Start) (G1 Evacuation Pause)
[4199.332s][info][gc,task        ] GC(1136) Using 6 workers of 6 for evacuation
[4199.450s][info][gc,phases      ] GC(1136)   Pre Evacuate Collection Set: 0.42ms
[4199.450s][info][gc,phases      ] GC(1136)   Merge Heap Roots: 0.52ms
[4199.450s][info][gc,phases      ] GC(1136)   Evacuate Collection Set: 115.65ms
[4199.450s][info][gc,phases      ] GC(1136)   Post Evacuate Collection Set: 0.87ms
[4199.450s][info][gc,phases      ] GC(1136)   Other: 0.14ms
[4199.450s][info][gc,heap        ] GC(1136) Eden regions: 1117->0(1119)
[4199.450s][info][gc,heap        ] GC(1136) Survivor regions: 111->109(154)
[4199.450s][info][gc,heap        ] GC(1136) Old regions: 474->506
[4199.450s][info][gc,heap        ] GC(1136) Humongous regions: 80->80
[4199.450s][info][gc,metaspace   ] GC(1136) Metaspace: 28866K(29312K)->28866K(29312K) NonClass: 23996K(24192K)->23996K(24192K) Class: 4869K(5120K)->4869K(5120K)
[4199.450s][info][gc             ] GC(1136) Pause Young (Concurrent Start) (G1 Evacuation Pause) 3562M->1389M(4096M) 117.722ms
[4199.450s][info][gc             ] GC(1137) Concurrent Mark Cycle
[4199.450s][info][gc,marking     ] GC(1137) Concurrent Scan Root Regions
[4199.450s][info][gc,cpu         ] GC(1136) User=0.70s Sys=0.00s Real=0.11s
[4199.586s][info][gc,marking     ] GC(1137) Concurrent Scan Root Regions 136.397ms
[4199.586s][info][gc,marking     ] GC(1137) Concurrent Mark
[4199.586s][info][gc,marking     ] GC(1137) Concurrent Mark From Roots
[4199.586s][info][gc,task        ] GC(1137) Using 2 workers of 2 for marking
.[4200.395s][info][gc,marking     ] GC(1137) Concurrent Mark From Roots 808.674ms
[4200.395s][info][gc,marking     ] GC(1137) Concurrent Preclean
[4200.395s][info][gc,marking     ] GC(1137) Concurrent Preclean 0.136ms
[4200.397s][info][gc,start       ] GC(1137) Pause Remark
[4200.402s][info][gc             ] GC(1137) Pause Remark 2235M->2235M(4096M) 5.104ms
[4200.402s][info][gc,cpu         ] GC(1137) User=0.03s Sys=0.00s Real=0.00s
[4200.403s][info][gc,marking     ] GC(1137) Concurrent Mark 817.041ms
[4200.403s][info][gc,marking     ] GC(1137) Concurrent Rebuild Remembered Sets and Scrub Regions
[4200.674s][info][gc,marking     ] GC(1137) Concurrent Rebuild Remembered Sets and Scrub Regions 270.990ms
[4200.676s][info][gc,start       ] GC(1137) Pause Cleanup
[4200.676s][info][gc             ] GC(1137) Pause Cleanup 2515M->2515M(4096M) 0.145ms
[4200.676s][info][gc,cpu         ] GC(1137) User=0.00s Sys=0.00s Real=0.00s
[4200.676s][info][gc,marking     ] GC(1137) Concurrent Clear Claimed Marks
[4200.676s][info][gc,marking     ] GC(1137) Concurrent Clear Claimed Marks 0.025ms
[4200.676s][info][gc,marking     ] GC(1137) Concurrent Cleanup for Next Mark
[4200.681s][info][gc,marking     ] GC(1137) Concurrent Cleanup for Next Mark 5.189ms
[4200.681s][info][gc             ] GC(1137) Concurrent Mark Cycle 1231.240ms
.[4201.694s][info][gc,start       ] GC(1138) Pause Young (Prepare Mixed) (G1 Evacuation Pause)
[4201.694s][info][gc,task        ] GC(1138) Using 6 workers of 6 for evacuation
[4201.814s][info][gc,phases      ] GC(1138)   Pre Evacuate Collection Set: 0.34ms
[4201.814s][info][gc,phases      ] GC(1138)   Merge Heap Roots: 0.52ms
[4201.814s][info][gc,phases      ] GC(1138)   Evacuate Collection Set: 117.79ms
[4201.814s][info][gc,phases      ] GC(1138)   Post Evacuate Collection Set: 0.95ms
[4201.814s][info][gc,phases      ] GC(1138)   Other: 0.09ms
[4201.814s][info][gc,heap        ] GC(1138) Eden regions: 1119->0(1103)
[4201.814s][info][gc,heap        ] GC(1138) Survivor regions: 109->112(154)
[4201.814s][info][gc,heap        ] GC(1138) Old regions: 506->538
[4201.814s][info][gc,heap        ] GC(1138) Humongous regions: 80->80
[4201.814s][info][gc,metaspace   ] GC(1138) Metaspace: 28866K(29312K)->28866K(29312K) NonClass: 23996K(24192K)->23996K(24192K) Class: 4869K(5120K)->4869K(5120K)
[4201.814s][info][gc             ] GC(1138) Pause Young (Prepare Mixed) (G1 Evacuation Pause) 3627M->1457M(4096M) 119.837ms
[4201.814s][info][gc,cpu         ] GC(1138) User=0.71s Sys=0.00s Real=0.12s
..|.[4204.141s][info][gc,start       ] GC(1139) Pause Young (Mixed) (G1 Evacuation Pause)
[4204.141s][info][gc,task        ] GC(1139) Using 6 workers of 6 for evacuation
[4204.274s][info][gc,phases      ] GC(1139)   Pre Evacuate Collection Set: 0.35ms
[4204.274s][info][gc,phases      ] GC(1139)   Merge Heap Roots: 0.74ms
[4204.274s][info][gc,phases      ] GC(1139)   Evacuate Collection Set: 130.53ms
[4204.274s][info][gc,phases      ] GC(1139)   Post Evacuate Collection Set: 0.94ms
[4204.274s][info][gc,phases      ] GC(1139)   Other: 0.09ms
[4204.274s][info][gc,heap        ] GC(1139) Eden regions: 1103->0(1121)
[4204.274s][info][gc,heap        ] GC(1139) Survivor regions: 112->107(152)
[4204.274s][info][gc,heap        ] GC(1139) Old regions: 538->476
[4204.274s][info][gc,heap        ] GC(1139) Humongous regions: 80->80
[4204.274s][info][gc,metaspace   ] GC(1139) Metaspace: 28866K(29312K)->28866K(29312K) NonClass: 23996K(24192K)->23996K(24192K) Class: 4869K(5120K)->4869K(5120K)
[4204.274s][info][gc             ] GC(1139) Pause Young (Mixed) (G1 Evacuation Pause) 3663M->1324M(4096M) 132.777ms
[4204.274s][info][gc,cpu         ] GC(1139) User=0.78s Sys=0.00s Real=0.14s
..[4206.652s][info][gc,start       ] GC(1140) Pause Young (Concurrent Start) (G1 Evacuation Pause)
[4206.652s][info][gc,task        ] GC(1140) Using 6 workers of 6 for evacuation
[4206.771s][info][gc,phases      ] GC(1140)   Pre Evacuate Collection Set: 0.40ms
[4206.771s][info][gc,phases      ] GC(1140)   Merge Heap Roots: 0.48ms
[4206.771s][info][gc,phases      ] GC(1140)   Evacuate Collection Set: 117.68ms
[4206.771s][info][gc,phases      ] GC(1140)   Post Evacuate Collection Set: 0.79ms
[4206.771s][info][gc,phases      ] GC(1140)   Other: 0.10ms
[4206.771s][info][gc,heap        ] GC(1140) Eden regions: 1121->0(1117)
[4206.771s][info][gc,heap        ] GC(1140) Survivor regions: 107->111(154)
[4206.771s][info][gc,heap        ] GC(1140) Old regions: 476->507
[4206.771s][info][gc,heap        ] GC(1140) Humongous regions: 80->80
[4206.771s][info][gc,metaspace   ] GC(1140) Metaspace: 28866K(29312K)->28866K(29312K) NonClass: 23996K(24192K)->23996K(24192K) Class: 4869K(5120K)->4869K(5120K)
[4206.771s][info][gc             ] GC(1140) Pause Young (Concurrent Start) (G1 Evacuation Pause) 3566M->1393M(4096M) 119.579ms
[4206.772s][info][gc             ] GC(1141) Concurrent Mark Cycle
[4206.772s][info][gc,marking     ] GC(1141) Concurrent Scan Root Regions
[4206.772s][info][gc,cpu         ] GC(1140) User=0.70s Sys=0.00s Real=0.12s
[4206.909s][info][gc,marking     ] GC(1141) Concurrent Scan Root Regions 137.318ms
[4206.909s][info][gc,marking     ] GC(1141) Concurrent Mark
[4206.909s][info][gc,marking     ] GC(1141) Concurrent Mark From Roots
[4206.909s][info][gc,task        ] GC(1141) Using 2 workers of 2 for marking
.[4207.647s][info][gc,marking     ] GC(1141) Concurrent Mark From Roots 737.651ms
[4207.647s][info][gc,marking     ] GC(1141) Concurrent Preclean
[4207.647s][info][gc,marking     ] GC(1141) Concurrent Preclean 0.116ms
[4207.648s][info][gc,start       ] GC(1141) Pause Remark
[4207.651s][info][gc             ] GC(1141) Pause Remark 2151M->2151M(4096M) 3.662ms
[4207.651s][info][gc,cpu         ] GC(1141) User=0.02s Sys=0.00s Real=0.00s
[4207.652s][info][gc,marking     ] GC(1141) Concurrent Mark 743.372ms
[4207.652s][info][gc,marking     ] GC(1141) Concurrent Rebuild Remembered Sets and Scrub Regions
[4207.943s][info][gc,marking     ] GC(1141) Concurrent Rebuild Remembered Sets and Scrub Regions 291.077ms
[4207.945s][info][gc,start       ] GC(1141) Pause Cleanup
[4207.945s][info][gc             ] GC(1141) Pause Cleanup 2476M->2476M(4096M) 0.121ms
[4207.945s][info][gc,cpu         ] GC(1141) User=0.00s Sys=0.00s Real=0.00s
[4207.945s][info][gc,marking     ] GC(1141) Concurrent Clear Claimed Marks
[4207.945s][info][gc,marking     ] GC(1141) Concurrent Clear Claimed Marks 0.031ms
[4207.945s][info][gc,marking     ] GC(1141) Concurrent Cleanup for Next Mark
[4207.949s][info][gc,marking     ] GC(1141) Concurrent Cleanup for Next Mark 4.660ms
[4207.950s][info][gc             ] GC(1141) Concurrent Mark Cycle 1178.004ms
.[4209.123s][info][gc,start       ] GC(1142) Pause Young (Prepare Mixed) (G1 Evacuation Pause)
[4209.123s][info][gc,task        ] GC(1142) Using 6 workers of 6 for evacuation
[4209.238s][info][gc,phases      ] GC(1142)   Pre Evacuate Collection Set: 0.33ms
[4209.238s][info][gc,phases      ] GC(1142)   Merge Heap Roots: 0.54ms
[4209.238s][info][gc,phases      ] GC(1142)   Evacuate Collection Set: 113.65ms
[4209.238s][info][gc,phases      ] GC(1142)   Post Evacuate Collection Set: 0.94ms
[4209.238s][info][gc,phases      ] GC(1142)   Other: 0.09ms
[4209.238s][info][gc,heap        ] GC(1142) Eden regions: 1117->0(1110)
[4209.238s][info][gc,heap        ] GC(1142) Survivor regions: 111->108(154)
[4209.238s][info][gc,heap        ] GC(1142) Old regions: 507->539
[4209.238s][info][gc,heap        ] GC(1142) Humongous regions: 80->80
[4209.238s][info][gc,metaspace   ] GC(1142) Metaspace: 28866K(29312K)->28866K(29312K) NonClass: 23996K(24192K)->23996K(24192K) Class: 4869K(5120K)->4869K(5120K)
[4209.238s][info][gc             ] GC(1142) Pause Young (Prepare Mixed) (G1 Evacuation Pause) 3627M->1451M(4096M) 115.695ms
[4209.239s][info][gc,cpu         ] GC(1142) User=0.69s Sys=0.00s Real=0.11s
...[4211.620s][info][gc,start       ] GC(1143) Pause Young (Mixed) (G1 Evacuation Pause)
[4211.620s][info][gc,task        ] GC(1143) Using 6 workers of 6 for evacuation
[4211.754s][info][gc,phases      ] GC(1143)   Pre Evacuate Collection Set: 0.41ms
[4211.754s][info][gc,phases      ] GC(1143)   Merge Heap Roots: 0.69ms
[4211.754s][info][gc,phases      ] GC(1143)   Evacuate Collection Set: 131.30ms
[4211.754s][info][gc,phases      ] GC(1143)   Post Evacuate Collection Set: 0.96ms
[4211.754s][info][gc,phases      ] GC(1143)   Other: 0.10ms
[4211.754s][info][gc,heap        ] GC(1143) Eden regions: 1110->0(1118)
[4211.754s][info][gc,heap        ] GC(1143) Survivor regions: 108->110(153)
[4211.754s][info][gc,heap        ] GC(1143) Old regions: 539->475
[4211.754s][info][gc,heap        ] GC(1143) Humongous regions: 80->80
[4211.754s][info][gc,metaspace   ] GC(1143) Metaspace: 28866K(29312K)->28866K(29312K) NonClass: 23996K(24192K)->23996K(24192K) Class: 4869K(5120K)->4869K(5120K)
[4211.754s][info][gc             ] GC(1143) Pause Young (Mixed) (G1 Evacuation Pause) 3671M->1328M(4096M) 133.591ms
[4211.754s][info][gc,cpu         ] GC(1143) User=0.79s Sys=0.00s Real=0.14s
..[4214.105s][info][gc,start       ] GC(1144) Pause Young (Concurrent Start) (G1 Evacuation Pause)
[4214.105s][info][gc,task        ] GC(1144) Using 6 workers of 6 for evacuation
[4214.224s][info][gc,phases      ] GC(1144)   Pre Evacuate Collection Set: 0.39ms
[4214.224s][info][gc,phases      ] GC(1144)   Merge Heap Roots: 0.49ms
[4214.224s][info][gc,phases      ] GC(1144)   Evacuate Collection Set: 117.39ms
[4214.224s][info][gc,phases      ] GC(1144)   Post Evacuate Collection Set: 0.89ms
[4214.224s][info][gc,phases      ] GC(1144)   Other: 0.10ms
[4214.224s][info][gc,heap        ] GC(1144) Eden regions: 1118->0(1119)
[4214.224s][info][gc,heap        ] GC(1144) Survivor regions: 110->109(154)
[4214.224s][info][gc,heap        ] GC(1144) Old regions: 475->507
[4214.224s][info][gc,heap        ] GC(1144) Humongous regions: 80->80
[4214.224s][info][gc,metaspace   ] GC(1144) Metaspace: 28866K(29312K)->28866K(29312K) NonClass: 23996K(24192K)->23996K(24192K) Class: 4869K(5120K)->4869K(5120K)
[4214.224s][info][gc             ] GC(1144) Pause Young (Concurrent Start) (G1 Evacuation Pause) 3564M->1391M(4096M) 119.401ms
[4214.224s][info][gc             ] GC(1145) Concurrent Mark Cycle
[4214.224s][info][gc,marking     ] GC(1145) Concurrent Scan Root Regions
[4214.224s][info][gc,cpu         ] GC(1144) User=0.71s Sys=0.00s Real=0.12s
[4214.391s][info][gc,marking     ] GC(1145) Concurrent Scan Root Regions 166.910ms
[4214.391s][info][gc,marking     ] GC(1145) Concurrent Mark
[4214.391s][info][gc,marking     ] GC(1145) Concurrent Mark From Roots
[4214.391s][info][gc,task        ] GC(1145) Using 2 workers of 2 for marking
.[4215.104s][info][gc,marking     ] GC(1145) Concurrent Mark From Roots 712.872ms
[4215.104s][info][gc,marking     ] GC(1145) Concurrent Preclean
[4215.104s][info][gc,marking     ] GC(1145) Concurrent Preclean 0.148ms
[4215.107s][info][gc,start       ] GC(1145) Pause Remark
[4215.114s][info][gc             ] GC(1145) Pause Remark 2147M->2147M(4096M) 6.351ms
[4215.114s][info][gc,cpu         ] GC(1145) User=0.04s Sys=0.00s Real=0.01s
[4215.114s][info][gc,marking     ] GC(1145) Concurrent Mark 722.727ms
[4215.114s][info][gc,marking     ] GC(1145) Concurrent Rebuild Remembered Sets and Scrub Regions
[4215.384s][info][gc,marking     ] GC(1145) Concurrent Rebuild Remembered Sets and Scrub Regions 269.811ms
[4215.386s][info][gc,start       ] GC(1145) Pause Cleanup
[4215.386s][info][gc             ] GC(1145) Pause Cleanup 2395M->2395M(4096M) 0.136ms
[4215.386s][info][gc,cpu         ] GC(1145) User=0.00s Sys=0.00s Real=0.00s
[4215.386s][info][gc,marking     ] GC(1145) Concurrent Clear Claimed Marks
[4215.386s][info][gc,marking     ] GC(1145) Concurrent Clear Claimed Marks 0.032ms
[4215.386s][info][gc,marking     ] GC(1145) Concurrent Cleanup for Next Mark
[4215.403s][info][gc,marking     ] GC(1145) Concurrent Cleanup for Next Mark 17.172ms
[4215.403s][info][gc             ] GC(1145) Concurrent Mark Cycle 1179.203ms
..[4216.638s][info][gc,start       ] GC(1146) Pause Young (Prepare Mixed) (G1 Evacuation Pause)
[4216.638s][info][gc,task        ] GC(1146) Using 6 workers of 6 for evacuation
[4216.756s][info][gc,phases      ] GC(1146)   Pre Evacuate Collection Set: 0.35ms
[4216.756s][info][gc,phases      ] GC(1146)   Merge Heap Roots: 0.52ms
[4216.756s][info][gc,phases      ] GC(1146)   Evacuate Collection Set: 115.68ms
[4216.756s][info][gc,phases      ] GC(1146)   Post Evacuate Collection Set: 0.91ms
[4216.756s][info][gc,phases      ] GC(1146)   Other: 0.09ms
[4216.756s][info][gc,heap        ] GC(1146) Eden regions: 1119->0(1107)
[4216.756s][info][gc,heap        ] GC(1146) Survivor regions: 109->110(154)
[4216.756s][info][gc,heap        ] GC(1146) Old regions: 507->538
[4216.756s][info][gc,heap        ] GC(1146) Humongous regions: 80->80
[4216.756s][info][gc,metaspace   ] GC(1146) Metaspace: 28866K(29312K)->28866K(29312K) NonClass: 23996K(24192K)->23996K(24192K) Class: 4869K(5120K)->4869K(5120K)
[4216.756s][info][gc             ] GC(1146) Pause Young (Prepare Mixed) (G1 Evacuation Pause) 3629M->1455M(4096M) 117.697ms
[4216.756s][info][gc,cpu         ] GC(1146) User=0.69s Sys=0.00s Real=0.12s
..[4219.088s][info][gc,start       ] GC(1147) Pause Young (Mixed) (G1 Evacuation Pause)
[4219.088s][info][gc,task        ] GC(1147) Using 6 workers of 6 for evacuation
[4219.220s][info][gc,phases      ] GC(1147)   Pre Evacuate Collection Set: 0.37ms
[4219.220s][info][gc,phases      ] GC(1147)   Merge Heap Roots: 0.70ms
[4219.220s][info][gc,phases      ] GC(1147)   Evacuate Collection Set: 129.75ms
[4219.220s][info][gc,phases      ] GC(1147)   Post Evacuate Collection Set: 0.93ms
[4219.220s][info][gc,phases      ] GC(1147)   Other: 0.09ms
[4219.220s][info][gc,heap        ] GC(1147) Eden regions: 1107->0(1122)
[4219.220s][info][gc,heap        ] GC(1147) Survivor regions: 110->106(153)
[4219.220s][info][gc,heap        ] GC(1147) Old regions: 538->475
[4219.220s][info][gc,heap        ] GC(1147) Humongous regions: 80->80
[4219.220s][info][gc,metaspace   ] GC(1147) Metaspace: 28866K(29312K)->28866K(29312K) NonClass: 23996K(24192K)->23996K(24192K) Class: 4869K(5120K)->4869K(5120K)
[4219.220s][info][gc             ] GC(1147) Pause Young (Mixed) (G1 Evacuation Pause) 3669M->1321M(4096M) 131.957ms
[4219.220s][info][gc,cpu         ] GC(1147) User=0.78s Sys=0.00s Real=0.13s
...[4221.558s][info][gc,start       ] GC(1148) Pause Young (Concurrent Start) (G1 Evacuation Pause)
[4221.558s][info][gc,task        ] GC(1148) Using 6 workers of 6 for evacuation
[4221.678s][info][gc,phases      ] GC(1148)   Pre Evacuate Collection Set: 0.39ms
[4221.678s][info][gc,phases      ] GC(1148)   Merge Heap Roots: 0.50ms
[4221.678s][info][gc,phases      ] GC(1148)   Evacuate Collection Set: 118.09ms
[4221.678s][info][gc,phases      ] GC(1148)   Post Evacuate Collection Set: 0.84ms
[4221.678s][info][gc,phases      ] GC(1148)   Other: 0.10ms
[4221.678s][info][gc,heap        ] GC(1148) Eden regions: 1122->0(1115)
[4221.678s][info][gc,heap        ] GC(1148) Survivor regions: 106->113(154)
[4221.678s][info][gc,heap        ] GC(1148) Old regions: 475->507
[4221.678s][info][gc,heap        ] GC(1148) Humongous regions: 80->80
[4221.678s][info][gc,metaspace   ] GC(1148) Metaspace: 28866K(29312K)->28866K(29312K) NonClass: 23996K(24192K)->23996K(24192K) Class: 4869K(5120K)->4869K(5120K)
[4221.678s][info][gc             ] GC(1148) Pause Young (Concurrent Start) (G1 Evacuation Pause) 3565M->1398M(4096M) 120.057ms
[4221.678s][info][gc             ] GC(1149) Concurrent Mark Cycle
[4221.678s][info][gc,marking     ] GC(1149) Concurrent Scan Root Regions
[4221.678s][info][gc,cpu         ] GC(1148) User=0.70s Sys=0.00s Real=0.12s
[4221.860s][info][gc,marking     ] GC(1149) Concurrent Scan Root Regions 182.284ms
[4221.860s][info][gc,marking     ] GC(1149) Concurrent Mark
[4221.860s][info][gc,marking     ] GC(1149) Concurrent Mark From Roots
[4221.860s][info][gc,task        ] GC(1149) Using 2 workers of 2 for marking
.[4222.866s][info][gc,marking     ] GC(1149) Concurrent Mark From Roots 1006.116ms
[4222.867s][info][gc,marking     ] GC(1149) Concurrent Preclean
[4222.867s][info][gc,marking     ] GC(1149) Concurrent Preclean 0.103ms
[4222.867s][info][gc,start       ] GC(1149) Pause Remark
[4222.872s][info][gc             ] GC(1149) Pause Remark 2510M->2510M(4096M) 5.276ms
[4222.872s][info][gc,cpu         ] GC(1149) User=0.02s Sys=0.00s Real=0.01s
[4222.872s][info][gc,marking     ] GC(1149) Concurrent Mark 1011.960ms
[4222.872s][info][gc,marking     ] GC(1149) Concurrent Rebuild Remembered Sets and Scrub Regions
[4223.276s][info][gc,marking     ] GC(1149) Concurrent Rebuild Remembered Sets and Scrub Regions 403.209ms
[4223.277s][info][gc,start       ] GC(1149) Pause Cleanup
[4223.277s][info][gc             ] GC(1149) Pause Cleanup 2902M->2902M(4096M) 0.125ms
[4223.277s][info][gc,cpu         ] GC(1149) User=0.00s Sys=0.00s Real=0.00s
[4223.277s][info][gc,marking     ] GC(1149) Concurrent Clear Claimed Marks
[4223.277s][info][gc,marking     ] GC(1149) Concurrent Clear Claimed Marks 0.026ms
[4223.277s][info][gc,marking     ] GC(1149) Concurrent Cleanup for Next Mark
[4223.281s][info][gc,marking     ] GC(1149) Concurrent Cleanup for Next Mark 4.533ms
[4223.282s][info][gc             ] GC(1149) Concurrent Mark Cycle 1603.525ms
.[4224.062s][info][gc,start       ] GC(1150) Pause Young (Prepare Mixed) (G1 Evacuation Pause)
[4224.062s][info][gc,task        ] GC(1150) Using 6 workers of 6 for evacuation
[4224.179s][info][gc,phases      ] GC(1150)   Pre Evacuate Collection Set: 0.34ms
[4224.179s][info][gc,phases      ] GC(1150)   Merge Heap Roots: 0.55ms
[4224.179s][info][gc,phases      ] GC(1150)   Evacuate Collection Set: 115.89ms
[4224.179s][info][gc,phases      ] GC(1150)   Post Evacuate Collection Set: 0.93ms
[4224.179s][info][gc,phases      ] GC(1150)   Other: 0.09ms
[4224.179s][info][gc,heap        ] GC(1150) Eden regions: 1115->0(1107)
[4224.179s][info][gc,heap        ] GC(1150) Survivor regions: 113->110(154)
[4224.179s][info][gc,heap        ] GC(1150) Old regions: 507->538
[4224.179s][info][gc,heap        ] GC(1150) Humongous regions: 80->80
[4224.179s][info][gc,metaspace   ] GC(1150) Metaspace: 28866K(29312K)->28866K(29312K) NonClass: 23996K(24192K)->23996K(24192K) Class: 4869K(5120K)->4869K(5120K)
[4224.180s][info][gc             ] GC(1150) Pause Young (Prepare Mixed) (G1 Evacuation Pause) 3628M->1454M(4096M) 117.923ms
[4224.180s][info][gc,cpu         ] GC(1150) User=0.70s Sys=0.00s Real=0.12s
...[4226.545s][info][gc,start       ] GC(1151) Pause Young (Mixed) (G1 Evacuation Pause)
[4226.545s][info][gc,task        ] GC(1151) Using 6 workers of 6 for evacuation
[4226.681s][info][gc,phases      ] GC(1151)   Pre Evacuate Collection Set: 0.37ms
[4226.681s][info][gc,phases      ] GC(1151)   Merge Heap Roots: 0.60ms
[4226.681s][info][gc,phases      ] GC(1151)   Evacuate Collection Set: 134.56ms
[4226.681s][info][gc,phases      ] GC(1151)   Post Evacuate Collection Set: 0.94ms
[4226.681s][info][gc,phases      ] GC(1151)   Other: 0.09ms
[4226.681s][info][gc,heap        ] GC(1151) Eden regions: 1107->0(1115)
[4226.681s][info][gc,heap        ] GC(1151) Survivor regions: 110->113(153)
[4226.681s][info][gc,heap        ] GC(1151) Old regions: 538->474
[4226.681s][info][gc,heap        ] GC(1151) Humongous regions: 80->80
[4226.681s][info][gc,metaspace   ] GC(1151) Metaspace: 28866K(29312K)->28866K(29312K) NonClass: 23996K(24192K)->23996K(24192K) Class: 4869K(5120K)->4869K(5120K)
[4226.682s][info][gc             ] GC(1151) Pause Young (Mixed) (G1 Evacuation Pause) 3668M->1331M(4096M) 136.691ms
[4226.682s][info][gc,cpu         ] GC(1151) User=0.81s Sys=0.00s Real=0.13s
..[4229.049s][info][gc,start       ] GC(1152) Pause Young (Concurrent Start) (G1 Evacuation Pause)
[4229.049s][info][gc,task        ] GC(1152) Using 6 workers of 6 for evacuation
[4229.172s][info][gc,phases      ] GC(1152)   Pre Evacuate Collection Set: 0.36ms
[4229.172s][info][gc,phases      ] GC(1152)   Merge Heap Roots: 0.43ms
[4229.172s][info][gc,phases      ] GC(1152)   Evacuate Collection Set: 121.90ms
[4229.172s][info][gc,phases      ] GC(1152)   Post Evacuate Collection Set: 0.88ms
[4229.172s][info][gc,phases      ] GC(1152)   Other: 0.09ms
[4229.172s][info][gc,heap        ] GC(1152) Eden regions: 1115->0(1112)
[4229.172s][info][gc,heap        ] GC(1152) Survivor regions: 113->116(154)
[4229.172s][info][gc,heap        ] GC(1152) Old regions: 474->505
[4229.172s][info][gc,heap        ] GC(1152) Humongous regions: 80->80
[4229.172s][info][gc,metaspace   ] GC(1152) Metaspace: 28866K(29312K)->28866K(29312K) NonClass: 23996K(24192K)->23996K(24192K) Class: 4869K(5120K)->4869K(5120K)
[4229.172s][info][gc             ] GC(1152) Pause Young (Concurrent Start) (G1 Evacuation Pause) 3561M->1400M(4096M) 123.802ms
[4229.172s][info][gc             ] GC(1153) Concurrent Mark Cycle
[4229.172s][info][gc,marking     ] GC(1153) Concurrent Scan Root Regions
[4229.172s][info][gc,cpu         ] GC(1152) User=0.74s Sys=0.00s Real=0.13s
[4229.375s][info][gc,marking     ] GC(1153) Concurrent Scan Root Regions 202.254ms
[4229.375s][info][gc,marking     ] GC(1153) Concurrent Mark
[4229.375s][info][gc,marking     ] GC(1153) Concurrent Mark From Roots
[4229.375s][info][gc,task        ] GC(1153) Using 2 workers of 2 for marking
.[4230.181s][info][gc,marking     ] GC(1153) Concurrent Mark From Roots 806.070ms
[4230.181s][info][gc,marking     ] GC(1153) Concurrent Preclean
[4230.181s][info][gc,marking     ] GC(1153) Concurrent Preclean 0.156ms
[4230.182s][info][gc,start       ] GC(1153) Pause Remark
[4230.188s][info][gc             ] GC(1153) Pause Remark 2270M->2270M(4096M) 6.152ms
[4230.189s][info][gc,cpu         ] GC(1153) User=0.03s Sys=0.00s Real=0.00s
[4230.189s][info][gc,marking     ] GC(1153) Concurrent Mark 813.818ms
[4230.189s][info][gc,marking     ] GC(1153) Concurrent Rebuild Remembered Sets and Scrub Regions
[4230.554s][info][gc,marking     ] GC(1153) Concurrent Rebuild Remembered Sets and Scrub Regions 365.225ms
[4230.554s][info][gc,start       ] GC(1153) Pause Cleanup
[4230.554s][info][gc             ] GC(1153) Pause Cleanup 2676M->2676M(4096M) 0.114ms
[4230.554s][info][gc,cpu         ] GC(1153) User=0.00s Sys=0.00s Real=0.00s
[4230.554s][info][gc,marking     ] GC(1153) Concurrent Clear Claimed Marks
[4230.554s][info][gc,marking     ] GC(1153) Concurrent Clear Claimed Marks 0.023ms
[4230.554s][info][gc,marking     ] GC(1153) Concurrent Cleanup for Next Mark
[4230.560s][info][gc,marking     ] GC(1153) Concurrent Cleanup for Next Mark 5.525ms
[4230.560s][info][gc             ] GC(1153) Concurrent Mark Cycle 1387.569ms
.[4231.521s][info][gc,start       ] GC(1154) Pause Young (Prepare Mixed) (G1 Evacuation Pause)
[4231.521s][info][gc,task        ] GC(1154) Using 6 workers of 6 for evacuation
[4231.638s][info][gc,phases      ] GC(1154)   Pre Evacuate Collection Set: 0.35ms
[4231.639s][info][gc,phases      ] GC(1154)   Merge Heap Roots: 0.55ms
[4231.639s][info][gc,phases      ] GC(1154)   Evacuate Collection Set: 115.64ms
[4231.639s][info][gc,phases      ] GC(1154)   Post Evacuate Collection Set: 0.94ms
[4231.639s][info][gc,phases      ] GC(1154)   Other: 0.10ms
[4231.639s][info][gc,heap        ] GC(1154) Eden regions: 1112->0(1109)
[4231.639s][info][gc,heap        ] GC(1154) Survivor regions: 116->109(154)
[4231.639s][info][gc,heap        ] GC(1154) Old regions: 505->538
[4231.639s][info][gc,heap        ] GC(1154) Humongous regions: 80->80
[4231.639s][info][gc,metaspace   ] GC(1154) Metaspace: 28866K(29312K)->28866K(29312K) NonClass: 23996K(24192K)->23996K(24192K) Class: 4869K(5120K)->4869K(5120K)
[4231.639s][info][gc             ] GC(1154) Pause Young (Prepare Mixed) (G1 Evacuation Pause) 3624M->1452M(4096M) 117.725ms
[4231.639s][info][gc,cpu         ] GC(1154) User=0.70s Sys=0.00s Real=0.12s
...[4233.926s][info][gc,start       ] GC(1155) Pause Young (Mixed) (G1 Evacuation Pause)
[4233.926s][info][gc,task        ] GC(1155) Using 6 workers of 6 for evacuation
[4234.060s][info][gc,phases      ] GC(1155)   Pre Evacuate Collection Set: 0.37ms
[4234.060s][info][gc,phases      ] GC(1155)   Merge Heap Roots: 0.72ms
[4234.060s][info][gc,phases      ] GC(1155)   Evacuate Collection Set: 132.46ms
[4234.060s][info][gc,phases      ] GC(1155)   Post Evacuate Collection Set: 0.96ms
[4234.060s][info][gc,phases      ] GC(1155)   Other: 0.09ms
[4234.060s][info][gc,heap        ] GC(1155) Eden regions: 1109->0(1118)
[4234.060s][info][gc,heap        ] GC(1155) Survivor regions: 109->110(153)
[4234.060s][info][gc,heap        ] GC(1155) Old regions: 538->475
[4234.060s][info][gc,heap        ] GC(1155) Humongous regions: 80->80
[4234.060s][info][gc,metaspace   ] GC(1155) Metaspace: 28866K(29312K)->28866K(29312K) NonClass: 23996K(24192K)->23996K(24192K) Class: 4869K(5120K)->4869K(5120K)
[4234.060s][info][gc             ] GC(1155) Pause Young (Mixed) (G1 Evacuation Pause) 3670M->1328M(4096M) 134.747ms
[4234.060s][info][gc,cpu         ] GC(1155) User=0.79s Sys=0.00s Real=0.13s
..[4236.461s][info][gc,start       ] GC(1156) Pause Young (Concurrent Start) (G1 Evacuation Pause)
[4236.461s][info][gc,task        ] GC(1156) Using 6 workers of 6 for evacuation
[4236.580s][info][gc,phases      ] GC(1156)   Pre Evacuate Collection Set: 0.39ms
[4236.580s][info][gc,phases      ] GC(1156)   Merge Heap Roots: 0.46ms
[4236.580s][info][gc,phases      ] GC(1156)   Evacuate Collection Set: 117.07ms
[4236.580s][info][gc,phases      ] GC(1156)   Post Evacuate Collection Set: 0.87ms
[4236.580s][info][gc,phases      ] GC(1156)   Other: 0.13ms
[4236.580s][info][gc,heap        ] GC(1156) Eden regions: 1118->0(1117)
[4236.580s][info][gc,heap        ] GC(1156) Survivor regions: 110->111(154)
[4236.580s][info][gc,heap        ] GC(1156) Old regions: 475->506
[4236.580s][info][gc,heap        ] GC(1156) Humongous regions: 80->80
[4236.580s][info][gc,metaspace   ] GC(1156) Metaspace: 28866K(29312K)->28866K(29312K) NonClass: 23996K(24192K)->23996K(24192K) Class: 4869K(5120K)->4869K(5120K)
[4236.580s][info][gc             ] GC(1156) Pause Young (Concurrent Start) (G1 Evacuation Pause) 3564M->1392M(4096M) 119.053ms
[4236.580s][info][gc             ] GC(1157) Concurrent Mark Cycle
[4236.580s][info][gc,marking     ] GC(1157) Concurrent Scan Root Regions
[4236.580s][info][gc,cpu         ] GC(1156) User=0.70s Sys=0.00s Real=0.12s
.[4236.822s][info][gc,marking     ] GC(1157) Concurrent Scan Root Regions 241.574ms
[4236.822s][info][gc,marking     ] GC(1157) Concurrent Mark
[4236.822s][info][gc,marking     ] GC(1157) Concurrent Mark From Roots
[4236.822s][info][gc,task        ] GC(1157) Using 2 workers of 2 for marking
.[4237.838s][info][gc,marking     ] GC(1157) Concurrent Mark From Roots 1016.277ms
[4237.838s][info][gc,marking     ] GC(1157) Concurrent Preclean
[4237.838s][info][gc,marking     ] GC(1157) Concurrent Preclean 0.169ms
[4237.840s][info][gc,start       ] GC(1157) Pause Remark
[4237.847s][info][gc             ] GC(1157) Pause Remark 2620M->2620M(4096M) 6.931ms
[4237.847s][info][gc,cpu         ] GC(1157) User=0.04s Sys=0.00s Real=0.01s
[4237.847s][info][gc,marking     ] GC(1157) Concurrent Mark 1025.320ms
[4237.847s][info][gc,marking     ] GC(1157) Concurrent Rebuild Remembered Sets and Scrub Regions
[4238.154s][info][gc,marking     ] GC(1157) Concurrent Rebuild Remembered Sets and Scrub Regions 307.446ms
[4238.155s][info][gc,start       ] GC(1157) Pause Cleanup
[4238.155s][info][gc             ] GC(1157) Pause Cleanup 2907M->2907M(4096M) 0.116ms
[4238.155s][info][gc,cpu         ] GC(1157) User=0.00s Sys=0.00s Real=0.00s
[4238.155s][info][gc,marking     ] GC(1157) Concurrent Clear Claimed Marks
[4238.155s][info][gc,marking     ] GC(1157) Concurrent Clear Claimed Marks 0.037ms
[4238.155s][info][gc,marking     ] GC(1157) Concurrent Cleanup for Next Mark
[4238.160s][info][gc,marking     ] GC(1157) Concurrent Cleanup for Next Mark 4.323ms
[4238.160s][info][gc             ] GC(1157) Concurrent Mark Cycle 1579.545ms
.[4238.853s][info][gc,start       ] GC(1158) Pause Young (Prepare Mixed) (G1 Evacuation Pause)
[4238.853s][info][gc,task        ] GC(1158) Using 6 workers of 6 for evacuation
[4238.976s][info][gc,phases      ] GC(1158)   Pre Evacuate Collection Set: 0.32ms
[4238.976s][info][gc,phases      ] GC(1158)   Merge Heap Roots: 0.55ms
[4238.976s][info][gc,phases      ] GC(1158)   Evacuate Collection Set: 120.94ms
[4238.976s][info][gc,phases      ] GC(1158)   Post Evacuate Collection Set: 0.92ms
[4238.976s][info][gc,phases      ] GC(1158)   Other: 0.09ms
[4238.976s][info][gc,heap        ] GC(1158) Eden regions: 1117->0(1100)
[4238.976s][info][gc,heap        ] GC(1158) Survivor regions: 111->114(154)
[4238.976s][info][gc,heap        ] GC(1158) Old regions: 506->537
[4238.976s][info][gc,heap        ] GC(1158) Humongous regions: 80->80
[4238.976s][info][gc,metaspace   ] GC(1158) Metaspace: 28866K(29312K)->28866K(29312K) NonClass: 23996K(24192K)->23996K(24192K) Class: 4869K(5120K)->4869K(5120K)
[4238.976s][info][gc             ] GC(1158) Pause Young (Prepare Mixed) (G1 Evacuation Pause) 3626M->1459M(4096M) 122.967ms
[4238.976s][info][gc,cpu         ] GC(1158) User=0.73s Sys=0.00s Real=0.12s
..[4241.328s][info][gc,start       ] GC(1159) Pause Young (Mixed) (G1 Evacuation Pause)
[4241.328s][info][gc,task        ] GC(1159) Using 6 workers of 6 for evacuation
[4241.461s][info][gc,phases      ] GC(1159)   Pre Evacuate Collection Set: 0.37ms
[4241.461s][info][gc,phases      ] GC(1159)   Merge Heap Roots: 0.66ms
[4241.461s][info][gc,phases      ] GC(1159)   Evacuate Collection Set: 131.05ms
[4241.461s][info][gc,phases      ] GC(1159)   Post Evacuate Collection Set: 0.94ms
[4241.461s][info][gc,phases      ] GC(1159)   Other: 0.09ms
[4241.461s][info][gc,heap        ] GC(1159) Eden regions: 1100->0(1120)
[4241.461s][info][gc,heap        ] GC(1159) Survivor regions: 114->108(152)
[4241.461s][info][gc,heap        ] GC(1159) Old regions: 537->474
[4241.461s][info][gc,heap        ] GC(1159) Humongous regions: 80->80
[4241.461s][info][gc,metaspace   ] GC(1159) Metaspace: 28866K(29312K)->28866K(29312K) NonClass: 23996K(24192K)->23996K(24192K) Class: 4869K(5120K)->4869K(5120K)
[4241.461s][info][gc             ] GC(1159) Pause Young (Mixed) (G1 Evacuation Pause) 3659M->1321M(4096M) 133.231ms
[4241.461s][info][gc,cpu         ] GC(1159) User=0.79s Sys=0.00s Real=0.13s
..[4243.804s][info][gc,start       ] GC(1160) Pause Young (Concurrent Start) (G1 Evacuation Pause)
[4243.804s][info][gc,task        ] GC(1160) Using 6 workers of 6 for evacuation
[4243.925s][info][gc,phases      ] GC(1160)   Pre Evacuate Collection Set: 0.36ms
[4243.925s][info][gc,phases      ] GC(1160)   Merge Heap Roots: 0.46ms
[4243.925s][info][gc,phases      ] GC(1160)   Evacuate Collection Set: 119.15ms
[4243.925s][info][gc,phases      ] GC(1160)   Post Evacuate Collection Set: 0.87ms
[4243.925s][info][gc,phases      ] GC(1160)   Other: 0.12ms
[4243.925s][info][gc,heap        ] GC(1160) Eden regions: 1120->0(1115)
[4243.925s][info][gc,heap        ] GC(1160) Survivor regions: 108->113(154)
[4243.925s][info][gc,heap        ] GC(1160) Old regions: 474->505
[4243.925s][info][gc,heap        ] GC(1160) Humongous regions: 80->80
[4243.925s][info][gc,metaspace   ] GC(1160) Metaspace: 28866K(29312K)->28866K(29312K) NonClass: 23996K(24192K)->23996K(24192K) Class: 4869K(5120K)->4869K(5120K)
[4243.926s][info][gc             ] GC(1160) Pause Young (Concurrent Start) (G1 Evacuation Pause) 3561M->1393M(4096M) 121.139ms
[4243.926s][info][gc             ] GC(1161) Concurrent Mark Cycle
[4243.926s][info][gc,marking     ] GC(1161) Concurrent Scan Root Regions
[4243.926s][info][gc,cpu         ] GC(1160) User=0.72s Sys=0.00s Real=0.12s
.[4244.067s][info][gc,marking     ] GC(1161) Concurrent Scan Root Regions 141.425ms
[4244.067s][info][gc,marking     ] GC(1161) Concurrent Mark
[4244.067s][info][gc,marking     ] GC(1161) Concurrent Mark From Roots
[4244.067s][info][gc,task        ] GC(1161) Using 2 workers of 2 for marking
[4244.804s][info][gc,marking     ] GC(1161) Concurrent Mark From Roots 737.046ms
[4244.804s][info][gc,marking     ] GC(1161) Concurrent Preclean
[4244.804s][info][gc,marking     ] GC(1161) Concurrent Preclean 0.167ms
[4244.806s][info][gc,start       ] GC(1161) Pause Remark
[4244.810s][info][gc             ] GC(1161) Pause Remark 2219M->2219M(4096M) 4.900ms
[4244.810s][info][gc,cpu         ] GC(1161) User=0.02s Sys=0.00s Real=0.00s
[4244.811s][info][gc,marking     ] GC(1161) Concurrent Mark 743.521ms
[4244.811s][info][gc,marking     ] GC(1161) Concurrent Rebuild Remembered Sets and Scrub Regions
.[4245.134s][info][gc,marking     ] GC(1161) Concurrent Rebuild Remembered Sets and Scrub Regions 323.442ms
[4245.134s][info][gc,start       ] GC(1161) Pause Cleanup
[4245.134s][info][gc             ] GC(1161) Pause Cleanup 2497M->2497M(4096M) 0.113ms
[4245.134s][info][gc,cpu         ] GC(1161) User=0.00s Sys=0.00s Real=0.00s
[4245.134s][info][gc,marking     ] GC(1161) Concurrent Clear Claimed Marks
[4245.134s][info][gc,marking     ] GC(1161) Concurrent Clear Claimed Marks 0.038ms
[4245.134s][info][gc,marking     ] GC(1161) Concurrent Cleanup for Next Mark
[4245.139s][info][gc,marking     ] GC(1161) Concurrent Cleanup for Next Mark 4.996ms
[4245.140s][info][gc             ] GC(1161) Concurrent Mark Cycle 1213.985ms
.[4246.324s][info][gc,start       ] GC(1162) Pause Young (Prepare Mixed) (G1 Evacuation Pause)
[4246.324s][info][gc,task        ] GC(1162) Using 6 workers of 6 for evacuation
[4246.444s][info][gc,phases      ] GC(1162)   Pre Evacuate Collection Set: 0.33ms
[4246.444s][info][gc,phases      ] GC(1162)   Merge Heap Roots: 0.51ms
[4246.444s][info][gc,phases      ] GC(1162)   Evacuate Collection Set: 117.70ms
[4246.444s][info][gc,phases      ] GC(1162)   Post Evacuate Collection Set: 0.94ms
[4246.444s][info][gc,phases      ] GC(1162)   Other: 0.09ms
[4246.444s][info][gc,heap        ] GC(1162) Eden regions: 1115->0(1106)
[4246.444s][info][gc,heap        ] GC(1162) Survivor regions: 113->111(154)
[4246.444s][info][gc,heap        ] GC(1162) Old regions: 505->537
[4246.444s][info][gc,heap        ] GC(1162) Humongous regions: 80->80
[4246.444s][info][gc,metaspace   ] GC(1162) Metaspace: 28866K(29312K)->28866K(29312K) NonClass: 23996K(24192K)->23996K(24192K) Class: 4869K(5120K)->4869K(5120K)
[4246.444s][info][gc             ] GC(1162) Pause Young (Prepare Mixed) (G1 Evacuation Pause) 3623M->1453M(4096M) 119.702ms
[4246.444s][info][gc,cpu         ] GC(1162) User=0.71s Sys=0.00s Real=0.12s
..[4248.804s][info][gc,start       ] GC(1163) Pause Young (Mixed) (G1 Evacuation Pause)
[4248.804s][info][gc,task        ] GC(1163) Using 6 workers of 6 for evacuation
[4248.941s][info][gc,phases      ] GC(1163)   Pre Evacuate Collection Set: 0.36ms
[4248.941s][info][gc,phases      ] GC(1163)   Merge Heap Roots: 0.67ms
[4248.941s][info][gc,phases      ] GC(1163)   Evacuate Collection Set: 134.31ms
[4248.941s][info][gc,phases      ] GC(1163)   Post Evacuate Collection Set: 0.87ms
[4248.941s][info][gc,phases      ] GC(1163)   Other: 0.08ms
[4248.941s][info][gc,heap        ] GC(1163) Eden regions: 1106->0(1115)
[4248.941s][info][gc,heap        ] GC(1163) Survivor regions: 111->113(153)
[4248.941s][info][gc,heap        ] GC(1163) Old regions: 537->475
[4248.941s][info][gc,heap        ] GC(1163) Humongous regions: 80->80
[4248.941s][info][gc,metaspace   ] GC(1163) Metaspace: 28866K(29312K)->28866K(29312K) NonClass: 23996K(24192K)->23996K(24192K) Class: 4869K(5120K)->4869K(5120K)
[4248.941s][info][gc             ] GC(1163) Pause Young (Mixed) (G1 Evacuation Pause) 3665M->1333M(4096M) 136.443ms
[4248.941s][info][gc,cpu         ] GC(1163) User=0.81s Sys=0.00s Real=0.13s
...[4251.258s][info][gc,start       ] GC(1164) Pause Young (Concurrent Start) (G1 Evacuation Pause)
[4251.258s][info][gc,task        ] GC(1164) Using 6 workers of 6 for evacuation
[4251.374s][info][gc,phases      ] GC(1164)   Pre Evacuate Collection Set: 0.38ms
[4251.374s][info][gc,phases      ] GC(1164)   Merge Heap Roots: 0.49ms
[4251.374s][info][gc,phases      ] GC(1164)   Evacuate Collection Set: 114.48ms
[4251.374s][info][gc,phases      ] GC(1164)   Post Evacuate Collection Set: 0.89ms
[4251.374s][info][gc,phases      ] GC(1164)   Other: 0.10ms
[4251.374s][info][gc,heap        ] GC(1164) Eden regions: 1115->0(1121)
[4251.374s][info][gc,heap        ] GC(1164) Survivor regions: 113->107(154)
[4251.374s][info][gc,heap        ] GC(1164) Old regions: 475->507
[4251.374s][info][gc,heap        ] GC(1164) Humongous regions: 80->80
[4251.374s][info][gc,metaspace   ] GC(1164) Metaspace: 28866K(29312K)->28866K(29312K) NonClass: 23996K(24192K)->23996K(24192K) Class: 4869K(5120K)->4869K(5120K)
[4251.374s][info][gc             ] GC(1164) Pause Young (Concurrent Start) (G1 Evacuation Pause) 3563M->1387M(4096M) 116.495ms
[4251.374s][info][gc             ] GC(1165) Concurrent Mark Cycle
[4251.374s][info][gc,marking     ] GC(1165) Concurrent Scan Root Regions
[4251.374s][info][gc,cpu         ] GC(1164) User=0.69s Sys=0.00s Real=0.12s
[4251.511s][info][gc,marking     ] GC(1165) Concurrent Scan Root Regions 137.149ms
[4251.512s][info][gc,marking     ] GC(1165) Concurrent Mark
[4251.512s][info][gc,marking     ] GC(1165) Concurrent Mark From Roots
[4251.512s][info][gc,task        ] GC(1165) Using 2 workers of 2 for marking
.[4252.255s][info][gc,marking     ] GC(1165) Concurrent Mark From Roots 743.381ms
[4252.255s][info][gc,marking     ] GC(1165) Concurrent Preclean
[4252.255s][info][gc,marking     ] GC(1165) Concurrent Preclean 0.148ms
[4252.257s][info][gc,start       ] GC(1165) Pause Remark
[4252.262s][info][gc             ] GC(1165) Pause Remark 2179M->2179M(4096M) 4.802ms
[4252.262s][info][gc,cpu         ] GC(1165) User=0.03s Sys=0.00s Real=0.00s
[4252.263s][info][gc,marking     ] GC(1165) Concurrent Mark 751.345ms
[4252.263s][info][gc,marking     ] GC(1165) Concurrent Rebuild Remembered Sets and Scrub Regions
[4252.628s][info][gc,marking     ] GC(1165) Concurrent Rebuild Remembered Sets and Scrub Regions 365.401ms
[4252.629s][info][gc,start       ] GC(1165) Pause Cleanup
[4252.629s][info][gc             ] GC(1165) Pause Cleanup 2590M->2590M(4096M) 0.108ms
[4252.629s][info][gc,cpu         ] GC(1165) User=0.00s Sys=0.00s Real=0.00s
[4252.632s][info][gc,marking     ] GC(1165) Concurrent Clear Claimed Marks
[4252.632s][info][gc,marking     ] GC(1165) Concurrent Clear Claimed Marks 0.063ms
[4252.632s][info][gc,marking     ] GC(1165) Concurrent Cleanup for Next Mark
[4252.639s][info][gc,marking     ] GC(1165) Concurrent Cleanup for Next Mark 7.134ms
[4252.639s][info][gc             ] GC(1165) Concurrent Mark Cycle 1264.594ms
.[4253.704s][info][gc,start       ] GC(1166) Pause Young (Prepare Mixed) (G1 Evacuation Pause)
[4253.704s][info][gc,task        ] GC(1166) Using 6 workers of 6 for evacuation
[4253.821s][info][gc,phases      ] GC(1166)   Pre Evacuate Collection Set: 0.35ms
[4253.821s][info][gc,phases      ] GC(1166)   Merge Heap Roots: 0.49ms
[4253.821s][info][gc,phases      ] GC(1166)   Evacuate Collection Set: 114.55ms
[4253.821s][info][gc,phases      ] GC(1166)   Post Evacuate Collection Set: 0.92ms
[4253.821s][info][gc,phases      ] GC(1166)   Other: 0.09ms
[4253.821s][info][gc,heap        ] GC(1166) Eden regions: 1121->0(1106)
[4253.821s][info][gc,heap        ] GC(1166) Survivor regions: 107->110(154)
[4253.821s][info][gc,heap        ] GC(1166) Old regions: 507->539
[4253.821s][info][gc,heap        ] GC(1166) Humongous regions: 80->80
[4253.821s][info][gc,metaspace   ] GC(1166) Metaspace: 28866K(29312K)->28866K(29312K) NonClass: 23996K(24192K)->23996K(24192K) Class: 4869K(5120K)->4869K(5120K)
[4253.821s][info][gc             ] GC(1166) Pause Young (Prepare Mixed) (G1 Evacuation Pause) 3629M->1455M(4096M) 116.543ms
[4253.821s][info][gc,cpu         ] GC(1166) User=0.69s Sys=0.00s Real=0.11s
...[4256.203s][info][gc,start       ] GC(1167) Pause Young (Mixed) (G1 Evacuation Pause)
[4256.203s][info][gc,task        ] GC(1167) Using 6 workers of 6 for evacuation
[4256.337s][info][gc,phases      ] GC(1167)   Pre Evacuate Collection Set: 0.39ms
[4256.337s][info][gc,phases      ] GC(1167)   Merge Heap Roots: 0.68ms
[4256.337s][info][gc,phases      ] GC(1167)   Evacuate Collection Set: 131.16ms
[4256.337s][info][gc,phases      ] GC(1167)   Post Evacuate Collection Set: 0.95ms
[4256.337s][info][gc,phases      ] GC(1167)   Other: 0.08ms
[4256.337s][info][gc,heap        ] GC(1167) Eden regions: 1106->0(1120)
[4256.337s][info][gc,heap        ] GC(1167) Survivor regions: 110->108(152)
[4256.337s][info][gc,heap        ] GC(1167) Old regions: 539->475
[4256.337s][info][gc,heap        ] GC(1167) Humongous regions: 80->80
[4256.337s][info][gc,metaspace   ] GC(1167) Metaspace: 28866K(29312K)->28866K(29312K) NonClass: 23996K(24192K)->23996K(24192K) Class: 4869K(5120K)->4869K(5120K)
[4256.337s][info][gc             ] GC(1167) Pause Young (Mixed) (G1 Evacuation Pause) 3667M->1324M(4096M) 133.402ms
[4256.337s][info][gc,cpu         ] GC(1167) User=0.79s Sys=0.00s Real=0.13s
..[4258.704s][info][gc,start       ] GC(1168) Pause Young (Concurrent Start) (G1 Evacuation Pause)
[4258.704s][info][gc,task        ] GC(1168) Using 6 workers of 6 for evacuation
[4258.821s][info][gc,phases      ] GC(1168)   Pre Evacuate Collection Set: 0.38ms
[4258.821s][info][gc,phases      ] GC(1168)   Merge Heap Roots: 0.48ms
[4258.822s][info][gc,phases      ] GC(1168)   Evacuate Collection Set: 115.90ms
[4258.822s][info][gc,phases      ] GC(1168)   Post Evacuate Collection Set: 0.88ms
[4258.822s][info][gc,phases      ] GC(1168)   Other: 0.11ms
[4258.822s][info][gc,heap        ] GC(1168) Eden regions: 1120->0(1117)
[4258.822s][info][gc,heap        ] GC(1168) Survivor regions: 108->111(154)
[4258.822s][info][gc,heap        ] GC(1168) Old regions: 475->507
[4258.822s][info][gc,heap        ] GC(1168) Humongous regions: 80->80
[4258.822s][info][gc,metaspace   ] GC(1168) Metaspace: 28866K(29312K)->28866K(29312K) NonClass: 23996K(24192K)->23996K(24192K) Class: 4869K(5120K)->4869K(5120K)
[4258.822s][info][gc             ] GC(1168) Pause Young (Concurrent Start) (G1 Evacuation Pause) 3564M->1394M(4096M) 117.883ms
[4258.822s][info][gc             ] GC(1169) Concurrent Mark Cycle
[4258.822s][info][gc,marking     ] GC(1169) Concurrent Scan Root Regions
[4258.822s][info][gc,cpu         ] GC(1168) User=0.70s Sys=0.00s Real=0.11s
[4259.008s][info][gc,marking     ] GC(1169) Concurrent Scan Root Regions 186.782ms
[4259.008s][info][gc,marking     ] GC(1169) Concurrent Mark
[4259.008s][info][gc,marking     ] GC(1169) Concurrent Mark From Roots
[4259.008s][info][gc,task        ] GC(1169) Using 2 workers of 2 for marking
.[4260.071s][info][gc,marking     ] GC(1169) Concurrent Mark From Roots 1062.927ms
[4260.071s][info][gc,marking     ] GC(1169) Concurrent Preclean
[4260.072s][info][gc,marking     ] GC(1169) Concurrent Preclean 0.141ms
[4260.072s][info][gc,start       ] GC(1169) Pause Remark
[4260.077s][info][gc             ] GC(1169) Pause Remark 2546M->2546M(4096M) 5.321ms
[4260.077s][info][gc,cpu         ] GC(1169) User=0.03s Sys=0.00s Real=0.00s
[4260.078s][info][gc,marking     ] GC(1169) Concurrent Mark 1069.734ms
[4260.078s][info][gc,marking     ] GC(1169) Concurrent Rebuild Remembered Sets and Scrub Regions
.[4260.362s][info][gc,marking     ] GC(1169) Concurrent Rebuild Remembered Sets and Scrub Regions 283.624ms
[4260.363s][info][gc,start       ] GC(1169) Pause Cleanup
[4260.364s][info][gc             ] GC(1169) Pause Cleanup 2844M->2844M(4096M) 0.130ms
[4260.364s][info][gc,cpu         ] GC(1169) User=0.00s Sys=0.00s Real=0.00s
[4260.364s][info][gc,marking     ] GC(1169) Concurrent Clear Claimed Marks
[4260.364s][info][gc,marking     ] GC(1169) Concurrent Clear Claimed Marks 0.030ms
[4260.364s][info][gc,marking     ] GC(1169) Concurrent Cleanup for Next Mark
[4260.369s][info][gc,marking     ] GC(1169) Concurrent Cleanup for Next Mark 4.756ms
[4260.369s][info][gc             ] GC(1169) Concurrent Mark Cycle 1547.244ms
[4261.180s][info][gc,start       ] GC(1170) Pause Young (Prepare Mixed) (G1 Evacuation Pause)
[4261.180s][info][gc,task        ] GC(1170) Using 6 workers of 6 for evacuation
[4261.296s][info][gc,phases      ] GC(1170)   Pre Evacuate Collection Set: 0.32ms
[4261.296s][info][gc,phases      ] GC(1170)   Merge Heap Roots: 0.54ms
[4261.296s][info][gc,phases      ] GC(1170)   Evacuate Collection Set: 114.29ms
[4261.296s][info][gc,phases      ] GC(1170)   Post Evacuate Collection Set: 0.91ms
[4261.296s][info][gc,phases      ] GC(1170)   Other: 0.09ms
[4261.296s][info][gc,heap        ] GC(1170) Eden regions: 1117->0(1109)
[4261.296s][info][gc,heap        ] GC(1170) Survivor regions: 111->109(154)
[4261.296s][info][gc,heap        ] GC(1170) Old regions: 507->538
[4261.296s][info][gc,heap        ] GC(1170) Humongous regions: 80->80
[4261.296s][info][gc,metaspace   ] GC(1170) Metaspace: 28866K(29312K)->28866K(29312K) NonClass: 23996K(24192K)->23996K(24192K) Class: 4869K(5120K)->4869K(5120K)
[4261.296s][info][gc             ] GC(1170) Pause Young (Prepare Mixed) (G1 Evacuation Pause) 3628M->1451M(4096M) 116.290ms
[4261.296s][info][gc,cpu         ] GC(1170) User=0.69s Sys=0.00s Real=0.12s
... (rIR:aIR:PR = 7610:7589:7588) (tPR = 112635) [OK] 
  4263s: Performance info:
         Transaction,    Success,    Partial,     Failed,   Receipts, AvgBarcode, 
             Overall,     456588,          0,          0,     433647,      59.48, 
         Response times:
             Request,    Success,    Partial,     Failed,   SkipFail,     Probes,    Samples,      min,      p50,      p90,      p95,      p99,      max, 
       TotalPurchase,     433671,          0,          0,          0,     354425,     448182,      300,     6700,    76000,   127000,   208000,   447000,
     InStorePurchase,     228073,          0,          0,          0,     187127,     236138,      300,     6700,    77000,   128000,   207000,   447000,
      OnlinePurchase,     160040,          0,          0,          0,     130020,     164648,      300,     6600,    75000,   127000,   207000,   438000,
        InstPurchase,      45558,          0,          0,          0,      37278,      47396,      300,     6900,    77000,   125150,   209030,   361000,
          AssocOfCat,        454,          0,          0,          0,        374,        569,    24000,    45000,   144000,   182000,   281200,   361000,
      AssocOfProduct,       4587,          0,          0,          0,       4221,       5633,      600,     7700,    91000,   139300,   228000,   360000,
      BusinessReport,       1143,          0,          0,          0,       1011,       1464,    28000,    52000,   161000,   215750,   290350,   362000,
          CustBuyBeh,       4569,          0,          0,          0,       4172,       5538,      300,     6200,    75000,   127000,   202000,   276000,
       ProductReturn,      12185,          0,          0,          0,       9206,      11941,      300,     6200,    73000,   124000,   209000,   330000,

  4263s: (56%)   IR =   7749 [4263.612s][info][gc,start       ] GC(1171) Pause Young (Mixed) (G1 Evacuation Pause)
[4263.612s][info][gc,task        ] GC(1171) Using 6 workers of 6 for evacuation
[4263.747s][info][gc,phases      ] GC(1171)   Pre Evacuate Collection Set: 0.39ms
[4263.747s][info][gc,phases      ] GC(1171)   Merge Heap Roots: 0.72ms
[4263.747s][info][gc,phases      ] GC(1171)   Evacuate Collection Set: 132.95ms
[4263.747s][info][gc,phases      ] GC(1171)   Post Evacuate Collection Set: 0.95ms
[4263.747s][info][gc,phases      ] GC(1171)   Other: 0.09ms
[4263.747s][info][gc,heap        ] GC(1171) Eden regions: 1109->0(1117)
[4263.747s][info][gc,heap        ] GC(1171) Survivor regions: 109->111(153)
[4263.747s][info][gc,heap        ] GC(1171) Old regions: 538->475
[4263.747s][info][gc,heap        ] GC(1171) Humongous regions: 80->80
[4263.747s][info][gc,metaspace   ] GC(1171) Metaspace: 28866K(29312K)->28866K(29312K) NonClass: 23996K(24192K)->23996K(24192K) Class: 4869K(5120K)->4869K(5120K)
[4263.747s][info][gc             ] GC(1171) Pause Young (Mixed) (G1 Evacuation Pause) 3669M->1329M(4096M) 135.243ms
[4263.747s][info][gc,cpu         ] GC(1171) User=0.80s Sys=0.00s Real=0.14s
..[4266.049s][info][gc,start       ] GC(1172) Pause Young (Concurrent Start) (G1 Evacuation Pause)
[4266.049s][info][gc,task        ] GC(1172) Using 6 workers of 6 for evacuation
[4266.170s][info][gc,phases      ] GC(1172)   Pre Evacuate Collection Set: 0.38ms
[4266.170s][info][gc,phases      ] GC(1172)   Merge Heap Roots: 0.52ms
[4266.170s][info][gc,phases      ] GC(1172)   Evacuate Collection Set: 118.91ms
[4266.170s][info][gc,phases      ] GC(1172)   Post Evacuate Collection Set: 0.96ms
[4266.170s][info][gc,phases      ] GC(1172)   Other: 0.11ms
[4266.170s][info][gc,heap        ] GC(1172) Eden regions: 1117->0(1118)
[4266.170s][info][gc,heap        ] GC(1172) Survivor regions: 111->110(154)
[4266.170s][info][gc,heap        ] GC(1172) Old regions: 475->506
[4266.170s][info][gc,heap        ] GC(1172) Humongous regions: 80->80
[4266.170s][info][gc,metaspace   ] GC(1172) Metaspace: 28866K(29312K)->28866K(29312K) NonClass: 23996K(24192K)->23996K(24192K) Class: 4869K(5120K)->4869K(5120K)
[4266.170s][info][gc             ] GC(1172) Pause Young (Concurrent Start) (G1 Evacuation Pause) 3563M->1391M(4096M) 121.034ms
[4266.170s][info][gc             ] GC(1173) Concurrent Mark Cycle
[4266.170s][info][gc,marking     ] GC(1173) Concurrent Scan Root Regions
[4266.170s][info][gc,cpu         ] GC(1172) User=0.72s Sys=0.00s Real=0.12s
[4266.309s][info][gc,marking     ] GC(1173) Concurrent Scan Root Regions 139.381ms
[4266.309s][info][gc,marking     ] GC(1173) Concurrent Mark
[4266.309s][info][gc,marking     ] GC(1173) Concurrent Mark From Roots
[4266.309s][info][gc,task        ] GC(1173) Using 2 workers of 2 for marking
.[4267.002s][info][gc,marking     ] GC(1173) Concurrent Mark From Roots 693.207ms
[4267.002s][info][gc,marking     ] GC(1173) Concurrent Preclean
[4267.002s][info][gc,marking     ] GC(1173) Concurrent Preclean 0.119ms
[4267.003s][info][gc,start       ] GC(1173) Pause Remark
[4267.008s][info][gc             ] GC(1173) Pause Remark 2115M->2115M(4096M) 5.850ms
[4267.009s][info][gc,cpu         ] GC(1173) User=0.03s Sys=0.00s Real=0.00s
[4267.009s][info][gc,marking     ] GC(1173) Concurrent Mark 699.534ms
[4267.009s][info][gc,marking     ] GC(1173) Concurrent Rebuild Remembered Sets and Scrub Regions
[4267.379s][info][gc,marking     ] GC(1173) Concurrent Rebuild Remembered Sets and Scrub Regions 369.938ms
[4267.380s][info][gc,start       ] GC(1173) Pause Cleanup
[4267.380s][info][gc             ] GC(1173) Pause Cleanup 2451M->2451M(4096M) 0.142ms
[4267.380s][info][gc,cpu         ] GC(1173) User=0.00s Sys=0.00s Real=0.00s
[4267.380s][info][gc,marking     ] GC(1173) Concurrent Clear Claimed Marks
[4267.380s][info][gc,marking     ] GC(1173) Concurrent Clear Claimed Marks 0.020ms
[4267.380s][info][gc,marking     ] GC(1173) Concurrent Cleanup for Next Mark
.[4267.385s][info][gc,marking     ] GC(1173) Concurrent Cleanup for Next Mark 5.079ms
[4267.385s][info][gc             ] GC(1173) Concurrent Mark Cycle 1215.239ms
.[4268.572s][info][gc,start       ] GC(1174) Pause Young (Prepare Mixed) (G1 Evacuation Pause)
[4268.572s][info][gc,task        ] GC(1174) Using 6 workers of 6 for evacuation
[4268.691s][info][gc,phases      ] GC(1174)   Pre Evacuate Collection Set: 0.33ms
[4268.691s][info][gc,phases      ] GC(1174)   Merge Heap Roots: 0.55ms
[4268.691s][info][gc,phases      ] GC(1174)   Evacuate Collection Set: 117.65ms
[4268.691s][info][gc,phases      ] GC(1174)   Post Evacuate Collection Set: 0.91ms
[4268.691s][info][gc,phases      ] GC(1174)   Other: 0.09ms
[4268.691s][info][gc,heap        ] GC(1174) Eden regions: 1118->0(1103)
[4268.691s][info][gc,heap        ] GC(1174) Survivor regions: 110->112(154)
[4268.691s][info][gc,heap        ] GC(1174) Old regions: 506->538
[4268.691s][info][gc,heap        ] GC(1174) Humongous regions: 80->80
[4268.691s][info][gc,metaspace   ] GC(1174) Metaspace: 28866K(29312K)->28866K(29312K) NonClass: 23996K(24192K)->23996K(24192K) Class: 4869K(5120K)->4869K(5120K)
[4268.691s][info][gc             ] GC(1174) Pause Young (Prepare Mixed) (G1 Evacuation Pause) 3627M->1458M(4096M) 119.673ms
[4268.691s][info][gc,cpu         ] GC(1174) User=0.71s Sys=0.00s Real=0.12s
..[4270.998s][info][gc,start       ] GC(1175) Pause Young (Mixed) (G1 Evacuation Pause)
[4270.998s][info][gc,task        ] GC(1175) Using 6 workers of 6 for evacuation
[4271.130s][info][gc,phases      ] GC(1175)   Pre Evacuate Collection Set: 0.35ms
[4271.130s][info][gc,phases      ] GC(1175)   Merge Heap Roots: 0.66ms
[4271.130s][info][gc,phases      ] GC(1175)   Evacuate Collection Set: 129.95ms
[4271.130s][info][gc,phases      ] GC(1175)   Post Evacuate Collection Set: 0.94ms
[4271.130s][info][gc,phases      ] GC(1175)   Other: 0.09ms
[4271.130s][info][gc,heap        ] GC(1175) Eden regions: 1103->0(1118)
[4271.130s][info][gc,heap        ] GC(1175) Survivor regions: 112->110(152)
[4271.130s][info][gc,heap        ] GC(1175) Old regions: 538->475
[4271.130s][info][gc,heap        ] GC(1175) Humongous regions: 80->80
[4271.130s][info][gc,metaspace   ] GC(1175) Metaspace: 28866K(29312K)->28866K(29312K) NonClass: 23996K(24192K)->23996K(24192K) Class: 4869K(5120K)->4869K(5120K)
[4271.130s][info][gc             ] GC(1175) Pause Young (Mixed) (G1 Evacuation Pause) 3664M->1329M(4096M) 132.126ms
[4271.130s][info][gc,cpu         ] GC(1175) User=0.78s Sys=0.00s Real=0.13s
..[4273.387s][info][gc,start       ] GC(1176) Pause Young (Concurrent Start) (G1 Evacuation Pause)
[4273.387s][info][gc,task        ] GC(1176) Using 6 workers of 6 for evacuation
[4273.503s][info][gc,phases      ] GC(1176)   Pre Evacuate Collection Set: 0.37ms
[4273.503s][info][gc,phases      ] GC(1176)   Merge Heap Roots: 0.43ms
[4273.503s][info][gc,phases      ] GC(1176)   Evacuate Collection Set: 114.13ms
[4273.503s][info][gc,phases      ] GC(1176)   Post Evacuate Collection Set: 0.88ms
[4273.503s][info][gc,phases      ] GC(1176)   Other: 0.11ms
[4273.503s][info][gc,heap        ] GC(1176) Eden regions: 1118->0(1119)
[4273.503s][info][gc,heap        ] GC(1176) Survivor regions: 110->109(154)
[4273.503s][info][gc,heap        ] GC(1176) Old regions: 475->508
[4273.503s][info][gc,heap        ] GC(1176) Humongous regions: 80->80
[4273.503s][info][gc,metaspace   ] GC(1176) Metaspace: 28866K(29312K)->28866K(29312K) NonClass: 23996K(24192K)->23996K(24192K) Class: 4869K(5120K)->4869K(5120K)
[4273.503s][info][gc             ] GC(1176) Pause Young (Concurrent Start) (G1 Evacuation Pause) 3565M->1391M(4096M) 116.050ms
[4273.503s][info][gc             ] GC(1177) Concurrent Mark Cycle
[4273.504s][info][gc,marking     ] GC(1177) Concurrent Scan Root Regions
[4273.504s][info][gc,cpu         ] GC(1176) User=0.69s Sys=0.00s Real=0.12s
.[4273.688s][info][gc,marking     ] GC(1177) Concurrent Scan Root Regions 184.147ms
[4273.688s][info][gc,marking     ] GC(1177) Concurrent Mark
[4273.688s][info][gc,marking     ] GC(1177) Concurrent Mark From Roots
[4273.688s][info][gc,task        ] GC(1177) Using 2 workers of 2 for marking
.[4274.624s][info][gc,marking     ] GC(1177) Concurrent Mark From Roots 935.812ms
[4274.624s][info][gc,marking     ] GC(1177) Concurrent Preclean
[4274.624s][info][gc,marking     ] GC(1177) Concurrent Preclean 0.087ms
[4274.624s][info][gc,start       ] GC(1177) Pause Remark
[4274.630s][info][gc             ] GC(1177) Pause Remark 2458M->2458M(4096M) 6.748ms
[4274.631s][info][gc,cpu         ] GC(1177) User=0.04s Sys=0.00s Real=0.00s
[4274.631s][info][gc,marking     ] GC(1177) Concurrent Mark 942.910ms
[4274.631s][info][gc,marking     ] GC(1177) Concurrent Rebuild Remembered Sets and Scrub Regions
[4274.987s][info][gc,marking     ] GC(1177) Concurrent Rebuild Remembered Sets and Scrub Regions 356.259ms
[4274.988s][info][gc,start       ] GC(1177) Pause Cleanup
[4274.988s][info][gc             ] GC(1177) Pause Cleanup 2801M->2801M(4096M) 0.114ms
[4274.988s][info][gc,cpu         ] GC(1177) User=0.00s Sys=0.00s Real=0.00s
[4274.988s][info][gc,marking     ] GC(1177) Concurrent Clear Claimed Marks
[4274.988s][info][gc,marking     ] GC(1177) Concurrent Clear Claimed Marks 0.021ms
[4274.988s][info][gc,marking     ] GC(1177) Concurrent Cleanup for Next Mark
[4274.994s][info][gc,marking     ] GC(1177) Concurrent Cleanup for Next Mark 5.582ms
[4274.994s][info][gc             ] GC(1177) Concurrent Mark Cycle 1490.242ms
.[4275.798s][info][gc,start       ] GC(1178) Pause Young (Prepare Mixed) (G1 Evacuation Pause)
[4275.798s][info][gc,task        ] GC(1178) Using 6 workers of 6 for evacuation
[4275.920s][info][gc,phases      ] GC(1178)   Pre Evacuate Collection Set: 0.35ms
[4275.920s][info][gc,phases      ] GC(1178)   Merge Heap Roots: 0.56ms
[4275.920s][info][gc,phases      ] GC(1178)   Evacuate Collection Set: 120.20ms
[4275.920s][info][gc,phases      ] GC(1178)   Post Evacuate Collection Set: 0.92ms
[4275.920s][info][gc,phases      ] GC(1178)   Other: 0.09ms
[4275.920s][info][gc,heap        ] GC(1178) Eden regions: 1119->0(1099)
[4275.920s][info][gc,heap        ] GC(1178) Survivor regions: 109->113(154)
[4275.920s][info][gc,heap        ] GC(1178) Old regions: 508->540
[4275.920s][info][gc,heap        ] GC(1178) Humongous regions: 80->80
[4275.920s][info][gc,metaspace   ] GC(1178) Metaspace: 28866K(29312K)->28866K(29312K) NonClass: 23996K(24192K)->23996K(24192K) Class: 4869K(5120K)->4869K(5120K)
[4275.920s][info][gc             ] GC(1178) Pause Young (Prepare Mixed) (G1 Evacuation Pause) 3629M->1464M(4096M) 122.274ms
[4275.920s][info][gc,cpu         ] GC(1178) User=0.73s Sys=0.00s Real=0.12s
..|[4278.186s][info][gc,start       ] GC(1179) Pause Young (Mixed) (G1 Evacuation Pause)
[4278.186s][info][gc,task        ] GC(1179) Using 6 workers of 6 for evacuation
[4278.321s][info][gc,phases      ] GC(1179)   Pre Evacuate Collection Set: 0.36ms
[4278.321s][info][gc,phases      ] GC(1179)   Merge Heap Roots: 0.67ms
[4278.321s][info][gc,phases      ] GC(1179)   Evacuate Collection Set: 132.38ms
[4278.321s][info][gc,phases      ] GC(1179)   Post Evacuate Collection Set: 0.95ms
[4278.321s][info][gc,phases      ] GC(1179)   Other: 0.10ms
[4278.321s][info][gc,heap        ] GC(1179) Eden regions: 1099->0(1118)
[4278.321s][info][gc,heap        ] GC(1179) Survivor regions: 113->110(152)
[4278.321s][info][gc,heap        ] GC(1179) Old regions: 540->475
[4278.321s][info][gc,heap        ] GC(1179) Humongous regions: 80->80
[4278.321s][info][gc,metaspace   ] GC(1179) Metaspace: 28866K(29312K)->28866K(29312K) NonClass: 23996K(24192K)->23996K(24192K) Class: 4869K(5120K)->4869K(5120K)
[4278.321s][info][gc             ] GC(1179) Pause Young (Mixed) (G1 Evacuation Pause) 3662M->1328M(4096M) 134.599ms
[4278.321s][info][gc,cpu         ] GC(1179) User=0.80s Sys=0.00s Real=0.13s
..[4280.571s][info][gc,start       ] GC(1180) Pause Young (Concurrent Start) (G1 Evacuation Pause)
[4280.571s][info][gc,task        ] GC(1180) Using 6 workers of 6 for evacuation
[4280.688s][info][gc,phases      ] GC(1180)   Pre Evacuate Collection Set: 0.40ms
[4280.688s][info][gc,phases      ] GC(1180)   Merge Heap Roots: 0.47ms
[4280.688s][info][gc,phases      ] GC(1180)   Evacuate Collection Set: 115.34ms
[4280.688s][info][gc,phases      ] GC(1180)   Post Evacuate Collection Set: 0.91ms
[4280.688s][info][gc,phases      ] GC(1180)   Other: 0.12ms
[4280.688s][info][gc,heap        ] GC(1180) Eden regions: 1118->0(1120)
[4280.688s][info][gc,heap        ] GC(1180) Survivor regions: 110->108(154)
[4280.688s][info][gc,heap        ] GC(1180) Old regions: 475->507
[4280.688s][info][gc,heap        ] GC(1180) Humongous regions: 80->80
[4280.688s][info][gc,metaspace   ] GC(1180) Metaspace: 28866K(29312K)->28866K(29312K) NonClass: 23996K(24192K)->23996K(24192K) Class: 4869K(5120K)->4869K(5120K)
[4280.688s][info][gc             ] GC(1180) Pause Young (Concurrent Start) (G1 Evacuation Pause) 3564M->1388M(4096M) 117.382ms
[4280.688s][info][gc             ] GC(1181) Concurrent Mark Cycle
[4280.688s][info][gc,marking     ] GC(1181) Concurrent Scan Root Regions
[4280.688s][info][gc,cpu         ] GC(1180) User=0.70s Sys=0.00s Real=0.12s
.[4280.869s][info][gc,marking     ] GC(1181) Concurrent Scan Root Regions 180.649ms
[4280.869s][info][gc,marking     ] GC(1181) Concurrent Mark
[4280.869s][info][gc,marking     ] GC(1181) Concurrent Mark From Roots
[4280.869s][info][gc,task        ] GC(1181) Using 2 workers of 2 for marking
.[4281.843s][info][gc,marking     ] GC(1181) Concurrent Mark From Roots 974.643ms
[4281.843s][info][gc,marking     ] GC(1181) Concurrent Preclean
[4281.843s][info][gc,marking     ] GC(1181) Concurrent Preclean 0.118ms
[4281.844s][info][gc,start       ] GC(1181) Pause Remark
[4281.851s][info][gc             ] GC(1181) Pause Remark 2531M->2531M(4096M) 7.192ms
[4281.851s][info][gc,cpu         ] GC(1181) User=0.04s Sys=0.00s Real=0.00s
[4281.852s][info][gc,marking     ] GC(1181) Concurrent Mark 983.736ms
[4281.852s][info][gc,marking     ] GC(1181) Concurrent Rebuild Remembered Sets and Scrub Regions
[4282.235s][info][gc,marking     ] GC(1181) Concurrent Rebuild Remembered Sets and Scrub Regions 382.821ms
[4282.237s][info][gc,start       ] GC(1181) Pause Cleanup
[4282.237s][info][gc             ] GC(1181) Pause Cleanup 2897M->2897M(4096M) 0.124ms
[4282.237s][info][gc,cpu         ] GC(1181) User=0.00s Sys=0.00s Real=0.00s
[4282.237s][info][gc,marking     ] GC(1181) Concurrent Clear Claimed Marks
[4282.237s][info][gc,marking     ] GC(1181) Concurrent Clear Claimed Marks 0.033ms
[4282.237s][info][gc,marking     ] GC(1181) Concurrent Cleanup for Next Mark
[4282.243s][info][gc,marking     ] GC(1181) Concurrent Cleanup for Next Mark 5.057ms
[4282.243s][info][gc             ] GC(1181) Concurrent Mark Cycle 1554.662ms
.[4283.049s][info][gc,start       ] GC(1182) Pause Young (Prepare Mixed) (G1 Evacuation Pause)
[4283.049s][info][gc,task        ] GC(1182) Using 6 workers of 6 for evacuation
[4283.171s][info][gc,phases      ] GC(1182)   Pre Evacuate Collection Set: 0.31ms
[4283.171s][info][gc,phases      ] GC(1182)   Merge Heap Roots: 0.54ms
[4283.171s][info][gc,phases      ] GC(1182)   Evacuate Collection Set: 119.88ms
[4283.171s][info][gc,phases      ] GC(1182)   Post Evacuate Collection Set: 0.92ms
[4283.171s][info][gc,phases      ] GC(1182)   Other: 0.09ms
[4283.171s][info][gc,heap        ] GC(1182) Eden regions: 1120->0(1105)
[4283.171s][info][gc,heap        ] GC(1182) Survivor regions: 108->111(154)
[4283.171s][info][gc,heap        ] GC(1182) Old regions: 507->538
[4283.171s][info][gc,heap        ] GC(1182) Humongous regions: 80->80
[4283.171s][info][gc,metaspace   ] GC(1182) Metaspace: 28866K(29312K)->28866K(29312K) NonClass: 23996K(24192K)->23996K(24192K) Class: 4869K(5120K)->4869K(5120K)
[4283.171s][info][gc             ] GC(1182) Pause Young (Prepare Mixed) (G1 Evacuation Pause) 3628M->1456M(4096M) 121.889ms
[4283.171s][info][gc,cpu         ] GC(1182) User=0.72s Sys=0.00s Real=0.12s
..[4285.339s][info][gc,start       ] GC(1183) Pause Young (Mixed) (G1 Evacuation Pause)
[4285.339s][info][gc,task        ] GC(1183) Using 6 workers of 6 for evacuation
[4285.476s][info][gc,phases      ] GC(1183)   Pre Evacuate Collection Set: 0.35ms
[4285.476s][info][gc,phases      ] GC(1183)   Merge Heap Roots: 0.68ms
[4285.476s][info][gc,phases      ] GC(1183)   Evacuate Collection Set: 134.26ms
[4285.476s][info][gc,phases      ] GC(1183)   Post Evacuate Collection Set: 0.94ms
[4285.476s][info][gc,phases      ] GC(1183)   Other: 0.09ms
[4285.476s][info][gc,heap        ] GC(1183) Eden regions: 1105->0(1117)
[4285.476s][info][gc,heap        ] GC(1183) Survivor regions: 111->111(152)
[4285.476s][info][gc,heap        ] GC(1183) Old regions: 538->474
[4285.476s][info][gc,heap        ] GC(1183) Humongous regions: 80->80
[4285.476s][info][gc,metaspace   ] GC(1183) Metaspace: 28866K(29312K)->28866K(29312K) NonClass: 23996K(24192K)->23996K(24192K) Class: 4869K(5120K)->4869K(5120K)
[4285.476s][info][gc             ] GC(1183) Pause Young (Mixed) (G1 Evacuation Pause) 3666M->1327M(4096M) 136.444ms
[4285.476s][info][gc,cpu         ] GC(1183) User=0.81s Sys=0.00s Real=0.14s
...[4287.807s][info][gc,start       ] GC(1184) Pause Young (Concurrent Start) (G1 Evacuation Pause)
[4287.807s][info][gc,task        ] GC(1184) Using 6 workers of 6 for evacuation
[4287.928s][info][gc,phases      ] GC(1184)   Pre Evacuate Collection Set: 0.38ms
[4287.928s][info][gc,phases      ] GC(1184)   Merge Heap Roots: 0.47ms
[4287.928s][info][gc,phases      ] GC(1184)   Evacuate Collection Set: 119.16ms
[4287.928s][info][gc,phases      ] GC(1184)   Post Evacuate Collection Set: 0.86ms
[4287.928s][info][gc,phases      ] GC(1184)   Other: 0.11ms
[4287.928s][info][gc,heap        ] GC(1184) Eden regions: 1117->0(1117)
[4287.928s][info][gc,heap        ] GC(1184) Survivor regions: 111->111(154)
[4287.928s][info][gc,heap        ] GC(1184) Old regions: 474->507
[4287.928s][info][gc,heap        ] GC(1184) Humongous regions: 80->80
[4287.928s][info][gc,metaspace   ] GC(1184) Metaspace: 28866K(29312K)->28866K(29312K) NonClass: 23996K(24192K)->23996K(24192K) Class: 4869K(5120K)->4869K(5120K)
[4287.928s][info][gc             ] GC(1184) Pause Young (Concurrent Start) (G1 Evacuation Pause) 3561M->1395M(4096M) 121.111ms
[4287.928s][info][gc             ] GC(1185) Concurrent Mark Cycle
[4287.928s][info][gc,marking     ] GC(1185) Concurrent Scan Root Regions
[4287.928s][info][gc,cpu         ] GC(1184) User=0.72s Sys=0.00s Real=0.12s
[4288.109s][info][gc,marking     ] GC(1185) Concurrent Scan Root Regions 181.508ms
[4288.109s][info][gc,marking     ] GC(1185) Concurrent Mark
[4288.109s][info][gc,marking     ] GC(1185) Concurrent Mark From Roots
[4288.109s][info][gc,task        ] GC(1185) Using 2 workers of 2 for marking
.[4289.261s][info][gc,marking     ] GC(1185) Concurrent Mark From Roots 1151.600ms
[4289.261s][info][gc,marking     ] GC(1185) Concurrent Preclean
[4289.261s][info][gc,marking     ] GC(1185) Concurrent Preclean 0.129ms
[4289.264s][info][gc,start       ] GC(1185) Pause Remark
[4289.272s][info][gc             ] GC(1185) Pause Remark 2647M->2647M(4096M) 8.176ms
[4289.272s][info][gc,cpu         ] GC(1185) User=0.04s Sys=0.01s Real=0.01s
[4289.272s][info][gc,marking     ] GC(1185) Concurrent Mark 1162.945ms
[4289.272s][info][gc,marking     ] GC(1185) Concurrent Rebuild Remembered Sets and Scrub Regions
[4289.558s][info][gc,marking     ] GC(1185) Concurrent Rebuild Remembered Sets and Scrub Regions 285.585ms
[4289.558s][info][gc,start       ] GC(1185) Pause Cleanup
[4289.558s][info][gc             ] GC(1185) Pause Cleanup 2932M->2932M(4096M) 0.110ms
[4289.558s][info][gc,cpu         ] GC(1185) User=0.00s Sys=0.00s Real=0.00s
[4289.560s][info][gc,marking     ] GC(1185) Concurrent Clear Claimed Marks
[4289.560s][info][gc,marking     ] GC(1185) Concurrent Clear Claimed Marks 0.045ms
[4289.560s][info][gc,marking     ] GC(1185) Concurrent Cleanup for Next Mark
[4289.567s][info][gc,marking     ] GC(1185) Concurrent Cleanup for Next Mark 7.190ms
[4289.567s][info][gc             ] GC(1185) Concurrent Mark Cycle 1639.505ms
.[4290.242s][info][gc,start       ] GC(1186) Pause Young (Prepare Mixed) (G1 Evacuation Pause)
[4290.242s][info][gc,task        ] GC(1186) Using 6 workers of 6 for evacuation
[4290.360s][info][gc,phases      ] GC(1186)   Pre Evacuate Collection Set: 0.36ms
[4290.360s][info][gc,phases      ] GC(1186)   Merge Heap Roots: 0.52ms
[4290.360s][info][gc,phases      ] GC(1186)   Evacuate Collection Set: 115.75ms
[4290.360s][info][gc,phases      ] GC(1186)   Post Evacuate Collection Set: 0.90ms
[4290.360s][info][gc,phases      ] GC(1186)   Other: 0.09ms
[4290.360s][info][gc,heap        ] GC(1186) Eden regions: 1117->0(1109)
[4290.360s][info][gc,heap        ] GC(1186) Survivor regions: 111->109(154)
[4290.360s][info][gc,heap        ] GC(1186) Old regions: 507->538
[4290.360s][info][gc,heap        ] GC(1186) Humongous regions: 80->80
[4290.360s][info][gc,metaspace   ] GC(1186) Metaspace: 28866K(29312K)->28866K(29312K) NonClass: 23996K(24192K)->23996K(24192K) Class: 4869K(5120K)->4869K(5120K)
[4290.360s][info][gc             ] GC(1186) Pause Young (Prepare Mixed) (G1 Evacuation Pause) 3629M->1452M(4096M) 117.770ms
[4290.360s][info][gc,cpu         ] GC(1186) User=0.70s Sys=0.00s Real=0.11s
..[4292.597s][info][gc,start       ] GC(1187) Pause Young (Mixed) (G1 Evacuation Pause)
[4292.597s][info][gc,task        ] GC(1187) Using 6 workers of 6 for evacuation
[4292.731s][info][gc,phases      ] GC(1187)   Pre Evacuate Collection Set: 0.38ms
[4292.732s][info][gc,phases      ] GC(1187)   Merge Heap Roots: 0.62ms
[4292.732s][info][gc,phases      ] GC(1187)   Evacuate Collection Set: 132.76ms
[4292.732s][info][gc,phases      ] GC(1187)   Post Evacuate Collection Set: 0.94ms
[4292.732s][info][gc,phases      ] GC(1187)   Other: 0.09ms
[4292.732s][info][gc,heap        ] GC(1187) Eden regions: 1109->0(1117)
[4292.732s][info][gc,heap        ] GC(1187) Survivor regions: 109->111(153)
[4292.732s][info][gc,heap        ] GC(1187) Old regions: 538->475
[4292.732s][info][gc,heap        ] GC(1187) Humongous regions: 80->80
[4292.732s][info][gc,metaspace   ] GC(1187) Metaspace: 28866K(29312K)->28866K(29312K) NonClass: 23996K(24192K)->23996K(24192K) Class: 4869K(5120K)->4869K(5120K)
[4292.732s][info][gc             ] GC(1187) Pause Young (Mixed) (G1 Evacuation Pause) 3670M->1330M(4096M) 134.909ms
[4292.732s][info][gc,cpu         ] GC(1187) User=0.80s Sys=0.00s Real=0.13s
...[4295.016s][info][gc,start       ] GC(1188) Pause Young (Concurrent Start) (G1 Evacuation Pause)
[4295.016s][info][gc,task        ] GC(1188) Using 6 workers of 6 for evacuation
[4295.134s][info][gc,phases      ] GC(1188)   Pre Evacuate Collection Set: 0.35ms
[4295.134s][info][gc,phases      ] GC(1188)   Merge Heap Roots: 0.49ms
[4295.134s][info][gc,phases      ] GC(1188)   Evacuate Collection Set: 116.33ms
[4295.134s][info][gc,phases      ] GC(1188)   Post Evacuate Collection Set: 0.90ms
[4295.134s][info][gc,phases      ] GC(1188)   Other: 0.11ms
[4295.135s][info][gc,heap        ] GC(1188) Eden regions: 1117->0(1118)
[4295.135s][info][gc,heap        ] GC(1188) Survivor regions: 111->110(154)
[4295.135s][info][gc,heap        ] GC(1188) Old regions: 475->507
[4295.135s][info][gc,heap        ] GC(1188) Humongous regions: 80->80
[4295.135s][info][gc,metaspace   ] GC(1188) Metaspace: 28866K(29312K)->28866K(29312K) NonClass: 23996K(24192K)->23996K(24192K) Class: 4869K(5120K)->4869K(5120K)
[4295.135s][info][gc             ] GC(1188) Pause Young (Concurrent Start) (G1 Evacuation Pause) 3564M->1391M(4096M) 118.323ms
[4295.135s][info][gc             ] GC(1189) Concurrent Mark Cycle
[4295.135s][info][gc,marking     ] GC(1189) Concurrent Scan Root Regions
[4295.135s][info][gc,cpu         ] GC(1188) User=0.70s Sys=0.00s Real=0.12s
[4295.270s][info][gc,marking     ] GC(1189) Concurrent Scan Root Regions 135.140ms
[4295.270s][info][gc,marking     ] GC(1189) Concurrent Mark
[4295.270s][info][gc,marking     ] GC(1189) Concurrent Mark From Roots
[4295.270s][info][gc,task        ] GC(1189) Using 2 workers of 2 for marking
[4295.971s][info][gc,marking     ] GC(1189) Concurrent Mark From Roots 701.414ms
[4295.971s][info][gc,marking     ] GC(1189) Concurrent Preclean
[4295.971s][info][gc,marking     ] GC(1189) Concurrent Preclean 0.113ms
[4295.974s][info][gc,start       ] GC(1189) Pause Remark
[4295.980s][info][gc             ] GC(1189) Pause Remark 2103M->2103M(4096M) 6.213ms
[4295.980s][info][gc,cpu         ] GC(1189) User=0.03s Sys=0.00s Real=0.00s
[4295.980s][info][gc,marking     ] GC(1189) Concurrent Mark 710.224ms
[4295.980s][info][gc,marking     ] GC(1189) Concurrent Rebuild Remembered Sets and Scrub Regions
.[4296.397s][info][gc,marking     ] GC(1189) Concurrent Rebuild Remembered Sets and Scrub Regions 417.212ms
[4296.399s][info][gc,start       ] GC(1189) Pause Cleanup
[4296.399s][info][gc             ] GC(1189) Pause Cleanup 2537M->2537M(4096M) 0.123ms
[4296.399s][info][gc,cpu         ] GC(1189) User=0.00s Sys=0.00s Real=0.00s
[4296.399s][info][gc,marking     ] GC(1189) Concurrent Clear Claimed Marks
[4296.399s][info][gc,marking     ] GC(1189) Concurrent Clear Claimed Marks 0.034ms
[4296.399s][info][gc,marking     ] GC(1189) Concurrent Cleanup for Next Mark
[4296.403s][info][gc,marking     ] GC(1189) Concurrent Cleanup for Next Mark 4.473ms
[4296.403s][info][gc             ] GC(1189) Concurrent Mark Cycle 1268.774ms
.[4297.485s][info][gc,start       ] GC(1190) Pause Young (Prepare Mixed) (G1 Evacuation Pause)
[4297.485s][info][gc,task        ] GC(1190) Using 6 workers of 6 for evacuation
[4297.604s][info][gc,phases      ] GC(1190)   Pre Evacuate Collection Set: 0.37ms
[4297.604s][info][gc,phases      ] GC(1190)   Merge Heap Roots: 0.52ms
[4297.604s][info][gc,phases      ] GC(1190)   Evacuate Collection Set: 116.60ms
[4297.604s][info][gc,phases      ] GC(1190)   Post Evacuate Collection Set: 0.92ms
[4297.604s][info][gc,phases      ] GC(1190)   Other: 0.09ms
[4297.604s][info][gc,heap        ] GC(1190) Eden regions: 1118->0(1105)
[4297.604s][info][gc,heap        ] GC(1190) Survivor regions: 110->111(154)
[4297.604s][info][gc,heap        ] GC(1190) Old regions: 507->538
[4297.604s][info][gc,heap        ] GC(1190) Humongous regions: 80->80
[4297.604s][info][gc,metaspace   ] GC(1190) Metaspace: 28866K(29312K)->28866K(29312K) NonClass: 23996K(24192K)->23996K(24192K) Class: 4869K(5120K)->4869K(5120K)
[4297.604s][info][gc             ] GC(1190) Pause Young (Prepare Mixed) (G1 Evacuation Pause) 3627M->1457M(4096M) 118.645ms
[4297.604s][info][gc,cpu         ] GC(1190) User=0.70s Sys=0.00s Real=0.12s
..[4299.827s][info][gc,start       ] GC(1191) Pause Young (Mixed) (G1 Evacuation Pause)
[4299.827s][info][gc,task        ] GC(1191) Using 6 workers of 6 for evacuation
[4299.966s][info][gc,phases      ] GC(1191)   Pre Evacuate Collection Set: 0.37ms
[4299.966s][info][gc,phases      ] GC(1191)   Merge Heap Roots: 0.69ms
[4299.966s][info][gc,phases      ] GC(1191)   Evacuate Collection Set: 137.51ms
[4299.966s][info][gc,phases      ] GC(1191)   Post Evacuate Collection Set: 0.96ms
[4299.966s][info][gc,phases      ] GC(1191)   Other: 0.09ms
[4299.966s][info][gc,heap        ] GC(1191) Eden regions: 1105->0(1114)
[4299.966s][info][gc,heap        ] GC(1191) Survivor regions: 111->114(152)
[4299.966s][info][gc,heap        ] GC(1191) Old regions: 538->474
[4299.966s][info][gc,heap        ] GC(1191) Humongous regions: 80->80
[4299.966s][info][gc,metaspace   ] GC(1191) Metaspace: 28866K(29312K)->28866K(29312K) NonClass: 23996K(24192K)->23996K(24192K) Class: 4869K(5120K)->4869K(5120K)
[4299.966s][info][gc             ] GC(1191) Pause Young (Mixed) (G1 Evacuation Pause) 3667M->1333M(4096M) 139.772ms
[4299.966s][info][gc,cpu         ] GC(1191) User=0.83s Sys=0.00s Real=0.14s
..[4302.189s][info][gc,start       ] GC(1192) Pause Young (Concurrent Start) (G1 Evacuation Pause)
[4302.189s][info][gc,task        ] GC(1192) Using 6 workers of 6 for evacuation
[4302.309s][info][gc,phases      ] GC(1192)   Pre Evacuate Collection Set: 0.39ms
[4302.309s][info][gc,phases      ] GC(1192)   Merge Heap Roots: 0.50ms
[4302.309s][info][gc,phases      ] GC(1192)   Evacuate Collection Set: 118.16ms
[4302.309s][info][gc,phases      ] GC(1192)   Post Evacuate Collection Set: 0.89ms
[4302.309s][info][gc,phases      ] GC(1192)   Other: 0.13ms
[4302.309s][info][gc,heap        ] GC(1192) Eden regions: 1114->0(1117)
[4302.309s][info][gc,heap        ] GC(1192) Survivor regions: 114->111(154)
[4302.309s][info][gc,heap        ] GC(1192) Old regions: 474->507
[4302.309s][info][gc,heap        ] GC(1192) Humongous regions: 80->80
[4302.309s][info][gc,metaspace   ] GC(1192) Metaspace: 28866K(29312K)->28866K(29312K) NonClass: 23996K(24192K)->23996K(24192K) Class: 4869K(5120K)->4869K(5120K)
[4302.309s][info][gc             ] GC(1192) Pause Young (Concurrent Start) (G1 Evacuation Pause) 3561M->1394M(4096M) 120.191ms
[4302.309s][info][gc             ] GC(1193) Concurrent Mark Cycle
[4302.309s][info][gc,marking     ] GC(1193) Concurrent Scan Root Regions
[4302.309s][info][gc,cpu         ] GC(1192) User=0.71s Sys=0.00s Real=0.12s
.[4302.490s][info][gc,marking     ] GC(1193) Concurrent Scan Root Regions 180.859ms
[4302.490s][info][gc,marking     ] GC(1193) Concurrent Mark
[4302.490s][info][gc,marking     ] GC(1193) Concurrent Mark From Roots
[4302.490s][info][gc,task        ] GC(1193) Using 2 workers of 2 for marking
.[4303.462s][info][gc,marking     ] GC(1193) Concurrent Mark From Roots 972.047ms
[4303.462s][info][gc,marking     ] GC(1193) Concurrent Preclean
[4303.462s][info][gc,marking     ] GC(1193) Concurrent Preclean 0.118ms
[4303.466s][info][gc,start       ] GC(1193) Pause Remark
[4303.473s][info][gc             ] GC(1193) Pause Remark 2452M->2452M(4096M) 6.979ms
[4303.473s][info][gc,cpu         ] GC(1193) User=0.04s Sys=0.00s Real=0.01s
[4303.473s][info][gc,marking     ] GC(1193) Concurrent Mark 983.193ms
[4303.473s][info][gc,marking     ] GC(1193) Concurrent Rebuild Remembered Sets and Scrub Regions
[4303.746s][info][gc,marking     ] GC(1193) Concurrent Rebuild Remembered Sets and Scrub Regions 272.392ms
[4303.746s][info][gc,start       ] GC(1193) Pause Cleanup
[4303.746s][info][gc             ] GC(1193) Pause Cleanup 2747M->2747M(4096M) 0.124ms
[4303.746s][info][gc,cpu         ] GC(1193) User=0.00s Sys=0.00s Real=0.00s
[4303.746s][info][gc,marking     ] GC(1193) Concurrent Clear Claimed Marks
[4303.746s][info][gc,marking     ] GC(1193) Concurrent Clear Claimed Marks 0.026ms
[4303.746s][info][gc,marking     ] GC(1193) Concurrent Cleanup for Next Mark
[4303.752s][info][gc,marking     ] GC(1193) Concurrent Cleanup for Next Mark 5.707ms
[4303.752s][info][gc             ] GC(1193) Concurrent Mark Cycle 1442.687ms
.[4304.689s][info][gc,start       ] GC(1194) Pause Young (Prepare Mixed) (G1 Evacuation Pause)
[4304.689s][info][gc,task        ] GC(1194) Using 6 workers of 6 for evacuation
[4304.810s][info][gc,phases      ] GC(1194)   Pre Evacuate Collection Set: 0.33ms
[4304.810s][info][gc,phases      ] GC(1194)   Merge Heap Roots: 0.54ms
[4304.810s][info][gc,phases      ] GC(1194)   Evacuate Collection Set: 119.11ms
[4304.810s][info][gc,phases      ] GC(1194)   Post Evacuate Collection Set: 0.92ms
[4304.810s][info][gc,phases      ] GC(1194)   Other: 0.09ms
[4304.810s][info][gc,heap        ] GC(1194) Eden regions: 1117->0(1103)
[4304.810s][info][gc,heap        ] GC(1194) Survivor regions: 111->112(154)
[4304.810s][info][gc,heap        ] GC(1194) Old regions: 507->538
[4304.810s][info][gc,heap        ] GC(1194) Humongous regions: 80->80
[4304.810s][info][gc,metaspace   ] GC(1194) Metaspace: 28866K(29312K)->28866K(29312K) NonClass: 23996K(24192K)->23996K(24192K) Class: 4869K(5120K)->4869K(5120K)
[4304.810s][info][gc             ] GC(1194) Pause Young (Prepare Mixed) (G1 Evacuation Pause) 3628M->1459M(4096M) 121.124ms
[4304.810s][info][gc,cpu         ] GC(1194) User=0.71s Sys=0.00s Real=0.12s
..[4307.053s][info][gc,start       ] GC(1195) Pause Young (Mixed) (G1 Evacuation Pause)
[4307.053s][info][gc,task        ] GC(1195) Using 6 workers of 6 for evacuation
[4307.185s][info][gc,phases      ] GC(1195)   Pre Evacuate Collection Set: 0.38ms
[4307.185s][info][gc,phases      ] GC(1195)   Merge Heap Roots: 0.68ms
[4307.185s][info][gc,phases      ] GC(1195)   Evacuate Collection Set: 129.96ms
[4307.185s][info][gc,phases      ] GC(1195)   Post Evacuate Collection Set: 0.96ms
[4307.185s][info][gc,phases      ] GC(1195)   Other: 0.08ms
[4307.185s][info][gc,heap        ] GC(1195) Eden regions: 1103->0(1120)
[4307.185s][info][gc,heap        ] GC(1195) Survivor regions: 112->108(152)
[4307.185s][info][gc,heap        ] GC(1195) Old regions: 538->476
[4307.185s][info][gc,heap        ] GC(1195) Humongous regions: 80->80
[4307.185s][info][gc,metaspace   ] GC(1195) Metaspace: 28866K(29312K)->28866K(29312K) NonClass: 23996K(24192K)->23996K(24192K) Class: 4869K(5120K)->4869K(5120K)
[4307.186s][info][gc             ] GC(1195) Pause Young (Mixed) (G1 Evacuation Pause) 3665M->1325M(4096M) 132.186ms
[4307.186s][info][gc,cpu         ] GC(1195) User=0.78s Sys=0.00s Real=0.13s
...[4309.484s][info][gc,start       ] GC(1196) Pause Young (Concurrent Start) (G1 Evacuation Pause)
[4309.484s][info][gc,task        ] GC(1196) Using 6 workers of 6 for evacuation
[4309.602s][info][gc,phases      ] GC(1196)   Pre Evacuate Collection Set: 0.38ms
[4309.602s][info][gc,phases      ] GC(1196)   Merge Heap Roots: 0.46ms
[4309.602s][info][gc,phases      ] GC(1196)   Evacuate Collection Set: 115.19ms
[4309.602s][info][gc,phases      ] GC(1196)   Post Evacuate Collection Set: 0.89ms
[4309.602s][info][gc,phases      ] GC(1196)   Other: 0.12ms
[4309.602s][info][gc,heap        ] GC(1196) Eden regions: 1120->0(1119)
[4309.602s][info][gc,heap        ] GC(1196) Survivor regions: 108->109(154)
[4309.602s][info][gc,heap        ] GC(1196) Old regions: 476->509
[4309.602s][info][gc,heap        ] GC(1196) Humongous regions: 80->80
[4309.602s][info][gc,metaspace   ] GC(1196) Metaspace: 28866K(29312K)->28866K(29312K) NonClass: 23996K(24192K)->23996K(24192K) Class: 4869K(5120K)->4869K(5120K)
[4309.602s][info][gc             ] GC(1196) Pause Young (Concurrent Start) (G1 Evacuation Pause) 3565M->1393M(4096M) 117.188ms
[4309.602s][info][gc             ] GC(1197) Concurrent Mark Cycle
[4309.602s][info][gc,marking     ] GC(1197) Concurrent Scan Root Regions
[4309.602s][info][gc,cpu         ] GC(1196) User=0.70s Sys=0.00s Real=0.11s
[4309.789s][info][gc,marking     ] GC(1197) Concurrent Scan Root Regions 187.145ms
[4309.789s][info][gc,marking     ] GC(1197) Concurrent Mark
[4309.789s][info][gc,marking     ] GC(1197) Concurrent Mark From Roots
[4309.789s][info][gc,task        ] GC(1197) Using 2 workers of 2 for marking
.[4310.762s][info][gc,marking     ] GC(1197) Concurrent Mark From Roots 973.108ms
[4310.762s][info][gc,marking     ] GC(1197) Concurrent Preclean
[4310.762s][info][gc,marking     ] GC(1197) Concurrent Preclean 0.135ms
[4310.765s][info][gc,start       ] GC(1197) Pause Remark
[4310.773s][info][gc             ] GC(1197) Pause Remark 2529M->2529M(4096M) 7.633ms
[4310.773s][info][gc,cpu         ] GC(1197) User=0.04s Sys=0.00s Real=0.01s
[4310.773s][info][gc,marking     ] GC(1197) Concurrent Mark 984.289ms
[4310.773s][info][gc,marking     ] GC(1197) Concurrent Rebuild Remembered Sets and Scrub Regions
[4311.172s][info][gc,marking     ] GC(1197) Concurrent Rebuild Remembered Sets and Scrub Regions 398.776ms
[4311.172s][info][gc,start       ] GC(1197) Pause Cleanup
[4311.172s][info][gc             ] GC(1197) Pause Cleanup 2891M->2891M(4096M) 0.112ms
[4311.172s][info][gc,cpu         ] GC(1197) User=0.00s Sys=0.00s Real=0.00s
[4311.173s][info][gc,marking     ] GC(1197) Concurrent Clear Claimed Marks
[4311.173s][info][gc,marking     ] GC(1197) Concurrent Clear Claimed Marks 0.035ms
[4311.173s][info][gc,marking     ] GC(1197) Concurrent Cleanup for Next Mark
[4311.179s][info][gc,marking     ] GC(1197) Concurrent Cleanup for Next Mark 5.302ms
[4311.179s][info][gc             ] GC(1197) Concurrent Mark Cycle 1577.172ms
.[4311.886s][info][gc,start       ] GC(1198) Pause Young (Prepare Mixed) (G1 Evacuation Pause)
[4311.886s][info][gc,task        ] GC(1198) Using 6 workers of 6 for evacuation
[4312.008s][info][gc,phases      ] GC(1198)   Pre Evacuate Collection Set: 0.32ms
[4312.008s][info][gc,phases      ] GC(1198)   Merge Heap Roots: 0.52ms
[4312.008s][info][gc,phases      ] GC(1198)   Evacuate Collection Set: 120.73ms
[4312.008s][info][gc,phases      ] GC(1198)   Post Evacuate Collection Set: 0.92ms
[4312.008s][info][gc,phases      ] GC(1198)   Other: 0.08ms
[4312.008s][info][gc,heap        ] GC(1198) Eden regions: 1119->0(1095)
[4312.008s][info][gc,heap        ] GC(1198) Survivor regions: 109->115(154)
[4312.008s][info][gc,heap        ] GC(1198) Old regions: 509->540
[4312.008s][info][gc,heap        ] GC(1198) Humongous regions: 80->80
[4312.008s][info][gc,metaspace   ] GC(1198) Metaspace: 28866K(29312K)->28866K(29312K) NonClass: 23996K(24192K)->23996K(24192K) Class: 4869K(5120K)->4869K(5120K)
[4312.008s][info][gc             ] GC(1198) Pause Young (Prepare Mixed) (G1 Evacuation Pause) 3631M->1467M(4096M) 122.698ms
[4312.008s][info][gc,cpu         ] GC(1198) User=0.72s Sys=0.00s Real=0.12s
..[4314.236s][info][gc,start       ] GC(1199) Pause Young (Mixed) (G1 Evacuation Pause)
[4314.236s][info][gc,task        ] GC(1199) Using 6 workers of 6 for evacuation
[4314.375s][info][gc,phases      ] GC(1199)   Pre Evacuate Collection Set: 0.35ms
[4314.375s][info][gc,phases      ] GC(1199)   Merge Heap Roots: 0.65ms
[4314.375s][info][gc,phases      ] GC(1199)   Evacuate Collection Set: 136.21ms
[4314.375s][info][gc,phases      ] GC(1199)   Post Evacuate Collection Set: 0.94ms
[4314.375s][info][gc,phases      ] GC(1199)   Other: 0.09ms
[4314.375s][info][gc,heap        ] GC(1199) Eden regions: 1095->0(1113)
[4314.375s][info][gc,heap        ] GC(1199) Survivor regions: 115->115(152)
[4314.375s][info][gc,heap        ] GC(1199) Old regions: 540->475
[4314.375s][info][gc,heap        ] GC(1199) Humongous regions: 80->80
[4314.375s][info][gc,metaspace   ] GC(1199) Metaspace: 28866K(29312K)->28866K(29312K) NonClass: 23996K(24192K)->23996K(24192K) Class: 4869K(5120K)->4869K(5120K)
[4314.375s][info][gc             ] GC(1199) Pause Young (Mixed) (G1 Evacuation Pause) 3657M->1337M(4096M) 138.367ms
[4314.375s][info][gc,cpu         ] GC(1199) User=0.82s Sys=0.00s Real=0.14s
..[4316.651s][info][gc,start       ] GC(1200) Pause Young (Concurrent Start) (G1 Evacuation Pause)
[4316.651s][info][gc,task        ] GC(1200) Using 6 workers of 6 for evacuation
[4316.767s][info][gc,phases      ] GC(1200)   Pre Evacuate Collection Set: 0.41ms
[4316.767s][info][gc,phases      ] GC(1200)   Merge Heap Roots: 0.45ms
[4316.767s][info][gc,phases      ] GC(1200)   Evacuate Collection Set: 114.69ms
[4316.767s][info][gc,phases      ] GC(1200)   Post Evacuate Collection Set: 0.91ms
[4316.767s][info][gc,phases      ] GC(1200)   Other: 0.11ms
[4316.767s][info][gc,heap        ] GC(1200) Eden regions: 1113->0(1120)
[4316.767s][info][gc,heap        ] GC(1200) Survivor regions: 115->108(154)
[4316.767s][info][gc,heap        ] GC(1200) Old regions: 475->507
[4316.768s][info][gc,heap        ] GC(1200) Humongous regions: 80->80
[4316.768s][info][gc,metaspace   ] GC(1200) Metaspace: 28866K(29312K)->28866K(29312K) NonClass: 23996K(24192K)->23996K(24192K) Class: 4869K(5120K)->4869K(5120K)
[4316.768s][info][gc             ] GC(1200) Pause Young (Concurrent Start) (G1 Evacuation Pause) 3563M->1389M(4096M) 116.683ms
[4316.768s][info][gc             ] GC(1201) Concurrent Mark Cycle
[4316.768s][info][gc,marking     ] GC(1201) Concurrent Scan Root Regions
[4316.768s][info][gc,cpu         ] GC(1200) User=0.68s Sys=0.01s Real=0.12s
.[4316.906s][info][gc,marking     ] GC(1201) Concurrent Scan Root Regions 138.135ms
[4316.906s][info][gc,marking     ] GC(1201) Concurrent Mark
[4316.906s][info][gc,marking     ] GC(1201) Concurrent Mark From Roots
[4316.906s][info][gc,task        ] GC(1201) Using 2 workers of 2 for marking
[4317.626s][info][gc,marking     ] GC(1201) Concurrent Mark From Roots 720.602ms
[4317.626s][info][gc,marking     ] GC(1201) Concurrent Preclean
[4317.627s][info][gc,marking     ] GC(1201) Concurrent Preclean 0.111ms
[4317.628s][info][gc,start       ] GC(1201) Pause Remark
[4317.634s][info][gc             ] GC(1201) Pause Remark 2165M->2165M(4096M) 6.008ms
[4317.634s][info][gc,cpu         ] GC(1201) User=0.03s Sys=0.00s Real=0.01s
[4317.635s][info][gc,marking     ] GC(1201) Concurrent Mark 728.814ms
[4317.635s][info][gc,marking     ] GC(1201) Concurrent Rebuild Remembered Sets and Scrub Regions
.[4317.913s][info][gc,marking     ] GC(1201) Concurrent Rebuild Remembered Sets and Scrub Regions 278.663ms
[4317.913s][info][gc,start       ] GC(1201) Pause Cleanup
[4317.914s][info][gc             ] GC(1201) Pause Cleanup 2447M->2447M(4096M) 0.121ms
[4317.914s][info][gc,cpu         ] GC(1201) User=0.00s Sys=0.00s Real=0.00s
[4317.914s][info][gc,marking     ] GC(1201) Concurrent Clear Claimed Marks
[4317.914s][info][gc,marking     ] GC(1201) Concurrent Clear Claimed Marks 0.026ms
[4317.914s][info][gc,marking     ] GC(1201) Concurrent Cleanup for Next Mark
[4317.919s][info][gc,marking     ] GC(1201) Concurrent Cleanup for Next Mark 5.491ms
[4317.919s][info][gc             ] GC(1201) Concurrent Mark Cycle 1151.681ms
.[4319.135s][info][gc,start       ] GC(1202) Pause Young (Prepare Mixed) (G1 Evacuation Pause)
[4319.135s][info][gc,task        ] GC(1202) Using 6 workers of 6 for evacuation
[4319.250s][info][gc,phases      ] GC(1202)   Pre Evacuate Collection Set: 0.34ms
[4319.250s][info][gc,phases      ] GC(1202)   Merge Heap Roots: 0.53ms
[4319.250s][info][gc,phases      ] GC(1202)   Evacuate Collection Set: 113.69ms
[4319.250s][info][gc,phases      ] GC(1202)   Post Evacuate Collection Set: 0.94ms
[4319.250s][info][gc,phases      ] GC(1202)   Other: 0.09ms
[4319.250s][info][gc,heap        ] GC(1202) Eden regions: 1120->0(1109)
[4319.250s][info][gc,heap        ] GC(1202) Survivor regions: 108->109(154)
[4319.250s][info][gc,heap        ] GC(1202) Old regions: 507->538
[4319.250s][info][gc,heap        ] GC(1202) Humongous regions: 80->80
[4319.250s][info][gc,metaspace   ] GC(1202) Metaspace: 28866K(29312K)->28866K(29312K) NonClass: 23996K(24192K)->23996K(24192K) Class: 4869K(5120K)->4869K(5120K)
[4319.250s][info][gc             ] GC(1202) Pause Young (Prepare Mixed) (G1 Evacuation Pause) 3629M->1453M(4096M) 115.716ms
[4319.251s][info][gc,cpu         ] GC(1202) User=0.69s Sys=0.00s Real=0.11s
..[4321.504s][info][gc,start       ] GC(1203) Pause Young (Mixed) (G1 Evacuation Pause)
[4321.504s][info][gc,task        ] GC(1203) Using 6 workers of 6 for evacuation
[4321.647s][info][gc,phases      ] GC(1203)   Pre Evacuate Collection Set: 0.35ms
[4321.647s][info][gc,phases      ] GC(1203)   Merge Heap Roots: 0.74ms
[4321.647s][info][gc,phases      ] GC(1203)   Evacuate Collection Set: 140.71ms
[4321.647s][info][gc,phases      ] GC(1203)   Post Evacuate Collection Set: 0.94ms
[4321.647s][info][gc,phases      ] GC(1203)   Other: 0.08ms
[4321.647s][info][gc,heap        ] GC(1203) Eden regions: 1109->0(1112)
[4321.647s][info][gc,heap        ] GC(1203) Survivor regions: 109->116(153)
[4321.647s][info][gc,heap        ] GC(1203) Old regions: 538->475
[4321.647s][info][gc,heap        ] GC(1203) Humongous regions: 80->80
[4321.647s][info][gc,metaspace   ] GC(1203) Metaspace: 28866K(29312K)->28866K(29312K) NonClass: 23996K(24192K)->23996K(24192K) Class: 4869K(5120K)->4869K(5120K)
[4321.647s][info][gc             ] GC(1203) Pause Young (Mixed) (G1 Evacuation Pause) 3671M->1339M(4096M) 142.962ms
[4321.647s][info][gc,cpu         ] GC(1203) User=0.85s Sys=0.00s Real=0.14s
...[4323.952s][info][gc,start       ] GC(1204) Pause Young (Concurrent Start) (G1 Evacuation Pause)
[4323.953s][info][gc,task        ] GC(1204) Using 6 workers of 6 for evacuation
[4324.072s][info][gc,phases      ] GC(1204)   Pre Evacuate Collection Set: 0.37ms
[4324.072s][info][gc,phases      ] GC(1204)   Merge Heap Roots: 0.46ms
[4324.072s][info][gc,phases      ] GC(1204)   Evacuate Collection Set: 117.52ms
[4324.072s][info][gc,phases      ] GC(1204)   Post Evacuate Collection Set: 0.89ms
[4324.072s][info][gc,phases      ] GC(1204)   Other: 0.09ms
[4324.072s][info][gc,heap        ] GC(1204) Eden regions: 1112->0(1116)
[4324.072s][info][gc,heap        ] GC(1204) Survivor regions: 116->112(154)
[4324.072s][info][gc,heap        ] GC(1204) Old regions: 475->507
[4324.072s][info][gc,heap        ] GC(1204) Humongous regions: 80->80
[4324.072s][info][gc,metaspace   ] GC(1204) Metaspace: 28866K(29312K)->28866K(29312K) NonClass: 23996K(24192K)->23996K(24192K) Class: 4869K(5120K)->4869K(5120K)
[4324.072s][info][gc             ] GC(1204) Pause Young (Concurrent Start) (G1 Evacuation Pause) 3563M->1396M(4096M) 119.472ms
[4324.072s][info][gc             ] GC(1205) Concurrent Mark Cycle
[4324.072s][info][gc,marking     ] GC(1205) Concurrent Scan Root Regions
[4324.072s][info][gc,cpu         ] GC(1204) User=0.70s Sys=0.00s Real=0.11s
[4324.216s][info][gc,marking     ] GC(1205) Concurrent Scan Root Regions 144.114ms
[4324.216s][info][gc,marking     ] GC(1205) Concurrent Mark
[4324.216s][info][gc,marking     ] GC(1205) Concurrent Mark From Roots
[4324.216s][info][gc,task        ] GC(1205) Using 2 workers of 2 for marking
[4324.942s][info][gc,marking     ] GC(1205) Concurrent Mark From Roots 725.834ms
[4324.942s][info][gc,marking     ] GC(1205) Concurrent Preclean
.[4324.942s][info][gc,marking     ] GC(1205) Concurrent Preclean 0.140ms
[4324.942s][info][gc,start       ] GC(1205) Pause Remark
[4324.947s][info][gc             ] GC(1205) Pause Remark 2152M->2152M(4096M) 4.882ms
[4324.947s][info][gc,cpu         ] GC(1205) User=0.02s Sys=0.00s Real=0.00s
[4324.947s][info][gc,marking     ] GC(1205) Concurrent Mark 731.243ms
[4324.947s][info][gc,marking     ] GC(1205) Concurrent Rebuild Remembered Sets and Scrub Regions
[4325.287s][info][gc,marking     ] GC(1205) Concurrent Rebuild Remembered Sets and Scrub Regions 339.133ms
[4325.288s][info][gc,start       ] GC(1205) Pause Cleanup
[4325.288s][info][gc             ] GC(1205) Pause Cleanup 2430M->2430M(4096M) 0.123ms
[4325.288s][info][gc,cpu         ] GC(1205) User=0.00s Sys=0.00s Real=0.00s
[4325.289s][info][gc,marking     ] GC(1205) Concurrent Clear Claimed Marks
[4325.289s][info][gc,marking     ] GC(1205) Concurrent Clear Claimed Marks 0.048ms
[4325.289s][info][gc,marking     ] GC(1205) Concurrent Cleanup for Next Mark
[4325.301s][info][gc,marking     ] GC(1205) Concurrent Cleanup for Next Mark 11.992ms
[4325.301s][info][gc             ] GC(1205) Concurrent Mark Cycle 1229.309ms
.[4326.447s][info][gc,start       ] GC(1206) Pause Young (Prepare Mixed) (G1 Evacuation Pause)
[4326.447s][info][gc,task        ] GC(1206) Using 6 workers of 6 for evacuation
[4326.570s][info][gc,phases      ] GC(1206)   Pre Evacuate Collection Set: 0.33ms
[4326.570s][info][gc,phases      ] GC(1206)   Merge Heap Roots: 0.49ms
[4326.570s][info][gc,phases      ] GC(1206)   Evacuate Collection Set: 121.07ms
[4326.570s][info][gc,phases      ] GC(1206)   Post Evacuate Collection Set: 0.94ms
[4326.570s][info][gc,phases      ] GC(1206)   Other: 0.09ms
[4326.570s][info][gc,heap        ] GC(1206) Eden regions: 1116->0(1100)
[4326.570s][info][gc,heap        ] GC(1206) Survivor regions: 112->113(154)
[4326.570s][info][gc,heap        ] GC(1206) Old regions: 507->539
[4326.570s][info][gc,heap        ] GC(1206) Humongous regions: 80->80
[4326.570s][info][gc,metaspace   ] GC(1206) Metaspace: 28866K(29312K)->28866K(29312K) NonClass: 23996K(24192K)->23996K(24192K) Class: 4869K(5120K)->4869K(5120K)
[4326.570s][info][gc             ] GC(1206) Pause Young (Prepare Mixed) (G1 Evacuation Pause) 3628M->1462M(4096M) 123.041ms
[4326.570s][info][gc,cpu         ] GC(1206) User=0.73s Sys=0.00s Real=0.12s
..[4328.834s][info][gc,start       ] GC(1207) Pause Young (Mixed) (G1 Evacuation Pause)
[4328.834s][info][gc,task        ] GC(1207) Using 6 workers of 6 for evacuation
[4328.971s][info][gc,phases      ] GC(1207)   Pre Evacuate Collection Set: 0.38ms
[4328.971s][info][gc,phases      ] GC(1207)   Merge Heap Roots: 0.69ms
[4328.971s][info][gc,phases      ] GC(1207)   Evacuate Collection Set: 134.19ms
[4328.971s][info][gc,phases      ] GC(1207)   Post Evacuate Collection Set: 0.97ms
[4328.971s][info][gc,phases      ] GC(1207)   Other: 0.09ms
[4328.971s][info][gc,heap        ] GC(1207) Eden regions: 1100->0(1116)
[4328.971s][info][gc,heap        ] GC(1207) Survivor regions: 113->112(152)
[4328.971s][info][gc,heap        ] GC(1207) Old regions: 539->475
[4328.971s][info][gc,heap        ] GC(1207) Humongous regions: 80->80
[4328.971s][info][gc,metaspace   ] GC(1207) Metaspace: 28866K(29312K)->28866K(29312K) NonClass: 23996K(24192K)->23996K(24192K) Class: 4869K(5120K)->4869K(5120K)
[4328.971s][info][gc             ] GC(1207) Pause Young (Mixed) (G1 Evacuation Pause) 3662M->1333M(4096M) 136.450ms
[4328.971s][info][gc,cpu         ] GC(1207) User=0.81s Sys=0.00s Real=0.13s
...[4331.209s][info][gc,start       ] GC(1208) Pause Young (Concurrent Start) (G1 Evacuation Pause)
[4331.209s][info][gc,task        ] GC(1208) Using 6 workers of 6 for evacuation
[4331.324s][info][gc,phases      ] GC(1208)   Pre Evacuate Collection Set: 0.36ms
[4331.324s][info][gc,phases      ] GC(1208)   Merge Heap Roots: 0.47ms
[4331.324s][info][gc,phases      ] GC(1208)   Evacuate Collection Set: 113.92ms
[4331.324s][info][gc,phases      ] GC(1208)   Post Evacuate Collection Set: 0.88ms
[4331.324s][info][gc,phases      ] GC(1208)   Other: 0.11ms
[4331.324s][info][gc,heap        ] GC(1208) Eden regions: 1116->0(1121)
[4331.324s][info][gc,heap        ] GC(1208) Survivor regions: 112->107(154)
[4331.324s][info][gc,heap        ] GC(1208) Old regions: 475->507
[4331.324s][info][gc,heap        ] GC(1208) Humongous regions: 80->80
[4331.324s][info][gc,metaspace   ] GC(1208) Metaspace: 28866K(29312K)->28866K(29312K) NonClass: 23996K(24192K)->23996K(24192K) Class: 4869K(5120K)->4869K(5120K)
[4331.324s][info][gc             ] GC(1208) Pause Young (Concurrent Start) (G1 Evacuation Pause) 3565M->1387M(4096M) 115.889ms
[4331.324s][info][gc             ] GC(1209) Concurrent Mark Cycle
[4331.324s][info][gc,marking     ] GC(1209) Concurrent Scan Root Regions
[4331.324s][info][gc,cpu         ] GC(1208) User=0.69s Sys=0.00s Real=0.12s
[4331.493s][info][gc,marking     ] GC(1209) Concurrent Scan Root Regions 168.044ms
[4331.493s][info][gc,marking     ] GC(1209) Concurrent Mark
[4331.493s][info][gc,marking     ] GC(1209) Concurrent Mark From Roots
[4331.493s][info][gc,task        ] GC(1209) Using 2 workers of 2 for marking
.[4332.428s][info][gc,marking     ] GC(1209) Concurrent Mark From Roots 935.437ms
[4332.428s][info][gc,marking     ] GC(1209) Concurrent Preclean
[4332.428s][info][gc,marking     ] GC(1209) Concurrent Preclean 0.147ms
[4332.428s][info][gc,start       ] GC(1209) Pause Remark
[4332.436s][info][gc             ] GC(1209) Pause Remark 2438M->2438M(4096M) 8.002ms
[4332.436s][info][gc,cpu         ] GC(1209) User=0.05s Sys=0.00s Real=0.01s
[4332.436s][info][gc,marking     ] GC(1209) Concurrent Mark 943.937ms
[4332.436s][info][gc,marking     ] GC(1209) Concurrent Rebuild Remembered Sets and Scrub Regions
[4332.788s][info][gc,marking     ] GC(1209) Concurrent Rebuild Remembered Sets and Scrub Regions 351.544ms
[4332.789s][info][gc,start       ] GC(1209) Pause Cleanup
[4332.789s][info][gc             ] GC(1209) Pause Cleanup 2791M->2791M(4096M) 0.113ms
[4332.789s][info][gc,cpu         ] GC(1209) User=0.00s Sys=0.00s Real=0.00s
[4332.789s][info][gc,marking     ] GC(1209) Concurrent Clear Claimed Marks
[4332.789s][info][gc,marking     ] GC(1209) Concurrent Clear Claimed Marks 0.042ms
[4332.789s][info][gc,marking     ] GC(1209) Concurrent Cleanup for Next Mark
[4332.794s][info][gc,marking     ] GC(1209) Concurrent Cleanup for Next Mark 4.573ms
[4332.794s][info][gc             ] GC(1209) Concurrent Mark Cycle 1469.674ms
.[4333.648s][info][gc,start       ] GC(1210) Pause Young (Prepare Mixed) (G1 Evacuation Pause)
[4333.648s][info][gc,task        ] GC(1210) Using 6 workers of 6 for evacuation
[4333.775s][info][gc,phases      ] GC(1210)   Pre Evacuate Collection Set: 0.31ms
[4333.775s][info][gc,phases      ] GC(1210)   Merge Heap Roots: 0.55ms
[4333.775s][info][gc,phases      ] GC(1210)   Evacuate Collection Set: 124.88ms
[4333.775s][info][gc,phases      ] GC(1210)   Post Evacuate Collection Set: 0.95ms
[4333.775s][info][gc,phases      ] GC(1210)   Other: 0.10ms
[4333.775s][info][gc,heap        ] GC(1210) Eden regions: 1121->0(1092)
[4333.775s][info][gc,heap        ] GC(1210) Survivor regions: 107->117(154)
[4333.775s][info][gc,heap        ] GC(1210) Old regions: 507->539
[4333.775s][info][gc,heap        ] GC(1210) Humongous regions: 80->80
[4333.775s][info][gc,metaspace   ] GC(1210) Metaspace: 28866K(29312K)->28866K(29312K) NonClass: 23996K(24192K)->23996K(24192K) Class: 4869K(5120K)->4869K(5120K)
[4333.775s][info][gc             ] GC(1210) Pause Young (Prepare Mixed) (G1 Evacuation Pause) 3629M->1470M(4096M) 126.911ms
[4333.775s][info][gc,cpu         ] GC(1210) User=0.76s Sys=0.00s Real=0.13s
..[4335.998s][info][gc,start       ] GC(1211) Pause Young (Mixed) (G1 Evacuation Pause)
[4335.998s][info][gc,task        ] GC(1211) Using 6 workers of 6 for evacuation
[4336.129s][info][gc,phases      ] GC(1211)   Pre Evacuate Collection Set: 0.43ms
[4336.129s][info][gc,phases      ] GC(1211)   Merge Heap Roots: 0.71ms
[4336.129s][info][gc,phases      ] GC(1211)   Evacuate Collection Set: 128.24ms
[4336.129s][info][gc,phases      ] GC(1211)   Post Evacuate Collection Set: 0.94ms
[4336.129s][info][gc,phases      ] GC(1211)   Other: 0.87ms
[4336.129s][info][gc,heap        ] GC(1211) Eden regions: 1092->0(1121)
[4336.129s][info][gc,heap        ] GC(1211) Survivor regions: 117->107(152)
[4336.129s][info][gc,heap        ] GC(1211) Old regions: 539->475
[4336.129s][info][gc,heap        ] GC(1211) Humongous regions: 80->80
[4336.129s][info][gc,metaspace   ] GC(1211) Metaspace: 28866K(29312K)->28866K(29312K) NonClass: 23996K(24192K)->23996K(24192K) Class: 4869K(5120K)->4869K(5120K)
[4336.129s][info][gc             ] GC(1211) Pause Young (Mixed) (G1 Evacuation Pause) 3654M->1322M(4096M) 131.318ms
[4336.130s][info][gc,cpu         ] GC(1211) User=0.77s Sys=0.00s Real=0.13s
... (rIR:aIR:PR = 7749:7798:7798) (tPR = 115992) [OK] 
  4338s: Performance info:
         Transaction,    Success,    Partial,     Failed,   Receipts, AvgBarcode, 
             Overall,     471884,          0,          0,     448327,      59.48, 
         Response times:
             Request,    Success,    Partial,     Failed,   SkipFail,     Probes,    Samples,      min,      p50,      p90,      p95,      p99,      max, 
       TotalPurchase,     448316,          0,          0,          0,     357280,     451606,      300,     6900,    80000,   134000,   206000,   620000,
     InStorePurchase,     236229,          0,          0,          0,     187478,     236936,      300,     6900,    80000,   134000,   206000,   620000,
      OnlinePurchase,     165089,          0,          0,          0,     131595,     166330,      300,     7000,    80000,   134000,   206000,   620000,
        InstPurchase,      46998,          0,          0,          0,      38207,      48340,      400,     6900,    82000,   133000,   206000,   476000,
          AssocOfCat,        469,          0,          0,          0,        378,        598,    27000,    46000,   127000,   188200,   294200,   525000,
      AssocOfProduct,       4685,          0,          0,          0,       4306,       5657,      700,     5700,    72000,   125000,   205000,   288000,
      BusinessReport,       1180,          0,          0,          0,       1042,       1426,    27000,    52000,   148300,   198000,   267730,   392000,
          CustBuyBeh,       4688,          0,          0,          0,       4394,       5703,      200,     5000,    72000,   129800,   202960,   336000,
       ProductReturn,      12534,          0,          0,          0,       9483,      12272,      100,     6500,    72000,   125000,   199000,   388000,

  4338s: (57%)   IR =   7887 [4338.397s][info][gc,start       ] GC(1212) Pause Young (Concurrent Start) (G1 Evacuation Pause)
[4338.397s][info][gc,task        ] GC(1212) Using 6 workers of 6 for evacuation
[4338.518s][info][gc,phases      ] GC(1212)   Pre Evacuate Collection Set: 0.39ms
[4338.518s][info][gc,phases      ] GC(1212)   Merge Heap Roots: 0.44ms
[4338.518s][info][gc,phases      ] GC(1212)   Evacuate Collection Set: 118.69ms
[4338.518s][info][gc,phases      ] GC(1212)   Post Evacuate Collection Set: 0.94ms
[4338.518s][info][gc,phases      ] GC(1212)   Other: 0.10ms
[4338.518s][info][gc,heap        ] GC(1212) Eden regions: 1121->0(1115)
[4338.518s][info][gc,heap        ] GC(1212) Survivor regions: 107->113(154)
[4338.518s][info][gc,heap        ] GC(1212) Old regions: 475->508
[4338.518s][info][gc,heap        ] GC(1212) Humongous regions: 80->80
[4338.518s][info][gc,metaspace   ] GC(1212) Metaspace: 28866K(29312K)->28866K(29312K) NonClass: 23996K(24192K)->23996K(24192K) Class: 4869K(5120K)->4869K(5120K)
[4338.518s][info][gc             ] GC(1212) Pause Young (Concurrent Start) (G1 Evacuation Pause) 3564M->1399M(4096M) 120.690ms
[4338.518s][info][gc             ] GC(1213) Concurrent Mark Cycle
[4338.518s][info][gc,marking     ] GC(1213) Concurrent Scan Root Regions
[4338.518s][info][gc,cpu         ] GC(1212) User=0.72s Sys=0.00s Real=0.12s
[4338.697s][info][gc,marking     ] GC(1213) Concurrent Scan Root Regions 179.335ms
[4338.697s][info][gc,marking     ] GC(1213) Concurrent Mark
[4338.697s][info][gc,marking     ] GC(1213) Concurrent Mark From Roots
[4338.697s][info][gc,task        ] GC(1213) Using 2 workers of 2 for marking
.[4339.684s][info][gc,marking     ] GC(1213) Concurrent Mark From Roots 986.899ms
[4339.684s][info][gc,marking     ] GC(1213) Concurrent Preclean
[4339.684s][info][gc,marking     ] GC(1213) Concurrent Preclean 0.144ms
[4339.687s][info][gc,start       ] GC(1213) Pause Remark
[4339.694s][info][gc             ] GC(1213) Pause Remark 2535M->2535M(4096M) 7.017ms
[4339.695s][info][gc,cpu         ] GC(1213) User=0.03s Sys=0.00s Real=0.01s
[4339.695s][info][gc,marking     ] GC(1213) Concurrent Mark 997.175ms
[4339.695s][info][gc,marking     ] GC(1213) Concurrent Rebuild Remembered Sets and Scrub Regions
[4340.125s][info][gc,marking     ] GC(1213) Concurrent Rebuild Remembered Sets and Scrub Regions 430.357ms
[4340.126s][info][gc,start       ] GC(1213) Pause Cleanup
[4340.127s][info][gc             ] GC(1213) Pause Cleanup 2957M->2957M(4096M) 0.118ms
[4340.127s][info][gc,cpu         ] GC(1213) User=0.00s Sys=0.00s Real=0.00s
[4340.127s][info][gc,marking     ] GC(1213) Concurrent Clear Claimed Marks
[4340.127s][info][gc,marking     ] GC(1213) Concurrent Clear Claimed Marks 0.026ms
[4340.127s][info][gc,marking     ] GC(1213) Concurrent Cleanup for Next Mark
[4340.130s][info][gc,marking     ] GC(1213) Concurrent Cleanup for Next Mark 3.513ms
[4340.130s][info][gc             ] GC(1213) Concurrent Mark Cycle 1612.234ms
.[4340.827s][info][gc,start       ] GC(1214) Pause Young (Prepare Mixed) (G1 Evacuation Pause)
[4340.827s][info][gc,task        ] GC(1214) Using 6 workers of 6 for evacuation
[4340.947s][info][gc,phases      ] GC(1214)   Pre Evacuate Collection Set: 0.32ms
[4340.947s][info][gc,phases      ] GC(1214)   Merge Heap Roots: 0.51ms
[4340.947s][info][gc,phases      ] GC(1214)   Evacuate Collection Set: 118.16ms
[4340.947s][info][gc,phases      ] GC(1214)   Post Evacuate Collection Set: 1.00ms
[4340.947s][info][gc,phases      ] GC(1214)   Other: 0.09ms
[4340.947s][info][gc,heap        ] GC(1214) Eden regions: 1115->0(1102)
[4340.947s][info][gc,heap        ] GC(1214) Survivor regions: 113->112(154)
[4340.947s][info][gc,heap        ] GC(1214) Old regions: 508->539
[4340.947s][info][gc,heap        ] GC(1214) Humongous regions: 80->80
[4340.947s][info][gc,metaspace   ] GC(1214) Metaspace: 28866K(29312K)->28866K(29312K) NonClass: 23996K(24192K)->23996K(24192K) Class: 4869K(5120K)->4869K(5120K)
[4340.947s][info][gc             ] GC(1214) Pause Young (Prepare Mixed) (G1 Evacuation Pause) 3629M->1461M(4096M) 120.218ms
[4340.947s][info][gc,cpu         ] GC(1214) User=0.70s Sys=0.00s Real=0.12s
..[4343.133s][info][gc,start       ] GC(1215) Pause Young (Mixed) (G1 Evacuation Pause)
[4343.133s][info][gc,task        ] GC(1215) Using 6 workers of 6 for evacuation
[4343.264s][info][gc,phases      ] GC(1215)   Pre Evacuate Collection Set: 0.37ms
[4343.264s][info][gc,phases      ] GC(1215)   Merge Heap Roots: 0.64ms
[4343.264s][info][gc,phases      ] GC(1215)   Evacuate Collection Set: 128.41ms
[4343.264s][info][gc,phases      ] GC(1215)   Post Evacuate Collection Set: 0.95ms
[4343.264s][info][gc,phases      ] GC(1215)   Other: 0.09ms
[4343.264s][info][gc,heap        ] GC(1215) Eden regions: 1102->0(1120)
[4343.264s][info][gc,heap        ] GC(1215) Survivor regions: 112->108(152)
[4343.264s][info][gc,heap        ] GC(1215) Old regions: 539->475
[4343.264s][info][gc,heap        ] GC(1215) Humongous regions: 80->80
[4343.264s][info][gc,metaspace   ] GC(1215) Metaspace: 28866K(29312K)->28866K(29312K) NonClass: 23996K(24192K)->23996K(24192K) Class: 4869K(5120K)->4869K(5120K)
[4343.264s][info][gc             ] GC(1215) Pause Young (Mixed) (G1 Evacuation Pause) 3665M->1325M(4096M) 130.591ms
[4343.264s][info][gc,cpu         ] GC(1215) User=0.78s Sys=0.00s Real=0.13s
...[4345.519s][info][gc,start       ] GC(1216) Pause Young (Concurrent Start) (G1 Evacuation Pause)
[4345.520s][info][gc,task        ] GC(1216) Using 6 workers of 6 for evacuation
[4345.637s][info][gc,phases      ] GC(1216)   Pre Evacuate Collection Set: 0.37ms
[4345.637s][info][gc,phases      ] GC(1216)   Merge Heap Roots: 0.47ms
[4345.637s][info][gc,phases      ] GC(1216)   Evacuate Collection Set: 115.91ms
[4345.637s][info][gc,phases      ] GC(1216)   Post Evacuate Collection Set: 0.89ms
[4345.637s][info][gc,phases      ] GC(1216)   Other: 0.11ms
[4345.637s][info][gc,heap        ] GC(1216) Eden regions: 1120->0(1118)
[4345.637s][info][gc,heap        ] GC(1216) Survivor regions: 108->110(154)
[4345.637s][info][gc,heap        ] GC(1216) Old regions: 475->507
[4345.637s][info][gc,heap        ] GC(1216) Humongous regions: 80->80
[4345.637s][info][gc,metaspace   ] GC(1216) Metaspace: 28866K(29312K)->28866K(29312K) NonClass: 23996K(24192K)->23996K(24192K) Class: 4869K(5120K)->4869K(5120K)
[4345.637s][info][gc             ] GC(1216) Pause Young (Concurrent Start) (G1 Evacuation Pause) 3565M->1393M(4096M) 117.875ms
[4345.637s][info][gc             ] GC(1217) Concurrent Mark Cycle
[4345.637s][info][gc,marking     ] GC(1217) Concurrent Scan Root Regions
[4345.637s][info][gc,cpu         ] GC(1216) User=0.70s Sys=0.00s Real=0.12s
[4345.750s][info][gc,marking     ] GC(1217) Concurrent Scan Root Regions 113.007ms
[4345.750s][info][gc,marking     ] GC(1217) Concurrent Mark
[4345.750s][info][gc,marking     ] GC(1217) Concurrent Mark From Roots
[4345.750s][info][gc,task        ] GC(1217) Using 2 workers of 2 for marking
[4346.301s][info][gc,marking     ] GC(1217) Concurrent Mark From Roots 550.614ms
[4346.301s][info][gc,marking     ] GC(1217) Concurrent Preclean
[4346.301s][info][gc,marking     ] GC(1217) Concurrent Preclean 0.141ms
.[4346.302s][info][gc,start       ] GC(1217) Pause Remark
[4346.306s][info][gc             ] GC(1217) Pause Remark 1883M->1883M(4096M) 4.524ms
[4346.306s][info][gc,cpu         ] GC(1217) User=0.02s Sys=0.00s Real=0.01s
[4346.307s][info][gc,marking     ] GC(1217) Concurrent Mark 556.102ms
[4346.307s][info][gc,marking     ] GC(1217) Concurrent Rebuild Remembered Sets and Scrub Regions
[4346.561s][info][gc,marking     ] GC(1217) Concurrent Rebuild Remembered Sets and Scrub Regions 254.203ms
[4346.561s][info][gc,start       ] GC(1217) Pause Cleanup
[4346.561s][info][gc             ] GC(1217) Pause Cleanup 2165M->2165M(4096M) 0.122ms
[4346.561s][info][gc,cpu         ] GC(1217) User=0.00s Sys=0.00s Real=0.00s
[4346.561s][info][gc,marking     ] GC(1217) Concurrent Clear Claimed Marks
[4346.561s][info][gc,marking     ] GC(1217) Concurrent Clear Claimed Marks 0.021ms
[4346.561s][info][gc,marking     ] GC(1217) Concurrent Cleanup for Next Mark
[4346.578s][info][gc,marking     ] GC(1217) Concurrent Cleanup for Next Mark 16.406ms
[4346.578s][info][gc             ] GC(1217) Concurrent Mark Cycle 940.557ms
.[4347.875s][info][gc,start       ] GC(1218) Pause Young (Prepare Mixed) (G1 Evacuation Pause)
[4347.875s][info][gc,task        ] GC(1218) Using 6 workers of 6 for evacuation
[4347.995s][info][gc,phases      ] GC(1218)   Pre Evacuate Collection Set: 0.35ms
[4347.995s][info][gc,phases      ] GC(1218)   Merge Heap Roots: 0.52ms
[4347.995s][info][gc,phases      ] GC(1218)   Evacuate Collection Set: 118.29ms
[4347.995s][info][gc,phases      ] GC(1218)   Post Evacuate Collection Set: 0.93ms
[4347.995s][info][gc,phases      ] GC(1218)   Other: 0.09ms
[4347.995s][info][gc,heap        ] GC(1218) Eden regions: 1118->0(1101)
[4347.996s][info][gc,heap        ] GC(1218) Survivor regions: 110->113(154)
[4347.996s][info][gc,heap        ] GC(1218) Old regions: 507->538
[4347.996s][info][gc,heap        ] GC(1218) Humongous regions: 80->80
[4347.996s][info][gc,metaspace   ] GC(1218) Metaspace: 28866K(29312K)->28866K(29312K) NonClass: 23996K(24192K)->23996K(24192K) Class: 4869K(5120K)->4869K(5120K)
[4347.996s][info][gc             ] GC(1218) Pause Young (Prepare Mixed) (G1 Evacuation Pause) 3629M->1460M(4096M) 120.303ms
[4347.996s][info][gc,cpu         ] GC(1218) User=0.71s Sys=0.00s Real=0.12s
..[4350.184s][info][gc,start       ] GC(1219) Pause Young (Mixed) (G1 Evacuation Pause)
[4350.184s][info][gc,task        ] GC(1219) Using 6 workers of 6 for evacuation
[4350.327s][info][gc,phases      ] GC(1219)   Pre Evacuate Collection Set: 0.38ms
[4350.327s][info][gc,phases      ] GC(1219)   Merge Heap Roots: 0.72ms
[4350.327s][info][gc,phases      ] GC(1219)   Evacuate Collection Set: 141.08ms
[4350.327s][info][gc,phases      ] GC(1219)   Post Evacuate Collection Set: 0.97ms
[4350.327s][info][gc,phases      ] GC(1219)   Other: 0.09ms
[4350.327s][info][gc,heap        ] GC(1219) Eden regions: 1101->0(1112)
[4350.327s][info][gc,heap        ] GC(1219) Survivor regions: 113->116(152)
[4350.327s][info][gc,heap        ] GC(1219) Old regions: 538->474
[4350.327s][info][gc,heap        ] GC(1219) Humongous regions: 80->80
[4350.327s][info][gc,metaspace   ] GC(1219) Metaspace: 28866K(29312K)->28866K(29312K) NonClass: 23996K(24192K)->23996K(24192K) Class: 4869K(5120K)->4869K(5120K)
[4350.327s][info][gc             ] GC(1219) Pause Young (Mixed) (G1 Evacuation Pause) 3662M->1338M(4096M) 143.365ms
[4350.327s][info][gc,cpu         ] GC(1219) User=0.84s Sys=0.00s Real=0.14s
...[4352.517s][info][gc,start       ] GC(1220) Pause Young (Concurrent Start) (G1 Evacuation Pause)
[4352.517s][info][gc,task        ] GC(1220) Using 6 workers of 6 for evacuation
[4352.637s][info][gc,phases      ] GC(1220)   Pre Evacuate Collection Set: 0.40ms
[4352.637s][info][gc,phases      ] GC(1220)   Merge Heap Roots: 0.47ms
[4352.637s][info][gc,phases      ] GC(1220)   Evacuate Collection Set: 118.83ms
[4352.637s][info][gc,phases      ] GC(1220)   Post Evacuate Collection Set: 0.89ms
[4352.637s][info][gc,phases      ] GC(1220)   Other: 0.11ms
[4352.637s][info][gc,heap        ] GC(1220) Eden regions: 1112->0(1116)
[4352.637s][info][gc,heap        ] GC(1220) Survivor regions: 116->112(154)
[4352.637s][info][gc,heap        ] GC(1220) Old regions: 474->505
[4352.638s][info][gc,heap        ] GC(1220) Humongous regions: 80->80
[4352.638s][info][gc,metaspace   ] GC(1220) Metaspace: 28866K(29312K)->28866K(29312K) NonClass: 23996K(24192K)->23996K(24192K) Class: 4869K(5120K)->4869K(5120K)
[4352.638s][info][gc             ] GC(1220) Pause Young (Concurrent Start) (G1 Evacuation Pause) 3562M->1392M(4096M) 120.857ms
[4352.638s][info][gc             ] GC(1221) Concurrent Mark Cycle
[4352.638s][info][gc,marking     ] GC(1221) Concurrent Scan Root Regions
[4352.638s][info][gc,cpu         ] GC(1220) User=0.72s Sys=0.00s Real=0.12s
[4352.825s][info][gc,marking     ] GC(1221) Concurrent Scan Root Regions 187.758ms
[4352.825s][info][gc,marking     ] GC(1221) Concurrent Mark
[4352.825s][info][gc,marking     ] GC(1221) Concurrent Mark From Roots
[4352.825s][info][gc,task        ] GC(1221) Using 2 workers of 2 for marking
.[4353.822s][info][gc,marking     ] GC(1221) Concurrent Mark From Roots 996.711ms
[4353.822s][info][gc,marking     ] GC(1221) Concurrent Preclean
[4353.822s][info][gc,marking     ] GC(1221) Concurrent Preclean 0.147ms
[4353.823s][info][gc,start       ] GC(1221) Pause Remark
[4353.829s][info][gc             ] GC(1221) Pause Remark 2494M->2494M(4096M) 6.104ms
[4353.829s][info][gc,cpu         ] GC(1221) User=0.03s Sys=0.00s Real=0.00s
[4353.829s][info][gc,marking     ] GC(1221) Concurrent Mark 1003.865ms
[4353.829s][info][gc,marking     ] GC(1221) Concurrent Rebuild Remembered Sets and Scrub Regions
[4354.168s][info][gc,marking     ] GC(1221) Concurrent Rebuild Remembered Sets and Scrub Regions 338.898ms
[4354.170s][info][gc,start       ] GC(1221) Pause Cleanup
[4354.170s][info][gc             ] GC(1221) Pause Cleanup 2834M->2834M(4096M) 0.128ms
[4354.170s][info][gc,cpu         ] GC(1221) User=0.00s Sys=0.00s Real=0.00s
[4354.170s][info][gc,marking     ] GC(1221) Concurrent Clear Claimed Marks
[4354.170s][info][gc,marking     ] GC(1221) Concurrent Clear Claimed Marks 0.032ms
[4354.170s][info][gc,marking     ] GC(1221) Concurrent Cleanup for Next Mark
[4354.208s][info][gc,marking     ] GC(1221) Concurrent Cleanup for Next Mark 38.132ms
[4354.208s][info][gc             ] GC(1221) Concurrent Mark Cycle 1570.645ms
.[4354.946s][info][gc,start       ] GC(1222) Pause Young (Prepare Mixed) (G1 Evacuation Pause)
[4354.946s][info][gc,task        ] GC(1222) Using 6 workers of 6 for evacuation
[4355.068s][info][gc,phases      ] GC(1222)   Pre Evacuate Collection Set: 0.33ms
[4355.068s][info][gc,phases      ] GC(1222)   Merge Heap Roots: 0.52ms
[4355.068s][info][gc,phases      ] GC(1222)   Evacuate Collection Set: 120.71ms
[4355.068s][info][gc,phases      ] GC(1222)   Post Evacuate Collection Set: 0.90ms
[4355.068s][info][gc,phases      ] GC(1222)   Other: 0.10ms
[4355.068s][info][gc,heap        ] GC(1222) Eden regions: 1116->0(1099)
[4355.068s][info][gc,heap        ] GC(1222) Survivor regions: 112->115(154)
[4355.068s][info][gc,heap        ] GC(1222) Old regions: 505->536
[4355.068s][info][gc,heap        ] GC(1222) Humongous regions: 80->80
[4355.068s][info][gc,metaspace   ] GC(1222) Metaspace: 28866K(29312K)->28866K(29312K) NonClass: 23996K(24192K)->23996K(24192K) Class: 4869K(5120K)->4869K(5120K)
[4355.068s][info][gc             ] GC(1222) Pause Young (Prepare Mixed) (G1 Evacuation Pause) 3624M->1461M(4096M) 122.684ms
[4355.069s][info][gc,cpu         ] GC(1222) User=0.72s Sys=0.00s Real=0.12s
..[4357.206s][info][gc,start       ] GC(1223) Pause Young (Mixed) (G1 Evacuation Pause)
[4357.206s][info][gc,task        ] GC(1223) Using 6 workers of 6 for evacuation
[4357.340s][info][gc,phases      ] GC(1223)   Pre Evacuate Collection Set: 0.36ms
[4357.340s][info][gc,phases      ] GC(1223)   Merge Heap Roots: 0.68ms
[4357.340s][info][gc,phases      ] GC(1223)   Evacuate Collection Set: 131.13ms
[4357.340s][info][gc,phases      ] GC(1223)   Post Evacuate Collection Set: 0.93ms
[4357.340s][info][gc,phases      ] GC(1223)   Other: 0.08ms
[4357.340s][info][gc,heap        ] GC(1223) Eden regions: 1099->0(1121)
[4357.340s][info][gc,heap        ] GC(1223) Survivor regions: 115->107(152)
[4357.340s][info][gc,heap        ] GC(1223) Old regions: 536->474
[4357.340s][info][gc,heap        ] GC(1223) Humongous regions: 80->80
[4357.340s][info][gc,metaspace   ] GC(1223) Metaspace: 28866K(29312K)->28866K(29312K) NonClass: 23996K(24192K)->23996K(24192K) Class: 4869K(5120K)->4869K(5120K)
[4357.340s][info][gc             ] GC(1223) Pause Young (Mixed) (G1 Evacuation Pause) 3659M->1320M(4096M) 133.334ms
[4357.340s][info][gc,cpu         ] GC(1223) User=0.79s Sys=0.00s Real=0.13s
...|[4359.672s][info][gc,start       ] GC(1224) Pause Young (Concurrent Start) (G1 Evacuation Pause)
[4359.672s][info][gc,task        ] GC(1224) Using 6 workers of 6 for evacuation
[4359.792s][info][gc,phases      ] GC(1224)   Pre Evacuate Collection Set: 0.37ms
[4359.792s][info][gc,phases      ] GC(1224)   Merge Heap Roots: 0.49ms
[4359.792s][info][gc,phases      ] GC(1224)   Evacuate Collection Set: 118.24ms
[4359.792s][info][gc,phases      ] GC(1224)   Post Evacuate Collection Set: 0.89ms
[4359.792s][info][gc,phases      ] GC(1224)   Other: 0.11ms
[4359.792s][info][gc,heap        ] GC(1224) Eden regions: 1121->0(1116)
[4359.792s][info][gc,heap        ] GC(1224) Survivor regions: 107->112(154)
[4359.792s][info][gc,heap        ] GC(1224) Old regions: 474->506
[4359.792s][info][gc,heap        ] GC(1224) Humongous regions: 80->80
[4359.792s][info][gc,metaspace   ] GC(1224) Metaspace: 28866K(29312K)->28866K(29312K) NonClass: 23996K(24192K)->23996K(24192K) Class: 4869K(5120K)->4869K(5120K)
[4359.792s][info][gc             ] GC(1224) Pause Young (Concurrent Start) (G1 Evacuation Pause) 3562M->1395M(4096M) 120.232ms
[4359.792s][info][gc             ] GC(1225) Concurrent Mark Cycle
[4359.792s][info][gc,marking     ] GC(1225) Concurrent Scan Root Regions
[4359.792s][info][gc,cpu         ] GC(1224) User=0.71s Sys=0.00s Real=0.12s
[4359.989s][info][gc,marking     ] GC(1225) Concurrent Scan Root Regions 197.341ms
[4359.989s][info][gc,marking     ] GC(1225) Concurrent Mark
[4359.989s][info][gc,marking     ] GC(1225) Concurrent Mark From Roots
[4359.989s][info][gc,task        ] GC(1225) Using 2 workers of 2 for marking
.[4361.007s][info][gc,marking     ] GC(1225) Concurrent Mark From Roots 1017.389ms
[4361.007s][info][gc,marking     ] GC(1225) Concurrent Preclean
[4361.007s][info][gc,marking     ] GC(1225) Concurrent Preclean 0.145ms
[4361.008s][info][gc,start       ] GC(1225) Pause Remark
[4361.016s][info][gc             ] GC(1225) Pause Remark 2587M->2587M(4096M) 8.012ms
[4361.016s][info][gc,cpu         ] GC(1225) User=0.04s Sys=0.00s Real=0.01s
[4361.016s][info][gc,marking     ] GC(1225) Concurrent Mark 1026.908ms
[4361.016s][info][gc,marking     ] GC(1225) Concurrent Rebuild Remembered Sets and Scrub Regions
[4361.446s][info][gc,marking     ] GC(1225) Concurrent Rebuild Remembered Sets and Scrub Regions 429.439ms
[4361.446s][info][gc,start       ] GC(1225) Pause Cleanup
[4361.446s][info][gc             ] GC(1225) Pause Cleanup 3030M->3030M(4096M) 0.111ms
[4361.446s][info][gc,cpu         ] GC(1225) User=0.00s Sys=0.00s Real=0.00s
[4361.447s][info][gc,marking     ] GC(1225) Concurrent Clear Claimed Marks
[4361.447s][info][gc,marking     ] GC(1225) Concurrent Clear Claimed Marks 0.030ms
[4361.447s][info][gc,marking     ] GC(1225) Concurrent Cleanup for Next Mark
[4361.452s][info][gc,marking     ] GC(1225) Concurrent Cleanup for Next Mark 5.338ms
[4361.452s][info][gc             ] GC(1225) Concurrent Mark Cycle 1660.139ms
.[4362.057s][info][gc,start       ] GC(1226) Pause Young (Prepare Mixed) (G1 Evacuation Pause)
[4362.057s][info][gc,task        ] GC(1226) Using 6 workers of 6 for evacuation
[4362.176s][info][gc,phases      ] GC(1226)   Pre Evacuate Collection Set: 0.33ms
[4362.176s][info][gc,phases      ] GC(1226)   Merge Heap Roots: 0.54ms
[4362.176s][info][gc,phases      ] GC(1226)   Evacuate Collection Set: 117.21ms
[4362.176s][info][gc,phases      ] GC(1226)   Post Evacuate Collection Set: 0.82ms
[4362.176s][info][gc,phases      ] GC(1226)   Other: 0.09ms
[4362.176s][info][gc,heap        ] GC(1226) Eden regions: 1116->0(1104)
[4362.176s][info][gc,heap        ] GC(1226) Survivor regions: 112->112(154)
[4362.176s][info][gc,heap        ] GC(1226) Old regions: 506->537
[4362.176s][info][gc,heap        ] GC(1226) Humongous regions: 80->80
[4362.176s][info][gc,metaspace   ] GC(1226) Metaspace: 28866K(29312K)->28866K(29312K) NonClass: 23996K(24192K)->23996K(24192K) Class: 4869K(5120K)->4869K(5120K)
[4362.176s][info][gc             ] GC(1226) Pause Young (Prepare Mixed) (G1 Evacuation Pause) 3627M->1455M(4096M) 119.128ms
[4362.176s][info][gc,cpu         ] GC(1226) User=0.70s Sys=0.00s Real=0.12s
..[4364.446s][info][gc,start       ] GC(1227) Pause Young (Mixed) (G1 Evacuation Pause)
[4364.446s][info][gc,task        ] GC(1227) Using 6 workers of 6 for evacuation
[4364.582s][info][gc,phases      ] GC(1227)   Pre Evacuate Collection Set: 0.40ms
[4364.582s][info][gc,phases      ] GC(1227)   Merge Heap Roots: 0.67ms
[4364.582s][info][gc,phases      ] GC(1227)   Evacuate Collection Set: 134.01ms
[4364.582s][info][gc,phases      ] GC(1227)   Post Evacuate Collection Set: 0.94ms
[4364.582s][info][gc,phases      ] GC(1227)   Other: 0.09ms
[4364.582s][info][gc,heap        ] GC(1227) Eden regions: 1104->0(1116)
[4364.582s][info][gc,heap        ] GC(1227) Survivor regions: 112->112(152)
[4364.582s][info][gc,heap        ] GC(1227) Old regions: 537->475
[4364.582s][info][gc,heap        ] GC(1227) Humongous regions: 80->80
[4364.582s][info][gc,metaspace   ] GC(1227) Metaspace: 28866K(29312K)->28866K(29312K) NonClass: 23996K(24192K)->23996K(24192K) Class: 4869K(5120K)->4869K(5120K)
[4364.582s][info][gc             ] GC(1227) Pause Young (Mixed) (G1 Evacuation Pause) 3663M->1331M(4096M) 136.241ms
[4364.582s][info][gc,cpu         ] GC(1227) User=0.81s Sys=0.00s Real=0.14s
...[4366.853s][info][gc,start       ] GC(1228) Pause Young (Concurrent Start) (G1 Evacuation Pause)
[4366.853s][info][gc,task        ] GC(1228) Using 6 workers of 6 for evacuation
[4366.973s][info][gc,phases      ] GC(1228)   Pre Evacuate Collection Set: 0.37ms
[4366.973s][info][gc,phases      ] GC(1228)   Merge Heap Roots: 0.46ms
[4366.973s][info][gc,phases      ] GC(1228)   Evacuate Collection Set: 118.18ms
[4366.973s][info][gc,phases      ] GC(1228)   Post Evacuate Collection Set: 0.89ms
[4366.973s][info][gc,phases      ] GC(1228)   Other: 0.11ms
[4366.973s][info][gc,heap        ] GC(1228) Eden regions: 1116->0(1115)
[4366.973s][info][gc,heap        ] GC(1228) Survivor regions: 112->113(154)
[4366.973s][info][gc,heap        ] GC(1228) Old regions: 475->507
[4366.973s][info][gc,heap        ] GC(1228) Humongous regions: 80->80
[4366.973s][info][gc,metaspace   ] GC(1228) Metaspace: 28866K(29312K)->28866K(29312K) NonClass: 23996K(24192K)->23996K(24192K) Class: 4869K(5120K)->4869K(5120K)
[4366.973s][info][gc             ] GC(1228) Pause Young (Concurrent Start) (G1 Evacuation Pause) 3563M->1397M(4096M) 120.140ms
[4366.973s][info][gc             ] GC(1229) Concurrent Mark Cycle
[4366.973s][info][gc,marking     ] GC(1229) Concurrent Scan Root Regions
[4366.973s][info][gc,cpu         ] GC(1228) User=0.71s Sys=0.00s Real=0.12s
[4367.166s][info][gc,marking     ] GC(1229) Concurrent Scan Root Regions 193.560ms
[4367.166s][info][gc,marking     ] GC(1229) Concurrent Mark
[4367.166s][info][gc,marking     ] GC(1229) Concurrent Mark From Roots
[4367.166s][info][gc,task        ] GC(1229) Using 2 workers of 2 for marking
.[4368.275s][info][gc,marking     ] GC(1229) Concurrent Mark From Roots 1108.402ms
[4368.275s][info][gc,marking     ] GC(1229) Concurrent Preclean
[4368.275s][info][gc,marking     ] GC(1229) Concurrent Preclean 0.172ms
[4368.277s][info][gc,start       ] GC(1229) Pause Remark
[4368.283s][info][gc             ] GC(1229) Pause Remark 2629M->2629M(4096M) 6.480ms
[4368.283s][info][gc,cpu         ] GC(1229) User=0.03s Sys=0.00s Real=0.01s
[4368.283s][info][gc,marking     ] GC(1229) Concurrent Mark 1116.746ms
[4368.283s][info][gc,marking     ] GC(1229) Concurrent Rebuild Remembered Sets and Scrub Regions
[4368.664s][info][gc,marking     ] GC(1229) Concurrent Rebuild Remembered Sets and Scrub Regions 380.784ms
[4368.666s][info][gc,start       ] GC(1229) Pause Cleanup
[4368.666s][info][gc             ] GC(1229) Pause Cleanup 3063M->3063M(4096M) 0.135ms
[4368.666s][info][gc,cpu         ] GC(1229) User=0.00s Sys=0.00s Real=0.00s
[4368.666s][info][gc,marking     ] GC(1229) Concurrent Clear Claimed Marks
[4368.666s][info][gc,marking     ] GC(1229) Concurrent Clear Claimed Marks 0.028ms
[4368.666s][info][gc,marking     ] GC(1229) Concurrent Cleanup for Next Mark
[4368.673s][info][gc,marking     ] GC(1229) Concurrent Cleanup for Next Mark 6.911ms
[4368.673s][info][gc             ] GC(1229) Concurrent Mark Cycle 1700.161ms
.[4369.234s][info][gc,start       ] GC(1230) Pause Young (Prepare Mixed) (G1 Evacuation Pause)
[4369.234s][info][gc,task        ] GC(1230) Using 6 workers of 6 for evacuation
[4369.357s][info][gc,phases      ] GC(1230)   Pre Evacuate Collection Set: 0.32ms
[4369.357s][info][gc,phases      ] GC(1230)   Merge Heap Roots: 0.53ms
[4369.357s][info][gc,phases      ] GC(1230)   Evacuate Collection Set: 120.80ms
[4369.357s][info][gc,phases      ] GC(1230)   Post Evacuate Collection Set: 0.98ms
[4369.357s][info][gc,phases      ] GC(1230)   Other: 0.09ms
[4369.357s][info][gc,heap        ] GC(1230) Eden regions: 1115->0(1100)
[4369.357s][info][gc,heap        ] GC(1230) Survivor regions: 113->113(154)
[4369.357s][info][gc,heap        ] GC(1230) Old regions: 507->539
[4369.357s][info][gc,heap        ] GC(1230) Humongous regions: 80->80
[4369.357s][info][gc,metaspace   ] GC(1230) Metaspace: 28866K(29312K)->28866K(29312K) NonClass: 23996K(24192K)->23996K(24192K) Class: 4869K(5120K)->4869K(5120K)
[4369.357s][info][gc             ] GC(1230) Pause Young (Prepare Mixed) (G1 Evacuation Pause) 3627M->1463M(4096M) 122.866ms
[4369.357s][info][gc,cpu         ] GC(1230) User=0.73s Sys=0.00s Real=0.12s
..[4371.605s][info][gc,start       ] GC(1231) Pause Young (Mixed) (G1 Evacuation Pause)
[4371.605s][info][gc,task        ] GC(1231) Using 6 workers of 6 for evacuation
[4371.739s][info][gc,phases      ] GC(1231)   Pre Evacuate Collection Set: 0.41ms
[4371.739s][info][gc,phases      ] GC(1231)   Merge Heap Roots: 0.78ms
[4371.739s][info][gc,phases      ] GC(1231)   Evacuate Collection Set: 130.83ms
[4371.739s][info][gc,phases      ] GC(1231)   Post Evacuate Collection Set: 0.96ms
[4371.739s][info][gc,phases      ] GC(1231)   Other: 0.88ms
[4371.739s][info][gc,heap        ] GC(1231) Eden regions: 1100->0(1119)
[4371.739s][info][gc,heap        ] GC(1231) Survivor regions: 113->109(152)
[4371.739s][info][gc,heap        ] GC(1231) Old regions: 539->476
[4371.739s][info][gc,heap        ] GC(1231) Humongous regions: 80->80
[4371.739s][info][gc,metaspace   ] GC(1231) Metaspace: 28866K(29312K)->28866K(29312K) NonClass: 23996K(24192K)->23996K(24192K) Class: 4869K(5120K)->4869K(5120K)
[4371.739s][info][gc             ] GC(1231) Pause Young (Mixed) (G1 Evacuation Pause) 3663M->1329M(4096M) 133.997ms
[4371.739s][info][gc,cpu         ] GC(1231) User=0.79s Sys=0.00s Real=0.13s
...[4373.919s][info][gc,start       ] GC(1232) Pause Young (Concurrent Start) (G1 Evacuation Pause)
[4373.919s][info][gc,task        ] GC(1232) Using 6 workers of 6 for evacuation
[4374.041s][info][gc,phases      ] GC(1232)   Pre Evacuate Collection Set: 0.37ms
[4374.041s][info][gc,phases      ] GC(1232)   Merge Heap Roots: 0.46ms
[4374.041s][info][gc,phases      ] GC(1232)   Evacuate Collection Set: 119.74ms
[4374.041s][info][gc,phases      ] GC(1232)   Post Evacuate Collection Set: 0.88ms
[4374.041s][info][gc,phases      ] GC(1232)   Other: 0.12ms
[4374.041s][info][gc,heap        ] GC(1232) Eden regions: 1119->0(1112)
[4374.041s][info][gc,heap        ] GC(1232) Survivor regions: 109->116(154)
[4374.041s][info][gc,heap        ] GC(1232) Old regions: 476->508
[4374.041s][info][gc,heap        ] GC(1232) Humongous regions: 80->80
[4374.041s][info][gc,metaspace   ] GC(1232) Metaspace: 28866K(29312K)->28866K(29312K) NonClass: 23996K(24192K)->23996K(24192K) Class: 4869K(5120K)->4869K(5120K)
[4374.041s][info][gc             ] GC(1232) Pause Young (Concurrent Start) (G1 Evacuation Pause) 3567M->1405M(4096M) 121.711ms
[4374.041s][info][gc             ] GC(1233) Concurrent Mark Cycle
[4374.041s][info][gc,marking     ] GC(1233) Concurrent Scan Root Regions
[4374.041s][info][gc,cpu         ] GC(1232) User=0.72s Sys=0.00s Real=0.12s
[4374.187s][info][gc,marking     ] GC(1233) Concurrent Scan Root Regions 146.702ms
[4374.187s][info][gc,marking     ] GC(1233) Concurrent Mark
[4374.187s][info][gc,marking     ] GC(1233) Concurrent Mark From Roots
[4374.187s][info][gc,task        ] GC(1233) Using 2 workers of 2 for marking
.[4374.911s][info][gc,marking     ] GC(1233) Concurrent Mark From Roots 723.064ms
[4374.911s][info][gc,marking     ] GC(1233) Concurrent Preclean
[4374.911s][info][gc,marking     ] GC(1233) Concurrent Preclean 0.126ms
[4374.914s][info][gc,start       ] GC(1233) Pause Remark
[4374.919s][info][gc             ] GC(1233) Pause Remark 2213M->2213M(4096M) 5.383ms
[4374.919s][info][gc,cpu         ] GC(1233) User=0.03s Sys=0.00s Real=0.00s
[4374.919s][info][gc,marking     ] GC(1233) Concurrent Mark 731.874ms
[4374.919s][info][gc,marking     ] GC(1233) Concurrent Rebuild Remembered Sets and Scrub Regions
[4375.256s][info][gc,marking     ] GC(1233) Concurrent Rebuild Remembered Sets and Scrub Regions 336.314ms
[4375.256s][info][gc,start       ] GC(1233) Pause Cleanup
[4375.256s][info][gc             ] GC(1233) Pause Cleanup 2558M->2558M(4096M) 0.141ms
[4375.256s][info][gc,cpu         ] GC(1233) User=0.00s Sys=0.00s Real=0.00s
[4375.256s][info][gc,marking     ] GC(1233) Concurrent Clear Claimed Marks
[4375.256s][info][gc,marking     ] GC(1233) Concurrent Clear Claimed Marks 0.028ms
[4375.256s][info][gc,marking     ] GC(1233) Concurrent Cleanup for Next Mark
[4375.286s][info][gc,marking     ] GC(1233) Concurrent Cleanup for Next Mark 29.501ms
[4375.286s][info][gc             ] GC(1233) Concurrent Mark Cycle 1245.175ms
.[4376.310s][info][gc,start       ] GC(1234) Pause Young (Prepare Mixed) (G1 Evacuation Pause)
[4376.310s][info][gc,task        ] GC(1234) Using 6 workers of 6 for evacuation
[4376.428s][info][gc,phases      ] GC(1234)   Pre Evacuate Collection Set: 0.30ms
[4376.428s][info][gc,phases      ] GC(1234)   Merge Heap Roots: 0.51ms
[4376.428s][info][gc,phases      ] GC(1234)   Evacuate Collection Set: 116.84ms
[4376.428s][info][gc,phases      ] GC(1234)   Post Evacuate Collection Set: 0.95ms
[4376.428s][info][gc,phases      ] GC(1234)   Other: 0.09ms
[4376.428s][info][gc,heap        ] GC(1234) Eden regions: 1112->0(1105)
[4376.428s][info][gc,heap        ] GC(1234) Survivor regions: 116->110(154)
[4376.428s][info][gc,heap        ] GC(1234) Old regions: 508->540
[4376.428s][info][gc,heap        ] GC(1234) Humongous regions: 80->80
[4376.428s][info][gc,metaspace   ] GC(1234) Metaspace: 28866K(29312K)->28866K(29312K) NonClass: 23996K(24192K)->23996K(24192K) Class: 4869K(5120K)->4869K(5120K)
[4376.428s][info][gc             ] GC(1234) Pause Young (Prepare Mixed) (G1 Evacuation Pause) 3629M->1459M(4096M) 118.829ms
[4376.428s][info][gc,cpu         ] GC(1234) User=0.70s Sys=0.00s Real=0.12s
...[4378.818s][info][gc,start       ] GC(1235) Pause Young (Mixed) (G1 Evacuation Pause)
[4378.818s][info][gc,task        ] GC(1235) Using 6 workers of 6 for evacuation
[4378.951s][info][gc,phases      ] GC(1235)   Pre Evacuate Collection Set: 0.37ms
[4378.951s][info][gc,phases      ] GC(1235)   Merge Heap Roots: 0.68ms
[4378.951s][info][gc,phases      ] GC(1235)   Evacuate Collection Set: 130.73ms
[4378.951s][info][gc,phases      ] GC(1235)   Post Evacuate Collection Set: 0.93ms
[4378.951s][info][gc,phases      ] GC(1235)   Other: 0.09ms
[4378.951s][info][gc,heap        ] GC(1235) Eden regions: 1105->0(1116)
[4378.951s][info][gc,heap        ] GC(1235) Survivor regions: 110->112(152)
[4378.951s][info][gc,heap        ] GC(1235) Old regions: 540->475
[4378.951s][info][gc,heap        ] GC(1235) Humongous regions: 80->80
[4378.951s][info][gc,metaspace   ] GC(1235) Metaspace: 28866K(29312K)->28866K(29312K) NonClass: 23996K(24192K)->23996K(24192K) Class: 4869K(5120K)->4869K(5120K)
[4378.951s][info][gc             ] GC(1235) Pause Young (Mixed) (G1 Evacuation Pause) 3669M->1332M(4096M) 132.943ms
[4378.951s][info][gc,cpu         ] GC(1235) User=0.79s Sys=0.00s Real=0.13s
..[4381.158s][info][gc,start       ] GC(1236) Pause Young (Concurrent Start) (G1 Evacuation Pause)
[4381.158s][info][gc,task        ] GC(1236) Using 6 workers of 6 for evacuation
[4381.280s][info][gc,phases      ] GC(1236)   Pre Evacuate Collection Set: 0.38ms
[4381.280s][info][gc,phases      ] GC(1236)   Merge Heap Roots: 0.49ms
[4381.280s][info][gc,phases      ] GC(1236)   Evacuate Collection Set: 119.50ms
[4381.280s][info][gc,phases      ] GC(1236)   Post Evacuate Collection Set: 0.89ms
[4381.280s][info][gc,phases      ] GC(1236)   Other: 0.11ms
[4381.280s][info][gc,heap        ] GC(1236) Eden regions: 1116->0(1115)
[4381.280s][info][gc,heap        ] GC(1236) Survivor regions: 112->113(154)
[4381.280s][info][gc,heap        ] GC(1236) Old regions: 475->507
[4381.280s][info][gc,heap        ] GC(1236) Humongous regions: 80->80
[4381.280s][info][gc,metaspace   ] GC(1236) Metaspace: 28866K(29312K)->28866K(29312K) NonClass: 23996K(24192K)->23996K(24192K) Class: 4869K(5120K)->4869K(5120K)
[4381.280s][info][gc             ] GC(1236) Pause Young (Concurrent Start) (G1 Evacuation Pause) 3564M->1398M(4096M) 121.498ms
[4381.280s][info][gc             ] GC(1237) Concurrent Mark Cycle
[4381.280s][info][gc,marking     ] GC(1237) Concurrent Scan Root Regions
[4381.280s][info][gc,cpu         ] GC(1236) User=0.72s Sys=0.00s Real=0.12s
[4381.464s][info][gc,marking     ] GC(1237) Concurrent Scan Root Regions 184.533ms
[4381.465s][info][gc,marking     ] GC(1237) Concurrent Mark
[4381.465s][info][gc,marking     ] GC(1237) Concurrent Mark From Roots
[4381.465s][info][gc,task        ] GC(1237) Using 2 workers of 2 for marking
.[4382.495s][info][gc,marking     ] GC(1237) Concurrent Mark From Roots 1030.409ms
[4382.495s][info][gc,marking     ] GC(1237) Concurrent Preclean
[4382.495s][info][gc,marking     ] GC(1237) Concurrent Preclean 0.160ms
[4382.496s][info][gc,start       ] GC(1237) Pause Remark
[4382.502s][info][gc             ] GC(1237) Pause Remark 2554M->2554M(4096M) 6.291ms
[4382.502s][info][gc,cpu         ] GC(1237) User=0.03s Sys=0.00s Real=0.00s
[4382.503s][info][gc,marking     ] GC(1237) Concurrent Mark 1038.028ms
[4382.503s][info][gc,marking     ] GC(1237) Concurrent Rebuild Remembered Sets and Scrub Regions
[4382.868s][info][gc,marking     ] GC(1237) Concurrent Rebuild Remembered Sets and Scrub Regions 365.055ms
[4382.868s][info][gc,start       ] GC(1237) Pause Cleanup
[4382.868s][info][gc             ] GC(1237) Pause Cleanup 2954M->2954M(4096M) 0.123ms
[4382.868s][info][gc,cpu         ] GC(1237) User=0.00s Sys=0.00s Real=0.00s
[4382.869s][info][gc,marking     ] GC(1237) Concurrent Clear Claimed Marks
[4382.869s][info][gc,marking     ] GC(1237) Concurrent Clear Claimed Marks 0.037ms
[4382.869s][info][gc,marking     ] GC(1237) Concurrent Cleanup for Next Mark
[4382.874s][info][gc,marking     ] GC(1237) Concurrent Cleanup for Next Mark 5.224ms
[4382.874s][info][gc             ] GC(1237) Concurrent Mark Cycle 1594.059ms
.[4383.584s][info][gc,start       ] GC(1238) Pause Young (Prepare Mixed) (G1 Evacuation Pause)
[4383.584s][info][gc,task        ] GC(1238) Using 6 workers of 6 for evacuation
[4383.702s][info][gc,phases      ] GC(1238)   Pre Evacuate Collection Set: 0.33ms
[4383.702s][info][gc,phases      ] GC(1238)   Merge Heap Roots: 0.50ms
[4383.702s][info][gc,phases      ] GC(1238)   Evacuate Collection Set: 115.89ms
[4383.702s][info][gc,phases      ] GC(1238)   Post Evacuate Collection Set: 0.92ms
[4383.702s][info][gc,phases      ] GC(1238)   Other: 0.09ms
[4383.702s][info][gc,heap        ] GC(1238) Eden regions: 1115->0(1109)
[4383.702s][info][gc,heap        ] GC(1238) Survivor regions: 113->108(154)
[4383.702s][info][gc,heap        ] GC(1238) Old regions: 507->540
[4383.702s][info][gc,heap        ] GC(1238) Humongous regions: 80->80
[4383.702s][info][gc,metaspace   ] GC(1238) Metaspace: 28866K(29312K)->28866K(29312K) NonClass: 23996K(24192K)->23996K(24192K) Class: 4869K(5120K)->4869K(5120K)
[4383.702s][info][gc             ] GC(1238) Pause Young (Prepare Mixed) (G1 Evacuation Pause) 3628M->1454M(4096M) 117.872ms
[4383.702s][info][gc,cpu         ] GC(1238) User=0.70s Sys=0.00s Real=0.11s
..[4385.974s][info][gc,start       ] GC(1239) Pause Young (Mixed) (G1 Evacuation Pause)
[4385.974s][info][gc,task        ] GC(1239) Using 6 workers of 6 for evacuation
[4386.112s][info][gc,phases      ] GC(1239)   Pre Evacuate Collection Set: 0.37ms
[4386.112s][info][gc,phases      ] GC(1239)   Merge Heap Roots: 0.76ms
[4386.112s][info][gc,phases      ] GC(1239)   Evacuate Collection Set: 135.76ms
[4386.112s][info][gc,phases      ] GC(1239)   Post Evacuate Collection Set: 0.94ms
[4386.112s][info][gc,phases      ] GC(1239)   Other: 0.09ms
[4386.112s][info][gc,heap        ] GC(1239) Eden regions: 1109->0(1115)
[4386.112s][info][gc,heap        ] GC(1239) Survivor regions: 108->113(153)
[4386.112s][info][gc,heap        ] GC(1239) Old regions: 540->475
[4386.112s][info][gc,heap        ] GC(1239) Humongous regions: 80->80
[4386.112s][info][gc,metaspace   ] GC(1239) Metaspace: 28866K(29312K)->28866K(29312K) NonClass: 23996K(24192K)->23996K(24192K) Class: 4869K(5120K)->4869K(5120K)
[4386.112s][info][gc             ] GC(1239) Pause Young (Mixed) (G1 Evacuation Pause) 3672M->1334M(4096M) 138.051ms
[4386.112s][info][gc,cpu         ] GC(1239) User=0.81s Sys=0.00s Real=0.13s
...[4388.338s][info][gc,start       ] GC(1240) Pause Young (Concurrent Start) (G1 Evacuation Pause)
[4388.338s][info][gc,task        ] GC(1240) Using 6 workers of 6 for evacuation
[4388.459s][info][gc,phases      ] GC(1240)   Pre Evacuate Collection Set: 0.38ms
[4388.459s][info][gc,phases      ] GC(1240)   Merge Heap Roots: 0.47ms
[4388.459s][info][gc,phases      ] GC(1240)   Evacuate Collection Set: 119.07ms
[4388.459s][info][gc,phases      ] GC(1240)   Post Evacuate Collection Set: 0.89ms
[4388.459s][info][gc,phases      ] GC(1240)   Other: 0.12ms
[4388.459s][info][gc,heap        ] GC(1240) Eden regions: 1115->0(1115)
[4388.459s][info][gc,heap        ] GC(1240) Survivor regions: 113->113(154)
[4388.459s][info][gc,heap        ] GC(1240) Old regions: 475->507
[4388.459s][info][gc,heap        ] GC(1240) Humongous regions: 80->80
[4388.459s][info][gc,metaspace   ] GC(1240) Metaspace: 28866K(29312K)->28866K(29312K) NonClass: 23996K(24192K)->23996K(24192K) Class: 4869K(5120K)->4869K(5120K)
[4388.459s][info][gc             ] GC(1240) Pause Young (Concurrent Start) (G1 Evacuation Pause) 3564M->1397M(4096M) 121.074ms
[4388.459s][info][gc             ] GC(1241) Concurrent Mark Cycle
[4388.459s][info][gc,marking     ] GC(1241) Concurrent Scan Root Regions
[4388.459s][info][gc,cpu         ] GC(1240) User=0.72s Sys=0.01s Real=0.12s
[4388.647s][info][gc,marking     ] GC(1241) Concurrent Scan Root Regions 187.633ms
[4388.647s][info][gc,marking     ] GC(1241) Concurrent Mark
[4388.647s][info][gc,marking     ] GC(1241) Concurrent Mark From Roots
[4388.647s][info][gc,task        ] GC(1241) Using 2 workers of 2 for marking
.[4389.633s][info][gc,marking     ] GC(1241) Concurrent Mark From Roots 986.510ms
[4389.633s][info][gc,marking     ] GC(1241) Concurrent Preclean
[4389.634s][info][gc,marking     ] GC(1241) Concurrent Preclean 0.161ms
[4389.634s][info][gc,start       ] GC(1241) Pause Remark
[4389.641s][info][gc             ] GC(1241) Pause Remark 2485M->2485M(4096M) 6.685ms
[4389.641s][info][gc,cpu         ] GC(1241) User=0.03s Sys=0.00s Real=0.00s
[4389.642s][info][gc,marking     ] GC(1241) Concurrent Mark 995.253ms
[4389.642s][info][gc,marking     ] GC(1241) Concurrent Rebuild Remembered Sets and Scrub Regions
[4390.004s][info][gc,marking     ] GC(1241) Concurrent Rebuild Remembered Sets and Scrub Regions 361.630ms
[4390.004s][info][gc,start       ] GC(1241) Pause Cleanup
[4390.004s][info][gc             ] GC(1241) Pause Cleanup 2855M->2855M(4096M) 0.112ms
[4390.004s][info][gc,cpu         ] GC(1241) User=0.00s Sys=0.00s Real=0.00s
[4390.005s][info][gc,marking     ] GC(1241) Concurrent Clear Claimed Marks
[4390.005s][info][gc,marking     ] GC(1241) Concurrent Clear Claimed Marks 0.029ms
[4390.005s][info][gc,marking     ] GC(1241) Concurrent Cleanup for Next Mark
[4390.017s][info][gc,marking     ] GC(1241) Concurrent Cleanup for Next Mark 11.986ms
[4390.017s][info][gc             ] GC(1241) Concurrent Mark Cycle 1557.929ms
.[4390.768s][info][gc,start       ] GC(1242) Pause Young (Prepare Mixed) (G1 Evacuation Pause)
[4390.768s][info][gc,task        ] GC(1242) Using 6 workers of 6 for evacuation
[4390.887s][info][gc,phases      ] GC(1242)   Pre Evacuate Collection Set: 0.35ms
[4390.887s][info][gc,phases      ] GC(1242)   Merge Heap Roots: 0.56ms
[4390.887s][info][gc,phases      ] GC(1242)   Evacuate Collection Set: 116.38ms
[4390.887s][info][gc,phases      ] GC(1242)   Post Evacuate Collection Set: 0.93ms
[4390.887s][info][gc,phases      ] GC(1242)   Other: 0.10ms
[4390.887s][info][gc,heap        ] GC(1242) Eden regions: 1115->0(1108)
[4390.887s][info][gc,heap        ] GC(1242) Survivor regions: 113->109(154)
[4390.887s][info][gc,heap        ] GC(1242) Old regions: 507->539
[4390.887s][info][gc,heap        ] GC(1242) Humongous regions: 80->80
[4390.887s][info][gc,metaspace   ] GC(1242) Metaspace: 28866K(29312K)->28866K(29312K) NonClass: 23996K(24192K)->23996K(24192K) Class: 4869K(5120K)->4869K(5120K)
[4390.887s][info][gc             ] GC(1242) Pause Young (Prepare Mixed) (G1 Evacuation Pause) 3627M->1455M(4096M) 118.451ms
[4390.887s][info][gc,cpu         ] GC(1242) User=0.70s Sys=0.00s Real=0.12s
..[4393.140s][info][gc,start       ] GC(1243) Pause Young (Mixed) (G1 Evacuation Pause)
[4393.140s][info][gc,task        ] GC(1243) Using 6 workers of 6 for evacuation
[4393.273s][info][gc,phases      ] GC(1243)   Pre Evacuate Collection Set: 0.37ms
[4393.273s][info][gc,phases      ] GC(1243)   Merge Heap Roots: 0.69ms
[4393.273s][info][gc,phases      ] GC(1243)   Evacuate Collection Set: 130.61ms
[4393.273s][info][gc,phases      ] GC(1243)   Post Evacuate Collection Set: 0.95ms
[4393.273s][info][gc,phases      ] GC(1243)   Other: 0.09ms
[4393.273s][info][gc,heap        ] GC(1243) Eden regions: 1108->0(1119)
[4393.273s][info][gc,heap        ] GC(1243) Survivor regions: 109->109(153)
[4393.273s][info][gc,heap        ] GC(1243) Old regions: 539->475
[4393.273s][info][gc,heap        ] GC(1243) Humongous regions: 80->80
[4393.273s][info][gc,metaspace   ] GC(1243) Metaspace: 28866K(29312K)->28866K(29312K) NonClass: 23996K(24192K)->23996K(24192K) Class: 4869K(5120K)->4869K(5120K)
[4393.273s][info][gc             ] GC(1243) Pause Young (Mixed) (G1 Evacuation Pause) 3671M->1325M(4096M) 132.832ms
[4393.273s][info][gc,cpu         ] GC(1243) User=0.79s Sys=0.00s Real=0.14s
...[4395.530s][info][gc,start       ] GC(1244) Pause Young (Concurrent Start) (G1 Evacuation Pause)
[4395.530s][info][gc,task        ] GC(1244) Using 6 workers of 6 for evacuation
[4395.651s][info][gc,phases      ] GC(1244)   Pre Evacuate Collection Set: 0.34ms
[4395.651s][info][gc,phases      ] GC(1244)   Merge Heap Roots: 0.46ms
[4395.651s][info][gc,phases      ] GC(1244)   Evacuate Collection Set: 118.60ms
[4395.651s][info][gc,phases      ] GC(1244)   Post Evacuate Collection Set: 0.88ms
[4395.651s][info][gc,phases      ] GC(1244)   Other: 0.12ms
[4395.651s][info][gc,heap        ] GC(1244) Eden regions: 1119->0(1116)
[4395.651s][info][gc,heap        ] GC(1244) Survivor regions: 109->112(154)
[4395.651s][info][gc,heap        ] GC(1244) Old regions: 475->507
[4395.651s][info][gc,heap        ] GC(1244) Humongous regions: 80->80
[4395.651s][info][gc,metaspace   ] GC(1244) Metaspace: 28866K(29312K)->28866K(29312K) NonClass: 23996K(24192K)->23996K(24192K) Class: 4869K(5120K)->4869K(5120K)
[4395.651s][info][gc             ] GC(1244) Pause Young (Concurrent Start) (G1 Evacuation Pause) 3563M->1396M(4096M) 120.528ms
[4395.651s][info][gc             ] GC(1245) Concurrent Mark Cycle
[4395.651s][info][gc,marking     ] GC(1245) Concurrent Scan Root Regions
[4395.651s][info][gc,cpu         ] GC(1244) User=0.71s Sys=0.00s Real=0.12s
[4395.802s][info][gc,marking     ] GC(1245) Concurrent Scan Root Regions 150.805ms
[4395.802s][info][gc,marking     ] GC(1245) Concurrent Mark
[4395.802s][info][gc,marking     ] GC(1245) Concurrent Mark From Roots
[4395.802s][info][gc,task        ] GC(1245) Using 2 workers of 2 for marking
.[4396.573s][info][gc,marking     ] GC(1245) Concurrent Mark From Roots 771.758ms
[4396.573s][info][gc,marking     ] GC(1245) Concurrent Preclean
[4396.574s][info][gc,marking     ] GC(1245) Concurrent Preclean 0.100ms
[4396.577s][info][gc,start       ] GC(1245) Pause Remark
[4396.581s][info][gc             ] GC(1245) Pause Remark 2208M->2208M(4096M) 3.783ms
[4396.581s][info][gc,cpu         ] GC(1245) User=0.02s Sys=0.00s Real=0.00s
[4396.581s][info][gc,marking     ] GC(1245) Concurrent Mark 779.237ms
[4396.581s][info][gc,marking     ] GC(1245) Concurrent Rebuild Remembered Sets and Scrub Regions
[4396.969s][info][gc,marking     ] GC(1245) Concurrent Rebuild Remembered Sets and Scrub Regions 388.266ms
[4396.969s][info][gc,start       ] GC(1245) Pause Cleanup
[4396.969s][info][gc             ] GC(1245) Pause Cleanup 2635M->2635M(4096M) 0.113ms
[4396.969s][info][gc,cpu         ] GC(1245) User=0.00s Sys=0.00s Real=0.00s
[4396.971s][info][gc,marking     ] GC(1245) Concurrent Clear Claimed Marks
[4396.971s][info][gc,marking     ] GC(1245) Concurrent Clear Claimed Marks 0.037ms
[4396.971s][info][gc,marking     ] GC(1245) Concurrent Cleanup for Next Mark
[4396.980s][info][gc,marking     ] GC(1245) Concurrent Cleanup for Next Mark 9.095ms
[4396.980s][info][gc             ] GC(1245) Concurrent Mark Cycle 1329.041ms
.[4397.922s][info][gc,start       ] GC(1246) Pause Young (Prepare Mixed) (G1 Evacuation Pause)
[4397.922s][info][gc,task        ] GC(1246) Using 6 workers of 6 for evacuation
[4398.042s][info][gc,phases      ] GC(1246)   Pre Evacuate Collection Set: 0.33ms
[4398.042s][info][gc,phases      ] GC(1246)   Merge Heap Roots: 0.51ms
[4398.043s][info][gc,phases      ] GC(1246)   Evacuate Collection Set: 118.16ms
[4398.043s][info][gc,phases      ] GC(1246)   Post Evacuate Collection Set: 0.93ms
[4398.043s][info][gc,phases      ] GC(1246)   Other: 0.09ms
[4398.043s][info][gc,heap        ] GC(1246) Eden regions: 1116->0(1104)
[4398.043s][info][gc,heap        ] GC(1246) Survivor regions: 112->111(154)
[4398.043s][info][gc,heap        ] GC(1246) Old regions: 507->539
[4398.043s][info][gc,heap        ] GC(1246) Humongous regions: 80->80
[4398.043s][info][gc,metaspace   ] GC(1246) Metaspace: 28866K(29312K)->28866K(29312K) NonClass: 23996K(24192K)->23996K(24192K) Class: 4869K(5120K)->4869K(5120K)
[4398.043s][info][gc             ] GC(1246) Pause Young (Prepare Mixed) (G1 Evacuation Pause) 3628M->1458M(4096M) 120.148ms
[4398.043s][info][gc,cpu         ] GC(1246) User=0.71s Sys=0.00s Real=0.12s
..[4400.263s][info][gc,start       ] GC(1247) Pause Young (Mixed) (G1 Evacuation Pause)
[4400.263s][info][gc,task        ] GC(1247) Using 6 workers of 6 for evacuation
[4400.397s][info][gc,phases      ] GC(1247)   Pre Evacuate Collection Set: 0.38ms
[4400.397s][info][gc,phases      ] GC(1247)   Merge Heap Roots: 0.69ms
[4400.397s][info][gc,phases      ] GC(1247)   Evacuate Collection Set: 131.61ms
[4400.397s][info][gc,phases      ] GC(1247)   Post Evacuate Collection Set: 0.95ms
[4400.397s][info][gc,phases      ] GC(1247)   Other: 0.09ms
[4400.397s][info][gc,heap        ] GC(1247) Eden regions: 1104->0(1119)
[4400.397s][info][gc,heap        ] GC(1247) Survivor regions: 111->109(152)
[4400.397s][info][gc,heap        ] GC(1247) Old regions: 539->474
[4400.397s][info][gc,heap        ] GC(1247) Humongous regions: 80->80
[4400.397s][info][gc,metaspace   ] GC(1247) Metaspace: 28866K(29312K)->28866K(29312K) NonClass: 23996K(24192K)->23996K(24192K) Class: 4869K(5120K)->4869K(5120K)
[4400.397s][info][gc             ] GC(1247) Pause Young (Mixed) (G1 Evacuation Pause) 3666M->1324M(4096M) 133.861ms
[4400.397s][info][gc,cpu         ] GC(1247) User=0.80s Sys=0.00s Real=0.13s
...[4402.652s][info][gc,start       ] GC(1248) Pause Young (Concurrent Start) (G1 Evacuation Pause)
[4402.653s][info][gc,task        ] GC(1248) Using 6 workers of 6 for evacuation
[4402.770s][info][gc,phases      ] GC(1248)   Pre Evacuate Collection Set: 0.36ms
[4402.770s][info][gc,phases      ] GC(1248)   Merge Heap Roots: 0.45ms
[4402.770s][info][gc,phases      ] GC(1248)   Evacuate Collection Set: 115.81ms
[4402.770s][info][gc,phases      ] GC(1248)   Post Evacuate Collection Set: 0.90ms
[4402.770s][info][gc,phases      ] GC(1248)   Other: 0.11ms
[4402.770s][info][gc,heap        ] GC(1248) Eden regions: 1119->0(1117)
[4402.770s][info][gc,heap        ] GC(1248) Survivor regions: 109->111(154)
[4402.770s][info][gc,heap        ] GC(1248) Old regions: 474->506
[4402.770s][info][gc,heap        ] GC(1248) Humongous regions: 80->80
[4402.770s][info][gc,metaspace   ] GC(1248) Metaspace: 28866K(29312K)->28866K(29312K) NonClass: 23996K(24192K)->23996K(24192K) Class: 4869K(5120K)->4869K(5120K)
[4402.770s][info][gc             ] GC(1248) Pause Young (Concurrent Start) (G1 Evacuation Pause) 3562M->1392M(4096M) 117.811ms
[4402.770s][info][gc             ] GC(1249) Concurrent Mark Cycle
[4402.770s][info][gc,marking     ] GC(1249) Concurrent Scan Root Regions
[4402.770s][info][gc,cpu         ] GC(1248) User=0.69s Sys=0.00s Real=0.11s
[4402.961s][info][gc,marking     ] GC(1249) Concurrent Scan Root Regions 190.355ms
[4402.961s][info][gc,marking     ] GC(1249) Concurrent Mark
[4402.961s][info][gc,marking     ] GC(1249) Concurrent Mark From Roots
[4402.961s][info][gc,task        ] GC(1249) Using 2 workers of 2 for marking
.[4403.926s][info][gc,marking     ] GC(1249) Concurrent Mark From Roots 965.412ms
[4403.926s][info][gc,marking     ] GC(1249) Concurrent Preclean
[4403.926s][info][gc,marking     ] GC(1249) Concurrent Preclean 0.119ms
[4403.929s][info][gc,start       ] GC(1249) Pause Remark
[4403.937s][info][gc             ] GC(1249) Pause Remark 2496M->2496M(4096M) 8.540ms
[4403.938s][info][gc,cpu         ] GC(1249) User=0.04s Sys=0.00s Real=0.01s
[4403.938s][info][gc,marking     ] GC(1249) Concurrent Mark 977.268ms
[4403.938s][info][gc,marking     ] GC(1249) Concurrent Rebuild Remembered Sets and Scrub Regions
[4404.350s][info][gc,marking     ] GC(1249) Concurrent Rebuild Remembered Sets and Scrub Regions 411.476ms
[4404.352s][info][gc,start       ] GC(1249) Pause Cleanup
[4404.352s][info][gc             ] GC(1249) Pause Cleanup 2916M->2916M(4096M) 0.133ms
[4404.352s][info][gc,cpu         ] GC(1249) User=0.00s Sys=0.00s Real=0.00s
[4404.353s][info][gc,marking     ] GC(1249) Concurrent Clear Claimed Marks
[4404.353s][info][gc,marking     ] GC(1249) Concurrent Clear Claimed Marks 0.025ms
[4404.353s][info][gc,marking     ] GC(1249) Concurrent Cleanup for Next Mark
[4404.360s][info][gc,marking     ] GC(1249) Concurrent Cleanup for Next Mark 6.999ms
[4404.360s][info][gc             ] GC(1249) Concurrent Mark Cycle 1589.293ms
.[4405.061s][info][gc,start       ] GC(1250) Pause Young (Prepare Mixed) (G1 Evacuation Pause)
[4405.061s][info][gc,task        ] GC(1250) Using 6 workers of 6 for evacuation
[4405.178s][info][gc,phases      ] GC(1250)   Pre Evacuate Collection Set: 0.34ms
[4405.178s][info][gc,phases      ] GC(1250)   Merge Heap Roots: 0.54ms
[4405.178s][info][gc,phases      ] GC(1250)   Evacuate Collection Set: 114.96ms
[4405.178s][info][gc,phases      ] GC(1250)   Post Evacuate Collection Set: 0.93ms
[4405.178s][info][gc,phases      ] GC(1250)   Other: 0.09ms
[4405.178s][info][gc,heap        ] GC(1250) Eden regions: 1117->0(1112)
[4405.178s][info][gc,heap        ] GC(1250) Survivor regions: 111->108(154)
[4405.178s][info][gc,heap        ] GC(1250) Old regions: 506->537
[4405.178s][info][gc,heap        ] GC(1250) Humongous regions: 80->80
[4405.178s][info][gc,metaspace   ] GC(1250) Metaspace: 28866K(29312K)->28866K(29312K) NonClass: 23996K(24192K)->23996K(24192K) Class: 4869K(5120K)->4869K(5120K)
[4405.178s][info][gc             ] GC(1250) Pause Young (Prepare Mixed) (G1 Evacuation Pause) 3626M->1448M(4096M) 117.002ms
[4405.178s][info][gc,cpu         ] GC(1250) User=0.69s Sys=0.00s Real=0.12s
..[4407.420s][info][gc,start       ] GC(1251) Pause Young (Mixed) (G1 Evacuation Pause)
[4407.420s][info][gc,task        ] GC(1251) Using 6 workers of 6 for evacuation
[4407.558s][info][gc,phases      ] GC(1251)   Pre Evacuate Collection Set: 0.37ms
[4407.558s][info][gc,phases      ] GC(1251)   Merge Heap Roots: 0.71ms
[4407.558s][info][gc,phases      ] GC(1251)   Evacuate Collection Set: 136.07ms
[4407.558s][info][gc,phases      ] GC(1251)   Post Evacuate Collection Set: 0.95ms
[4407.558s][info][gc,phases      ] GC(1251)   Other: 0.09ms
[4407.558s][info][gc,heap        ] GC(1251) Eden regions: 1112->0(1116)
[4407.558s][info][gc,heap        ] GC(1251) Survivor regions: 108->112(153)
[4407.558s][info][gc,heap        ] GC(1251) Old regions: 537->475
[4407.558s][info][gc,heap        ] GC(1251) Humongous regions: 80->80
[4407.558s][info][gc,metaspace   ] GC(1251) Metaspace: 28866K(29312K)->28866K(29312K) NonClass: 23996K(24192K)->23996K(24192K) Class: 4869K(5120K)->4869K(5120K)
[4407.558s][info][gc             ] GC(1251) Pause Young (Mixed) (G1 Evacuation Pause) 3672M->1332M(4096M) 138.346ms
[4407.558s][info][gc,cpu         ] GC(1251) User=0.82s Sys=0.00s Real=0.14s
...[4409.809s][info][gc,start       ] GC(1252) Pause Young (Concurrent Start) (G1 Evacuation Pause)
[4409.809s][info][gc,task        ] GC(1252) Using 6 workers of 6 for evacuation
[4409.930s][info][gc,phases      ] GC(1252)   Pre Evacuate Collection Set: 0.38ms
[4409.930s][info][gc,phases      ] GC(1252)   Merge Heap Roots: 0.47ms
[4409.930s][info][gc,phases      ] GC(1252)   Evacuate Collection Set: 119.05ms
[4409.930s][info][gc,phases      ] GC(1252)   Post Evacuate Collection Set: 0.90ms
[4409.930s][info][gc,phases      ] GC(1252)   Other: 0.11ms
[4409.930s][info][gc,heap        ] GC(1252) Eden regions: 1116->0(1116)
[4409.930s][info][gc,heap        ] GC(1252) Survivor regions: 112->112(154)
[4409.930s][info][gc,heap        ] GC(1252) Old regions: 475->507
[4409.930s][info][gc,heap        ] GC(1252) Humongous regions: 80->80
[4409.930s][info][gc,metaspace   ] GC(1252) Metaspace: 28866K(29312K)->28866K(29312K) NonClass: 23996K(24192K)->23996K(24192K) Class: 4869K(5120K)->4869K(5120K)
[4409.930s][info][gc             ] GC(1252) Pause Young (Concurrent Start) (G1 Evacuation Pause) 3564M->1396M(4096M) 121.070ms
[4409.931s][info][gc             ] GC(1253) Concurrent Mark Cycle
[4409.931s][info][gc,marking     ] GC(1253) Concurrent Scan Root Regions
[4409.931s][info][gc,cpu         ] GC(1252) User=0.72s Sys=0.00s Real=0.12s
[4410.148s][info][gc,marking     ] GC(1253) Concurrent Scan Root Regions 217.357ms
[4410.148s][info][gc,marking     ] GC(1253) Concurrent Mark
[4410.148s][info][gc,marking     ] GC(1253) Concurrent Mark From Roots
[4410.148s][info][gc,task        ] GC(1253) Using 2 workers of 2 for marking
.[4410.866s][info][gc,marking     ] GC(1253) Concurrent Mark From Roots 717.964ms
[4410.866s][info][gc,marking     ] GC(1253) Concurrent Preclean
[4410.866s][info][gc,marking     ] GC(1253) Concurrent Preclean 0.132ms
[4410.867s][info][gc,start       ] GC(1253) Pause Remark
[4410.873s][info][gc             ] GC(1253) Pause Remark 2245M->2245M(4096M) 5.660ms
[4410.873s][info][gc,cpu         ] GC(1253) User=0.03s Sys=0.00s Real=0.01s
[4410.873s][info][gc,marking     ] GC(1253) Concurrent Mark 725.391ms
[4410.873s][info][gc,marking     ] GC(1253) Concurrent Rebuild Remembered Sets and Scrub Regions
[4411.187s][info][gc,marking     ] GC(1253) Concurrent Rebuild Remembered Sets and Scrub Regions 313.443ms
[4411.188s][info][gc,start       ] GC(1253) Pause Cleanup
[4411.188s][info][gc             ] GC(1253) Pause Cleanup 2498M->2498M(4096M) 0.138ms
[4411.188s][info][gc,cpu         ] GC(1253) User=0.00s Sys=0.00s Real=0.00s
[4411.188s][info][gc,marking     ] GC(1253) Concurrent Clear Claimed Marks
[4411.188s][info][gc,marking     ] GC(1253) Concurrent Clear Claimed Marks 0.039ms
[4411.188s][info][gc,marking     ] GC(1253) Concurrent Cleanup for Next Mark
[4411.195s][info][gc,marking     ] GC(1253) Concurrent Cleanup for Next Mark 6.653ms
[4411.195s][info][gc             ] GC(1253) Concurrent Mark Cycle 1264.419ms
.[4412.227s][info][gc,start       ] GC(1254) Pause Young (Prepare Mixed) (G1 Evacuation Pause)
[4412.227s][info][gc,task        ] GC(1254) Using 6 workers of 6 for evacuation
[4412.344s][info][gc,phases      ] GC(1254)   Pre Evacuate Collection Set: 0.34ms
[4412.344s][info][gc,phases      ] GC(1254)   Merge Heap Roots: 0.55ms
[4412.344s][info][gc,phases      ] GC(1254)   Evacuate Collection Set: 114.62ms
[4412.344s][info][gc,phases      ] GC(1254)   Post Evacuate Collection Set: 0.95ms
[4412.344s][info][gc,phases      ] GC(1254)   Other: 0.09ms
[4412.344s][info][gc,heap        ] GC(1254) Eden regions: 1116->0(1110)
[4412.344s][info][gc,heap        ] GC(1254) Survivor regions: 112->108(154)
[4412.344s][info][gc,heap        ] GC(1254) Old regions: 507->539
[4412.344s][info][gc,heap        ] GC(1254) Humongous regions: 80->80
[4412.344s][info][gc,metaspace   ] GC(1254) Metaspace: 28866K(29312K)->28866K(29312K) NonClass: 23996K(24192K)->23996K(24192K) Class: 4869K(5120K)->4869K(5120K)
[4412.344s][info][gc             ] GC(1254) Pause Young (Prepare Mixed) (G1 Evacuation Pause) 3628M->1452M(4096M) 116.690ms
[4412.344s][info][gc,cpu         ] GC(1254) User=0.69s Sys=0.00s Real=0.12s
...[4414.626s][info][gc,start       ] GC(1255) Pause Young (Mixed) (G1 Evacuation Pause)
[4414.626s][info][gc,task        ] GC(1255) Using 6 workers of 6 for evacuation
[4414.763s][info][gc,phases      ] GC(1255)   Pre Evacuate Collection Set: 0.36ms
[4414.763s][info][gc,phases      ] GC(1255)   Merge Heap Roots: 0.68ms
[4414.763s][info][gc,phases      ] GC(1255)   Evacuate Collection Set: 134.38ms
[4414.763s][info][gc,phases      ] GC(1255)   Post Evacuate Collection Set: 0.96ms
[4414.763s][info][gc,phases      ] GC(1255)   Other: 0.09ms
[4414.763s][info][gc,heap        ] GC(1255) Eden regions: 1110->0(1117)
[4414.763s][info][gc,heap        ] GC(1255) Survivor regions: 108->111(153)
[4414.763s][info][gc,heap        ] GC(1255) Old regions: 539->475
[4414.763s][info][gc,heap        ] GC(1255) Humongous regions: 80->80
[4414.763s][info][gc,metaspace   ] GC(1255) Metaspace: 28866K(29312K)->28866K(29312K) NonClass: 23996K(24192K)->23996K(24192K) Class: 4869K(5120K)->4869K(5120K)
[4414.763s][info][gc             ] GC(1255) Pause Young (Mixed) (G1 Evacuation Pause) 3672M->1329M(4096M) 136.623ms
[4414.763s][info][gc,cpu         ] GC(1255) User=0.80s Sys=0.00s Real=0.14s
..[4416.971s][info][gc,start       ] GC(1256) Pause Young (Concurrent Start) (G1 Evacuation Pause)
[4416.971s][info][gc,task        ] GC(1256) Using 6 workers of 6 for evacuation
[4417.086s][info][gc,phases      ] GC(1256)   Pre Evacuate Collection Set: 0.38ms
[4417.086s][info][gc,phases      ] GC(1256)   Merge Heap Roots: 0.48ms
[4417.086s][info][gc,phases      ] GC(1256)   Evacuate Collection Set: 112.47ms
[4417.086s][info][gc,phases      ] GC(1256)   Post Evacuate Collection Set: 0.92ms
[4417.086s][info][gc,phases      ] GC(1256)   Other: 0.11ms
[4417.086s][info][gc,heap        ] GC(1256) Eden regions: 1117->0(1121)
[4417.086s][info][gc,heap        ] GC(1256) Survivor regions: 111->107(154)
[4417.086s][info][gc,heap        ] GC(1256) Old regions: 475->506
[4417.086s][info][gc,heap        ] GC(1256) Humongous regions: 80->80
[4417.086s][info][gc,metaspace   ] GC(1256) Metaspace: 28866K(29312K)->28866K(29312K) NonClass: 23996K(24192K)->23996K(24192K) Class: 4869K(5120K)->4869K(5120K)
[4417.086s][info][gc             ] GC(1256) Pause Young (Concurrent Start) (G1 Evacuation Pause) 3563M->1383M(4096M) 114.503ms
[4417.086s][info][gc             ] GC(1257) Concurrent Mark Cycle
[4417.086s][info][gc,marking     ] GC(1257) Concurrent Scan Root Regions
[4417.086s][info][gc,cpu         ] GC(1256) User=0.68s Sys=0.00s Real=0.12s
[4417.227s][info][gc,marking     ] GC(1257) Concurrent Scan Root Regions 141.515ms
[4417.227s][info][gc,marking     ] GC(1257) Concurrent Mark
[4417.227s][info][gc,marking     ] GC(1257) Concurrent Mark From Roots
[4417.227s][info][gc,task        ] GC(1257) Using 2 workers of 2 for marking
.[4417.973s][info][gc,marking     ] GC(1257) Concurrent Mark From Roots 745.104ms
[4417.973s][info][gc,marking     ] GC(1257) Concurrent Preclean
[4417.973s][info][gc,marking     ] GC(1257) Concurrent Preclean 0.119ms
[4417.974s][info][gc,start       ] GC(1257) Pause Remark
[4417.979s][info][gc             ] GC(1257) Pause Remark 2157M->2157M(4096M) 5.689ms
[4417.979s][info][gc,cpu         ] GC(1257) User=0.03s Sys=0.00s Real=0.00s
[4417.981s][info][gc,marking     ] GC(1257) Concurrent Mark 753.288ms
[4417.981s][info][gc,marking     ] GC(1257) Concurrent Rebuild Remembered Sets and Scrub Regions
[4418.334s][info][gc,marking     ] GC(1257) Concurrent Rebuild Remembered Sets and Scrub Regions 352.861ms
[4418.334s][info][gc,start       ] GC(1257) Pause Cleanup
[4418.335s][info][gc             ] GC(1257) Pause Cleanup 2500M->2500M(4096M) 0.169ms
[4418.335s][info][gc,cpu         ] GC(1257) User=0.00s Sys=0.00s Real=0.00s
[4418.336s][info][gc,marking     ] GC(1257) Concurrent Clear Claimed Marks
[4418.336s][info][gc,marking     ] GC(1257) Concurrent Clear Claimed Marks 0.039ms
[4418.336s][info][gc,marking     ] GC(1257) Concurrent Cleanup for Next Mark
[4418.342s][info][gc,marking     ] GC(1257) Concurrent Cleanup for Next Mark 5.996ms
[4418.342s][info][gc             ] GC(1257) Concurrent Mark Cycle 1256.353ms
.[4419.323s][info][gc,start       ] GC(1258) Pause Young (Prepare Mixed) (G1 Evacuation Pause)
[4419.323s][info][gc,task        ] GC(1258) Using 6 workers of 6 for evacuation
[4419.443s][info][gc,phases      ] GC(1258)   Pre Evacuate Collection Set: 0.36ms
[4419.443s][info][gc,phases      ] GC(1258)   Merge Heap Roots: 0.55ms
[4419.443s][info][gc,phases      ] GC(1258)   Evacuate Collection Set: 117.92ms
[4419.443s][info][gc,phases      ] GC(1258)   Post Evacuate Collection Set: 0.93ms
[4419.443s][info][gc,phases      ] GC(1258)   Other: 0.09ms
[4419.443s][info][gc,heap        ] GC(1258) Eden regions: 1121->0(1105)
[4419.443s][info][gc,heap        ] GC(1258) Survivor regions: 107->111(154)
[4419.443s][info][gc,heap        ] GC(1258) Old regions: 506->538
[4419.443s][info][gc,heap        ] GC(1258) Humongous regions: 80->80
[4419.443s][info][gc,metaspace   ] GC(1258) Metaspace: 28866K(29312K)->28866K(29312K) NonClass: 23996K(24192K)->23996K(24192K) Class: 4869K(5120K)->4869K(5120K)
[4419.443s][info][gc             ] GC(1258) Pause Young (Prepare Mixed) (G1 Evacuation Pause) 3625M->1456M(4096M) 119.990ms
[4419.443s][info][gc,cpu         ] GC(1258) User=0.71s Sys=0.00s Real=0.12s
. (rIR:aIR:PR = 7887:7857:7857) (tPR = 116539) [OK] 
  4419s: Performance info:
         Transaction,    Success,    Partial,     Failed,   Receipts, AvgBarcode, 
             Overall,     472025,          0,          0,     448456,      59.47, 
         Response times:
             Request,    Success,    Partial,     Failed,   SkipFail,     Probes,    Samples,      min,      p50,      p90,      p95,      p99,      max, 
       TotalPurchase,     448469,          0,          0,          0,     349929,     489930,      200,     7200,   115000,   157000,   227000,   425000,
     InStorePurchase,     235729,          0,          0,          0,     184062,     257937,      300,     7100,   114000,   156000,   225000,   425000,
      OnlinePurchase,     164626,          0,          0,          0,     128811,     179929,      200,     7400,   118000,   159000,   227000,   401000,
        InstPurchase,      48114,          0,          0,          0,      37056,      52064,      400,     7100,   113000,   156000,   232000,   392000,
          AssocOfCat,        473,          0,          0,          0,        394,        649,    26000,    51000,   207000,   238500,   339500,   409000,
      AssocOfProduct,       4734,          0,          0,          0,       4248,       6212,      600,     7700,   123700,   160350,   236870,   392000,
      BusinessReport,       1185,          0,          0,          0,       1059,       1635,    28000,    54000,   177000,   217200,   278000,   502000,
          CustBuyBeh,       4732,          0,          0,          0,       4381,       6340,      300,     7400,   119000,   155000,   232000,   388000,
       ProductReturn,      12444,          0,          0,          0,       9547,      13685,      200,     7500,   116000,   156000,   234000,   389000,

  4419s: (58%)   IR =   8025 .[4421.610s][info][gc,start       ] GC(1259) Pause Young (Mixed) (G1 Evacuation Pause)
[4421.610s][info][gc,task        ] GC(1259) Using 6 workers of 6 for evacuation
[4421.748s][info][gc,phases      ] GC(1259)   Pre Evacuate Collection Set: 0.36ms
[4421.748s][info][gc,phases      ] GC(1259)   Merge Heap Roots: 0.65ms
[4421.749s][info][gc,phases      ] GC(1259)   Evacuate Collection Set: 136.61ms
[4421.749s][info][gc,phases      ] GC(1259)   Post Evacuate Collection Set: 0.95ms
[4421.749s][info][gc,phases      ] GC(1259)   Other: 0.09ms
[4421.749s][info][gc,heap        ] GC(1259) Eden regions: 1105->0(1114)
[4421.749s][info][gc,heap        ] GC(1259) Survivor regions: 111->114(152)
[4421.749s][info][gc,heap        ] GC(1259) Old regions: 538->475
[4421.749s][info][gc,heap        ] GC(1259) Humongous regions: 80->80
[4421.749s][info][gc,metaspace   ] GC(1259) Metaspace: 28866K(29312K)->28866K(29312K) NonClass: 23996K(24192K)->23996K(24192K) Class: 4869K(5120K)->4869K(5120K)
[4421.749s][info][gc             ] GC(1259) Pause Young (Mixed) (G1 Evacuation Pause) 3666M->1335M(4096M) 138.794ms
[4421.749s][info][gc,cpu         ] GC(1259) User=0.82s Sys=0.00s Real=0.14s
...[4423.981s][info][gc,start       ] GC(1260) Pause Young (Concurrent Start) (G1 Evacuation Pause)
[4423.981s][info][gc,task        ] GC(1260) Using 6 workers of 6 for evacuation
[4424.098s][info][gc,phases      ] GC(1260)   Pre Evacuate Collection Set: 0.37ms
[4424.098s][info][gc,phases      ] GC(1260)   Merge Heap Roots: 0.45ms
[4424.098s][info][gc,phases      ] GC(1260)   Evacuate Collection Set: 115.06ms
[4424.098s][info][gc,phases      ] GC(1260)   Post Evacuate Collection Set: 0.96ms
[4424.098s][info][gc,phases      ] GC(1260)   Other: 0.10ms
[4424.098s][info][gc,heap        ] GC(1260) Eden regions: 1114->0(1119)
[4424.098s][info][gc,heap        ] GC(1260) Survivor regions: 114->109(154)
[4424.098s][info][gc,heap        ] GC(1260) Old regions: 475->507
[4424.098s][info][gc,heap        ] GC(1260) Humongous regions: 80->80
[4424.098s][info][gc,metaspace   ] GC(1260) Metaspace: 28866K(29312K)->28866K(29312K) NonClass: 23996K(24192K)->23996K(24192K) Class: 4869K(5120K)->4869K(5120K)
[4424.099s][info][gc             ] GC(1260) Pause Young (Concurrent Start) (G1 Evacuation Pause) 3563M->1390M(4096M) 117.077ms
[4424.099s][info][gc             ] GC(1261) Concurrent Mark Cycle
[4424.099s][info][gc,marking     ] GC(1261) Concurrent Scan Root Regions
[4424.099s][info][gc,cpu         ] GC(1260) User=0.69s Sys=0.00s Real=0.12s
[4424.274s][info][gc,marking     ] GC(1261) Concurrent Scan Root Regions 175.065ms
[4424.274s][info][gc,marking     ] GC(1261) Concurrent Mark
[4424.274s][info][gc,marking     ] GC(1261) Concurrent Mark From Roots
[4424.274s][info][gc,task        ] GC(1261) Using 2 workers of 2 for marking
.[4425.282s][info][gc,marking     ] GC(1261) Concurrent Mark From Roots 1008.022ms
[4425.282s][info][gc,marking     ] GC(1261) Concurrent Preclean
[4425.282s][info][gc,marking     ] GC(1261) Concurrent Preclean 0.147ms
[4425.283s][info][gc,start       ] GC(1261) Pause Remark
[4425.292s][info][gc             ] GC(1261) Pause Remark 2520M->2520M(4096M) 8.783ms
[4425.292s][info][gc,cpu         ] GC(1261) User=0.05s Sys=0.00s Real=0.00s
[4425.292s][info][gc,marking     ] GC(1261) Concurrent Mark 1018.373ms
[4425.292s][info][gc,marking     ] GC(1261) Concurrent Rebuild Remembered Sets and Scrub Regions
[4425.672s][info][gc,marking     ] GC(1261) Concurrent Rebuild Remembered Sets and Scrub Regions 380.016ms
[4425.675s][info][gc,start       ] GC(1261) Pause Cleanup
[4425.675s][info][gc             ] GC(1261) Pause Cleanup 2914M->2914M(4096M) 0.133ms
[4425.675s][info][gc,cpu         ] GC(1261) User=0.00s Sys=0.00s Real=0.00s
[4425.675s][info][gc,marking     ] GC(1261) Concurrent Clear Claimed Marks
[4425.675s][info][gc,marking     ] GC(1261) Concurrent Clear Claimed Marks 0.035ms
[4425.675s][info][gc,marking     ] GC(1261) Concurrent Cleanup for Next Mark
[4425.694s][info][gc,marking     ] GC(1261) Concurrent Cleanup for Next Mark 18.724ms
[4425.694s][info][gc             ] GC(1261) Concurrent Mark Cycle 1595.163ms
.[4426.344s][info][gc,start       ] GC(1262) Pause Young (Prepare Mixed) (G1 Evacuation Pause)
[4426.344s][info][gc,task        ] GC(1262) Using 6 workers of 6 for evacuation
[4426.465s][info][gc,phases      ] GC(1262)   Pre Evacuate Collection Set: 0.35ms
[4426.465s][info][gc,phases      ] GC(1262)   Merge Heap Roots: 0.51ms
[4426.465s][info][gc,phases      ] GC(1262)   Evacuate Collection Set: 118.90ms
[4426.465s][info][gc,phases      ] GC(1262)   Post Evacuate Collection Set: 0.93ms
[4426.465s][info][gc,phases      ] GC(1262)   Other: 0.10ms
[4426.465s][info][gc,heap        ] GC(1262) Eden regions: 1119->0(1107)
[4426.465s][info][gc,heap        ] GC(1262) Survivor regions: 109->110(154)
[4426.465s][info][gc,heap        ] GC(1262) Old regions: 507->538
[4426.465s][info][gc,heap        ] GC(1262) Humongous regions: 80->80
[4426.465s][info][gc,metaspace   ] GC(1262) Metaspace: 28866K(29312K)->28866K(29312K) NonClass: 23996K(24192K)->23996K(24192K) Class: 4869K(5120K)->4869K(5120K)
[4426.465s][info][gc             ] GC(1262) Pause Young (Prepare Mixed) (G1 Evacuation Pause) 3628M->1455M(4096M) 120.917ms
[4426.465s][info][gc,cpu         ] GC(1262) User=0.71s Sys=0.00s Real=0.12s
.|.[4428.695s][info][gc,start       ] GC(1263) Pause Young (Mixed) (G1 Evacuation Pause)
[4428.695s][info][gc,task        ] GC(1263) Using 6 workers of 6 for evacuation
[4428.838s][info][gc,phases      ] GC(1263)   Pre Evacuate Collection Set: 0.37ms
[4428.838s][info][gc,phases      ] GC(1263)   Merge Heap Roots: 0.71ms
[4428.838s][info][gc,phases      ] GC(1263)   Evacuate Collection Set: 140.69ms
[4428.838s][info][gc,phases      ] GC(1263)   Post Evacuate Collection Set: 0.97ms
[4428.838s][info][gc,phases      ] GC(1263)   Other: 0.09ms
[4428.838s][info][gc,heap        ] GC(1263) Eden regions: 1107->0(1111)
[4428.838s][info][gc,heap        ] GC(1263) Survivor regions: 110->117(153)
[4428.838s][info][gc,heap        ] GC(1263) Old regions: 538->474
[4428.838s][info][gc,heap        ] GC(1263) Humongous regions: 80->80
[4428.838s][info][gc,metaspace   ] GC(1263) Metaspace: 28866K(29312K)->28866K(29312K) NonClass: 23996K(24192K)->23996K(24192K) Class: 4869K(5120K)->4869K(5120K)
[4428.838s][info][gc             ] GC(1263) Pause Young (Mixed) (G1 Evacuation Pause) 3669M->1340M(4096M) 142.973ms
[4428.838s][info][gc,cpu         ] GC(1263) User=0.84s Sys=0.00s Real=0.14s
...[4430.987s][info][gc,start       ] GC(1264) Pause Young (Concurrent Start) (G1 Evacuation Pause)
[4430.987s][info][gc,task        ] GC(1264) Using 6 workers of 6 for evacuation
[4431.101s][info][gc,phases      ] GC(1264)   Pre Evacuate Collection Set: 0.37ms
[4431.101s][info][gc,phases      ] GC(1264)   Merge Heap Roots: 0.47ms
[4431.101s][info][gc,phases      ] GC(1264)   Evacuate Collection Set: 112.33ms
[4431.101s][info][gc,phases      ] GC(1264)   Post Evacuate Collection Set: 0.87ms
[4431.101s][info][gc,phases      ] GC(1264)   Other: 0.11ms
[4431.101s][info][gc,heap        ] GC(1264) Eden regions: 1111->0(1121)
[4431.101s][info][gc,heap        ] GC(1264) Survivor regions: 117->107(154)
[4431.101s][info][gc,heap        ] GC(1264) Old regions: 474->506
[4431.101s][info][gc,heap        ] GC(1264) Humongous regions: 80->80
[4431.101s][info][gc,metaspace   ] GC(1264) Metaspace: 28866K(29312K)->28866K(29312K) NonClass: 23996K(24192K)->23996K(24192K) Class: 4869K(5120K)->4869K(5120K)
[4431.101s][info][gc             ] GC(1264) Pause Young (Concurrent Start) (G1 Evacuation Pause) 3562M->1384M(4096M) 114.303ms
[4431.101s][info][gc             ] GC(1265) Concurrent Mark Cycle
[4431.101s][info][gc,marking     ] GC(1265) Concurrent Scan Root Regions
[4431.101s][info][gc,cpu         ] GC(1264) User=0.68s Sys=0.00s Real=0.11s
[4431.300s][info][gc,marking     ] GC(1265) Concurrent Scan Root Regions 198.900ms
[4431.300s][info][gc,marking     ] GC(1265) Concurrent Mark
[4431.300s][info][gc,marking     ] GC(1265) Concurrent Mark From Roots
[4431.300s][info][gc,task        ] GC(1265) Using 2 workers of 2 for marking
.[4432.365s][info][gc,marking     ] GC(1265) Concurrent Mark From Roots 1065.254ms
[4432.366s][info][gc,marking     ] GC(1265) Concurrent Preclean
[4432.366s][info][gc,marking     ] GC(1265) Concurrent Preclean 0.119ms
[4432.366s][info][gc,start       ] GC(1265) Pause Remark
[4432.372s][info][gc             ] GC(1265) Pause Remark 2564M->2564M(4096M) 6.440ms
[4432.372s][info][gc,cpu         ] GC(1265) User=0.03s Sys=0.00s Real=0.01s
[4432.372s][info][gc,marking     ] GC(1265) Concurrent Mark 1072.219ms
[4432.372s][info][gc,marking     ] GC(1265) Concurrent Rebuild Remembered Sets and Scrub Regions
[4432.741s][info][gc,marking     ] GC(1265) Concurrent Rebuild Remembered Sets and Scrub Regions 368.883ms
[4432.743s][info][gc,start       ] GC(1265) Pause Cleanup
[4432.743s][info][gc             ] GC(1265) Pause Cleanup 2958M->2958M(4096M) 0.133ms
[4432.743s][info][gc,cpu         ] GC(1265) User=0.00s Sys=0.00s Real=0.00s
[4432.743s][info][gc,marking     ] GC(1265) Concurrent Clear Claimed Marks
[4432.743s][info][gc,marking     ] GC(1265) Concurrent Clear Claimed Marks 0.034ms
[4432.743s][info][gc,marking     ] GC(1265) Concurrent Cleanup for Next Mark
[4432.757s][info][gc,marking     ] GC(1265) Concurrent Cleanup for Next Mark 13.884ms
[4432.757s][info][gc             ] GC(1265) Concurrent Mark Cycle 1656.075ms
.[4433.319s][info][gc,start       ] GC(1266) Pause Young (Prepare Mixed) (G1 Evacuation Pause)
[4433.319s][info][gc,task        ] GC(1266) Using 6 workers of 6 for evacuation
[4433.442s][info][gc,phases      ] GC(1266)   Pre Evacuate Collection Set: 0.31ms
[4433.442s][info][gc,phases      ] GC(1266)   Merge Heap Roots: 0.52ms
[4433.442s][info][gc,phases      ] GC(1266)   Evacuate Collection Set: 120.58ms
[4433.442s][info][gc,phases      ] GC(1266)   Post Evacuate Collection Set: 0.90ms
[4433.442s][info][gc,phases      ] GC(1266)   Other: 0.09ms
[4433.442s][info][gc,heap        ] GC(1266) Eden regions: 1121->0(1100)
[4433.442s][info][gc,heap        ] GC(1266) Survivor regions: 107->114(154)
[4433.442s][info][gc,heap        ] GC(1266) Old regions: 506->537
[4433.442s][info][gc,heap        ] GC(1266) Humongous regions: 80->80
[4433.442s][info][gc,metaspace   ] GC(1266) Metaspace: 28866K(29312K)->28866K(29312K) NonClass: 23996K(24192K)->23996K(24192K) Class: 4869K(5120K)->4869K(5120K)
[4433.442s][info][gc             ] GC(1266) Pause Young (Prepare Mixed) (G1 Evacuation Pause) 3626M->1461M(4096M) 122.545ms
[4433.442s][info][gc,cpu         ] GC(1266) User=0.72s Sys=0.00s Real=0.12s
..[4435.534s][info][gc,start       ] GC(1267) Pause Young (Mixed) (G1 Evacuation Pause)
[4435.534s][info][gc,task        ] GC(1267) Using 6 workers of 6 for evacuation
[4435.671s][info][gc,phases      ] GC(1267)   Pre Evacuate Collection Set: 0.35ms
[4435.671s][info][gc,phases      ] GC(1267)   Merge Heap Roots: 0.61ms
[4435.671s][info][gc,phases      ] GC(1267)   Evacuate Collection Set: 134.65ms
[4435.671s][info][gc,phases      ] GC(1267)   Post Evacuate Collection Set: 0.93ms
[4435.671s][info][gc,phases      ] GC(1267)   Other: 0.08ms
[4435.671s][info][gc,heap        ] GC(1267) Eden regions: 1100->0(1115)
[4435.671s][info][gc,heap        ] GC(1267) Survivor regions: 114->113(152)
[4435.671s][info][gc,heap        ] GC(1267) Old regions: 537->475
[4435.671s][info][gc,heap        ] GC(1267) Humongous regions: 80->80
[4435.671s][info][gc,metaspace   ] GC(1267) Metaspace: 28866K(29312K)->28866K(29312K) NonClass: 23996K(24192K)->23996K(24192K) Class: 4869K(5120K)->4869K(5120K)
[4435.671s][info][gc             ] GC(1267) Pause Young (Mixed) (G1 Evacuation Pause) 3661M->1334M(4096M) 136.771ms
[4435.671s][info][gc,cpu         ] GC(1267) User=0.81s Sys=0.00s Real=0.13s
..[4437.890s][info][gc,start       ] GC(1268) Pause Young (Concurrent Start) (G1 Evacuation Pause)
[4437.890s][info][gc,task        ] GC(1268) Using 6 workers of 6 for evacuation
[4438.011s][info][gc,phases      ] GC(1268)   Pre Evacuate Collection Set: 0.38ms
[4438.011s][info][gc,phases      ] GC(1268)   Merge Heap Roots: 0.45ms
[4438.011s][info][gc,phases      ] GC(1268)   Evacuate Collection Set: 119.07ms
[4438.011s][info][gc,phases      ] GC(1268)   Post Evacuate Collection Set: 0.86ms
[4438.011s][info][gc,phases      ] GC(1268)   Other: 0.13ms
[4438.011s][info][gc,heap        ] GC(1268) Eden regions: 1115->0(1116)
[4438.011s][info][gc,heap        ] GC(1268) Survivor regions: 113->112(154)
[4438.011s][info][gc,heap        ] GC(1268) Old regions: 475->507
[4438.011s][info][gc,heap        ] GC(1268) Humongous regions: 80->80
[4438.011s][info][gc,metaspace   ] GC(1268) Metaspace: 28866K(29312K)->28866K(29312K) NonClass: 23996K(24192K)->23996K(24192K) Class: 4869K(5120K)->4869K(5120K)
[4438.011s][info][gc             ] GC(1268) Pause Young (Concurrent Start) (G1 Evacuation Pause) 3564M->1396M(4096M) 121.023ms
[4438.011s][info][gc             ] GC(1269) Concurrent Mark Cycle
[4438.011s][info][gc,marking     ] GC(1269) Concurrent Scan Root Regions
[4438.011s][info][gc,cpu         ] GC(1268) User=0.72s Sys=0.00s Real=0.12s
.[4438.200s][info][gc,marking     ] GC(1269) Concurrent Scan Root Regions 188.943ms
[4438.200s][info][gc,marking     ] GC(1269) Concurrent Mark
[4438.200s][info][gc,marking     ] GC(1269) Concurrent Mark From Roots
[4438.200s][info][gc,task        ] GC(1269) Using 2 workers of 2 for marking
.[4439.283s][info][gc,marking     ] GC(1269) Concurrent Mark From Roots 1082.655ms
[4439.283s][info][gc,marking     ] GC(1269) Concurrent Preclean
[4439.283s][info][gc,marking     ] GC(1269) Concurrent Preclean 0.091ms
[4439.287s][info][gc,start       ] GC(1269) Pause Remark
[4439.291s][info][gc             ] GC(1269) Pause Remark 2600M->2600M(4096M) 4.569ms
[4439.291s][info][gc,cpu         ] GC(1269) User=0.02s Sys=0.00s Real=0.00s
[4439.292s][info][gc,marking     ] GC(1269) Concurrent Mark 1091.520ms
[4439.292s][info][gc,marking     ] GC(1269) Concurrent Rebuild Remembered Sets and Scrub Regions
[4439.577s][info][gc,marking     ] GC(1269) Concurrent Rebuild Remembered Sets and Scrub Regions 285.305ms
[4439.577s][info][gc,start       ] GC(1269) Pause Cleanup
[4439.577s][info][gc             ] GC(1269) Pause Cleanup 2906M->2906M(4096M) 0.116ms
[4439.577s][info][gc,cpu         ] GC(1269) User=0.00s Sys=0.00s Real=0.00s
[4439.578s][info][gc,marking     ] GC(1269) Concurrent Clear Claimed Marks
[4439.578s][info][gc,marking     ] GC(1269) Concurrent Clear Claimed Marks 0.032ms
[4439.578s][info][gc,marking     ] GC(1269) Concurrent Cleanup for Next Mark
[4439.584s][info][gc,marking     ] GC(1269) Concurrent Cleanup for Next Mark 5.064ms
[4439.584s][info][gc             ] GC(1269) Concurrent Mark Cycle 1572.572ms
.[4440.166s][info][gc,start       ] GC(1270) Pause Young (Prepare Mixed) (G1 Evacuation Pause)
[4440.166s][info][gc,task        ] GC(1270) Using 6 workers of 6 for evacuation
[4440.290s][info][gc,phases      ] GC(1270)   Pre Evacuate Collection Set: 0.32ms
[4440.290s][info][gc,phases      ] GC(1270)   Merge Heap Roots: 0.53ms
[4440.290s][info][gc,phases      ] GC(1270)   Evacuate Collection Set: 122.19ms
[4440.290s][info][gc,phases      ] GC(1270)   Post Evacuate Collection Set: 0.92ms
[4440.290s][info][gc,phases      ] GC(1270)   Other: 0.09ms
[4440.290s][info][gc,heap        ] GC(1270) Eden regions: 1116->0(1097)
[4440.290s][info][gc,heap        ] GC(1270) Survivor regions: 112->115(154)
[4440.290s][info][gc,heap        ] GC(1270) Old regions: 507->538
[4440.290s][info][gc,heap        ] GC(1270) Humongous regions: 80->80
[4440.290s][info][gc,metaspace   ] GC(1270) Metaspace: 28866K(29312K)->28866K(29312K) NonClass: 23996K(24192K)->23996K(24192K) Class: 4869K(5120K)->4869K(5120K)
[4440.290s][info][gc             ] GC(1270) Pause Young (Prepare Mixed) (G1 Evacuation Pause) 3628M->1463M(4096M) 124.189ms
[4440.290s][info][gc,cpu         ] GC(1270) User=0.73s Sys=0.00s Real=0.12s
..[4442.503s][info][gc,start       ] GC(1271) Pause Young (Mixed) (G1 Evacuation Pause)
[4442.503s][info][gc,task        ] GC(1271) Using 6 workers of 6 for evacuation
[4442.638s][info][gc,phases      ] GC(1271)   Pre Evacuate Collection Set: 0.38ms
[4442.638s][info][gc,phases      ] GC(1271)   Merge Heap Roots: 0.70ms
[4442.638s][info][gc,phases      ] GC(1271)   Evacuate Collection Set: 132.92ms
[4442.638s][info][gc,phases      ] GC(1271)   Post Evacuate Collection Set: 0.93ms
[4442.638s][info][gc,phases      ] GC(1271)   Other: 0.09ms
[4442.638s][info][gc,heap        ] GC(1271) Eden regions: 1097->0(1118)
[4442.638s][info][gc,heap        ] GC(1271) Survivor regions: 115->110(152)
[4442.638s][info][gc,heap        ] GC(1271) Old regions: 538->475
[4442.638s][info][gc,heap        ] GC(1271) Humongous regions: 80->80
[4442.638s][info][gc,metaspace   ] GC(1271) Metaspace: 28866K(29312K)->28866K(29312K) NonClass: 23996K(24192K)->23996K(24192K) Class: 4869K(5120K)->4869K(5120K)
[4442.638s][info][gc             ] GC(1271) Pause Young (Mixed) (G1 Evacuation Pause) 3657M->1327M(4096M) 135.140ms
[4442.638s][info][gc,cpu         ] GC(1271) User=0.80s Sys=0.00s Real=0.13s
..[4444.809s][info][gc,start       ] GC(1272) Pause Young (Concurrent Start) (G1 Evacuation Pause)
[4444.809s][info][gc,task        ] GC(1272) Using 6 workers of 6 for evacuation
[4444.931s][info][gc,phases      ] GC(1272)   Pre Evacuate Collection Set: 0.36ms
[4444.931s][info][gc,phases      ] GC(1272)   Merge Heap Roots: 0.48ms
[4444.931s][info][gc,phases      ] GC(1272)   Evacuate Collection Set: 120.67ms
[4444.931s][info][gc,phases      ] GC(1272)   Post Evacuate Collection Set: 0.92ms
[4444.931s][info][gc,phases      ] GC(1272)   Other: 0.10ms
[4444.931s][info][gc,heap        ] GC(1272) Eden regions: 1118->0(1114)
[4444.931s][info][gc,heap        ] GC(1272) Survivor regions: 110->114(154)
[4444.931s][info][gc,heap        ] GC(1272) Old regions: 475->507
[4444.931s][info][gc,heap        ] GC(1272) Humongous regions: 80->80
[4444.931s][info][gc,metaspace   ] GC(1272) Metaspace: 28866K(29312K)->28866K(29312K) NonClass: 23996K(24192K)->23996K(24192K) Class: 4869K(5120K)->4869K(5120K)
[4444.931s][info][gc             ] GC(1272) Pause Young (Concurrent Start) (G1 Evacuation Pause) 3563M->1399M(4096M) 122.680ms
[4444.931s][info][gc             ] GC(1273) Concurrent Mark Cycle
[4444.931s][info][gc,marking     ] GC(1273) Concurrent Scan Root Regions
[4444.931s][info][gc,cpu         ] GC(1272) User=0.72s Sys=0.00s Real=0.12s
[4445.077s][info][gc,marking     ] GC(1273) Concurrent Scan Root Regions 145.435ms
[4445.077s][info][gc,marking     ] GC(1273) Concurrent Mark
[4445.077s][info][gc,marking     ] GC(1273) Concurrent Mark From Roots
[4445.077s][info][gc,task        ] GC(1273) Using 2 workers of 2 for marking
.[4445.796s][info][gc,marking     ] GC(1273) Concurrent Mark From Roots 718.874ms
[4445.796s][info][gc,marking     ] GC(1273) Concurrent Preclean
[4445.796s][info][gc,marking     ] GC(1273) Concurrent Preclean 0.150ms
[4445.797s][info][gc,start       ] GC(1273) Pause Remark
[4445.802s][info][gc             ] GC(1273) Pause Remark 2125M->2125M(4096M) 5.200ms
[4445.802s][info][gc,cpu         ] GC(1273) User=0.03s Sys=0.00s Real=0.01s
[4445.804s][info][gc,marking     ] GC(1273) Concurrent Mark 727.174ms
[4445.804s][info][gc,marking     ] GC(1273) Concurrent Rebuild Remembered Sets and Scrub Regions
[4446.212s][info][gc,marking     ] GC(1273) Concurrent Rebuild Remembered Sets and Scrub Regions 408.150ms
.[4446.215s][info][gc,start       ] GC(1273) Pause Cleanup
[4446.215s][info][gc             ] GC(1273) Pause Cleanup 2565M->2565M(4096M) 0.141ms
[4446.215s][info][gc,cpu         ] GC(1273) User=0.00s Sys=0.00s Real=0.00s
[4446.216s][info][gc,marking     ] GC(1273) Concurrent Clear Claimed Marks
[4446.216s][info][gc,marking     ] GC(1273) Concurrent Clear Claimed Marks 0.036ms
[4446.216s][info][gc,marking     ] GC(1273) Concurrent Cleanup for Next Mark
[4446.221s][info][gc,marking     ] GC(1273) Concurrent Cleanup for Next Mark 4.555ms
[4446.221s][info][gc             ] GC(1273) Concurrent Mark Cycle 1289.370ms
[4447.149s][info][gc,start       ] GC(1274) Pause Young (Prepare Mixed) (G1 Evacuation Pause)
[4447.149s][info][gc,task        ] GC(1274) Using 6 workers of 6 for evacuation
[4447.266s][info][gc,phases      ] GC(1274)   Pre Evacuate Collection Set: 0.33ms
[4447.266s][info][gc,phases      ] GC(1274)   Merge Heap Roots: 0.53ms
[4447.266s][info][gc,phases      ] GC(1274)   Evacuate Collection Set: 114.82ms
[4447.266s][info][gc,phases      ] GC(1274)   Post Evacuate Collection Set: 0.92ms
[4447.266s][info][gc,phases      ] GC(1274)   Other: 0.09ms
[4447.266s][info][gc,heap        ] GC(1274) Eden regions: 1114->0(1110)
[4447.266s][info][gc,heap        ] GC(1274) Survivor regions: 114->108(154)
[4447.266s][info][gc,heap        ] GC(1274) Old regions: 507->539
[4447.266s][info][gc,heap        ] GC(1274) Humongous regions: 80->80
[4447.266s][info][gc,metaspace   ] GC(1274) Metaspace: 28866K(29312K)->28866K(29312K) NonClass: 23996K(24192K)->23996K(24192K) Class: 4869K(5120K)->4869K(5120K)
[4447.266s][info][gc             ] GC(1274) Pause Young (Prepare Mixed) (G1 Evacuation Pause) 3627M->1452M(4096M) 116.817ms
[4447.266s][info][gc,cpu         ] GC(1274) User=0.69s Sys=0.00s Real=0.12s
...[4449.431s][info][gc,start       ] GC(1275) Pause Young (Mixed) (G1 Evacuation Pause)
[4449.431s][info][gc,task        ] GC(1275) Using 6 workers of 6 for evacuation
[4449.564s][info][gc,phases      ] GC(1275)   Pre Evacuate Collection Set: 0.37ms
[4449.564s][info][gc,phases      ] GC(1275)   Merge Heap Roots: 0.69ms
[4449.564s][info][gc,phases      ] GC(1275)   Evacuate Collection Set: 131.14ms
[4449.564s][info][gc,phases      ] GC(1275)   Post Evacuate Collection Set: 0.93ms
[4449.564s][info][gc,phases      ] GC(1275)   Other: 0.08ms
[4449.564s][info][gc,heap        ] GC(1275) Eden regions: 1110->0(1119)
[4449.564s][info][gc,heap        ] GC(1275) Survivor regions: 108->109(153)
[4449.564s][info][gc,heap        ] GC(1275) Old regions: 539->475
[4449.564s][info][gc,heap        ] GC(1275) Humongous regions: 80->80
[4449.564s][info][gc,metaspace   ] GC(1275) Metaspace: 28866K(29312K)->28866K(29312K) NonClass: 23996K(24192K)->23996K(24192K) Class: 4869K(5120K)->4869K(5120K)
[4449.564s][info][gc             ] GC(1275) Pause Young (Mixed) (G1 Evacuation Pause) 3672M->1327M(4096M) 133.358ms
[4449.564s][info][gc,cpu         ] GC(1275) User=0.79s Sys=0.01s Real=0.14s
..[4451.750s][info][gc,start       ] GC(1276) Pause Young (Concurrent Start) (G1 Evacuation Pause)
[4451.750s][info][gc,task        ] GC(1276) Using 6 workers of 6 for evacuation
[4451.872s][info][gc,phases      ] GC(1276)   Pre Evacuate Collection Set: 0.37ms
[4451.872s][info][gc,phases      ] GC(1276)   Merge Heap Roots: 0.48ms
[4451.872s][info][gc,phases      ] GC(1276)   Evacuate Collection Set: 120.15ms
[4451.872s][info][gc,phases      ] GC(1276)   Post Evacuate Collection Set: 0.90ms
[4451.872s][info][gc,phases      ] GC(1276)   Other: 0.10ms
[4451.872s][info][gc,heap        ] GC(1276) Eden regions: 1119->0(1115)
[4451.872s][info][gc,heap        ] GC(1276) Survivor regions: 109->113(154)
[4451.872s][info][gc,heap        ] GC(1276) Old regions: 475->508
[4451.872s][info][gc,heap        ] GC(1276) Humongous regions: 80->80
[4451.872s][info][gc,metaspace   ] GC(1276) Metaspace: 28866K(29312K)->28866K(29312K) NonClass: 23996K(24192K)->23996K(24192K) Class: 4869K(5120K)->4869K(5120K)
[4451.872s][info][gc             ] GC(1276) Pause Young (Concurrent Start) (G1 Evacuation Pause) 3565M->1400M(4096M) 122.131ms
[4451.872s][info][gc             ] GC(1277) Concurrent Mark Cycle
[4451.872s][info][gc,marking     ] GC(1277) Concurrent Scan Root Regions
[4451.872s][info][gc,cpu         ] GC(1276) User=0.72s Sys=0.00s Real=0.13s
[4452.057s][info][gc,marking     ] GC(1277) Concurrent Scan Root Regions 184.346ms
[4452.057s][info][gc,marking     ] GC(1277) Concurrent Mark
[4452.057s][info][gc,marking     ] GC(1277) Concurrent Mark From Roots
[4452.057s][info][gc,task        ] GC(1277) Using 2 workers of 2 for marking
.[4453.078s][info][gc,marking     ] GC(1277) Concurrent Mark From Roots 1021.421ms
[4453.078s][info][gc,marking     ] GC(1277) Concurrent Preclean
[4453.078s][info][gc,marking     ] GC(1277) Concurrent Preclean 0.117ms
[4453.079s][info][gc,start       ] GC(1277) Pause Remark
[4453.087s][info][gc             ] GC(1277) Pause Remark 2522M->2522M(4096M) 7.487ms
[4453.087s][info][gc,cpu         ] GC(1277) User=0.04s Sys=0.00s Real=0.01s
[4453.088s][info][gc,marking     ] GC(1277) Concurrent Mark 1031.045ms
[4453.088s][info][gc,marking     ] GC(1277) Concurrent Rebuild Remembered Sets and Scrub Regions
.[4453.487s][info][gc,marking     ] GC(1277) Concurrent Rebuild Remembered Sets and Scrub Regions 399.243ms
[4453.487s][info][gc,start       ] GC(1277) Pause Cleanup
[4453.487s][info][gc             ] GC(1277) Pause Cleanup 2957M->2957M(4096M) 0.111ms
[4453.487s][info][gc,cpu         ] GC(1277) User=0.00s Sys=0.00s Real=0.00s
[4453.487s][info][gc,marking     ] GC(1277) Concurrent Clear Claimed Marks
[4453.487s][info][gc,marking     ] GC(1277) Concurrent Clear Claimed Marks 0.025ms
[4453.487s][info][gc,marking     ] GC(1277) Concurrent Cleanup for Next Mark
[4453.494s][info][gc,marking     ] GC(1277) Concurrent Cleanup for Next Mark 6.138ms
[4453.494s][info][gc             ] GC(1277) Concurrent Mark Cycle 1621.323ms
[4454.082s][info][gc,start       ] GC(1278) Pause Young (Prepare Mixed) (G1 Evacuation Pause)
[4454.082s][info][gc,task        ] GC(1278) Using 6 workers of 6 for evacuation
[4454.204s][info][gc,phases      ] GC(1278)   Pre Evacuate Collection Set: 0.33ms
[4454.204s][info][gc,phases      ] GC(1278)   Merge Heap Roots: 0.52ms
[4454.204s][info][gc,phases      ] GC(1278)   Evacuate Collection Set: 120.07ms
[4454.204s][info][gc,phases      ] GC(1278)   Post Evacuate Collection Set: 0.96ms
[4454.204s][info][gc,phases      ] GC(1278)   Other: 0.09ms
[4454.204s][info][gc,heap        ] GC(1278) Eden regions: 1115->0(1101)
[4454.204s][info][gc,heap        ] GC(1278) Survivor regions: 113->112(154)
[4454.204s][info][gc,heap        ] GC(1278) Old regions: 508->540
[4454.204s][info][gc,heap        ] GC(1278) Humongous regions: 80->80
[4454.204s][info][gc,metaspace   ] GC(1278) Metaspace: 28866K(29312K)->28866K(29312K) NonClass: 23996K(24192K)->23996K(24192K) Class: 4869K(5120K)->4869K(5120K)
[4454.204s][info][gc             ] GC(1278) Pause Young (Prepare Mixed) (G1 Evacuation Pause) 3630M->1461M(4096M) 122.097ms
[4454.204s][info][gc,cpu         ] GC(1278) User=0.72s Sys=0.00s Real=0.13s
...[4456.450s][info][gc,start       ] GC(1279) Pause Young (Mixed) (G1 Evacuation Pause)
[4456.450s][info][gc,task        ] GC(1279) Using 6 workers of 6 for evacuation
[4456.585s][info][gc,phases      ] GC(1279)   Pre Evacuate Collection Set: 0.38ms
[4456.585s][info][gc,phases      ] GC(1279)   Merge Heap Roots: 0.65ms
[4456.585s][info][gc,phases      ] GC(1279)   Evacuate Collection Set: 132.82ms
[4456.585s][info][gc,phases      ] GC(1279)   Post Evacuate Collection Set: 0.97ms
[4456.585s][info][gc,phases      ] GC(1279)   Other: 0.08ms
[4456.585s][info][gc,heap        ] GC(1279) Eden regions: 1101->0(1117)
[4456.585s][info][gc,heap        ] GC(1279) Survivor regions: 112->111(152)
[4456.585s][info][gc,heap        ] GC(1279) Old regions: 540->476
[4456.585s][info][gc,heap        ] GC(1279) Humongous regions: 80->80
[4456.585s][info][gc,metaspace   ] GC(1279) Metaspace: 28866K(29312K)->28866K(29312K) NonClass: 23996K(24192K)->23996K(24192K) Class: 4869K(5120K)->4869K(5120K)
[4456.585s][info][gc             ] GC(1279) Pause Young (Mixed) (G1 Evacuation Pause) 3663M->1332M(4096M) 135.064ms
[4456.585s][info][gc,cpu         ] GC(1279) User=0.79s Sys=0.00s Real=0.14s
..[4458.821s][info][gc,start       ] GC(1280) Pause Young (Concurrent Start) (G1 Evacuation Pause)
[4458.821s][info][gc,task        ] GC(1280) Using 6 workers of 6 for evacuation
[4458.950s][info][gc,phases      ] GC(1280)   Pre Evacuate Collection Set: 0.38ms
[4458.950s][info][gc,phases      ] GC(1280)   Merge Heap Roots: 0.48ms
[4458.950s][info][gc,phases      ] GC(1280)   Evacuate Collection Set: 126.32ms
[4458.950s][info][gc,phases      ] GC(1280)   Post Evacuate Collection Set: 0.87ms
[4458.950s][info][gc,phases      ] GC(1280)   Other: 0.12ms
[4458.950s][info][gc,heap        ] GC(1280) Eden regions: 1117->0(1109)
[4458.950s][info][gc,heap        ] GC(1280) Survivor regions: 111->119(154)
[4458.950s][info][gc,heap        ] GC(1280) Old regions: 476->508
[4458.950s][info][gc,heap        ] GC(1280) Humongous regions: 80->80
[4458.950s][info][gc,metaspace   ] GC(1280) Metaspace: 28866K(29312K)->28866K(29312K) NonClass: 23996K(24192K)->23996K(24192K) Class: 4869K(5120K)->4869K(5120K)
[4458.950s][info][gc             ] GC(1280) Pause Young (Concurrent Start) (G1 Evacuation Pause) 3566M->1411M(4096M) 128.305ms
[4458.950s][info][gc             ] GC(1281) Concurrent Mark Cycle
[4458.950s][info][gc,marking     ] GC(1281) Concurrent Scan Root Regions
[4458.950s][info][gc,cpu         ] GC(1280) User=0.76s Sys=0.00s Real=0.13s
[4459.139s][info][gc,marking     ] GC(1281) Concurrent Scan Root Regions 189.748ms
[4459.139s][info][gc,marking     ] GC(1281) Concurrent Mark
[4459.139s][info][gc,marking     ] GC(1281) Concurrent Mark From Roots
[4459.139s][info][gc,task        ] GC(1281) Using 2 workers of 2 for marking
.[4459.928s][info][gc,marking     ] GC(1281) Concurrent Mark From Roots 788.841ms
[4459.928s][info][gc,marking     ] GC(1281) Concurrent Preclean
[4459.929s][info][gc,marking     ] GC(1281) Concurrent Preclean 0.173ms
[4459.930s][info][gc,start       ] GC(1281) Pause Remark
[4459.936s][info][gc             ] GC(1281) Pause Remark 2311M->2311M(4096M) 5.790ms
[4459.936s][info][gc,cpu         ] GC(1281) User=0.04s Sys=0.00s Real=0.01s
[4459.937s][info][gc,marking     ] GC(1281) Concurrent Mark 797.411ms
[4459.937s][info][gc,marking     ] GC(1281) Concurrent Rebuild Remembered Sets and Scrub Regions
[4460.267s][info][gc,marking     ] GC(1281) Concurrent Rebuild Remembered Sets and Scrub Regions 330.481ms
[4460.268s][info][gc,start       ] GC(1281) Pause Cleanup
[4460.268s][info][gc             ] GC(1281) Pause Cleanup 2667M->2667M(4096M) 0.110ms
[4460.268s][info][gc,cpu         ] GC(1281) User=0.00s Sys=0.00s Real=0.00s
[4460.268s][info][gc,marking     ] GC(1281) Concurrent Clear Claimed Marks
[4460.268s][info][gc,marking     ] GC(1281) Concurrent Clear Claimed Marks 0.021ms
[4460.268s][info][gc,marking     ] GC(1281) Concurrent Cleanup for Next Mark
[4460.275s][info][gc,marking     ] GC(1281) Concurrent Cleanup for Next Mark 7.371ms
[4460.275s][info][gc             ] GC(1281) Concurrent Mark Cycle 1325.505ms
.[4461.129s][info][gc,start       ] GC(1282) Pause Young (Prepare Mixed) (G1 Evacuation Pause)
[4461.129s][info][gc,task        ] GC(1282) Using 6 workers of 6 for evacuation
[4461.251s][info][gc,phases      ] GC(1282)   Pre Evacuate Collection Set: 0.31ms
[4461.251s][info][gc,phases      ] GC(1282)   Merge Heap Roots: 0.53ms
[4461.251s][info][gc,phases      ] GC(1282)   Evacuate Collection Set: 120.00ms
[4461.251s][info][gc,phases      ] GC(1282)   Post Evacuate Collection Set: 0.91ms
[4461.251s][info][gc,phases      ] GC(1282)   Other: 0.09ms
[4461.251s][info][gc,heap        ] GC(1282) Eden regions: 1109->0(1099)
[4461.251s][info][gc,heap        ] GC(1282) Survivor regions: 119->113(154)
[4461.251s][info][gc,heap        ] GC(1282) Old regions: 508->540
[4461.251s][info][gc,heap        ] GC(1282) Humongous regions: 80->80
[4461.251s][info][gc,metaspace   ] GC(1282) Metaspace: 28866K(29312K)->28866K(29312K) NonClass: 23996K(24192K)->23996K(24192K) Class: 4869K(5120K)->4869K(5120K)
[4461.251s][info][gc             ] GC(1282) Pause Young (Prepare Mixed) (G1 Evacuation Pause) 3629M->1463M(4096M) 121.961ms
[4461.251s][info][gc,cpu         ] GC(1282) User=0.72s Sys=0.00s Real=0.12s
...[4463.459s][info][gc,start       ] GC(1283) Pause Young (Mixed) (G1 Evacuation Pause)
[4463.459s][info][gc,task        ] GC(1283) Using 6 workers of 6 for evacuation
[4463.599s][info][gc,phases      ] GC(1283)   Pre Evacuate Collection Set: 0.35ms
[4463.599s][info][gc,phases      ] GC(1283)   Merge Heap Roots: 0.68ms
[4463.599s][info][gc,phases      ] GC(1283)   Evacuate Collection Set: 138.04ms
[4463.599s][info][gc,phases      ] GC(1283)   Post Evacuate Collection Set: 0.95ms
[4463.599s][info][gc,phases      ] GC(1283)   Other: 0.09ms
[4463.599s][info][gc,heap        ] GC(1283) Eden regions: 1099->0(1114)
[4463.599s][info][gc,heap        ] GC(1283) Survivor regions: 113->114(152)
[4463.599s][info][gc,heap        ] GC(1283) Old regions: 540->474
[4463.599s][info][gc,heap        ] GC(1283) Humongous regions: 80->80
[4463.599s][info][gc,metaspace   ] GC(1283) Metaspace: 28866K(29312K)->28866K(29312K) NonClass: 23996K(24192K)->23996K(24192K) Class: 4869K(5120K)->4869K(5120K)
[4463.599s][info][gc             ] GC(1283) Pause Young (Mixed) (G1 Evacuation Pause) 3661M->1334M(4096M) 140.237ms
[4463.599s][info][gc,cpu         ] GC(1283) User=0.83s Sys=0.00s Real=0.14s
..[4465.815s][info][gc,start       ] GC(1284) Pause Young (Concurrent Start) (G1 Evacuation Pause)
[4465.815s][info][gc,task        ] GC(1284) Using 6 workers of 6 for evacuation
[4465.934s][info][gc,phases      ] GC(1284)   Pre Evacuate Collection Set: 0.37ms
[4465.934s][info][gc,phases      ] GC(1284)   Merge Heap Roots: 0.49ms
[4465.934s][info][gc,phases      ] GC(1284)   Evacuate Collection Set: 117.72ms
[4465.934s][info][gc,phases      ] GC(1284)   Post Evacuate Collection Set: 0.89ms
[4465.934s][info][gc,phases      ] GC(1284)   Other: 0.11ms
[4465.934s][info][gc,heap        ] GC(1284) Eden regions: 1114->0(1116)
[4465.934s][info][gc,heap        ] GC(1284) Survivor regions: 114->112(154)
[4465.934s][info][gc,heap        ] GC(1284) Old regions: 474->506
[4465.934s][info][gc,heap        ] GC(1284) Humongous regions: 80->80
[4465.934s][info][gc,metaspace   ] GC(1284) Metaspace: 28866K(29312K)->28866K(29312K) NonClass: 23996K(24192K)->23996K(24192K) Class: 4869K(5120K)->4869K(5120K)
[4465.934s][info][gc             ] GC(1284) Pause Young (Concurrent Start) (G1 Evacuation Pause) 3562M->1393M(4096M) 119.733ms
[4465.934s][info][gc             ] GC(1285) Concurrent Mark Cycle
[4465.934s][info][gc,marking     ] GC(1285) Concurrent Scan Root Regions
[4465.935s][info][gc,cpu         ] GC(1284) User=0.70s Sys=0.00s Real=0.12s
[4466.123s][info][gc,marking     ] GC(1285) Concurrent Scan Root Regions 188.899ms
[4466.123s][info][gc,marking     ] GC(1285) Concurrent Mark
[4466.123s][info][gc,marking     ] GC(1285) Concurrent Mark From Roots
[4466.123s][info][gc,task        ] GC(1285) Using 2 workers of 2 for marking
.[4467.203s][info][gc,marking     ] GC(1285) Concurrent Mark From Roots 1079.972ms
[4467.203s][info][gc,marking     ] GC(1285) Concurrent Preclean
[4467.204s][info][gc,marking     ] GC(1285) Concurrent Preclean 0.149ms
[4467.204s][info][gc,start       ] GC(1285) Pause Remark
[4467.213s][info][gc             ] GC(1285) Pause Remark 2607M->2607M(4096M) 8.202ms
[4467.213s][info][gc,cpu         ] GC(1285) User=0.05s Sys=0.00s Real=0.01s
[4467.213s][info][gc,marking     ] GC(1285) Concurrent Mark 1089.870ms
[4467.213s][info][gc,marking     ] GC(1285) Concurrent Rebuild Remembered Sets and Scrub Regions
[4467.602s][info][gc,marking     ] GC(1285) Concurrent Rebuild Remembered Sets and Scrub Regions 388.686ms
[4467.602s][info][gc,start       ] GC(1285) Pause Cleanup
[4467.602s][info][gc             ] GC(1285) Pause Cleanup 3009M->3009M(4096M) 0.126ms
[4467.602s][info][gc,cpu         ] GC(1285) User=0.00s Sys=0.00s Real=0.00s
[4467.603s][info][gc,marking     ] GC(1285) Concurrent Clear Claimed Marks
[4467.603s][info][gc,marking     ] GC(1285) Concurrent Clear Claimed Marks 0.033ms
[4467.603s][info][gc,marking     ] GC(1285) Concurrent Cleanup for Next Mark
.[4467.609s][info][gc,marking     ] GC(1285) Concurrent Cleanup for Next Mark 5.338ms
[4467.609s][info][gc             ] GC(1285) Concurrent Mark Cycle 1674.284ms
[4468.193s][info][gc,start       ] GC(1286) Pause Young (Prepare Mixed) (G1 Evacuation Pause)
[4468.193s][info][gc,task        ] GC(1286) Using 6 workers of 6 for evacuation
[4468.312s][info][gc,phases      ] GC(1286)   Pre Evacuate Collection Set: 0.34ms
[4468.312s][info][gc,phases      ] GC(1286)   Merge Heap Roots: 0.60ms
[4468.312s][info][gc,phases      ] GC(1286)   Evacuate Collection Set: 117.34ms
[4468.312s][info][gc,phases      ] GC(1286)   Post Evacuate Collection Set: 0.93ms
[4468.312s][info][gc,phases      ] GC(1286)   Other: 0.09ms
[4468.312s][info][gc,heap        ] GC(1286) Eden regions: 1116->0(1107)
[4468.312s][info][gc,heap        ] GC(1286) Survivor regions: 112->110(154)
[4468.312s][info][gc,heap        ] GC(1286) Old regions: 506->538
[4468.312s][info][gc,heap        ] GC(1286) Humongous regions: 80->80
[4468.312s][info][gc,metaspace   ] GC(1286) Metaspace: 28866K(29312K)->28866K(29312K) NonClass: 23996K(24192K)->23996K(24192K) Class: 4869K(5120K)->4869K(5120K)
[4468.312s][info][gc             ] GC(1286) Pause Young (Prepare Mixed) (G1 Evacuation Pause) 3625M->1453M(4096M) 119.452ms
[4468.312s][info][gc,cpu         ] GC(1286) User=0.70s Sys=0.00s Real=0.12s
..[4470.477s][info][gc,start       ] GC(1287) Pause Young (Mixed) (G1 Evacuation Pause)
[4470.477s][info][gc,task        ] GC(1287) Using 6 workers of 6 for evacuation
[4470.615s][info][gc,phases      ] GC(1287)   Pre Evacuate Collection Set: 0.37ms
[4470.615s][info][gc,phases      ] GC(1287)   Merge Heap Roots: 0.67ms
[4470.615s][info][gc,phases      ] GC(1287)   Evacuate Collection Set: 135.26ms
[4470.615s][info][gc,phases      ] GC(1287)   Post Evacuate Collection Set: 0.94ms
[4470.615s][info][gc,phases      ] GC(1287)   Other: 0.08ms
[4470.615s][info][gc,heap        ] GC(1287) Eden regions: 1107->0(1116)
[4470.615s][info][gc,heap        ] GC(1287) Survivor regions: 110->112(153)
[4470.615s][info][gc,heap        ] GC(1287) Old regions: 538->475
[4470.615s][info][gc,heap        ] GC(1287) Humongous regions: 80->80
[4470.615s][info][gc,metaspace   ] GC(1287) Metaspace: 28866K(29312K)->28866K(29312K) NonClass: 23996K(24192K)->23996K(24192K) Class: 4869K(5120K)->4869K(5120K)
[4470.615s][info][gc             ] GC(1287) Pause Young (Mixed) (G1 Evacuation Pause) 3667M->1332M(4096M) 137.460ms
[4470.615s][info][gc,cpu         ] GC(1287) User=0.82s Sys=0.00s Real=0.14s
...[4472.794s][info][gc,start       ] GC(1288) Pause Young (Concurrent Start) (G1 Evacuation Pause)
[4472.794s][info][gc,task        ] GC(1288) Using 6 workers of 6 for evacuation
[4472.919s][info][gc,phases      ] GC(1288)   Pre Evacuate Collection Set: 0.35ms
[4472.919s][info][gc,phases      ] GC(1288)   Merge Heap Roots: 0.46ms
[4472.919s][info][gc,phases      ] GC(1288)   Evacuate Collection Set: 122.51ms
[4472.919s][info][gc,phases      ] GC(1288)   Post Evacuate Collection Set: 0.90ms
[4472.919s][info][gc,phases      ] GC(1288)   Other: 0.11ms
[4472.919s][info][gc,heap        ] GC(1288) Eden regions: 1116->0(1113)
[4472.919s][info][gc,heap        ] GC(1288) Survivor regions: 112->115(154)
[4472.919s][info][gc,heap        ] GC(1288) Old regions: 475->507
[4472.919s][info][gc,heap        ] GC(1288) Humongous regions: 80->80
[4472.919s][info][gc,metaspace   ] GC(1288) Metaspace: 28866K(29312K)->28866K(29312K) NonClass: 23996K(24192K)->23996K(24192K) Class: 4869K(5120K)->4869K(5120K)
[4472.919s][info][gc             ] GC(1288) Pause Young (Concurrent Start) (G1 Evacuation Pause) 3564M->1401M(4096M) 124.468ms
[4472.919s][info][gc             ] GC(1289) Concurrent Mark Cycle
[4472.919s][info][gc,marking     ] GC(1289) Concurrent Scan Root Regions
[4472.919s][info][gc,cpu         ] GC(1288) User=0.74s Sys=0.00s Real=0.12s
[4473.106s][info][gc,marking     ] GC(1289) Concurrent Scan Root Regions 186.681ms
[4473.106s][info][gc,marking     ] GC(1289) Concurrent Mark
[4473.106s][info][gc,marking     ] GC(1289) Concurrent Mark From Roots
[4473.106s][info][gc,task        ] GC(1289) Using 2 workers of 2 for marking
.[4474.123s][info][gc,marking     ] GC(1289) Concurrent Mark From Roots 1017.066ms
[4474.123s][info][gc,marking     ] GC(1289) Concurrent Preclean
[4474.123s][info][gc,marking     ] GC(1289) Concurrent Preclean 0.150ms
[4474.124s][info][gc,start       ] GC(1289) Pause Remark
[4474.132s][info][gc             ] GC(1289) Pause Remark 2559M->2559M(4096M) 7.392ms
[4474.132s][info][gc,cpu         ] GC(1289) User=0.04s Sys=0.00s Real=0.00s
[4474.132s][info][gc,marking     ] GC(1289) Concurrent Mark 1026.434ms
[4474.132s][info][gc,marking     ] GC(1289) Concurrent Rebuild Remembered Sets and Scrub Regions
[4474.477s][info][gc,marking     ] GC(1289) Concurrent Rebuild Remembered Sets and Scrub Regions 344.521ms
[4474.477s][info][gc,start       ] GC(1289) Pause Cleanup
[4474.477s][info][gc             ] GC(1289) Pause Cleanup 2915M->2915M(4096M) 0.114ms
[4474.477s][info][gc,cpu         ] GC(1289) User=0.00s Sys=0.00s Real=0.00s
[4474.477s][info][gc,marking     ] GC(1289) Concurrent Clear Claimed Marks
[4474.477s][info][gc,marking     ] GC(1289) Concurrent Clear Claimed Marks 0.024ms
[4474.477s][info][gc,marking     ] GC(1289) Concurrent Cleanup for Next Mark
[4474.482s][info][gc,marking     ] GC(1289) Concurrent Cleanup for Next Mark 4.518ms
[4474.482s][info][gc             ] GC(1289) Concurrent Mark Cycle 1562.766ms
.[4475.151s][info][gc,start       ] GC(1290) Pause Young (Prepare Mixed) (G1 Evacuation Pause)
[4475.151s][info][gc,task        ] GC(1290) Using 6 workers of 6 for evacuation
[4475.271s][info][gc,phases      ] GC(1290)   Pre Evacuate Collection Set: 0.34ms
[4475.271s][info][gc,phases      ] GC(1290)   Merge Heap Roots: 0.50ms
[4475.271s][info][gc,phases      ] GC(1290)   Evacuate Collection Set: 118.02ms
[4475.271s][info][gc,phases      ] GC(1290)   Post Evacuate Collection Set: 0.92ms
[4475.271s][info][gc,phases      ] GC(1290)   Other: 0.09ms
[4475.271s][info][gc,heap        ] GC(1290) Eden regions: 1113->0(1104)
[4475.271s][info][gc,heap        ] GC(1290) Survivor regions: 115->111(154)
[4475.271s][info][gc,heap        ] GC(1290) Old regions: 507->539
[4475.271s][info][gc,heap        ] GC(1290) Humongous regions: 80->80
[4475.271s][info][gc,metaspace   ] GC(1290) Metaspace: 28866K(29312K)->28866K(29312K) NonClass: 23996K(24192K)->23996K(24192K) Class: 4869K(5120K)->4869K(5120K)
[4475.271s][info][gc             ] GC(1290) Pause Young (Prepare Mixed) (G1 Evacuation Pause) 3627M->1457M(4096M) 119.994ms
[4475.271s][info][gc,cpu         ] GC(1290) User=0.71s Sys=0.00s Real=0.12s
..[4477.426s][info][gc,start       ] GC(1291) Pause Young (Mixed) (G1 Evacuation Pause)
[4477.426s][info][gc,task        ] GC(1291) Using 6 workers of 6 for evacuation
[4477.559s][info][gc,phases      ] GC(1291)   Pre Evacuate Collection Set: 0.37ms
[4477.559s][info][gc,phases      ] GC(1291)   Merge Heap Roots: 0.63ms
[4477.559s][info][gc,phases      ] GC(1291)   Evacuate Collection Set: 130.44ms
[4477.559s][info][gc,phases      ] GC(1291)   Post Evacuate Collection Set: 0.95ms
[4477.559s][info][gc,phases      ] GC(1291)   Other: 0.09ms
[4477.559s][info][gc,heap        ] GC(1291) Eden regions: 1104->0(1117)
[4477.559s][info][gc,heap        ] GC(1291) Survivor regions: 111->111(152)
[4477.559s][info][gc,heap        ] GC(1291) Old regions: 539->476
[4477.559s][info][gc,heap        ] GC(1291) Humongous regions: 80->80
[4477.559s][info][gc,metaspace   ] GC(1291) Metaspace: 28866K(29312K)->28866K(29312K) NonClass: 23996K(24192K)->23996K(24192K) Class: 4869K(5120K)->4869K(5120K)
[4477.559s][info][gc             ] GC(1291) Pause Young (Mixed) (G1 Evacuation Pause) 3665M->1331M(4096M) 132.602ms
[4477.559s][info][gc,cpu         ] GC(1291) User=0.79s Sys=0.00s Real=0.13s
...[4479.748s][info][gc,start       ] GC(1292) Pause Young (Concurrent Start) (G1 Evacuation Pause)
[4479.748s][info][gc,task        ] GC(1292) Using 6 workers of 6 for evacuation
[4479.869s][info][gc,phases      ] GC(1292)   Pre Evacuate Collection Set: 0.35ms
[4479.869s][info][gc,phases      ] GC(1292)   Merge Heap Roots: 0.44ms
[4479.869s][info][gc,phases      ] GC(1292)   Evacuate Collection Set: 119.36ms
[4479.869s][info][gc,phases      ] GC(1292)   Post Evacuate Collection Set: 0.88ms
[4479.869s][info][gc,phases      ] GC(1292)   Other: 0.11ms
[4479.869s][info][gc,heap        ] GC(1292) Eden regions: 1117->0(1116)
[4479.869s][info][gc,heap        ] GC(1292) Survivor regions: 111->112(154)
[4479.869s][info][gc,heap        ] GC(1292) Old regions: 476->509
[4479.869s][info][gc,heap        ] GC(1292) Humongous regions: 80->80
[4479.869s][info][gc,metaspace   ] GC(1292) Metaspace: 28866K(29312K)->28866K(29312K) NonClass: 23996K(24192K)->23996K(24192K) Class: 4869K(5120K)->4869K(5120K)
[4479.869s][info][gc             ] GC(1292) Pause Young (Concurrent Start) (G1 Evacuation Pause) 3565M->1400M(4096M) 121.285ms
[4479.869s][info][gc             ] GC(1293) Concurrent Mark Cycle
[4479.869s][info][gc,marking     ] GC(1293) Concurrent Scan Root Regions
[4479.869s][info][gc,cpu         ] GC(1292) User=0.72s Sys=0.00s Real=0.12s
[4480.072s][info][gc,marking     ] GC(1293) Concurrent Scan Root Regions 202.497ms
[4480.072s][info][gc,marking     ] GC(1293) Concurrent Mark
[4480.072s][info][gc,marking     ] GC(1293) Concurrent Mark From Roots
[4480.072s][info][gc,task        ] GC(1293) Using 2 workers of 2 for marking
.[4481.082s][info][gc,marking     ] GC(1293) Concurrent Mark From Roots 1009.909ms
[4481.082s][info][gc,marking     ] GC(1293) Concurrent Preclean
[4481.082s][info][gc,marking     ] GC(1293) Concurrent Preclean 0.115ms
[4481.082s][info][gc,start       ] GC(1293) Pause Remark
[4481.089s][info][gc             ] GC(1293) Pause Remark 2588M->2588M(4096M) 7.390ms
[4481.089s][info][gc,cpu         ] GC(1293) User=0.04s Sys=0.00s Real=0.01s
[4481.090s][info][gc,marking     ] GC(1293) Concurrent Mark 1017.759ms
[4481.090s][info][gc,marking     ] GC(1293) Concurrent Rebuild Remembered Sets and Scrub Regions
[4481.446s][info][gc,marking     ] GC(1293) Concurrent Rebuild Remembered Sets and Scrub Regions 356.095ms
[4481.446s][info][gc,start       ] GC(1293) Pause Cleanup
[4481.446s][info][gc             ] GC(1293) Pause Cleanup 2910M->2910M(4096M) 0.122ms
[4481.446s][info][gc,cpu         ] GC(1293) User=0.00s Sys=0.00s Real=0.00s
[4481.446s][info][gc,marking     ] GC(1293) Concurrent Clear Claimed Marks
[4481.446s][info][gc,marking     ] GC(1293) Concurrent Clear Claimed Marks 0.032ms
[4481.446s][info][gc,marking     ] GC(1293) Concurrent Cleanup for Next Mark
[4481.451s][info][gc,marking     ] GC(1293) Concurrent Cleanup for Next Mark 4.847ms
[4481.451s][info][gc             ] GC(1293) Concurrent Mark Cycle 1581.826ms
.[4482.096s][info][gc,start       ] GC(1294) Pause Young (Prepare Mixed) (G1 Evacuation Pause)
[4482.096s][info][gc,task        ] GC(1294) Using 6 workers of 6 for evacuation
[4482.214s][info][gc,phases      ] GC(1294)   Pre Evacuate Collection Set: 0.33ms
[4482.214s][info][gc,phases      ] GC(1294)   Merge Heap Roots: 0.52ms
[4482.214s][info][gc,phases      ] GC(1294)   Evacuate Collection Set: 116.08ms
[4482.214s][info][gc,phases      ] GC(1294)   Post Evacuate Collection Set: 0.90ms
[4482.214s][info][gc,phases      ] GC(1294)   Other: 0.09ms
[4482.214s][info][gc,heap        ] GC(1294) Eden regions: 1116->0(1105)
[4482.214s][info][gc,heap        ] GC(1294) Survivor regions: 112->110(154)
[4482.214s][info][gc,heap        ] GC(1294) Old regions: 509->540
[4482.214s][info][gc,heap        ] GC(1294) Humongous regions: 80->80
[4482.214s][info][gc,metaspace   ] GC(1294) Metaspace: 28866K(29312K)->28866K(29312K) NonClass: 23996K(24192K)->23996K(24192K) Class: 4869K(5120K)->4869K(5120K)
[4482.214s][info][gc             ] GC(1294) Pause Young (Prepare Mixed) (G1 Evacuation Pause) 3632M->1458M(4096M) 118.062ms
[4482.214s][info][gc,cpu         ] GC(1294) User=0.70s Sys=0.00s Real=0.12s
..[4484.435s][info][gc,start       ] GC(1295) Pause Young (Mixed) (G1 Evacuation Pause)
[4484.435s][info][gc,task        ] GC(1295) Using 6 workers of 6 for evacuation
[4484.571s][info][gc,phases      ] GC(1295)   Pre Evacuate Collection Set: 0.39ms
[4484.571s][info][gc,phases      ] GC(1295)   Merge Heap Roots: 0.67ms
[4484.571s][info][gc,phases      ] GC(1295)   Evacuate Collection Set: 133.64ms
[4484.571s][info][gc,phases      ] GC(1295)   Post Evacuate Collection Set: 0.95ms
[4484.571s][info][gc,phases      ] GC(1295)   Other: 0.09ms
[4484.571s][info][gc,heap        ] GC(1295) Eden regions: 1105->0(1117)
[4484.571s][info][gc,heap        ] GC(1295) Survivor regions: 110->111(152)
[4484.571s][info][gc,heap        ] GC(1295) Old regions: 540->475
[4484.571s][info][gc,heap        ] GC(1295) Humongous regions: 80->80
[4484.571s][info][gc,metaspace   ] GC(1295) Metaspace: 28866K(29312K)->28866K(29312K) NonClass: 23996K(24192K)->23996K(24192K) Class: 4869K(5120K)->4869K(5120K)
[4484.571s][info][gc             ] GC(1295) Pause Young (Mixed) (G1 Evacuation Pause) 3668M->1331M(4096M) 135.874ms
[4484.571s][info][gc,cpu         ] GC(1295) User=0.80s Sys=0.00s Real=0.13s
..[4486.731s][info][gc,start       ] GC(1296) Pause Young (Concurrent Start) (G1 Evacuation Pause)
[4486.731s][info][gc,task        ] GC(1296) Using 6 workers of 6 for evacuation
[4486.860s][info][gc,phases      ] GC(1296)   Pre Evacuate Collection Set: 0.33ms
[4486.860s][info][gc,phases      ] GC(1296)   Merge Heap Roots: 0.45ms
[4486.860s][info][gc,phases      ] GC(1296)   Evacuate Collection Set: 126.75ms
[4486.860s][info][gc,phases      ] GC(1296)   Post Evacuate Collection Set: 0.88ms
[4486.860s][info][gc,phases      ] GC(1296)   Other: 0.11ms
[4486.860s][info][gc,heap        ] GC(1296) Eden regions: 1117->0(1111)
[4486.860s][info][gc,heap        ] GC(1296) Survivor regions: 111->117(154)
[4486.860s][info][gc,heap        ] GC(1296) Old regions: 475->506
[4486.860s][info][gc,heap        ] GC(1296) Humongous regions: 80->80
[4486.860s][info][gc,metaspace   ] GC(1296) Metaspace: 28866K(29312K)->28866K(29312K) NonClass: 23996K(24192K)->23996K(24192K) Class: 4869K(5120K)->4869K(5120K)
[4486.860s][info][gc             ] GC(1296) Pause Young (Concurrent Start) (G1 Evacuation Pause) 3565M->1405M(4096M) 128.655ms
[4486.860s][info][gc             ] GC(1297) Concurrent Mark Cycle
[4486.860s][info][gc,marking     ] GC(1297) Concurrent Scan Root Regions
[4486.860s][info][gc,cpu         ] GC(1296) User=0.76s Sys=0.00s Real=0.13s
. (rIR:aIR:PR = 8025:8082:8075) (tPR = 120025) [OK] 
  4486s: Performance info:
         Transaction,    Success,    Partial,     Failed,   Receipts, AvgBarcode, 
             Overall,     485142,          0,          0,     461135,      59.47, 
         Response times:
             Request,    Success,    Partial,     Failed,   SkipFail,     Probes,    Samples,      min,      p50,      p90,      p95,      p99,      max, 
       TotalPurchase,     461638,          0,          0,          0,     351778,     402256,      300,     7200,   107000,   152000,   239000,   520000,
     InStorePurchase,     244374,          0,          0,          0,     185313,     211612,      300,     7100,   107000,   153000,   239000,   520000,
      OnlinePurchase,     169065,          0,          0,          0,     129312,     148141,      300,     7300,   107000,   153000,   238580,   421000,
        InstPurchase,      48199,          0,          0,          0,      37153,      42503,      300,     7000,   107000,   151000,   235000,   385000,
          AssocOfCat,        482,          0,          0,          0,        397,        533,    27000,    51000,   167600,   197300,   308900,   422000,
      AssocOfProduct,       4811,          0,          0,          0,       3263,       3916,      700,     7200,   111000,   152000,   256810,   334000,
      BusinessReport,       1208,          0,          0,          0,       1039,       1307,    28000,    55000,   183200,   236000,   298000,   404000,
          CustBuyBeh,       4848,          0,          0,          0,       3283,       3955,      500,     6800,   106000,   157200,   239000,   315000,
       ProductReturn,      12683,          0,          0,          0,       9766,      11498,      200,     7100,   107000,   150000,   249000,   385000,

  4486s: (59%)   IR =   8164 [4487.032s][info][gc,marking     ] GC(1297) Concurrent Scan Root Regions 172.112ms
[4487.032s][info][gc,marking     ] GC(1297) Concurrent Mark
[4487.032s][info][gc,marking     ] GC(1297) Concurrent Mark From Roots
[4487.032s][info][gc,task        ] GC(1297) Using 2 workers of 2 for marking
[4487.939s][info][gc,marking     ] GC(1297) Concurrent Mark From Roots 907.406ms
[4487.939s][info][gc,marking     ] GC(1297) Concurrent Preclean
[4487.940s][info][gc,marking     ] GC(1297) Concurrent Preclean 0.117ms
[4487.941s][info][gc,start       ] GC(1297) Pause Remark
[4487.948s][info][gc             ] GC(1297) Pause Remark 2357M->2357M(4096M) 7.562ms
[4487.948s][info][gc,cpu         ] GC(1297) User=0.05s Sys=0.00s Real=0.01s
[4487.950s][info][gc,marking     ] GC(1297) Concurrent Mark 917.615ms
[4487.950s][info][gc,marking     ] GC(1297) Concurrent Rebuild Remembered Sets and Scrub Regions
.[4488.319s][info][gc,marking     ] GC(1297) Concurrent Rebuild Remembered Sets and Scrub Regions 369.544ms
[4488.320s][info][gc,start       ] GC(1297) Pause Cleanup
[4488.321s][info][gc             ] GC(1297) Pause Cleanup 2673M->2673M(4096M) 0.120ms
[4488.321s][info][gc,cpu         ] GC(1297) User=0.00s Sys=0.00s Real=0.00s
[4488.321s][info][gc,marking     ] GC(1297) Concurrent Clear Claimed Marks
[4488.321s][info][gc,marking     ] GC(1297) Concurrent Clear Claimed Marks 0.031ms
[4488.321s][info][gc,marking     ] GC(1297) Concurrent Cleanup for Next Mark
[4488.326s][info][gc,marking     ] GC(1297) Concurrent Cleanup for Next Mark 5.444ms
[4488.326s][info][gc             ] GC(1297) Concurrent Mark Cycle 1466.710ms
.[4489.233s][info][gc,start       ] GC(1298) Pause Young (Prepare Mixed) (G1 Evacuation Pause)
[4489.233s][info][gc,task        ] GC(1298) Using 6 workers of 6 for evacuation
[4489.359s][info][gc,phases      ] GC(1298)   Pre Evacuate Collection Set: 0.31ms
[4489.359s][info][gc,phases      ] GC(1298)   Merge Heap Roots: 0.51ms
[4489.359s][info][gc,phases      ] GC(1298)   Evacuate Collection Set: 123.87ms
[4489.359s][info][gc,phases      ] GC(1298)   Post Evacuate Collection Set: 1.01ms
[4489.359s][info][gc,phases      ] GC(1298)   Other: 0.09ms
[4489.359s][info][gc,heap        ] GC(1298) Eden regions: 1111->0(1097)
[4489.359s][info][gc,heap        ] GC(1298) Survivor regions: 117->115(154)
[4489.359s][info][gc,heap        ] GC(1298) Old regions: 506->538
[4489.359s][info][gc,heap        ] GC(1298) Humongous regions: 80->80
[4489.359s][info][gc,metaspace   ] GC(1298) Metaspace: 28867K(29312K)->28867K(29312K) NonClass: 23998K(24192K)->23998K(24192K) Class: 4869K(5120K)->4869K(5120K)
[4489.359s][info][gc             ] GC(1298) Pause Young (Prepare Mixed) (G1 Evacuation Pause) 3627M->1465M(4096M) 125.929ms
[4489.359s][info][gc,cpu         ] GC(1298) User=0.74s Sys=0.00s Real=0.12s
..[4491.427s][info][gc,start       ] GC(1299) Pause Young (Mixed) (G1 Evacuation Pause)
[4491.427s][info][gc,task        ] GC(1299) Using 6 workers of 6 for evacuation
[4491.561s][info][gc,phases      ] GC(1299)   Pre Evacuate Collection Set: 0.33ms
[4491.561s][info][gc,phases      ] GC(1299)   Merge Heap Roots: 0.63ms
[4491.561s][info][gc,phases      ] GC(1299)   Evacuate Collection Set: 132.05ms
[4491.561s][info][gc,phases      ] GC(1299)   Post Evacuate Collection Set: 0.96ms
[4491.561s][info][gc,phases      ] GC(1299)   Other: 0.08ms
[4491.561s][info][gc,heap        ] GC(1299) Eden regions: 1097->0(1116)
[4491.561s][info][gc,heap        ] GC(1299) Survivor regions: 115->112(152)
[4491.561s][info][gc,heap        ] GC(1299) Old regions: 538->474
[4491.561s][info][gc,heap        ] GC(1299) Humongous regions: 80->80
[4491.561s][info][gc,metaspace   ] GC(1299) Metaspace: 28867K(29312K)->28867K(29312K) NonClass: 23998K(24192K)->23998K(24192K) Class: 4869K(5120K)->4869K(5120K)
[4491.561s][info][gc             ] GC(1299) Pause Young (Mixed) (G1 Evacuation Pause) 3659M->1330M(4096M) 134.175ms
[4491.561s][info][gc,cpu         ] GC(1299) User=0.79s Sys=0.00s Real=0.13s
..[4493.732s][info][gc,start       ] GC(1300) Pause Young (Concurrent Start) (G1 Evacuation Pause)
[4493.732s][info][gc,task        ] GC(1300) Using 6 workers of 6 for evacuation
[4493.858s][info][gc,phases      ] GC(1300)   Pre Evacuate Collection Set: 0.39ms
[4493.858s][info][gc,phases      ] GC(1300)   Merge Heap Roots: 0.50ms
[4493.858s][info][gc,phases      ] GC(1300)   Evacuate Collection Set: 124.53ms
[4493.858s][info][gc,phases      ] GC(1300)   Post Evacuate Collection Set: 0.89ms
[4493.858s][info][gc,phases      ] GC(1300)   Other: 0.12ms
[4493.858s][info][gc,heap        ] GC(1300) Eden regions: 1116->0(1112)
[4493.858s][info][gc,heap        ] GC(1300) Survivor regions: 112->116(154)
[4493.858s][info][gc,heap        ] GC(1300) Old regions: 474->506
[4493.858s][info][gc,heap        ] GC(1300) Humongous regions: 80->80
[4493.858s][info][gc,metaspace   ] GC(1300) Metaspace: 28867K(29312K)->28867K(29312K) NonClass: 23998K(24192K)->23998K(24192K) Class: 4869K(5120K)->4869K(5120K)
[4493.858s][info][gc             ] GC(1300) Pause Young (Concurrent Start) (G1 Evacuation Pause) 3562M->1402M(4096M) 126.567ms
[4493.858s][info][gc             ] GC(1301) Concurrent Mark Cycle
[4493.858s][info][gc,marking     ] GC(1301) Concurrent Scan Root Regions
[4493.858s][info][gc,cpu         ] GC(1300) User=0.75s Sys=0.00s Real=0.13s
.[4494.065s][info][gc,marking     ] GC(1301) Concurrent Scan Root Regions 206.345ms
[4494.065s][info][gc,marking     ] GC(1301) Concurrent Mark
[4494.065s][info][gc,marking     ] GC(1301) Concurrent Mark From Roots
[4494.065s][info][gc,task        ] GC(1301) Using 2 workers of 2 for marking
.[4495.165s][info][gc,marking     ] GC(1301) Concurrent Mark From Roots 1100.181ms
[4495.165s][info][gc,marking     ] GC(1301) Concurrent Preclean
[4495.165s][info][gc,marking     ] GC(1301) Concurrent Preclean 0.161ms
[4495.166s][info][gc,start       ] GC(1301) Pause Remark
[4495.172s][info][gc             ] GC(1301) Pause Remark 2576M->2576M(4096M) 5.948ms
[4495.172s][info][gc,cpu         ] GC(1301) User=0.03s Sys=0.00s Real=0.01s
[4495.172s][info][gc,marking     ] GC(1301) Concurrent Mark 1107.659ms
[4495.172s][info][gc,marking     ] GC(1301) Concurrent Rebuild Remembered Sets and Scrub Regions
[4495.543s][info][gc,marking     ] GC(1301) Concurrent Rebuild Remembered Sets and Scrub Regions 370.328ms
[4495.544s][info][gc,start       ] GC(1301) Pause Cleanup
[4495.544s][info][gc             ] GC(1301) Pause Cleanup 2982M->2982M(4096M) 0.136ms
[4495.544s][info][gc,cpu         ] GC(1301) User=0.00s Sys=0.00s Real=0.00s
[4495.545s][info][gc,marking     ] GC(1301) Concurrent Clear Claimed Marks
[4495.545s][info][gc,marking     ] GC(1301) Concurrent Clear Claimed Marks 0.043ms
[4495.545s][info][gc,marking     ] GC(1301) Concurrent Cleanup for Next Mark
[4495.551s][info][gc,marking     ] GC(1301) Concurrent Cleanup for Next Mark 5.607ms
[4495.551s][info][gc             ] GC(1301) Concurrent Mark Cycle 1692.186ms
[4496.073s][info][gc,start       ] GC(1302) Pause Young (Prepare Mixed) (G1 Evacuation Pause)
[4496.073s][info][gc,task        ] GC(1302) Using 6 workers of 6 for evacuation
[4496.193s][info][gc,phases      ] GC(1302)   Pre Evacuate Collection Set: 0.35ms
[4496.193s][info][gc,phases      ] GC(1302)   Merge Heap Roots: 0.49ms
[4496.193s][info][gc,phases      ] GC(1302)   Evacuate Collection Set: 118.50ms
[4496.193s][info][gc,phases      ] GC(1302)   Post Evacuate Collection Set: 0.94ms
[4496.193s][info][gc,phases      ] GC(1302)   Other: 0.09ms
[4496.193s][info][gc,heap        ] GC(1302) Eden regions: 1112->0(1102)
[4496.193s][info][gc,heap        ] GC(1302) Survivor regions: 116->113(154)
[4496.193s][info][gc,heap        ] GC(1302) Old regions: 506->537
[4496.193s][info][gc,heap        ] GC(1302) Humongous regions: 80->80
[4496.193s][info][gc,metaspace   ] GC(1302) Metaspace: 28867K(29312K)->28867K(29312K) NonClass: 23998K(24192K)->23998K(24192K) Class: 4869K(5120K)->4869K(5120K)
[4496.193s][info][gc             ] GC(1302) Pause Young (Prepare Mixed) (G1 Evacuation Pause) 3626M->1458M(4096M) 120.496ms
[4496.194s][info][gc,cpu         ] GC(1302) User=0.71s Sys=0.00s Real=0.12s
...[4498.221s][info][gc,start       ] GC(1303) Pause Young (Mixed) (G1 Evacuation Pause)
[4498.221s][info][gc,task        ] GC(1303) Using 6 workers of 6 for evacuation
[4498.359s][info][gc,phases      ] GC(1303)   Pre Evacuate Collection Set: 0.37ms
[4498.359s][info][gc,phases      ] GC(1303)   Merge Heap Roots: 0.69ms
[4498.359s][info][gc,phases      ] GC(1303)   Evacuate Collection Set: 135.39ms
[4498.359s][info][gc,phases      ] GC(1303)   Post Evacuate Collection Set: 0.97ms
[4498.359s][info][gc,phases      ] GC(1303)   Other: 0.09ms
[4498.359s][info][gc,heap        ] GC(1303) Eden regions: 1102->0(1118)
[4498.359s][info][gc,heap        ] GC(1303) Survivor regions: 113->110(152)
[4498.359s][info][gc,heap        ] GC(1303) Old regions: 537->474
[4498.359s][info][gc,heap        ] GC(1303) Humongous regions: 80->80
[4498.359s][info][gc,metaspace   ] GC(1303) Metaspace: 28867K(29312K)->28867K(29312K) NonClass: 23998K(24192K)->23998K(24192K) Class: 4869K(5120K)->4869K(5120K)
[4498.359s][info][gc             ] GC(1303) Pause Young (Mixed) (G1 Evacuation Pause) 3662M->1326M(4096M) 137.645ms
[4498.359s][info][gc,cpu         ] GC(1303) User=0.82s Sys=0.00s Real=0.14s
..[4500.586s][info][gc,start       ] GC(1304) Pause Young (Concurrent Start) (G1 Evacuation Pause)
[4500.586s][info][gc,task        ] GC(1304) Using 6 workers of 6 for evacuation
[4500.707s][info][gc,phases      ] GC(1304)   Pre Evacuate Collection Set: 0.40ms
[4500.707s][info][gc,phases      ] GC(1304)   Merge Heap Roots: 0.46ms
[4500.707s][info][gc,phases      ] GC(1304)   Evacuate Collection Set: 118.94ms
[4500.707s][info][gc,phases      ] GC(1304)   Post Evacuate Collection Set: 0.89ms
[4500.707s][info][gc,phases      ] GC(1304)   Other: 0.12ms
[4500.707s][info][gc,heap        ] GC(1304) Eden regions: 1118->0(1116)
[4500.707s][info][gc,heap        ] GC(1304) Survivor regions: 110->112(154)
[4500.707s][info][gc,heap        ] GC(1304) Old regions: 474->506
[4500.707s][info][gc,heap        ] GC(1304) Humongous regions: 80->80
[4500.707s][info][gc,metaspace   ] GC(1304) Metaspace: 28867K(29312K)->28867K(29312K) NonClass: 23998K(24192K)->23998K(24192K) Class: 4869K(5120K)->4869K(5120K)
[4500.707s][info][gc             ] GC(1304) Pause Young (Concurrent Start) (G1 Evacuation Pause) 3562M->1394M(4096M) 120.928ms
[4500.707s][info][gc             ] GC(1305) Concurrent Mark Cycle
[4500.707s][info][gc,marking     ] GC(1305) Concurrent Scan Root Regions
[4500.707s][info][gc,cpu         ] GC(1304) User=0.71s Sys=0.00s Real=0.12s
[4500.886s][info][gc,marking     ] GC(1305) Concurrent Scan Root Regions 178.868ms
[4500.886s][info][gc,marking     ] GC(1305) Concurrent Mark
[4500.886s][info][gc,marking     ] GC(1305) Concurrent Mark From Roots
[4500.886s][info][gc,task        ] GC(1305) Using 2 workers of 2 for marking
.[4501.882s][info][gc,marking     ] GC(1305) Concurrent Mark From Roots 995.411ms
[4501.882s][info][gc,marking     ] GC(1305) Concurrent Preclean
[4501.882s][info][gc,marking     ] GC(1305) Concurrent Preclean 0.119ms
[4501.884s][info][gc,start       ] GC(1305) Pause Remark
[4501.890s][info][gc             ] GC(1305) Pause Remark 2506M->2506M(4096M) 5.880ms
[4501.890s][info][gc,cpu         ] GC(1305) User=0.03s Sys=0.00s Real=0.00s
[4501.891s][info][gc,marking     ] GC(1305) Concurrent Mark 1004.571ms
[4501.891s][info][gc,marking     ] GC(1305) Concurrent Rebuild Remembered Sets and Scrub Regions
[4502.308s][info][gc,marking     ] GC(1305) Concurrent Rebuild Remembered Sets and Scrub Regions 416.891ms
[4502.308s][info][gc,start       ] GC(1305) Pause Cleanup
[4502.308s][info][gc             ] GC(1305) Pause Cleanup 2966M->2966M(4096M) 0.133ms
[4502.308s][info][gc,cpu         ] GC(1305) User=0.00s Sys=0.00s Real=0.00s
[4502.308s][info][gc,marking     ] GC(1305) Concurrent Clear Claimed Marks
[4502.308s][info][gc,marking     ] GC(1305) Concurrent Clear Claimed Marks 0.029ms
[4502.308s][info][gc,marking     ] GC(1305) Concurrent Cleanup for Next Mark
[4502.313s][info][gc,marking     ] GC(1305) Concurrent Cleanup for Next Mark 4.786ms
[4502.313s][info][gc             ] GC(1305) Concurrent Mark Cycle 1605.726ms
.[4502.863s][info][gc,start       ] GC(1306) Pause Young (Prepare Mixed) (G1 Evacuation Pause)
[4502.863s][info][gc,task        ] GC(1306) Using 6 workers of 6 for evacuation
[4502.989s][info][gc,phases      ] GC(1306)   Pre Evacuate Collection Set: 0.31ms
[4502.989s][info][gc,phases      ] GC(1306)   Merge Heap Roots: 0.52ms
[4502.989s][info][gc,phases      ] GC(1306)   Evacuate Collection Set: 124.33ms
[4502.989s][info][gc,phases      ] GC(1306)   Post Evacuate Collection Set: 0.93ms
[4502.989s][info][gc,phases      ] GC(1306)   Other: 0.08ms
[4502.989s][info][gc,heap        ] GC(1306) Eden regions: 1116->0(1093)
[4502.989s][info][gc,heap        ] GC(1306) Survivor regions: 112->117(154)
[4502.989s][info][gc,heap        ] GC(1306) Old regions: 506->538
[4502.989s][info][gc,heap        ] GC(1306) Humongous regions: 80->80
[4502.989s][info][gc,metaspace   ] GC(1306) Metaspace: 28867K(29312K)->28867K(29312K) NonClass: 23998K(24192K)->23998K(24192K) Class: 4869K(5120K)->4869K(5120K)
[4502.989s][info][gc             ] GC(1306) Pause Young (Prepare Mixed) (G1 Evacuation Pause) 3626M->1467M(4096M) 126.309ms
[4502.989s][info][gc,cpu         ] GC(1306) User=0.75s Sys=0.00s Real=0.12s
..[4505.099s][info][gc,start       ] GC(1307) Pause Young (Mixed) (G1 Evacuation Pause)
[4505.099s][info][gc,task        ] GC(1307) Using 6 workers of 6 for evacuation
[4505.232s][info][gc,phases      ] GC(1307)   Pre Evacuate Collection Set: 0.36ms
[4505.232s][info][gc,phases      ] GC(1307)   Merge Heap Roots: 0.63ms
[4505.232s][info][gc,phases      ] GC(1307)   Evacuate Collection Set: 131.02ms
[4505.232s][info][gc,phases      ] GC(1307)   Post Evacuate Collection Set: 0.95ms
[4505.232s][info][gc,phases      ] GC(1307)   Other: 0.09ms
[4505.232s][info][gc,heap        ] GC(1307) Eden regions: 1093->0(1119)
[4505.232s][info][gc,heap        ] GC(1307) Survivor regions: 117->109(152)
[4505.232s][info][gc,heap        ] GC(1307) Old regions: 538->477
[4505.232s][info][gc,heap        ] GC(1307) Humongous regions: 80->80
[4505.232s][info][gc,metaspace   ] GC(1307) Metaspace: 28867K(29312K)->28867K(29312K) NonClass: 23998K(24192K)->23998K(24192K) Class: 4869K(5120K)->4869K(5120K)
[4505.232s][info][gc             ] GC(1307) Pause Young (Mixed) (G1 Evacuation Pause) 3653M->1330M(4096M) 133.183ms
[4505.232s][info][gc,cpu         ] GC(1307) User=0.79s Sys=0.00s Real=0.13s
...[4507.386s][info][gc,start       ] GC(1308) Pause Young (Concurrent Start) (G1 Evacuation Pause)
[4507.386s][info][gc,task        ] GC(1308) Using 6 workers of 6 for evacuation
[4507.505s][info][gc,phases      ] GC(1308)   Pre Evacuate Collection Set: 0.38ms
[4507.505s][info][gc,phases      ] GC(1308)   Merge Heap Roots: 0.55ms
[4507.505s][info][gc,phases      ] GC(1308)   Evacuate Collection Set: 117.20ms
[4507.505s][info][gc,phases      ] GC(1308)   Post Evacuate Collection Set: 0.89ms
[4507.505s][info][gc,phases      ] GC(1308)   Other: 0.12ms
[4507.505s][info][gc,heap        ] GC(1308) Eden regions: 1119->0(1117)
[4507.505s][info][gc,heap        ] GC(1308) Survivor regions: 109->111(154)
[4507.505s][info][gc,heap        ] GC(1308) Old regions: 477->509
[4507.505s][info][gc,heap        ] GC(1308) Humongous regions: 80->80
[4507.505s][info][gc,metaspace   ] GC(1308) Metaspace: 28867K(29312K)->28867K(29312K) NonClass: 23998K(24192K)->23998K(24192K) Class: 4869K(5120K)->4869K(5120K)
[4507.505s][info][gc             ] GC(1308) Pause Young (Concurrent Start) (G1 Evacuation Pause) 3568M->1398M(4096M) 119.264ms
[4507.505s][info][gc             ] GC(1309) Concurrent Mark Cycle
[4507.505s][info][gc,marking     ] GC(1309) Concurrent Scan Root Regions
[4507.505s][info][gc,cpu         ] GC(1308) User=0.70s Sys=0.00s Real=0.12s
[4507.750s][info][gc,marking     ] GC(1309) Concurrent Scan Root Regions 244.788ms
[4507.750s][info][gc,marking     ] GC(1309) Concurrent Mark
[4507.750s][info][gc,marking     ] GC(1309) Concurrent Mark From Roots
[4507.750s][info][gc,task        ] GC(1309) Using 2 workers of 2 for marking
.[4508.729s][info][gc,marking     ] GC(1309) Concurrent Mark From Roots 978.648ms
[4508.729s][info][gc,marking     ] GC(1309) Concurrent Preclean
[4508.729s][info][gc,marking     ] GC(1309) Concurrent Preclean 0.149ms
[4508.732s][info][gc,start       ] GC(1309) Pause Remark
[4508.739s][info][gc             ] GC(1309) Pause Remark 2576M->2576M(4096M) 6.823ms
[4508.739s][info][gc,cpu         ] GC(1309) User=0.04s Sys=0.00s Real=0.01s
[4508.739s][info][gc,marking     ] GC(1309) Concurrent Mark 988.427ms
[4508.739s][info][gc,marking     ] GC(1309) Concurrent Rebuild Remembered Sets and Scrub Regions
[4509.157s][info][gc,marking     ] GC(1309) Concurrent Rebuild Remembered Sets and Scrub Regions 418.343ms
[4509.159s][info][gc,start       ] GC(1309) Pause Cleanup
[4509.159s][info][gc             ] GC(1309) Pause Cleanup 2990M->2990M(4096M) 0.142ms
[4509.159s][info][gc,cpu         ] GC(1309) User=0.00s Sys=0.00s Real=0.00s
[4509.159s][info][gc,marking     ] GC(1309) Concurrent Clear Claimed Marks
[4509.159s][info][gc,marking     ] GC(1309) Concurrent Clear Claimed Marks 0.031ms
[4509.159s][info][gc,marking     ] GC(1309) Concurrent Cleanup for Next Mark
[4509.222s][info][gc,marking     ] GC(1309) Concurrent Cleanup for Next Mark 62.608ms
[4509.222s][info][gc             ] GC(1309) Concurrent Mark Cycle 1716.544ms
.|[4509.696s][info][gc,start       ] GC(1310) Pause Young (Prepare Mixed) (G1 Evacuation Pause)
[4509.696s][info][gc,task        ] GC(1310) Using 6 workers of 6 for evacuation
[4509.816s][info][gc,phases      ] GC(1310)   Pre Evacuate Collection Set: 0.32ms
[4509.816s][info][gc,phases      ] GC(1310)   Merge Heap Roots: 0.49ms
[4509.816s][info][gc,phases      ] GC(1310)   Evacuate Collection Set: 118.40ms
[4509.816s][info][gc,phases      ] GC(1310)   Post Evacuate Collection Set: 0.95ms
[4509.816s][info][gc,phases      ] GC(1310)   Other: 0.09ms
[4509.816s][info][gc,heap        ] GC(1310) Eden regions: 1117->0(1100)
[4509.816s][info][gc,heap        ] GC(1310) Survivor regions: 111->112(154)
[4509.816s][info][gc,heap        ] GC(1310) Old regions: 509->541
[4509.816s][info][gc,heap        ] GC(1310) Humongous regions: 80->80
[4509.816s][info][gc,metaspace   ] GC(1310) Metaspace: 28867K(29312K)->28867K(29312K) NonClass: 23998K(24192K)->23998K(24192K) Class: 4869K(5120K)->4869K(5120K)
[4509.816s][info][gc             ] GC(1310) Pause Young (Prepare Mixed) (G1 Evacuation Pause) 3632M->1465M(4096M) 120.385ms
[4509.816s][info][gc,cpu         ] GC(1310) User=0.71s Sys=0.00s Real=0.12s
..[4511.930s][info][gc,start       ] GC(1311) Pause Young (Mixed) (G1 Evacuation Pause)
[4511.930s][info][gc,task        ] GC(1311) Using 6 workers of 6 for evacuation
[4512.073s][info][gc,phases      ] GC(1311)   Pre Evacuate Collection Set: 0.36ms
[4512.073s][info][gc,phases      ] GC(1311)   Merge Heap Roots: 0.66ms
[4512.073s][info][gc,phases      ] GC(1311)   Evacuate Collection Set: 141.11ms
[4512.073s][info][gc,phases      ] GC(1311)   Post Evacuate Collection Set: 0.96ms
[4512.073s][info][gc,phases      ] GC(1311)   Other: 0.09ms
[4512.073s][info][gc,heap        ] GC(1311) Eden regions: 1100->0(1110)
[4512.073s][info][gc,heap        ] GC(1311) Survivor regions: 112->118(152)
[4512.073s][info][gc,heap        ] GC(1311) Old regions: 541->476
[4512.073s][info][gc,heap        ] GC(1311) Humongous regions: 80->80
[4512.073s][info][gc,metaspace   ] GC(1311) Metaspace: 28867K(29312K)->28867K(29312K) NonClass: 23998K(24192K)->23998K(24192K) Class: 4869K(5120K)->4869K(5120K)
[4512.073s][info][gc             ] GC(1311) Pause Young (Mixed) (G1 Evacuation Pause) 3665M->1347M(4096M) 143.313ms
[4512.073s][info][gc,cpu         ] GC(1311) User=0.85s Sys=0.00s Real=0.15s
..[4514.209s][info][gc,start       ] GC(1312) Pause Young (Concurrent Start) (G1 Evacuation Pause)
[4514.209s][info][gc,task        ] GC(1312) Using 6 workers of 6 for evacuation
[4514.330s][info][gc,phases      ] GC(1312)   Pre Evacuate Collection Set: 0.40ms
[4514.330s][info][gc,phases      ] GC(1312)   Merge Heap Roots: 0.47ms
[4514.330s][info][gc,phases      ] GC(1312)   Evacuate Collection Set: 118.69ms
[4514.330s][info][gc,phases      ] GC(1312)   Post Evacuate Collection Set: 0.88ms
[4514.330s][info][gc,phases      ] GC(1312)   Other: 0.11ms
[4514.330s][info][gc,heap        ] GC(1312) Eden regions: 1110->0(1116)
[4514.330s][info][gc,heap        ] GC(1312) Survivor regions: 118->112(154)
[4514.330s][info][gc,heap        ] GC(1312) Old regions: 476->508
[4514.330s][info][gc,heap        ] GC(1312) Humongous regions: 80->80
[4514.330s][info][gc,metaspace   ] GC(1312) Metaspace: 28867K(29312K)->28867K(29312K) NonClass: 23998K(24192K)->23998K(24192K) Class: 4869K(5120K)->4869K(5120K)
[4514.330s][info][gc             ] GC(1312) Pause Young (Concurrent Start) (G1 Evacuation Pause) 3567M->1398M(4096M) 120.684ms
[4514.330s][info][gc             ] GC(1313) Concurrent Mark Cycle
[4514.330s][info][gc,marking     ] GC(1313) Concurrent Scan Root Regions
[4514.330s][info][gc,cpu         ] GC(1312) User=0.72s Sys=0.00s Real=0.12s
[4514.507s][info][gc,marking     ] GC(1313) Concurrent Scan Root Regions 176.870ms
[4514.507s][info][gc,marking     ] GC(1313) Concurrent Mark
[4514.507s][info][gc,marking     ] GC(1313) Concurrent Mark From Roots
[4514.507s][info][gc,task        ] GC(1313) Using 2 workers of 2 for marking
.[4515.346s][info][gc,marking     ] GC(1313) Concurrent Mark From Roots 839.130ms
[4515.346s][info][gc,marking     ] GC(1313) Concurrent Preclean
[4515.346s][info][gc,marking     ] GC(1313) Concurrent Preclean 0.200ms
[4515.348s][info][gc,start       ] GC(1313) Pause Remark
[4515.353s][info][gc             ] GC(1313) Pause Remark 2312M->2312M(4096M) 4.573ms
[4515.353s][info][gc,cpu         ] GC(1313) User=0.02s Sys=0.00s Real=0.01s
[4515.353s][info][gc,marking     ] GC(1313) Concurrent Mark 846.106ms
[4515.353s][info][gc,marking     ] GC(1313) Concurrent Rebuild Remembered Sets and Scrub Regions
.[4515.672s][info][gc,marking     ] GC(1313) Concurrent Rebuild Remembered Sets and Scrub Regions 319.119ms
[4515.673s][info][gc,start       ] GC(1313) Pause Cleanup
[4515.673s][info][gc             ] GC(1313) Pause Cleanup 2652M->2652M(4096M) 0.146ms
[4515.673s][info][gc,cpu         ] GC(1313) User=0.00s Sys=0.00s Real=0.00s
[4515.673s][info][gc,marking     ] GC(1313) Concurrent Clear Claimed Marks
[4515.673s][info][gc,marking     ] GC(1313) Concurrent Clear Claimed Marks 0.026ms
[4515.673s][info][gc,marking     ] GC(1313) Concurrent Cleanup for Next Mark
[4515.703s][info][gc,marking     ] GC(1313) Concurrent Cleanup for Next Mark 29.528ms
[4515.703s][info][gc             ] GC(1313) Concurrent Mark Cycle 1373.064ms
[4516.467s][info][gc,start       ] GC(1314) Pause Young (Prepare Mixed) (G1 Evacuation Pause)
[4516.468s][info][gc,task        ] GC(1314) Using 6 workers of 6 for evacuation
[4516.584s][info][gc,phases      ] GC(1314)   Pre Evacuate Collection Set: 0.33ms
[4516.584s][info][gc,phases      ] GC(1314)   Merge Heap Roots: 0.49ms
[4516.584s][info][gc,phases      ] GC(1314)   Evacuate Collection Set: 115.04ms
[4516.584s][info][gc,phases      ] GC(1314)   Post Evacuate Collection Set: 0.92ms
[4516.584s][info][gc,phases      ] GC(1314)   Other: 0.09ms
[4516.584s][info][gc,heap        ] GC(1314) Eden regions: 1116->0(1105)
[4516.584s][info][gc,heap        ] GC(1314) Survivor regions: 112->110(154)
[4516.584s][info][gc,heap        ] GC(1314) Old regions: 508->540
[4516.584s][info][gc,heap        ] GC(1314) Humongous regions: 80->80
[4516.584s][info][gc,metaspace   ] GC(1314) Metaspace: 28867K(29312K)->28867K(29312K) NonClass: 23998K(24192K)->23998K(24192K) Class: 4869K(5120K)->4869K(5120K)
[4516.584s][info][gc             ] GC(1314) Pause Young (Prepare Mixed) (G1 Evacuation Pause) 3630M->1457M(4096M) 116.992ms
[4516.584s][info][gc,cpu         ] GC(1314) User=0.70s Sys=0.00s Real=0.12s
...[4518.734s][info][gc,start       ] GC(1315) Pause Young (Mixed) (G1 Evacuation Pause)
[4518.734s][info][gc,task        ] GC(1315) Using 6 workers of 6 for evacuation
[4518.870s][info][gc,phases      ] GC(1315)   Pre Evacuate Collection Set: 0.38ms
[4518.870s][info][gc,phases      ] GC(1315)   Merge Heap Roots: 0.62ms
[4518.870s][info][gc,phases      ] GC(1315)   Evacuate Collection Set: 133.92ms
[4518.870s][info][gc,phases      ] GC(1315)   Post Evacuate Collection Set: 0.92ms
[4518.870s][info][gc,phases      ] GC(1315)   Other: 0.09ms
[4518.870s][info][gc,heap        ] GC(1315) Eden regions: 1105->0(1115)
[4518.870s][info][gc,heap        ] GC(1315) Survivor regions: 110->113(152)
[4518.870s][info][gc,heap        ] GC(1315) Old regions: 540->474
[4518.870s][info][gc,heap        ] GC(1315) Humongous regions: 80->80
[4518.870s][info][gc,metaspace   ] GC(1315) Metaspace: 28867K(29312K)->28867K(29312K) NonClass: 23998K(24192K)->23998K(24192K) Class: 4869K(5120K)->4869K(5120K)
[4518.870s][info][gc             ] GC(1315) Pause Young (Mixed) (G1 Evacuation Pause) 3667M->1332M(4096M) 136.056ms
[4518.870s][info][gc,cpu         ] GC(1315) User=0.81s Sys=0.00s Real=0.13s
..[4521.038s][info][gc,start       ] GC(1316) Pause Young (Concurrent Start) (G1 Evacuation Pause)
[4521.038s][info][gc,task        ] GC(1316) Using 6 workers of 6 for evacuation
[4521.162s][info][gc,phases      ] GC(1316)   Pre Evacuate Collection Set: 0.38ms
[4521.162s][info][gc,phases      ] GC(1316)   Merge Heap Roots: 0.47ms
[4521.162s][info][gc,phases      ] GC(1316)   Evacuate Collection Set: 122.17ms
[4521.162s][info][gc,phases      ] GC(1316)   Post Evacuate Collection Set: 0.89ms
[4521.162s][info][gc,phases      ] GC(1316)   Other: 0.11ms
[4521.162s][info][gc,heap        ] GC(1316) Eden regions: 1115->0(1115)
[4521.162s][info][gc,heap        ] GC(1316) Survivor regions: 113->113(154)
[4521.162s][info][gc,heap        ] GC(1316) Old regions: 474->507
[4521.162s][info][gc,heap        ] GC(1316) Humongous regions: 80->80
[4521.162s][info][gc,metaspace   ] GC(1316) Metaspace: 28867K(29312K)->28867K(29312K) NonClass: 23998K(24192K)->23998K(24192K) Class: 4869K(5120K)->4869K(5120K)
[4521.162s][info][gc             ] GC(1316) Pause Young (Concurrent Start) (G1 Evacuation Pause) 3562M->1397M(4096M) 124.143ms
[4521.162s][info][gc             ] GC(1317) Concurrent Mark Cycle
[4521.162s][info][gc,marking     ] GC(1317) Concurrent Scan Root Regions
[4521.162s][info][gc,cpu         ] GC(1316) User=0.73s Sys=0.00s Real=0.13s
[4521.325s][info][gc,marking     ] GC(1317) Concurrent Scan Root Regions 162.963ms
[4521.325s][info][gc,marking     ] GC(1317) Concurrent Mark
[4521.325s][info][gc,marking     ] GC(1317) Concurrent Mark From Roots
[4521.325s][info][gc,task        ] GC(1317) Using 2 workers of 2 for marking
.[4522.116s][info][gc,marking     ] GC(1317) Concurrent Mark From Roots 790.552ms
[4522.116s][info][gc,marking     ] GC(1317) Concurrent Preclean
[4522.116s][info][gc,marking     ] GC(1317) Concurrent Preclean 0.127ms
[4522.118s][info][gc,start       ] GC(1317) Pause Remark
[4522.125s][info][gc             ] GC(1317) Pause Remark 2245M->2245M(4096M) 6.769ms
[4522.125s][info][gc,cpu         ] GC(1317) User=0.04s Sys=0.00s Real=0.01s
[4522.127s][info][gc,marking     ] GC(1317) Concurrent Mark 801.426ms
[4522.127s][info][gc,marking     ] GC(1317) Concurrent Rebuild Remembered Sets and Scrub Regions
[4522.413s][info][gc,marking     ] GC(1317) Concurrent Rebuild Remembered Sets and Scrub Regions 286.131ms
[4522.413s][info][gc,start       ] GC(1317) Pause Cleanup
[4522.413s][info][gc             ] GC(1317) Pause Cleanup 2549M->2549M(4096M) 0.120ms
[4522.413s][info][gc,cpu         ] GC(1317) User=0.00s Sys=0.00s Real=0.00s
[4522.415s][info][gc,marking     ] GC(1317) Concurrent Clear Claimed Marks
[4522.415s][info][gc,marking     ] GC(1317) Concurrent Clear Claimed Marks 0.053ms
[4522.415s][info][gc,marking     ] GC(1317) Concurrent Cleanup for Next Mark
[4522.421s][info][gc,marking     ] GC(1317) Concurrent Cleanup for Next Mark 6.054ms
[4522.421s][info][gc             ] GC(1317) Concurrent Mark Cycle 1259.296ms
.[4523.323s][info][gc,start       ] GC(1318) Pause Young (Prepare Mixed) (G1 Evacuation Pause)
[4523.323s][info][gc,task        ] GC(1318) Using 6 workers of 6 for evacuation
[4523.442s][info][gc,phases      ] GC(1318)   Pre Evacuate Collection Set: 0.32ms
[4523.442s][info][gc,phases      ] GC(1318)   Merge Heap Roots: 0.54ms
[4523.442s][info][gc,phases      ] GC(1318)   Evacuate Collection Set: 117.86ms
[4523.442s][info][gc,phases      ] GC(1318)   Post Evacuate Collection Set: 0.94ms
[4523.442s][info][gc,phases      ] GC(1318)   Other: 0.09ms
[4523.442s][info][gc,heap        ] GC(1318) Eden regions: 1115->0(1105)
[4523.442s][info][gc,heap        ] GC(1318) Survivor regions: 113->111(154)
[4523.442s][info][gc,heap        ] GC(1318) Old regions: 507->538
[4523.442s][info][gc,heap        ] GC(1318) Humongous regions: 80->80
[4523.442s][info][gc,metaspace   ] GC(1318) Metaspace: 28867K(29312K)->28867K(29312K) NonClass: 23998K(24192K)->23998K(24192K) Class: 4869K(5120K)->4869K(5120K)
[4523.442s][info][gc             ] GC(1318) Pause Young (Prepare Mixed) (G1 Evacuation Pause) 3627M->1457M(4096M) 119.910ms
[4523.442s][info][gc,cpu         ] GC(1318) User=0.71s Sys=0.00s Real=0.12s
..[4525.595s][info][gc,start       ] GC(1319) Pause Young (Mixed) (G1 Evacuation Pause)
[4525.595s][info][gc,task        ] GC(1319) Using 6 workers of 6 for evacuation
[4525.732s][info][gc,phases      ] GC(1319)   Pre Evacuate Collection Set: 0.40ms
[4525.732s][info][gc,phases      ] GC(1319)   Merge Heap Roots: 0.72ms
[4525.732s][info][gc,phases      ] GC(1319)   Evacuate Collection Set: 135.06ms
[4525.732s][info][gc,phases      ] GC(1319)   Post Evacuate Collection Set: 0.94ms
[4525.732s][info][gc,phases      ] GC(1319)   Other: 0.09ms
[4525.732s][info][gc,heap        ] GC(1319) Eden regions: 1105->0(1117)
[4525.732s][info][gc,heap        ] GC(1319) Survivor regions: 111->111(152)
[4525.732s][info][gc,heap        ] GC(1319) Old regions: 538->475
[4525.732s][info][gc,heap        ] GC(1319) Humongous regions: 80->80
[4525.732s][info][gc,metaspace   ] GC(1319) Metaspace: 28867K(29312K)->28867K(29312K) NonClass: 23998K(24192K)->23998K(24192K) Class: 4869K(5120K)->4869K(5120K)
[4525.732s][info][gc             ] GC(1319) Pause Young (Mixed) (G1 Evacuation Pause) 3667M->1330M(4096M) 137.344ms
[4525.732s][info][gc,cpu         ] GC(1319) User=0.81s Sys=0.00s Real=0.14s
...[4527.890s][info][gc,start       ] GC(1320) Pause Young (Concurrent Start) (G1 Evacuation Pause)
[4527.890s][info][gc,task        ] GC(1320) Using 6 workers of 6 for evacuation
[4528.014s][info][gc,phases      ] GC(1320)   Pre Evacuate Collection Set: 0.33ms
[4528.014s][info][gc,phases      ] GC(1320)   Merge Heap Roots: 0.45ms
[4528.014s][info][gc,phases      ] GC(1320)   Evacuate Collection Set: 122.86ms
[4528.014s][info][gc,phases      ] GC(1320)   Post Evacuate Collection Set: 0.86ms
[4528.014s][info][gc,phases      ] GC(1320)   Other: 0.10ms
[4528.014s][info][gc,heap        ] GC(1320) Eden regions: 1117->0(1111)
[4528.014s][info][gc,heap        ] GC(1320) Survivor regions: 111->117(154)
[4528.014s][info][gc,heap        ] GC(1320) Old regions: 475->506
[4528.014s][info][gc,heap        ] GC(1320) Humongous regions: 80->80
[4528.014s][info][gc,metaspace   ] GC(1320) Metaspace: 28867K(29312K)->28867K(29312K) NonClass: 23998K(24192K)->23998K(24192K) Class: 4869K(5120K)->4869K(5120K)
[4528.014s][info][gc             ] GC(1320) Pause Young (Concurrent Start) (G1 Evacuation Pause) 3564M->1404M(4096M) 124.727ms
[4528.014s][info][gc             ] GC(1321) Concurrent Mark Cycle
[4528.014s][info][gc,marking     ] GC(1321) Concurrent Scan Root Regions
[4528.014s][info][gc,cpu         ] GC(1320) User=0.73s Sys=0.00s Real=0.13s
[4528.170s][info][gc,marking     ] GC(1321) Concurrent Scan Root Regions 155.684ms
[4528.170s][info][gc,marking     ] GC(1321) Concurrent Mark
[4528.170s][info][gc,marking     ] GC(1321) Concurrent Mark From Roots
[4528.170s][info][gc,task        ] GC(1321) Using 2 workers of 2 for marking
.[4528.942s][info][gc,marking     ] GC(1321) Concurrent Mark From Roots 771.742ms
[4528.942s][info][gc,marking     ] GC(1321) Concurrent Preclean
[4528.942s][info][gc,marking     ] GC(1321) Concurrent Preclean 0.156ms
[4528.944s][info][gc,start       ] GC(1321) Pause Remark
[4528.948s][info][gc             ] GC(1321) Pause Remark 2262M->2262M(4096M) 4.539ms
[4528.948s][info][gc,cpu         ] GC(1321) User=0.03s Sys=0.00s Real=0.00s
[4528.948s][info][gc,marking     ] GC(1321) Concurrent Mark 778.251ms
[4528.948s][info][gc,marking     ] GC(1321) Concurrent Rebuild Remembered Sets and Scrub Regions
[4529.264s][info][gc,marking     ] GC(1321) Concurrent Rebuild Remembered Sets and Scrub Regions 315.736ms
[4529.266s][info][gc,start       ] GC(1321) Pause Cleanup
[4529.266s][info][gc             ] GC(1321) Pause Cleanup 2532M->2532M(4096M) 0.135ms
[4529.266s][info][gc,cpu         ] GC(1321) User=0.00s Sys=0.00s Real=0.00s
[4529.267s][info][gc,marking     ] GC(1321) Concurrent Clear Claimed Marks
[4529.267s][info][gc,marking     ] GC(1321) Concurrent Clear Claimed Marks 0.030ms
[4529.267s][info][gc,marking     ] GC(1321) Concurrent Cleanup for Next Mark
[4529.272s][info][gc,marking     ] GC(1321) Concurrent Cleanup for Next Mark 4.842ms
[4529.272s][info][gc             ] GC(1321) Concurrent Mark Cycle 1257.483ms
.[4530.217s][info][gc,start       ] GC(1322) Pause Young (Prepare Mixed) (G1 Evacuation Pause)
[4530.217s][info][gc,task        ] GC(1322) Using 6 workers of 6 for evacuation
[4530.336s][info][gc,phases      ] GC(1322)   Pre Evacuate Collection Set: 0.34ms
[4530.336s][info][gc,phases      ] GC(1322)   Merge Heap Roots: 0.53ms
[4530.336s][info][gc,phases      ] GC(1322)   Evacuate Collection Set: 117.60ms
[4530.336s][info][gc,phases      ] GC(1322)   Post Evacuate Collection Set: 0.91ms
[4530.336s][info][gc,phases      ] GC(1322)   Other: 0.09ms
[4530.336s][info][gc,heap        ] GC(1322) Eden regions: 1111->0(1105)
[4530.336s][info][gc,heap        ] GC(1322) Survivor regions: 117->111(154)
[4530.336s][info][gc,heap        ] GC(1322) Old regions: 506->538
[4530.336s][info][gc,heap        ] GC(1322) Humongous regions: 80->80
[4530.336s][info][gc,metaspace   ] GC(1322) Metaspace: 28867K(29312K)->28867K(29312K) NonClass: 23998K(24192K)->23998K(24192K) Class: 4869K(5120K)->4869K(5120K)
[4530.336s][info][gc             ] GC(1322) Pause Young (Prepare Mixed) (G1 Evacuation Pause) 3626M->1456M(4096M) 119.601ms
[4530.337s][info][gc,cpu         ] GC(1322) User=0.70s Sys=0.00s Real=0.12s
..[4532.501s][info][gc,start       ] GC(1323) Pause Young (Mixed) (G1 Evacuation Pause)
[4532.501s][info][gc,task        ] GC(1323) Using 6 workers of 6 for evacuation
[4532.634s][info][gc,phases      ] GC(1323)   Pre Evacuate Collection Set: 0.39ms
[4532.634s][info][gc,phases      ] GC(1323)   Merge Heap Roots: 0.71ms
[4532.634s][info][gc,phases      ] GC(1323)   Evacuate Collection Set: 130.54ms
[4532.634s][info][gc,phases      ] GC(1323)   Post Evacuate Collection Set: 0.93ms
[4532.634s][info][gc,phases      ] GC(1323)   Other: 0.09ms
[4532.634s][info][gc,heap        ] GC(1323) Eden regions: 1105->0(1117)
[4532.634s][info][gc,heap        ] GC(1323) Survivor regions: 111->111(152)
[4532.634s][info][gc,heap        ] GC(1323) Old regions: 538->473
[4532.634s][info][gc,heap        ] GC(1323) Humongous regions: 80->80
[4532.634s][info][gc,metaspace   ] GC(1323) Metaspace: 28867K(29312K)->28867K(29312K) NonClass: 23998K(24192K)->23998K(24192K) Class: 4869K(5120K)->4869K(5120K)
[4532.634s][info][gc             ] GC(1323) Pause Young (Mixed) (G1 Evacuation Pause) 3666M->1326M(4096M) 132.797ms
[4532.634s][info][gc,cpu         ] GC(1323) User=0.78s Sys=0.00s Real=0.14s
..[4534.771s][info][gc,start       ] GC(1324) Pause Young (Concurrent Start) (G1 Evacuation Pause)
[4534.771s][info][gc,task        ] GC(1324) Using 6 workers of 6 for evacuation
[4534.889s][info][gc,phases      ] GC(1324)   Pre Evacuate Collection Set: 0.40ms
[4534.889s][info][gc,phases      ] GC(1324)   Merge Heap Roots: 0.50ms
[4534.889s][info][gc,phases      ] GC(1324)   Evacuate Collection Set: 116.02ms
[4534.889s][info][gc,phases      ] GC(1324)   Post Evacuate Collection Set: 0.87ms
[4534.889s][info][gc,phases      ] GC(1324)   Other: 0.13ms
[4534.889s][info][gc,heap        ] GC(1324) Eden regions: 1117->0(1117)
[4534.889s][info][gc,heap        ] GC(1324) Survivor regions: 111->111(154)
[4534.889s][info][gc,heap        ] GC(1324) Old regions: 473->505
[4534.889s][info][gc,heap        ] GC(1324) Humongous regions: 80->80
[4534.889s][info][gc,metaspace   ] GC(1324) Metaspace: 28867K(29312K)->28867K(29312K) NonClass: 23998K(24192K)->23998K(24192K) Class: 4869K(5120K)->4869K(5120K)
[4534.889s][info][gc             ] GC(1324) Pause Young (Concurrent Start) (G1 Evacuation Pause) 3560M->1389M(4096M) 118.085ms
[4534.889s][info][gc             ] GC(1325) Concurrent Mark Cycle
[4534.889s][info][gc,marking     ] GC(1325) Concurrent Scan Root Regions
[4534.889s][info][gc,cpu         ] GC(1324) User=0.69s Sys=0.01s Real=0.12s
.[4535.067s][info][gc,marking     ] GC(1325) Concurrent Scan Root Regions 177.965ms
[4535.067s][info][gc,marking     ] GC(1325) Concurrent Mark
[4535.067s][info][gc,marking     ] GC(1325) Concurrent Mark From Roots
[4535.067s][info][gc,task        ] GC(1325) Using 2 workers of 2 for marking
[4536.093s][info][gc,marking     ] GC(1325) Concurrent Mark From Roots 1026.107ms
[4536.093s][info][gc,marking     ] GC(1325) Concurrent Preclean
[4536.093s][info][gc,marking     ] GC(1325) Concurrent Preclean 0.162ms
.[4536.098s][info][gc,start       ] GC(1325) Pause Remark
[4536.104s][info][gc             ] GC(1325) Pause Remark 2481M->2481M(4096M) 5.989ms
[4536.104s][info][gc,cpu         ] GC(1325) User=0.03s Sys=0.00s Real=0.01s
[4536.104s][info][gc,marking     ] GC(1325) Concurrent Mark 1036.953ms
[4536.104s][info][gc,marking     ] GC(1325) Concurrent Rebuild Remembered Sets and Scrub Regions
[4536.402s][info][gc,marking     ] GC(1325) Concurrent Rebuild Remembered Sets and Scrub Regions 298.061ms
[4536.403s][info][gc,start       ] GC(1325) Pause Cleanup
[4536.403s][info][gc             ] GC(1325) Pause Cleanup 2794M->2794M(4096M) 0.116ms
[4536.403s][info][gc,cpu         ] GC(1325) User=0.00s Sys=0.00s Real=0.00s
[4536.403s][info][gc,marking     ] GC(1325) Concurrent Clear Claimed Marks
[4536.403s][info][gc,marking     ] GC(1325) Concurrent Clear Claimed Marks 0.027ms
[4536.403s][info][gc,marking     ] GC(1325) Concurrent Cleanup for Next Mark
[4536.411s][info][gc,marking     ] GC(1325) Concurrent Cleanup for Next Mark 8.015ms
[4536.411s][info][gc             ] GC(1325) Concurrent Mark Cycle 1521.955ms
.[4537.166s][info][gc,start       ] GC(1326) Pause Young (Prepare Mixed) (G1 Evacuation Pause)
[4537.166s][info][gc,task        ] GC(1326) Using 6 workers of 6 for evacuation
[4537.283s][info][gc,phases      ] GC(1326)   Pre Evacuate Collection Set: 0.34ms
[4537.283s][info][gc,phases      ] GC(1326)   Merge Heap Roots: 0.51ms
[4537.283s][info][gc,phases      ] GC(1326)   Evacuate Collection Set: 114.63ms
[4537.283s][info][gc,phases      ] GC(1326)   Post Evacuate Collection Set: 0.93ms
[4537.283s][info][gc,phases      ] GC(1326)   Other: 0.09ms
[4537.283s][info][gc,heap        ] GC(1326) Eden regions: 1117->0(1112)
[4537.283s][info][gc,heap        ] GC(1326) Survivor regions: 111->108(154)
[4537.283s][info][gc,heap        ] GC(1326) Old regions: 505->537
[4537.283s][info][gc,heap        ] GC(1326) Humongous regions: 80->80
[4537.283s][info][gc,metaspace   ] GC(1326) Metaspace: 28867K(29312K)->28867K(29312K) NonClass: 23998K(24192K)->23998K(24192K) Class: 4869K(5120K)->4869K(5120K)
[4537.283s][info][gc             ] GC(1326) Pause Young (Prepare Mixed) (G1 Evacuation Pause) 3623M->1449M(4096M) 116.632ms
[4537.283s][info][gc,cpu         ] GC(1326) User=0.69s Sys=0.00s Real=0.12s
..[4539.409s][info][gc,start       ] GC(1327) Pause Young (Mixed) (G1 Evacuation Pause)
[4539.409s][info][gc,task        ] GC(1327) Using 6 workers of 6 for evacuation
[4539.548s][info][gc,phases      ] GC(1327)   Pre Evacuate Collection Set: 0.38ms
[4539.548s][info][gc,phases      ] GC(1327)   Merge Heap Roots: 0.73ms
[4539.548s][info][gc,phases      ] GC(1327)   Evacuate Collection Set: 136.15ms
[4539.548s][info][gc,phases      ] GC(1327)   Post Evacuate Collection Set: 0.95ms
[4539.548s][info][gc,phases      ] GC(1327)   Other: 0.09ms
[4539.548s][info][gc,heap        ] GC(1327) Eden regions: 1112->0(1116)
[4539.548s][info][gc,heap        ] GC(1327) Survivor regions: 108->112(153)
[4539.548s][info][gc,heap        ] GC(1327) Old regions: 537->474
[4539.548s][info][gc,heap        ] GC(1327) Humongous regions: 80->80
[4539.548s][info][gc,metaspace   ] GC(1327) Metaspace: 28867K(29312K)->28867K(29312K) NonClass: 23998K(24192K)->23998K(24192K) Class: 4869K(5120K)->4869K(5120K)
[4539.548s][info][gc             ] GC(1327) Pause Young (Mixed) (G1 Evacuation Pause) 3673M->1330M(4096M) 138.467ms
[4539.548s][info][gc,cpu         ] GC(1327) User=0.82s Sys=0.00s Real=0.14s
..[4541.707s][info][gc,start       ] GC(1328) Pause Young (Concurrent Start) (G1 Evacuation Pause)
[4541.707s][info][gc,task        ] GC(1328) Using 6 workers of 6 for evacuation
[4541.830s][info][gc,phases      ] GC(1328)   Pre Evacuate Collection Set: 0.36ms
[4541.830s][info][gc,phases      ] GC(1328)   Merge Heap Roots: 0.44ms
[4541.830s][info][gc,phases      ] GC(1328)   Evacuate Collection Set: 121.00ms
[4541.830s][info][gc,phases      ] GC(1328)   Post Evacuate Collection Set: 0.88ms
[4541.830s][info][gc,phases      ] GC(1328)   Other: 0.09ms
[4541.830s][info][gc,heap        ] GC(1328) Eden regions: 1116->0(1114)
[4541.830s][info][gc,heap        ] GC(1328) Survivor regions: 112->114(154)
[4541.830s][info][gc,heap        ] GC(1328) Old regions: 474->507
[4541.830s][info][gc,heap        ] GC(1328) Humongous regions: 80->80
[4541.830s][info][gc,metaspace   ] GC(1328) Metaspace: 28867K(29312K)->28867K(29312K) NonClass: 23998K(24192K)->23998K(24192K) Class: 4869K(5120K)->4869K(5120K)
[4541.830s][info][gc             ] GC(1328) Pause Young (Concurrent Start) (G1 Evacuation Pause) 3562M->1401M(4096M) 122.891ms
[4541.830s][info][gc             ] GC(1329) Concurrent Mark Cycle
[4541.830s][info][gc,marking     ] GC(1329) Concurrent Scan Root Regions
[4541.830s][info][gc,cpu         ] GC(1328) User=0.73s Sys=0.00s Real=0.12s
[4542.013s][info][gc,marking     ] GC(1329) Concurrent Scan Root Regions 183.006ms
[4542.013s][info][gc,marking     ] GC(1329) Concurrent Mark
[4542.013s][info][gc,marking     ] GC(1329) Concurrent Mark From Roots
[4542.013s][info][gc,task        ] GC(1329) Using 2 workers of 2 for marking
.[4542.991s][info][gc,marking     ] GC(1329) Concurrent Mark From Roots 977.132ms
[4542.991s][info][gc,marking     ] GC(1329) Concurrent Preclean
[4542.991s][info][gc,marking     ] GC(1329) Concurrent Preclean 0.161ms
[4542.992s][info][gc,start       ] GC(1329) Pause Remark
[4543.000s][info][gc             ] GC(1329) Pause Remark 2515M->2515M(4096M) 7.603ms
[4543.000s][info][gc,cpu         ] GC(1329) User=0.04s Sys=0.00s Real=0.00s
[4543.000s][info][gc,marking     ] GC(1329) Concurrent Mark 986.674ms
[4543.000s][info][gc,marking     ] GC(1329) Concurrent Rebuild Remembered Sets and Scrub Regions
.[4543.417s][info][gc,marking     ] GC(1329) Concurrent Rebuild Remembered Sets and Scrub Regions 416.663ms
[4543.417s][info][gc,start       ] GC(1329) Pause Cleanup
[4543.417s][info][gc             ] GC(1329) Pause Cleanup 2924M->2924M(4096M) 0.113ms
[4543.417s][info][gc,cpu         ] GC(1329) User=0.00s Sys=0.00s Real=0.00s
[4543.417s][info][gc,marking     ] GC(1329) Concurrent Clear Claimed Marks
[4543.417s][info][gc,marking     ] GC(1329) Concurrent Clear Claimed Marks 0.031ms
[4543.417s][info][gc,marking     ] GC(1329) Concurrent Cleanup for Next Mark
[4543.424s][info][gc,marking     ] GC(1329) Concurrent Cleanup for Next Mark 6.349ms
[4543.424s][info][gc             ] GC(1329) Concurrent Mark Cycle 1593.228ms
[4544.141s][info][gc,start       ] GC(1330) Pause Young (Prepare Mixed) (G1 Evacuation Pause)
[4544.141s][info][gc,task        ] GC(1330) Using 6 workers of 6 for evacuation
[4544.260s][info][gc,phases      ] GC(1330)   Pre Evacuate Collection Set: 0.34ms
[4544.260s][info][gc,phases      ] GC(1330)   Merge Heap Roots: 0.51ms
[4544.260s][info][gc,phases      ] GC(1330)   Evacuate Collection Set: 117.43ms
[4544.260s][info][gc,phases      ] GC(1330)   Post Evacuate Collection Set: 0.92ms
[4544.260s][info][gc,phases      ] GC(1330)   Other: 0.08ms
[4544.260s][info][gc,heap        ] GC(1330) Eden regions: 1114->0(1104)
[4544.260s][info][gc,heap        ] GC(1330) Survivor regions: 114->111(154)
[4544.260s][info][gc,heap        ] GC(1330) Old regions: 507->539
[4544.260s][info][gc,heap        ] GC(1330) Humongous regions: 80->80
[4544.260s][info][gc,metaspace   ] GC(1330) Metaspace: 28867K(29312K)->28867K(29312K) NonClass: 23998K(24192K)->23998K(24192K) Class: 4869K(5120K)->4869K(5120K)
[4544.260s][info][gc             ] GC(1330) Pause Young (Prepare Mixed) (G1 Evacuation Pause) 3629M->1459M(4096M) 119.442ms
[4544.260s][info][gc,cpu         ] GC(1330) User=0.70s Sys=0.00s Real=0.12s
...[4546.390s][info][gc,start       ] GC(1331) Pause Young (Mixed) (G1 Evacuation Pause)
[4546.390s][info][gc,task        ] GC(1331) Using 6 workers of 6 for evacuation
[4546.526s][info][gc,phases      ] GC(1331)   Pre Evacuate Collection Set: 0.35ms
[4546.526s][info][gc,phases      ] GC(1331)   Merge Heap Roots: 0.67ms
[4546.526s][info][gc,phases      ] GC(1331)   Evacuate Collection Set: 134.16ms
[4546.526s][info][gc,phases      ] GC(1331)   Post Evacuate Collection Set: 0.94ms
[4546.526s][info][gc,phases      ] GC(1331)   Other: 0.09ms
[4546.526s][info][gc,heap        ] GC(1331) Eden regions: 1104->0(1116)
[4546.526s][info][gc,heap        ] GC(1331) Survivor regions: 111->112(152)
[4546.526s][info][gc,heap        ] GC(1331) Old regions: 539->477
[4546.526s][info][gc,heap        ] GC(1331) Humongous regions: 80->80
[4546.526s][info][gc,metaspace   ] GC(1331) Metaspace: 28867K(29312K)->28867K(29312K) NonClass: 23998K(24192K)->23998K(24192K) Class: 4869K(5120K)->4869K(5120K)
[4546.526s][info][gc             ] GC(1331) Pause Young (Mixed) (G1 Evacuation Pause) 3667M->1336M(4096M) 136.333ms
[4546.526s][info][gc,cpu         ] GC(1331) User=0.80s Sys=0.00s Real=0.14s
..[4548.693s][info][gc,start       ] GC(1332) Pause Young (Concurrent Start) (G1 Evacuation Pause)
[4548.693s][info][gc,task        ] GC(1332) Using 6 workers of 6 for evacuation
[4548.814s][info][gc,phases      ] GC(1332)   Pre Evacuate Collection Set: 0.34ms
[4548.814s][info][gc,phases      ] GC(1332)   Merge Heap Roots: 0.57ms
[4548.814s][info][gc,phases      ] GC(1332)   Evacuate Collection Set: 119.17ms
[4548.814s][info][gc,phases      ] GC(1332)   Post Evacuate Collection Set: 0.90ms
[4548.814s][info][gc,phases      ] GC(1332)   Other: 0.10ms
[4548.814s][info][gc,heap        ] GC(1332) Eden regions: 1116->0(1117)
[4548.814s][info][gc,heap        ] GC(1332) Survivor regions: 112->111(154)
[4548.814s][info][gc,heap        ] GC(1332) Old regions: 477->510
[4548.814s][info][gc,heap        ] GC(1332) Humongous regions: 80->80
[4548.814s][info][gc,metaspace   ] GC(1332) Metaspace: 28867K(29312K)->28867K(29312K) NonClass: 23998K(24192K)->23998K(24192K) Class: 4869K(5120K)->4869K(5120K)
[4548.814s][info][gc             ] GC(1332) Pause Young (Concurrent Start) (G1 Evacuation Pause) 3568M->1399M(4096M) 121.207ms
[4548.814s][info][gc             ] GC(1333) Concurrent Mark Cycle
[4548.814s][info][gc,marking     ] GC(1333) Concurrent Scan Root Regions
[4548.814s][info][gc,cpu         ] GC(1332) User=0.72s Sys=0.00s Real=0.12s
[4548.995s][info][gc,marking     ] GC(1333) Concurrent Scan Root Regions 181.317ms
[4548.995s][info][gc,marking     ] GC(1333) Concurrent Mark
[4548.995s][info][gc,marking     ] GC(1333) Concurrent Mark From Roots
[4548.995s][info][gc,task        ] GC(1333) Using 2 workers of 2 for marking
.[4549.960s][info][gc,marking     ] GC(1333) Concurrent Mark From Roots 964.576ms
[4549.960s][info][gc,marking     ] GC(1333) Concurrent Preclean
[4549.960s][info][gc,marking     ] GC(1333) Concurrent Preclean 0.121ms
[4549.960s][info][gc,start       ] GC(1333) Pause Remark
[4549.968s][info][gc             ] GC(1333) Pause Remark 2508M->2508M(4096M) 7.526ms
[4549.968s][info][gc,cpu         ] GC(1333) User=0.04s Sys=0.00s Real=0.01s
[4549.968s][info][gc,marking     ] GC(1333) Concurrent Mark 972.815ms
[4549.968s][info][gc,marking     ] GC(1333) Concurrent Rebuild Remembered Sets and Scrub Regions
[4550.324s][info][gc,marking     ] GC(1333) Concurrent Rebuild Remembered Sets and Scrub Regions 356.016ms
[4550.325s][info][gc,start       ] GC(1333) Pause Cleanup
[4550.325s][info][gc             ] GC(1333) Pause Cleanup 2809M->2809M(4096M) 0.293ms
[4550.325s][info][gc,cpu         ] GC(1333) User=0.00s Sys=0.00s Real=0.00s
[4550.326s][info][gc,marking     ] GC(1333) Concurrent Clear Claimed Marks
[4550.326s][info][gc,marking     ] GC(1333) Concurrent Clear Claimed Marks 0.039ms
[4550.326s][info][gc,marking     ] GC(1333) Concurrent Cleanup for Next Mark
[4550.331s][info][gc,marking     ] GC(1333) Concurrent Cleanup for Next Mark 5.521ms
[4550.331s][info][gc             ] GC(1333) Concurrent Mark Cycle 1517.440ms
.[4551.076s][info][gc,start       ] GC(1334) Pause Young (Prepare Mixed) (G1 Evacuation Pause)
[4551.076s][info][gc,task        ] GC(1334) Using 6 workers of 6 for evacuation
[4551.195s][info][gc,phases      ] GC(1334)   Pre Evacuate Collection Set: 0.33ms
[4551.195s][info][gc,phases      ] GC(1334)   Merge Heap Roots: 0.53ms
[4551.195s][info][gc,phases      ] GC(1334)   Evacuate Collection Set: 116.65ms
[4551.195s][info][gc,phases      ] GC(1334)   Post Evacuate Collection Set: 0.94ms
[4551.195s][info][gc,phases      ] GC(1334)   Other: 0.09ms
[4551.195s][info][gc,heap        ] GC(1334) Eden regions: 1117->0(1103)
[4551.195s][info][gc,heap        ] GC(1334) Survivor regions: 111->110(154)
[4551.195s][info][gc,heap        ] GC(1334) Old regions: 510->542
[4551.195s][info][gc,heap        ] GC(1334) Humongous regions: 80->80
[4551.195s][info][gc,metaspace   ] GC(1334) Metaspace: 28867K(29312K)->28867K(29312K) NonClass: 23998K(24192K)->23998K(24192K) Class: 4869K(5120K)->4869K(5120K)
[4551.195s][info][gc             ] GC(1334) Pause Young (Prepare Mixed) (G1 Evacuation Pause) 3633M->1461M(4096M) 118.663ms
[4551.195s][info][gc,cpu         ] GC(1334) User=0.70s Sys=0.00s Real=0.12s
..[4553.363s][info][gc,start       ] GC(1335) Pause Young (Mixed) (G1 Evacuation Pause)
[4553.363s][info][gc,task        ] GC(1335) Using 6 workers of 6 for evacuation
[4553.501s][info][gc,phases      ] GC(1335)   Pre Evacuate Collection Set: 0.38ms
[4553.501s][info][gc,phases      ] GC(1335)   Merge Heap Roots: 0.67ms
[4553.501s][info][gc,phases      ] GC(1335)   Evacuate Collection Set: 135.37ms
[4553.501s][info][gc,phases      ] GC(1335)   Post Evacuate Collection Set: 0.94ms
[4553.501s][info][gc,phases      ] GC(1335)   Other: 0.09ms
[4553.501s][info][gc,heap        ] GC(1335) Eden regions: 1103->0(1115)
[4553.501s][info][gc,heap        ] GC(1335) Survivor regions: 110->113(152)
[4553.501s][info][gc,heap        ] GC(1335) Old regions: 542->476
[4553.501s][info][gc,heap        ] GC(1335) Humongous regions: 80->80
[4553.501s][info][gc,metaspace   ] GC(1335) Metaspace: 28867K(29312K)->28867K(29312K) NonClass: 23998K(24192K)->23998K(24192K) Class: 4869K(5120K)->4869K(5120K)
[4553.501s][info][gc             ] GC(1335) Pause Young (Mixed) (G1 Evacuation Pause) 3667M->1335M(4096M) 137.572ms
[4553.501s][info][gc,cpu         ] GC(1335) User=0.82s Sys=0.00s Real=0.13s
...[4555.586s][info][gc,start       ] GC(1336) Pause Young (Concurrent Start) (G1 Evacuation Pause)
[4555.586s][info][gc,task        ] GC(1336) Using 6 workers of 6 for evacuation
[4555.705s][info][gc,phases      ] GC(1336)   Pre Evacuate Collection Set: 0.38ms
[4555.705s][info][gc,phases      ] GC(1336)   Merge Heap Roots: 0.44ms
[4555.705s][info][gc,phases      ] GC(1336)   Evacuate Collection Set: 117.25ms
[4555.705s][info][gc,phases      ] GC(1336)   Post Evacuate Collection Set: 0.88ms
[4555.705s][info][gc,phases      ] GC(1336)   Other: 0.11ms
[4555.705s][info][gc,heap        ] GC(1336) Eden regions: 1115->0(1115)
[4555.705s][info][gc,heap        ] GC(1336) Survivor regions: 113->113(154)
[4555.705s][info][gc,heap        ] GC(1336) Old regions: 476->507
[4555.705s][info][gc,heap        ] GC(1336) Humongous regions: 80->80
[4555.705s][info][gc,metaspace   ] GC(1336) Metaspace: 28867K(29312K)->28867K(29312K) NonClass: 23998K(24192K)->23998K(24192K) Class: 4869K(5120K)->4869K(5120K)
[4555.706s][info][gc             ] GC(1336) Pause Young (Concurrent Start) (G1 Evacuation Pause) 3565M->1398M(4096M) 119.202ms
[4555.706s][info][gc             ] GC(1337) Concurrent Mark Cycle
[4555.706s][info][gc,marking     ] GC(1337) Concurrent Scan Root Regions
[4555.706s][info][gc,cpu         ] GC(1336) User=0.71s Sys=0.00s Real=0.12s
[4555.856s][info][gc,marking     ] GC(1337) Concurrent Scan Root Regions 150.579ms
[4555.856s][info][gc,marking     ] GC(1337) Concurrent Mark
[4555.856s][info][gc,marking     ] GC(1337) Concurrent Mark From Roots
[4555.856s][info][gc,task        ] GC(1337) Using 2 workers of 2 for marking
.[4556.594s][info][gc,marking     ] GC(1337) Concurrent Mark From Roots 737.703ms
[4556.594s][info][gc,marking     ] GC(1337) Concurrent Preclean
[4556.594s][info][gc,marking     ] GC(1337) Concurrent Preclean 0.133ms
[4556.595s][info][gc,start       ] GC(1337) Pause Remark
[4556.599s][info][gc             ] GC(1337) Pause Remark 2162M->2162M(4096M) 3.561ms
[4556.599s][info][gc,cpu         ] GC(1337) User=0.02s Sys=0.00s Real=0.00s
[4556.599s][info][gc,marking     ] GC(1337) Concurrent Mark 742.842ms
[4556.599s][info][gc,marking     ] GC(1337) Concurrent Rebuild Remembered Sets and Scrub Regions
[4556.899s][info][gc,marking     ] GC(1337) Concurrent Rebuild Remembered Sets and Scrub Regions 300.348ms
[4556.900s][info][gc,start       ] GC(1337) Pause Cleanup
[4556.900s][info][gc             ] GC(1337) Pause Cleanup 2488M->2488M(4096M) 0.113ms
[4556.900s][info][gc,cpu         ] GC(1337) User=0.00s Sys=0.00s Real=0.00s
[4556.902s][info][gc,marking     ] GC(1337) Concurrent Clear Claimed Marks
[4556.902s][info][gc,marking     ] GC(1337) Concurrent Clear Claimed Marks 0.048ms
[4556.902s][info][gc,marking     ] GC(1337) Concurrent Cleanup for Next Mark
[4556.907s][info][gc,marking     ] GC(1337) Concurrent Cleanup for Next Mark 4.980ms
[4556.907s][info][gc             ] GC(1337) Concurrent Mark Cycle 1201.783ms
.[4557.949s][info][gc,start       ] GC(1338) Pause Young (Prepare Mixed) (G1 Evacuation Pause)
[4557.949s][info][gc,task        ] GC(1338) Using 6 workers of 6 for evacuation
[4558.073s][info][gc,phases      ] GC(1338)   Pre Evacuate Collection Set: 0.32ms
[4558.073s][info][gc,phases      ] GC(1338)   Merge Heap Roots: 0.53ms
[4558.073s][info][gc,phases      ] GC(1338)   Evacuate Collection Set: 121.68ms
[4558.073s][info][gc,phases      ] GC(1338)   Post Evacuate Collection Set: 0.89ms
[4558.073s][info][gc,phases      ] GC(1338)   Other: 0.09ms
[4558.073s][info][gc,heap        ] GC(1338) Eden regions: 1115->0(1097)
[4558.073s][info][gc,heap        ] GC(1338) Survivor regions: 113->114(154)
[4558.073s][info][gc,heap        ] GC(1338) Old regions: 507->540
[4558.073s][info][gc,heap        ] GC(1338) Humongous regions: 80->80
[4558.073s][info][gc,metaspace   ] GC(1338) Metaspace: 28867K(29312K)->28867K(29312K) NonClass: 23998K(24192K)->23998K(24192K) Class: 4869K(5120K)->4869K(5120K)
[4558.073s][info][gc             ] GC(1338) Pause Young (Prepare Mixed) (G1 Evacuation Pause) 3628M->1466M(4096M) 123.639ms
[4558.073s][info][gc,cpu         ] GC(1338) User=0.73s Sys=0.00s Real=0.13s
..[4560.209s][info][gc,start       ] GC(1339) Pause Young (Mixed) (G1 Evacuation Pause)
[4560.209s][info][gc,task        ] GC(1339) Using 6 workers of 6 for evacuation
[4560.341s][info][gc,phases      ] GC(1339)   Pre Evacuate Collection Set: 0.38ms
[4560.341s][info][gc,phases      ] GC(1339)   Merge Heap Roots: 0.67ms
[4560.341s][info][gc,phases      ] GC(1339)   Evacuate Collection Set: 129.56ms
[4560.341s][info][gc,phases      ] GC(1339)   Post Evacuate Collection Set: 0.98ms
[4560.341s][info][gc,phases      ] GC(1339)   Other: 0.09ms
[4560.341s][info][gc,heap        ] GC(1339) Eden regions: 1097->0(1121)
[4560.341s][info][gc,heap        ] GC(1339) Survivor regions: 114->107(152)
[4560.341s][info][gc,heap        ] GC(1339) Old regions: 540->476
[4560.341s][info][gc,heap        ] GC(1339) Humongous regions: 80->80
[4560.341s][info][gc,metaspace   ] GC(1339) Metaspace: 28867K(29312K)->28867K(29312K) NonClass: 23998K(24192K)->23998K(24192K) Class: 4869K(5120K)->4869K(5120K)
[4560.341s][info][gc             ] GC(1339) Pause Young (Mixed) (G1 Evacuation Pause) 3660M->1323M(4096M) 131.829ms
[4560.341s][info][gc,cpu         ] GC(1339) User=0.78s Sys=0.00s Real=0.13s
..[4562.563s][info][gc,start       ] GC(1340) Pause Young (Concurrent Start) (G1 Evacuation Pause)
[4562.563s][info][gc,task        ] GC(1340) Using 6 workers of 6 for evacuation
[4562.681s][info][gc,phases      ] GC(1340)   Pre Evacuate Collection Set: 0.38ms
[4562.681s][info][gc,phases      ] GC(1340)   Merge Heap Roots: 0.50ms
[4562.681s][info][gc,phases      ] GC(1340)   Evacuate Collection Set: 116.90ms
[4562.681s][info][gc,phases      ] GC(1340)   Post Evacuate Collection Set: 0.90ms
[4562.681s][info][gc,phases      ] GC(1340)   Other: 0.10ms
[4562.682s][info][gc,heap        ] GC(1340) Eden regions: 1121->0(1116)
[4562.682s][info][gc,heap        ] GC(1340) Survivor regions: 107->112(154)
[4562.682s][info][gc,heap        ] GC(1340) Old regions: 476->506
[4562.682s][info][gc,heap        ] GC(1340) Humongous regions: 80->80
[4562.682s][info][gc,metaspace   ] GC(1340) Metaspace: 28867K(29312K)->28867K(29312K) NonClass: 23998K(24192K)->23998K(24192K) Class: 4869K(5120K)->4869K(5120K)
[4562.682s][info][gc             ] GC(1340) Pause Young (Concurrent Start) (G1 Evacuation Pause) 3565M->1393M(4096M) 118.915ms
[4562.682s][info][gc             ] GC(1341) Concurrent Mark Cycle
[4562.682s][info][gc,marking     ] GC(1341) Concurrent Scan Root Regions
[4562.682s][info][gc,cpu         ] GC(1340) User=0.70s Sys=0.00s Real=0.11s
.[4562.867s][info][gc,marking     ] GC(1341) Concurrent Scan Root Regions 185.144ms
[4562.867s][info][gc,marking     ] GC(1341) Concurrent Mark
[4562.867s][info][gc,marking     ] GC(1341) Concurrent Mark From Roots
[4562.867s][info][gc,task        ] GC(1341) Using 2 workers of 2 for marking
[4563.658s][info][gc,marking     ] GC(1341) Concurrent Mark From Roots 791.687ms
[4563.658s][info][gc,marking     ] GC(1341) Concurrent Preclean
[4563.659s][info][gc,marking     ] GC(1341) Concurrent Preclean 0.124ms
[4563.660s][info][gc,start       ] GC(1341) Pause Remark
[4563.665s][info][gc             ] GC(1341) Pause Remark 2317M->2317M(4096M) 4.839ms
[4563.665s][info][gc,cpu         ] GC(1341) User=0.03s Sys=0.00s Real=0.01s
[4563.665s][info][gc,marking     ] GC(1341) Concurrent Mark 798.372ms
[4563.665s][info][gc,marking     ] GC(1341) Concurrent Rebuild Remembered Sets and Scrub Regions
.[4563.906s][info][gc,marking     ] GC(1341) Concurrent Rebuild Remembered Sets and Scrub Regions 240.671ms
[4563.906s][info][gc,start       ] GC(1341) Pause Cleanup
[4563.906s][info][gc             ] GC(1341) Pause Cleanup 2526M->2526M(4096M) 0.119ms
[4563.906s][info][gc,cpu         ] GC(1341) User=0.00s Sys=0.00s Real=0.00s
[4563.908s][info][gc,marking     ] GC(1341) Concurrent Clear Claimed Marks
[4563.908s][info][gc,marking     ] GC(1341) Concurrent Clear Claimed Marks 0.044ms
[4563.908s][info][gc,marking     ] GC(1341) Concurrent Cleanup for Next Mark
[4563.935s][info][gc,marking     ] GC(1341) Concurrent Cleanup for Next Mark 27.408ms
[4563.935s][info][gc             ] GC(1341) Concurrent Mark Cycle 1253.630ms
.[4564.913s][info][gc,start       ] GC(1342) Pause Young (Prepare Mixed) (G1 Evacuation Pause)
[4564.913s][info][gc,task        ] GC(1342) Using 6 workers of 6 for evacuation
[4565.033s][info][gc,phases      ] GC(1342)   Pre Evacuate Collection Set: 0.38ms
[4565.033s][info][gc,phases      ] GC(1342)   Merge Heap Roots: 0.55ms
[4565.033s][info][gc,phases      ] GC(1342)   Evacuate Collection Set: 117.74ms
[4565.033s][info][gc,phases      ] GC(1342)   Post Evacuate Collection Set: 0.92ms
[4565.033s][info][gc,phases      ] GC(1342)   Other: 0.09ms
[4565.033s][info][gc,heap        ] GC(1342) Eden regions: 1116->0(1104)
[4565.033s][info][gc,heap        ] GC(1342) Survivor regions: 112->112(154)
[4565.033s][info][gc,heap        ] GC(1342) Old regions: 506->537
[4565.033s][info][gc,heap        ] GC(1342) Humongous regions: 80->80
[4565.033s][info][gc,metaspace   ] GC(1342) Metaspace: 28867K(29312K)->28867K(29312K) NonClass: 23998K(24192K)->23998K(24192K) Class: 4869K(5120K)->4869K(5120K)
[4565.033s][info][gc             ] GC(1342) Pause Young (Prepare Mixed) (G1 Evacuation Pause) 3625M->1457M(4096M) 119.822ms
[4565.033s][info][gc,cpu         ] GC(1342) User=0.71s Sys=0.00s Real=0.12s
..[4567.136s][info][gc,start       ] GC(1343) Pause Young (Mixed) (G1 Evacuation Pause)
[4567.136s][info][gc,task        ] GC(1343) Using 6 workers of 6 for evacuation
[4567.270s][info][gc,phases      ] GC(1343)   Pre Evacuate Collection Set: 0.35ms
[4567.270s][info][gc,phases      ] GC(1343)   Merge Heap Roots: 0.73ms
[4567.270s][info][gc,phases      ] GC(1343)   Evacuate Collection Set: 131.47ms
[4567.270s][info][gc,phases      ] GC(1343)   Post Evacuate Collection Set: 0.96ms
[4567.270s][info][gc,phases      ] GC(1343)   Other: 0.09ms
[4567.270s][info][gc,heap        ] GC(1343) Eden regions: 1104->0(1120)
[4567.270s][info][gc,heap        ] GC(1343) Survivor regions: 112->108(152)
[4567.270s][info][gc,heap        ] GC(1343) Old regions: 537->474
[4567.270s][info][gc,heap        ] GC(1343) Humongous regions: 80->80
[4567.270s][info][gc,metaspace   ] GC(1343) Metaspace: 28867K(29312K)->28867K(29312K) NonClass: 23998K(24192K)->23998K(24192K) Class: 4869K(5120K)->4869K(5120K)
[4567.270s][info][gc             ] GC(1343) Pause Young (Mixed) (G1 Evacuation Pause) 3665M->1322M(4096M) 133.752ms
[4567.270s][info][gc,cpu         ] GC(1343) User=0.79s Sys=0.00s Real=0.13s
..[4569.490s][info][gc,start       ] GC(1344) Pause Young (Concurrent Start) (G1 Evacuation Pause)
[4569.490s][info][gc,task        ] GC(1344) Using 6 workers of 6 for evacuation
[4569.607s][info][gc,phases      ] GC(1344)   Pre Evacuate Collection Set: 0.41ms
[4569.607s][info][gc,phases      ] GC(1344)   Merge Heap Roots: 0.45ms
[4569.607s][info][gc,phases      ] GC(1344)   Evacuate Collection Set: 115.04ms
[4569.607s][info][gc,phases      ] GC(1344)   Post Evacuate Collection Set: 0.88ms
[4569.607s][info][gc,phases      ] GC(1344)   Other: 0.14ms
[4569.607s][info][gc,heap        ] GC(1344) Eden regions: 1120->0(1118)
[4569.607s][info][gc,heap        ] GC(1344) Survivor regions: 108->110(154)
[4569.607s][info][gc,heap        ] GC(1344) Old regions: 474->505
[4569.607s][info][gc,heap        ] GC(1344) Humongous regions: 80->80
[4569.607s][info][gc,metaspace   ] GC(1344) Metaspace: 28867K(29312K)->28867K(29312K) NonClass: 23998K(24192K)->23998K(24192K) Class: 4869K(5120K)->4869K(5120K)
[4569.607s][info][gc             ] GC(1344) Pause Young (Concurrent Start) (G1 Evacuation Pause) 3562M->1388M(4096M) 117.058ms
[4569.607s][info][gc             ] GC(1345) Concurrent Mark Cycle
[4569.607s][info][gc,marking     ] GC(1345) Concurrent Scan Root Regions
[4569.607s][info][gc,cpu         ] GC(1344) User=0.69s Sys=0.00s Real=0.12s
.[4569.745s][info][gc,marking     ] GC(1345) Concurrent Scan Root Regions 137.341ms
[4569.745s][info][gc,marking     ] GC(1345) Concurrent Mark
[4569.745s][info][gc,marking     ] GC(1345) Concurrent Mark From Roots
[4569.745s][info][gc,task        ] GC(1345) Using 2 workers of 2 for marking
 (rIR:aIR:PR = 8164:8138:8138) (tPR = 121106) [OK] 
  4569s: Performance info:
         Transaction,    Success,    Partial,     Failed,   Receipts, AvgBarcode, 
             Overall,     489732,          0,          0,     465210,      59.47, 
         Response times:
             Request,    Success,    Partial,     Failed,   SkipFail,     Probes,    Samples,      min,      p50,      p90,      p95,      p99,      max, 
       TotalPurchase,     465122,          0,          0,          0,     349387,     499541,      300,     7600,   130000,   180000,   240000,   412000,
     InStorePurchase,     244027,          0,          0,          0,     183158,     261976,      300,     7500,   128000,   179000,   240000,   398000,
      OnlinePurchase,     172160,          0,          0,          0,     128668,     183829,      300,     7700,   133000,   182000,   242000,   404000,
        InstPurchase,      48935,          0,          0,          0,      37561,      53736,      400,     7700,   127000,   177000,   237000,   412000,
          AssocOfCat,        492,          0,          0,          0,        419,        671,    26000,    52000,   196000,   239600,   318960,   397000,
      AssocOfProduct,       4917,          0,          0,          0,       3332,       4954,      700,     5900,   119500,   173000,   228450,   334000,
      BusinessReport,       1225,          0,          0,          0,       1069,       1633,    29000,    56000,   195000,   228900,   316000,   486000,
          CustBuyBeh,       4865,          0,          0,          0,       3394,       5114,      200,     7300,   126000,   176000,   243700,   319000,
       ProductReturn,      13023,          0,          0,          0,       9984,      14499,      200,     6400,   116000,   170000,   233000,   350000,

  4569s: (60%)   IR =   8302 [4570.458s][info][gc,marking     ] GC(1345) Concurrent Mark From Roots 713.544ms
[4570.458s][info][gc,marking     ] GC(1345) Concurrent Preclean
[4570.458s][info][gc,marking     ] GC(1345) Concurrent Preclean 0.092ms
[4570.459s][info][gc,start       ] GC(1345) Pause Remark
[4570.465s][info][gc             ] GC(1345) Pause Remark 2086M->2086M(4096M) 5.450ms
[4570.465s][info][gc,cpu         ] GC(1345) User=0.03s Sys=0.00s Real=0.01s
[4570.465s][info][gc,marking     ] GC(1345) Concurrent Mark 720.363ms
[4570.465s][info][gc,marking     ] GC(1345) Concurrent Rebuild Remembered Sets and Scrub Regions
[4570.741s][info][gc,marking     ] GC(1345) Concurrent Rebuild Remembered Sets and Scrub Regions 276.175ms
[4570.747s][info][gc,start       ] GC(1345) Pause Cleanup
[4570.747s][info][gc             ] GC(1345) Pause Cleanup 2362M->2362M(4096M) 0.153ms
[4570.747s][info][gc,cpu         ] GC(1345) User=0.00s Sys=0.00s Real=0.00s
[4570.747s][info][gc,marking     ] GC(1345) Concurrent Clear Claimed Marks
[4570.747s][info][gc,marking     ] GC(1345) Concurrent Clear Claimed Marks 0.021ms
[4570.747s][info][gc,marking     ] GC(1345) Concurrent Cleanup for Next Mark
[4570.752s][info][gc,marking     ] GC(1345) Concurrent Cleanup for Next Mark 5.171ms
[4570.752s][info][gc             ] GC(1345) Concurrent Mark Cycle 1144.795ms
..[4572.031s][info][gc,start       ] GC(1346) Pause Young (Prepare Mixed) (G1 Evacuation Pause)
[4572.031s][info][gc,task        ] GC(1346) Using 6 workers of 6 for evacuation
[4572.151s][info][gc,phases      ] GC(1346)   Pre Evacuate Collection Set: 0.34ms
[4572.151s][info][gc,phases      ] GC(1346)   Merge Heap Roots: 0.50ms
[4572.151s][info][gc,phases      ] GC(1346)   Evacuate Collection Set: 118.16ms
[4572.151s][info][gc,phases      ] GC(1346)   Post Evacuate Collection Set: 0.99ms
[4572.151s][info][gc,phases      ] GC(1346)   Other: 0.09ms
[4572.151s][info][gc,heap        ] GC(1346) Eden regions: 1118->0(1105)
[4572.151s][info][gc,heap        ] GC(1346) Survivor regions: 110->112(154)
[4572.151s][info][gc,heap        ] GC(1346) Old regions: 505->536
[4572.151s][info][gc,heap        ] GC(1346) Humongous regions: 80->80
[4572.151s][info][gc,metaspace   ] GC(1346) Metaspace: 28867K(29312K)->28867K(29312K) NonClass: 23998K(24192K)->23998K(24192K) Class: 4869K(5120K)->4869K(5120K)
[4572.151s][info][gc             ] GC(1346) Pause Young (Prepare Mixed) (G1 Evacuation Pause) 3624M->1453M(4096M) 120.202ms
[4572.151s][info][gc,cpu         ] GC(1346) User=0.71s Sys=0.00s Real=0.12s
..[4574.305s][info][gc,start       ] GC(1347) Pause Young (Mixed) (G1 Evacuation Pause)
[4574.305s][info][gc,task        ] GC(1347) Using 6 workers of 6 for evacuation
[4574.443s][info][gc,phases      ] GC(1347)   Pre Evacuate Collection Set: 0.37ms
[4574.443s][info][gc,phases      ] GC(1347)   Merge Heap Roots: 0.76ms
[4574.443s][info][gc,phases      ] GC(1347)   Evacuate Collection Set: 135.57ms
[4574.443s][info][gc,phases      ] GC(1347)   Post Evacuate Collection Set: 0.94ms
[4574.443s][info][gc,phases      ] GC(1347)   Other: 0.09ms
[4574.443s][info][gc,heap        ] GC(1347) Eden regions: 1105->0(1116)
[4574.443s][info][gc,heap        ] GC(1347) Survivor regions: 112->112(153)
[4574.443s][info][gc,heap        ] GC(1347) Old regions: 536->475
[4574.443s][info][gc,heap        ] GC(1347) Humongous regions: 80->80
[4574.443s][info][gc,metaspace   ] GC(1347) Metaspace: 28867K(29312K)->28867K(29312K) NonClass: 23998K(24192K)->23998K(24192K) Class: 4869K(5120K)->4869K(5120K)
[4574.443s][info][gc             ] GC(1347) Pause Young (Mixed) (G1 Evacuation Pause) 3663M->1331M(4096M) 137.898ms
[4574.443s][info][gc,cpu         ] GC(1347) User=0.81s Sys=0.00s Real=0.14s
..[4576.600s][info][gc,start       ] GC(1348) Pause Young (Concurrent Start) (G1 Evacuation Pause)
[4576.600s][info][gc,task        ] GC(1348) Using 6 workers of 6 for evacuation
[4576.718s][info][gc,phases      ] GC(1348)   Pre Evacuate Collection Set: 0.37ms
[4576.718s][info][gc,phases      ] GC(1348)   Merge Heap Roots: 0.47ms
[4576.718s][info][gc,phases      ] GC(1348)   Evacuate Collection Set: 116.38ms
[4576.718s][info][gc,phases      ] GC(1348)   Post Evacuate Collection Set: 0.90ms
[4576.718s][info][gc,phases      ] GC(1348)   Other: 0.10ms
[4576.718s][info][gc,heap        ] GC(1348) Eden regions: 1116->0(1119)
[4576.718s][info][gc,heap        ] GC(1348) Survivor regions: 112->109(154)
[4576.718s][info][gc,heap        ] GC(1348) Old regions: 475->507
[4576.718s][info][gc,heap        ] GC(1348) Humongous regions: 80->80
[4576.718s][info][gc,metaspace   ] GC(1348) Metaspace: 28867K(29312K)->28867K(29312K) NonClass: 23998K(24192K)->23998K(24192K) Class: 4869K(5120K)->4869K(5120K)
[4576.718s][info][gc             ] GC(1348) Pause Young (Concurrent Start) (G1 Evacuation Pause) 3563M->1391M(4096M) 118.355ms
[4576.718s][info][gc             ] GC(1349) Concurrent Mark Cycle
[4576.718s][info][gc,marking     ] GC(1349) Concurrent Scan Root Regions
[4576.718s][info][gc,cpu         ] GC(1348) User=0.69s Sys=0.01s Real=0.12s
[4576.897s][info][gc,marking     ] GC(1349) Concurrent Scan Root Regions 179.264ms
[4576.897s][info][gc,marking     ] GC(1349) Concurrent Mark
[4576.897s][info][gc,marking     ] GC(1349) Concurrent Mark From Roots
[4576.897s][info][gc,task        ] GC(1349) Using 2 workers of 2 for marking
.[4577.706s][info][gc,marking     ] GC(1349) Concurrent Mark From Roots 808.988ms
[4577.707s][info][gc,marking     ] GC(1349) Concurrent Preclean
[4577.707s][info][gc,marking     ] GC(1349) Concurrent Preclean 0.145ms
[4577.707s][info][gc,start       ] GC(1349) Pause Remark
[4577.712s][info][gc             ] GC(1349) Pause Remark 2316M->2316M(4096M) 5.231ms
[4577.712s][info][gc,cpu         ] GC(1349) User=0.03s Sys=0.00s Real=0.01s
[4577.712s][info][gc,marking     ] GC(1349) Concurrent Mark 814.919ms
[4577.712s][info][gc,marking     ] GC(1349) Concurrent Rebuild Remembered Sets and Scrub Regions
[4577.984s][info][gc,marking     ] GC(1349) Concurrent Rebuild Remembered Sets and Scrub Regions 271.884ms
[4577.984s][info][gc,start       ] GC(1349) Pause Cleanup
[4577.985s][info][gc             ] GC(1349) Pause Cleanup 2610M->2610M(4096M) 0.095ms
[4577.985s][info][gc,cpu         ] GC(1349) User=0.00s Sys=0.00s Real=0.00s
[4577.985s][info][gc,marking     ] GC(1349) Concurrent Clear Claimed Marks
[4577.985s][info][gc,marking     ] GC(1349) Concurrent Clear Claimed Marks 0.024ms
[4577.985s][info][gc,marking     ] GC(1349) Concurrent Cleanup for Next Mark
[4577.992s][info][gc,marking     ] GC(1349) Concurrent Cleanup for Next Mark 6.968ms
[4577.992s][info][gc             ] GC(1349) Concurrent Mark Cycle 1273.625ms
.[4578.873s][info][gc,start       ] GC(1350) Pause Young (Prepare Mixed) (G1 Evacuation Pause)
[4578.873s][info][gc,task        ] GC(1350) Using 6 workers of 6 for evacuation
[4578.995s][info][gc,phases      ] GC(1350)   Pre Evacuate Collection Set: 0.33ms
[4578.995s][info][gc,phases      ] GC(1350)   Merge Heap Roots: 0.49ms
[4578.995s][info][gc,phases      ] GC(1350)   Evacuate Collection Set: 119.94ms
[4578.995s][info][gc,phases      ] GC(1350)   Post Evacuate Collection Set: 0.91ms
[4578.995s][info][gc,phases      ] GC(1350)   Other: 0.09ms
[4578.995s][info][gc,heap        ] GC(1350) Eden regions: 1119->0(1100)
[4578.995s][info][gc,heap        ] GC(1350) Survivor regions: 109->113(154)
[4578.995s][info][gc,heap        ] GC(1350) Old regions: 507->539
[4578.995s][info][gc,heap        ] GC(1350) Humongous regions: 80->80
[4578.995s][info][gc,metaspace   ] GC(1350) Metaspace: 28867K(29312K)->28867K(29312K) NonClass: 23998K(24192K)->23998K(24192K) Class: 4869K(5120K)->4869K(5120K)
[4578.995s][info][gc             ] GC(1350) Pause Young (Prepare Mixed) (G1 Evacuation Pause) 3629M->1463M(4096M) 121.899ms
[4578.995s][info][gc,cpu         ] GC(1350) User=0.72s Sys=0.00s Real=0.12s
..[4581.087s][info][gc,start       ] GC(1351) Pause Young (Mixed) (G1 Evacuation Pause)
[4581.088s][info][gc,task        ] GC(1351) Using 6 workers of 6 for evacuation
[4581.224s][info][gc,phases      ] GC(1351)   Pre Evacuate Collection Set: 0.34ms
[4581.224s][info][gc,phases      ] GC(1351)   Merge Heap Roots: 0.67ms
[4581.224s][info][gc,phases      ] GC(1351)   Evacuate Collection Set: 133.93ms
[4581.224s][info][gc,phases      ] GC(1351)   Post Evacuate Collection Set: 0.98ms
[4581.224s][info][gc,phases      ] GC(1351)   Other: 0.10ms
[4581.224s][info][gc,heap        ] GC(1351) Eden regions: 1100->0(1118)
[4581.224s][info][gc,heap        ] GC(1351) Survivor regions: 113->110(152)
[4581.224s][info][gc,heap        ] GC(1351) Old regions: 539->477
[4581.224s][info][gc,heap        ] GC(1351) Humongous regions: 80->80
[4581.224s][info][gc,metaspace   ] GC(1351) Metaspace: 28867K(29312K)->28867K(29312K) NonClass: 23998K(24192K)->23998K(24192K) Class: 4869K(5120K)->4869K(5120K)
[4581.224s][info][gc             ] GC(1351) Pause Young (Mixed) (G1 Evacuation Pause) 3663M->1333M(4096M) 136.143ms
[4581.224s][info][gc,cpu         ] GC(1351) User=0.80s Sys=0.00s Real=0.14s
...[4583.430s][info][gc,start       ] GC(1352) Pause Young (Concurrent Start) (G1 Evacuation Pause)
[4583.430s][info][gc,task        ] GC(1352) Using 6 workers of 6 for evacuation
[4583.551s][info][gc,phases      ] GC(1352)   Pre Evacuate Collection Set: 0.36ms
[4583.551s][info][gc,phases      ] GC(1352)   Merge Heap Roots: 0.48ms
[4583.551s][info][gc,phases      ] GC(1352)   Evacuate Collection Set: 119.29ms
[4583.551s][info][gc,phases      ] GC(1352)   Post Evacuate Collection Set: 0.88ms
[4583.551s][info][gc,phases      ] GC(1352)   Other: 0.12ms
[4583.551s][info][gc,heap        ] GC(1352) Eden regions: 1118->0(1116)
[4583.551s][info][gc,heap        ] GC(1352) Survivor regions: 110->112(154)
[4583.551s][info][gc,heap        ] GC(1352) Old regions: 477->509
[4583.551s][info][gc,heap        ] GC(1352) Humongous regions: 80->80
[4583.551s][info][gc,metaspace   ] GC(1352) Metaspace: 28867K(29312K)->28867K(29312K) NonClass: 23998K(24192K)->23998K(24192K) Class: 4869K(5120K)->4869K(5120K)
[4583.551s][info][gc             ] GC(1352) Pause Young (Concurrent Start) (G1 Evacuation Pause) 3569M->1400M(4096M) 121.265ms
[4583.552s][info][gc             ] GC(1353) Concurrent Mark Cycle
[4583.552s][info][gc,marking     ] GC(1353) Concurrent Scan Root Regions
[4583.552s][info][gc,cpu         ] GC(1352) User=0.72s Sys=0.00s Real=0.12s
[4583.723s][info][gc,marking     ] GC(1353) Concurrent Scan Root Regions 171.198ms
[4583.723s][info][gc,marking     ] GC(1353) Concurrent Mark
[4583.723s][info][gc,marking     ] GC(1353) Concurrent Mark From Roots
[4583.723s][info][gc,task        ] GC(1353) Using 2 workers of 2 for marking
.[4584.492s][info][gc,marking     ] GC(1353) Concurrent Mark From Roots 769.386ms
[4584.492s][info][gc,marking     ] GC(1353) Concurrent Preclean
[4584.492s][info][gc,marking     ] GC(1353) Concurrent Preclean 0.104ms
[4584.495s][info][gc,start       ] GC(1353) Pause Remark
[4584.501s][info][gc             ] GC(1353) Pause Remark 2218M->2218M(4096M) 5.807ms
[4584.501s][info][gc,cpu         ] GC(1353) User=0.03s Sys=0.00s Real=0.00s
[4584.501s][info][gc,marking     ] GC(1353) Concurrent Mark 778.319ms
[4584.501s][info][gc,marking     ] GC(1353) Concurrent Rebuild Remembered Sets and Scrub Regions
[4584.908s][info][gc,marking     ] GC(1353) Concurrent Rebuild Remembered Sets and Scrub Regions 406.825ms
[4584.911s][info][gc,start       ] GC(1353) Pause Cleanup
[4584.911s][info][gc             ] GC(1353) Pause Cleanup 2660M->2660M(4096M) 0.170ms
[4584.911s][info][gc,cpu         ] GC(1353) User=0.00s Sys=0.00s Real=0.00s
[4584.912s][info][gc,marking     ] GC(1353) Concurrent Clear Claimed Marks
[4584.912s][info][gc,marking     ] GC(1353) Concurrent Clear Claimed Marks 0.057ms
[4584.912s][info][gc,marking     ] GC(1353) Concurrent Cleanup for Next Mark
[4584.921s][info][gc,marking     ] GC(1353) Concurrent Cleanup for Next Mark 9.386ms
[4584.921s][info][gc             ] GC(1353) Concurrent Mark Cycle 1369.943ms
.[4585.664s][info][gc,start       ] GC(1354) Pause Young (Prepare Mixed) (G1 Evacuation Pause)
[4585.664s][info][gc,task        ] GC(1354) Using 6 workers of 6 for evacuation
[4585.784s][info][gc,phases      ] GC(1354)   Pre Evacuate Collection Set: 0.34ms
[4585.784s][info][gc,phases      ] GC(1354)   Merge Heap Roots: 0.50ms
[4585.784s][info][gc,phases      ] GC(1354)   Evacuate Collection Set: 117.33ms
[4585.784s][info][gc,phases      ] GC(1354)   Post Evacuate Collection Set: 0.90ms
[4585.784s][info][gc,phases      ] GC(1354)   Other: 0.09ms
[4585.784s][info][gc,heap        ] GC(1354) Eden regions: 1116->0(1102)
[4585.784s][info][gc,heap        ] GC(1354) Survivor regions: 112->112(154)
[4585.784s][info][gc,heap        ] GC(1354) Old regions: 509->539
[4585.784s][info][gc,heap        ] GC(1354) Humongous regions: 80->80
[4585.784s][info][gc,metaspace   ] GC(1354) Metaspace: 28867K(29312K)->28867K(29312K) NonClass: 23998K(24192K)->23998K(24192K) Class: 4869K(5120K)->4869K(5120K)
[4585.784s][info][gc             ] GC(1354) Pause Young (Prepare Mixed) (G1 Evacuation Pause) 3632M->1461M(4096M) 119.292ms
[4585.784s][info][gc,cpu         ] GC(1354) User=0.70s Sys=0.00s Real=0.12s
..[4587.994s][info][gc,start       ] GC(1355) Pause Young (Mixed) (G1 Evacuation Pause)
[4587.994s][info][gc,task        ] GC(1355) Using 6 workers of 6 for evacuation
[4588.127s][info][gc,phases      ] GC(1355)   Pre Evacuate Collection Set: 0.38ms
[4588.127s][info][gc,phases      ] GC(1355)   Merge Heap Roots: 0.69ms
[4588.127s][info][gc,phases      ] GC(1355)   Evacuate Collection Set: 131.33ms
[4588.127s][info][gc,phases      ] GC(1355)   Post Evacuate Collection Set: 0.93ms
[4588.127s][info][gc,phases      ] GC(1355)   Other: 0.08ms
[4588.127s][info][gc,heap        ] GC(1355) Eden regions: 1102->0(1120)
[4588.127s][info][gc,heap        ] GC(1355) Survivor regions: 112->108(152)
[4588.127s][info][gc,heap        ] GC(1355) Old regions: 539->474
[4588.127s][info][gc,heap        ] GC(1355) Humongous regions: 80->80
[4588.127s][info][gc,metaspace   ] GC(1355) Metaspace: 28867K(29312K)->28867K(29312K) NonClass: 23998K(24192K)->23998K(24192K) Class: 4869K(5120K)->4869K(5120K)
[4588.127s][info][gc             ] GC(1355) Pause Young (Mixed) (G1 Evacuation Pause) 3665M->1322M(4096M) 133.543ms
[4588.127s][info][gc,cpu         ] GC(1355) User=0.78s Sys=0.00s Real=0.13s
..[4590.171s][info][gc,start       ] GC(1356) Pause Young (Concurrent Start) (G1 Evacuation Pause)
[4590.171s][info][gc,task        ] GC(1356) Using 6 workers of 6 for evacuation
[4590.295s][info][gc,phases      ] GC(1356)   Pre Evacuate Collection Set: 0.37ms
[4590.295s][info][gc,phases      ] GC(1356)   Merge Heap Roots: 0.43ms
[4590.295s][info][gc,phases      ] GC(1356)   Evacuate Collection Set: 122.53ms
[4590.295s][info][gc,phases      ] GC(1356)   Post Evacuate Collection Set: 0.90ms
[4590.295s][info][gc,phases      ] GC(1356)   Other: 0.09ms
[4590.295s][info][gc,heap        ] GC(1356) Eden regions: 1120->0(1115)
[4590.295s][info][gc,heap        ] GC(1356) Survivor regions: 108->113(154)
[4590.295s][info][gc,heap        ] GC(1356) Old regions: 474->505
[4590.295s][info][gc,heap        ] GC(1356) Humongous regions: 80->80
[4590.295s][info][gc,metaspace   ] GC(1356) Metaspace: 28867K(29312K)->28867K(29312K) NonClass: 23998K(24192K)->23998K(24192K) Class: 4869K(5120K)->4869K(5120K)
[4590.295s][info][gc             ] GC(1356) Pause Young (Concurrent Start) (G1 Evacuation Pause) 3562M->1395M(4096M) 124.445ms
[4590.295s][info][gc             ] GC(1357) Concurrent Mark Cycle
[4590.295s][info][gc,marking     ] GC(1357) Concurrent Scan Root Regions
[4590.295s][info][gc,cpu         ] GC(1356) User=0.73s Sys=0.01s Real=0.13s
.[4590.455s][info][gc,marking     ] GC(1357) Concurrent Scan Root Regions 159.647ms
[4590.455s][info][gc,marking     ] GC(1357) Concurrent Mark
[4590.455s][info][gc,marking     ] GC(1357) Concurrent Mark From Roots
[4590.455s][info][gc,task        ] GC(1357) Using 2 workers of 2 for marking
[4591.246s][info][gc,marking     ] GC(1357) Concurrent Mark From Roots 791.472ms
[4591.246s][info][gc,marking     ] GC(1357) Concurrent Preclean
[4591.246s][info][gc,marking     ] GC(1357) Concurrent Preclean 0.119ms
[4591.248s][info][gc,start       ] GC(1357) Pause Remark
[4591.255s][info][gc             ] GC(1357) Pause Remark 2255M->2255M(4096M) 6.687ms
[4591.255s][info][gc,cpu         ] GC(1357) User=0.04s Sys=0.00s Real=0.01s
[4591.256s][info][gc,marking     ] GC(1357) Concurrent Mark 801.348ms
[4591.256s][info][gc,marking     ] GC(1357) Concurrent Rebuild Remembered Sets and Scrub Regions
.[4591.564s][info][gc,marking     ] GC(1357) Concurrent Rebuild Remembered Sets and Scrub Regions 307.418ms
[4591.565s][info][gc,start       ] GC(1357) Pause Cleanup
[4591.565s][info][gc             ] GC(1357) Pause Cleanup 2603M->2603M(4096M) 0.132ms
[4591.565s][info][gc,cpu         ] GC(1357) User=0.00s Sys=0.00s Real=0.00s
[4591.565s][info][gc,marking     ] GC(1357) Concurrent Clear Claimed Marks
[4591.565s][info][gc,marking     ] GC(1357) Concurrent Clear Claimed Marks 0.026ms
[4591.565s][info][gc,marking     ] GC(1357) Concurrent Cleanup for Next Mark
[4591.579s][info][gc,marking     ] GC(1357) Concurrent Cleanup for Next Mark 13.460ms
[4591.579s][info][gc             ] GC(1357) Concurrent Mark Cycle 1283.838ms
.[4592.502s][info][gc,start       ] GC(1358) Pause Young (Prepare Mixed) (G1 Evacuation Pause)
[4592.502s][info][gc,task        ] GC(1358) Using 6 workers of 6 for evacuation
[4592.618s][info][gc,phases      ] GC(1358)   Pre Evacuate Collection Set: 0.32ms
[4592.618s][info][gc,phases      ] GC(1358)   Merge Heap Roots: 0.50ms
[4592.618s][info][gc,phases      ] GC(1358)   Evacuate Collection Set: 114.46ms
[4592.618s][info][gc,phases      ] GC(1358)   Post Evacuate Collection Set: 0.93ms
[4592.618s][info][gc,phases      ] GC(1358)   Other: 0.09ms
[4592.618s][info][gc,heap        ] GC(1358) Eden regions: 1115->0(1110)
[4592.618s][info][gc,heap        ] GC(1358) Survivor regions: 113->109(154)
[4592.618s][info][gc,heap        ] GC(1358) Old regions: 505->537
[4592.618s][info][gc,heap        ] GC(1358) Humongous regions: 80->80
[4592.618s][info][gc,metaspace   ] GC(1358) Metaspace: 28867K(29312K)->28867K(29312K) NonClass: 23998K(24192K)->23998K(24192K) Class: 4869K(5120K)->4869K(5120K)
[4592.618s][info][gc             ] GC(1358) Pause Young (Prepare Mixed) (G1 Evacuation Pause) 3625M->1449M(4096M) 116.420ms
[4592.618s][info][gc,cpu         ] GC(1358) User=0.69s Sys=0.00s Real=0.12s
..[4594.797s][info][gc,start       ] GC(1359) Pause Young (Mixed) (G1 Evacuation Pause)
[4594.797s][info][gc,task        ] GC(1359) Using 6 workers of 6 for evacuation
[4594.932s][info][gc,phases      ] GC(1359)   Pre Evacuate Collection Set: 0.36ms
[4594.932s][info][gc,phases      ] GC(1359)   Merge Heap Roots: 0.67ms
[4594.932s][info][gc,phases      ] GC(1359)   Evacuate Collection Set: 132.40ms
[4594.932s][info][gc,phases      ] GC(1359)   Post Evacuate Collection Set: 0.95ms
[4594.932s][info][gc,phases      ] GC(1359)   Other: 0.09ms
[4594.932s][info][gc,heap        ] GC(1359) Eden regions: 1110->0(1117)
[4594.932s][info][gc,heap        ] GC(1359) Survivor regions: 109->111(153)
[4594.932s][info][gc,heap        ] GC(1359) Old regions: 537->475
[4594.932s][info][gc,heap        ] GC(1359) Humongous regions: 80->80
[4594.932s][info][gc,metaspace   ] GC(1359) Metaspace: 28867K(29312K)->28867K(29312K) NonClass: 23998K(24192K)->23998K(24192K) Class: 4869K(5120K)->4869K(5120K)
[4594.932s][info][gc             ] GC(1359) Pause Young (Mixed) (G1 Evacuation Pause) 3669M->1331M(4096M) 134.606ms
[4594.932s][info][gc,cpu         ] GC(1359) User=0.80s Sys=0.00s Real=0.13s
..[4597.037s][info][gc,start       ] GC(1360) Pause Young (Concurrent Start) (G1 Evacuation Pause)
[4597.037s][info][gc,task        ] GC(1360) Using 6 workers of 6 for evacuation
[4597.150s][info][gc,phases      ] GC(1360)   Pre Evacuate Collection Set: 0.36ms
[4597.150s][info][gc,phases      ] GC(1360)   Merge Heap Roots: 0.45ms
[4597.150s][info][gc,phases      ] GC(1360)   Evacuate Collection Set: 111.90ms
[4597.150s][info][gc,phases      ] GC(1360)   Post Evacuate Collection Set: 0.88ms
[4597.150s][info][gc,phases      ] GC(1360)   Other: 0.13ms
[4597.150s][info][gc,heap        ] GC(1360) Eden regions: 1117->0(1120)
[4597.150s][info][gc,heap        ] GC(1360) Survivor regions: 111->108(154)
[4597.150s][info][gc,heap        ] GC(1360) Old regions: 475->507
[4597.150s][info][gc,heap        ] GC(1360) Humongous regions: 80->80
[4597.150s][info][gc,metaspace   ] GC(1360) Metaspace: 28867K(29312K)->28867K(29312K) NonClass: 23998K(24192K)->23998K(24192K) Class: 4869K(5120K)->4869K(5120K)
[4597.150s][info][gc             ] GC(1360) Pause Young (Concurrent Start) (G1 Evacuation Pause) 3565M->1387M(4096M) 113.863ms
[4597.150s][info][gc             ] GC(1361) Concurrent Mark Cycle
[4597.150s][info][gc,marking     ] GC(1361) Concurrent Scan Root Regions
[4597.151s][info][gc,cpu         ] GC(1360) User=0.68s Sys=0.00s Real=0.11s
[4597.289s][info][gc,marking     ] GC(1361) Concurrent Scan Root Regions 138.439ms
[4597.289s][info][gc,marking     ] GC(1361) Concurrent Mark
[4597.289s][info][gc,marking     ] GC(1361) Concurrent Mark From Roots
[4597.289s][info][gc,task        ] GC(1361) Using 2 workers of 2 for marking
.|[4598.072s][info][gc,marking     ] GC(1361) Concurrent Mark From Roots 783.385ms
[4598.072s][info][gc,marking     ] GC(1361) Concurrent Preclean
[4598.073s][info][gc,marking     ] GC(1361) Concurrent Preclean 0.126ms
[4598.073s][info][gc,start       ] GC(1361) Pause Remark
[4598.078s][info][gc             ] GC(1361) Pause Remark 2203M->2203M(4096M) 4.900ms
[4598.078s][info][gc,cpu         ] GC(1361) User=0.03s Sys=0.00s Real=0.00s
[4598.078s][info][gc,marking     ] GC(1361) Concurrent Mark 788.928ms
[4598.078s][info][gc,marking     ] GC(1361) Concurrent Rebuild Remembered Sets and Scrub Regions
[4598.389s][info][gc,marking     ] GC(1361) Concurrent Rebuild Remembered Sets and Scrub Regions 311.112ms
[4598.392s][info][gc,start       ] GC(1361) Pause Cleanup
[4598.392s][info][gc             ] GC(1361) Pause Cleanup 2533M->2533M(4096M) 0.128ms
[4598.392s][info][gc,cpu         ] GC(1361) User=0.00s Sys=0.00s Real=0.00s
[4598.392s][info][gc,marking     ] GC(1361) Concurrent Clear Claimed Marks
[4598.392s][info][gc,marking     ] GC(1361) Concurrent Clear Claimed Marks 0.036ms
[4598.392s][info][gc,marking     ] GC(1361) Concurrent Cleanup for Next Mark
[4598.400s][info][gc,marking     ] GC(1361) Concurrent Cleanup for Next Mark 7.835ms
[4598.400s][info][gc             ] GC(1361) Concurrent Mark Cycle 1249.181ms
.[4599.378s][info][gc,start       ] GC(1362) Pause Young (Prepare Mixed) (G1 Evacuation Pause)
[4599.378s][info][gc,task        ] GC(1362) Using 6 workers of 6 for evacuation
[4599.499s][info][gc,phases      ] GC(1362)   Pre Evacuate Collection Set: 0.33ms
[4599.499s][info][gc,phases      ] GC(1362)   Merge Heap Roots: 0.53ms
[4599.499s][info][gc,phases      ] GC(1362)   Evacuate Collection Set: 118.69ms
[4599.499s][info][gc,phases      ] GC(1362)   Post Evacuate Collection Set: 0.93ms
[4599.499s][info][gc,phases      ] GC(1362)   Other: 0.09ms
[4599.499s][info][gc,heap        ] GC(1362) Eden regions: 1120->0(1104)
[4599.499s][info][gc,heap        ] GC(1362) Survivor regions: 108->111(154)
[4599.499s][info][gc,heap        ] GC(1362) Old regions: 507->539
[4599.499s][info][gc,heap        ] GC(1362) Humongous regions: 80->80
[4599.499s][info][gc,metaspace   ] GC(1362) Metaspace: 28867K(29312K)->28867K(29312K) NonClass: 23998K(24192K)->23998K(24192K) Class: 4869K(5120K)->4869K(5120K)
[4599.499s][info][gc             ] GC(1362) Pause Young (Prepare Mixed) (G1 Evacuation Pause) 3627M->1459M(4096M) 120.719ms
[4599.499s][info][gc,cpu         ] GC(1362) User=0.71s Sys=0.00s Real=0.12s
...[4601.588s][info][gc,start       ] GC(1363) Pause Young (Mixed) (G1 Evacuation Pause)
[4601.588s][info][gc,task        ] GC(1363) Using 6 workers of 6 for evacuation
[4601.719s][info][gc,phases      ] GC(1363)   Pre Evacuate Collection Set: 0.40ms
[4601.719s][info][gc,phases      ] GC(1363)   Merge Heap Roots: 0.60ms
[4601.719s][info][gc,phases      ] GC(1363)   Evacuate Collection Set: 129.50ms
[4601.719s][info][gc,phases      ] GC(1363)   Post Evacuate Collection Set: 0.93ms
[4601.719s][info][gc,phases      ] GC(1363)   Other: 0.09ms
[4601.719s][info][gc,heap        ] GC(1363) Eden regions: 1104->0(1118)
[4601.719s][info][gc,heap        ] GC(1363) Survivor regions: 111->110(152)
[4601.719s][info][gc,heap        ] GC(1363) Old regions: 539->476
[4601.719s][info][gc,heap        ] GC(1363) Humongous regions: 80->80
[4601.719s][info][gc,metaspace   ] GC(1363) Metaspace: 28867K(29312K)->28867K(29312K) NonClass: 23998K(24192K)->23998K(24192K) Class: 4869K(5120K)->4869K(5120K)
[4601.720s][info][gc             ] GC(1363) Pause Young (Mixed) (G1 Evacuation Pause) 3667M->1330M(4096M) 131.656ms
[4601.720s][info][gc,cpu         ] GC(1363) User=0.78s Sys=0.00s Real=0.13s
..[4603.905s][info][gc,start       ] GC(1364) Pause Young (Concurrent Start) (G1 Evacuation Pause)
[4603.905s][info][gc,task        ] GC(1364) Using 6 workers of 6 for evacuation
[4604.027s][info][gc,phases      ] GC(1364)   Pre Evacuate Collection Set: 0.36ms
[4604.027s][info][gc,phases      ] GC(1364)   Merge Heap Roots: 0.46ms
[4604.027s][info][gc,phases      ] GC(1364)   Evacuate Collection Set: 120.15ms
[4604.027s][info][gc,phases      ] GC(1364)   Post Evacuate Collection Set: 0.89ms
[4604.027s][info][gc,phases      ] GC(1364)   Other: 0.10ms
[4604.027s][info][gc,heap        ] GC(1364) Eden regions: 1118->0(1113)
[4604.027s][info][gc,heap        ] GC(1364) Survivor regions: 110->115(154)
[4604.027s][info][gc,heap        ] GC(1364) Old regions: 476->508
[4604.027s][info][gc,heap        ] GC(1364) Humongous regions: 80->80
[4604.027s][info][gc,metaspace   ] GC(1364) Metaspace: 28867K(29312K)->28867K(29312K) NonClass: 23998K(24192K)->23998K(24192K) Class: 4869K(5120K)->4869K(5120K)
[4604.027s][info][gc             ] GC(1364) Pause Young (Concurrent Start) (G1 Evacuation Pause) 3566M->1404M(4096M) 122.092ms
[4604.027s][info][gc             ] GC(1365) Concurrent Mark Cycle
[4604.027s][info][gc,marking     ] GC(1365) Concurrent Scan Root Regions
[4604.027s][info][gc,cpu         ] GC(1364) User=0.72s Sys=0.00s Real=0.12s
[4604.207s][info][gc,marking     ] GC(1365) Concurrent Scan Root Regions 180.039ms
[4604.207s][info][gc,marking     ] GC(1365) Concurrent Mark
[4604.207s][info][gc,marking     ] GC(1365) Concurrent Mark From Roots
[4604.207s][info][gc,task        ] GC(1365) Using 2 workers of 2 for marking
.[4605.221s][info][gc,marking     ] GC(1365) Concurrent Mark From Roots 1014.053ms
[4605.221s][info][gc,marking     ] GC(1365) Concurrent Preclean
[4605.221s][info][gc,marking     ] GC(1365) Concurrent Preclean 0.111ms
[4605.224s][info][gc,start       ] GC(1365) Pause Remark
[4605.231s][info][gc             ] GC(1365) Pause Remark 2480M->2480M(4096M) 6.211ms
[4605.231s][info][gc,cpu         ] GC(1365) User=0.03s Sys=0.00s Real=0.00s
[4605.231s][info][gc,marking     ] GC(1365) Concurrent Mark 1023.850ms
[4605.231s][info][gc,marking     ] GC(1365) Concurrent Rebuild Remembered Sets and Scrub Regions
.[4605.597s][info][gc,marking     ] GC(1365) Concurrent Rebuild Remembered Sets and Scrub Regions 365.849ms
[4605.597s][info][gc,start       ] GC(1365) Pause Cleanup
[4605.597s][info][gc             ] GC(1365) Pause Cleanup 2904M->2904M(4096M) 0.118ms
[4605.597s][info][gc,cpu         ] GC(1365) User=0.00s Sys=0.00s Real=0.00s
[4605.597s][info][gc,marking     ] GC(1365) Concurrent Clear Claimed Marks
[4605.597s][info][gc,marking     ] GC(1365) Concurrent Clear Claimed Marks 0.024ms
[4605.597s][info][gc,marking     ] GC(1365) Concurrent Cleanup for Next Mark
[4605.603s][info][gc,marking     ] GC(1365) Concurrent Cleanup for Next Mark 5.227ms
[4605.603s][info][gc             ] GC(1365) Concurrent Mark Cycle 1575.704ms
[4606.147s][info][gc,start       ] GC(1366) Pause Young (Prepare Mixed) (G1 Evacuation Pause)
[4606.147s][info][gc,task        ] GC(1366) Using 6 workers of 6 for evacuation
[4606.266s][info][gc,phases      ] GC(1366)   Pre Evacuate Collection Set: 0.34ms
[4606.266s][info][gc,phases      ] GC(1366)   Merge Heap Roots: 0.51ms
[4606.266s][info][gc,phases      ] GC(1366)   Evacuate Collection Set: 117.08ms
[4606.266s][info][gc,phases      ] GC(1366)   Post Evacuate Collection Set: 0.94ms
[4606.266s][info][gc,phases      ] GC(1366)   Other: 0.09ms
[4606.266s][info][gc,heap        ] GC(1366) Eden regions: 1113->0(1105)
[4606.266s][info][gc,heap        ] GC(1366) Survivor regions: 115->110(154)
[4606.266s][info][gc,heap        ] GC(1366) Old regions: 508->540
[4606.266s][info][gc,heap        ] GC(1366) Humongous regions: 80->80
[4606.266s][info][gc,metaspace   ] GC(1366) Metaspace: 28867K(29312K)->28867K(29312K) NonClass: 23998K(24192K)->23998K(24192K) Class: 4869K(5120K)->4869K(5120K)
[4606.266s][info][gc             ] GC(1366) Pause Young (Prepare Mixed) (G1 Evacuation Pause) 3630M->1457M(4096M) 119.101ms
[4606.266s][info][gc,cpu         ] GC(1366) User=0.70s Sys=0.00s Real=0.12s
..[4608.326s][info][gc,start       ] GC(1367) Pause Young (Mixed) (G1 Evacuation Pause)
[4608.327s][info][gc,task        ] GC(1367) Using 6 workers of 6 for evacuation
[4608.464s][info][gc,phases      ] GC(1367)   Pre Evacuate Collection Set: 0.36ms
[4608.464s][info][gc,phases      ] GC(1367)   Merge Heap Roots: 0.61ms
[4608.464s][info][gc,phases      ] GC(1367)   Evacuate Collection Set: 135.16ms
[4608.464s][info][gc,phases      ] GC(1367)   Post Evacuate Collection Set: 0.95ms
[4608.464s][info][gc,phases      ] GC(1367)   Other: 0.09ms
[4608.464s][info][gc,heap        ] GC(1367) Eden regions: 1105->0(1113)
[4608.464s][info][gc,heap        ] GC(1367) Survivor regions: 110->115(152)
[4608.464s][info][gc,heap        ] GC(1367) Old regions: 540->474
[4608.464s][info][gc,heap        ] GC(1367) Humongous regions: 80->80
[4608.464s][info][gc,metaspace   ] GC(1367) Metaspace: 28867K(29312K)->28867K(29312K) NonClass: 23998K(24192K)->23998K(24192K) Class: 4869K(5120K)->4869K(5120K)
[4608.464s][info][gc             ] GC(1367) Pause Young (Mixed) (G1 Evacuation Pause) 3667M->1336M(4096M) 137.309ms
[4608.464s][info][gc,cpu         ] GC(1367) User=0.81s Sys=0.00s Real=0.14s
...[4610.574s][info][gc,start       ] GC(1368) Pause Young (Concurrent Start) (G1 Evacuation Pause)
[4610.574s][info][gc,task        ] GC(1368) Using 6 workers of 6 for evacuation
[4610.692s][info][gc,phases      ] GC(1368)   Pre Evacuate Collection Set: 0.35ms
[4610.692s][info][gc,phases      ] GC(1368)   Merge Heap Roots: 0.47ms
[4610.692s][info][gc,phases      ] GC(1368)   Evacuate Collection Set: 115.85ms
[4610.692s][info][gc,phases      ] GC(1368)   Post Evacuate Collection Set: 0.87ms
[4610.692s][info][gc,phases      ] GC(1368)   Other: 0.14ms
[4610.692s][info][gc,heap        ] GC(1368) Eden regions: 1113->0(1118)
[4610.692s][info][gc,heap        ] GC(1368) Survivor regions: 115->110(154)
[4610.692s][info][gc,heap        ] GC(1368) Old regions: 474->506
[4610.692s][info][gc,heap        ] GC(1368) Humongous regions: 80->80
[4610.692s][info][gc,metaspace   ] GC(1368) Metaspace: 28867K(29312K)->28867K(29312K) NonClass: 23998K(24192K)->23998K(24192K) Class: 4869K(5120K)->4869K(5120K)
[4610.692s][info][gc             ] GC(1368) Pause Young (Concurrent Start) (G1 Evacuation Pause) 3562M->1391M(4096M) 117.798ms
[4610.692s][info][gc             ] GC(1369) Concurrent Mark Cycle
[4610.692s][info][gc,marking     ] GC(1369) Concurrent Scan Root Regions
[4610.692s][info][gc,cpu         ] GC(1368) User=0.70s Sys=0.00s Real=0.11s
[4610.874s][info][gc,marking     ] GC(1369) Concurrent Scan Root Regions 181.652ms
[4610.874s][info][gc,marking     ] GC(1369) Concurrent Mark
[4610.874s][info][gc,marking     ] GC(1369) Concurrent Mark From Roots
[4610.874s][info][gc,task        ] GC(1369) Using 2 workers of 2 for marking
.[4611.849s][info][gc,marking     ] GC(1369) Concurrent Mark From Roots 975.105ms
[4611.849s][info][gc,marking     ] GC(1369) Concurrent Preclean
[4611.849s][info][gc,marking     ] GC(1369) Concurrent Preclean 0.125ms
[4611.849s][info][gc,start       ] GC(1369) Pause Remark
[4611.854s][info][gc             ] GC(1369) Pause Remark 2469M->2469M(4096M) 5.098ms
[4611.854s][info][gc,cpu         ] GC(1369) User=0.03s Sys=0.00s Real=0.01s
[4611.855s][info][gc,marking     ] GC(1369) Concurrent Mark 981.123ms
[4611.855s][info][gc,marking     ] GC(1369) Concurrent Rebuild Remembered Sets and Scrub Regions
[4612.284s][info][gc,marking     ] GC(1369) Concurrent Rebuild Remembered Sets and Scrub Regions 429.522ms
[4612.285s][info][gc,start       ] GC(1369) Pause Cleanup
[4612.285s][info][gc             ] GC(1369) Pause Cleanup 2951M->2951M(4096M) 0.117ms
[4612.285s][info][gc,cpu         ] GC(1369) User=0.00s Sys=0.00s Real=0.00s
[4612.285s][info][gc,marking     ] GC(1369) Concurrent Clear Claimed Marks
[4612.285s][info][gc,marking     ] GC(1369) Concurrent Clear Claimed Marks 0.030ms
[4612.285s][info][gc,marking     ] GC(1369) Concurrent Cleanup for Next Mark
[4612.290s][info][gc,marking     ] GC(1369) Concurrent Cleanup for Next Mark 5.374ms
[4612.290s][info][gc             ] GC(1369) Concurrent Mark Cycle 1598.276ms
.[4612.807s][info][gc,start       ] GC(1370) Pause Young (Prepare Mixed) (G1 Evacuation Pause)
[4612.807s][info][gc,task        ] GC(1370) Using 6 workers of 6 for evacuation
[4612.932s][info][gc,phases      ] GC(1370)   Pre Evacuate Collection Set: 0.33ms
[4612.932s][info][gc,phases      ] GC(1370)   Merge Heap Roots: 0.50ms
[4612.932s][info][gc,phases      ] GC(1370)   Evacuate Collection Set: 122.79ms
[4612.932s][info][gc,phases      ] GC(1370)   Post Evacuate Collection Set: 0.94ms
[4612.932s][info][gc,phases      ] GC(1370)   Other: 0.10ms
[4612.932s][info][gc,heap        ] GC(1370) Eden regions: 1118->0(1095)
[4612.932s][info][gc,heap        ] GC(1370) Survivor regions: 110->116(154)
[4612.932s][info][gc,heap        ] GC(1370) Old regions: 506->538
[4612.932s][info][gc,heap        ] GC(1370) Humongous regions: 80->80
[4612.932s][info][gc,metaspace   ] GC(1370) Metaspace: 28867K(29312K)->28867K(29312K) NonClass: 23998K(24192K)->23998K(24192K) Class: 4869K(5120K)->4869K(5120K)
[4612.932s][info][gc             ] GC(1370) Pause Young (Prepare Mixed) (G1 Evacuation Pause) 3627M->1467M(4096M) 124.780ms
[4612.932s][info][gc,cpu         ] GC(1370) User=0.74s Sys=0.00s Real=0.12s
..[4615.111s][info][gc,start       ] GC(1371) Pause Young (Mixed) (G1 Evacuation Pause)
[4615.111s][info][gc,task        ] GC(1371) Using 6 workers of 6 for evacuation
[4615.247s][info][gc,phases      ] GC(1371)   Pre Evacuate Collection Set: 0.37ms
[4615.247s][info][gc,phases      ] GC(1371)   Merge Heap Roots: 0.72ms
[4615.247s][info][gc,phases      ] GC(1371)   Evacuate Collection Set: 133.88ms
[4615.247s][info][gc,phases      ] GC(1371)   Post Evacuate Collection Set: 0.94ms
[4615.247s][info][gc,phases      ] GC(1371)   Other: 0.08ms
[4615.247s][info][gc,heap        ] GC(1371) Eden regions: 1095->0(1117)
[4615.247s][info][gc,heap        ] GC(1371) Survivor regions: 116->111(152)
[4615.247s][info][gc,heap        ] GC(1371) Old regions: 538->476
[4615.247s][info][gc,heap        ] GC(1371) Humongous regions: 80->80
[4615.247s][info][gc,metaspace   ] GC(1371) Metaspace: 28867K(29312K)->28867K(29312K) NonClass: 23998K(24192K)->23998K(24192K) Class: 4869K(5120K)->4869K(5120K)
[4615.247s][info][gc             ] GC(1371) Pause Young (Mixed) (G1 Evacuation Pause) 3657M->1332M(4096M) 136.121ms
[4615.247s][info][gc,cpu         ] GC(1371) User=0.81s Sys=0.00s Real=0.14s
..[4617.436s][info][gc,start       ] GC(1372) Pause Young (Concurrent Start) (G1 Evacuation Pause)
[4617.436s][info][gc,task        ] GC(1372) Using 6 workers of 6 for evacuation
[4617.554s][info][gc,phases      ] GC(1372)   Pre Evacuate Collection Set: 0.40ms
[4617.554s][info][gc,phases      ] GC(1372)   Merge Heap Roots: 0.48ms
[4617.554s][info][gc,phases      ] GC(1372)   Evacuate Collection Set: 116.18ms
[4617.554s][info][gc,phases      ] GC(1372)   Post Evacuate Collection Set: 0.88ms
[4617.554s][info][gc,phases      ] GC(1372)   Other: 0.12ms
[4617.554s][info][gc,heap        ] GC(1372) Eden regions: 1117->0(1117)
[4617.554s][info][gc,heap        ] GC(1372) Survivor regions: 111->111(154)
[4617.554s][info][gc,heap        ] GC(1372) Old regions: 476->508
[4617.554s][info][gc,heap        ] GC(1372) Humongous regions: 80->80
[4617.554s][info][gc,metaspace   ] GC(1372) Metaspace: 28867K(29312K)->28867K(29312K) NonClass: 23998K(24192K)->23998K(24192K) Class: 4869K(5120K)->4869K(5120K)
[4617.554s][info][gc             ] GC(1372) Pause Young (Concurrent Start) (G1 Evacuation Pause) 3566M->1396M(4096M) 118.207ms
[4617.554s][info][gc             ] GC(1373) Concurrent Mark Cycle
[4617.554s][info][gc,marking     ] GC(1373) Concurrent Scan Root Regions
[4617.554s][info][gc,cpu         ] GC(1372) User=0.70s Sys=0.00s Real=0.12s
[4617.733s][info][gc,marking     ] GC(1373) Concurrent Scan Root Regions 178.746ms
[4617.733s][info][gc,marking     ] GC(1373) Concurrent Mark
[4617.733s][info][gc,marking     ] GC(1373) Concurrent Mark From Roots
[4617.733s][info][gc,task        ] GC(1373) Using 2 workers of 2 for marking
.[4618.739s][info][gc,marking     ] GC(1373) Concurrent Mark From Roots 1005.661ms
[4618.739s][info][gc,marking     ] GC(1373) Concurrent Preclean
[4618.739s][info][gc,marking     ] GC(1373) Concurrent Preclean 0.120ms
[4618.742s][info][gc,start       ] GC(1373) Pause Remark
[4618.749s][info][gc             ] GC(1373) Pause Remark 2504M->2504M(4096M) 7.147ms
[4618.749s][info][gc,cpu         ] GC(1373) User=0.04s Sys=0.00s Real=0.00s
[4618.749s][info][gc,marking     ] GC(1373) Concurrent Mark 1016.481ms
[4618.749s][info][gc,marking     ] GC(1373) Concurrent Rebuild Remembered Sets and Scrub Regions
.[4619.145s][info][gc,marking     ] GC(1373) Concurrent Rebuild Remembered Sets and Scrub Regions 395.783ms
[4619.147s][info][gc,start       ] GC(1373) Pause Cleanup
[4619.148s][info][gc             ] GC(1373) Pause Cleanup 2870M->2870M(4096M) 0.135ms
[4619.148s][info][gc,cpu         ] GC(1373) User=0.00s Sys=0.00s Real=0.00s
[4619.148s][info][gc,marking     ] GC(1373) Concurrent Clear Claimed Marks
[4619.148s][info][gc,marking     ] GC(1373) Concurrent Clear Claimed Marks 0.032ms
[4619.148s][info][gc,marking     ] GC(1373) Concurrent Cleanup for Next Mark
[4619.160s][info][gc,marking     ] GC(1373) Concurrent Cleanup for Next Mark 12.088ms
[4619.160s][info][gc             ] GC(1373) Concurrent Mark Cycle 1606.006ms
[4619.735s][info][gc,start       ] GC(1374) Pause Young (Prepare Mixed) (G1 Evacuation Pause)
[4619.735s][info][gc,task        ] GC(1374) Using 6 workers of 6 for evacuation
[4619.854s][info][gc,phases      ] GC(1374)   Pre Evacuate Collection Set: 0.34ms
[4619.854s][info][gc,phases      ] GC(1374)   Merge Heap Roots: 0.52ms
[4619.854s][info][gc,phases      ] GC(1374)   Evacuate Collection Set: 116.82ms
[4619.854s][info][gc,phases      ] GC(1374)   Post Evacuate Collection Set: 0.90ms
[4619.854s][info][gc,phases      ] GC(1374)   Other: 0.09ms
[4619.854s][info][gc,heap        ] GC(1374) Eden regions: 1117->0(1102)
[4619.854s][info][gc,heap        ] GC(1374) Survivor regions: 111->112(154)
[4619.854s][info][gc,heap        ] GC(1374) Old regions: 508->539
[4619.854s][info][gc,heap        ] GC(1374) Humongous regions: 80->80
[4619.854s][info][gc,metaspace   ] GC(1374) Metaspace: 28867K(29312K)->28867K(29312K) NonClass: 23998K(24192K)->23998K(24192K) Class: 4869K(5120K)->4869K(5120K)
[4619.854s][info][gc             ] GC(1374) Pause Young (Prepare Mixed) (G1 Evacuation Pause) 3630M->1460M(4096M) 118.801ms
[4619.854s][info][gc,cpu         ] GC(1374) User=0.70s Sys=0.00s Real=0.12s
..[4621.826s][info][gc,start       ] GC(1375) Pause Young (Mixed) (G1 Evacuation Pause)
[4621.826s][info][gc,task        ] GC(1375) Using 6 workers of 6 for evacuation
[4621.961s][info][gc,phases      ] GC(1375)   Pre Evacuate Collection Set: 0.44ms
[4621.961s][info][gc,phases      ] GC(1375)   Merge Heap Roots: 0.71ms
[4621.961s][info][gc,phases      ] GC(1375)   Evacuate Collection Set: 132.23ms
[4621.961s][info][gc,phases      ] GC(1375)   Post Evacuate Collection Set: 0.95ms
[4621.961s][info][gc,phases      ] GC(1375)   Other: 0.89ms
[4621.961s][info][gc,heap        ] GC(1375) Eden regions: 1102->0(1117)
[4621.961s][info][gc,heap        ] GC(1375) Survivor regions: 112->111(152)
[4621.961s][info][gc,heap        ] GC(1375) Old regions: 539->476
[4621.961s][info][gc,heap        ] GC(1375) Humongous regions: 80->80
[4621.961s][info][gc,metaspace   ] GC(1375) Metaspace: 28867K(29312K)->28867K(29312K) NonClass: 23998K(24192K)->23998K(24192K) Class: 4869K(5120K)->4869K(5120K)
[4621.961s][info][gc             ] GC(1375) Pause Young (Mixed) (G1 Evacuation Pause) 3664M->1331M(4096M) 135.363ms
[4621.961s][info][gc,cpu         ] GC(1375) User=0.80s Sys=0.00s Real=0.13s
...[4624.105s][info][gc,start       ] GC(1376) Pause Young (Concurrent Start) (G1 Evacuation Pause)
[4624.105s][info][gc,task        ] GC(1376) Using 6 workers of 6 for evacuation
[4624.229s][info][gc,phases      ] GC(1376)   Pre Evacuate Collection Set: 0.38ms
[4624.229s][info][gc,phases      ] GC(1376)   Merge Heap Roots: 0.48ms
[4624.229s][info][gc,phases      ] GC(1376)   Evacuate Collection Set: 121.72ms
[4624.229s][info][gc,phases      ] GC(1376)   Post Evacuate Collection Set: 0.90ms
[4624.229s][info][gc,phases      ] GC(1376)   Other: 0.14ms
[4624.229s][info][gc,heap        ] GC(1376) Eden regions: 1117->0(1115)
[4624.229s][info][gc,heap        ] GC(1376) Survivor regions: 111->113(154)
[4624.229s][info][gc,heap        ] GC(1376) Old regions: 476->507
[4624.229s][info][gc,heap        ] GC(1376) Humongous regions: 80->80
[4624.229s][info][gc,metaspace   ] GC(1376) Metaspace: 28867K(29312K)->28867K(29312K) NonClass: 23998K(24192K)->23998K(24192K) Class: 4869K(5120K)->4869K(5120K)
[4624.229s][info][gc             ] GC(1376) Pause Young (Concurrent Start) (G1 Evacuation Pause) 3565M->1397M(4096M) 123.773ms
[4624.229s][info][gc             ] GC(1377) Concurrent Mark Cycle
[4624.229s][info][gc,marking     ] GC(1377) Concurrent Scan Root Regions
[4624.229s][info][gc,cpu         ] GC(1376) User=0.73s Sys=0.00s Real=0.12s
[4624.469s][info][gc,marking     ] GC(1377) Concurrent Scan Root Regions 239.993ms
[4624.469s][info][gc,marking     ] GC(1377) Concurrent Mark
[4624.469s][info][gc,marking     ] GC(1377) Concurrent Mark From Roots
[4624.469s][info][gc,task        ] GC(1377) Using 2 workers of 2 for marking
.[4625.758s][info][gc,marking     ] GC(1377) Concurrent Mark From Roots 1289.192ms
[4625.758s][info][gc,marking     ] GC(1377) Concurrent Preclean
[4625.758s][info][gc,marking     ] GC(1377) Concurrent Preclean 0.114ms
[4625.760s][info][gc,start       ] GC(1377) Pause Remark
[4625.766s][info][gc             ] GC(1377) Pause Remark 2925M->2925M(4096M) 5.577ms
[4625.766s][info][gc,cpu         ] GC(1377) User=0.03s Sys=0.00s Real=0.01s
[4625.766s][info][gc,marking     ] GC(1377) Concurrent Mark 1297.091ms
[4625.766s][info][gc,marking     ] GC(1377) Concurrent Rebuild Remembered Sets and Scrub Regions
[4626.082s][info][gc,marking     ] GC(1377) Concurrent Rebuild Remembered Sets and Scrub Regions 315.997ms
[4626.083s][info][gc,start       ] GC(1377) Pause Cleanup
[4626.083s][info][gc             ] GC(1377) Pause Cleanup 3189M->3189M(4096M) 0.134ms
[4626.083s][info][gc,cpu         ] GC(1377) User=0.00s Sys=0.00s Real=0.00s
[4626.084s][info][gc,marking     ] GC(1377) Concurrent Clear Claimed Marks
[4626.084s][info][gc,marking     ] GC(1377) Concurrent Clear Claimed Marks 0.029ms
[4626.084s][info][gc,marking     ] GC(1377) Concurrent Cleanup for Next Mark
[4626.090s][info][gc,marking     ] GC(1377) Concurrent Cleanup for Next Mark 6.359ms
[4626.090s][info][gc             ] GC(1377) Concurrent Mark Cycle 1861.070ms
.[4626.368s][info][gc,start       ] GC(1378) Pause Young (Prepare Mixed) (G1 Evacuation Pause)
[4626.368s][info][gc,task        ] GC(1378) Using 6 workers of 6 for evacuation
[4626.494s][info][gc,phases      ] GC(1378)   Pre Evacuate Collection Set: 0.32ms
[4626.494s][info][gc,phases      ] GC(1378)   Merge Heap Roots: 0.50ms
[4626.494s][info][gc,phases      ] GC(1378)   Evacuate Collection Set: 124.19ms
[4626.494s][info][gc,phases      ] GC(1378)   Post Evacuate Collection Set: 0.92ms
[4626.494s][info][gc,phases      ] GC(1378)   Other: 0.09ms
[4626.494s][info][gc,heap        ] GC(1378) Eden regions: 1115->0(1092)
[4626.494s][info][gc,heap        ] GC(1378) Survivor regions: 113->117(154)
[4626.494s][info][gc,heap        ] GC(1378) Old regions: 507->539
[4626.494s][info][gc,heap        ] GC(1378) Humongous regions: 80->80
[4626.494s][info][gc,metaspace   ] GC(1378) Metaspace: 28867K(29312K)->28867K(29312K) NonClass: 23998K(24192K)->23998K(24192K) Class: 4869K(5120K)->4869K(5120K)
[4626.494s][info][gc             ] GC(1378) Pause Young (Prepare Mixed) (G1 Evacuation Pause) 3627M->1470M(4096M) 126.177ms
[4626.494s][info][gc,cpu         ] GC(1378) User=0.74s Sys=0.01s Real=0.13s
..[4628.458s][info][gc,start       ] GC(1379) Pause Young (Mixed) (G1 Evacuation Pause)
[4628.458s][info][gc,task        ] GC(1379) Using 6 workers of 6 for evacuation
[4628.596s][info][gc,phases      ] GC(1379)   Pre Evacuate Collection Set: 0.36ms
[4628.596s][info][gc,phases      ] GC(1379)   Merge Heap Roots: 0.64ms
[4628.596s][info][gc,phases      ] GC(1379)   Evacuate Collection Set: 135.49ms
[4628.596s][info][gc,phases      ] GC(1379)   Post Evacuate Collection Set: 1.01ms
[4628.596s][info][gc,phases      ] GC(1379)   Other: 0.09ms
[4628.596s][info][gc,heap        ] GC(1379) Eden regions: 1092->0(1116)
[4628.596s][info][gc,heap        ] GC(1379) Survivor regions: 117->112(152)
[4628.596s][info][gc,heap        ] GC(1379) Old regions: 539->476
[4628.596s][info][gc,heap        ] GC(1379) Humongous regions: 80->80
[4628.596s][info][gc,metaspace   ] GC(1379) Metaspace: 28867K(29312K)->28867K(29312K) NonClass: 23998K(24192K)->23998K(24192K) Class: 4869K(5120K)->4869K(5120K)
[4628.596s][info][gc             ] GC(1379) Pause Young (Mixed) (G1 Evacuation Pause) 3654M->1334M(4096M) 137.709ms
[4628.596s][info][gc,cpu         ] GC(1379) User=0.81s Sys=0.00s Real=0.14s
..[4630.778s][info][gc,start       ] GC(1380) Pause Young (Concurrent Start) (G1 Evacuation Pause)
[4630.778s][info][gc,task        ] GC(1380) Using 6 workers of 6 for evacuation
[4630.899s][info][gc,phases      ] GC(1380)   Pre Evacuate Collection Set: 0.39ms
[4630.899s][info][gc,phases      ] GC(1380)   Merge Heap Roots: 0.50ms
[4630.899s][info][gc,phases      ] GC(1380)   Evacuate Collection Set: 118.57ms
[4630.899s][info][gc,phases      ] GC(1380)   Post Evacuate Collection Set: 0.88ms
[4630.899s][info][gc,phases      ] GC(1380)   Other: 0.11ms
[4630.899s][info][gc,heap        ] GC(1380) Eden regions: 1116->0(1117)
[4630.899s][info][gc,heap        ] GC(1380) Survivor regions: 112->111(154)
[4630.899s][info][gc,heap        ] GC(1380) Old regions: 476->508
[4630.899s][info][gc,heap        ] GC(1380) Humongous regions: 80->80
[4630.899s][info][gc,metaspace   ] GC(1380) Metaspace: 28867K(29312K)->28867K(29312K) NonClass: 23998K(24192K)->23998K(24192K) Class: 4869K(5120K)->4869K(5120K)
[4630.899s][info][gc             ] GC(1380) Pause Young (Concurrent Start) (G1 Evacuation Pause) 3566M->1396M(4096M) 120.587ms
[4630.899s][info][gc             ] GC(1381) Concurrent Mark Cycle
[4630.899s][info][gc,marking     ] GC(1381) Concurrent Scan Root Regions
[4630.899s][info][gc,cpu         ] GC(1380) User=0.72s Sys=0.00s Real=0.12s
[4631.103s][info][gc,marking     ] GC(1381) Concurrent Scan Root Regions 204.184ms
[4631.103s][info][gc,marking     ] GC(1381) Concurrent Mark
[4631.103s][info][gc,marking     ] GC(1381) Concurrent Mark From Roots
[4631.103s][info][gc,task        ] GC(1381) Using 2 workers of 2 for marking
.[4632.136s][info][gc,marking     ] GC(1381) Concurrent Mark From Roots 1033.216ms
[4632.136s][info][gc,marking     ] GC(1381) Concurrent Preclean
[4632.136s][info][gc,marking     ] GC(1381) Concurrent Preclean 0.111ms
[4632.139s][info][gc,start       ] GC(1381) Pause Remark
[4632.145s][info][gc             ] GC(1381) Pause Remark 2532M->2532M(4096M) 6.033ms
[4632.145s][info][gc,cpu         ] GC(1381) User=0.03s Sys=0.00s Real=0.01s
[4632.145s][info][gc,marking     ] GC(1381) Concurrent Mark 1042.114ms
[4632.145s][info][gc,marking     ] GC(1381) Concurrent Rebuild Remembered Sets and Scrub Regions
.[4632.517s][info][gc,marking     ] GC(1381) Concurrent Rebuild Remembered Sets and Scrub Regions 371.886ms
[4632.520s][info][gc,start       ] GC(1381) Pause Cleanup
[4632.520s][info][gc             ] GC(1381) Pause Cleanup 2964M->2964M(4096M) 0.132ms
[4632.520s][info][gc,cpu         ] GC(1381) User=0.00s Sys=0.00s Real=0.00s
[4632.520s][info][gc,marking     ] GC(1381) Concurrent Clear Claimed Marks
[4632.520s][info][gc,marking     ] GC(1381) Concurrent Clear Claimed Marks 0.038ms
[4632.521s][info][gc,marking     ] GC(1381) Concurrent Cleanup for Next Mark
[4632.525s][info][gc,marking     ] GC(1381) Concurrent Cleanup for Next Mark 4.627ms
[4632.525s][info][gc             ] GC(1381) Concurrent Mark Cycle 1626.443ms
[4633.059s][info][gc,start       ] GC(1382) Pause Young (Prepare Mixed) (G1 Evacuation Pause)
[4633.059s][info][gc,task        ] GC(1382) Using 6 workers of 6 for evacuation
[4633.176s][info][gc,phases      ] GC(1382)   Pre Evacuate Collection Set: 0.36ms
[4633.176s][info][gc,phases      ] GC(1382)   Merge Heap Roots: 0.49ms
[4633.176s][info][gc,phases      ] GC(1382)   Evacuate Collection Set: 114.81ms
[4633.176s][info][gc,phases      ] GC(1382)   Post Evacuate Collection Set: 0.93ms
[4633.176s][info][gc,phases      ] GC(1382)   Other: 0.08ms
[4633.176s][info][gc,heap        ] GC(1382) Eden regions: 1117->0(1109)
[4633.176s][info][gc,heap        ] GC(1382) Survivor regions: 111->109(154)
[4633.176s][info][gc,heap        ] GC(1382) Old regions: 508->538
[4633.176s][info][gc,heap        ] GC(1382) Humongous regions: 80->80
[4633.176s][info][gc,metaspace   ] GC(1382) Metaspace: 28867K(29312K)->28867K(29312K) NonClass: 23998K(24192K)->23998K(24192K) Class: 4869K(5120K)->4869K(5120K)
[4633.176s][info][gc             ] GC(1382) Pause Young (Prepare Mixed) (G1 Evacuation Pause) 3630M->1453M(4096M) 116.793ms
[4633.176s][info][gc,cpu         ] GC(1382) User=0.69s Sys=0.00s Real=0.12s
...[4635.380s][info][gc,start       ] GC(1383) Pause Young (Mixed) (G1 Evacuation Pause)
[4635.380s][info][gc,task        ] GC(1383) Using 6 workers of 6 for evacuation
[4635.518s][info][gc,phases      ] GC(1383)   Pre Evacuate Collection Set: 0.38ms
[4635.518s][info][gc,phases      ] GC(1383)   Merge Heap Roots: 0.73ms
[4635.518s][info][gc,phases      ] GC(1383)   Evacuate Collection Set: 135.39ms
[4635.518s][info][gc,phases      ] GC(1383)   Post Evacuate Collection Set: 0.96ms
[4635.518s][info][gc,phases      ] GC(1383)   Other: 0.08ms
[4635.518s][info][gc,heap        ] GC(1383) Eden regions: 1109->0(1118)
[4635.518s][info][gc,heap        ] GC(1383) Survivor regions: 109->110(153)
[4635.518s][info][gc,heap        ] GC(1383) Old regions: 538->476
[4635.518s][info][gc,heap        ] GC(1383) Humongous regions: 80->80
[4635.518s][info][gc,metaspace   ] GC(1383) Metaspace: 28867K(29312K)->28867K(29312K) NonClass: 23998K(24192K)->23998K(24192K) Class: 4869K(5120K)->4869K(5120K)
[4635.518s][info][gc             ] GC(1383) Pause Young (Mixed) (G1 Evacuation Pause) 3671M->1330M(4096M) 137.666ms
[4635.518s][info][gc,cpu         ] GC(1383) User=0.81s Sys=0.00s Real=0.14s
..[4637.540s][info][gc,start       ] GC(1384) Pause Young (Concurrent Start) (G1 Evacuation Pause)
[4637.540s][info][gc,task        ] GC(1384) Using 6 workers of 6 for evacuation
[4637.663s][info][gc,phases      ] GC(1384)   Pre Evacuate Collection Set: 0.36ms
[4637.663s][info][gc,phases      ] GC(1384)   Merge Heap Roots: 0.44ms
[4637.663s][info][gc,phases      ] GC(1384)   Evacuate Collection Set: 121.41ms
[4637.663s][info][gc,phases      ] GC(1384)   Post Evacuate Collection Set: 0.89ms
[4637.663s][info][gc,phases      ] GC(1384)   Other: 0.13ms
[4637.663s][info][gc,heap        ] GC(1384) Eden regions: 1118->0(1114)
[4637.663s][info][gc,heap        ] GC(1384) Survivor regions: 110->114(154)
[4637.663s][info][gc,heap        ] GC(1384) Old regions: 476->507
[4637.663s][info][gc,heap        ] GC(1384) Humongous regions: 80->80
[4637.663s][info][gc,metaspace   ] GC(1384) Metaspace: 28867K(29312K)->28867K(29312K) NonClass: 23998K(24192K)->23998K(24192K) Class: 4869K(5120K)->4869K(5120K)
[4637.663s][info][gc             ] GC(1384) Pause Young (Concurrent Start) (G1 Evacuation Pause) 3566M->1401M(4096M) 123.381ms
[4637.663s][info][gc             ] GC(1385) Concurrent Mark Cycle
[4637.663s][info][gc,marking     ] GC(1385) Concurrent Scan Root Regions
[4637.663s][info][gc,cpu         ] GC(1384) User=0.73s Sys=0.00s Real=0.13s
[4637.815s][info][gc,marking     ] GC(1385) Concurrent Scan Root Regions 151.842ms
[4637.815s][info][gc,marking     ] GC(1385) Concurrent Mark
[4637.815s][info][gc,marking     ] GC(1385) Concurrent Mark From Roots
[4637.815s][info][gc,task        ] GC(1385) Using 2 workers of 2 for marking
.[4638.652s][info][gc,marking     ] GC(1385) Concurrent Mark From Roots 836.829ms
[4638.652s][info][gc,marking     ] GC(1385) Concurrent Preclean
[4638.652s][info][gc,marking     ] GC(1385) Concurrent Preclean 0.116ms
[4638.654s][info][gc,start       ] GC(1385) Pause Remark
[4638.658s][info][gc             ] GC(1385) Pause Remark 2335M->2335M(4096M) 3.935ms
[4638.658s][info][gc,cpu         ] GC(1385) User=0.02s Sys=0.00s Real=0.00s
[4638.659s][info][gc,marking     ] GC(1385) Concurrent Mark 843.476ms
[4638.659s][info][gc,marking     ] GC(1385) Concurrent Rebuild Remembered Sets and Scrub Regions
[4638.928s][info][gc,marking     ] GC(1385) Concurrent Rebuild Remembered Sets and Scrub Regions 269.627ms
[4638.929s][info][gc,start       ] GC(1385) Pause Cleanup
[4638.929s][info][gc             ] GC(1385) Pause Cleanup 2606M->2606M(4096M) 0.117ms
[4638.929s][info][gc,cpu         ] GC(1385) User=0.00s Sys=0.00s Real=0.00s
[4638.929s][info][gc,marking     ] GC(1385) Concurrent Clear Claimed Marks
[4638.929s][info][gc,marking     ] GC(1385) Concurrent Clear Claimed Marks 0.024ms
[4638.929s][info][gc,marking     ] GC(1385) Concurrent Cleanup for Next Mark
[4638.936s][info][gc,marking     ] GC(1385) Concurrent Cleanup for Next Mark 7.004ms
[4638.936s][info][gc             ] GC(1385) Concurrent Mark Cycle 1272.559ms
.[4639.805s][info][gc,start       ] GC(1386) Pause Young (Prepare Mixed) (G1 Evacuation Pause)
[4639.805s][info][gc,task        ] GC(1386) Using 6 workers of 6 for evacuation
[4639.925s][info][gc,phases      ] GC(1386)   Pre Evacuate Collection Set: 0.36ms
[4639.925s][info][gc,phases      ] GC(1386)   Merge Heap Roots: 0.53ms
[4639.925s][info][gc,phases      ] GC(1386)   Evacuate Collection Set: 118.29ms
[4639.925s][info][gc,phases      ] GC(1386)   Post Evacuate Collection Set: 0.93ms
[4639.925s][info][gc,phases      ] GC(1386)   Other: 0.09ms
[4639.925s][info][gc,heap        ] GC(1386) Eden regions: 1114->0(1102)
[4639.925s][info][gc,heap        ] GC(1386) Survivor regions: 114->111(154)
[4639.925s][info][gc,heap        ] GC(1386) Old regions: 507->541
[4639.925s][info][gc,heap        ] GC(1386) Humongous regions: 80->80
[4639.925s][info][gc,metaspace   ] GC(1386) Metaspace: 28867K(29312K)->28867K(29312K) NonClass: 23998K(24192K)->23998K(24192K) Class: 4869K(5120K)->4869K(5120K)
[4639.925s][info][gc             ] GC(1386) Pause Young (Prepare Mixed) (G1 Evacuation Pause) 3629M->1461M(4096M) 120.331ms
[4639.925s][info][gc,cpu         ] GC(1386) User=0.72s Sys=0.00s Real=0.12s
..[4642.017s][info][gc,start       ] GC(1387) Pause Young (Mixed) (G1 Evacuation Pause)
[4642.017s][info][gc,task        ] GC(1387) Using 6 workers of 6 for evacuation
[4642.145s][info][gc,phases      ] GC(1387)   Pre Evacuate Collection Set: 0.39ms
[4642.145s][info][gc,phases      ] GC(1387)   Merge Heap Roots: 0.64ms
[4642.145s][info][gc,phases      ] GC(1387)   Evacuate Collection Set: 126.17ms
[4642.145s][info][gc,phases      ] GC(1387)   Post Evacuate Collection Set: 0.93ms
[4642.145s][info][gc,phases      ] GC(1387)   Other: 0.09ms
[4642.146s][info][gc,heap        ] GC(1387) Eden regions: 1102->0(1121)
[4642.146s][info][gc,heap        ] GC(1387) Survivor regions: 111->107(152)
[4642.146s][info][gc,heap        ] GC(1387) Old regions: 541->477
[4642.146s][info][gc,heap        ] GC(1387) Humongous regions: 80->80
[4642.146s][info][gc,metaspace   ] GC(1387) Metaspace: 28867K(29312K)->28867K(29312K) NonClass: 23998K(24192K)->23998K(24192K) Class: 4869K(5120K)->4869K(5120K)
[4642.146s][info][gc             ] GC(1387) Pause Young (Mixed) (G1 Evacuation Pause) 3665M->1327M(4096M) 128.372ms
[4642.146s][info][gc,cpu         ] GC(1387) User=0.76s Sys=0.00s Real=0.13s
..[4644.309s][info][gc,start       ] GC(1388) Pause Young (Concurrent Start) (G1 Evacuation Pause)
[4644.309s][info][gc,task        ] GC(1388) Using 6 workers of 6 for evacuation
[4644.426s][info][gc,phases      ] GC(1388)   Pre Evacuate Collection Set: 0.38ms
[4644.426s][info][gc,phases      ] GC(1388)   Merge Heap Roots: 0.45ms
[4644.426s][info][gc,phases      ] GC(1388)   Evacuate Collection Set: 114.89ms
[4644.426s][info][gc,phases      ] GC(1388)   Post Evacuate Collection Set: 0.91ms
[4644.426s][info][gc,phases      ] GC(1388)   Other: 0.12ms
[4644.426s][info][gc,heap        ] GC(1388) Eden regions: 1121->0(1119)
[4644.426s][info][gc,heap        ] GC(1388) Survivor regions: 107->109(154)
[4644.426s][info][gc,heap        ] GC(1388) Old regions: 477->510
[4644.426s][info][gc,heap        ] GC(1388) Humongous regions: 80->80
[4644.426s][info][gc,metaspace   ] GC(1388) Metaspace: 28867K(29312K)->28867K(29312K) NonClass: 23998K(24192K)->23998K(24192K) Class: 4869K(5120K)->4869K(5120K)
[4644.426s][info][gc             ] GC(1388) Pause Young (Concurrent Start) (G1 Evacuation Pause) 3569M->1395M(4096M) 116.882ms
[4644.426s][info][gc             ] GC(1389) Concurrent Mark Cycle
[4644.426s][info][gc,marking     ] GC(1389) Concurrent Scan Root Regions
[4644.426s][info][gc,cpu         ] GC(1388) User=0.69s Sys=0.00s Real=0.12s
.[4644.570s][info][gc,marking     ] GC(1389) Concurrent Scan Root Regions 143.901ms
[4644.570s][info][gc,marking     ] GC(1389) Concurrent Mark
[4644.570s][info][gc,marking     ] GC(1389) Concurrent Mark From Roots
[4644.570s][info][gc,task        ] GC(1389) Using 2 workers of 2 for marking
[4645.317s][info][gc,marking     ] GC(1389) Concurrent Mark From Roots 747.172ms
[4645.317s][info][gc,marking     ] GC(1389) Concurrent Preclean
[4645.317s][info][gc,marking     ] GC(1389) Concurrent Preclean 0.137ms
[4645.319s][info][gc,start       ] GC(1389) Pause Remark
[4645.325s][info][gc             ] GC(1389) Pause Remark 2219M->2219M(4096M) 6.003ms
[4645.325s][info][gc,cpu         ] GC(1389) User=0.03s Sys=0.00s Real=0.01s
[4645.326s][info][gc,marking     ] GC(1389) Concurrent Mark 756.330ms
[4645.326s][info][gc,marking     ] GC(1389) Concurrent Rebuild Remembered Sets and Scrub Regions
.[4645.728s][info][gc,marking     ] GC(1389) Concurrent Rebuild Remembered Sets and Scrub Regions 401.365ms
[4645.729s][info][gc,start       ] GC(1389) Pause Cleanup
[4645.729s][info][gc             ] GC(1389) Pause Cleanup 2667M->2667M(4096M) 0.130ms
[4645.729s][info][gc,cpu         ] GC(1389) User=0.00s Sys=0.00s Real=0.00s
[4645.729s][info][gc,marking     ] GC(1389) Concurrent Clear Claimed Marks
[4645.729s][info][gc,marking     ] GC(1389) Concurrent Clear Claimed Marks 0.027ms
[4645.729s][info][gc,marking     ] GC(1389) Concurrent Cleanup for Next Mark
[4645.736s][info][gc,marking     ] GC(1389) Concurrent Cleanup for Next Mark 6.760ms
[4645.736s][info][gc             ] GC(1389) Concurrent Mark Cycle 1310.412ms
.[4646.671s][info][gc,start       ] GC(1390) Pause Young (Prepare Mixed) (G1 Evacuation Pause)
[4646.671s][info][gc,task        ] GC(1390) Using 6 workers of 6 for evacuation
[4646.791s][info][gc,phases      ] GC(1390)   Pre Evacuate Collection Set: 0.33ms
[4646.791s][info][gc,phases      ] GC(1390)   Merge Heap Roots: 0.49ms
[4646.791s][info][gc,phases      ] GC(1390)   Evacuate Collection Set: 117.40ms
[4646.791s][info][gc,phases      ] GC(1390)   Post Evacuate Collection Set: 0.94ms
[4646.791s][info][gc,phases      ] GC(1390)   Other: 0.09ms
[4646.791s][info][gc,heap        ] GC(1390) Eden regions: 1119->0(1103)
[4646.791s][info][gc,heap        ] GC(1390) Survivor regions: 109->110(154)
[4646.791s][info][gc,heap        ] GC(1390) Old regions: 510->542
[4646.791s][info][gc,heap        ] GC(1390) Humongous regions: 80->80
[4646.791s][info][gc,metaspace   ] GC(1390) Metaspace: 28867K(29312K)->28867K(29312K) NonClass: 23998K(24192K)->23998K(24192K) Class: 4869K(5120K)->4869K(5120K)
[4646.791s][info][gc             ] GC(1390) Pause Young (Prepare Mixed) (G1 Evacuation Pause) 3633M->1462M(4096M) 119.397ms
[4646.791s][info][gc,cpu         ] GC(1390) User=0.71s Sys=0.00s Real=0.12s
..[4648.960s][info][gc,start       ] GC(1391) Pause Young (Mixed) (G1 Evacuation Pause)
[4648.960s][info][gc,task        ] GC(1391) Using 6 workers of 6 for evacuation
[4649.097s][info][gc,phases      ] GC(1391)   Pre Evacuate Collection Set: 0.40ms
[4649.097s][info][gc,phases      ] GC(1391)   Merge Heap Roots: 0.72ms
[4649.097s][info][gc,phases      ] GC(1391)   Evacuate Collection Set: 134.49ms
[4649.097s][info][gc,phases      ] GC(1391)   Post Evacuate Collection Set: 0.93ms
[4649.097s][info][gc,phases      ] GC(1391)   Other: 0.09ms
[4649.097s][info][gc,heap        ] GC(1391) Eden regions: 1103->0(1117)
[4649.097s][info][gc,heap        ] GC(1391) Survivor regions: 110->111(152)
[4649.097s][info][gc,heap        ] GC(1391) Old regions: 542->477
[4649.097s][info][gc,heap        ] GC(1391) Humongous regions: 80->80
[4649.097s][info][gc,metaspace   ] GC(1391) Metaspace: 28867K(29312K)->28867K(29312K) NonClass: 23998K(24192K)->23998K(24192K) Class: 4869K(5120K)->4869K(5120K)
[4649.097s][info][gc             ] GC(1391) Pause Young (Mixed) (G1 Evacuation Pause) 3668M->1334M(4096M) 136.774ms
[4649.097s][info][gc,cpu         ] GC(1391) User=0.81s Sys=0.00s Real=0.14s
..[4651.169s][info][gc,start       ] GC(1392) Pause Young (Concurrent Start) (G1 Evacuation Pause)
[4651.169s][info][gc,task        ] GC(1392) Using 6 workers of 6 for evacuation
[4651.284s][info][gc,phases      ] GC(1392)   Pre Evacuate Collection Set: 0.39ms
[4651.284s][info][gc,phases      ] GC(1392)   Merge Heap Roots: 0.46ms
[4651.284s][info][gc,phases      ] GC(1392)   Evacuate Collection Set: 112.85ms
[4651.284s][info][gc,phases      ] GC(1392)   Post Evacuate Collection Set: 0.89ms
[4651.284s][info][gc,phases      ] GC(1392)   Other: 0.13ms
[4651.284s][info][gc,heap        ] GC(1392) Eden regions: 1117->0(1121)
[4651.284s][info][gc,heap        ] GC(1392) Survivor regions: 111->107(154)
[4651.284s][info][gc,heap        ] GC(1392) Old regions: 477->509
[4651.284s][info][gc,heap        ] GC(1392) Humongous regions: 80->80
[4651.284s][info][gc,metaspace   ] GC(1392) Metaspace: 28867K(29312K)->28867K(29312K) NonClass: 23998K(24192K)->23998K(24192K) Class: 4869K(5120K)->4869K(5120K)
[4651.284s][info][gc             ] GC(1392) Pause Young (Concurrent Start) (G1 Evacuation Pause) 3568M->1390M(4096M) 114.863ms
[4651.284s][info][gc             ] GC(1393) Concurrent Mark Cycle
[4651.284s][info][gc,marking     ] GC(1393) Concurrent Scan Root Regions
[4651.284s][info][gc,cpu         ] GC(1392) User=0.68s Sys=0.00s Real=0.12s
[4651.456s][info][gc,marking     ] GC(1393) Concurrent Scan Root Regions 172.391ms
[4651.456s][info][gc,marking     ] GC(1393) Concurrent Mark
[4651.456s][info][gc,marking     ] GC(1393) Concurrent Mark From Roots
[4651.456s][info][gc,task        ] GC(1393) Using 2 workers of 2 for marking
.[4652.433s][info][gc,marking     ] GC(1393) Concurrent Mark From Roots 976.589ms
[4652.433s][info][gc,marking     ] GC(1393) Concurrent Preclean
[4652.433s][info][gc,marking     ] GC(1393) Concurrent Preclean 0.113ms
[4652.433s][info][gc,start       ] GC(1393) Pause Remark
[4652.439s][info][gc             ] GC(1393) Pause Remark 2490M->2490M(4096M) 5.189ms
[4652.439s][info][gc,cpu         ] GC(1393) User=0.02s Sys=0.00s Real=0.00s
[4652.439s][info][gc,marking     ] GC(1393) Concurrent Mark 982.243ms
[4652.439s][info][gc,marking     ] GC(1393) Concurrent Rebuild Remembered Sets and Scrub Regions
.[4652.845s][info][gc,marking     ] GC(1393) Concurrent Rebuild Remembered Sets and Scrub Regions 406.256ms
[4652.847s][info][gc,start       ] GC(1393) Pause Cleanup
[4652.847s][info][gc             ] GC(1393) Pause Cleanup 2956M->2956M(4096M) 0.133ms
[4652.847s][info][gc,cpu         ] GC(1393) User=0.00s Sys=0.00s Real=0.00s
[4652.847s][info][gc,marking     ] GC(1393) Concurrent Clear Claimed Marks
[4652.847s][info][gc,marking     ] GC(1393) Concurrent Clear Claimed Marks 0.022ms
[4652.847s][info][gc,marking     ] GC(1393) Concurrent Cleanup for Next Mark
[4652.854s][info][gc,marking     ] GC(1393) Concurrent Cleanup for Next Mark 6.793ms
[4652.854s][info][gc             ] GC(1393) Concurrent Mark Cycle 1570.414ms
[4653.430s][info][gc,start       ] GC(1394) Pause Young (Prepare Mixed) (G1 Evacuation Pause)
[4653.430s][info][gc,task        ] GC(1394) Using 6 workers of 6 for evacuation
[4653.548s][info][gc,phases      ] GC(1394)   Pre Evacuate Collection Set: 0.33ms
[4653.548s][info][gc,phases      ] GC(1394)   Merge Heap Roots: 0.51ms
[4653.548s][info][gc,phases      ] GC(1394)   Evacuate Collection Set: 116.15ms
[4653.548s][info][gc,phases      ] GC(1394)   Post Evacuate Collection Set: 0.93ms
[4653.548s][info][gc,phases      ] GC(1394)   Other: 0.09ms
[4653.548s][info][gc,heap        ] GC(1394) Eden regions: 1121->0(1104)
[4653.548s][info][gc,heap        ] GC(1394) Survivor regions: 107->110(154)
[4653.548s][info][gc,heap        ] GC(1394) Old regions: 509->541
[4653.548s][info][gc,heap        ] GC(1394) Humongous regions: 80->80
[4653.548s][info][gc,metaspace   ] GC(1394) Metaspace: 28867K(29312K)->28867K(29312K) NonClass: 23998K(24192K)->23998K(24192K) Class: 4869K(5120K)->4869K(5120K)
[4653.548s][info][gc             ] GC(1394) Pause Young (Prepare Mixed) (G1 Evacuation Pause) 3632M->1459M(4096M) 118.134ms
[4653.548s][info][gc,cpu         ] GC(1394) User=0.70s Sys=0.00s Real=0.12s
..[4655.546s][info][gc,start       ] GC(1395) Pause Young (Mixed) (G1 Evacuation Pause)
[4655.546s][info][gc,task        ] GC(1395) Using 6 workers of 6 for evacuation
[4655.678s][info][gc,phases      ] GC(1395)   Pre Evacuate Collection Set: 0.37ms
[4655.678s][info][gc,phases      ] GC(1395)   Merge Heap Roots: 0.64ms
[4655.678s][info][gc,phases      ] GC(1395)   Evacuate Collection Set: 130.25ms
[4655.678s][info][gc,phases      ] GC(1395)   Post Evacuate Collection Set: 0.95ms
[4655.678s][info][gc,phases      ] GC(1395)   Other: 0.09ms
[4655.678s][info][gc,heap        ] GC(1395) Eden regions: 1104->0(1119)
[4655.678s][info][gc,heap        ] GC(1395) Survivor regions: 110->109(152)
[4655.678s][info][gc,heap        ] GC(1395) Old regions: 541->476
[4655.678s][info][gc,heap        ] GC(1395) Humongous regions: 80->80
[4655.678s][info][gc,metaspace   ] GC(1395) Metaspace: 28867K(29312K)->28867K(29312K) NonClass: 23998K(24192K)->23998K(24192K) Class: 4869K(5120K)->4869K(5120K)
[4655.678s][info][gc             ] GC(1395) Pause Young (Mixed) (G1 Evacuation Pause) 3667M->1328M(4096M) 132.432ms
[4655.678s][info][gc,cpu         ] GC(1395) User=0.78s Sys=0.00s Real=0.13s
...[4657.891s][info][gc,start       ] GC(1396) Pause Young (Concurrent Start) (G1 Evacuation Pause)
[4657.891s][info][gc,task        ] GC(1396) Using 6 workers of 6 for evacuation
[4658.011s][info][gc,phases      ] GC(1396)   Pre Evacuate Collection Set: 0.36ms
[4658.011s][info][gc,phases      ] GC(1396)   Merge Heap Roots: 0.48ms
[4658.011s][info][gc,phases      ] GC(1396)   Evacuate Collection Set: 118.15ms
[4658.011s][info][gc,phases      ] GC(1396)   Post Evacuate Collection Set: 0.87ms
[4658.011s][info][gc,phases      ] GC(1396)   Other: 0.09ms
[4658.011s][info][gc,heap        ] GC(1396) Eden regions: 1119->0(1116)
[4658.011s][info][gc,heap        ] GC(1396) Survivor regions: 109->112(154)
[4658.011s][info][gc,heap        ] GC(1396) Old regions: 476->509
[4658.011s][info][gc,heap        ] GC(1396) Humongous regions: 80->80
[4658.011s][info][gc,metaspace   ] GC(1396) Metaspace: 28867K(29312K)->28867K(29312K) NonClass: 23998K(24192K)->23998K(24192K) Class: 4869K(5120K)->4869K(5120K)
[4658.011s][info][gc             ] GC(1396) Pause Young (Concurrent Start) (G1 Evacuation Pause) 3566M->1399M(4096M) 120.102ms
[4658.011s][info][gc             ] GC(1397) Concurrent Mark Cycle
[4658.011s][info][gc,marking     ] GC(1397) Concurrent Scan Root Regions
[4658.011s][info][gc,cpu         ] GC(1396) User=0.71s Sys=0.00s Real=0.12s
 (rIR:aIR:PR = 8302:8361:8360) (tPR = 123986) [OK] 
  4657s: Performance info:
         Transaction,    Success,    Partial,     Failed,   Receipts, AvgBarcode, 
             Overall,     504742,          0,          0,     479465,      59.48, 
         Response times:
             Request,    Success,    Partial,     Failed,   SkipFail,     Probes,    Samples,      min,      p50,      p90,      p95,      p99,      max, 
       TotalPurchase,     479336,          0,          0,          0,     348266,     529799,      200,     7800,   151000,   194000,   273000,   660000,
     InStorePurchase,     252002,          0,          0,          0,     182959,     278131,      300,     7700,   152000,   196000,   281000,   630000,
      OnlinePurchase,     176855,          0,          0,          0,     128131,     195325,      200,     7900,   149000,   191000,   269000,   660000,
        InstPurchase,      50479,          0,          0,          0,      37176,      56343,      400,     8100,   153000,   193000,   266000,   440000,
          AssocOfCat,        505,          0,          0,          0,        381,        679,    27000,    59000,   224000,   262000,   363000,   419000,
      AssocOfProduct,       5041,          0,          0,          0,       3407,       5391,      400,     8500,   152000,   190400,   255080,   385000,
      BusinessReport,       1248,          0,          0,          0,       1082,       1789,    28000,    58000,   210000,   254000,   328000,   448000,
          CustBuyBeh,       5023,          0,          0,          0,       3417,       5452,      300,     8100,   155000,   194000,   263410,   385000,
       ProductReturn,      13460,          0,          0,          0,       9010,      14096,      300,     7500,   151000,   186000,   247000,   385000,

  4657s: (61%)   IR =   8441 [4658.176s][info][gc,marking     ] GC(1397) Concurrent Scan Root Regions 165.147ms
[4658.176s][info][gc,marking     ] GC(1397) Concurrent Mark
[4658.176s][info][gc,marking     ] GC(1397) Concurrent Mark From Roots
[4658.176s][info][gc,task        ] GC(1397) Using 2 workers of 2 for marking
.[4659.159s][info][gc,marking     ] GC(1397) Concurrent Mark From Roots 983.285ms
[4659.159s][info][gc,marking     ] GC(1397) Concurrent Preclean
[4659.160s][info][gc,marking     ] GC(1397) Concurrent Preclean 0.122ms
[4659.160s][info][gc,start       ] GC(1397) Pause Remark
[4659.167s][info][gc             ] GC(1397) Pause Remark 2441M->2441M(4096M) 7.340ms
[4659.167s][info][gc,cpu         ] GC(1397) User=0.04s Sys=0.00s Real=0.01s
[4659.171s][info][gc,marking     ] GC(1397) Concurrent Mark 994.452ms
[4659.171s][info][gc,marking     ] GC(1397) Concurrent Rebuild Remembered Sets and Scrub Regions
[4659.468s][info][gc,marking     ] GC(1397) Concurrent Rebuild Remembered Sets and Scrub Regions 297.382ms
[4659.468s][info][gc,start       ] GC(1397) Pause Cleanup
[4659.469s][info][gc             ] GC(1397) Pause Cleanup 2741M->2741M(4096M) 0.118ms
[4659.469s][info][gc,cpu         ] GC(1397) User=0.00s Sys=0.00s Real=0.00s
[4659.471s][info][gc,marking     ] GC(1397) Concurrent Clear Claimed Marks
[4659.471s][info][gc,marking     ] GC(1397) Concurrent Clear Claimed Marks 0.060ms
[4659.471s][info][gc,marking     ] GC(1397) Concurrent Cleanup for Next Mark
[4659.477s][info][gc,marking     ] GC(1397) Concurrent Cleanup for Next Mark 5.798ms
[4659.477s][info][gc             ] GC(1397) Concurrent Mark Cycle 1465.879ms
.[4660.197s][info][gc,start       ] GC(1398) Pause Young (Prepare Mixed) (G1 Evacuation Pause)
[4660.197s][info][gc,task        ] GC(1398) Using 6 workers of 6 for evacuation
[4660.319s][info][gc,phases      ] GC(1398)   Pre Evacuate Collection Set: 0.32ms
[4660.319s][info][gc,phases      ] GC(1398)   Merge Heap Roots: 0.52ms
[4660.319s][info][gc,phases      ] GC(1398)   Evacuate Collection Set: 120.39ms
[4660.319s][info][gc,phases      ] GC(1398)   Post Evacuate Collection Set: 0.93ms
[4660.319s][info][gc,phases      ] GC(1398)   Other: 0.09ms
[4660.319s][info][gc,heap        ] GC(1398) Eden regions: 1116->0(1098)
[4660.319s][info][gc,heap        ] GC(1398) Survivor regions: 112->114(154)
[4660.319s][info][gc,heap        ] GC(1398) Old regions: 509->539
[4660.319s][info][gc,heap        ] GC(1398) Humongous regions: 80->80
[4660.319s][info][gc,metaspace   ] GC(1398) Metaspace: 28867K(29312K)->28867K(29312K) NonClass: 23998K(24192K)->23998K(24192K) Class: 4869K(5120K)->4869K(5120K)
[4660.319s][info][gc             ] GC(1398) Pause Young (Prepare Mixed) (G1 Evacuation Pause) 3631M->1465M(4096M) 122.384ms
[4660.319s][info][gc,cpu         ] GC(1398) User=0.72s Sys=0.00s Real=0.12s
..[4662.450s][info][gc,start       ] GC(1399) Pause Young (Mixed) (G1 Evacuation Pause)
[4662.450s][info][gc,task        ] GC(1399) Using 6 workers of 6 for evacuation
[4662.589s][info][gc,phases      ] GC(1399)   Pre Evacuate Collection Set: 0.36ms
[4662.589s][info][gc,phases      ] GC(1399)   Merge Heap Roots: 0.67ms
[4662.589s][info][gc,phases      ] GC(1399)   Evacuate Collection Set: 136.58ms
[4662.589s][info][gc,phases      ] GC(1399)   Post Evacuate Collection Set: 1.00ms
[4662.589s][info][gc,phases      ] GC(1399)   Other: 0.09ms
[4662.589s][info][gc,heap        ] GC(1399) Eden regions: 1098->0(1115)
[4662.589s][info][gc,heap        ] GC(1399) Survivor regions: 114->113(152)
[4662.589s][info][gc,heap        ] GC(1399) Old regions: 539->475
[4662.589s][info][gc,heap        ] GC(1399) Humongous regions: 80->80
[4662.589s][info][gc,metaspace   ] GC(1399) Metaspace: 28867K(29312K)->28867K(29312K) NonClass: 23998K(24192K)->23998K(24192K) Class: 4869K(5120K)->4869K(5120K)
[4662.589s][info][gc             ] GC(1399) Pause Young (Mixed) (G1 Evacuation Pause) 3661M->1335M(4096M) 138.838ms
[4662.589s][info][gc,cpu         ] GC(1399) User=0.82s Sys=0.00s Real=0.14s
..[4664.550s][info][gc,start       ] GC(1400) Pause Young (Concurrent Start) (G1 Evacuation Pause)
[4664.550s][info][gc,task        ] GC(1400) Using 6 workers of 6 for evacuation
[4664.670s][info][gc,phases      ] GC(1400)   Pre Evacuate Collection Set: 0.38ms
[4664.670s][info][gc,phases      ] GC(1400)   Merge Heap Roots: 0.50ms
[4664.670s][info][gc,phases      ] GC(1400)   Evacuate Collection Set: 118.39ms
[4664.670s][info][gc,phases      ] GC(1400)   Post Evacuate Collection Set: 0.88ms
[4664.670s][info][gc,phases      ] GC(1400)   Other: 0.12ms
[4664.670s][info][gc,heap        ] GC(1400) Eden regions: 1115->0(1116)
[4664.670s][info][gc,heap        ] GC(1400) Survivor regions: 113->112(154)
[4664.670s][info][gc,heap        ] GC(1400) Old regions: 475->508
[4664.670s][info][gc,heap        ] GC(1400) Humongous regions: 80->80
[4664.670s][info][gc,metaspace   ] GC(1400) Metaspace: 28867K(29312K)->28867K(29312K) NonClass: 23998K(24192K)->23998K(24192K) Class: 4869K(5120K)->4869K(5120K)
[4664.670s][info][gc             ] GC(1400) Pause Young (Concurrent Start) (G1 Evacuation Pause) 3565M->1398M(4096M) 120.409ms
[4664.670s][info][gc             ] GC(1401) Concurrent Mark Cycle
[4664.670s][info][gc,marking     ] GC(1401) Concurrent Scan Root Regions
[4664.670s][info][gc,cpu         ] GC(1400) User=0.71s Sys=0.00s Real=0.12s
[4664.857s][info][gc,marking     ] GC(1401) Concurrent Scan Root Regions 187.242ms
[4664.857s][info][gc,marking     ] GC(1401) Concurrent Mark
[4664.857s][info][gc,marking     ] GC(1401) Concurrent Mark From Roots
[4664.857s][info][gc,task        ] GC(1401) Using 2 workers of 2 for marking
.[4665.882s][info][gc,marking     ] GC(1401) Concurrent Mark From Roots 1024.631ms
[4665.882s][info][gc,marking     ] GC(1401) Concurrent Preclean
[4665.882s][info][gc,marking     ] GC(1401) Concurrent Preclean 0.166ms
[4665.884s][info][gc,start       ] GC(1401) Pause Remark
[4665.888s][info][gc             ] GC(1401) Pause Remark 2592M->2592M(4096M) 4.619ms
[4665.888s][info][gc,cpu         ] GC(1401) User=0.03s Sys=0.00s Real=0.00s
[4665.888s][info][gc,marking     ] GC(1401) Concurrent Mark 1031.046ms
[4665.888s][info][gc,marking     ] GC(1401) Concurrent Rebuild Remembered Sets and Scrub Regions
[4666.246s][info][gc,marking     ] GC(1401) Concurrent Rebuild Remembered Sets and Scrub Regions 357.582ms
[4666.246s][info][gc,start       ] GC(1401) Pause Cleanup
[4666.246s][info][gc             ] GC(1401) Pause Cleanup 2904M->2904M(4096M) 0.113ms
[4666.246s][info][gc,cpu         ] GC(1401) User=0.00s Sys=0.00s Real=0.00s
[4666.248s][info][gc,marking     ] GC(1401) Concurrent Clear Claimed Marks
[4666.248s][info][gc,marking     ] GC(1401) Concurrent Clear Claimed Marks 0.032ms
[4666.248s][info][gc,marking     ] GC(1401) Concurrent Cleanup for Next Mark
[4666.262s][info][gc,marking     ] GC(1401) Concurrent Cleanup for Next Mark 14.006ms
[4666.262s][info][gc             ] GC(1401) Concurrent Mark Cycle 1592.023ms
.[4666.803s][info][gc,start       ] GC(1402) Pause Young (Prepare Mixed) (G1 Evacuation Pause)
[4666.803s][info][gc,task        ] GC(1402) Using 6 workers of 6 for evacuation
[4666.926s][info][gc,phases      ] GC(1402)   Pre Evacuate Collection Set: 0.31ms
[4666.926s][info][gc,phases      ] GC(1402)   Merge Heap Roots: 0.50ms
[4666.926s][info][gc,phases      ] GC(1402)   Evacuate Collection Set: 121.37ms
[4666.926s][info][gc,phases      ] GC(1402)   Post Evacuate Collection Set: 0.92ms
[4666.926s][info][gc,phases      ] GC(1402)   Other: 0.09ms
[4666.926s][info][gc,heap        ] GC(1402) Eden regions: 1116->0(1096)
[4666.926s][info][gc,heap        ] GC(1402) Survivor regions: 112->115(154)
[4666.926s][info][gc,heap        ] GC(1402) Old regions: 508->539
[4666.926s][info][gc,heap        ] GC(1402) Humongous regions: 80->80
[4666.926s][info][gc,metaspace   ] GC(1402) Metaspace: 28867K(29312K)->28867K(29312K) NonClass: 23998K(24192K)->23998K(24192K) Class: 4869K(5120K)->4869K(5120K)
[4666.926s][info][gc             ] GC(1402) Pause Young (Prepare Mixed) (G1 Evacuation Pause) 3630M->1466M(4096M) 123.323ms
[4666.926s][info][gc,cpu         ] GC(1402) User=0.73s Sys=0.00s Real=0.12s
..[4669.066s][info][gc,start       ] GC(1403) Pause Young (Mixed) (G1 Evacuation Pause)
[4669.066s][info][gc,task        ] GC(1403) Using 6 workers of 6 for evacuation
[4669.205s][info][gc,phases      ] GC(1403)   Pre Evacuate Collection Set: 0.35ms
[4669.205s][info][gc,phases      ] GC(1403)   Merge Heap Roots: 0.68ms
[4669.205s][info][gc,phases      ] GC(1403)   Evacuate Collection Set: 137.05ms
[4669.205s][info][gc,phases      ] GC(1403)   Post Evacuate Collection Set: 0.93ms
[4669.205s][info][gc,phases      ] GC(1403)   Other: 0.08ms
[4669.205s][info][gc,heap        ] GC(1403) Eden regions: 1096->0(1116)
[4669.205s][info][gc,heap        ] GC(1403) Survivor regions: 115->112(152)
[4669.205s][info][gc,heap        ] GC(1403) Old regions: 539->477
[4669.205s][info][gc,heap        ] GC(1403) Humongous regions: 80->80
[4669.205s][info][gc,metaspace   ] GC(1403) Metaspace: 28867K(29312K)->28867K(29312K) NonClass: 23998K(24192K)->23998K(24192K) Class: 4869K(5120K)->4869K(5120K)
[4669.205s][info][gc             ] GC(1403) Pause Young (Mixed) (G1 Evacuation Pause) 3658M->1336M(4096M) 139.235ms
[4669.205s][info][gc,cpu         ] GC(1403) User=0.82s Sys=0.00s Real=0.14s
..[4671.262s][info][gc,start       ] GC(1404) Pause Young (Concurrent Start) (G1 Evacuation Pause)
[4671.262s][info][gc,task        ] GC(1404) Using 6 workers of 6 for evacuation
[4671.380s][info][gc,phases      ] GC(1404)   Pre Evacuate Collection Set: 0.40ms
[4671.380s][info][gc,phases      ] GC(1404)   Merge Heap Roots: 0.45ms
[4671.380s][info][gc,phases      ] GC(1404)   Evacuate Collection Set: 115.55ms
[4671.380s][info][gc,phases      ] GC(1404)   Post Evacuate Collection Set: 0.89ms
[4671.380s][info][gc,phases      ] GC(1404)   Other: 0.12ms
[4671.380s][info][gc,heap        ] GC(1404) Eden regions: 1116->0(1119)
[4671.380s][info][gc,heap        ] GC(1404) Survivor regions: 112->109(154)
[4671.380s][info][gc,heap        ] GC(1404) Old regions: 477->508
[4671.380s][info][gc,heap        ] GC(1404) Humongous regions: 80->80
[4671.380s][info][gc,metaspace   ] GC(1404) Metaspace: 28867K(29312K)->28867K(29312K) NonClass: 23998K(24192K)->23998K(24192K) Class: 4869K(5120K)->4869K(5120K)
[4671.380s][info][gc             ] GC(1404) Pause Young (Concurrent Start) (G1 Evacuation Pause) 3568M->1392M(4096M) 117.558ms
[4671.380s][info][gc             ] GC(1405) Concurrent Mark Cycle
[4671.380s][info][gc,marking     ] GC(1405) Concurrent Scan Root Regions
[4671.380s][info][gc,cpu         ] GC(1404) User=0.70s Sys=0.00s Real=0.11s
.|[4671.570s][info][gc,marking     ] GC(1405) Concurrent Scan Root Regions 190.024ms
[4671.570s][info][gc,marking     ] GC(1405) Concurrent Mark
[4671.570s][info][gc,marking     ] GC(1405) Concurrent Mark From Roots
[4671.570s][info][gc,task        ] GC(1405) Using 2 workers of 2 for marking
.[4672.590s][info][gc,marking     ] GC(1405) Concurrent Mark From Roots 1020.082ms
[4672.590s][info][gc,marking     ] GC(1405) Concurrent Preclean
[4672.590s][info][gc,marking     ] GC(1405) Concurrent Preclean 0.109ms
[4672.590s][info][gc,start       ] GC(1405) Pause Remark
[4672.598s][info][gc             ] GC(1405) Pause Remark 2586M->2586M(4096M) 7.218ms
[4672.598s][info][gc,cpu         ] GC(1405) User=0.04s Sys=0.00s Real=0.01s
[4672.598s][info][gc,marking     ] GC(1405) Concurrent Mark 1027.952ms
[4672.598s][info][gc,marking     ] GC(1405) Concurrent Rebuild Remembered Sets and Scrub Regions
[4673.084s][info][gc,marking     ] GC(1405) Concurrent Rebuild Remembered Sets and Scrub Regions 486.619ms
[4673.086s][info][gc,start       ] GC(1405) Pause Cleanup
[4673.087s][info][gc             ] GC(1405) Pause Cleanup 3096M->3096M(4096M) 0.131ms
[4673.087s][info][gc,cpu         ] GC(1405) User=0.00s Sys=0.00s Real=0.00s
[4673.087s][info][gc,marking     ] GC(1405) Concurrent Clear Claimed Marks
[4673.087s][info][gc,marking     ] GC(1405) Concurrent Clear Claimed Marks 0.034ms
[4673.087s][info][gc,marking     ] GC(1405) Concurrent Cleanup for Next Mark
[4673.104s][info][gc,marking     ] GC(1405) Concurrent Cleanup for Next Mark 17.360ms
[4673.104s][info][gc             ] GC(1405) Concurrent Mark Cycle 1724.474ms
[4673.492s][info][gc,start       ] GC(1406) Pause Young (Prepare Mixed) (G1 Evacuation Pause)
[4673.492s][info][gc,task        ] GC(1406) Using 6 workers of 6 for evacuation
[4673.611s][info][gc,phases      ] GC(1406)   Pre Evacuate Collection Set: 0.37ms
[4673.611s][info][gc,phases      ] GC(1406)   Merge Heap Roots: 0.59ms
[4673.611s][info][gc,phases      ] GC(1406)   Evacuate Collection Set: 116.32ms
[4673.611s][info][gc,phases      ] GC(1406)   Post Evacuate Collection Set: 0.93ms
[4673.611s][info][gc,phases      ] GC(1406)   Other: 0.82ms
[4673.611s][info][gc,heap        ] GC(1406) Eden regions: 1119->0(1103)
[4673.611s][info][gc,heap        ] GC(1406) Survivor regions: 109->111(154)
[4673.611s][info][gc,heap        ] GC(1406) Old regions: 508->540
[4673.611s][info][gc,heap        ] GC(1406) Humongous regions: 80->80
[4673.611s][info][gc,metaspace   ] GC(1406) Metaspace: 28867K(29312K)->28867K(29312K) NonClass: 23998K(24192K)->23998K(24192K) Class: 4869K(5120K)->4869K(5120K)
[4673.612s][info][gc             ] GC(1406) Pause Young (Prepare Mixed) (G1 Evacuation Pause) 3630M->1460M(4096M) 119.156ms
[4673.612s][info][gc,cpu         ] GC(1406) User=0.70s Sys=0.00s Real=0.11s
...[4675.675s][info][gc,start       ] GC(1407) Pause Young (Mixed) (G1 Evacuation Pause)
[4675.675s][info][gc,task        ] GC(1407) Using 6 workers of 6 for evacuation
[4675.812s][info][gc,phases      ] GC(1407)   Pre Evacuate Collection Set: 0.36ms
[4675.812s][info][gc,phases      ] GC(1407)   Merge Heap Roots: 0.70ms
[4675.812s][info][gc,phases      ] GC(1407)   Evacuate Collection Set: 134.93ms
[4675.812s][info][gc,phases      ] GC(1407)   Post Evacuate Collection Set: 0.94ms
[4675.812s][info][gc,phases      ] GC(1407)   Other: 0.09ms
[4675.812s][info][gc,heap        ] GC(1407) Eden regions: 1103->0(1116)
[4675.812s][info][gc,heap        ] GC(1407) Survivor regions: 111->112(152)
[4675.812s][info][gc,heap        ] GC(1407) Old regions: 540->476
[4675.812s][info][gc,heap        ] GC(1407) Humongous regions: 80->80
[4675.812s][info][gc,metaspace   ] GC(1407) Metaspace: 28867K(29312K)->28867K(29312K) NonClass: 23998K(24192K)->23998K(24192K) Class: 4869K(5120K)->4869K(5120K)
[4675.812s][info][gc             ] GC(1407) Pause Young (Mixed) (G1 Evacuation Pause) 3666M->1335M(4096M) 137.192ms
[4675.812s][info][gc,cpu         ] GC(1407) User=0.81s Sys=0.00s Real=0.13s
..[4677.892s][info][gc,start       ] GC(1408) Pause Young (Concurrent Start) (G1 Evacuation Pause)
[4677.892s][info][gc,task        ] GC(1408) Using 6 workers of 6 for evacuation
[4678.012s][info][gc,phases      ] GC(1408)   Pre Evacuate Collection Set: 0.38ms
[4678.012s][info][gc,phases      ] GC(1408)   Merge Heap Roots: 0.48ms
[4678.012s][info][gc,phases      ] GC(1408)   Evacuate Collection Set: 118.57ms
[4678.012s][info][gc,phases      ] GC(1408)   Post Evacuate Collection Set: 0.86ms
[4678.012s][info][gc,phases      ] GC(1408)   Other: 0.13ms
[4678.012s][info][gc,heap        ] GC(1408) Eden regions: 1116->0(1115)
[4678.012s][info][gc,heap        ] GC(1408) Survivor regions: 112->113(154)
[4678.012s][info][gc,heap        ] GC(1408) Old regions: 476->508
[4678.012s][info][gc,heap        ] GC(1408) Humongous regions: 80->80
[4678.013s][info][gc,metaspace   ] GC(1408) Metaspace: 28867K(29312K)->28867K(29312K) NonClass: 23998K(24192K)->23998K(24192K) Class: 4869K(5120K)->4869K(5120K)
[4678.013s][info][gc             ] GC(1408) Pause Young (Concurrent Start) (G1 Evacuation Pause) 3567M->1400M(4096M) 120.547ms
[4678.013s][info][gc             ] GC(1409) Concurrent Mark Cycle
[4678.013s][info][gc,marking     ] GC(1409) Concurrent Scan Root Regions
[4678.013s][info][gc,cpu         ] GC(1408) User=0.71s Sys=0.00s Real=0.13s
[4678.200s][info][gc,marking     ] GC(1409) Concurrent Scan Root Regions 187.350ms
[4678.200s][info][gc,marking     ] GC(1409) Concurrent Mark
[4678.200s][info][gc,marking     ] GC(1409) Concurrent Mark From Roots
[4678.200s][info][gc,task        ] GC(1409) Using 2 workers of 2 for marking
.[4679.226s][info][gc,marking     ] GC(1409) Concurrent Mark From Roots 1026.093ms
[4679.226s][info][gc,marking     ] GC(1409) Concurrent Preclean
[4679.226s][info][gc,marking     ] GC(1409) Concurrent Preclean 0.125ms
[4679.228s][info][gc,start       ] GC(1409) Pause Remark
[4679.234s][info][gc             ] GC(1409) Pause Remark 2544M->2544M(4096M) 5.422ms
[4679.234s][info][gc,cpu         ] GC(1409) User=0.03s Sys=0.00s Real=0.01s
[4679.234s][info][gc,marking     ] GC(1409) Concurrent Mark 1034.059ms
[4679.234s][info][gc,marking     ] GC(1409) Concurrent Rebuild Remembered Sets and Scrub Regions
[4679.612s][info][gc,marking     ] GC(1409) Concurrent Rebuild Remembered Sets and Scrub Regions 377.466ms
[4679.613s][info][gc,start       ] GC(1409) Pause Cleanup
[4679.613s][info][gc             ] GC(1409) Pause Cleanup 2974M->2974M(4096M) 0.121ms
[4679.613s][info][gc,cpu         ] GC(1409) User=0.00s Sys=0.00s Real=0.00s
[4679.613s][info][gc,marking     ] GC(1409) Concurrent Clear Claimed Marks
[4679.613s][info][gc,marking     ] GC(1409) Concurrent Clear Claimed Marks 0.033ms
[4679.613s][info][gc,marking     ] GC(1409) Concurrent Cleanup for Next Mark
[4679.620s][info][gc,marking     ] GC(1409) Concurrent Cleanup for Next Mark 6.983ms
[4679.620s][info][gc             ] GC(1409) Concurrent Mark Cycle 1607.737ms
.[4680.138s][info][gc,start       ] GC(1410) Pause Young (Prepare Mixed) (G1 Evacuation Pause)
[4680.138s][info][gc,task        ] GC(1410) Using 6 workers of 6 for evacuation
[4680.255s][info][gc,phases      ] GC(1410)   Pre Evacuate Collection Set: 0.34ms
[4680.255s][info][gc,phases      ] GC(1410)   Merge Heap Roots: 0.50ms
[4680.255s][info][gc,phases      ] GC(1410)   Evacuate Collection Set: 115.04ms
[4680.255s][info][gc,phases      ] GC(1410)   Post Evacuate Collection Set: 0.93ms
[4680.255s][info][gc,phases      ] GC(1410)   Other: 0.09ms
[4680.255s][info][gc,heap        ] GC(1410) Eden regions: 1115->0(1105)
[4680.255s][info][gc,heap        ] GC(1410) Survivor regions: 113->110(154)
[4680.255s][info][gc,heap        ] GC(1410) Old regions: 508->540
[4680.255s][info][gc,heap        ] GC(1410) Humongous regions: 80->80
[4680.255s][info][gc,metaspace   ] GC(1410) Metaspace: 28867K(29312K)->28867K(29312K) NonClass: 23998K(24192K)->23998K(24192K) Class: 4869K(5120K)->4869K(5120K)
[4680.255s][info][gc             ] GC(1410) Pause Young (Prepare Mixed) (G1 Evacuation Pause) 3630M->1458M(4096M) 117.040ms
[4680.255s][info][gc,cpu         ] GC(1410) User=0.69s Sys=0.01s Real=0.12s
..[4682.257s][info][gc,start       ] GC(1411) Pause Young (Mixed) (G1 Evacuation Pause)
[4682.257s][info][gc,task        ] GC(1411) Using 6 workers of 6 for evacuation
[4682.394s][info][gc,phases      ] GC(1411)   Pre Evacuate Collection Set: 0.37ms
[4682.394s][info][gc,phases      ] GC(1411)   Merge Heap Roots: 0.63ms
[4682.394s][info][gc,phases      ] GC(1411)   Evacuate Collection Set: 134.76ms
[4682.394s][info][gc,phases      ] GC(1411)   Post Evacuate Collection Set: 0.95ms
[4682.394s][info][gc,phases      ] GC(1411)   Other: 0.09ms
[4682.394s][info][gc,heap        ] GC(1411) Eden regions: 1105->0(1115)
[4682.394s][info][gc,heap        ] GC(1411) Survivor regions: 110->113(152)
[4682.394s][info][gc,heap        ] GC(1411) Old regions: 540->477
[4682.394s][info][gc,heap        ] GC(1411) Humongous regions: 80->80
[4682.394s][info][gc,metaspace   ] GC(1411) Metaspace: 28867K(29312K)->28867K(29312K) NonClass: 23998K(24192K)->23998K(24192K) Class: 4869K(5120K)->4869K(5120K)
[4682.394s][info][gc             ] GC(1411) Pause Young (Mixed) (G1 Evacuation Pause) 3668M->1338M(4096M) 136.933ms
[4682.394s][info][gc,cpu         ] GC(1411) User=0.81s Sys=0.00s Real=0.14s
..[4684.513s][info][gc,start       ] GC(1412) Pause Young (Concurrent Start) (G1 Evacuation Pause)
[4684.513s][info][gc,task        ] GC(1412) Using 6 workers of 6 for evacuation
[4684.629s][info][gc,phases      ] GC(1412)   Pre Evacuate Collection Set: 0.41ms
[4684.629s][info][gc,phases      ] GC(1412)   Merge Heap Roots: 0.46ms
[4684.629s][info][gc,phases      ] GC(1412)   Evacuate Collection Set: 114.63ms
[4684.629s][info][gc,phases      ] GC(1412)   Post Evacuate Collection Set: 0.91ms
[4684.629s][info][gc,phases      ] GC(1412)   Other: 0.10ms
[4684.629s][info][gc,heap        ] GC(1412) Eden regions: 1115->0(1119)
[4684.629s][info][gc,heap        ] GC(1412) Survivor regions: 113->109(154)
[4684.629s][info][gc,heap        ] GC(1412) Old regions: 477->509
[4684.629s][info][gc,heap        ] GC(1412) Humongous regions: 80->80
[4684.629s][info][gc,metaspace   ] GC(1412) Metaspace: 28867K(29312K)->28867K(29312K) NonClass: 23998K(24192K)->23998K(24192K) Class: 4869K(5120K)->4869K(5120K)
[4684.629s][info][gc             ] GC(1412) Pause Young (Concurrent Start) (G1 Evacuation Pause) 3568M->1395M(4096M) 116.638ms
[4684.629s][info][gc             ] GC(1413) Concurrent Mark Cycle
[4684.629s][info][gc,marking     ] GC(1413) Concurrent Scan Root Regions
[4684.629s][info][gc,cpu         ] GC(1412) User=0.69s Sys=0.00s Real=0.11s
[4684.804s][info][gc,marking     ] GC(1413) Concurrent Scan Root Regions 174.563ms
[4684.804s][info][gc,marking     ] GC(1413) Concurrent Mark
[4684.804s][info][gc,marking     ] GC(1413) Concurrent Mark From Roots
[4684.804s][info][gc,task        ] GC(1413) Using 2 workers of 2 for marking
.[4685.770s][info][gc,marking     ] GC(1413) Concurrent Mark From Roots 965.849ms
[4685.770s][info][gc,marking     ] GC(1413) Concurrent Preclean
[4685.770s][info][gc,marking     ] GC(1413) Concurrent Preclean 0.123ms
[4685.772s][info][gc,start       ] GC(1413) Pause Remark
[4685.779s][info][gc             ] GC(1413) Pause Remark 2529M->2529M(4096M) 7.290ms
[4685.779s][info][gc,cpu         ] GC(1413) User=0.04s Sys=0.00s Real=0.00s
[4685.780s][info][gc,marking     ] GC(1413) Concurrent Mark 975.581ms
[4685.780s][info][gc,marking     ] GC(1413) Concurrent Rebuild Remembered Sets and Scrub Regions
.[4686.145s][info][gc,marking     ] GC(1413) Concurrent Rebuild Remembered Sets and Scrub Regions 365.527ms
[4686.147s][info][gc,start       ] GC(1413) Pause Cleanup
[4686.147s][info][gc             ] GC(1413) Pause Cleanup 2901M->2901M(4096M) 0.126ms
[4686.147s][info][gc,cpu         ] GC(1413) User=0.00s Sys=0.00s Real=0.00s
[4686.147s][info][gc,marking     ] GC(1413) Concurrent Clear Claimed Marks
[4686.147s][info][gc,marking     ] GC(1413) Concurrent Clear Claimed Marks 0.043ms
[4686.147s][info][gc,marking     ] GC(1413) Concurrent Cleanup for Next Mark
[4686.152s][info][gc,marking     ] GC(1413) Concurrent Cleanup for Next Mark 5.342ms
[4686.152s][info][gc             ] GC(1413) Concurrent Mark Cycle 1523.043ms
[4686.703s][info][gc,start       ] GC(1414) Pause Young (Prepare Mixed) (G1 Evacuation Pause)
[4686.703s][info][gc,task        ] GC(1414) Using 6 workers of 6 for evacuation
[4686.825s][info][gc,phases      ] GC(1414)   Pre Evacuate Collection Set: 0.33ms
[4686.825s][info][gc,phases      ] GC(1414)   Merge Heap Roots: 0.51ms
[4686.825s][info][gc,phases      ] GC(1414)   Evacuate Collection Set: 120.05ms
[4686.825s][info][gc,phases      ] GC(1414)   Post Evacuate Collection Set: 0.90ms
[4686.825s][info][gc,phases      ] GC(1414)   Other: 0.08ms
[4686.825s][info][gc,heap        ] GC(1414) Eden regions: 1119->0(1097)
[4686.825s][info][gc,heap        ] GC(1414) Survivor regions: 109->114(154)
[4686.825s][info][gc,heap        ] GC(1414) Old regions: 509->540
[4686.825s][info][gc,heap        ] GC(1414) Humongous regions: 80->80
[4686.825s][info][gc,metaspace   ] GC(1414) Metaspace: 28867K(29312K)->28867K(29312K) NonClass: 23998K(24192K)->23998K(24192K) Class: 4869K(5120K)->4869K(5120K)
[4686.825s][info][gc             ] GC(1414) Pause Young (Prepare Mixed) (G1 Evacuation Pause) 3633M->1467M(4096M) 122.027ms
[4686.825s][info][gc,cpu         ] GC(1414) User=0.72s Sys=0.00s Real=0.12s
..[4688.942s][info][gc,start       ] GC(1415) Pause Young (Mixed) (G1 Evacuation Pause)
[4688.942s][info][gc,task        ] GC(1415) Using 6 workers of 6 for evacuation
[4689.079s][info][gc,phases      ] GC(1415)   Pre Evacuate Collection Set: 0.41ms
[4689.079s][info][gc,phases      ] GC(1415)   Merge Heap Roots: 0.65ms
[4689.079s][info][gc,phases      ] GC(1415)   Evacuate Collection Set: 133.54ms
[4689.079s][info][gc,phases      ] GC(1415)   Post Evacuate Collection Set: 0.94ms
[4689.079s][info][gc,phases      ] GC(1415)   Other: 0.85ms
[4689.079s][info][gc,heap        ] GC(1415) Eden regions: 1097->0(1115)
[4689.079s][info][gc,heap        ] GC(1415) Survivor regions: 114->113(152)
[4689.079s][info][gc,heap        ] GC(1415) Old regions: 540->475
[4689.079s][info][gc,heap        ] GC(1415) Humongous regions: 80->80
[4689.079s][info][gc,metaspace   ] GC(1415) Metaspace: 28867K(29312K)->28867K(29312K) NonClass: 23998K(24192K)->23998K(24192K) Class: 4869K(5120K)->4869K(5120K)
[4689.079s][info][gc             ] GC(1415) Pause Young (Mixed) (G1 Evacuation Pause) 3661M->1334M(4096M) 136.521ms
[4689.079s][info][gc,cpu         ] GC(1415) User=0.80s Sys=0.00s Real=0.13s
..[4691.065s][info][gc,start       ] GC(1416) Pause Young (Concurrent Start) (G1 Evacuation Pause)
[4691.065s][info][gc,task        ] GC(1416) Using 6 workers of 6 for evacuation
[4691.182s][info][gc,phases      ] GC(1416)   Pre Evacuate Collection Set: 0.36ms
[4691.182s][info][gc,phases      ] GC(1416)   Merge Heap Roots: 0.49ms
[4691.182s][info][gc,phases      ] GC(1416)   Evacuate Collection Set: 115.00ms
[4691.182s][info][gc,phases      ] GC(1416)   Post Evacuate Collection Set: 0.88ms
[4691.182s][info][gc,phases      ] GC(1416)   Other: 0.16ms
[4691.182s][info][gc,heap        ] GC(1416) Eden regions: 1115->0(1119)
[4691.182s][info][gc,heap        ] GC(1416) Survivor regions: 113->109(154)
[4691.182s][info][gc,heap        ] GC(1416) Old regions: 475->507
[4691.182s][info][gc,heap        ] GC(1416) Humongous regions: 80->80
[4691.182s][info][gc,metaspace   ] GC(1416) Metaspace: 28867K(29312K)->28867K(29312K) NonClass: 23998K(24192K)->23998K(24192K) Class: 4869K(5120K)->4869K(5120K)
[4691.182s][info][gc             ] GC(1416) Pause Young (Concurrent Start) (G1 Evacuation Pause) 3564M->1389M(4096M) 117.032ms
[4691.182s][info][gc             ] GC(1417) Concurrent Mark Cycle
[4691.182s][info][gc,marking     ] GC(1417) Concurrent Scan Root Regions
[4691.182s][info][gc,cpu         ] GC(1416) User=0.69s Sys=0.00s Real=0.12s
.[4691.357s][info][gc,marking     ] GC(1417) Concurrent Scan Root Regions 174.490ms
[4691.357s][info][gc,marking     ] GC(1417) Concurrent Mark
[4691.357s][info][gc,marking     ] GC(1417) Concurrent Mark From Roots
[4691.357s][info][gc,task        ] GC(1417) Using 2 workers of 2 for marking
.[4692.370s][info][gc,marking     ] GC(1417) Concurrent Mark From Roots 1013.540ms
[4692.370s][info][gc,marking     ] GC(1417) Concurrent Preclean
[4692.370s][info][gc,marking     ] GC(1417) Concurrent Preclean 0.131ms
[4692.372s][info][gc,start       ] GC(1417) Pause Remark
[4692.379s][info][gc             ] GC(1417) Pause Remark 2481M->2481M(4096M) 7.722ms
[4692.379s][info][gc,cpu         ] GC(1417) User=0.05s Sys=0.00s Real=0.01s
[4692.380s][info][gc,marking     ] GC(1417) Concurrent Mark 1023.311ms
[4692.380s][info][gc,marking     ] GC(1417) Concurrent Rebuild Remembered Sets and Scrub Regions
[4692.731s][info][gc,marking     ] GC(1417) Concurrent Rebuild Remembered Sets and Scrub Regions 351.529ms
[4692.735s][info][gc,start       ] GC(1417) Pause Cleanup
[4692.735s][info][gc             ] GC(1417) Pause Cleanup 2907M->2907M(4096M) 0.136ms
[4692.735s][info][gc,cpu         ] GC(1417) User=0.00s Sys=0.00s Real=0.00s
[4692.735s][info][gc,marking     ] GC(1417) Concurrent Clear Claimed Marks
[4692.735s][info][gc,marking     ] GC(1417) Concurrent Clear Claimed Marks 0.038ms
[4692.735s][info][gc,marking     ] GC(1417) Concurrent Cleanup for Next Mark
[4692.757s][info][gc,marking     ] GC(1417) Concurrent Cleanup for Next Mark 21.645ms
[4692.757s][info][gc             ] GC(1417) Concurrent Mark Cycle 1574.797ms
[4693.316s][info][gc,start       ] GC(1418) Pause Young (Prepare Mixed) (G1 Evacuation Pause)
[4693.316s][info][gc,task        ] GC(1418) Using 6 workers of 6 for evacuation
[4693.440s][info][gc,phases      ] GC(1418)   Pre Evacuate Collection Set: 0.34ms
[4693.440s][info][gc,phases      ] GC(1418)   Merge Heap Roots: 0.53ms
[4693.440s][info][gc,phases      ] GC(1418)   Evacuate Collection Set: 121.52ms
[4693.440s][info][gc,phases      ] GC(1418)   Post Evacuate Collection Set: 0.98ms
[4693.440s][info][gc,phases      ] GC(1418)   Other: 0.09ms
[4693.440s][info][gc,heap        ] GC(1418) Eden regions: 1119->0(1099)
[4693.440s][info][gc,heap        ] GC(1418) Survivor regions: 109->114(154)
[4693.440s][info][gc,heap        ] GC(1418) Old regions: 507->538
[4693.440s][info][gc,heap        ] GC(1418) Humongous regions: 80->80
[4693.440s][info][gc,metaspace   ] GC(1418) Metaspace: 28867K(29312K)->28867K(29312K) NonClass: 23998K(24192K)->23998K(24192K) Class: 4869K(5120K)->4869K(5120K)
[4693.440s][info][gc             ] GC(1418) Pause Young (Prepare Mixed) (G1 Evacuation Pause) 3627M->1462M(4096M) 123.592ms
[4693.440s][info][gc,cpu         ] GC(1418) User=0.73s Sys=0.00s Real=0.12s
...[4695.501s][info][gc,start       ] GC(1419) Pause Young (Mixed) (G1 Evacuation Pause)
[4695.501s][info][gc,task        ] GC(1419) Using 6 workers of 6 for evacuation
[4695.633s][info][gc,phases      ] GC(1419)   Pre Evacuate Collection Set: 0.38ms
[4695.633s][info][gc,phases      ] GC(1419)   Merge Heap Roots: 0.63ms
[4695.633s][info][gc,phases      ] GC(1419)   Evacuate Collection Set: 129.98ms
[4695.633s][info][gc,phases      ] GC(1419)   Post Evacuate Collection Set: 0.95ms
[4695.633s][info][gc,phases      ] GC(1419)   Other: 0.08ms
[4695.633s][info][gc,heap        ] GC(1419) Eden regions: 1099->0(1119)
[4695.633s][info][gc,heap        ] GC(1419) Survivor regions: 114->109(152)
[4695.633s][info][gc,heap        ] GC(1419) Old regions: 538->475
[4695.633s][info][gc,heap        ] GC(1419) Humongous regions: 80->80
[4695.633s][info][gc,metaspace   ] GC(1419) Metaspace: 28867K(29312K)->28867K(29312K) NonClass: 23998K(24192K)->23998K(24192K) Class: 4869K(5120K)->4869K(5120K)
[4695.633s][info][gc             ] GC(1419) Pause Young (Mixed) (G1 Evacuation Pause) 3660M->1326M(4096M) 132.157ms
[4695.634s][info][gc,cpu         ] GC(1419) User=0.78s Sys=0.00s Real=0.14s
..[4697.851s][info][gc,start       ] GC(1420) Pause Young (Concurrent Start) (G1 Evacuation Pause)
[4697.851s][info][gc,task        ] GC(1420) Using 6 workers of 6 for evacuation
[4697.974s][info][gc,phases      ] GC(1420)   Pre Evacuate Collection Set: 0.40ms
[4697.974s][info][gc,phases      ] GC(1420)   Merge Heap Roots: 0.44ms
[4697.974s][info][gc,phases      ] GC(1420)   Evacuate Collection Set: 120.81ms
[4697.974s][info][gc,phases      ] GC(1420)   Post Evacuate Collection Set: 0.87ms
[4697.974s][info][gc,phases      ] GC(1420)   Other: 0.13ms
[4697.974s][info][gc,heap        ] GC(1420) Eden regions: 1119->0(1115)
[4697.974s][info][gc,heap        ] GC(1420) Survivor regions: 109->113(154)
[4697.974s][info][gc,heap        ] GC(1420) Old regions: 475->507
[4697.974s][info][gc,heap        ] GC(1420) Humongous regions: 80->80
[4697.974s][info][gc,metaspace   ] GC(1420) Metaspace: 28867K(29312K)->28867K(29312K) NonClass: 23998K(24192K)->23998K(24192K) Class: 4869K(5120K)->4869K(5120K)
[4697.974s][info][gc             ] GC(1420) Pause Young (Concurrent Start) (G1 Evacuation Pause) 3564M->1399M(4096M) 122.777ms
[4697.974s][info][gc             ] GC(1421) Concurrent Mark Cycle
[4697.974s][info][gc,marking     ] GC(1421) Concurrent Scan Root Regions
[4697.974s][info][gc,cpu         ] GC(1420) User=0.72s Sys=0.00s Real=0.13s
[4698.115s][info][gc,marking     ] GC(1421) Concurrent Scan Root Regions 140.857ms
[4698.115s][info][gc,marking     ] GC(1421) Concurrent Mark
[4698.115s][info][gc,marking     ] GC(1421) Concurrent Mark From Roots
[4698.115s][info][gc,task        ] GC(1421) Using 2 workers of 2 for marking
.[4698.880s][info][gc,marking     ] GC(1421) Concurrent Mark From Roots 764.691ms
[4698.880s][info][gc,marking     ] GC(1421) Concurrent Preclean
[4698.880s][info][gc,marking     ] GC(1421) Concurrent Preclean 0.125ms
[4698.881s][info][gc,start       ] GC(1421) Pause Remark
[4698.888s][info][gc             ] GC(1421) Pause Remark 2225M->2225M(4096M) 6.666ms
[4698.888s][info][gc,cpu         ] GC(1421) User=0.04s Sys=0.00s Real=0.01s
[4698.888s][info][gc,marking     ] GC(1421) Concurrent Mark 773.135ms
[4698.888s][info][gc,marking     ] GC(1421) Concurrent Rebuild Remembered Sets and Scrub Regions
[4699.264s][info][gc,marking     ] GC(1421) Concurrent Rebuild Remembered Sets and Scrub Regions 376.248ms
[4699.266s][info][gc,start       ] GC(1421) Pause Cleanup
[4699.266s][info][gc             ] GC(1421) Pause Cleanup 2541M->2541M(4096M) 0.124ms
[4699.266s][info][gc,cpu         ] GC(1421) User=0.00s Sys=0.00s Real=0.00s
[4699.266s][info][gc,marking     ] GC(1421) Concurrent Clear Claimed Marks
[4699.266s][info][gc,marking     ] GC(1421) Concurrent Clear Claimed Marks 0.033ms
[4699.266s][info][gc,marking     ] GC(1421) Concurrent Cleanup for Next Mark
[4699.272s][info][gc,marking     ] GC(1421) Concurrent Cleanup for Next Mark 5.976ms
[4699.272s][info][gc             ] GC(1421) Concurrent Mark Cycle 1297.778ms
.[4700.060s][info][gc,start       ] GC(1422) Pause Young (Prepare Mixed) (G1 Evacuation Pause)
[4700.060s][info][gc,task        ] GC(1422) Using 6 workers of 6 for evacuation
[4700.176s][info][gc,phases      ] GC(1422)   Pre Evacuate Collection Set: 0.36ms
[4700.176s][info][gc,phases      ] GC(1422)   Merge Heap Roots: 0.49ms
[4700.176s][info][gc,phases      ] GC(1422)   Evacuate Collection Set: 114.52ms
[4700.176s][info][gc,phases      ] GC(1422)   Post Evacuate Collection Set: 0.93ms
[4700.176s][info][gc,phases      ] GC(1422)   Other: 0.09ms
[4700.176s][info][gc,heap        ] GC(1422) Eden regions: 1115->0(1107)
[4700.176s][info][gc,heap        ] GC(1422) Survivor regions: 113->110(154)
[4700.176s][info][gc,heap        ] GC(1422) Old regions: 507->538
[4700.176s][info][gc,heap        ] GC(1422) Humongous regions: 80->80
[4700.176s][info][gc,metaspace   ] GC(1422) Metaspace: 28867K(29312K)->28867K(29312K) NonClass: 23998K(24192K)->23998K(24192K) Class: 4869K(5120K)->4869K(5120K)
[4700.176s][info][gc             ] GC(1422) Pause Young (Prepare Mixed) (G1 Evacuation Pause) 3629M->1455M(4096M) 116.517ms
[4700.176s][info][gc,cpu         ] GC(1422) User=0.69s Sys=0.00s Real=0.12s
..[4702.273s][info][gc,start       ] GC(1423) Pause Young (Mixed) (G1 Evacuation Pause)
[4702.273s][info][gc,task        ] GC(1423) Using 6 workers of 6 for evacuation
[4702.410s][info][gc,phases      ] GC(1423)   Pre Evacuate Collection Set: 0.37ms
[4702.410s][info][gc,phases      ] GC(1423)   Merge Heap Roots: 0.68ms
[4702.410s][info][gc,phases      ] GC(1423)   Evacuate Collection Set: 134.95ms
[4702.410s][info][gc,phases      ] GC(1423)   Post Evacuate Collection Set: 0.95ms
[4702.410s][info][gc,phases      ] GC(1423)   Other: 0.09ms
[4702.410s][info][gc,heap        ] GC(1423) Eden regions: 1107->0(1117)
[4702.410s][info][gc,heap        ] GC(1423) Survivor regions: 110->111(153)
[4702.410s][info][gc,heap        ] GC(1423) Old regions: 538->474
[4702.410s][info][gc,heap        ] GC(1423) Humongous regions: 80->80
[4702.410s][info][gc,metaspace   ] GC(1423) Metaspace: 28867K(29312K)->28867K(29312K) NonClass: 23998K(24192K)->23998K(24192K) Class: 4869K(5120K)->4869K(5120K)
[4702.410s][info][gc             ] GC(1423) Pause Young (Mixed) (G1 Evacuation Pause) 3669M->1328M(4096M) 137.182ms
[4702.410s][info][gc,cpu         ] GC(1423) User=0.81s Sys=0.00s Real=0.13s
..[4704.450s][info][gc,start       ] GC(1424) Pause Young (Concurrent Start) (G1 Evacuation Pause)
[4704.450s][info][gc,task        ] GC(1424) Using 6 workers of 6 for evacuation
[4704.571s][info][gc,phases      ] GC(1424)   Pre Evacuate Collection Set: 0.40ms
[4704.571s][info][gc,phases      ] GC(1424)   Merge Heap Roots: 0.44ms
[4704.571s][info][gc,phases      ] GC(1424)   Evacuate Collection Set: 118.86ms
[4704.571s][info][gc,phases      ] GC(1424)   Post Evacuate Collection Set: 0.88ms
[4704.571s][info][gc,phases      ] GC(1424)   Other: 0.10ms
[4704.571s][info][gc,heap        ] GC(1424) Eden regions: 1117->0(1116)
[4704.571s][info][gc,heap        ] GC(1424) Survivor regions: 111->112(154)
[4704.571s][info][gc,heap        ] GC(1424) Old regions: 474->506
[4704.571s][info][gc,heap        ] GC(1424) Humongous regions: 80->80
[4704.571s][info][gc,metaspace   ] GC(1424) Metaspace: 28867K(29312K)->28867K(29312K) NonClass: 23998K(24192K)->23998K(24192K) Class: 4869K(5120K)->4869K(5120K)
[4704.571s][info][gc             ] GC(1424) Pause Young (Concurrent Start) (G1 Evacuation Pause) 3562M->1393M(4096M) 120.807ms
[4704.571s][info][gc             ] GC(1425) Concurrent Mark Cycle
[4704.571s][info][gc,marking     ] GC(1425) Concurrent Scan Root Regions
[4704.571s][info][gc,cpu         ] GC(1424) User=0.71s Sys=0.00s Real=0.12s
.[4704.753s][info][gc,marking     ] GC(1425) Concurrent Scan Root Regions 182.300ms
[4704.753s][info][gc,marking     ] GC(1425) Concurrent Mark
[4704.753s][info][gc,marking     ] GC(1425) Concurrent Mark From Roots
[4704.753s][info][gc,task        ] GC(1425) Using 2 workers of 2 for marking
.[4705.808s][info][gc,marking     ] GC(1425) Concurrent Mark From Roots 1054.411ms
[4705.808s][info][gc,marking     ] GC(1425) Concurrent Preclean
[4705.808s][info][gc,marking     ] GC(1425) Concurrent Preclean 0.147ms
[4705.809s][info][gc,start       ] GC(1425) Pause Remark
[4705.814s][info][gc             ] GC(1425) Pause Remark 2583M->2583M(4096M) 4.560ms
[4705.814s][info][gc,cpu         ] GC(1425) User=0.02s Sys=0.00s Real=0.01s
[4705.815s][info][gc,marking     ] GC(1425) Concurrent Mark 1061.707ms
[4705.815s][info][gc,marking     ] GC(1425) Concurrent Rebuild Remembered Sets and Scrub Regions
[4706.210s][info][gc,marking     ] GC(1425) Concurrent Rebuild Remembered Sets and Scrub Regions 395.611ms
[4706.211s][info][gc,start       ] GC(1425) Pause Cleanup
[4706.211s][info][gc             ] GC(1425) Pause Cleanup 3006M->3006M(4096M) 0.105ms
[4706.211s][info][gc,cpu         ] GC(1425) User=0.00s Sys=0.00s Real=0.00s
[4706.211s][info][gc,marking     ] GC(1425) Concurrent Clear Claimed Marks
[4706.211s][info][gc,marking     ] GC(1425) Concurrent Clear Claimed Marks 0.022ms
[4706.211s][info][gc,marking     ] GC(1425) Concurrent Cleanup for Next Mark
[4706.215s][info][gc,marking     ] GC(1425) Concurrent Cleanup for Next Mark 4.503ms
[4706.215s][info][gc             ] GC(1425) Concurrent Mark Cycle 1644.662ms
[4706.724s][info][gc,start       ] GC(1426) Pause Young (Prepare Mixed) (G1 Evacuation Pause)
[4706.724s][info][gc,task        ] GC(1426) Using 6 workers of 6 for evacuation
[4706.848s][info][gc,phases      ] GC(1426)   Pre Evacuate Collection Set: 0.31ms
[4706.848s][info][gc,phases      ] GC(1426)   Merge Heap Roots: 0.51ms
[4706.848s][info][gc,phases      ] GC(1426)   Evacuate Collection Set: 122.08ms
[4706.848s][info][gc,phases      ] GC(1426)   Post Evacuate Collection Set: 0.91ms
[4706.848s][info][gc,phases      ] GC(1426)   Other: 0.09ms
[4706.848s][info][gc,heap        ] GC(1426) Eden regions: 1116->0(1098)
[4706.848s][info][gc,heap        ] GC(1426) Survivor regions: 112->115(154)
[4706.848s][info][gc,heap        ] GC(1426) Old regions: 506->537
[4706.848s][info][gc,heap        ] GC(1426) Humongous regions: 80->80
[4706.848s][info][gc,metaspace   ] GC(1426) Metaspace: 28867K(29312K)->28867K(29312K) NonClass: 23998K(24192K)->23998K(24192K) Class: 4869K(5120K)->4869K(5120K)
[4706.848s][info][gc             ] GC(1426) Pause Young (Prepare Mixed) (G1 Evacuation Pause) 3625M->1462M(4096M) 124.038ms
[4706.848s][info][gc,cpu         ] GC(1426) User=0.74s Sys=0.00s Real=0.12s
...[4708.907s][info][gc,start       ] GC(1427) Pause Young (Mixed) (G1 Evacuation Pause)
[4708.907s][info][gc,task        ] GC(1427) Using 6 workers of 6 for evacuation
[4709.048s][info][gc,phases      ] GC(1427)   Pre Evacuate Collection Set: 0.35ms
[4709.048s][info][gc,phases      ] GC(1427)   Merge Heap Roots: 0.70ms
[4709.048s][info][gc,phases      ] GC(1427)   Evacuate Collection Set: 138.87ms
[4709.048s][info][gc,phases      ] GC(1427)   Post Evacuate Collection Set: 0.96ms
[4709.048s][info][gc,phases      ] GC(1427)   Other: 0.08ms
[4709.048s][info][gc,heap        ] GC(1427) Eden regions: 1098->0(1112)
[4709.048s][info][gc,heap        ] GC(1427) Survivor regions: 115->116(152)
[4709.048s][info][gc,heap        ] GC(1427) Old regions: 537->475
[4709.048s][info][gc,heap        ] GC(1427) Humongous regions: 80->80
[4709.048s][info][gc,metaspace   ] GC(1427) Metaspace: 28867K(29312K)->28867K(29312K) NonClass: 23998K(24192K)->23998K(24192K) Class: 4869K(5120K)->4869K(5120K)
[4709.048s][info][gc             ] GC(1427) Pause Young (Mixed) (G1 Evacuation Pause) 3658M->1340M(4096M) 141.088ms
[4709.049s][info][gc,cpu         ] GC(1427) User=0.84s Sys=0.00s Real=0.14s
..[4711.215s][info][gc,start       ] GC(1428) Pause Young (Concurrent Start) (G1 Evacuation Pause)
[4711.215s][info][gc,task        ] GC(1428) Using 6 workers of 6 for evacuation
[4711.338s][info][gc,phases      ] GC(1428)   Pre Evacuate Collection Set: 0.37ms
[4711.338s][info][gc,phases      ] GC(1428)   Merge Heap Roots: 0.47ms
[4711.338s][info][gc,phases      ] GC(1428)   Evacuate Collection Set: 120.95ms
[4711.338s][info][gc,phases      ] GC(1428)   Post Evacuate Collection Set: 0.88ms
[4711.338s][info][gc,phases      ] GC(1428)   Other: 0.12ms
[4711.338s][info][gc,heap        ] GC(1428) Eden regions: 1112->0(1116)
[4711.338s][info][gc,heap        ] GC(1428) Survivor regions: 116->112(154)
[4711.338s][info][gc,heap        ] GC(1428) Old regions: 475->507
[4711.338s][info][gc,heap        ] GC(1428) Humongous regions: 80->80
[4711.338s][info][gc,metaspace   ] GC(1428) Metaspace: 28867K(29312K)->28867K(29312K) NonClass: 23998K(24192K)->23998K(24192K) Class: 4869K(5120K)->4869K(5120K)
[4711.338s][info][gc             ] GC(1428) Pause Young (Concurrent Start) (G1 Evacuation Pause) 3564M->1397M(4096M) 122.931ms
[4711.338s][info][gc             ] GC(1429) Concurrent Mark Cycle
[4711.338s][info][gc,marking     ] GC(1429) Concurrent Scan Root Regions
[4711.338s][info][gc,cpu         ] GC(1428) User=0.73s Sys=0.00s Real=0.12s
[4711.521s][info][gc,marking     ] GC(1429) Concurrent Scan Root Regions 182.933ms
[4711.521s][info][gc,marking     ] GC(1429) Concurrent Mark
[4711.521s][info][gc,marking     ] GC(1429) Concurrent Mark From Roots
[4711.521s][info][gc,task        ] GC(1429) Using 2 workers of 2 for marking
.[4712.629s][info][gc,marking     ] GC(1429) Concurrent Mark From Roots 1108.090ms
[4712.629s][info][gc,marking     ] GC(1429) Concurrent Preclean
[4712.629s][info][gc,marking     ] GC(1429) Concurrent Preclean 0.169ms
[4712.632s][info][gc,start       ] GC(1429) Pause Remark
[4712.637s][info][gc             ] GC(1429) Pause Remark 2633M->2633M(4096M) 5.867ms
[4712.637s][info][gc,cpu         ] GC(1429) User=0.03s Sys=0.00s Real=0.01s
[4712.638s][info][gc,marking     ] GC(1429) Concurrent Mark 1116.725ms
[4712.638s][info][gc,marking     ] GC(1429) Concurrent Rebuild Remembered Sets and Scrub Regions
[4713.003s][info][gc,marking     ] GC(1429) Concurrent Rebuild Remembered Sets and Scrub Regions 364.969ms
[4713.003s][info][gc,start       ] GC(1429) Pause Cleanup
[4713.003s][info][gc             ] GC(1429) Pause Cleanup 3022M->3022M(4096M) 0.119ms
[4713.003s][info][gc,cpu         ] GC(1429) User=0.00s Sys=0.00s Real=0.00s
[4713.003s][info][gc,marking     ] GC(1429) Concurrent Clear Claimed Marks
[4713.003s][info][gc,marking     ] GC(1429) Concurrent Clear Claimed Marks 0.029ms
[4713.003s][info][gc,marking     ] GC(1429) Concurrent Cleanup for Next Mark
[4713.008s][info][gc,marking     ] GC(1429) Concurrent Cleanup for Next Mark 5.337ms
