[0.040s][info][gc,init] CardTable entry size: 512
[0.040s][info][gc     ] Using Parallel
[0.043s][info][gc,init] Version: 24-internal-adhoc.thomas.source (release)
[0.043s][info][gc,init] CPUs: 8 total, 6 available
[0.043s][info][gc,init] Memory: 15662M
[0.043s][info][gc,init] Large Page Support: Disabled
[0.043s][info][gc,init] NUMA Support: Disabled
[0.043s][info][gc,init] Compressed Oops: Enabled (Zero based)
[0.043s][info][gc,init] Alignments: Space 512K, Generation 512K, Heap 2M
[0.043s][info][gc,init] Heap Min Capacity: 2M
[0.043s][info][gc,init] Heap Initial Capacity: 246M
[0.043s][info][gc,init] Heap Max Capacity: 8G
[0.043s][info][gc,init] Pre-touch: Disabled
[0.043s][info][gc,init] Parallel Workers: 6
[0.043s][info][gc,metaspace] CDS archive(s) not mapped
[0.043s][info][gc,metaspace] Compressed class space mapped at: 0x0000000020000000-0x0000000060000000, reserved size: 1073741824
[0.043s][info][gc,metaspace] UseCompressedClassPointers 1, UseCompactObjectHeaders 1, narrow klass pointer bits 22, max shift 10
[0.043s][info][gc,metaspace] Narrow klass base: 0x0000000020000000, Narrow klass shift: 9, Narrow klass range: 0x40000000

SPECjbb2015 Java Business Benchmark
 (c) Standard Performance Evaluation Corporation, 2015

Preparing to launch All-in-one SPECjbb2015.

Reading property file: /shared/projects/openjdk/analysis/lilliput-benefits/specjbb/results-COH-ON-Parallel-FullGC-8G-0/./config/specjbb2015.props

     0s: Enumerating plugins...
     0s:    Connectivity:
     0s:             HTTP_Grizzly: Grizzly HTTP server, JDK HTTP client
     0s:              NIO_Grizzly: Grizzly NIO server, Grizzly NIO client
     0s:               HTTP_Jetty: Jetty HTTP server, JDK HTTP client
     0s:    Snapshot:
     0s:                 InMemory: Stores snapshots in heap memory
     0s:    Data Writers:
     0s:                     Demo: Send all frame to listener
     0s:                   InFile: Writing Data into file
     0s:                   Silent: Drop all frames
     0s: 
     0s: Kit validation is skipped.
     0s: Tests are skipped.
     0s: 
     0s: [0.665s][info][gc,start    ] GC(0) Pause Young (Allocation Failure)
[0.669s][info][gc,heap     ] GC(0) PSYoungGen: 63488K(73728K)->3739K(73728K) Eden: 63488K(63488K)->0K(63488K) From: 0K(10240K)->3739K(10240K)
[0.669s][info][gc,heap     ] GC(0) ParOldGen: 0K(167936K)->16K(167936K)
[0.669s][info][gc,metaspace] GC(0) Metaspace: 16437K(16576K)->16437K(16576K) NonClass: 13567K(13632K)->13567K(13632K) Class: 2870K(2944K)->2870K(2944K)
[0.669s][info][gc          ] GC(0) Pause Young (Allocation Failure) 62M->3M(236M) 4.147ms
[0.669s][info][gc,cpu      ] GC(0) User=0.01s Sys=0.00s Real=0.00s
[0.814s][info][gc,start    ] GC(1) Pause Young (Allocation Failure)
[0.818s][info][gc,heap     ] GC(1) PSYoungGen: 67227K(73728K)->3890K(73728K) Eden: 63488K(63488K)->0K(63488K) From: 3739K(10240K)->3890K(10240K)
[0.818s][info][gc,heap     ] GC(1) ParOldGen: 16K(167936K)->24K(167936K)
[0.818s][info][gc,metaspace] GC(1) Metaspace: 18085K(18240K)->18085K(18240K) NonClass: 14723K(14784K)->14723K(14784K) Class: 3362K(3456K)->3362K(3456K)
[0.818s][info][gc          ] GC(1) Pause Young (Allocation Failure) 65M->3M(236M) 3.467ms
[0.818s][info][gc,cpu      ] GC(1) User=0.01s Sys=0.01s Real=0.00s
[1.044s][info][gc,start    ] GC(2) Pause Young (Allocation Failure)
[1.047s][info][gc,heap     ] GC(2) PSYoungGen: 67378K(73728K)->4674K(73728K) Eden: 63488K(63488K)->0K(63488K) From: 3890K(10240K)->4674K(10240K)
[1.047s][info][gc,heap     ] GC(2) ParOldGen: 24K(167936K)->32K(167936K)
[1.047s][info][gc,metaspace] GC(2) Metaspace: 20712K(20928K)->20712K(20928K) NonClass: 16794K(16896K)->16794K(16896K) Class: 3917K(4032K)->3917K(4032K)
[1.047s][info][gc          ] GC(2) Pause Young (Allocation Failure) 65M->4M(236M) 2.812ms
[1.047s][info][gc,cpu      ] GC(2) User=0.02s Sys=0.00s Real=0.00s
[1.149s][info][gc,start    ] GC(3) Pause Young (Allocation Failure)
[1.153s][info][gc,heap     ] GC(3) PSYoungGen: 68162K(73728K)->4838K(137216K) Eden: 63488K(63488K)->0K(126976K) From: 4674K(10240K)->4838K(10240K)
[1.154s][info][gc,heap     ] GC(3) ParOldGen: 32K(167936K)->40K(167936K)
[1.154s][info][gc,metaspace] GC(3) Metaspace: 21073K(21248K)->21073K(21248K) NonClass: 17073K(17152K)->17073K(17152K) Class: 3999K(4096K)->3999K(4096K)
[1.154s][info][gc          ] GC(3) Pause Young (Allocation Failure) 66M->4M(298M) 4.401ms
[1.154s][info][gc,cpu      ] GC(3) User=0.00s Sys=0.01s Real=0.01s
[1.256s][info][gc,start    ] GC(4) Pause Full (Metadata GC Threshold)
[1.256s][info][gc,phases,start] GC(4) Marking Phase
[1.260s][info][gc,phases      ] GC(4) Marking Phase 4.260ms
[1.261s][info][gc,phases,start] GC(4) Summary Phase
[1.261s][info][gc,phases      ] GC(4) Summary Phase 0.008ms
[1.261s][info][gc,phases,start] GC(4) Forward
[1.261s][info][gc,phases      ] GC(4) Forward 0.518ms
[1.261s][info][gc,phases,start] GC(4) Adjust Pointers
[1.263s][info][gc,phases      ] GC(4) Adjust Pointers 1.453ms
[1.263s][info][gc,phases,start] GC(4) Compaction Phase
[1.264s][info][gc,phases      ] GC(4) Compaction Phase 1.293ms
[1.264s][info][gc,phases,start] GC(4) Post Compact
[1.264s][info][gc,phases      ] GC(4) Post Compact 0.492ms
[1.264s][info][gc,heap        ] GC(4) PSYoungGen: 63103K(137216K)->0K(137216K) Eden: 58264K(126976K)->0K(126976K) From: 4838K(10240K)->0K(10240K)
[1.264s][info][gc,heap        ] GC(4) ParOldGen: 40K(167936K)->4878K(167936K)
[1.264s][info][gc,metaspace   ] GC(4) Metaspace: 21397K(21504K)->21397K(21504K) NonClass: 17364K(17408K)->17364K(17408K) Class: 4033K(4096K)->4033K(4096K)
[1.264s][info][gc             ] GC(4) Pause Full (Metadata GC Threshold) 61M->4M(298M) 8.210ms
[1.264s][info][gc,cpu         ] GC(4) User=0.03s Sys=0.00s Real=0.01s
Ladies and gentlemen, this is your Controller speaking.
     0s: We are delighted in having you for benchmark run today.
     0s: 
     0s: Binary log file is ./specjbb2015-C-20240916-00001.data.gz
     0s: 
     0s: Performing handshake with all agents ...
     0s: 
     0s:  Agent Group1.TxInjector.CompositeTxInjector has attached to Controller
     0s:  Agent Group1.Backend.CompositeBackend has attached to Controller
     0s: 
     0s: All agents have connected.
     0s: 
     0s: Attached agents info:

Group "Group1"
    TxInjectors:
        CompositeTxInjector, includes { Driver } @ [local in-Java link]
    Backends:
        CompositeBackend, includes { SM(2),SP(2) } @ [local in-Java link]

     0s: Initializing... (init[1.328s][info][gc,start       ] GC(5) Pause Young (Allocation Failure)
[1.360s][info][gc,heap        ] GC(5) PSYoungGen: 126976K(137216K)->10234K(137216K) Eden: 126976K(126976K)->0K(126976K) From: 0K(10240K)->10234K(10240K)
[1.361s][info][gc,heap        ] GC(5) ParOldGen: 4878K(167936K)->68717K(167936K)
[1.361s][info][gc,metaspace   ] GC(5) Metaspace: 22197K(22336K)->22197K(22336K) NonClass: 18002K(18112K)->18002K(18112K) Class: 4194K(4224K)->4194K(4224K)
[1.361s][info][gc             ] GC(5) Pause Young (Allocation Failure) 128M->77M(298M) 32.380ms
[1.361s][info][gc,cpu         ] GC(5) User=0.12s Sys=0.07s Real=0.04s
[1.474s][info][gc,start       ] GC(6) Pause Young (Allocation Failure)
[1.528s][info][gc,heap        ] GC(6) PSYoungGen: 137210K(137216K)->52718K(273920K) Eden: 126976K(126976K)->0K(221184K) From: 10234K(10240K)->52718K(52736K)
[1.528s][info][gc,heap        ] GC(6) ParOldGen: 68717K(167936K)->101756K(167936K)
[1.528s][info][gc,metaspace   ] GC(6) Metaspace: 22603K(22784K)->22603K(22784K) NonClass: 18342K(18432K)->18342K(18432K) Class: 4261K(4352K)->4261K(4352K)
[1.528s][info][gc             ] GC(6) Pause Young (Allocation Failure) 201M->150M(431M) 54.121ms
[1.528s][info][gc,cpu         ] GC(6) User=0.19s Sys=0.13s Real=0.05s
[1.737s][info][gc,start       ] GC(7) Pause Young (Allocation Failure)
[1.855s][info][gc,heap        ] GC(7) PSYoungGen: 273902K(273920K)->85472K(306688K) Eden: 221184K(221184K)->0K(221184K) From: 52718K(52736K)->85472K(85504K)
[1.855s][info][gc,heap        ] GC(7) ParOldGen: 101756K(167936K)->225753K(225792K)
[1.855s][info][gc,metaspace   ] GC(7) Metaspace: 22652K(22848K)->22652K(22848K) NonClass: 18390K(18496K)->18390K(18496K) Class: 4261K(4352K)->4261K(4352K)
[1.855s][info][gc             ] GC(7) Pause Young (Allocation Failure) 366M->303M(520M) 118.354ms
[1.855s][info][gc,cpu         ] GC(7) User=0.47s Sys=0.24s Real=0.12s
[2.086s][info][gc,start       ] GC(8) Pause Young (Allocation Failure)
[2.234s][info][gc,heap        ] GC(8) PSYoungGen: 306656K(306688K)->167917K(536576K) Eden: 221184K(221184K)->0K(368640K) From: 85472K(85504K)->167917K(167936K)
[2.234s][info][gc,heap        ] GC(8) ParOldGen: 225753K(225792K)->312241K(312320K)
[2.234s][info][gc,metaspace   ] GC(8) Metaspace: 22678K(22912K)->22678K(22912K) NonClass: 18414K(18496K)->18414K(18496K) Class: 4263K(4416K)->4263K(4416K)
[2.234s][info][gc             ] GC(8) Pause Young (Allocation Failure) 519M->468M(829M) 148.274ms
[2.234s][info][gc,cpu         ] GC(8) User=0.66s Sys=0.22s Real=0.15s
[2.457s][info][gc,start       ] GC(9) Pause Young (Allocation Failure)
[2.689s][info][gc,heap        ] GC(9) PSYoungGen: 536557K(536576K)->241662K(610304K) Eden: 368640K(368640K)->0K(368640K) From: 167917K(167936K)->241662K(241664K)
[2.689s][info][gc,heap        ] GC(9) ParOldGen: 312241K(312320K)->508410K(508416K)
[2.689s][info][gc,metaspace   ] GC(9) Metaspace: 22686K(22912K)->22686K(22912K) NonClass: 18421K(18496K)->18421K(18496K) Class: 4264K(4416K)->4264K(4416K)
[2.689s][info][gc             ] GC(9) Pause Young (Allocation Failure) 828M->732M(1092M) 231.457ms
[2.689s][info][gc,cpu         ] GC(9) User=0.97s Sys=0.40s Real=0.23s
[3.059s][info][gc,start       ] GC(10) Pause Young (Allocation Failure)
[3.287s][info][gc,heap        ] GC(10) PSYoungGen: 610302K(610304K)->278183K(924160K) Eden: 368640K(368640K)->0K(555520K) From: 241662K(241664K)->278183K(368640K)
[3.287s][info][gc,heap        ] GC(10) ParOldGen: 508410K(508416K)->614897K(614912K)
[3.287s][info][gc,metaspace   ] GC(10) Metaspace: 22743K(22976K)->22743K(22976K) NonClass: 18477K(18560K)->18477K(18560K) Class: 4266K(4416K)->4266K(4416K)
[3.287s][info][gc             ] GC(10) Pause Young (Allocation Failure) 1092M->872M(1503M) 227.779ms
[3.287s][info][gc,cpu         ] GC(10) User=1.09s Sys=0.25s Real=0.23s
) OK
     3s: 
     3s: Check whether properties are compliant
     3s: (validation=PASSED) Property settings are COMPLIANT.
     3s: 
     3s: Searching for high-bound for max-jOPS possible for this system
     3s: Searching from base IR = 100
     3s:       rampup IR =      0 [reconfig (term) [3.472s][info][gc,start       ] GC(11) Pause Full (System.gc())
[3.472s][info][gc,phases,start] GC(11) Marking Phase
[3.489s][info][gc,phases      ] GC(11) Marking Phase 16.990ms
[3.489s][info][gc,phases,start] GC(11) Summary Phase
[3.489s][info][gc,phases      ] GC(11) Summary Phase 0.028ms
[3.489s][info][gc,phases,start] GC(11) Forward
[3.505s][info][gc,phases      ] GC(11) Forward 15.253ms
[3.505s][info][gc,phases,start] GC(11) Adjust Pointers
[3.515s][info][gc,phases      ] GC(11) Adjust Pointers 9.989ms
[3.515s][info][gc,phases,start] GC(11) Compaction Phase
[3.529s][info][gc,phases      ] GC(11) Compaction Phase 14.299ms
[3.529s][info][gc,phases,start] GC(11) Post Compact
[3.534s][info][gc,phases      ] GC(11) Post Compact 4.960ms
[3.534s][info][gc,heap        ] GC(11) PSYoungGen: 370757K(924160K)->0K(924160K) Eden: 92574K(555520K)->0K(555520K) From: 278183K(368640K)->0K(368640K)
[3.534s][info][gc,heap        ] GC(11) ParOldGen: 614897K(614912K)->83628K(614912K)
[3.534s][info][gc,metaspace   ] GC(11) Metaspace: 23004K(23232K)->23004K(23232K) NonClass: 18696K(18816K)->18696K(18816K) Class: 4307K(4416K)->4307K(4416K)
[3.534s][info][gc             ] GC(11) Pause Full (System.gc()) 962M->81M(1503M) 61.821ms
[3.534s][info][gc,cpu         ] GC(11) User=0.24s Sys=0.01s Real=0.06s
(init[3.871s][info][gc,start       ] GC(12) Pause Young (Allocation Failure)
[4.065s][info][gc,heap        ] GC(12) PSYoungGen: 555520K(924160K)->402938K(958464K) Eden: 555520K(555520K)->0K(555520K) From: 0K(368640K)->402938K(402944K)
[4.065s][info][gc,heap        ] GC(12) ParOldGen: 83628K(614912K)->99132K(614912K)
[4.065s][info][gc,metaspace   ] GC(12) Metaspace: 23011K(23232K)->23011K(23232K) NonClass: 18703K(18816K)->18703K(18816K) Class: 4307K(4416K)->4307K(4416K)
[4.065s][info][gc             ] GC(12) Pause Young (Allocation Failure) 624M->490M(1536M) 194.558ms
[4.066s][info][gc,cpu         ] GC(12) User=0.83s Sys=0.33s Real=0.19s
[4.361s][info][gc,start       ] GC(13) Pause Young (Allocation Failure)
[4.660s][info][gc,heap        ] GC(13) PSYoungGen: 958458K(958464K)->316071K(1345024K) Eden: 555520K(555520K)->0K(863744K) From: 402938K(402944K)->316071K(481280K)
[4.660s][info][gc,heap        ] GC(13) ParOldGen: 99132K(614912K)->409455K(614912K)
[4.660s][info][gc,metaspace   ] GC(13) Metaspace: 23025K(23232K)->23025K(23232K) NonClass: 18717K(18816K)->18717K(18816K) Class: 4307K(4416K)->4307K(4416K)
[4.660s][info][gc             ] GC(13) Pause Young (Allocation Failure) 1032M->708M(1914M) 298.395ms
[4.660s][info][gc,cpu         ] GC(13) User=1.29s Sys=0.49s Real=0.30s
) ] ... (rIR:aIR:PR = 0:0:0) (tPR = 0) [OK] 
     7s:       rampup IR =     10 ... (rIR:aIR:PR = 10:9:9) (tPR = 813) [OK] 
    10s:       rampup IR =     20 ... (rIR:aIR:PR = 20:19:19) (tPR = 1597) [OK] 
    13s:       rampup IR =     30 .... (rIR:aIR:PR = 30:31:31) (tPR = 2373) [OK] 
    17s:       rampup IR =     40 .... (rIR:aIR:PR = 40:40:40) (tPR = 2670) [OK] 
    21s:       rampup IR =     50 .... (rIR:aIR:PR = 50:53:52) (tPR = 3703) [OK] 
    25s:       rampup IR =     60 .... (rIR:aIR:PR = 60:56:55) (tPR = 3131) [OK] 
    29s:       rampup IR =     70 .... (rIR:aIR:PR = 70:71:69) (tPR = 4125) [OK] 
    33s:       rampup IR =     80 ..[36.300s][info][gc,start       ] GC(14) Pause Young (Allocation Failure)
[36.456s][info][gc,heap        ] GC(14) PSYoungGen: 1179815K(1345024K)->142810K(1370112K) Eden: 863744K(863744K)->0K(863744K) From: 316071K(481280K)->142810K(506368K)
[36.456s][info][gc,heap        ] GC(14) ParOldGen: 409455K(614912K)->670076K(670208K)
[36.456s][info][gc,metaspace   ] GC(14) Metaspace: 25101K(25280K)->25101K(25280K) NonClass: 20614K(20736K)->20614K(20736K) Class: 4487K(4544K)->4487K(4544K)
[36.456s][info][gc             ] GC(14) Pause Young (Allocation Failure) 1552M->793M(1992M) 155.907ms
[36.456s][info][gc,cpu         ] GC(14) User=0.92s Sys=0.02s Real=0.15s
.. (rIR:aIR:PR = 80:76:74) (tPR = 4025) [OK] 
    37s:       rampup IR =     90 .... (rIR:aIR:PR = 90:88:87) (tPR = 4477) [OK] 
    41s:       rampup IR =    100 .... (rIR:aIR:PR = 100:101:99) (tPR = 4538) [OK] 
    45s:    snapshot, IR =    100 ....|...........................[77.963s][info][gc,start       ] GC(15) Pause Young (Allocation Failure)
[78.051s][info][gc,heap        ] GC(15) PSYoungGen: 1006554K(1370112K)->47456K(1843712K) Eden: 863744K(863744K)->0K(1382400K) From: 142810K(506368K)->47456K(461312K)
[78.051s][info][gc,heap        ] GC(15) ParOldGen: 670076K(670208K)->811382K(811520K)
[78.051s][info][gc,metaspace   ] GC(15) Metaspace: 27271K(27520K)->27271K(27520K) NonClass: 22452K(22592K)->22452K(22592K) Class: 4818K(4928K)->4818K(4928K)
[78.051s][info][gc             ] GC(15) Pause Young (Allocation Failure) 1637M->838M(2593M) 87.271ms
[78.051s][info][gc,cpu         ] GC(15) User=0.43s Sys=0.09s Real=0.09s
... (rIR:aIR:PR = 100:100:98) (tPR = 3181) [OK] 
    79s: Performing snapshot: (quiescence.....) (stop TxI) (stop BE) (saving... 103326 Kb) (term) [86.828s][info][gc,start       ] GC(16) Pause Full (System.gc())
[86.828s][info][gc,phases,start] GC(16) Marking Phase
[86.850s][info][gc,phases      ] GC(16) Marking Phase 22.379ms
[86.850s][info][gc,phases,start] GC(16) Summary Phase
[86.850s][info][gc,phases      ] GC(16) Summary Phase 0.040ms
[86.850s][info][gc,phases,start] GC(16) Forward
[86.871s][info][gc,phases      ] GC(16) Forward 20.407ms
[86.871s][info][gc,phases,start] GC(16) Adjust Pointers
[86.883s][info][gc,phases      ] GC(16) Adjust Pointers 12.270ms
[86.883s][info][gc,phases,start] GC(16) Compaction Phase
[86.955s][info][gc,phases      ] GC(16) Compaction Phase 71.662ms
[86.955s][info][gc,phases,start] GC(16) Post Compact
[86.962s][info][gc,phases      ] GC(16) Post Compact 6.635ms
[86.962s][info][gc,heap        ] GC(16) PSYoungGen: 938862K(1843712K)->0K(1843712K) Eden: 891406K(1382400K)->0K(1382400K) From: 47456K(461312K)->0K(461312K)
[86.962s][info][gc,heap        ] GC(16) ParOldGen: 811382K(811520K)->188613K(811520K)
[86.962s][info][gc,metaspace   ] GC(16) Metaspace: 27425K(27648K)->27408K(27648K) NonClass: 22597K(22720K)->22585K(22720K) Class: 4827K(4928K)->4822K(4928K)
[86.962s][info][gc             ] GC(16) Pause Full (System.gc()) 1709M->184M(2593M) 133.752ms
[86.962s][info][gc,cpu         ] GC(16) User=0.38s Sys=0.01s Real=0.14s
(init[88.178s][info][gc,start       ] GC(17) Pause Young (Allocation Failure)
[88.429s][info][gc,heap        ] GC(17) PSYoungGen: 1382400K(1843712K)->446129K(1852928K) Eden: 1382400K(1382400K)->0K(1382400K) From: 0K(461312K)->446129K(470528K)
[88.429s][info][gc,heap        ] GC(17) ParOldGen: 188613K(811520K)->188621K(811520K)
[88.429s][info][gc,metaspace   ] GC(17) Metaspace: 27530K(27776K)->27530K(27776K) NonClass: 22697K(22848K)->22697K(22848K) Class: 4833K(4928K)->4833K(4928K)
[88.429s][info][gc             ] GC(17) Pause Young (Allocation Failure) 1534M->619M(2602M) 250.270ms
[88.429s][info][gc,cpu         ] GC(17) User=1.26s Sys=0.23s Real=0.25s
) ...
    91s:       rampup IR =      0 ... (rIR:aIR:PR = 0:0:0) (tPR = 0) [OK] 
    94s:       rampup IR =     10 ... (rIR:aIR:PR = 10:9:9) (tPR = 322) [OK] 
    97s:       rampup IR =     20 ... (rIR:aIR:PR = 20:22:22) (tPR = 603) [OK] 
   100s:       rampup IR =     30 .... (rIR:aIR:PR = 30:30:30) (tPR = 785) [OK] 
   104s:       rampup IR =     40 .... (rIR:aIR:PR = 40:38:38) (tPR = 867) [OK] 
   108s:       rampup IR =     50 .... (rIR:aIR:PR = 50:47:46) (tPR = 1047) [OK] 
   112s:       rampup IR =     60 .... (rIR:aIR:PR = 60:64:62) (tPR = 1456) [OK] 
   116s:       rampup IR =     70 .... (rIR:aIR:PR = 70:72:70) (tPR = 1384) [OK] 
   120s:       rampup IR =     80 .... (rIR:aIR:PR = 80:78:76) (tPR = 1809) [OK] 
   124s:       rampup IR =     90 .... (rIR:aIR:PR = 90:95:94) (tPR = 1946) [OK] 
   128s:       rampup IR =    100 .... (rIR:aIR:PR = 100:101:99) (tPR = 1997) [OK] 
   132s:       trying IR =    200 .... (rIR:aIR:PR = 200:196:192) (tPR = 4018) [OK] 
   136s:       trying IR =    220 .... (rIR:aIR:PR = 220:214:211) (tPR = 3566) [OK] 
   140s:       trying IR =    244 ..... (rIR:aIR:PR = 244:242:237) (tPR = 4471) [OK] 
   145s:       trying IR =    273 .[147.246s][info][gc,start       ] GC(18) Pause Young (Allocation Failure)
[147.644s][info][gc,heap        ] GC(18) PSYoungGen: 1828529K(1852928K)->533875K(2067456K) Eden: 1382400K(1382400K)->0K(1522176K) From: 446129K(470528K)->533875K(545280K)
[147.644s][info][gc,heap        ] GC(18) ParOldGen: 188621K(811520K)->417772K(811520K)
[147.644s][info][gc,metaspace   ] GC(18) Metaspace: 27754K(27968K)->27754K(27968K) NonClass: 22918K(23040K)->22918K(23040K) Class: 4836K(4928K)->4836K(4928K)
[147.644s][info][gc             ] GC(18) Pause Young (Allocation Failure) 1969M->929M(2811M) 398.200ms
[147.644s][info][gc,cpu         ] GC(18) User=1.60s Sys=0.77s Real=0.40s
... (rIR:aIR:PR = 273:272:267) (tPR = 5488) [OK] 
   149s:       trying IR =    307 .... (rIR:aIR:PR = 307:308:301) (tPR = 5850) [OK] 
   153s:       trying IR =    349 .... (rIR:aIR:PR = 349:349:341) (tPR = 6436) [OK] 
   157s:       trying IR =    399 .... (rIR:aIR:PR = 399:397:389) (tPR = 7096) [OK] 
   161s:       trying IR =    458 ..... (rIR:aIR:PR = 458:457:448) (tPR = 7883) [OK] 
   166s:       trying IR =    530 ...[170.350s][info][gc,start       ] GC(19) Pause Young (Allocation Failure)
[170.532s][info][gc,heap        ] GC(19) PSYoungGen: 2056051K(2067456K)->80375K(2159104K) Eden: 1522176K(1522176K)->0K(1522176K) From: 533875K(545280K)->80375K(636928K)
[170.532s][info][gc,heap        ] GC(19) ParOldGen: 417772K(811520K)->875063K(875520K)
[170.533s][info][gc,metaspace   ] GC(19) Metaspace: 27874K(28096K)->27874K(28096K) NonClass: 23035K(23168K)->23035K(23168K) Class: 4838K(4928K)->4838K(4928K)
[170.533s][info][gc             ] GC(19) Pause Young (Allocation Failure) 2415M->933M(2963M) 182.077ms
[170.533s][info][gc,cpu         ] GC(19) User=1.07s Sys=0.01s Real=0.18s
. (rIR:aIR:PR = 530:526:514) (tPR = 9808) [OK] 
   170s:       trying IR =    616 ..... (rIR:aIR:PR = 616:618:606) (tPR = 10798) [OK] 
   175s:       trying IR =    719 ..... (rIR:aIR:PR = 719:724:707) (tPR = 13234) [OK] 
   180s:       trying IR =    843 ..[183.123s][info][gc,start       ] GC(20) Pause Young (Allocation Failure)
[183.207s][info][gc,heap        ] GC(20) PSYoungGen: 1602551K(2159104K)->77253K(2105344K) Eden: 1522176K(1522176K)->0K(1539072K) From: 80375K(636928K)->77253K(566272K)
[183.207s][info][gc,heap        ] GC(20) ParOldGen: 875063K(875520K)->944152K(944640K)
[183.207s][info][gc,metaspace   ] GC(20) Metaspace: 27949K(28160K)->27949K(28160K) NonClass: 23108K(23232K)->23108K(23232K) Class: 4841K(4928K)->4841K(4928K)
[183.207s][info][gc             ] GC(20) Pause Young (Allocation Failure) 2419M->997M(2978M) 84.171ms
[183.207s][info][gc,cpu         ] GC(20) User=0.39s Sys=0.11s Real=0.08s
.. (rIR:aIR:PR = 843:849:832) (tPR = 14470) [OK] 
   184s:       trying IR =    992 .... (rIR:aIR:PR = 992:996:975) (tPR = 16609) [OK] 
   188s:       trying IR =   1170 ..[191.801s][info][gc,start       ] GC(21) Pause Young (Allocation Failure)
[191.868s][info][gc,heap        ] GC(21) PSYoungGen: 1616325K(2105344K)->79080K(2140672K) Eden: 1539072K(1539072K)->0K(1539072K) From: 77253K(566272K)->79080K(601600K)
[191.868s][info][gc,heap        ] GC(21) ParOldGen: 944152K(944640K)->1010096K(1010176K)
[191.868s][info][gc,metaspace   ] GC(21) Metaspace: 28074K(28352K)->28074K(28352K) NonClass: 23217K(23360K)->23217K(23360K) Class: 4857K(4992K)->4857K(4992K)
[191.868s][info][gc             ] GC(21) Pause Young (Allocation Failure) 2500M->1063M(3077M) 67.133ms
[191.868s][info][gc,cpu         ] GC(21) User=0.37s Sys=0.02s Real=0.06s
.... (rIR:aIR:PR = 1170:1186:1161) (tPR = 19516) [OK] 
   194s:       trying IR =   1384 ...[198.718s][info][gc,start       ] GC(22) Pause Young (Allocation Failure)
[198.785s][info][gc,heap        ] GC(22) PSYoungGen: 1618152K(2140672K)->82443K(2135552K) Eden: 1539072K(1539072K)->0K(1613312K) From: 79080K(601600K)->82443K(522240K)
[198.785s][info][gc,heap        ] GC(22) ParOldGen: 1010096K(1010176K)->1078505K(1078784K)
[198.785s][info][gc,metaspace   ] GC(22) Metaspace: 28089K(28352K)->28089K(28352K) NonClass: 23232K(23360K)->23232K(23360K) Class: 4857K(4992K)->4857K(4992K)
[198.785s][info][gc             ] GC(22) Pause Young (Allocation Failure) 2566M->1133M(3139M) 66.948ms
[198.785s][info][gc,cpu         ] GC(22) User=0.36s Sys=0.04s Real=0.07s
. (rIR:aIR:PR = 1384:1390:1368) (tPR = 23344) [OK] 
   198s:       trying IR =   1641 .... (rIR:aIR:PR = 1641:1643:1626) (tPR = 28727) [OK] 
   202s:       trying IR =   1949 .[204.198s][info][gc,start       ] GC(23) Pause Young (Allocation Failure)
[204.265s][info][gc,heap        ] GC(23) PSYoungGen: 1695755K(2135552K)->81145K(2172416K) Eden: 1613312K(1613312K)->0K(1613312K) From: 82443K(522240K)->81145K(559104K)
[204.265s][info][gc,heap        ] GC(23) ParOldGen: 1078505K(1078784K)->1148417K(1148928K)
[204.265s][info][gc,metaspace   ] GC(23) Metaspace: 28123K(28416K)->28123K(28416K) NonClass: 23266K(23424K)->23266K(23424K) Class: 4857K(4992K)->4857K(4992K)
[204.265s][info][gc             ] GC(23) Pause Young (Allocation Failure) 2709M->1200M(3243M) 67.554ms
[204.265s][info][gc,cpu         ] GC(23) User=0.36s Sys=0.03s Real=0.07s
... (rIR:aIR:PR = 1949:1921:1921) (tPR = 33810) [OK] 
   206s:       trying IR =   2319 ..[208.946s][info][gc,start       ] GC(24) Pause Young (Allocation Failure)
[209.016s][info][gc,heap        ] GC(24) PSYoungGen: 1694457K(2172416K)->87168K(2174464K) Eden: 1613312K(1613312K)->0K(1700352K) From: 81145K(559104K)->87168K(474112K)
[209.016s][info][gc,heap        ] GC(24) ParOldGen: 1148417K(1148928K)->1216307K(1216512K)
[209.016s][info][gc,metaspace   ] GC(24) Metaspace: 28130K(28416K)->28130K(28416K) NonClass: 23273K(23424K)->23273K(23424K) Class: 4857K(4992K)->4857K(4992K)
[209.016s][info][gc             ] GC(24) Pause Young (Allocation Failure) 2776M->1272M(3311M) 69.538ms
[209.016s][info][gc,cpu         ] GC(24) User=0.39s Sys=0.02s Real=0.07s
.. (rIR:aIR:PR = 2319:2323:2323) (tPR = 37531) [OK] 
   210s:       trying IR =   2762 ..[213.344s][info][gc,start       ] GC(25) Pause Young (Allocation Failure)
[213.424s][info][gc,heap        ] GC(25) PSYoungGen: 1787520K(2174464K)->100837K(2212864K) Eden: 1700352K(1700352K)->0K(1700352K) From: 87168K(474112K)->100837K(512512K)
[213.424s][info][gc,heap        ] GC(25) ParOldGen: 1216307K(1216512K)->1288643K(1288704K)
[213.424s][info][gc,metaspace   ] GC(25) Metaspace: 28244K(28544K)->28244K(28544K) NonClass: 23380K(23552K)->23380K(23552K) Class: 4863K(4992K)->4863K(4992K)
[213.424s][info][gc             ] GC(25) Pause Young (Allocation Failure) 2933M->1356M(3419M) 80.012ms
[213.424s][info][gc,cpu         ] GC(25) User=0.44s Sys=0.03s Real=0.08s
.. (rIR:aIR:PR = 2762:2750:2750) (tPR = 44068) [OK] 
   214s:       trying IR =   3295 ..[217.343s][info][gc,start       ] GC(26) Pause Young (Allocation Failure)
[217.420s][info][gc,heap        ] GC(26) PSYoungGen: 1801189K(2212864K)->100126K(2221568K) Eden: 1700352K(1700352K)->0K(1796608K) From: 100837K(512512K)->100126K(424960K)
[217.420s][info][gc,heap        ] GC(26) ParOldGen: 1288643K(1288704K)->1362404K(1362432K)
[217.420s][info][gc,metaspace   ] GC(26) Metaspace: 28537K(28864K)->28537K(28864K) NonClass: 23658K(23808K)->23658K(23808K) Class: 4878K(5056K)->4878K(5056K)
[217.420s][info][gc             ] GC(26) Pause Young (Allocation Failure) 3017M->1428M(3500M) 76.265ms
[217.420s][info][gc,cpu         ] GC(26) User=0.42s Sys=0.02s Real=0.08s
.. (rIR:aIR:PR = 3295:3298:3298) (tPR = 49500) [OK] 
   218s:       trying IR =   3934 ..[221.086s][info][gc,start       ] GC(27) Pause Young (Allocation Failure)
[221.176s][info][gc,heap        ] GC(27) PSYoungGen: 1896734K(2221568K)->113381K(2258944K) Eden: 1796608K(1796608K)->0K(1796608K) From: 100126K(424960K)->113381K(462336K)
[221.176s][info][gc,heap        ] GC(27) ParOldGen: 1362404K(1362432K)->1437938K(1438208K)
[221.176s][info][gc,metaspace   ] GC(27) Metaspace: 28639K(28992K)->28639K(28992K) NonClass: 23760K(23936K)->23760K(23936K) Class: 4878K(5056K)->4878K(5056K)
[221.176s][info][gc             ] GC(27) Pause Young (Allocation Failure) 3182M->1514M(3610M) 90.150ms
[221.176s][info][gc,cpu         ] GC(27) User=0.47s Sys=0.06s Real=0.09s
.. (rIR:aIR:PR = 3934:3933:3933) (tPR = 60610) [OK] 
   222s:       trying IR =   4701 .[224.338s][info][gc,start       ] GC(28) Pause Young (Allocation Failure)
[224.420s][info][gc,heap        ] GC(28) PSYoungGen: 1909989K(2258944K)->107040K(2276352K) Eden: 1796608K(1796608K)->0K(1897472K) From: 113381K(462336K)->107040K(378880K)
[224.420s][info][gc,heap        ] GC(28) ParOldGen: 1437938K(1438208K)->1518966K(1519104K)
[224.420s][info][gc,metaspace   ] GC(28) Metaspace: 28666K(29056K)->28666K(29056K) NonClass: 23782K(23936K)->23782K(23936K) Class: 4883K(5120K)->4883K(5120K)
[224.420s][info][gc             ] GC(28) Pause Young (Allocation Failure) 3269M->1587M(3706M) 81.838ms
[224.420s][info][gc,cpu         ] GC(28) User=0.46s Sys=0.02s Real=0.09s
... (rIR:aIR:PR = 4701:4704:4704) (tPR = 71718) [OK] 
   226s:       trying IR =   5621 [227.489s][info][gc,start       ] GC(29) Pause Young (Allocation Failure)
[227.601s][info][gc,heap        ] GC(29) PSYoungGen: 2004512K(2276352K)->115776K(2310656K) Eden: 1897472K(1897472K)->0K(1897472K) From: 107040K(378880K)->115776K(413184K)
[227.601s][info][gc,heap        ] GC(29) ParOldGen: 1518966K(1519104K)->1596278K(1596416K)
[227.601s][info][gc,metaspace   ] GC(29) Metaspace: 28698K(29120K)->28698K(29120K) NonClass: 23813K(24000K)->23813K(24000K) Class: 4884K(5120K)->4884K(5120K)
[227.601s][info][gc             ] GC(29) Pause Young (Allocation Failure) 3440M->1671M(3815M) 111.284ms
[227.601s][info][gc,cpu         ] GC(29) User=0.51s Sys=0.14s Real=0.12s
...[230.216s][info][gc,start       ] GC(30) Pause Young (Allocation Failure)
[230.301s][info][gc,heap        ] GC(30) PSYoungGen: 2013248K(2310656K)->114832K(2328576K) Eden: 1897472K(1897472K)->0K(1992704K) From: 115776K(413184K)->114832K(335872K)
[230.301s][info][gc,heap        ] GC(30) ParOldGen: 1596278K(1596416K)->1679238K(1679360K)
[230.301s][info][gc,metaspace   ] GC(30) Metaspace: 28698K(29120K)->28698K(29120K) NonClass: 23813K(24000K)->23813K(24000K) Class: 4884K(5120K)->4884K(5120K)
[230.301s][info][gc             ] GC(30) Pause Young (Allocation Failure) 3524M->1752M(3914M) 85.176ms
[230.301s][info][gc,cpu         ] GC(30) User=0.48s Sys=0.02s Real=0.09s
. (rIR:aIR:PR = 5621:5683:5683) (tPR = 87599) [OK] 
   230s:       trying IR =   6725 .[232.721s][info][gc,start       ] GC(31) Pause Young (Allocation Failure)
[232.844s][info][gc,heap        ] GC(31) PSYoungGen: 2107536K(2328576K)->131976K(2361344K) Eden: 1992704K(1992704K)->0K(1992704K) From: 114832K(335872K)->131976K(368640K)
[232.844s][info][gc,heap        ] GC(31) ParOldGen: 1679238K(1679360K)->1761518K(1761792K)
[232.844s][info][gc,metaspace   ] GC(31) Metaspace: 28725K(29120K)->28725K(29120K) NonClass: 23841K(24000K)->23841K(24000K) Class: 4884K(5120K)->4884K(5120K)
[232.844s][info][gc             ] GC(31) Pause Young (Allocation Failure) 3698M->1849M(4026M) 123.608ms
[232.844s][info][gc,cpu         ] GC(31) User=0.54s Sys=0.19s Real=0.12s
... (rIR:aIR:PR = 6725:6763:6764) (tPR = 102846) [OK] 
   234s:       trying IR =   8050 [235.064s][info][gc,start       ] GC(32) Pause Young (Allocation Failure)
[235.152s][info][gc,heap        ] GC(32) PSYoungGen: 2124680K(2361344K)->116032K(2381824K) Eden: 1992704K(1992704K)->0K(2081792K) From: 131976K(368640K)->116032K(300032K)
[235.152s][info][gc,heap        ] GC(32) ParOldGen: 1761518K(1761792K)->1846334K(1846784K)
[235.152s][info][gc,metaspace   ] GC(32) Metaspace: 28727K(29120K)->28727K(29120K) NonClass: 23842K(24000K)->23842K(24000K) Class: 4884K(5120K)->4884K(5120K)
[235.152s][info][gc             ] GC(32) Pause Young (Allocation Failure) 3795M->1916M(4129M) 88.349ms
[235.152s][info][gc,cpu         ] GC(32) User=0.49s Sys=0.03s Real=0.09s
..[237.054s][info][gc,start       ] GC(33) Pause Young (Allocation Failure)
[237.157s][info][gc,heap        ] GC(33) PSYoungGen: 2197824K(2381824K)->122976K(2409472K) Eden: 2081792K(2081792K)->0K(2081792K) From: 116032K(300032K)->122976K(327680K)
[237.157s][info][gc,heap        ] GC(33) ParOldGen: 1846334K(1846784K)->1928078K(1928192K)
[237.157s][info][gc,metaspace   ] GC(33) Metaspace: 28730K(29120K)->28730K(29120K) NonClass: 23846K(24000K)->23846K(24000K) Class: 4884K(5120K)->4884K(5120K)
[237.157s][info][gc             ] GC(33) Pause Young (Allocation Failure) 3949M->2002M(4236M) 103.131ms
[237.157s][info][gc,cpu         ] GC(33) User=0.50s Sys=0.09s Real=0.10s
.. (rIR:aIR:PR = 8050:8011:8011) (tPR = 120333) [OK] 
   238s:       trying IR =   9640 [239.162s][info][gc,start       ] GC(34) Pause Young (Allocation Failure)
[239.253s][info][gc,heap        ] GC(34) PSYoungGen: 2204768K(2409472K)->122880K(2425344K) Eden: 2081792K(2081792K)->0K(2158080K) From: 122976K(327680K)->122880K(267264K)
[239.253s][info][gc,heap        ] GC(34) ParOldGen: 1928078K(1928192K)->2012622K(2012672K)
[239.253s][info][gc,metaspace   ] GC(34) Metaspace: 28731K(29120K)->28731K(29120K) NonClass: 23846K(24000K)->23846K(24000K) Class: 4884K(5120K)->4884K(5120K)
[239.253s][info][gc             ] GC(34) Pause Young (Allocation Failure) 4035M->2085M(4334M) 90.575ms
[239.253s][info][gc,cpu         ] GC(34) User=0.50s Sys=0.02s Real=0.09s
.[240.882s][info][gc,start       ] GC(35) Pause Young (Allocation Failure)
[240.975s][info][gc,heap        ] GC(35) PSYoungGen: 2280960K(2425344K)->128117K(2451968K) Eden: 2158080K(2158080K)->0K(2158080K) From: 122880K(267264K)->128117K(293888K)
[240.975s][info][gc,heap        ] GC(35) ParOldGen: 2012622K(2012672K)->2096270K(2096640K)
[240.975s][info][gc,metaspace   ] GC(35) Metaspace: 28731K(29120K)->28731K(29120K) NonClass: 23846K(24000K)->23846K(24000K) Class: 4884K(5120K)->4884K(5120K)
[240.975s][info][gc             ] GC(35) Pause Young (Allocation Failure) 4192M->2172M(4442M) 92.546ms
[240.975s][info][gc,cpu         ] GC(35) User=0.51s Sys=0.02s Real=0.09s
..[242.713s][info][gc,start       ] GC(36) Pause Young (Allocation Failure)
[242.813s][info][gc,heap        ] GC(36) PSYoungGen: 2286197K(2451968K)->145432K(2472960K) Eden: 2158080K(2158080K)->0K(2224128K) From: 128117K(293888K)->145432K(248832K)
[242.813s][info][gc,heap        ] GC(36) ParOldGen: 2096270K(2096640K)->2183770K(2184192K)
[242.813s][info][gc,metaspace   ] GC(36) Metaspace: 28752K(29120K)->28752K(29120K) NonClass: 23867K(24000K)->23867K(24000K) Class: 4884K(5120K)->4884K(5120K)
[242.813s][info][gc             ] GC(36) Pause Young (Allocation Failure) 4279M->2274M(4548M) 100.761ms
[242.813s][info][gc,cpu         ] GC(36) User=0.56s Sys=0.03s Real=0.10s
. (rIR:aIR:PR = 9640:9703:9658) (tPR = 148837) [OK] 
   242s:       trying IR =  11548 .[244.414s][info][gc,start       ] GC(37) Pause Young (Allocation Failure)
[244.507s][info][gc,heap        ] GC(37) PSYoungGen: 2369560K(2472960K)->133280K(2492928K) Eden: 2224128K(2224128K)->0K(2224128K) From: 145432K(248832K)->133280K(268800K)
[244.507s][info][gc,heap        ] GC(37) ParOldGen: 2183770K(2184192K)->2269770K(2270208K)
[244.507s][info][gc,metaspace   ] GC(37) Metaspace: 28769K(29120K)->28769K(29120K) NonClass: 23884K(24000K)->23884K(24000K) Class: 4885K(5120K)->4885K(5120K)
[244.508s][info][gc             ] GC(37) Pause Young (Allocation Failure) 4446M->2346M(4651M) 93.845ms
[244.508s][info][gc,cpu         ] GC(37) User=0.52s Sys=0.03s Real=0.09s
.[246.050s][info][gc,start       ] GC(38) Pause Young (Allocation Failure)
[246.144s][info][gc,heap        ] GC(38) PSYoungGen: 2357408K(2492928K)->127488K(2498048K) Eden: 2224128K(2224128K)->0K(2271744K) From: 133280K(268800K)->127488K(226304K)
[246.144s][info][gc,heap        ] GC(38) ParOldGen: 2269770K(2270208K)->2359826K(2360320K)
[246.144s][info][gc,metaspace   ] GC(38) Metaspace: 28770K(29120K)->28770K(29120K) NonClass: 23885K(24000K)->23885K(24000K) Class: 4885K(5120K)->4885K(5120K)
[246.144s][info][gc             ] GC(38) Pause Young (Allocation Failure) 4518M->2429M(4744M) 93.181ms
[246.144s][info][gc,cpu         ] GC(38) User=0.52s Sys=0.03s Real=0.09s
..[247.628s][info][gc,start       ] GC(39) Pause Young (Allocation Failure)
[247.730s][info][gc,heap        ] GC(39) PSYoungGen: 2399232K(2498048K)->148240K(2515968K) Eden: 2271744K(2271744K)->0K(2271744K) From: 127488K(226304K)->148240K(244224K)
[247.730s][info][gc,heap        ] GC(39) ParOldGen: 2359826K(2360320K)->2445314K(2445824K)
[247.730s][info][gc,metaspace   ] GC(39) Metaspace: 28778K(29120K)->28778K(29120K) NonClass: 23893K(24000K)->23893K(24000K) Class: 4885K(5120K)->4885K(5120K)
[247.730s][info][gc             ] GC(39) Pause Young (Allocation Failure) 4647M->2532M(4845M) 102.054ms
[247.730s][info][gc,cpu         ] GC(39) User=0.57s Sys=0.03s Real=0.11s
.[249.334s][info][gc,start       ] GC(40) Pause Young (Allocation Failure)
[249.432s][info][gc,heap        ] GC(40) PSYoungGen: 2419984K(2515968K)->132692K(2525184K) Eden: 2271744K(2271744K)->0K(2312704K) From: 148240K(244224K)->132692K(212480K)
[249.432s][info][gc,heap        ] GC(40) ParOldGen: 2445314K(2445824K)->2535526K(2535936K)
[249.432s][info][gc,metaspace   ] GC(40) Metaspace: 28778K(29120K)->28778K(29120K) NonClass: 23893K(24000K)->23893K(24000K) Class: 4885K(5120K)->4885K(5120K)
[249.432s][info][gc             ] GC(40) Pause Young (Allocation Failure) 4751M->2605M(4942M) 97.470ms
[249.432s][info][gc,cpu         ] GC(40) User=0.53s Sys=0.04s Real=0.10s
..[250.983s][info][gc,start       ] GC(41) Pause Young (Allocation Failure)
[251.081s][info][gc,heap        ] GC(41) PSYoungGen: 2445396K(2525184K)->138226K(2541056K) Eden: 2312704K(2312704K)->0K(2312704K) From: 132692K(212480K)->138226K(228352K)
[251.081s][info][gc,heap        ] GC(41) ParOldGen: 2535526K(2535936K)->2620914K(2620928K)
[251.081s][info][gc,metaspace   ] GC(41) Metaspace: 28779K(29120K)->28779K(29120K) NonClass: 23894K(24000K)->23894K(24000K) Class: 4885K(5120K)->4885K(5120K)
[251.081s][info][gc             ] GC(41) Pause Young (Allocation Failure) 4864M->2694M(5041M) 97.833ms
[251.081s][info][gc,cpu         ] GC(41) User=0.54s Sys=0.02s Real=0.10s
.. (rIR:aIR:PR = 11548:11272:11280) (tPR = 169030) [OK] 
   252s:       trying IR =  13837 [252.654s][info][gc,start       ] GC(42) Pause Young (Allocation Failure)
[252.764s][info][gc,heap        ] GC(42) PSYoungGen: 2450930K(2541056K)->146704K(2552832K) Eden: 2312704K(2312704K)->0K(2347008K) From: 138226K(228352K)->146704K(205824K)
[252.764s][info][gc,heap        ] GC(42) ParOldGen: 2620914K(2620928K)->2714723K(2715136K)
[252.764s][info][gc,metaspace   ] GC(42) Metaspace: 28779K(29120K)->28779K(29120K) NonClass: 23894K(24000K)->23894K(24000K) Class: 4885K(5120K)->4885K(5120K)
[252.764s][info][gc             ] GC(42) Pause Young (Allocation Failure) 4952M->2794M(5144M) 110.321ms
[252.764s][info][gc,cpu         ] GC(42) User=0.61s Sys=0.03s Real=0.11s
.[254.309s][info][gc,start       ] GC(43) Pause Young (Allocation Failure)
[254.413s][info][gc,heap        ] GC(43) PSYoungGen: 2493712K(2552832K)->153584K(2564096K) Eden: 2347008K(2347008K)->0K(2347008K) From: 146704K(205824K)->153584K(217088K)
[254.413s][info][gc,heap        ] GC(43) ParOldGen: 2714723K(2715136K)->2802267K(2802688K)
[254.413s][info][gc,metaspace   ] GC(43) Metaspace: 28780K(29120K)->28780K(29120K) NonClass: 23895K(24000K)->23895K(24000K) Class: 4885K(5120K)->4885K(5120K)
[254.413s][info][gc             ] GC(43) Pause Young (Allocation Failure) 5086M->2886M(5241M) 104.729ms
[254.413s][info][gc,cpu         ] GC(43) User=0.59s Sys=0.03s Real=0.11s
.[256.039s][info][gc,start       ] GC(44) Pause Young (Allocation Failure)
[256.154s][info][gc,heap        ] GC(44) PSYoungGen: 2500592K(2564096K)->154375K(2574336K) Eden: 2347008K(2347008K)->0K(2363392K) From: 153584K(217088K)->154375K(210944K)
[256.154s][info][gc,heap        ] GC(44) ParOldGen: 2802267K(2802688K)->2899979K(2900480K)
[256.154s][info][gc,metaspace   ] GC(44) Metaspace: 28780K(29120K)->28780K(29120K) NonClass: 23895K(24000K)->23895K(24000K) Class: 4885K(5120K)->4885K(5120K)
[256.154s][info][gc             ] GC(44) Pause Young (Allocation Failure) 5178M->2982M(5346M) 114.725ms
[256.154s][info][gc,cpu         ] GC(44) User=0.64s Sys=0.03s Real=0.11s
.[257.554s][info][gc,start       ] GC(45) Pause Young (Allocation Failure)
[257.657s][info][gc,heap        ] GC(45) PSYoungGen: 2517767K(2574336K)->155338K(2577408K) Eden: 2363392K(2363392K)->0K(2363392K) From: 154375K(210944K)->155338K(214016K)
[257.657s][info][gc,heap        ] GC(45) ParOldGen: 2899979K(2900480K)->2985299K(2985472K)
[257.657s][info][gc,metaspace   ] GC(45) Metaspace: 28781K(29120K)->28781K(29120K) NonClass: 23896K(24000K)->23896K(24000K) Class: 4885K(5120K)->4885K(5120K)
[257.657s][info][gc             ] GC(45) Pause Young (Allocation Failure) 5290M->3067M(5432M) 103.120ms
[257.657s][info][gc,cpu         ] GC(45) User=0.58s Sys=0.03s Real=0.10s
.[259.124s][info][gc,start       ] GC(46) Pause Young (Allocation Failure)
[259.234s][info][gc,heap        ] GC(46) PSYoungGen: 2518730K(2577408K)->157337K(2578944K) Eden: 2363392K(2363392K)->0K(2369024K) From: 155338K(214016K)->157337K(209920K)
[259.234s][info][gc,heap        ] GC(46) ParOldGen: 2985299K(2985472K)->3080027K(3080192K)
[259.234s][info][gc,metaspace   ] GC(46) Metaspace: 28781K(29120K)->28781K(29120K) NonClass: 23896K(24000K)->23896K(24000K) Class: 4885K(5120K)->4885K(5120K)
[259.234s][info][gc             ] GC(46) Pause Young (Allocation Failure) 5375M->3161M(5526M) 110.619ms
[259.234s][info][gc,cpu         ] GC(46) User=0.62s Sys=0.03s Real=0.11s
..[260.769s][info][gc,start       ] GC(47) Pause Young (Allocation Failure)
[260.869s][info][gc,heap        ] GC(47) PSYoungGen: 2526361K(2578944K)->140816K(2510336K) Eden: 2369024K(2369024K)->0K(2369024K) From: 157337K(209920K)->140816K(141312K)
[260.869s][info][gc,heap        ] GC(47) ParOldGen: 3080027K(3080192K)->3172803K(3172864K)
[260.869s][info][gc,metaspace   ] GC(47) Metaspace: 28785K(29120K)->28785K(29120K) NonClass: 23900K(24000K)->23900K(24000K) Class: 4885K(5120K)->4885K(5120K)
[260.869s][info][gc             ] GC(47) Pause Young (Allocation Failure) 5474M->3235M(5550M) 100.566ms
[260.869s][info][gc,cpu         ] GC(47) User=0.56s Sys=0.03s Real=0.10s
.[262.431s][info][gc,start       ] GC(48) Pause Young (Allocation Failure)
[262.537s][info][gc,heap        ] GC(48) PSYoungGen: 2509840K(2510336K)->151792K(2582528K) Eden: 2369024K(2369024K)->0K(2377216K) From: 140816K(141312K)->151792K(205312K)
[262.537s][info][gc,heap        ] GC(48) ParOldGen: 3172803K(3172864K)->3262739K(3262976K)
[262.537s][info][gc,metaspace   ] GC(48) Metaspace: 28787K(29120K)->28787K(29120K) NonClass: 23902K(24000K)->23902K(24000K) Class: 4885K(5120K)->4885K(5120K)
[262.537s][info][gc             ] GC(48) Pause Young (Allocation Failure) 5549M->3334M(5708M) 106.248ms
[262.537s][info][gc,cpu         ] GC(48) User=0.58s Sys=0.04s Real=0.10s
.[263.879s][info][gc,start       ] GC(49) Pause Young (Allocation Failure)
[264.036s][info][gc,heap        ] GC(49) PSYoungGen: 2529008K(2582528K)->160992K(2579456K) Eden: 2377216K(2377216K)->0K(2377216K) From: 151792K(205312K)->160992K(202240K)
[264.036s][info][gc,heap        ] GC(49) ParOldGen: 3262739K(3262976K)->3354371K(3354624K)
[264.036s][info][gc,metaspace   ] GC(49) Metaspace: 28787K(29120K)->28787K(29120K) NonClass: 23902K(24000K)->23902K(24000K) Class: 4885K(5120K)->4885K(5120K)
[264.036s][info][gc             ] GC(49) Pause Young (Allocation Failure) 5656M->3432M(5795M) 156.875ms
[264.036s][info][gc,cpu         ] GC(49) User=0.62s Sys=0.02s Real=0.16s
.[265.482s][info][gc,start       ] GC(50) Pause Young (Allocation Failure)
[265.597s][info][gc,heap        ] GC(50) PSYoungGen: 2538208K(2579456K)->160852K(2591744K) Eden: 2377216K(2377216K)->0K(2388480K) From: 160992K(202240K)->160852K(203264K)
[265.597s][info][gc,heap        ] GC(50) ParOldGen: 3354371K(3354624K)->3455347K(3455488K)
[265.597s][info][gc,metaspace   ] GC(50) Metaspace: 28787K(29120K)->28787K(29120K) NonClass: 23902K(24000K)->23902K(24000K) Class: 4885K(5120K)->4885K(5120K)
[265.598s][info][gc             ] GC(50) Pause Young (Allocation Failure) 5754M->3531M(5905M) 115.677ms
[265.598s][info][gc,cpu         ] GC(50) User=0.64s Sys=0.03s Real=0.11s
..[267.275s][info][gc,start       ] GC(51) Pause Young (Allocation Failure)
[267.384s][info][gc,heap        ] GC(51) PSYoungGen: 2549332K(2591744K)->151968K(2540544K) Eden: 2388480K(2388480K)->0K(2388480K) From: 160852K(203264K)->151968K(152064K)
[267.384s][info][gc,heap        ] GC(51) ParOldGen: 3455347K(3455488K)->3549355K(3549696K)
[267.384s][info][gc,metaspace   ] GC(51) Metaspace: 28788K(29120K)->28788K(29120K) NonClass: 23903K(24000K)->23903K(24000K) Class: 4885K(5120K)->4885K(5120K)
[267.384s][info][gc             ] GC(51) Pause Young (Allocation Failure) 5863M->3614M(5947M) 109.173ms
[267.384s][info][gc,cpu         ] GC(51) User=0.60s Sys=0.03s Real=0.11s
.[269.028s][info][gc,start       ] GC(52) Pause Young (Allocation Failure)
[269.131s][info][gc,heap        ] GC(52) PSYoungGen: 2540448K(2540544K)->151424K(2592768K) Eden: 2388480K(2388480K)->0K(2393088K) From: 151968K(152064K)->151424K(199680K)
[269.131s][info][gc,heap        ] GC(52) ParOldGen: 3549355K(3549696K)->3635155K(3635200K)
[269.131s][info][gc,metaspace   ] GC(52) Metaspace: 28790K(29120K)->28790K(29120K) NonClass: 23905K(24000K)->23905K(24000K) Class: 4885K(5120K)->4885K(5120K)
[269.131s][info][gc             ] GC(52) Pause Young (Allocation Failure) 5947M->3697M(6082M) 103.235ms
[269.131s][info][gc,cpu         ] GC(52) User=0.58s Sys=0.02s Real=0.11s
..[270.650s][info][gc,start       ] GC(53) Pause Young (Allocation Failure)
[270.751s][info][gc,heap        ] GC(53) PSYoungGen: 2544512K(2592768K)->145829K(2589184K) Eden: 2393088K(2393088K)->0K(2393088K) From: 151424K(199680K)->145829K(196096K)
[270.751s][info][gc,heap        ] GC(53) ParOldGen: 3635155K(3635200K)->3723459K(3723776K)
[270.751s][info][gc,metaspace   ] GC(53) Metaspace: 28792K(29120K)->28792K(29120K) NonClass: 23907K(24000K)->23907K(24000K) Class: 4885K(5120K)->4885K(5120K)
[270.751s][info][gc             ] GC(53) Pause Young (Allocation Failure) 6034M->3778M(6165M) 100.867ms
[270.751s][info][gc,cpu         ] GC(53) User=0.56s Sys=0.03s Real=0.10s
.[272.139s][info][gc,start       ] GC(54) Pause Young (Allocation Failure)
[272.259s][info][gc,heap        ] GC(54) PSYoungGen: 2538917K(2589184K)->174656K(2586112K) Eden: 2393088K(2393088K)->0K(2394624K) From: 145829K(196096K)->174656K(191488K)
[272.259s][info][gc,heap        ] GC(54) ParOldGen: 3723459K(3723776K)->3814003K(3814400K)
[272.259s][info][gc,metaspace   ] GC(54) Metaspace: 28793K(29120K)->28793K(29120K) NonClass: 23908K(24000K)->23908K(24000K) Class: 4885K(5120K)->4885K(5120K)
[272.259s][info][gc             ] GC(54) Pause Young (Allocation Failure) 6115M->3895M(6250M) 119.854ms
[272.259s][info][gc,cpu         ] GC(54) User=0.65s Sys=0.06s Real=0.12s
.[273.594s][info][gc,start       ] GC(55) Pause Young (Allocation Failure)
[273.709s][info][gc,heap        ] GC(55) PSYoungGen: 2569280K(2586112K)->167488K(2591744K) Eden: 2394624K(2394624K)->0K(2394624K) From: 174656K(191488K)->167488K(197120K)
[273.709s][info][gc,heap        ] GC(55) ParOldGen: 3814003K(3814400K)->3914587K(3914752K)
[273.709s][info][gc,metaspace   ] GC(55) Metaspace: 28793K(29120K)->28793K(29120K) NonClass: 23908K(24000K)->23908K(24000K) Class: 4885K(5120K)->4885K(5120K)
[273.709s][info][gc             ] GC(55) Pause Young (Allocation Failure) 6233M->3986M(6354M) 114.942ms
[273.709s][info][gc,cpu         ] GC(55) User=0.65s Sys=0.02s Real=0.11s
.[275.090s][info][gc,start       ] GC(56) Pause Young (Allocation Failure)
[275.213s][info][gc,heap        ] GC(56) PSYoungGen: 2562112K(2591744K)->180800K(2584576K) Eden: 2394624K(2394624K)->0K(2385408K) From: 167488K(197120K)->180800K(199168K)
[275.213s][info][gc,heap        ] GC(56) ParOldGen: 3914587K(3914752K)->4014107K(4014592K)
[275.213s][info][gc,metaspace   ] GC(56) Metaspace: 28795K(29120K)->28795K(29120K) NonClass: 23910K(24000K)->23910K(24000K) Class: 4885K(5120K)->4885K(5120K)
[275.213s][info][gc             ] GC(56) Pause Young (Allocation Failure) 6324M->4096M(6444M) 122.911ms
[275.213s][info][gc,cpu         ] GC(56) User=0.68s Sys=0.03s Real=0.12s
..[276.900s][info][gc,start       ] GC(57) Pause Young (Allocation Failure)
[277.054s][info][gc,heap        ] GC(57) PSYoungGen: 2566208K(2584576K)->127936K(2590720K) Eden: 2385408K(2385408K)->0K(2385408K) From: 180800K(199168K)->127936K(205312K)
[277.054s][info][gc,heap        ] GC(57) ParOldGen: 4014107K(4014592K)->4126683K(4126720K)
[277.054s][info][gc,metaspace   ] GC(57) Metaspace: 28796K(29120K)->28796K(29120K) NonClass: 23911K(24000K)->23911K(24000K) Class: 4885K(5120K)->4885K(5120K)
[277.054s][info][gc             ] GC(57) Pause Young (Allocation Failure) 6426M->4154M(6560M) 153.661ms
[277.054s][info][gc,cpu         ] GC(57) User=0.60s Sys=0.03s Real=0.15s
.[278.475s][info][gc,start       ] GC(58) Pause Young (Allocation Failure)
[278.587s][info][gc,heap        ] GC(58) PSYoungGen: 2513344K(2590720K)->173941K(2586112K) Eden: 2385408K(2385408K)->0K(2381312K) From: 127936K(205312K)->173941K(204800K)
[278.587s][info][gc,heap        ] GC(58) ParOldGen: 4126683K(4126720K)->4205107K(4205568K)
[278.587s][info][gc,metaspace   ] GC(58) Metaspace: 28796K(29120K)->28796K(29120K) NonClass: 23911K(24000K)->23911K(24000K) Class: 4885K(5120K)->4885K(5120K)
[278.587s][info][gc             ] GC(58) Pause Young (Allocation Failure) 6484M->4276M(6632M) 111.542ms
[278.587s][info][gc,cpu         ] GC(58) User=0.64s Sys=0.02s Real=0.11s
.[280.026s][info][gc,start       ] GC(59) Pause Young (Allocation Failure)
[280.133s][info][gc,heap        ] GC(59) PSYoungGen: 2555253K(2586112K)->155554K(2536960K) Eden: 2381312K(2381312K)->0K(2381312K) From: 173941K(204800K)->155554K(155648K)
[280.134s][info][gc,heap        ] GC(59) ParOldGen: 4205107K(4205568K)->4296579K(4296704K)
[280.134s][info][gc,metaspace   ] GC(59) Metaspace: 28796K(29120K)->28796K(29120K) NonClass: 23911K(24000K)->23911K(24000K) Class: 4885K(5120K)->4885K(5120K)
[280.134s][info][gc             ] GC(59) Pause Young (Allocation Failure) 6601M->4347M(6673M) 107.892ms
[280.134s][info][gc,cpu         ] GC(59) User=0.61s Sys=0.02s Real=0.11s
..[281.776s][info][gc,start       ] GC(60) Pause Young (Allocation Failure)
[281.884s][info][gc,heap        ] GC(60) PSYoungGen: 2536866K(2536960K)->144169K(2589696K) Eden: 2381312K(2381312K)->0K(2386944K) From: 155554K(155648K)->144169K(202752K)
[281.885s][info][gc,heap        ] GC(60) ParOldGen: 4296579K(4296704K)->4397763K(4398080K)
[281.885s][info][gc,metaspace   ] GC(60) Metaspace: 28796K(29120K)->28796K(29120K) NonClass: 23911K(24000K)->23911K(24000K) Class: 4885K(5120K)->4885K(5120K)
[281.885s][info][gc             ] GC(60) Pause Young (Allocation Failure) 6673M->4435M(6824M) 108.174ms
[281.885s][info][gc,cpu         ] GC(60) User=0.61s Sys=0.03s Real=0.11s
. (rIR:aIR:PR = 13837:13561:12579) (tPR = 189618) [PR is under limit] 
   282s: Re-initializing (term[283.252s][info][gc,start       ] GC(61) Pause Young (Allocation Failure)
[283.381s][info][gc,heap        ] GC(61) PSYoungGen: 2531113K(2589696K)->191680K(2586624K) Eden: 2386944K(2386944K)->0K(2386944K) From: 144169K(202752K)->191680K(199680K)
[283.381s][info][gc,heap        ] GC(61) ParOldGen: 4397763K(4398080K)->4490315K(4490752K)
[283.381s][info][gc,metaspace   ] GC(61) Metaspace: 28796K(29120K)->28796K(29120K) NonClass: 23911K(24000K)->23911K(24000K) Class: 4885K(5120K)->4885K(5120K)
[283.381s][info][gc             ] GC(61) Pause Young (Allocation Failure) 6766M->4572M(6911M) 129.005ms
[283.382s][info][gc,cpu         ] GC(61) User=0.71s Sys=0.02s Real=0.13s
[285.063s][info][gc,start       ] GC(62) Pause Young (Allocation Failure)
[285.185s][info][gc,heap        ] GC(62) PSYoungGen: 2578624K(2586624K)->152569K(2591232K) Eden: 2386944K(2386944K)->0K(2381824K) From: 191680K(199680K)->152569K(209408K)
[285.185s][info][gc,heap        ] GC(62) ParOldGen: 4490315K(4490752K)->4611435K(4611584K)
[285.185s][info][gc,metaspace   ] GC(62) Metaspace: 28800K(29184K)->28800K(29184K) NonClass: 23915K(24064K)->23915K(24064K) Class: 4885K(5120K)->4885K(5120K)
[285.185s][info][gc             ] GC(62) Pause Young (Allocation Failure) 6903M->4652M(7034M) 121.876ms
[285.185s][info][gc,cpu         ] GC(62) User=0.67s Sys=0.04s Real=0.12s
[286.624s][info][gc,start       ] GC(63) Pause Young (Allocation Failure)
[286.737s][info][gc,heap        ] GC(63) PSYoungGen: 2534393K(2591232K)->165865K(2547712K) Eden: 2381824K(2381824K)->0K(2381824K) From: 152569K(209408K)->165865K(165888K)
[286.737s][info][gc,heap        ] GC(63) ParOldGen: 4611435K(4611584K)->4693219K(4693504K)
[286.737s][info][gc,metaspace   ] GC(63) Metaspace: 28806K(29184K)->28806K(29184K) NonClass: 23921K(24064K)->23921K(24064K) Class: 4885K(5120K)->4885K(5120K)
[286.737s][info][gc             ] GC(63) Pause Young (Allocation Failure) 6978M->4745M(7071M) 112.432ms
[286.737s][info][gc,cpu         ] GC(63) User=0.64s Sys=0.02s Real=0.11s
[288.265s][info][gc,start       ] GC(64) Pause Young (Allocation Failure)
[288.385s][info][gc,heap        ] GC(64) PSYoungGen: 2547689K(2547712K)->164016K(2587136K) Eden: 2381824K(2381824K)->0K(2383872K) From: 165865K(165888K)->164016K(203264K)
[288.385s][info][gc,heap        ] GC(64) ParOldGen: 4693219K(4693504K)->4803827K(4804096K)
[288.385s][info][gc,metaspace   ] GC(64) Metaspace: 28806K(29184K)->28806K(29184K) NonClass: 23921K(24064K)->23921K(24064K) Class: 4885K(5120K)->4885K(5120K)
[288.385s][info][gc             ] GC(64) Pause Young (Allocation Failure) 7071M->4851M(7218M) 120.075ms
[288.385s][info][gc,cpu         ] GC(64) User=0.66s Sys=0.05s Real=0.12s
) [288.534s][info][gc,start       ] GC(65) Pause Full (System.gc())
[288.534s][info][gc,phases,start] GC(65) Marking Phase
[288.559s][info][gc,phases      ] GC(65) Marking Phase 24.583ms
[288.559s][info][gc,phases,start] GC(65) Summary Phase
[288.559s][info][gc,phases      ] GC(65) Summary Phase 0.081ms
[288.559s][info][gc,phases,start] GC(65) Forward
[288.561s][info][gc,phases      ] GC(65) Forward 2.033ms
[288.561s][info][gc,phases,start] GC(65) Adjust Pointers
[288.575s][info][gc,phases      ] GC(65) Adjust Pointers 13.490ms
[288.575s][info][gc,phases,start] GC(65) Compaction Phase
[288.593s][info][gc,phases      ] GC(65) Compaction Phase 18.853ms
[288.594s][info][gc,phases,start] GC(65) Post Compact
[288.618s][info][gc,phases      ] GC(65) Post Compact 24.398ms
[288.618s][info][gc,heap        ] GC(65) PSYoungGen: 386172K(2587136K)->0K(2587136K) Eden: 222156K(2383872K)->0K(2383872K) From: 164016K(203264K)->0K(203264K)
[288.618s][info][gc,heap        ] GC(65) ParOldGen: 4803827K(4804096K)->190445K(4804096K)
[288.618s][info][gc,metaspace   ] GC(65) Metaspace: 28807K(29184K)->28807K(29184K) NonClass: 23922K(24064K)->23922K(24064K) Class: 4885K(5120K)->4885K(5120K)
[288.618s][info][gc             ] GC(65) Pause Full (System.gc()) 5068M->185M(7218M) 83.797ms
[288.618s][info][gc,cpu         ] GC(65) User=0.28s Sys=0.03s Real=0.08s
(init) ... OK
   292s: Searching from base IR = 11548
   292s:       rampup IR =      0 ... (rIR:aIR:PR = 0:0:0) (tPR = 0) [OK] 
   295s:       rampup IR =   1155 .[297.166s][info][gc,start       ] GC(66) Pause Young (Allocation Failure)
[297.468s][info][gc,heap        ] GC(66) PSYoungGen: 2383872K(2587136K)->201201K(2585088K) Eden: 2383872K(2383872K)->0K(2383872K) From: 0K(203264K)->201201K(201216K)
[297.468s][info][gc,heap        ] GC(66) ParOldGen: 190445K(4804096K)->767490K(4804096K)
[297.468s][info][gc,metaspace   ] GC(66) Metaspace: 28822K(29184K)->28822K(29184K) NonClass: 23937K(24064K)->23937K(24064K) Class: 4885K(5120K)->4885K(5120K)
[297.468s][info][gc             ] GC(66) Pause Young (Allocation Failure) 2513M->945M(7216M) 302.074ms
[297.468s][info][gc,cpu         ] GC(66) User=1.80s Sys=0.00s Real=0.30s
... (rIR:aIR:PR = 1155:1148:1123) (tPR = 23264) [OK] 
   299s:       rampup IR =   2310 .....[304.941s][info][gc,start       ] GC(67) Pause Young (Allocation Failure)
[305.078s][info][gc,heap        ] GC(67) PSYoungGen: 2585073K(2585088K)->124398K(2163200K) Eden: 2383872K(2383872K)->0K(1952256K) From: 201201K(201216K)->124398K(210944K)
[305.078s][info][gc,heap        ] GC(67) ParOldGen: 767490K(4804096K)->950727K(4804096K)
[305.078s][info][gc,metaspace   ] GC(67) Metaspace: 28824K(29184K)->28824K(29184K) NonClass: 23938K(24064K)->23938K(24064K) Class: 4885K(5120K)->4885K(5120K)
[305.078s][info][gc             ] GC(67) Pause Young (Allocation Failure) 3273M->1049M(6804M) 136.146ms
[305.078s][info][gc,cpu         ] GC(67) User=0.81s Sys=0.00s Real=0.13s
. (rIR:aIR:PR = 2310:2292:2246) (tPR = 41877) [OK] 
   305s:       rampup IR =   3464 ..[308.496s][info][gc,start       ] GC(68) Pause Young (Allocation Failure)
[308.582s][info][gc,heap        ] GC(68) PSYoungGen: 2076654K(2163200K)->99704K(2374144K) Eden: 1952256K(1952256K)->0K(1952256K) From: 124398K(210944K)->99704K(421888K)
[308.582s][info][gc,heap        ] GC(68) ParOldGen: 950727K(4804096K)->1052695K(4804096K)
[308.582s][info][gc,metaspace   ] GC(68) Metaspace: 28824K(29184K)->28824K(29184K) NonClass: 23938K(24064K)->23938K(24064K) Class: 4885K(5120K)->4885K(5120K)
[308.582s][info][gc             ] GC(68) Pause Young (Allocation Failure) 2956M->1125M(7010M) 86.390ms
[308.582s][info][gc,cpu         ] GC(68) User=0.51s Sys=0.00s Real=0.09s
.. (rIR:aIR:PR = 3464:3475:3412) (tPR = 60934) [OK] 
   309s:       rampup IR =   4619 .[311.325s][info][gc,start       ] GC(69) Pause Young (Allocation Failure)
[311.399s][info][gc,heap        ] GC(69) PSYoungGen: 2051960K(2374144K)->103067K(2360832K) Eden: 1952256K(1952256K)->0K(1954304K) From: 99704K(421888K)->103067K(406528K)
[311.399s][info][gc,heap        ] GC(69) ParOldGen: 1052695K(4804096K)->1132904K(4804096K)
[311.399s][info][gc,metaspace   ] GC(69) Metaspace: 28825K(29184K)->28825K(29184K) NonClass: 23939K(24064K)->23939K(24064K) Class: 4885K(5120K)->4885K(5120K)
[311.399s][info][gc             ] GC(69) Pause Young (Allocation Failure) 3031M->1207M(6997M) 74.130ms
[311.399s][info][gc,cpu         ] GC(69) User=0.44s Sys=0.00s Real=0.07s
..[313.774s][info][gc,start       ] GC(70) Pause Young (Allocation Failure)
[313.854s][info][gc,heap        ] GC(70) PSYoungGen: 2057371K(2360832K)->109993K(2368512K) Eden: 1954304K(1954304K)->0K(1954304K) From: 103067K(406528K)->109993K(414208K)
[313.854s][info][gc,heap        ] GC(70) ParOldGen: 1132904K(4804096K)->1213624K(4804096K)
[313.854s][info][gc,metaspace   ] GC(70) Metaspace: 28825K(29184K)->28825K(29184K) NonClass: 23939K(24064K)->23939K(24064K) Class: 4885K(5120K)->4885K(5120K)
[313.854s][info][gc             ] GC(70) Pause Young (Allocation Failure) 3115M->1292M(7004M) 79.681ms
[313.854s][info][gc,cpu         ] GC(70) User=0.47s Sys=0.01s Real=0.08s
. (rIR:aIR:PR = 4619:4467:4480) (tPR = 76194) [OK] 
   313s:       rampup IR =   5774 ..[315.913s][info][gc,start       ] GC(71) Pause Young (Allocation Failure)
[315.994s][info][gc,heap        ] GC(71) PSYoungGen: 2064297K(2368512K)->103872K(2364416K) Eden: 1954304K(1954304K)->0K(1976320K) From: 109993K(414208K)->103872K(388096K)
[315.994s][info][gc,heap        ] GC(71) ParOldGen: 1213624K(4804096K)->1294090K(4804096K)
[315.994s][info][gc,metaspace   ] GC(71) Metaspace: 28827K(29184K)->28827K(29184K) NonClass: 23942K(24064K)->23942K(24064K) Class: 4885K(5120K)->4885K(5120K)
[315.994s][info][gc             ] GC(71) Pause Young (Allocation Failure) 3201M->1365M(7000M) 81.660ms
[315.994s][info][gc,cpu         ] GC(71) User=0.48s Sys=0.00s Real=0.08s
.. (rIR:aIR:PR = 5774:5841:5839) (tPR = 93059) [OK] 
   317s:       rampup IR =   6929 [318.194s][info][gc,start       ] GC(72) Pause Young (Allocation Failure)
[318.278s][info][gc,heap        ] GC(72) PSYoungGen: 2080192K(2364416K)->110430K(2372608K) Eden: 1976320K(1976320K)->0K(1976320K) From: 103872K(388096K)->110430K(396288K)
[318.278s][info][gc,heap        ] GC(72) ParOldGen: 1294090K(4804096K)->1376683K(4804096K)
[318.278s][info][gc,metaspace   ] GC(72) Metaspace: 28832K(29184K)->28832K(29184K) NonClass: 23946K(24064K)->23946K(24064K) Class: 4885K(5120K)->4885K(5120K)
[318.278s][info][gc             ] GC(72) Pause Young (Allocation Failure) 3295M->1452M(7008M) 84.014ms
[318.278s][info][gc,cpu         ] GC(72) User=0.49s Sys=0.00s Real=0.08s
..[320.324s][info][gc,start       ] GC(73) Pause Young (Allocation Failure)
[320.406s][info][gc,heap        ] GC(73) PSYoungGen: 2086750K(2372608K)->116096K(2377216K) Eden: 1976320K(1976320K)->0K(2014720K) From: 110430K(396288K)->116096K(362496K)
[320.406s][info][gc,heap        ] GC(73) ParOldGen: 1376683K(4804096K)->1459857K(4804096K)
[320.406s][info][gc,metaspace   ] GC(73) Metaspace: 28832K(29184K)->28832K(29184K) NonClass: 23947K(24064K)->23947K(24064K) Class: 4885K(5120K)->4885K(5120K)
[320.406s][info][gc             ] GC(73) Pause Young (Allocation Failure) 3382M->1539M(7013M) 81.644ms
[320.406s][info][gc,cpu         ] GC(73) User=0.48s Sys=0.00s Real=0.08s
.. (rIR:aIR:PR = 6929:6902:6896) (tPR = 105777) [OK] 
   321s:       rampup IR =   8084 [322.534s][info][gc,start       ] GC(74) Pause Young (Allocation Failure)
[322.620s][info][gc,heap        ] GC(74) PSYoungGen: 2130816K(2377216K)->129124K(2386944K) Eden: 2014720K(2014720K)->0K(2014720K) From: 116096K(362496K)->129124K(372224K)
[322.620s][info][gc,heap        ] GC(74) ParOldGen: 1459857K(4804096K)->1543962K(4804096K)
[322.620s][info][gc,metaspace   ] GC(74) Metaspace: 28832K(29184K)->28832K(29184K) NonClass: 23947K(24064K)->23947K(24064K) Class: 4885K(5120K)->4885K(5120K)
[322.620s][info][gc             ] GC(74) Pause Young (Allocation Failure) 3506M->1633M(7022M) 86.730ms
[322.620s][info][gc,cpu         ] GC(74) User=0.51s Sys=0.00s Real=0.09s
..[324.443s][info][gc,start       ] GC(75) Pause Young (Allocation Failure)
[324.533s][info][gc,heap        ] GC(75) PSYoungGen: 2143844K(2386944K)->126368K(2400768K) Eden: 2014720K(2014720K)->0K(2066944K) From: 129124K(372224K)->126368K(333824K)
[324.533s][info][gc,heap        ] GC(75) ParOldGen: 1543962K(4804096K)->1633018K(4804096K)
[324.533s][info][gc,metaspace   ] GC(75) Metaspace: 28832K(29184K)->28832K(29184K) NonClass: 23947K(24064K)->23947K(24064K) Class: 4885K(5120K)->4885K(5120K)
[324.534s][info][gc             ] GC(75) Pause Young (Allocation Failure) 3601M->1718M(7036M) 90.220ms
[324.534s][info][gc,cpu         ] GC(75) User=0.53s Sys=0.00s Real=0.09s
.. (rIR:aIR:PR = 8084:8268:8268) (tPR = 128496) [OK] 
   325s:       rampup IR =   9238 [326.402s][info][gc,start       ] GC(76) Pause Young (Allocation Failure)
[326.489s][info][gc,heap        ] GC(76) PSYoungGen: 2193312K(2400768K)->125200K(2409472K) Eden: 2066944K(2066944K)->0K(2066944K) From: 126368K(333824K)->125200K(342528K)
[326.489s][info][gc,heap        ] GC(76) ParOldGen: 1633018K(4804096K)->1715634K(4804096K)
[326.489s][info][gc,metaspace   ] GC(76) Metaspace: 28833K(29184K)->28833K(29184K) NonClass: 23947K(24064K)->23947K(24064K) Class: 4885K(5120K)->4885K(5120K)
[326.489s][info][gc             ] GC(76) Pause Young (Allocation Failure) 3736M->1797M(7044M) 86.904ms
[326.489s][info][gc,cpu         ] GC(76) User=0.51s Sys=0.00s Real=0.08s
..[328.257s][info][gc,start       ] GC(77) Pause Young (Allocation Failure)
[328.344s][info][gc,heap        ] GC(77) PSYoungGen: 2192144K(2409472K)->122432K(2433536K) Eden: 2066944K(2066944K)->0K(2124288K) From: 125200K(342528K)->122432K(309248K)
[328.344s][info][gc,heap        ] GC(77) ParOldGen: 1715634K(4804096K)->1803586K(4804096K)
[328.344s][info][gc,metaspace   ] GC(77) Metaspace: 28837K(29184K)->28837K(29184K) NonClass: 23951K(24064K)->23951K(24064K) Class: 4885K(5120K)->4885K(5120K)
[328.344s][info][gc             ] GC(77) Pause Young (Allocation Failure) 3816M->1880M(7068M) 87.045ms
[328.344s][info][gc,cpu         ] GC(77) User=0.51s Sys=0.00s Real=0.09s
.. (rIR:aIR:PR = 9238:9224:9224) (tPR = 137911) [OK] 
   329s:       rampup IR =  10393 [330.056s][info][gc,start       ] GC(78) Pause Young (Allocation Failure)
[330.145s][info][gc,heap        ] GC(78) PSYoungGen: 2246720K(2433536K)->124544K(2441216K) Eden: 2124288K(2124288K)->0K(2124288K) From: 122432K(309248K)->124544K(316928K)
[330.145s][info][gc,heap        ] GC(78) ParOldGen: 1803586K(4804096K)->1889250K(4804096K)
[330.145s][info][gc,metaspace   ] GC(78) Metaspace: 28839K(29184K)->28839K(29184K) NonClass: 23953K(24064K)->23953K(24064K) Class: 4885K(5120K)->4885K(5120K)
[330.145s][info][gc             ] GC(78) Pause Young (Allocation Failure) 3955M->1966M(7075M) 88.715ms
[330.145s][info][gc,cpu         ] GC(78) User=0.52s Sys=0.00s Real=0.09s
.[331.627s][info][gc,start       ] GC(79) Pause Young (Allocation Failure)
[331.718s][info][gc,heap        ] GC(79) PSYoungGen: 2248832K(2441216K)->136512K(2456064K) Eden: 2124288K(2124288K)->0K(2174464K) From: 124544K(316928K)->136512K(281600K)
[331.718s][info][gc,heap        ] GC(79) ParOldGen: 1889250K(4804096K)->1975554K(4804096K)
[331.718s][info][gc,metaspace   ] GC(79) Metaspace: 28839K(29184K)->28839K(29184K) NonClass: 23953K(24064K)->23953K(24064K) Class: 4885K(5120K)->4885K(5120K)
[331.718s][info][gc             ] GC(79) Pause Young (Allocation Failure) 4041M->2062M(7090M) 90.613ms
[331.718s][info][gc,cpu         ] GC(79) User=0.54s Sys=0.00s Real=0.09s
..[333.325s][info][gc,start       ] GC(80) Pause Young (Allocation Failure)
[333.419s][info][gc,heap        ] GC(80) PSYoungGen: 2310976K(2456064K)->139481K(2465280K) Eden: 2174464K(2174464K)->0K(2174464K) From: 136512K(281600K)->139481K(290816K)
[333.419s][info][gc,heap        ] GC(80) ParOldGen: 1975554K(4804096K)->2061358K(4804096K)
[333.419s][info][gc,metaspace   ] GC(80) Metaspace: 28840K(29184K)->28840K(29184K) NonClass: 23955K(24064K)->23955K(24064K) Class: 4885K(5120K)->4885K(5120K)
[333.419s][info][gc             ] GC(80) Pause Young (Allocation Failure) 4186M->2149M(7099M) 94.209ms
[333.419s][info][gc,cpu         ] GC(80) User=0.55s Sys=0.00s Real=0.09s
. (rIR:aIR:PR = 10393:10525:10504) (tPR = 150238) [OK] 
   333s:       rampup IR =  11548 [334.930s][info][gc,start       ] GC(81) Pause Young (Allocation Failure)
[335.022s][info][gc,heap        ] GC(81) PSYoungGen: 2313945K(2465280K)->129909K(2487808K) Eden: 2174464K(2174464K)->0K(2227712K) From: 139481K(290816K)->129909K(260096K)
[335.022s][info][gc,heap        ] GC(81) ParOldGen: 2061358K(4804096K)->2148462K(4804096K)
[335.022s][info][gc,metaspace   ] GC(81) Metaspace: 28843K(29184K)->28843K(29184K) NonClass: 23958K(24064K)->23958K(24064K) Class: 4885K(5120K)->4885K(5120K)
[335.022s][info][gc             ] GC(81) Pause Young (Allocation Failure) 4272M->2224M(7121M) 91.810ms
[335.022s][info][gc,cpu         ] GC(81) User=0.53s Sys=0.00s Real=0.09s
..[336.526s][info][gc,start       ] GC(82) Pause Young (Allocation Failure)
[336.623s][info][gc,heap        ] GC(82) PSYoungGen: 2357621K(2487808K)->141520K(2494464K) Eden: 2227712K(2227712K)->0K(2227712K) From: 129909K(260096K)->141520K(266752K)
[336.623s][info][gc,heap        ] GC(82) ParOldGen: 2148462K(4804096K)->2238358K(4804096K)
[336.623s][info][gc,metaspace   ] GC(82) Metaspace: 28845K(29184K)->28845K(29184K) NonClass: 23960K(24064K)->23960K(24064K) Class: 4885K(5120K)->4885K(5120K)
[336.623s][info][gc             ] GC(82) Pause Young (Allocation Failure) 4400M->2324M(7127M) 97.055ms
[336.623s][info][gc,cpu         ] GC(82) User=0.57s Sys=0.00s Real=0.10s
.[338.063s][info][gc,start       ] GC(83) Pause Young (Allocation Failure)
[338.153s][info][gc,heap        ] GC(83) PSYoungGen: 2369232K(2494464K)->130336K(2516992K) Eden: 2227712K(2227712K)->0K(2274304K) From: 141520K(266752K)->130336K(242688K)
[338.153s][info][gc,heap        ] GC(83) ParOldGen: 2238358K(4804096K)->2326666K(4804096K)
[338.153s][info][gc,metaspace   ] GC(83) Metaspace: 28848K(29184K)->28848K(29184K) NonClass: 23962K(24064K)->23962K(24064K) Class: 4885K(5120K)->4885K(5120K)
[338.153s][info][gc             ] GC(83) Pause Young (Allocation Failure) 4499M->2399M(7149M) 89.819ms
[338.153s][info][gc,cpu         ] GC(83) User=0.52s Sys=0.00s Real=0.09s
. (rIR:aIR:PR = 11548:11678:11689) (tPR = 171713) [OK] 
   337s:    snapshot, IR =  11548 .[339.726s][info][gc,start       ] GC(84) Pause Young (Allocation Failure)
[339.821s][info][gc,heap        ] GC(84) PSYoungGen: 2404640K(2516992K)->145040K(2520576K) Eden: 2274304K(2274304K)->0K(2274304K) From: 130336K(242688K)->145040K(246272K)
[339.821s][info][gc,heap        ] GC(84) ParOldGen: 2326666K(4804096K)->2414150K(4804096K)
[339.821s][info][gc,metaspace   ] GC(84) Metaspace: 28849K(29184K)->28849K(29184K) NonClass: 23963K(24064K)->23963K(24064K) Class: 4885K(5120K)->4885K(5120K)
[339.821s][info][gc             ] GC(84) Pause Young (Allocation Failure) 4620M->2499M(7153M) 95.052ms
[339.821s][info][gc,cpu         ] GC(84) User=0.57s Sys=0.00s Real=0.10s
..[341.402s][info][gc,start       ] GC(85) Pause Young (Allocation Failure)
[341.499s][info][gc,heap        ] GC(85) PSYoungGen: 2419344K(2520576K)->142176K(2537472K) Eden: 2274304K(2274304K)->0K(2313216K) From: 145040K(246272K)->142176K(224256K)
[341.499s][info][gc,heap        ] GC(85) ParOldGen: 2414150K(4804096K)->2504422K(4804096K)
[341.499s][info][gc,metaspace   ] GC(85) Metaspace: 28849K(29184K)->28849K(29184K) NonClass: 23963K(24064K)->23963K(24064K) Class: 4885K(5120K)->4885K(5120K)
[341.499s][info][gc             ] GC(85) Pause Young (Allocation Failure) 4720M->2584M(7169M) 97.732ms
[341.499s][info][gc,cpu         ] GC(85) User=0.58s Sys=0.00s Real=0.09s
.|[342.988s][info][gc,start       ] GC(86) Pause Young (Allocation Failure)
[343.083s][info][gc,heap        ] GC(86) PSYoungGen: 2455392K(2537472K)->132192K(2540544K) Eden: 2313216K(2313216K)->0K(2313216K) From: 142176K(224256K)->132192K(227328K)
[343.083s][info][gc,heap        ] GC(86) ParOldGen: 2504422K(4804096K)->2592466K(4804096K)
[343.083s][info][gc,metaspace   ] GC(86) Metaspace: 28852K(29184K)->28852K(29184K) NonClass: 23966K(24064K)->23966K(24064K) Class: 4885K(5120K)->4885K(5120K)
[343.083s][info][gc             ] GC(86) Pause Young (Allocation Failure) 4843M->2660M(7172M) 94.562ms
[343.083s][info][gc,cpu         ] GC(86) User=0.55s Sys=0.00s Real=0.10s
..[344.665s][info][gc,start       ] GC(87) Pause Young (Allocation Failure)
[344.762s][info][gc,heap        ] GC(87) PSYoungGen: 2445408K(2540544K)->143797K(2557952K) Eden: 2313216K(2313216K)->0K(2348032K) From: 132192K(227328K)->143797K(209920K)
[344.762s][info][gc,heap        ] GC(87) ParOldGen: 2592466K(4804096K)->2680458K(4804096K)
[344.762s][info][gc,metaspace   ] GC(87) Metaspace: 28852K(29184K)->28852K(29184K) NonClass: 23966K(24064K)->23966K(24064K) Class: 4885K(5120K)->4885K(5120K)
[344.762s][info][gc             ] GC(87) Pause Young (Allocation Failure) 4919M->2758M(7189M) 96.928ms
[344.762s][info][gc,cpu         ] GC(87) User=0.57s Sys=0.00s Real=0.10s
..[346.360s][info][gc,start       ] GC(88) Pause Young (Allocation Failure)
[346.461s][info][gc,heap        ] GC(88) PSYoungGen: 2491829K(2557952K)->149016K(2561536K) Eden: 2348032K(2348032K)->0K(2348032K) From: 143797K(209920K)->149016K(213504K)
[346.461s][info][gc,heap        ] GC(88) ParOldGen: 2680458K(4804096K)->2770586K(4804096K)
[346.461s][info][gc,metaspace   ] GC(88) Metaspace: 28852K(29184K)->28852K(29184K) NonClass: 23966K(24064K)->23966K(24064K) Class: 4885K(5120K)->4885K(5120K)
[346.461s][info][gc             ] GC(88) Pause Young (Allocation Failure) 5051M->2851M(7193M) 101.209ms
[346.461s][info][gc,cpu         ] GC(88) User=0.60s Sys=0.00s Real=0.10s
.[348.114s][info][gc,start       ] GC(89) Pause Young (Allocation Failure)
[348.213s][info][gc,heap        ] GC(89) PSYoungGen: 2497048K(2561536K)->145733K(2571776K) Eden: 2348032K(2348032K)->0K(2373120K) From: 149016K(213504K)->145733K(198656K)
[348.213s][info][gc,heap        ] GC(89) ParOldGen: 2770586K(4804096K)->2860506K(4804096K)
[348.213s][info][gc,metaspace   ] GC(89) Metaspace: 28852K(29184K)->28852K(29184K) NonClass: 23966K(24064K)->23966K(24064K) Class: 4885K(5120K)->4885K(5120K)
[348.213s][info][gc             ] GC(89) Pause Young (Allocation Failure) 5144M->2935M(7203M) 99.650ms
[348.213s][info][gc,cpu         ] GC(89) User=0.58s Sys=0.00s Real=0.10s
..[349.740s][info][gc,start       ] GC(90) Pause Young (Allocation Failure)
[349.844s][info][gc,heap        ] GC(90) PSYoungGen: 2518853K(2571776K)->157188K(2576896K) Eden: 2373120K(2373120K)->0K(2373120K) From: 145733K(198656K)->157188K(203776K)
[349.844s][info][gc,heap        ] GC(90) ParOldGen: 2860506K(4804096K)->2950362K(4804096K)
[349.844s][info][gc,metaspace   ] GC(90) Metaspace: 28852K(29184K)->28852K(29184K) NonClass: 23967K(24064K)->23967K(24064K) Class: 4885K(5120K)->4885K(5120K)
[349.844s][info][gc             ] GC(90) Pause Young (Allocation Failure) 5253M->3034M(7208M) 104.616ms
[349.844s][info][gc,cpu         ] GC(90) User=0.62s Sys=0.00s Real=0.10s
.[351.433s][info][gc,start       ] GC(91) Pause Young (Allocation Failure)
[351.537s][info][gc,heap        ] GC(91) PSYoungGen: 2530308K(2576896K)->152297K(2585600K) Eden: 2373120K(2373120K)->0K(2388992K) From: 157188K(203776K)->152297K(196608K)
[351.537s][info][gc,heap        ] GC(91) ParOldGen: 2950362K(4804096K)->3045106K(4804096K)
[351.537s][info][gc,metaspace   ] GC(91) Metaspace: 28852K(29184K)->28852K(29184K) NonClass: 23967K(24064K)->23967K(24064K) Class: 4885K(5120K)->4885K(5120K)
[351.537s][info][gc             ] GC(91) Pause Young (Allocation Failure) 5352M->3122M(7216M) 104.202ms
[351.537s][info][gc,cpu         ] GC(91) User=0.60s Sys=0.01s Real=0.10s
..[353.249s][info][gc,start       ] GC(92) Pause Young (Allocation Failure)
[353.348s][info][gc,heap        ] GC(92) PSYoungGen: 2541289K(2585600K)->141952K(2589184K) Eden: 2388992K(2388992K)->0K(2388992K) From: 152297K(196608K)->141952K(200192K)
[353.348s][info][gc,heap        ] GC(92) ParOldGen: 3045106K(4804096K)->3135538K(4804096K)
[353.348s][info][gc,metaspace   ] GC(92) Metaspace: 28856K(29184K)->28856K(29184K) NonClass: 23970K(24064K)->23970K(24064K) Class: 4885K(5120K)->4885K(5120K)
[353.348s][info][gc             ] GC(92) Pause Young (Allocation Failure) 5455M->3200M(7220M) 98.554ms
[353.348s][info][gc,cpu         ] GC(92) User=0.57s Sys=0.00s Real=0.10s
..[354.986s][info][gc,start       ] GC(93) Pause Young (Allocation Failure)
[355.090s][info][gc,heap        ] GC(93) PSYoungGen: 2530944K(2589184K)->145136K(2588160K) Eden: 2388992K(2388992K)->0K(2400768K) From: 141952K(200192K)->145136K(187392K)
[355.090s][info][gc,heap        ] GC(93) ParOldGen: 3135538K(4804096K)->3227218K(4804096K)
[355.090s][info][gc,metaspace   ] GC(93) Metaspace: 28856K(29184K)->28856K(29184K) NonClass: 23970K(24064K)->23970K(24064K) Class: 4885K(5120K)->4885K(5120K)
[355.090s][info][gc             ] GC(93) Pause Young (Allocation Failure) 5533M->3293M(7219M) 104.193ms
[355.090s][info][gc,cpu         ] GC(93) User=0.60s Sys=0.00s Real=0.11s
..[356.811s][info][gc,start       ] GC(94) Pause Young (Allocation Failure)
[356.910s][info][gc,heap        ] GC(94) PSYoungGen: 2545904K(2588160K)->145536K(2591232K) Eden: 2400768K(2400768K)->0K(2400768K) From: 145136K(187392K)->145536K(190464K)
[356.910s][info][gc,heap        ] GC(94) ParOldGen: 3227218K(4804096K)->3319530K(4804096K)
[356.910s][info][gc,metaspace   ] GC(94) Metaspace: 28856K(29184K)->28856K(29184K) NonClass: 23970K(24064K)->23970K(24064K) Class: 4885K(5120K)->4885K(5120K)
[356.910s][info][gc             ] GC(94) Pause Young (Allocation Failure) 5637M->3383M(7222M) 99.384ms
[356.910s][info][gc,cpu         ] GC(94) User=0.58s Sys=0.00s Real=0.10s
.[358.538s][info][gc,start       ] GC(95) Pause Young (Allocation Failure)
[358.637s][info][gc,heap        ] GC(95) PSYoungGen: 2546304K(2591232K)->147488K(2600960K) Eden: 2400768K(2400768K)->0K(2419712K) From: 145536K(190464K)->147488K(181248K)
[358.637s][info][gc,heap        ] GC(95) ParOldGen: 3319530K(4804096K)->3409154K(4804096K)
[358.637s][info][gc,metaspace   ] GC(95) Metaspace: 28856K(29184K)->28856K(29184K) NonClass: 23970K(24064K)->23970K(24064K) Class: 4885K(5120K)->4885K(5120K)
[358.637s][info][gc             ] GC(95) Pause Young (Allocation Failure) 5728M->3473M(7231M) 99.161ms
[358.637s][info][gc,cpu         ] GC(95) User=0.58s Sys=0.01s Real=0.10s
..[360.393s][info][gc,start       ] GC(96) Pause Young (Allocation Failure)
[360.497s][info][gc,heap        ] GC(96) PSYoungGen: 2567200K(2600960K)->152684K(2602496K) Eden: 2419712K(2419712K)->0K(2419712K) From: 147488K(181248K)->152684K(182784K)
[360.497s][info][gc,heap        ] GC(96) ParOldGen: 3409154K(4804096K)->3501306K(4804096K)
[360.497s][info][gc,metaspace   ] GC(96) Metaspace: 28858K(29184K)->28858K(29184K) NonClass: 23972K(24064K)->23972K(24064K) Class: 4885K(5120K)->4885K(5120K)
[360.497s][info][gc             ] GC(96) Pause Young (Allocation Failure) 5836M->3568M(7233M) 104.133ms
[360.497s][info][gc,cpu         ] GC(96) User=0.62s Sys=0.00s Real=0.10s
..[362.183s][info][gc,start       ] GC(97) Pause Young (Allocation Failure)
[362.280s][info][gc,heap        ] GC(97) PSYoungGen: 2572396K(2602496K)->141952K(2607616K) Eden: 2419712K(2419712K)->0K(2431488K) From: 152684K(182784K)->141952K(176128K)
[362.280s][info][gc,heap        ] GC(97) ParOldGen: 3501306K(4804096K)->3590610K(4804096K)
[362.280s][info][gc,metaspace   ] GC(97) Metaspace: 28861K(29184K)->28861K(29184K) NonClass: 23975K(24064K)->23975K(24064K) Class: 4885K(5120K)->4885K(5120K)
[362.280s][info][gc             ] GC(97) Pause Young (Allocation Failure) 5931M->3645M(7238M) 97.410ms
[362.280s][info][gc,cpu         ] GC(97) User=0.56s Sys=0.00s Real=0.10s
..[363.997s][info][gc,start       ] GC(98) Pause Young (Allocation Failure)
[364.098s][info][gc,heap        ] GC(98) PSYoungGen: 2573440K(2607616K)->146301K(2610688K) Eden: 2431488K(2431488K)->0K(2431488K) From: 141952K(176128K)->146301K(179200K)
[364.098s][info][gc,heap        ] GC(98) ParOldGen: 3590610K(4804096K)->3683666K(4804096K)
[364.098s][info][gc,metaspace   ] GC(98) Metaspace: 28861K(29184K)->28861K(29184K) NonClass: 23975K(24064K)->23975K(24064K) Class: 4885K(5120K)->4885K(5120K)
[364.098s][info][gc             ] GC(98) Pause Young (Allocation Failure) 6019M->3740M(7241M) 100.391ms
[364.098s][info][gc,cpu         ] GC(98) User=0.59s Sys=0.00s Real=0.10s
.[365.730s][info][gc,start       ] GC(99) Pause Young (Allocation Failure)
[365.839s][info][gc,heap        ] GC(99) PSYoungGen: 2577789K(2610688K)->156228K(2615808K) Eden: 2431488K(2431488K)->0K(2439680K) From: 146301K(179200K)->156228K(176128K)
[365.839s][info][gc,heap        ] GC(99) ParOldGen: 3683666K(4804096K)->3774466K(4804096K)
[365.839s][info][gc,metaspace   ] GC(99) Metaspace: 28861K(29184K)->28861K(29184K) NonClass: 23975K(24064K)->23975K(24064K) Class: 4885K(5120K)->4885K(5120K)
[365.839s][info][gc             ] GC(99) Pause Young (Allocation Failure) 6114M->3838M(7246M) 108.856ms
[365.839s][info][gc,cpu         ] GC(99) User=0.62s Sys=0.02s Real=0.10s
..[367.479s][info][gc,start       ] GC(100) Pause Young (Allocation Failure)
[367.582s][info][gc,heap        ] GC(100) PSYoungGen: 2595908K(2615808K)->150592K(2616832K) Eden: 2439680K(2439680K)->0K(2439680K) From: 156228K(176128K)->150592K(177152K)
[367.582s][info][gc,heap        ] GC(100) ParOldGen: 3774466K(4804096K)->3866194K(4804096K)
[367.582s][info][gc,metaspace   ] GC(100) Metaspace: 28867K(29248K)->28867K(29248K) NonClass: 23981K(24128K)->23981K(24128K) Class: 4885K(5120K)->4885K(5120K)
[367.582s][info][gc             ] GC(100) Pause Young (Allocation Failure) 6221M->3922M(7247M) 103.044ms
[367.582s][info][gc,cpu         ] GC(100) User=0.60s Sys=0.00s Real=0.11s
..[369.258s][info][gc,start       ] GC(101) Pause Young (Allocation Failure)
[369.359s][info][gc,heap        ] GC(101) PSYoungGen: 2590272K(2616832K)->145504K(2614272K) Eden: 2439680K(2439680K)->0K(2443264K) From: 150592K(177152K)->145504K(171008K)
[369.359s][info][gc,heap        ] GC(101) ParOldGen: 3866194K(4804096K)->3960346K(4804096K)
[369.359s][info][gc,metaspace   ] GC(101) Metaspace: 28867K(29248K)->28867K(29248K) NonClass: 23981K(24128K)->23981K(24128K) Class: 4885K(5120K)->4885K(5120K)
[369.359s][info][gc             ] GC(101) Pause Young (Allocation Failure) 6305M->4009M(7244M) 101.185ms
[369.359s][info][gc,cpu         ] GC(101) User=0.59s Sys=0.00s Real=0.10s
.[371.025s][info][gc,start       ] GC(102) Pause Young (Allocation Failure)
[371.127s][info][gc,heap        ] GC(102) PSYoungGen: 2588768K(2614272K)->145477K(2616320K) Eden: 2443264K(2443264K)->0K(2443264K) From: 145504K(171008K)->145477K(173056K)
[371.127s][info][gc,heap        ] GC(102) ParOldGen: 3960346K(4804096K)->4050970K(4804096K)
[371.127s][info][gc,metaspace   ] GC(102) Metaspace: 28867K(29248K)->28867K(29248K) NonClass: 23981K(24128K)->23981K(24128K) Class: 4885K(5120K)->4885K(5120K)
[371.127s][info][gc             ] GC(102) Pause Young (Allocation Failure) 6395M->4098M(7246M) 101.632ms
[371.127s][info][gc,cpu         ] GC(102) User=0.59s Sys=0.01s Real=0.10s
..[372.778s][info][gc,start       ] GC(103) Pause Young (Allocation Failure)
[372.885s][info][gc,heap        ] GC(103) PSYoungGen: 2588741K(2616320K)->155776K(2621440K) Eden: 2443264K(2443264K)->0K(2450944K) From: 145477K(173056K)->155776K(170496K)
[372.885s][info][gc,heap        ] GC(103) ParOldGen: 4050970K(4804096K)->4143090K(4804096K)
[372.885s][info][gc,metaspace   ] GC(103) Metaspace: 28867K(29248K)->28867K(29248K) NonClass: 23981K(24128K)->23981K(24128K) Class: 4885K(5120K)->4885K(5120K)
[372.885s][info][gc             ] GC(103) Pause Young (Allocation Failure) 6484M->4198M(7251M) 106.106ms
[372.885s][info][gc,cpu         ] GC(103) User=0.62s Sys=0.01s Real=0.11s
. (rIR:aIR:PR = 11548:11388:11381) (tPR = 168693) [OK] 
   372s: Performing snapshot: (quiescence.....) (stop TxI) (stop BE) (saving... 224479 Kb) (term) [382.644s][info][gc,start       ] GC(104) Pause Full (System.gc())
[382.644s][info][gc,phases,start] GC(104) Marking Phase
[382.667s][info][gc,phases      ] GC(104) Marking Phase 23.409ms
[382.667s][info][gc,phases,start] GC(104) Summary Phase
[382.667s][info][gc,phases      ] GC(104) Summary Phase 0.090ms
[382.667s][info][gc,phases,start] GC(104) Forward
[382.672s][info][gc,phases      ] GC(104) Forward 5.277ms
[382.672s][info][gc,phases,start] GC(104) Adjust Pointers
[382.688s][info][gc,phases      ] GC(104) Adjust Pointers 15.732ms
[382.688s][info][gc,phases,start] GC(104) Compaction Phase
[382.719s][info][gc,phases      ] GC(104) Compaction Phase 30.944ms
[382.719s][info][gc,phases,start] GC(104) Post Compact
[382.730s][info][gc,phases      ] GC(104) Post Compact 10.386ms
[382.730s][info][gc,heap        ] GC(104) PSYoungGen: 2327277K(2621440K)->0K(2621440K) Eden: 2171501K(2450944K)->0K(2450944K) From: 155776K(170496K)->0K(170496K)
[382.730s][info][gc,heap        ] GC(104) ParOldGen: 4143090K(4804096K)->311837K(4804096K)
[382.730s][info][gc,metaspace   ] GC(104) Metaspace: 28880K(29248K)->28880K(29248K) NonClass: 23994K(24128K)->23994K(24128K) Class: 4885K(5120K)->4885K(5120K)
[382.730s][info][gc             ] GC(104) Pause Full (System.gc()) 6318M->304M(7251M) 86.140ms
[382.730s][info][gc,cpu         ] GC(104) User=0.40s Sys=0.00s Real=0.09s
(init[383.987s][info][gc,start       ] GC(105) Pause Young (Allocation Failure)
[384.268s][info][gc,heap        ] GC(105) PSYoungGen: 2450944K(2621440K)->171488K(2622464K) Eden: 2450944K(2450944K)->0K(2450944K) From: 0K(170496K)->171488K(171520K)
[384.268s][info][gc,heap        ] GC(105) ParOldGen: 311837K(4804096K)->749502K(4804096K)
[384.268s][info][gc,metaspace   ] GC(105) Metaspace: 28894K(29248K)->28894K(29248K) NonClass: 24006K(24128K)->24006K(24128K) Class: 4887K(5120K)->4887K(5120K)
[384.268s][info][gc             ] GC(105) Pause Young (Allocation Failure) 2698M->899M(7252M) 280.417ms
[384.268s][info][gc,cpu         ] GC(105) User=1.67s Sys=0.00s Real=0.28s
) ...
   388s:       rampup IR =      0 ... (rIR:aIR:PR = 0:0:0) (tPR = 0) [OK] 
   391s:       rampup IR =   1155 .... (rIR:aIR:PR = 1155:1158:1158) (tPR = 17567) [OK] 
   395s:       rampup IR =   2310 [395.993s][info][gc,start       ] GC(106) Pause Young (Allocation Failure)
[396.285s][info][gc,heap        ] GC(106) PSYoungGen: 2622432K(2622464K)->173561K(1921024K) Eden: 2450944K(2450944K)->0K(1747456K) From: 171488K(171520K)->173561K(173568K)
[396.285s][info][gc,heap        ] GC(106) ParOldGen: 749502K(4804096K)->1308088K(4804096K)
[396.285s][info][gc,metaspace   ] GC(106) Metaspace: 28909K(29312K)->28909K(29312K) NonClass: 24021K(24192K)->24021K(24192K) Class: 4888K(5120K)->4888K(5120K)
[396.285s][info][gc             ] GC(106) Pause Young (Allocation Failure) 3292M->1446M(6567M) 292.582ms
[396.285s][info][gc,cpu         ] GC(106) User=1.73s Sys=0.02s Real=0.29s
.... (rIR:aIR:PR = 2310:2313:2313) (tPR = 33368) [OK] 
   399s:       rampup IR =   3464 .[401.348s][info][gc,start       ] GC(107) Pause Young (Allocation Failure)
[401.457s][info][gc,heap        ] GC(107) PSYoungGen: 1921017K(1921024K)->110000K(2271744K) Eden: 1747456K(1747456K)->0K(1747456K) From: 173561K(173568K)->110000K(524288K)
[401.457s][info][gc,heap        ] GC(107) ParOldGen: 1308088K(4804096K)->1440403K(4804096K)
[401.457s][info][gc,metaspace   ] GC(107) Metaspace: 28918K(29312K)->28918K(29312K) NonClass: 24030K(24192K)->24030K(24192K) Class: 4888K(5120K)->4888K(5120K)
[401.457s][info][gc             ] GC(107) Pause Young (Allocation Failure) 3153M->1514M(6910M) 108.471ms
[401.457s][info][gc,cpu         ] GC(107) User=0.64s Sys=0.00s Real=0.11s
.... (rIR:aIR:PR = 3464:3471:3471) (tPR = 52717) [OK] 
   404s:       rampup IR =   4619 [405.261s][info][gc,start       ] GC(108) Pause Young (Allocation Failure)
[405.345s][info][gc,heap        ] GC(108) PSYoungGen: 1857456K(2271744K)->114777K(2251264K) Eden: 1747456K(1747456K)->0K(1751552K) From: 110000K(524288K)->114777K(499712K)
[405.345s][info][gc,heap        ] GC(108) ParOldGen: 1440403K(4804096K)->1520540K(4804096K)
[405.345s][info][gc,metaspace   ] GC(108) Metaspace: 28920K(29312K)->28920K(29312K) NonClass: 24032K(24192K)->24032K(24192K) Class: 4888K(5120K)->4888K(5120K)
[405.345s][info][gc             ] GC(108) Pause Young (Allocation Failure) 3220M->1596M(6890M) 84.106ms
[405.345s][info][gc,cpu         ] GC(108) User=0.50s Sys=0.00s Real=0.08s
...[408.358s][info][gc,start       ] GC(109) Pause Young (Allocation Failure)
[408.437s][info][gc,heap        ] GC(109) PSYoungGen: 1866329K(2251264K)->110592K(2263552K) Eden: 1751552K(1751552K)->0K(1751552K) From: 114777K(499712K)->110592K(512000K)
[408.437s][info][gc,heap        ] GC(109) ParOldGen: 1520540K(4804096K)->1600229K(4804096K)
[408.437s][info][gc,metaspace   ] GC(109) Metaspace: 28923K(29312K)->28923K(29312K) NonClass: 24035K(24192K)->24035K(24192K) Class: 4888K(5120K)->4888K(5120K)
[408.437s][info][gc             ] GC(109) Pause Young (Allocation Failure) 3307M->1670M(6902M) 78.659ms
[408.437s][info][gc,cpu         ] GC(109) User=0.47s Sys=0.00s Real=0.08s
. (rIR:aIR:PR = 4619:4665:4668) (tPR = 71970) [OK] 
   408s:       rampup IR =   5774 ..[410.952s][info][gc,start       ] GC(110) Pause Young (Allocation Failure)
[411.030s][info][gc,heap        ] GC(110) PSYoungGen: 1862144K(2263552K)->109264K(2258432K) Eden: 1751552K(1751552K)->0K(1782272K) From: 110592K(512000K)->109264K(476160K)
[411.030s][info][gc,heap        ] GC(110) ParOldGen: 1600229K(4804096K)->1679221K(4804096K)
[411.030s][info][gc,metaspace   ] GC(110) Metaspace: 28923K(29312K)->28923K(29312K) NonClass: 24035K(24192K)->24035K(24192K) Class: 4888K(5120K)->4888K(5120K)
[411.030s][info][gc             ] GC(110) Pause Young (Allocation Failure) 3381M->1746M(6897M) 77.976ms
[411.030s][info][gc,cpu         ] GC(110) User=0.46s Sys=0.00s Real=0.08s
.. (rIR:aIR:PR = 5774:5761:5761) (tPR = 84229) [OK] 
   412s:       rampup IR =   6929 [413.387s][info][gc,start       ] GC(111) Pause Young (Allocation Failure)
[413.467s][info][gc,heap        ] GC(111) PSYoungGen: 1891536K(2258432K)->115024K(2272256K) Eden: 1782272K(1782272K)->0K(1782272K) From: 109264K(476160K)->115024K(489984K)
[413.467s][info][gc,heap        ] GC(111) ParOldGen: 1679221K(4804096K)->1758685K(4804096K)
[413.467s][info][gc,metaspace   ] GC(111) Metaspace: 28927K(29312K)->28927K(29312K) NonClass: 24038K(24192K)->24038K(24192K) Class: 4888K(5120K)->4888K(5120K)
[413.467s][info][gc             ] GC(111) Pause Young (Allocation Failure) 3487M->1829M(6910M) 79.319ms
[413.467s][info][gc,cpu         ] GC(111) User=0.47s Sys=0.00s Real=0.08s
...[415.544s][info][gc,start       ] GC(112) Pause Young (Allocation Failure)
[415.626s][info][gc,heap        ] GC(112) PSYoungGen: 1897296K(2272256K)->116186K(2275840K) Eden: 1782272K(1782272K)->0K(1830400K) From: 115024K(489984K)->116186K(445440K)
[415.626s][info][gc,heap        ] GC(112) ParOldGen: 1758685K(4804096K)->1838625K(4804096K)
[415.626s][info][gc,metaspace   ] GC(112) Metaspace: 28929K(29312K)->28929K(29312K) NonClass: 24040K(24192K)->24040K(24192K) Class: 4888K(5120K)->4888K(5120K)
[415.626s][info][gc             ] GC(112) Pause Young (Allocation Failure) 3570M->1908M(6914M) 81.959ms
[415.626s][info][gc,cpu         ] GC(112) User=0.48s Sys=0.00s Real=0.08s
.. (rIR:aIR:PR = 6929:7097:7095) (tPR = 106109) [OK] 
   417s:       rampup IR =   8084 [417.608s][info][gc,start       ] GC(113) Pause Young (Allocation Failure)
[417.687s][info][gc,heap        ] GC(113) PSYoungGen: 1946586K(2275840K)->111210K(2290688K) Eden: 1830400K(1830400K)->0K(1830400K) From: 116186K(445440K)->111210K(460288K)
[417.687s][info][gc,heap        ] GC(113) ParOldGen: 1838625K(4804096K)->1917865K(4804096K)
[417.687s][info][gc,metaspace   ] GC(113) Metaspace: 28929K(29312K)->28929K(29312K) NonClass: 24040K(24192K)->24040K(24192K) Class: 4888K(5120K)->4888K(5120K)
[417.687s][info][gc             ] GC(113) Pause Young (Allocation Failure) 3696M->1981M(6928M) 79.044ms
[417.687s][info][gc,cpu         ] GC(113) User=0.47s Sys=0.00s Real=0.08s
.[419.466s][info][gc,start       ] GC(114) Pause Young (Allocation Failure)
[419.553s][info][gc,heap        ] GC(114) PSYoungGen: 1941610K(2290688K)->111072K(2305536K) Eden: 1830400K(1830400K)->0K(1890816K) From: 111210K(460288K)->111072K(414720K)
[419.553s][info][gc,heap        ] GC(114) ParOldGen: 1917865K(4804096K)->1996425K(4804096K)
[419.553s][info][gc,metaspace   ] GC(114) Metaspace: 28929K(29312K)->28929K(29312K) NonClass: 24041K(24192K)->24041K(24192K) Class: 4888K(5120K)->4888K(5120K)
[419.553s][info][gc             ] GC(114) Pause Young (Allocation Failure) 3769M->2058M(6943M) 87.371ms
[419.553s][info][gc,cpu         ] GC(114) User=0.52s Sys=0.00s Real=0.09s
.[419.654s][info][gc,start       ] GC(115) Pause Full (Diagnostic Command)
[419.654s][info][gc,phases,start] GC(115) Marking Phase
[419.926s][info][gc,phases      ] GC(115) Marking Phase 271.710ms
[419.926s][info][gc,phases,start] GC(115) Summary Phase
[419.926s][info][gc,phases      ] GC(115) Summary Phase 0.037ms
[419.926s][info][gc,phases,start] GC(115) Forward
[420.057s][info][gc,phases      ] GC(115) Forward 131.817ms
[420.057s][info][gc,phases,start] GC(115) Adjust Pointers
[420.242s][info][gc,phases      ] GC(115) Adjust Pointers 184.227ms
[420.242s][info][gc,phases,start] GC(115) Compaction Phase
[420.437s][info][gc,phases      ] GC(115) Compaction Phase 195.645ms
[420.439s][info][gc,phases,start] GC(115) Post Compact
[420.441s][info][gc,phases      ] GC(115) Post Compact 2.335ms
[420.441s][info][gc,heap        ] GC(115) PSYoungGen: 283182K(2305536K)->0K(2305536K) Eden: 172110K(1890816K)->0K(1890816K) From: 111072K(414720K)->0K(414720K)
[420.441s][info][gc,heap        ] GC(115) ParOldGen: 1996425K(4804096K)->1118418K(4804096K)
[420.441s][info][gc,metaspace   ] GC(115) Metaspace: 28929K(29312K)->28929K(29312K) NonClass: 24041K(24192K)->24041K(24192K) Class: 4888K(5120K)->4888K(5120K)
[420.441s][info][gc             ] GC(115) Pause Full (Diagnostic Command) 2226M->1092M(6943M) 787.280ms
[420.441s][info][gc,cpu         ] GC(115) User=4.36s Sys=0.00s Real=0.79s
..[421.634s][info][gc,start       ] GC(116) Pause Young (Allocation Failure)
[421.688s][info][gc,heap        ] GC(116) PSYoungGen: 1890816K(2305536K)->116864K(2320384K) Eden: 1890816K(1890816K)->0K(1890816K) From: 0K(414720K)->116864K(429568K)
[421.688s][info][gc,heap        ] GC(116) ParOldGen: 1118418K(4804096K)->1118418K(4804096K)
[421.688s][info][gc,metaspace   ] GC(116) Metaspace: 28932K(29312K)->28932K(29312K) NonClass: 24044K(24192K)->24044K(24192K) Class: 4888K(5120K)->4888K(5120K)
[421.688s][info][gc             ] GC(116) Pause Young (Allocation Failure) 2938M->1206M(6957M) 53.712ms
[421.688s][info][gc,cpu         ] GC(116) User=0.32s Sys=0.00s Real=0.05s
..[423.574s][info][gc,start       ] GC(117) Pause Young (Allocation Failure)
[423.650s][info][gc,heap        ] GC(117) PSYoungGen: 2007680K(2320384K)->111744K(2337792K) Eden: 1890816K(1890816K)->0K(1953792K) From: 116864K(429568K)->111744K(384000K)
[423.650s][info][gc,heap        ] GC(117) ParOldGen: 1118418K(4804096K)->1199350K(4804096K)
[423.650s][info][gc,metaspace   ] GC(117) Metaspace: 28933K(29312K)->28933K(29312K) NonClass: 24044K(24192K)->24044K(24192K) Class: 4888K(5120K)->4888K(5120K)
[423.650s][info][gc             ] GC(117) Pause Young (Allocation Failure) 3052M->1280M(6974M) 76.614ms
[423.650s][info][gc,cpu         ] GC(117) User=0.45s Sys=0.00s Real=0.08s
 (rIR:aIR:PR = 8084:8001:8001) (tPR = 120662) [OK] 
   423s:       rampup IR =   9238 .[425.407s][info][gc,start       ] GC(118) Pause Young (Allocation Failure)
[425.488s][info][gc,heap        ] GC(118) PSYoungGen: 2065536K(2337792K)->122992K(2351104K) Eden: 1953792K(1953792K)->0K(1953792K) From: 111744K(384000K)->122992K(397312K)
[425.488s][info][gc,heap        ] GC(118) ParOldGen: 1199350K(4804096K)->1278822K(4804096K)
[425.488s][info][gc,metaspace   ] GC(118) Metaspace: 28936K(29312K)->28936K(29312K) NonClass: 24047K(24192K)->24047K(24192K) Class: 4888K(5120K)->4888K(5120K)
[425.488s][info][gc             ] GC(118) Pause Young (Allocation Failure) 3188M->1368M(6987M) 81.364ms
[425.488s][info][gc,cpu         ] GC(118) User=0.48s Sys=0.00s Real=0.08s
..[427.223s][info][gc,start       ] GC(119) Pause Young (Allocation Failure)
[427.307s][info][gc,heap        ] GC(119) PSYoungGen: 2076784K(2351104K)->121539K(2370048K) Eden: 1953792K(1953792K)->0K(2018816K) From: 122992K(397312K)->121539K(351232K)
[427.307s][info][gc,heap        ] GC(119) ParOldGen: 1278822K(4804096K)->1365590K(4804096K)
[427.307s][info][gc,metaspace   ] GC(119) Metaspace: 28936K(29312K)->28936K(29312K) NonClass: 24047K(24192K)->24047K(24192K) Class: 4888K(5120K)->4888K(5120K)
[427.307s][info][gc             ] GC(119) Pause Young (Allocation Failure) 3276M->1452M(7006M) 84.025ms
[427.307s][info][gc,cpu         ] GC(119) User=0.50s Sys=0.00s Real=0.08s
. (rIR:aIR:PR = 9238:8961:8961) (tPR = 135390) [OK] 
   427s:       rampup IR =  10393 .[428.936s][info][gc,start       ] GC(120) Pause Young (Allocation Failure)
[429.022s][info][gc,heap        ] GC(120) PSYoungGen: 2140355K(2370048K)->131184K(2382336K) Eden: 2018816K(2018816K)->0K(2018816K) From: 121539K(351232K)->131184K(363520K)
[429.022s][info][gc,heap        ] GC(120) ParOldGen: 1365590K(4804096K)->1445622K(4804096K)
[429.022s][info][gc,metaspace   ] GC(120) Metaspace: 28937K(29312K)->28937K(29312K) NonClass: 24049K(24192K)->24049K(24192K) Class: 4888K(5120K)->4888K(5120K)
[429.022s][info][gc             ] GC(120) Pause Young (Allocation Failure) 3423M->1539M(7018M) 85.887ms
[429.022s][info][gc,cpu         ] GC(120) User=0.52s Sys=0.00s Real=0.09s
.[430.581s][info][gc,start       ] GC(121) Pause Young (Allocation Failure)
[430.665s][info][gc,heap        ] GC(121) PSYoungGen: 2150000K(2382336K)->122528K(2407936K) Eden: 2018816K(2018816K)->0K(2086400K) From: 131184K(363520K)->122528K(321536K)
[430.665s][info][gc,heap        ] GC(121) ParOldGen: 1445622K(4804096K)->1529566K(4804096K)
[430.665s][info][gc,metaspace   ] GC(121) Metaspace: 28937K(29312K)->28937K(29312K) NonClass: 24049K(24192K)->24049K(24192K) Class: 4888K(5120K)->4888K(5120K)
[430.665s][info][gc             ] GC(121) Pause Young (Allocation Failure) 3511M->1613M(7043M) 84.210ms
[430.665s][info][gc,cpu         ] GC(121) User=0.50s Sys=0.00s Real=0.08s
.. (rIR:aIR:PR = 10393:10384:10393) (tPR = 158829) [OK] 
   431s:       rampup IR =  11548 [432.233s][info][gc,start       ] GC(122) Pause Young (Allocation Failure)
[432.322s][info][gc,heap        ] GC(122) PSYoungGen: 2208928K(2407936K)->136752K(2417664K) Eden: 2086400K(2086400K)->0K(2086400K) From: 122528K(321536K)->136752K(331264K)
[432.322s][info][gc,heap        ] GC(122) ParOldGen: 1529566K(4804096K)->1612854K(4804096K)
[432.322s][info][gc,metaspace   ] GC(122) Metaspace: 28944K(29312K)->28944K(29312K) NonClass: 24056K(24192K)->24056K(24192K) Class: 4888K(5120K)->4888K(5120K)
[432.322s][info][gc             ] GC(122) Pause Young (Allocation Failure) 3650M->1708M(7052M) 89.308ms
[432.322s][info][gc,cpu         ] GC(122) User=0.53s Sys=0.00s Real=0.09s
..[433.775s][info][gc,start       ] GC(123) Pause Young (Allocation Failure)
[433.860s][info][gc,heap        ] GC(123) PSYoungGen: 2223152K(2417664K)->125408K(2444800K) Eden: 2086400K(2086400K)->0K(2149888K) From: 136752K(331264K)->125408K(294912K)
[433.860s][info][gc,heap        ] GC(123) ParOldGen: 1612854K(4804096K)->1699910K(4804096K)
[433.860s][info][gc,metaspace   ] GC(123) Metaspace: 28947K(29312K)->28947K(29312K) NonClass: 24058K(24192K)->24058K(24192K) Class: 4888K(5120K)->4888K(5120K)
[433.860s][info][gc             ] GC(123) Pause Young (Allocation Failure) 3746M->1782M(7079M) 84.853ms
[433.860s][info][gc,cpu         ] GC(123) User=0.50s Sys=0.00s Real=0.09s
.[435.305s][info][gc,start       ] GC(124) Pause Young (Allocation Failure)
[435.395s][info][gc,heap        ] GC(124) PSYoungGen: 2275296K(2444800K)->135808K(2451456K) Eden: 2149888K(2149888K)->0K(2149888K) From: 125408K(294912K)->135808K(301568K)
[435.395s][info][gc,heap        ] GC(124) ParOldGen: 1699910K(4804096K)->1783934K(4804096K)
[435.395s][info][gc,metaspace   ] GC(124) Metaspace: 28947K(29312K)->28947K(29312K) NonClass: 24058K(24192K)->24058K(24192K) Class: 4888K(5120K)->4888K(5120K)
[435.395s][info][gc             ] GC(124) Pause Young (Allocation Failure) 3882M->1874M(7085M) 89.572ms
[435.395s][info][gc,cpu         ] GC(124) User=0.53s Sys=0.00s Real=0.09s
. (rIR:aIR:PR = 11548:11455:11375) (tPR = 169608) [OK] 
   435s:       trying IR =  11648 .[436.986s][info][gc,start       ] GC(125) Pause Young (Allocation Failure)
[437.074s][info][gc,heap        ] GC(125) PSYoungGen: 2285696K(2451456K)->129216K(2478592K) Eden: 2149888K(2149888K)->0K(2207232K) From: 135808K(301568K)->129216K(271360K)
[437.074s][info][gc,heap        ] GC(125) ParOldGen: 1783934K(4804096K)->1871094K(4804096K)
[437.074s][info][gc,metaspace   ] GC(125) Metaspace: 28947K(29312K)->28947K(29312K) NonClass: 24058K(24192K)->24058K(24192K) Class: 4888K(5120K)->4888K(5120K)
[437.074s][info][gc             ] GC(125) Pause Young (Allocation Failure) 3974M->1953M(7112M) 87.976ms
[437.074s][info][gc,cpu         ] GC(125) User=0.52s Sys=0.00s Real=0.09s
.[438.598s][info][gc,start       ] GC(126) Pause Young (Allocation Failure)
[438.686s][info][gc,heap        ] GC(126) PSYoungGen: 2336448K(2478592K)->130608K(2482688K) Eden: 2207232K(2207232K)->0K(2207232K) From: 129216K(271360K)->130608K(275456K)
[438.686s][info][gc,heap        ] GC(126) ParOldGen: 1871094K(4804096K)->1957030K(4804096K)
[438.686s][info][gc,metaspace   ] GC(126) Metaspace: 28950K(29312K)->28950K(29312K) NonClass: 24062K(24192K)->24062K(24192K) Class: 4888K(5120K)->4888K(5120K)
[438.686s][info][gc             ] GC(126) Pause Young (Allocation Failure) 4108M->2038M(7116M) 88.487ms
[438.686s][info][gc,cpu         ] GC(126) User=0.52s Sys=0.00s Real=0.09s
..[440.206s][info][gc,start       ] GC(127) Pause Young (Allocation Failure)
[440.298s][info][gc,heap        ] GC(127) PSYoungGen: 2337840K(2482688K)->139424K(2503168K) Eden: 2207232K(2207232K)->0K(2256384K) From: 130608K(275456K)->139424K(246784K)
[440.298s][info][gc,heap        ] GC(127) ParOldGen: 1957030K(4804096K)->2044926K(4804096K)
[440.298s][info][gc,metaspace   ] GC(127) Metaspace: 28950K(29312K)->28950K(29312K) NonClass: 24062K(24192K)->24062K(24192K) Class: 4888K(5120K)->4888K(5120K)
[440.298s][info][gc             ] GC(127) Pause Young (Allocation Failure) 4194M->2133M(7136M) 91.651ms
[440.298s][info][gc,cpu         ] GC(127) User=0.55s Sys=0.00s Real=0.09s
.. (rIR:aIR:PR = 11648:11379:11375) (tPR = 167927) [OK] 
   441s:       trying IR =  11668 [441.889s][info][gc,start       ] GC(128) Pause Young (Allocation Failure)
[441.979s][info][gc,heap        ] GC(128) PSYoungGen: 2395808K(2503168K)->135424K(2508288K) Eden: 2256384K(2256384K)->0K(2256384K) From: 139424K(246784K)->135424K(251904K)
[441.979s][info][gc,heap        ] GC(128) ParOldGen: 2044926K(4804096K)->2132346K(4804096K)
[441.979s][info][gc,metaspace   ] GC(128) Metaspace: 28950K(29312K)->28950K(29312K) NonClass: 24062K(24192K)->24062K(24192K) Class: 4888K(5120K)->4888K(5120K)
[441.979s][info][gc             ] GC(128) Pause Young (Allocation Failure) 4336M->2214M(7141M) 90.040ms
[441.979s][info][gc,cpu         ] GC(128) User=0.54s Sys=0.00s Real=0.09s
.[443.548s][info][gc,start       ] GC(129) Pause Young (Allocation Failure)
[443.639s][info][gc,heap        ] GC(129) PSYoungGen: 2391808K(2508288K)->134304K(2530304K) Eden: 2256384K(2256384K)->0K(2301952K) From: 135424K(251904K)->134304K(228352K)
[443.640s][info][gc,heap        ] GC(129) ParOldGen: 2132346K(4804096K)->2222066K(4804096K)
[443.640s][info][gc,metaspace   ] GC(129) Metaspace: 28950K(29312K)->28950K(29312K) NonClass: 24062K(24192K)->24062K(24192K) Class: 4888K(5120K)->4888K(5120K)
[443.640s][info][gc             ] GC(129) Pause Young (Allocation Failure) 4418M->2301M(7162M) 91.771ms
[443.640s][info][gc,cpu         ] GC(129) User=0.54s Sys=0.00s Real=0.10s
..[445.114s][info][gc,start       ] GC(130) Pause Young (Allocation Failure)
[445.210s][info][gc,heap        ] GC(130) PSYoungGen: 2436256K(2530304K)->148821K(2534912K) Eden: 2301952K(2301952K)->0K(2301952K) From: 134304K(228352K)->148821K(232960K)
[445.210s][info][gc,heap        ] GC(130) ParOldGen: 2222066K(4804096K)->2310058K(4804096K)
[445.210s][info][gc,metaspace   ] GC(130) Metaspace: 28950K(29312K)->28950K(29312K) NonClass: 24062K(24192K)->24062K(24192K) Class: 4888K(5120K)->4888K(5120K)
[445.210s][info][gc             ] GC(130) Pause Young (Allocation Failure) 4549M->2401M(7167M) 96.218ms
[445.210s][info][gc,cpu         ] GC(130) User=0.57s Sys=0.00s Real=0.10s
. (rIR:aIR:PR = 11668:12034:12022) (tPR = 190043) [OK] 
   445s:       trying IR =  11692 [446.769s][info][gc,start       ] GC(131) Pause Young (Allocation Failure)
[446.863s][info][gc,heap        ] GC(131) PSYoungGen: 2450773K(2534912K)->140416K(2548224K) Eden: 2301952K(2301952K)->0K(2336256K) From: 148821K(232960K)->140416K(211968K)
[446.863s][info][gc,heap        ] GC(131) ParOldGen: 2310058K(4804096K)->2399698K(4804096K)
[446.863s][info][gc,metaspace   ] GC(131) Metaspace: 28950K(29312K)->28950K(29312K) NonClass: 24062K(24192K)->24062K(24192K) Class: 4888K(5120K)->4888K(5120K)
[446.863s][info][gc             ] GC(131) Pause Young (Allocation Failure) 4649M->2480M(7180M) 93.638ms
[446.863s][info][gc,cpu         ] GC(131) User=0.55s Sys=0.00s Real=0.10s
..[448.497s][info][gc,start       ] GC(132) Pause Young (Allocation Failure)
[448.594s][info][gc,heap        ] GC(132) PSYoungGen: 2476672K(2548224K)->144704K(2554880K) Eden: 2336256K(2336256K)->0K(2336256K) From: 140416K(211968K)->144704K(218624K)
[448.594s][info][gc,heap        ] GC(132) ParOldGen: 2399698K(4804096K)->2490594K(4804096K)
[448.594s][info][gc,metaspace   ] GC(132) Metaspace: 28950K(29312K)->28950K(29312K) NonClass: 24062K(24192K)->24062K(24192K) Class: 4888K(5120K)->4888K(5120K)
[448.594s][info][gc             ] GC(132) Pause Young (Allocation Failure) 4762M->2573M(7186M) 96.549ms
[448.594s][info][gc,cpu         ] GC(132) User=0.57s Sys=0.00s Real=0.10s
.[450.101s][info][gc,start       ] GC(133) Pause Young (Allocation Failure)
[450.198s][info][gc,heap        ] GC(133) PSYoungGen: 2480960K(2554880K)->145744K(2567168K) Eden: 2336256K(2336256K)->0K(2365440K) From: 144704K(218624K)->145744K(201728K)
[450.198s][info][gc,heap        ] GC(133) ParOldGen: 2490594K(4804096K)->2580426K(4804096K)
[450.198s][info][gc,metaspace   ] GC(133) Metaspace: 28950K(29312K)->28950K(29312K) NonClass: 24062K(24192K)->24062K(24192K) Class: 4888K(5120K)->4888K(5120K)
[450.198s][info][gc             ] GC(133) Pause Young (Allocation Failure) 4855M->2662M(7198M) 96.285ms
[450.198s][info][gc,cpu         ] GC(133) User=0.58s Sys=0.01s Real=0.09s
. (rIR:aIR:PR = 11692:11590:11556) (tPR = 179501) [OK] 
   449s:       trying IR =  11721 .[451.949s][info][gc,start       ] GC(134) Pause Young (Allocation Failure)
[452.049s][info][gc,heap        ] GC(134) PSYoungGen: 2511184K(2567168K)->141984K(2572288K) Eden: 2365440K(2365440K)->0K(2365440K) From: 145744K(201728K)->141984K(206848K)
[452.049s][info][gc,heap        ] GC(134) ParOldGen: 2580426K(4804096K)->2668778K(4804096K)
[452.049s][info][gc,metaspace   ] GC(134) Metaspace: 28950K(29312K)->28950K(29312K) NonClass: 24062K(24192K)->24062K(24192K) Class: 4888K(5120K)->4888K(5120K)
[452.049s][info][gc             ] GC(134) Pause Young (Allocation Failure) 4972M->2744M(7203M) 100.341ms
[452.049s][info][gc,cpu         ] GC(134) User=0.60s Sys=0.01s Real=0.10s
..[453.603s][info][gc,start       ] GC(135) Pause Young (Allocation Failure)
[453.696s][info][gc,heap        ] GC(135) PSYoungGen: 2507424K(2572288K)->136800K(2579968K) Eden: 2365440K(2365440K)->0K(2388480K) From: 141984K(206848K)->136800K(191488K)
[453.696s][info][gc,heap        ] GC(135) ParOldGen: 2668778K(4804096K)->2761266K(4804096K)
[453.696s][info][gc,metaspace   ] GC(135) Metaspace: 28950K(29312K)->28950K(29312K) NonClass: 24062K(24192K)->24062K(24192K) Class: 4888K(5120K)->4888K(5120K)
[453.696s][info][gc             ] GC(135) Pause Young (Allocation Failure) 5054M->2830M(7211M) 92.768ms
[453.696s][info][gc,cpu         ] GC(135) User=0.55s Sys=0.00s Real=0.09s
.[455.283s][info][gc,start       ] GC(136) Pause Young (Allocation Failure)
[455.382s][info][gc,heap        ] GC(136) PSYoungGen: 2525280K(2579968K)->151381K(2584064K) Eden: 2388480K(2388480K)->0K(2388480K) From: 136800K(191488K)->151381K(195584K)
[455.383s][info][gc,heap        ] GC(136) ParOldGen: 2761266K(4804096K)->2851026K(4804096K)
[455.383s][info][gc,metaspace   ] GC(136) Metaspace: 28951K(29312K)->28951K(29312K) NonClass: 24062K(24192K)->24062K(24192K) Class: 4888K(5120K)->4888K(5120K)
[455.383s][info][gc             ] GC(136) Pause Young (Allocation Failure) 5162M->2932M(7215M) 99.353ms
[455.383s][info][gc,cpu         ] GC(136) User=0.59s Sys=0.00s Real=0.10s
. (rIR:aIR:PR = 11721:11771:11583) (tPR = 168873) [OK] 
   455s:       trying IR =  11755 .[457.101s][info][gc,start       ] GC(137) Pause Young (Allocation Failure)
[457.201s][info][gc,heap        ] GC(137) PSYoungGen: 2539861K(2584064K)->145335K(2590720K) Eden: 2388480K(2388480K)->0K(2406400K) From: 151381K(195584K)->145335K(184320K)
[457.201s][info][gc,heap        ] GC(137) ParOldGen: 2851026K(4804096K)->2946074K(4804096K)
[457.201s][info][gc,metaspace   ] GC(137) Metaspace: 28952K(29312K)->28952K(29312K) NonClass: 24064K(24192K)->24064K(24192K) Class: 4888K(5120K)->4888K(5120K)
[457.201s][info][gc             ] GC(137) Pause Young (Allocation Failure) 5264M->3018M(7221M) 99.941ms
[457.201s][info][gc,cpu         ] GC(137) User=0.59s Sys=0.00s Real=0.10s
..[458.773s][info][gc,start       ] GC(138) Pause Young (Allocation Failure)
[458.869s][info][gc,heap        ] GC(138) PSYoungGen: 2551735K(2590720K)->145504K(2596352K) Eden: 2406400K(2406400K)->0K(2406400K) From: 145335K(184320K)->145504K(189952K)
[458.869s][info][gc,heap        ] GC(138) ParOldGen: 2946074K(4804096K)->3032658K(4804096K)
[458.869s][info][gc,metaspace   ] GC(138) Metaspace: 28952K(29312K)->28952K(29312K) NonClass: 24064K(24192K)->24064K(24192K) Class: 4888K(5120K)->4888K(5120K)
[458.869s][info][gc             ] GC(138) Pause Young (Allocation Failure) 5368M->3103M(7227M) 96.221ms
[458.870s][info][gc,cpu         ] GC(138) User=0.57s Sys=0.00s Real=0.10s
.[460.441s][info][gc,start       ] GC(139) Pause Young (Allocation Failure)
[460.540s][info][gc,heap        ] GC(139) PSYoungGen: 2551904K(2596352K)->144880K(2596864K) Eden: 2406400K(2406400K)->0K(2419712K) From: 145504K(189952K)->144880K(177152K)
[460.540s][info][gc,heap        ] GC(139) ParOldGen: 3032658K(4804096K)->3125410K(4804096K)
[460.540s][info][gc,metaspace   ] GC(139) Metaspace: 28953K(29312K)->28953K(29312K) NonClass: 24065K(24192K)->24065K(24192K) Class: 4888K(5120K)->4888K(5120K)
[460.541s][info][gc             ] GC(139) Pause Young (Allocation Failure) 5453M->3193M(7227M) 99.416ms
[460.541s][info][gc,cpu         ] GC(139) User=0.58s Sys=0.02s Real=0.10s
. (rIR:aIR:PR = 11755:11660:11641) (tPR = 170855) [OK] 
   460s:       trying IR =  11797 .[462.172s][info][gc,start       ] GC(140) Pause Young (Allocation Failure)
[462.272s][info][gc,heap        ] GC(140) PSYoungGen: 2564592K(2596864K)->153780K(2602496K) Eden: 2419712K(2419712K)->0K(2419712K) From: 144880K(177152K)->153780K(182784K)
[462.272s][info][gc,heap        ] GC(140) ParOldGen: 3125410K(4804096K)->3217226K(4804096K)
[462.272s][info][gc,metaspace   ] GC(140) Metaspace: 28953K(29312K)->28953K(29312K) NonClass: 24065K(24192K)->24065K(24192K) Class: 4888K(5120K)->4888K(5120K)
[462.272s][info][gc             ] GC(140) Pause Young (Allocation Failure) 5556M->3291M(7233M) 100.641ms
[462.272s][info][gc,cpu         ] GC(140) User=0.60s Sys=0.00s Real=0.10s
..[463.871s][info][gc,start       ] GC(141) Pause Young (Allocation Failure)
[463.970s][info][gc,heap        ] GC(141) PSYoungGen: 2573492K(2602496K)->144672K(2606080K) Eden: 2419712K(2419712K)->0K(2430464K) From: 153780K(182784K)->144672K(175616K)
[463.970s][info][gc,heap        ] GC(141) ParOldGen: 3217226K(4804096K)->3309378K(4804096K)
[463.970s][info][gc,metaspace   ] GC(141) Metaspace: 28953K(29312K)->28953K(29312K) NonClass: 24065K(24192K)->24065K(24192K) Class: 4888K(5120K)->4888K(5120K)
[463.970s][info][gc             ] GC(141) Pause Young (Allocation Failure) 5654M->3373M(7236M) 98.889ms
[463.970s][info][gc,cpu         ] GC(141) User=0.59s Sys=0.01s Real=0.10s
.[465.618s][info][gc,start       ] GC(142) Pause Young (Allocation Failure)
[465.719s][info][gc,heap        ] GC(142) PSYoungGen: 2575136K(2606080K)->147573K(2609664K) Eden: 2430464K(2430464K)->0K(2430464K) From: 144672K(175616K)->147573K(179200K)
[465.719s][info][gc,heap        ] GC(142) ParOldGen: 3309378K(4804096K)->3402346K(4804096K)
[465.719s][info][gc,metaspace   ] GC(142) Metaspace: 28953K(29312K)->28953K(29312K) NonClass: 24065K(24192K)->24065K(24192K) Class: 4888K(5120K)->4888K(5120K)
[465.719s][info][gc             ] GC(142) Pause Young (Allocation Failure) 5746M->3466M(7240M) 100.698ms
[465.719s][info][gc,cpu         ] GC(142) User=0.60s Sys=0.00s Real=0.10s
. (rIR:aIR:PR = 11797:11463:11463) (tPR = 167923) [OK] 
   465s:       trying IR =  11847 .[467.350s][info][gc,start       ] GC(143) Pause Young (Allocation Failure)
[467.453s][info][gc,heap        ] GC(143) PSYoungGen: 2578037K(2609664K)->151632K(2614272K) Eden: 2430464K(2430464K)->0K(2439680K) From: 147573K(179200K)->151632K(174592K)
[467.453s][info][gc,heap        ] GC(143) ParOldGen: 3402346K(4804096K)->3494714K(4804096K)
[467.453s][info][gc,metaspace   ] GC(143) Metaspace: 28953K(29312K)->28953K(29312K) NonClass: 24065K(24192K)->24065K(24192K) Class: 4888K(5120K)->4888K(5120K)
[467.453s][info][gc             ] GC(143) Pause Young (Allocation Failure) 5840M->3560M(7244M) 102.687ms
[467.453s][info][gc,cpu         ] GC(143) User=0.59s Sys=0.02s Real=0.10s
..[469.089s][info][gc,start       ] GC(144) Pause Young (Allocation Failure)
[469.185s][info][gc,heap        ] GC(144) PSYoungGen: 2591312K(2614272K)->145824K(2616320K) Eden: 2439680K(2439680K)->0K(2439680K) From: 151632K(174592K)->145824K(176640K)
[469.185s][info][gc,heap        ] GC(144) ParOldGen: 3494714K(4804096K)->3584626K(4804096K)
[469.185s][info][gc,metaspace   ] GC(144) Metaspace: 28953K(29312K)->28953K(29312K) NonClass: 24065K(24192K)->24065K(24192K) Class: 4888K(5120K)->4888K(5120K)
[469.185s][info][gc             ] GC(144) Pause Young (Allocation Failure) 5943M->3643M(7246M) 96.506ms
[469.185s][info][gc,cpu         ] GC(144) User=0.57s Sys=0.00s Real=0.10s
. (rIR:aIR:PR = 11847:11718:11723) (tPR = 174353) [OK] 
   469s:       trying IR =  11906 .[470.903s][info][gc,start       ] GC(145) Pause Young (Allocation Failure)
[471.003s][info][gc,heap        ] GC(145) PSYoungGen: 2585504K(2616320K)->146884K(2616320K) Eden: 2439680K(2439680K)->0K(2445824K) From: 145824K(176640K)->146884K(170496K)
[471.003s][info][gc,heap        ] GC(145) ParOldGen: 3584626K(4804096K)->3677162K(4804096K)
[471.003s][info][gc,metaspace   ] GC(145) Metaspace: 28953K(29312K)->28953K(29312K) NonClass: 24065K(24192K)->24065K(24192K) Class: 4888K(5120K)->4888K(5120K)
[471.003s][info][gc             ] GC(145) Pause Young (Allocation Failure) 6025M->3734M(7246M) 100.202ms
[471.003s][info][gc,cpu         ] GC(145) User=0.60s Sys=0.00s Real=0.10s
.[472.577s][info][gc,start       ] GC(146) Pause Young (Allocation Failure)
[472.670s][info][gc,heap        ] GC(146) PSYoungGen: 2592708K(2616320K)->137760K(2617344K) Eden: 2445824K(2445824K)->0K(2445824K) From: 146884K(170496K)->137760K(171520K)
[472.670s][info][gc,heap        ] GC(146) ParOldGen: 3677162K(4804096K)->3769826K(4804096K)
[472.670s][info][gc,metaspace   ] GC(146) Metaspace: 28963K(29312K)->28963K(29312K) NonClass: 24075K(24192K)->24075K(24192K) Class: 4888K(5120K)->4888K(5120K)
[472.671s][info][gc             ] GC(146) Pause Young (Allocation Failure) 6122M->3816M(7247M) 93.274ms
[472.671s][info][gc,cpu         ] GC(146) User=0.55s Sys=0.00s Real=0.10s
.. (rIR:aIR:PR = 11906:12201:12205) (tPR = 182287) [OK] 
   473s:       trying IR =  11978 [474.279s][info][gc,start       ] GC(147) Pause Young (Allocation Failure)
[474.384s][info][gc,heap        ] GC(147) PSYoungGen: 2583584K(2617344K)->156049K(2621952K) Eden: 2445824K(2445824K)->0K(2451968K) From: 137760K(171520K)->156049K(169984K)
[474.384s][info][gc,heap        ] GC(147) ParOldGen: 3769826K(4804096K)->3859882K(4804096K)
[474.384s][info][gc,metaspace   ] GC(147) Metaspace: 28963K(29312K)->28963K(29312K) NonClass: 24075K(24192K)->24075K(24192K) Class: 4888K(5120K)->4888K(5120K)
[474.384s][info][gc             ] GC(147) Pause Young (Allocation Failure) 6204M->3921M(7252M) 105.041ms
[474.384s][info][gc,cpu         ] GC(147) User=0.61s Sys=0.02s Real=0.11s
..[475.964s][info][gc,start       ] GC(148) Pause Young (Allocation Failure)
[476.067s][info][gc,heap        ] GC(148) PSYoungGen: 2608017K(2621952K)->156128K(2608128K) Eden: 2451968K(2451968K)->0K(2451968K) From: 156049K(169984K)->156128K(156160K)
[476.067s][info][gc,heap        ] GC(148) ParOldGen: 3859882K(4804096K)->3953498K(4804096K)
[476.067s][info][gc,metaspace   ] GC(148) Metaspace: 28963K(29312K)->28963K(29312K) NonClass: 24075K(24192K)->24075K(24192K) Class: 4888K(5120K)->4888K(5120K)
[476.067s][info][gc             ] GC(148) Pause Young (Allocation Failure) 6316M->4013M(7238M) 103.471ms
[476.067s][info][gc,cpu         ] GC(148) User=0.62s Sys=0.00s Real=0.10s
.[477.656s][info][gc,start       ] GC(149) Pause Young (Allocation Failure)
[477.755s][info][gc,heap        ] GC(149) PSYoungGen: 2608096K(2608128K)->141104K(2624512K) Eden: 2451968K(2451968K)->0K(2451456K) From: 156128K(156160K)->141104K(173056K)
[477.755s][info][gc,heap        ] GC(149) ParOldGen: 3953498K(4804096K)->4048794K(4804096K)
[477.755s][info][gc,metaspace   ] GC(149) Metaspace: 28963K(29312K)->28963K(29312K) NonClass: 24075K(24192K)->24075K(24192K) Class: 4888K(5120K)->4888K(5120K)
[477.755s][info][gc             ] GC(149) Pause Young (Allocation Failure) 6407M->4091M(7254M) 99.208ms
[477.755s][info][gc,cpu         ] GC(149) User=0.58s Sys=0.00s Real=0.10s
.. (rIR:aIR:PR = 11978:12198:12100) (tPR = 180842) [OK] 
   478s:       trying IR =  12064 [479.381s][info][gc,start       ] GC(150) Pause Young (Allocation Failure)
[479.484s][info][gc,heap        ] GC(150) PSYoungGen: 2592560K(2624512K)->155732K(2622976K) Eden: 2451456K(2451456K)->0K(2451456K) From: 141104K(173056K)->155732K(171520K)
[479.484s][info][gc,heap        ] GC(150) ParOldGen: 4048794K(4804096K)->4138682K(4804096K)
[479.484s][info][gc,metaspace   ] GC(150) Metaspace: 28963K(29312K)->28963K(29312K) NonClass: 24075K(24192K)->24075K(24192K) Class: 4888K(5120K)->4888K(5120K)
[479.484s][info][gc             ] GC(150) Pause Young (Allocation Failure) 6485M->4193M(7253M) 102.964ms
[479.484s][info][gc,cpu         ] GC(150) User=0.62s Sys=0.00s Real=0.10s
..[481.094s][info][gc,start       ] GC(151) Pause Young (Allocation Failure)
[481.196s][info][gc,heap        ] GC(151) PSYoungGen: 2607188K(2622976K)->150928K(2623488K) Eden: 2451456K(2451456K)->0K(2451968K) From: 155732K(171520K)->150928K(171520K)
[481.196s][info][gc,heap        ] GC(151) ParOldGen: 4138682K(4804096K)->4232042K(4804096K)
[481.196s][info][gc,metaspace   ] GC(151) Metaspace: 28963K(29312K)->28963K(29312K) NonClass: 24075K(24192K)->24075K(24192K) Class: 4888K(5120K)->4888K(5120K)
[481.196s][info][gc             ] GC(151) Pause Young (Allocation Failure) 6587M->4280M(7253M) 101.720ms
[481.196s][info][gc,cpu         ] GC(151) User=0.61s Sys=0.00s Real=0.10s
.[482.717s][info][gc,start       ] GC(152) Pause Young (Allocation Failure)
[482.815s][info][gc,heap        ] GC(152) PSYoungGen: 2602896K(2623488K)->143168K(2595328K) Eden: 2451968K(2451968K)->0K(2451968K) From: 150928K(171520K)->143168K(143360K)
[482.815s][info][gc,heap        ] GC(152) ParOldGen: 4232042K(4804096K)->4325386K(4804096K)
[482.815s][info][gc,metaspace   ] GC(152) Metaspace: 28963K(29312K)->28963K(29312K) NonClass: 24075K(24192K)->24075K(24192K) Class: 4888K(5120K)->4888K(5120K)
[482.815s][info][gc             ] GC(152) Pause Young (Allocation Failure) 6674M->4363M(7226M) 97.880ms
[482.815s][info][gc,cpu         ] GC(152) User=0.58s Sys=0.00s Real=0.10s
. (rIR:aIR:PR = 12064:11862:11667) (tPR = 164164) [OK] 
   482s:       trying IR =  12167 .[484.506s][info][gc,start       ] GC(153) Pause Young (Allocation Failure)
[484.606s][info][gc,heap        ] GC(153) PSYoungGen: 2595136K(2595328K)->143168K(2624000K) Eden: 2451968K(2451968K)->0K(2454528K) From: 143168K(143360K)->143168K(169472K)
[484.606s][info][gc,heap        ] GC(153) ParOldGen: 4325386K(4804096K)->4423418K(4804096K)
[484.606s][info][gc,metaspace   ] GC(153) Metaspace: 28963K(29312K)->28963K(29312K) NonClass: 24075K(24192K)->24075K(24192K) Class: 4888K(5120K)->4888K(5120K)
[484.606s][info][gc             ] GC(153) Pause Young (Allocation Failure) 6758M->4459M(7254M) 100.092ms
[484.606s][info][gc,cpu         ] GC(153) User=0.59s Sys=0.00s Real=0.10s
.[486.181s][info][gc,start       ] GC(154) Pause Young (Allocation Failure)
[486.281s][info][gc,heap        ] GC(154) PSYoungGen: 2597696K(2624000K)->153844K(2622464K) Eden: 2454528K(2454528K)->0K(2454528K) From: 143168K(169472K)->153844K(167936K)
[486.281s][info][gc,heap        ] GC(154) ParOldGen: 4423418K(4804096K)->4508874K(4804096K)
[486.281s][info][gc,metaspace   ] GC(154) Metaspace: 28963K(29312K)->28963K(29312K) NonClass: 24075K(24192K)->24075K(24192K) Class: 4888K(5120K)->4888K(5120K)
[486.281s][info][gc             ] GC(154) Pause Young (Allocation Failure) 6856M->4553M(7252M) 100.142ms
[486.281s][info][gc,cpu         ] GC(154) User=0.60s Sys=0.00s Real=0.10s
..[487.827s][info][gc,start       ] GC(155) Pause Young (Allocation Failure)
[487.978s][info][gc,heap        ] GC(155) PSYoungGen: 2608372K(2622464K)->150638K(2627584K) Eden: 2454528K(2454528K)->0K(2459136K) From: 153844K(167936K)->150638K(168448K)
[487.978s][info][gc,heap        ] GC(155) ParOldGen: 4508874K(4804096K)->4602930K(4804096K)
[487.978s][info][gc,metaspace   ] GC(155) Metaspace: 28963K(29312K)->28963K(29312K) NonClass: 24075K(24192K)->24075K(24192K) Class: 4888K(5120K)->4888K(5120K)
[487.978s][info][gc             ] GC(155) Pause Young (Allocation Failure) 6950M->4642M(7257M) 150.756ms
[487.978s][info][gc,cpu         ] GC(155) User=0.61s Sys=0.00s Real=0.15s
. (rIR:aIR:PR = 12167:12421:12290) (tPR = 172341) [OK] 
   488s:       trying IR =  12291 [489.525s][info][gc,start       ] GC(156) Pause Young (Allocation Failure)
[489.624s][info][gc,heap        ] GC(156) PSYoungGen: 2609774K(2627584K)->142944K(2602496K) Eden: 2459136K(2459136K)->0K(2459136K) From: 150638K(168448K)->142944K(143360K)
[489.625s][info][gc,heap        ] GC(156) ParOldGen: 4602930K(4804096K)->4692954K(4804096K)
[489.625s][info][gc,metaspace   ] GC(156) Metaspace: 28963K(29312K)->28963K(29312K) NonClass: 24075K(24192K)->24075K(24192K) Class: 4888K(5120K)->4888K(5120K)
[489.625s][info][gc             ] GC(156) Pause Young (Allocation Failure) 7043M->4722M(7233M) 99.646ms
[489.625s][info][gc,cpu         ] GC(156) User=0.59s Sys=0.01s Real=0.10s
..[491.219s][info][gc,start       ] GC(157) Pause Young (Allocation Failure)
[491.325s][info][gc,heap        ] GC(157) PSYoungGen: 2602080K(2602496K)->156224K(2624512K) Eden: 2459136K(2459136K)->0K(2458112K) From: 142944K(143360K)->156224K(166400K)
[491.325s][info][gc,heap        ] GC(157) ParOldGen: 4692954K(4804096K)->4787514K(4804096K)
[491.325s][info][gc,metaspace   ] GC(157) Metaspace: 28965K(29312K)->28965K(29312K) NonClass: 24077K(24192K)->24077K(24192K) Class: 4888K(5120K)->4888K(5120K)
[491.325s][info][gc             ] GC(157) Pause Young (Allocation Failure) 7124M->4827M(7254M) 106.013ms
[491.325s][info][gc,cpu         ] GC(157) User=0.62s Sys=0.00s Real=0.11s
.[492.904s][info][gc,start       ] GC(158) Pause Young (Allocation Failure)
[493.055s][info][gc,heap        ] GC(158) PSYoungGen: 2614336K(2624512K)->142976K(2626048K) Eden: 2458112K(2458112K)->0K(2458112K) From: 156224K(166400K)->142976K(167936K)
[493.055s][info][gc,heap        ] GC(158) ParOldGen: 4787514K(4804096K)->4880618K(4880896K)
[493.055s][info][gc,metaspace   ] GC(158) Metaspace: 28967K(29312K)->28967K(29312K) NonClass: 24078K(24192K)->24078K(24192K) Class: 4888K(5120K)->4888K(5120K)
[493.055s][info][gc             ] GC(158) Pause Young (Allocation Failure) 7228M->4905M(7331M) 150.905ms
[493.055s][info][gc,cpu         ] GC(158) User=0.59s Sys=0.02s Real=0.15s
. (rIR:aIR:PR = 12291:12233:12086) (tPR = 181676) [OK] 
   492s:       trying IR =  12440 .[494.611s][info][gc,start       ] GC(159) Pause Young (Allocation Failure)
[494.713s][info][gc,heap        ] GC(159) PSYoungGen: 2601088K(2626048K)->140768K(2626560K) Eden: 2458112K(2458112K)->0K(2461184K) From: 142976K(167936K)->140768K(165376K)
[494.713s][info][gc,heap        ] GC(159) ParOldGen: 4880618K(4880896K)->4970874K(4971008K)
[494.713s][info][gc,metaspace   ] GC(159) Metaspace: 28967K(29312K)->28967K(29312K) NonClass: 24078K(24192K)->24078K(24192K) Class: 4888K(5120K)->4888K(5120K)
[494.713s][info][gc             ] GC(159) Pause Young (Allocation Failure) 7306M->4991M(7419M) 102.242ms
[494.713s][info][gc,cpu         ] GC(159) User=0.59s Sys=0.02s Real=0.10s
..[496.301s][info][gc,start       ] GC(160) Pause Young (Allocation Failure)
[496.408s][info][gc,heap        ] GC(160) PSYoungGen: 2601952K(2626560K)->151953K(2627584K) Eden: 2461184K(2461184K)->0K(2461184K) From: 140768K(165376K)->151953K(166400K)
[496.408s][info][gc,heap        ] GC(160) ParOldGen: 4970874K(4971008K)->5061786K(5062144K)
[496.408s][info][gc,metaspace   ] GC(160) Metaspace: 28967K(29312K)->28967K(29312K) NonClass: 24078K(24192K)->24078K(24192K) Class: 4888K(5120K)->4888K(5120K)
[496.408s][info][gc             ] GC(160) Pause Young (Allocation Failure) 7395M->5091M(7509M) 106.688ms
[496.408s][info][gc,cpu         ] GC(160) User=0.61s Sys=0.02s Real=0.10s
.[497.995s][info][gc,start       ] GC(161) Pause Young (Allocation Failure)
[498.098s][info][gc,heap        ] GC(161) PSYoungGen: 2613137K(2627584K)->146304K(2625536K) Eden: 2461184K(2461184K)->0K(2463232K) From: 151953K(166400K)->146304K(162304K)
[498.098s][info][gc,heap        ] GC(161) ParOldGen: 5061786K(5062144K)->5153594K(5153792K)
[498.098s][info][gc,metaspace   ] GC(161) Metaspace: 28967K(29312K)->28967K(29312K) NonClass: 24078K(24192K)->24078K(24192K) Class: 4888K(5120K)->4888K(5120K)
[498.098s][info][gc             ] GC(161) Pause Young (Allocation Failure) 7495M->5175M(7597M) 103.018ms
[498.098s][info][gc,cpu         ] GC(161) User=0.59s Sys=0.02s Real=0.10s
. (rIR:aIR:PR = 12440:12428:12372) (tPR = 186035) [OK] 
   497s:       trying IR =  12618 .[499.660s][info][gc,start       ] GC(162) Pause Young (Allocation Failure)
[499.770s][info][gc,heap        ] GC(162) PSYoungGen: 2609536K(2625536K)->150233K(2627584K) Eden: 2463232K(2463232K)->0K(2463232K) From: 146304K(162304K)->150233K(164352K)
[499.770s][info][gc,heap        ] GC(162) ParOldGen: 5153594K(5153792K)->5248146K(5248512K)
[499.770s][info][gc,metaspace   ] GC(162) Metaspace: 28967K(29312K)->28967K(29312K) NonClass: 24078K(24192K)->24078K(24192K) Class: 4888K(5120K)->4888K(5120K)
[499.770s][info][gc             ] GC(162) Pause Young (Allocation Failure) 7581M->5271M(7691M) 109.552ms
[499.770s][info][gc,cpu         ] GC(162) User=0.62s Sys=0.03s Real=0.11s
.[501.385s][info][gc,start       ] GC(163) Pause Young (Allocation Failure)
[501.502s][info][gc,heap        ] GC(163) PSYoungGen: 2613465K(2627584K)->163818K(2552320K) Eden: 2463232K(2463232K)->0K(2388480K) From: 150233K(164352K)->163818K(163840K)
[501.502s][info][gc,heap        ] GC(163) ParOldGen: 5248146K(5248512K)->5343722K(5343744K)
[501.502s][info][gc,metaspace   ] GC(163) Metaspace: 28967K(29312K)->28967K(29312K) NonClass: 24078K(24192K)->24078K(24192K) Class: 4888K(5120K)->4888K(5120K)
[501.502s][info][gc             ] GC(163) Pause Young (Allocation Failure) 7677M->5378M(7711M) 117.518ms
[501.502s][info][gc,cpu         ] GC(163) User=0.66s Sys=0.04s Real=0.12s
..[502.974s][info][gc,start       ] GC(164) Pause Young (Allocation Failure)
[503.083s][info][gc,heap        ] GC(164) PSYoungGen: 2552298K(2552320K)->153504K(2592256K) Eden: 2388480K(2388480K)->0K(2388480K) From: 163818K(163840K)->153504K(203776K)
[503.083s][info][gc,heap        ] GC(164) ParOldGen: 5343722K(5343744K)->5439722K(5440000K)
[503.083s][info][gc,metaspace   ] GC(164) Metaspace: 28967K(29312K)->28967K(29312K) NonClass: 24078K(24192K)->24078K(24192K) Class: 4888K(5120K)->4888K(5120K)
[503.083s][info][gc             ] GC(164) Pause Young (Allocation Failure) 7710M->5462M(7844M) 109.074ms
[503.084s][info][gc,cpu         ] GC(164) User=0.61s Sys=0.04s Real=0.11s
.[504.669s][info][gc,start       ] GC(165) Pause Young (Allocation Failure)
[504.768s][info][gc,heap        ] GC(165) PSYoungGen: 2541984K(2592256K)->131712K(2588672K) Eden: 2388480K(2388480K)->0K(2392064K) From: 153504K(203776K)->131712K(196608K)
[504.768s][info][gc,heap        ] GC(165) ParOldGen: 5439722K(5440000K)->5536218K(5536256K)
[504.768s][info][gc,metaspace   ] GC(165) Metaspace: 28971K(29312K)->28971K(29312K) NonClass: 24083K(24192K)->24083K(24192K) Class: 4888K(5120K)->4888K(5120K)
[504.768s][info][gc             ] GC(165) Pause Young (Allocation Failure) 7794M->5535M(7934M) 99.876ms
[504.768s][info][gc,cpu         ] GC(165) User=0.57s Sys=0.03s Real=0.10s
..[506.193s][info][gc,start       ] GC(166) Pause Full (Allocation Failure)
[506.193s][info][gc,phases,start] GC(166) Marking Phase
[506.501s][info][gc,phases      ] GC(166) Marking Phase 307.690ms
[506.501s][info][gc,phases,start] GC(166) Summary Phase
[506.501s][info][gc,phases      ] GC(166) Summary Phase 0.097ms
[506.501s][info][gc,phases,start] GC(166) Forward
[506.640s][info][gc,phases      ] GC(166) Forward 138.526ms
[506.640s][info][gc,phases,start] GC(166) Adjust Pointers
[506.848s][info][gc,phases      ] GC(166) Adjust Pointers 208.408ms
[506.848s][info][gc,phases,start] GC(166) Compaction Phase
[506.984s][info][gc,phases      ] GC(166) Compaction Phase 135.696ms
[506.986s][info][gc,phases,start] GC(166) Post Compact
[506.993s][info][gc,phases      ] GC(166) Post Compact 7.025ms
[507.111s][info][gc,heap        ] GC(166) PSYoungGen: 2523776K(2588672K)->0K(2592256K) Eden: 2392064K(2392064K)->0K(2392064K) From: 131712K(196608K)->0K(200192K)
[507.111s][info][gc,heap        ] GC(166) ParOldGen: 5536218K(5536256K)->1424511K(1597952K)
[507.111s][info][gc,metaspace   ] GC(166) Metaspace: 28971K(29312K)->28971K(29312K) NonClass: 24083K(24192K)->24083K(24192K) Class: 4888K(5120K)->4888K(5120K)
[507.111s][info][gc             ] GC(166) Pause Full (Allocation Failure) 7871M->1391M(4092M) 917.363ms
[507.111s][info][gc,cpu         ] GC(166) User=4.18s Sys=0.13s Real=0.92s
..[508.504s][info][gc,start       ] GC(167) Pause Young (Allocation Failure)
[508.578s][info][gc,heap        ] GC(167) PSYoungGen: 2392064K(2592256K)->159008K(2589696K) Eden: 2392064K(2392064K)->0K(2395648K) From: 0K(200192K)->159008K(194048K)
[508.578s][info][gc,heap        ] GC(167) ParOldGen: 1424511K(1597952K)->1424511K(1597952K)
[508.578s][info][gc,metaspace   ] GC(167) Metaspace: 28971K(29312K)->28971K(29312K) NonClass: 24083K(24192K)->24083K(24192K) Class: 4888K(5120K)->4888K(5120K)
[508.578s][info][gc             ] GC(167) Pause Young (Allocation Failure) 3727M->1546M(4089M) 73.541ms
[508.578s][info][gc,cpu         ] GC(167) User=0.43s Sys=0.00s Real=0.07s
.[510.207s][info][gc,start       ] GC(168) Pause Young (Allocation Failure)
[510.302s][info][gc,heap        ] GC(168) PSYoungGen: 2554656K(2589696K)->139872K(2592768K) Eden: 2395648K(2395648K)->0K(2395648K) From: 159008K(194048K)->139872K(197120K)
[510.302s][info][gc,heap        ] GC(168) ParOldGen: 1424511K(1597952K)->1521159K(1597952K)
[510.302s][info][gc,metaspace   ] GC(168) Metaspace: 28971K(29312K)->28971K(29312K) NonClass: 24083K(24192K)->24083K(24192K) Class: 4888K(5120K)->4888K(5120K)
[510.302s][info][gc             ] GC(168) Pause Young (Allocation Failure) 3885M->1622M(4092M) 95.046ms
[510.302s][info][gc,cpu         ] GC(168) User=0.56s Sys=0.00s Real=0.10s
.[511.722s][info][gc,start       ] GC(169) Pause Young (Allocation Failure)
[511.818s][info][gc,heap        ] GC(169) PSYoungGen: 2535520K(2592768K)->148944K(2590720K) Eden: 2395648K(2395648K)->0K(2402816K) From: 139872K(197120K)->148944K(187904K)
[511.818s][info][gc,heap        ] GC(169) ParOldGen: 1521159K(1597952K)->1608735K(1609216K)
[511.818s][info][gc,metaspace   ] GC(169) Metaspace: 28971K(29312K)->28971K(29312K) NonClass: 24083K(24192K)->24083K(24192K) Class: 4888K(5120K)->4888K(5120K)
[511.818s][info][gc             ] GC(169) Pause Young (Allocation Failure) 3961M->1716M(4101M) 95.944ms
[511.818s][info][gc,cpu         ] GC(169) User=0.57s Sys=0.01s Real=0.09s
..[513.274s][info][gc,start       ] GC(170) Pause Young (Allocation Failure)
[513.381s][info][gc,heap        ] GC(170) PSYoungGen: 2551760K(2590720K)->161141K(2595328K) Eden: 2402816K(2402816K)->0K(2402816K) From: 148944K(187904K)->161141K(192512K)
[513.381s][info][gc,heap        ] GC(170) ParOldGen: 1608735K(1609216K)->1703759K(1703936K)
[513.381s][info][gc,metaspace   ] GC(170) Metaspace: 28971K(29312K)->28971K(29312K) NonClass: 24083K(24192K)->24083K(24192K) Class: 4888K(5120K)->4888K(5120K)
[513.381s][info][gc             ] GC(170) Pause Young (Allocation Failure) 4062M->1821M(4198M) 107.268ms
[513.381s][info][gc,cpu         ] GC(170) User=0.61s Sys=0.02s Real=0.11s
.[514.845s][info][gc,start       ] GC(171) Pause Young (Allocation Failure)
[514.996s][info][gc,heap        ] GC(171) PSYoungGen: 2563957K(2595328K)->151472K(2596352K) Eden: 2402816K(2402816K)->0K(2412032K) From: 161141K(192512K)->151472K(184320K)
[514.996s][info][gc,heap        ] GC(171) ParOldGen: 1703759K(1703936K)->1796727K(1797120K)
[514.996s][info][gc,metaspace   ] GC(171) Metaspace: 28971K(29312K)->28971K(29312K) NonClass: 24083K(24192K)->24083K(24192K) Class: 4888K(5120K)->4888K(5120K)
[514.996s][info][gc             ] GC(171) Pause Young (Allocation Failure) 4167M->1902M(4290M) 151.151ms
[514.996s][info][gc,cpu         ] GC(171) User=0.59s Sys=0.03s Real=0.15s
.[516.548s][info][gc,start       ] GC(172) Pause Young (Allocation Failure)
[516.647s][info][gc,heap        ] GC(172) PSYoungGen: 2563504K(2596352K)->144048K(2600448K) Eden: 2412032K(2412032K)->0K(2412032K) From: 151472K(184320K)->144048K(188416K)
[516.647s][info][gc,heap        ] GC(172) ParOldGen: 1796727K(1797120K)->1893087K(1893376K)
[516.647s][info][gc,metaspace   ] GC(172) Metaspace: 28971K(29312K)->28971K(29312K) NonClass: 24083K(24192K)->24083K(24192K) Class: 4888K(5120K)->4888K(5120K)
[516.647s][info][gc             ] GC(172) Pause Young (Allocation Failure) 4258M->1989M(4388M) 99.450ms
[516.647s][info][gc,cpu         ] GC(172) User=0.56s Sys=0.03s Real=0.10s
..[518.130s][info][gc,start       ] GC(173) Pause Young (Allocation Failure)
[518.234s][info][gc,heap        ] GC(173) PSYoungGen: 2556080K(2600448K)->158928K(2603008K) Eden: 2412032K(2412032K)->0K(2420736K) From: 144048K(188416K)->158928K(182272K)
[518.234s][info][gc,heap        ] GC(173) ParOldGen: 1893087K(1893376K)->1979895K(1979904K)
[518.234s][info][gc,metaspace   ] GC(173) Metaspace: 28971K(29312K)->28971K(29312K) NonClass: 24083K(24192K)->24083K(24192K) Class: 4888K(5120K)->4888K(5120K)
[518.234s][info][gc             ] GC(173) Pause Young (Allocation Failure) 4344M->2088M(4475M) 103.324ms
[518.234s][info][gc,cpu         ] GC(173) User=0.59s Sys=0.02s Real=0.10s
.[519.766s][info][gc,start       ] GC(174) Pause Young (Allocation Failure)
[519.875s][info][gc,heap        ] GC(174) PSYoungGen: 2579664K(2603008K)->159454K(2606080K) Eden: 2420736K(2420736K)->0K(2420736K) From: 158928K(182272K)->159454K(185344K)
[519.875s][info][gc,heap        ] GC(174) ParOldGen: 1979895K(1979904K)->2075615K(2075648K)
[519.875s][info][gc,metaspace   ] GC(174) Metaspace: 28971K(29312K)->28971K(29312K) NonClass: 24083K(24192K)->24083K(24192K) Class: 4888K(5120K)->4888K(5120K)
[519.875s][info][gc             ] GC(174) Pause Young (Allocation Failure) 4452M->2182M(4572M) 108.825ms
[519.875s][info][gc,cpu         ] GC(174) User=0.62s Sys=0.03s Real=0.11s
.[521.385s][info][gc,start       ] GC(175) Pause Young (Allocation Failure)
[521.496s][info][gc,heap        ] GC(175) PSYoungGen: 2580190K(2606080K)->167136K(2607616K) Eden: 2420736K(2420736K)->0K(2423296K) From: 159454K(185344K)->167136K(184320K)
[521.496s][info][gc,heap        ] GC(175) ParOldGen: 2075615K(2075648K)->2161759K(2162176K)
[521.496s][info][gc,metaspace   ] GC(175) Metaspace: 28971K(29312K)->28971K(29312K) NonClass: 24083K(24192K)->24083K(24192K) Class: 4888K(5120K)->4888K(5120K)
[521.496s][info][gc             ] GC(175) Pause Young (Allocation Failure) 4546M->2274M(4658M) 111.108ms
[521.496s][info][gc,cpu         ] GC(175) User=0.63s Sys=0.03s Real=0.11s
.[523.031s][info][gc,start       ] GC(176) Pause Young (Allocation Failure)
[523.138s][info][gc,heap        ] GC(176) PSYoungGen: 2590432K(2607616K)->153980K(2577408K) Eden: 2423296K(2423296K)->0K(2423296K) From: 167136K(184320K)->153980K(154112K)
[523.138s][info][gc,heap        ] GC(176) ParOldGen: 2161759K(2162176K)->2257319K(2257408K)
[523.138s][info][gc,metaspace   ] GC(176) Metaspace: 28971K(29312K)->28971K(29312K) NonClass: 24083K(24192K)->24083K(24192K) Class: 4888K(5120K)->4888K(5120K)
[523.138s][info][gc             ] GC(176) Pause Young (Allocation Failure) 4640M->2354M(4721M) 106.705ms
[523.138s][info][gc,cpu         ] GC(176) User=0.60s Sys=0.03s Real=0.10s
.[524.561s][info][gc,start       ] GC(177) Pause Young (Allocation Failure)
[524.672s][info][gc,heap        ] GC(177) PSYoungGen: 2577276K(2577408K)->168669K(2606592K) Eden: 2423296K(2423296K)->0K(2423296K) From: 153980K(154112K)->168669K(183296K)
[524.672s][info][gc,heap        ] GC(177) ParOldGen: 2257319K(2257408K)->2346583K(2347008K)
[524.672s][info][gc,metaspace   ] GC(177) Metaspace: 28971K(29312K)->28971K(29312K) NonClass: 24083K(24192K)->24083K(24192K) Class: 4888K(5120K)->4888K(5120K)
[524.672s][info][gc             ] GC(177) Pause Young (Allocation Failure) 4721M->2456M(4837M) 111.114ms
[524.672s][info][gc,cpu         ] GC(177) User=0.64s Sys=0.03s Real=0.11s
.[526.125s][info][gc,start       ] GC(178) Pause Young (Allocation Failure)
[526.236s][info][gc,heap        ] GC(178) PSYoungGen: 2591965K(2606592K)->165273K(2608640K) Eden: 2423296K(2423296K)->0K(2423296K) From: 168669K(183296K)->165273K(185344K)
[526.236s][info][gc,heap        ] GC(178) ParOldGen: 2346583K(2347008K)->2441399K(2441728K)
[526.236s][info][gc,metaspace   ] GC(178) Metaspace: 28971K(29312K)->28971K(29312K) NonClass: 24083K(24192K)->24083K(24192K) Class: 4888K(5120K)->4888K(5120K)
[526.236s][info][gc             ] GC(178) Pause Young (Allocation Failure) 4822M->2545M(4932M) 111.158ms
[526.236s][info][gc,cpu         ] GC(178) User=0.63s Sys=0.03s Real=0.11s
.[527.709s][info][gc,start       ] GC(179) Pause Young (Allocation Failure)
[527.819s][info][gc,heap        ] GC(179) PSYoungGen: 2588569K(2608640K)->160392K(2608128K) Eden: 2423296K(2423296K)->0K(2424832K) From: 165273K(185344K)->160392K(183296K)
[527.819s][info][gc,heap        ] GC(179) ParOldGen: 2441399K(2441728K)->2537615K(2537984K)
[527.819s][info][gc,metaspace   ] GC(179) Metaspace: 28974K(29312K)->28974K(29312K) NonClass: 24086K(24192K)->24086K(24192K) Class: 4888K(5120K)->4888K(5120K)
[527.819s][info][gc             ] GC(179) Pause Young (Allocation Failure) 4912M->2634M(5025M) 110.426ms
[527.819s][info][gc,cpu         ] GC(179) User=0.63s Sys=0.03s Real=0.11s
. (rIR:aIR:PR = 12618:12283:12152) (tPR = 183243) [OK] 
   527s:       trying IR =  12832 .[529.347s][info][gc,start       ] GC(180) Pause Young (Allocation Failure)
[529.449s][info][gc,heap        ] GC(180) PSYoungGen: 2585224K(2608128K)->151264K(2609152K) Eden: 2424832K(2424832K)->0K(2424832K) From: 160392K(183296K)->151264K(184320K)
[529.449s][info][gc,heap        ] GC(180) ParOldGen: 2537615K(2537984K)->2626983K(2627072K)
[529.449s][info][gc,metaspace   ] GC(180) Metaspace: 28974K(29312K)->28974K(29312K) NonClass: 24086K(24192K)->24086K(24192K) Class: 4888K(5120K)->4888K(5120K)
[529.449s][info][gc             ] GC(180) Pause Young (Allocation Failure) 5002M->2713M(5113M) 102.123ms
[529.449s][info][gc,cpu         ] GC(180) User=0.58s Sys=0.02s Real=0.11s
.[531.003s][info][gc,start       ] GC(181) Pause Young (Allocation Failure)
[531.103s][info][gc,heap        ] GC(181) PSYoungGen: 2576096K(2609152K)->144320K(2611200K) Eden: 2424832K(2424832K)->0K(2428928K) From: 151264K(184320K)->144320K(182272K)
[531.104s][info][gc,heap        ] GC(181) ParOldGen: 2626983K(2627072K)->2720239K(2720256K)
[531.104s][info][gc,metaspace   ] GC(181) Metaspace: 28974K(29312K)->28974K(29312K) NonClass: 24086K(24192K)->24086K(24192K) Class: 4888K(5120K)->4888K(5120K)
[531.104s][info][gc             ] GC(181) Pause Young (Allocation Failure) 5081M->2797M(5206M) 100.143ms
[531.104s][info][gc,cpu         ] GC(181) User=0.56s Sys=0.03s Real=0.10s
.[532.614s][info][gc,start       ] GC(182) Pause Young (Allocation Failure)
[532.718s][info][gc,heap        ] GC(182) PSYoungGen: 2573248K(2611200K)->153894K(2611200K) Eden: 2428928K(2428928K)->0K(2428928K) From: 144320K(182272K)->153894K(182272K)
[532.718s][info][gc,heap        ] GC(182) ParOldGen: 2720239K(2720256K)->2810943K(2811392K)
[532.718s][info][gc,metaspace   ] GC(182) Metaspace: 28974K(29312K)->28974K(29312K) NonClass: 24086K(24192K)->24086K(24192K) Class: 4888K(5120K)->4888K(5120K)
[532.718s][info][gc             ] GC(182) Pause Young (Allocation Failure) 5169M->2895M(5295M) 103.683ms
[532.718s][info][gc,cpu         ] GC(182) User=0.59s Sys=0.02s Real=0.10s
..[534.247s][info][gc,start       ] GC(183) Pause Young (Allocation Failure)
[534.350s][info][gc,heap        ] GC(183) PSYoungGen: 2582822K(2611200K)->155556K(2610688K) Eden: 2428928K(2428928K)->0K(2433536K) From: 153894K(182272K)->155556K(177152K)
[534.350s][info][gc,heap        ] GC(183) ParOldGen: 2810943K(2811392K)->2901823K(2902016K)
[534.350s][info][gc,metaspace   ] GC(183) Metaspace: 28974K(29312K)->28974K(29312K) NonClass: 24086K(24192K)->24086K(24192K) Class: 4888K(5120K)->4888K(5120K)
[534.350s][info][gc             ] GC(183) Pause Young (Allocation Failure) 5267M->2985M(5383M) 103.803ms
[534.350s][info][gc,cpu         ] GC(183) User=0.58s Sys=0.04s Real=0.11s
.[535.842s][info][gc,start       ] GC(184) Pause Young (Allocation Failure)
[535.990s][info][gc,heap        ] GC(184) PSYoungGen: 2589092K(2610688K)->147648K(2611200K) Eden: 2433536K(2433536K)->0K(2433536K) From: 155556K(177152K)->147648K(177664K)
[535.990s][info][gc,heap        ] GC(184) ParOldGen: 2901823K(2902016K)->2993047K(2993152K)
[535.990s][info][gc,metaspace   ] GC(184) Metaspace: 28974K(29312K)->28974K(29312K) NonClass: 24086K(24192K)->24086K(24192K) Class: 4888K(5120K)->4888K(5120K)
[535.990s][info][gc             ] GC(184) Pause Young (Allocation Failure) 5362M->3067M(5473M) 148.409ms
[535.990s][info][gc,cpu         ] GC(184) User=0.57s Sys=0.03s Real=0.15s
.[537.415s][info][gc,start       ] GC(185) Pause Young (Allocation Failure)
[537.523s][info][gc,heap        ] GC(185) PSYoungGen: 2581184K(2611200K)->161952K(2617344K) Eden: 2433536K(2433536K)->0K(2440704K) From: 147648K(177664K)->161952K(176640K)
[537.523s][info][gc,heap        ] GC(185) ParOldGen: 2993047K(2993152K)->3084327K(3084800K)
[537.523s][info][gc,metaspace   ] GC(185) Metaspace: 28974K(29312K)->28974K(29312K) NonClass: 24086K(24192K)->24086K(24192K) Class: 4888K(5120K)->4888K(5120K)
[537.523s][info][gc             ] GC(185) Pause Young (Allocation Failure) 5443M->3170M(5568M) 108.241ms
[537.523s][info][gc,cpu         ] GC(185) User=0.63s Sys=0.02s Real=0.11s
.. (rIR:aIR:PR = 12832:12416:12322) (tPR = 182944) [OK] 
   538s:       trying IR =  13089 [539.080s][info][gc,start       ] GC(186) Pause Young (Allocation Failure)
[539.187s][info][gc,heap        ] GC(186) PSYoungGen: 2602656K(2617344K)->152958K(2617856K) Eden: 2440704K(2440704K)->0K(2440704K) From: 161952K(176640K)->152958K(177152K)
[539.187s][info][gc,heap        ] GC(186) ParOldGen: 3084327K(3084800K)->3180703K(3181056K)
[539.187s][info][gc,metaspace   ] GC(186) Metaspace: 28974K(29312K)->28974K(29312K) NonClass: 24086K(24192K)->24086K(24192K) Class: 4888K(5120K)->4888K(5120K)
[539.187s][info][gc             ] GC(186) Pause Young (Allocation Failure) 5553M->3255M(5663M) 106.906ms
[539.187s][info][gc,cpu         ] GC(186) User=0.62s Sys=0.03s Real=0.10s
.[540.720s][info][gc,start       ] GC(187) Pause Young (Allocation Failure)
[540.822s][info][gc,heap        ] GC(187) PSYoungGen: 2593662K(2617856K)->144736K(2617856K) Eden: 2440704K(2440704K)->0K(2442240K) From: 152958K(177152K)->144736K(175616K)
[540.822s][info][gc,heap        ] GC(187) ParOldGen: 3180703K(3181056K)->3273399K(3273728K)
[540.822s][info][gc,metaspace   ] GC(187) Metaspace: 28974K(29312K)->28974K(29312K) NonClass: 24086K(24192K)->24086K(24192K) Class: 4888K(5120K)->4888K(5120K)
[540.822s][info][gc             ] GC(187) Pause Young (Allocation Failure) 5639M->3338M(5753M) 101.384ms
[540.822s][info][gc,cpu         ] GC(187) User=0.57s Sys=0.03s Real=0.10s
..[542.363s][info][gc,start       ] GC(188) Pause Young (Allocation Failure)
[542.474s][info][gc,heap        ] GC(188) PSYoungGen: 2586976K(2617856K)->164272K(2617856K) Eden: 2442240K(2442240K)->0K(2442240K) From: 144736K(175616K)->164272K(175616K)
[542.474s][info][gc,heap        ] GC(188) ParOldGen: 3273399K(3273728K)->3366095K(3366400K)
[542.474s][info][gc,metaspace   ] GC(188) Metaspace: 28974K(29312K)->28974K(29312K) NonClass: 24086K(24192K)->24086K(24192K) Class: 4888K(5120K)->4888K(5120K)
[542.474s][info][gc             ] GC(188) Pause Young (Allocation Failure) 5723M->3447M(5844M) 111.109ms
[542.474s][info][gc,cpu         ] GC(188) User=0.63s Sys=0.03s Real=0.11s
.[543.981s][info][gc,start       ] GC(189) Pause Young (Allocation Failure)
[544.083s][info][gc,heap        ] GC(189) PSYoungGen: 2606512K(2617856K)->148544K(2619392K) Eden: 2442240K(2442240K)->0K(2442752K) From: 164272K(175616K)->148544K(176640K)
[544.083s][info][gc,heap        ] GC(189) ParOldGen: 3366095K(3366400K)->3456311K(3456512K)
[544.083s][info][gc,metaspace   ] GC(189) Metaspace: 28974K(29312K)->28974K(29312K) NonClass: 24086K(24192K)->24086K(24192K) Class: 4888K(5120K)->4888K(5120K)
[544.083s][info][gc             ] GC(189) Pause Young (Allocation Failure) 5832M->3520M(5933M) 101.758ms
[544.083s][info][gc,cpu         ] GC(189) User=0.57s Sys=0.03s Real=0.10s
. (rIR:aIR:PR = 13089:13121:12535) (tPR = 186444) [OK] 
   544s:       trying IR =  13397 [545.610s][info][gc,start       ] GC(190) Pause Young (Allocation Failure)
[545.710s][info][gc,heap        ] GC(190) PSYoungGen: 2591296K(2619392K)->139680K(2618880K) Eden: 2442752K(2442752K)->0K(2442752K) From: 148544K(176640K)->139680K(176128K)
[545.710s][info][gc,heap        ] GC(190) ParOldGen: 3456311K(3456512K)->3551359K(3551744K)
[545.710s][info][gc,metaspace   ] GC(190) Metaspace: 28974K(29312K)->28974K(29312K) NonClass: 24086K(24192K)->24086K(24192K) Class: 4888K(5120K)->4888K(5120K)
[545.710s][info][gc             ] GC(190) Pause Young (Allocation Failure) 5905M->3604M(6026M) 100.633ms
[545.710s][info][gc,cpu         ] GC(190) User=0.57s Sys=0.03s Real=0.10s
.[547.248s][info][gc,start       ] GC(191) Pause Young (Allocation Failure)
[547.355s][info][gc,heap        ] GC(191) PSYoungGen: 2582432K(2618880K)->159856K(2619392K) Eden: 2442752K(2442752K)->0K(2442752K) From: 139680K(176128K)->159856K(176640K)
[547.356s][info][gc,heap        ] GC(191) ParOldGen: 3551359K(3551744K)->3642407K(3642880K)
[547.356s][info][gc,metaspace   ] GC(191) Metaspace: 28974K(29312K)->28974K(29312K) NonClass: 24086K(24192K)->24086K(24192K) Class: 4888K(5120K)->4888K(5120K)
[547.356s][info][gc             ] GC(191) Pause Young (Allocation Failure) 5990M->3713M(6115M) 107.439ms
[547.356s][info][gc,cpu         ] GC(191) User=0.62s Sys=0.02s Real=0.11s
..[548.899s][info][gc,start       ] GC(192) Pause Young (Allocation Failure)
[549.049s][info][gc,heap        ] GC(192) PSYoungGen: 2602608K(2619392K)->145184K(2588160K) Eden: 2442752K(2442752K)->0K(2442752K) From: 159856K(176640K)->145184K(145408K)
[549.049s][info][gc,heap        ] GC(192) ParOldGen: 3642407K(3642880K)->3737303K(3737600K)
[549.049s][info][gc,metaspace   ] GC(192) Metaspace: 28974K(29312K)->28974K(29312K) NonClass: 24086K(24192K)->24086K(24192K) Class: 4888K(5120K)->4888K(5120K)
[549.049s][info][gc             ] GC(192) Pause Young (Allocation Failure) 6098M->3791M(6177M) 149.356ms
[549.049s][info][gc,cpu         ] GC(192) User=0.59s Sys=0.02s Real=0.15s
.[550.564s][info][gc,start       ] GC(193) Pause Young (Allocation Failure)
[550.662s][info][gc,heap        ] GC(193) PSYoungGen: 2587936K(2588160K)->142368K(2618368K) Eden: 2442752K(2442752K)->0K(2442752K) From: 145184K(145408K)->142368K(175616K)
[550.662s][info][gc,heap        ] GC(193) ParOldGen: 3737303K(3737600K)->3829327K(3829760K)
[550.662s][info][gc,metaspace   ] GC(193) Metaspace: 28974K(29312K)->28974K(29312K) NonClass: 24086K(24192K)->24086K(24192K) Class: 4888K(5120K)->4888K(5120K)
[550.662s][info][gc             ] GC(193) Pause Young (Allocation Failure) 6176M->3878M(6297M) 98.933ms
[550.663s][info][gc,cpu         ] GC(193) User=0.56s Sys=0.03s Real=0.10s
..[552.197s][info][gc,start       ] GC(194) Pause Young (Allocation Failure)
[552.303s][info][gc,heap        ] GC(194) PSYoungGen: 2585120K(2618368K)->157824K(2618368K) Eden: 2442752K(2442752K)->0K(2442752K) From: 142368K(175616K)->157824K(175616K)
[552.303s][info][gc,heap        ] GC(194) ParOldGen: 3829327K(3829760K)->3921599K(3921920K)
[552.303s][info][gc,metaspace   ] GC(194) Metaspace: 28974K(29312K)->28974K(29312K) NonClass: 24086K(24192K)->24086K(24192K) Class: 4888K(5120K)->4888K(5120K)
[552.303s][info][gc             ] GC(194) Pause Young (Allocation Failure) 6264M->3983M(6387M) 106.477ms
[552.303s][info][gc,cpu         ] GC(194) User=0.60s Sys=0.03s Real=0.11s
.[553.803s][info][gc,start       ] GC(195) Pause Young (Allocation Failure)
[553.956s][info][gc,heap        ] GC(195) PSYoungGen: 2600576K(2618368K)->158098K(2619904K) Eden: 2442752K(2442752K)->0K(2444800K) From: 157824K(175616K)->158098K(175104K)
[553.956s][info][gc,heap        ] GC(195) ParOldGen: 3921599K(3921920K)->4015143K(4015616K)
[553.956s][info][gc,metaspace   ] GC(195) Metaspace: 28974K(29312K)->28974K(29312K) NonClass: 24086K(24192K)->24086K(24192K) Class: 4888K(5120K)->4888K(5120K)
[553.956s][info][gc             ] GC(195) Pause Young (Allocation Failure) 6369M->4075M(6480M) 153.754ms
[553.956s][info][gc,cpu         ] GC(195) User=0.61s Sys=0.03s Real=0.15s
..[555.497s][info][gc,start       ] GC(196) Pause Young (Allocation Failure)
[555.610s][info][gc,heap        ] GC(196) PSYoungGen: 2602898K(2619904K)->164681K(2609664K) Eden: 2444800K(2444800K)->0K(2444800K) From: 158098K(175104K)->164681K(164864K)
[555.610s][info][gc,heap        ] GC(196) ParOldGen: 4015143K(4015616K)->4109919K(4110336K)
[555.610s][info][gc,metaspace   ] GC(196) Metaspace: 28974K(29312K)->28974K(29312K) NonClass: 24086K(24192K)->24086K(24192K) Class: 4888K(5120K)->4888K(5120K)
[555.610s][info][gc             ] GC(196) Pause Young (Allocation Failure) 6462M->4174M(6562M) 113.300ms
[555.610s][info][gc,cpu         ] GC(196) User=0.63s Sys=0.04s Real=0.12s
.[557.115s][info][gc,start       ] GC(197) Pause Young (Allocation Failure)
[557.222s][info][gc,heap        ] GC(197) PSYoungGen: 2609481K(2609664K)->160192K(2618880K) Eden: 2444800K(2444800K)->0K(2441728K) From: 164681K(164864K)->160192K(177152K)
[557.222s][info][gc,heap        ] GC(197) ParOldGen: 4109919K(4110336K)->4201047K(4201472K)
[557.222s][info][gc,metaspace   ] GC(197) Metaspace: 28974K(29312K)->28974K(29312K) NonClass: 24086K(24192K)->24086K(24192K) Class: 4888K(5120K)->4888K(5120K)
[557.222s][info][gc             ] GC(197) Pause Young (Allocation Failure) 6561M->4259M(6660M) 107.376ms
[557.222s][info][gc,cpu         ] GC(197) User=0.60s Sys=0.04s Real=0.11s
.[558.787s][info][gc,start       ] GC(198) Pause Young (Allocation Failure)
[558.896s][info][gc,heap        ] GC(198) PSYoungGen: 2601920K(2618880K)->157376K(2599424K) Eden: 2441728K(2441728K)->0K(2441728K) From: 160192K(177152K)->157376K(157696K)
[558.896s][info][gc,heap        ] GC(198) ParOldGen: 4201047K(4201472K)->4300183K(4300288K)
[558.896s][info][gc,metaspace   ] GC(198) Metaspace: 28974K(29312K)->28974K(29312K) NonClass: 24086K(24192K)->24086K(24192K) Class: 4888K(5120K)->4888K(5120K)
[558.896s][info][gc             ] GC(198) Pause Young (Allocation Failure) 6643M->4353M(6738M) 108.972ms
[558.896s][info][gc,cpu         ] GC(198) User=0.62s Sys=0.02s Real=0.11s
..[560.329s][info][gc,start       ] GC(199) Pause Young (Allocation Failure)
[560.436s][info][gc,heap        ] GC(199) PSYoungGen: 2599104K(2599424K)->160618K(2617856K) Eden: 2441728K(2441728K)->0K(2441728K) From: 157376K(157696K)->160618K(176128K)
[560.436s][info][gc,heap        ] GC(199) ParOldGen: 4300183K(4300288K)->4389639K(4389888K)
[560.436s][info][gc,metaspace   ] GC(199) Metaspace: 28974K(29312K)->28974K(29312K) NonClass: 24086K(24192K)->24086K(24192K) Class: 4888K(5120K)->4888K(5120K)
[560.436s][info][gc             ] GC(199) Pause Young (Allocation Failure) 6737M->4443M(6843M) 107.201ms
[560.436s][info][gc,cpu         ] GC(199) User=0.60s Sys=0.03s Real=0.11s
.[561.871s][info][gc,start       ] GC(200) Pause Young (Allocation Failure)
[562.027s][info][gc,heap        ] GC(200) PSYoungGen: 2602346K(2617856K)->154804K(2617856K) Eden: 2441728K(2441728K)->0K(2441728K) From: 160618K(176128K)->154804K(176128K)
[562.027s][info][gc,heap        ] GC(200) ParOldGen: 4389639K(4389888K)->4483367K(4483584K)
[562.027s][info][gc,metaspace   ] GC(200) Metaspace: 28974K(29312K)->28974K(29312K) NonClass: 24086K(24192K)->24086K(24192K) Class: 4888K(5120K)->4888K(5120K)
[562.027s][info][gc             ] GC(200) Pause Young (Allocation Failure) 6828M->4529M(6935M) 155.674ms
[562.027s][info][gc,cpu         ] GC(200) User=0.61s Sys=0.02s Real=0.15s
.[563.497s][info][gc,start       ] GC(201) Pause Young (Allocation Failure)
[563.608s][info][gc,heap        ] GC(201) PSYoungGen: 2596532K(2617856K)->161143K(2617856K) Eden: 2441728K(2441728K)->0K(2443776K) From: 154804K(176128K)->161143K(174080K)
[563.608s][info][gc,heap        ] GC(201) ParOldGen: 4483367K(4483584K)->4579095K(4579328K)
[563.608s][info][gc,metaspace   ] GC(201) Metaspace: 28974K(29312K)->28974K(29312K) NonClass: 24086K(24192K)->24086K(24192K) Class: 4888K(5120K)->4888K(5120K)
[563.608s][info][gc             ] GC(201) Pause Young (Allocation Failure) 6913M->4629M(7028M) 111.162ms
[563.608s][info][gc,cpu         ] GC(201) User=0.63s Sys=0.02s Real=0.11s
.[565.217s][info][gc,start       ] GC(202) Pause Young (Allocation Failure)
[565.323s][info][gc,heap        ] GC(202) PSYoungGen: 2604919K(2617856K)->151392K(2617856K) Eden: 2443776K(2443776K)->0K(2443776K) From: 161143K(174080K)->151392K(174080K)
[565.323s][info][gc,heap        ] GC(202) ParOldGen: 4579095K(4579328K)->4675447K(4675584K)
[565.323s][info][gc,metaspace   ] GC(202) Metaspace: 28975K(29312K)->28975K(29312K) NonClass: 24086K(24192K)->24086K(24192K) Class: 4888K(5120K)->4888K(5120K)
[565.323s][info][gc             ] GC(202) Pause Young (Allocation Failure) 7015M->4713M(7122M) 106.271ms
[565.323s][info][gc,cpu         ] GC(202) User=0.61s Sys=0.02s Real=0.11s
?.[566.752s][info][gc,start       ] GC(203) Pause Young (Allocation Failure)
[566.864s][info][gc,heap        ] GC(203) PSYoungGen: 2595168K(2617856K)->170592K(2614784K) Eden: 2443776K(2443776K)->0K(2441728K) From: 151392K(174080K)->170592K(173056K)
[566.864s][info][gc,heap        ] GC(203) ParOldGen: 4675447K(4675584K)->4765359K(4765696K)
[566.864s][info][gc,metaspace   ] GC(203) Metaspace: 28975K(29312K)->28975K(29312K) NonClass: 24086K(24192K)->24086K(24192K) Class: 4888K(5120K)->4888K(5120K)
[566.864s][info][gc             ] GC(203) Pause Young (Allocation Failure) 7100M->4820M(7207M) 112.050ms
[566.864s][info][gc,cpu         ] GC(203) User=0.63s Sys=0.04s Real=0.11s
..[568.413s][info][gc,start       ] GC(204) Pause Young (Allocation Failure)
[568.516s][info][gc,heap        ] GC(204) PSYoungGen: 2612320K(2614784K)->143104K(2585088K) Eden: 2441728K(2441728K)->0K(2441728K) From: 170592K(173056K)->143104K(143360K)
[568.516s][info][gc,heap        ] GC(204) ParOldGen: 4765359K(4765696K)->4860887K(4860928K)
[568.516s][info][gc,metaspace   ] GC(204) Metaspace: 28975K(29312K)->28975K(29312K) NonClass: 24086K(24192K)->24086K(24192K) Class: 4888K(5120K)->4888K(5120K)
[568.516s][info][gc             ] GC(204) Pause Young (Allocation Failure) 7204M->4886M(7271M) 102.516ms
[568.516s][info][gc,cpu         ] GC(204) User=0.58s Sys=0.03s Real=0.10s
.[570.146s][info][gc,start       ] GC(205) Pause Young (Allocation Failure)
[570.251s][info][gc,heap        ] GC(205) PSYoungGen: 2584832K(2585088K)->149664K(2619904K) Eden: 2441728K(2441728K)->0K(2442240K) From: 143104K(143360K)->149664K(177664K)
[570.251s][info][gc,heap        ] GC(205) ParOldGen: 4860887K(4860928K)->4951431K(4951552K)
[570.251s][info][gc,metaspace   ] GC(205) Metaspace: 28975K(29312K)->28975K(29312K) NonClass: 24086K(24192K)->24086K(24192K) Class: 4888K(5120K)->4888K(5120K)
[570.251s][info][gc             ] GC(205) Pause Young (Allocation Failure) 7271M->4981M(7394M) 105.283ms
[570.251s][info][gc,cpu         ] GC(205) User=0.61s Sys=0.02s Real=0.11s
.[571.600s][info][gc,start       ] GC(206) Pause Young (Allocation Failure)
[571.705s][info][gc,heap        ] GC(206) PSYoungGen: 2591904K(2619904K)->161632K(2618368K) Eden: 2442240K(2442240K)->0K(2442240K) From: 149664K(177664K)->161632K(176128K)
[571.705s][info][gc,heap        ] GC(206) ParOldGen: 4951431K(4951552K)->5033175K(5033472K)
[571.705s][info][gc,metaspace   ] GC(206) Metaspace: 28975K(29312K)->28975K(29312K) NonClass: 24086K(24192K)->24086K(24192K) Class: 4888K(5120K)->4888K(5120K)
[571.705s][info][gc             ] GC(206) Pause Young (Allocation Failure) 7366M->5073M(7472M) 104.940ms
[571.705s][info][gc,cpu         ] GC(206) User=0.60s Sys=0.02s Real=0.10s
..[573.154s][info][gc,start       ] GC(207) Pause Young (Allocation Failure)
[573.268s][info][gc,heap        ] GC(207) PSYoungGen: 2603872K(2618368K)->159456K(2619392K) Eden: 2442240K(2442240K)->0K(2442752K) From: 161632K(176128K)->159456K(176640K)
[573.268s][info][gc,heap        ] GC(207) ParOldGen: 5033175K(5033472K)->5135311K(5135360K)
[573.268s][info][gc,metaspace   ] GC(207) Metaspace: 28975K(29312K)->28975K(29312K) NonClass: 24086K(24192K)->24086K(24192K) Class: 4888K(5120K)->4888K(5120K)
[573.268s][info][gc             ] GC(207) Pause Young (Allocation Failure) 7458M->5170M(7573M) 113.383ms
[573.268s][info][gc,cpu         ] GC(207) User=0.64s Sys=0.03s Real=0.11s
.[574.777s][info][gc,start       ] GC(208) Pause Young (Allocation Failure)
[574.883s][info][gc,heap        ] GC(208) PSYoungGen: 2602208K(2619392K)->146867K(2618880K) Eden: 2442752K(2442752K)->0K(2442752K) From: 159456K(176640K)->146867K(176128K)
[574.883s][info][gc,heap        ] GC(208) ParOldGen: 5135311K(5135360K)->5232887K(5233152K)
[574.883s][info][gc,metaspace   ] GC(208) Metaspace: 28975K(29312K)->28975K(29312K) NonClass: 24086K(24192K)->24086K(24192K) Class: 4888K(5120K)->4888K(5120K)
[574.883s][info][gc             ] GC(208) Pause Young (Allocation Failure) 7556M->5253M(7668M) 106.285ms
[574.883s][info][gc,cpu         ] GC(208) User=0.60s Sys=0.03s Real=0.11s
. (rIR:aIR:PR = 13397:13244:12596) (tPR = 186347) [PR is under limit] 
   575s: Re-initializing (term[576.456s][info][gc,start       ] GC(209) Pause Young (Allocation Failure)
[576.561s][info][gc,heap        ] GC(209) PSYoungGen: 2589619K(2618880K)->146548K(2619392K) Eden: 2442752K(2442752K)->0K(2443776K) From: 146867K(176128K)->146548K(175616K)
[576.561s][info][gc,heap        ] GC(209) ParOldGen: 5232887K(5233152K)->5327119K(5327360K)
[576.561s][info][gc,metaspace   ] GC(209) Metaspace: 28975K(29312K)->28975K(29312K) NonClass: 24086K(24192K)->24086K(24192K) Class: 4888K(5120K)->4888K(5120K)
[576.561s][info][gc             ] GC(209) Pause Young (Allocation Failure) 7639M->5345M(7760M) 105.048ms
[576.561s][info][gc,cpu         ] GC(209) User=0.60s Sys=0.03s Real=0.11s
) [577.741s][info][gc,start       ] GC(210) Pause Full (System.gc())
[577.741s][info][gc,phases,start] GC(210) Marking Phase
[577.761s][info][gc,phases      ] GC(210) Marking Phase 20.508ms
[577.761s][info][gc,phases,start] GC(210) Summary Phase
[577.761s][info][gc,phases      ] GC(210) Summary Phase 0.069ms
[577.761s][info][gc,phases,start] GC(210) Forward
[577.768s][info][gc,phases      ] GC(210) Forward 6.403ms
[577.768s][info][gc,phases,start] GC(210) Adjust Pointers
[577.785s][info][gc,phases      ] GC(210) Adjust Pointers 17.494ms
[577.785s][info][gc,phases,start] GC(210) Compaction Phase
[577.831s][info][gc,phases      ] GC(210) Compaction Phase 45.573ms
[577.831s][info][gc,phases,start] GC(210) Post Compact
[577.837s][info][gc,phases      ] GC(210) Post Compact 6.425ms
[577.837s][info][gc,heap        ] GC(210) PSYoungGen: 2186887K(2619392K)->0K(2619392K) Eden: 2040338K(2443776K)->0K(2443776K) From: 146548K(175616K)->0K(175616K)
[577.837s][info][gc,heap        ] GC(210) ParOldGen: 5327119K(5327360K)->310984K(5327360K)
[577.837s][info][gc,metaspace   ] GC(210) Metaspace: 28975K(29312K)->28975K(29312K) NonClass: 24086K(24192K)->24086K(24192K) Class: 4888K(5120K)->4888K(5120K)
[577.837s][info][gc             ] GC(210) Pause Full (System.gc()) 7337M->303M(7760M) 96.745ms
[577.837s][info][gc,cpu         ] GC(210) User=0.47s Sys=0.00s Real=0.09s
(init[579.054s][info][gc,start       ] GC(211) Pause Young (Allocation Failure)
[579.339s][info][gc,heap        ] GC(211) PSYoungGen: 2443776K(2619392K)->175073K(2618880K) Eden: 2443776K(2443776K)->0K(2443776K) From: 0K(175616K)->175073K(175104K)
[579.339s][info][gc,heap        ] GC(211) ParOldGen: 310984K(5327360K)->752068K(5327360K)
[579.339s][info][gc,metaspace   ] GC(211) Metaspace: 28983K(29376K)->28983K(29376K) NonClass: 24094K(24256K)->24094K(24256K) Class: 4888K(5120K)->4888K(5120K)
[579.339s][info][gc             ] GC(211) Pause Young (Allocation Failure) 2690M->905M(7760M) 284.749ms
[579.339s][info][gc,cpu         ] GC(211) User=1.70s Sys=0.00s Real=0.28s
) ... OK
   583s: Searching from base IR = 13089
   583s:       rampup IR =      0 ... (rIR:aIR:PR = 0:0:0) (tPR = 0) [OK] 
   586s:       rampup IR =   1309 .... (rIR:aIR:PR = 1309:1300:1300) (tPR = 18553) [OK] 
   590s:       rampup IR =   2618 [590.606s][info][gc,start       ] GC(212) Pause Young (Allocation Failure)
[590.888s][info][gc,heap        ] GC(212) PSYoungGen: 2618849K(2618880K)->177129K(1931776K) Eden: 2443776K(2443776K)->0K(1754624K) From: 175073K(175104K)->177129K(177152K)
[590.888s][info][gc,heap        ] GC(212) ParOldGen: 752068K(5327360K)->1292677K(5327360K)
[590.888s][info][gc,metaspace   ] GC(212) Metaspace: 29005K(29440K)->29005K(29440K) NonClass: 24116K(24320K)->24116K(24320K) Class: 4888K(5120K)->4888K(5120K)
[590.888s][info][gc             ] GC(212) Pause Young (Allocation Failure) 3291M->1435M(7089M) 282.043ms
[590.888s][info][gc,cpu         ] GC(212) User=1.68s Sys=0.00s Real=0.28s
.... (rIR:aIR:PR = 2618:2602:2602) (tPR = 39118) [OK] 
   594s:       rampup IR =   3927 .[595.500s][info][gc,start       ] GC(213) Pause Young (Allocation Failure)
[595.613s][info][gc,heap        ] GC(213) PSYoungGen: 1931753K(1931776K)->105024K(2275328K) Eden: 1754624K(1754624K)->0K(1754624K) From: 177129K(177152K)->105024K(520704K)
[595.613s][info][gc,heap        ] GC(213) ParOldGen: 1292677K(5327360K)->1433420K(5327360K)
[595.613s][info][gc,metaspace   ] GC(213) Metaspace: 29012K(29440K)->29012K(29440K) NonClass: 24122K(24320K)->24122K(24320K) Class: 4889K(5120K)->4889K(5120K)
[595.613s][info][gc             ] GC(213) Pause Young (Allocation Failure) 3148M->1502M(7424M) 112.850ms
[595.613s][info][gc,cpu         ] GC(213) User=0.68s Sys=0.00s Real=0.11s
... (rIR:aIR:PR = 3927:3908:3908) (tPR = 58382) [OK] 
   598s:       rampup IR =   5236 [599.070s][info][gc,start       ] GC(214) Pause Young (Allocation Failure)
[599.152s][info][gc,heap        ] GC(214) PSYoungGen: 1859648K(2275328K)->109584K(2260480K) Eden: 1754624K(1754624K)->0K(1756160K) From: 105024K(520704K)->109584K(504320K)
[599.152s][info][gc,heap        ] GC(214) ParOldGen: 1433420K(5327360K)->1512405K(5327360K)
[599.152s][info][gc,metaspace   ] GC(214) Metaspace: 29014K(29440K)->29014K(29440K) NonClass: 24124K(24320K)->24124K(24320K) Class: 4889K(5120K)->4889K(5120K)
[599.152s][info][gc             ] GC(214) Pause Young (Allocation Failure) 3215M->1583M(7410M) 82.017ms
[599.152s][info][gc,cpu         ] GC(214) User=0.49s Sys=0.00s Real=0.08s
...[601.847s][info][gc,start       ] GC(215) Pause Young (Allocation Failure)
[601.925s][info][gc,heap        ] GC(215) PSYoungGen: 1865744K(2260480K)->108752K(2268672K) Eden: 1756160K(1756160K)->0K(1756160K) From: 109584K(504320K)->108752K(512512K)
[601.925s][info][gc,heap        ] GC(215) ParOldGen: 1512405K(5327360K)->1593118K(5327360K)
[601.925s][info][gc,metaspace   ] GC(215) Metaspace: 29014K(29440K)->29014K(29440K) NonClass: 24124K(24320K)->24124K(24320K) Class: 4889K(5120K)->4889K(5120K)
[601.925s][info][gc             ] GC(215) Pause Young (Allocation Failure) 3298M->1661M(7418M) 77.854ms
[601.925s][info][gc,cpu         ] GC(215) User=0.46s Sys=0.00s Real=0.08s
. (rIR:aIR:PR = 5236:5283:5282) (tPR = 78365) [OK] 
   602s:       rampup IR =   6545 .[604.218s][info][gc,start       ] GC(216) Pause Young (Allocation Failure)
[604.298s][info][gc,heap        ] GC(216) PSYoungGen: 1864912K(2268672K)->110512K(2260480K) Eden: 1756160K(1756160K)->0K(1779712K) From: 108752K(512512K)->110512K(480768K)
[604.298s][info][gc,heap        ] GC(216) ParOldGen: 1593118K(5327360K)->1673086K(5327360K)
[604.298s][info][gc,metaspace   ] GC(216) Metaspace: 29014K(29440K)->29014K(29440K) NonClass: 24124K(24320K)->24124K(24320K) Class: 4889K(5120K)->4889K(5120K)
[604.298s][info][gc             ] GC(216) Pause Young (Allocation Failure) 3376M->1741M(7410M) 80.078ms
[604.298s][info][gc,cpu         ] GC(216) User=0.48s Sys=0.00s Real=0.08s
..[606.469s][info][gc,start       ] GC(217) Pause Young (Allocation Failure)
[606.557s][info][gc,heap        ] GC(217) PSYoungGen: 1890224K(2260480K)->124549K(2271744K) Eden: 1779712K(1779712K)->0K(1779712K) From: 110512K(480768K)->124549K(492032K)
[606.557s][info][gc,heap        ] GC(217) ParOldGen: 1673086K(5327360K)->1752006K(5327360K)
[606.557s][info][gc,metaspace   ] GC(217) Metaspace: 29014K(29440K)->29014K(29440K) NonClass: 24124K(24320K)->24124K(24320K) Class: 4889K(5120K)->4889K(5120K)
[606.557s][info][gc             ] GC(217) Pause Young (Allocation Failure) 3479M->1832M(7421M) 87.156ms
[606.557s][info][gc,cpu         ] GC(217) User=0.52s Sys=0.00s Real=0.08s
. (rIR:aIR:PR = 6545:6352:6352) (tPR = 93987) [OK] 
   606s:       rampup IR =   7853 .[608.491s][info][gc,start       ] GC(218) Pause Young (Allocation Failure)
[608.573s][info][gc,heap        ] GC(218) PSYoungGen: 1904261K(2271744K)->115056K(2278400K) Eden: 1779712K(1779712K)->0K(1827328K) From: 124549K(492032K)->115056K(451072K)
[608.573s][info][gc,heap        ] GC(218) ParOldGen: 1752006K(5327360K)->1831758K(5327360K)
[608.573s][info][gc,metaspace   ] GC(218) Metaspace: 29014K(29440K)->29014K(29440K) NonClass: 24124K(24320K)->24124K(24320K) Class: 4889K(5120K)->4889K(5120K)
[608.573s][info][gc             ] GC(218) Pause Young (Allocation Failure) 3570M->1901M(7427M) 81.307ms
[608.573s][info][gc,cpu         ] GC(218) User=0.49s Sys=0.00s Real=0.08s
..[610.455s][info][gc,start       ] GC(219) Pause Young (Allocation Failure)
[610.541s][info][gc,heap        ] GC(219) PSYoungGen: 1942384K(2278400K)->125172K(2289152K) Eden: 1827328K(1827328K)->0K(1827328K) From: 115056K(451072K)->125172K(461824K)
[610.541s][info][gc,heap        ] GC(219) ParOldGen: 1831758K(5327360K)->1909502K(5327360K)
[610.541s][info][gc,metaspace   ] GC(219) Metaspace: 29014K(29440K)->29014K(29440K) NonClass: 24124K(24320K)->24124K(24320K) Class: 4889K(5120K)->4889K(5120K)
[610.541s][info][gc             ] GC(219) Pause Young (Allocation Failure) 3685M->1986M(7438M) 85.829ms
[610.541s][info][gc,cpu         ] GC(219) User=0.51s Sys=0.00s Real=0.09s
.. (rIR:aIR:PR = 7853:7714:7718) (tPR = 112879) [OK] 
   611s:       rampup IR =   9162 [612.332s][info][gc,start       ] GC(220) Pause Young (Allocation Failure)
[612.416s][info][gc,heap        ] GC(220) PSYoungGen: 1952500K(2289152K)->121288K(2307584K) Eden: 1827328K(1827328K)->0K(1889280K) From: 125172K(461824K)->121288K(418304K)
[612.416s][info][gc,heap        ] GC(220) ParOldGen: 1909502K(5327360K)->1991238K(5327360K)
[612.416s][info][gc,metaspace   ] GC(220) Metaspace: 29014K(29440K)->29014K(29440K) NonClass: 24124K(24320K)->24124K(24320K) Class: 4889K(5120K)->4889K(5120K)
[612.416s][info][gc             ] GC(220) Pause Young (Allocation Failure) 3771M->2063M(7456M) 84.036ms
[612.416s][info][gc,cpu         ] GC(220) User=0.49s Sys=0.00s Real=0.08s
..[614.073s][info][gc,start       ] GC(221) Pause Young (Allocation Failure)
[614.159s][info][gc,heap        ] GC(221) PSYoungGen: 2010568K(2307584K)->120708K(2317824K) Eden: 1889280K(1889280K)->0K(1889280K) From: 121288K(418304K)->120708K(428544K)
[614.159s][info][gc,heap        ] GC(221) ParOldGen: 1991238K(5327360K)->2070406K(5327360K)
[614.159s][info][gc,metaspace   ] GC(221) Metaspace: 29014K(29440K)->29014K(29440K) NonClass: 24124K(24320K)->24124K(24320K) Class: 4889K(5120K)->4889K(5120K)
[614.159s][info][gc             ] GC(221) Pause Young (Allocation Failure) 3908M->2139M(7466M) 85.587ms
[614.159s][info][gc,cpu         ] GC(221) User=0.51s Sys=0.00s Real=0.08s
.. (rIR:aIR:PR = 9162:9111:9111) (tPR = 135713) [OK] 
   615s:       rampup IR =  10471 [615.806s][info][gc,start       ] GC(222) Pause Young (Allocation Failure)
[615.890s][info][gc,heap        ] GC(222) PSYoungGen: 2009988K(2317824K)->120800K(2341376K) Eden: 1889280K(1889280K)->0K(1954816K) From: 120708K(428544K)->120800K(386560K)
[615.890s][info][gc,heap        ] GC(222) ParOldGen: 2070406K(5327360K)->2150238K(5327360K)
[615.890s][info][gc,metaspace   ] GC(222) Metaspace: 29014K(29440K)->29014K(29440K) NonClass: 24124K(24320K)->24124K(24320K) Class: 4889K(5120K)->4889K(5120K)
[615.890s][info][gc             ] GC(222) Pause Young (Allocation Failure) 3984M->2217M(7489M) 83.759ms
[615.890s][info][gc,cpu         ] GC(222) User=0.50s Sys=0.00s Real=0.09s
.[617.307s][info][gc,start       ] GC(223) Pause Young (Allocation Failure)
[617.398s][info][gc,heap        ] GC(223) PSYoungGen: 2075616K(2341376K)->130658K(2351616K) Eden: 1954816K(1954816K)->0K(1954816K) From: 120800K(386560K)->130658K(396800K)
[617.398s][info][gc,heap        ] GC(223) ParOldGen: 2150238K(5327360K)->2233030K(5327360K)
[617.398s][info][gc,metaspace   ] GC(223) Metaspace: 29014K(29440K)->29014K(29440K) NonClass: 24124K(24320K)->24124K(24320K) Class: 4889K(5120K)->4889K(5120K)
[617.398s][info][gc             ] GC(223) Pause Young (Allocation Failure) 4126M->2308M(7499M) 91.278ms
[617.399s][info][gc,cpu         ] GC(223) User=0.53s Sys=0.01s Real=0.09s
..[618.825s][info][gc,start       ] GC(224) Pause Young (Allocation Failure)
[618.910s][info][gc,heap        ] GC(224) PSYoungGen: 2085474K(2351616K)->120704K(2376704K) Eden: 1954816K(1954816K)->0K(2019840K) From: 130658K(396800K)->120704K(356864K)
[618.910s][info][gc,heap        ] GC(224) ParOldGen: 2233030K(5327360K)->2316894K(5327360K)
[618.910s][info][gc,metaspace   ] GC(224) Metaspace: 29014K(29440K)->29014K(29440K) NonClass: 24124K(24320K)->24124K(24320K) Class: 4889K(5120K)->4889K(5120K)
[618.910s][info][gc             ] GC(224) Pause Young (Allocation Failure) 4217M->2380M(7523M) 85.775ms
[618.910s][info][gc,cpu         ] GC(224) User=0.50s Sys=0.00s Real=0.09s
. (rIR:aIR:PR = 10471:10724:10724) (tPR = 157202) [OK] 
   619s:       rampup IR =  11780 [620.436s][info][gc,start       ] GC(225) Pause Young (Allocation Failure)
[620.524s][info][gc,heap        ] GC(225) PSYoungGen: 2140544K(2376704K)->128320K(2384384K) Eden: 2019840K(2019840K)->0K(2019840K) From: 120704K(356864K)->128320K(364544K)
[620.524s][info][gc,heap        ] GC(225) ParOldGen: 2316894K(5327360K)->2399094K(5327360K)
[620.524s][info][gc,metaspace   ] GC(225) Metaspace: 29014K(29440K)->29014K(29440K) NonClass: 24124K(24320K)->24124K(24320K) Class: 4889K(5120K)->4889K(5120K)
[620.524s][info][gc             ] GC(225) Pause Young (Allocation Failure) 4352M->2468M(7531M) 88.480ms
[620.524s][info][gc,cpu         ] GC(225) User=0.52s Sys=0.00s Real=0.09s
..[621.897s][info][gc,start       ] GC(226) Pause Young (Allocation Failure)
[621.987s][info][gc,heap        ] GC(226) PSYoungGen: 2148160K(2384384K)->129013K(2408960K) Eden: 2019840K(2019840K)->0K(2082816K) From: 128320K(364544K)->129013K(326144K)
[621.987s][info][gc,heap        ] GC(226) ParOldGen: 2399094K(5327360K)->2482354K(5327360K)
[621.987s][info][gc,metaspace   ] GC(226) Metaspace: 29014K(29440K)->29014K(29440K) NonClass: 24124K(24320K)->24124K(24320K) Class: 4889K(5120K)->4889K(5120K)
[621.987s][info][gc             ] GC(226) Pause Young (Allocation Failure) 4440M->2550M(7555M) 89.934ms
[621.987s][info][gc,cpu         ] GC(226) User=0.53s Sys=0.00s Real=0.09s
.[623.370s][info][gc,start       ] GC(227) Pause Young (Allocation Failure)
[623.469s][info][gc,heap        ] GC(227) PSYoungGen: 2211829K(2408960K)->142909K(2416128K) Eden: 2082816K(2082816K)->0K(2082816K) From: 129013K(326144K)->142909K(333312K)
[623.469s][info][gc,heap        ] GC(227) ParOldGen: 2482354K(5327360K)->2567386K(5327360K)
[623.469s][info][gc,metaspace   ] GC(227) Metaspace: 29014K(29440K)->29014K(29440K) NonClass: 24124K(24320K)->24124K(24320K) Class: 4889K(5120K)->4889K(5120K)
[623.469s][info][gc             ] GC(227) Pause Young (Allocation Failure) 4584M->2646M(7562M) 98.312ms
[623.469s][info][gc,cpu         ] GC(227) User=0.58s Sys=0.00s Real=0.09s
. (rIR:aIR:PR = 11780:11502:11526) (tPR = 176231) [OK] 
   623s:       rampup IR =  13089 [624.701s][info][gc,start       ] GC(228) Pause Young (Allocation Failure)
[624.795s][info][gc,heap        ] GC(228) PSYoungGen: 2225725K(2416128K)->142206K(2441216K) Eden: 2082816K(2082816K)->0K(2145792K) From: 142909K(333312K)->142206K(295424K)
[624.795s][info][gc,heap        ] GC(228) ParOldGen: 2567386K(5327360K)->2649278K(5327360K)
[624.795s][info][gc,metaspace   ] GC(228) Metaspace: 29014K(29440K)->29014K(29440K) NonClass: 24124K(24320K)->24124K(24320K) Class: 4889K(5120K)->4889K(5120K)
[624.795s][info][gc             ] GC(228) Pause Young (Allocation Failure) 4680M->2726M(7586M) 93.876ms
[624.795s][info][gc,cpu         ] GC(228) User=0.56s Sys=0.00s Real=0.09s
..[626.187s][info][gc,start       ] GC(229) Pause Young (Allocation Failure)
[626.283s][info][gc,heap        ] GC(229) PSYoungGen: 2287998K(2441216K)->138820K(2447360K) Eden: 2145792K(2145792K)->0K(2145792K) From: 142206K(295424K)->138820K(301568K)
[626.283s][info][gc,heap        ] GC(229) ParOldGen: 2649278K(5327360K)->2741126K(5327360K)
[626.283s][info][gc,metaspace   ] GC(229) Metaspace: 29014K(29440K)->29014K(29440K) NonClass: 24124K(24320K)->24124K(24320K) Class: 4889K(5120K)->4889K(5120K)
[626.283s][info][gc             ] GC(229) Pause Young (Allocation Failure) 4821M->2812M(7592M) 96.457ms
[626.283s][info][gc,cpu         ] GC(229) User=0.57s Sys=0.00s Real=0.10s
.[627.596s][info][gc,start       ] GC(230) Pause Young (Allocation Failure)
[627.692s][info][gc,heap        ] GC(230) PSYoungGen: 2284612K(2447360K)->140032K(2477056K) Eden: 2145792K(2145792K)->0K(2206208K) From: 138820K(301568K)->140032K(270848K)
[627.692s][info][gc,heap        ] GC(230) ParOldGen: 2741126K(5327360K)->2828295K(5327360K)
[627.692s][info][gc,metaspace   ] GC(230) Metaspace: 29014K(29440K)->29014K(29440K) NonClass: 24124K(24320K)->24124K(24320K) Class: 4889K(5120K)->4889K(5120K)
[627.692s][info][gc             ] GC(230) Pause Young (Allocation Failure) 4907M->2898M(7621M) 95.960ms
[627.692s][info][gc,cpu         ] GC(230) User=0.57s Sys=0.00s Real=0.10s
.[629.087s][info][gc,start       ] GC(231) Pause Young (Allocation Failure)
[629.180s][info][gc,heap        ] GC(231) PSYoungGen: 2346240K(2477056K)->136096K(2482176K) Eden: 2206208K(2206208K)->0K(2206208K) From: 140032K(270848K)->136096K(275968K)
[629.180s][info][gc,heap        ] GC(231) ParOldGen: 2828295K(5327360K)->2916383K(5327360K)
[629.180s][info][gc,metaspace   ] GC(231) Metaspace: 29014K(29440K)->29014K(29440K) NonClass: 24124K(24320K)->24124K(24320K) Class: 4889K(5120K)->4889K(5120K)
[629.180s][info][gc             ] GC(231) Pause Young (Allocation Failure) 5053M->2980M(7626M) 93.521ms
[629.181s][info][gc,cpu         ] GC(231) User=0.55s Sys=0.00s Real=0.10s
.[630.585s][info][gc,start       ] GC(232) Pause Young (Allocation Failure)
[630.686s][info][gc,heap        ] GC(232) PSYoungGen: 2342304K(2482176K)->148750K(2503168K) Eden: 2206208K(2206208K)->0K(2254848K) From: 136096K(275968K)->148750K(248320K)
[630.686s][info][gc,heap        ] GC(232) ParOldGen: 2916383K(5327360K)->3010407K(5327360K)
[630.686s][info][gc,metaspace   ] GC(232) Metaspace: 29014K(29440K)->29014K(29440K) NonClass: 24124K(24320K)->24124K(24320K) Class: 4889K(5120K)->4889K(5120K)
[630.686s][info][gc             ] GC(232) Pause Young (Allocation Failure) 5135M->3085M(7647M) 101.419ms
[630.686s][info][gc,cpu         ] GC(232) User=0.60s Sys=0.00s Real=0.10s
.[632.077s][info][gc,start       ] GC(233) Pause Young (Allocation Failure)
[632.178s][info][gc,heap        ] GC(233) PSYoungGen: 2403598K(2503168K)->147685K(2508800K) Eden: 2254848K(2254848K)->0K(2254848K) From: 148750K(248320K)->147685K(253952K)
[632.178s][info][gc,heap        ] GC(233) ParOldGen: 3010407K(5327360K)->3094255K(5327360K)
[632.178s][info][gc,metaspace   ] GC(233) Metaspace: 29014K(29440K)->29014K(29440K) NonClass: 24124K(24320K)->24124K(24320K) Class: 4889K(5120K)->4889K(5120K)
[632.178s][info][gc             ] GC(233) Pause Young (Allocation Failure) 5287M->3165M(7652M) 101.081ms
[632.178s][info][gc,cpu         ] GC(233) User=0.60s Sys=0.00s Real=0.10s
.[633.547s][info][gc,start       ] GC(234) Pause Young (Allocation Failure)
[633.649s][info][gc,heap        ] GC(234) PSYoungGen: 2402533K(2508800K)->152080K(2531328K) Eden: 2254848K(2254848K)->0K(2298368K) From: 147685K(253952K)->152080K(232960K)
[633.649s][info][gc,heap        ] GC(234) ParOldGen: 3094255K(5327360K)->3184551K(5327360K)
[633.649s][info][gc,metaspace   ] GC(234) Metaspace: 29014K(29440K)->29014K(29440K) NonClass: 24124K(24320K)->24124K(24320K) Class: 4889K(5120K)->4889K(5120K)
[633.649s][info][gc             ] GC(234) Pause Young (Allocation Failure) 5367M->3258M(7674M) 102.068ms
[633.649s][info][gc,cpu         ] GC(234) User=0.60s Sys=0.00s Real=0.10s
..[635.023s][info][gc,start       ] GC(235) Pause Young (Allocation Failure)
[635.124s][info][gc,heap        ] GC(235) PSYoungGen: 2450448K(2531328K)->151648K(2534400K) Eden: 2298368K(2298368K)->0K(2298368K) From: 152080K(232960K)->151648K(236032K)
[635.124s][info][gc,heap        ] GC(235) ParOldGen: 3184551K(5327360K)->3272871K(5327360K)
[635.124s][info][gc,metaspace   ] GC(235) Metaspace: 29014K(29440K)->29014K(29440K) NonClass: 24124K(24320K)->24124K(24320K) Class: 4889K(5120K)->4889K(5120K)
[635.124s][info][gc             ] GC(235) Pause Young (Allocation Failure) 5502M->3344M(7677M) 101.559ms
[635.124s][info][gc,cpu         ] GC(235) User=0.60s Sys=0.00s Real=0.10s
. (rIR:aIR:PR = 13089:12949:12703) (tPR = 186947) [OK] 
   635s:    snapshot, IR =  13089 [636.657s][info][gc,start       ] GC(236) Pause Young (Allocation Failure)
[636.758s][info][gc,heap        ] GC(236) PSYoungGen: 2450016K(2534400K)->138064K(2550784K) Eden: 2298368K(2298368K)->0K(2331136K) From: 151648K(236032K)->138064K(219648K)
[636.758s][info][gc,heap        ] GC(236) ParOldGen: 3272871K(5327360K)->3371103K(5327360K)
[636.758s][info][gc,metaspace   ] GC(236) Metaspace: 29014K(29440K)->29014K(29440K) NonClass: 24124K(24320K)->24124K(24320K) Class: 4889K(5120K)->4889K(5120K)
[636.758s][info][gc             ] GC(236) Pause Young (Allocation Failure) 5588M->3426M(7693M) 100.998ms
[636.758s][info][gc,cpu         ] GC(236) User=0.59s Sys=0.00s Real=0.10s
.[638.385s][info][gc,start       ] GC(237) Pause Young (Allocation Failure)
[638.488s][info][gc,heap        ] GC(237) PSYoungGen: 2469200K(2550784K)->153344K(2553344K) Eden: 2331136K(2331136K)->0K(2331136K) From: 138064K(219648K)->153344K(222208K)
[638.488s][info][gc,heap        ] GC(237) ParOldGen: 3371103K(5327360K)->3460287K(5327360K)
[638.488s][info][gc,metaspace   ] GC(237) Metaspace: 29014K(29440K)->29014K(29440K) NonClass: 24124K(24320K)->24124K(24320K) Class: 4889K(5120K)->4889K(5120K)
[638.488s][info][gc             ] GC(237) Pause Young (Allocation Failure) 5703M->3528M(7696M) 102.903ms
[638.488s][info][gc,cpu         ] GC(237) User=0.61s Sys=0.00s Real=0.10s
..[639.876s][info][gc,start       ] GC(238) Pause Young (Allocation Failure)
[640.025s][info][gc,heap        ] GC(238) PSYoungGen: 2484480K(2553344K)->152052K(2566144K) Eden: 2331136K(2331136K)->0K(2356736K) From: 153344K(222208K)->152052K(209408K)
[640.025s][info][gc,heap        ] GC(238) ParOldGen: 3460287K(5327360K)->3548543K(5327360K)
[640.025s][info][gc,metaspace   ] GC(238) Metaspace: 29014K(29440K)->29014K(29440K) NonClass: 24124K(24320K)->24124K(24320K) Class: 4889K(5120K)->4889K(5120K)
[640.025s][info][gc             ] GC(238) Pause Young (Allocation Failure) 5805M->3613M(7708M) 149.264ms
[640.025s][info][gc,cpu         ] GC(238) User=0.60s Sys=0.00s Real=0.15s
.[641.470s][info][gc,start       ] GC(239) Pause Young (Allocation Failure)
[641.572s][info][gc,heap        ] GC(239) PSYoungGen: 2508788K(2566144K)->148160K(2568704K) Eden: 2356736K(2356736K)->0K(2356736K) From: 152052K(209408K)->148160K(211968K)
[641.572s][info][gc,heap        ] GC(239) ParOldGen: 3548543K(5327360K)->3642703K(5327360K)
[641.572s][info][gc,metaspace   ] GC(239) Metaspace: 29014K(29440K)->29014K(29440K) NonClass: 24124K(24320K)->24124K(24320K) Class: 4889K(5120K)->4889K(5120K)
[641.572s][info][gc             ] GC(239) Pause Young (Allocation Failure) 5915M->3702M(7711M) 101.778ms
[641.572s][info][gc,cpu         ] GC(239) User=0.60s Sys=0.01s Real=0.10s
.[643.183s][info][gc,start       ] GC(240) Pause Young (Allocation Failure)
[643.282s][info][gc,heap        ] GC(240) PSYoungGen: 2504896K(2568704K)->139136K(2579968K) Eden: 2356736K(2356736K)->0K(2378752K) From: 148160K(211968K)->139136K(201216K)
[643.282s][info][gc,heap        ] GC(240) ParOldGen: 3642703K(5327360K)->3739223K(5327360K)
[643.282s][info][gc,metaspace   ] GC(240) Metaspace: 29014K(29440K)->29014K(29440K) NonClass: 24124K(24320K)->24124K(24320K) Class: 4889K(5120K)->4889K(5120K)
[643.282s][info][gc             ] GC(240) Pause Young (Allocation Failure) 6003M->3787M(7722M) 99.623ms
[643.282s][info][gc,cpu         ] GC(240) User=0.59s Sys=0.00s Real=0.10s
..[644.747s][info][gc,start       ] GC(241) Pause Young (Allocation Failure)
[644.864s][info][gc,heap        ] GC(241) PSYoungGen: 2517888K(2579968K)->173229K(2579968K) Eden: 2378752K(2378752K)->0K(2378752K) From: 139136K(201216K)->173229K(201216K)
[644.864s][info][gc,heap        ] GC(241) ParOldGen: 3739223K(5327360K)->3834079K(5327360K)
[644.864s][info][gc,metaspace   ] GC(241) Metaspace: 29014K(29440K)->29014K(29440K) NonClass: 24124K(24320K)->24124K(24320K) Class: 4889K(5120K)->4889K(5120K)
[644.864s][info][gc             ] GC(241) Pause Young (Allocation Failure) 6110M->3913M(7722M) 117.136ms
[644.864s][info][gc,cpu         ] GC(241) User=0.69s Sys=0.00s Real=0.12s
.[646.264s][info][gc,start       ] GC(242) Pause Young (Allocation Failure)
[646.371s][info][gc,heap        ] GC(242) PSYoungGen: 2551981K(2579968K)->161216K(2591744K) Eden: 2378752K(2378752K)->0K(2385920K) From: 173229K(201216K)->161216K(205824K)
[646.371s][info][gc,heap        ] GC(242) ParOldGen: 3834079K(5327360K)->3922279K(5327360K)
[646.371s][info][gc,metaspace   ] GC(242) Metaspace: 29014K(29440K)->29014K(29440K) NonClass: 24124K(24320K)->24124K(24320K) Class: 4889K(5120K)->4889K(5120K)
[646.371s][info][gc             ] GC(242) Pause Young (Allocation Failure) 6236M->3987M(7733M) 107.033ms
[646.371s][info][gc,cpu         ] GC(242) User=0.63s Sys=0.00s Real=0.11s
.[647.842s][info][gc,start       ] GC(243) Pause Young (Allocation Failure)
[647.996s][info][gc,heap        ] GC(243) PSYoungGen: 2547136K(2591744K)->149252K(2535424K) Eden: 2385920K(2385920K)->0K(2385920K) From: 161216K(205824K)->149252K(149504K)
[647.996s][info][gc,heap        ] GC(243) ParOldGen: 3922279K(5327360K)->4026275K(5327360K)
[647.996s][info][gc,metaspace   ] GC(243) Metaspace: 29014K(29440K)->29014K(29440K) NonClass: 24124K(24320K)->24124K(24320K) Class: 4889K(5120K)->4889K(5120K)
[647.996s][info][gc             ] GC(243) Pause Young (Allocation Failure) 6317M->4077M(7678M) 154.364ms
[647.996s][info][gc,cpu         ] GC(243) User=0.64s Sys=0.00s Real=0.15s
.[649.556s][info][gc,start       ] GC(244) Pause Young (Allocation Failure)
[649.664s][info][gc,heap        ] GC(244) PSYoungGen: 2535172K(2535424K)->154840K(2588160K) Eden: 2385920K(2385920K)->0K(2388992K) From: 149252K(149504K)->154840K(199168K)
[649.664s][info][gc,heap        ] GC(244) ParOldGen: 4026275K(5327360K)->4118059K(5327360K)
[649.664s][info][gc,metaspace   ] GC(244) Metaspace: 29014K(29440K)->29014K(29440K) NonClass: 24124K(24320K)->24124K(24320K) Class: 4889K(5120K)->4889K(5120K)
[649.664s][info][gc             ] GC(244) Pause Young (Allocation Failure) 6407M->4172M(7730M) 107.984ms
[649.664s][info][gc,cpu         ] GC(244) User=0.63s Sys=0.00s Real=0.11s
..[651.189s][info][gc,start       ] GC(245) Pause Young (Allocation Failure)
[651.292s][info][gc,heap        ] GC(245) PSYoungGen: 2543832K(2588160K)->149472K(2585088K) Eden: 2388992K(2388992K)->0K(2388992K) From: 154840K(199168K)->149472K(196096K)
[651.292s][info][gc,heap        ] GC(245) ParOldGen: 4118059K(5327360K)->4206627K(5327360K)
[651.292s][info][gc,metaspace   ] GC(245) Metaspace: 29014K(29440K)->29014K(29440K) NonClass: 24124K(24320K)->24124K(24320K) Class: 4889K(5120K)->4889K(5120K)
[651.292s][info][gc             ] GC(245) Pause Young (Allocation Failure) 6505M->4254M(7727M) 103.440ms
[651.292s][info][gc,cpu         ] GC(245) User=0.61s Sys=0.00s Real=0.11s
.[652.689s][info][gc,start       ] GC(246) Pause Young (Allocation Failure)
[652.797s][info][gc,heap        ] GC(246) PSYoungGen: 2538464K(2585088K)->159940K(2593792K) Eden: 2388992K(2388992K)->0K(2401792K) From: 149472K(196096K)->159940K(192000K)
[652.797s][info][gc,heap        ] GC(246) ParOldGen: 4206627K(5327360K)->4295499K(5327360K)
[652.797s][info][gc,metaspace   ] GC(246) Metaspace: 29014K(29440K)->29014K(29440K) NonClass: 24124K(24320K)->24124K(24320K) Class: 4889K(5120K)->4889K(5120K)
[652.797s][info][gc             ] GC(246) Pause Young (Allocation Failure) 6587M->4351M(7735M) 107.975ms
[652.797s][info][gc,cpu         ] GC(246) User=0.64s Sys=0.00s Real=0.11s
.[654.264s][info][gc,start       ] GC(247) Pause Young (Allocation Failure)
[654.380s][info][gc,heap        ] GC(247) PSYoungGen: 2561732K(2593792K)->171395K(2592768K) Eden: 2401792K(2401792K)->0K(2401792K) From: 159940K(192000K)->171395K(190976K)
[654.380s][info][gc,heap        ] GC(247) ParOldGen: 4295499K(5327360K)->4389915K(5327360K)
[654.380s][info][gc,metaspace   ] GC(247) Metaspace: 29014K(29440K)->29014K(29440K) NonClass: 24124K(24320K)->24124K(24320K) Class: 4889K(5120K)->4889K(5120K)
[654.380s][info][gc             ] GC(247) Pause Young (Allocation Failure) 6696M->4454M(7734M) 116.270ms
[654.380s][info][gc,cpu         ] GC(247) User=0.68s Sys=0.01s Real=0.12s
..[656.042s][info][gc,start       ] GC(248) Pause Young (Allocation Failure)
[656.151s][info][gc,heap        ] GC(248) PSYoungGen: 2573187K(2592768K)->146219K(2601984K) Eden: 2401792K(2401792K)->0K(2409984K) From: 171395K(190976K)->146219K(192000K)
[656.151s][info][gc,heap        ] GC(248) ParOldGen: 4389915K(5327360K)->4496139K(5327360K)
[656.151s][info][gc,metaspace   ] GC(248) Metaspace: 29014K(29440K)->29014K(29440K) NonClass: 24124K(24320K)->24124K(24320K) Class: 4889K(5120K)->4889K(5120K)
[656.151s][info][gc             ] GC(248) Pause Young (Allocation Failure) 6799M->4533M(7743M) 109.554ms
[656.151s][info][gc,cpu         ] GC(248) User=0.65s Sys=0.00s Real=0.11s
.[657.579s][info][gc,start       ] GC(249) Pause Young (Allocation Failure)
[657.684s][info][gc,heap        ] GC(249) PSYoungGen: 2556203K(2601984K)->155764K(2601472K) Eden: 2409984K(2409984K)->0K(2409984K) From: 146219K(192000K)->155764K(191488K)
[657.684s][info][gc,heap        ] GC(249) ParOldGen: 4496139K(5327360K)->4580347K(5327360K)
[657.684s][info][gc,metaspace   ] GC(249) Metaspace: 29014K(29440K)->29014K(29440K) NonClass: 24124K(24320K)->24124K(24320K) Class: 4889K(5120K)->4889K(5120K)
[657.684s][info][gc             ] GC(249) Pause Young (Allocation Failure) 6887M->4625M(7743M) 104.675ms
[657.684s][info][gc,cpu         ] GC(249) User=0.61s Sys=0.00s Real=0.11s
.[659.266s][info][gc,start       ] GC(250) Pause Young (Allocation Failure)
[659.380s][info][gc,heap        ] GC(250) PSYoungGen: 2565748K(2601472K)->163705K(2601472K) Eden: 2409984K(2409984K)->0K(2412544K) From: 155764K(191488K)->163705K(188928K)
[659.380s][info][gc,heap        ] GC(250) ParOldGen: 4580347K(5327360K)->4673891K(5327360K)
[659.380s][info][gc,metaspace   ] GC(250) Metaspace: 29014K(29440K)->29014K(29440K) NonClass: 24124K(24320K)->24124K(24320K) Class: 4889K(5120K)->4889K(5120K)
[659.380s][info][gc             ] GC(250) Pause Young (Allocation Failure) 6978M->4724M(7743M) 114.712ms
[659.381s][info][gc,cpu         ] GC(250) User=0.66s Sys=0.01s Real=0.12s
.[660.841s][info][gc,start       ] GC(251) Pause Young (Allocation Failure)
[660.997s][info][gc,heap        ] GC(251) PSYoungGen: 2576249K(2601472K)->157088K(2601472K) Eden: 2412544K(2412544K)->0K(2412544K) From: 163705K(188928K)->157088K(188928K)
[660.997s][info][gc,heap        ] GC(251) ParOldGen: 4673891K(5327360K)->4766675K(5327360K)
[660.997s][info][gc,metaspace   ] GC(251) Metaspace: 29014K(29440K)->29014K(29440K) NonClass: 24124K(24320K)->24124K(24320K) Class: 4889K(5120K)->4889K(5120K)
[660.997s][info][gc             ] GC(251) Pause Young (Allocation Failure) 7080M->4808M(7743M) 155.912ms
[660.997s][info][gc,cpu         ] GC(251) User=0.64s Sys=0.00s Real=0.15s
..[662.447s][info][gc,start       ] GC(252) Pause Young (Allocation Failure)
[662.555s][info][gc,heap        ] GC(252) PSYoungGen: 2569632K(2601472K)->159488K(2605568K) Eden: 2412544K(2412544K)->0K(2419712K) From: 157088K(188928K)->159488K(185856K)
[662.555s][info][gc,heap        ] GC(252) ParOldGen: 4766675K(5327360K)->4860267K(5327360K)
[662.555s][info][gc,metaspace   ] GC(252) Metaspace: 29014K(29440K)->29014K(29440K) NonClass: 24124K(24320K)->24124K(24320K) Class: 4889K(5120K)->4889K(5120K)
[662.555s][info][gc             ] GC(252) Pause Young (Allocation Failure) 7164M->4902M(7747M) 108.507ms
[662.555s][info][gc,cpu         ] GC(252) User=0.63s Sys=0.00s Real=0.11s
.[664.202s][info][gc,start       ] GC(253) Pause Young (Allocation Failure)
[664.308s][info][gc,heap        ] GC(253) PSYoungGen: 2579200K(2605568K)->143300K(2605056K) Eden: 2419712K(2419712K)->0K(2419712K) From: 159488K(185856K)->143300K(185344K)
[664.308s][info][gc,heap        ] GC(253) ParOldGen: 4860267K(5327360K)->4958691K(5327360K)
[664.308s][info][gc,metaspace   ] GC(253) Metaspace: 29014K(29440K)->29014K(29440K) NonClass: 24124K(24320K)->24124K(24320K) Class: 4889K(5120K)->4889K(5120K)
[664.308s][info][gc             ] GC(253) Pause Young (Allocation Failure) 7265M->4982M(7746M) 105.739ms
[664.308s][info][gc,cpu         ] GC(253) User=0.62s Sys=0.00s Real=0.10s
..[665.793s][info][gc,start       ] GC(254) Pause Young (Allocation Failure)
[665.905s][info][gc,heap        ] GC(254) PSYoungGen: 2563012K(2605056K)->168192K(2607104K) Eden: 2419712K(2419712K)->0K(2422784K) From: 143300K(185344K)->168192K(184320K)
[665.905s][info][gc,heap        ] GC(254) ParOldGen: 4958691K(5327360K)->5044123K(5327360K)
[665.905s][info][gc,metaspace   ] GC(254) Metaspace: 29014K(29440K)->29014K(29440K) NonClass: 24124K(24320K)->24124K(24320K) Class: 4889K(5120K)->4889K(5120K)
[665.905s][info][gc             ] GC(254) Pause Young (Allocation Failure) 7345M->5090M(7748M) 112.079ms
[665.905s][info][gc,cpu         ] GC(254) User=0.63s Sys=0.03s Real=0.11s
. (rIR:aIR:PR = 13089:13429:12302) (tPR = 180098) [PR is under limit] 
   666s: Re-initializing (term[667.411s][info][gc,start       ] GC(255) Pause Young (Allocation Failure)
[667.542s][info][gc,heap        ] GC(255) PSYoungGen: 2590976K(2607104K)->186341K(2609152K) Eden: 2422784K(2422784K)->0K(2422784K) From: 168192K(184320K)->186341K(186368K)
[667.542s][info][gc,heap        ] GC(255) ParOldGen: 5044123K(5327360K)->5163011K(5327360K)
[667.542s][info][gc,metaspace   ] GC(255) Metaspace: 29014K(29440K)->29014K(29440K) NonClass: 24124K(24320K)->24124K(24320K) Class: 4889K(5120K)->4889K(5120K)
[667.542s][info][gc             ] GC(255) Pause Young (Allocation Failure) 7456M->5223M(7750M) 130.700ms
[667.542s][info][gc,cpu         ] GC(255) User=0.77s Sys=0.01s Real=0.13s
[669.047s][info][gc,start       ] GC(256) Pause Young (Allocation Failure)
[669.158s][info][gc,heap        ] GC(256) PSYoungGen: 2609125K(2609152K)->162996K(2515968K) Eden: 2422784K(2422784K)->0K(2329088K) From: 186341K(186368K)->162996K(186880K)
[669.158s][info][gc,heap        ] GC(256) ParOldGen: 5163011K(5327360K)->5255195K(5327360K)
[669.158s][info][gc,metaspace   ] GC(256) Metaspace: 29014K(29440K)->29014K(29440K) NonClass: 24124K(24320K)->24124K(24320K) Class: 4889K(5120K)->4889K(5120K)
[669.158s][info][gc             ] GC(256) Pause Young (Allocation Failure) 7589M->5291M(7659M) 111.703ms
[669.158s][info][gc,cpu         ] GC(256) User=0.66s Sys=0.00s Real=0.11s
[670.582s][info][gc,start       ] GC(257) Pause Young (Allocation Failure)
[670.700s][info][gc,heap        ] GC(257) PSYoungGen: 2492084K(2515968K)->162240K(2562560K) Eden: 2329088K(2329088K)->0K(2329088K) From: 162996K(186880K)->162240K(233472K)
[670.700s][info][gc,heap        ] GC(257) ParOldGen: 5255195K(5327360K)->5362371K(5362688K)
[670.700s][info][gc,metaspace   ] GC(257) Metaspace: 29014K(29440K)->29014K(29440K) NonClass: 24124K(24320K)->24124K(24320K) Class: 4889K(5120K)->4889K(5120K)
[670.700s][info][gc             ] GC(257) Pause Young (Allocation Failure) 7565M->5395M(7739M) 118.166ms
[670.701s][info][gc,cpu         ] GC(257) User=0.69s Sys=0.01s Real=0.12s
[672.106s][info][gc,start       ] GC(258) Pause Young (Allocation Failure)
[672.234s][info][gc,heap        ] GC(258) PSYoungGen: 2491328K(2562560K)->171840K(2547200K) Eden: 2329088K(2329088K)->0K(2334208K) From: 162240K(233472K)->171840K(212992K)
[672.234s][info][gc,heap        ] GC(258) ParOldGen: 5362371K(5362688K)->5474379K(5474816K)
[672.234s][info][gc,metaspace   ] GC(258) Metaspace: 29014K(29440K)->29014K(29440K) NonClass: 24124K(24320K)->24124K(24320K) Class: 4889K(5120K)->4889K(5120K)
[672.234s][info][gc             ] GC(258) Pause Young (Allocation Failure) 7669M->5513M(7834M) 128.421ms
[672.234s][info][gc,cpu         ] GC(258) User=0.73s Sys=0.03s Real=0.13s
[673.690s][info][gc,start       ] GC(259) Pause Full (Allocation Failure)
[673.690s][info][gc,phases,start] GC(259) Marking Phase
[674.063s][info][gc,phases      ] GC(259) Marking Phase 373.150ms
[674.063s][info][gc,phases,start] GC(259) Summary Phase
[674.063s][info][gc,phases      ] GC(259) Summary Phase 0.100ms
[674.063s][info][gc,phases,start] GC(259) Forward
[674.246s][info][gc,phases      ] GC(259) Forward 183.432ms
[674.246s][info][gc,phases,start] GC(259) Adjust Pointers
[674.487s][info][gc,phases      ] GC(259) Adjust Pointers 240.760ms
[674.487s][info][gc,phases,start] GC(259) Compaction Phase
[674.665s][info][gc,phases      ] GC(259) Compaction Phase 177.378ms
[674.667s][info][gc,phases,start] GC(259) Post Compact
[674.674s][info][gc,phases      ] GC(259) Post Compact 6.827ms
[674.786s][info][gc,heap        ] GC(259) PSYoungGen: 2506048K(2547200K)->0K(2557440K) Eden: 2334208K(2334208K)->0K(2334208K) From: 171840K(212992K)->0K(223232K)
[674.786s][info][gc,heap        ] GC(259) ParOldGen: 5474379K(5474816K)->1498511K(1702912K)
[674.786s][info][gc,metaspace   ] GC(259) Metaspace: 29015K(29440K)->29015K(29440K) NonClass: 24125K(24320K)->24125K(24320K) Class: 4889K(5120K)->4889K(5120K)
[674.786s][info][gc             ] GC(259) Pause Full (Allocation Failure) 7793M->1463M(4160M) 1096.855ms
[674.786s][info][gc,cpu         ] GC(259) User=5.00s Sys=0.12s Real=1.09s
) [675.818s][info][gc,start       ] GC(260) Pause Full (System.gc())
[675.818s][info][gc,phases,start] GC(260) Marking Phase
[675.839s][info][gc,phases      ] GC(260) Marking Phase 21.060ms
[675.839s][info][gc,phases,start] GC(260) Summary Phase
[675.839s][info][gc,phases      ] GC(260) Summary Phase 0.036ms
[675.839s][info][gc,phases,start] GC(260) Forward
[675.842s][info][gc,phases      ] GC(260) Forward 2.814ms
[675.842s][info][gc,phases,start] GC(260) Adjust Pointers
[675.855s][info][gc,phases      ] GC(260) Adjust Pointers 13.204ms
[675.856s][info][gc,phases,start] GC(260) Compaction Phase
[675.867s][info][gc,phases      ] GC(260) Compaction Phase 11.517ms
[675.867s][info][gc,phases,start] GC(260) Post Compact
[675.870s][info][gc,phases      ] GC(260) Post Compact 2.545ms
[675.870s][info][gc,heap        ] GC(260) PSYoungGen: 1707080K(2557440K)->0K(2557440K) Eden: 1707080K(2334208K)->0K(2334208K) From: 0K(223232K)->0K(223232K)
[675.870s][info][gc,heap        ] GC(260) ParOldGen: 1498511K(1702912K)->311532K(1702912K)
[675.870s][info][gc,metaspace   ] GC(260) Metaspace: 29015K(29440K)->29015K(29440K) NonClass: 24125K(24320K)->24125K(24320K) Class: 4889K(5120K)->4889K(5120K)
[675.870s][info][gc             ] GC(260) Pause Full (System.gc()) 3130M->304M(4160M) 51.409ms
[675.870s][info][gc,cpu         ] GC(260) User=0.21s Sys=0.00s Real=0.06s
(init[677.755s][info][gc,start       ] GC(261) Pause Young (Allocation Failure)
[678.007s][info][gc,heap        ] GC(261) PSYoungGen: 2334208K(2557440K)->223202K(2337280K) Eden: 2334208K(2334208K)->0K(2114048K) From: 0K(223232K)->223202K(223232K)
[678.007s][info][gc,heap        ] GC(261) ParOldGen: 311532K(1702912K)->589618K(1702912K)
[678.007s][info][gc,metaspace   ] GC(261) Metaspace: 29024K(29440K)->29024K(29440K) NonClass: 24134K(24320K)->24134K(24320K) Class: 4889K(5120K)->4889K(5120K)
[678.007s][info][gc             ] GC(261) Pause Young (Allocation Failure) 2583M->793M(3945M) 252.110ms
[678.007s][info][gc,cpu         ] GC(261) User=1.38s Sys=0.03s Real=0.25s
) ... OK
   681s: high-bound for max-jOPS is measured to be 13837
   681s: 
   681s: Restarting (term) [682.290s][info][gc,start       ] GC(262) Pause Full (System.gc())
[682.290s][info][gc,phases,start] GC(262) Marking Phase
[682.310s][info][gc,phases      ] GC(262) Marking Phase 19.347ms
[682.310s][info][gc,phases,start] GC(262) Summary Phase
[682.310s][info][gc,phases      ] GC(262) Summary Phase 0.025ms
[682.310s][info][gc,phases,start] GC(262) Forward
[682.312s][info][gc,phases      ] GC(262) Forward 2.104ms
[682.312s][info][gc,phases,start] GC(262) Adjust Pointers
[682.324s][info][gc,phases      ] GC(262) Adjust Pointers 12.304ms
[682.324s][info][gc,phases,start] GC(262) Compaction Phase
[682.334s][info][gc,phases      ] GC(262) Compaction Phase 9.741ms
[682.334s][info][gc,phases,start] GC(262) Post Compact
[682.336s][info][gc,phases      ] GC(262) Post Compact 2.195ms
[682.336s][info][gc,heap        ] GC(262) PSYoungGen: 1981204K(2337280K)->0K(2337280K) Eden: 1758001K(2114048K)->0K(2114048K) From: 223202K(223232K)->0K(223232K)
[682.336s][info][gc,heap        ] GC(262) ParOldGen: 589618K(1702912K)->310150K(1702912K)
[682.336s][info][gc,metaspace   ] GC(262) Metaspace: 29024K(29440K)->29024K(29440K) NonClass: 24134K(24320K)->24134K(24320K) Class: 4889K(5120K)->4889K(5120K)
[682.336s][info][gc             ] GC(262) Pause Full (System.gc()) 2510M->302M(3945M) 45.967ms
[682.336s][info][gc,cpu         ] GC(262) User=0.19s Sys=0.00s Real=0.04s
(init[683.497s][info][gc,start       ] GC(263) Pause Young (Allocation Failure)
[683.763s][info][gc,heap        ] GC(263) PSYoungGen: 2114048K(2337280K)->340978K(2455040K) Eden: 2114048K(2114048K)->0K(2114048K) From: 0K(223232K)->340978K(340992K)
[683.763s][info][gc,heap        ] GC(263) ParOldGen: 310150K(1702912K)->523896K(1702912K)
[683.763s][info][gc,metaspace   ] GC(263) Metaspace: 29027K(29440K)->29027K(29440K) NonClass: 24137K(24320K)->24137K(24320K) Class: 4889K(5120K)->4889K(5120K)
[683.763s][info][gc             ] GC(263) Pause Young (Allocation Failure) 2367M->844M(4060M) 265.675ms
[683.763s][info][gc,cpu         ] GC(263) User=1.58s Sys=0.00s Real=0.27s
) ... OK
   687s: 
   687s: Warmup for building throughput-responsetime curve
   687s: (10%)   IR =   1384 [688.204s][info][gc,start       ] GC(264) Pause Young (Allocation Failure)
[688.532s][info][gc,heap        ] GC(264) PSYoungGen: 2455026K(2455040K)->340969K(1787392K) Eden: 2114048K(2114048K)->0K(1446400K) From: 340978K(340992K)->340969K(340992K)
[688.532s][info][gc,heap        ] GC(264) ParOldGen: 523896K(1702912K)->1068020K(1702912K)
[688.532s][info][gc,metaspace   ] GC(264) Metaspace: 29032K(29440K)->29032K(29440K) NonClass: 24143K(24320K)->24143K(24320K) Class: 4889K(5120K)->4889K(5120K)
[688.532s][info][gc             ] GC(264) Pause Young (Allocation Failure) 2909M->1375M(3408M) 327.800ms
[688.532s][info][gc,cpu         ] GC(264) User=1.95s Sys=0.00s Real=0.33s
.......[696.122s][info][gc,start       ] GC(265) Pause Young (Allocation Failure)
[696.261s][info][gc,heap        ] GC(265) PSYoungGen: 1787369K(1787392K)->86720K(2121216K) Eden: 1446400K(1446400K)->0K(1446400K) From: 340969K(340992K)->86720K(674816K)
[696.261s][info][gc,heap        ] GC(265) ParOldGen: 1068020K(1702912K)->1330769K(1702912K)
[696.261s][info][gc,metaspace   ] GC(265) Metaspace: 29035K(29440K)->29035K(29440K) NonClass: 24145K(24320K)->24145K(24320K) Class: 4889K(5120K)->4889K(5120K)
[696.261s][info][gc             ] GC(265) Pause Young (Allocation Failure) 2788M->1384M(3734M) 139.597ms
[696.261s][info][gc,cpu         ] GC(265) User=0.83s Sys=0.00s Real=0.14s
.........[704.394s][info][gc,start       ] GC(266) Pause Young (Allocation Failure)
[704.466s][info][gc,heap        ] GC(266) PSYoungGen: 1533120K(2121216K)->86768K(2108416K) Eden: 1446400K(1446400K)->0K(1446912K) From: 86720K(674816K)->86768K(661504K)
[704.466s][info][gc,heap        ] GC(266) ParOldGen: 1330769K(1702912K)->1399034K(1702912K)
[704.466s][info][gc,metaspace   ] GC(266) Metaspace: 29035K(29440K)->29035K(29440K) NonClass: 24145K(24320K)->24145K(24320K) Class: 4889K(5120K)->4889K(5120K)
[704.466s][info][gc             ] GC(266) Pause Young (Allocation Failure) 2796M->1450M(3722M) 71.873ms
[704.466s][info][gc,cpu         ] GC(266) User=0.43s Sys=0.00s Real=0.07s
........[712.820s][info][gc,start       ] GC(267) Pause Young (Allocation Failure)
[712.887s][info][gc,heap        ] GC(267) PSYoungGen: 1533680K(2108416K)->88400K(2115072K) Eden: 1446912K(1446912K)->0K(1446912K) From: 86768K(661504K)->88400K(668160K)
[712.887s][info][gc,heap        ] GC(267) ParOldGen: 1399034K(1702912K)->1467283K(1702912K)
[712.887s][info][gc,metaspace   ] GC(267) Metaspace: 29036K(29440K)->29036K(29440K) NonClass: 24146K(24320K)->24146K(24320K) Class: 4889K(5120K)->4889K(5120K)
[712.887s][info][gc             ] GC(267) Pause Young (Allocation Failure) 2863M->1519M(3728M) 67.373ms
[712.887s][info][gc,cpu         ] GC(267) User=0.40s Sys=0.00s Real=0.06s
........[720.613s][info][gc,start       ] GC(268) Pause Full (Diagnostic Command)
[720.613s][info][gc,phases,start] GC(268) Marking Phase
[720.888s][info][gc,phases      ] GC(268) Marking Phase 275.116ms
[720.888s][info][gc,phases,start] GC(268) Summary Phase
[720.888s][info][gc,phases      ] GC(268) Summary Phase 0.050ms
[720.888s][info][gc,phases,start] GC(268) Forward
[721.006s][info][gc,phases      ] GC(268) Forward 118.404ms
[721.006s][info][gc,phases,start] GC(268) Adjust Pointers
[721.192s][info][gc,phases      ] GC(268) Adjust Pointers 185.544ms
[721.192s][info][gc,phases,start] GC(268) Compaction Phase
[721.358s][info][gc,phases      ] GC(268) Compaction Phase 165.694ms
[721.358s][info][gc,phases,start] GC(268) Post Compact
[721.361s][info][gc,phases      ] GC(268) Post Compact 2.464ms
[721.361s][info][gc,heap        ] GC(268) PSYoungGen: 1422940K(2115072K)->0K(2115072K) Eden: 1334540K(1446912K)->0K(1446912K) From: 88400K(668160K)->0K(668160K)
[721.361s][info][gc,heap        ] GC(268) ParOldGen: 1467283K(1702912K)->1147555K(1702912K)
[721.361s][info][gc,metaspace   ] GC(268) Metaspace: 29036K(29440K)->29036K(29440K) NonClass: 24146K(24320K)->24146K(24320K) Class: 4889K(5120K)->4889K(5120K)
[721.361s][info][gc             ] GC(268) Pause Full (Diagnostic Command) 2822M->1120M(3728M) 748.261ms
[721.361s][info][gc,cpu         ] GC(268) User=4.26s Sys=0.00s Real=0.75s
........[729.191s][info][gc,start       ] GC(269) Pause Young (Allocation Failure)
[729.235s][info][gc,heap        ] GC(269) PSYoungGen: 1446912K(2115072K)->88736K(2102784K) Eden: 1446912K(1446912K)->0K(1470976K) From: 0K(668160K)->88736K(631808K)
[729.235s][info][gc,heap        ] GC(269) ParOldGen: 1147555K(1702912K)->1147555K(1702912K)
[729.235s][info][gc,metaspace   ] GC(269) Metaspace: 29036K(29440K)->29036K(29440K) NonClass: 24146K(24320K)->24146K(24320K) Class: 4889K(5120K)->4889K(5120K)
[729.235s][info][gc             ] GC(269) Pause Young (Allocation Failure) 2533M->1207M(3716M) 43.742ms
[729.235s][info][gc,cpu         ] GC(269) User=0.26s Sys=0.00s Real=0.04s
.........[737.909s][info][gc,start       ] GC(270) Pause Young (Allocation Failure)
[737.976s][info][gc,heap        ] GC(270) PSYoungGen: 1559712K(2102784K)->90320K(2113024K) Eden: 1470976K(1470976K)->0K(1470976K) From: 88736K(631808K)->90320K(642048K)
[737.976s][info][gc,heap        ] GC(270) ParOldGen: 1147555K(1702912K)->1217211K(1702912K)
[737.976s][info][gc,metaspace   ] GC(270) Metaspace: 29036K(29440K)->29036K(29440K) NonClass: 24146K(24320K)->24146K(24320K) Class: 4889K(5120K)->4889K(5120K)
[737.976s][info][gc             ] GC(270) Pause Young (Allocation Failure) 2643M->1276M(3726M) 66.964ms
[737.976s][info][gc,cpu         ] GC(270) User=0.39s Sys=0.00s Real=0.07s
.........[746.669s][info][gc,start       ] GC(271) Pause Young (Allocation Failure)
[746.736s][info][gc,heap        ] GC(271) PSYoungGen: 1561296K(2113024K)->89280K(2122752K) Eden: 1470976K(1470976K)->0K(1529856K) From: 90320K(642048K)->89280K(592896K)
[746.736s][info][gc,heap        ] GC(271) ParOldGen: 1217211K(1702912K)->1286947K(1702912K)
[746.736s][info][gc,metaspace   ] GC(271) Metaspace: 29036K(29440K)->29036K(29440K) NonClass: 24146K(24320K)->24146K(24320K) Class: 4889K(5120K)->4889K(5120K)
[746.736s][info][gc             ] GC(271) Pause Young (Allocation Failure) 2713M->1343M(3736M) 66.934ms
[746.736s][info][gc,cpu         ] GC(271) User=0.39s Sys=0.00s Real=0.07s
.........[755.812s][info][gc,start       ] GC(272) Pause Young (Allocation Failure)
[755.881s][info][gc,heap        ] GC(272) PSYoungGen: 1619136K(2122752K)->93600K(2134528K) Eden: 1529856K(1529856K)->0K(1529856K) From: 89280K(592896K)->93600K(604672K)
[755.881s][info][gc,heap        ] GC(272) ParOldGen: 1286947K(1702912K)->1356307K(1702912K)
[755.881s][info][gc,metaspace   ] GC(272) Metaspace: 29036K(29440K)->29036K(29440K) NonClass: 24146K(24320K)->24146K(24320K) Class: 4889K(5120K)->4889K(5120K)
[755.881s][info][gc             ] GC(272) Pause Young (Allocation Failure) 2837M->1415M(3747M) 68.740ms
[755.881s][info][gc,cpu         ] GC(272) User=0.41s Sys=0.00s Real=0.07s
.........[764.957s][info][gc,start       ] GC(273) Pause Young (Allocation Failure)
[765.027s][info][gc,heap        ] GC(273) PSYoungGen: 1623456K(2134528K)->97524K(2155520K) Eden: 1529856K(1529856K)->0K(1608704K) From: 93600K(604672K)->97524K(546816K)
[765.027s][info][gc,heap        ] GC(273) ParOldGen: 1356307K(1702912K)->1428139K(1702912K)
[765.027s][info][gc,metaspace   ] GC(273) Metaspace: 29036K(29440K)->29036K(29440K) NonClass: 24147K(24320K)->24147K(24320K) Class: 4889K(5120K)->4889K(5120K)
[765.027s][info][gc             ] GC(273) Pause Young (Allocation Failure) 2909M->1489M(3768M) 70.268ms
[765.028s][info][gc,cpu         ] GC(273) User=0.42s Sys=0.00s Real=0.07s
..........[774.626s][info][gc,start       ] GC(274) Pause Young (Allocation Failure)
[774.696s][info][gc,heap        ] GC(274) PSYoungGen: 1706228K(2155520K)->98624K(2168320K) Eden: 1608704K(1608704K)->0K(1608704K) From: 97524K(546816K)->98624K(559616K)
[774.696s][info][gc,heap        ] GC(274) ParOldGen: 1428139K(1702912K)->1498651K(1702912K)
[774.696s][info][gc,metaspace   ] GC(274) Metaspace: 29041K(29440K)->29041K(29440K) NonClass: 24151K(24320K)->24151K(24320K) Class: 4889K(5120K)->4889K(5120K)
[774.696s][info][gc             ] GC(274) Pause Young (Allocation Failure) 3060M->1559M(3780M) 70.257ms
[774.696s][info][gc,cpu         ] GC(274) User=0.41s Sys=0.00s Real=0.07s
.........[784.275s][info][gc,start       ] GC(275) Pause Young (Allocation Failure)
[784.346s][info][gc,heap        ] GC(275) PSYoungGen: 1707328K(2168320K)->95840K(2201088K) Eden: 1608704K(1608704K)->0K(1700352K) From: 98624K(559616K)->95840K(500736K)
[784.346s][info][gc,heap        ] GC(275) ParOldGen: 1498651K(1702912K)->1572915K(1702912K)
[784.346s][info][gc,metaspace   ] GC(275) Metaspace: 29041K(29440K)->29041K(29440K) NonClass: 24151K(24320K)->24151K(24320K) Class: 4889K(5120K)->4889K(5120K)
[784.346s][info][gc             ] GC(275) Pause Young (Allocation Failure) 3130M->1629M(3812M) 70.975ms
[784.346s][info][gc,cpu         ] GC(275) User=0.42s Sys=0.00s Real=0.07s
...........[794.426s][info][gc,start       ] GC(276) Pause Young (Allocation Failure)
[794.499s][info][gc,heap        ] GC(276) PSYoungGen: 1796192K(2201088K)->101120K(2213376K) Eden: 1700352K(1700352K)->0K(1700352K) From: 95840K(500736K)->101120K(513024K)
[794.499s][info][gc,heap        ] GC(276) ParOldGen: 1572915K(1702912K)->1645443K(1702912K)
[794.499s][info][gc,metaspace   ] GC(276) Metaspace: 29041K(29440K)->29041K(29440K) NonClass: 24151K(24320K)->24151K(24320K) Class: 4889K(5120K)->4889K(5120K)
[794.499s][info][gc             ] GC(276) Pause Young (Allocation Failure) 3290M->1705M(3824M) 72.943ms
[794.499s][info][gc,cpu         ] GC(276) User=0.43s Sys=0.00s Real=0.07s
..........[804.599s][info][gc,start       ] GC(277) Pause Young (Allocation Failure)
[804.673s][info][gc,heap        ] GC(277) PSYoungGen: 1801472K(2213376K)->101888K(2248192K) Eden: 1700352K(1700352K)->0K(1793536K) From: 101120K(513024K)->101888K(454656K)
[804.673s][info][gc,heap        ] GC(277) ParOldGen: 1645443K(1702912K)->1722795K(1722880K)
[804.673s][info][gc,metaspace   ] GC(277) Metaspace: 29041K(29440K)->29041K(29440K) NonClass: 24151K(24320K)->24151K(24320K) Class: 4889K(5120K)->4889K(5120K)
[804.673s][info][gc             ] GC(277) Pause Young (Allocation Failure) 3366M->1781M(3878M) 74.026ms
[804.674s][info][gc,cpu         ] GC(277) User=0.44s Sys=0.00s Real=0.07s
..........[815.335s][info][gc,start       ] GC(278) Pause Young (Allocation Failure)
[815.415s][info][gc,heap        ] GC(278) PSYoungGen: 1895424K(2248192K)->105440K(2259968K) Eden: 1793536K(1793536K)->0K(1793536K) From: 101888K(454656K)->105440K(466432K)
[815.415s][info][gc,heap        ] GC(278) ParOldGen: 1722795K(1722880K)->1797995K(1798144K)
[815.415s][info][gc,metaspace   ] GC(278) Metaspace: 29041K(29440K)->29041K(29440K) NonClass: 24151K(24320K)->24151K(24320K) Class: 4889K(5120K)->4889K(5120K)
[815.415s][info][gc             ] GC(278) Pause Young (Allocation Failure) 3533M->1858M(3963M) 79.949ms
[815.415s][info][gc,cpu         ] GC(278) User=0.44s Sys=0.03s Real=0.08s
...........[825.995s][info][gc,start       ] GC(279) Pause Young (Allocation Failure)
[826.071s][info][gc,heap        ] GC(279) PSYoungGen: 1898976K(2259968K)->184288K(2308096K) Eden: 1793536K(1793536K)->0K(1886208K) From: 105440K(466432K)->184288K(421888K)
[826.071s][info][gc,heap        ] GC(279) ParOldGen: 1797995K(1798144K)->1797995K(1798144K)
[826.071s][info][gc,metaspace   ] GC(279) Metaspace: 29042K(29440K)->29042K(29440K) NonClass: 24152K(24320K)->24152K(24320K) Class: 4889K(5120K)->4889K(5120K)
[826.071s][info][gc             ] GC(279) Pause Young (Allocation Failure) 3610M->1935M(4010M) 76.295ms
[826.071s][info][gc,cpu         ] GC(279) User=0.45s Sys=0.00s Real=0.08s
...........[837.333s][info][gc,start       ] GC(280) Pause Young (Allocation Failure)
[837.431s][info][gc,heap        ] GC(280) PSYoungGen: 2070496K(2308096K)->250016K(2313216K) Eden: 1886208K(1886208K)->0K(1886208K) From: 184288K(421888K)->250016K(427008K)
[837.431s][info][gc,heap        ] GC(280) ParOldGen: 1797995K(1798144K)->1797995K(1798144K)
[837.431s][info][gc,metaspace   ] GC(280) Metaspace: 29042K(29440K)->29042K(29440K) NonClass: 24152K(24320K)->24152K(24320K) Class: 4889K(5120K)->4889K(5120K)
[837.431s][info][gc             ] GC(280) Pause Young (Allocation Failure) 3777M->2000M(4015M) 97.329ms
[837.431s][info][gc,cpu         ] GC(280) User=0.57s Sys=0.00s Real=0.10s
............[848.543s][info][gc,start       ] GC(281) Pause Young (Allocation Failure)
[848.656s][info][gc,heap        ] GC(281) PSYoungGen: 2136224K(2313216K)->296640K(2315264K) Eden: 1886208K(1886208K)->0K(1879552K) From: 250016K(427008K)->296640K(435712K)
[848.656s][info][gc,heap        ] GC(281) ParOldGen: 1797995K(1798144K)->1797995K(1798144K)
[848.656s][info][gc,metaspace   ] GC(281) Metaspace: 29042K(29440K)->29042K(29440K) NonClass: 24152K(24320K)->24152K(24320K) Class: 4889K(5120K)->4889K(5120K)
[848.656s][info][gc             ] GC(281) Pause Young (Allocation Failure) 3842M->2045M(4017M) 112.540ms
[848.656s][info][gc,cpu         ] GC(281) User=0.67s Sys=0.01s Real=0.11s
...........[859.598s][info][gc,start       ] GC(282) Pause Young (Allocation Failure)
[859.719s][info][gc,heap        ] GC(282) PSYoungGen: 2176192K(2315264K)->326656K(2206208K) Eden: 1879552K(1879552K)->0K(1879552K) From: 296640K(435712K)->326656K(326656K)
[859.719s][info][gc,heap        ] GC(282) ParOldGen: 1797995K(1798144K)->1797995K(1798144K)
[859.719s][info][gc,metaspace   ] GC(282) Metaspace: 29044K(29440K)->29044K(29440K) NonClass: 24154K(24320K)->24154K(24320K) Class: 4889K(5120K)->4889K(5120K)
[859.719s][info][gc             ] GC(282) Pause Young (Allocation Failure) 3881M->2074M(3910M) 121.379ms
[859.719s][info][gc,cpu         ] GC(282) User=0.71s Sys=0.01s Real=0.12s
......... (rIR:aIR:PR = 1384:1385:1385) (tPR = 20685) [OK] 
   868s: 
   868s: Building throughput-responsetime curve
   868s: ( 0%)   IR =      0 ...|............................................................ (rIR:aIR:PR = 0:0:0) (tPR = 0) [OK] 
   931s: Performance info:
         Transaction,    Success,    Partial,     Failed,   Receipts, AvgBarcode, 
         Response times:
             Request,    Success,    Partial,     Failed,   SkipFail,     Probes,    Samples,      min,      p50,      p90,      p95,      p99,      max, 

   931s: ( 1%)   IR =    138 ....|...................[954.590s][info][gc,start       ] GC(283) Pause Young (Allocation Failure)
[954.721s][info][gc,heap        ] GC(283) PSYoungGen: 2206208K(2206208K)->327452K(2268160K) Eden: 1879552K(1879552K)->0K(1782272K) From: 326656K(326656K)->327452K(485888K)
[954.721s][info][gc,heap        ] GC(283) ParOldGen: 1797995K(1798144K)->1823251K(1823744K)
[954.721s][info][gc,metaspace   ] GC(283) Metaspace: 29045K(29440K)->29045K(29440K) NonClass: 24155K(24320K)->24155K(24320K) Class: 4889K(5120K)->4889K(5120K)
[954.721s][info][gc             ] GC(283) Pause Young (Allocation Failure) 3910M->2100M(3996M) 131.258ms
[954.721s][info][gc,cpu         ] GC(283) User=0.76s Sys=0.02s Real=0.13s
......................................... (rIR:aIR:PR = 138:138:138) (tPR = 2037) [OK] 
   995s: Performance info:
         Transaction,    Success,    Partial,     Failed,   Receipts, AvgBarcode, 
             Overall,       8305,          0,          0,       7884,      59.46, 
         Response times:
             Request,    Success,    Partial,     Failed,   SkipFail,     Probes,    Samples,      min,      p50,      p90,      p95,      p99,      max, 
       TotalPurchase,       7884,          0,          0,          0,       7285,       8269,      300,      400,      500,      600,      700,   133000,
     InStorePurchase,       4154,          0,          0,          0,       3904,       4368,      300,      400,      500,      500,      700,   133000,
      OnlinePurchase,       2901,          0,          0,          0,       2672,       3023,      300,      400,      500,      600,      700,   133000,
        InstPurchase,        829,          0,          0,          0,        709,        878,      300,      500,      600,      600,      900,   133000,
          AssocOfCat,         10,          0,          0,          0,          8,          8,    15100,    19250,    24000,    24000,    24000,    24000,
      AssocOfProduct,         84,          0,          0,          0,         82,         88,      500,      600,      700,      700,      800,      800,
      BusinessReport,         22,          0,          0,          0,         19,         21,    17800,    24000,    28800,    29000,    29000,    29000,
          CustBuyBeh,         83,          0,          0,          0,         81,         87,      200,      200,      300,      360,      700,      700,
       ProductReturn,        222,          0,          0,          0,        153,        214,      200,      300,      300,      400,      585,      600,

   995s: ( 2%)   IR =    277 .....|....................[1021.494s][info][gc,start       ] GC(284) Pause Full (Diagnostic Command)
[1021.494s][info][gc,phases,start] GC(284) Marking Phase
[1021.769s][info][gc,phases      ] GC(284) Marking Phase 275.061ms
[1021.769s][info][gc,phases,start] GC(284) Summary Phase
[1021.769s][info][gc,phases      ] GC(284) Summary Phase 0.049ms
[1021.769s][info][gc,phases,start] GC(284) Forward
[1021.910s][info][gc,phases      ] GC(284) Forward 140.932ms
[1021.910s][info][gc,phases,start] GC(284) Adjust Pointers
[1022.102s][info][gc,phases      ] GC(284) Adjust Pointers 192.315ms
[1022.102s][info][gc,phases,start] GC(284) Compaction Phase
[1022.293s][info][gc,phases      ] GC(284) Compaction Phase 190.443ms
[1022.294s][info][gc,phases,start] GC(284) Post Compact
[1022.297s][info][gc,phases      ] GC(284) Post Compact 3.137ms
[1022.297s][info][gc,heap        ] GC(284) PSYoungGen: 1893217K(2268160K)->0K(2268160K) Eden: 1565765K(1782272K)->0K(1782272K) From: 327452K(485888K)->0K(485888K)
[1022.297s][info][gc,heap        ] GC(284) ParOldGen: 1823251K(1823744K)->1108619K(1823744K)
[1022.297s][info][gc,metaspace   ] GC(284) Metaspace: 29053K(29440K)->29053K(29440K) NonClass: 24164K(24320K)->24164K(24320K) Class: 4889K(5120K)->4889K(5120K)
[1022.297s][info][gc             ] GC(284) Pause Full (Diagnostic Command) 3629M->1082M(3996M) 803.279ms
[1022.297s][info][gc,cpu         ] GC(284) User=4.44s Sys=0.00s Real=0.80s
........................................ (rIR:aIR:PR = 277:277:277) (tPR = 4141) [OK] 
  1060s: Performance info:
         Transaction,    Success,    Partial,     Failed,   Receipts, AvgBarcode, 
             Overall,      16851,          0,          0,      16008,      59.48, 
         Response times:
             Request,    Success,    Partial,     Failed,   SkipFail,     Probes,    Samples,      min,      p50,      p90,      p95,      p99,      max, 
       TotalPurchase,      16008,          0,          0,          0,      14999,      16948,      300,      500,      700,      800,     4900,    12400,
     InStorePurchase,       8443,          0,          0,          0,       7974,       8947,      300,      500,      700,      800,     6600,    12400,
      OnlinePurchase,       5879,          0,          0,          0,       5515,       6235,      300,      500,      700,      800,     4900,    11900,
        InstPurchase,       1686,          0,          0,          0,       1510,       1766,      400,      500,      700,      800,     7700,    10100,
          AssocOfCat,         19,          0,          0,          0,         17,         18,    18100,    19600,    23200,    25000,    25000,    25000,
      AssocOfProduct,        169,          0,          0,          0,        115,        169,      500,      700,      800,      900,     1160,     1300,
      BusinessReport,         43,          0,          0,          0,         43,         45,    20000,    25000,    28000,    28700,    30000,    30000,
          CustBuyBeh,        166,          0,          0,          0,        131,        186,      200,      400,      530,      600,    10100,    10100,
       ProductReturn,        446,          0,          0,          0,        342,        441,      200,      300,      500,      600,      700,      800,

  1060s: ( 3%)   IR =    415 ....|.....[1070.576s][info][gc,start       ] GC(285) Pause Young (Allocation Failure)
[1070.625s][info][gc,heap        ] GC(285) PSYoungGen: 1782272K(2268160K)->105952K(2289152K) Eden: 1782272K(1782272K)->0K(1782272K) From: 0K(485888K)->105952K(506880K)
[1070.625s][info][gc,heap        ] GC(285) ParOldGen: 1108619K(1823744K)->1108619K(1823744K)
[1070.625s][info][gc,metaspace   ] GC(285) Metaspace: 29054K(29440K)->29054K(29440K) NonClass: 24164K(24320K)->24164K(24320K) Class: 4889K(5120K)->4889K(5120K)
[1070.625s][info][gc             ] GC(285) Pause Young (Allocation Failure) 2823M->1186M(4016M) 49.018ms
[1070.625s][info][gc,cpu         ] GC(285) User=0.28s Sys=0.00s Real=0.05s
...................................[1105.696s][info][gc,start       ] GC(286) Pause Young (Allocation Failure)
[1105.769s][info][gc,heap        ] GC(286) PSYoungGen: 1888224K(2289152K)->182720K(2225152K) Eden: 1782272K(1782272K)->0K(1795584K) From: 105952K(506880K)->182720K(429568K)
[1105.769s][info][gc,heap        ] GC(286) ParOldGen: 1108619K(1823744K)->1108619K(1823744K)
[1105.769s][info][gc,metaspace   ] GC(286) Metaspace: 29054K(29440K)->29054K(29440K) NonClass: 24164K(24320K)->24164K(24320K) Class: 4889K(5120K)->4889K(5120K)
[1105.769s][info][gc             ] GC(286) Pause Young (Allocation Failure) 2926M->1261M(3954M) 73.045ms
[1105.769s][info][gc,cpu         ] GC(286) User=0.43s Sys=0.00s Real=0.07s
.................... (rIR:aIR:PR = 415:416:416) (tPR = 6067) [OK] 
  1125s: Performance info:
         Transaction,    Success,    Partial,     Failed,   Receipts, AvgBarcode, 
             Overall,      24985,          0,          0,      23735,      59.51, 
         Response times:
             Request,    Success,    Partial,     Failed,   SkipFail,     Probes,    Samples,      min,      p50,      p90,      p95,      p99,      max, 
       TotalPurchase,      23735,          0,          0,          0,      22718,      24998,      300,      600,      800,      900,     1100,    75000,
     InStorePurchase,      12493,          0,          0,          0,      11927,      12942,      300,      500,      800,      900,     1100,    74000,
      OnlinePurchase,       8745,          0,          0,          0,       8432,       9327,      300,      600,      900,     1000,     1200,    75000,
        InstPurchase,       2497,          0,          0,          0,       2359,       2729,      300,      600,      900,     1000,     1200,     1500,
          AssocOfCat,         28,          0,          0,          0,         25,         26,    15500,    18450,    23000,    23000,    23000,    23000,
      AssocOfProduct,        251,          0,          0,          0,        179,        242,      500,      800,     1100,     1300,     1500,    51000,
      BusinessReport,         63,          0,          0,          0,         60,         66,    17300,    23000,    27300,    29300,    34000,    34000,
          CustBuyBeh,        249,          0,          0,          0,        184,        259,      200,      500,      700,      800,     1200,     1200,
       ProductReturn,        659,          0,          0,          0,        553,        723,      200,      500,      800,      800,     1076,     1400,

  1125s: ( 4%)   IR =    553 .....|......[1137.126s][info][gc,start       ] GC(287) Pause Young (Allocation Failure)
[1137.218s][info][gc,heap        ] GC(287) PSYoungGen: 1977555K(2225152K)->241952K(2260992K) Eden: 1794835K(1795584K)->0K(1795584K) From: 182720K(429568K)->241952K(465408K)
[1137.218s][info][gc,heap        ] GC(287) ParOldGen: 1108619K(1823744K)->1108619K(1823744K)
[1137.218s][info][gc,metaspace   ] GC(287) Metaspace: 29055K(29440K)->29055K(29440K) NonClass: 24166K(24320K)->24166K(24320K) Class: 4889K(5120K)->4889K(5120K)
[1137.218s][info][gc             ] GC(287) Pause Young (Allocation Failure) 3013M->1318M(3989M) 92.275ms
[1137.218s][info][gc,cpu         ] GC(287) User=0.54s Sys=0.00s Real=0.09s
...........................[1164.009s][info][gc,start       ] GC(288) Pause Young (Allocation Failure)
[1164.116s][info][gc,heap        ] GC(288) PSYoungGen: 2037536K(2260992K)->290832K(2322432K) Eden: 1795584K(1795584K)->0K(1866240K) From: 241952K(465408K)->290832K(456192K)
[1164.116s][info][gc,heap        ] GC(288) ParOldGen: 1108619K(1823744K)->1108619K(1823744K)
[1164.116s][info][gc,metaspace   ] GC(288) Metaspace: 29055K(29440K)->29055K(29440K) NonClass: 24166K(24320K)->24166K(24320K) Class: 4889K(5120K)->4889K(5120K)
[1164.116s][info][gc             ] GC(288) Pause Young (Allocation Failure) 3072M->1366M(4049M) 106.791ms
[1164.116s][info][gc,cpu         ] GC(288) User=0.64s Sys=0.00s Real=0.11s
........................... (rIR:aIR:PR = 553:553:553) (tPR = 8176) [OK] 
  1190s: Performance info:
         Transaction,    Success,    Partial,     Failed,   Receipts, AvgBarcode, 
             Overall,      33168,          0,          0,      31507,      59.47, 
         Response times:
             Request,    Success,    Partial,     Failed,   SkipFail,     Probes,    Samples,      min,      p50,      p90,      p95,      p99,      max, 
       TotalPurchase,      31507,          0,          0,          0,      30138,      33615,      300,      700,     1000,     1100,     1300,    94000,
     InStorePurchase,      16580,          0,          0,          0,      15905,      17604,      300,      700,     1000,     1100,     1300,    94000,
      OnlinePurchase,      11608,          0,          0,          0,      11124,      12397,      300,      700,     1000,     1100,     1300,     4400,
        InstPurchase,       3319,          0,          0,          0,       3109,       3614,      400,      700,     1000,     1100,     1300,     4700,
          AssocOfCat,         32,          0,          0,          0,         30,         34,    16300,    18750,    21000,    22250,    23000,    23000,
      AssocOfProduct,        330,          0,          0,          0,        261,        350,      500,     1000,     1300,     1400,     1649,     3300,
      BusinessReport,         84,          0,          0,          0,         83,         89,    18000,    23000,    28000,    29000,   133000,   133000,
          CustBuyBeh,        332,          0,          0,          0,        239,        320,      200,      600,      900,     1000,     1179,     1400,
       ProductReturn,        883,          0,          0,          0,        750,        918,      200,      700,     1000,     1100,     1381,     4700,

  1190s: ( 5%)   IR =    692 .[1191.617s][info][gc,start       ] GC(289) Pause Young (Allocation Failure)
[1191.735s][info][gc,heap        ] GC(289) PSYoungGen: 2157072K(2322432K)->322368K(2188800K) Eden: 1866240K(1866240K)->0K(1866240K) From: 290832K(456192K)->322368K(322560K)
[1191.735s][info][gc,heap        ] GC(289) ParOldGen: 1108619K(1823744K)->1108619K(1823744K)
[1191.735s][info][gc,metaspace   ] GC(289) Metaspace: 29056K(29440K)->29056K(29440K) NonClass: 24166K(24320K)->24166K(24320K) Class: 4889K(5120K)->4889K(5120K)
[1191.735s][info][gc             ] GC(289) Pause Young (Allocation Failure) 3189M->1397M(3918M) 117.645ms
[1191.735s][info][gc,cpu         ] GC(289) User=0.70s Sys=0.00s Real=0.12s
....|..................[1213.678s][info][gc,start       ] GC(290) Pause Young (Allocation Failure)
[1213.801s][info][gc,heap        ] GC(290) PSYoungGen: 2188608K(2188800K)->349008K(2271232K) Eden: 1866240K(1866240K)->0K(1789440K) From: 322368K(322560K)->349008K(481792K)
[1213.801s][info][gc,heap        ] GC(290) ParOldGen: 1108619K(1823744K)->1108619K(1823744K)
[1213.801s][info][gc,metaspace   ] GC(290) Metaspace: 29056K(29440K)->29056K(29440K) NonClass: 24166K(24320K)->24166K(24320K) Class: 4889K(5120K)->4889K(5120K)
[1213.801s][info][gc             ] GC(290) Pause Young (Allocation Failure) 3219M->1423M(3999M) 123.849ms
[1213.801s][info][gc,cpu         ] GC(290) User=0.74s Sys=0.00s Real=0.13s
.....................[1234.981s][info][gc,start       ] GC(291) Pause Young (Allocation Failure)
[1235.112s][info][gc,heap        ] GC(291) PSYoungGen: 2138448K(2271232K)->368384K(2158080K) Eden: 1789440K(1789440K)->0K(1789440K) From: 349008K(481792K)->368384K(368640K)
[1235.112s][info][gc,heap        ] GC(291) ParOldGen: 1108619K(1823744K)->1108619K(1823744K)
[1235.112s][info][gc,metaspace   ] GC(291) Metaspace: 29057K(29440K)->29057K(29440K) NonClass: 24167K(24320K)->24167K(24320K) Class: 4889K(5120K)->4889K(5120K)
[1235.112s][info][gc             ] GC(291) Pause Young (Allocation Failure) 3170M->1442M(3888M) 130.674ms
[1235.112s][info][gc,cpu         ] GC(291) User=0.78s Sys=0.00s Real=0.13s
..................... (rIR:aIR:PR = 692:692:692) (tPR = 10265) [OK] 
  1255s: Performance info:
         Transaction,    Success,    Partial,     Failed,   Receipts, AvgBarcode, 
             Overall,      41539,          0,          0,      39452,      59.49, 
         Response times:
             Request,    Success,    Partial,     Failed,   SkipFail,     Probes,    Samples,      min,      p50,      p90,      p95,      p99,      max, 
       TotalPurchase,      39451,          0,          0,          0,      37865,      41993,      300,      800,     1200,     1300,     1600,   133000,
     InStorePurchase,      20757,          0,          0,          0,      20107,      22137,      300,      800,     1200,     1300,     1600,   125000,
      OnlinePurchase,      14536,          0,          0,          0,      13903,      15439,      300,      800,     1200,     1300,     1600,   133000,
        InstPurchase,       4158,          0,          0,          0,       3855,       4417,      400,      800,     1200,     1300,     1700,   126000,
          AssocOfCat,         42,          0,          0,          0,         40,         44,    15500,    18650,    21000,    22750,    23000,    23000,
      AssocOfProduct,        416,          0,          0,          0,        326,        415,      400,      900,     1300,     1400,     4368,   133000,
      BusinessReport,        104,          0,          0,          0,         95,        112,    18000,    23000,    28000,    29350,    35740,    36000,
          CustBuyBeh,        417,          0,          0,          0,        317,        401,      200,      600,      900,     1100,     1200,     1400,
       ProductReturn,       1108,          0,          0,          0,        972,       1174,      200,      500,      900,     1025,     1525,     3500,

  1255s: ( 6%)   IR =    830 [1256.051s][info][gc,start       ] GC(292) Pause Young (Allocation Failure)
[1256.185s][info][gc,heap        ] GC(292) PSYoungGen: 2157824K(2158080K)->383248K(2223104K) Eden: 1789440K(1789440K)->0K(1696256K) From: 368384K(368640K)->383248K(526848K)
[1256.185s][info][gc,heap        ] GC(292) ParOldGen: 1108619K(1823744K)->1108619K(1823744K)
[1256.185s][info][gc,metaspace   ] GC(292) Metaspace: 29058K(29440K)->29058K(29440K) NonClass: 24168K(24320K)->24168K(24320K) Class: 4889K(5120K)->4889K(5120K)
[1256.185s][info][gc             ] GC(292) Pause Young (Allocation Failure) 3189M->1456M(3952M) 134.493ms
[1256.185s][info][gc,cpu         ] GC(292) User=0.80s Sys=0.00s Real=0.13s
.....|............[1272.868s][info][gc,start       ] GC(293) Pause Young (Allocation Failure)
[1273.006s][info][gc,heap        ] GC(293) PSYoungGen: 2079504K(2223104K)->393456K(2089984K) Eden: 1696256K(1696256K)->0K(1696256K) From: 383248K(526848K)->393456K(393728K)
[1273.006s][info][gc,heap        ] GC(293) ParOldGen: 1108619K(1823744K)->1108619K(1823744K)
[1273.006s][info][gc,metaspace   ] GC(293) Metaspace: 29058K(29440K)->29058K(29440K) NonClass: 24168K(24320K)->24168K(24320K) Class: 4889K(5120K)->4889K(5120K)
[1273.006s][info][gc             ] GC(293) Pause Young (Allocation Failure) 3113M->1466M(3822M) 137.812ms
[1273.006s][info][gc,cpu         ] GC(293) User=0.82s Sys=0.00s Real=0.14s
.................[1289.590s][info][gc,start       ] GC(294) Pause Young (Allocation Failure)
[1289.731s][info][gc,heap        ] GC(294) PSYoungGen: 2089712K(2089984K)->402672K(2188800K) Eden: 1696256K(1696256K)->0K(1618432K) From: 393456K(393728K)->402672K(570368K)
[1289.731s][info][gc,heap        ] GC(294) ParOldGen: 1108619K(1823744K)->1108619K(1823744K)
[1289.731s][info][gc,metaspace   ] GC(294) Metaspace: 29058K(29440K)->29058K(29440K) NonClass: 24168K(24320K)->24168K(24320K) Class: 4889K(5120K)->4889K(5120K)
[1289.731s][info][gc             ] GC(294) Pause Young (Allocation Failure) 3123M->1475M(3918M) 141.111ms
[1289.731s][info][gc,cpu         ] GC(294) User=0.85s Sys=0.00s Real=0.14s
................[1305.672s][info][gc,start       ] GC(295) Pause Young (Allocation Failure)
[1305.814s][info][gc,heap        ] GC(295) PSYoungGen: 2021104K(2188800K)->408192K(2027008K) Eden: 1618432K(1618432K)->0K(1618432K) From: 402672K(570368K)->408192K(408576K)
[1305.814s][info][gc,heap        ] GC(295) ParOldGen: 1108619K(1823744K)->1108619K(1823744K)
[1305.814s][info][gc,metaspace   ] GC(295) Metaspace: 29058K(29440K)->29058K(29440K) NonClass: 24168K(24320K)->24168K(24320K) Class: 4889K(5120K)->4889K(5120K)
[1305.814s][info][gc             ] GC(295) Pause Young (Allocation Failure) 3056M->1481M(3760M) 141.642ms
[1305.814s][info][gc,cpu         ] GC(295) User=0.84s Sys=0.00s Real=0.14s
............... (rIR:aIR:PR = 830:830:830) (tPR = 12303) [OK] 
  1320s: Performance info:
         Transaction,    Success,    Partial,     Failed,   Receipts, AvgBarcode, 
             Overall,      49849,          0,          0,      47355,      59.49, 
         Response times:
             Request,    Success,    Partial,     Failed,   SkipFail,     Probes,    Samples,      min,      p50,      p90,      p95,      p99,      max, 
       TotalPurchase,      47355,          0,          0,          0,      45534,      50489,      300,      900,     1300,     1500,     1900,   144000,
     InStorePurchase,      24934,          0,          0,          0,      24151,      26651,      300,      900,     1300,     1400,     1900,   139000,
      OnlinePurchase,      17439,          0,          0,          0,      16759,      18565,      300,      900,     1300,     1400,     1900,   139000,
        InstPurchase,       4982,          0,          0,          0,       4624,       5273,      400,     1000,     1400,     1500,     2000,   144000,
          AssocOfCat,         49,          0,          0,          0,         49,         54,    15700,    18650,    21500,    23250,    34000,    34000,
      AssocOfProduct,        498,          0,          0,          0,        410,        521,      600,     1200,     1600,     1700,     2078,     5500,
      BusinessReport,        126,          0,          0,          0,         94,        151,    17800,    23000,    29000,    32800,   164480,   165000,
          CustBuyBeh,        498,          0,          0,          0,        404,        543,      200,      800,     1200,     1400,     1756,     5100,
       ProductReturn,       1323,          0,          0,          0,       1187,       1466,      200,      700,     1100,     1200,     1500,     3700,

  1320s: ( 7%)   IR =    969 [1321.334s][info][gc,start       ] GC(296) Pause Young (Allocation Failure)
[1321.478s][info][gc,heap        ] GC(296) PSYoungGen: 2026624K(2027008K)->414464K(2166784K) Eden: 1618432K(1618432K)->0K(1563136K) From: 408192K(408576K)->414464K(603648K)
[1321.478s][info][gc,heap        ] GC(296) ParOldGen: 1108619K(1823744K)->1108619K(1823744K)
[1321.478s][info][gc,metaspace   ] GC(296) Metaspace: 29061K(29440K)->29061K(29440K) NonClass: 24171K(24320K)->24171K(24320K) Class: 4889K(5120K)->4889K(5120K)
[1321.479s][info][gc             ] GC(296) Pause Young (Allocation Failure) 3061M->1487M(3897M) 144.449ms
[1321.479s][info][gc,cpu         ] GC(296) User=0.86s Sys=0.00s Real=0.14s
.[1322.430s][info][gc,start       ] GC(297) Pause Full (Diagnostic Command)
[1322.430s][info][gc,phases,start] GC(297) Marking Phase
[1322.697s][info][gc,phases      ] GC(297) Marking Phase 266.274ms
[1322.697s][info][gc,phases,start] GC(297) Summary Phase
[1322.697s][info][gc,phases      ] GC(297) Summary Phase 0.028ms
[1322.697s][info][gc,phases,start] GC(297) Forward
[1322.822s][info][gc,phases      ] GC(297) Forward 125.509ms
[1322.822s][info][gc,phases,start] GC(297) Adjust Pointers
[1322.997s][info][gc,phases      ] GC(297) Adjust Pointers 175.067ms
[1322.997s][info][gc,phases,start] GC(297) Compaction Phase
[1323.160s][info][gc,phases      ] GC(297) Compaction Phase 162.126ms
[1323.162s][info][gc,phases,start] GC(297) Post Compact
[1323.163s][info][gc,phases      ] GC(297) Post Compact 1.581ms
[1323.163s][info][gc,heap        ] GC(297) PSYoungGen: 539535K(2166784K)->0K(2166784K) Eden: 125071K(1563136K)->0K(1563136K) From: 414464K(603648K)->0K(603648K)
[1323.163s][info][gc,heap        ] GC(297) ParOldGen: 1108619K(1823744K)->1111802K(1823744K)
[1323.163s][info][gc,metaspace   ] GC(297) Metaspace: 29061K(29440K)->29061K(29440K) NonClass: 24171K(24320K)->24171K(24320K) Class: 4889K(5120K)->4889K(5120K)
[1323.163s][info][gc             ] GC(297) Pause Full (Diagnostic Command) 1609M->1085M(3897M) 732.933ms
[1323.163s][info][gc,cpu         ] GC(297) User=4.05s Sys=0.00s Real=0.73s
...........|..[1335.703s][info][gc,start       ] GC(298) Pause Young (Allocation Failure)
[1335.746s][info][gc,heap        ] GC(298) PSYoungGen: 1563136K(2166784K)->92512K(1655808K) Eden: 1563136K(1563136K)->0K(1563136K) From: 0K(603648K)->92512K(92672K)
[1335.746s][info][gc,heap        ] GC(298) ParOldGen: 1111802K(1823744K)->1111802K(1823744K)
[1335.746s][info][gc,metaspace   ] GC(298) Metaspace: 29061K(29440K)->29061K(29440K) NonClass: 24171K(24320K)->24171K(24320K) Class: 4889K(5120K)->4889K(5120K)
[1335.746s][info][gc             ] GC(298) Pause Young (Allocation Failure) 2612M->1176M(3398M) 43.078ms
[1335.746s][info][gc,cpu         ] GC(298) User=0.25s Sys=0.00s Real=0.04s
.............[1348.977s][info][gc,start       ] GC(299) Pause Young (Allocation Failure)
[1349.043s][info][gc,heap        ] GC(299) PSYoungGen: 1655648K(1655808K)->164224K(2185728K) Eden: 1563136K(1563136K)->0K(1563136K) From: 92512K(92672K)->164224K(622592K)
[1349.043s][info][gc,heap        ] GC(299) ParOldGen: 1111802K(1823744K)->1111802K(1823744K)
[1349.043s][info][gc,metaspace   ] GC(299) Metaspace: 29061K(29440K)->29061K(29440K) NonClass: 24171K(24320K)->24171K(24320K) Class: 4889K(5120K)->4889K(5120K)
[1349.043s][info][gc             ] GC(299) Pause Young (Allocation Failure) 2702M->1246M(3915M) 65.967ms
[1349.043s][info][gc,cpu         ] GC(299) User=0.39s Sys=0.00s Real=0.07s
.............[1361.953s][info][gc,start       ] GC(300) Pause Young (Allocation Failure)
[1362.040s][info][gc,heap        ] GC(300) PSYoungGen: 1727360K(2185728K)->224404K(1787904K) Eden: 1563136K(1563136K)->0K(1563136K) From: 164224K(622592K)->224404K(224768K)
[1362.040s][info][gc,heap        ] GC(300) ParOldGen: 1111802K(1823744K)->1111802K(1823744K)
[1362.040s][info][gc,metaspace   ] GC(300) Metaspace: 29061K(29440K)->29061K(29440K) NonClass: 24171K(24320K)->24171K(24320K) Class: 4889K(5120K)->4889K(5120K)
[1362.040s][info][gc             ] GC(300) Pause Young (Allocation Failure) 2772M->1304M(3527M) 86.580ms
[1362.040s][info][gc,cpu         ] GC(300) User=0.52s Sys=0.00s Real=0.09s
..............[1375.291s][info][gc,start       ] GC(301) Pause Young (Allocation Failure)
[1375.390s][info][gc,heap        ] GC(301) PSYoungGen: 1787540K(1787904K)->265024K(2178560K) Eden: 1563136K(1563136K)->0K(1593344K) From: 224404K(224768K)->265024K(585216K)
[1375.390s][info][gc,heap        ] GC(301) ParOldGen: 1111802K(1823744K)->1111802K(1823744K)
[1375.390s][info][gc,metaspace   ] GC(301) Metaspace: 29061K(29440K)->29061K(29440K) NonClass: 24171K(24320K)->24171K(24320K) Class: 4889K(5120K)->4889K(5120K)
[1375.390s][info][gc             ] GC(301) Pause Young (Allocation Failure) 2831M->1344M(3908M) 98.267ms
[1375.390s][info][gc,cpu         ] GC(301) User=0.58s Sys=0.01s Real=0.10s
.............[1388.800s][info][gc,start       ] GC(302) Pause Young (Allocation Failure)
[1388.909s][info][gc,heap        ] GC(302) PSYoungGen: 1858368K(2178560K)->300576K(2148352K) Eden: 1593344K(1593344K)->0K(1593344K) From: 265024K(585216K)->300576K(555008K)
[1388.909s][info][gc,heap        ] GC(302) ParOldGen: 1111802K(1823744K)->1111802K(1823744K)
[1388.909s][info][gc,metaspace   ] GC(302) Metaspace: 29061K(29440K)->29061K(29440K) NonClass: 24171K(24320K)->24171K(24320K) Class: 4889K(5120K)->4889K(5120K)
[1388.909s][info][gc             ] GC(302) Pause Young (Allocation Failure) 2900M->1379M(3879M) 109.296ms
[1388.909s][info][gc,cpu         ] GC(302) User=0.65s Sys=0.00s Real=0.11s
..... (rIR:aIR:PR = 969:969:969) (tPR = 14458) [OK] 
  1392s: Performance info:
         Transaction,    Success,    Partial,     Failed,   Receipts, AvgBarcode, 
             Overall,      58143,          0,          0,      55249,      59.46, 
         Response times:
             Request,    Success,    Partial,     Failed,   SkipFail,     Probes,    Samples,      min,      p50,      p90,      p95,      p99,      max, 
       TotalPurchase,      55249,          0,          0,          0,      53059,      65988,      300,     1000,     1500,     1700,     4600,   112000,
     InStorePurchase,      29069,          0,          0,          0,      27910,      34564,      300,     1000,     1500,     1700,     4200,   112000,
      OnlinePurchase,      20356,          0,          0,          0,      19605,      24429,      300,     1000,     1500,     1700,     4600,   112000,
        InstPurchase,       5824,          0,          0,          0,       5544,       6995,      400,     1100,     1500,     1700,    22000,   112000,
          AssocOfCat,         57,          0,          0,          0,         55,         69,    15300,    18500,    22000,    23500,    43000,    43000,
      AssocOfProduct,        580,          0,          0,          0,        473,        687,      500,     1200,     1600,     1760,     3924,   111000,
      BusinessReport,        145,          0,          0,          0,        110,        173,    18400,    23000,    30000,    33300,   129520,   168000,
          CustBuyBeh,        581,          0,          0,          0,        479,        704,      200,     1000,     1500,     1700,    18900,   111000,
       ProductReturn,       1531,          0,          0,          0,       1360,       1828,      200,      900,     1300,     1500,     2100,     7200,

  1392s: ( 8%)   IR =   1107 .....|..[1401.097s][info][gc,start       ] GC(303) Pause Young (Allocation Failure)
[1401.216s][info][gc,heap        ] GC(303) PSYoungGen: 1893920K(2148352K)->328096K(2199552K) Eden: 1593344K(1593344K)->0K(1661952K) From: 300576K(555008K)->328096K(537600K)
[1401.216s][info][gc,heap        ] GC(303) ParOldGen: 1111802K(1823744K)->1111802K(1823744K)
[1401.216s][info][gc,metaspace   ] GC(303) Metaspace: 29062K(29440K)->29062K(29440K) NonClass: 24172K(24320K)->24172K(24320K) Class: 4889K(5120K)->4889K(5120K)
[1401.216s][info][gc             ] GC(303) Pause Young (Allocation Failure) 2935M->1406M(3929M) 119.386ms
[1401.216s][info][gc,cpu         ] GC(303) User=0.71s Sys=0.00s Real=0.12s
.............[1413.684s][info][gc,start       ] GC(304) Pause Young (Allocation Failure)
[1413.810s][info][gc,heap        ] GC(304) PSYoungGen: 1990048K(2199552K)->350816K(2193408K) Eden: 1661952K(1661952K)->0K(1661952K) From: 328096K(537600K)->350816K(531456K)
[1413.810s][info][gc,heap        ] GC(304) ParOldGen: 1111802K(1823744K)->1111802K(1823744K)
[1413.810s][info][gc,metaspace   ] GC(304) Metaspace: 29062K(29440K)->29062K(29440K) NonClass: 24172K(24320K)->24172K(24320K) Class: 4889K(5120K)->4889K(5120K)
[1413.810s][info][gc             ] GC(304) Pause Young (Allocation Failure) 3029M->1428M(3923M) 126.520ms
[1413.810s][info][gc,cpu         ] GC(304) User=0.75s Sys=0.00s Real=0.13s
............[1426.017s][info][gc,start       ] GC(305) Pause Young (Allocation Failure)
[1426.147s][info][gc,heap        ] GC(305) PSYoungGen: 2012768K(2193408K)->368384K(2250752K) Eden: 1661952K(1661952K)->0K(1717760K) From: 350816K(531456K)->368384K(532992K)
[1426.147s][info][gc,heap        ] GC(305) ParOldGen: 1111802K(1823744K)->1111802K(1823744K)
[1426.147s][info][gc,metaspace   ] GC(305) Metaspace: 29062K(29440K)->29062K(29440K) NonClass: 24172K(24320K)->24172K(24320K) Class: 4889K(5120K)->4889K(5120K)
[1426.147s][info][gc             ] GC(305) Pause Young (Allocation Failure) 3051M->1445M(3979M) 130.222ms
[1426.147s][info][gc,cpu         ] GC(305) User=0.77s Sys=0.00s Real=0.13s
.............[1438.917s][info][gc,start       ] GC(306) Pause Young (Allocation Failure)
[1439.054s][info][gc,heap        ] GC(306) PSYoungGen: 2086144K(2250752K)->383424K(2101248K) Eden: 1717760K(1717760K)->0K(1717760K) From: 368384K(532992K)->383424K(383488K)
[1439.054s][info][gc,heap        ] GC(306) ParOldGen: 1111802K(1823744K)->1111802K(1823744K)
[1439.054s][info][gc,metaspace   ] GC(306) Metaspace: 29063K(29440K)->29063K(29440K) NonClass: 24173K(24320K)->24173K(24320K) Class: 4889K(5120K)->4889K(5120K)
[1439.054s][info][gc             ] GC(306) Pause Young (Allocation Failure) 3122M->1460M(3833M) 136.772ms
[1439.054s][info][gc,cpu         ] GC(306) User=0.81s Sys=0.00s Real=0.14s
.............[1451.662s][info][gc,start       ] GC(307) Pause Young (Allocation Failure)
[1451.803s][info][gc,heap        ] GC(307) PSYoungGen: 2101184K(2101248K)->393088K(2230784K) Eden: 1717760K(1717760K)->0K(1682944K) From: 383424K(383488K)->393088K(547840K)
[1451.803s][info][gc,heap        ] GC(307) ParOldGen: 1111802K(1823744K)->1111802K(1823744K)
[1451.803s][info][gc,metaspace   ] GC(307) Metaspace: 29063K(29440K)->29063K(29440K) NonClass: 24173K(24320K)->24173K(24320K) Class: 4889K(5120K)->4889K(5120K)
[1451.803s][info][gc             ] GC(307) Pause Young (Allocation Failure) 3137M->1469M(3959M) 140.246ms
[1451.803s][info][gc,cpu         ] GC(307) User=0.83s Sys=0.00s Real=0.14s
....... (rIR:aIR:PR = 1107:1107:1107) (tPR = 16329) [OK] 
  1457s: Performance info:
         Transaction,    Success,    Partial,     Failed,   Receipts, AvgBarcode, 
             Overall,      66474,          0,          0,      63168,      59.47, 
         Response times:
             Request,    Success,    Partial,     Failed,   SkipFail,     Probes,    Samples,      min,      p50,      p90,      p95,      p99,      max, 
       TotalPurchase,      63168,          0,          0,          0,      60950,      67244,      300,     1100,     1600,     1800,     2900,   143000,
     InStorePurchase,      33275,          0,          0,          0,      32275,      35500,      300,     1100,     1600,     1800,     3000,   142000,
      OnlinePurchase,      23257,          0,          0,          0,      22417,      24664,      300,     1100,     1600,     1800,     2800,   143000,
        InstPurchase,       6636,          0,          0,          0,       6258,       7080,      400,     1200,     1600,     1800,     3600,   139000,
          AssocOfCat,         67,          0,          0,          0,         62,         70,    15600,    19200,    23900,    25450,    32000,    32000,
      AssocOfProduct,        657,          0,          0,          0,        567,        732,      400,     1000,     1400,     1535,     1800,     2700,
      BusinessReport,        166,          0,          0,          0,        130,        172,    17900,    24000,    29000,    30000,   157970,   166000,
          CustBuyBeh,        663,          0,          0,          0,        565,        723,      200,      900,     1400,     1600,     1800,     2200,
       ProductReturn,       1753,          0,          0,          0,       1560,       1852,      200,     1300,     1700,     1900,     5429,   125000,

  1457s: ( 9%)   IR =   1245 ....|.[1463.509s][info][gc,start       ] GC(308) Pause Young (Allocation Failure)
[1463.653s][info][gc,heap        ] GC(308) PSYoungGen: 2076032K(2230784K)->400992K(2084352K) Eden: 1682944K(1682944K)->0K(1682944K) From: 393088K(547840K)->400992K(401408K)
[1463.653s][info][gc,heap        ] GC(308) ParOldGen: 1111802K(1823744K)->1111802K(1823744K)
[1463.653s][info][gc,metaspace   ] GC(308) Metaspace: 29066K(29440K)->29066K(29440K) NonClass: 24176K(24320K)->24176K(24320K) Class: 4889K(5120K)->4889K(5120K)
[1463.653s][info][gc             ] GC(308) Pause Young (Allocation Failure) 3113M->1477M(3816M) 143.856ms
[1463.653s][info][gc,cpu         ] GC(308) User=0.85s Sys=0.00s Real=0.15s
...........[1474.616s][info][gc,start       ] GC(309) Pause Young (Allocation Failure)
[1474.759s][info][gc,heap        ] GC(309) PSYoungGen: 2083936K(2084352K)->407648K(2215424K) Eden: 1682944K(1682944K)->0K(1650176K) From: 400992K(401408K)->407648K(565248K)
[1474.759s][info][gc,heap        ] GC(309) ParOldGen: 1111802K(1823744K)->1111802K(1823744K)
[1474.759s][info][gc,metaspace   ] GC(309) Metaspace: 29066K(29440K)->29066K(29440K) NonClass: 24176K(24320K)->24176K(24320K) Class: 4889K(5120K)->4889K(5120K)
[1474.759s][info][gc             ] GC(309) Pause Young (Allocation Failure) 3120M->1483M(3944M) 143.093ms
[1474.759s][info][gc,cpu         ] GC(309) User=0.85s Sys=0.00s Real=0.14s
...........[1485.621s][info][gc,start       ] GC(310) Pause Young (Allocation Failure)
[1485.766s][info][gc,heap        ] GC(310) PSYoungGen: 2057824K(2215424K)->413490K(2063872K) Eden: 1650176K(1650176K)->0K(1650176K) From: 407648K(565248K)->413490K(413696K)
[1485.766s][info][gc,heap        ] GC(310) ParOldGen: 1111802K(1823744K)->1111802K(1823744K)
[1485.766s][info][gc,metaspace   ] GC(310) Metaspace: 29066K(29440K)->29066K(29440K) NonClass: 24176K(24320K)->24176K(24320K) Class: 4889K(5120K)->4889K(5120K)
[1485.766s][info][gc             ] GC(310) Pause Young (Allocation Failure) 3095M->1489M(3796M) 145.573ms
[1485.767s][info][gc,cpu         ] GC(310) User=0.86s Sys=0.00s Real=0.14s
...........[1496.628s][info][gc,start       ] GC(311) Pause Young (Allocation Failure)
[1496.772s][info][gc,heap        ] GC(311) PSYoungGen: 2063666K(2063872K)->412928K(2209280K) Eden: 1650176K(1650176K)->0K(1629696K) From: 413490K(413696K)->412928K(579584K)
[1496.772s][info][gc,heap        ] GC(311) ParOldGen: 1111802K(1823744K)->1115850K(1823744K)
[1496.772s][info][gc,metaspace   ] GC(311) Metaspace: 29066K(29440K)->29066K(29440K) NonClass: 24176K(24320K)->24176K(24320K) Class: 4889K(5120K)->4889K(5120K)
[1496.772s][info][gc             ] GC(311) Pause Young (Allocation Failure) 3101M->1492M(3938M) 144.499ms
[1496.772s][info][gc,cpu         ] GC(311) User=0.86s Sys=0.00s Real=0.15s
..........[1507.253s][info][gc,start       ] GC(312) Pause Young (Allocation Failure)
[1507.401s][info][gc,heap        ] GC(312) PSYoungGen: 2042624K(2209280K)->409760K(2212864K) Eden: 1629696K(1629696K)->0K(1629696K) From: 412928K(579584K)->409760K(583168K)
[1507.401s][info][gc,heap        ] GC(312) ParOldGen: 1115850K(1823744K)->1124034K(1823744K)
[1507.401s][info][gc,metaspace   ] GC(312) Metaspace: 29066K(29440K)->29066K(29440K) NonClass: 24176K(24320K)->24176K(24320K) Class: 4889K(5120K)->4889K(5120K)
[1507.401s][info][gc             ] GC(312) Pause Young (Allocation Failure) 3084M->1497M(3942M) 147.584ms
[1507.401s][info][gc,cpu         ] GC(312) User=0.88s Sys=0.00s Real=0.15s
...........[1517.840s][info][gc,start       ] GC(313) Pause Young (Allocation Failure)
[1517.988s][info][gc,heap        ] GC(313) PSYoungGen: 2039456K(2212864K)->404480K(2205696K) Eden: 1629696K(1629696K)->0K(1629696K) From: 409760K(583168K)->404480K(576000K)
[1517.988s][info][gc,heap        ] GC(313) ParOldGen: 1124034K(1823744K)->1134002K(1823744K)
[1517.988s][info][gc,metaspace   ] GC(313) Metaspace: 29066K(29440K)->29066K(29440K) NonClass: 24176K(24320K)->24176K(24320K) Class: 4889K(5120K)->4889K(5120K)
[1517.988s][info][gc             ] GC(313) Pause Young (Allocation Failure) 3089M->1502M(3935M) 147.290ms
[1517.988s][info][gc,cpu         ] GC(313) User=0.87s Sys=0.00s Real=0.14s
..... (rIR:aIR:PR = 1245:1245:1245) (tPR = 18393) [OK] 
  1522s: Performance info:
         Transaction,    Success,    Partial,     Failed,   Receipts, AvgBarcode, 
             Overall,      74887,          0,          0,      71149,      59.47, 
         Response times:
             Request,    Success,    Partial,     Failed,   SkipFail,     Probes,    Samples,      min,      p50,      p90,      p95,      p99,      max, 
       TotalPurchase,      71149,          0,          0,          0,      68565,      74297,      300,     1200,     1800,     1900,     4300,   152000,
     InStorePurchase,      37450,          0,          0,          0,      36186,      39116,      300,     1200,     1700,     1900,     3400,   152000,
      OnlinePurchase,      26224,          0,          0,          0,      25299,      27385,      300,     1200,     1800,     1900,     5200,   152000,
        InstPurchase,       7475,          0,          0,          0,       7080,       7796,      400,     1400,     1800,     2000,     6300,   149000,
          AssocOfCat,         75,          0,          0,          0,         69,         78,    15900,    18900,    24000,    24250,   173000,   173000,
      AssocOfProduct,        746,          0,          0,          0,        639,        796,      600,     1600,     2030,     2300,     7500,   151000,
      BusinessReport,        189,          0,          0,          0,        147,        211,    18400,    25000,    30000,    31000,    37400,    39000,
          CustBuyBeh,        738,          0,          0,          0,        642,        772,      100,      700,     1300,     1500,     1900,   145000,
       ProductReturn,       1990,          0,          0,          0,       1803,       2101,      200,      900,     1500,     1700,     5400,   150000,

  1522s: (10%)   IR =   1384 .....[1528.087s][info][gc,start       ] GC(314) Pause Young (Allocation Failure)
[1528.233s][info][gc,heap        ] GC(314) PSYoungGen: 2034176K(2205696K)->396832K(2209280K) Eden: 1629696K(1629696K)->0K(1629696K) From: 404480K(576000K)->396832K(579584K)
[1528.233s][info][gc,heap        ] GC(314) ParOldGen: 1134002K(1823744K)->1147618K(1823744K)
[1528.233s][info][gc,metaspace   ] GC(314) Metaspace: 29066K(29440K)->29066K(29440K) NonClass: 24176K(24320K)->24176K(24320K) Class: 4889K(5120K)->4889K(5120K)
[1528.233s][info][gc             ] GC(314) Pause Young (Allocation Failure) 3093M->1508M(3938M) 145.446ms
[1528.233s][info][gc,cpu         ] GC(314) User=0.86s Sys=0.01s Real=0.15s
.|.........[1537.750s][info][gc,start       ] GC(315) Pause Young (Allocation Failure)
[1537.895s][info][gc,heap        ] GC(315) PSYoungGen: 2026528K(2209280K)->384768K(2195968K) Eden: 1629696K(1629696K)->0K(1644544K) From: 396832K(579584K)->384768K(551424K)
[1537.895s][info][gc,heap        ] GC(315) ParOldGen: 1147618K(1823744K)->1166282K(1823744K)
[1537.895s][info][gc,metaspace   ] GC(315) Metaspace: 29066K(29440K)->29066K(29440K) NonClass: 24176K(24320K)->24176K(24320K) Class: 4889K(5120K)->4889K(5120K)
[1537.895s][info][gc             ] GC(315) Pause Young (Allocation Failure) 3099M->1514M(3925M) 144.987ms
[1537.895s][info][gc,cpu         ] GC(315) User=0.86s Sys=0.00s Real=0.14s
..........[1547.472s][info][gc,start       ] GC(316) Pause Young (Allocation Failure)
[1547.612s][info][gc,heap        ] GC(316) PSYoungGen: 2029312K(2195968K)->372288K(2204160K) Eden: 1644544K(1644544K)->0K(1644544K) From: 384768K(551424K)->372288K(559616K)
[1547.612s][info][gc,heap        ] GC(316) ParOldGen: 1166282K(1823744K)->1189946K(1823744K)
[1547.612s][info][gc,metaspace   ] GC(316) Metaspace: 29066K(29440K)->29066K(29440K) NonClass: 24176K(24320K)->24176K(24320K) Class: 4889K(5120K)->4889K(5120K)
[1547.612s][info][gc             ] GC(316) Pause Young (Allocation Failure) 3120M->1525M(3933M) 139.695ms
[1547.612s][info][gc,cpu         ] GC(316) User=0.83s Sys=0.00s Real=0.14s
.........[1557.249s][info][gc,start       ] GC(317) Pause Young (Allocation Failure)
[1557.388s][info][gc,heap        ] GC(317) PSYoungGen: 2016832K(2204160K)->359412K(2210816K) Eden: 1644544K(1644544K)->0K(1693184K) From: 372288K(559616K)->359412K(517632K)
[1557.388s][info][gc,heap        ] GC(317) ParOldGen: 1189946K(1823744K)->1220162K(1823744K)
[1557.388s][info][gc,metaspace   ] GC(317) Metaspace: 29066K(29440K)->29066K(29440K) NonClass: 24176K(24320K)->24176K(24320K) Class: 4889K(5120K)->4889K(5120K)
[1557.388s][info][gc             ] GC(317) Pause Young (Allocation Failure) 3131M->1542M(3940M) 138.526ms
[1557.388s][info][gc,cpu         ] GC(317) User=0.82s Sys=0.01s Real=0.14s
..........[1567.387s][info][gc,start       ] GC(318) Pause Young (Allocation Failure)
[1567.519s][info][gc,heap        ] GC(318) PSYoungGen: 2052596K(2210816K)->335264K(2219520K) Eden: 1693184K(1693184K)->0K(1693184K) From: 359412K(517632K)->335264K(526336K)
[1567.519s][info][gc,heap        ] GC(318) ParOldGen: 1220162K(1823744K)->1257002K(1823744K)
[1567.519s][info][gc,metaspace   ] GC(318) Metaspace: 29066K(29440K)->29066K(29440K) NonClass: 24176K(24320K)->24176K(24320K) Class: 4889K(5120K)->4889K(5120K)
[1567.519s][info][gc             ] GC(318) Pause Young (Allocation Failure) 3196M->1554M(3948M) 132.398ms
[1567.519s][info][gc,cpu         ] GC(318) User=0.79s Sys=0.01s Real=0.14s
..........[1577.327s][info][gc,start       ] GC(319) Pause Young (Allocation Failure)
[1577.458s][info][gc,heap        ] GC(319) PSYoungGen: 2028448K(2219520K)->312800K(2257920K) Eden: 1693184K(1693184K)->0K(1754624K) From: 335264K(526336K)->312800K(503296K)
[1577.458s][info][gc,heap        ] GC(319) ParOldGen: 1257002K(1823744K)->1303842K(1823744K)
[1577.458s][info][gc,metaspace   ] GC(319) Metaspace: 29066K(29440K)->29066K(29440K) NonClass: 24176K(24320K)->24176K(24320K) Class: 4889K(5120K)->4889K(5120K)
[1577.458s][info][gc             ] GC(319) Pause Young (Allocation Failure) 3208M->1578M(3986M) 131.338ms
[1577.458s][info][gc,cpu         ] GC(319) User=0.78s Sys=0.00s Real=0.13s
...........[1587.779s][info][gc,start       ] GC(320) Pause Young (Allocation Failure)
[1587.902s][info][gc,heap        ] GC(320) PSYoungGen: 2067424K(2257920K)->277216K(2262528K) Eden: 1754624K(1754624K)->0K(1754624K) From: 312800K(503296K)->277216K(507904K)
[1587.902s][info][gc,heap        ] GC(320) ParOldGen: 1303842K(1823744K)->1363290K(1823744K)
[1587.902s][info][gc,metaspace   ] GC(320) Metaspace: 29066K(29440K)->29066K(29440K) NonClass: 24176K(24320K)->24176K(24320K) Class: 4889K(5120K)->4889K(5120K)
[1587.902s][info][gc             ] GC(320) Pause Young (Allocation Failure) 3292M->1602M(3990M) 123.246ms
[1587.902s][info][gc,cpu         ] GC(320) User=0.73s Sys=0.00s Real=0.13s
. (rIR:aIR:PR = 1384:1384:1384) (tPR = 20517) [OK] 
  1588s: Performance info:
         Transaction,    Success,    Partial,     Failed,   Receipts, AvgBarcode, 
             Overall,      83221,          0,          0,      79044,      59.46, 
         Response times:
             Request,    Success,    Partial,     Failed,   SkipFail,     Probes,    Samples,      min,      p50,      p90,      p95,      p99,      max, 
       TotalPurchase,      79044,          0,          0,          0,      76674,      85969,      300,     1300,     1900,     2100,     4400,   150000,
     InStorePurchase,      41593,          0,          0,          0,      40487,      45262,      300,     1300,     1900,     2100,     4800,   150000,
      OnlinePurchase,      29123,          0,          0,          0,      28263,      31688,      300,     1300,     1900,     2100,     4400,   150000,
        InstPurchase,       8328,          0,          0,          0,       7924,       9019,      400,     1200,     1900,     2100,     3500,   148000,
          AssocOfCat,         83,          0,          0,          0,         81,         89,    15100,    19200,    24000,    25000,    30000,    30000,
      AssocOfProduct,        838,          0,          0,          0,        707,        910,      500,     1500,     2100,     2300,     3589,   141000,
      BusinessReport,        208,          0,          0,          0,        144,        215,    18200,    25000,    30000,    32200,   152800,   173000,
          CustBuyBeh,        834,          0,          0,          0,        703,        892,      200,     1200,     1900,     2100,    11000,   141000,
       ProductReturn,       2214,          0,          0,          0,       2018,       2414,      200,     1400,     1900,     2100,     5200,   142000,

  1588s: (11%)   IR =   1522 ......|..[1597.298s][info][gc,start       ] GC(321) Pause Young (Allocation Failure)
[1597.414s][info][gc,heap        ] GC(321) PSYoungGen: 2031840K(2262528K)->236704K(2283008K) Eden: 1754624K(1754624K)->0K(1777152K) From: 277216K(507904K)->236704K(505856K)
[1597.414s][info][gc,heap        ] GC(321) ParOldGen: 1363290K(1823744K)->1440946K(1823744K)
[1597.414s][info][gc,metaspace   ] GC(321) Metaspace: 29071K(29440K)->29071K(29440K) NonClass: 24181K(24320K)->24181K(24320K) Class: 4889K(5120K)->4889K(5120K)
[1597.414s][info][gc             ] GC(321) Pause Young (Allocation Failure) 3315M->1638M(4010M) 115.538ms
[1597.414s][info][gc,cpu         ] GC(321) User=0.68s Sys=0.00s Real=0.12s
..........[1606.869s][info][gc,start       ] GC(322) Pause Young (Allocation Failure)
[1606.978s][info][gc,heap        ] GC(322) PSYoungGen: 2013856K(2283008K)->185796K(1963008K) Eden: 1777152K(1777152K)->0K(1777152K) From: 236704K(505856K)->185796K(185856K)
[1606.978s][info][gc,heap        ] GC(322) ParOldGen: 1440946K(1823744K)->1541946K(1823744K)
[1606.978s][info][gc,metaspace   ] GC(322) Metaspace: 29071K(29440K)->29071K(29440K) NonClass: 24181K(24320K)->24181K(24320K) Class: 4889K(5120K)->4889K(5120K)
[1606.978s][info][gc             ] GC(322) Pause Young (Allocation Failure) 3373M->1687M(3698M) 108.834ms
[1606.978s][info][gc,cpu         ] GC(322) User=0.64s Sys=0.00s Real=0.11s
.........[1616.456s][info][gc,start       ] GC(323) Pause Young (Allocation Failure)
[1616.549s][info][gc,heap        ] GC(323) PSYoungGen: 1962948K(1963008K)->105632K(2243584K) Eden: 1777152K(1777152K)->0K(1725952K) From: 185796K(185856K)->105632K(517632K)
[1616.549s][info][gc,heap        ] GC(323) ParOldGen: 1541946K(1823744K)->1678482K(1823744K)
[1616.549s][info][gc,metaspace   ] GC(323) Metaspace: 29071K(29440K)->29071K(29440K) NonClass: 24181K(24320K)->24181K(24320K) Class: 4889K(5120K)->4889K(5120K)
[1616.549s][info][gc             ] GC(323) Pause Young (Allocation Failure) 3422M->1742M(3972M) 92.672ms
[1616.549s][info][gc,cpu         ] GC(323) User=0.55s Sys=0.00s Real=0.09s
.......[1623.322s][info][gc,start       ] GC(324) Pause Full (Diagnostic Command)
[1623.322s][info][gc,phases,start] GC(324) Marking Phase
[1623.597s][info][gc,phases      ] GC(324) Marking Phase 274.529ms
[1623.597s][info][gc,phases,start] GC(324) Summary Phase
[1623.597s][info][gc,phases      ] GC(324) Summary Phase 0.045ms
[1623.597s][info][gc,phases,start] GC(324) Forward
[1623.735s][info][gc,phases      ] GC(324) Forward 138.074ms
[1623.735s][info][gc,phases,start] GC(324) Adjust Pointers
[1623.926s][info][gc,phases      ] GC(324) Adjust Pointers 190.956ms
[1623.926s][info][gc,phases,start] GC(324) Compaction Phase
[1624.084s][info][gc,phases      ] GC(324) Compaction Phase 157.504ms
[1624.086s][info][gc,phases,start] GC(324) Post Compact
[1624.089s][info][gc,phases      ] GC(324) Post Compact 2.697ms
[1624.089s][info][gc,heap        ] GC(324) PSYoungGen: 1391537K(2243584K)->0K(2243584K) Eden: 1285905K(1725952K)->0K(1725952K) From: 105632K(517632K)->0K(517632K)
[1624.089s][info][gc,heap        ] GC(324) ParOldGen: 1678482K(1823744K)->1116133K(1823744K)
[1624.089s][info][gc,metaspace   ] GC(324) Metaspace: 29071K(29440K)->29071K(29440K) NonClass: 24181K(24320K)->24181K(24320K) Class: 4889K(5120K)->4889K(5120K)
[1624.089s][info][gc             ] GC(324) Pause Full (Diagnostic Command) 2998M->1089M(3972M) 766.401ms
[1624.089s][info][gc,cpu         ] GC(324) User=4.18s Sys=0.00s Real=0.76s
.........[1632.729s][info][gc,start       ] GC(325) Pause Young (Allocation Failure)
[1632.777s][info][gc,heap        ] GC(325) PSYoungGen: 1725952K(2243584K)->103232K(1829376K) Eden: 1725952K(1725952K)->0K(1725952K) From: 0K(517632K)->103232K(103424K)
[1632.777s][info][gc,heap        ] GC(325) ParOldGen: 1116133K(1823744K)->1116133K(1823744K)
[1632.777s][info][gc,metaspace   ] GC(325) Metaspace: 29071K(29440K)->29071K(29440K) NonClass: 24181K(24320K)->24181K(24320K) Class: 4889K(5120K)->4889K(5120K)
[1632.777s][info][gc             ] GC(325) Pause Young (Allocation Failure) 2775M->1190M(3567M) 47.835ms
[1632.777s][info][gc,cpu         ] GC(325) User=0.29s Sys=0.00s Real=0.04s
.........[1641.954s][info][gc,start       ] GC(326) Pause Young (Allocation Failure)
[1642.024s][info][gc,heap        ] GC(326) PSYoungGen: 1829184K(1829376K)->100576K(2242560K) Eden: 1725952K(1725952K)->0K(1697280K) From: 103232K(103424K)->100576K(545280K)
[1642.024s][info][gc,heap        ] GC(326) ParOldGen: 1116133K(1823744K)->1193885K(1823744K)
[1642.024s][info][gc,metaspace   ] GC(326) Metaspace: 29071K(29440K)->29071K(29440K) NonClass: 24181K(24320K)->24181K(24320K) Class: 4889K(5120K)->4889K(5120K)
[1642.024s][info][gc             ] GC(326) Pause Young (Allocation Failure) 2876M->1264M(3971M) 70.696ms
[1642.024s][info][gc,cpu         ] GC(326) User=0.42s Sys=0.00s Real=0.07s
.........[1651.101s][info][gc,start       ] GC(327) Pause Young (Allocation Failure)
[1651.172s][info][gc,heap        ] GC(327) PSYoungGen: 1797856K(2242560K)->101376K(2246656K) Eden: 1697280K(1697280K)->0K(1697280K) From: 100576K(545280K)->101376K(549376K)
[1651.172s][info][gc,heap        ] GC(327) ParOldGen: 1193885K(1823744K)->1269269K(1823744K)
[1651.172s][info][gc,metaspace   ] GC(327) Metaspace: 29071K(29440K)->29071K(29440K) NonClass: 24181K(24320K)->24181K(24320K) Class: 4889K(5120K)->4889K(5120K)
[1651.172s][info][gc             ] GC(327) Pause Young (Allocation Failure) 2921M->1338M(3975M) 70.976ms
[1651.172s][info][gc,cpu         ] GC(327) User=0.41s Sys=0.00s Real=0.07s
..... (rIR:aIR:PR = 1522:1522:1522) (tPR = 22586) [OK] 
  1654s: Performance info:
         Transaction,    Success,    Partial,     Failed,   Receipts, AvgBarcode, 
             Overall,      92301,          0,          0,      87685,      59.49, 
         Response times:
             Request,    Success,    Partial,     Failed,   SkipFail,     Probes,    Samples,      min,      p50,      p90,      p95,      p99,      max, 
       TotalPurchase,      87685,          0,          0,          0,      84662,      94923,      300,     1400,     2100,     2300,    28000,   126000,
     InStorePurchase,      46129,          0,          0,          0,      44866,      50078,      300,     1400,     2100,     2300,    31000,   126000,
      OnlinePurchase,      32318,          0,          0,          0,      31019,      34745,      300,     1400,     2100,     2300,    28000,   118000,
        InstPurchase,       9238,          0,          0,          0,       8777,      10100,      400,     1300,     2000,     2200,    26000,    87000,
          AssocOfCat,         93,          0,          0,          0,         84,        100,    15600,    19700,    25000,    31000,   109730,   110000,
      AssocOfProduct,        928,          0,          0,          0,        784,       1008,      800,     1900,     2400,     2600,    13010,    81000,
      BusinessReport,        230,          0,          0,          0,        161,        235,    18200,    25000,    31000,    33200,    96760,   140000,
          CustBuyBeh,        921,          0,          0,          0,        801,        993,      200,     1200,     1800,     2100,    62000,    71000,
       ProductReturn,       2444,          0,          0,          0,       2238,       2680,      200,     1400,     2000,     2200,    60000,    78000,

  1654s: (12%)   IR =   1660 ....[1659.746s][info][gc,start       ] GC(328) Pause Young (Allocation Failure)
[1659.817s][info][gc,heap        ] GC(328) PSYoungGen: 1798656K(2246656K)->175968K(2209280K) Eden: 1697280K(1697280K)->0K(1698816K) From: 101376K(549376K)->175968K(510464K)
[1659.817s][info][gc,heap        ] GC(328) ParOldGen: 1269269K(1823744K)->1269269K(1823744K)
[1659.817s][info][gc,metaspace   ] GC(328) Metaspace: 29071K(29440K)->29071K(29440K) NonClass: 24181K(24320K)->24181K(24320K) Class: 4889K(5120K)->4889K(5120K)
[1659.817s][info][gc             ] GC(328) Pause Young (Allocation Failure) 2996M->1411M(3938M) 71.200ms
[1659.817s][info][gc,cpu         ] GC(328) User=0.42s Sys=0.00s Real=0.07s
...|......[1668.211s][info][gc,start       ] GC(329) Pause Young (Allocation Failure)
[1668.300s][info][gc,heap        ] GC(329) PSYoungGen: 1874784K(2209280K)->234816K(2228736K) Eden: 1698816K(1698816K)->0K(1698816K) From: 175968K(510464K)->234816K(529920K)
[1668.300s][info][gc,heap        ] GC(329) ParOldGen: 1269269K(1823744K)->1269269K(1823744K)
[1668.300s][info][gc,metaspace   ] GC(329) Metaspace: 29071K(29440K)->29071K(29440K) NonClass: 24181K(24320K)->24181K(24320K) Class: 4889K(5120K)->4889K(5120K)
[1668.300s][info][gc             ] GC(329) Pause Young (Allocation Failure) 3070M->1468M(3957M) 89.522ms
[1668.300s][info][gc,cpu         ] GC(329) User=0.53s Sys=0.00s Real=0.09s
........[1676.553s][info][gc,start       ] GC(330) Pause Young (Allocation Failure)
[1676.655s][info][gc,heap        ] GC(330) PSYoungGen: 1933632K(2228736K)->232384K(2224640K) Eden: 1698816K(1698816K)->0K(1764352K) From: 234816K(529920K)->232384K(460288K)
[1676.655s][info][gc,heap        ] GC(330) ParOldGen: 1269269K(1823744K)->1314885K(1823744K)
[1676.655s][info][gc,metaspace   ] GC(330) Metaspace: 29071K(29440K)->29071K(29440K) NonClass: 24181K(24320K)->24181K(24320K) Class: 4889K(5120K)->4889K(5120K)
[1676.655s][info][gc             ] GC(330) Pause Young (Allocation Failure) 3127M->1511M(3953M) 102.331ms
[1676.655s][info][gc,cpu         ] GC(330) User=0.61s Sys=0.00s Real=0.10s
.........[1685.330s][info][gc,start       ] GC(331) Pause Young (Allocation Failure)
[1685.435s][info][gc,heap        ] GC(331) PSYoungGen: 1996736K(2224640K)->237544K(2241024K) Eden: 1764352K(1764352K)->0K(1764352K) From: 232384K(460288K)->237544K(476672K)
[1685.435s][info][gc,heap        ] GC(331) ParOldGen: 1314885K(1823744K)->1359405K(1823744K)
[1685.435s][info][gc,metaspace   ] GC(331) Metaspace: 29071K(29440K)->29071K(29440K) NonClass: 24181K(24320K)->24181K(24320K) Class: 4889K(5120K)->4889K(5120K)
[1685.435s][info][gc             ] GC(331) Pause Young (Allocation Failure) 3234M->1559M(3969M) 105.218ms
[1685.435s][info][gc,cpu         ] GC(331) User=0.63s Sys=0.00s Real=0.10s
.........[1694.231s][info][gc,start       ] GC(332) Pause Young (Allocation Failure)
[1694.336s][info][gc,heap        ] GC(332) PSYoungGen: 2001896K(2241024K)->239488K(2284544K) Eden: 1764352K(1764352K)->0K(1866240K) From: 237544K(476672K)->239488K(418304K)
[1694.336s][info][gc,heap        ] GC(332) ParOldGen: 1359405K(1823744K)->1403765K(1823744K)
[1694.336s][info][gc,metaspace   ] GC(332) Metaspace: 29071K(29440K)->29071K(29440K) NonClass: 24181K(24320K)->24181K(24320K) Class: 4889K(5120K)->4889K(5120K)
[1694.336s][info][gc             ] GC(332) Pause Young (Allocation Failure) 3282M->1604M(4012M) 104.929ms
[1694.336s][info][gc,cpu         ] GC(332) User=0.62s Sys=0.00s Real=0.10s
.........[1703.240s][info][gc,start       ] GC(333) Pause Young (Allocation Failure)
[1703.349s][info][gc,heap        ] GC(333) PSYoungGen: 2105728K(2284544K)->188512K(2298368K) Eden: 1866240K(1866240K)->0K(1866240K) From: 239488K(418304K)->188512K(432128K)
[1703.349s][info][gc,heap        ] GC(333) ParOldGen: 1403765K(1823744K)->1505293K(1823744K)
[1703.349s][info][gc,metaspace   ] GC(333) Metaspace: 29071K(29440K)->29071K(29440K) NonClass: 24181K(24320K)->24181K(24320K) Class: 4889K(5120K)->4889K(5120K)
[1703.349s][info][gc             ] GC(333) Pause Young (Allocation Failure) 3427M->1654M(4025M) 109.135ms
[1703.349s][info][gc,cpu         ] GC(333) User=0.64s Sys=0.00s Real=0.10s
.........[1712.608s][info][gc,start       ] GC(334) Pause Young (Allocation Failure)
[1712.706s][info][gc,heap        ] GC(334) PSYoungGen: 2054752K(2298368K)->113028K(2363904K) Eden: 1866240K(1866240K)->0K(1943040K) From: 188512K(432128K)->113028K(420864K)
[1712.706s][info][gc,heap        ] GC(334) ParOldGen: 1505293K(1823744K)->1642101K(1823744K)
[1712.706s][info][gc,metaspace   ] GC(334) Metaspace: 29071K(29440K)->29071K(29440K) NonClass: 24181K(24320K)->24181K(24320K) Class: 4889K(5120K)->4889K(5120K)
[1712.706s][info][gc             ] GC(334) Pause Young (Allocation Failure) 3476M->1713M(4089M) 97.514ms
[1712.706s][info][gc,cpu         ] GC(334) User=0.58s Sys=0.00s Real=0.10s
.........[1722.182s][info][gc,start       ] GC(335) Pause Young (Allocation Failure)
[1722.262s][info][gc,heap        ] GC(335) PSYoungGen: 2056068K(2363904K)->118265K(2365952K) Eden: 1943040K(1943040K)->0K(1943040K) From: 113028K(420864K)->118265K(422912K)
[1722.262s][info][gc,heap        ] GC(335) ParOldGen: 1642101K(1823744K)->1721701K(1823744K)
[1722.262s][info][gc,metaspace   ] GC(335) Metaspace: 29071K(29440K)->29071K(29440K) NonClass: 24181K(24320K)->24181K(24320K) Class: 4889K(5120K)->4889K(5120K)
[1722.262s][info][gc             ] GC(335) Pause Young (Allocation Failure) 3611M->1796M(4091M) 80.208ms
[1722.262s][info][gc,cpu         ] GC(335) User=0.48s Sys=0.00s Real=0.08s
. (rIR:aIR:PR = 1660:1659:1659) (tPR = 24567) [OK] 
  1721s: Performance info:
         Transaction,    Success,    Partial,     Failed,   Receipts, AvgBarcode, 
             Overall,      99640,          0,          0,      94653,      59.48, 
         Response times:
             Request,    Success,    Partial,     Failed,   SkipFail,     Probes,    Samples,      min,      p50,      p90,      p95,      p99,      max, 
       TotalPurchase,      94653,          0,          0,          0,      91698,     103798,      300,     1500,     2200,     2400,     3600,   120000,
     InStorePurchase,      49847,          0,          0,          0,      48482,      54572,      300,     1500,     2200,     2400,     3700,   110000,
      OnlinePurchase,      34851,          0,          0,          0,      33767,      38252,      300,     1500,     2200,     2400,     3500,   109000,
        InstPurchase,       9955,          0,          0,          0,       9449,      10974,      400,     1300,     2100,     2300,     3400,   120000,
          AssocOfCat,         98,          0,          0,          0,         95,        108,    15800,    19800,    25000,    30200,   131820,   132000,
      AssocOfProduct,        999,          0,          0,          0,        878,       1080,      400,     1600,     2400,     2600,     3938,   105000,
      BusinessReport,        250,          0,          0,          0,        186,        271,    18600,    25000,    32000,    35400,    72960,   139000,
          CustBuyBeh,       1001,          0,          0,          0,        892,       1162,      200,     1600,     2200,     2400,     3874,    10500,
       ProductReturn,       2639,          0,          0,          0,       2425,       2922,      200,     1400,     2100,     2300,     3577,    11100,

  1721s: (13%)   IR =   1799 .....|...[1731.087s][info][gc,start       ] GC(336) Pause Young (Allocation Failure)
[1731.165s][info][gc,heap        ] GC(336) PSYoungGen: 2061305K(2365952K)->116960K(2363392K) Eden: 1943040K(1943040K)->0K(1952768K) From: 118265K(422912K)->116960K(410624K)
[1731.165s][info][gc,heap        ] GC(336) ParOldGen: 1721701K(1823744K)->1802685K(1823744K)
[1731.165s][info][gc,metaspace   ] GC(336) Metaspace: 29073K(29440K)->29073K(29440K) NonClass: 24184K(24320K)->24184K(24320K) Class: 4889K(5120K)->4889K(5120K)
[1731.165s][info][gc             ] GC(336) Pause Young (Allocation Failure) 3694M->1874M(4089M) 78.219ms
[1731.166s][info][gc,cpu         ] GC(336) User=0.47s Sys=0.00s Real=0.08s
.........[1739.941s][info][gc,start       ] GC(337) Pause Young (Allocation Failure)
[1740.022s][info][gc,heap        ] GC(337) PSYoungGen: 2069728K(2363392K)->113440K(2368000K) Eden: 1952768K(1952768K)->0K(1952768K) From: 116960K(410624K)->113440K(415232K)
[1740.022s][info][gc,heap        ] GC(337) ParOldGen: 1802685K(1823744K)->1884453K(1884672K)
[1740.022s][info][gc,metaspace   ] GC(337) Metaspace: 29073K(29440K)->29073K(29440K) NonClass: 24184K(24320K)->24184K(24320K) Class: 4889K(5120K)->4889K(5120K)
[1740.022s][info][gc             ] GC(337) Pause Young (Allocation Failure) 3781M->1951M(4153M) 80.760ms
[1740.022s][info][gc,cpu         ] GC(337) User=0.46s Sys=0.02s Real=0.08s
.........[1748.977s][info][gc,start       ] GC(338) Pause Young (Allocation Failure)
[1749.059s][info][gc,heap        ] GC(338) PSYoungGen: 2066208K(2368000K)->114816K(2364928K) Eden: 1952768K(1952768K)->0K(1971712K) From: 113440K(415232K)->114816K(393216K)
[1749.059s][info][gc,heap        ] GC(338) ParOldGen: 1884453K(1884672K)->1966381K(1966592K)
[1749.059s][info][gc,metaspace   ] GC(338) Metaspace: 29073K(29440K)->29073K(29440K) NonClass: 24184K(24320K)->24184K(24320K) Class: 4889K(5120K)->4889K(5120K)
[1749.060s][info][gc             ] GC(338) Pause Young (Allocation Failure) 3858M->2032M(4230M) 82.432ms
[1749.060s][info][gc,cpu         ] GC(338) User=0.45s Sys=0.03s Real=0.09s
.........[1757.935s][info][gc,start       ] GC(339) Pause Young (Allocation Failure)
[1758.017s][info][gc,heap        ] GC(339) PSYoungGen: 2086528K(2364928K)->113856K(2372096K) Eden: 1971712K(1971712K)->0K(1971712K) From: 114816K(393216K)->113856K(400384K)
[1758.017s][info][gc,heap        ] GC(339) ParOldGen: 1966381K(1966592K)->2048397K(2048512K)
[1758.017s][info][gc,metaspace   ] GC(339) Metaspace: 29073K(29440K)->29073K(29440K) NonClass: 24184K(24320K)->24184K(24320K) Class: 4889K(5120K)->4889K(5120K)
[1758.017s][info][gc             ] GC(339) Pause Young (Allocation Failure) 3957M->2111M(4317M) 82.215ms
[1758.017s][info][gc,cpu         ] GC(339) User=0.46s Sys=0.02s Real=0.08s
.........[1766.852s][info][gc,start       ] GC(340) Pause Young (Allocation Failure)
[1766.939s][info][gc,heap        ] GC(340) PSYoungGen: 2085568K(2372096K)->117184K(2376192K) Eden: 1971712K(1971712K)->0K(2004480K) From: 113856K(400384K)->117184K(371712K)
[1766.939s][info][gc,heap        ] GC(340) ParOldGen: 2048397K(2048512K)->2130517K(2130944K)
[1766.939s][info][gc,metaspace   ] GC(340) Metaspace: 29075K(29440K)->29075K(29440K) NonClass: 24186K(24320K)->24186K(24320K) Class: 4889K(5120K)->4889K(5120K)
[1766.939s][info][gc             ] GC(340) Pause Young (Allocation Failure) 4037M->2195M(4401M) 86.858ms
[1766.939s][info][gc,cpu         ] GC(340) User=0.48s Sys=0.02s Real=0.08s
.........[1776.020s][info][gc,start       ] GC(341) Pause Young (Allocation Failure)
[1776.109s][info][gc,heap        ] GC(341) PSYoungGen: 2121664K(2376192K)->116096K(2384896K) Eden: 2004480K(2004480K)->0K(2004480K) From: 117184K(371712K)->116096K(380416K)
[1776.109s][info][gc,heap        ] GC(341) ParOldGen: 2130517K(2130944K)->2216174K(2216448K)
[1776.109s][info][gc,metaspace   ] GC(341) Metaspace: 29075K(29440K)->29075K(29440K) NonClass: 24186K(24320K)->24186K(24320K) Class: 4889K(5120K)->4889K(5120K)
[1776.109s][info][gc             ] GC(341) Pause Young (Allocation Failure) 4152M->2277M(4493M) 88.393ms
[1776.109s][info][gc,cpu         ] GC(341) User=0.49s Sys=0.02s Real=0.08s
.........[1785.125s][info][gc,start       ] GC(342) Pause Young (Allocation Failure)
[1785.209s][info][gc,heap        ] GC(342) PSYoungGen: 2120576K(2384896K)->114784K(2396160K) Eden: 2004480K(2004480K)->0K(2046976K) From: 116096K(380416K)->114784K(349184K)
[1785.209s][info][gc,heap        ] GC(342) ParOldGen: 2216174K(2216448K)->2299390K(2299392K)
[1785.209s][info][gc,metaspace   ] GC(342) Metaspace: 29075K(29440K)->29075K(29440K) NonClass: 24186K(24320K)->24186K(24320K) Class: 4889K(5120K)->4889K(5120K)
[1785.209s][info][gc             ] GC(342) Pause Young (Allocation Failure) 4235M->2357M(4585M) 83.722ms
[1785.209s][info][gc,cpu         ] GC(342) User=0.47s Sys=0.02s Real=0.08s
... (rIR:aIR:PR = 1799:1798:1798) (tPR = 26846) [OK] 
  1786s: Performance info:
         Transaction,    Success,    Partial,     Failed,   Receipts, AvgBarcode, 
             Overall,     107941,          0,          0,     102533,      59.47, 
         Response times:
             Request,    Success,    Partial,     Failed,   SkipFail,     Probes,    Samples,      min,      p50,      p90,      p95,      p99,      max, 
       TotalPurchase,     102533,          0,          0,          0,      99921,     109638,      300,     1600,     2300,     2500,     3400,    94000,
     InStorePurchase,      53970,          0,          0,          0,      52583,      57464,      300,     1600,     2300,     2500,     3500,    94000,
      OnlinePurchase,      37791,          0,          0,          0,      36870,      40444,      300,     1500,     2300,     2500,     3400,    91000,
        InstPurchase,      10772,          0,          0,          0,      10468,      11730,      400,     1600,     2300,     2500,     3400,    90000,
          AssocOfCat,        107,          0,          0,          0,        105,        114,    15400,    19500,    24000,    25250,    28550,    29000,
      AssocOfProduct,       1073,          0,          0,          0,        932,       1161,      500,     1400,     2000,     2300,     3700,    90000,
      BusinessReport,        271,          0,          0,          0,        213,        300,    18100,    25000,    31000,    33000,    39000,   108000,
          CustBuyBeh,       1083,          0,          0,          0,        943,       1144,      600,     1500,     2100,     2300,     5340,    85000,
       ProductReturn,       2875,          0,          0,          0,       2626,       3009,      200,      600,     2000,     2300,     2900,    10600,

  1786s: (14%)   IR =   1937 ......[1794.003s][info][gc,start       ] GC(343) Pause Young (Allocation Failure)
[1794.089s][info][gc,heap        ] GC(343) PSYoungGen: 2161760K(2396160K)->118848K(2404352K) Eden: 2046976K(2046976K)->0K(2046976K) From: 114784K(349184K)->118848K(357376K)
[1794.089s][info][gc,heap        ] GC(343) ParOldGen: 2299390K(2299392K)->2380486K(2380800K)
[1794.089s][info][gc,metaspace   ] GC(343) Metaspace: 29079K(29440K)->29079K(29440K) NonClass: 24189K(24320K)->24189K(24320K) Class: 4889K(5120K)->4889K(5120K)
[1794.089s][info][gc             ] GC(343) Pause Young (Allocation Failure) 4356M->2440M(4673M) 85.624ms
[1794.089s][info][gc,cpu         ] GC(343) User=0.48s Sys=0.02s Real=0.08s
.|........[1802.662s][info][gc,start       ] GC(344) Pause Young (Allocation Failure)
[1802.747s][info][gc,heap        ] GC(344) PSYoungGen: 2165824K(2404352K)->116384K(2419200K) Eden: 2046976K(2046976K)->0K(2093568K) From: 118848K(357376K)->116384K(325632K)
[1802.747s][info][gc,heap        ] GC(344) ParOldGen: 2380486K(2380800K)->2465262K(2465280K)
[1802.747s][info][gc,metaspace   ] GC(344) Metaspace: 29081K(29440K)->29081K(29440K) NonClass: 24191K(24320K)->24191K(24320K) Class: 4889K(5120K)->4889K(5120K)
[1802.747s][info][gc             ] GC(344) Pause Young (Allocation Failure) 4439M->2521M(4770M) 85.304ms
[1802.747s][info][gc,cpu         ] GC(344) User=0.47s Sys=0.04s Real=0.08s
.........[1811.383s][info][gc,start       ] GC(345) Pause Young (Allocation Failure)
[1811.469s][info][gc,heap        ] GC(345) PSYoungGen: 2209952K(2419200K)->120128K(2426880K) Eden: 2093568K(2093568K)->0K(2093568K) From: 116384K(325632K)->120128K(333312K)
[1811.469s][info][gc,heap        ] GC(345) ParOldGen: 2465262K(2465280K)->2548566K(2548736K)
[1811.469s][info][gc,metaspace   ] GC(345) Metaspace: 29081K(29440K)->29081K(29440K) NonClass: 24191K(24320K)->24191K(24320K) Class: 4889K(5120K)->4889K(5120K)
[1811.469s][info][gc             ] GC(345) Pause Young (Allocation Failure) 4565M->2606M(4859M) 86.051ms
[1811.469s][info][gc,cpu         ] GC(345) User=0.48s Sys=0.02s Real=0.08s
.........[1820.405s][info][gc,start       ] GC(346) Pause Young (Allocation Failure)
[1820.496s][info][gc,heap        ] GC(346) PSYoungGen: 2213696K(2426880K)->126841K(2441216K) Eden: 2093568K(2093568K)->0K(2142208K) From: 120128K(333312K)->126841K(299008K)
[1820.496s][info][gc,heap        ] GC(346) ParOldGen: 2548566K(2548736K)->2633454K(2633728K)
[1820.496s][info][gc,metaspace   ] GC(346) Metaspace: 29082K(29440K)->29082K(29440K) NonClass: 24192K(24320K)->24192K(24320K) Class: 4889K(5120K)->4889K(5120K)
[1820.496s][info][gc             ] GC(346) Pause Young (Allocation Failure) 4650M->2695M(4956M) 90.462ms
[1820.496s][info][gc,cpu         ] GC(346) User=0.51s Sys=0.03s Real=0.09s
.........[1829.452s][info][gc,start       ] GC(347) Pause Young (Allocation Failure)
[1829.540s][info][gc,heap        ] GC(347) PSYoungGen: 2269049K(2441216K)->123296K(2449408K) Eden: 2142208K(2142208K)->0K(2142208K) From: 126841K(299008K)->123296K(307200K)
[1829.540s][info][gc,heap        ] GC(347) ParOldGen: 2633454K(2633728K)->2718430K(2718720K)
[1829.540s][info][gc,metaspace   ] GC(347) Metaspace: 29082K(29440K)->29082K(29440K) NonClass: 24192K(24320K)->24192K(24320K) Class: 4889K(5120K)->4889K(5120K)
[1829.540s][info][gc             ] GC(347) Pause Young (Allocation Failure) 4787M->2775M(5047M) 88.188ms
[1829.540s][info][gc,cpu         ] GC(347) User=0.49s Sys=0.03s Real=0.09s
.........[1838.477s][info][gc,start       ] GC(348) Pause Young (Allocation Failure)
[1838.564s][info][gc,heap        ] GC(348) PSYoungGen: 2265504K(2449408K)->123424K(2469888K) Eden: 2142208K(2142208K)->0K(2193408K) From: 123296K(307200K)->123424K(276480K)
[1838.564s][info][gc,heap        ] GC(348) ParOldGen: 2718430K(2718720K)->2804662K(2804736K)
[1838.564s][info][gc,metaspace   ] GC(348) Metaspace: 29083K(29440K)->29083K(29440K) NonClass: 24193K(24320K)->24193K(24320K) Class: 4889K(5120K)->4889K(5120K)
[1838.564s][info][gc             ] GC(348) Pause Young (Allocation Failure) 4867M->2859M(5151M) 87.536ms
[1838.564s][info][gc,cpu         ] GC(348) User=0.50s Sys=0.02s Real=0.09s
.........[1847.741s][info][gc,start       ] GC(349) Pause Young (Allocation Failure)
[1847.830s][info][gc,heap        ] GC(349) PSYoungGen: 2316832K(2469888K)->125024K(2477568K) Eden: 2193408K(2193408K)->0K(2193408K) From: 123424K(276480K)->125024K(284160K)
[1847.830s][info][gc,heap        ] GC(349) ParOldGen: 2804662K(2804736K)->2890102K(2890240K)
[1847.830s][info][gc,metaspace   ] GC(349) Metaspace: 29083K(29440K)->29083K(29440K) NonClass: 24193K(24320K)->24193K(24320K) Class: 4889K(5120K)->4889K(5120K)
[1847.830s][info][gc             ] GC(349) Pause Young (Allocation Failure) 5001M->2944M(5242M) 88.841ms
[1847.830s][info][gc,cpu         ] GC(349) User=0.50s Sys=0.02s Real=0.09s
....... (rIR:aIR:PR = 1937:1939:1939) (tPR = 28676) [OK] 
  1854s: Performance info:
         Transaction,    Success,    Partial,     Failed,   Receipts, AvgBarcode, 
             Overall,     116389,          0,          0,     110574,      59.48, 
         Response times:
             Request,    Success,    Partial,     Failed,   SkipFail,     Probes,    Samples,      min,      p50,      p90,      p95,      p99,      max, 
       TotalPurchase,     110574,          0,          0,          0,     107555,     121589,      300,     1600,     2500,     2700,     3700,    95000,
     InStorePurchase,      58243,          0,          0,          0,      56675,      63845,      300,     1600,     2500,     2700,     3700,    95000,
      OnlinePurchase,      40700,          0,          0,          0,      39631,      44733,      300,     1600,     2400,     2700,     3900,    95000,
        InstPurchase,      11631,          0,          0,          0,      11249,      13011,      400,     1600,     2400,     2600,     3500,    95000,
          AssocOfCat,        117,          0,          0,          0,        112,        126,    16300,    19600,    25000,    26000,    29000,    29000,
      AssocOfProduct,       1169,          0,          0,          0,       1041,       1299,      500,     2000,     2500,     2700,     6100,    94000,
      BusinessReport,        290,          0,          0,          0,        221,        315,    17800,    25000,    32000,    37000,   108080,   119000,
          CustBuyBeh,       1165,          0,          0,          0,       1004,       1235,      500,     2000,     2600,     2820,     5240,    11400,
       ProductReturn,       3074,          0,          0,          0,       2800,       3309,      200,     1000,     2200,     2500,     3690,    89000,

  1854s: (15%)   IR =   2076 ..[1856.774s][info][gc,start       ] GC(350) Pause Young (Allocation Failure)
[1856.866s][info][gc,heap        ] GC(350) PSYoungGen: 2318432K(2477568K)->126880K(2493952K) Eden: 2193408K(2193408K)->0K(2238976K) From: 125024K(284160K)->126880K(254976K)
[1856.866s][info][gc,heap        ] GC(350) ParOldGen: 2890102K(2890240K)->2977534K(2977792K)
[1856.866s][info][gc,metaspace   ] GC(350) Metaspace: 29086K(29440K)->29086K(29440K) NonClass: 24197K(24320K)->24197K(24320K) Class: 4889K(5120K)->4889K(5120K)
[1856.866s][info][gc             ] GC(350) Pause Young (Allocation Failure) 5086M->3031M(5343M) 91.783ms
[1856.866s][info][gc,cpu         ] GC(350) User=0.52s Sys=0.01s Real=0.09s
..|.......[1865.664s][info][gc,start       ] GC(351) Pause Young (Allocation Failure)
[1865.753s][info][gc,heap        ] GC(351) PSYoungGen: 2365856K(2493952K)->126368K(2501120K) Eden: 2238976K(2238976K)->0K(2238976K) From: 126880K(254976K)->126368K(262144K)
[1865.753s][info][gc,heap        ] GC(351) ParOldGen: 2977534K(2977792K)->3063654K(3063808K)
[1865.753s][info][gc,metaspace   ] GC(351) Metaspace: 29086K(29440K)->29086K(29440K) NonClass: 24197K(24320K)->24197K(24320K) Class: 4889K(5120K)->4889K(5120K)
[1865.753s][info][gc             ] GC(351) Pause Young (Allocation Failure) 5218M->3115M(5434M) 89.460ms
[1865.753s][info][gc,cpu         ] GC(351) User=0.51s Sys=0.02s Real=0.09s
.........[1874.528s][info][gc,start       ] GC(352) Pause Young (Allocation Failure)
[1874.619s][info][gc,heap        ] GC(352) PSYoungGen: 2365344K(2501120K)->125632K(2518016K) Eden: 2238976K(2238976K)->0K(2281472K) From: 126368K(262144K)->125632K(236544K)
[1874.619s][info][gc,heap        ] GC(352) ParOldGen: 3063654K(3063808K)->3151574K(3151872K)
[1874.619s][info][gc,metaspace   ] GC(352) Metaspace: 29086K(29440K)->29086K(29440K) NonClass: 24197K(24320K)->24197K(24320K) Class: 4889K(5120K)->4889K(5120K)
[1874.619s][info][gc             ] GC(352) Pause Young (Allocation Failure) 5301M->3200M(5537M) 90.882ms
[1874.619s][info][gc,cpu         ] GC(352) User=0.52s Sys=0.02s Real=0.09s
.........[1883.515s][info][gc,start       ] GC(353) Pause Young (Allocation Failure)
[1883.606s][info][gc,heap        ] GC(353) PSYoungGen: 2407104K(2518016K)->127392K(2524672K) Eden: 2281472K(2281472K)->0K(2281472K) From: 125632K(236544K)->127392K(243200K)
[1883.606s][info][gc,heap        ] GC(353) ParOldGen: 3151574K(3151872K)->3238758K(3238912K)
[1883.606s][info][gc,metaspace   ] GC(353) Metaspace: 29086K(29440K)->29086K(29440K) NonClass: 24197K(24320K)->24197K(24320K) Class: 4889K(5120K)->4889K(5120K)
[1883.606s][info][gc             ] GC(353) Pause Young (Allocation Failure) 5428M->3287M(5628M) 91.319ms
[1883.606s][info][gc,cpu         ] GC(353) User=0.50s Sys=0.04s Real=0.09s
.........[1892.563s][info][gc,start       ] GC(354) Pause Young (Allocation Failure)
[1892.654s][info][gc,heap        ] GC(354) PSYoungGen: 2408864K(2524672K)->128640K(2539008K) Eden: 2281472K(2281472K)->0K(2318848K) From: 127392K(243200K)->128640K(220160K)
[1892.654s][info][gc,heap        ] GC(354) ParOldGen: 3238758K(3238912K)->3327174K(3327488K)
[1892.654s][info][gc,metaspace   ] GC(354) Metaspace: 29086K(29440K)->29086K(29440K) NonClass: 24197K(24320K)->24197K(24320K) Class: 4889K(5120K)->4889K(5120K)
[1892.654s][info][gc             ] GC(354) Pause Young (Allocation Failure) 5515M->3374M(5729M) 90.950ms
[1892.654s][info][gc,cpu         ] GC(354) User=0.52s Sys=0.02s Real=0.09s
.........[1901.812s][info][gc,start       ] GC(355) Pause Young (Allocation Failure)
[1901.907s][info][gc,heap        ] GC(355) PSYoungGen: 2447488K(2539008K)->135285K(2544640K) Eden: 2318848K(2318848K)->0K(2318848K) From: 128640K(220160K)->135285K(225792K)
[1901.907s][info][gc,heap        ] GC(355) ParOldGen: 3327174K(3327488K)->3415974K(3416064K)
[1901.907s][info][gc,metaspace   ] GC(355) Metaspace: 29086K(29440K)->29086K(29440K) NonClass: 24197K(24320K)->24197K(24320K) Class: 4889K(5120K)->4889K(5120K)
[1901.907s][info][gc             ] GC(355) Pause Young (Allocation Failure) 5639M->3468M(5821M) 95.719ms
[1901.907s][info][gc,cpu         ] GC(355) User=0.55s Sys=0.02s Real=0.09s
.........[1910.963s][info][gc,start       ] GC(356) Pause Young (Allocation Failure)
[1911.056s][info][gc,heap        ] GC(356) PSYoungGen: 2454133K(2544640K)->130624K(2559488K) Eden: 2318848K(2318848K)->0K(2353664K) From: 135285K(225792K)->130624K(205824K)
[1911.056s][info][gc,heap        ] GC(356) ParOldGen: 3415974K(3416064K)->3505142K(3505152K)
[1911.056s][info][gc,metaspace   ] GC(356) Metaspace: 29086K(29440K)->29086K(29440K) NonClass: 24197K(24320K)->24197K(24320K) Class: 4889K(5120K)->4889K(5120K)
[1911.056s][info][gc             ] GC(356) Pause Young (Allocation Failure) 5732M->3550M(5922M) 93.583ms
[1911.056s][info][gc,cpu         ] GC(356) User=0.53s Sys=0.02s Real=0.09s
........ (rIR:aIR:PR = 2076:2077:2076) (tPR = 30767) [OK] 
  1918s: Performance info:
         Transaction,    Success,    Partial,     Failed,   Receipts, AvgBarcode, 
             Overall,     124653,          0,          0,     118423,      59.47, 
         Response times:
             Request,    Success,    Partial,     Failed,   SkipFail,     Probes,    Samples,      min,      p50,      p90,      p95,      p99,      max, 
       TotalPurchase,     118426,          0,          0,          0,     115251,     124382,      300,     1700,     2600,     2800,     4300,   103000,
     InStorePurchase,      62345,          0,          0,          0,      60982,      65765,      300,     1700,     2500,     2800,     4300,   102000,
      OnlinePurchase,      43594,          0,          0,          0,      42276,      45570,      300,     1800,     2600,     2900,     4200,   103000,
        InstPurchase,      12487,          0,          0,          0,      11993,      13047,      400,     1800,     2600,     2900,     4400,   101000,
          AssocOfCat,        124,          0,          0,          0,         82,        118,    16100,    19800,    24000,    26100,    30620,    31000,
      AssocOfProduct,       1248,          0,          0,          0,       1116,       1346,      700,     1900,     2600,     2800,     6524,   101000,
      BusinessReport,        313,          0,          0,          0,        252,        366,    18400,    25000,    31000,    32650,    38000,    42000,
          CustBuyBeh,       1248,          0,          0,          0,       1091,       1286,      400,     2200,     2800,     3100,     8900,    15400,
       ProductReturn,       3296,          0,          0,          0,       3032,       3472,      200,     1000,     2600,     2800,     3800,   101000,

  1918s: (16%)   IR =   2214 .[1920.011s][info][gc,start       ] GC(357) Pause Young (Allocation Failure)
[1920.104s][info][gc,heap        ] GC(357) PSYoungGen: 2484288K(2559488K)->130624K(2563072K) Eden: 2353664K(2353664K)->0K(2353664K) From: 130624K(205824K)->130624K(209408K)
[1920.104s][info][gc,heap        ] GC(357) ParOldGen: 3505142K(3505152K)->3594358K(3594752K)
[1920.104s][info][gc,metaspace   ] GC(357) Metaspace: 29088K(29440K)->29088K(29440K) NonClass: 24199K(24320K)->24199K(24320K) Class: 4889K(5120K)->4889K(5120K)
[1920.104s][info][gc             ] GC(357) Pause Young (Allocation Failure) 5849M->3637M(6013M) 93.102ms
[1920.104s][info][gc,cpu         ] GC(357) User=0.52s Sys=0.02s Real=0.09s
...|.[1924.239s][info][gc,start       ] GC(358) Pause Full (Diagnostic Command)
[1924.239s][info][gc,phases,start] GC(358) Marking Phase
[1924.518s][info][gc,phases      ] GC(358) Marking Phase 278.485ms
[1924.518s][info][gc,phases,start] GC(358) Summary Phase
[1924.518s][info][gc,phases      ] GC(358) Summary Phase 0.069ms
[1924.518s][info][gc,phases,start] GC(358) Forward
[1924.703s][info][gc,phases      ] GC(358) Forward 184.706ms
[1924.703s][info][gc,phases,start] GC(358) Adjust Pointers
[1924.903s][info][gc,phases      ] GC(358) Adjust Pointers 200.238ms
[1924.903s][info][gc,phases,start] GC(358) Compaction Phase
[1925.075s][info][gc,phases      ] GC(358) Compaction Phase 171.846ms
[1925.077s][info][gc,phases,start] GC(358) Post Compact
[1925.082s][info][gc,phases      ] GC(358) Post Compact 4.158ms
[1925.082s][info][gc,heap        ] GC(358) PSYoungGen: 1285726K(2563072K)->0K(2563072K) Eden: 1155102K(2353664K)->0K(2353664K) From: 130624K(209408K)->0K(209408K)
[1925.082s][info][gc,heap        ] GC(358) ParOldGen: 3594358K(3594752K)->1120891K(3594752K)
[1925.082s][info][gc,metaspace   ] GC(358) Metaspace: 29088K(29440K)->29088K(29440K) NonClass: 24199K(24320K)->24199K(24320K) Class: 4889K(5120K)->4889K(5120K)
[1925.082s][info][gc             ] GC(358) Pause Full (Diagnostic Command) 4765M->1094M(6013M) 842.262ms
[1925.082s][info][gc,cpu         ] GC(358) User=4.33s Sys=0.01s Real=0.85s
........[1932.803s][info][gc,start       ] GC(359) Pause Young (Allocation Failure)
[1932.862s][info][gc,heap        ] GC(359) PSYoungGen: 2353664K(2563072K)->129856K(2577408K) Eden: 2353664K(2353664K)->0K(2383872K) From: 0K(209408K)->129856K(193536K)
[1932.862s][info][gc,heap        ] GC(359) ParOldGen: 1120891K(3594752K)->1120891K(3594752K)
[1932.862s][info][gc,metaspace   ] GC(359) Metaspace: 29088K(29440K)->29088K(29440K) NonClass: 24199K(24320K)->24199K(24320K) Class: 4889K(5120K)->4889K(5120K)
[1932.862s][info][gc             ] GC(359) Pause Young (Allocation Failure) 3393M->1221M(6027M) 59.008ms
[1932.862s][info][gc,cpu         ] GC(359) User=0.34s Sys=0.00s Real=0.06s
.........[1941.758s][info][gc,start       ] GC(360) Pause Young (Allocation Failure)
[1941.847s][info][gc,heap        ] GC(360) PSYoungGen: 2513728K(2577408K)->196608K(2580480K) Eden: 2383872K(2383872K)->0K(2383872K) From: 129856K(193536K)->196608K(196608K)
[1941.847s][info][gc,heap        ] GC(360) ParOldGen: 1120891K(3594752K)->1145851K(3594752K)
[1941.847s][info][gc,metaspace   ] GC(360) Metaspace: 29088K(29440K)->29088K(29440K) NonClass: 24199K(24320K)->24199K(24320K) Class: 4889K(5120K)->4889K(5120K)
[1941.847s][info][gc             ] GC(360) Pause Young (Allocation Failure) 3549M->1310M(6030M) 89.183ms
[1941.847s][info][gc,cpu         ] GC(360) User=0.53s Sys=0.00s Real=0.09s
.........[1950.681s][info][gc,start       ] GC(361) Pause Young (Allocation Failure)
[1950.785s][info][gc,heap        ] GC(361) PSYoungGen: 2580480K(2580480K)->134368K(2579456K) Eden: 2383872K(2383872K)->0K(2363904K) From: 196608K(196608K)->134368K(215552K)
[1950.785s][info][gc,heap        ] GC(361) ParOldGen: 1145851K(3594752K)->1282211K(3594752K)
[1950.785s][info][gc,metaspace   ] GC(361) Metaspace: 29088K(29440K)->29088K(29440K) NonClass: 24199K(24320K)->24199K(24320K) Class: 4889K(5120K)->4889K(5120K)
[1950.785s][info][gc             ] GC(361) Pause Young (Allocation Failure) 3638M->1383M(6029M) 103.352ms
[1950.785s][info][gc,cpu         ] GC(361) User=0.61s Sys=0.00s Real=0.10s
.........[1959.486s][info][gc,start       ] GC(362) Pause Young (Allocation Failure)
[1959.576s][info][gc,heap        ] GC(362) PSYoungGen: 2498272K(2579456K)->137120K(2501120K) Eden: 2363904K(2363904K)->0K(2363904K) From: 134368K(215552K)->137120K(137216K)
[1959.576s][info][gc,heap        ] GC(362) ParOldGen: 1282211K(3594752K)->1374283K(3594752K)
[1959.576s][info][gc,metaspace   ] GC(362) Metaspace: 29088K(29440K)->29088K(29440K) NonClass: 24199K(24320K)->24199K(24320K) Class: 4889K(5120K)->4889K(5120K)
[1959.576s][info][gc             ] GC(362) Pause Young (Allocation Failure) 3691M->1475M(5953M) 90.249ms
[1959.576s][info][gc,cpu         ] GC(362) User=0.54s Sys=0.00s Real=0.09s
........[1968.130s][info][gc,start       ] GC(363) Pause Young (Allocation Failure)
[1968.219s][info][gc,heap        ] GC(363) PSYoungGen: 2501024K(2501120K)->131584K(2578944K) Eden: 2363904K(2363904K)->0K(2369536K) From: 137120K(137216K)->131584K(209408K)
[1968.219s][info][gc,heap        ] GC(363) ParOldGen: 1374283K(3594752K)->1465443K(3594752K)
[1968.219s][info][gc,metaspace   ] GC(363) Metaspace: 29088K(29440K)->29088K(29440K) NonClass: 24199K(24320K)->24199K(24320K) Class: 4889K(5120K)->4889K(5120K)
[1968.219s][info][gc             ] GC(363) Pause Young (Allocation Failure) 3784M->1559M(6029M) 88.492ms
[1968.219s][info][gc,cpu         ] GC(363) User=0.52s Sys=0.00s Real=0.08s
.........[1976.873s][info][gc,start       ] GC(364) Pause Young (Allocation Failure)
[1976.962s][info][gc,heap        ] GC(364) PSYoungGen: 2501120K(2578944K)->132096K(2573824K) Eden: 2369536K(2369536K)->0K(2369536K) From: 131584K(209408K)->132096K(204288K)
[1976.962s][info][gc,heap        ] GC(364) ParOldGen: 1465443K(3594752K)->1555139K(3594752K)
[1976.962s][info][gc,metaspace   ] GC(364) Metaspace: 29088K(29440K)->29088K(29440K) NonClass: 24199K(24320K)->24199K(24320K) Class: 4889K(5120K)->4889K(5120K)
[1976.962s][info][gc             ] GC(364) Pause Young (Allocation Failure) 3873M->1647M(6024M) 89.489ms
[1976.962s][info][gc,cpu         ] GC(364) User=0.53s Sys=0.00s Real=0.09s
....... (rIR:aIR:PR = 2214:2216:2216) (tPR = 32599) [OK] 
  1982s: Performance info:
         Transaction,    Success,    Partial,     Failed,   Receipts, AvgBarcode, 
             Overall,     134737,          0,          0,     128008,      59.47, 
         Response times:
             Request,    Success,    Partial,     Failed,   SkipFail,     Probes,    Samples,      min,      p50,      p90,      p95,      p99,      max, 
       TotalPurchase,     128008,          0,          0,          0,     124616,     134066,      300,     1800,     2700,     3100,    96000,   191000,
     InStorePurchase,      67344,          0,          0,          0,      65780,      70649,      300,     1700,     2700,     3100,    93000,   191000,
      OnlinePurchase,      47194,          0,          0,          0,      45962,      49352,      300,     1900,     2800,     3100,    96000,   191000,
        InstPurchase,      13470,          0,          0,          0,      12874,      14065,      400,     2100,     2900,     3200,   110000,   191000,
          AssocOfCat,        135,          0,          0,          0,         97,        136,    16600,    21000,    27300,    32150,   166580,   191000,
      AssocOfProduct,       1350,          0,          0,          0,       1184,       1409,      500,     1400,     2300,     2700,    84600,   155000,
      BusinessReport,        335,          0,          0,          0,        254,        324,    18100,    26000,    32000,    37500,   106750,   150000,
          CustBuyBeh,       1341,          0,          0,          0,       1176,       1441,      100,     1900,     2600,     3000,   132000,   137000,
       ProductReturn,       3568,          0,          0,          0,       3289,       3699,      200,     1200,     2300,     2700,    82000,   147000,

  1982s: (17%)   IR =   2352 ..[1985.500s][info][gc,start       ] GC(365) Pause Young (Allocation Failure)
[1985.590s][info][gc,heap        ] GC(365) PSYoungGen: 2501632K(2573824K)->135744K(2586112K) Eden: 2369536K(2369536K)->0K(2387968K) From: 132096K(204288K)->135744K(198144K)
[1985.590s][info][gc,heap        ] GC(365) ParOldGen: 1555139K(3594752K)->1644851K(3594752K)
[1985.590s][info][gc,metaspace   ] GC(365) Metaspace: 29089K(29440K)->29089K(29440K) NonClass: 24199K(24320K)->24199K(24320K) Class: 4889K(5120K)->4889K(5120K)
[1985.590s][info][gc             ] GC(365) Pause Young (Allocation Failure) 3961M->1738M(6036M) 90.511ms
[1985.590s][info][gc,cpu         ] GC(365) User=0.53s Sys=0.01s Real=0.09s
......|..[1993.862s][info][gc,start       ] GC(366) Pause Young (Allocation Failure)
[1993.952s][info][gc,heap        ] GC(366) PSYoungGen: 2523712K(2586112K)->134464K(2582016K) Eden: 2387968K(2387968K)->0K(2387968K) From: 135744K(198144K)->134464K(194048K)
[1993.952s][info][gc,heap        ] GC(366) ParOldGen: 1644851K(3594752K)->1734403K(3594752K)
[1993.952s][info][gc,metaspace   ] GC(366) Metaspace: 29089K(29440K)->29089K(29440K) NonClass: 24199K(24320K)->24199K(24320K) Class: 4889K(5120K)->4889K(5120K)
[1993.953s][info][gc             ] GC(366) Pause Young (Allocation Failure) 4070M->1825M(6032M) 90.379ms
[1993.953s][info][gc,cpu         ] GC(366) User=0.53s Sys=0.00s Real=0.09s
........[2002.145s][info][gc,start       ] GC(367) Pause Young (Allocation Failure)
[2002.236s][info][gc,heap        ] GC(367) PSYoungGen: 2522432K(2582016K)->133536K(2597376K) Eden: 2387968K(2387968K)->0K(2407936K) From: 134464K(194048K)->133536K(189440K)
[2002.236s][info][gc,heap        ] GC(367) ParOldGen: 1734403K(3594752K)->1825547K(3594752K)
[2002.236s][info][gc,metaspace   ] GC(367) Metaspace: 29089K(29440K)->29089K(29440K) NonClass: 24199K(24320K)->24199K(24320K) Class: 4889K(5120K)->4889K(5120K)
[2002.236s][info][gc             ] GC(367) Pause Young (Allocation Failure) 4157M->1913M(6047M) 91.378ms
[2002.237s][info][gc,cpu         ] GC(367) User=0.54s Sys=0.00s Real=0.09s
.........[2010.589s][info][gc,start       ] GC(368) Pause Young (Allocation Failure)
[2010.678s][info][gc,heap        ] GC(368) PSYoungGen: 2541472K(2597376K)->134464K(2593280K) Eden: 2407936K(2407936K)->0K(2407936K) From: 133536K(189440K)->134464K(185344K)
[2010.678s][info][gc,heap        ] GC(368) ParOldGen: 1825547K(3594752K)->1914883K(3594752K)
[2010.678s][info][gc,metaspace   ] GC(368) Metaspace: 29089K(29440K)->29089K(29440K) NonClass: 24199K(24320K)->24199K(24320K) Class: 4889K(5120K)->4889K(5120K)
[2010.678s][info][gc             ] GC(368) Pause Young (Allocation Failure) 4264M->2001M(6043M) 88.583ms
[2010.678s][info][gc,cpu         ] GC(368) User=0.53s Sys=0.00s Real=0.09s
........[2018.893s][info][gc,start       ] GC(369) Pause Young (Allocation Failure)
[2018.985s][info][gc,heap        ] GC(369) PSYoungGen: 2542400K(2593280K)->133568K(2606080K) Eden: 2407936K(2407936K)->0K(2424832K) From: 134464K(185344K)->133568K(181248K)
[2018.985s][info][gc,heap        ] GC(369) ParOldGen: 1914883K(3594752K)->2007027K(3594752K)
[2018.985s][info][gc,metaspace   ] GC(369) Metaspace: 29089K(29440K)->29089K(29440K) NonClass: 24199K(24320K)->24199K(24320K) Class: 4889K(5120K)->4889K(5120K)
[2018.985s][info][gc             ] GC(369) Pause Young (Allocation Failure) 4352M->2090M(6055M) 92.095ms
[2018.985s][info][gc,cpu         ] GC(369) User=0.53s Sys=0.02s Real=0.09s
.........[2027.320s][info][gc,start       ] GC(370) Pause Young (Allocation Failure)
[2027.414s][info][gc,heap        ] GC(370) PSYoungGen: 2558400K(2606080K)->140388K(2602496K) Eden: 2424832K(2424832K)->0K(2424832K) From: 133568K(181248K)->140388K(177664K)
[2027.414s][info][gc,heap        ] GC(370) ParOldGen: 2007027K(3594752K)->2096963K(3594752K)
[2027.414s][info][gc,metaspace   ] GC(370) Metaspace: 29089K(29440K)->29089K(29440K) NonClass: 24199K(24320K)->24199K(24320K) Class: 4889K(5120K)->4889K(5120K)
[2027.414s][info][gc             ] GC(370) Pause Young (Allocation Failure) 4458M->2184M(6052M) 94.234ms
[2027.414s][info][gc,cpu         ] GC(370) User=0.56s Sys=0.00s Real=0.09s
........[2035.787s][info][gc,start       ] GC(371) Pause Young (Allocation Failure)
[2035.880s][info][gc,heap        ] GC(371) PSYoungGen: 2565220K(2602496K)->136192K(2614784K) Eden: 2424832K(2424832K)->0K(2440192K) From: 140388K(177664K)->136192K(174592K)
[2035.880s][info][gc,heap        ] GC(371) ParOldGen: 2096963K(3594752K)->2187595K(3594752K)
[2035.880s][info][gc,metaspace   ] GC(371) Metaspace: 29089K(29440K)->29089K(29440K) NonClass: 24199K(24320K)->24199K(24320K) Class: 4889K(5120K)->4889K(5120K)
[2035.880s][info][gc             ] GC(371) Pause Young (Allocation Failure) 4552M->2269M(6064M) 93.624ms
[2035.880s][info][gc,cpu         ] GC(371) User=0.54s Sys=0.02s Real=0.10s
.........[2044.274s][info][gc,start       ] GC(372) Pause Young (Allocation Failure)
[2044.367s][info][gc,heap        ] GC(372) PSYoungGen: 2576384K(2614784K)->140208K(2611712K) Eden: 2440192K(2440192K)->0K(2440192K) From: 136192K(174592K)->140208K(171520K)
[2044.367s][info][gc,heap        ] GC(372) ParOldGen: 2187595K(3594752K)->2279843K(3594752K)
[2044.367s][info][gc,metaspace   ] GC(372) Metaspace: 29089K(29440K)->29089K(29440K) NonClass: 24199K(24320K)->24199K(24320K) Class: 4889K(5120K)->4889K(5120K)
[2044.367s][info][gc             ] GC(372) Pause Young (Allocation Failure) 4652M->2363M(6061M) 93.644ms
[2044.367s][info][gc,cpu         ] GC(372) User=0.56s Sys=0.00s Real=0.09s
....... (rIR:aIR:PR = 2352:2353:2353) (tPR = 34919) [OK] 
  2050s: Performance info:
         Transaction,    Success,    Partial,     Failed,   Receipts, AvgBarcode, 
             Overall,     141245,          0,          0,     134192,      59.48, 
         Response times:
             Request,    Success,    Partial,     Failed,   SkipFail,     Probes,    Samples,      min,      p50,      p90,      p95,      p99,      max, 
       TotalPurchase,     134192,          0,          0,          0,     131088,     150297,      300,     1900,     2900,     3200,     5200,   102000,
     InStorePurchase,      70579,          0,          0,          0,      69296,      79116,      300,     1900,     2900,     3200,     5300,   102000,
      OnlinePurchase,      49473,          0,          0,          0,      48088,      55052,      300,     1800,     2800,     3100,     5000,    99000,
        InstPurchase,      14140,          0,          0,          0,      13704,      16129,      400,     2000,     2900,     3200,     5600,    98000,
          AssocOfCat,        140,          0,          0,          0,        103,        167,    16200,    22000,    30000,    33000,    37320,    38000,
      AssocOfProduct,       1409,          0,          0,          0,       1255,       1556,      500,     1900,     3100,     3500,     5786,    96000,
      BusinessReport,        353,          0,          0,          0,        284,        422,    18300,    27000,    33000,    38000,   126770,   130000,
          CustBuyBeh,       1413,          0,          0,          0,       1270,       1565,      200,     2100,     3000,     3300,     5102,    93000,
       ProductReturn,       3738,          0,          0,          0,       3504,       4168,      200,     1800,     2700,     3000,     4731,    97000,

  2050s: (18%)   IR =   2491 .[2052.725s][info][gc,start       ] GC(373) Pause Young (Allocation Failure)
[2052.820s][info][gc,heap        ] GC(373) PSYoungGen: 2580400K(2611712K)->140384K(2620928K) Eden: 2440192K(2440192K)->0K(2451968K) From: 140208K(171520K)->140384K(168960K)
[2052.820s][info][gc,heap        ] GC(373) ParOldGen: 2279843K(3594752K)->2371211K(3594752K)
[2052.820s][info][gc,metaspace   ] GC(373) Metaspace: 29089K(29440K)->29089K(29440K) NonClass: 24199K(24320K)->24199K(24320K) Class: 4889K(5120K)->4889K(5120K)
[2052.820s][info][gc             ] GC(373) Pause Young (Allocation Failure) 4746M->2452M(6070M) 95.178ms
[2052.820s][info][gc,cpu         ] GC(373) User=0.55s Sys=0.01s Real=0.10s
......|..[2060.703s][info][gc,start       ] GC(374) Pause Young (Allocation Failure)
[2060.793s][info][gc,heap        ] GC(374) PSYoungGen: 2592352K(2620928K)->134848K(2618880K) Eden: 2451968K(2451968K)->0K(2451968K) From: 140384K(168960K)->134848K(166912K)
[2060.793s][info][gc,heap        ] GC(374) ParOldGen: 2371211K(3594752K)->2462843K(3594752K)
[2060.793s][info][gc,metaspace   ] GC(374) Metaspace: 29089K(29440K)->29089K(29440K) NonClass: 24199K(24320K)->24199K(24320K) Class: 4889K(5120K)->4889K(5120K)
[2060.794s][info][gc             ] GC(374) Pause Young (Allocation Failure) 4847M->2536M(6068M) 90.569ms
[2060.794s][info][gc,cpu         ] GC(374) User=0.53s Sys=0.00s Real=0.09s
........[2068.722s][info][gc,start       ] GC(375) Pause Young (Allocation Failure)
[2068.816s][info][gc,heap        ] GC(375) PSYoungGen: 2586816K(2618880K)->139744K(2626048K) Eden: 2451968K(2451968K)->0K(2461696K) From: 134848K(166912K)->139744K(164352K)
[2068.816s][info][gc,heap        ] GC(375) ParOldGen: 2462843K(3594752K)->2553779K(3594752K)
[2068.816s][info][gc,metaspace   ] GC(375) Metaspace: 29089K(29440K)->29089K(29440K) NonClass: 24199K(24320K)->24199K(24320K) Class: 4889K(5120K)->4889K(5120K)
[2068.816s][info][gc             ] GC(375) Pause Young (Allocation Failure) 4931M->2630M(6075M) 94.567ms
[2068.816s][info][gc,cpu         ] GC(375) User=0.55s Sys=0.00s Real=0.09s
........[2076.789s][info][gc,start       ] GC(376) Pause Young (Allocation Failure)
[2076.880s][info][gc,heap        ] GC(376) PSYoungGen: 2601440K(2626048K)->136384K(2624512K) Eden: 2461696K(2461696K)->0K(2461696K) From: 139744K(164352K)->136384K(162816K)
[2076.880s][info][gc,heap        ] GC(376) ParOldGen: 2553779K(3594752K)->2644203K(3594752K)
[2076.880s][info][gc,metaspace   ] GC(376) Metaspace: 29089K(29440K)->29089K(29440K) NonClass: 24199K(24320K)->24199K(24320K) Class: 4889K(5120K)->4889K(5120K)
[2076.880s][info][gc             ] GC(376) Pause Young (Allocation Failure) 5034M->2715M(6073M) 90.460ms
[2076.880s][info][gc,cpu         ] GC(376) User=0.54s Sys=0.00s Real=0.10s
........[2084.853s][info][gc,start       ] GC(377) Pause Young (Allocation Failure)
[2084.944s][info][gc,heap        ] GC(377) PSYoungGen: 2598080K(2624512K)->136960K(2631168K) Eden: 2461696K(2461696K)->0K(2470912K) From: 136384K(162816K)->136960K(160256K)
[2084.944s][info][gc,heap        ] GC(377) ParOldGen: 2644203K(3594752K)->2736515K(3594752K)
[2084.944s][info][gc,metaspace   ] GC(377) Metaspace: 29089K(29440K)->29089K(29440K) NonClass: 24199K(24320K)->24199K(24320K) Class: 4889K(5120K)->4889K(5120K)
[2084.944s][info][gc             ] GC(377) Pause Young (Allocation Failure) 5119M->2806M(6080M) 91.435ms
[2084.944s][info][gc,cpu         ] GC(377) User=0.54s Sys=0.00s Real=0.09s
........[2092.953s][info][gc,start       ] GC(378) Pause Young (Allocation Failure)
[2093.048s][info][gc,heap        ] GC(378) PSYoungGen: 2607872K(2631168K)->140912K(2629120K) Eden: 2470912K(2470912K)->0K(2470912K) From: 136960K(160256K)->140912K(158208K)
[2093.048s][info][gc,heap        ] GC(378) ParOldGen: 2736515K(3594752K)->2828579K(3594752K)
[2093.048s][info][gc,metaspace   ] GC(378) Metaspace: 29089K(29440K)->29089K(29440K) NonClass: 24199K(24320K)->24199K(24320K) Class: 4889K(5120K)->4889K(5120K)
[2093.048s][info][gc             ] GC(378) Pause Young (Allocation Failure) 5219M->2899M(6078M) 95.012ms
[2093.048s][info][gc,cpu         ] GC(378) User=0.56s Sys=0.00s Real=0.09s
........[2101.103s][info][gc,start       ] GC(379) Pause Young (Allocation Failure)
[2101.195s][info][gc,heap        ] GC(379) PSYoungGen: 2611824K(2629120K)->138624K(2635776K) Eden: 2470912K(2470912K)->0K(2479616K) From: 140912K(158208K)->138624K(156160K)
[2101.195s][info][gc,heap        ] GC(379) ParOldGen: 2828579K(3594752K)->2919427K(3594752K)
[2101.195s][info][gc,metaspace   ] GC(379) Metaspace: 29089K(29440K)->29089K(29440K) NonClass: 24199K(24320K)->24199K(24320K) Class: 4889K(5120K)->4889K(5120K)
[2101.195s][info][gc             ] GC(379) Pause Young (Allocation Failure) 5312M->2986M(6084M) 92.288ms
[2101.195s][info][gc,cpu         ] GC(379) User=0.54s Sys=0.00s Real=0.09s
........[2109.271s][info][gc,start       ] GC(380) Pause Young (Allocation Failure)
[2109.364s][info][gc,heap        ] GC(380) PSYoungGen: 2618240K(2635776K)->140416K(2635264K) Eden: 2479616K(2479616K)->0K(2479616K) From: 138624K(156160K)->140416K(155648K)
[2109.364s][info][gc,heap        ] GC(380) ParOldGen: 2919427K(3594752K)->3010315K(3594752K)
[2109.364s][info][gc,metaspace   ] GC(380) Metaspace: 29089K(29440K)->29089K(29440K) NonClass: 24199K(24320K)->24199K(24320K) Class: 4889K(5120K)->4889K(5120K)
[2109.364s][info][gc             ] GC(380) Pause Young (Allocation Failure) 5407M->3076M(6084M) 93.260ms
[2109.364s][info][gc,cpu         ] GC(380) User=0.55s Sys=0.00s Real=0.09s
.........[2117.499s][info][gc,start       ] GC(381) Pause Young (Allocation Failure)
[2117.593s][info][gc,heap        ] GC(381) PSYoungGen: 2620032K(2635264K)->140576K(2639360K) Eden: 2479616K(2479616K)->0K(2485248K) From: 140416K(155648K)->140576K(154112K)
[2117.593s][info][gc,heap        ] GC(381) ParOldGen: 3010315K(3594752K)->3103043K(3594752K)
[2117.593s][info][gc,metaspace   ] GC(381) Metaspace: 29089K(29440K)->29089K(29440K) NonClass: 24199K(24320K)->24199K(24320K) Class: 4889K(5120K)->4889K(5120K)
[2117.593s][info][gc             ] GC(381) Pause Young (Allocation Failure) 5498M->3167M(6088M) 94.305ms
[2117.593s][info][gc,cpu         ] GC(381) User=0.56s Sys=0.00s Real=0.10s
. (rIR:aIR:PR = 2491:2490:2490) (tPR = 36727) [OK] 
  2118s: Performance info:
         Transaction,    Success,    Partial,     Failed,   Receipts, AvgBarcode, 
             Overall,     149570,          0,          0,     142093,      59.48, 
         Response times:
             Request,    Success,    Partial,     Failed,   SkipFail,     Probes,    Samples,      min,      p50,      p90,      p95,      p99,      max, 
       TotalPurchase,     142093,          0,          0,          0,     139054,     156769,      300,     2000,     3000,     3300,     6700,    99000,
     InStorePurchase,      74773,          0,          0,          0,      73484,      82787,      300,     1900,     3000,     3300,     6500,    99000,
      OnlinePurchase,      52332,          0,          0,          0,      51132,      57547,      300,     2200,     3100,     3400,     7100,    98000,
        InstPurchase,      14988,          0,          0,          0,      14438,      16435,      400,     1900,     2900,     3200,     6164,    96000,
          AssocOfCat,        151,          0,          0,          0,        100,        145,    16900,    22000,    28000,    31000,    79500,   114000,
      AssocOfProduct,       1496,          0,          0,          0,       1355,       1653,      400,     1200,     2500,     2900,     3846,    30000,
      BusinessReport,        372,          0,          0,          0,        299,        408,    19300,    27000,    34000,    40000,   131820,   153000,
          CustBuyBeh,       1491,          0,          0,          0,       1350,       1644,      200,     2400,     3200,     3400,     9830,    31000,
       ProductReturn,       3967,          0,          0,          0,       3695,       4332,      200,     1500,     2600,     2900,     7267,    37000,

  2118s: (19%)   IR =   2629 ....|..[2125.266s][info][gc,start       ] GC(382) Pause Young (Allocation Failure)
[2125.362s][info][gc,heap        ] GC(382) PSYoungGen: 2625824K(2639360K)->143795K(2639360K) Eden: 2485248K(2485248K)->0K(2485248K) From: 140576K(154112K)->143795K(154112K)
[2125.362s][info][gc,heap        ] GC(382) ParOldGen: 3103043K(3594752K)->3195379K(3594752K)
[2125.362s][info][gc,metaspace   ] GC(382) Metaspace: 29089K(29440K)->29089K(29440K) NonClass: 24199K(24320K)->24199K(24320K) Class: 4889K(5120K)->4889K(5120K)
[2125.362s][info][gc             ] GC(382) Pause Young (Allocation Failure) 5594M->3260M(6088M) 95.940ms
[2125.362s][info][gc,cpu         ] GC(382) User=0.56s Sys=0.01s Real=0.10s
........[2132.932s][info][gc,start       ] GC(383) Pause Young (Allocation Failure)
[2133.025s][info][gc,heap        ] GC(383) PSYoungGen: 2629043K(2639360K)->137408K(2639360K) Eden: 2485248K(2485248K)->0K(2487296K) From: 143795K(154112K)->137408K(152064K)
[2133.025s][info][gc,heap        ] GC(383) ParOldGen: 3195379K(3594752K)->3288467K(3594752K)
[2133.025s][info][gc,metaspace   ] GC(383) Metaspace: 29089K(29440K)->29089K(29440K) NonClass: 24199K(24320K)->24199K(24320K) Class: 4889K(5120K)->4889K(5120K)
[2133.025s][info][gc             ] GC(383) Pause Young (Allocation Failure) 5687M->3345M(6088M) 93.329ms
[2133.025s][info][gc,cpu         ] GC(383) User=0.55s Sys=0.00s Real=0.09s
........[2140.637s][info][gc,start       ] GC(384) Pause Young (Allocation Failure)
[2140.731s][info][gc,heap        ] GC(384) PSYoungGen: 2624704K(2639360K)->136320K(2640384K) Eden: 2487296K(2487296K)->0K(2487296K) From: 137408K(152064K)->136320K(153088K)
[2140.731s][info][gc,heap        ] GC(384) ParOldGen: 3288467K(3594752K)->3380051K(3594752K)
[2140.731s][info][gc,metaspace   ] GC(384) Metaspace: 29089K(29440K)->29089K(29440K) NonClass: 24199K(24320K)->24199K(24320K) Class: 4889K(5120K)->4889K(5120K)
[2140.731s][info][gc             ] GC(384) Pause Young (Allocation Failure) 5774M->3433M(6089M) 94.498ms
[2140.731s][info][gc,cpu         ] GC(384) User=0.56s Sys=0.00s Real=0.10s
.......[2148.341s][info][gc,start       ] GC(385) Pause Young (Allocation Failure)
[2148.437s][info][gc,heap        ] GC(385) PSYoungGen: 2623616K(2640384K)->138720K(2640896K) Eden: 2487296K(2487296K)->0K(2490880K) From: 136320K(153088K)->138720K(150016K)
[2148.437s][info][gc,heap        ] GC(385) ParOldGen: 3380051K(3594752K)->3472227K(3594752K)
[2148.437s][info][gc,metaspace   ] GC(385) Metaspace: 29089K(29440K)->29089K(29440K) NonClass: 24199K(24320K)->24199K(24320K) Class: 4889K(5120K)->4889K(5120K)
[2148.437s][info][gc             ] GC(385) Pause Young (Allocation Failure) 5862M->3526M(6089M) 95.551ms
[2148.437s][info][gc,cpu         ] GC(385) User=0.56s Sys=0.00s Real=0.09s
........[2156.031s][info][gc,start       ] GC(386) Pause Young (Allocation Failure)
[2156.125s][info][gc,heap        ] GC(386) PSYoungGen: 2629600K(2640896K)->137888K(2641920K) Eden: 2490880K(2490880K)->0K(2490880K) From: 138720K(150016K)->137888K(151040K)
[2156.125s][info][gc,heap        ] GC(386) ParOldGen: 3472227K(3594752K)->3564123K(3594752K)
[2156.125s][info][gc,metaspace   ] GC(386) Metaspace: 29089K(29440K)->29089K(29440K) NonClass: 24199K(24320K)->24199K(24320K) Class: 4889K(5120K)->4889K(5120K)
[2156.125s][info][gc             ] GC(386) Pause Young (Allocation Failure) 5958M->3615M(6090M) 93.770ms
[2156.125s][info][gc,cpu         ] GC(386) User=0.55s Sys=0.00s Real=0.09s
........[2163.836s][info][gc,start       ] GC(387) Pause Young (Allocation Failure)
[2163.937s][info][gc,heap        ] GC(387) PSYoungGen: 2628768K(2641920K)->143028K(2644480K) Eden: 2490880K(2490880K)->0K(2494464K) From: 137888K(151040K)->143028K(150016K)
[2163.937s][info][gc,heap        ] GC(387) ParOldGen: 3564123K(3594752K)->3656715K(3657216K)
[2163.937s][info][gc,metaspace   ] GC(387) Metaspace: 29089K(29440K)->29089K(29440K) NonClass: 24199K(24320K)->24199K(24320K) Class: 4889K(5120K)->4889K(5120K)
[2163.937s][info][gc             ] GC(387) Pause Young (Allocation Failure) 6047M->3710M(6154M) 101.181ms
[2163.937s][info][gc,cpu         ] GC(387) User=0.56s Sys=0.04s Real=0.10s
........[2171.529s][info][gc,start       ] GC(388) Pause Young (Allocation Failure)
[2171.627s][info][gc,heap        ] GC(388) PSYoungGen: 2637492K(2644480K)->136064K(2644992K) Eden: 2494464K(2494464K)->0K(2494464K) From: 143028K(150016K)->136064K(150528K)
[2171.627s][info][gc,heap        ] GC(388) ParOldGen: 3656715K(3657216K)->3749827K(3749888K)
[2171.627s][info][gc,metaspace   ] GC(388) Metaspace: 29089K(29440K)->29089K(29440K) NonClass: 24199K(24320K)->24199K(24320K) Class: 4889K(5120K)->4889K(5120K)
[2171.627s][info][gc             ] GC(388) Pause Young (Allocation Failure) 6146M->3794M(6245M) 98.339ms
[2171.627s][info][gc,cpu         ] GC(388) User=0.55s Sys=0.03s Real=0.10s
.......[2179.360s][info][gc,start       ] GC(389) Pause Young (Allocation Failure)
[2179.461s][info][gc,heap        ] GC(389) PSYoungGen: 2630528K(2644992K)->140960K(2644480K) Eden: 2494464K(2494464K)->0K(2495488K) From: 136064K(150528K)->140960K(148992K)
[2179.461s][info][gc,heap        ] GC(389) ParOldGen: 3749827K(3749888K)->3840827K(3841024K)
[2179.461s][info][gc,metaspace   ] GC(389) Metaspace: 29089K(29440K)->29089K(29440K) NonClass: 24199K(24320K)->24199K(24320K) Class: 4889K(5120K)->4889K(5120K)
[2179.461s][info][gc             ] GC(389) Pause Young (Allocation Failure) 6230M->3888M(6333M) 100.607ms
[2179.461s][info][gc,cpu         ] GC(389) User=0.57s Sys=0.02s Real=0.10s
.... (rIR:aIR:PR = 2629:2629:2629) (tPR = 39076) [OK] 
  2182s: Performance info:
         Transaction,    Success,    Partial,     Failed,   Receipts, AvgBarcode, 
             Overall,     157923,          0,          0,     150042,      59.48, 
         Response times:
             Request,    Success,    Partial,     Failed,   SkipFail,     Probes,    Samples,      min,      p50,      p90,      p95,      p99,      max, 
       TotalPurchase,     150042,          0,          0,          0,     146539,     157461,      300,     2000,     3100,     3500,     6100,   107000,
     InStorePurchase,      78983,          0,          0,          0,      77375,      82827,      300,     2100,     3200,     3500,     7100,   107000,
      OnlinePurchase,      55264,          0,          0,          0,      54026,      58144,      300,     1900,     3000,     3400,     5500,   107000,
        InstPurchase,      15795,          0,          0,          0,      15138,      16490,      400,     2300,     3200,     3500,     5409,   107000,
          AssocOfCat,        156,          0,          0,          0,        120,        183,    16100,    22000,    28000,    30800,    35000,    35000,
      AssocOfProduct,       1577,          0,          0,          0,       1439,       1662,      700,     2700,     3500,     3900,     8803,   102000,
      BusinessReport,        394,          0,          0,          0,        329,        438,    18400,    27000,    34000,    37000,    86500,   127000,
          CustBuyBeh,       1576,          0,          0,          0,       1418,       1648,      100,     1500,     2900,     3200,     5551,    98000,
       ProductReturn,       4178,          0,          0,          0,       3846,       4339,      200,     1600,     2900,     3200,     5060,   105000,

  2182s: (20%)   IR =   2767 ....|[2187.033s][info][gc,start       ] GC(390) Pause Young (Allocation Failure)
[2187.131s][info][gc,heap        ] GC(390) PSYoungGen: 2636448K(2644480K)->141440K(2644992K) Eden: 2495488K(2495488K)->0K(2495488K) From: 140960K(148992K)->141440K(149504K)
[2187.131s][info][gc,heap        ] GC(390) ParOldGen: 3840827K(3841024K)->3932835K(3933184K)
[2187.131s][info][gc,metaspace   ] GC(390) Metaspace: 29089K(29440K)->29089K(29440K) NonClass: 24199K(24320K)->24199K(24320K) Class: 4889K(5120K)->4889K(5120K)
[2187.131s][info][gc             ] GC(390) Pause Young (Allocation Failure) 6325M->3978M(6424M) 98.274ms
[2187.131s][info][gc,cpu         ] GC(390) User=0.56s Sys=0.02s Real=0.10s
.......[2194.281s][info][gc,start       ] GC(391) Pause Young (Allocation Failure)
[2194.379s][info][gc,heap        ] GC(391) PSYoungGen: 2636928K(2644992K)->137696K(2644480K) Eden: 2495488K(2495488K)->0K(2497024K) From: 141440K(149504K)->137696K(147456K)
[2194.379s][info][gc,heap        ] GC(391) ParOldGen: 3932835K(3933184K)->4027483K(4027904K)
[2194.379s][info][gc,metaspace   ] GC(391) Metaspace: 29089K(29440K)->29089K(29440K) NonClass: 24199K(24320K)->24199K(24320K) Class: 4889K(5120K)->4889K(5120K)
[2194.379s][info][gc             ] GC(391) Pause Young (Allocation Failure) 6415M->4067M(6516M) 98.592ms
[2194.379s][info][gc,cpu         ] GC(391) User=0.56s Sys=0.03s Real=0.10s
........[2201.650s][info][gc,start       ] GC(392) Pause Young (Allocation Failure)
[2201.751s][info][gc,heap        ] GC(392) PSYoungGen: 2634720K(2644480K)->142117K(2645504K) Eden: 2497024K(2497024K)->0K(2497024K) From: 137696K(147456K)->142117K(148480K)
[2201.751s][info][gc,heap        ] GC(392) ParOldGen: 4027483K(4027904K)->4118227K(4118528K)
[2201.751s][info][gc,metaspace   ] GC(392) Metaspace: 29089K(29440K)->29089K(29440K) NonClass: 24199K(24320K)->24199K(24320K) Class: 4889K(5120K)->4889K(5120K)
[2201.751s][info][gc             ] GC(392) Pause Young (Allocation Failure) 6506M->4160M(6605M) 100.499ms
[2201.751s][info][gc,cpu         ] GC(392) User=0.56s Sys=0.02s Real=0.10s
.......[2209.020s][info][gc,start       ] GC(393) Pause Young (Allocation Failure)
[2209.122s][info][gc,heap        ] GC(393) PSYoungGen: 2639141K(2645504K)->143701K(2646016K) Eden: 2497024K(2497024K)->0K(2497024K) From: 142117K(148480K)->143701K(148992K)
[2209.122s][info][gc,heap        ] GC(393) ParOldGen: 4118227K(4118528K)->4210251K(4210688K)
[2209.122s][info][gc,metaspace   ] GC(393) Metaspace: 29089K(29440K)->29089K(29440K) NonClass: 24199K(24320K)->24199K(24320K) Class: 4889K(5120K)->4889K(5120K)
[2209.122s][info][gc             ] GC(393) Pause Young (Allocation Failure) 6598M->4251M(6696M) 102.174ms
[2209.122s][info][gc,cpu         ] GC(393) User=0.59s Sys=0.02s Real=0.10s
.......[2216.371s][info][gc,start       ] GC(394) Pause Young (Allocation Failure)
[2216.471s][info][gc,heap        ] GC(394) PSYoungGen: 2640725K(2646016K)->139488K(2636800K) Eden: 2497024K(2497024K)->0K(2497024K) From: 143701K(148992K)->139488K(139776K)
[2216.471s][info][gc,heap        ] GC(394) ParOldGen: 4210251K(4210688K)->4303147K(4303360K)
[2216.471s][info][gc,metaspace   ] GC(394) Metaspace: 29089K(29440K)->29089K(29440K) NonClass: 24199K(24320K)->24199K(24320K) Class: 4889K(5120K)->4889K(5120K)
[2216.471s][info][gc             ] GC(394) Pause Young (Allocation Failure) 6690M->4338M(6777M) 99.541ms
[2216.471s][info][gc,cpu         ] GC(394) User=0.56s Sys=0.03s Real=0.10s
........[2223.744s][info][gc,start       ] GC(395) Pause Young (Allocation Failure)
[2223.842s][info][gc,heap        ] GC(395) PSYoungGen: 2636512K(2636800K)->138432K(2646528K) Eden: 2497024K(2497024K)->0K(2498048K) From: 139488K(139776K)->138432K(148480K)
[2223.842s][info][gc,heap        ] GC(395) ParOldGen: 4303147K(4303360K)->4395419K(4395520K)
[2223.842s][info][gc,metaspace   ] GC(395) Metaspace: 29089K(29440K)->29089K(29440K) NonClass: 24199K(24320K)->24199K(24320K) Class: 4889K(5120K)->4889K(5120K)
[2223.842s][info][gc             ] GC(395) Pause Young (Allocation Failure) 6777M->4427M(6877M) 98.884ms
[2223.843s][info][gc,cpu         ] GC(395) User=0.55s Sys=0.03s Real=0.10s
.[2225.240s][info][gc,start       ] GC(396) Pause Full (Diagnostic Command)
[2225.240s][info][gc,phases,start] GC(396) Marking Phase
[2225.521s][info][gc,phases      ] GC(396) Marking Phase 281.211ms
[2225.521s][info][gc,phases,start] GC(396) Summary Phase
[2225.521s][info][gc,phases      ] GC(396) Summary Phase 0.070ms
[2225.521s][info][gc,phases,start] GC(396) Forward
[2225.699s][info][gc,phases      ] GC(396) Forward 177.887ms
[2225.699s][info][gc,phases,start] GC(396) Adjust Pointers
[2225.893s][info][gc,phases      ] GC(396) Adjust Pointers 193.578ms
[2225.893s][info][gc,phases,start] GC(396) Compaction Phase
[2226.056s][info][gc,phases      ] GC(396) Compaction Phase 163.150ms
[2226.058s][info][gc,phases,start] GC(396) Post Compact
[2226.063s][info][gc,phases      ] GC(396) Post Compact 4.458ms
[2226.063s][info][gc,heap        ] GC(396) PSYoungGen: 681941K(2646528K)->0K(2646528K) Eden: 543509K(2498048K)->0K(2498048K) From: 138432K(148480K)->0K(148480K)
[2226.063s][info][gc,heap        ] GC(396) ParOldGen: 4395419K(4395520K)->1123744K(4395520K)
[2226.063s][info][gc,metaspace   ] GC(396) Metaspace: 29089K(29440K)->29089K(29440K) NonClass: 24199K(24320K)->24199K(24320K) Class: 4889K(5120K)->4889K(5120K)
[2226.063s][info][gc             ] GC(396) Pause Full (Diagnostic Command) 4958M->1097M(6877M) 823.022ms
[2226.063s][info][gc,cpu         ] GC(396) User=4.23s Sys=0.00s Real=0.82s
.......[2232.568s][info][gc,start       ] GC(397) Pause Young (Allocation Failure)
[2232.629s][info][gc,heap        ] GC(397) PSYoungGen: 2498048K(2646528K)->137024K(2646016K) Eden: 2498048K(2498048K)->0K(2498048K) From: 0K(148480K)->137024K(147968K)
[2232.629s][info][gc,heap        ] GC(397) ParOldGen: 1123744K(4395520K)->1123744K(4395520K)
[2232.629s][info][gc,metaspace   ] GC(397) Metaspace: 29089K(29440K)->29089K(29440K) NonClass: 24199K(24320K)->24199K(24320K) Class: 4889K(5120K)->4889K(5120K)
[2232.629s][info][gc             ] GC(397) Pause Young (Allocation Failure) 3536M->1231M(6876M) 61.274ms
[2232.629s][info][gc,cpu         ] GC(397) User=0.36s Sys=0.00s Real=0.06s
.......[2239.940s][info][gc,start       ] GC(398) Pause Young (Allocation Failure)
[2240.030s][info][gc,heap        ] GC(398) PSYoungGen: 2635072K(2646016K)->138240K(2647552K) Eden: 2498048K(2498048K)->0K(2500096K) From: 137024K(147968K)->138240K(147456K)
[2240.030s][info][gc,heap        ] GC(398) ParOldGen: 1123744K(4395520K)->1215800K(4395520K)
[2240.030s][info][gc,metaspace   ] GC(398) Metaspace: 29089K(29440K)->29089K(29440K) NonClass: 24199K(24320K)->24199K(24320K) Class: 4889K(5120K)->4889K(5120K)
[2240.030s][info][gc             ] GC(398) Pause Young (Allocation Failure) 3670M->1322M(6878M) 90.021ms
[2240.030s][info][gc,cpu         ] GC(398) User=0.53s Sys=0.00s Real=0.09s
........ (rIR:aIR:PR = 2767:2768:2768) (tPR = 41133) [OK] 
  2246s: Performance info:
         Transaction,    Success,    Partial,     Failed,   Receipts, AvgBarcode, 
             Overall,     167803,          0,          0,     159400,      59.46, 
         Response times:
             Request,    Success,    Partial,     Failed,   SkipFail,     Probes,    Samples,      min,      p50,      p90,      p95,      p99,      max, 
       TotalPurchase,     159400,          0,          0,          0,     154862,     167097,      300,     2200,     3400,     3900,    76000,   169000,
     InStorePurchase,      83890,          0,          0,          0,      81940,      88072,      300,     2100,     3400,     3900,    77000,   169000,
      OnlinePurchase,      58745,          0,          0,          0,      56800,      61224,      300,     2200,     3300,     3900,    75000,   165000,
        InstPurchase,      16765,          0,          0,          0,      16122,      17801,      400,     2300,     3400,     3900,    62000,   161000,
          AssocOfCat,        167,          0,          0,          0,        117,        175,    16900,    21000,    28000,    30200,    75000,    75000,
      AssocOfProduct,       1680,          0,          0,          0,       1498,       1781,      600,     3000,     3900,     4600,   107180,   161000,
      BusinessReport,        422,          0,          0,          0,        320,        418,    19100,    29000,    36100,    40000,   137430,   168000,
          CustBuyBeh,       1689,          0,          0,          0,       1471,       1703,      200,     2100,     3400,     3800,   117360,   148000,
       ProductReturn,       4445,          0,          0,          0,       4187,       4798,      200,     1800,     3000,     3600,    72000,   132000,

  2246s: (21%)   IR =   2906 [2247.321s][info][gc,start       ] GC(399) Pause Young (Allocation Failure)
[2247.413s][info][gc,heap        ] GC(399) PSYoungGen: 2638336K(2647552K)->140864K(2647040K) Eden: 2500096K(2500096K)->0K(2500096K) From: 138240K(147456K)->140864K(146944K)
[2247.413s][info][gc,heap        ] GC(399) ParOldGen: 1215800K(4395520K)->1307472K(4395520K)
[2247.413s][info][gc,metaspace   ] GC(399) Metaspace: 29089K(29440K)->29089K(29440K) NonClass: 24199K(24320K)->24199K(24320K) Class: 4889K(5120K)->4889K(5120K)
[2247.413s][info][gc             ] GC(399) Pause Young (Allocation Failure) 3763M->1414M(6877M) 91.645ms
[2247.413s][info][gc,cpu         ] GC(399) User=0.54s Sys=0.00s Real=0.09s
.....|..[2254.401s][info][gc,start       ] GC(400) Pause Young (Allocation Failure)
[2254.494s][info][gc,heap        ] GC(400) PSYoungGen: 2640960K(2647040K)->140640K(2648576K) Eden: 2500096K(2500096K)->0K(2502144K) From: 140864K(146944K)->140640K(146432K)
[2254.494s][info][gc,heap        ] GC(400) ParOldGen: 1307472K(4395520K)->1399992K(4395520K)
[2254.494s][info][gc,metaspace   ] GC(400) Metaspace: 29089K(29440K)->29089K(29440K) NonClass: 24199K(24320K)->24199K(24320K) Class: 4889K(5120K)->4889K(5120K)
[2254.494s][info][gc             ] GC(400) Pause Young (Allocation Failure) 3855M->1504M(6879M) 92.857ms
[2254.494s][info][gc,cpu         ] GC(400) User=0.55s Sys=0.00s Real=0.09s
.......[2261.362s][info][gc,start       ] GC(401) Pause Young (Allocation Failure)
[2261.453s][info][gc,heap        ] GC(401) PSYoungGen: 2642784K(2648576K)->138656K(2648576K) Eden: 2502144K(2502144K)->0K(2502144K) From: 140640K(146432K)->138656K(146432K)
[2261.453s][info][gc,heap        ] GC(401) ParOldGen: 1399992K(4395520K)->1492864K(4395520K)
[2261.453s][info][gc,metaspace   ] GC(401) Metaspace: 29089K(29440K)->29089K(29440K) NonClass: 24199K(24320K)->24199K(24320K) Class: 4889K(5120K)->4889K(5120K)
[2261.453s][info][gc             ] GC(401) Pause Young (Allocation Failure) 3948M->1593M(6879M) 91.058ms
[2261.453s][info][gc,cpu         ] GC(401) User=0.54s Sys=0.00s Real=0.09s
.......[2268.344s][info][gc,start       ] GC(402) Pause Young (Allocation Failure)
[2268.437s][info][gc,heap        ] GC(402) PSYoungGen: 2640800K(2648576K)->141344K(2649088K) Eden: 2502144K(2502144K)->0K(2503168K) From: 138656K(146432K)->141344K(145920K)
[2268.437s][info][gc,heap        ] GC(402) ParOldGen: 1492864K(4395520K)->1584784K(4395520K)
[2268.437s][info][gc,metaspace   ] GC(402) Metaspace: 29089K(29440K)->29089K(29440K) NonClass: 24199K(24320K)->24199K(24320K) Class: 4889K(5120K)->4889K(5120K)
[2268.437s][info][gc             ] GC(402) Pause Young (Allocation Failure) 4036M->1685M(6879M) 92.821ms
[2268.437s][info][gc,cpu         ] GC(402) User=0.54s Sys=0.00s Real=0.09s
.......[2275.367s][info][gc,start       ] GC(403) Pause Young (Allocation Failure)
[2275.458s][info][gc,heap        ] GC(403) PSYoungGen: 2644512K(2649088K)->140608K(2649088K) Eden: 2503168K(2503168K)->0K(2503168K) From: 141344K(145920K)->140608K(145920K)
[2275.459s][info][gc,heap        ] GC(403) ParOldGen: 1584784K(4395520K)->1676336K(4395520K)
[2275.459s][info][gc,metaspace   ] GC(403) Metaspace: 29089K(29440K)->29089K(29440K) NonClass: 24199K(24320K)->24199K(24320K) Class: 4889K(5120K)->4889K(5120K)
[2275.459s][info][gc             ] GC(403) Pause Young (Allocation Failure) 4130M->1774M(6879M) 91.572ms
[2275.459s][info][gc,cpu         ] GC(403) User=0.55s Sys=0.00s Real=0.09s
.......[2282.450s][info][gc,start       ] GC(404) Pause Young (Allocation Failure)
[2282.543s][info][gc,heap        ] GC(404) PSYoungGen: 2643776K(2649088K)->142695K(2649088K) Eden: 2503168K(2503168K)->0K(2503168K) From: 140608K(145920K)->142695K(145920K)
[2282.543s][info][gc,heap        ] GC(404) ParOldGen: 1676336K(4395520K)->1767432K(4395520K)
[2282.543s][info][gc,metaspace   ] GC(404) Metaspace: 29089K(29440K)->29089K(29440K) NonClass: 24199K(24320K)->24199K(24320K) Class: 4889K(5120K)->4889K(5120K)
[2282.543s][info][gc             ] GC(404) Pause Young (Allocation Failure) 4218M->1865M(6879M) 93.628ms
[2282.543s][info][gc,cpu         ] GC(404) User=0.56s Sys=0.00s Real=0.09s
.......[2289.413s][info][gc,start       ] GC(405) Pause Young (Allocation Failure)
[2289.504s][info][gc,heap        ] GC(405) PSYoungGen: 2645863K(2649088K)->138944K(2649600K) Eden: 2503168K(2503168K)->0K(2503168K) From: 142695K(145920K)->138944K(146432K)
[2289.504s][info][gc,heap        ] GC(405) ParOldGen: 1767432K(4395520K)->1860448K(4395520K)
[2289.504s][info][gc,metaspace   ] GC(405) Metaspace: 29092K(29440K)->29092K(29440K) NonClass: 24202K(24320K)->24202K(24320K) Class: 4889K(5120K)->4889K(5120K)
[2289.504s][info][gc             ] GC(405) Pause Young (Allocation Failure) 4309M->1952M(6880M) 91.619ms
[2289.504s][info][gc,cpu         ] GC(405) User=0.55s Sys=0.00s Real=0.09s
.......[2296.412s][info][gc,start       ] GC(406) Pause Young (Allocation Failure)
[2296.503s][info][gc,heap        ] GC(406) PSYoungGen: 2642112K(2649600K)->139776K(2648576K) Eden: 2503168K(2503168K)->0K(2503680K) From: 138944K(146432K)->139776K(144896K)
[2296.503s][info][gc,heap        ] GC(406) ParOldGen: 1860448K(4395520K)->1952416K(4395520K)
[2296.503s][info][gc,metaspace   ] GC(406) Metaspace: 29092K(29440K)->29092K(29440K) NonClass: 24202K(24320K)->24202K(24320K) Class: 4889K(5120K)->4889K(5120K)
[2296.503s][info][gc             ] GC(406) Pause Young (Allocation Failure) 4397M->2043M(6879M) 90.874ms
[2296.503s][info][gc,cpu         ] GC(406) User=0.53s Sys=0.00s Real=0.09s
.......[2303.471s][info][gc,start       ] GC(407) Pause Young (Allocation Failure)
[2303.564s][info][gc,heap        ] GC(407) PSYoungGen: 2643456K(2648576K)->139136K(2649088K) Eden: 2503680K(2503680K)->0K(2503680K) From: 139776K(144896K)->139136K(145408K)
[2303.564s][info][gc,heap        ] GC(407) ParOldGen: 1952416K(4395520K)->2045032K(4395520K)
[2303.564s][info][gc,metaspace   ] GC(407) Metaspace: 29092K(29440K)->29092K(29440K) NonClass: 24202K(24320K)->24202K(24320K) Class: 4889K(5120K)->4889K(5120K)
[2303.564s][info][gc             ] GC(407) Pause Young (Allocation Failure) 4488M->2132M(6879M) 92.891ms
[2303.564s][info][gc,cpu         ] GC(407) User=0.55s Sys=0.00s Real=0.09s
.......[2310.536s][info][gc,start       ] GC(408) Pause Young (Allocation Failure)
[2310.628s][info][gc,heap        ] GC(408) PSYoungGen: 2642816K(2649088K)->138592K(2650624K) Eden: 2503680K(2503680K)->0K(2505728K) From: 139136K(145408K)->138592K(144896K)
[2310.628s][info][gc,heap        ] GC(408) ParOldGen: 2045032K(4395520K)->2136192K(4395520K)
[2310.628s][info][gc,metaspace   ] GC(408) Metaspace: 29092K(29440K)->29092K(29440K) NonClass: 24202K(24320K)->24202K(24320K) Class: 4889K(5120K)->4889K(5120K)
[2310.628s][info][gc             ] GC(408) Pause Young (Allocation Failure) 4577M->2221M(6881M) 91.496ms
[2310.628s][info][gc,cpu         ] GC(408) User=0.54s Sys=0.00s Real=0.09s
.. (rIR:aIR:PR = 2906:2905:2904) (tPR = 43538) [OK] 
  2311s: Performance info:
         Transaction,    Success,    Partial,     Failed,   Receipts, AvgBarcode, 
             Overall,     174367,          0,          0,     165663,      59.49, 
         Response times:
             Request,    Success,    Partial,     Failed,   SkipFail,     Probes,    Samples,      min,      p50,      p90,      p95,      p99,      max, 
       TotalPurchase,     165656,          0,          0,          0,     161778,     176182,      300,     2300,     3500,     3900,     8100,   125000,
     InStorePurchase,      87113,          0,          0,          0,      85608,      92971,      300,     2200,     3500,     3900,     7700,   125000,
      OnlinePurchase,      61112,          0,          0,          0,      59384,      64664,      300,     2300,     3500,     3900,     8600,   125000,
        InstPurchase,      17431,          0,          0,          0,      16786,      18547,      400,     2400,     3500,     3900,     8900,   125000,
          AssocOfCat,        174,          0,          0,          0,        137,        203,    17000,    22000,    28000,    29000,    42720,   117000,
      AssocOfProduct,       1748,          0,          0,          0,       1580,       1845,      500,     2600,     3600,     4100,    10100,    97000,
      BusinessReport,        436,          0,          0,          0,        372,        494,    18300,    28000,    34000,    37000,    51000,   127000,
          CustBuyBeh,       1741,          0,          0,          0,       1581,       1907,      300,     1900,     3000,     3400,     8984,    96000,
       ProductReturn,       4618,          0,          0,          0,       4270,       4808,      200,     1600,     3300,     3700,     6100,    98000,

  2311s: (22%)   IR =   3044 .....[2317.354s][info][gc,start       ] GC(409) Pause Young (Allocation Failure)
[2317.450s][info][gc,heap        ] GC(409) PSYoungGen: 2644320K(2650624K)->144676K(2650624K) Eden: 2505728K(2505728K)->0K(2505728K) From: 138592K(144896K)->144676K(144896K)
[2317.450s][info][gc,heap        ] GC(409) ParOldGen: 2136192K(4395520K)->2229632K(4395520K)
[2317.450s][info][gc,metaspace   ] GC(409) Metaspace: 29092K(29440K)->29092K(29440K) NonClass: 24202K(24320K)->24202K(24320K) Class: 4889K(5120K)->4889K(5120K)
[2317.450s][info][gc             ] GC(409) Pause Young (Allocation Failure) 4668M->2318M(6881M) 96.469ms
[2317.450s][info][gc,cpu         ] GC(409) User=0.57s Sys=0.00s Real=0.10s
...|...[2323.958s][info][gc,start       ] GC(410) Pause Young (Allocation Failure)
[2324.050s][info][gc,heap        ] GC(410) PSYoungGen: 2650404K(2650624K)->138080K(2649600K) Eden: 2505728K(2505728K)->0K(2504192K) From: 144676K(144896K)->138080K(145408K)
[2324.050s][info][gc,heap        ] GC(410) ParOldGen: 2229632K(4395520K)->2321888K(4395520K)
[2324.050s][info][gc,metaspace   ] GC(410) Metaspace: 29092K(29440K)->29092K(29440K) NonClass: 24202K(24320K)->24202K(24320K) Class: 4889K(5120K)->4889K(5120K)
[2324.050s][info][gc             ] GC(410) Pause Young (Allocation Failure) 4765M->2402M(6880M) 92.334ms
[2324.051s][info][gc,cpu         ] GC(410) User=0.55s Sys=0.00s Real=0.10s
.......[2330.718s][info][gc,start       ] GC(411) Pause Young (Allocation Failure)
[2330.810s][info][gc,heap        ] GC(411) PSYoungGen: 2642272K(2649600K)->138784K(2650112K) Eden: 2504192K(2504192K)->0K(2504192K) From: 138080K(145408K)->138784K(145920K)
[2330.810s][info][gc,heap        ] GC(411) ParOldGen: 2321888K(4395520K)->2414016K(4395520K)
[2330.810s][info][gc,metaspace   ] GC(411) Metaspace: 29092K(29440K)->29092K(29440K) NonClass: 24202K(24320K)->24202K(24320K) Class: 4889K(5120K)->4889K(5120K)
[2330.810s][info][gc             ] GC(411) Pause Young (Allocation Failure) 4847M->2492M(6880M) 91.837ms
[2330.810s][info][gc,cpu         ] GC(411) User=0.54s Sys=0.00s Real=0.10s
.......[2337.419s][info][gc,start       ] GC(412) Pause Young (Allocation Failure)
[2337.514s][info][gc,heap        ] GC(412) PSYoungGen: 2642976K(2650112K)->140352K(2650112K) Eden: 2504192K(2504192K)->0K(2504704K) From: 138784K(145920K)->140352K(145408K)
[2337.514s][info][gc,heap        ] GC(412) ParOldGen: 2414016K(4395520K)->2506104K(4395520K)
[2337.514s][info][gc,metaspace   ] GC(412) Metaspace: 29092K(29440K)->29092K(29440K) NonClass: 24202K(24320K)->24202K(24320K) Class: 4889K(5120K)->4889K(5120K)
[2337.514s][info][gc             ] GC(412) Pause Young (Allocation Failure) 4938M->2584M(6880M) 94.223ms
[2337.514s][info][gc,cpu         ] GC(412) User=0.55s Sys=0.01s Real=0.09s
......[2344.122s][info][gc,start       ] GC(413) Pause Young (Allocation Failure)
[2344.215s][info][gc,heap        ] GC(413) PSYoungGen: 2645056K(2650112K)->140032K(2650112K) Eden: 2504704K(2504704K)->0K(2504704K) From: 140352K(145408K)->140032K(145408K)
[2344.215s][info][gc,heap        ] GC(413) ParOldGen: 2506104K(4395520K)->2598632K(4395520K)
[2344.215s][info][gc,metaspace   ] GC(413) Metaspace: 29092K(29440K)->29092K(29440K) NonClass: 24202K(24320K)->24202K(24320K) Class: 4889K(5120K)->4889K(5120K)
[2344.215s][info][gc             ] GC(413) Pause Young (Allocation Failure) 5030M->2674M(6880M) 92.290ms
[2344.215s][info][gc,cpu         ] GC(413) User=0.54s Sys=0.00s Real=0.09s
.......[2350.780s][info][gc,start       ] GC(414) Pause Young (Allocation Failure)
[2350.877s][info][gc,heap        ] GC(414) PSYoungGen: 2644736K(2650112K)->142021K(2650112K) Eden: 2504704K(2504704K)->0K(2505216K) From: 140032K(145408K)->142021K(144896K)
[2350.877s][info][gc,heap        ] GC(414) ParOldGen: 2598632K(4395520K)->2691176K(4395520K)
[2350.877s][info][gc,metaspace   ] GC(414) Metaspace: 29092K(29440K)->29092K(29440K) NonClass: 24202K(24320K)->24202K(24320K) Class: 4889K(5120K)->4889K(5120K)
[2350.877s][info][gc             ] GC(414) Pause Young (Allocation Failure) 5120M->2766M(6880M) 96.481ms
[2350.877s][info][gc,cpu         ] GC(414) User=0.57s Sys=0.00s Real=0.09s
.......[2357.544s][info][gc,start       ] GC(415) Pause Young (Allocation Failure)
[2357.636s][info][gc,heap        ] GC(415) PSYoungGen: 2647237K(2650112K)->138784K(2650112K) Eden: 2505216K(2505216K)->0K(2505216K) From: 142021K(144896K)->138784K(144896K)
[2357.636s][info][gc,heap        ] GC(415) ParOldGen: 2691176K(4395520K)->2782040K(4395520K)
[2357.636s][info][gc,metaspace   ] GC(415) Metaspace: 29092K(29440K)->29092K(29440K) NonClass: 24202K(24320K)->24202K(24320K) Class: 4889K(5120K)->4889K(5120K)
[2357.636s][info][gc             ] GC(415) Pause Young (Allocation Failure) 5213M->2852M(6880M) 92.231ms
[2357.636s][info][gc,cpu         ] GC(415) User=0.55s Sys=0.00s Real=0.09s
.......[2364.268s][info][gc,start       ] GC(416) Pause Young (Allocation Failure)
[2364.362s][info][gc,heap        ] GC(416) PSYoungGen: 2644000K(2650112K)->139936K(2650112K) Eden: 2505216K(2505216K)->0K(2506240K) From: 138784K(144896K)->139936K(143872K)
[2364.362s][info][gc,heap        ] GC(416) ParOldGen: 2782040K(4395520K)->2874616K(4395520K)
[2364.362s][info][gc,metaspace   ] GC(416) Metaspace: 29092K(29440K)->29092K(29440K) NonClass: 24202K(24320K)->24202K(24320K) Class: 4889K(5120K)->4889K(5120K)
[2364.362s][info][gc             ] GC(416) Pause Young (Allocation Failure) 5298M->2943M(6880M) 94.066ms
[2364.362s][info][gc,cpu         ] GC(416) User=0.55s Sys=0.00s Real=0.10s
......[2370.968s][info][gc,start       ] GC(417) Pause Young (Allocation Failure)
[2371.062s][info][gc,heap        ] GC(417) PSYoungGen: 2646176K(2650112K)->139424K(2650624K) Eden: 2506240K(2506240K)->0K(2506240K) From: 139936K(143872K)->139424K(144384K)
[2371.062s][info][gc,heap        ] GC(417) ParOldGen: 2874616K(4395520K)->2965960K(4395520K)
[2371.062s][info][gc,metaspace   ] GC(417) Metaspace: 29092K(29440K)->29092K(29440K) NonClass: 24202K(24320K)->24202K(24320K) Class: 4889K(5120K)->4889K(5120K)
[2371.062s][info][gc             ] GC(417) Pause Young (Allocation Failure) 5391M->3032M(6881M) 93.944ms
[2371.062s][info][gc,cpu         ] GC(417) User=0.55s Sys=0.00s Real=0.10s
.......[2377.672s][info][gc,start       ] GC(418) Pause Young (Allocation Failure)
[2377.765s][info][gc,heap        ] GC(418) PSYoungGen: 2645664K(2650624K)->137536K(2651648K) Eden: 2506240K(2506240K)->0K(2507776K) From: 139424K(144384K)->137536K(143872K)
[2377.765s][info][gc,heap        ] GC(418) ParOldGen: 2965960K(4395520K)->3058360K(4395520K)
[2377.765s][info][gc,metaspace   ] GC(418) Metaspace: 29092K(29440K)->29092K(29440K) NonClass: 24202K(24320K)->24202K(24320K) Class: 4889K(5120K)->4889K(5120K)
[2377.765s][info][gc             ] GC(418) Pause Young (Allocation Failure) 5480M->3120M(6882M) 92.327ms
[2377.765s][info][gc,cpu         ] GC(418) User=0.54s Sys=0.00s Real=0.09s
... (rIR:aIR:PR = 3044:3043:3043) (tPR = 45409) [OK] 
  2379s: Performance info:
         Transaction,    Success,    Partial,     Failed,   Receipts, AvgBarcode, 
             Overall,     182736,          0,          0,     173609,      59.48, 
         Response times:
             Request,    Success,    Partial,     Failed,   SkipFail,     Probes,    Samples,      min,      p50,      p90,      p95,      p99,      max, 
       TotalPurchase,     173609,          0,          0,          0,     170357,     194652,      300,     2300,     3700,     4200,     9900,   121000,
     InStorePurchase,      91363,          0,          0,          0,      89753,     102183,      300,     2400,     3700,     4200,    11400,   121000,
      OnlinePurchase,      63977,          0,          0,          0,      62926,      71997,      300,     2200,     3600,     4100,     8100,   119000,
        InstPurchase,      18269,          0,          0,          0,      17678,      20472,      400,     2400,     3800,     4300,     8800,   119000,
          AssocOfCat,        182,          0,          0,          0,        136,        218,    16200,    23000,    29000,    32000,    46860,   116000,
      AssocOfProduct,       1824,          0,          0,          0,       1657,       2044,      500,     2800,     4000,     4400,    12440,   119000,
      BusinessReport,        454,          0,          0,          0,        359,        506,    18200,    27000,    34000,    37650,    53790,   125000,
          CustBuyBeh,       1821,          0,          0,          0,       1639,       2046,      300,     2600,     3700,     4165,     9171,   119000,
       ProductReturn,       4846,          0,          0,          0,       4545,       5375,      200,     2600,     3700,     4200,     8348,   119000,

  2379s: (23%)   IR =   3183 ...[2384.210s][info][gc,start       ] GC(419) Pause Young (Allocation Failure)
[2384.305s][info][gc,heap        ] GC(419) PSYoungGen: 2645312K(2651648K)->140883K(2651648K) Eden: 2507776K(2507776K)->0K(2507776K) From: 137536K(143872K)->140883K(143872K)
[2384.305s][info][gc,heap        ] GC(419) ParOldGen: 3058360K(4395520K)->3150272K(4395520K)
[2384.305s][info][gc,metaspace   ] GC(419) Metaspace: 29093K(29440K)->29093K(29440K) NonClass: 24203K(24320K)->24203K(24320K) Class: 4889K(5120K)->4889K(5120K)
[2384.305s][info][gc             ] GC(419) Pause Young (Allocation Failure) 5569M->3214M(6882M) 94.844ms
[2384.305s][info][gc,cpu         ] GC(419) User=0.56s Sys=0.01s Real=0.09s
....|...[2390.577s][info][gc,start       ] GC(420) Pause Young (Allocation Failure)
[2390.669s][info][gc,heap        ] GC(420) PSYoungGen: 2648659K(2651648K)->136576K(2651136K) Eden: 2507776K(2507776K)->0K(2507264K) From: 140883K(143872K)->136576K(143872K)
[2390.669s][info][gc,heap        ] GC(420) ParOldGen: 3150272K(4395520K)->3242984K(4395520K)
[2390.669s][info][gc,metaspace   ] GC(420) Metaspace: 29093K(29440K)->29093K(29440K) NonClass: 24203K(24320K)->24203K(24320K) Class: 4889K(5120K)->4889K(5120K)
[2390.670s][info][gc             ] GC(420) Pause Young (Allocation Failure) 5663M->3300M(6881M) 92.432ms
[2390.670s][info][gc,cpu         ] GC(420) User=0.55s Sys=0.00s Real=0.10s
......[2397.036s][info][gc,start       ] GC(421) Pause Young (Allocation Failure)
[2397.130s][info][gc,heap        ] GC(421) PSYoungGen: 2643840K(2651136K)->139104K(2651648K) Eden: 2507264K(2507264K)->0K(2507264K) From: 136576K(143872K)->139104K(144384K)
[2397.130s][info][gc,heap        ] GC(421) ParOldGen: 3242984K(4395520K)->3334728K(4395520K)
[2397.130s][info][gc,metaspace   ] GC(421) Metaspace: 29093K(29440K)->29093K(29440K) NonClass: 24203K(24320K)->24203K(24320K) Class: 4889K(5120K)->4889K(5120K)
[2397.130s][info][gc             ] GC(421) Pause Young (Allocation Failure) 5748M->3392M(6882M) 94.304ms
[2397.130s][info][gc,cpu         ] GC(421) User=0.56s Sys=0.00s Real=0.10s
.......[2403.425s][info][gc,start       ] GC(422) Pause Young (Allocation Failure)
[2403.519s][info][gc,heap        ] GC(422) PSYoungGen: 2646360K(2651648K)->140640K(2651648K) Eden: 2507256K(2507264K)->0K(2507776K) From: 139104K(144384K)->140640K(143872K)
[2403.519s][info][gc,heap        ] GC(422) ParOldGen: 3334728K(4395520K)->3427536K(4395520K)
[2403.519s][info][gc,metaspace   ] GC(422) Metaspace: 29093K(29440K)->29093K(29440K) NonClass: 24203K(24320K)->24203K(24320K) Class: 4889K(5120K)->4889K(5120K)
[2403.519s][info][gc             ] GC(422) Pause Young (Allocation Failure) 5840M->3484M(6882M) 94.207ms
[2403.519s][info][gc,cpu         ] GC(422) User=0.56s Sys=0.00s Real=0.09s
......[2409.846s][info][gc,start       ] GC(423) Pause Young (Allocation Failure)
[2409.939s][info][gc,heap        ] GC(423) PSYoungGen: 2648416K(2651648K)->139264K(2651648K) Eden: 2507776K(2507776K)->0K(2507776K) From: 140640K(143872K)->139264K(143872K)
[2409.939s][info][gc,heap        ] GC(423) ParOldGen: 3427536K(4395520K)->3519792K(4395520K)
[2409.939s][info][gc,metaspace   ] GC(423) Metaspace: 29093K(29440K)->29093K(29440K) NonClass: 24203K(24320K)->24203K(24320K) Class: 4889K(5120K)->4889K(5120K)
[2409.939s][info][gc             ] GC(423) Pause Young (Allocation Failure) 5933M->3573M(6882M) 93.010ms
[2409.939s][info][gc,cpu         ] GC(423) User=0.55s Sys=0.00s Real=0.09s
.......[2416.367s][info][gc,start       ] GC(424) Pause Young (Allocation Failure)
[2416.462s][info][gc,heap        ] GC(424) PSYoungGen: 2647040K(2651648K)->141056K(2651136K) Eden: 2507776K(2507776K)->0K(2507776K) From: 139264K(143872K)->141056K(143360K)
[2416.462s][info][gc,heap        ] GC(424) ParOldGen: 3519792K(4395520K)->3612264K(4395520K)
[2416.462s][info][gc,metaspace   ] GC(424) Metaspace: 29093K(29440K)->29093K(29440K) NonClass: 24203K(24320K)->24203K(24320K) Class: 4889K(5120K)->4889K(5120K)
[2416.462s][info][gc             ] GC(424) Pause Young (Allocation Failure) 6022M->3665M(6881M) 95.666ms
[2416.462s][info][gc,cpu         ] GC(424) User=0.56s Sys=0.00s Real=0.10s
......[2422.706s][info][gc,start       ] GC(425) Pause Young (Allocation Failure)
[2422.800s][info][gc,heap        ] GC(425) PSYoungGen: 2648832K(2651136K)->136448K(2651648K) Eden: 2507776K(2507776K)->0K(2507776K) From: 141056K(143360K)->136448K(143872K)
[2422.800s][info][gc,heap        ] GC(425) ParOldGen: 3612264K(4395520K)->3706064K(4395520K)
[2422.800s][info][gc,metaspace   ] GC(425) Metaspace: 29093K(29440K)->29093K(29440K) NonClass: 24203K(24320K)->24203K(24320K) Class: 4889K(5120K)->4889K(5120K)
[2422.800s][info][gc             ] GC(425) Pause Young (Allocation Failure) 6114M->3752M(6882M) 93.783ms
[2422.800s][info][gc,cpu         ] GC(425) User=0.55s Sys=0.00s Real=0.10s
......[2429.111s][info][gc,start       ] GC(426) Pause Young (Allocation Failure)
[2429.205s][info][gc,heap        ] GC(426) PSYoungGen: 2644224K(2651648K)->139616K(2651136K) Eden: 2507776K(2507776K)->0K(2508288K) From: 136448K(143872K)->139616K(142848K)
[2429.205s][info][gc,heap        ] GC(426) ParOldGen: 3706064K(4395520K)->3797080K(4395520K)
[2429.205s][info][gc,metaspace   ] GC(426) Metaspace: 29093K(29440K)->29093K(29440K) NonClass: 24203K(24320K)->24203K(24320K) Class: 4889K(5120K)->4889K(5120K)
[2429.205s][info][gc             ] GC(426) Pause Young (Allocation Failure) 6201M->3844M(6881M) 93.888ms
[2429.205s][info][gc,cpu         ] GC(426) User=0.55s Sys=0.01s Real=0.09s
.......[2435.673s][info][gc,start       ] GC(427) Pause Young (Allocation Failure)
[2435.769s][info][gc,heap        ] GC(427) PSYoungGen: 2647904K(2651136K)->140416K(2651648K) Eden: 2508288K(2508288K)->0K(2508288K) From: 139616K(142848K)->140416K(143360K)
[2435.769s][info][gc,heap        ] GC(427) ParOldGen: 3797080K(4395520K)->3888536K(4395520K)
[2435.769s][info][gc,metaspace   ] GC(427) Metaspace: 29093K(29440K)->29093K(29440K) NonClass: 24203K(24320K)->24203K(24320K) Class: 4889K(5120K)->4889K(5120K)
[2435.769s][info][gc             ] GC(427) Pause Young (Allocation Failure) 6293M->3934M(6882M) 95.837ms
[2435.769s][info][gc,cpu         ] GC(427) User=0.56s Sys=0.00s Real=0.09s
......[2442.076s][info][gc,start       ] GC(428) Pause Young (Allocation Failure)
[2442.171s][info][gc,heap        ] GC(428) PSYoungGen: 2648704K(2651648K)->139776K(2652672K) Eden: 2508288K(2508288K)->0K(2509312K) From: 140416K(143360K)->139776K(143360K)
[2442.171s][info][gc,heap        ] GC(428) ParOldGen: 3888536K(4395520K)->3982960K(4395520K)
[2442.171s][info][gc,metaspace   ] GC(428) Metaspace: 29093K(29440K)->29093K(29440K) NonClass: 24203K(24320K)->24203K(24320K) Class: 4889K(5120K)->4889K(5120K)
[2442.171s][info][gc             ] GC(428) Pause Young (Allocation Failure) 6384M->4026M(6883M) 94.425ms
[2442.171s][info][gc,cpu         ] GC(428) User=0.55s Sys=0.00s Real=0.10s
...... (rIR:aIR:PR = 3183:3181:3181) (tPR = 47436) [OK] 
  2447s: Performance info:
         Transaction,    Success,    Partial,     Failed,   Receipts, AvgBarcode, 
             Overall,     190993,          0,          0,     181449,      59.47, 
         Response times:
             Request,    Success,    Partial,     Failed,   SkipFail,     Probes,    Samples,      min,      p50,      p90,      p95,      p99,      max, 
       TotalPurchase,     181449,          0,          0,          0,     178124,     200464,      300,     2400,     3700,     4200,    10900,   107000,
     InStorePurchase,      95473,          0,          0,          0,      94128,     105759,      300,     2400,     3700,     4200,    10300,   107000,
      OnlinePurchase,      66851,          0,          0,          0,      65625,      73807,      300,     2400,     3700,     4200,    11200,   106000,
        InstPurchase,      19125,          0,          0,          0,      18371,      20898,      400,     2400,     3700,     4200,    10201,   101000,
          AssocOfCat,        191,          0,          0,          0,        143,        219,    16900,    23000,    29000,    31000,    35000,   123000,
      AssocOfProduct,       1903,          0,          0,          0,       1715,       2108,      500,     2500,     3500,     3900,     9900,    26000,
      BusinessReport,        478,          0,          0,          0,        393,        523,    19500,    29000,    35000,    39800,    54520,   127000,
          CustBuyBeh,       1908,          0,          0,          0,       1702,       2067,      600,     2700,     3900,     4400,    14800,    33000,
       ProductReturn,       5064,          0,          0,          0,       4796,       5627,      200,     1400,     3300,     3800,     6672,   103000,

  2447s: (24%)   IR =   3321 .[2448.538s][info][gc,start       ] GC(429) Pause Young (Allocation Failure)
[2448.632s][info][gc,heap        ] GC(429) PSYoungGen: 2649088K(2652672K)->139520K(2649088K) Eden: 2509312K(2509312K)->0K(2509312K) From: 139776K(143360K)->139520K(139776K)
[2448.632s][info][gc,heap        ] GC(429) ParOldGen: 3982960K(4395520K)->4075408K(4395520K)
[2448.632s][info][gc,metaspace   ] GC(429) Metaspace: 29093K(29440K)->29093K(29440K) NonClass: 24203K(24320K)->24203K(24320K) Class: 4889K(5120K)->4889K(5120K)
[2448.632s][info][gc             ] GC(429) Pause Young (Allocation Failure) 6476M->4116M(6879M) 94.746ms
[2448.632s][info][gc,cpu         ] GC(429) User=0.56s Sys=0.00s Real=0.10s
......|[2454.729s][info][gc,start       ] GC(430) Pause Young (Allocation Failure)
[2454.828s][info][gc,heap        ] GC(430) PSYoungGen: 2648832K(2649088K)->142816K(2580480K) Eden: 2509312K(2509312K)->0K(2437632K) From: 139520K(139776K)->142816K(142848K)
[2454.828s][info][gc,heap        ] GC(430) ParOldGen: 4075408K(4395520K)->4171272K(4395520K)
[2454.828s][info][gc,metaspace   ] GC(430) Metaspace: 29093K(29440K)->29093K(29440K) NonClass: 24203K(24320K)->24203K(24320K) Class: 4889K(5120K)->4889K(5120K)
[2454.828s][info][gc             ] GC(430) Pause Young (Allocation Failure) 6566M->4212M(6812M) 99.031ms
[2454.828s][info][gc,cpu         ] GC(430) User=0.58s Sys=0.00s Real=0.10s
......[2460.690s][info][gc,start       ] GC(431) Pause Young (Allocation Failure)
[2460.784s][info][gc,heap        ] GC(431) PSYoungGen: 2580448K(2580480K)->137696K(2616832K) Eden: 2437632K(2437632K)->0K(2437632K) From: 142816K(142848K)->137696K(179200K)
[2460.784s][info][gc,heap        ] GC(431) ParOldGen: 4171272K(4395520K)->4264024K(4395520K)
[2460.784s][info][gc,metaspace   ] GC(431) Metaspace: 29093K(29440K)->29093K(29440K) NonClass: 24203K(24320K)->24203K(24320K) Class: 4889K(5120K)->4889K(5120K)
[2460.784s][info][gc             ] GC(431) Pause Young (Allocation Failure) 6593M->4298M(6848M) 94.705ms
[2460.785s][info][gc,cpu         ] GC(431) User=0.56s Sys=0.00s Real=0.09s
......[2466.681s][info][gc,start       ] GC(432) Pause Young (Allocation Failure)
[2466.777s][info][gc,heap        ] GC(432) PSYoungGen: 2575328K(2616832K)->142416K(2611712K) Eden: 2437632K(2437632K)->0K(2438656K) From: 137696K(179200K)->142416K(173056K)
[2466.777s][info][gc,heap        ] GC(432) ParOldGen: 4264024K(4395520K)->4354224K(4395520K)
[2466.777s][info][gc,metaspace   ] GC(432) Metaspace: 29093K(29440K)->29093K(29440K) NonClass: 24203K(24320K)->24203K(24320K) Class: 4889K(5120K)->4889K(5120K)
[2466.777s][info][gc             ] GC(432) Pause Young (Allocation Failure) 6679M->4391M(6843M) 96.837ms
[2466.777s][info][gc,cpu         ] GC(432) User=0.57s Sys=0.00s Real=0.09s
......[2472.724s][info][gc,start       ] GC(433) Pause Young (Allocation Failure)
[2472.823s][info][gc,heap        ] GC(433) PSYoungGen: 2581072K(2611712K)->140213K(2614784K) Eden: 2438656K(2438656K)->0K(2438656K) From: 142416K(173056K)->140213K(176128K)
[2472.823s][info][gc,heap        ] GC(433) ParOldGen: 4354224K(4395520K)->4445976K(4446208K)
[2472.823s][info][gc,metaspace   ] GC(433) Metaspace: 29093K(29440K)->29093K(29440K) NonClass: 24203K(24320K)->24203K(24320K) Class: 4889K(5120K)->4889K(5120K)
[2472.823s][info][gc             ] GC(433) Pause Young (Allocation Failure) 6772M->4478M(6895M) 99.417ms
[2472.823s][info][gc,cpu         ] GC(433) User=0.57s Sys=0.02s Real=0.10s
......[2478.591s][info][gc,start       ] GC(434) Pause Young (Allocation Failure)
[2478.688s][info][gc,heap        ] GC(434) PSYoungGen: 2578869K(2614784K)->132640K(2618368K) Eden: 2438656K(2438656K)->0K(2445312K) From: 140213K(176128K)->132640K(173056K)
[2478.688s][info][gc,heap        ] GC(434) ParOldGen: 4445976K(4446208K)->4537856K(4538368K)
[2478.688s][info][gc,metaspace   ] GC(434) Metaspace: 29093K(29440K)->29093K(29440K) NonClass: 24203K(24320K)->24203K(24320K) Class: 4889K(5120K)->4889K(5120K)
[2478.688s][info][gc             ] GC(434) Pause Young (Allocation Failure) 6860M->4561M(6989M) 96.485ms
[2478.688s][info][gc,cpu         ] GC(434) User=0.53s Sys=0.03s Real=0.09s
......[2484.561s][info][gc,start       ] GC(435) Pause Young (Allocation Failure)
[2484.657s][info][gc,heap        ] GC(435) PSYoungGen: 2577952K(2618368K)->135136K(2619904K) Eden: 2445312K(2445312K)->0K(2445312K) From: 132640K(173056K)->135136K(174592K)
[2484.657s][info][gc,heap        ] GC(435) ParOldGen: 4537856K(4538368K)->4627912K(4627968K)
[2484.657s][info][gc,metaspace   ] GC(435) Metaspace: 29093K(29440K)->29093K(29440K) NonClass: 24203K(24320K)->24203K(24320K) Class: 4889K(5120K)->4889K(5120K)
[2484.657s][info][gc             ] GC(435) Pause Young (Allocation Failure) 6949M->4651M(7078M) 95.598ms
[2484.657s][info][gc,cpu         ] GC(435) User=0.54s Sys=0.02s Real=0.09s
......[2490.602s][info][gc,start       ] GC(436) Pause Young (Allocation Failure)
[2490.701s][info][gc,heap        ] GC(436) PSYoungGen: 2580448K(2619904K)->134944K(2617856K) Eden: 2445312K(2445312K)->0K(2447872K) From: 135136K(174592K)->134944K(169984K)
[2490.701s][info][gc,heap        ] GC(436) ParOldGen: 4627912K(4627968K)->4719928K(4720128K)
[2490.701s][info][gc,metaspace   ] GC(436) Metaspace: 29093K(29440K)->29093K(29440K) NonClass: 24203K(24320K)->24203K(24320K) Class: 4889K(5120K)->4889K(5120K)
[2490.701s][info][gc             ] GC(436) Pause Young (Allocation Failure) 7039M->4741M(7166M) 98.510ms
[2490.701s][info][gc,cpu         ] GC(436) User=0.55s Sys=0.04s Real=0.10s
......[2496.673s][info][gc,start       ] GC(437) Pause Young (Allocation Failure)
[2496.773s][info][gc,heap        ] GC(437) PSYoungGen: 2582816K(2617856K)->140928K(2619904K) Eden: 2447872K(2447872K)->0K(2447872K) From: 134944K(169984K)->140928K(172032K)
[2496.773s][info][gc,heap        ] GC(437) ParOldGen: 4719928K(4720128K)->4810736K(4810752K)
[2496.773s][info][gc,metaspace   ] GC(437) Metaspace: 29093K(29440K)->29093K(29440K) NonClass: 24203K(24320K)->24203K(24320K) Class: 4889K(5120K)->4889K(5120K)
[2496.773s][info][gc             ] GC(437) Pause Young (Allocation Failure) 7131M->4835M(7256M) 99.673ms
[2496.773s][info][gc,cpu         ] GC(437) User=0.56s Sys=0.04s Real=0.10s
......[2502.579s][info][gc,start       ] GC(438) Pause Young (Allocation Failure)
[2502.677s][info][gc,heap        ] GC(438) PSYoungGen: 2588800K(2619904K)->133248K(2623488K) Eden: 2447872K(2447872K)->0K(2454528K) From: 140928K(172032K)->133248K(168960K)
[2502.677s][info][gc,heap        ] GC(438) ParOldGen: 4810736K(4810752K)->4904240K(4904448K)
[2502.677s][info][gc,metaspace   ] GC(438) Metaspace: 29093K(29440K)->29093K(29440K) NonClass: 24203K(24320K)->24203K(24320K) Class: 4889K(5120K)->4889K(5120K)
[2502.677s][info][gc             ] GC(438) Pause Young (Allocation Failure) 7226M->4919M(7351M) 98.393ms
[2502.677s][info][gc,cpu         ] GC(438) User=0.55s Sys=0.03s Real=0.10s
......[2508.702s][info][gc,start       ] GC(439) Pause Young (Allocation Failure)
[2508.800s][info][gc,heap        ] GC(439) PSYoungGen: 2587776K(2623488K)->136608K(2623488K) Eden: 2454528K(2454528K)->0K(2454528K) From: 133248K(168960K)->136608K(168960K)
[2508.800s][info][gc,heap        ] GC(439) ParOldGen: 4904240K(4904448K)->4994048K(4994560K)
[2508.800s][info][gc,metaspace   ] GC(439) Metaspace: 29093K(29440K)->29093K(29440K) NonClass: 24203K(24320K)->24203K(24320K) Class: 4889K(5120K)->4889K(5120K)
[2508.800s][info][gc             ] GC(439) Pause Young (Allocation Failure) 7316M->5010M(7439M) 98.123ms
[2508.800s][info][gc,cpu         ] GC(439) User=0.55s Sys=0.03s Real=0.10s
...... (rIR:aIR:PR = 3321:3322:3322) (tPR = 49209) [OK] 
  2514s: Performance info:
         Transaction,    Success,    Partial,     Failed,   Receipts, AvgBarcode, 
             Overall,     199440,          0,          0,     189454,      59.48, 
         Response times:
             Request,    Success,    Partial,     Failed,   SkipFail,     Probes,    Samples,      min,      p50,      p90,      p95,      p99,      max, 
       TotalPurchase,     189454,          0,          0,          0,     185738,     208913,      300,     2500,     4000,     4500,    14900,   107000,
     InStorePurchase,      99631,          0,          0,          0,      97823,     109731,      300,     2600,     4000,     4500,    14800,   106000,
      OnlinePurchase,      69857,          0,          0,          0,      68567,      77095,      300,     2400,     3900,     4500,    14600,   107000,
        InstPurchase,      19966,          0,          0,          0,      19348,      22087,      400,     2700,     4000,     4500,    18100,   105000,
          AssocOfCat,        201,          0,          0,          0,        148,        218,    16000,    22000,    29000,    31000,    47290,   150000,
      AssocOfProduct,       1984,          0,          0,          0,       1840,       2250,      500,     3500,     4500,     5100,    21000,   101000,
      BusinessReport,        501,          0,          0,          0,        418,        566,    18700,    28000,    35000,    37000,    53650,   149000,
          CustBuyBeh,       2004,          0,          0,          0,       1796,       2170,      200,     2800,     3800,     4200,    15644,   101000,
       ProductReturn,       5296,          0,          0,          0,       5011,       5867,      200,     1700,     3200,     3600,    10900,   104000,

  2514s: (25%)   IR =   3459 [2514.623s][info][gc,start       ] GC(440) Pause Young (Allocation Failure)
[2514.721s][info][gc,heap        ] GC(440) PSYoungGen: 2591136K(2623488K)->137712K(2625536K) Eden: 2454528K(2454528K)->0K(2459648K) From: 136608K(168960K)->137712K(165888K)
[2514.721s][info][gc,heap        ] GC(440) ParOldGen: 4994048K(4994560K)->5086808K(5087232K)
[2514.721s][info][gc,metaspace   ] GC(440) Metaspace: 29093K(29440K)->29093K(29440K) NonClass: 24203K(24320K)->24203K(24320K) Class: 4889K(5120K)->4889K(5120K)
[2514.721s][info][gc             ] GC(440) Pause Young (Allocation Failure) 7407M->5102M(7532M) 98.110ms
[2514.721s][info][gc,cpu         ] GC(440) User=0.55s Sys=0.02s Real=0.10s
....|..[2520.486s][info][gc,start       ] GC(441) Pause Young (Allocation Failure)
[2520.587s][info][gc,heap        ] GC(441) PSYoungGen: 2597360K(2625536K)->139840K(2625024K) Eden: 2459648K(2459648K)->0K(2459648K) From: 137712K(165888K)->139840K(165376K)
[2520.587s][info][gc,heap        ] GC(441) ParOldGen: 5086808K(5087232K)->5176688K(5176832K)
[2520.587s][info][gc,metaspace   ] GC(441) Metaspace: 29093K(29440K)->29093K(29440K) NonClass: 24203K(24320K)->24203K(24320K) Class: 4889K(5120K)->4889K(5120K)
[2520.587s][info][gc             ] GC(441) Pause Young (Allocation Failure) 7504M->5191M(7619M) 101.219ms
[2520.587s][info][gc,cpu         ] GC(441) User=0.57s Sys=0.03s Real=0.10s
.....[2526.241s][info][gc,start       ] GC(442) Pause Full (Diagnostic Command)
[2526.241s][info][gc,phases,start] GC(442) Marking Phase
[2526.526s][info][gc,phases      ] GC(442) Marking Phase 284.905ms
[2526.526s][info][gc,phases,start] GC(442) Summary Phase
[2526.526s][info][gc,phases      ] GC(442) Summary Phase 0.087ms
[2526.526s][info][gc,phases,start] GC(442) Forward
[2526.720s][info][gc,phases      ] GC(442) Forward 194.236ms
[2526.720s][info][gc,phases,start] GC(442) Adjust Pointers
[2526.934s][info][gc,phases      ] GC(442) Adjust Pointers 213.541ms
[2526.934s][info][gc,phases,start] GC(442) Compaction Phase
[2527.100s][info][gc,phases      ] GC(442) Compaction Phase 166.285ms
[2527.103s][info][gc,phases,start] GC(442) Post Compact
[2527.109s][info][gc,phases      ] GC(442) Post Compact 6.541ms
[2527.109s][info][gc,heap        ] GC(442) PSYoungGen: 2572849K(2625024K)->0K(2625024K) Eden: 2433009K(2459648K)->0K(2459648K) From: 139840K(165376K)->0K(165376K)
[2527.109s][info][gc,heap        ] GC(442) ParOldGen: 5176688K(5176832K)->1126750K(5176832K)
[2527.109s][info][gc,metaspace   ] GC(442) Metaspace: 29093K(29440K)->29093K(29440K) NonClass: 24203K(24320K)->24203K(24320K) Class: 4889K(5120K)->4889K(5120K)
[2527.109s][info][gc             ] GC(442) Pause Full (Diagnostic Command) 7567M->1100M(7619M) 868.628ms
[2527.109s][info][gc,cpu         ] GC(442) User=4.47s Sys=0.00s Real=0.87s
.....[2531.996s][info][gc,start       ] GC(443) Pause Young (Allocation Failure)
[2532.057s][info][gc,heap        ] GC(443) PSYoungGen: 2459648K(2625024K)->137216K(2629120K) Eden: 2459648K(2459648K)->0K(2466304K) From: 0K(165376K)->137216K(162816K)
[2532.057s][info][gc,heap        ] GC(443) ParOldGen: 1126750K(5176832K)->1126750K(5176832K)
[2532.057s][info][gc,metaspace   ] GC(443) Metaspace: 29093K(29440K)->29093K(29440K) NonClass: 24203K(24320K)->24203K(24320K) Class: 4889K(5120K)->4889K(5120K)
[2532.057s][info][gc             ] GC(443) Pause Young (Allocation Failure) 3502M->1234M(7623M) 60.771ms
[2532.057s][info][gc,cpu         ] GC(443) User=0.36s Sys=0.00s Real=0.06s
......[2537.862s][info][gc,start       ] GC(444) Pause Young (Allocation Failure)
[2537.951s][info][gc,heap        ] GC(444) PSYoungGen: 2603520K(2629120K)->137312K(2628096K) Eden: 2466304K(2466304K)->0K(2466304K) From: 137216K(162816K)->137312K(161792K)
[2537.951s][info][gc,heap        ] GC(444) ParOldGen: 1126750K(5176832K)->1217686K(5176832K)
[2537.951s][info][gc,metaspace   ] GC(444) Metaspace: 29093K(29440K)->29093K(29440K) NonClass: 24203K(24320K)->24203K(24320K) Class: 4889K(5120K)->4889K(5120K)
[2537.951s][info][gc             ] GC(444) Pause Young (Allocation Failure) 3642M->1323M(7622M) 89.195ms
[2537.951s][info][gc,cpu         ] GC(444) User=0.53s Sys=0.00s Real=0.09s
......[2543.634s][info][gc,start       ] GC(445) Pause Young (Allocation Failure)
[2543.729s][info][gc,heap        ] GC(445) PSYoungGen: 2603616K(2628096K)->144356K(2632192K) Eden: 2466304K(2466304K)->0K(2471936K) From: 137312K(161792K)->144356K(160256K)
[2543.729s][info][gc,heap        ] GC(445) ParOldGen: 1217686K(5176832K)->1309230K(5176832K)
[2543.729s][info][gc,metaspace   ] GC(445) Metaspace: 29093K(29440K)->29093K(29440K) NonClass: 24203K(24320K)->24203K(24320K) Class: 4889K(5120K)->4889K(5120K)
[2543.729s][info][gc             ] GC(445) Pause Young (Allocation Failure) 3731M->1419M(7626M) 95.000ms
[2543.729s][info][gc,cpu         ] GC(445) User=0.57s Sys=0.00s Real=0.09s
......[2549.472s][info][gc,start       ] GC(446) Pause Young (Allocation Failure)
[2549.563s][info][gc,heap        ] GC(446) PSYoungGen: 2616292K(2632192K)->139680K(2631680K) Eden: 2471936K(2471936K)->0K(2471936K) From: 144356K(160256K)->139680K(159744K)
[2549.563s][info][gc,heap        ] GC(446) ParOldGen: 1309230K(5176832K)->1400542K(5176832K)
[2549.563s][info][gc,metaspace   ] GC(446) Metaspace: 29093K(29440K)->29093K(29440K) NonClass: 24203K(24320K)->24203K(24320K) Class: 4889K(5120K)->4889K(5120K)
[2549.563s][info][gc             ] GC(446) Pause Young (Allocation Failure) 3833M->1504M(7625M) 90.966ms
[2549.563s][info][gc,cpu         ] GC(446) User=0.54s Sys=0.00s Real=0.09s
......[2555.388s][info][gc,start       ] GC(447) Pause Young (Allocation Failure)
[2555.480s][info][gc,heap        ] GC(447) PSYoungGen: 2611616K(2631680K)->140288K(2634240K) Eden: 2471936K(2471936K)->0K(2478080K) From: 139680K(159744K)->140288K(156160K)
[2555.480s][info][gc,heap        ] GC(447) ParOldGen: 1400542K(5176832K)->1491718K(5176832K)
[2555.480s][info][gc,metaspace   ] GC(447) Metaspace: 29093K(29440K)->29093K(29440K) NonClass: 24203K(24320K)->24203K(24320K) Class: 4889K(5120K)->4889K(5120K)
[2555.480s][info][gc             ] GC(447) Pause Young (Allocation Failure) 3918M->1593M(7628M) 91.464ms
[2555.480s][info][gc,cpu         ] GC(447) User=0.54s Sys=0.00s Real=0.10s
.....[2561.044s][info][gc,start       ] GC(448) Pause Young (Allocation Failure)
[2561.136s][info][gc,heap        ] GC(448) PSYoungGen: 2618368K(2634240K)->135728K(2634240K) Eden: 2478080K(2478080K)->0K(2478080K) From: 140288K(156160K)->135728K(156160K)
[2561.136s][info][gc,heap        ] GC(448) ParOldGen: 1491718K(5176832K)->1585150K(5176832K)
[2561.136s][info][gc,metaspace   ] GC(448) Metaspace: 29093K(29440K)->29093K(29440K) NonClass: 24203K(24320K)->24203K(24320K) Class: 4889K(5120K)->4889K(5120K)
[2561.136s][info][gc             ] GC(448) Pause Young (Allocation Failure) 4013M->1680M(7628M) 91.836ms
[2561.136s][info][gc,cpu         ] GC(448) User=0.55s Sys=0.00s Real=0.09s
......[2567.010s][info][gc,start       ] GC(449) Pause Young (Allocation Failure)
[2567.101s][info][gc,heap        ] GC(449) PSYoungGen: 2613808K(2634240K)->141152K(2638336K) Eden: 2478080K(2478080K)->0K(2484224K) From: 135728K(156160K)->141152K(154112K)
[2567.101s][info][gc,heap        ] GC(449) ParOldGen: 1585150K(5176832K)->1674270K(5176832K)
[2567.101s][info][gc,metaspace   ] GC(449) Metaspace: 29093K(29440K)->29093K(29440K) NonClass: 24203K(24320K)->24203K(24320K) Class: 4889K(5120K)->4889K(5120K)
[2567.101s][info][gc             ] GC(449) Pause Young (Allocation Failure) 4100M->1772M(7632M) 90.647ms
[2567.101s][info][gc,cpu         ] GC(449) User=0.53s Sys=0.00s Real=0.09s
......[2572.806s][info][gc,start       ] GC(450) Pause Young (Allocation Failure)
[2572.895s][info][gc,heap        ] GC(450) PSYoungGen: 2625376K(2638336K)->136512K(2638848K) Eden: 2484224K(2484224K)->0K(2484224K) From: 141152K(154112K)->136512K(154624K)
[2572.895s][info][gc,heap        ] GC(450) ParOldGen: 1674270K(5176832K)->1767166K(5176832K)
[2572.895s][info][gc,metaspace   ] GC(450) Metaspace: 29093K(29440K)->29093K(29440K) NonClass: 24203K(24320K)->24203K(24320K) Class: 4889K(5120K)->4889K(5120K)
[2572.895s][info][gc             ] GC(450) Pause Young (Allocation Failure) 4198M->1859M(7632M) 89.194ms
[2572.895s][info][gc,cpu         ] GC(450) User=0.53s Sys=0.00s Real=0.09s
......[2578.699s][info][gc,start       ] GC(451) Pause Young (Allocation Failure)
[2578.790s][info][gc,heap        ] GC(451) PSYoungGen: 2620736K(2638848K)->137408K(2639872K) Eden: 2484224K(2484224K)->0K(2487808K) From: 136512K(154624K)->137408K(152064K)
[2578.790s][info][gc,heap        ] GC(451) ParOldGen: 1767166K(5176832K)->1858590K(5176832K)
[2578.790s][info][gc,metaspace   ] GC(451) Metaspace: 29093K(29440K)->29093K(29440K) NonClass: 24203K(24320K)->24203K(24320K) Class: 4889K(5120K)->4889K(5120K)
[2578.790s][info][gc             ] GC(451) Pause Young (Allocation Failure) 4285M->1949M(7633M) 91.017ms
[2578.790s][info][gc,cpu         ] GC(451) User=0.54s Sys=0.00s Real=0.10s
. (rIR:aIR:PR = 3459:3461:3461) (tPR = 51233) [OK] 
  2578s: Performance info:
         Transaction,    Success,    Partial,     Failed,   Receipts, AvgBarcode, 
             Overall,     210240,          0,          0,     199709,      59.47, 
         Response times:
             Request,    Success,    Partial,     Failed,   SkipFail,     Probes,    Samples,      min,      p50,      p90,      p95,      p99,      max, 
       TotalPurchase,     199709,          0,          0,          0,     194931,     209629,      300,     2600,     4100,     5000,   101000,   205000,
     InStorePurchase,     105072,          0,          0,          0,     102758,     110124,      300,     2500,     4100,     4900,    98750,   205000,
      OnlinePurchase,      73603,          0,          0,          0,      71835,      77255,      300,     2700,     4200,     5200,   104440,   202000,
        InstPurchase,      21034,          0,          0,          0,      20338,      22250,      400,     2500,     4000,     4945,   108450,   193000,
          AssocOfCat,        206,          0,          0,          0,        154,        236,    17600,    25000,    32000,    36000,   102540,   133000,
      AssocOfProduct,       2101,          0,          0,          0,       1884,       2175,      500,     2600,     3800,     4600,    96000,   163000,
      BusinessReport,        525,          0,          0,          0,        403,        528,    19100,    30000,    37000,    43000,   116000,   148000,
          CustBuyBeh,       2109,          0,          0,          0,       1893,       2169,      200,     2800,     4000,     5100,   149000,   163000,
       ProductReturn,       5590,          0,          0,          0,       5256,       5886,      200,     1100,     3600,     4200,    50950,   190000,

  2578s: (26%)   IR =   3598 .....[2584.332s][info][gc,start       ] GC(452) Pause Young (Allocation Failure)
[2584.424s][info][gc,heap        ] GC(452) PSYoungGen: 2625216K(2639872K)->139392K(2640384K) Eden: 2487808K(2487808K)->0K(2487808K) From: 137408K(152064K)->139392K(152576K)
[2584.424s][info][gc,heap        ] GC(452) ParOldGen: 1858590K(5176832K)->1951630K(5176832K)
[2584.424s][info][gc,metaspace   ] GC(452) Metaspace: 29093K(29440K)->29093K(29440K) NonClass: 24203K(24320K)->24203K(24320K) Class: 4889K(5120K)->4889K(5120K)
[2584.424s][info][gc             ] GC(452) Pause Young (Allocation Failure) 4378M->2042M(7634M) 91.601ms
[2584.424s][info][gc,cpu         ] GC(452) User=0.54s Sys=0.00s Real=0.09s
...|..[2589.969s][info][gc,start       ] GC(453) Pause Young (Allocation Failure)
[2590.061s][info][gc,heap        ] GC(453) PSYoungGen: 2627200K(2640384K)->139040K(2641920K) Eden: 2487808K(2487808K)->0K(2491904K) From: 139392K(152576K)->139040K(150016K)
[2590.061s][info][gc,heap        ] GC(453) ParOldGen: 1951630K(5176832K)->2043046K(5176832K)
[2590.061s][info][gc,metaspace   ] GC(453) Metaspace: 29093K(29440K)->29093K(29440K) NonClass: 24203K(24320K)->24203K(24320K) Class: 4889K(5120K)->4889K(5120K)
[2590.061s][info][gc             ] GC(453) Pause Young (Allocation Failure) 4471M->2130M(7635M) 91.811ms
[2590.061s][info][gc,cpu         ] GC(453) User=0.54s Sys=0.00s Real=0.10s
......[2595.585s][info][gc,start       ] GC(454) Pause Young (Allocation Failure)
[2595.676s][info][gc,heap        ] GC(454) PSYoungGen: 2630944K(2641920K)->136224K(2642432K) Eden: 2491904K(2491904K)->0K(2491904K) From: 139040K(150016K)->136224K(150528K)
[2595.676s][info][gc,heap        ] GC(454) ParOldGen: 2043046K(5176832K)->2135806K(5176832K)
[2595.676s][info][gc,metaspace   ] GC(454) Metaspace: 29093K(29440K)->29093K(29440K) NonClass: 24203K(24320K)->24203K(24320K) Class: 4889K(5120K)->4889K(5120K)
[2595.676s][info][gc             ] GC(454) Pause Young (Allocation Failure) 4564M->2218M(7636M) 90.882ms
[2595.676s][info][gc,cpu         ] GC(454) User=0.54s Sys=0.00s Real=0.09s
......[2601.321s][info][gc,start       ] GC(455) Pause Young (Allocation Failure)
[2601.414s][info][gc,heap        ] GC(455) PSYoungGen: 2628128K(2642432K)->141120K(2644480K) Eden: 2491904K(2491904K)->0K(2495488K) From: 136224K(150528K)->141120K(148992K)
[2601.414s][info][gc,heap        ] GC(455) ParOldGen: 2135806K(5176832K)->2227510K(5176832K)
[2601.414s][info][gc,metaspace   ] GC(455) Metaspace: 29093K(29440K)->29093K(29440K) NonClass: 24203K(24320K)->24203K(24320K) Class: 4889K(5120K)->4889K(5120K)
[2601.414s][info][gc             ] GC(455) Pause Young (Allocation Failure) 4652M->2313M(7638M) 92.387ms
[2601.414s][info][gc,cpu         ] GC(455) User=0.54s Sys=0.00s Real=0.09s
.....[2606.961s][info][gc,start       ] GC(456) Pause Young (Allocation Failure)
[2607.055s][info][gc,heap        ] GC(456) PSYoungGen: 2636608K(2644480K)->144404K(2644992K) Eden: 2495488K(2495488K)->0K(2495488K) From: 141120K(148992K)->144404K(149504K)
[2607.055s][info][gc,heap        ] GC(456) ParOldGen: 2227510K(5176832K)->2319806K(5176832K)
[2607.055s][info][gc,metaspace   ] GC(456) Metaspace: 29093K(29440K)->29093K(29440K) NonClass: 24203K(24320K)->24203K(24320K) Class: 4889K(5120K)->4889K(5120K)
[2607.055s][info][gc             ] GC(456) Pause Young (Allocation Failure) 4750M->2406M(7638M) 94.473ms
[2607.055s][info][gc,cpu         ] GC(456) User=0.56s Sys=0.00s Real=0.09s
......[2612.660s][info][gc,start       ] GC(457) Pause Young (Allocation Failure)
[2612.752s][info][gc,heap        ] GC(457) PSYoungGen: 2639892K(2644992K)->138304K(2645504K) Eden: 2495488K(2495488K)->0K(2496000K) From: 144404K(149504K)->138304K(149504K)
[2612.752s][info][gc,heap        ] GC(457) ParOldGen: 2319806K(5176832K)->2412158K(5176832K)
[2612.752s][info][gc,metaspace   ] GC(457) Metaspace: 29098K(29504K)->29098K(29504K) NonClass: 24208K(24384K)->24208K(24384K) Class: 4889K(5120K)->4889K(5120K)
[2612.752s][info][gc             ] GC(457) Pause Young (Allocation Failure) 4843M->2490M(7639M) 91.905ms
[2612.752s][info][gc,cpu         ] GC(457) User=0.54s Sys=0.00s Real=0.09s
......[2618.303s][info][gc,start       ] GC(458) Pause Young (Allocation Failure)
[2618.395s][info][gc,heap        ] GC(458) PSYoungGen: 2634304K(2645504K)->140160K(2645504K) Eden: 2496000K(2496000K)->0K(2496000K) From: 138304K(149504K)->140160K(149504K)
[2618.395s][info][gc,heap        ] GC(458) ParOldGen: 2412158K(5176832K)->2505102K(5176832K)
[2618.395s][info][gc,metaspace   ] GC(458) Metaspace: 29098K(29504K)->29098K(29504K) NonClass: 24208K(24384K)->24208K(24384K) Class: 4889K(5120K)->4889K(5120K)
[2618.395s][info][gc             ] GC(458) Pause Young (Allocation Failure) 4928M->2583M(7639M) 92.052ms
[2618.395s][info][gc,cpu         ] GC(458) User=0.54s Sys=0.00s Real=0.09s
.....[2624.020s][info][gc,start       ] GC(459) Pause Young (Allocation Failure)
[2624.112s][info][gc,heap        ] GC(459) PSYoungGen: 2636160K(2645504K)->139776K(2644992K) Eden: 2496000K(2496000K)->0K(2497536K) From: 140160K(149504K)->139776K(147456K)
[2624.112s][info][gc,heap        ] GC(459) ParOldGen: 2505102K(5176832K)->2596894K(5176832K)
[2624.112s][info][gc,metaspace   ] GC(459) Metaspace: 29098K(29504K)->29098K(29504K) NonClass: 24208K(24384K)->24208K(24384K) Class: 4889K(5120K)->4889K(5120K)
[2624.112s][info][gc             ] GC(459) Pause Young (Allocation Failure) 5020M->2672M(7638M) 92.231ms
[2624.112s][info][gc,cpu         ] GC(459) User=0.55s Sys=0.00s Real=0.09s
......[2629.635s][info][gc,start       ] GC(460) Pause Young (Allocation Failure)
[2629.727s][info][gc,heap        ] GC(460) PSYoungGen: 2637312K(2644992K)->137120K(2645504K) Eden: 2497536K(2497536K)->0K(2497536K) From: 139776K(147456K)->137120K(147968K)
[2629.727s][info][gc,heap        ] GC(460) ParOldGen: 2596894K(5176832K)->2689166K(5176832K)
[2629.727s][info][gc,metaspace   ] GC(460) Metaspace: 29098K(29504K)->29098K(29504K) NonClass: 24208K(24384K)->24208K(24384K) Class: 4889K(5120K)->4889K(5120K)
[2629.727s][info][gc             ] GC(460) Pause Young (Allocation Failure) 5111M->2760M(7639M) 91.953ms
[2629.727s][info][gc,cpu         ] GC(460) User=0.55s Sys=0.00s Real=0.09s
......[2635.331s][info][gc,start       ] GC(461) Pause Young (Allocation Failure)
[2635.422s][info][gc,heap        ] GC(461) PSYoungGen: 2634656K(2645504K)->138720K(2647040K) Eden: 2497536K(2497536K)->0K(2500608K) From: 137120K(147968K)->138720K(146432K)
[2635.422s][info][gc,heap        ] GC(461) ParOldGen: 2689166K(5176832K)->2781446K(5176832K)
[2635.422s][info][gc,metaspace   ] GC(461) Metaspace: 29098K(29504K)->29098K(29504K) NonClass: 24208K(24384K)->24208K(24384K) Class: 4889K(5120K)->4889K(5120K)
[2635.422s][info][gc             ] GC(461) Pause Young (Allocation Failure) 5199M->2851M(7640M) 91.073ms
[2635.422s][info][gc,cpu         ] GC(461) User=0.54s Sys=0.00s Real=0.09s
.....[2640.986s][info][gc,start       ] GC(462) Pause Young (Allocation Failure)
[2641.080s][info][gc,heap        ] GC(462) PSYoungGen: 2639328K(2647040K)->139392K(2647552K) Eden: 2500608K(2500608K)->0K(2500608K) From: 138720K(146432K)->139392K(146944K)
[2641.080s][info][gc,heap        ] GC(462) ParOldGen: 2781446K(5176832K)->2872550K(5176832K)
[2641.080s][info][gc,metaspace   ] GC(462) Metaspace: 29098K(29504K)->29098K(29504K) NonClass: 24208K(24384K)->24208K(24384K) Class: 4889K(5120K)->4889K(5120K)
[2641.080s][info][gc             ] GC(462) Pause Young (Allocation Failure) 5293M->2941M(7641M) 93.596ms
[2641.080s][info][gc,cpu         ] GC(462) User=0.55s Sys=0.00s Real=0.10s
......[2646.643s][info][gc,start       ] GC(463) Pause Young (Allocation Failure)
[2646.736s][info][gc,heap        ] GC(463) PSYoungGen: 2640000K(2647552K)->137760K(2648064K) Eden: 2500608K(2500608K)->0K(2502656K) From: 139392K(146944K)->137760K(145408K)
[2646.736s][info][gc,heap        ] GC(463) ParOldGen: 2872550K(5176832K)->2964966K(5176832K)
[2646.736s][info][gc,metaspace   ] GC(463) Metaspace: 29098K(29504K)->29098K(29504K) NonClass: 24208K(24384K)->24208K(24384K) Class: 4889K(5120K)->4889K(5120K)
[2646.736s][info][gc             ] GC(463) Pause Young (Allocation Failure) 5383M->3030M(7641M) 92.720ms
[2646.736s][info][gc,cpu         ] GC(463) User=0.54s Sys=0.00s Real=0.09s
. (rIR:aIR:PR = 3598:3598:3598) (tPR = 53136) [OK] 
  2646s: Performance info:
         Transaction,    Success,    Partial,     Failed,   Receipts, AvgBarcode, 
             Overall,     216006,          0,          0,     205204,      59.48, 
         Response times:
             Request,    Success,    Partial,     Failed,   SkipFail,     Probes,    Samples,      min,      p50,      p90,      p95,      p99,      max, 
       TotalPurchase,     205204,          0,          0,          0,     202087,     229858,      300,     2600,     4200,     4800,    13900,   139000,
     InStorePurchase,     107986,          0,          0,          0,     106702,     121143,      300,     2600,     4200,     4700,    13600,   139000,
      OnlinePurchase,      75604,          0,          0,          0,      74325,      84380,      300,     2700,     4200,     4800,    14600,   117000,
        InstPurchase,      21614,          0,          0,          0,      21060,      24335,      400,     2500,     4200,     4700,    13300,   101000,
          AssocOfCat,        216,          0,          0,          0,        159,        249,    15800,    22000,    31000,    33000,    39500,    47000,
      AssocOfProduct,       2160,          0,          0,          0,       1941,       2366,      700,     3600,     4700,     5400,    21000,    99000,
      BusinessReport,        538,          0,          0,          0,        449,        620,    18800,    29000,    37000,    42000,    60000,   139000,
          CustBuyBeh,       2168,          0,          0,          0,       1979,       2433,      200,     2300,     3600,     4100,    11228,    96000,
       ProductReturn,       5720,          0,          0,          0,       5419,       6424,      200,     2600,     4000,     4500,    12200,   139000,

  2646s: (27%)   IR =   3736 ....|[2652.148s][info][gc,start       ] GC(464) Pause Young (Allocation Failure)
[2652.242s][info][gc,heap        ] GC(464) PSYoungGen: 2640416K(2648064K)->140992K(2648576K) Eden: 2502656K(2502656K)->0K(2502656K) From: 137760K(145408K)->140992K(145920K)
[2652.242s][info][gc,heap        ] GC(464) ParOldGen: 2964966K(5176832K)->3056222K(5176832K)
[2652.242s][info][gc,metaspace   ] GC(464) Metaspace: 29098K(29504K)->29098K(29504K) NonClass: 24208K(24384K)->24208K(24384K) Class: 4889K(5120K)->4889K(5120K)
[2652.242s][info][gc             ] GC(464) Pause Young (Allocation Failure) 5474M->3122M(7642M) 93.685ms
[2652.242s][info][gc,cpu         ] GC(464) User=0.55s Sys=0.00s Real=0.10s
......[2657.627s][info][gc,start       ] GC(465) Pause Young (Allocation Failure)
[2657.723s][info][gc,heap        ] GC(465) PSYoungGen: 2643648K(2648576K)->143257K(2648064K) Eden: 2502656K(2502656K)->0K(2502144K) From: 140992K(145920K)->143257K(145920K)
[2657.723s][info][gc,heap        ] GC(465) ParOldGen: 3056222K(5176832K)->3149782K(5176832K)
[2657.723s][info][gc,metaspace   ] GC(465) Metaspace: 29101K(29504K)->29101K(29504K) NonClass: 24211K(24384K)->24211K(24384K) Class: 4889K(5120K)->4889K(5120K)
[2657.723s][info][gc             ] GC(465) Pause Young (Allocation Failure) 5566M->3215M(7641M) 95.929ms
[2657.723s][info][gc,cpu         ] GC(465) User=0.57s Sys=0.01s Real=0.10s
.....[2663.127s][info][gc,start       ] GC(466) Pause Young (Allocation Failure)
[2663.221s][info][gc,heap        ] GC(466) PSYoungGen: 2645401K(2648064K)->140544K(2649088K) Eden: 2502144K(2502144K)->0K(2502144K) From: 143257K(145920K)->140544K(146944K)
[2663.221s][info][gc,heap        ] GC(466) ParOldGen: 3149782K(5176832K)->3242014K(5176832K)
[2663.221s][info][gc,metaspace   ] GC(466) Metaspace: 29101K(29504K)->29101K(29504K) NonClass: 24211K(24384K)->24211K(24384K) Class: 4889K(5120K)->4889K(5120K)
[2663.221s][info][gc             ] GC(466) Pause Young (Allocation Failure) 5659M->3303M(7642M) 93.286ms
[2663.221s][info][gc,cpu         ] GC(466) User=0.55s Sys=0.00s Real=0.10s
......[2668.564s][info][gc,start       ] GC(467) Pause Young (Allocation Failure)
[2668.657s][info][gc,heap        ] GC(467) PSYoungGen: 2642688K(2649088K)->136704K(2648576K) Eden: 2502144K(2502144K)->0K(2502656K) From: 140544K(146944K)->136704K(145920K)
[2668.658s][info][gc,heap        ] GC(467) ParOldGen: 3242014K(5176832K)->3335326K(5176832K)
[2668.658s][info][gc,metaspace   ] GC(467) Metaspace: 29101K(29504K)->29101K(29504K) NonClass: 24211K(24384K)->24211K(24384K) Class: 4889K(5120K)->4889K(5120K)
[2668.658s][info][gc             ] GC(467) Pause Young (Allocation Failure) 5746M->3390M(7642M) 93.239ms
[2668.658s][info][gc,cpu         ] GC(467) User=0.55s Sys=0.00s Real=0.09s
.....[2674.022s][info][gc,start       ] GC(468) Pause Young (Allocation Failure)
[2674.116s][info][gc,heap        ] GC(468) PSYoungGen: 2639360K(2648576K)->139712K(2649088K) Eden: 2502656K(2502656K)->0K(2502656K) From: 136704K(145920K)->139712K(146432K)
[2674.116s][info][gc,heap        ] GC(468) ParOldGen: 3335326K(5176832K)->3427318K(5176832K)
[2674.116s][info][gc,metaspace   ] GC(468) Metaspace: 29101K(29504K)->29101K(29504K) NonClass: 24211K(24384K)->24211K(24384K) Class: 4889K(5120K)->4889K(5120K)
[2674.116s][info][gc             ] GC(468) Pause Young (Allocation Failure) 5834M->3483M(7642M) 94.069ms
[2674.116s][info][gc,cpu         ] GC(468) User=0.55s Sys=0.00s Real=0.09s
......[2679.479s][info][gc,start       ] GC(469) Pause Young (Allocation Failure)
[2679.575s][info][gc,heap        ] GC(469) PSYoungGen: 2642368K(2649088K)->144996K(2647552K) Eden: 2502656K(2502656K)->0K(2502144K) From: 139712K(146432K)->144996K(145408K)
[2679.575s][info][gc,heap        ] GC(469) ParOldGen: 3427318K(5176832K)->3519662K(5176832K)
[2679.576s][info][gc,metaspace   ] GC(469) Metaspace: 29101K(29504K)->29101K(29504K) NonClass: 24211K(24384K)->24211K(24384K) Class: 4889K(5120K)->4889K(5120K)
[2679.576s][info][gc             ] GC(469) Pause Young (Allocation Failure) 5927M->3578M(7641M) 96.694ms
[2679.576s][info][gc,cpu         ] GC(469) User=0.57s Sys=0.00s Real=0.10s
.....[2684.976s][info][gc,start       ] GC(470) Pause Young (Allocation Failure)
[2685.073s][info][gc,heap        ] GC(470) PSYoungGen: 2647140K(2647552K)->144244K(2646528K) Eden: 2502144K(2502144K)->0K(2502144K) From: 144996K(145408K)->144244K(144384K)
[2685.073s][info][gc,heap        ] GC(470) ParOldGen: 3519662K(5176832K)->3610846K(5176832K)
[2685.073s][info][gc,metaspace   ] GC(470) Metaspace: 29101K(29504K)->29101K(29504K) NonClass: 24211K(24384K)->24211K(24384K) Class: 4889K(5120K)->4889K(5120K)
[2685.073s][info][gc             ] GC(470) Pause Young (Allocation Failure) 6022M->3667M(7640M) 96.686ms
[2685.073s][info][gc,cpu         ] GC(470) User=0.57s Sys=0.00s Real=0.10s
......[2690.411s][info][gc,start       ] GC(471) Pause Young (Allocation Failure)
[2690.505s][info][gc,heap        ] GC(471) PSYoungGen: 2646388K(2646528K)->140256K(2648576K) Eden: 2502144K(2502144K)->0K(2500608K) From: 144244K(144384K)->140256K(147968K)
[2690.505s][info][gc,heap        ] GC(471) ParOldGen: 3610846K(5176832K)->3702998K(5176832K)
[2690.505s][info][gc,metaspace   ] GC(471) Metaspace: 29101K(29504K)->29101K(29504K) NonClass: 24211K(24384K)->24211K(24384K) Class: 4889K(5120K)->4889K(5120K)
[2690.505s][info][gc             ] GC(471) Pause Young (Allocation Failure) 6110M->3753M(7642M) 93.791ms
[2690.505s][info][gc,cpu         ] GC(471) User=0.56s Sys=0.00s Real=0.09s
.....[2695.826s][info][gc,start       ] GC(472) Pause Young (Allocation Failure)
[2695.920s][info][gc,heap        ] GC(472) PSYoungGen: 2640864K(2648576K)->138208K(2638848K) Eden: 2500608K(2500608K)->0K(2500608K) From: 140256K(147968K)->138208K(138240K)
[2695.920s][info][gc,heap        ] GC(472) ParOldGen: 3702998K(5176832K)->3794382K(5176832K)
[2695.920s][info][gc,metaspace   ] GC(472) Metaspace: 29101K(29504K)->29101K(29504K) NonClass: 24211K(24384K)->24211K(24384K) Class: 4889K(5120K)->4889K(5120K)
[2695.920s][info][gc             ] GC(472) Pause Young (Allocation Failure) 6195M->3840M(7632M) 93.536ms
[2695.920s][info][gc,cpu         ] GC(472) User=0.55s Sys=0.00s Real=0.10s
.....[2701.283s][info][gc,start       ] GC(473) Pause Young (Allocation Failure)
[2701.376s][info][gc,heap        ] GC(473) PSYoungGen: 2638816K(2638848K)->140064K(2648064K) Eden: 2500608K(2500608K)->0K(2501120K) From: 138208K(138240K)->140064K(146944K)
[2701.377s][info][gc,heap        ] GC(473) ParOldGen: 3794382K(5176832K)->3886318K(5176832K)
[2701.377s][info][gc,metaspace   ] GC(473) Metaspace: 29101K(29504K)->29101K(29504K) NonClass: 24211K(24384K)->24211K(24384K) Class: 4889K(5120K)->4889K(5120K)
[2701.377s][info][gc             ] GC(473) Pause Young (Allocation Failure) 6282M->3932M(7641M) 93.309ms
[2701.377s][info][gc,cpu         ] GC(473) User=0.55s Sys=0.00s Real=0.09s
......[2706.867s][info][gc,start       ] GC(474) Pause Young (Allocation Failure)
[2706.963s][info][gc,heap        ] GC(474) PSYoungGen: 2641184K(2648064K)->145348K(2647552K) Eden: 2501120K(2501120K)->0K(2501120K) From: 140064K(146944K)->145348K(146432K)
[2706.963s][info][gc,heap        ] GC(474) ParOldGen: 3886318K(5176832K)->3977686K(5176832K)
[2706.963s][info][gc,metaspace   ] GC(474) Metaspace: 29101K(29504K)->29101K(29504K) NonClass: 24211K(24384K)->24211K(24384K) Class: 4889K(5120K)->4889K(5120K)
[2706.963s][info][gc             ] GC(474) Pause Young (Allocation Failure) 6374M->4026M(7641M) 95.745ms
[2706.963s][info][gc,cpu         ] GC(474) User=0.57s Sys=0.00s Real=0.10s
..... (rIR:aIR:PR = 3736:3736:3737) (tPR = 55826) [OK] 
  2711s: Performance info:
         Transaction,    Success,    Partial,     Failed,   Receipts, AvgBarcode, 
             Overall,     224655,          0,          0,     213414,      59.48, 
         Response times:
             Request,    Success,    Partial,     Failed,   SkipFail,     Probes,    Samples,      min,      p50,      p90,      p95,      p99,      max, 
       TotalPurchase,     213408,          0,          0,          0,     209670,     224264,      300,     2700,     4400,     5000,    14200,   108000,
     InStorePurchase,     112315,          0,          0,          0,     110773,     118172,      300,     2800,     4400,     5000,    14200,   108000,
      OnlinePurchase,      78644,          0,          0,          0,      77190,      82470,      300,     2600,     4400,     5000,    14000,   108000,
        InstPurchase,      22449,          0,          0,          0,      21707,      23622,      400,     2900,     4400,     5000,    15400,   108000,
          AssocOfCat,        224,          0,          0,          0,        164,        241,    16300,    25000,    33000,    36900,    81380,    87000,
      AssocOfProduct,       2244,          0,          0,          0,       2051,       2346,      500,     1800,     3300,     3865,     6500,   102000,
      BusinessReport,        560,          0,          0,          0,        454,        574,    18700,    29000,    39000,    46000,    72250,   162000,
          CustBuyBeh,       2246,          0,          0,          0,       2041,       2305,      200,     3100,     4500,     5100,    14864,    98000,
       ProductReturn,       5967,          0,          0,          0,       5642,       6183,      200,     2700,     4300,     4900,    12232,    99000,

  2711s: (28%)   IR =   3874 [2712.286s][info][gc,start       ] GC(475) Pause Young (Allocation Failure)
[2712.381s][info][gc,heap        ] GC(475) PSYoungGen: 2646468K(2647552K)->139744K(2649088K) Eden: 2501120K(2501120K)->0K(2501632K) From: 145348K(146432K)->139744K(147456K)
[2712.381s][info][gc,heap        ] GC(475) ParOldGen: 3977686K(5176832K)->4071518K(5176832K)
[2712.381s][info][gc,metaspace   ] GC(475) Metaspace: 29101K(29504K)->29101K(29504K) NonClass: 24211K(24384K)->24211K(24384K) Class: 4889K(5120K)->4889K(5120K)
[2712.381s][info][gc             ] GC(475) Pause Young (Allocation Failure) 6468M->4112M(7642M) 94.530ms
[2712.381s][info][gc,cpu         ] GC(475) User=0.56s Sys=0.00s Real=0.10s
....|..[2717.602s][info][gc,start       ] GC(476) Pause Young (Allocation Failure)
[2717.696s][info][gc,heap        ] GC(476) PSYoungGen: 2641376K(2649088K)->138208K(2648576K) Eden: 2501632K(2501632K)->0K(2501632K) From: 139744K(147456K)->138208K(146944K)
[2717.696s][info][gc,heap        ] GC(476) ParOldGen: 4071518K(5176832K)->4163082K(5176832K)
[2717.696s][info][gc,metaspace   ] GC(476) Metaspace: 29101K(29504K)->29101K(29504K) NonClass: 24211K(24384K)->24211K(24384K) Class: 4889K(5120K)->4889K(5120K)
[2717.696s][info][gc             ] GC(476) Pause Young (Allocation Failure) 6555M->4200M(7642M) 93.648ms
[2717.696s][info][gc,cpu         ] GC(476) User=0.55s Sys=0.00s Real=0.09s
.....[2722.864s][info][gc,start       ] GC(477) Pause Young (Allocation Failure)
[2722.964s][info][gc,heap        ] GC(477) PSYoungGen: 2639840K(2648576K)->146133K(2646016K) Eden: 2501632K(2501632K)->0K(2499072K) From: 138208K(146944K)->146133K(146944K)
[2722.964s][info][gc,heap        ] GC(477) ParOldGen: 4163082K(5176832K)->4255850K(5176832K)
[2722.964s][info][gc,metaspace   ] GC(477) Metaspace: 29101K(29504K)->29101K(29504K) NonClass: 24211K(24384K)->24211K(24384K) Class: 4889K(5120K)->4889K(5120K)
[2722.964s][info][gc             ] GC(477) Pause Young (Allocation Failure) 6643M->4298M(7639M) 99.716ms
[2722.964s][info][gc,cpu         ] GC(477) User=0.59s Sys=0.00s Real=0.10s
.....[2728.063s][info][gc,start       ] GC(478) Pause Young (Allocation Failure)
[2728.160s][info][gc,heap        ] GC(478) PSYoungGen: 2645205K(2646016K)->143648K(2647552K) Eden: 2499072K(2499072K)->0K(2499072K) From: 146133K(146944K)->143648K(148480K)
[2728.160s][info][gc,heap        ] GC(478) ParOldGen: 4255850K(5176832K)->4349242K(5176832K)
[2728.160s][info][gc,metaspace   ] GC(478) Metaspace: 29101K(29504K)->29101K(29504K) NonClass: 24211K(24384K)->24211K(24384K) Class: 4889K(5120K)->4889K(5120K)
[2728.160s][info][gc             ] GC(478) Pause Young (Allocation Failure) 6739M->4387M(7641M) 96.728ms
[2728.160s][info][gc,cpu         ] GC(478) User=0.57s Sys=0.00s Real=0.10s
.....[2733.362s][info][gc,start       ] GC(479) Pause Young (Allocation Failure)
[2733.460s][info][gc,heap        ] GC(479) PSYoungGen: 2642720K(2647552K)->145945K(2645504K) Eden: 2499072K(2499072K)->0K(2497024K) From: 143648K(148480K)->145945K(148480K)
[2733.460s][info][gc,heap        ] GC(479) ParOldGen: 4349242K(5176832K)->4440002K(5176832K)
[2733.460s][info][gc,metaspace   ] GC(479) Metaspace: 29101K(29504K)->29101K(29504K) NonClass: 24211K(24384K)->24211K(24384K) Class: 4889K(5120K)->4889K(5120K)
[2733.460s][info][gc             ] GC(479) Pause Young (Allocation Failure) 6828M->4478M(7639M) 98.416ms
[2733.460s][info][gc,cpu         ] GC(479) User=0.59s Sys=0.00s Real=0.10s
......[2738.623s][info][gc,start       ] GC(480) Pause Young (Allocation Failure)
[2738.717s][info][gc,heap        ] GC(480) PSYoungGen: 2642969K(2645504K)->137824K(2646528K) Eden: 2497024K(2497024K)->0K(2497024K) From: 145945K(148480K)->137824K(149504K)
[2738.717s][info][gc,heap        ] GC(480) ParOldGen: 4440002K(5176832K)->4532338K(5176832K)
[2738.717s][info][gc,metaspace   ] GC(480) Metaspace: 29101K(29504K)->29101K(29504K) NonClass: 24211K(24384K)->24211K(24384K) Class: 4889K(5120K)->4889K(5120K)
[2738.717s][info][gc             ] GC(480) Pause Young (Allocation Failure) 6916M->4560M(7640M) 93.698ms
[2738.717s][info][gc,cpu         ] GC(480) User=0.55s Sys=0.00s Real=0.09s
.....[2743.840s][info][gc,start       ] GC(481) Pause Young (Allocation Failure)
[2743.933s][info][gc,heap        ] GC(481) PSYoungGen: 2634848K(2646528K)->137984K(2646528K) Eden: 2497024K(2497024K)->0K(2497024K) From: 137824K(149504K)->137984K(149504K)
[2743.933s][info][gc,heap        ] GC(481) ParOldGen: 4532338K(5176832K)->4625090K(5176832K)
[2743.933s][info][gc,metaspace   ] GC(481) Metaspace: 29101K(29504K)->29101K(29504K) NonClass: 24211K(24384K)->24211K(24384K) Class: 4889K(5120K)->4889K(5120K)
[2743.933s][info][gc             ] GC(481) Pause Young (Allocation Failure) 6999M->4651M(7640M) 93.108ms
[2743.933s][info][gc,cpu         ] GC(481) User=0.55s Sys=0.00s Real=0.09s
.....[2749.139s][info][gc,start       ] GC(482) Pause Young (Allocation Failure)
[2749.236s][info][gc,heap        ] GC(482) PSYoungGen: 2635008K(2646528K)->146740K(2643968K) Eden: 2497024K(2497024K)->0K(2497024K) From: 137984K(149504K)->146740K(146944K)
[2749.236s][info][gc,heap        ] GC(482) ParOldGen: 4625090K(5176832K)->4715554K(5176832K)
[2749.236s][info][gc,metaspace   ] GC(482) Metaspace: 29101K(29504K)->29101K(29504K) NonClass: 24211K(24384K)->24211K(24384K) Class: 4889K(5120K)->4889K(5120K)
[2749.236s][info][gc             ] GC(482) Pause Young (Allocation Failure) 7089M->4748M(7637M) 97.267ms
[2749.236s][info][gc,cpu         ] GC(482) User=0.57s Sys=0.00s Real=0.10s
.....[2754.380s][info][gc,start       ] GC(483) Pause Young (Allocation Failure)
[2754.474s][info][gc,heap        ] GC(483) PSYoungGen: 2643764K(2643968K)->141728K(2646016K) Eden: 2497024K(2497024K)->0K(2495488K) From: 146740K(146944K)->141728K(150528K)
[2754.474s][info][gc,heap        ] GC(483) ParOldGen: 4715554K(5176832K)->4807306K(5176832K)
[2754.474s][info][gc,metaspace   ] GC(483) Metaspace: 29101K(29504K)->29101K(29504K) NonClass: 24211K(24384K)->24211K(24384K) Class: 4889K(5120K)->4889K(5120K)
[2754.474s][info][gc             ] GC(483) Pause Young (Allocation Failure) 7186M->4833M(7639M) 94.185ms
[2754.474s][info][gc,cpu         ] GC(483) User=0.57s Sys=0.00s Real=0.09s
......[2759.695s][info][gc,start       ] GC(484) Pause Young (Allocation Failure)
[2759.789s][info][gc,heap        ] GC(484) PSYoungGen: 2637216K(2646016K)->137504K(2645504K) Eden: 2495488K(2495488K)->0K(2495488K) From: 141728K(150528K)->137504K(150016K)
[2759.789s][info][gc,heap        ] GC(484) ParOldGen: 4807306K(5176832K)->4899826K(5176832K)
[2759.790s][info][gc,metaspace   ] GC(484) Metaspace: 29101K(29504K)->29101K(29504K) NonClass: 24211K(24384K)->24211K(24384K) Class: 4889K(5120K)->4889K(5120K)
[2759.790s][info][gc             ] GC(484) Pause Young (Allocation Failure) 7270M->4919M(7639M) 94.132ms
[2759.790s][info][gc,cpu         ] GC(484) User=0.55s Sys=0.00s Real=0.10s
.....[2764.914s][info][gc,start       ] GC(485) Pause Young (Allocation Failure)
[2765.008s][info][gc,heap        ] GC(485) PSYoungGen: 2632992K(2645504K)->138304K(2645504K) Eden: 2495488K(2495488K)->0K(2496000K) From: 137504K(150016K)->138304K(149504K)
[2765.008s][info][gc,heap        ] GC(485) ParOldGen: 4899826K(5176832K)->4992250K(5176832K)
[2765.008s][info][gc,metaspace   ] GC(485) Metaspace: 29101K(29504K)->29101K(29504K) NonClass: 24211K(24384K)->24211K(24384K) Class: 4889K(5120K)->4889K(5120K)
[2765.008s][info][gc             ] GC(485) Pause Young (Allocation Failure) 7356M->5010M(7639M) 93.582ms
[2765.008s][info][gc,cpu         ] GC(485) User=0.55s Sys=0.00s Real=0.09s
.....[2770.250s][info][gc,start       ] GC(486) Pause Young (Allocation Failure)
[2770.346s][info][gc,heap        ] GC(486) PSYoungGen: 2634304K(2645504K)->141152K(2645504K) Eden: 2496000K(2496000K)->0K(2496000K) From: 138304K(149504K)->141152K(149504K)
[2770.346s][info][gc,heap        ] GC(486) ParOldGen: 4992250K(5176832K)->5083426K(5176832K)
[2770.346s][info][gc,metaspace   ] GC(486) Metaspace: 29101K(29504K)->29101K(29504K) NonClass: 24211K(24384K)->24211K(24384K) Class: 4889K(5120K)->4889K(5120K)
[2770.346s][info][gc             ] GC(486) Pause Young (Allocation Failure) 7447M->5102M(7639M) 95.542ms
[2770.346s][info][gc,cpu         ] GC(486) User=0.56s Sys=0.00s Real=0.09s
......[2775.501s][info][gc,start       ] GC(487) Pause Young (Allocation Failure)
[2775.596s][info][gc,heap        ] GC(487) PSYoungGen: 2637151K(2645504K)->141184K(2646016K) Eden: 2495999K(2496000K)->0K(2497536K) From: 141152K(149504K)->141184K(148480K)
[2775.596s][info][gc,heap        ] GC(487) ParOldGen: 5083426K(5176832K)->5176458K(5176832K)
[2775.596s][info][gc,metaspace   ] GC(487) Metaspace: 29101K(29504K)->29101K(29504K) NonClass: 24211K(24384K)->24211K(24384K) Class: 4889K(5120K)->4889K(5120K)
[2775.596s][info][gc             ] GC(487) Pause Young (Allocation Failure) 7539M->5193M(7639M) 95.442ms
[2775.596s][info][gc,cpu         ] GC(487) User=0.57s Sys=0.00s Real=0.09s
 (rIR:aIR:PR = 3874:3874:3874) (tPR = 57488) [OK] 
  2775s: Performance info:
         Transaction,    Success,    Partial,     Failed,   Receipts, AvgBarcode, 
             Overall,     232790,          0,          0,     221169,      59.47, 
         Response times:
             Request,    Success,    Partial,     Failed,   SkipFail,     Probes,    Samples,      min,      p50,      p90,      p95,      p99,      max, 
       TotalPurchase,     221169,          0,          0,          0,     216455,     232303,      300,     2800,     4500,     5200,    16900,   128000,
     InStorePurchase,     116398,          0,          0,          0,     113883,     121809,      300,     2900,     4500,     5100,    16300,   128000,
      OnlinePurchase,      81484,          0,          0,          0,      79941,      85969,      300,     2900,     4600,     5300,    17700,   114000,
        InstPurchase,      23287,          0,          0,          0,      22631,      24525,      400,     2200,     4200,     4800,    11574,   128000,
          AssocOfCat,        232,          0,          0,          0,        182,        273,    17300,    25000,    32000,    36000,    97260,   137000,
      AssocOfProduct,       2324,          0,          0,          0,       2113,       2411,      700,     2000,     3200,     3800,     7276,    97000,
      BusinessReport,        581,          0,          0,          0,        473,        575,    19200,    30000,    39000,    47000,    61880,   138000,
          CustBuyBeh,       2326,          0,          0,          0,       2168,       2481,      300,     3700,     4900,     5600,    21180,   105000,
       ProductReturn,       6158,          0,          0,          0,       5890,       6532,      200,     2600,     4100,     4600,    10267,   109000,

  2775s: (29%)   IR =   4013 ....|[2780.579s][info][gc,start       ] GC(488) Pause Young (Allocation Failure)
[2780.686s][info][gc,heap        ] GC(488) PSYoungGen: 2638720K(2646016K)->147941K(2645504K) Eden: 2497536K(2497536K)->0K(2497536K) From: 141184K(148480K)->147941K(147968K)
[2780.686s][info][gc,heap        ] GC(488) ParOldGen: 5176458K(5176832K)->5270002K(5270016K)
[2780.686s][info][gc,metaspace   ] GC(488) Metaspace: 29101K(29504K)->29101K(29504K) NonClass: 24211K(24384K)->24211K(24384K) Class: 4889K(5120K)->4889K(5120K)
[2780.686s][info][gc             ] GC(488) Pause Young (Allocation Failure) 7632M->5290M(7730M) 107.106ms
[2780.686s][info][gc,cpu         ] GC(488) User=0.61s Sys=0.02s Real=0.11s
.....[2785.649s][info][gc,start       ] GC(489) Pause Young (Allocation Failure)
[2785.747s][info][gc,heap        ] GC(489) PSYoungGen: 2645477K(2645504K)->135936K(2578944K) Eden: 2497536K(2497536K)->0K(2428416K) From: 147941K(147968K)->135936K(150528K)
[2785.747s][info][gc,heap        ] GC(489) ParOldGen: 5270002K(5270016K)->5362090K(5362176K)
[2785.747s][info][gc,metaspace   ] GC(489) Metaspace: 29101K(29504K)->29101K(29504K) NonClass: 24211K(24384K)->24211K(24384K) Class: 4889K(5120K)->4889K(5120K)
[2785.747s][info][gc             ] GC(489) Pause Young (Allocation Failure) 7729M->5369M(7755M) 97.670ms
[2785.747s][info][gc,cpu         ] GC(489) User=0.56s Sys=0.02s Real=0.10s
.....[2790.587s][info][gc,start       ] GC(490) Pause Young (Allocation Failure)
[2790.685s][info][gc,heap        ] GC(490) PSYoungGen: 2564352K(2578944K)->135936K(2612224K) Eden: 2428416K(2428416K)->0K(2428416K) From: 135936K(150528K)->135936K(183808K)
[2790.685s][info][gc,heap        ] GC(490) ParOldGen: 5362090K(5362176K)->5452914K(5453312K)
[2790.685s][info][gc,metaspace   ] GC(490) Metaspace: 29101K(29504K)->29101K(29504K) NonClass: 24211K(24384K)->24211K(24384K) Class: 4889K(5120K)->4889K(5120K)
[2790.685s][info][gc             ] GC(490) Pause Young (Allocation Failure) 7740M->5457M(7876M) 98.258ms
[2790.685s][info][gc,cpu         ] GC(490) User=0.55s Sys=0.02s Real=0.10s
.....[2795.585s][info][gc,start       ] GC(491) Pause Young (Allocation Failure)
[2795.682s][info][gc,heap        ] GC(491) PSYoungGen: 2564352K(2612224K)->134496K(2609152K) Eden: 2428416K(2428416K)->0K(2429440K) From: 135936K(183808K)->134496K(179712K)
[2795.682s][info][gc,heap        ] GC(491) ParOldGen: 5452914K(5453312K)->5545034K(5545472K)
[2795.682s][info][gc,metaspace   ] GC(491) Metaspace: 29101K(29504K)->29101K(29504K) NonClass: 24211K(24384K)->24211K(24384K) Class: 4889K(5120K)->4889K(5120K)
[2795.682s][info][gc             ] GC(491) Pause Young (Allocation Failure) 7829M->5546M(7963M) 97.402ms
[2795.682s][info][gc,cpu         ] GC(491) User=0.55s Sys=0.03s Real=0.10s
.....[2800.485s][info][gc,start       ] GC(492) Pause Full (Allocation Failure)
[2800.485s][info][gc,phases,start] GC(492) Marking Phase
[2800.774s][info][gc,phases      ] GC(492) Marking Phase 289.634ms
[2800.774s][info][gc,phases,start] GC(492) Summary Phase
[2800.774s][info][gc,phases      ] GC(492) Summary Phase 0.095ms
[2800.774s][info][gc,phases,start] GC(492) Forward
[2800.897s][info][gc,phases      ] GC(492) Forward 122.976ms
[2800.897s][info][gc,phases,start] GC(492) Adjust Pointers
[2801.091s][info][gc,phases      ] GC(492) Adjust Pointers 193.786ms
[2801.091s][info][gc,phases,start] GC(492) Compaction Phase
[2801.216s][info][gc,phases      ] GC(492) Compaction Phase 124.621ms
[2801.217s][info][gc,phases,start] GC(492) Post Compact
[2801.224s][info][gc,phases      ] GC(492) Post Compact 6.954ms
[2801.339s][info][gc,heap        ] GC(492) PSYoungGen: 2563936K(2609152K)->0K(2611200K) Eden: 2429440K(2429440K)->0K(2429440K) From: 134496K(179712K)->0K(181760K)
[2801.339s][info][gc,heap        ] GC(492) ParOldGen: 5545034K(5545472K)->1408343K(1596928K)
[2801.339s][info][gc,metaspace   ] GC(492) Metaspace: 29101K(29504K)->29101K(29504K) NonClass: 24211K(24384K)->24211K(24384K) Class: 4889K(5120K)->4889K(5120K)
[2801.339s][info][gc             ] GC(492) Pause Full (Allocation Failure) 7918M->1375M(4109M) 854.237ms
[2801.339s][info][gc,cpu         ] GC(492) User=3.97s Sys=0.12s Real=0.85s
.....[2805.399s][info][gc,start       ] GC(493) Pause Young (Allocation Failure)
[2805.461s][info][gc,heap        ] GC(493) PSYoungGen: 2429440K(2611200K)->139760K(2609152K) Eden: 2429440K(2429440K)->0K(2432512K) From: 0K(181760K)->139760K(176640K)
[2805.461s][info][gc,heap        ] GC(493) ParOldGen: 1408343K(1596928K)->1408343K(1596928K)
[2805.461s][info][gc,metaspace   ] GC(493) Metaspace: 29101K(29504K)->29101K(29504K) NonClass: 24211K(24384K)->24211K(24384K) Class: 4889K(5120K)->4889K(5120K)
[2805.461s][info][gc             ] GC(493) Pause Young (Allocation Failure) 3747M->1511M(4107M) 62.881ms
[2805.461s][info][gc,cpu         ] GC(493) User=0.38s Sys=0.00s Real=0.07s
.....[2810.407s][info][gc,start       ] GC(494) Pause Young (Allocation Failure)
[2810.501s][info][gc,heap        ] GC(494) PSYoungGen: 2572272K(2609152K)->142464K(2611712K) Eden: 2432512K(2432512K)->0K(2432512K) From: 139760K(176640K)->142464K(179200K)
[2810.501s][info][gc,heap        ] GC(494) ParOldGen: 1408343K(1596928K)->1500887K(1596928K)
[2810.501s][info][gc,metaspace   ] GC(494) Metaspace: 29101K(29504K)->29101K(29504K) NonClass: 24211K(24384K)->24211K(24384K) Class: 4889K(5120K)->4889K(5120K)
[2810.501s][info][gc             ] GC(494) Pause Young (Allocation Failure) 3887M->1604M(4110M) 93.307ms
[2810.501s][info][gc,cpu         ] GC(494) User=0.55s Sys=0.00s Real=0.10s
....[2815.305s][info][gc,start       ] GC(495) Pause Young (Allocation Failure)
[2815.398s][info][gc,heap        ] GC(495) PSYoungGen: 2574976K(2611712K)->141925K(2611712K) Eden: 2432512K(2432512K)->0K(2440192K) From: 142464K(179200K)->141925K(171520K)
[2815.398s][info][gc,heap        ] GC(495) ParOldGen: 1500887K(1596928K)->1592031K(1596928K)
[2815.398s][info][gc,metaspace   ] GC(495) Metaspace: 29101K(29504K)->29101K(29504K) NonClass: 24211K(24384K)->24211K(24384K) Class: 4889K(5120K)->4889K(5120K)
[2815.398s][info][gc             ] GC(495) Pause Young (Allocation Failure) 3980M->1693M(4110M) 93.073ms
[2815.398s][info][gc,cpu         ] GC(495) User=0.55s Sys=0.00s Real=0.09s
.....[2820.303s][info][gc,start       ] GC(496) Pause Young (Allocation Failure)
[2820.401s][info][gc,heap        ] GC(496) PSYoungGen: 2582117K(2611712K)->143077K(2614272K) Eden: 2440192K(2440192K)->0K(2440192K) From: 141925K(171520K)->143077K(174080K)
[2820.401s][info][gc,heap        ] GC(496) ParOldGen: 1592031K(1596928K)->1681855K(1681920K)
[2820.401s][info][gc,metaspace   ] GC(496) Metaspace: 29101K(29504K)->29101K(29504K) NonClass: 24211K(24384K)->24211K(24384K) Class: 4889K(5120K)->4889K(5120K)
[2820.401s][info][gc             ] GC(496) Pause Young (Allocation Failure) 4076M->1782M(4195M) 97.281ms
[2820.401s][info][gc,cpu         ] GC(496) User=0.55s Sys=0.03s Real=0.10s
.....[2825.161s][info][gc,start       ] GC(497) Pause Young (Allocation Failure)
[2825.253s][info][gc,heap        ] GC(497) PSYoungGen: 2583269K(2614272K)->134816K(2620928K) Eden: 2440192K(2440192K)->0K(2450432K) From: 143077K(174080K)->134816K(170496K)
[2825.254s][info][gc,heap        ] GC(497) ParOldGen: 1681855K(1681920K)->1774111K(1774592K)
[2825.254s][info][gc,metaspace   ] GC(497) Metaspace: 29101K(29504K)->29101K(29504K) NonClass: 24211K(24384K)->24211K(24384K) Class: 4889K(5120K)->4889K(5120K)
[2825.254s][info][gc             ] GC(497) Pause Young (Allocation Failure) 4165M->1864M(4292M) 93.024ms
[2825.254s][info][gc,cpu         ] GC(497) User=0.52s Sys=0.03s Real=0.09s
..[2827.284s][info][gc,start       ] GC(498) Pause Full (Diagnostic Command)
[2827.284s][info][gc,phases,start] GC(498) Marking Phase
[2827.567s][info][gc,phases      ] GC(498) Marking Phase 282.802ms
[2827.567s][info][gc,phases,start] GC(498) Summary Phase
[2827.567s][info][gc,phases      ] GC(498) Summary Phase 0.041ms
[2827.568s][info][gc,phases,start] GC(498) Forward
[2827.693s][info][gc,phases      ] GC(498) Forward 125.362ms
[2827.693s][info][gc,phases,start] GC(498) Adjust Pointers
[2827.888s][info][gc,phases      ] GC(498) Adjust Pointers 194.954ms
[2827.888s][info][gc,phases,start] GC(498) Compaction Phase
[2828.048s][info][gc,phases      ] GC(498) Compaction Phase 160.021ms
[2828.051s][info][gc,phases,start] GC(498) Post Compact
[2828.053s][info][gc,phases      ] GC(498) Post Compact 2.488ms
[2828.053s][info][gc,heap        ] GC(498) PSYoungGen: 1166597K(2620928K)->0K(2620928K) Eden: 1031781K(2450432K)->0K(2450432K) From: 134816K(170496K)->0K(170496K)
[2828.053s][info][gc,heap        ] GC(498) ParOldGen: 1774111K(1774592K)->1128596K(1774592K)
[2828.053s][info][gc,metaspace   ] GC(498) Metaspace: 29101K(29504K)->29101K(29504K) NonClass: 24211K(24384K)->24211K(24384K) Class: 4889K(5120K)->4889K(5120K)
[2828.053s][info][gc             ] GC(498) Pause Full (Diagnostic Command) 2871M->1102M(4292M) 769.285ms
[2828.053s][info][gc,cpu         ] GC(498) User=4.29s Sys=0.00s Real=0.77s
.....[2832.321s][info][gc,start       ] GC(499) Pause Young (Allocation Failure)
[2832.385s][info][gc,heap        ] GC(499) PSYoungGen: 2450432K(2620928K)->144804K(2621440K) Eden: 2450432K(2450432K)->0K(2450432K) From: 0K(170496K)->144804K(171008K)
[2832.385s][info][gc,heap        ] GC(499) ParOldGen: 1128596K(1774592K)->1128596K(1774592K)
[2832.385s][info][gc,metaspace   ] GC(499) Metaspace: 29101K(29504K)->29101K(29504K) NonClass: 24211K(24384K)->24211K(24384K) Class: 4889K(5120K)->4889K(5120K)
[2832.385s][info][gc             ] GC(499) Pause Young (Allocation Failure) 3495M->1243M(4293M) 63.990ms
[2832.385s][info][gc,cpu         ] GC(499) User=0.38s Sys=0.00s Real=0.06s
.....[2837.207s][info][gc,start       ] GC(500) Pause Young (Allocation Failure)
[2837.297s][info][gc,heap        ] GC(500) PSYoungGen: 2595236K(2621440K)->136864K(2624000K) Eden: 2450432K(2450432K)->0K(2455552K) From: 144804K(171008K)->136864K(168448K)
[2837.297s][info][gc,heap        ] GC(500) ParOldGen: 1128596K(1774592K)->1221124K(1774592K)
[2837.297s][info][gc,metaspace   ] GC(500) Metaspace: 29101K(29504K)->29101K(29504K) NonClass: 24211K(24384K)->24211K(24384K) Class: 4889K(5120K)->4889K(5120K)
[2837.297s][info][gc             ] GC(500) Pause Young (Allocation Failure) 3636M->1326M(4295M) 90.052ms
[2837.297s][info][gc,cpu         ] GC(500) User=0.53s Sys=0.00s Real=0.09s
... (rIR:aIR:PR = 4013:4012:4012) (tPR = 59873) [OK] 
  2839s: Performance info:
         Transaction,    Success,    Partial,     Failed,   Receipts, AvgBarcode, 
             Overall,     242433,          0,          0,     230285,      59.48, 
         Response times:
             Request,    Success,    Partial,     Failed,   SkipFail,     Probes,    Samples,      min,      p50,      p90,      p95,      p99,      max, 
       TotalPurchase,     230285,          0,          0,          0,     220810,     240925,      300,     3000,     5000,     7000,    71000,   870000,
     InStorePurchase,     121209,          0,          0,          0,     116337,     126543,      300,     3000,     5000,     6700,    67000,   870000,
      OnlinePurchase,      84818,          0,          0,          0,      81393,      88913,      300,     3000,     5000,     7300,    71000,   870000,
        InstPurchase,      24258,          0,          0,          0,      23080,      25469,      400,     2900,     5000,     7300,    70000,   870000,
          AssocOfCat,        241,          0,          0,          0,        177,        229,    17000,    24000,    32000,    36000,    66000,    67000,
      AssocOfProduct,       2431,          0,          0,          0,       2220,       2568,      800,     4000,     5700,    11310,    80000,   170000,
      BusinessReport,        612,          0,          0,          0,        511,        643,    19200,    30000,    42600,    58000,   148000,   203000,
          CustBuyBeh,       2431,          0,          0,          0,       2173,       2497,      300,     2200,     3920,     5500,    67000,   170000,
       ProductReturn,       6434,          0,          0,          0,       5977,       6716,      200,     2300,     4500,     6000,    71000,   870000,

  2839s: (30%)   IR =   4151 ..[2842.119s][info][gc,start       ] GC(501) Pause Young (Allocation Failure)
[2842.208s][info][gc,heap        ] GC(501) PSYoungGen: 2592416K(2624000K)->136960K(2622976K) Eden: 2455552K(2455552K)->0K(2455552K) From: 136864K(168448K)->136960K(167424K)
[2842.208s][info][gc,heap        ] GC(501) ParOldGen: 1221124K(1774592K)->1312284K(1774592K)
[2842.208s][info][gc,metaspace   ] GC(501) Metaspace: 29101K(29504K)->29101K(29504K) NonClass: 24211K(24384K)->24211K(24384K) Class: 4889K(5120K)->4889K(5120K)
[2842.209s][info][gc             ] GC(501) Pause Young (Allocation Failure) 3724M->1415M(4294M) 89.165ms
[2842.209s][info][gc,cpu         ] GC(501) User=0.53s Sys=0.00s Real=0.09s
..|..[2847.019s][info][gc,start       ] GC(502) Pause Young (Allocation Failure)
[2847.109s][info][gc,heap        ] GC(502) PSYoungGen: 2592512K(2622976K)->139456K(2627072K) Eden: 2455552K(2455552K)->0K(2461696K) From: 136960K(167424K)->139456K(165376K)
[2847.109s][info][gc,heap        ] GC(502) ParOldGen: 1312284K(1774592K)->1402460K(1774592K)
[2847.109s][info][gc,metaspace   ] GC(502) Metaspace: 29101K(29504K)->29101K(29504K) NonClass: 24211K(24384K)->24211K(24384K) Class: 4889K(5120K)->4889K(5120K)
[2847.109s][info][gc             ] GC(502) Pause Young (Allocation Failure) 3813M->1505M(4298M) 90.507ms
[2847.109s][info][gc,cpu         ] GC(502) User=0.54s Sys=0.00s Real=0.09s
.....[2851.870s][info][gc,start       ] GC(503) Pause Young (Allocation Failure)
[2851.961s][info][gc,heap        ] GC(503) PSYoungGen: 2601152K(2627072K)->138352K(2626048K) Eden: 2461696K(2461696K)->0K(2461696K) From: 139456K(165376K)->138352K(164352K)
[2851.961s][info][gc,heap        ] GC(503) ParOldGen: 1402460K(1774592K)->1494388K(1774592K)
[2851.961s][info][gc,metaspace   ] GC(503) Metaspace: 29101K(29504K)->29101K(29504K) NonClass: 24211K(24384K)->24211K(24384K) Class: 4889K(5120K)->4889K(5120K)
[2851.961s][info][gc             ] GC(503) Pause Young (Allocation Failure) 3909M->1594M(4297M) 90.885ms
[2851.961s][info][gc,cpu         ] GC(503) User=0.54s Sys=0.00s Real=0.09s
.....[2856.641s][info][gc,start       ] GC(504) Pause Young (Allocation Failure)
[2856.733s][info][gc,heap        ] GC(504) PSYoungGen: 2600048K(2626048K)->139060K(2630144K) Eden: 2461696K(2461696K)->0K(2467840K) From: 138352K(164352K)->139060K(162304K)
[2856.733s][info][gc,heap        ] GC(504) ParOldGen: 1494388K(1774592K)->1586164K(1774592K)
[2856.733s][info][gc,metaspace   ] GC(504) Metaspace: 29101K(29504K)->29101K(29504K) NonClass: 24211K(24384K)->24211K(24384K) Class: 4889K(5120K)->4889K(5120K)
[2856.733s][info][gc             ] GC(504) Pause Young (Allocation Failure) 3998M->1684M(4301M) 92.013ms
[2856.734s][info][gc,cpu         ] GC(504) User=0.55s Sys=0.00s Real=0.09s
.....[2861.537s][info][gc,start       ] GC(505) Pause Young (Allocation Failure)
[2861.628s][info][gc,heap        ] GC(505) PSYoungGen: 2606900K(2630144K)->135808K(2629120K) Eden: 2467840K(2467840K)->0K(2467840K) From: 139060K(162304K)->135808K(161280K)
[2861.628s][info][gc,heap        ] GC(505) ParOldGen: 1586164K(1774592K)->1676876K(1774592K)
[2861.628s][info][gc,metaspace   ] GC(505) Metaspace: 29101K(29504K)->29101K(29504K) NonClass: 24211K(24384K)->24211K(24384K) Class: 4889K(5120K)->4889K(5120K)
[2861.628s][info][gc             ] GC(505) Pause Young (Allocation Failure) 4094M->1770M(4300M) 90.704ms
[2861.628s][info][gc,cpu         ] GC(505) User=0.53s Sys=0.00s Real=0.09s
.....[2866.408s][info][gc,start       ] GC(506) Pause Young (Allocation Failure)
[2866.500s][info][gc,heap        ] GC(506) PSYoungGen: 2603648K(2629120K)->140384K(2633216K) Eden: 2467840K(2467840K)->0K(2473984K) From: 135808K(161280K)->140384K(159232K)
[2866.500s][info][gc,heap        ] GC(506) ParOldGen: 1676876K(1774592K)->1769076K(1774592K)
[2866.500s][info][gc,metaspace   ] GC(506) Metaspace: 29101K(29504K)->29101K(29504K) NonClass: 24211K(24384K)->24211K(24384K) Class: 4889K(5120K)->4889K(5120K)
[2866.500s][info][gc             ] GC(506) Pause Young (Allocation Failure) 4180M->1864M(4304M) 91.559ms
[2866.500s][info][gc,cpu         ] GC(506) User=0.54s Sys=0.00s Real=0.10s
.....[2871.268s][info][gc,start       ] GC(507) Pause Young (Allocation Failure)
[2871.363s][info][gc,heap        ] GC(507) PSYoungGen: 2614368K(2633216K)->139456K(2632704K) Eden: 2473984K(2473984K)->0K(2473984K) From: 140384K(159232K)->139456K(158720K)
[2871.363s][info][gc,heap        ] GC(507) ParOldGen: 1769076K(1774592K)->1861388K(1861632K)
[2871.363s][info][gc,metaspace   ] GC(507) Metaspace: 29101K(29504K)->29101K(29504K) NonClass: 24211K(24384K)->24211K(24384K) Class: 4889K(5120K)->4889K(5120K)
[2871.363s][info][gc             ] GC(507) Pause Young (Allocation Failure) 4280M->1953M(4389M) 95.410ms
[2871.363s][info][gc,cpu         ] GC(507) User=0.54s Sys=0.03s Real=0.10s
.....[2876.144s][info][gc,start       ] GC(508) Pause Young (Allocation Failure)
[2876.240s][info][gc,heap        ] GC(508) PSYoungGen: 2613440K(2632704K)->138624K(2636288K) Eden: 2473984K(2473984K)->0K(2479104K) From: 139456K(158720K)->138624K(157184K)
[2876.240s][info][gc,heap        ] GC(508) ParOldGen: 1861388K(1861632K)->1953364K(1953792K)
[2876.240s][info][gc,metaspace   ] GC(508) Metaspace: 29101K(29504K)->29101K(29504K) NonClass: 24211K(24384K)->24211K(24384K) Class: 4889K(5120K)->4889K(5120K)
[2876.240s][info][gc             ] GC(508) Pause Young (Allocation Failure) 4369M->2042M(4482M) 96.191ms
[2876.240s][info][gc,cpu         ] GC(508) User=0.55s Sys=0.03s Real=0.10s
....[2881.009s][info][gc,start       ] GC(509) Pause Young (Allocation Failure)
[2881.105s][info][gc,heap        ] GC(509) PSYoungGen: 2617728K(2636288K)->138240K(2635264K) Eden: 2479104K(2479104K)->0K(2479104K) From: 138624K(157184K)->138240K(156160K)
[2881.105s][info][gc,heap        ] GC(509) ParOldGen: 1953364K(1953792K)->2045540K(2045952K)
[2881.105s][info][gc,metaspace   ] GC(509) Metaspace: 29101K(29504K)->29101K(29504K) NonClass: 24211K(24384K)->24211K(24384K) Class: 4889K(5120K)->4889K(5120K)
[2881.105s][info][gc             ] GC(509) Pause Young (Allocation Failure) 4463M->2132M(4571M) 95.811ms
[2881.105s][info][gc,cpu         ] GC(509) User=0.54s Sys=0.02s Real=0.10s
.....[2885.948s][info][gc,start       ] GC(510) Pause Young (Allocation Failure)
[2886.043s][info][gc,heap        ] GC(510) PSYoungGen: 2617344K(2635264K)->139360K(2638336K) Eden: 2479104K(2479104K)->0K(2483712K) From: 138240K(156160K)->139360K(154624K)
[2886.043s][info][gc,heap        ] GC(510) ParOldGen: 2045540K(2045952K)->2136556K(2136576K)
[2886.043s][info][gc,metaspace   ] GC(510) Metaspace: 29101K(29504K)->29101K(29504K) NonClass: 24211K(24384K)->24211K(24384K) Class: 4889K(5120K)->4889K(5120K)
[2886.043s][info][gc             ] GC(510) Pause Young (Allocation Failure) 4553M->2222M(4663M) 95.565ms
[2886.043s][info][gc,cpu         ] GC(510) User=0.53s Sys=0.04s Real=0.10s
.....[2890.783s][info][gc,start       ] GC(511) Pause Young (Allocation Failure)
[2890.878s][info][gc,heap        ] GC(511) PSYoungGen: 2623072K(2638336K)->136864K(2637312K) Eden: 2483712K(2483712K)->0K(2483712K) From: 139360K(154624K)->136864K(153600K)
[2890.878s][info][gc,heap        ] GC(511) ParOldGen: 2136556K(2136576K)->2229460K(2229760K)
[2890.878s][info][gc,metaspace   ] GC(511) Metaspace: 29101K(29504K)->29101K(29504K) NonClass: 24211K(24384K)->24211K(24384K) Class: 4889K(5120K)->4889K(5120K)
[2890.878s][info][gc             ] GC(511) Pause Young (Allocation Failure) 4648M->2310M(4753M) 95.831ms
[2890.878s][info][gc,cpu         ] GC(511) User=0.54s Sys=0.02s Real=0.09s
.....[2895.641s][info][gc,start       ] GC(512) Pause Young (Allocation Failure)
[2895.736s][info][gc,heap        ] GC(512) PSYoungGen: 2620576K(2637312K)->136928K(2641408K) Eden: 2483712K(2483712K)->0K(2488832K) From: 136864K(153600K)->136928K(152576K)
[2895.736s][info][gc,heap        ] GC(512) ParOldGen: 2229460K(2229760K)->2320500K(2320896K)
[2895.736s][info][gc,metaspace   ] GC(512) Metaspace: 29101K(29504K)->29101K(29504K) NonClass: 24211K(24384K)->24211K(24384K) Class: 4889K(5120K)->4889K(5120K)
[2895.736s][info][gc             ] GC(512) Pause Young (Allocation Failure) 4736M->2399M(4846M) 95.050ms
[2895.736s][info][gc,cpu         ] GC(512) User=0.53s Sys=0.03s Real=0.09s
.....[2900.482s][info][gc,start       ] GC(513) Pause Young (Allocation Failure)
[2900.579s][info][gc,heap        ] GC(513) PSYoungGen: 2625760K(2641408K)->139744K(2640896K) Eden: 2488832K(2488832K)->0K(2488832K) From: 136928K(152576K)->139744K(152064K)
[2900.579s][info][gc,heap        ] GC(513) ParOldGen: 2320500K(2320896K)->2412724K(2413056K)
[2900.579s][info][gc,metaspace   ] GC(513) Metaspace: 29101K(29504K)->29101K(29504K) NonClass: 24211K(24384K)->24211K(24384K) Class: 4889K(5120K)->4889K(5120K)
[2900.579s][info][gc             ] GC(513) Pause Young (Allocation Failure) 4830M->2492M(4935M) 96.796ms
[2900.579s][info][gc,cpu         ] GC(513) User=0.55s Sys=0.03s Real=0.09s
.... (rIR:aIR:PR = 4151:4151:4151) (tPR = 61601) [OK] 
  2903s: Performance info:
         Transaction,    Success,    Partial,     Failed,   Receipts, AvgBarcode, 
             Overall,     249320,          0,          0,     236839,      59.48, 
         Response times:
             Request,    Success,    Partial,     Failed,   SkipFail,     Probes,    Samples,      min,      p50,      p90,      p95,      p99,      max, 
       TotalPurchase,     236839,          0,          0,          0,     231858,     248444,      300,     3000,     4800,     5500,    16100,   131000,
     InStorePurchase,     124677,          0,          0,          0,     122319,     130637,      300,     3000,     4800,     5500,    16800,   131000,
      OnlinePurchase,      87219,          0,          0,          0,      85384,      91494,      300,     2800,     4800,     5500,    15000,   131000,
        InstPurchase,      24943,          0,          0,          0,      24155,      26313,      400,     3300,     5000,     5700,    16400,   104000,
          AssocOfCat,        251,          0,          0,          0,        194,        267,    17200,    25000,    33000,    35000,   117960,   131000,
      AssocOfProduct,       2494,          0,          0,          0,       2283,       2638,     1000,     3600,     4900,     5600,    16383,   101000,
      BusinessReport,        627,          0,          0,          0,        557,        704,    21000,    30000,    37000,    40000,    58000,   148000,
          CustBuyBeh,       2495,          0,          0,          0,       2313,       2629,      200,     2300,     4200,     4800,    11500,   100000,
       ProductReturn,       6614,          0,          0,          0,       6257,       6898,      200,     2400,     4400,     5100,    13703,   131000,

  2903s: (31%)   IR =   4289 .[2905.319s][info][gc,start       ] GC(514) Pause Young (Allocation Failure)
[2905.415s][info][gc,heap        ] GC(514) PSYoungGen: 2628576K(2640896K)->140928K(2642944K) Eden: 2488832K(2488832K)->0K(2491904K) From: 139744K(152064K)->140928K(151040K)
[2905.415s][info][gc,heap        ] GC(514) ParOldGen: 2412724K(2413056K)->2504108K(2504192K)
[2905.415s][info][gc,metaspace   ] GC(514) Metaspace: 29101K(29504K)->29101K(29504K) NonClass: 24211K(24384K)->24211K(24384K) Class: 4889K(5120K)->4889K(5120K)
[2905.415s][info][gc             ] GC(514) Pause Young (Allocation Failure) 4923M->2583M(5026M) 95.656ms
[2905.415s][info][gc,cpu         ] GC(514) User=0.55s Sys=0.02s Real=0.10s
...|.[2910.032s][info][gc,start       ] GC(515) Pause Young (Allocation Failure)
[2910.133s][info][gc,heap        ] GC(515) PSYoungGen: 2632832K(2642944K)->149168K(2642432K) Eden: 2491904K(2491904K)->0K(2491904K) From: 140928K(151040K)->149168K(150528K)
[2910.133s][info][gc,heap        ] GC(515) ParOldGen: 2504108K(2504192K)->2596412K(2596864K)
[2910.133s][info][gc,metaspace   ] GC(515) Metaspace: 29101K(29504K)->29101K(29504K) NonClass: 24211K(24384K)->24211K(24384K) Class: 4889K(5120K)->4889K(5120K)
[2910.133s][info][gc             ] GC(515) Pause Young (Allocation Failure) 5016M->2681M(5116M) 101.238ms
[2910.133s][info][gc,cpu         ] GC(515) User=0.57s Sys=0.02s Real=0.10s
.....[2914.755s][info][gc,start       ] GC(516) Pause Young (Allocation Failure)
[2914.851s][info][gc,heap        ] GC(516) PSYoungGen: 2641072K(2642432K)->136960K(2643968K) Eden: 2491904K(2491904K)->0K(2491392K) From: 149168K(150528K)->136960K(152576K)
[2914.852s][info][gc,heap        ] GC(516) ParOldGen: 2596412K(2596864K)->2688108K(2688512K)
[2914.852s][info][gc,metaspace   ] GC(516) Metaspace: 29101K(29504K)->29101K(29504K) NonClass: 24211K(24384K)->24211K(24384K) Class: 4889K(5120K)->4889K(5120K)
[2914.852s][info][gc             ] GC(516) Pause Young (Allocation Failure) 5114M->2758M(5207M) 96.083ms
[2914.852s][info][gc,cpu         ] GC(516) User=0.54s Sys=0.02s Real=0.10s
.....[2919.613s][info][gc,start       ] GC(517) Pause Young (Allocation Failure)
[2919.708s][info][gc,heap        ] GC(517) PSYoungGen: 2628352K(2643968K)->139968K(2631680K) Eden: 2491392K(2491392K)->0K(2491392K) From: 136960K(152576K)->139968K(140288K)
[2919.708s][info][gc,heap        ] GC(517) ParOldGen: 2688108K(2688512K)->2778828K(2779136K)
[2919.708s][info][gc,metaspace   ] GC(517) Metaspace: 29101K(29504K)->29101K(29504K) NonClass: 24211K(24384K)->24211K(24384K) Class: 4889K(5120K)->4889K(5120K)
[2919.708s][info][gc             ] GC(517) Pause Young (Allocation Failure) 5191M->2850M(5284M) 95.913ms
[2919.709s][info][gc,cpu         ] GC(517) User=0.54s Sys=0.02s Real=0.09s
.....[2924.250s][info][gc,start       ] GC(518) Pause Young (Allocation Failure)
[2924.347s][info][gc,heap        ] GC(518) PSYoungGen: 2631360K(2631680K)->137472K(2642944K) Eden: 2491392K(2491392K)->0K(2491904K) From: 139968K(140288K)->137472K(151040K)
[2924.347s][info][gc,heap        ] GC(518) ParOldGen: 2778828K(2779136K)->2874164K(2874368K)
[2924.347s][info][gc,metaspace   ] GC(518) Metaspace: 29101K(29504K)->29101K(29504K) NonClass: 24211K(24384K)->24211K(24384K) Class: 4889K(5120K)->4889K(5120K)
[2924.347s][info][gc             ] GC(518) Pause Young (Allocation Failure) 5283M->2941M(5388M) 97.354ms
[2924.347s][info][gc,cpu         ] GC(518) User=0.55s Sys=0.03s Real=0.09s
....[2929.031s][info][gc,start       ] GC(519) Pause Young (Allocation Failure)
[2929.130s][info][gc,heap        ] GC(519) PSYoungGen: 2629376K(2642944K)->144613K(2642432K) Eden: 2491904K(2491904K)->0K(2491904K) From: 137472K(151040K)->144613K(150528K)
[2929.130s][info][gc,heap        ] GC(519) ParOldGen: 2874164K(2874368K)->2964212K(2964480K)
[2929.130s][info][gc,metaspace   ] GC(519) Metaspace: 29101K(29504K)->29101K(29504K) NonClass: 24211K(24384K)->24211K(24384K) Class: 4889K(5120K)->4889K(5120K)
[2929.130s][info][gc             ] GC(519) Pause Young (Allocation Failure) 5374M->3035M(5475M) 99.222ms
[2929.130s][info][gc,cpu         ] GC(519) User=0.56s Sys=0.03s Real=0.10s
.....[2933.754s][info][gc,start       ] GC(520) Pause Young (Allocation Failure)
[2933.855s][info][gc,heap        ] GC(520) PSYoungGen: 2636517K(2642432K)->141892K(2644992K) Eden: 2491904K(2491904K)->0K(2494464K) From: 144613K(150528K)->141892K(150528K)
[2933.855s][info][gc,heap        ] GC(520) ParOldGen: 2964212K(2964480K)->3057620K(3057664K)
[2933.855s][info][gc,metaspace   ] GC(520) Metaspace: 29101K(29504K)->29101K(29504K) NonClass: 24211K(24384K)->24211K(24384K) Class: 4889K(5120K)->4889K(5120K)
[2933.855s][info][gc             ] GC(520) Pause Young (Allocation Failure) 5469M->3124M(5569M) 100.918ms
[2933.855s][info][gc,cpu         ] GC(520) User=0.57s Sys=0.03s Real=0.10s
.....[2938.443s][info][gc,start       ] GC(521) Pause Young (Allocation Failure)
[2938.540s][info][gc,heap        ] GC(521) PSYoungGen: 2636356K(2644992K)->140960K(2644992K) Eden: 2494464K(2494464K)->0K(2494464K) From: 141892K(150528K)->140960K(150528K)
[2938.540s][info][gc,heap        ] GC(521) ParOldGen: 3057620K(3057664K)->3149172K(3149312K)
[2938.540s][info][gc,metaspace   ] GC(521) Metaspace: 29101K(29504K)->29101K(29504K) NonClass: 24211K(24384K)->24211K(24384K) Class: 4889K(5120K)->4889K(5120K)
[2938.540s][info][gc             ] GC(521) Pause Young (Allocation Failure) 5560M->3213M(5658M) 96.711ms
[2938.540s][info][gc,cpu         ] GC(521) User=0.55s Sys=0.03s Real=0.10s
....[2943.203s][info][gc,start       ] GC(522) Pause Young (Allocation Failure)
[2943.299s][info][gc,heap        ] GC(522) PSYoungGen: 2635424K(2644992K)->140544K(2643968K) Eden: 2494464K(2494464K)->0K(2495488K) From: 140960K(150528K)->140544K(148480K)
[2943.299s][info][gc,heap        ] GC(522) ParOldGen: 3149172K(3149312K)->3240228K(3240448K)
[2943.299s][info][gc,metaspace   ] GC(522) Metaspace: 29101K(29504K)->29101K(29504K) NonClass: 24211K(24384K)->24211K(24384K) Class: 4889K(5120K)->4889K(5120K)
[2943.299s][info][gc             ] GC(522) Pause Young (Allocation Failure) 5649M->3301M(5746M) 95.671ms
[2943.299s][info][gc,cpu         ] GC(522) User=0.55s Sys=0.02s Real=0.09s
.....[2947.921s][info][gc,start       ] GC(523) Pause Young (Allocation Failure)
[2948.021s][info][gc,heap        ] GC(523) PSYoungGen: 2636032K(2643968K)->140544K(2644480K) Eden: 2495488K(2495488K)->0K(2495488K) From: 140544K(148480K)->140544K(148992K)
[2948.021s][info][gc,heap        ] GC(523) ParOldGen: 3240228K(3240448K)->3332932K(3333120K)
[2948.021s][info][gc,metaspace   ] GC(523) Metaspace: 29101K(29504K)->29101K(29504K) NonClass: 24211K(24384K)->24211K(24384K) Class: 4889K(5120K)->4889K(5120K)
[2948.021s][info][gc             ] GC(523) Pause Young (Allocation Failure) 5738M->3392M(5837M) 99.574ms
[2948.021s][info][gc,cpu         ] GC(523) User=0.56s Sys=0.02s Real=0.10s
.....[2952.746s][info][gc,start       ] GC(524) Pause Young (Allocation Failure)
[2952.843s][info][gc,heap        ] GC(524) PSYoungGen: 2636032K(2644480K)->139807K(2646528K) Eden: 2495488K(2495488K)->0K(2499072K) From: 140544K(148992K)->139807K(147456K)
[2952.843s][info][gc,heap        ] GC(524) ParOldGen: 3332932K(3333120K)->3424492K(3424768K)
[2952.843s][info][gc,metaspace   ] GC(524) Metaspace: 29101K(29504K)->29101K(29504K) NonClass: 24211K(24384K)->24211K(24384K) Class: 4889K(5120K)->4889K(5120K)
[2952.843s][info][gc             ] GC(524) Pause Young (Allocation Failure) 5829M->3480M(5929M) 96.687ms
[2952.843s][info][gc,cpu         ] GC(524) User=0.55s Sys=0.02s Real=0.10s
.....[2957.464s][info][gc,start       ] GC(525) Pause Young (Allocation Failure)
[2957.563s][info][gc,heap        ] GC(525) PSYoungGen: 2638879K(2646528K)->141184K(2646528K) Eden: 2499072K(2499072K)->0K(2499072K) From: 139807K(147456K)->141184K(147456K)
[2957.563s][info][gc,heap        ] GC(525) ParOldGen: 3424492K(3424768K)->3517380K(3517440K)
[2957.563s][info][gc,metaspace   ] GC(525) Metaspace: 29101K(29504K)->29101K(29504K) NonClass: 24211K(24384K)->24211K(24384K) Class: 4889K(5120K)->4889K(5120K)
[2957.563s][info][gc             ] GC(525) Pause Young (Allocation Failure) 5921M->3572M(6019M) 98.959ms
[2957.563s][info][gc,cpu         ] GC(525) User=0.56s Sys=0.03s Real=0.10s
....[2962.228s][info][gc,start       ] GC(526) Pause Young (Allocation Failure)
[2962.327s][info][gc,heap        ] GC(526) PSYoungGen: 2640256K(2646528K)->140832K(2648064K) Eden: 2499072K(2499072K)->0K(2501632K) From: 141184K(147456K)->140832K(146432K)
[2962.327s][info][gc,heap        ] GC(526) ParOldGen: 3517380K(3517440K)->3609092K(3609600K)
[2962.327s][info][gc,metaspace   ] GC(526) Metaspace: 29101K(29504K)->29101K(29504K) NonClass: 24211K(24384K)->24211K(24384K) Class: 4889K(5120K)->4889K(5120K)
[2962.327s][info][gc             ] GC(526) Pause Young (Allocation Failure) 6013M->3662M(6111M) 99.037ms
[2962.327s][info][gc,cpu         ] GC(526) User=0.56s Sys=0.03s Real=0.10s
.....[2967.013s][info][gc,start       ] GC(527) Pause Young (Allocation Failure)
[2967.112s][info][gc,heap        ] GC(527) PSYoungGen: 2642464K(2648064K)->140448K(2648064K) Eden: 2501632K(2501632K)->0K(2501632K) From: 140832K(146432K)->140448K(146432K)
[2967.112s][info][gc,heap        ] GC(527) ParOldGen: 3609092K(3609600K)->3701180K(3701248K)
[2967.112s][info][gc,metaspace   ] GC(527) Metaspace: 29101K(29504K)->29101K(29504K) NonClass: 24211K(24384K)->24211K(24384K) Class: 4889K(5120K)->4889K(5120K)
[2967.112s][info][gc             ] GC(527) Pause Young (Allocation Failure) 6105M->3751M(6200M) 98.703ms
[2967.112s][info][gc,cpu         ] GC(527) User=0.56s Sys=0.02s Real=0.10s
.. (rIR:aIR:PR = 4289:4289:4289) (tPR = 63863) [OK] 
  2968s: Performance info:
         Transaction,    Success,    Partial,     Failed,   Receipts, AvgBarcode, 
             Overall,     257948,          0,          0,     245042,      59.47, 
         Response times:
             Request,    Success,    Partial,     Failed,   SkipFail,     Probes,    Samples,      min,      p50,      p90,      p95,      p99,      max, 
       TotalPurchase,     245042,          0,          0,          0,     241050,     257415,      300,     3100,     5000,     5800,    18900,   117000,
     InStorePurchase,     128974,          0,          0,          0,     127107,     135368,      300,     3000,     5000,     5800,    18800,   116000,
      OnlinePurchase,      90266,          0,          0,          0,      88871,      94874,      300,     3100,     5000,     5800,    18800,   117000,
        InstPurchase,      25802,          0,          0,          0,      25072,      27173,      400,     3300,     5200,     6000,    21000,   107000,
          AssocOfCat,        260,          0,          0,          0,        202,        258,    17200,    24000,    33100,    36000,    86980,   140000,
      AssocOfProduct,       2584,          0,          0,          0,       2369,       2634,      600,     2700,     4100,     5100,    14100,   101000,
      BusinessReport,        643,          0,          0,          0,        546,        669,    19500,    30000,    40000,    47000,    61000,   150000,
          CustBuyBeh,       2586,          0,          0,          0,       2353,       2683,      300,     4000,     5500,     6380,    28000,   107000,
       ProductReturn,       6833,          0,          0,          0,       6453,       7127,      200,     2800,     4300,     5100,    16300,   100000,

  2968s: (32%)   IR =   4428 ...[2971.614s][info][gc,start       ] GC(528) Pause Young (Allocation Failure)
[2971.713s][info][gc,heap        ] GC(528) PSYoungGen: 2642080K(2648064K)->136864K(2648576K) Eden: 2501632K(2501632K)->0K(2502656K) From: 140448K(146432K)->136864K(145920K)
[2971.713s][info][gc,heap        ] GC(528) ParOldGen: 3701180K(3701248K)->3793644K(3793920K)
[2971.713s][info][gc,metaspace   ] GC(528) Metaspace: 29101K(29504K)->29101K(29504K) NonClass: 24211K(24384K)->24211K(24384K) Class: 4889K(5120K)->4889K(5120K)
[2971.713s][info][gc             ] GC(528) Pause Young (Allocation Failure) 6194M->3838M(6291M) 98.623ms
[2971.713s][info][gc,cpu         ] GC(528) User=0.56s Sys=0.02s Real=0.10s
..|..[2976.234s][info][gc,start       ] GC(529) Pause Young (Allocation Failure)
[2976.331s][info][gc,heap        ] GC(529) PSYoungGen: 2639520K(2648576K)->139776K(2649088K) Eden: 2502656K(2502656K)->0K(2502656K) From: 136864K(145920K)->139776K(146432K)
[2976.331s][info][gc,heap        ] GC(529) ParOldGen: 3793644K(3793920K)->3885428K(3885568K)
[2976.331s][info][gc,metaspace   ] GC(529) Metaspace: 29101K(29504K)->29101K(29504K) NonClass: 24211K(24384K)->24211K(24384K) Class: 4889K(5120K)->4889K(5120K)
[2976.331s][info][gc             ] GC(529) Pause Young (Allocation Failure) 6282M->3930M(6381M) 97.521ms
[2976.331s][info][gc,cpu         ] GC(529) User=0.54s Sys=0.04s Real=0.10s
.....[2980.853s][info][gc,start       ] GC(530) Pause Young (Allocation Failure)
[2980.951s][info][gc,heap        ] GC(530) PSYoungGen: 2642432K(2649088K)->139712K(2648576K) Eden: 2502656K(2502656K)->0K(2503680K) From: 139776K(146432K)->139712K(144896K)
[2980.951s][info][gc,heap        ] GC(530) ParOldGen: 3885428K(3885568K)->3976732K(3977216K)
[2980.951s][info][gc,metaspace   ] GC(530) Metaspace: 29101K(29504K)->29101K(29504K) NonClass: 24211K(24384K)->24211K(24384K) Class: 4889K(5120K)->4889K(5120K)
[2980.951s][info][gc             ] GC(530) Pause Young (Allocation Failure) 6374M->4019M(6470M) 98.508ms
[2980.951s][info][gc,cpu         ] GC(530) User=0.56s Sys=0.02s Real=0.10s
.....[2985.389s][info][gc,start       ] GC(531) Pause Young (Allocation Failure)
[2985.489s][info][gc,heap        ] GC(531) PSYoungGen: 2643392K(2648576K)->144416K(2649088K) Eden: 2503680K(2503680K)->0K(2503680K) From: 139712K(144896K)->144416K(145408K)
[2985.489s][info][gc,heap        ] GC(531) ParOldGen: 3976732K(3977216K)->4069108K(4069376K)
[2985.489s][info][gc,metaspace   ] GC(531) Metaspace: 29101K(29504K)->29101K(29504K) NonClass: 24211K(24384K)->24211K(24384K) Class: 4889K(5120K)->4889K(5120K)
[2985.489s][info][gc             ] GC(531) Pause Young (Allocation Failure) 6464M->4114M(6561M) 100.301ms
[2985.489s][info][gc,cpu         ] GC(531) User=0.57s Sys=0.02s Real=0.11s
....[2990.029s][info][gc,start       ] GC(532) Pause Young (Allocation Failure)
[2990.131s][info][gc,heap        ] GC(532) PSYoungGen: 2648096K(2649088K)->144821K(2647552K) Eden: 2503680K(2503680K)->0K(2501120K) From: 144416K(145408K)->144821K(146432K)
[2990.131s][info][gc,heap        ] GC(532) ParOldGen: 4069108K(4069376K)->4159460K(4159488K)
[2990.131s][info][gc,metaspace   ] GC(532) Metaspace: 29101K(29504K)->29101K(29504K) NonClass: 24211K(24384K)->24211K(24384K) Class: 4889K(5120K)->4889K(5120K)
[2990.131s][info][gc             ] GC(532) Pause Young (Allocation Failure) 6559M->4203M(6647M) 101.852ms
[2990.131s][info][gc,cpu         ] GC(532) User=0.58s Sys=0.03s Real=0.11s
.....[2994.631s][info][gc,start       ] GC(533) Pause Young (Allocation Failure)
[2994.732s][info][gc,heap        ] GC(533) PSYoungGen: 2645941K(2647552K)->141264K(2648576K) Eden: 2501120K(2501120K)->0K(2501120K) From: 144821K(146432K)->141264K(147456K)
[2994.732s][info][gc,heap        ] GC(533) ParOldGen: 4159460K(4159488K)->4253380K(4253696K)
[2994.732s][info][gc,metaspace   ] GC(533) Metaspace: 29101K(29504K)->29101K(29504K) NonClass: 24211K(24384K)->24211K(24384K) Class: 4889K(5120K)->4889K(5120K)
[2994.732s][info][gc             ] GC(533) Pause Young (Allocation Failure) 6645M->4291M(6740M) 100.677ms
[2994.732s][info][gc,cpu         ] GC(533) User=0.57s Sys=0.03s Real=0.10s
....[2999.268s][info][gc,start       ] GC(534) Pause Young (Allocation Failure)
[2999.372s][info][gc,heap        ] GC(534) PSYoungGen: 2642384K(2648576K)->146912K(2575360K) Eden: 2501120K(2501120K)->0K(2428416K) From: 141264K(147456K)->146912K(146944K)
[2999.372s][info][gc,heap        ] GC(534) ParOldGen: 4253380K(4253696K)->4348460K(4348928K)
[2999.372s][info][gc,metaspace   ] GC(534) Metaspace: 29101K(29504K)->29101K(29504K) NonClass: 24211K(24384K)->24211K(24384K) Class: 4889K(5120K)->4889K(5120K)
[2999.372s][info][gc             ] GC(534) Pause Young (Allocation Failure) 6734M->4390M(6762M) 103.720ms
[2999.372s][info][gc,cpu         ] GC(534) User=0.58s Sys=0.03s Real=0.11s
.....[3003.733s][info][gc,start       ] GC(535) Pause Young (Allocation Failure)
[3003.829s][info][gc,heap        ] GC(535) PSYoungGen: 2575328K(2575360K)->134144K(2612224K) Eden: 2428416K(2428416K)->0K(2428416K) From: 146912K(146944K)->134144K(183808K)
[3003.829s][info][gc,heap        ] GC(535) ParOldGen: 4348460K(4348928K)->4442188K(4442624K)
[3003.829s][info][gc,metaspace   ] GC(535) Metaspace: 29101K(29504K)->29101K(29504K) NonClass: 24211K(24384K)->24211K(24384K) Class: 4889K(5120K)->4889K(5120K)
[3003.829s][info][gc             ] GC(535) Pause Young (Allocation Failure) 6761M->4469M(6889M) 96.123ms
[3003.829s][info][gc,cpu         ] GC(535) User=0.54s Sys=0.03s Real=0.09s
....[3008.171s][info][gc,start       ] GC(536) Pause Young (Allocation Failure)
[3008.268s][info][gc,heap        ] GC(536) PSYoungGen: 2562560K(2612224K)->138848K(2608640K) Eden: 2428416K(2428416K)->0K(2428928K) From: 134144K(183808K)->138848K(179712K)
[3008.268s][info][gc,heap        ] GC(536) ParOldGen: 4442188K(4442624K)->4532348K(4532736K)
[3008.268s][info][gc,metaspace   ] GC(536) Metaspace: 29101K(29504K)->29101K(29504K) NonClass: 24211K(24384K)->24211K(24384K) Class: 4889K(5120K)->4889K(5120K)
[3008.268s][info][gc             ] GC(536) Pause Young (Allocation Failure) 6840M->4561M(6974M) 97.012ms
[3008.268s][info][gc,cpu         ] GC(536) User=0.55s Sys=0.03s Real=0.09s
.....[3012.688s][info][gc,start       ] GC(537) Pause Young (Allocation Failure)
[3012.787s][info][gc,heap        ] GC(537) PSYoungGen: 2567776K(2608640K)->134144K(2610688K) Eden: 2428928K(2428928K)->0K(2428928K) From: 138848K(179712K)->134144K(181760K)
[3012.787s][info][gc,heap        ] GC(537) ParOldGen: 4532348K(4532736K)->4624276K(4624384K)
[3012.787s][info][gc,metaspace   ] GC(537) Metaspace: 29101K(29504K)->29101K(29504K) NonClass: 24211K(24384K)->24211K(24384K) Class: 4889K(5120K)->4889K(5120K)
[3012.787s][info][gc             ] GC(537) Pause Young (Allocation Failure) 6933M->4646M(7065M) 98.409ms
[3012.787s][info][gc,cpu         ] GC(537) User=0.55s Sys=0.03s Real=0.10s
....[3017.216s][info][gc,start       ] GC(538) Pause Young (Allocation Failure)
[3017.313s][info][gc,heap        ] GC(538) PSYoungGen: 2563072K(2610688K)->139872K(2609152K) Eden: 2428928K(2428928K)->0K(2433536K) From: 134144K(181760K)->139872K(175616K)
[3017.313s][info][gc,heap        ] GC(538) ParOldGen: 4624276K(4624384K)->4713588K(4713984K)
[3017.313s][info][gc,metaspace   ] GC(538) Metaspace: 29101K(29504K)->29101K(29504K) NonClass: 24211K(24384K)->24211K(24384K) Class: 4889K(5120K)->4889K(5120K)
[3017.313s][info][gc             ] GC(538) Pause Young (Allocation Failure) 7018M->4739M(7151M) 97.302ms
[3017.313s][info][gc,cpu         ] GC(538) User=0.56s Sys=0.01s Real=0.10s
.....[3021.654s][info][gc,start       ] GC(539) Pause Young (Allocation Failure)
[3021.753s][info][gc,heap        ] GC(539) PSYoungGen: 2573408K(2609152K)->136992K(2612224K) Eden: 2433536K(2433536K)->0K(2433536K) From: 139872K(175616K)->136992K(178688K)
[3021.753s][info][gc,heap        ] GC(539) ParOldGen: 4713588K(4713984K)->4806356K(4806656K)
[3021.753s][info][gc,metaspace   ] GC(539) Metaspace: 29101K(29504K)->29101K(29504K) NonClass: 24211K(24384K)->24211K(24384K) Class: 4889K(5120K)->4889K(5120K)
[3021.753s][info][gc             ] GC(539) Pause Young (Allocation Failure) 7116M->4827M(7245M) 99.316ms
[3021.753s][info][gc,cpu         ] GC(539) User=0.57s Sys=0.03s Real=0.10s
....[3026.095s][info][gc,start       ] GC(540) Pause Young (Allocation Failure)
[3026.194s][info][gc,heap        ] GC(540) PSYoungGen: 2570528K(2612224K)->136576K(2612736K) Eden: 2433536K(2433536K)->0K(2440192K) From: 136992K(178688K)->136576K(172544K)
[3026.194s][info][gc,heap        ] GC(540) ParOldGen: 4806356K(4806656K)->4896828K(4897280K)
[3026.194s][info][gc,metaspace   ] GC(540) Metaspace: 29101K(29504K)->29101K(29504K) NonClass: 24211K(24384K)->24211K(24384K) Class: 4889K(5120K)->4889K(5120K)
[3026.194s][info][gc             ] GC(540) Pause Young (Allocation Failure) 7203M->4915M(7334M) 98.597ms
[3026.194s][info][gc,cpu         ] GC(540) User=0.56s Sys=0.03s Real=0.10s
.....[3030.619s][info][gc,start       ] GC(541) Pause Young (Allocation Failure)
[3030.718s][info][gc,heap        ] GC(541) PSYoungGen: 2576768K(2612736K)->140356K(2615808K) Eden: 2440192K(2440192K)->0K(2440192K) From: 136576K(172544K)->140356K(175616K)
[3030.718s][info][gc,heap        ] GC(541) ParOldGen: 4896828K(4897280K)->4986580K(4986880K)
[3030.718s][info][gc,metaspace   ] GC(541) Metaspace: 29101K(29504K)->29101K(29504K) NonClass: 24211K(24384K)->24211K(24384K) Class: 4889K(5120K)->4889K(5120K)
[3030.718s][info][gc             ] GC(541) Pause Young (Allocation Failure) 7298M->5006M(7424M) 98.900ms
[3030.718s][info][gc,cpu         ] GC(541) User=0.55s Sys=0.03s Real=0.10s
... (rIR:aIR:PR = 4428:4428:4428) (tPR = 65853) [OK] 
  3033s: Performance info:
         Transaction,    Success,    Partial,     Failed,   Receipts, AvgBarcode, 
             Overall,     265907,          0,          0,     252623,      59.47, 
         Response times:
             Request,    Success,    Partial,     Failed,   SkipFail,     Probes,    Samples,      min,      p50,      p90,      p95,      p99,      max, 
       TotalPurchase,     252623,          0,          0,          0,     248570,     270007,      300,     3200,     5200,     6100,    22000,   144000,
     InStorePurchase,     132977,          0,          0,          0,     131109,     141976,      300,     3200,     5200,     6100,    22000,   144000,
      OnlinePurchase,      93048,          0,          0,          0,      91564,      99625,      300,     3100,     5200,     6100,    21000,   138000,
        InstPurchase,      26598,          0,          0,          0,      25897,      28406,      400,     3000,     5100,     6000,    22000,   138000,
          AssocOfCat,        266,          0,          0,          0,        207,        287,    16500,    23000,    31000,    34000,    55600,   142000,
      AssocOfProduct,       2663,          0,          0,          0,       2474,       2867,      600,     3300,     5100,     5900,    21000,   108000,
      BusinessReport,        658,          0,          0,          0,        554,        699,    19900,    31000,    42000,    49000,   133000,   144000,
          CustBuyBeh,       2668,          0,          0,          0,       2441,       2782,      200,     2000,     4800,     5700,    21000,   108000,
       ProductReturn,       7029,          0,          0,          0,       6645,       7532,      200,     3000,     5200,     6200,    21000,   108000,

  3033s: (33%)   IR =   4566 .[3035.077s][info][gc,start       ] GC(542) Pause Young (Allocation Failure)
[3035.174s][info][gc,heap        ] GC(542) PSYoungGen: 2580548K(2615808K)->137920K(2615808K) Eden: 2440192K(2440192K)->0K(2447360K) From: 140356K(175616K)->137920K(168448K)
[3035.174s][info][gc,heap        ] GC(542) ParOldGen: 4986580K(4986880K)->5077604K(5078016K)
[3035.174s][info][gc,metaspace   ] GC(542) Metaspace: 29101K(29504K)->29101K(29504K) NonClass: 24211K(24384K)->24211K(24384K) Class: 4889K(5120K)->4889K(5120K)
[3035.174s][info][gc             ] GC(542) Pause Young (Allocation Failure) 7389M->5093M(7513M) 97.470ms
[3035.174s][info][gc,cpu         ] GC(542) User=0.55s Sys=0.03s Real=0.10s
....|[3039.434s][info][gc,start       ] GC(543) Pause Young (Allocation Failure)
[3039.533s][info][gc,heap        ] GC(543) PSYoungGen: 2585280K(2615808K)->138880K(2618368K) Eden: 2447360K(2447360K)->0K(2447360K) From: 137920K(168448K)->138880K(171008K)
[3039.533s][info][gc,heap        ] GC(543) ParOldGen: 5077604K(5078016K)->5169652K(5169664K)
[3039.533s][info][gc,metaspace   ] GC(543) Metaspace: 29101K(29504K)->29101K(29504K) NonClass: 24211K(24384K)->24211K(24384K) Class: 4889K(5120K)->4889K(5120K)
[3039.533s][info][gc             ] GC(543) Pause Young (Allocation Failure) 7483M->5184M(7605M) 99.439ms
[3039.534s][info][gc,cpu         ] GC(543) User=0.57s Sys=0.02s Real=0.10s
.....[3043.891s][info][gc,start       ] GC(544) Pause Young (Allocation Failure)
[3043.990s][info][gc,heap        ] GC(544) PSYoungGen: 2586240K(2618368K)->137920K(2621440K) Eden: 2447360K(2447360K)->0K(2456064K) From: 138880K(171008K)->137920K(165376K)
[3043.990s][info][gc,heap        ] GC(544) ParOldGen: 5169652K(5169664K)->5260452K(5260800K)
[3043.990s][info][gc,metaspace   ] GC(544) Metaspace: 29101K(29504K)->29101K(29504K) NonClass: 24211K(24384K)->24211K(24384K) Class: 4889K(5120K)->4889K(5120K)
[3043.990s][info][gc             ] GC(544) Pause Young (Allocation Failure) 7574M->5271M(7697M) 98.484ms
[3043.990s][info][gc,cpu         ] GC(544) User=0.55s Sys=0.02s Real=0.10s
....[3048.237s][info][gc,start       ] GC(545) Pause Young (Allocation Failure)
[3048.345s][info][gc,heap        ] GC(545) PSYoungGen: 2593984K(2621440K)->149674K(2623488K) Eden: 2456064K(2456064K)->0K(2456064K) From: 137920K(165376K)->149674K(167424K)
[3048.345s][info][gc,heap        ] GC(545) ParOldGen: 5260452K(5260800K)->5353508K(5353984K)
[3048.345s][info][gc,metaspace   ] GC(545) Metaspace: 29101K(29504K)->29101K(29504K) NonClass: 24211K(24384K)->24211K(24384K) Class: 4889K(5120K)->4889K(5120K)
[3048.345s][info][gc             ] GC(545) Pause Young (Allocation Failure) 7670M->5374M(7790M) 108.174ms
[3048.345s][info][gc,cpu         ] GC(545) User=0.62s Sys=0.02s Real=0.11s
.....[3052.600s][info][gc,start       ] GC(546) Pause Young (Allocation Failure)
[3052.698s][info][gc,heap        ] GC(546) PSYoungGen: 2605738K(2623488K)->136576K(2626560K) Eden: 2456064K(2456064K)->0K(2461184K) From: 149674K(167424K)->136576K(165376K)
[3052.698s][info][gc,heap        ] GC(546) ParOldGen: 5353508K(5353984K)->5444676K(5445120K)
[3052.698s][info][gc,metaspace   ] GC(546) Metaspace: 29101K(29504K)->29101K(29504K) NonClass: 24211K(24384K)->24211K(24384K) Class: 4889K(5120K)->4889K(5120K)
[3052.698s][info][gc             ] GC(546) Pause Young (Allocation Failure) 7772M->5450M(7882M) 97.607ms
[3052.698s][info][gc,cpu         ] GC(546) User=0.55s Sys=0.02s Real=0.09s
....[3057.015s][info][gc,start       ] GC(547) Pause Young (Allocation Failure)
[3057.116s][info][gc,heap        ] GC(547) PSYoungGen: 2597760K(2626560K)->143840K(2627584K) Eden: 2461184K(2461184K)->0K(2461184K) From: 136576K(165376K)->143840K(166400K)
[3057.116s][info][gc,heap        ] GC(547) ParOldGen: 5444676K(5445120K)->5535324K(5535744K)
[3057.116s][info][gc,metaspace   ] GC(547) Metaspace: 29101K(29504K)->29101K(29504K) NonClass: 24211K(24384K)->24211K(24384K) Class: 4889K(5120K)->4889K(5120K)
[3057.116s][info][gc             ] GC(547) Pause Young (Allocation Failure) 7853M->5546M(7972M) 101.221ms
[3057.116s][info][gc,cpu         ] GC(547) User=0.56s Sys=0.04s Real=0.10s
....[3061.419s][info][gc,start       ] GC(548) Pause Full (Allocation Failure)
[3061.419s][info][gc,phases,start] GC(548) Marking Phase
[3061.707s][info][gc,phases      ] GC(548) Marking Phase 288.347ms
[3061.707s][info][gc,phases,start] GC(548) Summary Phase
[3061.707s][info][gc,phases      ] GC(548) Summary Phase 0.090ms
[3061.707s][info][gc,phases,start] GC(548) Forward
[3061.841s][info][gc,phases      ] GC(548) Forward 133.449ms
[3061.841s][info][gc,phases,start] GC(548) Adjust Pointers
[3062.036s][info][gc,phases      ] GC(548) Adjust Pointers 194.771ms
[3062.036s][info][gc,phases,start] GC(548) Compaction Phase
[3062.161s][info][gc,phases      ] GC(548) Compaction Phase 125.668ms
[3062.162s][info][gc,phases,start] GC(548) Post Compact
[3062.169s][info][gc,phases      ] GC(548) Post Compact 6.921ms
[3062.290s][info][gc,heap        ] GC(548) PSYoungGen: 2605024K(2627584K)->0K(2628608K) Eden: 2461184K(2461184K)->0K(2464256K) From: 143840K(166400K)->0K(164352K)
[3062.290s][info][gc,heap        ] GC(548) ParOldGen: 5535324K(5535744K)->1408464K(1610240K)
[3062.290s][info][gc,metaspace   ] GC(548) Metaspace: 29101K(29504K)->29101K(29504K) NonClass: 24211K(24384K)->24211K(24384K) Class: 4889K(5120K)->4889K(5120K)
[3062.290s][info][gc             ] GC(548) Pause Full (Allocation Failure) 7949M->1375M(4139M) 871.289ms
[3062.290s][info][gc,cpu         ] GC(548) User=3.97s Sys=0.12s Real=0.88s
....[3065.810s][info][gc,start       ] GC(549) Pause Young (Allocation Failure)
[3065.872s][info][gc,heap        ] GC(549) PSYoungGen: 2464256K(2628608K)->138528K(2628608K) Eden: 2464256K(2464256K)->0K(2464256K) From: 0K(164352K)->138528K(164352K)
[3065.872s][info][gc,heap        ] GC(549) ParOldGen: 1408464K(1610240K)->1408464K(1610240K)
[3065.872s][info][gc,metaspace   ] GC(549) Metaspace: 29101K(29504K)->29101K(29504K) NonClass: 24211K(24384K)->24211K(24384K) Class: 4889K(5120K)->4889K(5120K)
[3065.872s][info][gc             ] GC(549) Pause Young (Allocation Failure) 3781M->1510M(4139M) 62.515ms
[3065.872s][info][gc,cpu         ] GC(549) User=0.37s Sys=0.01s Real=0.06s
....[3070.251s][info][gc,start       ] GC(550) Pause Young (Allocation Failure)
[3070.343s][info][gc,heap        ] GC(550) PSYoungGen: 2602784K(2628608K)->139104K(2630144K) Eden: 2464256K(2464256K)->0K(2468864K) From: 138528K(164352K)->139104K(161280K)
[3070.343s][info][gc,heap        ] GC(550) ParOldGen: 1408464K(1610240K)->1500424K(1610240K)
[3070.343s][info][gc,metaspace   ] GC(550) Metaspace: 29101K(29504K)->29101K(29504K) NonClass: 24211K(24384K)->24211K(24384K) Class: 4889K(5120K)->4889K(5120K)
[3070.343s][info][gc             ] GC(550) Pause Young (Allocation Failure) 3917M->1601M(4141M) 91.726ms
[3070.343s][info][gc,cpu         ] GC(550) User=0.54s Sys=0.00s Real=0.09s
.....[3074.624s][info][gc,start       ] GC(551) Pause Young (Allocation Failure)
[3074.718s][info][gc,heap        ] GC(551) PSYoungGen: 2607968K(2630144K)->140500K(2630144K) Eden: 2468864K(2468864K)->0K(2468864K) From: 139104K(161280K)->140500K(161280K)
[3074.718s][info][gc,heap        ] GC(551) ParOldGen: 1500424K(1610240K)->1591856K(1610240K)
[3074.718s][info][gc,metaspace   ] GC(551) Metaspace: 29101K(29504K)->29101K(29504K) NonClass: 24211K(24384K)->24211K(24384K) Class: 4889K(5120K)->4889K(5120K)
[3074.718s][info][gc             ] GC(551) Pause Young (Allocation Failure) 4012M->1691M(4141M) 93.847ms
[3074.718s][info][gc,cpu         ] GC(551) User=0.55s Sys=0.00s Real=0.09s
....[3079.014s][info][gc,start       ] GC(552) Pause Young (Allocation Failure)
[3079.111s][info][gc,heap        ] GC(552) PSYoungGen: 2609364K(2630144K)->143860K(2633728K) Eden: 2468864K(2468864K)->0K(2474496K) From: 140500K(161280K)->143860K(159232K)
[3079.111s][info][gc,heap        ] GC(552) ParOldGen: 1591856K(1610240K)->1682600K(1682944K)
[3079.111s][info][gc,metaspace   ] GC(552) Metaspace: 29101K(29504K)->29101K(29504K) NonClass: 24211K(24384K)->24211K(24384K) Class: 4889K(5120K)->4889K(5120K)
[3079.111s][info][gc             ] GC(552) Pause Young (Allocation Failure) 4102M->1783M(4215M) 96.739ms
[3079.111s][info][gc,cpu         ] GC(552) User=0.55s Sys=0.02s Real=0.10s
.....[3083.415s][info][gc,start       ] GC(553) Pause Young (Allocation Failure)
[3083.515s][info][gc,heap        ] GC(553) PSYoungGen: 2618356K(2633728K)->144400K(2633216K) Eden: 2474496K(2474496K)->0K(2474496K) From: 143860K(159232K)->144400K(158720K)
[3083.515s][info][gc,heap        ] GC(553) ParOldGen: 1682600K(1682944K)->1774608K(1775104K)
[3083.515s][info][gc,metaspace   ] GC(553) Metaspace: 29101K(29504K)->29101K(29504K) NonClass: 24211K(24384K)->24211K(24384K) Class: 4889K(5120K)->4889K(5120K)
[3083.515s][info][gc             ] GC(553) Pause Young (Allocation Failure) 4200M->1874M(4305M) 100.251ms
[3083.515s][info][gc,cpu         ] GC(553) User=0.58s Sys=0.02s Real=0.10s
....[3087.841s][info][gc,start       ] GC(554) Pause Young (Allocation Failure)
[3087.935s][info][gc,heap        ] GC(554) PSYoungGen: 2618896K(2633216K)->137952K(2636288K) Eden: 2474496K(2474496K)->0K(2479104K) From: 144400K(158720K)->137952K(157184K)
[3087.935s][info][gc,heap        ] GC(554) ParOldGen: 1774608K(1775104K)->1865824K(1866240K)
[3087.935s][info][gc,metaspace   ] GC(554) Metaspace: 29101K(29504K)->29101K(29504K) NonClass: 24211K(24384K)->24211K(24384K) Class: 4889K(5120K)->4889K(5120K)
[3087.935s][info][gc             ] GC(554) Pause Young (Allocation Failure) 4290M->1956M(4397M) 93.900ms
[3087.935s][info][gc,cpu         ] GC(554) User=0.52s Sys=0.03s Real=0.09s
....[3092.251s][info][gc,start       ] GC(555) Pause Young (Allocation Failure)
[3092.350s][info][gc,heap        ] GC(555) PSYoungGen: 2617056K(2636288K)->143236K(2636288K) Eden: 2479104K(2479104K)->0K(2479104K) From: 137952K(157184K)->143236K(157184K)
[3092.350s][info][gc,heap        ] GC(555) ParOldGen: 1865824K(1866240K)->1957968K(1958400K)
[3092.350s][info][gc,metaspace   ] GC(555) Metaspace: 29101K(29504K)->29101K(29504K) NonClass: 24211K(24384K)->24211K(24384K) Class: 4889K(5120K)->4889K(5120K)
[3092.350s][info][gc             ] GC(555) Pause Young (Allocation Failure) 4377M->2051M(4487M) 98.117ms
[3092.350s][info][gc,cpu         ] GC(555) User=0.55s Sys=0.04s Real=0.10s
.....[3096.648s][info][gc,start       ] GC(556) Pause Young (Allocation Failure)
[3096.745s][info][gc,heap        ] GC(556) PSYoungGen: 2622340K(2636288K)->140096K(2637824K) Eden: 2479104K(2479104K)->0K(2482688K) From: 143236K(157184K)->140096K(155136K)
[3096.745s][info][gc,heap        ] GC(556) ParOldGen: 1957968K(1958400K)->2049280K(2049536K)
[3096.745s][info][gc,metaspace   ] GC(556) Metaspace: 29101K(29504K)->29101K(29504K) NonClass: 24211K(24384K)->24211K(24384K) Class: 4889K(5120K)->4889K(5120K)
[3096.745s][info][gc             ] GC(556) Pause Young (Allocation Failure) 4472M->2138M(4577M) 96.867ms
[3096.745s][info][gc,cpu         ] GC(556) User=0.56s Sys=0.02s Real=0.10s
... (rIR:aIR:PR = 4566:4564:4564) (tPR = 67738) [OK] 
  3099s: Performance info:
         Transaction,    Success,    Partial,     Failed,   Receipts, AvgBarcode, 
             Overall,     277974,          0,          0,     264066,      59.47, 
         Response times:
             Request,    Success,    Partial,     Failed,   SkipFail,     Probes,    Samples,      min,      p50,      p90,      p95,      p99,      max, 
       TotalPurchase,     264063,          0,          0,          0,     256118,     282421,      200,     3300,     5500,     7400,    82000,   930000,
     InStorePurchase,     138971,          0,          0,          0,     135419,     148965,      300,     3300,     5500,     7400,    82000,   930000,
      OnlinePurchase,      97263,          0,          0,          0,      94145,     104007,      200,     3200,     5400,     7300,   109000,   930000,
        InstPurchase,      27829,          0,          0,          0,      26554,      29449,      400,     3200,     5500,     7200,   110000,   890000,
          AssocOfCat,        279,          0,          0,          0,        221,        290,    18400,    27000,    34900,    38000,   127170,   175000,
      AssocOfProduct,       2785,          0,          0,          0,       2479,       2903,      400,     3700,     5700,     7600,    82000,   890000,
      BusinessReport,        698,          0,          0,          0,        598,        764,    19700,    31000,    39000,    47000,   133050,   174000,
          CustBuyBeh,       2784,          0,          0,          0,       2537,       2979,      600,     3300,     5100,     6600,    45000,   104000,
       ProductReturn,       7361,          0,          0,          0,       6939,       7967,      200,     2500,     5100,     6700,    79000,   890000,

  3099s: (34%)   IR =   4705 .[3101.045s][info][gc,start       ] GC(557) Pause Young (Allocation Failure)
[3101.140s][info][gc,heap        ] GC(557) PSYoungGen: 2622784K(2637824K)->138528K(2637824K) Eden: 2482688K(2482688K)->0K(2482688K) From: 140096K(155136K)->138528K(155136K)
[3101.140s][info][gc,heap        ] GC(557) ParOldGen: 2049280K(2049536K)->2140696K(2141184K)
[3101.140s][info][gc,metaspace   ] GC(557) Metaspace: 29101K(29504K)->29101K(29504K) NonClass: 24211K(24384K)->24211K(24384K) Class: 4889K(5120K)->4889K(5120K)
[3101.140s][info][gc             ] GC(557) Pause Young (Allocation Failure) 4562M->2225M(4667M) 95.592ms
[3101.140s][info][gc,cpu         ] GC(557) User=0.55s Sys=0.02s Real=0.10s
....[3105.321s][info][gc,start       ] GC(558) Pause Young (Allocation Failure)
[3105.416s][info][gc,heap        ] GC(558) PSYoungGen: 2621216K(2637824K)->139904K(2639360K) Eden: 2482688K(2482688K)->0K(2486272K) From: 138528K(155136K)->139904K(153088K)
[3105.416s][info][gc,heap        ] GC(558) ParOldGen: 2140696K(2141184K)->2232872K(2233344K)
[3105.416s][info][gc,metaspace   ] GC(558) Metaspace: 29101K(29504K)->29101K(29504K) NonClass: 24211K(24384K)->24211K(24384K) Class: 4889K(5120K)->4889K(5120K)
[3105.416s][info][gc             ] GC(558) Pause Young (Allocation Failure) 4650M->2317M(4758M) 95.646ms
[3105.416s][info][gc,cpu         ] GC(558) User=0.55s Sys=0.01s Real=0.09s
....|.[3109.676s][info][gc,start       ] GC(559) Pause Young (Allocation Failure)
[3109.774s][info][gc,heap        ] GC(559) PSYoungGen: 2626176K(2639360K)->142532K(2639872K) Eden: 2486272K(2486272K)->0K(2486272K) From: 139904K(153088K)->142532K(153600K)
[3109.774s][info][gc,heap        ] GC(559) ParOldGen: 2232872K(2233344K)->2324080K(2324480K)
[3109.774s][info][gc,metaspace   ] GC(559) Metaspace: 29101K(29504K)->29101K(29504K) NonClass: 24211K(24384K)->24211K(24384K) Class: 4889K(5120K)->4889K(5120K)
[3109.774s][info][gc             ] GC(559) Pause Young (Allocation Failure) 4745M->2408M(4848M) 97.930ms
[3109.774s][info][gc,cpu         ] GC(559) User=0.56s Sys=0.03s Real=0.10s
....[3113.933s][info][gc,start       ] GC(560) Pause Young (Allocation Failure)
[3114.029s][info][gc,heap        ] GC(560) PSYoungGen: 2628804K(2639872K)->137888K(2641920K) Eden: 2486272K(2486272K)->0K(2489856K) From: 142532K(153600K)->137888K(152064K)
[3114.029s][info][gc,heap        ] GC(560) ParOldGen: 2324080K(2324480K)->2415800K(2416128K)
[3114.029s][info][gc,metaspace   ] GC(560) Metaspace: 29101K(29504K)->29101K(29504K) NonClass: 24211K(24384K)->24211K(24384K) Class: 4889K(5120K)->4889K(5120K)
[3114.029s][info][gc             ] GC(560) Pause Young (Allocation Failure) 4836M->2493M(4939M) 95.747ms
[3114.029s][info][gc,cpu         ] GC(560) User=0.55s Sys=0.01s Real=0.09s
....[3118.245s][info][gc,start       ] GC(561) Pause Young (Allocation Failure)
[3118.341s][info][gc,heap        ] GC(561) PSYoungGen: 2627744K(2641920K)->140512K(2641920K) Eden: 2489856K(2489856K)->0K(2489856K) From: 137888K(152064K)->140512K(152064K)
[3118.341s][info][gc,heap        ] GC(561) ParOldGen: 2415800K(2416128K)->2507672K(2507776K)
[3118.341s][info][gc,metaspace   ] GC(561) Metaspace: 29101K(29504K)->29101K(29504K) NonClass: 24211K(24384K)->24211K(24384K) Class: 4889K(5120K)->4889K(5120K)
[3118.341s][info][gc             ] GC(561) Pause Young (Allocation Failure) 4925M->2586M(5029M) 96.768ms
[3118.341s][info][gc,cpu         ] GC(561) User=0.54s Sys=0.03s Real=0.10s
.....[3122.581s][info][gc,start       ] GC(562) Pause Young (Allocation Failure)
[3122.676s][info][gc,heap        ] GC(562) PSYoungGen: 2630368K(2641920K)->136896K(2642944K) Eden: 2489856K(2489856K)->0K(2491904K) From: 140512K(152064K)->136896K(151040K)
[3122.676s][info][gc,heap        ] GC(562) ParOldGen: 2507672K(2507776K)->2599344K(2599424K)
[3122.676s][info][gc,metaspace   ] GC(562) Metaspace: 29101K(29504K)->29101K(29504K) NonClass: 24211K(24384K)->24211K(24384K) Class: 4889K(5120K)->4889K(5120K)
[3122.676s][info][gc             ] GC(562) Pause Young (Allocation Failure) 5017M->2672M(5119M) 95.958ms
[3122.677s][info][gc,cpu         ] GC(562) User=0.54s Sys=0.02s Real=0.09s
....[3126.954s][info][gc,start       ] GC(563) Pause Young (Allocation Failure)
[3127.051s][info][gc,heap        ] GC(563) PSYoungGen: 2628800K(2642944K)->141586K(2642944K) Eden: 2491904K(2491904K)->0K(2491904K) From: 136896K(151040K)->141586K(151040K)
[3127.051s][info][gc,heap        ] GC(563) ParOldGen: 2599344K(2599424K)->2690584K(2691072K)
[3127.051s][info][gc,metaspace   ] GC(563) Metaspace: 29101K(29504K)->29101K(29504K) NonClass: 24211K(24384K)->24211K(24384K) Class: 4889K(5120K)->4889K(5120K)
[3127.051s][info][gc             ] GC(563) Pause Young (Allocation Failure) 5105M->2765M(5209M) 97.114ms
[3127.051s][info][gc,cpu         ] GC(563) User=0.56s Sys=0.02s Real=0.10s
.[3128.208s][info][gc,start       ] GC(564) Pause Full (Diagnostic Command)
[3128.208s][info][gc,phases,start] GC(564) Marking Phase
[3128.493s][info][gc,phases      ] GC(564) Marking Phase 285.399ms
[3128.493s][info][gc,phases,start] GC(564) Summary Phase
[3128.494s][info][gc,phases      ] GC(564) Summary Phase 0.047ms
[3128.494s][info][gc,phases,start] GC(564) Forward
[3128.672s][info][gc,phases      ] GC(564) Forward 178.597ms
[3128.672s][info][gc,phases,start] GC(564) Adjust Pointers
[3128.868s][info][gc,phases      ] GC(564) Adjust Pointers 195.631ms
[3128.868s][info][gc,phases,start] GC(564) Compaction Phase
[3129.027s][info][gc,phases      ] GC(564) Compaction Phase 158.982ms
[3129.029s][info][gc,phases,start] GC(564) Post Compact
[3129.033s][info][gc,phases      ] GC(564) Post Compact 3.176ms
[3129.033s][info][gc,heap        ] GC(564) PSYoungGen: 881976K(2642944K)->0K(2642944K) Eden: 740390K(2491904K)->0K(2491904K) From: 141586K(151040K)->0K(151040K)
[3129.033s][info][gc,heap        ] GC(564) ParOldGen: 2690584K(2691072K)->1130698K(2691072K)
[3129.033s][info][gc,metaspace   ] GC(564) Metaspace: 29101K(29504K)->29101K(29504K) NonClass: 24211K(24384K)->24211K(24384K) Class: 4889K(5120K)->4889K(5120K)
[3129.033s][info][gc             ] GC(564) Pause Full (Diagnostic Command) 3488M->1104M(5209M) 824.627ms
[3129.033s][info][gc,cpu         ] GC(564) User=4.26s Sys=0.00s Real=0.83s
....[3132.539s][info][gc,start       ] GC(565) Pause Young (Allocation Failure)
[3132.600s][info][gc,heap        ] GC(565) PSYoungGen: 2491904K(2642944K)->137024K(2643968K) Eden: 2491904K(2491904K)->0K(2493952K) From: 0K(151040K)->137024K(150016K)
[3132.600s][info][gc,heap        ] GC(565) ParOldGen: 1130698K(2691072K)->1130698K(2691072K)
[3132.600s][info][gc,metaspace   ] GC(565) Metaspace: 29101K(29504K)->29101K(29504K) NonClass: 24211K(24384K)->24211K(24384K) Class: 4889K(5120K)->4889K(5120K)
[3132.600s][info][gc             ] GC(565) Pause Young (Allocation Failure) 3537M->1238M(5210M) 61.323ms
[3132.600s][info][gc,cpu         ] GC(565) User=0.36s Sys=0.00s Real=0.07s
....[3136.818s][info][gc,start       ] GC(566) Pause Young (Allocation Failure)
[3136.907s][info][gc,heap        ] GC(566) PSYoungGen: 2630976K(2643968K)->136576K(2643968K) Eden: 2493952K(2493952K)->0K(2493952K) From: 137024K(150016K)->136576K(150016K)
[3136.907s][info][gc,heap        ] GC(566) ParOldGen: 1130698K(2691072K)->1223210K(2691072K)
[3136.907s][info][gc,metaspace   ] GC(566) Metaspace: 29101K(29504K)->29101K(29504K) NonClass: 24211K(24384K)->24211K(24384K) Class: 4889K(5120K)->4889K(5120K)
[3136.907s][info][gc             ] GC(566) Pause Young (Allocation Failure) 3673M->1327M(5210M) 88.537ms
[3136.907s][info][gc,cpu         ] GC(566) User=0.52s Sys=0.00s Real=0.09s
.....[3141.145s][info][gc,start       ] GC(567) Pause Young (Allocation Failure)
[3141.236s][info][gc,heap        ] GC(567) PSYoungGen: 2630528K(2643968K)->144096K(2644992K) Eden: 2493952K(2493952K)->0K(2495488K) From: 136576K(150016K)->144096K(149504K)
[3141.236s][info][gc,heap        ] GC(567) ParOldGen: 1223210K(2691072K)->1313530K(2691072K)
[3141.236s][info][gc,metaspace   ] GC(567) Metaspace: 29101K(29504K)->29101K(29504K) NonClass: 24211K(24384K)->24211K(24384K) Class: 4889K(5120K)->4889K(5120K)
[3141.236s][info][gc             ] GC(567) Pause Young (Allocation Failure) 3763M->1423M(5211M) 91.293ms
[3141.236s][info][gc,cpu         ] GC(567) User=0.54s Sys=0.00s Real=0.09s
....[3145.507s][info][gc,start       ] GC(568) Pause Young (Allocation Failure)
[3145.601s][info][gc,heap        ] GC(568) PSYoungGen: 2639584K(2644992K)->144324K(2645504K) Eden: 2495488K(2495488K)->0K(2495488K) From: 144096K(149504K)->144324K(150016K)
[3145.601s][info][gc,heap        ] GC(568) ParOldGen: 1313530K(2691072K)->1406530K(2691072K)
[3145.601s][info][gc,metaspace   ] GC(568) Metaspace: 29101K(29504K)->29101K(29504K) NonClass: 24211K(24384K)->24211K(24384K) Class: 4889K(5120K)->4889K(5120K)
[3145.601s][info][gc             ] GC(568) Pause Young (Allocation Failure) 3860M->1514M(5211M) 93.955ms
[3145.601s][info][gc,cpu         ] GC(568) User=0.56s Sys=0.00s Real=0.10s
....[3149.749s][info][gc,start       ] GC(569) Pause Young (Allocation Failure)
[3149.841s][info][gc,heap        ] GC(569) PSYoungGen: 2639812K(2645504K)->137184K(2645504K) Eden: 2495488K(2495488K)->0K(2494976K) From: 144324K(150016K)->137184K(150528K)
[3149.841s][info][gc,heap        ] GC(569) ParOldGen: 1406530K(2691072K)->1499738K(2691072K)
[3149.841s][info][gc,metaspace   ] GC(569) Metaspace: 29101K(29504K)->29101K(29504K) NonClass: 24211K(24384K)->24211K(24384K) Class: 4889K(5120K)->4889K(5120K)
[3149.841s][info][gc             ] GC(569) Pause Young (Allocation Failure) 3951M->1598M(5211M) 91.853ms
[3149.841s][info][gc,cpu         ] GC(569) User=0.54s Sys=0.00s Real=0.10s
.....[3154.123s][info][gc,start       ] GC(570) Pause Young (Allocation Failure)
[3154.214s][info][gc,heap        ] GC(570) PSYoungGen: 2632160K(2645504K)->142112K(2637312K) Eden: 2494976K(2494976K)->0K(2494976K) From: 137184K(150528K)->142112K(142336K)
[3154.214s][info][gc,heap        ] GC(570) ParOldGen: 1499738K(2691072K)->1590466K(2691072K)
[3154.214s][info][gc,metaspace   ] GC(570) Metaspace: 29101K(29504K)->29101K(29504K) NonClass: 24211K(24384K)->24211K(24384K) Class: 4889K(5120K)->4889K(5120K)
[3154.214s][info][gc             ] GC(570) Pause Young (Allocation Failure) 4035M->1691M(5203M) 91.491ms
[3154.214s][info][gc,cpu         ] GC(570) User=0.54s Sys=0.00s Real=0.09s
....[3158.387s][info][gc,start       ] GC(571) Pause Young (Allocation Failure)
[3158.481s][info][gc,heap        ] GC(571) PSYoungGen: 2637088K(2637312K)->141792K(2645504K) Eden: 2494976K(2494976K)->0K(2495488K) From: 142112K(142336K)->141792K(150016K)
[3158.481s][info][gc,heap        ] GC(571) ParOldGen: 1590466K(2691072K)->1683090K(2691072K)
[3158.481s][info][gc,metaspace   ] GC(571) Metaspace: 29101K(29504K)->29101K(29504K) NonClass: 24211K(24384K)->24211K(24384K) Class: 4889K(5120K)->4889K(5120K)
[3158.481s][info][gc             ] GC(571) Pause Young (Allocation Failure) 4128M->1782M(5211M) 93.959ms
[3158.481s][info][gc,cpu         ] GC(571) User=0.55s Sys=0.00s Real=0.10s
....[3162.733s][info][gc,start       ] GC(572) Pause Young (Allocation Failure)
[3162.828s][info][gc,heap        ] GC(572) PSYoungGen: 2637280K(2645504K)->145520K(2644992K) Eden: 2495488K(2495488K)->0K(2495488K) From: 141792K(150016K)->145520K(149504K)
[3162.828s][info][gc,heap        ] GC(572) ParOldGen: 1683090K(2691072K)->1775682K(2691072K)
[3162.828s][info][gc,metaspace   ] GC(572) Metaspace: 29101K(29504K)->29101K(29504K) NonClass: 24211K(24384K)->24211K(24384K) Class: 4889K(5120K)->4889K(5120K)
[3162.828s][info][gc             ] GC(572) Pause Young (Allocation Failure) 4219M->1876M(5211M) 95.072ms
[3162.828s][info][gc,cpu         ] GC(572) User=0.57s Sys=0.00s Real=0.09s
.....[3167.091s][info][gc,start       ] GC(573) Pause Young (Allocation Failure)
[3167.184s][info][gc,heap        ] GC(573) PSYoungGen: 2641008K(2644992K)->142418K(2646016K) Eden: 2495488K(2495488K)->0K(2495488K) From: 145520K(149504K)->142418K(150528K)
[3167.184s][info][gc,heap        ] GC(573) ParOldGen: 1775682K(2691072K)->1868458K(2691072K)
[3167.184s][info][gc,metaspace   ] GC(573) Metaspace: 29101K(29504K)->29101K(29504K) NonClass: 24211K(24384K)->24211K(24384K) Class: 4889K(5120K)->4889K(5120K)
[3167.184s][info][gc             ] GC(573) Pause Young (Allocation Failure) 4313M->1963M(5212M) 93.772ms
[3167.184s][info][gc,cpu         ] GC(573) User=0.56s Sys=0.00s Real=0.09s
.. (rIR:aIR:PR = 4705:4704:4704) (tPR = 69493) [OK] 
  3168s: Performance info:
         Transaction,    Success,    Partial,     Failed,   Receipts, AvgBarcode, 
             Overall,     285326,          0,          0,     271053,      59.47, 
         Response times:
             Request,    Success,    Partial,     Failed,   SkipFail,     Probes,    Samples,      min,      p50,      p90,      p95,      p99,      max, 
       TotalPurchase,     271053,          0,          0,          0,     265331,     307705,      300,     3400,     5800,     8200,   188000,   429000,
     InStorePurchase,     142680,          0,          0,          0,     139655,     161874,      300,     3400,     5800,     8100,   188000,   429000,
      OnlinePurchase,      99849,          0,          0,          0,      97889,     113287,      300,     3400,     5800,     8100,   188000,   414000,
        InstPurchase,      28524,          0,          0,          0,      27787,      32544,      400,     3300,     5800,     8400,   187000,   409000,
          AssocOfCat,        285,          0,          0,          0,        220,        340,    17600,    27000,    36000,    63750,   387310,   391000,
      AssocOfProduct,       2850,          0,          0,          0,       2583,       3219,      400,     2800,     5500,     7100,   183400,   385000,
      BusinessReport,        712,          0,          0,          0,        587,        797,    21000,    32000,    46000,    67000,   266000,   343000,
          CustBuyBeh,       2851,          0,          0,          0,       2633,       3234,      500,     3100,     5600,    12900,   191000,   406000,
       ProductReturn,       7574,          0,          0,          0,       7164,       8647,      200,     2500,     5500,     7600,   185560,   414000,

  3168s: (35%)   IR =   4843 ..[3171.385s][info][gc,start       ] GC(574) Pause Young (Allocation Failure)
[3171.480s][info][gc,heap        ] GC(574) PSYoungGen: 2637906K(2646016K)->145760K(2641408K) Eden: 2495488K(2495488K)->0K(2495488K) From: 142418K(150528K)->145760K(145920K)
[3171.480s][info][gc,heap        ] GC(574) ParOldGen: 1868458K(2691072K)->1960106K(2691072K)
[3171.480s][info][gc,metaspace   ] GC(574) Metaspace: 29101K(29504K)->29101K(29504K) NonClass: 24211K(24384K)->24211K(24384K) Class: 4889K(5120K)->4889K(5120K)
[3171.480s][info][gc             ] GC(574) Pause Young (Allocation Failure) 4400M->2056M(5207M) 94.753ms
[3171.480s][info][gc,cpu         ] GC(574) User=0.56s Sys=0.00s Real=0.10s
....[3175.551s][info][gc,start       ] GC(575) Pause Young (Allocation Failure)
[3175.645s][info][gc,heap        ] GC(575) PSYoungGen: 2641248K(2641408K)->140644K(2646016K) Eden: 2495488K(2495488K)->0K(2494976K) From: 145760K(145920K)->140644K(151040K)
[3175.645s][info][gc,heap        ] GC(575) ParOldGen: 1960106K(2691072K)->2054114K(2691072K)
[3175.645s][info][gc,metaspace   ] GC(575) Metaspace: 29101K(29504K)->29101K(29504K) NonClass: 24211K(24384K)->24211K(24384K) Class: 4889K(5120K)->4889K(5120K)
[3175.645s][info][gc             ] GC(575) Pause Young (Allocation Failure) 4493M->2143M(5212M) 94.110ms
[3175.645s][info][gc,cpu         ] GC(575) User=0.56s Sys=0.00s Real=0.09s
.|...[3179.766s][info][gc,start       ] GC(576) Pause Young (Allocation Failure)
[3179.858s][info][gc,heap        ] GC(576) PSYoungGen: 2635620K(2646016K)->137984K(2644992K) Eden: 2494976K(2494976K)->0K(2494976K) From: 140644K(151040K)->137984K(150016K)
[3179.858s][info][gc,heap        ] GC(576) ParOldGen: 2054114K(2691072K)->2146130K(2691072K)
[3179.858s][info][gc,metaspace   ] GC(576) Metaspace: 29101K(29504K)->29101K(29504K) NonClass: 24211K(24384K)->24211K(24384K) Class: 4889K(5120K)->4889K(5120K)
[3179.858s][info][gc             ] GC(576) Pause Young (Allocation Failure) 4579M->2230M(5211M) 92.255ms
[3179.858s][info][gc,cpu         ] GC(576) User=0.54s Sys=0.00s Real=0.09s
....[3183.980s][info][gc,start       ] GC(577) Pause Young (Allocation Failure)
[3184.073s][info][gc,heap        ] GC(577) PSYoungGen: 2632960K(2644992K)->140224K(2645504K) Eden: 2494976K(2494976K)->0K(2495488K) From: 137984K(150016K)->140224K(150016K)
[3184.073s][info][gc,heap        ] GC(577) ParOldGen: 2146130K(2691072K)->2238330K(2691072K)
[3184.073s][info][gc,metaspace   ] GC(577) Metaspace: 29101K(29504K)->29101K(29504K) NonClass: 24211K(24384K)->24211K(24384K) Class: 4889K(5120K)->4889K(5120K)
[3184.073s][info][gc             ] GC(577) Pause Young (Allocation Failure) 4667M->2322M(5211M) 93.571ms
[3184.073s][info][gc,cpu         ] GC(577) User=0.54s Sys=0.00s Real=0.09s
.....[3188.172s][info][gc,start       ] GC(578) Pause Young (Allocation Failure)
[3188.264s][info][gc,heap        ] GC(578) PSYoungGen: 2635712K(2645504K)->140224K(2644992K) Eden: 2495488K(2495488K)->0K(2495488K) From: 140224K(150016K)->140224K(149504K)
[3188.264s][info][gc,heap        ] GC(578) ParOldGen: 2238330K(2691072K)->2331290K(2691072K)
[3188.264s][info][gc,metaspace   ] GC(578) Metaspace: 29101K(29504K)->29101K(29504K) NonClass: 24211K(24384K)->24211K(24384K) Class: 4889K(5120K)->4889K(5120K)
[3188.264s][info][gc             ] GC(578) Pause Young (Allocation Failure) 4759M->2413M(5211M) 92.208ms
[3188.264s][info][gc,cpu         ] GC(578) User=0.54s Sys=0.00s Real=0.09s
....[3192.377s][info][gc,start       ] GC(579) Pause Young (Allocation Failure)
[3192.470s][info][gc,heap        ] GC(579) PSYoungGen: 2635712K(2644992K)->142432K(2644992K) Eden: 2495488K(2495488K)->0K(2496512K) From: 140224K(149504K)->142432K(148480K)
[3192.471s][info][gc,heap        ] GC(579) ParOldGen: 2331290K(2691072K)->2423426K(2691072K)
[3192.471s][info][gc,metaspace   ] GC(579) Metaspace: 29101K(29504K)->29101K(29504K) NonClass: 24211K(24384K)->24211K(24384K) Class: 4889K(5120K)->4889K(5120K)
[3192.471s][info][gc             ] GC(579) Pause Young (Allocation Failure) 4850M->2505M(5211M) 93.794ms
[3192.471s][info][gc,cpu         ] GC(579) User=0.56s Sys=0.00s Real=0.10s
....[3196.517s][info][gc,start       ] GC(580) Pause Young (Allocation Failure)
[3196.611s][info][gc,heap        ] GC(580) PSYoungGen: 2638944K(2644992K)->142816K(2644992K) Eden: 2496512K(2496512K)->0K(2496512K) From: 142432K(148480K)->142816K(148480K)
[3196.611s][info][gc,heap        ] GC(580) ParOldGen: 2423426K(2691072K)->2517290K(2691072K)
[3196.611s][info][gc,metaspace   ] GC(580) Metaspace: 29101K(29504K)->29101K(29504K) NonClass: 24211K(24384K)->24211K(24384K) Class: 4889K(5120K)->4889K(5120K)
[3196.611s][info][gc             ] GC(580) Pause Young (Allocation Failure) 4943M->2597M(5211M) 94.267ms
[3196.611s][info][gc,cpu         ] GC(580) User=0.56s Sys=0.00s Real=0.10s
....[3200.732s][info][gc,start       ] GC(581) Pause Young (Allocation Failure)
[3200.825s][info][gc,heap        ] GC(581) PSYoungGen: 2639328K(2644992K)->137856K(2647552K) Eden: 2496512K(2496512K)->0K(2499072K) From: 142816K(148480K)->137856K(148480K)
[3200.825s][info][gc,heap        ] GC(581) ParOldGen: 2517290K(2691072K)->2607410K(2691072K)
[3200.825s][info][gc,metaspace   ] GC(581) Metaspace: 29101K(29504K)->29101K(29504K) NonClass: 24211K(24384K)->24211K(24384K) Class: 4889K(5120K)->4889K(5120K)
[3200.825s][info][gc             ] GC(581) Pause Young (Allocation Failure) 5035M->2680M(5213M) 93.499ms
[3200.825s][info][gc,cpu         ] GC(581) User=0.55s Sys=0.00s Real=0.09s
....[3204.992s][info][gc,start       ] GC(582) Pause Young (Allocation Failure)
[3205.086s][info][gc,heap        ] GC(582) PSYoungGen: 2636928K(2647552K)->144832K(2643968K) Eden: 2499072K(2499072K)->0K(2499072K) From: 137856K(148480K)->144832K(144896K)
[3205.086s][info][gc,heap        ] GC(582) ParOldGen: 2607410K(2691072K)->2698506K(2698752K)
[3205.086s][info][gc,metaspace   ] GC(582) Metaspace: 29101K(29504K)->29101K(29504K) NonClass: 24211K(24384K)->24211K(24384K) Class: 4889K(5120K)->4889K(5120K)
[3205.086s][info][gc             ] GC(582) Pause Young (Allocation Failure) 5121M->2776M(5217M) 94.074ms
[3205.086s][info][gc,cpu         ] GC(582) User=0.55s Sys=0.01s Real=0.09s
....[3209.179s][info][gc,start       ] GC(583) Pause Young (Allocation Failure)
[3209.279s][info][gc,heap        ] GC(583) PSYoungGen: 2643904K(2643968K)->143940K(2647040K) Eden: 2499072K(2499072K)->0K(2498048K) From: 144832K(144896K)->143940K(148992K)
[3209.279s][info][gc,heap        ] GC(583) ParOldGen: 2698506K(2698752K)->2791666K(2791936K)
[3209.279s][info][gc,metaspace   ] GC(583) Metaspace: 29101K(29504K)->29101K(29504K) NonClass: 24211K(24384K)->24211K(24384K) Class: 4889K(5120K)->4889K(5120K)
[3209.279s][info][gc             ] GC(583) Pause Young (Allocation Failure) 5217M->2866M(5311M) 99.585ms
[3209.279s][info][gc,cpu         ] GC(583) User=0.57s Sys=0.03s Real=0.09s
.....[3213.391s][info][gc,start       ] GC(584) Pause Young (Allocation Failure)
[3213.491s][info][gc,heap        ] GC(584) PSYoungGen: 2641988K(2647040K)->146437K(2644992K) Eden: 2498048K(2498048K)->0K(2498048K) From: 143940K(148992K)->146437K(146944K)
[3213.491s][info][gc,heap        ] GC(584) ParOldGen: 2791666K(2791936K)->2883074K(2883584K)
[3213.491s][info][gc,metaspace   ] GC(584) Metaspace: 29101K(29504K)->29101K(29504K) NonClass: 24211K(24384K)->24211K(24384K) Class: 4889K(5120K)->4889K(5120K)
[3213.491s][info][gc             ] GC(584) Pause Young (Allocation Failure) 5306M->2958M(5399M) 99.460ms
[3213.491s][info][gc,cpu         ] GC(584) User=0.57s Sys=0.02s Real=0.10s
....[3217.634s][info][gc,start       ] GC(585) Pause Young (Allocation Failure)
[3217.730s][info][gc,heap        ] GC(585) PSYoungGen: 2644485K(2644992K)->139104K(2646016K) Eden: 2498048K(2498048K)->0K(2496000K) From: 146437K(146944K)->139104K(150016K)
[3217.730s][info][gc,heap        ] GC(585) ParOldGen: 2883074K(2883584K)->2974386K(2974720K)
[3217.730s][info][gc,metaspace   ] GC(585) Metaspace: 29101K(29504K)->29101K(29504K) NonClass: 24211K(24384K)->24211K(24384K) Class: 4889K(5120K)->4889K(5120K)
[3217.730s][info][gc             ] GC(585) Pause Young (Allocation Failure) 5398M->3040M(5489M) 96.147ms
[3217.730s][info][gc,cpu         ] GC(585) User=0.54s Sys=0.03s Real=0.10s
....[3221.826s][info][gc,start       ] GC(586) Pause Young (Allocation Failure)
[3221.924s][info][gc,heap        ] GC(586) PSYoungGen: 2635104K(2646016K)->137088K(2646016K) Eden: 2496000K(2496000K)->0K(2496000K) From: 139104K(150016K)->137088K(150016K)
[3221.924s][info][gc,heap        ] GC(586) ParOldGen: 2974386K(2974720K)->3068458K(3068928K)
[3221.924s][info][gc,metaspace   ] GC(586) Metaspace: 29101K(29504K)->29101K(29504K) NonClass: 24211K(24384K)->24211K(24384K) Class: 4889K(5120K)->4889K(5120K)
[3221.924s][info][gc             ] GC(586) Pause Young (Allocation Failure) 5478M->3130M(5581M) 98.156ms
[3221.924s][info][gc,cpu         ] GC(586) User=0.55s Sys=0.02s Real=0.10s
....[3225.967s][info][gc,start       ] GC(587) Pause Young (Allocation Failure)
[3226.063s][info][gc,heap        ] GC(587) PSYoungGen: 2633088K(2646016K)->138176K(2644992K) Eden: 2496000K(2496000K)->0K(2496000K) From: 137088K(150016K)->138176K(148992K)
[3226.063s][info][gc,heap        ] GC(587) ParOldGen: 3068458K(3068928K)->3160378K(3160576K)
[3226.063s][info][gc,metaspace   ] GC(587) Metaspace: 29101K(29504K)->29101K(29504K) NonClass: 24211K(24384K)->24211K(24384K) Class: 4889K(5120K)->4889K(5120K)
[3226.063s][info][gc             ] GC(587) Pause Young (Allocation Failure) 5567M->3221M(5669M) 96.179ms
[3226.064s][info][gc,cpu         ] GC(587) User=0.54s Sys=0.03s Real=0.10s
....[3230.227s][info][gc,start       ] GC(588) Pause Young (Allocation Failure)
[3230.325s][info][gc,heap        ] GC(588) PSYoungGen: 2634176K(2644992K)->143072K(2645504K) Eden: 2496000K(2496000K)->0K(2496000K) From: 138176K(148992K)->143072K(149504K)
[3230.325s][info][gc,heap        ] GC(588) ParOldGen: 3160378K(3160576K)->3251802K(3252224K)
[3230.325s][info][gc,metaspace   ] GC(588) Metaspace: 29101K(29504K)->29101K(29504K) NonClass: 24211K(24384K)->24211K(24384K) Class: 4889K(5120K)->4889K(5120K)
[3230.325s][info][gc             ] GC(588) Pause Young (Allocation Failure) 5658M->3315M(5759M) 98.948ms
[3230.326s][info][gc,cpu         ] GC(588) User=0.55s Sys=0.03s Real=0.10s
.....[3234.427s][info][gc,start       ] GC(589) Pause Young (Allocation Failure)
[3234.527s][info][gc,heap        ] GC(589) PSYoungGen: 2639072K(2645504K)->141792K(2645504K) Eden: 2496000K(2496000K)->0K(2497024K) From: 143072K(149504K)->141792K(148480K)
[3234.527s][info][gc,heap        ] GC(589) ParOldGen: 3251802K(3252224K)->3344786K(3344896K)
[3234.527s][info][gc,metaspace   ] GC(589) Metaspace: 29101K(29504K)->29101K(29504K) NonClass: 24211K(24384K)->24211K(24384K) Class: 4889K(5120K)->4889K(5120K)
[3234.527s][info][gc             ] GC(589) Pause Young (Allocation Failure) 5752M->3404M(5850M) 99.725ms
[3234.527s][info][gc,cpu         ] GC(589) User=0.57s Sys=0.03s Real=0.10s
.. (rIR:aIR:PR = 4843:4843:4843) (tPR = 72092) [OK] 
  3236s: Performance info:
         Transaction,    Success,    Partial,     Failed,   Receipts, AvgBarcode, 
             Overall,     291591,          0,          0,     277021,      59.47, 
         Response times:
             Request,    Success,    Partial,     Failed,   SkipFail,     Probes,    Samples,      min,      p50,      p90,      p95,      p99,      max, 
       TotalPurchase,     277021,          0,          0,          0,     271857,     304281,      300,     3400,     5600,     6700,    24000,   150000,
     InStorePurchase,     145792,          0,          0,          0,     143526,     160528,      300,     3300,     5600,     6600,    24000,   150000,
      OnlinePurchase,     102048,          0,          0,          0,     100020,     111686,      300,     3500,     5700,     6800,    25000,   150000,
        InstPurchase,      29181,          0,          0,          0,      28311,      32067,      300,     3400,     5700,     6700,    24320,   150000,
          AssocOfCat,        292,          0,          0,          0,        224,        325,    17800,    27000,    35400,    42000,    86000,   126000,
      AssocOfProduct,       2912,          0,          0,          0,       2650,       3147,      600,     3300,     5700,     6800,    18400,    97000,
      BusinessReport,        731,          0,          0,          0,        627,        811,    23000,    32000,    42800,    51000,   125760,   148000,
          CustBuyBeh,       2911,          0,          0,          0,       2712,       3253,      200,     2500,     5300,     6300,    21000,   107000,
       ProductReturn,       7725,          0,          0,          0,       7404,       8581,      200,     3100,     5300,     6300,    22000,   150000,

  3236s: (36%)   IR =   4981 ..[3238.514s][info][gc,start       ] GC(590) Pause Young (Allocation Failure)
[3238.612s][info][gc,heap        ] GC(590) PSYoungGen: 2638816K(2645504K)->141184K(2646016K) Eden: 2497024K(2497024K)->0K(2497024K) From: 141792K(148480K)->141184K(148992K)
[3238.612s][info][gc,heap        ] GC(590) ParOldGen: 3344786K(3344896K)->3437010K(3437056K)
[3238.612s][info][gc,metaspace   ] GC(590) Metaspace: 29101K(29504K)->29101K(29504K) NonClass: 24211K(24384K)->24211K(24384K) Class: 4889K(5120K)->4889K(5120K)
[3238.612s][info][gc             ] GC(590) Pause Young (Allocation Failure) 5843M->3494M(5940M) 98.137ms
[3238.612s][info][gc,cpu         ] GC(590) User=0.55s Sys=0.03s Real=0.10s
...|.[3242.613s][info][gc,start       ] GC(591) Pause Young (Allocation Failure)
[3242.709s][info][gc,heap        ] GC(591) PSYoungGen: 2638208K(2646016K)->138048K(2646016K) Eden: 2497024K(2497024K)->0K(2498560K) From: 141184K(148992K)->138048K(147456K)
[3242.709s][info][gc,heap        ] GC(591) ParOldGen: 3437010K(3437056K)->3527426K(3527680K)
[3242.709s][info][gc,metaspace   ] GC(591) Metaspace: 29101K(29504K)->29101K(29504K) NonClass: 24211K(24384K)->24211K(24384K) Class: 4889K(5120K)->4889K(5120K)
[3242.709s][info][gc             ] GC(591) Pause Young (Allocation Failure) 5932M->3579M(6029M) 96.159ms
[3242.709s][info][gc,cpu         ] GC(591) User=0.54s Sys=0.02s Real=0.09s
....[3246.652s][info][gc,start       ] GC(592) Pause Young (Allocation Failure)
[3246.753s][info][gc,heap        ] GC(592) PSYoungGen: 2636608K(2646016K)->144842K(2646528K) Eden: 2498560K(2498560K)->0K(2498560K) From: 138048K(147456K)->144842K(147968K)
[3246.753s][info][gc,heap        ] GC(592) ParOldGen: 3527426K(3527680K)->3620442K(3620864K)
[3246.753s][info][gc,metaspace   ] GC(592) Metaspace: 29101K(29504K)->29101K(29504K) NonClass: 24211K(24384K)->24211K(24384K) Class: 4889K(5120K)->4889K(5120K)
[3246.753s][info][gc             ] GC(592) Pause Young (Allocation Failure) 6019M->3677M(6120M) 101.288ms
[3246.753s][info][gc,cpu         ] GC(592) User=0.57s Sys=0.03s Real=0.10s
....[3250.774s][info][gc,start       ] GC(593) Pause Young (Allocation Failure)
[3250.871s][info][gc,heap        ] GC(593) PSYoungGen: 2643402K(2646528K)->140224K(2647552K) Eden: 2498560K(2498560K)->0K(2498560K) From: 144842K(147968K)->140224K(148992K)
[3250.871s][info][gc,heap        ] GC(593) ParOldGen: 3620442K(3620864K)->3709978K(3710464K)
[3250.871s][info][gc,metaspace   ] GC(593) Metaspace: 29101K(29504K)->29101K(29504K) NonClass: 24211K(24384K)->24211K(24384K) Class: 4889K(5120K)->4889K(5120K)
[3250.871s][info][gc             ] GC(593) Pause Young (Allocation Failure) 6117M->3759M(6209M) 96.843ms
[3250.871s][info][gc,cpu         ] GC(593) User=0.54s Sys=0.02s Real=0.10s
....[3254.892s][info][gc,start       ] GC(594) Pause Young (Allocation Failure)
[3254.991s][info][gc,heap        ] GC(594) PSYoungGen: 2638784K(2647552K)->139712K(2638336K) Eden: 2498560K(2498560K)->0K(2498560K) From: 140224K(148992K)->139712K(139776K)
[3254.991s][info][gc,heap        ] GC(594) ParOldGen: 3709978K(3710464K)->3802938K(3803136K)
[3254.991s][info][gc,metaspace   ] GC(594) Metaspace: 29101K(29504K)->29101K(29504K) NonClass: 24211K(24384K)->24211K(24384K) Class: 4889K(5120K)->4889K(5120K)
[3254.991s][info][gc             ] GC(594) Pause Young (Allocation Failure) 6199M->3850M(6290M) 98.203ms
[3254.991s][info][gc,cpu         ] GC(594) User=0.55s Sys=0.03s Real=0.10s
....[3258.968s][info][gc,start       ] GC(595) Pause Young (Allocation Failure)
[3259.075s][info][gc,heap        ] GC(595) PSYoungGen: 2638272K(2638336K)->147952K(2572288K) Eden: 2498560K(2498560K)->0K(2424320K) From: 139712K(139776K)->147952K(147968K)
[3259.075s][info][gc,heap        ] GC(595) ParOldGen: 3802938K(3803136K)->3899698K(3899904K)
[3259.075s][info][gc,metaspace   ] GC(595) Metaspace: 29101K(29504K)->29101K(29504K) NonClass: 24211K(24384K)->24211K(24384K) Class: 4889K(5120K)->4889K(5120K)
[3259.075s][info][gc             ] GC(595) Pause Young (Allocation Failure) 6290M->3952M(6320M) 107.169ms
[3259.075s][info][gc,cpu         ] GC(595) User=0.61s Sys=0.03s Real=0.11s
....[3262.817s][info][gc,start       ] GC(596) Pause Young (Allocation Failure)
[3262.911s][info][gc,heap        ] GC(596) PSYoungGen: 2572272K(2572288K)->132704K(2610176K) Eden: 2424320K(2424320K)->0K(2424320K) From: 147952K(147968K)->132704K(185856K)
[3262.911s][info][gc,heap        ] GC(596) ParOldGen: 3899698K(3899904K)->3992410K(3992576K)
[3262.911s][info][gc,metaspace   ] GC(596) Metaspace: 29101K(29504K)->29101K(29504K) NonClass: 24211K(24384K)->24211K(24384K) Class: 4889K(5120K)->4889K(5120K)
[3262.911s][info][gc             ] GC(596) Pause Young (Allocation Failure) 6320M->4028M(6448M) 94.777ms
[3262.912s][info][gc,cpu         ] GC(596) User=0.54s Sys=0.02s Real=0.10s
....[3266.895s][info][gc,start       ] GC(597) Pause Young (Allocation Failure)
[3266.995s][info][gc,heap        ] GC(597) PSYoungGen: 2557024K(2610176K)->144085K(2604544K) Eden: 2424320K(2424320K)->0K(2424832K) From: 132704K(185856K)->144085K(179712K)
[3266.995s][info][gc,heap        ] GC(597) ParOldGen: 3992410K(3992576K)->4080562K(4080640K)
[3266.995s][info][gc,metaspace   ] GC(597) Metaspace: 29101K(29504K)->29101K(29504K) NonClass: 24211K(24384K)->24211K(24384K) Class: 4889K(5120K)->4889K(5120K)
[3266.995s][info][gc             ] GC(597) Pause Young (Allocation Failure) 6395M->4125M(6528M) 100.602ms
[3266.995s][info][gc,cpu         ] GC(597) User=0.57s Sys=0.03s Real=0.10s
....[3270.819s][info][gc,start       ] GC(598) Pause Young (Allocation Failure)
[3270.919s][info][gc,heap        ] GC(598) PSYoungGen: 2568917K(2604544K)->136007K(2607616K) Eden: 2424832K(2424832K)->0K(2424832K) From: 144085K(179712K)->136007K(182784K)
[3270.919s][info][gc,heap        ] GC(598) ParOldGen: 4080562K(4080640K)->4173674K(4173824K)
[3270.919s][info][gc,metaspace   ] GC(598) Metaspace: 29101K(29504K)->29101K(29504K) NonClass: 24211K(24384K)->24211K(24384K) Class: 4889K(5120K)->4889K(5120K)
[3270.919s][info][gc             ] GC(598) Pause Young (Allocation Failure) 6493M->4208M(6622M) 100.225ms
[3270.919s][info][gc,cpu         ] GC(598) User=0.55s Sys=0.04s Real=0.10s
....[3274.844s][info][gc,start       ] GC(599) Pause Young (Allocation Failure)
[3274.943s][info][gc,heap        ] GC(599) PSYoungGen: 2560839K(2607616K)->140644K(2608128K) Eden: 2424832K(2424832K)->0K(2431488K) From: 136007K(182784K)->140644K(176640K)
[3274.943s][info][gc,heap        ] GC(599) ParOldGen: 4173674K(4173824K)->4263778K(4263936K)
[3274.943s][info][gc,metaspace   ] GC(599) Metaspace: 29101K(29504K)->29101K(29504K) NonClass: 24211K(24384K)->24211K(24384K) Class: 4889K(5120K)->4889K(5120K)
[3274.943s][info][gc             ] GC(599) Pause Young (Allocation Failure) 6576M->4301M(6711M) 98.940ms
[3274.943s][info][gc,cpu         ] GC(599) User=0.55s Sys=0.03s Real=0.10s
....[3278.804s][info][gc,start       ] GC(600) Pause Young (Allocation Failure)
[3278.901s][info][gc,heap        ] GC(600) PSYoungGen: 2572132K(2608128K)->135808K(2611200K) Eden: 2431488K(2431488K)->0K(2431488K) From: 140644K(176640K)->135808K(179712K)
[3278.901s][info][gc,heap        ] GC(600) ParOldGen: 4263778K(4263936K)->4354594K(4355072K)
[3278.901s][info][gc,metaspace   ] GC(600) Metaspace: 29101K(29504K)->29101K(29504K) NonClass: 24211K(24384K)->24211K(24384K) Class: 4889K(5120K)->4889K(5120K)
[3278.901s][info][gc             ] GC(600) Pause Young (Allocation Failure) 6675M->4385M(6803M) 97.025ms
[3278.901s][info][gc,cpu         ] GC(600) User=0.55s Sys=0.03s Real=0.10s
....[3282.819s][info][gc,start       ] GC(601) Pause Young (Allocation Failure)
[3282.919s][info][gc,heap        ] GC(601) PSYoungGen: 2567296K(2611200K)->140624K(2609664K) Eden: 2431488K(2431488K)->0K(2438144K) From: 135808K(179712K)->140624K(171520K)
[3282.919s][info][gc,heap        ] GC(601) ParOldGen: 4354594K(4355072K)->4444442K(4444672K)
[3282.919s][info][gc,metaspace   ] GC(601) Metaspace: 29101K(29504K)->29101K(29504K) NonClass: 24211K(24384K)->24211K(24384K) Class: 4889K(5120K)->4889K(5120K)
[3282.919s][info][gc             ] GC(601) Pause Young (Allocation Failure) 6759M->4477M(6889M) 99.937ms
[3282.919s][info][gc,cpu         ] GC(601) User=0.56s Sys=0.02s Real=0.10s
....[3286.781s][info][gc,start       ] GC(602) Pause Young (Allocation Failure)
[3286.878s][info][gc,heap        ] GC(602) PSYoungGen: 2578768K(2609664K)->135040K(2613760K) Eden: 2438144K(2438144K)->0K(2438144K) From: 140624K(171520K)->135040K(175616K)
[3286.878s][info][gc,heap        ] GC(602) ParOldGen: 4444442K(4444672K)->4536226K(4536320K)
[3286.878s][info][gc,metaspace   ] GC(602) Metaspace: 29101K(29504K)->29101K(29504K) NonClass: 24211K(24384K)->24211K(24384K) Class: 4889K(5120K)->4889K(5120K)
[3286.878s][info][gc             ] GC(602) Pause Young (Allocation Failure) 6858M->4561M(6982M) 97.288ms
[3286.878s][info][gc,cpu         ] GC(602) User=0.55s Sys=0.03s Real=0.09s
....[3290.824s][info][gc,start       ] GC(603) Pause Young (Allocation Failure)
[3290.921s][info][gc,heap        ] GC(603) PSYoungGen: 2573184K(2613760K)->137152K(2616320K) Eden: 2438144K(2438144K)->0K(2445824K) From: 135040K(175616K)->137152K(170496K)
[3290.921s][info][gc,heap        ] GC(603) ParOldGen: 4536226K(4536320K)->4626642K(4626944K)
[3290.921s][info][gc,metaspace   ] GC(603) Metaspace: 29101K(29504K)->29101K(29504K) NonClass: 24211K(24384K)->24211K(24384K) Class: 4889K(5120K)->4889K(5120K)
[3290.921s][info][gc             ] GC(603) Pause Young (Allocation Failure) 6942M->4652M(7073M) 96.861ms
[3290.921s][info][gc,cpu         ] GC(603) User=0.54s Sys=0.03s Real=0.10s
....[3294.816s][info][gc,start       ] GC(604) Pause Young (Allocation Failure)
[3294.915s][info][gc,heap        ] GC(604) PSYoungGen: 2582976K(2616320K)->137105K(2618880K) Eden: 2445824K(2445824K)->0K(2445824K) From: 137152K(170496K)->137105K(173056K)
[3294.915s][info][gc,heap        ] GC(604) ParOldGen: 4626642K(4626944K)->4717858K(4718080K)
[3294.915s][info][gc,metaspace   ] GC(604) Metaspace: 29101K(29504K)->29101K(29504K) NonClass: 24211K(24384K)->24211K(24384K) Class: 4889K(5120K)->4889K(5120K)
[3294.915s][info][gc             ] GC(604) Pause Young (Allocation Failure) 7040M->4741M(7165M) 98.538ms
[3294.915s][info][gc,cpu         ] GC(604) User=0.56s Sys=0.03s Real=0.10s
....[3298.741s][info][gc,start       ] GC(605) Pause Young (Allocation Failure)
[3298.838s][info][gc,heap        ] GC(605) PSYoungGen: 2582929K(2618880K)->138128K(2618368K) Eden: 2445824K(2445824K)->0K(2451968K) From: 137105K(173056K)->138128K(166400K)
[3298.838s][info][gc,heap        ] GC(605) ParOldGen: 4717858K(4718080K)->4810010K(4810240K)
[3298.838s][info][gc,metaspace   ] GC(605) Metaspace: 29101K(29504K)->29101K(29504K) NonClass: 24211K(24384K)->24211K(24384K) Class: 4889K(5120K)->4889K(5120K)
[3298.838s][info][gc             ] GC(605) Pause Young (Allocation Failure) 7129M->4832M(7254M) 97.777ms
[3298.839s][info][gc,cpu         ] GC(605) User=0.54s Sys=0.04s Real=0.09s
... (rIR:aIR:PR = 4981:4980:4980) (tPR = 73814) [OK] 
  3301s: Performance info:
         Transaction,    Success,    Partial,     Failed,   Receipts, AvgBarcode, 
             Overall,     299122,          0,          0,     284153,      59.48, 
         Response times:
             Request,    Success,    Partial,     Failed,   SkipFail,     Probes,    Samples,      min,      p50,      p90,      p95,      p99,      max, 
       TotalPurchase,     284149,          0,          0,          0,     279723,     303293,      300,     3500,     5900,     7100,    26000,   142000,
     InStorePurchase,     149526,          0,          0,          0,     147489,     159649,      300,     3400,     5900,     7000,    26000,   142000,
      OnlinePurchase,     104686,          0,          0,          0,     103082,     111830,      300,     3700,     6000,     7200,    27000,   142000,
        InstPurchase,      29937,          0,          0,          0,      29152,      31814,      400,     3200,     5700,     6800,    23000,   137000,
          AssocOfCat,        301,          0,          0,          0,        249,        341,    17500,    27000,    35000,    38000,   124900,   148000,
      AssocOfProduct,       2999,          0,          0,          0,       2767,       3191,      800,     4700,     6600,     8000,    32000,   113000,
      BusinessReport,        750,          0,          0,          0,        654,        840,    22000,    33000,    45000,    53000,   106040,   158000,
          CustBuyBeh,       2988,          0,          0,          0,       2774,       3209,      100,     3900,     6300,     7750,    32000,   115000,
       ProductReturn,       7931,          0,          0,          0,       7570,       8522,      200,     4200,     6170,     7500,    31000,   120000,

  3301s: (37%)   IR =   5120 .[3302.719s][info][gc,start       ] GC(606) Pause Young (Allocation Failure)
[3302.816s][info][gc,heap        ] GC(606) PSYoungGen: 2590096K(2618368K)->136864K(2620928K) Eden: 2451968K(2451968K)->0K(2451968K) From: 138128K(166400K)->136864K(168960K)
[3302.816s][info][gc,heap        ] GC(606) ParOldGen: 4810010K(4810240K)->4900618K(4900864K)
[3302.816s][info][gc,metaspace   ] GC(606) Metaspace: 29101K(29504K)->29101K(29504K) NonClass: 24211K(24384K)->24211K(24384K) Class: 4889K(5120K)->4889K(5120K)
[3302.816s][info][gc             ] GC(606) Pause Young (Allocation Failure) 7226M->4919M(7345M) 97.579ms
[3302.816s][info][gc,cpu         ] GC(606) User=0.55s Sys=0.02s Real=0.10s
...|.[3306.717s][info][gc,start       ] GC(607) Pause Young (Allocation Failure)
[3306.816s][info][gc,heap        ] GC(607) PSYoungGen: 2588832K(2620928K)->139296K(2621952K) Eden: 2451968K(2451968K)->0K(2459648K) From: 136864K(168960K)->139296K(162304K)
[3306.816s][info][gc,heap        ] GC(607) ParOldGen: 4900618K(4900864K)->4990810K(4990976K)
[3306.816s][info][gc,metaspace   ] GC(607) Metaspace: 29101K(29504K)->29101K(29504K) NonClass: 24211K(24384K)->24211K(24384K) Class: 4889K(5120K)->4889K(5120K)
[3306.816s][info][gc             ] GC(607) Pause Young (Allocation Failure) 7313M->5009M(7434M) 98.582ms
[3306.816s][info][gc,cpu         ] GC(607) User=0.54s Sys=0.04s Real=0.10s
....[3310.501s][info][gc,start       ] GC(608) Pause Young (Allocation Failure)
[3310.599s][info][gc,heap        ] GC(608) PSYoungGen: 2598944K(2621952K)->139232K(2625024K) Eden: 2459648K(2459648K)->0K(2459648K) From: 139296K(162304K)->139232K(165376K)
[3310.600s][info][gc,heap        ] GC(608) ParOldGen: 4990810K(4990976K)->5085114K(5085184K)
[3310.600s][info][gc,metaspace   ] GC(608) Metaspace: 29101K(29504K)->29101K(29504K) NonClass: 24211K(24384K)->24211K(24384K) Class: 4889K(5120K)->4889K(5120K)
[3310.600s][info][gc             ] GC(608) Pause Young (Allocation Failure) 7411M->5101M(7529M) 98.828ms
[3310.600s][info][gc,cpu         ] GC(608) User=0.56s Sys=0.04s Real=0.10s
....[3314.510s][info][gc,start       ] GC(609) Pause Young (Allocation Failure)
[3314.610s][info][gc,heap        ] GC(609) PSYoungGen: 2598880K(2625024K)->143488K(2626560K) Eden: 2459648K(2459648K)->0K(2467328K) From: 139232K(165376K)->143488K(159232K)
[3314.610s][info][gc,heap        ] GC(609) ParOldGen: 5085114K(5085184K)->5173058K(5173248K)
[3314.610s][info][gc,metaspace   ] GC(609) Metaspace: 29101K(29504K)->29101K(29504K) NonClass: 24211K(24384K)->24211K(24384K) Class: 4889K(5120K)->4889K(5120K)
[3314.610s][info][gc             ] GC(609) Pause Young (Allocation Failure) 7503M->5191M(7617M) 99.895ms
[3314.610s][info][gc,cpu         ] GC(609) User=0.56s Sys=0.02s Real=0.10s
...[3318.356s][info][gc,start       ] GC(610) Pause Young (Allocation Failure)
[3318.459s][info][gc,heap        ] GC(610) PSYoungGen: 2610816K(2626560K)->144512K(2629120K) Eden: 2467328K(2467328K)->0K(2467328K) From: 143488K(159232K)->144512K(161792K)
[3318.459s][info][gc,heap        ] GC(610) ParOldGen: 5173058K(5173248K)->5267162K(5267456K)
[3318.459s][info][gc,metaspace   ] GC(610) Metaspace: 29101K(29504K)->29101K(29504K) NonClass: 24211K(24384K)->24211K(24384K) Class: 4889K(5120K)->4889K(5120K)
[3318.459s][info][gc             ] GC(610) Pause Young (Allocation Failure) 7601M->5284M(7711M) 102.340ms
[3318.459s][info][gc,cpu         ] GC(610) User=0.58s Sys=0.03s Real=0.10s
....[3322.364s][info][gc,start       ] GC(611) Pause Young (Allocation Failure)
[3322.467s][info][gc,heap        ] GC(611) PSYoungGen: 2611840K(2629120K)->151881K(2631680K) Eden: 2467328K(2467328K)->0K(2470400K) From: 144512K(161792K)->151881K(161280K)
[3322.467s][info][gc,heap        ] GC(611) ParOldGen: 5267162K(5267456K)->5355882K(5356032K)
[3322.467s][info][gc,metaspace   ] GC(611) Metaspace: 29101K(29504K)->29101K(29504K) NonClass: 24211K(24384K)->24211K(24384K) Class: 4889K(5120K)->4889K(5120K)
[3322.467s][info][gc             ] GC(611) Pause Young (Allocation Failure) 7694M->5378M(7800M) 103.052ms
[3322.467s][info][gc,cpu         ] GC(611) User=0.58s Sys=0.03s Real=0.10s
....[3326.249s][info][gc,start       ] GC(612) Pause Young (Allocation Failure)
[3326.348s][info][gc,heap        ] GC(612) PSYoungGen: 2622281K(2631680K)->137760K(2633216K) Eden: 2470400K(2470400K)->0K(2470400K) From: 151881K(161280K)->137760K(162816K)
[3326.348s][info][gc,heap        ] GC(612) ParOldGen: 5355882K(5356032K)->5449258K(5449728K)
[3326.348s][info][gc,metaspace   ] GC(612) Metaspace: 29101K(29504K)->29101K(29504K) NonClass: 24211K(24384K)->24211K(24384K) Class: 4889K(5120K)->4889K(5120K)
[3326.348s][info][gc             ] GC(612) Pause Young (Allocation Failure) 7791M->5456M(7893M) 99.657ms
[3326.348s][info][gc,cpu         ] GC(612) User=0.56s Sys=0.02s Real=0.10s
....[3330.253s][info][gc,start       ] GC(613) Pause Young (Allocation Failure)
[3330.355s][info][gc,heap        ] GC(613) PSYoungGen: 2608160K(2633216K)->147140K(2632704K) Eden: 2470400K(2470400K)->0K(2471424K) From: 137760K(162816K)->147140K(161280K)
[3330.355s][info][gc,heap        ] GC(613) ParOldGen: 5449258K(5449728K)->5538818K(5539328K)
[3330.355s][info][gc,metaspace   ] GC(613) Metaspace: 29101K(29504K)->29101K(29504K) NonClass: 24211K(24384K)->24211K(24384K) Class: 4889K(5120K)->4889K(5120K)
[3330.355s][info][gc             ] GC(613) Pause Young (Allocation Failure) 7868M->5552M(7980M) 102.574ms
[3330.355s][info][gc,cpu         ] GC(613) User=0.57s Sys=0.03s Real=0.10s
....[3334.174s][info][gc,start       ] GC(614) Pause Full (Allocation Failure)
[3334.174s][info][gc,phases,start] GC(614) Marking Phase
[3334.464s][info][gc,phases      ] GC(614) Marking Phase 289.733ms
[3334.464s][info][gc,phases,start] GC(614) Summary Phase
[3334.464s][info][gc,phases      ] GC(614) Summary Phase 0.097ms
[3334.464s][info][gc,phases,start] GC(614) Forward
[3334.595s][info][gc,phases      ] GC(614) Forward 131.039ms
[3334.595s][info][gc,phases,start] GC(614) Adjust Pointers
[3334.790s][info][gc,phases      ] GC(614) Adjust Pointers 195.110ms
[3334.790s][info][gc,phases,start] GC(614) Compaction Phase
[3334.915s][info][gc,phases      ] GC(614) Compaction Phase 125.500ms
[3334.916s][info][gc,phases,start] GC(614) Post Compact
[3334.923s][info][gc,phases      ] GC(614) Post Compact 6.910ms
[3335.043s][info][gc,heap        ] GC(614) PSYoungGen: 2618564K(2632704K)->0K(2633216K) Eden: 2471424K(2471424K)->0K(2471424K) From: 147140K(161280K)->0K(161792K)
[3335.043s][info][gc,heap        ] GC(614) ParOldGen: 5538818K(5539328K)->1408639K(1620480K)
[3335.043s][info][gc,metaspace   ] GC(614) Metaspace: 29101K(29504K)->29101K(29504K) NonClass: 24211K(24384K)->24211K(24384K) Class: 4889K(5120K)->4889K(5120K)
[3335.043s][info][gc             ] GC(614) Pause Full (Allocation Failure) 7966M->1375M(4154M) 868.951ms
[3335.043s][info][gc,cpu         ] GC(614) User=3.99s Sys=0.12s Real=0.87s
...[3338.051s][info][gc,start       ] GC(615) Pause Young (Allocation Failure)
[3338.117s][info][gc,heap        ] GC(615) PSYoungGen: 2471424K(2633216K)->143668K(2631168K) Eden: 2471424K(2471424K)->0K(2472448K) From: 0K(161792K)->143668K(158720K)
[3338.117s][info][gc,heap        ] GC(615) ParOldGen: 1408639K(1620480K)->1408639K(1620480K)
[3338.117s][info][gc,metaspace   ] GC(615) Metaspace: 29101K(29504K)->29101K(29504K) NonClass: 24211K(24384K)->24211K(24384K) Class: 4889K(5120K)->4889K(5120K)
[3338.117s][info][gc             ] GC(615) Pause Young (Allocation Failure) 3789M->1515M(4152M) 65.883ms
[3338.117s][info][gc,cpu         ] GC(615) User=0.38s Sys=0.00s Real=0.06s
....[3342.036s][info][gc,start       ] GC(616) Pause Young (Allocation Failure)
[3342.127s][info][gc,heap        ] GC(616) PSYoungGen: 2616116K(2631168K)->141920K(2632704K) Eden: 2472448K(2472448K)->0K(2472448K) From: 143668K(158720K)->141920K(160256K)
[3342.127s][info][gc,heap        ] GC(616) ParOldGen: 1408639K(1620480K)->1498483K(1620480K)
[3342.127s][info][gc,metaspace   ] GC(616) Metaspace: 29101K(29504K)->29101K(29504K) NonClass: 24211K(24384K)->24211K(24384K) Class: 4889K(5120K)->4889K(5120K)
[3342.127s][info][gc             ] GC(616) Pause Young (Allocation Failure) 3930M->1601M(4153M) 90.938ms
[3342.127s][info][gc,cpu         ] GC(616) User=0.54s Sys=0.00s Real=0.09s
....[3345.943s][info][gc,start       ] GC(617) Pause Young (Allocation Failure)
[3346.036s][info][gc,heap        ] GC(617) PSYoungGen: 2614368K(2632704K)->138944K(2633728K) Eden: 2472448K(2472448K)->0K(2477056K) From: 141920K(160256K)->138944K(156672K)
[3346.036s][info][gc,heap        ] GC(617) ParOldGen: 1498483K(1620480K)->1591483K(1620480K)
[3346.036s][info][gc,metaspace   ] GC(617) Metaspace: 29101K(29504K)->29101K(29504K) NonClass: 24211K(24384K)->24211K(24384K) Class: 4889K(5120K)->4889K(5120K)
[3346.036s][info][gc             ] GC(617) Pause Young (Allocation Failure) 4016M->1689M(4154M) 92.256ms
[3346.036s][info][gc,cpu         ] GC(617) User=0.54s Sys=0.00s Real=0.09s
....[3349.864s][info][gc,start       ] GC(618) Pause Young (Allocation Failure)
[3349.962s][info][gc,heap        ] GC(618) PSYoungGen: 2616000K(2633728K)->142932K(2634752K) Eden: 2477056K(2477056K)->0K(2477056K) From: 138944K(156672K)->142932K(157696K)
[3349.962s][info][gc,heap        ] GC(618) ParOldGen: 1591483K(1620480K)->1683307K(1683456K)
[3349.962s][info][gc,metaspace   ] GC(618) Metaspace: 29101K(29504K)->29101K(29504K) NonClass: 24211K(24384K)->24211K(24384K) Class: 4889K(5120K)->4889K(5120K)
[3349.962s][info][gc             ] GC(618) Pause Young (Allocation Failure) 4108M->1783M(4217M) 97.967ms
[3349.962s][info][gc,cpu         ] GC(618) User=0.56s Sys=0.01s Real=0.10s
....[3353.781s][info][gc,start       ] GC(619) Pause Young (Allocation Failure)
[3353.876s][info][gc,heap        ] GC(619) PSYoungGen: 2619988K(2634752K)->136480K(2637824K) Eden: 2477056K(2477056K)->0K(2481664K) From: 142932K(157696K)->136480K(156160K)
[3353.876s][info][gc,heap        ] GC(619) ParOldGen: 1683307K(1683456K)->1775227K(1775616K)
[3353.876s][info][gc,metaspace   ] GC(619) Metaspace: 29101K(29504K)->29101K(29504K) NonClass: 24211K(24384K)->24211K(24384K) Class: 4889K(5120K)->4889K(5120K)
[3353.876s][info][gc             ] GC(619) Pause Young (Allocation Failure) 4202M->1866M(4310M) 94.410ms
[3353.876s][info][gc,cpu         ] GC(619) User=0.53s Sys=0.03s Real=0.09s
....[3357.814s][info][gc,start       ] GC(620) Pause Young (Allocation Failure)
[3357.910s][info][gc,heap        ] GC(620) PSYoungGen: 2618144K(2637824K)->140852K(2637824K) Eden: 2481664K(2481664K)->0K(2481664K) From: 136480K(156160K)->140852K(156160K)
[3357.910s][info][gc,heap        ] GC(620) ParOldGen: 1775227K(1775616K)->1865643K(1865728K)
[3357.910s][info][gc,metaspace   ] GC(620) Metaspace: 29101K(29504K)->29101K(29504K) NonClass: 24211K(24384K)->24211K(24384K) Class: 4889K(5120K)->4889K(5120K)
[3357.910s][info][gc             ] GC(620) Pause Young (Allocation Failure) 4290M->1959M(4398M) 95.915ms
[3357.910s][info][gc,cpu         ] GC(620) User=0.53s Sys=0.03s Real=0.10s
....[3361.697s][info][gc,start       ] GC(621) Pause Young (Allocation Failure)
[3361.795s][info][gc,heap        ] GC(621) PSYoungGen: 2622516K(2637824K)->141861K(2638848K) Eden: 2481664K(2481664K)->0K(2484736K) From: 140852K(156160K)->141861K(154112K)
[3361.795s][info][gc,heap        ] GC(621) ParOldGen: 1865643K(1865728K)->1958379K(1958400K)
[3361.795s][info][gc,metaspace   ] GC(621) Metaspace: 29101K(29504K)->29101K(29504K) NonClass: 24211K(24384K)->24211K(24384K) Class: 4889K(5120K)->4889K(5120K)
[3361.795s][info][gc             ] GC(621) Pause Young (Allocation Failure) 4382M->2051M(4489M) 97.909ms
[3361.795s][info][gc,cpu         ] GC(621) User=0.54s Sys=0.04s Real=0.10s
....[3365.725s][info][gc,start       ] GC(622) Pause Young (Allocation Failure)
[3365.820s][info][gc,heap        ] GC(622) PSYoungGen: 2626597K(2638848K)->137632K(2638336K) Eden: 2484736K(2484736K)->0K(2484736K) From: 141861K(154112K)->137632K(153600K)
[3365.820s][info][gc,heap        ] GC(622) ParOldGen: 1958379K(1958400K)->2050163K(2050560K)
[3365.820s][info][gc,metaspace   ] GC(622) Metaspace: 29101K(29504K)->29101K(29504K) NonClass: 24211K(24384K)->24211K(24384K) Class: 4889K(5120K)->4889K(5120K)
[3365.820s][info][gc             ] GC(622) Pause Young (Allocation Failure) 4477M->2136M(4579M) 94.361ms
[3365.820s][info][gc,cpu         ] GC(622) User=0.53s Sys=0.04s Real=0.10s
. (rIR:aIR:PR = 5120:5119:5119) (tPR = 75963) [OK] 
  3365s: Performance info:
         Transaction,    Success,    Partial,     Failed,   Receipts, AvgBarcode, 
             Overall,     310582,          0,          0,     295062,      59.48, 
         Response times:
             Request,    Success,    Partial,     Failed,   SkipFail,     Probes,    Samples,      min,      p50,      p90,      p95,      p99,      max, 
       TotalPurchase,     295079,          0,          0,          0,     285738,     309412,      300,     3700,     6500,     9700,   106000,   980000,
     InStorePurchase,     155335,          0,          0,          0,     150491,     162699,      300,     3800,     6500,    10000,   106000,   980000,
      OnlinePurchase,     108685,          0,          0,          0,     105524,     114273,      300,     3400,     6400,     9300,   106000,   920000,
        InstPurchase,      31059,          0,          0,          0,      29723,      32440,      300,     3900,     6900,    10600,   102000,   890000,
          AssocOfCat,        308,          0,          0,          0,        246,        318,    18300,    28000,    41000,    53000,   128000,   139000,
      AssocOfProduct,       3111,          0,          0,          0,       2797,       3245,      500,     4900,     7500,    13440,   118000,   890000,
      BusinessReport,        770,          0,          0,          0,        663,        815,    21000,    33000,    49000,    58400,   168000,   980000,
          CustBuyBeh,       3104,          0,          0,          0,       2814,       3236,      200,     4800,     7600,    13200,    80000,   111000,
       ProductReturn,       8228,          0,          0,          0,       7782,       8640,      200,     3200,     6200,     8600,   105000,   880000,

  3365s: (38%)   IR =   5258 ...[3369.607s][info][gc,start       ] GC(623) Pause Young (Allocation Failure)
[3369.703s][info][gc,heap        ] GC(623) PSYoungGen: 2622368K(2638336K)->141664K(2641408K) Eden: 2484736K(2484736K)->0K(2489344K) From: 137632K(153600K)->141664K(152064K)
[3369.703s][info][gc,heap        ] GC(623) ParOldGen: 2050163K(2050560K)->2141691K(2141696K)
[3369.703s][info][gc,metaspace   ] GC(623) Metaspace: 29101K(29504K)->29101K(29504K) NonClass: 24211K(24384K)->24211K(24384K) Class: 4889K(5120K)->4889K(5120K)
[3369.703s][info][gc             ] GC(623) Pause Young (Allocation Failure) 4563M->2229M(4671M) 96.370ms
[3369.703s][info][gc,cpu         ] GC(623) User=0.54s Sys=0.02s Real=0.10s
.|...[3373.491s][info][gc,start       ] GC(624) Pause Young (Allocation Failure)
[3373.588s][info][gc,heap        ] GC(624) PSYoungGen: 2631008K(2641408K)->143136K(2641408K) Eden: 2489344K(2489344K)->0K(2489344K) From: 141664K(152064K)->143136K(152064K)
[3373.589s][info][gc,heap        ] GC(624) ParOldGen: 2141691K(2141696K)->2234299K(2234368K)
[3373.589s][info][gc,metaspace   ] GC(624) Metaspace: 29101K(29504K)->29101K(29504K) NonClass: 24211K(24384K)->24211K(24384K) Class: 4889K(5120K)->4889K(5120K)
[3373.589s][info][gc             ] GC(624) Pause Young (Allocation Failure) 4660M->2321M(4761M) 97.311ms
[3373.589s][info][gc,cpu         ] GC(624) User=0.55s Sys=0.02s Real=0.09s
....[3377.307s][info][gc,start       ] GC(625) Pause Young (Allocation Failure)
[3377.402s][info][gc,heap        ] GC(625) PSYoungGen: 2632480K(2641408K)->140320K(2643456K) Eden: 2489344K(2489344K)->0K(2492416K) From: 143136K(152064K)->140320K(151040K)
[3377.402s][info][gc,heap        ] GC(625) ParOldGen: 2234299K(2234368K)->2326883K(2327040K)
[3377.402s][info][gc,metaspace   ] GC(625) Metaspace: 29101K(29504K)->29101K(29504K) NonClass: 24211K(24384K)->24211K(24384K) Class: 4889K(5120K)->4889K(5120K)
[3377.402s][info][gc             ] GC(625) Pause Young (Allocation Failure) 4752M->2409M(4854M) 95.596ms
[3377.402s][info][gc,cpu         ] GC(625) User=0.54s Sys=0.02s Real=0.10s
...[3381.199s][info][gc,start       ] GC(626) Pause Young (Allocation Failure)
[3381.298s][info][gc,heap        ] GC(626) PSYoungGen: 2632736K(2643456K)->145396K(2643456K) Eden: 2492416K(2492416K)->0K(2492416K) From: 140320K(151040K)->145396K(151040K)
[3381.298s][info][gc,heap        ] GC(626) ParOldGen: 2326883K(2327040K)->2418371K(2418688K)
[3381.298s][info][gc,metaspace   ] GC(626) Metaspace: 29101K(29504K)->29101K(29504K) NonClass: 24211K(24384K)->24211K(24384K) Class: 4889K(5120K)->4889K(5120K)
[3381.298s][info][gc             ] GC(626) Pause Young (Allocation Failure) 4843M->2503M(4943M) 99.196ms
[3381.298s][info][gc,cpu         ] GC(626) User=0.56s Sys=0.03s Real=0.10s
....[3385.025s][info][gc,start       ] GC(627) Pause Young (Allocation Failure)
[3385.123s][info][gc,heap        ] GC(627) PSYoungGen: 2637812K(2643456K)->140512K(2643456K) Eden: 2492416K(2492416K)->0K(2493440K) From: 145396K(151040K)->140512K(150016K)
[3385.123s][info][gc,heap        ] GC(627) ParOldGen: 2418371K(2418688K)->2511187K(2511360K)
[3385.123s][info][gc,metaspace   ] GC(627) Metaspace: 29101K(29504K)->29101K(29504K) NonClass: 24211K(24384K)->24211K(24384K) Class: 4889K(5120K)->4889K(5120K)
[3385.123s][info][gc             ] GC(627) Pause Young (Allocation Failure) 4937M->2589M(5034M) 97.515ms
[3385.123s][info][gc,cpu         ] GC(627) User=0.56s Sys=0.02s Real=0.10s
....[3388.852s][info][gc,start       ] GC(628) Pause Young (Allocation Failure)
[3388.951s][info][gc,heap        ] GC(628) PSYoungGen: 2633952K(2643456K)->142960K(2643968K) Eden: 2493440K(2493440K)->0K(2493440K) From: 140512K(150016K)->142960K(150528K)
[3388.951s][info][gc,heap        ] GC(628) ParOldGen: 2511187K(2511360K)->2602291K(2602496K)
[3388.951s][info][gc,metaspace   ] GC(628) Metaspace: 29101K(29504K)->29101K(29504K) NonClass: 24211K(24384K)->24211K(24384K) Class: 4889K(5120K)->4889K(5120K)
[3388.951s][info][gc             ] GC(628) Pause Young (Allocation Failure) 5024M->2680M(5123M) 98.815ms
[3388.951s][info][gc,cpu         ] GC(628) User=0.56s Sys=0.03s Real=0.10s
....[3392.827s][info][gc,start       ] GC(629) Pause Young (Allocation Failure)
[3392.927s][info][gc,heap        ] GC(629) PSYoungGen: 2636400K(2643968K)->145264K(2645504K) Eden: 2493440K(2493440K)->0K(2494976K) From: 142960K(150528K)->145264K(150528K)
[3392.927s][info][gc,heap        ] GC(629) ParOldGen: 2602291K(2602496K)->2693667K(2694144K)
[3392.927s][info][gc,metaspace   ] GC(629) Metaspace: 29101K(29504K)->29101K(29504K) NonClass: 24211K(24384K)->24211K(24384K) Class: 4889K(5120K)->4889K(5120K)
[3392.927s][info][gc             ] GC(629) Pause Young (Allocation Failure) 5115M->2772M(5214M) 99.895ms
[3392.927s][info][gc,cpu         ] GC(629) User=0.56s Sys=0.03s Real=0.10s
....[3396.608s][info][gc,start       ] GC(630) Pause Young (Allocation Failure)
[3396.706s][info][gc,heap        ] GC(630) PSYoungGen: 2640240K(2645504K)->135968K(2631168K) Eden: 2494976K(2494976K)->0K(2494976K) From: 145264K(150528K)->135968K(136192K)
[3396.706s][info][gc,heap        ] GC(630) ParOldGen: 2693667K(2694144K)->2789323K(2789376K)
[3396.706s][info][gc,metaspace   ] GC(630) Metaspace: 29101K(29504K)->29101K(29504K) NonClass: 24211K(24384K)->24211K(24384K) Class: 4889K(5120K)->4889K(5120K)
[3396.706s][info][gc             ] GC(630) Pause Young (Allocation Failure) 5208M->2856M(5293M) 97.288ms
[3396.706s][info][gc,cpu         ] GC(630) User=0.55s Sys=0.03s Real=0.10s
....[3400.563s][info][gc,start       ] GC(631) Pause Young (Allocation Failure)
[3400.661s][info][gc,heap        ] GC(631) PSYoungGen: 2630944K(2631168K)->143940K(2644992K) Eden: 2494976K(2494976K)->0K(2493952K) From: 135968K(136192K)->143940K(151040K)
[3400.661s][info][gc,heap        ] GC(631) ParOldGen: 2789323K(2789376K)->2879123K(2879488K)
[3400.661s][info][gc,metaspace   ] GC(631) Metaspace: 29101K(29504K)->29101K(29504K) NonClass: 24211K(24384K)->24211K(24384K) Class: 4889K(5120K)->4889K(5120K)
[3400.661s][info][gc             ] GC(631) Pause Young (Allocation Failure) 5293M->2952M(5395M) 97.855ms
[3400.661s][info][gc,cpu         ] GC(631) User=0.55s Sys=0.03s Real=0.10s
....[3404.371s][info][gc,start       ] GC(632) Pause Young (Allocation Failure)
[3404.473s][info][gc,heap        ] GC(632) PSYoungGen: 2637892K(2644992K)->147444K(2641408K) Eden: 2493952K(2493952K)->0K(2493952K) From: 143940K(151040K)->147444K(147456K)
[3404.473s][info][gc,heap        ] GC(632) ParOldGen: 2879123K(2879488K)->2973507K(2973696K)
[3404.473s][info][gc,metaspace   ] GC(632) Metaspace: 29101K(29504K)->29101K(29504K) NonClass: 24211K(24384K)->24211K(24384K) Class: 4889K(5120K)->4889K(5120K)
[3404.473s][info][gc             ] GC(632) Pause Young (Allocation Failure) 5387M->3047M(5483M) 101.638ms
[3404.473s][info][gc,cpu         ] GC(632) User=0.58s Sys=0.03s Real=0.10s
...[3408.260s][info][gc,start       ] GC(633) Pause Young (Allocation Failure)
[3408.358s][info][gc,heap        ] GC(633) PSYoungGen: 2641396K(2641408K)->146480K(2642944K) Eden: 2493952K(2493952K)->0K(2490880K) From: 147444K(147456K)->146480K(152064K)
[3408.358s][info][gc,heap        ] GC(633) ParOldGen: 2973507K(2973696K)->3063507K(3063808K)
[3408.358s][info][gc,metaspace   ] GC(633) Metaspace: 29101K(29504K)->29101K(29504K) NonClass: 24211K(24384K)->24211K(24384K) Class: 4889K(5120K)->4889K(5120K)
[3408.358s][info][gc             ] GC(633) Pause Young (Allocation Failure) 5483M->3134M(5573M) 98.183ms
[3408.358s][info][gc,cpu         ] GC(633) User=0.56s Sys=0.02s Real=0.09s
....[3412.076s][info][gc,start       ] GC(634) Pause Young (Allocation Failure)
[3412.174s][info][gc,heap        ] GC(634) PSYoungGen: 2637360K(2642944K)->140800K(2643456K) Eden: 2490880K(2490880K)->0K(2490880K) From: 146480K(152064K)->140800K(152576K)
[3412.174s][info][gc,heap        ] GC(634) ParOldGen: 3063507K(3063808K)->3156203K(3156480K)
[3412.174s][info][gc,metaspace   ] GC(634) Metaspace: 29101K(29504K)->29101K(29504K) NonClass: 24211K(24384K)->24211K(24384K) Class: 4889K(5120K)->4889K(5120K)
[3412.174s][info][gc             ] GC(634) Pause Young (Allocation Failure) 5567M->3219M(5664M) 97.264ms
[3412.174s][info][gc,cpu         ] GC(634) User=0.54s Sys=0.03s Real=0.10s
....[3415.903s][info][gc,start       ] GC(635) Pause Young (Allocation Failure)
[3416.003s][info][gc,heap        ] GC(635) PSYoungGen: 2631679K(2643456K)->141056K(2642432K) Eden: 2490879K(2490880K)->0K(2491392K) From: 140800K(152576K)->141056K(151040K)
[3416.003s][info][gc,heap        ] GC(635) ParOldGen: 3156203K(3156480K)->3247523K(3247616K)
[3416.003s][info][gc,metaspace   ] GC(635) Metaspace: 29101K(29504K)->29101K(29504K) NonClass: 24211K(24384K)->24211K(24384K) Class: 4889K(5120K)->4889K(5120K)
[3416.003s][info][gc             ] GC(635) Pause Young (Allocation Failure) 5652M->3309M(5752M) 99.648ms
[3416.003s][info][gc,cpu         ] GC(635) User=0.56s Sys=0.03s Real=0.10s
....[3419.822s][info][gc,start       ] GC(636) Pause Young (Allocation Failure)
[3419.920s][info][gc,heap        ] GC(636) PSYoungGen: 2632448K(2642432K)->139808K(2642944K) Eden: 2491392K(2491392K)->0K(2491392K) From: 141056K(151040K)->139808K(151552K)
[3419.920s][info][gc,heap        ] GC(636) ParOldGen: 3247523K(3247616K)->3339219K(3339264K)
[3419.920s][info][gc,metaspace   ] GC(636) Metaspace: 29101K(29504K)->29101K(29504K) NonClass: 24211K(24384K)->24211K(24384K) Class: 4889K(5120K)->4889K(5120K)
[3419.920s][info][gc             ] GC(636) Pause Young (Allocation Failure) 5742M->3397M(5842M) 97.732ms
[3419.920s][info][gc,cpu         ] GC(636) User=0.55s Sys=0.03s Real=0.10s
....[3423.655s][info][gc,start       ] GC(637) Pause Young (Allocation Failure)
[3423.752s][info][gc,heap        ] GC(637) PSYoungGen: 2631200K(2642944K)->136864K(2644480K) Eden: 2491392K(2491392K)->0K(2493440K) From: 139808K(151552K)->136864K(151040K)
[3423.752s][info][gc,heap        ] GC(637) ParOldGen: 3339219K(3339264K)->3431739K(3431936K)
[3423.752s][info][gc,metaspace   ] GC(637) Metaspace: 29101K(29504K)->29101K(29504K) NonClass: 24211K(24384K)->24211K(24384K) Class: 4889K(5120K)->4889K(5120K)
[3423.752s][info][gc             ] GC(637) Pause Young (Allocation Failure) 5830M->3484M(5934M) 96.665ms
[3423.752s][info][gc,cpu         ] GC(637) User=0.54s Sys=0.03s Real=0.10s
....[3427.469s][info][gc,start       ] GC(638) Pause Young (Allocation Failure)
[3427.567s][info][gc,heap        ] GC(638) PSYoungGen: 2630304K(2644480K)->141184K(2634752K) Eden: 2493440K(2493440K)->0K(2493440K) From: 136864K(151040K)->141184K(141312K)
[3427.567s][info][gc,heap        ] GC(638) ParOldGen: 3431739K(3431936K)->3523459K(3523584K)
[3427.567s][info][gc,metaspace   ] GC(638) Metaspace: 29101K(29504K)->29101K(29504K) NonClass: 24211K(24384K)->24211K(24384K) Class: 4889K(5120K)->4889K(5120K)
[3427.567s][info][gc             ] GC(638) Pause Young (Allocation Failure) 5919M->3578M(6014M) 98.140ms
[3427.567s][info][gc,cpu         ] GC(638) User=0.54s Sys=0.04s Real=0.10s
.[3429.198s][info][gc,start       ] GC(639) Pause Full (Diagnostic Command)
[3429.198s][info][gc,phases,start] GC(639) Marking Phase
[3429.485s][info][gc,phases      ] GC(639) Marking Phase 287.503ms
[3429.485s][info][gc,phases,start] GC(639) Summary Phase
[3429.486s][info][gc,phases      ] GC(639) Summary Phase 0.068ms
[3429.486s][info][gc,phases,start] GC(639) Forward
[3429.664s][info][gc,phases      ] GC(639) Forward 178.624ms
[3429.664s][info][gc,phases,start] GC(639) Adjust Pointers
[3429.864s][info][gc,phases      ] GC(639) Adjust Pointers 199.332ms
[3429.864s][info][gc,phases,start] GC(639) Compaction Phase
[3430.047s][info][gc,phases      ] GC(639) Compaction Phase 183.627ms
[3430.050s][info][gc,phases,start] GC(639) Post Compact
[3430.054s][info][gc,phases      ] GC(639) Post Compact 4.207ms
[3430.054s][info][gc,heap        ] GC(639) PSYoungGen: 1261837K(2634752K)->0K(2634752K) Eden: 1120653K(2493440K)->0K(2493440K) From: 141184K(141312K)->0K(141312K)
[3430.054s][info][gc,heap        ] GC(639) ParOldGen: 3523459K(3523584K)->1132071K(3523584K)
[3430.054s][info][gc,metaspace   ] GC(639) Metaspace: 29101K(29504K)->29101K(29504K) NonClass: 24211K(24384K)->24211K(24384K) Class: 4889K(5120K)->4889K(5120K)
[3430.054s][info][gc             ] GC(639) Pause Full (Diagnostic Command) 4673M->1105M(6014M) 856.216ms
[3430.054s][info][gc,cpu         ] GC(639) User=4.47s Sys=0.00s Real=0.86s
.. (rIR:aIR:PR = 5258:5248:5247) (tPR = 78450) [OK] 
  3430s: Performance info:
         Transaction,    Success,    Partial,     Failed,   Receipts, AvgBarcode, 
             Overall,     319350,          0,          0,     303443,      59.47, 
         Response times:
             Request,    Success,    Partial,     Failed,   SkipFail,     Probes,    Samples,      min,      p50,      p90,      p95,      p99,      max, 
       TotalPurchase,     303444,          0,          0,          0,     295045,     318757,      300,     3700,     6500,     8900,    99000,   870000,
     InStorePurchase,     159634,          0,          0,          0,     155745,     167747,      300,     3600,     6600,     9900,   116000,   870000,
      OnlinePurchase,     112056,          0,          0,          0,     108717,     117740,      300,     3700,     6300,     8000,    36000,   870000,
        InstPurchase,      31754,          0,          0,          0,      30583,      33270,      400,     4100,     6700,    11400,    99000,   870000,
          AssocOfCat,        319,          0,          0,          0,        254,        330,    17300,    26000,    37900,    47000,   126000,   910000,
      AssocOfProduct,       3201,          0,          0,          0,       2924,       3313,      900,     4800,     6960,    10560,   125000,   870000,
      BusinessReport,        800,          0,          0,          0,        691,        845,    23000,    33000,    49000,    68700,   138080,   165000,
          CustBuyBeh,       3199,          0,          0,          0,       2896,       3281,      300,     3700,     6300,     9690,    48000,   104000,
       ProductReturn,       8452,          0,          0,          0,       7930,       8829,      200,     3900,     6500,    12400,    99000,   870000,

  3430s: (39%)   IR =   5396 .[3433.080s][info][gc,start       ] GC(640) Pause Young (Allocation Failure)
[3433.142s][info][gc,heap        ] GC(640) PSYoungGen: 2493440K(2634752K)->141215K(2644480K) Eden: 2493440K(2493440K)->0K(2494464K) From: 0K(141312K)->141215K(150016K)
[3433.142s][info][gc,heap        ] GC(640) ParOldGen: 1132071K(3523584K)->1132071K(3523584K)
[3433.142s][info][gc,metaspace   ] GC(640) Metaspace: 29101K(29504K)->29101K(29504K) NonClass: 24211K(24384K)->24211K(24384K) Class: 4889K(5120K)->4889K(5120K)
[3433.142s][info][gc             ] GC(640) Pause Young (Allocation Failure) 3540M->1243M(6023M) 62.123ms
[3433.142s][info][gc,cpu         ] GC(640) User=0.37s Sys=0.00s Real=0.06s
....[3436.767s][info][gc,start       ] GC(641) Pause Young (Allocation Failure)
[3436.865s][info][gc,heap        ] GC(641) PSYoungGen: 2635679K(2644480K)->149162K(2643968K) Eden: 2494464K(2494464K)->0K(2494464K) From: 141215K(150016K)->149162K(149504K)
[3436.865s][info][gc,heap        ] GC(641) ParOldGen: 1132071K(3523584K)->1226023K(3523584K)
[3436.865s][info][gc,metaspace   ] GC(641) Metaspace: 29101K(29504K)->29101K(29504K) NonClass: 24211K(24384K)->24211K(24384K) Class: 4889K(5120K)->4889K(5120K)
[3436.865s][info][gc             ] GC(641) Pause Young (Allocation Failure) 3679M->1342M(6023M) 98.494ms
[3436.865s][info][gc,cpu         ] GC(641) User=0.58s Sys=0.00s Real=0.10s
.|...[3440.629s][info][gc,start       ] GC(642) Pause Young (Allocation Failure)
[3440.726s][info][gc,heap        ] GC(642) PSYoungGen: 2643626K(2643968K)->151099K(2640384K) Eden: 2494464K(2494464K)->0K(2488832K) From: 149162K(149504K)->151099K(151552K)
[3440.726s][info][gc,heap        ] GC(642) ParOldGen: 1226023K(3523584K)->1315343K(3523584K)
[3440.726s][info][gc,metaspace   ] GC(642) Metaspace: 29101K(29504K)->29101K(29504K) NonClass: 24211K(24384K)->24211K(24384K) Class: 4889K(5120K)->4889K(5120K)
[3440.726s][info][gc             ] GC(642) Pause Young (Allocation Failure) 3778M->1432M(6019M) 97.000ms
[3440.726s][info][gc,cpu         ] GC(642) User=0.57s Sys=0.00s Real=0.09s
....[3444.381s][info][gc,start       ] GC(643) Pause Young (Allocation Failure)
[3444.475s][info][gc,heap        ] GC(643) PSYoungGen: 2639931K(2640384K)->145925K(2642432K) Eden: 2488832K(2488832K)->0K(2488832K) From: 151099K(151552K)->145925K(153600K)
[3444.475s][info][gc,heap        ] GC(643) ParOldGen: 1315343K(3523584K)->1409735K(3523584K)
[3444.475s][info][gc,metaspace   ] GC(643) Metaspace: 29101K(29504K)->29101K(29504K) NonClass: 24211K(24384K)->24211K(24384K) Class: 4889K(5120K)->4889K(5120K)
[3444.475s][info][gc             ] GC(643) Pause Young (Allocation Failure) 3862M->1519M(6021M) 94.186ms
[3444.475s][info][gc,cpu         ] GC(643) User=0.56s Sys=0.00s Real=0.09s
....[3448.179s][info][gc,start       ] GC(644) Pause Young (Allocation Failure)
[3448.270s][info][gc,heap        ] GC(644) PSYoungGen: 2634757K(2642432K)->140736K(2641408K) Eden: 2488832K(2488832K)->0K(2488832K) From: 145925K(153600K)->140736K(152576K)
[3448.270s][info][gc,heap        ] GC(644) ParOldGen: 1409735K(3523584K)->1502231K(3523584K)
[3448.270s][info][gc,metaspace   ] GC(644) Metaspace: 29101K(29504K)->29101K(29504K) NonClass: 24211K(24384K)->24211K(24384K) Class: 4889K(5120K)->4889K(5120K)
[3448.270s][info][gc             ] GC(644) Pause Young (Allocation Failure) 3949M->1604M(6020M) 90.825ms
[3448.270s][info][gc,cpu         ] GC(644) User=0.54s Sys=0.00s Real=0.10s
...[3451.778s][info][gc,start       ] GC(645) Pause Young (Allocation Failure)
[3451.868s][info][gc,heap        ] GC(645) PSYoungGen: 2629568K(2641408K)->135008K(2641920K) Eden: 2488832K(2488832K)->0K(2488832K) From: 140736K(152576K)->135008K(153088K)
[3451.868s][info][gc,heap        ] GC(645) ParOldGen: 1502231K(3523584K)->1595263K(3523584K)
[3451.868s][info][gc,metaspace   ] GC(645) Metaspace: 29101K(29504K)->29101K(29504K) NonClass: 24211K(24384K)->24211K(24384K) Class: 4889K(5120K)->4889K(5120K)
[3451.869s][info][gc             ] GC(645) Pause Young (Allocation Failure) 4034M->1689M(6021M) 90.615ms
[3451.869s][info][gc,cpu         ] GC(645) User=0.53s Sys=0.00s Real=0.09s
....[3455.633s][info][gc,start       ] GC(646) Pause Young (Allocation Failure)
[3455.724s][info][gc,heap        ] GC(646) PSYoungGen: 2623840K(2641920K)->138848K(2642432K) Eden: 2488832K(2488832K)->0K(2489344K) From: 135008K(153088K)->138848K(153088K)
[3455.724s][info][gc,heap        ] GC(646) ParOldGen: 1595263K(3523584K)->1684167K(3523584K)
[3455.724s][info][gc,metaspace   ] GC(646) Metaspace: 29101K(29504K)->29101K(29504K) NonClass: 24211K(24384K)->24211K(24384K) Class: 4889K(5120K)->4889K(5120K)
[3455.724s][info][gc             ] GC(646) Pause Young (Allocation Failure) 4120M->1780M(6021M) 91.313ms
[3455.724s][info][gc,cpu         ] GC(646) User=0.54s Sys=0.00s Real=0.09s
....[3459.361s][info][gc,start       ] GC(647) Pause Young (Allocation Failure)
[3459.460s][info][gc,heap        ] GC(647) PSYoungGen: 2628192K(2642432K)->149655K(2639360K) Eden: 2489344K(2489344K)->0K(2489344K) From: 138848K(153088K)->149655K(150016K)
[3459.460s][info][gc,heap        ] GC(647) ParOldGen: 1684167K(3523584K)->1777743K(3523584K)
[3459.460s][info][gc,metaspace   ] GC(647) Metaspace: 29101K(29504K)->29101K(29504K) NonClass: 24211K(24384K)->24211K(24384K) Class: 4889K(5120K)->4889K(5120K)
[3459.460s][info][gc             ] GC(647) Pause Young (Allocation Failure) 4211M->1882M(6018M) 98.882ms
[3459.460s][info][gc,cpu         ] GC(647) User=0.59s Sys=0.00s Real=0.10s
....[3463.176s][info][gc,start       ] GC(648) Pause Young (Allocation Failure)
[3463.267s][info][gc,heap        ] GC(648) PSYoungGen: 2638999K(2639360K)->141248K(2641920K) Eden: 2489344K(2489344K)->0K(2486784K) From: 149655K(150016K)->141248K(155136K)
[3463.267s][info][gc,heap        ] GC(648) ParOldGen: 1777743K(3523584K)->1868087K(3523584K)
[3463.267s][info][gc,metaspace   ] GC(648) Metaspace: 29101K(29504K)->29101K(29504K) NonClass: 24211K(24384K)->24211K(24384K) Class: 4889K(5120K)->4889K(5120K)
[3463.267s][info][gc             ] GC(648) Pause Young (Allocation Failure) 4313M->1962M(6021M) 91.754ms
[3463.268s][info][gc,cpu         ] GC(648) User=0.54s Sys=0.00s Real=0.09s
...[3466.902s][info][gc,start       ] GC(649) Pause Young (Allocation Failure)
[3466.993s][info][gc,heap        ] GC(649) PSYoungGen: 2628032K(2641920K)->137568K(2624512K) Eden: 2486784K(2486784K)->0K(2486784K) From: 141248K(155136K)->137568K(137728K)
[3466.993s][info][gc,heap        ] GC(649) ParOldGen: 1868087K(3523584K)->1961727K(3523584K)
[3466.993s][info][gc,metaspace   ] GC(649) Metaspace: 29101K(29504K)->29101K(29504K) NonClass: 24211K(24384K)->24211K(24384K) Class: 4889K(5120K)->4889K(5120K)
[3466.993s][info][gc             ] GC(649) Pause Young (Allocation Failure) 4390M->2050M(6004M) 90.551ms
[3466.993s][info][gc,cpu         ] GC(649) User=0.54s Sys=0.00s Real=0.09s
....[3470.634s][info][gc,start       ] GC(650) Pause Young (Allocation Failure)
[3470.726s][info][gc,heap        ] GC(650) PSYoungGen: 2624352K(2624512K)->135968K(2640384K) Eden: 2486784K(2486784K)->0K(2486784K) From: 137568K(137728K)->135968K(153600K)
[3470.726s][info][gc,heap        ] GC(650) ParOldGen: 1961727K(3523584K)->2053439K(3523584K)
[3470.726s][info][gc,metaspace   ] GC(650) Metaspace: 29101K(29504K)->29101K(29504K) NonClass: 24211K(24384K)->24211K(24384K) Class: 4889K(5120K)->4889K(5120K)
[3470.726s][info][gc             ] GC(650) Pause Young (Allocation Failure) 4478M->2138M(6019M) 92.147ms
[3470.726s][info][gc,cpu         ] GC(650) User=0.54s Sys=0.00s Real=0.09s
....[3474.342s][info][gc,start       ] GC(651) Pause Young (Allocation Failure)
[3474.433s][info][gc,heap        ] GC(651) PSYoungGen: 2622752K(2640384K)->140128K(2640384K) Eden: 2486784K(2486784K)->0K(2486784K) From: 135968K(153600K)->140128K(153600K)
[3474.433s][info][gc,heap        ] GC(651) ParOldGen: 2053439K(3523584K)->2145215K(3523584K)
[3474.433s][info][gc,metaspace   ] GC(651) Metaspace: 29101K(29504K)->29101K(29504K) NonClass: 24211K(24384K)->24211K(24384K) Class: 4889K(5120K)->4889K(5120K)
[3474.433s][info][gc             ] GC(651) Pause Young (Allocation Failure) 4566M->2231M(6019M) 91.992ms
[3474.434s][info][gc,cpu         ] GC(651) User=0.55s Sys=0.00s Real=0.09s
...[3478.117s][info][gc,start       ] GC(652) Pause Young (Allocation Failure)
[3478.208s][info][gc,heap        ] GC(652) PSYoungGen: 2626912K(2640384K)->140352K(2641408K) Eden: 2486784K(2486784K)->0K(2489856K) From: 140128K(153600K)->140352K(151552K)
[3478.208s][info][gc,heap        ] GC(652) ParOldGen: 2145215K(3523584K)->2236183K(3523584K)
[3478.208s][info][gc,metaspace   ] GC(652) Metaspace: 29101K(29504K)->29101K(29504K) NonClass: 24211K(24384K)->24211K(24384K) Class: 4889K(5120K)->4889K(5120K)
[3478.208s][info][gc             ] GC(652) Pause Young (Allocation Failure) 4660M->2320M(6020M) 91.099ms
[3478.208s][info][gc,cpu         ] GC(652) User=0.54s Sys=0.00s Real=0.09s
....[3481.864s][info][gc,start       ] GC(653) Pause Young (Allocation Failure)
[3481.957s][info][gc,heap        ] GC(653) PSYoungGen: 2630208K(2641408K)->138848K(2641408K) Eden: 2489856K(2489856K)->0K(2489856K) From: 140352K(151552K)->138848K(151552K)
[3481.957s][info][gc,heap        ] GC(653) ParOldGen: 2236183K(3523584K)->2328047K(3523584K)
[3481.957s][info][gc,metaspace   ] GC(653) Metaspace: 29101K(29504K)->29101K(29504K) NonClass: 24211K(24384K)->24211K(24384K) Class: 4889K(5120K)->4889K(5120K)
[3481.957s][info][gc             ] GC(653) Pause Young (Allocation Failure) 4752M->2409M(6020M) 92.929ms
[3481.957s][info][gc,cpu         ] GC(653) User=0.54s Sys=0.00s Real=0.09s
....[3485.559s][info][gc,start       ] GC(654) Pause Young (Allocation Failure)
[3485.653s][info][gc,heap        ] GC(654) PSYoungGen: 2628704K(2641408K)->139236K(2643968K) Eden: 2489856K(2489856K)->0K(2493440K) From: 138848K(151552K)->139236K(150528K)
[3485.653s][info][gc,heap        ] GC(654) ParOldGen: 2328047K(3523584K)->2420743K(3523584K)
[3485.653s][info][gc,metaspace   ] GC(654) Metaspace: 29101K(29504K)->29101K(29504K) NonClass: 24211K(24384K)->24211K(24384K) Class: 4889K(5120K)->4889K(5120K)
[3485.653s][info][gc             ] GC(654) Pause Young (Allocation Failure) 4840M->2499M(6023M) 93.739ms
[3485.653s][info][gc,cpu         ] GC(654) User=0.56s Sys=0.00s Real=0.10s
....[3489.394s][info][gc,start       ] GC(655) Pause Young (Allocation Failure)
[3489.489s][info][gc,heap        ] GC(655) PSYoungGen: 2632676K(2643968K)->144064K(2643968K) Eden: 2493440K(2493440K)->0K(2493440K) From: 139236K(150528K)->144064K(150528K)
[3489.489s][info][gc,heap        ] GC(655) ParOldGen: 2420743K(3523584K)->2509895K(3523584K)
[3489.489s][info][gc,metaspace   ] GC(655) Metaspace: 29101K(29504K)->29101K(29504K) NonClass: 24211K(24384K)->24211K(24384K) Class: 4889K(5120K)->4889K(5120K)
[3489.489s][info][gc             ] GC(655) Pause Young (Allocation Failure) 4934M->2591M(6023M) 95.397ms
[3489.489s][info][gc,cpu         ] GC(655) User=0.57s Sys=0.00s Real=0.09s
...[3493.127s][info][gc,start       ] GC(656) Pause Young (Allocation Failure)
[3493.220s][info][gc,heap        ] GC(656) PSYoungGen: 2637504K(2643968K)->138944K(2644480K) Eden: 2493440K(2493440K)->0K(2494976K) From: 144064K(150528K)->138944K(149504K)
[3493.220s][info][gc,heap        ] GC(656) ParOldGen: 2509895K(3523584K)->2602887K(3523584K)
[3493.220s][info][gc,metaspace   ] GC(656) Metaspace: 29101K(29504K)->29101K(29504K) NonClass: 24211K(24384K)->24211K(24384K) Class: 4889K(5120K)->4889K(5120K)
[3493.220s][info][gc             ] GC(656) Pause Young (Allocation Failure) 5026M->2677M(6023M) 93.537ms
[3493.220s][info][gc,cpu         ] GC(656) User=0.55s Sys=0.00s Real=0.10s
....[3496.905s][info][gc,start       ] GC(657) Pause Young (Allocation Failure)
[3497.003s][info][gc,heap        ] GC(657) PSYoungGen: 2633920K(2644480K)->143364K(2644992K) Eden: 2494976K(2494976K)->0K(2494976K) From: 138944K(149504K)->143364K(150016K)
[3497.003s][info][gc,heap        ] GC(657) ParOldGen: 2602887K(3523584K)->2694527K(3523584K)
[3497.003s][info][gc,metaspace   ] GC(657) Metaspace: 29101K(29504K)->29101K(29504K) NonClass: 24211K(24384K)->24211K(24384K) Class: 4889K(5120K)->4889K(5120K)
[3497.003s][info][gc             ] GC(657) Pause Young (Allocation Failure) 5114M->2771M(6024M) 98.466ms
[3497.003s][info][gc,cpu         ] GC(657) User=0.59s Sys=0.00s Real=0.10s
. (rIR:aIR:PR = 5396:5396:5396) (tPR = 79971) [OK] 
  3496s: Performance info:
         Transaction,    Success,    Partial,     Failed,   Receipts, AvgBarcode, 
             Overall,     324278,          0,          0,     308077,      59.47, 
         Response times:
             Request,    Success,    Partial,     Failed,   SkipFail,     Probes,    Samples,      min,      p50,      p90,      p95,      p99,      max, 
       TotalPurchase,     308077,          0,          0,          0,     302172,     332754,      300,     3800,     6500,     8300,    32000,   155000,
     InStorePurchase,     162131,          0,          0,          0,     159510,     175261,      300,     3800,     6500,     8300,    32000,   155000,
      OnlinePurchase,     113535,          0,          0,          0,     111134,     122389,      300,     3700,     6500,     8200,    32000,   155000,
        InstPurchase,      32411,          0,          0,          0,      31528,      35104,      400,     4100,     6600,     8600,    33000,   152000,
          AssocOfCat,        324,          0,          0,          0,        253,        329,    17600,    27000,    35000,    42000,   139900,   155000,
      AssocOfProduct,       3229,          0,          0,          0,       2992,       3518,      500,     3300,     5400,     7200,    27810,   120000,
      BusinessReport,        808,          0,          0,          0,        679,        873,    21000,    34000,    49000,    56300,   129340,   158000,
          CustBuyBeh,       3238,          0,          0,          0,       3010,       3517,      200,     2600,     6600,     8300,    34820,   155000,
       ProductReturn,       8602,          0,          0,          0,       8265,       9367,      200,     4000,     6400,     8300,    30000,   122000,

  3496s: (40%)   IR =   5535 ...[3500.573s][info][gc,start       ] GC(658) Pause Young (Allocation Failure)
[3500.666s][info][gc,heap        ] GC(658) PSYoungGen: 2638340K(2644992K)->136544K(2646016K) Eden: 2494976K(2494976K)->0K(2496000K) From: 143364K(150016K)->136544K(150016K)
[3500.666s][info][gc,heap        ] GC(658) ParOldGen: 2694527K(3523584K)->2786671K(3523584K)
[3500.666s][info][gc,metaspace   ] GC(658) Metaspace: 29102K(29504K)->29102K(29504K) NonClass: 24212K(24384K)->24212K(24384K) Class: 4889K(5120K)->4889K(5120K)
[3500.666s][info][gc             ] GC(658) Pause Young (Allocation Failure) 5207M->2854M(6025M) 93.212ms
[3500.666s][info][gc,cpu         ] GC(658) User=0.54s Sys=0.00s Real=0.09s
...[3504.208s][info][gc,start       ] GC(659) Pause Young (Allocation Failure)
[3504.302s][info][gc,heap        ] GC(659) PSYoungGen: 2632544K(2646016K)->141536K(2637824K) Eden: 2496000K(2496000K)->0K(2496000K) From: 136544K(150016K)->141536K(141824K)
[3504.302s][info][gc,heap        ] GC(659) ParOldGen: 2786671K(3523584K)->2879055K(3523584K)
[3504.302s][info][gc,metaspace   ] GC(659) Metaspace: 29102K(29504K)->29102K(29504K) NonClass: 24212K(24384K)->24212K(24384K) Class: 4889K(5120K)->4889K(5120K)
[3504.302s][info][gc             ] GC(659) Pause Young (Allocation Failure) 5292M->2949M(6017M) 93.839ms
[3504.302s][info][gc,cpu         ] GC(659) User=0.56s Sys=0.00s Real=0.10s
...|.[3507.922s][info][gc,start       ] GC(660) Pause Young (Allocation Failure)
[3508.013s][info][gc,heap        ] GC(660) PSYoungGen: 2637536K(2637824K)->139840K(2646016K) Eden: 2496000K(2496000K)->0K(2496512K) From: 141536K(141824K)->139840K(149504K)
[3508.013s][info][gc,heap        ] GC(660) ParOldGen: 2879055K(3523584K)->2970599K(3523584K)
[3508.013s][info][gc,metaspace   ] GC(660) Metaspace: 29102K(29504K)->29102K(29504K) NonClass: 24212K(24384K)->24212K(24384K) Class: 4889K(5120K)->4889K(5120K)
[3508.013s][info][gc             ] GC(660) Pause Young (Allocation Failure) 5387M->3037M(6025M) 91.241ms
[3508.013s][info][gc,cpu         ] GC(660) User=0.54s Sys=0.00s Real=0.09s
....[3511.586s][info][gc,start       ] GC(661) Pause Young (Allocation Failure)
[3511.680s][info][gc,heap        ] GC(661) PSYoungGen: 2636352K(2646016K)->137792K(2645504K) Eden: 2496512K(2496512K)->0K(2496512K) From: 139840K(149504K)->137792K(148992K)
[3511.680s][info][gc,heap        ] GC(661) ParOldGen: 2970599K(3523584K)->3062959K(3523584K)
[3511.680s][info][gc,metaspace   ] GC(661) Metaspace: 29102K(29504K)->29102K(29504K) NonClass: 24212K(24384K)->24212K(24384K) Class: 4889K(5120K)->4889K(5120K)
[3511.680s][info][gc             ] GC(661) Pause Young (Allocation Failure) 5475M->3125M(6024M) 93.915ms
[3511.680s][info][gc,cpu         ] GC(661) User=0.55s Sys=0.00s Real=0.10s
...[3515.162s][info][gc,start       ] GC(662) Pause Young (Allocation Failure)
[3515.256s][info][gc,heap        ] GC(662) PSYoungGen: 2634304K(2645504K)->143284K(2645504K) Eden: 2496512K(2496512K)->0K(2497024K) From: 137792K(148992K)->143284K(148480K)
[3515.256s][info][gc,heap        ] GC(662) ParOldGen: 3062959K(3523584K)->3155527K(3523584K)
[3515.256s][info][gc,metaspace   ] GC(662) Metaspace: 29102K(29504K)->29102K(29504K) NonClass: 24212K(24384K)->24212K(24384K) Class: 4889K(5120K)->4889K(5120K)
[3515.256s][info][gc             ] GC(662) Pause Young (Allocation Failure) 5563M->3221M(6024M) 94.514ms
[3515.256s][info][gc,cpu         ] GC(662) User=0.56s Sys=0.00s Real=0.09s
....[3518.902s][info][gc,start       ] GC(663) Pause Young (Allocation Failure)
[3518.998s][info][gc,heap        ] GC(663) PSYoungGen: 2640308K(2645504K)->144384K(2646016K) Eden: 2497024K(2497024K)->0K(2497024K) From: 143284K(148480K)->144384K(148992K)
[3518.998s][info][gc,heap        ] GC(663) ParOldGen: 3155527K(3523584K)->3244959K(3523584K)
[3518.998s][info][gc,metaspace   ] GC(663) Metaspace: 29102K(29504K)->29102K(29504K) NonClass: 24212K(24384K)->24212K(24384K) Class: 4889K(5120K)->4889K(5120K)
[3518.998s][info][gc             ] GC(663) Pause Young (Allocation Failure) 5659M->3309M(6025M) 95.521ms
[3518.998s][info][gc,cpu         ] GC(663) User=0.57s Sys=0.00s Real=0.09s
....[3522.598s][info][gc,start       ] GC(664) Pause Young (Allocation Failure)
[3522.692s][info][gc,heap        ] GC(664) PSYoungGen: 2641408K(2646016K)->137824K(2646528K) Eden: 2497024K(2497024K)->0K(2497536K) From: 144384K(148992K)->137824K(148992K)
[3522.692s][info][gc,heap        ] GC(664) ParOldGen: 3244959K(3523584K)->3338455K(3523584K)
[3522.692s][info][gc,metaspace   ] GC(664) Metaspace: 29102K(29504K)->29102K(29504K) NonClass: 24212K(24384K)->24212K(24384K) Class: 4889K(5120K)->4889K(5120K)
[3522.692s][info][gc             ] GC(664) Pause Young (Allocation Failure) 5748M->3394M(6025M) 93.357ms
[3522.692s][info][gc,cpu         ] GC(664) User=0.55s Sys=0.00s Real=0.10s
...[3526.268s][info][gc,start       ] GC(665) Pause Young (Allocation Failure)
[3526.365s][info][gc,heap        ] GC(665) PSYoungGen: 2635360K(2646528K)->145844K(2643456K) Eden: 2497536K(2497536K)->0K(2497536K) From: 137824K(148992K)->145844K(145920K)
[3526.365s][info][gc,heap        ] GC(665) ParOldGen: 3338455K(3523584K)->3430703K(3523584K)
[3526.365s][info][gc,metaspace   ] GC(665) Metaspace: 29102K(29504K)->29102K(29504K) NonClass: 24212K(24384K)->24212K(24384K) Class: 4889K(5120K)->4889K(5120K)
[3526.365s][info][gc             ] GC(665) Pause Young (Allocation Failure) 5833M->3492M(6022M) 97.600ms
[3526.365s][info][gc,cpu         ] GC(665) User=0.58s Sys=0.00s Real=0.10s
....[3529.950s][info][gc,start       ] GC(666) Pause Young (Allocation Failure)
[3530.044s][info][gc,heap        ] GC(666) PSYoungGen: 2643380K(2643456K)->139040K(2646528K) Eden: 2497536K(2497536K)->0K(2496512K) From: 145844K(145920K)->139040K(150016K)
[3530.044s][info][gc,heap        ] GC(666) ParOldGen: 3430703K(3523584K)->3522511K(3523584K)
[3530.044s][info][gc,metaspace   ] GC(666) Metaspace: 29102K(29504K)->29102K(29504K) NonClass: 24212K(24384K)->24212K(24384K) Class: 4889K(5120K)->4889K(5120K)
[3530.044s][info][gc             ] GC(666) Pause Young (Allocation Failure) 5931M->3575M(6025M) 93.969ms
[3530.044s][info][gc,cpu         ] GC(666) User=0.55s Sys=0.00s Real=0.09s
....[3533.666s][info][gc,start       ] GC(667) Pause Young (Allocation Failure)
[3533.767s][info][gc,heap        ] GC(667) PSYoungGen: 2635552K(2646528K)->143636K(2646016K) Eden: 2496512K(2496512K)->0K(2496512K) From: 139040K(150016K)->143636K(149504K)
[3533.767s][info][gc,heap        ] GC(667) ParOldGen: 3522511K(3523584K)->3613527K(3613696K)
[3533.767s][info][gc,metaspace   ] GC(667) Metaspace: 29102K(29504K)->29102K(29504K) NonClass: 24212K(24384K)->24212K(24384K) Class: 4889K(5120K)->4889K(5120K)
[3533.767s][info][gc             ] GC(667) Pause Young (Allocation Failure) 6013M->3669M(6113M) 101.087ms
[3533.768s][info][gc,cpu         ] GC(667) User=0.57s Sys=0.03s Real=0.10s
...[3537.268s][info][gc,start       ] GC(668) Pause Young (Allocation Failure)
[3537.367s][info][gc,heap        ] GC(668) PSYoungGen: 2640148K(2646016K)->139424K(2646016K) Eden: 2496512K(2496512K)->0K(2496512K) From: 143636K(149504K)->139424K(149504K)
[3537.367s][info][gc,heap        ] GC(668) ParOldGen: 3613527K(3613696K)->3706663K(3706880K)
[3537.367s][info][gc,metaspace   ] GC(668) Metaspace: 29102K(29504K)->29102K(29504K) NonClass: 24212K(24384K)->24212K(24384K) Class: 4889K(5120K)->4889K(5120K)
[3537.367s][info][gc             ] GC(668) Pause Young (Allocation Failure) 6107M->3755M(6204M) 99.709ms
[3537.367s][info][gc,cpu         ] GC(668) User=0.56s Sys=0.03s Real=0.10s
....[3541.026s][info][gc,start       ] GC(669) Pause Young (Allocation Failure)
[3541.124s][info][gc,heap        ] GC(669) PSYoungGen: 2635936K(2646016K)->141952K(2646016K) Eden: 2496512K(2496512K)->0K(2496512K) From: 139424K(149504K)->141952K(149504K)
[3541.124s][info][gc,heap        ] GC(669) ParOldGen: 3706663K(3706880K)->3797047K(3797504K)
[3541.124s][info][gc,metaspace   ] GC(669) Metaspace: 29102K(29504K)->29102K(29504K) NonClass: 24212K(24384K)->24212K(24384K) Class: 4889K(5120K)->4889K(5120K)
[3541.124s][info][gc             ] GC(669) Pause Young (Allocation Failure) 6193M->3846M(6292M) 97.880ms
[3541.124s][info][gc,cpu         ] GC(669) User=0.55s Sys=0.03s Real=0.10s
....[3544.621s][info][gc,start       ] GC(670) Pause Young (Allocation Failure)
[3544.719s][info][gc,heap        ] GC(670) PSYoungGen: 2638464K(2646016K)->134720K(2646016K) Eden: 2496512K(2496512K)->0K(2497024K) From: 141952K(149504K)->134720K(148992K)
[3544.719s][info][gc,heap        ] GC(670) ParOldGen: 3797047K(3797504K)->3891615K(3891712K)
[3544.719s][info][gc,metaspace   ] GC(670) Metaspace: 29102K(29504K)->29102K(29504K) NonClass: 24212K(24384K)->24212K(24384K) Class: 4889K(5120K)->4889K(5120K)
[3544.719s][info][gc             ] GC(670) Pause Young (Allocation Failure) 6284M->3931M(6384M) 98.224ms
[3544.720s][info][gc,cpu         ] GC(670) User=0.55s Sys=0.04s Real=0.10s
...[3548.298s][info][gc,start       ] GC(671) Pause Young (Allocation Failure)
[3548.396s][info][gc,heap        ] GC(671) PSYoungGen: 2631744K(2646016K)->141984K(2646016K) Eden: 2497024K(2497024K)->0K(2497024K) From: 134720K(148992K)->141984K(148992K)
[3548.396s][info][gc,heap        ] GC(671) ParOldGen: 3891615K(3891712K)->3982623K(3982848K)
[3548.396s][info][gc,metaspace   ] GC(671) Metaspace: 29102K(29504K)->29102K(29504K) NonClass: 24212K(24384K)->24212K(24384K) Class: 4889K(5120K)->4889K(5120K)
[3548.396s][info][gc             ] GC(671) Pause Young (Allocation Failure) 6370M->4027M(6473M) 97.888ms
[3548.396s][info][gc,cpu         ] GC(671) User=0.55s Sys=0.03s Real=0.10s
....[3552.024s][info][gc,start       ] GC(672) Pause Young (Allocation Failure)
[3552.124s][info][gc,heap        ] GC(672) PSYoungGen: 2639008K(2646016K)->142048K(2646016K) Eden: 2497024K(2497024K)->0K(2498048K) From: 141984K(148992K)->142048K(147968K)
[3552.124s][info][gc,heap        ] GC(672) ParOldGen: 3982623K(3982848K)->4074391K(4074496K)
[3552.124s][info][gc,metaspace   ] GC(672) Metaspace: 29102K(29504K)->29102K(29504K) NonClass: 24212K(24384K)->24212K(24384K) Class: 4889K(5120K)->4889K(5120K)
[3552.124s][info][gc             ] GC(672) Pause Young (Allocation Failure) 6466M->4117M(6563M) 99.471ms
[3552.124s][info][gc,cpu         ] GC(672) User=0.55s Sys=0.03s Real=0.10s
....[3555.739s][info][gc,start       ] GC(673) Pause Young (Allocation Failure)
[3555.837s][info][gc,heap        ] GC(673) PSYoungGen: 2640096K(2646016K)->138848K(2646528K) Eden: 2498048K(2498048K)->0K(2498048K) From: 142048K(147968K)->138848K(148480K)
[3555.837s][info][gc,heap        ] GC(673) ParOldGen: 4074391K(4074496K)->4167047K(4167168K)
[3555.837s][info][gc,metaspace   ] GC(673) Metaspace: 29102K(29504K)->29102K(29504K) NonClass: 24212K(24384K)->24212K(24384K) Class: 4889K(5120K)->4889K(5120K)
[3555.837s][info][gc             ] GC(673) Pause Young (Allocation Failure) 6557M->4204M(6654M) 98.037ms
[3555.838s][info][gc,cpu         ] GC(673) User=0.55s Sys=0.04s Real=0.09s
...[3559.398s][info][gc,start       ] GC(674) Pause Young (Allocation Failure)
[3559.497s][info][gc,heap        ] GC(674) PSYoungGen: 2636896K(2646528K)->142816K(2647040K) Eden: 2498048K(2498048K)->0K(2499072K) From: 138848K(148480K)->142816K(147968K)
[3559.497s][info][gc,heap        ] GC(674) ParOldGen: 4167047K(4167168K)->4259935K(4260352K)
[3559.497s][info][gc,metaspace   ] GC(674) Metaspace: 29102K(29504K)->29102K(29504K) NonClass: 24212K(24384K)->24212K(24384K) Class: 4889K(5120K)->4889K(5120K)
[3559.497s][info][gc             ] GC(674) Pause Young (Allocation Failure) 6644M->4299M(6745M) 99.818ms
[3559.497s][info][gc,cpu         ] GC(674) User=0.56s Sys=0.03s Real=0.10s
....[3563.085s][info][gc,start       ] GC(675) Pause Young (Allocation Failure)
[3563.186s][info][gc,heap        ] GC(675) PSYoungGen: 2641888K(2647040K)->146080K(2645504K) Eden: 2499072K(2499072K)->0K(2499072K) From: 142816K(147968K)->146080K(146432K)
[3563.186s][info][gc,heap        ] GC(675) ParOldGen: 4259935K(4260352K)->4351999K(4352000K)
[3563.186s][info][gc,metaspace   ] GC(675) Metaspace: 29102K(29504K)->29102K(29504K) NonClass: 24212K(24384K)->24212K(24384K) Class: 4889K(5120K)->4889K(5120K)
[3563.186s][info][gc             ] GC(675) Pause Young (Allocation Failure) 6740M->4392M(6833M) 101.044ms
[3563.186s][info][gc,cpu         ] GC(675) User=0.57s Sys=0.03s Real=0.10s
.... (rIR:aIR:PR = 5535:5537:5537) (tPR = 82387) [OK] 
  3566s: Performance info:
         Transaction,    Success,    Partial,     Failed,   Receipts, AvgBarcode, 
             Overall,     333366,          0,          0,     316706,      59.48, 
         Response times:
             Request,    Success,    Partial,     Failed,   SkipFail,     Probes,    Samples,      min,      p50,      p90,      p95,      p99,      max, 
       TotalPurchase,     316706,          0,          0,          0,     312031,     358700,      300,     3800,     6600,     8100,    28000,   157000,
     InStorePurchase,     166691,          0,          0,          0,     164340,     188731,      300,     3900,     6600,     8100,    29000,   157000,
      OnlinePurchase,     116678,          0,          0,          0,     115183,     132064,      300,     3800,     6500,     8000,    27000,   122000,
        InstPurchase,      33337,          0,          0,          0,      32508,      37905,      400,     3900,     6700,     8100,    28000,   110000,
          AssocOfCat,        333,          0,          0,          0,        268,        373,    18700,    28000,    36000,    40000,    51260,    60000,
      AssocOfProduct,       3325,          0,          0,          0,       3116,       3797,     1100,     4300,     6800,     8300,    28000,   104000,
      BusinessReport,        834,          0,          0,          0,        729,        985,    21000,    33000,    47000,    53000,   129000,   167000,
          CustBuyBeh,       3342,          0,          0,          0,       3111,       3814,      200,     4500,     7200,     8700,    34000,   110000,
       ProductReturn,       8827,          0,          0,          0,       8433,      10021,      200,     4600,     7100,     8690,    34000,   111000,

  3566s: (41%)   IR =   5673 [3566.699s][info][gc,start       ] GC(676) Pause Young (Allocation Failure)
[3566.798s][info][gc,heap        ] GC(676) PSYoungGen: 2645152K(2645504K)->136416K(2646528K) Eden: 2499072K(2499072K)->0K(2497024K) From: 146080K(146432K)->136416K(149504K)
[3566.798s][info][gc,heap        ] GC(676) ParOldGen: 4351999K(4352000K)->4446071K(4446208K)
[3566.798s][info][gc,metaspace   ] GC(676) Metaspace: 29102K(29504K)->29102K(29504K) NonClass: 24212K(24384K)->24212K(24384K) Class: 4889K(5120K)->4889K(5120K)
[3566.798s][info][gc             ] GC(676) Pause Young (Allocation Failure) 6833M->4475M(6926M) 98.720ms
[3566.798s][info][gc,cpu         ] GC(676) User=0.55s Sys=0.03s Real=0.10s
...[3570.309s][info][gc,start       ] GC(677) Pause Young (Allocation Failure)
[3570.410s][info][gc,heap        ] GC(677) PSYoungGen: 2633440K(2646528K)->148464K(2645504K) Eden: 2497024K(2497024K)->0K(2497024K) From: 136416K(149504K)->148464K(148480K)
[3570.410s][info][gc,heap        ] GC(677) ParOldGen: 4446071K(4446208K)->4536927K(4537344K)
[3570.410s][info][gc,metaspace   ] GC(677) Metaspace: 29102K(29504K)->29102K(29504K) NonClass: 24212K(24384K)->24212K(24384K) Class: 4889K(5120K)->4889K(5120K)
[3570.410s][info][gc             ] GC(677) Pause Young (Allocation Failure) 6913M->4575M(7014M) 100.491ms
[3570.410s][info][gc,cpu         ] GC(677) User=0.58s Sys=0.03s Real=0.11s
.|...[3573.888s][info][gc,start       ] GC(678) Pause Young (Allocation Failure)
[3573.990s][info][gc,heap        ] GC(678) PSYoungGen: 2645488K(2645504K)->144544K(2643456K) Eden: 2497024K(2497024K)->0K(2492928K) From: 148464K(148480K)->144544K(150528K)
[3573.990s][info][gc,heap        ] GC(678) ParOldGen: 4536927K(4537344K)->4629607K(4630016K)
[3573.990s][info][gc,metaspace   ] GC(678) Metaspace: 29102K(29504K)->29102K(29504K) NonClass: 24212K(24384K)->24212K(24384K) Class: 4889K(5120K)->4889K(5120K)
[3573.990s][info][gc             ] GC(678) Pause Young (Allocation Failure) 7014M->4662M(7103M) 102.307ms
[3573.990s][info][gc,cpu         ] GC(678) User=0.57s Sys=0.02s Real=0.11s
...[3577.427s][info][gc,start       ] GC(679) Pause Young (Allocation Failure)
[3577.526s][info][gc,heap        ] GC(679) PSYoungGen: 2637472K(2643456K)->140480K(2644480K) Eden: 2492928K(2492928K)->0K(2492928K) From: 144544K(150528K)->140480K(151552K)
[3577.526s][info][gc,heap        ] GC(679) ParOldGen: 4629607K(4630016K)->4721743K(4722176K)
[3577.526s][info][gc,metaspace   ] GC(679) Metaspace: 29102K(29504K)->29102K(29504K) NonClass: 24212K(24384K)->24212K(24384K) Class: 4889K(5120K)->4889K(5120K)
[3577.526s][info][gc             ] GC(679) Pause Young (Allocation Failure) 7096M->4748M(7194M) 99.520ms
[3577.526s][info][gc,cpu         ] GC(679) User=0.56s Sys=0.03s Real=0.10s
....[3580.995s][info][gc,start       ] GC(680) Pause Young (Allocation Failure)
[3581.098s][info][gc,heap        ] GC(680) PSYoungGen: 2633408K(2644480K)->148996K(2641920K) Eden: 2492928K(2492928K)->0K(2490880K) From: 140480K(151552K)->148996K(151040K)
[3581.098s][info][gc,heap        ] GC(680) ParOldGen: 4721743K(4722176K)->4812175K(4812288K)
[3581.098s][info][gc,metaspace   ] GC(680) Metaspace: 29102K(29504K)->29102K(29504K) NonClass: 24212K(24384K)->24212K(24384K) Class: 4889K(5120K)->4889K(5120K)
[3581.098s][info][gc             ] GC(680) Pause Young (Allocation Failure) 7182M->4844M(7279M) 103.106ms
[3581.098s][info][gc,cpu         ] GC(680) User=0.59s Sys=0.02s Real=0.10s
....[3584.618s][info][gc,start       ] GC(681) Pause Young (Allocation Failure)
[3584.719s][info][gc,heap        ] GC(681) PSYoungGen: 2639876K(2641920K)->139232K(2643456K) Eden: 2490880K(2490880K)->0K(2490880K) From: 148996K(151040K)->139232K(152576K)
[3584.719s][info][gc,heap        ] GC(681) ParOldGen: 4812175K(4812288K)->4904695K(4904960K)
[3584.719s][info][gc,metaspace   ] GC(681) Metaspace: 29102K(29504K)->29102K(29504K) NonClass: 24212K(24384K)->24212K(24384K) Class: 4889K(5120K)->4889K(5120K)
[3584.719s][info][gc             ] GC(681) Pause Young (Allocation Failure) 7277M->4925M(7371M) 100.806ms
[3584.719s][info][gc,cpu         ] GC(681) User=0.58s Sys=0.03s Real=0.10s
...[3588.136s][info][gc,start       ] GC(682) Pause Young (Allocation Failure)
[3588.236s][info][gc,heap        ] GC(682) PSYoungGen: 2630112K(2643456K)->137856K(2642944K) Eden: 2490880K(2490880K)->0K(2491392K) From: 139232K(152576K)->137856K(151552K)
[3588.236s][info][gc,heap        ] GC(682) ParOldGen: 4904695K(4904960K)->4998223K(4998656K)
[3588.236s][info][gc,metaspace   ] GC(682) Metaspace: 29102K(29504K)->29102K(29504K) NonClass: 24212K(24384K)->24212K(24384K) Class: 4889K(5120K)->4889K(5120K)
[3588.236s][info][gc             ] GC(682) Pause Young (Allocation Failure) 7358M->5015M(7462M) 99.644ms
[3588.236s][info][gc,cpu         ] GC(682) User=0.55s Sys=0.04s Real=0.10s
....[3591.703s][info][gc,start       ] GC(683) Pause Young (Allocation Failure)
[3591.802s][info][gc,heap        ] GC(683) PSYoungGen: 2629248K(2642944K)->143092K(2643456K) Eden: 2491392K(2491392K)->0K(2491392K) From: 137856K(151552K)->143092K(152064K)
[3591.803s][info][gc,heap        ] GC(683) ParOldGen: 4998223K(4998656K)->5088535K(5088768K)
[3591.803s][info][gc,metaspace   ] GC(683) Metaspace: 29102K(29504K)->29102K(29504K) NonClass: 24212K(24384K)->24212K(24384K) Class: 4889K(5120K)->4889K(5120K)
[3591.803s][info][gc             ] GC(683) Pause Young (Allocation Failure) 7448M->5109M(7551M) 100.023ms
[3591.803s][info][gc,cpu         ] GC(683) User=0.56s Sys=0.03s Real=0.10s
...[3595.300s][info][gc,start       ] GC(684) Pause Young (Allocation Failure)
[3595.400s][info][gc,heap        ] GC(684) PSYoungGen: 2634484K(2643456K)->141120K(2641920K) Eden: 2491392K(2491392K)->0K(2492416K) From: 143092K(152064K)->141120K(149504K)
[3595.400s][info][gc,heap        ] GC(684) ParOldGen: 5088535K(5088768K)->5181279K(5181440K)
[3595.400s][info][gc,metaspace   ] GC(684) Metaspace: 29102K(29504K)->29102K(29504K) NonClass: 24212K(24384K)->24212K(24384K) Class: 4889K(5120K)->4889K(5120K)
[3595.400s][info][gc             ] GC(684) Pause Young (Allocation Failure) 7542M->5197M(7640M) 99.859ms
[3595.400s][info][gc,cpu         ] GC(684) User=0.57s Sys=0.03s Real=0.10s
....[3598.822s][info][gc,start       ] GC(685) Pause Young (Allocation Failure)
[3598.923s][info][gc,heap        ] GC(685) PSYoungGen: 2633536K(2641920K)->140240K(2642944K) Eden: 2492416K(2492416K)->0K(2492416K) From: 141120K(149504K)->140240K(150528K)
[3598.923s][info][gc,heap        ] GC(685) ParOldGen: 5181279K(5181440K)->5273615K(5274112K)
[3598.923s][info][gc,metaspace   ] GC(685) Metaspace: 29102K(29504K)->29102K(29504K) NonClass: 24212K(24384K)->24212K(24384K) Class: 4889K(5120K)->4889K(5120K)
[3598.923s][info][gc             ] GC(685) Pause Young (Allocation Failure) 7631M->5286M(7731M) 101.125ms
[3598.923s][info][gc,cpu         ] GC(685) User=0.57s Sys=0.02s Real=0.10s
...[3602.445s][info][gc,start       ] GC(686) Pause Young (Allocation Failure)
[3602.545s][info][gc,heap        ] GC(686) PSYoungGen: 2632656K(2642944K)->143648K(2644992K) Eden: 2492416K(2492416K)->0K(2495488K) From: 140240K(150528K)->143648K(149504K)
[3602.545s][info][gc,heap        ] GC(686) ParOldGen: 5273615K(5274112K)->5364767K(5365248K)
[3602.545s][info][gc,metaspace   ] GC(686) Metaspace: 29102K(29504K)->29102K(29504K) NonClass: 24212K(24384K)->24212K(24384K) Class: 4889K(5120K)->4889K(5120K)
[3602.545s][info][gc             ] GC(686) Pause Young (Allocation Failure) 7720M->5379M(7822M) 100.495ms
[3602.545s][info][gc,cpu         ] GC(686) User=0.56s Sys=0.03s Real=0.10s
....[3606.007s][info][gc,start       ] GC(687) Pause Young (Allocation Failure)
[3606.110s][info][gc,heap        ] GC(687) PSYoungGen: 2639136K(2644992K)->145360K(2645504K) Eden: 2495488K(2495488K)->0K(2495488K) From: 143648K(149504K)->145360K(150016K)
[3606.110s][info][gc,heap        ] GC(687) ParOldGen: 5364767K(5365248K)->5457663K(5457920K)
[3606.110s][info][gc,metaspace   ] GC(687) Metaspace: 29102K(29504K)->29102K(29504K) NonClass: 24212K(24384K)->24212K(24384K) Class: 4889K(5120K)->4889K(5120K)
[3606.110s][info][gc             ] GC(687) Pause Young (Allocation Failure) 7816M->5471M(7913M) 102.761ms
[3606.110s][info][gc,cpu         ] GC(687) User=0.58s Sys=0.03s Real=0.11s
....[3609.646s][info][gc,start       ] GC(688) Pause Young (Allocation Failure)
[3609.745s][info][gc,heap        ] GC(688) PSYoungGen: 2640848K(2645504K)->138400K(2645504K) Eden: 2495488K(2495488K)->0K(2494976K) From: 145360K(150016K)->138400K(150528K)
[3609.745s][info][gc,heap        ] GC(688) ParOldGen: 5457663K(5457920K)->5549167K(5549568K)
[3609.745s][info][gc,metaspace   ] GC(688) Metaspace: 29102K(29504K)->29102K(29504K) NonClass: 24212K(24384K)->24212K(24384K) Class: 4889K(5120K)->4889K(5120K)
[3609.745s][info][gc             ] GC(688) Pause Young (Allocation Failure) 7908M->5554M(8003M) 99.700ms
[3609.745s][info][gc,cpu         ] GC(688) User=0.55s Sys=0.03s Real=0.10s
...[3613.234s][info][gc,start       ] GC(689) Pause Full (Allocation Failure)
[3613.234s][info][gc,phases,start] GC(689) Marking Phase
[3613.524s][info][gc,phases      ] GC(689) Marking Phase 290.181ms
[3613.524s][info][gc,phases,start] GC(689) Summary Phase
[3613.524s][info][gc,phases      ] GC(689) Summary Phase 0.091ms
[3613.524s][info][gc,phases,start] GC(689) Forward
[3613.647s][info][gc,phases      ] GC(689) Forward 122.924ms
[3613.647s][info][gc,phases,start] GC(689) Adjust Pointers
[3613.847s][info][gc,phases      ] GC(689) Adjust Pointers 199.611ms
[3613.847s][info][gc,phases,start] GC(689) Compaction Phase
[3613.973s][info][gc,phases      ] GC(689) Compaction Phase 126.177ms
[3613.974s][info][gc,phases,start] GC(689) Post Compact
[3613.981s][info][gc,phases      ] GC(689) Post Compact 6.798ms
[3614.105s][info][gc,heap        ] GC(689) PSYoungGen: 2633376K(2645504K)->0K(2645504K) Eden: 2494976K(2494976K)->0K(2494976K) From: 138400K(150528K)->0K(150528K)
[3614.105s][info][gc,heap        ] GC(689) ParOldGen: 5549167K(5549568K)->1411386K(1629184K)
[3614.105s][info][gc,metaspace   ] GC(689) Metaspace: 29102K(29504K)->29102K(29504K) NonClass: 24212K(24384K)->24212K(24384K) Class: 4889K(5120K)->4889K(5120K)
[3614.105s][info][gc             ] GC(689) Pause Full (Allocation Failure) 7990M->1378M(4174M) 871.181ms
[3614.105s][info][gc,cpu         ] GC(689) User=4.02s Sys=0.13s Real=0.87s
...[3616.799s][info][gc,start       ] GC(690) Pause Young (Allocation Failure)
[3616.864s][info][gc,heap        ] GC(690) PSYoungGen: 2494976K(2645504K)->141616K(2643456K) Eden: 2494976K(2494976K)->0K(2494976K) From: 0K(150528K)->141616K(148480K)
[3616.864s][info][gc,heap        ] GC(690) ParOldGen: 1411386K(1629184K)->1411386K(1629184K)
[3616.864s][info][gc,metaspace   ] GC(690) Metaspace: 29102K(29504K)->29102K(29504K) NonClass: 24212K(24384K)->24212K(24384K) Class: 4889K(5120K)->4889K(5120K)
[3616.864s][info][gc             ] GC(690) Pause Young (Allocation Failure) 3814M->1516M(4172M) 64.868ms
[3616.864s][info][gc,cpu         ] GC(690) User=0.38s Sys=0.01s Real=0.07s
....[3620.343s][info][gc,start       ] GC(691) Pause Young (Allocation Failure)
[3620.437s][info][gc,heap        ] GC(691) PSYoungGen: 2636592K(2643456K)->142496K(2644480K) Eden: 2494976K(2494976K)->0K(2494976K) From: 141616K(148480K)->142496K(149504K)
[3620.437s][info][gc,heap        ] GC(691) ParOldGen: 1411386K(1629184K)->1507127K(1629184K)
[3620.437s][info][gc,metaspace   ] GC(691) Metaspace: 29102K(29504K)->29102K(29504K) NonClass: 24212K(24384K)->24212K(24384K) Class: 4889K(5120K)->4889K(5120K)
[3620.437s][info][gc             ] GC(691) Pause Young (Allocation Failure) 3953M->1610M(4173M) 93.995ms
[3620.437s][info][gc,cpu         ] GC(691) User=0.56s Sys=0.00s Real=0.09s
...[3623.996s][info][gc,start       ] GC(692) Pause Young (Allocation Failure)
[3624.089s][info][gc,heap        ] GC(692) PSYoungGen: 2637472K(2644480K)->141024K(2644992K) Eden: 2494976K(2494976K)->0K(2497536K) From: 142496K(149504K)->141024K(147456K)
[3624.089s][info][gc,heap        ] GC(692) ParOldGen: 1507127K(1629184K)->1598479K(1629184K)
[3624.089s][info][gc,metaspace   ] GC(692) Metaspace: 29102K(29504K)->29102K(29504K) NonClass: 24212K(24384K)->24212K(24384K) Class: 4889K(5120K)->4889K(5120K)
[3624.089s][info][gc             ] GC(692) Pause Young (Allocation Failure) 4047M->1698M(4174M) 92.553ms
[3624.089s][info][gc,cpu         ] GC(692) User=0.55s Sys=0.00s Real=0.09s
....[3627.545s][info][gc,start       ] GC(693) Pause Young (Allocation Failure)
[3627.640s][info][gc,heap        ] GC(693) PSYoungGen: 2638560K(2644992K)->137952K(2646016K) Eden: 2497536K(2497536K)->0K(2497536K) From: 141024K(147456K)->137952K(148480K)
[3627.640s][info][gc,heap        ] GC(693) ParOldGen: 1598479K(1629184K)->1691343K(1691648K)
[3627.640s][info][gc,metaspace   ] GC(693) Metaspace: 29102K(29504K)->29102K(29504K) NonClass: 24212K(24384K)->24212K(24384K) Class: 4889K(5120K)->4889K(5120K)
[3627.640s][info][gc             ] GC(693) Pause Young (Allocation Failure) 4137M->1786M(4236M) 95.282ms
[3627.641s][info][gc,cpu         ] GC(693) User=0.53s Sys=0.02s Real=0.10s
...[3631.097s][info][gc,start       ] GC(694) Pause Young (Allocation Failure)
[3631.193s][info][gc,heap        ] GC(694) PSYoungGen: 2635488K(2646016K)->138688K(2647552K) Eden: 2497536K(2497536K)->0K(2499072K) From: 137952K(148480K)->138688K(148480K)
[3631.193s][info][gc,heap        ] GC(694) ParOldGen: 1691343K(1691648K)->1784447K(1784832K)
[3631.193s][info][gc,metaspace   ] GC(694) Metaspace: 29102K(29504K)->29102K(29504K) NonClass: 24212K(24384K)->24212K(24384K) Class: 4889K(5120K)->4889K(5120K)
[3631.193s][info][gc             ] GC(694) Pause Young (Allocation Failure) 4225M->1878M(4328M) 96.339ms
[3631.193s][info][gc,cpu         ] GC(694) User=0.55s Sys=0.02s Real=0.10s
. (rIR:aIR:PR = 5673:5663:5663) (tPR = 84108) [OK] 
  3630s: Performance info:
         Transaction,    Success,    Partial,     Failed,   Receipts, AvgBarcode, 
             Overall,     343341,          0,          0,     326151,      59.48, 
         Response times:
             Request,    Success,    Partial,     Failed,   SkipFail,     Probes,    Samples,      min,      p50,      p90,      p95,      p99,      max, 
       TotalPurchase,     326161,          0,          0,          0,     316481,     341792,      300,     3900,     7000,    12000,   158000,  1100000,
     InStorePurchase,     171698,          0,          0,          0,     166642,     179532,      300,     4000,     7000,    12200,   224000,  1100000,
      OnlinePurchase,     120146,          0,          0,          0,     116790,     126212,      300,     3900,     6900,    11900,   158000,   880000,
        InstPurchase,      34317,          0,          0,          0,      33049,      36048,      400,     3900,     7000,    12200,   226000,   920000,
          AssocOfCat,        341,          0,          0,          0,        261,        346,    18600,    29000,    40300,    58000,   186000,   240000,
      AssocOfProduct,       3438,          0,          0,          0,       3165,       3649,      900,     4100,     7400,    12700,   162000,   213000,
      BusinessReport,        866,          0,          0,          0,        731,        852,    19900,    34000,    49000,    56350,   256000,   950000,
          CustBuyBeh,       3430,          0,          0,          0,       3087,       3480,      200,     3600,     7000,    15080,   161000,   171000,
       ProductReturn,       9109,          0,          0,          0,       8602,       9579,      200,     3500,     6600,    10300,   124000,   190000,

  3630s: (42%)   IR =   5812 ...[3634.669s][info][gc,start       ] GC(695) Pause Young (Allocation Failure)
[3634.768s][info][gc,heap        ] GC(695) PSYoungGen: 2637760K(2647552K)->144384K(2643968K) Eden: 2499072K(2499072K)->0K(2499072K) From: 138688K(148480K)->144384K(144896K)
[3634.768s][info][gc,heap        ] GC(695) ParOldGen: 1784447K(1784832K)->1875063K(1875456K)
[3634.768s][info][gc,metaspace   ] GC(695) Metaspace: 29102K(29504K)->29102K(29504K) NonClass: 24212K(24384K)->24212K(24384K) Class: 4889K(5120K)->4889K(5120K)
[3634.768s][info][gc             ] GC(695) Pause Young (Allocation Failure) 4318M->1972M(4413M) 98.752ms
[3634.768s][info][gc,cpu         ] GC(695) User=0.55s Sys=0.03s Real=0.10s
.|..[3638.177s][info][gc,start       ] GC(696) Pause Young (Allocation Failure)
[3638.274s][info][gc,heap        ] GC(696) PSYoungGen: 2643456K(2643968K)->140224K(2647552K) Eden: 2499072K(2499072K)->0K(2498560K) From: 144384K(144896K)->140224K(148992K)
[3638.274s][info][gc,heap        ] GC(696) ParOldGen: 1875063K(1875456K)->1968615K(1968640K)
[3638.274s][info][gc,metaspace   ] GC(696) Metaspace: 29102K(29504K)->29102K(29504K) NonClass: 24212K(24384K)->24212K(24384K) Class: 4889K(5120K)->4889K(5120K)
[3638.274s][info][gc             ] GC(696) Pause Young (Allocation Failure) 4412M->2059M(4508M) 97.323ms
[3638.274s][info][gc,cpu         ] GC(696) User=0.56s Sys=0.02s Real=0.10s
....[3641.651s][info][gc,start       ] GC(697) Pause Young (Allocation Failure)
[3641.751s][info][gc,heap        ] GC(697) PSYoungGen: 2638784K(2647552K)->142016K(2640896K) Eden: 2498560K(2498560K)->0K(2498560K) From: 140224K(148992K)->142016K(142336K)
[3641.751s][info][gc,heap        ] GC(697) ParOldGen: 1968615K(1968640K)->2059559K(2059776K)
[3641.751s][info][gc,metaspace   ] GC(697) Metaspace: 29102K(29504K)->29102K(29504K) NonClass: 24212K(24384K)->24212K(24384K) Class: 4889K(5120K)->4889K(5120K)
[3641.751s][info][gc             ] GC(697) Pause Young (Allocation Failure) 4499M->2149M(4590M) 99.720ms
[3641.751s][info][gc,cpu         ] GC(697) User=0.56s Sys=0.02s Real=0.10s
...[3645.160s][info][gc,start       ] GC(698) Pause Young (Allocation Failure)
[3645.258s][info][gc,heap        ] GC(698) PSYoungGen: 2640576K(2640896K)->143200K(2646528K) Eden: 2498560K(2498560K)->0K(2498560K) From: 142016K(142336K)->143200K(147968K)
[3645.258s][info][gc,heap        ] GC(698) ParOldGen: 2059559K(2059776K)->2150663K(2150912K)
[3645.258s][info][gc,metaspace   ] GC(698) Metaspace: 29102K(29504K)->29102K(29504K) NonClass: 24212K(24384K)->24212K(24384K) Class: 4889K(5120K)->4889K(5120K)
[3645.259s][info][gc             ] GC(698) Pause Young (Allocation Failure) 4589M->2240M(4685M) 98.565ms
[3645.259s][info][gc,cpu         ] GC(698) User=0.57s Sys=0.02s Real=0.09s
....[3648.705s][info][gc,start       ] GC(699) Pause Young (Allocation Failure)
[3648.802s][info][gc,heap        ] GC(699) PSYoungGen: 2641760K(2646528K)->139712K(2646528K) Eden: 2498560K(2498560K)->0K(2498560K) From: 143200K(147968K)->139712K(147968K)
[3648.802s][info][gc,heap        ] GC(699) ParOldGen: 2150663K(2150912K)->2244591K(2244608K)
[3648.802s][info][gc,metaspace   ] GC(699) Metaspace: 29102K(29504K)->29102K(29504K) NonClass: 24212K(24384K)->24212K(24384K) Class: 4889K(5120K)->4889K(5120K)
[3648.802s][info][gc             ] GC(699) Pause Young (Allocation Failure) 4680M->2328M(4776M) 96.120ms
[3648.802s][info][gc,cpu         ] GC(699) User=0.54s Sys=0.03s Real=0.10s
...[3652.118s][info][gc,start       ] GC(700) Pause Young (Allocation Failure)
[3652.213s][info][gc,heap        ] GC(700) PSYoungGen: 2638272K(2646528K)->137984K(2647552K) Eden: 2498560K(2498560K)->0K(2500096K) From: 139712K(147968K)->137984K(147456K)
[3652.213s][info][gc,heap        ] GC(700) ParOldGen: 2244591K(2244608K)->2338599K(2338816K)
[3652.213s][info][gc,metaspace   ] GC(700) Metaspace: 29102K(29504K)->29102K(29504K) NonClass: 24212K(24384K)->24212K(24384K) Class: 4889K(5120K)->4889K(5120K)
[3652.213s][info][gc             ] GC(700) Pause Young (Allocation Failure) 4768M->2418M(4869M) 95.106ms
[3652.213s][info][gc,cpu         ] GC(700) User=0.54s Sys=0.03s Real=0.10s
....[3655.637s][info][gc,start       ] GC(701) Pause Young (Allocation Failure)
[3655.734s][info][gc,heap        ] GC(701) PSYoungGen: 2638080K(2647552K)->142724K(2647552K) Eden: 2500096K(2500096K)->0K(2500096K) From: 137984K(147456K)->142724K(147456K)
[3655.734s][info][gc,heap        ] GC(701) ParOldGen: 2338599K(2338816K)->2429007K(2429440K)
[3655.734s][info][gc,metaspace   ] GC(701) Metaspace: 29102K(29504K)->29102K(29504K) NonClass: 24212K(24384K)->24212K(24384K) Class: 4889K(5120K)->4889K(5120K)
[3655.734s][info][gc             ] GC(701) Pause Young (Allocation Failure) 4860M->2511M(4958M) 96.512ms
[3655.734s][info][gc,cpu         ] GC(701) User=0.55s Sys=0.03s Real=0.10s
...[3659.212s][info][gc,start       ] GC(702) Pause Young (Allocation Failure)
[3659.308s][info][gc,heap        ] GC(702) PSYoungGen: 2642820K(2647552K)->143392K(2647552K) Eden: 2500096K(2500096K)->0K(2500096K) From: 142724K(147456K)->143392K(147456K)
[3659.308s][info][gc,heap        ] GC(702) ParOldGen: 2429007K(2429440K)->2520271K(2520576K)
[3659.308s][info][gc,metaspace   ] GC(702) Metaspace: 29102K(29504K)->29102K(29504K) NonClass: 24212K(24384K)->24212K(24384K) Class: 4889K(5120K)->4889K(5120K)
[3659.308s][info][gc             ] GC(702) Pause Young (Allocation Failure) 4952M->2601M(5047M) 96.861ms
[3659.309s][info][gc,cpu         ] GC(702) User=0.55s Sys=0.03s Real=0.09s
....[3662.649s][info][gc,start       ] GC(703) Pause Young (Allocation Failure)
[3662.746s][info][gc,heap        ] GC(703) PSYoungGen: 2643488K(2647552K)->135840K(2648064K) Eden: 2500096K(2500096K)->0K(2500096K) From: 143392K(147456K)->135840K(147968K)
[3662.746s][info][gc,heap        ] GC(703) ParOldGen: 2520271K(2520576K)->2614959K(2615296K)
[3662.746s][info][gc,metaspace   ] GC(703) Metaspace: 29102K(29504K)->29102K(29504K) NonClass: 24212K(24384K)->24212K(24384K) Class: 4889K(5120K)->4889K(5120K)
[3662.746s][info][gc             ] GC(703) Pause Young (Allocation Failure) 5042M->2686M(5140M) 97.442ms
[3662.746s][info][gc,cpu         ] GC(703) User=0.55s Sys=0.03s Real=0.10s
...[3666.166s][info][gc,start       ] GC(704) Pause Young (Allocation Failure)
[3666.262s][info][gc,heap        ] GC(704) PSYoungGen: 2635936K(2648064K)->142272K(2648064K) Eden: 2500096K(2500096K)->0K(2500096K) From: 135840K(147968K)->142272K(147968K)
[3666.262s][info][gc,heap        ] GC(704) ParOldGen: 2614959K(2615296K)->2705031K(2705408K)
[3666.262s][info][gc,metaspace   ] GC(704) Metaspace: 29102K(29504K)->29102K(29504K) NonClass: 24212K(24384K)->24212K(24384K) Class: 4889K(5120K)->4889K(5120K)
[3666.262s][info][gc             ] GC(704) Pause Young (Allocation Failure) 5127M->2780M(5228M) 96.344ms
[3666.262s][info][gc,cpu         ] GC(704) User=0.55s Sys=0.02s Real=0.10s
....[3669.643s][info][gc,start       ] GC(705) Pause Young (Allocation Failure)
[3669.741s][info][gc,heap        ] GC(705) PSYoungGen: 2642368K(2648064K)->139200K(2639360K) Eden: 2500096K(2500096K)->0K(2500096K) From: 142272K(147968K)->139200K(139264K)
[3669.741s][info][gc,heap        ] GC(705) ParOldGen: 2705031K(2705408K)->2798567K(2798592K)
[3669.741s][info][gc,metaspace   ] GC(705) Metaspace: 29102K(29504K)->29102K(29504K) NonClass: 24212K(24384K)->24212K(24384K) Class: 4889K(5120K)->4889K(5120K)
[3669.741s][info][gc             ] GC(705) Pause Young (Allocation Failure) 5222M->2868M(5310M) 97.934ms
[3669.741s][info][gc,cpu         ] GC(705) User=0.55s Sys=0.04s Real=0.10s
...[3673.230s][info][gc,start       ] GC(706) Pause Young (Allocation Failure)
[3673.331s][info][gc,heap        ] GC(706) PSYoungGen: 2639296K(2639360K)->145184K(2646528K) Eden: 2500096K(2500096K)->0K(2499072K) From: 139200K(139264K)->145184K(147456K)
[3673.331s][info][gc,heap        ] GC(706) ParOldGen: 2798567K(2798592K)->2889767K(2890240K)
[3673.331s][info][gc,metaspace   ] GC(706) Metaspace: 29102K(29504K)->29102K(29504K) NonClass: 24212K(24384K)->24212K(24384K) Class: 4889K(5120K)->4889K(5120K)
[3673.331s][info][gc             ] GC(706) Pause Young (Allocation Failure) 5310M->2963M(5407M) 100.589ms
[3673.331s][info][gc,cpu         ] GC(706) User=0.57s Sys=0.03s Real=0.10s
....[3676.672s][info][gc,start       ] GC(707) Pause Young (Allocation Failure)
[3676.769s][info][gc,heap        ] GC(707) PSYoungGen: 2644256K(2646528K)->136736K(2647552K) Eden: 2499072K(2499072K)->0K(2499072K) From: 145184K(147456K)->136736K(148480K)
[3676.769s][info][gc,heap        ] GC(707) ParOldGen: 2889767K(2890240K)->2983223K(2983424K)
[3676.769s][info][gc,metaspace   ] GC(707) Metaspace: 29102K(29504K)->29102K(29504K) NonClass: 24212K(24384K)->24212K(24384K) Class: 4889K(5120K)->4889K(5120K)
[3676.769s][info][gc             ] GC(707) Pause Young (Allocation Failure) 5404M->3046M(5499M) 96.123ms
[3676.769s][info][gc,cpu         ] GC(707) User=0.55s Sys=0.03s Real=0.09s
...[3680.179s][info][gc,start       ] GC(708) Pause Young (Allocation Failure)
[3680.276s][info][gc,heap        ] GC(708) PSYoungGen: 2635808K(2647552K)->141984K(2647552K) Eden: 2499072K(2499072K)->0K(2499072K) From: 136736K(148480K)->141984K(148480K)
[3680.276s][info][gc,heap        ] GC(708) ParOldGen: 2983223K(2983424K)->3073599K(3074048K)
[3680.276s][info][gc,metaspace   ] GC(708) Metaspace: 29102K(29504K)->29102K(29504K) NonClass: 24212K(24384K)->24212K(24384K) Class: 4889K(5120K)->4889K(5120K)
[3680.277s][info][gc             ] GC(708) Pause Young (Allocation Failure) 5487M->3140M(5587M) 97.924ms
[3680.277s][info][gc,cpu         ] GC(708) User=0.55s Sys=0.04s Real=0.10s
....[3683.640s][info][gc,start       ] GC(709) Pause Young (Allocation Failure)
[3683.737s][info][gc,heap        ] GC(709) PSYoungGen: 2641056K(2647552K)->137075K(2647552K) Eden: 2499072K(2499072K)->0K(2499072K) From: 141984K(148480K)->137075K(148480K)
[3683.737s][info][gc,heap        ] GC(709) ParOldGen: 3073599K(3074048K)->3166011K(3166208K)
[3683.737s][info][gc,metaspace   ] GC(709) Metaspace: 29102K(29504K)->29102K(29504K) NonClass: 24212K(24384K)->24212K(24384K) Class: 4889K(5120K)->4889K(5120K)
[3683.737s][info][gc             ] GC(709) Pause Young (Allocation Failure) 5580M->3225M(5677M) 96.999ms
[3683.737s][info][gc,cpu         ] GC(709) User=0.55s Sys=0.03s Real=0.09s
...[3687.156s][info][gc,start       ] GC(710) Pause Young (Allocation Failure)
[3687.259s][info][gc,heap        ] GC(710) PSYoungGen: 2636147K(2647552K)->148452K(2575872K) Eden: 2499072K(2499072K)->0K(2427392K) From: 137075K(148480K)->148452K(148480K)
[3687.259s][info][gc,heap        ] GC(710) ParOldGen: 3166011K(3166208K)->3257339K(3257344K)
[3687.259s][info][gc,metaspace   ] GC(710) Metaspace: 29102K(29504K)->29102K(29504K) NonClass: 24212K(24384K)->24212K(24384K) Class: 4889K(5120K)->4889K(5120K)
[3687.259s][info][gc             ] GC(710) Pause Young (Allocation Failure) 5666M->3325M(5696M) 102.877ms
[3687.259s][info][gc,cpu         ] GC(710) User=0.59s Sys=0.03s Real=0.10s
....[3690.600s][info][gc,start       ] GC(711) Pause Young (Allocation Failure)
[3690.697s][info][gc,heap        ] GC(711) PSYoungGen: 2575844K(2575872K)->136416K(2611712K) Eden: 2427392K(2427392K)->0K(2427392K) From: 148452K(148480K)->136416K(184320K)
[3690.697s][info][gc,heap        ] GC(711) ParOldGen: 3257339K(3257344K)->3349035K(3349504K)
[3690.697s][info][gc,metaspace   ] GC(711) Metaspace: 29102K(29504K)->29102K(29504K) NonClass: 24212K(24384K)->24212K(24384K) Class: 4889K(5120K)->4889K(5120K)
[3690.697s][info][gc             ] GC(711) Pause Young (Allocation Failure) 5696M->3403M(5821M) 96.657ms
[3690.697s][info][gc,cpu         ] GC(711) User=0.54s Sys=0.02s Real=0.09s
...[3693.988s][info][gc,start       ] GC(712) Pause Young (Allocation Failure)
[3694.088s][info][gc,heap        ] GC(712) PSYoungGen: 2563808K(2611712K)->143381K(2605568K) Eden: 2427392K(2427392K)->0K(2428416K) From: 136416K(184320K)->143381K(177152K)
[3694.088s][info][gc,heap        ] GC(712) ParOldGen: 3349035K(3349504K)->3441035K(3441152K)
[3694.088s][info][gc,metaspace   ] GC(712) Metaspace: 29102K(29504K)->29102K(29504K) NonClass: 24212K(24384K)->24212K(24384K) Class: 4889K(5120K)->4889K(5120K)
[3694.088s][info][gc             ] GC(712) Pause Young (Allocation Failure) 5774M->3500M(5905M) 100.135ms
[3694.088s][info][gc,cpu         ] GC(712) User=0.57s Sys=0.02s Real=0.10s
.. (rIR:aIR:PR = 5812:5812:5812) (tPR = 86619) [OK] 
  3695s: Performance info:
         Transaction,    Success,    Partial,     Failed,   Receipts, AvgBarcode, 
             Overall,     349376,          0,          0,     331926,      59.47, 
         Response times:
             Request,    Success,    Partial,     Failed,   SkipFail,     Probes,    Samples,      min,      p50,      p90,      p95,      p99,      max, 
       TotalPurchase,     331926,          0,          0,          0,     325663,     348531,      300,     3900,     6900,     8800,    32000,   148000,
     InStorePurchase,     174650,          0,          0,          0,     171499,     183695,      300,     3900,     6900,     8900,    33000,   141000,
      OnlinePurchase,     122326,          0,          0,          0,     120183,     128358,      300,     3900,     6800,     8700,    30000,   148000,
        InstPurchase,      34950,          0,          0,          0,      33981,      36478,      400,     4100,     7100,     9300,    32000,   148000,
          AssocOfCat,        350,          0,          0,          0,        262,        332,    19800,    30000,    44700,    56350,   137680,   146000,
      AssocOfProduct,       3498,          0,          0,          0,       3289,       3727,      400,     5500,     7900,     9900,    33000,   136000,
      BusinessReport,        875,          0,          0,          0,        763,        921,    21000,    36000,    51000,    66900,   138900,   178000,
          CustBuyBeh,       3490,          0,          0,          0,       3246,       3623,      200,     2300,     6800,     8200,    30000,   114000,
       ProductReturn,       9237,          0,          0,          0,       8753,       9632,      200,     4400,     7100,     9700,    32000,   109000,

  3695s: (43%)   IR =   5950 .[3697.313s][info][gc,start       ] GC(713) Pause Young (Allocation Failure)
[3697.413s][info][gc,heap        ] GC(713) PSYoungGen: 2571797K(2605568K)->146137K(2609152K) Eden: 2428416K(2428416K)->0K(2428416K) From: 143381K(177152K)->146137K(180736K)
[3697.413s][info][gc,heap        ] GC(713) ParOldGen: 3441035K(3441152K)->3531875K(3532288K)
[3697.413s][info][gc,metaspace   ] GC(713) Metaspace: 29102K(29504K)->29102K(29504K) NonClass: 24212K(24384K)->24212K(24384K) Class: 4889K(5120K)->4889K(5120K)
[3697.413s][info][gc             ] GC(713) Pause Young (Allocation Failure) 5871M->3591M(5997M) 100.488ms
[3697.413s][info][gc,cpu         ] GC(713) User=0.57s Sys=0.02s Real=0.10s
....|[3700.682s][info][gc,start       ] GC(714) Pause Young (Allocation Failure)
[3700.779s][info][gc,heap        ] GC(714) PSYoungGen: 2574553K(2609152K)->141104K(2610176K) Eden: 2428416K(2428416K)->0K(2437120K) From: 146137K(180736K)->141104K(173056K)
[3700.779s][info][gc,heap        ] GC(714) ParOldGen: 3531875K(3532288K)->3621339K(3621376K)
[3700.779s][info][gc,metaspace   ] GC(714) Metaspace: 29102K(29504K)->29102K(29504K) NonClass: 24212K(24384K)->24212K(24384K) Class: 4889K(5120K)->4889K(5120K)
[3700.779s][info][gc             ] GC(714) Pause Young (Allocation Failure) 5963M->3674M(6085M) 97.747ms
[3700.779s][info][gc,cpu         ] GC(714) User=0.55s Sys=0.03s Real=0.10s
...[3704.087s][info][gc,start       ] GC(715) Pause Young (Allocation Failure)
[3704.187s][info][gc,heap        ] GC(715) PSYoungGen: 2578224K(2610176K)->142544K(2613248K) Eden: 2437120K(2437120K)->0K(2437120K) From: 141104K(173056K)->142544K(176128K)
[3704.187s][info][gc,heap        ] GC(715) ParOldGen: 3621339K(3621376K)->3713315K(3713536K)
[3704.187s][info][gc,metaspace   ] GC(715) Metaspace: 29102K(29504K)->29102K(29504K) NonClass: 24212K(24384K)->24212K(24384K) Class: 4889K(5120K)->4889K(5120K)
[3704.187s][info][gc             ] GC(715) Pause Young (Allocation Failure) 6054M->3765M(6178M) 99.816ms
[3704.187s][info][gc,cpu         ] GC(715) User=0.56s Sys=0.03s Real=0.10s
...[3707.331s][info][gc,start       ] GC(716) Pause Young (Allocation Failure)
[3707.432s][info][gc,heap        ] GC(716) PSYoungGen: 2579664K(2613248K)->145668K(2614784K) Eden: 2437120K(2437120K)->0K(2445824K) From: 142544K(176128K)->145668K(168960K)
[3707.432s][info][gc,heap        ] GC(716) ParOldGen: 3713315K(3713536K)->3806707K(3806720K)
[3707.432s][info][gc,metaspace   ] GC(716) Metaspace: 29102K(29504K)->29102K(29504K) NonClass: 24212K(24384K)->24212K(24384K) Class: 4889K(5120K)->4889K(5120K)
[3707.432s][info][gc             ] GC(716) Pause Young (Allocation Failure) 6145M->3859M(6271M) 101.142ms
[3707.432s][info][gc,cpu         ] GC(716) User=0.57s Sys=0.03s Real=0.10s
....[3710.662s][info][gc,start       ] GC(717) Pause Young (Allocation Failure)
[3710.763s][info][gc,heap        ] GC(717) PSYoungGen: 2591492K(2614784K)->144198K(2617856K) Eden: 2445824K(2445824K)->0K(2445824K) From: 145668K(168960K)->144198K(172032K)
[3710.763s][info][gc,heap        ] GC(717) ParOldGen: 3806707K(3806720K)->3896339K(3896832K)
[3710.763s][info][gc,metaspace   ] GC(717) Metaspace: 29102K(29504K)->29102K(29504K) NonClass: 24212K(24384K)->24212K(24384K) Class: 4889K(5120K)->4889K(5120K)
[3710.763s][info][gc             ] GC(717) Pause Young (Allocation Failure) 6248M->3945M(6362M) 101.049ms
[3710.763s][info][gc,cpu         ] GC(717) User=0.58s Sys=0.03s Real=0.10s
...[3713.973s][info][gc,start       ] GC(718) Pause Young (Allocation Failure)
[3714.074s][info][gc,heap        ] GC(718) PSYoungGen: 2590022K(2617856K)->143408K(2618880K) Eden: 2445824K(2445824K)->0K(2454016K) From: 144198K(172032K)->143408K(164864K)
[3714.074s][info][gc,heap        ] GC(718) ParOldGen: 3896339K(3896832K)->3988107K(3988480K)
[3714.074s][info][gc,metaspace   ] GC(718) Metaspace: 29102K(29504K)->29102K(29504K) NonClass: 24212K(24384K)->24212K(24384K) Class: 4889K(5120K)->4889K(5120K)
[3714.074s][info][gc             ] GC(718) Pause Young (Allocation Failure) 6334M->4034M(6452M) 100.841ms
[3714.074s][info][gc,cpu         ] GC(718) User=0.57s Sys=0.02s Real=0.10s
...[3717.375s][info][gc,start       ] GC(719) Pause Young (Allocation Failure)
[3717.474s][info][gc,heap        ] GC(719) PSYoungGen: 2597424K(2618880K)->143344K(2621952K) Eden: 2454016K(2454016K)->0K(2454016K) From: 143408K(164864K)->143344K(167936K)
[3717.474s][info][gc,heap        ] GC(719) ParOldGen: 3988107K(3988480K)->4078795K(4079104K)
[3717.474s][info][gc,metaspace   ] GC(719) Metaspace: 29102K(29504K)->29102K(29504K) NonClass: 24212K(24384K)->24212K(24384K) Class: 4889K(5120K)->4889K(5120K)
[3717.474s][info][gc             ] GC(719) Pause Young (Allocation Failure) 6431M->4123M(6544M) 99.219ms
[3717.474s][info][gc,cpu         ] GC(719) User=0.56s Sys=0.03s Real=0.10s
....[3720.657s][info][gc,start       ] GC(720) Pause Young (Allocation Failure)
[3720.754s][info][gc,heap        ] GC(720) PSYoungGen: 2597360K(2621952K)->133792K(2626560K) Eden: 2454016K(2454016K)->0K(2461696K) From: 143344K(167936K)->133792K(164864K)
[3720.754s][info][gc,heap        ] GC(720) ParOldGen: 4078795K(4079104K)->4171691K(4171776K)
[3720.754s][info][gc,metaspace   ] GC(720) Metaspace: 29102K(29504K)->29102K(29504K) NonClass: 24212K(24384K)->24212K(24384K) Class: 4889K(5120K)->4889K(5120K)
[3720.754s][info][gc             ] GC(720) Pause Young (Allocation Failure) 6519M->4204M(6639M) 96.782ms
[3720.754s][info][gc,cpu         ] GC(720) User=0.55s Sys=0.03s Real=0.10s
...[3724.099s][info][gc,start       ] GC(721) Pause Young (Allocation Failure)
[3724.197s][info][gc,heap        ] GC(721) PSYoungGen: 2595488K(2626560K)->143808K(2628096K) Eden: 2461696K(2461696K)->0K(2461696K) From: 133792K(164864K)->143808K(166400K)
[3724.197s][info][gc,heap        ] GC(721) ParOldGen: 4171691K(4171776K)->4260635K(4260864K)
[3724.197s][info][gc,metaspace   ] GC(721) Metaspace: 29102K(29504K)->29102K(29504K) NonClass: 24212K(24384K)->24212K(24384K) Class: 4889K(5120K)->4889K(5120K)
[3724.198s][info][gc             ] GC(721) Pause Young (Allocation Failure) 6608M->4301M(6727M) 98.016ms
[3724.198s][info][gc,cpu         ] GC(721) User=0.55s Sys=0.03s Real=0.09s
...[3727.457s][info][gc,start       ] GC(722) Pause Young (Allocation Failure)
[3727.561s][info][gc,heap        ] GC(722) PSYoungGen: 2605504K(2628096K)->146420K(2628096K) Eden: 2461696K(2461696K)->0K(2465280K) From: 143808K(166400K)->146420K(162816K)
[3727.561s][info][gc,heap        ] GC(722) ParOldGen: 4260635K(4260864K)->4352915K(4353024K)
[3727.561s][info][gc,metaspace   ] GC(722) Metaspace: 29102K(29504K)->29102K(29504K) NonClass: 24212K(24384K)->24212K(24384K) Class: 4889K(5120K)->4889K(5120K)
[3727.561s][info][gc             ] GC(722) Pause Young (Allocation Failure) 6705M->4393M(6817M) 103.110ms
[3727.561s][info][gc,cpu         ] GC(722) User=0.59s Sys=0.02s Real=0.11s
...[3730.211s][info][gc,start       ] GC(723) Pause Full (Diagnostic Command)
[3730.211s][info][gc,phases,start] GC(723) Marking Phase
[3730.501s][info][gc,phases      ] GC(723) Marking Phase 290.067ms
[3730.501s][info][gc,phases,start] GC(723) Summary Phase
[3730.501s][info][gc,phases      ] GC(723) Summary Phase 0.078ms
[3730.501s][info][gc,phases,start] GC(723) Forward
[3730.689s][info][gc,phases      ] GC(723) Forward 187.813ms
[3730.689s][info][gc,phases,start] GC(723) Adjust Pointers
[3730.897s][info][gc,phases      ] GC(723) Adjust Pointers 208.068ms
[3730.897s][info][gc,phases,start] GC(723) Compaction Phase
[3731.057s][info][gc,phases      ] GC(723) Compaction Phase 159.732ms
[3731.060s][info][gc,phases,start] GC(723) Post Compact
[3731.065s][info][gc,phases      ] GC(723) Post Compact 5.436ms
[3731.065s][info][gc,heap        ] GC(723) PSYoungGen: 2140739K(2628096K)->0K(2628096K) Eden: 1994318K(2465280K)->0K(2465280K) From: 146420K(162816K)->0K(162816K)
[3731.065s][info][gc,heap        ] GC(723) ParOldGen: 4352915K(4353024K)->1134585K(4353024K)
[3731.065s][info][gc,metaspace   ] GC(723) Metaspace: 29102K(29504K)->29102K(29504K) NonClass: 24212K(24384K)->24212K(24384K) Class: 4889K(5120K)->4889K(5120K)
[3731.065s][info][gc             ] GC(723) Pause Full (Diagnostic Command) 6341M->1107M(6817M) 854.006ms
[3731.065s][info][gc,cpu         ] GC(723) User=4.41s Sys=0.00s Real=0.85s
...[3733.574s][info][gc,start       ] GC(724) Pause Young (Allocation Failure)
[3733.634s][info][gc,heap        ] GC(724) PSYoungGen: 2465280K(2628096K)->134912K(2628608K) Eden: 2465280K(2465280K)->0K(2465280K) From: 0K(162816K)->134912K(163328K)
[3733.634s][info][gc,heap        ] GC(724) ParOldGen: 1134585K(4353024K)->1134585K(4353024K)
[3733.634s][info][gc,metaspace   ] GC(724) Metaspace: 29102K(29504K)->29102K(29504K) NonClass: 24212K(24384K)->24212K(24384K) Class: 4889K(5120K)->4889K(5120K)
[3733.634s][info][gc             ] GC(724) Pause Young (Allocation Failure) 3515M->1239M(6818M) 60.261ms
[3733.634s][info][gc,cpu         ] GC(724) User=0.36s Sys=0.00s Real=0.06s
...[3736.969s][info][gc,start       ] GC(725) Pause Young (Allocation Failure)
[3737.062s][info][gc,heap        ] GC(725) PSYoungGen: 2600192K(2628608K)->143572K(2628608K) Eden: 2465280K(2465280K)->0K(2469376K) From: 134912K(163328K)->143572K(159232K)
[3737.062s][info][gc,heap        ] GC(725) ParOldGen: 1134585K(4353024K)->1225785K(4353024K)
[3737.062s][info][gc,metaspace   ] GC(725) Metaspace: 29102K(29504K)->29102K(29504K) NonClass: 24212K(24384K)->24212K(24384K) Class: 4889K(5120K)->4889K(5120K)
[3737.062s][info][gc             ] GC(725) Pause Young (Allocation Failure) 3647M->1337M(6818M) 93.140ms
[3737.062s][info][gc,cpu         ] GC(725) User=0.55s Sys=0.00s Real=0.10s
....[3740.280s][info][gc,start       ] GC(726) Pause Young (Allocation Failure)
[3740.371s][info][gc,heap        ] GC(726) PSYoungGen: 2612948K(2628608K)->138208K(2630656K) Eden: 2469376K(2469376K)->0K(2469376K) From: 143572K(159232K)->138208K(161280K)
[3740.371s][info][gc,heap        ] GC(726) ParOldGen: 1225785K(4353024K)->1318321K(4353024K)
[3740.371s][info][gc,metaspace   ] GC(726) Metaspace: 29102K(29504K)->29102K(29504K) NonClass: 24212K(24384K)->24212K(24384K) Class: 4889K(5120K)->4889K(5120K)
[3740.371s][info][gc             ] GC(726) Pause Young (Allocation Failure) 3748M->1422M(6820M) 91.075ms
[3740.371s][info][gc,cpu         ] GC(726) User=0.54s Sys=0.00s Real=0.09s
...[3743.691s][info][gc,start       ] GC(727) Pause Young (Allocation Failure)
[3743.780s][info][gc,heap        ] GC(727) PSYoungGen: 2607584K(2630656K)->137760K(2632704K) Eden: 2469376K(2469376K)->0K(2474496K) From: 138208K(161280K)->137760K(158208K)
[3743.780s][info][gc,heap        ] GC(727) ParOldGen: 1318321K(4353024K)->1408761K(4353024K)
[3743.780s][info][gc,metaspace   ] GC(727) Metaspace: 29102K(29504K)->29102K(29504K) NonClass: 24212K(24384K)->24212K(24384K) Class: 4889K(5120K)->4889K(5120K)
[3743.780s][info][gc             ] GC(727) Pause Young (Allocation Failure) 3833M->1510M(6822M) 89.409ms
[3743.781s][info][gc,cpu         ] GC(727) User=0.52s Sys=0.00s Real=0.09s
....[3747.114s][info][gc,start       ] GC(728) Pause Young (Allocation Failure)
[3747.208s][info][gc,heap        ] GC(728) PSYoungGen: 2612256K(2632704K)->145200K(2634240K) Eden: 2474496K(2474496K)->0K(2474496K) From: 137760K(158208K)->145200K(159744K)
[3747.208s][info][gc,heap        ] GC(728) ParOldGen: 1408761K(4353024K)->1500745K(4353024K)
[3747.208s][info][gc,metaspace   ] GC(728) Metaspace: 29102K(29504K)->29102K(29504K) NonClass: 24212K(24384K)->24212K(24384K) Class: 4889K(5120K)->4889K(5120K)
[3747.208s][info][gc             ] GC(728) Pause Young (Allocation Failure) 3926M->1607M(6823M) 93.601ms
[3747.208s][info][gc,cpu         ] GC(728) User=0.55s Sys=0.00s Real=0.09s
...[3750.416s][info][gc,start       ] GC(729) Pause Young (Allocation Failure)
[3750.511s][info][gc,heap        ] GC(729) PSYoungGen: 2619696K(2634240K)->146472K(2635776K) Eden: 2474496K(2474496K)->0K(2477568K) From: 145200K(159744K)->146472K(158208K)
[3750.511s][info][gc,heap        ] GC(729) ParOldGen: 1500745K(4353024K)->1593897K(4353024K)
[3750.511s][info][gc,metaspace   ] GC(729) Metaspace: 29102K(29504K)->29102K(29504K) NonClass: 24212K(24384K)->24212K(24384K) Class: 4889K(5120K)->4889K(5120K)
[3750.511s][info][gc             ] GC(729) Pause Young (Allocation Failure) 4023M->1699M(6825M) 95.276ms
[3750.511s][info][gc,cpu         ] GC(729) User=0.57s Sys=0.00s Real=0.10s
...[3753.865s][info][gc,start       ] GC(730) Pause Young (Allocation Failure)
[3753.959s][info][gc,heap        ] GC(730) PSYoungGen: 2624040K(2635776K)->144756K(2636288K) Eden: 2477568K(2477568K)->0K(2477568K) From: 146472K(158208K)->144756K(158720K)
[3753.959s][info][gc,heap        ] GC(730) ParOldGen: 1593897K(4353024K)->1683961K(4353024K)
[3753.959s][info][gc,metaspace   ] GC(730) Metaspace: 29102K(29504K)->29102K(29504K) NonClass: 24212K(24384K)->24212K(24384K) Class: 4889K(5120K)->4889K(5120K)
[3753.959s][info][gc             ] GC(730) Pause Young (Allocation Failure) 4119M->1785M(6825M) 94.167ms
[3753.960s][info][gc,cpu         ] GC(730) User=0.55s Sys=0.00s Real=0.10s
....[3757.217s][info][gc,start       ] GC(731) Pause Young (Allocation Failure)
[3757.308s][info][gc,heap        ] GC(731) PSYoungGen: 2622324K(2636288K)->140512K(2635776K) Eden: 2477568K(2477568K)->0K(2479616K) From: 144756K(158720K)->140512K(156160K)
[3757.308s][info][gc,heap        ] GC(731) ParOldGen: 1683961K(4353024K)->1777281K(4353024K)
[3757.308s][info][gc,metaspace   ] GC(731) Metaspace: 29102K(29504K)->29102K(29504K) NonClass: 24212K(24384K)->24212K(24384K) Class: 4889K(5120K)->4889K(5120K)
[3757.308s][info][gc             ] GC(731) Pause Young (Allocation Failure) 4205M->1872M(6825M) 91.522ms
[3757.309s][info][gc,cpu         ] GC(731) User=0.54s Sys=0.00s Real=0.09s
...[3760.567s][info][gc,start       ] GC(732) Pause Young (Allocation Failure)
[3760.658s][info][gc,heap        ] GC(732) PSYoungGen: 2620128K(2635776K)->134816K(2636288K) Eden: 2479616K(2479616K)->0K(2479616K) From: 140512K(156160K)->134816K(156672K)
[3760.658s][info][gc,heap        ] GC(732) ParOldGen: 1777281K(4353024K)->1869049K(4353024K)
[3760.658s][info][gc,metaspace   ] GC(732) Metaspace: 29102K(29504K)->29102K(29504K) NonClass: 24212K(24384K)->24212K(24384K) Class: 4889K(5120K)->4889K(5120K)
[3760.658s][info][gc             ] GC(732) Pause Young (Allocation Failure) 4294M->1956M(6825M) 91.069ms
[3760.658s][info][gc,cpu         ] GC(732) User=0.54s Sys=0.00s Real=0.09s
. (rIR:aIR:PR = 5950:5949:5949) (tPR = 87742) [OK] 
  3760s: Performance info:
         Transaction,    Success,    Partial,     Failed,   Receipts, AvgBarcode, 
             Overall,     360731,          0,          0,     342697,      59.47, 
         Response times:
             Request,    Success,    Partial,     Failed,   SkipFail,     Probes,    Samples,      min,      p50,      p90,      p95,      p99,      max, 
       TotalPurchase,     342697,          0,          0,          0,     333065,     365448,      300,     4300,     8300,    18800,   365000,   460000,
     InStorePurchase,     180392,          0,          0,          0,     175431,     192403,      300,     4300,     8300,    18500,   365000,   439000,
      OnlinePurchase,     126312,          0,          0,          0,     122618,     134561,      300,     4300,     8300,    19400,   367000,   437000,
        InstPurchase,      35993,          0,          0,          0,      35016,      38484,      400,     4200,     8000,    17575,   356000,   460000,
          AssocOfCat,        363,          0,          0,          0,        281,        374,    17900,    28000,    40000,    58500,   313250,   381000,
      AssocOfProduct,       3609,          0,          0,          0,       3330,       3904,      800,     4800,     9050,    22750,   408000,   475000,
      BusinessReport,        907,          0,          0,          0,        761,        941,    21000,    34000,    50000,    64800,   348000,   437000,
          CustBuyBeh,       3606,          0,          0,          0,       3319,       3757,      300,     3900,     7300,    13120,   297000,   449000,
       ProductReturn,       9549,          0,          0,          0,       9063,      10132,      400,     3700,     8200,    17000,   360000,   475000,

  3760s: (44%)   IR =   6088 ..[3764.017s][info][gc,start       ] GC(733) Pause Young (Allocation Failure)
[3764.110s][info][gc,heap        ] GC(733) PSYoungGen: 2614432K(2636288K)->142048K(2637312K) Eden: 2479616K(2479616K)->0K(2482688K) From: 134816K(156672K)->142048K(154624K)
[3764.110s][info][gc,heap        ] GC(733) ParOldGen: 1869049K(4353024K)->1958889K(4353024K)
[3764.110s][info][gc,metaspace   ] GC(733) Metaspace: 29102K(29504K)->29102K(29504K) NonClass: 24212K(24384K)->24212K(24384K) Class: 4889K(5120K)->4889K(5120K)
[3764.110s][info][gc             ] GC(733) Pause Young (Allocation Failure) 4378M->2051M(6826M) 92.269ms
[3764.110s][info][gc,cpu         ] GC(733) User=0.54s Sys=0.00s Real=0.10s
...|.[3767.307s][info][gc,start       ] GC(734) Pause Young (Allocation Failure)
[3767.401s][info][gc,heap        ] GC(734) PSYoungGen: 2624736K(2637312K)->140832K(2638336K) Eden: 2482688K(2482688K)->0K(2482688K) From: 142048K(154624K)->140832K(155648K)
[3767.401s][info][gc,heap        ] GC(734) ParOldGen: 1958889K(4353024K)->2053201K(4353024K)
[3767.401s][info][gc,metaspace   ] GC(734) Metaspace: 29102K(29504K)->29102K(29504K) NonClass: 24212K(24384K)->24212K(24384K) Class: 4889K(5120K)->4889K(5120K)
[3767.401s][info][gc             ] GC(734) Pause Young (Allocation Failure) 4476M->2142M(6827M) 93.859ms
[3767.401s][info][gc,cpu         ] GC(734) User=0.56s Sys=0.00s Real=0.10s
...[3770.617s][info][gc,start       ] GC(735) Pause Young (Allocation Failure)
[3770.708s][info][gc,heap        ] GC(735) PSYoungGen: 2623520K(2638336K)->137440K(2639360K) Eden: 2482688K(2482688K)->0K(2485760K) From: 140832K(155648K)->137440K(153600K)
[3770.708s][info][gc,heap        ] GC(735) ParOldGen: 2053201K(4353024K)->2144001K(4353024K)
[3770.708s][info][gc,metaspace   ] GC(735) Metaspace: 29102K(29504K)->29102K(29504K) NonClass: 24212K(24384K)->24212K(24384K) Class: 4889K(5120K)->4889K(5120K)
[3770.708s][info][gc             ] GC(735) Pause Young (Allocation Failure) 4567M->2227M(6828M) 91.186ms
[3770.708s][info][gc,cpu         ] GC(735) User=0.54s Sys=0.00s Real=0.09s
...[3773.958s][info][gc,start       ] GC(736) Pause Young (Allocation Failure)
[3774.052s][info][gc,heap        ] GC(736) PSYoungGen: 2623200K(2639360K)->142720K(2639872K) Eden: 2485760K(2485760K)->0K(2485760K) From: 137440K(153600K)->142720K(154112K)
[3774.052s][info][gc,heap        ] GC(736) ParOldGen: 2144001K(4353024K)->2236281K(4353024K)
[3774.052s][info][gc,metaspace   ] GC(736) Metaspace: 29102K(29504K)->29102K(29504K) NonClass: 24212K(24384K)->24212K(24384K) Class: 4889K(5120K)->4889K(5120K)
[3774.052s][info][gc             ] GC(736) Pause Young (Allocation Failure) 4655M->2323M(6829M) 94.726ms
[3774.052s][info][gc,cpu         ] GC(736) User=0.57s Sys=0.00s Real=0.10s
....[3777.270s][info][gc,start       ] GC(737) Pause Young (Allocation Failure)
[3777.367s][info][gc,heap        ] GC(737) PSYoungGen: 2628480K(2639872K)->145600K(2640896K) Eden: 2485760K(2485760K)->0K(2487808K) From: 142720K(154112K)->145600K(153088K)
[3777.367s][info][gc,heap        ] GC(737) ParOldGen: 2236281K(4353024K)->2329057K(4353024K)
[3777.367s][info][gc,metaspace   ] GC(737) Metaspace: 29102K(29504K)->29102K(29504K) NonClass: 24212K(24384K)->24212K(24384K) Class: 4889K(5120K)->4889K(5120K)
[3777.367s][info][gc             ] GC(737) Pause Young (Allocation Failure) 4750M->2416M(6830M) 97.219ms
[3777.367s][info][gc,cpu         ] GC(737) User=0.57s Sys=0.00s Real=0.09s
...[3780.585s][info][gc,start       ] GC(738) Pause Young (Allocation Failure)
[3780.676s][info][gc,heap        ] GC(738) PSYoungGen: 2633408K(2640896K)->135904K(2641408K) Eden: 2487808K(2487808K)->0K(2487808K) From: 145600K(153088K)->135904K(153600K)
[3780.676s][info][gc,heap        ] GC(738) ParOldGen: 2329057K(4353024K)->2421305K(4353024K)
[3780.676s][info][gc,metaspace   ] GC(738) Metaspace: 29102K(29504K)->29102K(29504K) NonClass: 24212K(24384K)->24212K(24384K) Class: 4889K(5120K)->4889K(5120K)
[3780.676s][info][gc             ] GC(738) Pause Young (Allocation Failure) 4846M->2497M(6830M) 91.354ms
[3780.676s][info][gc,cpu         ] GC(738) User=0.54s Sys=0.00s Real=0.09s
...[3783.937s][info][gc,start       ] GC(739) Pause Young (Allocation Failure)
[3784.030s][info][gc,heap        ] GC(739) PSYoungGen: 2623712K(2641408K)->141664K(2640384K) Eden: 2487808K(2487808K)->0K(2488832K) From: 135904K(153600K)->141664K(151552K)
[3784.030s][info][gc,heap        ] GC(739) ParOldGen: 2421305K(4353024K)->2511649K(4353024K)
[3784.030s][info][gc,metaspace   ] GC(739) Metaspace: 29102K(29504K)->29102K(29504K) NonClass: 24212K(24384K)->24212K(24384K) Class: 4889K(5120K)->4889K(5120K)
[3784.030s][info][gc             ] GC(739) Pause Young (Allocation Failure) 4926M->2591M(6829M) 92.492ms
[3784.030s][info][gc,cpu         ] GC(739) User=0.55s Sys=0.00s Real=0.10s
....[3787.262s][info][gc,start       ] GC(740) Pause Young (Allocation Failure)
[3787.355s][info][gc,heap        ] GC(740) PSYoungGen: 2630496K(2640384K)->140864K(2641408K) Eden: 2488832K(2488832K)->0K(2488832K) From: 141664K(151552K)->140864K(152576K)
[3787.355s][info][gc,heap        ] GC(740) ParOldGen: 2511649K(4353024K)->2605465K(4353024K)
[3787.355s][info][gc,metaspace   ] GC(740) Metaspace: 29102K(29504K)->29102K(29504K) NonClass: 24212K(24384K)->24212K(24384K) Class: 4889K(5120K)->4889K(5120K)
[3787.355s][info][gc             ] GC(740) Pause Young (Allocation Failure) 5021M->2681M(6830M) 93.643ms
[3787.356s][info][gc,cpu         ] GC(740) User=0.56s Sys=0.00s Real=0.09s
...[3790.550s][info][gc,start       ] GC(741) Pause Young (Allocation Failure)
[3790.645s][info][gc,heap        ] GC(741) PSYoungGen: 2629696K(2641408K)->140405K(2641408K) Eden: 2488832K(2488832K)->0K(2491904K) From: 140864K(152576K)->140405K(149504K)
[3790.645s][info][gc,heap        ] GC(741) ParOldGen: 2605465K(4353024K)->2696697K(4353024K)
[3790.645s][info][gc,metaspace   ] GC(741) Metaspace: 29102K(29504K)->29102K(29504K) NonClass: 24212K(24384K)->24212K(24384K) Class: 4889K(5120K)->4889K(5120K)
[3790.645s][info][gc             ] GC(741) Pause Young (Allocation Failure) 5112M->2770M(6830M) 94.255ms
[3790.645s][info][gc,cpu         ] GC(741) User=0.55s Sys=0.00s Real=0.09s
...[3793.897s][info][gc,start       ] GC(742) Pause Young (Allocation Failure)
[3793.993s][info][gc,heap        ] GC(742) PSYoungGen: 2632309K(2641408K)->142432K(2642432K) Eden: 2491904K(2491904K)->0K(2491904K) From: 140405K(149504K)->142432K(150528K)
[3793.993s][info][gc,heap        ] GC(742) ParOldGen: 2696697K(4353024K)->2787945K(4353024K)
[3793.993s][info][gc,metaspace   ] GC(742) Metaspace: 29102K(29504K)->29102K(29504K) NonClass: 24212K(24384K)->24212K(24384K) Class: 4889K(5120K)->4889K(5120K)
[3793.993s][info][gc             ] GC(742) Pause Young (Allocation Failure) 5204M->2861M(6831M) 95.681ms
[3793.993s][info][gc,cpu         ] GC(742) User=0.56s Sys=0.01s Real=0.10s
....[3797.293s][info][gc,start       ] GC(743) Pause Young (Allocation Failure)
[3797.388s][info][gc,heap        ] GC(743) PSYoungGen: 2634336K(2642432K)->143910K(2644992K) Eden: 2491904K(2491904K)->0K(2495488K) From: 142432K(150528K)->143910K(149504K)
[3797.388s][info][gc,heap        ] GC(743) ParOldGen: 2787945K(4353024K)->2879529K(4353024K)
[3797.388s][info][gc,metaspace   ] GC(743) Metaspace: 29102K(29504K)->29102K(29504K) NonClass: 24212K(24384K)->24212K(24384K) Class: 4889K(5120K)->4889K(5120K)
[3797.388s][info][gc             ] GC(743) Pause Young (Allocation Failure) 5295M->2952M(6834M) 94.803ms
[3797.388s][info][gc,cpu         ] GC(743) User=0.56s Sys=0.01s Real=0.09s
...[3800.569s][info][gc,start       ] GC(744) Pause Young (Allocation Failure)
[3800.662s][info][gc,heap        ] GC(744) PSYoungGen: 2639398K(2644992K)->140084K(2645504K) Eden: 2495488K(2495488K)->0K(2495488K) From: 143910K(149504K)->140084K(150016K)
[3800.662s][info][gc,heap        ] GC(744) ParOldGen: 2879529K(4353024K)->2972841K(4353024K)
[3800.662s][info][gc,metaspace   ] GC(744) Metaspace: 29102K(29504K)->29102K(29504K) NonClass: 24212K(24384K)->24212K(24384K) Class: 4889K(5120K)->4889K(5120K)
[3800.662s][info][gc             ] GC(744) Pause Young (Allocation Failure) 5389M->3039M(6834M) 93.845ms
[3800.662s][info][gc,cpu         ] GC(744) User=0.56s Sys=0.00s Real=0.10s
...[3803.906s][info][gc,start       ] GC(745) Pause Young (Allocation Failure)
[3803.999s][info][gc,heap        ] GC(745) PSYoungGen: 2635572K(2645504K)->139360K(2644992K) Eden: 2495488K(2495488K)->0K(2496512K) From: 140084K(150016K)->139360K(148480K)
[3803.999s][info][gc,heap        ] GC(745) ParOldGen: 2972841K(4353024K)->3063425K(4353024K)
[3803.999s][info][gc,metaspace   ] GC(745) Metaspace: 29102K(29504K)->29102K(29504K) NonClass: 24212K(24384K)->24212K(24384K) Class: 4889K(5120K)->4889K(5120K)
[3803.999s][info][gc             ] GC(745) Pause Young (Allocation Failure) 5476M->3127M(6834M) 92.515ms
[3803.999s][info][gc,cpu         ] GC(745) User=0.54s Sys=0.00s Real=0.09s
....[3807.245s][info][gc,start       ] GC(746) Pause Young (Allocation Failure)
[3807.339s][info][gc,heap        ] GC(746) PSYoungGen: 2635872K(2644992K)->144256K(2645504K) Eden: 2496512K(2496512K)->0K(2496512K) From: 139360K(148480K)->144256K(148992K)
[3807.339s][info][gc,heap        ] GC(746) ParOldGen: 3063425K(4353024K)->3155345K(4353024K)
[3807.339s][info][gc,metaspace   ] GC(746) Metaspace: 29102K(29504K)->29102K(29504K) NonClass: 24212K(24384K)->24212K(24384K) Class: 4889K(5120K)->4889K(5120K)
[3807.339s][info][gc             ] GC(746) Pause Young (Allocation Failure) 5565M->3222M(6834M) 94.194ms
[3807.339s][info][gc,cpu         ] GC(746) User=0.56s Sys=0.01s Real=0.09s
...[3810.586s][info][gc,start       ] GC(747) Pause Young (Allocation Failure)
[3810.685s][info][gc,heap        ] GC(747) PSYoungGen: 2640768K(2645504K)->146157K(2644480K) Eden: 2496512K(2496512K)->0K(2494976K) From: 144256K(148992K)->146157K(149504K)
[3810.685s][info][gc,heap        ] GC(747) ParOldGen: 3155345K(4353024K)->3247745K(4353024K)
[3810.685s][info][gc,metaspace   ] GC(747) Metaspace: 29102K(29504K)->29102K(29504K) NonClass: 24212K(24384K)->24212K(24384K) Class: 4889K(5120K)->4889K(5120K)
[3810.685s][info][gc             ] GC(747) Pause Young (Allocation Failure) 5660M->3314M(6833M) 99.449ms
[3810.685s][info][gc,cpu         ] GC(747) User=0.59s Sys=0.00s Real=0.10s
...[3813.932s][info][gc,start       ] GC(748) Pause Young (Allocation Failure)
[3814.027s][info][gc,heap        ] GC(748) PSYoungGen: 2641133K(2644480K)->142752K(2645504K) Eden: 2494976K(2494976K)->0K(2494976K) From: 146157K(149504K)->142752K(150528K)
[3814.027s][info][gc,heap        ] GC(748) ParOldGen: 3247745K(4353024K)->3340993K(4353024K)
[3814.027s][info][gc,metaspace   ] GC(748) Metaspace: 29102K(29504K)->29102K(29504K) NonClass: 24212K(24384K)->24212K(24384K) Class: 4889K(5120K)->4889K(5120K)
[3814.027s][info][gc             ] GC(748) Pause Young (Allocation Failure) 5750M->3402M(6834M) 94.758ms
[3814.027s][info][gc,cpu         ] GC(748) User=0.57s Sys=0.00s Real=0.09s
....[3817.247s][info][gc,start       ] GC(749) Pause Young (Allocation Failure)
[3817.340s][info][gc,heap        ] GC(749) PSYoungGen: 2637728K(2645504K)->139744K(2643968K) Eden: 2494976K(2494976K)->0K(2495488K) From: 142752K(150528K)->139744K(148480K)
[3817.340s][info][gc,heap        ] GC(749) ParOldGen: 3340993K(4353024K)->3434153K(4353024K)
[3817.340s][info][gc,metaspace   ] GC(749) Metaspace: 29102K(29504K)->29102K(29504K) NonClass: 24212K(24384K)->24212K(24384K) Class: 4889K(5120K)->4889K(5120K)
[3817.340s][info][gc             ] GC(749) Pause Young (Allocation Failure) 5838M->3490M(6833M) 93.068ms
[3817.340s][info][gc,cpu         ] GC(749) User=0.55s Sys=0.00s Real=0.10s
...[3820.595s][info][gc,start       ] GC(750) Pause Young (Allocation Failure)
[3820.688s][info][gc,heap        ] GC(750) PSYoungGen: 2635232K(2643968K)->138624K(2644992K) Eden: 2495488K(2495488K)->0K(2495488K) From: 139744K(148480K)->138624K(149504K)
[3820.688s][info][gc,heap        ] GC(750) ParOldGen: 3434153K(4353024K)->3524825K(4353024K)
[3820.688s][info][gc,metaspace   ] GC(750) Metaspace: 29102K(29504K)->29102K(29504K) NonClass: 24212K(24384K)->24212K(24384K) Class: 4889K(5120K)->4889K(5120K)
[3820.688s][info][gc             ] GC(750) Pause Young (Allocation Failure) 5927M->3577M(6834M) 93.941ms
[3820.689s][info][gc,cpu         ] GC(750) User=0.55s Sys=0.00s Real=0.09s
...[3823.988s][info][gc,start       ] GC(751) Pause Young (Allocation Failure)
[3824.085s][info][gc,heap        ] GC(751) PSYoungGen: 2634112K(2644992K)->142464K(2645504K) Eden: 2495488K(2495488K)->0K(2497024K) From: 138624K(149504K)->142464K(148480K)
[3824.085s][info][gc,heap        ] GC(751) ParOldGen: 3524825K(4353024K)->3617169K(4353024K)
[3824.085s][info][gc,metaspace   ] GC(751) Metaspace: 29102K(29504K)->29102K(29504K) NonClass: 24212K(24384K)->24212K(24384K) Class: 4889K(5120K)->4889K(5120K)
[3824.085s][info][gc             ] GC(751) Pause Young (Allocation Failure) 6014M->3671M(6834M) 96.631ms
[3824.085s][info][gc,cpu         ] GC(751) User=0.57s Sys=0.00s Real=0.10s
... (rIR:aIR:PR = 6088:6090:6090) (tPR = 89964) [OK] 
  3825s: Performance info:
         Transaction,    Success,    Partial,     Failed,   Receipts, AvgBarcode, 
             Overall,     365802,          0,          0,     347500,      59.47, 
         Response times:
             Request,    Success,    Partial,     Failed,   SkipFail,     Probes,    Samples,      min,      p50,      p90,      p95,      p99,      max, 
       TotalPurchase,     347496,          0,          0,          0,     343061,     371082,      300,     4200,     7300,     9300,    29000,   113000,
     InStorePurchase,     182877,          0,          0,          0,     180865,     195257,      300,     4100,     7300,     9300,    29000,   111000,
      OnlinePurchase,     128009,          0,          0,          0,     126433,     136741,      300,     4200,     7300,     9300,    29000,   113000,
        InstPurchase,      36610,          0,          0,          0,      35763,      39084,      400,     4300,     7300,     9400,    28000,   112000,
          AssocOfCat,        368,          0,          0,          0,        298,        384,    19700,    31000,    41000,    50000,   125200,   149000,
      AssocOfProduct,       3652,          0,          0,          0,       3436,       3944,      500,     3900,     6900,     8675,    26000,   111000,
      BusinessReport,        917,          0,          0,          0,        812,        982,    24000,    36000,    52000,    59000,   100510,   153000,
          CustBuyBeh,       3665,          0,          0,          0,       3421,       3880,      200,     3300,     6100,     8000,    23000,   104000,
       ProductReturn,       9700,          0,          0,          0,       9281,      10450,      200,     4300,     7300,     9300,    30000,   104000,

  3825s: (45%)   IR =   6227 [3827.260s][info][gc,start       ] GC(752) Pause Young (Allocation Failure)
[3827.357s][info][gc,heap        ] GC(752) PSYoungGen: 2639488K(2645504K)->145445K(2646016K) Eden: 2497024K(2497024K)->0K(2497024K) From: 142464K(148480K)->145445K(148992K)
[3827.358s][info][gc,heap        ] GC(752) ParOldGen: 3617169K(4353024K)->3711105K(4353024K)
[3827.358s][info][gc,metaspace   ] GC(752) Metaspace: 29102K(29504K)->29102K(29504K) NonClass: 24212K(24384K)->24212K(24384K) Class: 4889K(5120K)->4889K(5120K)
[3827.358s][info][gc             ] GC(752) Pause Young (Allocation Failure) 6110M->3766M(6835M) 97.160ms
[3827.358s][info][gc,cpu         ] GC(752) User=0.57s Sys=0.00s Real=0.09s
....[3830.519s][info][gc,start       ] GC(753) Pause Young (Allocation Failure)
[3830.611s][info][gc,heap        ] GC(753) PSYoungGen: 2642469K(2646016K)->137600K(2646528K) Eden: 2497024K(2497024K)->0K(2497024K) From: 145445K(148992K)->137600K(149504K)
[3830.611s][info][gc,heap        ] GC(753) ParOldGen: 3711105K(4353024K)->3802521K(4353024K)
[3830.611s][info][gc,metaspace   ] GC(753) Metaspace: 29102K(29504K)->29102K(29504K) NonClass: 24212K(24384K)->24212K(24384K) Class: 4889K(5120K)->4889K(5120K)
[3830.611s][info][gc             ] GC(753) Pause Young (Allocation Failure) 6204M->3847M(6835M) 92.364ms
[3830.611s][info][gc,cpu         ] GC(753) User=0.54s Sys=0.00s Real=0.10s
...[3833.782s][info][gc,start       ] GC(754) Pause Young (Allocation Failure)
[3833.877s][info][gc,heap        ] GC(754) PSYoungGen: 2634624K(2646528K)->143205K(2646528K) Eden: 2497024K(2497024K)->0K(2497024K) From: 137600K(149504K)->143205K(149504K)
[3833.877s][info][gc,heap        ] GC(754) ParOldGen: 3802521K(4353024K)->3895513K(4353024K)
[3833.877s][info][gc,metaspace   ] GC(754) Metaspace: 29102K(29504K)->29102K(29504K) NonClass: 24212K(24384K)->24212K(24384K) Class: 4889K(5120K)->4889K(5120K)
[3833.877s][info][gc             ] GC(754) Pause Young (Allocation Failure) 6286M->3944M(6835M) 95.236ms
[3833.877s][info][gc,cpu         ] GC(754) User=0.56s Sys=0.00s Real=0.09s
...[3837.117s][info][gc,start       ] GC(755) Pause Young (Allocation Failure)
[3837.215s][info][gc,heap        ] GC(755) PSYoungGen: 2640229K(2646528K)->149476K(2574848K) Eden: 2497024K(2497024K)->0K(2425344K) From: 143205K(149504K)->149476K(149504K)
[3837.215s][info][gc,heap        ] GC(755) ParOldGen: 3895513K(4353024K)->3987169K(4353024K)
[3837.215s][info][gc,metaspace   ] GC(755) Metaspace: 29102K(29504K)->29102K(29504K) NonClass: 24212K(24384K)->24212K(24384K) Class: 4889K(5120K)->4889K(5120K)
[3837.215s][info][gc             ] GC(755) Pause Young (Allocation Failure) 6382M->4039M(6765M) 98.866ms
[3837.216s][info][gc,cpu         ] GC(755) User=0.59s Sys=0.00s Real=0.10s
.|..[3840.210s][info][gc,start       ] GC(756) Pause Young (Allocation Failure)
[3840.308s][info][gc,heap        ] GC(756) PSYoungGen: 2574820K(2574848K)->142549K(2610688K) Eden: 2425344K(2425344K)->0K(2425344K) From: 149476K(149504K)->142549K(185344K)
[3840.308s][info][gc,heap        ] GC(756) ParOldGen: 3987169K(4353024K)->4082537K(4353024K)
[3840.308s][info][gc,metaspace   ] GC(756) Metaspace: 29102K(29504K)->29102K(29504K) NonClass: 24212K(24384K)->24212K(24384K) Class: 4889K(5120K)->4889K(5120K)
[3840.308s][info][gc             ] GC(756) Pause Young (Allocation Failure) 6408M->4126M(6800M) 98.041ms
[3840.308s][info][gc,cpu         ] GC(756) User=0.58s Sys=0.00s Real=0.09s
....[3843.407s][info][gc,start       ] GC(757) Pause Young (Allocation Failure)
[3843.503s][info][gc,heap        ] GC(757) PSYoungGen: 2567893K(2610688K)->144517K(2604032K) Eden: 2425344K(2425344K)->0K(2426880K) From: 142549K(185344K)->144517K(177152K)
[3843.503s][info][gc,heap        ] GC(757) ParOldGen: 4082537K(4353024K)->4172721K(4353024K)
[3843.503s][info][gc,metaspace   ] GC(757) Metaspace: 29102K(29504K)->29102K(29504K) NonClass: 24212K(24384K)->24212K(24384K) Class: 4889K(5120K)->4889K(5120K)
[3843.503s][info][gc             ] GC(757) Pause Young (Allocation Failure) 6494M->4216M(6794M) 95.598ms
[3843.503s][info][gc,cpu         ] GC(757) User=0.56s Sys=0.01s Real=0.10s
...[3846.578s][info][gc,start       ] GC(758) Pause Young (Allocation Failure)
[3846.670s][info][gc,heap        ] GC(758) PSYoungGen: 2571397K(2604032K)->133760K(2608128K) Eden: 2426880K(2426880K)->0K(2426880K) From: 144517K(177152K)->133760K(181248K)
[3846.670s][info][gc,heap        ] GC(758) ParOldGen: 4172721K(4353024K)->4263985K(4353024K)
[3846.670s][info][gc,metaspace   ] GC(758) Metaspace: 29102K(29504K)->29102K(29504K) NonClass: 24212K(24384K)->24212K(24384K) Class: 4889K(5120K)->4889K(5120K)
[3846.670s][info][gc             ] GC(758) Pause Young (Allocation Failure) 6586M->4294M(6798M) 92.794ms
[3846.670s][info][gc,cpu         ] GC(758) User=0.54s Sys=0.00s Real=0.10s
...[3849.754s][info][gc,start       ] GC(759) Pause Young (Allocation Failure)
[3849.851s][info][gc,heap        ] GC(759) PSYoungGen: 2560640K(2608128K)->144760K(2609664K) Eden: 2426880K(2426880K)->0K(2433536K) From: 133760K(181248K)->144760K(176128K)
[3849.851s][info][gc,heap        ] GC(759) ParOldGen: 4263985K(4353024K)->4354481K(4354560K)
[3849.851s][info][gc,metaspace   ] GC(759) Metaspace: 29102K(29504K)->29102K(29504K) NonClass: 24212K(24384K)->24212K(24384K) Class: 4889K(5120K)->4889K(5120K)
[3849.851s][info][gc             ] GC(759) Pause Young (Allocation Failure) 6664M->4393M(6801M) 96.810ms
[3849.851s][info][gc,cpu         ] GC(759) User=0.57s Sys=0.00s Real=0.10s
...[3852.971s][info][gc,start       ] GC(760) Pause Young (Allocation Failure)
[3853.073s][info][gc,heap        ] GC(760) PSYoungGen: 2576870K(2609664K)->147216K(2612224K) Eden: 2432110K(2433536K)->0K(2433536K) From: 144760K(176128K)->147216K(178688K)
[3853.073s][info][gc,heap        ] GC(760) ParOldGen: 4354481K(4354560K)->4444289K(4444672K)
[3853.073s][info][gc,metaspace   ] GC(760) Metaspace: 29102K(29504K)->29102K(29504K) NonClass: 24212K(24384K)->24212K(24384K) Class: 4889K(5120K)->4889K(5120K)
[3853.073s][info][gc             ] GC(760) Pause Young (Allocation Failure) 6768M->4483M(6891M) 101.403ms
[3853.073s][info][gc,cpu         ] GC(760) User=0.57s Sys=0.03s Real=0.10s
...[3856.154s][info][gc,start       ] GC(761) Pause Young (Allocation Failure)
[3856.253s][info][gc,heap        ] GC(761) PSYoungGen: 2580752K(2612224K)->140416K(2614784K) Eden: 2433536K(2433536K)->0K(2441728K) From: 147216K(178688K)->140416K(173056K)
[3856.253s][info][gc,heap        ] GC(761) ParOldGen: 4444289K(4444672K)->4536585K(4536832K)
[3856.253s][info][gc,metaspace   ] GC(761) Metaspace: 29102K(29504K)->29102K(29504K) NonClass: 24212K(24384K)->24212K(24384K) Class: 4889K(5120K)->4889K(5120K)
[3856.253s][info][gc             ] GC(761) Pause Young (Allocation Failure) 6860M->4567M(6984M) 98.490ms
[3856.253s][info][gc,cpu         ] GC(761) User=0.56s Sys=0.02s Real=0.10s
...[3859.382s][info][gc,start       ] GC(762) Pause Young (Allocation Failure)
[3859.481s][info][gc,heap        ] GC(762) PSYoungGen: 2582144K(2614784K)->140608K(2615808K) Eden: 2441728K(2441728K)->0K(2441728K) From: 140416K(173056K)->140608K(174080K)
[3859.481s][info][gc,heap        ] GC(762) ParOldGen: 4536585K(4536832K)->4627377K(4627456K)
[3859.481s][info][gc,metaspace   ] GC(762) Metaspace: 29102K(29504K)->29102K(29504K) NonClass: 24212K(24384K)->24212K(24384K) Class: 4889K(5120K)->4889K(5120K)
[3859.481s][info][gc             ] GC(762) Pause Young (Allocation Failure) 6951M->4656M(7073M) 98.341ms
[3859.481s][info][gc,cpu         ] GC(762) User=0.55s Sys=0.03s Real=0.10s
....[3862.498s][info][gc,start       ] GC(763) Pause Young (Allocation Failure)
[3862.599s][info][gc,heap        ] GC(763) PSYoungGen: 2582336K(2615808K)->144784K(2618368K) Eden: 2441728K(2441728K)->0K(2449408K) From: 140608K(174080K)->144784K(168960K)
[3862.599s][info][gc,heap        ] GC(763) ParOldGen: 4627377K(4627456K)->4719017K(4719104K)
[3862.599s][info][gc,metaspace   ] GC(763) Metaspace: 29102K(29504K)->29102K(29504K) NonClass: 24212K(24384K)->24212K(24384K) Class: 4889K(5120K)->4889K(5120K)
[3862.599s][info][gc             ] GC(763) Pause Young (Allocation Failure) 7040M->4749M(7165M) 101.614ms
[3862.599s][info][gc,cpu         ] GC(763) User=0.58s Sys=0.03s Real=0.10s
...[3865.718s][info][gc,start       ] GC(764) Pause Young (Allocation Failure)
[3865.816s][info][gc,heap        ] GC(764) PSYoungGen: 2594192K(2618368K)->136032K(2619904K) Eden: 2449408K(2449408K)->0K(2449408K) From: 144784K(168960K)->136032K(170496K)
[3865.816s][info][gc,heap        ] GC(764) ParOldGen: 4719017K(4719104K)->4809305K(4809728K)
[3865.816s][info][gc,metaspace   ] GC(764) Metaspace: 29102K(29504K)->29102K(29504K) NonClass: 24212K(24384K)->24212K(24384K) Class: 4889K(5120K)->4889K(5120K)
[3865.816s][info][gc             ] GC(764) Pause Young (Allocation Failure) 7141M->4829M(7255M) 97.992ms
[3865.816s][info][gc,cpu         ] GC(764) User=0.55s Sys=0.03s Real=0.10s
...[3868.960s][info][gc,start       ] GC(765) Pause Young (Allocation Failure)
[3869.058s][info][gc,heap        ] GC(765) PSYoungGen: 2585440K(2619904K)->139744K(2621952K) Eden: 2449408K(2449408K)->0K(2455552K) From: 136032K(170496K)->139744K(166400K)
[3869.058s][info][gc,heap        ] GC(765) ParOldGen: 4809305K(4809728K)->4900745K(4900864K)
[3869.058s][info][gc,metaspace   ] GC(765) Metaspace: 29102K(29504K)->29102K(29504K) NonClass: 24212K(24384K)->24212K(24384K) Class: 4889K(5120K)->4889K(5120K)
[3869.058s][info][gc             ] GC(765) Pause Young (Allocation Failure) 7221M->4922M(7346M) 97.995ms
[3869.058s][info][gc,cpu         ] GC(765) User=0.56s Sys=0.02s Real=0.09s
...[3872.142s][info][gc,start       ] GC(766) Pause Young (Allocation Failure)
[3872.248s][info][gc,heap        ] GC(766) PSYoungGen: 2595296K(2621952K)->150846K(2624000K) Eden: 2455552K(2455552K)->0K(2455552K) From: 139744K(166400K)->150846K(168448K)
[3872.249s][info][gc,heap        ] GC(766) ParOldGen: 4900745K(4900864K)->4992873K(4993024K)
[3872.249s][info][gc,metaspace   ] GC(766) Metaspace: 29102K(29504K)->29102K(29504K) NonClass: 24212K(24384K)->24212K(24384K) Class: 4889K(5120K)->4889K(5120K)
[3872.249s][info][gc             ] GC(766) Pause Young (Allocation Failure) 7320M->5023M(7438M) 106.831ms
[3872.249s][info][gc,cpu         ] GC(766) User=0.60s Sys=0.03s Real=0.10s
...[3875.358s][info][gc,start       ] GC(767) Pause Young (Allocation Failure)
[3875.459s][info][gc,heap        ] GC(767) PSYoungGen: 2606398K(2624000K)->146480K(2623488K) Eden: 2455552K(2455552K)->0K(2459136K) From: 150846K(168448K)->146480K(164352K)
[3875.459s][info][gc,heap        ] GC(767) ParOldGen: 4992873K(4993024K)->5084201K(5084672K)
[3875.459s][info][gc,metaspace   ] GC(767) Metaspace: 29102K(29504K)->29102K(29504K) NonClass: 24212K(24384K)->24212K(24384K) Class: 4889K(5120K)->4889K(5120K)
[3875.459s][info][gc             ] GC(767) Pause Young (Allocation Failure) 7421M->5108M(7527M) 100.987ms
[3875.459s][info][gc,cpu         ] GC(767) User=0.57s Sys=0.03s Real=0.10s
....[3878.577s][info][gc,start       ] GC(768) Pause Young (Allocation Failure)
[3878.675s][info][gc,heap        ] GC(768) PSYoungGen: 2605616K(2623488K)->136000K(2625536K) Eden: 2459136K(2459136K)->0K(2459136K) From: 146480K(164352K)->136000K(166400K)
[3878.675s][info][gc,heap        ] GC(768) ParOldGen: 5084201K(5084672K)->5175681K(5175808K)
[3878.675s][info][gc,metaspace   ] GC(768) Metaspace: 29102K(29504K)->29102K(29504K) NonClass: 24212K(24384K)->24212K(24384K) Class: 4889K(5120K)->4889K(5120K)
[3878.675s][info][gc             ] GC(768) Pause Young (Allocation Failure) 7509M->5187M(7618M) 97.991ms
[3878.675s][info][gc,cpu         ] GC(768) User=0.54s Sys=0.03s Real=0.10s
...[3881.775s][info][gc,start       ] GC(769) Pause Young (Allocation Failure)
[3881.874s][info][gc,heap        ] GC(769) PSYoungGen: 2595136K(2625536K)->138528K(2627072K) Eden: 2459136K(2459136K)->0K(2463744K) From: 136000K(166400K)->138528K(163328K)
[3881.874s][info][gc,heap        ] GC(769) ParOldGen: 5175681K(5175808K)->5267929K(5267968K)
[3881.874s][info][gc,metaspace   ] GC(769) Metaspace: 29102K(29504K)->29102K(29504K) NonClass: 24212K(24384K)->24212K(24384K) Class: 4889K(5120K)->4889K(5120K)
[3881.874s][info][gc             ] GC(769) Pause Young (Allocation Failure) 7588M->5279M(7710M) 99.112ms
[3881.874s][info][gc,cpu         ] GC(769) User=0.56s Sys=0.03s Real=0.10s
...[3884.973s][info][gc,start       ] GC(770) Pause Young (Allocation Failure)
[3885.074s][info][gc,heap        ] GC(770) PSYoungGen: 2602272K(2627072K)->143909K(2628608K) Eden: 2463744K(2463744K)->0K(2463744K) From: 138528K(163328K)->143909K(164864K)
[3885.074s][info][gc,heap        ] GC(770) ParOldGen: 5267929K(5267968K)->5359089K(5359104K)
[3885.075s][info][gc,metaspace   ] GC(770) Metaspace: 29102K(29504K)->29102K(29504K) NonClass: 24212K(24384K)->24212K(24384K) Class: 4889K(5120K)->4889K(5120K)
[3885.075s][info][gc             ] GC(770) Pause Young (Allocation Failure) 7685M->5374M(7800M) 101.997ms
[3885.075s][info][gc,cpu         ] GC(770) User=0.57s Sys=0.03s Real=0.10s
...[3888.202s][info][gc,start       ] GC(771) Pause Young (Allocation Failure)
[3888.306s][info][gc,heap        ] GC(771) PSYoungGen: 2607653K(2628608K)->148544K(2630656K) Eden: 2463744K(2463744K)->0K(2467840K) From: 143909K(164864K)->148544K(162816K)
[3888.306s][info][gc,heap        ] GC(771) ParOldGen: 5359089K(5359104K)->5451025K(5451264K)
[3888.306s][info][gc,metaspace   ] GC(771) Metaspace: 29102K(29504K)->29102K(29504K) NonClass: 24212K(24384K)->24212K(24384K) Class: 4889K(5120K)->4889K(5120K)
[3888.306s][info][gc             ] GC(771) Pause Young (Allocation Failure) 7780M->5468M(7892M) 103.543ms
[3888.306s][info][gc,cpu         ] GC(771) User=0.59s Sys=0.02s Real=0.10s
...[3891.424s][info][gc,start       ] GC(772) Pause Young (Allocation Failure)
[3891.524s][info][gc,heap        ] GC(772) PSYoungGen: 2616384K(2630656K)->141888K(2630656K) Eden: 2467840K(2467840K)->0K(2467840K) From: 148544K(162816K)->141888K(162816K)
[3891.524s][info][gc,heap        ] GC(772) ParOldGen: 5451025K(5451264K)->5542737K(5542912K)
[3891.524s][info][gc,metaspace   ] GC(772) Metaspace: 29102K(29504K)->29102K(29504K) NonClass: 24212K(24384K)->24212K(24384K) Class: 4889K(5120K)->4889K(5120K)
[3891.524s][info][gc             ] GC(772) Pause Young (Allocation Failure) 7878M->5551M(7982M) 99.516ms
[3891.524s][info][gc,cpu         ] GC(772) User=0.57s Sys=0.02s Real=0.10s
....[3894.630s][info][gc,start       ] GC(773) Pause Full (Allocation Failure)
[3894.630s][info][gc,phases,start] GC(773) Marking Phase
[3894.920s][info][gc,phases      ] GC(773) Marking Phase 290.427ms
[3894.920s][info][gc,phases,start] GC(773) Summary Phase
[3894.920s][info][gc,phases      ] GC(773) Summary Phase 0.093ms
[3894.920s][info][gc,phases,start] GC(773) Forward
[3895.041s][info][gc,phases      ] GC(773) Forward 121.238ms
[3895.041s][info][gc,phases,start] GC(773) Adjust Pointers
[3895.238s][info][gc,phases      ] GC(773) Adjust Pointers 196.855ms
[3895.238s][info][gc,phases,start] GC(773) Compaction Phase
[3895.365s][info][gc,phases      ] GC(773) Compaction Phase 126.200ms
[3895.365s][info][gc,phases,start] GC(773) Post Compact
[3895.372s][info][gc,phases      ] GC(773) Post Compact 6.922ms
[3895.499s][info][gc,heap        ] GC(773) PSYoungGen: 2609728K(2630656K)->0K(2631680K) Eden: 2467840K(2467840K)->0K(2470400K) From: 141888K(162816K)->0K(161280K)
[3895.499s][info][gc,heap        ] GC(773) ParOldGen: 5542737K(5542912K)->1414631K(1636864K)
[3895.499s][info][gc,metaspace   ] GC(773) Metaspace: 29102K(29504K)->29102K(29504K) NonClass: 24212K(24384K)->24212K(24384K) Class: 4889K(5120K)->4889K(5120K)
[3895.499s][info][gc             ] GC(773) Pause Full (Allocation Failure) 7961M->1381M(4168M) 869.117ms
[3895.499s][info][gc,cpu         ] GC(773) User=4.01s Sys=0.13s Real=0.86s
... (rIR:aIR:PR = 6227:6230:6230) (tPR = 92592) [OK] 
  3897s: Performance info:
         Transaction,    Success,    Partial,     Failed,   Receipts, AvgBarcode, 
             Overall,     374955,          0,          0,     356188,      59.48, 
         Response times:
             Request,    Success,    Partial,     Failed,   SkipFail,     Probes,    Samples,      min,      p50,      p90,      p95,      p99,      max, 
       TotalPurchase,     356188,          0,          0,          0,     345299,     414910,      300,     4300,     8200,    14300,    56000,   940000,
     InStorePurchase,     187484,          0,          0,          0,     182128,     218659,      300,     4200,     8200,    14300,    56000,   940000,
      OnlinePurchase,     131186,          0,          0,          0,     127229,     152801,      300,     4500,     8200,    14300,    53000,   940000,
        InstPurchase,      37518,          0,          0,          0,      35942,      43450,      400,     4000,     7800,    14700,    56000,   890000,
          AssocOfCat,        375,          0,          0,          0,        304,        431,    18900,    30000,    40000,    45000,    83000,   144000,
      AssocOfProduct,       3751,          0,          0,          0,       3417,       4290,      600,     6000,     9500,    14400,    49000,   111000,
      BusinessReport,        939,          0,          0,          0,        809,       1078,    19700,    35000,    56000,    75000,   143000,   920000,
          CustBuyBeh,       3751,          0,          0,          0,       3477,       4396,      200,     3500,     7900,    14000,    56000,   106000,
       ProductReturn,       9951,          0,          0,          0,       9409,      11609,      200,     4000,     7700,    13500,    52000,   880000,

  3897s: (46%)   IR =   6365 [3897.925s][info][gc,start       ] GC(774) Pause Young (Allocation Failure)
[3897.988s][info][gc,heap        ] GC(774) PSYoungGen: 2470400K(2631680K)->141893K(2631680K) Eden: 2470400K(2470400K)->0K(2470400K) From: 0K(161280K)->141893K(161280K)
[3897.988s][info][gc,heap        ] GC(774) ParOldGen: 1414631K(1636864K)->1414631K(1636864K)
[3897.988s][info][gc,metaspace   ] GC(774) Metaspace: 29102K(29504K)->29102K(29504K) NonClass: 24212K(24384K)->24212K(24384K) Class: 4889K(5120K)->4889K(5120K)
[3897.988s][info][gc             ] GC(774) Pause Young (Allocation Failure) 3793M->1520M(4168M) 63.867ms
[3897.988s][info][gc,cpu         ] GC(774) User=0.38s Sys=0.00s Real=0.06s
...[3901.020s][info][gc,start       ] GC(775) Pause Young (Allocation Failure)
[3901.115s][info][gc,heap        ] GC(775) PSYoungGen: 2612293K(2631680K)->144703K(2632704K) Eden: 2470400K(2470400K)->0K(2474496K) From: 141893K(161280K)->144703K(158208K)
[3901.115s][info][gc,heap        ] GC(775) ParOldGen: 1414631K(1636864K)->1509452K(1636864K)
[3901.115s][info][gc,metaspace   ] GC(775) Metaspace: 29102K(29504K)->29102K(29504K) NonClass: 24212K(24384K)->24212K(24384K) Class: 4889K(5120K)->4889K(5120K)
[3901.115s][info][gc             ] GC(775) Pause Young (Allocation Failure) 3932M->1615M(4169M) 95.180ms
[3901.115s][info][gc,cpu         ] GC(775) User=0.57s Sys=0.00s Real=0.09s
.|..[3904.244s][info][gc,start       ] GC(776) Pause Young (Allocation Failure)
[3904.336s][info][gc,heap        ] GC(776) PSYoungGen: 2619199K(2632704K)->143872K(2633216K) Eden: 2474496K(2474496K)->0K(2474496K) From: 144703K(158208K)->143872K(158720K)
[3904.336s][info][gc,heap        ] GC(776) ParOldGen: 1509452K(1636864K)->1598604K(1636864K)
[3904.336s][info][gc,metaspace   ] GC(776) Metaspace: 29102K(29504K)->29102K(29504K) NonClass: 24212K(24384K)->24212K(24384K) Class: 4889K(5120K)->4889K(5120K)
[3904.336s][info][gc             ] GC(776) Pause Young (Allocation Failure) 4031M->1701M(4170M) 92.225ms
[3904.336s][info][gc,cpu         ] GC(776) User=0.55s Sys=0.00s Real=0.09s
...[3907.436s][info][gc,start       ] GC(777) Pause Young (Allocation Failure)
[3907.532s][info][gc,heap        ] GC(777) PSYoungGen: 2618368K(2633216K)->145248K(2636800K) Eden: 2474496K(2474496K)->0K(2479616K) From: 143872K(158720K)->145248K(157184K)
[3907.532s][info][gc,heap        ] GC(777) ParOldGen: 1598604K(1636864K)->1692156K(1692160K)
[3907.532s][info][gc,metaspace   ] GC(777) Metaspace: 29102K(29504K)->29102K(29504K) NonClass: 24212K(24384K)->24212K(24384K) Class: 4889K(5120K)->4889K(5120K)
[3907.532s][info][gc             ] GC(777) Pause Young (Allocation Failure) 4118M->1794M(4227M) 96.417ms
[3907.532s][info][gc,cpu         ] GC(777) User=0.56s Sys=0.02s Real=0.10s
....[3910.655s][info][gc,start       ] GC(778) Pause Young (Allocation Failure)
[3910.750s][info][gc,heap        ] GC(778) PSYoungGen: 2624864K(2636800K)->137760K(2636288K) Eden: 2479616K(2479616K)->0K(2479616K) From: 145248K(157184K)->137760K(156672K)
[3910.750s][info][gc,heap        ] GC(778) ParOldGen: 1692156K(1692160K)->1783508K(1783808K)
[3910.750s][info][gc,metaspace   ] GC(778) Metaspace: 29102K(29504K)->29102K(29504K) NonClass: 24212K(24384K)->24212K(24384K) Class: 4889K(5120K)->4889K(5120K)
[3910.750s][info][gc             ] GC(778) Pause Young (Allocation Failure) 4215M->1876M(4316M) 95.572ms
[3910.750s][info][gc,cpu         ] GC(778) User=0.54s Sys=0.03s Real=0.10s
...[3913.804s][info][gc,start       ] GC(779) Pause Young (Allocation Failure)
[3913.903s][info][gc,heap        ] GC(779) PSYoungGen: 2617376K(2636288K)->146660K(2638336K) Eden: 2479616K(2479616K)->0K(2482176K) From: 137760K(156672K)->146660K(156160K)
[3913.903s][info][gc,heap        ] GC(779) ParOldGen: 1783508K(1783808K)->1875924K(1875968K)
[3913.903s][info][gc,metaspace   ] GC(779) Metaspace: 29102K(29504K)->29102K(29504K) NonClass: 24212K(24384K)->24212K(24384K) Class: 4889K(5120K)->4889K(5120K)
[3913.903s][info][gc             ] GC(779) Pause Young (Allocation Failure) 4297M->1975M(4408M) 99.067ms
[3913.903s][info][gc,cpu         ] GC(779) User=0.57s Sys=0.02s Real=0.10s
...[3916.939s][info][gc,start       ] GC(780) Pause Young (Allocation Failure)
[3917.036s][info][gc,heap        ] GC(780) PSYoungGen: 2628836K(2638336K)->143029K(2638336K) Eden: 2482176K(2482176K)->0K(2482176K) From: 146660K(156160K)->143029K(156160K)
[3917.036s][info][gc,heap        ] GC(780) ParOldGen: 1875924K(1875968K)->1967060K(1967104K)
[3917.036s][info][gc,metaspace   ] GC(780) Metaspace: 29102K(29504K)->29102K(29504K) NonClass: 24212K(24384K)->24212K(24384K) Class: 4889K(5120K)->4889K(5120K)
[3917.036s][info][gc             ] GC(780) Pause Young (Allocation Failure) 4399M->2060M(4497M) 96.452ms
[3917.036s][info][gc,cpu         ] GC(780) User=0.54s Sys=0.03s Real=0.10s
...[3920.133s][info][gc,start       ] GC(781) Pause Young (Allocation Failure)
[3920.229s][info][gc,heap        ] GC(781) PSYoungGen: 2625205K(2638336K)->140704K(2639360K) Eden: 2482176K(2482176K)->0K(2484224K) From: 143029K(156160K)->140704K(155136K)
[3920.229s][info][gc,heap        ] GC(781) ParOldGen: 1967060K(1967104K)->2057436K(2057728K)
[3920.229s][info][gc,metaspace   ] GC(781) Metaspace: 29102K(29504K)->29102K(29504K) NonClass: 24212K(24384K)->24212K(24384K) Class: 4889K(5120K)->4889K(5120K)
[3920.229s][info][gc             ] GC(781) Pause Young (Allocation Failure) 4484M->2146M(4587M) 96.052ms
[3920.229s][info][gc,cpu         ] GC(781) User=0.53s Sys=0.03s Real=0.09s
...[3923.315s][info][gc,start       ] GC(782) Pause Young (Allocation Failure)
[3923.412s][info][gc,heap        ] GC(782) PSYoungGen: 2624928K(2639360K)->143264K(2638848K) Eden: 2484224K(2484224K)->0K(2484224K) From: 140704K(155136K)->143264K(154624K)
[3923.412s][info][gc,heap        ] GC(782) ParOldGen: 2057436K(2057728K)->2150044K(2150400K)
[3923.412s][info][gc,metaspace   ] GC(782) Metaspace: 29102K(29504K)->29102K(29504K) NonClass: 24212K(24384K)->24212K(24384K) Class: 4889K(5120K)->4889K(5120K)
[3923.412s][info][gc             ] GC(782) Pause Young (Allocation Failure) 4572M->2239M(4677M) 97.326ms
[3923.412s][info][gc,cpu         ] GC(782) User=0.55s Sys=0.03s Real=0.10s
...[3926.432s][info][gc,start       ] GC(783) Pause Young (Allocation Failure)
[3926.528s][info][gc,heap        ] GC(783) PSYoungGen: 2627488K(2638848K)->140512K(2640384K) Eden: 2484224K(2484224K)->0K(2486784K) From: 143264K(154624K)->140512K(153600K)
[3926.528s][info][gc,heap        ] GC(783) ParOldGen: 2150044K(2150400K)->2242252K(2242560K)
[3926.528s][info][gc,metaspace   ] GC(783) Metaspace: 29102K(29504K)->29102K(29504K) NonClass: 24212K(24384K)->24212K(24384K) Class: 4889K(5120K)->4889K(5120K)
[3926.528s][info][gc             ] GC(783) Pause Young (Allocation Failure) 4665M->2326M(4768M) 96.436ms
[3926.528s][info][gc,cpu         ] GC(783) User=0.55s Sys=0.03s Real=0.09s
....[3929.668s][info][gc,start       ] GC(784) Pause Young (Allocation Failure)
[3929.763s][info][gc,heap        ] GC(784) PSYoungGen: 2627296K(2640384K)->139936K(2639872K) Eden: 2486784K(2486784K)->0K(2486784K) From: 140512K(153600K)->139936K(153088K)
[3929.763s][info][gc,heap        ] GC(784) ParOldGen: 2242252K(2242560K)->2331468K(2331648K)
[3929.763s][info][gc,metaspace   ] GC(784) Metaspace: 29102K(29504K)->29102K(29504K) NonClass: 24212K(24384K)->24212K(24384K) Class: 4889K(5120K)->4889K(5120K)
[3929.763s][info][gc             ] GC(784) Pause Young (Allocation Failure) 4755M->2413M(4855M) 94.573ms
[3929.763s][info][gc,cpu         ] GC(784) User=0.53s Sys=0.03s Real=0.10s
...[3932.838s][info][gc,start       ] GC(785) Pause Young (Allocation Failure)
[3932.935s][info][gc,heap        ] GC(785) PSYoungGen: 2626720K(2639872K)->138368K(2641920K) Eden: 2486784K(2486784K)->0K(2489344K) From: 139936K(153088K)->138368K(152576K)
[3932.935s][info][gc,heap        ] GC(785) ParOldGen: 2331468K(2331648K)->2425492K(2425856K)
[3932.935s][info][gc,metaspace   ] GC(785) Metaspace: 29102K(29504K)->29102K(29504K) NonClass: 24212K(24384K)->24212K(24384K) Class: 4889K(5120K)->4889K(5120K)
[3932.935s][info][gc             ] GC(785) Pause Young (Allocation Failure) 4841M->2503M(4949M) 96.786ms
[3932.935s][info][gc,cpu         ] GC(785) User=0.54s Sys=0.02s Real=0.10s
...[3936.061s][info][gc,start       ] GC(786) Pause Young (Allocation Failure)
[3936.160s][info][gc,heap        ] GC(786) PSYoungGen: 2627712K(2641920K)->147648K(2641920K) Eden: 2489344K(2489344K)->0K(2489344K) From: 138368K(152576K)->147648K(152576K)
[3936.160s][info][gc,heap        ] GC(786) ParOldGen: 2425492K(2425856K)->2515996K(2516480K)
[3936.160s][info][gc,metaspace   ] GC(786) Metaspace: 29102K(29504K)->29102K(29504K) NonClass: 24212K(24384K)->24212K(24384K) Class: 4889K(5120K)->4889K(5120K)
[3936.160s][info][gc             ] GC(786) Pause Young (Allocation Failure) 4934M->2601M(5037M) 99.032ms
[3936.160s][info][gc,cpu         ] GC(786) User=0.56s Sys=0.03s Real=0.10s
...[3939.245s][info][gc,start       ] GC(787) Pause Young (Allocation Failure)
[3939.343s][info][gc,heap        ] GC(787) PSYoungGen: 2636992K(2641920K)->143392K(2642432K) Eden: 2489344K(2489344K)->0K(2489856K) From: 147648K(152576K)->143392K(152576K)
[3939.343s][info][gc,heap        ] GC(787) ParOldGen: 2515996K(2516480K)->2608644K(2609152K)
[3939.343s][info][gc,metaspace   ] GC(787) Metaspace: 29102K(29504K)->29102K(29504K) NonClass: 24212K(24384K)->24212K(24384K) Class: 4889K(5120K)->4889K(5120K)
[3939.343s][info][gc             ] GC(787) Pause Young (Allocation Failure) 5032M->2687M(5128M) 98.193ms
[3939.343s][info][gc,cpu         ] GC(787) User=0.57s Sys=0.01s Real=0.10s
...[3942.429s][info][gc,start       ] GC(788) Pause Young (Allocation Failure)
[3942.528s][info][gc,heap        ] GC(788) PSYoungGen: 2633248K(2642432K)->145590K(2642432K) Eden: 2489856K(2489856K)->0K(2489856K) From: 143392K(152576K)->145590K(152576K)
[3942.528s][info][gc,heap        ] GC(788) ParOldGen: 2608644K(2609152K)->2701188K(2701312K)
[3942.528s][info][gc,metaspace   ] GC(788) Metaspace: 29102K(29504K)->29102K(29504K) NonClass: 24212K(24384K)->24212K(24384K) Class: 4889K(5120K)->4889K(5120K)
[3942.528s][info][gc             ] GC(788) Pause Young (Allocation Failure) 5119M->2780M(5218M) 99.107ms
[3942.528s][info][gc,cpu         ] GC(788) User=0.57s Sys=0.02s Real=0.10s
...[3945.530s][info][gc,start       ] GC(789) Pause Young (Allocation Failure)
[3945.625s][info][gc,heap        ] GC(789) PSYoungGen: 2635446K(2642432K)->134272K(2642432K) Eden: 2489856K(2489856K)->0K(2489856K) From: 145590K(152576K)->134272K(152576K)
[3945.625s][info][gc,heap        ] GC(789) ParOldGen: 2701188K(2701312K)->2794148K(2794496K)
[3945.625s][info][gc,metaspace   ] GC(789) Metaspace: 29102K(29504K)->29102K(29504K) NonClass: 24212K(24384K)->24212K(24384K) Class: 4889K(5120K)->4889K(5120K)
[3945.625s][info][gc             ] GC(789) Pause Young (Allocation Failure) 5211M->2859M(5309M) 94.914ms
[3945.625s][info][gc,cpu         ] GC(789) User=0.54s Sys=0.02s Real=0.09s
....[3948.775s][info][gc,start       ] GC(790) Pause Young (Allocation Failure)
[3948.873s][info][gc,heap        ] GC(790) PSYoungGen: 2624128K(2642432K)->143701K(2642944K) Eden: 2489856K(2489856K)->0K(2489856K) From: 134272K(152576K)->143701K(153088K)
[3948.873s][info][gc,heap        ] GC(790) ParOldGen: 2794148K(2794496K)->2884516K(2884608K)
[3948.873s][info][gc,metaspace   ] GC(790) Metaspace: 29102K(29504K)->29102K(29504K) NonClass: 24212K(24384K)->24212K(24384K) Class: 4889K(5120K)->4889K(5120K)
[3948.873s][info][gc             ] GC(790) Pause Young (Allocation Failure) 5291M->2957M(5398M) 98.804ms
[3948.873s][info][gc,cpu         ] GC(790) User=0.56s Sys=0.02s Real=0.10s
...[3951.987s][info][gc,start       ] GC(791) Pause Young (Allocation Failure)
[3952.084s][info][gc,heap        ] GC(791) PSYoungGen: 2633557K(2642944K)->140960K(2641920K) Eden: 2489856K(2489856K)->0K(2490368K) From: 143701K(153088K)->140960K(151552K)
[3952.084s][info][gc,heap        ] GC(791) ParOldGen: 2884516K(2884608K)->2976564K(2976768K)
[3952.084s][info][gc,metaspace   ] GC(791) Metaspace: 29102K(29504K)->29102K(29504K) NonClass: 24212K(24384K)->24212K(24384K) Class: 4889K(5120K)->4889K(5120K)
[3952.084s][info][gc             ] GC(791) Pause Young (Allocation Failure) 5388M->3044M(5487M) 96.845ms
[3952.084s][info][gc,cpu         ] GC(791) User=0.54s Sys=0.03s Real=0.10s
...[3955.144s][info][gc,start       ] GC(792) Pause Young (Allocation Failure)
[3955.243s][info][gc,heap        ] GC(792) PSYoungGen: 2631328K(2641920K)->143824K(2642432K) Eden: 2490368K(2490368K)->0K(2490368K) From: 140960K(151552K)->143824K(152064K)
[3955.243s][info][gc,heap        ] GC(792) ParOldGen: 2976564K(2976768K)->3069260K(3069440K)
[3955.243s][info][gc,metaspace   ] GC(792) Metaspace: 29102K(29504K)->29102K(29504K) NonClass: 24212K(24384K)->24212K(24384K) Class: 4889K(5120K)->4889K(5120K)
[3955.243s][info][gc             ] GC(792) Pause Young (Allocation Failure) 5476M->3137M(5578M) 98.832ms
[3955.243s][info][gc,cpu         ] GC(792) User=0.56s Sys=0.03s Real=0.10s
...[3958.285s][info][gc,start       ] GC(793) Pause Young (Allocation Failure)
[3958.386s][info][gc,heap        ] GC(793) PSYoungGen: 2634192K(2642432K)->146084K(2643456K) Eden: 2490368K(2490368K)->0K(2491904K) From: 143824K(152064K)->146084K(151552K)
[3958.386s][info][gc,heap        ] GC(793) ParOldGen: 3069260K(3069440K)->3161388K(3161600K)
[3958.386s][info][gc,metaspace   ] GC(793) Metaspace: 29102K(29504K)->29102K(29504K) NonClass: 24212K(24384K)->24212K(24384K) Class: 4889K(5120K)->4889K(5120K)
[3958.386s][info][gc             ] GC(793) Pause Young (Allocation Failure) 5569M->3229M(5669M) 100.941ms
[3958.386s][info][gc,cpu         ] GC(793) User=0.58s Sys=0.02s Real=0.10s
...[3961.518s][info][gc,start       ] GC(794) Pause Young (Allocation Failure)
[3961.619s][info][gc,heap        ] GC(794) PSYoungGen: 2637988K(2643456K)->145504K(2643968K) Eden: 2491904K(2491904K)->0K(2491904K) From: 146084K(151552K)->145504K(152064K)
[3961.619s][info][gc,heap        ] GC(794) ParOldGen: 3161388K(3161600K)->3252476K(3252736K)
[3961.619s][info][gc,metaspace   ] GC(794) Metaspace: 29102K(29504K)->29102K(29504K) NonClass: 24212K(24384K)->24212K(24384K) Class: 4889K(5120K)->4889K(5120K)
[3961.619s][info][gc             ] GC(794) Pause Young (Allocation Failure) 5663M->3318M(5758M) 100.602ms
[3961.619s][info][gc,cpu         ] GC(794) User=0.56s Sys=0.03s Real=0.10s
. (rIR:aIR:PR = 6365:6364:6364) (tPR = 95055) [OK] 
  3961s: Performance info:
         Transaction,    Success,    Partial,     Failed,   Receipts, AvgBarcode, 
             Overall,     382569,          0,          0,     363412,      59.48, 
         Response times:
             Request,    Success,    Partial,     Failed,   SkipFail,     Probes,    Samples,      min,      p50,      p90,      p95,      p99,      max, 
       TotalPurchase,     363412,          0,          0,          0,     358985,     382283,      200,     4400,     8200,    12100,    44000,   152000,
     InStorePurchase,     191231,          0,          0,          0,     189702,     201528,      200,     4300,     8100,    11800,    43000,   152000,
      OnlinePurchase,     133940,          0,          0,          0,     132098,     140883,      300,     4600,     8300,    12600,    46000,   148000,
        InstPurchase,      38241,          0,          0,          0,      37185,      39872,      400,     4600,     8100,    11900,    45000,   137000,
          AssocOfCat,        381,          0,          0,          0,        311,        411,    19600,    32000,    42800,    52400,    99280,   127000,
      AssocOfProduct,       3832,          0,          0,          0,       3546,       3954,      900,     4500,     8400,    14225,    43450,   118000,
      BusinessReport,        956,          0,          0,          0,        838,       1006,    23000,    35000,    53000,    62000,   142580,   177000,
          CustBuyBeh,       3837,          0,          0,          0,       3572,       3964,      200,     4500,     8000,    11800,    38000,   115000,
       ProductReturn,      10151,          0,          0,          0,       9761,      10760,      300,     4600,     8300,    13200,    47000,   137000,

  3961s: (47%)   IR =   6503 ..[3964.652s][info][gc,start       ] GC(795) Pause Young (Allocation Failure)
[3964.752s][info][gc,heap        ] GC(795) PSYoungGen: 2637408K(2643968K)->145136K(2643968K) Eden: 2491904K(2491904K)->0K(2491904K) From: 145504K(152064K)->145136K(152064K)
[3964.752s][info][gc,heap        ] GC(795) ParOldGen: 3252476K(3252736K)->3345012K(3345408K)
[3964.752s][info][gc,metaspace   ] GC(795) Metaspace: 29102K(29504K)->29102K(29504K) NonClass: 24212K(24384K)->24212K(24384K) Class: 4889K(5120K)->4889K(5120K)
[3964.752s][info][gc             ] GC(795) Pause Young (Allocation Failure) 5751M->3408M(5849M) 100.594ms
[3964.753s][info][gc,cpu         ] GC(795) User=0.57s Sys=0.03s Real=0.10s
...[3967.772s][info][gc,start       ] GC(796) Pause Young (Allocation Failure)
[3967.873s][info][gc,heap        ] GC(796) PSYoungGen: 2637040K(2643968K)->147609K(2639872K) Eden: 2491904K(2491904K)->0K(2491904K) From: 145136K(152064K)->147609K(147968K)
[3967.873s][info][gc,heap        ] GC(796) ParOldGen: 3345012K(3345408K)->3437572K(3438080K)
[3967.873s][info][gc,metaspace   ] GC(796) Metaspace: 29102K(29504K)->29102K(29504K) NonClass: 24212K(24384K)->24212K(24384K) Class: 4889K(5120K)->4889K(5120K)
[3967.873s][info][gc             ] GC(796) Pause Young (Allocation Failure) 5841M->3501M(5935M) 100.990ms
[3967.873s][info][gc,cpu         ] GC(796) User=0.57s Sys=0.03s Real=0.10s
....|[3970.931s][info][gc,start       ] GC(797) Pause Young (Allocation Failure)
[3971.030s][info][gc,heap        ] GC(797) PSYoungGen: 2639513K(2639872K)->144160K(2643968K) Eden: 2491904K(2491904K)->0K(2491392K) From: 147609K(147968K)->144160K(152576K)
[3971.030s][info][gc,heap        ] GC(797) ParOldGen: 3437572K(3438080K)->3529268K(3529728K)
[3971.030s][info][gc,metaspace   ] GC(797) Metaspace: 29102K(29504K)->29102K(29504K) NonClass: 24212K(24384K)->24212K(24384K) Class: 4889K(5120K)->4889K(5120K)
[3971.030s][info][gc             ] GC(797) Pause Young (Allocation Failure) 5934M->3587M(6029M) 98.683ms
[3971.030s][info][gc,cpu         ] GC(797) User=0.56s Sys=0.03s Real=0.10s
...[3974.029s][info][gc,start       ] GC(798) Pause Young (Allocation Failure)
[3974.127s][info][gc,heap        ] GC(798) PSYoungGen: 2635552K(2643968K)->139584K(2643456K) Eden: 2491392K(2491392K)->0K(2491392K) From: 144160K(152576K)->139584K(152064K)
[3974.127s][info][gc,heap        ] GC(798) ParOldGen: 3529268K(3529728K)->3621708K(3621888K)
[3974.127s][info][gc,metaspace   ] GC(798) Metaspace: 29102K(29504K)->29102K(29504K) NonClass: 24212K(24384K)->24212K(24384K) Class: 4889K(5120K)->4889K(5120K)
[3974.127s][info][gc             ] GC(798) Pause Young (Allocation Failure) 6020M->3673M(6118M) 97.916ms
[3974.127s][info][gc,cpu         ] GC(798) User=0.55s Sys=0.03s Real=0.10s
...[3977.137s][info][gc,start       ] GC(799) Pause Young (Allocation Failure)
[3977.235s][info][gc,heap        ] GC(799) PSYoungGen: 2630976K(2643456K)->141152K(2643456K) Eden: 2491392K(2491392K)->0K(2491904K) From: 139584K(152064K)->141152K(151552K)
[3977.235s][info][gc,heap        ] GC(799) ParOldGen: 3621708K(3621888K)->3713628K(3714048K)
[3977.235s][info][gc,metaspace   ] GC(799) Metaspace: 29102K(29504K)->29102K(29504K) NonClass: 24212K(24384K)->24212K(24384K) Class: 4889K(5120K)->4889K(5120K)
[3977.235s][info][gc             ] GC(799) Pause Young (Allocation Failure) 6106M->3764M(6208M) 98.082ms
[3977.235s][info][gc,cpu         ] GC(799) User=0.55s Sys=0.03s Real=0.10s
...[3980.262s][info][gc,start       ] GC(800) Pause Young (Allocation Failure)
[3980.362s][info][gc,heap        ] GC(800) PSYoungGen: 2633056K(2643456K)->145504K(2643456K) Eden: 2491904K(2491904K)->0K(2491904K) From: 141152K(151552K)->145504K(151552K)
[3980.362s][info][gc,heap        ] GC(800) ParOldGen: 3713628K(3714048K)->3806172K(3806208K)
[3980.362s][info][gc,metaspace   ] GC(800) Metaspace: 29102K(29504K)->29102K(29504K) NonClass: 24212K(24384K)->24212K(24384K) Class: 4889K(5120K)->4889K(5120K)
[3980.362s][info][gc             ] GC(800) Pause Young (Allocation Failure) 6197M->3859M(6298M) 99.698ms
[3980.362s][info][gc,cpu         ] GC(800) User=0.57s Sys=0.03s Real=0.10s
...[3983.377s][info][gc,start       ] GC(801) Pause Young (Allocation Failure)
[3983.486s][info][gc,heap        ] GC(801) PSYoungGen: 2637408K(2643456K)->151534K(2568704K) Eden: 2491904K(2491904K)->0K(2417152K) From: 145504K(151552K)->151534K(151552K)
[3983.486s][info][gc,heap        ] GC(801) ParOldGen: 3806172K(3806208K)->3902244K(3902464K)
[3983.486s][info][gc,metaspace   ] GC(801) Metaspace: 29102K(29504K)->29102K(29504K) NonClass: 24212K(24384K)->24212K(24384K) Class: 4889K(5120K)->4889K(5120K)
[3983.486s][info][gc             ] GC(801) Pause Young (Allocation Failure) 6292M->3958M(6319M) 108.870ms
[3983.486s][info][gc,cpu         ] GC(801) User=0.61s Sys=0.04s Real=0.11s
...[3986.462s][info][gc,start       ] GC(802) Pause Young (Allocation Failure)
[3986.568s][info][gc,heap        ] GC(802) PSYoungGen: 2568686K(2568704K)->154986K(2606592K) Eden: 2417152K(2417152K)->0K(2417152K) From: 151534K(151552K)->154986K(189440K)
[3986.568s][info][gc,heap        ] GC(802) ParOldGen: 3902244K(3902464K)->3993852K(3994112K)
[3986.568s][info][gc,metaspace   ] GC(802) Metaspace: 29102K(29504K)->29102K(29504K) NonClass: 24212K(24384K)->24212K(24384K) Class: 4889K(5120K)->4889K(5120K)
[3986.568s][info][gc             ] GC(802) Pause Young (Allocation Failure) 6319M->4051M(6446M) 106.023ms
[3986.568s][info][gc,cpu         ] GC(802) User=0.60s Sys=0.03s Real=0.10s
...[3989.451s][info][gc,start       ] GC(803) Pause Young (Allocation Failure)
[3989.549s][info][gc,heap        ] GC(803) PSYoungGen: 2572138K(2606592K)->140128K(2601472K) Eden: 2417152K(2417152K)->0K(2420224K) From: 154986K(189440K)->140128K(181248K)
[3989.549s][info][gc,heap        ] GC(803) ParOldGen: 3993852K(3994112K)->4085916K(4086272K)
[3989.549s][info][gc,metaspace   ] GC(803) Metaspace: 29102K(29504K)->29102K(29504K) NonClass: 24212K(24384K)->24212K(24384K) Class: 4889K(5120K)->4889K(5120K)
[3989.549s][info][gc             ] GC(803) Pause Young (Allocation Failure) 6412M->4126M(6531M) 98.770ms
[3989.549s][info][gc,cpu         ] GC(803) User=0.57s Sys=0.02s Real=0.09s
...[3992.452s][info][gc,start       ] GC(804) Pause Young (Allocation Failure)
[3992.549s][info][gc,heap        ] GC(804) PSYoungGen: 2560352K(2601472K)->141152K(2605568K) Eden: 2420224K(2420224K)->0K(2420224K) From: 140128K(181248K)->141152K(185344K)
[3992.549s][info][gc,heap        ] GC(804) ParOldGen: 4085916K(4086272K)->4176324K(4176384K)
[3992.549s][info][gc,metaspace   ] GC(804) Metaspace: 29102K(29504K)->29102K(29504K) NonClass: 24212K(24384K)->24212K(24384K) Class: 4889K(5120K)->4889K(5120K)
[3992.549s][info][gc             ] GC(804) Pause Young (Allocation Failure) 6490M->4216M(6623M) 96.826ms
[3992.549s][info][gc,cpu         ] GC(804) User=0.55s Sys=0.02s Real=0.09s
...[3995.481s][info][gc,start       ] GC(805) Pause Young (Allocation Failure)
[3995.579s][info][gc,heap        ] GC(805) PSYoungGen: 2561376K(2605568K)->140672K(2607104K) Eden: 2420224K(2420224K)->0K(2426880K) From: 141152K(185344K)->140672K(180224K)
[3995.579s][info][gc,heap        ] GC(805) ParOldGen: 4176324K(4176384K)->4266740K(4267008K)
[3995.579s][info][gc,metaspace   ] GC(805) Metaspace: 29102K(29504K)->29102K(29504K) NonClass: 24212K(24384K)->24212K(24384K) Class: 4889K(5120K)->4889K(5120K)
[3995.579s][info][gc             ] GC(805) Pause Young (Allocation Failure) 6579M->4304M(6713M) 97.686ms
[3995.579s][info][gc,cpu         ] GC(805) User=0.56s Sys=0.02s Real=0.09s
...[3998.524s][info][gc,start       ] GC(806) Pause Young (Allocation Failure)
[3998.619s][info][gc,heap        ] GC(806) PSYoungGen: 2567552K(2607104K)->133600K(2609664K) Eden: 2426880K(2426880K)->0K(2426880K) From: 140672K(180224K)->133600K(182784K)
[3998.619s][info][gc,heap        ] GC(806) ParOldGen: 4266740K(4267008K)->4357684K(4358144K)
[3998.619s][info][gc,metaspace   ] GC(806) Metaspace: 29102K(29504K)->29102K(29504K) NonClass: 24212K(24384K)->24212K(24384K) Class: 4889K(5120K)->4889K(5120K)
[3998.619s][info][gc             ] GC(806) Pause Young (Allocation Failure) 6674M->4386M(6804M) 95.184ms
[3998.619s][info][gc,cpu         ] GC(806) User=0.52s Sys=0.02s Real=0.09s
...[4001.569s][info][gc,start       ] GC(807) Pause Young (Allocation Failure)
[4001.665s][info][gc,heap        ] GC(807) PSYoungGen: 2560480K(2609664K)->133696K(2610688K) Eden: 2426880K(2426880K)->0K(2430976K) From: 133600K(182784K)->133696K(179712K)
[4001.665s][info][gc,heap        ] GC(807) ParOldGen: 4357684K(4358144K)->4448276K(4448768K)
[4001.665s][info][gc,metaspace   ] GC(807) Metaspace: 29102K(29504K)->29102K(29504K) NonClass: 24212K(24384K)->24212K(24384K) Class: 4889K(5120K)->4889K(5120K)
[4001.665s][info][gc             ] GC(807) Pause Young (Allocation Failure) 6756M->4474M(6894M) 96.415ms
[4001.665s][info][gc,cpu         ] GC(807) User=0.53s Sys=0.03s Real=0.10s
...[4004.570s][info][gc,start       ] GC(808) Pause Young (Allocation Failure)
[4004.668s][info][gc,heap        ] GC(808) PSYoungGen: 2564672K(2610688K)->134578K(2612224K) Eden: 2430976K(2430976K)->0K(2430976K) From: 133696K(179712K)->134578K(181248K)
[4004.668s][info][gc,heap        ] GC(808) ParOldGen: 4448276K(4448768K)->4539252K(4539392K)
[4004.668s][info][gc,metaspace   ] GC(808) Metaspace: 29102K(29504K)->29102K(29504K) NonClass: 24212K(24384K)->24212K(24384K) Class: 4889K(5120K)->4889K(5120K)
[4004.668s][info][gc             ] GC(808) Pause Young (Allocation Failure) 6848M->4564M(6984M) 97.670ms
[4004.668s][info][gc,cpu         ] GC(808) User=0.55s Sys=0.02s Real=0.09s
...[4007.618s][info][gc,start       ] GC(809) Pause Young (Allocation Failure)
[4007.719s][info][gc,heap        ] GC(809) PSYoungGen: 2565554K(2612224K)->142704K(2608128K) Eden: 2430976K(2430976K)->0K(2434560K) From: 134578K(181248K)->142704K(173568K)
[4007.719s][info][gc,heap        ] GC(809) ParOldGen: 4539252K(4539392K)->4629404K(4629504K)
[4007.719s][info][gc,metaspace   ] GC(809) Metaspace: 29102K(29504K)->29102K(29504K) NonClass: 24212K(24384K)->24212K(24384K) Class: 4889K(5120K)->4889K(5120K)
[4007.719s][info][gc             ] GC(809) Pause Young (Allocation Failure) 6938M->4660M(7068M) 100.939ms
[4007.719s][info][gc,cpu         ] GC(809) User=0.56s Sys=0.03s Real=0.10s
...[4010.720s][info][gc,start       ] GC(810) Pause Young (Allocation Failure)
[4010.819s][info][gc,heap        ] GC(810) PSYoungGen: 2577264K(2608128K)->142496K(2611712K) Eden: 2434560K(2434560K)->0K(2434560K) From: 142704K(173568K)->142496K(177152K)
[4010.819s][info][gc,heap        ] GC(810) ParOldGen: 4629404K(4629504K)->4719124K(4719616K)
[4010.819s][info][gc,metaspace   ] GC(810) Metaspace: 29102K(29504K)->29102K(29504K) NonClass: 24212K(24384K)->24212K(24384K) Class: 4889K(5120K)->4889K(5120K)
[4010.819s][info][gc             ] GC(810) Pause Young (Allocation Failure) 7037M->4747M(7159M) 98.585ms
[4010.819s][info][gc,cpu         ] GC(810) User=0.56s Sys=0.02s Real=0.09s
...[4013.701s][info][gc,start       ] GC(811) Pause Young (Allocation Failure)
[4013.799s][info][gc,heap        ] GC(811) PSYoungGen: 2577056K(2611712K)->134711K(2615808K) Eden: 2434560K(2434560K)->0K(2444288K) From: 142496K(177152K)->134711K(171520K)
[4013.799s][info][gc,heap        ] GC(811) ParOldGen: 4719124K(4719616K)->4813828K(4814336K)
[4013.799s][info][gc,metaspace   ] GC(811) Metaspace: 29103K(29504K)->29103K(29504K) NonClass: 24213K(24384K)->24213K(24384K) Class: 4889K(5120K)->4889K(5120K)
[4013.799s][info][gc             ] GC(811) Pause Young (Allocation Failure) 7125M->4832M(7256M) 98.610ms
[4013.799s][info][gc,cpu         ] GC(811) User=0.54s Sys=0.03s Real=0.09s
...[4016.802s][info][gc,start       ] GC(812) Pause Young (Allocation Failure)
[4016.899s][info][gc,heap        ] GC(812) PSYoungGen: 2578999K(2615808K)->139072K(2617856K) Eden: 2444288K(2444288K)->0K(2444288K) From: 134711K(171520K)->139072K(173568K)
[4016.899s][info][gc,heap        ] GC(812) ParOldGen: 4813828K(4814336K)->4901372K(4901376K)
[4016.899s][info][gc,metaspace   ] GC(812) Metaspace: 29103K(29504K)->29103K(29504K) NonClass: 24213K(24384K)->24213K(24384K) Class: 4889K(5120K)->4889K(5120K)
[4016.899s][info][gc             ] GC(812) Pause Young (Allocation Failure) 7219M->4922M(7343M) 97.501ms
[4016.899s][info][gc,cpu         ] GC(812) User=0.54s Sys=0.03s Real=0.09s
...[4019.819s][info][gc,start       ] GC(813) Pause Young (Allocation Failure)
[4019.919s][info][gc,heap        ] GC(813) PSYoungGen: 2583360K(2617856K)->139305K(2618368K) Eden: 2444288K(2444288K)->0K(2450944K) From: 139072K(173568K)->139305K(167424K)
[4019.919s][info][gc,heap        ] GC(813) ParOldGen: 4901372K(4901376K)->4994556K(4994560K)
[4019.919s][info][gc,metaspace   ] GC(813) Metaspace: 29103K(29504K)->29103K(29504K) NonClass: 24213K(24384K)->24213K(24384K) Class: 4889K(5120K)->4889K(5120K)
[4019.919s][info][gc             ] GC(813) Pause Young (Allocation Failure) 7309M->5013M(7434M) 100.177ms
[4019.919s][info][gc,cpu         ] GC(813) User=0.56s Sys=0.03s Real=0.10s
...[4022.900s][info][gc,start       ] GC(814) Pause Young (Allocation Failure)
[4022.997s][info][gc,heap        ] GC(814) PSYoungGen: 2590249K(2618368K)->138880K(2620416K) Eden: 2450944K(2450944K)->0K(2450944K) From: 139305K(167424K)->138880K(169472K)
[4022.997s][info][gc,heap        ] GC(814) ParOldGen: 4994556K(4994560K)->5082908K(5083136K)
[4022.997s][info][gc,metaspace   ] GC(814) Metaspace: 29103K(29504K)->29103K(29504K) NonClass: 24213K(24384K)->24213K(24384K) Class: 4889K(5120K)->4889K(5120K)
[4022.997s][info][gc             ] GC(814) Pause Young (Allocation Failure) 7407M->5099M(7523M) 96.691ms
[4022.997s][info][gc,cpu         ] GC(814) User=0.55s Sys=0.03s Real=0.09s
....[4026.025s][info][gc,start       ] GC(815) Pause Young (Allocation Failure)
[4026.124s][info][gc,heap        ] GC(815) PSYoungGen: 2589824K(2620416K)->141664K(2620928K) Eden: 2450944K(2450944K)->0K(2458624K) From: 138880K(169472K)->141664K(162304K)
[4026.124s][info][gc,heap        ] GC(815) ParOldGen: 5082908K(5083136K)->5174292K(5174784K)
[4026.124s][info][gc,metaspace   ] GC(815) Metaspace: 29103K(29504K)->29103K(29504K) NonClass: 24213K(24384K)->24213K(24384K) Class: 4889K(5120K)->4889K(5120K)
[4026.124s][info][gc             ] GC(815) Pause Young (Allocation Failure) 7492M->5191M(7613M) 99.003ms
[4026.124s][info][gc,cpu         ] GC(815) User=0.56s Sys=0.03s Real=0.10s
...[4029.075s][info][gc,start       ] GC(816) Pause Young (Allocation Failure)
[4029.174s][info][gc,heap        ] GC(816) PSYoungGen: 2600288K(2620928K)->139392K(2624000K) Eden: 2458624K(2458624K)->0K(2458624K) From: 141664K(162304K)->139392K(165376K)
[4029.174s][info][gc,heap        ] GC(816) ParOldGen: 5174292K(5174784K)->5267164K(5267456K)
[4029.174s][info][gc,metaspace   ] GC(816) Metaspace: 29103K(29504K)->29103K(29504K) NonClass: 24213K(24384K)->24213K(24384K) Class: 4889K(5120K)->4889K(5120K)
[4029.174s][info][gc             ] GC(816) Pause Young (Allocation Failure) 7592M->5279M(7706M) 99.365ms
[4029.174s][info][gc,cpu         ] GC(816) User=0.56s Sys=0.03s Real=0.10s
.. (rIR:aIR:PR = 6503:6502:6502) (tPR = 96573) [OK] 
  4030s: Performance info:
         Transaction,    Success,    Partial,     Failed,   Receipts, AvgBarcode, 
             Overall,     391022,          0,          0,     371456,      59.47, 
         Response times:
             Request,    Success,    Partial,     Failed,   SkipFail,     Probes,    Samples,      min,      p50,      p90,      p95,      p99,      max, 
       TotalPurchase,     371461,          0,          0,          0,     361781,     416344,      300,     4500,     8600,    14100,    54000,   187000,
     InStorePurchase,     195523,          0,          0,          0,     190228,     218457,      300,     4500,     8500,    14000,    53000,   168000,
      OnlinePurchase,     136838,          0,          0,          0,     133252,     153370,      300,     4600,     8700,    14500,    55000,   187000,
        InstPurchase,      39100,          0,          0,          0,      38301,      44517,      400,     4400,     8600,    14100,    54000,   187000,
          AssocOfCat,        393,          0,          0,          0,        323,        450,    18700,    29000,    42000,    53450,   132000,   156000,
      AssocOfProduct,       3913,          0,          0,          0,       3669,       4437,      300,     4800,     8600,    12310,    49000,   150000,
      BusinessReport,        977,          0,          0,          0,        862,       1125,    21000,    36000,    54000,    64000,   149740,   189000,
          CustBuyBeh,       3910,          0,          0,          0,       3689,       4488,      500,     4500,     7500,    11755,    55220,   139000,
       ProductReturn,      10372,          0,          0,          0,      10002,      11845,      200,     4400,     8500,    14770,    56000,   149000,

  4030s: (48%)   IR =   6642 [4031.259s][info][gc,start       ] GC(817) Pause Full (Diagnostic Command)
[4031.259s][info][gc,phases,start] GC(817) Marking Phase
[4031.554s][info][gc,phases      ] GC(817) Marking Phase 295.645ms
[4031.554s][info][gc,phases,start] GC(817) Summary Phase
[4031.554s][info][gc,phases      ] GC(817) Summary Phase 0.083ms
[4031.554s][info][gc,phases,start] GC(817) Forward
[4031.744s][info][gc,phases      ] GC(817) Forward 190.040ms
[4031.744s][info][gc,phases,start] GC(817) Adjust Pointers
[4031.956s][info][gc,phases      ] GC(817) Adjust Pointers 211.952ms
[4031.956s][info][gc,phases,start] GC(817) Compaction Phase
[4032.119s][info][gc,phases      ] GC(817) Compaction Phase 162.266ms
[4032.121s][info][gc,phases,start] GC(817) Post Compact
[4032.127s][info][gc,phases      ] GC(817) Post Compact 6.146ms
[4032.128s][info][gc,heap        ] GC(817) PSYoungGen: 1885668K(2624000K)->0K(2624000K) Eden: 1746276K(2458624K)->0K(2458624K) From: 139392K(165376K)->0K(165376K)
[4032.128s][info][gc,heap        ] GC(817) ParOldGen: 5267164K(5267456K)->1149325K(5267456K)
[4032.128s][info][gc,metaspace   ] GC(817) Metaspace: 29103K(29504K)->29103K(29504K) NonClass: 24213K(24384K)->24213K(24384K) Class: 4889K(5120K)->4889K(5120K)
[4032.128s][info][gc             ] GC(817) Pause Full (Diagnostic Command) 6985M->1122M(7706M) 868.933ms
[4032.128s][info][gc,cpu         ] GC(817) User=4.50s Sys=0.00s Real=0.87s
...[4034.215s][info][gc,start       ] GC(818) Pause Young (Allocation Failure)
[4034.277s][info][gc,heap        ] GC(818) PSYoungGen: 2458624K(2624000K)->139552K(2626048K) Eden: 2458624K(2458624K)->0K(2466816K) From: 0K(165376K)->139552K(159232K)
[4034.277s][info][gc,heap        ] GC(818) ParOldGen: 1149325K(5267456K)->1149325K(5267456K)
[4034.277s][info][gc,metaspace   ] GC(818) Metaspace: 29103K(29504K)->29103K(29504K) NonClass: 24213K(24384K)->24213K(24384K) Class: 4889K(5120K)->4889K(5120K)
[4034.277s][info][gc             ] GC(818) Pause Young (Allocation Failure) 3523M->1258M(7708M) 61.684ms
[4034.277s][info][gc,cpu         ] GC(818) User=0.37s Sys=0.01s Real=0.06s
...[4037.225s][info][gc,start       ] GC(819) Pause Young (Allocation Failure)
[4037.317s][info][gc,heap        ] GC(819) PSYoungGen: 2606368K(2626048K)->143232K(2629120K) Eden: 2466816K(2466816K)->0K(2466816K) From: 139552K(159232K)->143232K(162304K)
[4037.317s][info][gc,heap        ] GC(819) ParOldGen: 1149325K(5267456K)->1240781K(5267456K)
[4037.317s][info][gc,metaspace   ] GC(819) Metaspace: 29103K(29504K)->29103K(29504K) NonClass: 24213K(24384K)->24213K(24384K) Class: 4889K(5120K)->4889K(5120K)
[4037.317s][info][gc             ] GC(819) Pause Young (Allocation Failure) 3667M->1351M(7711M) 92.516ms
[4037.317s][info][gc,cpu         ] GC(819) User=0.56s Sys=0.00s Real=0.09s
...[4040.322s][info][gc,start       ] GC(820) Pause Young (Allocation Failure)
[4040.418s][info][gc,heap        ] GC(820) PSYoungGen: 2610048K(2629120K)->150714K(2633216K) Eden: 2466816K(2466816K)->0K(2472448K) From: 143232K(162304K)->150714K(160768K)
[4040.418s][info][gc,heap        ] GC(820) ParOldGen: 1240781K(5267456K)->1330805K(5267456K)
[4040.418s][info][gc,metaspace   ] GC(820) Metaspace: 29103K(29504K)->29103K(29504K) NonClass: 24213K(24384K)->24213K(24384K) Class: 4889K(5120K)->4889K(5120K)
[4040.418s][info][gc             ] GC(820) Pause Young (Allocation Failure) 3760M->1446M(7715M) 96.271ms
[4040.418s][info][gc,cpu         ] GC(820) User=0.57s Sys=0.00s Real=0.09s
...[4043.382s][info][gc,start       ] GC(821) Pause Young (Allocation Failure)
[4043.479s][info][gc,heap        ] GC(821) PSYoungGen: 2623162K(2633216K)->147808K(2634240K) Eden: 2472448K(2472448K)->0K(2472448K) From: 150714K(160768K)->147808K(161792K)
[4043.479s][info][gc,heap        ] GC(821) ParOldGen: 1330805K(5267456K)->1423381K(5267456K)
[4043.479s][info][gc,metaspace   ] GC(821) Metaspace: 29103K(29504K)->29103K(29504K) NonClass: 24213K(24384K)->24213K(24384K) Class: 4889K(5120K)->4889K(5120K)
[4043.480s][info][gc             ] GC(821) Pause Young (Allocation Failure) 3861M->1534M(7716M) 97.553ms
[4043.480s][info][gc,cpu         ] GC(821) User=0.59s Sys=0.00s Real=0.10s
...[4046.416s][info][gc,start       ] GC(822) Pause Young (Allocation Failure)
[4046.512s][info][gc,heap        ] GC(822) PSYoungGen: 2620256K(2634240K)->150885K(2632192K) Eden: 2472448K(2472448K)->0K(2470400K) From: 147808K(161792K)->150885K(161792K)
[4046.512s][info][gc,heap        ] GC(822) ParOldGen: 1423381K(5267456K)->1515637K(5267456K)
[4046.512s][info][gc,metaspace   ] GC(822) Metaspace: 29103K(29504K)->29103K(29504K) NonClass: 24213K(24384K)->24213K(24384K) Class: 4889K(5120K)->4889K(5120K)
[4046.512s][info][gc             ] GC(822) Pause Young (Allocation Failure) 3948M->1627M(7714M) 96.378ms
[4046.512s][info][gc,cpu         ] GC(822) User=0.57s Sys=0.00s Real=0.10s
...[4049.471s][info][gc,start       ] GC(823) Pause Young (Allocation Failure)
[4049.566s][info][gc,heap        ] GC(823) PSYoungGen: 2621285K(2632192K)->149440K(2633216K) Eden: 2470400K(2470400K)->0K(2470400K) From: 150885K(161792K)->149440K(162816K)
[4049.566s][info][gc,heap        ] GC(823) ParOldGen: 1515637K(5267456K)->1607341K(5267456K)
[4049.566s][info][gc,metaspace   ] GC(823) Metaspace: 29103K(29504K)->29103K(29504K) NonClass: 24213K(24384K)->24213K(24384K) Class: 4889K(5120K)->4889K(5120K)
[4049.567s][info][gc             ] GC(823) Pause Young (Allocation Failure) 4039M->1715M(7715M) 95.684ms
[4049.567s][info][gc,cpu         ] GC(823) User=0.57s Sys=0.00s Real=0.09s
...[4052.434s][info][gc,start       ] GC(824) Pause Young (Allocation Failure)
[4052.530s][info][gc,heap        ] GC(824) PSYoungGen: 2619840K(2633216K)->146745K(2631168K) Eden: 2470400K(2470400K)->0K(2470400K) From: 149440K(162816K)->146745K(160768K)
[4052.530s][info][gc,heap        ] GC(824) ParOldGen: 1607341K(5267456K)->1700453K(5267456K)
[4052.530s][info][gc,metaspace   ] GC(824) Metaspace: 29103K(29504K)->29103K(29504K) NonClass: 24213K(24384K)->24213K(24384K) Class: 4889K(5120K)->4889K(5120K)
[4052.530s][info][gc             ] GC(824) Pause Young (Allocation Failure) 4128M->1803M(7713M) 96.795ms
[4052.530s][info][gc,cpu         ] GC(824) User=0.57s Sys=0.00s Real=0.10s
...|[4055.456s][info][gc,start       ] GC(825) Pause Young (Allocation Failure)
[4055.548s][info][gc,heap        ] GC(825) PSYoungGen: 2617145K(2631168K)->142144K(2632192K) Eden: 2470400K(2470400K)->0K(2470400K) From: 146745K(160768K)->142144K(161792K)
[4055.548s][info][gc,heap        ] GC(825) ParOldGen: 1700453K(5267456K)->1790077K(5267456K)
[4055.548s][info][gc,metaspace   ] GC(825) Metaspace: 29103K(29504K)->29103K(29504K) NonClass: 24213K(24384K)->24213K(24384K) Class: 4889K(5120K)->4889K(5120K)
[4055.548s][info][gc             ] GC(825) Pause Young (Allocation Failure) 4216M->1886M(7714M) 92.477ms
[4055.548s][info][gc,cpu         ] GC(825) User=0.55s Sys=0.00s Real=0.09s
...[4058.507s][info][gc,start       ] GC(826) Pause Young (Allocation Failure)
[4058.603s][info][gc,heap        ] GC(826) PSYoungGen: 2612544K(2632192K)->150448K(2633728K) Eden: 2470400K(2470400K)->0K(2472960K) From: 142144K(161792K)->150448K(160768K)
[4058.603s][info][gc,heap        ] GC(826) ParOldGen: 1790077K(5267456K)->1880213K(5267456K)
[4058.603s][info][gc,metaspace   ] GC(826) Metaspace: 29103K(29504K)->29103K(29504K) NonClass: 24213K(24384K)->24213K(24384K) Class: 4889K(5120K)->4889K(5120K)
[4058.603s][info][gc             ] GC(826) Pause Young (Allocation Failure) 4299M->1983M(7716M) 96.098ms
[4058.603s][info][gc,cpu         ] GC(826) User=0.57s Sys=0.00s Real=0.10s
...[4061.517s][info][gc,start       ] GC(827) Pause Young (Allocation Failure)
[4061.608s][info][gc,heap        ] GC(827) PSYoungGen: 2623408K(2633728K)->138368K(2634240K) Eden: 2472960K(2472960K)->0K(2472960K) From: 150448K(160768K)->138368K(161280K)
[4061.609s][info][gc,heap        ] GC(827) ParOldGen: 1880213K(5267456K)->1974405K(5267456K)
[4061.609s][info][gc,metaspace   ] GC(827) Metaspace: 29103K(29504K)->29103K(29504K) NonClass: 24213K(24384K)->24213K(24384K) Class: 4889K(5120K)->4889K(5120K)
[4061.609s][info][gc             ] GC(827) Pause Young (Allocation Failure) 4398M->2063M(7716M) 91.800ms
[4061.609s][info][gc,cpu         ] GC(827) User=0.54s Sys=0.00s Real=0.09s
...[4064.557s][info][gc,start       ] GC(828) Pause Young (Allocation Failure)
[4064.648s][info][gc,heap        ] GC(828) PSYoungGen: 2611328K(2634240K)->136512K(2634752K) Eden: 2472960K(2472960K)->0K(2473984K) From: 138368K(161280K)->136512K(160768K)
[4064.648s][info][gc,heap        ] GC(828) ParOldGen: 1974405K(5267456K)->2064149K(5267456K)
[4064.648s][info][gc,metaspace   ] GC(828) Metaspace: 29103K(29504K)->29103K(29504K) NonClass: 24213K(24384K)->24213K(24384K) Class: 4889K(5120K)->4889K(5120K)
[4064.648s][info][gc             ] GC(828) Pause Young (Allocation Failure) 4478M->2149M(7717M) 90.884ms
[4064.648s][info][gc,cpu         ] GC(828) User=0.53s Sys=0.00s Real=0.09s
...[4067.603s][info][gc,start       ] GC(829) Pause Young (Allocation Failure)
[4067.695s][info][gc,heap        ] GC(829) PSYoungGen: 2610496K(2634752K)->137056K(2634752K) Eden: 2473984K(2473984K)->0K(2473984K) From: 136512K(160768K)->137056K(160768K)
[4067.695s][info][gc,heap        ] GC(829) ParOldGen: 2064149K(5267456K)->2156709K(5267456K)
[4067.695s][info][gc,metaspace   ] GC(829) Metaspace: 29103K(29504K)->29103K(29504K) NonClass: 24213K(24384K)->24213K(24384K) Class: 4889K(5120K)->4889K(5120K)
[4067.695s][info][gc             ] GC(829) Pause Young (Allocation Failure) 4565M->2240M(7717M) 92.174ms
[4067.695s][info][gc,cpu         ] GC(829) User=0.55s Sys=0.00s Real=0.09s
...[4070.611s][info][gc,start       ] GC(830) Pause Young (Allocation Failure)
[4070.703s][info][gc,heap        ] GC(830) PSYoungGen: 2611040K(2634752K)->135968K(2634752K) Eden: 2473984K(2473984K)->0K(2475008K) From: 137056K(160768K)->135968K(159744K)
[4070.703s][info][gc,heap        ] GC(830) ParOldGen: 2156709K(5267456K)->2249149K(5267456K)
[4070.703s][info][gc,metaspace   ] GC(830) Metaspace: 29103K(29504K)->29103K(29504K) NonClass: 24213K(24384K)->24213K(24384K) Class: 4889K(5120K)->4889K(5120K)
[4070.703s][info][gc             ] GC(830) Pause Young (Allocation Failure) 4656M->2329M(7717M) 91.148ms
[4070.703s][info][gc,cpu         ] GC(830) User=0.54s Sys=0.00s Real=0.09s
...[4073.699s][info][gc,start       ] GC(831) Pause Young (Allocation Failure)
[4073.791s][info][gc,heap        ] GC(831) PSYoungGen: 2610976K(2634752K)->137696K(2634752K) Eden: 2475008K(2475008K)->0K(2475008K) From: 135968K(159744K)->137696K(159744K)
[4073.791s][info][gc,heap        ] GC(831) ParOldGen: 2249149K(5267456K)->2340877K(5267456K)
[4073.791s][info][gc,metaspace   ] GC(831) Metaspace: 29103K(29504K)->29103K(29504K) NonClass: 24213K(24384K)->24213K(24384K) Class: 4889K(5120K)->4889K(5120K)
[4073.791s][info][gc             ] GC(831) Pause Young (Allocation Failure) 4746M->2420M(7717M) 92.288ms
[4073.791s][info][gc,cpu         ] GC(831) User=0.55s Sys=0.00s Real=0.10s
...[4076.688s][info][gc,start       ] GC(832) Pause Young (Allocation Failure)
[4076.779s][info][gc,heap        ] GC(832) PSYoungGen: 2612704K(2634752K)->136160K(2635776K) Eden: 2475008K(2475008K)->0K(2477056K) From: 137696K(159744K)->136160K(158720K)
[4076.779s][info][gc,heap        ] GC(832) ParOldGen: 2340877K(5267456K)->2433165K(5267456K)
[4076.779s][info][gc,metaspace   ] GC(832) Metaspace: 29103K(29504K)->29103K(29504K) NonClass: 24213K(24384K)->24213K(24384K) Class: 4889K(5120K)->4889K(5120K)
[4076.779s][info][gc             ] GC(832) Pause Young (Allocation Failure) 4837M->2509M(7718M) 91.674ms
[4076.779s][info][gc,cpu         ] GC(832) User=0.54s Sys=0.00s Real=0.09s
...[4079.767s][info][gc,start       ] GC(833) Pause Young (Allocation Failure)
[4079.861s][info][gc,heap        ] GC(833) PSYoungGen: 2613216K(2635776K)->143620K(2635264K) Eden: 2477056K(2477056K)->0K(2477056K) From: 136160K(158720K)->143620K(158208K)
[4079.861s][info][gc,heap        ] GC(833) ParOldGen: 2433165K(5267456K)->2524109K(5267456K)
[4079.861s][info][gc,metaspace   ] GC(833) Metaspace: 29103K(29504K)->29103K(29504K) NonClass: 24213K(24384K)->24213K(24384K) Class: 4889K(5120K)->4889K(5120K)
[4079.861s][info][gc             ] GC(833) Pause Young (Allocation Failure) 4928M->2605M(7717M) 93.137ms
[4079.861s][info][gc,cpu         ] GC(833) User=0.55s Sys=0.01s Real=0.10s
...[4082.743s][info][gc,start       ] GC(834) Pause Young (Allocation Failure)
[4082.839s][info][gc,heap        ] GC(834) PSYoungGen: 2620676K(2635264K)->141045K(2636288K) Eden: 2477056K(2477056K)->0K(2480640K) From: 143620K(158208K)->141045K(155648K)
[4082.839s][info][gc,heap        ] GC(834) ParOldGen: 2524109K(5267456K)->2617821K(5267456K)
[4082.839s][info][gc,metaspace   ] GC(834) Metaspace: 29103K(29504K)->29103K(29504K) NonClass: 24213K(24384K)->24213K(24384K) Class: 4889K(5120K)->4889K(5120K)
[4082.839s][info][gc             ] GC(834) Pause Young (Allocation Failure) 5024M->2694M(7718M) 96.141ms
[4082.839s][info][gc,cpu         ] GC(834) User=0.57s Sys=0.01s Real=0.09s
...[4085.792s][info][gc,start       ] GC(835) Pause Young (Allocation Failure)
[4085.888s][info][gc,heap        ] GC(835) PSYoungGen: 2621685K(2636288K)->143568K(2636288K) Eden: 2480640K(2480640K)->0K(2480640K) From: 141045K(155648K)->143568K(155648K)
[4085.888s][info][gc,heap        ] GC(835) ParOldGen: 2617821K(5267456K)->2708749K(5267456K)
[4085.888s][info][gc,metaspace   ] GC(835) Metaspace: 29103K(29504K)->29103K(29504K) NonClass: 24213K(24384K)->24213K(24384K) Class: 4889K(5120K)->4889K(5120K)
[4085.888s][info][gc             ] GC(835) Pause Young (Allocation Failure) 5116M->2785M(7718M) 95.727ms
[4085.888s][info][gc,cpu         ] GC(835) User=0.57s Sys=0.00s Real=0.09s
...[4088.828s][info][gc,start       ] GC(836) Pause Young (Allocation Failure)
[4088.922s][info][gc,heap        ] GC(836) PSYoungGen: 2624208K(2636288K)->143224K(2638848K) Eden: 2480640K(2480640K)->0K(2485248K) From: 143568K(155648K)->143224K(153600K)
[4088.922s][info][gc,heap        ] GC(836) ParOldGen: 2708749K(5267456K)->2800189K(5267456K)
[4088.922s][info][gc,metaspace   ] GC(836) Metaspace: 29103K(29504K)->29103K(29504K) NonClass: 24213K(24384K)->24213K(24384K) Class: 4889K(5120K)->4889K(5120K)
[4088.922s][info][gc             ] GC(836) Pause Young (Allocation Failure) 5207M->2874M(7721M) 93.859ms
[4088.922s][info][gc,cpu         ] GC(836) User=0.55s Sys=0.00s Real=0.10s
...[4091.842s][info][gc,start       ] GC(837) Pause Young (Allocation Failure)
[4091.938s][info][gc,heap        ] GC(837) PSYoungGen: 2628472K(2638848K)->143924K(2639360K) Eden: 2485248K(2485248K)->0K(2485248K) From: 143224K(153600K)->143924K(154112K)
[4091.938s][info][gc,heap        ] GC(837) ParOldGen: 2800189K(5267456K)->2891685K(5267456K)
[4091.938s][info][gc,metaspace   ] GC(837) Metaspace: 29103K(29504K)->29103K(29504K) NonClass: 24213K(24384K)->24213K(24384K) Class: 4889K(5120K)->4889K(5120K)
[4091.938s][info][gc             ] GC(837) Pause Young (Allocation Failure) 5301M->2964M(7721M) 96.519ms
[4091.938s][info][gc,cpu         ] GC(837) User=0.58s Sys=0.00s Real=0.09s
...[4094.953s][info][gc,start       ] GC(838) Pause Young (Allocation Failure)
[4095.047s][info][gc,heap        ] GC(838) PSYoungGen: 2629172K(2639360K)->142656K(2639872K) Eden: 2485248K(2485248K)->0K(2487808K) From: 143924K(154112K)->142656K(152064K)
[4095.047s][info][gc,heap        ] GC(838) ParOldGen: 2891685K(5267456K)->2983565K(5267456K)
[4095.047s][info][gc,metaspace   ] GC(838) Metaspace: 29103K(29504K)->29103K(29504K) NonClass: 24213K(24384K)->24213K(24384K) Class: 4889K(5120K)->4889K(5120K)
[4095.047s][info][gc             ] GC(838) Pause Young (Allocation Failure) 5391M->3052M(7722M) 93.891ms
[4095.047s][info][gc,cpu         ] GC(838) User=0.56s Sys=0.00s Real=0.09s
...[4097.891s][info][gc,start       ] GC(839) Pause Young (Allocation Failure)
[4097.985s][info][gc,heap        ] GC(839) PSYoungGen: 2630464K(2639872K)->141300K(2640896K) Eden: 2487808K(2487808K)->0K(2487808K) From: 142656K(152064K)->141300K(153088K)
[4097.985s][info][gc,heap        ] GC(839) ParOldGen: 2983565K(5267456K)->3077565K(5267456K)
[4097.985s][info][gc,metaspace   ] GC(839) Metaspace: 29103K(29504K)->29103K(29504K) NonClass: 24213K(24384K)->24213K(24384K) Class: 4889K(5120K)->4889K(5120K)
[4097.985s][info][gc             ] GC(839) Pause Young (Allocation Failure) 5482M->3143M(7723M) 93.625ms
[4097.985s][info][gc,cpu         ] GC(839) User=0.55s Sys=0.00s Real=0.09s
...[4100.968s][info][gc,start       ] GC(840) Pause Young (Allocation Failure)
[4101.061s][info][gc,heap        ] GC(840) PSYoungGen: 2629108K(2640896K)->141664K(2640896K) Eden: 2487808K(2487808K)->0K(2490880K) From: 141300K(153088K)->141664K(150016K)
[4101.061s][info][gc,heap        ] GC(840) ParOldGen: 3077565K(5267456K)->3167637K(5267456K)
[4101.061s][info][gc,metaspace   ] GC(840) Metaspace: 29103K(29504K)->29103K(29504K) NonClass: 24213K(24384K)->24213K(24384K) Class: 4889K(5120K)->4889K(5120K)
[4101.061s][info][gc             ] GC(840) Pause Young (Allocation Failure) 5572M->3231M(7723M) 92.356ms
[4101.061s][info][gc,cpu         ] GC(840) User=0.55s Sys=0.00s Real=0.10s
...[4104.040s][info][gc,start       ] GC(841) Pause Young (Allocation Failure)
[4104.134s][info][gc,heap        ] GC(841) PSYoungGen: 2632544K(2640896K)->140128K(2641920K) Eden: 2490880K(2490880K)->0K(2490880K) From: 141664K(150016K)->140128K(151040K)
[4104.134s][info][gc,heap        ] GC(841) ParOldGen: 3167637K(5267456K)->3259805K(5267456K)
[4104.134s][info][gc,metaspace   ] GC(841) Metaspace: 29103K(29504K)->29103K(29504K) NonClass: 24213K(24384K)->24213K(24384K) Class: 4889K(5120K)->4889K(5120K)
[4104.134s][info][gc             ] GC(841) Pause Young (Allocation Failure) 5664M->3320M(7724M) 93.243ms
[4104.134s][info][gc,cpu         ] GC(841) User=0.55s Sys=0.00s Real=0.09s
...[4107.109s][info][gc,start       ] GC(842) Pause Young (Allocation Failure)
[4107.210s][info][gc,heap        ] GC(842) PSYoungGen: 2631008K(2641920K)->150509K(2572800K) Eden: 2490880K(2490880K)->0K(2422272K) From: 140128K(151040K)->150509K(150528K)
[4107.210s][info][gc,heap        ] GC(842) ParOldGen: 3259805K(5267456K)->3351861K(5267456K)
[4107.210s][info][gc,metaspace   ] GC(842) Metaspace: 29103K(29504K)->29103K(29504K) NonClass: 24213K(24384K)->24213K(24384K) Class: 4889K(5120K)->4889K(5120K)
[4107.210s][info][gc             ] GC(842) Pause Young (Allocation Failure) 5752M->3420M(7656M) 101.608ms
[4107.210s][info][gc,cpu         ] GC(842) User=0.60s Sys=0.01s Real=0.11s
...[4110.045s][info][gc,start       ] GC(843) Pause Young (Allocation Failure)
[4110.137s][info][gc,heap        ] GC(843) PSYoungGen: 2572781K(2572800K)->135584K(2609152K) Eden: 2422272K(2422272K)->0K(2422272K) From: 150509K(150528K)->135584K(186880K)
[4110.137s][info][gc,heap        ] GC(843) ParOldGen: 3351861K(5267456K)->3445805K(5267456K)
[4110.137s][info][gc,metaspace   ] GC(843) Metaspace: 29103K(29504K)->29103K(29504K) NonClass: 24213K(24384K)->24213K(24384K) Class: 4889K(5120K)->4889K(5120K)
[4110.137s][info][gc             ] GC(843) Pause Young (Allocation Failure) 5785M->3497M(7692M) 92.390ms
[4110.137s][info][gc,cpu         ] GC(843) User=0.55s Sys=0.00s Real=0.09s
...[4113.046s][info][gc,start       ] GC(844) Pause Young (Allocation Failure)
[4113.140s][info][gc,heap        ] GC(844) PSYoungGen: 2557856K(2609152K)->142224K(2604544K) Eden: 2422272K(2422272K)->0K(2422784K) From: 135584K(186880K)->142224K(181760K)
[4113.140s][info][gc,heap        ] GC(844) ParOldGen: 3445805K(5267456K)->3535525K(5267456K)
[4113.140s][info][gc,metaspace   ] GC(844) Metaspace: 29103K(29504K)->29103K(29504K) NonClass: 24213K(24384K)->24213K(24384K) Class: 4889K(5120K)->4889K(5120K)
[4113.140s][info][gc             ] GC(844) Pause Young (Allocation Failure) 5862M->3591M(7687M) 93.325ms
[4113.140s][info][gc,cpu         ] GC(844) User=0.56s Sys=0.00s Real=0.10s
... (rIR:aIR:PR = 6642:6648:6648) (tPR = 98799) [OK] 
  4114s: Performance info:
         Transaction,    Success,    Partial,     Failed,   Receipts, AvgBarcode, 
             Overall,     399408,          0,          0,     379459,      59.47, 
         Response times:
             Request,    Success,    Partial,     Failed,   SkipFail,     Probes,    Samples,      min,      p50,      p90,      p95,      p99,      max, 
       TotalPurchase,     379463,          0,          0,          0,     359998,     511487,      300,     4700,     9100,    22000,   409120,   640000,
     InStorePurchase,     199989,          0,          0,          0,     189415,     268907,      300,     4900,     9300,    22000,   416920,   640000,
      OnlinePurchase,     139499,          0,          0,          0,     132723,     188748,      300,     4500,     9000,    21000,   405000,   640000,
        InstPurchase,      39975,          0,          0,          0,      37860,      53832,      400,     4400,     8800,    21000,   392000,   595000,
          AssocOfCat,        395,          0,          0,          0,        320,        566,    17300,    31000,    41000,    52000,   464000,   464000,
      AssocOfProduct,       3988,          0,          0,          0,       3783,       5628,      400,     4400,     8800,    21000,   429000,   580000,
      BusinessReport,        994,          0,          0,          0,        899,       1424,    21000,    39000,    57000,    79000,   549250,  1100000,
          CustBuyBeh,       3994,          0,          0,          0,       3698,       5506,      600,     6000,    10700,    31000,   506000,   598000,
       ProductReturn,      10578,          0,          0,          0,      10069,      14480,      200,     2800,     7700,    15495,   364000,   593000,

  4114s: (49%)   IR =   6780 [4116.023s][info][gc,start       ] GC(845) Pause Young (Allocation Failure)
[4116.119s][info][gc,heap        ] GC(845) PSYoungGen: 2565008K(2604544K)->142869K(2607104K) Eden: 2422784K(2422784K)->0K(2422784K) From: 142224K(181760K)->142869K(184320K)
[4116.119s][info][gc,heap        ] GC(845) ParOldGen: 3535525K(5267456K)->3628061K(5267456K)
[4116.119s][info][gc,metaspace   ] GC(845) Metaspace: 29103K(29504K)->29103K(29504K) NonClass: 24213K(24384K)->24213K(24384K) Class: 4889K(5120K)->4889K(5120K)
[4116.119s][info][gc             ] GC(845) Pause Young (Allocation Failure) 5957M->3682M(7690M) 95.977ms
[4116.119s][info][gc,cpu         ] GC(845) User=0.57s Sys=0.00s Real=0.09s
...[4118.931s][info][gc,start       ] GC(846) Pause Young (Allocation Failure)
[4119.028s][info][gc,heap        ] GC(846) PSYoungGen: 2565653K(2607104K)->142741K(2607616K) Eden: 2422784K(2422784K)->0K(2429952K) From: 142869K(184320K)->142741K(177664K)
[4119.028s][info][gc,heap        ] GC(846) ParOldGen: 3628061K(5267456K)->3719733K(5267456K)
[4119.028s][info][gc,metaspace   ] GC(846) Metaspace: 29103K(29504K)->29103K(29504K) NonClass: 24213K(24384K)->24213K(24384K) Class: 4889K(5120K)->4889K(5120K)
[4119.028s][info][gc             ] GC(846) Pause Young (Allocation Failure) 6048M->3771M(7690M) 97.113ms
[4119.029s][info][gc,cpu         ] GC(846) User=0.57s Sys=0.00s Real=0.09s
...[4121.807s][info][gc,start       ] GC(847) Pause Young (Allocation Failure)
[4121.903s][info][gc,heap        ] GC(847) PSYoungGen: 2572693K(2607616K)->144080K(2609664K) Eden: 2429952K(2429952K)->0K(2429952K) From: 142741K(177664K)->144080K(179712K)
[4121.903s][info][gc,heap        ] GC(847) ParOldGen: 3719733K(5267456K)->3811229K(5267456K)
[4121.903s][info][gc,metaspace   ] GC(847) Metaspace: 29103K(29504K)->29103K(29504K) NonClass: 24213K(24384K)->24213K(24384K) Class: 4889K(5120K)->4889K(5120K)
[4121.903s][info][gc             ] GC(847) Pause Young (Allocation Failure) 6144M->3862M(7692M) 95.399ms
[4121.903s][info][gc,cpu         ] GC(847) User=0.56s Sys=0.00s Real=0.10s
...[4124.826s][info][gc,start       ] GC(848) Pause Young (Allocation Failure)
[4124.921s][info][gc,heap        ] GC(848) PSYoungGen: 2574032K(2609664K)->145744K(2611712K) Eden: 2429952K(2429952K)->0K(2439168K) From: 144080K(179712K)->145744K(172544K)
[4124.921s][info][gc,heap        ] GC(848) ParOldGen: 3811229K(5267456K)->3901413K(5267456K)
[4124.921s][info][gc,metaspace   ] GC(848) Metaspace: 29103K(29504K)->29103K(29504K) NonClass: 24213K(24384K)->24213K(24384K) Class: 4889K(5120K)->4889K(5120K)
[4124.921s][info][gc             ] GC(848) Pause Young (Allocation Failure) 6235M->3952M(7694M) 95.757ms
[4124.921s][info][gc,cpu         ] GC(848) User=0.56s Sys=0.00s Real=0.10s
.|..[4127.705s][info][gc,start       ] GC(849) Pause Young (Allocation Failure)
[4127.798s][info][gc,heap        ] GC(849) PSYoungGen: 2584912K(2611712K)->133408K(2613760K) Eden: 2439168K(2439168K)->0K(2439168K) From: 145744K(172544K)->133408K(174592K)
[4127.798s][info][gc,heap        ] GC(849) ParOldGen: 3901413K(5267456K)->3995245K(5267456K)
[4127.798s][info][gc,metaspace   ] GC(849) Metaspace: 29103K(29504K)->29103K(29504K) NonClass: 24213K(24384K)->24213K(24384K) Class: 4889K(5120K)->4889K(5120K)
[4127.798s][info][gc             ] GC(849) Pause Young (Allocation Failure) 6334M->4031M(7696M) 93.262ms
[4127.798s][info][gc,cpu         ] GC(849) User=0.55s Sys=0.00s Real=0.09s
...[4130.557s][info][gc,start       ] GC(850) Pause Young (Allocation Failure)
[4130.650s][info][gc,heap        ] GC(850) PSYoungGen: 2572576K(2613760K)->137700K(2618880K) Eden: 2439168K(2439168K)->0K(2447360K) From: 133408K(174592K)->137700K(171520K)
[4130.650s][info][gc,heap        ] GC(850) ParOldGen: 3995245K(5267456K)->4084661K(5267456K)
[4130.650s][info][gc,metaspace   ] GC(850) Metaspace: 29103K(29504K)->29103K(29504K) NonClass: 24213K(24384K)->24213K(24384K) Class: 4889K(5120K)->4889K(5120K)
[4130.650s][info][gc             ] GC(850) Pause Young (Allocation Failure) 6413M->4123M(7701M) 92.374ms
[4130.650s][info][gc,cpu         ] GC(850) User=0.54s Sys=0.00s Real=0.10s
...[4133.532s][info][gc,start       ] GC(851) Pause Young (Allocation Failure)
[4133.634s][info][gc,heap        ] GC(851) PSYoungGen: 2585060K(2618880K)->152701K(2620416K) Eden: 2447360K(2447360K)->0K(2447360K) From: 137700K(171520K)->152701K(173056K)
[4133.634s][info][gc,heap        ] GC(851) ParOldGen: 4084661K(5267456K)->4173813K(5267456K)
[4133.634s][info][gc,metaspace   ] GC(851) Metaspace: 29103K(29504K)->29103K(29504K) NonClass: 24213K(24384K)->24213K(24384K) Class: 4889K(5120K)->4889K(5120K)
[4133.634s][info][gc             ] GC(851) Pause Young (Allocation Failure) 6513M->4225M(7703M) 101.965ms
[4133.634s][info][gc,cpu         ] GC(851) User=0.61s Sys=0.00s Real=0.10s
...[4136.469s][info][gc,start       ] GC(852) Pause Young (Allocation Failure)
[4136.564s][info][gc,heap        ] GC(852) PSYoungGen: 2600061K(2620416K)->142112K(2618880K) Eden: 2447360K(2447360K)->0K(2449920K) From: 152701K(173056K)->142112K(168960K)
[4136.564s][info][gc,heap        ] GC(852) ParOldGen: 4173813K(5267456K)->4266341K(5267456K)
[4136.564s][info][gc,metaspace   ] GC(852) Metaspace: 29103K(29504K)->29103K(29504K) NonClass: 24213K(24384K)->24213K(24384K) Class: 4889K(5120K)->4889K(5120K)
[4136.564s][info][gc             ] GC(852) Pause Young (Allocation Failure) 6615M->4305M(7701M) 94.784ms
[4136.564s][info][gc,cpu         ] GC(852) User=0.56s Sys=0.00s Real=0.10s
...[4139.383s][info][gc,start       ] GC(853) Pause Young (Allocation Failure)
[4139.478s][info][gc,heap        ] GC(853) PSYoungGen: 2592032K(2618880K)->140384K(2620928K) Eden: 2449920K(2449920K)->0K(2449920K) From: 142112K(168960K)->140384K(171008K)
[4139.478s][info][gc,heap        ] GC(853) ParOldGen: 4266341K(5267456K)->4358165K(5267456K)
[4139.478s][info][gc,metaspace   ] GC(853) Metaspace: 29103K(29504K)->29103K(29504K) NonClass: 24213K(24384K)->24213K(24384K) Class: 4889K(5120K)->4889K(5120K)
[4139.478s][info][gc             ] GC(853) Pause Young (Allocation Failure) 6697M->4393M(7703M) 94.116ms
[4139.478s][info][gc,cpu         ] GC(853) User=0.55s Sys=0.01s Real=0.09s
...[4142.330s][info][gc,start       ] GC(854) Pause Young (Allocation Failure)
[4142.423s][info][gc,heap        ] GC(854) PSYoungGen: 2590304K(2620928K)->141120K(2620416K) Eden: 2449920K(2449920K)->0K(2455552K) From: 140384K(171008K)->141120K(164864K)
[4142.423s][info][gc,heap        ] GC(854) ParOldGen: 4358165K(5267456K)->4449413K(5267456K)
[4142.423s][info][gc,metaspace   ] GC(854) Metaspace: 29103K(29504K)->29103K(29504K) NonClass: 24213K(24384K)->24213K(24384K) Class: 4889K(5120K)->4889K(5120K)
[4142.423s][info][gc             ] GC(854) Pause Young (Allocation Failure) 6785M->4482M(7703M) 93.817ms
[4142.423s][info][gc,cpu         ] GC(854) User=0.55s Sys=0.01s Real=0.09s
..[4145.247s][info][gc,start       ] GC(855) Pause Young (Allocation Failure)
[4145.342s][info][gc,heap        ] GC(855) PSYoungGen: 2596672K(2620416K)->141568K(2622976K) Eden: 2455552K(2455552K)->0K(2455552K) From: 141120K(164864K)->141568K(167424K)
[4145.342s][info][gc,heap        ] GC(855) ParOldGen: 4449413K(5267456K)->4541413K(5267456K)
[4145.342s][info][gc,metaspace   ] GC(855) Metaspace: 29103K(29504K)->29103K(29504K) NonClass: 24213K(24384K)->24213K(24384K) Class: 4889K(5120K)->4889K(5120K)
[4145.342s][info][gc             ] GC(855) Pause Young (Allocation Failure) 6880M->4573M(7705M) 95.477ms
[4145.342s][info][gc,cpu         ] GC(855) User=0.57s Sys=0.00s Real=0.10s
...[4148.181s][info][gc,start       ] GC(856) Pause Young (Allocation Failure)
[4148.275s][info][gc,heap        ] GC(856) PSYoungGen: 2597120K(2622976K)->141632K(2624512K) Eden: 2455552K(2455552K)->0K(2462720K) From: 141568K(167424K)->141632K(161792K)
[4148.275s][info][gc,heap        ] GC(856) ParOldGen: 4541413K(5267456K)->4631197K(5267456K)
[4148.275s][info][gc,metaspace   ] GC(856) Metaspace: 29103K(29504K)->29103K(29504K) NonClass: 24213K(24384K)->24213K(24384K) Class: 4889K(5120K)->4889K(5120K)
[4148.275s][info][gc             ] GC(856) Pause Young (Allocation Failure) 6971M->4660M(7707M) 94.095ms
[4148.275s][info][gc,cpu         ] GC(856) User=0.56s Sys=0.00s Real=0.09s
...[4151.154s][info][gc,start       ] GC(857) Pause Young (Allocation Failure)
[4151.250s][info][gc,heap        ] GC(857) PSYoungGen: 2604352K(2624512K)->139488K(2627072K) Eden: 2462720K(2462720K)->0K(2462720K) From: 141632K(161792K)->139488K(164352K)
[4151.250s][info][gc,heap        ] GC(857) ParOldGen: 4631197K(5267456K)->4723485K(5267456K)
[4151.250s][info][gc,metaspace   ] GC(857) Metaspace: 29103K(29504K)->29103K(29504K) NonClass: 24213K(24384K)->24213K(24384K) Class: 4889K(5120K)->4889K(5120K)
[4151.250s][info][gc             ] GC(857) Pause Young (Allocation Failure) 7065M->4748M(7709M) 95.387ms
[4151.250s][info][gc,cpu         ] GC(857) User=0.56s Sys=0.01s Real=0.10s
...[4154.135s][info][gc,start       ] GC(858) Pause Young (Allocation Failure)
[4154.229s][info][gc,heap        ] GC(858) PSYoungGen: 2602208K(2627072K)->140960K(2628608K) Eden: 2462720K(2462720K)->0K(2468864K) From: 139488K(164352K)->140960K(159744K)
[4154.229s][info][gc,heap        ] GC(858) ParOldGen: 4723485K(5267456K)->4813709K(5267456K)
[4154.229s][info][gc,metaspace   ] GC(858) Metaspace: 29103K(29504K)->29103K(29504K) NonClass: 24213K(24384K)->24213K(24384K) Class: 4889K(5120K)->4889K(5120K)
[4154.229s][info][gc             ] GC(858) Pause Young (Allocation Failure) 7153M->4838M(7711M) 94.207ms
[4154.229s][info][gc,cpu         ] GC(858) User=0.56s Sys=0.01s Real=0.09s
...[4157.068s][info][gc,start       ] GC(859) Pause Young (Allocation Failure)
[4157.162s][info][gc,heap        ] GC(859) PSYoungGen: 2609824K(2628608K)->137696K(2630656K) Eden: 2468864K(2468864K)->0K(2468864K) From: 140960K(159744K)->137696K(161792K)
[4157.162s][info][gc,heap        ] GC(859) ParOldGen: 4813709K(5267456K)->4906429K(5267456K)
[4157.162s][info][gc,metaspace   ] GC(859) Metaspace: 29103K(29504K)->29103K(29504K) NonClass: 24213K(24384K)->24213K(24384K) Class: 4889K(5120K)->4889K(5120K)
[4157.162s][info][gc             ] GC(859) Pause Young (Allocation Failure) 7249M->4925M(7713M) 94.443ms
[4157.162s][info][gc,cpu         ] GC(859) User=0.57s Sys=0.00s Real=0.10s
...[4160.081s][info][gc,start       ] GC(860) Pause Young (Allocation Failure)
[4160.176s][info][gc,heap        ] GC(860) PSYoungGen: 2606560K(2630656K)->142240K(2630144K) Eden: 2468864K(2468864K)->0K(2473472K) From: 137696K(161792K)->142240K(156672K)
[4160.176s][info][gc,heap        ] GC(860) ParOldGen: 4906429K(5267456K)->4995805K(5267456K)
[4160.176s][info][gc,metaspace   ] GC(860) Metaspace: 29103K(29504K)->29103K(29504K) NonClass: 24213K(24384K)->24213K(24384K) Class: 4889K(5120K)->4889K(5120K)
[4160.176s][info][gc             ] GC(860) Pause Young (Allocation Failure) 7336M->5017M(7712M) 94.692ms
[4160.176s][info][gc,cpu         ] GC(860) User=0.56s Sys=0.00s Real=0.09s
...[4163.045s][info][gc,start       ] GC(861) Pause Young (Allocation Failure)
[4163.140s][info][gc,heap        ] GC(861) PSYoungGen: 2615712K(2630144K)->138805K(2632704K) Eden: 2473472K(2473472K)->0K(2473472K) From: 142240K(156672K)->138805K(159232K)
[4163.140s][info][gc,heap        ] GC(861) ParOldGen: 4995805K(5267456K)->5090165K(5267456K)
[4163.140s][info][gc,metaspace   ] GC(861) Metaspace: 29103K(29504K)->29103K(29504K) NonClass: 24213K(24384K)->24213K(24384K) Class: 4889K(5120K)->4889K(5120K)
[4163.140s][info][gc             ] GC(861) Pause Young (Allocation Failure) 7433M->5106M(7715M) 94.916ms
[4163.140s][info][gc,cpu         ] GC(861) User=0.57s Sys=0.00s Real=0.10s
...[4165.989s][info][gc,start       ] GC(862) Pause Young (Allocation Failure)
[4166.092s][info][gc,heap        ] GC(862) PSYoungGen: 2612277K(2632704K)->153769K(2632704K) Eden: 2473472K(2473472K)->0K(2474496K) From: 138805K(159232K)->153769K(158208K)
[4166.092s][info][gc,heap        ] GC(862) ParOldGen: 5090165K(5267456K)->5181277K(5267456K)
[4166.092s][info][gc,metaspace   ] GC(862) Metaspace: 29103K(29504K)->29103K(29504K) NonClass: 24213K(24384K)->24213K(24384K) Class: 4889K(5120K)->4889K(5120K)
[4166.092s][info][gc             ] GC(862) Pause Young (Allocation Failure) 7521M->5210M(7715M) 103.505ms
[4166.092s][info][gc,cpu         ] GC(862) User=0.61s Sys=0.01s Real=0.11s
...[4168.941s][info][gc,start       ] GC(863) Pause Young (Allocation Failure)
[4169.037s][info][gc,heap        ] GC(863) PSYoungGen: 2628265K(2632704K)->138528K(2635264K) Eden: 2474496K(2474496K)->0K(2474496K) From: 153769K(158208K)->138528K(160768K)
[4169.037s][info][gc,heap        ] GC(863) ParOldGen: 5181277K(5267456K)->5273493K(5273600K)
[4169.037s][info][gc,metaspace   ] GC(863) Metaspace: 29103K(29504K)->29103K(29504K) NonClass: 24213K(24384K)->24213K(24384K) Class: 4889K(5120K)->4889K(5120K)
[4169.037s][info][gc             ] GC(863) Pause Young (Allocation Failure) 7626M->5285M(7723M) 95.448ms
[4169.037s][info][gc,cpu         ] GC(863) User=0.57s Sys=0.00s Real=0.09s
...[4171.927s][info][gc,start       ] GC(864) Pause Young (Allocation Failure)
[4172.029s][info][gc,heap        ] GC(864) PSYoungGen: 2613024K(2635264K)->145033K(2633216K) Eden: 2474496K(2474496K)->0K(2475520K) From: 138528K(160768K)->145033K(157696K)
[4172.029s][info][gc,heap        ] GC(864) ParOldGen: 5273493K(5273600K)->5364253K(5364736K)
[4172.029s][info][gc,metaspace   ] GC(864) Metaspace: 29103K(29504K)->29103K(29504K) NonClass: 24213K(24384K)->24213K(24384K) Class: 4889K(5120K)->4889K(5120K)
[4172.029s][info][gc             ] GC(864) Pause Young (Allocation Failure) 7701M->5380M(7810M) 101.510ms
[4172.029s][info][gc,cpu         ] GC(864) User=0.57s Sys=0.03s Real=0.10s
...[4174.925s][info][gc,start       ] GC(865) Pause Young (Allocation Failure)
[4175.026s][info][gc,heap        ] GC(865) PSYoungGen: 2620553K(2633216K)->144068K(2634752K) Eden: 2475520K(2475520K)->0K(2475520K) From: 145033K(157696K)->144068K(159232K)
[4175.026s][info][gc,heap        ] GC(865) ParOldGen: 5364253K(5364736K)->5456829K(5456896K)
[4175.026s][info][gc,metaspace   ] GC(865) Metaspace: 29103K(29504K)->29103K(29504K) NonClass: 24213K(24384K)->24213K(24384K) Class: 4889K(5120K)->4889K(5120K)
[4175.026s][info][gc             ] GC(865) Pause Young (Allocation Failure) 7797M->5469M(7902M) 101.531ms
[4175.026s][info][gc,cpu         ] GC(865) User=0.57s Sys=0.02s Real=0.10s
...[4177.859s][info][gc,start       ] GC(866) Pause Young (Allocation Failure)
[4177.958s][info][gc,heap        ] GC(866) PSYoungGen: 2619588K(2634752K)->137664K(2635776K) Eden: 2475520K(2475520K)->0K(2479104K) From: 144068K(159232K)->137664K(156672K)
[4177.958s][info][gc,heap        ] GC(866) ParOldGen: 5456829K(5456896K)->5549557K(5549568K)
[4177.958s][info][gc,metaspace   ] GC(866) Metaspace: 29103K(29504K)->29103K(29504K) NonClass: 24213K(24384K)->24213K(24384K) Class: 4889K(5120K)->4889K(5120K)
[4177.958s][info][gc             ] GC(866) Pause Young (Allocation Failure) 7887M->5553M(7993M) 99.168ms
[4177.958s][info][gc,cpu         ] GC(866) User=0.55s Sys=0.03s Real=0.10s
...[4180.794s][info][gc,start       ] GC(867) Pause Full (Allocation Failure)
[4180.794s][info][gc,phases,start] GC(867) Marking Phase
[4181.087s][info][gc,phases      ] GC(867) Marking Phase 292.198ms
[4181.087s][info][gc,phases,start] GC(867) Summary Phase
[4181.087s][info][gc,phases      ] GC(867) Summary Phase 0.092ms
[4181.087s][info][gc,phases,start] GC(867) Forward
[4181.214s][info][gc,phases      ] GC(867) Forward 127.210ms
[4181.214s][info][gc,phases,start] GC(867) Adjust Pointers
[4181.410s][info][gc,phases      ] GC(867) Adjust Pointers 195.907ms
[4181.410s][info][gc,phases,start] GC(867) Compaction Phase
[4181.537s][info][gc,phases      ] GC(867) Compaction Phase 126.799ms
[4181.538s][info][gc,phases,start] GC(867) Post Compact
[4181.545s][info][gc,phases      ] GC(867) Post Compact 6.787ms
[4181.667s][info][gc,heap        ] GC(867) PSYoungGen: 2616768K(2635776K)->0K(2636288K) Eden: 2479104K(2479104K)->0K(2479104K) From: 137664K(156672K)->0K(157184K)
[4181.667s][info][gc,heap        ] GC(867) ParOldGen: 5549557K(5549568K)->1416328K(1645056K)
[4181.667s][info][gc,metaspace   ] GC(867) Metaspace: 29103K(29504K)->29103K(29504K) NonClass: 24213K(24384K)->24213K(24384K) Class: 4889K(5120K)->4889K(5120K)
[4181.667s][info][gc             ] GC(867) Pause Full (Allocation Failure) 7974M->1383M(4181M) 872.311ms
[4181.667s][info][gc,cpu         ] GC(867) User=4.02s Sys=0.12s Real=0.87s
...[4183.821s][info][gc,start       ] GC(868) Pause Young (Allocation Failure)
[4183.883s][info][gc,heap        ] GC(868) PSYoungGen: 2479104K(2636288K)->140708K(2636800K) Eden: 2479104K(2479104K)->0K(2481664K) From: 0K(157184K)->140708K(155136K)
[4183.883s][info][gc,heap        ] GC(868) ParOldGen: 1416328K(1645056K)->1416328K(1645056K)
[4183.883s][info][gc,metaspace   ] GC(868) Metaspace: 29103K(29504K)->29103K(29504K) NonClass: 24213K(24384K)->24213K(24384K) Class: 4889K(5120K)->4889K(5120K)
[4183.883s][info][gc             ] GC(868) Pause Young (Allocation Failure) 3804M->1520M(4181M) 62.566ms
[4183.883s][info][gc,cpu         ] GC(868) User=0.37s Sys=0.00s Real=0.06s
.. (rIR:aIR:PR = 6780:6792:6792) (tPR = 100610) [OK] 
  4185s: Performance info:
         Transaction,    Success,    Partial,     Failed,   Receipts, AvgBarcode, 
             Overall,     409992,          0,          0,     389497,      59.48, 
         Response times:
             Request,    Success,    Partial,     Failed,   SkipFail,     Probes,    Samples,      min,      p50,      p90,      p95,      p99,      max, 
       TotalPurchase,     389497,          0,          0,          0,     358836,     424667,      300,     4700,     9200,    18400,   185000,   890000,
     InStorePurchase,     205161,          0,          0,          0,     188429,     222679,      300,     4700,     9200,    18700,   185000,   890000,
      OnlinePurchase,     143350,          0,          0,          0,     132128,     156257,      300,     4700,     9300,    18510,   188000,   890000,
        InstPurchase,      40986,          0,          0,          0,      38279,      45731,      300,     4200,     8900,    17000,   184000,   890000,
          AssocOfCat,        410,          0,          0,          0,        305,        416,    21000,    34000,    49000,    68650,   206000,   214000,
      AssocOfProduct,       4107,          0,          0,          0,       3763,       4729,      500,     5100,     9100,    18800,   145000,   169000,
      BusinessReport,       1023,          0,          0,          0,        907,       1166,    26000,    38000,    57000,    82300,   247000,  1100000,
          CustBuyBeh,       4095,          0,          0,          0,       3863,       4815,      200,     4900,     8400,    17440,   139000,   167000,
       ProductReturn,      10860,          0,          0,          0,      10259,      12487,      200,     4400,     9100,    17800,   187000,   890000,

  4185s: (50%)   IR =   6918 .[4186.808s][info][gc,start       ] GC(869) Pause Young (Allocation Failure)
[4186.904s][info][gc,heap        ] GC(869) PSYoungGen: 2622372K(2636800K)->145408K(2637824K) Eden: 2481664K(2481664K)->0K(2481664K) From: 140708K(155136K)->145408K(156160K)
[4186.904s][info][gc,heap        ] GC(869) ParOldGen: 1416328K(1645056K)->1509300K(1645056K)
[4186.904s][info][gc,metaspace   ] GC(869) Metaspace: 29103K(29504K)->29103K(29504K) NonClass: 24213K(24384K)->24213K(24384K) Class: 4889K(5120K)->4889K(5120K)
[4186.904s][info][gc             ] GC(869) Pause Young (Allocation Failure) 3944M->1615M(4182M) 96.553ms
[4186.904s][info][gc,cpu         ] GC(869) User=0.57s Sys=0.00s Real=0.10s
..[4189.680s][info][gc,start       ] GC(870) Pause Young (Allocation Failure)
[4189.771s][info][gc,heap        ] GC(870) PSYoungGen: 2627072K(2637824K)->137472K(2638848K) Eden: 2481664K(2481664K)->0K(2483712K) From: 145408K(156160K)->137472K(155136K)
[4189.771s][info][gc,heap        ] GC(870) ParOldGen: 1509300K(1645056K)->1602524K(1645056K)
[4189.771s][info][gc,metaspace   ] GC(870) Metaspace: 29103K(29504K)->29103K(29504K) NonClass: 24213K(24384K)->24213K(24384K) Class: 4889K(5120K)->4889K(5120K)
[4189.771s][info][gc             ] GC(870) Pause Young (Allocation Failure) 4039M->1699M(4183M) 91.714ms
[4189.771s][info][gc,cpu         ] GC(870) User=0.54s Sys=0.01s Real=0.09s
...[4192.569s][info][gc,start       ] GC(871) Pause Young (Allocation Failure)
[4192.667s][info][gc,heap        ] GC(871) PSYoungGen: 2621184K(2638848K)->141268K(2639360K) Eden: 2483712K(2483712K)->0K(2483712K) From: 137472K(155136K)->141268K(155648K)
[4192.667s][info][gc,heap        ] GC(871) ParOldGen: 1602524K(1645056K)->1692436K(1692672K)
[4192.667s][info][gc,metaspace   ] GC(871) Metaspace: 29103K(29504K)->29103K(29504K) NonClass: 24213K(24384K)->24213K(24384K) Class: 4889K(5120K)->4889K(5120K)
[4192.667s][info][gc             ] GC(871) Pause Young (Allocation Failure) 4124M->1790M(4230M) 97.807ms
[4192.667s][info][gc,cpu         ] GC(871) User=0.56s Sys=0.02s Real=0.09s
...|[4195.492s][info][gc,start       ] GC(872) Pause Young (Allocation Failure)
[4195.590s][info][gc,heap        ] GC(872) PSYoungGen: 2624980K(2639360K)->144352K(2639872K) Eden: 2483712K(2483712K)->0K(2485760K) From: 141268K(155648K)->144352K(154112K)
[4195.590s][info][gc,heap        ] GC(872) ParOldGen: 1692436K(1692672K)->1784380K(1784832K)
[4195.590s][info][gc,metaspace   ] GC(872) Metaspace: 29103K(29504K)->29103K(29504K) NonClass: 24213K(24384K)->24213K(24384K) Class: 4889K(5120K)->4889K(5120K)
[4195.590s][info][gc             ] GC(872) Pause Young (Allocation Failure) 4216M->1883M(4321M) 97.838ms
[4195.590s][info][gc,cpu         ] GC(872) User=0.55s Sys=0.02s Real=0.10s
...[4198.466s][info][gc,start       ] GC(873) Pause Young (Allocation Failure)
[4198.567s][info][gc,heap        ] GC(873) PSYoungGen: 2630112K(2639872K)->150228K(2639872K) Eden: 2485760K(2485760K)->0K(2485760K) From: 144352K(154112K)->150228K(154112K)
[4198.567s][info][gc,heap        ] GC(873) ParOldGen: 1784380K(1784832K)->1876444K(1876480K)
[4198.567s][info][gc,metaspace   ] GC(873) Metaspace: 29103K(29504K)->29103K(29504K) NonClass: 24213K(24384K)->24213K(24384K) Class: 4889K(5120K)->4889K(5120K)
[4198.567s][info][gc             ] GC(873) Pause Young (Allocation Failure) 4311M->1979M(4410M) 101.801ms
[4198.567s][info][gc,cpu         ] GC(873) User=0.58s Sys=0.03s Real=0.10s
...[4201.403s][info][gc,start       ] GC(874) Pause Young (Allocation Failure)
[4201.502s][info][gc,heap        ] GC(874) PSYoungGen: 2635988K(2639872K)->143040K(2640896K) Eden: 2485760K(2485760K)->0K(2485760K) From: 150228K(154112K)->143040K(155136K)
[4201.502s][info][gc,heap        ] GC(874) ParOldGen: 1876444K(1876480K)->1969164K(1969664K)
[4201.502s][info][gc,metaspace   ] GC(874) Metaspace: 29103K(29504K)->29103K(29504K) NonClass: 24213K(24384K)->24213K(24384K) Class: 4889K(5120K)->4889K(5120K)
[4201.502s][info][gc             ] GC(874) Pause Young (Allocation Failure) 4406M->2062M(4502M) 98.853ms
[4201.502s][info][gc,cpu         ] GC(874) User=0.55s Sys=0.04s Real=0.10s
...[4204.262s][info][gc,start       ] GC(875) Pause Young (Allocation Failure)
[4204.362s][info][gc,heap        ] GC(875) PSYoungGen: 2628800K(2640896K)->143762K(2629632K) Eden: 2485760K(2485760K)->0K(2485760K) From: 143040K(155136K)->143762K(143872K)
[4204.362s][info][gc,heap        ] GC(875) ParOldGen: 1969164K(1969664K)->2061276K(2061312K)
[4204.362s][info][gc,metaspace   ] GC(875) Metaspace: 29103K(29504K)->29103K(29504K) NonClass: 24213K(24384K)->24213K(24384K) Class: 4889K(5120K)->4889K(5120K)
[4204.362s][info][gc             ] GC(875) Pause Young (Allocation Failure) 4490M->2153M(4581M) 99.339ms
[4204.362s][info][gc,cpu         ] GC(875) User=0.57s Sys=0.02s Real=0.10s
...[4207.230s][info][gc,start       ] GC(876) Pause Young (Allocation Failure)
[4207.328s][info][gc,heap        ] GC(876) PSYoungGen: 2629522K(2629632K)->144736K(2640384K) Eden: 2485760K(2485760K)->0K(2486784K) From: 143762K(143872K)->144736K(153600K)
[4207.328s][info][gc,heap        ] GC(876) ParOldGen: 2061276K(2061312K)->2151460K(2151936K)
[4207.328s][info][gc,metaspace   ] GC(876) Metaspace: 29103K(29504K)->29103K(29504K) NonClass: 24213K(24384K)->24213K(24384K) Class: 4889K(5120K)->4889K(5120K)
[4207.328s][info][gc             ] GC(876) Pause Young (Allocation Failure) 4580M->2242M(4680M) 97.149ms
[4207.328s][info][gc,cpu         ] GC(876) User=0.55s Sys=0.02s Real=0.09s
...[4210.088s][info][gc,start       ] GC(877) Pause Young (Allocation Failure)
[4210.187s][info][gc,heap        ] GC(877) PSYoungGen: 2631520K(2640384K)->142645K(2639872K) Eden: 2486784K(2486784K)->0K(2486784K) From: 144736K(153600K)->142645K(153088K)
[4210.187s][info][gc,heap        ] GC(877) ParOldGen: 2151460K(2151936K)->2246340K(2246656K)
[4210.187s][info][gc,metaspace   ] GC(877) Metaspace: 29103K(29504K)->29103K(29504K) NonClass: 24213K(24384K)->24213K(24384K) Class: 4889K(5120K)->4889K(5120K)
[4210.187s][info][gc             ] GC(877) Pause Young (Allocation Failure) 4670M->2332M(4772M) 98.949ms
[4210.187s][info][gc,cpu         ] GC(877) User=0.56s Sys=0.02s Real=0.10s
...[4213.029s][info][gc,start       ] GC(878) Pause Young (Allocation Failure)
[4213.125s][info][gc,heap        ] GC(878) PSYoungGen: 2629429K(2639872K)->138944K(2642432K) Eden: 2486784K(2486784K)->0K(2489856K) From: 142645K(153088K)->138944K(152576K)
[4213.125s][info][gc,heap        ] GC(878) ParOldGen: 2246340K(2246656K)->2336652K(2336768K)
[4213.125s][info][gc,metaspace   ] GC(878) Metaspace: 29103K(29504K)->29103K(29504K) NonClass: 24213K(24384K)->24213K(24384K) Class: 4889K(5120K)->4889K(5120K)
[4213.125s][info][gc             ] GC(878) Pause Young (Allocation Failure) 4761M->2417M(4862M) 95.957ms
[4213.125s][info][gc,cpu         ] GC(878) User=0.54s Sys=0.04s Real=0.10s
...[4216.039s][info][gc,start       ] GC(879) Pause Young (Allocation Failure)
[4216.142s][info][gc,heap        ] GC(879) PSYoungGen: 2628800K(2642432K)->146628K(2641920K) Eden: 2489856K(2489856K)->0K(2489856K) From: 138944K(152576K)->146628K(152064K)
[4216.142s][info][gc,heap        ] GC(879) ParOldGen: 2336652K(2336768K)->2427388K(2427392K)
[4216.142s][info][gc,metaspace   ] GC(879) Metaspace: 29103K(29504K)->29103K(29504K) NonClass: 24213K(24384K)->24213K(24384K) Class: 4889K(5120K)->4889K(5120K)
[4216.142s][info][gc             ] GC(879) Pause Young (Allocation Failure) 4849M->2513M(4950M) 103.348ms
[4216.142s][info][gc,cpu         ] GC(879) User=0.59s Sys=0.02s Real=0.11s
...[4219.003s][info][gc,start       ] GC(880) Pause Young (Allocation Failure)
[4219.100s][info][gc,heap        ] GC(880) PSYoungGen: 2636484K(2641920K)->141600K(2643456K) Eden: 2489856K(2489856K)->0K(2491392K) From: 146628K(152064K)->141600K(152064K)
[4219.100s][info][gc,heap        ] GC(880) ParOldGen: 2427388K(2427392K)->2521388K(2521600K)
[4219.100s][info][gc,metaspace   ] GC(880) Metaspace: 29103K(29504K)->29103K(29504K) NonClass: 24213K(24384K)->24213K(24384K) Class: 4889K(5120K)->4889K(5120K)
[4219.100s][info][gc             ] GC(880) Pause Young (Allocation Failure) 4945M->2600M(5044M) 97.305ms
[4219.100s][info][gc,cpu         ] GC(880) User=0.55s Sys=0.03s Real=0.10s
...[4221.836s][info][gc,start       ] GC(881) Pause Young (Allocation Failure)
[4221.933s][info][gc,heap        ] GC(881) PSYoungGen: 2632992K(2643456K)->136672K(2643456K) Eden: 2491392K(2491392K)->0K(2491392K) From: 141600K(152064K)->136672K(152064K)
[4221.933s][info][gc,heap        ] GC(881) ParOldGen: 2521388K(2521600K)->2615108K(2615296K)
[4221.933s][info][gc,metaspace   ] GC(881) Metaspace: 29103K(29504K)->29103K(29504K) NonClass: 24213K(24384K)->24213K(24384K) Class: 4889K(5120K)->4889K(5120K)
[4221.933s][info][gc             ] GC(881) Pause Young (Allocation Failure) 5033M->2687M(5135M) 97.286ms
[4221.933s][info][gc,cpu         ] GC(881) User=0.54s Sys=0.04s Real=0.10s
...[4224.814s][info][gc,start       ] GC(882) Pause Young (Allocation Failure)
[4224.911s][info][gc,heap        ] GC(882) PSYoungGen: 2628064K(2643456K)->140704K(2642944K) Eden: 2491392K(2491392K)->0K(2491904K) From: 136672K(152064K)->140704K(151040K)
[4224.911s][info][gc,heap        ] GC(882) ParOldGen: 2615108K(2615296K)->2704804K(2704896K)
[4224.911s][info][gc,metaspace   ] GC(882) Metaspace: 29103K(29504K)->29103K(29504K) NonClass: 24213K(24384K)->24213K(24384K) Class: 4889K(5120K)->4889K(5120K)
[4224.911s][info][gc             ] GC(882) Pause Young (Allocation Failure) 5120M->2778M(5222M) 97.208ms
[4224.911s][info][gc,cpu         ] GC(882) User=0.56s Sys=0.02s Real=0.10s
..[4227.735s][info][gc,start       ] GC(883) Pause Young (Allocation Failure)
[4227.836s][info][gc,heap        ] GC(883) PSYoungGen: 2632608K(2642944K)->143155K(2643456K) Eden: 2491904K(2491904K)->0K(2491904K) From: 140704K(151040K)->143155K(151552K)
[4227.836s][info][gc,heap        ] GC(883) ParOldGen: 2704804K(2704896K)->2797548K(2797568K)
[4227.836s][info][gc,metaspace   ] GC(883) Metaspace: 29103K(29504K)->29103K(29504K) NonClass: 24213K(24384K)->24213K(24384K) Class: 4889K(5120K)->4889K(5120K)
[4227.836s][info][gc             ] GC(883) Pause Young (Allocation Failure) 5212M->2871M(5313M) 100.918ms
[4227.836s][info][gc,cpu         ] GC(883) User=0.57s Sys=0.03s Real=0.10s
...[4230.680s][info][gc,start       ] GC(884) Pause Young (Allocation Failure)
[4230.779s][info][gc,heap        ] GC(884) PSYoungGen: 2635059K(2643456K)->142960K(2643456K) Eden: 2491904K(2491904K)->0K(2493440K) From: 143155K(151552K)->142960K(150016K)
[4230.779s][info][gc,heap        ] GC(884) ParOldGen: 2797548K(2797568K)->2889580K(2889728K)
[4230.779s][info][gc,metaspace   ] GC(884) Metaspace: 29103K(29504K)->29103K(29504K) NonClass: 24213K(24384K)->24213K(24384K) Class: 4889K(5120K)->4889K(5120K)
[4230.779s][info][gc             ] GC(884) Pause Young (Allocation Failure) 5305M->2961M(5403M) 98.754ms
[4230.779s][info][gc,cpu         ] GC(884) User=0.57s Sys=0.02s Real=0.09s
...[4233.653s][info][gc,start       ] GC(885) Pause Young (Allocation Failure)
[4233.749s][info][gc,heap        ] GC(885) PSYoungGen: 2636400K(2643456K)->137952K(2643968K) Eden: 2493440K(2493440K)->0K(2493440K) From: 142960K(150016K)->137952K(150528K)
[4233.749s][info][gc,heap        ] GC(885) ParOldGen: 2889580K(2889728K)->2980820K(2980864K)
[4233.749s][info][gc,metaspace   ] GC(885) Metaspace: 29103K(29504K)->29103K(29504K) NonClass: 24213K(24384K)->24213K(24384K) Class: 4889K(5120K)->4889K(5120K)
[4233.749s][info][gc             ] GC(885) Pause Young (Allocation Failure) 5396M->3045M(5493M) 95.767ms
[4233.749s][info][gc,cpu         ] GC(885) User=0.54s Sys=0.02s Real=0.09s
...[4236.548s][info][gc,start       ] GC(886) Pause Young (Allocation Failure)
[4236.645s][info][gc,heap        ] GC(886) PSYoungGen: 2631392K(2643968K)->136544K(2645504K) Eden: 2493440K(2493440K)->0K(2494976K) From: 137952K(150528K)->136544K(150528K)
[4236.645s][info][gc,heap        ] GC(886) ParOldGen: 2980820K(2980864K)->3072892K(3073024K)
[4236.645s][info][gc,metaspace   ] GC(886) Metaspace: 29103K(29504K)->29103K(29504K) NonClass: 24213K(24384K)->24213K(24384K) Class: 4889K(5120K)->4889K(5120K)
[4236.645s][info][gc             ] GC(886) Pause Young (Allocation Failure) 5480M->3134M(5584M) 96.814ms
[4236.645s][info][gc,cpu         ] GC(886) User=0.54s Sys=0.03s Real=0.10s
...[4239.533s][info][gc,start       ] GC(887) Pause Young (Allocation Failure)
[4239.635s][info][gc,heap        ] GC(887) PSYoungGen: 2631520K(2645504K)->143431K(2645504K) Eden: 2494976K(2494976K)->0K(2494976K) From: 136544K(150528K)->143431K(150528K)
[4239.635s][info][gc,heap        ] GC(887) ParOldGen: 3072892K(3073024K)->3165196K(3165696K)
[4239.635s][info][gc,metaspace   ] GC(887) Metaspace: 29103K(29504K)->29103K(29504K) NonClass: 24213K(24384K)->24213K(24384K) Class: 4889K(5120K)->4889K(5120K)
[4239.635s][info][gc             ] GC(887) Pause Young (Allocation Failure) 5570M->3231M(5675M) 101.872ms
[4239.635s][info][gc,cpu         ] GC(887) User=0.58s Sys=0.02s Real=0.10s
...[4242.454s][info][gc,start       ] GC(888) Pause Young (Allocation Failure)
[4242.557s][info][gc,heap        ] GC(888) PSYoungGen: 2638407K(2645504K)->147877K(2642432K) Eden: 2494976K(2494976K)->0K(2491904K) From: 143431K(150528K)->147877K(150528K)
[4242.557s][info][gc,heap        ] GC(888) ParOldGen: 3165196K(3165696K)->3257484K(3257856K)
[4242.557s][info][gc,metaspace   ] GC(888) Metaspace: 29103K(29504K)->29103K(29504K) NonClass: 24213K(24384K)->24213K(24384K) Class: 4889K(5120K)->4889K(5120K)
[4242.557s][info][gc             ] GC(888) Pause Young (Allocation Failure) 5667M->3325M(5762M) 103.201ms
[4242.557s][info][gc,cpu         ] GC(888) User=0.59s Sys=0.02s Real=0.10s
...[4245.424s][info][gc,start       ] GC(889) Pause Young (Allocation Failure)
[4245.525s][info][gc,heap        ] GC(889) PSYoungGen: 2639781K(2642432K)->148021K(2640384K) Eden: 2491904K(2491904K)->0K(2491904K) From: 147877K(150528K)->148021K(148480K)
[4245.525s][info][gc,heap        ] GC(889) ParOldGen: 3257484K(3257856K)->3348500K(3348992K)
[4245.525s][info][gc,metaspace   ] GC(889) Metaspace: 29103K(29504K)->29103K(29504K) NonClass: 24213K(24384K)->24213K(24384K) Class: 4889K(5120K)->4889K(5120K)
[4245.525s][info][gc             ] GC(889) Pause Young (Allocation Failure) 5759M->3414M(5849M) 101.195ms
[4245.525s][info][gc,cpu         ] GC(889) User=0.58s Sys=0.02s Real=0.10s
...[4248.307s][info][gc,start       ] GC(890) Pause Young (Allocation Failure)
[4248.405s][info][gc,heap        ] GC(890) PSYoungGen: 2639925K(2640384K)->140480K(2643456K) Eden: 2491904K(2491904K)->0K(2490368K) From: 148021K(148480K)->140480K(153088K)
[4248.405s][info][gc,heap        ] GC(890) ParOldGen: 3348500K(3348992K)->3440340K(3440640K)
[4248.405s][info][gc,metaspace   ] GC(890) Metaspace: 29103K(29504K)->29103K(29504K) NonClass: 24213K(24384K)->24213K(24384K) Class: 4889K(5120K)->4889K(5120K)
[4248.405s][info][gc             ] GC(890) Pause Young (Allocation Failure) 5848M->3496M(5941M) 98.692ms
[4248.405s][info][gc,cpu         ] GC(890) User=0.56s Sys=0.02s Real=0.10s
...[4251.207s][info][gc,start       ] GC(891) Pause Young (Allocation Failure)
[4251.307s][info][gc,heap        ] GC(891) PSYoungGen: 2630848K(2643456K)->145376K(2642944K) Eden: 2490368K(2490368K)->0K(2490368K) From: 140480K(153088K)->145376K(152576K)
[4251.307s][info][gc,heap        ] GC(891) ParOldGen: 3440340K(3440640K)->3530724K(3530752K)
[4251.307s][info][gc,metaspace   ] GC(891) Metaspace: 29103K(29504K)->29103K(29504K) NonClass: 24213K(24384K)->24213K(24384K) Class: 4889K(5120K)->4889K(5120K)
[4251.307s][info][gc             ] GC(891) Pause Young (Allocation Failure) 5928M->3589M(6029M) 99.759ms
[4251.307s][info][gc,cpu         ] GC(891) User=0.57s Sys=0.03s Real=0.10s
...[4254.082s][info][gc,start       ] GC(892) Pause Young (Allocation Failure)
[4254.181s][info][gc,heap        ] GC(892) PSYoungGen: 2635744K(2642944K)->141169K(2642944K) Eden: 2490368K(2490368K)->0K(2490880K) From: 145376K(152576K)->141169K(152064K)
[4254.181s][info][gc,heap        ] GC(892) ParOldGen: 3530724K(3530752K)->3623308K(3623424K)
[4254.181s][info][gc,metaspace   ] GC(892) Metaspace: 29103K(29504K)->29103K(29504K) NonClass: 24213K(24384K)->24213K(24384K) Class: 4889K(5120K)->4889K(5120K)
[4254.181s][info][gc             ] GC(892) Pause Young (Allocation Failure) 6021M->3676M(6119M) 99.603ms
[4254.181s][info][gc,cpu         ] GC(892) User=0.57s Sys=0.03s Real=0.10s
. (rIR:aIR:PR = 6918:6908:6908) (tPR = 102991) [OK] 
  4254s: Performance info:
         Transaction,    Success,    Partial,     Failed,   Receipts, AvgBarcode, 
             Overall,     415278,          0,          0,     394414,      59.48, 
         Response times:
             Request,    Success,    Partial,     Failed,   SkipFail,     Probes,    Samples,      min,      p50,      p90,      p95,      p99,      max, 
       TotalPurchase,     394439,          0,          0,          0,     361571,     417238,      300,     4700,     9100,    15100,    48000,   169000,
     InStorePurchase,     207727,          0,          0,          0,     190822,     219954,      300,     4800,     9100,    15200,    48000,   169000,
      OnlinePurchase,     145198,          0,          0,          0,     132518,     152829,      300,     4700,     9100,    15200,    49000,   169000,
        InstPurchase,      41514,          0,          0,          0,      38231,      44455,      300,     4500,     8800,    13800,    46000,   134000,
          AssocOfCat,        418,          0,          0,          0,        326,        477,    19300,    33000,    50000,    65800,   146320,   170000,
      AssocOfProduct,       4169,          0,          0,          0,       3840,       4612,      800,     5900,    10600,    21000,    52870,   128000,
      BusinessReport,       1042,          0,          0,          0,        911,       1167,    24000,    40000,    57000,    73000,   151320,   171000,
          CustBuyBeh,       4151,          0,          0,          0,       3864,       4662,      200,     5100,     9000,    15000,    51000,   135000,
       ProductReturn,      11068,          0,          0,          0,       9434,      11108,      200,     4400,     9200,    15000,    48000,   129000,

  4254s: (51%)   IR =   7057 ..[4257.115s][info][gc,start       ] GC(893) Pause Young (Allocation Failure)
[4257.214s][info][gc,heap        ] GC(893) PSYoungGen: 2632049K(2642944K)->147264K(2642944K) Eden: 2490880K(2490880K)->0K(2490880K) From: 141169K(152064K)->147264K(152064K)
[4257.214s][info][gc,heap        ] GC(893) ParOldGen: 3623308K(3623424K)->3711724K(3712000K)
[4257.214s][info][gc,metaspace   ] GC(893) Metaspace: 29105K(29504K)->29105K(29504K) NonClass: 24215K(24384K)->24215K(24384K) Class: 4889K(5120K)->4889K(5120K)
[4257.214s][info][gc             ] GC(893) Pause Young (Allocation Failure) 6108M->3768M(6206M) 98.731ms
[4257.214s][info][gc,cpu         ] GC(893) User=0.55s Sys=0.03s Real=0.10s
..[4259.934s][info][gc,start       ] GC(894) Pause Young (Allocation Failure)
[4260.030s][info][gc,heap        ] GC(894) PSYoungGen: 2638144K(2642944K)->139264K(2643456K) Eden: 2490880K(2490880K)->0K(2490880K) From: 147264K(152064K)->139264K(152576K)
[4260.030s][info][gc,heap        ] GC(894) ParOldGen: 3711724K(3712000K)->3806212K(3806720K)
[4260.030s][info][gc,metaspace   ] GC(894) Metaspace: 29105K(29504K)->29105K(29504K) NonClass: 24215K(24384K)->24215K(24384K) Class: 4889K(5120K)->4889K(5120K)
[4260.030s][info][gc             ] GC(894) Pause Young (Allocation Failure) 6201M->3853M(6299M) 96.869ms
[4260.030s][info][gc,cpu         ] GC(894) User=0.55s Sys=0.03s Real=0.10s
...[4262.803s][info][gc,start       ] GC(895) Pause Young (Allocation Failure)
[4262.900s][info][gc,heap        ] GC(895) PSYoungGen: 2630144K(2643456K)->139744K(2630656K) Eden: 2490880K(2490880K)->0K(2490880K) From: 139264K(152576K)->139744K(139776K)
[4262.900s][info][gc,heap        ] GC(895) ParOldGen: 3806212K(3806720K)->3896756K(3896832K)
[4262.900s][info][gc,metaspace   ] GC(895) Metaspace: 29105K(29504K)->29105K(29504K) NonClass: 24215K(24384K)->24215K(24384K) Class: 4889K(5120K)->4889K(5120K)
[4262.901s][info][gc             ] GC(895) Pause Young (Allocation Failure) 6285M->3941M(6374M) 97.371ms
[4262.901s][info][gc,cpu         ] GC(895) User=0.54s Sys=0.04s Real=0.10s
..|.[4265.677s][info][gc,start       ] GC(896) Pause Young (Allocation Failure)
[4265.778s][info][gc,heap        ] GC(896) PSYoungGen: 2630624K(2630656K)->140896K(2643456K) Eden: 2490880K(2490880K)->0K(2491392K) From: 139744K(139776K)->140896K(152064K)
[4265.778s][info][gc,heap        ] GC(896) ParOldGen: 3896756K(3896832K)->3989228K(3989504K)
[4265.778s][info][gc,metaspace   ] GC(896) Metaspace: 29105K(29504K)->29105K(29504K) NonClass: 24215K(24384K)->24215K(24384K) Class: 4889K(5120K)->4889K(5120K)
[4265.778s][info][gc             ] GC(896) Pause Young (Allocation Failure) 6374M->4033M(6477M) 101.328ms
[4265.778s][info][gc,cpu         ] GC(896) User=0.57s Sys=0.03s Real=0.10s
...[4268.583s][info][gc,start       ] GC(897) Pause Young (Allocation Failure)
[4268.684s][info][gc,heap        ] GC(897) PSYoungGen: 2632288K(2643456K)->144384K(2642944K) Eden: 2491392K(2491392K)->0K(2491392K) From: 140896K(152064K)->144384K(151552K)
[4268.684s][info][gc,heap        ] GC(897) ParOldGen: 3989228K(3989504K)->4080948K(4081152K)
[4268.684s][info][gc,metaspace   ] GC(897) Metaspace: 29105K(29504K)->29105K(29504K) NonClass: 24215K(24384K)->24215K(24384K) Class: 4889K(5120K)->4889K(5120K)
[4268.684s][info][gc             ] GC(897) Pause Young (Allocation Failure) 6466M->4126M(6566M) 100.663ms
[4268.684s][info][gc,cpu         ] GC(897) User=0.56s Sys=0.03s Real=0.10s
...[4271.399s][info][gc,start       ] GC(898) Pause Young (Allocation Failure)
[4271.498s][info][gc,heap        ] GC(898) PSYoungGen: 2635776K(2642944K)->140352K(2643968K) Eden: 2491392K(2491392K)->0K(2492928K) From: 144384K(151552K)->140352K(151040K)
[4271.498s][info][gc,heap        ] GC(898) ParOldGen: 4080948K(4081152K)->4175540K(4175872K)
[4271.498s][info][gc,metaspace   ] GC(898) Metaspace: 29105K(29504K)->29105K(29504K) NonClass: 24215K(24384K)->24215K(24384K) Class: 4889K(5120K)->4889K(5120K)
[4271.498s][info][gc             ] GC(898) Pause Young (Allocation Failure) 6559M->4214M(6660M) 98.945ms
[4271.498s][info][gc,cpu         ] GC(898) User=0.56s Sys=0.03s Real=0.10s
...[4274.340s][info][gc,start       ] GC(899) Pause Young (Allocation Failure)
[4274.443s][info][gc,heap        ] GC(899) PSYoungGen: 2633280K(2643968K)->149648K(2643456K) Eden: 2492928K(2492928K)->0K(2492928K) From: 140352K(151040K)->149648K(150528K)
[4274.443s][info][gc,heap        ] GC(899) ParOldGen: 4175540K(4175872K)->4264812K(4264960K)
[4274.443s][info][gc,metaspace   ] GC(899) Metaspace: 29105K(29504K)->29105K(29504K) NonClass: 24215K(24384K)->24215K(24384K) Class: 4889K(5120K)->4889K(5120K)
[4274.443s][info][gc             ] GC(899) Pause Young (Allocation Failure) 6649M->4310M(6746M) 102.592ms
[4274.443s][info][gc,cpu         ] GC(899) User=0.60s Sys=0.02s Real=0.10s
...[4277.195s][info][gc,start       ] GC(900) Pause Young (Allocation Failure)
[4277.297s][info][gc,heap        ] GC(900) PSYoungGen: 2642576K(2643456K)->143680K(2643968K) Eden: 2492928K(2492928K)->0K(2491392K) From: 149648K(150528K)->143680K(152576K)
[4277.297s][info][gc,heap        ] GC(900) ParOldGen: 4264812K(4264960K)->4359132K(4359168K)
[4277.297s][info][gc,metaspace   ] GC(900) Metaspace: 29105K(29504K)->29105K(29504K) NonClass: 24215K(24384K)->24215K(24384K) Class: 4889K(5120K)->4889K(5120K)
[4277.297s][info][gc             ] GC(900) Pause Young (Allocation Failure) 6745M->4397M(6839M) 102.215ms
[4277.297s][info][gc,cpu         ] GC(900) User=0.58s Sys=0.03s Real=0.10s
...[4280.138s][info][gc,start       ] GC(901) Pause Young (Allocation Failure)
[4280.236s][info][gc,heap        ] GC(901) PSYoungGen: 2635072K(2643968K)->142688K(2634240K) Eden: 2491392K(2491392K)->0K(2491392K) From: 143680K(152576K)->142688K(142848K)
[4280.236s][info][gc,heap        ] GC(901) ParOldGen: 4359132K(4359168K)->4448764K(4448768K)
[4280.236s][info][gc,metaspace   ] GC(901) Metaspace: 29105K(29504K)->29105K(29504K) NonClass: 24215K(24384K)->24215K(24384K) Class: 4889K(5120K)->4889K(5120K)
[4280.236s][info][gc             ] GC(901) Pause Young (Allocation Failure) 6830M->4483M(6917M) 98.392ms
[4280.236s][info][gc,cpu         ] GC(901) User=0.55s Sys=0.03s Real=0.10s
..[4283.005s][info][gc,start       ] GC(902) Pause Young (Allocation Failure)
[4283.106s][info][gc,heap        ] GC(902) PSYoungGen: 2634080K(2634240K)->142976K(2642944K) Eden: 2491392K(2491392K)->0K(2491904K) From: 142688K(142848K)->142976K(151040K)
[4283.106s][info][gc,heap        ] GC(902) ParOldGen: 4448764K(4448768K)->4542132K(4542464K)
[4283.106s][info][gc,metaspace   ] GC(902) Metaspace: 29105K(29504K)->29105K(29504K) NonClass: 24215K(24384K)->24215K(24384K) Class: 4889K(5120K)->4889K(5120K)
[4283.106s][info][gc             ] GC(902) Pause Young (Allocation Failure) 6916M->4575M(7017M) 100.755ms
[4283.106s][info][gc,cpu         ] GC(902) User=0.58s Sys=0.02s Real=0.10s
...[4285.807s][info][gc,start       ] GC(903) Pause Young (Allocation Failure)
[4285.909s][info][gc,heap        ] GC(903) PSYoungGen: 2634880K(2642944K)->144245K(2642432K) Eden: 2491904K(2491904K)->0K(2491904K) From: 142976K(151040K)->144245K(150528K)
[4285.909s][info][gc,heap        ] GC(903) ParOldGen: 4542132K(4542464K)->4633684K(4634112K)
[4285.909s][info][gc,metaspace   ] GC(903) Metaspace: 29105K(29504K)->29105K(29504K) NonClass: 24215K(24384K)->24215K(24384K) Class: 4889K(5120K)->4889K(5120K)
[4285.909s][info][gc             ] GC(903) Pause Young (Allocation Failure) 7008M->4665M(7106M) 101.322ms
[4285.909s][info][gc,cpu         ] GC(903) User=0.57s Sys=0.03s Real=0.10s
...[4288.733s][info][gc,start       ] GC(904) Pause Young (Allocation Failure)
[4288.838s][info][gc,heap        ] GC(904) PSYoungGen: 2636149K(2642432K)->146640K(2643968K) Eden: 2491904K(2491904K)->0K(2493952K) From: 144245K(150528K)->146640K(150016K)
[4288.838s][info][gc,heap        ] GC(904) ParOldGen: 4633684K(4634112K)->4725020K(4725248K)
[4288.838s][info][gc,metaspace   ] GC(904) Metaspace: 29105K(29504K)->29105K(29504K) NonClass: 24215K(24384K)->24215K(24384K) Class: 4889K(5120K)->4889K(5120K)
[4288.838s][info][gc             ] GC(904) Pause Young (Allocation Failure) 7099M->4757M(7196M) 104.394ms
[4288.838s][info][gc,cpu         ] GC(904) User=0.59s Sys=0.03s Real=0.10s
...[4291.583s][info][gc,start       ] GC(905) Pause Young (Allocation Failure)
[4291.683s][info][gc,heap        ] GC(905) PSYoungGen: 2640592K(2643968K)->137728K(2644480K) Eden: 2493952K(2493952K)->0K(2493952K) From: 146640K(150016K)->137728K(150528K)
[4291.683s][info][gc,heap        ] GC(905) ParOldGen: 4725020K(4725248K)->4817204K(4817408K)
[4291.683s][info][gc,metaspace   ] GC(905) Metaspace: 29105K(29504K)->29105K(29504K) NonClass: 24215K(24384K)->24215K(24384K) Class: 4889K(5120K)->4889K(5120K)
[4291.683s][info][gc             ] GC(905) Pause Young (Allocation Failure) 7192M->4838M(7287M) 99.496ms
[4291.683s][info][gc,cpu         ] GC(905) User=0.57s Sys=0.03s Real=0.10s
...[4294.436s][info][gc,start       ] GC(906) Pause Young (Allocation Failure)
[4294.536s][info][gc,heap        ] GC(906) PSYoungGen: 2631680K(2644480K)->143744K(2644992K) Eden: 2493952K(2493952K)->0K(2494464K) From: 137728K(150528K)->143744K(150528K)
[4294.536s][info][gc,heap        ] GC(906) ParOldGen: 4817204K(4817408K)->4908956K(4909056K)
[4294.536s][info][gc,metaspace   ] GC(906) Metaspace: 29105K(29504K)->29105K(29504K) NonClass: 24215K(24384K)->24215K(24384K) Class: 4889K(5120K)->4889K(5120K)
[4294.536s][info][gc             ] GC(906) Pause Young (Allocation Failure) 7274M->4934M(7377M) 100.010ms
[4294.536s][info][gc,cpu         ] GC(906) User=0.56s Sys=0.03s Real=0.10s
...[4297.296s][info][gc,start       ] GC(907) Pause Young (Allocation Failure)
[4297.398s][info][gc,heap        ] GC(907) PSYoungGen: 2638208K(2644992K)->145380K(2644992K) Eden: 2494464K(2494464K)->0K(2494464K) From: 143744K(150528K)->145380K(150528K)
[4297.398s][info][gc,heap        ] GC(907) ParOldGen: 4908956K(4909056K)->5001332K(5001728K)
[4297.398s][info][gc,metaspace   ] GC(907) Metaspace: 29105K(29504K)->29105K(29504K) NonClass: 24215K(24384K)->24215K(24384K) Class: 4889K(5120K)->4889K(5120K)
[4297.398s][info][gc             ] GC(907) Pause Young (Allocation Failure) 7370M->5026M(7467M) 102.285ms
[4297.398s][info][gc,cpu         ] GC(907) User=0.58s Sys=0.03s Real=0.10s
...[4300.210s][info][gc,start       ] GC(908) Pause Young (Allocation Failure)
[4300.316s][info][gc,heap        ] GC(908) PSYoungGen: 2639844K(2644992K)->150500K(2574848K) Eden: 2494464K(2494464K)->0K(2424320K) From: 145380K(150528K)->150500K(150528K)
[4300.316s][info][gc,heap        ] GC(908) ParOldGen: 5001332K(5001728K)->5091532K(5091840K)
[4300.316s][info][gc,metaspace   ] GC(908) Metaspace: 29105K(29504K)->29105K(29504K) NonClass: 24215K(24384K)->24215K(24384K) Class: 4889K(5120K)->4889K(5120K)
[4300.316s][info][gc             ] GC(908) Pause Young (Allocation Failure) 7462M->5119M(7487M) 106.490ms
[4300.316s][info][gc,cpu         ] GC(908) User=0.61s Sys=0.02s Real=0.10s
..[4303.000s][info][gc,start       ] GC(909) Pause Young (Allocation Failure)
[4303.100s][info][gc,heap        ] GC(909) PSYoungGen: 2574820K(2574848K)->138944K(2610176K) Eden: 2424320K(2424320K)->0K(2424320K) From: 150500K(150528K)->138944K(185856K)
[4303.100s][info][gc,heap        ] GC(909) ParOldGen: 5091532K(5091840K)->5184004K(5184512K)
[4303.100s][info][gc,metaspace   ] GC(909) Metaspace: 29105K(29504K)->29105K(29504K) NonClass: 24215K(24384K)->24215K(24384K) Class: 4889K(5120K)->4889K(5120K)
[4303.100s][info][gc             ] GC(909) Pause Young (Allocation Failure) 7486M->5198M(7612M) 99.701ms
[4303.100s][info][gc,cpu         ] GC(909) User=0.56s Sys=0.03s Real=0.10s
...[4305.733s][info][gc,start       ] GC(910) Pause Young (Allocation Failure)
[4305.833s][info][gc,heap        ] GC(910) PSYoungGen: 2563264K(2610176K)->137248K(2607616K) Eden: 2424320K(2424320K)->0K(2424832K) From: 138944K(185856K)->137248K(182784K)
[4305.833s][info][gc,heap        ] GC(910) ParOldGen: 5184004K(5184512K)->5275964K(5276160K)
[4305.833s][info][gc,metaspace   ] GC(910) Metaspace: 29105K(29504K)->29105K(29504K) NonClass: 24215K(24384K)->24215K(24384K) Class: 4889K(5120K)->4889K(5120K)
[4305.833s][info][gc             ] GC(910) Pause Young (Allocation Failure) 7565M->5286M(7699M) 99.344ms
[4305.833s][info][gc,cpu         ] GC(910) User=0.57s Sys=0.02s Real=0.10s
...[4308.550s][info][gc,start       ] GC(911) Pause Young (Allocation Failure)
[4308.647s][info][gc,heap        ] GC(911) PSYoungGen: 2562080K(2607616K)->136160K(2609152K) Eden: 2424832K(2424832K)->0K(2424832K) From: 137248K(182784K)->136160K(184320K)
[4308.647s][info][gc,heap        ] GC(911) ParOldGen: 5275964K(5276160K)->5365140K(5365248K)
[4308.647s][info][gc,metaspace   ] GC(911) Metaspace: 29105K(29504K)->29105K(29504K) NonClass: 24215K(24384K)->24215K(24384K) Class: 4889K(5120K)->4889K(5120K)
[4308.647s][info][gc             ] GC(911) Pause Young (Allocation Failure) 7654M->5372M(7787M) 97.796ms
[4308.647s][info][gc,cpu         ] GC(911) User=0.54s Sys=0.04s Real=0.09s
...[4311.337s][info][gc,start       ] GC(912) Pause Young (Allocation Failure)
[4311.440s][info][gc,heap        ] GC(912) PSYoungGen: 2560992K(2609152K)->146928K(2605056K) Eden: 2424832K(2424832K)->0K(2428416K) From: 136160K(184320K)->146928K(176640K)
[4311.440s][info][gc,heap        ] GC(912) ParOldGen: 5365140K(5365248K)->5457436K(5457920K)
[4311.440s][info][gc,metaspace   ] GC(912) Metaspace: 29105K(29504K)->29105K(29504K) NonClass: 24215K(24384K)->24215K(24384K) Class: 4889K(5120K)->4889K(5120K)
[4311.440s][info][gc             ] GC(912) Pause Young (Allocation Failure) 7740M->5473M(7874M) 102.369ms
[4311.440s][info][gc,cpu         ] GC(912) User=0.59s Sys=0.02s Real=0.11s
..[4314.115s][info][gc,start       ] GC(913) Pause Young (Allocation Failure)
[4314.219s][info][gc,heap        ] GC(913) PSYoungGen: 2575344K(2605056K)->147049K(2608640K) Eden: 2428416K(2428416K)->0K(2428416K) From: 146928K(176640K)->147049K(180224K)
[4314.219s][info][gc,heap        ] GC(913) ParOldGen: 5457436K(5457920K)->5546644K(5547008K)
[4314.219s][info][gc,metaspace   ] GC(913) Metaspace: 29105K(29504K)->29105K(29504K) NonClass: 24215K(24384K)->24215K(24384K) Class: 4889K(5120K)->4889K(5120K)
[4314.219s][info][gc             ] GC(913) Pause Young (Allocation Failure) 7844M->5560M(7964M) 104.046ms
[4314.219s][info][gc,cpu         ] GC(913) User=0.59s Sys=0.03s Real=0.10s
...[4316.890s][info][gc,start       ] GC(914) Pause Full (Allocation Failure)
[4316.890s][info][gc,phases,start] GC(914) Marking Phase
[4317.187s][info][gc,phases      ] GC(914) Marking Phase 297.777ms
[4317.187s][info][gc,phases,start] GC(914) Summary Phase
[4317.188s][info][gc,phases      ] GC(914) Summary Phase 0.107ms
[4317.188s][info][gc,phases,start] GC(914) Forward
[4317.320s][info][gc,phases      ] GC(914) Forward 132.106ms
[4317.320s][info][gc,phases,start] GC(914) Adjust Pointers
[4317.517s][info][gc,phases      ] GC(914) Adjust Pointers 197.288ms
[4317.517s][info][gc,phases,start] GC(914) Compaction Phase
[4317.644s][info][gc,phases      ] GC(914) Compaction Phase 126.796ms
[4317.645s][info][gc,phases,start] GC(914) Post Compact
[4317.652s][info][gc,phases      ] GC(914) Post Compact 6.890ms
[4317.778s][info][gc,heap        ] GC(914) PSYoungGen: 2575465K(2608640K)->0K(2615296K) Eden: 2428416K(2428416K)->0K(2438656K) From: 147049K(180224K)->0K(176640K)
[4317.778s][info][gc,heap        ] GC(914) ParOldGen: 5546644K(5547008K)->1419985K(1653248K)
[4317.778s][info][gc,metaspace   ] GC(914) Metaspace: 29105K(29504K)->29105K(29504K) NonClass: 24215K(24384K)->24215K(24384K) Class: 4889K(5120K)->4889K(5120K)
[4317.778s][info][gc             ] GC(914) Pause Full (Allocation Failure) 7931M->1386M(4168M) 888.828ms
[4317.778s][info][gc,cpu         ] GC(914) User=4.06s Sys=0.13s Real=0.88s
..[4319.686s][info][gc,start       ] GC(915) Pause Young (Allocation Failure)
[4319.748s][info][gc,heap        ] GC(915) PSYoungGen: 2438656K(2615296K)->136973K(2615808K) Eden: 2438656K(2438656K)->0K(2438656K) From: 0K(176640K)->136973K(177152K)
[4319.748s][info][gc,heap        ] GC(915) ParOldGen: 1419985K(1653248K)->1419985K(1653248K)
[4319.748s][info][gc,metaspace   ] GC(915) Metaspace: 29105K(29504K)->29105K(29504K) NonClass: 24215K(24384K)->24215K(24384K) Class: 4889K(5120K)->4889K(5120K)
[4319.748s][info][gc             ] GC(915) Pause Young (Allocation Failure) 3768M->1520M(4169M) 62.194ms
[4319.748s][info][gc,cpu         ] GC(915) User=0.37s Sys=0.00s Real=0.06s
...[4322.506s][info][gc,start       ] GC(916) Pause Young (Allocation Failure)
[4322.601s][info][gc,heap        ] GC(916) PSYoungGen: 2575629K(2615808K)->146420K(2614272K) Eden: 2438656K(2438656K)->0K(2442752K) From: 136973K(177152K)->146420K(171520K)
[4322.601s][info][gc,heap        ] GC(916) ParOldGen: 1419985K(1653248K)->1512838K(1653248K)
[4322.601s][info][gc,metaspace   ] GC(916) Metaspace: 29105K(29504K)->29105K(29504K) NonClass: 24215K(24384K)->24215K(24384K) Class: 4889K(5120K)->4889K(5120K)
[4322.601s][info][gc             ] GC(916) Pause Young (Allocation Failure) 3901M->1620M(4167M) 95.349ms
[4322.601s][info][gc,cpu         ] GC(916) User=0.57s Sys=0.00s Real=0.10s
... (rIR:aIR:PR = 7057:7073:7073) (tPR = 105327) [OK] 
  4324s: Performance info:
         Transaction,    Success,    Partial,     Failed,   Receipts, AvgBarcode, 
             Overall,     429888,          0,          0,     408372,      59.47, 
         Response times:
             Request,    Success,    Partial,     Failed,   SkipFail,     Probes,    Samples,      min,      p50,      p90,      p95,      p99,      max, 
       TotalPurchase,     408384,          0,          0,          0,     361717,     421593,      300,     4800,    10400,    27000,    54000,   930000,
     InStorePurchase,     214868,          0,          0,          0,     190771,     221992,      300,     4800,    10400,    27000,    54000,   930000,
      OnlinePurchase,     150597,          0,          0,          0,     133104,     155064,      300,     4500,    10200,    26000,    52000,   930000,
        InstPurchase,      42919,          0,          0,          0,      37842,      44537,      300,     5400,    10800,    29000,    55000,   930000,
          AssocOfCat,        431,          0,          0,          0,        348,        503,    19300,    32000,    46600,    59600,   189960,   950000,
      AssocOfProduct,       4299,          0,          0,          0,       3998,       4957,      800,     6100,    11900,    19710,    54420,   156000,
      BusinessReport,       1080,          0,          0,          0,        933,       1250,    25000,    40000,    62900,    91900,   150000,   960000,
          CustBuyBeh,       4285,          0,          0,          0,       3942,       4858,      200,     4800,    10400,    25000,    55410,   910000,
       ProductReturn,      11425,          0,          0,          0,       9606,      11533,      200,     4800,    10500,    26000,    58000,   900000,

  4324s: (52%)   IR =   7195 [4325.267s][info][gc,start       ] GC(917) Pause Young (Allocation Failure)
[4325.360s][info][gc,heap        ] GC(917) PSYoungGen: 2589172K(2614272K)->142560K(2616320K) Eden: 2442752K(2442752K)->0K(2442752K) From: 146420K(171520K)->142560K(173568K)
[4325.360s][info][gc,heap        ] GC(917) ParOldGen: 1512838K(1653248K)->1604190K(1653248K)
[4325.360s][info][gc,metaspace   ] GC(917) Metaspace: 29105K(29504K)->29105K(29504K) NonClass: 24215K(24384K)->24215K(24384K) Class: 4889K(5120K)->4889K(5120K)
[4325.360s][info][gc             ] GC(917) Pause Young (Allocation Failure) 4005M->1705M(4169M) 93.250ms
[4325.361s][info][gc,cpu         ] GC(917) User=0.56s Sys=0.00s Real=0.10s
...[4328.042s][info][gc,start       ] GC(918) Pause Young (Allocation Failure)
[4328.134s][info][gc,heap        ] GC(918) PSYoungGen: 2585312K(2616320K)->138624K(2618880K) Eden: 2442752K(2442752K)->0K(2450432K) From: 142560K(173568K)->138624K(168448K)
[4328.134s][info][gc,heap        ] GC(918) ParOldGen: 1604190K(1653248K)->1694126K(1694208K)
[4328.134s][info][gc,metaspace   ] GC(918) Metaspace: 29105K(29504K)->29105K(29504K) NonClass: 24215K(24384K)->24215K(24384K) Class: 4889K(5120K)->4889K(5120K)
[4328.134s][info][gc             ] GC(918) Pause Young (Allocation Failure) 4091M->1789M(4212M) 92.307ms
[4328.134s][info][gc,cpu         ] GC(918) User=0.53s Sys=0.02s Real=0.09s
.|.[4330.811s][info][gc,start       ] GC(919) Pause Young (Allocation Failure)
[4330.908s][info][gc,heap        ] GC(919) PSYoungGen: 2589056K(2618880K)->137848K(2620928K) Eden: 2450432K(2450432K)->0K(2450432K) From: 138624K(168448K)->137848K(170496K)
[4330.908s][info][gc,heap        ] GC(919) ParOldGen: 1694126K(1694208K)->1785446K(1785856K)
[4330.908s][info][gc,metaspace   ] GC(919) Metaspace: 29105K(29504K)->29105K(29504K) NonClass: 24215K(24384K)->24215K(24384K) Class: 4889K(5120K)->4889K(5120K)
[4330.908s][info][gc             ] GC(919) Pause Young (Allocation Failure) 4182M->1878M(4303M) 97.151ms
[4330.908s][info][gc,cpu         ] GC(919) User=0.55s Sys=0.03s Real=0.09s
..[4332.309s][info][gc,start       ] GC(920) Pause Full (Diagnostic Command)
[4332.309s][info][gc,phases,start] GC(920) Marking Phase
[4332.607s][info][gc,phases      ] GC(920) Marking Phase 298.558ms
[4332.607s][info][gc,phases,start] GC(920) Summary Phase
[4332.607s][info][gc,phases      ] GC(920) Summary Phase 0.047ms
[4332.607s][info][gc,phases,start] GC(920) Forward
[4332.760s][info][gc,phases      ] GC(920) Forward 152.633ms
[4332.760s][info][gc,phases,start] GC(920) Adjust Pointers
[4332.962s][info][gc,phases      ] GC(920) Adjust Pointers 202.305ms
[4332.962s][info][gc,phases,start] GC(920) Compaction Phase
[4333.119s][info][gc,phases      ] GC(920) Compaction Phase 156.592ms
[4333.121s][info][gc,phases,start] GC(920) Post Compact
[4333.124s][info][gc,phases      ] GC(920) Post Compact 2.741ms
[4333.124s][info][gc,heap        ] GC(920) PSYoungGen: 1432785K(2620928K)->0K(2620928K) Eden: 1294937K(2450432K)->0K(2450432K) From: 137848K(170496K)->0K(170496K)
[4333.124s][info][gc,heap        ] GC(920) ParOldGen: 1785446K(1785856K)->1145321K(1785856K)
[4333.124s][info][gc,metaspace   ] GC(920) Metaspace: 29105K(29504K)->29105K(29504K) NonClass: 24215K(24384K)->24215K(24384K) Class: 4889K(5120K)->4889K(5120K)
[4333.124s][info][gc             ] GC(920) Pause Full (Diagnostic Command) 3142M->1118M(4303M) 815.049ms
[4333.124s][info][gc,cpu         ] GC(920) User=4.44s Sys=0.01s Real=0.82s
..[4335.041s][info][gc,start       ] GC(921) Pause Young (Allocation Failure)
[4335.109s][info][gc,heap        ] GC(921) PSYoungGen: 2450432K(2620928K)->146925K(2621440K) Eden: 2450432K(2450432K)->0K(2456064K) From: 0K(170496K)->146925K(165376K)
[4335.109s][info][gc,heap        ] GC(921) ParOldGen: 1145321K(1785856K)->1145321K(1785856K)
[4335.109s][info][gc,metaspace   ] GC(921) Metaspace: 29105K(29504K)->29105K(29504K) NonClass: 24215K(24384K)->24215K(24384K) Class: 4889K(5120K)->4889K(5120K)
[4335.109s][info][gc             ] GC(921) Pause Young (Allocation Failure) 3511M->1261M(4304M) 68.491ms
[4335.109s][info][gc,cpu         ] GC(921) User=0.41s Sys=0.00s Real=0.06s
...[4337.857s][info][gc,start       ] GC(922) Pause Young (Allocation Failure)
[4337.949s][info][gc,heap        ] GC(922) PSYoungGen: 2602989K(2621440K)->139584K(2624000K) Eden: 2456064K(2456064K)->0K(2456064K) From: 146925K(165376K)->139584K(167936K)
[4337.949s][info][gc,heap        ] GC(922) ParOldGen: 1145321K(1785856K)->1236225K(1785856K)
[4337.949s][info][gc,metaspace   ] GC(922) Metaspace: 29105K(29504K)->29105K(29504K) NonClass: 24215K(24384K)->24215K(24384K) Class: 4889K(5120K)->4889K(5120K)
[4337.949s][info][gc             ] GC(922) Pause Young (Allocation Failure) 3660M->1343M(4306M) 91.685ms
[4337.949s][info][gc,cpu         ] GC(922) User=0.54s Sys=0.00s Real=0.09s
...[4340.643s][info][gc,start       ] GC(923) Pause Young (Allocation Failure)
[4340.739s][info][gc,heap        ] GC(923) PSYoungGen: 2595648K(2624000K)->144549K(2622976K) Eden: 2456064K(2456064K)->0K(2461696K) From: 139584K(167936K)->144549K(161280K)
[4340.739s][info][gc,heap        ] GC(923) ParOldGen: 1236225K(1785856K)->1328929K(1785856K)
[4340.739s][info][gc,metaspace   ] GC(923) Metaspace: 29105K(29504K)->29105K(29504K) NonClass: 24215K(24384K)->24215K(24384K) Class: 4889K(5120K)->4889K(5120K)
[4340.739s][info][gc             ] GC(923) Pause Young (Allocation Failure) 3742M->1438M(4305M) 95.711ms
[4340.739s][info][gc,cpu         ] GC(923) User=0.57s Sys=0.00s Real=0.09s
...[4343.503s][info][gc,start       ] GC(924) Pause Young (Allocation Failure)
[4343.602s][info][gc,heap        ] GC(924) PSYoungGen: 2606245K(2622976K)->153664K(2626048K) Eden: 2461696K(2461696K)->0K(2461696K) From: 144549K(161280K)->153664K(164352K)
[4343.602s][info][gc,heap        ] GC(924) ParOldGen: 1328929K(1785856K)->1420153K(1785856K)
[4343.602s][info][gc,metaspace   ] GC(924) Metaspace: 29105K(29504K)->29105K(29504K) NonClass: 24215K(24384K)->24215K(24384K) Class: 4889K(5120K)->4889K(5120K)
[4343.602s][info][gc             ] GC(924) Pause Young (Allocation Failure) 3842M->1536M(4308M) 99.179ms
[4343.602s][info][gc,cpu         ] GC(924) User=0.59s Sys=0.00s Real=0.10s
..[4346.261s][info][gc,start       ] GC(925) Pause Young (Allocation Failure)
[4346.354s][info][gc,heap        ] GC(925) PSYoungGen: 2615360K(2626048K)->139872K(2630656K) Eden: 2461696K(2461696K)->0K(2465280K) From: 153664K(164352K)->139872K(165376K)
[4346.354s][info][gc,heap        ] GC(925) ParOldGen: 1420153K(1785856K)->1513585K(1785856K)
[4346.354s][info][gc,metaspace   ] GC(925) Metaspace: 29105K(29504K)->29105K(29504K) NonClass: 24215K(24384K)->24215K(24384K) Class: 4889K(5120K)->4889K(5120K)
[4346.354s][info][gc             ] GC(925) Pause Young (Allocation Failure) 3940M->1614M(4313M) 92.978ms
[4346.354s][info][gc,cpu         ] GC(925) User=0.55s Sys=0.00s Real=0.09s
...[4349.061s][info][gc,start       ] GC(926) Pause Young (Allocation Failure)
[4349.159s][info][gc,heap        ] GC(926) PSYoungGen: 2605152K(2630656K)->148809K(2630144K) Eden: 2465280K(2465280K)->0K(2465280K) From: 139872K(165376K)->148809K(164864K)
[4349.159s][info][gc,heap        ] GC(926) ParOldGen: 1513585K(1785856K)->1604625K(1785856K)
[4349.159s][info][gc,metaspace   ] GC(926) Metaspace: 29105K(29504K)->29105K(29504K) NonClass: 24215K(24384K)->24215K(24384K) Class: 4889K(5120K)->4889K(5120K)
[4349.159s][info][gc             ] GC(926) Pause Young (Allocation Failure) 4022M->1712M(4312M) 97.250ms
[4349.159s][info][gc,cpu         ] GC(926) User=0.58s Sys=0.00s Real=0.09s
...[4351.813s][info][gc,start       ] GC(927) Pause Young (Allocation Failure)
[4351.904s][info][gc,heap        ] GC(927) PSYoungGen: 2614089K(2630144K)->136512K(2630656K) Eden: 2465280K(2465280K)->0K(2466304K) From: 148809K(164864K)->136512K(164352K)
[4351.904s][info][gc,heap        ] GC(927) ParOldGen: 1604625K(1785856K)->1696297K(1785856K)
[4351.904s][info][gc,metaspace   ] GC(927) Metaspace: 29105K(29504K)->29105K(29504K) NonClass: 24215K(24384K)->24215K(24384K) Class: 4889K(5120K)->4889K(5120K)
[4351.904s][info][gc             ] GC(927) Pause Young (Allocation Failure) 4119M->1789M(4313M) 90.973ms
[4351.904s][info][gc,cpu         ] GC(927) User=0.53s Sys=0.00s Real=0.09s
...[4354.648s][info][gc,start       ] GC(928) Pause Young (Allocation Failure)
[4354.745s][info][gc,heap        ] GC(928) PSYoungGen: 2602816K(2630656K)->144676K(2630144K) Eden: 2466304K(2466304K)->0K(2466304K) From: 136512K(164352K)->144676K(163840K)
[4354.745s][info][gc,heap        ] GC(928) ParOldGen: 1696297K(1785856K)->1786681K(1786880K)
[4354.745s][info][gc,metaspace   ] GC(928) Metaspace: 29105K(29504K)->29105K(29504K) NonClass: 24215K(24384K)->24215K(24384K) Class: 4889K(5120K)->4889K(5120K)
[4354.745s][info][gc             ] GC(928) Pause Young (Allocation Failure) 4198M->1886M(4313M) 97.427ms
[4354.745s][info][gc,cpu         ] GC(928) User=0.57s Sys=0.00s Real=0.10s
...[4357.455s][info][gc,start       ] GC(929) Pause Young (Allocation Failure)
[4357.556s][info][gc,heap        ] GC(929) PSYoungGen: 2610980K(2630144K)->147600K(2631168K) Eden: 2466304K(2466304K)->0K(2468864K) From: 144676K(163840K)->147600K(162304K)
[4357.556s][info][gc,heap        ] GC(929) ParOldGen: 1786681K(1786880K)->1878873K(1879040K)
[4357.556s][info][gc,metaspace   ] GC(929) Metaspace: 29105K(29504K)->29105K(29504K) NonClass: 24215K(24384K)->24215K(24384K) Class: 4889K(5120K)->4889K(5120K)
[4357.556s][info][gc             ] GC(929) Pause Young (Allocation Failure) 4294M->1978M(4404M) 100.588ms
[4357.556s][info][gc,cpu         ] GC(929) User=0.58s Sys=0.03s Real=0.10s
..[4360.312s][info][gc,start       ] GC(930) Pause Young (Allocation Failure)
[4360.411s][info][gc,heap        ] GC(930) PSYoungGen: 2616464K(2631168K)->144256K(2630144K) Eden: 2468864K(2468864K)->0K(2468864K) From: 147600K(162304K)->144256K(161280K)
[4360.411s][info][gc,heap        ] GC(930) ParOldGen: 1878873K(1879040K)->1969961K(1970176K)
[4360.411s][info][gc,metaspace   ] GC(930) Metaspace: 29105K(29504K)->29105K(29504K) NonClass: 24215K(24384K)->24215K(24384K) Class: 4889K(5120K)->4889K(5120K)
[4360.411s][info][gc             ] GC(930) Pause Young (Allocation Failure) 4389M->2064M(4492M) 98.415ms
[4360.411s][info][gc,cpu         ] GC(930) User=0.56s Sys=0.02s Real=0.10s
...[4363.020s][info][gc,start       ] GC(931) Pause Young (Allocation Failure)
[4363.120s][info][gc,heap        ] GC(931) PSYoungGen: 2613120K(2630144K)->142901K(2633216K) Eden: 2468864K(2468864K)->0K(2473472K) From: 144256K(161280K)->142901K(159744K)
[4363.120s][info][gc,heap        ] GC(931) ParOldGen: 1969961K(1970176K)->2064089K(2064384K)
[4363.120s][info][gc,metaspace   ] GC(931) Metaspace: 29105K(29504K)->29105K(29504K) NonClass: 24215K(24384K)->24215K(24384K) Class: 4889K(5120K)->4889K(5120K)
[4363.120s][info][gc             ] GC(931) Pause Young (Allocation Failure) 4475M->2155M(4587M) 99.340ms
[4363.120s][info][gc,cpu         ] GC(931) User=0.56s Sys=0.03s Real=0.10s
...[4365.793s][info][gc,start       ] GC(932) Pause Young (Allocation Failure)
[4365.890s][info][gc,heap        ] GC(932) PSYoungGen: 2616373K(2633216K)->138944K(2632192K) Eden: 2473472K(2473472K)->0K(2473472K) From: 142901K(159744K)->138944K(158720K)
[4365.890s][info][gc,heap        ] GC(932) ParOldGen: 2064089K(2064384K)->2153497K(2153984K)
[4365.890s][info][gc,metaspace   ] GC(932) Metaspace: 29105K(29504K)->29105K(29504K) NonClass: 24215K(24384K)->24215K(24384K) Class: 4889K(5120K)->4889K(5120K)
[4365.890s][info][gc             ] GC(932) Pause Young (Allocation Failure) 4570M->2238M(4674M) 97.047ms
[4365.891s][info][gc,cpu         ] GC(932) User=0.56s Sys=0.02s Real=0.10s
...[4368.630s][info][gc,start       ] GC(933) Pause Young (Allocation Failure)
[4368.727s][info][gc,heap        ] GC(933) PSYoungGen: 2612416K(2632192K)->139264K(2636288K) Eden: 2473472K(2473472K)->0K(2478080K) From: 138944K(158720K)->139264K(158208K)
[4368.727s][info][gc,heap        ] GC(933) ParOldGen: 2153497K(2153984K)->2244529K(2244608K)
[4368.727s][info][gc,metaspace   ] GC(933) Metaspace: 29105K(29504K)->29105K(29504K) NonClass: 24215K(24384K)->24215K(24384K) Class: 4889K(5120K)->4889K(5120K)
[4368.727s][info][gc             ] GC(933) Pause Young (Allocation Failure) 4654M->2327M(4766M) 97.180ms
[4368.727s][info][gc,cpu         ] GC(933) User=0.56s Sys=0.02s Real=0.09s
..[4371.326s][info][gc,start       ] GC(934) Pause Young (Allocation Failure)
[4371.424s][info][gc,heap        ] GC(934) PSYoungGen: 2617344K(2636288K)->138560K(2635776K) Eden: 2478080K(2478080K)->0K(2478080K) From: 139264K(158208K)->138560K(157696K)
[4371.424s][info][gc,heap        ] GC(934) ParOldGen: 2244529K(2244608K)->2339321K(2339328K)
[4371.424s][info][gc,metaspace   ] GC(934) Metaspace: 29105K(29504K)->29105K(29504K) NonClass: 24215K(24384K)->24215K(24384K) Class: 4889K(5120K)->4889K(5120K)
[4371.424s][info][gc             ] GC(934) Pause Young (Allocation Failure) 4747M->2419M(4858M) 97.686ms
[4371.424s][info][gc,cpu         ] GC(934) User=0.55s Sys=0.03s Real=0.10s
...[4374.201s][info][gc,start       ] GC(935) Pause Young (Allocation Failure)
[4374.306s][info][gc,heap        ] GC(935) PSYoungGen: 2616640K(2635776K)->155717K(2632704K) Eden: 2478080K(2478080K)->0K(2475520K) From: 138560K(157696K)->155717K(157184K)
[4374.306s][info][gc,heap        ] GC(935) ParOldGen: 2339321K(2339328K)->2427673K(2427904K)
[4374.306s][info][gc,metaspace   ] GC(935) Metaspace: 29105K(29504K)->29105K(29504K) NonClass: 24215K(24384K)->24215K(24384K) Class: 4889K(5120K)->4889K(5120K)
[4374.306s][info][gc             ] GC(935) Pause Young (Allocation Failure) 4839M->2522M(4942M) 104.995ms
[4374.306s][info][gc,cpu         ] GC(935) User=0.60s Sys=0.03s Real=0.10s
...[4376.994s][info][gc,start       ] GC(936) Pause Young (Allocation Failure)
[4377.094s][info][gc,heap        ] GC(936) PSYoungGen: 2631237K(2632704K)->144240K(2635776K) Eden: 2475520K(2475520K)->0K(2475520K) From: 155717K(157184K)->144240K(160256K)
[4377.094s][info][gc,heap        ] GC(936) ParOldGen: 2427673K(2427904K)->2520705K(2521088K)
[4377.094s][info][gc,metaspace   ] GC(936) Metaspace: 29105K(29504K)->29105K(29504K) NonClass: 24215K(24384K)->24215K(24384K) Class: 4889K(5120K)->4889K(5120K)
[4377.094s][info][gc             ] GC(936) Pause Young (Allocation Failure) 4940M->2602M(5036M) 100.107ms
[4377.094s][info][gc,cpu         ] GC(936) User=0.56s Sys=0.03s Real=0.10s
...[4379.778s][info][gc,start       ] GC(937) Pause Young (Allocation Failure)
[4379.874s][info][gc,heap        ] GC(937) PSYoungGen: 2619760K(2635776K)->137824K(2634240K) Eden: 2475520K(2475520K)->0K(2477056K) From: 144240K(160256K)->137824K(157184K)
[4379.874s][info][gc,heap        ] GC(937) ParOldGen: 2520705K(2521088K)->2611537K(2611712K)
[4379.874s][info][gc,metaspace   ] GC(937) Metaspace: 29105K(29504K)->29105K(29504K) NonClass: 24215K(24384K)->24215K(24384K) Class: 4889K(5120K)->4889K(5120K)
[4379.874s][info][gc             ] GC(937) Pause Young (Allocation Failure) 5019M->2684M(5123M) 96.307ms
[4379.874s][info][gc,cpu         ] GC(937) User=0.55s Sys=0.02s Real=0.10s
...[4382.554s][info][gc,start       ] GC(938) Pause Young (Allocation Failure)
[4382.651s][info][gc,heap        ] GC(938) PSYoungGen: 2614880K(2634240K)->137408K(2635776K) Eden: 2477056K(2477056K)->0K(2477056K) From: 137824K(157184K)->137408K(158720K)
[4382.651s][info][gc,heap        ] GC(938) ParOldGen: 2611537K(2611712K)->2704025K(2704384K)
[4382.651s][info][gc,metaspace   ] GC(938) Metaspace: 29105K(29504K)->29105K(29504K) NonClass: 24215K(24384K)->24215K(24384K) Class: 4889K(5120K)->4889K(5120K)
[4382.651s][info][gc             ] GC(938) Pause Young (Allocation Failure) 5103M->2774M(5215M) 96.931ms
[4382.651s][info][gc,cpu         ] GC(938) User=0.55s Sys=0.02s Real=0.10s
..[4385.434s][info][gc,start       ] GC(939) Pause Young (Allocation Failure)
[4385.536s][info][gc,heap        ] GC(939) PSYoungGen: 2614464K(2635776K)->151254K(2634752K) Eden: 2477056K(2477056K)->0K(2476544K) From: 137408K(158720K)->151254K(158208K)
[4385.536s][info][gc,heap        ] GC(939) ParOldGen: 2704025K(2704384K)->2794073K(2794496K)
[4385.536s][info][gc,metaspace   ] GC(939) Metaspace: 29105K(29504K)->29105K(29504K) NonClass: 24215K(24384K)->24215K(24384K) Class: 4889K(5120K)->4889K(5120K)
[4385.536s][info][gc             ] GC(939) Pause Young (Allocation Failure) 5193M->2876M(5302M) 102.669ms
[4385.536s][info][gc,cpu         ] GC(939) User=0.58s Sys=0.02s Real=0.10s
...[4388.215s][info][gc,start       ] GC(940) Pause Young (Allocation Failure)
[4388.312s][info][gc,heap        ] GC(940) PSYoungGen: 2627798K(2634752K)->139424K(2636288K) Eden: 2476544K(2476544K)->0K(2476544K) From: 151254K(158208K)->139424K(159744K)
[4388.312s][info][gc,heap        ] GC(940) ParOldGen: 2794073K(2794496K)->2889617K(2889728K)
[4388.312s][info][gc,metaspace   ] GC(940) Metaspace: 29105K(29504K)->29105K(29504K) NonClass: 24215K(24384K)->24215K(24384K) Class: 4889K(5120K)->4889K(5120K)
[4388.312s][info][gc             ] GC(940) Pause Young (Allocation Failure) 5294M->2958M(5396M) 97.623ms
[4388.313s][info][gc,cpu         ] GC(940) User=0.55s Sys=0.03s Real=0.10s
.. (rIR:aIR:PR = 7195:7185:7185) (tPR = 106905) [OK] 
  4389s: Performance info:
         Transaction,    Success,    Partial,     Failed,   Receipts, AvgBarcode, 
             Overall,     435982,          0,          0,     414138,      59.47, 
         Response times:
             Request,    Success,    Partial,     Failed,   SkipFail,     Probes,    Samples,      min,      p50,      p90,      p95,      p99,      max, 
       TotalPurchase,     414138,          0,          0,          0,     362560,     391888,      300,     4900,    11500,    37000,   525000,   770000,
     InStorePurchase,     217995,          0,          0,          0,     190267,     205703,      300,     4900,    11400,    36000,   527000,   770000,
      OnlinePurchase,     152575,          0,          0,          0,     133728,     144320,      300,     5000,    11400,    38000,   523000,   770000,
        InstPurchase,      43568,          0,          0,          0,      38565,      41865,      400,     4600,    11640,    38000,   525000,   770000,
          AssocOfCat,        435,          0,          0,          0,        357,        478,    21000,    35000,    59300,   131050,   670000,   670000,
      AssocOfProduct,       4374,          0,          0,          0,       3990,       4501,      900,     4300,    11300,    33000,   485000,   760000,
      BusinessReport,       1096,          0,          0,          0,        937,       1126,    24000,    39000,    62000,    87650,   648940,   910000,
          CustBuyBeh,       4366,          0,          0,          0,       3982,       4464,      200,     3400,     9200,    30000,   564000,   700000,
       ProductReturn,      11574,          0,          0,          0,       9863,      10831,      200,     5100,    11000,    34000,   506000,   760000,

  4389s: (53%)   IR =   7334 .[4390.979s][info][gc,start       ] GC(941) Pause Young (Allocation Failure)
[4391.084s][info][gc,heap        ] GC(941) PSYoungGen: 2615968K(2636288K)->152388K(2633216K) Eden: 2476544K(2476544K)->0K(2474496K) From: 139424K(159744K)->152388K(158720K)
[4391.084s][info][gc,heap        ] GC(941) ParOldGen: 2889617K(2889728K)->2979969K(2980352K)
[4391.084s][info][gc,metaspace   ] GC(941) Metaspace: 29105K(29504K)->29105K(29504K) NonClass: 24215K(24384K)->24215K(24384K) Class: 4889K(5120K)->4889K(5120K)
[4391.084s][info][gc             ] GC(941) Pause Young (Allocation Failure) 5376M->3058M(5482M) 104.535ms
[4391.084s][info][gc,cpu         ] GC(941) User=0.59s Sys=0.03s Real=0.11s
...[4393.800s][info][gc,start       ] GC(942) Pause Young (Allocation Failure)
[4393.897s][info][gc,heap        ] GC(942) PSYoungGen: 2626884K(2633216K)->138880K(2635264K) Eden: 2474496K(2474496K)->0K(2474496K) From: 152388K(158720K)->138880K(160768K)
[4393.898s][info][gc,heap        ] GC(942) ParOldGen: 2979969K(2980352K)->3071561K(3072000K)
[4393.898s][info][gc,metaspace   ] GC(942) Metaspace: 29105K(29504K)->29105K(29504K) NonClass: 24215K(24384K)->24215K(24384K) Class: 4889K(5120K)->4889K(5120K)
[4393.898s][info][gc             ] GC(942) Pause Young (Allocation Failure) 5475M->3135M(5573M) 97.263ms
[4393.898s][info][gc,cpu         ] GC(942) User=0.54s Sys=0.03s Real=0.09s
..[4396.487s][info][gc,start       ] GC(943) Pause Young (Allocation Failure)
[4396.585s][info][gc,heap        ] GC(943) PSYoungGen: 2613376K(2635264K)->141728K(2631680K) Eden: 2474496K(2474496K)->0K(2475008K) From: 138880K(160768K)->141728K(156672K)
[4396.585s][info][gc,heap        ] GC(943) ParOldGen: 3071561K(3072000K)->3164193K(3164672K)
[4396.585s][info][gc,metaspace   ] GC(943) Metaspace: 29105K(29504K)->29105K(29504K) NonClass: 24215K(24384K)->24215K(24384K) Class: 4889K(5120K)->4889K(5120K)
[4396.585s][info][gc             ] GC(943) Pause Young (Allocation Failure) 5551M->3228M(5660M) 98.478ms
[4396.585s][info][gc,cpu         ] GC(943) User=0.55s Sys=0.03s Real=0.10s
...[4399.267s][info][gc,start       ] GC(944) Pause Young (Allocation Failure)
[4399.365s][info][gc,heap        ] GC(944) PSYoungGen: 2616736K(2631680K)->142048K(2633728K) Eden: 2475008K(2475008K)->0K(2475008K) From: 141728K(156672K)->142048K(158720K)
[4399.365s][info][gc,heap        ] GC(944) ParOldGen: 3164193K(3164672K)->3254033K(3254272K)
[4399.365s][info][gc,metaspace   ] GC(944) Metaspace: 29105K(29504K)->29105K(29504K) NonClass: 24215K(24384K)->24215K(24384K) Class: 4889K(5120K)->4889K(5120K)
[4399.365s][info][gc             ] GC(944) Pause Young (Allocation Failure) 5645M->3316M(5750M) 98.404ms
[4399.366s][info][gc,cpu         ] GC(944) User=0.56s Sys=0.02s Real=0.10s
...[4402.033s][info][gc,start       ] GC(945) Pause Young (Allocation Failure)
[4402.133s][info][gc,heap        ] GC(945) PSYoungGen: 2617056K(2633728K)->145968K(2635264K) Eden: 2475008K(2475008K)->0K(2479616K) From: 142048K(158720K)->145968K(155648K)
[4402.133s][info][gc,heap        ] GC(945) ParOldGen: 3254033K(3254272K)->3345481K(3345920K)
[4402.133s][info][gc,metaspace   ] GC(945) Metaspace: 29105K(29504K)->29105K(29504K) NonClass: 24215K(24384K)->24215K(24384K) Class: 4889K(5120K)->4889K(5120K)
[4402.133s][info][gc             ] GC(945) Pause Young (Allocation Failure) 5733M->3409M(5841M) 100.455ms
[4402.133s][info][gc,cpu         ] GC(945) User=0.57s Sys=0.03s Real=0.10s
.|..[4404.700s][info][gc,start       ] GC(946) Pause Young (Allocation Failure)
[4404.796s][info][gc,heap        ] GC(946) PSYoungGen: 2625584K(2635264K)->136736K(2636800K) Eden: 2479616K(2479616K)->0K(2479616K) From: 145968K(155648K)->136736K(157184K)
[4404.796s][info][gc,heap        ] GC(946) ParOldGen: 3345481K(3345920K)->3437889K(3438080K)
[4404.796s][info][gc,metaspace   ] GC(946) Metaspace: 29105K(29504K)->29105K(29504K) NonClass: 24215K(24384K)->24215K(24384K) Class: 4889K(5120K)->4889K(5120K)
[4404.796s][info][gc             ] GC(946) Pause Young (Allocation Failure) 5831M->3490M(5932M) 96.226ms
[4404.796s][info][gc,cpu         ] GC(946) User=0.54s Sys=0.03s Real=0.09s
..[4407.444s][info][gc,start       ] GC(947) Pause Young (Allocation Failure)
[4407.547s][info][gc,heap        ] GC(947) PSYoungGen: 2616352K(2636800K)->152672K(2634752K) Eden: 2479616K(2479616K)->0K(2477568K) From: 136736K(157184K)->152672K(157184K)
[4407.547s][info][gc,heap        ] GC(947) ParOldGen: 3437889K(3438080K)->3528377K(3528704K)
[4407.547s][info][gc,metaspace   ] GC(947) Metaspace: 29105K(29504K)->29105K(29504K) NonClass: 24215K(24384K)->24215K(24384K) Class: 4889K(5120K)->4889K(5120K)
[4407.547s][info][gc             ] GC(947) Pause Young (Allocation Failure) 5912M->3594M(6019M) 103.340ms
[4407.547s][info][gc,cpu         ] GC(947) User=0.59s Sys=0.02s Real=0.10s
...[4410.256s][info][gc,start       ] GC(948) Pause Young (Allocation Failure)
[4410.356s][info][gc,heap        ] GC(948) PSYoungGen: 2630240K(2634752K)->144384K(2636800K) Eden: 2477568K(2477568K)->0K(2477568K) From: 152672K(157184K)->144384K(159232K)
[4410.356s][info][gc,heap        ] GC(948) ParOldGen: 3528377K(3528704K)->3620073K(3620352K)
[4410.356s][info][gc,metaspace   ] GC(948) Metaspace: 29105K(29504K)->29105K(29504K) NonClass: 24215K(24384K)->24215K(24384K) Class: 4889K(5120K)->4889K(5120K)
[4410.356s][info][gc             ] GC(948) Pause Young (Allocation Failure) 6014M->3676M(6110M) 100.031ms
[4410.356s][info][gc,cpu         ] GC(948) User=0.57s Sys=0.02s Real=0.10s
...[4412.970s][info][gc,start       ] GC(949) Pause Young (Allocation Failure)
[4413.070s][info][gc,heap        ] GC(949) PSYoungGen: 2621952K(2636800K)->140256K(2635264K) Eden: 2477568K(2477568K)->0K(2479104K) From: 144384K(159232K)->140256K(156160K)
[4413.070s][info][gc,heap        ] GC(949) ParOldGen: 3620073K(3620352K)->3712937K(3713024K)
[4413.070s][info][gc,metaspace   ] GC(949) Metaspace: 29105K(29504K)->29105K(29504K) NonClass: 24215K(24384K)->24215K(24384K) Class: 4889K(5120K)->4889K(5120K)
[4413.070s][info][gc             ] GC(949) Pause Young (Allocation Failure) 6095M->3762M(6199M) 99.439ms
[4413.070s][info][gc,cpu         ] GC(949) User=0.55s Sys=0.03s Real=0.10s
...[4415.729s][info][gc,start       ] GC(950) Pause Young (Allocation Failure)
[4415.827s][info][gc,heap        ] GC(950) PSYoungGen: 2619360K(2635264K)->137792K(2636288K) Eden: 2479104K(2479104K)->0K(2479104K) From: 140256K(156160K)->137792K(157184K)
[4415.827s][info][gc,heap        ] GC(950) ParOldGen: 3712937K(3713024K)->3804265K(3804672K)
[4415.827s][info][gc,metaspace   ] GC(950) Metaspace: 29105K(29504K)->29105K(29504K) NonClass: 24215K(24384K)->24215K(24384K) Class: 4889K(5120K)->4889K(5120K)
[4415.827s][info][gc             ] GC(950) Pause Young (Allocation Failure) 6183M->3849M(6290M) 97.966ms
[4415.827s][info][gc,cpu         ] GC(950) User=0.55s Sys=0.02s Real=0.10s
..[4418.417s][info][gc,start       ] GC(951) Pause Young (Allocation Failure)
[4418.517s][info][gc,heap        ] GC(951) PSYoungGen: 2616896K(2636288K)->142208K(2636288K) Eden: 2479104K(2479104K)->0K(2482176K) From: 137792K(157184K)->142208K(154112K)
[4418.517s][info][gc,heap        ] GC(951) ParOldGen: 3804265K(3804672K)->3897121K(3897344K)
[4418.517s][info][gc,metaspace   ] GC(951) Metaspace: 29105K(29504K)->29105K(29504K) NonClass: 24215K(24384K)->24215K(24384K) Class: 4889K(5120K)->4889K(5120K)
[4418.517s][info][gc             ] GC(951) Pause Young (Allocation Failure) 6270M->3944M(6380M) 99.797ms
[4418.517s][info][gc,cpu         ] GC(951) User=0.56s Sys=0.02s Real=0.10s
...[4421.231s][info][gc,start       ] GC(952) Pause Young (Allocation Failure)
[4421.334s][info][gc,heap        ] GC(952) PSYoungGen: 2624384K(2636288K)->148117K(2637824K) Eden: 2482176K(2482176K)->0K(2482176K) From: 142208K(154112K)->148117K(155648K)
[4421.334s][info][gc,heap        ] GC(952) ParOldGen: 3897121K(3897344K)->3986777K(3986944K)
[4421.334s][info][gc,metaspace   ] GC(952) Metaspace: 29105K(29504K)->29105K(29504K) NonClass: 24215K(24384K)->24215K(24384K) Class: 4889K(5120K)->4889K(5120K)
[4421.334s][info][gc             ] GC(952) Pause Young (Allocation Failure) 6368M->4037M(6469M) 102.993ms
[4421.334s][info][gc,cpu         ] GC(952) User=0.59s Sys=0.02s Real=0.10s
...[4424.006s][info][gc,start       ] GC(953) Pause Young (Allocation Failure)
[4424.108s][info][gc,heap        ] GC(953) PSYoungGen: 2630293K(2637824K)->147376K(2638848K) Eden: 2482176K(2482176K)->0K(2482688K) From: 148117K(155648K)->147376K(156160K)
[4424.108s][info][gc,heap        ] GC(953) ParOldGen: 3986777K(3986944K)->4078713K(4079104K)
[4424.108s][info][gc,metaspace   ] GC(953) Metaspace: 29105K(29504K)->29105K(29504K) NonClass: 24215K(24384K)->24215K(24384K) Class: 4889K(5120K)->4889K(5120K)
[4424.108s][info][gc             ] GC(953) Pause Young (Allocation Failure) 6461M->4127M(6560M) 101.569ms
[4424.108s][info][gc,cpu         ] GC(953) User=0.58s Sys=0.02s Real=0.10s
...[4426.737s][info][gc,start       ] GC(954) Pause Young (Allocation Failure)
[4426.835s][info][gc,heap        ] GC(954) PSYoungGen: 2630064K(2638848K)->136800K(2639360K) Eden: 2482688K(2482688K)->0K(2482688K) From: 147376K(156160K)->136800K(156672K)
[4426.835s][info][gc,heap        ] GC(954) ParOldGen: 4078713K(4079104K)->4170361K(4170752K)
[4426.835s][info][gc,metaspace   ] GC(954) Metaspace: 29105K(29504K)->29105K(29504K) NonClass: 24215K(24384K)->24215K(24384K) Class: 4889K(5120K)->4889K(5120K)
[4426.835s][info][gc             ] GC(954) Pause Young (Allocation Failure) 6551M->4206M(6650M) 98.500ms
[4426.836s][info][gc,cpu         ] GC(954) User=0.55s Sys=0.04s Real=0.10s
..[4429.484s][info][gc,start       ] GC(955) Pause Young (Allocation Failure)
[4429.588s][info][gc,heap        ] GC(955) PSYoungGen: 2619488K(2639360K)->151412K(2635776K) Eden: 2482688K(2482688K)->0K(2479616K) From: 136800K(156672K)->151412K(156160K)
[4429.588s][info][gc,heap        ] GC(955) ParOldGen: 4170361K(4170752K)->4261081K(4261376K)
[4429.588s][info][gc,metaspace   ] GC(955) Metaspace: 29105K(29504K)->29105K(29504K) NonClass: 24215K(24384K)->24215K(24384K) Class: 4889K(5120K)->4889K(5120K)
[4429.588s][info][gc             ] GC(955) Pause Young (Allocation Failure) 6630M->4309M(6735M) 103.289ms
[4429.588s][info][gc,cpu         ] GC(955) User=0.59s Sys=0.03s Real=0.10s
...[4432.233s][info][gc,start       ] GC(956) Pause Young (Allocation Failure)
[4432.333s][info][gc,heap        ] GC(956) PSYoungGen: 2631028K(2635776K)->141888K(2637824K) Eden: 2479616K(2479616K)->0K(2479616K) From: 151412K(156160K)->141888K(158208K)
[4432.333s][info][gc,heap        ] GC(956) ParOldGen: 4261081K(4261376K)->4354577K(4355072K)
[4432.333s][info][gc,metaspace   ] GC(956) Metaspace: 29105K(29504K)->29105K(29504K) NonClass: 24215K(24384K)->24215K(24384K) Class: 4889K(5120K)->4889K(5120K)
[4432.333s][info][gc             ] GC(956) Pause Young (Allocation Failure) 6730M->4391M(6829M) 99.661ms
[4432.333s][info][gc,cpu         ] GC(956) User=0.56s Sys=0.04s Real=0.10s
...[4435.031s][info][gc,start       ] GC(957) Pause Young (Allocation Failure)
[4435.134s][info][gc,heap        ] GC(957) PSYoungGen: 2621504K(2637824K)->143904K(2633728K) Eden: 2479616K(2479616K)->0K(2480640K) From: 141888K(158208K)->143904K(153088K)
[4435.134s][info][gc,heap        ] GC(957) ParOldGen: 4354577K(4355072K)->4446249K(4446720K)
[4435.134s][info][gc,metaspace   ] GC(957) Metaspace: 29105K(29504K)->29105K(29504K) NonClass: 24215K(24384K)->24215K(24384K) Class: 4889K(5120K)->4889K(5120K)
[4435.134s][info][gc             ] GC(957) Pause Young (Allocation Failure) 6812M->4482M(6914M) 103.373ms
[4435.134s][info][gc,cpu         ] GC(957) User=0.59s Sys=0.03s Real=0.10s
...[4437.734s][info][gc,start       ] GC(958) Pause Young (Allocation Failure)
[4437.833s][info][gc,heap        ] GC(958) PSYoungGen: 2624544K(2633728K)->135168K(2636288K) Eden: 2480640K(2480640K)->0K(2480640K) From: 143904K(153088K)->135168K(155648K)
[4437.833s][info][gc,heap        ] GC(958) ParOldGen: 4446249K(4446720K)->4540657K(4540928K)
[4437.833s][info][gc,metaspace   ] GC(958) Metaspace: 29105K(29504K)->29105K(29504K) NonClass: 24215K(24384K)->24215K(24384K) Class: 4889K(5120K)->4889K(5120K)
[4437.833s][info][gc             ] GC(958) Pause Young (Allocation Failure) 6905M->4566M(7009M) 99.476ms
[4437.833s][info][gc,cpu         ] GC(958) User=0.55s Sys=0.02s Real=0.10s
..[4440.501s][info][gc,start       ] GC(959) Pause Young (Allocation Failure)
[4440.604s][info][gc,heap        ] GC(959) PSYoungGen: 2615808K(2636288K)->150328K(2636800K) Eden: 2480640K(2480640K)->0K(2480640K) From: 135168K(155648K)->150328K(156160K)
[4440.604s][info][gc,heap        ] GC(959) ParOldGen: 4540657K(4540928K)->4630425K(4630528K)
[4440.604s][info][gc,metaspace   ] GC(959) Metaspace: 29105K(29504K)->29105K(29504K) NonClass: 24215K(24384K)->24215K(24384K) Class: 4889K(5120K)->4889K(5120K)
[4440.604s][info][gc             ] GC(959) Pause Young (Allocation Failure) 6988M->4668M(7097M) 103.559ms
[4440.604s][info][gc,cpu         ] GC(959) User=0.59s Sys=0.03s Real=0.10s
...[4443.228s][info][gc,start       ] GC(960) Pause Young (Allocation Failure)
[4443.329s][info][gc,heap        ] GC(960) PSYoungGen: 2630968K(2636800K)->142656K(2638336K) Eden: 2480640K(2480640K)->0K(2480640K) From: 150328K(156160K)->142656K(157696K)
[4443.329s][info][gc,heap        ] GC(960) ParOldGen: 4630425K(4630528K)->4723001K(4723200K)
[4443.329s][info][gc,metaspace   ] GC(960) Metaspace: 29105K(29504K)->29105K(29504K) NonClass: 24215K(24384K)->24215K(24384K) Class: 4889K(5120K)->4889K(5120K)
[4443.329s][info][gc             ] GC(960) Pause Young (Allocation Failure) 7091M->4751M(7189M) 100.197ms
[4443.329s][info][gc,cpu         ] GC(960) User=0.57s Sys=0.02s Real=0.10s
...[4445.978s][info][gc,start       ] GC(961) Pause Young (Allocation Failure)
[4446.082s][info][gc,heap        ] GC(961) PSYoungGen: 2623296K(2638336K)->150144K(2636800K) Eden: 2480640K(2480640K)->0K(2480640K) From: 142656K(157696K)->150144K(156160K)
[4446.082s][info][gc,heap        ] GC(961) ParOldGen: 4723001K(4723200K)->4813617K(4813824K)
[4446.082s][info][gc,metaspace   ] GC(961) Metaspace: 29105K(29504K)->29105K(29504K) NonClass: 24215K(24384K)->24215K(24384K) Class: 4889K(5120K)->4889K(5120K)
[4446.082s][info][gc             ] GC(961) Pause Young (Allocation Failure) 7174M->4847M(7276M) 103.841ms
[4446.082s][info][gc,cpu         ] GC(961) User=0.59s Sys=0.03s Real=0.11s
..[4448.690s][info][gc,start       ] GC(962) Pause Young (Allocation Failure)
[4448.788s][info][gc,heap        ] GC(962) PSYoungGen: 2630784K(2636800K)->137568K(2638336K) Eden: 2480640K(2480640K)->0K(2480640K) From: 150144K(156160K)->137568K(157696K)
[4448.788s][info][gc,heap        ] GC(962) ParOldGen: 4813617K(4813824K)->4906585K(4907008K)
[4448.788s][info][gc,metaspace   ] GC(962) Metaspace: 29105K(29504K)->29105K(29504K) NonClass: 24215K(24384K)->24215K(24384K) Class: 4889K(5120K)->4889K(5120K)
[4448.788s][info][gc             ] GC(962) Pause Young (Allocation Failure) 7269M->4925M(7368M) 98.780ms
[4448.788s][info][gc,cpu         ] GC(962) User=0.55s Sys=0.04s Real=0.09s
...[4451.440s][info][gc,start       ] GC(963) Pause Young (Allocation Failure)
[4451.542s][info][gc,heap        ] GC(963) PSYoungGen: 2618208K(2638336K)->146176K(2637824K) Eden: 2480640K(2480640K)->0K(2481152K) From: 137568K(157696K)->146176K(156672K)
[4451.542s][info][gc,heap        ] GC(963) ParOldGen: 4906585K(4907008K)->4998985K(4999168K)
[4451.542s][info][gc,metaspace   ] GC(963) Metaspace: 29105K(29504K)->29105K(29504K) NonClass: 24215K(24384K)->24215K(24384K) Class: 4889K(5120K)->4889K(5120K)
[4451.542s][info][gc             ] GC(963) Pause Young (Allocation Failure) 7348M->5024M(7458M) 102.256ms
[4451.542s][info][gc,cpu         ] GC(963) User=0.58s Sys=0.02s Real=0.10s
...[4454.231s][info][gc,start       ] GC(964) Pause Young (Allocation Failure)
[4454.333s][info][gc,heap        ] GC(964) PSYoungGen: 2627328K(2637824K)->145568K(2638336K) Eden: 2481152K(2481152K)->0K(2481152K) From: 146176K(156672K)->145568K(157184K)
[4454.333s][info][gc,heap        ] GC(964) ParOldGen: 4998985K(4999168K)->5091793K(5091840K)
[4454.333s][info][gc,metaspace   ] GC(964) Metaspace: 29105K(29504K)->29105K(29504K) NonClass: 24215K(24384K)->24215K(24384K) Class: 4889K(5120K)->4889K(5120K)
[4454.333s][info][gc             ] GC(964) Pause Young (Allocation Failure) 7447M->5114M(7549M) 102.140ms
[4454.333s][info][gc,cpu         ] GC(964) User=0.58s Sys=0.03s Real=0.10s
...[4456.987s][info][gc,start       ] GC(965) Pause Young (Allocation Failure)
[4457.090s][info][gc,heap        ] GC(965) PSYoungGen: 2626720K(2638336K)->143648K(2637312K) Eden: 2481152K(2481152K)->0K(2482688K) From: 145568K(157184K)->143648K(154624K)
[4457.090s][info][gc,heap        ] GC(965) ParOldGen: 5091793K(5091840K)->5184809K(5185024K)
[4457.090s][info][gc,metaspace   ] GC(965) Metaspace: 29105K(29504K)->29105K(29504K) NonClass: 24215K(24384K)->24215K(24384K) Class: 4889K(5120K)->4889K(5120K)
[4457.090s][info][gc             ] GC(965) Pause Young (Allocation Failure) 7537M->5203M(7639M) 103.603ms
[4457.090s][info][gc,cpu         ] GC(965) User=0.60s Sys=0.02s Real=0.11s
..[4459.734s][info][gc,start       ] GC(966) Pause Young (Allocation Failure)
[4459.834s][info][gc,heap        ] GC(966) PSYoungGen: 2626336K(2637312K)->137024K(2637824K) Eden: 2482688K(2482688K)->0K(2482688K) From: 143648K(154624K)->137024K(155136K)
[4459.834s][info][gc,heap        ] GC(966) ParOldGen: 5184809K(5185024K)->5275601K(5275648K)
[4459.834s][info][gc,metaspace   ] GC(966) Metaspace: 29107K(29504K)->29107K(29504K) NonClass: 24218K(24384K)->24218K(24384K) Class: 4889K(5120K)->4889K(5120K)
[4459.834s][info][gc             ] GC(966) Pause Young (Allocation Failure) 7628M->5285M(7728M) 100.232ms
[4459.834s][info][gc,cpu         ] GC(966) User=0.56s Sys=0.04s Real=0.10s
...[4462.520s][info][gc,start       ] GC(967) Pause Young (Allocation Failure)
[4462.621s][info][gc,heap        ] GC(967) PSYoungGen: 2619712K(2637824K)->140627K(2639872K) Eden: 2482688K(2482688K)->0K(2485760K) From: 137024K(155136K)->140627K(154112K)
[4462.621s][info][gc,heap        ] GC(967) ParOldGen: 5275601K(5275648K)->5366993K(5367296K)
[4462.621s][info][gc,metaspace   ] GC(967) Metaspace: 29107K(29504K)->29107K(29504K) NonClass: 24218K(24384K)->24218K(24384K) Class: 4889K(5120K)->4889K(5120K)
[4462.621s][info][gc             ] GC(967) Pause Young (Allocation Failure) 7710M->5378M(7819M) 101.071ms
[4462.621s][info][gc,cpu         ] GC(967) User=0.57s Sys=0.02s Real=0.10s
. (rIR:aIR:PR = 7334:7338:7338) (tPR = 109114) [OK] 
  4462s: Performance info:
         Transaction,    Success,    Partial,     Failed,   Receipts, AvgBarcode, 
             Overall,     441791,          0,          0,     419718,      59.47, 
         Response times:
             Request,    Success,    Partial,     Failed,   SkipFail,     Probes,    Samples,      min,      p50,      p90,      p95,      p99,      max, 
       TotalPurchase,     419718,          0,          0,          0,     362572,     441114,      300,     5000,    10500,    23000,    61000,   153000,
     InStorePurchase,     220680,          0,          0,          0,     190374,     231146,      300,     5200,    10700,    24000,    62000,   153000,
      OnlinePurchase,     154992,          0,          0,          0,     133766,     162672,      300,     4800,    10300,    22000,    61000,   152000,
        InstPurchase,      44046,          0,          0,          0,      38432,      47296,      300,     4800,    10500,    23000,    62000,   152000,
          AssocOfCat,        442,          0,          0,          0,        361,        512,    21000,    34000,    51000,    70350,   115180,   158000,
      AssocOfProduct,       4428,          0,          0,          0,       4190,       5319,      800,     4100,     9100,    21000,    50000,   126000,
      BusinessReport,       1106,          0,          0,          0,        970,       1318,    24000,    39000,    58000,    71050,   152000,   175000,
          CustBuyBeh,       4429,          0,          0,          0,       4101,       5223,      200,     3500,    10100,    18680,    52760,   129000,
       ProductReturn,      11669,          0,          0,          0,      10015,      12620,      200,     4500,    10000,    21000,    59000,   129000,

  4462s: (54%)   IR =   7472 ..[4465.303s][info][gc,start       ] GC(968) Pause Young (Allocation Failure)
[4465.410s][info][gc,heap        ] GC(968) PSYoungGen: 2626387K(2639872K)->154420K(2640384K) Eden: 2485760K(2485760K)->0K(2485760K) From: 140627K(154112K)->154420K(154624K)
[4465.410s][info][gc,heap        ] GC(968) ParOldGen: 5366993K(5367296K)->5459377K(5459456K)
[4465.410s][info][gc,metaspace   ] GC(968) Metaspace: 29107K(29504K)->29107K(29504K) NonClass: 24218K(24384K)->24218K(24384K) Class: 4889K(5120K)->4889K(5120K)
[4465.410s][info][gc             ] GC(968) Pause Young (Allocation Failure) 7806M->5482M(7910M) 106.841ms
[4465.410s][info][gc,cpu         ] GC(968) User=0.59s Sys=0.04s Real=0.11s
...[4468.037s][info][gc,start       ] GC(969) Pause Young (Allocation Failure)
[4468.141s][info][gc,heap        ] GC(969) PSYoungGen: 2640180K(2640384K)->143616K(2638336K) Eden: 2485760K(2485760K)->0K(2482688K) From: 154420K(154624K)->143616K(155648K)
[4468.141s][info][gc,heap        ] GC(969) ParOldGen: 5459377K(5459456K)->5552665K(5553152K)
[4468.141s][info][gc,metaspace   ] GC(969) Metaspace: 29107K(29504K)->29107K(29504K) NonClass: 24218K(24384K)->24218K(24384K) Class: 4889K(5120K)->4889K(5120K)
[4468.141s][info][gc             ] GC(969) Pause Young (Allocation Failure) 7909M->5562M(7999M) 103.316ms
[4468.141s][info][gc,cpu         ] GC(969) User=0.57s Sys=0.03s Real=0.11s
..|[4470.636s][info][gc,start       ] GC(970) Pause Full (Allocation Failure)
[4470.636s][info][gc,phases,start] GC(970) Marking Phase
[4470.938s][info][gc,phases      ] GC(970) Marking Phase 301.964ms
[4470.938s][info][gc,phases,start] GC(970) Summary Phase
[4470.938s][info][gc,phases      ] GC(970) Summary Phase 0.095ms
[4470.938s][info][gc,phases,start] GC(970) Forward
[4471.070s][info][gc,phases      ] GC(970) Forward 131.787ms
[4471.070s][info][gc,phases,start] GC(970) Adjust Pointers
[4471.267s][info][gc,phases      ] GC(970) Adjust Pointers 197.182ms
[4471.267s][info][gc,phases,start] GC(970) Compaction Phase
[4471.393s][info][gc,phases      ] GC(970) Compaction Phase 126.317ms
[4471.395s][info][gc,phases,start] GC(970) Post Compact
[4471.402s][info][gc,phases      ] GC(970) Post Compact 6.864ms
[4471.524s][info][gc,heap        ] GC(970) PSYoungGen: 2626304K(2638336K)->0K(2639360K) Eden: 2482688K(2482688K)->0K(2482688K) From: 143616K(155648K)->0K(156672K)
[4471.524s][info][gc,heap        ] GC(970) ParOldGen: 5552665K(5553152K)->1420733K(1658880K)
[4471.524s][info][gc,metaspace   ] GC(970) Metaspace: 29107K(29504K)->29107K(29504K) NonClass: 24218K(24384K)->24218K(24384K) Class: 4889K(5120K)->4889K(5120K)
[4471.525s][info][gc             ] GC(970) Pause Full (Allocation Failure) 7987M->1387M(4197M) 888.575ms
[4471.525s][info][gc,cpu         ] GC(970) User=4.07s Sys=0.12s Real=0.89s
..[4473.391s][info][gc,start       ] GC(971) Pause Young (Allocation Failure)
[4473.459s][info][gc,heap        ] GC(971) PSYoungGen: 2482688K(2639360K)->152032K(2636288K) Eden: 2482688K(2482688K)->0K(2479616K) From: 0K(156672K)->152032K(156672K)
[4473.459s][info][gc,heap        ] GC(971) ParOldGen: 1420733K(1658880K)->1420733K(1658880K)
[4473.459s][info][gc,metaspace   ] GC(971) Metaspace: 29107K(29504K)->29107K(29504K) NonClass: 24218K(24384K)->24218K(24384K) Class: 4889K(5120K)->4889K(5120K)
[4473.459s][info][gc             ] GC(971) Pause Young (Allocation Failure) 3811M->1535M(4194M) 68.536ms
[4473.459s][info][gc,cpu         ] GC(971) User=0.41s Sys=0.00s Real=0.06s
...[4476.047s][info][gc,start       ] GC(972) Pause Young (Allocation Failure)
[4476.145s][info][gc,heap        ] GC(972) PSYoungGen: 2631648K(2636288K)->144512K(2637824K) Eden: 2479616K(2479616K)->0K(2479616K) From: 152032K(156672K)->144512K(158208K)
[4476.145s][info][gc,heap        ] GC(972) ParOldGen: 1420733K(1658880K)->1519757K(1658880K)
[4476.145s][info][gc,metaspace   ] GC(972) Metaspace: 29107K(29504K)->29107K(29504K) NonClass: 24218K(24384K)->24218K(24384K) Class: 4889K(5120K)->4889K(5120K)
[4476.145s][info][gc             ] GC(972) Pause Young (Allocation Failure) 3957M->1625M(4196M) 97.953ms
[4476.145s][info][gc,cpu         ] GC(972) User=0.59s Sys=0.00s Real=0.10s
...[4478.710s][info][gc,start       ] GC(973) Pause Young (Allocation Failure)
[4478.802s][info][gc,heap        ] GC(973) PSYoungGen: 2624128K(2637824K)->137216K(2637312K) Eden: 2479616K(2479616K)->0K(2480640K) From: 144512K(158208K)->137216K(156672K)
[4478.802s][info][gc,heap        ] GC(973) ParOldGen: 1519757K(1658880K)->1611317K(1658880K)
[4478.802s][info][gc,metaspace   ] GC(973) Metaspace: 29107K(29504K)->29107K(29504K) NonClass: 24218K(24384K)->24218K(24384K) Class: 4889K(5120K)->4889K(5120K)
[4478.802s][info][gc             ] GC(973) Pause Young (Allocation Failure) 4046M->1707M(4195M) 92.122ms
[4478.802s][info][gc,cpu         ] GC(973) User=0.54s Sys=0.00s Real=0.09s
..[4481.446s][info][gc,start       ] GC(974) Pause Young (Allocation Failure)
[4481.545s][info][gc,heap        ] GC(974) PSYoungGen: 2617856K(2637312K)->149424K(2637824K) Eden: 2480640K(2480640K)->0K(2480640K) From: 137216K(156672K)->149424K(157184K)
[4481.545s][info][gc,heap        ] GC(974) ParOldGen: 1611317K(1658880K)->1701837K(1701888K)
[4481.545s][info][gc,metaspace   ] GC(974) Metaspace: 29107K(29504K)->29107K(29504K) NonClass: 24218K(24384K)->24218K(24384K) Class: 4889K(5120K)->4889K(5120K)
[4481.545s][info][gc             ] GC(974) Pause Young (Allocation Failure) 4130M->1807M(4238M) 99.859ms
[4481.545s][info][gc,cpu         ] GC(974) User=0.58s Sys=0.01s Real=0.10s
...[4484.177s][info][gc,start       ] GC(975) Pause Young (Allocation Failure)
[4484.276s][info][gc,heap        ] GC(975) PSYoungGen: 2630064K(2637824K)->145424K(2637312K) Eden: 2480640K(2480640K)->0K(2481152K) From: 149424K(157184K)->145424K(156160K)
[4484.276s][info][gc,heap        ] GC(975) ParOldGen: 1701837K(1701888K)->1794917K(1795072K)
[4484.276s][info][gc,metaspace   ] GC(975) Metaspace: 29107K(29504K)->29107K(29504K) NonClass: 24218K(24384K)->24218K(24384K) Class: 4889K(5120K)->4889K(5120K)
[4484.276s][info][gc             ] GC(975) Pause Young (Allocation Failure) 4230M->1894M(4328M) 98.781ms
[4484.276s][info][gc,cpu         ] GC(975) User=0.56s Sys=0.03s Real=0.10s
...[4486.798s][info][gc,start       ] GC(976) Pause Young (Allocation Failure)
[4486.898s][info][gc,heap        ] GC(976) PSYoungGen: 2626576K(2637312K)->143664K(2637824K) Eden: 2481152K(2481152K)->0K(2481152K) From: 145424K(156160K)->143664K(156672K)
[4486.898s][info][gc,heap        ] GC(976) ParOldGen: 1794917K(1795072K)->1887973K(1888256K)
[4486.898s][info][gc,metaspace   ] GC(976) Metaspace: 29107K(29504K)->29107K(29504K) NonClass: 24218K(24384K)->24218K(24384K) Class: 4889K(5120K)->4889K(5120K)
[4486.898s][info][gc             ] GC(976) Pause Young (Allocation Failure) 4317M->1984M(4420M) 99.582ms
[4486.898s][info][gc,cpu         ] GC(976) User=0.57s Sys=0.02s Real=0.10s
..[4489.558s][info][gc,start       ] GC(977) Pause Young (Allocation Failure)
[4489.656s][info][gc,heap        ] GC(977) PSYoungGen: 2624816K(2637824K)->143520K(2637824K) Eden: 2481152K(2481152K)->0K(2483712K) From: 143664K(156672K)->143520K(154112K)
[4489.656s][info][gc,heap        ] GC(977) ParOldGen: 1887973K(1888256K)->1976805K(1976832K)
[4489.656s][info][gc,metaspace   ] GC(977) Metaspace: 29107K(29504K)->29107K(29504K) NonClass: 24218K(24384K)->24218K(24384K) Class: 4889K(5120K)->4889K(5120K)
[4489.656s][info][gc             ] GC(977) Pause Young (Allocation Failure) 4407M->2070M(4506M) 97.759ms
[4489.656s][info][gc,cpu         ] GC(977) User=0.55s Sys=0.02s Real=0.10s
...[4492.182s][info][gc,start       ] GC(978) Pause Young (Allocation Failure)
[4492.282s][info][gc,heap        ] GC(978) PSYoungGen: 2627232K(2637824K)->144901K(2638336K) Eden: 2483712K(2483712K)->0K(2483712K) From: 143520K(154112K)->144901K(154624K)
[4492.282s][info][gc,heap        ] GC(978) ParOldGen: 1976805K(1976832K)->2071381K(2071552K)
[4492.282s][info][gc,metaspace   ] GC(978) Metaspace: 29107K(29504K)->29107K(29504K) NonClass: 24218K(24384K)->24218K(24384K) Class: 4889K(5120K)->4889K(5120K)
[4492.282s][info][gc             ] GC(978) Pause Young (Allocation Failure) 4496M->2164M(4599M) 99.930ms
[4492.282s][info][gc,cpu         ] GC(978) User=0.57s Sys=0.01s Real=0.10s
...[4494.942s][info][gc,start       ] GC(979) Pause Young (Allocation Failure)
[4495.039s][info][gc,heap        ] GC(979) PSYoungGen: 2628613K(2638336K)->143968K(2639360K) Eden: 2483712K(2483712K)->0K(2487296K) From: 144901K(154624K)->143968K(152064K)
[4495.039s][info][gc,heap        ] GC(979) ParOldGen: 2071381K(2071552K)->2160845K(2161152K)
[4495.039s][info][gc,metaspace   ] GC(979) Metaspace: 29107K(29504K)->29107K(29504K) NonClass: 24218K(24384K)->24218K(24384K) Class: 4889K(5120K)->4889K(5120K)
[4495.039s][info][gc             ] GC(979) Pause Young (Allocation Failure) 4589M->2250M(4688M) 97.550ms
[4495.039s][info][gc,cpu         ] GC(979) User=0.54s Sys=0.03s Real=0.10s
..[4497.560s][info][gc,start       ] GC(980) Pause Young (Allocation Failure)
[4497.662s][info][gc,heap        ] GC(980) PSYoungGen: 2631264K(2639360K)->143002K(2640384K) Eden: 2487296K(2487296K)->0K(2487296K) From: 143968K(152064K)->143002K(153088K)
[4497.662s][info][gc,heap        ] GC(980) ParOldGen: 2160845K(2161152K)->2256101K(2256384K)
[4497.662s][info][gc,metaspace   ] GC(980) Metaspace: 29107K(29504K)->29107K(29504K) NonClass: 24218K(24384K)->24218K(24384K) Class: 4889K(5120K)->4889K(5120K)
[4497.662s][info][gc             ] GC(980) Pause Young (Allocation Failure) 4679M->2342M(4782M) 101.753ms
[4497.662s][info][gc,cpu         ] GC(980) User=0.58s Sys=0.02s Real=0.10s
...[4500.364s][info][gc,start       ] GC(981) Pause Young (Allocation Failure)
[4500.464s][info][gc,heap        ] GC(981) PSYoungGen: 2630298K(2640384K)->148240K(2642432K) Eden: 2487296K(2487296K)->0K(2489856K) From: 143002K(153088K)->148240K(152576K)
[4500.464s][info][gc,heap        ] GC(981) ParOldGen: 2256101K(2256384K)->2345821K(2345984K)
[4500.464s][info][gc,metaspace   ] GC(981) Metaspace: 29107K(29504K)->29107K(29504K) NonClass: 24218K(24384K)->24218K(24384K) Class: 4889K(5120K)->4889K(5120K)
[4500.464s][info][gc             ] GC(981) Pause Young (Allocation Failure) 4771M->2435M(4871M) 100.657ms
[4500.464s][info][gc,cpu         ] GC(981) User=0.58s Sys=0.03s Real=0.10s
...[4503.036s][info][gc,start       ] GC(982) Pause Young (Allocation Failure)
[4503.140s][info][gc,heap        ] GC(982) PSYoungGen: 2638096K(2642432K)->148260K(2638336K) Eden: 2489856K(2489856K)->0K(2489856K) From: 148240K(152576K)->148260K(148480K)
[4503.140s][info][gc,heap        ] GC(982) ParOldGen: 2345821K(2345984K)->2439173K(2439680K)
[4503.140s][info][gc,metaspace   ] GC(982) Metaspace: 29107K(29504K)->29107K(29504K) NonClass: 24218K(24384K)->24218K(24384K) Class: 4889K(5120K)->4889K(5120K)
[4503.140s][info][gc             ] GC(982) Pause Young (Allocation Failure) 4867M->2526M(4959M) 103.485ms
[4503.140s][info][gc,cpu         ] GC(982) User=0.59s Sys=0.02s Real=0.11s
...[4505.794s][info][gc,start       ] GC(983) Pause Young (Allocation Failure)
[4505.898s][info][gc,heap        ] GC(983) PSYoungGen: 2638116K(2638336K)->153577K(2571776K) Eden: 2489856K(2489856K)->0K(2418176K) From: 148260K(148480K)->153577K(153600K)
[4505.898s][info][gc,heap        ] GC(983) ParOldGen: 2439173K(2439680K)->2528341K(2528768K)
[4505.898s][info][gc,metaspace   ] GC(983) Metaspace: 29107K(29504K)->29107K(29504K) NonClass: 24218K(24384K)->24218K(24384K) Class: 4889K(5120K)->4889K(5120K)
[4505.898s][info][gc             ] GC(983) Pause Young (Allocation Failure) 4958M->2619M(4981M) 103.989ms
[4505.898s][info][gc,cpu         ] GC(983) User=0.58s Sys=0.03s Real=0.10s
..[4508.428s][info][gc,start       ] GC(984) Pause Young (Allocation Failure)
[4508.528s][info][gc,heap        ] GC(984) PSYoungGen: 2571753K(2571776K)->142229K(2607104K) Eden: 2418176K(2418176K)->0K(2418176K) From: 153577K(153600K)->142229K(188928K)
[4508.528s][info][gc,heap        ] GC(984) ParOldGen: 2528341K(2528768K)->2622029K(2622464K)
[4508.528s][info][gc,metaspace   ] GC(984) Metaspace: 29107K(29504K)->29107K(29504K) NonClass: 24218K(24384K)->24218K(24384K) Class: 4889K(5120K)->4889K(5120K)
[4508.528s][info][gc             ] GC(984) Pause Young (Allocation Failure) 4980M->2699M(5107M) 99.542ms
[4508.528s][info][gc,cpu         ] GC(984) User=0.57s Sys=0.03s Real=0.10s
...[4511.108s][info][gc,start       ] GC(985) Pause Young (Allocation Failure)
[4511.206s][info][gc,heap        ] GC(985) PSYoungGen: 2560405K(2607104K)->140512K(2603008K) Eden: 2418176K(2418176K)->0K(2419200K) From: 142229K(188928K)->140512K(183808K)
[4511.206s][info][gc,heap        ] GC(985) ParOldGen: 2622029K(2622464K)->2712061K(2712064K)
[4511.206s][info][gc,metaspace   ] GC(985) Metaspace: 29107K(29504K)->29107K(29504K) NonClass: 24218K(24384K)->24218K(24384K) Class: 4889K(5120K)->4889K(5120K)
[4511.206s][info][gc             ] GC(985) Pause Young (Allocation Failure) 5060M->2785M(5190M) 98.096ms
[4511.206s][info][gc,cpu         ] GC(985) User=0.56s Sys=0.03s Real=0.10s
..[4513.684s][info][gc,start       ] GC(986) Pause Young (Allocation Failure)
[4513.779s][info][gc,heap        ] GC(986) PSYoungGen: 2559712K(2603008K)->133088K(2605568K) Eden: 2419200K(2419200K)->0K(2419200K) From: 140512K(183808K)->133088K(186368K)
[4513.779s][info][gc,heap        ] GC(986) ParOldGen: 2712061K(2712064K)->2803357K(2803712K)
[4513.779s][info][gc,metaspace   ] GC(986) Metaspace: 29107K(29504K)->29107K(29504K) NonClass: 24218K(24384K)->24218K(24384K) Class: 4889K(5120K)->4889K(5120K)
[4513.779s][info][gc             ] GC(986) Pause Young (Allocation Failure) 5148M->2867M(5282M) 94.934ms
[4513.779s][info][gc,cpu         ] GC(986) User=0.53s Sys=0.02s Real=0.09s
...[4516.346s][info][gc,start       ] GC(987) Pause Young (Allocation Failure)
[4516.447s][info][gc,heap        ] GC(987) PSYoungGen: 2552288K(2605568K)->147454K(2603520K) Eden: 2419200K(2419200K)->0K(2423296K) From: 133088K(186368K)->147454K(180224K)
[4516.447s][info][gc,heap        ] GC(987) ParOldGen: 2803357K(2803712K)->2893181K(2893312K)
[4516.447s][info][gc,metaspace   ] GC(987) Metaspace: 29107K(29504K)->29107K(29504K) NonClass: 24218K(24384K)->24218K(24384K) Class: 4889K(5120K)->4889K(5120K)
[4516.447s][info][gc             ] GC(987) Pause Young (Allocation Failure) 5230M->2969M(5368M) 101.203ms
[4516.447s][info][gc,cpu         ] GC(987) User=0.57s Sys=0.03s Real=0.10s
...[4518.950s][info][gc,start       ] GC(988) Pause Young (Allocation Failure)
[4519.046s][info][gc,heap        ] GC(988) PSYoungGen: 2570750K(2603520K)->137440K(2606592K) Eden: 2423296K(2423296K)->0K(2423296K) From: 147454K(180224K)->137440K(183296K)
[4519.046s][info][gc,heap        ] GC(988) ParOldGen: 2893181K(2893312K)->2984445K(2984448K)
[4519.046s][info][gc,metaspace   ] GC(988) Metaspace: 29107K(29504K)->29107K(29504K) NonClass: 24218K(24384K)->24218K(24384K) Class: 4889K(5120K)->4889K(5120K)
[4519.046s][info][gc             ] GC(988) Pause Young (Allocation Failure) 5335M->3048M(5460M) 96.277ms
[4519.046s][info][gc,cpu         ] GC(988) User=0.54s Sys=0.02s Real=0.09s
..[4521.617s][info][gc,start       ] GC(989) Pause Young (Allocation Failure)
[4521.714s][info][gc,heap        ] GC(989) PSYoungGen: 2560736K(2606592K)->134592K(2609664K) Eden: 2423296K(2423296K)->0K(2430464K) From: 137440K(183296K)->134592K(179200K)
[4521.714s][info][gc,heap        ] GC(989) ParOldGen: 2984445K(2984448K)->3074829K(3075072K)
[4521.714s][info][gc,metaspace   ] GC(989) Metaspace: 29107K(29504K)->29107K(29504K) NonClass: 24218K(24384K)->24218K(24384K) Class: 4889K(5120K)->4889K(5120K)
[4521.714s][info][gc             ] GC(989) Pause Young (Allocation Failure) 5415M->3134M(5551M) 96.404ms
[4521.714s][info][gc,cpu         ] GC(989) User=0.54s Sys=0.03s Real=0.10s
...[4524.247s][info][gc,start       ] GC(990) Pause Young (Allocation Failure)
[4524.344s][info][gc,heap        ] GC(990) PSYoungGen: 2565056K(2609664K)->139808K(2611712K) Eden: 2430464K(2430464K)->0K(2430464K) From: 134592K(179200K)->139808K(181248K)
[4524.344s][info][gc,heap        ] GC(990) ParOldGen: 3074829K(3075072K)->3165541K(3165696K)
[4524.344s][info][gc,metaspace   ] GC(990) Metaspace: 29107K(29504K)->29107K(29504K) NonClass: 24218K(24384K)->24218K(24384K) Class: 4889K(5120K)->4889K(5120K)
[4524.344s][info][gc             ] GC(990) Pause Young (Allocation Failure) 5507M->3227M(5642M) 96.766ms
[4524.344s][info][gc,cpu         ] GC(990) User=0.55s Sys=0.02s Real=0.10s
...[4526.968s][info][gc,start       ] GC(991) Pause Young (Allocation Failure)
[4527.066s][info][gc,heap        ] GC(991) PSYoungGen: 2570272K(2611712K)->143072K(2609664K) Eden: 2430464K(2430464K)->0K(2435584K) From: 139808K(181248K)->143072K(174080K)
[4527.066s][info][gc,heap        ] GC(991) ParOldGen: 3165541K(3165696K)->3256013K(3256320K)
[4527.066s][info][gc,metaspace   ] GC(991) Metaspace: 29107K(29504K)->29107K(29504K) NonClass: 24218K(24384K)->24218K(24384K) Class: 4889K(5120K)->4889K(5120K)
[4527.066s][info][gc             ] GC(991) Pause Young (Allocation Failure) 5601M->3319M(5728M) 98.156ms
[4527.066s][info][gc,cpu         ] GC(991) User=0.56s Sys=0.03s Real=0.10s
..[4529.651s][info][gc,start       ] GC(992) Pause Young (Allocation Failure)
[4529.747s][info][gc,heap        ] GC(992) PSYoungGen: 2578656K(2609664K)->133824K(2612224K) Eden: 2435584K(2435584K)->0K(2435584K) From: 143072K(174080K)->133824K(176640K)
[4529.747s][info][gc,heap        ] GC(992) ParOldGen: 3256013K(3256320K)->3348101K(3348480K)
[4529.747s][info][gc,metaspace   ] GC(992) Metaspace: 29107K(29504K)->29107K(29504K) NonClass: 24218K(24384K)->24218K(24384K) Class: 4889K(5120K)->4889K(5120K)
[4529.747s][info][gc             ] GC(992) Pause Young (Allocation Failure) 5697M->3400M(5821M) 96.479ms
[4529.747s][info][gc,cpu         ] GC(992) User=0.54s Sys=0.03s Real=0.09s
.. (rIR:aIR:PR = 7472:7464:7464) (tPR = 111198) [OK] 
  4530s: Performance info:
         Transaction,    Success,    Partial,     Failed,   Receipts, AvgBarcode, 
             Overall,     454628,          0,          0,     431921,      59.47, 
         Response times:
             Request,    Success,    Partial,     Failed,   SkipFail,     Probes,    Samples,      min,      p50,      p90,      p95,      p99,      max, 
       TotalPurchase,     431921,          0,          0,          0,     361144,     410298,      200,     5100,    12200,    24000,    58000,   970000,
     InStorePurchase,     226357,          0,          0,          0,     190341,     216138,      200,     5000,    12100,    23000,    58000,   920000,
      OnlinePurchase,     159977,          0,          0,          0,     132930,     150892,      300,     5100,    12300,    24000,    58070,   970000,
        InstPurchase,      45587,          0,          0,          0,      37873,      43268,      300,     5200,    11900,    23000,    58000,   910000,
          AssocOfCat,        453,          0,          0,          0,        357,        520,    19500,    34000,    54900,    88700,   294000,   970000,
      AssocOfProduct,       4546,          0,          0,          0,       4227,       5006,     1200,     6100,    13530,    35000,   250000,   900000,
      BusinessReport,       1123,          0,          0,          0,        973,       1220,    25000,    43000,    67000,    92950,   317000,   990000,
          CustBuyBeh,       4540,          0,          0,          0,       4169,       4955,      200,     5200,    12200,    23000,    59000,   199000,
       ProductReturn,      12045,          0,          0,          0,      10307,      11996,      200,     4900,    12000,    33000,   244000,   920000,

  4530s: (55%)   IR =   7610 .[4532.266s][info][gc,start       ] GC(993) Pause Young (Allocation Failure)
[4532.364s][info][gc,heap        ] GC(993) PSYoungGen: 2569408K(2612224K)->138464K(2614272K) Eden: 2435584K(2435584K)->0K(2443776K) From: 133824K(176640K)->138464K(170496K)
[4532.364s][info][gc,heap        ] GC(993) ParOldGen: 3348101K(3348480K)->3438413K(3438592K)
[4532.364s][info][gc,metaspace   ] GC(993) Metaspace: 29107K(29504K)->29107K(29504K) NonClass: 24218K(24384K)->24218K(24384K) Class: 4889K(5120K)->4889K(5120K)
[4532.364s][info][gc             ] GC(993) Pause Young (Allocation Failure) 5778M->3493M(5911M) 97.767ms
[4532.364s][info][gc,cpu         ] GC(993) User=0.54s Sys=0.04s Real=0.10s
..[4534.891s][info][gc,start       ] GC(994) Pause Young (Allocation Failure)
[4534.988s][info][gc,heap        ] GC(994) PSYoungGen: 2582240K(2614272K)->141504K(2617344K) Eden: 2443776K(2443776K)->0K(2443776K) From: 138464K(170496K)->141504K(173568K)
[4534.988s][info][gc,heap        ] GC(994) ParOldGen: 3438413K(3438592K)->3528589K(3528704K)
[4534.988s][info][gc,metaspace   ] GC(994) Metaspace: 29107K(29504K)->29107K(29504K) NonClass: 24218K(24384K)->24218K(24384K) Class: 4889K(5120K)->4889K(5120K)
[4534.988s][info][gc             ] GC(994) Pause Young (Allocation Failure) 5879M->3584M(6002M) 97.810ms
[4534.989s][info][gc,cpu         ] GC(994) User=0.55s Sys=0.03s Real=0.09s
...[4537.472s][info][gc,start       ] GC(995) Pause Young (Allocation Failure)
[4537.574s][info][gc,heap        ] GC(995) PSYoungGen: 2585280K(2617344K)->145780K(2617344K) Eden: 2443776K(2443776K)->0K(2450944K) From: 141504K(173568K)->145780K(166400K)
[4537.574s][info][gc,heap        ] GC(995) ParOldGen: 3528589K(3528704K)->3619805K(3619840K)
[4537.574s][info][gc,metaspace   ] GC(995) Metaspace: 29107K(29504K)->29107K(29504K) NonClass: 24218K(24384K)->24218K(24384K) Class: 4889K(5120K)->4889K(5120K)
[4537.574s][info][gc             ] GC(995) Pause Young (Allocation Failure) 5970M->3677M(6091M) 101.633ms
[4537.574s][info][gc,cpu         ] GC(995) User=0.57s Sys=0.04s Real=0.10s
.|..[4540.108s][info][gc,start       ] GC(996) Pause Young (Allocation Failure)
[4540.208s][info][gc,heap        ] GC(996) PSYoungGen: 2596724K(2617344K)->141168K(2620416K) Eden: 2450944K(2450944K)->0K(2450944K) From: 145780K(166400K)->141168K(169472K)
[4540.208s][info][gc,heap        ] GC(996) ParOldGen: 3619805K(3619840K)->3710565K(3710976K)
[4540.208s][info][gc,metaspace   ] GC(996) Metaspace: 29107K(29504K)->29107K(29504K) NonClass: 24218K(24384K)->24218K(24384K) Class: 4889K(5120K)->4889K(5120K)
[4540.208s][info][gc             ] GC(996) Pause Young (Allocation Failure) 6070M->3761M(6183M) 99.440ms
[4540.208s][info][gc,cpu         ] GC(996) User=0.56s Sys=0.03s Real=0.10s
..[4542.755s][info][gc,start       ] GC(997) Pause Young (Allocation Failure)
[4542.858s][info][gc,heap        ] GC(997) PSYoungGen: 2592112K(2620416K)->147241K(2623488K) Eden: 2450944K(2450944K)->0K(2459136K) From: 141168K(169472K)->147241K(164352K)
[4542.858s][info][gc,heap        ] GC(997) ParOldGen: 3710565K(3710976K)->3800765K(3801088K)
[4542.858s][info][gc,metaspace   ] GC(997) Metaspace: 29107K(29504K)->29107K(29504K) NonClass: 24218K(24384K)->24218K(24384K) Class: 4889K(5120K)->4889K(5120K)
[4542.858s][info][gc             ] GC(997) Pause Young (Allocation Failure) 6154M->3855M(6274M) 103.206ms
[4542.858s][info][gc,cpu         ] GC(997) User=0.58s Sys=0.03s Real=0.10s
...[4545.313s][info][gc,start       ] GC(998) Pause Young (Allocation Failure)
[4545.410s][info][gc,heap        ] GC(998) PSYoungGen: 2606377K(2623488K)->138848K(2625536K) Eden: 2459136K(2459136K)->0K(2459136K) From: 147241K(164352K)->138848K(166400K)
[4545.410s][info][gc,heap        ] GC(998) ParOldGen: 3800765K(3801088K)->3894677K(3894784K)
[4545.410s][info][gc,metaspace   ] GC(998) Metaspace: 29107K(29504K)->29107K(29504K) NonClass: 24218K(24384K)->24218K(24384K) Class: 4889K(5120K)->4889K(5120K)
[4545.410s][info][gc             ] GC(998) Pause Young (Allocation Failure) 6256M->3938M(6367M) 96.975ms
[4545.410s][info][gc,cpu         ] GC(998) User=0.54s Sys=0.03s Real=0.10s
..[4548.004s][info][gc,start       ] GC(999) Pause Young (Allocation Failure)
[4548.102s][info][gc,heap        ] GC(999) PSYoungGen: 2597984K(2625536K)->142528K(2626048K) Eden: 2459136K(2459136K)->0K(2464768K) From: 138848K(166400K)->142528K(161280K)
[4548.102s][info][gc,heap        ] GC(999) ParOldGen: 3894677K(3894784K)->3983125K(3983360K)
[4548.102s][info][gc,metaspace   ] GC(999) Metaspace: 29107K(29504K)->29107K(29504K) NonClass: 24218K(24384K)->24218K(24384K) Class: 4889K(5120K)->4889K(5120K)
[4548.102s][info][gc             ] GC(999) Pause Young (Allocation Failure) 6340M->4028M(6454M) 98.271ms
[4548.102s][info][gc,cpu         ] GC(999) User=0.55s Sys=0.03s Real=0.10s
...[4550.612s][info][gc,start       ] GC(1000) Pause Young (Allocation Failure)
[4550.714s][info][gc,heap        ] GC(1000) PSYoungGen: 2607296K(2626048K)->141685K(2628096K) Eden: 2464768K(2464768K)->0K(2464768K) From: 142528K(161280K)->141685K(163328K)
[4550.714s][info][gc,heap        ] GC(1000) ParOldGen: 3983125K(3983360K)->4076781K(4077056K)
[4550.714s][info][gc,metaspace   ] GC(1000) Metaspace: 29107K(29504K)->29107K(29504K) NonClass: 24218K(24384K)->24218K(24384K) Class: 4889K(5120K)->4889K(5120K)
[4550.714s][info][gc             ] GC(1000) Pause Young (Allocation Failure) 6435M->4119M(6548M) 101.505ms
[4550.714s][info][gc,cpu         ] GC(1000) User=0.57s Sys=0.03s Real=0.10s
...[4553.270s][info][gc,start       ] GC(1001) Pause Young (Allocation Failure)
[4553.373s][info][gc,heap        ] GC(1001) PSYoungGen: 2606453K(2628096K)->147936K(2632704K) Eden: 2464768K(2464768K)->0K(2471424K) From: 141685K(163328K)->147936K(161280K)
[4553.373s][info][gc,heap        ] GC(1001) ParOldGen: 4076781K(4077056K)->4166997K(4167168K)
[4553.373s][info][gc,metaspace   ] GC(1001) Metaspace: 29107K(29504K)->29107K(29504K) NonClass: 24218K(24384K)->24218K(24384K) Class: 4889K(5120K)->4889K(5120K)
[4553.373s][info][gc             ] GC(1001) Pause Young (Allocation Failure) 6526M->4213M(6640M) 102.530ms
[4553.373s][info][gc,cpu         ] GC(1001) User=0.57s Sys=0.04s Real=0.10s
..[4555.896s][info][gc,start       ] GC(1002) Pause Young (Allocation Failure)
[4555.997s][info][gc,heap        ] GC(1002) PSYoungGen: 2619360K(2632704K)->143093K(2632704K) Eden: 2471424K(2471424K)->0K(2471424K) From: 147936K(161280K)->143093K(161280K)
[4555.997s][info][gc,heap        ] GC(1002) ParOldGen: 4166997K(4167168K)->4258877K(4259328K)
[4555.997s][info][gc,metaspace   ] GC(1002) Metaspace: 29107K(29504K)->29107K(29504K) NonClass: 24218K(24384K)->24218K(24384K) Class: 4889K(5120K)->4889K(5120K)
[4555.997s][info][gc             ] GC(1002) Pause Young (Allocation Failure) 6627M->4298M(6730M) 100.786ms
[4555.997s][info][gc,cpu         ] GC(1002) User=0.57s Sys=0.03s Real=0.10s
...[4558.545s][info][gc,start       ] GC(1003) Pause Young (Allocation Failure)
[4558.647s][info][gc,heap        ] GC(1003) PSYoungGen: 2614517K(2632704K)->144384K(2633216K) Eden: 2471424K(2471424K)->0K(2475008K) From: 143093K(161280K)->144384K(158208K)
[4558.647s][info][gc,heap        ] GC(1003) ParOldGen: 4258877K(4259328K)->4350461K(4350464K)
[4558.647s][info][gc,metaspace   ] GC(1003) Metaspace: 29107K(29504K)->29107K(29504K) NonClass: 24218K(24384K)->24218K(24384K) Class: 4889K(5120K)->4889K(5120K)
[4558.647s][info][gc             ] GC(1003) Pause Young (Allocation Failure) 6712M->4389M(6820M) 102.108ms
[4558.647s][info][gc,cpu         ] GC(1003) User=0.58s Sys=0.02s Real=0.10s
..[4561.122s][info][gc,start       ] GC(1004) Pause Young (Allocation Failure)
[4561.221s][info][gc,heap        ] GC(1004) PSYoungGen: 2619392K(2633216K)->137600K(2633216K) Eden: 2475008K(2475008K)->0K(2475008K) From: 144384K(158208K)->137600K(158208K)
[4561.221s][info][gc,heap        ] GC(1004) ParOldGen: 4350461K(4350464K)->4443173K(4443648K)
[4561.221s][info][gc,metaspace   ] GC(1004) Metaspace: 29107K(29504K)->29107K(29504K) NonClass: 24218K(24384K)->24218K(24384K) Class: 4889K(5120K)->4889K(5120K)
[4561.221s][info][gc             ] GC(1004) Pause Young (Allocation Failure) 6806M->4473M(6911M) 98.229ms
[4561.221s][info][gc,cpu         ] GC(1004) User=0.56s Sys=0.02s Real=0.10s
...[4563.825s][info][gc,start       ] GC(1005) Pause Young (Allocation Failure)
[4563.928s][info][gc,heap        ] GC(1005) PSYoungGen: 2612608K(2633216K)->146619K(2636800K) Eden: 2475008K(2475008K)->0K(2479616K) From: 137600K(158208K)->146619K(157184K)
[4563.928s][info][gc,heap        ] GC(1005) ParOldGen: 4443173K(4443648K)->4532509K(4532736K)
[4563.928s][info][gc,metaspace   ] GC(1005) Metaspace: 29107K(29504K)->29107K(29504K) NonClass: 24218K(24384K)->24218K(24384K) Class: 4889K(5120K)->4889K(5120K)
[4563.928s][info][gc             ] GC(1005) Pause Young (Allocation Failure) 6890M->4569M(7001M) 102.727ms
[4563.928s][info][gc,cpu         ] GC(1005) User=0.58s Sys=0.02s Real=0.10s
...[4566.484s][info][gc,start       ] GC(1006) Pause Young (Allocation Failure)
[4566.585s][info][gc,heap        ] GC(1006) PSYoungGen: 2626235K(2636800K)->142560K(2637312K) Eden: 2479616K(2479616K)->0K(2479616K) From: 146619K(157184K)->142560K(157696K)
[4566.585s][info][gc,heap        ] GC(1006) ParOldGen: 4532509K(4532736K)->4625901K(4625920K)
[4566.585s][info][gc,metaspace   ] GC(1006) Metaspace: 29107K(29504K)->29107K(29504K) NonClass: 24218K(24384K)->24218K(24384K) Class: 4889K(5120K)->4889K(5120K)
[4566.585s][info][gc             ] GC(1006) Pause Young (Allocation Failure) 6990M->4656M(7093M) 101.097ms
[4566.585s][info][gc,cpu         ] GC(1006) User=0.58s Sys=0.02s Real=0.10s
..[4569.096s][info][gc,start       ] GC(1007) Pause Young (Allocation Failure)
[4569.197s][info][gc,heap        ] GC(1007) PSYoungGen: 2622176K(2637312K)->143776K(2636800K) Eden: 2479616K(2479616K)->0K(2481664K) From: 142560K(157696K)->143776K(155136K)
[4569.197s][info][gc,heap        ] GC(1007) ParOldGen: 4625901K(4625920K)->4715981K(4716032K)
[4569.197s][info][gc,metaspace   ] GC(1007) Metaspace: 29107K(29504K)->29107K(29504K) NonClass: 24218K(24384K)->24218K(24384K) Class: 4889K(5120K)->4889K(5120K)
[4569.197s][info][gc             ] GC(1007) Pause Young (Allocation Failure) 7078M->4745M(7180M) 101.658ms
[4569.197s][info][gc,cpu         ] GC(1007) User=0.57s Sys=0.03s Real=0.10s
...[4571.780s][info][gc,start       ] GC(1008) Pause Young (Allocation Failure)
[4571.884s][info][gc,heap        ] GC(1008) PSYoungGen: 2625440K(2636800K)->147568K(2637312K) Eden: 2481664K(2481664K)->0K(2481664K) From: 143776K(155136K)->147568K(155648K)
[4571.885s][info][gc,heap        ] GC(1008) ParOldGen: 4715981K(4716032K)->4806725K(4807168K)
[4571.885s][info][gc,metaspace   ] GC(1008) Metaspace: 29107K(29504K)->29107K(29504K) NonClass: 24218K(24384K)->24218K(24384K) Class: 4889K(5120K)->4889K(5120K)
[4571.885s][info][gc             ] GC(1008) Pause Young (Allocation Failure) 7169M->4838M(7270M) 104.961ms
[4571.885s][info][gc,cpu         ] GC(1008) User=0.59s Sys=0.02s Real=0.10s
...[4574.404s][info][gc,start       ] GC(1009) Pause Young (Allocation Failure)
[4574.505s][info][gc,heap        ] GC(1009) PSYoungGen: 2629232K(2637312K)->143008K(2638336K) Eden: 2481664K(2481664K)->0K(2484736K) From: 147568K(155648K)->143008K(153600K)
[4574.505s][info][gc,heap        ] GC(1009) ParOldGen: 4806725K(4807168K)->4899773K(4899840K)
[4574.505s][info][gc,metaspace   ] GC(1009) Metaspace: 29107K(29504K)->29107K(29504K) NonClass: 24218K(24384K)->24218K(24384K) Class: 4889K(5120K)->4889K(5120K)
[4574.505s][info][gc             ] GC(1009) Pause Young (Allocation Failure) 7261M->4924M(7361M) 101.203ms
[4574.505s][info][gc,cpu         ] GC(1009) User=0.58s Sys=0.02s Real=0.10s
..[4577.138s][info][gc,start       ] GC(1010) Pause Young (Allocation Failure)
[4577.238s][info][gc,heap        ] GC(1010) PSYoungGen: 2627744K(2638336K)->144832K(2639360K) Eden: 2484736K(2484736K)->0K(2484736K) From: 143008K(153600K)->144832K(154624K)
[4577.238s][info][gc,heap        ] GC(1010) ParOldGen: 4899773K(4899840K)->4990021K(4990464K)
[4577.238s][info][gc,metaspace   ] GC(1010) Metaspace: 29108K(29504K)->29108K(29504K) NonClass: 24218K(24384K)->24218K(24384K) Class: 4889K(5120K)->4889K(5120K)
[4577.238s][info][gc             ] GC(1010) Pause Young (Allocation Failure) 7351M->5014M(7451M) 100.818ms
[4577.238s][info][gc,cpu         ] GC(1010) User=0.56s Sys=0.04s Real=0.10s
...[4579.774s][info][gc,start       ] GC(1011) Pause Young (Allocation Failure)
[4579.878s][info][gc,heap        ] GC(1011) PSYoungGen: 2629568K(2639360K)->142816K(2638848K) Eden: 2484736K(2484736K)->0K(2487296K) From: 144832K(154624K)->142816K(151552K)
[4579.878s][info][gc,heap        ] GC(1011) ParOldGen: 4990021K(4990464K)->5083733K(5084160K)
[4579.878s][info][gc,metaspace   ] GC(1011) Metaspace: 29108K(29504K)->29108K(29504K) NonClass: 24218K(24384K)->24218K(24384K) Class: 4889K(5120K)->4889K(5120K)
[4579.878s][info][gc             ] GC(1011) Pause Young (Allocation Failure) 7441M->5104M(7542M) 103.836ms
[4579.878s][info][gc,cpu         ] GC(1011) User=0.57s Sys=0.04s Real=0.10s
...[4582.444s][info][gc,start       ] GC(1012) Pause Young (Allocation Failure)
[4582.547s][info][gc,heap        ] GC(1012) PSYoungGen: 2630112K(2638848K)->148384K(2640384K) Eden: 2487296K(2487296K)->0K(2487296K) From: 142816K(151552K)->148384K(153088K)
[4582.547s][info][gc,heap        ] GC(1012) ParOldGen: 5083733K(5084160K)->5175805K(5175808K)
[4582.547s][info][gc,metaspace   ] GC(1012) Metaspace: 29108K(29504K)->29108K(29504K) NonClass: 24218K(24384K)->24218K(24384K) Class: 4889K(5120K)->4889K(5120K)
[4582.547s][info][gc             ] GC(1012) Pause Young (Allocation Failure) 7533M->5199M(7633M) 103.088ms
[4582.547s][info][gc,cpu         ] GC(1012) User=0.59s Sys=0.02s Real=0.10s
..[4585.055s][info][gc,start       ] GC(1013) Pause Young (Allocation Failure)
[4585.157s][info][gc,heap        ] GC(1013) PSYoungGen: 2635680K(2640384K)->145332K(2642432K) Eden: 2487296K(2487296K)->0K(2488320K) From: 148384K(153088K)->145332K(154112K)
[4585.157s][info][gc,heap        ] GC(1013) ParOldGen: 5175805K(5175808K)->5267709K(5267968K)
[4585.157s][info][gc,metaspace   ] GC(1013) Metaspace: 29108K(29504K)->29108K(29504K) NonClass: 24218K(24384K)->24218K(24384K) Class: 4889K(5120K)->4889K(5120K)
[4585.157s][info][gc             ] GC(1013) Pause Young (Allocation Failure) 7628M->5286M(7725M) 101.625ms
[4585.157s][info][gc,cpu         ] GC(1013) User=0.59s Sys=0.02s Real=0.10s
...[4587.744s][info][gc,start       ] GC(1014) Pause Young (Allocation Failure)
[4587.843s][info][gc,heap        ] GC(1014) PSYoungGen: 2633652K(2642432K)->137344K(2641920K) Eden: 2488320K(2488320K)->0K(2488320K) From: 145332K(154112K)->137344K(153600K)
[4587.843s][info][gc,heap        ] GC(1014) ParOldGen: 5267709K(5267968K)->5359421K(5359616K)
[4587.843s][info][gc,metaspace   ] GC(1014) Metaspace: 29108K(29504K)->29108K(29504K) NonClass: 24218K(24384K)->24218K(24384K) Class: 4889K(5120K)->4889K(5120K)
[4587.844s][info][gc             ] GC(1014) Pause Young (Allocation Failure) 7716M->5367M(7814M) 99.353ms
[4587.844s][info][gc,cpu         ] GC(1014) User=0.56s Sys=0.03s Real=0.10s
...[4590.369s][info][gc,start       ] GC(1015) Pause Young (Allocation Failure)
[4590.470s][info][gc,heap        ] GC(1015) PSYoungGen: 2625664K(2641920K)->144288K(2641920K) Eden: 2488320K(2488320K)->0K(2488832K) From: 137344K(153600K)->144288K(153088K)
[4590.470s][info][gc,heap        ] GC(1015) ParOldGen: 5359421K(5359616K)->5450013K(5450240K)
[4590.470s][info][gc,metaspace   ] GC(1015) Metaspace: 29108K(29504K)->29108K(29504K) NonClass: 24218K(24384K)->24218K(24384K) Class: 4889K(5120K)->4889K(5120K)
[4590.470s][info][gc             ] GC(1015) Pause Young (Allocation Failure) 7797M->5463M(7902M) 100.399ms
[4590.470s][info][gc,cpu         ] GC(1015) User=0.56s Sys=0.03s Real=0.11s
..[4593.043s][info][gc,start       ] GC(1016) Pause Young (Allocation Failure)
[4593.150s][info][gc,heap        ] GC(1016) PSYoungGen: 2633120K(2641920K)->147820K(2641920K) Eden: 2488832K(2488832K)->0K(2488832K) From: 144288K(153088K)->147820K(153088K)
[4593.150s][info][gc,heap        ] GC(1016) ParOldGen: 5450013K(5450240K)->5542013K(5542400K)
[4593.150s][info][gc,metaspace   ] GC(1016) Metaspace: 29108K(29504K)->29108K(29504K) NonClass: 24218K(24384K)->24218K(24384K) Class: 4889K(5120K)->4889K(5120K)
[4593.150s][info][gc             ] GC(1016) Pause Young (Allocation Failure) 7893M->5556M(7992M) 106.579ms
[4593.150s][info][gc,cpu         ] GC(1016) User=0.60s Sys=0.03s Real=0.11s
...[4595.626s][info][gc,start       ] GC(1017) Pause Full (Allocation Failure)
[4595.626s][info][gc,phases,start] GC(1017) Marking Phase
[4595.920s][info][gc,phases      ] GC(1017) Marking Phase 293.122ms
[4595.920s][info][gc,phases,start] GC(1017) Summary Phase
[4595.920s][info][gc,phases      ] GC(1017) Summary Phase 0.097ms
[4595.920s][info][gc,phases,start] GC(1017) Forward
[4596.053s][info][gc,phases      ] GC(1017) Forward 132.879ms
[4596.053s][info][gc,phases,start] GC(1017) Adjust Pointers
[4596.249s][info][gc,phases      ] GC(1017) Adjust Pointers 196.141ms
[4596.249s][info][gc,phases,start] GC(1017) Compaction Phase
[4596.373s][info][gc,phases      ] GC(1017) Compaction Phase 124.613ms
[4596.375s][info][gc,phases,start] GC(1017) Post Compact
[4596.381s][info][gc,phases      ] GC(1017) Post Compact 6.888ms
[4596.504s][info][gc,heap        ] GC(1017) PSYoungGen: 2636652K(2641920K)->0K(2642432K) Eden: 2488832K(2488832K)->0K(2488832K) From: 147820K(153088K)->0K(153600K)
[4596.504s][info][gc,heap        ] GC(1017) ParOldGen: 5542013K(5542400K)->1416343K(1657856K)
[4596.504s][info][gc,metaspace   ] GC(1017) Metaspace: 29108K(29504K)->29108K(29504K) NonClass: 24218K(24384K)->24218K(24384K) Class: 4889K(5120K)->4889K(5120K)
[4596.504s][info][gc             ] GC(1017) Pause Full (Allocation Failure) 7986M->1383M(4199M) 877.455ms
[4596.504s][info][gc,cpu         ] GC(1017) User=4.02s Sys=0.12s Real=0.88s
..[4598.321s][info][gc,start       ] GC(1018) Pause Young (Allocation Failure)
[4598.398s][info][gc,heap        ] GC(1018) PSYoungGen: 2488832K(2642432K)->153568K(2642432K) Eden: 2488832K(2488832K)->0K(2488832K) From: 0K(153600K)->153568K(153600K)
[4598.398s][info][gc,heap        ] GC(1018) ParOldGen: 1416343K(1657856K)->1423063K(1657856K)
[4598.398s][info][gc,metaspace   ] GC(1018) Metaspace: 29108K(29504K)->29108K(29504K) NonClass: 24218K(24384K)->24218K(24384K) Class: 4889K(5120K)->4889K(5120K)
[4598.398s][info][gc             ] GC(1018) Pause Young (Allocation Failure) 3813M->1539M(4199M) 76.936ms
[4598.398s][info][gc,cpu         ] GC(1018) User=0.46s Sys=0.00s Real=0.07s
. (rIR:aIR:PR = 7610:7612:7613) (tPR = 113304) [OK] 
  4598s: Performance info:
         Transaction,    Success,    Partial,     Failed,   Receipts, AvgBarcode, 
             Overall,     460916,          0,          0,     437895,      59.48, 
         Response times:
             Request,    Success,    Partial,     Failed,   SkipFail,     Probes,    Samples,      min,      p50,      p90,      p95,      p99,      max, 
       TotalPurchase,     437831,          0,          0,          0,     356995,     406494,      300,     5100,    14800,    39000,   190000,   960000,
     InStorePurchase,     230628,          0,          0,          0,     187914,     213410,      300,     5100,    14800,    39000,   190000,   940000,
      OnlinePurchase,     161127,          0,          0,          0,     131616,     150103,      300,     5000,    14900,    38000,   206000,   960000,
        InstPurchase,      46076,          0,          0,          0,      37465,      42981,      400,     5100,    14800,    39000,   190000,   890000,
          AssocOfCat,        464,          0,          0,          0,        364,        525,    19800,    35000,    55400,    89000,   216000,   226000,
      AssocOfProduct,       4602,          0,          0,          0,       4248,       4990,      400,     6550,    17690,    43000,   140000,   196000,
      BusinessReport,       1149,          0,          0,          0,       1025,       1271,    25000,    43000,    72800,   114000,   293000,   980000,
          CustBuyBeh,       4596,          0,          0,          0,       4260,       5104,      200,     3800,    13600,    37000,   141000,   189000,
       ProductReturn,      12212,          0,          0,          0,       9244,      10766,      200,     4800,    14800,    39000,   140000,   190000,

  4598s: (56%)   IR =   7749 ..[4600.961s][info][gc,start       ] GC(1019) Pause Young (Allocation Failure)
[4601.059s][info][gc,heap        ] GC(1019) PSYoungGen: 2642400K(2642432K)->147829K(2633216K) Eden: 2488832K(2488832K)->0K(2479616K) From: 153568K(153600K)->147829K(153600K)
[4601.059s][info][gc,heap        ] GC(1019) ParOldGen: 1423063K(1657856K)->1518575K(1657856K)
[4601.059s][info][gc,metaspace   ] GC(1019) Metaspace: 29108K(29504K)->29108K(29504K) NonClass: 24218K(24384K)->24218K(24384K) Class: 4889K(5120K)->4889K(5120K)
[4601.059s][info][gc             ] GC(1019) Pause Young (Allocation Failure) 3970M->1627M(4190M) 98.292ms
[4601.059s][info][gc,cpu         ] GC(1019) User=0.58s Sys=0.01s Real=0.09s
..[4603.511s][info][gc,start       ] GC(1020) Pause Young (Allocation Failure)
[4603.605s][info][gc,heap        ] GC(1020) PSYoungGen: 2627445K(2633216K)->145472K(2637824K) Eden: 2479616K(2479616K)->0K(2479616K) From: 147829K(153600K)->145472K(158208K)
[4603.605s][info][gc,heap        ] GC(1020) ParOldGen: 1518575K(1657856K)->1611335K(1657856K)
[4603.605s][info][gc,metaspace   ] GC(1020) Metaspace: 29108K(29504K)->29108K(29504K) NonClass: 24218K(24384K)->24218K(24384K) Class: 4889K(5120K)->4889K(5120K)
[4603.605s][info][gc             ] GC(1020) Pause Young (Allocation Failure) 4048M->1715M(4195M) 94.605ms
[4603.605s][info][gc,cpu         ] GC(1020) User=0.56s Sys=0.00s Real=0.09s
.|..[4606.166s][info][gc,start       ] GC(1021) Pause Young (Allocation Failure)
[4606.265s][info][gc,heap        ] GC(1021) PSYoungGen: 2625088K(2637824K)->149776K(2636800K) Eden: 2479616K(2479616K)->0K(2480640K) From: 145472K(158208K)->149776K(156160K)
[4606.265s][info][gc,heap        ] GC(1021) ParOldGen: 1611335K(1657856K)->1702479K(1702912K)
[4606.265s][info][gc,metaspace   ] GC(1021) Metaspace: 29108K(29504K)->29108K(29504K) NonClass: 24218K(24384K)->24218K(24384K) Class: 4889K(5120K)->4889K(5120K)
[4606.265s][info][gc             ] GC(1021) Pause Young (Allocation Failure) 4137M->1808M(4238M) 99.286ms
[4606.265s][info][gc,cpu         ] GC(1021) User=0.58s Sys=0.02s Real=0.10s
...[4608.835s][info][gc,start       ] GC(1022) Pause Young (Allocation Failure)
[4608.934s][info][gc,heap        ] GC(1022) PSYoungGen: 2630416K(2636800K)->144116K(2637824K) Eden: 2480640K(2480640K)->0K(2480640K) From: 149776K(156160K)->144116K(157184K)
[4608.935s][info][gc,heap        ] GC(1022) ParOldGen: 1702479K(1702912K)->1793639K(1794048K)
[4608.935s][info][gc,metaspace   ] GC(1022) Metaspace: 29108K(29504K)->29108K(29504K) NonClass: 24218K(24384K)->24218K(24384K) Class: 4889K(5120K)->4889K(5120K)
[4608.935s][info][gc             ] GC(1022) Pause Young (Allocation Failure) 4231M->1892M(4328M) 99.232ms
[4608.935s][info][gc,cpu         ] GC(1022) User=0.56s Sys=0.03s Real=0.10s
..[4611.454s][info][gc,start       ] GC(1023) Pause Young (Allocation Failure)
[4611.553s][info][gc,heap        ] GC(1023) PSYoungGen: 2624756K(2637824K)->143840K(2637312K) Eden: 2480640K(2480640K)->0K(2482176K) From: 144116K(157184K)->143840K(155136K)
[4611.553s][info][gc,heap        ] GC(1023) ParOldGen: 1793639K(1794048K)->1887543K(1887744K)
[4611.553s][info][gc,metaspace   ] GC(1023) Metaspace: 29108K(29504K)->29108K(29504K) NonClass: 24218K(24384K)->24218K(24384K) Class: 4889K(5120K)->4889K(5120K)
[4611.553s][info][gc             ] GC(1023) Pause Young (Allocation Failure) 4314M->1983M(4419M) 99.063ms
[4611.553s][info][gc,cpu         ] GC(1023) User=0.56s Sys=0.04s Real=0.10s
...[4614.037s][info][gc,start       ] GC(1024) Pause Young (Allocation Failure)
[4614.134s][info][gc,heap        ] GC(1024) PSYoungGen: 2626016K(2637312K)->137920K(2638336K) Eden: 2482176K(2482176K)->0K(2482176K) From: 143840K(155136K)->137920K(156160K)
[4614.134s][info][gc,heap        ] GC(1024) ParOldGen: 1887543K(1887744K)->1980159K(1980416K)
[4614.134s][info][gc,metaspace   ] GC(1024) Metaspace: 29108K(29504K)->29108K(29504K) NonClass: 24218K(24384K)->24218K(24384K) Class: 4889K(5120K)->4889K(5120K)
[4614.134s][info][gc             ] GC(1024) Pause Young (Allocation Failure) 4407M->2068M(4510M) 96.980ms
[4614.134s][info][gc,cpu         ] GC(1024) User=0.55s Sys=0.03s Real=0.10s
..[4616.629s][info][gc,start       ] GC(1025) Pause Young (Allocation Failure)
[4616.733s][info][gc,heap        ] GC(1025) PSYoungGen: 2620096K(2638336K)->151113K(2636800K) Eden: 2482176K(2482176K)->0K(2480640K) From: 137920K(156160K)->151113K(156160K)
[4616.733s][info][gc,heap        ] GC(1025) ParOldGen: 1980159K(1980416K)->2070503K(2070528K)
[4616.733s][info][gc,metaspace   ] GC(1025) Metaspace: 29108K(29504K)->29108K(29504K) NonClass: 24218K(24384K)->24218K(24384K) Class: 4889K(5120K)->4889K(5120K)
[4616.733s][info][gc             ] GC(1025) Pause Young (Allocation Failure) 4492M->2169M(4597M) 103.742ms
[4616.733s][info][gc,cpu         ] GC(1025) User=0.59s Sys=0.02s Real=0.11s
...[4619.306s][info][gc,start       ] GC(1026) Pause Young (Allocation Failure)
[4619.408s][info][gc,heap        ] GC(1026) PSYoungGen: 2631753K(2636800K)->146592K(2638336K) Eden: 2480640K(2480640K)->0K(2480640K) From: 151113K(156160K)->146592K(157696K)
[4619.408s][info][gc,heap        ] GC(1026) ParOldGen: 2070503K(2070528K)->2161919K(2162176K)
[4619.408s][info][gc,metaspace   ] GC(1026) Metaspace: 29108K(29504K)->29108K(29504K) NonClass: 24218K(24384K)->24218K(24384K) Class: 4889K(5120K)->4889K(5120K)
[4619.408s][info][gc             ] GC(1026) Pause Young (Allocation Failure) 4592M->2254M(4688M) 101.476ms
[4619.408s][info][gc,cpu         ] GC(1026) User=0.58s Sys=0.03s Real=0.10s
...[4621.976s][info][gc,start       ] GC(1027) Pause Young (Allocation Failure)
[4622.073s][info][gc,heap        ] GC(1027) PSYoungGen: 2627232K(2638336K)->138944K(2637824K) Eden: 2480640K(2480640K)->0K(2481664K) From: 146592K(157696K)->138944K(156160K)
[4622.073s][info][gc,heap        ] GC(1027) ParOldGen: 2161919K(2162176K)->2256111K(2256384K)
[4622.073s][info][gc,metaspace   ] GC(1027) Metaspace: 29108K(29504K)->29108K(29504K) NonClass: 24218K(24384K)->24218K(24384K) Class: 4889K(5120K)->4889K(5120K)
[4622.073s][info][gc             ] GC(1027) Pause Young (Allocation Failure) 4676M->2338M(4779M) 97.147ms
[4622.073s][info][gc,cpu         ] GC(1027) User=0.55s Sys=0.03s Real=0.10s
..[4624.573s][info][gc,start       ] GC(1028) Pause Young (Allocation Failure)
[4624.669s][info][gc,heap        ] GC(1028) PSYoungGen: 2620608K(2637824K)->134912K(2638336K) Eden: 2481664K(2481664K)->0K(2481664K) From: 138944K(156160K)->134912K(156672K)
[4624.669s][info][gc,heap        ] GC(1028) ParOldGen: 2256111K(2256384K)->2348071K(2348544K)
[4624.669s][info][gc,metaspace   ] GC(1028) Metaspace: 29108K(29504K)->29108K(29504K) NonClass: 24218K(24384K)->24218K(24384K) Class: 4889K(5120K)->4889K(5120K)
[4624.669s][info][gc             ] GC(1028) Pause Young (Allocation Failure) 4762M->2424M(4870M) 96.044ms
[4624.669s][info][gc,cpu         ] GC(1028) User=0.54s Sys=0.02s Real=0.10s
...[4627.223s][info][gc,start       ] GC(1029) Pause Young (Allocation Failure)
[4627.323s][info][gc,heap        ] GC(1029) PSYoungGen: 2616576K(2638336K)->142624K(2637824K) Eden: 2481664K(2481664K)->0K(2482176K) From: 134912K(156672K)->142624K(155648K)
[4627.323s][info][gc,heap        ] GC(1029) ParOldGen: 2348071K(2348544K)->2438703K(2439168K)
[4627.323s][info][gc,metaspace   ] GC(1029) Metaspace: 29108K(29504K)->29108K(29504K) NonClass: 24218K(24384K)->24218K(24384K) Class: 4889K(5120K)->4889K(5120K)
[4627.323s][info][gc             ] GC(1029) Pause Young (Allocation Failure) 4848M->2520M(4958M) 99.812ms
[4627.323s][info][gc,cpu         ] GC(1029) User=0.56s Sys=0.03s Real=0.10s
...[4629.898s][info][gc,start       ] GC(1030) Pause Young (Allocation Failure)
[4629.998s][info][gc,heap        ] GC(1030) PSYoungGen: 2624800K(2637824K)->142021K(2638336K) Eden: 2482176K(2482176K)->0K(2482176K) From: 142624K(155648K)->142021K(156160K)
[4629.998s][info][gc,heap        ] GC(1030) ParOldGen: 2438703K(2439168K)->2531879K(2532352K)
[4629.998s][info][gc,metaspace   ] GC(1030) Metaspace: 29108K(29504K)->29108K(29504K) NonClass: 24218K(24384K)->24218K(24384K) Class: 4889K(5120K)->4889K(5120K)
[4629.998s][info][gc             ] GC(1030) Pause Young (Allocation Failure) 4944M->2611M(5049M) 99.932ms
[4629.998s][info][gc,cpu         ] GC(1030) User=0.57s Sys=0.03s Real=0.10s
..[4632.532s][info][gc,start       ] GC(1031) Pause Young (Allocation Failure)
[4632.631s][info][gc,heap        ] GC(1031) PSYoungGen: 2624197K(2638336K)->140613K(2637824K) Eden: 2482176K(2482176K)->0K(2484224K) From: 142021K(156160K)->140613K(153600K)
[4632.631s][info][gc,heap        ] GC(1031) ParOldGen: 2531879K(2532352K)->2621919K(2621952K)
[4632.631s][info][gc,metaspace   ] GC(1031) Metaspace: 29108K(29504K)->29108K(29504K) NonClass: 24218K(24384K)->24218K(24384K) Class: 4889K(5120K)->4889K(5120K)
[4632.631s][info][gc             ] GC(1031) Pause Young (Allocation Failure) 5035M->2697M(5136M) 98.476ms
[4632.631s][info][gc,cpu         ] GC(1031) User=0.56s Sys=0.02s Real=0.10s
.[4633.330s][info][gc,start       ] GC(1032) Pause Full (Diagnostic Command)
[4633.330s][info][gc,phases,start] GC(1032) Marking Phase
[4633.619s][info][gc,phases      ] GC(1032) Marking Phase 289.537ms
[4633.619s][info][gc,phases,start] GC(1032) Summary Phase
[4633.619s][info][gc,phases      ] GC(1032) Summary Phase 0.047ms
[4633.620s][info][gc,phases,start] GC(1032) Forward
[4633.799s][info][gc,phases      ] GC(1032) Forward 179.095ms
[4633.799s][info][gc,phases,start] GC(1032) Adjust Pointers
[4633.996s][info][gc,phases      ] GC(1032) Adjust Pointers 197.586ms
[4633.996s][info][gc,phases,start] GC(1032) Compaction Phase
[4634.148s][info][gc,phases      ] GC(1032) Compaction Phase 152.012ms
[4634.151s][info][gc,phases,start] GC(1032) Post Compact
[4634.154s][info][gc,phases      ] GC(1032) Post Compact 2.895ms
[4634.154s][info][gc,heap        ] GC(1032) PSYoungGen: 863231K(2637824K)->0K(2637824K) Eden: 722618K(2484224K)->0K(2484224K) From: 140613K(153600K)->0K(153600K)
[4634.154s][info][gc,heap        ] GC(1032) ParOldGen: 2621919K(2621952K)->1139971K(2621952K)
[4634.154s][info][gc,metaspace   ] GC(1032) Metaspace: 29108K(29504K)->29108K(29504K) NonClass: 24218K(24384K)->24218K(24384K) Class: 4889K(5120K)->4889K(5120K)
[4634.154s][info][gc             ] GC(1032) Pause Full (Diagnostic Command) 3403M->1113M(5136M) 824.052ms
[4634.154s][info][gc,cpu         ] GC(1032) User=4.27s Sys=0.01s Real=0.82s
..[4635.933s][info][gc,start       ] GC(1033) Pause Young (Allocation Failure)
[4635.997s][info][gc,heap        ] GC(1033) PSYoungGen: 2484224K(2637824K)->144480K(2638848K) Eden: 2484224K(2484224K)->0K(2484224K) From: 0K(153600K)->144480K(154624K)
[4635.997s][info][gc,heap        ] GC(1033) ParOldGen: 1139971K(2621952K)->1139971K(2621952K)
[4635.997s][info][gc,metaspace   ] GC(1033) Metaspace: 29108K(29504K)->29108K(29504K) NonClass: 24218K(24384K)->24218K(24384K) Class: 4889K(5120K)->4889K(5120K)
[4635.997s][info][gc             ] GC(1033) Pause Young (Allocation Failure) 3539M->1254M(5137M) 64.246ms
[4635.997s][info][gc,cpu         ] GC(1033) User=0.38s Sys=0.00s Real=0.06s
...[4638.486s][info][gc,start       ] GC(1034) Pause Young (Allocation Failure)
[4638.582s][info][gc,heap        ] GC(1034) PSYoungGen: 2628704K(2638848K)->146240K(2640896K) Eden: 2484224K(2484224K)->0K(2487296K) From: 144480K(154624K)->146240K(153600K)
[4638.582s][info][gc,heap        ] GC(1034) ParOldGen: 1139971K(2621952K)->1233019K(2621952K)
[4638.582s][info][gc,metaspace   ] GC(1034) Metaspace: 29108K(29504K)->29108K(29504K) NonClass: 24218K(24384K)->24218K(24384K) Class: 4889K(5120K)->4889K(5120K)
[4638.582s][info][gc             ] GC(1034) Pause Young (Allocation Failure) 3680M->1346M(5139M) 95.741ms
[4638.582s][info][gc,cpu         ] GC(1034) User=0.57s Sys=0.00s Real=0.10s
..[4641.134s][info][gc,start       ] GC(1035) Pause Young (Allocation Failure)
[4641.227s][info][gc,heap        ] GC(1035) PSYoungGen: 2633536K(2640896K)->146258K(2641408K) Eden: 2487296K(2487296K)->0K(2487296K) From: 146240K(153600K)->146258K(154112K)
[4641.227s][info][gc,heap        ] GC(1035) ParOldGen: 1233019K(2621952K)->1322499K(2621952K)
[4641.227s][info][gc,metaspace   ] GC(1035) Metaspace: 29108K(29504K)->29108K(29504K) NonClass: 24218K(24384K)->24218K(24384K) Class: 4889K(5120K)->4889K(5120K)
[4641.227s][info][gc             ] GC(1035) Pause Young (Allocation Failure) 3775M->1434M(5140M) 93.693ms
[4641.227s][info][gc,cpu         ] GC(1035) User=0.55s Sys=0.00s Real=0.09s
...[4643.754s][info][gc,start       ] GC(1036) Pause Young (Allocation Failure)
[4643.847s][info][gc,heap        ] GC(1036) PSYoungGen: 2633554K(2641408K)->140192K(2640896K) Eden: 2487296K(2487296K)->0K(2487808K) From: 146258K(154112K)->140192K(153088K)
[4643.847s][info][gc,heap        ] GC(1036) ParOldGen: 1322499K(2621952K)->1414131K(2621952K)
[4643.847s][info][gc,metaspace   ] GC(1036) Metaspace: 29108K(29504K)->29108K(29504K) NonClass: 24218K(24384K)->24218K(24384K) Class: 4889K(5120K)->4889K(5120K)
[4643.847s][info][gc             ] GC(1036) Pause Young (Allocation Failure) 3863M->1517M(5139M) 92.902ms
[4643.847s][info][gc,cpu         ] GC(1036) User=0.55s Sys=0.00s Real=0.09s
...[4646.406s][info][gc,start       ] GC(1037) Pause Young (Allocation Failure)
[4646.502s][info][gc,heap        ] GC(1037) PSYoungGen: 2628000K(2640896K)->150784K(2638848K) Eden: 2487808K(2487808K)->0K(2487808K) From: 140192K(153088K)->150784K(151040K)
[4646.502s][info][gc,heap        ] GC(1037) ParOldGen: 1414131K(2621952K)->1506587K(2621952K)
[4646.502s][info][gc,metaspace   ] GC(1037) Metaspace: 29108K(29504K)->29108K(29504K) NonClass: 24218K(24384K)->24218K(24384K) Class: 4889K(5120K)->4889K(5120K)
[4646.502s][info][gc             ] GC(1037) Pause Young (Allocation Failure) 3947M->1618M(5137M) 95.927ms
[4646.502s][info][gc,cpu         ] GC(1037) User=0.57s Sys=0.00s Real=0.10s
..[4649.077s][info][gc,start       ] GC(1038) Pause Young (Allocation Failure)
[4649.168s][info][gc,heap        ] GC(1038) PSYoungGen: 2638592K(2638848K)->139456K(2640896K) Eden: 2487808K(2487808K)->0K(2485760K) From: 150784K(151040K)->139456K(155136K)
[4649.168s][info][gc,heap        ] GC(1038) ParOldGen: 1506587K(2621952K)->1599923K(2621952K)
[4649.168s][info][gc,metaspace   ] GC(1038) Metaspace: 29108K(29504K)->29108K(29504K) NonClass: 24218K(24384K)->24218K(24384K) Class: 4889K(5120K)->4889K(5120K)
[4649.168s][info][gc             ] GC(1038) Pause Young (Allocation Failure) 4048M->1698M(5139M) 91.030ms
[4649.168s][info][gc,cpu         ] GC(1038) User=0.54s Sys=0.00s Real=0.09s
...[4651.637s][info][gc,start       ] GC(1039) Pause Young (Allocation Failure)
[4651.726s][info][gc,heap        ] GC(1039) PSYoungGen: 2625216K(2640896K)->135680K(2640896K) Eden: 2485760K(2485760K)->0K(2485760K) From: 139456K(155136K)->135680K(155136K)
[4651.726s][info][gc,heap        ] GC(1039) ParOldGen: 1599923K(2621952K)->1691003K(2621952K)
[4651.726s][info][gc,metaspace   ] GC(1039) Metaspace: 29108K(29504K)->29108K(29504K) NonClass: 24218K(24384K)->24218K(24384K) Class: 4889K(5120K)->4889K(5120K)
[4651.726s][info][gc             ] GC(1039) Pause Young (Allocation Failure) 4126M->1783M(5139M) 89.185ms
[4651.726s][info][gc,cpu         ] GC(1039) User=0.53s Sys=0.00s Real=0.09s
...[4654.292s][info][gc,start       ] GC(1040) Pause Young (Allocation Failure)
[4654.388s][info][gc,heap        ] GC(1040) PSYoungGen: 2621440K(2640896K)->147008K(2639872K) Eden: 2485760K(2485760K)->0K(2484736K) From: 135680K(155136K)->147008K(155136K)
[4654.388s][info][gc,heap        ] GC(1040) ParOldGen: 1691003K(2621952K)->1781547K(2621952K)
[4654.388s][info][gc,metaspace   ] GC(1040) Metaspace: 29108K(29504K)->29108K(29504K) NonClass: 24218K(24384K)->24218K(24384K) Class: 4889K(5120K)->4889K(5120K)
[4654.388s][info][gc             ] GC(1040) Pause Young (Allocation Failure) 4211M->1883M(5138M) 95.166ms
[4654.388s][info][gc,cpu         ] GC(1040) User=0.56s Sys=0.00s Real=0.09s
..[4656.811s][info][gc,start       ] GC(1041) Pause Young (Allocation Failure)
[4656.908s][info][gc,heap        ] GC(1041) PSYoungGen: 2631744K(2639872K)->145296K(2640384K) Eden: 2484736K(2484736K)->0K(2484736K) From: 147008K(155136K)->145296K(155648K)
[4656.908s][info][gc,heap        ] GC(1041) ParOldGen: 1781547K(2621952K)->1876203K(2621952K)
[4656.908s][info][gc,metaspace   ] GC(1041) Metaspace: 29108K(29504K)->29108K(29504K) NonClass: 24218K(24384K)->24218K(24384K) Class: 4889K(5120K)->4889K(5120K)
[4656.908s][info][gc             ] GC(1041) Pause Young (Allocation Failure) 4309M->1974M(5139M) 96.907ms
[4656.908s][info][gc,cpu         ] GC(1041) User=0.58s Sys=0.00s Real=0.09s
...[4659.403s][info][gc,start       ] GC(1042) Pause Young (Allocation Failure)
[4659.497s][info][gc,heap        ] GC(1042) PSYoungGen: 2630032K(2640384K)->144064K(2638336K) Eden: 2484736K(2484736K)->0K(2485248K) From: 145296K(155648K)->144064K(153088K)
[4659.497s][info][gc,heap        ] GC(1042) ParOldGen: 1876203K(2621952K)->1967699K(2621952K)
[4659.497s][info][gc,metaspace   ] GC(1042) Metaspace: 29108K(29504K)->29108K(29504K) NonClass: 24218K(24384K)->24218K(24384K) Class: 4889K(5120K)->4889K(5120K)
[4659.497s][info][gc             ] GC(1042) Pause Young (Allocation Failure) 4400M->2062M(5137M) 94.029ms
[4659.497s][info][gc,cpu         ] GC(1042) User=0.56s Sys=0.00s Real=0.09s
..[4662.023s][info][gc,start       ] GC(1043) Pause Young (Allocation Failure)
[4662.118s][info][gc,heap        ] GC(1043) PSYoungGen: 2629312K(2638336K)->146800K(2639360K) Eden: 2485248K(2485248K)->0K(2485248K) From: 144064K(153088K)->146800K(154112K)
[4662.118s][info][gc,heap        ] GC(1043) ParOldGen: 1967699K(2621952K)->2059163K(2621952K)
[4662.118s][info][gc,metaspace   ] GC(1043) Metaspace: 29108K(29504K)->29108K(29504K) NonClass: 24218K(24384K)->24218K(24384K) Class: 4889K(5120K)->4889K(5120K)
[4662.118s][info][gc             ] GC(1043) Pause Young (Allocation Failure) 4489M->2154M(5138M) 94.678ms
[4662.118s][info][gc,cpu         ] GC(1043) User=0.57s Sys=0.00s Real=0.09s
... (rIR:aIR:PR = 7749:7710:7710) (tPR = 113723) [OK] 
  4664s: Performance info:
         Transaction,    Success,    Partial,     Failed,   Receipts, AvgBarcode, 
             Overall,     467708,          0,          0,     444109,      59.47, 
         Response times:
             Request,    Success,    Partial,     Failed,   SkipFail,     Probes,    Samples,      min,      p50,      p90,      p95,      p99,      max, 
       TotalPurchase,     444218,          0,          0,          0,     358402,     396395,      200,     5200,    14900,    41000,   312000,   587000,
     InStorePurchase,     233686,          0,          0,          0,     188093,     207603,      200,     5200,    14900,    41000,   312000,   587000,
      OnlinePurchase,     163084,          0,          0,          0,     132152,     146373,      300,     5200,    14900,    41000,   339000,   548000,
        InstPurchase,      47448,          0,          0,          0,      38157,      42419,      300,     5000,    14600,    41000,   358600,   543000,
          AssocOfCat,        468,          0,          0,          0,        373,        502,    19600,    36000,    56000,    93850,   579910,   587000,
      AssocOfProduct,       4709,          0,          0,          0,       4406,       5043,      600,     4700,    11860,    35000,   325000,   555000,
      BusinessReport,       1172,          0,          0,          0,       1060,       1280,    24000,    44000,    69000,    99000,   339000,   549000,
          CustBuyBeh,       4712,          0,          0,          0,       4423,       5005,      100,     5400,    14740,    39000,   407360,   587000,
       ProductReturn,      12497,          0,          0,          0,       9569,      10733,      400,     6300,    16060,    46000,   511000,   587000,

  4664s: (57%)   IR =   7887 [4664.687s][info][gc,start       ] GC(1044) Pause Young (Allocation Failure)
[4664.779s][info][gc,heap        ] GC(1044) PSYoungGen: 2632048K(2639360K)->139712K(2641920K) Eden: 2485248K(2485248K)->0K(2487808K) From: 146800K(154112K)->139712K(154112K)
[4664.779s][info][gc,heap        ] GC(1044) ParOldGen: 2059163K(2621952K)->2150979K(2621952K)
[4664.779s][info][gc,metaspace   ] GC(1044) Metaspace: 29108K(29504K)->29108K(29504K) NonClass: 24218K(24384K)->24218K(24384K) Class: 4889K(5120K)->4889K(5120K)
[4664.779s][info][gc             ] GC(1044) Pause Young (Allocation Failure) 4581M->2237M(5140M) 91.618ms
[4664.779s][info][gc,cpu         ] GC(1044) User=0.54s Sys=0.00s Real=0.09s
..[4667.217s][info][gc,start       ] GC(1045) Pause Young (Allocation Failure)
[4667.313s][info][gc,heap        ] GC(1045) PSYoungGen: 2627520K(2641920K)->147460K(2635776K) Eden: 2487808K(2487808K)->0K(2487808K) From: 139712K(154112K)->147460K(147968K)
[4667.313s][info][gc,heap        ] GC(1045) ParOldGen: 2150979K(2621952K)->2245043K(2621952K)
[4667.313s][info][gc,metaspace   ] GC(1045) Metaspace: 29108K(29504K)->29108K(29504K) NonClass: 24218K(24384K)->24218K(24384K) Class: 4889K(5120K)->4889K(5120K)
[4667.313s][info][gc             ] GC(1045) Pause Young (Allocation Failure) 4666M->2336M(5134M) 96.811ms
[4667.313s][info][gc,cpu         ] GC(1045) User=0.58s Sys=0.00s Real=0.10s
...[4669.758s][info][gc,start       ] GC(1046) Pause Young (Allocation Failure)
[4669.855s][info][gc,heap        ] GC(1046) PSYoungGen: 2635268K(2635776K)->147460K(2641408K) Eden: 2487808K(2487808K)->0K(2486784K) From: 147460K(147968K)->147460K(154624K)
[4669.855s][info][gc,heap        ] GC(1046) ParOldGen: 2245043K(2621952K)->2335507K(2621952K)
[4669.855s][info][gc,metaspace   ] GC(1046) Metaspace: 29108K(29504K)->29108K(29504K) NonClass: 24218K(24384K)->24218K(24384K) Class: 4889K(5120K)->4889K(5120K)
[4669.855s][info][gc             ] GC(1046) Pause Young (Allocation Failure) 4765M->2424M(5140M) 96.686ms
[4669.855s][info][gc,cpu         ] GC(1046) User=0.58s Sys=0.01s Real=0.10s
.|.[4672.366s][info][gc,start       ] GC(1047) Pause Young (Allocation Failure)
[4672.462s][info][gc,heap        ] GC(1047) PSYoungGen: 2634244K(2641408K)->147456K(2641408K) Eden: 2486784K(2486784K)->0K(2486784K) From: 147460K(154624K)->147456K(154624K)
[4672.462s][info][gc,heap        ] GC(1047) ParOldGen: 2335507K(2621952K)->2426531K(2621952K)
[4672.462s][info][gc,metaspace   ] GC(1047) Metaspace: 29108K(29504K)->29108K(29504K) NonClass: 24218K(24384K)->24218K(24384K) Class: 4889K(5120K)->4889K(5120K)
[4672.462s][info][gc             ] GC(1047) Pause Young (Allocation Failure) 4853M->2513M(5140M) 96.387ms
[4672.463s][info][gc,cpu         ] GC(1047) User=0.58s Sys=0.00s Real=0.10s
...[4674.920s][info][gc,start       ] GC(1048) Pause Young (Allocation Failure)
[4675.015s][info][gc,heap        ] GC(1048) PSYoungGen: 2634240K(2641408K)->141152K(2641408K) Eden: 2486784K(2486784K)->0K(2486784K) From: 147456K(154624K)->141152K(154624K)
[4675.015s][info][gc,heap        ] GC(1048) ParOldGen: 2426531K(2621952K)->2519899K(2621952K)
[4675.015s][info][gc,metaspace   ] GC(1048) Metaspace: 29108K(29504K)->29108K(29504K) NonClass: 24218K(24384K)->24218K(24384K) Class: 4889K(5120K)->4889K(5120K)
[4675.015s][info][gc             ] GC(1048) Pause Young (Allocation Failure) 4942M->2598M(5140M) 95.780ms
[4675.016s][info][gc,cpu         ] GC(1048) User=0.57s Sys=0.00s Real=0.09s
...[4677.492s][info][gc,start       ] GC(1049) Pause Young (Allocation Failure)
[4677.586s][info][gc,heap        ] GC(1049) PSYoungGen: 2627936K(2641408K)->146048K(2633216K) Eden: 2486784K(2486784K)->0K(2486784K) From: 141152K(154624K)->146048K(146432K)
[4677.586s][info][gc,heap        ] GC(1049) ParOldGen: 2519899K(2621952K)->2610827K(2621952K)
[4677.586s][info][gc,metaspace   ] GC(1049) Metaspace: 29108K(29504K)->29108K(29504K) NonClass: 24218K(24384K)->24218K(24384K) Class: 4889K(5120K)->4889K(5120K)
[4677.586s][info][gc             ] GC(1049) Pause Young (Allocation Failure) 5027M->2692M(5132M) 93.833ms
[4677.586s][info][gc,cpu         ] GC(1049) User=0.56s Sys=0.00s Real=0.09s
..[4680.007s][info][gc,start       ] GC(1050) Pause Young (Allocation Failure)
[4680.105s][info][gc,heap        ] GC(1050) PSYoungGen: 2632832K(2633216K)->144768K(2641920K) Eden: 2486784K(2486784K)->0K(2487808K) From: 146048K(146432K)->144768K(154112K)
[4680.105s][info][gc,heap        ] GC(1050) ParOldGen: 2610827K(2621952K)->2703035K(2703360K)
[4680.105s][info][gc,metaspace   ] GC(1050) Metaspace: 29108K(29504K)->29108K(29504K) NonClass: 24218K(24384K)->24218K(24384K) Class: 4889K(5120K)->4889K(5120K)
[4680.105s][info][gc             ] GC(1050) Pause Young (Allocation Failure) 5120M->2781M(5220M) 98.566ms
[4680.105s][info][gc,cpu         ] GC(1050) User=0.56s Sys=0.02s Real=0.10s
...[4682.619s][info][gc,start       ] GC(1051) Pause Young (Allocation Failure)
[4682.718s][info][gc,heap        ] GC(1051) PSYoungGen: 2632576K(2641920K)->138912K(2640896K) Eden: 2487808K(2487808K)->0K(2487808K) From: 144768K(154112K)->138912K(153088K)
[4682.718s][info][gc,heap        ] GC(1051) ParOldGen: 2703035K(2703360K)->2793915K(2793984K)
[4682.718s][info][gc,metaspace   ] GC(1051) Metaspace: 29108K(29504K)->29108K(29504K) NonClass: 24218K(24384K)->24218K(24384K) Class: 4889K(5120K)->4889K(5120K)
[4682.718s][info][gc             ] GC(1051) Pause Young (Allocation Failure) 5210M->2864M(5307M) 98.901ms
[4682.718s][info][gc,cpu         ] GC(1051) User=0.56s Sys=0.03s Real=0.09s
..[4685.203s][info][gc,start       ] GC(1052) Pause Young (Allocation Failure)
[4685.302s][info][gc,heap        ] GC(1052) PSYoungGen: 2626720K(2640896K)->143764K(2641408K) Eden: 2487808K(2487808K)->0K(2489344K) From: 138912K(153088K)->143764K(152064K)
[4685.302s][info][gc,heap        ] GC(1052) ParOldGen: 2793915K(2793984K)->2887803K(2888192K)
[4685.302s][info][gc,metaspace   ] GC(1052) Metaspace: 29108K(29504K)->29108K(29504K) NonClass: 24218K(24384K)->24218K(24384K) Class: 4889K(5120K)->4889K(5120K)
[4685.302s][info][gc             ] GC(1052) Pause Young (Allocation Failure) 5293M->2960M(5400M) 99.224ms
[4685.302s][info][gc,cpu         ] GC(1052) User=0.56s Sys=0.02s Real=0.10s
...[4687.783s][info][gc,start       ] GC(1053) Pause Young (Allocation Failure)
[4687.886s][info][gc,heap        ] GC(1053) PSYoungGen: 2633108K(2641408K)->152549K(2641920K) Eden: 2489344K(2489344K)->0K(2489344K) From: 143764K(152064K)->152549K(152576K)
[4687.886s][info][gc,heap        ] GC(1053) ParOldGen: 2887803K(2888192K)->2976923K(2977280K)
[4687.886s][info][gc,metaspace   ] GC(1053) Metaspace: 29108K(29504K)->29108K(29504K) NonClass: 24218K(24384K)->24218K(24384K) Class: 4889K(5120K)->4889K(5120K)
[4687.886s][info][gc             ] GC(1053) Pause Young (Allocation Failure) 5391M->3056M(5487M) 102.629ms
[4687.886s][info][gc,cpu         ] GC(1053) User=0.59s Sys=0.02s Real=0.10s
..[4690.371s][info][gc,start       ] GC(1054) Pause Young (Allocation Failure)
[4690.468s][info][gc,heap        ] GC(1054) PSYoungGen: 2641893K(2641920K)->144576K(2578432K) Eden: 2489344K(2489344K)->0K(2424320K) From: 152549K(152576K)->144576K(154112K)
[4690.468s][info][gc,heap        ] GC(1054) ParOldGen: 2976923K(2977280K)->3068411K(3068416K)
[4690.468s][info][gc,metaspace   ] GC(1054) Metaspace: 29108K(29504K)->29108K(29504K) NonClass: 24218K(24384K)->24218K(24384K) Class: 4889K(5120K)->4889K(5120K)
[4690.469s][info][gc             ] GC(1054) Pause Young (Allocation Failure) 5487M->3137M(5514M) 97.573ms
[4690.469s][info][gc,cpu         ] GC(1054) User=0.55s Sys=0.03s Real=0.09s
...[4692.870s][info][gc,start       ] GC(1055) Pause Young (Allocation Failure)
[4692.968s][info][gc,heap        ] GC(1055) PSYoungGen: 2568896K(2578432K)->139200K(2610176K) Eden: 2424320K(2424320K)->0K(2424320K) From: 144576K(154112K)->139200K(185856K)
[4692.968s][info][gc,heap        ] GC(1055) ParOldGen: 3068411K(3068416K)->3160043K(3160064K)
[4692.968s][info][gc,metaspace   ] GC(1055) Metaspace: 29108K(29504K)->29108K(29504K) NonClass: 24218K(24384K)->24218K(24384K) Class: 4889K(5120K)->4889K(5120K)
[4692.968s][info][gc             ] GC(1055) Pause Young (Allocation Failure) 5505M->3221M(5635M) 97.774ms
[4692.968s][info][gc,cpu         ] GC(1055) User=0.54s Sys=0.03s Real=0.09s
..[4695.397s][info][gc,start       ] GC(1056) Pause Young (Allocation Failure)
[4695.493s][info][gc,heap        ] GC(1056) PSYoungGen: 2563520K(2610176K)->141408K(2606080K) Eden: 2424320K(2424320K)->0K(2425344K) From: 139200K(185856K)->141408K(180736K)
[4695.493s][info][gc,heap        ] GC(1056) ParOldGen: 3160043K(3160064K)->3252267K(3252736K)
[4695.493s][info][gc,metaspace   ] GC(1056) Metaspace: 29108K(29504K)->29108K(29504K) NonClass: 24218K(24384K)->24218K(24384K) Class: 4889K(5120K)->4889K(5120K)
[4695.493s][info][gc             ] GC(1056) Pause Young (Allocation Failure) 5589M->3314M(5721M) 96.207ms
[4695.493s][info][gc,cpu         ] GC(1056) User=0.54s Sys=0.02s Real=0.10s
...[4697.870s][info][gc,start       ] GC(1057) Pause Young (Allocation Failure)
[4697.972s][info][gc,heap        ] GC(1057) PSYoungGen: 2566752K(2606080K)->145034K(2608640K) Eden: 2425344K(2425344K)->0K(2425344K) From: 141408K(180736K)->145034K(183296K)
[4697.972s][info][gc,heap        ] GC(1057) ParOldGen: 3252267K(3252736K)->3343427K(3343872K)
[4697.972s][info][gc,metaspace   ] GC(1057) Metaspace: 29108K(29504K)->29108K(29504K) NonClass: 24218K(24384K)->24218K(24384K) Class: 4889K(5120K)->4889K(5120K)
[4697.972s][info][gc             ] GC(1057) Pause Young (Allocation Failure) 5682M->3406M(5813M) 102.931ms
[4697.972s][info][gc,cpu         ] GC(1057) User=0.58s Sys=0.03s Real=0.10s
..[4700.381s][info][gc,start       ] GC(1058) Pause Young (Allocation Failure)
[4700.482s][info][gc,heap        ] GC(1058) PSYoungGen: 2570378K(2608640K)->149760K(2606080K) Eden: 2425344K(2425344K)->0K(2431488K) From: 145034K(183296K)->149760K(174592K)
[4700.482s][info][gc,heap        ] GC(1058) ParOldGen: 3343427K(3343872K)->3433851K(3433984K)
[4700.482s][info][gc,metaspace   ] GC(1058) Metaspace: 29108K(29504K)->29108K(29504K) NonClass: 24218K(24384K)->24218K(24384K) Class: 4889K(5120K)->4889K(5120K)
[4700.482s][info][gc             ] GC(1058) Pause Young (Allocation Failure) 5775M->3499M(5898M) 101.284ms
[4700.482s][info][gc,cpu         ] GC(1058) User=0.57s Sys=0.04s Real=0.10s
...[4702.910s][info][gc,start       ] GC(1059) Pause Young (Allocation Failure)
[4703.006s][info][gc,heap        ] GC(1059) PSYoungGen: 2581248K(2606080K)->138592K(2609664K) Eden: 2431488K(2431488K)->0K(2431488K) From: 149760K(174592K)->138592K(178176K)
[4703.006s][info][gc,heap        ] GC(1059) ParOldGen: 3433851K(3433984K)->3524219K(3524608K)
[4703.006s][info][gc,metaspace   ] GC(1059) Metaspace: 29108K(29504K)->29108K(29504K) NonClass: 24218K(24384K)->24218K(24384K) Class: 4889K(5120K)->4889K(5120K)
[4703.006s][info][gc             ] GC(1059) Pause Young (Allocation Failure) 5874M->3576M(5990M) 96.313ms
[4703.006s][info][gc,cpu         ] GC(1059) User=0.55s Sys=0.02s Real=0.09s
..[4705.422s][info][gc,start       ] GC(1060) Pause Young (Allocation Failure)
[4705.527s][info][gc,heap        ] GC(1060) PSYoungGen: 2570080K(2609664K)->152228K(2613760K) Eden: 2431488K(2431488K)->0K(2440704K) From: 138592K(178176K)->152228K(173056K)
[4705.527s][info][gc,heap        ] GC(1060) ParOldGen: 3524219K(3524608K)->3615483K(3615744K)
[4705.527s][info][gc,metaspace   ] GC(1060) Metaspace: 29108K(29504K)->29108K(29504K) NonClass: 24218K(24384K)->24218K(24384K) Class: 4889K(5120K)->4889K(5120K)
[4705.527s][info][gc             ] GC(1060) Pause Young (Allocation Failure) 5951M->3679M(6083M) 105.092ms
[4705.527s][info][gc,cpu         ] GC(1060) User=0.60s Sys=0.03s Real=0.10s
...[4707.927s][info][gc,start       ] GC(1061) Pause Young (Allocation Failure)
[4708.027s][info][gc,heap        ] GC(1061) PSYoungGen: 2592932K(2613760K)->140896K(2616320K) Eden: 2440704K(2440704K)->0K(2440704K) From: 152228K(173056K)->140896K(175616K)
[4708.027s][info][gc,heap        ] GC(1061) ParOldGen: 3615483K(3615744K)->3706203K(3706368K)
[4708.027s][info][gc,metaspace   ] GC(1061) Metaspace: 29108K(29504K)->29108K(29504K) NonClass: 24218K(24384K)->24218K(24384K) Class: 4889K(5120K)->4889K(5120K)
[4708.027s][info][gc             ] GC(1061) Pause Young (Allocation Failure) 6062M->3756M(6174M) 99.615ms
[4708.027s][info][gc,cpu         ] GC(1061) User=0.56s Sys=0.02s Real=0.10s
..[4710.483s][info][gc,start       ] GC(1062) Pause Young (Allocation Failure)
[4710.587s][info][gc,heap        ] GC(1062) PSYoungGen: 2581600K(2616320K)->150960K(2616320K) Eden: 2440704K(2440704K)->0K(2446336K) From: 140896K(175616K)->150960K(169984K)
[4710.587s][info][gc,heap        ] GC(1062) ParOldGen: 3706203K(3706368K)->3797243K(3797504K)
[4710.587s][info][gc,metaspace   ] GC(1062) Metaspace: 29108K(29504K)->29108K(29504K) NonClass: 24218K(24384K)->24218K(24384K) Class: 4889K(5120K)->4889K(5120K)
[4710.587s][info][gc             ] GC(1062) Pause Young (Allocation Failure) 6140M->3855M(6263M) 104.185ms
[4710.588s][info][gc,cpu         ] GC(1062) User=0.60s Sys=0.02s Real=0.10s
...[4713.013s][info][gc,start       ] GC(1063) Pause Young (Allocation Failure)
[4713.112s][info][gc,heap        ] GC(1063) PSYoungGen: 2597296K(2616320K)->144384K(2618880K) Eden: 2446336K(2446336K)->0K(2446336K) From: 150960K(169984K)->144384K(172544K)
[4713.112s][info][gc,heap        ] GC(1063) ParOldGen: 3797243K(3797504K)->3887219K(3887616K)
[4713.112s][info][gc,metaspace   ] GC(1063) Metaspace: 29108K(29504K)->29108K(29504K) NonClass: 24218K(24384K)->24218K(24384K) Class: 4889K(5120K)->4889K(5120K)
[4713.112s][info][gc             ] GC(1063) Pause Young (Allocation Failure) 6244M->3937M(6354M) 99.267ms
[4713.112s][info][gc,cpu         ] GC(1063) User=0.56s Sys=0.03s Real=0.10s
..[4715.521s][info][gc,start       ] GC(1064) Pause Young (Allocation Failure)
[4715.624s][info][gc,heap        ] GC(1064) PSYoungGen: 2590720K(2618880K)->143877K(2619392K) Eden: 2446336K(2446336K)->0K(2452480K) From: 144384K(172544K)->143877K(166912K)
[4715.624s][info][gc,heap        ] GC(1064) ParOldGen: 3887219K(3887616K)->3979235K(3979264K)
[4715.624s][info][gc,metaspace   ] GC(1064) Metaspace: 29108K(29504K)->29108K(29504K) NonClass: 24218K(24384K)->24218K(24384K) Class: 4889K(5120K)->4889K(5120K)
[4715.624s][info][gc             ] GC(1064) Pause Young (Allocation Failure) 6326M->4026M(6444M) 103.370ms
[4715.624s][info][gc,cpu         ] GC(1064) User=0.59s Sys=0.02s Real=0.10s
...[4718.049s][info][gc,start       ] GC(1065) Pause Young (Allocation Failure)
[4718.147s][info][gc,heap        ] GC(1065) PSYoungGen: 2596357K(2619392K)->140096K(2621952K) Eden: 2452480K(2452480K)->0K(2452480K) From: 143877K(166912K)->140096K(169472K)
[4718.147s][info][gc,heap        ] GC(1065) ParOldGen: 3979235K(3979264K)->4069331K(4069376K)
[4718.147s][info][gc,metaspace   ] GC(1065) Metaspace: 29108K(29504K)->29108K(29504K) NonClass: 24218K(24384K)->24218K(24384K) Class: 4889K(5120K)->4889K(5120K)
[4718.147s][info][gc             ] GC(1065) Pause Young (Allocation Failure) 6421M->4110M(6534M) 98.766ms
[4718.148s][info][gc,cpu         ] GC(1065) User=0.56s Sys=0.03s Real=0.10s
..[4720.603s][info][gc,start       ] GC(1066) Pause Young (Allocation Failure)
[4720.700s][info][gc,heap        ] GC(1066) PSYoungGen: 2592576K(2621952K)->134944K(2625536K) Eden: 2452480K(2452480K)->0K(2458112K) From: 140096K(169472K)->134944K(167424K)
[4720.700s][info][gc,heap        ] GC(1066) ParOldGen: 4069331K(4069376K)->4162163K(4162560K)
[4720.700s][info][gc,metaspace   ] GC(1066) Metaspace: 29108K(29504K)->29108K(29504K) NonClass: 24218K(24384K)->24218K(24384K) Class: 4889K(5120K)->4889K(5120K)
[4720.700s][info][gc             ] GC(1066) Pause Young (Allocation Failure) 6505M->4196M(6629M) 97.623ms
[4720.700s][info][gc,cpu         ] GC(1066) User=0.55s Sys=0.03s Real=0.10s
...[4723.233s][info][gc,start       ] GC(1067) Pause Young (Allocation Failure)
[4723.337s][info][gc,heap        ] GC(1067) PSYoungGen: 2593056K(2625536K)->151072K(2626560K) Eden: 2458112K(2458112K)->0K(2458112K) From: 134944K(167424K)->151072K(168448K)
[4723.337s][info][gc,heap        ] GC(1067) ParOldGen: 4162163K(4162560K)->4252283K(4252672K)
[4723.337s][info][gc,metaspace   ] GC(1067) Metaspace: 29108K(29504K)->29108K(29504K) NonClass: 24218K(24384K)->24218K(24384K) Class: 4889K(5120K)->4889K(5120K)
[4723.337s][info][gc             ] GC(1067) Pause Young (Allocation Failure) 6596M->4300M(6718M) 103.938ms
[4723.337s][info][gc,cpu         ] GC(1067) User=0.59s Sys=0.02s Real=0.10s
..[4725.629s][info][gc,start       ] GC(1068) Pause Young (Allocation Failure)
[4725.727s][info][gc,heap        ] GC(1068) PSYoungGen: 2609184K(2626560K)->140228K(2624512K) Eden: 2458112K(2458112K)->0K(2459136K) From: 151072K(168448K)->140228K(165376K)
[4725.727s][info][gc,heap        ] GC(1068) ParOldGen: 4252283K(4252672K)->4343995K(4344320K)
[4725.727s][info][gc,metaspace   ] GC(1068) Metaspace: 29108K(29504K)->29108K(29504K) NonClass: 24218K(24384K)->24218K(24384K) Class: 4889K(5120K)->4889K(5120K)
[4725.727s][info][gc             ] GC(1068) Pause Young (Allocation Failure) 6700M->4379M(6805M) 98.690ms
[4725.727s][info][gc,cpu         ] GC(1068) User=0.56s Sys=0.03s Real=0.10s
...[4728.203s][info][gc,start       ] GC(1069) Pause Young (Allocation Failure)
[4728.305s][info][gc,heap        ] GC(1069) PSYoungGen: 2599364K(2624512K)->147024K(2626048K) Eden: 2459136K(2459136K)->0K(2459136K) From: 140228K(165376K)->147024K(166912K)
[4728.305s][info][gc,heap        ] GC(1069) ParOldGen: 4343995K(4344320K)->4434715K(4434944K)
[4728.305s][info][gc,metaspace   ] GC(1069) Metaspace: 29108K(29504K)->29108K(29504K) NonClass: 24218K(24384K)->24218K(24384K) Class: 4889K(5120K)->4889K(5120K)
[4728.305s][info][gc             ] GC(1069) Pause Young (Allocation Failure) 6780M->4474M(6895M) 101.708ms
[4728.305s][info][gc,cpu         ] GC(1069) User=0.57s Sys=0.04s Real=0.10s
..[4730.662s][info][gc,start       ] GC(1070) Pause Young (Allocation Failure)
[4730.763s][info][gc,heap        ] GC(1070) PSYoungGen: 2606160K(2626048K)->141572K(2627072K) Eden: 2459136K(2459136K)->0K(2463744K) From: 147024K(166912K)->141572K(163328K)
[4730.763s][info][gc,heap        ] GC(1070) ParOldGen: 4434715K(4434944K)->4528315K(4528640K)
[4730.763s][info][gc,metaspace   ] GC(1070) Metaspace: 29108K(29504K)->29108K(29504K) NonClass: 24218K(24384K)->24218K(24384K) Class: 4889K(5120K)->4889K(5120K)
[4730.763s][info][gc             ] GC(1070) Pause Young (Allocation Failure) 6875M->4560M(6988M) 100.601ms
[4730.763s][info][gc,cpu         ] GC(1070) User=0.57s Sys=0.02s Real=0.10s
. (rIR:aIR:PR = 7887:7859:7860) (tPR = 117561) [OK] 
  4730s: Performance info:
         Transaction,    Success,    Partial,     Failed,   Receipts, AvgBarcode, 
             Overall,     474661,          0,          0,     450714,      59.47, 
         Response times:
             Request,    Success,    Partial,     Failed,   SkipFail,     Probes,    Samples,      min,      p50,      p90,      p95,      p99,      max, 
       TotalPurchase,     450699,          0,          0,          0,     360174,     397491,      300,     5100,    11900,    30000,    64000,   165000,
     InStorePurchase,     236199,          0,          0,          0,     189602,     208779,      300,     5000,    11800,    30000,    64000,   165000,
      OnlinePurchase,     167010,          0,          0,          0,     132575,     146365,      300,     5100,    12000,    30000,    64000,   165000,
        InstPurchase,      47490,          0,          0,          0,      37997,      42347,      400,     5000,    12200,    29000,    62000,   146000,
          AssocOfCat,        478,          0,          0,          0,        391,        514,    19700,    35000,    53000,    74250,   140700,   155000,
      AssocOfProduct,       4755,          0,          0,          0,       4407,       5186,      500,     3850,     9330,    23000,    59000,   120000,
      BusinessReport,       1193,          0,          0,          0,       1045,       1271,    21000,    41000,    65000,    93000,   156560,   172000,
          CustBuyBeh,       4762,          0,          0,          0,       4474,       5239,      200,     3500,     9500,    23000,    59000,   123000,
       ProductReturn,      12735,          0,          0,          0,       9801,      11068,      200,     4500,    11200,    25000,    62000,   157000,

  4730s: (58%)   IR =   8025 ..[4733.176s][info][gc,start       ] GC(1071) Pause Young (Allocation Failure)
[4733.281s][info][gc,heap        ] GC(1071) PSYoungGen: 2605316K(2627072K)->148564K(2628096K) Eden: 2463744K(2463744K)->0K(2463744K) From: 141572K(163328K)->148564K(164352K)
[4733.281s][info][gc,heap        ] GC(1071) ParOldGen: 4528315K(4528640K)->4618299K(4618752K)
[4733.281s][info][gc,metaspace   ] GC(1071) Metaspace: 29108K(29504K)->29108K(29504K) NonClass: 24218K(24384K)->24218K(24384K) Class: 4889K(5120K)->4889K(5120K)
[4733.281s][info][gc             ] GC(1071) Pause Young (Allocation Failure) 6966M->4655M(7077M) 105.201ms
[4733.281s][info][gc,cpu         ] GC(1071) User=0.60s Sys=0.03s Real=0.11s
..[4735.660s][info][gc,start       ] GC(1072) Pause Young (Allocation Failure)
[4735.760s][info][gc,heap        ] GC(1072) PSYoungGen: 2612308K(2628096K)->142016K(2628096K) Eden: 2463744K(2463744K)->0K(2467840K) From: 148564K(164352K)->142016K(160256K)
[4735.760s][info][gc,heap        ] GC(1072) ParOldGen: 4618299K(4618752K)->4709107K(4709376K)
[4735.760s][info][gc,metaspace   ] GC(1072) Metaspace: 29108K(29504K)->29108K(29504K) NonClass: 24218K(24384K)->24218K(24384K) Class: 4889K(5120K)->4889K(5120K)
[4735.760s][info][gc             ] GC(1072) Pause Young (Allocation Failure) 7061M->4737M(7165M) 100.207ms
[4735.760s][info][gc,cpu         ] GC(1072) User=0.56s Sys=0.02s Real=0.10s
...[4738.132s][info][gc,start       ] GC(1073) Pause Young (Allocation Failure)
[4738.232s][info][gc,heap        ] GC(1073) PSYoungGen: 2609856K(2628096K)->139712K(2630144K) Eden: 2467840K(2467840K)->0K(2467840K) From: 142016K(160256K)->139712K(162304K)
[4738.232s][info][gc,heap        ] GC(1073) ParOldGen: 4709107K(4709376K)->4801699K(4802048K)
[4738.232s][info][gc,metaspace   ] GC(1073) Metaspace: 29108K(29504K)->29108K(29504K) NonClass: 24218K(24384K)->24218K(24384K) Class: 4889K(5120K)->4889K(5120K)
[4738.232s][info][gc             ] GC(1073) Pause Young (Allocation Failure) 7147M->4825M(7258M) 99.179ms
[4738.232s][info][gc,cpu         ] GC(1073) User=0.56s Sys=0.03s Real=0.10s
..[4740.571s][info][gc,start       ] GC(1074) Pause Young (Allocation Failure)
[4740.668s][info][gc,heap        ] GC(1074) PSYoungGen: 2607552K(2630144K)->136864K(2632192K) Eden: 2467840K(2467840K)->0K(2471936K) From: 139712K(162304K)->136864K(160256K)
[4740.668s][info][gc,heap        ] GC(1074) ParOldGen: 4801699K(4802048K)->4891579K(4891648K)
[4740.668s][info][gc,metaspace   ] GC(1074) Metaspace: 29108K(29504K)->29108K(29504K) NonClass: 24218K(24384K)->24218K(24384K) Class: 4889K(5120K)->4889K(5120K)
[4740.668s][info][gc             ] GC(1074) Pause Young (Allocation Failure) 7235M->4910M(7347M) 97.017ms
[4740.668s][info][gc,cpu         ] GC(1074) User=0.55s Sys=0.03s Real=0.09s
...[4743.058s][info][gc,start       ] GC(1075) Pause Young (Allocation Failure)
[4743.159s][info][gc,heap        ] GC(1075) PSYoungGen: 2608800K(2632192K)->141536K(2633216K) Eden: 2471936K(2471936K)->0K(2471936K) From: 136864K(160256K)->141536K(161280K)
[4743.159s][info][gc,heap        ] GC(1075) ParOldGen: 4891579K(4891648K)->4984299K(4984320K)
[4743.159s][info][gc,metaspace   ] GC(1075) Metaspace: 29108K(29504K)->29108K(29504K) NonClass: 24218K(24384K)->24218K(24384K) Class: 4889K(5120K)->4889K(5120K)
[4743.159s][info][gc             ] GC(1075) Pause Young (Allocation Failure) 7324M->5005M(7439M) 101.249ms
[4743.159s][info][gc,cpu         ] GC(1075) User=0.57s Sys=0.03s Real=0.10s
..[4745.527s][info][gc,start       ] GC(1076) Pause Young (Allocation Failure)
[4745.624s][info][gc,heap        ] GC(1076) PSYoungGen: 2613472K(2633216K)->133920K(2634752K) Eden: 2471936K(2471936K)->0K(2474496K) From: 141536K(161280K)->133920K(160256K)
[4745.624s][info][gc,heap        ] GC(1076) ParOldGen: 4984299K(4984320K)->5075923K(5075968K)
[4745.624s][info][gc,metaspace   ] GC(1076) Metaspace: 29108K(29504K)->29108K(29504K) NonClass: 24218K(24384K)->24218K(24384K) Class: 4889K(5120K)->4889K(5120K)
[4745.625s][info][gc             ] GC(1076) Pause Young (Allocation Failure) 7419M->5087M(7530M) 98.005ms
[4745.625s][info][gc,cpu         ] GC(1076) User=0.55s Sys=0.03s Real=0.10s
...[4748.167s][info][gc,start       ] GC(1077) Pause Young (Allocation Failure)
[4748.270s][info][gc,heap        ] GC(1077) PSYoungGen: 2608416K(2634752K)->146757K(2634752K) Eden: 2474496K(2474496K)->0K(2474496K) From: 133920K(160256K)->146757K(160256K)
[4748.270s][info][gc,heap        ] GC(1077) ParOldGen: 5075923K(5075968K)->5165803K(5166080K)
[4748.270s][info][gc,metaspace   ] GC(1077) Metaspace: 29108K(29504K)->29108K(29504K) NonClass: 24218K(24384K)->24218K(24384K) Class: 4889K(5120K)->4889K(5120K)
[4748.270s][info][gc             ] GC(1077) Pause Young (Allocation Failure) 7504M->5188M(7618M) 102.725ms
[4748.270s][info][gc,cpu         ] GC(1077) User=0.58s Sys=0.03s Real=0.11s
..|[4750.658s][info][gc,start       ] GC(1078) Pause Young (Allocation Failure)
[4750.760s][info][gc,heap        ] GC(1078) PSYoungGen: 2621253K(2634752K)->146229K(2635264K) Eden: 2474496K(2474496K)->0K(2476032K) From: 146757K(160256K)->146229K(159232K)
[4750.760s][info][gc,heap        ] GC(1078) ParOldGen: 5165803K(5166080K)->5256899K(5257216K)
[4750.760s][info][gc,metaspace   ] GC(1078) Metaspace: 29108K(29504K)->29108K(29504K) NonClass: 24218K(24384K)->24218K(24384K) Class: 4889K(5120K)->4889K(5120K)
[4750.760s][info][gc             ] GC(1078) Pause Young (Allocation Failure) 7604M->5276M(7707M) 101.570ms
[4750.760s][info][gc,cpu         ] GC(1078) User=0.56s Sys=0.04s Real=0.11s
...[4753.137s][info][gc,start       ] GC(1079) Pause Young (Allocation Failure)
[4753.242s][info][gc,heap        ] GC(1079) PSYoungGen: 2622261K(2635264K)->147269K(2635264K) Eden: 2476032K(2476032K)->0K(2476032K) From: 146229K(159232K)->147269K(159232K)
[4753.242s][info][gc,heap        ] GC(1079) ParOldGen: 5256899K(5257216K)->5351051K(5351424K)
[4753.242s][info][gc,metaspace   ] GC(1079) Metaspace: 29108K(29504K)->29108K(29504K) NonClass: 24218K(24384K)->24218K(24384K) Class: 4889K(5120K)->4889K(5120K)
[4753.242s][info][gc             ] GC(1079) Pause Young (Allocation Failure) 7694M->5369M(7799M) 104.970ms
[4753.242s][info][gc,cpu         ] GC(1079) User=0.61s Sys=0.02s Real=0.11s
..[4755.570s][info][gc,start       ] GC(1080) Pause Young (Allocation Failure)
[4755.670s][info][gc,heap        ] GC(1080) PSYoungGen: 2623301K(2635264K)->137632K(2635776K) Eden: 2476032K(2476032K)->0K(2477568K) From: 147269K(159232K)->137632K(158208K)
[4755.670s][info][gc,heap        ] GC(1080) ParOldGen: 5351051K(5351424K)->5442051K(5442560K)
[4755.670s][info][gc,metaspace   ] GC(1080) Metaspace: 29108K(29504K)->29108K(29504K) NonClass: 24218K(24384K)->24218K(24384K) Class: 4889K(5120K)->4889K(5120K)
[4755.670s][info][gc             ] GC(1080) Pause Young (Allocation Failure) 7787M->5448M(7889M) 100.125ms
[4755.670s][info][gc,cpu         ] GC(1080) User=0.57s Sys=0.02s Real=0.10s
...[4758.068s][info][gc,start       ] GC(1081) Pause Young (Allocation Failure)
[4758.169s][info][gc,heap        ] GC(1081) PSYoungGen: 2615200K(2635776K)->140320K(2636288K) Eden: 2477568K(2477568K)->0K(2477568K) From: 137632K(158208K)->140320K(158720K)
[4758.169s][info][gc,heap        ] GC(1081) ParOldGen: 5442051K(5442560K)->5535291K(5535744K)
[4758.169s][info][gc,metaspace   ] GC(1081) Metaspace: 29108K(29504K)->29108K(29504K) NonClass: 24218K(24384K)->24218K(24384K) Class: 4889K(5120K)->4889K(5120K)
[4758.169s][info][gc             ] GC(1081) Pause Young (Allocation Failure) 7868M->5542M(7980M) 101.396ms
[4758.169s][info][gc,cpu         ] GC(1081) User=0.57s Sys=0.03s Real=0.11s
..[4760.629s][info][gc,start       ] GC(1082) Pause Full (Allocation Failure)
[4760.629s][info][gc,phases,start] GC(1082) Marking Phase
[4760.924s][info][gc,phases      ] GC(1082) Marking Phase 295.471ms
[4760.924s][info][gc,phases,start] GC(1082) Summary Phase
[4760.924s][info][gc,phases      ] GC(1082) Summary Phase 0.095ms
[4760.924s][info][gc,phases,start] GC(1082) Forward
[4761.057s][info][gc,phases      ] GC(1082) Forward 132.166ms
[4761.057s][info][gc,phases,start] GC(1082) Adjust Pointers
[4761.253s][info][gc,phases      ] GC(1082) Adjust Pointers 196.926ms
[4761.254s][info][gc,phases,start] GC(1082) Compaction Phase
[4761.379s][info][gc,phases      ] GC(1082) Compaction Phase 124.981ms
[4761.379s][info][gc,phases,start] GC(1082) Post Compact
[4761.386s][info][gc,phases      ] GC(1082) Post Compact 6.801ms
[4761.508s][info][gc,heap        ] GC(1082) PSYoungGen: 2617888K(2636288K)->0K(2636800K) Eden: 2477568K(2477568K)->0K(2479104K) From: 140320K(158720K)->0K(157696K)
[4761.508s][info][gc,heap        ] GC(1082) ParOldGen: 5535291K(5535744K)->1416147K(1661952K)
[4761.508s][info][gc,metaspace   ] GC(1082) Metaspace: 29108K(29504K)->29108K(29504K) NonClass: 24218K(24384K)->24218K(24384K) Class: 4889K(5120K)->4889K(5120K)
[4761.508s][info][gc             ] GC(1082) Pause Full (Allocation Failure) 7962M->1382M(4198M) 879.164ms
[4761.508s][info][gc,cpu         ] GC(1082) User=4.03s Sys=0.12s Real=0.88s
..[4763.108s][info][gc,start       ] GC(1083) Pause Young (Allocation Failure)
[4763.171s][info][gc,heap        ] GC(1083) PSYoungGen: 2479104K(2636800K)->143040K(2636800K) Eden: 2479104K(2479104K)->0K(2479104K) From: 0K(157696K)->143040K(157696K)
[4763.171s][info][gc,heap        ] GC(1083) ParOldGen: 1416147K(1661952K)->1416147K(1661952K)
[4763.171s][info][gc,metaspace   ] GC(1083) Metaspace: 29108K(29504K)->29108K(29504K) NonClass: 24218K(24384K)->24218K(24384K) Class: 4889K(5120K)->4889K(5120K)
[4763.171s][info][gc             ] GC(1083) Pause Young (Allocation Failure) 3803M->1522M(4198M) 63.427ms
[4763.171s][info][gc,cpu         ] GC(1083) User=0.37s Sys=0.00s Real=0.07s
...[4765.673s][info][gc,start       ] GC(1084) Pause Young (Allocation Failure)
[4765.765s][info][gc,heap        ] GC(1084) PSYoungGen: 2622144K(2636800K)->139904K(2637312K) Eden: 2479104K(2479104K)->0K(2481152K) From: 143040K(157696K)->139904K(156160K)
[4765.765s][info][gc,heap        ] GC(1084) ParOldGen: 1416147K(1661952K)->1508379K(1661952K)
[4765.765s][info][gc,metaspace   ] GC(1084) Metaspace: 29108K(29504K)->29108K(29504K) NonClass: 24218K(24384K)->24218K(24384K) Class: 4889K(5120K)->4889K(5120K)
[4765.765s][info][gc             ] GC(1084) Pause Young (Allocation Failure) 3943M->1609M(4198M) 91.876ms
[4765.765s][info][gc,cpu         ] GC(1084) User=0.55s Sys=0.00s Real=0.09s
..[4768.193s][info][gc,start       ] GC(1085) Pause Young (Allocation Failure)
[4768.291s][info][gc,heap        ] GC(1085) PSYoungGen: 2621056K(2637312K)->149134K(2636800K) Eden: 2481152K(2481152K)->0K(2481152K) From: 139904K(156160K)->149134K(155648K)
[4768.291s][info][gc,heap        ] GC(1085) ParOldGen: 1508379K(1661952K)->1602931K(1661952K)
[4768.291s][info][gc,metaspace   ] GC(1085) Metaspace: 29108K(29504K)->29108K(29504K) NonClass: 24218K(24384K)->24218K(24384K) Class: 4889K(5120K)->4889K(5120K)
[4768.291s][info][gc             ] GC(1085) Pause Young (Allocation Failure) 4032M->1711M(4198M) 97.989ms
[4768.291s][info][gc,cpu         ] GC(1085) User=0.59s Sys=0.01s Real=0.10s
...[4770.714s][info][gc,start       ] GC(1086) Pause Young (Allocation Failure)
[4770.809s][info][gc,heap        ] GC(1086) PSYoungGen: 2630286K(2636800K)->143028K(2639360K) Eden: 2481152K(2481152K)->0K(2483712K) From: 149134K(155648K)->143028K(155648K)
[4770.809s][info][gc,heap        ] GC(1086) ParOldGen: 1602931K(1661952K)->1692659K(1692672K)
[4770.809s][info][gc,metaspace   ] GC(1086) Metaspace: 29108K(29504K)->29108K(29504K) NonClass: 24218K(24384K)->24218K(24384K) Class: 4889K(5120K)->4889K(5120K)
[4770.809s][info][gc             ] GC(1086) Pause Young (Allocation Failure) 4134M->1792M(4230M) 94.870ms
[4770.809s][info][gc,cpu         ] GC(1086) User=0.55s Sys=0.01s Real=0.09s
..[4773.261s][info][gc,start       ] GC(1087) Pause Young (Allocation Failure)
[4773.358s][info][gc,heap        ] GC(1087) PSYoungGen: 2626740K(2639360K)->143872K(2639360K) Eden: 2483712K(2483712K)->0K(2483712K) From: 143028K(155648K)->143872K(155648K)
[4773.358s][info][gc,heap        ] GC(1087) ParOldGen: 1692659K(1692672K)->1784067K(1784320K)
[4773.358s][info][gc,metaspace   ] GC(1087) Metaspace: 29108K(29504K)->29108K(29504K) NonClass: 24218K(24384K)->24218K(24384K) Class: 4889K(5120K)->4889K(5120K)
[4773.358s][info][gc             ] GC(1087) Pause Young (Allocation Failure) 4218M->1882M(4320M) 96.802ms
[4773.358s][info][gc,cpu         ] GC(1087) User=0.55s Sys=0.03s Real=0.09s
...[4775.853s][info][gc,start       ] GC(1088) Pause Young (Allocation Failure)
[4775.955s][info][gc,heap        ] GC(1088) PSYoungGen: 2627584K(2639360K)->146258K(2639360K) Eden: 2483712K(2483712K)->0K(2484736K) From: 143872K(155648K)->146258K(154624K)
[4775.955s][info][gc,heap        ] GC(1088) ParOldGen: 1784067K(1784320K)->1876075K(1876480K)
[4775.955s][info][gc,metaspace   ] GC(1088) Metaspace: 29108K(29504K)->29108K(29504K) NonClass: 24218K(24384K)->24218K(24384K) Class: 4889K(5120K)->4889K(5120K)
[4775.955s][info][gc             ] GC(1088) Pause Young (Allocation Failure) 4308M->1974M(4410M) 101.797ms
[4775.955s][info][gc,cpu         ] GC(1088) User=0.57s Sys=0.03s Real=0.10s
..[4778.362s][info][gc,start       ] GC(1089) Pause Young (Allocation Failure)
[4778.463s][info][gc,heap        ] GC(1089) PSYoungGen: 2630994K(2639360K)->146777K(2639360K) Eden: 2484736K(2484736K)->0K(2484736K) From: 146258K(154624K)->146777K(154624K)
[4778.463s][info][gc,heap        ] GC(1089) ParOldGen: 1876075K(1876480K)->1969427K(1969664K)
[4778.463s][info][gc,metaspace   ] GC(1089) Metaspace: 29108K(29504K)->29108K(29504K) NonClass: 24218K(24384K)->24218K(24384K) Class: 4889K(5120K)->4889K(5120K)
[4778.463s][info][gc             ] GC(1089) Pause Young (Allocation Failure) 4401M->2066M(4501M) 101.119ms
[4778.463s][info][gc,cpu         ] GC(1089) User=0.58s Sys=0.02s Real=0.10s
...[4780.892s][info][gc,start       ] GC(1090) Pause Young (Allocation Failure)
[4780.991s][info][gc,heap        ] GC(1090) PSYoungGen: 2631513K(2639360K)->146612K(2641408K) Eden: 2484736K(2484736K)->0K(2486784K) From: 146777K(154624K)->146612K(154624K)
[4780.991s][info][gc,heap        ] GC(1090) ParOldGen: 1969427K(1969664K)->2060363K(2060800K)
[4780.991s][info][gc,metaspace   ] GC(1090) Metaspace: 29108K(29504K)->29108K(29504K) NonClass: 24218K(24384K)->24218K(24384K) Class: 4889K(5120K)->4889K(5120K)
[4780.991s][info][gc             ] GC(1090) Pause Young (Allocation Failure) 4493M->2155M(4592M) 99.090ms
[4780.991s][info][gc,cpu         ] GC(1090) User=0.56s Sys=0.02s Real=0.10s
..[4783.359s][info][gc,start       ] GC(1091) Pause Young (Allocation Failure)
[4783.457s][info][gc,heap        ] GC(1091) PSYoungGen: 2633396K(2641408K)->145920K(2632704K) Eden: 2486784K(2486784K)->0K(2486784K) From: 146612K(154624K)->145920K(145920K)
[4783.457s][info][gc,heap        ] GC(1091) ParOldGen: 2060363K(2060800K)->2152139K(2152448K)
[4783.457s][info][gc,metaspace   ] GC(1091) Metaspace: 29108K(29504K)->29108K(29504K) NonClass: 24218K(24384K)->24218K(24384K) Class: 4889K(5120K)->4889K(5120K)
[4783.457s][info][gc             ] GC(1091) Pause Young (Allocation Failure) 4583M->2244M(4673M) 97.589ms
[4783.457s][info][gc,cpu         ] GC(1091) User=0.56s Sys=0.02s Real=0.10s
...[4785.919s][info][gc,start       ] GC(1092) Pause Young (Allocation Failure)
[4786.017s][info][gc,heap        ] GC(1092) PSYoungGen: 2632704K(2632704K)->142869K(2641408K) Eden: 2486784K(2486784K)->0K(2487296K) From: 145920K(145920K)->142869K(154112K)
[4786.017s][info][gc,heap        ] GC(1092) ParOldGen: 2152139K(2152448K)->2245923K(2246144K)
[4786.017s][info][gc,metaspace   ] GC(1092) Metaspace: 29108K(29504K)->29108K(29504K) NonClass: 24218K(24384K)->24218K(24384K) Class: 4889K(5120K)->4889K(5120K)
[4786.018s][info][gc             ] GC(1092) Pause Young (Allocation Failure) 4672M->2332M(4773M) 98.335ms
[4786.018s][info][gc,cpu         ] GC(1092) User=0.55s Sys=0.03s Real=0.10s
..[4788.407s][info][gc,start       ] GC(1093) Pause Young (Allocation Failure)
[4788.510s][info][gc,heap        ] GC(1093) PSYoungGen: 2630165K(2641408K)->147029K(2640896K) Eden: 2487296K(2487296K)->0K(2487296K) From: 142869K(154112K)->147029K(153600K)
[4788.510s][info][gc,heap        ] GC(1093) ParOldGen: 2245923K(2246144K)->2339251K(2339328K)
[4788.510s][info][gc,metaspace   ] GC(1093) Metaspace: 29108K(29504K)->29108K(29504K) NonClass: 24218K(24384K)->24218K(24384K) Class: 4889K(5120K)->4889K(5120K)
[4788.510s][info][gc             ] GC(1093) Pause Young (Allocation Failure) 4761M->2428M(4863M) 102.666ms
[4788.510s][info][gc,cpu         ] GC(1093) User=0.58s Sys=0.03s Real=0.11s
...[4791.106s][info][gc,start       ] GC(1094) Pause Young (Allocation Failure)
[4791.203s][info][gc,heap        ] GC(1094) PSYoungGen: 2634325K(2640896K)->145248K(2641920K) Eden: 2487296K(2487296K)->0K(2488832K) From: 147029K(153600K)->145248K(153088K)
[4791.203s][info][gc,heap        ] GC(1094) ParOldGen: 2339251K(2339328K)->2427291K(2427392K)
[4791.203s][info][gc,metaspace   ] GC(1094) Metaspace: 29108K(29504K)->29108K(29504K) NonClass: 24218K(24384K)->24218K(24384K) Class: 4889K(5120K)->4889K(5120K)
[4791.203s][info][gc             ] GC(1094) Pause Young (Allocation Failure) 4857M->2512M(4950M) 96.848ms
[4791.203s][info][gc,cpu         ] GC(1094) User=0.54s Sys=0.03s Real=0.10s
..[4793.575s][info][gc,start       ] GC(1095) Pause Young (Allocation Failure)
[4793.675s][info][gc,heap        ] GC(1095) PSYoungGen: 2634080K(2641920K)->143829K(2641920K) Eden: 2488832K(2488832K)->0K(2488832K) From: 145248K(153088K)->143829K(153088K)
[4793.675s][info][gc,heap        ] GC(1095) ParOldGen: 2427291K(2427392K)->2522067K(2522112K)
[4793.675s][info][gc,metaspace   ] GC(1095) Metaspace: 29108K(29504K)->29108K(29504K) NonClass: 24218K(24384K)->24218K(24384K) Class: 4889K(5120K)->4889K(5120K)
[4793.675s][info][gc             ] GC(1095) Pause Young (Allocation Failure) 4942M->2603M(5043M) 100.610ms
[4793.676s][info][gc,cpu         ] GC(1095) User=0.56s Sys=0.03s Real=0.10s
...[4796.127s][info][gc,start       ] GC(1096) Pause Young (Allocation Failure)
[4796.231s][info][gc,heap        ] GC(1096) PSYoungGen: 2632661K(2641920K)->148041K(2640896K) Eden: 2488832K(2488832K)->0K(2488832K) From: 143829K(153088K)->148041K(152064K)
[4796.231s][info][gc,heap        ] GC(1096) ParOldGen: 2522067K(2522112K)->2612947K(2613248K)
[4796.231s][info][gc,metaspace   ] GC(1096) Metaspace: 29108K(29504K)->29108K(29504K) NonClass: 24218K(24384K)->24218K(24384K) Class: 4889K(5120K)->4889K(5120K)
[4796.231s][info][gc             ] GC(1096) Pause Young (Allocation Failure) 5033M->2696M(5131M) 103.829ms
[4796.231s][info][gc,cpu         ] GC(1096) User=0.59s Sys=0.03s Real=0.11s
...[4798.696s][info][gc,start       ] GC(1097) Pause Young (Allocation Failure)
[4798.794s][info][gc,heap        ] GC(1097) PSYoungGen: 2636873K(2640896K)->143296K(2641920K) Eden: 2488832K(2488832K)->0K(2488832K) From: 148041K(152064K)->143296K(153088K)
[4798.794s][info][gc,heap        ] GC(1097) ParOldGen: 2612947K(2613248K)->2702523K(2702848K)
[4798.794s][info][gc,metaspace   ] GC(1097) Metaspace: 29108K(29504K)->29108K(29504K) NonClass: 24218K(24384K)->24218K(24384K) Class: 4889K(5120K)->4889K(5120K)
[4798.794s][info][gc             ] GC(1097) Pause Young (Allocation Failure) 5126M->2779M(5219M) 97.784ms
[4798.794s][info][gc,cpu         ] GC(1097) User=0.54s Sys=0.04s Real=0.10s
..[4801.177s][info][gc,start       ] GC(1098) Pause Young (Allocation Failure)
[4801.278s][info][gc,heap        ] GC(1098) PSYoungGen: 2632128K(2641920K)->144937K(2640384K) Eden: 2488832K(2488832K)->0K(2490368K) From: 143296K(153088K)->144937K(150016K)
[4801.278s][info][gc,heap        ] GC(1098) ParOldGen: 2702523K(2702848K)->2798075K(2798080K)
[4801.278s][info][gc,metaspace   ] GC(1098) Metaspace: 29108K(29504K)->29108K(29504K) NonClass: 24218K(24384K)->24218K(24384K) Class: 4889K(5120K)->4889K(5120K)
[4801.278s][info][gc             ] GC(1098) Pause Young (Allocation Failure) 5209M->2874M(5311M) 100.797ms
[4801.278s][info][gc,cpu         ] GC(1098) User=0.57s Sys=0.03s Real=0.10s
...[4803.761s][info][gc,start       ] GC(1099) Pause Young (Allocation Failure)
[4803.861s][info][gc,heap        ] GC(1099) PSYoungGen: 2635305K(2640384K)->146016K(2641920K) Eden: 2490368K(2490368K)->0K(2490368K) From: 144937K(150016K)->146016K(151552K)
[4803.861s][info][gc,heap        ] GC(1099) ParOldGen: 2798075K(2798080K)->2889187K(2889216K)
[4803.861s][info][gc,metaspace   ] GC(1099) Metaspace: 29108K(29504K)->29108K(29504K) NonClass: 24218K(24384K)->24218K(24384K) Class: 4889K(5120K)->4889K(5120K)
[4803.861s][info][gc             ] GC(1099) Pause Young (Allocation Failure) 5306M->2964M(5401M) 99.574ms
[4803.861s][info][gc,cpu         ] GC(1099) User=0.56s Sys=0.02s Real=0.10s
..[4806.274s][info][gc,start       ] GC(1100) Pause Young (Allocation Failure)
[4806.375s][info][gc,heap        ] GC(1100) PSYoungGen: 2636384K(2641920K)->145700K(2643456K) Eden: 2490368K(2490368K)->0K(2492928K) From: 146016K(151552K)->145700K(150528K)
[4806.375s][info][gc,heap        ] GC(1100) ParOldGen: 2889187K(2889216K)->2982427K(2982912K)
[4806.375s][info][gc,metaspace   ] GC(1100) Metaspace: 29108K(29504K)->29108K(29504K) NonClass: 24218K(24384K)->24218K(24384K) Class: 4889K(5120K)->4889K(5120K)
[4806.375s][info][gc             ] GC(1100) Pause Young (Allocation Failure) 5396M->3054M(5494M) 100.829ms
[4806.375s][info][gc,cpu         ] GC(1100) User=0.57s Sys=0.03s Real=0.10s
...[4808.888s][info][gc,start       ] GC(1101) Pause Young (Allocation Failure)
[4808.990s][info][gc,heap        ] GC(1101) PSYoungGen: 2638628K(2643456K)->147904K(2643968K) Eden: 2492928K(2492928K)->0K(2492928K) From: 145700K(150528K)->147904K(151040K)
[4808.990s][info][gc,heap        ] GC(1101) ParOldGen: 2982427K(2982912K)->3072787K(3073024K)
[4808.990s][info][gc,metaspace   ] GC(1101) Metaspace: 29108K(29504K)->29108K(29504K) NonClass: 24218K(24384K)->24218K(24384K) Class: 4889K(5120K)->4889K(5120K)
[4808.990s][info][gc             ] GC(1101) Pause Young (Allocation Failure) 5489M->3145M(5583M) 101.205ms
[4808.990s][info][gc,cpu         ] GC(1101) User=0.56s Sys=0.03s Real=0.11s
.. (rIR:aIR:PR = 8025:7994:7994) (tPR = 118011) [OK] 
  4810s: Performance info:
         Transaction,    Success,    Partial,     Failed,   Receipts, AvgBarcode, 
             Overall,     486267,          0,          0,     461843,      59.47, 
         Response times:
             Request,    Success,    Partial,     Failed,   SkipFail,     Probes,    Samples,      min,      p50,      p90,      p95,      p99,      max, 
       TotalPurchase,     461848,          0,          0,          0,     360029,     482197,      200,     5400,    17700,    49000,   304000,  1000000,
     InStorePurchase,     243265,          0,          0,          0,     189830,     253615,      300,     5300,    17600,    49000,   296000,   960000,
      OnlinePurchase,     169647,          0,          0,          0,     132636,     178071,      200,     5500,    17700,    49000,   315000,  1000000,
        InstPurchase,      48936,          0,          0,          0,      37563,      50511,      400,     5600,    18500,    49400,   341000,   890000,
          AssocOfCat,        491,          0,          0,          0,        417,        652,    19100,    34000,    55000,    79050,   365870,   940000,
      AssocOfProduct,       4869,          0,          0,          0,       3370,       4803,      400,     3100,    12260,    36000,   224000,   253000,
      BusinessReport,       1225,          0,          0,          0,       1077,       1600,    24000,    43000,    66000,   103000,   399000,   432000,
          CustBuyBeh,       4859,          0,          0,          0,       3349,       4789,     1000,     6800,    24000,    55000,   209000,   260000,
       ProductReturn,      12980,          0,          0,          0,      10035,      13914,      100,     4200,    15200,    44000,   293000,   505000,

  4810s: (59%)   IR =   8164 [4811.358s][info][gc,start       ] GC(1102) Pause Young (Allocation Failure)
[4811.460s][info][gc,heap        ] GC(1102) PSYoungGen: 2640832K(2643968K)->147721K(2643456K) Eden: 2492928K(2492928K)->0K(2491904K) From: 147904K(151040K)->147721K(151552K)
[4811.460s][info][gc,heap        ] GC(1102) ParOldGen: 3072787K(3073024K)->3166363K(3166720K)
[4811.460s][info][gc,metaspace   ] GC(1102) Metaspace: 29108K(29504K)->29108K(29504K) NonClass: 24218K(24384K)->24218K(24384K) Class: 4889K(5120K)->4889K(5120K)
[4811.460s][info][gc             ] GC(1102) Pause Young (Allocation Failure) 5579M->3236M(5674M) 101.692ms
[4811.460s][info][gc,cpu         ] GC(1102) User=0.59s Sys=0.02s Real=0.11s
...[4813.840s][info][gc,start       ] GC(1103) Pause Young (Allocation Failure)
[4813.936s][info][gc,heap        ] GC(1103) PSYoungGen: 2639625K(2643456K)->139264K(2631168K) Eden: 2491904K(2491904K)->0K(2491904K) From: 147721K(151552K)->139264K(139264K)
[4813.936s][info][gc,heap        ] GC(1103) ParOldGen: 3166363K(3166720K)->3257851K(3257856K)
[4813.936s][info][gc,metaspace   ] GC(1103) Metaspace: 29108K(29504K)->29108K(29504K) NonClass: 24218K(24384K)->24218K(24384K) Class: 4889K(5120K)->4889K(5120K)
[4813.936s][info][gc             ] GC(1103) Pause Young (Allocation Failure) 5669M->3317M(5751M) 96.253ms
[4813.936s][info][gc,cpu         ] GC(1103) User=0.54s Sys=0.03s Real=0.09s
..[4816.334s][info][gc,start       ] GC(1104) Pause Young (Allocation Failure)
[4816.437s][info][gc,heap        ] GC(1104) PSYoungGen: 2631168K(2631168K)->148160K(2642432K) Eden: 2491904K(2491904K)->0K(2489856K) From: 139264K(139264K)->148160K(152576K)
[4816.437s][info][gc,heap        ] GC(1104) ParOldGen: 3257851K(3257856K)->3349771K(3350016K)
[4816.437s][info][gc,metaspace   ] GC(1104) Metaspace: 29108K(29504K)->29108K(29504K) NonClass: 24218K(24384K)->24218K(24384K) Class: 4889K(5120K)->4889K(5120K)
[4816.437s][info][gc             ] GC(1104) Pause Young (Allocation Failure) 5750M->3415M(5852M) 103.487ms
[4816.437s][info][gc,cpu         ] GC(1104) User=0.58s Sys=0.04s Real=0.10s
..[4818.735s][info][gc,start       ] GC(1105) Pause Young (Allocation Failure)
[4818.839s][info][gc,heap        ] GC(1105) PSYoungGen: 2638016K(2642432K)->146837K(2642944K) Eden: 2489855K(2489856K)->0K(2489856K) From: 148160K(152576K)->146837K(153088K)
[4818.839s][info][gc,heap        ] GC(1105) ParOldGen: 3349771K(3350016K)->3442107K(3442176K)
[4818.839s][info][gc,metaspace   ] GC(1105) Metaspace: 29108K(29504K)->29108K(29504K) NonClass: 24218K(24384K)->24218K(24384K) Class: 4889K(5120K)->4889K(5120K)
[4818.839s][info][gc             ] GC(1105) Pause Young (Allocation Failure) 5847M->3504M(5942M) 104.309ms
[4818.839s][info][gc,cpu         ] GC(1105) User=0.59s Sys=0.02s Real=0.10s
..|.[4821.265s][info][gc,start       ] GC(1106) Pause Young (Allocation Failure)
[4821.362s][info][gc,heap        ] GC(1106) PSYoungGen: 2636693K(2642944K)->143776K(2641920K) Eden: 2489856K(2489856K)->0K(2490368K) From: 146837K(153088K)->143776K(151552K)
[4821.362s][info][gc,heap        ] GC(1106) ParOldGen: 3442107K(3442176K)->3533187K(3533312K)
[4821.362s][info][gc,metaspace   ] GC(1106) Metaspace: 29108K(29504K)->29108K(29504K) NonClass: 24218K(24384K)->24218K(24384K) Class: 4889K(5120K)->4889K(5120K)
[4821.362s][info][gc             ] GC(1106) Pause Young (Allocation Failure) 5936M->3590M(6030M) 97.673ms
[4821.363s][info][gc,cpu         ] GC(1106) User=0.56s Sys=0.03s Real=0.10s
..[4823.690s][info][gc,start       ] GC(1107) Pause Young (Allocation Failure)
[4823.787s][info][gc,heap        ] GC(1107) PSYoungGen: 2634144K(2641920K)->139424K(2642432K) Eden: 2490368K(2490368K)->0K(2490368K) From: 143776K(151552K)->139424K(152064K)
[4823.787s][info][gc,heap        ] GC(1107) ParOldGen: 3533187K(3533312K)->3624659K(3624960K)
[4823.787s][info][gc,metaspace   ] GC(1107) Metaspace: 29108K(29504K)->29108K(29504K) NonClass: 24218K(24384K)->24218K(24384K) Class: 4889K(5120K)->4889K(5120K)
[4823.787s][info][gc             ] GC(1107) Pause Young (Allocation Failure) 6022M->3675M(6120M) 97.727ms
[4823.787s][info][gc,cpu         ] GC(1107) User=0.55s Sys=0.03s Real=0.09s
...[4826.177s][info][gc,start       ] GC(1108) Pause Young (Allocation Failure)
[4826.276s][info][gc,heap        ] GC(1108) PSYoungGen: 2629792K(2642432K)->143872K(2643456K) Eden: 2490368K(2490368K)->0K(2491392K) From: 139424K(152064K)->143872K(152064K)
[4826.276s][info][gc,heap        ] GC(1108) ParOldGen: 3624659K(3624960K)->3716387K(3716608K)
[4826.276s][info][gc,metaspace   ] GC(1108) Metaspace: 29108K(29504K)->29108K(29504K) NonClass: 24218K(24384K)->24218K(24384K) Class: 4889K(5120K)->4889K(5120K)
[4826.276s][info][gc             ] GC(1108) Pause Young (Allocation Failure) 6107M->3769M(6211M) 99.013ms
[4826.276s][info][gc,cpu         ] GC(1108) User=0.56s Sys=0.02s Real=0.10s
..[4828.668s][info][gc,start       ] GC(1109) Pause Young (Allocation Failure)
[4828.767s][info][gc,heap        ] GC(1109) PSYoungGen: 2635264K(2643456K)->140640K(2643456K) Eden: 2491392K(2491392K)->0K(2491392K) From: 143872K(152064K)->140640K(152064K)
[4828.767s][info][gc,heap        ] GC(1109) ParOldGen: 3716387K(3716608K)->3809347K(3809792K)
[4828.767s][info][gc,metaspace   ] GC(1109) Metaspace: 29108K(29504K)->29108K(29504K) NonClass: 24218K(24384K)->24218K(24384K) Class: 4889K(5120K)->4889K(5120K)
[4828.767s][info][gc             ] GC(1109) Pause Young (Allocation Failure) 6202M->3857M(6302M) 99.075ms
[4828.767s][info][gc,cpu         ] GC(1109) User=0.57s Sys=0.02s Real=0.10s
...[4831.210s][info][gc,start       ] GC(1110) Pause Young (Allocation Failure)
[4831.311s][info][gc,heap        ] GC(1110) PSYoungGen: 2632032K(2643456K)->145760K(2642944K) Eden: 2491392K(2491392K)->0K(2491904K) From: 140640K(152064K)->145760K(151040K)
[4831.312s][info][gc,heap        ] GC(1110) ParOldGen: 3809347K(3809792K)->3902419K(3902464K)
[4831.312s][info][gc,metaspace   ] GC(1110) Metaspace: 29108K(29504K)->29108K(29504K) NonClass: 24218K(24384K)->24218K(24384K) Class: 4889K(5120K)->4889K(5120K)
[4831.312s][info][gc             ] GC(1110) Pause Young (Allocation Failure) 6290M->3953M(6392M) 101.056ms
[4831.312s][info][gc,cpu         ] GC(1110) User=0.57s Sys=0.02s Real=0.10s
..[4833.731s][info][gc,start       ] GC(1111) Pause Young (Allocation Failure)
[4833.827s][info][gc,heap        ] GC(1111) PSYoungGen: 2637664K(2642944K)->137280K(2643456K) Eden: 2491904K(2491904K)->0K(2491904K) From: 145760K(151040K)->137280K(151552K)
[4833.827s][info][gc,heap        ] GC(1111) ParOldGen: 3902419K(3902464K)->3994563K(3994624K)
[4833.827s][info][gc,metaspace   ] GC(1111) Metaspace: 29108K(29504K)->29108K(29504K) NonClass: 24218K(24384K)->24218K(24384K) Class: 4889K(5120K)->4889K(5120K)
[4833.827s][info][gc             ] GC(1111) Pause Young (Allocation Failure) 6386M->4035M(6482M) 96.379ms
[4833.827s][info][gc,cpu         ] GC(1111) User=0.53s Sys=0.04s Real=0.09s
...[4836.215s][info][gc,start       ] GC(1112) Pause Young (Allocation Failure)
[4836.316s][info][gc,heap        ] GC(1112) PSYoungGen: 2629184K(2643456K)->146399K(2642944K) Eden: 2491904K(2491904K)->0K(2490880K) From: 137280K(151552K)->146399K(152064K)
[4836.316s][info][gc,heap        ] GC(1112) ParOldGen: 3994563K(3994624K)->4085739K(4085760K)
[4836.316s][info][gc,metaspace   ] GC(1112) Metaspace: 29108K(29504K)->29108K(29504K) NonClass: 24218K(24384K)->24218K(24384K) Class: 4889K(5120K)->4889K(5120K)
[4836.316s][info][gc             ] GC(1112) Pause Young (Allocation Failure) 6468M->4132M(6571M) 101.383ms
[4836.317s][info][gc,cpu         ] GC(1112) User=0.57s Sys=0.04s Real=0.10s
..[4838.717s][info][gc,start       ] GC(1113) Pause Young (Allocation Failure)
[4838.825s][info][gc,heap        ] GC(1113) PSYoungGen: 2637279K(2642944K)->152574K(2643456K) Eden: 2490880K(2490880K)->0K(2490880K) From: 146399K(152064K)->152574K(152576K)
[4838.825s][info][gc,heap        ] GC(1113) ParOldGen: 4085739K(4085760K)->4177875K(4177920K)
[4838.825s][info][gc,metaspace   ] GC(1113) Metaspace: 29108K(29504K)->29108K(29504K) NonClass: 24218K(24384K)->24218K(24384K) Class: 4889K(5120K)->4889K(5120K)
[4838.825s][info][gc             ] GC(1113) Pause Young (Allocation Failure) 6565M->4228M(6661M) 107.741ms
[4838.825s][info][gc,cpu         ] GC(1113) User=0.60s Sys=0.03s Real=0.11s
...[4841.196s][info][gc,start       ] GC(1114) Pause Young (Allocation Failure)
[4841.303s][info][gc,heap        ] GC(1114) PSYoungGen: 2643454K(2643456K)->152566K(2509312K) Eden: 2490880K(2490880K)->0K(2356736K) From: 152574K(152576K)->152566K(152576K)
[4841.303s][info][gc,heap        ] GC(1114) ParOldGen: 4177875K(4177920K)->4272147K(4272640K)
[4841.303s][info][gc,metaspace   ] GC(1114) Metaspace: 29108K(29504K)->29108K(29504K) NonClass: 24218K(24384K)->24218K(24384K) Class: 4889K(5120K)->4889K(5120K)
[4841.303s][info][gc             ] GC(1114) Pause Young (Allocation Failure) 6661M->4321M(6623M) 106.120ms
[4841.303s][info][gc,cpu         ] GC(1114) User=0.60s Sys=0.02s Real=0.11s
..[4843.453s][info][gc,start       ] GC(1115) Pause Young (Allocation Failure)
[4843.558s][info][gc,heap        ] GC(1115) PSYoungGen: 2509302K(2509312K)->146037K(2576384K) Eden: 2356736K(2356736K)->0K(2356736K) From: 152566K(152576K)->146037K(219648K)
[4843.558s][info][gc,heap        ] GC(1115) ParOldGen: 4272147K(4272640K)->4367067K(4367360K)
[4843.558s][info][gc,metaspace   ] GC(1115) Metaspace: 29108K(29504K)->29108K(29504K) NonClass: 24218K(24384K)->24218K(24384K) Class: 4889K(5120K)->4889K(5120K)
[4843.558s][info][gc             ] GC(1115) Pause Young (Allocation Failure) 6622M->4407M(6781M) 104.731ms
[4843.558s][info][gc,cpu         ] GC(1115) User=0.59s Sys=0.03s Real=0.10s
..[4845.923s][info][gc,start       ] GC(1116) Pause Young (Allocation Failure)
[4846.018s][info][gc,heap        ] GC(1116) PSYoungGen: 2502773K(2576384K)->136288K(2571776K) Eden: 2356736K(2356736K)->0K(2359296K) From: 146037K(219648K)->136288K(212480K)
[4846.018s][info][gc,heap        ] GC(1116) ParOldGen: 4367067K(4367360K)->4454755K(4454912K)
[4846.018s][info][gc,metaspace   ] GC(1116) Metaspace: 29108K(29504K)->29108K(29504K) NonClass: 24218K(24384K)->24218K(24384K) Class: 4889K(5120K)->4889K(5120K)
[4846.018s][info][gc             ] GC(1116) Pause Young (Allocation Failure) 6708M->4483M(6862M) 95.298ms
[4846.018s][info][gc,cpu         ] GC(1116) User=0.54s Sys=0.03s Real=0.09s
...[4848.186s][info][gc,start       ] GC(1117) Pause Young (Allocation Failure)
[4848.287s][info][gc,heap        ] GC(1117) PSYoungGen: 2495584K(2571776K)->142176K(2575360K) Eden: 2359296K(2359296K)->0K(2359296K) From: 136288K(212480K)->142176K(216064K)
[4848.287s][info][gc,heap        ] GC(1117) ParOldGen: 4454755K(4454912K)->4546739K(4547072K)
[4848.287s][info][gc,metaspace   ] GC(1117) Metaspace: 29108K(29504K)->29108K(29504K) NonClass: 24218K(24384K)->24218K(24384K) Class: 4889K(5120K)->4889K(5120K)
[4848.287s][info][gc             ] GC(1117) Pause Young (Allocation Failure) 6787M->4579M(6955M) 100.597ms
[4848.287s][info][gc,cpu         ] GC(1117) User=0.57s Sys=0.02s Real=0.10s
..[4850.557s][info][gc,start       ] GC(1118) Pause Young (Allocation Failure)
[4850.651s][info][gc,heap        ] GC(1118) PSYoungGen: 2501472K(2575360K)->131360K(2577408K) Eden: 2359296K(2359296K)->0K(2366976K) From: 142176K(216064K)->131360K(210432K)
[4850.651s][info][gc,heap        ] GC(1118) ParOldGen: 4546739K(4547072K)->4635851K(4636160K)
[4850.651s][info][gc,metaspace   ] GC(1118) Metaspace: 29108K(29504K)->29108K(29504K) NonClass: 24218K(24384K)->24218K(24384K) Class: 4889K(5120K)->4889K(5120K)
[4850.651s][info][gc             ] GC(1118) Pause Young (Allocation Failure) 6883M->4655M(7044M) 94.512ms
[4850.651s][info][gc,cpu         ] GC(1118) User=0.54s Sys=0.01s Real=0.10s
..[4852.972s][info][gc,start       ] GC(1119) Pause Young (Allocation Failure)
[4853.072s][info][gc,heap        ] GC(1119) PSYoungGen: 2498336K(2577408K)->140901K(2578944K) Eden: 2366976K(2366976K)->0K(2366976K) From: 131360K(210432K)->140901K(211968K)
[4853.072s][info][gc,heap        ] GC(1119) ParOldGen: 4635851K(4636160K)->4724987K(4725248K)
[4853.072s][info][gc,metaspace   ] GC(1119) Metaspace: 29108K(29504K)->29108K(29504K) NonClass: 24218K(24384K)->24218K(24384K) Class: 4889K(5120K)->4889K(5120K)
[4853.072s][info][gc             ] GC(1119) Pause Young (Allocation Failure) 6966M->4751M(7133M) 100.013ms
[4853.072s][info][gc,cpu         ] GC(1119) User=0.56s Sys=0.03s Real=0.10s
...[4855.250s][info][gc,start       ] GC(1120) Pause Young (Allocation Failure)
[4855.350s][info][gc,heap        ] GC(1120) PSYoungGen: 2507877K(2578944K)->137552K(2580992K) Eden: 2366976K(2366976K)->0K(2375680K) From: 140901K(211968K)->137552K(205312K)
[4855.350s][info][gc,heap        ] GC(1120) ParOldGen: 4724987K(4725248K)->4815987K(4816384K)
[4855.350s][info][gc,metaspace   ] GC(1120) Metaspace: 29108K(29504K)->29108K(29504K) NonClass: 24218K(24384K)->24218K(24384K) Class: 4889K(5120K)->4889K(5120K)
[4855.350s][info][gc             ] GC(1120) Pause Young (Allocation Failure) 7063M->4837M(7224M) 99.779ms
[4855.350s][info][gc,cpu         ] GC(1120) User=0.56s Sys=0.04s Real=0.10s
..[4857.629s][info][gc,start       ] GC(1121) Pause Young (Allocation Failure)
[4857.723s][info][gc,heap        ] GC(1121) PSYoungGen: 2513232K(2580992K)->133696K(2581504K) Eden: 2375680K(2375680K)->0K(2375680K) From: 137552K(205312K)->133696K(205824K)
[4857.723s][info][gc,heap        ] GC(1121) ParOldGen: 4815987K(4816384K)->4901787K(4901888K)
[4857.723s][info][gc,metaspace   ] GC(1121) Metaspace: 29108K(29504K)->29108K(29504K) NonClass: 24218K(24384K)->24218K(24384K) Class: 4889K(5120K)->4889K(5120K)
[4857.723s][info][gc             ] GC(1121) Pause Young (Allocation Failure) 7157M->4917M(7308M) 94.077ms
[4857.723s][info][gc,cpu         ] GC(1121) User=0.53s Sys=0.02s Real=0.10s
..[4859.969s][info][gc,start       ] GC(1122) Pause Young (Allocation Failure)
[4860.067s][info][gc,heap        ] GC(1122) PSYoungGen: 2509376K(2581504K)->136000K(2587136K) Eden: 2375680K(2375680K)->0K(2386944K) From: 133696K(205824K)->136000K(200192K)
[4860.067s][info][gc,heap        ] GC(1122) ParOldGen: 4901787K(4901888K)->4993219K(4993536K)
[4860.067s][info][gc,metaspace   ] GC(1122) Metaspace: 29108K(29504K)->29108K(29504K) NonClass: 24218K(24384K)->24218K(24384K) Class: 4889K(5120K)->4889K(5120K)
[4860.067s][info][gc             ] GC(1122) Pause Young (Allocation Failure) 7237M->5009M(7403M) 98.168ms
[4860.067s][info][gc,cpu         ] GC(1122) User=0.54s Sys=0.04s Real=0.10s
...[4862.341s][info][gc,start       ] GC(1123) Pause Young (Allocation Failure)
[4862.443s][info][gc,heap        ] GC(1123) PSYoungGen: 2522944K(2587136K)->145344K(2587648K) Eden: 2386944K(2386944K)->0K(2386944K) From: 136000K(200192K)->145344K(200704K)
[4862.444s][info][gc,heap        ] GC(1123) ParOldGen: 4993219K(4993536K)->5081915K(5082112K)
[4862.444s][info][gc,metaspace   ] GC(1123) Metaspace: 29108K(29504K)->29108K(29504K) NonClass: 24218K(24384K)->24218K(24384K) Class: 4889K(5120K)->4889K(5120K)
[4862.444s][info][gc             ] GC(1123) Pause Young (Allocation Failure) 7340M->5104M(7490M) 102.480ms
[4862.444s][info][gc,cpu         ] GC(1123) User=0.58s Sys=0.03s Real=0.10s
..[4864.733s][info][gc,start       ] GC(1124) Pause Young (Allocation Failure)
[4864.831s][info][gc,heap        ] GC(1124) PSYoungGen: 2532288K(2587648K)->136960K(2592256K) Eden: 2386944K(2386944K)->0K(2398208K) From: 145344K(200704K)->136960K(194048K)
[4864.831s][info][gc,heap        ] GC(1124) ParOldGen: 5081915K(5082112K)->5173499K(5173760K)
[4864.831s][info][gc,metaspace   ] GC(1124) Metaspace: 29108K(29504K)->29108K(29504K) NonClass: 24218K(24384K)->24218K(24384K) Class: 4889K(5120K)->4889K(5120K)
[4864.831s][info][gc             ] GC(1124) Pause Young (Allocation Failure) 7435M->5185M(7584M) 97.829ms
[4864.831s][info][gc,cpu         ] GC(1124) User=0.54s Sys=0.02s Real=0.10s
..[4867.109s][info][gc,start       ] GC(1125) Pause Young (Allocation Failure)
[4867.209s][info][gc,heap        ] GC(1125) PSYoungGen: 2535168K(2592256K)->141957K(2591232K) Eden: 2398208K(2398208K)->0K(2398208K) From: 136960K(194048K)->141957K(193024K)
[4867.209s][info][gc,heap        ] GC(1125) ParOldGen: 5173499K(5173760K)->5263755K(5263872K)
[4867.209s][info][gc,metaspace   ] GC(1125) Metaspace: 29108K(29504K)->29108K(29504K) NonClass: 24218K(24384K)->24218K(24384K) Class: 4889K(5120K)->4889K(5120K)
[4867.209s][info][gc             ] GC(1125) Pause Young (Allocation Failure) 7527M->5279M(7671M) 100.671ms
[4867.210s][info][gc,cpu         ] GC(1125) User=0.57s Sys=0.02s Real=0.11s
...[4869.467s][info][gc,start       ] GC(1126) Pause Young (Allocation Failure)
[4869.569s][info][gc,heap        ] GC(1126) PSYoungGen: 2540165K(2591232K)->149424K(2599936K) Eden: 2398208K(2398208K)->0K(2412032K) From: 141957K(193024K)->149424K(187904K)
[4869.569s][info][gc,heap        ] GC(1126) ParOldGen: 5263755K(5263872K)->5352355K(5352448K)
[4869.569s][info][gc,metaspace   ] GC(1126) Metaspace: 29108K(29504K)->29108K(29504K) NonClass: 24218K(24384K)->24218K(24384K) Class: 4889K(5120K)->4889K(5120K)
[4869.569s][info][gc             ] GC(1126) Pause Young (Allocation Failure) 7621M->5372M(7766M) 102.148ms
[4869.569s][info][gc,cpu         ] GC(1126) User=0.57s Sys=0.03s Real=0.10s
..[4871.866s][info][gc,start       ] GC(1127) Pause Young (Allocation Failure)
[4871.963s][info][gc,heap        ] GC(1127) PSYoungGen: 2561456K(2599936K)->137728K(2598400K) Eden: 2412032K(2412032K)->0K(2412032K) From: 149424K(187904K)->137728K(186368K)
[4871.963s][info][gc,heap        ] GC(1127) ParOldGen: 5352355K(5352448K)->5441771K(5442048K)
[4871.963s][info][gc,metaspace   ] GC(1127) Metaspace: 29108K(29504K)->29108K(29504K) NonClass: 24218K(24384K)->24218K(24384K) Class: 4889K(5120K)->4889K(5120K)
[4871.963s][info][gc             ] GC(1127) Pause Young (Allocation Failure) 7728M->5448M(7852M) 97.388ms
[4871.963s][info][gc,cpu         ] GC(1127) User=0.55s Sys=0.02s Real=0.10s
..[4874.242s][info][gc,start       ] GC(1128) Pause Young (Allocation Failure)
[4874.341s][info][gc,heap        ] GC(1128) PSYoungGen: 2549760K(2598400K)->138240K(2607104K) Eden: 2412032K(2412032K)->0K(2424320K) From: 137728K(186368K)->138240K(182784K)
[4874.341s][info][gc,heap        ] GC(1128) ParOldGen: 5441771K(5442048K)->5533699K(5534208K)
[4874.341s][info][gc,metaspace   ] GC(1128) Metaspace: 29108K(29504K)->29108K(29504K) NonClass: 24218K(24384K)->24218K(24384K) Class: 4889K(5120K)->4889K(5120K)
[4874.341s][info][gc             ] GC(1128) Pause Young (Allocation Failure) 7804M->5539M(7950M) 98.945ms
[4874.341s][info][gc,cpu         ] GC(1128) User=0.55s Sys=0.03s Real=0.10s
...[4876.693s][info][gc,start       ] GC(1129) Pause Full (Allocation Failure)
[4876.693s][info][gc,phases,start] GC(1129) Marking Phase
[4876.987s][info][gc,phases      ] GC(1129) Marking Phase 294.162ms
[4876.987s][info][gc,phases,start] GC(1129) Summary Phase
[4876.987s][info][gc,phases      ] GC(1129) Summary Phase 0.107ms
[4876.987s][info][gc,phases,start] GC(1129) Forward
[4877.120s][info][gc,phases      ] GC(1129) Forward 132.721ms
[4877.120s][info][gc,phases,start] GC(1129) Adjust Pointers
[4877.318s][info][gc,phases      ] GC(1129) Adjust Pointers 198.224ms
[4877.318s][info][gc,phases,start] GC(1129) Compaction Phase
[4877.442s][info][gc,phases      ] GC(1129) Compaction Phase 124.297ms
[4877.443s][info][gc,phases,start] GC(1129) Post Compact
[4877.450s][info][gc,phases      ] GC(1129) Post Compact 6.790ms
[4877.572s][info][gc,heap        ] GC(1129) PSYoungGen: 2562560K(2607104K)->0K(2605568K) Eden: 2424320K(2424320K)->0K(2424320K) From: 138240K(182784K)->0K(181248K)
[4877.572s][info][gc,heap        ] GC(1129) ParOldGen: 5533699K(5534208K)->1416720K(1666560K)
[4877.572s][info][gc,metaspace   ] GC(1129) Metaspace: 29108K(29504K)->29108K(29504K) NonClass: 24218K(24384K)->24218K(24384K) Class: 4889K(5120K)->4889K(5120K)
[4877.572s][info][gc             ] GC(1129) Pause Full (Allocation Failure) 7906M->1383M(4172M) 879.626ms
[4877.572s][info][gc,cpu         ] GC(1129) User=4.03s Sys=0.12s Real=0.88s
..[4879.123s][info][gc,start       ] GC(1130) Pause Young (Allocation Failure)
[4879.189s][info][gc,heap        ] GC(1130) PSYoungGen: 2424320K(2605568K)->147632K(2611200K) Eden: 2424320K(2424320K)->0K(2433536K) From: 0K(181248K)->147632K(177664K)
[4879.189s][info][gc,heap        ] GC(1130) ParOldGen: 1416720K(1666560K)->1416720K(1666560K)
[4879.189s][info][gc,metaspace   ] GC(1130) Metaspace: 29108K(29504K)->29108K(29504K) NonClass: 24218K(24384K)->24218K(24384K) Class: 4889K(5120K)->4889K(5120K)
[4879.189s][info][gc             ] GC(1130) Pause Young (Allocation Failure) 3751M->1527M(4177M) 66.648ms
[4879.189s][info][gc,cpu         ] GC(1130) User=0.40s Sys=0.00s Real=0.06s
.. (rIR:aIR:PR = 8164:8177:8177) (tPR = 122415) [OK] 
  4880s: Performance info:
         Transaction,    Success,    Partial,     Failed,   Receipts, AvgBarcode, 
             Overall,     496431,          0,          0,     471506,      59.47, 
         Response times:
             Request,    Success,    Partial,     Failed,   SkipFail,     Probes,    Samples,      min,      p50,      p90,      p95,      p99,      max, 
       TotalPurchase,     471504,          0,          0,          0,     358567,     421081,      300,     5100,    15500,    39000,   130000,   274000,
     InStorePurchase,     247410,          0,          0,          0,     188139,     220967,      300,     5000,    14100,    35000,    91000,   274000,
      OnlinePurchase,     174153,          0,          0,          0,     132201,     154997,      300,     5200,    17600,    44000,   168000,   274000,
        InstPurchase,      49941,          0,          0,          0,      38227,      45117,      400,     5300,    17020,    44000,   142000,   274000,
          AssocOfCat,        494,          0,          0,          0,        417,        583,    21000,    37000,    68000,   100000,   244000,   259000,
      AssocOfProduct,       4991,          0,          0,          0,       3410,       4290,      700,     6400,    19700,    48000,   147000,   233000,
      BusinessReport,       1240,          0,          0,          0,       1073,       1369,    27000,    46000,    80000,   113000,   195000,  1100000,
          CustBuyBeh,       4973,          0,          0,          0,       3355,       4157,      200,     4200,    17020,    39000,   146000,   209000,
       ProductReturn,      13227,          0,          0,          0,      10021,      11953,      200,     5000,    17600,    46000,   162000,   234000,

  4880s: (60%)   IR =   8302 [4881.548s][info][gc,start       ] GC(1131) Pause Young (Allocation Failure)
[4881.642s][info][gc,heap        ] GC(1131) PSYoungGen: 2581168K(2611200K)->140576K(2612224K) Eden: 2433536K(2433536K)->0K(2433536K) From: 147632K(177664K)->140576K(178688K)
[4881.642s][info][gc,heap        ] GC(1131) ParOldGen: 1416720K(1666560K)->1510880K(1666560K)
[4881.642s][info][gc,metaspace   ] GC(1131) Metaspace: 29108K(29504K)->29108K(29504K) NonClass: 24218K(24384K)->24218K(24384K) Class: 4889K(5120K)->4889K(5120K)
[4881.642s][info][gc             ] GC(1131) Pause Young (Allocation Failure) 3904M->1612M(4178M) 94.248ms
[4881.642s][info][gc,cpu         ] GC(1131) User=0.56s Sys=0.00s Real=0.10s
...[4883.882s][info][gc,start       ] GC(1132) Pause Young (Allocation Failure)
[4883.975s][info][gc,heap        ] GC(1132) PSYoungGen: 2574112K(2612224K)->138624K(2614784K) Eden: 2433536K(2433536K)->0K(2441216K) From: 140576K(178688K)->138624K(173568K)
[4883.975s][info][gc,heap        ] GC(1132) ParOldGen: 1510880K(1666560K)->1604424K(1666560K)
[4883.975s][info][gc,metaspace   ] GC(1132) Metaspace: 29108K(29504K)->29108K(29504K) NonClass: 24218K(24384K)->24218K(24384K) Class: 4889K(5120K)->4889K(5120K)
[4883.975s][info][gc             ] GC(1132) Pause Young (Allocation Failure) 3989M->1702M(4181M) 93.113ms
[4883.975s][info][gc,cpu         ] GC(1132) User=0.55s Sys=0.00s Real=0.09s
..[4886.238s][info][gc,start       ] GC(1133) Pause Young (Allocation Failure)
[4886.332s][info][gc,heap        ] GC(1133) PSYoungGen: 2579840K(2614784K)->143104K(2615296K) Eden: 2441216K(2441216K)->0K(2441216K) From: 138624K(173568K)->143104K(174080K)
[4886.332s][info][gc,heap        ] GC(1133) ParOldGen: 1604424K(1666560K)->1693392K(1693696K)
[4886.332s][info][gc,metaspace   ] GC(1133) Metaspace: 29108K(29504K)->29108K(29504K) NonClass: 24218K(24384K)->24218K(24384K) Class: 4889K(5120K)->4889K(5120K)
[4886.332s][info][gc             ] GC(1133) Pause Young (Allocation Failure) 4086M->1793M(4208M) 93.301ms
[4886.332s][info][gc,cpu         ] GC(1133) User=0.54s Sys=0.02s Real=0.10s
..[4888.584s][info][gc,start       ] GC(1134) Pause Young (Allocation Failure)
[4888.678s][info][gc,heap        ] GC(1134) PSYoungGen: 2584320K(2615296K)->134208K(2620928K) Eden: 2441216K(2441216K)->0K(2449408K) From: 143104K(174080K)->134208K(171520K)
[4888.678s][info][gc,heap        ] GC(1134) ParOldGen: 1693392K(1693696K)->1785352K(1785856K)
[4888.678s][info][gc,metaspace   ] GC(1134) Metaspace: 29108K(29504K)->29108K(29504K) NonClass: 24218K(24384K)->24218K(24384K) Class: 4889K(5120K)->4889K(5120K)
[4888.678s][info][gc             ] GC(1134) Pause Young (Allocation Failure) 4177M->1874M(4303M) 94.436ms
[4888.678s][info][gc,cpu         ] GC(1134) User=0.52s Sys=0.04s Real=0.09s
...[4891.024s][info][gc,start       ] GC(1135) Pause Young (Allocation Failure)
[4891.121s][info][gc,heap        ] GC(1135) PSYoungGen: 2583616K(2620928K)->147184K(2619904K) Eden: 2449408K(2449408K)->0K(2449408K) From: 134208K(171520K)->147184K(170496K)
[4891.121s][info][gc,heap        ] GC(1135) ParOldGen: 1785352K(1785856K)->1873880K(1873920K)
[4891.121s][info][gc,metaspace   ] GC(1135) Metaspace: 29108K(29504K)->29108K(29504K) NonClass: 24218K(24384K)->24218K(24384K) Class: 4889K(5120K)->4889K(5120K)
[4891.121s][info][gc             ] GC(1135) Pause Young (Allocation Failure) 4266M->1973M(4388M) 97.553ms
[4891.121s][info][gc,cpu         ] GC(1135) User=0.56s Sys=0.02s Real=0.10s
..[4893.381s][info][gc,start       ] GC(1136) Pause Young (Allocation Failure)
[4893.480s][info][gc,heap        ] GC(1136) PSYoungGen: 2596592K(2619904K)->141728K(2623488K) Eden: 2449408K(2449408K)->0K(2456064K) From: 147184K(170496K)->141728K(167424K)
[4893.480s][info][gc,heap        ] GC(1136) ParOldGen: 1873880K(1873920K)->1968104K(1968128K)
[4893.480s][info][gc,metaspace   ] GC(1136) Metaspace: 29108K(29504K)->29108K(29504K) NonClass: 24218K(24384K)->24218K(24384K) Class: 4889K(5120K)->4889K(5120K)
[4893.480s][info][gc             ] GC(1136) Pause Young (Allocation Failure) 4365M->2060M(4484M) 98.778ms
[4893.480s][info][gc,cpu         ] GC(1136) User=0.55s Sys=0.04s Real=0.10s
...[4895.769s][info][gc,start       ] GC(1137) Pause Young (Allocation Failure)
[4895.868s][info][gc,heap        ] GC(1137) PSYoungGen: 2597792K(2623488K)->145472K(2622976K) Eden: 2456064K(2456064K)->0K(2456064K) From: 141728K(167424K)->145472K(166912K)
[4895.868s][info][gc,heap        ] GC(1137) ParOldGen: 1968104K(1968128K)->2058576K(2058752K)
[4895.868s][info][gc,metaspace   ] GC(1137) Metaspace: 29108K(29504K)->29108K(29504K) NonClass: 24218K(24384K)->24218K(24384K) Class: 4889K(5120K)->4889K(5120K)
[4895.868s][info][gc             ] GC(1137) Pause Young (Allocation Failure) 4458M->2152M(4572M) 98.210ms
[4895.868s][info][gc,cpu         ] GC(1137) User=0.55s Sys=0.03s Real=0.10s
..[4898.177s][info][gc,start       ] GC(1138) Pause Young (Allocation Failure)
[4898.275s][info][gc,heap        ] GC(1138) PSYoungGen: 2601536K(2622976K)->140803K(2627584K) Eden: 2456064K(2456064K)->0K(2463232K) From: 145472K(166912K)->140803K(164352K)
[4898.275s][info][gc,heap        ] GC(1138) ParOldGen: 2058576K(2058752K)->2149872K(2149888K)
[4898.275s][info][gc,metaspace   ] GC(1138) Metaspace: 29108K(29504K)->29108K(29504K) NonClass: 24218K(24384K)->24218K(24384K) Class: 4889K(5120K)->4889K(5120K)
[4898.275s][info][gc             ] GC(1138) Pause Young (Allocation Failure) 4550M->2236M(4665M) 97.895ms
[4898.275s][info][gc,cpu         ] GC(1138) User=0.56s Sys=0.03s Real=0.10s
..[4900.580s][info][gc,start       ] GC(1139) Pause Young (Allocation Failure)
[4900.674s][info][gc,heap        ] GC(1139) PSYoungGen: 2604035K(2627584K)->135328K(2627072K) Eden: 2463232K(2463232K)->0K(2463232K) From: 140803K(164352K)->135328K(163840K)
[4900.674s][info][gc,heap        ] GC(1139) ParOldGen: 2149872K(2149888K)->2239672K(2240000K)
[4900.674s][info][gc,metaspace   ] GC(1139) Metaspace: 29108K(29504K)->29108K(29504K) NonClass: 24218K(24384K)->24218K(24384K) Class: 4889K(5120K)->4889K(5120K)
[4900.674s][info][gc             ] GC(1139) Pause Young (Allocation Failure) 4642M->2319M(4753M) 94.593ms
[4900.674s][info][gc,cpu         ] GC(1139) User=0.54s Sys=0.03s Real=0.09s
...[4902.986s][info][gc,start       ] GC(1140) Pause Young (Allocation Failure)
[4903.082s][info][gc,heap        ] GC(1140) PSYoungGen: 2598560K(2627072K)->141728K(2629120K) Eden: 2463232K(2463232K)->0K(2468864K) From: 135328K(163840K)->141728K(160256K)
[4903.082s][info][gc,heap        ] GC(1140) ParOldGen: 2239672K(2240000K)->2330728K(2331136K)
[4903.082s][info][gc,metaspace   ] GC(1140) Metaspace: 29108K(29504K)->29108K(29504K) NonClass: 24218K(24384K)->24218K(24384K) Class: 4889K(5120K)->4889K(5120K)
[4903.082s][info][gc             ] GC(1140) Pause Young (Allocation Failure) 4724M->2414M(4844M) 96.333ms
[4903.082s][info][gc,cpu         ] GC(1140) User=0.54s Sys=0.03s Real=0.10s
..[4905.389s][info][gc,start       ] GC(1141) Pause Young (Allocation Failure)
[4905.488s][info][gc,heap        ] GC(1141) PSYoungGen: 2610592K(2629120K)->145792K(2630144K) Eden: 2468864K(2468864K)->0K(2468864K) From: 141728K(160256K)->145792K(161280K)
[4905.488s][info][gc,heap        ] GC(1141) ParOldGen: 2330728K(2331136K)->2423240K(2423296K)
[4905.488s][info][gc,metaspace   ] GC(1141) Metaspace: 29108K(29504K)->29108K(29504K) NonClass: 24218K(24384K)->24218K(24384K) Class: 4889K(5120K)->4889K(5120K)
[4905.488s][info][gc             ] GC(1141) Pause Young (Allocation Failure) 4825M->2508M(4935M) 99.337ms
[4905.488s][info][gc,cpu         ] GC(1141) User=0.57s Sys=0.03s Real=0.10s
...|[4907.809s][info][gc,start       ] GC(1142) Pause Young (Allocation Failure)
[4907.907s][info][gc,heap        ] GC(1142) PSYoungGen: 2614656K(2630144K)->140928K(2631168K) Eden: 2468864K(2468864K)->0K(2473984K) From: 145792K(161280K)->140928K(157184K)
[4907.907s][info][gc,heap        ] GC(1142) ParOldGen: 2423240K(2423296K)->2516080K(2516480K)
[4907.907s][info][gc,metaspace   ] GC(1142) Metaspace: 29108K(29504K)->29108K(29504K) NonClass: 24218K(24384K)->24218K(24384K) Class: 4889K(5120K)->4889K(5120K)
[4907.907s][info][gc             ] GC(1142) Pause Young (Allocation Failure) 4919M->2594M(5027M) 97.786ms
[4907.907s][info][gc,cpu         ] GC(1142) User=0.54s Sys=0.04s Real=0.10s
..[4910.153s][info][gc,start       ] GC(1143) Pause Young (Allocation Failure)
[4910.253s][info][gc,heap        ] GC(1143) PSYoungGen: 2614912K(2631168K)->142720K(2633216K) Eden: 2473984K(2473984K)->0K(2473984K) From: 140928K(157184K)->142720K(159232K)
[4910.253s][info][gc,heap        ] GC(1143) ParOldGen: 2516080K(2516480K)->2606152K(2606592K)
[4910.253s][info][gc,metaspace   ] GC(1143) Metaspace: 29108K(29504K)->29108K(29504K) NonClass: 24218K(24384K)->24218K(24384K) Class: 4889K(5120K)->4889K(5120K)
[4910.253s][info][gc             ] GC(1143) Pause Young (Allocation Failure) 5010M->2684M(5117M) 99.387ms
[4910.253s][info][gc,cpu         ] GC(1143) User=0.57s Sys=0.02s Real=0.10s
..[4912.621s][info][gc,start       ] GC(1144) Pause Young (Allocation Failure)
[4912.725s][info][gc,heap        ] GC(1144) PSYoungGen: 2616704K(2633216K)->146517K(2636288K) Eden: 2473984K(2473984K)->0K(2479104K) From: 142720K(159232K)->146517K(157184K)
[4912.725s][info][gc,heap        ] GC(1144) ParOldGen: 2606152K(2606592K)->2698928K(2699264K)
[4912.725s][info][gc,metaspace   ] GC(1144) Metaspace: 29108K(29504K)->29108K(29504K) NonClass: 24218K(24384K)->24218K(24384K) Class: 4889K(5120K)->4889K(5120K)
[4912.725s][info][gc             ] GC(1144) Pause Young (Allocation Failure) 5100M->2778M(5210M) 103.982ms
[4912.725s][info][gc,cpu         ] GC(1144) User=0.58s Sys=0.03s Real=0.10s
...[4915.067s][info][gc,start       ] GC(1145) Pause Young (Allocation Failure)
[4915.165s][info][gc,heap        ] GC(1145) PSYoungGen: 2625621K(2636288K)->142432K(2636800K) Eden: 2479104K(2479104K)->0K(2479104K) From: 146517K(157184K)->142432K(157696K)
[4915.165s][info][gc,heap        ] GC(1145) ParOldGen: 2698928K(2699264K)->2790464K(2790912K)
[4915.165s][info][gc,metaspace   ] GC(1145) Metaspace: 29108K(29504K)->29108K(29504K) NonClass: 24218K(24384K)->24218K(24384K) Class: 4889K(5120K)->4889K(5120K)
[4915.165s][info][gc             ] GC(1145) Pause Young (Allocation Failure) 5199M->2864M(5300M) 97.916ms
[4915.165s][info][gc,cpu         ] GC(1145) User=0.55s Sys=0.04s Real=0.10s
..[4917.442s][info][gc,start       ] GC(1146) Pause Young (Allocation Failure)
[4917.546s][info][gc,heap        ] GC(1146) PSYoungGen: 2621536K(2636800K)->149332K(2636288K) Eden: 2479104K(2479104K)->0K(2480128K) From: 142432K(157696K)->149332K(156160K)
[4917.546s][info][gc,heap        ] GC(1146) ParOldGen: 2790464K(2790912K)->2883832K(2884096K)
[4917.546s][info][gc,metaspace   ] GC(1146) Metaspace: 29108K(29504K)->29108K(29504K) NonClass: 24218K(24384K)->24218K(24384K) Class: 4889K(5120K)->4889K(5120K)
[4917.546s][info][gc             ] GC(1146) Pause Young (Allocation Failure) 5285M->2962M(5391M) 103.910ms
[4917.546s][info][gc,cpu         ] GC(1146) User=0.58s Sys=0.03s Real=0.10s
...[4919.907s][info][gc,start       ] GC(1147) Pause Young (Allocation Failure)
[4920.006s][info][gc,heap        ] GC(1147) PSYoungGen: 2629460K(2636288K)->146080K(2637312K) Eden: 2480128K(2480128K)->0K(2480128K) From: 149332K(156160K)->146080K(157184K)
[4920.006s][info][gc,heap        ] GC(1147) ParOldGen: 2883832K(2884096K)->2972088K(2972160K)
[4920.006s][info][gc,metaspace   ] GC(1147) Metaspace: 29108K(29504K)->29108K(29504K) NonClass: 24218K(24384K)->24218K(24384K) Class: 4889K(5120K)->4889K(5120K)
[4920.006s][info][gc             ] GC(1147) Pause Young (Allocation Failure) 5384M->3045M(5478M) 98.887ms
[4920.006s][info][gc,cpu         ] GC(1147) User=0.54s Sys=0.04s Real=0.10s
..[4922.368s][info][gc,start       ] GC(1148) Pause Young (Allocation Failure)
[4922.472s][info][gc,heap        ] GC(1148) PSYoungGen: 2626208K(2637312K)->148352K(2638336K) Eden: 2480128K(2480128K)->0K(2481664K) From: 146080K(157184K)->148352K(156672K)
[4922.472s][info][gc,heap        ] GC(1148) ParOldGen: 2972088K(2972160K)->3066480K(3066880K)
[4922.472s][info][gc,metaspace   ] GC(1148) Metaspace: 29108K(29504K)->29108K(29504K) NonClass: 24218K(24384K)->24218K(24384K) Class: 4889K(5120K)->4889K(5120K)
[4922.472s][info][gc             ] GC(1148) Pause Young (Allocation Failure) 5467M->3139M(5571M) 103.328ms
[4922.472s][info][gc,cpu         ] GC(1148) User=0.58s Sys=0.03s Real=0.11s
...[4924.826s][info][gc,start       ] GC(1149) Pause Young (Allocation Failure)
[4924.923s][info][gc,heap        ] GC(1149) PSYoungGen: 2630016K(2638336K)->138848K(2638848K) Eden: 2481664K(2481664K)->0K(2481664K) From: 148352K(156672K)->138848K(157184K)
[4924.923s][info][gc,heap        ] GC(1149) ParOldGen: 3066480K(3066880K)->3158920K(3159040K)
[4924.923s][info][gc,metaspace   ] GC(1149) Metaspace: 29108K(29504K)->29108K(29504K) NonClass: 24218K(24384K)->24218K(24384K) Class: 4889K(5120K)->4889K(5120K)
[4924.923s][info][gc             ] GC(1149) Pause Young (Allocation Failure) 5562M->3220M(5662M) 97.452ms
[4924.923s][info][gc,cpu         ] GC(1149) User=0.53s Sys=0.05s Real=0.10s
..[4927.199s][info][gc,start       ] GC(1150) Pause Young (Allocation Failure)
[4927.298s][info][gc,heap        ] GC(1150) PSYoungGen: 2620512K(2638848K)->143520K(2636800K) Eden: 2481664K(2481664K)->0K(2482176K) From: 138848K(157184K)->143520K(154624K)
[4927.298s][info][gc,heap        ] GC(1150) ParOldGen: 3158920K(3159040K)->3249624K(3249664K)
[4927.298s][info][gc,metaspace   ] GC(1150) Metaspace: 29108K(29504K)->29108K(29504K) NonClass: 24218K(24384K)->24218K(24384K) Class: 4889K(5120K)->4889K(5120K)
[4927.298s][info][gc             ] GC(1150) Pause Young (Allocation Failure) 5643M->3313M(5748M) 99.284ms
[4927.298s][info][gc,cpu         ] GC(1150) User=0.57s Sys=0.03s Real=0.10s
..[4929.594s][info][gc,start       ] GC(1151) Pause Young (Allocation Failure)
[4929.694s][info][gc,heap        ] GC(1151) PSYoungGen: 2625696K(2636800K)->143828K(2637824K) Eden: 2482176K(2482176K)->0K(2482176K) From: 143520K(154624K)->143828K(155648K)
[4929.694s][info][gc,heap        ] GC(1151) ParOldGen: 3249624K(3249664K)->3341584K(3341824K)
[4929.694s][info][gc,metaspace   ] GC(1151) Metaspace: 29108K(29504K)->29108K(29504K) NonClass: 24218K(24384K)->24218K(24384K) Class: 4889K(5120K)->4889K(5120K)
[4929.694s][info][gc             ] GC(1151) Pause Young (Allocation Failure) 5737M->3403M(5839M) 100.007ms
[4929.694s][info][gc,cpu         ] GC(1151) User=0.55s Sys=0.03s Real=0.10s
...[4932.024s][info][gc,start       ] GC(1152) Pause Young (Allocation Failure)
[4932.127s][info][gc,heap        ] GC(1152) PSYoungGen: 2626004K(2637824K)->151349K(2638336K) Eden: 2482176K(2482176K)->0K(2483712K) From: 143828K(155648K)->151349K(154624K)
[4932.127s][info][gc,heap        ] GC(1152) ParOldGen: 3341584K(3341824K)->3433656K(3433984K)
[4932.127s][info][gc,metaspace   ] GC(1152) Metaspace: 29108K(29504K)->29108K(29504K) NonClass: 24218K(24384K)->24218K(24384K) Class: 4889K(5120K)->4889K(5120K)
[4932.127s][info][gc             ] GC(1152) Pause Young (Allocation Failure) 5827M->3500M(5930M) 103.344ms
[4932.128s][info][gc,cpu         ] GC(1152) User=0.59s Sys=0.02s Real=0.10s
..[4934.345s][info][gc,start       ] GC(1153) Pause Full (Diagnostic Command)
[4934.345s][info][gc,phases,start] GC(1153) Marking Phase
[4934.637s][info][gc,phases      ] GC(1153) Marking Phase 292.607ms
[4934.637s][info][gc,phases,start] GC(1153) Summary Phase
[4934.638s][info][gc,phases      ] GC(1153) Summary Phase 0.073ms
[4934.638s][info][gc,phases,start] GC(1153) Forward
[4934.826s][info][gc,phases      ] GC(1153) Forward 188.726ms
[4934.826s][info][gc,phases,start] GC(1153) Adjust Pointers
[4935.036s][info][gc,phases      ] GC(1153) Adjust Pointers 210.178ms
[4935.037s][info][gc,phases,start] GC(1153) Compaction Phase
[4935.195s][info][gc,phases      ] GC(1153) Compaction Phase 158.003ms
[4935.197s][info][gc,phases,start] GC(1153) Post Compact
[4935.202s][info][gc,phases      ] GC(1153) Post Compact 4.942ms
[4935.202s][info][gc,heap        ] GC(1153) PSYoungGen: 2593299K(2638336K)->0K(2638336K) Eden: 2441950K(2483712K)->0K(2483712K) From: 151349K(154624K)->0K(154624K)
[4935.202s][info][gc,heap        ] GC(1153) ParOldGen: 3433656K(3433984K)->1142419K(3433984K)
[4935.202s][info][gc,metaspace   ] GC(1153) Metaspace: 29108K(29504K)->29108K(29504K) NonClass: 24218K(24384K)->24218K(24384K) Class: 4889K(5120K)->4889K(5120K)
[4935.202s][info][gc             ] GC(1153) Pause Full (Diagnostic Command) 5885M->1115M(5930M) 857.461ms
[4935.202s][info][gc,cpu         ] GC(1153) User=4.44s Sys=0.00s Real=0.86s
..[4936.894s][info][gc,start       ] GC(1154) Pause Young (Allocation Failure)
[4936.960s][info][gc,heap        ] GC(1154) PSYoungGen: 2483712K(2638336K)->150640K(2634752K) Eden: 2483712K(2483712K)->0K(2483712K) From: 0K(154624K)->150640K(151040K)
[4936.960s][info][gc,heap        ] GC(1154) ParOldGen: 1142419K(3433984K)->1142419K(3433984K)
[4936.960s][info][gc,metaspace   ] GC(1154) Metaspace: 29108K(29504K)->29108K(29504K) NonClass: 24218K(24384K)->24218K(24384K) Class: 4889K(5120K)->4889K(5120K)
[4936.960s][info][gc             ] GC(1154) Pause Young (Allocation Failure) 3541M->1262M(5926M) 66.670ms
[4936.960s][info][gc,cpu         ] GC(1154) User=0.40s Sys=0.00s Real=0.07s
...[4939.320s][info][gc,start       ] GC(1155) Pause Young (Allocation Failure)
[4939.413s][info][gc,heap        ] GC(1155) PSYoungGen: 2634352K(2634752K)->146176K(2639360K) Eden: 2483712K(2483712K)->0K(2482176K) From: 150640K(151040K)->146176K(157184K)
[4939.413s][info][gc,heap        ] GC(1155) ParOldGen: 1142419K(3433984K)->1233827K(3433984K)
[4939.413s][info][gc,metaspace   ] GC(1155) Metaspace: 29108K(29504K)->29108K(29504K) NonClass: 24218K(24384K)->24218K(24384K) Class: 4889K(5120K)->4889K(5120K)
[4939.413s][info][gc             ] GC(1155) Pause Young (Allocation Failure) 3688M->1347M(5931M) 92.887ms
[4939.413s][info][gc,cpu         ] GC(1155) User=0.56s Sys=0.00s Real=0.09s
..[4941.721s][info][gc,start       ] GC(1156) Pause Young (Allocation Failure)
[4941.814s][info][gc,heap        ] GC(1156) PSYoungGen: 2628352K(2639360K)->141369K(2624000K) Eden: 2482176K(2482176K)->0K(2482176K) From: 146176K(157184K)->141369K(141824K)
[4941.814s][info][gc,heap        ] GC(1156) ParOldGen: 1233827K(3433984K)->1327643K(3433984K)
[4941.814s][info][gc,metaspace   ] GC(1156) Metaspace: 29108K(29504K)->29108K(29504K) NonClass: 24218K(24384K)->24218K(24384K) Class: 4889K(5120K)->4889K(5120K)
[4941.814s][info][gc             ] GC(1156) Pause Young (Allocation Failure) 3771M->1434M(5916M) 93.803ms
[4941.814s][info][gc,cpu         ] GC(1156) User=0.56s Sys=0.00s Real=0.09s
..[4944.203s][info][gc,start       ] GC(1157) Pause Young (Allocation Failure)
[4944.299s][info][gc,heap        ] GC(1157) PSYoungGen: 2623545K(2624000K)->149216K(2637824K) Eden: 2482176K(2482176K)->0K(2481664K) From: 141369K(141824K)->149216K(156160K)
[4944.299s][info][gc,heap        ] GC(1157) ParOldGen: 1327643K(3433984K)->1417187K(3433984K)
[4944.299s][info][gc,metaspace   ] GC(1157) Metaspace: 29108K(29504K)->29108K(29504K) NonClass: 24218K(24384K)->24218K(24384K) Class: 4889K(5120K)->4889K(5120K)
[4944.299s][info][gc             ] GC(1157) Pause Young (Allocation Failure) 3858M->1529M(5929M) 96.148ms
[4944.299s][info][gc,cpu         ] GC(1157) User=0.58s Sys=0.00s Real=0.09s
...[4946.545s][info][gc,start       ] GC(1158) Pause Young (Allocation Failure)
[4946.637s][info][gc,heap        ] GC(1158) PSYoungGen: 2630880K(2637824K)->137486K(2638336K) Eden: 2481664K(2481664K)->0K(2481664K) From: 149216K(156160K)->137486K(156672K)
[4946.637s][info][gc,heap        ] GC(1158) ParOldGen: 1417187K(3433984K)->1510979K(3433984K)
[4946.637s][info][gc,metaspace   ] GC(1158) Metaspace: 29108K(29504K)->29108K(29504K) NonClass: 24218K(24384K)->24218K(24384K) Class: 4889K(5120K)->4889K(5120K)
[4946.637s][info][gc             ] GC(1158) Pause Young (Allocation Failure) 3953M->1609M(5930M) 92.273ms
[4946.637s][info][gc,cpu         ] GC(1158) User=0.54s Sys=0.00s Real=0.09s
..[4948.982s][info][gc,start       ] GC(1159) Pause Young (Allocation Failure)
[4949.074s][info][gc,heap        ] GC(1159) PSYoungGen: 2619150K(2638336K)->141568K(2638336K) Eden: 2481664K(2481664K)->0K(2482688K) From: 137486K(156672K)->141568K(155648K)
[4949.074s][info][gc,heap        ] GC(1159) ParOldGen: 1510979K(3433984K)->1602163K(3433984K)
[4949.074s][info][gc,metaspace   ] GC(1159) Metaspace: 29108K(29504K)->29108K(29504K) NonClass: 24218K(24384K)->24218K(24384K) Class: 4889K(5120K)->4889K(5120K)
[4949.074s][info][gc             ] GC(1159) Pause Young (Allocation Failure) 4033M->1702M(5930M) 92.216ms
[4949.074s][info][gc,cpu         ] GC(1159) User=0.55s Sys=0.00s Real=0.09s
...[4951.369s][info][gc,start       ] GC(1160) Pause Young (Allocation Failure)
[4951.464s][info][gc,heap        ] GC(1160) PSYoungGen: 2624256K(2638336K)->145184K(2638848K) Eden: 2482688K(2482688K)->0K(2482688K) From: 141568K(155648K)->145184K(156160K)
[4951.464s][info][gc,heap        ] GC(1160) ParOldGen: 1602163K(3433984K)->1694547K(3433984K)
[4951.464s][info][gc,metaspace   ] GC(1160) Metaspace: 29108K(29504K)->29108K(29504K) NonClass: 24218K(24384K)->24218K(24384K) Class: 4889K(5120K)->4889K(5120K)
[4951.464s][info][gc             ] GC(1160) Pause Young (Allocation Failure) 4127M->1796M(5930M) 95.000ms
[4951.464s][info][gc,cpu         ] GC(1160) User=0.57s Sys=0.00s Real=0.10s
..[4953.782s][info][gc,start       ] GC(1161) Pause Young (Allocation Failure)
[4953.874s][info][gc,heap        ] GC(1161) PSYoungGen: 2627872K(2638848K)->141856K(2639360K) Eden: 2482688K(2482688K)->0K(2484736K) From: 145184K(156160K)->141856K(154624K)
[4953.874s][info][gc,heap        ] GC(1161) ParOldGen: 1694547K(3433984K)->1786435K(3433984K)
[4953.874s][info][gc,metaspace   ] GC(1161) Metaspace: 29108K(29504K)->29108K(29504K) NonClass: 24218K(24384K)->24218K(24384K) Class: 4889K(5120K)->4889K(5120K)
[4953.874s][info][gc             ] GC(1161) Pause Young (Allocation Failure) 4221M->1883M(5931M) 92.753ms
[4953.874s][info][gc,cpu         ] GC(1161) User=0.55s Sys=0.01s Real=0.09s
..[4956.199s][info][gc,start       ] GC(1162) Pause Young (Allocation Failure)
[4956.293s][info][gc,heap        ] GC(1162) PSYoungGen: 2626592K(2639360K)->144000K(2639360K) Eden: 2484736K(2484736K)->0K(2484736K) From: 141856K(154624K)->144000K(154624K)
[4956.293s][info][gc,heap        ] GC(1162) ParOldGen: 1786435K(3433984K)->1878875K(3433984K)
[4956.293s][info][gc,metaspace   ] GC(1162) Metaspace: 29108K(29504K)->29108K(29504K) NonClass: 24218K(24384K)->24218K(24384K) Class: 4889K(5120K)->4889K(5120K)
[4956.293s][info][gc             ] GC(1162) Pause Young (Allocation Failure) 4309M->1975M(5931M) 94.095ms
[4956.293s][info][gc,cpu         ] GC(1162) User=0.56s Sys=0.00s Real=0.10s
...[4958.610s][info][gc,start       ] GC(1163) Pause Young (Allocation Failure)
[4958.702s][info][gc,heap        ] GC(1163) PSYoungGen: 2628736K(2639360K)->139680K(2640384K) Eden: 2484736K(2484736K)->0K(2486784K) From: 144000K(154624K)->139680K(153600K)
[4958.702s][info][gc,heap        ] GC(1163) ParOldGen: 1878875K(3433984K)->1969699K(3433984K)
[4958.702s][info][gc,metaspace   ] GC(1163) Metaspace: 29108K(29504K)->29108K(29504K) NonClass: 24218K(24384K)->24218K(24384K) Class: 4889K(5120K)->4889K(5120K)
[4958.702s][info][gc             ] GC(1163) Pause Young (Allocation Failure) 4401M->2059M(5932M) 91.928ms
[4958.702s][info][gc,cpu         ] GC(1163) User=0.55s Sys=0.00s Real=0.09s
..[4961.044s][info][gc,start       ] GC(1164) Pause Young (Allocation Failure)
[4961.138s][info][gc,heap        ] GC(1164) PSYoungGen: 2626464K(2640384K)->141792K(2640384K) Eden: 2486784K(2486784K)->0K(2486784K) From: 139680K(153600K)->141792K(153600K)
[4961.138s][info][gc,heap        ] GC(1164) ParOldGen: 1969699K(3433984K)->2063611K(3433984K)
[4961.138s][info][gc,metaspace   ] GC(1164) Metaspace: 29108K(29504K)->29108K(29504K) NonClass: 24218K(24384K)->24218K(24384K) Class: 4889K(5120K)->4889K(5120K)
[4961.138s][info][gc             ] GC(1164) Pause Young (Allocation Failure) 4488M->2153M(5932M) 94.416ms
[4961.138s][info][gc,cpu         ] GC(1164) User=0.56s Sys=0.00s Real=0.09s
...[4963.499s][info][gc,start       ] GC(1165) Pause Young (Allocation Failure)
[4963.594s][info][gc,heap        ] GC(1165) PSYoungGen: 2628576K(2640384K)->147040K(2640896K) Eden: 2486784K(2486784K)->0K(2488320K) From: 141792K(153600K)->147040K(152576K)
[4963.594s][info][gc,heap        ] GC(1165) ParOldGen: 2063611K(3433984K)->2154379K(3433984K)
[4963.594s][info][gc,metaspace   ] GC(1165) Metaspace: 29108K(29504K)->29108K(29504K) NonClass: 24218K(24384K)->24218K(24384K) Class: 4889K(5120K)->4889K(5120K)
[4963.594s][info][gc             ] GC(1165) Pause Young (Allocation Failure) 4582M->2247M(5932M) 94.938ms
[4963.594s][info][gc,cpu         ] GC(1165) User=0.56s Sys=0.00s Real=0.10s
..[4965.968s][info][gc,start       ] GC(1166) Pause Young (Allocation Failure)
[4966.059s][info][gc,heap        ] GC(1166) PSYoungGen: 2635360K(2640896K)->139168K(2641408K) Eden: 2488320K(2488320K)->0K(2488320K) From: 147040K(152576K)->139168K(153088K)
[4966.059s][info][gc,heap        ] GC(1166) ParOldGen: 2154379K(3433984K)->2247859K(3433984K)
[4966.059s][info][gc,metaspace   ] GC(1166) Metaspace: 29108K(29504K)->29108K(29504K) NonClass: 24218K(24384K)->24218K(24384K) Class: 4889K(5120K)->4889K(5120K)
[4966.059s][info][gc             ] GC(1166) Pause Young (Allocation Failure) 4677M->2331M(5933M) 91.838ms
[4966.059s][info][gc,cpu         ] GC(1166) User=0.54s Sys=0.01s Real=0.10s
..[4968.289s][info][gc,start       ] GC(1167) Pause Young (Allocation Failure)
[4968.382s][info][gc,heap        ] GC(1167) PSYoungGen: 2627488K(2641408K)->143296K(2640896K) Eden: 2488320K(2488320K)->0K(2489856K) From: 139168K(153088K)->143296K(151040K)
[4968.382s][info][gc,heap        ] GC(1167) ParOldGen: 2247859K(3433984K)->2339131K(3433984K)
[4968.382s][info][gc,metaspace   ] GC(1167) Metaspace: 29108K(29504K)->29108K(29504K) NonClass: 24218K(24384K)->24218K(24384K) Class: 4889K(5120K)->4889K(5120K)
[4968.382s][info][gc             ] GC(1167) Pause Young (Allocation Failure) 4761M->2424M(5932M) 93.424ms
[4968.382s][info][gc,cpu         ] GC(1167) User=0.55s Sys=0.00s Real=0.10s
. (rIR:aIR:PR = 8302:8338:8338) (tPR = 122137) [OK] 
  4968s: Performance info:
         Transaction,    Success,    Partial,     Failed,   Receipts, AvgBarcode, 
             Overall,     505895,          0,          0,     480571,      59.48, 
         Response times:
             Request,    Success,    Partial,     Failed,   SkipFail,     Probes,    Samples,      min,      p50,      p90,      p95,      p99,      max, 
       TotalPurchase,     480567,          0,          0,          0,     358915,     530234,      200,     5300,    17700,    43000,   278000,   599000,
     InStorePurchase,     255140,          0,          0,          0,     188728,     278527,      300,     5600,    18300,    44000,   303000,   526000,
      OnlinePurchase,     174928,          0,          0,          0,     132079,     195192,      200,     5000,    17200,    43000,   266000,   526000,
        InstPurchase,      50499,          0,          0,          0,      38108,      56515,      300,     4900,    17700,    42000,   281000,   599000,
          AssocOfCat,        507,          0,          0,          0,        433,        712,    21000,    36000,    63000,   126700,   472670,   531000,
      AssocOfProduct,       5036,          0,          0,          0,       3518,       5511,      500,     7300,    22000,    53000,   245000,   247000,
      BusinessReport,       1258,          0,          0,          0,       1122,       1818,    25000,    45000,    75000,   107000,   336480,   486000,
          CustBuyBeh,       5076,          0,          0,          0,       3533,       5537,      100,     5600,    21000,    47000,   266000,   295000,
       ProductReturn,      13446,          0,          0,          0,       9147,      13849,      200,     4600,    15600,    39000,   352000,   420000,

  4968s: (61%)   IR =   8441 ..[4970.782s][info][gc,start       ] GC(1168) Pause Young (Allocation Failure)
[4970.876s][info][gc,heap        ] GC(1168) PSYoungGen: 2633152K(2640896K)->142368K(2641920K) Eden: 2489856K(2489856K)->0K(2489856K) From: 143296K(151040K)->142368K(152064K)
[4970.876s][info][gc,heap        ] GC(1168) ParOldGen: 2339131K(3433984K)->2430355K(3433984K)
[4970.876s][info][gc,metaspace   ] GC(1168) Metaspace: 29108K(29504K)->29108K(29504K) NonClass: 24218K(24384K)->24218K(24384K) Class: 4889K(5120K)->4889K(5120K)
[4970.876s][info][gc             ] GC(1168) Pause Young (Allocation Failure) 4855M->2512M(5933M) 93.549ms
[4970.876s][info][gc,cpu         ] GC(1168) User=0.56s Sys=0.00s Real=0.09s
..[4973.171s][info][gc,start       ] GC(1169) Pause Young (Allocation Failure)
[4973.265s][info][gc,heap        ] GC(1169) PSYoungGen: 2632224K(2641920K)->144960K(2643456K) Eden: 2489856K(2489856K)->0K(2492416K) From: 142368K(152064K)->144960K(151040K)
[4973.265s][info][gc,heap        ] GC(1169) ParOldGen: 2430355K(3433984K)->2522923K(3433984K)
[4973.265s][info][gc,metaspace   ] GC(1169) Metaspace: 29108K(29504K)->29108K(29504K) NonClass: 24218K(24384K)->24218K(24384K) Class: 4889K(5120K)->4889K(5120K)
[4973.265s][info][gc             ] GC(1169) Pause Young (Allocation Failure) 4943M->2605M(5935M) 94.357ms
[4973.265s][info][gc,cpu         ] GC(1169) User=0.56s Sys=0.00s Real=0.09s
..[4975.478s][info][gc,start       ] GC(1170) Pause Young (Allocation Failure)
[4975.578s][info][gc,heap        ] GC(1170) PSYoungGen: 2637376K(2643456K)->151529K(2643968K) Eden: 2492416K(2492416K)->0K(2492416K) From: 144960K(151040K)->151529K(151552K)
[4975.578s][info][gc,heap        ] GC(1170) ParOldGen: 2522923K(3433984K)->2620835K(3433984K)
[4975.578s][info][gc,metaspace   ] GC(1170) Metaspace: 29108K(29504K)->29108K(29504K) NonClass: 24218K(24384K)->24218K(24384K) Class: 4889K(5120K)->4889K(5120K)
[4975.578s][info][gc             ] GC(1170) Pause Young (Allocation Failure) 5039M->2707M(5935M) 100.821ms
[4975.578s][info][gc,cpu         ] GC(1170) User=0.60s Sys=0.00s Real=0.10s
.|..[4977.934s][info][gc,start       ] GC(1171) Pause Young (Allocation Failure)
[4978.031s][info][gc,heap        ] GC(1171) PSYoungGen: 2643945K(2643968K)->148288K(2573312K) Eden: 2492416K(2492416K)->0K(2421248K) From: 151529K(151552K)->148288K(152064K)
[4978.031s][info][gc,heap        ] GC(1171) ParOldGen: 2620835K(3433984K)->2711883K(3433984K)
[4978.031s][info][gc,metaspace   ] GC(1171) Metaspace: 29108K(29504K)->29108K(29504K) NonClass: 24218K(24384K)->24218K(24384K) Class: 4889K(5120K)->4889K(5120K)
[4978.031s][info][gc             ] GC(1171) Pause Young (Allocation Failure) 5141M->2793M(5866M) 96.564ms
[4978.031s][info][gc,cpu         ] GC(1171) User=0.58s Sys=0.00s Real=0.10s
..[4980.247s][info][gc,start       ] GC(1172) Pause Young (Allocation Failure)
[4980.343s][info][gc,heap        ] GC(1172) PSYoungGen: 2569536K(2573312K)->144468K(2608640K) Eden: 2421248K(2421248K)->0K(2421248K) From: 148288K(152064K)->144468K(187392K)
[4980.343s][info][gc,heap        ] GC(1172) ParOldGen: 2711883K(3433984K)->2806419K(3433984K)
[4980.343s][info][gc,metaspace   ] GC(1172) Metaspace: 29108K(29504K)->29108K(29504K) NonClass: 24218K(24384K)->24218K(24384K) Class: 4889K(5120K)->4889K(5120K)
[4980.343s][info][gc             ] GC(1172) Pause Young (Allocation Failure) 5157M->2881M(5901M) 96.303ms
[4980.343s][info][gc,cpu         ] GC(1172) User=0.57s Sys=0.00s Real=0.10s
..[4982.620s][info][gc,start       ] GC(1173) Pause Young (Allocation Failure)
[4982.711s][info][gc,heap        ] GC(1173) PSYoungGen: 2565716K(2608640K)->133856K(2606592K) Eden: 2421248K(2421248K)->0K(2423296K) From: 144468K(187392K)->133856K(183296K)
[4982.711s][info][gc,heap        ] GC(1173) ParOldGen: 2806419K(3433984K)->2897451K(3433984K)
[4982.711s][info][gc,metaspace   ] GC(1173) Metaspace: 29108K(29504K)->29108K(29504K) NonClass: 24218K(24384K)->24218K(24384K) Class: 4889K(5120K)->4889K(5120K)
[4982.711s][info][gc             ] GC(1173) Pause Young (Allocation Failure) 5246M->2960M(5899M) 90.993ms
[4982.711s][info][gc,cpu         ] GC(1173) User=0.54s Sys=0.00s Real=0.09s
...[4985.025s][info][gc,start       ] GC(1174) Pause Young (Allocation Failure)
[4985.121s][info][gc,heap        ] GC(1174) PSYoungGen: 2557152K(2606592K)->146232K(2608640K) Eden: 2423296K(2423296K)->0K(2423296K) From: 133856K(183296K)->146232K(185344K)
[4985.121s][info][gc,heap        ] GC(1174) ParOldGen: 2897451K(3433984K)->2986979K(3433984K)
[4985.121s][info][gc,metaspace   ] GC(1174) Metaspace: 29108K(29504K)->29108K(29504K) NonClass: 24218K(24384K)->24218K(24384K) Class: 4889K(5120K)->4889K(5120K)
[4985.121s][info][gc             ] GC(1174) Pause Young (Allocation Failure) 5326M->3059M(5901M) 95.411ms
[4985.121s][info][gc,cpu         ] GC(1174) User=0.56s Sys=0.00s Real=0.10s
..[4987.313s][info][gc,start       ] GC(1175) Pause Young (Allocation Failure)
[4987.413s][info][gc,heap        ] GC(1175) PSYoungGen: 2569528K(2608640K)->151600K(2605056K) Eden: 2423296K(2423296K)->0K(2427904K) From: 146232K(185344K)->151600K(177152K)
[4987.413s][info][gc,heap        ] GC(1175) ParOldGen: 2986979K(3433984K)->3079075K(3433984K)
[4987.413s][info][gc,metaspace   ] GC(1175) Metaspace: 29108K(29504K)->29108K(29504K) NonClass: 24218K(24384K)->24218K(24384K) Class: 4889K(5120K)->4889K(5120K)
[4987.413s][info][gc             ] GC(1175) Pause Young (Allocation Failure) 5426M->3154M(5897M) 99.290ms
[4987.413s][info][gc,cpu         ] GC(1175) User=0.59s Sys=0.00s Real=0.10s
..[4989.615s][info][gc,start       ] GC(1176) Pause Young (Allocation Failure)
[4989.709s][info][gc,heap        ] GC(1176) PSYoungGen: 2579504K(2605056K)->137072K(2607616K) Eden: 2427904K(2427904K)->0K(2427904K) From: 151600K(177152K)->137072K(179712K)
[4989.709s][info][gc,heap        ] GC(1176) ParOldGen: 3079075K(3433984K)->3170723K(3433984K)
[4989.709s][info][gc,metaspace   ] GC(1176) Metaspace: 29108K(29504K)->29108K(29504K) NonClass: 24218K(24384K)->24218K(24384K) Class: 4889K(5120K)->4889K(5120K)
[4989.709s][info][gc             ] GC(1176) Pause Young (Allocation Failure) 5525M->3230M(5900M) 94.214ms
[4989.709s][info][gc,cpu         ] GC(1176) User=0.56s Sys=0.00s Real=0.09s
...[4992.048s][info][gc,start       ] GC(1177) Pause Young (Allocation Failure)
[4992.140s][info][gc,heap        ] GC(1177) PSYoungGen: 2564976K(2607616K)->136960K(2613760K) Eden: 2427904K(2427904K)->0K(2437120K) From: 137072K(179712K)->136960K(176640K)
[4992.140s][info][gc,heap        ] GC(1177) ParOldGen: 3170723K(3433984K)->3261539K(3433984K)
[4992.140s][info][gc,metaspace   ] GC(1177) Metaspace: 29108K(29504K)->29108K(29504K) NonClass: 24218K(24384K)->24218K(24384K) Class: 4889K(5120K)->4889K(5120K)
[4992.140s][info][gc             ] GC(1177) Pause Young (Allocation Failure) 5601M->3318M(5906M) 91.678ms
[4992.140s][info][gc,cpu         ] GC(1177) User=0.54s Sys=0.00s Real=0.10s
..[4994.468s][info][gc,start       ] GC(1178) Pause Young (Allocation Failure)
[4994.563s][info][gc,heap        ] GC(1178) PSYoungGen: 2574080K(2613760K)->146976K(2615296K) Eden: 2437120K(2437120K)->0K(2437120K) From: 136960K(176640K)->146976K(178176K)
[4994.563s][info][gc,heap        ] GC(1178) ParOldGen: 3261539K(3433984K)->3349867K(3433984K)
[4994.563s][info][gc,metaspace   ] GC(1178) Metaspace: 29108K(29504K)->29108K(29504K) NonClass: 24218K(24384K)->24218K(24384K) Class: 4889K(5120K)->4889K(5120K)
[4994.563s][info][gc             ] GC(1178) Pause Young (Allocation Failure) 5698M->3414M(5907M) 95.620ms
[4994.563s][info][gc,cpu         ] GC(1178) User=0.57s Sys=0.00s Real=0.10s
..[4996.772s][info][gc,start       ] GC(1179) Pause Young (Allocation Failure)
[4996.867s][info][gc,heap        ] GC(1179) PSYoungGen: 2584096K(2615296K)->137632K(2616832K) Eden: 2437120K(2437120K)->0K(2442240K) From: 146976K(178176K)->137632K(174592K)
[4996.867s][info][gc,heap        ] GC(1179) ParOldGen: 3349867K(3433984K)->3443123K(3443200K)
[4996.867s][info][gc,metaspace   ] GC(1179) Metaspace: 29108K(29504K)->29108K(29504K) NonClass: 24218K(24384K)->24218K(24384K) Class: 4889K(5120K)->4889K(5120K)
[4996.867s][info][gc             ] GC(1179) Pause Young (Allocation Failure) 5794M->3496M(5918M) 95.272ms
[4996.867s][info][gc,cpu         ] GC(1179) User=0.56s Sys=0.00s Real=0.09s
...[4999.098s][info][gc,start       ] GC(1180) Pause Young (Allocation Failure)
[4999.193s][info][gc,heap        ] GC(1180) PSYoungGen: 2579872K(2616832K)->137472K(2616832K) Eden: 2442240K(2442240K)->0K(2442240K) From: 137632K(174592K)->137472K(174592K)
[4999.193s][info][gc,heap        ] GC(1180) ParOldGen: 3443123K(3443200K)->3533963K(3534336K)
[4999.193s][info][gc,metaspace   ] GC(1180) Metaspace: 29108K(29504K)->29108K(29504K) NonClass: 24218K(24384K)->24218K(24384K) Class: 4889K(5120K)->4889K(5120K)
[4999.193s][info][gc             ] GC(1180) Pause Young (Allocation Failure) 5881M->3585M(6007M) 95.042ms
[4999.193s][info][gc,cpu         ] GC(1180) User=0.55s Sys=0.02s Real=0.10s
..[5001.476s][info][gc,start       ] GC(1181) Pause Young (Allocation Failure)
[5001.578s][info][gc,heap        ] GC(1181) PSYoungGen: 2579712K(2616832K)->147511K(2618880K) Eden: 2442240K(2442240K)->0K(2448384K) From: 137472K(174592K)->147511K(170496K)
[5001.578s][info][gc,heap        ] GC(1181) ParOldGen: 3533963K(3534336K)->3623163K(3623424K)
[5001.578s][info][gc,metaspace   ] GC(1181) Metaspace: 29108K(29504K)->29108K(29504K) NonClass: 24218K(24384K)->24218K(24384K) Class: 4889K(5120K)->4889K(5120K)
[5001.578s][info][gc             ] GC(1181) Pause Young (Allocation Failure) 5970M->3682M(6096M) 101.495ms
[5001.578s][info][gc,cpu         ] GC(1181) User=0.59s Sys=0.02s Real=0.10s
..[5003.833s][info][gc,start       ] GC(1182) Pause Young (Allocation Failure)
[5003.931s][info][gc,heap        ] GC(1182) PSYoungGen: 2595895K(2618880K)->137472K(2619392K) Eden: 2448384K(2448384K)->0K(2448384K) From: 147511K(170496K)->137472K(171008K)
[5003.932s][info][gc,heap        ] GC(1182) ParOldGen: 3623163K(3623424K)->3714419K(3714560K)
[5003.932s][info][gc,metaspace   ] GC(1182) Metaspace: 29108K(29504K)->29108K(29504K) NonClass: 24218K(24384K)->24218K(24384K) Class: 4889K(5120K)->4889K(5120K)
[5003.932s][info][gc             ] GC(1182) Pause Young (Allocation Failure) 6073M->3761M(6185M) 98.382ms
[5003.932s][info][gc,cpu         ] GC(1182) User=0.55s Sys=0.03s Real=0.10s
...[5006.142s][info][gc,start       ] GC(1183) Pause Young (Allocation Failure)
[5006.249s][info][gc,heap        ] GC(1183) PSYoungGen: 2585856K(2619392K)->151773K(2624512K) Eden: 2448384K(2448384K)->0K(2454528K) From: 137472K(171008K)->151773K(169984K)
[5006.249s][info][gc,heap        ] GC(1183) ParOldGen: 3714419K(3714560K)->3805091K(3805184K)
[5006.249s][info][gc,metaspace   ] GC(1183) Metaspace: 29108K(29504K)->29108K(29504K) NonClass: 24218K(24384K)->24218K(24384K) Class: 4889K(5120K)->4889K(5120K)
[5006.249s][info][gc             ] GC(1183) Pause Young (Allocation Failure) 6152M->3864M(6279M) 107.377ms
[5006.249s][info][gc,cpu         ] GC(1183) User=0.61s Sys=0.03s Real=0.10s
..[5008.487s][info][gc,start       ] GC(1184) Pause Young (Allocation Failure)
[5008.590s][info][gc,heap        ] GC(1184) PSYoungGen: 2606301K(2624512K)->148880K(2624512K) Eden: 2454528K(2454528K)->0K(2454528K) From: 151773K(169984K)->148880K(169984K)
[5008.590s][info][gc,heap        ] GC(1184) ParOldGen: 3805091K(3805184K)->3896083K(3896320K)
[5008.590s][info][gc,metaspace   ] GC(1184) Metaspace: 29108K(29504K)->29108K(29504K) NonClass: 24218K(24384K)->24218K(24384K) Class: 4889K(5120K)->4889K(5120K)
[5008.590s][info][gc             ] GC(1184) Pause Young (Allocation Failure) 6261M->3950M(6368M) 102.518ms
[5008.590s][info][gc,cpu         ] GC(1184) User=0.58s Sys=0.03s Real=0.11s
..[5010.872s][info][gc,start       ] GC(1185) Pause Young (Allocation Failure)
[5010.971s][info][gc,heap        ] GC(1185) PSYoungGen: 2603408K(2624512K)->143344K(2622976K) Eden: 2454528K(2454528K)->0K(2457088K) From: 148880K(169984K)->143344K(165888K)
[5010.971s][info][gc,heap        ] GC(1185) ParOldGen: 3896083K(3896320K)->3987811K(3987968K)
[5010.971s][info][gc,metaspace   ] GC(1185) Metaspace: 29108K(29504K)->29108K(29504K) NonClass: 24218K(24384K)->24218K(24384K) Class: 4889K(5120K)->4889K(5120K)
[5010.971s][info][gc             ] GC(1185) Pause Young (Allocation Failure) 6347M->4034M(6456M) 99.244ms
[5010.971s][info][gc,cpu         ] GC(1185) User=0.56s Sys=0.03s Real=0.10s
...[5013.206s][info][gc,start       ] GC(1186) Pause Young (Allocation Failure)
[5013.305s][info][gc,heap        ] GC(1186) PSYoungGen: 2600432K(2622976K)->141152K(2624000K) Eden: 2457088K(2457088K)->0K(2457088K) From: 143344K(165888K)->141152K(166912K)
[5013.305s][info][gc,heap        ] GC(1186) ParOldGen: 3987811K(3987968K)->4080411K(4080640K)
[5013.305s][info][gc,metaspace   ] GC(1186) Metaspace: 29108K(29504K)->29108K(29504K) NonClass: 24218K(24384K)->24218K(24384K) Class: 4889K(5120K)->4889K(5120K)
[5013.305s][info][gc             ] GC(1186) Pause Young (Allocation Failure) 6433M->4122M(6547M) 98.850ms
[5013.305s][info][gc,cpu         ] GC(1186) User=0.57s Sys=0.02s Real=0.10s
..[5015.556s][info][gc,start       ] GC(1187) Pause Young (Allocation Failure)
[5015.657s][info][gc,heap        ] GC(1187) PSYoungGen: 2598240K(2624000K)->147087K(2626048K) Eden: 2457088K(2457088K)->0K(2463232K) From: 141152K(166912K)->147087K(162816K)
[5015.657s][info][gc,heap        ] GC(1187) ParOldGen: 4080411K(4080640K)->4171555K(4171776K)
[5015.657s][info][gc,metaspace   ] GC(1187) Metaspace: 29108K(29504K)->29108K(29504K) NonClass: 24218K(24384K)->24218K(24384K) Class: 4889K(5120K)->4889K(5120K)
[5015.657s][info][gc             ] GC(1187) Pause Young (Allocation Failure) 6522M->4217M(6638M) 101.606ms
[5015.657s][info][gc,cpu         ] GC(1187) User=0.57s Sys=0.03s Real=0.10s
..[5017.962s][info][gc,start       ] GC(1188) Pause Young (Allocation Failure)
[5018.067s][info][gc,heap        ] GC(1188) PSYoungGen: 2610319K(2626048K)->152600K(2627584K) Eden: 2463232K(2463232K)->0K(2463232K) From: 147087K(162816K)->152600K(164352K)
[5018.068s][info][gc,heap        ] GC(1188) ParOldGen: 4171555K(4171776K)->4263539K(4263936K)
[5018.068s][info][gc,metaspace   ] GC(1188) Metaspace: 29108K(29504K)->29108K(29504K) NonClass: 24218K(24384K)->24218K(24384K) Class: 4889K(5120K)->4889K(5120K)
[5018.068s][info][gc             ] GC(1188) Pause Young (Allocation Failure) 6622M->4312M(6730M) 105.776ms
[5018.068s][info][gc,cpu         ] GC(1188) User=0.59s Sys=0.04s Real=0.10s
...[5020.311s][info][gc,start       ] GC(1189) Pause Young (Allocation Failure)
[5020.413s][info][gc,heap        ] GC(1189) PSYoungGen: 2615832K(2627584K)->145508K(2628608K) Eden: 2463232K(2463232K)->0K(2466304K) From: 152600K(164352K)->145508K(162304K)
[5020.413s][info][gc,heap        ] GC(1189) ParOldGen: 4263539K(4263936K)->4355579K(4355584K)
[5020.413s][info][gc,metaspace   ] GC(1189) Metaspace: 29108K(29504K)->29108K(29504K) NonClass: 24218K(24384K)->24218K(24384K) Class: 4889K(5120K)->4889K(5120K)
[5020.413s][info][gc             ] GC(1189) Pause Young (Allocation Failure) 6718M->4395M(6820M) 102.659ms
[5020.413s][info][gc,cpu         ] GC(1189) User=0.59s Sys=0.02s Real=0.10s
..[5022.746s][info][gc,start       ] GC(1190) Pause Young (Allocation Failure)
[5022.847s][info][gc,heap        ] GC(1190) PSYoungGen: 2611812K(2628608K)->144692K(2629632K) Eden: 2466304K(2466304K)->0K(2466304K) From: 145508K(162304K)->144692K(163328K)
[5022.847s][info][gc,heap        ] GC(1190) ParOldGen: 4355579K(4355584K)->4445651K(4445696K)
[5022.847s][info][gc,metaspace   ] GC(1190) Metaspace: 29108K(29504K)->29108K(29504K) NonClass: 24218K(24384K)->24218K(24384K) Class: 4889K(5120K)->4889K(5120K)
[5022.847s][info][gc             ] GC(1190) Pause Young (Allocation Failure) 6804M->4482M(6909M) 100.969ms
[5022.847s][info][gc,cpu         ] GC(1190) User=0.57s Sys=0.03s Real=0.10s
..[5025.049s][info][gc,start       ] GC(1191) Pause Young (Allocation Failure)
[5025.149s][info][gc,heap        ] GC(1191) PSYoungGen: 2610996K(2629632K)->141744K(2632192K) Eden: 2466304K(2466304K)->0K(2470912K) From: 144692K(163328K)->141744K(161280K)
[5025.149s][info][gc,heap        ] GC(1191) ParOldGen: 4445651K(4445696K)->4538179K(4538368K)
[5025.149s][info][gc,metaspace   ] GC(1191) Metaspace: 29108K(29504K)->29108K(29504K) NonClass: 24218K(24384K)->24218K(24384K) Class: 4889K(5120K)->4889K(5120K)
[5025.149s][info][gc             ] GC(1191) Pause Young (Allocation Failure) 6891M->4570M(7002M) 99.860ms
[5025.149s][info][gc,cpu         ] GC(1191) User=0.57s Sys=0.02s Real=0.10s
...[5027.502s][info][gc,start       ] GC(1192) Pause Young (Allocation Failure)
[5027.607s][info][gc,heap        ] GC(1192) PSYoungGen: 2612656K(2632192K)->157161K(2632192K) Eden: 2470912K(2470912K)->0K(2470912K) From: 141744K(161280K)->157161K(161280K)
[5027.607s][info][gc,heap        ] GC(1192) ParOldGen: 4538179K(4538368K)->4626763K(4626944K)
[5027.607s][info][gc,metaspace   ] GC(1192) Metaspace: 29108K(29504K)->29108K(29504K) NonClass: 24218K(24384K)->24218K(24384K) Class: 4889K(5120K)->4889K(5120K)
[5027.607s][info][gc             ] GC(1192) Pause Young (Allocation Failure) 6983M->4671M(7089M) 105.069ms
[5027.607s][info][gc,cpu         ] GC(1192) User=0.59s Sys=0.03s Real=0.10s
..[5029.834s][info][gc,start       ] GC(1193) Pause Young (Allocation Failure)
[5029.932s][info][gc,heap        ] GC(1193) PSYoungGen: 2628073K(2632192K)->136480K(2632192K) Eden: 2470912K(2470912K)->0K(2468352K) From: 157161K(161280K)->136480K(163840K)
[5029.932s][info][gc,heap        ] GC(1193) ParOldGen: 4626763K(4626944K)->4721907K(4722176K)
[5029.932s][info][gc,metaspace   ] GC(1193) Metaspace: 29108K(29504K)->29108K(29504K) NonClass: 24218K(24384K)->24218K(24384K) Class: 4889K(5120K)->4889K(5120K)
[5029.932s][info][gc             ] GC(1193) Pause Young (Allocation Failure) 7084M->4744M(7182M) 98.046ms
[5029.932s][info][gc,cpu         ] GC(1193) User=0.55s Sys=0.03s Real=0.10s
...[5032.286s][info][gc,start       ] GC(1194) Pause Young (Allocation Failure)
[5032.392s][info][gc,heap        ] GC(1194) PSYoungGen: 2604832K(2632192K)->156180K(2625024K) Eden: 2468352K(2468352K)->0K(2468352K) From: 136480K(163840K)->156180K(156672K)
[5032.392s][info][gc,heap        ] GC(1194) ParOldGen: 4721907K(4722176K)->4811979K(4812288K)
[5032.392s][info][gc,metaspace   ] GC(1194) Metaspace: 29108K(29504K)->29108K(29504K) NonClass: 24218K(24384K)->24218K(24384K) Class: 4889K(5120K)->4889K(5120K)
[5032.392s][info][gc             ] GC(1194) Pause Young (Allocation Failure) 7155M->4851M(7263M) 106.386ms
[5032.392s][info][gc,cpu         ] GC(1194) User=0.60s Sys=0.03s Real=0.11s
..[5034.584s][info][gc,start       ] GC(1195) Pause Young (Allocation Failure)
[5034.685s][info][gc,heap        ] GC(1195) PSYoungGen: 2624532K(2625024K)->137952K(2630656K) Eden: 2468352K(2468352K)->0K(2464768K) From: 156180K(156672K)->137952K(165888K)
[5034.685s][info][gc,heap        ] GC(1195) ParOldGen: 4811979K(4812288K)->4905971K(4905984K)
[5034.685s][info][gc,metaspace   ] GC(1195) Metaspace: 29108K(29504K)->29108K(29504K) NonClass: 24218K(24384K)->24218K(24384K) Class: 4889K(5120K)->4889K(5120K)
[5034.685s][info][gc             ] GC(1195) Pause Young (Allocation Failure) 7262M->4925M(7360M) 100.675ms
[5034.685s][info][gc,cpu         ] GC(1195) User=0.57s Sys=0.03s Real=0.10s
.. (rIR:aIR:PR = 8441:8453:8452) (tPR = 126002) [OK] 
  5035s: Performance info:
         Transaction,    Success,    Partial,     Failed,   Receipts, AvgBarcode, 
             Overall,     512040,          0,          0,     486432,      59.48, 
         Response times:
             Request,    Success,    Partial,     Failed,   SkipFail,     Probes,    Samples,      min,      p50,      p90,      p95,      p99,      max, 
       TotalPurchase,     486530,          0,          0,          0,     362630,     406740,      300,     5000,    14400,    33000,    79000,   171000,
     InStorePurchase,     255776,          0,          0,          0,     191077,     213854,      300,     4900,    13900,    32000,    79000,   171000,
      OnlinePurchase,     179613,          0,          0,          0,     133855,     150421,      300,     5100,    14900,    33000,    80000,   158000,
        InstPurchase,      51141,          0,          0,          0,      37698,      42465,      500,     5300,    15000,    33000,    79000,   153000,
          AssocOfCat,        512,          0,          0,          0,        421,        551,    23000,    37000,    57000,    77400,   145480,   158000,
      AssocOfProduct,       5148,          0,          0,          0,       3653,       4298,      800,     5400,    13610,    34000,    77000,   131000,
      BusinessReport,       1278,          0,          0,          0,       1119,       1363,    27000,    45000,    78600,   107000,   162720,   207000,
          CustBuyBeh,       5100,          0,          0,          0,       3650,       4315,      200,     3300,    12700,    29000,    71000,   153000,
       ProductReturn,      13582,          0,          0,          0,       9407,      10928,      200,     5500,    15210,    35000,    79000,   152000,

  5035s: (62%)   IR =   8579 [5036.936s][info][gc,start       ] GC(1196) Pause Young (Allocation Failure)
[5037.042s][info][gc,heap        ] GC(1196) PSYoungGen: 2602720K(2630656K)->153840K(2618880K) Eden: 2464768K(2464768K)->0K(2464768K) From: 137952K(165888K)->153840K(154112K)
[5037.042s][info][gc,heap        ] GC(1196) ParOldGen: 4905971K(4905984K)->4994427K(4994560K)
[5037.042s][info][gc,metaspace   ] GC(1196) Metaspace: 29108K(29504K)->29108K(29504K) NonClass: 24218K(24384K)->24218K(24384K) Class: 4889K(5120K)->4889K(5120K)
[5037.042s][info][gc             ] GC(1196) Pause Young (Allocation Failure) 7332M->5027M(7435M) 106.144ms
[5037.042s][info][gc,cpu         ] GC(1196) User=0.60s Sys=0.02s Real=0.11s
..[5039.216s][info][gc,start       ] GC(1197) Pause Young (Allocation Failure)
[5039.314s][info][gc,heap        ] GC(1197) PSYoungGen: 2618608K(2618880K)->143232K(2630656K) Eden: 2464768K(2464768K)->0K(2464256K) From: 153840K(154112K)->143232K(166400K)
[5039.314s][info][gc,heap        ] GC(1197) ParOldGen: 4994427K(4994560K)->5086939K(5087232K)
[5039.314s][info][gc,metaspace   ] GC(1197) Metaspace: 29108K(29504K)->29108K(29504K) NonClass: 24218K(24384K)->24218K(24384K) Class: 4889K(5120K)->4889K(5120K)
[5039.314s][info][gc             ] GC(1197) Pause Young (Allocation Failure) 7434M->5107M(7537M) 98.900ms
[5039.314s][info][gc,cpu         ] GC(1197) User=0.56s Sys=0.03s Real=0.10s
...[5041.496s][info][gc,start       ] GC(1198) Pause Young (Allocation Failure)
[5041.598s][info][gc,heap        ] GC(1198) PSYoungGen: 2607488K(2630656K)->148052K(2612736K) Eden: 2464256K(2464256K)->0K(2464256K) From: 143232K(166400K)->148052K(148480K)
[5041.598s][info][gc,heap        ] GC(1198) ParOldGen: 5086939K(5087232K)->5179587K(5179904K)
[5041.598s][info][gc,metaspace   ] GC(1198) Metaspace: 29108K(29504K)->29108K(29504K) NonClass: 24218K(24384K)->24218K(24384K) Class: 4889K(5120K)->4889K(5120K)
[5041.598s][info][gc             ] GC(1198) Pause Young (Allocation Failure) 7514M->5202M(7610M) 102.530ms
[5041.598s][info][gc,cpu         ] GC(1198) User=0.58s Sys=0.02s Real=0.10s
..[5043.838s][info][gc,start       ] GC(1199) Pause Young (Allocation Failure)
[5043.939s][info][gc,heap        ] GC(1199) PSYoungGen: 2612308K(2612736K)->145476K(2629632K) Eden: 2464256K(2464256K)->0K(2465792K) From: 148052K(148480K)->145476K(163840K)
[5043.939s][info][gc,heap        ] GC(1199) ParOldGen: 5179587K(5179904K)->5269891K(5270016K)
[5043.939s][info][gc,metaspace   ] GC(1199) Metaspace: 29108K(29504K)->29108K(29504K) NonClass: 24218K(24384K)->24218K(24384K) Class: 4889K(5120K)->4889K(5120K)
[5043.939s][info][gc             ] GC(1199) Pause Young (Allocation Failure) 7609M->5288M(7714M) 101.027ms
[5043.940s][info][gc,cpu         ] GC(1199) User=0.57s Sys=0.03s Real=0.11s
..[5046.225s][info][gc,start       ] GC(1200) Pause Young (Allocation Failure)
[5046.326s][info][gc,heap        ] GC(1200) PSYoungGen: 2611268K(2629632K)->142112K(2628096K) Eden: 2465792K(2465792K)->0K(2465792K) From: 145476K(163840K)->142112K(162304K)
[5046.326s][info][gc,heap        ] GC(1200) ParOldGen: 5269891K(5270016K)->5361595K(5361664K)
[5046.326s][info][gc,metaspace   ] GC(1200) Metaspace: 29108K(29504K)->29108K(29504K) NonClass: 24218K(24384K)->24218K(24384K) Class: 4889K(5120K)->4889K(5120K)
[5046.326s][info][gc             ] GC(1200) Pause Young (Allocation Failure) 7696M->5374M(7802M) 100.871ms
[5046.326s][info][gc,cpu         ] GC(1200) User=0.57s Sys=0.02s Real=0.10s
...|[5048.538s][info][gc,start       ] GC(1201) Pause Young (Allocation Failure)
[5048.637s][info][gc,heap        ] GC(1201) PSYoungGen: 2607904K(2628096K)->135104K(2631680K) Eden: 2465792K(2465792K)->0K(2469888K) From: 142112K(162304K)->135104K(161792K)
[5048.637s][info][gc,heap        ] GC(1201) ParOldGen: 5361595K(5361664K)->5453171K(5453312K)
[5048.637s][info][gc,metaspace   ] GC(1201) Metaspace: 29108K(29504K)->29108K(29504K) NonClass: 24218K(24384K)->24218K(24384K) Class: 4889K(5120K)->4889K(5120K)
[5048.637s][info][gc             ] GC(1201) Pause Young (Allocation Failure) 7782M->5457M(7895M) 98.757ms
[5048.637s][info][gc,cpu         ] GC(1201) User=0.55s Sys=0.03s Real=0.10s
..[5050.955s][info][gc,start       ] GC(1202) Pause Young (Allocation Failure)
[5051.053s][info][gc,heap        ] GC(1202) PSYoungGen: 2604992K(2631680K)->140544K(2631680K) Eden: 2469888K(2469888K)->0K(2469888K) From: 135104K(161792K)->140544K(161792K)
[5051.053s][info][gc,heap        ] GC(1202) ParOldGen: 5453171K(5453312K)->5543531K(5543936K)
[5051.053s][info][gc,metaspace   ] GC(1202) Metaspace: 29108K(29504K)->29108K(29504K) NonClass: 24218K(24384K)->24218K(24384K) Class: 4889K(5120K)->4889K(5120K)
[5051.053s][info][gc             ] GC(1202) Pause Young (Allocation Failure) 7869M->5550M(7984M) 98.366ms
[5051.054s][info][gc,cpu         ] GC(1202) User=0.56s Sys=0.02s Real=0.10s
..[5053.257s][info][gc,start       ] GC(1203) Pause Full (Allocation Failure)
[5053.257s][info][gc,phases,start] GC(1203) Marking Phase
[5053.555s][info][gc,phases      ] GC(1203) Marking Phase 297.650ms
[5053.555s][info][gc,phases,start] GC(1203) Summary Phase
[5053.555s][info][gc,phases      ] GC(1203) Summary Phase 0.090ms
[5053.555s][info][gc,phases,start] GC(1203) Forward
[5053.688s][info][gc,phases      ] GC(1203) Forward 132.715ms
[5053.688s][info][gc,phases,start] GC(1203) Adjust Pointers
[5053.888s][info][gc,phases      ] GC(1203) Adjust Pointers 200.215ms
[5053.888s][info][gc,phases,start] GC(1203) Compaction Phase
[5054.015s][info][gc,phases      ] GC(1203) Compaction Phase 126.957ms
[5054.016s][info][gc,phases,start] GC(1203) Post Compact
[5054.023s][info][gc,phases      ] GC(1203) Post Compact 6.806ms
[5054.138s][info][gc,heap        ] GC(1203) PSYoungGen: 2610432K(2631680K)->0K(2633216K) Eden: 2469888K(2469888K)->0K(2472448K) From: 140544K(161792K)->0K(160768K)
[5054.138s][info][gc,heap        ] GC(1203) ParOldGen: 5543531K(5543936K)->1424679K(1678848K)
[5054.138s][info][gc,metaspace   ] GC(1203) Metaspace: 29108K(29504K)->29108K(29504K) NonClass: 24218K(24384K)->24218K(24384K) Class: 4889K(5120K)->4889K(5120K)
[5054.138s][info][gc             ] GC(1203) Pause Full (Allocation Failure) 7962M->1391M(4211M) 880.874ms
[5054.138s][info][gc,cpu         ] GC(1203) User=4.07s Sys=0.12s Real=0.88s
..[5055.577s][info][gc,start       ] GC(1204) Pause Young (Allocation Failure)
[5055.639s][info][gc,heap        ] GC(1204) PSYoungGen: 2472448K(2633216K)->136464K(2633216K) Eden: 2472448K(2472448K)->0K(2472448K) From: 0K(160768K)->136464K(160768K)
[5055.639s][info][gc,heap        ] GC(1204) ParOldGen: 1424679K(1678848K)->1424679K(1678848K)
[5055.639s][info][gc,metaspace   ] GC(1204) Metaspace: 29108K(29504K)->29108K(29504K) NonClass: 24218K(24384K)->24218K(24384K) Class: 4889K(5120K)->4889K(5120K)
[5055.639s][info][gc             ] GC(1204) Pause Young (Allocation Failure) 3805M->1524M(4211M) 62.401ms
[5055.639s][info][gc,cpu         ] GC(1204) User=0.36s Sys=0.00s Real=0.06s
..[5057.937s][info][gc,start       ] GC(1205) Pause Young (Allocation Failure)
[5058.032s][info][gc,heap        ] GC(1205) PSYoungGen: 2608912K(2633216K)->148336K(2635264K) Eden: 2472448K(2472448K)->0K(2474496K) From: 136464K(160768K)->148336K(160768K)
[5058.032s][info][gc,heap        ] GC(1205) ParOldGen: 1424679K(1678848K)->1516863K(1678848K)
[5058.032s][info][gc,metaspace   ] GC(1205) Metaspace: 29108K(29504K)->29108K(29504K) NonClass: 24218K(24384K)->24218K(24384K) Class: 4889K(5120K)->4889K(5120K)
[5058.032s][info][gc             ] GC(1205) Pause Young (Allocation Failure) 3939M->1626M(4213M) 95.527ms
[5058.032s][info][gc,cpu         ] GC(1205) User=0.57s Sys=0.00s Real=0.10s
..[5060.273s][info][gc,start       ] GC(1206) Pause Young (Allocation Failure)
[5060.365s][info][gc,heap        ] GC(1206) PSYoungGen: 2622832K(2635264K)->143328K(2617856K) Eden: 2474496K(2474496K)->0K(2474496K) From: 148336K(160768K)->143328K(143360K)
[5060.365s][info][gc,heap        ] GC(1206) ParOldGen: 1516863K(1678848K)->1607671K(1678848K)
[5060.365s][info][gc,metaspace   ] GC(1206) Metaspace: 29108K(29504K)->29108K(29504K) NonClass: 24218K(24384K)->24218K(24384K) Class: 4889K(5120K)->4889K(5120K)
[5060.365s][info][gc             ] GC(1206) Pause Young (Allocation Failure) 4042M->1709M(4196M) 91.448ms
[5060.365s][info][gc,cpu         ] GC(1206) User=0.54s Sys=0.00s Real=0.09s
...[5062.665s][info][gc,start       ] GC(1207) Pause Young (Allocation Failure)
[5062.756s][info][gc,heap        ] GC(1207) PSYoungGen: 2617824K(2617856K)->138048K(2634240K) Eden: 2474496K(2474496K)->0K(2475008K) From: 143328K(143360K)->138048K(159232K)
[5062.756s][info][gc,heap        ] GC(1207) ParOldGen: 1607671K(1678848K)->1700055K(1700352K)
[5062.756s][info][gc,metaspace   ] GC(1207) Metaspace: 29108K(29504K)->29108K(29504K) NonClass: 24218K(24384K)->24218K(24384K) Class: 4889K(5120K)->4889K(5120K)
[5062.756s][info][gc             ] GC(1207) Pause Young (Allocation Failure) 4126M->1795M(4233M) 90.802ms
[5062.756s][info][gc,cpu         ] GC(1207) User=0.54s Sys=0.01s Real=0.09s
..[5064.940s][info][gc,start       ] GC(1208) Pause Young (Allocation Failure)
[5065.038s][info][gc,heap        ] GC(1208) PSYoungGen: 2613056K(2634240K)->143584K(2633728K) Eden: 2475008K(2475008K)->0K(2475008K) From: 138048K(159232K)->143584K(158720K)
[5065.038s][info][gc,heap        ] GC(1208) ParOldGen: 1700055K(1700352K)->1793711K(1794048K)
[5065.038s][info][gc,metaspace   ] GC(1208) Metaspace: 29108K(29504K)->29108K(29504K) NonClass: 24218K(24384K)->24218K(24384K) Class: 4889K(5120K)->4889K(5120K)
[5065.038s][info][gc             ] GC(1208) Pause Young (Allocation Failure) 4212M->1891M(4324M) 98.344ms
[5065.038s][info][gc,cpu         ] GC(1208) User=0.56s Sys=0.03s Real=0.09s
..[5067.308s][info][gc,start       ] GC(1209) Pause Young (Allocation Failure)
[5067.406s][info][gc,heap        ] GC(1209) PSYoungGen: 2617983K(2633728K)->143712K(2636288K) Eden: 2474399K(2475008K)->0K(2479104K) From: 143584K(158720K)->143712K(157184K)
[5067.406s][info][gc,heap        ] GC(1209) ParOldGen: 1793711K(1794048K)->1884567K(1884672K)
[5067.406s][info][gc,metaspace   ] GC(1209) Metaspace: 29108K(29504K)->29108K(29504K) NonClass: 24218K(24384K)->24218K(24384K) Class: 4889K(5120K)->4889K(5120K)
[5067.407s][info][gc             ] GC(1209) Pause Young (Allocation Failure) 4308M->1980M(4415M) 98.316ms
[5067.407s][info][gc,cpu         ] GC(1209) User=0.56s Sys=0.02s Real=0.10s
...[5069.567s][info][gc,start       ] GC(1210) Pause Young (Allocation Failure)
[5069.661s][info][gc,heap        ] GC(1210) PSYoungGen: 2622816K(2636288K)->136704K(2635264K) Eden: 2479104K(2479104K)->0K(2479104K) From: 143712K(157184K)->136704K(156160K)
[5069.661s][info][gc,heap        ] GC(1210) ParOldGen: 1884567K(1884672K)->1976423K(1976832K)
[5069.661s][info][gc,metaspace   ] GC(1210) Metaspace: 29108K(29504K)->29108K(29504K) NonClass: 24218K(24384K)->24218K(24384K) Class: 4889K(5120K)->4889K(5120K)
[5069.661s][info][gc             ] GC(1210) Pause Young (Allocation Failure) 4401M->2063M(4504M) 93.965ms
[5069.661s][info][gc,cpu         ] GC(1210) User=0.53s Sys=0.03s Real=0.10s
..[5071.978s][info][gc,start       ] GC(1211) Pause Young (Allocation Failure)
[5072.079s][info][gc,heap        ] GC(1211) PSYoungGen: 2615808K(2635264K)->149493K(2637824K) Eden: 2479104K(2479104K)->0K(2481664K) From: 136704K(156160K)->149493K(156160K)
[5072.079s][info][gc,heap        ] GC(1211) ParOldGen: 1976423K(1976832K)->2068103K(2068480K)
[5072.079s][info][gc,metaspace   ] GC(1211) Metaspace: 29108K(29504K)->29108K(29504K) NonClass: 24218K(24384K)->24218K(24384K) Class: 4889K(5120K)->4889K(5120K)
[5072.079s][info][gc             ] GC(1211) Pause Young (Allocation Failure) 4484M->2165M(4596M) 101.371ms
[5072.079s][info][gc,cpu         ] GC(1211) User=0.56s Sys=0.04s Real=0.10s
..[5074.318s][info][gc,start       ] GC(1212) Pause Young (Allocation Failure)
[5074.421s][info][gc,heap        ] GC(1212) PSYoungGen: 2631157K(2637824K)->145248K(2638848K) Eden: 2481664K(2481664K)->0K(2481664K) From: 149493K(156160K)->145248K(157184K)
[5074.421s][info][gc,heap        ] GC(1212) ParOldGen: 2068103K(2068480K)->2161167K(2161664K)
[5074.421s][info][gc,metaspace   ] GC(1212) Metaspace: 29108K(29504K)->29108K(29504K) NonClass: 24218K(24384K)->24218K(24384K) Class: 4889K(5120K)->4889K(5120K)
[5074.421s][info][gc             ] GC(1212) Pause Young (Allocation Failure) 4589M->2252M(4688M) 102.227ms
[5074.421s][info][gc,cpu         ] GC(1212) User=0.59s Sys=0.03s Real=0.11s
...[5076.657s][info][gc,start       ] GC(1213) Pause Young (Allocation Failure)
[5076.752s][info][gc,heap        ] GC(1213) PSYoungGen: 2626912K(2638848K)->136960K(2637312K) Eden: 2481664K(2481664K)->0K(2482176K) From: 145248K(157184K)->136960K(155136K)
[5076.752s][info][gc,heap        ] GC(1213) ParOldGen: 2161167K(2161664K)->2252463K(2252800K)
[5076.752s][info][gc,metaspace   ] GC(1213) Metaspace: 29108K(29504K)->29108K(29504K) NonClass: 24218K(24384K)->24218K(24384K) Class: 4889K(5120K)->4889K(5120K)
[5076.752s][info][gc             ] GC(1213) Pause Young (Allocation Failure) 4675M->2333M(4775M) 94.670ms
[5076.752s][info][gc,cpu         ] GC(1213) User=0.52s Sys=0.04s Real=0.10s
..[5079.038s][info][gc,start       ] GC(1214) Pause Young (Allocation Failure)
[5079.137s][info][gc,heap        ] GC(1214) PSYoungGen: 2619136K(2637312K)->147600K(2638336K) Eden: 2482176K(2482176K)->0K(2482176K) From: 136960K(155136K)->147600K(156160K)
[5079.137s][info][gc,heap        ] GC(1214) ParOldGen: 2252463K(2252800K)->2343799K(2343936K)
[5079.137s][info][gc,metaspace   ] GC(1214) Metaspace: 29108K(29504K)->29108K(29504K) NonClass: 24218K(24384K)->24218K(24384K) Class: 4889K(5120K)->4889K(5120K)
[5079.137s][info][gc             ] GC(1214) Pause Young (Allocation Failure) 4757M->2433M(4865M) 99.508ms
[5079.137s][info][gc,cpu         ] GC(1214) User=0.57s Sys=0.03s Real=0.10s
..[5081.444s][info][gc,start       ] GC(1215) Pause Young (Allocation Failure)
[5081.543s][info][gc,heap        ] GC(1215) PSYoungGen: 2629776K(2638336K)->149136K(2637312K) Eden: 2482176K(2482176K)->0K(2480640K) From: 147600K(156160K)->149136K(156672K)
[5081.543s][info][gc,heap        ] GC(1215) ParOldGen: 2343799K(2343936K)->2434503K(2434560K)
[5081.543s][info][gc,metaspace   ] GC(1215) Metaspace: 29108K(29504K)->29108K(29504K) NonClass: 24218K(24384K)->24218K(24384K) Class: 4889K(5120K)->4889K(5120K)
[5081.543s][info][gc             ] GC(1215) Pause Young (Allocation Failure) 4857M->2523M(4953M) 99.321ms
[5081.543s][info][gc,cpu         ] GC(1215) User=0.58s Sys=0.02s Real=0.10s
...[5083.772s][info][gc,start       ] GC(1216) Pause Young (Allocation Failure)
[5083.871s][info][gc,heap        ] GC(1216) PSYoungGen: 2629776K(2637312K)->142377K(2638336K) Eden: 2480640K(2480640K)->0K(2480640K) From: 149136K(156672K)->142377K(157696K)
[5083.871s][info][gc,heap        ] GC(1216) ParOldGen: 2434503K(2434560K)->2526951K(2527232K)
[5083.871s][info][gc,metaspace   ] GC(1216) Metaspace: 29108K(29504K)->29108K(29504K) NonClass: 24218K(24384K)->24218K(24384K) Class: 4889K(5120K)->4889K(5120K)
[5083.871s][info][gc             ] GC(1216) Pause Young (Allocation Failure) 4945M->2606M(5044M) 98.846ms
[5083.871s][info][gc,cpu         ] GC(1216) User=0.55s Sys=0.02s Real=0.10s
..[5086.144s][info][gc,start       ] GC(1217) Pause Young (Allocation Failure)
[5086.242s][info][gc,heap        ] GC(1217) PSYoungGen: 2623017K(2638336K)->143424K(2635264K) Eden: 2480640K(2480640K)->0K(2481664K) From: 142377K(157696K)->143424K(153600K)
[5086.242s][info][gc,heap        ] GC(1217) ParOldGen: 2526951K(2527232K)->2618807K(2618880K)
[5086.242s][info][gc,metaspace   ] GC(1217) Metaspace: 29108K(29504K)->29108K(29504K) NonClass: 24218K(24384K)->24218K(24384K) Class: 4889K(5120K)->4889K(5120K)
[5086.242s][info][gc             ] GC(1217) Pause Young (Allocation Failure) 5029M->2697M(5131M) 97.995ms
[5086.242s][info][gc,cpu         ] GC(1217) User=0.55s Sys=0.03s Real=0.10s
...[5088.562s][info][gc,start       ] GC(1218) Pause Young (Allocation Failure)
[5088.661s][info][gc,heap        ] GC(1218) PSYoungGen: 2625088K(2635264K)->143072K(2636800K) Eden: 2481664K(2481664K)->0K(2481664K) From: 143424K(153600K)->143072K(155136K)
[5088.661s][info][gc,heap        ] GC(1218) ParOldGen: 2618807K(2618880K)->2708943K(2708992K)
[5088.661s][info][gc,metaspace   ] GC(1218) Metaspace: 29108K(29504K)->29108K(29504K) NonClass: 24218K(24384K)->24218K(24384K) Class: 4889K(5120K)->4889K(5120K)
[5088.661s][info][gc             ] GC(1218) Pause Young (Allocation Failure) 5120M->2785M(5220M) 98.208ms
[5088.661s][info][gc,cpu         ] GC(1218) User=0.55s Sys=0.03s Real=0.10s
..[5090.901s][info][gc,start       ] GC(1219) Pause Young (Allocation Failure)
[5091.001s][info][gc,heap        ] GC(1219) PSYoungGen: 2624736K(2636800K)->144608K(2639360K) Eden: 2481664K(2481664K)->0K(2486784K) From: 143072K(155136K)->144608K(152576K)
[5091.001s][info][gc,heap        ] GC(1219) ParOldGen: 2708943K(2708992K)->2802471K(2802688K)
[5091.001s][info][gc,metaspace   ] GC(1219) Metaspace: 29108K(29504K)->29108K(29504K) NonClass: 24218K(24384K)->24218K(24384K) Class: 4889K(5120K)->4889K(5120K)
[5091.001s][info][gc             ] GC(1219) Pause Young (Allocation Failure) 5208M->2878M(5314M) 100.447ms
[5091.001s][info][gc,cpu         ] GC(1219) User=0.56s Sys=0.03s Real=0.10s
..[5093.180s][info][gc,start       ] GC(1220) Pause Young (Allocation Failure)
[5093.277s][info][gc,heap        ] GC(1220) PSYoungGen: 2631392K(2639360K)->139200K(2640384K) Eden: 2486784K(2486784K)->0K(2486784K) From: 144608K(152576K)->139200K(153600K)
[5093.277s][info][gc,heap        ] GC(1220) ParOldGen: 2802471K(2802688K)->2896343K(2896384K)
[5093.277s][info][gc,metaspace   ] GC(1220) Metaspace: 29108K(29504K)->29108K(29504K) NonClass: 24218K(24384K)->24218K(24384K) Class: 4889K(5120K)->4889K(5120K)
[5093.277s][info][gc             ] GC(1220) Pause Young (Allocation Failure) 5306M->2964M(5407M) 96.913ms
[5093.277s][info][gc,cpu         ] GC(1220) User=0.54s Sys=0.04s Real=0.09s
..[5095.523s][info][gc,start       ] GC(1221) Pause Young (Allocation Failure)
[5095.623s][info][gc,heap        ] GC(1221) PSYoungGen: 2625984K(2640384K)->143701K(2640384K) Eden: 2486784K(2486784K)->0K(2488832K) From: 139200K(153600K)->143701K(151552K)
[5095.623s][info][gc,heap        ] GC(1221) ParOldGen: 2896343K(2896384K)->2985583K(2985984K)
[5095.623s][info][gc,metaspace   ] GC(1221) Metaspace: 29108K(29504K)->29108K(29504K) NonClass: 24218K(24384K)->24218K(24384K) Class: 4889K(5120K)->4889K(5120K)
[5095.623s][info][gc             ] GC(1221) Pause Young (Allocation Failure) 5392M->3055M(5494M) 100.058ms
[5095.624s][info][gc,cpu         ] GC(1221) User=0.56s Sys=0.04s Real=0.10s
...[5097.885s][info][gc,start       ] GC(1222) Pause Young (Allocation Failure)
[5097.986s][info][gc,heap        ] GC(1222) PSYoungGen: 2632533K(2640384K)->144624K(2641408K) Eden: 2488832K(2488832K)->0K(2488832K) From: 143701K(151552K)->144624K(152576K)
[5097.986s][info][gc,heap        ] GC(1222) ParOldGen: 2985583K(2985984K)->3078319K(3078656K)
[5097.986s][info][gc,metaspace   ] GC(1222) Metaspace: 29108K(29504K)->29108K(29504K) NonClass: 24218K(24384K)->24218K(24384K) Class: 4889K(5120K)->4889K(5120K)
[5097.986s][info][gc             ] GC(1222) Pause Young (Allocation Failure) 5486M->3147M(5586M) 100.593ms
[5097.986s][info][gc,cpu         ] GC(1222) User=0.57s Sys=0.03s Real=0.10s
..[5100.185s][info][gc,start       ] GC(1223) Pause Young (Allocation Failure)
[5100.290s][info][gc,heap        ] GC(1223) PSYoungGen: 2633456K(2641408K)->152058K(2571264K) Eden: 2488832K(2488832K)->0K(2419200K) From: 144624K(152576K)->152058K(152064K)
[5100.290s][info][gc,heap        ] GC(1223) ParOldGen: 3078319K(3078656K)->3170431K(3170816K)
[5100.290s][info][gc,metaspace   ] GC(1223) Metaspace: 29108K(29504K)->29108K(29504K) NonClass: 24218K(24384K)->24218K(24384K) Class: 4889K(5120K)->4889K(5120K)
[5100.290s][info][gc             ] GC(1223) Pause Young (Allocation Failure) 5577M->3244M(5607M) 105.106ms
[5100.290s][info][gc,cpu         ] GC(1223) User=0.59s Sys=0.03s Real=0.11s
..[5102.467s][info][gc,start       ] GC(1224) Pause Young (Allocation Failure)
[5102.568s][info][gc,heap        ] GC(1224) PSYoungGen: 2571258K(2571264K)->144752K(2607616K) Eden: 2419200K(2419200K)->0K(2419200K) From: 152058K(152064K)->144752K(188416K)
[5102.568s][info][gc,heap        ] GC(1224) ParOldGen: 3170431K(3170816K)->3264591K(3265024K)
[5102.568s][info][gc,metaspace   ] GC(1224) Metaspace: 29108K(29504K)->29108K(29504K) NonClass: 24218K(24384K)->24218K(24384K) Class: 4889K(5120K)->4889K(5120K)
[5102.568s][info][gc             ] GC(1224) Pause Young (Allocation Failure) 5607M->3329M(5735M) 101.080ms
[5102.568s][info][gc,cpu         ] GC(1224) User=0.58s Sys=0.03s Real=0.10s
...[5104.816s][info][gc,start       ] GC(1225) Pause Young (Allocation Failure)
[5104.912s][info][gc,heap        ] GC(1225) PSYoungGen: 2563952K(2607616K)->139680K(2603520K) Eden: 2419200K(2419200K)->0K(2421248K) From: 144752K(188416K)->139680K(182272K)
[5104.912s][info][gc,heap        ] GC(1225) ParOldGen: 3264591K(3265024K)->3353319K(3353600K)
[5104.912s][info][gc,metaspace   ] GC(1225) Metaspace: 29108K(29504K)->29108K(29504K) NonClass: 24218K(24384K)->24218K(24384K) Class: 4889K(5120K)->4889K(5120K)
[5104.912s][info][gc             ] GC(1225) Pause Young (Allocation Failure) 5691M->3411M(5817M) 96.470ms
[5104.912s][info][gc,cpu         ] GC(1225) User=0.54s Sys=0.03s Real=0.10s
..[5107.042s][info][gc,start       ] GC(1226) Pause Young (Allocation Failure)
[5107.137s][info][gc,heap        ] GC(1226) PSYoungGen: 2560928K(2603520K)->135168K(2606592K) Eden: 2421248K(2421248K)->0K(2421248K) From: 139680K(182272K)->135168K(185344K)
[5107.138s][info][gc,heap        ] GC(1226) ParOldGen: 3353319K(3353600K)->3446775K(3446784K)
[5107.138s][info][gc,metaspace   ] GC(1226) Metaspace: 29108K(29504K)->29108K(29504K) NonClass: 24218K(24384K)->24218K(24384K) Class: 4889K(5120K)->4889K(5120K)
[5107.138s][info][gc             ] GC(1226) Pause Young (Allocation Failure) 5775M->3497M(5911M) 95.910ms
[5107.138s][info][gc,cpu         ] GC(1226) User=0.54s Sys=0.03s Real=0.09s
.. (rIR:aIR:PR = 8579:8592:8592) (tPR = 127579) [OK] 
  5108s: Performance info:
         Transaction,    Success,    Partial,     Failed,   Receipts, AvgBarcode, 
             Overall,     517824,          0,          0,     491876,      59.47, 
         Response times:
             Request,    Success,    Partial,     Failed,   SkipFail,     Probes,    Samples,      min,      p50,      p90,      p95,      p99,      max, 
       TotalPurchase,     491865,          0,          0,          0,     355276,     436911,      300,     5400,    21000,    50000,   148000,   228000,
     InStorePurchase,     259029,          0,          0,          0,     186635,     229126,      300,     5400,    21000,    49000,   168000,   228000,
      OnlinePurchase,     181091,          0,          0,          0,     130690,     160743,      300,     5600,    22000,    51000,   106000,   228000,
        InstPurchase,      51745,          0,          0,          0,      37951,      47042,      400,     5200,    21000,    49000,   148000,   223000,
          AssocOfCat,        516,          0,          0,          0,        401,        561,    19600,    35000,    64000,   100800,   315000,  1100000,
      AssocOfProduct,       5142,          0,          0,          0,       3667,       4800,      600,     4900,    21000,    50950,   101000,   196000,
      BusinessReport,       1286,          0,          0,          0,       1148,       1542,    21000,    45000,    82000,   116700,   221000,   960000,
          CustBuyBeh,       5248,          0,          0,          0,       3649,       4695,      200,     3100,    15300,    41000,    94000,   191000,
       ProductReturn,      13762,          0,          0,          0,       9404,      11712,      200,     4500,    21000,    50000,   101000,   223000,

  5108s: (63%)   IR =   8717 [5109.449s][info][gc,start       ] GC(1227) Pause Young (Allocation Failure)
[5109.547s][info][gc,heap        ] GC(1227) PSYoungGen: 2556416K(2606592K)->145727K(2605056K) Eden: 2421248K(2421248K)->0K(2425856K) From: 135168K(185344K)->145727K(179200K)
[5109.547s][info][gc,heap        ] GC(1227) ParOldGen: 3446775K(3446784K)->3535455K(3535872K)
[5109.547s][info][gc,metaspace   ] GC(1227) Metaspace: 29108K(29504K)->29108K(29504K) NonClass: 24218K(24384K)->24218K(24384K) Class: 4889K(5120K)->4889K(5120K)
[5109.547s][info][gc             ] GC(1227) Pause Young (Allocation Failure) 5862M->3594M(5997M) 98.598ms
[5109.548s][info][gc,cpu         ] GC(1227) User=0.56s Sys=0.02s Real=0.10s
..[5111.681s][info][gc,start       ] GC(1228) Pause Young (Allocation Failure)
[5111.777s][info][gc,heap        ] GC(1228) PSYoungGen: 2571583K(2605056K)->133056K(2608128K) Eden: 2425856K(2425856K)->0K(2425856K) From: 145727K(179200K)->133056K(182272K)
[5111.777s][info][gc,heap        ] GC(1228) ParOldGen: 3535455K(3535872K)->3628511K(3628544K)
[5111.777s][info][gc,metaspace   ] GC(1228) Metaspace: 29108K(29504K)->29108K(29504K) NonClass: 24218K(24384K)->24218K(24384K) Class: 4889K(5120K)->4889K(5120K)
[5111.777s][info][gc             ] GC(1228) Pause Young (Allocation Failure) 5963M->3673M(6090M) 95.963ms
[5111.777s][info][gc,cpu         ] GC(1228) User=0.54s Sys=0.03s Real=0.09s
...[5113.965s][info][gc,start       ] GC(1229) Pause Young (Allocation Failure)
[5114.063s][info][gc,heap        ] GC(1229) PSYoungGen: 2558912K(2608128K)->144192K(2607104K) Eden: 2425856K(2425856K)->0K(2432000K) From: 133056K(182272K)->144192K(175104K)
[5114.063s][info][gc,heap        ] GC(1229) ParOldGen: 3628511K(3628544K)->3717039K(3717120K)
[5114.063s][info][gc,metaspace   ] GC(1229) Metaspace: 29108K(29504K)->29108K(29504K) NonClass: 24218K(24384K)->24218K(24384K) Class: 4889K(5120K)->4889K(5120K)
[5114.063s][info][gc             ] GC(1229) Pause Young (Allocation Failure) 6042M->3770M(6176M) 97.775ms
[5114.063s][info][gc,cpu         ] GC(1229) User=0.56s Sys=0.03s Real=0.10s
.|.[5116.215s][info][gc,start       ] GC(1230) Pause Young (Allocation Failure)
[5116.312s][info][gc,heap        ] GC(1230) PSYoungGen: 2576192K(2607104K)->138944K(2610688K) Eden: 2432000K(2432000K)->0K(2432000K) From: 144192K(175104K)->138944K(178688K)
[5116.312s][info][gc,heap        ] GC(1230) ParOldGen: 3717039K(3717120K)->3810687K(3810816K)
[5116.312s][info][gc,metaspace   ] GC(1230) Metaspace: 29108K(29504K)->29108K(29504K) NonClass: 24218K(24384K)->24218K(24384K) Class: 4889K(5120K)->4889K(5120K)
[5116.312s][info][gc             ] GC(1230) Pause Young (Allocation Failure) 6145M->3857M(6271M) 97.533ms
[5116.312s][info][gc,cpu         ] GC(1230) User=0.55s Sys=0.03s Real=0.10s
..[5118.423s][info][gc,start       ] GC(1231) Pause Young (Allocation Failure)
[5118.525s][info][gc,heap        ] GC(1231) PSYoungGen: 2570944K(2610688K)->149824K(2611712K) Eden: 2432000K(2432000K)->0K(2440192K) From: 138944K(178688K)->149824K(171520K)
[5118.525s][info][gc,heap        ] GC(1231) ParOldGen: 3810687K(3810816K)->3901543K(3901952K)
[5118.525s][info][gc,metaspace   ] GC(1231) Metaspace: 29108K(29504K)->29108K(29504K) NonClass: 24218K(24384K)->24218K(24384K) Class: 4889K(5120K)->4889K(5120K)
[5118.525s][info][gc             ] GC(1231) Pause Young (Allocation Failure) 6232M->3956M(6361M) 101.575ms
[5118.525s][info][gc,cpu         ] GC(1231) User=0.57s Sys=0.03s Real=0.10s
..[5120.670s][info][gc,start       ] GC(1232) Pause Young (Allocation Failure)
[5120.771s][info][gc,heap        ] GC(1232) PSYoungGen: 2590016K(2611712K)->142261K(2615296K) Eden: 2440192K(2440192K)->0K(2440192K) From: 149824K(171520K)->142261K(175104K)
[5120.771s][info][gc,heap        ] GC(1232) ParOldGen: 3901543K(3901952K)->3992967K(3993088K)
[5120.771s][info][gc,metaspace   ] GC(1232) Metaspace: 29108K(29504K)->29108K(29504K) NonClass: 24218K(24384K)->24218K(24384K) Class: 4889K(5120K)->4889K(5120K)
[5120.771s][info][gc             ] GC(1232) Pause Young (Allocation Failure) 6339M->4038M(6453M) 101.141ms
[5120.771s][info][gc,cpu         ] GC(1232) User=0.56s Sys=0.03s Real=0.10s
..[5122.831s][info][gc,start       ] GC(1233) Pause Young (Allocation Failure)
[5122.927s][info][gc,heap        ] GC(1233) PSYoungGen: 2582453K(2615296K)->139936K(2616320K) Eden: 2440192K(2440192K)->0K(2447872K) From: 142261K(175104K)->139936K(168448K)
[5122.928s][info][gc,heap        ] GC(1233) ParOldGen: 3992967K(3993088K)->4082855K(4083200K)
[5122.928s][info][gc,metaspace   ] GC(1233) Metaspace: 29108K(29504K)->29108K(29504K) NonClass: 24218K(24384K)->24218K(24384K) Class: 4889K(5120K)->4889K(5120K)
[5122.928s][info][gc             ] GC(1233) Pause Young (Allocation Failure) 6421M->4123M(6542M) 96.668ms
[5122.928s][info][gc,cpu         ] GC(1233) User=0.54s Sys=0.02s Real=0.09s
...[5125.151s][info][gc,start       ] GC(1234) Pause Young (Allocation Failure)
[5125.253s][info][gc,heap        ] GC(1234) PSYoungGen: 2587808K(2616320K)->142880K(2619392K) Eden: 2447872K(2447872K)->0K(2447872K) From: 139936K(168448K)->142880K(171520K)
[5125.253s][info][gc,heap        ] GC(1234) ParOldGen: 4082855K(4083200K)->4176055K(4176384K)
[5125.253s][info][gc,metaspace   ] GC(1234) Metaspace: 29108K(29504K)->29108K(29504K) NonClass: 24218K(24384K)->24218K(24384K) Class: 4889K(5120K)->4889K(5120K)
[5125.253s][info][gc             ] GC(1234) Pause Young (Allocation Failure) 6514M->4217M(6636M) 101.496ms
[5125.253s][info][gc,cpu         ] GC(1234) User=0.57s Sys=0.03s Real=0.10s
..[5127.438s][info][gc,start       ] GC(1235) Pause Young (Allocation Failure)
[5127.541s][info][gc,heap        ] GC(1235) PSYoungGen: 2590752K(2619392K)->150363K(2622464K) Eden: 2447872K(2447872K)->0K(2455040K) From: 142880K(171520K)->150363K(167424K)
[5127.541s][info][gc,heap        ] GC(1235) ParOldGen: 4176055K(4176384K)->4267127K(4267520K)
[5127.541s][info][gc,metaspace   ] GC(1235) Metaspace: 29108K(29504K)->29108K(29504K) NonClass: 24218K(24384K)->24218K(24384K) Class: 4889K(5120K)->4889K(5120K)
[5127.541s][info][gc             ] GC(1235) Pause Young (Allocation Failure) 6608M->4313M(6728M) 103.505ms
[5127.541s][info][gc,cpu         ] GC(1235) User=0.58s Sys=0.03s Real=0.11s
..[5129.737s][info][gc,start       ] GC(1236) Pause Young (Allocation Failure)
[5129.838s][info][gc,heap        ] GC(1236) PSYoungGen: 2605403K(2622464K)->141840K(2624000K) Eden: 2455040K(2455040K)->0K(2455040K) From: 150363K(167424K)->141840K(168960K)
[5129.838s][info][gc,heap        ] GC(1236) ParOldGen: 4267127K(4267520K)->4360343K(4360704K)
[5129.838s][info][gc,metaspace   ] GC(1236) Metaspace: 29108K(29504K)->29108K(29504K) NonClass: 24218K(24384K)->24218K(24384K) Class: 4889K(5120K)->4889K(5120K)
[5129.838s][info][gc             ] GC(1236) Pause Young (Allocation Failure) 6711M->4396M(6821M) 101.098ms
[5129.838s][info][gc,cpu         ] GC(1236) User=0.57s Sys=0.03s Real=0.10s
...[5132.067s][info][gc,start       ] GC(1237) Pause Young (Allocation Failure)
[5132.165s][info][gc,heap        ] GC(1237) PSYoungGen: 2596880K(2624000K)->139744K(2625024K) Eden: 2455040K(2455040K)->0K(2459648K) From: 141840K(168960K)->139744K(165376K)
[5132.165s][info][gc,heap        ] GC(1237) ParOldGen: 4360343K(4360704K)->4449799K(4450304K)
[5132.165s][info][gc,metaspace   ] GC(1237) Metaspace: 29108K(29504K)->29108K(29504K) NonClass: 24218K(24384K)->24218K(24384K) Class: 4889K(5120K)->4889K(5120K)
[5132.165s][info][gc             ] GC(1237) Pause Young (Allocation Failure) 6794M->4481M(6909M) 97.834ms
[5132.165s][info][gc,cpu         ] GC(1237) User=0.54s Sys=0.03s Real=0.10s
..[5134.363s][info][gc,start       ] GC(1238) Pause Young (Allocation Failure)
[5134.465s][info][gc,heap        ] GC(1238) PSYoungGen: 2599392K(2625024K)->148032K(2626048K) Eden: 2459648K(2459648K)->0K(2459648K) From: 139744K(165376K)->148032K(166400K)
[5134.465s][info][gc,heap        ] GC(1238) ParOldGen: 4449799K(4450304K)->4540543K(4540928K)
[5134.465s][info][gc,metaspace   ] GC(1238) Metaspace: 29108K(29504K)->29108K(29504K) NonClass: 24218K(24384K)->24218K(24384K) Class: 4889K(5120K)->4889K(5120K)
[5134.465s][info][gc             ] GC(1238) Pause Young (Allocation Failure) 6883M->4578M(6999M) 102.273ms
[5134.466s][info][gc,cpu         ] GC(1238) User=0.58s Sys=0.03s Real=0.10s
..[5136.599s][info][gc,start       ] GC(1239) Pause Young (Allocation Failure)
[5136.698s][info][gc,heap        ] GC(1239) PSYoungGen: 2607680K(2626048K)->139380K(2627584K) Eden: 2459648K(2459648K)->0K(2464256K) From: 148032K(166400K)->139380K(163328K)
[5136.698s][info][gc,heap        ] GC(1239) ParOldGen: 4540543K(4540928K)->4633047K(4633088K)
[5136.698s][info][gc,metaspace   ] GC(1239) Metaspace: 29108K(29504K)->29108K(29504K) NonClass: 24218K(24384K)->24218K(24384K) Class: 4889K(5120K)->4889K(5120K)
[5136.698s][info][gc             ] GC(1239) Pause Young (Allocation Failure) 6980M->4660M(7090M) 99.183ms
[5136.698s][info][gc,cpu         ] GC(1239) User=0.55s Sys=0.03s Real=0.10s
..[5138.897s][info][gc,start       ] GC(1240) Pause Young (Allocation Failure)
[5138.999s][info][gc,heap        ] GC(1240) PSYoungGen: 2603636K(2627584K)->143892K(2628608K) Eden: 2464256K(2464256K)->0K(2464256K) From: 139380K(163328K)->143892K(164352K)
[5138.999s][info][gc,heap        ] GC(1240) ParOldGen: 4633047K(4633088K)->4723615K(4723712K)
[5138.999s][info][gc,metaspace   ] GC(1240) Metaspace: 29108K(29504K)->29108K(29504K) NonClass: 24218K(24384K)->24218K(24384K) Class: 4889K(5120K)->4889K(5120K)
[5138.999s][info][gc             ] GC(1240) Pause Young (Allocation Failure) 7067M->4753M(7180M) 101.916ms
[5138.999s][info][gc,cpu         ] GC(1240) User=0.58s Sys=0.02s Real=0.10s
...[5141.273s][info][gc,start       ] GC(1241) Pause Young (Allocation Failure)
[5141.374s][info][gc,heap        ] GC(1241) PSYoungGen: 2608148K(2628608K)->145152K(2629632K) Eden: 2464256K(2464256K)->0K(2469376K) From: 143892K(164352K)->145152K(160256K)
[5141.374s][info][gc,heap        ] GC(1241) ParOldGen: 4723615K(4723712K)->4814167K(4814336K)
[5141.374s][info][gc,metaspace   ] GC(1241) Metaspace: 29108K(29504K)->29108K(29504K) NonClass: 24218K(24384K)->24218K(24384K) Class: 4889K(5120K)->4889K(5120K)
[5141.374s][info][gc             ] GC(1241) Pause Young (Allocation Failure) 7159M->4843M(7269M) 100.530ms
[5141.374s][info][gc,cpu         ] GC(1241) User=0.58s Sys=0.03s Real=0.10s
..[5143.631s][info][gc,start       ] GC(1242) Pause Young (Allocation Failure)
[5143.729s][info][gc,heap        ] GC(1242) PSYoungGen: 2614528K(2629632K)->135968K(2630144K) Eden: 2469376K(2469376K)->0K(2469376K) From: 145152K(160256K)->135968K(160768K)
[5143.729s][info][gc,heap        ] GC(1242) ParOldGen: 4814167K(4814336K)->4906279K(4906496K)
[5143.729s][info][gc,metaspace   ] GC(1242) Metaspace: 29108K(29504K)->29108K(29504K) NonClass: 24218K(24384K)->24218K(24384K) Class: 4889K(5120K)->4889K(5120K)
[5143.729s][info][gc             ] GC(1242) Pause Young (Allocation Failure) 7254M->4924M(7360M) 98.156ms
[5143.729s][info][gc,cpu         ] GC(1242) User=0.56s Sys=0.02s Real=0.09s
..[5145.923s][info][gc,start       ] GC(1243) Pause Young (Allocation Failure)
[5146.026s][info][gc,heap        ] GC(1243) PSYoungGen: 2605344K(2630144K)->149252K(2634240K) Eden: 2469376K(2469376K)->0K(2473472K) From: 135968K(160768K)->149252K(160768K)
[5146.026s][info][gc,heap        ] GC(1243) ParOldGen: 4906279K(4906496K)->4997143K(4997632K)
[5146.026s][info][gc,metaspace   ] GC(1243) Metaspace: 29108K(29504K)->29108K(29504K) NonClass: 24218K(24384K)->24218K(24384K) Class: 4889K(5120K)->4889K(5120K)
[5146.026s][info][gc             ] GC(1243) Pause Young (Allocation Failure) 7335M->5025M(7453M) 103.155ms
[5146.027s][info][gc,cpu         ] GC(1243) User=0.58s Sys=0.03s Real=0.10s
...[5148.215s][info][gc,start       ] GC(1244) Pause Young (Allocation Failure)
[5148.313s][info][gc,heap        ] GC(1244) PSYoungGen: 2622724K(2634240K)->141280K(2614784K) Eden: 2473472K(2473472K)->0K(2473472K) From: 149252K(160768K)->141280K(141312K)
[5148.313s][info][gc,heap        ] GC(1244) ParOldGen: 4997143K(4997632K)->5088503K(5088768K)
[5148.313s][info][gc,metaspace   ] GC(1244) Metaspace: 29108K(29504K)->29108K(29504K) NonClass: 24218K(24384K)->24218K(24384K) Class: 4889K(5120K)->4889K(5120K)
[5148.313s][info][gc             ] GC(1244) Pause Young (Allocation Failure) 7441M->5107M(7523M) 98.173ms
[5148.313s][info][gc,cpu         ] GC(1244) User=0.55s Sys=0.03s Real=0.10s
..[5150.512s][info][gc,start       ] GC(1245) Pause Young (Allocation Failure)
[5150.622s][info][gc,heap        ] GC(1245) PSYoungGen: 2614752K(2614784K)->156231K(2630656K) Eden: 2473472K(2473472K)->0K(2470400K) From: 141280K(141312K)->156231K(160256K)
[5150.622s][info][gc,heap        ] GC(1245) ParOldGen: 5088503K(5088768K)->5180647K(5180928K)
[5150.622s][info][gc,metaspace   ] GC(1245) Metaspace: 29108K(29504K)->29108K(29504K) NonClass: 24218K(24384K)->24218K(24384K) Class: 4889K(5120K)->4889K(5120K)
[5150.622s][info][gc             ] GC(1245) Pause Young (Allocation Failure) 7522M->5211M(7628M) 109.857ms
[5150.622s][info][gc,cpu         ] GC(1245) User=0.62s Sys=0.02s Real=0.11s
..[5152.851s][info][gc,start       ] GC(1246) Pause Young (Allocation Failure)
[5152.951s][info][gc,heap        ] GC(1246) PSYoungGen: 2626631K(2630656K)->141856K(2633216K) Eden: 2470400K(2470400K)->0K(2470400K) From: 156231K(160256K)->141856K(162816K)
[5152.951s][info][gc,heap        ] GC(1246) ParOldGen: 5180647K(5180928K)->5269647K(5270016K)
[5152.951s][info][gc,metaspace   ] GC(1246) Metaspace: 29108K(29504K)->29108K(29504K) NonClass: 24218K(24384K)->24218K(24384K) Class: 4889K(5120K)->4889K(5120K)
[5152.951s][info][gc             ] GC(1246) Pause Young (Allocation Failure) 7624M->5284M(7718M) 99.963ms
[5152.951s][info][gc,cpu         ] GC(1246) User=0.56s Sys=0.03s Real=0.10s
...[5155.110s][info][gc,start       ] GC(1247) Pause Young (Allocation Failure)
[5155.212s][info][gc,heap        ] GC(1247) PSYoungGen: 2612256K(2633216K)->144532K(2629120K) Eden: 2470400K(2470400K)->0K(2471424K) From: 141856K(162816K)->144532K(157696K)
[5155.212s][info][gc,heap        ] GC(1247) ParOldGen: 5269647K(5270016K)->5363055K(5363200K)
[5155.212s][info][gc,metaspace   ] GC(1247) Metaspace: 29108K(29504K)->29108K(29504K) NonClass: 24218K(24384K)->24218K(24384K) Class: 4889K(5120K)->4889K(5120K)
[5155.212s][info][gc             ] GC(1247) Pause Young (Allocation Failure) 7697M->5378M(7805M) 102.208ms
[5155.212s][info][gc,cpu         ] GC(1247) User=0.59s Sys=0.02s Real=0.10s
..[5157.449s][info][gc,start       ] GC(1248) Pause Young (Allocation Failure)
[5157.554s][info][gc,heap        ] GC(1248) PSYoungGen: 2615956K(2629120K)->153398K(2631680K) Eden: 2471424K(2471424K)->0K(2471424K) From: 144532K(157696K)->153398K(160256K)
[5157.554s][info][gc,heap        ] GC(1248) ParOldGen: 5363055K(5363200K)->5453791K(5453824K)
[5157.554s][info][gc,metaspace   ] GC(1248) Metaspace: 29108K(29504K)->29108K(29504K) NonClass: 24218K(24384K)->24218K(24384K) Class: 4889K(5120K)->4889K(5120K)
[5157.554s][info][gc             ] GC(1248) Pause Young (Allocation Failure) 7792M->5475M(7896M) 105.604ms
[5157.555s][info][gc,cpu         ] GC(1248) User=0.60s Sys=0.03s Real=0.11s
..[5159.697s][info][gc,start       ] GC(1249) Pause Young (Allocation Failure)
[5159.797s][info][gc,heap        ] GC(1249) PSYoungGen: 2624822K(2631680K)->142256K(2634752K) Eden: 2471424K(2471424K)->0K(2473472K) From: 153398K(160256K)->142256K(161280K)
[5159.797s][info][gc,heap        ] GC(1249) ParOldGen: 5453791K(5453824K)->5545159K(5545472K)
[5159.797s][info][gc,metaspace   ] GC(1249) Metaspace: 29108K(29504K)->29108K(29504K) NonClass: 24218K(24384K)->24218K(24384K) Class: 4889K(5120K)->4889K(5120K)
[5159.797s][info][gc             ] GC(1249) Pause Young (Allocation Failure) 7889M->5554M(7988M) 100.592ms
[5159.797s][info][gc,cpu         ] GC(1249) User=0.56s Sys=0.03s Real=0.10s
..[5161.900s][info][gc,start       ] GC(1250) Pause Full (Allocation Failure)
[5161.900s][info][gc,phases,start] GC(1250) Marking Phase
[5162.198s][info][gc,phases      ] GC(1250) Marking Phase 297.915ms
[5162.198s][info][gc,phases,start] GC(1250) Summary Phase
[5162.198s][info][gc,phases      ] GC(1250) Summary Phase 0.103ms
[5162.198s][info][gc,phases,start] GC(1250) Forward
[5162.344s][info][gc,phases      ] GC(1250) Forward 146.841ms
[5162.345s][info][gc,phases,start] GC(1250) Adjust Pointers
[5162.546s][info][gc,phases      ] GC(1250) Adjust Pointers 201.512ms
[5162.546s][info][gc,phases,start] GC(1250) Compaction Phase
[5162.674s][info][gc,phases      ] GC(1250) Compaction Phase 127.699ms
[5162.675s][info][gc,phases,start] GC(1250) Post Compact
[5162.682s][info][gc,phases      ] GC(1250) Post Compact 6.799ms
[5162.801s][info][gc,heap        ] GC(1250) PSYoungGen: 2615728K(2634752K)->0K(2634240K) Eden: 2473472K(2473472K)->0K(2473472K) From: 142256K(161280K)->0K(160768K)
[5162.801s][info][gc,heap        ] GC(1250) ParOldGen: 5545159K(5545472K)->1425926K(1683456K)
[5162.801s][info][gc,metaspace   ] GC(1250) Metaspace: 29108K(29504K)->29108K(29504K) NonClass: 24218K(24384K)->24218K(24384K) Class: 4889K(5120K)->4889K(5120K)
[5162.801s][info][gc             ] GC(1250) Pause Full (Allocation Failure) 7969M->1392M(4216M) 901.146ms
[5162.801s][info][gc,cpu         ] GC(1250) User=4.11s Sys=0.12s Real=0.90s
..[5164.271s][info][gc,start       ] GC(1251) Pause Young (Allocation Failure)
[5164.337s][info][gc,heap        ] GC(1251) PSYoungGen: 2473472K(2634240K)->147776K(2634752K) Eden: 2473472K(2473472K)->0K(2474496K) From: 0K(160768K)->147776K(160256K)
[5164.337s][info][gc,heap        ] GC(1251) ParOldGen: 1425926K(1683456K)->1425926K(1683456K)
[5164.337s][info][gc,metaspace   ] GC(1251) Metaspace: 29108K(29504K)->29108K(29504K) NonClass: 24218K(24384K)->24218K(24384K) Class: 4889K(5120K)->4889K(5120K)
[5164.337s][info][gc             ] GC(1251) Pause Young (Allocation Failure) 3808M->1536M(4217M) 65.438ms
[5164.337s][info][gc,cpu         ] GC(1251) User=0.39s Sys=0.00s Real=0.06s
..[5166.514s][info][gc,start       ] GC(1252) Pause Young (Allocation Failure)
[5166.612s][info][gc,heap        ] GC(1252) PSYoungGen: 2622272K(2634752K)->154309K(2629120K) Eden: 2474496K(2474496K)->0K(2474496K) From: 147776K(160256K)->154309K(154624K)
[5166.612s][info][gc,heap        ] GC(1252) ParOldGen: 1425926K(1683456K)->1518470K(1683456K)
[5166.612s][info][gc,metaspace   ] GC(1252) Metaspace: 29108K(29504K)->29108K(29504K) NonClass: 24218K(24384K)->24218K(24384K) Class: 4889K(5120K)->4889K(5120K)
[5166.612s][info][gc             ] GC(1252) Pause Young (Allocation Failure) 3953M->1633M(4211M) 98.315ms
[5166.612s][info][gc,cpu         ] GC(1252) User=0.59s Sys=0.00s Real=0.10s
..[5168.821s][info][gc,start       ] GC(1253) Pause Young (Allocation Failure)
[5168.914s][info][gc,heap        ] GC(1253) PSYoungGen: 2628805K(2629120K)->141652K(2634752K) Eden: 2474496K(2474496K)->0K(2472960K) From: 154309K(154624K)->141652K(161792K)
[5168.914s][info][gc,heap        ] GC(1253) ParOldGen: 1518470K(1683456K)->1609966K(1683456K)
[5168.914s][info][gc,metaspace   ] GC(1253) Metaspace: 29108K(29504K)->29108K(29504K) NonClass: 24218K(24384K)->24218K(24384K) Class: 4889K(5120K)->4889K(5120K)
[5168.914s][info][gc             ] GC(1253) Pause Young (Allocation Failure) 4050M->1710M(4217M) 92.954ms
[5168.914s][info][gc,cpu         ] GC(1253) User=0.56s Sys=0.00s Real=0.09s
...[5171.201s][info][gc,start       ] GC(1254) Pause Young (Allocation Failure)
[5171.297s][info][gc,heap        ] GC(1254) PSYoungGen: 2614612K(2634752K)->146912K(2619904K) Eden: 2472960K(2472960K)->0K(2472960K) From: 141652K(161792K)->146912K(146944K)
[5171.297s][info][gc,heap        ] GC(1254) ParOldGen: 1609966K(1683456K)->1700246K(1700352K)
[5171.297s][info][gc,metaspace   ] GC(1254) Metaspace: 29108K(29504K)->29108K(29504K) NonClass: 24218K(24384K)->24218K(24384K) Class: 4889K(5120K)->4889K(5120K)
[5171.297s][info][gc             ] GC(1254) Pause Young (Allocation Failure) 4125M->1803M(4219M) 95.683ms
[5171.297s][info][gc,cpu         ] GC(1254) User=0.56s Sys=0.00s Real=0.09s
..[5173.440s][info][gc,start       ] GC(1255) Pause Young (Allocation Failure)
[5173.540s][info][gc,heap        ] GC(1255) PSYoungGen: 2619872K(2619904K)->148144K(2633728K) Eden: 2472960K(2472960K)->0K(2473472K) From: 146912K(146944K)->148144K(160256K)
[5173.540s][info][gc,heap        ] GC(1255) ParOldGen: 1700246K(1700352K)->1793966K(1794048K)
[5173.540s][info][gc,metaspace   ] GC(1255) Metaspace: 29108K(29504K)->29108K(29504K) NonClass: 24218K(24384K)->24218K(24384K) Class: 4889K(5120K)->4889K(5120K)
[5173.540s][info][gc             ] GC(1255) Pause Young (Allocation Failure) 4218M->1896M(4324M) 100.666ms
[5173.540s][info][gc,cpu         ] GC(1255) User=0.58s Sys=0.02s Real=0.10s
.. (rIR:aIR:PR = 8717:8751:8751) (tPR = 130321) [OK] 
  5174s: Performance info:
         Transaction,    Success,    Partial,     Failed,   Receipts, AvgBarcode, 
             Overall,     526335,          0,          0,     499941,      59.48, 
         Response times:
             Request,    Success,    Partial,     Failed,   SkipFail,     Probes,    Samples,      min,      p50,      p90,      p95,      p99,      max, 
       TotalPurchase,     499941,          0,          0,          0,     355178,     399520,      300,     5700,    33000,    61000,   116000,   930000,
     InStorePurchase,     262105,          0,          0,          0,     186899,     210134,      300,     5800,    33000,    61000,    98000,   930000,
      OnlinePurchase,     184770,          0,          0,          0,     130762,     146892,      300,     5600,    32000,    61000,   117000,   930000,
        InstPurchase,      53066,          0,          0,          0,      37517,      42494,      400,     5900,    33000,    61000,   116000,   930000,
          AssocOfCat,        529,          0,          0,          0,        462,        603,    19500,    37000,    79600,   116000,   149920,   181000,
      AssocOfProduct,       5228,          0,          0,          0,       3749,       4414,      800,     6700,    37000,    66000,    96000,   173000,
      BusinessReport,       1310,          0,          0,          0,       1144,       1397,    24000,    46000,    87200,   124100,   214000,   980000,
          CustBuyBeh,       5270,          0,          0,          0,       3681,       4243,      100,     3100,    24000,    57000,    87000,   148000,
       ProductReturn,      14055,          0,          0,          0,       9644,      11185,      200,     5000,    32000,    60000,    90000,   158000,

  5174s: (64%)   IR =   8856 [5175.825s][info][gc,start       ] GC(1256) Pause Young (Allocation Failure)
[5175.923s][info][gc,heap        ] GC(1256) PSYoungGen: 2621616K(2633728K)->143424K(2633216K) Eden: 2473472K(2473472K)->0K(2473472K) From: 148144K(160256K)->143424K(159744K)
[5175.923s][info][gc,heap        ] GC(1256) ParOldGen: 1793966K(1794048K)->1884606K(1884672K)
[5175.923s][info][gc,metaspace   ] GC(1256) Metaspace: 29108K(29504K)->29108K(29504K) NonClass: 24218K(24384K)->24218K(24384K) Class: 4889K(5120K)->4889K(5120K)
[5175.923s][info][gc             ] GC(1256) Pause Young (Allocation Failure) 4312M->1980M(4412M) 98.190ms
[5175.924s][info][gc,cpu         ] GC(1256) User=0.56s Sys=0.02s Real=0.10s
...[5178.050s][info][gc,start       ] GC(1257) Pause Young (Allocation Failure)
[5178.145s][info][gc,heap        ] GC(1257) PSYoungGen: 2616896K(2633216K)->137760K(2634752K) Eden: 2473472K(2473472K)->0K(2476032K) From: 143424K(159744K)->137760K(158720K)
[5178.145s][info][gc,heap        ] GC(1257) ParOldGen: 1884606K(1884672K)->1978326K(1978368K)
[5178.145s][info][gc,metaspace   ] GC(1257) Metaspace: 29108K(29504K)->29108K(29504K) NonClass: 24218K(24384K)->24218K(24384K) Class: 4889K(5120K)->4889K(5120K)
[5178.145s][info][gc             ] GC(1257) Pause Young (Allocation Failure) 4395M->2066M(4505M) 95.109ms
[5178.145s][info][gc,cpu         ] GC(1257) User=0.54s Sys=0.02s Real=0.09s
..[5180.408s][info][gc,start       ] GC(1258) Pause Young (Allocation Failure)
[5180.507s][info][gc,heap        ] GC(1258) PSYoungGen: 2613792K(2634752K)->148480K(2634752K) Eden: 2476032K(2476032K)->0K(2476032K) From: 137760K(158720K)->148480K(158720K)
[5180.507s][info][gc,heap        ] GC(1258) ParOldGen: 1978326K(1978368K)->2066582K(2066944K)
[5180.507s][info][gc,metaspace   ] GC(1258) Metaspace: 29108K(29504K)->29108K(29504K) NonClass: 24218K(24384K)->24218K(24384K) Class: 4889K(5120K)->4889K(5120K)
[5180.507s][info][gc             ] GC(1258) Pause Young (Allocation Failure) 4484M->2163M(4591M) 99.161ms
[5180.507s][info][gc,cpu         ] GC(1258) User=0.56s Sys=0.03s Real=0.10s
..|[5182.683s][info][gc,start       ] GC(1259) Pause Young (Allocation Failure)
[5182.780s][info][gc,heap        ] GC(1259) PSYoungGen: 2624512K(2634752K)->136128K(2636288K) Eden: 2476032K(2476032K)->0K(2477568K) From: 148480K(158720K)->136128K(158720K)
[5182.780s][info][gc,heap        ] GC(1259) ParOldGen: 2066582K(2066944K)->2160950K(2161152K)
[5182.780s][info][gc,metaspace   ] GC(1259) Metaspace: 29108K(29504K)->29108K(29504K) NonClass: 24218K(24384K)->24218K(24384K) Class: 4889K(5120K)->4889K(5120K)
[5182.780s][info][gc             ] GC(1259) Pause Young (Allocation Failure) 4581M->2243M(4685M) 97.218ms
[5182.780s][info][gc,cpu         ] GC(1259) User=0.54s Sys=0.03s Real=0.10s
...[5185.117s][info][gc,start       ] GC(1260) Pause Young (Allocation Failure)
[5185.216s][info][gc,heap        ] GC(1260) PSYoungGen: 2613696K(2636288K)->149893K(2627584K) Eden: 2477568K(2477568K)->0K(2477568K) From: 136128K(158720K)->149893K(150016K)
[5185.216s][info][gc,heap        ] GC(1260) ParOldGen: 2160950K(2161152K)->2251086K(2251264K)
[5185.216s][info][gc,metaspace   ] GC(1260) Metaspace: 29108K(29504K)->29108K(29504K) NonClass: 24218K(24384K)->24218K(24384K) Class: 4889K(5120K)->4889K(5120K)
[5185.216s][info][gc             ] GC(1260) Pause Young (Allocation Failure) 4662M->2344M(4764M) 99.505ms
[5185.216s][info][gc,cpu         ] GC(1260) User=0.57s Sys=0.03s Real=0.10s
..[5187.351s][info][gc,start       ] GC(1261) Pause Young (Allocation Failure)
[5187.448s][info][gc,heap        ] GC(1261) PSYoungGen: 2627461K(2627584K)->143360K(2637824K) Eden: 2477568K(2477568K)->0K(2478080K) From: 149893K(150016K)->143360K(159744K)
[5187.448s][info][gc,heap        ] GC(1261) ParOldGen: 2251086K(2251264K)->2343014K(2343424K)
[5187.448s][info][gc,metaspace   ] GC(1261) Metaspace: 29108K(29504K)->29108K(29504K) NonClass: 24218K(24384K)->24218K(24384K) Class: 4889K(5120K)->4889K(5120K)
[5187.448s][info][gc             ] GC(1261) Pause Young (Allocation Failure) 4764M->2428M(4864M) 97.784ms
[5187.448s][info][gc,cpu         ] GC(1261) User=0.55s Sys=0.03s Real=0.09s
..[5189.698s][info][gc,start       ] GC(1262) Pause Young (Allocation Failure)
[5189.798s][info][gc,heap        ] GC(1262) PSYoungGen: 2621440K(2637824K)->145973K(2624512K) Eden: 2478080K(2478080K)->0K(2478080K) From: 143360K(159744K)->145973K(146432K)
[5189.798s][info][gc,heap        ] GC(1262) ParOldGen: 2343014K(2343424K)->2433134K(2433536K)
[5189.798s][info][gc,metaspace   ] GC(1262) Metaspace: 29108K(29504K)->29108K(29504K) NonClass: 24218K(24384K)->24218K(24384K) Class: 4889K(5120K)->4889K(5120K)
[5189.798s][info][gc             ] GC(1262) Pause Young (Allocation Failure) 4848M->2518M(4939M) 100.336ms
[5189.798s][info][gc,cpu         ] GC(1262) User=0.57s Sys=0.02s Real=0.10s
..[5191.928s][info][gc,start       ] GC(1263) Pause Young (Allocation Failure)
[5192.028s][info][gc,heap        ] GC(1263) PSYoungGen: 2624053K(2624512K)->146549K(2636800K) Eden: 2478080K(2478080K)->0K(2479104K) From: 145973K(146432K)->146549K(157696K)
[5192.028s][info][gc,heap        ] GC(1263) ParOldGen: 2433134K(2433536K)->2524494K(2524672K)
[5192.028s][info][gc,metaspace   ] GC(1263) Metaspace: 29108K(29504K)->29108K(29504K) NonClass: 24218K(24384K)->24218K(24384K) Class: 4889K(5120K)->4889K(5120K)
[5192.028s][info][gc             ] GC(1263) Pause Young (Allocation Failure) 4938M->2608M(5040M) 99.336ms
[5192.028s][info][gc,cpu         ] GC(1263) User=0.56s Sys=0.03s Real=0.10s
..[5194.068s][info][gc,start       ] GC(1264) Pause Young (Allocation Failure)
[5194.168s][info][gc,heap        ] GC(1264) PSYoungGen: 2625653K(2636800K)->145909K(2635776K) Eden: 2479104K(2479104K)->0K(2479104K) From: 146549K(157696K)->145909K(156672K)
[5194.168s][info][gc,heap        ] GC(1264) ParOldGen: 2524494K(2524672K)->2617542K(2617856K)
[5194.168s][info][gc,metaspace   ] GC(1264) Metaspace: 29108K(29504K)->29108K(29504K) NonClass: 24218K(24384K)->24218K(24384K) Class: 4889K(5120K)->4889K(5120K)
[5194.168s][info][gc             ] GC(1264) Pause Young (Allocation Failure) 5029M->2698M(5130M) 100.253ms
[5194.168s][info][gc,cpu         ] GC(1264) User=0.58s Sys=0.02s Real=0.10s
...[5196.351s][info][gc,start       ] GC(1265) Pause Young (Allocation Failure)
[5196.450s][info][gc,heap        ] GC(1265) PSYoungGen: 2625013K(2635776K)->147232K(2638336K) Eden: 2479104K(2479104K)->0K(2482176K) From: 145909K(156672K)->147232K(156160K)
[5196.450s][info][gc,heap        ] GC(1265) ParOldGen: 2617542K(2617856K)->2707862K(2707968K)
[5196.450s][info][gc,metaspace   ] GC(1265) Metaspace: 29108K(29504K)->29108K(29504K) NonClass: 24218K(24384K)->24218K(24384K) Class: 4889K(5120K)->4889K(5120K)
[5196.450s][info][gc             ] GC(1265) Pause Young (Allocation Failure) 5119M->2788M(5221M) 98.677ms
[5196.450s][info][gc,cpu         ] GC(1265) User=0.56s Sys=0.03s Real=0.10s
..[5198.674s][info][gc,start       ] GC(1266) Pause Young (Allocation Failure)
[5198.773s][info][gc,heap        ] GC(1266) PSYoungGen: 2629408K(2638336K)->141680K(2637824K) Eden: 2482176K(2482176K)->0K(2482176K) From: 147232K(156160K)->141680K(155648K)
[5198.773s][info][gc,heap        ] GC(1266) ParOldGen: 2707862K(2707968K)->2800414K(2800640K)
[5198.773s][info][gc,metaspace   ] GC(1266) Metaspace: 29108K(29504K)->29108K(29504K) NonClass: 24218K(24384K)->24218K(24384K) Class: 4889K(5120K)->4889K(5120K)
[5198.773s][info][gc             ] GC(1266) Pause Young (Allocation Failure) 5212M->2873M(5311M) 98.803ms
[5198.773s][info][gc,cpu         ] GC(1266) User=0.56s Sys=0.03s Real=0.10s
..[5201.019s][info][gc,start       ] GC(1267) Pause Young (Allocation Failure)
[5201.120s][info][gc,heap        ] GC(1267) PSYoungGen: 2623856K(2637824K)->147712K(2639360K) Eden: 2482176K(2482176K)->0K(2484224K) From: 141680K(155648K)->147712K(155136K)
[5201.120s][info][gc,heap        ] GC(1267) ParOldGen: 2800414K(2800640K)->2891742K(2891776K)
[5201.120s][info][gc,metaspace   ] GC(1267) Metaspace: 29108K(29504K)->29108K(29504K) NonClass: 24218K(24384K)->24218K(24384K) Class: 4889K(5120K)->4889K(5120K)
[5201.120s][info][gc             ] GC(1267) Pause Young (Allocation Failure) 5297M->2968M(5401M) 100.981ms
[5201.120s][info][gc,cpu         ] GC(1267) User=0.57s Sys=0.02s Real=0.11s
...[5203.380s][info][gc,start       ] GC(1268) Pause Young (Allocation Failure)
[5203.485s][info][gc,heap        ] GC(1268) PSYoungGen: 2631936K(2639360K)->149076K(2639360K) Eden: 2484224K(2484224K)->0K(2484224K) From: 147712K(155136K)->149076K(155136K)
[5203.485s][info][gc,heap        ] GC(1268) ParOldGen: 2891742K(2891776K)->2986494K(2986496K)
[5203.485s][info][gc,metaspace   ] GC(1268) Metaspace: 29108K(29504K)->29108K(29504K) NonClass: 24218K(24384K)->24218K(24384K) Class: 4889K(5120K)->4889K(5120K)
[5203.485s][info][gc             ] GC(1268) Pause Young (Allocation Failure) 5394M->3062M(5494M) 104.647ms
[5203.485s][info][gc,cpu         ] GC(1268) User=0.59s Sys=0.03s Real=0.10s
..[5205.589s][info][gc,start       ] GC(1269) Pause Young (Allocation Failure)
[5205.684s][info][gc,heap        ] GC(1269) PSYoungGen: 2633300K(2639360K)->136192K(2639360K) Eden: 2484224K(2484224K)->0K(2483712K) From: 149076K(155136K)->136192K(155648K)
[5205.684s][info][gc,heap        ] GC(1269) ParOldGen: 2986494K(2986496K)->3075406K(3075584K)
[5205.684s][info][gc,metaspace   ] GC(1269) Metaspace: 29108K(29504K)->29108K(29504K) NonClass: 24218K(24384K)->24218K(24384K) Class: 4889K(5120K)->4889K(5120K)
[5205.684s][info][gc             ] GC(1269) Pause Young (Allocation Failure) 5488M->3136M(5581M) 95.146ms
[5205.684s][info][gc,cpu         ] GC(1269) User=0.53s Sys=0.03s Real=0.10s
..[5207.980s][info][gc,start       ] GC(1270) Pause Young (Allocation Failure)
[5208.082s][info][gc,heap        ] GC(1270) PSYoungGen: 2619904K(2639360K)->146709K(2639872K) Eden: 2483712K(2483712K)->0K(2483712K) From: 136192K(155648K)->146709K(156160K)
[5208.082s][info][gc,heap        ] GC(1270) ParOldGen: 3075406K(3075584K)->3167086K(3167232K)
[5208.082s][info][gc,metaspace   ] GC(1270) Metaspace: 29108K(29504K)->29108K(29504K) NonClass: 24218K(24384K)->24218K(24384K) Class: 4889K(5120K)->4889K(5120K)
[5208.082s][info][gc             ] GC(1270) Pause Young (Allocation Failure) 5561M->3236M(5671M) 102.178ms
[5208.082s][info][gc,cpu         ] GC(1270) User=0.58s Sys=0.02s Real=0.10s
...[5210.360s][info][gc,start       ] GC(1271) Pause Young (Allocation Failure)
[5210.462s][info][gc,heap        ] GC(1271) PSYoungGen: 2630421K(2639872K)->150996K(2637824K) Eden: 2483712K(2483712K)->0K(2481664K) From: 146709K(156160K)->150996K(156160K)
[5210.462s][info][gc,heap        ] GC(1271) ParOldGen: 3167086K(3167232K)->3258078K(3258368K)
[5210.462s][info][gc,metaspace   ] GC(1271) Metaspace: 29108K(29504K)->29108K(29504K) NonClass: 24218K(24384K)->24218K(24384K) Class: 4889K(5120K)->4889K(5120K)
[5210.462s][info][gc             ] GC(1271) Pause Young (Allocation Failure) 5661M->3329M(5758M) 102.030ms
[5210.462s][info][gc,cpu         ] GC(1271) User=0.58s Sys=0.02s Real=0.10s
..[5212.635s][info][gc,start       ] GC(1272) Pause Young (Allocation Failure)
[5212.735s][info][gc,heap        ] GC(1272) PSYoungGen: 2632660K(2637824K)->142976K(2638848K) Eden: 2481664K(2481664K)->0K(2481664K) From: 150996K(156160K)->142976K(157184K)
[5212.735s][info][gc,heap        ] GC(1272) ParOldGen: 3258078K(3258368K)->3350926K(3351040K)
[5212.735s][info][gc,metaspace   ] GC(1272) Metaspace: 29108K(29504K)->29108K(29504K) NonClass: 24218K(24384K)->24218K(24384K) Class: 4889K(5120K)->4889K(5120K)
[5212.735s][info][gc             ] GC(1272) Pause Young (Allocation Failure) 5752M->3412M(5849M) 99.550ms
[5212.735s][info][gc,cpu         ] GC(1272) User=0.56s Sys=0.02s Real=0.10s
..[5214.918s][info][gc,start       ] GC(1273) Pause Young (Allocation Failure)
[5215.021s][info][gc,heap        ] GC(1273) PSYoungGen: 2624640K(2638848K)->146613K(2637824K) Eden: 2481664K(2481664K)->0K(2482688K) From: 142976K(157184K)->146613K(155136K)
[5215.021s][info][gc,heap        ] GC(1273) ParOldGen: 3350926K(3351040K)->3444758K(3445248K)
[5215.021s][info][gc,metaspace   ] GC(1273) Metaspace: 29108K(29504K)->29108K(29504K) NonClass: 24218K(24384K)->24218K(24384K) Class: 4889K(5120K)->4889K(5120K)
[5215.021s][info][gc             ] GC(1273) Pause Young (Allocation Failure) 5835M->3507M(5940M) 103.137ms
[5215.021s][info][gc,cpu         ] GC(1273) User=0.59s Sys=0.03s Real=0.11s
..[5217.201s][info][gc,start       ] GC(1274) Pause Young (Allocation Failure)
[5217.301s][info][gc,heap        ] GC(1274) PSYoungGen: 2629301K(2637824K)->145216K(2638336K) Eden: 2482688K(2482688K)->0K(2482688K) From: 146613K(155136K)->145216K(155648K)
[5217.301s][info][gc,heap        ] GC(1274) ParOldGen: 3444758K(3445248K)->3535598K(3535872K)
[5217.301s][info][gc,metaspace   ] GC(1274) Metaspace: 29108K(29504K)->29108K(29504K) NonClass: 24218K(24384K)->24218K(24384K) Class: 4889K(5120K)->4889K(5120K)
[5217.301s][info][gc             ] GC(1274) Pause Young (Allocation Failure) 5931M->3594M(6029M) 99.856ms
[5217.301s][info][gc,cpu         ] GC(1274) User=0.56s Sys=0.03s Real=0.10s
...[5219.514s][info][gc,start       ] GC(1275) Pause Young (Allocation Failure)
[5219.617s][info][gc,heap        ] GC(1275) PSYoungGen: 2627904K(2638336K)->150112K(2638848K) Eden: 2482687K(2482688K)->0K(2484224K) From: 145216K(155648K)->150112K(154624K)
[5219.617s][info][gc,heap        ] GC(1275) ParOldGen: 3535598K(3535872K)->3627830K(3628032K)
[5219.617s][info][gc,metaspace   ] GC(1275) Metaspace: 29108K(29504K)->29108K(29504K) NonClass: 24218K(24384K)->24218K(24384K) Class: 4889K(5120K)->4889K(5120K)
[5219.617s][info][gc             ] GC(1275) Pause Young (Allocation Failure) 6019M->3689M(6120M) 102.962ms
[5219.617s][info][gc,cpu         ] GC(1275) User=0.58s Sys=0.03s Real=0.10s
..[5221.724s][info][gc,start       ] GC(1276) Pause Young (Allocation Failure)
[5221.822s][info][gc,heap        ] GC(1276) PSYoungGen: 2634336K(2638848K)->137760K(2639872K) Eden: 2484224K(2484224K)->0K(2484224K) From: 150112K(154624K)->137760K(155648K)
[5221.822s][info][gc,heap        ] GC(1276) ParOldGen: 3627830K(3628032K)->3721894K(3722240K)
[5221.822s][info][gc,metaspace   ] GC(1276) Metaspace: 29108K(29504K)->29108K(29504K) NonClass: 24218K(24384K)->24218K(24384K) Class: 4889K(5120K)->4889K(5120K)
[5221.822s][info][gc             ] GC(1276) Pause Young (Allocation Failure) 6115M->3769M(6213M) 98.454ms
[5221.822s][info][gc,cpu         ] GC(1276) User=0.56s Sys=0.03s Real=0.10s
..[5223.989s][info][gc,start       ] GC(1277) Pause Young (Allocation Failure)
[5224.095s][info][gc,heap        ] GC(1277) PSYoungGen: 2621984K(2639872K)->153034K(2635776K) Eden: 2484224K(2484224K)->0K(2479616K) From: 137760K(155648K)->153034K(156160K)
[5224.095s][info][gc,heap        ] GC(1277) ParOldGen: 3721894K(3722240K)->3813422K(3813888K)
[5224.095s][info][gc,metaspace   ] GC(1277) Metaspace: 29108K(29504K)->29108K(29504K) NonClass: 24218K(24384K)->24218K(24384K) Class: 4889K(5120K)->4889K(5120K)
[5224.096s][info][gc             ] GC(1277) Pause Young (Allocation Failure) 6195M->3873M(6298M) 106.863ms
[5224.096s][info][gc,cpu         ] GC(1277) User=0.61s Sys=0.02s Real=0.11s
..[5226.341s][info][gc,start       ] GC(1278) Pause Young (Allocation Failure)
[5226.443s][info][gc,heap        ] GC(1278) PSYoungGen: 2632650K(2635776K)->148734K(2637824K) Eden: 2479616K(2479616K)->0K(2479616K) From: 153034K(156160K)->148734K(158208K)
[5226.443s][info][gc,heap        ] GC(1278) ParOldGen: 3813422K(3813888K)->3904006K(3904512K)
[5226.443s][info][gc,metaspace   ] GC(1278) Metaspace: 29108K(29504K)->29108K(29504K) NonClass: 24218K(24384K)->24218K(24384K) Class: 4889K(5120K)->4889K(5120K)
[5226.443s][info][gc             ] GC(1278) Pause Young (Allocation Failure) 6294M->3957M(6389M) 102.570ms
[5226.444s][info][gc,cpu         ] GC(1278) User=0.59s Sys=0.02s Real=0.10s
...[5228.648s][info][gc,start       ] GC(1279) Pause Young (Allocation Failure)
[5228.753s][info][gc,heap        ] GC(1279) PSYoungGen: 2628350K(2637824K)->152628K(2635264K) Eden: 2479616K(2479616K)->0K(2477568K) From: 148734K(158208K)->152628K(157696K)
[5228.753s][info][gc,heap        ] GC(1279) ParOldGen: 3904006K(3904512K)->3994526K(3994624K)
[5228.753s][info][gc,metaspace   ] GC(1279) Metaspace: 29108K(29504K)->29108K(29504K) NonClass: 24218K(24384K)->24218K(24384K) Class: 4889K(5120K)->4889K(5120K)
[5228.753s][info][gc             ] GC(1279) Pause Young (Allocation Failure) 6379M->4049M(6474M) 105.466ms
[5228.753s][info][gc,cpu         ] GC(1279) User=0.59s Sys=0.03s Real=0.11s
..[5230.809s][info][gc,start       ] GC(1280) Pause Young (Allocation Failure)
[5230.907s][info][gc,heap        ] GC(1280) PSYoungGen: 2630196K(2635264K)->139296K(2636800K) Eden: 2477568K(2477568K)->0K(2477568K) From: 152628K(157696K)->139296K(159232K)
[5230.907s][info][gc,heap        ] GC(1280) ParOldGen: 3994526K(3994624K)->4088966K(4089344K)
[5230.907s][info][gc,metaspace   ] GC(1280) Metaspace: 29108K(29504K)->29108K(29504K) NonClass: 24218K(24384K)->24218K(24384K) Class: 4889K(5120K)->4889K(5120K)
[5230.907s][info][gc             ] GC(1280) Pause Young (Allocation Failure) 6469M->4129M(6568M) 98.251ms
[5230.907s][info][gc,cpu         ] GC(1280) User=0.56s Sys=0.02s Real=0.10s
..[5233.147s][info][gc,start       ] GC(1281) Pause Young (Allocation Failure)
[5233.250s][info][gc,heap        ] GC(1281) PSYoungGen: 2616864K(2636800K)->152624K(2634752K) Eden: 2477568K(2477568K)->0K(2475520K) From: 139296K(159232K)->152624K(159232K)
[5233.250s][info][gc,heap        ] GC(1281) ParOldGen: 4088966K(4089344K)->4177942K(4178432K)
[5233.250s][info][gc,metaspace   ] GC(1281) Metaspace: 29108K(29504K)->29108K(29504K) NonClass: 24218K(24384K)->24218K(24384K) Class: 4889K(5120K)->4889K(5120K)
[5233.250s][info][gc             ] GC(1281) Pause Young (Allocation Failure) 6548M->4229M(6653M) 103.123ms
[5233.250s][info][gc,cpu         ] GC(1281) User=0.58s Sys=0.03s Real=0.11s
..[5235.386s][info][gc,start       ] GC(1282) Pause Full (Diagnostic Command)
[5235.386s][info][gc,phases,start] GC(1282) Marking Phase
[5235.682s][info][gc,phases      ] GC(1282) Marking Phase 296.395ms
[5235.682s][info][gc,phases,start] GC(1282) Summary Phase
[5235.682s][info][gc,phases      ] GC(1282) Summary Phase 0.079ms
[5235.682s][info][gc,phases,start] GC(1282) Forward
[5235.873s][info][gc,phases      ] GC(1282) Forward 191.148ms
[5235.873s][info][gc,phases,start] GC(1282) Adjust Pointers
[5236.086s][info][gc,phases      ] GC(1282) Adjust Pointers 212.262ms
[5236.086s][info][gc,phases,start] GC(1282) Compaction Phase
[5236.243s][info][gc,phases      ] GC(1282) Compaction Phase 156.824ms
[5236.246s][info][gc,phases,start] GC(1282) Post Compact
[5236.252s][info][gc,phases      ] GC(1282) Post Compact 5.659ms
[5236.252s][info][gc,heap        ] GC(1282) PSYoungGen: 2494783K(2634752K)->0K(2634752K) Eden: 2342159K(2475520K)->0K(2475520K) From: 152624K(159232K)->0K(159232K)
[5236.252s][info][gc,heap        ] GC(1282) ParOldGen: 4177942K(4178432K)->1143865K(4178432K)
[5236.252s][info][gc,metaspace   ] GC(1282) Metaspace: 29108K(29504K)->29108K(29504K) NonClass: 24218K(24384K)->24218K(24384K) Class: 4889K(5120K)->4889K(5120K)
[5236.252s][info][gc             ] GC(1282) Pause Full (Diagnostic Command) 6516M->1117M(6653M) 866.276ms
[5236.252s][info][gc,cpu         ] GC(1282) User=4.49s Sys=0.00s Real=0.87s
..[5237.714s][info][gc,start       ] GC(1283) Pause Young (Allocation Failure)
[5237.779s][info][gc,heap        ] GC(1283) PSYoungGen: 2475520K(2634752K)->146297K(2635776K) Eden: 2475520K(2475520K)->0K(2475520K) From: 0K(159232K)->146297K(160256K)
[5237.779s][info][gc,heap        ] GC(1283) ParOldGen: 1143865K(4178432K)->1143865K(4178432K)
[5237.779s][info][gc,metaspace   ] GC(1283) Metaspace: 29108K(29504K)->29108K(29504K) NonClass: 24218K(24384K)->24218K(24384K) Class: 4889K(5120K)->4889K(5120K)
[5237.779s][info][gc             ] GC(1283) Pause Young (Allocation Failure) 3534M->1259M(6654M) 65.728ms
[5237.779s][info][gc,cpu         ] GC(1283) User=0.39s Sys=0.00s Real=0.06s
..[5239.909s][info][gc,start       ] GC(1284) Pause Young (Allocation Failure)
[5240.002s][info][gc,heap        ] GC(1284) PSYoungGen: 2621817K(2635776K)->143904K(2633728K) Eden: 2475520K(2475520K)->0K(2476544K) From: 146297K(160256K)->143904K(157184K)
[5240.002s][info][gc,heap        ] GC(1284) ParOldGen: 1143865K(4178432K)->1235721K(4178432K)
[5240.002s][info][gc,metaspace   ] GC(1284) Metaspace: 29108K(29504K)->29108K(29504K) NonClass: 24218K(24384K)->24218K(24384K) Class: 4889K(5120K)->4889K(5120K)
[5240.002s][info][gc             ] GC(1284) Pause Young (Allocation Failure) 3677M->1347M(6652M) 92.925ms
[5240.002s][info][gc,cpu         ] GC(1284) User=0.55s Sys=0.00s Real=0.10s
..[5242.252s][info][gc,start       ] GC(1285) Pause Young (Allocation Failure)
[5242.353s][info][gc,heap        ] GC(1285) PSYoungGen: 2620362K(2633728K)->157001K(2634752K) Eden: 2476457K(2476544K)->0K(2476544K) From: 143904K(157184K)->157001K(158208K)
[5242.353s][info][gc,heap        ] GC(1285) ParOldGen: 1235721K(4178432K)->1325897K(4178432K)
[5242.353s][info][gc,metaspace   ] GC(1285) Metaspace: 29108K(29504K)->29108K(29504K) NonClass: 24218K(24384K)->24218K(24384K) Class: 4889K(5120K)->4889K(5120K)
[5242.353s][info][gc             ] GC(1285) Pause Young (Allocation Failure) 3765M->1448M(6653M) 100.700ms
[5242.353s][info][gc,cpu         ] GC(1285) User=0.60s Sys=0.00s Real=0.10s
. (rIR:aIR:PR = 8856:8790:8790) (tPR = 129427) [OK] 
  5242s: Performance info:
         Transaction,    Success,    Partial,     Failed,   Receipts, AvgBarcode, 
             Overall,     531780,          0,          0,     505037,      59.48, 
         Response times:
             Request,    Success,    Partial,     Failed,   SkipFail,     Probes,    Samples,      min,      p50,      p90,      p95,      p99,      max, 
       TotalPurchase,     505017,          0,          0,          0,     356057,     406852,      200,     5800,    40000,    74000,   160000,   950000,
     InStorePurchase,     265999,          0,          0,          0,     186861,     213213,      300,     5900,    41000,    74000,   161000,   280000,
      OnlinePurchase,     184284,          0,          0,          0,     131820,     150441,      200,     5700,    40000,    72000,   158580,   280000,
        InstPurchase,      54734,          0,          0,          0,      37376,      43198,      400,     5600,    38000,    80000,   161000,   950000,
          AssocOfCat,        535,          0,          0,          0,        417,        576,    22000,    38000,    81600,   138300,   209690,   252000,
      AssocOfProduct,       5358,          0,          0,          0,       3835,       4585,      500,     5300,    36000,    83000,   162280,   214000,
      BusinessReport,       1342,          0,          0,          0,       1178,       1506,    25000,    46000,   100300,   156000,   221300,   337000,
          CustBuyBeh,       5366,          0,          0,          0,       3786,       4552,      200,     7300,    47700,    93000,   174470,   236000,
       ProductReturn,      14142,          0,          0,          0,       9839,      11602,      200,     6300,    43000,    82000,   158970,   243000,

  5242s: (65%)   IR =   8994 .[5244.544s][info][gc,start       ] GC(1286) Pause Young (Allocation Failure)
[5244.636s][info][gc,heap        ] GC(1286) PSYoungGen: 2633545K(2634752K)->140272K(2635264K) Eden: 2476544K(2476544K)->0K(2473984K) From: 157001K(158208K)->140272K(161280K)
[5244.636s][info][gc,heap        ] GC(1286) ParOldGen: 1325897K(4178432K)->1418233K(4178432K)
[5244.636s][info][gc,metaspace   ] GC(1286) Metaspace: 29108K(29504K)->29108K(29504K) NonClass: 24218K(24384K)->24218K(24384K) Class: 4889K(5120K)->4889K(5120K)
[5244.636s][info][gc             ] GC(1286) Pause Young (Allocation Failure) 3866M->1521M(6654M) 92.217ms
[5244.636s][info][gc,cpu         ] GC(1286) User=0.54s Sys=0.00s Real=0.09s
...[5246.811s][info][gc,start       ] GC(1287) Pause Young (Allocation Failure)
[5246.904s][info][gc,heap        ] GC(1287) PSYoungGen: 2614256K(2635264K)->142276K(2616320K) Eden: 2473984K(2473984K)->0K(2473984K) From: 140272K(161280K)->142276K(142336K)
[5246.904s][info][gc,heap        ] GC(1287) ParOldGen: 1418233K(4178432K)->1510601K(4178432K)
[5246.904s][info][gc,metaspace   ] GC(1287) Metaspace: 29108K(29504K)->29108K(29504K) NonClass: 24218K(24384K)->24218K(24384K) Class: 4889K(5120K)->4889K(5120K)
[5246.904s][info][gc             ] GC(1287) Pause Young (Allocation Failure) 3937M->1614M(6635M) 93.219ms
[5246.904s][info][gc,cpu         ] GC(1287) User=0.55s Sys=0.01s Real=0.09s
..[5249.073s][info][gc,start       ] GC(1288) Pause Young (Allocation Failure)
[5249.167s][info][gc,heap        ] GC(1288) PSYoungGen: 2616260K(2616320K)->147028K(2635264K) Eden: 2473984K(2473984K)->0K(2475008K) From: 142276K(142336K)->147028K(160256K)
[5249.167s][info][gc,heap        ] GC(1288) ParOldGen: 1510601K(4178432K)->1601481K(4178432K)
[5249.167s][info][gc,metaspace   ] GC(1288) Metaspace: 29108K(29504K)->29108K(29504K) NonClass: 24218K(24384K)->24218K(24384K) Class: 4889K(5120K)->4889K(5120K)
[5249.167s][info][gc             ] GC(1288) Pause Young (Allocation Failure) 4030M->1707M(6654M) 93.631ms
[5249.167s][info][gc,cpu         ] GC(1288) User=0.55s Sys=0.01s Real=0.09s
..[5251.388s][info][gc,start       ] GC(1289) Pause Young (Allocation Failure)
[5251.484s][info][gc,heap        ] GC(1289) PSYoungGen: 2622036K(2635264K)->149076K(2634240K) Eden: 2475008K(2475008K)->0K(2475008K) From: 147028K(160256K)->149076K(159232K)
[5251.484s][info][gc,heap        ] GC(1289) ParOldGen: 1601481K(4178432K)->1693145K(4178432K)
[5251.484s][info][gc,metaspace   ] GC(1289) Metaspace: 29108K(29504K)->29108K(29504K) NonClass: 24218K(24384K)->24218K(24384K) Class: 4889K(5120K)->4889K(5120K)
[5251.484s][info][gc             ] GC(1289) Pause Young (Allocation Failure) 4124M->1799M(6653M) 95.830ms
[5251.484s][info][gc,cpu         ] GC(1289) User=0.57s Sys=0.00s Real=0.10s
..[5253.549s][info][gc,start       ] GC(1290) Pause Young (Allocation Failure)
[5253.643s][info][gc,heap        ] GC(1290) PSYoungGen: 2624084K(2634240K)->141369K(2635264K) Eden: 2475008K(2475008K)->0K(2476544K) From: 149076K(159232K)->141369K(158720K)
[5253.643s][info][gc,heap        ] GC(1290) ParOldGen: 1693145K(4178432K)->1786313K(4178432K)
[5253.643s][info][gc,metaspace   ] GC(1290) Metaspace: 29108K(29504K)->29108K(29504K) NonClass: 24218K(24384K)->24218K(24384K) Class: 4889K(5120K)->4889K(5120K)
[5253.643s][info][gc             ] GC(1290) Pause Young (Allocation Failure) 4216M->1882M(6654M) 94.144ms
[5253.643s][info][gc,cpu         ] GC(1290) User=0.56s Sys=0.00s Real=0.10s
...[5255.790s][info][gc,start       ] GC(1291) Pause Young (Allocation Failure)
[5255.882s][info][gc,heap        ] GC(1291) PSYoungGen: 2617913K(2635264K)->139904K(2635264K) Eden: 2476544K(2476544K)->0K(2476544K) From: 141369K(158720K)->139904K(158720K)
[5255.882s][info][gc,heap        ] GC(1291) ParOldGen: 1786313K(4178432K)->1876889K(4178432K)
[5255.882s][info][gc,metaspace   ] GC(1291) Metaspace: 29108K(29504K)->29108K(29504K) NonClass: 24218K(24384K)->24218K(24384K) Class: 4889K(5120K)->4889K(5120K)
[5255.882s][info][gc             ] GC(1291) Pause Young (Allocation Failure) 4301M->1969M(6654M) 91.998ms
[5255.883s][info][gc,cpu         ] GC(1291) User=0.54s Sys=0.00s Real=0.09s
..|[5258.039s][info][gc,start       ] GC(1292) Pause Young (Allocation Failure)
[5258.133s][info][gc,heap        ] GC(1292) PSYoungGen: 2616448K(2635264K)->145524K(2634240K) Eden: 2476544K(2476544K)->0K(2478592K) From: 139904K(158720K)->145524K(155648K)
[5258.133s][info][gc,heap        ] GC(1292) ParOldGen: 1876889K(4178432K)->1969313K(4178432K)
[5258.133s][info][gc,metaspace   ] GC(1292) Metaspace: 29108K(29504K)->29108K(29504K) NonClass: 24218K(24384K)->24218K(24384K) Class: 4889K(5120K)->4889K(5120K)
[5258.133s][info][gc             ] GC(1292) Pause Young (Allocation Failure) 4388M->2065M(6653M) 93.672ms
[5258.133s][info][gc,cpu         ] GC(1292) User=0.56s Sys=0.00s Real=0.10s
..[5260.307s][info][gc,start       ] GC(1293) Pause Young (Allocation Failure)
[5260.402s][info][gc,heap        ] GC(1293) PSYoungGen: 2624116K(2634240K)->148240K(2635776K) Eden: 2478592K(2478592K)->0K(2478592K) From: 145524K(155648K)->148240K(157184K)
[5260.402s][info][gc,heap        ] GC(1293) ParOldGen: 1969313K(4178432K)->2060193K(4178432K)
[5260.402s][info][gc,metaspace   ] GC(1293) Metaspace: 29108K(29504K)->29108K(29504K) NonClass: 24218K(24384K)->24218K(24384K) Class: 4889K(5120K)->4889K(5120K)
[5260.403s][info][gc             ] GC(1293) Pause Young (Allocation Failure) 4485M->2156M(6654M) 95.232ms
[5260.403s][info][gc,cpu         ] GC(1293) User=0.57s Sys=0.00s Real=0.10s
..[5262.541s][info][gc,start       ] GC(1294) Pause Young (Allocation Failure)
[5262.635s][info][gc,heap        ] GC(1294) PSYoungGen: 2626832K(2635776K)->139440K(2638848K) Eden: 2478592K(2478592K)->0K(2481664K) From: 148240K(157184K)->139440K(157184K)
[5262.635s][info][gc,heap        ] GC(1294) ParOldGen: 2060193K(4178432K)->2153057K(4178432K)
[5262.635s][info][gc,metaspace   ] GC(1294) Metaspace: 29108K(29504K)->29108K(29504K) NonClass: 24218K(24384K)->24218K(24384K) Class: 4889K(5120K)->4889K(5120K)
[5262.635s][info][gc             ] GC(1294) Pause Young (Allocation Failure) 4577M->2238M(6657M) 93.969ms
[5262.635s][info][gc,cpu         ] GC(1294) User=0.55s Sys=0.00s Real=0.09s
...[5264.801s][info][gc,start       ] GC(1295) Pause Young (Allocation Failure)
[5264.893s][info][gc,heap        ] GC(1295) PSYoungGen: 2621104K(2638848K)->138912K(2638848K) Eden: 2481664K(2481664K)->0K(2481664K) From: 139440K(157184K)->138912K(157184K)
[5264.893s][info][gc,heap        ] GC(1295) ParOldGen: 2153057K(4178432K)->2245161K(4178432K)
[5264.893s][info][gc,metaspace   ] GC(1295) Metaspace: 29108K(29504K)->29108K(29504K) NonClass: 24218K(24384K)->24218K(24384K) Class: 4889K(5120K)->4889K(5120K)
[5264.893s][info][gc             ] GC(1295) Pause Young (Allocation Failure) 4662M->2328M(6657M) 92.345ms
[5264.893s][info][gc,cpu         ] GC(1295) User=0.55s Sys=0.00s Real=0.09s
..[5267.098s][info][gc,start       ] GC(1296) Pause Young (Allocation Failure)
[5267.189s][info][gc,heap        ] GC(1296) PSYoungGen: 2620576K(2638848K)->139552K(2637824K) Eden: 2481664K(2481664K)->0K(2481664K) From: 138912K(157184K)->139552K(156160K)
[5267.189s][info][gc,heap        ] GC(1296) ParOldGen: 2245161K(4178432K)->2336865K(4178432K)
[5267.189s][info][gc,metaspace   ] GC(1296) Metaspace: 29108K(29504K)->29108K(29504K) NonClass: 24218K(24384K)->24218K(24384K) Class: 4889K(5120K)->4889K(5120K)
[5267.189s][info][gc             ] GC(1296) Pause Young (Allocation Failure) 4751M->2418M(6656M) 91.058ms
[5267.189s][info][gc,cpu         ] GC(1296) User=0.55s Sys=0.00s Real=0.09s
..[5269.357s][info][gc,start       ] GC(1297) Pause Young (Allocation Failure)
[5269.458s][info][gc,heap        ] GC(1297) PSYoungGen: 2621216K(2637824K)->154192K(2636288K) Eden: 2481664K(2481664K)->0K(2481664K) From: 139552K(156160K)->154192K(154624K)
[5269.458s][info][gc,heap        ] GC(1297) ParOldGen: 2336865K(4178432K)->2427449K(4178432K)
[5269.458s][info][gc,metaspace   ] GC(1297) Metaspace: 29108K(29504K)->29108K(29504K) NonClass: 24218K(24384K)->24218K(24384K) Class: 4889K(5120K)->4889K(5120K)
[5269.458s][info][gc             ] GC(1297) Pause Young (Allocation Failure) 4841M->2521M(6655M) 100.099ms
[5269.458s][info][gc,cpu         ] GC(1297) User=0.60s Sys=0.01s Real=0.10s
..[5271.567s][info][gc,start       ] GC(1298) Pause Young (Allocation Failure)
[5271.659s][info][gc,heap        ] GC(1298) PSYoungGen: 2635856K(2636288K)->137024K(2636800K) Eden: 2481664K(2481664K)->0K(2477568K) From: 154192K(154624K)->137024K(159232K)
[5271.659s][info][gc,heap        ] GC(1298) ParOldGen: 2427449K(4178432K)->2519785K(4178432K)
[5271.659s][info][gc,metaspace   ] GC(1298) Metaspace: 29108K(29504K)->29108K(29504K) NonClass: 24218K(24384K)->24218K(24384K) Class: 4889K(5120K)->4889K(5120K)
[5271.659s][info][gc             ] GC(1298) Pause Young (Allocation Failure) 4944M->2594M(6655M) 91.944ms
[5271.659s][info][gc,cpu         ] GC(1298) User=0.55s Sys=0.00s Real=0.09s
...[5273.868s][info][gc,start       ] GC(1299) Pause Young (Allocation Failure)
[5273.962s][info][gc,heap        ] GC(1299) PSYoungGen: 2614592K(2636800K)->139200K(2616832K) Eden: 2477568K(2477568K)->0K(2477568K) From: 137024K(159232K)->139200K(139264K)
[5273.962s][info][gc,heap        ] GC(1299) ParOldGen: 2519785K(4178432K)->2612273K(4178432K)
[5273.962s][info][gc,metaspace   ] GC(1299) Metaspace: 29108K(29504K)->29108K(29504K) NonClass: 24218K(24384K)->24218K(24384K) Class: 4889K(5120K)->4889K(5120K)
[5273.962s][info][gc             ] GC(1299) Pause Young (Allocation Failure) 5014M->2686M(6636M) 94.236ms
[5273.962s][info][gc,cpu         ] GC(1299) User=0.55s Sys=0.00s Real=0.10s
..[5276.124s][info][gc,start       ] GC(1300) Pause Young (Allocation Failure)
[5276.217s][info][gc,heap        ] GC(1300) PSYoungGen: 2616768K(2616832K)->142912K(2637824K) Eden: 2477568K(2477568K)->0K(2479104K) From: 139200K(139264K)->142912K(158720K)
[5276.217s][info][gc,heap        ] GC(1300) ParOldGen: 2612273K(4178432K)->2703833K(4178432K)
[5276.217s][info][gc,metaspace   ] GC(1300) Metaspace: 29108K(29504K)->29108K(29504K) NonClass: 24218K(24384K)->24218K(24384K) Class: 4889K(5120K)->4889K(5120K)
[5276.217s][info][gc             ] GC(1300) Pause Young (Allocation Failure) 5106M->2780M(6656M) 93.315ms
[5276.217s][info][gc,cpu         ] GC(1300) User=0.56s Sys=0.00s Real=0.09s
..[5278.265s][info][gc,start       ] GC(1301) Pause Young (Allocation Failure)
[5278.360s][info][gc,heap        ] GC(1301) PSYoungGen: 2622016K(2637824K)->144928K(2636288K) Eden: 2479104K(2479104K)->0K(2479104K) From: 142912K(158720K)->144928K(157184K)
[5278.360s][info][gc,heap        ] GC(1301) ParOldGen: 2703833K(4178432K)->2797113K(4178432K)
[5278.360s][info][gc,metaspace   ] GC(1301) Metaspace: 29108K(29504K)->29108K(29504K) NonClass: 24218K(24384K)->24218K(24384K) Class: 4889K(5120K)->4889K(5120K)
[5278.360s][info][gc             ] GC(1301) Pause Young (Allocation Failure) 5201M->2873M(6655M) 95.028ms
[5278.361s][info][gc,cpu         ] GC(1301) User=0.57s Sys=0.00s Real=0.10s
..[5280.521s][info][gc,start       ] GC(1302) Pause Young (Allocation Failure)
[5280.614s][info][gc,heap        ] GC(1302) PSYoungGen: 2624032K(2636288K)->136096K(2636288K) Eden: 2479104K(2479104K)->0K(2480128K) From: 144928K(157184K)->136096K(156160K)
[5280.614s][info][gc,heap        ] GC(1302) ParOldGen: 2797113K(4178432K)->2889481K(4178432K)
[5280.614s][info][gc,metaspace   ] GC(1302) Metaspace: 29108K(29504K)->29108K(29504K) NonClass: 24218K(24384K)->24218K(24384K) Class: 4889K(5120K)->4889K(5120K)
[5280.614s][info][gc             ] GC(1302) Pause Young (Allocation Failure) 5294M->2954M(6655M) 93.210ms
[5280.614s][info][gc,cpu         ] GC(1302) User=0.54s Sys=0.00s Real=0.09s
..[5282.729s][info][gc,start       ] GC(1303) Pause Young (Allocation Failure)
[5282.830s][info][gc,heap        ] GC(1303) PSYoungGen: 2616224K(2636288K)->152990K(2636288K) Eden: 2480128K(2480128K)->0K(2480128K) From: 136096K(156160K)->152990K(156160K)
[5282.830s][info][gc,heap        ] GC(1303) ParOldGen: 2889481K(4178432K)->2981833K(4178432K)
[5282.830s][info][gc,metaspace   ] GC(1303) Metaspace: 29108K(29504K)->29108K(29504K) NonClass: 24218K(24384K)->24218K(24384K) Class: 4889K(5120K)->4889K(5120K)
[5282.830s][info][gc             ] GC(1303) Pause Young (Allocation Failure) 5376M->3061M(6655M) 101.166ms
[5282.830s][info][gc,cpu         ] GC(1303) User=0.60s Sys=0.00s Real=0.11s
...[5285.022s][info][gc,start       ] GC(1304) Pause Young (Allocation Failure)
[5285.116s][info][gc,heap        ] GC(1304) PSYoungGen: 2633118K(2636288K)->145760K(2637824K) Eden: 2480128K(2480128K)->0K(2479104K) From: 152990K(156160K)->145760K(158720K)
[5285.116s][info][gc,heap        ] GC(1304) ParOldGen: 2981833K(4178432K)->3072065K(4178432K)
[5285.116s][info][gc,metaspace   ] GC(1304) Metaspace: 29108K(29504K)->29108K(29504K) NonClass: 24218K(24384K)->24218K(24384K) Class: 4889K(5120K)->4889K(5120K)
[5285.116s][info][gc             ] GC(1304) Pause Young (Allocation Failure) 5483M->3142M(6656M) 94.743ms
[5285.116s][info][gc,cpu         ] GC(1304) User=0.56s Sys=0.00s Real=0.09s
..[5287.277s][info][gc,start       ] GC(1305) Pause Young (Allocation Failure)
[5287.374s][info][gc,heap        ] GC(1305) PSYoungGen: 2624864K(2637824K)->146656K(2626048K) Eden: 2479104K(2479104K)->0K(2479104K) From: 145760K(158720K)->146656K(146944K)
[5287.374s][info][gc,heap        ] GC(1305) ParOldGen: 3072065K(4178432K)->3164217K(4178432K)
[5287.374s][info][gc,metaspace   ] GC(1305) Metaspace: 29108K(29504K)->29108K(29504K) NonClass: 24218K(24384K)->24218K(24384K) Class: 4889K(5120K)->4889K(5120K)
[5287.374s][info][gc             ] GC(1305) Pause Young (Allocation Failure) 5563M->3233M(6645M) 97.089ms
[5287.374s][info][gc,cpu         ] GC(1305) User=0.58s Sys=0.00s Real=0.10s
..[5289.516s][info][gc,start       ] GC(1306) Pause Young (Allocation Failure)
[5289.614s][info][gc,heap        ] GC(1306) PSYoungGen: 2625760K(2626048K)->152164K(2635264K) Eden: 2479104K(2479104K)->0K(2477568K) From: 146656K(146944K)->152164K(157696K)
[5289.614s][info][gc,heap        ] GC(1306) ParOldGen: 3164217K(4178432K)->3255281K(4178432K)
[5289.614s][info][gc,metaspace   ] GC(1306) Metaspace: 29108K(29504K)->29108K(29504K) NonClass: 24218K(24384K)->24218K(24384K) Class: 4889K(5120K)->4889K(5120K)
[5289.614s][info][gc             ] GC(1306) Pause Young (Allocation Failure) 5654M->3327M(6654M) 98.530ms
[5289.614s][info][gc,cpu         ] GC(1306) User=0.59s Sys=0.00s Real=0.10s
..[5291.694s][info][gc,start       ] GC(1307) Pause Young (Allocation Failure)
[5291.789s][info][gc,heap        ] GC(1307) PSYoungGen: 2629732K(2635264K)->139520K(2636800K) Eden: 2477568K(2477568K)->0K(2477568K) From: 152164K(157696K)->139520K(159232K)
[5291.789s][info][gc,heap        ] GC(1307) ParOldGen: 3255281K(4178432K)->3347681K(4178432K)
[5291.789s][info][gc,metaspace   ] GC(1307) Metaspace: 29108K(29504K)->29108K(29504K) NonClass: 24218K(24384K)->24218K(24384K) Class: 4889K(5120K)->4889K(5120K)
[5291.789s][info][gc             ] GC(1307) Pause Young (Allocation Failure) 5747M->3405M(6655M) 95.275ms
[5291.789s][info][gc,cpu         ] GC(1307) User=0.56s Sys=0.00s Real=0.09s
...[5293.992s][info][gc,start       ] GC(1308) Pause Young (Allocation Failure)
[5294.089s][info][gc,heap        ] GC(1308) PSYoungGen: 2617088K(2636800K)->147925K(2636288K) Eden: 2477568K(2477568K)->0K(2478080K) From: 139520K(159232K)->147925K(158208K)
[5294.089s][info][gc,heap        ] GC(1308) ParOldGen: 3347681K(4178432K)->3438649K(4178432K)
[5294.089s][info][gc,metaspace   ] GC(1308) Metaspace: 29108K(29504K)->29108K(29504K) NonClass: 24218K(24384K)->24218K(24384K) Class: 4889K(5120K)->4889K(5120K)
[5294.089s][info][gc             ] GC(1308) Pause Young (Allocation Failure) 5824M->3502M(6655M) 97.785ms
[5294.089s][info][gc,cpu         ] GC(1308) User=0.58s Sys=0.00s Real=0.10s
..[5296.259s][info][gc,start       ] GC(1309) Pause Young (Allocation Failure)
[5296.358s][info][gc,heap        ] GC(1309) PSYoungGen: 2626005K(2636288K)->149824K(2636800K) Eden: 2478080K(2478080K)->0K(2478080K) From: 147925K(158208K)->149824K(158720K)
[5296.358s][info][gc,heap        ] GC(1309) ParOldGen: 3438649K(4178432K)->3531329K(4178432K)
[5296.358s][info][gc,metaspace   ] GC(1309) Metaspace: 29108K(29504K)->29108K(29504K) NonClass: 24218K(24384K)->24218K(24384K) Class: 4889K(5120K)->4889K(5120K)
[5296.358s][info][gc             ] GC(1309) Pause Young (Allocation Failure) 5922M->3594M(6655M) 98.576ms
[5296.358s][info][gc,cpu         ] GC(1309) User=0.58s Sys=0.01s Real=0.10s
..[5298.454s][info][gc,start       ] GC(1310) Pause Young (Allocation Failure)
[5298.556s][info][gc,heap        ] GC(1310) PSYoungGen: 2627904K(2636800K)->155136K(2632704K) Eden: 2478080K(2478080K)->0K(2473472K) From: 149824K(158720K)->155136K(159232K)
[5298.556s][info][gc,heap        ] GC(1310) ParOldGen: 3531329K(4178432K)->3622353K(4178432K)
[5298.556s][info][gc,metaspace   ] GC(1310) Metaspace: 29108K(29504K)->29108K(29504K) NonClass: 24218K(24384K)->24218K(24384K) Class: 4889K(5120K)->4889K(5120K)
[5298.556s][info][gc             ] GC(1310) Pause Young (Allocation Failure) 6014M->3688M(6651M) 101.901ms
[5298.556s][info][gc,cpu         ] GC(1310) User=0.61s Sys=0.00s Real=0.10s
..[5300.680s][info][gc,start       ] GC(1311) Pause Young (Allocation Failure)
[5300.778s][info][gc,heap        ] GC(1311) PSYoungGen: 2628608K(2632704K)->141856K(2634752K) Eden: 2473472K(2473472K)->0K(2473472K) From: 155136K(159232K)->141856K(161280K)
[5300.778s][info][gc,heap        ] GC(1311) ParOldGen: 3622353K(4178432K)->3713337K(4178432K)
[5300.778s][info][gc,metaspace   ] GC(1311) Metaspace: 29108K(29504K)->29108K(29504K) NonClass: 24218K(24384K)->24218K(24384K) Class: 4889K(5120K)->4889K(5120K)
[5300.778s][info][gc             ] GC(1311) Pause Young (Allocation Failure) 6104M->3764M(6653M) 97.166ms
[5300.778s][info][gc,cpu         ] GC(1311) User=0.57s Sys=0.00s Real=0.09s
..[5302.856s][info][gc,start       ] GC(1312) Pause Young (Allocation Failure)
[5302.951s][info][gc,heap        ] GC(1312) PSYoungGen: 2615328K(2634752K)->142624K(2632192K) Eden: 2473472K(2473472K)->0K(2473984K) From: 141856K(161280K)->142624K(158208K)
[5302.951s][info][gc,heap        ] GC(1312) ParOldGen: 3713337K(4178432K)->3803977K(4178432K)
[5302.951s][info][gc,metaspace   ] GC(1312) Metaspace: 29108K(29504K)->29108K(29504K) NonClass: 24218K(24384K)->24218K(24384K) Class: 4889K(5120K)->4889K(5120K)
[5302.951s][info][gc             ] GC(1312) Pause Young (Allocation Failure) 6180M->3854M(6651M) 94.999ms
[5302.951s][info][gc,cpu         ] GC(1312) User=0.56s Sys=0.00s Real=0.10s
...[5305.128s][info][gc,start       ] GC(1313) Pause Young (Allocation Failure)
[5305.225s][info][gc,heap        ] GC(1313) PSYoungGen: 2616608K(2632192K)->142709K(2633728K) Eden: 2473984K(2473984K)->0K(2473984K) From: 142624K(158208K)->142709K(159744K)
[5305.225s][info][gc,heap        ] GC(1313) ParOldGen: 3803977K(4178432K)->3898593K(4178432K)
[5305.225s][info][gc,metaspace   ] GC(1313) Metaspace: 29108K(29504K)->29108K(29504K) NonClass: 24218K(24384K)->24218K(24384K) Class: 4889K(5120K)->4889K(5120K)
[5305.225s][info][gc             ] GC(1313) Pause Young (Allocation Failure) 6270M->3946M(6652M) 96.490ms
[5305.225s][info][gc,cpu         ] GC(1313) User=0.57s Sys=0.00s Real=0.10s
..[5307.379s][info][gc,start       ] GC(1314) Pause Young (Allocation Failure)
[5307.475s][info][gc,heap        ] GC(1314) PSYoungGen: 2616693K(2633728K)->147104K(2634752K) Eden: 2473984K(2473984K)->0K(2477568K) From: 142709K(159744K)->147104K(157184K)
[5307.475s][info][gc,heap        ] GC(1314) ParOldGen: 3898593K(4178432K)->3987105K(4178432K)
[5307.475s][info][gc,metaspace   ] GC(1314) Metaspace: 29108K(29504K)->29108K(29504K) NonClass: 24218K(24384K)->24218K(24384K) Class: 4889K(5120K)->4889K(5120K)
[5307.475s][info][gc             ] GC(1314) Pause Young (Allocation Failure) 6362M->4037M(6653M) 96.086ms
[5307.475s][info][gc,cpu         ] GC(1314) User=0.57s Sys=0.00s Real=0.10s
..[5309.611s][info][gc,start       ] GC(1315) Pause Young (Allocation Failure)
[5309.706s][info][gc,heap        ] GC(1315) PSYoungGen: 2624672K(2634752K)->138400K(2635776K) Eden: 2477568K(2477568K)->0K(2477568K) From: 147104K(157184K)->138400K(158208K)
[5309.706s][info][gc,heap        ] GC(1315) ParOldGen: 3987105K(4178432K)->4081409K(4178432K)
[5309.706s][info][gc,metaspace   ] GC(1315) Metaspace: 29108K(29504K)->29108K(29504K) NonClass: 24218K(24384K)->24218K(24384K) Class: 4889K(5120K)->4889K(5120K)
[5309.706s][info][gc             ] GC(1315) Pause Young (Allocation Failure) 6456M->4120M(6654M) 95.412ms
[5309.706s][info][gc,cpu         ] GC(1315) User=0.56s Sys=0.00s Real=0.09s
..[5311.949s][info][gc,start       ] GC(1316) Pause Young (Allocation Failure)
[5312.045s][info][gc,heap        ] GC(1316) PSYoungGen: 2615968K(2635776K)->145760K(2635776K) Eden: 2477568K(2477568K)->0K(2479616K) From: 138400K(158208K)->145760K(156160K)
[5312.045s][info][gc,heap        ] GC(1316) ParOldGen: 4081409K(4178432K)->4171601K(4178432K)
[5312.045s][info][gc,metaspace   ] GC(1316) Metaspace: 29108K(29504K)->29108K(29504K) NonClass: 24218K(24384K)->24218K(24384K) Class: 4889K(5120K)->4889K(5120K)
[5312.045s][info][gc             ] GC(1316) Pause Young (Allocation Failure) 6540M->4216M(6654M) 96.134ms
[5312.045s][info][gc,cpu         ] GC(1316) User=0.57s Sys=0.00s Real=0.10s
...[5314.205s][info][gc,start       ] GC(1317) Pause Young (Allocation Failure)
[5314.307s][info][gc,heap        ] GC(1317) PSYoungGen: 2625376K(2635776K)->146864K(2636800K) Eden: 2479616K(2479616K)->0K(2479616K) From: 145760K(156160K)->146864K(157184K)
[5314.307s][info][gc,heap        ] GC(1317) ParOldGen: 4171601K(4178432K)->4265537K(4265984K)
[5314.307s][info][gc,metaspace   ] GC(1317) Metaspace: 29108K(29504K)->29108K(29504K) NonClass: 24218K(24384K)->24218K(24384K) Class: 4889K(5120K)->4889K(5120K)
[5314.307s][info][gc             ] GC(1317) Pause Young (Allocation Failure) 6637M->4308M(6741M) 102.240ms
[5314.307s][info][gc,cpu         ] GC(1317) User=0.59s Sys=0.02s Real=0.10s
..[5316.516s][info][gc,start       ] GC(1318) Pause Young (Allocation Failure)
[5316.614s][info][gc,heap        ] GC(1318) PSYoungGen: 2626480K(2636800K)->138656K(2638336K) Eden: 2479616K(2479616K)->0K(2482176K) From: 146864K(157184K)->138656K(156160K)
[5316.614s][info][gc,heap        ] GC(1318) ParOldGen: 4265537K(4265984K)->4355305K(4355584K)
[5316.614s][info][gc,metaspace   ] GC(1318) Metaspace: 29108K(29504K)->29108K(29504K) NonClass: 24218K(24384K)->24218K(24384K) Class: 4889K(5120K)->4889K(5120K)
[5316.614s][info][gc             ] GC(1318) Pause Young (Allocation Failure) 6730M->4388M(6830M) 97.385ms
[5316.614s][info][gc,cpu         ] GC(1318) User=0.55s Sys=0.03s Real=0.10s
.. (rIR:aIR:PR = 8994:8961:8961) (tPR = 133419) [OK] 
  5317s: Performance info:
         Transaction,    Success,    Partial,     Failed,   Receipts, AvgBarcode, 
             Overall,     541470,          0,          0,     514422,      59.47, 
         Response times:
             Request,    Success,    Partial,     Failed,   SkipFail,     Probes,    Samples,      min,      p50,      p90,      p95,      p99,      max, 
       TotalPurchase,     514428,          0,          0,          0,     361436,     455331,      200,     5600,    19100,    42000,    86000,   201000,
     InStorePurchase,     272158,          0,          0,          0,     190213,     239174,      300,     5800,    19800,    43000,    88000,   201000,
      OnlinePurchase,     188038,          0,          0,          0,     132467,     167136,      200,     5500,    18600,    41150,    85000,   201000,
        InstPurchase,      54232,          0,          0,          0,      38756,      49021,      300,     5200,    17900,    39000,    82000,   201000,
          AssocOfCat,        543,          0,          0,          0,        474,        662,    21000,    36000,    62000,    86850,   147370,   164000,
      AssocOfProduct,       5426,          0,          0,          0,       3967,       5264,      500,     3700,    17500,    35000,    80000,   194000,
      BusinessReport,       1358,          0,          0,          0,       1204,       1631,    24000,    46000,    76000,   110000,   158000,   202000,
          CustBuyBeh,       5469,          0,          0,          0,       3991,       5267,      200,     5600,    18200,    40000,    82000,   157000,
       ProductReturn,      14250,          0,          0,          0,      10378,      13371,      200,     5600,    19600,    42000,    80280,   156000,

  5317s: (66%)   IR =   9132 [5318.833s][info][gc,start       ] GC(1319) Pause Young (Allocation Failure)
[5318.932s][info][gc,heap        ] GC(1319) PSYoungGen: 2620832K(2638336K)->140416K(2638848K) Eden: 2482176K(2482176K)->0K(2482176K) From: 138656K(156160K)->140416K(156672K)
[5318.933s][info][gc,heap        ] GC(1319) ParOldGen: 4355305K(4355584K)->4446737K(4447232K)
[5318.933s][info][gc,metaspace   ] GC(1319) Metaspace: 29108K(29504K)->29108K(29504K) NonClass: 24218K(24384K)->24218K(24384K) Class: 4889K(5120K)->4889K(5120K)
[5318.933s][info][gc             ] GC(1319) Pause Young (Allocation Failure) 6812M->4479M(6920M) 99.936ms
[5318.933s][info][gc,cpu         ] GC(1319) User=0.57s Sys=0.03s Real=0.10s
..[5321.087s][info][gc,start       ] GC(1320) Pause Young (Allocation Failure)
[5321.187s][info][gc,heap        ] GC(1320) PSYoungGen: 2622592K(2638848K)->139456K(2638336K) Eden: 2482176K(2482176K)->0K(2483200K) From: 140416K(156672K)->139456K(155136K)
[5321.187s][info][gc,heap        ] GC(1320) ParOldGen: 4446737K(4447232K)->4539913K(4540416K)
[5321.187s][info][gc,metaspace   ] GC(1320) Metaspace: 29108K(29504K)->29108K(29504K) NonClass: 24218K(24384K)->24218K(24384K) Class: 4889K(5120K)->4889K(5120K)
[5321.187s][info][gc             ] GC(1320) Pause Young (Allocation Failure) 6903M->4569M(7010M) 99.734ms
[5321.187s][info][gc,cpu         ] GC(1320) User=0.56s Sys=0.03s Real=0.10s
...[5323.303s][info][gc,start       ] GC(1321) Pause Young (Allocation Failure)
[5323.407s][info][gc,heap        ] GC(1321) PSYoungGen: 2622656K(2638336K)->148712K(2638848K) Eden: 2483200K(2483200K)->0K(2483200K) From: 139456K(155136K)->148712K(155648K)
[5323.407s][info][gc,heap        ] GC(1321) ParOldGen: 4539913K(4540416K)->4631281K(4631552K)
[5323.407s][info][gc,metaspace   ] GC(1321) Metaspace: 29108K(29504K)->29108K(29504K) NonClass: 24218K(24384K)->24218K(24384K) Class: 4889K(5120K)->4889K(5120K)
[5323.407s][info][gc             ] GC(1321) Pause Young (Allocation Failure) 6994M->4667M(7100M) 104.492ms
[5323.407s][info][gc,cpu         ] GC(1321) User=0.59s Sys=0.03s Real=0.10s
..[5325.576s][info][gc,start       ] GC(1322) Pause Young (Allocation Failure)
[5325.673s][info][gc,heap        ] GC(1322) PSYoungGen: 2631912K(2638848K)->135584K(2639360K) Eden: 2483200K(2483200K)->0K(2482688K) From: 148712K(155648K)->135584K(156672K)
[5325.673s][info][gc,heap        ] GC(1322) ParOldGen: 4631281K(4631552K)->4722177K(4722688K)
[5325.673s][info][gc,metaspace   ] GC(1322) Metaspace: 29108K(29504K)->29108K(29504K) NonClass: 24218K(24384K)->24218K(24384K) Class: 4889K(5120K)->4889K(5120K)
[5325.673s][info][gc             ] GC(1322) Pause Young (Allocation Failure) 7092M->4743M(7189M) 97.252ms
[5325.673s][info][gc,cpu         ] GC(1322) User=0.55s Sys=0.02s Real=0.10s
..[5327.712s][info][gc,start       ] GC(1323) Pause Young (Allocation Failure)
[5327.813s][info][gc,heap        ] GC(1323) PSYoungGen: 2618272K(2639360K)->146516K(2639360K) Eden: 2482688K(2482688K)->0K(2482688K) From: 135584K(156672K)->146516K(156672K)
[5327.813s][info][gc,heap        ] GC(1323) ParOldGen: 4722177K(4722688K)->4811833K(4812288K)
[5327.813s][info][gc,metaspace   ] GC(1323) Metaspace: 29108K(29504K)->29108K(29504K) NonClass: 24218K(24384K)->24218K(24384K) Class: 4889K(5120K)->4889K(5120K)
[5327.813s][info][gc             ] GC(1323) Pause Young (Allocation Failure) 7168M->4842M(7277M) 100.200ms
[5327.813s][info][gc,cpu         ] GC(1323) User=0.56s Sys=0.03s Real=0.10s
..[5329.936s][info][gc,start       ] GC(1324) Pause Young (Allocation Failure)
[5330.036s][info][gc,heap        ] GC(1324) PSYoungGen: 2629204K(2639360K)->142112K(2637312K) Eden: 2482688K(2482688K)->0K(2482688K) From: 146516K(156672K)->142112K(154624K)
[5330.036s][info][gc,heap        ] GC(1324) ParOldGen: 4811833K(4812288K)->4905593K(4905984K)
[5330.036s][info][gc,metaspace   ] GC(1324) Metaspace: 29108K(29504K)->29108K(29504K) NonClass: 24218K(24384K)->24218K(24384K) Class: 4889K(5120K)->4889K(5120K)
[5330.036s][info][gc             ] GC(1324) Pause Young (Allocation Failure) 7266M->4929M(7366M) 100.465ms
[5330.036s][info][gc,cpu         ] GC(1324) User=0.56s Sys=0.03s Real=0.10s
.|.[5332.211s][info][gc,start       ] GC(1325) Pause Young (Allocation Failure)
[5332.309s][info][gc,heap        ] GC(1325) PSYoungGen: 2624800K(2637312K)->142496K(2638336K) Eden: 2482688K(2482688K)->0K(2482688K) From: 142112K(154624K)->142496K(155648K)
[5332.309s][info][gc,heap        ] GC(1325) ParOldGen: 4905593K(4905984K)->4996137K(4996608K)
[5332.309s][info][gc,metaspace   ] GC(1325) Metaspace: 29108K(29504K)->29108K(29504K) NonClass: 24218K(24384K)->24218K(24384K) Class: 4889K(5120K)->4889K(5120K)
[5332.309s][info][gc             ] GC(1325) Pause Young (Allocation Failure) 7353M->5018M(7456M) 98.509ms
[5332.309s][info][gc,cpu         ] GC(1325) User=0.55s Sys=0.03s Real=0.09s
...[5334.505s][info][gc,start       ] GC(1326) Pause Young (Allocation Failure)
[5334.613s][info][gc,heap        ] GC(1326) PSYoungGen: 2625184K(2638336K)->151424K(2637312K) Eden: 2482688K(2482688K)->0K(2482688K) From: 142496K(155648K)->151424K(154624K)
[5334.613s][info][gc,heap        ] GC(1326) ParOldGen: 4996137K(4996608K)->5087649K(5087744K)
[5334.613s][info][gc,metaspace   ] GC(1326) Metaspace: 29108K(29504K)->29108K(29504K) NonClass: 24218K(24384K)->24218K(24384K) Class: 4889K(5120K)->4889K(5120K)
[5334.613s][info][gc             ] GC(1326) Pause Young (Allocation Failure) 7442M->5116M(7544M) 108.108ms
[5334.613s][info][gc,cpu         ] GC(1326) User=0.61s Sys=0.03s Real=0.11s
..[5336.772s][info][gc,start       ] GC(1327) Pause Young (Allocation Failure)
[5336.874s][info][gc,heap        ] GC(1327) PSYoungGen: 2634112K(2637312K)->143205K(2639360K) Eden: 2482688K(2482688K)->0K(2482688K) From: 151424K(154624K)->143205K(156672K)
[5336.874s][info][gc,heap        ] GC(1327) ParOldGen: 5087649K(5087744K)->5180505K(5180928K)
[5336.874s][info][gc,metaspace   ] GC(1327) Metaspace: 29108K(29504K)->29108K(29504K) NonClass: 24218K(24384K)->24218K(24384K) Class: 4889K(5120K)->4889K(5120K)
[5336.874s][info][gc             ] GC(1327) Pause Young (Allocation Failure) 7540M->5198M(7637M) 102.364ms
[5336.874s][info][gc,cpu         ] GC(1327) User=0.57s Sys=0.03s Real=0.10s
..[5338.972s][info][gc,start       ] GC(1328) Pause Young (Allocation Failure)
[5339.075s][info][gc,heap        ] GC(1328) PSYoungGen: 2625893K(2639360K)->147008K(2638848K) Eden: 2482688K(2482688K)->0K(2484224K) From: 143205K(156672K)->147008K(154624K)
[5339.075s][info][gc,heap        ] GC(1328) ParOldGen: 5180505K(5180928K)->5272897K(5273088K)
[5339.075s][info][gc,metaspace   ] GC(1328) Metaspace: 29108K(29504K)->29108K(29504K) NonClass: 24218K(24384K)->24218K(24384K) Class: 4889K(5120K)->4889K(5120K)
[5339.075s][info][gc             ] GC(1328) Pause Young (Allocation Failure) 7623M->5292M(7726M) 102.788ms
[5339.075s][info][gc,cpu         ] GC(1328) User=0.59s Sys=0.01s Real=0.10s
..[5341.146s][info][gc,start       ] GC(1329) Pause Young (Allocation Failure)
[5341.247s][info][gc,heap        ] GC(1329) PSYoungGen: 2631232K(2638848K)->144544K(2639360K) Eden: 2484224K(2484224K)->0K(2484224K) From: 147008K(154624K)->144544K(155136K)
[5341.247s][info][gc,heap        ] GC(1329) ParOldGen: 5272897K(5273088K)->5363289K(5363712K)
[5341.247s][info][gc,metaspace   ] GC(1329) Metaspace: 29108K(29504K)->29108K(29504K) NonClass: 24218K(24384K)->24218K(24384K) Class: 4889K(5120K)->4889K(5120K)
[5341.247s][info][gc             ] GC(1329) Pause Young (Allocation Failure) 7718M->5378M(7815M) 100.457ms
[5341.247s][info][gc,cpu         ] GC(1329) User=0.57s Sys=0.03s Real=0.10s
..[5343.351s][info][gc,start       ] GC(1330) Pause Young (Allocation Failure)
[5343.451s][info][gc,heap        ] GC(1330) PSYoungGen: 2628768K(2639360K)->145184K(2640384K) Eden: 2484224K(2484224K)->0K(2486784K) From: 144544K(155136K)->145184K(153600K)
[5343.451s][info][gc,heap        ] GC(1330) ParOldGen: 5363289K(5363712K)->5456113K(5456384K)
[5343.451s][info][gc,metaspace   ] GC(1330) Metaspace: 29108K(29504K)->29108K(29504K) NonClass: 24218K(24384K)->24218K(24384K) Class: 4889K(5120K)->4889K(5120K)
[5343.451s][info][gc             ] GC(1330) Pause Young (Allocation Failure) 7804M->5470M(7907M) 100.333ms
[5343.451s][info][gc,cpu         ] GC(1330) User=0.57s Sys=0.03s Real=0.10s
...[5345.584s][info][gc,start       ] GC(1331) Pause Young (Allocation Failure)
[5345.686s][info][gc,heap        ] GC(1331) PSYoungGen: 2631968K(2640384K)->140836K(2640384K) Eden: 2486784K(2486784K)->0K(2486784K) From: 145184K(153600K)->140836K(153600K)
[5345.686s][info][gc,heap        ] GC(1331) ParOldGen: 5456113K(5456384K)->5548561K(5549056K)
[5345.686s][info][gc,metaspace   ] GC(1331) Metaspace: 29108K(29504K)->29108K(29504K) NonClass: 24218K(24384K)->24218K(24384K) Class: 4889K(5120K)->4889K(5120K)
[5345.686s][info][gc             ] GC(1331) Pause Young (Allocation Failure) 7898M->5556M(7997M) 101.686ms
[5345.686s][info][gc,cpu         ] GC(1331) User=0.56s Sys=0.04s Real=0.10s
..[5347.705s][info][gc,start       ] GC(1332) Pause Full (Allocation Failure)
[5347.705s][info][gc,phases,start] GC(1332) Marking Phase
[5348.007s][info][gc,phases      ] GC(1332) Marking Phase 302.046ms
[5348.007s][info][gc,phases,start] GC(1332) Summary Phase
[5348.007s][info][gc,phases      ] GC(1332) Summary Phase 0.092ms
[5348.007s][info][gc,phases,start] GC(1332) Forward
[5348.140s][info][gc,phases      ] GC(1332) Forward 132.504ms
[5348.140s][info][gc,phases,start] GC(1332) Adjust Pointers
[5348.340s][info][gc,phases      ] GC(1332) Adjust Pointers 200.339ms
[5348.340s][info][gc,phases,start] GC(1332) Compaction Phase
[5348.469s][info][gc,phases      ] GC(1332) Compaction Phase 128.438ms
[5348.470s][info][gc,phases,start] GC(1332) Post Compact
[5348.477s][info][gc,phases      ] GC(1332) Post Compact 6.847ms
[5348.596s][info][gc,heap        ] GC(1332) PSYoungGen: 2627620K(2640384K)->0K(2642432K) Eden: 2486784K(2486784K)->0K(2488832K) From: 140836K(153600K)->0K(153600K)
[5348.596s][info][gc,heap        ] GC(1332) ParOldGen: 5548561K(5549056K)->1428793K(1691136K)
[5348.596s][info][gc,metaspace   ] GC(1332) Metaspace: 29108K(29504K)->29108K(29504K) NonClass: 24218K(24384K)->24218K(24384K) Class: 4889K(5120K)->4889K(5120K)
[5348.596s][info][gc             ] GC(1332) Pause Full (Allocation Failure) 7984M->1395M(4232M) 891.058ms
[5348.596s][info][gc,cpu         ] GC(1332) User=4.13s Sys=0.12s Real=0.89s
..[5350.063s][info][gc,start       ] GC(1333) Pause Young (Allocation Failure)
[5350.132s][info][gc,heap        ] GC(1333) PSYoungGen: 2488832K(2642432K)->153589K(2642432K) Eden: 2488832K(2488832K)->0K(2488832K) From: 0K(153600K)->153589K(153600K)
[5350.132s][info][gc,heap        ] GC(1333) ParOldGen: 1428793K(1691136K)->1430185K(1691136K)
[5350.132s][info][gc,metaspace   ] GC(1333) Metaspace: 29108K(29504K)->29108K(29504K) NonClass: 24218K(24384K)->24218K(24384K) Class: 4889K(5120K)->4889K(5120K)
[5350.132s][info][gc             ] GC(1333) Pause Young (Allocation Failure) 3825M->1546M(4232M) 69.421ms
[5350.132s][info][gc,cpu         ] GC(1333) User=0.41s Sys=0.00s Real=0.07s
..[5352.159s][info][gc,start       ] GC(1334) Pause Young (Allocation Failure)
[5352.254s][info][gc,heap        ] GC(1334) PSYoungGen: 2642421K(2642432K)->146756K(2637312K) Eden: 2488832K(2488832K)->0K(2483712K) From: 153589K(153600K)->146756K(153600K)
[5352.254s][info][gc,heap        ] GC(1334) ParOldGen: 1430185K(1691136K)->1524806K(1691136K)
[5352.254s][info][gc,metaspace   ] GC(1334) Metaspace: 29108K(29504K)->29108K(29504K) NonClass: 24218K(24384K)->24218K(24384K) Class: 4889K(5120K)->4889K(5120K)
[5352.254s][info][gc             ] GC(1334) Pause Young (Allocation Failure) 3977M->1632M(4227M) 95.532ms
[5352.254s][info][gc,cpu         ] GC(1334) User=0.57s Sys=0.00s Real=0.10s
..[5354.433s][info][gc,start       ] GC(1335) Pause Young (Allocation Failure)
[5354.528s][info][gc,heap        ] GC(1335) PSYoungGen: 2630468K(2637312K)->149495K(2633216K) Eden: 2483712K(2483712K)->0K(2483712K) From: 146756K(153600K)->149495K(149504K)
[5354.528s][info][gc,heap        ] GC(1335) ParOldGen: 1524806K(1691136K)->1615238K(1691136K)
[5354.528s][info][gc,metaspace   ] GC(1335) Metaspace: 29108K(29504K)->29108K(29504K) NonClass: 24218K(24384K)->24218K(24384K) Class: 4889K(5120K)->4889K(5120K)
[5354.528s][info][gc             ] GC(1335) Pause Young (Allocation Failure) 4057M->1723M(4223M) 95.296ms
[5354.529s][info][gc,cpu         ] GC(1335) User=0.57s Sys=0.00s Real=0.09s
..[5356.648s][info][gc,start       ] GC(1336) Pause Young (Allocation Failure)
[5356.745s][info][gc,heap        ] GC(1336) PSYoungGen: 2633207K(2633216K)->142224K(2639872K) Eden: 2483712K(2483712K)->0K(2483200K) From: 149495K(149504K)->142224K(156672K)
[5356.745s][info][gc,heap        ] GC(1336) ParOldGen: 1615238K(1691136K)->1708878K(1709056K)
[5356.745s][info][gc,metaspace   ] GC(1336) Metaspace: 29108K(29504K)->29108K(29504K) NonClass: 24218K(24384K)->24218K(24384K) Class: 4889K(5120K)->4889K(5120K)
[5356.745s][info][gc             ] GC(1336) Pause Young (Allocation Failure) 4148M->1807M(4247M) 97.029ms
[5356.745s][info][gc,cpu         ] GC(1336) User=0.56s Sys=0.01s Real=0.10s
...[5358.856s][info][gc,start       ] GC(1337) Pause Young (Allocation Failure)
[5358.957s][info][gc,heap        ] GC(1337) PSYoungGen: 2625424K(2639872K)->147605K(2631168K) Eden: 2483200K(2483200K)->0K(2483200K) From: 142224K(156672K)->147605K(147968K)
[5358.957s][info][gc,heap        ] GC(1337) ParOldGen: 1708878K(1709056K)->1799494K(1799680K)
[5358.957s][info][gc,metaspace   ] GC(1337) Metaspace: 29108K(29504K)->29108K(29504K) NonClass: 24218K(24384K)->24218K(24384K) Class: 4889K(5120K)->4889K(5120K)
[5358.957s][info][gc             ] GC(1337) Pause Young (Allocation Failure) 4232M->1901M(4327M) 101.297ms
[5358.957s][info][gc,cpu         ] GC(1337) User=0.56s Sys=0.04s Real=0.10s
..[5361.114s][info][gc,start       ] GC(1338) Pause Young (Allocation Failure)
[5361.213s][info][gc,heap        ] GC(1338) PSYoungGen: 2630805K(2631168K)->143168K(2639360K) Eden: 2483200K(2483200K)->0K(2483712K) From: 147605K(147968K)->143168K(155648K)
[5361.213s][info][gc,heap        ] GC(1338) ParOldGen: 1799494K(1799680K)->1891366K(1891840K)
[5361.213s][info][gc,metaspace   ] GC(1338) Metaspace: 29108K(29504K)->29108K(29504K) NonClass: 24218K(24384K)->24218K(24384K) Class: 4889K(5120K)->4889K(5120K)
[5361.213s][info][gc             ] GC(1338) Pause Young (Allocation Failure) 4326M->1986M(4425M) 99.002ms
[5361.213s][info][gc,cpu         ] GC(1338) User=0.56s Sys=0.03s Real=0.10s
..[5363.384s][info][gc,start       ] GC(1339) Pause Young (Allocation Failure)
[5363.486s][info][gc,heap        ] GC(1339) PSYoungGen: 2626880K(2639360K)->153444K(2638848K) Eden: 2483712K(2483712K)->0K(2483712K) From: 143168K(155648K)->153444K(155136K)
[5363.486s][info][gc,heap        ] GC(1339) ParOldGen: 1891366K(1891840K)->1981710K(1981952K)
[5363.486s][info][gc,metaspace   ] GC(1339) Metaspace: 29108K(29504K)->29108K(29504K) NonClass: 24218K(24384K)->24218K(24384K) Class: 4889K(5120K)->4889K(5120K)
[5363.486s][info][gc             ] GC(1339) Pause Young (Allocation Failure) 4412M->2085M(4512M) 101.382ms
[5363.486s][info][gc,cpu         ] GC(1339) User=0.57s Sys=0.03s Real=0.10s
..[5365.527s][info][gc,start       ] GC(1340) Pause Young (Allocation Failure)
[5365.624s][info][gc,heap        ] GC(1340) PSYoungGen: 2637156K(2638848K)->136147K(2637824K) Eden: 2483712K(2483712K)->0K(2480640K) From: 153444K(155136K)->136147K(157184K)
[5365.624s][info][gc,heap        ] GC(1340) ParOldGen: 1981710K(1981952K)->2075886K(2076160K)
[5365.624s][info][gc,metaspace   ] GC(1340) Metaspace: 29108K(29504K)->29108K(29504K) NonClass: 24218K(24384K)->24218K(24384K) Class: 4889K(5120K)->4889K(5120K)
[5365.624s][info][gc             ] GC(1340) Pause Young (Allocation Failure) 4510M->2160M(4603M) 96.285ms
[5365.624s][info][gc,cpu         ] GC(1340) User=0.54s Sys=0.03s Real=0.10s
..[5367.744s][info][gc,start       ] GC(1341) Pause Young (Allocation Failure)
[5367.840s][info][gc,heap        ] GC(1341) PSYoungGen: 2616787K(2637824K)->139392K(2638336K) Eden: 2480640K(2480640K)->0K(2480640K) From: 136147K(157184K)->139392K(157696K)
[5367.840s][info][gc,heap        ] GC(1341) ParOldGen: 2075886K(2076160K)->2166134K(2166272K)
[5367.840s][info][gc,metaspace   ] GC(1341) Metaspace: 29108K(29504K)->29108K(29504K) NonClass: 24218K(24384K)->24218K(24384K) Class: 4889K(5120K)->4889K(5120K)
[5367.840s][info][gc             ] GC(1341) Pause Young (Allocation Failure) 4582M->2251M(4692M) 96.295ms
[5367.840s][info][gc,cpu         ] GC(1341) User=0.55s Sys=0.03s Real=0.10s
...[5369.917s][info][gc,start       ] GC(1342) Pause Young (Allocation Failure)
[5370.018s][info][gc,heap        ] GC(1342) PSYoungGen: 2620032K(2638336K)->151460K(2636288K) Eden: 2480640K(2480640K)->0K(2478592K) From: 139392K(157696K)->151460K(157696K)
[5370.018s][info][gc,heap        ] GC(1342) ParOldGen: 2166134K(2166272K)->2255158K(2255360K)
[5370.018s][info][gc,metaspace   ] GC(1342) Metaspace: 29108K(29504K)->29108K(29504K) NonClass: 24218K(24384K)->24218K(24384K) Class: 4889K(5120K)->4889K(5120K)
[5370.018s][info][gc             ] GC(1342) Pause Young (Allocation Failure) 4673M->2350M(4777M) 101.586ms
[5370.018s][info][gc,cpu         ] GC(1342) User=0.59s Sys=0.01s Real=0.10s
..[5372.090s][info][gc,start       ] GC(1343) Pause Young (Allocation Failure)
[5372.188s][info][gc,heap        ] GC(1343) PSYoungGen: 2630052K(2636288K)->144624K(2637312K) Eden: 2478592K(2478592K)->0K(2478592K) From: 151460K(157696K)->144624K(158720K)
[5372.188s][info][gc,heap        ] GC(1343) ParOldGen: 2255158K(2255360K)->2348598K(2349056K)
[5372.188s][info][gc,metaspace   ] GC(1343) Metaspace: 29108K(29504K)->29108K(29504K) NonClass: 24218K(24384K)->24218K(24384K) Class: 4889K(5120K)->4889K(5120K)
[5372.188s][info][gc             ] GC(1343) Pause Young (Allocation Failure) 4770M->2434M(4869M) 97.890ms
[5372.188s][info][gc,cpu         ] GC(1343) User=0.55s Sys=0.03s Real=0.09s
..[5374.333s][info][gc,start       ] GC(1344) Pause Young (Allocation Failure)
[5374.436s][info][gc,heap        ] GC(1344) PSYoungGen: 2623216K(2637312K)->152596K(2635264K) Eden: 2478592K(2478592K)->0K(2477568K) From: 144624K(158720K)->152596K(157696K)
[5374.436s][info][gc,heap        ] GC(1344) ParOldGen: 2348598K(2349056K)->2439654K(2439680K)
[5374.436s][info][gc,metaspace   ] GC(1344) Metaspace: 29108K(29504K)->29108K(29504K) NonClass: 24218K(24384K)->24218K(24384K) Class: 4889K(5120K)->4889K(5120K)
[5374.436s][info][gc             ] GC(1344) Pause Young (Allocation Failure) 4855M->2531M(4956M) 102.475ms
[5374.436s][info][gc,cpu         ] GC(1344) User=0.58s Sys=0.03s Real=0.10s
..[5376.462s][info][gc,start       ] GC(1345) Pause Young (Allocation Failure)
[5376.559s][info][gc,heap        ] GC(1345) PSYoungGen: 2630164K(2635264K)->144928K(2636800K) Eden: 2477568K(2477568K)->0K(2477568K) From: 152596K(157696K)->144928K(159232K)
[5376.559s][info][gc,heap        ] GC(1345) ParOldGen: 2439654K(2439680K)->2531414K(2531840K)
[5376.559s][info][gc,metaspace   ] GC(1345) Metaspace: 29108K(29504K)->29108K(29504K) NonClass: 24218K(24384K)->24218K(24384K) Class: 4889K(5120K)->4889K(5120K)
[5376.559s][info][gc             ] GC(1345) Pause Young (Allocation Failure) 4950M->2613M(5047M) 97.395ms
[5376.559s][info][gc,cpu         ] GC(1345) User=0.56s Sys=0.02s Real=0.09s
..[5378.746s][info][gc,start       ] GC(1346) Pause Young (Allocation Failure)
[5378.844s][info][gc,heap        ] GC(1346) PSYoungGen: 2622496K(2636800K)->141856K(2635264K) Eden: 2477568K(2477568K)->0K(2478592K) From: 144928K(159232K)->141856K(156672K)
[5378.844s][info][gc,heap        ] GC(1346) ParOldGen: 2531414K(2531840K)->2621742K(2621952K)
[5378.844s][info][gc,metaspace   ] GC(1346) Metaspace: 29108K(29504K)->29108K(29504K) NonClass: 24218K(24384K)->24218K(24384K) Class: 4889K(5120K)->4889K(5120K)
[5378.844s][info][gc             ] GC(1346) Pause Young (Allocation Failure) 5033M->2698M(5134M) 98.203ms
[5378.844s][info][gc,cpu         ] GC(1346) User=0.56s Sys=0.02s Real=0.10s
...[5380.940s][info][gc,start       ] GC(1347) Pause Young (Allocation Failure)
[5381.038s][info][gc,heap        ] GC(1347) PSYoungGen: 2620448K(2635264K)->141472K(2636288K) Eden: 2478592K(2478592K)->0K(2478592K) From: 141856K(156672K)->141472K(157696K)
[5381.038s][info][gc,heap        ] GC(1347) ParOldGen: 2621742K(2621952K)->2715366K(2715648K)
[5381.038s][info][gc,metaspace   ] GC(1347) Metaspace: 29108K(29504K)->29108K(29504K) NonClass: 24218K(24384K)->24218K(24384K) Class: 4889K(5120K)->4889K(5120K)
[5381.038s][info][gc             ] GC(1347) Pause Young (Allocation Failure) 5119M->2789M(5226M) 98.068ms
[5381.038s][info][gc,cpu         ] GC(1347) User=0.55s Sys=0.02s Real=0.09s
..[5383.159s][info][gc,start       ] GC(1348) Pause Young (Allocation Failure)
[5383.261s][info][gc,heap        ] GC(1348) PSYoungGen: 2620064K(2636288K)->151220K(2636800K) Eden: 2478592K(2478592K)->0K(2479616K) From: 141472K(157696K)->151220K(157184K)
[5383.261s][info][gc,heap        ] GC(1348) ParOldGen: 2715366K(2715648K)->2805518K(2805760K)
[5383.261s][info][gc,metaspace   ] GC(1348) Metaspace: 29108K(29504K)->29108K(29504K) NonClass: 24218K(24384K)->24218K(24384K) Class: 4889K(5120K)->4889K(5120K)
[5383.261s][info][gc             ] GC(1348) Pause Young (Allocation Failure) 5210M->2887M(5315M) 101.582ms
[5383.261s][info][gc,cpu         ] GC(1348) User=0.58s Sys=0.03s Real=0.11s
..[5385.430s][info][gc,start       ] GC(1349) Pause Young (Allocation Failure)
[5385.529s][info][gc,heap        ] GC(1349) PSYoungGen: 2630836K(2636800K)->147264K(2637824K) Eden: 2479616K(2479616K)->0K(2479616K) From: 151220K(157184K)->147264K(158208K)
[5385.529s][info][gc,heap        ] GC(1349) ParOldGen: 2805518K(2805760K)->2895430K(2895872K)
[5385.529s][info][gc,metaspace   ] GC(1349) Metaspace: 29108K(29504K)->29108K(29504K) NonClass: 24218K(24384K)->24218K(24384K) Class: 4889K(5120K)->4889K(5120K)
[5385.529s][info][gc             ] GC(1349) Pause Young (Allocation Failure) 5308M->2971M(5404M) 98.633ms
[5385.529s][info][gc,cpu         ] GC(1349) User=0.56s Sys=0.03s Real=0.09s
..[5387.543s][info][gc,start       ] GC(1350) Pause Young (Allocation Failure)
[5387.641s][info][gc,heap        ] GC(1350) PSYoungGen: 2626880K(2637824K)->138259K(2637312K) Eden: 2479616K(2479616K)->0K(2480128K) From: 147264K(158208K)->138259K(157184K)
[5387.641s][info][gc,heap        ] GC(1350) ParOldGen: 2895430K(2895872K)->2988310K(2988544K)
[5387.641s][info][gc,metaspace   ] GC(1350) Metaspace: 29108K(29504K)->29108K(29504K) NonClass: 24218K(24384K)->24218K(24384K) Class: 4889K(5120K)->4889K(5120K)
[5387.641s][info][gc             ] GC(1350) Pause Young (Allocation Failure) 5392M->3053M(5494M) 98.288ms
[5387.641s][info][gc,cpu         ] GC(1350) User=0.55s Sys=0.03s Real=0.10s
..[5389.804s][info][gc,start       ] GC(1351) Pause Young (Allocation Failure)
[5389.900s][info][gc,heap        ] GC(1351) PSYoungGen: 2618387K(2637312K)->138304K(2637824K) Eden: 2480128K(2480128K)->0K(2480128K) From: 138259K(157184K)->138304K(157696K)
[5389.900s][info][gc,heap        ] GC(1351) ParOldGen: 2988310K(2988544K)->3081062K(3081216K)
[5389.900s][info][gc,metaspace   ] GC(1351) Metaspace: 29108K(29504K)->29108K(29504K) NonClass: 24218K(24384K)->24218K(24384K) Class: 4889K(5120K)->4889K(5120K)
[5389.900s][info][gc             ] GC(1351) Pause Young (Allocation Failure) 5475M->3143M(5585M) 95.649ms
[5389.900s][info][gc,cpu         ] GC(1351) User=0.54s Sys=0.03s Real=0.10s
.. (rIR:aIR:PR = 9132:9100:9100) (tPR = 135481) [OK] 
  5390s: Performance info:
         Transaction,    Success,    Partial,     Failed,   Receipts, AvgBarcode, 
             Overall,     552085,          0,          0,     524476,      59.48, 
         Response times:
             Request,    Success,    Partial,     Failed,   SkipFail,     Probes,    Samples,      min,      p50,      p90,      p95,      p99,      max, 
       TotalPurchase,     524472,          0,          0,          0,     354365,     438547,      300,     5600,    31000,    61000,   288000,   950000,
     InStorePurchase,     274896,          0,          0,          0,     185459,     229315,      300,     5500,    32000,    65000,   509000,   950000,
      OnlinePurchase,     193770,          0,          0,          0,     130977,     162184,      300,     5800,    28000,    54000,   176300,   920000,
        InstPurchase,      55806,          0,          0,          0,      37929,      47048,      300,     5800,    34000,    68000,   288000,   940000,
          AssocOfCat,        556,          0,          0,          0,        459,        680,    23000,    40000,    85000,   139950,   391000,   435000,
      AssocOfProduct,       5569,          0,          0,          0,       3945,       5156,     1000,     5600,    32000,    69000,   446000,   460000,
      BusinessReport,       1384,          0,          0,          0,       1208,       1582,    27000,    48000,    97400,   150000,   315420,   980000,
          CustBuyBeh,       5533,          0,          0,          0,       4002,       5122,      200,     5200,    33000,    64000,   510000,   527000,
       ProductReturn,      14567,          0,          0,          0,       9091,      11497,      300,     6100,    32000,    68000,   475000,   910000,

  5390s: (67%)   IR =   9271 .[5392.035s][info][gc,start       ] GC(1352) Pause Young (Allocation Failure)
[5392.134s][info][gc,heap        ] GC(1352) PSYoungGen: 2618432K(2637824K)->146096K(2636288K) Eden: 2480128K(2480128K)->0K(2480640K) From: 138304K(157696K)->146096K(155648K)
[5392.134s][info][gc,heap        ] GC(1352) ParOldGen: 3081062K(3081216K)->3172014K(3172352K)
[5392.134s][info][gc,metaspace   ] GC(1352) Metaspace: 29108K(29504K)->29108K(29504K) NonClass: 24218K(24384K)->24218K(24384K) Class: 4889K(5120K)->4889K(5120K)
[5392.134s][info][gc             ] GC(1352) Pause Young (Allocation Failure) 5565M->3240M(5672M) 99.512ms
[5392.134s][info][gc,cpu         ] GC(1352) User=0.56s Sys=0.02s Real=0.10s
..[5394.217s][info][gc,start       ] GC(1353) Pause Young (Allocation Failure)
[5394.315s][info][gc,heap        ] GC(1353) PSYoungGen: 2626736K(2636288K)->144288K(2637312K) Eden: 2480640K(2480640K)->0K(2480640K) From: 146096K(155648K)->144288K(156672K)
[5394.315s][info][gc,heap        ] GC(1353) ParOldGen: 3172014K(3172352K)->3263910K(3264000K)
[5394.315s][info][gc,metaspace   ] GC(1353) Metaspace: 29108K(29504K)->29108K(29504K) NonClass: 24218K(24384K)->24218K(24384K) Class: 4889K(5120K)->4889K(5120K)
[5394.315s][info][gc             ] GC(1353) Pause Young (Allocation Failure) 5662M->3328M(5763M) 98.136ms
[5394.315s][info][gc,cpu         ] GC(1353) User=0.56s Sys=0.02s Real=0.10s
.|.[5396.430s][info][gc,start       ] GC(1354) Pause Young (Allocation Failure)
[5396.530s][info][gc,heap        ] GC(1354) PSYoungGen: 2624928K(2637312K)->151488K(2637312K) Eden: 2480640K(2480640K)->0K(2481664K) From: 144288K(156672K)->151488K(155648K)
[5396.530s][info][gc,heap        ] GC(1354) ParOldGen: 3263910K(3264000K)->3353910K(3354112K)
[5396.530s][info][gc,metaspace   ] GC(1354) Metaspace: 29108K(29504K)->29108K(29504K) NonClass: 24218K(24384K)->24218K(24384K) Class: 4889K(5120K)->4889K(5120K)
[5396.530s][info][gc             ] GC(1354) Pause Young (Allocation Failure) 5750M->3423M(5851M) 100.270ms
[5396.530s][info][gc,cpu         ] GC(1354) User=0.57s Sys=0.02s Real=0.10s
..[5398.580s][info][gc,start       ] GC(1355) Pause Young (Allocation Failure)
[5398.682s][info][gc,heap        ] GC(1355) PSYoungGen: 2633152K(2637312K)->140208K(2638848K) Eden: 2481664K(2481664K)->0K(2481664K) From: 151488K(155648K)->140208K(157184K)
[5398.682s][info][gc,heap        ] GC(1355) ParOldGen: 3353910K(3354112K)->3449310K(3449344K)
[5398.682s][info][gc,metaspace   ] GC(1355) Metaspace: 29108K(29504K)->29108K(29504K) NonClass: 24218K(24384K)->24218K(24384K) Class: 4889K(5120K)->4889K(5120K)
[5398.682s][info][gc             ] GC(1355) Pause Young (Allocation Failure) 5846M->3505M(5945M) 101.780ms
[5398.682s][info][gc,cpu         ] GC(1355) User=0.57s Sys=0.02s Real=0.10s
..[5400.810s][info][gc,start       ] GC(1356) Pause Young (Allocation Failure)
[5400.915s][info][gc,heap        ] GC(1356) PSYoungGen: 2621872K(2638848K)->152037K(2636288K) Eden: 2481664K(2481664K)->0K(2479616K) From: 140208K(157184K)->152037K(156672K)
[5400.915s][info][gc,heap        ] GC(1356) ParOldGen: 3449310K(3449344K)->3540878K(3540992K)
[5400.915s][info][gc,metaspace   ] GC(1356) Metaspace: 29108K(29504K)->29108K(29504K) NonClass: 24218K(24384K)->24218K(24384K) Class: 4889K(5120K)->4889K(5120K)
[5400.915s][info][gc             ] GC(1356) Pause Young (Allocation Failure) 5928M->3606M(6032M) 105.167ms
[5400.915s][info][gc,cpu         ] GC(1356) User=0.59s Sys=0.03s Real=0.10s
..[5402.951s][info][gc,start       ] GC(1357) Pause Young (Allocation Failure)
[5403.049s][info][gc,heap        ] GC(1357) PSYoungGen: 2631653K(2636288K)->143200K(2637824K) Eden: 2479616K(2479616K)->0K(2479616K) From: 152037K(156672K)->143200K(158208K)
[5403.049s][info][gc,heap        ] GC(1357) ParOldGen: 3540878K(3540992K)->3632990K(3633152K)
[5403.049s][info][gc,metaspace   ] GC(1357) Metaspace: 29108K(29504K)->29108K(29504K) NonClass: 24218K(24384K)->24218K(24384K) Class: 4889K(5120K)->4889K(5120K)
[5403.049s][info][gc             ] GC(1357) Pause Young (Allocation Failure) 6027M->3687M(6124M) 98.262ms
[5403.049s][info][gc,cpu         ] GC(1357) User=0.55s Sys=0.04s Real=0.09s
...[5405.239s][info][gc,start       ] GC(1358) Pause Young (Allocation Failure)
[5405.342s][info][gc,heap        ] GC(1358) PSYoungGen: 2622816K(2637824K)->153184K(2635264K) Eden: 2479616K(2479616K)->0K(2477568K) From: 143200K(158208K)->153184K(157696K)
[5405.342s][info][gc,heap        ] GC(1358) ParOldGen: 3632990K(3633152K)->3724718K(3724800K)
[5405.342s][info][gc,metaspace   ] GC(1358) Metaspace: 29108K(29504K)->29108K(29504K) NonClass: 24218K(24384K)->24218K(24384K) Class: 4889K(5120K)->4889K(5120K)
[5405.342s][info][gc             ] GC(1358) Pause Young (Allocation Failure) 6109M->3787M(6211M) 103.127ms
[5405.342s][info][gc,cpu         ] GC(1358) User=0.59s Sys=0.03s Real=0.11s
..[5407.360s][info][gc,start       ] GC(1359) Pause Young (Allocation Failure)
[5407.462s][info][gc,heap        ] GC(1359) PSYoungGen: 2630752K(2635264K)->152688K(2630656K) Eden: 2477568K(2477568K)->0K(2477568K) From: 153184K(157696K)->152688K(153088K)
[5407.462s][info][gc,heap        ] GC(1359) ParOldGen: 3724718K(3724800K)->3815702K(3815936K)
[5407.462s][info][gc,metaspace   ] GC(1359) Metaspace: 29108K(29504K)->29108K(29504K) NonClass: 24218K(24384K)->24218K(24384K) Class: 4889K(5120K)->4889K(5120K)
[5407.462s][info][gc             ] GC(1359) Pause Young (Allocation Failure) 6206M->3875M(6295M) 101.989ms
[5407.462s][info][gc,cpu         ] GC(1359) User=0.58s Sys=0.03s Real=0.10s
..[5409.608s][info][gc,start       ] GC(1360) Pause Young (Allocation Failure)
[5409.706s][info][gc,heap        ] GC(1360) PSYoungGen: 2630256K(2630656K)->138624K(2635776K) Eden: 2477568K(2477568K)->0K(2475520K) From: 152688K(153088K)->138624K(160256K)
[5409.706s][info][gc,heap        ] GC(1360) ParOldGen: 3815702K(3815936K)->3907230K(3907584K)
[5409.706s][info][gc,metaspace   ] GC(1360) Metaspace: 29108K(29504K)->29108K(29504K) NonClass: 24218K(24384K)->24218K(24384K) Class: 4889K(5120K)->4889K(5120K)
[5409.706s][info][gc             ] GC(1360) Pause Young (Allocation Failure) 6294M->3951M(6390M) 98.137ms
[5409.707s][info][gc,cpu         ] GC(1360) User=0.54s Sys=0.03s Real=0.10s
..[5411.724s][info][gc,start       ] GC(1361) Pause Young (Allocation Failure)
[5411.823s][info][gc,heap        ] GC(1361) PSYoungGen: 2614144K(2635776K)->141152K(2616832K) Eden: 2475520K(2475520K)->0K(2475520K) From: 138624K(160256K)->141152K(141312K)
[5411.823s][info][gc,heap        ] GC(1361) ParOldGen: 3907230K(3907584K)->4000998K(4001280K)
[5411.824s][info][gc,metaspace   ] GC(1361) Metaspace: 29108K(29504K)->29108K(29504K) NonClass: 24218K(24384K)->24218K(24384K) Class: 4889K(5120K)->4889K(5120K)
[5411.824s][info][gc             ] GC(1361) Pause Young (Allocation Failure) 6368M->4045M(6463M) 99.613ms
[5411.824s][info][gc,cpu         ] GC(1361) User=0.56s Sys=0.03s Real=0.10s
..[5413.968s][info][gc,start       ] GC(1362) Pause Young (Allocation Failure)
[5414.073s][info][gc,heap        ] GC(1362) PSYoungGen: 2616672K(2616832K)->150375K(2634752K) Eden: 2475520K(2475520K)->0K(2475008K) From: 141152K(141312K)->150375K(159744K)
[5414.073s][info][gc,heap        ] GC(1362) ParOldGen: 4000998K(4001280K)->4092638K(4092928K)
[5414.073s][info][gc,metaspace   ] GC(1362) Metaspace: 29108K(29504K)->29108K(29504K) NonClass: 24218K(24384K)->24218K(24384K) Class: 4889K(5120K)->4889K(5120K)
[5414.073s][info][gc             ] GC(1362) Pause Young (Allocation Failure) 6462M->4143M(6570M) 104.989ms
[5414.073s][info][gc,cpu         ] GC(1362) User=0.60s Sys=0.02s Real=0.11s
..[5416.117s][info][gc,start       ] GC(1363) Pause Young (Allocation Failure)
[5416.215s][info][gc,heap        ] GC(1363) PSYoungGen: 2625383K(2634752K)->142304K(2635264K) Eden: 2475008K(2475008K)->0K(2475008K) From: 150375K(159744K)->142304K(160256K)
[5416.215s][info][gc,heap        ] GC(1363) ParOldGen: 4092638K(4092928K)->4183534K(4183552K)
[5416.215s][info][gc,metaspace   ] GC(1363) Metaspace: 29108K(29504K)->29108K(29504K) NonClass: 24218K(24384K)->24218K(24384K) Class: 4889K(5120K)->4889K(5120K)
[5416.215s][info][gc             ] GC(1363) Pause Young (Allocation Failure) 6560M->4224M(6659M) 98.669ms
[5416.215s][info][gc,cpu         ] GC(1363) User=0.56s Sys=0.02s Real=0.10s
...[5418.388s][info][gc,start       ] GC(1364) Pause Young (Allocation Failure)
[5418.490s][info][gc,heap        ] GC(1364) PSYoungGen: 2617312K(2635264K)->147008K(2635264K) Eden: 2475008K(2475008K)->0K(2476544K) From: 142304K(160256K)->147008K(158720K)
[5418.490s][info][gc,heap        ] GC(1364) ParOldGen: 4183534K(4183552K)->4275934K(4276224K)
[5418.490s][info][gc,metaspace   ] GC(1364) Metaspace: 29108K(29504K)->29108K(29504K) NonClass: 24218K(24384K)->24218K(24384K) Class: 4889K(5120K)->4889K(5120K)
[5418.490s][info][gc             ] GC(1364) Pause Young (Allocation Failure) 6641M->4319M(6749M) 101.411ms
[5418.490s][info][gc,cpu         ] GC(1364) User=0.57s Sys=0.02s Real=0.11s
..[5420.543s][info][gc,start       ] GC(1365) Pause Young (Allocation Failure)
[5420.643s][info][gc,heap        ] GC(1365) PSYoungGen: 2623552K(2635264K)->139360K(2635264K) Eden: 2476544K(2476544K)->0K(2476544K) From: 147008K(158720K)->139360K(158720K)
[5420.643s][info][gc,heap        ] GC(1365) ParOldGen: 4275934K(4276224K)->4366622K(4366848K)
[5420.643s][info][gc,metaspace   ] GC(1365) Metaspace: 29108K(29504K)->29108K(29504K) NonClass: 24218K(24384K)->24218K(24384K) Class: 4889K(5120K)->4889K(5120K)
[5420.643s][info][gc             ] GC(1365) Pause Young (Allocation Failure) 6737M->4400M(6838M) 100.195ms
[5420.643s][info][gc,cpu         ] GC(1365) User=0.56s Sys=0.03s Real=0.10s
..[5422.754s][info][gc,start       ] GC(1366) Pause Young (Allocation Failure)
[5422.854s][info][gc,heap        ] GC(1366) PSYoungGen: 2615904K(2635264K)->139920K(2636800K) Eden: 2476544K(2476544K)->0K(2478592K) From: 139360K(158720K)->139920K(158208K)
[5422.854s][info][gc,heap        ] GC(1366) ParOldGen: 4366622K(4366848K)->4457950K(4457984K)
[5422.854s][info][gc,metaspace   ] GC(1366) Metaspace: 29108K(29504K)->29108K(29504K) NonClass: 24218K(24384K)->24218K(24384K) Class: 4889K(5120K)->4889K(5120K)
[5422.854s][info][gc             ] GC(1366) Pause Young (Allocation Failure) 6818M->4490M(6928M) 99.533ms
[5422.854s][info][gc,cpu         ] GC(1366) User=0.56s Sys=0.03s Real=0.10s
..[5424.848s][info][gc,start       ] GC(1367) Pause Young (Allocation Failure)
[5424.945s][info][gc,heap        ] GC(1367) PSYoungGen: 2618512K(2636800K)->136512K(2636800K) Eden: 2478592K(2478592K)->0K(2478592K) From: 139920K(158208K)->136512K(158208K)
[5424.945s][info][gc,heap        ] GC(1367) ParOldGen: 4457950K(4457984K)->4551190K(4551680K)
[5424.945s][info][gc,metaspace   ] GC(1367) Metaspace: 29108K(29504K)->29108K(29504K) NonClass: 24218K(24384K)->24218K(24384K) Class: 4889K(5120K)->4889K(5120K)
[5424.945s][info][gc             ] GC(1367) Pause Young (Allocation Failure) 6910M->4577M(7020M) 96.423ms
[5424.945s][info][gc,cpu         ] GC(1367) User=0.54s Sys=0.03s Real=0.10s
..[5427.006s][info][gc,start       ] GC(1368) Pause Young (Allocation Failure)
[5427.106s][info][gc,heap        ] GC(1368) PSYoungGen: 2615104K(2636800K)->142560K(2634752K) Eden: 2478592K(2478592K)->0K(2479616K) From: 136512K(158208K)->142560K(155136K)
[5427.106s][info][gc,heap        ] GC(1368) ParOldGen: 4551190K(4551680K)->4640910K(4641280K)
[5427.106s][info][gc,metaspace   ] GC(1368) Metaspace: 29108K(29504K)->29108K(29504K) NonClass: 24218K(24384K)->24218K(24384K) Class: 4889K(5120K)->4889K(5120K)
[5427.106s][info][gc             ] GC(1368) Pause Young (Allocation Failure) 6998M->4671M(7105M) 99.551ms
[5427.106s][info][gc,cpu         ] GC(1368) User=0.56s Sys=0.03s Real=0.10s
..[5429.246s][info][gc,start       ] GC(1369) Pause Young (Allocation Failure)
[5429.349s][info][gc,heap        ] GC(1369) PSYoungGen: 2622176K(2634752K)->148868K(2636288K) Eden: 2479616K(2479616K)->0K(2479616K) From: 142560K(155136K)->148868K(156672K)
[5429.349s][info][gc,heap        ] GC(1369) ParOldGen: 4640910K(4641280K)->4733214K(4733440K)
[5429.349s][info][gc,metaspace   ] GC(1369) Metaspace: 29108K(29504K)->29108K(29504K) NonClass: 24218K(24384K)->24218K(24384K) Class: 4889K(5120K)->4889K(5120K)
[5429.349s][info][gc             ] GC(1369) Pause Young (Allocation Failure) 7092M->4767M(7197M) 102.519ms
[5429.349s][info][gc,cpu         ] GC(1369) User=0.59s Sys=0.02s Real=0.10s
..[5431.364s][info][gc,start       ] GC(1370) Pause Young (Allocation Failure)
[5431.466s][info][gc,heap        ] GC(1370) PSYoungGen: 2628484K(2636288K)->147030K(2638848K) Eden: 2479616K(2479616K)->0K(2481152K) From: 148868K(156672K)->147030K(157696K)
[5431.466s][info][gc,heap        ] GC(1370) ParOldGen: 4733214K(4733440K)->4825382K(4825600K)
[5431.466s][info][gc,metaspace   ] GC(1370) Metaspace: 29108K(29504K)->29108K(29504K) NonClass: 24218K(24384K)->24218K(24384K) Class: 4889K(5120K)->4889K(5120K)
[5431.466s][info][gc             ] GC(1370) Pause Young (Allocation Failure) 7189M->4855M(7289M) 102.522ms
[5431.466s][info][gc,cpu         ] GC(1370) User=0.58s Sys=0.03s Real=0.10s
...[5433.674s][info][gc,start       ] GC(1371) Pause Young (Allocation Failure)
[5433.773s][info][gc,heap        ] GC(1371) PSYoungGen: 2628182K(2638848K)->136928K(2638336K) Eden: 2481152K(2481152K)->0K(2481152K) From: 147030K(157696K)->136928K(157184K)
[5433.773s][info][gc,heap        ] GC(1371) ParOldGen: 4825382K(4825600K)->4917614K(4917760K)
[5433.773s][info][gc,metaspace   ] GC(1371) Metaspace: 29108K(29504K)->29108K(29504K) NonClass: 24218K(24384K)->24218K(24384K) Class: 4889K(5120K)->4889K(5120K)
[5433.773s][info][gc             ] GC(1371) Pause Young (Allocation Failure) 7278M->4936M(7379M) 98.746ms
[5433.773s][info][gc,cpu         ] GC(1371) User=0.56s Sys=0.02s Real=0.10s
..[5435.809s][info][gc,start       ] GC(1372) Pause Young (Allocation Failure)
[5435.912s][info][gc,heap        ] GC(1372) PSYoungGen: 2618080K(2638336K)->143701K(2637312K) Eden: 2481152K(2481152K)->0K(2481664K) From: 136928K(157184K)->143701K(155648K)
[5435.912s][info][gc,heap        ] GC(1372) ParOldGen: 4917614K(4917760K)->5009102K(5009408K)
[5435.912s][info][gc,metaspace   ] GC(1372) Metaspace: 29108K(29504K)->29108K(29504K) NonClass: 24218K(24384K)->24218K(24384K) Class: 4889K(5120K)->4889K(5120K)
[5435.912s][info][gc             ] GC(1372) Pause Young (Allocation Failure) 7359M->5032M(7467M) 102.945ms
[5435.912s][info][gc,cpu         ] GC(1372) User=0.57s Sys=0.03s Real=0.11s
..[5438.047s][info][gc,start       ] GC(1373) Pause Young (Allocation Failure)
[5438.147s][info][gc,heap        ] GC(1373) PSYoungGen: 2625365K(2637312K)->146544K(2637824K) Eden: 2481664K(2481664K)->0K(2481664K) From: 143701K(155648K)->146544K(156160K)
[5438.147s][info][gc,heap        ] GC(1373) ParOldGen: 5009102K(5009408K)->5100350K(5100544K)
[5438.147s][info][gc,metaspace   ] GC(1373) Metaspace: 29108K(29504K)->29108K(29504K) NonClass: 24218K(24384K)->24218K(24384K) Class: 4889K(5120K)->4889K(5120K)
[5438.147s][info][gc             ] GC(1373) Pause Young (Allocation Failure) 7455M->5123M(7557M) 100.523ms
[5438.147s][info][gc,cpu         ] GC(1373) User=0.56s Sys=0.03s Real=0.10s
..[5440.178s][info][gc,start       ] GC(1374) Pause Young (Allocation Failure)
[5440.278s][info][gc,heap        ] GC(1374) PSYoungGen: 2628208K(2637824K)->143840K(2637824K) Eden: 2481664K(2481664K)->0K(2484224K) From: 146544K(156160K)->143840K(153600K)
[5440.278s][info][gc,heap        ] GC(1374) ParOldGen: 5100350K(5100544K)->5192998K(5193216K)
[5440.278s][info][gc,metaspace   ] GC(1374) Metaspace: 29108K(29504K)->29108K(29504K) NonClass: 24218K(24384K)->24218K(24384K) Class: 4889K(5120K)->4889K(5120K)
[5440.278s][info][gc             ] GC(1374) Pause Young (Allocation Failure) 7547M->5211M(7647M) 100.132ms
[5440.279s][info][gc,cpu         ] GC(1374) User=0.57s Sys=0.02s Real=0.10s
..[5442.456s][info][gc,start       ] GC(1375) Pause Young (Allocation Failure)
[5442.558s][info][gc,heap        ] GC(1375) PSYoungGen: 2628064K(2637824K)->148416K(2638848K) Eden: 2484224K(2484224K)->0K(2484224K) From: 143840K(153600K)->148416K(154624K)
[5442.558s][info][gc,heap        ] GC(1375) ParOldGen: 5192998K(5193216K)->5283662K(5283840K)
[5442.558s][info][gc,metaspace   ] GC(1375) Metaspace: 29108K(29504K)->29108K(29504K) NonClass: 24218K(24384K)->24218K(24384K) Class: 4889K(5120K)->4889K(5120K)
[5442.558s][info][gc             ] GC(1375) Pause Young (Allocation Failure) 7637M->5304M(7737M) 101.760ms
[5442.558s][info][gc,cpu         ] GC(1375) User=0.57s Sys=0.03s Real=0.10s
..[5444.568s][info][gc,start       ] GC(1376) Pause Young (Allocation Failure)
[5444.667s][info][gc,heap        ] GC(1376) PSYoungGen: 2632640K(2638848K)->134944K(2639872K) Eden: 2484224K(2484224K)->0K(2484736K) From: 148416K(154624K)->134944K(155136K)
[5444.667s][info][gc,heap        ] GC(1376) ParOldGen: 5283662K(5283840K)->5377702K(5378048K)
[5444.667s][info][gc,metaspace   ] GC(1376) Metaspace: 29108K(29504K)->29108K(29504K) NonClass: 24218K(24384K)->24218K(24384K) Class: 4889K(5120K)->4889K(5120K)
[5444.667s][info][gc             ] GC(1376) Pause Young (Allocation Failure) 7730M->5383M(7830M) 99.423ms
[5444.667s][info][gc,cpu         ] GC(1376) User=0.56s Sys=0.04s Real=0.10s
...[5446.712s][info][gc,start       ] GC(1377) Pause Young (Allocation Failure)
[5446.815s][info][gc,heap        ] GC(1377) PSYoungGen: 2619680K(2639872K)->147088K(2632192K) Eden: 2484736K(2484736K)->0K(2484736K) From: 134944K(155136K)->147088K(147456K)
[5446.815s][info][gc,heap        ] GC(1377) ParOldGen: 5377702K(5378048K)->5466686K(5467136K)
[5446.815s][info][gc,metaspace   ] GC(1377) Metaspace: 29108K(29504K)->29108K(29504K) NonClass: 24218K(24384K)->24218K(24384K) Class: 4889K(5120K)->4889K(5120K)
[5446.815s][info][gc             ] GC(1377) Pause Young (Allocation Failure) 7809M->5482M(7909M) 103.247ms
[5446.815s][info][gc,cpu         ] GC(1377) User=0.59s Sys=0.02s Real=0.10s
..[5448.834s][info][gc,start       ] GC(1378) Pause Young (Allocation Failure)
[5448.936s][info][gc,heap        ] GC(1378) PSYoungGen: 2631824K(2632192K)->141526K(2640896K) Eden: 2484736K(2484736K)->0K(2484736K) From: 147088K(147456K)->141526K(156160K)
[5448.936s][info][gc,heap        ] GC(1378) ParOldGen: 5466686K(5467136K)->5559742K(5559808K)
[5448.936s][info][gc,metaspace   ] GC(1378) Metaspace: 29108K(29504K)->29108K(29504K) NonClass: 24218K(24384K)->24218K(24384K) Class: 4889K(5120K)->4889K(5120K)
[5448.936s][info][gc             ] GC(1378) Pause Young (Allocation Failure) 7908M->5567M(8008M) 101.333ms
[5448.936s][info][gc,cpu         ] GC(1378) User=0.57s Sys=0.03s Real=0.10s
..[5451.056s][info][gc,start       ] GC(1379) Pause Full (Allocation Failure)
[5451.056s][info][gc,phases,start] GC(1379) Marking Phase
[5451.347s][info][gc,phases      ] GC(1379) Marking Phase 290.999ms
[5451.347s][info][gc,phases,start] GC(1379) Summary Phase
[5451.348s][info][gc,phases      ] GC(1379) Summary Phase 0.091ms
[5451.348s][info][gc,phases,start] GC(1379) Forward
[5451.476s][info][gc,phases      ] GC(1379) Forward 128.095ms
[5451.476s][info][gc,phases,start] GC(1379) Adjust Pointers
[5451.672s][info][gc,phases      ] GC(1379) Adjust Pointers 196.451ms
[5451.672s][info][gc,phases,start] GC(1379) Compaction Phase
[5451.797s][info][gc,phases      ] GC(1379) Compaction Phase 125.205ms
[5451.798s][info][gc,phases,start] GC(1379) Post Compact
[5451.805s][info][gc,phases      ] GC(1379) Post Compact 6.891ms
[5451.930s][info][gc,heap        ] GC(1379) PSYoungGen: 2626262K(2640896K)->0K(2639872K) Eden: 2484736K(2484736K)->0K(2484736K) From: 141526K(156160K)->0K(155136K)
[5451.930s][info][gc,heap        ] GC(1379) ParOldGen: 5559742K(5559808K)->1418850K(1686016K)
[5451.930s][info][gc,metaspace   ] GC(1379) Metaspace: 29108K(29504K)->29108K(29504K) NonClass: 24218K(24384K)->24218K(24384K) Class: 4889K(5120K)->4889K(5120K)
[5451.930s][info][gc             ] GC(1379) Pause Full (Allocation Failure) 7994M->1385M(4224M) 873.708ms
[5451.930s][info][gc,cpu         ] GC(1379) User=4.02s Sys=0.13s Real=0.88s
..[5453.403s][info][gc,start       ] GC(1380) Pause Young (Allocation Failure)
[5453.470s][info][gc,heap        ] GC(1380) PSYoungGen: 2484736K(2639872K)->151552K(2636800K) Eden: 2484736K(2484736K)->0K(2481664K) From: 0K(155136K)->151552K(155136K)
[5453.470s][info][gc,heap        ] GC(1380) ParOldGen: 1418850K(1686016K)->1418850K(1686016K)
[5453.470s][info][gc,metaspace   ] GC(1380) Metaspace: 29108K(29504K)->29108K(29504K) NonClass: 24218K(24384K)->24218K(24384K) Class: 4889K(5120K)->4889K(5120K)
[5453.470s][info][gc             ] GC(1380) Pause Young (Allocation Failure) 3812M->1533M(4221M) 67.560ms
[5453.470s][info][gc,cpu         ] GC(1380) User=0.40s Sys=0.00s Real=0.07s
..[5455.348s][info][gc,start       ] GC(1381) Pause Young (Allocation Failure)
[5455.446s][info][gc,heap        ] GC(1381) PSYoungGen: 2633216K(2636800K)->151552K(2633728K) Eden: 2481664K(2481664K)->0K(2481664K) From: 151552K(155136K)->151552K(152064K)
[5455.446s][info][gc,heap        ] GC(1381) ParOldGen: 1418850K(1686016K)->1511954K(1686016K)
[5455.446s][info][gc,metaspace   ] GC(1381) Metaspace: 29108K(29504K)->29108K(29504K) NonClass: 24218K(24384K)->24218K(24384K) Class: 4889K(5120K)->4889K(5120K)
[5455.446s][info][gc             ] GC(1381) Pause Young (Allocation Failure) 3957M->1624M(4218M) 97.440ms
[5455.446s][info][gc,cpu         ] GC(1381) User=0.58s Sys=0.00s Real=0.10s
. (rIR:aIR:PR = 9271:9242:9242) (tPR = 137980) [OK] 
  5455s: Performance info:
         Transaction,    Success,    Partial,     Failed,   Receipts, AvgBarcode, 
             Overall,     563640,          0,          0,     535437,      59.48, 
         Response times:
             Request,    Success,    Partial,     Failed,   SkipFail,     Probes,    Samples,      min,      p50,      p90,      p95,      p99,      max, 
       TotalPurchase,     535437,          0,          0,          0,     356670,     391327,      200,     5900,    43000,    80000,   282000,   890000,
     InStorePurchase,     279747,          0,          0,          0,     187657,     205933,      300,     5900,    43000,    79000,   256000,   890000,
      OnlinePurchase,     199185,          0,          0,          0,     131263,     143688,      200,     5800,    42000,    79000,   267000,   890000,
        InstPurchase,      56505,          0,          0,          0,      37750,      41706,      300,     5800,    43000,    81000,   323000,   880000,
          AssocOfCat,        563,          0,          0,          0,        459,        590,    21000,    37000,    79900,   131350,   259000,   410000,
      AssocOfProduct,       5667,          0,          0,          0,       4130,       4721,      500,     6800,    46800,    84900,   294240,   387000,
      BusinessReport,       1410,          0,          0,          0,       1228,       1472,    26000,    47000,    98000,   160000,   329430,   450000,
          CustBuyBeh,       5639,          0,          0,          0,       4039,       4540,      200,     5300,    38000,    70000,   277310,   406000,
       ProductReturn,      14924,          0,          0,          0,       9492,      10717,      200,     5700,    44000,    81000,   250460,   406000,

  5455s: (68%)   IR =   9409 .[5457.534s][info][gc,start       ] GC(1382) Pause Young (Allocation Failure)
[5457.628s][info][gc,heap        ] GC(1382) PSYoungGen: 2633216K(2633728K)->138304K(2637824K) Eden: 2481664K(2481664K)->0K(2479616K) From: 151552K(152064K)->138304K(158208K)
[5457.628s][info][gc,heap        ] GC(1382) ParOldGen: 1511954K(1686016K)->1603842K(1686016K)
[5457.628s][info][gc,metaspace   ] GC(1382) Metaspace: 29108K(29504K)->29108K(29504K) NonClass: 24218K(24384K)->24218K(24384K) Class: 4889K(5120K)->4889K(5120K)
[5457.628s][info][gc             ] GC(1382) Pause Young (Allocation Failure) 4048M->1701M(4222M) 94.077ms
[5457.628s][info][gc,cpu         ] GC(1382) User=0.55s Sys=0.00s Real=0.09s
..[5459.592s][info][gc,start       ] GC(1383) Pause Young (Allocation Failure)
[5459.685s][info][gc,heap        ] GC(1383) PSYoungGen: 2617920K(2637824K)->137909K(2637824K) Eden: 2479616K(2479616K)->0K(2479616K) From: 138304K(158208K)->137909K(158208K)
[5459.685s][info][gc,heap        ] GC(1383) ParOldGen: 1603842K(1686016K)->1695202K(1695232K)
[5459.685s][info][gc,metaspace   ] GC(1383) Metaspace: 29108K(29504K)->29108K(29504K) NonClass: 24218K(24384K)->24218K(24384K) Class: 4889K(5120K)->4889K(5120K)
[5459.685s][info][gc             ] GC(1383) Pause Young (Allocation Failure) 4122M->1790M(4231M) 92.991ms
[5459.685s][info][gc,cpu         ] GC(1383) User=0.54s Sys=0.00s Real=0.09s
..[5461.832s][info][gc,start       ] GC(1384) Pause Young (Allocation Failure)
[5461.935s][info][gc,heap        ] GC(1384) PSYoungGen: 2617525K(2637824K)->151120K(2635776K) Eden: 2479616K(2479616K)->0K(2477568K) From: 137909K(158208K)->151120K(158208K)
[5461.935s][info][gc,heap        ] GC(1384) ParOldGen: 1695202K(1695232K)->1785802K(1785856K)
[5461.935s][info][gc,metaspace   ] GC(1384) Metaspace: 29108K(29504K)->29108K(29504K) NonClass: 24218K(24384K)->24218K(24384K) Class: 4889K(5120K)->4889K(5120K)
[5461.935s][info][gc             ] GC(1384) Pause Young (Allocation Failure) 4211M->1891M(4318M) 102.315ms
[5461.935s][info][gc,cpu         ] GC(1384) User=0.58s Sys=0.02s Real=0.10s
..[5463.950s][info][gc,start       ] GC(1385) Pause Young (Allocation Failure)
[5464.046s][info][gc,heap        ] GC(1385) PSYoungGen: 2628688K(2635776K)->137248K(2636800K) Eden: 2477568K(2477568K)->0K(2477568K) From: 151120K(158208K)->137248K(159232K)
[5464.046s][info][gc,heap        ] GC(1385) ParOldGen: 1785802K(1785856K)->1881090K(1881600K)
[5464.046s][info][gc,metaspace   ] GC(1385) Metaspace: 29108K(29504K)->29108K(29504K) NonClass: 24218K(24384K)->24218K(24384K) Class: 4889K(5120K)->4889K(5120K)
[5464.046s][info][gc             ] GC(1385) Pause Young (Allocation Failure) 4311M->1971M(4412M) 96.551ms
[5464.046s][info][gc,cpu         ] GC(1385) User=0.54s Sys=0.02s Real=0.09s
...[5466.112s][info][gc,start       ] GC(1386) Pause Young (Allocation Failure)
[5466.212s][info][gc,heap        ] GC(1386) PSYoungGen: 2614816K(2636800K)->151124K(2634752K) Eden: 2477568K(2477568K)->0K(2475520K) From: 137248K(159232K)->151124K(159232K)
[5466.212s][info][gc,heap        ] GC(1386) ParOldGen: 1881090K(1881600K)->1968634K(1968640K)
[5466.212s][info][gc,metaspace   ] GC(1386) Metaspace: 29108K(29504K)->29108K(29504K) NonClass: 24218K(24384K)->24218K(24384K) Class: 4889K(5120K)->4889K(5120K)
[5466.212s][info][gc             ] GC(1386) Pause Young (Allocation Failure) 4390M->2070M(4495M) 99.692ms
[5466.212s][info][gc,cpu         ] GC(1386) User=0.56s Sys=0.03s Real=0.10s
.|.[5468.299s][info][gc,start       ] GC(1387) Pause Young (Allocation Failure)
[5468.397s][info][gc,heap        ] GC(1387) PSYoungGen: 2626644K(2634752K)->142560K(2635776K) Eden: 2475520K(2475520K)->0K(2475520K) From: 151124K(159232K)->142560K(160256K)
[5468.397s][info][gc,heap        ] GC(1387) ParOldGen: 1968634K(1968640K)->2063738K(2063872K)
[5468.397s][info][gc,metaspace   ] GC(1387) Metaspace: 29108K(29504K)->29108K(29504K) NonClass: 24218K(24384K)->24218K(24384K) Class: 4889K(5120K)->4889K(5120K)
[5468.397s][info][gc             ] GC(1387) Pause Young (Allocation Failure) 4487M->2154M(4589M) 97.976ms
[5468.397s][info][gc,cpu         ] GC(1387) User=0.55s Sys=0.03s Real=0.10s
..[5470.474s][info][gc,start       ] GC(1388) Pause Young (Allocation Failure)
[5470.574s][info][gc,heap        ] GC(1388) PSYoungGen: 2618080K(2635776K)->150900K(2634752K) Eden: 2475520K(2475520K)->0K(2475520K) From: 142560K(160256K)->150900K(159232K)
[5470.574s][info][gc,heap        ] GC(1388) ParOldGen: 2063738K(2063872K)->2154274K(2154496K)
[5470.574s][info][gc,metaspace   ] GC(1388) Metaspace: 29108K(29504K)->29108K(29504K) NonClass: 24218K(24384K)->24218K(24384K) Class: 4889K(5120K)->4889K(5120K)
[5470.574s][info][gc             ] GC(1388) Pause Young (Allocation Failure) 4572M->2251M(4677M) 99.864ms
[5470.574s][info][gc,cpu         ] GC(1388) User=0.57s Sys=0.03s Real=0.10s
..[5472.612s][info][gc,start       ] GC(1389) Pause Young (Allocation Failure)
[5472.709s][info][gc,heap        ] GC(1389) PSYoungGen: 2626420K(2634752K)->140196K(2635776K) Eden: 2475520K(2475520K)->0K(2475520K) From: 150900K(159232K)->140196K(160256K)
[5472.709s][info][gc,heap        ] GC(1389) ParOldGen: 2154274K(2154496K)->2247234K(2247680K)
[5472.709s][info][gc,metaspace   ] GC(1389) Metaspace: 29108K(29504K)->29108K(29504K) NonClass: 24218K(24384K)->24218K(24384K) Class: 4889K(5120K)->4889K(5120K)
[5472.709s][info][gc             ] GC(1389) Pause Young (Allocation Failure) 4668M->2331M(4769M) 97.635ms
[5472.709s][info][gc,cpu         ] GC(1389) User=0.54s Sys=0.04s Real=0.09s
..[5474.734s][info][gc,start       ] GC(1390) Pause Young (Allocation Failure)
[5474.836s][info][gc,heap        ] GC(1390) PSYoungGen: 2615716K(2635776K)->151897K(2633728K) Eden: 2475520K(2475520K)->0K(2474496K) From: 140196K(160256K)->151897K(159232K)
[5474.836s][info][gc,heap        ] GC(1390) ParOldGen: 2247234K(2247680K)->2337722K(2337792K)
[5474.836s][info][gc,metaspace   ] GC(1390) Metaspace: 29108K(29504K)->29108K(29504K) NonClass: 24218K(24384K)->24218K(24384K) Class: 4889K(5120K)->4889K(5120K)
[5474.836s][info][gc             ] GC(1390) Pause Young (Allocation Failure) 4748M->2431M(4855M) 102.207ms
[5474.836s][info][gc,cpu         ] GC(1390) User=0.57s Sys=0.03s Real=0.10s
..[5476.908s][info][gc,start       ] GC(1391) Pause Young (Allocation Failure)
[5477.006s][info][gc,heap        ] GC(1391) PSYoungGen: 2626393K(2633728K)->145701K(2635264K) Eden: 2474496K(2474496K)->0K(2474496K) From: 151897K(159232K)->145701K(160768K)
[5477.006s][info][gc,heap        ] GC(1391) ParOldGen: 2337722K(2337792K)->2428674K(2428928K)
[5477.006s][info][gc,metaspace   ] GC(1391) Metaspace: 29108K(29504K)->29108K(29504K) NonClass: 24218K(24384K)->24218K(24384K) Class: 4889K(5120K)->4889K(5120K)
[5477.006s][info][gc             ] GC(1391) Pause Young (Allocation Failure) 4847M->2514M(4945M) 98.560ms
[5477.006s][info][gc,cpu         ] GC(1391) User=0.56s Sys=0.02s Real=0.10s
..[5479.058s][info][gc,start       ] GC(1392) Pause Young (Allocation Failure)
[5479.157s][info][gc,heap        ] GC(1392) PSYoungGen: 2620197K(2635264K)->140790K(2634240K) Eden: 2474496K(2474496K)->0K(2476032K) From: 145701K(160768K)->140790K(158208K)
[5479.157s][info][gc,heap        ] GC(1392) ParOldGen: 2428674K(2428928K)->2522922K(2523136K)
[5479.157s][info][gc,metaspace   ] GC(1392) Metaspace: 29108K(29504K)->29108K(29504K) NonClass: 24218K(24384K)->24218K(24384K) Class: 4889K(5120K)->4889K(5120K)
[5479.157s][info][gc             ] GC(1392) Pause Young (Allocation Failure) 4930M->2601M(5036M) 98.803ms
[5479.157s][info][gc,cpu         ] GC(1392) User=0.55s Sys=0.02s Real=0.10s
...[5481.180s][info][gc,start       ] GC(1393) Pause Young (Allocation Failure)
[5481.281s][info][gc,heap        ] GC(1393) PSYoungGen: 2616822K(2634240K)->152004K(2634752K) Eden: 2476032K(2476032K)->0K(2476032K) From: 140790K(158208K)->152004K(158720K)
[5481.281s][info][gc,heap        ] GC(1393) ParOldGen: 2522922K(2523136K)->2612890K(2613248K)
[5481.281s][info][gc,metaspace   ] GC(1393) Metaspace: 29108K(29504K)->29108K(29504K) NonClass: 24218K(24384K)->24218K(24384K) Class: 4889K(5120K)->4889K(5120K)
[5481.281s][info][gc             ] GC(1393) Pause Young (Allocation Failure) 5019M->2700M(5125M) 100.461ms
[5481.281s][info][gc,cpu         ] GC(1393) User=0.57s Sys=0.03s Real=0.10s
..[5483.343s][info][gc,start       ] GC(1394) Pause Young (Allocation Failure)
[5483.440s][info][gc,heap        ] GC(1394) PSYoungGen: 2628036K(2634752K)->140320K(2636800K) Eden: 2476032K(2476032K)->0K(2477056K) From: 152004K(158720K)->140320K(159744K)
[5483.440s][info][gc,heap        ] GC(1394) ParOldGen: 2612890K(2613248K)->2706842K(2706944K)
[5483.440s][info][gc,metaspace   ] GC(1394) Metaspace: 29108K(29504K)->29108K(29504K) NonClass: 24218K(24384K)->24218K(24384K) Class: 4889K(5120K)->4889K(5120K)
[5483.440s][info][gc             ] GC(1394) Pause Young (Allocation Failure) 5118M->2780M(5218M) 96.574ms
[5483.440s][info][gc,cpu         ] GC(1394) User=0.55s Sys=0.02s Real=0.10s
..[5485.499s][info][gc,start       ] GC(1395) Pause Young (Allocation Failure)
[5485.601s][info][gc,heap        ] GC(1395) PSYoungGen: 2617376K(2636800K)->155044K(2632192K) Eden: 2477056K(2477056K)->0K(2477056K) From: 140320K(159744K)->155044K(155136K)
[5485.602s][info][gc,heap        ] GC(1395) ParOldGen: 2706842K(2706944K)->2795882K(2796032K)
[5485.602s][info][gc,metaspace   ] GC(1395) Metaspace: 29108K(29504K)->29108K(29504K) NonClass: 24218K(24384K)->24218K(24384K) Class: 4889K(5120K)->4889K(5120K)
[5485.602s][info][gc             ] GC(1395) Pause Young (Allocation Failure) 5199M->2881M(5301M) 102.672ms
[5485.602s][info][gc,cpu         ] GC(1395) User=0.59s Sys=0.02s Real=0.11s
..[5487.614s][info][gc,start       ] GC(1396) Pause Young (Allocation Failure)
[5487.713s][info][gc,heap        ] GC(1396) PSYoungGen: 2632100K(2632192K)->142768K(2635264K) Eden: 2477056K(2477056K)->0K(2473472K) From: 155044K(155136K)->142768K(161792K)
[5487.713s][info][gc,heap        ] GC(1396) ParOldGen: 2795882K(2796032K)->2889266K(2889728K)
[5487.713s][info][gc,metaspace   ] GC(1396) Metaspace: 29108K(29504K)->29108K(29504K) NonClass: 24218K(24384K)->24218K(24384K) Class: 4889K(5120K)->4889K(5120K)
[5487.713s][info][gc             ] GC(1396) Pause Young (Allocation Failure) 5300M->2960M(5395M) 99.630ms
[5487.713s][info][gc,cpu         ] GC(1396) User=0.57s Sys=0.02s Real=0.10s
..[5489.654s][info][gc,start       ] GC(1397) Pause Young (Allocation Failure)
[5489.750s][info][gc,heap        ] GC(1397) PSYoungGen: 2616240K(2635264K)->134400K(2634240K) Eden: 2473472K(2473472K)->0K(2473472K) From: 142768K(161792K)->134400K(160768K)
[5489.750s][info][gc,heap        ] GC(1397) ParOldGen: 2889266K(2889728K)->2982618K(2982912K)
[5489.750s][info][gc,metaspace   ] GC(1397) Metaspace: 29108K(29504K)->29108K(29504K) NonClass: 24218K(24384K)->24218K(24384K) Class: 4889K(5120K)->4889K(5120K)
[5489.750s][info][gc             ] GC(1397) Pause Young (Allocation Failure) 5376M->3043M(5485M) 96.212ms
[5489.750s][info][gc,cpu         ] GC(1397) User=0.55s Sys=0.02s Real=0.10s
..[5491.811s][info][gc,start       ] GC(1398) Pause Young (Allocation Failure)
[5491.911s][info][gc,heap        ] GC(1398) PSYoungGen: 2607872K(2634240K)->145220K(2632704K) Eden: 2473472K(2473472K)->0K(2473984K) From: 134400K(160768K)->145220K(158720K)
[5491.911s][info][gc,heap        ] GC(1398) ParOldGen: 2982618K(2982912K)->3072362K(3072512K)
[5491.911s][info][gc,metaspace   ] GC(1398) Metaspace: 29108K(29504K)->29108K(29504K) NonClass: 24218K(24384K)->24218K(24384K) Class: 4889K(5120K)->4889K(5120K)
[5491.911s][info][gc             ] GC(1398) Pause Young (Allocation Failure) 5459M->3142M(5571M) 100.001ms
[5491.911s][info][gc,cpu         ] GC(1398) User=0.57s Sys=0.02s Real=0.10s
..[5494.052s][info][gc,start       ] GC(1399) Pause Young (Allocation Failure)
[5494.153s][info][gc,heap        ] GC(1399) PSYoungGen: 2619204K(2632704K)->147813K(2633728K) Eden: 2473984K(2473984K)->0K(2473984K) From: 145220K(158720K)->147813K(159744K)
[5494.153s][info][gc,heap        ] GC(1399) ParOldGen: 3072362K(3072512K)->3166058K(3166208K)
[5494.153s][info][gc,metaspace   ] GC(1399) Metaspace: 29108K(29504K)->29108K(29504K) NonClass: 24218K(24384K)->24218K(24384K) Class: 4889K(5120K)->4889K(5120K)
[5494.153s][info][gc             ] GC(1399) Pause Young (Allocation Failure) 5558M->3236M(5664M) 101.685ms
[5494.153s][info][gc,cpu         ] GC(1399) User=0.57s Sys=0.03s Real=0.10s
...[5496.293s][info][gc,start       ] GC(1400) Pause Young (Allocation Failure)
[5496.393s][info][gc,heap        ] GC(1400) PSYoungGen: 2621797K(2633728K)->146752K(2634240K) Eden: 2473984K(2473984K)->0K(2476544K) From: 147813K(159744K)->146752K(157696K)
[5496.393s][info][gc,heap        ] GC(1400) ParOldGen: 3166058K(3166208K)->3255730K(3255808K)
[5496.393s][info][gc,metaspace   ] GC(1400) Metaspace: 29108K(29504K)->29108K(29504K) NonClass: 24218K(24384K)->24218K(24384K) Class: 4889K(5120K)->4889K(5120K)
[5496.393s][info][gc             ] GC(1400) Pause Young (Allocation Failure) 5652M->3322M(5752M) 99.522ms
[5496.393s][info][gc,cpu         ] GC(1400) User=0.57s Sys=0.02s Real=0.10s
..[5498.398s][info][gc,start       ] GC(1401) Pause Young (Allocation Failure)
[5498.497s][info][gc,heap        ] GC(1401) PSYoungGen: 2623296K(2634240K)->142656K(2635264K) Eden: 2476544K(2476544K)->0K(2476544K) From: 146752K(157696K)->142656K(158720K)
[5498.497s][info][gc,heap        ] GC(1401) ParOldGen: 3255730K(3255808K)->3348618K(3348992K)
[5498.497s][info][gc,metaspace   ] GC(1401) Metaspace: 29108K(29504K)->29108K(29504K) NonClass: 24218K(24384K)->24218K(24384K) Class: 4889K(5120K)->4889K(5120K)
[5498.497s][info][gc             ] GC(1401) Pause Young (Allocation Failure) 5741M->3409M(5844M) 98.683ms
[5498.497s][info][gc,cpu         ] GC(1401) User=0.56s Sys=0.03s Real=0.10s
..[5500.544s][info][gc,start       ] GC(1402) Pause Young (Allocation Failure)
[5500.642s][info][gc,heap        ] GC(1402) PSYoungGen: 2619200K(2635264K)->143796K(2635264K) Eden: 2476544K(2476544K)->0K(2479616K) From: 142656K(158720K)->143796K(155648K)
[5500.642s][info][gc,heap        ] GC(1402) ParOldGen: 3348618K(3348992K)->3437290K(3437568K)
[5500.642s][info][gc,metaspace   ] GC(1402) Metaspace: 29108K(29504K)->29108K(29504K) NonClass: 24218K(24384K)->24218K(24384K) Class: 4889K(5120K)->4889K(5120K)
[5500.642s][info][gc             ] GC(1402) Pause Young (Allocation Failure) 5827M->3497M(5930M) 98.350ms
[5500.642s][info][gc,cpu         ] GC(1402) User=0.55s Sys=0.03s Real=0.10s
..[5502.681s][info][gc,start       ] GC(1403) Pause Young (Allocation Failure)
[5502.780s][info][gc,heap        ] GC(1403) PSYoungGen: 2623412K(2635264K)->138048K(2636288K) Eden: 2479616K(2479616K)->0K(2479616K) From: 143796K(155648K)->138048K(156672K)
[5502.780s][info][gc,heap        ] GC(1403) ParOldGen: 3437290K(3437568K)->3531658K(3531776K)
[5502.780s][info][gc,metaspace   ] GC(1403) Metaspace: 29108K(29504K)->29108K(29504K) NonClass: 24218K(24384K)->24218K(24384K) Class: 4889K(5120K)->4889K(5120K)
[5502.780s][info][gc             ] GC(1403) Pause Young (Allocation Failure) 5918M->3583M(6023M) 98.731ms
[5502.780s][info][gc,cpu         ] GC(1403) User=0.54s Sys=0.04s Real=0.10s
..[5504.820s][info][gc,start       ] GC(1404) Pause Young (Allocation Failure)
[5504.922s][info][gc,heap        ] GC(1404) PSYoungGen: 2617664K(2636288K)->148997K(2638336K) Eden: 2479616K(2479616K)->0K(2481664K) From: 138048K(156672K)->148997K(156672K)
[5504.922s][info][gc,heap        ] GC(1404) ParOldGen: 3531658K(3531776K)->3619874K(3620352K)
[5504.922s][info][gc,metaspace   ] GC(1404) Metaspace: 29108K(29504K)->29108K(29504K) NonClass: 24218K(24384K)->24218K(24384K) Class: 4889K(5120K)->4889K(5120K)
[5504.922s][info][gc             ] GC(1404) Pause Young (Allocation Failure) 6005M->3680M(6112M) 102.204ms
[5504.923s][info][gc,cpu         ] GC(1404) User=0.58s Sys=0.02s Real=0.10s
..[5506.998s][info][gc,start       ] GC(1405) Pause Young (Allocation Failure)
[5507.098s][info][gc,heap        ] GC(1405) PSYoungGen: 2630661K(2638336K)->147840K(2638848K) Eden: 2481664K(2481664K)->0K(2481664K) From: 148997K(156672K)->147840K(157184K)
[5507.098s][info][gc,heap        ] GC(1405) ParOldGen: 3619874K(3620352K)->3710770K(3710976K)
[5507.098s][info][gc,metaspace   ] GC(1405) Metaspace: 29108K(29504K)->29108K(29504K) NonClass: 24218K(24384K)->24218K(24384K) Class: 4889K(5120K)->4889K(5120K)
[5507.098s][info][gc             ] GC(1405) Pause Young (Allocation Failure) 6104M->3768M(6201M) 100.873ms
[5507.098s][info][gc,cpu         ] GC(1405) User=0.57s Sys=0.03s Real=0.10s
..[5509.060s][info][gc,start       ] GC(1406) Pause Young (Allocation Failure)
[5509.163s][info][gc,heap        ] GC(1406) PSYoungGen: 2629504K(2638848K)->144148K(2636800K) Eden: 2481664K(2481664K)->0K(2481664K) From: 147840K(157184K)->144148K(155136K)
[5509.163s][info][gc,heap        ] GC(1406) ParOldGen: 3710770K(3710976K)->3809058K(3809280K)
[5509.163s][info][gc,metaspace   ] GC(1406) Metaspace: 29108K(29504K)->29108K(29504K) NonClass: 24218K(24384K)->24218K(24384K) Class: 4889K(5120K)->4889K(5120K)
[5509.163s][info][gc             ] GC(1406) Pause Young (Allocation Failure) 6191M->3860M(6295M) 102.873ms
[5509.163s][info][gc,cpu         ] GC(1406) User=0.58s Sys=0.04s Real=0.10s
..[5511.225s][info][gc,start       ] GC(1407) Pause Young (Allocation Failure)
[5511.327s][info][gc,heap        ] GC(1407) PSYoungGen: 2625812K(2636800K)->150804K(2637824K) Eden: 2481664K(2481664K)->0K(2481664K) From: 144148K(155136K)->150804K(156160K)
[5511.327s][info][gc,heap        ] GC(1407) ParOldGen: 3809058K(3809280K)->3897426K(3897856K)
[5511.327s][info][gc,metaspace   ] GC(1407) Metaspace: 29108K(29504K)->29108K(29504K) NonClass: 24218K(24384K)->24218K(24384K) Class: 4889K(5120K)->4889K(5120K)
[5511.327s][info][gc             ] GC(1407) Pause Young (Allocation Failure) 6284M->3953M(6382M) 102.137ms
[5511.327s][info][gc,cpu         ] GC(1407) User=0.57s Sys=0.03s Real=0.10s
..[5513.345s][info][gc,start       ] GC(1408) Pause Young (Allocation Failure)
[5513.445s][info][gc,heap        ] GC(1408) PSYoungGen: 2632468K(2637824K)->145408K(2638848K) Eden: 2481664K(2481664K)->0K(2482688K) From: 150804K(156160K)->145408K(156160K)
[5513.445s][info][gc,heap        ] GC(1408) ParOldGen: 3897426K(3897856K)->3989602K(3990016K)
[5513.445s][info][gc,metaspace   ] GC(1408) Metaspace: 29108K(29504K)->29108K(29504K) NonClass: 24218K(24384K)->24218K(24384K) Class: 4889K(5120K)->4889K(5120K)
[5513.445s][info][gc             ] GC(1408) Pause Young (Allocation Failure) 6376M->4038M(6473M) 99.221ms
[5513.445s][info][gc,cpu         ] GC(1408) User=0.55s Sys=0.03s Real=0.10s
...[5515.506s][info][gc,start       ] GC(1409) Pause Young (Allocation Failure)
[5515.609s][info][gc,heap        ] GC(1409) PSYoungGen: 2628096K(2638848K)->150505K(2638848K) Eden: 2482688K(2482688K)->0K(2482688K) From: 145408K(156160K)->150505K(156160K)
[5515.609s][info][gc,heap        ] GC(1409) ParOldGen: 3989602K(3990016K)->4081506K(4081664K)
[5515.609s][info][gc,metaspace   ] GC(1409) Metaspace: 29108K(29504K)->29108K(29504K) NonClass: 24218K(24384K)->24218K(24384K) Class: 4889K(5120K)->4889K(5120K)
[5515.609s][info][gc             ] GC(1409) Pause Young (Allocation Failure) 6462M->4132M(6563M) 103.570ms
[5515.609s][info][gc,cpu         ] GC(1409) User=0.60s Sys=0.02s Real=0.11s
..[5517.675s][info][gc,start       ] GC(1410) Pause Young (Allocation Failure)
[5517.776s][info][gc,heap        ] GC(1410) PSYoungGen: 2633193K(2638848K)->141696K(2639360K) Eden: 2482688K(2482688K)->0K(2482176K) From: 150505K(156160K)->141696K(157184K)
[5517.776s][info][gc,heap        ] GC(1410) ParOldGen: 4081506K(4081664K)->4173554K(4173824K)
[5517.776s][info][gc,metaspace   ] GC(1410) Metaspace: 29108K(29504K)->29108K(29504K) NonClass: 24218K(24384K)->24218K(24384K) Class: 4889K(5120K)->4889K(5120K)
[5517.776s][info][gc             ] GC(1410) Pause Young (Allocation Failure) 6557M->4214M(6653M) 101.006ms
[5517.776s][info][gc,cpu         ] GC(1410) User=0.56s Sys=0.02s Real=0.10s
..[5519.831s][info][gc,start       ] GC(1411) Pause Young (Allocation Failure)
[5519.931s][info][gc,heap        ] GC(1411) PSYoungGen: 2623872K(2639360K)->143520K(2626048K) Eden: 2482176K(2482176K)->0K(2482176K) From: 141696K(157184K)->143520K(143872K)
[5519.931s][info][gc,heap        ] GC(1411) ParOldGen: 4173554K(4173824K)->4265178K(4265472K)
[5519.931s][info][gc,metaspace   ] GC(1411) Metaspace: 29108K(29504K)->29108K(29504K) NonClass: 24218K(24384K)->24218K(24384K) Class: 4889K(5120K)->4889K(5120K)
[5519.931s][info][gc             ] GC(1411) Pause Young (Allocation Failure) 6638M->4305M(6730M) 100.615ms
[5519.931s][info][gc,cpu         ] GC(1411) User=0.57s Sys=0.02s Real=0.10s
..[5521.964s][info][gc,start       ] GC(1412) Pause Young (Allocation Failure)
[5522.066s][info][gc,heap        ] GC(1412) PSYoungGen: 2625696K(2626048K)->145056K(2638848K) Eden: 2482176K(2482176K)->0K(2483200K) From: 143520K(143872K)->145056K(155648K)
[5522.066s][info][gc,heap        ] GC(1412) ParOldGen: 4265178K(4265472K)->4357858K(4358144K)
[5522.066s][info][gc,metaspace   ] GC(1412) Metaspace: 29108K(29504K)->29108K(29504K) NonClass: 24218K(24384K)->24218K(24384K) Class: 4889K(5120K)->4889K(5120K)
[5522.066s][info][gc             ] GC(1412) Pause Young (Allocation Failure) 6729M->4397M(6833M) 101.628ms
[5522.066s][info][gc,cpu         ] GC(1412) User=0.58s Sys=0.02s Real=0.10s
..[5524.193s][info][gc,start       ] GC(1413) Pause Young (Allocation Failure)
[5524.292s][info][gc,heap        ] GC(1413) PSYoungGen: 2628256K(2638848K)->139424K(2637824K) Eden: 2483200K(2483200K)->0K(2483200K) From: 145056K(155648K)->139424K(154624K)
[5524.292s][info][gc,heap        ] GC(1413) ParOldGen: 4357858K(4358144K)->4449714K(4449792K)
[5524.293s][info][gc,metaspace   ] GC(1413) Metaspace: 29108K(29504K)->29108K(29504K) NonClass: 24218K(24384K)->24218K(24384K) Class: 4889K(5120K)->4889K(5120K)
[5524.293s][info][gc             ] GC(1413) Pause Young (Allocation Failure) 6822M->4481M(6921M) 99.334ms
[5524.293s][info][gc,cpu         ] GC(1413) User=0.56s Sys=0.03s Real=0.10s
..[5526.388s][info][gc,start       ] GC(1414) Pause Young (Allocation Failure)
[5526.489s][info][gc,heap        ] GC(1414) PSYoungGen: 2622624K(2637824K)->146176K(2640896K) Eden: 2483200K(2483200K)->0K(2486272K) From: 139424K(154624K)->146176K(154624K)
[5526.489s][info][gc,heap        ] GC(1414) ParOldGen: 4449714K(4449792K)->4539362K(4539392K)
[5526.489s][info][gc,metaspace   ] GC(1414) Metaspace: 29108K(29504K)->29108K(29504K) NonClass: 24218K(24384K)->24218K(24384K) Class: 4889K(5120K)->4889K(5120K)
[5526.489s][info][gc             ] GC(1414) Pause Young (Allocation Failure) 6906M->4575M(7012M) 100.580ms
[5526.489s][info][gc,cpu         ] GC(1414) User=0.57s Sys=0.02s Real=0.10s
.. (rIR:aIR:PR = 9409:9357:9357) (tPR = 137936) [OK] 
  5527s: Performance info:
         Transaction,    Success,    Partial,     Failed,   Receipts, AvgBarcode, 
             Overall,     566342,          0,          0,     537791,      59.47, 
         Response times:
             Request,    Success,    Partial,     Failed,   SkipFail,     Probes,    Samples,      min,      p50,      p90,      p95,      p99,      max, 
       TotalPurchase,     537792,          0,          0,          0,     362208,     430514,      200,     5700,    23000,    42000,    79000,   197000,
     InStorePurchase,     283403,          0,          0,          0,     190583,     226214,      200,     5800,    23000,    42000,    79000,   197000,
      OnlinePurchase,     197812,          0,          0,          0,     133969,     159030,      300,     5600,    22000,    42000,    79000,   181000,
        InstPurchase,      56577,          0,          0,          0,      37656,      45270,      400,     6000,    23000,    44000,    79000,   154000,
          AssocOfCat,        569,          0,          0,          0,        471,        656,    19100,    38000,    71300,   103150,   149430,   187000,
      AssocOfProduct,       5708,          0,          0,          0,       4211,       5276,      500,     6300,    24000,    46000,    86000,   137000,
      BusinessReport,       1420,          0,          0,          0,       1269,       1690,    25000,    48000,    77000,   100000,   161000,   220000,
          CustBuyBeh,       5705,          0,          0,          0,       4207,       5158,      100,     6100,    23000,    46000,    77000,   155000,
       ProductReturn,      15146,          0,          0,          0,       9813,      12029,      200,     5600,    22000,    43000,    75000,   144000,

  5527s: (69%)   IR =   9548 [5528.646s][info][gc,start       ] GC(1415) Pause Young (Allocation Failure)
[5528.744s][info][gc,heap        ] GC(1415) PSYoungGen: 2632448K(2640896K)->136224K(2640896K) Eden: 2486272K(2486272K)->0K(2486272K) From: 146176K(154624K)->136224K(154624K)
[5528.744s][info][gc,heap        ] GC(1415) ParOldGen: 4539362K(4539392K)->4631834K(4632064K)
[5528.744s][info][gc,metaspace   ] GC(1415) Metaspace: 29108K(29504K)->29108K(29504K) NonClass: 24218K(24384K)->24218K(24384K) Class: 4889K(5120K)->4889K(5120K)
[5528.744s][info][gc             ] GC(1415) Pause Young (Allocation Failure) 7003M->4656M(7102M) 98.478ms
[5528.745s][info][gc,cpu         ] GC(1415) User=0.55s Sys=0.03s Real=0.10s
...[5530.796s][info][gc,start       ] GC(1416) Pause Young (Allocation Failure)
[5530.900s][info][gc,heap        ] GC(1416) PSYoungGen: 2622496K(2640896K)->151253K(2637824K) Eden: 2486272K(2486272K)->0K(2482688K) From: 136224K(154624K)->151253K(155136K)
[5530.900s][info][gc,heap        ] GC(1416) ParOldGen: 4631834K(4632064K)->4722938K(4723200K)
[5530.900s][info][gc,metaspace   ] GC(1416) Metaspace: 29108K(29504K)->29108K(29504K) NonClass: 24218K(24384K)->24218K(24384K) Class: 4889K(5120K)->4889K(5120K)
[5530.900s][info][gc             ] GC(1416) Pause Young (Allocation Failure) 7084M->4759M(7188M) 103.905ms
[5530.900s][info][gc,cpu         ] GC(1416) User=0.60s Sys=0.01s Real=0.11s
..[5532.965s][info][gc,start       ] GC(1417) Pause Young (Allocation Failure)
[5533.065s][info][gc,heap        ] GC(1417) PSYoungGen: 2633941K(2637824K)->140512K(2639360K) Eden: 2482688K(2482688K)->0K(2482688K) From: 151253K(155136K)->140512K(156672K)
[5533.065s][info][gc,heap        ] GC(1417) ParOldGen: 4722938K(4723200K)->4815002K(4815360K)
[5533.065s][info][gc,metaspace   ] GC(1417) Metaspace: 29108K(29504K)->29108K(29504K) NonClass: 24218K(24384K)->24218K(24384K) Class: 4889K(5120K)->4889K(5120K)
[5533.065s][info][gc             ] GC(1417) Pause Young (Allocation Failure) 7184M->4839M(7280M) 100.315ms
[5533.065s][info][gc,cpu         ] GC(1417) User=0.56s Sys=0.03s Real=0.10s
..[5535.101s][info][gc,start       ] GC(1418) Pause Young (Allocation Failure)
[5535.205s][info][gc,heap        ] GC(1418) PSYoungGen: 2623200K(2639360K)->148874K(2638848K) Eden: 2482688K(2482688K)->0K(2482688K) From: 140512K(156672K)->148874K(156160K)
[5535.205s][info][gc,heap        ] GC(1418) ParOldGen: 4815002K(4815360K)->4907938K(4908032K)
[5535.205s][info][gc,metaspace   ] GC(1418) Metaspace: 29108K(29504K)->29108K(29504K) NonClass: 24218K(24384K)->24218K(24384K) Class: 4889K(5120K)->4889K(5120K)
[5535.205s][info][gc             ] GC(1418) Pause Young (Allocation Failure) 7263M->4938M(7370M) 103.483ms
[5535.205s][info][gc,cpu         ] GC(1418) User=0.59s Sys=0.03s Real=0.10s
.[5536.458s][info][gc,start       ] GC(1419) Pause Full (Diagnostic Command)
[5536.458s][info][gc,phases,start] GC(1419) Marking Phase
[5536.754s][info][gc,phases      ] GC(1419) Marking Phase 296.292ms
[5536.754s][info][gc,phases,start] GC(1419) Summary Phase
[5536.754s][info][gc,phases      ] GC(1419) Summary Phase 0.079ms
[5536.754s][info][gc,phases,start] GC(1419) Forward
[5536.932s][info][gc,phases      ] GC(1419) Forward 177.840ms
[5536.932s][info][gc,phases,start] GC(1419) Adjust Pointers
[5537.144s][info][gc,phases      ] GC(1419) Adjust Pointers 211.726ms
[5537.144s][info][gc,phases,start] GC(1419) Compaction Phase
[5537.302s][info][gc,phases      ] GC(1419) Compaction Phase 158.049ms
[5537.304s][info][gc,phases,start] GC(1419) Post Compact
[5537.310s][info][gc,phases      ] GC(1419) Post Compact 5.593ms
[5537.310s][info][gc,heap        ] GC(1419) PSYoungGen: 1748746K(2638848K)->0K(2638848K) Eden: 1599871K(2482688K)->0K(2482688K) From: 148874K(156160K)->0K(156160K)
[5537.310s][info][gc,heap        ] GC(1419) ParOldGen: 4907938K(4908032K)->1154933K(4908032K)
[5537.310s][info][gc,metaspace   ] GC(1419) Metaspace: 29108K(29504K)->29108K(29504K) NonClass: 24218K(24384K)->24218K(24384K) Class: 4889K(5120K)->4889K(5120K)
[5537.310s][info][gc             ] GC(1419) Pause Full (Diagnostic Command) 6500M->1127M(7370M) 852.437ms
[5537.310s][info][gc,cpu         ] GC(1419) User=4.48s Sys=0.00s Real=0.86s
..[5538.846s][info][gc,start       ] GC(1420) Pause Young (Allocation Failure)
[5538.961s][info][gc,heap        ] GC(1420) PSYoungGen: 2482688K(2638848K)->144848K(2627584K) Eden: 2482688K(2482688K)->0K(2482688K) From: 0K(156160K)->144848K(144896K)
[5538.961s][info][gc,heap        ] GC(1420) ParOldGen: 1154933K(4908032K)->1154933K(4908032K)
[5538.961s][info][gc,metaspace   ] GC(1420) Metaspace: 29108K(29504K)->29108K(29504K) NonClass: 24218K(24384K)->24218K(24384K) Class: 4889K(5120K)->4889K(5120K)
[5538.961s][info][gc             ] GC(1420) Pause Young (Allocation Failure) 3552M->1269M(7359M) 114.765ms
[5538.961s][info][gc,cpu         ] GC(1420) User=0.40s Sys=0.00s Real=0.12s
..[5540.672s][info][gc,start       ] GC(1421) Pause Young (Allocation Failure)
[5540.767s][info][gc,heap        ] GC(1421) PSYoungGen: 2627536K(2627584K)->144864K(2639872K) Eden: 2482688K(2482688K)->0K(2484224K) From: 144848K(144896K)->144864K(155648K)
[5540.767s][info][gc,heap        ] GC(1421) ParOldGen: 1154933K(4908032K)->1248765K(4908032K)
[5540.767s][info][gc,metaspace   ] GC(1421) Metaspace: 29108K(29504K)->29108K(29504K) NonClass: 24218K(24384K)->24218K(24384K) Class: 4889K(5120K)->4889K(5120K)
[5540.767s][info][gc             ] GC(1421) Pause Young (Allocation Failure) 3693M->1360M(7371M) 95.651ms
[5540.767s][info][gc,cpu         ] GC(1421) User=0.56s Sys=0.00s Real=0.09s
.|.[5542.677s][info][gc,start       ] GC(1422) Pause Young (Allocation Failure)
[5542.768s][info][gc,heap        ] GC(1422) PSYoungGen: 2629088K(2639872K)->138144K(2638848K) Eden: 2484224K(2484224K)->0K(2484224K) From: 144864K(155648K)->138144K(154624K)
[5542.768s][info][gc,heap        ] GC(1422) ParOldGen: 1248765K(4908032K)->1343261K(4908032K)
[5542.768s][info][gc,metaspace   ] GC(1422) Metaspace: 29108K(29504K)->29108K(29504K) NonClass: 24218K(24384K)->24218K(24384K) Class: 4889K(5120K)->4889K(5120K)
[5542.769s][info][gc             ] GC(1422) Pause Young (Allocation Failure) 3786M->1446M(7370M) 91.437ms
[5542.769s][info][gc,cpu         ] GC(1422) User=0.54s Sys=0.00s Real=0.09s
..[5544.860s][info][gc,start       ] GC(1423) Pause Young (Allocation Failure)
[5544.956s][info][gc,heap        ] GC(1423) PSYoungGen: 2622368K(2638848K)->144768K(2640896K) Eden: 2484224K(2484224K)->0K(2486272K) From: 138144K(154624K)->144768K(154624K)
[5544.956s][info][gc,heap        ] GC(1423) ParOldGen: 1343261K(4908032K)->1434861K(4908032K)
[5544.956s][info][gc,metaspace   ] GC(1423) Metaspace: 29108K(29504K)->29108K(29504K) NonClass: 24218K(24384K)->24218K(24384K) Class: 4889K(5120K)->4889K(5120K)
[5544.956s][info][gc             ] GC(1423) Pause Young (Allocation Failure) 3872M->1542M(7372M) 96.062ms
[5544.956s][info][gc,cpu         ] GC(1423) User=0.57s Sys=0.00s Real=0.09s
..[5546.988s][info][gc,start       ] GC(1424) Pause Young (Allocation Failure)
[5547.080s][info][gc,heap        ] GC(1424) PSYoungGen: 2631040K(2640896K)->142240K(2640384K) Eden: 2486272K(2486272K)->0K(2486272K) From: 144768K(154624K)->142240K(154112K)
[5547.080s][info][gc,heap        ] GC(1424) ParOldGen: 1434861K(4908032K)->1527429K(4908032K)
[5547.080s][info][gc,metaspace   ] GC(1424) Metaspace: 29108K(29504K)->29108K(29504K) NonClass: 24218K(24384K)->24218K(24384K) Class: 4889K(5120K)->4889K(5120K)
[5547.080s][info][gc             ] GC(1424) Pause Young (Allocation Failure) 3970M->1630M(7371M) 92.174ms
[5547.080s][info][gc,cpu         ] GC(1424) User=0.55s Sys=0.00s Real=0.10s
..[5549.176s][info][gc,start       ] GC(1425) Pause Young (Allocation Failure)
[5549.271s][info][gc,heap        ] GC(1425) PSYoungGen: 2628512K(2640384K)->145173K(2640384K) Eden: 2486272K(2486272K)->0K(2487296K) From: 142240K(154112K)->145173K(153088K)
[5549.271s][info][gc,heap        ] GC(1425) ParOldGen: 1527429K(4908032K)->1620093K(4908032K)
[5549.271s][info][gc,metaspace   ] GC(1425) Metaspace: 29108K(29504K)->29108K(29504K) NonClass: 24218K(24384K)->24218K(24384K) Class: 4889K(5120K)->4889K(5120K)
[5549.271s][info][gc             ] GC(1425) Pause Young (Allocation Failure) 4058M->1723M(7371M) 95.615ms
[5549.271s][info][gc,cpu         ] GC(1425) User=0.57s Sys=0.00s Real=0.10s
..[5551.224s][info][gc,start       ] GC(1426) Pause Young (Allocation Failure)
[5551.317s][info][gc,heap        ] GC(1426) PSYoungGen: 2632469K(2640384K)->145920K(2640384K) Eden: 2487296K(2487296K)->0K(2487296K) From: 145173K(153088K)->145920K(153088K)
[5551.317s][info][gc,heap        ] GC(1426) ParOldGen: 1620093K(4908032K)->1710557K(4908032K)
[5551.317s][info][gc,metaspace   ] GC(1426) Metaspace: 29108K(29504K)->29108K(29504K) NonClass: 24218K(24384K)->24218K(24384K) Class: 4889K(5120K)->4889K(5120K)
[5551.318s][info][gc             ] GC(1426) Pause Young (Allocation Failure) 4152M->1812M(7371M) 93.740ms
[5551.318s][info][gc,cpu         ] GC(1426) User=0.56s Sys=0.00s Real=0.09s
..[5553.293s][info][gc,start       ] GC(1427) Pause Young (Allocation Failure)
[5553.393s][info][gc,heap        ] GC(1427) PSYoungGen: 2633216K(2640384K)->152549K(2567680K) Eden: 2487296K(2487296K)->0K(2415104K) From: 145920K(153088K)->152549K(152576K)
[5553.393s][info][gc,heap        ] GC(1427) ParOldGen: 1710557K(4908032K)->1806117K(4908032K)
[5553.393s][info][gc,metaspace   ] GC(1427) Metaspace: 29108K(29504K)->29108K(29504K) NonClass: 24218K(24384K)->24218K(24384K) Class: 4889K(5120K)->4889K(5120K)
[5553.393s][info][gc             ] GC(1427) Pause Young (Allocation Failure) 4241M->1912M(7300M) 99.522ms
[5553.393s][info][gc,cpu         ] GC(1427) User=0.60s Sys=0.00s Real=0.10s
..[5555.346s][info][gc,start       ] GC(1428) Pause Young (Allocation Failure)
[5555.441s][info][gc,heap        ] GC(1428) PSYoungGen: 2567653K(2567680K)->147285K(2605568K) Eden: 2415104K(2415104K)->0K(2415104K) From: 152549K(152576K)->147285K(190464K)
[5555.441s][info][gc,heap        ] GC(1428) ParOldGen: 1806117K(4908032K)->1896813K(4908032K)
[5555.441s][info][gc,metaspace   ] GC(1428) Metaspace: 29108K(29504K)->29108K(29504K) NonClass: 24218K(24384K)->24218K(24384K) Class: 4889K(5120K)->4889K(5120K)
[5555.441s][info][gc             ] GC(1428) Pause Young (Allocation Failure) 4271M->1996M(7337M) 94.759ms
[5555.441s][info][gc,cpu         ] GC(1428) User=0.56s Sys=0.00s Real=0.10s
..[5557.452s][info][gc,start       ] GC(1429) Pause Young (Allocation Failure)
[5557.547s][info][gc,heap        ] GC(1429) PSYoungGen: 2562389K(2605568K)->144576K(2599936K) Eden: 2415104K(2415104K)->0K(2417664K) From: 147285K(190464K)->144576K(182272K)
[5557.547s][info][gc,heap        ] GC(1429) ParOldGen: 1896813K(4908032K)->1990597K(4908032K)
[5557.547s][info][gc,metaspace   ] GC(1429) Metaspace: 29108K(29504K)->29108K(29504K) NonClass: 24218K(24384K)->24218K(24384K) Class: 4889K(5120K)->4889K(5120K)
[5557.547s][info][gc             ] GC(1429) Pause Young (Allocation Failure) 4354M->2085M(7332M) 95.166ms
[5557.547s][info][gc,cpu         ] GC(1429) User=0.56s Sys=0.00s Real=0.09s
..[5559.536s][info][gc,start       ] GC(1430) Pause Young (Allocation Failure)
[5559.626s][info][gc,heap        ] GC(1430) PSYoungGen: 2562240K(2599936K)->134403K(2604032K) Eden: 2417664K(2417664K)->0K(2417664K) From: 144576K(182272K)->134403K(186368K)
[5559.626s][info][gc,heap        ] GC(1430) ParOldGen: 1990597K(4908032K)->2079533K(4908032K)
[5559.626s][info][gc,metaspace   ] GC(1430) Metaspace: 29108K(29504K)->29108K(29504K) NonClass: 24218K(24384K)->24218K(24384K) Class: 4889K(5120K)->4889K(5120K)
[5559.626s][info][gc             ] GC(1430) Pause Young (Allocation Failure) 4446M->2162M(7336M) 90.067ms
[5559.626s][info][gc,cpu         ] GC(1430) User=0.53s Sys=0.00s Real=0.09s
..[5561.601s][info][gc,start       ] GC(1431) Pause Young (Allocation Failure)
[5561.689s][info][gc,heap        ] GC(1431) PSYoungGen: 2552067K(2604032K)->132960K(2609152K) Eden: 2417664K(2417664K)->0K(2423808K) From: 134403K(186368K)->132960K(185344K)
[5561.689s][info][gc,heap        ] GC(1431) ParOldGen: 2079533K(4908032K)->2169637K(4908032K)
[5561.689s][info][gc,metaspace   ] GC(1431) Metaspace: 29108K(29504K)->29108K(29504K) NonClass: 24218K(24384K)->24218K(24384K) Class: 4889K(5120K)->4889K(5120K)
[5561.689s][info][gc             ] GC(1431) Pause Young (Allocation Failure) 4523M->2248M(7341M) 88.039ms
[5561.689s][info][gc,cpu         ] GC(1431) User=0.52s Sys=0.00s Real=0.08s
..[5563.607s][info][gc,start       ] GC(1432) Pause Young (Allocation Failure)
[5563.698s][info][gc,heap        ] GC(1432) PSYoungGen: 2556768K(2609152K)->135520K(2559488K) Eden: 2423808K(2423808K)->0K(2423808K) From: 132960K(185344K)->135520K(135680K)
[5563.698s][info][gc,heap        ] GC(1432) ParOldGen: 2169637K(4908032K)->2259013K(4908032K)
[5563.698s][info][gc,metaspace   ] GC(1432) Metaspace: 29108K(29504K)->29108K(29504K) NonClass: 24218K(24384K)->24218K(24384K) Class: 4889K(5120K)->4889K(5120K)
[5563.698s][info][gc             ] GC(1432) Pause Young (Allocation Failure) 4615M->2338M(7292M) 91.325ms
[5563.698s][info][gc,cpu         ] GC(1432) User=0.54s Sys=0.00s Real=0.09s
..[5565.674s][info][gc,start       ] GC(1433) Pause Young (Allocation Failure)
[5565.771s][info][gc,heap        ] GC(1433) PSYoungGen: 2559328K(2559488K)->147193K(2612736K) Eden: 2423808K(2423808K)->0K(2428416K) From: 135520K(135680K)->147193K(184320K)
[5565.771s][info][gc,heap        ] GC(1433) ParOldGen: 2259013K(4908032K)->2350045K(4908032K)
[5565.771s][info][gc,metaspace   ] GC(1433) Metaspace: 29108K(29504K)->29108K(29504K) NonClass: 24218K(24384K)->24218K(24384K) Class: 4889K(5120K)->4889K(5120K)
[5565.771s][info][gc             ] GC(1433) Pause Young (Allocation Failure) 4705M->2438M(7344M) 96.771ms
[5565.771s][info][gc,cpu         ] GC(1433) User=0.57s Sys=0.00s Real=0.10s
..[5567.772s][info][gc,start       ] GC(1434) Pause Young (Allocation Failure)
[5567.864s][info][gc,heap        ] GC(1434) PSYoungGen: 2575609K(2612736K)->139616K(2609152K) Eden: 2428416K(2428416K)->0K(2428416K) From: 147193K(184320K)->139616K(180736K)
[5567.864s][info][gc,heap        ] GC(1434) ParOldGen: 2350045K(4908032K)->2441005K(4908032K)
[5567.864s][info][gc,metaspace   ] GC(1434) Metaspace: 29108K(29504K)->29108K(29504K) NonClass: 24218K(24384K)->24218K(24384K) Class: 4889K(5120K)->4889K(5120K)
[5567.864s][info][gc             ] GC(1434) Pause Young (Allocation Failure) 4810M->2520M(7341M) 92.202ms
[5567.864s][info][gc,cpu         ] GC(1434) User=0.55s Sys=0.00s Real=0.09s
..[5569.828s][info][gc,start       ] GC(1435) Pause Young (Allocation Failure)
[5569.930s][info][gc,heap        ] GC(1435) PSYoungGen: 2568032K(2609152K)->151307K(2611712K) Eden: 2428416K(2428416K)->0K(2432512K) From: 139616K(180736K)->151307K(179200K)
[5569.930s][info][gc,heap        ] GC(1435) ParOldGen: 2441005K(4908032K)->2535405K(4908032K)
[5569.930s][info][gc,metaspace   ] GC(1435) Metaspace: 29108K(29504K)->29108K(29504K) NonClass: 24218K(24384K)->24218K(24384K) Class: 4889K(5120K)->4889K(5120K)
[5569.930s][info][gc             ] GC(1435) Pause Young (Allocation Failure) 4891M->2623M(7343M) 101.977ms
[5569.930s][info][gc,cpu         ] GC(1435) User=0.60s Sys=0.00s Real=0.11s
..[5571.842s][info][gc,start       ] GC(1436) Pause Young (Allocation Failure)
[5571.935s][info][gc,heap        ] GC(1436) PSYoungGen: 2583819K(2611712K)->138624K(2610176K) Eden: 2432512K(2432512K)->0K(2432512K) From: 151307K(179200K)->138624K(177664K)
[5571.935s][info][gc,heap        ] GC(1436) ParOldGen: 2535405K(4908032K)->2624349K(4908032K)
[5571.935s][info][gc,metaspace   ] GC(1436) Metaspace: 29108K(29504K)->29108K(29504K) NonClass: 24218K(24384K)->24218K(24384K) Class: 4889K(5120K)->4889K(5120K)
[5571.935s][info][gc             ] GC(1436) Pause Young (Allocation Failure) 4999M->2698M(7342M) 93.010ms
[5571.935s][info][gc,cpu         ] GC(1436) User=0.55s Sys=0.00s Real=0.09s
..[5573.926s][info][gc,start       ] GC(1437) Pause Young (Allocation Failure)
[5574.023s][info][gc,heap        ] GC(1437) PSYoungGen: 2571136K(2610176K)->149943K(2616320K) Eden: 2432512K(2432512K)->0K(2441216K) From: 138624K(177664K)->149943K(175104K)
[5574.023s][info][gc,heap        ] GC(1437) ParOldGen: 2624349K(4908032K)->2715325K(4908032K)
[5574.023s][info][gc,metaspace   ] GC(1437) Metaspace: 29108K(29504K)->29108K(29504K) NonClass: 24218K(24384K)->24218K(24384K) Class: 4889K(5120K)->4889K(5120K)
[5574.023s][info][gc             ] GC(1437) Pause Young (Allocation Failure) 5073M->2798M(7348M) 97.527ms
[5574.023s][info][gc,cpu         ] GC(1437) User=0.58s Sys=0.00s Real=0.10s
..[5575.948s][info][gc,start       ] GC(1438) Pause Young (Allocation Failure)
[5576.039s][info][gc,heap        ] GC(1438) PSYoungGen: 2591159K(2616320K)->137248K(2615296K) Eden: 2441216K(2441216K)->0K(2441216K) From: 149943K(175104K)->137248K(174080K)
[5576.039s][info][gc,heap        ] GC(1438) ParOldGen: 2715325K(4908032K)->2806821K(4908032K)
[5576.039s][info][gc,metaspace   ] GC(1438) Metaspace: 29108K(29504K)->29108K(29504K) NonClass: 24218K(24384K)->24218K(24384K) Class: 4889K(5120K)->4889K(5120K)
[5576.039s][info][gc             ] GC(1438) Pause Young (Allocation Failure) 5182M->2875M(7347M) 91.279ms
[5576.039s][info][gc,cpu         ] GC(1438) User=0.54s Sys=0.00s Real=0.09s
..[5578.087s][info][gc,start       ] GC(1439) Pause Young (Allocation Failure)
[5578.180s][info][gc,heap        ] GC(1439) PSYoungGen: 2578464K(2615296K)->141408K(2620416K) Eden: 2441216K(2441216K)->0K(2448384K) From: 137248K(174080K)->141408K(172032K)
[5578.181s][info][gc,heap        ] GC(1439) ParOldGen: 2806821K(4908032K)->2896349K(4908032K)
[5578.181s][info][gc,metaspace   ] GC(1439) Metaspace: 29108K(29504K)->29108K(29504K) NonClass: 24218K(24384K)->24218K(24384K) Class: 4889K(5120K)->4889K(5120K)
[5578.181s][info][gc             ] GC(1439) Pause Young (Allocation Failure) 5259M->2966M(7352M) 93.240ms
[5578.181s][info][gc,cpu         ] GC(1439) User=0.56s Sys=0.01s Real=0.10s
..[5580.196s][info][gc,start       ] GC(1440) Pause Young (Allocation Failure)
[5580.293s][info][gc,heap        ] GC(1440) PSYoungGen: 2589792K(2620416K)->146899K(2619904K) Eden: 2448384K(2448384K)->0K(2448384K) From: 141408K(172032K)->146899K(171520K)
[5580.293s][info][gc,heap        ] GC(1440) ParOldGen: 2896349K(4908032K)->2988797K(4908032K)
[5580.293s][info][gc,metaspace   ] GC(1440) Metaspace: 29108K(29504K)->29108K(29504K) NonClass: 24218K(24384K)->24218K(24384K) Class: 4889K(5120K)->4889K(5120K)
[5580.293s][info][gc             ] GC(1440) Pause Young (Allocation Failure) 5357M->3062M(7351M) 97.460ms
[5580.294s][info][gc,cpu         ] GC(1440) User=0.58s Sys=0.00s Real=0.10s
..[5582.290s][info][gc,start       ] GC(1441) Pause Young (Allocation Failure)
[5582.386s][info][gc,heap        ] GC(1441) PSYoungGen: 2595283K(2619904K)->148916K(2622976K) Eden: 2448384K(2448384K)->0K(2454016K) From: 146899K(171520K)->148916K(168960K)
[5582.386s][info][gc,heap        ] GC(1441) ParOldGen: 2988797K(4908032K)->3078629K(4908032K)
[5582.386s][info][gc,metaspace   ] GC(1441) Metaspace: 29108K(29504K)->29108K(29504K) NonClass: 24218K(24384K)->24218K(24384K) Class: 4889K(5120K)->4889K(5120K)
[5582.386s][info][gc             ] GC(1441) Pause Young (Allocation Failure) 5453M->3151M(7354M) 96.538ms
[5582.386s][info][gc,cpu         ] GC(1441) User=0.58s Sys=0.00s Real=0.09s
..[5584.392s][info][gc,start       ] GC(1442) Pause Young (Allocation Failure)
[5584.494s][info][gc,heap        ] GC(1442) PSYoungGen: 2602932K(2622976K)->155396K(2621952K) Eden: 2454016K(2454016K)->0K(2454016K) From: 148916K(168960K)->155396K(167936K)
[5584.494s][info][gc,heap        ] GC(1442) ParOldGen: 3078629K(4908032K)->3168821K(4908032K)
[5584.494s][info][gc,metaspace   ] GC(1442) Metaspace: 29108K(29504K)->29108K(29504K) NonClass: 24218K(24384K)->24218K(24384K) Class: 4889K(5120K)->4889K(5120K)
[5584.494s][info][gc             ] GC(1442) Pause Young (Allocation Failure) 5548M->3246M(7353M) 102.048ms
[5584.494s][info][gc,cpu         ] GC(1442) User=0.61s Sys=0.00s Real=0.10s
...[5586.553s][info][gc,start       ] GC(1443) Pause Young (Allocation Failure)
[5586.650s][info][gc,heap        ] GC(1443) PSYoungGen: 2609412K(2621952K)->143145K(2626560K) Eden: 2454016K(2454016K)->0K(2458624K) From: 155396K(167936K)->143145K(167936K)
[5586.650s][info][gc,heap        ] GC(1443) ParOldGen: 3168821K(4908032K)->3263093K(4908032K)
[5586.650s][info][gc,metaspace   ] GC(1443) Metaspace: 29108K(29504K)->29108K(29504K) NonClass: 24218K(24384K)->24218K(24384K) Class: 4889K(5120K)->4889K(5120K)
[5586.650s][info][gc             ] GC(1443) Pause Young (Allocation Failure) 5642M->3326M(7358M) 97.117ms
[5586.650s][info][gc,cpu         ] GC(1443) User=0.57s Sys=0.00s Real=0.10s
..[5588.591s][info][gc,start       ] GC(1444) Pause Young (Allocation Failure)
[5588.688s][info][gc,heap        ] GC(1444) PSYoungGen: 2601769K(2626560K)->145108K(2604032K) Eden: 2458624K(2458624K)->0K(2458624K) From: 143145K(167936K)->145108K(145408K)
[5588.688s][info][gc,heap        ] GC(1444) ParOldGen: 3263093K(4908032K)->3352093K(4908032K)
[5588.688s][info][gc,metaspace   ] GC(1444) Metaspace: 29108K(29504K)->29108K(29504K) NonClass: 24218K(24384K)->24218K(24384K) Class: 4889K(5120K)->4889K(5120K)
[5588.688s][info][gc             ] GC(1444) Pause Young (Allocation Failure) 5727M->3415M(7336M) 97.381ms
[5588.688s][info][gc,cpu         ] GC(1444) User=0.57s Sys=0.00s Real=0.09s
..[5590.674s][info][gc,start       ] GC(1445) Pause Young (Allocation Failure)
[5590.770s][info][gc,heap        ] GC(1445) PSYoungGen: 2603732K(2604032K)->140768K(2627072K) Eden: 2458624K(2458624K)->0K(2461184K) From: 145108K(145408K)->140768K(165888K)
[5590.770s][info][gc,heap        ] GC(1445) ParOldGen: 3352093K(4908032K)->3443781K(4908032K)
[5590.770s][info][gc,metaspace   ] GC(1445) Metaspace: 29108K(29504K)->29108K(29504K) NonClass: 24218K(24384K)->24218K(24384K) Class: 4889K(5120K)->4889K(5120K)
[5590.770s][info][gc             ] GC(1445) Pause Young (Allocation Failure) 5816M->3500M(7358M) 96.399ms
[5590.770s][info][gc,cpu         ] GC(1445) User=0.57s Sys=0.00s Real=0.10s
..[5592.805s][info][gc,start       ] GC(1446) Pause Young (Allocation Failure)
[5592.902s][info][gc,heap        ] GC(1446) PSYoungGen: 2601952K(2627072K)->146804K(2626048K) Eden: 2461184K(2461184K)->0K(2461184K) From: 140768K(165888K)->146804K(164864K)
[5592.902s][info][gc,heap        ] GC(1446) ParOldGen: 3443781K(4908032K)->3534765K(4908032K)
[5592.902s][info][gc,metaspace   ] GC(1446) Metaspace: 29108K(29504K)->29108K(29504K) NonClass: 24218K(24384K)->24218K(24384K) Class: 4889K(5120K)->4889K(5120K)
[5592.902s][info][gc             ] GC(1446) Pause Young (Allocation Failure) 5904M->3595M(7357M) 97.268ms
[5592.902s][info][gc,cpu         ] GC(1446) User=0.57s Sys=0.00s Real=0.10s
..[5594.987s][info][gc,start       ] GC(1447) Pause Young (Allocation Failure)
[5595.085s][info][gc,heap        ] GC(1447) PSYoungGen: 2607988K(2626048K)->147332K(2629632K) Eden: 2461184K(2461184K)->0K(2466304K) From: 146804K(164864K)->147332K(163328K)
[5595.085s][info][gc,heap        ] GC(1447) ParOldGen: 3534765K(4908032K)->3626325K(4908032K)
[5595.085s][info][gc,metaspace   ] GC(1447) Metaspace: 29108K(29504K)->29108K(29504K) NonClass: 24218K(24384K)->24218K(24384K) Class: 4889K(5120K)->4889K(5120K)
[5595.086s][info][gc             ] GC(1447) Pause Young (Allocation Failure) 5998M->3685M(7361M) 98.115ms
[5595.086s][info][gc,cpu         ] GC(1447) User=0.58s Sys=0.00s Real=0.10s
..[5597.001s][info][gc,start       ] GC(1448) Pause Young (Allocation Failure)
[5597.095s][info][gc,heap        ] GC(1448) PSYoungGen: 2613636K(2629632K)->138816K(2628608K) Eden: 2466304K(2466304K)->0K(2466304K) From: 147332K(163328K)->138816K(162304K)
[5597.095s][info][gc,heap        ] GC(1448) ParOldGen: 3626325K(4908032K)->3717805K(4908032K)
[5597.095s][info][gc,metaspace   ] GC(1448) Metaspace: 29108K(29504K)->29108K(29504K) NonClass: 24218K(24384K)->24218K(24384K) Class: 4889K(5120K)->4889K(5120K)
[5597.095s][info][gc             ] GC(1448) Pause Young (Allocation Failure) 6093M->3766M(7360M) 94.134ms
[5597.095s][info][gc,cpu         ] GC(1448) User=0.56s Sys=0.00s Real=0.09s
..[5599.180s][info][gc,start       ] GC(1449) Pause Young (Allocation Failure)
[5599.278s][info][gc,heap        ] GC(1449) PSYoungGen: 2605120K(2628608K)->147680K(2632704K) Eden: 2466304K(2466304K)->0K(2470912K) From: 138816K(162304K)->147680K(161792K)
[5599.278s][info][gc,heap        ] GC(1449) ParOldGen: 3717805K(4908032K)->3809117K(4908032K)
[5599.278s][info][gc,metaspace   ] GC(1449) Metaspace: 29108K(29504K)->29108K(29504K) NonClass: 24218K(24384K)->24218K(24384K) Class: 4889K(5120K)->4889K(5120K)
[5599.278s][info][gc             ] GC(1449) Pause Young (Allocation Failure) 6174M->3864M(7364M) 97.393ms
[5599.278s][info][gc,cpu         ] GC(1449) User=0.57s Sys=0.01s Real=0.09s
..[5601.240s][info][gc,start       ] GC(1450) Pause Young (Allocation Failure)
[5601.335s][info][gc,heap        ] GC(1450) PSYoungGen: 2618592K(2632704K)->141056K(2632192K) Eden: 2470912K(2470912K)->0K(2470912K) From: 147680K(161792K)->141056K(161280K)
[5601.335s][info][gc,heap        ] GC(1450) ParOldGen: 3809117K(4908032K)->3901533K(4908032K)
[5601.335s][info][gc,metaspace   ] GC(1450) Metaspace: 29108K(29504K)->29108K(29504K) NonClass: 24218K(24384K)->24218K(24384K) Class: 4889K(5120K)->4889K(5120K)
[5601.335s][info][gc             ] GC(1450) Pause Young (Allocation Failure) 6277M->3947M(7363M) 95.054ms
[5601.335s][info][gc,cpu         ] GC(1450) User=0.57s Sys=0.00s Real=0.09s
. (rIR:aIR:PR = 9548:9551:9551) (tPR = 142446) [OK] 
  5601s: Performance info:
         Transaction,    Success,    Partial,     Failed,   Receipts, AvgBarcode, 
             Overall,     574243,          0,          0,     545498,      59.47, 
         Response times:
             Request,    Success,    Partial,     Failed,   SkipFail,     Probes,    Samples,      min,      p50,      p90,      p95,      p99,      max, 
       TotalPurchase,     545486,          0,          0,          0,     358063,     445686,      300,     6500,    55000,   101000,   303000,  1100000,
     InStorePurchase,     287707,          0,          0,          0,     188650,     234632,      300,     6300,    54000,   100000,   262000,   980000,
      OnlinePurchase,     200758,          0,          0,          0,     131122,     163338,      300,     6500,    56000,   101000,   333000,  1100000,
        InstPurchase,      57021,          0,          0,          0,      38291,      47716,      400,     6900,    56000,   101000,   246000,   870000,
          AssocOfCat,        576,          0,          0,          0,        496,        733,    21000,    41000,    97200,   148900,   365000,   400000,
      AssocOfProduct,       5711,          0,          0,          0,       4313,       5616,      600,     7300,    59000,    99000,   379000,   870000,
      BusinessReport,       1426,          0,          0,          0,       1254,       1722,    26000,    52000,   119000,   176000,   401000,  1100000,
          CustBuyBeh,       5806,          0,          0,          0,       4256,       5549,      200,     4800,    50000,    99000,   243500,   431000,
       ProductReturn,      15223,          0,          0,          0,       9791,      12525,      200,     6400,    57000,   103000,   374000,  1100000,

  5601s: (70%)   IR =   9686 .[5603.343s][info][gc,start       ] GC(1451) Pause Young (Allocation Failure)
[5603.446s][info][gc,heap        ] GC(1451) PSYoungGen: 2611968K(2632192K)->154117K(2631168K) Eden: 2470912K(2470912K)->0K(2470912K) From: 141056K(161280K)->154117K(160256K)
[5603.446s][info][gc,heap        ] GC(1451) ParOldGen: 3901533K(4908032K)->3991677K(4908032K)
[5603.446s][info][gc,metaspace   ] GC(1451) Metaspace: 29108K(29504K)->29108K(29504K) NonClass: 24218K(24384K)->24218K(24384K) Class: 4889K(5120K)->4889K(5120K)
[5603.446s][info][gc             ] GC(1451) Pause Young (Allocation Failure) 6360M->4048M(7362M) 102.784ms
[5603.446s][info][gc,cpu         ] GC(1451) User=0.62s Sys=0.00s Real=0.10s
..[5605.507s][info][gc,start       ] GC(1452) Pause Young (Allocation Failure)
[5605.605s][info][gc,heap        ] GC(1452) PSYoungGen: 2625029K(2631168K)->148544K(2633216K) Eden: 2470912K(2470912K)->0K(2470912K) From: 154117K(160256K)->148544K(162304K)
[5605.605s][info][gc,heap        ] GC(1452) ParOldGen: 3991677K(4908032K)->4082189K(4908032K)
[5605.605s][info][gc,metaspace   ] GC(1452) Metaspace: 29108K(29504K)->29108K(29504K) NonClass: 24218K(24384K)->24218K(24384K) Class: 4889K(5120K)->4889K(5120K)
[5605.605s][info][gc             ] GC(1452) Pause Young (Allocation Failure) 6461M->4131M(7364M) 97.757ms
[5605.605s][info][gc,cpu         ] GC(1452) User=0.58s Sys=0.00s Real=0.10s
..[5607.539s][info][gc,start       ] GC(1453) Pause Young (Allocation Failure)
[5607.635s][info][gc,heap        ] GC(1453) PSYoungGen: 2619456K(2633216K)->139424K(2632192K) Eden: 2470912K(2470912K)->0K(2471936K) From: 148544K(162304K)->139424K(160256K)
[5607.636s][info][gc,heap        ] GC(1453) ParOldGen: 4082189K(4908032K)->4175045K(4908032K)
[5607.636s][info][gc,metaspace   ] GC(1453) Metaspace: 29108K(29504K)->29108K(29504K) NonClass: 24218K(24384K)->24218K(24384K) Class: 4889K(5120K)->4889K(5120K)
[5607.636s][info][gc             ] GC(1453) Pause Young (Allocation Failure) 6544M->4213M(7363M) 96.099ms
[5607.636s][info][gc,cpu         ] GC(1453) User=0.57s Sys=0.00s Real=0.09s
..[5609.554s][info][gc,start       ] GC(1454) Pause Young (Allocation Failure)
[5609.648s][info][gc,heap        ] GC(1454) PSYoungGen: 2611360K(2632192K)->134976K(2633216K) Eden: 2471936K(2471936K)->0K(2471936K) From: 139424K(160256K)->134976K(161280K)
[5609.648s][info][gc,heap        ] GC(1454) ParOldGen: 4175045K(4908032K)->4267133K(4908032K)
[5609.648s][info][gc,metaspace   ] GC(1454) Metaspace: 29108K(29504K)->29108K(29504K) NonClass: 24218K(24384K)->24218K(24384K) Class: 4889K(5120K)->4889K(5120K)
[5609.648s][info][gc             ] GC(1454) Pause Young (Allocation Failure) 6627M->4298M(7364M) 93.882ms
[5609.648s][info][gc,cpu         ] GC(1454) User=0.56s Sys=0.00s Real=0.09s
..|[5611.599s][info][gc,start       ] GC(1455) Pause Young (Allocation Failure)
[5611.697s][info][gc,heap        ] GC(1455) PSYoungGen: 2606912K(2633216K)->144505K(2631680K) Eden: 2471936K(2471936K)->0K(2473472K) From: 134976K(161280K)->144505K(158208K)
[5611.697s][info][gc,heap        ] GC(1455) ParOldGen: 4267133K(4908032K)->4358037K(4908032K)
[5611.697s][info][gc,metaspace   ] GC(1455) Metaspace: 29110K(29504K)->29110K(29504K) NonClass: 24221K(24384K)->24221K(24384K) Class: 4889K(5120K)->4889K(5120K)
[5611.697s][info][gc             ] GC(1455) Pause Young (Allocation Failure) 6712M->4397M(7363M) 98.062ms
[5611.697s][info][gc,cpu         ] GC(1455) User=0.58s Sys=0.00s Real=0.10s
..[5613.686s][info][gc,start       ] GC(1456) Pause Young (Allocation Failure)
[5613.787s][info][gc,heap        ] GC(1456) PSYoungGen: 2617977K(2631680K)->146747K(2633216K) Eden: 2473472K(2473472K)->0K(2473472K) From: 144505K(158208K)->146747K(159744K)
[5613.787s][info][gc,heap        ] GC(1456) ParOldGen: 4358037K(4908032K)->4449813K(4908032K)
[5613.787s][info][gc,metaspace   ] GC(1456) Metaspace: 29112K(29504K)->29112K(29504K) NonClass: 24222K(24384K)->24222K(24384K) Class: 4889K(5120K)->4889K(5120K)
[5613.787s][info][gc             ] GC(1456) Pause Young (Allocation Failure) 6812M->4488M(7364M) 101.097ms
[5613.787s][info][gc,cpu         ] GC(1456) User=0.60s Sys=0.00s Real=0.10s
...[5615.848s][info][gc,start       ] GC(1457) Pause Young (Allocation Failure)
[5615.943s][info][gc,heap        ] GC(1457) PSYoungGen: 2620219K(2633216K)->140512K(2633728K) Eden: 2473472K(2473472K)->0K(2477056K) From: 146747K(159744K)->140512K(156672K)
[5615.943s][info][gc,heap        ] GC(1457) ParOldGen: 4449813K(4908032K)->4541365K(4908032K)
[5615.943s][info][gc,metaspace   ] GC(1457) Metaspace: 29112K(29504K)->29112K(29504K) NonClass: 24222K(24384K)->24222K(24384K) Class: 4889K(5120K)->4889K(5120K)
[5615.943s][info][gc             ] GC(1457) Pause Young (Allocation Failure) 6904M->4572M(7365M) 94.443ms
[5615.943s][info][gc,cpu         ] GC(1457) User=0.56s Sys=0.00s Real=0.10s
..[5617.958s][info][gc,start       ] GC(1458) Pause Young (Allocation Failure)
[5618.054s][info][gc,heap        ] GC(1458) PSYoungGen: 2617568K(2633728K)->143104K(2635264K) Eden: 2477056K(2477056K)->0K(2477056K) From: 140512K(156672K)->143104K(158208K)
[5618.054s][info][gc,heap        ] GC(1458) ParOldGen: 4541365K(4908032K)->4633461K(4908032K)
[5618.054s][info][gc,metaspace   ] GC(1458) Metaspace: 29112K(29504K)->29112K(29504K) NonClass: 24222K(24384K)->24222K(24384K) Class: 4889K(5120K)->4889K(5120K)
[5618.054s][info][gc             ] GC(1458) Pause Young (Allocation Failure) 6991M->4664M(7366M) 95.253ms
[5618.054s][info][gc,cpu         ] GC(1458) User=0.57s Sys=0.00s Real=0.10s
..[5620.065s][info][gc,start       ] GC(1459) Pause Young (Allocation Failure)
[5620.163s][info][gc,heap        ] GC(1459) PSYoungGen: 2620160K(2635264K)->146137K(2636288K) Eden: 2477056K(2477056K)->0K(2480640K) From: 143104K(158208K)->146137K(155648K)
[5620.163s][info][gc,heap        ] GC(1459) ParOldGen: 4633461K(4908032K)->4725069K(4908032K)
[5620.163s][info][gc,metaspace   ] GC(1459) Metaspace: 29112K(29504K)->29112K(29504K) NonClass: 24222K(24384K)->24222K(24384K) Class: 4889K(5120K)->4889K(5120K)
[5620.163s][info][gc             ] GC(1459) Pause Young (Allocation Failure) 7083M->4757M(7367M) 97.920ms
[5620.163s][info][gc,cpu         ] GC(1459) User=0.58s Sys=0.00s Real=0.10s
..[5622.161s][info][gc,start       ] GC(1460) Pause Young (Allocation Failure)
[5622.257s][info][gc,heap        ] GC(1460) PSYoungGen: 2626777K(2636288K)->144928K(2637312K) Eden: 2480640K(2480640K)->0K(2480640K) From: 146137K(155648K)->144928K(156672K)
[5622.257s][info][gc,heap        ] GC(1460) ParOldGen: 4725069K(4908032K)->4816589K(4908032K)
[5622.257s][info][gc,metaspace   ] GC(1460) Metaspace: 29112K(29504K)->29112K(29504K) NonClass: 24222K(24384K)->24222K(24384K) Class: 4889K(5120K)->4889K(5120K)
[5622.257s][info][gc             ] GC(1460) Pause Young (Allocation Failure) 7179M->4845M(7368M) 96.423ms
[5622.257s][info][gc,cpu         ] GC(1460) User=0.57s Sys=0.00s Real=0.09s
..[5624.146s][info][gc,start       ] GC(1461) Pause Young (Allocation Failure)
[5624.242s][info][gc,heap        ] GC(1461) PSYoungGen: 2625568K(2637312K)->140800K(2638336K) Eden: 2480640K(2480640K)->0K(2483712K) From: 144928K(156672K)->140800K(154624K)
[5624.242s][info][gc,heap        ] GC(1461) ParOldGen: 4816589K(4908032K)->4909229K(4909568K)
[5624.242s][info][gc,metaspace   ] GC(1461) Metaspace: 29112K(29504K)->29112K(29504K) NonClass: 24222K(24384K)->24222K(24384K) Class: 4889K(5120K)->4889K(5120K)
[5624.242s][info][gc             ] GC(1461) Pause Young (Allocation Failure) 7267M->4931M(7371M) 95.744ms
[5624.242s][info][gc,cpu         ] GC(1461) User=0.57s Sys=0.00s Real=0.10s
..[5626.243s][info][gc,start       ] GC(1462) Pause Young (Allocation Failure)
[5626.349s][info][gc,heap        ] GC(1462) PSYoungGen: 2624512K(2638336K)->151456K(2638848K) Eden: 2483712K(2483712K)->0K(2483712K) From: 140800K(154624K)->151456K(155136K)
[5626.349s][info][gc,heap        ] GC(1462) ParOldGen: 4909229K(4909568K)->4999805K(5000192K)
[5626.349s][info][gc,metaspace   ] GC(1462) Metaspace: 29112K(29504K)->29112K(29504K) NonClass: 24222K(24384K)->24222K(24384K) Class: 4889K(5120K)->4889K(5120K)
[5626.349s][info][gc             ] GC(1462) Pause Young (Allocation Failure) 7357M->5030M(7460M) 105.289ms
[5626.349s][info][gc,cpu         ] GC(1462) User=0.60s Sys=0.03s Real=0.10s
..[5628.277s][info][gc,start       ] GC(1463) Pause Young (Allocation Failure)
[5628.379s][info][gc,heap        ] GC(1463) PSYoungGen: 2635168K(2638848K)->146304K(2639872K) Eden: 2483712K(2483712K)->0K(2483200K) From: 151456K(155136K)->146304K(156672K)
[5628.379s][info][gc,heap        ] GC(1463) ParOldGen: 4999805K(5000192K)->5091125K(5091328K)
[5628.379s][info][gc,metaspace   ] GC(1463) Metaspace: 29112K(29504K)->29112K(29504K) NonClass: 24222K(24384K)->24222K(24384K) Class: 4889K(5120K)->4889K(5120K)
[5628.379s][info][gc             ] GC(1463) Pause Young (Allocation Failure) 7456M->5114M(7550M) 101.555ms
[5628.379s][info][gc,cpu         ] GC(1463) User=0.56s Sys=0.03s Real=0.10s
..[5630.427s][info][gc,start       ] GC(1464) Pause Young (Allocation Failure)
[5630.530s][info][gc,heap        ] GC(1464) PSYoungGen: 2629504K(2639872K)->149184K(2639360K) Eden: 2483200K(2483200K)->0K(2483200K) From: 146304K(156672K)->149184K(156160K)
[5630.530s][info][gc,heap        ] GC(1464) ParOldGen: 5091125K(5091328K)->5183941K(5184000K)
[5630.530s][info][gc,metaspace   ] GC(1464) Metaspace: 29112K(29504K)->29112K(29504K) NonClass: 24222K(24384K)->24222K(24384K) Class: 4889K(5120K)->4889K(5120K)
[5630.530s][info][gc             ] GC(1464) Pause Young (Allocation Failure) 7539M->5208M(7640M) 103.035ms
[5630.531s][info][gc,cpu         ] GC(1464) User=0.58s Sys=0.03s Real=0.11s
..[5632.451s][info][gc,start       ] GC(1465) Pause Young (Allocation Failure)
[5632.557s][info][gc,heap        ] GC(1465) PSYoungGen: 2632384K(2639360K)->154021K(2635264K) Eden: 2483200K(2483200K)->0K(2478592K) From: 149184K(156160K)->154021K(156672K)
[5632.557s][info][gc,heap        ] GC(1465) ParOldGen: 5183941K(5184000K)->5274973K(5275136K)
[5632.557s][info][gc,metaspace   ] GC(1465) Metaspace: 29112K(29504K)->29112K(29504K) NonClass: 24222K(24384K)->24222K(24384K) Class: 4889K(5120K)->4889K(5120K)
[5632.557s][info][gc             ] GC(1465) Pause Young (Allocation Failure) 7633M->5301M(7725M) 106.708ms
[5632.558s][info][gc,cpu         ] GC(1465) User=0.59s Sys=0.04s Real=0.10s
..[5634.522s][info][gc,start       ] GC(1466) Pause Young (Allocation Failure)
[5634.623s][info][gc,heap        ] GC(1466) PSYoungGen: 2632613K(2635264K)->145728K(2637312K) Eden: 2478592K(2478592K)->0K(2478592K) From: 154021K(156672K)->145728K(158720K)
[5634.623s][info][gc,heap        ] GC(1466) ParOldGen: 5274973K(5275136K)->5368173K(5368320K)
[5634.623s][info][gc,metaspace   ] GC(1466) Metaspace: 29112K(29504K)->29112K(29504K) NonClass: 24222K(24384K)->24222K(24384K) Class: 4889K(5120K)->4889K(5120K)
[5634.623s][info][gc             ] GC(1466) Pause Young (Allocation Failure) 7722M->5384M(7818M) 101.207ms
[5634.623s][info][gc,cpu         ] GC(1466) User=0.58s Sys=0.02s Real=0.10s
..[5636.576s][info][gc,start       ] GC(1467) Pause Young (Allocation Failure)
[5636.677s][info][gc,heap        ] GC(1467) PSYoungGen: 2624320K(2637312K)->141157K(2635264K) Eden: 2478592K(2478592K)->0K(2479616K) From: 145728K(158720K)->141157K(155648K)
[5636.677s][info][gc,heap        ] GC(1467) ParOldGen: 5368173K(5368320K)->5458237K(5458432K)
[5636.677s][info][gc,metaspace   ] GC(1467) Metaspace: 29112K(29504K)->29112K(29504K) NonClass: 24222K(24384K)->24222K(24384K) Class: 4889K(5120K)->4889K(5120K)
[5636.677s][info][gc             ] GC(1467) Pause Young (Allocation Failure) 7805M->5468M(7904M) 101.185ms
[5636.677s][info][gc,cpu         ] GC(1467) User=0.55s Sys=0.04s Real=0.10s
..[5638.764s][info][gc,start       ] GC(1468) Pause Young (Allocation Failure)
[5638.866s][info][gc,heap        ] GC(1468) PSYoungGen: 2620773K(2635264K)->144437K(2636800K) Eden: 2479616K(2479616K)->0K(2479616K) From: 141157K(155648K)->144437K(157184K)
[5638.866s][info][gc,heap        ] GC(1468) ParOldGen: 5458237K(5458432K)->5549221K(5549568K)
[5638.866s][info][gc,metaspace   ] GC(1468) Metaspace: 29112K(29504K)->29112K(29504K) NonClass: 24222K(24384K)->24222K(24384K) Class: 4889K(5120K)->4889K(5120K)
[5638.866s][info][gc             ] GC(1468) Pause Young (Allocation Failure) 7889M->5560M(7994M) 102.077ms
[5638.866s][info][gc,cpu         ] GC(1468) User=0.58s Sys=0.02s Real=0.10s
..[5640.994s][info][gc,start       ] GC(1469) Pause Full (Allocation Failure)
[5640.994s][info][gc,phases,start] GC(1469) Marking Phase
[5641.291s][info][gc,phases      ] GC(1469) Marking Phase 297.476ms
[5641.291s][info][gc,phases,start] GC(1469) Summary Phase
[5641.291s][info][gc,phases      ] GC(1469) Summary Phase 0.093ms
[5641.291s][info][gc,phases,start] GC(1469) Forward
[5641.415s][info][gc,phases      ] GC(1469) Forward 123.660ms
[5641.415s][info][gc,phases,start] GC(1469) Adjust Pointers
[5641.611s][info][gc,phases      ] GC(1469) Adjust Pointers 196.090ms
[5641.611s][info][gc,phases,start] GC(1469) Compaction Phase
[5641.736s][info][gc,phases      ] GC(1469) Compaction Phase 124.995ms
[5641.737s][info][gc,phases,start] GC(1469) Post Compact
[5641.744s][info][gc,phases      ] GC(1469) Post Compact 6.922ms
[5641.869s][info][gc,heap        ] GC(1469) PSYoungGen: 2624053K(2636800K)->0K(2638336K) Eden: 2479616K(2479616K)->0K(2482176K) From: 144437K(157184K)->0K(156160K)
[5641.869s][info][gc,heap        ] GC(1469) ParOldGen: 5549221K(5549568K)->1418939K(1689600K)
[5641.869s][info][gc,metaspace   ] GC(1469) Metaspace: 29112K(29504K)->29112K(29504K) NonClass: 24222K(24384K)->24222K(24384K) Class: 4889K(5120K)->4889K(5120K)
[5641.869s][info][gc             ] GC(1469) Pause Full (Allocation Failure) 7981M->1385M(4226M) 875.222ms
[5641.869s][info][gc,cpu         ] GC(1469) User=4.04s Sys=0.12s Real=0.87s
..[5643.354s][info][gc,start       ] GC(1470) Pause Young (Allocation Failure)
[5643.422s][info][gc,heap        ] GC(1470) PSYoungGen: 2482176K(2638336K)->150840K(2638848K) Eden: 2482176K(2482176K)->0K(2482176K) From: 0K(156160K)->150840K(156672K)
[5643.422s][info][gc,heap        ] GC(1470) ParOldGen: 1418939K(1689600K)->1418939K(1689600K)
[5643.422s][info][gc,metaspace   ] GC(1470) Metaspace: 29112K(29504K)->29112K(29504K) NonClass: 24222K(24384K)->24222K(24384K) Class: 4889K(5120K)->4889K(5120K)
[5643.422s][info][gc             ] GC(1470) Pause Young (Allocation Failure) 3809M->1532M(4227M) 67.442ms
[5643.422s][info][gc,cpu         ] GC(1470) User=0.40s Sys=0.00s Real=0.07s
.[5645.091s][info][gc,start       ] GC(1471) Pause Young (Allocation Failure)
[5645.184s][info][gc,heap        ] GC(1471) PSYoungGen: 2633016K(2638848K)->145728K(2637824K) Eden: 2482176K(2482176K)->0K(2482176K) From: 150840K(156672K)->145728K(155648K)
[5645.184s][info][gc,heap        ] GC(1471) ParOldGen: 1418939K(1689600K)->1509339K(1689600K)
[5645.184s][info][gc,metaspace   ] GC(1471) Metaspace: 29112K(29504K)->29112K(29504K) NonClass: 24222K(24384K)->24222K(24384K) Class: 4889K(5120K)->4889K(5120K)
[5645.184s][info][gc             ] GC(1471) Pause Young (Allocation Failure) 3956M->1616M(4226M) 92.674ms
[5645.184s][info][gc,cpu         ] GC(1471) User=0.55s Sys=0.00s Real=0.09s
..[5647.167s][info][gc,start       ] GC(1472) Pause Young (Allocation Failure)
[5647.260s][info][gc,heap        ] GC(1472) PSYoungGen: 2627904K(2637824K)->143552K(2638336K) Eden: 2482176K(2482176K)->0K(2482176K) From: 145728K(155648K)->143552K(156160K)
[5647.260s][info][gc,heap        ] GC(1472) ParOldGen: 1509339K(1689600K)->1600987K(1689600K)
[5647.260s][info][gc,metaspace   ] GC(1472) Metaspace: 29112K(29504K)->29112K(29504K) NonClass: 24222K(24384K)->24222K(24384K) Class: 4889K(5120K)->4889K(5120K)
[5647.260s][info][gc             ] GC(1472) Pause Young (Allocation Failure) 4040M->1703M(4226M) 93.487ms
[5647.260s][info][gc,cpu         ] GC(1472) User=0.56s Sys=0.00s Real=0.10s
...[5649.334s][info][gc,start       ] GC(1473) Pause Young (Allocation Failure)
[5649.433s][info][gc,heap        ] GC(1473) PSYoungGen: 2625728K(2638336K)->150740K(2638336K) Eden: 2482176K(2482176K)->0K(2482688K) From: 143552K(156160K)->150740K(155648K)
[5649.433s][info][gc,heap        ] GC(1473) ParOldGen: 1600987K(1689600K)->1692131K(1692160K)
[5649.433s][info][gc,metaspace   ] GC(1473) Metaspace: 29112K(29504K)->29112K(29504K) NonClass: 24222K(24384K)->24222K(24384K) Class: 4889K(5120K)->4889K(5120K)
[5649.433s][info][gc             ] GC(1473) Pause Young (Allocation Failure) 4127M->1799M(4229M) 99.190ms
[5649.433s][info][gc,cpu         ] GC(1473) User=0.59s Sys=0.00s Real=0.10s
..[5651.429s][info][gc,start       ] GC(1474) Pause Young (Allocation Failure)
[5651.532s][info][gc,heap        ] GC(1474) PSYoungGen: 2633428K(2638336K)->151300K(2634240K) Eden: 2482688K(2482688K)->0K(2482688K) From: 150740K(155648K)->151300K(151552K)
[5651.532s][info][gc,heap        ] GC(1474) ParOldGen: 1692131K(1692160K)->1784627K(1784832K)
[5651.532s][info][gc,metaspace   ] GC(1474) Metaspace: 29112K(29504K)->29112K(29504K) NonClass: 24222K(24384K)->24222K(24384K) Class: 4889K(5120K)->4889K(5120K)
[5651.532s][info][gc             ] GC(1474) Pause Young (Allocation Failure) 4224M->1890M(4315M) 103.160ms
[5651.532s][info][gc,cpu         ] GC(1474) User=0.58s Sys=0.03s Real=0.11s
..[5653.518s][info][gc,start       ] GC(1475) Pause Young (Allocation Failure)
[5653.622s][info][gc,heap        ] GC(1475) PSYoungGen: 2633988K(2634240K)->153296K(2635776K) Eden: 2482688K(2482688K)->0K(2478592K) From: 151300K(151552K)->153296K(157184K)
[5653.622s][info][gc,heap        ] GC(1475) ParOldGen: 1784627K(1784832K)->1876563K(1876992K)
[5653.622s][info][gc,metaspace   ] GC(1475) Metaspace: 29112K(29504K)->29112K(29504K) NonClass: 24222K(24384K)->24222K(24384K) Class: 4889K(5120K)->4889K(5120K)
[5653.622s][info][gc             ] GC(1475) Pause Young (Allocation Failure) 4315M->1982M(4407M) 103.856ms
[5653.622s][info][gc,cpu         ] GC(1475) User=0.60s Sys=0.03s Real=0.11s
..[5655.509s][info][gc,start       ] GC(1476) Pause Young (Allocation Failure)
[5655.615s][info][gc,heap        ] GC(1476) PSYoungGen: 2631888K(2635776K)->158713K(2637312K) Eden: 2478592K(2478592K)->0K(2478592K) From: 153296K(157184K)->158713K(158720K)
[5655.615s][info][gc,heap        ] GC(1476) ParOldGen: 1876563K(1876992K)->1967867K(1968128K)
[5655.615s][info][gc,metaspace   ] GC(1476) Metaspace: 29112K(29504K)->29112K(29504K) NonClass: 24222K(24384K)->24222K(24384K) Class: 4889K(5120K)->4889K(5120K)
[5655.615s][info][gc             ] GC(1476) Pause Young (Allocation Failure) 4402M->2076M(4497M) 105.804ms
[5655.615s][info][gc,cpu         ] GC(1476) User=0.60s Sys=0.03s Real=0.10s
..[5657.585s][info][gc,start       ] GC(1477) Pause Young (Allocation Failure)
[5657.683s][info][gc,heap        ] GC(1477) PSYoungGen: 2637305K(2637312K)->142336K(2565632K) Eden: 2478592K(2478592K)->0K(2406912K) From: 158713K(158720K)->142336K(158720K)
[5657.683s][info][gc,heap        ] GC(1477) ParOldGen: 1967867K(1968128K)->2060203K(2060288K)
[5657.683s][info][gc,metaspace   ] GC(1477) Metaspace: 29112K(29504K)->29112K(29504K) NonClass: 24222K(24384K)->24222K(24384K) Class: 4889K(5120K)->4889K(5120K)
[5657.683s][info][gc             ] GC(1477) Pause Young (Allocation Failure) 4497M->2150M(4517M) 97.842ms
[5657.683s][info][gc,cpu         ] GC(1477) User=0.56s Sys=0.02s Real=0.10s
..[5659.583s][info][gc,start       ] GC(1478) Pause Young (Allocation Failure)
[5659.678s][info][gc,heap        ] GC(1478) PSYoungGen: 2549248K(2565632K)->134208K(2601472K) Eden: 2406912K(2406912K)->0K(2406912K) From: 142336K(158720K)->134208K(194560K)
[5659.678s][info][gc,heap        ] GC(1478) ParOldGen: 2060203K(2060288K)->2153259K(2153472K)
[5659.678s][info][gc,metaspace   ] GC(1478) Metaspace: 29112K(29504K)->29112K(29504K) NonClass: 24222K(24384K)->24222K(24384K) Class: 4889K(5120K)->4889K(5120K)
[5659.678s][info][gc             ] GC(1478) Pause Young (Allocation Failure) 4501M->2233M(4643M) 94.904ms
[5659.678s][info][gc,cpu         ] GC(1478) User=0.54s Sys=0.03s Real=0.09s
..[5661.535s][info][gc,start       ] GC(1479) Pause Young (Allocation Failure)
[5661.630s][info][gc,heap        ] GC(1479) PSYoungGen: 2541120K(2601472K)->136896K(2599424K) Eden: 2406912K(2406912K)->0K(2406912K) From: 134208K(194560K)->136896K(192512K)
[5661.630s][info][gc,heap        ] GC(1479) ParOldGen: 2153259K(2153472K)->2243907K(2244096K)
[5661.630s][info][gc,metaspace   ] GC(1479) Metaspace: 29112K(29504K)->29112K(29504K) NonClass: 24222K(24384K)->24222K(24384K) Class: 4889K(5120K)->4889K(5120K)
[5661.630s][info][gc             ] GC(1479) Pause Young (Allocation Failure) 4584M->2325M(4730M) 95.127ms
[5661.630s][info][gc,cpu         ] GC(1479) User=0.53s Sys=0.03s Real=0.10s
..[5663.513s][info][gc,start       ] GC(1480) Pause Young (Allocation Failure)
[5663.614s][info][gc,heap        ] GC(1480) PSYoungGen: 2543808K(2599424K)->151872K(2558976K) Eden: 2406912K(2406912K)->0K(2406912K) From: 136896K(192512K)->151872K(152064K)
[5663.614s][info][gc,heap        ] GC(1480) ParOldGen: 2243907K(2244096K)->2335075K(2335232K)
[5663.614s][info][gc,metaspace   ] GC(1480) Metaspace: 29112K(29504K)->29112K(29504K) NonClass: 24222K(24384K)->24222K(24384K) Class: 4889K(5120K)->4889K(5120K)
[5663.614s][info][gc             ] GC(1480) Pause Young (Allocation Failure) 4675M->2428M(4779M) 101.001ms
[5663.614s][info][gc,cpu         ] GC(1480) User=0.58s Sys=0.03s Real=0.10s
..[5665.505s][info][gc,start       ] GC(1481) Pause Young (Allocation Failure)
[5665.607s][info][gc,heap        ] GC(1481) PSYoungGen: 2558784K(2558976K)->149664K(2603008K) Eden: 2406912K(2406912K)->0K(2413568K) From: 151872K(152064K)->149664K(189440K)
[5665.607s][info][gc,heap        ] GC(1481) ParOldGen: 2335075K(2335232K)->2427163K(2427392K)
[5665.607s][info][gc,metaspace   ] GC(1481) Metaspace: 29112K(29504K)->29112K(29504K) NonClass: 24222K(24384K)->24222K(24384K) Class: 4889K(5120K)->4889K(5120K)
[5665.607s][info][gc             ] GC(1481) Pause Young (Allocation Failure) 4779M->2516M(4912M) 101.922ms
[5665.607s][info][gc,cpu         ] GC(1481) User=0.57s Sys=0.03s Real=0.10s
..[5667.544s][info][gc,start       ] GC(1482) Pause Young (Allocation Failure)
[5667.640s][info][gc,heap        ] GC(1482) PSYoungGen: 2563232K(2603008K)->137811K(2599424K) Eden: 2413568K(2413568K)->0K(2413568K) From: 149664K(189440K)->137811K(185856K)
[5667.640s][info][gc,heap        ] GC(1482) ParOldGen: 2427163K(2427392K)->2517691K(2518016K)
[5667.640s][info][gc,metaspace   ] GC(1482) Metaspace: 29112K(29504K)->29112K(29504K) NonClass: 24222K(24384K)->24222K(24384K) Class: 4889K(5120K)->4889K(5120K)
[5667.640s][info][gc             ] GC(1482) Pause Young (Allocation Failure) 4873M->2593M(4997M) 96.529ms
[5667.640s][info][gc,cpu         ] GC(1482) User=0.53s Sys=0.04s Real=0.10s
..[5669.565s][info][gc,start       ] GC(1483) Pause Young (Allocation Failure)
[5669.664s][info][gc,heap        ] GC(1483) PSYoungGen: 2551379K(2599424K)->137860K(2606592K) Eden: 2413568K(2413568K)->0K(2421760K) From: 137811K(185856K)->137860K(184832K)
[5669.664s][info][gc,heap        ] GC(1483) ParOldGen: 2517691K(2518016K)->2608803K(2609152K)
[5669.664s][info][gc,metaspace   ] GC(1483) Metaspace: 29112K(29504K)->29112K(29504K) NonClass: 24222K(24384K)->24222K(24384K) Class: 4889K(5120K)->4889K(5120K)
[5669.664s][info][gc             ] GC(1483) Pause Young (Allocation Failure) 4950M->2682M(5093M) 98.641ms
[5669.664s][info][gc,cpu         ] GC(1483) User=0.56s Sys=0.02s Real=0.10s
.. (rIR:aIR:PR = 9686:9695:9692) (tPR = 143738) [OK] 
  5671s: Performance info:
         Transaction,    Success,    Partial,     Failed,   Receipts, AvgBarcode, 
             Overall,     586655,          0,          0,     557392,      59.48, 
         Response times:
             Request,    Success,    Partial,     Failed,   SkipFail,     Probes,    Samples,      min,      p50,      p90,      p95,      p99,      max, 
       TotalPurchase,     557521,          0,          0,          0,     351691,     418944,      200,     6600,    48000,    94000,   389000,   890000,
     InStorePurchase,     294757,          0,          0,          0,     183927,     219496,      300,     6500,    47000,    93000,   389000,   880000,
      OnlinePurchase,     205072,          0,          0,          0,     130183,     154721,      200,     6600,    48000,    97000,   391000,   890000,
        InstPurchase,      57692,          0,          0,          0,      37581,      44727,      300,     6500,    47000,    91000,   394000,   880000,
          AssocOfCat,        581,          0,          0,          0,        462,        638,    19600,    40000,    79000,   127050,   352710,   513000,
      AssocOfProduct,       5850,          0,          0,          0,       4145,       5193,      800,     6500,    44000,    78300,   285180,   488000,
      BusinessReport,       1460,          0,          0,          0,       1275,       1677,    26000,    52000,   108000,   167100,   503000,   576000,
          CustBuyBeh,       5873,          0,          0,          0,       4216,       5236,      200,     5600,    43000,    83000,   286000,   488000,
       ProductReturn,      15505,          0,          0,          0,       9928,      12164,      300,     6500,    49000,    93750,   516000,   880000,

  5671s: (71%)   IR =   9824 [5671.593s][info][gc,start       ] GC(1484) Pause Young (Allocation Failure)
[5671.687s][info][gc,heap        ] GC(1484) PSYoungGen: 2559620K(2606592K)->136416K(2605568K) Eden: 2421760K(2421760K)->0K(2421760K) From: 137860K(184832K)->136416K(183808K)
[5671.687s][info][gc,heap        ] GC(1484) ParOldGen: 2608803K(2609152K)->2699619K(2699776K)
[5671.687s][info][gc,metaspace   ] GC(1484) Metaspace: 29112K(29504K)->29112K(29504K) NonClass: 24222K(24384K)->24222K(24384K) Class: 4889K(5120K)->4889K(5120K)
[5671.687s][info][gc             ] GC(1484) Pause Young (Allocation Failure) 5047M->2769M(5181M) 94.825ms
[5671.687s][info][gc,cpu         ] GC(1484) User=0.53s Sys=0.03s Real=0.09s
..[5673.635s][info][gc,start       ] GC(1485) Pause Young (Allocation Failure)
[5673.740s][info][gc,heap        ] GC(1485) PSYoungGen: 2558176K(2605568K)->147477K(2607104K) Eden: 2421760K(2421760K)->0K(2429440K) From: 136416K(183808K)->147477K(177664K)
[5673.740s][info][gc,heap        ] GC(1485) ParOldGen: 2699619K(2699776K)->2791571K(2791936K)
[5673.740s][info][gc,metaspace   ] GC(1485) Metaspace: 29112K(29504K)->29112K(29504K) NonClass: 24222K(24384K)->24222K(24384K) Class: 4889K(5120K)->4889K(5120K)
[5673.740s][info][gc             ] GC(1485) Pause Young (Allocation Failure) 5134M->2870M(5272M) 105.112ms
[5673.740s][info][gc,cpu         ] GC(1485) User=0.60s Sys=0.02s Real=0.11s
..[5675.577s][info][gc,start       ] GC(1486) Pause Young (Allocation Failure)
[5675.673s][info][gc,heap        ] GC(1486) PSYoungGen: 2576917K(2607104K)->138400K(2608640K) Eden: 2429440K(2429440K)->0K(2429440K) From: 147477K(177664K)->138400K(179200K)
[5675.674s][info][gc,heap        ] GC(1486) ParOldGen: 2791571K(2791936K)->2882427K(2882560K)
[5675.674s][info][gc,metaspace   ] GC(1486) Metaspace: 29112K(29504K)->29112K(29504K) NonClass: 24222K(24384K)->24222K(24384K) Class: 4889K(5120K)->4889K(5120K)
[5675.674s][info][gc             ] GC(1486) Pause Young (Allocation Failure) 5242M->2950M(5362M) 96.882ms
[5675.674s][info][gc,cpu         ] GC(1486) User=0.55s Sys=0.03s Real=0.10s
..[5677.559s][info][gc,start       ] GC(1487) Pause Young (Allocation Failure)
[5677.654s][info][gc,heap        ] GC(1487) PSYoungGen: 2567840K(2608640K)->134752K(2614784K) Eden: 2429440K(2429440K)->0K(2439168K) From: 138400K(179200K)->134752K(175616K)
[5677.654s][info][gc,heap        ] GC(1487) ParOldGen: 2882427K(2882560K)->2973523K(2973696K)
[5677.654s][info][gc,metaspace   ] GC(1487) Metaspace: 29112K(29504K)->29112K(29504K) NonClass: 24222K(24384K)->24222K(24384K) Class: 4889K(5120K)->4889K(5120K)
[5677.654s][info][gc             ] GC(1487) Pause Young (Allocation Failure) 5322M->3035M(5457M) 94.963ms
[5677.654s][info][gc,cpu         ] GC(1487) User=0.53s Sys=0.03s Real=0.10s
..[5679.548s][info][gc,start       ] GC(1488) Pause Young (Allocation Failure)
[5679.645s][info][gc,heap        ] GC(1488) PSYoungGen: 2573920K(2614784K)->139104K(2615808K) Eden: 2439168K(2439168K)->0K(2439168K) From: 134752K(175616K)->139104K(176640K)
[5679.645s][info][gc,heap        ] GC(1488) ParOldGen: 2973523K(2973696K)->3064787K(3064832K)
[5679.645s][info][gc,metaspace   ] GC(1488) Metaspace: 29112K(29504K)->29112K(29504K) NonClass: 24222K(24384K)->24222K(24384K) Class: 4889K(5120K)->4889K(5120K)
[5679.645s][info][gc             ] GC(1488) Pause Young (Allocation Failure) 5417M->3128M(5547M) 97.068ms
[5679.645s][info][gc,cpu         ] GC(1488) User=0.55s Sys=0.03s Real=0.10s
..[5681.558s][info][gc,start       ] GC(1489) Pause Young (Allocation Failure)
[5681.657s][info][gc,heap        ] GC(1489) PSYoungGen: 2578272K(2615808K)->141024K(2616320K) Eden: 2439168K(2439168K)->0K(2444800K) From: 139104K(176640K)->141024K(171520K)
[5681.657s][info][gc,heap        ] GC(1489) ParOldGen: 3064787K(3064832K)->3156803K(3156992K)
[5681.657s][info][gc,metaspace   ] GC(1489) Metaspace: 29112K(29504K)->29112K(29504K) NonClass: 24222K(24384K)->24222K(24384K) Class: 4889K(5120K)->4889K(5120K)
[5681.657s][info][gc             ] GC(1489) Pause Young (Allocation Failure) 5510M->3220M(5638M) 99.568ms
[5681.657s][info][gc,cpu         ] GC(1489) User=0.57s Sys=0.02s Real=0.10s
..[5683.626s][info][gc,start       ] GC(1490) Pause Young (Allocation Failure)
[5683.724s][info][gc,heap        ] GC(1490) PSYoungGen: 2585824K(2616320K)->135509K(2617344K) Eden: 2444800K(2444800K)->0K(2444800K) From: 141024K(171520K)->135509K(172544K)
[5683.724s][info][gc,heap        ] GC(1490) ParOldGen: 3156803K(3156992K)->3248891K(3249152K)
[5683.724s][info][gc,metaspace   ] GC(1490) Metaspace: 29112K(29504K)->29112K(29504K) NonClass: 24222K(24384K)->24222K(24384K) Class: 4889K(5120K)->4889K(5120K)
[5683.724s][info][gc             ] GC(1490) Pause Young (Allocation Failure) 5608M->3305M(5729M) 97.955ms
[5683.724s][info][gc,cpu         ] GC(1490) User=0.55s Sys=0.03s Real=0.10s
..|[5685.676s][info][gc,start       ] GC(1491) Pause Young (Allocation Failure)
[5685.773s][info][gc,heap        ] GC(1491) PSYoungGen: 2580309K(2617344K)->138688K(2619392K) Eden: 2444800K(2444800K)->0K(2451968K) From: 135509K(172544K)->138688K(167424K)
[5685.773s][info][gc,heap        ] GC(1491) ParOldGen: 3248891K(3249152K)->3338219K(3338240K)
[5685.773s][info][gc,metaspace   ] GC(1491) Metaspace: 29112K(29504K)->29112K(29504K) NonClass: 24222K(24384K)->24222K(24384K) Class: 4889K(5120K)->4889K(5120K)
[5685.773s][info][gc             ] GC(1491) Pause Young (Allocation Failure) 5692M->3395M(5818M) 96.999ms
[5685.773s][info][gc,cpu         ] GC(1491) User=0.54s Sys=0.03s Real=0.10s
..[5687.654s][info][gc,start       ] GC(1492) Pause Young (Allocation Failure)
[5687.755s][info][gc,heap        ] GC(1492) PSYoungGen: 2590656K(2619392K)->145646K(2621440K) Eden: 2451968K(2451968K)->0K(2451968K) From: 138688K(167424K)->145646K(169472K)
[5687.755s][info][gc,heap        ] GC(1492) ParOldGen: 3338219K(3338240K)->3430499K(3430912K)
[5687.755s][info][gc,metaspace   ] GC(1492) Metaspace: 29112K(29504K)->29112K(29504K) NonClass: 24222K(24384K)->24222K(24384K) Class: 4889K(5120K)->4889K(5120K)
[5687.755s][info][gc             ] GC(1492) Pause Young (Allocation Failure) 5789M->3492M(5910M) 101.137ms
[5687.755s][info][gc,cpu         ] GC(1492) User=0.57s Sys=0.02s Real=0.10s
..[5689.798s][info][gc,start       ] GC(1493) Pause Young (Allocation Failure)
[5689.901s][info][gc,heap        ] GC(1493) PSYoungGen: 2597614K(2621440K)->151161K(2626560K) Eden: 2451968K(2451968K)->0K(2458624K) From: 145646K(169472K)->151161K(167936K)
[5689.901s][info][gc,heap        ] GC(1493) ParOldGen: 3430499K(3430912K)->3519683K(3520000K)
[5689.901s][info][gc,metaspace   ] GC(1493) Metaspace: 29112K(29504K)->29112K(29504K) NonClass: 24222K(24384K)->24222K(24384K) Class: 4889K(5120K)->4889K(5120K)
[5689.901s][info][gc             ] GC(1493) Pause Young (Allocation Failure) 5886M->3584M(6002M) 102.957ms
[5689.901s][info][gc,cpu         ] GC(1493) User=0.58s Sys=0.03s Real=0.11s
..[5691.844s][info][gc,start       ] GC(1494) Pause Young (Allocation Failure)
[5691.944s][info][gc,heap        ] GC(1494) PSYoungGen: 2609785K(2626560K)->144053K(2603008K) Eden: 2458624K(2458624K)->0K(2458624K) From: 151161K(167936K)->144053K(144384K)
[5691.944s][info][gc,heap        ] GC(1494) ParOldGen: 3519683K(3520000K)->3609867K(3610112K)
[5691.944s][info][gc,metaspace   ] GC(1494) Metaspace: 29112K(29504K)->29112K(29504K) NonClass: 24222K(24384K)->24222K(24384K) Class: 4889K(5120K)->4889K(5120K)
[5691.944s][info][gc             ] GC(1494) Pause Young (Allocation Failure) 5985M->3665M(6067M) 99.428ms
[5691.944s][info][gc,cpu         ] GC(1494) User=0.57s Sys=0.02s Real=0.10s
..[5693.959s][info][gc,start       ] GC(1495) Pause Young (Allocation Failure)
[5694.060s][info][gc,heap        ] GC(1495) PSYoungGen: 2602677K(2603008K)->148640K(2626048K) Eden: 2458624K(2458624K)->0K(2460160K) From: 144053K(144384K)->148640K(165888K)
[5694.060s][info][gc,heap        ] GC(1495) ParOldGen: 3609867K(3610112K)->3700579K(3700736K)
[5694.060s][info][gc,metaspace   ] GC(1495) Metaspace: 29112K(29504K)->29112K(29504K) NonClass: 24222K(24384K)->24222K(24384K) Class: 4889K(5120K)->4889K(5120K)
[5694.060s][info][gc             ] GC(1495) Pause Young (Allocation Failure) 6066M->3759M(6178M) 101.175ms
[5694.060s][info][gc,cpu         ] GC(1495) User=0.58s Sys=0.02s Real=0.11s
..[5696.000s][info][gc,start       ] GC(1496) Pause Young (Allocation Failure)
[5696.101s][info][gc,heap        ] GC(1496) PSYoungGen: 2608800K(2626048K)->141877K(2625536K) Eden: 2460160K(2460160K)->0K(2460160K) From: 148640K(165888K)->141877K(165376K)
[5696.101s][info][gc,heap        ] GC(1496) ParOldGen: 3700579K(3700736K)->3794531K(3794944K)
[5696.101s][info][gc,metaspace   ] GC(1496) Metaspace: 29112K(29504K)->29112K(29504K) NonClass: 24222K(24384K)->24222K(24384K) Class: 4889K(5120K)->4889K(5120K)
[5696.101s][info][gc             ] GC(1496) Pause Young (Allocation Failure) 6161M->3844M(6270M) 101.385ms
[5696.101s][info][gc,cpu         ] GC(1496) User=0.57s Sys=0.03s Real=0.10s
..[5698.051s][info][gc,start       ] GC(1497) Pause Young (Allocation Failure)
[5698.148s][info][gc,heap        ] GC(1497) PSYoungGen: 2602037K(2625536K)->140928K(2629120K) Eden: 2460160K(2460160K)->0K(2466304K) From: 141877K(165376K)->140928K(162816K)
[5698.148s][info][gc,heap        ] GC(1497) ParOldGen: 3794531K(3794944K)->3882611K(3883008K)
[5698.148s][info][gc,metaspace   ] GC(1497) Metaspace: 29112K(29504K)->29112K(29504K) NonClass: 24222K(24384K)->24222K(24384K) Class: 4889K(5120K)->4889K(5120K)
[5698.148s][info][gc             ] GC(1497) Pause Young (Allocation Failure) 6246M->3929M(6359M) 97.635ms
[5698.148s][info][gc,cpu         ] GC(1497) User=0.54s Sys=0.03s Real=0.09s
..[5700.070s][info][gc,start       ] GC(1498) Pause Young (Allocation Failure)
[5700.176s][info][gc,heap        ] GC(1498) PSYoungGen: 2607232K(2629120K)->154511K(2628608K) Eden: 2466304K(2466304K)->0K(2466304K) From: 140928K(162816K)->154511K(162304K)
[5700.176s][info][gc,heap        ] GC(1498) ParOldGen: 3882611K(3883008K)->3974915K(3975168K)
[5700.176s][info][gc,metaspace   ] GC(1498) Metaspace: 29112K(29504K)->29112K(29504K) NonClass: 24222K(24384K)->24222K(24384K) Class: 4889K(5120K)->4889K(5120K)
[5700.176s][info][gc             ] GC(1498) Pause Young (Allocation Failure) 6337M->4032M(6449M) 106.482ms
[5700.176s][info][gc,cpu         ] GC(1498) User=0.61s Sys=0.02s Real=0.10s
..[5702.085s][info][gc,start       ] GC(1499) Pause Young (Allocation Failure)
[5702.185s][info][gc,heap        ] GC(1499) PSYoungGen: 2620815K(2628608K)->141344K(2632704K) Eden: 2466304K(2466304K)->0K(2468352K) From: 154511K(162304K)->141344K(164352K)
[5702.185s][info][gc,heap        ] GC(1499) ParOldGen: 3974915K(3975168K)->4067707K(4067840K)
[5702.185s][info][gc,metaspace   ] GC(1499) Metaspace: 29112K(29504K)->29112K(29504K) NonClass: 24222K(24384K)->24222K(24384K) Class: 4889K(5120K)->4889K(5120K)
[5702.185s][info][gc             ] GC(1499) Pause Young (Allocation Failure) 6441M->4110M(6543M) 99.599ms
[5702.185s][info][gc,cpu         ] GC(1499) User=0.56s Sys=0.03s Real=0.10s
..[5704.130s][info][gc,start       ] GC(1500) Pause Young (Allocation Failure)
[5704.230s][info][gc,heap        ] GC(1500) PSYoungGen: 2609696K(2632704K)->143680K(2612224K) Eden: 2468352K(2468352K)->0K(2468352K) From: 141344K(164352K)->143680K(143872K)
[5704.230s][info][gc,heap        ] GC(1500) ParOldGen: 4067707K(4067840K)->4157675K(4157952K)
[5704.230s][info][gc,metaspace   ] GC(1500) Metaspace: 29112K(29504K)->29112K(29504K) NonClass: 24222K(24384K)->24222K(24384K) Class: 4889K(5120K)->4889K(5120K)
[5704.230s][info][gc             ] GC(1500) Pause Young (Allocation Failure) 6520M->4200M(6611M) 99.857ms
[5704.230s][info][gc,cpu         ] GC(1500) User=0.56s Sys=0.03s Real=0.10s
..[5706.181s][info][gc,start       ] GC(1501) Pause Young (Allocation Failure)
[5706.287s][info][gc,heap        ] GC(1501) PSYoungGen: 2612032K(2612224K)->154008K(2628608K) Eden: 2468352K(2468352K)->0K(2466816K) From: 143680K(143872K)->154008K(161792K)
[5706.287s][info][gc,heap        ] GC(1501) ParOldGen: 4157675K(4157952K)->4248619K(4249088K)
[5706.287s][info][gc,metaspace   ] GC(1501) Metaspace: 29112K(29504K)->29112K(29504K) NonClass: 24222K(24384K)->24222K(24384K) Class: 4889K(5120K)->4889K(5120K)
[5706.287s][info][gc             ] GC(1501) Pause Young (Allocation Failure) 6611M->4299M(6716M) 106.408ms
[5706.287s][info][gc,cpu         ] GC(1501) User=0.60s Sys=0.04s Real=0.10s
..[5708.150s][info][gc,start       ] GC(1502) Pause Young (Allocation Failure)
[5708.249s][info][gc,heap        ] GC(1502) PSYoungGen: 2620824K(2628608K)->144096K(2630144K) Eden: 2466816K(2466816K)->0K(2466816K) From: 154008K(161792K)->144096K(163328K)
[5708.249s][info][gc,heap        ] GC(1502) ParOldGen: 4248619K(4249088K)->4339507K(4339712K)
[5708.249s][info][gc,metaspace   ] GC(1502) Metaspace: 29112K(29504K)->29112K(29504K) NonClass: 24222K(24384K)->24222K(24384K) Class: 4889K(5120K)->4889K(5120K)
[5708.249s][info][gc             ] GC(1502) Pause Young (Allocation Failure) 6708M->4378M(6806M) 99.083ms
[5708.249s][info][gc,cpu         ] GC(1502) User=0.57s Sys=0.03s Real=0.09s
..[5710.279s][info][gc,start       ] GC(1503) Pause Young (Allocation Failure)
[5710.382s][info][gc,heap        ] GC(1503) PSYoungGen: 2610912K(2630144K)->147776K(2631680K) Eden: 2466816K(2466816K)->0K(2470912K) From: 144096K(163328K)->147776K(160768K)
[5710.382s][info][gc,heap        ] GC(1503) ParOldGen: 4339507K(4339712K)->4430531K(4430848K)
[5710.382s][info][gc,metaspace   ] GC(1503) Metaspace: 29112K(29504K)->29112K(29504K) NonClass: 24222K(24384K)->24222K(24384K) Class: 4889K(5120K)->4889K(5120K)
[5710.382s][info][gc             ] GC(1503) Pause Young (Allocation Failure) 6787M->4471M(6897M) 102.076ms
[5710.382s][info][gc,cpu         ] GC(1503) User=0.58s Sys=0.02s Real=0.10s
..[5712.278s][info][gc,start       ] GC(1504) Pause Young (Allocation Failure)
[5712.380s][info][gc,heap        ] GC(1504) PSYoungGen: 2618688K(2631680K)->145284K(2632192K) Eden: 2470912K(2470912K)->0K(2470912K) From: 147776K(160768K)->145284K(161280K)
[5712.380s][info][gc,heap        ] GC(1504) ParOldGen: 4430531K(4430848K)->4525515K(4525568K)
[5712.380s][info][gc,metaspace   ] GC(1504) Metaspace: 29112K(29504K)->29112K(29504K) NonClass: 24222K(24384K)->24222K(24384K) Class: 4889K(5120K)->4889K(5120K)
[5712.380s][info][gc             ] GC(1504) Pause Young (Allocation Failure) 6884M->4561M(6990M) 102.198ms
[5712.380s][info][gc,cpu         ] GC(1504) User=0.58s Sys=0.02s Real=0.11s
..[5714.379s][info][gc,start       ] GC(1505) Pause Young (Allocation Failure)
[5714.485s][info][gc,heap        ] GC(1505) PSYoungGen: 2616196K(2632192K)->154601K(2631680K) Eden: 2470912K(2470912K)->0K(2471936K) From: 145284K(161280K)->154601K(159744K)
[5714.485s][info][gc,heap        ] GC(1505) ParOldGen: 4525515K(4525568K)->4614395K(4614656K)
[5714.485s][info][gc,metaspace   ] GC(1505) Metaspace: 29112K(29504K)->29112K(29504K) NonClass: 24222K(24384K)->24222K(24384K) Class: 4889K(5120K)->4889K(5120K)
[5714.485s][info][gc             ] GC(1505) Pause Young (Allocation Failure) 6974M->4657M(7076M) 105.477ms
[5714.485s][info][gc,cpu         ] GC(1505) User=0.60s Sys=0.03s Real=0.11s
..[5716.339s][info][gc,start       ] GC(1506) Pause Young (Allocation Failure)
[5716.445s][info][gc,heap        ] GC(1506) PSYoungGen: 2626537K(2631680K)->151744K(2633728K) Eden: 2471936K(2471936K)->0K(2471936K) From: 154601K(159744K)->151744K(161792K)
[5716.445s][info][gc,heap        ] GC(1506) ParOldGen: 4614395K(4614656K)->4705771K(4705792K)
[5716.445s][info][gc,metaspace   ] GC(1506) Metaspace: 29112K(29504K)->29112K(29504K) NonClass: 24222K(24384K)->24222K(24384K) Class: 4889K(5120K)->4889K(5120K)
[5716.445s][info][gc             ] GC(1506) Pause Young (Allocation Failure) 7071M->4743M(7167M) 106.683ms
[5716.445s][info][gc,cpu         ] GC(1506) User=0.61s Sys=0.02s Real=0.11s
..[5718.345s][info][gc,start       ] GC(1507) Pause Young (Allocation Failure)
[5718.450s][info][gc,heap        ] GC(1507) PSYoungGen: 2623680K(2633728K)->152517K(2632704K) Eden: 2471936K(2471936K)->0K(2470400K) From: 151744K(161792K)->152517K(162304K)
[5718.450s][info][gc,heap        ] GC(1507) ParOldGen: 4705771K(4705792K)->4796659K(4796928K)
[5718.450s][info][gc,metaspace   ] GC(1507) Metaspace: 29112K(29504K)->29112K(29504K) NonClass: 24222K(24384K)->24222K(24384K) Class: 4889K(5120K)->4889K(5120K)
[5718.450s][info][gc             ] GC(1507) Pause Young (Allocation Failure) 7157M->4833M(7255M) 105.211ms
[5718.450s][info][gc,cpu         ] GC(1507) User=0.60s Sys=0.03s Real=0.11s
..[5720.393s][info][gc,start       ] GC(1508) Pause Young (Allocation Failure)
[5720.494s][info][gc,heap        ] GC(1508) PSYoungGen: 2622917K(2632704K)->145568K(2616320K) Eden: 2470400K(2470400K)->0K(2470400K) From: 152517K(162304K)->145568K(145920K)
[5720.494s][info][gc,heap        ] GC(1508) ParOldGen: 4796659K(4796928K)->4889475K(4889600K)
[5720.494s][info][gc,metaspace   ] GC(1508) Metaspace: 29112K(29504K)->29112K(29504K) NonClass: 24222K(24384K)->24222K(24384K) Class: 4889K(5120K)->4889K(5120K)
[5720.494s][info][gc             ] GC(1508) Pause Young (Allocation Failure) 7245M->4917M(7330M) 101.363ms
[5720.494s][info][gc,cpu         ] GC(1508) User=0.57s Sys=0.03s Real=0.10s
..[5722.426s][info][gc,start       ] GC(1509) Pause Young (Allocation Failure)
[5722.534s][info][gc,heap        ] GC(1509) PSYoungGen: 2615968K(2616320K)->155653K(2630144K) Eden: 2470400K(2470400K)->0K(2468864K) From: 145568K(145920K)->155653K(161280K)
[5722.534s][info][gc,heap        ] GC(1509) ParOldGen: 4889475K(4889600K)->4981411K(4981760K)
[5722.534s][info][gc,metaspace   ] GC(1509) Metaspace: 29112K(29504K)->29112K(29504K) NonClass: 24222K(24384K)->24222K(24384K) Class: 4889K(5120K)->4889K(5120K)
[5722.534s][info][gc             ] GC(1509) Pause Young (Allocation Failure) 7329M->5016M(7433M) 107.614ms
[5722.534s][info][gc,cpu         ] GC(1509) User=0.61s Sys=0.03s Real=0.11s
..[5724.504s][info][gc,start       ] GC(1510) Pause Young (Allocation Failure)
[5724.612s][info][gc,heap        ] GC(1510) PSYoungGen: 2624517K(2630144K)->156944K(2626048K) Eden: 2468864K(2468864K)->0K(2468864K) From: 155653K(161280K)->156944K(157184K)
[5724.612s][info][gc,heap        ] GC(1510) ParOldGen: 4981411K(4981760K)->5072459K(5072896K)
[5724.612s][info][gc,metaspace   ] GC(1510) Metaspace: 29112K(29504K)->29112K(29504K) NonClass: 24222K(24384K)->24222K(24384K) Class: 4889K(5120K)->4889K(5120K)
[5724.612s][info][gc             ] GC(1510) Pause Young (Allocation Failure) 7427M->5106M(7518M) 107.294ms
[5724.612s][info][gc,cpu         ] GC(1510) User=0.61s Sys=0.03s Real=0.11s
..[5726.570s][info][gc,start       ] GC(1511) Pause Young (Allocation Failure)
[5726.673s][info][gc,heap        ] GC(1511) PSYoungGen: 2625808K(2626048K)->138528K(2630144K) Eden: 2468864K(2468864K)->0K(2465280K) From: 156944K(157184K)->138528K(164864K)
[5726.673s][info][gc,heap        ] GC(1511) ParOldGen: 5072459K(5072896K)->5166779K(5167104K)
[5726.673s][info][gc,metaspace   ] GC(1511) Metaspace: 29112K(29504K)->29112K(29504K) NonClass: 24222K(24384K)->24222K(24384K) Class: 4889K(5120K)->4889K(5120K)
[5726.673s][info][gc             ] GC(1511) Pause Young (Allocation Failure) 7517M->5180M(7614M) 103.100ms
[5726.673s][info][gc,cpu         ] GC(1511) User=0.57s Sys=0.04s Real=0.10s
..[5728.655s][info][gc,start       ] GC(1512) Pause Young (Allocation Failure)
[5728.758s][info][gc,heap        ] GC(1512) PSYoungGen: 2603808K(2630144K)->148544K(2614272K) Eden: 2465280K(2465280K)->0K(2465280K) From: 138528K(164864K)->148544K(148992K)
[5728.758s][info][gc,heap        ] GC(1512) ParOldGen: 5166779K(5167104K)->5255379K(5255680K)
[5728.758s][info][gc,metaspace   ] GC(1512) Metaspace: 29112K(29504K)->29112K(29504K) NonClass: 24222K(24384K)->24222K(24384K) Class: 4889K(5120K)->4889K(5120K)
[5728.758s][info][gc             ] GC(1512) Pause Young (Allocation Failure) 7588M->5277M(7685M) 102.967ms
[5728.758s][info][gc,cpu         ] GC(1512) User=0.58s Sys=0.03s Real=0.10s
..[5730.700s][info][gc,start       ] GC(1513) Pause Young (Allocation Failure)
[5730.804s][info][gc,heap        ] GC(1513) PSYoungGen: 2613824K(2614272K)->145669K(2631168K) Eden: 2465280K(2465280K)->0K(2467328K) From: 148544K(148992K)->145669K(163840K)
[5730.804s][info][gc,heap        ] GC(1513) ParOldGen: 5255379K(5255680K)->5348923K(5349376K)
[5730.804s][info][gc,metaspace   ] GC(1513) Metaspace: 29112K(29504K)->29112K(29504K) NonClass: 24222K(24384K)->24222K(24384K) Class: 4889K(5120K)->4889K(5120K)
[5730.804s][info][gc             ] GC(1513) Pause Young (Allocation Failure) 7684M->5365M(7793M) 103.953ms
[5730.804s][info][gc,cpu         ] GC(1513) User=0.59s Sys=0.03s Real=0.10s
..[5732.637s][info][gc,start       ] GC(1514) Pause Young (Allocation Failure)
[5732.738s][info][gc,heap        ] GC(1514) PSYoungGen: 2612997K(2631168K)->137024K(2629632K) Eden: 2467328K(2467328K)->0K(2467328K) From: 145669K(163840K)->137024K(162304K)
[5732.738s][info][gc,heap        ] GC(1514) ParOldGen: 5348923K(5349376K)->5441747K(5442048K)
[5732.738s][info][gc,metaspace   ] GC(1514) Metaspace: 29112K(29504K)->29112K(29504K) NonClass: 24222K(24384K)->24222K(24384K) Class: 4889K(5120K)->4889K(5120K)
[5732.738s][info][gc             ] GC(1514) Pause Young (Allocation Failure) 7775M->5448M(7882M) 101.106ms
[5732.738s][info][gc,cpu         ] GC(1514) User=0.57s Sys=0.02s Real=0.10s
..[5734.538s][info][gc,start       ] GC(1515) Pause Young (Allocation Failure)
[5734.637s][info][gc,heap        ] GC(1515) PSYoungGen: 2604352K(2629632K)->139936K(2633216K) Eden: 2467328K(2467328K)->0K(2470400K) From: 137024K(162304K)->139936K(162816K)
[5734.638s][info][gc,heap        ] GC(1515) ParOldGen: 5441747K(5442048K)->5532139K(5532160K)
[5734.638s][info][gc,metaspace   ] GC(1515) Metaspace: 29112K(29504K)->29112K(29504K) NonClass: 24222K(24384K)->24222K(24384K) Class: 4889K(5120K)->4889K(5120K)
[5734.638s][info][gc             ] GC(1515) Pause Young (Allocation Failure) 7857M->5539M(7974M) 99.167ms
[5734.638s][info][gc,cpu         ] GC(1515) User=0.56s Sys=0.03s Real=0.10s
..[5736.692s][info][gc,start       ] GC(1516) Pause Full (Allocation Failure)
[5736.693s][info][gc,phases,start] GC(1516) Marking Phase
[5736.989s][info][gc,phases      ] GC(1516) Marking Phase 296.407ms
[5736.989s][info][gc,phases,start] GC(1516) Summary Phase
[5736.989s][info][gc,phases      ] GC(1516) Summary Phase 0.096ms
[5736.989s][info][gc,phases,start] GC(1516) Forward
[5737.117s][info][gc,phases      ] GC(1516) Forward 127.624ms
[5737.117s][info][gc,phases,start] GC(1516) Adjust Pointers
[5737.317s][info][gc,phases      ] GC(1516) Adjust Pointers 200.443ms
[5737.317s][info][gc,phases,start] GC(1516) Compaction Phase
[5737.445s][info][gc,phases      ] GC(1516) Compaction Phase 127.712ms
[5737.447s][info][gc,phases,start] GC(1516) Post Compact
[5737.453s][info][gc,phases      ] GC(1516) Post Compact 6.735ms
[5737.578s][info][gc,heap        ] GC(1516) PSYoungGen: 2610336K(2633216K)->0K(2632704K) Eden: 2470400K(2470400K)->0K(2470400K) From: 139936K(162816K)->0K(162304K)
[5737.578s][info][gc,heap        ] GC(1516) ParOldGen: 5532139K(5532160K)->1422934K(1699840K)
[5737.578s][info][gc,metaspace   ] GC(1516) Metaspace: 29112K(29504K)->29112K(29504K) NonClass: 24222K(24384K)->24222K(24384K) Class: 4889K(5120K)->4889K(5120K)
[5737.578s][info][gc             ] GC(1516) Pause Full (Allocation Failure) 7951M->1389M(4231M) 885.796ms
[5737.578s][info][gc,cpu         ] GC(1516) User=4.09s Sys=0.13s Real=0.88s
..[5739.011s][info][gc,start       ] GC(1517) Pause Young (Allocation Failure)
[5739.078s][info][gc,heap        ] GC(1517) PSYoungGen: 2470400K(2632704K)->151121K(2632704K) Eden: 2470400K(2470400K)->0K(2470400K) From: 0K(162304K)->151121K(162304K)
[5739.078s][info][gc,heap        ] GC(1517) ParOldGen: 1422934K(1699840K)->1422934K(1699840K)
[5739.078s][info][gc,metaspace   ] GC(1517) Metaspace: 29112K(29504K)->29112K(29504K) NonClass: 24222K(24384K)->24222K(24384K) Class: 4889K(5120K)->4889K(5120K)
[5739.078s][info][gc             ] GC(1517) Pause Young (Allocation Failure) 3802M->1537M(4231M) 66.838ms
[5739.078s][info][gc,cpu         ] GC(1517) User=0.40s Sys=0.00s Real=0.06s
.[5740.766s][info][gc,start       ] GC(1518) Pause Young (Allocation Failure)
[5740.864s][info][gc,heap        ] GC(1518) PSYoungGen: 2621521K(2632704K)->149348K(2633216K) Eden: 2470400K(2470400K)->0K(2470400K) From: 151121K(162304K)->149348K(162816K)
[5740.864s][info][gc,heap        ] GC(1518) ParOldGen: 1422934K(1699840K)->1516799K(1699840K)
[5740.864s][info][gc,metaspace   ] GC(1518) Metaspace: 29112K(29504K)->29112K(29504K) NonClass: 24222K(24384K)->24222K(24384K) Class: 4889K(5120K)->4889K(5120K)
[5740.864s][info][gc             ] GC(1518) Pause Young (Allocation Failure) 3949M->1627M(4231M) 97.096ms
[5740.864s][info][gc,cpu         ] GC(1518) User=0.57s Sys=0.00s Real=0.10s
..[5742.817s][info][gc,start       ] GC(1519) Pause Young (Allocation Failure)
[5742.914s][info][gc,heap        ] GC(1519) PSYoungGen: 2619748K(2633216K)->145084K(2630144K) Eden: 2470400K(2470400K)->0K(2470912K) From: 149348K(162816K)->145084K(159232K)
[5742.915s][info][gc,heap        ] GC(1519) ParOldGen: 1516799K(1699840K)->1609927K(1699840K)
[5742.915s][info][gc,metaspace   ] GC(1519) Metaspace: 29112K(29504K)->29112K(29504K) NonClass: 24222K(24384K)->24222K(24384K) Class: 4889K(5120K)->4889K(5120K)
[5742.915s][info][gc             ] GC(1519) Pause Young (Allocation Failure) 4039M->1713M(4228M) 97.728ms
[5742.915s][info][gc,cpu         ] GC(1519) User=0.58s Sys=0.00s Real=0.10s
..[5744.881s][info][gc,start       ] GC(1520) Pause Young (Allocation Failure)
[5744.977s][info][gc,heap        ] GC(1520) PSYoungGen: 2615996K(2630144K)->147268K(2631680K) Eden: 2470912K(2470912K)->0K(2470912K) From: 145084K(159232K)->147268K(160768K)
[5744.977s][info][gc,heap        ] GC(1520) ParOldGen: 1609927K(1699840K)->1700663K(1700864K)
[5744.977s][info][gc,metaspace   ] GC(1520) Metaspace: 29112K(29504K)->29112K(29504K) NonClass: 24222K(24384K)->24222K(24384K) Class: 4889K(5120K)->4889K(5120K)
[5744.977s][info][gc             ] GC(1520) Pause Young (Allocation Failure) 4126M->1804M(4231M) 95.833ms
[5744.977s][info][gc,cpu         ] GC(1520) User=0.57s Sys=0.00s Real=0.09s
.. (rIR:aIR:PR = 9824:9846:9847) (tPR = 146512) [OK] 
  5745s: Performance info:
         Transaction,    Success,    Partial,     Failed,   Receipts, AvgBarcode, 
             Overall,     596215,          0,          0,     566354,      59.47, 
         Response times:
             Request,    Success,    Partial,     Failed,   SkipFail,     Probes,    Samples,      min,      p50,      p90,      p95,      p99,      max, 
       TotalPurchase,     566209,          0,          0,          0,     352020,     449972,      200,     6500,    62000,   117000,   469000,  1500000,
     InStorePurchase,     297170,          0,          0,          0,     184938,     236020,      200,     6600,    63000,   117000,   497000,  1200000,
      OnlinePurchase,     208718,          0,          0,          0,     130017,     166583,      200,     6500,    63000,   117000,   360000,  1500000,
        InstPurchase,      60321,          0,          0,          0,      37065,      47369,      300,     5900,    58000,   114000,   497000,   940000,
          AssocOfCat,        598,          0,          0,          0,        471,        701,    20000,    40000,   127000,   229400,   539000,   970000,
      AssocOfProduct,       5968,          0,          0,          0,       4218,       5777,      700,     7500,    65000,   111000,   476000,   493000,
      BusinessReport,       1487,          0,          0,          0,       1250,       1786,    27000,    53000,   133300,   182650,   590000,  1000000,
          CustBuyBeh,       5917,          0,          0,          0,       4242,       5773,      300,     6300,    58000,   109000,   481000,   495000,
       ProductReturn,      16011,          0,          0,          0,       8847,      11526,      200,     4700,    56000,   103000,   567000,   584000,

  5745s: (72%)   IR =   9963 [5746.915s][info][gc,start       ] GC(1521) Pause Young (Allocation Failure)
[5747.013s][info][gc,heap        ] GC(1521) PSYoungGen: 2618180K(2631680K)->148708K(2633728K) Eden: 2470912K(2470912K)->0K(2475520K) From: 147268K(160768K)->148708K(158208K)
[5747.013s][info][gc,heap        ] GC(1521) ParOldGen: 1700663K(1700864K)->1790351K(1790464K)
[5747.013s][info][gc,metaspace   ] GC(1521) Metaspace: 29112K(29504K)->29112K(29504K) NonClass: 24222K(24384K)->24222K(24384K) Class: 4889K(5120K)->4889K(5120K)
[5747.013s][info][gc             ] GC(1521) Pause Young (Allocation Failure) 4217M->1893M(4320M) 98.706ms
[5747.013s][info][gc,cpu         ] GC(1521) User=0.56s Sys=0.03s Real=0.10s
..[5748.814s][info][gc,start       ] GC(1522) Pause Young (Allocation Failure)
[5748.911s][info][gc,heap        ] GC(1522) PSYoungGen: 2624228K(2633728K)->142132K(2634752K) Eden: 2475520K(2475520K)->0K(2475520K) From: 148708K(158208K)->142132K(159232K)
[5748.911s][info][gc,heap        ] GC(1522) ParOldGen: 1790351K(1790464K)->1884031K(1884160K)
[5748.911s][info][gc,metaspace   ] GC(1522) Metaspace: 29112K(29504K)->29112K(29504K) NonClass: 24222K(24384K)->24222K(24384K) Class: 4889K(5120K)->4889K(5120K)
[5748.911s][info][gc             ] GC(1522) Pause Young (Allocation Failure) 4311M->1978M(4413M) 97.701ms
[5748.912s][info][gc,cpu         ] GC(1522) User=0.56s Sys=0.03s Real=0.10s
..[5750.898s][info][gc,start       ] GC(1523) Pause Young (Allocation Failure)
[5750.997s][info][gc,heap        ] GC(1523) PSYoungGen: 2617652K(2634752K)->148320K(2635264K) Eden: 2475520K(2475520K)->0K(2478080K) From: 142132K(159232K)->148320K(157184K)
[5750.997s][info][gc,heap        ] GC(1523) ParOldGen: 1884031K(1884160K)->1972295K(1972736K)
[5750.997s][info][gc,metaspace   ] GC(1523) Metaspace: 29112K(29504K)->29112K(29504K) NonClass: 24222K(24384K)->24222K(24384K) Class: 4889K(5120K)->4889K(5120K)
[5750.997s][info][gc             ] GC(1523) Pause Young (Allocation Failure) 4396M->2070M(4500M) 98.759ms
[5750.997s][info][gc,cpu         ] GC(1523) User=0.55s Sys=0.04s Real=0.10s
..[5752.859s][info][gc,start       ] GC(1524) Pause Young (Allocation Failure)
[5752.957s][info][gc,heap        ] GC(1524) PSYoungGen: 2626400K(2635264K)->138527K(2636288K) Eden: 2478080K(2478080K)->0K(2478080K) From: 148320K(157184K)->138527K(158208K)
[5752.957s][info][gc,heap        ] GC(1524) ParOldGen: 1972295K(1972736K)->2069391K(2069504K)
[5752.957s][info][gc,metaspace   ] GC(1524) Metaspace: 29112K(29504K)->29112K(29504K) NonClass: 24222K(24384K)->24222K(24384K) Class: 4889K(5120K)->4889K(5120K)
[5752.957s][info][gc             ] GC(1524) Pause Young (Allocation Failure) 4490M->2156M(4595M) 97.266ms
[5752.957s][info][gc,cpu         ] GC(1524) User=0.55s Sys=0.03s Real=0.09s
..[5754.876s][info][gc,start       ] GC(1525) Pause Young (Allocation Failure)
[5754.975s][info][gc,heap        ] GC(1525) PSYoungGen: 2616607K(2636288K)->146948K(2636288K) Eden: 2478080K(2478080K)->0K(2479104K) From: 138527K(158208K)->146948K(157184K)
[5754.975s][info][gc,heap        ] GC(1525) ParOldGen: 2069391K(2069504K)->2158799K(2159104K)
[5754.975s][info][gc,metaspace   ] GC(1525) Metaspace: 29112K(29504K)->29112K(29504K) NonClass: 24222K(24384K)->24222K(24384K) Class: 4889K(5120K)->4889K(5120K)
[5754.975s][info][gc             ] GC(1525) Pause Young (Allocation Failure) 4576M->2251M(4683M) 98.546ms
[5754.975s][info][gc,cpu         ] GC(1525) User=0.57s Sys=0.02s Real=0.10s
..[5756.871s][info][gc,start       ] GC(1526) Pause Young (Allocation Failure)
[5756.971s][info][gc,heap        ] GC(1526) PSYoungGen: 2626052K(2636288K)->146688K(2636800K) Eden: 2479104K(2479104K)->0K(2479104K) From: 146948K(157184K)->146688K(157696K)
[5756.971s][info][gc,heap        ] GC(1526) ParOldGen: 2158799K(2159104K)->2250639K(2250752K)
[5756.971s][info][gc,metaspace   ] GC(1526) Metaspace: 29112K(29504K)->29112K(29504K) NonClass: 24222K(24384K)->24222K(24384K) Class: 4889K(5120K)->4889K(5120K)
[5756.971s][info][gc             ] GC(1526) Pause Young (Allocation Failure) 4672M->2341M(4773M) 99.992ms
[5756.971s][info][gc,cpu         ] GC(1526) User=0.58s Sys=0.02s Real=0.10s
..[5758.942s][info][gc,start       ] GC(1527) Pause Young (Allocation Failure)
[5759.042s][info][gc,heap        ] GC(1527) PSYoungGen: 2625792K(2636800K)->148180K(2637824K) Eden: 2479104K(2479104K)->0K(2481152K) From: 146688K(157696K)->148180K(156672K)
[5759.042s][info][gc,heap        ] GC(1527) ParOldGen: 2250639K(2250752K)->2342287K(2342400K)
[5759.042s][info][gc,metaspace   ] GC(1527) Metaspace: 29112K(29504K)->29112K(29504K) NonClass: 24222K(24384K)->24222K(24384K) Class: 4889K(5120K)->4889K(5120K)
[5759.042s][info][gc             ] GC(1527) Pause Young (Allocation Failure) 4762M->2432M(4863M) 100.305ms
[5759.043s][info][gc,cpu         ] GC(1527) User=0.58s Sys=0.02s Real=0.10s
..[5760.958s][info][gc,start       ] GC(1528) Pause Young (Allocation Failure)
[5761.058s][info][gc,heap        ] GC(1528) PSYoungGen: 2629332K(2637824K)->145472K(2637824K) Eden: 2481152K(2481152K)->0K(2481152K) From: 148180K(156672K)->145472K(156672K)
[5761.058s][info][gc,heap        ] GC(1528) ParOldGen: 2342287K(2342400K)->2436167K(2436608K)
[5761.058s][info][gc,metaspace   ] GC(1528) Metaspace: 29112K(29504K)->29112K(29504K) NonClass: 24222K(24384K)->24222K(24384K) Class: 4889K(5120K)->4889K(5120K)
[5761.058s][info][gc             ] GC(1528) Pause Young (Allocation Failure) 4855M->2521M(4955M) 99.784ms
[5761.058s][info][gc,cpu         ] GC(1528) User=0.56s Sys=0.03s Real=0.10s
..[5762.890s][info][gc,start       ] GC(1529) Pause Young (Allocation Failure)
[5762.990s][info][gc,heap        ] GC(1529) PSYoungGen: 2626624K(2637824K)->147504K(2638848K) Eden: 2481152K(2481152K)->0K(2483200K) From: 145472K(156672K)->147504K(155648K)
[5762.990s][info][gc,heap        ] GC(1529) ParOldGen: 2436167K(2436608K)->2527727K(2527744K)
[5762.990s][info][gc,metaspace   ] GC(1529) Metaspace: 29112K(29504K)->29112K(29504K) NonClass: 24222K(24384K)->24222K(24384K) Class: 4889K(5120K)->4889K(5120K)
[5762.990s][info][gc             ] GC(1529) Pause Young (Allocation Failure) 4944M->2612M(5045M) 100.472ms
[5762.990s][info][gc,cpu         ] GC(1529) User=0.58s Sys=0.02s Real=0.10s
..[5764.950s][info][gc,start       ] GC(1530) Pause Young (Allocation Failure)
[5765.050s][info][gc,heap        ] GC(1530) PSYoungGen: 2630704K(2638848K)->146944K(2638336K) Eden: 2483200K(2483200K)->0K(2483200K) From: 147504K(155648K)->146944K(155136K)
[5765.050s][info][gc,heap        ] GC(1530) ParOldGen: 2527727K(2527744K)->2618527K(2618880K)
[5765.050s][info][gc,metaspace   ] GC(1530) Metaspace: 29112K(29504K)->29112K(29504K) NonClass: 24222K(24384K)->24222K(24384K) Class: 4889K(5120K)->4889K(5120K)
[5765.050s][info][gc             ] GC(1530) Pause Young (Allocation Failure) 5037M->2700M(5134M) 99.901ms
[5765.050s][info][gc,cpu         ] GC(1530) User=0.57s Sys=0.03s Real=0.10s
..[5766.891s][info][gc,start       ] GC(1531) Pause Young (Allocation Failure)
[5766.989s][info][gc,heap        ] GC(1531) PSYoungGen: 2630144K(2638336K)->141856K(2639872K) Eden: 2483200K(2483200K)->0K(2485248K) From: 146944K(155136K)->141856K(154624K)
[5766.989s][info][gc,heap        ] GC(1531) ParOldGen: 2618527K(2618880K)->2712247K(2712576K)
[5766.989s][info][gc,metaspace   ] GC(1531) Metaspace: 29112K(29504K)->29112K(29504K) NonClass: 24222K(24384K)->24222K(24384K) Class: 4889K(5120K)->4889K(5120K)
[5766.989s][info][gc             ] GC(1531) Pause Young (Allocation Failure) 5125M->2787M(5227M) 98.442ms
[5766.989s][info][gc,cpu         ] GC(1531) User=0.56s Sys=0.03s Real=0.09s
..[5768.908s][info][gc,start       ] GC(1532) Pause Young (Allocation Failure)
[5769.011s][info][gc,heap        ] GC(1532) PSYoungGen: 2627104K(2639872K)->143508K(2639872K) Eden: 2485248K(2485248K)->0K(2485248K) From: 141856K(154624K)->143508K(154624K)
[5769.011s][info][gc,heap        ] GC(1532) ParOldGen: 2712247K(2712576K)->2805511K(2805760K)
[5769.011s][info][gc,metaspace   ] GC(1532) Metaspace: 29112K(29504K)->29112K(29504K) NonClass: 24222K(24384K)->24222K(24384K) Class: 4889K(5120K)->4889K(5120K)
[5769.011s][info][gc             ] GC(1532) Pause Young (Allocation Failure) 5214M->2879M(5318M) 102.832ms
[5769.011s][info][gc,cpu         ] GC(1532) User=0.58s Sys=0.03s Real=0.11s
..[5770.879s][info][gc,start       ] GC(1533) Pause Young (Allocation Failure)
[5770.979s][info][gc,heap        ] GC(1533) PSYoungGen: 2628756K(2639872K)->145908K(2640896K) Eden: 2485248K(2485248K)->0K(2487296K) From: 143508K(154624K)->145908K(153600K)
[5770.979s][info][gc,heap        ] GC(1533) ParOldGen: 2805511K(2805760K)->2895231K(2895360K)
[5770.979s][info][gc,metaspace   ] GC(1533) Metaspace: 29112K(29504K)->29112K(29504K) NonClass: 24222K(24384K)->24222K(24384K) Class: 4889K(5120K)->4889K(5120K)
[5770.979s][info][gc             ] GC(1533) Pause Young (Allocation Failure) 5306M->2969M(5406M) 99.953ms
[5770.979s][info][gc,cpu         ] GC(1533) User=0.56s Sys=0.02s Real=0.10s
..[5772.918s][info][gc,start       ] GC(1534) Pause Young (Allocation Failure)
[5773.015s][info][gc,heap        ] GC(1534) PSYoungGen: 2633204K(2640896K)->138016K(2640896K) Eden: 2487296K(2487296K)->0K(2487296K) From: 145908K(153600K)->138016K(153600K)
[5773.015s][info][gc,heap        ] GC(1534) ParOldGen: 2895231K(2895360K)->2988007K(2988032K)
[5773.015s][info][gc,metaspace   ] GC(1534) Metaspace: 29112K(29504K)->29112K(29504K) NonClass: 24222K(24384K)->24222K(24384K) Class: 4889K(5120K)->4889K(5120K)
[5773.015s][info][gc             ] GC(1534) Pause Young (Allocation Failure) 5398M->3052M(5497M) 97.078ms
[5773.015s][info][gc,cpu         ] GC(1534) User=0.55s Sys=0.02s Real=0.10s
..[5775.031s][info][gc,start       ] GC(1535) Pause Young (Allocation Failure)
[5775.129s][info][gc,heap        ] GC(1535) PSYoungGen: 2625312K(2640896K)->144704K(2640896K) Eden: 2487296K(2487296K)->0K(2488320K) From: 138016K(153600K)->144704K(152576K)
[5775.129s][info][gc,heap        ] GC(1535) ParOldGen: 2988007K(2988032K)->3077439K(3077632K)
[5775.129s][info][gc,metaspace   ] GC(1535) Metaspace: 29112K(29504K)->29112K(29504K) NonClass: 24222K(24384K)->24222K(24384K) Class: 4889K(5120K)->4889K(5120K)
[5775.129s][info][gc             ] GC(1535) Pause Young (Allocation Failure) 5481M->3146M(5584M) 98.180ms
[5775.129s][info][gc,cpu         ] GC(1535) User=0.57s Sys=0.02s Real=0.09s
..|[5777.029s][info][gc,start       ] GC(1536) Pause Young (Allocation Failure)
[5777.125s][info][gc,heap        ] GC(1536) PSYoungGen: 2633024K(2640896K)->139168K(2641408K) Eden: 2488320K(2488320K)->0K(2488320K) From: 144704K(152576K)->139168K(153088K)
[5777.126s][info][gc,heap        ] GC(1536) ParOldGen: 3077439K(3077632K)->3172415K(3172864K)
[5777.126s][info][gc,metaspace   ] GC(1536) Metaspace: 29112K(29504K)->29112K(29504K) NonClass: 24222K(24384K)->24222K(24384K) Class: 4889K(5120K)->4889K(5120K)
[5777.126s][info][gc             ] GC(1536) Pause Young (Allocation Failure) 5576M->3233M(5678M) 96.807ms
[5777.126s][info][gc,cpu         ] GC(1536) User=0.54s Sys=0.04s Real=0.10s
..[5779.071s][info][gc,start       ] GC(1537) Pause Young (Allocation Failure)
[5779.171s][info][gc,heap        ] GC(1537) PSYoungGen: 2627488K(2641408K)->146656K(2642944K) Eden: 2488320K(2488320K)->0K(2489856K) From: 139168K(153088K)->146656K(153088K)
[5779.171s][info][gc,heap        ] GC(1537) ParOldGen: 3172415K(3172864K)->3262815K(3262976K)
[5779.171s][info][gc,metaspace   ] GC(1537) Metaspace: 29112K(29504K)->29112K(29504K) NonClass: 24222K(24384K)->24222K(24384K) Class: 4889K(5120K)->4889K(5120K)
[5779.171s][info][gc             ] GC(1537) Pause Young (Allocation Failure) 5663M->3329M(5767M) 99.992ms
[5779.171s][info][gc,cpu         ] GC(1537) User=0.57s Sys=0.03s Real=0.10s
..[5781.139s][info][gc,start       ] GC(1538) Pause Young (Allocation Failure)
[5781.241s][info][gc,heap        ] GC(1538) PSYoungGen: 2636512K(2642944K)->149702K(2639872K) Eden: 2489856K(2489856K)->0K(2489856K) From: 146656K(153088K)->149702K(150016K)
[5781.241s][info][gc,heap        ] GC(1538) ParOldGen: 3262815K(3262976K)->3354407K(3354624K)
[5781.241s][info][gc,metaspace   ] GC(1538) Metaspace: 29112K(29504K)->29112K(29504K) NonClass: 24222K(24384K)->24222K(24384K) Class: 4889K(5120K)->4889K(5120K)
[5781.241s][info][gc             ] GC(1538) Pause Young (Allocation Failure) 5761M->3421M(5854M) 102.650ms
[5781.241s][info][gc,cpu         ] GC(1538) User=0.57s Sys=0.04s Real=0.11s
..[5783.159s][info][gc,start       ] GC(1539) Pause Young (Allocation Failure)
[5783.259s][info][gc,heap        ] GC(1539) PSYoungGen: 2639558K(2639872K)->146656K(2641920K) Eden: 2489856K(2489856K)->0K(2487808K) From: 149702K(150016K)->146656K(154112K)
[5783.259s][info][gc,heap        ] GC(1539) ParOldGen: 3354407K(3354624K)->3445023K(3445248K)
[5783.259s][info][gc,metaspace   ] GC(1539) Metaspace: 29112K(29504K)->29112K(29504K) NonClass: 24222K(24384K)->24222K(24384K) Class: 4889K(5120K)->4889K(5120K)
[5783.259s][info][gc             ] GC(1539) Pause Young (Allocation Failure) 5853M->3507M(5944M) 99.153ms
[5783.259s][info][gc,cpu         ] GC(1539) User=0.56s Sys=0.02s Real=0.09s
..[5785.180s][info][gc,start       ] GC(1540) Pause Young (Allocation Failure)
[5785.289s][info][gc,heap        ] GC(1540) PSYoungGen: 2634464K(2641920K)->154105K(2641920K) Eden: 2487808K(2487808K)->0K(2487808K) From: 146656K(154112K)->154105K(154112K)
[5785.289s][info][gc,heap        ] GC(1540) ParOldGen: 3445023K(3445248K)->3541703K(3542016K)
[5785.289s][info][gc,metaspace   ] GC(1540) Metaspace: 29112K(29504K)->29112K(29504K) NonClass: 24222K(24384K)->24222K(24384K) Class: 4889K(5120K)->4889K(5120K)
[5785.289s][info][gc             ] GC(1540) Pause Young (Allocation Failure) 5936M->3609M(6039M) 108.412ms
[5785.289s][info][gc,cpu         ] GC(1540) User=0.62s Sys=0.03s Real=0.10s
..[5787.235s][info][gc,start       ] GC(1541) Pause Young (Allocation Failure)
[5787.336s][info][gc,heap        ] GC(1541) PSYoungGen: 2641913K(2641920K)->146464K(2569216K) Eden: 2487808K(2487808K)->0K(2415104K) From: 154105K(154112K)->146464K(154112K)
[5787.336s][info][gc,heap        ] GC(1541) ParOldGen: 3541703K(3542016K)->3635127K(3635200K)
[5787.336s][info][gc,metaspace   ] GC(1541) Metaspace: 29112K(29504K)->29112K(29504K) NonClass: 24222K(24384K)->24222K(24384K) Class: 4889K(5120K)->4889K(5120K)
[5787.336s][info][gc             ] GC(1541) Pause Young (Allocation Failure) 6038M->3692M(6059M) 100.893ms
[5787.336s][info][gc,cpu         ] GC(1541) User=0.57s Sys=0.03s Real=0.10s
..[5789.260s][info][gc,start       ] GC(1542) Pause Young (Allocation Failure)
[5789.361s][info][gc,heap        ] GC(1542) PSYoungGen: 2561568K(2569216K)->146996K(2605568K) Eden: 2415104K(2415104K)->0K(2415104K) From: 146464K(154112K)->146996K(190464K)
[5789.361s][info][gc,heap        ] GC(1542) ParOldGen: 3635127K(3635200K)->3727807K(3727872K)
[5789.361s][info][gc,metaspace   ] GC(1542) Metaspace: 29112K(29504K)->29112K(29504K) NonClass: 24222K(24384K)->24222K(24384K) Class: 4889K(5120K)->4889K(5120K)
[5789.361s][info][gc             ] GC(1542) Pause Young (Allocation Failure) 6051M->3783M(6185M) 101.578ms
[5789.361s][info][gc,cpu         ] GC(1542) User=0.58s Sys=0.03s Real=0.10s
..[5791.251s][info][gc,start       ] GC(1543) Pause Young (Allocation Failure)
[5791.349s][info][gc,heap        ] GC(1543) PSYoungGen: 2562100K(2605568K)->140128K(2600960K) Eden: 2415104K(2415104K)->0K(2417664K) From: 146996K(190464K)->140128K(183296K)
[5791.349s][info][gc,heap        ] GC(1543) ParOldGen: 3727807K(3727872K)->3819247K(3819520K)
[5791.349s][info][gc,metaspace   ] GC(1543) Metaspace: 29112K(29504K)->29112K(29504K) NonClass: 24222K(24384K)->24222K(24384K) Class: 4889K(5120K)->4889K(5120K)
[5791.349s][info][gc             ] GC(1543) Pause Young (Allocation Failure) 6142M->3866M(6270M) 98.241ms
[5791.349s][info][gc,cpu         ] GC(1543) User=0.55s Sys=0.03s Real=0.09s
..[5793.187s][info][gc,start       ] GC(1544) Pause Young (Allocation Failure)
[5793.288s][info][gc,heap        ] GC(1544) PSYoungGen: 2557792K(2600960K)->145732K(2604544K) Eden: 2417664K(2417664K)->0K(2417664K) From: 140128K(183296K)->145732K(186880K)
[5793.288s][info][gc,heap        ] GC(1544) ParOldGen: 3819247K(3819520K)->3908823K(3909120K)
[5793.288s][info][gc,metaspace   ] GC(1544) Metaspace: 29112K(29504K)->29112K(29504K) NonClass: 24222K(24384K)->24222K(24384K) Class: 4889K(5120K)->4889K(5120K)
[5793.288s][info][gc             ] GC(1544) Pause Young (Allocation Failure) 6227M->3959M(6361M) 101.124ms
[5793.288s][info][gc,cpu         ] GC(1544) User=0.58s Sys=0.03s Real=0.10s
..[5795.205s][info][gc,start       ] GC(1545) Pause Young (Allocation Failure)
[5795.305s][info][gc,heap        ] GC(1545) PSYoungGen: 2563396K(2604544K)->149824K(2601472K) Eden: 2417664K(2417664K)->0K(2424320K) From: 145732K(186880K)->149824K(177152K)
[5795.305s][info][gc,heap        ] GC(1545) ParOldGen: 3908823K(3909120K)->3999999K(4000256K)
[5795.305s][info][gc,metaspace   ] GC(1545) Metaspace: 29112K(29504K)->29112K(29504K) NonClass: 24222K(24384K)->24222K(24384K) Class: 4889K(5120K)->4889K(5120K)
[5795.305s][info][gc             ] GC(1545) Pause Young (Allocation Failure) 6320M->4052M(6447M) 100.922ms
[5795.305s][info][gc,cpu         ] GC(1545) User=0.56s Sys=0.04s Real=0.10s
..[5797.082s][info][gc,start       ] GC(1546) Pause Young (Allocation Failure)
[5797.179s][info][gc,heap        ] GC(1546) PSYoungGen: 2574144K(2601472K)->136832K(2606080K) Eden: 2424320K(2424320K)->0K(2424320K) From: 149824K(177152K)->136832K(181760K)
[5797.179s][info][gc,heap        ] GC(1546) ParOldGen: 3999999K(4000256K)->4091935K(4092416K)
[5797.179s][info][gc,metaspace   ] GC(1546) Metaspace: 29112K(29504K)->29112K(29504K) NonClass: 24222K(24384K)->24222K(24384K) Class: 4889K(5120K)->4889K(5120K)
[5797.179s][info][gc             ] GC(1546) Pause Young (Allocation Failure) 6420M->4129M(6541M) 97.292ms
[5797.179s][info][gc,cpu         ] GC(1546) User=0.55s Sys=0.04s Real=0.09s
..[5799.110s][info][gc,start       ] GC(1547) Pause Young (Allocation Failure)
[5799.206s][info][gc,heap        ] GC(1547) PSYoungGen: 2561152K(2606080K)->139616K(2611712K) Eden: 2424320K(2424320K)->0K(2433024K) From: 136832K(181760K)->139616K(178688K)
[5799.206s][info][gc,heap        ] GC(1547) ParOldGen: 4091935K(4092416K)->4180943K(4180992K)
[5799.206s][info][gc,metaspace   ] GC(1547) Metaspace: 29112K(29504K)->29112K(29504K) NonClass: 24222K(24384K)->24222K(24384K) Class: 4889K(5120K)->4889K(5120K)
[5799.206s][info][gc             ] GC(1547) Pause Young (Allocation Failure) 6497M->4219M(6633M) 96.302ms
[5799.206s][info][gc,cpu         ] GC(1547) User=0.54s Sys=0.03s Real=0.09s
..[5801.181s][info][gc,start       ] GC(1548) Pause Young (Allocation Failure)
[5801.280s][info][gc,heap        ] GC(1548) PSYoungGen: 2572640K(2611712K)->142272K(2613248K) Eden: 2433024K(2433024K)->0K(2433024K) From: 139616K(178688K)->142272K(180224K)
[5801.280s][info][gc,heap        ] GC(1548) ParOldGen: 4180943K(4180992K)->4271767K(4272128K)
[5801.280s][info][gc,metaspace   ] GC(1548) Metaspace: 29112K(29504K)->29112K(29504K) NonClass: 24222K(24384K)->24222K(24384K) Class: 4889K(5120K)->4889K(5120K)
[5801.280s][info][gc             ] GC(1548) Pause Young (Allocation Failure) 6595M->4310M(6724M) 98.277ms
[5801.280s][info][gc,cpu         ] GC(1548) User=0.56s Sys=0.02s Real=0.10s
..[5803.138s][info][gc,start       ] GC(1549) Pause Young (Allocation Failure)
[5803.244s][info][gc,heap        ] GC(1549) PSYoungGen: 2575296K(2613248K)->151835K(2613248K) Eden: 2433024K(2433024K)->0K(2437632K) From: 142272K(180224K)->151835K(175616K)
[5803.244s][info][gc,heap        ] GC(1549) ParOldGen: 4271767K(4272128K)->4363087K(4363264K)
[5803.244s][info][gc,metaspace   ] GC(1549) Metaspace: 29112K(29504K)->29112K(29504K) NonClass: 24222K(24384K)->24222K(24384K) Class: 4889K(5120K)->4889K(5120K)
[5803.244s][info][gc             ] GC(1549) Pause Young (Allocation Failure) 6686M->4409M(6813M) 106.210ms
[5803.244s][info][gc,cpu         ] GC(1549) User=0.60s Sys=0.03s Real=0.11s
..[5805.220s][info][gc,start       ] GC(1550) Pause Young (Allocation Failure)
[5805.328s][info][gc,heap        ] GC(1550) PSYoungGen: 2589467K(2613248K)->155646K(2614272K) Eden: 2437632K(2437632K)->0K(2437632K) From: 151835K(175616K)->155646K(176640K)
[5805.328s][info][gc,heap        ] GC(1550) ParOldGen: 4363087K(4363264K)->4454815K(4454912K)
[5805.328s][info][gc,metaspace   ] GC(1550) Metaspace: 29112K(29504K)->29112K(29504K) NonClass: 24222K(24384K)->24222K(24384K) Class: 4889K(5120K)->4889K(5120K)
[5805.328s][info][gc             ] GC(1550) Pause Young (Allocation Failure) 6789M->4502M(6903M) 108.662ms
[5805.328s][info][gc,cpu         ] GC(1550) User=0.62s Sys=0.03s Real=0.10s
..[5807.265s][info][gc,start       ] GC(1551) Pause Young (Allocation Failure)
[5807.366s][info][gc,heap        ] GC(1551) PSYoungGen: 2593278K(2614272K)->145584K(2615808K) Eden: 2437632K(2437632K)->0K(2443264K) From: 155646K(176640K)->145584K(172544K)
[5807.366s][info][gc,heap        ] GC(1551) ParOldGen: 4454815K(4454912K)->4546039K(4546048K)
[5807.366s][info][gc,metaspace   ] GC(1551) Metaspace: 29112K(29504K)->29112K(29504K) NonClass: 24222K(24384K)->24222K(24384K) Class: 4889K(5120K)->4889K(5120K)
[5807.366s][info][gc             ] GC(1551) Pause Young (Allocation Failure) 6882M->4581M(6994M) 100.459ms
[5807.366s][info][gc,cpu         ] GC(1551) User=0.57s Sys=0.03s Real=0.10s
..[5809.259s][info][gc,start       ] GC(1552) Pause Young (Allocation Failure)
[5809.363s][info][gc,heap        ] GC(1552) PSYoungGen: 2588848K(2615808K)->151808K(2617856K) Eden: 2443264K(2443264K)->0K(2443264K) From: 145584K(172544K)->151808K(174592K)
[5809.363s][info][gc,heap        ] GC(1552) ParOldGen: 4546039K(4546048K)->4636183K(4636672K)
[5809.363s][info][gc,metaspace   ] GC(1552) Metaspace: 29112K(29504K)->29112K(29504K) NonClass: 24222K(24384K)->24222K(24384K) Class: 4889K(5120K)->4889K(5120K)
[5809.363s][info][gc             ] GC(1552) Pause Young (Allocation Failure) 6967M->4675M(7084M) 104.453ms
[5809.363s][info][gc,cpu         ] GC(1552) User=0.58s Sys=0.03s Real=0.11s
..[5811.287s][info][gc,start       ] GC(1553) Pause Young (Allocation Failure)
[5811.387s][info][gc,heap        ] GC(1553) PSYoungGen: 2595072K(2617856K)->142592K(2617856K) Eden: 2443264K(2443264K)->0K(2448384K) From: 151808K(174592K)->142592K(169472K)
[5811.387s][info][gc,heap        ] GC(1553) ParOldGen: 4636183K(4636672K)->4727767K(4727808K)
[5811.387s][info][gc,metaspace   ] GC(1553) Metaspace: 29112K(29504K)->29112K(29504K) NonClass: 24222K(24384K)->24222K(24384K) Class: 4889K(5120K)->4889K(5120K)
[5811.387s][info][gc             ] GC(1553) Pause Young (Allocation Failure) 7061M->4756M(7173M) 99.416ms
[5811.387s][info][gc,cpu         ] GC(1553) User=0.56s Sys=0.03s Real=0.10s
..[5813.272s][info][gc,start       ] GC(1554) Pause Young (Allocation Failure)
[5813.374s][info][gc,heap        ] GC(1554) PSYoungGen: 2590976K(2617856K)->144256K(2619904K) Eden: 2448384K(2448384K)->0K(2448384K) From: 142592K(169472K)->144256K(171520K)
[5813.374s][info][gc,heap        ] GC(1554) ParOldGen: 4727767K(4727808K)->4819791K(4819968K)
[5813.374s][info][gc,metaspace   ] GC(1554) Metaspace: 29112K(29504K)->29112K(29504K) NonClass: 24222K(24384K)->24222K(24384K) Class: 4889K(5120K)->4889K(5120K)
[5813.374s][info][gc             ] GC(1554) Pause Young (Allocation Failure) 7147M->4847M(7265M) 102.104ms
[5813.374s][info][gc,cpu         ] GC(1554) User=0.58s Sys=0.03s Real=0.10s
..[5815.272s][info][gc,start       ] GC(1555) Pause Young (Allocation Failure)
[5815.377s][info][gc,heap        ] GC(1555) PSYoungGen: 2592640K(2619904K)->153096K(2624000K) Eden: 2448384K(2448384K)->0K(2454528K) From: 144256K(171520K)->153096K(169472K)
[5815.377s][info][gc,heap        ] GC(1555) ParOldGen: 4819791K(4819968K)->4908055K(4908544K)
[5815.377s][info][gc,metaspace   ] GC(1555) Metaspace: 29112K(29504K)->29112K(29504K) NonClass: 24222K(24384K)->24222K(24384K) Class: 4889K(5120K)->4889K(5120K)
[5815.377s][info][gc             ] GC(1555) Pause Young (Allocation Failure) 7238M->4942M(7356M) 105.154ms
[5815.377s][info][gc,cpu         ] GC(1555) User=0.60s Sys=0.03s Real=0.10s
..[5817.404s][info][gc,start       ] GC(1556) Pause Young (Allocation Failure)
[5817.508s][info][gc,heap        ] GC(1556) PSYoungGen: 2607624K(2624000K)->149781K(2624512K) Eden: 2454528K(2454528K)->0K(2454528K) From: 153096K(169472K)->149781K(169984K)
[5817.508s][info][gc,heap        ] GC(1556) ParOldGen: 4908055K(4908544K)->5000559K(5000704K)
[5817.508s][info][gc,metaspace   ] GC(1556) Metaspace: 29112K(29504K)->29112K(29504K) NonClass: 24222K(24384K)->24222K(24384K) Class: 4889K(5120K)->4889K(5120K)
[5817.508s][info][gc             ] GC(1556) Pause Young (Allocation Failure) 7339M->5029M(7446M) 103.948ms
[5817.508s][info][gc,cpu         ] GC(1556) User=0.59s Sys=0.02s Real=0.10s
..[5819.401s][info][gc,start       ] GC(1557) Pause Young (Allocation Failure)
[5819.508s][info][gc,heap        ] GC(1557) PSYoungGen: 2604309K(2624512K)->156484K(2623488K) Eden: 2454528K(2454528K)->0K(2455552K) From: 149781K(169984K)->156484K(167936K)
[5819.508s][info][gc,heap        ] GC(1557) ParOldGen: 5000559K(5000704K)->5092311K(5092352K)
[5819.508s][info][gc,metaspace   ] GC(1557) Metaspace: 29112K(29504K)->29112K(29504K) NonClass: 24222K(24384K)->24222K(24384K) Class: 4889K(5120K)->4889K(5120K)
[5819.508s][info][gc             ] GC(1557) Pause Young (Allocation Failure) 7426M->5125M(7535M) 107.155ms
[5819.508s][info][gc,cpu         ] GC(1557) User=0.62s Sys=0.02s Real=0.10s
..[5821.422s][info][gc,start       ] GC(1558) Pause Young (Allocation Failure)
[5821.523s][info][gc,heap        ] GC(1558) PSYoungGen: 2612036K(2623488K)->147072K(2624512K) Eden: 2455552K(2455552K)->0K(2455552K) From: 156484K(167936K)->147072K(168960K)
[5821.523s][info][gc,heap        ] GC(1558) ParOldGen: 5092311K(5092352K)->5182839K(5182976K)
[5821.523s][info][gc,metaspace   ] GC(1558) Metaspace: 29112K(29504K)->29112K(29504K) NonClass: 24222K(24384K)->24222K(24384K) Class: 4889K(5120K)->4889K(5120K)
[5821.523s][info][gc             ] GC(1558) Pause Young (Allocation Failure) 7523M->5204M(7624M) 101.193ms
[5821.523s][info][gc,cpu         ] GC(1558) User=0.57s Sys=0.02s Real=0.10s
..[5823.436s][info][gc,start       ] GC(1559) Pause Young (Allocation Failure)
[5823.537s][info][gc,heap        ] GC(1559) PSYoungGen: 2602624K(2624512K)->145120K(2625536K) Eden: 2455552K(2455552K)->0K(2459648K) From: 147072K(168960K)->145120K(165888K)
[5823.537s][info][gc,heap        ] GC(1559) ParOldGen: 5182839K(5182976K)->5274031K(5274112K)
[5823.537s][info][gc,metaspace   ] GC(1559) Metaspace: 29112K(29504K)->29112K(29504K) NonClass: 24222K(24384K)->24222K(24384K) Class: 4889K(5120K)->4889K(5120K)
[5823.537s][info][gc             ] GC(1559) Pause Young (Allocation Failure) 7602M->5292M(7714M) 101.414ms
[5823.537s][info][gc,cpu         ] GC(1559) User=0.58s Sys=0.02s Real=0.10s
..[5825.481s][info][gc,start       ] GC(1560) Pause Young (Allocation Failure)
[5825.592s][info][gc,heap        ] GC(1560) PSYoungGen: 2604768K(2625536K)->159868K(2626048K) Eden: 2459648K(2459648K)->0K(2459648K) From: 145120K(165888K)->159868K(166400K)
[5825.592s][info][gc,heap        ] GC(1560) ParOldGen: 5274031K(5274112K)->5365127K(5365248K)
[5825.592s][info][gc,metaspace   ] GC(1560) Metaspace: 29112K(29504K)->29112K(29504K) NonClass: 24222K(24384K)->24222K(24384K) Class: 4889K(5120K)->4889K(5120K)
[5825.592s][info][gc             ] GC(1560) Pause Young (Allocation Failure) 7694M->5395M(7804M) 111.261ms
[5825.592s][info][gc,cpu         ] GC(1560) User=0.63s Sys=0.03s Real=0.11s
..[5827.508s][info][gc,start       ] GC(1561) Pause Young (Allocation Failure)
[5827.615s][info][gc,heap        ] GC(1561) PSYoungGen: 2619516K(2626048K)->154953K(2627072K) Eden: 2459648K(2459648K)->0K(2458112K) From: 159868K(166400K)->154953K(168960K)
[5827.615s][info][gc,heap        ] GC(1561) ParOldGen: 5365127K(5365248K)->5457575K(5457920K)
[5827.615s][info][gc,metaspace   ] GC(1561) Metaspace: 29112K(29504K)->29112K(29504K) NonClass: 24222K(24384K)->24222K(24384K) Class: 4889K(5120K)->4889K(5120K)
[5827.615s][info][gc             ] GC(1561) Pause Young (Allocation Failure) 7797M->5480M(7895M) 107.654ms
[5827.615s][info][gc,cpu         ] GC(1561) User=0.60s Sys=0.03s Real=0.11s
..[5829.502s][info][gc,start       ] GC(1562) Pause Young (Allocation Failure)
[5829.604s][info][gc,heap        ] GC(1562) PSYoungGen: 2613065K(2627072K)->147712K(2606080K) Eden: 2458112K(2458112K)->0K(2458112K) From: 154953K(168960K)->147712K(147968K)
[5829.604s][info][gc,heap        ] GC(1562) ParOldGen: 5457575K(5457920K)->5547215K(5547520K)
[5829.604s][info][gc,metaspace   ] GC(1562) Metaspace: 29112K(29504K)->29112K(29504K) NonClass: 24222K(24384K)->24222K(24384K) Class: 4889K(5120K)->4889K(5120K)
[5829.604s][info][gc             ] GC(1562) Pause Young (Allocation Failure) 7881M->5561M(7962M) 101.555ms
[5829.604s][info][gc,cpu         ] GC(1562) User=0.57s Sys=0.03s Real=0.10s
..[5831.484s][info][gc,start       ] GC(1563) Pause Full (Allocation Failure)
[5831.484s][info][gc,phases,start] GC(1563) Marking Phase
[5831.781s][info][gc,phases      ] GC(1563) Marking Phase 297.271ms
[5831.781s][info][gc,phases,start] GC(1563) Summary Phase
[5831.781s][info][gc,phases      ] GC(1563) Summary Phase 0.107ms
[5831.781s][info][gc,phases,start] GC(1563) Forward
[5831.919s][info][gc,phases      ] GC(1563) Forward 137.875ms
[5831.919s][info][gc,phases,start] GC(1563) Adjust Pointers
[5832.119s][info][gc,phases      ] GC(1563) Adjust Pointers 200.298ms
[5832.119s][info][gc,phases,start] GC(1563) Compaction Phase
[5832.249s][info][gc,phases      ] GC(1563) Compaction Phase 129.820ms
[5832.250s][info][gc,phases,start] GC(1563) Post Compact
[5832.257s][info][gc,phases      ] GC(1563) Post Compact 6.827ms
[5832.376s][info][gc,heap        ] GC(1563) PSYoungGen: 2605824K(2606080K)->0K(2625536K) Eden: 2458112K(2458112K)->0K(2458112K) From: 147712K(147968K)->0K(167424K)
[5832.376s][info][gc,heap        ] GC(1563) ParOldGen: 5547215K(5547520K)->1429802K(1709568K)
[5832.376s][info][gc,metaspace   ] GC(1563) Metaspace: 29112K(29504K)->29112K(29504K) NonClass: 24222K(24384K)->24222K(24384K) Class: 4889K(5120K)->4889K(5120K)
[5832.376s][info][gc             ] GC(1563) Pause Full (Allocation Failure) 7961M->1396M(4233M) 892.314ms
[5832.376s][info][gc,cpu         ] GC(1563) User=4.12s Sys=0.12s Real=0.89s
..[5833.768s][info][gc,start       ] GC(1564) Pause Young (Allocation Failure)
[5833.836s][info][gc,heap        ] GC(1564) PSYoungGen: 2458112K(2625536K)->150820K(2625536K) Eden: 2458112K(2458112K)->0K(2458112K) From: 0K(167424K)->150820K(167424K)
[5833.836s][info][gc,heap        ] GC(1564) ParOldGen: 1429802K(1709568K)->1429802K(1709568K)
[5833.836s][info][gc,metaspace   ] GC(1564) Metaspace: 29112K(29504K)->29112K(29504K) NonClass: 24222K(24384K)->24222K(24384K) Class: 4889K(5120K)->4889K(5120K)
[5833.836s][info][gc             ] GC(1564) Pause Young (Allocation Failure) 3796M->1543M(4233M) 68.552ms
[5833.836s][info][gc,cpu         ] GC(1564) User=0.41s Sys=0.00s Real=0.07s
.[5835.447s][info][gc,start       ] GC(1565) Pause Young (Allocation Failure)
[5835.545s][info][gc,heap        ] GC(1565) PSYoungGen: 2608932K(2625536K)->152164K(2627584K) Eden: 2458112K(2458112K)->0K(2462208K) From: 150820K(167424K)->152164K(165376K)
[5835.545s][info][gc,heap        ] GC(1565) ParOldGen: 1429802K(1709568K)->1523847K(1709568K)
[5835.545s][info][gc,metaspace   ] GC(1565) Metaspace: 29112K(29504K)->29112K(29504K) NonClass: 24222K(24384K)->24222K(24384K) Class: 4889K(5120K)->4889K(5120K)
[5835.545s][info][gc             ] GC(1565) Pause Young (Allocation Failure) 3944M->1636M(4235M) 98.380ms
[5835.545s][info][gc,cpu         ] GC(1565) User=0.59s Sys=0.00s Real=0.10s
.. (rIR:aIR:PR = 9963:9905:9906) (tPR = 145372) [OK] 
  5836s: Performance info:
         Transaction,    Success,    Partial,     Failed,   Receipts, AvgBarcode, 
             Overall,     597444,          0,          0,     567426,      59.48, 
         Response times:
             Request,    Success,    Partial,     Failed,   SkipFail,     Probes,    Samples,      min,      p50,      p90,      p95,      p99,      max, 
       TotalPurchase,     567368,          0,          0,          0,     352148,     548007,      200,     7000,    53000,    81000,   317000,   930000,
     InStorePurchase,     300956,          0,          0,          0,     185301,     287862,      300,     6800,    53000,    80000,   317000,   930000,
      OnlinePurchase,     206700,          0,          0,          0,     129576,     201502,      200,     7200,    55000,    82000,   320000,   930000,
        InstPurchase,      59712,          0,          0,          0,      37271,      58643,      300,     6800,    52000,    78000,   307000,   910000,
          AssocOfCat,        601,          0,          0,          0,        483,        858,    21000,    43000,   103100,   166200,   390280,   930000,
      AssocOfProduct,       5972,          0,          0,          0,       4353,       7296,     1000,     8200,    53000,    88150,   446000,   910000,
      BusinessReport,       1502,          0,          0,          0,       1319,       2279,    25000,    52000,    94000,   147000,   308000,   930000,
          CustBuyBeh,       6003,          0,          0,          0,       4302,       7092,      600,     6400,    49000,    88000,   322000,   910000,
       ProductReturn,      15959,          0,          0,          0,       9333,      14857,      300,     6200,    50000,    87000,   340000,   910000,

  5836s: (73%)   IR =  10101 [5837.488s][info][gc,start       ] GC(1566) Pause Young (Allocation Failure)
[5837.597s][info][gc,heap        ] GC(1566) PSYoungGen: 2614372K(2627584K)->154959K(2627072K) Eden: 2462208K(2462208K)->0K(2462208K) From: 152164K(165376K)->154959K(164864K)
[5837.597s][info][gc,heap        ] GC(1566) ParOldGen: 1523847K(1709568K)->1615175K(1709568K)
[5837.597s][info][gc,metaspace   ] GC(1566) Metaspace: 29112K(29504K)->29112K(29504K) NonClass: 24222K(24384K)->24222K(24384K) Class: 4889K(5120K)->4889K(5120K)
[5837.597s][info][gc             ] GC(1566) Pause Young (Allocation Failure) 4041M->1728M(4235M) 108.901ms
[5837.597s][info][gc,cpu         ] GC(1566) User=0.65s Sys=0.00s Real=0.11s
[5837.599s][info][gc,start       ] GC(1567) Pause Full (Diagnostic Command)
[5837.599s][info][gc,phases,start] GC(1567) Marking Phase
[5837.881s][info][gc,phases      ] GC(1567) Marking Phase 281.651ms
[5837.881s][info][gc,phases,start] GC(1567) Summary Phase
[5837.881s][info][gc,phases      ] GC(1567) Summary Phase 0.028ms
[5837.881s][info][gc,phases,start] GC(1567) Forward
[5838.014s][info][gc,phases      ] GC(1567) Forward 133.037ms
[5838.014s][info][gc,phases,start] GC(1567) Adjust Pointers
[5838.206s][info][gc,phases      ] GC(1567) Adjust Pointers 191.808ms
[5838.206s][info][gc,phases,start] GC(1567) Compaction Phase
[5838.355s][info][gc,phases      ] GC(1567) Compaction Phase 149.776ms
[5838.358s][info][gc,phases,start] GC(1567) Post Compact
[5838.360s][info][gc,phases      ] GC(1567) Post Compact 1.638ms
[5838.360s][info][gc,heap        ] GC(1567) PSYoungGen: 188196K(2627072K)->0K(2627072K) Eden: 33236K(2462208K)->0K(2462208K) From: 154959K(164864K)->0K(164864K)
[5838.360s][info][gc,heap        ] GC(1567) ParOldGen: 1615175K(1709568K)->1155395K(1709568K)
[5838.360s][info][gc,metaspace   ] GC(1567) Metaspace: 29112K(29504K)->29112K(29504K) NonClass: 24222K(24384K)->24222K(24384K) Class: 4889K(5120K)->4889K(5120K)
[5838.360s][info][gc             ] GC(1567) Pause Full (Diagnostic Command) 1761M->1128M(4235M) 760.757ms
[5838.360s][info][gc,cpu         ] GC(1567) User=4.18s Sys=0.00s Real=0.77s
..[5839.792s][info][gc,start       ] GC(1568) Pause Young (Allocation Failure)
[5839.860s][info][gc,heap        ] GC(1568) PSYoungGen: 2462208K(2627072K)->150176K(2628608K) Eden: 2462208K(2462208K)->0K(2465792K) From: 0K(164864K)->150176K(162816K)
[5839.860s][info][gc,heap        ] GC(1568) ParOldGen: 1155395K(1709568K)->1155395K(1709568K)
[5839.860s][info][gc,metaspace   ] GC(1568) Metaspace: 29112K(29504K)->29112K(29504K) NonClass: 24222K(24384K)->24222K(24384K) Class: 4889K(5120K)->4889K(5120K)
[5839.860s][info][gc             ] GC(1568) Pause Young (Allocation Failure) 3532M->1274M(4236M) 68.287ms
[5839.860s][info][gc,cpu         ] GC(1568) User=0.40s Sys=0.00s Real=0.07s
.[5841.525s][info][gc,start       ] GC(1569) Pause Young (Allocation Failure)
[5841.620s][info][gc,heap        ] GC(1569) PSYoungGen: 2615968K(2628608K)->144341K(2629632K) Eden: 2465792K(2465792K)->0K(2465792K) From: 150176K(162816K)->144341K(163840K)
[5841.620s][info][gc,heap        ] GC(1569) ParOldGen: 1155395K(1709568K)->1246011K(1709568K)
[5841.620s][info][gc,metaspace   ] GC(1569) Metaspace: 29112K(29504K)->29112K(29504K) NonClass: 24222K(24384K)->24222K(24384K) Class: 4889K(5120K)->4889K(5120K)
[5841.620s][info][gc             ] GC(1569) Pause Young (Allocation Failure) 3682M->1357M(4237M) 95.170ms
[5841.620s][info][gc,cpu         ] GC(1569) User=0.56s Sys=0.01s Real=0.10s
..[5843.401s][info][gc,start       ] GC(1570) Pause Young (Allocation Failure)
[5843.499s][info][gc,heap        ] GC(1570) PSYoungGen: 2610133K(2629632K)->154698K(2631168K) Eden: 2465792K(2465792K)->0K(2467328K) From: 144341K(163840K)->154698K(163840K)
[5843.499s][info][gc,heap        ] GC(1570) ParOldGen: 1246011K(1709568K)->1337579K(1709568K)
[5843.499s][info][gc,metaspace   ] GC(1570) Metaspace: 29112K(29504K)->29112K(29504K) NonClass: 24222K(24384K)->24222K(24384K) Class: 4889K(5120K)->4889K(5120K)
[5843.499s][info][gc             ] GC(1570) Pause Young (Allocation Failure) 3765M->1457M(4239M) 98.294ms
[5843.499s][info][gc,cpu         ] GC(1570) User=0.59s Sys=0.00s Real=0.09s
..[5845.370s][info][gc,start       ] GC(1571) Pause Young (Allocation Failure)
[5845.466s][info][gc,heap        ] GC(1571) PSYoungGen: 2622026K(2631168K)->147232K(2614784K) Eden: 2467328K(2467328K)->0K(2467328K) From: 154698K(163840K)->147232K(147456K)
[5845.466s][info][gc,heap        ] GC(1571) ParOldGen: 1337579K(1709568K)->1431363K(1709568K)
[5845.466s][info][gc,metaspace   ] GC(1571) Metaspace: 29112K(29504K)->29112K(29504K) NonClass: 24222K(24384K)->24222K(24384K) Class: 4889K(5120K)->4889K(5120K)
[5845.466s][info][gc             ] GC(1571) Pause Young (Allocation Failure) 3866M->1541M(4223M) 95.561ms
[5845.466s][info][gc,cpu         ] GC(1571) User=0.57s Sys=0.00s Real=0.09s
..[5847.423s][info][gc,start       ] GC(1572) Pause Young (Allocation Failure)
[5847.522s][info][gc,heap        ] GC(1572) PSYoungGen: 2614560K(2614784K)->156048K(2630144K) Eden: 2467328K(2467328K)->0K(2466816K) From: 147232K(147456K)->156048K(163328K)
[5847.522s][info][gc,heap        ] GC(1572) ParOldGen: 1431363K(1709568K)->1520163K(1709568K)
[5847.522s][info][gc,metaspace   ] GC(1572) Metaspace: 29112K(29504K)->29112K(29504K) NonClass: 24222K(24384K)->24222K(24384K) Class: 4889K(5120K)->4889K(5120K)
[5847.522s][info][gc             ] GC(1572) Pause Young (Allocation Failure) 3951M->1636M(4238M) 99.147ms
[5847.522s][info][gc,cpu         ] GC(1572) User=0.59s Sys=0.00s Real=0.10s
..[5849.401s][info][gc,start       ] GC(1573) Pause Young (Allocation Failure)
[5849.496s][info][gc,heap        ] GC(1573) PSYoungGen: 2622864K(2630144K)->145024K(2631168K) Eden: 2466816K(2466816K)->0K(2466816K) From: 156048K(163328K)->145024K(164352K)
[5849.496s][info][gc,heap        ] GC(1573) ParOldGen: 1520163K(1709568K)->1615395K(1709568K)
[5849.496s][info][gc,metaspace   ] GC(1573) Metaspace: 29112K(29504K)->29112K(29504K) NonClass: 24222K(24384K)->24222K(24384K) Class: 4889K(5120K)->4889K(5120K)
[5849.496s][info][gc             ] GC(1573) Pause Young (Allocation Failure) 4045M->1719M(4239M) 95.388ms
[5849.496s][info][gc,cpu         ] GC(1573) User=0.57s Sys=0.00s Real=0.09s
..[5851.404s][info][gc,start       ] GC(1574) Pause Young (Allocation Failure)
[5851.500s][info][gc,heap        ] GC(1574) PSYoungGen: 2611840K(2631168K)->154841K(2631168K) Eden: 2466816K(2466816K)->0K(2467328K) From: 145024K(164352K)->154841K(163840K)
[5851.500s][info][gc,heap        ] GC(1574) ParOldGen: 1615395K(1709568K)->1703739K(1709568K)
[5851.500s][info][gc,metaspace   ] GC(1574) Metaspace: 29112K(29504K)->29112K(29504K) NonClass: 24222K(24384K)->24222K(24384K) Class: 4889K(5120K)->4889K(5120K)
[5851.500s][info][gc             ] GC(1574) Pause Young (Allocation Failure) 4128M->1815M(4239M) 96.593ms
[5851.500s][info][gc,cpu         ] GC(1574) User=0.58s Sys=0.00s Real=0.10s
..[5853.416s][info][gc,start       ] GC(1575) Pause Young (Allocation Failure)
[5853.520s][info][gc,heap        ] GC(1575) PSYoungGen: 2622169K(2631168K)->151562K(2619392K) Eden: 2467328K(2467328K)->0K(2467328K) From: 154841K(163840K)->151562K(152064K)
[5853.520s][info][gc,heap        ] GC(1575) ParOldGen: 1703739K(1709568K)->1797531K(1797632K)
[5853.520s][info][gc,metaspace   ] GC(1575) Metaspace: 29112K(29504K)->29112K(29504K) NonClass: 24222K(24384K)->24222K(24384K) Class: 4889K(5120K)->4889K(5120K)
[5853.520s][info][gc             ] GC(1575) Pause Young (Allocation Failure) 4224M->1903M(4313M) 103.523ms
[5853.520s][info][gc,cpu         ] GC(1575) User=0.60s Sys=0.02s Real=0.11s
..[5855.416s][info][gc,start       ] GC(1576) Pause Young (Allocation Failure)
[5855.516s][info][gc,heap        ] GC(1576) PSYoungGen: 2618890K(2619392K)->149152K(2632192K) Eden: 2467328K(2467328K)->0K(2468864K) From: 151562K(152064K)->149152K(163328K)
[5855.516s][info][gc,heap        ] GC(1576) ParOldGen: 1797531K(1797632K)->1887931K(1888256K)
[5855.516s][info][gc,metaspace   ] GC(1576) Metaspace: 29112K(29504K)->29112K(29504K) NonClass: 24222K(24384K)->24222K(24384K) Class: 4889K(5120K)->4889K(5120K)
[5855.516s][info][gc             ] GC(1576) Pause Young (Allocation Failure) 4312M->1989M(4414M) 99.898ms
[5855.516s][info][gc,cpu         ] GC(1576) User=0.57s Sys=0.02s Real=0.10s
..[5857.443s][info][gc,start       ] GC(1577) Pause Young (Allocation Failure)
[5857.547s][info][gc,heap        ] GC(1577) PSYoungGen: 2618016K(2632192K)->151738K(2631168K) Eden: 2468864K(2468864K)->0K(2468864K) From: 149152K(163328K)->151738K(162304K)
[5857.547s][info][gc,heap        ] GC(1577) ParOldGen: 1887931K(1888256K)->1982603K(1982976K)
[5857.547s][info][gc,metaspace   ] GC(1577) Metaspace: 29112K(29504K)->29112K(29504K) NonClass: 24222K(24384K)->24222K(24384K) Class: 4889K(5120K)->4889K(5120K)
[5857.547s][info][gc             ] GC(1577) Pause Young (Allocation Failure) 4400M->2084M(4506M) 103.897ms
[5857.547s][info][gc,cpu         ] GC(1577) User=0.59s Sys=0.04s Real=0.10s
..[5859.491s][info][gc,start       ] GC(1578) Pause Young (Allocation Failure)
[5859.591s][info][gc,heap        ] GC(1578) PSYoungGen: 2620602K(2631168K)->153056K(2632704K) Eden: 2468864K(2468864K)->0K(2470912K) From: 151738K(162304K)->153056K(161792K)
[5859.591s][info][gc,heap        ] GC(1578) ParOldGen: 1982603K(1982976K)->2072091K(2072576K)
[5859.591s][info][gc,metaspace   ] GC(1578) Metaspace: 29112K(29504K)->29112K(29504K) NonClass: 24222K(24384K)->24222K(24384K) Class: 4889K(5120K)->4889K(5120K)
[5859.591s][info][gc             ] GC(1578) Pause Young (Allocation Failure) 4495M->2172M(4595M) 100.452ms
[5859.591s][info][gc,cpu         ] GC(1578) User=0.57s Sys=0.02s Real=0.10s
..[5861.437s][info][gc,start       ] GC(1579) Pause Young (Allocation Failure)
[5861.537s][info][gc,heap        ] GC(1579) PSYoungGen: 2623968K(2632704K)->146464K(2632192K) Eden: 2470912K(2470912K)->0K(2470912K) From: 153056K(161792K)->146464K(161280K)
[5861.537s][info][gc,heap        ] GC(1579) ParOldGen: 2072091K(2072576K)->2163667K(2163712K)
[5861.537s][info][gc,metaspace   ] GC(1579) Metaspace: 29112K(29504K)->29112K(29504K) NonClass: 24222K(24384K)->24222K(24384K) Class: 4889K(5120K)->4889K(5120K)
[5861.537s][info][gc             ] GC(1579) Pause Young (Allocation Failure) 4585M->2255M(4683M) 99.568ms
[5861.537s][info][gc,cpu         ] GC(1579) User=0.56s Sys=0.03s Real=0.10s
..|[5863.418s][info][gc,start       ] GC(1580) Pause Young (Allocation Failure)
[5863.523s][info][gc,heap        ] GC(1580) PSYoungGen: 2617376K(2632192K)->156341K(2632704K) Eden: 2470912K(2470912K)->0K(2471424K) From: 146464K(161280K)->156341K(161280K)
[5863.523s][info][gc,heap        ] GC(1580) ParOldGen: 2163667K(2163712K)->2254595K(2254848K)
[5863.524s][info][gc,metaspace   ] GC(1580) Metaspace: 29112K(29504K)->29112K(29504K) NonClass: 24222K(24384K)->24222K(24384K) Class: 4889K(5120K)->4889K(5120K)
[5863.524s][info][gc             ] GC(1580) Pause Young (Allocation Failure) 4668M->2354M(4773M) 105.826ms
[5863.524s][info][gc,cpu         ] GC(1580) User=0.60s Sys=0.04s Real=0.11s
..[5865.390s][info][gc,start       ] GC(1581) Pause Young (Allocation Failure)
[5865.491s][info][gc,heap        ] GC(1581) PSYoungGen: 2627765K(2632704K)->149968K(2633728K) Eden: 2471424K(2471424K)->0K(2471424K) From: 156341K(161280K)->149968K(162304K)
[5865.491s][info][gc,heap        ] GC(1581) ParOldGen: 2254595K(2254848K)->2347883K(2348032K)
[5865.491s][info][gc,metaspace   ] GC(1581) Metaspace: 29112K(29504K)->29112K(29504K) NonClass: 24222K(24384K)->24222K(24384K) Class: 4889K(5120K)->4889K(5120K)
[5865.491s][info][gc             ] GC(1581) Pause Young (Allocation Failure) 4767M->2439M(4865M) 100.936ms
[5865.491s][info][gc,cpu         ] GC(1581) User=0.57s Sys=0.03s Real=0.10s
..[5867.400s][info][gc,start       ] GC(1582) Pause Young (Allocation Failure)
[5867.508s][info][gc,heap        ] GC(1582) PSYoungGen: 2621392K(2633728K)->160432K(2629632K) Eden: 2471424K(2471424K)->0K(2468352K) From: 149968K(162304K)->160432K(161280K)
[5867.508s][info][gc,heap        ] GC(1582) ParOldGen: 2347883K(2348032K)->2438019K(2438144K)
[5867.508s][info][gc,metaspace   ] GC(1582) Metaspace: 29112K(29504K)->29112K(29504K) NonClass: 24222K(24384K)->24222K(24384K) Class: 4889K(5120K)->4889K(5120K)
[5867.508s][info][gc             ] GC(1582) Pause Young (Allocation Failure) 4852M->2537M(4949M) 107.426ms
[5867.508s][info][gc,cpu         ] GC(1582) User=0.61s Sys=0.03s Real=0.10s
..[5869.417s][info][gc,start       ] GC(1583) Pause Young (Allocation Failure)
[5869.519s][info][gc,heap        ] GC(1583) PSYoungGen: 2628784K(2629632K)->149524K(2632192K) Eden: 2468352K(2468352K)->0K(2468352K) From: 160432K(161280K)->149524K(163840K)
[5869.519s][info][gc,heap        ] GC(1583) ParOldGen: 2438019K(2438144K)->2532003K(2532352K)
[5869.519s][info][gc,metaspace   ] GC(1583) Metaspace: 29112K(29504K)->29112K(29504K) NonClass: 24222K(24384K)->24222K(24384K) Class: 4889K(5120K)->4889K(5120K)
[5869.520s][info][gc             ] GC(1583) Pause Young (Allocation Failure) 4948M->2618M(5043M) 103.002ms
[5869.520s][info][gc,cpu         ] GC(1583) User=0.59s Sys=0.02s Real=0.11s
..[5871.496s][info][gc,start       ] GC(1584) Pause Young (Allocation Failure)
[5871.599s][info][gc,heap        ] GC(1584) PSYoungGen: 2617876K(2632192K)->153184K(2629632K) Eden: 2468352K(2468352K)->0K(2468864K) From: 149524K(163840K)->153184K(160768K)
[5871.599s][info][gc,heap        ] GC(1584) ParOldGen: 2532003K(2532352K)->2621979K(2622464K)
[5871.599s][info][gc,metaspace   ] GC(1584) Metaspace: 29112K(29504K)->29112K(29504K) NonClass: 24222K(24384K)->24222K(24384K) Class: 4889K(5120K)->4889K(5120K)
[5871.599s][info][gc             ] GC(1584) Pause Young (Allocation Failure) 5029M->2710M(5129M) 103.071ms
[5871.599s][info][gc,cpu         ] GC(1584) User=0.58s Sys=0.03s Real=0.10s
..[5873.381s][info][gc,start       ] GC(1585) Pause Young (Allocation Failure)
[5873.485s][info][gc,heap        ] GC(1585) PSYoungGen: 2622048K(2629632K)->150901K(2631168K) Eden: 2468864K(2468864K)->0K(2468864K) From: 153184K(160768K)->150901K(162304K)
[5873.485s][info][gc,heap        ] GC(1585) ParOldGen: 2621979K(2622464K)->2714915K(2715136K)
[5873.485s][info][gc,metaspace   ] GC(1585) Metaspace: 29112K(29504K)->29112K(29504K) NonClass: 24222K(24384K)->24222K(24384K) Class: 4889K(5120K)->4889K(5120K)
[5873.485s][info][gc             ] GC(1585) Pause Young (Allocation Failure) 5121M->2798M(5221M) 103.491ms
[5873.485s][info][gc,cpu         ] GC(1585) User=0.59s Sys=0.03s Real=0.10s
..[5875.364s][info][gc,start       ] GC(1586) Pause Young (Allocation Failure)
[5875.466s][info][gc,heap        ] GC(1586) PSYoungGen: 2619765K(2631168K)->149824K(2631168K) Eden: 2468864K(2468864K)->0K(2471936K) From: 150901K(162304K)->149824K(159232K)
[5875.466s][info][gc,heap        ] GC(1586) ParOldGen: 2714915K(2715136K)->2803867K(2804224K)
[5875.466s][info][gc,metaspace   ] GC(1586) Metaspace: 29112K(29504K)->29112K(29504K) NonClass: 24222K(24384K)->24222K(24384K) Class: 4889K(5120K)->4889K(5120K)
[5875.466s][info][gc             ] GC(1586) Pause Young (Allocation Failure) 5209M->2884M(5308M) 102.010ms
[5875.466s][info][gc,cpu         ] GC(1586) User=0.58s Sys=0.02s Real=0.10s
..[5877.333s][info][gc,start       ] GC(1587) Pause Young (Allocation Failure)
[5877.436s][info][gc,heap        ] GC(1587) PSYoungGen: 2621760K(2631168K)->151248K(2632704K) Eden: 2471936K(2471936K)->0K(2471936K) From: 149824K(159232K)->151248K(160768K)
[5877.436s][info][gc,heap        ] GC(1587) ParOldGen: 2803867K(2804224K)->2896139K(2896384K)
[5877.436s][info][gc,metaspace   ] GC(1587) Metaspace: 29112K(29504K)->29112K(29504K) NonClass: 24222K(24384K)->24222K(24384K) Class: 4889K(5120K)->4889K(5120K)
[5877.436s][info][gc             ] GC(1587) Pause Young (Allocation Failure) 5298M->2975M(5399M) 102.997ms
[5877.436s][info][gc,cpu         ] GC(1587) User=0.59s Sys=0.02s Real=0.10s
..[5879.297s][info][gc,start       ] GC(1588) Pause Young (Allocation Failure)
[5879.399s][info][gc,heap        ] GC(1588) PSYoungGen: 2623184K(2632704K)->149716K(2633728K) Eden: 2471936K(2471936K)->0K(2475008K) From: 151248K(160768K)->149716K(158720K)
[5879.399s][info][gc,heap        ] GC(1588) ParOldGen: 2896139K(2896384K)->2988731K(2989056K)
[5879.399s][info][gc,metaspace   ] GC(1588) Metaspace: 29112K(29504K)->29112K(29504K) NonClass: 24222K(24384K)->24222K(24384K) Class: 4889K(5120K)->4889K(5120K)
[5879.399s][info][gc             ] GC(1588) Pause Young (Allocation Failure) 5389M->3064M(5491M) 101.955ms
[5879.399s][info][gc,cpu         ] GC(1588) User=0.58s Sys=0.03s Real=0.10s
..[5881.222s][info][gc,start       ] GC(1589) Pause Young (Allocation Failure)
[5881.321s][info][gc,heap        ] GC(1589) PSYoungGen: 2624724K(2633728K)->142944K(2634752K) Eden: 2475008K(2475008K)->0K(2475008K) From: 149716K(158720K)->142944K(159744K)
[5881.321s][info][gc,heap        ] GC(1589) ParOldGen: 2988731K(2989056K)->3080259K(3080704K)
[5881.321s][info][gc,metaspace   ] GC(1589) Metaspace: 29112K(29504K)->29112K(29504K) NonClass: 24222K(24384K)->24222K(24384K) Class: 4889K(5120K)->4889K(5120K)
[5881.321s][info][gc             ] GC(1589) Pause Young (Allocation Failure) 5481M->3147M(5581M) 99.371ms
[5881.322s][info][gc,cpu         ] GC(1589) User=0.57s Sys=0.03s Real=0.10s
..[5883.205s][info][gc,start       ] GC(1590) Pause Young (Allocation Failure)
[5883.310s][info][gc,heap        ] GC(1590) PSYoungGen: 2617952K(2634752K)->151940K(2635776K) Eden: 2475008K(2475008K)->0K(2476032K) From: 142944K(159744K)->151940K(159744K)
[5883.310s][info][gc,heap        ] GC(1590) ParOldGen: 3080259K(3080704K)->3172259K(3172352K)
[5883.310s][info][gc,metaspace   ] GC(1590) Metaspace: 29112K(29504K)->29112K(29504K) NonClass: 24222K(24384K)->24222K(24384K) Class: 4889K(5120K)->4889K(5120K)
[5883.310s][info][gc             ] GC(1590) Pause Young (Allocation Failure) 5564M->3246M(5672M) 104.362ms
[5883.310s][info][gc,cpu         ] GC(1590) User=0.59s Sys=0.03s Real=0.11s
..[5885.267s][info][gc,start       ] GC(1591) Pause Young (Allocation Failure)
[5885.375s][info][gc,heap        ] GC(1591) PSYoungGen: 2627972K(2635776K)->158585K(2634752K) Eden: 2476032K(2476032K)->0K(2476032K) From: 151940K(159744K)->158585K(158720K)
[5885.375s][info][gc,heap        ] GC(1591) ParOldGen: 3172259K(3172352K)->3264691K(3265024K)
[5885.375s][info][gc,metaspace   ] GC(1591) Metaspace: 29112K(29504K)->29112K(29504K) NonClass: 24222K(24384K)->24222K(24384K) Class: 4889K(5120K)->4889K(5120K)
[5885.375s][info][gc             ] GC(1591) Pause Young (Allocation Failure) 5664M->3343M(5761M) 108.247ms
[5885.375s][info][gc,cpu         ] GC(1591) User=0.62s Sys=0.02s Real=0.11s
.[5887.217s][info][gc,start       ] GC(1592) Pause Young (Allocation Failure)
[5887.323s][info][gc,heap        ] GC(1592) PSYoungGen: 2634617K(2634752K)->156698K(2631680K) Eden: 2476032K(2476032K)->0K(2470400K) From: 158585K(158720K)->156698K(161280K)
[5887.323s][info][gc,heap        ] GC(1592) ParOldGen: 3264691K(3265024K)->3356091K(3356160K)
[5887.323s][info][gc,metaspace   ] GC(1592) Metaspace: 29112K(29504K)->29112K(29504K) NonClass: 24222K(24384K)->24222K(24384K) Class: 4889K(5120K)->4889K(5120K)
[5887.323s][info][gc             ] GC(1592) Pause Young (Allocation Failure) 5761M->3430M(5847M) 105.809ms
[5887.323s][info][gc,cpu         ] GC(1592) User=0.60s Sys=0.03s Real=0.11s
..[5889.232s][info][gc,start       ] GC(1593) Pause Young (Allocation Failure)
[5889.335s][info][gc,heap        ] GC(1593) PSYoungGen: 2627098K(2631680K)->148480K(2633216K) Eden: 2470400K(2470400K)->0K(2470400K) From: 156698K(161280K)->148480K(162816K)
[5889.336s][info][gc,heap        ] GC(1593) ParOldGen: 3356091K(3356160K)->3449347K(3449856K)
[5889.336s][info][gc,metaspace   ] GC(1593) Metaspace: 29112K(29504K)->29112K(29504K) NonClass: 24222K(24384K)->24222K(24384K) Class: 4889K(5120K)->4889K(5120K)
[5889.336s][info][gc             ] GC(1593) Pause Young (Allocation Failure) 5842M->3513M(5940M) 104.016ms
[5889.336s][info][gc,cpu         ] GC(1593) User=0.59s Sys=0.03s Real=0.10s
..[5891.157s][info][gc,start       ] GC(1594) Pause Young (Allocation Failure)
[5891.259s][info][gc,heap        ] GC(1594) PSYoungGen: 2618880K(2633216K)->149216K(2631680K) Eden: 2470400K(2470400K)->0K(2470912K) From: 148480K(162816K)->149216K(160768K)
[5891.259s][info][gc,heap        ] GC(1594) ParOldGen: 3449347K(3449856K)->3540715K(3540992K)
[5891.259s][info][gc,metaspace   ] GC(1594) Metaspace: 29112K(29504K)->29112K(29504K) NonClass: 24222K(24384K)->24222K(24384K) Class: 4889K(5120K)->4889K(5120K)
[5891.259s][info][gc             ] GC(1594) Pause Young (Allocation Failure) 5926M->3603M(6028M) 102.078ms
[5891.259s][info][gc,cpu         ] GC(1594) User=0.57s Sys=0.03s Real=0.10s
..[5893.122s][info][gc,start       ] GC(1595) Pause Young (Allocation Failure)
[5893.225s][info][gc,heap        ] GC(1595) PSYoungGen: 2620128K(2631680K)->148308K(2632704K) Eden: 2470912K(2470912K)->0K(2470912K) From: 149216K(160768K)->148308K(161792K)
[5893.225s][info][gc,heap        ] GC(1595) ParOldGen: 3540715K(3540992K)->3632371K(3632640K)
[5893.225s][info][gc,metaspace   ] GC(1595) Metaspace: 29112K(29504K)->29112K(29504K) NonClass: 24222K(24384K)->24222K(24384K) Class: 4889K(5120K)->4889K(5120K)
[5893.225s][info][gc             ] GC(1595) Pause Young (Allocation Failure) 6016M->3692M(6118M) 103.021ms
[5893.225s][info][gc,cpu         ] GC(1595) User=0.58s Sys=0.03s Real=0.10s
..[5895.143s][info][gc,start       ] GC(1596) Pause Young (Allocation Failure)
[5895.246s][info][gc,heap        ] GC(1596) PSYoungGen: 2619220K(2632704K)->152480K(2632704K) Eden: 2470912K(2470912K)->0K(2472960K) From: 148308K(161792K)->152480K(159744K)
[5895.246s][info][gc,heap        ] GC(1596) ParOldGen: 3632371K(3632640K)->3723067K(3723264K)
[5895.246s][info][gc,metaspace   ] GC(1596) Metaspace: 29112K(29504K)->29112K(29504K) NonClass: 24222K(24384K)->24222K(24384K) Class: 4889K(5120K)->4889K(5120K)
[5895.246s][info][gc             ] GC(1596) Pause Young (Allocation Failure) 6105M->3784M(6207M) 102.914ms
[5895.246s][info][gc,cpu         ] GC(1596) User=0.59s Sys=0.03s Real=0.10s
..[5897.155s][info][gc,start       ] GC(1597) Pause Young (Allocation Failure)
[5897.255s][info][gc,heap        ] GC(1597) PSYoungGen: 2625440K(2632704K)->142464K(2633728K) Eden: 2472960K(2472960K)->0K(2472960K) From: 152480K(159744K)->142464K(160768K)
[5897.255s][info][gc,heap        ] GC(1597) ParOldGen: 3723067K(3723264K)->3816611K(3816960K)
[5897.255s][info][gc,metaspace   ] GC(1597) Metaspace: 29112K(29504K)->29112K(29504K) NonClass: 24222K(24384K)->24222K(24384K) Class: 4889K(5120K)->4889K(5120K)
[5897.255s][info][gc             ] GC(1597) Pause Young (Allocation Failure) 6199M->3866M(6299M) 99.658ms
[5897.255s][info][gc,cpu         ] GC(1597) User=0.56s Sys=0.03s Real=0.10s
..[5899.135s][info][gc,start       ] GC(1598) Pause Young (Allocation Failure)
[5899.234s][info][gc,heap        ] GC(1598) PSYoungGen: 2615424K(2633728K)->141376K(2633728K) Eden: 2472960K(2472960K)->0K(2472448K) From: 142464K(160768K)->141376K(161280K)
[5899.234s][info][gc,heap        ] GC(1598) ParOldGen: 3816611K(3816960K)->3908931K(3909120K)
[5899.234s][info][gc,metaspace   ] GC(1598) Metaspace: 29112K(29504K)->29112K(29504K) NonClass: 24222K(24384K)->24222K(24384K) Class: 4889K(5120K)->4889K(5120K)
[5899.234s][info][gc             ] GC(1598) Pause Young (Allocation Failure) 6281M->3955M(6389M) 99.380ms
[5899.234s][info][gc,cpu         ] GC(1598) User=0.55s Sys=0.04s Real=0.10s
..[5901.046s][info][gc,start       ] GC(1599) Pause Young (Allocation Failure)
[5901.148s][info][gc,heap        ] GC(1599) PSYoungGen: 2613824K(2633728K)->146424K(2634240K) Eden: 2472448K(2472448K)->0K(2472448K) From: 141376K(161280K)->146424K(161792K)
[5901.148s][info][gc,heap        ] GC(1599) ParOldGen: 3908931K(3909120K)->4000123K(4000256K)
[5901.148s][info][gc,metaspace   ] GC(1599) Metaspace: 29112K(29504K)->29112K(29504K) NonClass: 24222K(24384K)->24222K(24384K) Class: 4889K(5120K)->4889K(5120K)
[5901.148s][info][gc             ] GC(1599) Pause Young (Allocation Failure) 6369M->4049M(6479M) 102.109ms
[5901.148s][info][gc,cpu         ] GC(1599) User=0.58s Sys=0.03s Real=0.10s
..[5903.064s][info][gc,start       ] GC(1600) Pause Young (Allocation Failure)
[5903.168s][info][gc,heap        ] GC(1600) PSYoungGen: 2618872K(2634240K)->151488K(2633216K) Eden: 2472448K(2472448K)->0K(2472960K) From: 146424K(161792K)->151488K(160256K)
[5903.168s][info][gc,heap        ] GC(1600) ParOldGen: 4000123K(4000256K)->4091523K(4091904K)
[5903.168s][info][gc,metaspace   ] GC(1600) Metaspace: 29112K(29504K)->29112K(29504K) NonClass: 24222K(24384K)->24222K(24384K) Class: 4889K(5120K)->4889K(5120K)
[5903.168s][info][gc             ] GC(1600) Pause Young (Allocation Failure) 6463M->4143M(6567M) 104.239ms
[5903.169s][info][gc,cpu         ] GC(1600) User=0.60s Sys=0.02s Real=0.10s
..[5905.059s][info][gc,start       ] GC(1601) Pause Young (Allocation Failure)
[5905.162s][info][gc,heap        ] GC(1601) PSYoungGen: 2624448K(2633216K)->151348K(2633728K) Eden: 2472960K(2472960K)->0K(2472960K) From: 151488K(160256K)->151348K(160768K)
[5905.162s][info][gc,heap        ] GC(1601) ParOldGen: 4091523K(4091904K)->4183443K(4183552K)
[5905.162s][info][gc,metaspace   ] GC(1601) Metaspace: 29112K(29504K)->29112K(29504K) NonClass: 24222K(24384K)->24222K(24384K) Class: 4889K(5120K)->4889K(5120K)
[5905.162s][info][gc             ] GC(1601) Pause Young (Allocation Failure) 6558M->4233M(6657M) 102.937ms
[5905.162s][info][gc,cpu         ] GC(1601) User=0.59s Sys=0.02s Real=0.11s
..[5907.077s][info][gc,start       ] GC(1602) Pause Young (Allocation Failure)
[5907.179s][info][gc,heap        ] GC(1602) PSYoungGen: 2624308K(2633728K)->148224K(2634240K) Eden: 2472960K(2472960K)->0K(2475008K) From: 151348K(160768K)->148224K(159232K)
[5907.179s][info][gc,heap        ] GC(1602) ParOldGen: 4183443K(4183552K)->4274395K(4274688K)
[5907.179s][info][gc,metaspace   ] GC(1602) Metaspace: 29112K(29504K)->29112K(29504K) NonClass: 24222K(24384K)->24222K(24384K) Class: 4889K(5120K)->4889K(5120K)
[5907.179s][info][gc             ] GC(1602) Pause Young (Allocation Failure) 6648M->4318M(6747M) 102.290ms
[5907.179s][info][gc,cpu         ] GC(1602) User=0.58s Sys=0.03s Real=0.10s
..[5909.055s][info][gc,start       ] GC(1603) Pause Young (Allocation Failure)
[5909.158s][info][gc,heap        ] GC(1603) PSYoungGen: 2623232K(2634240K)->145344K(2634752K) Eden: 2475008K(2475008K)->0K(2475008K) From: 148224K(159232K)->145344K(159744K)
[5909.158s][info][gc,heap        ] GC(1603) ParOldGen: 4274395K(4274688K)->4370715K(4370944K)
[5909.158s][info][gc,metaspace   ] GC(1603) Metaspace: 29112K(29504K)->29112K(29504K) NonClass: 24222K(24384K)->24222K(24384K) Class: 4889K(5120K)->4889K(5120K)
[5909.158s][info][gc             ] GC(1603) Pause Young (Allocation Failure) 6735M->4410M(6841M) 103.196ms
[5909.158s][info][gc,cpu         ] GC(1603) User=0.59s Sys=0.03s Real=0.10s
..[5911.072s][info][gc,start       ] GC(1604) Pause Young (Allocation Failure)
[5911.174s][info][gc,heap        ] GC(1604) PSYoungGen: 2620352K(2634752K)->144626K(2636288K) Eden: 2475008K(2475008K)->0K(2477056K) From: 145344K(159744K)->144626K(159232K)
[5911.174s][info][gc,heap        ] GC(1604) ParOldGen: 4370715K(4370944K)->4460595K(4461056K)
[5911.174s][info][gc,metaspace   ] GC(1604) Metaspace: 29112K(29504K)->29112K(29504K) NonClass: 24222K(24384K)->24222K(24384K) Class: 4889K(5120K)->4889K(5120K)
[5911.174s][info][gc             ] GC(1604) Pause Young (Allocation Failure) 6827M->4497M(6931M) 101.682ms
[5911.174s][info][gc,cpu         ] GC(1604) User=0.57s Sys=0.03s Real=0.10s
..[5913.040s][info][gc,start       ] GC(1605) Pause Young (Allocation Failure)
[5913.140s][info][gc,heap        ] GC(1605) PSYoungGen: 2621682K(2636288K)->143652K(2636288K) Eden: 2477056K(2477056K)->0K(2477056K) From: 144626K(159232K)->143652K(159232K)
[5913.140s][info][gc,heap        ] GC(1605) ParOldGen: 4460595K(4461056K)->4553147K(4553216K)
[5913.140s][info][gc,metaspace   ] GC(1605) Metaspace: 29112K(29504K)->29112K(29504K) NonClass: 24222K(24384K)->24222K(24384K) Class: 4889K(5120K)->4889K(5120K)
[5913.140s][info][gc             ] GC(1605) Pause Young (Allocation Failure) 6916M->4586M(7021M) 99.968ms
[5913.140s][info][gc,cpu         ] GC(1605) User=0.57s Sys=0.03s Real=0.10s
..[5915.162s][info][gc,start       ] GC(1606) Pause Young (Allocation Failure)
[5915.273s][info][gc,heap        ] GC(1606) PSYoungGen: 2620708K(2636288K)->158717K(2561536K) Eden: 2477056K(2477056K)->0K(2402816K) From: 143652K(159232K)->158717K(158720K)
[5915.273s][info][gc,heap        ] GC(1606) ParOldGen: 4553147K(4553216K)->4647803K(4647936K)
[5915.273s][info][gc,metaspace   ] GC(1606) Metaspace: 29112K(29504K)->29112K(29504K) NonClass: 24222K(24384K)->24222K(24384K) Class: 4889K(5120K)->4889K(5120K)
[5915.273s][info][gc             ] GC(1606) Pause Young (Allocation Failure) 7005M->4693M(7040M) 110.908ms
[5915.273s][info][gc,cpu         ] GC(1606) User=0.63s Sys=0.03s Real=0.11s
..[5917.072s][info][gc,start       ] GC(1607) Pause Young (Allocation Failure)
[5917.175s][info][gc,heap        ] GC(1607) PSYoungGen: 2561533K(2561536K)->145056K(2599424K) Eden: 2402816K(2402816K)->0K(2402816K) From: 158717K(158720K)->145056K(196608K)
[5917.175s][info][gc,heap        ] GC(1607) ParOldGen: 4647803K(4647936K)->4741595K(4741632K)
[5917.175s][info][gc,metaspace   ] GC(1607) Metaspace: 29112K(29504K)->29112K(29504K) NonClass: 24222K(24384K)->24222K(24384K) Class: 4889K(5120K)->4889K(5120K)
[5917.175s][info][gc             ] GC(1607) Pause Young (Allocation Failure) 7040M->4772M(7169M) 102.229ms
[5917.175s][info][gc,cpu         ] GC(1607) User=0.58s Sys=0.03s Real=0.10s
..[5919.048s][info][gc,start       ] GC(1608) Pause Young (Allocation Failure)
[5919.147s][info][gc,heap        ] GC(1608) PSYoungGen: 2547872K(2599424K)->139136K(2596864K) Eden: 2402816K(2402816K)->0K(2404352K) From: 145056K(196608K)->139136K(192512K)
[5919.147s][info][gc,heap        ] GC(1608) ParOldGen: 4741595K(4741632K)->4831627K(4831744K)
[5919.147s][info][gc,metaspace   ] GC(1608) Metaspace: 29112K(29504K)->29112K(29504K) NonClass: 24222K(24384K)->24222K(24384K) Class: 4889K(5120K)->4889K(5120K)
[5919.147s][info][gc             ] GC(1608) Pause Young (Allocation Failure) 7118M->4854M(7254M) 99.695ms
[5919.147s][info][gc,cpu         ] GC(1608) User=0.56s Sys=0.03s Real=0.10s
..[5921.048s][info][gc,start       ] GC(1609) Pause Young (Allocation Failure)
[5921.152s][info][gc,heap        ] GC(1609) PSYoungGen: 2543488K(2596864K)->146995K(2598912K) Eden: 2404352K(2404352K)->0K(2404352K) From: 139136K(192512K)->146995K(194560K)
[5921.152s][info][gc,heap        ] GC(1609) ParOldGen: 4831627K(4831744K)->4920587K(4920832K)
[5921.152s][info][gc,metaspace   ] GC(1609) Metaspace: 29112K(29504K)->29112K(29504K) NonClass: 24222K(24384K)->24222K(24384K) Class: 4889K(5120K)->4889K(5120K)
[5921.152s][info][gc             ] GC(1609) Pause Young (Allocation Failure) 7202M->4948M(7343M) 103.673ms
[5921.152s][info][gc,cpu         ] GC(1609) User=0.59s Sys=0.03s Real=0.11s
..[5922.986s][info][gc,start       ] GC(1610) Pause Young (Allocation Failure)
[5923.088s][info][gc,heap        ] GC(1610) PSYoungGen: 2551347K(2598912K)->143552K(2598912K) Eden: 2404352K(2404352K)->0K(2409472K) From: 146995K(194560K)->143552K(189440K)
[5923.088s][info][gc,heap        ] GC(1610) ParOldGen: 4920587K(4920832K)->5014171K(5014528K)
[5923.088s][info][gc,metaspace   ] GC(1610) Metaspace: 29112K(29504K)->29112K(29504K) NonClass: 24222K(24384K)->24222K(24384K) Class: 4889K(5120K)->4889K(5120K)
[5923.088s][info][gc             ] GC(1610) Pause Young (Allocation Failure) 7296M->5036M(7435M) 102.484ms
[5923.088s][info][gc,cpu         ] GC(1610) User=0.58s Sys=0.03s Real=0.10s
. (rIR:aIR:PR = 10101:10112:10112) (tPR = 149688) [OK] 
  5923s: Performance info:
         Transaction,    Success,    Partial,     Failed,   Receipts, AvgBarcode, 
             Overall,     614181,          0,          0,     583251,      59.47, 
         Response times:
             Request,    Success,    Partial,     Failed,   SkipFail,     Probes,    Samples,      min,      p50,      p90,      p95,      p99,      max, 
       TotalPurchase,     583243,          0,          0,          0,     365116,     527238,      300,     7500,    67000,   103000,   352000,   960000,
     InStorePurchase,     307577,          0,          0,          0,     191723,     276563,      300,     7600,    68000,   104000,   400000,   960000,
      OnlinePurchase,     213778,          0,          0,          0,     134787,     194597,      300,     7400,    67000,   102000,   350000,   546000,
        InstPurchase,      61888,          0,          0,          0,      38606,      56078,      300,     7100,    65000,   102000,   350000,   546000,
          AssocOfCat,        612,          0,          0,          0,        517,        903,    19900,    43000,   100600,   145800,   472000,   552000,
      AssocOfProduct,       6195,          0,          0,          0,       3419,       5241,      300,     8600,    73800,   109900,   273000,   546000,
      BusinessReport,       1533,          0,          0,          0,       1354,       2187,    26000,    55000,   133200,   181200,   514000,   940000,
          CustBuyBeh,       6239,          0,          0,          0,       3422,       5260,      200,     7500,    63000,    97950,   450390,   541000,
       ProductReturn,      16353,          0,          0,          0,       9768,      14555,      100,     6400,    61000,    96000,   276000,   510000,

  5923s: (74%)   IR =  10239 .[5924.934s][info][gc,start       ] GC(1611) Pause Young (Allocation Failure)
[5925.033s][info][gc,heap        ] GC(1611) PSYoungGen: 2553024K(2598912K)->141604K(2599936K) Eden: 2409472K(2409472K)->0K(2409472K) From: 143552K(189440K)->141604K(190464K)
[5925.033s][info][gc,heap        ] GC(1611) ParOldGen: 5014171K(5014528K)->5104187K(5104640K)
[5925.033s][info][gc,metaspace   ] GC(1611) Metaspace: 29112K(29504K)->29112K(29504K) NonClass: 24222K(24384K)->24222K(24384K) Class: 4889K(5120K)->4889K(5120K)
[5925.033s][info][gc             ] GC(1611) Pause Young (Allocation Failure) 7389M->5122M(7524M) 99.561ms
[5925.033s][info][gc,cpu         ] GC(1611) User=0.56s Sys=0.03s Real=0.10s
..[5926.894s][info][gc,start       ] GC(1612) Pause Young (Allocation Failure)
[5926.997s][info][gc,heap        ] GC(1612) PSYoungGen: 2551076K(2599936K)->147161K(2601472K) Eden: 2409472K(2409472K)->0K(2417152K) From: 141604K(190464K)->147161K(184320K)
[5926.997s][info][gc,heap        ] GC(1612) ParOldGen: 5104187K(5104640K)->5194659K(5194752K)
[5926.997s][info][gc,metaspace   ] GC(1612) Metaspace: 29112K(29504K)->29112K(29504K) NonClass: 24222K(24384K)->24222K(24384K) Class: 4889K(5120K)->4889K(5120K)
[5926.997s][info][gc             ] GC(1612) Pause Young (Allocation Failure) 7475M->5216M(7613M) 103.642ms
[5926.997s][info][gc,cpu         ] GC(1612) User=0.59s Sys=0.02s Real=0.10s
.[5928.723s][info][gc,start       ] GC(1613) Pause Young (Allocation Failure)
[5928.820s][info][gc,heap        ] GC(1613) PSYoungGen: 2564313K(2601472K)->135328K(2603008K) Eden: 2417152K(2417152K)->0K(2417152K) From: 147161K(184320K)->135328K(185856K)
[5928.820s][info][gc,heap        ] GC(1613) ParOldGen: 5194659K(5194752K)->5285115K(5285376K)
[5928.820s][info][gc,metaspace   ] GC(1613) Metaspace: 29112K(29504K)->29112K(29504K) NonClass: 24222K(24384K)->24222K(24384K) Class: 4889K(5120K)->4889K(5120K)
[5928.820s][info][gc             ] GC(1613) Pause Young (Allocation Failure) 7577M->5293M(7703M) 97.241ms
[5928.820s][info][gc,cpu         ] GC(1613) User=0.54s Sys=0.03s Real=0.10s
..[5930.674s][info][gc,start       ] GC(1614) Pause Young (Allocation Failure)
[5930.775s][info][gc,heap        ] GC(1614) PSYoungGen: 2552480K(2603008K)->140496K(2605568K) Eden: 2417152K(2417152K)->0K(2424832K) From: 135328K(185856K)->140496K(180736K)
[5930.775s][info][gc,heap        ] GC(1614) ParOldGen: 5285115K(5285376K)->5375499K(5376000K)
[5930.775s][info][gc,metaspace   ] GC(1614) Metaspace: 29112K(29504K)->29112K(29504K) NonClass: 24222K(24384K)->24222K(24384K) Class: 4889K(5120K)->4889K(5120K)
[5930.775s][info][gc             ] GC(1614) Pause Young (Allocation Failure) 7653M->5386M(7794M) 100.309ms
[5930.775s][info][gc,cpu         ] GC(1614) User=0.55s Sys=0.03s Real=0.10s
..[5932.554s][info][gc,start       ] GC(1615) Pause Young (Allocation Failure)
[5932.653s][info][gc,heap        ] GC(1615) PSYoungGen: 2565328K(2605568K)->136320K(2608128K) Eden: 2424832K(2424832K)->0K(2424832K) From: 140496K(180736K)->136320K(183296K)
[5932.653s][info][gc,heap        ] GC(1615) ParOldGen: 5375499K(5376000K)->5467283K(5467648K)
[5932.653s][info][gc,metaspace   ] GC(1615) Metaspace: 29112K(29504K)->29112K(29504K) NonClass: 24222K(24384K)->24222K(24384K) Class: 4889K(5120K)->4889K(5120K)
[5932.653s][info][gc             ] GC(1615) Pause Young (Allocation Failure) 7754M->5472M(7886M) 99.676ms
[5932.653s][info][gc,cpu         ] GC(1615) User=0.55s Sys=0.04s Real=0.10s
.|.[5934.513s][info][gc,start       ] GC(1616) Pause Young (Allocation Failure)
[5934.625s][info][gc,heap        ] GC(1616) PSYoungGen: 2561152K(2608128K)->154308K(2609664K) Eden: 2424832K(2424832K)->0K(2430464K) From: 136320K(183296K)->154308K(179200K)
[5934.625s][info][gc,heap        ] GC(1616) ParOldGen: 5467283K(5467648K)->5556091K(5556224K)
[5934.625s][info][gc,metaspace   ] GC(1616) Metaspace: 29112K(29504K)->29112K(29504K) NonClass: 24222K(24384K)->24222K(24384K) Class: 4889K(5120K)->4889K(5120K)
[5934.625s][info][gc             ] GC(1616) Pause Young (Allocation Failure) 7840M->5576M(7974M) 111.604ms
[5934.625s][info][gc,cpu         ] GC(1616) User=0.64s Sys=0.02s Real=0.11s
..[5936.491s][info][gc,start       ] GC(1617) Pause Full (Allocation Failure)
[5936.491s][info][gc,phases,start] GC(1617) Marking Phase
[5936.792s][info][gc,phases      ] GC(1617) Marking Phase 300.358ms
[5936.792s][info][gc,phases,start] GC(1617) Summary Phase
[5936.792s][info][gc,phases      ] GC(1617) Summary Phase 0.103ms
[5936.792s][info][gc,phases,start] GC(1617) Forward
[5936.915s][info][gc,phases      ] GC(1617) Forward 123.198ms
[5936.915s][info][gc,phases,start] GC(1617) Adjust Pointers
[5937.116s][info][gc,phases      ] GC(1617) Adjust Pointers 200.695ms
[5937.116s][info][gc,phases,start] GC(1617) Compaction Phase
[5937.245s][info][gc,phases      ] GC(1617) Compaction Phase 129.146ms
[5937.246s][info][gc,phases,start] GC(1617) Post Compact
[5937.253s][info][gc,phases      ] GC(1617) Post Compact 6.840ms
[5937.372s][info][gc,heap        ] GC(1617) PSYoungGen: 2584772K(2609664K)->0K(2611712K) Eden: 2430464K(2430464K)->0K(2430464K) From: 154308K(179200K)->0K(181248K)
[5937.372s][info][gc,heap        ] GC(1617) ParOldGen: 5556091K(5556224K)->1429063K(1715200K)
[5937.372s][info][gc,metaspace   ] GC(1617) Metaspace: 29112K(29504K)->29112K(29504K) NonClass: 24222K(24384K)->24222K(24384K) Class: 4889K(5120K)->4889K(5120K)
[5937.372s][info][gc             ] GC(1617) Pause Full (Allocation Failure) 7950M->1395M(4225M) 880.331ms
[5937.372s][info][gc,cpu         ] GC(1617) User=4.12s Sys=0.12s Real=0.88s
..[5938.766s][info][gc,start       ] GC(1618) Pause Young (Allocation Failure)
[5938.833s][info][gc,heap        ] GC(1618) PSYoungGen: 2430464K(2611712K)->144651K(2609664K) Eden: 2430464K(2430464K)->0K(2433536K) From: 0K(181248K)->144651K(176128K)
[5938.833s][info][gc,heap        ] GC(1618) ParOldGen: 1429063K(1715200K)->1429063K(1715200K)
[5938.833s][info][gc,metaspace   ] GC(1618) Metaspace: 29112K(29504K)->29112K(29504K) NonClass: 24223K(24384K)->24223K(24384K) Class: 4889K(5120K)->4889K(5120K)
[5938.833s][info][gc             ] GC(1618) Pause Young (Allocation Failure) 3769M->1536M(4223M) 66.875ms
[5938.833s][info][gc,cpu         ] GC(1618) User=0.40s Sys=0.00s Real=0.07s
.[5940.384s][info][gc,start       ] GC(1619) Pause Young (Allocation Failure)
[5940.483s][info][gc,heap        ] GC(1619) PSYoungGen: 2578187K(2609664K)->156874K(2612224K) Eden: 2433536K(2433536K)->0K(2433536K) From: 144651K(176128K)->156874K(178688K)
[5940.483s][info][gc,heap        ] GC(1619) ParOldGen: 1429063K(1715200K)->1520167K(1715200K)
[5940.483s][info][gc,metaspace   ] GC(1619) Metaspace: 29112K(29504K)->29112K(29504K) NonClass: 24223K(24384K)->24223K(24384K) Class: 4889K(5120K)->4889K(5120K)
[5940.483s][info][gc             ] GC(1619) Pause Young (Allocation Failure) 3913M->1637M(4226M) 99.066ms
[5940.483s][info][gc,cpu         ] GC(1619) User=0.59s Sys=0.00s Real=0.10s
..[5942.216s][info][gc,start       ] GC(1620) Pause Young (Allocation Failure)
[5942.315s][info][gc,heap        ] GC(1620) PSYoungGen: 2590410K(2612224K)->148896K(2612224K) Eden: 2433536K(2433536K)->0K(2438656K) From: 156874K(178688K)->148896K(173568K)
[5942.315s][info][gc,heap        ] GC(1620) ParOldGen: 1520167K(1715200K)->1612055K(1715200K)
[5942.315s][info][gc,metaspace   ] GC(1620) Metaspace: 29112K(29504K)->29112K(29504K) NonClass: 24223K(24384K)->24223K(24384K) Class: 4889K(5120K)->4889K(5120K)
[5942.315s][info][gc             ] GC(1620) Pause Young (Allocation Failure) 4014M->1719M(4226M) 98.592ms
[5942.315s][info][gc,cpu         ] GC(1620) User=0.59s Sys=0.00s Real=0.10s
..[5944.131s][info][gc,start       ] GC(1621) Pause Young (Allocation Failure)
[5944.223s][info][gc,heap        ] GC(1621) PSYoungGen: 2587552K(2612224K)->143008K(2614784K) Eden: 2438656K(2438656K)->0K(2438656K) From: 148896K(173568K)->143008K(176128K)
[5944.223s][info][gc,heap        ] GC(1621) ParOldGen: 1612055K(1715200K)->1703071K(1715200K)
[5944.223s][info][gc,metaspace   ] GC(1621) Metaspace: 29112K(29504K)->29112K(29504K) NonClass: 24223K(24384K)->24223K(24384K) Class: 4889K(5120K)->4889K(5120K)
[5944.223s][info][gc             ] GC(1621) Pause Young (Allocation Failure) 4101M->1802M(4228M) 91.945ms
[5944.223s][info][gc,cpu         ] GC(1621) User=0.55s Sys=0.00s Real=0.09s
..[5946.050s][info][gc,start       ] GC(1622) Pause Young (Allocation Failure)
[5946.149s][info][gc,heap        ] GC(1622) PSYoungGen: 2581664K(2614784K)->147209K(2615296K) Eden: 2438656K(2438656K)->0K(2445824K) From: 143008K(176128K)->147209K(169472K)
[5946.149s][info][gc,heap        ] GC(1622) ParOldGen: 1703071K(1715200K)->1793527K(1793536K)
[5946.149s][info][gc,metaspace   ] GC(1622) Metaspace: 29112K(29504K)->29112K(29504K) NonClass: 24223K(24384K)->24223K(24384K) Class: 4889K(5120K)->4889K(5120K)
[5946.149s][info][gc             ] GC(1622) Pause Young (Allocation Failure) 4184M->1895M(4305M) 99.320ms
[5946.149s][info][gc,cpu         ] GC(1622) User=0.58s Sys=0.02s Real=0.09s
..[5947.994s][info][gc,start       ] GC(1623) Pause Young (Allocation Failure)
[5948.096s][info][gc,heap        ] GC(1623) PSYoungGen: 2593033K(2615296K)->149104K(2617856K) Eden: 2445824K(2445824K)->0K(2445824K) From: 147209K(169472K)->149104K(172032K)
[5948.096s][info][gc,heap        ] GC(1623) ParOldGen: 1793527K(1793536K)->1882687K(1883136K)
[5948.096s][info][gc,metaspace   ] GC(1623) Metaspace: 29112K(29504K)->29112K(29504K) NonClass: 24223K(24384K)->24223K(24384K) Class: 4889K(5120K)->4889K(5120K)
[5948.096s][info][gc             ] GC(1623) Pause Young (Allocation Failure) 4283M->1984M(4395M) 101.840ms
[5948.096s][info][gc,cpu         ] GC(1623) User=0.58s Sys=0.03s Real=0.10s
..[5949.943s][info][gc,start       ] GC(1624) Pause Young (Allocation Failure)
[5950.042s][info][gc,heap        ] GC(1624) PSYoungGen: 2594928K(2617856K)->146688K(2619392K) Eden: 2445824K(2445824K)->0K(2454016K) From: 149104K(172032K)->146688K(165376K)
[5950.042s][info][gc,heap        ] GC(1624) ParOldGen: 1882687K(1883136K)->1974903K(1975296K)
[5950.042s][info][gc,metaspace   ] GC(1624) Metaspace: 29112K(29504K)->29112K(29504K) NonClass: 24223K(24384K)->24223K(24384K) Class: 4889K(5120K)->4889K(5120K)
[5950.042s][info][gc             ] GC(1624) Pause Young (Allocation Failure) 4372M->2071M(4487M) 98.816ms
[5950.042s][info][gc,cpu         ] GC(1624) User=0.57s Sys=0.02s Real=0.10s
.[5951.795s][info][gc,start       ] GC(1625) Pause Young (Allocation Failure)
[5951.890s][info][gc,heap        ] GC(1625) PSYoungGen: 2600704K(2619392K)->135104K(2621952K) Eden: 2454016K(2454016K)->0K(2454016K) From: 146688K(165376K)->135104K(167936K)
[5951.890s][info][gc,heap        ] GC(1625) ParOldGen: 1974903K(1975296K)->2067615K(2067968K)
[5951.890s][info][gc,metaspace   ] GC(1625) Metaspace: 29112K(29504K)->29112K(29504K) NonClass: 24223K(24384K)->24223K(24384K) Class: 4889K(5120K)->4889K(5120K)
[5951.890s][info][gc             ] GC(1625) Pause Young (Allocation Failure) 4468M->2151M(4580M) 94.380ms
[5951.890s][info][gc,cpu         ] GC(1625) User=0.53s Sys=0.03s Real=0.10s
..[5953.774s][info][gc,start       ] GC(1626) Pause Young (Allocation Failure)
[5953.876s][info][gc,heap        ] GC(1626) PSYoungGen: 2589120K(2621952K)->150761K(2626560K) Eden: 2454016K(2454016K)->0K(2459648K) From: 135104K(167936K)->150761K(166912K)
[5953.876s][info][gc,heap        ] GC(1626) ParOldGen: 2067615K(2067968K)->2155407K(2155520K)
[5953.876s][info][gc,metaspace   ] GC(1626) Metaspace: 29112K(29504K)->29112K(29504K) NonClass: 24223K(24384K)->24223K(24384K) Class: 4889K(5120K)->4889K(5120K)
[5953.876s][info][gc             ] GC(1626) Pause Young (Allocation Failure) 4547M->2252M(4670M) 102.039ms
[5953.876s][info][gc,cpu         ] GC(1626) User=0.59s Sys=0.02s Real=0.10s
..[5955.715s][info][gc,start       ] GC(1627) Pause Young (Allocation Failure)
[5955.811s][info][gc,heap        ] GC(1627) PSYoungGen: 2610409K(2626560K)->139136K(2627072K) Eden: 2459648K(2459648K)->0K(2459648K) From: 150761K(166912K)->139136K(167424K)
[5955.811s][info][gc,heap        ] GC(1627) ParOldGen: 2155407K(2155520K)->2249711K(2249728K)
[5955.811s][info][gc,metaspace   ] GC(1627) Metaspace: 29112K(29504K)->29112K(29504K) NonClass: 24223K(24384K)->24223K(24384K) Class: 4889K(5120K)->4889K(5120K)
[5955.811s][info][gc             ] GC(1627) Pause Young (Allocation Failure) 4654M->2332M(4762M) 96.861ms
[5955.811s][info][gc,cpu         ] GC(1627) User=0.55s Sys=0.03s Real=0.10s
..[5957.674s][info][gc,start       ] GC(1628) Pause Young (Allocation Failure)
[5957.774s][info][gc,heap        ] GC(1628) PSYoungGen: 2598784K(2627072K)->146324K(2624512K) Eden: 2459648K(2459648K)->0K(2461696K) From: 139136K(167424K)->146324K(162816K)
[5957.774s][info][gc,heap        ] GC(1628) ParOldGen: 2249711K(2249728K)->2338223K(2338304K)
[5957.774s][info][gc,metaspace   ] GC(1628) Metaspace: 29112K(29504K)->29112K(29504K) NonClass: 24223K(24384K)->24223K(24384K) Class: 4889K(5120K)->4889K(5120K)
[5957.774s][info][gc             ] GC(1628) Pause Young (Allocation Failure) 4734M->2426M(4846M) 99.673ms
[5957.774s][info][gc,cpu         ] GC(1628) User=0.56s Sys=0.03s Real=0.10s
..[5959.665s][info][gc,start       ] GC(1629) Pause Young (Allocation Failure)
[5959.762s][info][gc,heap        ] GC(1629) PSYoungGen: 2608020K(2624512K)->139648K(2626560K) Eden: 2461696K(2461696K)->0K(2461696K) From: 146324K(162816K)->139648K(164864K)
[5959.762s][info][gc,heap        ] GC(1629) ParOldGen: 2338223K(2338304K)->2431079K(2431488K)
[5959.762s][info][gc,metaspace   ] GC(1629) Metaspace: 29112K(29504K)->29112K(29504K) NonClass: 24223K(24384K)->24223K(24384K) Class: 4889K(5120K)->4889K(5120K)
[5959.762s][info][gc             ] GC(1629) Pause Young (Allocation Failure) 4830M->2510M(4939M) 96.922ms
[5959.762s][info][gc,cpu         ] GC(1629) User=0.55s Sys=0.02s Real=0.10s
..[5961.596s][info][gc,start       ] GC(1630) Pause Young (Allocation Failure)
[5961.700s][info][gc,heap        ] GC(1630) PSYoungGen: 2601344K(2626560K)->148649K(2628608K) Eden: 2461696K(2461696K)->0K(2466816K) From: 139648K(164864K)->148649K(161792K)
[5961.700s][info][gc,heap        ] GC(1630) ParOldGen: 2431079K(2431488K)->2524127K(2524160K)
[5961.700s][info][gc,metaspace   ] GC(1630) Metaspace: 29112K(29504K)->29112K(29504K) NonClass: 24223K(24384K)->24223K(24384K) Class: 4889K(5120K)->4889K(5120K)
[5961.700s][info][gc             ] GC(1630) Pause Young (Allocation Failure) 4914M->2610M(5032M) 103.985ms
[5961.700s][info][gc,cpu         ] GC(1630) User=0.58s Sys=0.04s Real=0.11s
..[5963.576s][info][gc,start       ] GC(1631) Pause Young (Allocation Failure)
[5963.672s][info][gc,heap        ] GC(1631) PSYoungGen: 2615465K(2628608K)->138132K(2630144K) Eden: 2466816K(2466816K)->0K(2466816K) From: 148649K(161792K)->138132K(163328K)
[5963.672s][info][gc,heap        ] GC(1631) ParOldGen: 2524127K(2524160K)->2614447K(2614784K)
[5963.672s][info][gc,metaspace   ] GC(1631) Metaspace: 29112K(29504K)->29112K(29504K) NonClass: 24223K(24384K)->24223K(24384K) Class: 4889K(5120K)->4889K(5120K)
[5963.672s][info][gc             ] GC(1631) Pause Young (Allocation Failure) 5019M->2688M(5122M) 96.332ms
[5963.672s][info][gc,cpu         ] GC(1631) User=0.54s Sys=0.03s Real=0.10s
..[5965.452s][info][gc,start       ] GC(1632) Pause Young (Allocation Failure)
[5965.559s][info][gc,heap        ] GC(1632) PSYoungGen: 2604948K(2630144K)->159029K(2626560K) Eden: 2466816K(2466816K)->0K(2463232K) From: 138132K(163328K)->159029K(163328K)
[5965.559s][info][gc,heap        ] GC(1632) ParOldGen: 2614447K(2614784K)->2706207K(2706432K)
[5965.559s][info][gc,metaspace   ] GC(1632) Metaspace: 29112K(29504K)->29112K(29504K) NonClass: 24223K(24384K)->24223K(24384K) Class: 4889K(5120K)->4889K(5120K)
[5965.559s][info][gc             ] GC(1632) Pause Young (Allocation Failure) 5097M->2798M(5208M) 106.919ms
[5965.559s][info][gc,cpu         ] GC(1632) User=0.61s Sys=0.03s Real=0.10s
..[5967.319s][info][gc,start       ] GC(1633) Pause Young (Allocation Failure)
[5967.419s][info][gc,heap        ] GC(1633) PSYoungGen: 2622261K(2626560K)->146240K(2629632K) Eden: 2463232K(2463232K)->0K(2463232K) From: 159029K(163328K)->146240K(166400K)
[5967.419s][info][gc,heap        ] GC(1633) ParOldGen: 2706207K(2706432K)->2797831K(2798080K)
[5967.419s][info][gc,metaspace   ] GC(1633) Metaspace: 29112K(29504K)->29112K(29504K) NonClass: 24223K(24384K)->24223K(24384K) Class: 4889K(5120K)->4889K(5120K)
[5967.419s][info][gc             ] GC(1633) Pause Young (Allocation Failure) 5203M->2875M(5300M) 99.754ms
[5967.419s][info][gc,cpu         ] GC(1633) User=0.57s Sys=0.03s Real=0.10s
..[5969.183s][info][gc,start       ] GC(1634) Pause Young (Allocation Failure)
[5969.281s][info][gc,heap        ] GC(1634) PSYoungGen: 2609472K(2629632K)->142208K(2626048K) Eden: 2463232K(2463232K)->0K(2464768K) From: 146240K(166400K)->142208K(161280K)
[5969.281s][info][gc,heap        ] GC(1634) ParOldGen: 2797831K(2798080K)->2889655K(2889728K)
[5969.281s][info][gc,metaspace   ] GC(1634) Metaspace: 29112K(29504K)->29112K(29504K) NonClass: 24223K(24384K)->24223K(24384K) Class: 4889K(5120K)->4889K(5120K)
[5969.281s][info][gc             ] GC(1634) Pause Young (Allocation Failure) 5280M->2960M(5386M) 98.734ms
[5969.281s][info][gc,cpu         ] GC(1634) User=0.56s Sys=0.03s Real=0.10s
..[5971.184s][info][gc,start       ] GC(1635) Pause Young (Allocation Failure)
[5971.288s][info][gc,heap        ] GC(1635) PSYoungGen: 2606976K(2626048K)->151385K(2628608K) Eden: 2464768K(2464768K)->0K(2464768K) From: 142208K(161280K)->151385K(163840K)
[5971.288s][info][gc,heap        ] GC(1635) ParOldGen: 2889655K(2889728K)->2980143K(2980352K)
[5971.288s][info][gc,metaspace   ] GC(1635) Metaspace: 29112K(29504K)->29112K(29504K) NonClass: 24223K(24384K)->24223K(24384K) Class: 4889K(5120K)->4889K(5120K)
[5971.288s][info][gc             ] GC(1635) Pause Young (Allocation Failure) 5367M->3058M(5477M) 103.532ms
[5971.288s][info][gc,cpu         ] GC(1635) User=0.59s Sys=0.03s Real=0.10s
..[5973.211s][info][gc,start       ] GC(1636) Pause Young (Allocation Failure)
[5973.312s][info][gc,heap        ] GC(1636) PSYoungGen: 2616153K(2628608K)->146848K(2629120K) Eden: 2464768K(2464768K)->0K(2468352K) From: 151385K(163840K)->146848K(160768K)
[5973.312s][info][gc,heap        ] GC(1636) ParOldGen: 2980143K(2980352K)->3071391K(3071488K)
[5973.312s][info][gc,metaspace   ] GC(1636) Metaspace: 29112K(29504K)->29112K(29504K) NonClass: 24223K(24384K)->24223K(24384K) Class: 4889K(5120K)->4889K(5120K)
[5973.312s][info][gc             ] GC(1636) Pause Young (Allocation Failure) 5465M->3142M(5567M) 101.336ms
[5973.312s][info][gc,cpu         ] GC(1636) User=0.57s Sys=0.03s Real=0.10s
..[5975.154s][info][gc,start       ] GC(1637) Pause Young (Allocation Failure)
[5975.257s][info][gc,heap        ] GC(1637) PSYoungGen: 2615200K(2629120K)->149200K(2630656K) Eden: 2468352K(2468352K)->0K(2468352K) From: 146848K(160768K)->149200K(162304K)
[5975.257s][info][gc,heap        ] GC(1637) ParOldGen: 3071391K(3071488K)->3163911K(3164160K)
[5975.257s][info][gc,metaspace   ] GC(1637) Metaspace: 29112K(29504K)->29112K(29504K) NonClass: 24223K(24384K)->24223K(24384K) Class: 4889K(5120K)->4889K(5120K)
[5975.257s][info][gc             ] GC(1637) Pause Young (Allocation Failure) 5553M->3235M(5659M) 103.473ms
[5975.257s][info][gc,cpu         ] GC(1637) User=0.60s Sys=0.02s Real=0.10s
.[5977.082s][info][gc,start       ] GC(1638) Pause Young (Allocation Failure)
[5977.184s][info][gc,heap        ] GC(1638) PSYoungGen: 2617552K(2630656K)->149568K(2632192K) Eden: 2468352K(2468352K)->0K(2471936K) From: 149200K(162304K)->149568K(160256K)
[5977.184s][info][gc,heap        ] GC(1638) ParOldGen: 3163911K(3164160K)->3254855K(3255296K)
[5977.184s][info][gc,metaspace   ] GC(1638) Metaspace: 29112K(29504K)->29112K(29504K) NonClass: 24223K(24384K)->24223K(24384K) Class: 4889K(5120K)->4889K(5120K)
[5977.184s][info][gc             ] GC(1638) Pause Young (Allocation Failure) 5645M->3324M(5749M) 102.222ms
[5977.184s][info][gc,cpu         ] GC(1638) User=0.58s Sys=0.02s Real=0.10s
..[5979.080s][info][gc,start       ] GC(1639) Pause Young (Allocation Failure)
[5979.186s][info][gc,heap        ] GC(1639) PSYoungGen: 2621504K(2632192K)->155178K(2633216K) Eden: 2471936K(2471936K)->0K(2471936K) From: 149568K(160256K)->155178K(161280K)
[5979.186s][info][gc,heap        ] GC(1639) ParOldGen: 3254855K(3255296K)->3346615K(3346944K)
[5979.186s][info][gc,metaspace   ] GC(1639) Metaspace: 29112K(29504K)->29112K(29504K) NonClass: 24223K(24384K)->24223K(24384K) Class: 4889K(5120K)->4889K(5120K)
[5979.186s][info][gc             ] GC(1639) Pause Young (Allocation Failure) 5738M->3419M(5840M) 106.285ms
[5979.186s][info][gc,cpu         ] GC(1639) User=0.60s Sys=0.03s Real=0.10s
..[5981.070s][info][gc,start       ] GC(1640) Pause Young (Allocation Failure)
[5981.173s][info][gc,heap        ] GC(1640) PSYoungGen: 2627114K(2633216K)->153440K(2632192K) Eden: 2471936K(2471936K)->0K(2469376K) From: 155178K(161280K)->153440K(162816K)
[5981.173s][info][gc,heap        ] GC(1640) ParOldGen: 3346615K(3346944K)->3437839K(3438080K)
[5981.173s][info][gc,metaspace   ] GC(1640) Metaspace: 29112K(29504K)->29112K(29504K) NonClass: 24223K(24384K)->24223K(24384K) Class: 4889K(5120K)->4889K(5120K)
[5981.173s][info][gc             ] GC(1640) Pause Young (Allocation Failure) 5833M->3507M(5928M) 103.432ms
[5981.173s][info][gc,cpu         ] GC(1640) User=0.59s Sys=0.02s Real=0.10s
..[5983.026s][info][gc,start       ] GC(1641) Pause Young (Allocation Failure)
[5983.133s][info][gc,heap        ] GC(1641) PSYoungGen: 2622816K(2632192K)->156992K(2626560K) Eden: 2469376K(2469376K)->0K(2469376K) From: 153440K(162816K)->156992K(157184K)
[5983.133s][info][gc,heap        ] GC(1641) ParOldGen: 3437839K(3438080K)->3529727K(3529728K)
[5983.133s][info][gc,metaspace   ] GC(1641) Metaspace: 29112K(29504K)->29112K(29504K) NonClass: 24223K(24384K)->24223K(24384K) Class: 4889K(5120K)->4889K(5120K)
[5983.133s][info][gc             ] GC(1641) Pause Young (Allocation Failure) 5918M->3600M(6012M) 106.636ms
[5983.133s][info][gc,cpu         ] GC(1641) User=0.61s Sys=0.02s Real=0.11s
..[5985.014s][info][gc,start       ] GC(1642) Pause Young (Allocation Failure)
[5985.119s][info][gc,heap        ] GC(1642) PSYoungGen: 2626368K(2626560K)->151045K(2632192K) Eden: 2469376K(2469376K)->0K(2467328K) From: 156992K(157184K)->151045K(164864K)
[5985.119s][info][gc,heap        ] GC(1642) ParOldGen: 3529727K(3529728K)->3622735K(3622912K)
[5985.119s][info][gc,metaspace   ] GC(1642) Metaspace: 29112K(29504K)->29112K(29504K) NonClass: 24223K(24384K)->24223K(24384K) Class: 4889K(5120K)->4889K(5120K)
[5985.119s][info][gc             ] GC(1642) Pause Young (Allocation Failure) 6011M->3685M(6108M) 105.394ms
[5985.119s][info][gc,cpu         ] GC(1642) User=0.60s Sys=0.02s Real=0.10s
..[5986.969s][info][gc,start       ] GC(1643) Pause Young (Allocation Failure)
[5987.072s][info][gc,heap        ] GC(1643) PSYoungGen: 2618373K(2632192K)->149524K(2617344K) Eden: 2467328K(2467328K)->0K(2467328K) From: 151045K(164864K)->149524K(150016K)
[5987.072s][info][gc,heap        ] GC(1643) ParOldGen: 3622735K(3622912K)->3714543K(3714560K)
[5987.072s][info][gc,metaspace   ] GC(1643) Metaspace: 29112K(29504K)->29112K(29504K) NonClass: 24223K(24384K)->24223K(24384K) Class: 4889K(5120K)->4889K(5120K)
[5987.072s][info][gc             ] GC(1643) Pause Young (Allocation Failure) 6094M->3773M(6183M) 103.020ms
[5987.072s][info][gc,cpu         ] GC(1643) User=0.59s Sys=0.03s Real=0.11s
..[5988.940s][info][gc,start       ] GC(1644) Pause Young (Allocation Failure)
[5989.045s][info][gc,heap        ] GC(1644) PSYoungGen: 2616852K(2617344K)->154265K(2630144K) Eden: 2467328K(2467328K)->0K(2467328K) From: 149524K(150016K)->154265K(162816K)
[5989.045s][info][gc,heap        ] GC(1644) ParOldGen: 3714543K(3714560K)->3804319K(3804672K)
[5989.045s][info][gc,metaspace   ] GC(1644) Metaspace: 29112K(29504K)->29112K(29504K) NonClass: 24223K(24384K)->24223K(24384K) Class: 4889K(5120K)->4889K(5120K)
[5989.045s][info][gc             ] GC(1644) Pause Young (Allocation Failure) 6183M->3865M(6284M) 105.428ms
[5989.045s][info][gc,cpu         ] GC(1644) User=0.61s Sys=0.01s Real=0.10s
..[5990.845s][info][gc,start       ] GC(1645) Pause Young (Allocation Failure)
[5990.948s][info][gc,heap        ] GC(1645) PSYoungGen: 2621593K(2630144K)->148085K(2630144K) Eden: 2467328K(2467328K)->0K(2467328K) From: 154265K(162816K)->148085K(162816K)
[5990.948s][info][gc,heap        ] GC(1645) ParOldGen: 3804319K(3804672K)->3896895K(3897344K)
[5990.948s][info][gc,metaspace   ] GC(1645) Metaspace: 29112K(29504K)->29112K(29504K) NonClass: 24223K(24384K)->24223K(24384K) Class: 4889K(5120K)->4889K(5120K)
[5990.948s][info][gc             ] GC(1645) Pause Young (Allocation Failure) 6275M->3950M(6374M) 103.307ms
[5990.948s][info][gc,cpu         ] GC(1645) User=0.57s Sys=0.03s Real=0.10s
..[5992.858s][info][gc,start       ] GC(1646) Pause Young (Allocation Failure)
[5992.956s][info][gc,heap        ] GC(1646) PSYoungGen: 2615413K(2630144K)->141536K(2632704K) Eden: 2467328K(2467328K)->0K(2470400K) From: 148085K(162816K)->141536K(162304K)
[5992.956s][info][gc,heap        ] GC(1646) ParOldGen: 3896895K(3897344K)->3987471K(3987968K)
[5992.956s][info][gc,metaspace   ] GC(1646) Metaspace: 29112K(29504K)->29112K(29504K) NonClass: 24223K(24384K)->24223K(24384K) Class: 4889K(5120K)->4889K(5120K)
[5992.956s][info][gc             ] GC(1646) Pause Young (Allocation Failure) 6359M->4032M(6465M) 98.096ms
[5992.956s][info][gc,cpu         ] GC(1646) User=0.55s Sys=0.03s Real=0.10s
. (rIR:aIR:PR = 10239:10294:10295) (tPR = 152129) [OK] 
  5993s: Performance info:
         Transaction,    Success,    Partial,     Failed,   Receipts, AvgBarcode, 
             Overall,     624061,          0,          0,     593076,      59.48, 
         Response times:
             Request,    Success,    Partial,     Failed,   SkipFail,     Probes,    Samples,      min,      p50,      p90,      p95,      p99,      max, 
       TotalPurchase,     593085,          0,          0,          0,     348417,     419126,      300,     7600,    74000,   135000,   366000,   970000,
     InStorePurchase,     312565,          0,          0,          0,     183972,     220892,      300,     7400,    73000,   134000,   341000,   970000,
      OnlinePurchase,     217585,          0,          0,          0,     127851,     153772,      300,     7900,    76000,   138000,   371000,   970000,
        InstPurchase,      62935,          0,          0,          0,      36594,      44462,      400,     7700,    73000,   133000,   376000,   940000,
          AssocOfCat,        616,          0,          0,          0,        496,        680,    22000,    45500,   119000,   179000,   415000,   960000,
      AssocOfProduct,       6287,          0,          0,          0,       3513,       4421,      600,     9200,    83000,   132900,   420000,   890000,
      BusinessReport,       1557,          0,          0,          0,       1366,       1787,    24000,    58000,   151200,   197000,   470000,  1100000,
          CustBuyBeh,       6255,          0,          0,          0,       3459,       4326,      200,     7000,    77000,   143600,   380000,   940000,
       ProductReturn,      16286,          0,          0,          0,       9627,      11836,      200,     8400,    80000,   148150,   379000,   890000,

  5993s: (75%)   IR =  10378 .[5994.890s][info][gc,start       ] GC(1647) Pause Young (Allocation Failure)
[5994.997s][info][gc,heap        ] GC(1647) PSYoungGen: 2611936K(2632704K)->149835K(2632704K) Eden: 2470400K(2470400K)->0K(2470400K) From: 141536K(162304K)->149835K(162304K)
[5994.997s][info][gc,heap        ] GC(1647) ParOldGen: 3987471K(3987968K)->4081991K(4082176K)
[5994.997s][info][gc,metaspace   ] GC(1647) Metaspace: 29112K(29504K)->29112K(29504K) NonClass: 24223K(24384K)->24223K(24384K) Class: 4889K(5120K)->4889K(5120K)
[5994.997s][info][gc             ] GC(1647) Pause Young (Allocation Failure) 6444M->4132M(6557M) 107.130ms
[5994.997s][info][gc,cpu         ] GC(1647) User=0.61s Sys=0.03s Real=0.10s
..[5996.934s][info][gc,start       ] GC(1648) Pause Young (Allocation Failure)
[5997.031s][info][gc,heap        ] GC(1648) PSYoungGen: 2620235K(2632704K)->138144K(2632192K) Eden: 2470400K(2470400K)->0K(2470912K) From: 149835K(162304K)->138144K(161280K)
[5997.031s][info][gc,heap        ] GC(1648) ParOldGen: 4081991K(4082176K)->4170743K(4170752K)
[5997.031s][info][gc,metaspace   ] GC(1648) Metaspace: 29112K(29504K)->29112K(29504K) NonClass: 24223K(24384K)->24223K(24384K) Class: 4889K(5120K)->4889K(5120K)
[5997.031s][info][gc             ] GC(1648) Pause Young (Allocation Failure) 6545M->4207M(6643M) 96.751ms
[5997.031s][info][gc,cpu         ] GC(1648) User=0.54s Sys=0.03s Real=0.10s
..[5998.952s][info][gc,start       ] GC(1649) Pause Young (Allocation Failure)
[5999.048s][info][gc,heap        ] GC(1649) PSYoungGen: 2609056K(2632192K)->140608K(2632704K) Eden: 2470912K(2470912K)->0K(2470912K) From: 138144K(161280K)->140608K(161792K)
[5999.048s][info][gc,heap        ] GC(1649) ParOldGen: 4170743K(4170752K)->4260543K(4260864K)
[5999.048s][info][gc,metaspace   ] GC(1649) Metaspace: 29112K(29504K)->29112K(29504K) NonClass: 24223K(24384K)->24223K(24384K) Class: 4889K(5120K)->4889K(5120K)
[5999.048s][info][gc             ] GC(1649) Pause Young (Allocation Failure) 6620M->4297M(6732M) 95.691ms
[5999.048s][info][gc,cpu         ] GC(1649) User=0.53s Sys=0.03s Real=0.09s
..[6000.951s][info][gc,start       ] GC(1650) Pause Young (Allocation Failure)
[6001.050s][info][gc,heap        ] GC(1650) PSYoungGen: 2611520K(2632704K)->143936K(2632192K) Eden: 2470912K(2470912K)->0K(2472448K) From: 140608K(161792K)->143936K(159744K)
[6001.050s][info][gc,heap        ] GC(1650) ParOldGen: 4260543K(4260864K)->4351231K(4351488K)
[6001.050s][info][gc,metaspace   ] GC(1650) Metaspace: 29112K(29504K)->29112K(29504K) NonClass: 24223K(24384K)->24223K(24384K) Class: 4889K(5120K)->4889K(5120K)
[6001.050s][info][gc             ] GC(1650) Pause Young (Allocation Failure) 6710M->4389M(6820M) 99.054ms
[6001.050s][info][gc,cpu         ] GC(1650) User=0.56s Sys=0.02s Real=0.10s
..[6002.931s][info][gc,start       ] GC(1651) Pause Young (Allocation Failure)
[6003.035s][info][gc,heap        ] GC(1651) PSYoungGen: 2616384K(2632192K)->144982K(2633216K) Eden: 2472448K(2472448K)->0K(2472448K) From: 143936K(159744K)->144982K(160768K)
[6003.035s][info][gc,heap        ] GC(1651) ParOldGen: 4351231K(4351488K)->4444639K(4444672K)
[6003.035s][info][gc,metaspace   ] GC(1651) Metaspace: 29112K(29504K)->29112K(29504K) NonClass: 24223K(24384K)->24223K(24384K) Class: 4889K(5120K)->4889K(5120K)
[6003.035s][info][gc             ] GC(1651) Pause Young (Allocation Failure) 6804M->4482M(6912M) 104.674ms
[6003.035s][info][gc,cpu         ] GC(1651) User=0.60s Sys=0.03s Real=0.10s
..[6004.997s][info][gc,start       ] GC(1652) Pause Young (Allocation Failure)
[6005.097s][info][gc,heap        ] GC(1652) PSYoungGen: 2617430K(2633216K)->145124K(2633216K) Eden: 2472448K(2472448K)->0K(2475520K) From: 144982K(160768K)->145124K(157696K)
[6005.098s][info][gc,heap        ] GC(1652) ParOldGen: 4444639K(4444672K)->4534455K(4534784K)
[6005.098s][info][gc,metaspace   ] GC(1652) Metaspace: 29112K(29504K)->29112K(29504K) NonClass: 24223K(24384K)->24223K(24384K) Class: 4889K(5120K)->4889K(5120K)
[6005.098s][info][gc             ] GC(1652) Pause Young (Allocation Failure) 6896M->4569M(7000M) 100.365ms
[6005.098s][info][gc,cpu         ] GC(1652) User=0.57s Sys=0.03s Real=0.10s
..[6006.869s][info][gc,start       ] GC(1653) Pause Young (Allocation Failure)
[6006.968s][info][gc,heap        ] GC(1653) PSYoungGen: 2620644K(2633216K)->141632K(2634240K) Eden: 2475520K(2475520K)->0K(2475520K) From: 145124K(157696K)->141632K(158720K)
[6006.968s][info][gc,heap        ] GC(1653) ParOldGen: 4534455K(4534784K)->4625783K(4625920K)
[6006.968s][info][gc,metaspace   ] GC(1653) Metaspace: 29112K(29504K)->29112K(29504K) NonClass: 24223K(24384K)->24223K(24384K) Class: 4889K(5120K)->4889K(5120K)
[6006.968s][info][gc             ] GC(1653) Pause Young (Allocation Failure) 6987M->4655M(7090M) 99.192ms
[6006.968s][info][gc,cpu         ] GC(1653) User=0.56s Sys=0.02s Real=0.10s
..[6008.855s][info][gc,start       ] GC(1654) Pause Young (Allocation Failure)
[6008.956s][info][gc,heap        ] GC(1654) PSYoungGen: 2617152K(2634240K)->140544K(2636288K) Eden: 2475520K(2475520K)->0K(2478592K) From: 141632K(158720K)->140544K(157696K)
[6008.956s][info][gc,heap        ] GC(1654) ParOldGen: 4625783K(4625920K)->4719343K(4719616K)
[6008.956s][info][gc,metaspace   ] GC(1654) Metaspace: 29112K(29504K)->29112K(29504K) NonClass: 24223K(24384K)->24223K(24384K) Class: 4889K(5120K)->4889K(5120K)
[6008.956s][info][gc             ] GC(1654) Pause Young (Allocation Failure) 7073M->4745M(7183M) 101.140ms
[6008.956s][info][gc,cpu         ] GC(1654) User=0.57s Sys=0.03s Real=0.10s
..[6010.752s][info][gc,start       ] GC(1655) Pause Young (Allocation Failure)
[6010.854s][info][gc,heap        ] GC(1655) PSYoungGen: 2619136K(2636288K)->147380K(2636800K) Eden: 2478592K(2478592K)->0K(2478592K) From: 140544K(157696K)->147380K(158208K)
[6010.854s][info][gc,heap        ] GC(1655) ParOldGen: 4719343K(4719616K)->4808207K(4808704K)
[6010.854s][info][gc,metaspace   ] GC(1655) Metaspace: 29112K(29504K)->29112K(29504K) NonClass: 24223K(24384K)->24223K(24384K) Class: 4889K(5120K)->4889K(5120K)
[6010.854s][info][gc             ] GC(1655) Pause Young (Allocation Failure) 7166M->4839M(7271M) 102.226ms
[6010.854s][info][gc,cpu         ] GC(1655) User=0.57s Sys=0.04s Real=0.10s
..[6012.699s][info][gc,start       ] GC(1656) Pause Young (Allocation Failure)
[6012.804s][info][gc,heap        ] GC(1656) PSYoungGen: 2625972K(2636800K)->146120K(2635776K) Eden: 2478592K(2478592K)->0K(2480128K) From: 147380K(158208K)->146120K(155648K)
[6012.804s][info][gc,heap        ] GC(1656) ParOldGen: 4808207K(4808704K)->4901695K(4901888K)
[6012.804s][info][gc,metaspace   ] GC(1656) Metaspace: 29112K(29504K)->29112K(29504K) NonClass: 24223K(24384K)->24223K(24384K) Class: 4889K(5120K)->4889K(5120K)
[6012.804s][info][gc             ] GC(1656) Pause Young (Allocation Failure) 7259M->4929M(7361M) 104.758ms
[6012.804s][info][gc,cpu         ] GC(1656) User=0.60s Sys=0.03s Real=0.11s
..[6014.677s][info][gc,start       ] GC(1657) Pause Young (Allocation Failure)
[6014.781s][info][gc,heap        ] GC(1657) PSYoungGen: 2626248K(2635776K)->146500K(2636800K) Eden: 2480128K(2480128K)->0K(2480128K) From: 146120K(155648K)->146500K(156672K)
[6014.781s][info][gc,heap        ] GC(1657) ParOldGen: 4901695K(4901888K)->4994279K(4994560K)
[6014.781s][info][gc,metaspace   ] GC(1657) Metaspace: 29112K(29504K)->29112K(29504K) NonClass: 24223K(24384K)->24223K(24384K) Class: 4889K(5120K)->4889K(5120K)
[6014.781s][info][gc             ] GC(1657) Pause Young (Allocation Failure) 7351M->5020M(7452M) 104.278ms
[6014.781s][info][gc,cpu         ] GC(1657) User=0.59s Sys=0.03s Real=0.11s
..[6016.727s][info][gc,start       ] GC(1658) Pause Young (Allocation Failure)
[6016.830s][info][gc,heap        ] GC(1658) PSYoungGen: 2626628K(2636800K)->146868K(2638336K) Eden: 2480128K(2480128K)->0K(2483712K) From: 146500K(156672K)->146868K(154624K)
[6016.830s][info][gc,heap        ] GC(1658) ParOldGen: 4994279K(4994560K)->5083567K(5083648K)
[6016.830s][info][gc,metaspace   ] GC(1658) Metaspace: 29112K(29504K)->29112K(29504K) NonClass: 24223K(24384K)->24223K(24384K) Class: 4889K(5120K)->4889K(5120K)
[6016.830s][info][gc             ] GC(1658) Pause Young (Allocation Failure) 7442M->5107M(7541M) 102.788ms
[6016.830s][info][gc,cpu         ] GC(1658) User=0.58s Sys=0.02s Real=0.11s
.[6018.584s][info][gc,start       ] GC(1659) Pause Young (Allocation Failure)
[6018.684s][info][gc,heap        ] GC(1659) PSYoungGen: 2630580K(2638336K)->137696K(2638848K) Eden: 2483712K(2483712K)->0K(2483712K) From: 146868K(154624K)->137696K(155136K)
[6018.684s][info][gc,heap        ] GC(1659) ParOldGen: 5083567K(5083648K)->5177223K(5177344K)
[6018.684s][info][gc,metaspace   ] GC(1659) Metaspace: 29112K(29504K)->29112K(29504K) NonClass: 24223K(24384K)->24223K(24384K) Class: 4889K(5120K)->4889K(5120K)
[6018.684s][info][gc             ] GC(1659) Pause Young (Allocation Failure) 7533M->5190M(7633M) 100.781ms
[6018.684s][info][gc,cpu         ] GC(1659) User=0.56s Sys=0.02s Real=0.10s
..[6020.495s][info][gc,start       ] GC(1660) Pause Young (Allocation Failure)
[6020.601s][info][gc,heap        ] GC(1660) PSYoungGen: 2621408K(2638848K)->154272K(2635264K) Eden: 2483712K(2483712K)->0K(2479616K) From: 137696K(155136K)->154272K(155648K)
[6020.601s][info][gc,heap        ] GC(1660) ParOldGen: 5177223K(5177344K)->5265943K(5266432K)
[6020.601s][info][gc,metaspace   ] GC(1660) Metaspace: 29112K(29504K)->29112K(29504K) NonClass: 24223K(24384K)->24223K(24384K) Class: 4889K(5120K)->4889K(5120K)
[6020.601s][info][gc             ] GC(1660) Pause Young (Allocation Failure) 7615M->5293M(7716M) 105.296ms
[6020.601s][info][gc,cpu         ] GC(1660) User=0.58s Sys=0.03s Real=0.11s
..[6022.324s][info][gc,start       ] GC(1661) Pause Young (Allocation Failure)
[6022.428s][info][gc,heap        ] GC(1661) PSYoungGen: 2633888K(2635264K)->146560K(2637824K) Eden: 2479616K(2479616K)->0K(2479616K) From: 154272K(155648K)->146560K(158208K)
[6022.428s][info][gc,heap        ] GC(1661) ParOldGen: 5265943K(5266432K)->5359047K(5359104K)
[6022.428s][info][gc,metaspace   ] GC(1661) Metaspace: 29112K(29504K)->29112K(29504K) NonClass: 24223K(24384K)->24223K(24384K) Class: 4889K(5120K)->4889K(5120K)
[6022.428s][info][gc             ] GC(1661) Pause Young (Allocation Failure) 7714M->5376M(7809M) 103.678ms
[6022.428s][info][gc,cpu         ] GC(1661) User=0.58s Sys=0.03s Real=0.10s
.|.[6024.218s][info][gc,start       ] GC(1662) Pause Young (Allocation Failure)
[6024.325s][info][gc,heap        ] GC(1662) PSYoungGen: 2626176K(2637824K)->148388K(2635776K) Eden: 2479616K(2479616K)->0K(2480640K) From: 146560K(158208K)->148388K(155136K)
[6024.325s][info][gc,heap        ] GC(1662) ParOldGen: 5359047K(5359104K)->5451279K(5451776K)
[6024.325s][info][gc,metaspace   ] GC(1662) Metaspace: 29112K(29504K)->29112K(29504K) NonClass: 24223K(24384K)->24223K(24384K) Class: 4889K(5120K)->4889K(5120K)
[6024.325s][info][gc             ] GC(1662) Pause Young (Allocation Failure) 7798M->5468M(7898M) 106.929ms
[6024.325s][info][gc,cpu         ] GC(1662) User=0.60s Sys=0.03s Real=0.11s
..[6026.186s][info][gc,start       ] GC(1663) Pause Young (Allocation Failure)
[6026.289s][info][gc,heap        ] GC(1663) PSYoungGen: 2629028K(2635776K)->146784K(2637312K) Eden: 2480640K(2480640K)->0K(2480640K) From: 148388K(155136K)->146784K(156672K)
[6026.289s][info][gc,heap        ] GC(1663) ParOldGen: 5451279K(5451776K)->5541439K(5541888K)
[6026.289s][info][gc,metaspace   ] GC(1663) Metaspace: 29112K(29504K)->29112K(29504K) NonClass: 24223K(24384K)->24223K(24384K) Class: 4889K(5120K)->4889K(5120K)
[6026.289s][info][gc             ] GC(1663) Pause Young (Allocation Failure) 7890M->5554M(7987M) 103.291ms
[6026.289s][info][gc,cpu         ] GC(1663) User=0.59s Sys=0.02s Real=0.10s
..[6028.151s][info][gc,start       ] GC(1664) Pause Full (Allocation Failure)
[6028.151s][info][gc,phases,start] GC(1664) Marking Phase
[6028.445s][info][gc,phases      ] GC(1664) Marking Phase 294.212ms
[6028.445s][info][gc,phases,start] GC(1664) Summary Phase
[6028.445s][info][gc,phases      ] GC(1664) Summary Phase 0.091ms
[6028.445s][info][gc,phases,start] GC(1664) Forward
[6028.570s][info][gc,phases      ] GC(1664) Forward 125.169ms
[6028.570s][info][gc,phases,start] GC(1664) Adjust Pointers
[6028.770s][info][gc,phases      ] GC(1664) Adjust Pointers 199.280ms
[6028.770s][info][gc,phases,start] GC(1664) Compaction Phase
[6028.899s][info][gc,phases      ] GC(1664) Compaction Phase 129.017ms
[6028.901s][info][gc,phases,start] GC(1664) Post Compact
[6028.907s][info][gc,phases      ] GC(1664) Post Compact 6.775ms
[6029.035s][info][gc,heap        ] GC(1664) PSYoungGen: 2627424K(2637312K)->0K(2638848K) Eden: 2480640K(2480640K)->0K(2483200K) From: 146784K(156672K)->0K(155648K)
[6029.035s][info][gc,heap        ] GC(1664) ParOldGen: 5541439K(5541888K)->1423370K(1715200K)
[6029.035s][info][gc,metaspace   ] GC(1664) Metaspace: 29112K(29504K)->29112K(29504K) NonClass: 24223K(24384K)->24223K(24384K) Class: 4889K(5120K)->4889K(5120K)
[6029.035s][info][gc             ] GC(1664) Pause Full (Allocation Failure) 7977M->1390M(4252M) 884.454ms
[6029.035s][info][gc,cpu         ] GC(1664) User=4.08s Sys=0.12s Real=0.88s
..[6030.431s][info][gc,start       ] GC(1665) Pause Young (Allocation Failure)
[6030.504s][info][gc,heap        ] GC(1665) PSYoungGen: 2483200K(2638848K)->156144K(2639360K) Eden: 2483200K(2483200K)->0K(2483200K) From: 0K(155648K)->156144K(156160K)
[6030.504s][info][gc,heap        ] GC(1665) ParOldGen: 1423370K(1715200K)->1426666K(1715200K)
[6030.504s][info][gc,metaspace   ] GC(1665) Metaspace: 29112K(29504K)->29112K(29504K) NonClass: 24223K(24384K)->24223K(24384K) Class: 4889K(5120K)->4889K(5120K)
[6030.504s][info][gc             ] GC(1665) Pause Young (Allocation Failure) 3815M->1545M(4252M) 72.412ms
[6030.504s][info][gc,cpu         ] GC(1665) User=0.43s Sys=0.00s Real=0.07s
.[6032.038s][info][gc,start       ] GC(1666) Pause Young (Allocation Failure)
[6032.136s][info][gc,heap        ] GC(1666) PSYoungGen: 2639344K(2639360K)->145680K(2634240K) Eden: 2483200K(2483200K)->0K(2477568K) From: 156144K(156160K)->145680K(156672K)
[6032.136s][info][gc,heap        ] GC(1666) ParOldGen: 1426666K(1715200K)->1523386K(1715200K)
[6032.136s][info][gc,metaspace   ] GC(1666) Metaspace: 29112K(29504K)->29112K(29504K) NonClass: 24223K(24384K)->24223K(24384K) Class: 4889K(5120K)->4889K(5120K)
[6032.136s][info][gc             ] GC(1666) Pause Young (Allocation Failure) 3970M->1629M(4247M) 98.203ms
[6032.136s][info][gc,cpu         ] GC(1666) User=0.59s Sys=0.00s Real=0.10s
..[6034.018s][info][gc,start       ] GC(1667) Pause Young (Allocation Failure)
[6034.109s][info][gc,heap        ] GC(1667) PSYoungGen: 2623248K(2634240K)->140512K(2636800K) Eden: 2477568K(2477568K)->0K(2477568K) From: 145680K(156672K)->140512K(159232K)
[6034.109s][info][gc,heap        ] GC(1667) ParOldGen: 1523386K(1715200K)->1614378K(1715200K)
[6034.109s][info][gc,metaspace   ] GC(1667) Metaspace: 29112K(29504K)->29112K(29504K) NonClass: 24223K(24384K)->24223K(24384K) Class: 4889K(5120K)->4889K(5120K)
[6034.109s][info][gc             ] GC(1667) Pause Young (Allocation Failure) 4049M->1713M(4250M) 91.372ms
[6034.110s][info][gc,cpu         ] GC(1667) User=0.55s Sys=0.00s Real=0.10s
..[6035.918s][info][gc,start       ] GC(1668) Pause Young (Allocation Failure)
[6036.010s][info][gc,heap        ] GC(1668) PSYoungGen: 2618080K(2636800K)->142368K(2635776K) Eden: 2477568K(2477568K)->0K(2477568K) From: 140512K(159232K)->142368K(158208K)
[6036.010s][info][gc,heap        ] GC(1668) ParOldGen: 1614378K(1715200K)->1705330K(1715200K)
[6036.010s][info][gc,metaspace   ] GC(1668) Metaspace: 29112K(29504K)->29112K(29504K) NonClass: 24223K(24384K)->24223K(24384K) Class: 4889K(5120K)->4889K(5120K)
[6036.010s][info][gc             ] GC(1668) Pause Young (Allocation Failure) 4133M->1804M(4249M) 92.239ms
[6036.010s][info][gc,cpu         ] GC(1668) User=0.55s Sys=0.00s Real=0.10s
..[6037.876s][info][gc,start       ] GC(1669) Pause Young (Allocation Failure)
[6037.975s][info][gc,heap        ] GC(1669) PSYoungGen: 2619936K(2635776K)->146560K(2636288K) Eden: 2477568K(2477568K)->0K(2477568K) From: 142368K(158208K)->146560K(158720K)
[6037.975s][info][gc,heap        ] GC(1669) ParOldGen: 1705330K(1715200K)->1797130K(1797632K)
[6037.975s][info][gc,metaspace   ] GC(1669) Metaspace: 29112K(29504K)->29112K(29504K) NonClass: 24223K(24384K)->24223K(24384K) Class: 4889K(5120K)->4889K(5120K)
[6037.975s][info][gc             ] GC(1669) Pause Young (Allocation Failure) 4223M->1898M(4330M) 98.456ms
[6037.975s][info][gc,cpu         ] GC(1669) User=0.56s Sys=0.04s Real=0.10s
..[6039.884s][info][gc,start       ] GC(1670) Pause Young (Allocation Failure)
[6039.980s][info][gc,heap        ] GC(1670) PSYoungGen: 2624128K(2636288K)->141824K(2636800K) Eden: 2477568K(2477568K)->0K(2479616K) From: 146560K(158720K)->141824K(157184K)
[6039.980s][info][gc,heap        ] GC(1670) ParOldGen: 1797130K(1797632K)->1888682K(1888768K)
[6039.980s][info][gc,metaspace   ] GC(1670) Metaspace: 29112K(29504K)->29112K(29504K) NonClass: 24223K(24384K)->24223K(24384K) Class: 4889K(5120K)->4889K(5120K)
[6039.980s][info][gc             ] GC(1670) Pause Young (Allocation Failure) 4317M->1982M(4419M) 95.946ms
[6039.980s][info][gc,cpu         ] GC(1670) User=0.54s Sys=0.03s Real=0.10s
..[6041.809s][info][gc,start       ] GC(1671) Pause Young (Allocation Failure)
[6041.912s][info][gc,heap        ] GC(1671) PSYoungGen: 2621440K(2636800K)->149109K(2636800K) Eden: 2479616K(2479616K)->0K(2479616K) From: 141824K(157184K)->149109K(157184K)
[6041.912s][info][gc,heap        ] GC(1671) ParOldGen: 1888682K(1888768K)->1981738K(1981952K)
[6041.912s][info][gc,metaspace   ] GC(1671) Metaspace: 29112K(29504K)->29112K(29504K) NonClass: 24223K(24384K)->24223K(24384K) Class: 4889K(5120K)->4889K(5120K)
[6041.912s][info][gc             ] GC(1671) Pause Young (Allocation Failure) 4404M->2080M(4510M) 102.665ms
[6041.912s][info][gc,cpu         ] GC(1671) User=0.58s Sys=0.03s Real=0.10s
..[6043.807s][info][gc,start       ] GC(1672) Pause Young (Allocation Failure)
[6043.913s][info][gc,heap        ] GC(1672) PSYoungGen: 2628725K(2636800K)->156960K(2632704K) Eden: 2479616K(2479616K)->0K(2475520K) From: 149109K(157184K)->156960K(157184K)
[6043.913s][info][gc,heap        ] GC(1672) ParOldGen: 1981738K(1981952K)->2072930K(2073088K)
[6043.913s][info][gc,metaspace   ] GC(1672) Metaspace: 29112K(29504K)->29112K(29504K) NonClass: 24223K(24384K)->24223K(24384K) Class: 4889K(5120K)->4889K(5120K)
[6043.913s][info][gc             ] GC(1672) Pause Young (Allocation Failure) 4502M->2177M(4595M) 105.655ms
[6043.913s][info][gc,cpu         ] GC(1672) User=0.60s Sys=0.03s Real=0.11s
..[6045.782s][info][gc,start       ] GC(1673) Pause Young (Allocation Failure)
[6045.880s][info][gc,heap        ] GC(1673) PSYoungGen: 2632480K(2632704K)->147488K(2635776K) Eden: 2475520K(2475520K)->0K(2475520K) From: 156960K(157184K)->147488K(160256K)
[6045.880s][info][gc,heap        ] GC(1673) ParOldGen: 2072930K(2073088K)->2164274K(2164736K)
[6045.880s][info][gc,metaspace   ] GC(1673) Metaspace: 29112K(29504K)->29112K(29504K) NonClass: 24223K(24384K)->24223K(24384K) Class: 4889K(5120K)->4889K(5120K)
[6045.880s][info][gc             ] GC(1673) Pause Young (Allocation Failure) 4595M->2257M(4688M) 98.639ms
[6045.880s][info][gc,cpu         ] GC(1673) User=0.57s Sys=0.02s Real=0.10s
..[6047.602s][info][gc,start       ] GC(1674) Pause Young (Allocation Failure)
[6047.699s][info][gc,heap        ] GC(1674) PSYoungGen: 2623008K(2635776K)->138144K(2634752K) Eden: 2475520K(2475520K)->0K(2476544K) From: 147488K(160256K)->138144K(158208K)
[6047.699s][info][gc,heap        ] GC(1674) ParOldGen: 2164274K(2164736K)->2257410K(2257920K)
[6047.699s][info][gc,metaspace   ] GC(1674) Metaspace: 29112K(29504K)->29112K(29504K) NonClass: 24223K(24384K)->24223K(24384K) Class: 4889K(5120K)->4889K(5120K)
[6047.699s][info][gc             ] GC(1674) Pause Young (Allocation Failure) 4675M->2339M(4778M) 96.533ms
[6047.699s][info][gc,cpu         ] GC(1674) User=0.54s Sys=0.03s Real=0.09s
..[6049.554s][info][gc,start       ] GC(1675) Pause Young (Allocation Failure)
[6049.651s][info][gc,heap        ] GC(1675) PSYoungGen: 2614688K(2634752K)->137328K(2635776K) Eden: 2476544K(2476544K)->0K(2476544K) From: 138144K(158208K)->137328K(159232K)
[6049.651s][info][gc,heap        ] GC(1675) ParOldGen: 2257410K(2257920K)->2349498K(2349568K)
[6049.651s][info][gc,metaspace   ] GC(1675) Metaspace: 29112K(29504K)->29112K(29504K) NonClass: 24223K(24384K)->24223K(24384K) Class: 4889K(5120K)->4889K(5120K)
[6049.651s][info][gc             ] GC(1675) Pause Young (Allocation Failure) 4757M->2428M(4868M) 97.224ms
[6049.651s][info][gc,cpu         ] GC(1675) User=0.55s Sys=0.03s Real=0.10s
..[6051.513s][info][gc,start       ] GC(1676) Pause Young (Allocation Failure)
[6051.614s][info][gc,heap        ] GC(1676) PSYoungGen: 2613872K(2635776K)->149668K(2636288K) Eden: 2476544K(2476544K)->0K(2476544K) From: 137328K(159232K)->149668K(159744K)
[6051.614s][info][gc,heap        ] GC(1676) ParOldGen: 2349498K(2349568K)->2440306K(2440704K)
[6051.614s][info][gc,metaspace   ] GC(1676) Metaspace: 29112K(29504K)->29112K(29504K) NonClass: 24223K(24384K)->24223K(24384K) Class: 4889K(5120K)->4889K(5120K)
[6051.614s][info][gc             ] GC(1676) Pause Young (Allocation Failure) 4847M->2529M(4958M) 101.139ms
[6051.614s][info][gc,cpu         ] GC(1676) User=0.58s Sys=0.02s Real=0.10s
.[6053.399s][info][gc,start       ] GC(1677) Pause Young (Allocation Failure)
[6053.504s][info][gc,heap        ] GC(1677) PSYoungGen: 2626212K(2636288K)->157136K(2633728K) Eden: 2476544K(2476544K)->0K(2476544K) From: 149668K(159744K)->157136K(157184K)
[6053.504s][info][gc,heap        ] GC(1677) ParOldGen: 2440306K(2440704K)->2530314K(2530816K)
[6053.504s][info][gc,metaspace   ] GC(1677) Metaspace: 29112K(29504K)->29112K(29504K) NonClass: 24223K(24384K)->24223K(24384K) Class: 4889K(5120K)->4889K(5120K)
[6053.504s][info][gc             ] GC(1677) Pause Young (Allocation Failure) 4947M->2624M(5043M) 104.101ms
[6053.504s][info][gc,cpu         ] GC(1677) User=0.60s Sys=0.02s Real=0.10s
..[6055.387s][info][gc,start       ] GC(1678) Pause Young (Allocation Failure)
[6055.490s][info][gc,heap        ] GC(1678) PSYoungGen: 2633680K(2633728K)->156154K(2629632K) Eden: 2476544K(2476544K)->0K(2467328K) From: 157136K(157184K)->156154K(162304K)
[6055.490s][info][gc,heap        ] GC(1678) ParOldGen: 2530314K(2530816K)->2623506K(2624000K)
[6055.490s][info][gc,metaspace   ] GC(1678) Metaspace: 29112K(29504K)->29112K(29504K) NonClass: 24223K(24384K)->24223K(24384K) Class: 4889K(5120K)->4889K(5120K)
[6055.490s][info][gc             ] GC(1678) Pause Young (Allocation Failure) 5042M->2714M(5130M) 103.612ms
[6055.490s][info][gc,cpu         ] GC(1678) User=0.58s Sys=0.03s Real=0.11s
..[6057.293s][info][gc,start       ] GC(1679) Pause Young (Allocation Failure)
[6057.397s][info][gc,heap        ] GC(1679) PSYoungGen: 2623482K(2629632K)->151931K(2631680K) Eden: 2467328K(2467328K)->0K(2467328K) From: 156154K(162304K)->151931K(164352K)
[6057.397s][info][gc,heap        ] GC(1679) ParOldGen: 2623506K(2624000K)->2715866K(2716160K)
[6057.397s][info][gc,metaspace   ] GC(1679) Metaspace: 29112K(29504K)->29112K(29504K) NonClass: 24223K(24384K)->24223K(24384K) Class: 4889K(5120K)->4889K(5120K)
[6057.397s][info][gc             ] GC(1679) Pause Young (Allocation Failure) 5124M->2800M(5222M) 103.824ms
[6057.397s][info][gc,cpu         ] GC(1679) User=0.59s Sys=0.02s Real=0.10s
..[6059.209s][info][gc,start       ] GC(1680) Pause Young (Allocation Failure)
[6059.312s][info][gc,heap        ] GC(1680) PSYoungGen: 2619259K(2631680K)->146098K(2629632K) Eden: 2467328K(2467328K)->0K(2467328K) From: 151931K(164352K)->146098K(162304K)
[6059.312s][info][gc,heap        ] GC(1680) ParOldGen: 2715866K(2716160K)->2809722K(2809856K)
[6059.312s][info][gc,metaspace   ] GC(1680) Metaspace: 29112K(29504K)->29112K(29504K) NonClass: 24223K(24384K)->24223K(24384K) Class: 4889K(5120K)->4889K(5120K)
[6059.312s][info][gc             ] GC(1680) Pause Young (Allocation Failure) 5210M->2886M(5312M) 102.564ms
[6059.312s][info][gc,cpu         ] GC(1680) User=0.58s Sys=0.03s Real=0.11s
..[6061.226s][info][gc,start       ] GC(1681) Pause Young (Allocation Failure)
[6061.326s][info][gc,heap        ] GC(1681) PSYoungGen: 2613426K(2629632K)->148964K(2630656K) Eden: 2467328K(2467328K)->0K(2467328K) From: 146098K(162304K)->148964K(163328K)
[6061.326s][info][gc,heap        ] GC(1681) ParOldGen: 2809722K(2809856K)->2899834K(2899968K)
[6061.326s][info][gc,metaspace   ] GC(1681) Metaspace: 29112K(29504K)->29112K(29504K) NonClass: 24223K(24384K)->24223K(24384K) Class: 4889K(5120K)->4889K(5120K)
[6061.326s][info][gc             ] GC(1681) Pause Young (Allocation Failure) 5296M->2977M(5401M) 100.349ms
[6061.326s][info][gc,cpu         ] GC(1681) User=0.57s Sys=0.02s Real=0.10s
..[6063.215s][info][gc,start       ] GC(1682) Pause Young (Allocation Failure)
[6063.319s][info][gc,heap        ] GC(1682) PSYoungGen: 2616292K(2630656K)->151431K(2632192K) Eden: 2467328K(2467328K)->0K(2470400K) From: 148964K(163328K)->151431K(161792K)
[6063.319s][info][gc,heap        ] GC(1682) ParOldGen: 2899834K(2899968K)->2991290K(2991616K)
[6063.319s][info][gc,metaspace   ] GC(1682) Metaspace: 29112K(29504K)->29112K(29504K) NonClass: 24223K(24384K)->24223K(24384K) Class: 4889K(5120K)->4889K(5120K)
[6063.319s][info][gc             ] GC(1682) Pause Young (Allocation Failure) 5386M->3069M(5492M) 103.819ms
[6063.319s][info][gc,cpu         ] GC(1682) User=0.59s Sys=0.02s Real=0.10s
..[6065.124s][info][gc,start       ] GC(1683) Pause Young (Allocation Failure)
[6065.223s][info][gc,heap        ] GC(1683) PSYoungGen: 2621831K(2632192K)->144096K(2632192K) Eden: 2470400K(2470400K)->0K(2470400K) From: 151431K(161792K)->144096K(161792K)
[6065.223s][info][gc,heap        ] GC(1683) ParOldGen: 2991290K(2991616K)->3082866K(3083264K)
[6065.223s][info][gc,metaspace   ] GC(1683) Metaspace: 29112K(29504K)->29112K(29504K) NonClass: 24223K(24384K)->24223K(24384K) Class: 4889K(5120K)->4889K(5120K)
[6065.223s][info][gc             ] GC(1683) Pause Young (Allocation Failure) 5481M->3151M(5581M) 99.284ms
[6065.223s][info][gc,cpu         ] GC(1683) User=0.56s Sys=0.03s Real=0.10s
..[6067.041s][info][gc,start       ] GC(1684) Pause Young (Allocation Failure)
[6067.143s][info][gc,heap        ] GC(1684) PSYoungGen: 2614496K(2632192K)->148149K(2631680K) Eden: 2470400K(2470400K)->0K(2472960K) From: 144096K(161792K)->148149K(158720K)
[6067.143s][info][gc,heap        ] GC(1684) ParOldGen: 3082866K(3083264K)->3174666K(3174912K)
[6067.143s][info][gc,metaspace   ] GC(1684) Metaspace: 29112K(29504K)->29112K(29504K) NonClass: 24223K(24384K)->24223K(24384K) Class: 4889K(5120K)->4889K(5120K)
[6067.143s][info][gc             ] GC(1684) Pause Young (Allocation Failure) 5563M->3244M(5670M) 101.871ms
[6067.143s][info][gc,cpu         ] GC(1684) User=0.57s Sys=0.04s Real=0.10s
..[6068.991s][info][gc,start       ] GC(1685) Pause Young (Allocation Failure)
[6069.096s][info][gc,heap        ] GC(1685) PSYoungGen: 2621109K(2631680K)->153290K(2632704K) Eden: 2472960K(2472960K)->0K(2472960K) From: 148149K(158720K)->153290K(159744K)
[6069.096s][info][gc,heap        ] GC(1685) ParOldGen: 3174666K(3174912K)->3266706K(3267072K)
[6069.096s][info][gc,metaspace   ] GC(1685) Metaspace: 29112K(29504K)->29112K(29504K) NonClass: 24223K(24384K)->24223K(24384K) Class: 4889K(5120K)->4889K(5120K)
[6069.096s][info][gc             ] GC(1685) Pause Young (Allocation Failure) 5659M->3339M(5761M) 104.371ms
[6069.096s][info][gc,cpu         ] GC(1685) User=0.59s Sys=0.03s Real=0.10s
..[6070.977s][info][gc,start       ] GC(1686) Pause Young (Allocation Failure)
[6071.081s][info][gc,heap        ] GC(1686) PSYoungGen: 2626250K(2632704K)->151637K(2635264K) Eden: 2472960K(2472960K)->0K(2474496K) From: 153290K(159744K)->151637K(160768K)
[6071.081s][info][gc,heap        ] GC(1686) ParOldGen: 3266706K(3267072K)->3357962K(3358208K)
[6071.081s][info][gc,metaspace   ] GC(1686) Metaspace: 29112K(29504K)->29112K(29504K) NonClass: 24223K(24384K)->24223K(24384K) Class: 4889K(5120K)->4889K(5120K)
[6071.081s][info][gc             ] GC(1686) Pause Young (Allocation Failure) 5754M->3427M(5853M) 103.568ms
[6071.081s][info][gc,cpu         ] GC(1686) User=0.59s Sys=0.03s Real=0.11s
..[6072.868s][info][gc,start       ] GC(1687) Pause Young (Allocation Failure)
[6072.965s][info][gc,heap        ] GC(1687) PSYoungGen: 2626133K(2635264K)->142336K(2635264K) Eden: 2474496K(2474496K)->0K(2474496K) From: 151637K(160768K)->142336K(160768K)
[6072.966s][info][gc,heap        ] GC(1687) ParOldGen: 3357962K(3358208K)->3448634K(3448832K)
[6072.966s][info][gc,metaspace   ] GC(1687) Metaspace: 29112K(29504K)->29112K(29504K) NonClass: 24223K(24384K)->24223K(24384K) Class: 4889K(5120K)->4889K(5120K)
[6072.966s][info][gc             ] GC(1687) Pause Young (Allocation Failure) 5843M->3506M(5941M) 97.902ms
[6072.966s][info][gc,cpu         ] GC(1687) User=0.56s Sys=0.02s Real=0.10s
..[6074.723s][info][gc,start       ] GC(1688) Pause Young (Allocation Failure)
[6074.825s][info][gc,heap        ] GC(1688) PSYoungGen: 2616832K(2635264K)->145221K(2633216K) Eden: 2474496K(2474496K)->0K(2474496K) From: 142336K(160768K)->145221K(158720K)
[6074.825s][info][gc,heap        ] GC(1688) ParOldGen: 3448634K(3448832K)->3541690K(3542016K)
[6074.825s][info][gc,metaspace   ] GC(1688) Metaspace: 29112K(29504K)->29112K(29504K) NonClass: 24223K(24384K)->24223K(24384K) Class: 4889K(5120K)->4889K(5120K)
[6074.825s][info][gc             ] GC(1688) Pause Young (Allocation Failure) 5923M->3600M(6030M) 101.708ms
[6074.825s][info][gc,cpu         ] GC(1688) User=0.57s Sys=0.04s Real=0.10s
..[6076.704s][info][gc,start       ] GC(1689) Pause Young (Allocation Failure)
[6076.802s][info][gc,heap        ] GC(1689) PSYoungGen: 2619717K(2633216K)->138656K(2634240K) Eden: 2474496K(2474496K)->0K(2474496K) From: 145221K(158720K)->138656K(159744K)
[6076.802s][info][gc,heap        ] GC(1689) ParOldGen: 3541690K(3542016K)->3632314K(3632640K)
[6076.802s][info][gc,metaspace   ] GC(1689) Metaspace: 29112K(29504K)->29112K(29504K) NonClass: 24223K(24384K)->24223K(24384K) Class: 4889K(5120K)->4889K(5120K)
[6076.802s][info][gc             ] GC(1689) Pause Young (Allocation Failure) 6016M->3682M(6120M) 97.509ms
[6076.802s][info][gc,cpu         ] GC(1689) User=0.55s Sys=0.03s Real=0.10s
.[6078.666s][info][gc,start       ] GC(1690) Pause Young (Allocation Failure)
[6078.772s][info][gc,heap        ] GC(1690) PSYoungGen: 2613152K(2634240K)->153289K(2633728K) Eden: 2474496K(2474496K)->0K(2473472K) From: 138656K(159744K)->153289K(160256K)
[6078.772s][info][gc,heap        ] GC(1690) ParOldGen: 3632314K(3632640K)->3724514K(3724800K)
[6078.772s][info][gc,metaspace   ] GC(1690) Metaspace: 29112K(29504K)->29112K(29504K) NonClass: 24223K(24384K)->24223K(24384K) Class: 4889K(5120K)->4889K(5120K)
[6078.772s][info][gc             ] GC(1690) Pause Young (Allocation Failure) 6099M->3786M(6209M) 105.258ms
[6078.772s][info][gc,cpu         ] GC(1690) User=0.61s Sys=0.02s Real=0.11s
..[6080.646s][info][gc,start       ] GC(1691) Pause Young (Allocation Failure)
[6080.747s][info][gc,heap        ] GC(1691) PSYoungGen: 2626761K(2633728K)->139509K(2634752K) Eden: 2473472K(2473472K)->0K(2473472K) From: 153289K(160256K)->139509K(161280K)
[6080.747s][info][gc,heap        ] GC(1691) ParOldGen: 3724514K(3724800K)->3817282K(3817472K)
[6080.747s][info][gc,metaspace   ] GC(1691) Metaspace: 29112K(29504K)->29112K(29504K) NonClass: 24223K(24384K)->24223K(24384K) Class: 4889K(5120K)->4889K(5120K)
[6080.747s][info][gc             ] GC(1691) Pause Young (Allocation Failure) 6202M->3864M(6301M) 101.017ms
[6080.748s][info][gc,cpu         ] GC(1691) User=0.57s Sys=0.03s Real=0.10s
..[6082.527s][info][gc,start       ] GC(1692) Pause Young (Allocation Failure)
[6082.630s][info][gc,heap        ] GC(1692) PSYoungGen: 2612981K(2634752K)->145112K(2632704K) Eden: 2473472K(2473472K)->0K(2473472K) From: 139509K(161280K)->145112K(159232K)
[6082.630s][info][gc,heap        ] GC(1692) ParOldGen: 3817282K(3817472K)->3908202K(3908608K)
[6082.630s][info][gc,metaspace   ] GC(1692) Metaspace: 29112K(29504K)->29112K(29504K) NonClass: 24223K(24384K)->24223K(24384K) Class: 4889K(5120K)->4889K(5120K)
[6082.630s][info][gc             ] GC(1692) Pause Young (Allocation Failure) 6279M->3958M(6388M) 102.912ms
[6082.630s][info][gc,cpu         ] GC(1692) User=0.58s Sys=0.03s Real=0.11s
. (rIR:aIR:PR = 10378:10377:10377) (tPR = 154143) [OK] 
  6082s: Performance info:
         Transaction,    Success,    Partial,     Failed,   Receipts, AvgBarcode, 
             Overall,     625407,          0,          0,     594144,      59.48, 
         Response times:
             Request,    Success,    Partial,     Failed,   SkipFail,     Probes,    Samples,      min,      p50,      p90,      p95,      p99,      max, 
       TotalPurchase,     594138,          0,          0,          0,     349302,     541762,      300,     7300,    76000,   134000,   371000,   980000,
     InStorePurchase,     312094,          0,          0,          0,     183345,     284239,      300,     7300,    76000,   136000,   370000,   980000,
      OnlinePurchase,     220641,          0,          0,          0,     128781,     199512,      300,     7400,    77000,   140000,   392000,   980000,
        InstPurchase,      61403,          0,          0,          0,      37176,      58011,      400,     6400,    72000,   114000,   370000,   620000,
          AssocOfCat,        628,          0,          0,          0,        514,        866,    23000,    46000,   122600,   179200,   352000,   542000,
      AssocOfProduct,       6122,          0,          0,          0,       3520,       5698,      500,     6300,    65000,   108000,   379000,   610000,
      BusinessReport,       1566,          0,          0,          0,       1347,       2309,    26000,    58000,   147000,   209000,   442700,   980000,
          CustBuyBeh,       6335,          0,          0,          0,       3464,       5642,      200,     7100,    73000,   114000,   368000,   680000,
       ProductReturn,      16611,          0,          0,          0,       9676,      15362,      100,     7900,    79000,   121000,   348000,   680000,

  6082s: (76%)   IR =  10516 .[6084.540s][info][gc,start       ] GC(1693) Pause Young (Allocation Failure)
[6084.646s][info][gc,heap        ] GC(1693) PSYoungGen: 2618584K(2632704K)->150814K(2633728K) Eden: 2473472K(2473472K)->0K(2473472K) From: 145112K(159232K)->150814K(160256K)
[6084.646s][info][gc,heap        ] GC(1693) ParOldGen: 3908202K(3908608K)->3998602K(3998720K)
[6084.646s][info][gc,metaspace   ] GC(1693) Metaspace: 29112K(29504K)->29112K(29504K) NonClass: 24223K(24384K)->24223K(24384K) Class: 4889K(5120K)->4889K(5120K)
[6084.646s][info][gc             ] GC(1693) Pause Young (Allocation Failure) 6373M->4052M(6477M) 105.726ms
[6084.646s][info][gc,cpu         ] GC(1693) User=0.59s Sys=0.03s Real=0.10s
..[6086.425s][info][gc,start       ] GC(1694) Pause Young (Allocation Failure)
[6086.527s][info][gc,heap        ] GC(1694) PSYoungGen: 2624286K(2633728K)->149504K(2635776K) Eden: 2473472K(2473472K)->0K(2475520K) From: 150814K(160256K)->149504K(160256K)
[6086.527s][info][gc,heap        ] GC(1694) ParOldGen: 3998602K(3998720K)->4090298K(4090368K)
[6086.527s][info][gc,metaspace   ] GC(1694) Metaspace: 29112K(29504K)->29112K(29504K) NonClass: 24223K(24384K)->24223K(24384K) Class: 4889K(5120K)->4889K(5120K)
[6086.527s][info][gc             ] GC(1694) Pause Young (Allocation Failure) 6467M->4140M(6568M) 102.359ms
[6086.527s][info][gc,cpu         ] GC(1694) User=0.58s Sys=0.03s Real=0.10s
..[6088.491s][info][gc,start       ] GC(1695) Pause Young (Allocation Failure)
[6088.596s][info][gc,heap        ] GC(1695) PSYoungGen: 2625024K(2635776K)->153008K(2628608K) Eden: 2475520K(2475520K)->0K(2475520K) From: 149504K(160256K)->153008K(153088K)
[6088.596s][info][gc,heap        ] GC(1695) ParOldGen: 4090298K(4090368K)->4181962K(4182016K)
[6088.596s][info][gc,metaspace   ] GC(1695) Metaspace: 29112K(29504K)->29112K(29504K) NonClass: 24223K(24384K)->24223K(24384K) Class: 4889K(5120K)->4889K(5120K)
[6088.596s][info][gc             ] GC(1695) Pause Young (Allocation Failure) 6557M->4233M(6651M) 104.755ms
[6088.596s][info][gc,cpu         ] GC(1695) User=0.60s Sys=0.03s Real=0.10s
..[6090.399s][info][gc,start       ] GC(1696) Pause Young (Allocation Failure)
[6090.506s][info][gc,heap        ] GC(1696) PSYoungGen: 2628528K(2628608K)->156548K(2631168K) Eden: 2475520K(2475520K)->0K(2470400K) From: 153008K(153088K)->156548K(160768K)
[6090.506s][info][gc,heap        ] GC(1696) ParOldGen: 4181962K(4182016K)->4273722K(4274176K)
[6090.506s][info][gc,metaspace   ] GC(1696) Metaspace: 29112K(29504K)->29112K(29504K) NonClass: 24223K(24384K)->24223K(24384K) Class: 4889K(5120K)->4889K(5120K)
[6090.506s][info][gc             ] GC(1696) Pause Young (Allocation Failure) 6650M->4326M(6743M) 107.227ms
[6090.506s][info][gc,cpu         ] GC(1696) User=0.61s Sys=0.02s Real=0.11s
..[6092.266s][info][gc,start       ] GC(1697) Pause Young (Allocation Failure)
[6092.369s][info][gc,heap        ] GC(1697) PSYoungGen: 2626948K(2631168K)->149376K(2633216K) Eden: 2470400K(2470400K)->0K(2470400K) From: 156548K(160768K)->149376K(162816K)
[6092.369s][info][gc,heap        ] GC(1697) ParOldGen: 4273722K(4274176K)->4364090K(4364288K)
[6092.369s][info][gc,metaspace   ] GC(1697) Metaspace: 29112K(29504K)->29112K(29504K) NonClass: 24223K(24384K)->24223K(24384K) Class: 4889K(5120K)->4889K(5120K)
[6092.369s][info][gc             ] GC(1697) Pause Young (Allocation Failure) 6738M->4407M(6833M) 102.212ms
[6092.369s][info][gc,cpu         ] GC(1697) User=0.58s Sys=0.03s Real=0.10s
..[6094.194s][info][gc,start       ] GC(1698) Pause Young (Allocation Failure)
[6094.295s][info][gc,heap        ] GC(1698) PSYoungGen: 2619776K(2633216K)->143808K(2631168K) Eden: 2470400K(2470400K)->0K(2471424K) From: 149376K(162816K)->143808K(159744K)
[6094.295s][info][gc,heap        ] GC(1698) ParOldGen: 4364090K(4364288K)->4455970K(4456448K)
[6094.295s][info][gc,metaspace   ] GC(1698) Metaspace: 29112K(29504K)->29112K(29504K) NonClass: 24223K(24384K)->24223K(24384K) Class: 4889K(5120K)->4889K(5120K)
[6094.295s][info][gc             ] GC(1698) Pause Young (Allocation Failure) 6820M->4491M(6921M) 100.242ms
[6094.295s][info][gc,cpu         ] GC(1698) User=0.56s Sys=0.04s Real=0.10s
..[6096.148s][info][gc,start       ] GC(1699) Pause Young (Allocation Failure)
[6096.251s][info][gc,heap        ] GC(1699) PSYoungGen: 2615232K(2631168K)->144772K(2632704K) Eden: 2471424K(2471424K)->0K(2471424K) From: 143808K(159744K)->144772K(161280K)
[6096.251s][info][gc,heap        ] GC(1699) ParOldGen: 4455970K(4456448K)->4548402K(4548608K)
[6096.251s][info][gc,metaspace   ] GC(1699) Metaspace: 29112K(29504K)->29112K(29504K) NonClass: 24223K(24384K)->24223K(24384K) Class: 4889K(5120K)->4889K(5120K)
[6096.251s][info][gc             ] GC(1699) Pause Young (Allocation Failure) 6905M->4583M(7013M) 102.594ms
[6096.251s][info][gc,cpu         ] GC(1699) User=0.57s Sys=0.04s Real=0.11s
.[6098.100s][info][gc,start       ] GC(1700) Pause Young (Allocation Failure)
[6098.204s][info][gc,heap        ] GC(1700) PSYoungGen: 2616196K(2632704K)->154534K(2633216K) Eden: 2471424K(2471424K)->0K(2472448K) From: 144772K(161280K)->154534K(160768K)
[6098.204s][info][gc,heap        ] GC(1700) ParOldGen: 4548402K(4548608K)->4637138K(4637184K)
[6098.204s][info][gc,metaspace   ] GC(1700) Metaspace: 29112K(29504K)->29112K(29504K) NonClass: 24223K(24384K)->24223K(24384K) Class: 4889K(5120K)->4889K(5120K)
[6098.205s][info][gc             ] GC(1700) Pause Young (Allocation Failure) 6996M->4679M(7100M) 104.389ms
[6098.205s][info][gc,cpu         ] GC(1700) User=0.60s Sys=0.03s Real=0.10s
..[6099.953s][info][gc,start       ] GC(1701) Pause Young (Allocation Failure)
[6100.054s][info][gc,heap        ] GC(1701) PSYoungGen: 2626982K(2633216K)->140960K(2634240K) Eden: 2472448K(2472448K)->0K(2472448K) From: 154534K(160768K)->140960K(161792K)
[6100.054s][info][gc,heap        ] GC(1701) ParOldGen: 4637138K(4637184K)->4730962K(4731392K)
[6100.054s][info][gc,metaspace   ] GC(1701) Metaspace: 29112K(29504K)->29112K(29504K) NonClass: 24223K(24384K)->24223K(24384K) Class: 4889K(5120K)->4889K(5120K)
[6100.054s][info][gc             ] GC(1701) Pause Young (Allocation Failure) 7093M->4757M(7193M) 100.720ms
[6100.054s][info][gc,cpu         ] GC(1701) User=0.57s Sys=0.03s Real=0.10s
..|[6101.823s][info][gc,start       ] GC(1702) Pause Young (Allocation Failure)
[6101.923s][info][gc,heap        ] GC(1702) PSYoungGen: 2613408K(2634240K)->142869K(2633216K) Eden: 2472448K(2472448K)->0K(2472448K) From: 140960K(161792K)->142869K(160768K)
[6101.923s][info][gc,heap        ] GC(1702) ParOldGen: 4730962K(4731392K)->4821794K(4822016K)
[6101.923s][info][gc,metaspace   ] GC(1702) Metaspace: 29112K(29504K)->29112K(29504K) NonClass: 24223K(24384K)->24223K(24384K) Class: 4889K(5120K)->4889K(5120K)
[6101.923s][info][gc             ] GC(1702) Pause Young (Allocation Failure) 7172M->4848M(7280M) 100.374ms
[6101.923s][info][gc,cpu         ] GC(1702) User=0.57s Sys=0.03s Real=0.10s
..[6103.683s][info][gc,start       ] GC(1703) Pause Young (Allocation Failure)
[6103.782s][info][gc,heap        ] GC(1703) PSYoungGen: 2615317K(2633216K)->143024K(2633728K) Eden: 2472448K(2472448K)->0K(2472448K) From: 142869K(160768K)->143024K(161280K)
[6103.782s][info][gc,heap        ] GC(1703) ParOldGen: 4821794K(4822016K)->4913514K(4913664K)
[6103.782s][info][gc,metaspace   ] GC(1703) Metaspace: 29112K(29504K)->29112K(29504K) NonClass: 24223K(24384K)->24223K(24384K) Class: 4889K(5120K)->4889K(5120K)
[6103.782s][info][gc             ] GC(1703) Pause Young (Allocation Failure) 7262M->4938M(7370M) 99.140ms
[6103.782s][info][gc,cpu         ] GC(1703) User=0.55s Sys=0.03s Real=0.10s
..[6105.698s][info][gc,start       ] GC(1704) Pause Young (Allocation Failure)
[6105.799s][info][gc,heap        ] GC(1704) PSYoungGen: 2615472K(2633728K)->140800K(2633728K) Eden: 2472448K(2472448K)->0K(2473984K) From: 143024K(161280K)->140800K(159744K)
[6105.799s][info][gc,heap        ] GC(1704) ParOldGen: 4913514K(4913664K)->5006226K(5006336K)
[6105.799s][info][gc,metaspace   ] GC(1704) Metaspace: 29112K(29504K)->29112K(29504K) NonClass: 24223K(24384K)->24223K(24384K) Class: 4889K(5120K)->4889K(5120K)
[6105.799s][info][gc             ] GC(1704) Pause Young (Allocation Failure) 7352M->5026M(7461M) 101.185ms
[6105.799s][info][gc,cpu         ] GC(1704) User=0.56s Sys=0.04s Real=0.11s
..[6107.630s][info][gc,start       ] GC(1705) Pause Young (Allocation Failure)
[6107.731s][info][gc,heap        ] GC(1705) PSYoungGen: 2614784K(2633728K)->138848K(2634240K) Eden: 2473984K(2473984K)->0K(2473984K) From: 140800K(159744K)->138848K(160256K)
[6107.731s][info][gc,heap        ] GC(1705) ParOldGen: 5006226K(5006336K)->5096914K(5096960K)
[6107.731s][info][gc,metaspace   ] GC(1705) Metaspace: 29112K(29504K)->29112K(29504K) NonClass: 24223K(24384K)->24223K(24384K) Class: 4889K(5120K)->4889K(5120K)
[6107.731s][info][gc             ] GC(1705) Pause Young (Allocation Failure) 7442M->5113M(7550M) 101.286ms
[6107.731s][info][gc,cpu         ] GC(1705) User=0.58s Sys=0.02s Real=0.10s
..[6109.527s][info][gc,start       ] GC(1706) Pause Young (Allocation Failure)
[6109.636s][info][gc,heap        ] GC(1706) PSYoungGen: 2612832K(2634240K)->160224K(2560000K) Eden: 2473984K(2473984K)->0K(2399744K) From: 138848K(160256K)->160224K(160256K)
[6109.636s][info][gc,heap        ] GC(1706) ParOldGen: 5096914K(5096960K)->5188810K(5189120K)
[6109.636s][info][gc,metaspace   ] GC(1706) Metaspace: 29112K(29504K)->29112K(29504K) NonClass: 24223K(24384K)->24223K(24384K) Class: 4889K(5120K)->4889K(5120K)
[6109.636s][info][gc             ] GC(1706) Pause Young (Allocation Failure) 7529M->5223M(7567M) 109.127ms
[6109.636s][info][gc,cpu         ] GC(1706) User=0.62s Sys=0.03s Real=0.11s
.[6111.274s][info][gc,start       ] GC(1707) Pause Young (Allocation Failure)
[6111.374s][info][gc,heap        ] GC(1707) PSYoungGen: 2559968K(2560000K)->141312K(2597888K) Eden: 2399744K(2399744K)->0K(2399744K) From: 160224K(160256K)->141312K(198144K)
[6111.374s][info][gc,heap        ] GC(1707) ParOldGen: 5188810K(5189120K)->5283994K(5284352K)
[6111.374s][info][gc,metaspace   ] GC(1707) Metaspace: 29112K(29504K)->29112K(29504K) NonClass: 24223K(24384K)->24223K(24384K) Class: 4889K(5120K)->4889K(5120K)
[6111.374s][info][gc             ] GC(1707) Pause Young (Allocation Failure) 7567M->5298M(7697M) 100.190ms
[6111.374s][info][gc,cpu         ] GC(1707) User=0.56s Sys=0.04s Real=0.10s
..[6113.132s][info][gc,start       ] GC(1708) Pause Young (Allocation Failure)
[6113.234s][info][gc,heap        ] GC(1708) PSYoungGen: 2541056K(2597888K)->143232K(2592256K) Eden: 2399744K(2399744K)->0K(2401280K) From: 141312K(198144K)->143232K(190976K)
[6113.234s][info][gc,heap        ] GC(1708) ParOldGen: 5283994K(5284352K)->5372802K(5372928K)
[6113.234s][info][gc,metaspace   ] GC(1708) Metaspace: 29112K(29504K)->29112K(29504K) NonClass: 24223K(24384K)->24223K(24384K) Class: 4889K(5120K)->4889K(5120K)
[6113.234s][info][gc             ] GC(1708) Pause Young (Allocation Failure) 7641M->5386M(7778M) 101.980ms
[6113.234s][info][gc,cpu         ] GC(1708) User=0.58s Sys=0.02s Real=0.10s
..[6115.003s][info][gc,start       ] GC(1709) Pause Young (Allocation Failure)
[6115.106s][info][gc,heap        ] GC(1709) PSYoungGen: 2544512K(2592256K)->145316K(2595840K) Eden: 2401280K(2401280K)->0K(2401280K) From: 143232K(190976K)->145316K(194560K)
[6115.107s][info][gc,heap        ] GC(1709) ParOldGen: 5372802K(5372928K)->5464458K(5464576K)
[6115.107s][info][gc,metaspace   ] GC(1709) Metaspace: 29112K(29504K)->29112K(29504K) NonClass: 24223K(24384K)->24223K(24384K) Class: 4889K(5120K)->4889K(5120K)
[6115.107s][info][gc             ] GC(1709) Pause Young (Allocation Failure) 7731M->5478M(7871M) 103.633ms
[6115.107s][info][gc,cpu         ] GC(1709) User=0.58s Sys=0.03s Real=0.10s
..[6116.854s][info][gc,start       ] GC(1710) Pause Young (Allocation Failure)
[6116.952s][info][gc,heap        ] GC(1710) PSYoungGen: 2546596K(2595840K)->132992K(2599936K) Eden: 2401280K(2401280K)->0K(2409984K) From: 145316K(194560K)->132992K(189952K)
[6116.952s][info][gc,heap        ] GC(1710) ParOldGen: 5464458K(5464576K)->5556522K(5556736K)
[6116.952s][info][gc,metaspace   ] GC(1710) Metaspace: 29112K(29504K)->29112K(29504K) NonClass: 24223K(24384K)->24223K(24384K) Class: 4889K(5120K)->4889K(5120K)
[6116.952s][info][gc             ] GC(1710) Pause Young (Allocation Failure) 7823M->5556M(7965M) 98.019ms
[6116.952s][info][gc,cpu         ] GC(1710) User=0.55s Sys=0.03s Real=0.10s
..[6118.644s][info][gc,start       ] GC(1711) Pause Full (Allocation Failure)
[6118.644s][info][gc,phases,start] GC(1711) Marking Phase
[6118.941s][info][gc,phases      ] GC(1711) Marking Phase 297.739ms
[6118.941s][info][gc,phases,start] GC(1711) Summary Phase
[6118.942s][info][gc,phases      ] GC(1711) Summary Phase 0.095ms
[6118.942s][info][gc,phases,start] GC(1711) Forward
[6119.079s][info][gc,phases      ] GC(1711) Forward 137.960ms
[6119.080s][info][gc,phases,start] GC(1711) Adjust Pointers
[6119.279s][info][gc,phases      ] GC(1711) Adjust Pointers 199.469ms
[6119.279s][info][gc,phases,start] GC(1711) Compaction Phase
[6119.407s][info][gc,phases      ] GC(1711) Compaction Phase 127.533ms
[6119.408s][info][gc,phases,start] GC(1711) Post Compact
[6119.415s][info][gc,phases      ] GC(1711) Post Compact 6.779ms
[6119.542s][info][gc,heap        ] GC(1711) PSYoungGen: 2542976K(2599936K)->0K(2600960K) Eden: 2409984K(2409984K)->0K(2409984K) From: 132992K(189952K)->0K(190976K)
[6119.542s][info][gc,heap        ] GC(1711) ParOldGen: 5556522K(5556736K)->1429372K(1725440K)
[6119.542s][info][gc,metaspace   ] GC(1711) Metaspace: 29112K(29504K)->29112K(29504K) NonClass: 24223K(24384K)->24223K(24384K) Class: 4889K(5120K)->4889K(5120K)
[6119.542s][info][gc             ] GC(1711) Pause Full (Allocation Failure) 7909M->1395M(4225M) 898.221ms
[6119.542s][info][gc,cpu         ] GC(1711) User=4.08s Sys=0.13s Real=0.90s
..[6120.956s][info][gc,start       ] GC(1712) Pause Young (Allocation Failure)
[6121.031s][info][gc,heap        ] GC(1712) PSYoungGen: 2409984K(2600960K)->161401K(2605056K) Eden: 2409984K(2409984K)->0K(2414080K) From: 0K(190976K)->161401K(190976K)
[6121.031s][info][gc,heap        ] GC(1712) ParOldGen: 1429372K(1725440K)->1429372K(1725440K)
[6121.031s][info][gc,metaspace   ] GC(1712) Metaspace: 29112K(29504K)->29112K(29504K) NonClass: 24223K(24384K)->24223K(24384K) Class: 4889K(5120K)->4889K(5120K)
[6121.031s][info][gc             ] GC(1712) Pause Young (Allocation Failure) 3749M->1553M(4229M) 75.025ms
[6121.031s][info][gc,cpu         ] GC(1712) User=0.44s Sys=0.00s Real=0.08s
.[6122.469s][info][gc,start       ] GC(1713) Pause Young (Allocation Failure)
[6122.566s][info][gc,heap        ] GC(1713) PSYoungGen: 2575481K(2605056K)->147712K(2562048K) Eden: 2414080K(2414080K)->0K(2414080K) From: 161401K(190976K)->147712K(147968K)
[6122.566s][info][gc,heap        ] GC(1713) ParOldGen: 1429372K(1725440K)->1524812K(1725440K)
[6122.566s][info][gc,metaspace   ] GC(1713) Metaspace: 29112K(29504K)->29112K(29504K) NonClass: 24223K(24384K)->24223K(24384K) Class: 4889K(5120K)->4889K(5120K)
[6122.566s][info][gc             ] GC(1713) Pause Young (Allocation Failure) 3910M->1633M(4187M) 96.369ms
[6122.566s][info][gc,cpu         ] GC(1713) User=0.57s Sys=0.00s Real=0.09s
..[6124.190s][info][gc,start       ] GC(1714) Pause Young (Allocation Failure)
[6124.289s][info][gc,heap        ] GC(1714) PSYoungGen: 2561792K(2562048K)->151306K(2605568K) Eden: 2414080K(2414080K)->0K(2417664K) From: 147712K(147968K)->151306K(187904K)
[6124.289s][info][gc,heap        ] GC(1714) ParOldGen: 1524812K(1725440K)->1617156K(1725440K)
[6124.289s][info][gc,metaspace   ] GC(1714) Metaspace: 29112K(29504K)->29112K(29504K) NonClass: 24223K(24384K)->24223K(24384K) Class: 4889K(5120K)->4889K(5120K)
[6124.289s][info][gc             ] GC(1714) Pause Young (Allocation Failure) 3990M->1727M(4229M) 98.725ms
[6124.289s][info][gc,cpu         ] GC(1714) User=0.59s Sys=0.00s Real=0.09s
..[6126.057s][info][gc,start       ] GC(1715) Pause Young (Allocation Failure)
[6126.149s][info][gc,heap        ] GC(1715) PSYoungGen: 2568970K(2605568K)->142752K(2601984K) Eden: 2417664K(2417664K)->0K(2417664K) From: 151306K(187904K)->142752K(184320K)
[6126.149s][info][gc,heap        ] GC(1715) ParOldGen: 1617156K(1725440K)->1704004K(1725440K)
[6126.149s][info][gc,metaspace   ] GC(1715) Metaspace: 29112K(29504K)->29112K(29504K) NonClass: 24223K(24384K)->24223K(24384K) Class: 4889K(5120K)->4889K(5120K)
[6126.149s][info][gc             ] GC(1715) Pause Young (Allocation Failure) 4088M->1803M(4226M) 91.240ms
[6126.149s][info][gc,cpu         ] GC(1715) User=0.54s Sys=0.00s Real=0.09s
.[6127.935s][info][gc,start       ] GC(1716) Pause Young (Allocation Failure)
[6128.035s][info][gc,heap        ] GC(1716) PSYoungGen: 2560416K(2601984K)->148576K(2608640K) Eden: 2417664K(2417664K)->0K(2426880K) From: 142752K(184320K)->148576K(181760K)
[6128.035s][info][gc,heap        ] GC(1716) ParOldGen: 1704004K(1725440K)->1796804K(1797120K)
[6128.035s][info][gc,metaspace   ] GC(1716) Metaspace: 29112K(29504K)->29112K(29504K) NonClass: 24223K(24384K)->24223K(24384K) Class: 4889K(5120K)->4889K(5120K)
[6128.035s][info][gc             ] GC(1716) Pause Young (Allocation Failure) 4164M->1899M(4302M) 100.191ms
[6128.035s][info][gc,cpu         ] GC(1716) User=0.57s Sys=0.03s Real=0.10s
..[6129.728s][info][gc,start       ] GC(1717) Pause Young (Allocation Failure)
[6129.829s][info][gc,heap        ] GC(1717) PSYoungGen: 2575456K(2608640K)->146036K(2606592K) Eden: 2426880K(2426880K)->0K(2426880K) From: 148576K(181760K)->146036K(179712K)
[6129.829s][info][gc,heap        ] GC(1717) ParOldGen: 1796804K(1797120K)->1888180K(1888256K)
[6129.829s][info][gc,metaspace   ] GC(1717) Metaspace: 29112K(29504K)->29112K(29504K) NonClass: 24223K(24384K)->24223K(24384K) Class: 4889K(5120K)->4889K(5120K)
[6129.829s][info][gc             ] GC(1717) Pause Young (Allocation Failure) 4269M->1986M(4389M) 100.936ms
[6129.829s][info][gc,cpu         ] GC(1717) User=0.58s Sys=0.02s Real=0.10s
..[6131.698s][info][gc,start       ] GC(1718) Pause Young (Allocation Failure)
[6131.795s][info][gc,heap        ] GC(1718) PSYoungGen: 2572916K(2606592K)->142464K(2613760K) Eden: 2426880K(2426880K)->0K(2436096K) From: 146036K(179712K)->142464K(177664K)
[6131.795s][info][gc,heap        ] GC(1718) ParOldGen: 1888180K(1888256K)->1975948K(1976320K)
[6131.795s][info][gc,metaspace   ] GC(1718) Metaspace: 29112K(29504K)->29112K(29504K) NonClass: 24223K(24384K)->24223K(24384K) Class: 4889K(5120K)->4889K(5120K)
[6131.795s][info][gc             ] GC(1718) Pause Young (Allocation Failure) 4356M->2068M(4482M) 96.977ms
[6131.795s][info][gc,cpu         ] GC(1718) User=0.55s Sys=0.01s Real=0.10s
..[6133.518s][info][gc,start       ] GC(1719) Pause Young (Allocation Failure)
[6133.615s][info][gc,heap        ] GC(1719) PSYoungGen: 2578560K(2613760K)->136576K(2612224K) Eden: 2436096K(2436096K)->0K(2436096K) From: 142464K(177664K)->136576K(176128K)
[6133.615s][info][gc,heap        ] GC(1719) ParOldGen: 1975948K(1976320K)->2070508K(2070528K)
[6133.615s][info][gc,metaspace   ] GC(1719) Metaspace: 29112K(29504K)->29112K(29504K) NonClass: 24223K(24384K)->24223K(24384K) Class: 4889K(5120K)->4889K(5120K)
[6133.615s][info][gc             ] GC(1719) Pause Young (Allocation Failure) 4447M->2155M(4573M) 97.685ms
[6133.615s][info][gc,cpu         ] GC(1719) User=0.55s Sys=0.02s Real=0.10s
..[6135.436s][info][gc,start       ] GC(1720) Pause Young (Allocation Failure)
[6135.547s][info][gc,heap        ] GC(1720) PSYoungGen: 2572672K(2612224K)->163486K(2614272K) Eden: 2436096K(2436096K)->0K(2438656K) From: 136576K(176128K)->163486K(175616K)
[6135.547s][info][gc,heap        ] GC(1720) ParOldGen: 2070508K(2070528K)->2159764K(2160128K)
[6135.547s][info][gc,metaspace   ] GC(1720) Metaspace: 29112K(29504K)->29112K(29504K) NonClass: 24223K(24384K)->24223K(24384K) Class: 4889K(5120K)->4889K(5120K)
[6135.547s][info][gc             ] GC(1720) Pause Young (Allocation Failure) 4534M->2268M(4662M) 111.614ms
[6135.547s][info][gc,cpu         ] GC(1720) User=0.63s Sys=0.03s Real=0.11s
..[6137.322s][info][gc,start       ] GC(1721) Pause Young (Allocation Failure)
[6137.423s][info][gc,heap        ] GC(1721) PSYoungGen: 2602142K(2614272K)->149408K(2617344K) Eden: 2438656K(2438656K)->0K(2438656K) From: 163486K(175616K)->149408K(178688K)
[6137.423s][info][gc,heap        ] GC(1721) ParOldGen: 2159764K(2160128K)->2250884K(2251264K)
[6137.423s][info][gc,metaspace   ] GC(1721) Metaspace: 29112K(29504K)->29112K(29504K) NonClass: 24223K(24384K)->24223K(24384K) Class: 4889K(5120K)->4889K(5120K)
[6137.423s][info][gc             ] GC(1721) Pause Young (Allocation Failure) 4650M->2344M(4754M) 100.729ms
[6137.423s][info][gc,cpu         ] GC(1721) User=0.57s Sys=0.02s Real=0.10s
.[6138.621s][info][gc,start       ] GC(1722) Pause Full (Diagnostic Command)
[6138.621s][info][gc,phases,start] GC(1722) Marking Phase
[6138.910s][info][gc,phases      ] GC(1722) Marking Phase 288.897ms
[6138.910s][info][gc,phases,start] GC(1722) Summary Phase
[6138.910s][info][gc,phases      ] GC(1722) Summary Phase 0.054ms
[6138.910s][info][gc,phases,start] GC(1722) Forward
[6139.098s][info][gc,phases      ] GC(1722) Forward 187.463ms
[6139.098s][info][gc,phases,start] GC(1722) Adjust Pointers
[6139.304s][info][gc,phases      ] GC(1722) Adjust Pointers 206.233ms
[6139.304s][info][gc,phases,start] GC(1722) Compaction Phase
[6139.461s][info][gc,phases      ] GC(1722) Compaction Phase 156.866ms
[6139.463s][info][gc,phases,start] GC(1722) Post Compact
[6139.467s][info][gc,phases      ] GC(1722) Post Compact 3.511ms
[6139.467s][info][gc,heap        ] GC(1722) PSYoungGen: 1945761K(2617344K)->0K(2617344K) Eden: 1796353K(2438656K)->0K(2438656K) From: 149408K(178688K)->0K(178688K)
[6139.467s][info][gc,heap        ] GC(1722) ParOldGen: 2250884K(2251264K)->1146375K(2251264K)
[6139.467s][info][gc,metaspace   ] GC(1722) Metaspace: 29112K(29504K)->29112K(29504K) NonClass: 24223K(24384K)->24223K(24384K) Class: 4889K(5120K)->4889K(5120K)
[6139.467s][info][gc             ] GC(1722) Pause Full (Diagnostic Command) 4098M->1119M(4754M) 845.887ms
[6139.467s][info][gc,cpu         ] GC(1722) User=4.42s Sys=0.00s Real=0.84s
..[6140.863s][info][gc,start       ] GC(1723) Pause Young (Allocation Failure)
[6140.976s][info][gc,heap        ] GC(1723) PSYoungGen: 2438656K(2617344K)->147588K(2613248K) Eden: 2438656K(2438656K)->0K(2441728K) From: 0K(178688K)->147588K(171520K)
[6140.976s][info][gc,heap        ] GC(1723) ParOldGen: 1146375K(2251264K)->1146375K(2251264K)
[6140.976s][info][gc,metaspace   ] GC(1723) Metaspace: 29112K(29504K)->29112K(29504K) NonClass: 24223K(24384K)->24223K(24384K) Class: 4889K(5120K)->4889K(5120K)
[6140.977s][info][gc             ] GC(1723) Pause Young (Allocation Failure) 3501M->1263M(4750M) 113.441ms
[6140.977s][info][gc,cpu         ] GC(1723) User=0.39s Sys=0.00s Real=0.11s
.[6142.427s][info][gc,start       ] GC(1724) Pause Young (Allocation Failure)
[6142.523s][info][gc,heap        ] GC(1724) PSYoungGen: 2589316K(2613248K)->152480K(2615296K) Eden: 2441728K(2441728K)->0K(2441728K) From: 147588K(171520K)->152480K(173568K)
[6142.523s][info][gc,heap        ] GC(1724) ParOldGen: 1146375K(2251264K)->1236863K(2251264K)
[6142.523s][info][gc,metaspace   ] GC(1724) Metaspace: 29112K(29504K)->29112K(29504K) NonClass: 24223K(24384K)->24223K(24384K) Class: 4889K(5120K)->4889K(5120K)
[6142.523s][info][gc             ] GC(1724) Pause Young (Allocation Failure) 3648M->1356M(4752M) 96.104ms
[6142.523s][info][gc,cpu         ] GC(1724) User=0.58s Sys=0.00s Real=0.10s
..[6144.253s][info][gc,start       ] GC(1725) Pause Young (Allocation Failure)
[6144.345s][info][gc,heap        ] GC(1725) PSYoungGen: 2594208K(2615296K)->142912K(2619904K) Eden: 2441728K(2441728K)->0K(2450432K) From: 152480K(173568K)->142912K(169472K)
[6144.345s][info][gc,heap        ] GC(1725) ParOldGen: 1236863K(2251264K)->1329727K(2251264K)
[6144.345s][info][gc,metaspace   ] GC(1725) Metaspace: 29112K(29504K)->29112K(29504K) NonClass: 24223K(24384K)->24223K(24384K) Class: 4889K(5120K)->4889K(5120K)
[6144.345s][info][gc             ] GC(1725) Pause Young (Allocation Failure) 3741M->1438M(4757M) 91.855ms
[6144.345s][info][gc,cpu         ] GC(1725) User=0.55s Sys=0.00s Real=0.09s
..[6146.128s][info][gc,start       ] GC(1726) Pause Young (Allocation Failure)
[6146.224s][info][gc,heap        ] GC(1726) PSYoungGen: 2593344K(2619904K)->147360K(2621440K) Eden: 2450432K(2450432K)->0K(2450432K) From: 142912K(169472K)->147360K(171008K)
[6146.224s][info][gc,heap        ] GC(1726) ParOldGen: 1329727K(2251264K)->1419919K(2251264K)
[6146.224s][info][gc,metaspace   ] GC(1726) Metaspace: 29112K(29504K)->29112K(29504K) NonClass: 24223K(24384K)->24223K(24384K) Class: 4889K(5120K)->4889K(5120K)
[6146.224s][info][gc             ] GC(1726) Pause Young (Allocation Failure) 3831M->1530M(4758M) 96.590ms
[6146.224s][info][gc,cpu         ] GC(1726) User=0.57s Sys=0.00s Real=0.10s
..[6148.017s][info][gc,start       ] GC(1727) Pause Young (Allocation Failure)
[6148.109s][info][gc,heap        ] GC(1727) PSYoungGen: 2597792K(2621440K)->143072K(2623488K) Eden: 2450432K(2450432K)->0K(2456064K) From: 147360K(171008K)->143072K(167424K)
[6148.109s][info][gc,heap        ] GC(1727) ParOldGen: 1419919K(2251264K)->1509839K(2251264K)
[6148.109s][info][gc,metaspace   ] GC(1727) Metaspace: 29112K(29504K)->29112K(29504K) NonClass: 24223K(24384K)->24223K(24384K) Class: 4889K(5120K)->4889K(5120K)
[6148.109s][info][gc             ] GC(1727) Pause Young (Allocation Failure) 3923M->1614M(4760M) 92.102ms
[6148.109s][info][gc,cpu         ] GC(1727) User=0.55s Sys=0.00s Real=0.09s
..[6149.840s][info][gc,start       ] GC(1728) Pause Young (Allocation Failure)
[6149.933s][info][gc,heap        ] GC(1728) PSYoungGen: 2599136K(2623488K)->143776K(2624000K) Eden: 2456064K(2456064K)->0K(2456064K) From: 143072K(167424K)->143776K(167936K)
[6149.933s][info][gc,heap        ] GC(1728) ParOldGen: 1509839K(2251264K)->1602431K(2251264K)
[6149.933s][info][gc,metaspace   ] GC(1728) Metaspace: 29112K(29504K)->29112K(29504K) NonClass: 24223K(24384K)->24223K(24384K) Class: 4889K(5120K)->4889K(5120K)
[6149.933s][info][gc             ] GC(1728) Pause Young (Allocation Failure) 4012M->1705M(4761M) 93.038ms
[6149.933s][info][gc,cpu         ] GC(1728) User=0.56s Sys=0.00s Real=0.09s
..[6151.749s][info][gc,start       ] GC(1729) Pause Young (Allocation Failure)
[6151.845s][info][gc,heap        ] GC(1729) PSYoungGen: 2599840K(2624000K)->147700K(2624512K) Eden: 2456064K(2456064K)->0K(2461184K) From: 143776K(167936K)->147700K(163328K)
[6151.845s][info][gc,heap        ] GC(1729) ParOldGen: 1602431K(2251264K)->1690919K(2251264K)
[6151.845s][info][gc,metaspace   ] GC(1729) Metaspace: 29112K(29504K)->29112K(29504K) NonClass: 24223K(24384K)->24223K(24384K) Class: 4889K(5120K)->4889K(5120K)
[6151.845s][info][gc             ] GC(1729) Pause Young (Allocation Failure) 4103M->1795M(4761M) 96.015ms
[6151.845s][info][gc,cpu         ] GC(1729) User=0.57s Sys=0.00s Real=0.10s
..[6153.655s][info][gc,start       ] GC(1730) Pause Young (Allocation Failure)
[6153.745s][info][gc,heap        ] GC(1730) PSYoungGen: 2608884K(2624512K)->136416K(2626048K) Eden: 2461184K(2461184K)->0K(2461184K) From: 147700K(163328K)->136416K(164864K)
[6153.745s][info][gc,heap        ] GC(1730) ParOldGen: 1690919K(2251264K)->1783679K(2251264K)
[6153.745s][info][gc,metaspace   ] GC(1730) Metaspace: 29112K(29504K)->29112K(29504K) NonClass: 24223K(24384K)->24223K(24384K) Class: 4889K(5120K)->4889K(5120K)
[6153.745s][info][gc             ] GC(1730) Pause Young (Allocation Failure) 4199M->1875M(4763M) 90.564ms
[6153.745s][info][gc,cpu         ] GC(1730) User=0.54s Sys=0.00s Real=0.09s
.[6155.549s][info][gc,start       ] GC(1731) Pause Young (Allocation Failure)
[6155.642s][info][gc,heap        ] GC(1731) PSYoungGen: 2597600K(2626048K)->140004K(2629632K) Eden: 2461184K(2461184K)->0K(2465792K) From: 136416K(164864K)->140004K(163840K)
[6155.642s][info][gc,heap        ] GC(1731) ParOldGen: 1783679K(2251264K)->1874863K(2251264K)
[6155.642s][info][gc,metaspace   ] GC(1731) Metaspace: 29112K(29504K)->29112K(29504K) NonClass: 24223K(24384K)->24223K(24384K) Class: 4889K(5120K)->4889K(5120K)
[6155.642s][info][gc             ] GC(1731) Pause Young (Allocation Failure) 4278M->1967M(4766M) 93.174ms
[6155.642s][info][gc,cpu         ] GC(1731) User=0.55s Sys=0.00s Real=0.10s
..[6157.554s][info][gc,start       ] GC(1732) Pause Young (Allocation Failure)
[6157.644s][info][gc,heap        ] GC(1732) PSYoungGen: 2605796K(2629632K)->139360K(2630144K) Eden: 2465792K(2465792K)->0K(2465792K) From: 140004K(163840K)->139360K(164352K)
[6157.644s][info][gc,heap        ] GC(1732) ParOldGen: 1874863K(2251264K)->1966287K(2251264K)
[6157.644s][info][gc,metaspace   ] GC(1732) Metaspace: 29112K(29504K)->29112K(29504K) NonClass: 24223K(24384K)->24223K(24384K) Class: 4889K(5120K)->4889K(5120K)
[6157.644s][info][gc             ] GC(1732) Pause Young (Allocation Failure) 4375M->2056M(4767M) 90.470ms
[6157.645s][info][gc,cpu         ] GC(1732) User=0.53s Sys=0.00s Real=0.09s
..[6159.416s][info][gc,start       ] GC(1733) Pause Young (Allocation Failure)
[6159.510s][info][gc,heap        ] GC(1733) PSYoungGen: 2605152K(2630144K)->141536K(2629632K) Eden: 2465792K(2465792K)->0K(2467840K) From: 139360K(164352K)->141536K(161792K)
[6159.510s][info][gc,heap        ] GC(1733) ParOldGen: 1966287K(2251264K)->2061231K(2251264K)
[6159.510s][info][gc,metaspace   ] GC(1733) Metaspace: 29112K(29504K)->29112K(29504K) NonClass: 24223K(24384K)->24223K(24384K) Class: 4889K(5120K)->4889K(5120K)
[6159.510s][info][gc             ] GC(1733) Pause Young (Allocation Failure) 4464M->2151M(4766M) 93.573ms
[6159.510s][info][gc,cpu         ] GC(1733) User=0.56s Sys=0.00s Real=0.10s
..[6161.338s][info][gc,start       ] GC(1734) Pause Young (Allocation Failure)
[6161.433s][info][gc,heap        ] GC(1734) PSYoungGen: 2609376K(2629632K)->151092K(2630656K) Eden: 2467840K(2467840K)->0K(2467840K) From: 141536K(161792K)->151092K(162816K)
[6161.433s][info][gc,heap        ] GC(1734) ParOldGen: 2061231K(2251264K)->2147847K(2251264K)
[6161.433s][info][gc,metaspace   ] GC(1734) Metaspace: 29112K(29504K)->29112K(29504K) NonClass: 24223K(24384K)->24223K(24384K) Class: 4889K(5120K)->4889K(5120K)
[6161.433s][info][gc             ] GC(1734) Pause Young (Allocation Failure) 4561M->2245M(4767M) 94.931ms
[6161.433s][info][gc,cpu         ] GC(1734) User=0.57s Sys=0.00s Real=0.10s
. (rIR:aIR:PR = 10516:10602:10603) (tPR = 159717) [OK] 
  6161s: Performance info:
         Transaction,    Success,    Partial,     Failed,   Receipts, AvgBarcode, 
             Overall,     640937,          0,          0,     609279,      59.47, 
         Response times:
             Request,    Success,    Partial,     Failed,   SkipFail,     Probes,    Samples,      min,      p50,      p90,      p95,      p99,      max, 
       TotalPurchase,     609317,          0,          0,          0,     335915,     474037,      300,     8600,   127000,   313000,   650000,   950000,
     InStorePurchase,     316643,          0,          0,          0,     176559,     249745,      300,     8800,   126000,   312000,   610000,   920000,
      OnlinePurchase,     228655,          0,          0,          0,     123674,     173562,      300,     8200,   130000,   305000,   630000,   950000,
        InstPurchase,      64019,          0,          0,          0,      35682,      50730,      300,     8500,   126000,   350000,   660000,   920000,
          AssocOfCat,        631,          0,          0,          0,        508,        813,    21000,    51000,   177600,   443200,   700000,  1000000,
      AssocOfProduct,       6443,          0,          0,          0,       3494,       5097,      500,     8400,   115000,   227100,   700000,  1200000,
      BusinessReport,       1602,          0,          0,          0,       1365,       1995,    28000,    61000,   194000,   289200,   810000,  1100000,
          CustBuyBeh,       6335,          0,          0,          0,       3479,       5078,      200,     5500,    99000,   197000,   660000,   880000,
       ProductReturn,      16601,          0,          0,          0,      10002,      14000,      200,     7900,   114000,   335800,   760000,  1100000,

  6161s: (77%)   IR =  10654 .[6163.266s][info][gc,start       ] GC(1735) Pause Young (Allocation Failure)
[6163.362s][info][gc,heap        ] GC(1735) PSYoungGen: 2618932K(2630656K)->149248K(2632704K) Eden: 2467840K(2467840K)->0K(2469888K) From: 151092K(162816K)->149248K(162816K)
[6163.362s][info][gc,heap        ] GC(1735) ParOldGen: 2147847K(2251264K)->2239727K(2251264K)
[6163.362s][info][gc,metaspace   ] GC(1735) Metaspace: 29112K(29504K)->29112K(29504K) NonClass: 24223K(24384K)->24223K(24384K) Class: 4889K(5120K)->4889K(5120K)
[6163.362s][info][gc             ] GC(1735) Pause Young (Allocation Failure) 4655M->2332M(4769M) 96.371ms
[6163.362s][info][gc,cpu         ] GC(1735) User=0.57s Sys=0.00s Real=0.10s
..[6165.150s][info][gc,start       ] GC(1736) Pause Young (Allocation Failure)
[6165.251s][info][gc,heap        ] GC(1736) PSYoungGen: 2619136K(2632704K)->147316K(2617344K) Eden: 2469888K(2469888K)->0K(2469888K) From: 149248K(162816K)->147316K(147456K)
[6165.251s][info][gc,heap        ] GC(1736) ParOldGen: 2239727K(2251264K)->2332271K(2332672K)
[6165.251s][info][gc,metaspace   ] GC(1736) Metaspace: 29112K(29504K)->29112K(29504K) NonClass: 24223K(24384K)->24223K(24384K) Class: 4889K(5120K)->4889K(5120K)
[6165.251s][info][gc             ] GC(1736) Pause Young (Allocation Failure) 4744M->2421M(4834M) 100.900ms
[6165.251s][info][gc,cpu         ] GC(1736) User=0.58s Sys=0.03s Real=0.10s
..[6166.990s][info][gc,start       ] GC(1737) Pause Young (Allocation Failure)
[6167.094s][info][gc,heap        ] GC(1737) PSYoungGen: 2617204K(2617344K)->152517K(2631680K) Eden: 2469888K(2469888K)->0K(2469888K) From: 147316K(147456K)->152517K(161792K)
[6167.094s][info][gc,heap        ] GC(1737) ParOldGen: 2332271K(2332672K)->2423559K(2423808K)
[6167.094s][info][gc,metaspace   ] GC(1737) Metaspace: 29112K(29504K)->29112K(29504K) NonClass: 24223K(24384K)->24223K(24384K) Class: 4889K(5120K)->4889K(5120K)
[6167.094s][info][gc             ] GC(1737) Pause Young (Allocation Failure) 4833M->2515M(4937M) 103.219ms
[6167.094s][info][gc,cpu         ] GC(1737) User=0.59s Sys=0.03s Real=0.10s
..[6168.912s][info][gc,start       ] GC(1738) Pause Young (Allocation Failure)
[6169.020s][info][gc,heap        ] GC(1738) PSYoungGen: 2622405K(2631680K)->157141K(2627072K) Eden: 2469888K(2469888K)->0K(2469888K) From: 152517K(161792K)->157141K(157184K)
[6169.020s][info][gc,heap        ] GC(1738) ParOldGen: 2423559K(2423808K)->2515271K(2515456K)
[6169.020s][info][gc,metaspace   ] GC(1738) Metaspace: 29112K(29504K)->29112K(29504K) NonClass: 24223K(24384K)->24223K(24384K) Class: 4889K(5120K)->4889K(5120K)
[6169.020s][info][gc             ] GC(1738) Pause Young (Allocation Failure) 4927M->2609M(5022M) 107.622ms
[6169.020s][info][gc,cpu         ] GC(1738) User=0.61s Sys=0.03s Real=0.11s
.[6170.700s][info][gc,start       ] GC(1739) Pause Young (Allocation Failure)
[6170.800s][info][gc,heap        ] GC(1739) PSYoungGen: 2627029K(2627072K)->140596K(2631680K) Eden: 2469888K(2469888K)->0K(2466816K) From: 157141K(157184K)->140596K(164864K)
[6170.800s][info][gc,heap        ] GC(1739) ParOldGen: 2515271K(2515456K)->2610535K(2610688K)
[6170.800s][info][gc,metaspace   ] GC(1739) Metaspace: 29112K(29504K)->29112K(29504K) NonClass: 24223K(24384K)->24223K(24384K) Class: 4889K(5120K)->4889K(5120K)
[6170.800s][info][gc             ] GC(1739) Pause Young (Allocation Failure) 5021M->2686M(5119M) 100.222ms
[6170.801s][info][gc,cpu         ] GC(1739) User=0.57s Sys=0.02s Real=0.10s
..[6172.608s][info][gc,start       ] GC(1740) Pause Young (Allocation Failure)
[6172.707s][info][gc,heap        ] GC(1740) PSYoungGen: 2607180K(2631680K)->147333K(2614272K) Eden: 2466583K(2466816K)->0K(2466816K) From: 140596K(164864K)->147333K(147456K)
[6172.707s][info][gc,heap        ] GC(1740) ParOldGen: 2610535K(2610688K)->2696399K(2696704K)
[6172.707s][info][gc,metaspace   ] GC(1740) Metaspace: 29112K(29504K)->29112K(29504K) NonClass: 24223K(24384K)->24223K(24384K) Class: 4889K(5120K)->4889K(5120K)
[6172.707s][info][gc             ] GC(1740) Pause Young (Allocation Failure) 5095M->2777M(5186M) 99.336ms
[6172.707s][info][gc,cpu         ] GC(1740) User=0.57s Sys=0.02s Real=0.10s
..[6174.573s][info][gc,start       ] GC(1741) Pause Young (Allocation Failure)
[6174.669s][info][gc,heap        ] GC(1741) PSYoungGen: 2614149K(2614272K)->135488K(2629120K) Eden: 2466816K(2466816K)->0K(2466304K) From: 147333K(147456K)->135488K(162816K)
[6174.669s][info][gc,heap        ] GC(1741) ParOldGen: 2696399K(2696704K)->2791223K(2791424K)
[6174.669s][info][gc,metaspace   ] GC(1741) Metaspace: 29112K(29504K)->29112K(29504K) NonClass: 24223K(24384K)->24223K(24384K) Class: 4889K(5120K)->4889K(5120K)
[6174.669s][info][gc             ] GC(1741) Pause Young (Allocation Failure) 5186M->2858M(5293M) 96.083ms
[6174.669s][info][gc,cpu         ] GC(1741) User=0.54s Sys=0.03s Real=0.09s
.|.[6176.425s][info][gc,start       ] GC(1742) Pause Young (Allocation Failure)
[6176.523s][info][gc,heap        ] GC(1742) PSYoungGen: 2601792K(2629120K)->145824K(2629632K) Eden: 2466304K(2466304K)->0K(2466304K) From: 135488K(162816K)->145824K(163328K)
[6176.523s][info][gc,heap        ] GC(1742) ParOldGen: 2791223K(2791424K)->2883223K(2883584K)
[6176.523s][info][gc,metaspace   ] GC(1742) Metaspace: 29112K(29504K)->29112K(29504K) NonClass: 24223K(24384K)->24223K(24384K) Class: 4889K(5120K)->4889K(5120K)
[6176.523s][info][gc             ] GC(1742) Pause Young (Allocation Failure) 5266M->2958M(5384M) 98.819ms
[6176.523s][info][gc,cpu         ] GC(1742) User=0.55s Sys=0.04s Real=0.10s
..[6178.257s][info][gc,start       ] GC(1743) Pause Young (Allocation Failure)
[6178.355s][info][gc,heap        ] GC(1743) PSYoungGen: 2612128K(2629632K)->146048K(2631680K) Eden: 2466304K(2466304K)->0K(2470912K) From: 145824K(163328K)->146048K(160768K)
[6178.355s][info][gc,heap        ] GC(1743) ParOldGen: 2883223K(2883584K)->2973191K(2973696K)
[6178.355s][info][gc,metaspace   ] GC(1743) Metaspace: 29112K(29504K)->29112K(29504K) NonClass: 24223K(24384K)->24223K(24384K) Class: 4889K(5120K)->4889K(5120K)
[6178.355s][info][gc             ] GC(1743) Pause Young (Allocation Failure) 5366M->3046M(5474M) 98.525ms
[6178.355s][info][gc,cpu         ] GC(1743) User=0.56s Sys=0.03s Real=0.10s
..[6180.171s][info][gc,start       ] GC(1744) Pause Young (Allocation Failure)
[6180.275s][info][gc,heap        ] GC(1744) PSYoungGen: 2616960K(2631680K)->152053K(2631168K) Eden: 2470912K(2470912K)->0K(2470912K) From: 146048K(160768K)->152053K(160256K)
[6180.275s][info][gc,heap        ] GC(1744) ParOldGen: 2973191K(2973696K)->3066103K(3066368K)
[6180.275s][info][gc,metaspace   ] GC(1744) Metaspace: 29112K(29504K)->29112K(29504K) NonClass: 24223K(24384K)->24223K(24384K) Class: 4889K(5120K)->4889K(5120K)
[6180.275s][info][gc             ] GC(1744) Pause Young (Allocation Failure) 5459M->3142M(5564M) 104.064ms
[6180.275s][info][gc,cpu         ] GC(1744) User=0.60s Sys=0.03s Real=0.10s
.[6181.986s][info][gc,start       ] GC(1745) Pause Young (Allocation Failure)
[6182.090s][info][gc,heap        ] GC(1745) PSYoungGen: 2622965K(2631168K)->151242K(2634240K) Eden: 2470912K(2470912K)->0K(2473472K) From: 152053K(160256K)->151242K(160768K)
[6182.090s][info][gc,heap        ] GC(1745) ParOldGen: 3066103K(3066368K)->3158951K(3159040K)
[6182.090s][info][gc,metaspace   ] GC(1745) Metaspace: 29112K(29504K)->29112K(29504K) NonClass: 24223K(24384K)->24223K(24384K) Class: 4889K(5120K)->4889K(5120K)
[6182.091s][info][gc             ] GC(1745) Pause Young (Allocation Failure) 5555M->3232M(5657M) 104.709ms
[6182.091s][info][gc,cpu         ] GC(1745) User=0.60s Sys=0.02s Real=0.11s
..[6183.888s][info][gc,start       ] GC(1746) Pause Young (Allocation Failure)
[6183.989s][info][gc,heap        ] GC(1746) PSYoungGen: 2624714K(2634240K)->146551K(2620416K) Eden: 2473472K(2473472K)->0K(2473472K) From: 151242K(160768K)->146551K(146944K)
[6183.989s][info][gc,heap        ] GC(1746) ParOldGen: 3158951K(3159040K)->3248495K(3248640K)
[6183.989s][info][gc,metaspace   ] GC(1746) Metaspace: 29112K(29504K)->29112K(29504K) NonClass: 24223K(24384K)->24223K(24384K) Class: 4889K(5120K)->4889K(5120K)
[6183.989s][info][gc             ] GC(1746) Pause Young (Allocation Failure) 5648M->3315M(5731M) 100.992ms
[6183.989s][info][gc,cpu         ] GC(1746) User=0.57s Sys=0.02s Real=0.10s
..[6185.816s][info][gc,start       ] GC(1747) Pause Young (Allocation Failure)
[6185.916s][info][gc,heap        ] GC(1747) PSYoungGen: 2620023K(2620416K)->143008K(2634240K) Eden: 2473472K(2473472K)->0K(2474496K) From: 146551K(146944K)->143008K(159744K)
[6185.916s][info][gc,heap        ] GC(1747) ParOldGen: 3248495K(3248640K)->3340727K(3340800K)
[6185.916s][info][gc,metaspace   ] GC(1747) Metaspace: 29112K(29504K)->29112K(29504K) NonClass: 24223K(24384K)->24223K(24384K) Class: 4889K(5120K)->4889K(5120K)
[6185.916s][info][gc             ] GC(1747) Pause Young (Allocation Failure) 5730M->3402M(5835M) 99.846ms
[6185.916s][info][gc,cpu         ] GC(1747) User=0.57s Sys=0.03s Real=0.10s
..[6187.634s][info][gc,start       ] GC(1748) Pause Young (Allocation Failure)
[6187.735s][info][gc,heap        ] GC(1748) PSYoungGen: 2617504K(2634240K)->144064K(2633728K) Eden: 2474496K(2474496K)->0K(2474496K) From: 143008K(159744K)->144064K(159232K)
[6187.735s][info][gc,heap        ] GC(1748) ParOldGen: 3340727K(3340800K)->3433631K(3433984K)
[6187.735s][info][gc,metaspace   ] GC(1748) Metaspace: 29112K(29504K)->29112K(29504K) NonClass: 24223K(24384K)->24223K(24384K) Class: 4889K(5120K)->4889K(5120K)
[6187.735s][info][gc             ] GC(1748) Pause Young (Allocation Failure) 5818M->3493M(5925M) 100.709ms
[6187.735s][info][gc,cpu         ] GC(1748) User=0.56s Sys=0.03s Real=0.10s
..[6189.545s][info][gc,start       ] GC(1749) Pause Young (Allocation Failure)
[6189.642s][info][gc,heap        ] GC(1749) PSYoungGen: 2618560K(2633728K)->137632K(2635776K) Eden: 2474496K(2474496K)->0K(2477056K) From: 144064K(159232K)->137632K(158720K)
[6189.642s][info][gc,heap        ] GC(1749) ParOldGen: 3433631K(3433984K)->3523415K(3523584K)
[6189.642s][info][gc,metaspace   ] GC(1749) Metaspace: 29112K(29504K)->29112K(29504K) NonClass: 24223K(24384K)->24223K(24384K) Class: 4889K(5120K)->4889K(5120K)
[6189.642s][info][gc             ] GC(1749) Pause Young (Allocation Failure) 5910M->3575M(6015M) 97.471ms
[6189.642s][info][gc,cpu         ] GC(1749) User=0.56s Sys=0.02s Real=0.10s
..[6191.531s][info][gc,start       ] GC(1750) Pause Young (Allocation Failure)
[6191.629s][info][gc,heap        ] GC(1750) PSYoungGen: 2614688K(2635776K)->140672K(2635776K) Eden: 2477056K(2477056K)->0K(2477056K) From: 137632K(158720K)->140672K(158720K)
[6191.629s][info][gc,heap        ] GC(1750) ParOldGen: 3523415K(3523584K)->3613839K(3614208K)
[6191.629s][info][gc,metaspace   ] GC(1750) Metaspace: 29112K(29504K)->29112K(29504K) NonClass: 24223K(24384K)->24223K(24384K) Class: 4889K(5120K)->4889K(5120K)
[6191.629s][info][gc             ] GC(1750) Pause Young (Allocation Failure) 5994M->3666M(6103M) 97.849ms
[6191.629s][info][gc,cpu         ] GC(1750) User=0.55s Sys=0.02s Real=0.09s
..[6193.479s][info][gc,start       ] GC(1751) Pause Young (Allocation Failure)
[6193.584s][info][gc,heap        ] GC(1751) PSYoungGen: 2617728K(2635776K)->154114K(2633728K) Eden: 2477056K(2477056K)->0K(2475520K) From: 140672K(158720K)->154114K(158208K)
[6193.584s][info][gc,heap        ] GC(1751) ParOldGen: 3613839K(3614208K)->3709079K(3709440K)
[6193.584s][info][gc,metaspace   ] GC(1751) Metaspace: 29112K(29504K)->29112K(29504K) NonClass: 24223K(24384K)->24223K(24384K) Class: 4889K(5120K)->4889K(5120K)
[6193.584s][info][gc             ] GC(1751) Pause Young (Allocation Failure) 6085M->3772M(6194M) 105.485ms
[6193.584s][info][gc,cpu         ] GC(1751) User=0.59s Sys=0.04s Real=0.11s
..[6195.312s][info][gc,start       ] GC(1752) Pause Young (Allocation Failure)
[6195.413s][info][gc,heap        ] GC(1752) PSYoungGen: 2629634K(2633728K)->148416K(2635776K) Eden: 2475520K(2475520K)->0K(2475520K) From: 154114K(158208K)->148416K(160256K)
[6195.413s][info][gc,heap        ] GC(1752) ParOldGen: 3709079K(3709440K)->3800783K(3801088K)
[6195.413s][info][gc,metaspace   ] GC(1752) Metaspace: 29112K(29504K)->29112K(29504K) NonClass: 24223K(24384K)->24223K(24384K) Class: 4889K(5120K)->4889K(5120K)
[6195.413s][info][gc             ] GC(1752) Pause Young (Allocation Failure) 6190M->3856M(6286M) 101.060ms
[6195.413s][info][gc,cpu         ] GC(1752) User=0.58s Sys=0.02s Real=0.10s
.[6197.136s][info][gc,start       ] GC(1753) Pause Young (Allocation Failure)
[6197.241s][info][gc,heap        ] GC(1753) PSYoungGen: 2623936K(2635776K)->148715K(2634240K) Eden: 2475520K(2475520K)->0K(2476032K) From: 148416K(160256K)->148715K(158208K)
[6197.241s][info][gc,heap        ] GC(1753) ParOldGen: 3800783K(3801088K)->3893671K(3893760K)
[6197.241s][info][gc,metaspace   ] GC(1753) Metaspace: 29112K(29504K)->29112K(29504K) NonClass: 24223K(24384K)->24223K(24384K) Class: 4889K(5120K)->4889K(5120K)
[6197.241s][info][gc             ] GC(1753) Pause Young (Allocation Failure) 6274M->3947M(6375M) 105.201ms
[6197.241s][info][gc,cpu         ] GC(1753) User=0.60s Sys=0.03s Real=0.11s
..[6199.101s][info][gc,start       ] GC(1754) Pause Young (Allocation Failure)
[6199.205s][info][gc,heap        ] GC(1754) PSYoungGen: 2624747K(2634240K)->153984K(2635264K) Eden: 2476032K(2476032K)->0K(2476032K) From: 148715K(158208K)->153984K(159232K)
[6199.206s][info][gc,heap        ] GC(1754) ParOldGen: 3893671K(3893760K)->3982719K(3982848K)
[6199.206s][info][gc,metaspace   ] GC(1754) Metaspace: 29112K(29504K)->29112K(29504K) NonClass: 24223K(24384K)->24223K(24384K) Class: 4889K(5120K)->4889K(5120K)
[6199.206s][info][gc             ] GC(1754) Pause Young (Allocation Failure) 6365M->4039M(6463M) 104.077ms
[6199.206s][info][gc,cpu         ] GC(1754) User=0.59s Sys=0.03s Real=0.10s
..[6200.961s][info][gc,start       ] GC(1755) Pause Young (Allocation Failure)
[6201.059s][info][gc,heap        ] GC(1755) PSYoungGen: 2630016K(2635264K)->141119K(2635264K) Eden: 2476032K(2476032K)->0K(2474496K) From: 153984K(159232K)->141119K(160768K)
[6201.059s][info][gc,heap        ] GC(1755) ParOldGen: 3982719K(3982848K)->4075047K(4075520K)
[6201.059s][info][gc,metaspace   ] GC(1755) Metaspace: 29112K(29504K)->29112K(29504K) NonClass: 24223K(24384K)->24223K(24384K) Class: 4889K(5120K)->4889K(5120K)
[6201.059s][info][gc             ] GC(1755) Pause Young (Allocation Failure) 6457M->4117M(6553M) 98.563ms
[6201.060s][info][gc,cpu         ] GC(1755) User=0.56s Sys=0.03s Real=0.10s
..[6202.793s][info][gc,start       ] GC(1756) Pause Young (Allocation Failure)
[6202.895s][info][gc,heap        ] GC(1756) PSYoungGen: 2615615K(2635264K)->147636K(2622464K) Eden: 2474496K(2474496K)->0K(2474496K) From: 141119K(160768K)->147636K(147968K)
[6202.895s][info][gc,heap        ] GC(1756) ParOldGen: 4075047K(4075520K)->4165607K(4165632K)
[6202.895s][info][gc,metaspace   ] GC(1756) Metaspace: 29112K(29504K)->29112K(29504K) NonClass: 24223K(24384K)->24223K(24384K) Class: 4889K(5120K)->4889K(5120K)
[6202.895s][info][gc             ] GC(1756) Pause Young (Allocation Failure) 6533M->4212M(6629M) 102.032ms
[6202.895s][info][gc,cpu         ] GC(1756) User=0.58s Sys=0.02s Real=0.10s
..[6204.653s][info][gc,start       ] GC(1757) Pause Young (Allocation Failure)
[6204.758s][info][gc,heap        ] GC(1757) PSYoungGen: 2622132K(2622464K)->145920K(2635264K) Eden: 2474496K(2474496K)->0K(2475520K) From: 147636K(147968K)->145920K(159744K)
[6204.758s][info][gc,heap        ] GC(1757) ParOldGen: 4165607K(4165632K)->4257991K(4258304K)
[6204.758s][info][gc,metaspace   ] GC(1757) Metaspace: 29112K(29504K)->29112K(29504K) NonClass: 24223K(24384K)->24223K(24384K) Class: 4889K(5120K)->4889K(5120K)
[6204.758s][info][gc             ] GC(1757) Pause Young (Allocation Failure) 6628M->4300M(6732M) 104.527ms
[6204.758s][info][gc,cpu         ] GC(1757) User=0.60s Sys=0.02s Real=0.10s
..[6206.598s][info][gc,start       ] GC(1758) Pause Young (Allocation Failure)
[6206.699s][info][gc,heap        ] GC(1758) PSYoungGen: 2621440K(2635264K)->138128K(2634240K) Eden: 2475520K(2475520K)->0K(2475520K) From: 145920K(159744K)->138128K(158720K)
[6206.699s][info][gc,heap        ] GC(1758) ParOldGen: 4257991K(4258304K)->4351463K(4351488K)
[6206.699s][info][gc,metaspace   ] GC(1758) Metaspace: 29112K(29504K)->29112K(29504K) NonClass: 24223K(24384K)->24223K(24384K) Class: 4889K(5120K)->4889K(5120K)
[6206.699s][info][gc             ] GC(1758) Pause Young (Allocation Failure) 6718M->4384M(6822M) 100.949ms
[6206.699s][info][gc,cpu         ] GC(1758) User=0.57s Sys=0.03s Real=0.10s
..[6208.521s][info][gc,start       ] GC(1759) Pause Young (Allocation Failure)
[6208.619s][info][gc,heap        ] GC(1759) PSYoungGen: 2613648K(2634240K)->139936K(2636288K) Eden: 2475520K(2475520K)->0K(2477568K) From: 138128K(158720K)->139936K(158720K)
[6208.619s][info][gc,heap        ] GC(1759) ParOldGen: 4351463K(4351488K)->4440135K(4440576K)
[6208.619s][info][gc,metaspace   ] GC(1759) Metaspace: 29112K(29504K)->29112K(29504K) NonClass: 24223K(24384K)->24223K(24384K) Class: 4889K(5120K)->4889K(5120K)
[6208.619s][info][gc             ] GC(1759) Pause Young (Allocation Failure) 6801M->4472M(6911M) 98.891ms
[6208.619s][info][gc,cpu         ] GC(1759) User=0.57s Sys=0.02s Real=0.10s
.[6210.384s][info][gc,start       ] GC(1760) Pause Young (Allocation Failure)
[6210.494s][info][gc,heap        ] GC(1760) PSYoungGen: 2617504K(2636288K)->158714K(2636288K) Eden: 2477568K(2477568K)->0K(2477568K) From: 139936K(158720K)->158714K(158720K)
[6210.494s][info][gc,heap        ] GC(1760) ParOldGen: 4440135K(4440576K)->4535495K(4535808K)
[6210.494s][info][gc,metaspace   ] GC(1760) Metaspace: 29112K(29504K)->29112K(29504K) NonClass: 24223K(24384K)->24223K(24384K) Class: 4889K(5120K)->4889K(5120K)
[6210.494s][info][gc             ] GC(1760) Pause Young (Allocation Failure) 6892M->4584M(7004M) 109.896ms
[6210.494s][info][gc,cpu         ] GC(1760) User=0.64s Sys=0.02s Real=0.11s
..[6212.305s][info][gc,start       ] GC(1761) Pause Young (Allocation Failure)
[6212.412s][info][gc,heap        ] GC(1761) PSYoungGen: 2636282K(2636288K)->156576K(2568704K) Eden: 2477568K(2477568K)->0K(2408960K) From: 158714K(158720K)->156576K(159744K)
[6212.412s][info][gc,heap        ] GC(1761) ParOldGen: 4535495K(4535808K)->4625815K(4625920K)
[6212.412s][info][gc,metaspace   ] GC(1761) Metaspace: 29112K(29504K)->29112K(29504K) NonClass: 24223K(24384K)->24223K(24384K) Class: 4889K(5120K)->4889K(5120K)
[6212.412s][info][gc             ] GC(1761) Pause Young (Allocation Failure) 7003M->4670M(7026M) 106.817ms
[6212.412s][info][gc,cpu         ] GC(1761) User=0.61s Sys=0.03s Real=0.11s
..[6214.165s][info][gc,start       ] GC(1762) Pause Young (Allocation Failure)
[6214.271s][info][gc,heap        ] GC(1762) PSYoungGen: 2565536K(2568704K)->147853K(2602496K) Eden: 2408960K(2408960K)->0K(2408960K) From: 156576K(159744K)->147853K(193536K)
[6214.271s][info][gc,heap        ] GC(1762) ParOldGen: 4625815K(4625920K)->4721423K(4721664K)
[6214.271s][info][gc,metaspace   ] GC(1762) Metaspace: 29112K(29504K)->29112K(29504K) NonClass: 24223K(24384K)->24223K(24384K) Class: 4889K(5120K)->4889K(5120K)
[6214.271s][info][gc             ] GC(1762) Pause Young (Allocation Failure) 7022M->4755M(7152M) 105.502ms
[6214.271s][info][gc,cpu         ] GC(1762) User=0.59s Sys=0.04s Real=0.11s
..[6216.054s][info][gc,start       ] GC(1763) Pause Young (Allocation Failure)
[6216.155s][info][gc,heap        ] GC(1763) PSYoungGen: 2556813K(2602496K)->139520K(2598400K) Eden: 2408960K(2408960K)->0K(2411008K) From: 147853K(193536K)->139520K(187392K)
[6216.155s][info][gc,heap        ] GC(1763) ParOldGen: 4721423K(4721664K)->4812415K(4812800K)
[6216.155s][info][gc,metaspace   ] GC(1763) Metaspace: 29112K(29504K)->29112K(29504K) NonClass: 24223K(24384K)->24223K(24384K) Class: 4889K(5120K)->4889K(5120K)
[6216.155s][info][gc             ] GC(1763) Pause Young (Allocation Failure) 7107M->4835M(7237M) 100.693ms
[6216.155s][info][gc,cpu         ] GC(1763) User=0.57s Sys=0.02s Real=0.10s
..[6217.862s][info][gc,start       ] GC(1764) Pause Young (Allocation Failure)
[6217.960s][info][gc,heap        ] GC(1764) PSYoungGen: 2550528K(2598400K)->141920K(2601472K) Eden: 2411008K(2411008K)->0K(2411008K) From: 139520K(187392K)->141920K(190464K)
[6217.960s][info][gc,heap        ] GC(1764) ParOldGen: 4812415K(4812800K)->4899951K(4900352K)
[6217.960s][info][gc,metaspace   ] GC(1764) Metaspace: 29112K(29504K)->29112K(29504K) NonClass: 24223K(24384K)->24223K(24384K) Class: 4889K(5120K)->4889K(5120K)
[6217.960s][info][gc             ] GC(1764) Pause Young (Allocation Failure) 7190M->4923M(7326M) 98.651ms
[6217.960s][info][gc,cpu         ] GC(1764) User=0.56s Sys=0.02s Real=0.10s
.[6219.677s][info][gc,start       ] GC(1765) Pause Young (Allocation Failure)
[6219.781s][info][gc,heap        ] GC(1765) PSYoungGen: 2552928K(2601472K)->146112K(2598912K) Eden: 2411008K(2411008K)->0K(2416640K) From: 141920K(190464K)->146112K(182272K)
[6219.781s][info][gc,heap        ] GC(1765) ParOldGen: 4899951K(4900352K)->4992847K(4993024K)
[6219.781s][info][gc,metaspace   ] GC(1765) Metaspace: 29112K(29504K)->29112K(29504K) NonClass: 24223K(24384K)->24223K(24384K) Class: 4889K(5120K)->4889K(5120K)
[6219.781s][info][gc             ] GC(1765) Pause Young (Allocation Failure) 7278M->5018M(7414M) 104.708ms
[6219.781s][info][gc,cpu         ] GC(1765) User=0.59s Sys=0.03s Real=0.11s
..[6221.394s][info][gc,start       ] GC(1766) Pause Young (Allocation Failure)
[6221.500s][info][gc,heap        ] GC(1766) PSYoungGen: 2562752K(2598912K)->153792K(2603008K) Eden: 2416640K(2416640K)->0K(2416640K) From: 146112K(182272K)->153792K(186368K)
[6221.500s][info][gc,heap        ] GC(1766) ParOldGen: 4992847K(4993024K)->5082911K(5083136K)
[6221.500s][info][gc,metaspace   ] GC(1766) Metaspace: 29112K(29504K)->29112K(29504K) NonClass: 24223K(24384K)->24223K(24384K) Class: 4889K(5120K)->4889K(5120K)
[6221.500s][info][gc             ] GC(1766) Pause Young (Allocation Failure) 7378M->5113M(7506M) 105.460ms
[6221.500s][info][gc,cpu         ] GC(1766) User=0.61s Sys=0.02s Real=0.11s
..[6223.225s][info][gc,start       ] GC(1767) Pause Young (Allocation Failure)
[6223.328s][info][gc,heap        ] GC(1767) PSYoungGen: 2570432K(2603008K)->146836K(2604544K) Eden: 2416640K(2416640K)->0K(2426368K) From: 153792K(186368K)->146836K(178176K)
[6223.328s][info][gc,heap        ] GC(1767) ParOldGen: 5082911K(5083136K)->5174759K(5174784K)
[6223.328s][info][gc,metaspace   ] GC(1767) Metaspace: 29112K(29504K)->29112K(29504K) NonClass: 24223K(24384K)->24223K(24384K) Class: 4889K(5120K)->4889K(5120K)
[6223.328s][info][gc             ] GC(1767) Pause Young (Allocation Failure) 7473M->5196M(7597M) 102.948ms
[6223.328s][info][gc,cpu         ] GC(1767) User=0.58s Sys=0.03s Real=0.10s
..[6224.995s][info][gc,start       ] GC(1768) Pause Young (Allocation Failure)
[6225.102s][info][gc,heap        ] GC(1768) PSYoungGen: 2573204K(2604544K)->151940K(2607616K) Eden: 2426368K(2426368K)->0K(2426368K) From: 146836K(178176K)->151940K(181248K)
[6225.102s][info][gc,heap        ] GC(1768) ParOldGen: 5174759K(5174784K)->5264887K(5264896K)
[6225.102s][info][gc,metaspace   ] GC(1768) Metaspace: 29112K(29504K)->29112K(29504K) NonClass: 24223K(24384K)->24223K(24384K) Class: 4889K(5120K)->4889K(5120K)
[6225.102s][info][gc             ] GC(1768) Pause Young (Allocation Failure) 7566M->5289M(7688M) 107.259ms
[6225.102s][info][gc,cpu         ] GC(1768) User=0.61s Sys=0.03s Real=0.11s
..[6226.875s][info][gc,start       ] GC(1769) Pause Young (Allocation Failure)
[6226.973s][info][gc,heap        ] GC(1769) PSYoungGen: 2578308K(2607616K)->139328K(2612224K) Eden: 2426368K(2426368K)->0K(2436096K) From: 151940K(181248K)->139328K(176128K)
[6226.973s][info][gc,heap        ] GC(1769) ParOldGen: 5264887K(5264896K)->5357071K(5357568K)
[6226.973s][info][gc,metaspace   ] GC(1769) Metaspace: 29112K(29504K)->29112K(29504K) NonClass: 24223K(24384K)->24223K(24384K) Class: 4889K(5120K)->4889K(5120K)
[6226.973s][info][gc             ] GC(1769) Pause Young (Allocation Failure) 7659M->5367M(7783M) 98.820ms
[6226.973s][info][gc,cpu         ] GC(1769) User=0.56s Sys=0.03s Real=0.10s
.[6228.785s][info][gc,start       ] GC(1770) Pause Young (Allocation Failure)
[6228.885s][info][gc,heap        ] GC(1770) PSYoungGen: 2575424K(2612224K)->138528K(2613760K) Eden: 2436096K(2436096K)->0K(2436096K) From: 139328K(176128K)->138528K(177664K)
[6228.885s][info][gc,heap        ] GC(1770) ParOldGen: 5357071K(5357568K)->5448167K(5448192K)
[6228.885s][info][gc,metaspace   ] GC(1770) Metaspace: 29112K(29504K)->29112K(29504K) NonClass: 24223K(24384K)->24223K(24384K) Class: 4889K(5120K)->4889K(5120K)
[6228.885s][info][gc             ] GC(1770) Pause Young (Allocation Failure) 7746M->5455M(7873M) 99.508ms
[6228.885s][info][gc,cpu         ] GC(1770) User=0.56s Sys=0.02s Real=0.10s
..[6230.621s][info][gc,start       ] GC(1771) Pause Young (Allocation Failure)
[6230.721s][info][gc,heap        ] GC(1771) PSYoungGen: 2574624K(2613760K)->135872K(2616832K) Eden: 2436096K(2436096K)->0K(2441216K) From: 138528K(177664K)->135872K(175616K)
[6230.721s][info][gc,heap        ] GC(1771) ParOldGen: 5448167K(5448192K)->5539455K(5539840K)
[6230.721s][info][gc,metaspace   ] GC(1771) Metaspace: 29112K(29504K)->29112K(29504K) NonClass: 24223K(24384K)->24223K(24384K) Class: 4889K(5120K)->4889K(5120K)
[6230.721s][info][gc             ] GC(1771) Pause Young (Allocation Failure) 7834M->5542M(7965M) 99.548ms
[6230.721s][info][gc,cpu         ] GC(1771) User=0.56s Sys=0.02s Real=0.10s
..[6232.580s][info][gc,start       ] GC(1772) Pause Full (Allocation Failure)
[6232.580s][info][gc,phases,start] GC(1772) Marking Phase
[6232.879s][info][gc,phases      ] GC(1772) Marking Phase 299.512ms
[6232.879s][info][gc,phases,start] GC(1772) Summary Phase
[6232.879s][info][gc,phases      ] GC(1772) Summary Phase 0.094ms
[6232.879s][info][gc,phases,start] GC(1772) Forward
[6233.011s][info][gc,phases      ] GC(1772) Forward 131.376ms
[6233.011s][info][gc,phases,start] GC(1772) Adjust Pointers
[6233.208s][info][gc,phases      ] GC(1772) Adjust Pointers 197.454ms
[6233.208s][info][gc,phases,start] GC(1772) Compaction Phase
[6233.336s][info][gc,phases      ] GC(1772) Compaction Phase 127.152ms
[6233.337s][info][gc,phases,start] GC(1772) Post Compact
[6233.344s][info][gc,phases      ] GC(1772) Post Compact 6.794ms
[6233.467s][info][gc,heap        ] GC(1772) PSYoungGen: 2577088K(2616832K)->0K(2617856K) Eden: 2441216K(2441216K)->0K(2441216K) From: 135872K(175616K)->0K(176640K)
[6233.467s][info][gc,heap        ] GC(1772) ParOldGen: 5539455K(5539840K)->1423023K(1724416K)
[6233.467s][info][gc,metaspace   ] GC(1772) Metaspace: 29112K(29504K)->29112K(29504K) NonClass: 24223K(24384K)->24223K(24384K) Class: 4889K(5120K)->4889K(5120K)
[6233.467s][info][gc             ] GC(1772) Pause Full (Allocation Failure) 7926M->1389M(4240M) 886.986ms
[6233.467s][info][gc,cpu         ] GC(1772) User=4.07s Sys=0.12s Real=0.88s
..[6234.863s][info][gc,start       ] GC(1773) Pause Young (Allocation Failure)
[6234.982s][info][gc,heap        ] GC(1773) PSYoungGen: 2441216K(2617856K)->156308K(2618368K) Eden: 2441216K(2441216K)->0K(2441728K) From: 0K(176640K)->156308K(176640K)
[6234.982s][info][gc,heap        ] GC(1773) ParOldGen: 1423023K(1724416K)->1423023K(1724416K)
[6234.982s][info][gc,metaspace   ] GC(1773) Metaspace: 29112K(29504K)->29112K(29504K) NonClass: 24223K(24384K)->24223K(24384K) Class: 4889K(5120K)->4889K(5120K)
[6234.982s][info][gc             ] GC(1773) Pause Young (Allocation Failure) 3773M->1542M(4241M) 118.759ms
[6234.982s][info][gc,cpu         ] GC(1773) User=0.43s Sys=0.00s Real=0.12s
. (rIR:aIR:PR = 10654:10640:10649) (tPR = 157973) [OK] 
  6235s: Performance info:
         Transaction,    Success,    Partial,     Failed,   Receipts, AvgBarcode, 
             Overall,     648051,          0,          0,     615963,      59.47, 
         Response times:
             Request,    Success,    Partial,     Failed,   SkipFail,     Probes,    Samples,      min,      p50,      p90,      p95,      p99,      max, 
       TotalPurchase,     614882,          0,          0,          0,     348472,     443662,      200,     8100,    75000,   137000,   413000,  1100000,
     InStorePurchase,     324195,          0,          0,          0,     183340,     233127,      200,     8100,    74000,   137000,   399000,  1100000,
      OnlinePurchase,     227093,          0,          0,          0,     128552,     163672,      300,     8200,    76000,   139000,   397000,  1100000,
        InstPurchase,      63594,          0,          0,          0,      36580,      46863,      400,     7700,    74000,   134000,   513000,   920000,
          AssocOfCat,        648,          0,          0,          0,        532,        801,    21000,    47000,   121000,   177800,   408640,   560000,
      AssocOfProduct,       6515,          0,          0,          0,       3612,       4836,     1000,     8400,    75000,   130150,   388000,   593000,
      BusinessReport,       1615,          0,          0,          0,       1383,       1871,    27000,    58000,   142000,   191000,   630000,  1100000,
          CustBuyBeh,       6469,          0,          0,          0,       3597,       4744,      300,     8200,    72500,   120000,   559000,   920000,
       ProductReturn,      17006,          0,          0,          0,       9114,      11838,      100,     7100,    70000,   130050,   455000,   930000,

  6235s: (78%)   IR =  10793 [6236.543s][info][gc,start       ] GC(1774) Pause Young (Allocation Failure)
[6236.634s][info][gc,heap        ] GC(1774) PSYoungGen: 2598036K(2618368K)->132928K(2618880K) Eden: 2441728K(2441728K)->0K(2441728K) From: 156308K(176640K)->132928K(177152K)
[6236.634s][info][gc,heap        ] GC(1774) ParOldGen: 1423023K(1724416K)->1515612K(1724416K)
[6236.634s][info][gc,metaspace   ] GC(1774) Metaspace: 29112K(29504K)->29112K(29504K) NonClass: 24223K(24384K)->24223K(24384K) Class: 4889K(5120K)->4889K(5120K)
[6236.634s][info][gc             ] GC(1774) Pause Young (Allocation Failure) 3926M->1609M(4241M) 90.341ms
[6236.634s][info][gc,cpu         ] GC(1774) User=0.54s Sys=0.00s Real=0.09s
..[6238.389s][info][gc,start       ] GC(1775) Pause Young (Allocation Failure)
[6238.485s][info][gc,heap        ] GC(1775) PSYoungGen: 2574656K(2618880K)->150624K(2615808K) Eden: 2441728K(2441728K)->0K(2442240K) From: 132928K(177152K)->150624K(173568K)
[6238.485s][info][gc,heap        ] GC(1775) ParOldGen: 1515612K(1724416K)->1604964K(1724416K)
[6238.485s][info][gc,metaspace   ] GC(1775) Metaspace: 29112K(29504K)->29112K(29504K) NonClass: 24223K(24384K)->24223K(24384K) Class: 4889K(5120K)->4889K(5120K)
[6238.485s][info][gc             ] GC(1775) Pause Young (Allocation Failure) 3994M->1714M(4238M) 96.507ms
[6238.485s][info][gc,cpu         ] GC(1775) User=0.57s Sys=0.00s Real=0.10s
..[6240.386s][info][gc,start       ] GC(1776) Pause Young (Allocation Failure)
[6240.486s][info][gc,heap        ] GC(1776) PSYoungGen: 2592864K(2615808K)->156912K(2617344K) Eden: 2442240K(2442240K)->0K(2442240K) From: 150624K(173568K)->156912K(175104K)
[6240.486s][info][gc,heap        ] GC(1776) ParOldGen: 1604964K(1724416K)->1697604K(1724416K)
[6240.486s][info][gc,metaspace   ] GC(1776) Metaspace: 29112K(29504K)->29112K(29504K) NonClass: 24223K(24384K)->24223K(24384K) Class: 4889K(5120K)->4889K(5120K)
[6240.486s][info][gc             ] GC(1776) Pause Young (Allocation Failure) 4099M->1811M(4240M) 100.035ms
[6240.486s][info][gc,cpu         ] GC(1776) User=0.60s Sys=0.00s Real=0.10s
..[6242.208s][info][gc,start       ] GC(1777) Pause Young (Allocation Failure)
[6242.304s][info][gc,heap        ] GC(1777) PSYoungGen: 2599152K(2617344K)->141760K(2617856K) Eden: 2442240K(2442240K)->0K(2444800K) From: 156912K(175104K)->141760K(173056K)
[6242.304s][info][gc,heap        ] GC(1777) ParOldGen: 1697604K(1724416K)->1788676K(1788928K)
[6242.304s][info][gc,metaspace   ] GC(1777) Metaspace: 29112K(29504K)->29112K(29504K) NonClass: 24223K(24384K)->24223K(24384K) Class: 4889K(5120K)->4889K(5120K)
[6242.304s][info][gc             ] GC(1777) Pause Young (Allocation Failure) 4196M->1885M(4303M) 95.458ms
[6242.304s][info][gc,cpu         ] GC(1777) User=0.54s Sys=0.03s Real=0.10s
.[6243.997s][info][gc,start       ] GC(1778) Pause Young (Allocation Failure)
[6244.099s][info][gc,heap        ] GC(1778) PSYoungGen: 2586560K(2617856K)->150928K(2618880K) Eden: 2444800K(2444800K)->0K(2444800K) From: 141760K(173056K)->150928K(174080K)
[6244.099s][info][gc,heap        ] GC(1778) ParOldGen: 1788676K(1788928K)->1878396K(1878528K)
[6244.099s][info][gc,metaspace   ] GC(1778) Metaspace: 29112K(29504K)->29112K(29504K) NonClass: 24223K(24384K)->24223K(24384K) Class: 4889K(5120K)->4889K(5120K)
[6244.099s][info][gc             ] GC(1778) Pause Young (Allocation Failure) 4272M->1981M(4392M) 101.855ms
[6244.099s][info][gc,cpu         ] GC(1778) User=0.57s Sys=0.04s Real=0.10s
..[6245.710s][info][gc,start       ] GC(1779) Pause Young (Allocation Failure)
[6245.811s][info][gc,heap        ] GC(1779) PSYoungGen: 2595728K(2618880K)->144405K(2617856K) Eden: 2444800K(2444800K)->0K(2448896K) From: 150928K(174080K)->144405K(168960K)
[6245.811s][info][gc,heap        ] GC(1779) ParOldGen: 1878396K(1878528K)->1972076K(1972224K)
[6245.811s][info][gc,metaspace   ] GC(1779) Metaspace: 29112K(29504K)->29112K(29504K) NonClass: 24223K(24384K)->24223K(24384K) Class: 4889K(5120K)->4889K(5120K)
[6245.811s][info][gc             ] GC(1779) Pause Young (Allocation Failure) 4369M->2066M(4482M) 100.686ms
[6245.811s][info][gc,cpu         ] GC(1779) User=0.56s Sys=0.04s Real=0.10s
..[6247.541s][info][gc,start       ] GC(1780) Pause Young (Allocation Failure)
[6247.641s][info][gc,heap        ] GC(1780) PSYoungGen: 2593301K(2617856K)->147761K(2619904K) Eden: 2448896K(2448896K)->0K(2448896K) From: 144405K(168960K)->147761K(171008K)
[6247.641s][info][gc,heap        ] GC(1780) ParOldGen: 1972076K(1972224K)->2061356K(2061824K)
[6247.641s][info][gc,metaspace   ] GC(1780) Metaspace: 29112K(29504K)->29112K(29504K) NonClass: 24223K(24384K)->24223K(24384K) Class: 4889K(5120K)->4889K(5120K)
[6247.641s][info][gc             ] GC(1780) Pause Young (Allocation Failure) 4458M->2157M(4572M) 100.021ms
[6247.641s][info][gc,cpu         ] GC(1780) User=0.56s Sys=0.03s Real=0.10s
..[6249.288s][info][gc,start       ] GC(1781) Pause Young (Allocation Failure)
[6249.388s][info][gc,heap        ] GC(1781) PSYoungGen: 2596657K(2619904K)->148384K(2620928K) Eden: 2448896K(2448896K)->0K(2456064K) From: 147761K(171008K)->148384K(164864K)
[6249.388s][info][gc,heap        ] GC(1781) ParOldGen: 2061356K(2061824K)->2153108K(2153472K)
[6249.388s][info][gc,metaspace   ] GC(1781) Metaspace: 29112K(29504K)->29112K(29504K) NonClass: 24223K(24384K)->24223K(24384K) Class: 4889K(5120K)->4889K(5120K)
[6249.388s][info][gc             ] GC(1781) Pause Young (Allocation Failure) 4548M->2247M(4662M) 99.465ms
[6249.388s][info][gc,cpu         ] GC(1781) User=0.57s Sys=0.02s Real=0.10s
.[6251.033s][info][gc,start       ] GC(1782) Pause Young (Allocation Failure)
[6251.132s][info][gc,heap        ] GC(1782) PSYoungGen: 2604448K(2620928K)->145040K(2622976K) Eden: 2456064K(2456064K)->0K(2456064K) From: 148384K(164864K)->145040K(166912K)
[6251.132s][info][gc,heap        ] GC(1782) ParOldGen: 2153108K(2153472K)->2246428K(2246656K)
[6251.132s][info][gc,metaspace   ] GC(1782) Metaspace: 29112K(29504K)->29112K(29504K) NonClass: 24223K(24384K)->24223K(24384K) Class: 4889K(5120K)->4889K(5120K)
[6251.132s][info][gc             ] GC(1782) Pause Young (Allocation Failure) 4646M->2335M(4755M) 98.652ms
[6251.132s][info][gc,cpu         ] GC(1782) User=0.56s Sys=0.02s Real=0.10s
..[6252.892s][info][gc,start       ] GC(1783) Pause Young (Allocation Failure)
[6252.988s][info][gc,heap        ] GC(1783) PSYoungGen: 2601104K(2622976K)->142240K(2627584K) Eden: 2456064K(2456064K)->0K(2463744K) From: 145040K(166912K)->142240K(163840K)
[6252.988s][info][gc,heap        ] GC(1783) ParOldGen: 2246428K(2246656K)->2336148K(2336256K)
[6252.988s][info][gc,metaspace   ] GC(1783) Metaspace: 29112K(29504K)->29112K(29504K) NonClass: 24223K(24384K)->24223K(24384K) Class: 4889K(5120K)->4889K(5120K)
[6252.988s][info][gc             ] GC(1783) Pause Young (Allocation Failure) 4733M->2420M(4847M) 95.880ms
[6252.988s][info][gc,cpu         ] GC(1783) User=0.54s Sys=0.03s Real=0.09s
..[6254.750s][info][gc,start       ] GC(1784) Pause Young (Allocation Failure)
[6254.850s][info][gc,heap        ] GC(1784) PSYoungGen: 2605984K(2627584K)->145392K(2628608K) Eden: 2463744K(2463744K)->0K(2463744K) From: 142240K(163840K)->145392K(164864K)
[6254.850s][info][gc,heap        ] GC(1784) ParOldGen: 2336148K(2336256K)->2429052K(2429440K)
[6254.850s][info][gc,metaspace   ] GC(1784) Metaspace: 29112K(29504K)->29112K(29504K) NonClass: 24223K(24384K)->24223K(24384K) Class: 4889K(5120K)->4889K(5120K)
[6254.850s][info][gc             ] GC(1784) Pause Young (Allocation Failure) 4826M->2514M(4939M) 100.029ms
[6254.850s][info][gc,cpu         ] GC(1784) User=0.57s Sys=0.03s Real=0.10s
..[6256.551s][info][gc,start       ] GC(1785) Pause Young (Allocation Failure)
[6256.646s][info][gc,heap        ] GC(1785) PSYoungGen: 2609136K(2628608K)->135520K(2630656K) Eden: 2463744K(2463744K)->0K(2467328K) From: 145392K(164864K)->135520K(163328K)
[6256.646s][info][gc,heap        ] GC(1785) ParOldGen: 2429052K(2429440K)->2520852K(2521088K)
[6256.646s][info][gc,metaspace   ] GC(1785) Metaspace: 29112K(29504K)->29112K(29504K) NonClass: 24223K(24384K)->24223K(24384K) Class: 4889K(5120K)->4889K(5120K)
[6256.646s][info][gc             ] GC(1785) Pause Young (Allocation Failure) 4920M->2594M(5031M) 95.608ms
[6256.646s][info][gc,cpu         ] GC(1785) User=0.55s Sys=0.02s Real=0.09s
..[6258.429s][info][gc,start       ] GC(1786) Pause Young (Allocation Failure)
[6258.537s][info][gc,heap        ] GC(1786) PSYoungGen: 2602848K(2630656K)->156500K(2624000K) Eden: 2467328K(2467328K)->0K(2467328K) From: 135520K(163328K)->156500K(156672K)
[6258.537s][info][gc,heap        ] GC(1786) ParOldGen: 2520852K(2521088K)->2612932K(2613248K)
[6258.537s][info][gc,metaspace   ] GC(1786) Metaspace: 29112K(29504K)->29112K(29504K) NonClass: 24223K(24384K)->24223K(24384K) Class: 4889K(5120K)->4889K(5120K)
[6258.537s][info][gc             ] GC(1786) Pause Young (Allocation Failure) 5003M->2704M(5114M) 107.562ms
[6258.537s][info][gc,cpu         ] GC(1786) User=0.62s Sys=0.02s Real=0.11s
..[6260.260s][info][gc,start       ] GC(1787) Pause Young (Allocation Failure)
[6260.358s][info][gc,heap        ] GC(1787) PSYoungGen: 2623828K(2624000K)->142784K(2631680K) Eden: 2467328K(2467328K)->0K(2465792K) From: 156500K(156672K)->142784K(165888K)
[6260.358s][info][gc,heap        ] GC(1787) ParOldGen: 2612932K(2613248K)->2706340K(2706432K)
[6260.358s][info][gc,metaspace   ] GC(1787) Metaspace: 29112K(29504K)->29112K(29504K) NonClass: 24223K(24384K)->24223K(24384K) Class: 4889K(5120K)->4889K(5120K)
[6260.358s][info][gc             ] GC(1787) Pause Young (Allocation Failure) 5114M->2782M(5213M) 98.281ms
[6260.358s][info][gc,cpu         ] GC(1787) User=0.56s Sys=0.02s Real=0.09s
.[6262.069s][info][gc,start       ] GC(1788) Pause Young (Allocation Failure)
[6262.167s][info][gc,heap        ] GC(1788) PSYoungGen: 2608576K(2631680K)->145920K(2612224K) Eden: 2465792K(2465792K)->0K(2465792K) From: 142784K(165888K)->145920K(146432K)
[6262.167s][info][gc,heap        ] GC(1788) ParOldGen: 2706340K(2706432K)->2795660K(2796032K)
[6262.167s][info][gc,metaspace   ] GC(1788) Metaspace: 29112K(29504K)->29112K(29504K) NonClass: 24223K(24384K)->24223K(24384K) Class: 4889K(5120K)->4889K(5120K)
[6262.167s][info][gc             ] GC(1788) Pause Young (Allocation Failure) 5190M->2872M(5281M) 98.358ms
[6262.167s][info][gc,cpu         ] GC(1788) User=0.57s Sys=0.03s Real=0.10s
..[6263.944s][info][gc,start       ] GC(1789) Pause Young (Allocation Failure)
[6264.045s][info][gc,heap        ] GC(1789) PSYoungGen: 2611712K(2612224K)->145600K(2630144K) Eden: 2465792K(2465792K)->0K(2467328K) From: 145920K(146432K)->145600K(162816K)
[6264.045s][info][gc,heap        ] GC(1789) ParOldGen: 2795660K(2796032K)->2888020K(2888192K)
[6264.045s][info][gc,metaspace   ] GC(1789) Metaspace: 29112K(29504K)->29112K(29504K) NonClass: 24223K(24384K)->24223K(24384K) Class: 4889K(5120K)->4889K(5120K)
[6264.045s][info][gc             ] GC(1789) Pause Young (Allocation Failure) 5280M->2962M(5389M) 100.608ms
[6264.045s][info][gc,cpu         ] GC(1789) User=0.56s Sys=0.03s Real=0.10s
..[6265.752s][info][gc,start       ] GC(1790) Pause Young (Allocation Failure)
[6265.855s][info][gc,heap        ] GC(1790) PSYoungGen: 2612928K(2630144K)->150399K(2628608K) Eden: 2467328K(2467328K)->0K(2467328K) From: 145600K(162816K)->150399K(161280K)
[6265.855s][info][gc,heap        ] GC(1790) ParOldGen: 2888020K(2888192K)->2978660K(2978816K)
[6265.855s][info][gc,metaspace   ] GC(1790) Metaspace: 29112K(29504K)->29112K(29504K) NonClass: 24223K(24384K)->24223K(24384K) Class: 4889K(5120K)->4889K(5120K)
[6265.855s][info][gc             ] GC(1790) Pause Young (Allocation Failure) 5372M->3055M(5476M) 103.033ms
[6265.855s][info][gc,cpu         ] GC(1790) User=0.58s Sys=0.03s Real=0.10s
. (rIR:aIR:PR = 10793:11087:11087) (tPR = 164607) [IR is over limit] [PR is over limit] 
  6265s: Performance info:
         Transaction,    Success,    Partial,     Failed,   Receipts, AvgBarcode, 
             Overall,     223620,          0,          0,     212474,      59.47, 
         Response times:
             Request,    Success,    Partial,     Failed,   SkipFail,     Probes,    Samples,      min,      p50,      p90,      p95,      p99,      max, 
       TotalPurchase,     212474,          0,          0,          0,     119502,     179511,      300,     8000,    60000,   101000,   154000,   285000,
     InStorePurchase,     113344,          0,          0,          0,      62722,      94352,      300,     8000,    60000,   101000,   154000,   285000,
      OnlinePurchase,      77600,          0,          0,          0,      44012,      65785,      300,     8100,    60000,   102000,   155000,   285000,
        InstPurchase,      21530,          0,          0,          0,      12768,      19374,      400,     7900,    60000,   101000,   153250,   273000,
          AssocOfCat,        215,          0,          0,          0,        191,        326,    23000,    46000,   100000,   122900,   187980,   215000,
      AssocOfProduct,       2184,          0,          0,          0,       1275,       1998,      500,     9900,    67100,   103000,   157000,   201000,
      BusinessReport,        539,          0,          0,          0,        497,        786,    29000,    63000,   151300,   179650,   222390,   286000,
          CustBuyBeh,       2274,          0,          0,          0,       1277,       2039,     1100,     9300,    63000,   102000,   171600,   218000,
       ProductReturn,       5934,          0,          0,          0,       3185,       4890,      300,     8600,    66000,   104000,   154090,   269000,

  6265s: 
  6265s: Failed, 9 overall retries left, retrying 1 of 1
  6265s: (78%)   IR =  10793 .[6267.726s][info][gc,start       ] GC(1791) Pause Young (Allocation Failure)
[6267.824s][info][gc,heap        ] GC(1791) PSYoungGen: 2617727K(2628608K)->139735K(2633216K) Eden: 2467328K(2467328K)->0K(2471936K) From: 150399K(161280K)->139735K(161280K)
[6267.824s][info][gc,heap        ] GC(1791) ParOldGen: 2978660K(2978816K)->3071564K(3072000K)
[6267.824s][info][gc,metaspace   ] GC(1791) Metaspace: 29113K(29504K)->29113K(29504K) NonClass: 24223K(24384K)->24223K(24384K) Class: 4889K(5120K)->4889K(5120K)
[6267.824s][info][gc             ] GC(1791) Pause Young (Allocation Failure) 5465M->3136M(5571M) 98.022ms
[6267.824s][info][gc,cpu         ] GC(1791) User=0.55s Sys=0.03s Real=0.10s
..[6269.612s][info][gc,start       ] GC(1792) Pause Young (Allocation Failure)
[6269.714s][info][gc,heap        ] GC(1792) PSYoungGen: 2611671K(2633216K)->147680K(2633216K) Eden: 2471936K(2471936K)->0K(2471936K) From: 139735K(161280K)->147680K(161280K)
[6269.714s][info][gc,heap        ] GC(1792) ParOldGen: 3071564K(3072000K)->3164340K(3164672K)
[6269.714s][info][gc,metaspace   ] GC(1792) Metaspace: 29113K(29504K)->29113K(29504K) NonClass: 24223K(24384K)->24223K(24384K) Class: 4889K(5120K)->4889K(5120K)
[6269.714s][info][gc             ] GC(1792) Pause Young (Allocation Failure) 5550M->3234M(5662M) 101.326ms
[6269.714s][info][gc,cpu         ] GC(1792) User=0.58s Sys=0.02s Real=0.10s
..[6271.519s][info][gc,start       ] GC(1793) Pause Young (Allocation Failure)
[6271.620s][info][gc,heap        ] GC(1793) PSYoungGen: 2619616K(2633216K)->150880K(2633216K) Eden: 2471936K(2471936K)->0K(2472960K) From: 147680K(161280K)->150880K(160256K)
[6271.620s][info][gc,heap        ] GC(1793) ParOldGen: 3164340K(3164672K)->3255052K(3255296K)
[6271.620s][info][gc,metaspace   ] GC(1793) Metaspace: 29113K(29504K)->29113K(29504K) NonClass: 24223K(24384K)->24223K(24384K) Class: 4889K(5120K)->4889K(5120K)
[6271.620s][info][gc             ] GC(1793) Pause Young (Allocation Failure) 5648M->3326M(5750M) 100.926ms
[6271.620s][info][gc,cpu         ] GC(1793) User=0.58s Sys=0.03s Real=0.11s
.[6273.291s][info][gc,start       ] GC(1794) Pause Young (Allocation Failure)
[6273.391s][info][gc,heap        ] GC(1794) PSYoungGen: 2623840K(2633216K)->146400K(2633728K) Eden: 2472960K(2472960K)->0K(2472960K) From: 150880K(160256K)->146400K(160768K)
[6273.391s][info][gc,heap        ] GC(1794) ParOldGen: 3255052K(3255296K)->3348828K(3348992K)
[6273.391s][info][gc,metaspace   ] GC(1794) Metaspace: 29113K(29504K)->29113K(29504K) NonClass: 24223K(24384K)->24223K(24384K) Class: 4889K(5120K)->4889K(5120K)
[6273.391s][info][gc             ] GC(1794) Pause Young (Allocation Failure) 5741M->3413M(5842M) 100.056ms
[6273.391s][info][gc,cpu         ] GC(1794) User=0.56s Sys=0.05s Real=0.10s
..[6275.332s][info][gc,start       ] GC(1795) Pause Young (Allocation Failure)
[6275.441s][info][gc,heap        ] GC(1795) PSYoungGen: 2619360K(2633728K)->159230K(2562048K) Eden: 2472960K(2472960K)->0K(2402816K) From: 146400K(160768K)->159230K(159232K)
[6275.441s][info][gc,heap        ] GC(1795) ParOldGen: 3348828K(3348992K)->3440636K(3440640K)
[6275.441s][info][gc,metaspace   ] GC(1795) Metaspace: 29113K(29504K)->29113K(29504K) NonClass: 24223K(24384K)->24223K(24384K) Class: 4889K(5120K)->4889K(5120K)
[6275.441s][info][gc             ] GC(1795) Pause Young (Allocation Failure) 5828M->3515M(5862M) 108.946ms
[6275.441s][info][gc,cpu         ] GC(1795) User=0.62s Sys=0.03s Real=0.11s
..[6277.261s][info][gc,start       ] GC(1796) Pause Young (Allocation Failure)
[6277.359s][info][gc,heap        ] GC(1796) PSYoungGen: 2562046K(2562048K)->138176K(2599424K) Eden: 2402816K(2402816K)->0K(2402816K) From: 159230K(159232K)->138176K(196608K)
[6277.359s][info][gc,heap        ] GC(1796) ParOldGen: 3440636K(3440640K)->3532540K(3532800K)
[6277.359s][info][gc,metaspace   ] GC(1796) Metaspace: 29113K(29504K)->29113K(29504K) NonClass: 24223K(24384K)->24223K(24384K) Class: 4889K(5120K)->4889K(5120K)
[6277.359s][info][gc             ] GC(1796) Pause Young (Allocation Failure) 5861M->3584M(5988M) 97.798ms
[6277.359s][info][gc,cpu         ] GC(1796) User=0.56s Sys=0.02s Real=0.09s
..[6279.031s][info][gc,start       ] GC(1797) Pause Young (Allocation Failure)
[6279.131s][info][gc,heap        ] GC(1797) PSYoungGen: 2540992K(2599424K)->146612K(2593792K) Eden: 2402816K(2402816K)->0K(2403328K) From: 138176K(196608K)->146612K(190464K)
[6279.131s][info][gc,heap        ] GC(1797) ParOldGen: 3532540K(3532800K)->3623268K(3623424K)
[6279.132s][info][gc,metaspace   ] GC(1797) Metaspace: 29113K(29504K)->29113K(29504K) NonClass: 24223K(24384K)->24223K(24384K) Class: 4889K(5120K)->4889K(5120K)
[6279.132s][info][gc             ] GC(1797) Pause Young (Allocation Failure) 5931M->3681M(6071M) 100.570ms
[6279.132s][info][gc,cpu         ] GC(1797) User=0.57s Sys=0.03s Real=0.10s
..[6280.827s][info][gc,start       ] GC(1798) Pause Young (Allocation Failure)
[6280.925s][info][gc,heap        ] GC(1798) PSYoungGen: 2549940K(2593792K)->143080K(2596864K) Eden: 2403328K(2403328K)->0K(2403328K) From: 146612K(190464K)->143080K(193536K)
[6280.925s][info][gc,heap        ] GC(1798) ParOldGen: 3623268K(3623424K)->3710668K(3710976K)
[6280.925s][info][gc,metaspace   ] GC(1798) Metaspace: 29113K(29504K)->29113K(29504K) NonClass: 24223K(24384K)->24223K(24384K) Class: 4889K(5120K)->4889K(5120K)
[6280.925s][info][gc             ] GC(1798) Pause Young (Allocation Failure) 6028M->3763M(6160M) 97.899ms
[6280.925s][info][gc,cpu         ] GC(1798) User=0.55s Sys=0.03s Real=0.10s
..[6282.588s][info][gc,start       ] GC(1799) Pause Young (Allocation Failure)
[6282.686s][info][gc,heap        ] GC(1799) PSYoungGen: 2546408K(2596864K)->136468K(2599424K) Eden: 2403328K(2403328K)->0K(2411008K) From: 143080K(193536K)->136468K(188416K)
[6282.686s][info][gc,heap        ] GC(1799) ParOldGen: 3710668K(3710976K)->3800660K(3801088K)
[6282.686s][info][gc,metaspace   ] GC(1799) Metaspace: 29113K(29504K)->29113K(29504K) NonClass: 24223K(24384K)->24223K(24384K) Class: 4889K(5120K)->4889K(5120K)
[6282.686s][info][gc             ] GC(1799) Pause Young (Allocation Failure) 6110M->3844M(6250M) 97.770ms
[6282.686s][info][gc,cpu         ] GC(1799) User=0.55s Sys=0.03s Real=0.10s
.[6284.442s][info][gc,start       ] GC(1800) Pause Young (Allocation Failure)
[6284.544s][info][gc,heap        ] GC(1800) PSYoungGen: 2547476K(2599424K)->146198K(2601472K) Eden: 2411008K(2411008K)->0K(2411008K) From: 136468K(188416K)->146198K(190464K)
[6284.544s][info][gc,heap        ] GC(1800) ParOldGen: 3800660K(3801088K)->3893620K(3893760K)
[6284.544s][info][gc,metaspace   ] GC(1800) Metaspace: 29113K(29504K)->29113K(29504K) NonClass: 24223K(24384K)->24223K(24384K) Class: 4889K(5120K)->4889K(5120K)
[6284.544s][info][gc             ] GC(1800) Pause Young (Allocation Failure) 6199M->3945M(6343M) 101.893ms
[6284.544s][info][gc,cpu         ] GC(1800) User=0.58s Sys=0.03s Real=0.10s
..[6286.275s][info][gc,start       ] GC(1801) Pause Young (Allocation Failure)
[6286.376s][info][gc,heap        ] GC(1801) PSYoungGen: 2557206K(2601472K)->147364K(2600448K) Eden: 2411008K(2411008K)->0K(2418176K) From: 146198K(190464K)->147364K(182272K)
[6286.376s][info][gc,heap        ] GC(1801) ParOldGen: 3893620K(3893760K)->3983012K(3983360K)
[6286.376s][info][gc,metaspace   ] GC(1801) Metaspace: 29113K(29504K)->29113K(29504K) NonClass: 24223K(24384K)->24223K(24384K) Class: 4889K(5120K)->4889K(5120K)
[6286.376s][info][gc             ] GC(1801) Pause Young (Allocation Failure) 6299M->4033M(6429M) 100.855ms
[6286.376s][info][gc,cpu         ] GC(1801) User=0.58s Sys=0.02s Real=0.10s
..[6288.102s][info][gc,start       ] GC(1802) Pause Young (Allocation Failure)
[6288.204s][info][gc,heap        ] GC(1802) PSYoungGen: 2565540K(2600448K)->144756K(2602496K) Eden: 2418176K(2418176K)->0K(2418176K) From: 147364K(182272K)->144756K(184320K)
[6288.204s][info][gc,heap        ] GC(1802) ParOldGen: 3983012K(3983360K)->4074332K(4074496K)
[6288.204s][info][gc,metaspace   ] GC(1802) Metaspace: 29113K(29504K)->29113K(29504K) NonClass: 24223K(24384K)->24223K(24384K) Class: 4889K(5120K)->4889K(5120K)
[6288.204s][info][gc             ] GC(1802) Pause Young (Allocation Failure) 6395M->4120M(6520M) 101.941ms
[6288.204s][info][gc,cpu         ] GC(1802) User=0.58s Sys=0.03s Real=0.10s
..[6289.919s][info][gc,start       ] GC(1803) Pause Young (Allocation Failure)
[6290.017s][info][gc,heap        ] GC(1803) PSYoungGen: 2562932K(2602496K)->143253K(2607616K) Eden: 2418176K(2418176K)->0K(2429440K) From: 144756K(184320K)->143253K(178176K)
[6290.017s][info][gc,heap        ] GC(1803) ParOldGen: 4074332K(4074496K)->4162468K(4162560K)
[6290.017s][info][gc,metaspace   ] GC(1803) Metaspace: 29113K(29504K)->29113K(29504K) NonClass: 24223K(24384K)->24223K(24384K) Class: 4889K(5120K)->4889K(5120K)
[6290.018s][info][gc             ] GC(1803) Pause Young (Allocation Failure) 6481M->4204M(6611M) 98.208ms
[6290.018s][info][gc,cpu         ] GC(1803) User=0.56s Sys=0.03s Real=0.10s
..[6291.768s][info][gc,start       ] GC(1804) Pause Young (Allocation Failure)
[6291.868s][info][gc,heap        ] GC(1804) PSYoungGen: 2572693K(2607616K)->141220K(2609664K) Eden: 2429440K(2429440K)->0K(2429440K) From: 143253K(178176K)->141220K(180224K)
[6291.868s][info][gc,heap        ] GC(1804) ParOldGen: 4162468K(4162560K)->4253580K(4253696K)
[6291.868s][info][gc,metaspace   ] GC(1804) Metaspace: 29113K(29504K)->29113K(29504K) NonClass: 24223K(24384K)->24223K(24384K) Class: 4889K(5120K)->4889K(5120K)
[6291.868s][info][gc             ] GC(1804) Pause Young (Allocation Failure) 6577M->4291M(6702M) 99.988ms
[6291.868s][info][gc,cpu         ] GC(1804) User=0.56s Sys=0.03s Real=0.10s
.[6293.613s][info][gc,start       ] GC(1805) Pause Young (Allocation Failure)
[6293.715s][info][gc,heap        ] GC(1805) PSYoungGen: 2570660K(2609664K)->141540K(2612736K) Eden: 2429440K(2429440K)->0K(2437632K) From: 141220K(180224K)->141540K(175104K)
[6293.715s][info][gc,heap        ] GC(1805) ParOldGen: 4253580K(4253696K)->4345236K(4345344K)
[6293.715s][info][gc,metaspace   ] GC(1805) Metaspace: 29113K(29504K)->29113K(29504K) NonClass: 24223K(24384K)->24223K(24384K) Class: 4889K(5120K)->4889K(5120K)
[6293.715s][info][gc             ] GC(1805) Pause Young (Allocation Failure) 6664M->4381M(6795M) 101.511ms
[6293.715s][info][gc,cpu         ] GC(1805) User=0.57s Sys=0.04s Real=0.10s
..[6295.402s][info][gc,start       ] GC(1806) Pause Young (Allocation Failure)
[6295.504s][info][gc,heap        ] GC(1806) PSYoungGen: 2579172K(2612736K)->148592K(2614272K) Eden: 2437632K(2437632K)->0K(2437632K) From: 141540K(175104K)->148592K(176640K)
[6295.504s][info][gc,heap        ] GC(1806) ParOldGen: 4345236K(4345344K)->4434052K(4434432K)
[6295.504s][info][gc,metaspace   ] GC(1806) Metaspace: 29113K(29504K)->29113K(29504K) NonClass: 24223K(24384K)->24223K(24384K) Class: 4889K(5120K)->4889K(5120K)
[6295.504s][info][gc             ] GC(1806) Pause Young (Allocation Failure) 6762M->4475M(6883M) 101.486ms
[6295.504s][info][gc,cpu         ] GC(1806) User=0.57s Sys=0.03s Real=0.10s
.|.[6297.276s][info][gc,start       ] GC(1807) Pause Young (Allocation Failure)
[6297.378s][info][gc,heap        ] GC(1807) PSYoungGen: 2586224K(2614272K)->145364K(2616320K) Eden: 2437632K(2437632K)->0K(2445312K) From: 148592K(176640K)->145364K(171008K)
[6297.378s][info][gc,heap        ] GC(1807) ParOldGen: 4434052K(4434432K)->4527980K(4528128K)
[6297.378s][info][gc,metaspace   ] GC(1807) Metaspace: 29113K(29504K)->29113K(29504K) NonClass: 24223K(24384K)->24223K(24384K) Class: 4889K(5120K)->4889K(5120K)
[6297.378s][info][gc             ] GC(1807) Pause Young (Allocation Failure) 6855M->4563M(6977M) 101.616ms
[6297.378s][info][gc,cpu         ] GC(1807) User=0.58s Sys=0.02s Real=0.10s
..[6299.093s][info][gc,start       ] GC(1808) Pause Young (Allocation Failure)
[6299.192s][info][gc,heap        ] GC(1808) PSYoungGen: 2590676K(2616320K)->144640K(2617344K) Eden: 2445312K(2445312K)->0K(2445312K) From: 145364K(171008K)->144640K(172032K)
[6299.192s][info][gc,heap        ] GC(1808) ParOldGen: 4527980K(4528128K)->4616268K(4616704K)
[6299.192s][info][gc,metaspace   ] GC(1808) Metaspace: 29113K(29504K)->29113K(29504K) NonClass: 24223K(24384K)->24223K(24384K) Class: 4889K(5120K)->4889K(5120K)
[6299.192s][info][gc             ] GC(1808) Pause Young (Allocation Failure) 6951M->4649M(7064M) 98.881ms
[6299.192s][info][gc,cpu         ] GC(1808) User=0.56s Sys=0.02s Real=0.10s
..[6301.037s][info][gc,start       ] GC(1809) Pause Young (Allocation Failure)
[6301.139s][info][gc,heap        ] GC(1809) PSYoungGen: 2589952K(2617344K)->147994K(2620928K) Eden: 2445312K(2445312K)->0K(2454016K) From: 144640K(172032K)->147994K(166912K)
[6301.139s][info][gc,heap        ] GC(1809) ParOldGen: 4616268K(4616704K)->4708652K(4708864K)
[6301.139s][info][gc,metaspace   ] GC(1809) Metaspace: 29113K(29504K)->29113K(29504K) NonClass: 24223K(24384K)->24223K(24384K) Class: 4889K(5120K)->4889K(5120K)
[6301.139s][info][gc             ] GC(1809) Pause Young (Allocation Failure) 7037M->4742M(7158M) 102.720ms
[6301.139s][info][gc,cpu         ] GC(1809) User=0.58s Sys=0.04s Real=0.10s
.[6302.799s][info][gc,start       ] GC(1810) Pause Young (Allocation Failure)
[6302.898s][info][gc,heap        ] GC(1810) PSYoungGen: 2602010K(2620928K)->140544K(2621952K) Eden: 2454016K(2454016K)->0K(2454016K) From: 147994K(166912K)->140544K(167936K)
[6302.898s][info][gc,heap        ] GC(1810) ParOldGen: 4708652K(4708864K)->4800860K(4801024K)
[6302.898s][info][gc,metaspace   ] GC(1810) Metaspace: 29113K(29504K)->29113K(29504K) NonClass: 24223K(24384K)->24223K(24384K) Class: 4889K(5120K)->4889K(5120K)
[6302.898s][info][gc             ] GC(1810) Pause Young (Allocation Failure) 7139M->4825M(7249M) 99.398ms
[6302.898s][info][gc,cpu         ] GC(1810) User=0.56s Sys=0.02s Real=0.10s
..[6304.688s][info][gc,start       ] GC(1811) Pause Young (Allocation Failure)
[6304.791s][info][gc,heap        ] GC(1811) PSYoungGen: 2594560K(2621952K)->144576K(2625024K) Eden: 2454016K(2454016K)->0K(2461184K) From: 140544K(167936K)->144576K(163840K)
[6304.791s][info][gc,heap        ] GC(1811) ParOldGen: 4800860K(4801024K)->4890732K(4891136K)
[6304.791s][info][gc,metaspace   ] GC(1811) Metaspace: 29113K(29504K)->29113K(29504K) NonClass: 24223K(24384K)->24223K(24384K) Class: 4889K(5120K)->4889K(5120K)
[6304.791s][info][gc             ] GC(1811) Pause Young (Allocation Failure) 7222M->4917M(7340M) 102.742ms
[6304.791s][info][gc,cpu         ] GC(1811) User=0.59s Sys=0.03s Real=0.11s
..[6306.526s][info][gc,start       ] GC(1812) Pause Young (Allocation Failure)
[6306.637s][info][gc,heap        ] GC(1812) PSYoungGen: 2605760K(2625024K)->158556K(2626560K) Eden: 2461184K(2461184K)->0K(2461184K) From: 144576K(163840K)->158556K(165376K)
[6306.637s][info][gc,heap        ] GC(1812) ParOldGen: 4890732K(4891136K)->4983308K(4983808K)
[6306.637s][info][gc,metaspace   ] GC(1812) Metaspace: 29113K(29504K)->29113K(29504K) NonClass: 24223K(24384K)->24223K(24384K) Class: 4889K(5120K)->4889K(5120K)
[6306.637s][info][gc             ] GC(1812) Pause Young (Allocation Failure) 7320M->5021M(7432M) 111.433ms
[6306.637s][info][gc,cpu         ] GC(1812) User=0.63s Sys=0.03s Real=0.11s
..[6308.344s][info][gc,start       ] GC(1813) Pause Young (Allocation Failure)
[6308.452s][info][gc,heap        ] GC(1813) PSYoungGen: 2619740K(2626560K)->157268K(2625024K) Eden: 2461184K(2461184K)->0K(2457088K) From: 158556K(165376K)->157268K(167936K)
[6308.452s][info][gc,heap        ] GC(1813) ParOldGen: 4983308K(4983808K)->5072892K(5072896K)
[6308.452s][info][gc,metaspace   ] GC(1813) Metaspace: 29113K(29504K)->29113K(29504K) NonClass: 24223K(24384K)->24223K(24384K) Class: 4889K(5120K)->4889K(5120K)
[6308.452s][info][gc             ] GC(1813) Pause Young (Allocation Failure) 7424M->5107M(7517M) 108.327ms
[6308.452s][info][gc,cpu         ] GC(1813) User=0.62s Sys=0.03s Real=0.11s
..[6310.272s][info][gc,start       ] GC(1814) Pause Young (Allocation Failure)
[6310.375s][info][gc,heap        ] GC(1814) PSYoungGen: 2614356K(2625024K)->147552K(2626560K) Eden: 2457088K(2457088K)->0K(2457088K) From: 157268K(167936K)->147552K(169472K)
[6310.375s][info][gc,heap        ] GC(1814) ParOldGen: 5072892K(5072896K)->5165332K(5165568K)
[6310.375s][info][gc,metaspace   ] GC(1814) Metaspace: 29113K(29504K)->29113K(29504K) NonClass: 24223K(24384K)->24223K(24384K) Class: 4889K(5120K)->4889K(5120K)
[6310.375s][info][gc             ] GC(1814) Pause Young (Allocation Failure) 7507M->5188M(7609M) 102.517ms
[6310.375s][info][gc,cpu         ] GC(1814) User=0.58s Sys=0.03s Real=0.10s
..[6312.229s][info][gc,start       ] GC(1815) Pause Young (Allocation Failure)
[6312.335s][info][gc,heap        ] GC(1815) PSYoungGen: 2604640K(2626560K)->153577K(2626560K) Eden: 2457088K(2457088K)->0K(2458624K) From: 147552K(169472K)->153577K(167936K)
[6312.335s][info][gc,heap        ] GC(1815) ParOldGen: 5165332K(5165568K)->5258572K(5258752K)
[6312.335s][info][gc,metaspace   ] GC(1815) Metaspace: 29113K(29504K)->29113K(29504K) NonClass: 24223K(24384K)->24223K(24384K) Class: 4889K(5120K)->4889K(5120K)
[6312.335s][info][gc             ] GC(1815) Pause Young (Allocation Failure) 7587M->5285M(7700M) 105.945ms
[6312.335s][info][gc,cpu         ] GC(1815) User=0.60s Sys=0.03s Real=0.11s
..[6314.189s][info][gc,start       ] GC(1816) Pause Young (Allocation Failure)
[6314.299s][info][gc,heap        ] GC(1816) PSYoungGen: 2612201K(2626560K)->158891K(2626560K) Eden: 2458624K(2458624K)->0K(2458624K) From: 153577K(167936K)->158891K(167936K)
[6314.299s][info][gc,heap        ] GC(1816) ParOldGen: 5258572K(5258752K)->5349380K(5349888K)
[6314.299s][info][gc,metaspace   ] GC(1816) Metaspace: 29113K(29504K)->29113K(29504K) NonClass: 24223K(24384K)->24223K(24384K) Class: 4889K(5120K)->4889K(5120K)
[6314.299s][info][gc             ] GC(1816) Pause Young (Allocation Failure) 7686M->5379M(7789M) 110.658ms
[6314.299s][info][gc,cpu         ] GC(1816) User=0.63s Sys=0.02s Real=0.11s
.[6316.013s][info][gc,start       ] GC(1817) Pause Young (Allocation Failure)
[6316.117s][info][gc,heap        ] GC(1817) PSYoungGen: 2617515K(2626560K)->147237K(2626560K) Eden: 2458624K(2458624K)->0K(2458624K) From: 158891K(167936K)->147237K(167936K)
[6316.117s][info][gc,heap        ] GC(1817) ParOldGen: 5349380K(5349888K)->5442068K(5442560K)
[6316.117s][info][gc,metaspace   ] GC(1817) Metaspace: 29113K(29504K)->29113K(29504K) NonClass: 24223K(24384K)->24223K(24384K) Class: 4889K(5120K)->4889K(5120K)
[6316.117s][info][gc             ] GC(1817) Pause Young (Allocation Failure) 7780M->5458M(7880M) 104.058ms
[6316.117s][info][gc,cpu         ] GC(1817) User=0.60s Sys=0.02s Real=0.10s
..[6317.985s][info][gc,start       ] GC(1818) Pause Young (Allocation Failure)
[6318.089s][info][gc,heap        ] GC(1818) PSYoungGen: 2605861K(2626560K)->151908K(2626560K) Eden: 2458624K(2458624K)->0K(2458624K) From: 147237K(167936K)->151908K(167936K)
[6318.089s][info][gc,heap        ] GC(1818) ParOldGen: 5442068K(5442560K)->5530964K(5531136K)
[6318.089s][info][gc,metaspace   ] GC(1818) Metaspace: 29113K(29504K)->29113K(29504K) NonClass: 24223K(24384K)->24223K(24384K) Class: 4889K(5120K)->4889K(5120K)
[6318.089s][info][gc             ] GC(1818) Pause Young (Allocation Failure) 7859M->5549M(7966M) 104.048ms
[6318.089s][info][gc,cpu         ] GC(1818) User=0.59s Sys=0.03s Real=0.10s
..[6319.748s][info][gc,start       ] GC(1819) Pause Full (Allocation Failure)
[6319.749s][info][gc,phases,start] GC(1819) Marking Phase
[6320.047s][info][gc,phases      ] GC(1819) Marking Phase 298.705ms
[6320.047s][info][gc,phases,start] GC(1819) Summary Phase
[6320.047s][info][gc,phases      ] GC(1819) Summary Phase 0.096ms
[6320.047s][info][gc,phases,start] GC(1819) Forward
[6320.181s][info][gc,phases      ] GC(1819) Forward 133.467ms
[6320.181s][info][gc,phases,start] GC(1819) Adjust Pointers
[6320.379s][info][gc,phases      ] GC(1819) Adjust Pointers 197.627ms
[6320.379s][info][gc,phases,start] GC(1819) Compaction Phase
[6320.505s][info][gc,phases      ] GC(1819) Compaction Phase 126.217ms
[6320.506s][info][gc,phases,start] GC(1819) Post Compact
[6320.513s][info][gc,phases      ] GC(1819) Post Compact 6.898ms
[6320.633s][info][gc,heap        ] GC(1819) PSYoungGen: 2610532K(2626560K)->0K(2627072K) Eden: 2458624K(2458624K)->0K(2460160K) From: 151908K(167936K)->0K(166912K)
[6320.633s][info][gc,heap        ] GC(1819) ParOldGen: 5530964K(5531136K)->1422833K(1730048K)
[6320.633s][info][gc,metaspace   ] GC(1819) Metaspace: 29113K(29504K)->29113K(29504K) NonClass: 24223K(24384K)->24223K(24384K) Class: 4889K(5120K)->4889K(5120K)
[6320.633s][info][gc             ] GC(1819) Pause Full (Allocation Failure) 7950M->1389M(4255M) 884.371ms
[6320.633s][info][gc,cpu         ] GC(1819) User=4.06s Sys=0.12s Real=0.89s
..[6322.073s][info][gc,start       ] GC(1820) Pause Young (Allocation Failure)
[6322.139s][info][gc,heap        ] GC(1820) PSYoungGen: 2460160K(2627072K)->149792K(2627072K) Eden: 2460160K(2460160K)->0K(2460160K) From: 0K(166912K)->149792K(166912K)
[6322.139s][info][gc,heap        ] GC(1820) ParOldGen: 1422833K(1730048K)->1422833K(1730048K)
[6322.139s][info][gc,metaspace   ] GC(1820) Metaspace: 29113K(29504K)->29113K(29504K) NonClass: 24223K(24384K)->24223K(24384K) Class: 4889K(5120K)->4889K(5120K)
[6322.139s][info][gc             ] GC(1820) Pause Young (Allocation Failure) 3791M->1535M(4255M) 65.767ms
[6322.139s][info][gc,cpu         ] GC(1820) User=0.40s Sys=0.00s Real=0.06s
.[6323.572s][info][gc,start       ] GC(1821) Pause Young (Allocation Failure)
[6323.678s][info][gc,heap        ] GC(1821) PSYoungGen: 2609952K(2627072K)->165349K(2552832K) Eden: 2460160K(2460160K)->0K(2387456K) From: 149792K(166912K)->165349K(165376K)
[6323.678s][info][gc,heap        ] GC(1821) ParOldGen: 1422833K(1730048K)->1516561K(1730048K)
[6323.678s][info][gc,metaspace   ] GC(1821) Metaspace: 29113K(29504K)->29113K(29504K) NonClass: 24223K(24384K)->24223K(24384K) Class: 4889K(5120K)->4889K(5120K)
[6323.678s][info][gc             ] GC(1821) Pause Young (Allocation Failure) 3938M->1642M(4182M) 106.159ms
[6323.678s][info][gc,cpu         ] GC(1821) User=0.63s Sys=0.01s Real=0.10s
..[6325.170s][info][gc,start       ] GC(1822) Pause Young (Allocation Failure)
[6325.264s][info][gc,heap        ] GC(1822) PSYoungGen: 2552805K(2552832K)->142304K(2591744K) Eden: 2387456K(2387456K)->0K(2387456K) From: 165349K(165376K)->142304K(204288K)
[6325.264s][info][gc,heap        ] GC(1822) ParOldGen: 1516561K(1730048K)->1609481K(1730048K)
[6325.264s][info][gc,metaspace   ] GC(1822) Metaspace: 29113K(29504K)->29113K(29504K) NonClass: 24223K(24384K)->24223K(24384K) Class: 4889K(5120K)->4889K(5120K)
[6325.264s][info][gc             ] GC(1822) Pause Young (Allocation Failure) 3973M->1710M(4220M) 93.383ms
[6325.264s][info][gc,cpu         ] GC(1822) User=0.55s Sys=0.00s Real=0.09s
..[6326.906s][info][gc,start       ] GC(1823) Pause Young (Allocation Failure)
[6326.997s][info][gc,heap        ] GC(1823) PSYoungGen: 2529760K(2591744K)->138756K(2588672K) Eden: 2387456K(2387456K)->0K(2388480K) From: 142304K(204288K)->138756K(200192K)
[6326.997s][info][gc,heap        ] GC(1823) ParOldGen: 1609481K(1730048K)->1701801K(1730048K)
[6326.997s][info][gc,metaspace   ] GC(1823) Metaspace: 29113K(29504K)->29113K(29504K) NonClass: 24223K(24384K)->24223K(24384K) Class: 4889K(5120K)->4889K(5120K)
[6326.997s][info][gc             ] GC(1823) Pause Young (Allocation Failure) 4042M->1797M(4217M) 91.388ms
[6326.997s][info][gc,cpu         ] GC(1823) User=0.54s Sys=0.00s Real=0.09s
.[6328.662s][info][gc,start       ] GC(1824) Pause Young (Allocation Failure)
[6328.757s][info][gc,heap        ] GC(1824) PSYoungGen: 2527236K(2588672K)->143040K(2590720K) Eden: 2388480K(2388480K)->0K(2388480K) From: 138756K(200192K)->143040K(202240K)
[6328.757s][info][gc,heap        ] GC(1824) ParOldGen: 1701801K(1730048K)->1789025K(1789440K)
[6328.757s][info][gc,metaspace   ] GC(1824) Metaspace: 29113K(29504K)->29113K(29504K) NonClass: 24223K(24384K)->24223K(24384K) Class: 4889K(5120K)->4889K(5120K)
[6328.757s][info][gc             ] GC(1824) Pause Young (Allocation Failure) 4129M->1886M(4277M) 94.453ms
[6328.757s][info][gc,cpu         ] GC(1824) User=0.53s Sys=0.02s Real=0.09s
..[6330.423s][info][gc,start       ] GC(1825) Pause Young (Allocation Failure)
[6330.523s][info][gc,heap        ] GC(1825) PSYoungGen: 2531520K(2590720K)->145152K(2588672K) Eden: 2388480K(2388480K)->0K(2393600K) From: 143040K(202240K)->145152K(195072K)
[6330.523s][info][gc,heap        ] GC(1825) ParOldGen: 1789025K(1789440K)->1880201K(1880576K)
[6330.523s][info][gc,metaspace   ] GC(1825) Metaspace: 29113K(29504K)->29113K(29504K) NonClass: 24223K(24384K)->24223K(24384K) Class: 4889K(5120K)->4889K(5120K)
[6330.523s][info][gc             ] GC(1825) Pause Young (Allocation Failure) 4219M->1977M(4364M) 100.037ms
[6330.523s][info][gc,cpu         ] GC(1825) User=0.57s Sys=0.03s Real=0.10s
..[6332.269s][info][gc,start       ] GC(1826) Pause Young (Allocation Failure)
[6332.367s][info][gc,heap        ] GC(1826) PSYoungGen: 2538752K(2588672K)->144960K(2591232K) Eden: 2393600K(2393600K)->0K(2393600K) From: 145152K(195072K)->144960K(197632K)
[6332.367s][info][gc,heap        ] GC(1826) ParOldGen: 1880201K(1880576K)->1970577K(1970688K)
[6332.367s][info][gc,metaspace   ] GC(1826) Metaspace: 29113K(29504K)->29113K(29504K) NonClass: 24223K(24384K)->24223K(24384K) Class: 4889K(5120K)->4889K(5120K)
[6332.367s][info][gc             ] GC(1826) Pause Young (Allocation Failure) 4315M->2065M(4455M) 97.980ms
[6332.367s][info][gc,cpu         ] GC(1826) User=0.55s Sys=0.04s Real=0.10s
..[6334.066s][info][gc,start       ] GC(1827) Pause Young (Allocation Failure)
[6334.168s][info][gc,heap        ] GC(1827) PSYoungGen: 2538560K(2591232K)->146708K(2593792K) Eden: 2393600K(2393600K)->0K(2403840K) From: 144960K(197632K)->146708K(189952K)
[6334.168s][info][gc,heap        ] GC(1827) ParOldGen: 1970577K(1970688K)->2061281K(2061312K)
[6334.168s][info][gc,metaspace   ] GC(1827) Metaspace: 29113K(29504K)->29113K(29504K) NonClass: 24223K(24384K)->24223K(24384K) Class: 4889K(5120K)->4889K(5120K)
[6334.168s][info][gc             ] GC(1827) Pause Young (Allocation Failure) 4403M->2156M(4546M) 102.564ms
[6334.168s][info][gc,cpu         ] GC(1827) User=0.59s Sys=0.03s Real=0.10s
.[6335.847s][info][gc,start       ] GC(1828) Pause Young (Allocation Failure)
[6335.946s][info][gc,heap        ] GC(1828) PSYoungGen: 2550548K(2593792K)->140404K(2595840K) Eden: 2403840K(2403840K)->0K(2403840K) From: 146708K(189952K)->140404K(192000K)
[6335.946s][info][gc,heap        ] GC(1828) ParOldGen: 2061281K(2061312K)->2151873K(2151936K)
[6335.946s][info][gc,metaspace   ] GC(1828) Metaspace: 29113K(29504K)->29113K(29504K) NonClass: 24223K(24384K)->24223K(24384K) Class: 4889K(5120K)->4889K(5120K)
[6335.946s][info][gc             ] GC(1828) Pause Young (Allocation Failure) 4503M->2238M(4636M) 99.151ms
[6335.946s][info][gc,cpu         ] GC(1828) User=0.58s Sys=0.01s Real=0.10s
..[6337.671s][info][gc,start       ] GC(1829) Pause Young (Allocation Failure)
[6337.767s][info][gc,heap        ] GC(1829) PSYoungGen: 2544244K(2595840K)->136512K(2601984K) Eden: 2403840K(2403840K)->0K(2414080K) From: 140404K(192000K)->136512K(187904K)
[6337.767s][info][gc,heap        ] GC(1829) ParOldGen: 2151873K(2151936K)->2242633K(2243072K)
[6337.767s][info][gc,metaspace   ] GC(1829) Metaspace: 29113K(29504K)->29113K(29504K) NonClass: 24223K(24384K)->24223K(24384K) Class: 4889K(5120K)->4889K(5120K)
[6337.767s][info][gc             ] GC(1829) Pause Young (Allocation Failure) 4586M->2323M(4731M) 96.497ms
[6337.767s][info][gc,cpu         ] GC(1829) User=0.54s Sys=0.03s Real=0.09s
..[6339.468s][info][gc,start       ] GC(1830) Pause Young (Allocation Failure)
[6339.565s][info][gc,heap        ] GC(1830) PSYoungGen: 2550592K(2601984K)->141376K(2603008K) Eden: 2414080K(2414080K)->0K(2414080K) From: 136512K(187904K)->141376K(188928K)
[6339.565s][info][gc,heap        ] GC(1830) ParOldGen: 2242633K(2243072K)->2333681K(2333696K)
[6339.565s][info][gc,metaspace   ] GC(1830) Metaspace: 29113K(29504K)->29113K(29504K) NonClass: 24223K(24384K)->24223K(24384K) Class: 4889K(5120K)->4889K(5120K)
[6339.565s][info][gc             ] GC(1830) Pause Young (Allocation Failure) 4680M->2417M(4821M) 97.294ms
[6339.565s][info][gc,cpu         ] GC(1830) User=0.55s Sys=0.03s Real=0.10s
..[6341.351s][info][gc,start       ] GC(1831) Pause Young (Allocation Failure)
[6341.456s][info][gc,heap        ] GC(1831) PSYoungGen: 2555456K(2603008K)->157284K(2606080K) Eden: 2414080K(2414080K)->0K(2419712K) From: 141376K(188928K)->157284K(186368K)
[6341.456s][info][gc,heap        ] GC(1831) ParOldGen: 2333681K(2333696K)->2423625K(2423808K)
[6341.456s][info][gc,metaspace   ] GC(1831) Metaspace: 29113K(29504K)->29113K(29504K) NonClass: 24223K(24384K)->24223K(24384K) Class: 4889K(5120K)->4889K(5120K)
[6341.456s][info][gc             ] GC(1831) Pause Young (Allocation Failure) 4774M->2520M(4912M) 105.371ms
[6341.456s][info][gc,cpu         ] GC(1831) User=0.59s Sys=0.04s Real=0.10s
..[6343.138s][info][gc,start       ] GC(1832) Pause Young (Allocation Failure)
[6343.238s][info][gc,heap        ] GC(1832) PSYoungGen: 2576996K(2606080K)->145536K(2605568K) Eden: 2419712K(2419712K)->0K(2419712K) From: 157284K(186368K)->145536K(185856K)
[6343.238s][info][gc,heap        ] GC(1832) ParOldGen: 2423625K(2423808K)->2513873K(2513920K)
[6343.238s][info][gc,metaspace   ] GC(1832) Metaspace: 29113K(29504K)->29113K(29504K) NonClass: 24223K(24384K)->24223K(24384K) Class: 4889K(5120K)->4889K(5120K)
[6343.238s][info][gc             ] GC(1832) Pause Young (Allocation Failure) 4883M->2597M(4999M) 100.065ms
[6343.238s][info][gc,cpu         ] GC(1832) User=0.57s Sys=0.02s Real=0.10s
.[6344.935s][info][gc,start       ] GC(1833) Pause Young (Allocation Failure)
[6345.033s][info][gc,heap        ] GC(1833) PSYoungGen: 2565248K(2605568K)->139424K(2608128K) Eden: 2419712K(2419712K)->0K(2425344K) From: 145536K(185856K)->139424K(182784K)
[6345.033s][info][gc,heap        ] GC(1833) ParOldGen: 2513873K(2513920K)->2604985K(2605056K)
[6345.033s][info][gc,metaspace   ] GC(1833) Metaspace: 29113K(29504K)->29113K(29504K) NonClass: 24223K(24384K)->24223K(24384K) Class: 4889K(5120K)->4889K(5120K)
[6345.033s][info][gc             ] GC(1833) Pause Young (Allocation Failure) 4960M->2680M(5091M) 97.810ms
[6345.033s][info][gc,cpu         ] GC(1833) User=0.55s Sys=0.04s Real=0.10s
..[6346.760s][info][gc,start       ] GC(1834) Pause Young (Allocation Failure)
[6346.859s][info][gc,heap        ] GC(1834) PSYoungGen: 2564768K(2608128K)->146208K(2606592K) Eden: 2425344K(2425344K)->0K(2425344K) From: 139424K(182784K)->146208K(181248K)
[6346.859s][info][gc,heap        ] GC(1834) ParOldGen: 2604985K(2605056K)->2694073K(2694144K)
[6346.859s][info][gc,metaspace   ] GC(1834) Metaspace: 29113K(29504K)->29113K(29504K) NonClass: 24223K(24384K)->24223K(24384K) Class: 4889K(5120K)->4889K(5120K)
[6346.859s][info][gc             ] GC(1834) Pause Young (Allocation Failure) 5048M->2773M(5176M) 99.589ms
[6346.859s][info][gc,cpu         ] GC(1834) User=0.55s Sys=0.04s Real=0.09s
..[6348.673s][info][gc,start       ] GC(1835) Pause Young (Allocation Failure)
[6348.774s][info][gc,heap        ] GC(1835) PSYoungGen: 2571552K(2606592K)->140640K(2612736K) Eden: 2425344K(2425344K)->0K(2434048K) From: 146208K(181248K)->140640K(178688K)
[6348.774s][info][gc,heap        ] GC(1835) ParOldGen: 2694073K(2694144K)->2786809K(2786816K)
[6348.774s][info][gc,metaspace   ] GC(1835) Metaspace: 29113K(29504K)->29113K(29504K) NonClass: 24223K(24384K)->24223K(24384K) Class: 4889K(5120K)->4889K(5120K)
[6348.774s][info][gc             ] GC(1835) Pause Young (Allocation Failure) 5142M->2858M(5273M) 100.522ms
[6348.774s][info][gc,cpu         ] GC(1835) User=0.56s Sys=0.03s Real=0.10s
..[6350.488s][info][gc,start       ] GC(1836) Pause Young (Allocation Failure)
[6350.590s][info][gc,heap        ] GC(1836) PSYoungGen: 2574688K(2612736K)->151616K(2610688K) Eden: 2434048K(2434048K)->0K(2434048K) From: 140640K(178688K)->151616K(176640K)
[6350.590s][info][gc,heap        ] GC(1836) ParOldGen: 2786809K(2786816K)->2876137K(2876416K)
[6350.590s][info][gc,metaspace   ] GC(1836) Metaspace: 29113K(29504K)->29113K(29504K) NonClass: 24223K(24384K)->24223K(24384K) Class: 4889K(5120K)->4889K(5120K)
[6350.590s][info][gc             ] GC(1836) Pause Young (Allocation Failure) 5235M->2956M(5358M) 101.497ms
[6350.590s][info][gc,cpu         ] GC(1836) User=0.58s Sys=0.03s Real=0.11s
..[6352.328s][info][gc,start       ] GC(1837) Pause Young (Allocation Failure)
[6352.430s][info][gc,heap        ] GC(1837) PSYoungGen: 2585664K(2610688K)->150312K(2617344K) Eden: 2434048K(2434048K)->0K(2442752K) From: 151616K(176640K)->150312K(174592K)
[6352.431s][info][gc,heap        ] GC(1837) ParOldGen: 2876137K(2876416K)->2968761K(2969088K)
[6352.431s][info][gc,metaspace   ] GC(1837) Metaspace: 29113K(29504K)->29113K(29504K) NonClass: 24223K(24384K)->24223K(24384K) Class: 4889K(5120K)->4889K(5120K)
[6352.431s][info][gc             ] GC(1837) Pause Young (Allocation Failure) 5333M->3045M(5455M) 102.872ms
[6352.431s][info][gc,cpu         ] GC(1837) User=0.58s Sys=0.03s Real=0.11s
..[6354.244s][info][gc,start       ] GC(1838) Pause Young (Allocation Failure)
[6354.341s][info][gc,heap        ] GC(1838) PSYoungGen: 2593064K(2617344K)->144224K(2616320K) Eden: 2442752K(2442752K)->0K(2442752K) From: 150312K(174592K)->144224K(173568K)
[6354.341s][info][gc,heap        ] GC(1838) ParOldGen: 2968761K(2969088K)->3059649K(3059712K)
[6354.341s][info][gc,metaspace   ] GC(1838) Metaspace: 29113K(29504K)->29113K(29504K) NonClass: 24223K(24384K)->24223K(24384K) Class: 4889K(5120K)->4889K(5120K)
[6354.341s][info][gc             ] GC(1838) Pause Young (Allocation Failure) 5431M->3128M(5543M) 97.391ms
[6354.341s][info][gc,cpu         ] GC(1838) User=0.55s Sys=0.03s Real=0.10s
.[6356.115s][info][gc,start       ] GC(1839) Pause Young (Allocation Failure)
[6356.213s][info][gc,heap        ] GC(1839) PSYoungGen: 2586976K(2616320K)->140960K(2620416K) Eden: 2442752K(2442752K)->0K(2448896K) From: 144224K(173568K)->140960K(171520K)
[6356.213s][info][gc,heap        ] GC(1839) ParOldGen: 3059649K(3059712K)->3151617K(3151872K)
[6356.213s][info][gc,metaspace   ] GC(1839) Metaspace: 29113K(29504K)->29113K(29504K) NonClass: 24223K(24384K)->24223K(24384K) Class: 4889K(5120K)->4889K(5120K)
[6356.213s][info][gc             ] GC(1839) Pause Young (Allocation Failure) 5514M->3215M(5637M) 97.711ms
[6356.213s][info][gc,cpu         ] GC(1839) User=0.56s Sys=0.02s Real=0.10s
. (rIR:aIR:PR = 10793:10757:10755) (tPR = 160126) [OK] 
  6355s: Performance info:
         Transaction,    Success,    Partial,     Failed,   Receipts, AvgBarcode, 
             Overall,     649902,          0,          0,     617405,      59.47, 
         Response times:
             Request,    Success,    Partial,     Failed,   SkipFail,     Probes,    Samples,      min,      p50,      p90,      p95,      p99,      max, 
       TotalPurchase,     617427,          0,          0,          0,     342268,     545494,      200,     8300,    70000,   134000,   379000,   960000,
     InStorePurchase,     324753,          0,          0,          0,     179598,     285718,      200,     8300,    70000,   137000,   376000,   960000,
      OnlinePurchase,     228346,          0,          0,          0,     125764,     201141,      300,     8300,    70000,   138000,   379000,   910000,
        InstPurchase,      64328,          0,          0,          0,      36906,      58635,      300,     8400,    69000,   115000,   376000,   910000,
          AssocOfCat,        658,          0,          0,          0,        550,        969,    24000,    51000,   138000,   220000,   392300,   493000,
      AssocOfProduct,       6443,          0,          0,          0,       3665,       6002,      600,     8200,    64000,   112700,   441000,   900000,
      BusinessReport,       1622,          0,          0,          0,       1385,       2362,    29000,    63000,   153000,   223700,   640000,  1000000,
          CustBuyBeh,       6428,          0,          0,          0,       3676,       5979,      300,     8600,    67000,   112000,   413200,   910000,
       ProductReturn,      17385,          0,          0,          0,       9126,      14691,      200,     9900,    73000,   121000,   329000,   910000,

  6355s: (79%)   IR =  10931 .[6358.083s][info][gc,start       ] GC(1840) Pause Young (Allocation Failure)
[6358.186s][info][gc,heap        ] GC(1840) PSYoungGen: 2589856K(2620416K)->148696K(2619392K) Eden: 2448896K(2448896K)->0K(2448896K) From: 140960K(171520K)->148696K(170496K)
[6358.186s][info][gc,heap        ] GC(1840) ParOldGen: 3151617K(3151872K)->3241281K(3241472K)
[6358.186s][info][gc,metaspace   ] GC(1840) Metaspace: 29113K(29504K)->29113K(29504K) NonClass: 24223K(24384K)->24223K(24384K) Class: 4889K(5120K)->4889K(5120K)
[6358.186s][info][gc             ] GC(1840) Pause Young (Allocation Failure) 5606M->3310M(5723M) 103.200ms
[6358.186s][info][gc,cpu         ] GC(1840) User=0.59s Sys=0.03s Real=0.10s
..[6360.044s][info][gc,start       ] GC(1841) Pause Young (Allocation Failure)
[6360.142s][info][gc,heap        ] GC(1841) PSYoungGen: 2597592K(2619392K)->141952K(2624000K) Eden: 2448896K(2448896K)->0K(2455552K) From: 148696K(170496K)->141952K(168448K)
[6360.142s][info][gc,heap        ] GC(1841) ParOldGen: 3241281K(3241472K)->3333153K(3333632K)
[6360.142s][info][gc,metaspace   ] GC(1841) Metaspace: 29113K(29504K)->29113K(29504K) NonClass: 24223K(24384K)->24223K(24384K) Class: 4889K(5120K)->4889K(5120K)
[6360.142s][info][gc             ] GC(1841) Pause Young (Allocation Failure) 5702M->3393M(5818M) 97.816ms
[6360.142s][info][gc,cpu         ] GC(1841) User=0.56s Sys=0.03s Real=0.10s
..[6361.821s][info][gc,start       ] GC(1842) Pause Young (Allocation Failure)
[6361.920s][info][gc,heap        ] GC(1842) PSYoungGen: 2597504K(2624000K)->139730K(2622976K) Eden: 2455552K(2455552K)->0K(2455552K) From: 141952K(168448K)->139730K(167424K)
[6361.920s][info][gc,heap        ] GC(1842) ParOldGen: 3333153K(3333632K)->3424081K(3424256K)
[6361.920s][info][gc,metaspace   ] GC(1842) Metaspace: 29113K(29504K)->29113K(29504K) NonClass: 24223K(24384K)->24223K(24384K) Class: 4889K(5120K)->4889K(5120K)
[6361.920s][info][gc             ] GC(1842) Pause Young (Allocation Failure) 5791M->3480M(5905M) 98.785ms
[6361.920s][info][gc,cpu         ] GC(1842) User=0.56s Sys=0.02s Real=0.10s
..[6363.599s][info][gc,start       ] GC(1843) Pause Young (Allocation Failure)
[6363.700s][info][gc,heap        ] GC(1843) PSYoungGen: 2595282K(2622976K)->146640K(2626048K) Eden: 2455552K(2455552K)->0K(2461696K) From: 139730K(167424K)->146640K(164352K)
[6363.700s][info][gc,heap        ] GC(1843) ParOldGen: 3424081K(3424256K)->3514953K(3515392K)
[6363.700s][info][gc,metaspace   ] GC(1843) Metaspace: 29113K(29504K)->29113K(29504K) NonClass: 24223K(24384K)->24223K(24384K) Class: 4889K(5120K)->4889K(5120K)
[6363.700s][info][gc             ] GC(1843) Pause Young (Allocation Failure) 5878M->3575M(5997M) 100.740ms
[6363.700s][info][gc,cpu         ] GC(1843) User=0.57s Sys=0.02s Real=0.10s
.[6365.376s][info][gc,start       ] GC(1844) Pause Young (Allocation Failure)
[6365.477s][info][gc,heap        ] GC(1844) PSYoungGen: 2608336K(2626048K)->147141K(2626560K) Eden: 2461696K(2461696K)->0K(2461696K) From: 146640K(164352K)->147141K(164864K)
[6365.477s][info][gc,heap        ] GC(1844) ParOldGen: 3514953K(3515392K)->3607833K(3608064K)
[6365.477s][info][gc,metaspace   ] GC(1844) Metaspace: 29113K(29504K)->29113K(29504K) NonClass: 24223K(24384K)->24223K(24384K) Class: 4889K(5120K)->4889K(5120K)
[6365.477s][info][gc             ] GC(1844) Pause Young (Allocation Failure) 5979M->3666M(6088M) 101.093ms
[6365.477s][info][gc,cpu         ] GC(1844) User=0.58s Sys=0.03s Real=0.10s
..[6367.321s][info][gc,start       ] GC(1845) Pause Young (Allocation Failure)
[6367.420s][info][gc,heap        ] GC(1845) PSYoungGen: 2608837K(2626560K)->149888K(2630144K) Eden: 2461696K(2461696K)->0K(2466816K) From: 147141K(164864K)->149888K(163328K)
[6367.420s][info][gc,heap        ] GC(1845) ParOldGen: 3607833K(3608064K)->3695641K(3696128K)
[6367.420s][info][gc,metaspace   ] GC(1845) Metaspace: 29113K(29504K)->29113K(29504K) NonClass: 24223K(24384K)->24223K(24384K) Class: 4889K(5120K)->4889K(5120K)
[6367.420s][info][gc             ] GC(1845) Pause Young (Allocation Failure) 6070M->3755M(6178M) 99.959ms
[6367.421s][info][gc,cpu         ] GC(1845) User=0.57s Sys=0.03s Real=0.10s
..[6369.178s][info][gc,start       ] GC(1846) Pause Young (Allocation Failure)
[6369.282s][info][gc,heap        ] GC(1846) PSYoungGen: 2616704K(2630144K)->148160K(2630144K) Eden: 2466816K(2466816K)->0K(2466816K) From: 149888K(163328K)->148160K(163328K)
[6369.282s][info][gc,heap        ] GC(1846) ParOldGen: 3695641K(3696128K)->3791257K(3791360K)
[6369.282s][info][gc,metaspace   ] GC(1846) Metaspace: 29113K(29504K)->29113K(29504K) NonClass: 24223K(24384K)->24223K(24384K) Class: 4889K(5120K)->4889K(5120K)
[6369.282s][info][gc             ] GC(1846) Pause Young (Allocation Failure) 6164M->3847M(6271M) 103.922ms
[6369.282s][info][gc,cpu         ] GC(1846) User=0.59s Sys=0.03s Real=0.11s
..|[6370.942s][info][gc,start       ] GC(1847) Pause Young (Allocation Failure)
[6371.045s][info][gc,heap        ] GC(1847) PSYoungGen: 2614976K(2630144K)->149312K(2631680K) Eden: 2466816K(2466816K)->0K(2470400K) From: 148160K(163328K)->149312K(161280K)
[6371.045s][info][gc,heap        ] GC(1847) ParOldGen: 3791257K(3791360K)->3883073K(3883520K)
[6371.045s][info][gc,metaspace   ] GC(1847) Metaspace: 29113K(29504K)->29113K(29504K) NonClass: 24223K(24384K)->24223K(24384K) Class: 4889K(5120K)->4889K(5120K)
[6371.045s][info][gc             ] GC(1847) Pause Young (Allocation Failure) 6256M->3937M(6362M) 103.065ms
[6371.045s][info][gc,cpu         ] GC(1847) User=0.58s Sys=0.04s Real=0.10s
..[6372.750s][info][gc,start       ] GC(1848) Pause Young (Allocation Failure)
[6372.851s][info][gc,heap        ] GC(1848) PSYoungGen: 2619712K(2631680K)->147552K(2631680K) Eden: 2470400K(2470400K)->0K(2470400K) From: 149312K(161280K)->147552K(161280K)
[6372.851s][info][gc,heap        ] GC(1848) ParOldGen: 3883073K(3883520K)->3971617K(3972096K)
[6372.851s][info][gc,metaspace   ] GC(1848) Metaspace: 29113K(29504K)->29113K(29504K) NonClass: 24223K(24384K)->24223K(24384K) Class: 4889K(5120K)->4889K(5120K)
[6372.851s][info][gc             ] GC(1848) Pause Young (Allocation Failure) 6350M->4022M(6449M) 100.729ms
[6372.851s][info][gc,cpu         ] GC(1848) User=0.57s Sys=0.02s Real=0.10s
..[6374.618s][info][gc,start       ] GC(1849) Pause Young (Allocation Failure)
[6374.717s][info][gc,heap        ] GC(1849) PSYoungGen: 2617952K(2631680K)->135872K(2633216K) Eden: 2470400K(2470400K)->0K(2472960K) From: 147552K(161280K)->135872K(160256K)
[6374.717s][info][gc,heap        ] GC(1849) ParOldGen: 3971617K(3972096K)->4068257K(4068352K)
[6374.717s][info][gc,metaspace   ] GC(1849) Metaspace: 29113K(29504K)->29113K(29504K) NonClass: 24223K(24384K)->24223K(24384K) Class: 4889K(5120K)->4889K(5120K)
[6374.717s][info][gc             ] GC(1849) Pause Young (Allocation Failure) 6435M->4105M(6544M) 99.331ms
[6374.717s][info][gc,cpu         ] GC(1849) User=0.55s Sys=0.04s Real=0.10s
.[6376.410s][info][gc,start       ] GC(1850) Pause Young (Allocation Failure)
[6376.514s][info][gc,heap        ] GC(1850) PSYoungGen: 2608832K(2633216K)->150516K(2633728K) Eden: 2472960K(2472960K)->0K(2472960K) From: 135872K(160256K)->150516K(160768K)
[6376.514s][info][gc,heap        ] GC(1850) ParOldGen: 4068257K(4068352K)->4160497K(4160512K)
[6376.514s][info][gc,metaspace   ] GC(1850) Metaspace: 29113K(29504K)->29113K(29504K) NonClass: 24223K(24384K)->24223K(24384K) Class: 4889K(5120K)->4889K(5120K)
[6376.515s][info][gc             ] GC(1850) Pause Young (Allocation Failure) 6520M->4209M(6635M) 104.230ms
[6376.515s][info][gc,cpu         ] GC(1850) User=0.59s Sys=0.03s Real=0.10s
..[6378.269s][info][gc,start       ] GC(1851) Pause Young (Allocation Failure)
[6378.372s][info][gc,heap        ] GC(1851) PSYoungGen: 2623476K(2633728K)->154256K(2631680K) Eden: 2472960K(2472960K)->0K(2470400K) From: 150516K(160768K)->154256K(161280K)
[6378.372s][info][gc,heap        ] GC(1851) ParOldGen: 4160497K(4160512K)->4250265K(4250624K)
[6378.372s][info][gc,metaspace   ] GC(1851) Metaspace: 29113K(29504K)->29113K(29504K) NonClass: 24223K(24384K)->24223K(24384K) Class: 4889K(5120K)->4889K(5120K)
[6378.372s][info][gc             ] GC(1851) Pause Young (Allocation Failure) 6624M->4301M(6721M) 103.588ms
[6378.372s][info][gc,cpu         ] GC(1851) User=0.59s Sys=0.02s Real=0.11s
..[6380.031s][info][gc,start       ] GC(1852) Pause Young (Allocation Failure)
[6380.129s][info][gc,heap        ] GC(1852) PSYoungGen: 2624656K(2631680K)->141888K(2633216K) Eden: 2470400K(2470400K)->0K(2470400K) From: 154256K(161280K)->141888K(162816K)
[6380.129s][info][gc,heap        ] GC(1852) ParOldGen: 4250265K(4250624K)->4344441K(4344832K)
[6380.129s][info][gc,metaspace   ] GC(1852) Metaspace: 29113K(29504K)->29113K(29504K) NonClass: 24223K(24384K)->24223K(24384K) Class: 4889K(5120K)->4889K(5120K)
[6380.129s][info][gc             ] GC(1852) Pause Young (Allocation Failure) 6713M->4381M(6814M) 98.174ms
[6380.129s][info][gc,cpu         ] GC(1852) User=0.54s Sys=0.04s Real=0.09s
..[6381.799s][info][gc,start       ] GC(1853) Pause Young (Allocation Failure)
[6381.900s][info][gc,heap        ] GC(1853) PSYoungGen: 2612288K(2633216K)->143488K(2630656K) Eden: 2470400K(2470400K)->0K(2471424K) From: 141888K(162816K)->143488K(159232K)
[6381.900s][info][gc,heap        ] GC(1853) ParOldGen: 4344441K(4344832K)->4434785K(4434944K)
[6381.900s][info][gc,metaspace   ] GC(1853) Metaspace: 29113K(29504K)->29113K(29504K) NonClass: 24223K(24384K)->24223K(24384K) Class: 4889K(5120K)->4889K(5120K)
[6381.900s][info][gc             ] GC(1853) Pause Young (Allocation Failure) 6793M->4470M(6900M) 100.962ms
[6381.900s][info][gc,cpu         ] GC(1853) User=0.57s Sys=0.02s Real=0.11s
.[6383.570s][info][gc,start       ] GC(1854) Pause Young (Allocation Failure)
[6383.670s][info][gc,heap        ] GC(1854) PSYoungGen: 2614912K(2630656K)->142532K(2632192K) Eden: 2471424K(2471424K)->0K(2471424K) From: 143488K(159232K)->142532K(160768K)
[6383.670s][info][gc,heap        ] GC(1854) ParOldGen: 4434785K(4434944K)->4526681K(4527104K)
[6383.670s][info][gc,metaspace   ] GC(1854) Metaspace: 29113K(29504K)->29113K(29504K) NonClass: 24223K(24384K)->24223K(24384K) Class: 4889K(5120K)->4889K(5120K)
[6383.670s][info][gc             ] GC(1854) Pause Young (Allocation Failure) 6884M->4559M(6991M) 99.805ms
[6383.670s][info][gc,cpu         ] GC(1854) User=0.55s Sys=0.03s Real=0.10s
..[6385.360s][info][gc,start       ] GC(1855) Pause Young (Allocation Failure)
[6385.468s][info][gc,heap        ] GC(1855) PSYoungGen: 2613956K(2632192K)->156197K(2630656K) Eden: 2471424K(2471424K)->0K(2470400K) From: 142532K(160768K)->156197K(160256K)
[6385.468s][info][gc,heap        ] GC(1855) ParOldGen: 4526681K(4527104K)->4618233K(4618240K)
[6385.468s][info][gc,metaspace   ] GC(1855) Metaspace: 29113K(29504K)->29113K(29504K) NonClass: 24223K(24384K)->24223K(24384K) Class: 4889K(5120K)->4889K(5120K)
[6385.468s][info][gc             ] GC(1855) Pause Young (Allocation Failure) 6973M->4662M(7079M) 107.386ms
[6385.468s][info][gc,cpu         ] GC(1855) User=0.61s Sys=0.04s Real=0.10s
..[6387.184s][info][gc,start       ] GC(1856) Pause Young (Allocation Failure)
[6387.287s][info][gc,heap        ] GC(1856) PSYoungGen: 2626597K(2630656K)->149440K(2633216K) Eden: 2470400K(2470400K)->0K(2470400K) From: 156197K(160256K)->149440K(162816K)
[6387.287s][info][gc,heap        ] GC(1856) ParOldGen: 4618233K(4618240K)->4709577K(4709888K)
[6387.287s][info][gc,metaspace   ] GC(1856) Metaspace: 29113K(29504K)->29113K(29504K) NonClass: 24223K(24384K)->24223K(24384K) Class: 4889K(5120K)->4889K(5120K)
[6387.287s][info][gc             ] GC(1856) Pause Young (Allocation Failure) 7075M->4745M(7171M) 102.761ms
[6387.287s][info][gc,cpu         ] GC(1856) User=0.59s Sys=0.03s Real=0.10s
..[6388.920s][info][gc,start       ] GC(1857) Pause Young (Allocation Failure)
[6389.023s][info][gc,heap        ] GC(1857) PSYoungGen: 2619840K(2633216K)->148096K(2630144K) Eden: 2470400K(2470400K)->0K(2471424K) From: 149440K(162816K)->148096K(158720K)
[6389.023s][info][gc,heap        ] GC(1857) ParOldGen: 4709577K(4709888K)->4802057K(4802560K)
[6389.023s][info][gc,metaspace   ] GC(1857) Metaspace: 29113K(29504K)->29113K(29504K) NonClass: 24223K(24384K)->24223K(24384K) Class: 4889K(5120K)->4889K(5120K)
[6389.023s][info][gc             ] GC(1857) Pause Young (Allocation Failure) 7157M->4834M(7258M) 103.150ms
[6389.023s][info][gc,cpu         ] GC(1857) User=0.59s Sys=0.02s Real=0.10s
.[6390.774s][info][gc,start       ] GC(1858) Pause Young (Allocation Failure)
[6390.874s][info][gc,heap        ] GC(1858) PSYoungGen: 2619520K(2630144K)->141557K(2632192K) Eden: 2471424K(2471424K)->0K(2471424K) From: 148096K(158720K)->141557K(160768K)
[6390.874s][info][gc,heap        ] GC(1858) ParOldGen: 4802057K(4802560K)->4895577K(4895744K)
[6390.874s][info][gc,metaspace   ] GC(1858) Metaspace: 29113K(29504K)->29113K(29504K) NonClass: 24223K(24384K)->24223K(24384K) Class: 4889K(5120K)->4889K(5120K)
[6390.874s][info][gc             ] GC(1858) Pause Young (Allocation Failure) 7247M->4919M(7351M) 100.730ms
[6390.874s][info][gc,cpu         ] GC(1858) User=0.56s Sys=0.04s Real=0.10s
..[6392.703s][info][gc,start       ] GC(1859) Pause Young (Allocation Failure)
[6392.801s][info][gc,heap        ] GC(1859) PSYoungGen: 2612981K(2632192K)->141856K(2633728K) Eden: 2471424K(2471424K)->0K(2475008K) From: 141557K(160768K)->141856K(158720K)
[6392.801s][info][gc,heap        ] GC(1859) ParOldGen: 4895577K(4895744K)->4984593K(4984832K)
[6392.801s][info][gc,metaspace   ] GC(1859) Metaspace: 29113K(29504K)->29113K(29504K) NonClass: 24223K(24384K)->24223K(24384K) Class: 4889K(5120K)->4889K(5120K)
[6392.801s][info][gc             ] GC(1859) Pause Young (Allocation Failure) 7332M->5006M(7440M) 98.734ms
[6392.801s][info][gc,cpu         ] GC(1859) User=0.57s Sys=0.02s Real=0.10s
..[6394.561s][info][gc,start       ] GC(1860) Pause Young (Allocation Failure)
[6394.662s][info][gc,heap        ] GC(1860) PSYoungGen: 2616864K(2633728K)->139057K(2634752K) Eden: 2475008K(2475008K)->0K(2475008K) From: 141856K(158720K)->139057K(159744K)
[6394.662s][info][gc,heap        ] GC(1860) ParOldGen: 4984593K(4984832K)->5078889K(5079040K)
[6394.662s][info][gc,metaspace   ] GC(1860) Metaspace: 29113K(29504K)->29113K(29504K) NonClass: 24223K(24384K)->24223K(24384K) Class: 4889K(5120K)->4889K(5120K)
[6394.662s][info][gc             ] GC(1860) Pause Young (Allocation Failure) 7423M->5095M(7533M) 100.457ms
[6394.662s][info][gc,cpu         ] GC(1860) User=0.55s Sys=0.04s Real=0.10s
..[6396.350s][info][gc,start       ] GC(1861) Pause Young (Allocation Failure)
[6396.456s][info][gc,heap        ] GC(1861) PSYoungGen: 2614065K(2634752K)->157653K(2630144K) Eden: 2475008K(2475008K)->0K(2470400K) From: 139057K(159744K)->157653K(159744K)
[6396.456s][info][gc,heap        ] GC(1861) ParOldGen: 5078889K(5079040K)->5167761K(5168128K)
[6396.456s][info][gc,metaspace   ] GC(1861) Metaspace: 29113K(29504K)->29113K(29504K) NonClass: 24223K(24384K)->24223K(24384K) Class: 4889K(5120K)->4889K(5120K)
[6396.456s][info][gc             ] GC(1861) Pause Young (Allocation Failure) 7512M->5200M(7615M) 106.193ms
[6396.456s][info][gc,cpu         ] GC(1861) User=0.60s Sys=0.03s Real=0.10s
..[6398.138s][info][gc,start       ] GC(1862) Pause Young (Allocation Failure)
[6398.241s][info][gc,heap        ] GC(1862) PSYoungGen: 2628053K(2630144K)->146256K(2633216K) Eden: 2470400K(2470400K)->0K(2470400K) From: 157653K(159744K)->146256K(162816K)
[6398.241s][info][gc,heap        ] GC(1862) ParOldGen: 5167761K(5168128K)->5261865K(5262336K)
[6398.241s][info][gc,metaspace   ] GC(1862) Metaspace: 29113K(29504K)->29113K(29504K) NonClass: 24223K(24384K)->24223K(24384K) Class: 4889K(5120K)->4889K(5120K)
[6398.241s][info][gc             ] GC(1862) Pause Young (Allocation Failure) 7613M->5281M(7710M) 103.263ms
[6398.241s][info][gc,cpu         ] GC(1862) User=0.58s Sys=0.04s Real=0.11s
.[6400.043s][info][gc,start       ] GC(1863) Pause Young (Allocation Failure)
[6400.143s][info][gc,heap        ] GC(1863) PSYoungGen: 2616656K(2633216K)->140177K(2631680K) Eden: 2470400K(2470400K)->0K(2471936K) From: 146256K(162816K)->140177K(159744K)
[6400.144s][info][gc,heap        ] GC(1863) ParOldGen: 5261865K(5262336K)->5352393K(5352448K)
[6400.144s][info][gc,metaspace   ] GC(1863) Metaspace: 29113K(29504K)->29113K(29504K) NonClass: 24223K(24384K)->24223K(24384K) Class: 4889K(5120K)->4889K(5120K)
[6400.144s][info][gc             ] GC(1863) Pause Young (Allocation Failure) 7693M->5363M(7797M) 100.731ms
[6400.144s][info][gc,cpu         ] GC(1863) User=0.57s Sys=0.03s Real=0.10s
..[6401.931s][info][gc,start       ] GC(1864) Pause Young (Allocation Failure)
[6402.033s][info][gc,heap        ] GC(1864) PSYoungGen: 2612113K(2631680K)->149568K(2633216K) Eden: 2471936K(2471936K)->0K(2471936K) From: 140177K(159744K)->149568K(161280K)
[6402.033s][info][gc,heap        ] GC(1864) ParOldGen: 5352393K(5352448K)->5441473K(5441536K)
[6402.033s][info][gc,metaspace   ] GC(1864) Metaspace: 29113K(29504K)->29113K(29504K) NonClass: 24223K(24384K)->24223K(24384K) Class: 4889K(5120K)->4889K(5120K)
[6402.033s][info][gc             ] GC(1864) Pause Young (Allocation Failure) 7777M->5460M(7885M) 102.614ms
[6402.033s][info][gc,cpu         ] GC(1864) User=0.58s Sys=0.03s Real=0.10s
..[6403.731s][info][gc,start       ] GC(1865) Pause Young (Allocation Failure)
[6403.835s][info][gc,heap        ] GC(1865) PSYoungGen: 2621504K(2633216K)->142581K(2633216K) Eden: 2471936K(2471936K)->0K(2473984K) From: 149568K(161280K)->142581K(159232K)
[6403.835s][info][gc,heap        ] GC(1865) ParOldGen: 5441473K(5441536K)->5535137K(5535232K)
[6403.835s][info][gc,metaspace   ] GC(1865) Metaspace: 29113K(29504K)->29113K(29504K) NonClass: 24223K(24384K)->24223K(24384K) Class: 4889K(5120K)->4889K(5120K)
[6403.835s][info][gc             ] GC(1865) Pause Young (Allocation Failure) 7874M->5544M(7977M) 104.298ms
[6403.835s][info][gc,cpu         ] GC(1865) User=0.59s Sys=0.03s Real=0.10s
..[6405.461s][info][gc,start       ] GC(1866) Pause Full (Allocation Failure)
[6405.461s][info][gc,phases,start] GC(1866) Marking Phase
[6405.759s][info][gc,phases      ] GC(1866) Marking Phase 298.107ms
[6405.759s][info][gc,phases,start] GC(1866) Summary Phase
[6405.759s][info][gc,phases      ] GC(1866) Summary Phase 0.093ms
[6405.759s][info][gc,phases,start] GC(1866) Forward
[6405.895s][info][gc,phases      ] GC(1866) Forward 135.935ms
[6405.895s][info][gc,phases,start] GC(1866) Adjust Pointers
[6406.099s][info][gc,phases      ] GC(1866) Adjust Pointers 203.711ms
[6406.099s][info][gc,phases,start] GC(1866) Compaction Phase
[6406.229s][info][gc,phases      ] GC(1866) Compaction Phase 130.220ms
[6406.231s][info][gc,phases,start] GC(1866) Post Compact
[6406.238s][info][gc,phases      ] GC(1866) Post Compact 6.952ms
[6406.357s][info][gc,heap        ] GC(1866) PSYoungGen: 2616565K(2633216K)->0K(2634240K) Eden: 2473984K(2473984K)->0K(2473984K) From: 142581K(159232K)->0K(160256K)
[6406.358s][info][gc,heap        ] GC(1866) ParOldGen: 5535137K(5535232K)->1433353K(1747456K)
[6406.358s][info][gc,metaspace   ] GC(1866) Metaspace: 29113K(29504K)->29113K(29504K) NonClass: 24223K(24384K)->24223K(24384K) Class: 4889K(5120K)->4889K(5120K)
[6406.358s][info][gc             ] GC(1866) Pause Full (Allocation Failure) 7960M->1399M(4279M) 896.601ms
[6406.358s][info][gc,cpu         ] GC(1866) User=4.13s Sys=0.12s Real=0.89s
..[6407.807s][info][gc,start       ] GC(1867) Pause Young (Allocation Failure)
[6407.870s][info][gc,heap        ] GC(1867) PSYoungGen: 2473984K(2634240K)->139968K(2634752K) Eden: 2473984K(2473984K)->0K(2475520K) From: 0K(160256K)->139968K(159232K)
[6407.870s][info][gc,heap        ] GC(1867) ParOldGen: 1433353K(1747456K)->1433353K(1747456K)
[6407.870s][info][gc,metaspace   ] GC(1867) Metaspace: 29113K(29504K)->29113K(29504K) NonClass: 24223K(24384K)->24223K(24384K) Class: 4889K(5120K)->4889K(5120K)
[6407.870s][info][gc             ] GC(1867) Pause Young (Allocation Failure) 3815M->1536M(4279M) 62.815ms
[6407.870s][info][gc,cpu         ] GC(1867) User=0.37s Sys=0.00s Real=0.07s
.[6409.356s][info][gc,start       ] GC(1868) Pause Young (Allocation Failure)
[6409.452s][info][gc,heap        ] GC(1868) PSYoungGen: 2615488K(2634752K)->152928K(2628608K) Eden: 2475520K(2475520K)->0K(2475520K) From: 139968K(159232K)->152928K(153088K)
[6409.452s][info][gc,heap        ] GC(1868) ParOldGen: 1433353K(1747456K)->1523489K(1747456K)
[6409.452s][info][gc,metaspace   ] GC(1868) Metaspace: 29113K(29504K)->29113K(29504K) NonClass: 24223K(24384K)->24223K(24384K) Class: 4889K(5120K)->4889K(5120K)
[6409.452s][info][gc             ] GC(1868) Pause Young (Allocation Failure) 3953M->1637M(4273M) 96.262ms
[6409.452s][info][gc,cpu         ] GC(1868) User=0.57s Sys=0.00s Real=0.10s
..[6411.072s][info][gc,start       ] GC(1869) Pause Young (Allocation Failure)
[6411.170s][info][gc,heap        ] GC(1869) PSYoungGen: 2628448K(2628608K)->149065K(2635264K) Eden: 2475520K(2475520K)->0K(2473984K) From: 152928K(153088K)->149065K(161280K)
[6411.170s][info][gc,heap        ] GC(1869) ParOldGen: 1523489K(1747456K)->1617865K(1747456K)
[6411.170s][info][gc,metaspace   ] GC(1869) Metaspace: 29113K(29504K)->29113K(29504K) NonClass: 24223K(24384K)->24223K(24384K) Class: 4889K(5120K)->4889K(5120K)
[6411.170s][info][gc             ] GC(1869) Pause Young (Allocation Failure) 4054M->1725M(4280M) 98.383ms
[6411.170s][info][gc,cpu         ] GC(1869) User=0.58s Sys=0.00s Real=0.10s
..[6412.944s][info][gc,start       ] GC(1870) Pause Young (Allocation Failure)
[6413.043s][info][gc,heap        ] GC(1870) PSYoungGen: 2623049K(2635264K)->155353K(2629632K) Eden: 2473984K(2473984K)->0K(2473984K) From: 149065K(161280K)->155353K(155648K)
[6413.043s][info][gc,heap        ] GC(1870) ParOldGen: 1617865K(1747456K)->1707857K(1747456K)
[6413.043s][info][gc,metaspace   ] GC(1870) Metaspace: 29113K(29504K)->29113K(29504K) NonClass: 24223K(24384K)->24223K(24384K) Class: 4889K(5120K)->4889K(5120K)
[6413.043s][info][gc             ] GC(1870) Pause Young (Allocation Failure) 4141M->1819M(4274M) 99.165ms
[6413.043s][info][gc,cpu         ] GC(1870) User=0.59s Sys=0.00s Real=0.10s
.[6414.729s][info][gc,start       ] GC(1871) Pause Young (Allocation Failure)
[6414.823s][info][gc,heap        ] GC(1871) PSYoungGen: 2629337K(2629632K)->137216K(2633216K) Eden: 2473984K(2473984K)->0K(2470400K) From: 155353K(155648K)->137216K(162816K)
[6414.823s][info][gc,heap        ] GC(1871) ParOldGen: 1707857K(1747456K)->1801745K(1802240K)
[6414.823s][info][gc,metaspace   ] GC(1871) Metaspace: 29113K(29504K)->29113K(29504K) NonClass: 24223K(24384K)->24223K(24384K) Class: 4889K(5120K)->4889K(5120K)
[6414.823s][info][gc             ] GC(1871) Pause Young (Allocation Failure) 4235M->1893M(4331M) 94.768ms
[6414.823s][info][gc,cpu         ] GC(1871) User=0.55s Sys=0.01s Real=0.10s
..[6416.535s][info][gc,start       ] GC(1872) Pause Young (Allocation Failure)
[6416.634s][info][gc,heap        ] GC(1872) PSYoungGen: 2607616K(2633216K)->140676K(2611200K) Eden: 2470400K(2470400K)->0K(2470400K) From: 137216K(162816K)->140676K(140800K)
[6416.634s][info][gc,heap        ] GC(1872) ParOldGen: 1801745K(1802240K)->1892345K(1892352K)
[6416.634s][info][gc,metaspace   ] GC(1872) Metaspace: 29113K(29504K)->29113K(29504K) NonClass: 24223K(24384K)->24223K(24384K) Class: 4889K(5120K)->4889K(5120K)
[6416.634s][info][gc             ] GC(1872) Pause Young (Allocation Failure) 4306M->1985M(4398M) 99.044ms
[6416.634s][info][gc,cpu         ] GC(1872) User=0.56s Sys=0.02s Real=0.10s
..[6418.445s][info][gc,start       ] GC(1873) Pause Young (Allocation Failure)
[6418.546s][info][gc,heap        ] GC(1873) PSYoungGen: 2611076K(2611200K)->150944K(2632704K) Eden: 2470400K(2470400K)->0K(2470400K) From: 140676K(140800K)->150944K(162304K)
[6418.546s][info][gc,heap        ] GC(1873) ParOldGen: 1892345K(1892352K)->1984081K(1984512K)
[6418.546s][info][gc,metaspace   ] GC(1873) Metaspace: 29113K(29504K)->29113K(29504K) NonClass: 24223K(24384K)->24223K(24384K) Class: 4889K(5120K)->4889K(5120K)
[6418.546s][info][gc             ] GC(1873) Pause Young (Allocation Failure) 4397M->2084M(4509M) 100.813ms
[6418.546s][info][gc,cpu         ] GC(1873) User=0.57s Sys=0.04s Real=0.10s
..[6420.294s][info][gc,start       ] GC(1874) Pause Young (Allocation Failure)
[6420.397s][info][gc,heap        ] GC(1874) PSYoungGen: 2621344K(2632704K)->156309K(2627072K) Eden: 2470400K(2470400K)->0K(2470400K) From: 150944K(162304K)->156309K(156672K)
[6420.397s][info][gc,heap        ] GC(1874) ParOldGen: 1984081K(1984512K)->2075481K(2075648K)
[6420.397s][info][gc,metaspace   ] GC(1874) Metaspace: 29113K(29504K)->29113K(29504K) NonClass: 24223K(24384K)->24223K(24384K) Class: 4889K(5120K)->4889K(5120K)
[6420.397s][info][gc             ] GC(1874) Pause Young (Allocation Failure) 4497M->2179M(4592M) 103.469ms
[6420.397s][info][gc,cpu         ] GC(1874) User=0.59s Sys=0.03s Real=0.10s
..[6422.129s][info][gc,start       ] GC(1875) Pause Young (Allocation Failure)
[6422.235s][info][gc,heap        ] GC(1875) PSYoungGen: 2626709K(2627072K)->154740K(2628608K) Eden: 2470400K(2470400K)->0K(2464256K) From: 156309K(156672K)->154740K(164352K)
[6422.235s][info][gc,heap        ] GC(1875) ParOldGen: 2075481K(2075648K)->2169353K(2169856K)
[6422.235s][info][gc,metaspace   ] GC(1875) Metaspace: 29113K(29504K)->29113K(29504K) NonClass: 24223K(24384K)->24223K(24384K) Class: 4889K(5120K)->4889K(5120K)
[6422.235s][info][gc             ] GC(1875) Pause Young (Allocation Failure) 4591M->2269M(4686M) 105.869ms
[6422.235s][info][gc,cpu         ] GC(1875) User=0.61s Sys=0.03s Real=0.11s
..[6423.942s][info][gc,start       ] GC(1876) Pause Young (Allocation Failure)
[6424.038s][info][gc,heap        ] GC(1876) PSYoungGen: 2618996K(2628608K)->141152K(2630144K) Eden: 2464256K(2464256K)->0K(2464256K) From: 154740K(164352K)->141152K(165888K)
[6424.038s][info][gc,heap        ] GC(1876) ParOldGen: 2169353K(2169856K)->2259337K(2259456K)
[6424.038s][info][gc,metaspace   ] GC(1876) Metaspace: 29113K(29504K)->29113K(29504K) NonClass: 24223K(24384K)->24223K(24384K) Class: 4889K(5120K)->4889K(5120K)
[6424.038s][info][gc             ] GC(1876) Pause Young (Allocation Failure) 4676M->2344M(4775M) 95.780ms
[6424.038s][info][gc,cpu         ] GC(1876) User=0.53s Sys=0.03s Real=0.09s
.[6425.816s][info][gc,start       ] GC(1877) Pause Young (Allocation Failure)
[6425.912s][info][gc,heap        ] GC(1877) PSYoungGen: 2605408K(2630144K)->136256K(2630144K) Eden: 2464256K(2464256K)->0K(2465280K) From: 141152K(165888K)->136256K(164864K)
[6425.912s][info][gc,heap        ] GC(1877) ParOldGen: 2259337K(2259456K)->2351505K(2351616K)
[6425.912s][info][gc,metaspace   ] GC(1877) Metaspace: 29113K(29504K)->29113K(29504K) NonClass: 24223K(24384K)->24223K(24384K) Class: 4889K(5120K)->4889K(5120K)
[6425.912s][info][gc             ] GC(1877) Pause Young (Allocation Failure) 4750M->2429M(4865M) 95.942ms
[6425.912s][info][gc,cpu         ] GC(1877) User=0.55s Sys=0.02s Real=0.10s
..[6427.703s][info][gc,start       ] GC(1878) Pause Young (Allocation Failure)
[6427.801s][info][gc,heap        ] GC(1878) PSYoungGen: 2601536K(2630144K)->144560K(2610176K) Eden: 2465280K(2465280K)->0K(2465280K) From: 136256K(164864K)->144560K(144896K)
[6427.801s][info][gc,heap        ] GC(1878) ParOldGen: 2351505K(2351616K)->2440713K(2441216K)
[6427.801s][info][gc,metaspace   ] GC(1878) Metaspace: 29113K(29504K)->29113K(29504K) NonClass: 24223K(24384K)->24223K(24384K) Class: 4889K(5120K)->4889K(5120K)
[6427.801s][info][gc             ] GC(1878) Pause Young (Allocation Failure) 4836M->2524M(4933M) 97.811ms
[6427.801s][info][gc,cpu         ] GC(1878) User=0.54s Sys=0.03s Real=0.10s
..[6429.588s][info][gc,start       ] GC(1879) Pause Young (Allocation Failure)
[6429.684s][info][gc,heap        ] GC(1879) PSYoungGen: 2609840K(2610176K)->137536K(2630144K) Eden: 2465280K(2465280K)->0K(2466304K) From: 144560K(144896K)->137536K(163840K)
[6429.685s][info][gc,heap        ] GC(1879) ParOldGen: 2440713K(2441216K)->2533569K(2533888K)
[6429.685s][info][gc,metaspace   ] GC(1879) Metaspace: 29113K(29504K)->29113K(29504K) NonClass: 24223K(24384K)->24223K(24384K) Class: 4889K(5120K)->4889K(5120K)
[6429.685s][info][gc             ] GC(1879) Pause Young (Allocation Failure) 4932M->2608M(5043M) 96.803ms
[6429.685s][info][gc,cpu         ] GC(1879) User=0.55s Sys=0.03s Real=0.10s
.. (rIR:aIR:PR = 10931:11003:11003) (tPR = 162663) [OK] 
  6430s: Performance info:
         Transaction,    Success,    Partial,     Failed,   Receipts, AvgBarcode, 
             Overall,     664499,          0,          0,     631226,      59.47, 
         Response times:
             Request,    Success,    Partial,     Failed,   SkipFail,     Probes,    Samples,      min,      p50,      p90,      p95,      p99,      max, 
       TotalPurchase,     631240,          0,          0,          0,     345244,     449293,      200,     9400,   104000,   224000,   509000,  1100000,
     InStorePurchase,     334350,          0,          0,          0,     181402,     235538,      200,     9300,   105000,   224000,   500000,  1100000,
      OnlinePurchase,     231525,          0,          0,          0,     127064,     165641,      300,     9500,   105000,   227000,   516000,  1100000,
        InstPurchase,      65365,          0,          0,          0,      36778,      48114,      300,     9400,   103000,   221000,   510000,  1100000,
          AssocOfCat,        661,          0,          0,          0,        535,        803,    25000,    54000,   172000,   376000,   547080,   610000,
      AssocOfProduct,       6578,          0,          0,          0,       3797,       5227,      500,     8200,    98000,   174000,   488600,   630000,
      BusinessReport,       1647,          0,          0,          0,       1456,       2031,    26000,    63000,   186800,   347000,   610000,  1100000,
          CustBuyBeh,       6681,          0,          0,          0,       3729,       5029,      800,     9700,   106000,   231000,   485000,  1100000,
       ProductReturn,      17706,          0,          0,          0,       9395,      12475,      200,     9000,   104000,   213000,   513000,   910000,

  6430s: (80%)   IR =  11070 [6431.483s][info][gc,start       ] GC(1880) Pause Young (Allocation Failure)
[6431.586s][info][gc,heap        ] GC(1880) PSYoungGen: 2603840K(2630144K)->151840K(2629632K) Eden: 2466304K(2466304K)->0K(2466304K) From: 137536K(163840K)->151840K(163328K)
[6431.586s][info][gc,heap        ] GC(1880) ParOldGen: 2533569K(2533888K)->2623001K(2623488K)
[6431.586s][info][gc,metaspace   ] GC(1880) Metaspace: 29113K(29504K)->29113K(29504K) NonClass: 24223K(24384K)->24223K(24384K) Class: 4889K(5120K)->4889K(5120K)
[6431.586s][info][gc             ] GC(1880) Pause Young (Allocation Failure) 5017M->2709M(5130M) 102.998ms
[6431.586s][info][gc,cpu         ] GC(1880) User=0.58s Sys=0.04s Real=0.10s
..[6433.333s][info][gc,start       ] GC(1881) Pause Young (Allocation Failure)
[6433.440s][info][gc,heap        ] GC(1881) PSYoungGen: 2618144K(2629632K)->155957K(2628096K) Eden: 2466304K(2466304K)->0K(2464256K) From: 151840K(163328K)->155957K(163840K)
[6433.440s][info][gc,heap        ] GC(1881) ParOldGen: 2623001K(2623488K)->2716713K(2717184K)
[6433.440s][info][gc,metaspace   ] GC(1881) Metaspace: 29113K(29504K)->29113K(29504K) NonClass: 24223K(24384K)->24223K(24384K) Class: 4889K(5120K)->4889K(5120K)
[6433.440s][info][gc             ] GC(1881) Pause Young (Allocation Failure) 5118M->2805M(5220M) 106.762ms
[6433.440s][info][gc,cpu         ] GC(1881) User=0.60s Sys=0.04s Real=0.11s
.[6435.051s][info][gc,start       ] GC(1882) Pause Young (Allocation Failure)
[6435.149s][info][gc,heap        ] GC(1882) PSYoungGen: 2620213K(2628096K)->141920K(2630144K) Eden: 2464256K(2464256K)->0K(2464256K) From: 155957K(163840K)->141920K(165888K)
[6435.149s][info][gc,heap        ] GC(1882) ParOldGen: 2716713K(2717184K)->2808673K(2808832K)
[6435.149s][info][gc,metaspace   ] GC(1882) Metaspace: 29113K(29504K)->29113K(29504K) NonClass: 24223K(24384K)->24223K(24384K) Class: 4889K(5120K)->4889K(5120K)
[6435.149s][info][gc             ] GC(1882) Pause Young (Allocation Failure) 5211M->2881M(5311M) 97.848ms
[6435.149s][info][gc,cpu         ] GC(1882) User=0.56s Sys=0.03s Real=0.09s
..[6436.755s][info][gc,start       ] GC(1883) Pause Young (Allocation Failure)
[6436.854s][info][gc,heap        ] GC(1883) PSYoungGen: 2606176K(2630144K)->144704K(2626048K) Eden: 2464256K(2464256K)->0K(2465280K) From: 141920K(165888K)->144704K(160768K)
[6436.854s][info][gc,heap        ] GC(1883) ParOldGen: 2808673K(2808832K)->2899817K(2899968K)
[6436.854s][info][gc,metaspace   ] GC(1883) Metaspace: 29113K(29504K)->29113K(29504K) NonClass: 24223K(24384K)->24223K(24384K) Class: 4889K(5120K)->4889K(5120K)
[6436.855s][info][gc             ] GC(1883) Pause Young (Allocation Failure) 5287M->2973M(5396M) 99.560ms
[6436.855s][info][gc,cpu         ] GC(1883) User=0.56s Sys=0.03s Real=0.10s
..[6438.599s][info][gc,start       ] GC(1884) Pause Young (Allocation Failure)
[6438.705s][info][gc,heap        ] GC(1884) PSYoungGen: 2609984K(2626048K)->144018K(2628608K) Eden: 2465280K(2465280K)->0K(2465280K) From: 144704K(160768K)->144018K(163328K)
[6438.705s][info][gc,heap        ] GC(1884) ParOldGen: 2899817K(2899968K)->2992481K(2992640K)
[6438.705s][info][gc,metaspace   ] GC(1884) Metaspace: 29113K(29504K)->29113K(29504K) NonClass: 24223K(24384K)->24223K(24384K) Class: 4889K(5120K)->4889K(5120K)
[6438.705s][info][gc             ] GC(1884) Pause Young (Allocation Failure) 5380M->3062M(5489M) 105.722ms
[6438.705s][info][gc,cpu         ] GC(1884) User=0.60s Sys=0.02s Real=0.11s
.[6439.720s][info][gc,start       ] GC(1885) Pause Full (Diagnostic Command)
[6439.720s][info][gc,phases,start] GC(1885) Marking Phase
[6440.010s][info][gc,phases      ] GC(1885) Marking Phase 289.968ms
[6440.010s][info][gc,phases,start] GC(1885) Summary Phase
[6440.010s][info][gc,phases      ] GC(1885) Summary Phase 0.059ms
[6440.010s][info][gc,phases,start] GC(1885) Forward
[6440.186s][info][gc,phases      ] GC(1885) Forward 175.888ms
[6440.186s][info][gc,phases,start] GC(1885) Adjust Pointers
[6440.388s][info][gc,phases      ] GC(1885) Adjust Pointers 202.502ms
[6440.388s][info][gc,phases,start] GC(1885) Compaction Phase
[6440.543s][info][gc,phases      ] GC(1885) Compaction Phase 154.400ms
[6440.545s][info][gc,phases,start] GC(1885) Post Compact
[6440.549s][info][gc,phases      ] GC(1885) Post Compact 3.966ms
[6440.549s][info][gc,heap        ] GC(1885) PSYoungGen: 1671805K(2628608K)->0K(2628608K) Eden: 1527786K(2465280K)->0K(2465280K) From: 144018K(163328K)->0K(163328K)
[6440.549s][info][gc,heap        ] GC(1885) ParOldGen: 2992481K(2992640K)->1141061K(2992640K)
[6440.549s][info][gc,metaspace   ] GC(1885) Metaspace: 29113K(29504K)->29113K(29504K) NonClass: 24223K(24384K)->24223K(24384K) Class: 4889K(5120K)->4889K(5120K)
[6440.549s][info][gc             ] GC(1885) Pause Full (Diagnostic Command) 4554M->1114M(5489M) 829.693ms
[6440.549s][info][gc,cpu         ] GC(1885) User=4.34s Sys=0.00s Real=0.82s
..[6442.002s][info][gc,start       ] GC(1886) Pause Young (Allocation Failure)
[6442.071s][info][gc,heap        ] GC(1886) PSYoungGen: 2465280K(2628608K)->154144K(2631680K) Eden: 2465280K(2465280K)->0K(2469376K) From: 0K(163328K)->154144K(162304K)
[6442.071s][info][gc,heap        ] GC(1886) ParOldGen: 1141061K(2992640K)->1141061K(2992640K)
[6442.071s][info][gc,metaspace   ] GC(1886) Metaspace: 29113K(29504K)->29113K(29504K) NonClass: 24223K(24384K)->24223K(24384K) Class: 4889K(5120K)->4889K(5120K)
[6442.071s][info][gc             ] GC(1886) Pause Young (Allocation Failure) 3521M->1264M(5492M) 69.676ms
[6442.071s][info][gc,cpu         ] GC(1886) User=0.41s Sys=0.00s Real=0.07s
.[6443.533s][info][gc,start       ] GC(1887) Pause Young (Allocation Failure)
[6443.629s][info][gc,heap        ] GC(1887) PSYoungGen: 2623520K(2631680K)->150624K(2632704K) Eden: 2469376K(2469376K)->0K(2469376K) From: 154144K(162304K)->150624K(163328K)
[6443.629s][info][gc,heap        ] GC(1887) ParOldGen: 1141061K(2992640K)->1234269K(2992640K)
[6443.629s][info][gc,metaspace   ] GC(1887) Metaspace: 29113K(29504K)->29113K(29504K) NonClass: 24223K(24384K)->24223K(24384K) Class: 4889K(5120K)->4889K(5120K)
[6443.629s][info][gc             ] GC(1887) Pause Young (Allocation Failure) 3676M->1352M(5493M) 96.244ms
[6443.629s][info][gc,cpu         ] GC(1887) User=0.57s Sys=0.00s Real=0.09s
..[6445.318s][info][gc,start       ] GC(1888) Pause Young (Allocation Failure)
[6445.412s][info][gc,heap        ] GC(1888) PSYoungGen: 2620000K(2632704K)->148448K(2630656K) Eden: 2469376K(2469376K)->0K(2469376K) From: 150624K(163328K)->148448K(161280K)
[6445.412s][info][gc,heap        ] GC(1888) ParOldGen: 1234269K(2992640K)->1324469K(2992640K)
[6445.412s][info][gc,metaspace   ] GC(1888) Metaspace: 29113K(29504K)->29113K(29504K) NonClass: 24223K(24384K)->24223K(24384K) Class: 4889K(5120K)->4889K(5120K)
[6445.412s][info][gc             ] GC(1888) Pause Young (Allocation Failure) 3763M->1438M(5491M) 94.342ms
[6445.413s][info][gc,cpu         ] GC(1888) User=0.56s Sys=0.00s Real=0.10s
.|.[6447.086s][info][gc,start       ] GC(1889) Pause Young (Allocation Failure)
[6447.181s][info][gc,heap        ] GC(1889) PSYoungGen: 2617824K(2630656K)->142916K(2631680K) Eden: 2469376K(2469376K)->0K(2469376K) From: 148448K(161280K)->142916K(162304K)
[6447.181s][info][gc,heap        ] GC(1889) ParOldGen: 1324469K(2992640K)->1418037K(2992640K)
[6447.181s][info][gc,metaspace   ] GC(1889) Metaspace: 29113K(29504K)->29113K(29504K) NonClass: 24223K(24384K)->24223K(24384K) Class: 4889K(5120K)->4889K(5120K)
[6447.181s][info][gc             ] GC(1889) Pause Young (Allocation Failure) 3849M->1524M(5492M) 94.554ms
[6447.181s][info][gc,cpu         ] GC(1889) User=0.55s Sys=0.00s Real=0.10s
..[6448.882s][info][gc,start       ] GC(1890) Pause Young (Allocation Failure)
[6448.978s][info][gc,heap        ] GC(1890) PSYoungGen: 2612292K(2631680K)->148816K(2632704K) Eden: 2469376K(2469376K)->0K(2472448K) From: 142916K(162304K)->148816K(160256K)
[6448.978s][info][gc,heap        ] GC(1890) ParOldGen: 1418037K(2992640K)->1507949K(2992640K)
[6448.978s][info][gc,metaspace   ] GC(1890) Metaspace: 29113K(29504K)->29113K(29504K) NonClass: 24223K(24384K)->24223K(24384K) Class: 4889K(5120K)->4889K(5120K)
[6448.978s][info][gc             ] GC(1890) Pause Young (Allocation Failure) 3935M->1617M(5493M) 95.595ms
[6448.978s][info][gc,cpu         ] GC(1890) User=0.57s Sys=0.00s Real=0.09s
.[6450.718s][info][gc,start       ] GC(1891) Pause Young (Allocation Failure)
[6450.810s][info][gc,heap        ] GC(1891) PSYoungGen: 2621264K(2632704K)->141888K(2633216K) Eden: 2472448K(2472448K)->0K(2472448K) From: 148816K(160256K)->141888K(160768K)
[6450.810s][info][gc,heap        ] GC(1891) ParOldGen: 1507949K(2992640K)->1599613K(2992640K)
[6450.810s][info][gc,metaspace   ] GC(1891) Metaspace: 29113K(29504K)->29113K(29504K) NonClass: 24223K(24384K)->24223K(24384K) Class: 4889K(5120K)->4889K(5120K)
[6450.810s][info][gc             ] GC(1891) Pause Young (Allocation Failure) 4032M->1700M(5494M) 92.266ms
[6450.810s][info][gc,cpu         ] GC(1891) User=0.54s Sys=0.00s Real=0.10s
..[6452.459s][info][gc,start       ] GC(1892) Pause Young (Allocation Failure)
[6452.560s][info][gc,heap        ] GC(1892) PSYoungGen: 2614336K(2633216K)->160240K(2560000K) Eden: 2472448K(2472448K)->0K(2399744K) From: 141888K(160768K)->160240K(160256K)
[6452.560s][info][gc,heap        ] GC(1892) ParOldGen: 1599613K(2992640K)->1692157K(2992640K)
[6452.560s][info][gc,metaspace   ] GC(1892) Metaspace: 29113K(29504K)->29113K(29504K) NonClass: 24223K(24384K)->24223K(24384K) Class: 4889K(5120K)->4889K(5120K)
[6452.560s][info][gc             ] GC(1892) Pause Young (Allocation Failure) 4115M->1808M(5422M) 101.110ms
[6452.560s][info][gc,cpu         ] GC(1892) User=0.60s Sys=0.00s Real=0.11s
..[6454.308s][info][gc,start       ] GC(1893) Pause Young (Allocation Failure)
[6454.404s][info][gc,heap        ] GC(1893) PSYoungGen: 2559984K(2560000K)->147200K(2597888K) Eden: 2399744K(2399744K)->0K(2399744K) From: 160240K(160256K)->147200K(198144K)
[6454.404s][info][gc,heap        ] GC(1893) ParOldGen: 1692157K(2992640K)->1787189K(2992640K)
[6454.404s][info][gc,metaspace   ] GC(1893) Metaspace: 29113K(29504K)->29113K(29504K) NonClass: 24223K(24384K)->24223K(24384K) Class: 4889K(5120K)->4889K(5120K)
[6454.404s][info][gc             ] GC(1893) Pause Young (Allocation Failure) 4152M->1889M(5459M) 95.755ms
[6454.404s][info][gc,cpu         ] GC(1893) User=0.57s Sys=0.00s Real=0.10s
..[6456.082s][info][gc,start       ] GC(1894) Pause Young (Allocation Failure)
[6456.179s][info][gc,heap        ] GC(1894) PSYoungGen: 2546944K(2597888K)->147610K(2590720K) Eden: 2399744K(2399744K)->0K(2401792K) From: 147200K(198144K)->147610K(188928K)
[6456.179s][info][gc,heap        ] GC(1894) ParOldGen: 1787189K(2992640K)->1877805K(2992640K)
[6456.179s][info][gc,metaspace   ] GC(1894) Metaspace: 29113K(29504K)->29113K(29504K) NonClass: 24223K(24384K)->24223K(24384K) Class: 4889K(5120K)->4889K(5120K)
[6456.179s][info][gc             ] GC(1894) Pause Young (Allocation Failure) 4232M->1977M(5452M) 96.859ms
[6456.179s][info][gc,cpu         ] GC(1894) User=0.58s Sys=0.00s Real=0.09s
.[6457.709s][info][gc,start       ] GC(1895) Pause Young (Allocation Failure)
[6457.804s][info][gc,heap        ] GC(1895) PSYoungGen: 2549402K(2590720K)->143412K(2595328K) Eden: 2401792K(2401792K)->0K(2401792K) From: 147610K(188928K)->143412K(193536K)
[6457.804s][info][gc,heap        ] GC(1895) ParOldGen: 1877805K(2992640K)->1970205K(2992640K)
[6457.804s][info][gc,metaspace   ] GC(1895) Metaspace: 29113K(29504K)->29113K(29504K) NonClass: 24223K(24384K)->24223K(24384K) Class: 4889K(5120K)->4889K(5120K)
[6457.804s][info][gc             ] GC(1895) Pause Young (Allocation Failure) 4323M->2064M(5457M) 94.273ms
[6457.804s][info][gc,cpu         ] GC(1895) User=0.56s Sys=0.00s Real=0.09s
..[6459.474s][info][gc,start       ] GC(1896) Pause Young (Allocation Failure)
[6459.571s][info][gc,heap        ] GC(1896) PSYoungGen: 2545204K(2595328K)->151744K(2594304K) Eden: 2401792K(2401792K)->0K(2411008K) From: 143412K(193536K)->151744K(183296K)
[6459.571s][info][gc,heap        ] GC(1896) ParOldGen: 1970205K(2992640K)->2058653K(2992640K)
[6459.571s][info][gc,metaspace   ] GC(1896) Metaspace: 29113K(29504K)->29113K(29504K) NonClass: 24223K(24384K)->24223K(24384K) Class: 4889K(5120K)->4889K(5120K)
[6459.571s][info][gc             ] GC(1896) Pause Young (Allocation Failure) 4409M->2158M(5456M) 96.374ms
[6459.571s][info][gc,cpu         ] GC(1896) User=0.57s Sys=0.00s Real=0.10s
..[6461.283s][info][gc,start       ] GC(1897) Pause Young (Allocation Failure)
[6461.376s][info][gc,heap        ] GC(1897) PSYoungGen: 2562752K(2594304K)->138144K(2599424K) Eden: 2411008K(2411008K)->0K(2411008K) From: 151744K(183296K)->138144K(188416K)
[6461.376s][info][gc,heap        ] GC(1897) ParOldGen: 2058653K(2992640K)->2152021K(2992640K)
[6461.376s][info][gc,metaspace   ] GC(1897) Metaspace: 29113K(29504K)->29113K(29504K) NonClass: 24223K(24384K)->24223K(24384K) Class: 4889K(5120K)->4889K(5120K)
[6461.376s][info][gc             ] GC(1897) Pause Young (Allocation Failure) 4513M->2236M(5461M) 92.645ms
[6461.376s][info][gc,cpu         ] GC(1897) User=0.55s Sys=0.00s Real=0.09s
..[6463.082s][info][gc,start       ] GC(1898) Pause Young (Allocation Failure)
[6463.174s][info][gc,heap        ] GC(1898) PSYoungGen: 2549152K(2599424K)->141344K(2603520K) Eden: 2411008K(2411008K)->0K(2420224K) From: 138144K(188416K)->141344K(183296K)
[6463.174s][info][gc,heap        ] GC(1898) ParOldGen: 2152021K(2992640K)->2240685K(2992640K)
[6463.174s][info][gc,metaspace   ] GC(1898) Metaspace: 29113K(29504K)->29113K(29504K) NonClass: 24223K(24384K)->24223K(24384K) Class: 4889K(5120K)->4889K(5120K)
[6463.174s][info][gc             ] GC(1898) Pause Young (Allocation Failure) 4590M->2326M(5465M) 92.003ms
[6463.174s][info][gc,cpu         ] GC(1898) User=0.55s Sys=0.00s Real=0.09s
..[6464.971s][info][gc,start       ] GC(1899) Pause Young (Allocation Failure)
[6465.065s][info][gc,heap        ] GC(1899) PSYoungGen: 2561568K(2603520K)->145237K(2606080K) Eden: 2420224K(2420224K)->0K(2420224K) From: 141344K(183296K)->145237K(185856K)
[6465.065s][info][gc,heap        ] GC(1899) ParOldGen: 2240685K(2992640K)->2329885K(2992640K)
[6465.065s][info][gc,metaspace   ] GC(1899) Metaspace: 29113K(29504K)->29113K(29504K) NonClass: 24223K(24384K)->24223K(24384K) Class: 4889K(5120K)->4889K(5120K)
[6465.065s][info][gc             ] GC(1899) Pause Young (Allocation Failure) 4689M->2417M(5467M) 94.043ms
[6465.065s][info][gc,cpu         ] GC(1899) User=0.56s Sys=0.00s Real=0.09s
.[6466.722s][info][gc,start       ] GC(1900) Pause Young (Allocation Failure)
[6466.815s][info][gc,heap        ] GC(1900) PSYoungGen: 2565461K(2606080K)->141584K(2607104K) Eden: 2420224K(2420224K)->0K(2426880K) From: 145237K(185856K)->141584K(180224K)
[6466.815s][info][gc,heap        ] GC(1900) ParOldGen: 2329885K(2992640K)->2421021K(2992640K)
[6466.815s][info][gc,metaspace   ] GC(1900) Metaspace: 29113K(29504K)->29113K(29504K) NonClass: 24223K(24384K)->24223K(24384K) Class: 4889K(5120K)->4889K(5120K)
[6466.815s][info][gc             ] GC(1900) Pause Young (Allocation Failure) 4780M->2502M(5468M) 92.584ms
[6466.815s][info][gc,cpu         ] GC(1900) User=0.55s Sys=0.00s Real=0.09s
..[6468.515s][info][gc,start       ] GC(1901) Pause Young (Allocation Failure)
[6468.610s][info][gc,heap        ] GC(1901) PSYoungGen: 2568464K(2607104K)->142656K(2608640K) Eden: 2426880K(2426880K)->0K(2426880K) From: 141584K(180224K)->142656K(181760K)
[6468.610s][info][gc,heap        ] GC(1901) ParOldGen: 2421021K(2992640K)->2513997K(2992640K)
[6468.610s][info][gc,metaspace   ] GC(1901) Metaspace: 29113K(29504K)->29113K(29504K) NonClass: 24223K(24384K)->24223K(24384K) Class: 4889K(5120K)->4889K(5120K)
[6468.610s][info][gc             ] GC(1901) Pause Young (Allocation Failure) 4872M->2594M(5470M) 94.432ms
[6468.610s][info][gc,cpu         ] GC(1901) User=0.56s Sys=0.00s Real=0.10s
..[6470.280s][info][gc,start       ] GC(1902) Pause Young (Allocation Failure)
[6470.376s][info][gc,heap        ] GC(1902) PSYoungGen: 2569536K(2608640K)->150688K(2609664K) Eden: 2426880K(2426880K)->0K(2434560K) From: 142656K(181760K)->150688K(175104K)
[6470.376s][info][gc,heap        ] GC(1902) ParOldGen: 2513997K(2992640K)->2602533K(2992640K)
[6470.376s][info][gc,metaspace   ] GC(1902) Metaspace: 29113K(29504K)->29113K(29504K) NonClass: 24223K(24384K)->24223K(24384K) Class: 4889K(5120K)->4889K(5120K)
[6470.376s][info][gc             ] GC(1902) Pause Young (Allocation Failure) 4964M->2688M(5471M) 95.846ms
[6470.376s][info][gc,cpu         ] GC(1902) User=0.57s Sys=0.00s Real=0.09s
.[6472.001s][info][gc,start       ] GC(1903) Pause Young (Allocation Failure)
[6472.099s][info][gc,heap        ] GC(1903) PSYoungGen: 2585248K(2609664K)->151989K(2611712K) Eden: 2434560K(2434560K)->0K(2434560K) From: 150688K(175104K)->151989K(177152K)
[6472.099s][info][gc,heap        ] GC(1903) ParOldGen: 2602533K(2992640K)->2692797K(2992640K)
[6472.099s][info][gc,metaspace   ] GC(1903) Metaspace: 29113K(29504K)->29113K(29504K) NonClass: 24223K(24384K)->24223K(24384K) Class: 4889K(5120K)->4889K(5120K)
[6472.099s][info][gc             ] GC(1903) Pause Young (Allocation Failure) 5066M->2778M(5473M) 97.660ms
[6472.099s][info][gc,cpu         ] GC(1903) User=0.58s Sys=0.00s Real=0.09s
..[6473.756s][info][gc,start       ] GC(1904) Pause Young (Allocation Failure)
[6473.849s][info][gc,heap        ] GC(1904) PSYoungGen: 2586549K(2611712K)->140468K(2616320K) Eden: 2434560K(2434560K)->0K(2443264K) From: 151989K(177152K)->140468K(173056K)
[6473.849s][info][gc,heap        ] GC(1904) ParOldGen: 2692797K(2992640K)->2785989K(2992640K)
[6473.849s][info][gc,metaspace   ] GC(1904) Metaspace: 29113K(29504K)->29113K(29504K) NonClass: 24223K(24384K)->24223K(24384K) Class: 4889K(5120K)->4889K(5120K)
[6473.849s][info][gc             ] GC(1904) Pause Young (Allocation Failure) 5155M->2857M(5477M) 93.073ms
[6473.849s][info][gc,cpu         ] GC(1904) User=0.56s Sys=0.00s Real=0.09s
..[6475.595s][info][gc,start       ] GC(1905) Pause Young (Allocation Failure)
[6475.685s][info][gc,heap        ] GC(1905) PSYoungGen: 2583732K(2616320K)->136192K(2617856K) Eden: 2443264K(2443264K)->0K(2443264K) From: 140468K(173056K)->136192K(174592K)
[6475.685s][info][gc,heap        ] GC(1905) ParOldGen: 2785989K(2992640K)->2876733K(2992640K)
[6475.685s][info][gc,metaspace   ] GC(1905) Metaspace: 29113K(29504K)->29113K(29504K) NonClass: 24223K(24384K)->24223K(24384K) Class: 4889K(5120K)->4889K(5120K)
[6475.685s][info][gc             ] GC(1905) Pause Young (Allocation Failure) 5243M->2942M(5479M) 89.967ms
[6475.685s][info][gc,cpu         ] GC(1905) User=0.53s Sys=0.00s Real=0.09s
..[6477.506s][info][gc,start       ] GC(1906) Pause Young (Allocation Failure)
[6477.604s][info][gc,heap        ] GC(1906) PSYoungGen: 2579456K(2617856K)->150960K(2617856K) Eden: 2443264K(2443264K)->0K(2447360K) From: 136192K(174592K)->150960K(170496K)
[6477.604s][info][gc,heap        ] GC(1906) ParOldGen: 2876733K(2992640K)->2969717K(2992640K)
[6477.604s][info][gc,metaspace   ] GC(1906) Metaspace: 29113K(29504K)->29113K(29504K) NonClass: 24223K(24384K)->24223K(24384K) Class: 4889K(5120K)->4889K(5120K)
[6477.604s][info][gc             ] GC(1906) Pause Young (Allocation Failure) 5328M->3047M(5479M) 98.182ms
[6477.604s][info][gc,cpu         ] GC(1906) User=0.59s Sys=0.00s Real=0.10s
..[6479.237s][info][gc,start       ] GC(1907) Pause Young (Allocation Failure)
[6479.341s][info][gc,heap        ] GC(1907) PSYoungGen: 2598320K(2617856K)->154784K(2619904K) Eden: 2447360K(2447360K)->0K(2447360K) From: 150960K(170496K)->154784K(172544K)
[6479.341s][info][gc,heap        ] GC(1907) ParOldGen: 2969717K(2992640K)->3059165K(3059200K)
[6479.341s][info][gc,metaspace   ] GC(1907) Metaspace: 29113K(29504K)->29113K(29504K) NonClass: 24223K(24384K)->24223K(24384K) Class: 4889K(5120K)->4889K(5120K)
[6479.341s][info][gc             ] GC(1907) Pause Young (Allocation Failure) 5437M->3138M(5546M) 104.143ms
[6479.341s][info][gc,cpu         ] GC(1907) User=0.59s Sys=0.03s Real=0.11s
.[6481.055s][info][gc,start       ] GC(1908) Pause Young (Allocation Failure)
[6481.153s][info][gc,heap        ] GC(1908) PSYoungGen: 2602144K(2619904K)->142592K(2620928K) Eden: 2447360K(2447360K)->0K(2450432K) From: 154784K(172544K)->142592K(170496K)
[6481.153s][info][gc,heap        ] GC(1908) ParOldGen: 3059165K(3059200K)->3150789K(3150848K)
[6481.153s][info][gc,metaspace   ] GC(1908) Metaspace: 29113K(29504K)->29113K(29504K) NonClass: 24223K(24384K)->24223K(24384K) Class: 4889K(5120K)->4889K(5120K)
[6481.153s][info][gc             ] GC(1908) Pause Young (Allocation Failure) 5528M->3216M(5636M) 98.730ms
[6481.153s][info][gc,cpu         ] GC(1908) User=0.55s Sys=0.03s Real=0.10s
..[6482.843s][info][gc,start       ] GC(1909) Pause Young (Allocation Failure)
[6482.948s][info][gc,heap        ] GC(1909) PSYoungGen: 2593024K(2620928K)->156041K(2621952K) Eden: 2450432K(2450432K)->0K(2450432K) From: 142592K(170496K)->156041K(171520K)
[6482.948s][info][gc,heap        ] GC(1909) ParOldGen: 3150789K(3150848K)->3243501K(3243520K)
[6482.948s][info][gc,metaspace   ] GC(1909) Metaspace: 29113K(29504K)->29113K(29504K) NonClass: 24223K(24384K)->24223K(24384K) Class: 4889K(5120K)->4889K(5120K)
[6482.948s][info][gc             ] GC(1909) Pause Young (Allocation Failure) 5609M->3319M(5728M) 105.756ms
[6482.948s][info][gc,cpu         ] GC(1909) User=0.60s Sys=0.03s Real=0.10s
..[6484.654s][info][gc,start       ] GC(1910) Pause Young (Allocation Failure)
[6484.753s][info][gc,heap        ] GC(1910) PSYoungGen: 2606473K(2621952K)->141597K(2622976K) Eden: 2450432K(2450432K)->0K(2452480K) From: 156041K(171520K)->141597K(170496K)
[6484.753s][info][gc,heap        ] GC(1910) ParOldGen: 3243501K(3243520K)->3333725K(3334144K)
[6484.753s][info][gc,metaspace   ] GC(1910) Metaspace: 29113K(29504K)->29113K(29504K) NonClass: 24223K(24384K)->24223K(24384K) Class: 4889K(5120K)->4889K(5120K)
[6484.753s][info][gc             ] GC(1910) Pause Young (Allocation Failure) 5712M->3393M(5817M) 99.315ms
[6484.753s][info][gc,cpu         ] GC(1910) User=0.56s Sys=0.03s Real=0.10s
..[6486.542s][info][gc,start       ] GC(1911) Pause Young (Allocation Failure)
[6486.639s][info][gc,heap        ] GC(1911) PSYoungGen: 2594077K(2622976K)->140512K(2623488K) Eden: 2452480K(2452480K)->0K(2452480K) From: 141597K(170496K)->140512K(171008K)
[6486.639s][info][gc,heap        ] GC(1911) ParOldGen: 3333725K(3334144K)->3424429K(3424768K)
[6486.639s][info][gc,metaspace   ] GC(1911) Metaspace: 29113K(29504K)->29113K(29504K) NonClass: 24223K(24384K)->24223K(24384K) Class: 4889K(5120K)->4889K(5120K)
[6486.639s][info][gc             ] GC(1911) Pause Young (Allocation Failure) 5788M->3481M(5906M) 97.499ms
[6486.640s][info][gc,cpu         ] GC(1911) User=0.56s Sys=0.02s Real=0.10s
..[6488.292s][info][gc,start       ] GC(1912) Pause Young (Allocation Failure)
[6488.392s][info][gc,heap        ] GC(1912) PSYoungGen: 2592992K(2623488K)->145440K(2621440K) Eden: 2452480K(2452480K)->0K(2455040K) From: 140512K(171008K)->145440K(166400K)
[6488.392s][info][gc,heap        ] GC(1912) ParOldGen: 3424429K(3424768K)->3518581K(3518976K)
[6488.392s][info][gc,metaspace   ] GC(1912) Metaspace: 29113K(29504K)->29113K(29504K) NonClass: 24223K(24384K)->24223K(24384K) Class: 4889K(5120K)->4889K(5120K)
[6488.392s][info][gc             ] GC(1912) Pause Young (Allocation Failure) 5876M->3578M(5996M) 100.653ms
[6488.392s][info][gc,cpu         ] GC(1912) User=0.58s Sys=0.02s Real=0.10s
..[6490.265s][info][gc,start       ] GC(1913) Pause Young (Allocation Failure)
[6490.366s][info][gc,heap        ] GC(1913) PSYoungGen: 2600480K(2621440K)->150458K(2622976K) Eden: 2455040K(2455040K)->0K(2455040K) From: 145440K(166400K)->150458K(167936K)
[6490.366s][info][gc,heap        ] GC(1913) ParOldGen: 3518581K(3518976K)->3608989K(3609088K)
[6490.366s][info][gc,metaspace   ] GC(1913) Metaspace: 29113K(29504K)->29113K(29504K) NonClass: 24223K(24384K)->24223K(24384K) Class: 4889K(5120K)->4889K(5120K)
[6490.366s][info][gc             ] GC(1913) Pause Young (Allocation Failure) 5975M->3671M(6086M) 101.721ms
[6490.366s][info][gc,cpu         ] GC(1913) User=0.57s Sys=0.03s Real=0.10s
.[6492.085s][info][gc,start       ] GC(1914) Pause Young (Allocation Failure)
[6492.186s][info][gc,heap        ] GC(1914) PSYoungGen: 2605498K(2622976K)->149968K(2625536K) Eden: 2455040K(2455040K)->0K(2460672K) From: 150458K(167936K)->149968K(164864K)
[6492.186s][info][gc,heap        ] GC(1914) ParOldGen: 3608989K(3609088K)->3699637K(3699712K)
[6492.186s][info][gc,metaspace   ] GC(1914) Metaspace: 29113K(29504K)->29113K(29504K) NonClass: 24223K(24384K)->24223K(24384K) Class: 4889K(5120K)->4889K(5120K)
[6492.186s][info][gc             ] GC(1914) Pause Young (Allocation Failure) 6068M->3759M(6177M) 100.606ms
[6492.186s][info][gc,cpu         ] GC(1914) User=0.57s Sys=0.02s Real=0.10s
..[6493.850s][info][gc,start       ] GC(1915) Pause Young (Allocation Failure)
[6493.953s][info][gc,heap        ] GC(1915) PSYoungGen: 2610640K(2625536K)->152505K(2627072K) Eden: 2460672K(2460672K)->0K(2460672K) From: 149968K(164864K)->152505K(166400K)
[6493.953s][info][gc,heap        ] GC(1915) ParOldGen: 3699637K(3699712K)->3790445K(3790848K)
[6493.953s][info][gc,metaspace   ] GC(1915) Metaspace: 29113K(29504K)->29113K(29504K) NonClass: 24223K(24384K)->24223K(24384K) Class: 4889K(5120K)->4889K(5120K)
[6493.953s][info][gc             ] GC(1915) Pause Young (Allocation Failure) 6162M->3850M(6267M) 103.642ms
[6493.953s][info][gc,cpu         ] GC(1915) User=0.59s Sys=0.03s Real=0.10s
..[6495.575s][info][gc,start       ] GC(1916) Pause Young (Allocation Failure)
[6495.672s][info][gc,heap        ] GC(1916) PSYoungGen: 2613177K(2627072K)->135136K(2629632K) Eden: 2460672K(2460672K)->0K(2463232K) From: 152505K(166400K)->135136K(166400K)
[6495.672s][info][gc,heap        ] GC(1916) ParOldGen: 3790445K(3790848K)->3883197K(3883520K)
[6495.672s][info][gc,metaspace   ] GC(1916) Metaspace: 29113K(29504K)->29113K(29504K) NonClass: 24223K(24384K)->24223K(24384K) Class: 4889K(5120K)->4889K(5120K)
[6495.672s][info][gc             ] GC(1916) Pause Young (Allocation Failure) 6253M->3924M(6360M) 96.482ms
[6495.672s][info][gc,cpu         ] GC(1916) User=0.54s Sys=0.03s Real=0.10s
..[6497.485s][info][gc,start       ] GC(1917) Pause Young (Allocation Failure)
[6497.610s][info][gc,heap        ] GC(1917) PSYoungGen: 2598368K(2629632K)->159620K(2622976K) Eden: 2463232K(2463232K)->0K(2463232K) From: 135136K(166400K)->159620K(159744K)
[6497.610s][info][gc,heap        ] GC(1917) ParOldGen: 3883197K(3883520K)->3973349K(3973632K)
[6497.610s][info][gc,metaspace   ] GC(1917) Metaspace: 29113K(29504K)->29113K(29504K) NonClass: 24223K(24384K)->24223K(24384K) Class: 4889K(5120K)->4889K(5120K)
[6497.610s][info][gc             ] GC(1917) Pause Young (Allocation Failure) 6329M->4036M(6442M) 125.221ms
[6497.610s][info][gc,cpu         ] GC(1917) User=0.71s Sys=0.03s Real=0.13s
.[6499.252s][info][gc,start       ] GC(1918) Pause Young (Allocation Failure)
[6499.357s][info][gc,heap        ] GC(1918) PSYoungGen: 2622852K(2622976K)->155108K(2625536K) Eden: 2463232K(2463232K)->0K(2456064K) From: 159620K(159744K)->155108K(169472K)
[6499.357s][info][gc,heap        ] GC(1918) ParOldGen: 3973349K(3973632K)->4066365K(4066816K)
[6499.357s][info][gc,metaspace   ] GC(1918) Metaspace: 29113K(29504K)->29113K(29504K) NonClass: 24223K(24384K)->24223K(24384K) Class: 4889K(5120K)->4889K(5120K)
[6499.357s][info][gc             ] GC(1918) Pause Young (Allocation Failure) 6441M->4122M(6535M) 105.113ms
[6499.357s][info][gc,cpu         ] GC(1918) User=0.59s Sys=0.03s Real=0.10s
..[6501.036s][info][gc,start       ] GC(1919) Pause Young (Allocation Failure)
[6501.137s][info][gc,heap        ] GC(1919) PSYoungGen: 2611172K(2625536K)->145472K(2601984K) Eden: 2456064K(2456064K)->0K(2456064K) From: 155108K(169472K)->145472K(145920K)
[6501.137s][info][gc,heap        ] GC(1919) ParOldGen: 4066365K(4066816K)->4158877K(4158976K)
[6501.137s][info][gc,metaspace   ] GC(1919) Metaspace: 29113K(29504K)->29113K(29504K) NonClass: 24223K(24384K)->24223K(24384K) Class: 4889K(5120K)->4889K(5120K)
[6501.137s][info][gc             ] GC(1919) Pause Young (Allocation Failure) 6521M->4203M(6602M) 100.416ms
[6501.137s][info][gc,cpu         ] GC(1919) User=0.56s Sys=0.04s Real=0.10s
..[6502.816s][info][gc,start       ] GC(1920) Pause Young (Allocation Failure)
[6502.919s][info][gc,heap        ] GC(1920) PSYoungGen: 2601536K(2601984K)->146795K(2626560K) Eden: 2456064K(2456064K)->0K(2458112K) From: 145472K(145920K)->146795K(168448K)
[6502.919s][info][gc,heap        ] GC(1920) ParOldGen: 4158877K(4158976K)->4252709K(4253184K)
[6502.919s][info][gc,metaspace   ] GC(1920) Metaspace: 29113K(29504K)->29113K(29504K) NonClass: 24223K(24384K)->24223K(24384K) Class: 4889K(5120K)->4889K(5120K)
[6502.919s][info][gc             ] GC(1920) Pause Young (Allocation Failure) 6601M->4296M(6718M) 102.936ms
[6502.919s][info][gc,cpu         ] GC(1920) User=0.58s Sys=0.02s Real=0.10s
..[6504.577s][info][gc,start       ] GC(1921) Pause Young (Allocation Failure)
[6504.677s][info][gc,heap        ] GC(1921) PSYoungGen: 2604907K(2626560K)->139415K(2625024K) Eden: 2458112K(2458112K)->0K(2458112K) From: 146795K(168448K)->139415K(166912K)
[6504.677s][info][gc,heap        ] GC(1921) ParOldGen: 4252709K(4253184K)->4344165K(4344320K)
[6504.677s][info][gc,metaspace   ] GC(1921) Metaspace: 29113K(29504K)->29113K(29504K) NonClass: 24223K(24384K)->24223K(24384K) Class: 4889K(5120K)->4889K(5120K)
[6504.677s][info][gc             ] GC(1921) Pause Young (Allocation Failure) 6696M->4378M(6806M) 99.106ms
[6504.677s][info][gc,cpu         ] GC(1921) User=0.56s Sys=0.02s Real=0.10s
.[6506.414s][info][gc,start       ] GC(1922) Pause Young (Allocation Failure)
[6506.519s][info][gc,heap        ] GC(1922) PSYoungGen: 2597527K(2625024K)->158485K(2625024K) Eden: 2458112K(2458112K)->0K(2458624K) From: 139415K(166912K)->158485K(166400K)
[6506.519s][info][gc,heap        ] GC(1922) ParOldGen: 4344165K(4344320K)->4433117K(4433408K)
[6506.519s][info][gc,metaspace   ] GC(1922) Metaspace: 29113K(29504K)->29113K(29504K) NonClass: 24223K(24384K)->24223K(24384K) Class: 4889K(5120K)->4889K(5120K)
[6506.519s][info][gc             ] GC(1922) Pause Young (Allocation Failure) 6778M->4483M(6893M) 105.834ms
[6506.519s][info][gc,cpu         ] GC(1922) User=0.60s Sys=0.03s Real=0.11s
. (rIR:aIR:PR = 11070:11068:11066) (tPR = 162542) [OK] 
  6506s: Performance info:
         Transaction,    Success,    Partial,     Failed,   Receipts, AvgBarcode, 
             Overall,     672413,          0,          0,     638909,      59.47, 
         Response times:
             Request,    Success,    Partial,     Failed,   SkipFail,     Probes,    Samples,      min,      p50,      p90,      p95,      p99,      max, 
       TotalPurchase,     638757,          0,          0,          0,     359479,     453769,      200,     9300,    84000,   162000,   594000,   640000,
     InStorePurchase,     337170,          0,          0,          0,     189233,     238769,      200,     9400,    83000,   162000,   594000,   640000,
      OnlinePurchase,     232049,          0,          0,          0,     132318,     167044,      200,     9400,    84000,   162000,   610000,   640000,
        InstPurchase,      69538,          0,          0,          0,      37928,      47956,      300,     8800,    83000,   161000,   620000,   620000,
          AssocOfCat,        672,          0,          0,          0,        553,        805,    21000,    49000,   142000,   233800,   408160,   496000,
      AssocOfProduct,       6801,          0,          0,          0,       3945,       5265,      600,     9100,    77000,   160000,   650000,   810000,
      BusinessReport,       1681,          0,          0,          0,       1485,       2064,    23000,    62000,   153000,   249500,   700000,   860000,
          CustBuyBeh,       6720,          0,          0,          0,       3973,       5268,      300,     8200,    81000,   175000,   610000,   860000,
       ProductReturn,      17864,          0,          0,          0,      10068,      12898,      200,     7700,    78000,   158000,   370000,   560000,

  6506s: (81%)   IR =  11208 .[6508.268s][info][gc,start       ] GC(1923) Pause Young (Allocation Failure)
[6508.369s][info][gc,heap        ] GC(1923) PSYoungGen: 2617109K(2625024K)->146528K(2627072K) Eden: 2458624K(2458624K)->0K(2458624K) From: 158485K(166400K)->146528K(168448K)
[6508.369s][info][gc,heap        ] GC(1923) ParOldGen: 4433117K(4433408K)->4527165K(4527616K)
[6508.369s][info][gc,metaspace   ] GC(1923) Metaspace: 29113K(29504K)->29113K(29504K) NonClass: 24223K(24384K)->24223K(24384K) Class: 4889K(5120K)->4889K(5120K)
[6508.370s][info][gc             ] GC(1923) Pause Young (Allocation Failure) 6884M->4564M(6987M) 101.278ms
[6508.370s][info][gc,cpu         ] GC(1923) User=0.57s Sys=0.02s Real=0.11s
..[6510.069s][info][gc,start       ] GC(1924) Pause Young (Allocation Failure)
[6510.169s][info][gc,heap        ] GC(1924) PSYoungGen: 2605152K(2627072K)->144256K(2625024K) Eden: 2458624K(2458624K)->0K(2460672K) From: 146528K(168448K)->144256K(164352K)
[6510.169s][info][gc,heap        ] GC(1924) ParOldGen: 4527165K(4527616K)->4617405K(4617728K)
[6510.169s][info][gc,metaspace   ] GC(1924) Metaspace: 29113K(29504K)->29113K(29504K) NonClass: 24223K(24384K)->24223K(24384K) Class: 4889K(5120K)->4889K(5120K)
[6510.169s][info][gc             ] GC(1924) Pause Young (Allocation Failure) 6965M->4650M(7073M) 99.943ms
[6510.169s][info][gc,cpu         ] GC(1924) User=0.55s Sys=0.04s Real=0.10s
..[6511.853s][info][gc,start       ] GC(1925) Pause Young (Allocation Failure)
[6511.958s][info][gc,heap        ] GC(1925) PSYoungGen: 2604928K(2625024K)->149268K(2626560K) Eden: 2460672K(2460672K)->0K(2460672K) From: 144256K(164352K)->149268K(165888K)
[6511.958s][info][gc,heap        ] GC(1925) ParOldGen: 4617405K(4617728K)->4710445K(4710912K)
[6511.958s][info][gc,metaspace   ] GC(1925) Metaspace: 29113K(29504K)->29113K(29504K) NonClass: 24223K(24384K)->24223K(24384K) Class: 4889K(5120K)->4889K(5120K)
[6511.958s][info][gc             ] GC(1925) Pause Young (Allocation Failure) 7053M->4745M(7165M) 104.765ms
[6511.958s][info][gc,cpu         ] GC(1925) User=0.59s Sys=0.03s Real=0.10s
.[6513.626s][info][gc,start       ] GC(1926) Pause Young (Allocation Failure)
[6513.724s][info][gc,heap        ] GC(1926) PSYoungGen: 2609940K(2626560K)->137584K(2629632K) Eden: 2460672K(2460672K)->0K(2465280K) From: 149268K(165888K)->137584K(164352K)
[6513.724s][info][gc,heap        ] GC(1926) ParOldGen: 4710445K(4710912K)->4801725K(4802048K)
[6513.724s][info][gc,metaspace   ] GC(1926) Metaspace: 29113K(29504K)->29113K(29504K) NonClass: 24223K(24384K)->24223K(24384K) Class: 4889K(5120K)->4889K(5120K)
[6513.724s][info][gc             ] GC(1926) Pause Young (Allocation Failure) 7148M->4823M(7257M) 97.302ms
[6513.724s][info][gc,cpu         ] GC(1926) User=0.55s Sys=0.02s Real=0.10s
..[6515.442s][info][gc,start       ] GC(1927) Pause Young (Allocation Failure)
[6515.544s][info][gc,heap        ] GC(1927) PSYoungGen: 2602864K(2629632K)->153472K(2630144K) Eden: 2465280K(2465280K)->0K(2465280K) From: 137584K(164352K)->153472K(164864K)
[6515.544s][info][gc,heap        ] GC(1927) ParOldGen: 4801725K(4802048K)->4889421K(4889600K)
[6515.544s][info][gc,metaspace   ] GC(1927) Metaspace: 29113K(29504K)->29113K(29504K) NonClass: 24223K(24384K)->24223K(24384K) Class: 4889K(5120K)->4889K(5120K)
[6515.544s][info][gc             ] GC(1927) Pause Young (Allocation Failure) 7231M->4924M(7343M) 102.337ms
[6515.544s][info][gc,cpu         ] GC(1927) User=0.58s Sys=0.02s Real=0.10s
..[6517.235s][info][gc,start       ] GC(1928) Pause Young (Allocation Failure)
[6517.339s][info][gc,heap        ] GC(1928) PSYoungGen: 2618752K(2630144K)->146096K(2628608K) Eden: 2465280K(2465280K)->0K(2465792K) From: 153472K(164864K)->146096K(162816K)
[6517.339s][info][gc,heap        ] GC(1928) ParOldGen: 4889421K(4889600K)->4985365K(4985856K)
[6517.339s][info][gc,metaspace   ] GC(1928) Metaspace: 29113K(29504K)->29113K(29504K) NonClass: 24223K(24384K)->24223K(24384K) Class: 4889K(5120K)->4889K(5120K)
[6517.339s][info][gc             ] GC(1928) Pause Young (Allocation Failure) 7332M->5011M(7436M) 103.574ms
[6517.339s][info][gc,cpu         ] GC(1928) User=0.58s Sys=0.04s Real=0.10s
..|[6519.025s][info][gc,start       ] GC(1929) Pause Young (Allocation Failure)
[6519.129s][info][gc,heap        ] GC(1929) PSYoungGen: 2611888K(2628608K)->150290K(2629632K) Eden: 2465792K(2465792K)->0K(2465792K) From: 146096K(162816K)->150290K(163840K)
[6519.129s][info][gc,heap        ] GC(1929) ParOldGen: 4985365K(4985856K)->5074373K(5074432K)
[6519.129s][info][gc,metaspace   ] GC(1929) Metaspace: 29113K(29504K)->29113K(29504K) NonClass: 24223K(24384K)->24223K(24384K) Class: 4889K(5120K)->4889K(5120K)
[6519.129s][info][gc             ] GC(1929) Pause Young (Allocation Failure) 7419M->5102M(7523M) 103.677ms
[6519.129s][info][gc,cpu         ] GC(1929) User=0.59s Sys=0.03s Real=0.10s
.[6520.813s][info][gc,start       ] GC(1930) Pause Young (Allocation Failure)
[6520.921s][info][gc,heap        ] GC(1930) PSYoungGen: 2616082K(2629632K)->150624K(2630656K) Eden: 2465792K(2465792K)->0K(2468864K) From: 150290K(163840K)->150624K(161792K)
[6520.921s][info][gc,heap        ] GC(1930) ParOldGen: 5074373K(5074432K)->5170109K(5170176K)
[6520.921s][info][gc,metaspace   ] GC(1930) Metaspace: 29113K(29504K)->29113K(29504K) NonClass: 24223K(24384K)->24223K(24384K) Class: 4889K(5120K)->4889K(5120K)
[6520.921s][info][gc             ] GC(1930) Pause Young (Allocation Failure) 7510M->5196M(7618M) 107.317ms
[6520.921s][info][gc,cpu         ] GC(1930) User=0.60s Sys=0.03s Real=0.11s
..[6522.633s][info][gc,start       ] GC(1931) Pause Young (Allocation Failure)
[6522.730s][info][gc,heap        ] GC(1931) PSYoungGen: 2619488K(2630656K)->134368K(2631680K) Eden: 2468864K(2468864K)->0K(2468864K) From: 150624K(161792K)->134368K(162816K)
[6522.730s][info][gc,heap        ] GC(1931) ParOldGen: 5170109K(5170176K)->5260493K(5260800K)
[6522.730s][info][gc,metaspace   ] GC(1931) Metaspace: 29113K(29504K)->29113K(29504K) NonClass: 24223K(24384K)->24223K(24384K) Class: 4889K(5120K)->4889K(5120K)
[6522.730s][info][gc             ] GC(1931) Pause Young (Allocation Failure) 7607M->5268M(7707M) 97.157ms
[6522.730s][info][gc,cpu         ] GC(1931) User=0.53s Sys=0.03s Real=0.10s
..[6524.389s][info][gc,start       ] GC(1932) Pause Young (Allocation Failure)
[6524.491s][info][gc,heap        ] GC(1932) PSYoungGen: 2603232K(2631680K)->150784K(2632704K) Eden: 2468864K(2468864K)->0K(2468864K) From: 134368K(162816K)->150784K(163840K)
[6524.491s][info][gc,heap        ] GC(1932) ParOldGen: 5260493K(5260800K)->5348725K(5348864K)
[6524.491s][info][gc,metaspace   ] GC(1932) Metaspace: 29113K(29504K)->29113K(29504K) NonClass: 24223K(24384K)->24223K(24384K) Class: 4889K(5120K)->4889K(5120K)
[6524.491s][info][gc             ] GC(1932) Pause Young (Allocation Failure) 7679M->5370M(7794M) 102.610ms
[6524.491s][info][gc,cpu         ] GC(1932) User=0.58s Sys=0.03s Real=0.11s
..[6526.146s][info][gc,start       ] GC(1933) Pause Young (Allocation Failure)
[6526.249s][info][gc,heap        ] GC(1933) PSYoungGen: 2619648K(2632704K)->146164K(2615296K) Eden: 2468864K(2468864K)->0K(2468864K) From: 150784K(163840K)->146164K(146432K)
[6526.249s][info][gc,heap        ] GC(1933) ParOldGen: 5348725K(5348864K)->5441861K(5442048K)
[6526.249s][info][gc,metaspace   ] GC(1933) Metaspace: 29113K(29504K)->29113K(29504K) NonClass: 24223K(24384K)->24223K(24384K) Class: 4889K(5120K)->4889K(5120K)
[6526.249s][info][gc             ] GC(1933) Pause Young (Allocation Failure) 7781M->5457M(7868M) 103.304ms
[6526.249s][info][gc,cpu         ] GC(1933) User=0.59s Sys=0.03s Real=0.11s
.[6527.951s][info][gc,start       ] GC(1934) Pause Young (Allocation Failure)
[6528.052s][info][gc,heap        ] GC(1934) PSYoungGen: 2615028K(2615296K)->144352K(2632192K) Eden: 2468864K(2468864K)->0K(2469888K) From: 146164K(146432K)->144352K(162304K)
[6528.052s][info][gc,heap        ] GC(1934) ParOldGen: 5441861K(5442048K)->5532853K(5533184K)
[6528.052s][info][gc,metaspace   ] GC(1934) Metaspace: 29113K(29504K)->29113K(29504K) NonClass: 24223K(24384K)->24223K(24384K) Class: 4889K(5120K)->4889K(5120K)
[6528.052s][info][gc             ] GC(1934) Pause Young (Allocation Failure) 7868M->5544M(7974M) 101.272ms
[6528.052s][info][gc,cpu         ] GC(1934) User=0.58s Sys=0.03s Real=0.10s
..[6529.768s][info][gc,start       ] GC(1935) Pause Full (Allocation Failure)
[6529.768s][info][gc,phases,start] GC(1935) Marking Phase
[6530.065s][info][gc,phases      ] GC(1935) Marking Phase 296.619ms
[6530.065s][info][gc,phases,start] GC(1935) Summary Phase
[6530.065s][info][gc,phases      ] GC(1935) Summary Phase 0.093ms
[6530.065s][info][gc,phases,start] GC(1935) Forward
[6530.202s][info][gc,phases      ] GC(1935) Forward 136.998ms
[6530.202s][info][gc,phases,start] GC(1935) Adjust Pointers
[6530.401s][info][gc,phases      ] GC(1935) Adjust Pointers 198.995ms
[6530.401s][info][gc,phases,start] GC(1935) Compaction Phase
[6530.528s][info][gc,phases      ] GC(1935) Compaction Phase 127.020ms
[6530.529s][info][gc,phases,start] GC(1935) Post Compact
[6530.536s][info][gc,phases      ] GC(1935) Post Compact 6.912ms
[6530.656s][info][gc,heap        ] GC(1935) PSYoungGen: 2614240K(2632192K)->0K(2631168K) Eden: 2469888K(2469888K)->0K(2469888K) From: 144352K(162304K)->0K(161280K)
[6530.656s][info][gc,heap        ] GC(1935) ParOldGen: 5532853K(5533184K)->1426149K(1745920K)
[6530.656s][info][gc,metaspace   ] GC(1935) Metaspace: 29113K(29504K)->29113K(29504K) NonClass: 24223K(24384K)->24223K(24384K) Class: 4889K(5120K)->4889K(5120K)
[6530.656s][info][gc             ] GC(1935) Pause Full (Allocation Failure) 7956M->1392M(4274M) 887.886ms
[6530.656s][info][gc,cpu         ] GC(1935) User=4.07s Sys=0.12s Real=0.89s
..[6532.119s][info][gc,start       ] GC(1936) Pause Young (Allocation Failure)
[6532.185s][info][gc,heap        ] GC(1936) PSYoungGen: 2469888K(2631168K)->146112K(2632704K) Eden: 2469888K(2469888K)->0K(2473472K) From: 0K(161280K)->146112K(159232K)
[6532.185s][info][gc,heap        ] GC(1936) ParOldGen: 1426149K(1745920K)->1426149K(1745920K)
[6532.185s][info][gc,metaspace   ] GC(1936) Metaspace: 29113K(29504K)->29113K(29504K) NonClass: 24223K(24384K)->24223K(24384K) Class: 4889K(5120K)->4889K(5120K)
[6532.185s][info][gc             ] GC(1936) Pause Young (Allocation Failure) 3804M->1535M(4276M) 66.047ms
[6532.185s][info][gc,cpu         ] GC(1936) User=0.39s Sys=0.00s Real=0.07s
.[6533.535s][info][gc,start       ] GC(1937) Pause Young (Allocation Failure)
[6533.644s][info][gc,heap        ] GC(1937) PSYoungGen: 2619584K(2632704K)->159725K(2633216K) Eden: 2473472K(2473472K)->0K(2473472K) From: 146112K(159232K)->159725K(159744K)
[6533.644s][info][gc,heap        ] GC(1937) ParOldGen: 1426149K(1745920K)->1529237K(1745920K)
[6533.644s][info][gc,metaspace   ] GC(1937) Metaspace: 29113K(29504K)->29113K(29504K) NonClass: 24223K(24384K)->24223K(24384K) Class: 4889K(5120K)->4889K(5120K)
[6533.644s][info][gc             ] GC(1937) Pause Young (Allocation Failure) 3950M->1649M(4276M) 108.493ms
[6533.644s][info][gc,cpu         ] GC(1937) User=0.64s Sys=0.00s Real=0.11s
.[6535.176s][info][gc,start       ] GC(1938) Pause Young (Allocation Failure)
[6535.272s][info][gc,heap        ] GC(1938) PSYoungGen: 2633197K(2633216K)->145728K(2560512K) Eden: 2473472K(2473472K)->0K(2397696K) From: 159725K(159744K)->145728K(162816K)
[6535.272s][info][gc,heap        ] GC(1938) ParOldGen: 1529237K(1745920K)->1626805K(1745920K)
[6535.272s][info][gc,metaspace   ] GC(1938) Metaspace: 29113K(29504K)->29113K(29504K) NonClass: 24223K(24384K)->24223K(24384K) Class: 4889K(5120K)->4889K(5120K)
[6535.272s][info][gc             ] GC(1938) Pause Young (Allocation Failure) 4064M->1730M(4205M) 96.280ms
[6535.272s][info][gc,cpu         ] GC(1938) User=0.58s Sys=0.00s Real=0.10s
..[6536.759s][info][gc,start       ] GC(1939) Pause Young (Allocation Failure)
[6536.856s][info][gc,heap        ] GC(1939) PSYoungGen: 2543424K(2560512K)->143034K(2596864K) Eden: 2397696K(2397696K)->0K(2397696K) From: 145728K(162816K)->143034K(199168K)
[6536.856s][info][gc,heap        ] GC(1939) ParOldGen: 1626805K(1745920K)->1719269K(1745920K)
[6536.856s][info][gc,metaspace   ] GC(1939) Metaspace: 29113K(29504K)->29113K(29504K) NonClass: 24223K(24384K)->24223K(24384K) Class: 4889K(5120K)->4889K(5120K)
[6536.856s][info][gc             ] GC(1939) Pause Young (Allocation Failure) 4072M->1818M(4241M) 97.113ms
[6536.856s][info][gc,cpu         ] GC(1939) User=0.57s Sys=0.00s Real=0.10s
..[6538.420s][info][gc,start       ] GC(1940) Pause Young (Allocation Failure)
[6538.520s][info][gc,heap        ] GC(1940) PSYoungGen: 2540730K(2596864K)->156112K(2587136K) Eden: 2397696K(2397696K)->0K(2399232K) From: 143034K(199168K)->156112K(187904K)
[6538.520s][info][gc,heap        ] GC(1940) ParOldGen: 1719269K(1745920K)->1807621K(1807872K)
[6538.520s][info][gc,metaspace   ] GC(1940) Metaspace: 29113K(29504K)->29113K(29504K) NonClass: 24223K(24384K)->24223K(24384K) Class: 4889K(5120K)->4889K(5120K)
[6538.520s][info][gc             ] GC(1940) Pause Young (Allocation Failure) 4160M->1917M(4292M) 100.188ms
[6538.520s][info][gc,cpu         ] GC(1940) User=0.58s Sys=0.02s Real=0.10s
.[6540.251s][info][gc,start       ] GC(1941) Pause Young (Allocation Failure)
[6540.355s][info][gc,heap        ] GC(1941) PSYoungGen: 2555344K(2587136K)->155837K(2592768K) Eden: 2399232K(2399232K)->0K(2399232K) From: 156112K(187904K)->155837K(193536K)
[6540.355s][info][gc,heap        ] GC(1941) ParOldGen: 1807621K(1807872K)->1900013K(1900032K)
[6540.355s][info][gc,metaspace   ] GC(1941) Metaspace: 29113K(29504K)->29113K(29504K) NonClass: 24223K(24384K)->24223K(24384K) Class: 4889K(5120K)->4889K(5120K)
[6540.355s][info][gc             ] GC(1941) Pause Young (Allocation Failure) 4260M->2007M(4387M) 104.454ms
[6540.355s][info][gc,cpu         ] GC(1941) User=0.59s Sys=0.03s Real=0.10s
..[6542.005s][info][gc,start       ] GC(1942) Pause Young (Allocation Failure)
[6542.108s][info][gc,heap        ] GC(1942) PSYoungGen: 2555069K(2592768K)->152760K(2594304K) Eden: 2399232K(2399232K)->0K(2412544K) From: 155837K(193536K)->152760K(181760K)
[6542.108s][info][gc,heap        ] GC(1942) ParOldGen: 1900013K(1900032K)->1991797K(1992192K)
[6542.108s][info][gc,metaspace   ] GC(1942) Metaspace: 29113K(29504K)->29113K(29504K) NonClass: 24223K(24384K)->24223K(24384K) Class: 4889K(5120K)->4889K(5120K)
[6542.108s][info][gc             ] GC(1942) Pause Young (Allocation Failure) 4350M->2094M(4479M) 103.419ms
[6542.108s][info][gc,cpu         ] GC(1942) User=0.59s Sys=0.02s Real=0.10s
..[6543.779s][info][gc,start       ] GC(1943) Pause Young (Allocation Failure)
[6543.871s][info][gc,heap        ] GC(1943) PSYoungGen: 2565304K(2594304K)->134272K(2599424K) Eden: 2412544K(2412544K)->0K(2412544K) From: 152760K(181760K)->134272K(186880K)
[6543.871s][info][gc,heap        ] GC(1943) ParOldGen: 1991797K(1992192K)->2081157K(2081280K)
[6543.871s][info][gc,metaspace   ] GC(1943) Metaspace: 29113K(29504K)->29113K(29504K) NonClass: 24223K(24384K)->24223K(24384K) Class: 4889K(5120K)->4889K(5120K)
[6543.871s][info][gc             ] GC(1943) Pause Young (Allocation Failure) 4450M->2163M(4571M) 92.054ms
[6543.871s][info][gc,cpu         ] GC(1943) User=0.53s Sys=0.02s Real=0.10s
..[6545.498s][info][gc,start       ] GC(1944) Pause Young (Allocation Failure)
[6545.601s][info][gc,heap        ] GC(1944) PSYoungGen: 2546816K(2599424K)->158649K(2606592K) Eden: 2412544K(2412544K)->0K(2421760K) From: 134272K(186880K)->158649K(184832K)
[6545.601s][info][gc,heap        ] GC(1944) ParOldGen: 2081157K(2081280K)->2168701K(2168832K)
[6545.601s][info][gc,metaspace   ] GC(1944) Metaspace: 29113K(29504K)->29113K(29504K) NonClass: 24223K(24384K)->24223K(24384K) Class: 4889K(5120K)->4889K(5120K)
[6545.601s][info][gc             ] GC(1944) Pause Young (Allocation Failure) 4519M->2272M(4663M) 102.820ms
[6545.601s][info][gc,cpu         ] GC(1944) User=0.56s Sys=0.04s Real=0.11s
.[6547.283s][info][gc,start       ] GC(1945) Pause Young (Allocation Failure)
[6547.380s][info][gc,heap        ] GC(1945) PSYoungGen: 2580409K(2606592K)->142848K(2607616K) Eden: 2421760K(2421760K)->0K(2421760K) From: 158649K(184832K)->142848K(185856K)
[6547.380s][info][gc,heap        ] GC(1945) ParOldGen: 2168701K(2168832K)->2261245K(2261504K)
[6547.380s][info][gc,metaspace   ] GC(1945) Metaspace: 29113K(29504K)->29113K(29504K) NonClass: 24223K(24384K)->24223K(24384K) Class: 4889K(5120K)->4889K(5120K)
[6547.380s][info][gc             ] GC(1945) Pause Young (Allocation Failure) 4637M->2347M(4755M) 96.857ms
[6547.380s][info][gc,cpu         ] GC(1945) User=0.55s Sys=0.02s Real=0.10s
..[6549.099s][info][gc,start       ] GC(1946) Pause Young (Allocation Failure)
[6549.198s][info][gc,heap        ] GC(1946) PSYoungGen: 2564608K(2607616K)->143712K(2606080K) Eden: 2421760K(2421760K)->0K(2425344K) From: 142848K(185856K)->143712K(180736K)
[6549.198s][info][gc,heap        ] GC(1946) ParOldGen: 2261245K(2261504K)->2351061K(2351104K)
[6549.198s][info][gc,metaspace   ] GC(1946) Metaspace: 29113K(29504K)->29113K(29504K) NonClass: 24223K(24384K)->24223K(24384K) Class: 4889K(5120K)->4889K(5120K)
[6549.198s][info][gc             ] GC(1946) Pause Young (Allocation Failure) 4712M->2436M(4841M) 99.308ms
[6549.198s][info][gc,cpu         ] GC(1946) User=0.56s Sys=0.04s Real=0.10s
..[6550.886s][info][gc,start       ] GC(1947) Pause Young (Allocation Failure)
[6550.986s][info][gc,heap        ] GC(1947) PSYoungGen: 2569056K(2606080K)->144833K(2608128K) Eden: 2425344K(2425344K)->0K(2425344K) From: 143712K(180736K)->144833K(182784K)
[6550.986s][info][gc,heap        ] GC(1947) ParOldGen: 2351061K(2351104K)->2443685K(2443776K)
[6550.986s][info][gc,metaspace   ] GC(1947) Metaspace: 29113K(29504K)->29113K(29504K) NonClass: 24223K(24384K)->24223K(24384K) Class: 4889K(5120K)->4889K(5120K)
[6550.986s][info][gc             ] GC(1947) Pause Young (Allocation Failure) 4804M->2527M(4933M) 99.833ms
[6550.986s][info][gc,cpu         ] GC(1947) User=0.57s Sys=0.03s Real=0.10s
..[6552.694s][info][gc,start       ] GC(1948) Pause Young (Allocation Failure)
[6552.795s][info][gc,heap        ] GC(1948) PSYoungGen: 2570177K(2608128K)->151600K(2606592K) Eden: 2425344K(2425344K)->0K(2432000K) From: 144833K(182784K)->151600K(174592K)
[6552.795s][info][gc,heap        ] GC(1948) ParOldGen: 2443685K(2443776K)->2532477K(2532864K)
[6552.795s][info][gc,metaspace   ] GC(1948) Metaspace: 29113K(29504K)->29113K(29504K) NonClass: 24223K(24384K)->24223K(24384K) Class: 4889K(5120K)->4889K(5120K)
[6552.795s][info][gc             ] GC(1948) Pause Young (Allocation Failure) 4896M->2621M(5019M) 101.010ms
[6552.795s][info][gc,cpu         ] GC(1948) User=0.57s Sys=0.03s Real=0.10s
.[6554.357s][info][gc,start       ] GC(1949) Pause Young (Allocation Failure)
[6554.457s][info][gc,heap        ] GC(1949) PSYoungGen: 2583600K(2606592K)->144544K(2610176K) Eden: 2432000K(2432000K)->0K(2432000K) From: 151600K(174592K)->144544K(178176K)
[6554.457s][info][gc,heap        ] GC(1949) ParOldGen: 2532477K(2532864K)->2627101K(2627584K)
[6554.457s][info][gc,metaspace   ] GC(1949) Metaspace: 29113K(29504K)->29113K(29504K) NonClass: 24223K(24384K)->24223K(24384K) Class: 4889K(5120K)->4889K(5120K)
[6554.457s][info][gc             ] GC(1949) Pause Young (Allocation Failure) 4996M->2706M(5115M) 99.758ms
[6554.457s][info][gc,cpu         ] GC(1949) User=0.56s Sys=0.03s Real=0.10s
..[6556.204s][info][gc,start       ] GC(1950) Pause Young (Allocation Failure)
[6556.301s][info][gc,heap        ] GC(1950) PSYoungGen: 2576544K(2610176K)->141984K(2614272K) Eden: 2432000K(2432000K)->0K(2441216K) From: 144544K(178176K)->141984K(173056K)
[6556.301s][info][gc,heap        ] GC(1950) ParOldGen: 2627101K(2627584K)->2716541K(2716672K)
[6556.301s][info][gc,metaspace   ] GC(1950) Metaspace: 29113K(29504K)->29113K(29504K) NonClass: 24223K(24384K)->24223K(24384K) Class: 4889K(5120K)->4889K(5120K)
[6556.301s][info][gc             ] GC(1950) Pause Young (Allocation Failure) 5081M->2791M(5206M) 97.149ms
[6556.301s][info][gc,cpu         ] GC(1950) User=0.56s Sys=0.02s Real=0.10s
..[6557.979s][info][gc,start       ] GC(1951) Pause Young (Allocation Failure)
[6558.077s][info][gc,heap        ] GC(1951) PSYoungGen: 2583200K(2614272K)->142464K(2616832K) Eden: 2441216K(2441216K)->0K(2441216K) From: 141984K(173056K)->142464K(175616K)
[6558.077s][info][gc,heap        ] GC(1951) ParOldGen: 2716541K(2716672K)->2805933K(2806272K)
[6558.077s][info][gc,metaspace   ] GC(1951) Metaspace: 29113K(29504K)->29113K(29504K) NonClass: 24223K(24384K)->24223K(24384K) Class: 4889K(5120K)->4889K(5120K)
[6558.077s][info][gc             ] GC(1951) Pause Young (Allocation Failure) 5175M->2879M(5296M) 97.187ms
[6558.077s][info][gc,cpu         ] GC(1951) User=0.55s Sys=0.02s Real=0.09s
..[6559.741s][info][gc,start       ] GC(1952) Pause Young (Allocation Failure)
[6559.836s][info][gc,heap        ] GC(1952) PSYoungGen: 2583680K(2616832K)->137696K(2618368K) Eden: 2441216K(2441216K)->0K(2446336K) From: 142464K(175616K)->137696K(172032K)
[6559.836s][info][gc,heap        ] GC(1952) ParOldGen: 2805933K(2806272K)->2897101K(2897408K)
[6559.836s][info][gc,metaspace   ] GC(1952) Metaspace: 29113K(29504K)->29113K(29504K) NonClass: 24223K(24384K)->24223K(24384K) Class: 4889K(5120K)->4889K(5120K)
[6559.836s][info][gc             ] GC(1952) Pause Young (Allocation Failure) 5263M->2963M(5386M) 95.461ms
[6559.836s][info][gc,cpu         ] GC(1952) User=0.54s Sys=0.02s Real=0.09s
.[6561.508s][info][gc,start       ] GC(1953) Pause Young (Allocation Failure)
[6561.613s][info][gc,heap        ] GC(1953) PSYoungGen: 2584032K(2618368K)->155844K(2619904K) Eden: 2446336K(2446336K)->0K(2446336K) From: 137696K(172032K)->155844K(173568K)
[6561.613s][info][gc,heap        ] GC(1953) ParOldGen: 2897101K(2897408K)->2988333K(2988544K)
[6561.613s][info][gc,metaspace   ] GC(1953) Metaspace: 29113K(29504K)->29113K(29504K) NonClass: 24223K(24384K)->24223K(24384K) Class: 4889K(5120K)->4889K(5120K)
[6561.613s][info][gc             ] GC(1953) Pause Young (Allocation Failure) 5352M->3070M(5477M) 104.981ms
[6561.613s][info][gc,cpu         ] GC(1953) User=0.61s Sys=0.02s Real=0.11s
..[6563.372s][info][gc,start       ] GC(1954) Pause Young (Allocation Failure)
[6563.475s][info][gc,heap        ] GC(1954) PSYoungGen: 2602180K(2619904K)->151957K(2619904K) Eden: 2446336K(2446336K)->0K(2448384K) From: 155844K(173568K)->151957K(171520K)
[6563.475s][info][gc,heap        ] GC(1954) ParOldGen: 2988333K(2988544K)->3080061K(3080192K)
[6563.475s][info][gc,metaspace   ] GC(1954) Metaspace: 29113K(29504K)->29113K(29504K) NonClass: 24223K(24384K)->24223K(24384K) Class: 4889K(5120K)->4889K(5120K)
[6563.475s][info][gc             ] GC(1954) Pause Young (Allocation Failure) 5459M->3156M(5566M) 102.945ms
[6563.475s][info][gc,cpu         ] GC(1954) User=0.58s Sys=0.03s Real=0.10s
..[6565.071s][info][gc,start       ] GC(1955) Pause Young (Allocation Failure)
[6565.179s][info][gc,heap        ] GC(1955) PSYoungGen: 2600341K(2619904K)->156340K(2620928K) Eden: 2448384K(2448384K)->0K(2448384K) From: 151957K(171520K)->156340K(172544K)
[6565.179s][info][gc,heap        ] GC(1955) ParOldGen: 3080061K(3080192K)->3173557K(3173888K)
[6565.179s][info][gc,metaspace   ] GC(1955) Metaspace: 29113K(29504K)->29113K(29504K) NonClass: 24223K(24384K)->24223K(24384K) Class: 4889K(5120K)->4889K(5120K)
[6565.179s][info][gc             ] GC(1955) Pause Young (Allocation Failure) 5547M->3251M(5659M) 107.804ms
[6565.179s][info][gc,cpu         ] GC(1955) User=0.62s Sys=0.02s Real=0.10s
..[6566.911s][info][gc,start       ] GC(1956) Pause Young (Allocation Failure)
[6567.014s][info][gc,heap        ] GC(1956) PSYoungGen: 2604724K(2620928K)->154660K(2622976K) Eden: 2448384K(2448384K)->0K(2450432K) From: 156340K(172544K)->154660K(172544K)
[6567.014s][info][gc,heap        ] GC(1956) ParOldGen: 3173557K(3173888K)->3260461K(3260928K)
[6567.014s][info][gc,metaspace   ] GC(1956) Metaspace: 29113K(29504K)->29113K(29504K) NonClass: 24223K(24384K)->24223K(24384K) Class: 4889K(5120K)->4889K(5120K)
[6567.014s][info][gc             ] GC(1956) Pause Young (Allocation Failure) 5642M->3335M(5746M) 102.918ms
[6567.014s][info][gc,cpu         ] GC(1956) User=0.57s Sys=0.04s Real=0.10s
.[6568.635s][info][gc,start       ] GC(1957) Pause Young (Allocation Failure)
[6568.732s][info][gc,heap        ] GC(1957) PSYoungGen: 2605092K(2622976K)->134752K(2622976K) Eden: 2450432K(2450432K)->0K(2450432K) From: 154660K(172544K)->134752K(172544K)
[6568.732s][info][gc,heap        ] GC(1957) ParOldGen: 3260461K(3260928K)->3353949K(3354112K)
[6568.732s][info][gc,metaspace   ] GC(1957) Metaspace: 29113K(29504K)->29113K(29504K) NonClass: 24223K(24384K)->24223K(24384K) Class: 4889K(5120K)->4889K(5120K)
[6568.732s][info][gc             ] GC(1957) Pause Young (Allocation Failure) 5728M->3406M(5837M) 97.681ms
[6568.732s][info][gc,cpu         ] GC(1957) User=0.56s Sys=0.02s Real=0.10s
..[6570.413s][info][gc,start       ] GC(1958) Pause Young (Allocation Failure)
[6570.521s][info][gc,heap        ] GC(1958) PSYoungGen: 2585184K(2622976K)->162597K(2617856K) Eden: 2450432K(2450432K)->0K(2444800K) From: 134752K(172544K)->162597K(173056K)
[6570.521s][info][gc,heap        ] GC(1958) ParOldGen: 3353949K(3354112K)->3443285K(3443712K)
[6570.521s][info][gc,metaspace   ] GC(1958) Metaspace: 29113K(29504K)->29113K(29504K) NonClass: 24223K(24384K)->24223K(24384K) Class: 4889K(5120K)->4889K(5120K)
[6570.521s][info][gc             ] GC(1958) Pause Young (Allocation Failure) 5799M->3521M(5919M) 107.388ms
[6570.521s][info][gc,cpu         ] GC(1958) User=0.61s Sys=0.03s Real=0.11s
..[6572.204s][info][gc,start       ] GC(1959) Pause Young (Allocation Failure)
[6572.307s][info][gc,heap        ] GC(1959) PSYoungGen: 2607397K(2617856K)->151305K(2620416K) Eden: 2444800K(2444800K)->0K(2444800K) From: 162597K(173056K)->151305K(175616K)
[6572.307s][info][gc,heap        ] GC(1959) ParOldGen: 3443285K(3443712K)->3537181K(3537408K)
[6572.307s][info][gc,metaspace   ] GC(1959) Metaspace: 29113K(29504K)->29113K(29504K) NonClass: 24223K(24384K)->24223K(24384K) Class: 4889K(5120K)->4889K(5120K)
[6572.307s][info][gc             ] GC(1959) Pause Young (Allocation Failure) 5908M->3602M(6013M) 103.136ms
[6572.307s][info][gc,cpu         ] GC(1959) User=0.57s Sys=0.03s Real=0.10s
..[6573.914s][info][gc,start       ] GC(1960) Pause Young (Allocation Failure)
[6574.014s][info][gc,heap        ] GC(1960) PSYoungGen: 2596105K(2620416K)->144032K(2617856K) Eden: 2444800K(2444800K)->0K(2446848K) From: 151305K(175616K)->144032K(171008K)
[6574.014s][info][gc,heap        ] GC(1960) ParOldGen: 3537181K(3537408K)->3628229K(3628544K)
[6574.014s][info][gc,metaspace   ] GC(1960) Metaspace: 29113K(29504K)->29113K(29504K) NonClass: 24223K(24384K)->24223K(24384K) Class: 4889K(5120K)->4889K(5120K)
[6574.014s][info][gc             ] GC(1960) Pause Young (Allocation Failure) 5989M->3683M(6100M) 100.102ms
[6574.014s][info][gc,cpu         ] GC(1960) User=0.56s Sys=0.03s Real=0.10s
.[6575.741s][info][gc,start       ] GC(1961) Pause Young (Allocation Failure)
[6575.839s][info][gc,heap        ] GC(1961) PSYoungGen: 2590880K(2617856K)->141552K(2619392K) Eden: 2446848K(2446848K)->0K(2446848K) From: 144032K(171008K)->141552K(172544K)
[6575.839s][info][gc,heap        ] GC(1961) ParOldGen: 3628229K(3628544K)->3720421K(3720704K)
[6575.839s][info][gc,metaspace   ] GC(1961) Metaspace: 29113K(29504K)->29113K(29504K) NonClass: 24223K(24384K)->24223K(24384K) Class: 4889K(5120K)->4889K(5120K)
[6575.839s][info][gc             ] GC(1961) Pause Young (Allocation Failure) 6073M->3771M(6191M) 98.359ms
[6575.839s][info][gc,cpu         ] GC(1961) User=0.55s Sys=0.03s Real=0.09s
..[6577.457s][info][gc,start       ] GC(1962) Pause Young (Allocation Failure)
[6577.560s][info][gc,heap        ] GC(1962) PSYoungGen: 2588400K(2619392K)->153984K(2621952K) Eden: 2446848K(2446848K)->0K(2451968K) From: 141552K(172544K)->153984K(169984K)
[6577.560s][info][gc,heap        ] GC(1962) ParOldGen: 3720421K(3720704K)->3811245K(3811328K)
[6577.560s][info][gc,metaspace   ] GC(1962) Metaspace: 29113K(29504K)->29113K(29504K) NonClass: 24223K(24384K)->24223K(24384K) Class: 4889K(5120K)->4889K(5120K)
[6577.560s][info][gc             ] GC(1962) Pause Young (Allocation Failure) 6160M->3872M(6282M) 103.855ms
[6577.560s][info][gc,cpu         ] GC(1962) User=0.60s Sys=0.02s Real=0.11s
..[6579.255s][info][gc,start       ] GC(1963) Pause Young (Allocation Failure)
[6579.354s][info][gc,heap        ] GC(1963) PSYoungGen: 2605952K(2621952K)->145952K(2622976K) Eden: 2451968K(2451968K)->0K(2451968K) From: 153984K(169984K)->145952K(171008K)
[6579.354s][info][gc,heap        ] GC(1963) ParOldGen: 3811245K(3811328K)->3903325K(3903488K)
[6579.354s][info][gc,metaspace   ] GC(1963) Metaspace: 29113K(29504K)->29113K(29504K) NonClass: 24223K(24384K)->24223K(24384K) Class: 4889K(5120K)->4889K(5120K)
[6579.354s][info][gc             ] GC(1963) Pause Young (Allocation Failure) 6266M->3954M(6373M) 99.321ms
[6579.354s][info][gc,cpu         ] GC(1963) User=0.57s Sys=0.02s Real=0.10s
. (rIR:aIR:PR = 11208:11240:11240) (tPR = 166599) [OK] 
  6579s: Performance info:
         Transaction,    Success,    Partial,     Failed,   Receipts, AvgBarcode, 
             Overall,     685642,          0,          0,     650836,      59.48, 
         Response times:
             Request,    Success,    Partial,     Failed,   SkipFail,     Probes,    Samples,      min,      p50,      p90,      p95,      p99,      max, 
       TotalPurchase,     651206,          0,          0,          0,     341179,     440171,      200,    10700,   122000,   399000,   990000,  1200000,
     InStorePurchase,     343995,          0,          0,          0,     179569,     231669,      300,    10700,   122000,   396000,   990000,  1100000,
      OnlinePurchase,     239206,          0,          0,          0,     125604,     162017,      200,    10600,   121000,   395000,   950000,  1200000,
        InstPurchase,      68005,          0,          0,          0,      36006,      46485,      400,    11200,   123000,   416000,  1100000,  1200000,
          AssocOfCat,        683,          0,          0,          0,        563,        840,    22000,    50000,   159700,   303600,   476000,   487000,
      AssocOfProduct,       7078,          0,          0,          0,       3919,       5233,     1100,    10100,   108600,   356000,   650000,   660000,
      BusinessReport,       1716,          0,          0,          0,       1464,       2069,    28000,    66000,   184000,   455000,   760000,  1100000,
          CustBuyBeh,       6866,          0,          0,          0,       3842,       5141,      200,    10900,   119000,   362600,   640000,   640000,
       ProductReturn,      18307,          0,          0,          0,       9945,      12815,      100,    11800,   124000,   307000,   596000,   980000,

  6579s: (82%)   IR =  11346 .[6581.053s][info][gc,start       ] GC(1964) Pause Young (Allocation Failure)
[6581.153s][info][gc,heap        ] GC(1964) PSYoungGen: 2597920K(2622976K)->142751K(2623488K) Eden: 2451968K(2451968K)->0K(2455552K) From: 145952K(171008K)->142751K(167936K)
[6581.153s][info][gc,heap        ] GC(1964) ParOldGen: 3903325K(3903488K)->3995453K(3995648K)
[6581.153s][info][gc,metaspace   ] GC(1964) Metaspace: 29113K(29504K)->29113K(29504K) NonClass: 24223K(24384K)->24223K(24384K) Class: 4889K(5120K)->4889K(5120K)
[6581.153s][info][gc             ] GC(1964) Pause Young (Allocation Failure) 6348M->4041M(6464M) 99.510ms
[6581.153s][info][gc,cpu         ] GC(1964) User=0.57s Sys=0.03s Real=0.10s
.[6582.738s][info][gc,start       ] GC(1965) Pause Young (Allocation Failure)
[6582.840s][info][gc,heap        ] GC(1965) PSYoungGen: 2598303K(2623488K)->148248K(2624000K) Eden: 2455552K(2455552K)->0K(2455552K) From: 142751K(167936K)->148248K(168448K)
[6582.841s][info][gc,heap        ] GC(1965) ParOldGen: 3995453K(3995648K)->4086269K(4086272K)
[6582.841s][info][gc,metaspace   ] GC(1965) Metaspace: 29113K(29504K)->29113K(29504K) NonClass: 24223K(24384K)->24223K(24384K) Class: 4889K(5120K)->4889K(5120K)
[6582.841s][info][gc             ] GC(1965) Pause Young (Allocation Failure) 6439M->4135M(6553M) 102.200ms
[6582.841s][info][gc,cpu         ] GC(1965) User=0.58s Sys=0.02s Real=0.11s
..[6584.471s][info][gc,start       ] GC(1966) Pause Young (Allocation Failure)
[6584.576s][info][gc,heap        ] GC(1966) PSYoungGen: 2603800K(2624000K)->154128K(2625536K) Eden: 2455552K(2455552K)->0K(2459136K) From: 148248K(168448K)->154128K(166400K)
[6584.576s][info][gc,heap        ] GC(1966) ParOldGen: 4086269K(4086272K)->4178469K(4178944K)
[6584.576s][info][gc,metaspace   ] GC(1966) Metaspace: 29113K(29504K)->29113K(29504K) NonClass: 24223K(24384K)->24223K(24384K) Class: 4889K(5120K)->4889K(5120K)
[6584.576s][info][gc             ] GC(1966) Pause Young (Allocation Failure) 6533M->4231M(6645M) 105.400ms
[6584.576s][info][gc,cpu         ] GC(1966) User=0.60s Sys=0.02s Real=0.10s
..[6586.198s][info][gc,start       ] GC(1967) Pause Young (Allocation Failure)
[6586.302s][info][gc,heap        ] GC(1967) PSYoungGen: 2613264K(2625536K)->152821K(2626048K) Eden: 2459136K(2459136K)->0K(2459136K) From: 154128K(166400K)->152821K(166912K)
[6586.302s][info][gc,heap        ] GC(1967) ParOldGen: 4178469K(4178944K)->4270933K(4271104K)
[6586.302s][info][gc,metaspace   ] GC(1967) Metaspace: 29113K(29504K)->29113K(29504K) NonClass: 24223K(24384K)->24223K(24384K) Class: 4889K(5120K)->4889K(5120K)
[6586.302s][info][gc             ] GC(1967) Pause Young (Allocation Failure) 6632M->4320M(6735M) 104.151ms
[6586.302s][info][gc,cpu         ] GC(1967) User=0.59s Sys=0.03s Real=0.11s
.[6587.981s][info][gc,start       ] GC(1968) Pause Young (Allocation Failure)
[6588.085s][info][gc,heap        ] GC(1968) PSYoungGen: 2611957K(2626048K)->150676K(2627072K) Eden: 2459136K(2459136K)->0K(2462720K) From: 152821K(166912K)->150676K(164352K)
[6588.085s][info][gc,heap        ] GC(1968) ParOldGen: 4270933K(4271104K)->4362053K(4362240K)
[6588.085s][info][gc,metaspace   ] GC(1968) Metaspace: 29113K(29504K)->29113K(29504K) NonClass: 24223K(24384K)->24223K(24384K) Class: 4889K(5120K)->4889K(5120K)
[6588.085s][info][gc             ] GC(1968) Pause Young (Allocation Failure) 6721M->4406M(6825M) 103.851ms
[6588.085s][info][gc,cpu         ] GC(1968) User=0.60s Sys=0.02s Real=0.10s
..[6589.794s][info][gc,start       ] GC(1969) Pause Young (Allocation Failure)
[6589.891s][info][gc,heap        ] GC(1969) PSYoungGen: 2613396K(2627072K)->140224K(2628096K) Eden: 2462720K(2462720K)->0K(2462720K) From: 150676K(164352K)->140224K(165376K)
[6589.891s][info][gc,heap        ] GC(1969) ParOldGen: 4362053K(4362240K)->4454693K(4454912K)
[6589.891s][info][gc,metaspace   ] GC(1969) Metaspace: 29113K(29504K)->29113K(29504K) NonClass: 24223K(24384K)->24223K(24384K) Class: 4889K(5120K)->4889K(5120K)
[6589.891s][info][gc             ] GC(1969) Pause Young (Allocation Failure) 6811M->4487M(6917M) 97.045ms
[6589.891s][info][gc,cpu         ] GC(1969) User=0.55s Sys=0.02s Real=0.10s
..[6591.467s][info][gc,start       ] GC(1970) Pause Young (Allocation Failure)
[6591.569s][info][gc,heap        ] GC(1970) PSYoungGen: 2602944K(2628096K)->145618K(2628608K) Eden: 2462720K(2462720K)->0K(2465280K) From: 140224K(165376K)->145618K(163328K)
[6591.569s][info][gc,heap        ] GC(1970) ParOldGen: 4454693K(4454912K)->4547389K(4547584K)
[6591.569s][info][gc,metaspace   ] GC(1970) Metaspace: 29113K(29504K)->29113K(29504K) NonClass: 24223K(24384K)->24223K(24384K) Class: 4889K(5120K)->4889K(5120K)
[6591.569s][info][gc             ] GC(1970) Pause Young (Allocation Failure) 6892M->4583M(7008M) 101.595ms
[6591.569s][info][gc,cpu         ] GC(1970) User=0.57s Sys=0.03s Real=0.10s
..[6593.331s][info][gc,start       ] GC(1971) Pause Young (Allocation Failure)
[6593.431s][info][gc,heap        ] GC(1971) PSYoungGen: 2610898K(2628608K)->147136K(2629632K) Eden: 2465280K(2465280K)->0K(2465280K) From: 145618K(163328K)->147136K(164352K)
[6593.431s][info][gc,heap        ] GC(1971) ParOldGen: 4547389K(4547584K)->4634893K(4635136K)
[6593.431s][info][gc,metaspace   ] GC(1971) Metaspace: 29113K(29504K)->29113K(29504K) NonClass: 24223K(24384K)->24223K(24384K) Class: 4889K(5120K)->4889K(5120K)
[6593.431s][info][gc             ] GC(1971) Pause Young (Allocation Failure) 6990M->4669M(7094M) 99.623ms
[6593.431s][info][gc,cpu         ] GC(1971) User=0.57s Sys=0.02s Real=0.10s
.[6595.064s][info][gc,start       ] GC(1972) Pause Young (Allocation Failure)
[6595.163s][info][gc,heap        ] GC(1972) PSYoungGen: 2612416K(2629632K)->143392K(2631168K) Eden: 2465280K(2465280K)->0K(2468864K) From: 147136K(164352K)->143392K(162304K)
[6595.163s][info][gc,heap        ] GC(1972) ParOldGen: 4634893K(4635136K)->4727733K(4727808K)
[6595.163s][info][gc,metaspace   ] GC(1972) Metaspace: 29113K(29504K)->29113K(29504K) NonClass: 24223K(24384K)->24223K(24384K) Class: 4889K(5120K)->4889K(5120K)
[6595.163s][info][gc             ] GC(1972) Pause Young (Allocation Failure) 7077M->4756M(7186M) 99.338ms
[6595.163s][info][gc,cpu         ] GC(1972) User=0.56s Sys=0.03s Real=0.10s
..|[6596.870s][info][gc,start       ] GC(1973) Pause Young (Allocation Failure)
[6596.971s][info][gc,heap        ] GC(1973) PSYoungGen: 2612256K(2631168K)->143077K(2631168K) Eden: 2468864K(2468864K)->0K(2468864K) From: 143392K(162304K)->143077K(162304K)
[6596.971s][info][gc,heap        ] GC(1973) ParOldGen: 4727733K(4727808K)->4818509K(4818944K)
[6596.971s][info][gc,metaspace   ] GC(1973) Metaspace: 29113K(29504K)->29113K(29504K) NonClass: 24223K(24384K)->24223K(24384K) Class: 4889K(5120K)->4889K(5120K)
[6596.971s][info][gc             ] GC(1973) Pause Young (Allocation Failure) 7167M->4845M(7275M) 100.876ms
[6596.971s][info][gc,cpu         ] GC(1973) User=0.57s Sys=0.02s Real=0.10s
..[6598.558s][info][gc,start       ] GC(1974) Pause Young (Allocation Failure)
[6598.661s][info][gc,heap        ] GC(1974) PSYoungGen: 2611941K(2631168K)->146420K(2631168K) Eden: 2468864K(2468864K)->0K(2471936K) From: 143077K(162304K)->146420K(159232K)
[6598.661s][info][gc,heap        ] GC(1974) ParOldGen: 4818509K(4818944K)->4908845K(4909056K)
[6598.661s][info][gc,metaspace   ] GC(1974) Metaspace: 29113K(29504K)->29113K(29504K) NonClass: 24223K(24384K)->24223K(24384K) Class: 4889K(5120K)->4889K(5120K)
[6598.661s][info][gc             ] GC(1974) Pause Young (Allocation Failure) 7256M->4936M(7363M) 102.966ms
[6598.661s][info][gc,cpu         ] GC(1974) User=0.57s Sys=0.04s Real=0.11s
.[6600.282s][info][gc,start       ] GC(1975) Pause Young (Allocation Failure)
[6600.388s][info][gc,heap        ] GC(1975) PSYoungGen: 2618356K(2631168K)->157520K(2632192K) Eden: 2471936K(2471936K)->0K(2471936K) From: 146420K(159232K)->157520K(160256K)
[6600.388s][info][gc,heap        ] GC(1975) ParOldGen: 4908845K(4909056K)->5001085K(5001216K)
[6600.388s][info][gc,metaspace   ] GC(1975) Metaspace: 29113K(29504K)->29113K(29504K) NonClass: 24223K(24384K)->24223K(24384K) Class: 4889K(5120K)->4889K(5120K)
[6600.388s][info][gc             ] GC(1975) Pause Young (Allocation Failure) 7350M->5037M(7454M) 106.222ms
[6600.388s][info][gc,cpu         ] GC(1975) User=0.61s Sys=0.02s Real=0.10s
..[6602.078s][info][gc,start       ] GC(1976) Pause Young (Allocation Failure)
[6602.187s][info][gc,heap        ] GC(1976) PSYoungGen: 2629456K(2632192K)->155274K(2631168K) Eden: 2471936K(2471936K)->0K(2468352K) From: 157520K(160256K)->155274K(162816K)
[6602.187s][info][gc,heap        ] GC(1976) ParOldGen: 5001085K(5001216K)->5093149K(5093376K)
[6602.187s][info][gc,metaspace   ] GC(1976) Metaspace: 29113K(29504K)->29113K(29504K) NonClass: 24223K(24384K)->24223K(24384K) Class: 4889K(5120K)->4889K(5120K)
[6602.187s][info][gc             ] GC(1976) Pause Young (Allocation Failure) 7451M->5125M(7543M) 108.671ms
[6602.187s][info][gc,cpu         ] GC(1976) User=0.61s Sys=0.03s Real=0.11s
..[6603.959s][info][gc,start       ] GC(1977) Pause Young (Allocation Failure)
[6604.060s][info][gc,heap        ] GC(1977) PSYoungGen: 2623626K(2631168K)->141760K(2632192K) Eden: 2468352K(2468352K)->0K(2468352K) From: 155274K(162816K)->141760K(163840K)
[6604.060s][info][gc,heap        ] GC(1977) ParOldGen: 5093149K(5093376K)->5189157K(5189632K)
[6604.060s][info][gc,metaspace   ] GC(1977) Metaspace: 29113K(29504K)->29113K(29504K) NonClass: 24223K(24384K)->24223K(24384K) Class: 4889K(5120K)->4889K(5120K)
[6604.060s][info][gc             ] GC(1977) Pause Young (Allocation Failure) 7535M->5205M(7638M) 101.642ms
[6604.060s][info][gc,cpu         ] GC(1977) User=0.56s Sys=0.04s Real=0.11s
..[6605.715s][info][gc,start       ] GC(1978) Pause Young (Allocation Failure)
[6605.815s][info][gc,heap        ] GC(1978) PSYoungGen: 2610112K(2632192K)->138208K(2632192K) Eden: 2468352K(2468352K)->0K(2468352K) From: 141760K(163840K)->138208K(163840K)
[6605.815s][info][gc,heap        ] GC(1978) ParOldGen: 5189157K(5189632K)->5281133K(5281280K)
[6605.815s][info][gc,metaspace   ] GC(1978) Metaspace: 29113K(29504K)->29113K(29504K) NonClass: 24223K(24384K)->24223K(24384K) Class: 4889K(5120K)->4889K(5120K)
[6605.815s][info][gc             ] GC(1978) Pause Young (Allocation Failure) 7616M->5292M(7728M) 99.766ms
[6605.815s][info][gc,cpu         ] GC(1978) User=0.56s Sys=0.04s Real=0.10s
.[6607.433s][info][gc,start       ] GC(1979) Pause Young (Allocation Failure)
[6607.535s][info][gc,heap        ] GC(1979) PSYoungGen: 2606560K(2632192K)->150848K(2632192K) Eden: 2468352K(2468352K)->0K(2468352K) From: 138208K(163840K)->150848K(163840K)
[6607.535s][info][gc,heap        ] GC(1979) ParOldGen: 5281133K(5281280K)->5369733K(5369856K)
[6607.535s][info][gc,metaspace   ] GC(1979) Metaspace: 29113K(29504K)->29113K(29504K) NonClass: 24223K(24384K)->24223K(24384K) Class: 4889K(5120K)->4889K(5120K)
[6607.535s][info][gc             ] GC(1979) Pause Young (Allocation Failure) 7702M->5391M(7814M) 102.226ms
[6607.535s][info][gc,cpu         ] GC(1979) User=0.57s Sys=0.03s Real=0.10s
..[6609.142s][info][gc,start       ] GC(1980) Pause Young (Allocation Failure)
[6609.245s][info][gc,heap        ] GC(1980) PSYoungGen: 2619200K(2632192K)->147424K(2629120K) Eden: 2468352K(2468352K)->0K(2468352K) From: 150848K(163840K)->147424K(160768K)
[6609.245s][info][gc,heap        ] GC(1980) ParOldGen: 5369733K(5369856K)->5462885K(5463040K)
[6609.245s][info][gc,metaspace   ] GC(1980) Metaspace: 29113K(29504K)->29113K(29504K) NonClass: 24223K(24384K)->24223K(24384K) Class: 4889K(5120K)->4889K(5120K)
[6609.245s][info][gc             ] GC(1980) Pause Young (Allocation Failure) 7801M->5478M(7902M) 103.394ms
[6609.245s][info][gc,cpu         ] GC(1980) User=0.58s Sys=0.02s Real=0.10s
..[6611.005s][info][gc,start       ] GC(1981) Pause Young (Allocation Failure)
[6611.109s][info][gc,heap        ] GC(1981) PSYoungGen: 2615776K(2629120K)->146340K(2630656K) Eden: 2468352K(2468352K)->0K(2468352K) From: 147424K(160768K)->146340K(162304K)
[6611.109s][info][gc,heap        ] GC(1981) ParOldGen: 5462885K(5463040K)->5554877K(5555200K)
[6611.109s][info][gc,metaspace   ] GC(1981) Metaspace: 29113K(29504K)->29113K(29504K) NonClass: 24223K(24384K)->24223K(24384K) Class: 4889K(5120K)->4889K(5120K)
[6611.109s][info][gc             ] GC(1981) Pause Young (Allocation Failure) 7889M->5567M(7994M) 103.457ms
[6611.109s][info][gc,cpu         ] GC(1981) User=0.58s Sys=0.03s Real=0.10s
..[6612.755s][info][gc,start       ] GC(1982) Pause Full (Allocation Failure)
[6612.755s][info][gc,phases,start] GC(1982) Marking Phase
[6613.048s][info][gc,phases      ] GC(1982) Marking Phase 292.403ms
[6613.048s][info][gc,phases,start] GC(1982) Summary Phase
[6613.048s][info][gc,phases      ] GC(1982) Summary Phase 0.093ms
[6613.048s][info][gc,phases,start] GC(1982) Forward
[6613.176s][info][gc,phases      ] GC(1982) Forward 127.934ms
[6613.176s][info][gc,phases,start] GC(1982) Adjust Pointers
[6613.372s][info][gc,phases      ] GC(1982) Adjust Pointers 196.474ms
[6613.372s][info][gc,phases,start] GC(1982) Compaction Phase
[6613.499s][info][gc,phases      ] GC(1982) Compaction Phase 126.798ms
[6613.500s][info][gc,phases,start] GC(1982) Post Compact
[6613.507s][info][gc,phases      ] GC(1982) Post Compact 6.848ms
[6613.627s][info][gc,heap        ] GC(1982) PSYoungGen: 2614692K(2630656K)->0K(2633728K) Eden: 2468352K(2468352K)->0K(2472960K) From: 146340K(162304K)->0K(160768K)
[6613.627s][info][gc,heap        ] GC(1982) ParOldGen: 5554877K(5555200K)->1423409K(1747968K)
[6613.627s][info][gc,metaspace   ] GC(1982) Metaspace: 29113K(29504K)->29113K(29504K) NonClass: 24223K(24384K)->24223K(24384K) Class: 4889K(5120K)->4889K(5120K)
[6613.627s][info][gc             ] GC(1982) Pause Full (Allocation Failure) 7978M->1390M(4279M) 871.908ms
[6613.627s][info][gc,cpu         ] GC(1982) User=4.03s Sys=0.12s Real=0.87s
.[6615.081s][info][gc,start       ] GC(1983) Pause Young (Allocation Failure)
[6615.145s][info][gc,heap        ] GC(1983) PSYoungGen: 2472960K(2633728K)->145728K(2633728K) Eden: 2472960K(2472960K)->0K(2472960K) From: 0K(160768K)->145728K(160768K)
[6615.146s][info][gc,heap        ] GC(1983) ParOldGen: 1423409K(1747968K)->1423409K(1747968K)
[6615.146s][info][gc,metaspace   ] GC(1983) Metaspace: 29113K(29504K)->29113K(29504K) NonClass: 24223K(24384K)->24223K(24384K) Class: 4889K(5120K)->4889K(5120K)
[6615.146s][info][gc             ] GC(1983) Pause Young (Allocation Failure) 3805M->1532M(4279M) 64.096ms
[6615.146s][info][gc,cpu         ] GC(1983) User=0.38s Sys=0.00s Real=0.06s
..[6616.530s][info][gc,start       ] GC(1984) Pause Young (Allocation Failure)
[6616.633s][info][gc,heap        ] GC(1984) PSYoungGen: 2618688K(2633728K)->159488K(2629120K) Eden: 2472960K(2472960K)->0K(2469376K) From: 145728K(160768K)->159488K(159744K)
[6616.633s][info][gc,heap        ] GC(1984) ParOldGen: 1423409K(1747968K)->1515209K(1747968K)
[6616.633s][info][gc,metaspace   ] GC(1984) Metaspace: 29113K(29504K)->29113K(29504K) NonClass: 24223K(24384K)->24223K(24384K) Class: 4889K(5120K)->4889K(5120K)
[6616.633s][info][gc             ] GC(1984) Pause Young (Allocation Failure) 3947M->1635M(4274M) 103.476ms
[6616.633s][info][gc,cpu         ] GC(1984) User=0.61s Sys=0.01s Real=0.10s
.[6618.193s][info][gc,start       ] GC(1985) Pause Young (Allocation Failure)
[6618.295s][info][gc,heap        ] GC(1985) PSYoungGen: 2628864K(2629120K)->154804K(2624512K) Eden: 2469376K(2469376K)->0K(2469376K) From: 159488K(159744K)->154804K(155136K)
[6618.295s][info][gc,heap        ] GC(1985) ParOldGen: 1515209K(1747968K)->1609353K(1747968K)
[6618.295s][info][gc,metaspace   ] GC(1985) Metaspace: 29113K(29504K)->29113K(29504K) NonClass: 24223K(24384K)->24223K(24384K) Class: 4889K(5120K)->4889K(5120K)
[6618.295s][info][gc             ] GC(1985) Pause Young (Allocation Failure) 4046M->1722M(4270M) 101.661ms
[6618.295s][info][gc,cpu         ] GC(1985) User=0.61s Sys=0.00s Real=0.10s
..[6619.780s][info][gc,start       ] GC(1986) Pause Young (Allocation Failure)
[6619.872s][info][gc,heap        ] GC(1986) PSYoungGen: 2624180K(2624512K)->144192K(2632704K) Eden: 2469376K(2469376K)->0K(2468864K) From: 154804K(155136K)->144192K(163840K)
[6619.872s][info][gc,heap        ] GC(1986) ParOldGen: 1609353K(1747968K)->1698177K(1747968K)
[6619.872s][info][gc,metaspace   ] GC(1986) Metaspace: 29113K(29504K)->29113K(29504K) NonClass: 24223K(24384K)->24223K(24384K) Class: 4889K(5120K)->4889K(5120K)
[6619.872s][info][gc             ] GC(1986) Pause Young (Allocation Failure) 4134M->1799M(4278M) 92.233ms
[6619.872s][info][gc,cpu         ] GC(1986) User=0.55s Sys=0.00s Real=0.09s
..[6621.534s][info][gc,start       ] GC(1987) Pause Young (Allocation Failure)
[6621.634s][info][gc,heap        ] GC(1987) PSYoungGen: 2613056K(2632704K)->146560K(2615808K) Eden: 2468864K(2468864K)->0K(2468864K) From: 144192K(163840K)->146560K(146944K)
[6621.634s][info][gc,heap        ] GC(1987) ParOldGen: 1698177K(1747968K)->1791593K(1792000K)
[6621.634s][info][gc,metaspace   ] GC(1987) Metaspace: 29113K(29504K)->29113K(29504K) NonClass: 24223K(24384K)->24223K(24384K) Class: 4889K(5120K)->4889K(5120K)
[6621.634s][info][gc             ] GC(1987) Pause Young (Allocation Failure) 4210M->1892M(4304M) 99.619ms
[6621.634s][info][gc,cpu         ] GC(1987) User=0.57s Sys=0.01s Real=0.10s
.[6623.186s][info][gc,start       ] GC(1988) Pause Young (Allocation Failure)
[6623.284s][info][gc,heap        ] GC(1988) PSYoungGen: 2615424K(2615808K)->143904K(2631680K) Eden: 2468864K(2468864K)->0K(2469376K) From: 146560K(146944K)->143904K(162304K)
[6623.284s][info][gc,heap        ] GC(1988) ParOldGen: 1791593K(1792000K)->1884313K(1884672K)
[6623.284s][info][gc,metaspace   ] GC(1988) Metaspace: 29113K(29504K)->29113K(29504K) NonClass: 24223K(24384K)->24223K(24384K) Class: 4889K(5120K)->4889K(5120K)
[6623.284s][info][gc             ] GC(1988) Pause Young (Allocation Failure) 4303M->1980M(4410M) 97.646ms
[6623.284s][info][gc,cpu         ] GC(1988) User=0.55s Sys=0.03s Real=0.10s
..[6624.999s][info][gc,start       ] GC(1989) Pause Young (Allocation Failure)
[6625.102s][info][gc,heap        ] GC(1989) PSYoungGen: 2613280K(2631680K)->153109K(2631168K) Eden: 2469376K(2469376K)->0K(2469376K) From: 143904K(162304K)->153109K(161792K)
[6625.102s][info][gc,heap        ] GC(1989) ParOldGen: 1884313K(1884672K)->1975049K(1975296K)
[6625.102s][info][gc,metaspace   ] GC(1989) Metaspace: 29113K(29504K)->29113K(29504K) NonClass: 24223K(24384K)->24223K(24384K) Class: 4889K(5120K)->4889K(5120K)
[6625.102s][info][gc             ] GC(1989) Pause Young (Allocation Failure) 4392M->2078M(4498M) 103.487ms
[6625.102s][info][gc,cpu         ] GC(1989) User=0.58s Sys=0.03s Real=0.11s
..[6626.754s][info][gc,start       ] GC(1990) Pause Young (Allocation Failure)
[6626.856s][info][gc,heap        ] GC(1990) PSYoungGen: 2622485K(2631168K)->150208K(2632704K) Eden: 2469376K(2469376K)->0K(2471936K) From: 153109K(161792K)->150208K(160768K)
[6626.856s][info][gc,heap        ] GC(1990) ParOldGen: 1975049K(1975296K)->2068129K(2068480K)
[6626.856s][info][gc,metaspace   ] GC(1990) Metaspace: 29113K(29504K)->29113K(29504K) NonClass: 24223K(24384K)->24223K(24384K) Class: 4889K(5120K)->4889K(5120K)
[6626.856s][info][gc             ] GC(1990) Pause Young (Allocation Failure) 4489M->2166M(4591M) 101.714ms
[6626.856s][info][gc,cpu         ] GC(1990) User=0.57s Sys=0.03s Real=0.10s
..[6628.591s][info][gc,start       ] GC(1991) Pause Young (Allocation Failure)
[6628.686s][info][gc,heap        ] GC(1991) PSYoungGen: 2622144K(2632704K)->138496K(2633216K) Eden: 2471936K(2471936K)->0K(2471936K) From: 150208K(160768K)->138496K(161280K)
[6628.686s][info][gc,heap        ] GC(1991) ParOldGen: 2068129K(2068480K)->2160681K(2161152K)
[6628.686s][info][gc,metaspace   ] GC(1991) Metaspace: 29113K(29504K)->29113K(29504K) NonClass: 24223K(24384K)->24223K(24384K) Class: 4889K(5120K)->4889K(5120K)
[6628.686s][info][gc             ] GC(1991) Pause Young (Allocation Failure) 4580M->2245M(4682M) 95.723ms
[6628.686s][info][gc,cpu         ] GC(1991) User=0.54s Sys=0.03s Real=0.09s
.[6630.266s][info][gc,start       ] GC(1992) Pause Young (Allocation Failure)
[6630.363s][info][gc,heap        ] GC(1992) PSYoungGen: 2610432K(2633216K)->142496K(2634240K) Eden: 2471936K(2471936K)->0K(2472960K) From: 138496K(161280K)->142496K(161280K)
[6630.364s][info][gc,heap        ] GC(1992) ParOldGen: 2160681K(2161152K)->2254537K(2254848K)
[6630.364s][info][gc,metaspace   ] GC(1992) Metaspace: 29113K(29504K)->29113K(29504K) NonClass: 24223K(24384K)->24223K(24384K) Class: 4889K(5120K)->4889K(5120K)
[6630.364s][info][gc             ] GC(1992) Pause Young (Allocation Failure) 4659M->2340M(4774M) 97.512ms
[6630.364s][info][gc,cpu         ] GC(1992) User=0.55s Sys=0.03s Real=0.10s
..[6632.074s][info][gc,start       ] GC(1993) Pause Young (Allocation Failure)
[6632.173s][info][gc,heap        ] GC(1993) PSYoungGen: 2615456K(2634240K)->147327K(2620416K) Eden: 2472960K(2472960K)->0K(2472960K) From: 142496K(161280K)->147327K(147456K)
[6632.173s][info][gc,heap        ] GC(1993) ParOldGen: 2254537K(2254848K)->2343697K(2343936K)
[6632.173s][info][gc,metaspace   ] GC(1993) Metaspace: 29113K(29504K)->29113K(29504K) NonClass: 24223K(24384K)->24223K(24384K) Class: 4889K(5120K)->4889K(5120K)
[6632.173s][info][gc             ] GC(1993) Pause Young (Allocation Failure) 4755M->2432M(4848M) 98.292ms
[6632.173s][info][gc,cpu         ] GC(1993) User=0.55s Sys=0.03s Real=0.10s
..[6633.806s][info][gc,start       ] GC(1994) Pause Young (Allocation Failure)
[6633.911s][info][gc,heap        ] GC(1994) PSYoungGen: 2620287K(2620416K)->151801K(2633216K) Eden: 2472960K(2472960K)->0K(2472960K) From: 147327K(147456K)->151801K(160256K)
[6633.911s][info][gc,heap        ] GC(1994) ParOldGen: 2343697K(2343936K)->2435817K(2436096K)
[6633.911s][info][gc,metaspace   ] GC(1994) Metaspace: 29113K(29504K)->29113K(29504K) NonClass: 24223K(24384K)->24223K(24384K) Class: 4889K(5120K)->4889K(5120K)
[6633.911s][info][gc             ] GC(1994) Pause Young (Allocation Failure) 4847M->2526M(4950M) 105.312ms
[6633.911s][info][gc,cpu         ] GC(1994) User=0.60s Sys=0.03s Real=0.11s
..[6635.548s][info][gc,start       ] GC(1995) Pause Young (Allocation Failure)
[6635.644s][info][gc,heap        ] GC(1995) PSYoungGen: 2624761K(2633216K)->135040K(2633728K) Eden: 2472960K(2472960K)->0K(2472960K) From: 151801K(160256K)->135040K(160768K)
[6635.644s][info][gc,heap        ] GC(1995) ParOldGen: 2435817K(2436096K)->2529353K(2529792K)
[6635.644s][info][gc,metaspace   ] GC(1995) Metaspace: 29113K(29504K)->29113K(29504K) NonClass: 24223K(24384K)->24223K(24384K) Class: 4889K(5120K)->4889K(5120K)
[6635.644s][info][gc             ] GC(1995) Pause Young (Allocation Failure) 4941M->2601M(5042M) 96.209ms
[6635.644s][info][gc,cpu         ] GC(1995) User=0.54s Sys=0.03s Real=0.10s
.[6637.335s][info][gc,start       ] GC(1996) Pause Young (Allocation Failure)
[6637.442s][info][gc,heap        ] GC(1996) PSYoungGen: 2608000K(2633728K)->157400K(2629632K) Eden: 2472960K(2472960K)->0K(2468352K) From: 135040K(160768K)->157400K(161280K)
[6637.442s][info][gc,heap        ] GC(1996) ParOldGen: 2529353K(2529792K)->2619953K(2620416K)
[6637.442s][info][gc,metaspace   ] GC(1996) Metaspace: 29113K(29504K)->29113K(29504K) NonClass: 24223K(24384K)->24223K(24384K) Class: 4889K(5120K)->4889K(5120K)
[6637.442s][info][gc             ] GC(1996) Pause Young (Allocation Failure) 5016M->2712M(5127M) 106.149ms
[6637.442s][info][gc,cpu         ] GC(1996) User=0.61s Sys=0.02s Real=0.11s
..[6639.200s][info][gc,start       ] GC(1997) Pause Young (Allocation Failure)
[6639.301s][info][gc,heap        ] GC(1997) PSYoungGen: 2625752K(2629632K)->149712K(2632192K) Eden: 2468352K(2468352K)->0K(2468352K) From: 157400K(161280K)->149712K(163840K)
[6639.301s][info][gc,heap        ] GC(1997) ParOldGen: 2619953K(2620416K)->2711617K(2712064K)
[6639.301s][info][gc,metaspace   ] GC(1997) Metaspace: 29113K(29504K)->29113K(29504K) NonClass: 24223K(24384K)->24223K(24384K) Class: 4889K(5120K)->4889K(5120K)
[6639.301s][info][gc             ] GC(1997) Pause Young (Allocation Failure) 5122M->2794M(5219M) 100.959ms
[6639.301s][info][gc,cpu         ] GC(1997) User=0.56s Sys=0.03s Real=0.10s
..[6640.924s][info][gc,start       ] GC(1998) Pause Young (Allocation Failure)
[6641.028s][info][gc,heap        ] GC(1998) PSYoungGen: 2618064K(2632192K)->148565K(2628608K) Eden: 2468352K(2468352K)->0K(2468864K) From: 149712K(163840K)->148565K(159744K)
[6641.028s][info][gc,heap        ] GC(1998) ParOldGen: 2711617K(2712064K)->2804601K(2804736K)
[6641.028s][info][gc,metaspace   ] GC(1998) Metaspace: 29113K(29504K)->29113K(29504K) NonClass: 24223K(24384K)->24223K(24384K) Class: 4889K(5120K)->4889K(5120K)
[6641.028s][info][gc             ] GC(1998) Pause Young (Allocation Failure) 5204M->2883M(5306M) 104.362ms
[6641.028s][info][gc,cpu         ] GC(1998) User=0.57s Sys=0.04s Real=0.10s
..[6642.718s][info][gc,start       ] GC(1999) Pause Young (Allocation Failure)
[6642.821s][info][gc,heap        ] GC(1999) PSYoungGen: 2617429K(2628608K)->150021K(2630656K) Eden: 2468864K(2468864K)->0K(2468864K) From: 148565K(159744K)->150021K(161792K)
[6642.821s][info][gc,heap        ] GC(1999) ParOldGen: 2804601K(2804736K)->2897553K(2897920K)
[6642.821s][info][gc,metaspace   ] GC(1999) Metaspace: 29113K(29504K)->29113K(29504K) NonClass: 24223K(24384K)->24223K(24384K) Class: 4889K(5120K)->4889K(5120K)
[6642.821s][info][gc             ] GC(1999) Pause Young (Allocation Failure) 5294M->2976M(5399M) 102.731ms
[6642.821s][info][gc,cpu         ] GC(1999) User=0.58s Sys=0.03s Real=0.11s
.[6644.479s][info][gc,start       ] GC(2000) Pause Young (Allocation Failure)
[6644.579s][info][gc,heap        ] GC(2000) PSYoungGen: 2618885K(2630656K)->148288K(2631680K) Eden: 2468864K(2468864K)->0K(2472960K) From: 150021K(161792K)->148288K(158720K)
[6644.579s][info][gc,heap        ] GC(2000) ParOldGen: 2897553K(2897920K)->2989009K(2989056K)
[6644.579s][info][gc,metaspace   ] GC(2000) Metaspace: 29113K(29504K)->29113K(29504K) NonClass: 24223K(24384K)->24223K(24384K) Class: 4889K(5120K)->4889K(5120K)
[6644.579s][info][gc             ] GC(2000) Pause Young (Allocation Failure) 5387M->3063M(5489M) 99.896ms
[6644.579s][info][gc,cpu         ] GC(2000) User=0.56s Sys=0.03s Real=0.10s
..[6646.226s][info][gc,start       ] GC(2001) Pause Young (Allocation Failure)
[6646.327s][info][gc,heap        ] GC(2001) PSYoungGen: 2621248K(2631680K)->149124K(2633216K) Eden: 2472960K(2472960K)->0K(2472960K) From: 148288K(158720K)->149124K(160256K)
[6646.327s][info][gc,heap        ] GC(2001) ParOldGen: 2989009K(2989056K)->3079897K(3080192K)
[6646.327s][info][gc,metaspace   ] GC(2001) Metaspace: 29113K(29504K)->29113K(29504K) NonClass: 24223K(24384K)->24223K(24384K) Class: 4889K(5120K)->4889K(5120K)
[6646.327s][info][gc             ] GC(2001) Pause Young (Allocation Failure) 5478M->3153M(5579M) 100.557ms
[6646.327s][info][gc,cpu         ] GC(2001) User=0.58s Sys=0.02s Real=0.10s
..[6648.021s][info][gc,start       ] GC(2002) Pause Young (Allocation Failure)
[6648.121s][info][gc,heap        ] GC(2002) PSYoungGen: 2622084K(2633216K)->145984K(2634240K) Eden: 2472960K(2472960K)->0K(2476544K) From: 149124K(160256K)->145984K(157696K)
[6648.121s][info][gc,heap        ] GC(2002) ParOldGen: 3079897K(3080192K)->3170113K(3170304K)
[6648.121s][info][gc,metaspace   ] GC(2002) Metaspace: 29113K(29504K)->29113K(29504K) NonClass: 24223K(24384K)->24223K(24384K) Class: 4889K(5120K)->4889K(5120K)
[6648.121s][info][gc             ] GC(2002) Pause Young (Allocation Failure) 5568M->3238M(5668M) 100.082ms
[6648.121s][info][gc,cpu         ] GC(2002) User=0.56s Sys=0.03s Real=0.10s
..[6649.817s][info][gc,start       ] GC(2003) Pause Young (Allocation Failure)
[6649.918s][info][gc,heap        ] GC(2003) PSYoungGen: 2622528K(2634240K)->147040K(2635264K) Eden: 2476544K(2476544K)->0K(2476544K) From: 145984K(157696K)->147040K(158720K)
[6649.918s][info][gc,heap        ] GC(2003) ParOldGen: 3170113K(3170304K)->3263585K(3264000K)
[6649.919s][info][gc,metaspace   ] GC(2003) Metaspace: 29113K(29504K)->29113K(29504K) NonClass: 24223K(24384K)->24223K(24384K) Class: 4889K(5120K)->4889K(5120K)
[6649.919s][info][gc             ] GC(2003) Pause Young (Allocation Failure) 5656M->3330M(5761M) 101.926ms
[6649.919s][info][gc,cpu         ] GC(2003) User=0.57s Sys=0.03s Real=0.10s
.[6651.563s][info][gc,start       ] GC(2004) Pause Young (Allocation Failure)
[6651.661s][info][gc,heap        ] GC(2004) PSYoungGen: 2623584K(2635264K)->137631K(2636288K) Eden: 2476544K(2476544K)->0K(2478592K) From: 147040K(158720K)->137631K(157696K)
[6651.661s][info][gc,heap        ] GC(2004) ParOldGen: 3263585K(3264000K)->3356793K(3357184K)
[6651.661s][info][gc,metaspace   ] GC(2004) Metaspace: 29113K(29504K)->29113K(29504K) NonClass: 24223K(24384K)->24223K(24384K) Class: 4889K(5120K)->4889K(5120K)
[6651.661s][info][gc             ] GC(2004) Pause Young (Allocation Failure) 5749M->3412M(5853M) 98.687ms
[6651.661s][info][gc,cpu         ] GC(2004) User=0.56s Sys=0.03s Real=0.10s
..[6653.287s][info][gc,start       ] GC(2005) Pause Young (Allocation Failure)
[6653.385s][info][gc,heap        ] GC(2005) PSYoungGen: 2616223K(2636288K)->146592K(2637312K) Eden: 2478592K(2478592K)->0K(2478592K) From: 137631K(157696K)->146592K(158720K)
[6653.385s][info][gc,heap        ] GC(2005) ParOldGen: 3356793K(3357184K)->3446665K(3446784K)
[6653.385s][info][gc,metaspace   ] GC(2005) Metaspace: 29113K(29504K)->29113K(29504K) NonClass: 24223K(24384K)->24223K(24384K) Class: 4889K(5120K)->4889K(5120K)
[6653.385s][info][gc             ] GC(2005) Pause Young (Allocation Failure) 5833M->3509M(5941M) 98.553ms
[6653.385s][info][gc,cpu         ] GC(2005) User=0.57s Sys=0.03s Real=0.10s
..[6655.045s][info][gc,start       ] GC(2006) Pause Young (Allocation Failure)
[6655.146s][info][gc,heap        ] GC(2006) PSYoungGen: 2625184K(2637312K)->149088K(2636288K) Eden: 2478592K(2478592K)->0K(2479616K) From: 146592K(158720K)->149088K(156672K)
[6655.146s][info][gc,heap        ] GC(2006) ParOldGen: 3446665K(3446784K)->3538593K(3538944K)
[6655.146s][info][gc,metaspace   ] GC(2006) Metaspace: 29113K(29504K)->29113K(29504K) NonClass: 24223K(24384K)->24223K(24384K) Class: 4889K(5120K)->4889K(5120K)
[6655.146s][info][gc             ] GC(2006) Pause Young (Allocation Failure) 5929M->3601M(6030M) 100.736ms
[6655.146s][info][gc,cpu         ] GC(2006) User=0.56s Sys=0.03s Real=0.10s
.. (rIR:aIR:PR = 11346:11448:11448) (tPR = 168314) [OK] 
  6656s: Performance info:
         Transaction,    Success,    Partial,     Failed,   Receipts, AvgBarcode, 
             Overall,     692556,          0,          0,     658813,      59.48, 
         Response times:
             Request,    Success,    Partial,     Failed,   SkipFail,     Probes,    Samples,      min,      p50,      p90,      p95,      p99,      max, 
       TotalPurchase,     658581,          0,          0,          0,     336736,     463083,      200,    11900,   128000,   216000,   477000,  1100000,
     InStorePurchase,     349538,          0,          0,          0,     176753,     243312,      200,    11700,   127000,   216000,   477000,  1100000,
      OnlinePurchase,     240232,          0,          0,          0,     123636,     170047,      300,    12100,   128000,   216000,   477000,  1100000,
        InstPurchase,      68811,          0,          0,          0,      36347,      49724,      300,    12100,   128000,   244000,   484000,   960000,
          AssocOfCat,        689,          0,          0,          0,        556,        884,    25000,    56500,   180500,   285000,   633000,   770000,
      AssocOfProduct,       6934,          0,          0,          0,       4032,       5588,      900,    11700,   123000,   205000,   487000,   730000,
      BusinessReport,       1709,          0,          0,          0,       1496,       2146,    29000,    68000,   191000,   296300,   482720,   970000,
          CustBuyBeh,       6779,          0,          0,          0,       3971,       5501,      600,    13100,   123000,   212000,   495000,   730000,
       ProductReturn,      17940,          0,          0,          0,       8935,      12062,      300,    12800,   129000,   230000,   478000,   960000,

  6656s: (83%)   IR =  11485 [6656.878s][info][gc,start       ] GC(2007) Pause Young (Allocation Failure)
[6656.978s][info][gc,heap        ] GC(2007) PSYoungGen: 2628704K(2636288K)->142720K(2636800K) Eden: 2479616K(2479616K)->0K(2479616K) From: 149088K(156672K)->142720K(157184K)
[6656.978s][info][gc,heap        ] GC(2007) ParOldGen: 3538593K(3538944K)->3631985K(3632128K)
[6656.978s][info][gc,metaspace   ] GC(2007) Metaspace: 29113K(29504K)->29113K(29504K) NonClass: 24223K(24384K)->24223K(24384K) Class: 4889K(5120K)->4889K(5120K)
[6656.978s][info][gc             ] GC(2007) Pause Young (Allocation Failure) 6022M->3686M(6122M) 100.142ms
[6656.978s][info][gc,cpu         ] GC(2007) User=0.56s Sys=0.02s Real=0.10s
.[6658.592s][info][gc,start       ] GC(2008) Pause Young (Allocation Failure)
[6658.692s][info][gc,heap        ] GC(2008) PSYoungGen: 2622336K(2636800K)->143072K(2637824K) Eden: 2479616K(2479616K)->0K(2481664K) From: 142720K(157184K)->143072K(156160K)
[6658.692s][info][gc,heap        ] GC(2008) ParOldGen: 3631985K(3632128K)->3724529K(3724800K)
[6658.692s][info][gc,metaspace   ] GC(2008) Metaspace: 29113K(29504K)->29113K(29504K) NonClass: 24223K(24384K)->24223K(24384K) Class: 4889K(5120K)->4889K(5120K)
[6658.692s][info][gc             ] GC(2008) Pause Young (Allocation Failure) 6107M->3776M(6213M) 99.962ms
[6658.692s][info][gc,cpu         ] GC(2008) User=0.55s Sys=0.03s Real=0.10s
..[6660.433s][info][gc,start       ] GC(2009) Pause Young (Allocation Failure)
[6660.535s][info][gc,heap        ] GC(2009) PSYoungGen: 2624736K(2637824K)->151936K(2638336K) Eden: 2481664K(2481664K)->0K(2481664K) From: 143072K(156160K)->151936K(156672K)
[6660.535s][info][gc,heap        ] GC(2009) ParOldGen: 3724529K(3724800K)->3816537K(3816960K)
[6660.535s][info][gc,metaspace   ] GC(2009) Metaspace: 29113K(29504K)->29113K(29504K) NonClass: 24223K(24384K)->24223K(24384K) Class: 4889K(5120K)->4889K(5120K)
[6660.535s][info][gc             ] GC(2009) Pause Young (Allocation Failure) 6200M->3875M(6304M) 102.529ms
[6660.535s][info][gc,cpu         ] GC(2009) User=0.58s Sys=0.03s Real=0.10s
.|.[6662.183s][info][gc,start       ] GC(2010) Pause Young (Allocation Failure)
[6662.287s][info][gc,heap        ] GC(2010) PSYoungGen: 2633600K(2638336K)->153936K(2635264K) Eden: 2481664K(2481664K)->0K(2477568K) From: 151936K(156672K)->153936K(157696K)
[6662.287s][info][gc,heap        ] GC(2010) ParOldGen: 3816537K(3816960K)->3909889K(3910144K)
[6662.287s][info][gc,metaspace   ] GC(2010) Metaspace: 29113K(29504K)->29113K(29504K) NonClass: 24223K(24384K)->24223K(24384K) Class: 4889K(5120K)->4889K(5120K)
[6662.287s][info][gc             ] GC(2010) Pause Young (Allocation Failure) 6298M->3968M(6392M) 104.320ms
[6662.287s][info][gc,cpu         ] GC(2010) User=0.59s Sys=0.02s Real=0.10s
..[6663.939s][info][gc,start       ] GC(2011) Pause Young (Allocation Failure)
[6664.042s][info][gc,heap        ] GC(2011) PSYoungGen: 2631504K(2635264K)->150752K(2636800K) Eden: 2477568K(2477568K)->0K(2477568K) From: 153936K(157696K)->150752K(159232K)
[6664.042s][info][gc,heap        ] GC(2011) ParOldGen: 3909889K(3910144K)->4001377K(4001792K)
[6664.042s][info][gc,metaspace   ] GC(2011) Metaspace: 29113K(29504K)->29113K(29504K) NonClass: 24223K(24384K)->24223K(24384K) Class: 4889K(5120K)->4889K(5120K)
[6664.042s][info][gc             ] GC(2011) Pause Young (Allocation Failure) 6388M->4054M(6483M) 102.805ms
[6664.042s][info][gc,cpu         ] GC(2011) User=0.58s Sys=0.02s Real=0.11s
.[6665.701s][info][gc,start       ] GC(2012) Pause Young (Allocation Failure)
[6665.802s][info][gc,heap        ] GC(2012) PSYoungGen: 2628320K(2636800K)->143109K(2636800K) Eden: 2477568K(2477568K)->0K(2477568K) From: 150752K(159232K)->143109K(159232K)
[6665.802s][info][gc,heap        ] GC(2012) ParOldGen: 4001377K(4001792K)->4092849K(4092928K)
[6665.802s][info][gc,metaspace   ] GC(2012) Metaspace: 29113K(29504K)->29113K(29504K) NonClass: 24223K(24384K)->24223K(24384K) Class: 4889K(5120K)->4889K(5120K)
[6665.802s][info][gc             ] GC(2012) Pause Young (Allocation Failure) 6474M->4136M(6572M) 101.538ms
[6665.802s][info][gc,cpu         ] GC(2012) User=0.57s Sys=0.03s Real=0.10s
..[6667.531s][info][gc,start       ] GC(2013) Pause Young (Allocation Failure)
[6667.630s][info][gc,heap        ] GC(2013) PSYoungGen: 2620677K(2636800K)->140949K(2618880K) Eden: 2477568K(2477568K)->0K(2477568K) From: 143109K(159232K)->140949K(141312K)
[6667.630s][info][gc,heap        ] GC(2013) ParOldGen: 4092849K(4092928K)->4184713K(4185088K)
[6667.630s][info][gc,metaspace   ] GC(2013) Metaspace: 29113K(29504K)->29113K(29504K) NonClass: 24223K(24384K)->24223K(24384K) Class: 4889K(5120K)->4889K(5120K)
[6667.630s][info][gc             ] GC(2013) Pause Young (Allocation Failure) 6556M->4224M(6644M) 99.256ms
[6667.630s][info][gc,cpu         ] GC(2013) User=0.56s Sys=0.03s Real=0.10s
..[6669.397s][info][gc,start       ] GC(2014) Pause Young (Allocation Failure)
[6669.502s][info][gc,heap        ] GC(2014) PSYoungGen: 2618517K(2618880K)->154880K(2633216K) Eden: 2477568K(2477568K)->0K(2474496K) From: 140949K(141312K)->154880K(158720K)
[6669.502s][info][gc,heap        ] GC(2014) ParOldGen: 4184713K(4185088K)->4275233K(4275712K)
[6669.502s][info][gc,metaspace   ] GC(2014) Metaspace: 29113K(29504K)->29113K(29504K) NonClass: 24223K(24384K)->24223K(24384K) Class: 4889K(5120K)->4889K(5120K)
[6669.502s][info][gc             ] GC(2014) Pause Young (Allocation Failure) 6643M->4326M(6747M) 104.539ms
[6669.502s][info][gc,cpu         ] GC(2014) User=0.59s Sys=0.02s Real=0.11s
..[6671.162s][info][gc,start       ] GC(2015) Pause Young (Allocation Failure)
[6671.268s][info][gc,heap        ] GC(2015) PSYoungGen: 2629376K(2633216K)->154980K(2629632K) Eden: 2474496K(2474496K)->0K(2474496K) From: 154880K(158720K)->154980K(155136K)
[6671.268s][info][gc,heap        ] GC(2015) ParOldGen: 4275233K(4275712K)->4365649K(4365824K)
[6671.268s][info][gc,metaspace   ] GC(2015) Metaspace: 29113K(29504K)->29113K(29504K) NonClass: 24223K(24384K)->24223K(24384K) Class: 4889K(5120K)->4889K(5120K)
[6671.268s][info][gc             ] GC(2015) Pause Young (Allocation Failure) 6742M->4414M(6831M) 105.955ms
[6671.268s][info][gc,cpu         ] GC(2015) User=0.61s Sys=0.03s Real=0.10s
.[6672.921s][info][gc,start       ] GC(2016) Pause Young (Allocation Failure)
[6673.021s][info][gc,heap        ] GC(2016) PSYoungGen: 2629476K(2629632K)->146208K(2634752K) Eden: 2474496K(2474496K)->0K(2472448K) From: 154980K(155136K)->146208K(162304K)
[6673.021s][info][gc,heap        ] GC(2016) ParOldGen: 4365649K(4365824K)->4457849K(4457984K)
[6673.021s][info][gc,metaspace   ] GC(2016) Metaspace: 29113K(29504K)->29113K(29504K) NonClass: 24223K(24384K)->24223K(24384K) Class: 4889K(5120K)->4889K(5120K)
[6673.021s][info][gc             ] GC(2016) Pause Young (Allocation Failure) 6831M->4496M(6926M) 100.596ms
[6673.021s][info][gc,cpu         ] GC(2016) User=0.57s Sys=0.03s Real=0.10s
..[6674.613s][info][gc,start       ] GC(2017) Pause Young (Allocation Failure)
[6674.710s][info][gc,heap        ] GC(2017) PSYoungGen: 2618656K(2634752K)->137312K(2633728K) Eden: 2472448K(2472448K)->0K(2472448K) From: 146208K(162304K)->137312K(161280K)
[6674.710s][info][gc,heap        ] GC(2017) ParOldGen: 4457849K(4457984K)->4550081K(4550144K)
[6674.710s][info][gc,metaspace   ] GC(2017) Metaspace: 29113K(29504K)->29113K(29504K) NonClass: 24223K(24384K)->24223K(24384K) Class: 4889K(5120K)->4889K(5120K)
[6674.710s][info][gc             ] GC(2017) Pause Young (Allocation Failure) 6910M->4577M(7015M) 97.258ms
[6674.710s][info][gc,cpu         ] GC(2017) User=0.55s Sys=0.02s Real=0.10s
..[6676.285s][info][gc,start       ] GC(2018) Pause Young (Allocation Failure)
[6676.385s][info][gc,heap        ] GC(2018) PSYoungGen: 2609760K(2633728K)->144000K(2633216K) Eden: 2472448K(2472448K)->0K(2472960K) From: 137312K(161280K)->144000K(160256K)
[6676.385s][info][gc,heap        ] GC(2018) ParOldGen: 4550081K(4550144K)->4642777K(4642816K)
[6676.385s][info][gc,metaspace   ] GC(2018) Metaspace: 29113K(29504K)->29113K(29504K) NonClass: 24223K(24384K)->24223K(24384K) Class: 4889K(5120K)->4889K(5120K)
[6676.385s][info][gc             ] GC(2018) Pause Young (Allocation Failure) 6992M->4674M(7105M) 100.028ms
[6676.385s][info][gc,cpu         ] GC(2018) User=0.57s Sys=0.02s Real=0.10s
.[6678.046s][info][gc,start       ] GC(2019) Pause Young (Allocation Failure)
[6678.150s][info][gc,heap        ] GC(2019) PSYoungGen: 2616960K(2633216K)->150995K(2633728K) Eden: 2472960K(2472960K)->0K(2472960K) From: 144000K(160256K)->150995K(160768K)
[6678.150s][info][gc,heap        ] GC(2019) ParOldGen: 4642777K(4642816K)->4731761K(4731904K)
[6678.150s][info][gc,metaspace   ] GC(2019) Metaspace: 29113K(29504K)->29113K(29504K) NonClass: 24223K(24384K)->24223K(24384K) Class: 4889K(5120K)->4889K(5120K)
[6678.150s][info][gc             ] GC(2019) Pause Young (Allocation Failure) 7089M->4768M(7193M) 104.243ms
[6678.150s][info][gc,cpu         ] GC(2019) User=0.60s Sys=0.02s Real=0.11s
..[6679.880s][info][gc,start       ] GC(2020) Pause Young (Allocation Failure)
[6679.986s][info][gc,heap        ] GC(2020) PSYoungGen: 2623955K(2633728K)->153304K(2633216K) Eden: 2472960K(2472960K)->0K(2472448K) From: 150995K(160768K)->153304K(160768K)
[6679.986s][info][gc,heap        ] GC(2020) ParOldGen: 4731761K(4731904K)->4823585K(4824064K)
[6679.986s][info][gc,metaspace   ] GC(2020) Metaspace: 29113K(29504K)->29113K(29504K) NonClass: 24223K(24384K)->24223K(24384K) Class: 4889K(5120K)->4889K(5120K)
[6679.986s][info][gc             ] GC(2020) Pause Young (Allocation Failure) 7183M->4860M(7282M) 106.225ms
[6679.986s][info][gc,cpu         ] GC(2020) User=0.61s Sys=0.03s Real=0.10s
..[6681.630s][info][gc,start       ] GC(2021) Pause Young (Allocation Failure)
[6681.731s][info][gc,heap        ] GC(2021) PSYoungGen: 2625752K(2633216K)->136249K(2609152K) Eden: 2472448K(2472448K)->0K(2472448K) From: 153304K(160768K)->136249K(136704K)
[6681.731s][info][gc,heap        ] GC(2021) ParOldGen: 4823585K(4824064K)->4919721K(4919808K)
[6681.731s][info][gc,metaspace   ] GC(2021) Metaspace: 29113K(29504K)->29113K(29504K) NonClass: 24223K(24384K)->24223K(24384K) Class: 4889K(5120K)->4889K(5120K)
[6681.731s][info][gc             ] GC(2021) Pause Young (Allocation Failure) 7274M->4937M(7352M) 100.323ms
[6681.731s][info][gc,cpu         ] GC(2021) User=0.57s Sys=0.02s Real=0.10s
..[6683.377s][info][gc,start       ] GC(2022) Pause Young (Allocation Failure)
[6683.476s][info][gc,heap        ] GC(2022) PSYoungGen: 2608697K(2609152K)->144512K(2634752K) Eden: 2472448K(2472448K)->0K(2472448K) From: 136249K(136704K)->144512K(162304K)
[6683.476s][info][gc,heap        ] GC(2022) ParOldGen: 4919721K(4919808K)->5010425K(5010432K)
[6683.476s][info][gc,metaspace   ] GC(2022) Metaspace: 29113K(29504K)->29113K(29504K) NonClass: 24223K(24384K)->24223K(24384K) Class: 4889K(5120K)->4889K(5120K)
[6683.476s][info][gc             ] GC(2022) Pause Young (Allocation Failure) 7351M->5034M(7466M) 99.218ms
[6683.476s][info][gc,cpu         ] GC(2022) User=0.57s Sys=0.02s Real=0.10s
.[6685.125s][info][gc,start       ] GC(2023) Pause Young (Allocation Failure)
[6685.228s][info][gc,heap        ] GC(2023) PSYoungGen: 2616960K(2634752K)->153024K(2633728K) Eden: 2472448K(2472448K)->0K(2472448K) From: 144512K(162304K)->153024K(161280K)
[6685.228s][info][gc,heap        ] GC(2023) ParOldGen: 5010425K(5010432K)->5099569K(5100032K)
[6685.228s][info][gc,metaspace   ] GC(2023) Metaspace: 29113K(29504K)->29113K(29504K) NonClass: 24223K(24384K)->24223K(24384K) Class: 4889K(5120K)->4889K(5120K)
[6685.228s][info][gc             ] GC(2023) Pause Young (Allocation Failure) 7448M->5129M(7552M) 103.118ms
[6685.228s][info][gc,cpu         ] GC(2023) User=0.59s Sys=0.02s Real=0.10s
..[6686.851s][info][gc,start       ] GC(2024) Pause Young (Allocation Failure)
[6686.954s][info][gc,heap        ] GC(2024) PSYoungGen: 2625472K(2633728K)->146848K(2632704K) Eden: 2472448K(2472448K)->0K(2472448K) From: 153024K(161280K)->146848K(160256K)
[6686.954s][info][gc,heap        ] GC(2024) ParOldGen: 5099569K(5100032K)->5192897K(5193216K)
[6686.954s][info][gc,metaspace   ] GC(2024) Metaspace: 29113K(29504K)->29113K(29504K) NonClass: 24223K(24384K)->24223K(24384K) Class: 4889K(5120K)->4889K(5120K)
[6686.954s][info][gc             ] GC(2024) Pause Young (Allocation Failure) 7543M->5214M(7642M) 102.940ms
[6686.954s][info][gc,cpu         ] GC(2024) User=0.58s Sys=0.03s Real=0.10s
..[6688.588s][info][gc,start       ] GC(2025) Pause Young (Allocation Failure)
[6688.686s][info][gc,heap        ] GC(2025) PSYoungGen: 2619296K(2632704K)->140960K(2633216K) Eden: 2472448K(2472448K)->0K(2472448K) From: 146848K(160256K)->140960K(160768K)
[6688.686s][info][gc,heap        ] GC(2025) ParOldGen: 5192897K(5193216K)->5282465K(5282816K)
[6688.686s][info][gc,metaspace   ] GC(2025) Metaspace: 29113K(29504K)->29113K(29504K) NonClass: 24223K(24384K)->24223K(24384K) Class: 4889K(5120K)->4889K(5120K)
[6688.686s][info][gc             ] GC(2025) Pause Young (Allocation Failure) 7629M->5296M(7730M) 98.403ms
[6688.686s][info][gc,cpu         ] GC(2025) User=0.55s Sys=0.02s Real=0.10s
.[6690.261s][info][gc,start       ] GC(2026) Pause Young (Allocation Failure)
[6690.366s][info][gc,heap        ] GC(2026) PSYoungGen: 2613408K(2633216K)->153988K(2632704K) Eden: 2472448K(2472448K)->0K(2472448K) From: 140960K(160768K)->153988K(160256K)
[6690.366s][info][gc,heap        ] GC(2026) ParOldGen: 5282465K(5282816K)->5376737K(5377024K)
[6690.366s][info][gc,metaspace   ] GC(2026) Metaspace: 29113K(29504K)->29113K(29504K) NonClass: 24223K(24384K)->24223K(24384K) Class: 4889K(5120K)->4889K(5120K)
[6690.366s][info][gc             ] GC(2026) Pause Young (Allocation Failure) 7710M->5401M(7822M) 105.394ms
[6690.366s][info][gc,cpu         ] GC(2026) User=0.61s Sys=0.01s Real=0.10s
..[6691.949s][info][gc,start       ] GC(2027) Pause Young (Allocation Failure)
[6692.052s][info][gc,heap        ] GC(2027) PSYoungGen: 2626436K(2632704K)->149684K(2634240K) Eden: 2472448K(2472448K)->0K(2472448K) From: 153988K(160256K)->149684K(161792K)
[6692.052s][info][gc,heap        ] GC(2027) ParOldGen: 5376737K(5377024K)->5468169K(5468672K)
[6692.052s][info][gc,metaspace   ] GC(2027) Metaspace: 29113K(29504K)->29113K(29504K) NonClass: 24223K(24384K)->24223K(24384K) Class: 4889K(5120K)->4889K(5120K)
[6692.052s][info][gc             ] GC(2027) Pause Young (Allocation Failure) 7815M->5486M(7913M) 102.769ms
[6692.052s][info][gc,cpu         ] GC(2027) User=0.58s Sys=0.02s Real=0.11s
..[6693.765s][info][gc,start       ] GC(2028) Pause Young (Allocation Failure)
[6693.867s][info][gc,heap        ] GC(2028) PSYoungGen: 2622132K(2634240K)->142357K(2632704K) Eden: 2472448K(2472448K)->0K(2472960K) From: 149684K(161792K)->142357K(159744K)
[6693.867s][info][gc,heap        ] GC(2028) ParOldGen: 5468169K(5468672K)->5560897K(5561344K)
[6693.867s][info][gc,metaspace   ] GC(2028) Metaspace: 29113K(29504K)->29113K(29504K) NonClass: 24223K(24384K)->24223K(24384K) Class: 4889K(5120K)->4889K(5120K)
[6693.867s][info][gc             ] GC(2028) Pause Young (Allocation Failure) 7900M->5569M(8002M) 101.651ms
[6693.867s][info][gc,cpu         ] GC(2028) User=0.57s Sys=0.03s Real=0.10s
..[6695.571s][info][gc,start       ] GC(2029) Pause Full (Allocation Failure)
[6695.571s][info][gc,phases,start] GC(2029) Marking Phase
[6695.873s][info][gc,phases      ] GC(2029) Marking Phase 301.934ms
[6695.873s][info][gc,phases,start] GC(2029) Summary Phase
[6695.873s][info][gc,phases      ] GC(2029) Summary Phase 0.109ms
[6695.873s][info][gc,phases,start] GC(2029) Forward
[6696.009s][info][gc,phases      ] GC(2029) Forward 136.305ms
[6696.009s][info][gc,phases,start] GC(2029) Adjust Pointers
[6696.212s][info][gc,phases      ] GC(2029) Adjust Pointers 202.434ms
[6696.212s][info][gc,phases,start] GC(2029) Compaction Phase
[6696.340s][info][gc,phases      ] GC(2029) Compaction Phase 128.457ms
[6696.342s][info][gc,phases,start] GC(2029) Post Compact
[6696.349s][info][gc,phases      ] GC(2029) Post Compact 6.951ms
[6696.469s][info][gc,heap        ] GC(2029) PSYoungGen: 2615317K(2632704K)->0K(2633728K) Eden: 2472960K(2472960K)->0K(2472960K) From: 142357K(159744K)->0K(160768K)
[6696.469s][info][gc,heap        ] GC(2029) ParOldGen: 5560897K(5561344K)->1431083K(1762304K)
[6696.469s][info][gc,metaspace   ] GC(2029) Metaspace: 29113K(29504K)->29113K(29504K) NonClass: 24223K(24384K)->24223K(24384K) Class: 4889K(5120K)->4889K(5120K)
[6696.469s][info][gc             ] GC(2029) Pause Full (Allocation Failure) 7984M->1397M(4293M) 898.685ms
[6696.470s][info][gc,cpu         ] GC(2029) User=4.14s Sys=0.12s Real=0.90s
..[6697.874s][info][gc,start       ] GC(2030) Pause Young (Allocation Failure)
[6697.991s][info][gc,heap        ] GC(2030) PSYoungGen: 2472960K(2633728K)->151698K(2634240K) Eden: 2472960K(2472960K)->0K(2473472K) From: 0K(160768K)->151698K(160768K)
[6697.991s][info][gc,heap        ] GC(2030) ParOldGen: 1431083K(1762304K)->1431083K(1762304K)
[6697.991s][info][gc,metaspace   ] GC(2030) Metaspace: 29113K(29504K)->29113K(29504K) NonClass: 24223K(24384K)->24223K(24384K) Class: 4889K(5120K)->4889K(5120K)
[6697.991s][info][gc             ] GC(2030) Pause Young (Allocation Failure) 3812M->1545M(4293M) 117.138ms
[6697.991s][info][gc,cpu         ] GC(2030) User=0.41s Sys=0.00s Real=0.12s
.[6699.375s][info][gc,start       ] GC(2031) Pause Young (Allocation Failure)
[6699.471s][info][gc,heap        ] GC(2031) PSYoungGen: 2625170K(2634240K)->154304K(2628096K) Eden: 2473472K(2473472K)->0K(2473472K) From: 151698K(160768K)->154304K(154624K)
[6699.471s][info][gc,heap        ] GC(2031) ParOldGen: 1431083K(1762304K)->1524295K(1762304K)
[6699.471s][info][gc,metaspace   ] GC(2031) Metaspace: 29113K(29504K)->29113K(29504K) NonClass: 24223K(24384K)->24223K(24384K) Class: 4889K(5120K)->4889K(5120K)
[6699.471s][info][gc             ] GC(2031) Pause Young (Allocation Failure) 3961M->1639M(4287M) 96.632ms
[6699.471s][info][gc,cpu         ] GC(2031) User=0.57s Sys=0.00s Real=0.10s
.[6700.977s][info][gc,start       ] GC(2032) Pause Young (Allocation Failure)
[6701.070s][info][gc,heap        ] GC(2032) PSYoungGen: 2627776K(2628096K)->144032K(2634240K) Eden: 2473472K(2473472K)->0K(2471936K) From: 154304K(154624K)->144032K(162304K)
[6701.070s][info][gc,heap        ] GC(2032) ParOldGen: 1524295K(1762304K)->1618263K(1762304K)
[6701.070s][info][gc,metaspace   ] GC(2032) Metaspace: 29113K(29504K)->29113K(29504K) NonClass: 24223K(24384K)->24223K(24384K) Class: 4889K(5120K)->4889K(5120K)
[6701.070s][info][gc             ] GC(2032) Pause Young (Allocation Failure) 4054M->1720M(4293M) 93.741ms
[6701.070s][info][gc,cpu         ] GC(2032) User=0.56s Sys=0.01s Real=0.10s
..[6702.535s][info][gc,start       ] GC(2033) Pause Young (Allocation Failure)
[6702.629s][info][gc,heap        ] GC(2033) PSYoungGen: 2615968K(2634240K)->145738K(2617856K) Eden: 2471936K(2471936K)->0K(2471936K) From: 144032K(162304K)->145738K(145920K)
[6702.629s][info][gc,heap        ] GC(2033) ParOldGen: 1618263K(1762304K)->1707695K(1762304K)
[6702.629s][info][gc,metaspace   ] GC(2033) Metaspace: 29113K(29504K)->29113K(29504K) NonClass: 24223K(24384K)->24223K(24384K) Class: 4889K(5120K)->4889K(5120K)
[6702.629s][info][gc             ] GC(2033) Pause Young (Allocation Failure) 4134M->1809M(4277M) 93.335ms
[6702.629s][info][gc,cpu         ] GC(2033) User=0.55s Sys=0.00s Real=0.09s
..[6704.232s][info][gc,start       ] GC(2034) Pause Young (Allocation Failure)
[6704.336s][info][gc,heap        ] GC(2034) PSYoungGen: 2617674K(2617856K)->156799K(2630656K) Eden: 2471936K(2471936K)->0K(2469888K) From: 145738K(145920K)->156799K(160768K)
[6704.336s][info][gc,heap        ] GC(2034) ParOldGen: 1707695K(1762304K)->1802255K(1802752K)
[6704.336s][info][gc,metaspace   ] GC(2034) Metaspace: 29113K(29504K)->29113K(29504K) NonClass: 24223K(24384K)->24223K(24384K) Class: 4889K(5120K)->4889K(5120K)
[6704.336s][info][gc             ] GC(2034) Pause Young (Allocation Failure) 4223M->1913M(4329M) 104.661ms
[6704.336s][info][gc,cpu         ] GC(2034) User=0.61s Sys=0.01s Real=0.10s
.[6705.928s][info][gc,start       ] GC(2035) Pause Young (Allocation Failure)
[6706.027s][info][gc,heap        ] GC(2035) PSYoungGen: 2626687K(2630656K)->145632K(2632704K) Eden: 2469888K(2469888K)->0K(2469888K) From: 156799K(160768K)->145632K(162816K)
[6706.027s][info][gc,heap        ] GC(2035) ParOldGen: 1802255K(1802752K)->1894335K(1894400K)
[6706.027s][info][gc,metaspace   ] GC(2035) Metaspace: 29113K(29504K)->29113K(29504K) NonClass: 24223K(24384K)->24223K(24384K) Class: 4889K(5120K)->4889K(5120K)
[6706.027s][info][gc             ] GC(2035) Pause Young (Allocation Failure) 4325M->1992M(4421M) 99.285ms
[6706.027s][info][gc,cpu         ] GC(2035) User=0.57s Sys=0.02s Real=0.10s
..[6707.691s][info][gc,start       ] GC(2036) Pause Young (Allocation Failure)
[6707.790s][info][gc,heap        ] GC(2036) PSYoungGen: 2613142K(2632704K)->144980K(2631168K) Eden: 2467510K(2469888K)->0K(2471424K) From: 145632K(162816K)->144980K(159744K)
[6707.790s][info][gc,heap        ] GC(2036) ParOldGen: 1894335K(1894400K)->1983583K(1984000K)
[6707.790s][info][gc,metaspace   ] GC(2036) Metaspace: 29113K(29504K)->29113K(29504K) NonClass: 24223K(24384K)->24223K(24384K) Class: 4889K(5120K)->4889K(5120K)
[6707.790s][info][gc             ] GC(2036) Pause Young (Allocation Failure) 4401M->2078M(4507M) 98.687ms
[6707.790s][info][gc,cpu         ] GC(2036) User=0.55s Sys=0.03s Real=0.10s
..[6709.400s][info][gc,start       ] GC(2037) Pause Young (Allocation Failure)
[6709.507s][info][gc,heap        ] GC(2037) PSYoungGen: 2616404K(2631168K)->156389K(2632704K) Eden: 2471424K(2471424K)->0K(2471424K) From: 144980K(159744K)->156389K(161280K)
[6709.507s][info][gc,heap        ] GC(2037) ParOldGen: 1983583K(1984000K)->2079799K(2080256K)
[6709.507s][info][gc,metaspace   ] GC(2037) Metaspace: 29113K(29504K)->29113K(29504K) NonClass: 24223K(24384K)->24223K(24384K) Class: 4889K(5120K)->4889K(5120K)
[6709.507s][info][gc             ] GC(2037) Pause Young (Allocation Failure) 4492M->2183M(4602M) 107.120ms
[6709.507s][info][gc,cpu         ] GC(2037) User=0.61s Sys=0.02s Real=0.10s
.[6711.051s][info][gc,start       ] GC(2038) Pause Young (Allocation Failure)
[6711.150s][info][gc,heap        ] GC(2038) PSYoungGen: 2627813K(2632704K)->149253K(2633728K) Eden: 2471424K(2471424K)->0K(2471424K) From: 156389K(161280K)->149253K(162304K)
[6711.150s][info][gc,heap        ] GC(2038) ParOldGen: 2079799K(2080256K)->2169975K(2170368K)
[6711.150s][info][gc,metaspace   ] GC(2038) Metaspace: 29113K(29504K)->29113K(29504K) NonClass: 24223K(24384K)->24223K(24384K) Class: 4889K(5120K)->4889K(5120K)
[6711.150s][info][gc             ] GC(2038) Pause Young (Allocation Failure) 4597M->2264M(4691M) 99.902ms
[6711.151s][info][gc,cpu         ] GC(2038) User=0.56s Sys=0.03s Real=0.10s
..[6712.768s][info][gc,start       ] GC(2039) Pause Young (Allocation Failure)
[6712.867s][info][gc,heap        ] GC(2039) PSYoungGen: 2620677K(2633728K)->145371K(2633216K) Eden: 2471424K(2471424K)->0K(2471424K) From: 149253K(162304K)->145371K(161792K)
[6712.867s][info][gc,heap        ] GC(2039) ParOldGen: 2169975K(2170368K)->2260831K(2260992K)
[6712.867s][info][gc,metaspace   ] GC(2039) Metaspace: 29113K(29504K)->29113K(29504K) NonClass: 24223K(24384K)->24223K(24384K) Class: 4889K(5120K)->4889K(5120K)
[6712.867s][info][gc             ] GC(2039) Pause Young (Allocation Failure) 4678M->2349M(4779M) 98.735ms
[6712.867s][info][gc,cpu         ] GC(2039) User=0.56s Sys=0.02s Real=0.10s
..[6714.596s][info][gc,start       ] GC(2040) Pause Young (Allocation Failure)
[6714.701s][info][gc,heap        ] GC(2040) PSYoungGen: 2616795K(2633216K)->153860K(2632704K) Eden: 2471424K(2471424K)->0K(2471424K) From: 145371K(161792K)->153860K(161280K)
[6714.701s][info][gc,heap        ] GC(2040) ParOldGen: 2260831K(2260992K)->2354087K(2354176K)
[6714.701s][info][gc,metaspace   ] GC(2040) Metaspace: 29113K(29504K)->29113K(29504K) NonClass: 24223K(24384K)->24223K(24384K) Class: 4889K(5120K)->4889K(5120K)
[6714.701s][info][gc             ] GC(2040) Pause Young (Allocation Failure) 4763M->2449M(4870M) 105.362ms
[6714.701s][info][gc,cpu         ] GC(2040) User=0.60s Sys=0.02s Real=0.11s
..[6716.369s][info][gc,start       ] GC(2041) Pause Young (Allocation Failure)
[6716.467s][info][gc,heap        ] GC(2041) PSYoungGen: 2625284K(2632704K)->145344K(2633216K) Eden: 2471424K(2471424K)->0K(2471424K) From: 153860K(161280K)->145344K(161792K)
[6716.467s][info][gc,heap        ] GC(2041) ParOldGen: 2354087K(2354176K)->2446695K(2446848K)
[6716.467s][info][gc,metaspace   ] GC(2041) Metaspace: 29113K(29504K)->29113K(29504K) NonClass: 24223K(24384K)->24223K(24384K) Class: 4889K(5120K)->4889K(5120K)
[6716.467s][info][gc             ] GC(2041) Pause Young (Allocation Failure) 4862M->2531M(4961M) 98.798ms
[6716.467s][info][gc,cpu         ] GC(2041) User=0.56s Sys=0.03s Real=0.10s
.[6718.225s][info][gc,start       ] GC(2042) Pause Young (Allocation Failure)
[6718.322s][info][gc,heap        ] GC(2042) PSYoungGen: 2616767K(2633216K)->143552K(2633216K) Eden: 2471423K(2471424K)->0K(2472960K) From: 145344K(161792K)->143552K(160256K)
[6718.322s][info][gc,heap        ] GC(2042) ParOldGen: 2446695K(2446848K)->2538567K(2539008K)
[6718.322s][info][gc,metaspace   ] GC(2042) Metaspace: 29113K(29504K)->29113K(29504K) NonClass: 24223K(24384K)->24223K(24384K) Class: 4889K(5120K)->4889K(5120K)
[6718.322s][info][gc             ] GC(2042) Pause Young (Allocation Failure) 4944M->2619M(5051M) 97.125ms
[6718.322s][info][gc,cpu         ] GC(2042) User=0.55s Sys=0.02s Real=0.10s
..[6719.995s][info][gc,start       ] GC(2043) Pause Young (Allocation Failure)
[6720.100s][info][gc,heap        ] GC(2043) PSYoungGen: 2616512K(2633216K)->153088K(2633728K) Eden: 2472960K(2472960K)->0K(2472960K) From: 143552K(160256K)->153088K(160768K)
[6720.100s][info][gc,heap        ] GC(2043) ParOldGen: 2538567K(2539008K)->2629231K(2629632K)
[6720.100s][info][gc,metaspace   ] GC(2043) Metaspace: 29113K(29504K)->29113K(29504K) NonClass: 24223K(24384K)->24223K(24384K) Class: 4889K(5120K)->4889K(5120K)
[6720.100s][info][gc             ] GC(2043) Pause Young (Allocation Failure) 5034M->2717M(5140M) 104.440ms
[6720.100s][info][gc,cpu         ] GC(2043) User=0.58s Sys=0.04s Real=0.11s
.. (rIR:aIR:PR = 11485:11510:11510) (tPR = 171249) [OK] 
  6721s: Performance info:
         Transaction,    Success,    Partial,     Failed,   Receipts, AvgBarcode, 
             Overall,     695948,          0,          0,     660980,      59.48, 
         Response times:
             Request,    Success,    Partial,     Failed,   SkipFail,     Probes,    Samples,      min,      p50,      p90,      p95,      p99,      max, 
       TotalPurchase,     660963,          0,          0,          0,     337978,     388134,      300,    13400,   146000,   316000,   630000,  1100000,
     InStorePurchase,     347048,          0,          0,          0,     177310,     203528,      300,    13500,   145000,   314000,   574000,   980000,
      OnlinePurchase,     244670,          0,          0,          0,     124865,     143588,      300,    13400,   147000,   320000,   640000,  1100000,
        InstPurchase,      69245,          0,          0,          0,      35803,      41018,      400,    12700,   146000,   315000,   680000,   980000,
          AssocOfCat,        693,          0,          0,          0,        559,        740,    22000,    55000,   200500,   410000,   630000,   980000,
      AssocOfProduct,       6977,          0,          0,          0,       4005,       4685,      400,    11200,   145000,   331000,   595060,   820000,
      BusinessReport,       1737,          0,          0,          0,       1474,       1781,    22000,    73000,   229000,   439000,   680000,   980000,
          CustBuyBeh,       6969,          0,          0,          0,       4096,       4774,      600,    13000,   143000,   342000,   630000,   820000,
       ProductReturn,      18592,          0,          0,          0,       9174,      10474,      200,    12100,   146000,   421000,   670000,   960000,

  6721s: (84%)   IR =  11623 [6721.840s][info][gc,start       ] GC(2044) Pause Young (Allocation Failure)
[6721.941s][info][gc,heap        ] GC(2044) PSYoungGen: 2626048K(2633728K)->145920K(2634752K) Eden: 2472960K(2472960K)->0K(2473984K) From: 153088K(160768K)->145920K(160768K)
[6721.941s][info][gc,heap        ] GC(2044) ParOldGen: 2629231K(2629632K)->2722175K(2722304K)
[6721.941s][info][gc,metaspace   ] GC(2044) Metaspace: 29113K(29504K)->29113K(29504K) NonClass: 24223K(24384K)->24223K(24384K) Class: 4889K(5120K)->4889K(5120K)
[6721.941s][info][gc             ] GC(2044) Pause Young (Allocation Failure) 5132M->2800M(5231M) 100.799ms
[6721.941s][info][gc,cpu         ] GC(2044) User=0.56s Sys=0.03s Real=0.10s
..[6723.615s][info][gc,start       ] GC(2045) Pause Young (Allocation Failure)
[6723.713s][info][gc,heap        ] GC(2045) PSYoungGen: 2619904K(2634752K)->141744K(2634752K) Eden: 2473984K(2473984K)->0K(2473984K) From: 145920K(160768K)->141744K(160768K)
[6723.713s][info][gc,heap        ] GC(2045) ParOldGen: 2722175K(2722304K)->2813439K(2813440K)
[6723.713s][info][gc,metaspace   ] GC(2045) Metaspace: 29113K(29504K)->29113K(29504K) NonClass: 24223K(24384K)->24223K(24384K) Class: 4889K(5120K)->4889K(5120K)
[6723.713s][info][gc             ] GC(2045) Pause Young (Allocation Failure) 5216M->2885M(5320M) 97.854ms
[6723.713s][info][gc,cpu         ] GC(2045) User=0.54s Sys=0.04s Real=0.10s
.[6725.347s][info][gc,start       ] GC(2046) Pause Young (Allocation Failure)
[6725.445s][info][gc,heap        ] GC(2046) PSYoungGen: 2615728K(2634752K)->146336K(2633216K) Eden: 2473984K(2473984K)->0K(2474496K) From: 141744K(160768K)->146336K(158720K)
[6725.445s][info][gc,heap        ] GC(2046) ParOldGen: 2813439K(2813440K)->2904175K(2904576K)
[6725.445s][info][gc,metaspace   ] GC(2046) Metaspace: 29113K(29504K)->29113K(29504K) NonClass: 24223K(24384K)->24223K(24384K) Class: 4889K(5120K)->4889K(5120K)
[6725.445s][info][gc             ] GC(2046) Pause Young (Allocation Failure) 5301M->2979M(5408M) 98.422ms
[6725.445s][info][gc,cpu         ] GC(2046) User=0.56s Sys=0.04s Real=0.10s
..[6727.128s][info][gc,start       ] GC(2047) Pause Young (Allocation Failure)
[6727.227s][info][gc,heap        ] GC(2047) PSYoungGen: 2620832K(2633216K)->145184K(2634240K) Eden: 2474496K(2474496K)->0K(2474496K) From: 146336K(158720K)->145184K(159744K)
[6727.227s][info][gc,heap        ] GC(2047) ParOldGen: 2904175K(2904576K)->2994823K(2995200K)
[6727.227s][info][gc,metaspace   ] GC(2047) Metaspace: 29113K(29504K)->29113K(29504K) NonClass: 24223K(24384K)->24223K(24384K) Class: 4889K(5120K)->4889K(5120K)
[6727.227s][info][gc             ] GC(2047) Pause Young (Allocation Failure) 5395M->3066M(5497M) 98.200ms
[6727.227s][info][gc,cpu         ] GC(2047) User=0.56s Sys=0.02s Real=0.10s
..[6728.965s][info][gc,start       ] GC(2048) Pause Young (Allocation Failure)
[6729.068s][info][gc,heap        ] GC(2048) PSYoungGen: 2619680K(2634240K)->147636K(2634240K) Eden: 2474496K(2474496K)->0K(2477568K) From: 145184K(159744K)->147636K(156672K)
[6729.068s][info][gc,heap        ] GC(2048) ParOldGen: 2994823K(2995200K)->3087599K(3087872K)
[6729.068s][info][gc,metaspace   ] GC(2048) Metaspace: 29113K(29504K)->29113K(29504K) NonClass: 24223K(24384K)->24223K(24384K) Class: 4889K(5120K)->4889K(5120K)
[6729.068s][info][gc             ] GC(2048) Pause Young (Allocation Failure) 5482M->3159M(5588M) 102.755ms
[6729.068s][info][gc,cpu         ] GC(2048) User=0.59s Sys=0.02s Real=0.10s
..[6730.650s][info][gc,start       ] GC(2049) Pause Young (Allocation Failure)
[6730.748s][info][gc,heap        ] GC(2049) PSYoungGen: 2625204K(2634240K)->140212K(2635264K) Eden: 2477568K(2477568K)->0K(2477568K) From: 147636K(156672K)->140212K(157696K)
[6730.748s][info][gc,heap        ] GC(2049) ParOldGen: 3087599K(3087872K)->3177919K(3177984K)
[6730.748s][info][gc,metaspace   ] GC(2049) Metaspace: 29113K(29504K)->29113K(29504K) NonClass: 24223K(24384K)->24223K(24384K) Class: 4889K(5120K)->4889K(5120K)
[6730.748s][info][gc             ] GC(2049) Pause Young (Allocation Failure) 5578M->3240M(5677M) 97.305ms
[6730.748s][info][gc,cpu         ] GC(2049) User=0.56s Sys=0.02s Real=0.09s
.[6732.419s][info][gc,start       ] GC(2050) Pause Young (Allocation Failure)
[6732.524s][info][gc,heap        ] GC(2050) PSYoungGen: 2617780K(2635264K)->157680K(2564608K) Eden: 2477568K(2477568K)->0K(2406912K) From: 140212K(157696K)->157680K(157696K)
[6732.524s][info][gc,heap        ] GC(2050) ParOldGen: 3177919K(3177984K)->3268383K(3268608K)
[6732.524s][info][gc,metaspace   ] GC(2050) Metaspace: 29113K(29504K)->29113K(29504K) NonClass: 24223K(24384K)->24223K(24384K) Class: 4889K(5120K)->4889K(5120K)
[6732.524s][info][gc             ] GC(2050) Pause Young (Allocation Failure) 5659M->3345M(5696M) 105.333ms
[6732.524s][info][gc,cpu         ] GC(2050) User=0.59s Sys=0.04s Real=0.11s
..[6734.072s][info][gc,start       ] GC(2051) Pause Young (Allocation Failure)
[6734.172s][info][gc,heap        ] GC(2051) PSYoungGen: 2564592K(2564608K)->142772K(2601472K) Eden: 2406912K(2406912K)->0K(2406912K) From: 157680K(157696K)->142772K(194560K)
[6734.172s][info][gc,heap        ] GC(2051) ParOldGen: 3268383K(3268608K)->3364639K(3364864K)
[6734.172s][info][gc,metaspace   ] GC(2051) Metaspace: 29113K(29504K)->29113K(29504K) NonClass: 24223K(24384K)->24223K(24384K) Class: 4889K(5120K)->4889K(5120K)
[6734.172s][info][gc             ] GC(2051) Pause Young (Allocation Failure) 5696M->3425M(5826M) 99.636ms
[6734.172s][info][gc,cpu         ] GC(2051) User=0.54s Sys=0.04s Real=0.10s
..[6735.723s][info][gc,start       ] GC(2052) Pause Young (Allocation Failure)
[6735.824s][info][gc,heap        ] GC(2052) PSYoungGen: 2549684K(2601472K)->145706K(2595840K) Eden: 2406912K(2406912K)->0K(2408448K) From: 142772K(194560K)->145706K(187392K)
[6735.824s][info][gc,heap        ] GC(2052) ParOldGen: 3364639K(3364864K)->3454039K(3454464K)
[6735.824s][info][gc,metaspace   ] GC(2052) Metaspace: 29113K(29504K)->29113K(29504K) NonClass: 24223K(24384K)->24223K(24384K) Class: 4889K(5120K)->4889K(5120K)
[6735.824s][info][gc             ] GC(2052) Pause Young (Allocation Failure) 5775M->3515M(5908M) 101.095ms
[6735.824s][info][gc,cpu         ] GC(2052) User=0.56s Sys=0.04s Real=0.10s
.[6737.429s][info][gc,start       ] GC(2053) Pause Young (Allocation Failure)
[6737.530s][info][gc,heap        ] GC(2053) PSYoungGen: 2554154K(2595840K)->151232K(2599424K) Eden: 2408448K(2408448K)->0K(2408448K) From: 145706K(187392K)->151232K(190976K)
[6737.530s][info][gc,heap        ] GC(2053) ParOldGen: 3454039K(3454464K)->3543543K(3543552K)
[6737.530s][info][gc,metaspace   ] GC(2053) Metaspace: 29113K(29504K)->29113K(29504K) NonClass: 24223K(24384K)->24223K(24384K) Class: 4889K(5120K)->4889K(5120K)
[6737.530s][info][gc             ] GC(2053) Pause Young (Allocation Failure) 5867M->3608M(5999M) 101.328ms
[6737.530s][info][gc,cpu         ] GC(2053) User=0.58s Sys=0.03s Real=0.11s
..[6739.151s][info][gc,start       ] GC(2054) Pause Young (Allocation Failure)
[6739.257s][info][gc,heap        ] GC(2054) PSYoungGen: 2559680K(2599424K)->154644K(2598400K) Eden: 2408448K(2408448K)->0K(2417152K) From: 151232K(190976K)->154644K(181248K)
[6739.257s][info][gc,heap        ] GC(2054) ParOldGen: 3543543K(3543552K)->3634975K(3635200K)
[6739.257s][info][gc,metaspace   ] GC(2054) Metaspace: 29113K(29504K)->29113K(29504K) NonClass: 24223K(24384K)->24223K(24384K) Class: 4889K(5120K)->4889K(5120K)
[6739.257s][info][gc             ] GC(2054) Pause Young (Allocation Failure) 5960M->3700M(6087M) 105.790ms
[6739.257s][info][gc,cpu         ] GC(2054) User=0.60s Sys=0.03s Real=0.10s
..[6740.810s][info][gc,start       ] GC(2055) Pause Young (Allocation Failure)
[6740.911s][info][gc,heap        ] GC(2055) PSYoungGen: 2571796K(2598400K)->135104K(2601984K) Eden: 2417152K(2417152K)->0K(2417152K) From: 154644K(181248K)->135104K(184832K)
[6740.911s][info][gc,heap        ] GC(2055) ParOldGen: 3634975K(3635200K)->3725287K(3725312K)
[6740.911s][info][gc,metaspace   ] GC(2055) Metaspace: 29113K(29504K)->29113K(29504K) NonClass: 24223K(24384K)->24223K(24384K) Class: 4889K(5120K)->4889K(5120K)
[6740.911s][info][gc             ] GC(2055) Pause Young (Allocation Failure) 6061M->3769M(6179M) 100.292ms
[6740.911s][info][gc,cpu         ] GC(2055) User=0.56s Sys=0.02s Real=0.10s
[6740.913s][info][gc,start       ] GC(2056) Pause Full (Diagnostic Command)
[6740.913s][info][gc,phases,start] GC(2056) Marking Phase
[6741.193s][info][gc,phases      ] GC(2056) Marking Phase 279.810ms
[6741.193s][info][gc,phases,start] GC(2056) Summary Phase
[6741.193s][info][gc,phases      ] GC(2056) Summary Phase 0.049ms
[6741.193s][info][gc,phases,start] GC(2056) Forward
[6741.365s][info][gc,phases      ] GC(2056) Forward 171.783ms
[6741.365s][info][gc,phases,start] GC(2056) Adjust Pointers
[6741.557s][info][gc,phases      ] GC(2056) Adjust Pointers 192.686ms
[6741.557s][info][gc,phases,start] GC(2056) Compaction Phase
[6741.708s][info][gc,phases      ] GC(2056) Compaction Phase 150.660ms
[6741.711s][info][gc,phases,start] GC(2056) Post Compact
[6741.714s][info][gc,phases      ] GC(2056) Post Compact 3.477ms
[6741.714s][info][gc,heap        ] GC(2056) PSYoungGen: 181137K(2601984K)->0K(2601984K) Eden: 46033K(2417152K)->0K(2417152K) From: 135104K(184832K)->0K(184832K)
[6741.714s][info][gc,heap        ] GC(2056) ParOldGen: 3725287K(3725312K)->1143129K(3725312K)
[6741.714s][info][gc,metaspace   ] GC(2056) Metaspace: 29113K(29504K)->29113K(29504K) NonClass: 24223K(24384K)->24223K(24384K) Class: 4889K(5120K)->4889K(5120K)
[6741.714s][info][gc             ] GC(2056) Pause Full (Diagnostic Command) 3814M->1116M(6179M) 801.556ms
[6741.714s][info][gc,cpu         ] GC(2056) User=4.12s Sys=0.01s Real=0.80s
.[6743.088s][info][gc,start       ] GC(2057) Pause Young (Allocation Failure)
[6743.160s][info][gc,heap        ] GC(2057) PSYoungGen: 2417152K(2601984K)->156570K(2608128K) Eden: 2417152K(2417152K)->0K(2426368K) From: 0K(184832K)->156570K(181760K)
[6743.160s][info][gc,heap        ] GC(2057) ParOldGen: 1143129K(3725312K)->1143129K(3725312K)
[6743.160s][info][gc,metaspace   ] GC(2057) Metaspace: 29113K(29504K)->29113K(29504K) NonClass: 24223K(24384K)->24223K(24384K) Class: 4889K(5120K)->4889K(5120K)
[6743.160s][info][gc             ] GC(2057) Pause Young (Allocation Failure) 3476M->1269M(6185M) 71.752ms
[6743.160s][info][gc,cpu         ] GC(2057) User=0.43s Sys=0.00s Real=0.08s
..[6744.637s][info][gc,start       ] GC(2058) Pause Young (Allocation Failure)
[6744.732s][info][gc,heap        ] GC(2058) PSYoungGen: 2582938K(2608128K)->140704K(2609664K) Eden: 2426368K(2426368K)->0K(2426368K) From: 156570K(181760K)->140704K(183296K)
[6744.732s][info][gc,heap        ] GC(2058) ParOldGen: 1143129K(3725312K)->1238337K(3725312K)
[6744.732s][info][gc,metaspace   ] GC(2058) Metaspace: 29113K(29504K)->29113K(29504K) NonClass: 24223K(24384K)->24223K(24384K) Class: 4889K(5120K)->4889K(5120K)
[6744.732s][info][gc             ] GC(2058) Pause Young (Allocation Failure) 3638M->1346M(6186M) 95.214ms
[6744.732s][info][gc,cpu         ] GC(2058) User=0.57s Sys=0.00s Real=0.10s
.[6746.178s][info][gc,start       ] GC(2059) Pause Young (Allocation Failure)
[6746.271s][info][gc,heap        ] GC(2059) PSYoungGen: 2567072K(2609664K)->150592K(2606080K) Eden: 2426368K(2426368K)->0K(2430464K) From: 140704K(183296K)->150592K(175616K)
[6746.271s][info][gc,heap        ] GC(2059) ParOldGen: 1238337K(3725312K)->1324801K(3725312K)
[6746.271s][info][gc,metaspace   ] GC(2059) Metaspace: 29113K(29504K)->29113K(29504K) NonClass: 24223K(24384K)->24223K(24384K) Class: 4889K(5120K)->4889K(5120K)
[6746.271s][info][gc             ] GC(2059) Pause Young (Allocation Failure) 3716M->1440M(6183M) 93.375ms
[6746.271s][info][gc,cpu         ] GC(2059) User=0.56s Sys=0.00s Real=0.10s
.[6747.694s][info][gc,start       ] GC(2060) Pause Young (Allocation Failure)
[6747.787s][info][gc,heap        ] GC(2060) PSYoungGen: 2581056K(2606080K)->143744K(2609664K) Eden: 2430464K(2430464K)->0K(2430464K) From: 150592K(175616K)->143744K(179200K)
[6747.787s][info][gc,heap        ] GC(2060) ParOldGen: 1324801K(3725312K)->1420385K(3725312K)
[6747.787s][info][gc,metaspace   ] GC(2060) Metaspace: 29113K(29504K)->29113K(29504K) NonClass: 24223K(24384K)->24223K(24384K) Class: 4889K(5120K)->4889K(5120K)
[6747.787s][info][gc             ] GC(2060) Pause Young (Allocation Failure) 3814M->1527M(6186M) 93.676ms
[6747.787s][info][gc,cpu         ] GC(2060) User=0.55s Sys=0.00s Real=0.09s
..[6749.255s][info][gc,start       ] GC(2061) Pause Young (Allocation Failure)
[6749.353s][info][gc,heap        ] GC(2061) PSYoungGen: 2574208K(2609664K)->151152K(2611200K) Eden: 2430464K(2430464K)->0K(2439168K) From: 143744K(179200K)->151152K(172032K)
[6749.353s][info][gc,heap        ] GC(2061) ParOldGen: 1420385K(3725312K)->1512417K(3725312K)
[6749.353s][info][gc,metaspace   ] GC(2061) Metaspace: 29113K(29504K)->29113K(29504K) NonClass: 24223K(24384K)->24223K(24384K) Class: 4889K(5120K)->4889K(5120K)
[6749.353s][info][gc             ] GC(2061) Pause Young (Allocation Failure) 3900M->1624M(6188M) 97.822ms
[6749.353s][info][gc,cpu         ] GC(2061) User=0.58s Sys=0.00s Real=0.10s
..[6750.956s][info][gc,start       ] GC(2062) Pause Young (Allocation Failure)
[6751.051s][info][gc,heap        ] GC(2062) PSYoungGen: 2590320K(2611200K)->148000K(2614784K) Eden: 2439168K(2439168K)->0K(2439168K) From: 151152K(172032K)->148000K(175616K)
[6751.051s][info][gc,heap        ] GC(2062) ParOldGen: 1512417K(3725312K)->1601705K(3725312K)
[6751.051s][info][gc,metaspace   ] GC(2062) Metaspace: 29113K(29504K)->29113K(29504K) NonClass: 24223K(24384K)->24223K(24384K) Class: 4889K(5120K)->4889K(5120K)
[6751.051s][info][gc             ] GC(2062) Pause Young (Allocation Failure) 4006M->1708M(6191M) 94.855ms
[6751.051s][info][gc,cpu         ] GC(2062) User=0.56s Sys=0.00s Real=0.10s
.|[6752.715s][info][gc,start       ] GC(2063) Pause Young (Allocation Failure)
[6752.814s][info][gc,heap        ] GC(2063) PSYoungGen: 2587168K(2614784K)->151381K(2614784K) Eden: 2439168K(2439168K)->0K(2446848K) From: 148000K(175616K)->151381K(167936K)
[6752.814s][info][gc,heap        ] GC(2063) ParOldGen: 1601705K(3725312K)->1692513K(3725312K)
[6752.814s][info][gc,metaspace   ] GC(2063) Metaspace: 29113K(29504K)->29113K(29504K) NonClass: 24223K(24384K)->24223K(24384K) Class: 4889K(5120K)->4889K(5120K)
[6752.814s][info][gc             ] GC(2063) Pause Young (Allocation Failure) 4090M->1800M(6191M) 98.670ms
[6752.814s][info][gc,cpu         ] GC(2063) User=0.59s Sys=0.00s Real=0.10s
..[6754.445s][info][gc,start       ] GC(2064) Pause Young (Allocation Failure)
[6754.541s][info][gc,heap        ] GC(2064) PSYoungGen: 2598229K(2614784K)->147264K(2618368K) Eden: 2446848K(2446848K)->0K(2446848K) From: 151381K(167936K)->147264K(171520K)
[6754.541s][info][gc,heap        ] GC(2064) ParOldGen: 1692513K(3725312K)->1782553K(3725312K)
[6754.541s][info][gc,metaspace   ] GC(2064) Metaspace: 29113K(29504K)->29113K(29504K) NonClass: 24223K(24384K)->24223K(24384K) Class: 4889K(5120K)->4889K(5120K)
[6754.541s][info][gc             ] GC(2064) Pause Young (Allocation Failure) 4190M->1884M(6195M) 95.926ms
[6754.541s][info][gc,cpu         ] GC(2064) User=0.57s Sys=0.00s Real=0.10s
..[6756.157s][info][gc,start       ] GC(2065) Pause Young (Allocation Failure)
[6756.254s][info][gc,heap        ] GC(2065) PSYoungGen: 2594112K(2618368K)->150336K(2618880K) Eden: 2446848K(2446848K)->0K(2454528K) From: 147264K(171520K)->150336K(164352K)
[6756.254s][info][gc,heap        ] GC(2065) ParOldGen: 1782553K(3725312K)->1875169K(3725312K)
[6756.254s][info][gc,metaspace   ] GC(2065) Metaspace: 29113K(29504K)->29113K(29504K) NonClass: 24223K(24384K)->24223K(24384K) Class: 4889K(5120K)->4889K(5120K)
[6756.254s][info][gc             ] GC(2065) Pause Young (Allocation Failure) 4274M->1978M(6195M) 97.311ms
[6756.255s][info][gc,cpu         ] GC(2065) User=0.58s Sys=0.00s Real=0.10s
.[6757.833s][info][gc,start       ] GC(2066) Pause Young (Allocation Failure)
[6757.930s][info][gc,heap        ] GC(2066) PSYoungGen: 2604864K(2618880K)->149172K(2622464K) Eden: 2454528K(2454528K)->0K(2454528K) From: 150336K(164352K)->149172K(167936K)
[6757.930s][info][gc,heap        ] GC(2066) ParOldGen: 1875169K(3725312K)->1965297K(3725312K)
[6757.930s][info][gc,metaspace   ] GC(2066) Metaspace: 29113K(29504K)->29113K(29504K) NonClass: 24223K(24384K)->24223K(24384K) Class: 4889K(5120K)->4889K(5120K)
[6757.930s][info][gc             ] GC(2066) Pause Young (Allocation Failure) 4375M->2064M(6199M) 96.987ms
[6757.930s][info][gc,cpu         ] GC(2066) User=0.58s Sys=0.00s Real=0.10s
..[6759.561s][info][gc,start       ] GC(2067) Pause Young (Allocation Failure)
[6759.654s][info][gc,heap        ] GC(2067) PSYoungGen: 2603700K(2622464K)->137104K(2627584K) Eden: 2454528K(2454528K)->0K(2461696K) From: 149172K(167936K)->137104K(165888K)
[6759.654s][info][gc,heap        ] GC(2067) ParOldGen: 1965297K(3725312K)->2057601K(3725312K)
[6759.654s][info][gc,metaspace   ] GC(2067) Metaspace: 29113K(29504K)->29113K(29504K) NonClass: 24223K(24384K)->24223K(24384K) Class: 4889K(5120K)->4889K(5120K)
[6759.654s][info][gc             ] GC(2067) Pause Young (Allocation Failure) 4461M->2143M(6204M) 92.916ms
[6759.654s][info][gc,cpu         ] GC(2067) User=0.54s Sys=0.00s Real=0.09s
..[6761.284s][info][gc,start       ] GC(2068) Pause Young (Allocation Failure)
[6761.384s][info][gc,heap        ] GC(2068) PSYoungGen: 2598800K(2627584K)->152436K(2628608K) Eden: 2461696K(2461696K)->0K(2461696K) From: 137104K(165888K)->152436K(166912K)
[6761.384s][info][gc,heap        ] GC(2068) ParOldGen: 2057601K(3725312K)->2148313K(3725312K)
[6761.384s][info][gc,metaspace   ] GC(2068) Metaspace: 29113K(29504K)->29113K(29504K) NonClass: 24223K(24384K)->24223K(24384K) Class: 4889K(5120K)->4889K(5120K)
[6761.384s][info][gc             ] GC(2068) Pause Young (Allocation Failure) 4547M->2246M(6205M) 99.563ms
[6761.384s][info][gc,cpu         ] GC(2068) User=0.59s Sys=0.00s Real=0.10s
.[6763.013s][info][gc,start       ] GC(2069) Pause Young (Allocation Failure)
[6763.112s][info][gc,heap        ] GC(2069) PSYoungGen: 2614132K(2628608K)->156201K(2627584K) Eden: 2461696K(2461696K)->0K(2461184K) From: 152436K(166912K)->156201K(166400K)
[6763.112s][info][gc,heap        ] GC(2069) ParOldGen: 2148313K(3725312K)->2239873K(3725312K)
[6763.112s][info][gc,metaspace   ] GC(2069) Metaspace: 29113K(29504K)->29113K(29504K) NonClass: 24223K(24384K)->24223K(24384K) Class: 4889K(5120K)->4889K(5120K)
[6763.112s][info][gc             ] GC(2069) Pause Young (Allocation Failure) 4650M->2339M(6204M) 99.401ms
[6763.112s][info][gc,cpu         ] GC(2069) User=0.59s Sys=0.00s Real=0.10s
..[6764.725s][info][gc,start       ] GC(2070) Pause Young (Allocation Failure)
[6764.820s][info][gc,heap        ] GC(2070) PSYoungGen: 2617385K(2627584K)->145904K(2628608K) Eden: 2461184K(2461184K)->0K(2461184K) From: 156201K(166400K)->145904K(167424K)
[6764.820s][info][gc,heap        ] GC(2070) ParOldGen: 2239873K(3725312K)->2330337K(3725312K)
[6764.820s][info][gc,metaspace   ] GC(2070) Metaspace: 29113K(29504K)->29113K(29504K) NonClass: 24223K(24384K)->24223K(24384K) Class: 4889K(5120K)->4889K(5120K)
[6764.820s][info][gc             ] GC(2070) Pause Young (Allocation Failure) 4743M->2418M(6205M) 94.623ms
[6764.820s][info][gc,cpu         ] GC(2070) User=0.56s Sys=0.00s Real=0.10s
..[6766.469s][info][gc,start       ] GC(2071) Pause Young (Allocation Failure)
[6766.572s][info][gc,heap        ] GC(2071) PSYoungGen: 2607088K(2628608K)->152488K(2627584K) Eden: 2461184K(2461184K)->0K(2462208K) From: 145904K(167424K)->152488K(165376K)
[6766.572s][info][gc,heap        ] GC(2071) ParOldGen: 2330337K(3725312K)->2426073K(3725312K)
[6766.572s][info][gc,metaspace   ] GC(2071) Metaspace: 29113K(29504K)->29113K(29504K) NonClass: 24223K(24384K)->24223K(24384K) Class: 4889K(5120K)->4889K(5120K)
[6766.572s][info][gc             ] GC(2071) Pause Young (Allocation Failure) 4821M->2518M(6204M) 102.949ms
[6766.572s][info][gc,cpu         ] GC(2071) User=0.61s Sys=0.00s Real=0.11s
..[6768.290s][info][gc,start       ] GC(2072) Pause Young (Allocation Failure)
[6768.387s][info][gc,heap        ] GC(2072) PSYoungGen: 2614696K(2627584K)->154784K(2628096K) Eden: 2462208K(2462208K)->0K(2462208K) From: 152488K(165376K)->154784K(165888K)
[6768.387s][info][gc,heap        ] GC(2072) ParOldGen: 2426073K(3725312K)->2513425K(3725312K)
[6768.387s][info][gc,metaspace   ] GC(2072) Metaspace: 29113K(29504K)->29113K(29504K) NonClass: 24223K(24384K)->24223K(24384K) Class: 4889K(5120K)->4889K(5120K)
[6768.388s][info][gc             ] GC(2072) Pause Young (Allocation Failure) 4922M->2605M(6204M) 97.590ms
[6768.388s][info][gc,cpu         ] GC(2072) User=0.59s Sys=0.00s Real=0.09s
.[6769.939s][info][gc,start       ] GC(2073) Pause Young (Allocation Failure)
[6770.037s][info][gc,heap        ] GC(2073) PSYoungGen: 2616992K(2628096K)->144722K(2628608K) Eden: 2462208K(2462208K)->0K(2463744K) From: 154784K(165888K)->144722K(164864K)
[6770.037s][info][gc,heap        ] GC(2073) ParOldGen: 2513425K(3725312K)->2605913K(3725312K)
[6770.037s][info][gc,metaspace   ] GC(2073) Metaspace: 29113K(29504K)->29113K(29504K) NonClass: 24223K(24384K)->24223K(24384K) Class: 4889K(5120K)->4889K(5120K)
[6770.037s][info][gc             ] GC(2073) Pause Young (Allocation Failure) 5010M->2686M(6205M) 97.902ms
[6770.037s][info][gc,cpu         ] GC(2073) User=0.57s Sys=0.00s Real=0.10s
..[6771.623s][info][gc,start       ] GC(2074) Pause Young (Allocation Failure)
[6771.718s][info][gc,heap        ] GC(2074) PSYoungGen: 2608466K(2628608K)->145312K(2629120K) Eden: 2463744K(2463744K)->0K(2463744K) From: 144722K(164864K)->145312K(165376K)
[6771.718s][info][gc,heap        ] GC(2074) ParOldGen: 2605913K(3725312K)->2697097K(3725312K)
[6771.718s][info][gc,metaspace   ] GC(2074) Metaspace: 29113K(29504K)->29113K(29504K) NonClass: 24223K(24384K)->24223K(24384K) Class: 4889K(5120K)->4889K(5120K)
[6771.718s][info][gc             ] GC(2074) Pause Young (Allocation Failure) 5092M->2775M(6205M) 95.709ms
[6771.718s][info][gc,cpu         ] GC(2074) User=0.57s Sys=0.01s Real=0.09s
..[6773.391s][info][gc,start       ] GC(2075) Pause Young (Allocation Failure)
[6773.491s][info][gc,heap        ] GC(2075) PSYoungGen: 2609056K(2629120K)->150712K(2628608K) Eden: 2463744K(2463744K)->0K(2465792K) From: 145312K(165376K)->150712K(162816K)
[6773.491s][info][gc,heap        ] GC(2075) ParOldGen: 2697097K(3725312K)->2789705K(3725312K)
[6773.491s][info][gc,metaspace   ] GC(2075) Metaspace: 29113K(29504K)->29113K(29504K) NonClass: 24223K(24384K)->24223K(24384K) Class: 4889K(5120K)->4889K(5120K)
[6773.491s][info][gc             ] GC(2075) Pause Young (Allocation Failure) 5181M->2871M(6205M) 100.401ms
[6773.491s][info][gc,cpu         ] GC(2075) User=0.60s Sys=0.00s Real=0.10s
.[6775.091s][info][gc,start       ] GC(2076) Pause Young (Allocation Failure)
[6775.190s][info][gc,heap        ] GC(2076) PSYoungGen: 2616504K(2628608K)->151093K(2629632K) Eden: 2465792K(2465792K)->0K(2465792K) From: 150712K(162816K)->151093K(163840K)
[6775.190s][info][gc,heap        ] GC(2076) ParOldGen: 2789705K(3725312K)->2881129K(3725312K)
[6775.190s][info][gc,metaspace   ] GC(2076) Metaspace: 29113K(29504K)->29113K(29504K) NonClass: 24223K(24384K)->24223K(24384K) Class: 4889K(5120K)->4889K(5120K)
[6775.190s][info][gc             ] GC(2076) Pause Young (Allocation Failure) 5279M->2961M(6206M) 98.875ms
[6775.190s][info][gc,cpu         ] GC(2076) User=0.59s Sys=0.00s Real=0.10s
..[6776.775s][info][gc,start       ] GC(2077) Pause Young (Allocation Failure)
[6776.870s][info][gc,heap        ] GC(2077) PSYoungGen: 2616885K(2629632K)->145888K(2631168K) Eden: 2465792K(2465792K)->0K(2469376K) From: 151093K(163840K)->145888K(161792K)
[6776.870s][info][gc,heap        ] GC(2077) ParOldGen: 2881129K(3725312K)->2972249K(3725312K)
[6776.870s][info][gc,metaspace   ] GC(2077) Metaspace: 29113K(29504K)->29113K(29504K) NonClass: 24223K(24384K)->24223K(24384K) Class: 4889K(5120K)->4889K(5120K)
[6776.870s][info][gc             ] GC(2077) Pause Young (Allocation Failure) 5369M->3045M(6207M) 95.051ms
[6776.870s][info][gc,cpu         ] GC(2077) User=0.57s Sys=0.00s Real=0.10s
..[6778.606s][info][gc,start       ] GC(2078) Pause Young (Allocation Failure)
[6778.704s][info][gc,heap        ] GC(2078) PSYoungGen: 2615264K(2631168K)->147145K(2631680K) Eden: 2469376K(2469376K)->0K(2469376K) From: 145888K(161792K)->147145K(162304K)
[6778.704s][info][gc,heap        ] GC(2078) ParOldGen: 2972249K(3725312K)->3065713K(3725312K)
[6778.704s][info][gc,metaspace   ] GC(2078) Metaspace: 29113K(29504K)->29113K(29504K) NonClass: 24223K(24384K)->24223K(24384K) Class: 4889K(5120K)->4889K(5120K)
[6778.704s][info][gc             ] GC(2078) Pause Young (Allocation Failure) 5456M->3137M(6208M) 98.158ms
[6778.704s][info][gc,cpu         ] GC(2078) User=0.58s Sys=0.00s Real=0.10s
.[6780.317s][info][gc,start       ] GC(2079) Pause Young (Allocation Failure)
[6780.415s][info][gc,heap        ] GC(2079) PSYoungGen: 2616521K(2631680K)->153571K(2632704K) Eden: 2469376K(2469376K)->0K(2471424K) From: 147145K(162304K)->153571K(161280K)
[6780.415s][info][gc,heap        ] GC(2079) ParOldGen: 3065713K(3725312K)->3156057K(3725312K)
[6780.415s][info][gc,metaspace   ] GC(2079) Metaspace: 29113K(29504K)->29113K(29504K) NonClass: 24223K(24384K)->24223K(24384K) Class: 4889K(5120K)->4889K(5120K)
[6780.415s][info][gc             ] GC(2079) Pause Young (Allocation Failure) 5549M->3232M(6209M) 98.804ms
[6780.415s][info][gc,cpu         ] GC(2079) User=0.59s Sys=0.00s Real=0.10s
..[6782.079s][info][gc,start       ] GC(2080) Pause Young (Allocation Failure)
[6782.174s][info][gc,heap        ] GC(2080) PSYoungGen: 2624995K(2632704K)->139892K(2633216K) Eden: 2471424K(2471424K)->0K(2471424K) From: 153571K(161280K)->139892K(161792K)
[6782.174s][info][gc,heap        ] GC(2080) ParOldGen: 3156057K(3725312K)->3250841K(3725312K)
[6782.174s][info][gc,metaspace   ] GC(2080) Metaspace: 29113K(29504K)->29113K(29504K) NonClass: 24223K(24384K)->24223K(24384K) Class: 4889K(5120K)->4889K(5120K)
[6782.174s][info][gc             ] GC(2080) Pause Young (Allocation Failure) 5645M->3311M(6209M) 94.981ms
[6782.174s][info][gc,cpu         ] GC(2080) User=0.57s Sys=0.00s Real=0.10s
..[6783.810s][info][gc,start       ] GC(2081) Pause Young (Allocation Failure)
[6783.906s][info][gc,heap        ] GC(2081) PSYoungGen: 2611316K(2633216K)->145125K(2632704K) Eden: 2471424K(2471424K)->0K(2471936K) From: 139892K(161792K)->145125K(160768K)
[6783.906s][info][gc,heap        ] GC(2081) ParOldGen: 3250841K(3725312K)->3340873K(3725312K)
[6783.906s][info][gc,metaspace   ] GC(2081) Metaspace: 29113K(29504K)->29113K(29504K) NonClass: 24223K(24384K)->24223K(24384K) Class: 4889K(5120K)->4889K(5120K)
[6783.906s][info][gc             ] GC(2081) Pause Young (Allocation Failure) 5724M->3404M(6209M) 95.363ms
[6783.906s][info][gc,cpu         ] GC(2081) User=0.57s Sys=0.00s Real=0.09s
.[6785.585s][info][gc,start       ] GC(2082) Pause Young (Allocation Failure)
[6785.685s][info][gc,heap        ] GC(2082) PSYoungGen: 2617061K(2632704K)->150333K(2633216K) Eden: 2471936K(2471936K)->0K(2471936K) From: 145125K(160768K)->150333K(161280K)
[6785.685s][info][gc,heap        ] GC(2082) ParOldGen: 3340873K(3725312K)->3431641K(3725312K)
[6785.685s][info][gc,metaspace   ] GC(2082) Metaspace: 29113K(29504K)->29113K(29504K) NonClass: 24223K(24384K)->24223K(24384K) Class: 4889K(5120K)->4889K(5120K)
[6785.685s][info][gc             ] GC(2082) Pause Young (Allocation Failure) 5818M->3498M(6209M) 99.931ms
[6785.685s][info][gc,cpu         ] GC(2082) User=0.59s Sys=0.00s Real=0.10s
..[6787.321s][info][gc,start       ] GC(2083) Pause Young (Allocation Failure)
[6787.418s][info][gc,heap        ] GC(2083) PSYoungGen: 2622269K(2633216K)->147227K(2632704K) Eden: 2471936K(2471936K)->0K(2473984K) From: 150333K(161280K)->147227K(158720K)
[6787.418s][info][gc,heap        ] GC(2083) ParOldGen: 3431641K(3725312K)->3522577K(3725312K)
[6787.418s][info][gc,metaspace   ] GC(2083) Metaspace: 29113K(29504K)->29113K(29504K) NonClass: 24223K(24384K)->24223K(24384K) Class: 4889K(5120K)->4889K(5120K)
[6787.418s][info][gc             ] GC(2083) Pause Young (Allocation Failure) 5912M->3583M(6209M) 96.904ms
[6787.418s][info][gc,cpu         ] GC(2083) User=0.57s Sys=0.00s Real=0.09s
..[6789.026s][info][gc,start       ] GC(2084) Pause Young (Allocation Failure)
[6789.123s][info][gc,heap        ] GC(2084) PSYoungGen: 2621211K(2632704K)->147093K(2633728K) Eden: 2473984K(2473984K)->0K(2473984K) From: 147227K(158720K)->147093K(159744K)
[6789.123s][info][gc,heap        ] GC(2084) ParOldGen: 3522577K(3725312K)->3613857K(3725312K)
[6789.123s][info][gc,metaspace   ] GC(2084) Metaspace: 29113K(29504K)->29113K(29504K) NonClass: 24223K(24384K)->24223K(24384K) Class: 4889K(5120K)->4889K(5120K)
[6789.123s][info][gc             ] GC(2084) Pause Young (Allocation Failure) 5999M->3672M(6210M) 96.668ms
[6789.123s][info][gc,cpu         ] GC(2084) User=0.58s Sys=0.00s Real=0.10s
.[6790.773s][info][gc,start       ] GC(2085) Pause Young (Allocation Failure)
[6790.874s][info][gc,heap        ] GC(2085) PSYoungGen: 2621077K(2633728K)->153116K(2635776K) Eden: 2473984K(2473984K)->0K(2476544K) From: 147093K(159744K)->153116K(159232K)
[6790.875s][info][gc,heap        ] GC(2085) ParOldGen: 3613857K(3725312K)->3705473K(3725312K)
[6790.875s][info][gc,metaspace   ] GC(2085) Metaspace: 29113K(29504K)->29113K(29504K) NonClass: 24223K(24384K)->24223K(24384K) Class: 4889K(5120K)->4889K(5120K)
[6790.875s][info][gc             ] GC(2085) Pause Young (Allocation Failure) 6088M->3768M(6212M) 101.948ms
[6790.875s][info][gc,cpu         ] GC(2085) User=0.60s Sys=0.00s Real=0.10s
..[6792.499s][info][gc,start       ] GC(2086) Pause Young (Allocation Failure)
[6792.601s][info][gc,heap        ] GC(2086) PSYoungGen: 2629660K(2635776K)->150096K(2636288K) Eden: 2476544K(2476544K)->0K(2476544K) From: 153116K(159232K)->150096K(159744K)
[6792.601s][info][gc,heap        ] GC(2086) ParOldGen: 3705473K(3725312K)->3797337K(3797504K)
[6792.601s][info][gc,metaspace   ] GC(2086) Metaspace: 29113K(29504K)->29113K(29504K) NonClass: 24223K(24384K)->24223K(24384K) Class: 4889K(5120K)->4889K(5120K)
[6792.601s][info][gc             ] GC(2086) Pause Young (Allocation Failure) 6186M->3854M(6283M) 102.245ms
[6792.601s][info][gc,cpu         ] GC(2086) User=0.59s Sys=0.02s Real=0.11s
..[6794.236s][info][gc,start       ] GC(2087) Pause Young (Allocation Failure)
[6794.345s][info][gc,heap        ] GC(2087) PSYoungGen: 2626640K(2636288K)->159220K(2561024K) Eden: 2476544K(2476544K)->0K(2401792K) From: 150096K(159744K)->159220K(159232K)
[6794.345s][info][gc,heap        ] GC(2087) ParOldGen: 3797337K(3797504K)->3891649K(3891712K)
[6794.345s][info][gc,metaspace   ] GC(2087) Metaspace: 29113K(29504K)->29113K(29504K) NonClass: 24223K(24384K)->24223K(24384K) Class: 4889K(5120K)->4889K(5120K)
[6794.345s][info][gc             ] GC(2087) Pause Young (Allocation Failure) 6273M->3955M(6301M) 108.933ms
[6794.345s][info][gc,cpu         ] GC(2087) User=0.63s Sys=0.02s Real=0.11s
.[6795.989s][info][gc,start       ] GC(2088) Pause Young (Allocation Failure)
[6796.087s][info][gc,heap        ] GC(2088) PSYoungGen: 2561012K(2561024K)->140416K(2598912K) Eden: 2401792K(2401792K)->0K(2401792K) From: 159220K(159232K)->140416K(197120K)
[6796.087s][info][gc,heap        ] GC(2088) ParOldGen: 3891649K(3891712K)->3982985K(3983360K)
[6796.087s][info][gc,metaspace   ] GC(2088) Metaspace: 29113K(29504K)->29113K(29504K) NonClass: 24223K(24384K)->24223K(24384K) Class: 4889K(5120K)->4889K(5120K)
[6796.087s][info][gc             ] GC(2088) Pause Young (Allocation Failure) 6301M->4026M(6428M) 98.052ms
[6796.087s][info][gc,cpu         ] GC(2088) User=0.54s Sys=0.04s Real=0.10s
..[6797.589s][info][gc,start       ] GC(2089) Pause Young (Allocation Failure)
[6797.687s][info][gc,heap        ] GC(2089) PSYoungGen: 2542208K(2598912K)->141136K(2595328K) Eden: 2401792K(2401792K)->0K(2402304K) From: 140416K(197120K)->141136K(193024K)
[6797.687s][info][gc,heap        ] GC(2089) ParOldGen: 3982985K(3983360K)->4072649K(4072960K)
[6797.687s][info][gc,metaspace   ] GC(2089) Metaspace: 29113K(29504K)->29113K(29504K) NonClass: 24223K(24384K)->24223K(24384K) Class: 4889K(5120K)->4889K(5120K)
[6797.687s][info][gc             ] GC(2089) Pause Young (Allocation Failure) 6372M->4115M(6512M) 97.991ms
[6797.687s][info][gc,cpu         ] GC(2089) User=0.56s Sys=0.02s Real=0.10s
..[6799.261s][info][gc,start       ] GC(2090) Pause Young (Allocation Failure)
[6799.372s][info][gc,heap        ] GC(2090) PSYoungGen: 2543440K(2595328K)->159375K(2597376K) Eden: 2402304K(2402304K)->0K(2402304K) From: 141136K(193024K)->159375K(195072K)
[6799.372s][info][gc,heap        ] GC(2090) ParOldGen: 4072649K(4072960K)->4166049K(4166144K)
[6799.372s][info][gc,metaspace   ] GC(2090) Metaspace: 29113K(29504K)->29113K(29504K) NonClass: 24223K(24384K)->24223K(24384K) Class: 4889K(5120K)->4889K(5120K)
[6799.372s][info][gc             ] GC(2090) Pause Young (Allocation Failure) 6461M->4224M(6605M) 110.601ms
[6799.372s][info][gc,cpu         ] GC(2090) User=0.63s Sys=0.04s Real=0.11s
.[6800.858s][info][gc,start       ] GC(2091) Pause Young (Allocation Failure)
[6800.957s][info][gc,heap        ] GC(2091) PSYoungGen: 2561679K(2597376K)->143584K(2598400K) Eden: 2402304K(2402304K)->0K(2408448K) From: 159375K(195072K)->143584K(189952K)
[6800.957s][info][gc,heap        ] GC(2091) ParOldGen: 4166049K(4166144K)->4254321K(4254720K)
[6800.957s][info][gc,metaspace   ] GC(2091) Metaspace: 29113K(29504K)->29113K(29504K) NonClass: 24223K(24384K)->24223K(24384K) Class: 4889K(5120K)->4889K(5120K)
[6800.957s][info][gc             ] GC(2091) Pause Young (Allocation Failure) 6570M->4294M(6692M) 99.185ms
[6800.957s][info][gc,cpu         ] GC(2091) User=0.56s Sys=0.04s Real=0.10s
..[6802.512s][info][gc,start       ] GC(2092) Pause Young (Allocation Failure)
[6802.614s][info][gc,heap        ] GC(2092) PSYoungGen: 2552032K(2598400K)->150208K(2599424K) Eden: 2408448K(2408448K)->0K(2408448K) From: 143584K(189952K)->150208K(190976K)
[6802.614s][info][gc,heap        ] GC(2092) ParOldGen: 4254321K(4254720K)->4344577K(4344832K)
[6802.614s][info][gc,metaspace   ] GC(2092) Metaspace: 29113K(29504K)->29113K(29504K) NonClass: 24223K(24384K)->24223K(24384K) Class: 4889K(5120K)->4889K(5120K)
[6802.614s][info][gc             ] GC(2092) Pause Young (Allocation Failure) 6646M->4389M(6781M) 101.391ms
[6802.614s][info][gc,cpu         ] GC(2092) User=0.56s Sys=0.04s Real=0.10s
.[6804.131s][info][gc,start       ] GC(2093) Pause Young (Allocation Failure)
[6804.235s][info][gc,heap        ] GC(2093) PSYoungGen: 2558656K(2599424K)->150709K(2601472K) Eden: 2408448K(2408448K)->0K(2416640K) From: 150208K(190976K)->150709K(184832K)
[6804.235s][info][gc,heap        ] GC(2093) ParOldGen: 4344577K(4344832K)->4437521K(4438016K)
[6804.235s][info][gc,metaspace   ] GC(2093) Metaspace: 29113K(29504K)->29113K(29504K) NonClass: 24223K(24384K)->24223K(24384K) Class: 4889K(5120K)->4889K(5120K)
[6804.235s][info][gc             ] GC(2093) Pause Young (Allocation Failure) 6741M->4480M(6874M) 104.000ms
[6804.235s][info][gc,cpu         ] GC(2093) User=0.59s Sys=0.03s Real=0.10s
..[6805.833s][info][gc,start       ] GC(2094) Pause Young (Allocation Failure)
[6805.933s][info][gc,heap        ] GC(2094) PSYoungGen: 2567349K(2601472K)->142944K(2602496K) Eden: 2416640K(2416640K)->0K(2416640K) From: 150709K(184832K)->142944K(185856K)
[6805.933s][info][gc,heap        ] GC(2094) ParOldGen: 4437521K(4438016K)->4527209K(4527616K)
[6805.933s][info][gc,metaspace   ] GC(2094) Metaspace: 29113K(29504K)->29113K(29504K) NonClass: 24223K(24384K)->24223K(24384K) Class: 4889K(5120K)->4889K(5120K)
[6805.933s][info][gc             ] GC(2094) Pause Young (Allocation Failure) 6840M->4560M(6963M) 99.250ms
[6805.933s][info][gc,cpu         ] GC(2094) User=0.57s Sys=0.03s Real=0.10s
..[6807.528s][info][gc,start       ] GC(2095) Pause Young (Allocation Failure)
[6807.626s][info][gc,heap        ] GC(2095) PSYoungGen: 2559584K(2602496K)->134816K(2609664K) Eden: 2416640K(2416640K)->0K(2425344K) From: 142944K(185856K)->134816K(184320K)
[6807.626s][info][gc,heap        ] GC(2095) ParOldGen: 4527209K(4527616K)->4618489K(4618752K)
[6807.626s][info][gc,metaspace   ] GC(2095) Metaspace: 29113K(29504K)->29113K(29504K) NonClass: 24223K(24384K)->24223K(24384K) Class: 4889K(5120K)->4889K(5120K)
[6807.626s][info][gc             ] GC(2095) Pause Young (Allocation Failure) 6920M->4641M(7059M) 98.022ms
[6807.626s][info][gc,cpu         ] GC(2095) User=0.56s Sys=0.01s Real=0.10s
.[6809.202s][info][gc,start       ] GC(2096) Pause Young (Allocation Failure)
[6809.301s][info][gc,heap        ] GC(2096) PSYoungGen: 2560160K(2609664K)->141184K(2609664K) Eden: 2425344K(2425344K)->0K(2425344K) From: 134816K(184320K)->141184K(184320K)
[6809.301s][info][gc,heap        ] GC(2096) ParOldGen: 4618489K(4618752K)->4710321K(4710400K)
[6809.301s][info][gc,metaspace   ] GC(2096) Metaspace: 29113K(29504K)->29113K(29504K) NonClass: 24223K(24384K)->24223K(24384K) Class: 4889K(5120K)->4889K(5120K)
[6809.301s][info][gc             ] GC(2096) Pause Young (Allocation Failure) 7010M->4737M(7148M) 98.808ms
[6809.301s][info][gc,cpu         ] GC(2096) User=0.56s Sys=0.02s Real=0.10s
..[6810.994s][info][gc,start       ] GC(2097) Pause Young (Allocation Failure)
[6811.094s][info][gc,heap        ] GC(2097) PSYoungGen: 2566528K(2609664K)->145248K(2608128K) Eden: 2425344K(2425344K)->0K(2428928K) From: 141184K(184320K)->145248K(179200K)
[6811.094s][info][gc,heap        ] GC(2097) ParOldGen: 4710321K(4710400K)->4798793K(4798976K)
[6811.094s][info][gc,metaspace   ] GC(2097) Metaspace: 29113K(29504K)->29113K(29504K) NonClass: 24223K(24384K)->24223K(24384K) Class: 4889K(5120K)->4889K(5120K)
[6811.094s][info][gc             ] GC(2097) Pause Young (Allocation Failure) 7106M->4828M(7233M) 99.474ms
[6811.094s][info][gc,cpu         ] GC(2097) User=0.56s Sys=0.04s Real=0.10s
.. (rIR:aIR:PR = 11623:11663:11664) (tPR = 174078) [OK] 
  6812s: Performance info:
         Transaction,    Success,    Partial,     Failed,   Receipts, AvgBarcode, 
             Overall,     706470,          0,          0,     671397,      59.48, 
         Response times:
             Request,    Success,    Partial,     Failed,   SkipFail,     Probes,    Samples,      min,      p50,      p90,      p95,      p99,      max, 
       TotalPurchase,     671381,          0,          0,          0,     352994,     548299,      300,    16700,   137000,   232000,   564000,  1300000,
     InStorePurchase,     352958,          0,          0,          0,     185599,     288567,      300,    17200,   138000,   242000,   588000,  1300000,
      OnlinePurchase,     248906,          0,          0,          0,     130329,     201986,      300,    16100,   134000,   223000,   563000,  1200000,
        InstPurchase,      69517,          0,          0,          0,      37066,      57746,      300,    16300,   137000,   231000,   578000,  1300000,
          AssocOfCat,        703,          0,          0,          0,        564,        955,    26000,    69000,   193600,   289800,   483520,   650000,
      AssocOfProduct,       7064,          0,          0,          0,       4239,       6861,      800,    18600,   143000,   243900,   453000,   620000,
      BusinessReport,       1762,          0,          0,          0,       1557,       2612,    25000,    76000,   199000,   314350,   529830,   700000,
          CustBuyBeh,       7079,          0,          0,          0,       4264,       6877,      300,    15800,   133000,   217000,   451000,   670000,
       ProductReturn,      18486,          0,          0,          0,       9510,      15136,      200,    16000,   141000,   265000,   487520,   880000,

  6812s: (85%)   IR =  11761 [6812.596s][info][gc,start       ] GC(2098) Pause Young (Allocation Failure)
[6812.698s][info][gc,heap        ] GC(2098) PSYoungGen: 2574176K(2608128K)->139385K(2609152K) Eden: 2428928K(2428928K)->0K(2428928K) From: 145248K(179200K)->139385K(180224K)
[6812.698s][info][gc,heap        ] GC(2098) ParOldGen: 4798793K(4798976K)->4894001K(4894208K)
[6812.698s][info][gc,metaspace   ] GC(2098) Metaspace: 29113K(29504K)->29113K(29504K) NonClass: 24223K(24384K)->24223K(24384K) Class: 4889K(5120K)->4889K(5120K)
[6812.698s][info][gc             ] GC(2098) Pause Young (Allocation Failure) 7200M->4915M(7327M) 101.545ms
[6812.698s][info][gc,cpu         ] GC(2098) User=0.57s Sys=0.03s Real=0.10s
.[6814.284s][info][gc,start       ] GC(2099) Pause Young (Allocation Failure)
[6814.387s][info][gc,heap        ] GC(2099) PSYoungGen: 2568313K(2609152K)->145184K(2610688K) Eden: 2428928K(2428928K)->0K(2436608K) From: 139385K(180224K)->145184K(174080K)
[6814.387s][info][gc,heap        ] GC(2099) ParOldGen: 4894001K(4894208K)->4984793K(4984832K)
[6814.387s][info][gc,metaspace   ] GC(2099) Metaspace: 29113K(29504K)->29113K(29504K) NonClass: 24223K(24384K)->24223K(24384K) Class: 4889K(5120K)->4889K(5120K)
[6814.387s][info][gc             ] GC(2099) Pause Young (Allocation Failure) 7287M->5009M(7417M) 102.099ms
[6814.387s][info][gc,cpu         ] GC(2099) User=0.59s Sys=0.02s Real=0.10s
..[6816.059s][info][gc,start       ] GC(2100) Pause Young (Allocation Failure)
[6816.164s][info][gc,heap        ] GC(2100) PSYoungGen: 2581792K(2610688K)->154853K(2613248K) Eden: 2436608K(2436608K)->0K(2436608K) From: 145184K(174080K)->154853K(176640K)
[6816.164s][info][gc,heap        ] GC(2100) ParOldGen: 4984793K(4984832K)->5074057K(5074432K)
[6816.164s][info][gc,metaspace   ] GC(2100) Metaspace: 29113K(29504K)->29113K(29504K) NonClass: 24223K(24384K)->24223K(24384K) Class: 4889K(5120K)->4889K(5120K)
[6816.164s][info][gc             ] GC(2100) Pause Young (Allocation Failure) 7389M->5106M(7507M) 105.337ms
[6816.164s][info][gc,cpu         ] GC(2100) User=0.61s Sys=0.02s Real=0.11s
.[6817.655s][info][gc,start       ] GC(2101) Pause Young (Allocation Failure)
[6817.757s][info][gc,heap        ] GC(2101) PSYoungGen: 2591461K(2613248K)->146564K(2614784K) Eden: 2436608K(2436608K)->0K(2443264K) From: 154853K(176640K)->146564K(171520K)
[6817.757s][info][gc,heap        ] GC(2101) ParOldGen: 5074057K(5074432K)->5166289K(5166592K)
[6817.757s][info][gc,metaspace   ] GC(2101) Metaspace: 29113K(29504K)->29113K(29504K) NonClass: 24223K(24384K)->24223K(24384K) Class: 4889K(5120K)->4889K(5120K)
[6817.757s][info][gc             ] GC(2101) Pause Young (Allocation Failure) 7485M->5188M(7599M) 102.015ms
[6817.757s][info][gc,cpu         ] GC(2101) User=0.57s Sys=0.02s Real=0.10s
..[6819.366s][info][gc,start       ] GC(2102) Pause Young (Allocation Failure)
[6819.473s][info][gc,heap        ] GC(2102) PSYoungGen: 2589828K(2614784K)->156500K(2617344K) Eden: 2443264K(2443264K)->0K(2443264K) From: 146564K(171520K)->156500K(174080K)
[6819.473s][info][gc,heap        ] GC(2102) ParOldGen: 5166289K(5166592K)->5257873K(5258240K)
[6819.473s][info][gc,metaspace   ] GC(2102) Metaspace: 29113K(29504K)->29113K(29504K) NonClass: 24223K(24384K)->24223K(24384K) Class: 4889K(5120K)->4889K(5120K)
[6819.473s][info][gc             ] GC(2102) Pause Young (Allocation Failure) 7574M->5287M(7691M) 107.181ms
[6819.473s][info][gc,cpu         ] GC(2102) User=0.61s Sys=0.03s Real=0.11s
..[6821.027s][info][gc,start       ] GC(2103) Pause Young (Allocation Failure)
[6821.127s][info][gc,heap        ] GC(2103) PSYoungGen: 2599764K(2617344K)->141152K(2619904K) Eden: 2443264K(2443264K)->0K(2447872K) From: 156500K(174080K)->141152K(172032K)
[6821.127s][info][gc,heap        ] GC(2103) ParOldGen: 5257873K(5258240K)->5350729K(5350912K)
[6821.127s][info][gc,metaspace   ] GC(2103) Metaspace: 29113K(29504K)->29113K(29504K) NonClass: 24223K(24384K)->24223K(24384K) Class: 4889K(5120K)->4889K(5120K)
[6821.127s][info][gc             ] GC(2103) Pause Young (Allocation Failure) 7673M->5363M(7784M) 100.449ms
[6821.127s][info][gc,cpu         ] GC(2103) User=0.57s Sys=0.04s Real=0.10s
.[6822.711s][info][gc,start       ] GC(2104) Pause Young (Allocation Failure)
[6822.810s][info][gc,heap        ] GC(2104) PSYoungGen: 2589024K(2619904K)->139200K(2620928K) Eden: 2447872K(2447872K)->0K(2447872K) From: 141152K(172032K)->139200K(173056K)
[6822.810s][info][gc,heap        ] GC(2104) ParOldGen: 5350729K(5350912K)->5441297K(5441536K)
[6822.810s][info][gc,metaspace   ] GC(2104) Metaspace: 29113K(29504K)->29113K(29504K) NonClass: 24223K(24384K)->24223K(24384K) Class: 4889K(5120K)->4889K(5120K)
[6822.810s][info][gc             ] GC(2104) Pause Young (Allocation Failure) 7753M->5449M(7873M) 98.717ms
[6822.810s][info][gc,cpu         ] GC(2104) User=0.56s Sys=0.02s Real=0.10s
..[6824.408s][info][gc,start       ] GC(2105) Pause Young (Allocation Failure)
[6824.513s][info][gc,heap        ] GC(2105) PSYoungGen: 2587072K(2620928K)->149584K(2618368K) Eden: 2447872K(2447872K)->0K(2450432K) From: 139200K(173056K)->149584K(167936K)
[6824.513s][info][gc,heap        ] GC(2105) ParOldGen: 5441297K(5441536K)->5533945K(5534208K)
[6824.513s][info][gc,metaspace   ] GC(2105) Metaspace: 29113K(29504K)->29113K(29504K) NonClass: 24223K(24384K)->24223K(24384K) Class: 4889K(5120K)->4889K(5120K)
[6824.513s][info][gc             ] GC(2105) Pause Young (Allocation Failure) 7840M->5550M(7961M) 104.135ms
[6824.513s][info][gc,cpu         ] GC(2105) User=0.58s Sys=0.03s Real=0.11s
.|.[6826.076s][info][gc,start       ] GC(2106) Pause Full (Allocation Failure)
[6826.076s][info][gc,phases,start] GC(2106) Marking Phase
[6826.376s][info][gc,phases      ] GC(2106) Marking Phase 300.016ms
[6826.376s][info][gc,phases,start] GC(2106) Summary Phase
[6826.376s][info][gc,phases      ] GC(2106) Summary Phase 0.107ms
[6826.376s][info][gc,phases,start] GC(2106) Forward
[6826.515s][info][gc,phases      ] GC(2106) Forward 138.180ms
[6826.515s][info][gc,phases,start] GC(2106) Adjust Pointers
[6826.716s][info][gc,phases      ] GC(2106) Adjust Pointers 201.057ms
[6826.716s][info][gc,phases,start] GC(2106) Compaction Phase
[6826.844s][info][gc,phases      ] GC(2106) Compaction Phase 128.629ms
[6826.845s][info][gc,phases,start] GC(2106) Post Compact
[6826.852s][info][gc,phases      ] GC(2106) Post Compact 6.840ms
[6826.971s][info][gc,heap        ] GC(2106) PSYoungGen: 2600016K(2618368K)->0K(2620928K) Eden: 2450432K(2450432K)->0K(2450432K) From: 149584K(167936K)->0K(170496K)
[6826.971s][info][gc,heap        ] GC(2106) ParOldGen: 5533945K(5534208K)->1431157K(1767424K)
[6826.971s][info][gc,metaspace   ] GC(2106) Metaspace: 29113K(29504K)->29113K(29504K) NonClass: 24223K(24384K)->24223K(24384K) Class: 4889K(5120K)->4889K(5120K)
[6826.971s][info][gc             ] GC(2106) Pause Full (Allocation Failure) 7943M->1397M(4285M) 894.870ms
[6826.971s][info][gc,cpu         ] GC(2106) User=4.11s Sys=0.12s Real=0.90s
..[6828.447s][info][gc,start       ] GC(2107) Pause Young (Allocation Failure)
[6828.513s][info][gc,heap        ] GC(2107) PSYoungGen: 2450432K(2620928K)->147344K(2621440K) Eden: 2450432K(2450432K)->0K(2455040K) From: 0K(170496K)->147344K(166400K)
[6828.513s][info][gc,heap        ] GC(2107) ParOldGen: 1431157K(1767424K)->1431157K(1767424K)
[6828.513s][info][gc,metaspace   ] GC(2107) Metaspace: 29113K(29504K)->29113K(29504K) NonClass: 24223K(24384K)->24223K(24384K) Class: 4889K(5120K)->4889K(5120K)
[6828.513s][info][gc             ] GC(2107) Pause Young (Allocation Failure) 3790M->1541M(4286M) 65.738ms
[6828.513s][info][gc,cpu         ] GC(2107) User=0.39s Sys=0.00s Real=0.07s
.[6830.045s][info][gc,start       ] GC(2108) Pause Young (Allocation Failure)
[6830.134s][info][gc,heap        ] GC(2108) PSYoungGen: 2602384K(2621440K)->135424K(2623488K) Eden: 2455040K(2455040K)->0K(2455040K) From: 147344K(166400K)->135424K(168448K)
[6830.135s][info][gc,heap        ] GC(2108) ParOldGen: 1431157K(1767424K)->1523309K(1767424K)
[6830.135s][info][gc,metaspace   ] GC(2108) Metaspace: 29113K(29504K)->29113K(29504K) NonClass: 24223K(24384K)->24223K(24384K) Class: 4889K(5120K)->4889K(5120K)
[6830.135s][info][gc             ] GC(2108) Pause Young (Allocation Failure) 3939M->1619M(4288M) 89.661ms
[6830.135s][info][gc,cpu         ] GC(2108) User=0.53s Sys=0.00s Real=0.09s
.[6831.480s][info][gc,start       ] GC(2109) Pause Young (Allocation Failure)
[6831.580s][info][gc,heap        ] GC(2109) PSYoungGen: 2590464K(2623488K)->157792K(2623488K) Eden: 2455040K(2455040K)->0K(2455040K) From: 135424K(168448K)->157792K(168448K)
[6831.580s][info][gc,heap        ] GC(2109) ParOldGen: 1523309K(1767424K)->1612093K(1767424K)
[6831.580s][info][gc,metaspace   ] GC(2109) Metaspace: 29113K(29504K)->29113K(29504K) NonClass: 24223K(24384K)->24223K(24384K) Class: 4889K(5120K)->4889K(5120K)
[6831.580s][info][gc             ] GC(2109) Pause Young (Allocation Failure) 4017M->1728M(4288M) 99.611ms
[6831.580s][info][gc,cpu         ] GC(2109) User=0.59s Sys=0.00s Real=0.10s
..[6833.033s][info][gc,start       ] GC(2110) Pause Young (Allocation Failure)
[6833.129s][info][gc,heap        ] GC(2110) PSYoungGen: 2612832K(2623488K)->147104K(2625536K) Eden: 2455040K(2455040K)->0K(2455040K) From: 157792K(168448K)->147104K(170496K)
[6833.129s][info][gc,heap        ] GC(2110) ParOldGen: 1612093K(1767424K)->1707701K(1767424K)
[6833.129s][info][gc,metaspace   ] GC(2110) Metaspace: 29113K(29504K)->29113K(29504K) NonClass: 24223K(24384K)->24223K(24384K) Class: 4889K(5120K)->4889K(5120K)
[6833.129s][info][gc             ] GC(2110) Pause Young (Allocation Failure) 4125M->1811M(4290M) 95.713ms
[6833.129s][info][gc,cpu         ] GC(2110) User=0.57s Sys=0.00s Real=0.09s
.[6834.591s][info][gc,start       ] GC(2111) Pause Young (Allocation Failure)
[6834.687s][info][gc,heap        ] GC(2111) PSYoungGen: 2602144K(2625536K)->140981K(2623488K) Eden: 2455040K(2455040K)->0K(2457088K) From: 147104K(170496K)->140981K(166400K)
[6834.687s][info][gc,heap        ] GC(2111) ParOldGen: 1707701K(1767424K)->1800765K(1801216K)
[6834.687s][info][gc,metaspace   ] GC(2111) Metaspace: 29113K(29504K)->29113K(29504K) NonClass: 24223K(24384K)->24223K(24384K) Class: 4889K(5120K)->4889K(5120K)
[6834.687s][info][gc             ] GC(2111) Pause Young (Allocation Failure) 4208M->1896M(4321M) 96.026ms
[6834.687s][info][gc,cpu         ] GC(2111) User=0.55s Sys=0.01s Real=0.09s
..[6836.163s][info][gc,start       ] GC(2112) Pause Young (Allocation Failure)
[6836.267s][info][gc,heap        ] GC(2112) PSYoungGen: 2598069K(2623488K)->157088K(2624512K) Eden: 2457088K(2457088K)->0K(2457088K) From: 140981K(166400K)->157088K(167424K)
[6836.267s][info][gc,heap        ] GC(2112) ParOldGen: 1800765K(1801216K)->1891069K(1891328K)
[6836.267s][info][gc,metaspace   ] GC(2112) Metaspace: 29113K(29504K)->29113K(29504K) NonClass: 24223K(24384K)->24223K(24384K) Class: 4889K(5120K)->4889K(5120K)
[6836.267s][info][gc             ] GC(2112) Pause Young (Allocation Failure) 4295M->2000M(4410M) 104.338ms
[6836.267s][info][gc,cpu         ] GC(2112) User=0.59s Sys=0.03s Real=0.10s
.[6837.801s][info][gc,start       ] GC(2113) Pause Young (Allocation Failure)
[6837.897s][info][gc,heap        ] GC(2113) PSYoungGen: 2614176K(2624512K)->138624K(2627584K) Eden: 2457088K(2457088K)->0K(2458624K) From: 157088K(167424K)->138624K(168960K)
[6837.897s][info][gc,heap        ] GC(2113) ParOldGen: 1891069K(1891328K)->1984901K(1985024K)
[6837.897s][info][gc,metaspace   ] GC(2113) Metaspace: 29113K(29504K)->29113K(29504K) NonClass: 24223K(24384K)->24223K(24384K) Class: 4889K(5120K)->4889K(5120K)
[6837.897s][info][gc             ] GC(2113) Pause Young (Allocation Failure) 4399M->2073M(4504M) 96.192ms
[6837.897s][info][gc,cpu         ] GC(2113) User=0.54s Sys=0.03s Real=0.09s
..[6839.491s][info][gc,start       ] GC(2114) Pause Young (Allocation Failure)
[6839.593s][info][gc,heap        ] GC(2114) PSYoungGen: 2597248K(2627584K)->148192K(2607104K) Eden: 2458624K(2458624K)->0K(2458624K) From: 138624K(168960K)->148192K(148480K)
[6839.593s][info][gc,heap        ] GC(2114) ParOldGen: 1984901K(1985024K)->2076229K(2076672K)
[6839.593s][info][gc,metaspace   ] GC(2114) Metaspace: 29113K(29504K)->29113K(29504K) NonClass: 24223K(24384K)->24223K(24384K) Class: 4889K(5120K)->4889K(5120K)
[6839.593s][info][gc             ] GC(2114) Pause Young (Allocation Failure) 4474M->2172M(4574M) 101.927ms
[6839.593s][info][gc,cpu         ] GC(2114) User=0.57s Sys=0.03s Real=0.10s
..[6841.110s][info][gc,start       ] GC(2115) Pause Young (Allocation Failure)
[6841.208s][info][gc,heap        ] GC(2115) PSYoungGen: 2606816K(2607104K)->142880K(2626560K) Eden: 2458624K(2458624K)->0K(2459648K) From: 148192K(148480K)->142880K(166912K)
[6841.208s][info][gc,heap        ] GC(2115) ParOldGen: 2076229K(2076672K)->2166277K(2166784K)
[6841.208s][info][gc,metaspace   ] GC(2115) Metaspace: 29113K(29504K)->29113K(29504K) NonClass: 24223K(24384K)->24223K(24384K) Class: 4889K(5120K)->4889K(5120K)
[6841.208s][info][gc             ] GC(2115) Pause Young (Allocation Failure) 4573M->2255M(4681M) 98.087ms
[6841.208s][info][gc,cpu         ] GC(2115) User=0.56s Sys=0.03s Real=0.09s
.[6842.839s][info][gc,start       ] GC(2116) Pause Young (Allocation Failure)
[6842.941s][info][gc,heap        ] GC(2116) PSYoungGen: 2602528K(2626560K)->152073K(2625536K) Eden: 2459648K(2459648K)->0K(2459648K) From: 142880K(166912K)->152073K(165888K)
[6842.941s][info][gc,heap        ] GC(2116) ParOldGen: 2166277K(2166784K)->2256693K(2256896K)
[6842.941s][info][gc,metaspace   ] GC(2116) Metaspace: 29113K(29504K)->29113K(29504K) NonClass: 24223K(24384K)->24223K(24384K) Class: 4889K(5120K)->4889K(5120K)
[6842.941s][info][gc             ] GC(2116) Pause Young (Allocation Failure) 4657M->2352M(4768M) 101.859ms
[6842.941s][info][gc,cpu         ] GC(2116) User=0.58s Sys=0.02s Real=0.11s
..[6844.527s][info][gc,start       ] GC(2117) Pause Young (Allocation Failure)
[6844.638s][info][gc,heap        ] GC(2117) PSYoungGen: 2611721K(2625536K)->164234K(2620928K) Eden: 2459648K(2459648K)->0K(2455040K) From: 152073K(165888K)->164234K(165888K)
[6844.638s][info][gc,heap        ] GC(2117) ParOldGen: 2256693K(2256896K)->2348437K(2348544K)
[6844.638s][info][gc,metaspace   ] GC(2117) Metaspace: 29113K(29504K)->29113K(29504K) NonClass: 24223K(24384K)->24223K(24384K) Class: 4889K(5120K)->4889K(5120K)
[6844.638s][info][gc             ] GC(2117) Pause Young (Allocation Failure) 4754M->2453M(4853M) 111.052ms
[6844.638s][info][gc,cpu         ] GC(2117) User=0.62s Sys=0.04s Real=0.11s
..[6846.277s][info][gc,start       ] GC(2118) Pause Young (Allocation Failure)
[6846.384s][info][gc,heap        ] GC(2118) PSYoungGen: 2619274K(2620928K)->163257K(2618368K) Eden: 2455040K(2455040K)->0K(2455040K) From: 164234K(165888K)->163257K(163328K)
[6846.384s][info][gc,heap        ] GC(2118) ParOldGen: 2348437K(2348544K)->2440981K(2441216K)
[6846.384s][info][gc,metaspace   ] GC(2118) Metaspace: 29113K(29504K)->29113K(29504K) NonClass: 24223K(24384K)->24223K(24384K) Class: 4889K(5120K)->4889K(5120K)
[6846.384s][info][gc             ] GC(2118) Pause Young (Allocation Failure) 4851M->2543M(4941M) 107.646ms
[6846.384s][info][gc,cpu         ] GC(2118) User=0.62s Sys=0.02s Real=0.11s
.[6847.976s][info][gc,start       ] GC(2119) Pause Young (Allocation Failure)
[6848.077s][info][gc,heap        ] GC(2119) PSYoungGen: 2618297K(2618368K)->148720K(2624512K) Eden: 2455040K(2455040K)->0K(2450944K) From: 163257K(163328K)->148720K(173568K)
[6848.077s][info][gc,heap        ] GC(2119) ParOldGen: 2440981K(2441216K)->2534949K(2535424K)
[6848.077s][info][gc,metaspace   ] GC(2119) Metaspace: 29113K(29504K)->29113K(29504K) NonClass: 24223K(24384K)->24223K(24384K) Class: 4889K(5120K)->4889K(5120K)
[6848.077s][info][gc             ] GC(2119) Pause Young (Allocation Failure) 4940M->2620M(5039M) 101.468ms
[6848.077s][info][gc,cpu         ] GC(2119) User=0.58s Sys=0.02s Real=0.10s
..[6849.705s][info][gc,start       ] GC(2120) Pause Young (Allocation Failure)
[6849.808s][info][gc,heap        ] GC(2120) PSYoungGen: 2599664K(2624512K)->146095K(2597376K) Eden: 2450944K(2450944K)->0K(2450944K) From: 148720K(173568K)->146095K(146432K)
[6849.808s][info][gc,heap        ] GC(2120) ParOldGen: 2534949K(2535424K)->2625933K(2626048K)
[6849.808s][info][gc,metaspace   ] GC(2120) Metaspace: 29113K(29504K)->29113K(29504K) NonClass: 24223K(24384K)->24223K(24384K) Class: 4889K(5120K)->4889K(5120K)
[6849.808s][info][gc             ] GC(2120) Pause Young (Allocation Failure) 5014M->2707M(5101M) 102.526ms
[6849.808s][info][gc,cpu         ] GC(2120) User=0.58s Sys=0.03s Real=0.10s
..[6851.430s][info][gc,start       ] GC(2121) Pause Young (Allocation Failure)
[6851.537s][info][gc,heap        ] GC(2121) PSYoungGen: 2597039K(2597376K)->161397K(2618368K) Eden: 2450944K(2450944K)->0K(2448384K) From: 146095K(146432K)->161397K(169984K)
[6851.537s][info][gc,heap        ] GC(2121) ParOldGen: 2625933K(2626048K)->2717325K(2717696K)
[6851.537s][info][gc,metaspace   ] GC(2121) Metaspace: 29113K(29504K)->29113K(29504K) NonClass: 24223K(24384K)->24223K(24384K) Class: 4889K(5120K)->4889K(5120K)
[6851.537s][info][gc             ] GC(2121) Pause Young (Allocation Failure) 5100M->2811M(5211M) 107.517ms
[6851.537s][info][gc,cpu         ] GC(2121) User=0.62s Sys=0.02s Real=0.10s
.[6853.108s][info][gc,start       ] GC(2122) Pause Young (Allocation Failure)
[6853.207s][info][gc,heap        ] GC(2122) PSYoungGen: 2609781K(2618368K)->144601K(2620928K) Eden: 2448384K(2448384K)->0K(2448384K) From: 161397K(169984K)->144601K(172544K)
[6853.207s][info][gc,heap        ] GC(2122) ParOldGen: 2717325K(2717696K)->2809029K(2809344K)
[6853.207s][info][gc,metaspace   ] GC(2122) Metaspace: 29113K(29504K)->29113K(29504K) NonClass: 24223K(24384K)->24223K(24384K) Class: 4889K(5120K)->4889K(5120K)
[6853.208s][info][gc             ] GC(2122) Pause Young (Allocation Failure) 5202M->2884M(5303M) 99.678ms
[6853.208s][info][gc,cpu         ] GC(2122) User=0.56s Sys=0.02s Real=0.10s
..[6854.850s][info][gc,start       ] GC(2123) Pause Young (Allocation Failure)
[6854.950s][info][gc,heap        ] GC(2123) PSYoungGen: 2592985K(2620928K)->149104K(2618368K) Eden: 2448384K(2448384K)->0K(2451968K) From: 144601K(172544K)->149104K(166400K)
[6854.950s][info][gc,heap        ] GC(2123) ParOldGen: 2809029K(2809344K)->2898733K(2898944K)
[6854.950s][info][gc,metaspace   ] GC(2123) Metaspace: 29113K(29504K)->29113K(29504K) NonClass: 24223K(24384K)->24223K(24384K) Class: 4889K(5120K)->4889K(5120K)
[6854.950s][info][gc             ] GC(2123) Pause Young (Allocation Failure) 5275M->2976M(5388M) 99.694ms
[6854.950s][info][gc,cpu         ] GC(2123) User=0.57s Sys=0.03s Real=0.10s
..[6856.521s][info][gc,start       ] GC(2124) Pause Young (Allocation Failure)
[6856.630s][info][gc,heap        ] GC(2124) PSYoungGen: 2601072K(2618368K)->164736K(2621440K) Eden: 2451968K(2451968K)->0K(2451968K) From: 149104K(166400K)->164736K(169472K)
[6856.630s][info][gc,heap        ] GC(2124) ParOldGen: 2898733K(2898944K)->2990525K(2990592K)
[6856.630s][info][gc,metaspace   ] GC(2124) Metaspace: 29113K(29504K)->29113K(29504K) NonClass: 24223K(24384K)->24223K(24384K) Class: 4889K(5120K)->4889K(5120K)
[6856.630s][info][gc             ] GC(2124) Pause Young (Allocation Failure) 5370M->3081M(5480M) 108.892ms
[6856.630s][info][gc,cpu         ] GC(2124) User=0.62s Sys=0.03s Real=0.11s
.[6858.279s][info][gc,start       ] GC(2125) Pause Young (Allocation Failure)
[6858.380s][info][gc,heap        ] GC(2125) PSYoungGen: 2616704K(2621440K)->145472K(2624000K) Eden: 2451968K(2451968K)->0K(2450944K) From: 164736K(169472K)->145472K(173056K)
[6858.380s][info][gc,heap        ] GC(2125) ParOldGen: 2990525K(2990592K)->3083077K(3083264K)
[6858.380s][info][gc,metaspace   ] GC(2125) Metaspace: 29113K(29504K)->29113K(29504K) NonClass: 24223K(24384K)->24223K(24384K) Class: 4889K(5120K)->4889K(5120K)
[6858.380s][info][gc             ] GC(2125) Pause Young (Allocation Failure) 5475M->3152M(5573M) 101.387ms
[6858.380s][info][gc,cpu         ] GC(2125) User=0.55s Sys=0.04s Real=0.11s
..[6859.910s][info][gc,start       ] GC(2126) Pause Young (Allocation Failure)
[6860.011s][info][gc,heap        ] GC(2126) PSYoungGen: 2596416K(2624000K)->148688K(2599936K) Eden: 2450944K(2450944K)->0K(2450944K) From: 145472K(173056K)->148688K(148992K)
[6860.011s][info][gc,heap        ] GC(2126) ParOldGen: 3083077K(3083264K)->3174053K(3174400K)
[6860.011s][info][gc,metaspace   ] GC(2126) Metaspace: 29113K(29504K)->29113K(29504K) NonClass: 24223K(24384K)->24223K(24384K) Class: 4889K(5120K)->4889K(5120K)
[6860.011s][info][gc             ] GC(2126) Pause Young (Allocation Failure) 5546M->3244M(5639M) 101.017ms
[6860.011s][info][gc,cpu         ] GC(2126) User=0.57s Sys=0.02s Real=0.10s
..[6861.720s][info][gc,start       ] GC(2127) Pause Young (Allocation Failure)
[6861.820s][info][gc,heap        ] GC(2127) PSYoungGen: 2599632K(2599936K)->146032K(2621952K) Eden: 2450944K(2450944K)->0K(2451968K) From: 148688K(148992K)->146032K(169984K)
[6861.820s][info][gc,heap        ] GC(2127) ParOldGen: 3174053K(3174400K)->3265285K(3265536K)
[6861.820s][info][gc,metaspace   ] GC(2127) Metaspace: 29113K(29504K)->29113K(29504K) NonClass: 24223K(24384K)->24223K(24384K) Class: 4889K(5120K)->4889K(5120K)
[6861.820s][info][gc             ] GC(2127) Pause Young (Allocation Failure) 5638M->3331M(5749M) 99.480ms
[6861.820s][info][gc,cpu         ] GC(2127) User=0.56s Sys=0.02s Real=0.10s
.[6863.356s][info][gc,start       ] GC(2128) Pause Young (Allocation Failure)
[6863.460s][info][gc,heap        ] GC(2128) PSYoungGen: 2598000K(2621952K)->154400K(2620928K) Eden: 2451968K(2451968K)->0K(2451968K) From: 146032K(169984K)->154400K(168960K)
[6863.460s][info][gc,heap        ] GC(2128) ParOldGen: 3265285K(3265536K)->3357269K(3357696K)
[6863.460s][info][gc,metaspace   ] GC(2128) Metaspace: 29113K(29504K)->29113K(29504K) NonClass: 24223K(24384K)->24223K(24384K) Class: 4889K(5120K)->4889K(5120K)
[6863.460s][info][gc             ] GC(2128) Pause Young (Allocation Failure) 5725M->3429M(5838M) 103.795ms
[6863.460s][info][gc,cpu         ] GC(2128) User=0.59s Sys=0.02s Real=0.11s
..[6865.057s][info][gc,start       ] GC(2129) Pause Young (Allocation Failure)
[6865.161s][info][gc,heap        ] GC(2129) PSYoungGen: 2606368K(2620928K)->151934K(2625024K) Eden: 2451968K(2451968K)->0K(2458112K) From: 154400K(168960K)->151934K(166912K)
[6865.161s][info][gc,heap        ] GC(2129) ParOldGen: 3357269K(3357696K)->3449573K(3449856K)
[6865.161s][info][gc,metaspace   ] GC(2129) Metaspace: 29113K(29504K)->29113K(29504K) NonClass: 24223K(24384K)->24223K(24384K) Class: 4889K(5120K)->4889K(5120K)
[6865.161s][info][gc             ] GC(2129) Pause Young (Allocation Failure) 5823M->3517M(5932M) 103.848ms
[6865.161s][info][gc,cpu         ] GC(2129) User=0.61s Sys=0.01s Real=0.11s
..[6866.747s][info][gc,start       ] GC(2130) Pause Young (Allocation Failure)
[6866.850s][info][gc,heap        ] GC(2130) PSYoungGen: 2610046K(2625024K)->150069K(2625536K) Eden: 2458112K(2458112K)->0K(2458112K) From: 151934K(166912K)->150069K(167424K)
[6866.850s][info][gc,heap        ] GC(2130) ParOldGen: 3449573K(3449856K)->3539669K(3539968K)
[6866.850s][info][gc,metaspace   ] GC(2130) Metaspace: 29113K(29504K)->29113K(29504K) NonClass: 24223K(24384K)->24223K(24384K) Class: 4889K(5120K)->4889K(5120K)
[6866.850s][info][gc             ] GC(2130) Pause Young (Allocation Failure) 5917M->3603M(6021M) 102.493ms
[6866.850s][info][gc,cpu         ] GC(2130) User=0.57s Sys=0.04s Real=0.11s
.[6868.505s][info][gc,start       ] GC(2131) Pause Young (Allocation Failure)
[6868.609s][info][gc,heap        ] GC(2131) PSYoungGen: 2608181K(2625536K)->151588K(2627584K) Eden: 2458112K(2458112K)->0K(2462720K) From: 150069K(167424K)->151588K(164864K)
[6868.609s][info][gc,heap        ] GC(2131) ParOldGen: 3539669K(3539968K)->3632565K(3632640K)
[6868.609s][info][gc,metaspace   ] GC(2131) Metaspace: 29113K(29504K)->29113K(29504K) NonClass: 24223K(24384K)->24223K(24384K) Class: 4889K(5120K)->4889K(5120K)
[6868.609s][info][gc             ] GC(2131) Pause Young (Allocation Failure) 6003M->3695M(6113M) 104.026ms
[6868.609s][info][gc,cpu         ] GC(2131) User=0.59s Sys=0.02s Real=0.10s
..[6870.246s][info][gc,start       ] GC(2132) Pause Young (Allocation Failure)
[6870.347s][info][gc,heap        ] GC(2132) PSYoungGen: 2614308K(2627584K)->147321K(2627584K) Eden: 2462720K(2462720K)->0K(2462720K) From: 151588K(164864K)->147321K(164864K)
[6870.347s][info][gc,heap        ] GC(2132) ParOldGen: 3632565K(3632640K)->3723197K(3723264K)
[6870.347s][info][gc,metaspace   ] GC(2132) Metaspace: 29113K(29504K)->29113K(29504K) NonClass: 24223K(24384K)->24223K(24384K) Class: 4889K(5120K)->4889K(5120K)
[6870.347s][info][gc             ] GC(2132) Pause Young (Allocation Failure) 6100M->3779M(6202M) 101.072ms
[6870.347s][info][gc,cpu         ] GC(2132) User=0.57s Sys=0.03s Real=0.10s
..[6871.968s][info][gc,start       ] GC(2133) Pause Young (Allocation Failure)
[6872.071s][info][gc,heap        ] GC(2133) PSYoungGen: 2610041K(2627584K)->156400K(2629120K) Eden: 2462720K(2462720K)->0K(2465280K) From: 147321K(164864K)->156400K(163840K)
[6872.071s][info][gc,heap        ] GC(2133) ParOldGen: 3723197K(3723264K)->3811197K(3811328K)
[6872.071s][info][gc,metaspace   ] GC(2133) Metaspace: 29113K(29504K)->29113K(29504K) NonClass: 24223K(24384K)->24223K(24384K) Class: 4889K(5120K)->4889K(5120K)
[6872.071s][info][gc             ] GC(2133) Pause Young (Allocation Failure) 6184M->3874M(6289M) 103.456ms
[6872.071s][info][gc,cpu         ] GC(2133) User=0.59s Sys=0.04s Real=0.11s
..[6873.699s][info][gc,start       ] GC(2134) Pause Young (Allocation Failure)
[6873.797s][info][gc,heap        ] GC(2134) PSYoungGen: 2621680K(2629120K)->137536K(2630144K) Eden: 2465280K(2465280K)->0K(2465280K) From: 156400K(163840K)->137536K(164864K)
[6873.797s][info][gc,heap        ] GC(2134) ParOldGen: 3811197K(3811328K)->3906101K(3906560K)
[6873.797s][info][gc,metaspace   ] GC(2134) Metaspace: 29113K(29504K)->29113K(29504K) NonClass: 24223K(24384K)->24223K(24384K) Class: 4889K(5120K)->4889K(5120K)
[6873.798s][info][gc             ] GC(2134) Pause Young (Allocation Failure) 6282M->3948M(6383M) 99.007ms
[6873.798s][info][gc,cpu         ] GC(2134) User=0.56s Sys=0.03s Real=0.10s
.[6875.514s][info][gc,start       ] GC(2135) Pause Young (Allocation Failure)
[6875.620s][info][gc,heap        ] GC(2135) PSYoungGen: 2602816K(2630144K)->158629K(2627072K) Eden: 2465280K(2465280K)->0K(2461184K) From: 137536K(164864K)->158629K(165888K)
[6875.620s][info][gc,heap        ] GC(2135) ParOldGen: 3906101K(3906560K)->3994837K(3995136K)
[6875.620s][info][gc,metaspace   ] GC(2135) Metaspace: 29113K(29504K)->29113K(29504K) NonClass: 24223K(24384K)->24223K(24384K) Class: 4889K(5120K)->4889K(5120K)
[6875.620s][info][gc             ] GC(2135) Pause Young (Allocation Failure) 6356M->4056M(6467M) 105.851ms
[6875.620s][info][gc,cpu         ] GC(2135) User=0.60s Sys=0.02s Real=0.11s
..[6877.226s][info][gc,start       ] GC(2136) Pause Young (Allocation Failure)
[6877.325s][info][gc,heap        ] GC(2136) PSYoungGen: 2619813K(2627072K)->142528K(2628608K) Eden: 2461184K(2461184K)->0K(2461184K) From: 158629K(165888K)->142528K(167424K)
[6877.325s][info][gc,heap        ] GC(2136) ParOldGen: 3994837K(3995136K)->4086613K(4086784K)
[6877.325s][info][gc,metaspace   ] GC(2136) Metaspace: 29113K(29504K)->29113K(29504K) NonClass: 24223K(24384K)->24223K(24384K) Class: 4889K(5120K)->4889K(5120K)
[6877.325s][info][gc             ] GC(2136) Pause Young (Allocation Failure) 6459M->4130M(6558M) 98.784ms
[6877.325s][info][gc,cpu         ] GC(2136) User=0.57s Sys=0.02s Real=0.10s
..[6878.917s][info][gc,start       ] GC(2137) Pause Young (Allocation Failure)
[6879.017s][info][gc,heap        ] GC(2137) PSYoungGen: 2603712K(2628608K)->147664K(2625536K) Eden: 2461184K(2461184K)->0K(2461184K) From: 142528K(167424K)->147664K(164352K)
[6879.017s][info][gc,heap        ] GC(2137) ParOldGen: 4086613K(4086784K)->4176805K(4176896K)
[6879.017s][info][gc,metaspace   ] GC(2137) Metaspace: 29113K(29504K)->29113K(29504K) NonClass: 24223K(24384K)->24223K(24384K) Class: 4889K(5120K)->4889K(5120K)
[6879.017s][info][gc             ] GC(2137) Pause Young (Allocation Failure) 6533M->4223M(6643M) 100.220ms
[6879.017s][info][gc,cpu         ] GC(2137) User=0.56s Sys=0.04s Real=0.10s
.[6880.612s][info][gc,start       ] GC(2138) Pause Young (Allocation Failure)
[6880.711s][info][gc,heap        ] GC(2138) PSYoungGen: 2608848K(2625536K)->139028K(2627072K) Eden: 2461184K(2461184K)->0K(2461184K) From: 147664K(164352K)->139028K(165888K)
[6880.711s][info][gc,heap        ] GC(2138) ParOldGen: 4176805K(4176896K)->4269973K(4270080K)
[6880.711s][info][gc,metaspace   ] GC(2138) Metaspace: 29113K(29504K)->29113K(29504K) NonClass: 24223K(24384K)->24223K(24384K) Class: 4889K(5120K)->4889K(5120K)
[6880.711s][info][gc             ] GC(2138) Pause Young (Allocation Failure) 6626M->4305M(6735M) 99.586ms
[6880.711s][info][gc,cpu         ] GC(2138) User=0.56s Sys=0.03s Real=0.10s
..[6882.318s][info][gc,start       ] GC(2139) Pause Young (Allocation Failure)
[6882.421s][info][gc,heap        ] GC(2139) PSYoungGen: 2600212K(2627072K)->150816K(2629120K) Eden: 2461184K(2461184K)->0K(2464256K) From: 139028K(165888K)->150816K(164864K)
[6882.421s][info][gc,heap        ] GC(2139) ParOldGen: 4269973K(4270080K)->4359285K(4359680K)
[6882.421s][info][gc,metaspace   ] GC(2139) Metaspace: 29113K(29504K)->29113K(29504K) NonClass: 24223K(24384K)->24223K(24384K) Class: 4889K(5120K)->4889K(5120K)
[6882.421s][info][gc             ] GC(2139) Pause Young (Allocation Failure) 6709M->4404M(6825M) 103.758ms
[6882.421s][info][gc,cpu         ] GC(2139) User=0.60s Sys=0.02s Real=0.11s
..[6883.995s][info][gc,start       ] GC(2140) Pause Young (Allocation Failure)
[6884.097s][info][gc,heap        ] GC(2140) PSYoungGen: 2615072K(2629120K)->145824K(2629632K) Eden: 2464256K(2464256K)->0K(2464256K) From: 150816K(164864K)->145824K(165376K)
[6884.097s][info][gc,heap        ] GC(2140) ParOldGen: 4359285K(4359680K)->4452909K(4453376K)
[6884.097s][info][gc,metaspace   ] GC(2140) Metaspace: 29113K(29504K)->29113K(29504K) NonClass: 24223K(24384K)->24223K(24384K) Class: 4889K(5120K)->4889K(5120K)
[6884.097s][info][gc             ] GC(2140) Pause Young (Allocation Failure) 6810M->4490M(6917M) 101.934ms
[6884.097s][info][gc,cpu         ] GC(2140) User=0.56s Sys=0.04s Real=0.10s
. (rIR:aIR:PR = 11761:11775:11775) (tPR = 175089) [OK] 
  6884s: Performance info:
         Transaction,    Success,    Partial,     Failed,   Receipts, AvgBarcode, 
             Overall,     707092,          0,          0,     671480,      59.48, 
         Response times:
             Request,    Success,    Partial,     Failed,   SkipFail,     Probes,    Samples,      min,      p50,      p90,      p95,      p99,      max, 
       TotalPurchase,     671206,          0,          0,          0,     313229,     435469,      200,    24000,   266000,   465000,   820000,  1400000,
     InStorePurchase,     352900,          0,          0,          0,     163872,     228353,      200,    25000,   265000,   475000,   820000,  1200000,
      OnlinePurchase,     248113,          0,          0,          0,     115445,     160633,      200,    24000,   265000,   444000,   790000,  1400000,
        InstPurchase,      70193,          0,          0,          0,      33912,      46483,      300,    25000,   266000,   485000,   840000,  1200000,
          AssocOfCat,        702,          0,          0,          0,        557,        823,    23000,    74000,   298800,   538000,   732800,  1100000,
      AssocOfProduct,       7056,          0,          0,          0,       4080,       5699,      400,    25000,   315000,   421000,   690000,  1200000,
      BusinessReport,       1772,          0,          0,          0,       1485,       2157,    30000,    95000,   350000,   526000,   770000,  1500000,
          CustBuyBeh,       7165,          0,          0,          0,       3980,       5566,      600,    23000,   303000,   470650,   730000,   950000,
       ProductReturn,      18905,          0,          0,          0,       8775,      12379,      500,    29000,   332000,   469000,   730000,   950000,

  6884s: (86%)   IR =  11900 [6885.797s][info][gc,start       ] GC(2141) Pause Young (Allocation Failure)
[6885.902s][info][gc,heap        ] GC(2141) PSYoungGen: 2610080K(2629632K)->149764K(2629632K) Eden: 2464256K(2464256K)->0K(2466816K) From: 145824K(165376K)->149764K(162816K)
[6885.902s][info][gc,heap        ] GC(2141) ParOldGen: 4452909K(4453376K)->4542893K(4542976K)
[6885.902s][info][gc,metaspace   ] GC(2141) Metaspace: 29113K(29504K)->29113K(29504K) NonClass: 24223K(24384K)->24223K(24384K) Class: 4889K(5120K)->4889K(5120K)
[6885.902s][info][gc             ] GC(2141) Pause Young (Allocation Failure) 6897M->4582M(7004M) 105.438ms
[6885.902s][info][gc,cpu         ] GC(2141) User=0.60s Sys=0.02s Real=0.11s
..[6887.422s][info][gc,start       ] GC(2142) Pause Young (Allocation Failure)
[6887.527s][info][gc,heap        ] GC(2142) PSYoungGen: 2616580K(2629632K)->152864K(2629632K) Eden: 2466816K(2466816K)->0K(2466816K) From: 149764K(162816K)->152864K(162816K)
[6887.527s][info][gc,heap        ] GC(2142) ParOldGen: 4542893K(4542976K)->4637813K(4638208K)
[6887.527s][info][gc,metaspace   ] GC(2142) Metaspace: 29113K(29504K)->29113K(29504K) NonClass: 24223K(24384K)->24223K(24384K) Class: 4889K(5120K)->4889K(5120K)
[6887.527s][info][gc             ] GC(2142) Pause Young (Allocation Failure) 6991M->4678M(7097M) 105.707ms
[6887.527s][info][gc,cpu         ] GC(2142) User=0.59s Sys=0.03s Real=0.10s
.[6889.018s][info][gc,start       ] GC(2143) Pause Young (Allocation Failure)
[6889.123s][info][gc,heap        ] GC(2143) PSYoungGen: 2619680K(2629632K)->157050K(2629632K) Eden: 2466816K(2466816K)->0K(2466304K) From: 152864K(162816K)->157050K(163328K)
[6889.123s][info][gc,heap        ] GC(2143) ParOldGen: 4637813K(4638208K)->4726037K(4726272K)
[6889.123s][info][gc,metaspace   ] GC(2143) Metaspace: 29113K(29504K)->29113K(29504K) NonClass: 24223K(24384K)->24223K(24384K) Class: 4889K(5120K)->4889K(5120K)
[6889.124s][info][gc             ] GC(2143) Pause Young (Allocation Failure) 7087M->4768M(7183M) 105.477ms
[6889.124s][info][gc,cpu         ] GC(2143) User=0.61s Sys=0.02s Real=0.11s
..[6890.607s][info][gc,start       ] GC(2144) Pause Young (Allocation Failure)
[6890.709s][info][gc,heap        ] GC(2144) PSYoungGen: 2623354K(2629632K)->141354K(2631168K) Eden: 2466304K(2466304K)->0K(2466304K) From: 157050K(163328K)->141354K(164864K)
[6890.709s][info][gc,heap        ] GC(2144) ParOldGen: 4726037K(4726272K)->4820093K(4820480K)
[6890.709s][info][gc,metaspace   ] GC(2144) Metaspace: 29113K(29504K)->29113K(29504K) NonClass: 24223K(24384K)->24223K(24384K) Class: 4889K(5120K)->4889K(5120K)
[6890.709s][info][gc             ] GC(2144) Pause Young (Allocation Failure) 7177M->4845M(7277M) 101.760ms
[6890.709s][info][gc,cpu         ] GC(2144) User=0.57s Sys=0.02s Real=0.10s
..[6892.301s][info][gc,start       ] GC(2145) Pause Young (Allocation Failure)
[6892.404s][info][gc,heap        ] GC(2145) PSYoungGen: 2607658K(2631168K)->149744K(2628096K) Eden: 2466304K(2466304K)->0K(2466304K) From: 141354K(164864K)->149744K(161792K)
[6892.404s][info][gc,heap        ] GC(2145) ParOldGen: 4820093K(4820480K)->4912101K(4912128K)
[6892.404s][info][gc,metaspace   ] GC(2145) Metaspace: 29113K(29504K)->29113K(29504K) NonClass: 24223K(24384K)->24223K(24384K) Class: 4889K(5120K)->4889K(5120K)
[6892.404s][info][gc             ] GC(2145) Pause Young (Allocation Failure) 7253M->4943M(7363M) 103.227ms
[6892.404s][info][gc,cpu         ] GC(2145) User=0.59s Sys=0.04s Real=0.10s
.[6894.057s][info][gc,start       ] GC(2146) Pause Young (Allocation Failure)
[6894.160s][info][gc,heap        ] GC(2146) PSYoungGen: 2616048K(2628096K)->149440K(2629632K) Eden: 2466304K(2466304K)->0K(2466304K) From: 149744K(161792K)->149440K(163328K)
[6894.160s][info][gc,heap        ] GC(2146) ParOldGen: 4912101K(4912128K)->5002677K(5002752K)
[6894.160s][info][gc,metaspace   ] GC(2146) Metaspace: 29113K(29504K)->29113K(29504K) NonClass: 24223K(24384K)->24223K(24384K) Class: 4889K(5120K)->4889K(5120K)
[6894.160s][info][gc             ] GC(2146) Pause Young (Allocation Failure) 7351M->5031M(7453M) 103.468ms
[6894.160s][info][gc,cpu         ] GC(2146) User=0.59s Sys=0.02s Real=0.11s
..[6895.720s][info][gc,start       ] GC(2147) Pause Young (Allocation Failure)
[6895.820s][info][gc,heap        ] GC(2147) PSYoungGen: 2615744K(2629632K)->139984K(2632192K) Eden: 2466304K(2466304K)->0K(2470400K) From: 149440K(163328K)->139984K(161792K)
[6895.820s][info][gc,heap        ] GC(2147) ParOldGen: 5002677K(5002752K)->5096597K(5096960K)
[6895.820s][info][gc,metaspace   ] GC(2147) Metaspace: 29113K(29504K)->29113K(29504K) NonClass: 24223K(24384K)->24223K(24384K) Class: 4889K(5120K)->4889K(5120K)
[6895.820s][info][gc             ] GC(2147) Pause Young (Allocation Failure) 7439M->5113M(7548M) 100.147ms
[6895.820s][info][gc,cpu         ] GC(2147) User=0.57s Sys=0.02s Real=0.10s
..[6897.433s][info][gc,start       ] GC(2148) Pause Young (Allocation Failure)
[6897.540s][info][gc,heap        ] GC(2148) PSYoungGen: 2610384K(2632192K)->158712K(2629120K) Eden: 2470400K(2470400K)->0K(2470400K) From: 139984K(161792K)->158712K(158720K)
[6897.540s][info][gc,heap        ] GC(2148) ParOldGen: 5096597K(5096960K)->5185397K(5185536K)
[6897.540s][info][gc,metaspace   ] GC(2148) Metaspace: 29113K(29504K)->29113K(29504K) NonClass: 24223K(24384K)->24223K(24384K) Class: 4889K(5120K)->4889K(5120K)
[6897.540s][info][gc             ] GC(2148) Pause Young (Allocation Failure) 7526M->5218M(7631M) 107.991ms
[6897.541s][info][gc,cpu         ] GC(2148) User=0.61s Sys=0.02s Real=0.11s
.[6899.082s][info][gc,start       ] GC(2149) Pause Young (Allocation Failure)
[6899.190s][info][gc,heap        ] GC(2149) PSYoungGen: 2629112K(2629120K)->155653K(2629120K) Eden: 2470400K(2470400K)->0K(2464256K) From: 158712K(158720K)->155653K(164864K)
[6899.190s][info][gc,heap        ] GC(2149) ParOldGen: 5185397K(5185536K)->5279189K(5279232K)
[6899.190s][info][gc,metaspace   ] GC(2149) Metaspace: 29113K(29504K)->29113K(29504K) NonClass: 24223K(24384K)->24223K(24384K) Class: 4889K(5120K)->4889K(5120K)
[6899.190s][info][gc             ] GC(2149) Pause Young (Allocation Failure) 7631M->5307M(7723M) 108.192ms
[6899.190s][info][gc,cpu         ] GC(2149) User=0.62s Sys=0.03s Real=0.11s
..[6900.813s][info][gc,start       ] GC(2150) Pause Young (Allocation Failure)
[6900.917s][info][gc,heap        ] GC(2150) PSYoungGen: 2619909K(2629120K)->146532K(2630144K) Eden: 2464256K(2464256K)->0K(2464256K) From: 155653K(164864K)->146532K(165888K)
[6900.917s][info][gc,heap        ] GC(2150) ParOldGen: 5279189K(5279232K)->5372077K(5372416K)
[6900.917s][info][gc,metaspace   ] GC(2150) Metaspace: 29113K(29504K)->29113K(29504K) NonClass: 24223K(24384K)->24223K(24384K) Class: 4889K(5120K)->4889K(5120K)
[6900.917s][info][gc             ] GC(2150) Pause Young (Allocation Failure) 7713M->5389M(7815M) 103.435ms
[6900.917s][info][gc,cpu         ] GC(2150) User=0.59s Sys=0.02s Real=0.10s
..[6902.526s][info][gc,start       ] GC(2151) Pause Young (Allocation Failure)
[6902.624s][info][gc,heap        ] GC(2151) PSYoungGen: 2610788K(2630144K)->136864K(2629632K) Eden: 2464256K(2464256K)->0K(2464768K) From: 146532K(165888K)->136864K(164864K)
[6902.624s][info][gc,heap        ] GC(2151) ParOldGen: 5372077K(5372416K)->5463333K(5463552K)
[6902.624s][info][gc,metaspace   ] GC(2151) Metaspace: 29113K(29504K)->29113K(29504K) NonClass: 24223K(24384K)->24223K(24384K) Class: 4889K(5120K)->4889K(5120K)
[6902.624s][info][gc             ] GC(2151) Pause Young (Allocation Failure) 7795M->5468M(7903M) 98.100ms
[6902.624s][info][gc,cpu         ] GC(2151) User=0.55s Sys=0.03s Real=0.10s
.[6904.209s][info][gc,start       ] GC(2152) Pause Young (Allocation Failure)
[6904.314s][info][gc,heap        ] GC(2152) PSYoungGen: 2601632K(2629632K)->150949K(2630144K) Eden: 2464768K(2464768K)->0K(2464768K) From: 136864K(164864K)->150949K(165376K)
[6904.314s][info][gc,heap        ] GC(2152) ParOldGen: 5463333K(5463552K)->5551917K(5552128K)
[6904.314s][info][gc,metaspace   ] GC(2152) Metaspace: 29113K(29504K)->29113K(29504K) NonClass: 24223K(24384K)->24223K(24384K) Class: 4889K(5120K)->4889K(5120K)
[6904.314s][info][gc             ] GC(2152) Pause Young (Allocation Failure) 7875M->5569M(7990M) 104.663ms
[6904.314s][info][gc,cpu         ] GC(2152) User=0.59s Sys=0.02s Real=0.11s
..[6905.917s][info][gc,start       ] GC(2153) Pause Full (Allocation Failure)
[6905.917s][info][gc,phases,start] GC(2153) Marking Phase
[6906.219s][info][gc,phases      ] GC(2153) Marking Phase 302.229ms
[6906.219s][info][gc,phases,start] GC(2153) Summary Phase
[6906.219s][info][gc,phases      ] GC(2153) Summary Phase 0.100ms
[6906.219s][info][gc,phases,start] GC(2153) Forward
[6906.353s][info][gc,phases      ] GC(2153) Forward 133.935ms
[6906.353s][info][gc,phases,start] GC(2153) Adjust Pointers
[6906.552s][info][gc,phases      ] GC(2153) Adjust Pointers 199.415ms
[6906.552s][info][gc,phases,start] GC(2153) Compaction Phase
[6906.679s][info][gc,phases      ] GC(2153) Compaction Phase 126.687ms
[6906.680s][info][gc,phases,start] GC(2153) Post Compact
[6906.687s][info][gc,phases      ] GC(2153) Post Compact 6.934ms
[6906.812s][info][gc,heap        ] GC(2153) PSYoungGen: 2615717K(2630144K)->0K(2630656K) Eden: 2464768K(2464768K)->0K(2465792K) From: 150949K(165376K)->0K(164864K)
[6906.812s][info][gc,heap        ] GC(2153) ParOldGen: 5551917K(5552128K)->1425968K(1770496K)
[6906.812s][info][gc,metaspace   ] GC(2153) Metaspace: 29113K(29504K)->29098K(29504K) NonClass: 24223K(24384K)->24213K(24384K) Class: 4889K(5120K)->4885K(5120K)
[6906.812s][info][gc             ] GC(2153) Pause Full (Allocation Failure) 7976M->1392M(4298M) 895.048ms
[6906.812s][info][gc,cpu         ] GC(2153) User=4.10s Sys=0.12s Real=0.90s
.[6908.239s][info][gc,start       ] GC(2154) Pause Young (Allocation Failure)
[6908.310s][info][gc,heap        ] GC(2154) PSYoungGen: 2465792K(2630656K)->159093K(2625024K) Eden: 2465792K(2465792K)->0K(2465792K) From: 0K(164864K)->159093K(159232K)
[6908.310s][info][gc,heap        ] GC(2154) ParOldGen: 1425968K(1770496K)->1425968K(1770496K)
[6908.310s][info][gc,metaspace   ] GC(2154) Metaspace: 29098K(29504K)->29098K(29504K) NonClass: 24213K(24384K)->24213K(24384K) Class: 4885K(5120K)->4885K(5120K)
[6908.310s][info][gc             ] GC(2154) Pause Young (Allocation Failure) 3800M->1547M(4292M) 70.931ms
[6908.310s][info][gc,cpu         ] GC(2154) User=0.42s Sys=0.00s Real=0.07s
..[6909.764s][info][gc,start       ] GC(2155) Pause Young (Allocation Failure)
[6909.855s][info][gc,heap        ] GC(2155) PSYoungGen: 2624885K(2625024K)->136896K(2628096K) Eden: 2465792K(2465792K)->0K(2461184K) From: 159093K(159232K)->136896K(166912K)
[6909.855s][info][gc,heap        ] GC(2155) ParOldGen: 1425968K(1770496K)->1521304K(1770496K)
[6909.855s][info][gc,metaspace   ] GC(2155) Metaspace: 29098K(29504K)->29098K(29504K) NonClass: 24213K(24384K)->24213K(24384K) Class: 4885K(5120K)->4885K(5120K)
[6909.855s][info][gc             ] GC(2155) Pause Young (Allocation Failure) 3955M->1619M(4295M) 90.962ms
[6909.855s][info][gc,cpu         ] GC(2155) User=0.54s Sys=0.00s Real=0.09s
.[6911.353s][info][gc,start       ] GC(2156) Pause Young (Allocation Failure)
[6911.447s][info][gc,heap        ] GC(2156) PSYoungGen: 2598080K(2628096K)->146752K(2608128K) Eden: 2461184K(2461184K)->0K(2461184K) From: 136896K(166912K)->146752K(146944K)
[6911.447s][info][gc,heap        ] GC(2156) ParOldGen: 1521304K(1770496K)->1612984K(1770496K)
[6911.447s][info][gc,metaspace   ] GC(2156) Metaspace: 29098K(29504K)->29098K(29504K) NonClass: 24213K(24384K)->24213K(24384K) Class: 4885K(5120K)->4885K(5120K)
[6911.447s][info][gc             ] GC(2156) Pause Young (Allocation Failure) 4022M->1718M(4276M) 94.050ms
[6911.447s][info][gc,cpu         ] GC(2156) User=0.56s Sys=0.00s Real=0.09s
..[6912.857s][info][gc,start       ] GC(2157) Pause Young (Allocation Failure)
[6912.997s][info][gc,heap        ] GC(2157) PSYoungGen: 2607936K(2608128K)->144320K(2628608K) Eden: 2461184K(2461184K)->0K(2462720K) From: 146752K(146944K)->144320K(165888K)
[6912.997s][info][gc,heap        ] GC(2157) ParOldGen: 1612984K(1770496K)->1703328K(1770496K)
[6912.997s][info][gc,metaspace   ] GC(2157) Metaspace: 29098K(29504K)->29098K(29504K) NonClass: 24213K(24384K)->24213K(24384K) Class: 4885K(5120K)->4885K(5120K)
[6912.997s][info][gc             ] GC(2157) Pause Young (Allocation Failure) 4121M->1804M(4296M) 140.461ms
[6912.997s][info][gc,cpu         ] GC(2157) User=0.56s Sys=0.00s Real=0.14s
.[6914.446s][info][gc,start       ] GC(2158) Pause Young (Allocation Failure)
[6914.546s][info][gc,heap        ] GC(2158) PSYoungGen: 2607040K(2628608K)->155872K(2627584K) Eden: 2462720K(2462720K)->0K(2462720K) From: 144320K(165888K)->155872K(164864K)
[6914.546s][info][gc,heap        ] GC(2158) ParOldGen: 1703328K(1770496K)->1795112K(1795584K)
[6914.546s][info][gc,metaspace   ] GC(2158) Metaspace: 29098K(29504K)->29098K(29504K) NonClass: 24213K(24384K)->24213K(24384K) Class: 4885K(5120K)->4885K(5120K)
[6914.546s][info][gc             ] GC(2158) Pause Young (Allocation Failure) 4209M->1905M(4319M) 100.318ms
[6914.546s][info][gc,cpu         ] GC(2158) User=0.59s Sys=0.01s Real=0.10s
..|[6916.093s][info][gc,start       ] GC(2159) Pause Young (Allocation Failure)
[6916.195s][info][gc,heap        ] GC(2159) PSYoungGen: 2618592K(2627584K)->146937K(2630144K) Eden: 2462720K(2462720K)->0K(2465280K) From: 155872K(164864K)->146937K(164864K)
[6916.195s][info][gc,heap        ] GC(2159) ParOldGen: 1795112K(1795584K)->1889408K(1889792K)
[6916.195s][info][gc,metaspace   ] GC(2159) Metaspace: 29098K(29504K)->29098K(29504K) NonClass: 24213K(24384K)->24213K(24384K) Class: 4885K(5120K)->4885K(5120K)
[6916.195s][info][gc             ] GC(2159) Pause Young (Allocation Failure) 4310M->1988M(4414M) 102.983ms
[6916.196s][info][gc,cpu         ] GC(2159) User=0.60s Sys=0.03s Real=0.10s
.[6917.699s][info][gc,start       ] GC(2160) Pause Young (Allocation Failure)
[6917.797s][info][gc,heap        ] GC(2160) PSYoungGen: 2612217K(2630144K)->145957K(2611712K) Eden: 2465280K(2465280K)->0K(2465280K) From: 146937K(164864K)->145957K(146432K)
[6917.797s][info][gc,heap        ] GC(2160) ParOldGen: 1889408K(1889792K)->1979520K(1979904K)
[6917.797s][info][gc,metaspace   ] GC(2160) Metaspace: 29098K(29504K)->29098K(29504K) NonClass: 24213K(24384K)->24213K(24384K) Class: 4885K(5120K)->4885K(5120K)
[6917.797s][info][gc             ] GC(2160) Pause Young (Allocation Failure) 4396M->2075M(4484M) 98.437ms
[6917.797s][info][gc,cpu         ] GC(2160) User=0.55s Sys=0.03s Real=0.10s
..[6919.392s][info][gc,start       ] GC(2161) Pause Young (Allocation Failure)
[6919.501s][info][gc,heap        ] GC(2161) PSYoungGen: 2611237K(2611712K)->163312K(2555904K) Eden: 2465280K(2465280K)->0K(2392576K) From: 145957K(146432K)->163312K(163328K)
[6919.501s][info][gc,heap        ] GC(2161) ParOldGen: 1979520K(1979904K)->2071472K(2071552K)
[6919.501s][info][gc,metaspace   ] GC(2161) Metaspace: 29098K(29504K)->29098K(29504K) NonClass: 24213K(24384K)->24213K(24384K) Class: 4885K(5120K)->4885K(5120K)
[6919.501s][info][gc             ] GC(2161) Pause Young (Allocation Failure) 4483M->2182M(4519M) 109.822ms
[6919.501s][info][gc,cpu         ] GC(2161) User=0.62s Sys=0.03s Real=0.11s
.[6921.016s][info][gc,start       ] GC(2162) Pause Young (Allocation Failure)
[6921.115s][info][gc,heap        ] GC(2162) PSYoungGen: 2555888K(2555904K)->140256K(2594304K) Eden: 2392576K(2392576K)->0K(2392576K) From: 163312K(163328K)->140256K(201728K)
[6921.115s][info][gc,heap        ] GC(2162) ParOldGen: 2071472K(2071552K)->2166376K(2166784K)
[6921.115s][info][gc,metaspace   ] GC(2162) Metaspace: 29098K(29504K)->29098K(29504K) NonClass: 24213K(24384K)->24213K(24384K) Class: 4885K(5120K)->4885K(5120K)
[6921.115s][info][gc             ] GC(2162) Pause Young (Allocation Failure) 4518M->2252M(4649M) 98.323ms
[6921.115s][info][gc,cpu         ] GC(2162) User=0.55s Sys=0.03s Real=0.10s
..[6922.593s][info][gc,start       ] GC(2163) Pause Young (Allocation Failure)
[6922.685s][info][gc,heap        ] GC(2163) PSYoungGen: 2532832K(2594304K)->133440K(2592256K) Eden: 2392576K(2392576K)->0K(2393600K) From: 140256K(201728K)->133440K(198656K)
[6922.685s][info][gc,heap        ] GC(2163) ParOldGen: 2166376K(2166784K)->2255472K(2255872K)
[6922.685s][info][gc,metaspace   ] GC(2163) Metaspace: 29098K(29504K)->29098K(29504K) NonClass: 24213K(24384K)->24213K(24384K) Class: 4885K(5120K)->4885K(5120K)
[6922.685s][info][gc             ] GC(2163) Pause Young (Allocation Failure) 4589M->2332M(4734M) 92.887ms
[6922.686s][info][gc,cpu         ] GC(2163) User=0.52s Sys=0.03s Real=0.09s
..[6924.236s][info][gc,start       ] GC(2164) Pause Young (Allocation Failure)
[6924.336s][info][gc,heap        ] GC(2164) PSYoungGen: 2527040K(2592256K)->151588K(2545664K) Eden: 2393600K(2393600K)->0K(2393600K) From: 133440K(198656K)->151588K(152064K)
[6924.336s][info][gc,heap        ] GC(2164) ParOldGen: 2255472K(2255872K)->2344248K(2344448K)
[6924.336s][info][gc,metaspace   ] GC(2164) Metaspace: 29098K(29504K)->29098K(29504K) NonClass: 24213K(24384K)->24213K(24384K) Class: 4885K(5120K)->4885K(5120K)
[6924.336s][info][gc             ] GC(2164) Pause Young (Allocation Failure) 4670M->2437M(4775M) 100.572ms
[6924.336s][info][gc,cpu         ] GC(2164) User=0.56s Sys=0.04s Real=0.10s
.[6925.889s][info][gc,start       ] GC(2165) Pause Young (Allocation Failure)
[6925.988s][info][gc,heap        ] GC(2165) PSYoungGen: 2545188K(2545664K)->143161K(2595328K) Eden: 2393600K(2393600K)->0K(2399232K) From: 151588K(152064K)->143161K(196096K)
[6925.988s][info][gc,heap        ] GC(2165) ParOldGen: 2344248K(2344448K)->2437104K(2437120K)
[6925.988s][info][gc,metaspace   ] GC(2165) Metaspace: 29098K(29504K)->29098K(29504K) NonClass: 24213K(24384K)->24213K(24384K) Class: 4885K(5120K)->4885K(5120K)
[6925.988s][info][gc             ] GC(2165) Pause Young (Allocation Failure) 4774M->2519M(4914M) 98.774ms
[6925.988s][info][gc,cpu         ] GC(2165) User=0.55s Sys=0.04s Real=0.10s
..[6927.576s][info][gc,start       ] GC(2166) Pause Young (Allocation Failure)
[6927.671s][info][gc,heap        ] GC(2166) PSYoungGen: 2542393K(2595328K)->134160K(2593280K) Eden: 2399232K(2399232K)->0K(2399232K) From: 143161K(196096K)->134160K(194048K)
[6927.671s][info][gc,heap        ] GC(2166) ParOldGen: 2437104K(2437120K)->2529208K(2529280K)
[6927.671s][info][gc,metaspace   ] GC(2166) Metaspace: 29098K(29504K)->29098K(29504K) NonClass: 24213K(24384K)->24213K(24384K) Class: 4885K(5120K)->4885K(5120K)
[6927.671s][info][gc             ] GC(2166) Pause Young (Allocation Failure) 4862M->2600M(5002M) 95.337ms
[6927.671s][info][gc,cpu         ] GC(2166) User=0.53s Sys=0.03s Real=0.10s
..[6929.235s][info][gc,start       ] GC(2167) Pause Young (Allocation Failure)
[6929.334s][info][gc,heap        ] GC(2167) PSYoungGen: 2533392K(2593280K)->148149K(2597888K) Eden: 2399232K(2399232K)->0K(2408960K) From: 134160K(194048K)->148149K(188928K)
[6929.334s][info][gc,heap        ] GC(2167) ParOldGen: 2529208K(2529280K)->2617272K(2617344K)
[6929.334s][info][gc,metaspace   ] GC(2167) Metaspace: 29098K(29504K)->29098K(29504K) NonClass: 24213K(24384K)->24213K(24384K) Class: 4885K(5120K)->4885K(5120K)
[6929.334s][info][gc             ] GC(2167) Pause Young (Allocation Failure) 4943M->2700M(5093M) 98.871ms
[6929.334s][info][gc,cpu         ] GC(2167) User=0.57s Sys=0.01s Real=0.10s
.[6930.864s][info][gc,start       ] GC(2168) Pause Young (Allocation Failure)
[6930.962s][info][gc,heap        ] GC(2168) PSYoungGen: 2557109K(2597888K)->145604K(2598400K) Eden: 2408960K(2408960K)->0K(2408960K) From: 148149K(188928K)->145604K(189440K)
[6930.962s][info][gc,heap        ] GC(2168) ParOldGen: 2617272K(2617344K)->2705680K(2705920K)
[6930.962s][info][gc,metaspace   ] GC(2168) Metaspace: 29098K(29504K)->29098K(29504K) NonClass: 24213K(24384K)->24213K(24384K) Class: 4885K(5120K)->4885K(5120K)
[6930.962s][info][gc             ] GC(2168) Pause Young (Allocation Failure) 5053M->2784M(5180M) 98.503ms
[6930.962s][info][gc,cpu         ] GC(2168) User=0.56s Sys=0.02s Real=0.10s
..[6932.531s][info][gc,start       ] GC(2169) Pause Young (Allocation Failure)
[6932.635s][info][gc,heap        ] GC(2169) PSYoungGen: 2554564K(2598400K)->155104K(2605056K) Eden: 2408960K(2408960K)->0K(2419200K) From: 145604K(189440K)->155104K(185856K)
[6932.635s][info][gc,heap        ] GC(2169) ParOldGen: 2705680K(2705920K)->2798344K(2798592K)
[6932.635s][info][gc,metaspace   ] GC(2169) Metaspace: 29098K(29504K)->29098K(29504K) NonClass: 24213K(24384K)->24213K(24384K) Class: 4885K(5120K)->4885K(5120K)
[6932.635s][info][gc             ] GC(2169) Pause Young (Allocation Failure) 5136M->2884M(5277M) 104.302ms
[6932.635s][info][gc,cpu         ] GC(2169) User=0.60s Sys=0.03s Real=0.10s
.[6934.131s][info][gc,start       ] GC(2170) Pause Young (Allocation Failure)
[6934.234s][info][gc,heap        ] GC(2170) PSYoungGen: 2574304K(2605056K)->151242K(2604032K) Eden: 2419200K(2419200K)->0K(2419200K) From: 155104K(185856K)->151242K(184832K)
[6934.234s][info][gc,heap        ] GC(2170) ParOldGen: 2798344K(2798592K)->2888616K(2888704K)
[6934.234s][info][gc,metaspace   ] GC(2170) Metaspace: 29098K(29504K)->29098K(29504K) NonClass: 24213K(24384K)->24213K(24384K) Class: 4885K(5120K)->4885K(5120K)
[6934.234s][info][gc             ] GC(2170) Pause Young (Allocation Failure) 5246M->2968M(5364M) 102.205ms
[6934.234s][info][gc,cpu         ] GC(2170) User=0.58s Sys=0.02s Real=0.10s
..[6935.794s][info][gc,start       ] GC(2171) Pause Young (Allocation Failure)
[6935.896s][info][gc,heap        ] GC(2171) PSYoungGen: 2570442K(2604032K)->147253K(2608640K) Eden: 2419200K(2419200K)->0K(2427392K) From: 151242K(184832K)->147253K(181248K)
[6935.896s][info][gc,heap        ] GC(2171) ParOldGen: 2888616K(2888704K)->2979272K(2979328K)
[6935.896s][info][gc,metaspace   ] GC(2171) Metaspace: 29098K(29504K)->29098K(29504K) NonClass: 24213K(24384K)->24213K(24384K) Class: 4885K(5120K)->4885K(5120K)
[6935.896s][info][gc             ] GC(2171) Pause Young (Allocation Failure) 5331M->3053M(5457M) 101.096ms
[6935.896s][info][gc,cpu         ] GC(2171) User=0.57s Sys=0.03s Real=0.10s
..[6937.539s][info][gc,start       ] GC(2172) Pause Young (Allocation Failure)
[6937.635s][info][gc,heap        ] GC(2172) PSYoungGen: 2574645K(2608640K)->139748K(2606592K) Eden: 2427392K(2427392K)->0K(2427392K) From: 147253K(181248K)->139748K(179200K)
[6937.635s][info][gc,heap        ] GC(2172) ParOldGen: 2979272K(2979328K)->3069336K(3069440K)
[6937.635s][info][gc,metaspace   ] GC(2172) Metaspace: 29098K(29504K)->29098K(29504K) NonClass: 24213K(24384K)->24213K(24384K) Class: 4885K(5120K)->4885K(5120K)
[6937.635s][info][gc             ] GC(2172) Pause Young (Allocation Failure) 5423M->3133M(5543M) 96.423ms
[6937.635s][info][gc,cpu         ] GC(2172) User=0.54s Sys=0.02s Real=0.10s
.[6939.143s][info][gc,start       ] GC(2173) Pause Young (Allocation Failure)
[6939.246s][info][gc,heap        ] GC(2173) PSYoungGen: 2567140K(2606592K)->150228K(2614272K) Eden: 2427392K(2427392K)->0K(2438144K) From: 139748K(179200K)->150228K(176128K)
[6939.246s][info][gc,heap        ] GC(2173) ParOldGen: 3069336K(3069440K)->3161320K(3161600K)
[6939.246s][info][gc,metaspace   ] GC(2173) Metaspace: 29098K(29504K)->29098K(29504K) NonClass: 24213K(24384K)->24213K(24384K) Class: 4885K(5120K)->4885K(5120K)
[6939.246s][info][gc             ] GC(2173) Pause Young (Allocation Failure) 5504M->3233M(5640M) 102.981ms
[6939.246s][info][gc,cpu         ] GC(2173) User=0.59s Sys=0.03s Real=0.10s
..[6940.853s][info][gc,start       ] GC(2174) Pause Young (Allocation Failure)
[6940.949s][info][gc,heap        ] GC(2174) PSYoungGen: 2588372K(2614272K)->138592K(2613760K) Eden: 2438144K(2438144K)->0K(2438144K) From: 150228K(176128K)->138592K(175616K)
[6940.949s][info][gc,heap        ] GC(2174) ParOldGen: 3161320K(3161600K)->3250848K(3251200K)
[6940.949s][info][gc,metaspace   ] GC(2174) Metaspace: 29098K(29504K)->29098K(29504K) NonClass: 24213K(24384K)->24213K(24384K) Class: 4885K(5120K)->4885K(5120K)
[6940.949s][info][gc             ] GC(2174) Pause Young (Allocation Failure) 5614M->3310M(5727M) 95.533ms
[6940.949s][info][gc,cpu         ] GC(2174) User=0.54s Sys=0.03s Real=0.09s
..[6942.568s][info][gc,start       ] GC(2175) Pause Young (Allocation Failure)
[6942.665s][info][gc,heap        ] GC(2175) PSYoungGen: 2576736K(2613760K)->137397K(2619392K) Eden: 2438144K(2438144K)->0K(2445312K) From: 138592K(175616K)->137397K(174080K)
[6942.665s][info][gc,heap        ] GC(2175) ParOldGen: 3250848K(3251200K)->3342064K(3342336K)
[6942.665s][info][gc,metaspace   ] GC(2175) Metaspace: 29098K(29504K)->29098K(29504K) NonClass: 24213K(24384K)->24213K(24384K) Class: 4885K(5120K)->4885K(5120K)
[6942.665s][info][gc             ] GC(2175) Pause Young (Allocation Failure) 5691M->3397M(5822M) 96.835ms
[6942.665s][info][gc,cpu         ] GC(2175) User=0.54s Sys=0.03s Real=0.10s
.[6944.190s][info][gc,start       ] GC(2176) Pause Young (Allocation Failure)
[6944.291s][info][gc,heap        ] GC(2176) PSYoungGen: 2582709K(2619392K)->152000K(2619392K) Eden: 2445312K(2445312K)->0K(2445312K) From: 137397K(174080K)->152000K(174080K)
[6944.291s][info][gc,heap        ] GC(2176) ParOldGen: 3342064K(3342336K)->3431456K(3431936K)
[6944.291s][info][gc,metaspace   ] GC(2176) Metaspace: 29098K(29504K)->29098K(29504K) NonClass: 24213K(24384K)->24213K(24384K) Class: 4885K(5120K)->4885K(5120K)
[6944.291s][info][gc             ] GC(2176) Pause Young (Allocation Failure) 5785M->3499M(5909M) 101.065ms
[6944.291s][info][gc,cpu         ] GC(2176) User=0.57s Sys=0.04s Real=0.10s
..[6945.856s][info][gc,start       ] GC(2177) Pause Young (Allocation Failure)
[6945.961s][info][gc,heap        ] GC(2177) PSYoungGen: 2597312K(2619392K)->151208K(2620928K) Eden: 2445312K(2445312K)->0K(2448896K) From: 152000K(174080K)->151208K(172032K)
[6945.961s][info][gc,heap        ] GC(2177) ParOldGen: 3431456K(3431936K)->3523560K(3523584K)
[6945.961s][info][gc,metaspace   ] GC(2177) Metaspace: 29098K(29504K)->29098K(29504K) NonClass: 24213K(24384K)->24213K(24384K) Class: 4885K(5120K)->4885K(5120K)
[6945.961s][info][gc             ] GC(2177) Pause Young (Allocation Failure) 5887M->3588M(6000M) 104.438ms
[6945.961s][info][gc,cpu         ] GC(2177) User=0.60s Sys=0.02s Real=0.11s
..[6947.515s][info][gc,start       ] GC(2178) Pause Young (Allocation Failure)
[6947.612s][info][gc,heap        ] GC(2178) PSYoungGen: 2600104K(2620928K)->135040K(2620928K) Eden: 2448896K(2448896K)->0K(2448896K) From: 151208K(172032K)->135040K(172032K)
[6947.612s][info][gc,heap        ] GC(2178) ParOldGen: 3523560K(3523584K)->3616480K(3616768K)
[6947.612s][info][gc,metaspace   ] GC(2178) Metaspace: 29098K(29504K)->29098K(29504K) NonClass: 24213K(24384K)->24213K(24384K) Class: 4885K(5120K)->4885K(5120K)
[6947.612s][info][gc             ] GC(2178) Pause Young (Allocation Failure) 5980M->3663M(6091M) 96.587ms
[6947.612s][info][gc,cpu         ] GC(2178) User=0.55s Sys=0.02s Real=0.10s
.[6949.173s][info][gc,start       ] GC(2179) Pause Young (Allocation Failure)
[6949.273s][info][gc,heap        ] GC(2179) PSYoungGen: 2583936K(2620928K)->149094K(2619904K) Eden: 2448896K(2448896K)->0K(2451968K) From: 135040K(172032K)->149094K(167936K)
[6949.274s][info][gc,heap        ] GC(2179) ParOldGen: 3616480K(3616768K)->3705760K(3705856K)
[6949.274s][info][gc,metaspace   ] GC(2179) Metaspace: 29098K(29504K)->29098K(29504K) NonClass: 24213K(24384K)->24213K(24384K) Class: 4885K(5120K)->4885K(5120K)
[6949.274s][info][gc             ] GC(2179) Pause Young (Allocation Failure) 6055M->3764M(6177M) 100.620ms
[6949.274s][info][gc,cpu         ] GC(2179) User=0.57s Sys=0.02s Real=0.10s
..[6950.843s][info][gc,start       ] GC(2180) Pause Young (Allocation Failure)
[6950.942s][info][gc,heap        ] GC(2180) PSYoungGen: 2601062K(2619904K)->143552K(2621952K) Eden: 2451968K(2451968K)->0K(2451968K) From: 149094K(167936K)->143552K(169984K)
[6950.942s][info][gc,heap        ] GC(2180) ParOldGen: 3705760K(3705856K)->3798664K(3799040K)
[6950.942s][info][gc,metaspace   ] GC(2180) Metaspace: 29098K(29504K)->29098K(29504K) NonClass: 24213K(24384K)->24213K(24384K) Class: 4885K(5120K)->4885K(5120K)
[6950.942s][info][gc             ] GC(2180) Pause Young (Allocation Failure) 6159M->3849M(6270M) 99.175ms
[6950.942s][info][gc,cpu         ] GC(2180) User=0.57s Sys=0.02s Real=0.10s
..[6952.560s][info][gc,start       ] GC(2181) Pause Young (Allocation Failure)
[6952.660s][info][gc,heap        ] GC(2181) PSYoungGen: 2595520K(2621952K)->143168K(2622464K) Eden: 2451968K(2451968K)->0K(2457600K) From: 143552K(169984K)->143168K(164864K)
[6952.660s][info][gc,heap        ] GC(2181) ParOldGen: 3798664K(3799040K)->3889640K(3889664K)
[6952.660s][info][gc,metaspace   ] GC(2181) Metaspace: 29098K(29504K)->29098K(29504K) NonClass: 24213K(24384K)->24213K(24384K) Class: 4885K(5120K)->4885K(5120K)
[6952.660s][info][gc             ] GC(2181) Pause Young (Allocation Failure) 6244M->3938M(6359M) 100.425ms
[6952.660s][info][gc,cpu         ] GC(2181) User=0.56s Sys=0.03s Real=0.10s
.[6954.296s][info][gc,start       ] GC(2182) Pause Young (Allocation Failure)
[6954.398s][info][gc,heap        ] GC(2182) PSYoungGen: 2600768K(2622464K)->150784K(2624512K) Eden: 2457600K(2457600K)->0K(2457600K) From: 143168K(164864K)->150784K(166912K)
[6954.398s][info][gc,heap        ] GC(2182) ParOldGen: 3889640K(3889664K)->3979800K(3980288K)
[6954.398s][info][gc,metaspace   ] GC(2182) Metaspace: 29098K(29504K)->29098K(29504K) NonClass: 24213K(24384K)->24213K(24384K) Class: 4885K(5120K)->4885K(5120K)
[6954.398s][info][gc             ] GC(2182) Pause Young (Allocation Failure) 6338M->4033M(6450M) 102.424ms
[6954.399s][info][gc,cpu         ] GC(2182) User=0.58s Sys=0.02s Real=0.10s
..[6955.955s][info][gc,start       ] GC(2183) Pause Young (Allocation Failure)
[6956.056s][info][gc,heap        ] GC(2183) PSYoungGen: 2608384K(2624512K)->140707K(2627584K) Eden: 2457600K(2457600K)->0K(2462720K) From: 150784K(166912K)->140707K(164864K)
[6956.056s][info][gc,heap        ] GC(2183) ParOldGen: 3979800K(3980288K)->4073000K(4073472K)
[6956.056s][info][gc,metaspace   ] GC(2183) Metaspace: 29098K(29504K)->29098K(29504K) NonClass: 24213K(24384K)->24213K(24384K) Class: 4885K(5120K)->4885K(5120K)
[6956.056s][info][gc             ] GC(2183) Pause Young (Allocation Failure) 6433M->4114M(6544M) 100.726ms
[6956.056s][info][gc,cpu         ] GC(2183) User=0.57s Sys=0.03s Real=0.10s
..[6957.647s][info][gc,start       ] GC(2184) Pause Young (Allocation Failure)
[6957.752s][info][gc,heap        ] GC(2184) PSYoungGen: 2603427K(2627584K)->147316K(2628608K) Eden: 2462720K(2462720K)->0K(2462720K) From: 140707K(164864K)->147316K(165888K)
[6957.752s][info][gc,heap        ] GC(2184) ParOldGen: 4073000K(4073472K)->4162384K(4162560K)
[6957.752s][info][gc,metaspace   ] GC(2184) Metaspace: 29098K(29504K)->29098K(29504K) NonClass: 24213K(24384K)->24213K(24384K) Class: 4885K(5120K)->4885K(5120K)
[6957.752s][info][gc             ] GC(2184) Pause Young (Allocation Failure) 6519M->4208M(6632M) 104.499ms
[6957.752s][info][gc,cpu         ] GC(2184) User=0.59s Sys=0.03s Real=0.11s
.[6959.246s][info][gc,start       ] GC(2185) Pause Young (Allocation Failure)
[6959.346s][info][gc,heap        ] GC(2185) PSYoungGen: 2610036K(2628608K)->145344K(2626560K) Eden: 2462720K(2462720K)->0K(2465792K) From: 147316K(165888K)->145344K(160768K)
[6959.346s][info][gc,heap        ] GC(2185) ParOldGen: 4162384K(4162560K)->4258000K(4258304K)
[6959.346s][info][gc,metaspace   ] GC(2185) Metaspace: 29098K(29504K)->29098K(29504K) NonClass: 24213K(24384K)->24213K(24384K) Class: 4885K(5120K)->4885K(5120K)
[6959.346s][info][gc             ] GC(2185) Pause Young (Allocation Failure) 6613M->4300M(6723M) 100.410ms
[6959.346s][info][gc,cpu         ] GC(2185) User=0.57s Sys=0.03s Real=0.10s
..[6960.892s][info][gc,start       ] GC(2186) Pause Young (Allocation Failure)
[6961.023s][info][gc,heap        ] GC(2186) PSYoungGen: 2611136K(2626560K)->148149K(2628096K) Eden: 2465792K(2465792K)->0K(2465792K) From: 145344K(160768K)->148149K(162304K)
[6961.023s][info][gc,heap        ] GC(2186) ParOldGen: 4258000K(4258304K)->4348696K(4348928K)
[6961.023s][info][gc,metaspace   ] GC(2186) Metaspace: 29098K(29504K)->29098K(29504K) NonClass: 24213K(24384K)->24213K(24384K) Class: 4885K(5120K)->4885K(5120K)
[6961.023s][info][gc             ] GC(2186) Pause Young (Allocation Failure) 6708M->4391M(6813M) 131.263ms
[6961.023s][info][gc,cpu         ] GC(2186) User=0.57s Sys=0.03s Real=0.13s
.[6962.600s][info][gc,start       ] GC(2187) Pause Young (Allocation Failure)
[6962.696s][info][gc,heap        ] GC(2187) PSYoungGen: 2613941K(2628096K)->138720K(2632192K) Eden: 2465792K(2465792K)->0K(2471936K) From: 148149K(162304K)->138720K(160256K)
[6962.696s][info][gc,heap        ] GC(2187) ParOldGen: 4348696K(4348928K)->4438696K(4439040K)
[6962.696s][info][gc,metaspace   ] GC(2187) Metaspace: 29098K(29504K)->29098K(29504K) NonClass: 24213K(24384K)->24213K(24384K) Class: 4885K(5120K)->4885K(5120K)
[6962.696s][info][gc             ] GC(2187) Pause Young (Allocation Failure) 6799M->4470M(6905M) 96.450ms
[6962.696s][info][gc,cpu         ] GC(2187) User=0.54s Sys=0.03s Real=0.09s
..[6964.285s][info][gc,start       ] GC(2188) Pause Young (Allocation Failure)
[6964.389s][info][gc,heap        ] GC(2188) PSYoungGen: 2610656K(2632192K)->151392K(2633216K) Eden: 2471936K(2471936K)->0K(2471936K) From: 138720K(160256K)->151392K(161280K)
[6964.389s][info][gc,heap        ] GC(2188) ParOldGen: 4438696K(4439040K)->4530464K(4530688K)
[6964.389s][info][gc,metaspace   ] GC(2188) Metaspace: 29098K(29504K)->29098K(29504K) NonClass: 24213K(24384K)->24213K(24384K) Class: 4885K(5120K)->4885K(5120K)
[6964.389s][info][gc             ] GC(2188) Pause Young (Allocation Failure) 6884M->4572M(6996M) 103.562ms
[6964.389s][info][gc,cpu         ] GC(2188) User=0.59s Sys=0.03s Real=0.10s
..[6965.985s][info][gc,start       ] GC(2189) Pause Young (Allocation Failure)
[6966.089s][info][gc,heap        ] GC(2189) PSYoungGen: 2623328K(2633216K)->143456K(2633216K) Eden: 2471936K(2471936K)->0K(2472960K) From: 151392K(161280K)->143456K(160256K)
[6966.089s][info][gc,heap        ] GC(2189) ParOldGen: 4530464K(4530688K)->4625672K(4625920K)
[6966.089s][info][gc,metaspace   ] GC(2189) Metaspace: 29098K(29504K)->29098K(29504K) NonClass: 24213K(24384K)->24213K(24384K) Class: 4885K(5120K)->4885K(5120K)
[6966.089s][info][gc             ] GC(2189) Pause Young (Allocation Failure) 6986M->4657M(7089M) 103.667ms
[6966.089s][info][gc,cpu         ] GC(2189) User=0.57s Sys=0.04s Real=0.10s
.[6967.662s][info][gc,start       ] GC(2190) Pause Young (Allocation Failure)
[6967.761s][info][gc,heap        ] GC(2190) PSYoungGen: 2616416K(2633216K)->137472K(2633728K) Eden: 2472960K(2472960K)->0K(2472960K) From: 143456K(160256K)->137472K(160768K)
[6967.761s][info][gc,heap        ] GC(2190) ParOldGen: 4625672K(4625920K)->4717528K(4717568K)
[6967.761s][info][gc,metaspace   ] GC(2190) Metaspace: 29098K(29504K)->29098K(29504K) NonClass: 24213K(24384K)->24213K(24384K) Class: 4885K(5120K)->4885K(5120K)
[6967.761s][info][gc             ] GC(2190) Pause Young (Allocation Failure) 7072M->4741M(7179M) 98.947ms
[6967.761s][info][gc,cpu         ] GC(2190) User=0.56s Sys=0.03s Real=0.10s
..[6969.339s][info][gc,start       ] GC(2191) Pause Young (Allocation Failure)
[6969.447s][info][gc,heap        ] GC(2191) PSYoungGen: 2610432K(2633728K)->157872K(2629120K) Eden: 2472960K(2472960K)->0K(2468352K) From: 137472K(160768K)->157872K(160768K)
[6969.447s][info][gc,heap        ] GC(2191) ParOldGen: 4717528K(4717568K)->4806736K(4807168K)
[6969.447s][info][gc,metaspace   ] GC(2191) Metaspace: 29098K(29504K)->29098K(29504K) NonClass: 24213K(24384K)->24213K(24384K) Class: 4885K(5120K)->4885K(5120K)
[6969.447s][info][gc             ] GC(2191) Pause Young (Allocation Failure) 7156M->4848M(7262M) 107.940ms
[6969.447s][info][gc,cpu         ] GC(2191) User=0.60s Sys=0.04s Real=0.11s
..[6970.999s][info][gc,start       ] GC(2192) Pause Young (Allocation Failure)
[6971.101s][info][gc,heap        ] GC(2192) PSYoungGen: 2626224K(2629120K)->144693K(2632192K) Eden: 2468352K(2468352K)->0K(2468352K) From: 157872K(160768K)->144693K(163840K)
[6971.101s][info][gc,heap        ] GC(2192) ParOldGen: 4806736K(4807168K)->4901944K(4902400K)
[6971.101s][info][gc,metaspace   ] GC(2192) Metaspace: 29098K(29504K)->29098K(29504K) NonClass: 24213K(24384K)->24213K(24384K) Class: 4885K(5120K)->4885K(5120K)
[6971.101s][info][gc             ] GC(2192) Pause Young (Allocation Failure) 7258M->4928M(7358M) 102.168ms
[6971.101s][info][gc,cpu         ] GC(2192) User=0.58s Sys=0.03s Real=0.11s
.[6972.665s][info][gc,start       ] GC(2193) Pause Young (Allocation Failure)
[6972.762s][info][gc,heap        ] GC(2193) PSYoungGen: 2613045K(2632192K)->138720K(2630144K) Eden: 2468352K(2468352K)->0K(2469376K) From: 144693K(163840K)->138720K(160768K)
[6972.762s][info][gc,heap        ] GC(2193) ParOldGen: 4901944K(4902400K)->4990728K(4990976K)
[6972.762s][info][gc,metaspace   ] GC(2193) Metaspace: 29098K(29504K)->29098K(29504K) NonClass: 24213K(24384K)->24213K(24384K) Class: 4885K(5120K)->4885K(5120K)
[6972.762s][info][gc             ] GC(2193) Pause Young (Allocation Failure) 7338M->5009M(7442M) 97.655ms
[6972.762s][info][gc,cpu         ] GC(2193) User=0.54s Sys=0.04s Real=0.10s
..[6974.443s][info][gc,start       ] GC(2194) Pause Young (Allocation Failure)
[6974.549s][info][gc,heap        ] GC(2194) PSYoungGen: 2608096K(2630144K)->154624K(2631680K) Eden: 2469376K(2469376K)->0K(2469376K) From: 138720K(160768K)->154624K(162304K)
[6974.549s][info][gc,heap        ] GC(2194) ParOldGen: 4990728K(4990976K)->5084328K(5084672K)
[6974.549s][info][gc,metaspace   ] GC(2194) Metaspace: 29098K(29504K)->29098K(29504K) NonClass: 24213K(24384K)->24213K(24384K) Class: 4885K(5120K)->4885K(5120K)
[6974.549s][info][gc             ] GC(2194) Pause Young (Allocation Failure) 7420M->5116M(7535M) 106.327ms
[6974.549s][info][gc,cpu         ] GC(2194) User=0.61s Sys=0.03s Real=0.10s
..[6976.141s][info][gc,start       ] GC(2195) Pause Young (Allocation Failure)
[6976.242s][info][gc,heap        ] GC(2195) PSYoungGen: 2624000K(2631680K)->147584K(2632704K) Eden: 2469376K(2469376K)->0K(2469376K) From: 154624K(162304K)->147584K(163328K)
[6976.242s][info][gc,heap        ] GC(2195) ParOldGen: 5084328K(5084672K)->5174176K(5174272K)
[6976.242s][info][gc,metaspace   ] GC(2195) Metaspace: 29098K(29504K)->29098K(29504K) NonClass: 24213K(24384K)->24213K(24384K) Class: 4885K(5120K)->4885K(5120K)
[6976.242s][info][gc             ] GC(2195) Pause Young (Allocation Failure) 7527M->5197M(7624M) 101.197ms
[6976.242s][info][gc,cpu         ] GC(2195) User=0.57s Sys=0.04s Real=0.10s
 (rIR:aIR:PR = 11900:11928:11928) (tPR = 178263) [OK] 
  6975s: Performance info:
         Transaction,    Success,    Partial,     Failed,   Receipts, AvgBarcode, 
             Overall,     717946,          0,          0,     682273,      59.47, 
         Response times:
             Request,    Success,    Partial,     Failed,   SkipFail,     Probes,    Samples,      min,      p50,      p90,      p95,      p99,      max, 
       TotalPurchase,     682264,          0,          0,          0,     344615,     550484,      200,    29000,   211000,   421000,   650000,   970000,
     InStorePurchase,     357579,          0,          0,          0,     180542,     289594,      300,    29000,   211000,   420000,   610000,   970000,
      OnlinePurchase,     252296,          0,          0,          0,     127435,     202197,      200,    28000,   218000,   465000,   650000,   940000,
        InstPurchase,      72389,          0,          0,          0,      36638,      58693,      400,    28000,   195000,   424000,   610000,   850000,
          AssocOfCat,        715,          0,          0,          0,        591,       1085,    24000,    83000,   315200,   554200,   730000,   880000,
      AssocOfProduct,       7125,          0,          0,          0,       4332,       7232,      800,    32000,   220700,   474000,   713400,   910000,
      BusinessReport,       1797,          0,          0,          0,       1629,       2684,    28000,    79000,   220500,   440750,   710000,  1100000,
          CustBuyBeh,       7099,          0,          0,          0,       4371,       7145,      200,    24000,   185000,   466000,   665400,   910000,
       ProductReturn,      18937,          0,          0,          0,       9823,      15886,      400,    33000,   214000,   453000,   660000,   870000,

  6975s: (87%)   IR =  12038 .[6978.009s][info][gc,start       ] GC(2196) Pause Young (Allocation Failure)
[6978.114s][info][gc,heap        ] GC(2196) PSYoungGen: 2616960K(2632704K)->150080K(2632192K) Eden: 2469376K(2469376K)->0K(2469376K) From: 147584K(163328K)->150080K(162816K)
[6978.114s][info][gc,heap        ] GC(2196) ParOldGen: 5174176K(5174272K)->5266400K(5266432K)
[6978.114s][info][gc,metaspace   ] GC(2196) Metaspace: 29098K(29504K)->29098K(29504K) NonClass: 24213K(24384K)->24213K(24384K) Class: 4885K(5120K)->4885K(5120K)
[6978.114s][info][gc             ] GC(2196) Pause Young (Allocation Failure) 7608M->5289M(7713M) 105.147ms
[6978.114s][info][gc,cpu         ] GC(2196) User=0.59s Sys=0.04s Real=0.11s
..[6979.659s][info][gc,start       ] GC(2197) Pause Young (Allocation Failure)
[6979.766s][info][gc,heap        ] GC(2197) PSYoungGen: 2619456K(2632192K)->149749K(2632704K) Eden: 2469376K(2469376K)->0K(2470400K) From: 150080K(162816K)->149749K(162304K)
[6979.766s][info][gc,heap        ] GC(2197) ParOldGen: 5266400K(5266432K)->5362000K(5362176K)
[6979.766s][info][gc,metaspace   ] GC(2197) Metaspace: 29098K(29504K)->29098K(29504K) NonClass: 24213K(24384K)->24213K(24384K) Class: 4885K(5120K)->4885K(5120K)
[6979.766s][info][gc             ] GC(2197) Pause Young (Allocation Failure) 7701M->5382M(7807M) 107.064ms
[6979.766s][info][gc,cpu         ] GC(2197) User=0.60s Sys=0.04s Real=0.11s
.[6981.361s][info][gc,start       ] GC(2198) Pause Young (Allocation Failure)
[6981.469s][info][gc,heap        ] GC(2198) PSYoungGen: 2620149K(2632704K)->157152K(2627584K) Eden: 2470400K(2470400K)->0K(2470400K) From: 149749K(162304K)->157152K(157184K)
[6981.469s][info][gc,heap        ] GC(2198) ParOldGen: 5362000K(5362176K)->5451888K(5452288K)
[6981.469s][info][gc,metaspace   ] GC(2198) Metaspace: 29098K(29504K)->29098K(29504K) NonClass: 24213K(24384K)->24213K(24384K) Class: 4885K(5120K)->4885K(5120K)
[6981.469s][info][gc             ] GC(2198) Pause Young (Allocation Failure) 7795M->5477M(7890M) 108.446ms
[6981.469s][info][gc,cpu         ] GC(2198) User=0.62s Sys=0.02s Real=0.10s
..[6983.003s][info][gc,start       ] GC(2199) Pause Young (Allocation Failure)
[6983.103s][info][gc,heap        ] GC(2199) PSYoungGen: 2627552K(2627584K)->142880K(2632704K) Eden: 2470400K(2470400K)->0K(2468352K) From: 157152K(157184K)->142880K(164352K)
[6983.103s][info][gc,heap        ] GC(2199) ParOldGen: 5451888K(5452288K)->5544200K(5544448K)
[6983.103s][info][gc,metaspace   ] GC(2199) Metaspace: 29098K(29504K)->29098K(29504K) NonClass: 24213K(24384K)->24213K(24384K) Class: 4885K(5120K)->4885K(5120K)
[6983.103s][info][gc             ] GC(2199) Pause Young (Allocation Failure) 7890M->5553M(7985M) 100.535ms
[6983.103s][info][gc,cpu         ] GC(2199) User=0.57s Sys=0.02s Real=0.10s
.[6984.589s][info][gc,start       ] GC(2200) Pause Full (Allocation Failure)
[6984.589s][info][gc,phases,start] GC(2200) Marking Phase
[6984.881s][info][gc,phases      ] GC(2200) Marking Phase 291.876ms
[6984.881s][info][gc,phases,start] GC(2200) Summary Phase
[6984.881s][info][gc,phases      ] GC(2200) Summary Phase 0.093ms
[6984.881s][info][gc,phases,start] GC(2200) Forward
[6985.055s][info][gc,phases      ] GC(2200) Forward 174.361ms
[6985.055s][info][gc,phases,start] GC(2200) Adjust Pointers
[6985.251s][info][gc,phases      ] GC(2200) Adjust Pointers 196.130ms
[6985.251s][info][gc,phases,start] GC(2200) Compaction Phase
[6985.378s][info][gc,phases      ] GC(2200) Compaction Phase 126.306ms
[6985.378s][info][gc,phases,start] GC(2200) Post Compact
[6985.385s][info][gc,phases      ] GC(2200) Post Compact 6.852ms
[6985.510s][info][gc,heap        ] GC(2200) PSYoungGen: 2611232K(2632704K)->0K(2631680K) Eden: 2468352K(2468352K)->0K(2468352K) From: 142880K(164352K)->0K(163328K)
[6985.510s][info][gc,heap        ] GC(2200) ParOldGen: 5544200K(5544448K)->1417925K(1769472K)
[6985.510s][info][gc,metaspace   ] GC(2200) Metaspace: 29098K(29504K)->29098K(29504K) NonClass: 24213K(24384K)->24213K(24384K) Class: 4885K(5120K)->4885K(5120K)
[6985.510s][info][gc             ] GC(2200) Pause Full (Allocation Failure) 7964M->1384M(4298M) 921.241ms
[6985.511s][info][gc,cpu         ] GC(2200) User=4.01s Sys=0.12s Real=0.93s
..[6986.900s][info][gc,start       ] GC(2201) Pause Young (Allocation Failure)
[6987.017s][info][gc,heap        ] GC(2201) PSYoungGen: 2468352K(2631680K)->154837K(2629632K) Eden: 2468352K(2468352K)->0K(2466304K) From: 0K(163328K)->154837K(163328K)
[6987.017s][info][gc,heap        ] GC(2201) ParOldGen: 1417925K(1769472K)->1417925K(1769472K)
[6987.017s][info][gc,metaspace   ] GC(2201) Metaspace: 29098K(29504K)->29098K(29504K) NonClass: 24213K(24384K)->24213K(24384K) Class: 4885K(5120K)->4885K(5120K)
[6987.017s][info][gc             ] GC(2201) Pause Young (Allocation Failure) 3795M->1535M(4296M) 116.584ms
[6987.017s][info][gc,cpu         ] GC(2201) User=0.41s Sys=0.00s Real=0.11s
.[6988.480s][info][gc,start       ] GC(2202) Pause Young (Allocation Failure)
[6988.582s][info][gc,heap        ] GC(2202) PSYoungGen: 2621141K(2629632K)->158148K(2624512K) Eden: 2466304K(2466304K)->0K(2466304K) From: 154837K(163328K)->158148K(158208K)
[6988.582s][info][gc,heap        ] GC(2202) ParOldGen: 1417925K(1769472K)->1514565K(1769472K)
[6988.582s][info][gc,metaspace   ] GC(2202) Metaspace: 29098K(29504K)->29098K(29504K) NonClass: 24213K(24384K)->24213K(24384K) Class: 4885K(5120K)->4885K(5120K)
[6988.582s][info][gc             ] GC(2202) Pause Young (Allocation Failure) 3944M->1633M(4291M) 102.404ms
[6988.582s][info][gc,cpu         ] GC(2202) User=0.61s Sys=0.00s Real=0.10s
.[6990.003s][info][gc,start       ] GC(2203) Pause Young (Allocation Failure)
[6990.098s][info][gc,heap        ] GC(2203) PSYoungGen: 2624452K(2624512K)->151232K(2630144K) Eden: 2466304K(2466304K)->0K(2463232K) From: 158148K(158208K)->151232K(166912K)
[6990.098s][info][gc,heap        ] GC(2203) ParOldGen: 1514565K(1769472K)->1602125K(1769472K)
[6990.098s][info][gc,metaspace   ] GC(2203) Metaspace: 29098K(29504K)->29098K(29504K) NonClass: 24213K(24384K)->24213K(24384K) Class: 4885K(5120K)->4885K(5120K)
[6990.098s][info][gc             ] GC(2203) Pause Young (Allocation Failure) 4042M->1712M(4296M) 94.202ms
[6990.098s][info][gc,cpu         ] GC(2203) User=0.56s Sys=0.00s Real=0.09s
..[6991.515s][info][gc,start       ] GC(2204) Pause Young (Allocation Failure)
[6991.613s][info][gc,heap        ] GC(2204) PSYoungGen: 2614464K(2630144K)->155232K(2629120K) Eden: 2463232K(2463232K)->0K(2463232K) From: 151232K(166912K)->155232K(165888K)
[6991.613s][info][gc,heap        ] GC(2204) ParOldGen: 1602125K(1769472K)->1696877K(1769472K)
[6991.613s][info][gc,metaspace   ] GC(2204) Metaspace: 29098K(29504K)->29098K(29504K) NonClass: 24213K(24384K)->24213K(24384K) Class: 4885K(5120K)->4885K(5120K)
[6991.613s][info][gc             ] GC(2204) Pause Young (Allocation Failure) 4117M->1808M(4295M) 97.961ms
[6991.613s][info][gc,cpu         ] GC(2204) User=0.59s Sys=0.00s Real=0.10s
.[6993.091s][info][gc,start       ] GC(2205) Pause Young (Allocation Failure)
[6993.189s][info][gc,heap        ] GC(2205) PSYoungGen: 2618464K(2629120K)->148580K(2627584K) Eden: 2463232K(2463232K)->0K(2463744K) From: 155232K(165888K)->148580K(163840K)
[6993.189s][info][gc,heap        ] GC(2205) ParOldGen: 1696877K(1769472K)->1791429K(1791488K)
[6993.189s][info][gc,metaspace   ] GC(2205) Metaspace: 29098K(29504K)->29098K(29504K) NonClass: 24213K(24384K)->24213K(24384K) Class: 4885K(5120K)->4885K(5120K)
[6993.189s][info][gc             ] GC(2205) Pause Young (Allocation Failure) 4214M->1894M(4315M) 98.558ms
[6993.189s][info][gc,cpu         ] GC(2205) User=0.58s Sys=0.01s Real=0.09s
..[6994.721s][info][gc,start       ] GC(2206) Pause Young (Allocation Failure)
[6994.819s][info][gc,heap        ] GC(2206) PSYoungGen: 2612324K(2627584K)->137520K(2628608K) Eden: 2463744K(2463744K)->0K(2463744K) From: 148580K(163840K)->137520K(164864K)
[6994.819s][info][gc,heap        ] GC(2206) ParOldGen: 1791429K(1791488K)->1885981K(1886208K)
[6994.819s][info][gc,metaspace   ] GC(2206) Metaspace: 29098K(29504K)->29098K(29504K) NonClass: 24213K(24384K)->24213K(24384K) Class: 4885K(5120K)->4885K(5120K)
[6994.819s][info][gc             ] GC(2206) Pause Young (Allocation Failure) 4300M->1976M(4409M) 97.425ms
[6994.819s][info][gc,cpu         ] GC(2206) User=0.54s Sys=0.03s Real=0.09s
.|[6996.393s][info][gc,start       ] GC(2207) Pause Young (Allocation Failure)
[6996.498s][info][gc,heap        ] GC(2207) PSYoungGen: 2601264K(2628608K)->154349K(2629632K) Eden: 2463744K(2463744K)->0K(2464256K) From: 137520K(164864K)->154349K(165376K)
[6996.498s][info][gc,heap        ] GC(2207) ParOldGen: 1885981K(1886208K)->1976637K(1976832K)
[6996.498s][info][gc,metaspace   ] GC(2207) Metaspace: 29098K(29504K)->29098K(29504K) NonClass: 24213K(24384K)->24213K(24384K) Class: 4885K(5120K)->4885K(5120K)
[6996.499s][info][gc             ] GC(2207) Pause Young (Allocation Failure) 4382M->2081M(4498M) 105.059ms
[6996.499s][info][gc,cpu         ] GC(2207) User=0.59s Sys=0.03s Real=0.10s
..[6997.888s][info][gc,start       ] GC(2208) Pause Young (Allocation Failure)
[6998.036s][info][gc,heap        ] GC(2208) PSYoungGen: 2618605K(2629632K)->150885K(2615296K) Eden: 2464256K(2464256K)->0K(2464256K) From: 154349K(165376K)->150885K(151040K)
[6998.036s][info][gc,heap        ] GC(2208) ParOldGen: 1976637K(1976832K)->2062189K(2062336K)
[6998.036s][info][gc,metaspace   ] GC(2208) Metaspace: 29098K(29504K)->29098K(29504K) NonClass: 24213K(24384K)->24213K(24384K) Class: 4885K(5120K)->4885K(5120K)
[6998.036s][info][gc             ] GC(2208) Pause Young (Allocation Failure) 4487M->2161M(4568M) 148.007ms
[6998.036s][info][gc,cpu         ] GC(2208) User=0.58s Sys=0.02s Real=0.15s
.[6999.536s][info][gc,start       ] GC(2209) Pause Young (Allocation Failure)
[6999.634s][info][gc,heap        ] GC(2209) PSYoungGen: 2615141K(2615296K)->138496K(2629120K) Eden: 2464256K(2464256K)->0K(2464256K) From: 150885K(151040K)->138496K(164864K)
[6999.634s][info][gc,heap        ] GC(2209) ParOldGen: 2062189K(2062336K)->2157869K(2158080K)
[6999.634s][info][gc,metaspace   ] GC(2209) Metaspace: 29098K(29504K)->29098K(29504K) NonClass: 24213K(24384K)->24213K(24384K) Class: 4885K(5120K)->4885K(5120K)
[6999.634s][info][gc             ] GC(2209) Pause Young (Allocation Failure) 4567M->2242M(4675M) 97.452ms
[6999.634s][info][gc,cpu         ] GC(2209) User=0.56s Sys=0.03s Real=0.10s
..[7001.248s][info][gc,start       ] GC(2210) Pause Young (Allocation Failure)
[7001.347s][info][gc,heap        ] GC(2210) PSYoungGen: 2602752K(2629120K)->147040K(2629632K) Eden: 2464256K(2464256K)->0K(2464256K) From: 138496K(164864K)->147040K(165376K)
[7001.347s][info][gc,heap        ] GC(2210) ParOldGen: 2157869K(2158080K)->2248181K(2248192K)
[7001.348s][info][gc,metaspace   ] GC(2210) Metaspace: 29098K(29504K)->29098K(29504K) NonClass: 24213K(24384K)->24213K(24384K) Class: 4885K(5120K)->4885K(5120K)
[7001.348s][info][gc             ] GC(2210) Pause Young (Allocation Failure) 4649M->2339M(4763M) 99.949ms
[7001.348s][info][gc,cpu         ] GC(2210) User=0.58s Sys=0.02s Real=0.10s
..[7002.920s][info][gc,start       ] GC(2211) Pause Young (Allocation Failure)
[7003.026s][info][gc,heap        ] GC(2211) PSYoungGen: 2611296K(2629632K)->154906K(2628608K) Eden: 2464256K(2464256K)->0K(2464768K) From: 147040K(165376K)->154906K(163840K)
[7003.026s][info][gc,heap        ] GC(2211) ParOldGen: 2248181K(2248192K)->2342405K(2342912K)
[7003.026s][info][gc,metaspace   ] GC(2211) Metaspace: 29098K(29504K)->29098K(29504K) NonClass: 24213K(24384K)->24213K(24384K) Class: 4885K(5120K)->4885K(5120K)
[7003.026s][info][gc             ] GC(2211) Pause Young (Allocation Failure) 4745M->2438M(4855M) 105.649ms
[7003.026s][info][gc,cpu         ] GC(2211) User=0.61s Sys=0.02s Real=0.10s
.[7004.554s][info][gc,start       ] GC(2212) Pause Young (Allocation Failure)
[7004.657s][info][gc,heap        ] GC(2212) PSYoungGen: 2619674K(2628608K)->157280K(2629632K) Eden: 2464768K(2464768K)->0K(2464768K) From: 154906K(163840K)->157280K(164864K)
[7004.657s][info][gc,heap        ] GC(2212) ParOldGen: 2342405K(2342912K)->2432749K(2433024K)
[7004.657s][info][gc,metaspace   ] GC(2212) Metaspace: 29098K(29504K)->29098K(29504K) NonClass: 24213K(24384K)->24213K(24384K) Class: 4885K(5120K)->4885K(5120K)
[7004.657s][info][gc             ] GC(2212) Pause Young (Allocation Failure) 4845M->2529M(4944M) 103.467ms
[7004.657s][info][gc,cpu         ] GC(2212) User=0.59s Sys=0.02s Real=0.10s
..[7006.243s][info][gc,start       ] GC(2213) Pause Young (Allocation Failure)
[7006.350s][info][gc,heap        ] GC(2213) PSYoungGen: 2622048K(2629632K)->160852K(2624512K) Eden: 2464768K(2464768K)->0K(2458112K) From: 157280K(164864K)->160852K(166400K)
[7006.350s][info][gc,heap        ] GC(2213) ParOldGen: 2432749K(2433024K)->2522949K(2523136K)
[7006.350s][info][gc,metaspace   ] GC(2213) Metaspace: 29098K(29504K)->29098K(29504K) NonClass: 24213K(24384K)->24213K(24384K) Class: 4885K(5120K)->4885K(5120K)
[7006.350s][info][gc             ] GC(2213) Pause Young (Allocation Failure) 4936M->2620M(5027M) 106.728ms
[7006.350s][info][gc,cpu         ] GC(2213) User=0.61s Sys=0.02s Real=0.11s
.[7007.874s][info][gc,start       ] GC(2214) Pause Young (Allocation Failure)
[7007.975s][info][gc,heap        ] GC(2214) PSYoungGen: 2618964K(2624512K)->144256K(2627072K) Eden: 2458112K(2458112K)->0K(2458112K) From: 160852K(166400K)->144256K(168960K)
[7007.975s][info][gc,heap        ] GC(2214) ParOldGen: 2522949K(2523136K)->2616597K(2616832K)
[7007.975s][info][gc,metaspace   ] GC(2214) Metaspace: 29098K(29504K)->29098K(29504K) NonClass: 24213K(24384K)->24213K(24384K) Class: 4885K(5120K)->4885K(5120K)
[7007.975s][info][gc             ] GC(2214) Pause Young (Allocation Failure) 5021M->2696M(5121M) 100.957ms
[7007.975s][info][gc,cpu         ] GC(2214) User=0.57s Sys=0.02s Real=0.10s
..[7009.523s][info][gc,start       ] GC(2215) Pause Young (Allocation Failure)
[7009.632s][info][gc,heap        ] GC(2215) PSYoungGen: 2602368K(2627072K)->165209K(2619904K) Eden: 2458112K(2458112K)->0K(2451968K) From: 144256K(168960K)->165209K(167936K)
[7009.632s][info][gc,heap        ] GC(2215) ParOldGen: 2616597K(2616832K)->2709109K(2709504K)
[7009.632s][info][gc,metaspace   ] GC(2215) Metaspace: 29098K(29504K)->29098K(29504K) NonClass: 24213K(24384K)->24213K(24384K) Class: 4885K(5120K)->4885K(5120K)
[7009.632s][info][gc             ] GC(2215) Pause Young (Allocation Failure) 5096M->2806M(5204M) 109.768ms
[7009.632s][info][gc,cpu         ] GC(2215) User=0.63s Sys=0.02s Real=0.11s
..[7011.206s][info][gc,start       ] GC(2216) Pause Young (Allocation Failure)
[7011.307s][info][gc,heap        ] GC(2216) PSYoungGen: 2617177K(2619904K)->147808K(2624000K) Eden: 2451968K(2451968K)->0K(2451968K) From: 165209K(167936K)->147808K(172032K)
[7011.307s][info][gc,heap        ] GC(2216) ParOldGen: 2709109K(2709504K)->2798437K(2798592K)
[7011.307s][info][gc,metaspace   ] GC(2216) Metaspace: 29098K(29504K)->29098K(29504K) NonClass: 24213K(24384K)->24213K(24384K) Class: 4885K(5120K)->4885K(5120K)
[7011.307s][info][gc             ] GC(2216) Pause Young (Allocation Failure) 5201M->2877M(5295M) 100.832ms
[7011.307s][info][gc,cpu         ] GC(2216) User=0.58s Sys=0.03s Real=0.10s
.[7012.835s][info][gc,start       ] GC(2217) Pause Young (Allocation Failure)
[7012.955s][info][gc,heap        ] GC(2217) PSYoungGen: 2599776K(2624000K)->145140K(2620416K) Eden: 2451968K(2451968K)->0K(2453504K) From: 147808K(172032K)->145140K(166912K)
[7012.955s][info][gc,heap        ] GC(2217) ParOldGen: 2798437K(2798592K)->2891453K(2891776K)
[7012.955s][info][gc,metaspace   ] GC(2217) Metaspace: 29098K(29504K)->29098K(29504K) NonClass: 24213K(24384K)->24213K(24384K) Class: 4885K(5120K)->4885K(5120K)
[7012.955s][info][gc             ] GC(2217) Pause Young (Allocation Failure) 5271M->2965M(5383M) 120.556ms
[7012.955s][info][gc,cpu         ] GC(2217) User=0.59s Sys=0.02s Real=0.12s
..[7014.492s][info][gc,start       ] GC(2218) Pause Young (Allocation Failure)
[7014.597s][info][gc,heap        ] GC(2218) PSYoungGen: 2598644K(2620416K)->157461K(2622976K) Eden: 2453504K(2453504K)->0K(2453504K) From: 145140K(166912K)->157461K(169472K)
[7014.597s][info][gc,heap        ] GC(2218) ParOldGen: 2891453K(2891776K)->2982045K(2982400K)
[7014.597s][info][gc,metaspace   ] GC(2218) Metaspace: 29098K(29504K)->29098K(29504K) NonClass: 24213K(24384K)->24213K(24384K) Class: 4885K(5120K)->4885K(5120K)
[7014.597s][info][gc             ] GC(2218) Pause Young (Allocation Failure) 5361M->3065M(5474M) 104.408ms
[7014.597s][info][gc,cpu         ] GC(2218) User=0.60s Sys=0.02s Real=0.10s
..[7016.103s][info][gc,start       ] GC(2219) Pause Young (Allocation Failure)
[7016.205s][info][gc,heap        ] GC(2219) PSYoungGen: 2610965K(2622976K)->150800K(2623488K) Eden: 2453504K(2453504K)->0K(2456064K) From: 157461K(169472K)->150800K(167424K)
[7016.205s][info][gc,heap        ] GC(2219) ParOldGen: 2982045K(2982400K)->3072541K(3073024K)
[7016.205s][info][gc,metaspace   ] GC(2219) Metaspace: 29098K(29504K)->29098K(29504K) NonClass: 24213K(24384K)->24213K(24384K) Class: 4885K(5120K)->4885K(5120K)
[7016.205s][info][gc             ] GC(2219) Pause Young (Allocation Failure) 5461M->3147M(5563M) 101.254ms
[7016.205s][info][gc,cpu         ] GC(2219) User=0.58s Sys=0.02s Real=0.10s
.[7017.762s][info][gc,start       ] GC(2220) Pause Young (Allocation Failure)
[7017.863s][info][gc,heap        ] GC(2220) PSYoungGen: 2606864K(2623488K)->143812K(2624512K) Eden: 2456064K(2456064K)->0K(2456064K) From: 150800K(167424K)->143812K(168448K)
[7017.863s][info][gc,heap        ] GC(2220) ParOldGen: 3072541K(3073024K)->3166421K(3166720K)
[7017.863s][info][gc,metaspace   ] GC(2220) Metaspace: 29098K(29504K)->29098K(29504K) NonClass: 24213K(24384K)->24213K(24384K) Class: 4885K(5120K)->4885K(5120K)
[7017.863s][info][gc             ] GC(2220) Pause Young (Allocation Failure) 5546M->3232M(5655M) 101.096ms
[7017.863s][info][gc,cpu         ] GC(2220) User=0.57s Sys=0.02s Real=0.10s
..[7019.391s][info][gc,start       ] GC(2221) Pause Young (Allocation Failure)
[7019.494s][info][gc,heap        ] GC(2221) PSYoungGen: 2599876K(2624512K)->150453K(2624000K) Eden: 2456064K(2456064K)->0K(2459648K) From: 143812K(168448K)->150453K(164352K)
[7019.494s][info][gc,heap        ] GC(2221) ParOldGen: 3166421K(3166720K)->3258453K(3258880K)
[7019.494s][info][gc,metaspace   ] GC(2221) Metaspace: 29098K(29504K)->29098K(29504K) NonClass: 24213K(24384K)->24213K(24384K) Class: 4885K(5120K)->4885K(5120K)
[7019.494s][info][gc             ] GC(2221) Pause Young (Allocation Failure) 5631M->3329M(5745M) 103.280ms
[7019.494s][info][gc,cpu         ] GC(2221) User=0.58s Sys=0.03s Real=0.10s
.[7021.037s][info][gc,start       ] GC(2222) Pause Young (Allocation Failure)
[7021.140s][info][gc,heap        ] GC(2222) PSYoungGen: 2610101K(2624000K)->151344K(2626048K) Eden: 2459648K(2459648K)->0K(2459648K) From: 150453K(164352K)->151344K(166400K)
[7021.140s][info][gc,heap        ] GC(2222) ParOldGen: 3258453K(3258880K)->3348045K(3348480K)
[7021.140s][info][gc,metaspace   ] GC(2222) Metaspace: 29098K(29504K)->29098K(29504K) NonClass: 24213K(24384K)->24213K(24384K) Class: 4885K(5120K)->4885K(5120K)
[7021.140s][info][gc             ] GC(2222) Pause Young (Allocation Failure) 5731M->3417M(5834M) 102.719ms
[7021.140s][info][gc,cpu         ] GC(2222) User=0.58s Sys=0.03s Real=0.11s
..[7022.710s][info][gc,start       ] GC(2223) Pause Young (Allocation Failure)
[7022.809s][info][gc,heap        ] GC(2223) PSYoungGen: 2610992K(2626048K)->143380K(2627584K) Eden: 2459648K(2459648K)->0K(2464256K) From: 151344K(166400K)->143380K(163328K)
[7022.809s][info][gc,heap        ] GC(2223) ParOldGen: 3348045K(3348480K)->3439053K(3439104K)
[7022.809s][info][gc,metaspace   ] GC(2223) Metaspace: 29098K(29504K)->29098K(29504K) NonClass: 24213K(24384K)->24213K(24384K) Class: 4885K(5120K)->4885K(5120K)
[7022.809s][info][gc             ] GC(2223) Pause Young (Allocation Failure) 5819M->3498M(5924M) 98.873ms
[7022.809s][info][gc,cpu         ] GC(2223) User=0.56s Sys=0.02s Real=0.09s
..[7024.360s][info][gc,start       ] GC(2224) Pause Young (Allocation Failure)
[7024.466s][info][gc,heap        ] GC(2224) PSYoungGen: 2607636K(2627584K)->157093K(2629120K) Eden: 2464256K(2464256K)->0K(2464256K) From: 143380K(163328K)->157093K(164864K)
[7024.466s][info][gc,heap        ] GC(2224) ParOldGen: 3439053K(3439104K)->3531157K(3531264K)
[7024.466s][info][gc,metaspace   ] GC(2224) Metaspace: 29098K(29504K)->29098K(29504K) NonClass: 24213K(24384K)->24213K(24384K) Class: 4885K(5120K)->4885K(5120K)
[7024.466s][info][gc             ] GC(2224) Pause Young (Allocation Failure) 5904M->3601M(6016M) 106.417ms
[7024.466s][info][gc,cpu         ] GC(2224) User=0.60s Sys=0.03s Real=0.10s
.[7026.000s][info][gc,start       ] GC(2225) Pause Young (Allocation Failure)
[7026.101s][info][gc,heap        ] GC(2225) PSYoungGen: 2621349K(2629120K)->147123K(2630144K) Eden: 2464256K(2464256K)->0K(2464256K) From: 157093K(164864K)->147123K(165888K)
[7026.101s][info][gc,heap        ] GC(2225) ParOldGen: 3531157K(3531264K)->3623165K(3623424K)
[7026.101s][info][gc,metaspace   ] GC(2225) Metaspace: 29098K(29504K)->29098K(29504K) NonClass: 24213K(24384K)->24213K(24384K) Class: 4885K(5120K)->4885K(5120K)
[7026.101s][info][gc             ] GC(2225) Pause Young (Allocation Failure) 6008M->3681M(6107M) 100.807ms
[7026.101s][info][gc,cpu         ] GC(2225) User=0.57s Sys=0.03s Real=0.10s
..[7027.650s][info][gc,start       ] GC(2226) Pause Young (Allocation Failure)
[7027.751s][info][gc,heap        ] GC(2226) PSYoungGen: 2611379K(2630144K)->151280K(2615808K) Eden: 2464256K(2464256K)->0K(2464256K) From: 147123K(165888K)->151280K(151552K)
[7027.751s][info][gc,heap        ] GC(2226) ParOldGen: 3623165K(3623424K)->3713309K(3713536K)
[7027.751s][info][gc,metaspace   ] GC(2226) Metaspace: 29098K(29504K)->29098K(29504K) NonClass: 24213K(24384K)->24213K(24384K) Class: 4885K(5120K)->4885K(5120K)
[7027.752s][info][gc             ] GC(2226) Pause Young (Allocation Failure) 6088M->3774M(6181M) 101.995ms
[7027.752s][info][gc,cpu         ] GC(2226) User=0.58s Sys=0.02s Real=0.10s
..[7029.360s][info][gc,start       ] GC(2227) Pause Young (Allocation Failure)
[7029.464s][info][gc,heap        ] GC(2227) PSYoungGen: 2615536K(2615808K)->150612K(2630656K) Eden: 2464256K(2464256K)->0K(2466304K) From: 151280K(151552K)->150612K(164352K)
[7029.464s][info][gc,heap        ] GC(2227) ParOldGen: 3713309K(3713536K)->3807261K(3807744K)
[7029.464s][info][gc,metaspace   ] GC(2227) Metaspace: 29098K(29504K)->29098K(29504K) NonClass: 24213K(24384K)->24213K(24384K) Class: 4885K(5120K)->4885K(5120K)
[7029.464s][info][gc             ] GC(2227) Pause Young (Allocation Failure) 6180M->3865M(6287M) 103.756ms
[7029.464s][info][gc,cpu         ] GC(2227) User=0.58s Sys=0.03s Real=0.10s
.[7031.031s][info][gc,start       ] GC(2228) Pause Young (Allocation Failure)
[7031.130s][info][gc,heap        ] GC(2228) PSYoungGen: 2616916K(2630656K)->142944K(2629120K) Eden: 2466304K(2466304K)->0K(2466304K) From: 150612K(164352K)->142944K(162816K)
[7031.130s][info][gc,heap        ] GC(2228) ParOldGen: 3807261K(3807744K)->3898821K(3898880K)
[7031.130s][info][gc,metaspace   ] GC(2228) Metaspace: 29098K(29504K)->29098K(29504K) NonClass: 24213K(24384K)->24213K(24384K) Class: 4885K(5120K)->4885K(5120K)
[7031.130s][info][gc             ] GC(2228) Pause Young (Allocation Failure) 6273M->3947M(6375M) 99.238ms
[7031.130s][info][gc,cpu         ] GC(2228) User=0.56s Sys=0.03s Real=0.10s
..[7032.682s][info][gc,start       ] GC(2229) Pause Young (Allocation Failure)
[7032.783s][info][gc,heap        ] GC(2229) PSYoungGen: 2609248K(2629120K)->145317K(2632192K) Eden: 2466304K(2466304K)->0K(2469376K) From: 142944K(162816K)->145317K(162816K)
[7032.783s][info][gc,heap        ] GC(2229) ParOldGen: 3898821K(3898880K)->3988405K(3988480K)
[7032.783s][info][gc,metaspace   ] GC(2229) Metaspace: 29098K(29504K)->29098K(29504K) NonClass: 24213K(24384K)->24213K(24384K) Class: 4885K(5120K)->4885K(5120K)
[7032.783s][info][gc             ] GC(2229) Pause Young (Allocation Failure) 6355M->4036M(6465M) 101.550ms
[7032.783s][info][gc,cpu         ] GC(2229) User=0.57s Sys=0.03s Real=0.10s
.[7034.274s][info][gc,start       ] GC(2230) Pause Young (Allocation Failure)
[7034.376s][info][gc,heap        ] GC(2230) PSYoungGen: 2614693K(2632192K)->149008K(2631680K) Eden: 2469376K(2469376K)->0K(2469376K) From: 145317K(162816K)->149008K(162304K)
[7034.376s][info][gc,heap        ] GC(2230) ParOldGen: 3988405K(3988480K)->4083253K(4083712K)
[7034.376s][info][gc,metaspace   ] GC(2230) Metaspace: 29098K(29504K)->29098K(29504K) NonClass: 24213K(24384K)->24213K(24384K) Class: 4885K(5120K)->4885K(5120K)
[7034.376s][info][gc             ] GC(2230) Pause Young (Allocation Failure) 6448M->4133M(6558M) 102.359ms
[7034.377s][info][gc,cpu         ] GC(2230) User=0.58s Sys=0.03s Real=0.10s
..[7035.917s][info][gc,start       ] GC(2231) Pause Young (Allocation Failure)
[7036.023s][info][gc,heap        ] GC(2231) PSYoungGen: 2618384K(2631680K)->155233K(2631168K) Eden: 2469376K(2469376K)->0K(2469888K) From: 149008K(162304K)->155233K(161280K)
[7036.023s][info][gc,heap        ] GC(2231) ParOldGen: 4083253K(4083712K)->4175269K(4175360K)
[7036.023s][info][gc,metaspace   ] GC(2231) Metaspace: 29098K(29504K)->29098K(29504K) NonClass: 24213K(24384K)->24213K(24384K) Class: 4885K(5120K)->4885K(5120K)
[7036.023s][info][gc             ] GC(2231) Pause Young (Allocation Failure) 6544M->4229M(6647M) 106.181ms
[7036.023s][info][gc,cpu         ] GC(2231) User=0.61s Sys=0.03s Real=0.11s
..[7037.602s][info][gc,start       ] GC(2232) Pause Young (Allocation Failure)
[7037.706s][info][gc,heap        ] GC(2232) PSYoungGen: 2625121K(2631168K)->143252K(2632192K) Eden: 2469888K(2469888K)->0K(2469888K) From: 155233K(161280K)->143252K(162304K)
[7037.706s][info][gc,heap        ] GC(2232) ParOldGen: 4175269K(4175360K)->4267621K(4268032K)
[7037.706s][info][gc,metaspace   ] GC(2232) Metaspace: 29098K(29504K)->29098K(29504K) NonClass: 24213K(24384K)->24213K(24384K) Class: 4885K(5120K)->4885K(5120K)
[7037.706s][info][gc             ] GC(2232) Pause Young (Allocation Failure) 6641M->4307M(6738M) 104.381ms
[7037.706s][info][gc,cpu         ] GC(2232) User=0.59s Sys=0.02s Real=0.10s
.[7039.312s][info][gc,start       ] GC(2233) Pause Young (Allocation Failure)
[7039.420s][info][gc,heap        ] GC(2233) PSYoungGen: 2613140K(2632192K)->161487K(2627584K) Eden: 2469888K(2469888K)->0K(2465280K) From: 143252K(162304K)->161487K(162304K)
[7039.420s][info][gc,heap        ] GC(2233) ParOldGen: 4267621K(4268032K)->4357645K(4358144K)
[7039.420s][info][gc,metaspace   ] GC(2233) Metaspace: 29098K(29504K)->29098K(29504K) NonClass: 24213K(24384K)->24213K(24384K) Class: 4885K(5120K)->4885K(5120K)
[7039.420s][info][gc             ] GC(2233) Pause Young (Allocation Failure) 6719M->4413M(6822M) 108.566ms
[7039.420s][info][gc,cpu         ] GC(2233) User=0.62s Sys=0.04s Real=0.11s
..[7041.080s][info][gc,start       ] GC(2234) Pause Young (Allocation Failure)
[7041.182s][info][gc,heap        ] GC(2234) PSYoungGen: 2626767K(2627584K)->146276K(2630656K) Eden: 2465280K(2465280K)->0K(2465280K) From: 161487K(162304K)->146276K(165376K)
[7041.182s][info][gc,heap        ] GC(2234) ParOldGen: 4357645K(4358144K)->4450517K(4450816K)
[7041.182s][info][gc,metaspace   ] GC(2234) Metaspace: 29098K(29504K)->29098K(29504K) NonClass: 24213K(24384K)->24213K(24384K) Class: 4885K(5120K)->4885K(5120K)
[7041.183s][info][gc             ] GC(2234) Pause Young (Allocation Failure) 6820M->4489M(6915M) 102.102ms
[7041.183s][info][gc,cpu         ] GC(2234) User=0.58s Sys=0.03s Real=0.10s
.[7042.046s][info][gc,start       ] GC(2235) Pause Full (Diagnostic Command)
[7042.046s][info][gc,phases,start] GC(2235) Marking Phase
[7042.344s][info][gc,phases      ] GC(2235) Marking Phase 298.484ms
[7042.344s][info][gc,phases,start] GC(2235) Summary Phase
[7042.344s][info][gc,phases      ] GC(2235) Summary Phase 0.078ms
[7042.344s][info][gc,phases,start] GC(2235) Forward
[7042.552s][info][gc,phases      ] GC(2235) Forward 207.437ms
[7042.552s][info][gc,phases,start] GC(2235) Adjust Pointers
[7042.761s][info][gc,phases      ] GC(2235) Adjust Pointers 208.840ms
[7042.761s][info][gc,phases,start] GC(2235) Compaction Phase
[7042.998s][info][gc,phases      ] GC(2235) Compaction Phase 236.778ms
[7043.000s][info][gc,phases,start] GC(2235) Post Compact
[7043.005s][info][gc,phases      ] GC(2235) Post Compact 5.096ms
[7043.005s][info][gc,heap        ] GC(2235) PSYoungGen: 1545521K(2630656K)->0K(2630656K) Eden: 1399244K(2465280K)->0K(2465280K) From: 146276K(165376K)->0K(165376K)
[7043.005s][info][gc,heap        ] GC(2235) ParOldGen: 4450517K(4450816K)->1149002K(4450816K)
[7043.005s][info][gc,metaspace   ] GC(2235) Metaspace: 29098K(29504K)->29095K(29504K) NonClass: 24213K(24384K)->24211K(24384K) Class: 4885K(5120K)->4884K(5120K)
[7043.005s][info][gc             ] GC(2235) Pause Full (Diagnostic Command) 5855M->1122M(6915M) 959.712ms
[7043.006s][info][gc,cpu         ] GC(2235) User=4.90s Sys=0.01s Real=0.96s
.[7044.429s][info][gc,start       ] GC(2236) Pause Young (Allocation Failure)
[7044.496s][info][gc,heap        ] GC(2236) PSYoungGen: 2465280K(2630656K)->152480K(2628608K) Eden: 2465280K(2465280K)->0K(2466304K) From: 0K(165376K)->152480K(162304K)
[7044.496s][info][gc,heap        ] GC(2236) ParOldGen: 1149002K(4450816K)->1149002K(4450816K)
[7044.496s][info][gc,metaspace   ] GC(2236) Metaspace: 29095K(29504K)->29095K(29504K) NonClass: 24211K(24384K)->24211K(24384K) Class: 4884K(5120K)->4884K(5120K)
[7044.496s][info][gc             ] GC(2236) Pause Young (Allocation Failure) 3529M->1270M(6913M) 67.247ms
[7044.496s][info][gc,cpu         ] GC(2236) User=0.40s Sys=0.00s Real=0.07s
..[7045.959s][info][gc,start       ] GC(2237) Pause Young (Allocation Failure)
[7046.056s][info][gc,heap        ] GC(2237) PSYoungGen: 2618784K(2628608K)->150821K(2630144K) Eden: 2466304K(2466304K)->0K(2466304K) From: 152480K(162304K)->150821K(163840K)
[7046.056s][info][gc,heap        ] GC(2237) ParOldGen: 1149002K(4450816K)->1241786K(4450816K)
[7046.056s][info][gc,metaspace   ] GC(2237) Metaspace: 29095K(29504K)->29095K(29504K) NonClass: 24211K(24384K)->24211K(24384K) Class: 4884K(5120K)->4884K(5120K)
[7046.056s][info][gc             ] GC(2237) Pause Young (Allocation Failure) 3679M->1359M(6915M) 97.709ms
[7046.056s][info][gc,cpu         ] GC(2237) User=0.58s Sys=0.00s Real=0.10s
.[7047.478s][info][gc,start       ] GC(2238) Pause Young (Allocation Failure)
[7047.580s][info][gc,heap        ] GC(2238) PSYoungGen: 2617125K(2630144K)->162784K(2558464K) Eden: 2466304K(2466304K)->0K(2395648K) From: 150821K(163840K)->162784K(162816K)
[7047.580s][info][gc,heap        ] GC(2238) ParOldGen: 1241786K(4450816K)->1332978K(4450816K)
[7047.580s][info][gc,metaspace   ] GC(2238) Metaspace: 29095K(29504K)->29095K(29504K) NonClass: 24211K(24384K)->24211K(24384K) Class: 4884K(5120K)->4884K(5120K)
[7047.580s][info][gc             ] GC(2238) Pause Young (Allocation Failure) 3768M->1460M(6845M) 101.988ms
[7047.580s][info][gc,cpu         ] GC(2238) User=0.61s Sys=0.00s Real=0.11s
.[7049.001s][info][gc,start       ] GC(2239) Pause Young (Allocation Failure)
[7049.095s][info][gc,heap        ] GC(2239) PSYoungGen: 2558432K(2558464K)->145024K(2595840K) Eden: 2395648K(2395648K)->0K(2395648K) From: 162784K(162816K)->145024K(200192K)
[7049.095s][info][gc,heap        ] GC(2239) ParOldGen: 1332978K(4450816K)->1423826K(4450816K)
[7049.095s][info][gc,metaspace   ] GC(2239) Metaspace: 29095K(29504K)->29095K(29504K) NonClass: 24211K(24384K)->24211K(24384K) Class: 4884K(5120K)->4884K(5120K)
[7049.095s][info][gc             ] GC(2239) Pause Young (Allocation Failure) 3800M->1532M(6881M) 94.093ms
[7049.095s][info][gc,cpu         ] GC(2239) User=0.56s Sys=0.00s Real=0.09s
..[7050.565s][info][gc,start       ] GC(2240) Pause Young (Allocation Failure)
[7050.663s][info][gc,heap        ] GC(2240) PSYoungGen: 2540672K(2595840K)->150477K(2589184K) Eden: 2395648K(2395648K)->0K(2397184K) From: 145024K(200192K)->150477K(192000K)
[7050.663s][info][gc,heap        ] GC(2240) ParOldGen: 1423826K(4450816K)->1517090K(4450816K)
[7050.663s][info][gc,metaspace   ] GC(2240) Metaspace: 29095K(29504K)->29095K(29504K) NonClass: 24211K(24384K)->24211K(24384K) Class: 4884K(5120K)->4884K(5120K)
[7050.663s][info][gc             ] GC(2240) Pause Young (Allocation Failure) 3871M->1628M(6875M) 97.943ms
[7050.663s][info][gc,cpu         ] GC(2240) User=0.58s Sys=0.00s Real=0.10s
.[7052.079s][info][gc,start       ] GC(2241) Pause Young (Allocation Failure)
[7052.173s][info][gc,heap        ] GC(2241) PSYoungGen: 2547661K(2589184K)->148772K(2593280K) Eden: 2397184K(2397184K)->0K(2397184K) From: 150477K(192000K)->148772K(196096K)
[7052.173s][info][gc,heap        ] GC(2241) ParOldGen: 1517090K(4450816K)->1603930K(4450816K)
[7052.173s][info][gc,metaspace   ] GC(2241) Metaspace: 29095K(29504K)->29095K(29504K) NonClass: 24211K(24384K)->24211K(24384K) Class: 4884K(5120K)->4884K(5120K)
[7052.173s][info][gc             ] GC(2241) Pause Young (Allocation Failure) 3969M->1711M(6879M) 93.889ms
[7052.173s][info][gc,cpu         ] GC(2241) User=0.56s Sys=0.00s Real=0.10s
..[7053.619s][info][gc,start       ] GC(2242) Pause Young (Allocation Failure)
[7053.707s][info][gc,heap        ] GC(2242) PSYoungGen: 2545956K(2593280K)->130336K(2599936K) Eden: 2397184K(2397184K)->0K(2405888K) From: 148772K(196096K)->130336K(194048K)
[7053.707s][info][gc,heap        ] GC(2242) ParOldGen: 1603930K(4450816K)->1697506K(4450816K)
[7053.707s][info][gc,metaspace   ] GC(2242) Metaspace: 29095K(29504K)->29095K(29504K) NonClass: 24211K(24384K)->24211K(24384K) Class: 4884K(5120K)->4884K(5120K)
[7053.708s][info][gc             ] GC(2242) Pause Young (Allocation Failure) 4052M->1785M(6885M) 88.959ms
[7053.708s][info][gc,cpu         ] GC(2242) User=0.52s Sys=0.00s Real=0.09s
.[7055.195s][info][gc,start       ] GC(2243) Pause Young (Allocation Failure)
[7055.293s][info][gc,heap        ] GC(2243) PSYoungGen: 2536224K(2599936K)->155104K(2561024K) Eden: 2405888K(2405888K)->0K(2405888K) From: 130336K(194048K)->155104K(155136K)
[7055.293s][info][gc,heap        ] GC(2243) ParOldGen: 1697506K(4450816K)->1784098K(4450816K)
[7055.293s][info][gc,metaspace   ] GC(2243) Metaspace: 29095K(29504K)->29095K(29504K) NonClass: 24211K(24384K)->24211K(24384K) Class: 4884K(5120K)->4884K(5120K)
[7055.293s][info][gc             ] GC(2243) Pause Young (Allocation Failure) 4134M->1893M(6847M) 98.531ms
[7055.293s][info][gc,cpu         ] GC(2243) User=0.58s Sys=0.00s Real=0.10s
. (rIR:aIR:PR = 12038:12090:12086) (tPR = 180223) [OK] 
  7055s: Performance info:
         Transaction,    Success,    Partial,     Failed,   Receipts, AvgBarcode, 
             Overall,     726612,          0,          0,     689848,      59.47, 
         Response times:
             Request,    Success,    Partial,     Failed,   SkipFail,     Probes,    Samples,      min,      p50,      p90,      p95,      p99,      max, 
       TotalPurchase,     690408,          0,          0,          0,     307158,     478027,      200,    70000,   508000,   680000,  1100000,  1500000,
     InStorePurchase,     362844,          0,          0,          0,     161596,     251357,      300,    71000,   527000,   680000,  1400000,  1500000,
      OnlinePurchase,     254100,          0,          0,          0,     113074,     176050,      200,    71000,   490000,   670000,   910000,  1500000,
        InstPurchase,      73464,          0,          0,          0,      32488,      50620,      300,    68000,   506000,   710000,  1400000,  1400000,
          AssocOfCat,        726,          0,          0,          0,        573,        943,    24000,   123000,   497000,   610000,   845600,  1100000,
      AssocOfProduct,       7190,          0,          0,          0,       2969,       4706,      500,    68500,   454300,   564000,   800000,  1400000,
      BusinessReport,       1817,          0,          0,          0,       1559,       2336,    32000,   140000,   527300,   660000,   880000,  1400000,
          CustBuyBeh,       7074,          0,          0,          0,       2933,       4730,      300,    70000,   492000,   581000,   830000,  1400000,
       ProductReturn,      19279,          0,          0,          0,       9333,      13940,      100,    66000,   499000,   630000,   850000,  1400000,

  7055s: (88%)   IR =  12177 .[7056.881s][info][gc,start       ] GC(2244) Pause Young (Allocation Failure)
[7056.977s][info][gc,heap        ] GC(2244) PSYoungGen: 2560992K(2561024K)->145429K(2600960K) Eden: 2405888K(2405888K)->0K(2409472K) From: 155104K(155136K)->145429K(191488K)
[7056.978s][info][gc,heap        ] GC(2244) ParOldGen: 1784098K(4450816K)->1874386K(4450816K)
[7056.978s][info][gc,metaspace   ] GC(2244) Metaspace: 29095K(29504K)->29095K(29504K) NonClass: 24211K(24384K)->24211K(24384K) Class: 4884K(5120K)->4884K(5120K)
[7056.978s][info][gc             ] GC(2244) Pause Young (Allocation Failure) 4243M->1972M(6886M) 96.302ms
[7056.978s][info][gc,cpu         ] GC(2244) User=0.56s Sys=0.00s Real=0.09s
.[7058.558s][info][gc,start       ] GC(2245) Pause Young (Allocation Failure)
[7058.648s][info][gc,heap        ] GC(2245) PSYoungGen: 2554901K(2600960K)->134240K(2598400K) Eden: 2409472K(2409472K)->0K(2409472K) From: 145429K(191488K)->134240K(188928K)
[7058.648s][info][gc,heap        ] GC(2245) ParOldGen: 1874386K(4450816K)->1964834K(4450816K)
[7058.648s][info][gc,metaspace   ] GC(2245) Metaspace: 29095K(29504K)->29095K(29504K) NonClass: 24211K(24384K)->24211K(24384K) Class: 4884K(5120K)->4884K(5120K)
[7058.648s][info][gc             ] GC(2245) Pause Young (Allocation Failure) 4325M->2049M(6884M) 90.014ms
[7058.648s][info][gc,cpu         ] GC(2245) User=0.53s Sys=0.01s Real=0.09s
..[7060.146s][info][gc,start       ] GC(2246) Pause Young (Allocation Failure)
[7060.242s][info][gc,heap        ] GC(2246) PSYoungGen: 2543712K(2598400K)->148942K(2603520K) Eden: 2409472K(2409472K)->0K(2418176K) From: 134240K(188928K)->148942K(185344K)
[7060.242s][info][gc,heap        ] GC(2246) ParOldGen: 1964834K(4450816K)->2056674K(4450816K)
[7060.242s][info][gc,metaspace   ] GC(2246) Metaspace: 29095K(29504K)->29095K(29504K) NonClass: 24211K(24384K)->24211K(24384K) Class: 4884K(5120K)->4884K(5120K)
[7060.242s][info][gc             ] GC(2246) Pause Young (Allocation Failure) 4402M->2153M(6889M) 96.817ms
[7060.242s][info][gc,cpu         ] GC(2246) User=0.58s Sys=0.00s Real=0.10s
..[7061.778s][info][gc,start       ] GC(2247) Pause Young (Allocation Failure)
[7061.869s][info][gc,heap        ] GC(2247) PSYoungGen: 2567118K(2603520K)->138816K(2604032K) Eden: 2418176K(2418176K)->0K(2418176K) From: 148942K(185344K)->138816K(185856K)
[7061.869s][info][gc,heap        ] GC(2247) ParOldGen: 2056674K(4450816K)->2145450K(4450816K)
[7061.869s][info][gc,metaspace   ] GC(2247) Metaspace: 29095K(29504K)->29095K(29504K) NonClass: 24211K(24384K)->24211K(24384K) Class: 4884K(5120K)->4884K(5120K)
[7061.869s][info][gc             ] GC(2247) Pause Young (Allocation Failure) 4515M->2230M(6889M) 91.069ms
[7061.869s][info][gc,cpu         ] GC(2247) User=0.54s Sys=0.00s Real=0.09s
.[7063.374s][info][gc,start       ] GC(2248) Pause Young (Allocation Failure)
[7063.475s][info][gc,heap        ] GC(2248) PSYoungGen: 2556992K(2604032K)->156933K(2609664K) Eden: 2418176K(2418176K)->0K(2425344K) From: 138816K(185856K)->156933K(184320K)
[7063.475s][info][gc,heap        ] GC(2248) ParOldGen: 2145450K(4450816K)->2237402K(4450816K)
[7063.475s][info][gc,metaspace   ] GC(2248) Metaspace: 29095K(29504K)->29095K(29504K) NonClass: 24211K(24384K)->24211K(24384K) Class: 4884K(5120K)->4884K(5120K)
[7063.475s][info][gc             ] GC(2248) Pause Young (Allocation Failure) 4592M->2338M(6895M) 100.643ms
[7063.475s][info][gc,cpu         ] GC(2248) User=0.60s Sys=0.00s Real=0.10s
..[7065.016s][info][gc,start       ] GC(2249) Pause Young (Allocation Failure)
[7065.108s][info][gc,heap        ] GC(2249) PSYoungGen: 2582277K(2609664K)->143072K(2609152K) Eden: 2425344K(2425344K)->0K(2425344K) From: 156933K(184320K)->143072K(183808K)
[7065.108s][info][gc,heap        ] GC(2249) ParOldGen: 2237402K(4450816K)->2326018K(4450816K)
[7065.108s][info][gc,metaspace   ] GC(2249) Metaspace: 29095K(29504K)->29095K(29504K) NonClass: 24211K(24384K)->24211K(24384K) Class: 4884K(5120K)->4884K(5120K)
[7065.109s][info][gc             ] GC(2249) Pause Young (Allocation Failure) 4706M->2411M(6894M) 92.611ms
[7065.109s][info][gc,cpu         ] GC(2249) User=0.55s Sys=0.00s Real=0.09s
.[7066.683s][info][gc,start       ] GC(2250) Pause Young (Allocation Failure)
[7066.777s][info][gc,heap        ] GC(2250) PSYoungGen: 2568416K(2609152K)->142656K(2610176K) Eden: 2425344K(2425344K)->0K(2429952K) From: 143072K(183808K)->142656K(180224K)
[7066.777s][info][gc,heap        ] GC(2250) ParOldGen: 2326018K(4450816K)->2418386K(4450816K)
[7066.777s][info][gc,metaspace   ] GC(2250) Metaspace: 29095K(29504K)->29095K(29504K) NonClass: 24211K(24384K)->24211K(24384K) Class: 4884K(5120K)->4884K(5120K)
[7066.777s][info][gc             ] GC(2250) Pause Young (Allocation Failure) 4779M->2501M(6895M) 94.416ms
[7066.777s][info][gc,cpu         ] GC(2250) User=0.56s Sys=0.00s Real=0.09s
..[7068.222s][info][gc,start       ] GC(2251) Pause Young (Allocation Failure)
[7068.318s][info][gc,heap        ] GC(2251) PSYoungGen: 2572608K(2610176K)->149024K(2609664K) Eden: 2429952K(2429952K)->0K(2429952K) From: 142656K(180224K)->149024K(179712K)
[7068.319s][info][gc,heap        ] GC(2251) ParOldGen: 2418386K(4450816K)->2510730K(4450816K)
[7068.319s][info][gc,metaspace   ] GC(2251) Metaspace: 29095K(29504K)->29095K(29504K) NonClass: 24211K(24384K)->24211K(24384K) Class: 4884K(5120K)->4884K(5120K)
[7068.319s][info][gc             ] GC(2251) Pause Young (Allocation Failure) 4874M->2597M(6895M) 96.748ms
[7068.319s][info][gc,cpu         ] GC(2251) User=0.57s Sys=0.00s Real=0.09s
.[7069.792s][info][gc,start       ] GC(2252) Pause Young (Allocation Failure)
[7069.888s][info][gc,heap        ] GC(2252) PSYoungGen: 2578976K(2609664K)->139828K(2613760K) Eden: 2429952K(2429952K)->0K(2437120K) From: 149024K(179712K)->139828K(176640K)
[7069.888s][info][gc,heap        ] GC(2252) ParOldGen: 2510730K(4450816K)->2602722K(4450816K)
[7069.888s][info][gc,metaspace   ] GC(2252) Metaspace: 29095K(29504K)->29095K(29504K) NonClass: 24211K(24384K)->24211K(24384K) Class: 4884K(5120K)->4884K(5120K)
[7069.888s][info][gc             ] GC(2252) Pause Young (Allocation Failure) 4970M->2678M(6899M) 95.777ms
[7069.888s][info][gc,cpu         ] GC(2252) User=0.56s Sys=0.00s Real=0.09s
.|.[7071.496s][info][gc,start       ] GC(2253) Pause Young (Allocation Failure)
[7071.594s][info][gc,heap        ] GC(2253) PSYoungGen: 2576948K(2613760K)->154816K(2612736K) Eden: 2437120K(2437120K)->0K(2437120K) From: 139828K(176640K)->154816K(175616K)
[7071.594s][info][gc,heap        ] GC(2253) ParOldGen: 2602722K(4450816K)->2689394K(4450816K)
[7071.594s][info][gc,metaspace   ] GC(2253) Metaspace: 29095K(29504K)->29095K(29504K) NonClass: 24211K(24384K)->24211K(24384K) Class: 4884K(5120K)->4884K(5120K)
[7071.594s][info][gc             ] GC(2253) Pause Young (Allocation Failure) 5058M->2777M(6898M) 98.231ms
[7071.594s][info][gc,cpu         ] GC(2253) User=0.58s Sys=0.00s Real=0.10s
..[7073.102s][info][gc,start       ] GC(2254) Pause Young (Allocation Failure)
[7073.198s][info][gc,heap        ] GC(2254) PSYoungGen: 2591936K(2612736K)->146147K(2616320K) Eden: 2437120K(2437120K)->0K(2444800K) From: 154816K(175616K)->146147K(171520K)
[7073.198s][info][gc,heap        ] GC(2254) ParOldGen: 2689394K(4450816K)->2782258K(4450816K)
[7073.198s][info][gc,metaspace   ] GC(2254) Metaspace: 29095K(29504K)->29095K(29504K) NonClass: 24211K(24384K)->24211K(24384K) Class: 4884K(5120K)->4884K(5120K)
[7073.198s][info][gc             ] GC(2254) Pause Young (Allocation Failure) 5157M->2859M(6901M) 96.291ms
[7073.198s][info][gc,cpu         ] GC(2254) User=0.58s Sys=0.00s Real=0.09s
.[7074.676s][info][gc,start       ] GC(2255) Pause Young (Allocation Failure)
[7074.771s][info][gc,heap        ] GC(2255) PSYoungGen: 2590947K(2616320K)->139409K(2617856K) Eden: 2444800K(2444800K)->0K(2444800K) From: 146147K(171520K)->139409K(173056K)
[7074.771s][info][gc,heap        ] GC(2255) ParOldGen: 2782258K(4450816K)->2873514K(4450816K)
[7074.771s][info][gc,metaspace   ] GC(2255) Metaspace: 29095K(29504K)->29095K(29504K) NonClass: 24211K(24384K)->24211K(24384K) Class: 4884K(5120K)->4884K(5120K)
[7074.771s][info][gc             ] GC(2255) Pause Young (Allocation Failure) 5247M->2942M(6903M) 94.316ms
[7074.771s][info][gc,cpu         ] GC(2255) User=0.56s Sys=0.00s Real=0.10s
..[7076.461s][info][gc,start       ] GC(2256) Pause Young (Allocation Failure)
[7076.565s][info][gc,heap        ] GC(2256) PSYoungGen: 2584209K(2617856K)->160854K(2619392K) Eden: 2444800K(2444800K)->0K(2446848K) From: 139409K(173056K)->160854K(172544K)
[7076.565s][info][gc,heap        ] GC(2256) ParOldGen: 2873514K(4450816K)->2963578K(4450816K)
[7076.565s][info][gc,metaspace   ] GC(2256) Metaspace: 29095K(29504K)->29095K(29504K) NonClass: 24211K(24384K)->24211K(24384K) Class: 4884K(5120K)->4884K(5120K)
[7076.565s][info][gc             ] GC(2256) Pause Young (Allocation Failure) 5329M->3051M(6904M) 104.145ms
[7076.565s][info][gc,cpu         ] GC(2256) User=0.62s Sys=0.00s Real=0.10s
..[7078.094s][info][gc,start       ] GC(2257) Pause Young (Allocation Failure)
[7078.190s][info][gc,heap        ] GC(2257) PSYoungGen: 2607702K(2619392K)->144864K(2621440K) Eden: 2446848K(2446848K)->0K(2446848K) From: 160854K(172544K)->144864K(174592K)
[7078.190s][info][gc,heap        ] GC(2257) ParOldGen: 2963578K(4450816K)->3057562K(4450816K)
[7078.190s][info][gc,metaspace   ] GC(2257) Metaspace: 29095K(29504K)->29095K(29504K) NonClass: 24211K(24384K)->24211K(24384K) Class: 4884K(5120K)->4884K(5120K)
[7078.190s][info][gc             ] GC(2257) Pause Young (Allocation Failure) 5440M->3127M(6906M) 96.098ms
[7078.190s][info][gc,cpu         ] GC(2257) User=0.57s Sys=0.00s Real=0.10s
.[7079.712s][info][gc,start       ] GC(2258) Pause Young (Allocation Failure)
[7079.806s][info][gc,heap        ] GC(2258) PSYoungGen: 2591712K(2621440K)->137632K(2619904K) Eden: 2446848K(2446848K)->0K(2448384K) From: 144864K(174592K)->137632K(171520K)
[7079.806s][info][gc,heap        ] GC(2258) ParOldGen: 3057562K(4450816K)->3147786K(4450816K)
[7079.806s][info][gc,metaspace   ] GC(2258) Metaspace: 29095K(29504K)->29095K(29504K) NonClass: 24211K(24384K)->24211K(24384K) Class: 4884K(5120K)->4884K(5120K)
[7079.806s][info][gc             ] GC(2258) Pause Young (Allocation Failure) 5516M->3208M(6905M) 93.874ms
[7079.806s][info][gc,cpu         ] GC(2258) User=0.55s Sys=0.00s Real=0.09s
..[7081.387s][info][gc,start       ] GC(2259) Pause Young (Allocation Failure)
[7081.484s][info][gc,heap        ] GC(2259) PSYoungGen: 2586016K(2619904K)->147808K(2620928K) Eden: 2448384K(2448384K)->0K(2448384K) From: 137632K(171520K)->147808K(172544K)
[7081.484s][info][gc,heap        ] GC(2259) ParOldGen: 3147786K(4450816K)->3238794K(4450816K)
[7081.484s][info][gc,metaspace   ] GC(2259) Metaspace: 29095K(29504K)->29095K(29504K) NonClass: 24211K(24384K)->24211K(24384K) Class: 4884K(5120K)->4884K(5120K)
[7081.484s][info][gc             ] GC(2259) Pause Young (Allocation Failure) 5599M->3307M(6906M) 96.562ms
[7081.484s][info][gc,cpu         ] GC(2259) User=0.57s Sys=0.00s Real=0.10s
.[7082.982s][info][gc,start       ] GC(2260) Pause Young (Allocation Failure)
[7083.076s][info][gc,heap        ] GC(2260) PSYoungGen: 2596192K(2620928K)->142944K(2621952K) Eden: 2448384K(2448384K)->0K(2453504K) From: 147808K(172544K)->142944K(168448K)
[7083.076s][info][gc,heap        ] GC(2260) ParOldGen: 3238794K(4450816K)->3329058K(4450816K)
[7083.076s][info][gc,metaspace   ] GC(2260) Metaspace: 29095K(29504K)->29095K(29504K) NonClass: 24211K(24384K)->24211K(24384K) Class: 4884K(5120K)->4884K(5120K)
[7083.076s][info][gc             ] GC(2260) Pause Young (Allocation Failure) 5698M->3390M(6907M) 94.352ms
[7083.076s][info][gc,cpu         ] GC(2260) User=0.56s Sys=0.00s Real=0.09s
..[7084.527s][info][gc,start       ] GC(2261) Pause Young (Allocation Failure)
[7084.624s][info][gc,heap        ] GC(2261) PSYoungGen: 2596448K(2621952K)->143573K(2621952K) Eden: 2453504K(2453504K)->0K(2453504K) From: 142944K(168448K)->143573K(168448K)
[7084.624s][info][gc,heap        ] GC(2261) ParOldGen: 3329058K(4450816K)->3420002K(4450816K)
[7084.624s][info][gc,metaspace   ] GC(2261) Metaspace: 29095K(29504K)->29095K(29504K) NonClass: 24211K(24384K)->24211K(24384K) Class: 4884K(5120K)->4884K(5120K)
[7084.624s][info][gc             ] GC(2261) Pause Young (Allocation Failure) 5786M->3480M(6907M) 96.425ms
[7084.624s][info][gc,cpu         ] GC(2261) User=0.57s Sys=0.00s Real=0.10s
.[7086.196s][info][gc,start       ] GC(2262) Pause Young (Allocation Failure)
[7086.297s][info][gc,heap        ] GC(2262) PSYoungGen: 2597077K(2621952K)->155168K(2624512K) Eden: 2453504K(2453504K)->0K(2457600K) From: 143573K(168448K)->155168K(166912K)
[7086.297s][info][gc,heap        ] GC(2262) ParOldGen: 3420002K(4450816K)->3512482K(4450816K)
[7086.297s][info][gc,metaspace   ] GC(2262) Metaspace: 29095K(29504K)->29095K(29504K) NonClass: 24211K(24384K)->24211K(24384K) Class: 4884K(5120K)->4884K(5120K)
[7086.297s][info][gc             ] GC(2262) Pause Young (Allocation Failure) 5876M->3581M(6909M) 101.174ms
[7086.297s][info][gc,cpu         ] GC(2262) User=0.60s Sys=0.00s Real=0.10s
..[7087.825s][info][gc,start       ] GC(2263) Pause Young (Allocation Failure)
[7087.925s][info][gc,heap        ] GC(2263) PSYoungGen: 2612768K(2624512K)->147379K(2626048K) Eden: 2457600K(2457600K)->0K(2457600K) From: 155168K(166912K)->147379K(168448K)
[7087.925s][info][gc,heap        ] GC(2263) ParOldGen: 3512482K(4450816K)->3605154K(4450816K)
[7087.925s][info][gc,metaspace   ] GC(2263) Metaspace: 29095K(29504K)->29095K(29504K) NonClass: 24211K(24384K)->24211K(24384K) Class: 4884K(5120K)->4884K(5120K)
[7087.925s][info][gc             ] GC(2263) Pause Young (Allocation Failure) 5981M->3664M(6911M) 100.366ms
[7087.925s][info][gc,cpu         ] GC(2263) User=0.60s Sys=0.00s Real=0.10s
..[7089.480s][info][gc,start       ] GC(2264) Pause Young (Allocation Failure)
[7089.580s][info][gc,heap        ] GC(2264) PSYoungGen: 2604979K(2626048K)->152325K(2627072K) Eden: 2457600K(2457600K)->0K(2460672K) From: 147379K(168448K)->152325K(166400K)
[7089.580s][info][gc,heap        ] GC(2264) ParOldGen: 3605154K(4450816K)->3696330K(4450816K)
[7089.580s][info][gc,metaspace   ] GC(2264) Metaspace: 29095K(29504K)->29095K(29504K) NonClass: 24211K(24384K)->24211K(24384K) Class: 4884K(5120K)->4884K(5120K)
[7089.580s][info][gc             ] GC(2264) Pause Young (Allocation Failure) 6064M->3758M(6912M) 99.937ms
[7089.580s][info][gc,cpu         ] GC(2264) User=0.60s Sys=0.00s Real=0.10s
.[7091.210s][info][gc,start       ] GC(2265) Pause Young (Allocation Failure)
[7091.308s][info][gc,heap        ] GC(2265) PSYoungGen: 2612997K(2627072K)->148004K(2627072K) Eden: 2460672K(2460672K)->0K(2460672K) From: 152325K(166400K)->148004K(166400K)
[7091.308s][info][gc,heap        ] GC(2265) ParOldGen: 3696330K(4450816K)->3785842K(4450816K)
[7091.308s][info][gc,metaspace   ] GC(2265) Metaspace: 29095K(29504K)->29095K(29504K) NonClass: 24211K(24384K)->24211K(24384K) Class: 4884K(5120K)->4884K(5120K)
[7091.308s][info][gc             ] GC(2265) Pause Young (Allocation Failure) 6161M->3841M(6912M) 97.850ms
[7091.308s][info][gc,cpu         ] GC(2265) User=0.58s Sys=0.00s Real=0.09s
..[7092.847s][info][gc,start       ] GC(2266) Pause Young (Allocation Failure)
[7092.941s][info][gc,heap        ] GC(2266) PSYoungGen: 2608676K(2627072K)->140064K(2627584K) Eden: 2460672K(2460672K)->0K(2463232K) From: 148004K(166400K)->140064K(164352K)
[7092.941s][info][gc,heap        ] GC(2266) ParOldGen: 3785842K(4450816K)->3877426K(4450816K)
[7092.941s][info][gc,metaspace   ] GC(2266) Metaspace: 29095K(29504K)->29095K(29504K) NonClass: 24211K(24384K)->24211K(24384K) Class: 4884K(5120K)->4884K(5120K)
[7092.941s][info][gc             ] GC(2266) Pause Young (Allocation Failure) 6244M->3923M(6912M) 94.625ms
[7092.941s][info][gc,cpu         ] GC(2266) User=0.56s Sys=0.01s Real=0.10s
.[7094.498s][info][gc,start       ] GC(2267) Pause Young (Allocation Failure)
[7094.600s][info][gc,heap        ] GC(2267) PSYoungGen: 2603296K(2627584K)->157428K(2627584K) Eden: 2463232K(2463232K)->0K(2463232K) From: 140064K(164352K)->157428K(164352K)
[7094.600s][info][gc,heap        ] GC(2267) ParOldGen: 3877426K(4450816K)->3968770K(4450816K)
[7094.600s][info][gc,metaspace   ] GC(2267) Metaspace: 29095K(29504K)->29095K(29504K) NonClass: 24211K(24384K)->24211K(24384K) Class: 4884K(5120K)->4884K(5120K)
[7094.600s][info][gc             ] GC(2267) Pause Young (Allocation Failure) 6328M->4029M(6912M) 101.760ms
[7094.600s][info][gc,cpu         ] GC(2267) User=0.61s Sys=0.00s Real=0.11s
..[7096.068s][info][gc,start       ] GC(2268) Pause Young (Allocation Failure)
[7096.165s][info][gc,heap        ] GC(2268) PSYoungGen: 2620660K(2627584K)->144800K(2630144K) Eden: 2463232K(2463232K)->0K(2464768K) From: 157428K(164352K)->144800K(165376K)
[7096.165s][info][gc,heap        ] GC(2268) ParOldGen: 3968770K(4450816K)->4060674K(4450816K)
[7096.165s][info][gc,metaspace   ] GC(2268) Metaspace: 29095K(29504K)->29095K(29504K) NonClass: 24211K(24384K)->24211K(24384K) Class: 4884K(5120K)->4884K(5120K)
[7096.165s][info][gc             ] GC(2268) Pause Young (Allocation Failure) 6434M->4106M(6915M) 96.798ms
[7096.165s][info][gc,cpu         ] GC(2268) User=0.57s Sys=0.00s Real=0.10s
..[7097.812s][info][gc,start       ] GC(2269) Pause Young (Allocation Failure)
[7097.911s][info][gc,heap        ] GC(2269) PSYoungGen: 2609568K(2630144K)->149312K(2629632K) Eden: 2464768K(2464768K)->0K(2464768K) From: 144800K(165376K)->149312K(164864K)
[7097.911s][info][gc,heap        ] GC(2269) ParOldGen: 4060674K(4450816K)->4151754K(4450816K)
[7097.911s][info][gc,metaspace   ] GC(2269) Metaspace: 29095K(29504K)->29095K(29504K) NonClass: 24211K(24384K)->24211K(24384K) Class: 4884K(5120K)->4884K(5120K)
[7097.911s][info][gc             ] GC(2269) Pause Young (Allocation Failure) 6513M->4200M(6914M) 99.452ms
[7097.911s][info][gc,cpu         ] GC(2269) User=0.59s Sys=0.00s Real=0.10s
.[7099.445s][info][gc,start       ] GC(2270) Pause Young (Allocation Failure)
[7099.549s][info][gc,heap        ] GC(2270) PSYoungGen: 2614080K(2629632K)->152980K(2629120K) Eden: 2464768K(2464768K)->0K(2465280K) From: 149312K(164864K)->152980K(163840K)
[7099.549s][info][gc,heap        ] GC(2270) ParOldGen: 4151754K(4450816K)->4245850K(4450816K)
[7099.549s][info][gc,metaspace   ] GC(2270) Metaspace: 29095K(29504K)->29095K(29504K) NonClass: 24211K(24384K)->24211K(24384K) Class: 4884K(5120K)->4884K(5120K)
[7099.549s][info][gc             ] GC(2270) Pause Young (Allocation Failure) 6607M->4295M(6914M) 103.649ms
[7099.549s][info][gc,cpu         ] GC(2270) User=0.62s Sys=0.00s Real=0.10s
..[7101.031s][info][gc,start       ] GC(2271) Pause Young (Allocation Failure)
[7101.136s][info][gc,heap        ] GC(2271) PSYoungGen: 2618260K(2629120K)->159760K(2625536K) Eden: 2465280K(2465280K)->0K(2465280K) From: 152980K(163840K)->159760K(160256K)
[7101.136s][info][gc,heap        ] GC(2271) ParOldGen: 4245850K(4450816K)->4333570K(4450816K)
[7101.136s][info][gc,metaspace   ] GC(2271) Metaspace: 29095K(29504K)->29095K(29504K) NonClass: 24211K(24384K)->24211K(24384K) Class: 4884K(5120K)->4884K(5120K)
[7101.136s][info][gc             ] GC(2271) Pause Young (Allocation Failure) 6703M->4388M(6910M) 104.204ms
[7101.136s][info][gc,cpu         ] GC(2271) User=0.63s Sys=0.00s Real=0.10s
.[7102.643s][info][gc,start       ] GC(2272) Pause Young (Allocation Failure)
[7102.743s][info][gc,heap        ] GC(2272) PSYoungGen: 2625040K(2625536K)->148624K(2630656K) Eden: 2465280K(2465280K)->0K(2463744K) From: 159760K(160256K)->148624K(166912K)
[7102.743s][info][gc,heap        ] GC(2272) ParOldGen: 4333570K(4450816K)->4427090K(4450816K)
[7102.743s][info][gc,metaspace   ] GC(2272) Metaspace: 29095K(29504K)->29095K(29504K) NonClass: 24211K(24384K)->24211K(24384K) Class: 4884K(5120K)->4884K(5120K)
[7102.743s][info][gc             ] GC(2272) Pause Young (Allocation Failure) 6795M->4468M(6915M) 100.489ms
[7102.743s][info][gc,cpu         ] GC(2272) User=0.59s Sys=0.01s Real=0.10s
..[7104.316s][info][gc,start       ] GC(2273) Pause Young (Allocation Failure)
[7104.421s][info][gc,heap        ] GC(2273) PSYoungGen: 2612368K(2630656K)->157221K(2629120K) Eden: 2463744K(2463744K)->0K(2463744K) From: 148624K(166912K)->157221K(165376K)
[7104.421s][info][gc,heap        ] GC(2273) ParOldGen: 4427090K(4450816K)->4519626K(4519936K)
[7104.421s][info][gc,metaspace   ] GC(2273) Metaspace: 29095K(29504K)->29095K(29504K) NonClass: 24211K(24384K)->24211K(24384K) Class: 4884K(5120K)->4884K(5120K)
[7104.421s][info][gc             ] GC(2273) Pause Young (Allocation Failure) 6874M->4567M(6981M) 105.801ms
[7104.421s][info][gc,cpu         ] GC(2273) User=0.61s Sys=0.02s Real=0.11s
..[7105.973s][info][gc,start       ] GC(2274) Pause Young (Allocation Failure)
[7106.071s][info][gc,heap        ] GC(2274) PSYoungGen: 2620965K(2629120K)->142400K(2629632K) Eden: 2463744K(2463744K)->0K(2463232K) From: 157221K(165376K)->142400K(166400K)
[7106.071s][info][gc,heap        ] GC(2274) ParOldGen: 4519626K(4519936K)->4610426K(4610560K)
[7106.071s][info][gc,metaspace   ] GC(2274) Metaspace: 29095K(29504K)->29095K(29504K) NonClass: 24211K(24384K)->24211K(24384K) Class: 4884K(5120K)->4884K(5120K)
[7106.071s][info][gc             ] GC(2274) Pause Young (Allocation Failure) 6973M->4641M(7070M) 98.720ms
[7106.071s][info][gc,cpu         ] GC(2274) User=0.57s Sys=0.02s Real=0.10s
.[7107.640s][info][gc,start       ] GC(2275) Pause Young (Allocation Failure)
[7107.744s][info][gc,heap        ] GC(2275) PSYoungGen: 2605632K(2629632K)->147060K(2610688K) Eden: 2463232K(2463232K)->0K(2463232K) From: 142400K(166400K)->147060K(147456K)
[7107.744s][info][gc,heap        ] GC(2275) ParOldGen: 4610426K(4610560K)->4702402K(4702720K)
[7107.744s][info][gc,metaspace   ] GC(2275) Metaspace: 29095K(29504K)->29095K(29504K) NonClass: 24211K(24384K)->24211K(24384K) Class: 4884K(5120K)->4884K(5120K)
[7107.744s][info][gc             ] GC(2275) Pause Young (Allocation Failure) 7046M->4735M(7142M) 104.797ms
[7107.744s][info][gc,cpu         ] GC(2275) User=0.60s Sys=0.02s Real=0.10s
..[7109.258s][info][gc,start       ] GC(2276) Pause Young (Allocation Failure)
[7109.372s][info][gc,heap        ] GC(2276) PSYoungGen: 2610292K(2610688K)->164834K(2554368K) Eden: 2463232K(2463232K)->0K(2389504K) From: 147060K(147456K)->164834K(164864K)
[7109.372s][info][gc,heap        ] GC(2276) ParOldGen: 4702402K(4702720K)->4793770K(4793856K)
[7109.372s][info][gc,metaspace   ] GC(2276) Metaspace: 29095K(29504K)->29095K(29504K) NonClass: 24211K(24384K)->24211K(24384K) Class: 4884K(5120K)->4884K(5120K)
[7109.372s][info][gc             ] GC(2276) Pause Young (Allocation Failure) 7141M->4842M(7176M) 113.520ms
[7109.372s][info][gc,cpu         ] GC(2276) User=0.65s Sys=0.03s Real=0.12s
.[7110.844s][info][gc,start       ] GC(2277) Pause Young (Allocation Failure)
[7110.948s][info][gc,heap        ] GC(2277) PSYoungGen: 2554338K(2554368K)->138560K(2592768K) Eden: 2389504K(2389504K)->0K(2389504K) From: 164834K(164864K)->138560K(203264K)
[7110.948s][info][gc,heap        ] GC(2277) ParOldGen: 4793770K(4793856K)->4890138K(4890624K)
[7110.948s][info][gc,metaspace   ] GC(2277) Metaspace: 29095K(29504K)->29095K(29504K) NonClass: 24211K(24384K)->24211K(24384K) Class: 4884K(5120K)->4884K(5120K)
[7110.948s][info][gc             ] GC(2277) Pause Young (Allocation Failure) 7175M->4910M(7308M) 103.610ms
[7110.948s][info][gc,cpu         ] GC(2277) User=0.58s Sys=0.03s Real=0.10s
..[7112.439s][info][gc,start       ] GC(2278) Pause Young (Allocation Failure)
[7112.544s][info][gc,heap        ] GC(2278) PSYoungGen: 2528064K(2592768K)->153568K(2584576K) Eden: 2389504K(2389504K)->0K(2390528K) From: 138560K(203264K)->153568K(194048K)
[7112.544s][info][gc,heap        ] GC(2278) ParOldGen: 4890138K(4890624K)->4977882K(4978176K)
[7112.544s][info][gc,metaspace   ] GC(2278) Metaspace: 29095K(29504K)->29095K(29504K) NonClass: 24211K(24384K)->24211K(24384K) Class: 4884K(5120K)->4884K(5120K)
[7112.544s][info][gc             ] GC(2278) Pause Young (Allocation Failure) 7244M->5011M(7385M) 105.605ms
[7112.544s][info][gc,cpu         ] GC(2278) User=0.60s Sys=0.03s Real=0.11s
.[7114.042s][info][gc,start       ] GC(2279) Pause Young (Allocation Failure)
[7114.145s][info][gc,heap        ] GC(2279) PSYoungGen: 2544096K(2584576K)->144744K(2589184K) Eden: 2390528K(2390528K)->0K(2390528K) From: 153568K(194048K)->144744K(198656K)
[7114.145s][info][gc,heap        ] GC(2279) ParOldGen: 4977882K(4978176K)->5069290K(5069312K)
[7114.145s][info][gc,metaspace   ] GC(2279) Metaspace: 29095K(29504K)->29095K(29504K) NonClass: 24211K(24384K)->24211K(24384K) Class: 4884K(5120K)->4884K(5120K)
[7114.145s][info][gc             ] GC(2279) Pause Young (Allocation Failure) 7345M->5091M(7479M) 103.002ms
[7114.145s][info][gc,cpu         ] GC(2279) User=0.58s Sys=0.03s Real=0.10s
..[7115.634s][info][gc,start       ] GC(2280) Pause Young (Allocation Failure)
[7115.738s][info][gc,heap        ] GC(2280) PSYoungGen: 2535272K(2589184K)->146143K(2591232K) Eden: 2390528K(2390528K)->0K(2400768K) From: 144744K(198656K)->146143K(190464K)
[7115.738s][info][gc,heap        ] GC(2280) ParOldGen: 5069290K(5069312K)->5159906K(5159936K)
[7115.738s][info][gc,metaspace   ] GC(2280) Metaspace: 29095K(29504K)->29095K(29504K) NonClass: 24211K(24384K)->24211K(24384K) Class: 4884K(5120K)->4884K(5120K)
[7115.738s][info][gc             ] GC(2280) Pause Young (Allocation Failure) 7426M->5181M(7569M) 104.157ms
[7115.738s][info][gc,cpu         ] GC(2280) User=0.59s Sys=0.02s Real=0.10s
..[7117.255s][info][gc,start       ] GC(2281) Pause Young (Allocation Failure)
[7117.360s][info][gc,heap        ] GC(2281) PSYoungGen: 2546911K(2591232K)->152265K(2595328K) Eden: 2400768K(2400768K)->0K(2400768K) From: 146143K(190464K)->152265K(194560K)
[7117.360s][info][gc,heap        ] GC(2281) ParOldGen: 5159906K(5159936K)->5251730K(5252096K)
[7117.360s][info][gc,metaspace   ] GC(2281) Metaspace: 29095K(29504K)->29095K(29504K) NonClass: 24211K(24384K)->24211K(24384K) Class: 4884K(5120K)->4884K(5120K)
[7117.360s][info][gc             ] GC(2281) Pause Young (Allocation Failure) 7526M->5277M(7663M) 105.023ms
[7117.360s][info][gc,cpu         ] GC(2281) User=0.59s Sys=0.03s Real=0.11s
.[7118.892s][info][gc,start       ] GC(2282) Pause Young (Allocation Failure)
[7118.994s][info][gc,heap        ] GC(2282) PSYoungGen: 2553033K(2595328K)->146928K(2596864K) Eden: 2400768K(2400768K)->0K(2410496K) From: 152265K(194560K)->146928K(186368K)
[7118.994s][info][gc,heap        ] GC(2282) ParOldGen: 5251730K(5252096K)->5340138K(5340160K)
[7118.994s][info][gc,metaspace   ] GC(2282) Metaspace: 29095K(29504K)->29095K(29504K) NonClass: 24211K(24384K)->24211K(24384K) Class: 4884K(5120K)->4884K(5120K)
[7118.994s][info][gc             ] GC(2282) Pause Young (Allocation Failure) 7621M->5358M(7751M) 102.030ms
[7118.994s][info][gc,cpu         ] GC(2282) User=0.58s Sys=0.03s Real=0.10s
..[7120.527s][info][gc,start       ] GC(2283) Pause Young (Allocation Failure)
[7120.635s][info][gc,heap        ] GC(2283) PSYoungGen: 2557424K(2596864K)->151965K(2599424K) Eden: 2410496K(2410496K)->0K(2410496K) From: 146928K(186368K)->151965K(188928K)
[7120.635s][info][gc,heap        ] GC(2283) ParOldGen: 5340138K(5340160K)->5435434K(5435904K)
[7120.635s][info][gc,metaspace   ] GC(2283) Metaspace: 29095K(29504K)->29095K(29504K) NonClass: 24211K(24384K)->24211K(24384K) Class: 4884K(5120K)->4884K(5120K)
[7120.635s][info][gc             ] GC(2283) Pause Young (Allocation Failure) 7712M->5456M(7847M) 107.831ms
[7120.635s][info][gc,cpu         ] GC(2283) User=0.61s Sys=0.03s Real=0.11s
.[7122.173s][info][gc,start       ] GC(2284) Pause Young (Allocation Failure)
[7122.276s][info][gc,heap        ] GC(2284) PSYoungGen: 2562461K(2599424K)->150788K(2602496K) Eden: 2410496K(2410496K)->0K(2421248K) From: 151965K(188928K)->150788K(181248K)
[7122.276s][info][gc,heap        ] GC(2284) ParOldGen: 5435434K(5435904K)->5523506K(5523968K)
[7122.276s][info][gc,metaspace   ] GC(2284) Metaspace: 29095K(29504K)->29095K(29504K) NonClass: 24211K(24384K)->24211K(24384K) Class: 4884K(5120K)->4884K(5120K)
[7122.276s][info][gc             ] GC(2284) Pause Young (Allocation Failure) 7810M->5541M(7936M) 103.737ms
[7122.276s][info][gc,cpu         ] GC(2284) User=0.60s Sys=0.02s Real=0.10s
..[7123.735s][info][gc,start       ] GC(2285) Pause Full (Allocation Failure)
[7123.735s][info][gc,phases,start] GC(2285) Marking Phase
[7124.039s][info][gc,phases      ] GC(2285) Marking Phase 303.685ms
[7124.039s][info][gc,phases,start] GC(2285) Summary Phase
[7124.039s][info][gc,phases      ] GC(2285) Summary Phase 0.099ms
[7124.039s][info][gc,phases,start] GC(2285) Forward
[7124.169s][info][gc,phases      ] GC(2285) Forward 129.875ms
[7124.169s][info][gc,phases,start] GC(2285) Adjust Pointers
[7124.366s][info][gc,phases      ] GC(2285) Adjust Pointers 196.782ms
[7124.366s][info][gc,phases,start] GC(2285) Compaction Phase
[7124.493s][info][gc,phases      ] GC(2285) Compaction Phase 127.143ms
[7124.495s][info][gc,phases,start] GC(2285) Post Compact
[7124.501s][info][gc,phases      ] GC(2285) Post Compact 6.807ms
[7124.622s][info][gc,heap        ] GC(2285) PSYoungGen: 2572036K(2602496K)->0K(2604544K) Eden: 2421248K(2421248K)->0K(2421248K) From: 150788K(181248K)->0K(183296K)
[7124.622s][info][gc,heap        ] GC(2285) ParOldGen: 5523506K(5523968K)->1422731K(1780736K)
[7124.622s][info][gc,metaspace   ] GC(2285) Metaspace: 29095K(29504K)->29095K(29504K) NonClass: 24211K(24384K)->24211K(24384K) Class: 4884K(5120K)->4884K(5120K)
[7124.622s][info][gc             ] GC(2285) Pause Full (Allocation Failure) 7905M->1389M(4282M) 887.175ms
[7124.622s][info][gc,cpu         ] GC(2285) User=4.05s Sys=0.12s Real=0.89s
..[7125.887s][info][gc,start       ] GC(2286) Pause Young (Allocation Failure)
[7126.010s][info][gc,heap        ] GC(2286) PSYoungGen: 2421248K(2604544K)->165428K(2610688K) Eden: 2421248K(2421248K)->0K(2427392K) From: 0K(183296K)->165428K(183296K)
[7126.010s][info][gc,heap        ] GC(2286) ParOldGen: 1422731K(1780736K)->1422731K(1780736K)
[7126.010s][info][gc,metaspace   ] GC(2286) Metaspace: 29095K(29504K)->29095K(29504K) NonClass: 24211K(24384K)->24211K(24384K) Class: 4884K(5120K)->4884K(5120K)
[7126.010s][info][gc             ] GC(2286) Pause Young (Allocation Failure) 3753M->1550M(4288M) 122.888ms
[7126.010s][info][gc,cpu         ] GC(2286) User=0.45s Sys=0.00s Real=0.13s
.[7127.440s][info][gc,start       ] GC(2287) Pause Young (Allocation Failure)
[7127.542s][info][gc,heap        ] GC(2287) PSYoungGen: 2592820K(2610688K)->158864K(2611712K) Eden: 2427392K(2427392K)->0K(2427392K) From: 165428K(183296K)->158864K(184320K)
[7127.542s][info][gc,heap        ] GC(2287) ParOldGen: 1422731K(1780736K)->1519731K(1780736K)
[7127.542s][info][gc,metaspace   ] GC(2287) Metaspace: 29095K(29504K)->29095K(29504K) NonClass: 24211K(24384K)->24211K(24384K) Class: 4884K(5120K)->4884K(5120K)
[7127.542s][info][gc             ] GC(2287) Pause Young (Allocation Failure) 3921M->1639M(4289M) 101.345ms
[7127.542s][info][gc,cpu         ] GC(2287) User=0.61s Sys=0.00s Real=0.10s
.[7129.068s][info][gc,start       ] GC(2288) Pause Young (Allocation Failure)
[7129.159s][info][gc,heap        ] GC(2288) PSYoungGen: 2586256K(2611712K)->133216K(2611200K) Eden: 2427392K(2427392K)->0K(2427904K) From: 158864K(184320K)->133216K(183296K)
[7129.159s][info][gc,heap        ] GC(2288) ParOldGen: 1519731K(1780736K)->1613299K(1780736K)
[7129.159s][info][gc,metaspace   ] GC(2288) Metaspace: 29095K(29504K)->29095K(29504K) NonClass: 24211K(24384K)->24211K(24384K) Class: 4884K(5120K)->4884K(5120K)
[7129.159s][info][gc             ] GC(2288) Pause Young (Allocation Failure) 4009M->1705M(4289M) 90.583ms
[7129.159s][info][gc,cpu         ] GC(2288) User=0.54s Sys=0.00s Real=0.09s
.[7130.432s][info][gc,start       ] GC(2289) Pause Young (Allocation Failure)
[7130.533s][info][gc,heap        ] GC(2289) PSYoungGen: 2561120K(2611200K)->167941K(2596352K) Eden: 2427904K(2427904K)->0K(2427904K) From: 133216K(183296K)->167941K(168448K)
[7130.533s][info][gc,heap        ] GC(2289) ParOldGen: 1613299K(1780736K)->1696363K(1780736K)
[7130.533s][info][gc,metaspace   ] GC(2289) Metaspace: 29095K(29504K)->29095K(29504K) NonClass: 24211K(24384K)->24211K(24384K) Class: 4884K(5120K)->4884K(5120K)
[7130.533s][info][gc             ] GC(2289) Pause Young (Allocation Failure) 4076M->1820M(4274M) 101.549ms
[7130.533s][info][gc,cpu         ] GC(2289) User=0.61s Sys=0.00s Real=0.10s
. (rIR:aIR:PR = 12177:12150:12153) (tPR = 180862) [OK] 
  7130s: Performance info:
         Transaction,    Success,    Partial,     Failed,   Receipts, AvgBarcode, 
             Overall,     737100,          0,          0,     699988,      59.48, 
         Response times:
             Request,    Success,    Partial,     Failed,   SkipFail,     Probes,    Samples,      min,      p50,      p90,      p95,      p99,      max, 
       TotalPurchase,     699477,          0,          0,          0,     321679,     450775,      300,    31000,   167000,   581000,  1000000,  1700000,
     InStorePurchase,     365323,          0,          0,          0,     168719,     237003,      300,    31000,   167000,   583000,  1300000,  1700000,
      OnlinePurchase,     259002,          0,          0,          0,     118456,     165191,      300,    30000,   165000,   540000,  1000000,  1300000,
        InstPurchase,      75152,          0,          0,          0,      34504,      48581,      300,    30000,   166000,   610000,  1100000,  1400000,
          AssocOfCat,        734,          0,          0,          0,        596,        886,    23000,    87000,   213000,   314350,   594000,   800000,
      AssocOfProduct,       7334,          0,          0,          0,       3300,       4637,      500,    27000,   163000,   508000,   770000,   940000,
      BusinessReport,       1818,          0,          0,          0,       1503,       2152,    32000,    92000,   237000,   539850,   950000,  1500000,
          CustBuyBeh,       7336,          0,          0,          0,       3278,       4618,      200,    25000,   167000,   553000,   770000,   940000,
       ProductReturn,      19847,          0,          0,          0,       8593,      11968,      200,    30000,   169000,   490000,   683100,  1100000,

  7130s: (89%)   IR =  12315 .[7132.039s][info][gc,start       ] GC(2290) Pause Young (Allocation Failure)
[7132.136s][info][gc,heap        ] GC(2290) PSYoungGen: 2595845K(2596352K)->145088K(2611200K) Eden: 2427904K(2427904K)->0K(2424832K) From: 167941K(168448K)->145088K(186368K)
[7132.136s][info][gc,heap        ] GC(2290) ParOldGen: 1696363K(1780736K)->1794931K(1795072K)
[7132.136s][info][gc,metaspace   ] GC(2290) Metaspace: 29095K(29504K)->29095K(29504K) NonClass: 24211K(24384K)->24211K(24384K) Class: 4884K(5120K)->4884K(5120K)
[7132.136s][info][gc             ] GC(2290) Pause Young (Allocation Failure) 4191M->1894M(4303M) 97.533ms
[7132.136s][info][gc,cpu         ] GC(2290) User=0.58s Sys=0.00s Real=0.10s
.[7133.598s][info][gc,start       ] GC(2291) Pause Young (Allocation Failure)
[7133.693s][info][gc,heap        ] GC(2291) PSYoungGen: 2569920K(2611200K)->135584K(2609664K) Eden: 2424832K(2424832K)->0K(2424832K) From: 145088K(186368K)->135584K(184832K)
[7133.693s][info][gc,heap        ] GC(2291) ParOldGen: 1794931K(1795072K)->1884195K(1884672K)
[7133.693s][info][gc,metaspace   ] GC(2291) Metaspace: 29095K(29504K)->29095K(29504K) NonClass: 24211K(24384K)->24211K(24384K) Class: 4884K(5120K)->4884K(5120K)
[7133.693s][info][gc             ] GC(2291) Pause Young (Allocation Failure) 4262M->1972M(4389M) 94.487ms
[7133.693s][info][gc,cpu         ] GC(2291) User=0.54s Sys=0.02s Real=0.10s
..[7135.229s][info][gc,start       ] GC(2292) Pause Young (Allocation Failure)
[7135.336s][info][gc,heap        ] GC(2292) PSYoungGen: 2560416K(2609664K)->159017K(2610176K) Eden: 2424832K(2424832K)->0K(2425344K) From: 135584K(184832K)->159017K(184832K)
[7135.336s][info][gc,heap        ] GC(2292) ParOldGen: 1884195K(1884672K)->1974323K(1974784K)
[7135.336s][info][gc,metaspace   ] GC(2292) Metaspace: 29095K(29504K)->29095K(29504K) NonClass: 24211K(24384K)->24211K(24384K) Class: 4884K(5120K)->4884K(5120K)
[7135.336s][info][gc             ] GC(2292) Pause Young (Allocation Failure) 4340M->2083M(4477M) 106.429ms
[7135.336s][info][gc,cpu         ] GC(2292) User=0.60s Sys=0.03s Real=0.11s
..[7136.853s][info][gc,start       ] GC(2293) Pause Young (Allocation Failure)
[7136.953s][info][gc,heap        ] GC(2293) PSYoungGen: 2584361K(2610176K)->141393K(2609664K) Eden: 2425344K(2425344K)->0K(2425344K) From: 159017K(184832K)->141393K(184320K)
[7136.953s][info][gc,heap        ] GC(2293) ParOldGen: 1974323K(1974784K)->2067803K(2067968K)
[7136.953s][info][gc,metaspace   ] GC(2293) Metaspace: 29095K(29504K)->29095K(29504K) NonClass: 24211K(24384K)->24211K(24384K) Class: 4884K(5120K)->4884K(5120K)
[7136.953s][info][gc             ] GC(2293) Pause Young (Allocation Failure) 4451M->2157M(4568M) 99.259ms
[7136.953s][info][gc,cpu         ] GC(2293) User=0.57s Sys=0.02s Real=0.10s
.|[7138.466s][info][gc,start       ] GC(2294) Pause Young (Allocation Failure)
[7138.568s][info][gc,heap        ] GC(2294) PSYoungGen: 2566737K(2609664K)->155472K(2610176K) Eden: 2425344K(2425344K)->0K(2428416K) From: 141393K(184320K)->155472K(181760K)
[7138.568s][info][gc,heap        ] GC(2294) ParOldGen: 2067803K(2067968K)->2156995K(2157056K)
[7138.568s][info][gc,metaspace   ] GC(2294) Metaspace: 29095K(29504K)->29095K(29504K) NonClass: 24211K(24384K)->24211K(24384K) Class: 4884K(5120K)->4884K(5120K)
[7138.568s][info][gc             ] GC(2294) Pause Young (Allocation Failure) 4525M->2258M(4655M) 102.031ms
[7138.568s][info][gc,cpu         ] GC(2294) User=0.58s Sys=0.03s Real=0.10s
..[7140.146s][info][gc,start       ] GC(2295) Pause Young (Allocation Failure)
[7140.250s][info][gc,heap        ] GC(2295) PSYoungGen: 2583725K(2610176K)->152640K(2609664K) Eden: 2428253K(2428416K)->0K(2428416K) From: 155472K(181760K)->152640K(181248K)
[7140.250s][info][gc,heap        ] GC(2295) ParOldGen: 2156995K(2157056K)->2249251K(2249728K)
[7140.250s][info][gc,metaspace   ] GC(2295) Metaspace: 29095K(29504K)->29095K(29504K) NonClass: 24211K(24384K)->24211K(24384K) Class: 4884K(5120K)->4884K(5120K)
[7140.250s][info][gc             ] GC(2295) Pause Young (Allocation Failure) 4629M->2345M(4745M) 104.079ms
[7140.250s][info][gc,cpu         ] GC(2295) User=0.59s Sys=0.02s Real=0.11s
.[7141.711s][info][gc,start       ] GC(2296) Pause Young (Allocation Failure)
[7141.813s][info][gc,heap        ] GC(2296) PSYoungGen: 2581056K(2609664K)->146361K(2613248K) Eden: 2428416K(2428416K)->0K(2434560K) From: 152640K(181248K)->146361K(178688K)
[7141.813s][info][gc,heap        ] GC(2296) ParOldGen: 2249251K(2249728K)->2341731K(2341888K)
[7141.813s][info][gc,metaspace   ] GC(2296) Metaspace: 29095K(29504K)->29095K(29504K) NonClass: 24211K(24384K)->24211K(24384K) Class: 4884K(5120K)->4884K(5120K)
[7141.813s][info][gc             ] GC(2296) Pause Young (Allocation Failure) 4717M->2429M(4839M) 102.262ms
[7141.813s][info][gc,cpu         ] GC(2296) User=0.57s Sys=0.03s Real=0.10s
..[7143.311s][info][gc,start       ] GC(2297) Pause Young (Allocation Failure)
[7143.416s][info][gc,heap        ] GC(2297) PSYoungGen: 2580921K(2613248K)->159195K(2611712K) Eden: 2434560K(2434560K)->0K(2434560K) From: 146361K(178688K)->159195K(177152K)
[7143.416s][info][gc,heap        ] GC(2297) ParOldGen: 2341731K(2341888K)->2428523K(2428928K)
[7143.416s][info][gc,metaspace   ] GC(2297) Metaspace: 29095K(29504K)->29095K(29504K) NonClass: 24211K(24384K)->24211K(24384K) Class: 4884K(5120K)->4884K(5120K)
[7143.416s][info][gc             ] GC(2297) Pause Young (Allocation Failure) 4807M->2527M(4922M) 104.809ms
[7143.416s][info][gc,cpu         ] GC(2297) User=0.59s Sys=0.03s Real=0.10s
..[7144.972s][info][gc,start       ] GC(2298) Pause Young (Allocation Failure)
[7145.069s][info][gc,heap        ] GC(2298) PSYoungGen: 2593755K(2611712K)->140320K(2618368K) Eden: 2434560K(2434560K)->0K(2440704K) From: 159195K(177152K)->140320K(177664K)
[7145.069s][info][gc,heap        ] GC(2298) ParOldGen: 2428523K(2428928K)->2523107K(2523136K)
[7145.069s][info][gc,metaspace   ] GC(2298) Metaspace: 29095K(29504K)->29095K(29504K) NonClass: 24211K(24384K)->24211K(24384K) Class: 4884K(5120K)->4884K(5120K)
[7145.069s][info][gc             ] GC(2298) Pause Young (Allocation Failure) 4904M->2601M(5021M) 96.613ms
[7145.069s][info][gc,cpu         ] GC(2298) User=0.54s Sys=0.04s Real=0.09s
.[7146.589s][info][gc,start       ] GC(2299) Pause Young (Allocation Failure)
[7146.692s][info][gc,heap        ] GC(2299) PSYoungGen: 2581024K(2618368K)->148537K(2589696K) Eden: 2440704K(2440704K)->0K(2440704K) From: 140320K(177664K)->148537K(148992K)
[7146.692s][info][gc,heap        ] GC(2299) ParOldGen: 2523107K(2523136K)->2611635K(2611712K)
[7146.692s][info][gc,metaspace   ] GC(2299) Metaspace: 29095K(29504K)->29095K(29504K) NonClass: 24211K(24384K)->24211K(24384K) Class: 4884K(5120K)->4884K(5120K)
[7146.692s][info][gc             ] GC(2299) Pause Young (Allocation Failure) 4984M->2695M(5079M) 103.151ms
[7146.692s][info][gc,cpu         ] GC(2299) User=0.58s Sys=0.03s Real=0.11s
..[7148.280s][info][gc,start       ] GC(2300) Pause Young (Allocation Failure)
[7148.384s][info][gc,heap        ] GC(2300) PSYoungGen: 2589241K(2589696K)->158032K(2615296K) Eden: 2440704K(2440704K)->0K(2440704K) From: 148537K(148992K)->158032K(174592K)
[7148.384s][info][gc,heap        ] GC(2300) ParOldGen: 2611635K(2611712K)->2701203K(2701312K)
[7148.384s][info][gc,metaspace   ] GC(2300) Metaspace: 29095K(29504K)->29095K(29504K) NonClass: 24211K(24384K)->24211K(24384K) Class: 4884K(5120K)->4884K(5120K)
[7148.384s][info][gc             ] GC(2300) Pause Young (Allocation Failure) 5078M->2792M(5192M) 103.458ms
[7148.384s][info][gc,cpu         ] GC(2300) User=0.59s Sys=0.03s Real=0.10s
.[7149.940s][info][gc,start       ] GC(2301) Pause Young (Allocation Failure)
[7150.043s][info][gc,heap        ] GC(2301) PSYoungGen: 2598736K(2615296K)->147338K(2615808K) Eden: 2440704K(2440704K)->0K(2440704K) From: 158032K(174592K)->147338K(175104K)
[7150.043s][info][gc,heap        ] GC(2301) ParOldGen: 2701203K(2701312K)->2797731K(2798080K)
[7150.043s][info][gc,metaspace   ] GC(2301) Metaspace: 29095K(29504K)->29095K(29504K) NonClass: 24211K(24384K)->24211K(24384K) Class: 4884K(5120K)->4884K(5120K)
[7150.043s][info][gc             ] GC(2301) Pause Young (Allocation Failure) 5175M->2876M(5287M) 103.702ms
[7150.043s][info][gc,cpu         ] GC(2301) User=0.58s Sys=0.03s Real=0.10s
..[7151.571s][info][gc,start       ] GC(2302) Pause Young (Allocation Failure)
[7151.666s][info][gc,heap        ] GC(2302) PSYoungGen: 2588042K(2615808K)->141636K(2620416K) Eden: 2440704K(2440704K)->0K(2446848K) From: 147338K(175104K)->141636K(173568K)
[7151.666s][info][gc,heap        ] GC(2302) ParOldGen: 2797731K(2798080K)->2886835K(2887168K)
[7151.666s][info][gc,metaspace   ] GC(2302) Metaspace: 29095K(29504K)->29095K(29504K) NonClass: 24211K(24384K)->24211K(24384K) Class: 4884K(5120K)->4884K(5120K)
[7151.666s][info][gc             ] GC(2302) Pause Young (Allocation Failure) 5259M->2957M(5378M) 95.978ms
[7151.667s][info][gc,cpu         ] GC(2302) User=0.55s Sys=0.02s Real=0.09s
..[7153.115s][info][gc,start       ] GC(2303) Pause Young (Allocation Failure)
[7153.216s][info][gc,heap        ] GC(2303) PSYoungGen: 2588484K(2620416K)->145216K(2619904K) Eden: 2446848K(2446848K)->0K(2446848K) From: 141636K(173568K)->145216K(173056K)
[7153.216s][info][gc,heap        ] GC(2303) ParOldGen: 2886835K(2887168K)->2978403K(2978816K)
[7153.216s][info][gc,metaspace   ] GC(2303) Metaspace: 29095K(29504K)->29095K(29504K) NonClass: 24211K(24384K)->24211K(24384K) Class: 4884K(5120K)->4884K(5120K)
[7153.216s][info][gc             ] GC(2303) Pause Young (Allocation Failure) 5346M->3050M(5467M) 100.221ms
[7153.216s][info][gc,cpu         ] GC(2303) User=0.55s Sys=0.04s Real=0.10s
.[7154.684s][info][gc,start       ] GC(2304) Pause Young (Allocation Failure)
[7154.780s][info][gc,heap        ] GC(2304) PSYoungGen: 2592064K(2619904K)->137888K(2621440K) Eden: 2446848K(2446848K)->0K(2449920K) From: 145216K(173056K)->137888K(171520K)
[7154.781s][info][gc,heap        ] GC(2304) ParOldGen: 2978403K(2978816K)->3068491K(3068928K)
[7154.781s][info][gc,metaspace   ] GC(2304) Metaspace: 29095K(29504K)->29095K(29504K) NonClass: 24211K(24384K)->24211K(24384K) Class: 4884K(5120K)->4884K(5120K)
[7154.781s][info][gc             ] GC(2304) Pause Young (Allocation Failure) 5439M->3131M(5557M) 96.813ms
[7154.781s][info][gc,cpu         ] GC(2304) User=0.53s Sys=0.03s Real=0.10s
..[7156.302s][info][gc,start       ] GC(2305) Pause Young (Allocation Failure)
[7156.403s][info][gc,heap        ] GC(2305) PSYoungGen: 2587808K(2621440K)->148917K(2620928K) Eden: 2449920K(2449920K)->0K(2449920K) From: 137888K(171520K)->148917K(171008K)
[7156.403s][info][gc,heap        ] GC(2305) ParOldGen: 3068491K(3068928K)->3161267K(3161600K)
[7156.403s][info][gc,metaspace   ] GC(2305) Metaspace: 29095K(29504K)->29095K(29504K) NonClass: 24211K(24384K)->24211K(24384K) Class: 4884K(5120K)->4884K(5120K)
[7156.403s][info][gc             ] GC(2305) Pause Young (Allocation Failure) 5523M->3232M(5647M) 100.587ms
[7156.403s][info][gc,cpu         ] GC(2305) User=0.57s Sys=0.03s Real=0.10s
.[7157.901s][info][gc,start       ] GC(2306) Pause Young (Allocation Failure)
[7157.999s][info][gc,heap        ] GC(2306) PSYoungGen: 2598837K(2620928K)->142720K(2623488K) Eden: 2449920K(2449920K)->0K(2454528K) From: 148917K(171008K)->142720K(168960K)
[7157.999s][info][gc,heap        ] GC(2306) ParOldGen: 3161267K(3161600K)->3250587K(3250688K)
[7157.999s][info][gc,metaspace   ] GC(2306) Metaspace: 29095K(29504K)->29095K(29504K) NonClass: 24211K(24384K)->24211K(24384K) Class: 4884K(5120K)->4884K(5120K)
[7157.999s][info][gc             ] GC(2306) Pause Young (Allocation Failure) 5625M->3313M(5736M) 98.342ms
[7157.999s][info][gc,cpu         ] GC(2306) User=0.54s Sys=0.04s Real=0.09s
..[7159.618s][info][gc,start       ] GC(2307) Pause Young (Allocation Failure)
[7159.719s][info][gc,heap        ] GC(2307) PSYoungGen: 2597248K(2623488K)->142597K(2622464K) Eden: 2454528K(2454528K)->0K(2454528K) From: 142720K(168960K)->142597K(167936K)
[7159.719s][info][gc,heap        ] GC(2307) ParOldGen: 3250587K(3250688K)->3344131K(3344384K)
[7159.719s][info][gc,metaspace   ] GC(2307) Metaspace: 29095K(29504K)->29095K(29504K) NonClass: 24211K(24384K)->24211K(24384K) Class: 4884K(5120K)->4884K(5120K)
[7159.719s][info][gc             ] GC(2307) Pause Young (Allocation Failure) 5710M->3405M(5827M) 101.640ms
[7159.719s][info][gc,cpu         ] GC(2307) User=0.57s Sys=0.03s Real=0.10s
..[7161.291s][info][gc,start       ] GC(2308) Pause Young (Allocation Failure)
[7161.392s][info][gc,heap        ] GC(2308) PSYoungGen: 2597125K(2622464K)->146656K(2626560K) Eden: 2454528K(2454528K)->0K(2460672K) From: 142597K(167936K)->146656K(165888K)
[7161.392s][info][gc,heap        ] GC(2308) ParOldGen: 3344131K(3344384K)->3434579K(3435008K)
[7161.392s][info][gc,metaspace   ] GC(2308) Metaspace: 29095K(29504K)->29095K(29504K) NonClass: 24211K(24384K)->24211K(24384K) Class: 4884K(5120K)->4884K(5120K)
[7161.392s][info][gc             ] GC(2308) Pause Young (Allocation Failure) 5802M->3497M(5919M) 101.577ms
[7161.392s][info][gc,cpu         ] GC(2308) User=0.58s Sys=0.02s Real=0.10s
.[7162.946s][info][gc,start       ] GC(2309) Pause Young (Allocation Failure)
[7163.047s][info][gc,heap        ] GC(2309) PSYoungGen: 2607328K(2626560K)->149712K(2626048K) Eden: 2460672K(2460672K)->0K(2460672K) From: 146656K(165888K)->149712K(165376K)
[7163.047s][info][gc,heap        ] GC(2309) ParOldGen: 3434579K(3435008K)->3523779K(3524096K)
[7163.047s][info][gc,metaspace   ] GC(2309) Metaspace: 29095K(29504K)->29095K(29504K) NonClass: 24211K(24384K)->24211K(24384K) Class: 4884K(5120K)->4884K(5120K)
[7163.047s][info][gc             ] GC(2309) Pause Young (Allocation Failure) 5900M->3587M(6006M) 101.256ms
[7163.047s][info][gc,cpu         ] GC(2309) User=0.57s Sys=0.03s Real=0.10s
..[7164.658s][info][gc,start       ] GC(2310) Pause Young (Allocation Failure)
[7164.760s][info][gc,heap        ] GC(2310) PSYoungGen: 2610384K(2626048K)->143716K(2629632K) Eden: 2460672K(2460672K)->0K(2465792K) From: 149712K(165376K)->143716K(163840K)
[7164.760s][info][gc,heap        ] GC(2310) ParOldGen: 3523779K(3524096K)->3616995K(3617280K)
[7164.760s][info][gc,metaspace   ] GC(2310) Metaspace: 29095K(29504K)->29095K(29504K) NonClass: 24211K(24384K)->24211K(24384K) Class: 4884K(5120K)->4884K(5120K)
[7164.760s][info][gc             ] GC(2310) Pause Young (Allocation Failure) 5990M->3672M(6100M) 102.586ms
[7164.760s][info][gc,cpu         ] GC(2310) User=0.59s Sys=0.03s Real=0.11s
.[7166.273s][info][gc,start       ] GC(2311) Pause Young (Allocation Failure)
[7166.376s][info][gc,heap        ] GC(2311) PSYoungGen: 2609508K(2629632K)->152128K(2629120K) Eden: 2465792K(2465792K)->0K(2465792K) From: 143716K(163840K)->152128K(163328K)
[7166.376s][info][gc,heap        ] GC(2311) ParOldGen: 3616995K(3617280K)->3708227K(3708416K)
[7166.376s][info][gc,metaspace   ] GC(2311) Metaspace: 29095K(29504K)->29095K(29504K) NonClass: 24211K(24384K)->24211K(24384K) Class: 4884K(5120K)->4884K(5120K)
[7166.376s][info][gc             ] GC(2311) Pause Young (Allocation Failure) 6080M->3769M(6189M) 103.623ms
[7166.376s][info][gc,cpu         ] GC(2311) User=0.59s Sys=0.04s Real=0.10s
..[7167.962s][info][gc,start       ] GC(2312) Pause Young (Allocation Failure)
[7168.062s][info][gc,heap        ] GC(2312) PSYoungGen: 2617920K(2629120K)->146944K(2631168K) Eden: 2465792K(2465792K)->0K(2469376K) From: 152128K(163328K)->146944K(161792K)
[7168.062s][info][gc,heap        ] GC(2312) ParOldGen: 3708227K(3708416K)->3798483K(3798528K)
[7168.062s][info][gc,metaspace   ] GC(2312) Metaspace: 29095K(29504K)->29095K(29504K) NonClass: 24211K(24384K)->24211K(24384K) Class: 4884K(5120K)->4884K(5120K)
[7168.062s][info][gc             ] GC(2312) Pause Young (Allocation Failure) 6177M->3852M(6279M) 100.193ms
[7168.062s][info][gc,cpu         ] GC(2312) User=0.56s Sys=0.03s Real=0.10s
..[7169.611s][info][gc,start       ] GC(2313) Pause Young (Allocation Failure)
[7169.708s][info][gc,heap        ] GC(2313) PSYoungGen: 2616320K(2631168K)->138624K(2631680K) Eden: 2469376K(2469376K)->0K(2469376K) From: 146944K(161792K)->138624K(162304K)
[7169.708s][info][gc,heap        ] GC(2313) ParOldGen: 3798483K(3798528K)->3889699K(3890176K)
[7169.708s][info][gc,metaspace   ] GC(2313) Metaspace: 29095K(29504K)->29095K(29504K) NonClass: 24211K(24384K)->24211K(24384K) Class: 4884K(5120K)->4884K(5120K)
[7169.708s][info][gc             ] GC(2313) Pause Young (Allocation Failure) 6264M->3933M(6369M) 97.682ms
[7169.708s][info][gc,cpu         ] GC(2313) User=0.54s Sys=0.03s Real=0.09s
.[7171.159s][info][gc,start       ] GC(2314) Pause Young (Allocation Failure)
[7171.261s][info][gc,heap        ] GC(2314) PSYoungGen: 2608000K(2631680K)->147648K(2631680K) Eden: 2469376K(2469376K)->0K(2471424K) From: 138624K(162304K)->147648K(160256K)
[7171.261s][info][gc,heap        ] GC(2314) ParOldGen: 3889699K(3890176K)->3981347K(3981824K)
[7171.261s][info][gc,metaspace   ] GC(2314) Metaspace: 29095K(29504K)->29095K(29504K) NonClass: 24211K(24384K)->24211K(24384K) Class: 4884K(5120K)->4884K(5120K)
[7171.261s][info][gc             ] GC(2314) Pause Young (Allocation Failure) 6345M->4032M(6458M) 101.413ms
[7171.261s][info][gc,cpu         ] GC(2314) User=0.58s Sys=0.02s Real=0.10s
..[7172.785s][info][gc,start       ] GC(2315) Pause Young (Allocation Failure)
[7172.884s][info][gc,heap        ] GC(2315) PSYoungGen: 2619072K(2631680K)->143872K(2632704K) Eden: 2471424K(2471424K)->0K(2471424K) From: 147648K(160256K)->143872K(161280K)
[7172.884s][info][gc,heap        ] GC(2315) ParOldGen: 3981347K(3981824K)->4073507K(4073984K)
[7172.884s][info][gc,metaspace   ] GC(2315) Metaspace: 29095K(29504K)->29095K(29504K) NonClass: 24211K(24384K)->24211K(24384K) Class: 4884K(5120K)->4884K(5120K)
[7172.884s][info][gc             ] GC(2315) Pause Young (Allocation Failure) 6445M->4118M(6549M) 99.355ms
[7172.884s][info][gc,cpu         ] GC(2315) User=0.57s Sys=0.03s Real=0.10s
.[7174.418s][info][gc,start       ] GC(2316) Pause Young (Allocation Failure)
[7174.521s][info][gc,heap        ] GC(2316) PSYoungGen: 2615296K(2632704K)->151684K(2634240K) Eden: 2471424K(2471424K)->0K(2473984K) From: 143872K(161280K)->151684K(160256K)
[7174.521s][info][gc,heap        ] GC(2316) ParOldGen: 4073507K(4073984K)->4166171K(4166656K)
[7174.521s][info][gc,metaspace   ] GC(2316) Metaspace: 29095K(29504K)->29095K(29504K) NonClass: 24211K(24384K)->24211K(24384K) Class: 4884K(5120K)->4884K(5120K)
[7174.521s][info][gc             ] GC(2316) Pause Young (Allocation Failure) 6532M->4216M(6641M) 103.108ms
[7174.521s][info][gc,cpu         ] GC(2316) User=0.58s Sys=0.03s Real=0.11s
..[7176.017s][info][gc,start       ] GC(2317) Pause Young (Allocation Failure)
[7176.118s][info][gc,heap        ] GC(2317) PSYoungGen: 2625668K(2634240K)->152180K(2634752K) Eden: 2473984K(2473984K)->0K(2473984K) From: 151684K(160256K)->152180K(160768K)
[7176.118s][info][gc,heap        ] GC(2317) ParOldGen: 4166171K(4166656K)->4255203K(4255232K)
[7176.118s][info][gc,metaspace   ] GC(2317) Metaspace: 29095K(29504K)->29095K(29504K) NonClass: 24211K(24384K)->24211K(24384K) Class: 4884K(5120K)->4884K(5120K)
[7176.118s][info][gc             ] GC(2317) Pause Young (Allocation Failure) 6632M->4304M(6728M) 101.877ms
[7176.118s][info][gc,cpu         ] GC(2317) User=0.58s Sys=0.03s Real=0.10s
..[7177.628s][info][gc,start       ] GC(2318) Pause Young (Allocation Failure)
[7177.729s][info][gc,heap        ] GC(2318) PSYoungGen: 2626164K(2634752K)->142672K(2634752K) Eden: 2473984K(2473984K)->0K(2473984K) From: 152180K(160768K)->142672K(160768K)
[7177.729s][info][gc,heap        ] GC(2318) ParOldGen: 4255203K(4255232K)->4348579K(4348928K)
[7177.729s][info][gc,metaspace   ] GC(2318) Metaspace: 29095K(29504K)->29095K(29504K) NonClass: 24211K(24384K)->24211K(24384K) Class: 4884K(5120K)->4884K(5120K)
[7177.729s][info][gc             ] GC(2318) Pause Young (Allocation Failure) 6720M->4385M(6820M) 101.434ms
[7177.730s][info][gc,cpu         ] GC(2318) User=0.56s Sys=0.03s Real=0.11s
.[7179.281s][info][gc,start       ] GC(2319) Pause Young (Allocation Failure)
[7179.388s][info][gc,heap        ] GC(2319) PSYoungGen: 2616656K(2634752K)->157584K(2631680K) Eden: 2473984K(2473984K)->0K(2473984K) From: 142672K(160768K)->157584K(157696K)
[7179.388s][info][gc,heap        ] GC(2319) ParOldGen: 4348579K(4348928K)->4439499K(4439552K)
[7179.388s][info][gc,metaspace   ] GC(2319) Metaspace: 29095K(29504K)->29095K(29504K) NonClass: 24211K(24384K)->24211K(24384K) Class: 4884K(5120K)->4884K(5120K)
[7179.388s][info][gc             ] GC(2319) Pause Young (Allocation Failure) 6801M->4489M(6905M) 106.763ms
[7179.388s][info][gc,cpu         ] GC(2319) User=0.60s Sys=0.03s Real=0.10s
..[7180.918s][info][gc,start       ] GC(2320) Pause Young (Allocation Failure)
[7181.021s][info][gc,heap        ] GC(2320) PSYoungGen: 2631568K(2631680K)->145973K(2633728K) Eden: 2473984K(2473984K)->0K(2470400K) From: 157584K(157696K)->145973K(163328K)
[7181.022s][info][gc,heap        ] GC(2320) ParOldGen: 4439499K(4439552K)->4533091K(4533248K)
[7181.022s][info][gc,metaspace   ] GC(2320) Metaspace: 29095K(29504K)->29095K(29504K) NonClass: 24211K(24384K)->24211K(24384K) Class: 4884K(5120K)->4884K(5120K)
[7181.022s][info][gc             ] GC(2320) Pause Young (Allocation Failure) 6905M->4569M(6999M) 103.861ms
[7181.022s][info][gc,cpu         ] GC(2320) User=0.59s Sys=0.03s Real=0.11s
.[7182.491s][info][gc,start       ] GC(2321) Pause Young (Allocation Failure)
[7182.599s][info][gc,heap        ] GC(2321) PSYoungGen: 2616373K(2633728K)->160432K(2631168K) Eden: 2470400K(2470400K)->0K(2470400K) From: 145973K(163328K)->160432K(160768K)
[7182.599s][info][gc,heap        ] GC(2321) ParOldGen: 4533091K(4533248K)->4623059K(4623360K)
[7182.599s][info][gc,metaspace   ] GC(2321) Metaspace: 29095K(29504K)->29095K(29504K) NonClass: 24211K(24384K)->24211K(24384K) Class: 4884K(5120K)->4884K(5120K)
[7182.599s][info][gc             ] GC(2321) Pause Young (Allocation Failure) 6981M->4671M(7084M) 108.259ms
[7182.600s][info][gc,cpu         ] GC(2321) User=0.62s Sys=0.02s Real=0.11s
..[7184.131s][info][gc,start       ] GC(2322) Pause Young (Allocation Failure)
[7184.235s][info][gc,heap        ] GC(2322) PSYoungGen: 2630832K(2631168K)->151440K(2631168K) Eden: 2470400K(2470400K)->0K(2466304K) From: 160432K(160768K)->151440K(164864K)
[7184.235s][info][gc,heap        ] GC(2322) ParOldGen: 4623059K(4623360K)->4716987K(4717056K)
[7184.235s][info][gc,metaspace   ] GC(2322) Metaspace: 29095K(29504K)->29095K(29504K) NonClass: 24211K(24384K)->24211K(24384K) Class: 4884K(5120K)->4884K(5120K)
[7184.235s][info][gc             ] GC(2322) Pause Young (Allocation Failure) 7083M->4754M(7176M) 104.150ms
[7184.235s][info][gc,cpu         ] GC(2322) User=0.59s Sys=0.03s Real=0.10s
.[7185.713s][info][gc,start       ] GC(2323) Pause Young (Allocation Failure)
[7185.814s][info][gc,heap        ] GC(2323) PSYoungGen: 2617744K(2631168K)->144549K(2611200K) Eden: 2466304K(2466304K)->0K(2466304K) From: 151440K(164864K)->144549K(144896K)
[7185.814s][info][gc,heap        ] GC(2323) ParOldGen: 4716987K(4717056K)->4807083K(4807168K)
[7185.814s][info][gc,metaspace   ] GC(2323) Metaspace: 29095K(29504K)->29095K(29504K) NonClass: 24211K(24384K)->24211K(24384K) Class: 4884K(5120K)->4884K(5120K)
[7185.814s][info][gc             ] GC(2323) Pause Young (Allocation Failure) 7162M->4835M(7244M) 101.297ms
[7185.814s][info][gc,cpu         ] GC(2323) User=0.57s Sys=0.03s Real=0.10s
..[7187.314s][info][gc,start       ] GC(2324) Pause Young (Allocation Failure)
[7187.422s][info][gc,heap        ] GC(2324) PSYoungGen: 2610853K(2611200K)->159296K(2627072K) Eden: 2466304K(2466304K)->0K(2463232K) From: 144549K(144896K)->159296K(163840K)
[7187.422s][info][gc,heap        ] GC(2324) ParOldGen: 4807083K(4807168K)->4896995K(4897280K)
[7187.422s][info][gc,metaspace   ] GC(2324) Metaspace: 29095K(29504K)->29095K(29504K) NonClass: 24211K(24384K)->24211K(24384K) Class: 4884K(5120K)->4884K(5120K)
[7187.422s][info][gc             ] GC(2324) Pause Young (Allocation Failure) 7244M->4937M(7348M) 107.680ms
[7187.422s][info][gc,cpu         ] GC(2324) User=0.61s Sys=0.03s Real=0.11s
.[7188.901s][info][gc,start       ] GC(2325) Pause Young (Allocation Failure)
[7189.052s][info][gc,heap        ] GC(2325) PSYoungGen: 2622528K(2627072K)->145927K(2629632K) Eden: 2463232K(2463232K)->0K(2463232K) From: 159296K(163840K)->145927K(166400K)
[7189.052s][info][gc,heap        ] GC(2325) ParOldGen: 4896995K(4897280K)->4992467K(4992512K)
[7189.052s][info][gc,metaspace   ] GC(2325) Metaspace: 29095K(29504K)->29095K(29504K) NonClass: 24211K(24384K)->24211K(24384K) Class: 4884K(5120K)->4884K(5120K)
[7189.052s][info][gc             ] GC(2325) Pause Young (Allocation Failure) 7343M->5017M(7443M) 151.086ms
[7189.052s][info][gc,cpu         ] GC(2325) User=0.60s Sys=0.02s Real=0.15s
..[7190.500s][info][gc,start       ] GC(2326) Pause Young (Allocation Failure)
[7190.605s][info][gc,heap        ] GC(2326) PSYoungGen: 2609159K(2629632K)->156644K(2628608K) Eden: 2463232K(2463232K)->0K(2463232K) From: 145927K(166400K)->156644K(165376K)
[7190.605s][info][gc,heap        ] GC(2326) ParOldGen: 4992467K(4992512K)->5082203K(5082624K)
[7190.605s][info][gc,metaspace   ] GC(2326) Metaspace: 29095K(29504K)->29095K(29504K) NonClass: 24211K(24384K)->24211K(24384K) Class: 4884K(5120K)->4884K(5120K)
[7190.605s][info][gc             ] GC(2326) Pause Young (Allocation Failure) 7423M->5116M(7530M) 105.135ms
[7190.605s][info][gc,cpu         ] GC(2326) User=0.60s Sys=0.03s Real=0.10s
..[7192.196s][info][gc,start       ] GC(2327) Pause Young (Allocation Failure)
[7192.300s][info][gc,heap        ] GC(2327) PSYoungGen: 2619876K(2628608K)->144768K(2629632K) Eden: 2463232K(2463232K)->0K(2463232K) From: 156644K(165376K)->144768K(166400K)
[7192.300s][info][gc,heap        ] GC(2327) ParOldGen: 5082203K(5082624K)->5174419K(5174784K)
[7192.300s][info][gc,metaspace   ] GC(2327) Metaspace: 29095K(29504K)->29095K(29504K) NonClass: 24211K(24384K)->24211K(24384K) Class: 4884K(5120K)->4884K(5120K)
[7192.300s][info][gc             ] GC(2327) Pause Young (Allocation Failure) 7521M->5194M(7621M) 103.563ms
[7192.300s][info][gc,cpu         ] GC(2327) User=0.57s Sys=0.04s Real=0.11s
.[7193.809s][info][gc,start       ] GC(2328) Pause Young (Allocation Failure)
[7193.916s][info][gc,heap        ] GC(2328) PSYoungGen: 2608000K(2629632K)->151189K(2627072K) Eden: 2463232K(2463232K)->0K(2463744K) From: 144768K(166400K)->151189K(163328K)
[7193.916s][info][gc,heap        ] GC(2328) ParOldGen: 5174419K(5174784K)->5265731K(5265920K)
[7193.916s][info][gc,metaspace   ] GC(2328) Metaspace: 29095K(29504K)->29095K(29504K) NonClass: 24211K(24384K)->24211K(24384K) Class: 4884K(5120K)->4884K(5120K)
[7193.916s][info][gc             ] GC(2328) Pause Young (Allocation Failure) 7600M->5289M(7708M) 107.245ms
[7193.916s][info][gc,cpu         ] GC(2328) User=0.60s Sys=0.04s Real=0.11s
..[7195.436s][info][gc,start       ] GC(2329) Pause Young (Allocation Failure)
[7195.541s][info][gc,heap        ] GC(2329) PSYoungGen: 2614933K(2627072K)->152512K(2628608K) Eden: 2463744K(2463744K)->0K(2463744K) From: 151189K(163328K)->152512K(164864K)
[7195.541s][info][gc,heap        ] GC(2329) ParOldGen: 5265731K(5265920K)->5356011K(5356032K)
[7195.541s][info][gc,metaspace   ] GC(2329) Metaspace: 29095K(29504K)->29095K(29504K) NonClass: 24211K(24384K)->24211K(24384K) Class: 4884K(5120K)->4884K(5120K)
[7195.541s][info][gc             ] GC(2329) Pause Young (Allocation Failure) 7695M->5379M(7797M) 104.993ms
[7195.541s][info][gc,cpu         ] GC(2329) User=0.60s Sys=0.02s Real=0.11s
.[7197.113s][info][gc,start       ] GC(2330) Pause Young (Allocation Failure)
[7197.217s][info][gc,heap        ] GC(2330) PSYoungGen: 2616256K(2628608K)->147716K(2628608K) Eden: 2463744K(2463744K)->0K(2466816K) From: 152512K(164864K)->147716K(161792K)
[7197.217s][info][gc,heap        ] GC(2330) ParOldGen: 5356011K(5356032K)->5448251K(5448704K)
[7197.217s][info][gc,metaspace   ] GC(2330) Metaspace: 29095K(29504K)->29095K(29504K) NonClass: 24211K(24384K)->24211K(24384K) Class: 4884K(5120K)->4884K(5120K)
[7197.217s][info][gc             ] GC(2330) Pause Young (Allocation Failure) 7785M->5464M(7888M) 103.625ms
[7197.217s][info][gc,cpu         ] GC(2330) User=0.59s Sys=0.03s Real=0.10s
.. (rIR:aIR:PR = 12315:12319:12319) (tPR = 182808) [OK] 
  7198s: Performance info:
         Transaction,    Success,    Partial,     Failed,   Receipts, AvgBarcode, 
             Overall,     746706,          0,          0,     709261,      59.48, 
         Response times:
             Request,    Success,    Partial,     Failed,   SkipFail,     Probes,    Samples,      min,      p50,      p90,      p95,      p99,      max, 
       TotalPurchase,     709257,          0,          0,          0,     346045,     409151,      200,    34000,   130000,   157000,   206000,   313000,
     InStorePurchase,     372602,          0,          0,          0,     181692,     215178,      200,    34000,   130000,   155000,   205000,   313000,
      OnlinePurchase,     261609,          0,          0,          0,     127563,     150415,      200,    34000,   129000,   157000,   206000,   309000,
        InstPurchase,      75046,          0,          0,          0,      36790,      43558,      400,    35000,   132000,   162000,   208000,   313000,
          AssocOfCat,        748,          0,          0,          0,        622,        811,    25000,    90000,   177000,   207800,   255880,   375000,
      AssocOfProduct,       7365,          0,          0,          0,       3468,       4250,     1000,    39000,   142000,   168450,   216000,   303000,
      BusinessReport,       1867,          0,          0,          0,       1651,       2039,    28000,    93000,   189000,   212000,   253800,   322000,
          CustBuyBeh,       7565,          0,          0,          0,       3458,       4179,      300,    30000,   129000,   157000,   204000,   273000,
       ProductReturn,      19895,          0,          0,          0,       9270,      11005,      300,    31000,   126000,   154000,   197000,   298000,

  7198s: (90%)   IR =  12453 [7198.756s][info][gc,start       ] GC(2331) Pause Young (Allocation Failure)
[7198.857s][info][gc,heap        ] GC(2331) PSYoungGen: 2614532K(2628608K)->140096K(2630144K) Eden: 2466816K(2466816K)->0K(2466816K) From: 147716K(161792K)->140096K(163328K)
[7198.857s][info][gc,heap        ] GC(2331) ParOldGen: 5448251K(5448704K)->5540131K(5540352K)
[7198.857s][info][gc,metaspace   ] GC(2331) Metaspace: 29095K(29504K)->29095K(29504K) NonClass: 24211K(24384K)->24211K(24384K) Class: 4884K(5120K)->4884K(5120K)
[7198.857s][info][gc             ] GC(2331) Pause Young (Allocation Failure) 7873M->5547M(7979M) 101.768ms
[7198.857s][info][gc,cpu         ] GC(2331) User=0.57s Sys=0.02s Real=0.10s
.[7200.412s][info][gc,start       ] GC(2332) Pause Full (Allocation Failure)
[7200.412s][info][gc,phases,start] GC(2332) Marking Phase
[7200.712s][info][gc,phases      ] GC(2332) Marking Phase 299.958ms
[7200.712s][info][gc,phases,start] GC(2332) Summary Phase
[7200.712s][info][gc,phases      ] GC(2332) Summary Phase 0.104ms
[7200.712s][info][gc,phases,start] GC(2332) Forward
[7200.850s][info][gc,phases      ] GC(2332) Forward 137.485ms
[7200.850s][info][gc,phases,start] GC(2332) Adjust Pointers
[7201.055s][info][gc,phases      ] GC(2332) Adjust Pointers 205.031ms
[7201.055s][info][gc,phases,start] GC(2332) Compaction Phase
[7201.186s][info][gc,phases      ] GC(2332) Compaction Phase 131.567ms
[7201.188s][info][gc,phases,start] GC(2332) Post Compact
[7201.195s][info][gc,phases      ] GC(2332) Post Compact 6.766ms
[7201.318s][info][gc,heap        ] GC(2332) PSYoungGen: 2606912K(2630144K)->0K(2632192K) Eden: 2466816K(2466816K)->0K(2468352K) From: 140096K(163328K)->0K(163840K)
[7201.318s][info][gc,heap        ] GC(2332) ParOldGen: 5540131K(5540352K)->1434021K(1797632K)
[7201.318s][info][gc,metaspace   ] GC(2332) Metaspace: 29095K(29504K)->29095K(29504K) NonClass: 24211K(24384K)->24211K(24384K) Class: 4884K(5120K)->4884K(5120K)
[7201.318s][info][gc             ] GC(2332) Pause Full (Allocation Failure) 7956M->1400M(4326M) 905.420ms
[7201.318s][info][gc,cpu         ] GC(2332) User=4.15s Sys=0.13s Real=0.90s
?..[7202.633s][info][gc,start       ] GC(2333) Pause Young (Allocation Failure)
[7202.708s][info][gc,heap        ] GC(2333) PSYoungGen: 2468352K(2632192K)->157152K(2625536K) Eden: 2468352K(2468352K)->0K(2468352K) From: 0K(163840K)->157152K(157184K)
[7202.708s][info][gc,heap        ] GC(2333) ParOldGen: 1434021K(1797632K)->1434021K(1797632K)
[7202.708s][info][gc,metaspace   ] GC(2333) Metaspace: 29095K(29504K)->29095K(29504K) NonClass: 24211K(24384K)->24211K(24384K) Class: 4884K(5120K)->4884K(5120K)
[7202.708s][info][gc             ] GC(2333) Pause Young (Allocation Failure) 3810M->1553M(4319M) 74.828ms
[7202.708s][info][gc,cpu         ] GC(2333) User=0.44s Sys=0.01s Real=0.07s
.[7204.240s][info][gc,start       ] GC(2334) Pause Young (Allocation Failure)
[7204.335s][info][gc,heap        ] GC(2334) PSYoungGen: 2625504K(2625536K)->140896K(2630656K) Eden: 2468352K(2468352K)->0K(2465280K) From: 157152K(157184K)->140896K(165376K)
[7204.335s][info][gc,heap        ] GC(2334) ParOldGen: 1434021K(1797632K)->1535893K(1797632K)
[7204.335s][info][gc,metaspace   ] GC(2334) Metaspace: 29095K(29504K)->29095K(29504K) NonClass: 24211K(24384K)->24211K(24384K) Class: 4884K(5120K)->4884K(5120K)
[7204.335s][info][gc             ] GC(2334) Pause Young (Allocation Failure) 3964M->1637M(4324M) 94.945ms
[7204.335s][info][gc,cpu         ] GC(2334) User=0.57s Sys=0.00s Real=0.09s
.[7205.782s][info][gc,start       ] GC(2335) Pause Young (Allocation Failure)
[7205.881s][info][gc,heap        ] GC(2335) PSYoungGen: 2606176K(2630656K)->154148K(2630656K) Eden: 2465280K(2465280K)->0K(2465280K) From: 140896K(165376K)->154148K(165376K)
[7205.881s][info][gc,heap        ] GC(2335) ParOldGen: 1535893K(1797632K)->1624501K(1797632K)
[7205.881s][info][gc,metaspace   ] GC(2335) Metaspace: 29095K(29504K)->29095K(29504K) NonClass: 24211K(24384K)->24211K(24384K) Class: 4884K(5120K)->4884K(5120K)
[7205.881s][info][gc             ] GC(2335) Pause Young (Allocation Failure) 4044M->1736M(4324M) 98.534ms
[7205.881s][info][gc,cpu         ] GC(2335) User=0.58s Sys=0.00s Real=0.10s
..[7207.305s][info][gc,start       ] GC(2336) Pause Young (Allocation Failure)
[7207.401s][info][gc,heap        ] GC(2336) PSYoungGen: 2619428K(2630656K)->150752K(2628608K) Eden: 2465280K(2465280K)->0K(2465280K) From: 154148K(165376K)->150752K(163328K)
[7207.401s][info][gc,heap        ] GC(2336) ParOldGen: 1624501K(1797632K)->1713397K(1797632K)
[7207.401s][info][gc,metaspace   ] GC(2336) Metaspace: 29095K(29504K)->29095K(29504K) NonClass: 24211K(24384K)->24211K(24384K) Class: 4884K(5120K)->4884K(5120K)
[7207.401s][info][gc             ] GC(2336) Pause Young (Allocation Failure) 4144M->1820M(4322M) 95.524ms
[7207.401s][info][gc,cpu         ] GC(2336) User=0.57s Sys=0.00s Real=0.10s
.[7208.897s][info][gc,start       ] GC(2337) Pause Young (Allocation Failure)
[7209.041s][info][gc,heap        ] GC(2337) PSYoungGen: 2616032K(2628608K)->142226K(2629632K) Eden: 2465280K(2465280K)->0K(2465280K) From: 150752K(163328K)->142226K(164352K)
[7209.041s][info][gc,heap        ] GC(2337) ParOldGen: 1713397K(1797632K)->1810021K(1810432K)
[7209.041s][info][gc,metaspace   ] GC(2337) Metaspace: 29095K(29504K)->29095K(29504K) NonClass: 24211K(24384K)->24211K(24384K) Class: 4884K(5120K)->4884K(5120K)
[7209.041s][info][gc             ] GC(2337) Pause Young (Allocation Failure) 4227M->1906M(4336M) 144.515ms
[7209.042s][info][gc,cpu         ] GC(2337) User=0.57s Sys=0.00s Real=0.15s
.[7210.365s][info][gc,start       ] GC(2338) Pause Young (Allocation Failure)
[7210.467s][info][gc,heap        ] GC(2338) PSYoungGen: 2607506K(2629632K)->158848K(2627584K) Eden: 2465280K(2465280K)->0K(2463232K) From: 142226K(164352K)->158848K(164352K)
[7210.467s][info][gc,heap        ] GC(2338) ParOldGen: 1810021K(1810432K)->1895245K(1895424K)
[7210.467s][info][gc,metaspace   ] GC(2338) Metaspace: 29095K(29504K)->29095K(29504K) NonClass: 24211K(24384K)->24211K(24384K) Class: 4884K(5120K)->4884K(5120K)
[7210.467s][info][gc             ] GC(2338) Pause Young (Allocation Failure) 4313M->2005M(4417M) 101.889ms
[7210.467s][info][gc,cpu         ] GC(2338) User=0.57s Sys=0.04s Real=0.10s
..[7211.897s][info][gc,start       ] GC(2339) Pause Young (Allocation Failure)
[7212.047s][info][gc,heap        ] GC(2339) PSYoungGen: 2622080K(2627584K)->144160K(2629632K) Eden: 2463232K(2463232K)->0K(2463232K) From: 158848K(164352K)->144160K(166400K)
[7212.047s][info][gc,heap        ] GC(2339) ParOldGen: 1895245K(1895424K)->1996997K(1997312K)
[7212.047s][info][gc,metaspace   ] GC(2339) Metaspace: 29095K(29504K)->29095K(29504K) NonClass: 24211K(24384K)->24211K(24384K) Class: 4884K(5120K)->4884K(5120K)
[7212.047s][info][gc             ] GC(2339) Pause Young (Allocation Failure) 4411M->2090M(4518M) 149.493ms
[7212.047s][info][gc,cpu         ] GC(2339) User=0.56s Sys=0.05s Real=0.15s
.[7213.462s][info][gc,start       ] GC(2340) Pause Young (Allocation Failure)
[7213.566s][info][gc,heap        ] GC(2340) PSYoungGen: 2607392K(2629632K)->159524K(2626048K) Eden: 2463232K(2463232K)->0K(2460160K) From: 144160K(166400K)->159524K(165888K)
[7213.566s][info][gc,heap        ] GC(2340) ParOldGen: 1996997K(1997312K)->2083245K(2083328K)
[7213.566s][info][gc,metaspace   ] GC(2340) Metaspace: 29095K(29504K)->29095K(29504K) NonClass: 24211K(24384K)->24211K(24384K) Class: 4884K(5120K)->4884K(5120K)
[7213.566s][info][gc             ] GC(2340) Pause Young (Allocation Failure) 4496M->2190M(4599M) 104.054ms
[7213.566s][info][gc,cpu         ] GC(2340) User=0.60s Sys=0.02s Real=0.10s
..[7215.071s][info][gc,start       ] GC(2341) Pause Young (Allocation Failure)
[7215.171s][info][gc,heap        ] GC(2341) PSYoungGen: 2619684K(2626048K)->148032K(2628096K) Eden: 2460160K(2460160K)->0K(2460160K) From: 159524K(165888K)->148032K(167936K)
[7215.171s][info][gc,heap        ] GC(2341) ParOldGen: 2083245K(2083328K)->2178221K(2178560K)
[7215.171s][info][gc,metaspace   ] GC(2341) Metaspace: 29095K(29504K)->29095K(29504K) NonClass: 24211K(24384K)->24211K(24384K) Class: 4884K(5120K)->4884K(5120K)
[7215.171s][info][gc             ] GC(2341) Pause Young (Allocation Failure) 4592M->2271M(4694M) 100.532ms
[7215.171s][info][gc,cpu         ] GC(2341) User=0.57s Sys=0.02s Real=0.10s
.[7216.625s][info][gc,start       ] GC(2342) Pause Young (Allocation Failure)
[7216.720s][info][gc,heap        ] GC(2342) PSYoungGen: 2608192K(2628096K)->139008K(2628096K) Eden: 2460160K(2460160K)->0K(2461696K) From: 148032K(167936K)->139008K(166400K)
[7216.720s][info][gc,heap        ] GC(2342) ParOldGen: 2178221K(2178560K)->2270053K(2270208K)
[7216.720s][info][gc,metaspace   ] GC(2342) Metaspace: 29095K(29504K)->29095K(29504K) NonClass: 24211K(24384K)->24211K(24384K) Class: 4884K(5120K)->4884K(5120K)
[7216.720s][info][gc             ] GC(2342) Pause Young (Allocation Failure) 4674M->2352M(4783M) 95.613ms
[7216.720s][info][gc,cpu         ] GC(2342) User=0.53s Sys=0.04s Real=0.10s
..|[7218.192s][info][gc,start       ] GC(2343) Pause Young (Allocation Failure)
[7218.295s][info][gc,heap        ] GC(2343) PSYoungGen: 2600704K(2628096K)->153552K(2628608K) Eden: 2461696K(2461696K)->0K(2461696K) From: 139008K(166400K)->153552K(166912K)
[7218.296s][info][gc,heap        ] GC(2343) ParOldGen: 2270053K(2270208K)->2360565K(2360832K)
[7218.296s][info][gc,metaspace   ] GC(2343) Metaspace: 29095K(29504K)->29095K(29504K) NonClass: 24211K(24384K)->24211K(24384K) Class: 4884K(5120K)->4884K(5120K)
[7218.296s][info][gc             ] GC(2343) Pause Young (Allocation Failure) 4756M->2455M(4872M) 103.343ms
[7218.296s][info][gc,cpu         ] GC(2343) User=0.58s Sys=0.04s Real=0.10s
.[7219.800s][info][gc,start       ] GC(2344) Pause Young (Allocation Failure)
[7219.897s][info][gc,heap        ] GC(2344) PSYoungGen: 2615248K(2628608K)->138133K(2629120K) Eden: 2461696K(2461696K)->0K(2462208K) From: 153552K(166912K)->138133K(166912K)
[7219.897s][info][gc,heap        ] GC(2344) ParOldGen: 2360565K(2360832K)->2455213K(2455552K)
[7219.897s][info][gc,metaspace   ] GC(2344) Metaspace: 29095K(29504K)->29095K(29504K) NonClass: 24211K(24384K)->24211K(24384K) Class: 4884K(5120K)->4884K(5120K)
[7219.897s][info][gc             ] GC(2344) Pause Young (Allocation Failure) 4859M->2532M(4965M) 96.688ms
[7219.897s][info][gc,cpu         ] GC(2344) User=0.55s Sys=0.03s Real=0.09s
..[7221.451s][info][gc,start       ] GC(2345) Pause Young (Allocation Failure)
[7221.552s][info][gc,heap        ] GC(2345) PSYoungGen: 2600341K(2629120K)->153792K(2616320K) Eden: 2462208K(2462208K)->0K(2462208K) From: 138133K(166912K)->153792K(154112K)
[7221.552s][info][gc,heap        ] GC(2345) ParOldGen: 2455213K(2455552K)->2542837K(2543104K)
[7221.552s][info][gc,metaspace   ] GC(2345) Metaspace: 29095K(29504K)->29095K(29504K) NonClass: 24211K(24384K)->24211K(24384K) Class: 4884K(5120K)->4884K(5120K)
[7221.552s][info][gc             ] GC(2345) Pause Young (Allocation Failure) 4937M->2633M(5038M) 100.803ms
[7221.552s][info][gc,cpu         ] GC(2345) User=0.58s Sys=0.02s Real=0.10s
.[7223.040s][info][gc,start       ] GC(2346) Pause Young (Allocation Failure)
[7223.138s][info][gc,heap        ] GC(2346) PSYoungGen: 2616000K(2616320K)->144256K(2629632K) Eden: 2462208K(2462208K)->0K(2462208K) From: 153792K(154112K)->144256K(167424K)
[7223.138s][info][gc,heap        ] GC(2346) ParOldGen: 2542837K(2543104K)->2635837K(2636288K)
[7223.138s][info][gc,metaspace   ] GC(2346) Metaspace: 29095K(29504K)->29095K(29504K) NonClass: 24211K(24384K)->24211K(24384K) Class: 4884K(5120K)->4884K(5120K)
[7223.138s][info][gc             ] GC(2346) Pause Young (Allocation Failure) 5037M->2714M(5142M) 98.087ms
[7223.138s][info][gc,cpu         ] GC(2346) User=0.56s Sys=0.03s Real=0.09s
..[7224.618s][info][gc,start       ] GC(2347) Pause Young (Allocation Failure)
[7224.714s][info][gc,heap        ] GC(2347) PSYoungGen: 2606464K(2629632K)->137536K(2628608K) Eden: 2462208K(2462208K)->0K(2462208K) From: 144256K(167424K)->137536K(166400K)
[7224.714s][info][gc,heap        ] GC(2347) ParOldGen: 2635837K(2636288K)->2726093K(2726400K)
[7224.714s][info][gc,metaspace   ] GC(2347) Metaspace: 29095K(29504K)->29095K(29504K) NonClass: 24211K(24384K)->24211K(24384K) Class: 4884K(5120K)->4884K(5120K)
[7224.714s][info][gc             ] GC(2347) Pause Young (Allocation Failure) 5119M->2796M(5229M) 95.646ms
[7224.714s][info][gc,cpu         ] GC(2347) User=0.53s Sys=0.03s Real=0.10s
.[7226.245s][info][gc,start       ] GC(2348) Pause Young (Allocation Failure)
[7226.344s][info][gc,heap        ] GC(2348) PSYoungGen: 2599744K(2628608K)->145760K(2627584K) Eden: 2462208K(2462208K)->0K(2463232K) From: 137536K(166400K)->145760K(164352K)
[7226.344s][info][gc,heap        ] GC(2348) ParOldGen: 2726093K(2726400K)->2818149K(2818560K)
[7226.344s][info][gc,metaspace   ] GC(2348) Metaspace: 29095K(29504K)->29095K(29504K) NonClass: 24211K(24384K)->24211K(24384K) Class: 4884K(5120K)->4884K(5120K)
[7226.344s][info][gc             ] GC(2348) Pause Young (Allocation Failure) 5201M->2894M(5318M) 98.953ms
[7226.344s][info][gc,cpu         ] GC(2348) User=0.57s Sys=0.02s Real=0.10s
..[7227.817s][info][gc,start       ] GC(2349) Pause Young (Allocation Failure)
[7227.957s][info][gc,heap        ] GC(2349) PSYoungGen: 2608992K(2627584K)->151481K(2628096K) Eden: 2463232K(2463232K)->0K(2463232K) From: 145760K(164352K)->151481K(164864K)
[7227.957s][info][gc,heap        ] GC(2349) ParOldGen: 2818149K(2818560K)->2909717K(2910208K)
[7227.957s][info][gc,metaspace   ] GC(2349) Metaspace: 29095K(29504K)->29095K(29504K) NonClass: 24211K(24384K)->24211K(24384K) Class: 4884K(5120K)->4884K(5120K)
[7227.957s][info][gc             ] GC(2349) Pause Young (Allocation Failure) 5299M->2989M(5408M) 140.764ms
[7227.957s][info][gc,cpu         ] GC(2349) User=0.60s Sys=0.02s Real=0.14s
..[7229.460s][info][gc,start       ] GC(2350) Pause Young (Allocation Failure)
[7229.567s][info][gc,heap        ] GC(2350) PSYoungGen: 2614713K(2628096K)->161978K(2624512K) Eden: 2463232K(2463232K)->0K(2460160K) From: 151481K(164864K)->161978K(164352K)
[7229.567s][info][gc,heap        ] GC(2350) ParOldGen: 2909717K(2910208K)->3000509K(3000832K)
[7229.567s][info][gc,metaspace   ] GC(2350) Metaspace: 29095K(29504K)->29095K(29504K) NonClass: 24211K(24384K)->24211K(24384K) Class: 4884K(5120K)->4884K(5120K)
[7229.567s][info][gc             ] GC(2350) Pause Young (Allocation Failure) 5394M->3088M(5493M) 106.906ms
[7229.567s][info][gc,cpu         ] GC(2350) User=0.61s Sys=0.03s Real=0.10s
.[7231.114s][info][gc,start       ] GC(2351) Pause Young (Allocation Failure)
[7231.214s][info][gc,heap        ] GC(2351) PSYoungGen: 2622138K(2624512K)->145666K(2628096K) Eden: 2460160K(2460160K)->0K(2460160K) From: 161978K(164352K)->145666K(167936K)
[7231.214s][info][gc,heap        ] GC(2351) ParOldGen: 3000509K(3000832K)->3093693K(3094016K)
[7231.214s][info][gc,metaspace   ] GC(2351) Metaspace: 29095K(29504K)->29095K(29504K) NonClass: 24211K(24384K)->24211K(24384K) Class: 4884K(5120K)->4884K(5120K)
[7231.214s][info][gc             ] GC(2351) Pause Young (Allocation Failure) 5490M->3163M(5588M) 99.546ms
[7231.214s][info][gc,cpu         ] GC(2351) User=0.57s Sys=0.02s Real=0.10s
..[7232.686s][info][gc,start       ] GC(2352) Pause Young (Allocation Failure)
[7232.790s][info][gc,heap        ] GC(2352) PSYoungGen: 2605826K(2628096K)->148080K(2624000K) Eden: 2460160K(2460160K)->0K(2461184K) From: 145666K(167936K)->148080K(162816K)
[7232.790s][info][gc,heap        ] GC(2352) ParOldGen: 3093693K(3094016K)->3185869K(3186176K)
[7232.790s][info][gc,metaspace   ] GC(2352) Metaspace: 29095K(29504K)->29095K(29504K) NonClass: 24211K(24384K)->24211K(24384K) Class: 4884K(5120K)->4884K(5120K)
[7232.790s][info][gc             ] GC(2352) Pause Young (Allocation Failure) 5565M->3255M(5674M) 103.548ms
[7232.790s][info][gc,cpu         ] GC(2352) User=0.59s Sys=0.03s Real=0.11s
.[7234.397s][info][gc,start       ] GC(2353) Pause Young (Allocation Failure)
[7234.498s][info][gc,heap        ] GC(2353) PSYoungGen: 2609264K(2624000K)->148704K(2626560K) Eden: 2461184K(2461184K)->0K(2461184K) From: 148080K(162816K)->148704K(165376K)
[7234.498s][info][gc,heap        ] GC(2353) ParOldGen: 3185869K(3186176K)->3276133K(3276288K)
[7234.498s][info][gc,metaspace   ] GC(2353) Metaspace: 29095K(29504K)->29095K(29504K) NonClass: 24211K(24384K)->24211K(24384K) Class: 4884K(5120K)->4884K(5120K)
[7234.498s][info][gc             ] GC(2353) Pause Young (Allocation Failure) 5659M->3344M(5764M) 100.391ms
[7234.498s][info][gc,cpu         ] GC(2353) User=0.58s Sys=0.02s Real=0.10s
..[7235.959s][info][gc,start       ] GC(2354) Pause Young (Allocation Failure)
[7236.062s][info][gc,heap        ] GC(2354) PSYoungGen: 2609888K(2626560K)->151444K(2630144K) Eden: 2461184K(2461184K)->0K(2467328K) From: 148704K(165376K)->151444K(162816K)
[7236.062s][info][gc,heap        ] GC(2354) ParOldGen: 3276133K(3276288K)->3368117K(3368448K)
[7236.062s][info][gc,metaspace   ] GC(2354) Metaspace: 29095K(29504K)->29095K(29504K) NonClass: 24211K(24384K)->24211K(24384K) Class: 4884K(5120K)->4884K(5120K)
[7236.062s][info][gc             ] GC(2354) Pause Young (Allocation Failure) 5748M->3437M(5858M) 103.024ms
[7236.062s][info][gc,cpu         ] GC(2354) User=0.58s Sys=0.03s Real=0.11s
.[7237.538s][info][gc,start       ] GC(2355) Pause Young (Allocation Failure)
[7237.636s][info][gc,heap        ] GC(2355) PSYoungGen: 2618772K(2630144K)->136854K(2630656K) Eden: 2467328K(2467328K)->0K(2467328K) From: 151444K(162816K)->136854K(163328K)
[7237.636s][info][gc,heap        ] GC(2355) ParOldGen: 3368117K(3368448K)->3459845K(3460096K)
[7237.636s][info][gc,metaspace   ] GC(2355) Metaspace: 29095K(29504K)->29095K(29504K) NonClass: 24211K(24384K)->24211K(24384K) Class: 4884K(5120K)->4884K(5120K)
[7237.636s][info][gc             ] GC(2355) Pause Young (Allocation Failure) 5846M->3512M(5948M) 98.138ms
[7237.636s][info][gc,cpu         ] GC(2355) User=0.56s Sys=0.02s Real=0.10s
..[7239.211s][info][gc,start       ] GC(2356) Pause Young (Allocation Failure)
[7239.312s][info][gc,heap        ] GC(2356) PSYoungGen: 2604182K(2630656K)->152325K(2632192K) Eden: 2467328K(2467328K)->0K(2468352K) From: 136854K(163328K)->152325K(163840K)
[7239.312s][info][gc,heap        ] GC(2356) ParOldGen: 3459845K(3460096K)->3549917K(3550208K)
[7239.312s][info][gc,metaspace   ] GC(2356) Metaspace: 29095K(29504K)->29095K(29504K) NonClass: 24211K(24384K)->24211K(24384K) Class: 4884K(5120K)->4884K(5120K)
[7239.312s][info][gc             ] GC(2356) Pause Young (Allocation Failure) 5921M->3615M(6037M) 101.416ms
[7239.312s][info][gc,cpu         ] GC(2356) User=0.57s Sys=0.03s Real=0.10s
.[7240.804s][info][gc,start       ] GC(2357) Pause Young (Allocation Failure)
[7240.904s][info][gc,heap        ] GC(2357) PSYoungGen: 2620677K(2632192K)->145424K(2614272K) Eden: 2468352K(2468352K)->0K(2468352K) From: 152325K(163840K)->145424K(145920K)
[7240.904s][info][gc,heap        ] GC(2357) ParOldGen: 3549917K(3550208K)->3644461K(3644928K)
[7240.904s][info][gc,metaspace   ] GC(2357) Metaspace: 29095K(29504K)->29095K(29504K) NonClass: 24211K(24384K)->24211K(24384K) Class: 4884K(5120K)->4884K(5120K)
[7240.904s][info][gc             ] GC(2357) Pause Young (Allocation Failure) 6025M->3701M(6112M) 100.251ms
[7240.904s][info][gc,cpu         ] GC(2357) User=0.57s Sys=0.03s Real=0.10s
..[7242.427s][info][gc,start       ] GC(2358) Pause Young (Allocation Failure)
[7242.533s][info][gc,heap        ] GC(2358) PSYoungGen: 2613776K(2614272K)->156981K(2629120K) Eden: 2468352K(2468352K)->0K(2466304K) From: 145424K(145920K)->156981K(162816K)
[7242.533s][info][gc,heap        ] GC(2358) ParOldGen: 3644461K(3644928K)->3733389K(3733504K)
[7242.533s][info][gc,metaspace   ] GC(2358) Metaspace: 29095K(29504K)->29095K(29504K) NonClass: 24211K(24384K)->24211K(24384K) Class: 4884K(5120K)->4884K(5120K)
[7242.533s][info][gc             ] GC(2358) Pause Young (Allocation Failure) 6111M->3799M(6213M) 106.132ms
[7242.533s][info][gc,cpu         ] GC(2358) User=0.60s Sys=0.02s Real=0.11s
..[7244.088s][info][gc,start       ] GC(2359) Pause Young (Allocation Failure)
[7244.198s][info][gc,heap        ] GC(2359) PSYoungGen: 2623285K(2629120K)->163977K(2630656K) Eden: 2466304K(2466304K)->0K(2466304K) From: 156981K(162816K)->163977K(164352K)
[7244.199s][info][gc,heap        ] GC(2359) ParOldGen: 3733389K(3733504K)->3826677K(3826688K)
[7244.199s][info][gc,metaspace   ] GC(2359) Metaspace: 29095K(29504K)->29095K(29504K) NonClass: 24211K(24384K)->24211K(24384K) Class: 4884K(5120K)->4884K(5120K)
[7244.199s][info][gc             ] GC(2359) Pause Young (Allocation Failure) 6207M->3897M(6306M) 110.881ms
[7244.199s][info][gc,cpu         ] GC(2359) User=0.63s Sys=0.02s Real=0.11s
.[7245.719s][info][gc,start       ] GC(2360) Pause Young (Allocation Failure)
[7245.817s][info][gc,heap        ] GC(2360) PSYoungGen: 2630281K(2630656K)->137856K(2623488K) Eden: 2466304K(2466304K)->0K(2458112K) From: 163977K(164352K)->137856K(165376K)
[7245.817s][info][gc,heap        ] GC(2360) ParOldGen: 3826677K(3826688K)->3918493K(3918848K)
[7245.817s][info][gc,metaspace   ] GC(2360) Metaspace: 29095K(29504K)->29095K(29504K) NonClass: 24211K(24384K)->24211K(24384K) Class: 4884K(5120K)->4884K(5120K)
[7245.817s][info][gc             ] GC(2360) Pause Young (Allocation Failure) 6305M->3961M(6389M) 97.899ms
[7245.817s][info][gc,cpu         ] GC(2360) User=0.56s Sys=0.03s Real=0.10s
..[7247.345s][info][gc,start       ] GC(2361) Pause Young (Allocation Failure)
[7247.447s][info][gc,heap        ] GC(2361) PSYoungGen: 2595968K(2623488K)->153156K(2627072K) Eden: 2458112K(2458112K)->0K(2458112K) From: 137856K(165376K)->153156K(168960K)
[7247.447s][info][gc,heap        ] GC(2361) ParOldGen: 3918493K(3918848K)->4008749K(4008960K)
[7247.447s][info][gc,metaspace   ] GC(2361) Metaspace: 29095K(29504K)->29095K(29504K) NonClass: 24211K(24384K)->24211K(24384K) Class: 4884K(5120K)->4884K(5120K)
[7247.447s][info][gc             ] GC(2361) Pause Young (Allocation Failure) 6361M->4064M(6480M) 102.504ms
[7247.447s][info][gc,cpu         ] GC(2361) User=0.59s Sys=0.03s Real=0.10s
.[7248.983s][info][gc,start       ] GC(2362) Pause Young (Allocation Failure)
[7249.082s][info][gc,heap        ] GC(2362) PSYoungGen: 2611268K(2627072K)->142016K(2625536K) Eden: 2458112K(2458112K)->0K(2458624K) From: 153156K(168960K)->142016K(166912K)
[7249.082s][info][gc,heap        ] GC(2362) ParOldGen: 4008749K(4008960K)->4102277K(4102656K)
[7249.082s][info][gc,metaspace   ] GC(2362) Metaspace: 29095K(29504K)->29095K(29504K) NonClass: 24211K(24384K)->24211K(24384K) Class: 4884K(5120K)->4884K(5120K)
[7249.082s][info][gc             ] GC(2362) Pause Young (Allocation Failure) 6464M->4144M(6570M) 98.900ms
[7249.082s][info][gc,cpu         ] GC(2362) User=0.54s Sys=0.04s Real=0.10s
..[7250.622s][info][gc,start       ] GC(2363) Pause Young (Allocation Failure)
[7250.726s][info][gc,heap        ] GC(2363) PSYoungGen: 2600640K(2625536K)->146180K(2626560K) Eden: 2458624K(2458624K)->0K(2458624K) From: 142016K(166912K)->146180K(167936K)
[7250.726s][info][gc,heap        ] GC(2363) ParOldGen: 4102277K(4102656K)->4193893K(4194304K)
[7250.726s][info][gc,metaspace   ] GC(2363) Metaspace: 29095K(29504K)->29095K(29504K) NonClass: 24211K(24384K)->24211K(24384K) Class: 4884K(5120K)->4884K(5120K)
[7250.726s][info][gc             ] GC(2363) Pause Young (Allocation Failure) 6545M->4238M(6661M) 104.183ms
[7250.726s][info][gc,cpu         ] GC(2363) User=0.59s Sys=0.02s Real=0.10s
.[7252.212s][info][gc,start       ] GC(2364) Pause Young (Allocation Failure)
[7252.321s][info][gc,heap        ] GC(2364) PSYoungGen: 2604804K(2626560K)->157546K(2626048K) Eden: 2458624K(2458624K)->0K(2459648K) From: 146180K(167936K)->157546K(166400K)
[7252.321s][info][gc,heap        ] GC(2364) ParOldGen: 4193893K(4194304K)->4285549K(4285952K)
[7252.321s][info][gc,metaspace   ] GC(2364) Metaspace: 29095K(29504K)->29095K(29504K) NonClass: 24211K(24384K)->24211K(24384K) Class: 4884K(5120K)->4884K(5120K)
[7252.321s][info][gc             ] GC(2364) Pause Young (Allocation Failure) 6639M->4338M(6750M) 108.552ms
[7252.321s][info][gc,cpu         ] GC(2364) User=0.63s Sys=0.02s Real=0.11s
..[7253.799s][info][gc,start       ] GC(2365) Pause Young (Allocation Failure)
[7253.905s][info][gc,heap        ] GC(2365) PSYoungGen: 2617194K(2626048K)->151060K(2627584K) Eden: 2459648K(2459648K)->0K(2459648K) From: 157546K(166400K)->151060K(167936K)
[7253.905s][info][gc,heap        ] GC(2365) ParOldGen: 4285549K(4285952K)->4376629K(4377088K)
[7253.905s][info][gc,metaspace   ] GC(2365) Metaspace: 29095K(29504K)->29095K(29504K) NonClass: 24211K(24384K)->24211K(24384K) Class: 4884K(5120K)->4884K(5120K)
[7253.905s][info][gc             ] GC(2365) Pause Young (Allocation Failure) 6740M->4421M(6840M) 105.652ms
[7253.905s][info][gc,cpu         ] GC(2365) User=0.59s Sys=0.03s Real=0.11s
..[7255.511s][info][gc,start       ] GC(2366) Pause Young (Allocation Failure)
[7255.616s][info][gc,heap        ] GC(2366) PSYoungGen: 2610708K(2627584K)->152053K(2625536K) Eden: 2459648K(2459648K)->0K(2461184K) From: 151060K(167936K)->152053K(164352K)
[7255.616s][info][gc,heap        ] GC(2366) ParOldGen: 4376629K(4377088K)->4469565K(4469760K)
[7255.616s][info][gc,metaspace   ] GC(2366) Metaspace: 29095K(29504K)->29095K(29504K) NonClass: 24211K(24384K)->24211K(24384K) Class: 4884K(5120K)->4884K(5120K)
[7255.616s][info][gc             ] GC(2366) Pause Young (Allocation Failure) 6823M->4513M(6929M) 105.026ms
[7255.616s][info][gc,cpu         ] GC(2366) User=0.60s Sys=0.03s Real=0.10s
.[7257.044s][info][gc,start       ] GC(2367) Pause Young (Allocation Failure)
[7257.146s][info][gc,heap        ] GC(2367) PSYoungGen: 2613237K(2625536K)->151909K(2627072K) Eden: 2461184K(2461184K)->0K(2461184K) From: 152053K(164352K)->151909K(165888K)
[7257.146s][info][gc,heap        ] GC(2367) ParOldGen: 4469565K(4469760K)->4559549K(4559872K)
[7257.147s][info][gc,metaspace   ] GC(2367) Metaspace: 29095K(29504K)->29095K(29504K) NonClass: 24211K(24384K)->24211K(24384K) Class: 4884K(5120K)->4884K(5120K)
[7257.147s][info][gc             ] GC(2367) Pause Young (Allocation Failure) 6916M->4601M(7018M) 102.424ms
[7257.147s][info][gc,cpu         ] GC(2367) User=0.57s Sys=0.04s Real=0.10s
..[7258.723s][info][gc,start       ] GC(2368) Pause Young (Allocation Failure)
[7258.827s][info][gc,heap        ] GC(2368) PSYoungGen: 2613093K(2627072K)->144681K(2628608K) Eden: 2461184K(2461184K)->0K(2464768K) From: 151909K(165888K)->144681K(163840K)
[7258.827s][info][gc,heap        ] GC(2368) ParOldGen: 4559549K(4559872K)->4654453K(4654592K)
[7258.827s][info][gc,metaspace   ] GC(2368) Metaspace: 29095K(29504K)->29095K(29504K) NonClass: 24211K(24384K)->24211K(24384K) Class: 4884K(5120K)->4884K(5120K)
[7258.827s][info][gc             ] GC(2368) Pause Young (Allocation Failure) 7004M->4686M(7112M) 104.271ms
[7258.827s][info][gc,cpu         ] GC(2368) User=0.59s Sys=0.03s Real=0.10s
.[7260.303s][info][gc,start       ] GC(2369) Pause Young (Allocation Failure)
[7260.406s][info][gc,heap        ] GC(2369) PSYoungGen: 2609449K(2628608K)->151712K(2629632K) Eden: 2464768K(2464768K)->0K(2464768K) From: 144681K(163840K)->151712K(164864K)
[7260.406s][info][gc,heap        ] GC(2369) ParOldGen: 4654453K(4654592K)->4746037K(4746240K)
[7260.406s][info][gc,metaspace   ] GC(2369) Metaspace: 29095K(29504K)->29095K(29504K) NonClass: 24211K(24384K)->24211K(24384K) Class: 4884K(5120K)->4884K(5120K)
[7260.406s][info][gc             ] GC(2369) Pause Young (Allocation Failure) 7093M->4782M(7203M) 103.605ms
[7260.406s][info][gc,cpu         ] GC(2369) User=0.58s Sys=0.03s Real=0.10s
..[7261.909s][info][gc,start       ] GC(2370) Pause Young (Allocation Failure)
[7262.018s][info][gc,heap        ] GC(2370) PSYoungGen: 2616480K(2629632K)->158964K(2628096K) Eden: 2464768K(2464768K)->0K(2464256K) From: 151712K(164864K)->158964K(163840K)
[7262.018s][info][gc,heap        ] GC(2370) ParOldGen: 4746037K(4746240K)->4837093K(4837376K)
[7262.018s][info][gc,metaspace   ] GC(2370) Metaspace: 29095K(29504K)->29095K(29504K) NonClass: 24211K(24384K)->24211K(24384K) Class: 4884K(5120K)->4884K(5120K)
[7262.018s][info][gc             ] GC(2370) Pause Young (Allocation Failure) 7189M->4878M(7290M) 109.395ms
[7262.018s][info][gc,cpu         ] GC(2370) User=0.61s Sys=0.03s Real=0.11s
.[7263.512s][info][gc,start       ] GC(2371) Pause Young (Allocation Failure)
[7263.625s][info][gc,heap        ] GC(2371) PSYoungGen: 2623220K(2628096K)->163977K(2628608K) Eden: 2464256K(2464256K)->0K(2464256K) From: 158964K(163840K)->163977K(164352K)
[7263.625s][info][gc,heap        ] GC(2371) ParOldGen: 4837093K(4837376K)->4931213K(4931584K)
[7263.625s][info][gc,metaspace   ] GC(2371) Metaspace: 29095K(29504K)->29095K(29504K) NonClass: 24211K(24384K)->24211K(24384K) Class: 4884K(5120K)->4884K(5120K)
[7263.625s][info][gc             ] GC(2371) Pause Young (Allocation Failure) 7285M->4975M(7383M) 113.026ms
[7263.625s][info][gc,cpu         ] GC(2371) User=0.65s Sys=0.02s Real=0.11s
..[7265.129s][info][gc,start       ] GC(2372) Pause Young (Allocation Failure)
[7265.235s][info][gc,heap        ] GC(2372) PSYoungGen: 2628233K(2628608K)->157285K(2624512K) Eden: 2464256K(2464256K)->0K(2457088K) From: 163977K(164352K)->157285K(167424K)
[7265.235s][info][gc,heap        ] GC(2372) ParOldGen: 4931213K(4931584K)->5021677K(5021696K)
[7265.235s][info][gc,metaspace   ] GC(2372) Metaspace: 29095K(29504K)->29095K(29504K) NonClass: 24211K(24384K)->24211K(24384K) Class: 4884K(5120K)->4884K(5120K)
[7265.235s][info][gc             ] GC(2372) Pause Young (Allocation Failure) 7382M->5057M(7467M) 105.594ms
[7265.235s][info][gc,cpu         ] GC(2372) User=0.61s Sys=0.02s Real=0.11s
.[7266.694s][info][gc,start       ] GC(2373) Pause Young (Allocation Failure)
[7266.796s][info][gc,heap        ] GC(2373) PSYoungGen: 2614373K(2624512K)->142016K(2599424K) Eden: 2457088K(2457088K)->0K(2457088K) From: 157285K(167424K)->142016K(142336K)
[7266.796s][info][gc,heap        ] GC(2373) ParOldGen: 5021677K(5021696K)->5115845K(5115904K)
[7266.796s][info][gc,metaspace   ] GC(2373) Metaspace: 29095K(29504K)->29095K(29504K) NonClass: 24211K(24384K)->24211K(24384K) Class: 4884K(5120K)->4884K(5120K)
[7266.796s][info][gc             ] GC(2373) Pause Young (Allocation Failure) 7457M->5134M(7534M) 101.556ms
[7266.796s][info][gc,cpu         ] GC(2373) User=0.56s Sys=0.03s Real=0.10s
..[7268.347s][info][gc,start       ] GC(2374) Pause Young (Allocation Failure)
[7268.451s][info][gc,heap        ] GC(2374) PSYoungGen: 2599104K(2599424K)->146432K(2627072K) Eden: 2457088K(2457088K)->0K(2457088K) From: 142016K(142336K)->146432K(169984K)
[7268.452s][info][gc,heap        ] GC(2374) ParOldGen: 5115845K(5115904K)->5209253K(5209600K)
[7268.452s][info][gc,metaspace   ] GC(2374) Metaspace: 29095K(29504K)->29095K(29504K) NonClass: 24211K(24384K)->24211K(24384K) Class: 4884K(5120K)->4884K(5120K)
[7268.452s][info][gc             ] GC(2374) Pause Young (Allocation Failure) 7534M->5230M(7653M) 104.270ms
[7268.452s][info][gc,cpu         ] GC(2374) User=0.58s Sys=0.04s Real=0.11s
.[7269.866s][info][gc,start       ] GC(2375) Pause Young (Allocation Failure)
[7270.018s][info][gc,heap        ] GC(2375) PSYoungGen: 2603520K(2627072K)->149669K(2607104K) Eden: 2457088K(2457088K)->0K(2457088K) From: 146432K(169984K)->149669K(150016K)
[7270.018s][info][gc,heap        ] GC(2375) ParOldGen: 5209253K(5209600K)->5301069K(5301248K)
[7270.018s][info][gc,metaspace   ] GC(2375) Metaspace: 29095K(29504K)->29095K(29504K) NonClass: 24211K(24384K)->24211K(24384K) Class: 4884K(5120K)->4884K(5120K)
[7270.018s][info][gc             ] GC(2375) Pause Young (Allocation Failure) 7629M->5322M(7723M) 152.224ms
[7270.018s][info][gc,cpu         ] GC(2375) User=0.59s Sys=0.03s Real=0.15s
..[7271.449s][info][gc,start       ] GC(2376) Pause Young (Allocation Failure)
[7271.553s][info][gc,heap        ] GC(2376) PSYoungGen: 2606757K(2607104K)->151936K(2626048K) Eden: 2457088K(2457088K)->0K(2458624K) From: 149669K(150016K)->151936K(167424K)
[7271.553s][info][gc,heap        ] GC(2376) ParOldGen: 5301069K(5301248K)->5393157K(5393408K)
[7271.553s][info][gc,metaspace   ] GC(2376) Metaspace: 29095K(29504K)->29095K(29504K) NonClass: 24211K(24384K)->24211K(24384K) Class: 4884K(5120K)->4884K(5120K)
[7271.553s][info][gc             ] GC(2376) Pause Young (Allocation Failure) 7722M->5415M(7831M) 104.509ms
[7271.553s][info][gc,cpu         ] GC(2376) User=0.59s Sys=0.03s Real=0.11s
.[7273.041s][info][gc,start       ] GC(2377) Pause Young (Allocation Failure)
[7273.144s][info][gc,heap        ] GC(2377) PSYoungGen: 2610560K(2626048K)->152339K(2624512K) Eden: 2458624K(2458624K)->0K(2458624K) From: 151936K(167424K)->152339K(165888K)
[7273.144s][info][gc,heap        ] GC(2377) ParOldGen: 5393157K(5393408K)->5483469K(5483520K)
[7273.144s][info][gc,metaspace   ] GC(2377) Metaspace: 29095K(29504K)->29095K(29504K) NonClass: 24211K(24384K)->24211K(24384K) Class: 4884K(5120K)->4884K(5120K)
[7273.144s][info][gc             ] GC(2377) Pause Young (Allocation Failure) 7816M->5503M(7918M) 103.799ms
[7273.145s][info][gc,cpu         ] GC(2377) User=0.59s Sys=0.03s Real=0.10s
..[7274.580s][info][gc,start       ] GC(2378) Pause Young (Allocation Failure)
[7274.681s][info][gc,heap        ] GC(2378) PSYoungGen: 2610963K(2624512K)->139379K(2626560K) Eden: 2458624K(2458624K)->0K(2461696K) From: 152339K(165888K)->139379K(164864K)
[7274.681s][info][gc,heap        ] GC(2378) ParOldGen: 5483469K(5483520K)->5573877K(5574144K)
[7274.681s][info][gc,metaspace   ] GC(2378) Metaspace: 29095K(29504K)->29095K(29504K) NonClass: 24211K(24384K)->24211K(24384K) Class: 4884K(5120K)->4884K(5120K)
[7274.681s][info][gc             ] GC(2378) Pause Young (Allocation Failure) 7904M->5579M(8008M) 101.273ms
[7274.681s][info][gc,cpu         ] GC(2378) User=0.56s Sys=0.03s Real=0.10s
.[7276.189s][info][gc,start       ] GC(2379) Pause Full (Allocation Failure)
[7276.189s][info][gc,phases,start] GC(2379) Marking Phase
[7276.494s][info][gc,phases      ] GC(2379) Marking Phase 304.895ms
[7276.494s][info][gc,phases,start] GC(2379) Summary Phase
[7276.494s][info][gc,phases      ] GC(2379) Summary Phase 0.095ms
[7276.494s][info][gc,phases,start] GC(2379) Forward
[7276.622s][info][gc,phases      ] GC(2379) Forward 127.826ms
[7276.622s][info][gc,phases,start] GC(2379) Adjust Pointers
[7276.823s][info][gc,phases      ] GC(2379) Adjust Pointers 201.392ms
[7276.823s][info][gc,phases,start] GC(2379) Compaction Phase
[7276.955s][info][gc,phases      ] GC(2379) Compaction Phase 131.624ms
[7276.956s][info][gc,phases,start] GC(2379) Post Compact
[7276.963s][info][gc,phases      ] GC(2379) Post Compact 6.875ms
[7277.084s][info][gc,heap        ] GC(2379) PSYoungGen: 2601075K(2626560K)->0K(2627584K) Eden: 2461696K(2461696K)->0K(2461696K) From: 139379K(164864K)->0K(165888K)
[7277.084s][info][gc,heap        ] GC(2379) ParOldGen: 5573877K(5574144K)->1433831K(1804288K)
[7277.084s][info][gc,metaspace   ] GC(2379) Metaspace: 29095K(29504K)->29095K(29504K) NonClass: 24211K(24384K)->24211K(24384K) Class: 4884K(5120K)->4884K(5120K)
[7277.084s][info][gc             ] GC(2379) Pause Full (Allocation Failure) 7983M->1400M(4328M) 895.155ms
[7277.084s][info][gc,cpu         ] GC(2379) User=4.12s Sys=0.12s Real=0.90s
?.[7278.460s][info][gc,start       ] GC(2380) Pause Young (Allocation Failure)
[7278.540s][info][gc,heap        ] GC(2380) PSYoungGen: 2461696K(2627584K)->165871K(2617856K) Eden: 2461696K(2461696K)->0K(2451968K) From: 0K(165888K)->165871K(165888K)
[7278.540s][info][gc,heap        ] GC(2380) ParOldGen: 1433831K(1804288K)->1439271K(1804288K)
[7278.540s][info][gc,metaspace   ] GC(2380) Metaspace: 29095K(29504K)->29095K(29504K) NonClass: 24211K(24384K)->24211K(24384K) Class: 4884K(5120K)->4884K(5120K)
[7278.540s][info][gc             ] GC(2380) Pause Young (Allocation Failure) 3804M->1567M(4318M) 79.764ms
[7278.540s][info][gc,cpu         ] GC(2380) User=0.46s Sys=0.01s Real=0.08s
.. (rIR:aIR:PR = 12453:12360:12361) (tPR = 182159) [OK] 
  7279s: Performance info:
         Transaction,    Success,    Partial,     Failed,   Receipts, AvgBarcode, 
             Overall,     760955,          0,          0,     723265,      59.47, 
         Response times:
             Request,    Success,    Partial,     Failed,   SkipFail,     Probes,    Samples,      min,      p50,      p90,      p95,      p99,      max, 
       TotalPurchase,     723787,          0,          0,          0,     330285,     485915,      300,    96000,   451000,   610000,   900000,  1400000,
     InStorePurchase,     384150,          0,          0,          0,     173117,     255122,      300,    94000,   445000,   610000,   880000,  1400000,
      OnlinePurchase,     263340,          0,          0,          0,     121891,     179444,      300,    97000,   444000,   595000,   840000,  1200000,
        InstPurchase,      76297,          0,          0,          0,      35277,      51349,      400,   100000,   525000,   670000,  1100000,  1200000,
          AssocOfCat,        763,          0,          0,          0,        620,       1004,    22000,   145500,   520500,   660000,   830000,  1100000,
      AssocOfProduct,       7651,          0,          0,          0,       3260,       5093,      600,   105000,   488000,   613000,   760000,   920000,
      BusinessReport,       1897,          0,          0,          0,       1601,       2473,    33000,   154000,   519000,   643000,   870000,  1200000,
          CustBuyBeh,       7465,          0,          0,          0,       3278,       5058,      300,   100000,   428000,   563000,   800000,   970000,
       ProductReturn,      19856,          0,          0,          0,       8768,      13365,      200,    94000,   456000,   566000,   860000,  1200000,

  7279s: (91%)   IR =  12592 [7279.900s][info][gc,start       ] GC(2381) Pause Young (Allocation Failure)
[7280.046s][info][gc,heap        ] GC(2381) PSYoungGen: 2617839K(2617856K)->150916K(2624000K) Eden: 2451968K(2451968K)->0K(2451968K) From: 165871K(165888K)->150916K(172032K)
[7280.046s][info][gc,heap        ] GC(2381) ParOldGen: 1439271K(1804288K)->1536368K(1804288K)
[7280.046s][info][gc,metaspace   ] GC(2381) Metaspace: 29095K(29504K)->29095K(29504K) NonClass: 24211K(24384K)->24211K(24384K) Class: 4884K(5120K)->4884K(5120K)
[7280.046s][info][gc             ] GC(2381) Pause Young (Allocation Failure) 3962M->1647M(4324M) 145.517ms
[7280.046s][info][gc,cpu         ] GC(2381) User=0.59s Sys=0.00s Real=0.14s
.[7281.541s][info][gc,start       ] GC(2382) Pause Young (Allocation Failure)
[7281.636s][info][gc,heap        ] GC(2382) PSYoungGen: 2602884K(2624000K)->146816K(2620416K) Eden: 2451968K(2451968K)->0K(2453504K) From: 150916K(172032K)->146816K(166912K)
[7281.636s][info][gc,heap        ] GC(2382) ParOldGen: 1536368K(1804288K)->1630872K(1804288K)
[7281.636s][info][gc,metaspace   ] GC(2382) Metaspace: 29095K(29504K)->29095K(29504K) NonClass: 24211K(24384K)->24211K(24384K) Class: 4884K(5120K)->4884K(5120K)
[7281.636s][info][gc             ] GC(2382) Pause Young (Allocation Failure) 4042M->1736M(4321M) 95.096ms
[7281.636s][info][gc,cpu         ] GC(2382) User=0.57s Sys=0.00s Real=0.09s
.[7283.130s][info][gc,start       ] GC(2383) Pause Young (Allocation Failure)
[7283.224s][info][gc,heap        ] GC(2383) PSYoungGen: 2600320K(2620416K)->146944K(2622976K) Eden: 2453504K(2453504K)->0K(2453504K) From: 146816K(166912K)->146944K(169472K)
[7283.224s][info][gc,heap        ] GC(2383) ParOldGen: 1630872K(1804288K)->1721640K(1804288K)
[7283.224s][info][gc,metaspace   ] GC(2383) Metaspace: 29095K(29504K)->29095K(29504K) NonClass: 24211K(24384K)->24211K(24384K) Class: 4884K(5120K)->4884K(5120K)
[7283.224s][info][gc             ] GC(2383) Pause Young (Allocation Failure) 4132M->1824M(4323M) 93.701ms
[7283.224s][info][gc,cpu         ] GC(2383) User=0.56s Sys=0.00s Real=0.09s
..[7284.671s][info][gc,start       ] GC(2384) Pause Young (Allocation Failure)
[7284.764s][info][gc,heap        ] GC(2384) PSYoungGen: 2600448K(2622976K)->142024K(2624512K) Eden: 2453504K(2453504K)->0K(2458112K) From: 146944K(169472K)->142024K(166400K)
[7284.764s][info][gc,heap        ] GC(2384) ParOldGen: 1721640K(1804288K)->1812288K(1812480K)
[7284.764s][info][gc,metaspace   ] GC(2384) Metaspace: 29095K(29504K)->29095K(29504K) NonClass: 24211K(24384K)->24211K(24384K) Class: 4884K(5120K)->4884K(5120K)
[7284.764s][info][gc             ] GC(2384) Pause Young (Allocation Failure) 4220M->1908M(4333M) 92.962ms
[7284.764s][info][gc,cpu         ] GC(2384) User=0.55s Sys=0.01s Real=0.09s
.[7286.275s][info][gc,start       ] GC(2385) Pause Young (Allocation Failure)
[7286.372s][info][gc,heap        ] GC(2385) PSYoungGen: 2600136K(2624512K)->144928K(2626048K) Eden: 2458112K(2458112K)->0K(2458112K) From: 142024K(166400K)->144928K(167936K)
[7286.372s][info][gc,heap        ] GC(2385) ParOldGen: 1812288K(1812480K)->1901072K(1901568K)
[7286.372s][info][gc,metaspace   ] GC(2385) Metaspace: 29095K(29504K)->29095K(29504K) NonClass: 24211K(24384K)->24211K(24384K) Class: 4884K(5120K)->4884K(5120K)
[7286.372s][info][gc             ] GC(2385) Pause Young (Allocation Failure) 4309M->1998M(4421M) 96.935ms
[7286.372s][info][gc,cpu         ] GC(2385) User=0.54s Sys=0.04s Real=0.10s
..[7287.871s][info][gc,start       ] GC(2386) Pause Young (Allocation Failure)
[7287.995s][info][gc,heap        ] GC(2386) PSYoungGen: 2603040K(2626048K)->148421K(2624512K) Eden: 2458112K(2458112K)->0K(2460672K) From: 144928K(167936K)->148421K(163840K)
[7287.995s][info][gc,heap        ] GC(2386) ParOldGen: 1901072K(1901568K)->1991384K(1991680K)
[7287.995s][info][gc,metaspace   ] GC(2386) Metaspace: 29095K(29504K)->29095K(29504K) NonClass: 24211K(24384K)->24211K(24384K) Class: 4884K(5120K)->4884K(5120K)
[7287.995s][info][gc             ] GC(2386) Pause Young (Allocation Failure) 4398M->2089M(4508M) 124.139ms
[7287.995s][info][gc,cpu         ] GC(2386) User=0.58s Sys=0.02s Real=0.12s
.[7289.544s][info][gc,start       ] GC(2387) Pause Young (Allocation Failure)
[7289.641s][info][gc,heap        ] GC(2387) PSYoungGen: 2609093K(2624512K)->138810K(2626560K) Eden: 2460672K(2460672K)->0K(2460672K) From: 148421K(163840K)->138810K(165888K)
[7289.641s][info][gc,heap        ] GC(2387) ParOldGen: 1991384K(1991680K)->2082064K(2082304K)
[7289.641s][info][gc,metaspace   ] GC(2387) Metaspace: 29095K(29504K)->29095K(29504K) NonClass: 24211K(24384K)->24211K(24384K) Class: 4884K(5120K)->4884K(5120K)
[7289.641s][info][gc             ] GC(2387) Pause Young (Allocation Failure) 4492M->2168M(4598M) 96.580ms
[7289.641s][info][gc,cpu         ] GC(2387) User=0.54s Sys=0.03s Real=0.10s
..[7291.152s][info][gc,start       ] GC(2388) Pause Young (Allocation Failure)
[7291.253s][info][gc,heap        ] GC(2388) PSYoungGen: 2599482K(2626560K)->153664K(2630144K) Eden: 2460672K(2460672K)->0K(2464256K) From: 138810K(165888K)->153664K(165888K)
[7291.253s][info][gc,heap        ] GC(2388) ParOldGen: 2082064K(2082304K)->2170880K(2171392K)
[7291.253s][info][gc,metaspace   ] GC(2388) Metaspace: 29095K(29504K)->29095K(29504K) NonClass: 24211K(24384K)->24211K(24384K) Class: 4884K(5120K)->4884K(5120K)
[7291.253s][info][gc             ] GC(2388) Pause Young (Allocation Failure) 4571M->2270M(4689M) 101.103ms
[7291.253s][info][gc,cpu         ] GC(2388) User=0.58s Sys=0.02s Real=0.10s
.[7292.716s][info][gc,start       ] GC(2389) Pause Young (Allocation Failure)
[7292.813s][info][gc,heap        ] GC(2389) PSYoungGen: 2617920K(2630144K)->139296K(2630144K) Eden: 2464256K(2464256K)->0K(2464256K) From: 153664K(165888K)->139296K(165888K)
[7292.813s][info][gc,heap        ] GC(2389) ParOldGen: 2170880K(2171392K)->2265808K(2266112K)
[7292.813s][info][gc,metaspace   ] GC(2389) Metaspace: 29095K(29504K)->29095K(29504K) NonClass: 24211K(24384K)->24211K(24384K) Class: 4884K(5120K)->4884K(5120K)
[7292.813s][info][gc             ] GC(2389) Pause Young (Allocation Failure) 4676M->2348M(4781M) 96.814ms
[7292.813s][info][gc,cpu         ] GC(2389) User=0.54s Sys=0.03s Real=0.10s
..|[7294.330s][info][gc,start       ] GC(2390) Pause Young (Allocation Failure)
[7294.431s][info][gc,heap        ] GC(2390) PSYoungGen: 2603552K(2630144K)->149376K(2628096K) Eden: 2464256K(2464256K)->0K(2464256K) From: 139296K(165888K)->149376K(163840K)
[7294.431s][info][gc,heap        ] GC(2390) ParOldGen: 2265808K(2266112K)->2357360K(2357760K)
[7294.431s][info][gc,metaspace   ] GC(2390) Metaspace: 29095K(29504K)->29095K(29504K) NonClass: 24211K(24384K)->24211K(24384K) Class: 4884K(5120K)->4884K(5120K)
[7294.431s][info][gc             ] GC(2390) Pause Young (Allocation Failure) 4755M->2447M(4869M) 101.670ms
[7294.431s][info][gc,cpu         ] GC(2390) User=0.58s Sys=0.03s Real=0.10s
..[7295.949s][info][gc,start       ] GC(2391) Pause Young (Allocation Failure)
[7296.050s][info][gc,heap        ] GC(2391) PSYoungGen: 2613632K(2628096K)->152373K(2629120K) Eden: 2464256K(2464256K)->0K(2464256K) From: 149376K(163840K)->152373K(164864K)
[7296.050s][info][gc,heap        ] GC(2391) ParOldGen: 2357360K(2357760K)->2446696K(2446848K)
[7296.050s][info][gc,metaspace   ] GC(2391) Metaspace: 29095K(29504K)->29095K(29504K) NonClass: 24211K(24384K)->24211K(24384K) Class: 4884K(5120K)->4884K(5120K)
[7296.050s][info][gc             ] GC(2391) Pause Young (Allocation Failure) 4854M->2538M(4957M) 100.765ms
[7296.050s][info][gc,cpu         ] GC(2391) User=0.57s Sys=0.02s Real=0.11s
.[7297.583s][info][gc,start       ] GC(2392) Pause Young (Allocation Failure)
[7297.684s][info][gc,heap        ] GC(2392) PSYoungGen: 2616629K(2629120K)->145636K(2629120K) Eden: 2464256K(2464256K)->0K(2466304K) From: 152373K(164864K)->145636K(162816K)
[7297.684s][info][gc,heap        ] GC(2392) ParOldGen: 2446696K(2446848K)->2539248K(2539520K)
[7297.684s][info][gc,metaspace   ] GC(2392) Metaspace: 29095K(29504K)->29095K(29504K) NonClass: 24211K(24384K)->24211K(24384K) Class: 4884K(5120K)->4884K(5120K)
[7297.684s][info][gc             ] GC(2392) Pause Young (Allocation Failure) 4944M->2621M(5047M) 101.511ms
[7297.684s][info][gc,cpu         ] GC(2392) User=0.57s Sys=0.04s Real=0.10s
..[7299.193s][info][gc,start       ] GC(2393) Pause Young (Allocation Failure)
[7299.296s][info][gc,heap        ] GC(2393) PSYoungGen: 2611940K(2629120K)->154009K(2630144K) Eden: 2466304K(2466304K)->0K(2466304K) From: 145636K(162816K)->154009K(163840K)
[7299.296s][info][gc,heap        ] GC(2393) ParOldGen: 2539248K(2539520K)->2630408K(2630656K)
[7299.296s][info][gc,metaspace   ] GC(2393) Metaspace: 29095K(29504K)->29095K(29504K) NonClass: 24211K(24384K)->24211K(24384K) Class: 4884K(5120K)->4884K(5120K)
[7299.296s][info][gc             ] GC(2393) Pause Young (Allocation Failure) 5030M->2719M(5137M) 102.734ms
[7299.296s][info][gc,cpu         ] GC(2393) User=0.58s Sys=0.03s Real=0.10s
.[7300.776s][info][gc,start       ] GC(2394) Pause Young (Allocation Failure)
[7300.872s][info][gc,heap        ] GC(2394) PSYoungGen: 2620313K(2630144K)->137600K(2630656K) Eden: 2466304K(2466304K)->0K(2466304K) From: 154009K(163840K)->137600K(164352K)
[7300.872s][info][gc,heap        ] GC(2394) ParOldGen: 2630408K(2630656K)->2722432K(2722816K)
[7300.872s][info][gc,metaspace   ] GC(2394) Metaspace: 29095K(29504K)->29095K(29504K) NonClass: 24211K(24384K)->24211K(24384K) Class: 4884K(5120K)->4884K(5120K)
[7300.872s][info][gc             ] GC(2394) Pause Young (Allocation Failure) 5127M->2793M(5228M) 96.887ms
[7300.872s][info][gc,cpu         ] GC(2394) User=0.54s Sys=0.03s Real=0.10s
..[7302.353s][info][gc,start       ] GC(2395) Pause Young (Allocation Failure)
[7302.453s][info][gc,heap        ] GC(2395) PSYoungGen: 2603904K(2630656K)->151328K(2631168K) Eden: 2466304K(2466304K)->0K(2466304K) From: 137600K(164352K)->151328K(164864K)
[7302.453s][info][gc,heap        ] GC(2395) ParOldGen: 2722432K(2722816K)->2813040K(2813440K)
[7302.453s][info][gc,metaspace   ] GC(2395) Metaspace: 29095K(29504K)->29095K(29504K) NonClass: 24211K(24384K)->24211K(24384K) Class: 4884K(5120K)->4884K(5120K)
[7302.453s][info][gc             ] GC(2395) Pause Young (Allocation Failure) 5201M->2894M(5317M) 99.953ms
[7302.453s][info][gc,cpu         ] GC(2395) User=0.57s Sys=0.02s Real=0.10s
.[7303.956s][info][gc,start       ] GC(2396) Pause Young (Allocation Failure)
[7304.058s][info][gc,heap        ] GC(2396) PSYoungGen: 2617632K(2631168K)->150090K(2629120K) Eden: 2466304K(2466304K)->0K(2466816K) From: 151328K(164864K)->150090K(162304K)
[7304.058s][info][gc,heap        ] GC(2396) ParOldGen: 2813040K(2813440K)->2905816K(2906112K)
[7304.058s][info][gc,metaspace   ] GC(2396) Metaspace: 29095K(29504K)->29095K(29504K) NonClass: 24211K(24384K)->24211K(24384K) Class: 4884K(5120K)->4884K(5120K)
[7304.058s][info][gc             ] GC(2396) Pause Young (Allocation Failure) 5303M->2984M(5405M) 102.309ms
[7304.058s][info][gc,cpu         ] GC(2396) User=0.59s Sys=0.03s Real=0.10s
..[7305.589s][info][gc,start       ] GC(2397) Pause Young (Allocation Failure)
[7305.691s][info][gc,heap        ] GC(2397) PSYoungGen: 2616906K(2629120K)->145332K(2630144K) Eden: 2466816K(2466816K)->0K(2466816K) From: 150090K(162304K)->145332K(163328K)
[7305.691s][info][gc,heap        ] GC(2397) ParOldGen: 2905816K(2906112K)->2997712K(2997760K)
[7305.691s][info][gc,metaspace   ] GC(2397) Metaspace: 29095K(29504K)->29095K(29504K) NonClass: 24211K(24384K)->24211K(24384K) Class: 4884K(5120K)->4884K(5120K)
[7305.691s][info][gc             ] GC(2397) Pause Young (Allocation Failure) 5393M->3069M(5496M) 102.010ms
[7305.691s][info][gc,cpu         ] GC(2397) User=0.58s Sys=0.03s Real=0.11s
.[7307.203s][info][gc,start       ] GC(2398) Pause Young (Allocation Failure)
[7307.306s][info][gc,heap        ] GC(2398) PSYoungGen: 2612148K(2630144K)->152368K(2632192K) Eden: 2466816K(2466816K)->0K(2469888K) From: 145332K(163328K)->152368K(162304K)
[7307.306s][info][gc,heap        ] GC(2398) ParOldGen: 2997712K(2997760K)->3090136K(3090432K)
[7307.306s][info][gc,metaspace   ] GC(2398) Metaspace: 29095K(29504K)->29095K(29504K) NonClass: 24211K(24384K)->24211K(24384K) Class: 4884K(5120K)->4884K(5120K)
[7307.306s][info][gc             ] GC(2398) Pause Young (Allocation Failure) 5478M->3166M(5588M) 103.538ms
[7307.306s][info][gc,cpu         ] GC(2398) User=0.58s Sys=0.03s Real=0.10s
..[7308.758s][info][gc,start       ] GC(2399) Pause Young (Allocation Failure)
[7308.858s][info][gc,heap        ] GC(2399) PSYoungGen: 2622256K(2632192K)->145088K(2632704K) Eden: 2469888K(2469888K)->0K(2469888K) From: 152368K(162304K)->145088K(162816K)
[7308.858s][info][gc,heap        ] GC(2399) ParOldGen: 3090136K(3090432K)->3180464K(3180544K)
[7308.858s][info][gc,metaspace   ] GC(2399) Metaspace: 29095K(29504K)->29095K(29504K) NonClass: 24211K(24384K)->24211K(24384K) Class: 4884K(5120K)->4884K(5120K)
[7308.858s][info][gc             ] GC(2399) Pause Young (Allocation Failure) 5578M->3247M(5677M) 100.100ms
[7308.858s][info][gc,cpu         ] GC(2399) User=0.56s Sys=0.03s Real=0.10s
..[7310.418s][info][gc,start       ] GC(2400) Pause Young (Allocation Failure)
[7310.523s][info][gc,heap        ] GC(2400) PSYoungGen: 2614976K(2632704K)->154548K(2631680K) Eden: 2469888K(2469888K)->0K(2469888K) From: 145088K(162816K)->154548K(161792K)
[7310.523s][info][gc,heap        ] GC(2400) ParOldGen: 3180464K(3180544K)->3272776K(3273216K)
[7310.523s][info][gc,metaspace   ] GC(2400) Metaspace: 29095K(29504K)->29095K(29504K) NonClass: 24211K(24384K)->24211K(24384K) Class: 4884K(5120K)->4884K(5120K)
[7310.523s][info][gc             ] GC(2400) Pause Young (Allocation Failure) 5659M->3346M(5766M) 105.197ms
[7310.523s][info][gc,cpu         ] GC(2400) User=0.60s Sys=0.02s Real=0.11s
.[7312.057s][info][gc,start       ] GC(2401) Pause Young (Allocation Failure)
[7312.155s][info][gc,heap        ] GC(2401) PSYoungGen: 2624436K(2631680K)->143840K(2632704K) Eden: 2469888K(2469888K)->0K(2469888K) From: 154548K(161792K)->143840K(162816K)
[7312.155s][info][gc,heap        ] GC(2401) ParOldGen: 3272776K(3273216K)->3364256K(3364352K)
[7312.155s][info][gc,metaspace   ] GC(2401) Metaspace: 29095K(29504K)->29095K(29504K) NonClass: 24211K(24384K)->24211K(24384K) Class: 4884K(5120K)->4884K(5120K)
[7312.155s][info][gc             ] GC(2401) Pause Young (Allocation Failure) 5758M->3425M(5856M) 98.210ms
[7312.155s][info][gc,cpu         ] GC(2401) User=0.54s Sys=0.04s Real=0.10s
..[7313.608s][info][gc,start       ] GC(2402) Pause Young (Allocation Failure)
[7313.706s][info][gc,heap        ] GC(2402) PSYoungGen: 2613728K(2632704K)->139520K(2632704K) Eden: 2469888K(2469888K)->0K(2470912K) From: 143840K(162816K)->139520K(161792K)
[7313.706s][info][gc,heap        ] GC(2402) ParOldGen: 3364256K(3364352K)->3457264K(3457536K)
[7313.706s][info][gc,metaspace   ] GC(2402) Metaspace: 29095K(29504K)->29095K(29504K) NonClass: 24211K(24384K)->24211K(24384K) Class: 4884K(5120K)->4884K(5120K)
[7313.706s][info][gc             ] GC(2402) Pause Young (Allocation Failure) 5837M->3512M(5947M) 97.867ms
[7313.706s][info][gc,cpu         ] GC(2402) User=0.55s Sys=0.03s Real=0.10s
.[7315.261s][info][gc,start       ] GC(2403) Pause Young (Allocation Failure)
[7315.368s][info][gc,heap        ] GC(2403) PSYoungGen: 2610432K(2632704K)->158029K(2629120K) Eden: 2470912K(2470912K)->0K(2470912K) From: 139520K(161792K)->158029K(158208K)
[7315.368s][info][gc,heap        ] GC(2403) ParOldGen: 3457264K(3457536K)->3547920K(3548160K)
[7315.368s][info][gc,metaspace   ] GC(2403) Metaspace: 29095K(29504K)->29095K(29504K) NonClass: 24211K(24384K)->24211K(24384K) Class: 4884K(5120K)->4884K(5120K)
[7315.368s][info][gc             ] GC(2403) Pause Young (Allocation Failure) 5925M->3619M(6032M) 106.405ms
[7315.368s][info][gc,cpu         ] GC(2403) User=0.60s Sys=0.03s Real=0.10s
..[7316.844s][info][gc,start       ] GC(2404) Pause Young (Allocation Failure)
[7316.955s][info][gc,heap        ] GC(2404) PSYoungGen: 2628941K(2629120K)->151232K(2631680K) Eden: 2470912K(2470912K)->0K(2466816K) From: 158029K(158208K)->151232K(164864K)
[7316.955s][info][gc,heap        ] GC(2404) ParOldGen: 3547920K(3548160K)->3638240K(3638272K)
[7316.955s][info][gc,metaspace   ] GC(2404) Metaspace: 29095K(29504K)->29095K(29504K) NonClass: 24211K(24384K)->24211K(24384K) Class: 4884K(5120K)->4884K(5120K)
[7316.955s][info][gc             ] GC(2404) Pause Young (Allocation Failure) 6032M->3700M(6123M) 110.961ms
[7316.955s][info][gc,cpu         ] GC(2404) User=0.57s Sys=0.04s Real=0.11s
.[7318.472s][info][gc,start       ] GC(2405) Pause Young (Allocation Failure)
[7318.576s][info][gc,heap        ] GC(2405) PSYoungGen: 2618048K(2631680K)->152356K(2631168K) Eden: 2466816K(2466816K)->0K(2466816K) From: 151232K(164864K)->152356K(164352K)
[7318.577s][info][gc,heap        ] GC(2405) ParOldGen: 3638240K(3638272K)->3733360K(3733504K)
[7318.577s][info][gc,metaspace   ] GC(2405) Metaspace: 29095K(29504K)->29095K(29504K) NonClass: 24211K(24384K)->24211K(24384K) Class: 4884K(5120K)->4884K(5120K)
[7318.577s][info][gc             ] GC(2405) Pause Young (Allocation Failure) 6109M->3794M(6215M) 104.356ms
[7318.577s][info][gc,cpu         ] GC(2405) User=0.59s Sys=0.03s Real=0.10s
..[7320.082s][info][gc,start       ] GC(2406) Pause Young (Allocation Failure)
[7320.188s][info][gc,heap        ] GC(2406) PSYoungGen: 2619172K(2631168K)->155226K(2630656K) Eden: 2466816K(2466816K)->0K(2466304K) From: 152356K(164352K)->155226K(164352K)
[7320.188s][info][gc,heap        ] GC(2406) ParOldGen: 3733360K(3733504K)->3822840K(3823104K)
[7320.188s][info][gc,metaspace   ] GC(2406) Metaspace: 29095K(29504K)->29095K(29504K) NonClass: 24211K(24384K)->24211K(24384K) Class: 4884K(5120K)->4884K(5120K)
[7320.188s][info][gc             ] GC(2406) Pause Young (Allocation Failure) 6203M->3884M(6302M) 106.808ms
[7320.188s][info][gc,cpu         ] GC(2406) User=0.60s Sys=0.03s Real=0.10s
.[7321.674s][info][gc,start       ] GC(2407) Pause Young (Allocation Failure)
[7321.775s][info][gc,heap        ] GC(2407) PSYoungGen: 2621530K(2630656K)->142244K(2631168K) Eden: 2466304K(2466304K)->0K(2466304K) From: 155226K(164352K)->142244K(164864K)
[7321.775s][info][gc,heap        ] GC(2407) ParOldGen: 3822840K(3823104K)->3916416K(3916800K)
[7321.775s][info][gc,metaspace   ] GC(2407) Metaspace: 29095K(29504K)->29095K(29504K) NonClass: 24211K(24384K)->24211K(24384K) Class: 4884K(5120K)->4884K(5120K)
[7321.775s][info][gc             ] GC(2407) Pause Young (Allocation Failure) 6293M->3963M(6394M) 101.661ms
[7321.775s][info][gc,cpu         ] GC(2407) User=0.57s Sys=0.03s Real=0.10s
..[7323.309s][info][gc,start       ] GC(2408) Pause Young (Allocation Failure)
[7323.412s][info][gc,heap        ] GC(2408) PSYoungGen: 2608548K(2631168K)->150568K(2629120K) Eden: 2466304K(2466304K)->0K(2466304K) From: 142244K(164864K)->150568K(162816K)
[7323.412s][info][gc,heap        ] GC(2408) ParOldGen: 3916416K(3916800K)->4008056K(4008448K)
[7323.412s][info][gc,metaspace   ] GC(2408) Metaspace: 29095K(29504K)->29095K(29504K) NonClass: 24211K(24384K)->24211K(24384K) Class: 4884K(5120K)->4884K(5120K)
[7323.412s][info][gc             ] GC(2408) Pause Young (Allocation Failure) 6372M->4061M(6482M) 102.507ms
[7323.412s][info][gc,cpu         ] GC(2408) User=0.58s Sys=0.03s Real=0.10s
..[7324.911s][info][gc,start       ] GC(2409) Pause Young (Allocation Failure)
[7325.034s][info][gc,heap        ] GC(2409) PSYoungGen: 2616872K(2629120K)->142720K(2630144K) Eden: 2466304K(2466304K)->0K(2466304K) From: 150568K(162816K)->142720K(163840K)
[7325.034s][info][gc,heap        ] GC(2409) ParOldGen: 4008056K(4008448K)->4098584K(4099072K)
[7325.034s][info][gc,metaspace   ] GC(2409) Metaspace: 29095K(29504K)->29095K(29504K) NonClass: 24211K(24384K)->24211K(24384K) Class: 4884K(5120K)->4884K(5120K)
[7325.034s][info][gc             ] GC(2409) Pause Young (Allocation Failure) 6469M->4141M(6571M) 122.838ms
[7325.034s][info][gc,cpu         ] GC(2409) User=0.56s Sys=0.03s Real=0.12s
.[7326.506s][info][gc,start       ] GC(2410) Pause Young (Allocation Failure)
[7326.610s][info][gc,heap        ] GC(2410) PSYoungGen: 2609024K(2630144K)->153216K(2631680K) Eden: 2466304K(2466304K)->0K(2468352K) From: 142720K(163840K)->153216K(163328K)
[7326.610s][info][gc,heap        ] GC(2410) ParOldGen: 4098584K(4099072K)->4190208K(4190720K)
[7326.610s][info][gc,metaspace   ] GC(2410) Metaspace: 29095K(29504K)->29095K(29504K) NonClass: 24211K(24384K)->24211K(24384K) Class: 4884K(5120K)->4884K(5120K)
[7326.610s][info][gc             ] GC(2410) Pause Young (Allocation Failure) 6550M->4241M(6662M) 103.836ms
[7326.610s][info][gc,cpu         ] GC(2410) User=0.59s Sys=0.02s Real=0.11s
..[7328.082s][info][gc,start       ] GC(2411) Pause Young (Allocation Failure)
[7328.187s][info][gc,heap        ] GC(2411) PSYoungGen: 2621568K(2631680K)->155040K(2623488K) Eden: 2468352K(2468352K)->0K(2468352K) From: 153216K(163328K)->155040K(155136K)
[7328.187s][info][gc,heap        ] GC(2411) ParOldGen: 4190208K(4190720K)->4280936K(4281344K)
[7328.187s][info][gc,metaspace   ] GC(2411) Metaspace: 29095K(29504K)->29095K(29504K) NonClass: 24211K(24384K)->24211K(24384K) Class: 4884K(5120K)->4884K(5120K)
[7328.187s][info][gc             ] GC(2411) Pause Young (Allocation Failure) 6652M->4332M(6743M) 104.818ms
[7328.187s][info][gc,cpu         ] GC(2411) User=0.60s Sys=0.03s Real=0.10s
.[7329.721s][info][gc,start       ] GC(2412) Pause Young (Allocation Failure)
[7329.824s][info][gc,heap        ] GC(2412) PSYoungGen: 2623392K(2623488K)->143360K(2632192K) Eden: 2468352K(2468352K)->0K(2467840K) From: 155040K(155136K)->143360K(164352K)
[7329.824s][info][gc,heap        ] GC(2412) ParOldGen: 4280936K(4281344K)->4375808K(4376064K)
[7329.824s][info][gc,metaspace   ] GC(2412) Metaspace: 29095K(29504K)->29095K(29504K) NonClass: 24211K(24384K)->24211K(24384K) Class: 4884K(5120K)->4884K(5120K)
[7329.824s][info][gc             ] GC(2412) Pause Young (Allocation Failure) 6742M->4413M(6844M) 103.290ms
[7329.824s][info][gc,cpu         ] GC(2412) User=0.57s Sys=0.04s Real=0.10s
..[7331.421s][info][gc,start       ] GC(2413) Pause Young (Allocation Failure)
[7331.525s][info][gc,heap        ] GC(2413) PSYoungGen: 2611200K(2632192K)->152544K(2631680K) Eden: 2467840K(2467840K)->0K(2467840K) From: 143360K(164352K)->152544K(163840K)
[7331.525s][info][gc,heap        ] GC(2413) ParOldGen: 4375808K(4376064K)->4464968K(4465152K)
[7331.525s][info][gc,metaspace   ] GC(2413) Metaspace: 29095K(29504K)->29095K(29504K) NonClass: 24211K(24384K)->24211K(24384K) Class: 4884K(5120K)->4884K(5120K)
[7331.525s][info][gc             ] GC(2413) Pause Young (Allocation Failure) 6823M->4509M(6930M) 103.974ms
[7331.525s][info][gc,cpu         ] GC(2413) User=0.59s Sys=0.03s Real=0.10s
..[7333.082s][info][gc,start       ] GC(2414) Pause Young (Allocation Failure)
[7333.187s][info][gc,heap        ] GC(2414) PSYoungGen: 2620384K(2631680K)->152032K(2631680K) Eden: 2467840K(2467840K)->0K(2468352K) From: 152544K(163840K)->152032K(163328K)
[7333.187s][info][gc,heap        ] GC(2414) ParOldGen: 4464968K(4465152K)->4556632K(4556800K)
[7333.187s][info][gc,metaspace   ] GC(2414) Metaspace: 29095K(29504K)->29095K(29504K) NonClass: 24211K(24384K)->24211K(24384K) Class: 4884K(5120K)->4884K(5120K)
[7333.187s][info][gc             ] GC(2414) Pause Young (Allocation Failure) 6919M->4598M(7020M) 104.587ms
[7333.187s][info][gc,cpu         ] GC(2414) User=0.59s Sys=0.03s Real=0.10s
.[7334.659s][info][gc,start       ] GC(2415) Pause Young (Allocation Failure)
[7334.759s][info][gc,heap        ] GC(2415) PSYoungGen: 2620384K(2631680K)->141904K(2631680K) Eden: 2468352K(2468352K)->0K(2468352K) From: 152032K(163328K)->141904K(163328K)
[7334.759s][info][gc,heap        ] GC(2415) ParOldGen: 4556632K(4556800K)->4649864K(4649984K)
[7334.759s][info][gc,metaspace   ] GC(2415) Metaspace: 29095K(29504K)->29095K(29504K) NonClass: 24211K(24384K)->24211K(24384K) Class: 4884K(5120K)->4884K(5120K)
[7334.759s][info][gc             ] GC(2415) Pause Young (Allocation Failure) 7008M->4679M(7111M) 100.543ms
[7334.759s][info][gc,cpu         ] GC(2415) User=0.57s Sys=0.04s Real=0.10s
..[7336.249s][info][gc,start       ] GC(2416) Pause Young (Allocation Failure)
[7336.355s][info][gc,heap        ] GC(2416) PSYoungGen: 2610256K(2631680K)->152756K(2632704K) Eden: 2468352K(2468352K)->0K(2469376K) From: 141904K(163328K)->152756K(163328K)
[7336.355s][info][gc,heap        ] GC(2416) ParOldGen: 4649864K(4649984K)->4738712K(4739072K)
[7336.355s][info][gc,metaspace   ] GC(2416) Metaspace: 29095K(29504K)->29095K(29504K) NonClass: 24211K(24384K)->24211K(24384K) Class: 4884K(5120K)->4884K(5120K)
[7336.355s][info][gc             ] GC(2416) Pause Young (Allocation Failure) 7089M->4776M(7199M) 105.313ms
[7336.355s][info][gc,cpu         ] GC(2416) User=0.60s Sys=0.03s Real=0.11s
.[7337.830s][info][gc,start       ] GC(2417) Pause Young (Allocation Failure)
[7337.976s][info][gc,heap        ] GC(2417) PSYoungGen: 2622132K(2632704K)->144448K(2614272K) Eden: 2469376K(2469376K)->0K(2469376K) From: 152756K(163328K)->144448K(144896K)
[7337.976s][info][gc,heap        ] GC(2417) ParOldGen: 4738712K(4739072K)->4831696K(4831744K)
[7337.976s][info][gc,metaspace   ] GC(2417) Metaspace: 29095K(29504K)->29095K(29504K) NonClass: 24211K(24384K)->24211K(24384K) Class: 4884K(5120K)->4884K(5120K)
[7337.977s][info][gc             ] GC(2417) Pause Young (Allocation Failure) 7188M->4859M(7271M) 146.673ms
[7337.977s][info][gc,cpu         ] GC(2417) User=0.57s Sys=0.02s Real=0.14s
..[7339.465s][info][gc,start       ] GC(2418) Pause Young (Allocation Failure)
[7339.572s][info][gc,heap        ] GC(2418) PSYoungGen: 2613824K(2614272K)->158384K(2629120K) Eden: 2469376K(2469376K)->0K(2466304K) From: 144448K(144896K)->158384K(162816K)
[7339.572s][info][gc,heap        ] GC(2418) ParOldGen: 4831696K(4831744K)->4923456K(4923904K)
[7339.572s][info][gc,metaspace   ] GC(2418) Metaspace: 29095K(29504K)->29095K(29504K) NonClass: 24211K(24384K)->24211K(24384K) Class: 4884K(5120K)->4884K(5120K)
[7339.572s][info][gc             ] GC(2418) Pause Young (Allocation Failure) 7271M->4962M(7376M) 107.344ms
[7339.572s][info][gc,cpu         ] GC(2418) User=0.61s Sys=0.03s Real=0.11s
.[7341.065s][info][gc,start       ] GC(2419) Pause Young (Allocation Failure)
[7341.171s][info][gc,heap        ] GC(2419) PSYoungGen: 2624688K(2629120K)->155509K(2621952K) Eden: 2466304K(2466304K)->0K(2466304K) From: 158384K(162816K)->155509K(155648K)
[7341.171s][info][gc,heap        ] GC(2419) ParOldGen: 4923456K(4923904K)->5014144K(5014528K)
[7341.171s][info][gc,metaspace   ] GC(2419) Metaspace: 29095K(29504K)->29095K(29504K) NonClass: 24211K(24384K)->24211K(24384K) Class: 4884K(5120K)->4884K(5120K)
[7341.171s][info][gc             ] GC(2419) Pause Young (Allocation Failure) 7371M->5048M(7457M) 105.663ms
[7341.171s][info][gc,cpu         ] GC(2419) User=0.60s Sys=0.03s Real=0.11s
..[7342.626s][info][gc,start       ] GC(2420) Pause Young (Allocation Failure)
[7342.732s][info][gc,heap        ] GC(2420) PSYoungGen: 2621813K(2621952K)->149620K(2631680K) Eden: 2466304K(2466304K)->0K(2465792K) From: 155509K(155648K)->149620K(165888K)
[7342.733s][info][gc,heap        ] GC(2420) ParOldGen: 5014144K(5014528K)->5107744K(5108224K)
[7342.733s][info][gc,metaspace   ] GC(2420) Metaspace: 29095K(29504K)->29095K(29504K) NonClass: 24211K(24384K)->24211K(24384K) Class: 4884K(5120K)->4884K(5120K)
[7342.733s][info][gc             ] GC(2420) Pause Young (Allocation Failure) 7456M->5134M(7558M) 106.578ms
[7342.733s][info][gc,cpu         ] GC(2420) User=0.60s Sys=0.03s Real=0.11s
[7343.527s][info][gc,start       ] GC(2421) Pause Full (Diagnostic Command)
[7343.527s][info][gc,phases,start] GC(2421) Marking Phase
[7343.825s][info][gc,phases      ] GC(2421) Marking Phase 298.250ms
[7343.825s][info][gc,phases,start] GC(2421) Summary Phase
[7343.825s][info][gc,phases      ] GC(2421) Summary Phase 0.093ms
[7343.825s][info][gc,phases,start] GC(2421) Forward
[7344.079s][info][gc,phases      ] GC(2421) Forward 253.509ms
[7344.079s][info][gc,phases,start] GC(2421) Adjust Pointers
[7344.287s][info][gc,phases      ] GC(2421) Adjust Pointers 208.106ms
[7344.287s][info][gc,phases,start] GC(2421) Compaction Phase
[7344.478s][info][gc,phases      ] GC(2421) Compaction Phase 190.371ms
[7344.480s][info][gc,phases,start] GC(2421) Post Compact
[7344.486s][info][gc,phases      ] GC(2421) Post Compact 5.705ms
[7344.486s][info][gc,heap        ] GC(2421) PSYoungGen: 1425506K(2631680K)->0K(2631680K) Eden: 1275886K(2465792K)->0K(2465792K) From: 149620K(165888K)->0K(165888K)
[7344.486s][info][gc,heap        ] GC(2421) ParOldGen: 5107744K(5108224K)->1153523K(5108224K)
[7344.486s][info][gc,metaspace   ] GC(2421) Metaspace: 29095K(29504K)->29095K(29504K) NonClass: 24211K(24384K)->24211K(24384K) Class: 4884K(5120K)->4884K(5120K)
[7344.486s][info][gc             ] GC(2421) Pause Full (Diagnostic Command) 6380M->1126M(7558M) 958.987ms
[7344.486s][info][gc,cpu         ] GC(2421) User=4.68s Sys=0.00s Real=0.96s
..[7345.835s][info][gc,start       ] GC(2422) Pause Young (Allocation Failure)
[7345.904s][info][gc,heap        ] GC(2422) PSYoungGen: 2465792K(2631680K)->156160K(2630144K) Eden: 2465792K(2465792K)->0K(2465792K) From: 0K(165888K)->156160K(164352K)
[7345.904s][info][gc,heap        ] GC(2422) ParOldGen: 1153523K(5108224K)->1153523K(5108224K)
[7345.904s][info][gc,metaspace   ] GC(2422) Metaspace: 29095K(29504K)->29095K(29504K) NonClass: 24211K(24384K)->24211K(24384K) Class: 4884K(5120K)->4884K(5120K)
[7345.904s][info][gc             ] GC(2422) Pause Young (Allocation Failure) 3534M->1278M(7557M) 69.168ms
[7345.904s][info][gc,cpu         ] GC(2422) User=0.41s Sys=0.00s Real=0.07s
.[7347.344s][info][gc,start       ] GC(2423) Pause Young (Allocation Failure)
[7347.443s][info][gc,heap        ] GC(2423) PSYoungGen: 2621952K(2630144K)->152224K(2631168K) Eden: 2465792K(2465792K)->0K(2466304K) From: 156160K(164352K)->152224K(164864K)
[7347.443s][info][gc,heap        ] GC(2423) ParOldGen: 1153523K(5108224K)->1249171K(5108224K)
[7347.443s][info][gc,metaspace   ] GC(2423) Metaspace: 29095K(29504K)->29095K(29504K) NonClass: 24211K(24384K)->24211K(24384K) Class: 4884K(5120K)->4884K(5120K)
[7347.443s][info][gc             ] GC(2423) Pause Young (Allocation Failure) 3686M->1368M(7558M) 99.078ms
[7347.443s][info][gc,cpu         ] GC(2423) User=0.59s Sys=0.00s Real=0.10s
.[7349.011s][info][gc,start       ] GC(2424) Pause Young (Allocation Failure)
[7349.102s][info][gc,heap        ] GC(2424) PSYoungGen: 2618528K(2631168K)->134048K(2600448K) Eden: 2466304K(2466304K)->0K(2466304K) From: 152224K(164864K)->134048K(134144K)
[7349.102s][info][gc,heap        ] GC(2424) ParOldGen: 1249171K(5108224K)->1345483K(5108224K)
[7349.102s][info][gc,metaspace   ] GC(2424) Metaspace: 29095K(29504K)->29095K(29504K) NonClass: 24211K(24384K)->24211K(24384K) Class: 4884K(5120K)->4884K(5120K)
[7349.102s][info][gc             ] GC(2424) Pause Young (Allocation Failure) 3777M->1444M(7528M) 91.629ms
[7349.102s][info][gc,cpu         ] GC(2424) User=0.54s Sys=0.00s Real=0.09s
..[7350.545s][info][gc,start       ] GC(2425) Pause Young (Allocation Failure)
[7350.645s][info][gc,heap        ] GC(2425) PSYoungGen: 2600352K(2600448K)->158719K(2627072K) Eden: 2466304K(2466304K)->0K(2461184K) From: 134048K(134144K)->158719K(165888K)
[7350.645s][info][gc,heap        ] GC(2425) ParOldGen: 1345483K(5108224K)->1431739K(5108224K)
[7350.645s][info][gc,metaspace   ] GC(2425) Metaspace: 29095K(29504K)->29095K(29504K) NonClass: 24211K(24384K)->24211K(24384K) Class: 4884K(5120K)->4884K(5120K)
[7350.645s][info][gc             ] GC(2425) Pause Young (Allocation Failure) 3853M->1553M(7554M) 100.079ms
[7350.646s][info][gc,cpu         ] GC(2425) User=0.60s Sys=0.00s Real=0.10s
.[7352.090s][info][gc,start       ] GC(2426) Pause Young (Allocation Failure)
[7352.185s][info][gc,heap        ] GC(2426) PSYoungGen: 2619903K(2627072K)->148768K(2628608K) Eden: 2461184K(2461184K)->0K(2461184K) From: 158719K(165888K)->148768K(167424K)
[7352.185s][info][gc,heap        ] GC(2426) ParOldGen: 1431739K(5108224K)->1523915K(5108224K)
[7352.185s][info][gc,metaspace   ] GC(2426) Metaspace: 29095K(29504K)->29095K(29504K) NonClass: 24211K(24384K)->24211K(24384K) Class: 4884K(5120K)->4884K(5120K)
[7352.185s][info][gc             ] GC(2426) Pause Young (Allocation Failure) 3956M->1633M(7555M) 94.615ms
[7352.185s][info][gc,cpu         ] GC(2426) User=0.56s Sys=0.00s Real=0.09s
..[7353.658s][info][gc,start       ] GC(2427) Pause Young (Allocation Failure)
[7353.753s][info][gc,heap        ] GC(2427) PSYoungGen: 2609952K(2628608K)->144704K(2626048K) Eden: 2461184K(2461184K)->0K(2462208K) From: 148768K(167424K)->144704K(163840K)
[7353.753s][info][gc,heap        ] GC(2427) ParOldGen: 1523915K(5108224K)->1618915K(5108224K)
[7353.753s][info][gc,metaspace   ] GC(2427) Metaspace: 29095K(29504K)->29095K(29504K) NonClass: 24211K(24384K)->24211K(24384K) Class: 4884K(5120K)->4884K(5120K)
[7353.753s][info][gc             ] GC(2427) Pause Young (Allocation Failure) 4036M->1722M(7553M) 95.243ms
[7353.753s][info][gc,cpu         ] GC(2427) User=0.56s Sys=0.00s Real=0.10s
[7355.193s][info][gc,start       ] GC(2428) Pause Young (Allocation Failure)
[7355.290s][info][gc,heap        ] GC(2428) PSYoungGen: 2606912K(2626048K)->154304K(2627584K) Eden: 2462208K(2462208K)->0K(2462208K) From: 144704K(163840K)->154304K(165376K)
[7355.290s][info][gc,heap        ] GC(2428) ParOldGen: 1618915K(5108224K)->1709315K(5108224K)
[7355.290s][info][gc,metaspace   ] GC(2428) Metaspace: 29095K(29504K)->29095K(29504K) NonClass: 24211K(24384K)->24211K(24384K) Class: 4884K(5120K)->4884K(5120K)
[7355.290s][info][gc             ] GC(2428) Pause Young (Allocation Failure) 4126M->1819M(7554M) 97.253ms
[7355.290s][info][gc,cpu         ] GC(2428) User=0.57s Sys=0.00s Real=0.10s
..[7356.705s][info][gc,start       ] GC(2429) Pause Young (Allocation Failure)
[7356.802s][info][gc,heap        ] GC(2429) PSYoungGen: 2616512K(2627584K)->149556K(2628096K) Eden: 2462208K(2462208K)->0K(2464768K) From: 154304K(165376K)->149556K(163328K)
[7356.802s][info][gc,heap        ] GC(2429) ParOldGen: 1709315K(5108224K)->1802467K(5108224K)
[7356.802s][info][gc,metaspace   ] GC(2429) Metaspace: 29095K(29504K)->29095K(29504K) NonClass: 24211K(24384K)->24211K(24384K) Class: 4884K(5120K)->4884K(5120K)
[7356.802s][info][gc             ] GC(2429) Pause Young (Allocation Failure) 4224M->1906M(7555M) 97.075ms
[7356.802s][info][gc,cpu         ] GC(2429) User=0.57s Sys=0.00s Real=0.10s
.[7358.302s][info][gc,start       ] GC(2430) Pause Young (Allocation Failure)
[7358.403s][info][gc,heap        ] GC(2430) PSYoungGen: 2614324K(2628096K)->155188K(2629120K) Eden: 2464768K(2464768K)->0K(2464768K) From: 149556K(163328K)->155188K(164352K)
[7358.404s][info][gc,heap        ] GC(2430) ParOldGen: 1802467K(5108224K)->1898891K(5108224K)
[7358.404s][info][gc,metaspace   ] GC(2430) Metaspace: 29095K(29504K)->29095K(29504K) NonClass: 24211K(24384K)->24211K(24384K) Class: 4884K(5120K)->4884K(5120K)
[7358.404s][info][gc             ] GC(2430) Pause Young (Allocation Failure) 4313M->2005M(7556M) 101.174ms
[7358.404s][info][gc,cpu         ] GC(2430) User=0.60s Sys=0.00s Real=0.10s
.[7359.836s][info][gc,start       ] GC(2431) Pause Young (Allocation Failure)
[7359.976s][info][gc,heap        ] GC(2431) PSYoungGen: 2619956K(2629120K)->141760K(2631168K) Eden: 2464768K(2464768K)->0K(2466304K) From: 155188K(164352K)->141760K(164864K)
[7359.976s][info][gc,heap        ] GC(2431) ParOldGen: 1898891K(5108224K)->1989523K(5108224K)
[7359.976s][info][gc,metaspace   ] GC(2431) Metaspace: 29095K(29504K)->29095K(29504K) NonClass: 24211K(24384K)->24211K(24384K) Class: 4884K(5120K)->4884K(5120K)
[7359.976s][info][gc             ] GC(2431) Pause Young (Allocation Failure) 4412M->2081M(7558M) 139.418ms
[7359.976s][info][gc,cpu         ] GC(2431) User=0.56s Sys=0.00s Real=0.14s
..[7361.397s][info][gc,start       ] GC(2432) Pause Young (Allocation Failure)
[7361.498s][info][gc,heap        ] GC(2432) PSYoungGen: 2608064K(2631168K)->162976K(2629632K) Eden: 2466304K(2466304K)->0K(2466304K) From: 141760K(164864K)->162976K(163328K)
[7361.498s][info][gc,heap        ] GC(2432) ParOldGen: 1989523K(5108224K)->2079627K(5108224K)
[7361.498s][info][gc,metaspace   ] GC(2432) Metaspace: 29095K(29504K)->29095K(29504K) NonClass: 24211K(24384K)->24211K(24384K) Class: 4884K(5120K)->4884K(5120K)
[7361.498s][info][gc             ] GC(2432) Pause Young (Allocation Failure) 4489M->2190M(7556M) 100.874ms
[7361.498s][info][gc,cpu         ] GC(2432) User=0.60s Sys=0.00s Real=0.10s
.[7362.959s][info][gc,start       ] GC(2433) Pause Young (Allocation Failure)
[7363.058s][info][gc,heap        ] GC(2433) PSYoungGen: 2629280K(2629632K)->151920K(2628608K) Eden: 2466304K(2466304K)->0K(2462208K) From: 162976K(163328K)->151920K(166400K)
[7363.058s][info][gc,heap        ] GC(2433) ParOldGen: 2079627K(5108224K)->2172763K(5108224K)
[7363.058s][info][gc,metaspace   ] GC(2433) Metaspace: 29095K(29504K)->29095K(29504K) NonClass: 24211K(24384K)->24211K(24384K) Class: 4884K(5120K)->4884K(5120K)
[7363.058s][info][gc             ] GC(2433) Pause Young (Allocation Failure) 4598M->2270M(7555M) 99.038ms
[7363.058s][info][gc,cpu         ] GC(2433) User=0.59s Sys=0.00s Real=0.10s
..[7364.519s][info][gc,start       ] GC(2434) Pause Young (Allocation Failure)
[7364.619s][info][gc,heap        ] GC(2434) PSYoungGen: 2614128K(2628608K)->154560K(2629120K) Eden: 2462208K(2462208K)->0K(2462208K) From: 151920K(166400K)->154560K(166912K)
[7364.619s][info][gc,heap        ] GC(2434) ParOldGen: 2172763K(5108224K)->2268811K(5108224K)
[7364.619s][info][gc,metaspace   ] GC(2434) Metaspace: 29095K(29504K)->29095K(29504K) NonClass: 24211K(24384K)->24211K(24384K) Class: 4884K(5120K)->4884K(5120K)
[7364.619s][info][gc             ] GC(2434) Pause Young (Allocation Failure) 4674M->2366M(7556M) 99.652ms
[7364.619s][info][gc,cpu         ] GC(2434) User=0.59s Sys=0.00s Real=0.10s
 (rIR:aIR:PR = 12592:12489:12470) (tPR = 185829) [OK] 
  7364s: Performance info:
         Transaction,    Success,    Partial,     Failed,   Receipts, AvgBarcode, 
             Overall,     879706,          0,          0,     835179,      59.47, 
         Response times:
             Request,    Success,    Partial,     Failed,   SkipFail,     Probes,    Samples,      min,      p50,      p90,      p95,      p99,      max, 
       TotalPurchase,     838239,          0,          0,          0,     313448,     509655,      200,   106000,   554000,   680000,   950000,  1500000,
     InStorePurchase,     440855,          0,          0,          0,     162908,     267352,      200,   105000,   523000,   660000,   950000,  1500000,
      OnlinePurchase,     309381,          0,          0,          0,     115209,     187262,      300,   106000,   563000,   710000,   970000,  1500000,
        InstPurchase,      88003,          0,          0,          0,      35331,      55041,      300,   105000,   630000,   780000,   985800,  1500000,
          AssocOfCat,        889,          0,          0,          0,        675,       1050,    25000,   130000,   549800,   684500,   890000,   980000,
      AssocOfProduct,       8800,          0,          0,          0,       3465,       5585,     1300,   109000,   640000,   780000,   990000,  1200000,
      BusinessReport,       2205,          0,          0,          0,       1708,       2637,    30000,   155000,   610000,   770000,  1100000,  1300000,
          CustBuyBeh,       8914,          0,          0,          0,       3458,       5512,      200,   106000,   630000,   780000,   960000,  1500000,
       ProductReturn,      23211,          0,          0,          0,       9521,      14315,      500,   105000,   630000,   780000,   950000,  1300000,

  7364s: (92%)   IR =  12730 .[7366.173s][info][gc,start       ] GC(2435) Pause Young (Allocation Failure)
[7366.271s][info][gc,heap        ] GC(2435) PSYoungGen: 2616768K(2629120K)->147636K(2627072K) Eden: 2462208K(2462208K)->0K(2462208K) From: 154560K(166912K)->147636K(164864K)
[7366.271s][info][gc,heap        ] GC(2435) ParOldGen: 2268811K(5108224K)->2362667K(5108224K)
[7366.271s][info][gc,metaspace   ] GC(2435) Metaspace: 29095K(29504K)->29095K(29504K) NonClass: 24211K(24384K)->24211K(24384K) Class: 4884K(5120K)->4884K(5120K)
[7366.271s][info][gc             ] GC(2435) Pause Young (Allocation Failure) 4771M->2451M(7554M) 98.474ms
[7366.271s][info][gc,cpu         ] GC(2435) User=0.59s Sys=0.00s Real=0.10s
.[7367.744s][info][gc,start       ] GC(2436) Pause Young (Allocation Failure)
[7367.847s][info][gc,heap        ] GC(2436) PSYoungGen: 2609844K(2627072K)->157637K(2628096K) Eden: 2462208K(2462208K)->0K(2462208K) From: 147636K(164864K)->157637K(165888K)
[7367.847s][info][gc,heap        ] GC(2436) ParOldGen: 2362667K(5108224K)->2451587K(5108224K)
[7367.847s][info][gc,metaspace   ] GC(2436) Metaspace: 29095K(29504K)->29095K(29504K) NonClass: 24211K(24384K)->24211K(24384K) Class: 4884K(5120K)->4884K(5120K)
[7367.847s][info][gc             ] GC(2436) Pause Young (Allocation Failure) 4855M->2548M(7555M) 103.025ms
[7367.847s][info][gc,cpu         ] GC(2436) User=0.61s Sys=0.00s Real=0.10s
..[7369.300s][info][gc,start       ] GC(2437) Pause Young (Allocation Failure)
[7369.398s][info][gc,heap        ] GC(2437) PSYoungGen: 2619845K(2628096K)->153184K(2629120K) Eden: 2462208K(2462208K)->0K(2463232K) From: 157637K(165888K)->153184K(165888K)
[7369.398s][info][gc,heap        ] GC(2437) ParOldGen: 2451587K(5108224K)->2541259K(5108224K)
[7369.398s][info][gc,metaspace   ] GC(2437) Metaspace: 29095K(29504K)->29095K(29504K) NonClass: 24211K(24384K)->24211K(24384K) Class: 4884K(5120K)->4884K(5120K)
[7369.398s][info][gc             ] GC(2437) Pause Young (Allocation Failure) 4952M->2631M(7556M) 98.568ms
[7369.398s][info][gc,cpu         ] GC(2437) User=0.58s Sys=0.00s Real=0.09s
.[7370.871s][info][gc,start       ] GC(2438) Pause Young (Allocation Failure)
[7371.013s][info][gc,heap        ] GC(2438) PSYoungGen: 2616416K(2629120K)->142880K(2629120K) Eden: 2463232K(2463232K)->0K(2463232K) From: 153184K(165888K)->142880K(165888K)
[7371.013s][info][gc,heap        ] GC(2438) ParOldGen: 2541259K(5108224K)->2637979K(5108224K)
[7371.013s][info][gc,metaspace   ] GC(2438) Metaspace: 29095K(29504K)->29095K(29504K) NonClass: 24211K(24384K)->24211K(24384K) Class: 4884K(5120K)->4884K(5120K)
[7371.013s][info][gc             ] GC(2438) Pause Young (Allocation Failure) 5036M->2715M(7556M) 141.505ms
[7371.013s][info][gc,cpu         ] GC(2438) User=0.56s Sys=0.00s Real=0.14s
..[7372.372s][info][gc,start       ] GC(2439) Pause Young (Allocation Failure)
[7372.472s][info][gc,heap        ] GC(2439) PSYoungGen: 2606112K(2629120K)->159776K(2626048K) Eden: 2463232K(2463232K)->0K(2460160K) From: 142880K(165888K)->159776K(165888K)
[7372.472s][info][gc,heap        ] GC(2439) ParOldGen: 2637979K(5108224K)->2727171K(5108224K)
[7372.472s][info][gc,metaspace   ] GC(2439) Metaspace: 29095K(29504K)->29095K(29504K) NonClass: 24211K(24384K)->24211K(24384K) Class: 4884K(5120K)->4884K(5120K)
[7372.472s][info][gc             ] GC(2439) Pause Young (Allocation Failure) 5121M->2819M(7553M) 100.678ms
[7372.472s][info][gc,cpu         ] GC(2439) User=0.60s Sys=0.00s Real=0.10s
.[7374.016s][info][gc,start       ] GC(2440) Pause Young (Allocation Failure)
[7374.111s][info][gc,heap        ] GC(2440) PSYoungGen: 2619936K(2626048K)->143296K(2628096K) Eden: 2460160K(2460160K)->0K(2460160K) From: 159776K(165888K)->143296K(167936K)
[7374.111s][info][gc,heap        ] GC(2440) ParOldGen: 2727171K(5108224K)->2825747K(5108224K)
[7374.111s][info][gc,metaspace   ] GC(2440) Metaspace: 29095K(29504K)->29095K(29504K) NonClass: 24211K(24384K)->24211K(24384K) Class: 4884K(5120K)->4884K(5120K)
[7374.111s][info][gc             ] GC(2440) Pause Young (Allocation Failure) 5221M->2899M(7555M) 95.796ms
[7374.111s][info][gc,cpu         ] GC(2440) User=0.57s Sys=0.00s Real=0.10s
..[7375.518s][info][gc,start       ] GC(2441) Pause Young (Allocation Failure)
[7375.620s][info][gc,heap        ] GC(2441) PSYoungGen: 2603456K(2628096K)->162004K(2624000K) Eden: 2460160K(2460160K)->0K(2456064K) From: 143296K(167936K)->162004K(167936K)
[7375.620s][info][gc,heap        ] GC(2441) ParOldGen: 2825747K(5108224K)->2914203K(5108224K)
[7375.620s][info][gc,metaspace   ] GC(2441) Metaspace: 29095K(29504K)->29095K(29504K) NonClass: 24211K(24384K)->24211K(24384K) Class: 4884K(5120K)->4884K(5120K)
[7375.620s][info][gc             ] GC(2441) Pause Young (Allocation Failure) 5301M->3004M(7551M) 101.719ms
[7375.620s][info][gc,cpu         ] GC(2441) User=0.61s Sys=0.01s Real=0.11s
.[7377.145s][info][gc,start       ] GC(2442) Pause Young (Allocation Failure)
[7377.244s][info][gc,heap        ] GC(2442) PSYoungGen: 2618068K(2624000K)->148359K(2626048K) Eden: 2456064K(2456064K)->0K(2456064K) From: 162004K(167936K)->148359K(169984K)
[7377.244s][info][gc,heap        ] GC(2442) ParOldGen: 2914203K(5108224K)->3008131K(5108224K)
[7377.244s][info][gc,metaspace   ] GC(2442) Metaspace: 29095K(29504K)->29095K(29504K) NonClass: 24211K(24384K)->24211K(24384K) Class: 4884K(5120K)->4884K(5120K)
[7377.244s][info][gc             ] GC(2442) Pause Young (Allocation Failure) 5402M->3082M(7553M) 99.248ms
[7377.244s][info][gc,cpu         ] GC(2442) User=0.59s Sys=0.00s Real=0.10s
..[7378.667s][info][gc,start       ] GC(2443) Pause Young (Allocation Failure)
[7378.765s][info][gc,heap        ] GC(2443) PSYoungGen: 2604423K(2626048K)->149962K(2621952K) Eden: 2456064K(2456064K)->0K(2457088K) From: 148359K(169984K)->149962K(164864K)
[7378.765s][info][gc,heap        ] GC(2443) ParOldGen: 3008131K(5108224K)->3098011K(5108224K)
[7378.765s][info][gc,metaspace   ] GC(2443) Metaspace: 29095K(29504K)->29095K(29504K) NonClass: 24211K(24384K)->24211K(24384K) Class: 4884K(5120K)->4884K(5120K)
[7378.765s][info][gc             ] GC(2443) Pause Young (Allocation Failure) 5481M->3171M(7549M) 98.045ms
[7378.765s][info][gc,cpu         ] GC(2443) User=0.58s Sys=0.00s Real=0.10s
.[7380.261s][info][gc,start       ] GC(2444) Pause Young (Allocation Failure)
[7380.360s][info][gc,heap        ] GC(2444) PSYoungGen: 2607050K(2621952K)->151456K(2624512K) Eden: 2457088K(2457088K)->0K(2457088K) From: 149962K(164864K)->151456K(167424K)
[7380.360s][info][gc,heap        ] GC(2444) ParOldGen: 3098011K(5108224K)->3191035K(5108224K)
[7380.360s][info][gc,metaspace   ] GC(2444) Metaspace: 29095K(29504K)->29095K(29504K) NonClass: 24211K(24384K)->24211K(24384K) Class: 4884K(5120K)->4884K(5120K)
[7380.360s][info][gc             ] GC(2444) Pause Young (Allocation Failure) 5571M->3264M(7551M) 98.700ms
[7380.360s][info][gc,cpu         ] GC(2444) User=0.59s Sys=0.00s Real=0.10s
..[7381.882s][info][gc,start       ] GC(2445) Pause Young (Allocation Failure)
[7382.028s][info][gc,heap        ] GC(2445) PSYoungGen: 2608544K(2624512K)->145972K(2626560K) Eden: 2457088K(2457088K)->0K(2462720K) From: 151456K(167424K)->145972K(163840K)
[7382.028s][info][gc,heap        ] GC(2445) ParOldGen: 3191035K(5108224K)->3284099K(5108224K)
[7382.028s][info][gc,metaspace   ] GC(2445) Metaspace: 29095K(29504K)->29095K(29504K) NonClass: 24211K(24384K)->24211K(24384K) Class: 4884K(5120K)->4884K(5120K)
[7382.028s][info][gc             ] GC(2445) Pause Young (Allocation Failure) 5663M->3349M(7553M) 145.936ms
[7382.028s][info][gc,cpu         ] GC(2445) User=0.59s Sys=0.00s Real=0.14s
.[7383.476s][info][gc,start       ] GC(2446) Pause Young (Allocation Failure)
[7383.574s][info][gc,heap        ] GC(2446) PSYoungGen: 2608692K(2626560K)->157552K(2628096K) Eden: 2462720K(2462720K)->0K(2462720K) From: 145972K(163840K)->157552K(165376K)
[7383.574s][info][gc,heap        ] GC(2446) ParOldGen: 3284099K(5108224K)->3371563K(5108224K)
[7383.574s][info][gc,metaspace   ] GC(2446) Metaspace: 29095K(29504K)->29095K(29504K) NonClass: 24211K(24384K)->24211K(24384K) Class: 4884K(5120K)->4884K(5120K)
[7383.574s][info][gc             ] GC(2446) Pause Young (Allocation Failure) 5754M->3446M(7555M) 98.374ms
[7383.574s][info][gc,cpu         ] GC(2446) User=0.58s Sys=0.00s Real=0.10s
..[7385.067s][info][gc,start       ] GC(2447) Pause Young (Allocation Failure)
[7385.163s][info][gc,heap        ] GC(2447) PSYoungGen: 2620272K(2628096K)->146784K(2630144K) Eden: 2462720K(2462720K)->0K(2463744K) From: 157552K(165376K)->146784K(166400K)
[7385.163s][info][gc,heap        ] GC(2447) ParOldGen: 3371563K(5108224K)->3467043K(5108224K)
[7385.163s][info][gc,metaspace   ] GC(2447) Metaspace: 29095K(29504K)->29095K(29504K) NonClass: 24211K(24384K)->24211K(24384K) Class: 4884K(5120K)->4884K(5120K)
[7385.163s][info][gc             ] GC(2447) Pause Young (Allocation Failure) 5851M->3529M(7557M) 96.049ms
[7385.163s][info][gc,cpu         ] GC(2447) User=0.58s Sys=0.00s Real=0.10s
.[7386.553s][info][gc,start       ] GC(2448) Pause Young (Allocation Failure)
[7386.651s][info][gc,heap        ] GC(2448) PSYoungGen: 2610528K(2630144K)->149152K(2613248K) Eden: 2463744K(2463744K)->0K(2463744K) From: 146784K(166400K)->149152K(149504K)
[7386.651s][info][gc,heap        ] GC(2448) ParOldGen: 3467043K(5108224K)->3557731K(5108224K)
[7386.651s][info][gc,metaspace   ] GC(2448) Metaspace: 29095K(29504K)->29095K(29504K) NonClass: 24211K(24384K)->24211K(24384K) Class: 4884K(5120K)->4884K(5120K)
[7386.651s][info][gc             ] GC(2448) Pause Young (Allocation Failure) 5935M->3620M(7540M) 97.845ms
[7386.651s][info][gc,cpu         ] GC(2448) User=0.58s Sys=0.00s Real=0.10s
..[7388.209s][info][gc,start       ] GC(2449) Pause Young (Allocation Failure)
[7388.310s][info][gc,heap        ] GC(2449) PSYoungGen: 2612896K(2613248K)->149513K(2629632K) Eden: 2463744K(2463744K)->0K(2464768K) From: 149152K(149504K)->149513K(164864K)
[7388.310s][info][gc,heap        ] GC(2449) ParOldGen: 3557731K(5108224K)->3653523K(5108224K)
[7388.310s][info][gc,metaspace   ] GC(2449) Metaspace: 29095K(29504K)->29095K(29504K) NonClass: 24211K(24384K)->24211K(24384K) Class: 4884K(5120K)->4884K(5120K)
[7388.310s][info][gc             ] GC(2449) Pause Young (Allocation Failure) 6026M->3713M(7556M) 100.293ms
[7388.310s][info][gc,cpu         ] GC(2449) User=0.59s Sys=0.00s Real=0.10s
.[7389.789s][info][gc,start       ] GC(2450) Pause Young (Allocation Failure)
[7389.889s][info][gc,heap        ] GC(2450) PSYoungGen: 2614281K(2629632K)->151525K(2628608K) Eden: 2464768K(2464768K)->0K(2464768K) From: 149513K(164864K)->151525K(163840K)
[7389.889s][info][gc,heap        ] GC(2450) ParOldGen: 3653523K(5108224K)->3742979K(5108224K)
[7389.889s][info][gc,metaspace   ] GC(2450) Metaspace: 29095K(29504K)->29095K(29504K) NonClass: 24211K(24384K)->24211K(24384K) Class: 4884K(5120K)->4884K(5120K)
[7389.889s][info][gc             ] GC(2450) Pause Young (Allocation Failure) 6120M->3803M(7555M) 100.512ms
[7389.889s][info][gc,cpu         ] GC(2450) User=0.60s Sys=0.00s Real=0.11s
..|[7391.369s][info][gc,start       ] GC(2451) Pause Young (Allocation Failure)
[7391.470s][info][gc,heap        ] GC(2451) PSYoungGen: 2616293K(2628608K)->156826K(2629120K) Eden: 2464768K(2464768K)->0K(2466304K) From: 151525K(163840K)->156826K(162816K)
[7391.470s][info][gc,heap        ] GC(2451) ParOldGen: 3742979K(5108224K)->3834667K(5108224K)
[7391.470s][info][gc,metaspace   ] GC(2451) Metaspace: 29095K(29504K)->29095K(29504K) NonClass: 24211K(24384K)->24211K(24384K) Class: 4884K(5120K)->4884K(5120K)
[7391.470s][info][gc             ] GC(2451) Pause Young (Allocation Failure) 6210M->3897M(7556M) 101.058ms
[7391.470s][info][gc,cpu         ] GC(2451) User=0.61s Sys=0.00s Real=0.11s
.[7393.015s][info][gc,start       ] GC(2452) Pause Young (Allocation Failure)
[7393.112s][info][gc,heap        ] GC(2452) PSYoungGen: 2623130K(2629120K)->145856K(2630144K) Eden: 2466304K(2466304K)->0K(2466304K) From: 156826K(162816K)->145856K(163840K)
[7393.112s][info][gc,heap        ] GC(2452) ParOldGen: 3834667K(5108224K)->3927979K(5108224K)
[7393.112s][info][gc,metaspace   ] GC(2452) Metaspace: 29095K(29504K)->29095K(29504K) NonClass: 24211K(24384K)->24211K(24384K) Class: 4884K(5120K)->4884K(5120K)
[7393.112s][info][gc             ] GC(2452) Pause Young (Allocation Failure) 6306M->3978M(7557M) 96.817ms
[7393.112s][info][gc,cpu         ] GC(2452) User=0.57s Sys=0.00s Real=0.10s
.[7394.524s][info][gc,start       ] GC(2453) Pause Young (Allocation Failure)
[7394.628s][info][gc,heap        ] GC(2453) PSYoungGen: 2612160K(2630144K)->161161K(2627584K) Eden: 2466304K(2466304K)->0K(2464256K) From: 145856K(163840K)->161161K(163328K)
[7394.629s][info][gc,heap        ] GC(2453) ParOldGen: 3927979K(5108224K)->4018291K(5108224K)
[7394.629s][info][gc,metaspace   ] GC(2453) Metaspace: 29095K(29504K)->29095K(29504K) NonClass: 24211K(24384K)->24211K(24384K) Class: 4884K(5120K)->4884K(5120K)
[7394.629s][info][gc             ] GC(2453) Pause Young (Allocation Failure) 6386M->4081M(7554M) 104.184ms
[7394.629s][info][gc,cpu         ] GC(2453) User=0.62s Sys=0.00s Real=0.10s
..[7396.134s][info][gc,start       ] GC(2454) Pause Young (Allocation Failure)
[7396.231s][info][gc,heap        ] GC(2454) PSYoungGen: 2625417K(2627584K)->143904K(2630144K) Eden: 2464256K(2464256K)->0K(2464256K) From: 161161K(163328K)->143904K(165888K)
[7396.231s][info][gc,heap        ] GC(2454) ParOldGen: 4018291K(5108224K)->4111891K(5108224K)
[7396.231s][info][gc,metaspace   ] GC(2454) Metaspace: 29095K(29504K)->29095K(29504K) NonClass: 24211K(24384K)->24211K(24384K) Class: 4884K(5120K)->4884K(5120K)
[7396.231s][info][gc             ] GC(2454) Pause Young (Allocation Failure) 6487M->4156M(7557M) 96.450ms
[7396.231s][info][gc,cpu         ] GC(2454) User=0.57s Sys=0.00s Real=0.10s
.[7397.661s][info][gc,start       ] GC(2455) Pause Young (Allocation Failure)
[7397.759s][info][gc,heap        ] GC(2455) PSYoungGen: 2608160K(2630144K)->147940K(2628096K) Eden: 2464256K(2464256K)->0K(2464256K) From: 143904K(165888K)->147940K(163840K)
[7397.759s][info][gc,heap        ] GC(2455) ParOldGen: 4111891K(5108224K)->4203155K(5108224K)
[7397.759s][info][gc,metaspace   ] GC(2455) Metaspace: 29095K(29504K)->29095K(29504K) NonClass: 24211K(24384K)->24211K(24384K) Class: 4884K(5120K)->4884K(5120K)
[7397.759s][info][gc             ] GC(2455) Pause Young (Allocation Failure) 6562M->4249M(7555M) 98.744ms
[7397.759s][info][gc,cpu         ] GC(2455) User=0.59s Sys=0.00s Real=0.10s
..[7399.248s][info][gc,start       ] GC(2456) Pause Young (Allocation Failure)
[7399.346s][info][gc,heap        ] GC(2456) PSYoungGen: 2612196K(2628096K)->150240K(2629120K) Eden: 2464256K(2464256K)->0K(2464256K) From: 147940K(163840K)->150240K(164864K)
[7399.347s][info][gc,heap        ] GC(2456) ParOldGen: 4203155K(5108224K)->4293859K(5108224K)
[7399.347s][info][gc,metaspace   ] GC(2456) Metaspace: 29095K(29504K)->29095K(29504K) NonClass: 24211K(24384K)->24211K(24384K) Class: 4884K(5120K)->4884K(5120K)
[7399.347s][info][gc             ] GC(2456) Pause Young (Allocation Failure) 6655M->4339M(7556M) 98.452ms
[7399.347s][info][gc,cpu         ] GC(2456) User=0.58s Sys=0.00s Real=0.10s
.[7400.773s][info][gc,start       ] GC(2457) Pause Young (Allocation Failure)
[7400.873s][info][gc,heap        ] GC(2457) PSYoungGen: 2614496K(2629120K)->146016K(2630144K) Eden: 2464256K(2464256K)->0K(2467328K) From: 150240K(164864K)->146016K(162816K)
[7400.873s][info][gc,heap        ] GC(2457) ParOldGen: 4293859K(5108224K)->4386315K(5108224K)
[7400.873s][info][gc,metaspace   ] GC(2457) Metaspace: 29095K(29504K)->29095K(29504K) NonClass: 24211K(24384K)->24211K(24384K) Class: 4884K(5120K)->4884K(5120K)
[7400.873s][info][gc             ] GC(2457) Pause Young (Allocation Failure) 6746M->4426M(7557M) 99.501ms
[7400.873s][info][gc,cpu         ] GC(2457) User=0.59s Sys=0.00s Real=0.10s
..[7402.409s][info][gc,start       ] GC(2458) Pause Young (Allocation Failure)
[7402.509s][info][gc,heap        ] GC(2458) PSYoungGen: 2613344K(2630144K)->152741K(2630656K) Eden: 2467328K(2467328K)->0K(2467328K) From: 146016K(162816K)->152741K(163328K)
[7402.509s][info][gc,heap        ] GC(2458) ParOldGen: 4386315K(5108224K)->4480419K(5108224K)
[7402.509s][info][gc,metaspace   ] GC(2458) Metaspace: 29095K(29504K)->29095K(29504K) NonClass: 24211K(24384K)->24211K(24384K) Class: 4884K(5120K)->4884K(5120K)
[7402.509s][info][gc             ] GC(2458) Pause Young (Allocation Failure) 6835M->4524M(7557M) 100.763ms
[7402.509s][info][gc,cpu         ] GC(2458) User=0.60s Sys=0.00s Real=0.11s
.[7404.053s][info][gc,start       ] GC(2459) Pause Young (Allocation Failure)
[7404.147s][info][gc,heap        ] GC(2459) PSYoungGen: 2620069K(2630656K)->138912K(2631168K) Eden: 2467328K(2467328K)->0K(2468352K) From: 152741K(163328K)->138912K(162816K)
[7404.147s][info][gc,heap        ] GC(2459) ParOldGen: 4480419K(5108224K)->4572123K(5108224K)
[7404.147s][info][gc,metaspace   ] GC(2459) Metaspace: 29095K(29504K)->29095K(29504K) NonClass: 24211K(24384K)->24211K(24384K) Class: 4884K(5120K)->4884K(5120K)
[7404.147s][info][gc             ] GC(2459) Pause Young (Allocation Failure) 6934M->4600M(7558M) 94.019ms
[7404.147s][info][gc,cpu         ] GC(2459) User=0.56s Sys=0.00s Real=0.09s
.[7405.537s][info][gc,start       ] GC(2460) Pause Young (Allocation Failure)
[7405.646s][info][gc,heap        ] GC(2460) PSYoungGen: 2607264K(2631168K)->163823K(2632192K) Eden: 2468352K(2468352K)->0K(2468352K) From: 138912K(162816K)->163823K(163840K)
[7405.646s][info][gc,heap        ] GC(2460) ParOldGen: 4572123K(5108224K)->4669195K(5108224K)
[7405.646s][info][gc,metaspace   ] GC(2460) Metaspace: 29095K(29504K)->29095K(29504K) NonClass: 24211K(24384K)->24211K(24384K) Class: 4884K(5120K)->4884K(5120K)
[7405.646s][info][gc             ] GC(2460) Pause Young (Allocation Failure) 7011M->4719M(7559M) 109.456ms
[7405.646s][info][gc,cpu         ] GC(2460) User=0.65s Sys=0.00s Real=0.11s
..[7407.173s][info][gc,start       ] GC(2461) Pause Young (Allocation Failure)
[7407.269s][info][gc,heap        ] GC(2461) PSYoungGen: 2632175K(2632192K)->143104K(2555392K) Eden: 2468352K(2468352K)->0K(2391552K) From: 163823K(163840K)->143104K(163840K)
[7407.269s][info][gc,heap        ] GC(2461) ParOldGen: 4669195K(5108224K)->4765331K(5108224K)
[7407.269s][info][gc,metaspace   ] GC(2461) Metaspace: 29095K(29504K)->29095K(29504K) NonClass: 24211K(24384K)->24211K(24384K) Class: 4884K(5120K)->4884K(5120K)
[7407.269s][info][gc             ] GC(2461) Pause Young (Allocation Failure) 7130M->4793M(7484M) 96.104ms
[7407.270s][info][gc,cpu         ] GC(2461) User=0.57s Sys=0.00s Real=0.10s
.[7408.662s][info][gc,start       ] GC(2462) Pause Young (Allocation Failure)
[7408.757s][info][gc,heap        ] GC(2462) PSYoungGen: 2534656K(2555392K)->142160K(2593792K) Eden: 2391552K(2391552K)->0K(2391552K) From: 143104K(163840K)->142160K(202240K)
[7408.757s][info][gc,heap        ] GC(2462) ParOldGen: 4765331K(5108224K)->4855563K(5108224K)
[7408.757s][info][gc,metaspace   ] GC(2462) Metaspace: 29095K(29504K)->29095K(29504K) NonClass: 24211K(24384K)->24211K(24384K) Class: 4884K(5120K)->4884K(5120K)
[7408.757s][info][gc             ] GC(2462) Pause Young (Allocation Failure) 7128M->4880M(7521M) 95.506ms
[7408.757s][info][gc,cpu         ] GC(2462) User=0.56s Sys=0.00s Real=0.09s
.[7410.233s][info][gc,start       ] GC(2463) Pause Young (Allocation Failure)
[7410.333s][info][gc,heap        ] GC(2463) PSYoungGen: 2533712K(2593792K)->149728K(2586112K) Eden: 2391552K(2391552K)->0K(2393088K) From: 142160K(202240K)->149728K(193024K)
[7410.333s][info][gc,heap        ] GC(2463) ParOldGen: 4855563K(5108224K)->4950195K(5108224K)
[7410.333s][info][gc,metaspace   ] GC(2463) Metaspace: 29095K(29504K)->29095K(29504K) NonClass: 24211K(24384K)->24211K(24384K) Class: 4884K(5120K)->4884K(5120K)
[7410.333s][info][gc             ] GC(2463) Pause Young (Allocation Failure) 7216M->4980M(7514M) 100.182ms
[7410.333s][info][gc,cpu         ] GC(2463) User=0.60s Sys=0.00s Real=0.10s
..[7411.760s][info][gc,start       ] GC(2464) Pause Young (Allocation Failure)
[7411.860s][info][gc,heap        ] GC(2464) PSYoungGen: 2542816K(2586112K)->147445K(2590720K) Eden: 2393088K(2393088K)->0K(2393088K) From: 149728K(193024K)->147445K(197632K)
[7411.860s][info][gc,heap        ] GC(2464) ParOldGen: 4950195K(5108224K)->5040131K(5108224K)
[7411.860s][info][gc,metaspace   ] GC(2464) Metaspace: 29095K(29504K)->29095K(29504K) NonClass: 24211K(24384K)->24211K(24384K) Class: 4884K(5120K)->4884K(5120K)
[7411.860s][info][gc             ] GC(2464) Pause Young (Allocation Failure) 7317M->5065M(7518M) 99.841ms
[7411.860s][info][gc,cpu         ] GC(2464) User=0.59s Sys=0.00s Real=0.10s
.[7413.311s][info][gc,start       ] GC(2465) Pause Young (Allocation Failure)
[7413.410s][info][gc,heap        ] GC(2465) PSYoungGen: 2540533K(2590720K)->143760K(2592256K) Eden: 2393088K(2393088K)->0K(2403328K) From: 147445K(197632K)->143760K(188928K)
[7413.410s][info][gc,heap        ] GC(2465) ParOldGen: 5040131K(5108224K)->5132083K(5132288K)
[7413.410s][info][gc,metaspace   ] GC(2465) Metaspace: 29095K(29504K)->29095K(29504K) NonClass: 24211K(24384K)->24211K(24384K) Class: 4884K(5120K)->4884K(5120K)
[7413.410s][info][gc             ] GC(2465) Pause Young (Allocation Failure) 7402M->5152M(7543M) 98.268ms
[7413.410s][info][gc,cpu         ] GC(2465) User=0.58s Sys=0.01s Real=0.10s
..[7414.902s][info][gc,start       ] GC(2466) Pause Young (Allocation Failure)
[7415.056s][info][gc,heap        ] GC(2466) PSYoungGen: 2547088K(2592256K)->146693K(2596352K) Eden: 2403328K(2403328K)->0K(2403328K) From: 143760K(188928K)->146693K(193024K)
[7415.056s][info][gc,heap        ] GC(2466) ParOldGen: 5132083K(5132288K)->5223875K(5223936K)
[7415.056s][info][gc,metaspace   ] GC(2466) Metaspace: 29095K(29504K)->29095K(29504K) NonClass: 24211K(24384K)->24211K(24384K) Class: 4884K(5120K)->4884K(5120K)
[7415.056s][info][gc             ] GC(2466) Pause Young (Allocation Failure) 7499M->5244M(7637M) 153.864ms
[7415.056s][info][gc,cpu         ] GC(2466) User=0.62s Sys=0.02s Real=0.15s
.[7416.446s][info][gc,start       ] GC(2467) Pause Young (Allocation Failure)
[7416.550s][info][gc,heap        ] GC(2467) PSYoungGen: 2550021K(2596352K)->152544K(2594304K) Eden: 2403328K(2403328K)->0K(2412544K) From: 146693K(193024K)->152544K(181760K)
[7416.550s][info][gc,heap        ] GC(2467) ParOldGen: 5223875K(5223936K)->5312283K(5312512K)
[7416.550s][info][gc,metaspace   ] GC(2467) Metaspace: 29095K(29504K)->29095K(29504K) NonClass: 24211K(24384K)->24211K(24384K) Class: 4884K(5120K)->4884K(5120K)
[7416.551s][info][gc             ] GC(2467) Pause Young (Allocation Failure) 7591M->5336M(7721M) 104.411ms
[7416.551s][info][gc,cpu         ] GC(2467) User=0.59s Sys=0.03s Real=0.11s
..[7418.062s][info][gc,start       ] GC(2468) Pause Young (Allocation Failure)
[7418.162s][info][gc,heap        ] GC(2468) PSYoungGen: 2565088K(2594304K)->139447K(2599424K) Eden: 2412544K(2412544K)->0K(2412544K) From: 152544K(181760K)->139447K(186880K)
[7418.163s][info][gc,heap        ] GC(2468) ParOldGen: 5312283K(5312512K)->5406795K(5407232K)
[7418.163s][info][gc,metaspace   ] GC(2468) Metaspace: 29095K(29504K)->29095K(29504K) NonClass: 24211K(24384K)->24211K(24384K) Class: 4884K(5120K)->4884K(5120K)
[7418.163s][info][gc             ] GC(2468) Pause Young (Allocation Failure) 7692M->5416M(7819M) 100.696ms
[7418.163s][info][gc,cpu         ] GC(2468) User=0.57s Sys=0.04s Real=0.10s
.[7419.561s][info][gc,start       ] GC(2469) Pause Young (Allocation Failure)
[7419.675s][info][gc,heap        ] GC(2469) PSYoungGen: 2551991K(2599424K)->166777K(2605568K) Eden: 2412544K(2412544K)->0K(2419200K) From: 139447K(186880K)->166777K(186368K)
[7419.675s][info][gc,heap        ] GC(2469) ParOldGen: 5406795K(5407232K)->5495267K(5495296K)
[7419.675s][info][gc,metaspace   ] GC(2469) Metaspace: 29095K(29504K)->29095K(29504K) NonClass: 24211K(24384K)->24211K(24384K) Class: 4884K(5120K)->4884K(5120K)
[7419.675s][info][gc             ] GC(2469) Pause Young (Allocation Failure) 7772M->5529M(7911M) 114.096ms
[7419.675s][info][gc,cpu         ] GC(2469) User=0.65s Sys=0.03s Real=0.11s
.[7421.146s][info][gc,start       ] GC(2470) Pause Full (Allocation Failure)
[7421.146s][info][gc,phases,start] GC(2470) Marking Phase
[7421.450s][info][gc,phases      ] GC(2470) Marking Phase 303.633ms
[7421.450s][info][gc,phases,start] GC(2470) Summary Phase
[7421.450s][info][gc,phases      ] GC(2470) Summary Phase 0.107ms
[7421.450s][info][gc,phases,start] GC(2470) Forward
[7421.572s][info][gc,phases      ] GC(2470) Forward 121.595ms
[7421.572s][info][gc,phases,start] GC(2470) Adjust Pointers
[7421.775s][info][gc,phases      ] GC(2470) Adjust Pointers 203.039ms
[7421.775s][info][gc,phases,start] GC(2470) Compaction Phase
[7421.902s][info][gc,phases      ] GC(2470) Compaction Phase 127.234ms
[7421.903s][info][gc,phases,start] GC(2470) Post Compact
[7421.910s][info][gc,phases      ] GC(2470) Post Compact 6.783ms
[7422.036s][info][gc,heap        ] GC(2470) PSYoungGen: 2585977K(2605568K)->0K(2607616K) Eden: 2419200K(2419200K)->0K(2419200K) From: 166777K(186368K)->0K(188416K)
[7422.036s][info][gc,heap        ] GC(2470) ParOldGen: 5495267K(5495296K)->1430101K(1810432K)
[7422.036s][info][gc,metaspace   ] GC(2470) Metaspace: 29095K(29504K)->29095K(29504K) NonClass: 24211K(24384K)->24211K(24384K) Class: 4884K(5120K)->4884K(5120K)
[7422.036s][info][gc             ] GC(2470) Pause Full (Allocation Failure) 7891M->1396M(4314M) 889.992ms
[7422.036s][info][gc,cpu         ] GC(2470) User=4.13s Sys=0.12s Real=0.89s
?.[7423.365s][info][gc,start       ] GC(2471) Pause Young (Allocation Failure)
[7423.432s][info][gc,heap        ] GC(2471) PSYoungGen: 2419200K(2607616K)->150096K(2601472K) Eden: 2419200K(2419200K)->0K(2419200K) From: 0K(188416K)->150096K(182272K)
[7423.432s][info][gc,heap        ] GC(2471) ParOldGen: 1430101K(1810432K)->1430101K(1810432K)
[7423.432s][info][gc,metaspace   ] GC(2471) Metaspace: 29095K(29504K)->29095K(29504K) NonClass: 24211K(24384K)->24211K(24384K) Class: 4884K(5120K)->4884K(5120K)
[7423.432s][info][gc             ] GC(2471) Pause Young (Allocation Failure) 3759M->1543M(4308M) 67.225ms
[7423.432s][info][gc,cpu         ] GC(2471) User=0.40s Sys=0.00s Real=0.07s
.[7424.827s][info][gc,start       ] GC(2472) Pause Young (Allocation Failure)
[7424.977s][info][gc,heap        ] GC(2472) PSYoungGen: 2569296K(2601472K)->158763K(2604544K) Eden: 2419200K(2419200K)->0K(2419200K) From: 150096K(182272K)->158763K(185344K)
[7424.977s][info][gc,heap        ] GC(2472) ParOldGen: 1430101K(1810432K)->1521589K(1810432K)
[7424.977s][info][gc,metaspace   ] GC(2472) Metaspace: 29095K(29504K)->29095K(29504K) NonClass: 24211K(24384K)->24211K(24384K) Class: 4884K(5120K)->4884K(5120K)
[7424.977s][info][gc             ] GC(2472) Pause Young (Allocation Failure) 3905M->1640M(4311M) 149.261ms
[7424.977s][info][gc,cpu         ] GC(2472) User=0.60s Sys=0.00s Real=0.15s
.[7426.407s][info][gc,start       ] GC(2473) Pause Young (Allocation Failure)
[7426.506s][info][gc,heap        ] GC(2473) PSYoungGen: 2577963K(2604544K)->151390K(2604544K) Eden: 2419200K(2419200K)->0K(2426368K) From: 158763K(185344K)->151390K(178176K)
[7426.506s][info][gc,heap        ] GC(2473) ParOldGen: 1521589K(1810432K)->1614109K(1810432K)
[7426.506s][info][gc,metaspace   ] GC(2473) Metaspace: 29095K(29504K)->29095K(29504K) NonClass: 24211K(24384K)->24211K(24384K) Class: 4884K(5120K)->4884K(5120K)
[7426.506s][info][gc             ] GC(2473) Pause Young (Allocation Failure) 4003M->1724M(4311M) 98.895ms
[7426.506s][info][gc,cpu         ] GC(2473) User=0.59s Sys=0.00s Real=0.10s
..[7427.978s][info][gc,start       ] GC(2474) Pause Young (Allocation Failure)
[7428.074s][info][gc,heap        ] GC(2474) PSYoungGen: 2577758K(2604544K)->149952K(2608128K) Eden: 2426368K(2426368K)->0K(2426368K) From: 151390K(178176K)->149952K(181760K)
[7428.074s][info][gc,heap        ] GC(2474) ParOldGen: 1614109K(1810432K)->1703797K(1810432K)
[7428.074s][info][gc,metaspace   ] GC(2474) Metaspace: 29095K(29504K)->29095K(29504K) NonClass: 24211K(24384K)->24211K(24384K) Class: 4884K(5120K)->4884K(5120K)
[7428.074s][info][gc             ] GC(2474) Pause Young (Allocation Failure) 4093M->1810M(4315M) 95.876ms
[7428.074s][info][gc,cpu         ] GC(2474) User=0.58s Sys=0.00s Real=0.10s
.[7429.385s][info][gc,start       ] GC(2475) Pause Young (Allocation Failure)
[7429.488s][info][gc,heap        ] GC(2475) PSYoungGen: 2576320K(2608128K)->165556K(2612736K) Eden: 2426368K(2426368K)->0K(2433536K) From: 149952K(181760K)->165556K(179200K)
[7429.488s][info][gc,heap        ] GC(2475) ParOldGen: 1703797K(1810432K)->1796117K(1810432K)
[7429.488s][info][gc,metaspace   ] GC(2475) Metaspace: 29095K(29504K)->29095K(29504K) NonClass: 24211K(24384K)->24211K(24384K) Class: 4884K(5120K)->4884K(5120K)
[7429.488s][info][gc             ] GC(2475) Pause Young (Allocation Failure) 4179M->1915M(4319M) 103.735ms
[7429.488s][info][gc,cpu         ] GC(2475) User=0.62s Sys=0.00s Real=0.10s
.[7430.905s][info][gc,start       ] GC(2476) Pause Young (Allocation Failure)
[7431.052s][info][gc,heap        ] GC(2476) PSYoungGen: 2599092K(2612736K)->142517K(2614784K) Eden: 2433536K(2433536K)->0K(2433536K) From: 165556K(179200K)->142517K(181248K)
[7431.052s][info][gc,heap        ] GC(2476) ParOldGen: 1796117K(1810432K)->1893245K(1893376K)
[7431.052s][info][gc,metaspace   ] GC(2476) Metaspace: 29095K(29504K)->29095K(29504K) NonClass: 24211K(24384K)->24211K(24384K) Class: 4884K(5120K)->4884K(5120K)
[7431.052s][info][gc             ] GC(2476) Pause Young (Allocation Failure) 4292M->1988M(4402M) 147.137ms
[7431.052s][info][gc,cpu         ] GC(2476) User=0.56s Sys=0.02s Real=0.15s
.[7432.524s][info][gc,start       ] GC(2477) Pause Young (Allocation Failure)
[7432.623s][info][gc,heap        ] GC(2477) PSYoungGen: 2576053K(2614784K)->144096K(2612224K) Eden: 2433536K(2433536K)->0K(2434048K) From: 142517K(181248K)->144096K(178176K)
[7432.623s][info][gc,heap        ] GC(2477) ParOldGen: 1893245K(1893376K)->1983989K(1984000K)
[7432.623s][info][gc,metaspace   ] GC(2477) Metaspace: 29095K(29504K)->29095K(29504K) NonClass: 24211K(24384K)->24211K(24384K) Class: 4884K(5120K)->4884K(5120K)
[7432.623s][info][gc             ] GC(2477) Pause Young (Allocation Failure) 4364M->2078M(4488M) 98.444ms
[7432.623s][info][gc,cpu         ] GC(2477) User=0.56s Sys=0.03s Real=0.10s
.[7434.012s][info][gc,start       ] GC(2478) Pause Young (Allocation Failure)
[7434.112s][info][gc,heap        ] GC(2478) PSYoungGen: 2578144K(2612224K)->150112K(2613760K) Eden: 2434048K(2434048K)->0K(2434048K) From: 144096K(178176K)->150112K(179712K)
[7434.112s][info][gc,heap        ] GC(2478) ParOldGen: 1983989K(1984000K)->2071645K(2072064K)
[7434.112s][info][gc,metaspace   ] GC(2478) Metaspace: 29095K(29504K)->29095K(29504K) NonClass: 24211K(24384K)->24211K(24384K) Class: 4884K(5120K)->4884K(5120K)
[7434.112s][info][gc             ] GC(2478) Pause Young (Allocation Failure) 4455M->2169M(4576M) 99.891ms
[7434.112s][info][gc,cpu         ] GC(2478) User=0.56s Sys=0.03s Real=0.10s
..[7435.518s][info][gc,start       ] GC(2479) Pause Young (Allocation Failure)
[7435.622s][info][gc,heap        ] GC(2479) PSYoungGen: 2584160K(2613760K)->149161K(2613248K) Eden: 2434048K(2434048K)->0K(2439168K) From: 150112K(179712K)->149161K(174080K)
[7435.622s][info][gc,heap        ] GC(2479) ParOldGen: 2071645K(2072064K)->2167413K(2167808K)
[7435.622s][info][gc,metaspace   ] GC(2479) Metaspace: 29095K(29504K)->29095K(29504K) NonClass: 24211K(24384K)->24211K(24384K) Class: 4884K(5120K)->4884K(5120K)
[7435.622s][info][gc             ] GC(2479) Pause Young (Allocation Failure) 4546M->2262M(4669M) 103.659ms
[7435.622s][info][gc,cpu         ] GC(2479) User=0.60s Sys=0.02s Real=0.11s
.[7437.017s][info][gc,start       ] GC(2480) Pause Young (Allocation Failure)
[7437.117s][info][gc,heap        ] GC(2480) PSYoungGen: 2588329K(2613248K)->152224K(2614272K) Eden: 2439168K(2439168K)->0K(2439168K) From: 149161K(174080K)->152224K(175104K)
[7437.118s][info][gc,heap        ] GC(2480) ParOldGen: 2167413K(2167808K)->2259261K(2259456K)
[7437.118s][info][gc,metaspace   ] GC(2480) Metaspace: 29095K(29504K)->29095K(29504K) NonClass: 24211K(24384K)->24211K(24384K) Class: 4884K(5120K)->4884K(5120K)
[7437.118s][info][gc             ] GC(2480) Pause Young (Allocation Failure) 4644M->2354M(4759M) 100.868ms
[7437.118s][info][gc,cpu         ] GC(2480) User=0.57s Sys=0.03s Real=0.10s
.[7438.495s][info][gc,start       ] GC(2481) Pause Young (Allocation Failure)
[7438.611s][info][gc,heap        ] GC(2481) PSYoungGen: 2591392K(2614272K)->173050K(2540032K) Eden: 2439168K(2439168K)->0K(2366976K) From: 152224K(175104K)->173050K(173056K)
[7438.611s][info][gc,heap        ] GC(2481) ParOldGen: 2259261K(2259456K)->2355605K(2355712K)
[7438.611s][info][gc,metaspace   ] GC(2481) Metaspace: 29095K(29504K)->29095K(29504K) NonClass: 24211K(24384K)->24211K(24384K) Class: 4884K(5120K)->4884K(5120K)
[7438.611s][info][gc             ] GC(2481) Pause Young (Allocation Failure) 4736M->2469M(4781M) 116.450ms
[7438.611s][info][gc,cpu         ] GC(2481) User=0.66s Sys=0.03s Real=0.12s
..[7440.153s][info][gc,start       ] GC(2482) Pause Young (Allocation Failure)
[7440.248s][info][gc,heap        ] GC(2482) PSYoungGen: 2540026K(2540032K)->131232K(2498560K) Eden: 2366976K(2366976K)->0K(2366976K) From: 173050K(173056K)->131232K(131584K)
[7440.248s][info][gc,heap        ] GC(2482) ParOldGen: 2355605K(2355712K)->2450309K(2450432K)
[7440.248s][info][gc,metaspace   ] GC(2482) Metaspace: 29095K(29504K)->29095K(29504K) NonClass: 24211K(24384K)->24211K(24384K) Class: 4884K(5120K)->4884K(5120K)
[7440.248s][info][gc             ] GC(2482) Pause Young (Allocation Failure) 4780M->2521M(4833M) 95.129ms
[7440.248s][info][gc,cpu         ] GC(2482) User=0.55s Sys=0.02s Real=0.09s
.[7441.549s][info][gc,start       ] GC(2483) Pause Young (Allocation Failure)
[7441.651s][info][gc,heap        ] GC(2483) PSYoungGen: 2498208K(2498560K)->157113K(2586112K) Eden: 2366976K(2366976K)->0K(2371072K) From: 131232K(131584K)->157113K(215040K)
[7441.651s][info][gc,heap        ] GC(2483) ParOldGen: 2450309K(2450432K)->2532341K(2532352K)
[7441.651s][info][gc,metaspace   ] GC(2483) Metaspace: 29095K(29504K)->29095K(29504K) NonClass: 24211K(24384K)->24211K(24384K) Class: 4884K(5120K)->4884K(5120K)
[7441.651s][info][gc             ] GC(2483) Pause Young (Allocation Failure) 4832M->2626M(4998M) 102.023ms
[7441.651s][info][gc,cpu         ] GC(2483) User=0.57s Sys=0.03s Real=0.11s
.[7443.054s][info][gc,start       ] GC(2484) Pause Young (Allocation Failure)
[7443.160s][info][gc,heap        ] GC(2484) PSYoungGen: 2528185K(2586112K)->157098K(2528256K) Eden: 2371072K(2371072K)->0K(2371072K) From: 157113K(215040K)->157098K(157184K)
[7443.160s][info][gc,heap        ] GC(2484) ParOldGen: 2532341K(2532352K)->2625421K(2625536K)
[7443.160s][info][gc,metaspace   ] GC(2484) Metaspace: 29095K(29504K)->29095K(29504K) NonClass: 24211K(24384K)->24211K(24384K) Class: 4884K(5120K)->4884K(5120K)
[7443.160s][info][gc             ] GC(2484) Pause Young (Allocation Failure) 4941M->2717M(5033M) 105.905ms
[7443.160s][info][gc,cpu         ] GC(2484) User=0.59s Sys=0.04s Real=0.11s
.[7444.560s][info][gc,start       ] GC(2485) Pause Young (Allocation Failure)
[7444.653s][info][gc,heap        ] GC(2485) PSYoungGen: 2528170K(2528256K)->133216K(2576384K) Eden: 2371072K(2371072K)->0K(2371072K) From: 157098K(157184K)->133216K(205312K)
[7444.654s][info][gc,heap        ] GC(2485) ParOldGen: 2625421K(2625536K)->2716877K(2717184K)
[7444.654s][info][gc,metaspace   ] GC(2485) Metaspace: 29095K(29504K)->29095K(29504K) NonClass: 24211K(24384K)->24211K(24384K) Class: 4884K(5120K)->4884K(5120K)
[7444.654s][info][gc             ] GC(2485) Pause Young (Allocation Failure) 5032M->2783M(5169M) 93.687ms
[7444.654s][info][gc,cpu         ] GC(2485) User=0.52s Sys=0.03s Real=0.09s
..[7446.092s][info][gc,start       ] GC(2486) Pause Young (Allocation Failure)
[7446.193s][info][gc,heap        ] GC(2486) PSYoungGen: 2504288K(2576384K)->148384K(2576384K) Eden: 2371072K(2371072K)->0K(2371072K) From: 133216K(205312K)->148384K(205312K)
[7446.193s][info][gc,heap        ] GC(2486) ParOldGen: 2716877K(2717184K)->2806637K(2806784K)
[7446.193s][info][gc,metaspace   ] GC(2486) Metaspace: 29095K(29504K)->29095K(29504K) NonClass: 24211K(24384K)->24211K(24384K) Class: 4884K(5120K)->4884K(5120K)
[7446.193s][info][gc             ] GC(2486) Pause Young (Allocation Failure) 5098M->2885M(5257M) 101.048ms
[7446.193s][info][gc,cpu         ] GC(2486) User=0.57s Sys=0.03s Real=0.10s
.[7447.545s][info][gc,start       ] GC(2487) Pause Young (Allocation Failure)
[7447.652s][info][gc,heap        ] GC(2487) PSYoungGen: 2519456K(2576384K)->160884K(2587648K) Eden: 2371072K(2371072K)->0K(2388480K) From: 148384K(205312K)->160884K(199168K)
[7447.652s][info][gc,heap        ] GC(2487) ParOldGen: 2806637K(2806784K)->2895877K(2896384K)
[7447.652s][info][gc,metaspace   ] GC(2487) Metaspace: 29095K(29504K)->29095K(29504K) NonClass: 24211K(24384K)->24211K(24384K) Class: 4884K(5120K)->4884K(5120K)
[7447.652s][info][gc             ] GC(2487) Pause Young (Allocation Failure) 5201M->2985M(5355M) 106.724ms
[7447.652s][info][gc,cpu         ] GC(2487) User=0.60s Sys=0.03s Real=0.11s
.[7449.147s][info][gc,start       ] GC(2488) Pause Young (Allocation Failure)
[7449.247s][info][gc,heap        ] GC(2488) PSYoungGen: 2549364K(2587648K)->141824K(2587648K) Eden: 2388480K(2388480K)->0K(2388480K) From: 160884K(199168K)->141824K(199168K)
[7449.247s][info][gc,heap        ] GC(2488) ParOldGen: 2895877K(2896384K)->2989949K(2990080K)
[7449.247s][info][gc,metaspace   ] GC(2488) Metaspace: 29095K(29504K)->29095K(29504K) NonClass: 24211K(24384K)->24211K(24384K) Class: 4884K(5120K)->4884K(5120K)
[7449.247s][info][gc             ] GC(2488) Pause Young (Allocation Failure) 5317M->3058M(5447M) 99.501ms
[7449.247s][info][gc,cpu         ] GC(2488) User=0.57s Sys=0.02s Real=0.10s
..[7450.611s][info][gc,start       ] GC(2489) Pause Young (Allocation Failure)
[7450.709s][info][gc,heap        ] GC(2489) PSYoungGen: 2530304K(2587648K)->139769K(2595328K) Eden: 2388480K(2388480K)->0K(2399232K) From: 141824K(199168K)->139769K(196096K)
[7450.709s][info][gc,heap        ] GC(2489) ParOldGen: 2989949K(2990080K)->3078093K(3078144K)
[7450.709s][info][gc,metaspace   ] GC(2489) Metaspace: 29095K(29504K)->29095K(29504K) NonClass: 24211K(24384K)->24211K(24384K) Class: 4884K(5120K)->4884K(5120K)
[7450.709s][info][gc             ] GC(2489) Pause Young (Allocation Failure) 5390M->3142M(5540M) 97.638ms
[7450.709s][info][gc,cpu         ] GC(2489) User=0.55s Sys=0.02s Real=0.09s
. (rIR:aIR:PR = 12730:12690:12689) (tPR = 188005) [OK] 
  7451s: Performance info:
         Transaction,    Success,    Partial,     Failed,   Receipts, AvgBarcode, 
             Overall,     765707,          0,          0,     726793,      59.48, 
         Response times:
             Request,    Success,    Partial,     Failed,   SkipFail,     Probes,    Samples,      min,      p50,      p90,      p95,      p99,      max, 
       TotalPurchase,     727776,          0,          0,          0,     147026,     522388,      300,   381000,   870000,  1100000,  1700000,  2900000,
     InStorePurchase,     383878,          0,          0,          0,      74993,     273939,      300,   382000,   920000,  1100000,  1800000,  2900000,
      OnlinePurchase,     266525,          0,          0,          0,      53226,     192690,      300,   380000,   870000,  1200000,  1600000,  2700000,
        InstPurchase,      77373,          0,          0,          0,      18807,      55759,      600,   381000,   800000,  1000000,  1500000,  1900000,
          AssocOfCat,        768,          0,          0,          0,        402,       1107,    61000,   407000,   850000,   956000,  1300000,  1500000,
      AssocOfProduct,       7739,          0,          0,          0,       1815,       5674,      800,   358000,   710000,   890000,  1100000,  1400000,
      BusinessReport,       1912,          0,          0,          0,       1112,       2736,    49000,   445000,   920000,  1100000,  1300000,  2000000,
          CustBuyBeh,       7574,          0,          0,          0,       1732,       5637,     1700,   361000,   760000,   870000,  1400000,  1800000,
       ProductReturn,      19987,          0,          0,          0,       6472,      15177,      600,   373000,   850000,  1100000,  1200000,  1900000,

  7451s: (93%)   IR =  12868 [7452.185s][info][gc,start       ] GC(2490) Pause Young (Allocation Failure)
[7452.289s][info][gc,heap        ] GC(2490) PSYoungGen: 2539001K(2595328K)->150517K(2595328K) Eden: 2399232K(2399232K)->0K(2399232K) From: 139769K(196096K)->150517K(196096K)
[7452.289s][info][gc,heap        ] GC(2490) ParOldGen: 3078093K(3078144K)->3168477K(3168768K)
[7452.289s][info][gc,metaspace   ] GC(2490) Metaspace: 29095K(29504K)->29095K(29504K) NonClass: 24211K(24384K)->24211K(24384K) Class: 4884K(5120K)->4884K(5120K)
[7452.289s][info][gc             ] GC(2490) Pause Young (Allocation Failure) 5485M->3241M(5629M) 103.546ms
[7452.289s][info][gc,cpu         ] GC(2490) User=0.58s Sys=0.03s Real=0.10s
.[7453.732s][info][gc,start       ] GC(2491) Pause Young (Allocation Failure)
[7453.835s][info][gc,heap        ] GC(2491) PSYoungGen: 2549749K(2595328K)->150426K(2596352K) Eden: 2399232K(2399232K)->0K(2407424K) From: 150517K(196096K)->150426K(188928K)
[7453.835s][info][gc,heap        ] GC(2491) ParOldGen: 3168477K(3168768K)->3258637K(3258880K)
[7453.835s][info][gc,metaspace   ] GC(2491) Metaspace: 29095K(29504K)->29095K(29504K) NonClass: 24211K(24384K)->24211K(24384K) Class: 4884K(5120K)->4884K(5120K)
[7453.835s][info][gc             ] GC(2491) Pause Young (Allocation Failure) 5584M->3329M(5718M) 102.327ms
[7453.835s][info][gc,cpu         ] GC(2491) User=0.58s Sys=0.03s Real=0.10s
..[7455.336s][info][gc,start       ] GC(2492) Pause Young (Allocation Failure)
[7455.436s][info][gc,heap        ] GC(2492) PSYoungGen: 2557850K(2596352K)->148864K(2596352K) Eden: 2407424K(2407424K)->0K(2407424K) From: 150426K(188928K)->148864K(188928K)
[7455.436s][info][gc,heap        ] GC(2492) ParOldGen: 3258637K(3258880K)->3349517K(3350016K)
[7455.436s][info][gc,metaspace   ] GC(2492) Metaspace: 29095K(29504K)->29095K(29504K) NonClass: 24211K(24384K)->24211K(24384K) Class: 4884K(5120K)->4884K(5120K)
[7455.436s][info][gc             ] GC(2492) Pause Young (Allocation Failure) 5680M->3416M(5807M) 100.095ms
[7455.436s][info][gc,cpu         ] GC(2492) User=0.58s Sys=0.03s Real=0.10s
.[7456.955s][info][gc,start       ] GC(2493) Pause Young (Allocation Failure)
[7457.052s][info][gc,heap        ] GC(2493) PSYoungGen: 2556288K(2596352K)->140192K(2605056K) Eden: 2407424K(2407424K)->0K(2419200K) From: 148864K(188928K)->140192K(185856K)
[7457.052s][info][gc,heap        ] GC(2493) ParOldGen: 3349517K(3350016K)->3440637K(3440640K)
[7457.052s][info][gc,metaspace   ] GC(2493) Metaspace: 29095K(29504K)->29095K(29504K) NonClass: 24211K(24384K)->24211K(24384K) Class: 4884K(5120K)->4884K(5120K)
[7457.052s][info][gc             ] GC(2493) Pause Young (Allocation Failure) 5767M->3496M(5904M) 97.178ms
[7457.052s][info][gc,cpu         ] GC(2493) User=0.54s Sys=0.03s Real=0.10s
..[7458.475s][info][gc,start       ] GC(2494) Pause Young (Allocation Failure)
[7458.579s][info][gc,heap        ] GC(2494) PSYoungGen: 2559392K(2605056K)->156212K(2604032K) Eden: 2419200K(2419200K)->0K(2419200K) From: 140192K(185856K)->156212K(184832K)
[7458.579s][info][gc,heap        ] GC(2494) ParOldGen: 3440637K(3440640K)->3533661K(3533824K)
[7458.579s][info][gc,metaspace   ] GC(2494) Metaspace: 29095K(29504K)->29095K(29504K) NonClass: 24211K(24384K)->24211K(24384K) Class: 4884K(5120K)->4884K(5120K)
[7458.579s][info][gc             ] GC(2494) Pause Young (Allocation Failure) 5859M->3603M(5994M) 104.741ms
[7458.579s][info][gc,cpu         ] GC(2494) User=0.60s Sys=0.02s Real=0.11s
.[7459.985s][info][gc,start       ] GC(2495) Pause Young (Allocation Failure)
[7460.092s][info][gc,heap        ] GC(2495) PSYoungGen: 2575412K(2604032K)->155576K(2609664K) Eden: 2419200K(2419200K)->0K(2426880K) From: 156212K(184832K)->155576K(182784K)
[7460.092s][info][gc,heap        ] GC(2495) ParOldGen: 3533661K(3533824K)->3624581K(3624960K)
[7460.092s][info][gc,metaspace   ] GC(2495) Metaspace: 29095K(29504K)->29095K(29504K) NonClass: 24211K(24384K)->24211K(24384K) Class: 4884K(5120K)->4884K(5120K)
[7460.092s][info][gc             ] GC(2495) Pause Young (Allocation Failure) 5965M->3691M(6088M) 107.164ms
[7460.092s][info][gc,cpu         ] GC(2495) User=0.61s Sys=0.02s Real=0.11s
..[7461.520s][info][gc,start       ] GC(2496) Pause Young (Allocation Failure)
[7461.623s][info][gc,heap        ] GC(2496) PSYoungGen: 2582456K(2609664K)->149568K(2608640K) Eden: 2426880K(2426880K)->0K(2426880K) From: 155576K(182784K)->149568K(181760K)
[7461.623s][info][gc,heap        ] GC(2496) ParOldGen: 3624581K(3624960K)->3717573K(3717632K)
[7461.623s][info][gc,metaspace   ] GC(2496) Metaspace: 29095K(29504K)->29095K(29504K) NonClass: 24211K(24384K)->24211K(24384K) Class: 4884K(5120K)->4884K(5120K)
[7461.623s][info][gc             ] GC(2496) Pause Young (Allocation Failure) 6061M->3776M(6178M) 102.808ms
[7461.623s][info][gc,cpu         ] GC(2496) User=0.58s Sys=0.03s Real=0.10s
.[7463.103s][info][gc,start       ] GC(2497) Pause Young (Allocation Failure)
[7463.214s][info][gc,heap        ] GC(2497) PSYoungGen: 2576448K(2608640K)->159709K(2610688K) Eden: 2426880K(2426880K)->0K(2431488K) From: 149568K(181760K)->159709K(179200K)
[7463.214s][info][gc,heap        ] GC(2497) ParOldGen: 3717573K(3717632K)->3810093K(3810304K)
[7463.214s][info][gc,metaspace   ] GC(2497) Metaspace: 29095K(29504K)->29095K(29504K) NonClass: 24211K(24384K)->24211K(24384K) Class: 4884K(5120K)->4884K(5120K)
[7463.214s][info][gc             ] GC(2497) Pause Young (Allocation Failure) 6146M->3876M(6270M) 111.800ms
[7463.215s][info][gc,cpu         ] GC(2497) User=0.64s Sys=0.02s Real=0.11s
..[7464.678s][info][gc,start       ] GC(2498) Pause Young (Allocation Failure)
[7464.779s][info][gc,heap        ] GC(2498) PSYoungGen: 2591197K(2610688K)->140512K(2610688K) Eden: 2431488K(2431488K)->0K(2431488K) From: 159709K(179200K)->140512K(179200K)
[7464.779s][info][gc,heap        ] GC(2498) ParOldGen: 3810093K(3810304K)->3900197K(3900416K)
[7464.779s][info][gc,metaspace   ] GC(2498) Metaspace: 29095K(29504K)->29095K(29504K) NonClass: 24211K(24384K)->24211K(24384K) Class: 4884K(5120K)->4884K(5120K)
[7464.779s][info][gc             ] GC(2498) Pause Young (Allocation Failure) 6251M->3946M(6358M) 100.492ms
[7464.779s][info][gc,cpu         ] GC(2498) User=0.57s Sys=0.02s Real=0.10s
.[7466.278s][info][gc,start       ] GC(2499) Pause Young (Allocation Failure)
[7466.376s][info][gc,heap        ] GC(2499) PSYoungGen: 2572000K(2610688K)->142912K(2615296K) Eden: 2431488K(2431488K)->0K(2438144K) From: 140512K(179200K)->142912K(177152K)
[7466.376s][info][gc,heap        ] GC(2499) ParOldGen: 3900197K(3900416K)->3992901K(3993088K)
[7466.376s][info][gc,metaspace   ] GC(2499) Metaspace: 29095K(29504K)->29095K(29504K) NonClass: 24211K(24384K)->24211K(24384K) Class: 4884K(5120K)->4884K(5120K)
[7466.376s][info][gc             ] GC(2499) Pause Young (Allocation Failure) 6320M->4038M(6453M) 98.109ms
[7466.376s][info][gc,cpu         ] GC(2499) User=0.56s Sys=0.03s Real=0.10s
..[7467.763s][info][gc,start       ] GC(2500) Pause Young (Allocation Failure)
[7467.864s][info][gc,heap        ] GC(2500) PSYoungGen: 2581056K(2615296K)->147808K(2615808K) Eden: 2438144K(2438144K)->0K(2438144K) From: 142912K(177152K)->147808K(177664K)
[7467.864s][info][gc,heap        ] GC(2500) ParOldGen: 3992901K(3993088K)->4082653K(4082688K)
[7467.864s][info][gc,metaspace   ] GC(2500) Metaspace: 29095K(29504K)->29095K(29504K) NonClass: 24211K(24384K)->24211K(24384K) Class: 4884K(5120K)->4884K(5120K)
[7467.864s][info][gc             ] GC(2500) Pause Young (Allocation Failure) 6419M->4131M(6541M) 101.612ms
[7467.865s][info][gc,cpu         ] GC(2500) User=0.58s Sys=0.03s Real=0.10s
.[7469.377s][info][gc,start       ] GC(2501) Pause Young (Allocation Failure)
[7469.484s][info][gc,heap        ] GC(2501) PSYoungGen: 2585952K(2615808K)->155161K(2616832K) Eden: 2438144K(2438144K)->0K(2441728K) From: 147808K(177664K)->155161K(175104K)
[7469.484s][info][gc,heap        ] GC(2501) ParOldGen: 4082653K(4082688K)->4176317K(4176384K)
[7469.484s][info][gc,metaspace   ] GC(2501) Metaspace: 29095K(29504K)->29095K(29504K) NonClass: 24211K(24384K)->24211K(24384K) Class: 4884K(5120K)->4884K(5120K)
[7469.484s][info][gc             ] GC(2501) Pause Young (Allocation Failure) 6512M->4229M(6634M) 106.961ms
[7469.484s][info][gc,cpu         ] GC(2501) User=0.62s Sys=0.02s Real=0.11s
.[7470.960s][info][gc,start       ] GC(2502) Pause Young (Allocation Failure)
[7471.059s][info][gc,heap        ] GC(2502) PSYoungGen: 2596889K(2616832K)->144320K(2616320K) Eden: 2441728K(2441728K)->0K(2441728K) From: 155161K(175104K)->144320K(174592K)
[7471.059s][info][gc,heap        ] GC(2502) ParOldGen: 4176317K(4176384K)->4266621K(4267008K)
[7471.059s][info][gc,metaspace   ] GC(2502) Metaspace: 29095K(29504K)->29095K(29504K) NonClass: 24211K(24384K)->24211K(24384K) Class: 4884K(5120K)->4884K(5120K)
[7471.059s][info][gc             ] GC(2502) Pause Young (Allocation Failure) 6614M->4307M(6722M) 98.916ms
[7471.059s][info][gc,cpu         ] GC(2502) User=0.56s Sys=0.03s Real=0.09s
..[7472.478s][info][gc,start       ] GC(2503) Pause Young (Allocation Failure)
[7472.581s][info][gc,heap        ] GC(2503) PSYoungGen: 2586048K(2616320K)->152704K(2619904K) Eden: 2441728K(2441728K)->0K(2447872K) From: 144320K(174592K)->152704K(172032K)
[7472.581s][info][gc,heap        ] GC(2503) ParOldGen: 4266621K(4267008K)->4356029K(4356096K)
[7472.581s][info][gc,metaspace   ] GC(2503) Metaspace: 29095K(29504K)->29095K(29504K) NonClass: 24211K(24384K)->24211K(24384K) Class: 4884K(5120K)->4884K(5120K)
[7472.581s][info][gc             ] GC(2503) Pause Young (Allocation Failure) 6692M->4403M(6812M) 102.170ms
[7472.581s][info][gc,cpu         ] GC(2503) User=0.58s Sys=0.02s Real=0.11s
.[7474.100s][info][gc,start       ] GC(2504) Pause Young (Allocation Failure)
[7474.208s][info][gc,heap        ] GC(2504) PSYoungGen: 2600576K(2619904K)->148807K(2619904K) Eden: 2447872K(2447872K)->0K(2447872K) From: 152704K(172032K)->148807K(172032K)
[7474.208s][info][gc,heap        ] GC(2504) ParOldGen: 4356029K(4356096K)->4450389K(4450816K)
[7474.208s][info][gc,metaspace   ] GC(2504) Metaspace: 29095K(29504K)->29095K(29504K) NonClass: 24211K(24384K)->24211K(24384K) Class: 4884K(5120K)->4884K(5120K)
[7474.208s][info][gc             ] GC(2504) Pause Young (Allocation Failure) 6793M->4491M(6905M) 108.407ms
[7474.208s][info][gc,cpu         ] GC(2504) User=0.61s Sys=0.03s Real=0.10s
..[7475.588s][info][gc,start       ] GC(2505) Pause Young (Allocation Failure)
[7475.695s][info][gc,heap        ] GC(2505) PSYoungGen: 2596679K(2619904K)->160096K(2619904K) Eden: 2447872K(2447872K)->0K(2449920K) From: 148807K(172032K)->160096K(169984K)
[7475.695s][info][gc,heap        ] GC(2505) ParOldGen: 4450389K(4450816K)->4536437K(4536832K)
[7475.695s][info][gc,metaspace   ] GC(2505) Metaspace: 29095K(29504K)->29095K(29504K) NonClass: 24211K(24384K)->24211K(24384K) Class: 4884K(5120K)->4884K(5120K)
[7475.695s][info][gc             ] GC(2505) Pause Young (Allocation Failure) 6881M->4586M(6989M) 106.808ms
[7475.695s][info][gc,cpu         ] GC(2505) User=0.61s Sys=0.02s Real=0.11s
.[7477.182s][info][gc,start       ] GC(2506) Pause Young (Allocation Failure)
[7477.287s][info][gc,heap        ] GC(2506) PSYoungGen: 2610016K(2619904K)->149408K(2621952K) Eden: 2449920K(2449920K)->0K(2449920K) From: 160096K(169984K)->149408K(172032K)
[7477.287s][info][gc,heap        ] GC(2506) ParOldGen: 4536437K(4536832K)->4633437K(4633600K)
[7477.287s][info][gc,metaspace   ] GC(2506) Metaspace: 29095K(29504K)->29095K(29504K) NonClass: 24211K(24384K)->24211K(24384K) Class: 4884K(5120K)->4884K(5120K)
[7477.287s][info][gc             ] GC(2506) Pause Young (Allocation Failure) 6978M->4670M(7085M) 104.640ms
[7477.287s][info][gc,cpu         ] GC(2506) User=0.59s Sys=0.03s Real=0.10s
..[7478.682s][info][gc,start       ] GC(2507) Pause Young (Allocation Failure)
[7478.781s][info][gc,heap        ] GC(2507) PSYoungGen: 2599328K(2621952K)->139872K(2624000K) Eden: 2449920K(2449920K)->0K(2454016K) From: 149408K(172032K)->139872K(169984K)
[7478.781s][info][gc,heap        ] GC(2507) ParOldGen: 4633437K(4633600K)->4723829K(4724224K)
[7478.781s][info][gc,metaspace   ] GC(2507) Metaspace: 29095K(29504K)->29095K(29504K) NonClass: 24211K(24384K)->24211K(24384K) Class: 4884K(5120K)->4884K(5120K)
[7478.781s][info][gc             ] GC(2507) Pause Young (Allocation Failure) 7063M->4749M(7176M) 98.968ms
[7478.782s][info][gc,cpu         ] GC(2507) User=0.55s Sys=0.03s Real=0.10s
.[7480.336s][info][gc,start       ] GC(2508) Pause Young (Allocation Failure)
[7480.437s][info][gc,heap        ] GC(2508) PSYoungGen: 2593888K(2624000K)->138560K(2624000K) Eden: 2454016K(2454016K)->0K(2454016K) From: 139872K(169984K)->138560K(169984K)
[7480.437s][info][gc,heap        ] GC(2508) ParOldGen: 4723829K(4724224K)->4819949K(4819968K)
[7480.437s][info][gc,metaspace   ] GC(2508) Metaspace: 29095K(29504K)->29095K(29504K) NonClass: 24211K(24384K)->24211K(24384K) Class: 4884K(5120K)->4884K(5120K)
[7480.437s][info][gc             ] GC(2508) Pause Young (Allocation Failure) 7146M->4842M(7269M) 100.785ms
[7480.437s][info][gc,cpu         ] GC(2508) User=0.57s Sys=0.03s Real=0.10s
..[7481.819s][info][gc,start       ] GC(2509) Pause Young (Allocation Failure)
[7481.968s][info][gc,heap        ] GC(2509) PSYoungGen: 2592576K(2624000K)->150656K(2622976K) Eden: 2454016K(2454016K)->0K(2456064K) From: 138560K(169984K)->150656K(166912K)
[7481.968s][info][gc,heap        ] GC(2509) ParOldGen: 4819949K(4819968K)->4905109K(4905472K)
[7481.968s][info][gc,metaspace   ] GC(2509) Metaspace: 29095K(29504K)->29095K(29504K) NonClass: 24211K(24384K)->24211K(24384K) Class: 4884K(5120K)->4884K(5120K)
[7481.968s][info][gc             ] GC(2509) Pause Young (Allocation Failure) 7238M->4937M(7352M) 148.858ms
[7481.968s][info][gc,cpu         ] GC(2509) User=0.58s Sys=0.02s Real=0.15s
.|[7483.399s][info][gc,start       ] GC(2510) Pause Young (Allocation Failure)
[7483.505s][info][gc,heap        ] GC(2510) PSYoungGen: 2606720K(2622976K)->152800K(2624512K) Eden: 2456064K(2456064K)->0K(2456064K) From: 150656K(166912K)->152800K(168448K)
[7483.505s][info][gc,heap        ] GC(2510) ParOldGen: 4905109K(4905472K)->5001685K(5001728K)
[7483.505s][info][gc,metaspace   ] GC(2510) Metaspace: 29095K(29504K)->29095K(29504K) NonClass: 24211K(24384K)->24211K(24384K) Class: 4884K(5120K)->4884K(5120K)
[7483.505s][info][gc             ] GC(2510) Pause Young (Allocation Failure) 7335M->5033M(7447M) 106.217ms
[7483.505s][info][gc,cpu         ] GC(2510) User=0.59s Sys=0.04s Real=0.11s
.[7484.982s][info][gc,start       ] GC(2511) Pause Young (Allocation Failure)
[7485.094s][info][gc,heap        ] GC(2511) PSYoungGen: 2608864K(2624512K)->161871K(2621952K) Eden: 2456064K(2456064K)->0K(2454016K) From: 152800K(168448K)->161871K(167936K)
[7485.094s][info][gc,heap        ] GC(2511) ParOldGen: 5001685K(5001728K)->5093245K(5093376K)
[7485.094s][info][gc,metaspace   ] GC(2511) Metaspace: 29095K(29504K)->29095K(29504K) NonClass: 24211K(24384K)->24211K(24384K) Class: 4884K(5120K)->4884K(5120K)
[7485.094s][info][gc             ] GC(2511) Pause Young (Allocation Failure) 7432M->5131M(7534M) 112.524ms
[7485.094s][info][gc,cpu         ] GC(2511) User=0.63s Sys=0.03s Real=0.11s
..[7486.502s][info][gc,start       ] GC(2512) Pause Young (Allocation Failure)
[7486.606s][info][gc,heap        ] GC(2512) PSYoungGen: 2615887K(2621952K)->155200K(2625024K) Eden: 2454016K(2454016K)->0K(2454016K) From: 161871K(167936K)->155200K(171008K)
[7486.606s][info][gc,heap        ] GC(2512) ParOldGen: 5093245K(5093376K)->5186109K(5186560K)
[7486.606s][info][gc,metaspace   ] GC(2512) Metaspace: 29095K(29504K)->29095K(29504K) NonClass: 24211K(24384K)->24211K(24384K) Class: 4884K(5120K)->4884K(5120K)
[7486.606s][info][gc             ] GC(2512) Pause Young (Allocation Failure) 7528M->5216M(7628M) 104.778ms
[7486.606s][info][gc,cpu         ] GC(2512) User=0.59s Sys=0.03s Real=0.10s
.[7488.076s][info][gc,start       ] GC(2513) Pause Young (Allocation Failure)
[7488.183s][info][gc,heap        ] GC(2513) PSYoungGen: 2609216K(2625024K)->151652K(2621440K) Eden: 2454016K(2454016K)->0K(2454528K) From: 155200K(171008K)->151652K(166912K)
[7488.183s][info][gc,heap        ] GC(2513) ParOldGen: 5186109K(5186560K)->5277965K(5278208K)
[7488.183s][info][gc,metaspace   ] GC(2513) Metaspace: 29095K(29504K)->29095K(29504K) NonClass: 24211K(24384K)->24211K(24384K) Class: 4884K(5120K)->4884K(5120K)
[7488.183s][info][gc             ] GC(2513) Pause Young (Allocation Failure) 7612M->5302M(7714M) 106.565ms
[7488.183s][info][gc,cpu         ] GC(2513) User=0.60s Sys=0.03s Real=0.11s
..[7489.585s][info][gc,start       ] GC(2514) Pause Young (Allocation Failure)
[7489.688s][info][gc,heap        ] GC(2514) PSYoungGen: 2606180K(2621440K)->144672K(2623488K) Eden: 2454528K(2454528K)->0K(2454528K) From: 151652K(166912K)->144672K(168960K)
[7489.688s][info][gc,heap        ] GC(2514) ParOldGen: 5277965K(5278208K)->5369109K(5369344K)
[7489.688s][info][gc,metaspace   ] GC(2514) Metaspace: 29095K(29504K)->29095K(29504K) NonClass: 24211K(24384K)->24211K(24384K) Class: 4884K(5120K)->4884K(5120K)
[7489.688s][info][gc             ] GC(2514) Pause Young (Allocation Failure) 7699M->5384M(7805M) 102.683ms
[7489.688s][info][gc,cpu         ] GC(2514) User=0.58s Sys=0.02s Real=0.10s
.[7491.233s][info][gc,start       ] GC(2515) Pause Young (Allocation Failure)
[7491.332s][info][gc,heap        ] GC(2515) PSYoungGen: 2599200K(2623488K)->139456K(2626560K) Eden: 2454528K(2454528K)->0K(2458624K) From: 144672K(168960K)->139456K(167936K)
[7491.332s][info][gc,heap        ] GC(2515) ParOldGen: 5369109K(5369344K)->5463333K(5463552K)
[7491.332s][info][gc,metaspace   ] GC(2515) Metaspace: 29095K(29504K)->29095K(29504K) NonClass: 24211K(24384K)->24211K(24384K) Class: 4884K(5120K)->4884K(5120K)
[7491.332s][info][gc             ] GC(2515) Pause Young (Allocation Failure) 7781M->5471M(7900M) 99.082ms
[7491.332s][info][gc,cpu         ] GC(2515) User=0.55s Sys=0.03s Real=0.10s
..[7492.734s][info][gc,start       ] GC(2516) Pause Young (Allocation Failure)
[7492.842s][info][gc,heap        ] GC(2516) PSYoungGen: 2598080K(2626560K)->154087K(2627072K) Eden: 2458624K(2458624K)->0K(2458624K) From: 139456K(167936K)->154087K(168448K)
[7492.842s][info][gc,heap        ] GC(2516) ParOldGen: 5463333K(5463552K)->5551493K(5551616K)
[7492.842s][info][gc,metaspace   ] GC(2516) Metaspace: 29095K(29504K)->29095K(29504K) NonClass: 24211K(24384K)->24211K(24384K) Class: 4884K(5120K)->4884K(5120K)
[7492.842s][info][gc             ] GC(2516) Pause Young (Allocation Failure) 7872M->5571M(7987M) 107.919ms
[7492.842s][info][gc,cpu         ] GC(2516) User=0.62s Sys=0.02s Real=0.11s
.[7494.389s][info][gc,start       ] GC(2517) Pause Full (Allocation Failure)
[7494.389s][info][gc,phases,start] GC(2517) Marking Phase
[7494.693s][info][gc,phases      ] GC(2517) Marking Phase 304.684ms
[7494.693s][info][gc,phases,start] GC(2517) Summary Phase
[7494.693s][info][gc,phases      ] GC(2517) Summary Phase 0.109ms
[7494.694s][info][gc,phases,start] GC(2517) Forward
[7494.829s][info][gc,phases      ] GC(2517) Forward 134.722ms
[7494.829s][info][gc,phases,start] GC(2517) Adjust Pointers
[7495.033s][info][gc,phases      ] GC(2517) Adjust Pointers 204.343ms
[7495.033s][info][gc,phases,start] GC(2517) Compaction Phase
[7495.163s][info][gc,phases      ] GC(2517) Compaction Phase 129.493ms
[7495.164s][info][gc,phases,start] GC(2517) Post Compact
[7495.171s][info][gc,phases      ] GC(2517) Post Compact 6.925ms
[7495.299s][info][gc,heap        ] GC(2517) PSYoungGen: 2612711K(2627072K)->0K(2627584K) Eden: 2458624K(2458624K)->0K(2459136K) From: 154087K(168448K)->0K(168448K)
[7495.299s][info][gc,heap        ] GC(2517) ParOldGen: 5551493K(5551616K)->1434853K(1823232K)
[7495.299s][info][gc,metaspace   ] GC(2517) Metaspace: 29095K(29504K)->29022K(29504K) NonClass: 24211K(24384K)->24150K(24384K) Class: 4884K(5120K)->4871K(5120K)
[7495.299s][info][gc             ] GC(2517) Pause Full (Allocation Failure) 7972M->1401M(4346M) 910.472ms
[7495.299s][info][gc,cpu         ] GC(2517) User=4.11s Sys=0.13s Real=0.91s
..[7496.641s][info][gc,start       ] GC(2518) Pause Young (Allocation Failure)
[7496.722s][info][gc,heap        ] GC(2518) PSYoungGen: 2459136K(2627584K)->168445K(2627584K) Eden: 2459136K(2459136K)->0K(2459136K) From: 0K(168448K)->168445K(168448K)
[7496.722s][info][gc,heap        ] GC(2518) ParOldGen: 1434853K(1823232K)->1443269K(1823232K)
[7496.722s][info][gc,metaspace   ] GC(2518) Metaspace: 29023K(29504K)->29023K(29504K) NonClass: 24151K(24384K)->24151K(24384K) Class: 4871K(5120K)->4871K(5120K)
[7496.722s][info][gc             ] GC(2518) Pause Young (Allocation Failure) 3802M->1573M(4346M) 80.877ms
[7496.722s][info][gc,cpu         ] GC(2518) User=0.48s Sys=0.00s Real=0.08s
.[7498.125s][info][gc,start       ] GC(2519) Pause Young (Allocation Failure)
[7498.227s][info][gc,heap        ] GC(2519) PSYoungGen: 2627581K(2627584K)->156272K(2613248K) Eden: 2459136K(2459136K)->0K(2444800K) From: 168445K(168448K)->156272K(168448K)
[7498.227s][info][gc,heap        ] GC(2519) ParOldGen: 1443269K(1823232K)->1537485K(1823232K)
[7498.227s][info][gc,metaspace   ] GC(2519) Metaspace: 29023K(29504K)->29023K(29504K) NonClass: 24151K(24384K)->24151K(24384K) Class: 4871K(5120K)->4871K(5120K)
[7498.227s][info][gc             ] GC(2519) Pause Young (Allocation Failure) 3975M->1654M(4332M) 101.318ms
[7498.227s][info][gc,cpu         ] GC(2519) User=0.60s Sys=0.00s Real=0.10s
.[7499.729s][info][gc,start       ] GC(2520) Pause Young (Allocation Failure)
[7499.830s][info][gc,heap        ] GC(2520) PSYoungGen: 2601072K(2613248K)->154505K(2620416K) Eden: 2444800K(2444800K)->0K(2444800K) From: 156272K(168448K)->154505K(175616K)
[7499.830s][info][gc,heap        ] GC(2520) ParOldGen: 1537485K(1823232K)->1638085K(1823232K)
[7499.830s][info][gc,metaspace   ] GC(2520) Metaspace: 29023K(29504K)->29023K(29504K) NonClass: 24151K(24384K)->24151K(24384K) Class: 4871K(5120K)->4871K(5120K)
[7499.830s][info][gc             ] GC(2520) Pause Young (Allocation Failure) 4041M->1750M(4339M) 101.734ms
[7499.830s][info][gc,cpu         ] GC(2520) User=0.61s Sys=0.00s Real=0.11s
.[7501.228s][info][gc,start       ] GC(2521) Pause Young (Allocation Failure)
[7501.324s][info][gc,heap        ] GC(2521) PSYoungGen: 2599305K(2620416K)->155110K(2616320K) Eden: 2444800K(2444800K)->0K(2446848K) From: 154505K(175616K)->155110K(169472K)
[7501.324s][info][gc,heap        ] GC(2521) ParOldGen: 1638085K(1823232K)->1721765K(1823232K)
[7501.324s][info][gc,metaspace   ] GC(2521) Metaspace: 29023K(29504K)->29023K(29504K) NonClass: 24151K(24384K)->24151K(24384K) Class: 4871K(5120K)->4871K(5120K)
[7501.324s][info][gc             ] GC(2521) Pause Young (Allocation Failure) 4138M->1832M(4335M) 96.662ms
[7501.324s][info][gc,cpu         ] GC(2521) User=0.58s Sys=0.00s Real=0.10s
.[7502.667s][info][gc,start       ] GC(2522) Pause Young (Allocation Failure)
[7502.771s][info][gc,heap        ] GC(2522) PSYoungGen: 2601958K(2616320K)->162532K(2619392K) Eden: 2446848K(2446848K)->0K(2446848K) From: 155110K(169472K)->162532K(172544K)
[7502.771s][info][gc,heap        ] GC(2522) ParOldGen: 1721765K(1823232K)->1817421K(1823232K)
[7502.771s][info][gc,metaspace   ] GC(2522) Metaspace: 29023K(29504K)->29023K(29504K) NonClass: 24151K(24384K)->24151K(24384K) Class: 4871K(5120K)->4871K(5120K)
[7502.771s][info][gc             ] GC(2522) Pause Young (Allocation Failure) 4222M->1933M(4338M) 103.948ms
[7502.771s][info][gc,cpu         ] GC(2522) User=0.62s Sys=0.00s Real=0.11s
..[7504.311s][info][gc,start       ] GC(2523) Pause Young (Allocation Failure)
[7504.413s][info][gc,heap        ] GC(2523) PSYoungGen: 2609380K(2619392K)->144469K(2622464K) Eden: 2446848K(2446848K)->0K(2448384K) From: 162532K(172544K)->144469K(174080K)
[7504.413s][info][gc,heap        ] GC(2523) ParOldGen: 1817421K(1823232K)->1916101K(1916416K)
[7504.413s][info][gc,metaspace   ] GC(2523) Metaspace: 29023K(29504K)->29023K(29504K) NonClass: 24151K(24384K)->24151K(24384K) Class: 4871K(5120K)->4871K(5120K)
[7504.413s][info][gc             ] GC(2523) Pause Young (Allocation Failure) 4323M->2012M(4432M) 101.787ms
[7504.413s][info][gc,cpu         ] GC(2523) User=0.58s Sys=0.02s Real=0.10s
.[7505.830s][info][gc,start       ] GC(2524) Pause Young (Allocation Failure)
[7505.978s][info][gc,heap        ] GC(2524) PSYoungGen: 2592853K(2622464K)->144100K(2592768K) Eden: 2448384K(2448384K)->0K(2448384K) From: 144469K(174080K)->144100K(144384K)
[7505.978s][info][gc,heap        ] GC(2524) ParOldGen: 1916101K(1916416K)->2003157K(2003456K)
[7505.978s][info][gc,metaspace   ] GC(2524) Metaspace: 29023K(29504K)->29023K(29504K) NonClass: 24151K(24384K)->24151K(24384K) Class: 4871K(5120K)->4871K(5120K)
[7505.978s][info][gc             ] GC(2524) Pause Young (Allocation Failure) 4403M->2096M(4488M) 148.217ms
[7505.978s][info][gc,cpu         ] GC(2524) User=0.57s Sys=0.03s Real=0.14s
.[7507.325s][info][gc,start       ] GC(2525) Pause Young (Allocation Failure)
[7507.428s][info][gc,heap        ] GC(2525) PSYoungGen: 2592484K(2592768K)->156384K(2621952K) Eden: 2448384K(2448384K)->0K(2448896K) From: 144100K(144384K)->156384K(173056K)
[7507.428s][info][gc,heap        ] GC(2525) ParOldGen: 2003157K(2003456K)->2092717K(2093056K)
[7507.428s][info][gc,metaspace   ] GC(2525) Metaspace: 29023K(29504K)->29023K(29504K) NonClass: 24151K(24384K)->24151K(24384K) Class: 4871K(5120K)->4871K(5120K)
[7507.428s][info][gc             ] GC(2525) Pause Young (Allocation Failure) 4487M->2196M(4604M) 102.849ms
[7507.428s][info][gc,cpu         ] GC(2525) User=0.59s Sys=0.02s Real=0.10s
.[7508.807s][info][gc,start       ] GC(2526) Pause Young (Allocation Failure)
[7508.907s][info][gc,heap        ] GC(2526) PSYoungGen: 2605280K(2621952K)->145296K(2621440K) Eden: 2448896K(2448896K)->0K(2448896K) From: 156384K(173056K)->145296K(172544K)
[7508.907s][info][gc,heap        ] GC(2526) ParOldGen: 2092717K(2093056K)->2189517K(2189824K)
[7508.907s][info][gc,metaspace   ] GC(2526) Metaspace: 29023K(29504K)->29023K(29504K) NonClass: 24151K(24384K)->24151K(24384K) Class: 4871K(5120K)->4871K(5120K)
[7508.907s][info][gc             ] GC(2526) Pause Young (Allocation Failure) 4587M->2280M(4698M) 100.190ms
[7508.907s][info][gc,cpu         ] GC(2526) User=0.57s Sys=0.02s Real=0.10s
.[7510.321s][info][gc,start       ] GC(2527) Pause Young (Allocation Failure)
[7510.428s][info][gc,heap        ] GC(2527) PSYoungGen: 2594192K(2621440K)->158761K(2621952K) Eden: 2448896K(2448896K)->0K(2449920K) From: 145296K(172544K)->158761K(172032K)
[7510.428s][info][gc,heap        ] GC(2527) ParOldGen: 2189517K(2189824K)->2282445K(2282496K)
[7510.428s][info][gc,metaspace   ] GC(2527) Metaspace: 29023K(29504K)->29023K(29504K) NonClass: 24151K(24384K)->24151K(24384K) Class: 4871K(5120K)->4871K(5120K)
[7510.428s][info][gc             ] GC(2527) Pause Young (Allocation Failure) 4671M->2383M(4789M) 106.925ms
[7510.428s][info][gc,cpu         ] GC(2527) User=0.61s Sys=0.02s Real=0.10s
..[7511.980s][info][gc,start       ] GC(2528) Pause Young (Allocation Failure)
[7512.085s][info][gc,heap        ] GC(2528) PSYoungGen: 2608681K(2621952K)->145863K(2622464K) Eden: 2449920K(2449920K)->0K(2449920K) From: 158761K(172032K)->145863K(172544K)
[7512.085s][info][gc,heap        ] GC(2528) ParOldGen: 2282445K(2282496K)->2377229K(2377728K)
[7512.085s][info][gc,metaspace   ] GC(2528) Metaspace: 29023K(29504K)->29023K(29504K) NonClass: 24151K(24384K)->24151K(24384K) Class: 4871K(5120K)->4871K(5120K)
[7512.085s][info][gc             ] GC(2528) Pause Young (Allocation Failure) 4776M->2463M(4883M) 105.310ms
[7512.085s][info][gc,cpu         ] GC(2528) User=0.61s Sys=0.01s Real=0.10s
.[7513.354s][info][gc,start       ] GC(2529) Pause Young (Allocation Failure)
[7513.457s][info][gc,heap        ] GC(2529) PSYoungGen: 2595783K(2622464K)->161344K(2621440K) Eden: 2449920K(2449920K)->0K(2449920K) From: 145863K(172544K)->161344K(171520K)
[7513.457s][info][gc,heap        ] GC(2529) ParOldGen: 2377229K(2377728K)->2461221K(2461696K)
[7513.457s][info][gc,metaspace   ] GC(2529) Metaspace: 29023K(29504K)->29023K(29504K) NonClass: 24151K(24384K)->24151K(24384K) Class: 4871K(5120K)->4871K(5120K)
[7513.457s][info][gc             ] GC(2529) Pause Young (Allocation Failure) 4856M->2561M(4964M) 102.903ms
[7513.457s][info][gc,cpu         ] GC(2529) User=0.59s Sys=0.03s Real=0.10s
.[7514.974s][info][gc,start       ] GC(2530) Pause Young (Allocation Failure)
[7515.076s][info][gc,heap        ] GC(2530) PSYoungGen: 2611264K(2621440K)->142816K(2622976K) Eden: 2449920K(2449920K)->0K(2449920K) From: 161344K(171520K)->142816K(173056K)
[7515.076s][info][gc,heap        ] GC(2530) ParOldGen: 2461221K(2461696K)->2564709K(2565120K)
[7515.076s][info][gc,metaspace   ] GC(2530) Metaspace: 29023K(29504K)->29023K(29504K) NonClass: 24151K(24384K)->24151K(24384K) Class: 4871K(5120K)->4871K(5120K)
[7515.076s][info][gc             ] GC(2530) Pause Young (Allocation Failure) 4953M->2644M(5066M) 102.297ms
[7515.076s][info][gc,cpu         ] GC(2530) User=0.58s Sys=0.03s Real=0.10s
.[7516.457s][info][gc,start       ] GC(2531) Pause Young (Allocation Failure)
[7516.561s][info][gc,heap        ] GC(2531) PSYoungGen: 2592736K(2622976K)->162368K(2619904K) Eden: 2449920K(2449920K)->0K(2446848K) From: 142816K(173056K)->162368K(173056K)
[7516.561s][info][gc,heap        ] GC(2531) ParOldGen: 2564709K(2565120K)->2649397K(2649600K)
[7516.561s][info][gc,metaspace   ] GC(2531) Metaspace: 29023K(29504K)->29023K(29504K) NonClass: 24151K(24384K)->24151K(24384K) Class: 4871K(5120K)->4871K(5120K)
[7516.561s][info][gc             ] GC(2531) Pause Young (Allocation Failure) 5036M->2745M(5146M) 104.473ms
[7516.561s][info][gc,cpu         ] GC(2531) User=0.59s Sys=0.03s Real=0.11s
..[7518.090s][info][gc,start       ] GC(2532) Pause Young (Allocation Failure)
[7518.192s][info][gc,heap        ] GC(2532) PSYoungGen: 2609216K(2619904K)->144928K(2621440K) Eden: 2446848K(2446848K)->0K(2446848K) From: 162368K(173056K)->144928K(174592K)
[7518.192s][info][gc,heap        ] GC(2532) ParOldGen: 2649397K(2649600K)->2747493K(2747904K)
[7518.192s][info][gc,metaspace   ] GC(2532) Metaspace: 29023K(29504K)->29023K(29504K) NonClass: 24151K(24384K)->24151K(24384K) Class: 4871K(5120K)->4871K(5120K)
[7518.192s][info][gc             ] GC(2532) Pause Young (Allocation Failure) 5135M->2824M(5243M) 101.851ms
[7518.192s][info][gc,cpu         ] GC(2532) User=0.57s Sys=0.04s Real=0.10s
.[7519.654s][info][gc,start       ] GC(2533) Pause Young (Allocation Failure)
[7519.760s][info][gc,heap        ] GC(2533) PSYoungGen: 2591776K(2621440K)->157412K(2619904K) Eden: 2446848K(2446848K)->0K(2447360K) From: 144928K(174592K)->157412K(172544K)
[7519.760s][info][gc,heap        ] GC(2533) ParOldGen: 2747493K(2747904K)->2837725K(2838016K)
[7519.760s][info][gc,metaspace   ] GC(2533) Metaspace: 29023K(29504K)->29023K(29504K) NonClass: 24151K(24384K)->24151K(24384K) Class: 4871K(5120K)->4871K(5120K)
[7519.760s][info][gc             ] GC(2533) Pause Young (Allocation Failure) 5214M->2924M(5330M) 106.923ms
[7519.760s][info][gc,cpu         ] GC(2533) User=0.60s Sys=0.03s Real=0.11s
.[7521.191s][info][gc,start       ] GC(2534) Pause Young (Allocation Failure)
[7521.295s][info][gc,heap        ] GC(2534) PSYoungGen: 2604772K(2619904K)->159077K(2620928K) Eden: 2447360K(2447360K)->0K(2447360K) From: 157412K(172544K)->159077K(173568K)
[7521.295s][info][gc,heap        ] GC(2534) ParOldGen: 2837725K(2838016K)->2926069K(2926080K)
[7521.295s][info][gc,metaspace   ] GC(2534) Metaspace: 29023K(29504K)->29023K(29504K) NonClass: 24151K(24384K)->24151K(24384K) Class: 4871K(5120K)->4871K(5120K)
[7521.295s][info][gc             ] GC(2534) Pause Young (Allocation Failure) 5314M->3012M(5417M) 103.988ms
[7521.295s][info][gc,cpu         ] GC(2534) User=0.59s Sys=0.04s Real=0.10s
.[7522.628s][info][gc,start       ] GC(2535) Pause Young (Allocation Failure)
[7522.733s][info][gc,heap        ] GC(2535) PSYoungGen: 2606437K(2620928K)->158784K(2621952K) Eden: 2447360K(2447360K)->0K(2447872K) From: 159077K(173568K)->158784K(174080K)
[7522.733s][info][gc,heap        ] GC(2535) ParOldGen: 2926069K(2926080K)->3017693K(3017728K)
[7522.733s][info][gc,metaspace   ] GC(2535) Metaspace: 29023K(29504K)->29023K(29504K) NonClass: 24151K(24384K)->24151K(24384K) Class: 4871K(5120K)->4871K(5120K)
[7522.733s][info][gc             ] GC(2535) Pause Young (Allocation Failure) 5402M->3102M(5507M) 105.354ms
[7522.733s][info][gc,cpu         ] GC(2535) User=0.60s Sys=0.02s Real=0.11s
.[7524.209s][info][gc,start       ] GC(2536) Pause Young (Allocation Failure)
[7524.317s][info][gc,heap        ] GC(2536) PSYoungGen: 2606656K(2621952K)->160048K(2621952K) Eden: 2447872K(2447872K)->0K(2447872K) From: 158784K(174080K)->160048K(174080K)
[7524.317s][info][gc,heap        ] GC(2536) ParOldGen: 3017693K(3017728K)->3115781K(3116032K)
[7524.317s][info][gc,metaspace   ] GC(2536) Metaspace: 29023K(29504K)->29023K(29504K) NonClass: 24151K(24384K)->24151K(24384K) Class: 4871K(5120K)->4871K(5120K)
[7524.317s][info][gc             ] GC(2536) Pause Young (Allocation Failure) 5492M->3199M(5603M) 107.774ms
[7524.317s][info][gc,cpu         ] GC(2536) User=0.62s Sys=0.03s Real=0.10s
..[7525.671s][info][gc,start       ] GC(2537) Pause Young (Allocation Failure)
[7525.777s][info][gc,heap        ] GC(2537) PSYoungGen: 2607920K(2621952K)->159904K(2620928K) Eden: 2447872K(2447872K)->0K(2446848K) From: 160048K(174080K)->159904K(174080K)
[7525.777s][info][gc,heap        ] GC(2537) ParOldGen: 3115781K(3116032K)->3208253K(3208704K)
[7525.777s][info][gc,metaspace   ] GC(2537) Metaspace: 29023K(29504K)->29023K(29504K) NonClass: 24151K(24384K)->24151K(24384K) Class: 4871K(5120K)->4871K(5120K)
[7525.777s][info][gc             ] GC(2537) Pause Young (Allocation Failure) 5589M->3289M(5693M) 105.388ms
[7525.777s][info][gc,cpu         ] GC(2537) User=0.60s Sys=0.03s Real=0.10s
.[7527.259s][info][gc,start       ] GC(2538) Pause Young (Allocation Failure)
[7527.371s][info][gc,heap        ] GC(2538) PSYoungGen: 2606752K(2620928K)->161812K(2609152K) Eden: 2446848K(2446848K)->0K(2446848K) From: 159904K(174080K)->161812K(162304K)
[7527.371s][info][gc,heap        ] GC(2538) ParOldGen: 3208253K(3208704K)->3303493K(3303936K)
[7527.371s][info][gc,metaspace   ] GC(2538) Metaspace: 29023K(29504K)->29023K(29504K) NonClass: 24151K(24384K)->24151K(24384K) Class: 4871K(5120K)->4871K(5120K)
[7527.371s][info][gc             ] GC(2538) Pause Young (Allocation Failure) 5678M->3384M(5774M) 111.934ms
[7527.371s][info][gc,cpu         ] GC(2538) User=0.63s Sys=0.03s Real=0.12s
.[7528.753s][info][gc,start       ] GC(2539) Pause Young (Allocation Failure)
[7528.854s][info][gc,heap        ] GC(2539) PSYoungGen: 2608660K(2609152K)->143605K(2620928K) Eden: 2446848K(2446848K)->0K(2445824K) From: 161812K(162304K)->143605K(175104K)
[7528.854s][info][gc,heap        ] GC(2539) ParOldGen: 3303493K(3303936K)->3394077K(3394560K)
[7528.854s][info][gc,metaspace   ] GC(2539) Metaspace: 29023K(29504K)->29023K(29504K) NonClass: 24151K(24384K)->24151K(24384K) Class: 4871K(5120K)->4871K(5120K)
[7528.854s][info][gc             ] GC(2539) Pause Young (Allocation Failure) 5773M->3454M(5874M) 100.877ms
[7528.854s][info][gc,cpu         ] GC(2539) User=0.56s Sys=0.04s Real=0.10s
..[7530.291s][info][gc,start       ] GC(2540) Pause Young (Allocation Failure)
[7530.399s][info][gc,heap        ] GC(2540) PSYoungGen: 2589429K(2620928K)->161077K(2607104K) Eden: 2445824K(2445824K)->0K(2445824K) From: 143605K(175104K)->161077K(161280K)
[7530.399s][info][gc,heap        ] GC(2540) ParOldGen: 3394077K(3394560K)->3486685K(3486720K)
[7530.399s][info][gc,metaspace   ] GC(2540) Metaspace: 29023K(29504K)->29023K(29504K) NonClass: 24151K(24384K)->24151K(24384K) Class: 4871K(5120K)->4871K(5120K)
[7530.399s][info][gc             ] GC(2540) Pause Young (Allocation Failure) 5843M->3562M(5951M) 107.466ms
[7530.399s][info][gc,cpu         ] GC(2540) User=0.62s Sys=0.03s Real=0.10s
.[7531.884s][info][gc,start       ] GC(2541) Pause Young (Allocation Failure)
[7532.035s][info][gc,heap        ] GC(2541) PSYoungGen: 2606901K(2607104K)->146164K(2620928K) Eden: 2445824K(2445824K)->0K(2445312K) From: 161077K(161280K)->146164K(175616K)
[7532.035s][info][gc,heap        ] GC(2541) ParOldGen: 3486685K(3486720K)->3580917K(3580928K)
[7532.035s][info][gc,metaspace   ] GC(2541) Metaspace: 29023K(29504K)->29023K(29504K) NonClass: 24151K(24384K)->24151K(24384K) Class: 4871K(5120K)->4871K(5120K)
[7532.035s][info][gc             ] GC(2541) Pause Young (Allocation Failure) 5950M->3639M(6056M) 150.454ms
[7532.035s][info][gc,cpu         ] GC(2541) User=0.57s Sys=0.03s Real=0.15s
.[7533.476s][info][gc,start       ] GC(2542) Pause Young (Allocation Failure)
[7533.580s][info][gc,heap        ] GC(2542) PSYoungGen: 2591476K(2620928K)->155684K(2601472K) Eden: 2445312K(2445312K)->0K(2445312K) From: 146164K(175616K)->155684K(156160K)
[7533.580s][info][gc,heap        ] GC(2542) ParOldGen: 3580917K(3580928K)->3671981K(3672064K)
[7533.580s][info][gc,metaspace   ] GC(2542) Metaspace: 29023K(29504K)->29023K(29504K) NonClass: 24151K(24384K)->24151K(24384K) Class: 4871K(5120K)->4871K(5120K)
[7533.581s][info][gc             ] GC(2542) Pause Young (Allocation Failure) 6027M->3737M(6126M) 104.558ms
[7533.581s][info][gc,cpu         ] GC(2542) User=0.60s Sys=0.02s Real=0.11s
..[7535.038s][info][gc,start       ] GC(2543) Pause Young (Allocation Failure)
[7535.140s][info][gc,heap        ] GC(2543) PSYoungGen: 2600996K(2601472K)->151733K(2620416K) Eden: 2445312K(2445312K)->0K(2446848K) From: 155684K(156160K)->151733K(173568K)
[7535.140s][info][gc,heap        ] GC(2543) ParOldGen: 3671981K(3672064K)->3760621K(3760640K)
[7535.140s][info][gc,metaspace   ] GC(2543) Metaspace: 29023K(29504K)->29023K(29504K) NonClass: 24151K(24384K)->24151K(24384K) Class: 4871K(5120K)->4871K(5120K)
[7535.140s][info][gc             ] GC(2543) Pause Young (Allocation Failure) 6125M->3820M(6231M) 102.525ms
[7535.140s][info][gc,cpu         ] GC(2543) User=0.59s Sys=0.02s Real=0.11s
.[7536.525s][info][gc,start       ] GC(2544) Pause Young (Allocation Failure)
[7536.639s][info][gc,heap        ] GC(2544) PSYoungGen: 2598581K(2620416K)->171125K(2618880K) Eden: 2446848K(2446848K)->0K(2446848K) From: 151733K(173568K)->171125K(172032K)
[7536.639s][info][gc,heap        ] GC(2544) ParOldGen: 3760621K(3760640K)->3852325K(3852800K)
[7536.639s][info][gc,metaspace   ] GC(2544) Metaspace: 29023K(29504K)->29023K(29504K) NonClass: 24151K(24384K)->24151K(24384K) Class: 4871K(5120K)->4871K(5120K)
[7536.639s][info][gc             ] GC(2544) Pause Young (Allocation Failure) 6210M->3929M(6320M) 114.213ms
[7536.639s][info][gc,cpu         ] GC(2544) User=0.64s Sys=0.04s Real=0.11s
..[7538.188s][info][gc,start       ] GC(2545) Pause Young (Allocation Failure)
[7538.289s][info][gc,heap        ] GC(2545) PSYoungGen: 2617973K(2618880K)->141527K(2618368K) Eden: 2446848K(2446848K)->0K(2441728K) From: 171125K(172032K)->141527K(176640K)
[7538.289s][info][gc,heap        ] GC(2545) ParOldGen: 3852325K(3852800K)->3948317K(3948544K)
[7538.289s][info][gc,metaspace   ] GC(2545) Metaspace: 29023K(29504K)->29023K(29504K) NonClass: 24151K(24384K)->24151K(24384K) Class: 4871K(5120K)->4871K(5120K)
[7538.289s][info][gc             ] GC(2545) Pause Young (Allocation Failure) 6318M->3993M(6413M) 101.430ms
[7538.289s][info][gc,cpu         ] GC(2545) User=0.57s Sys=0.04s Real=0.10s
.[7539.679s][info][gc,start       ] GC(2546) Pause Young (Allocation Failure)
[7539.788s][info][gc,heap        ] GC(2546) PSYoungGen: 2583255K(2618368K)->169232K(2611200K) Eden: 2441728K(2441728K)->0K(2441728K) From: 141527K(176640K)->169232K(169472K)
[7539.788s][info][gc,heap        ] GC(2546) ParOldGen: 3948317K(3948544K)->4036029K(4036096K)
[7539.788s][info][gc,metaspace   ] GC(2546) Metaspace: 29023K(29504K)->29023K(29504K) NonClass: 24151K(24384K)->24151K(24384K) Class: 4871K(5120K)->4871K(5120K)
[7539.788s][info][gc             ] GC(2546) Pause Young (Allocation Failure) 6378M->4106M(6491M) 109.603ms
[7539.788s][info][gc,cpu         ] GC(2546) User=0.61s Sys=0.04s Real=0.11s
.[7541.252s][info][gc,start       ] GC(2547) Pause Young (Allocation Failure)
[7541.357s][info][gc,heap        ] GC(2547) PSYoungGen: 2610960K(2611200K)->150080K(2617344K) Eden: 2441728K(2441728K)->0K(2437120K) From: 169232K(169472K)->150080K(180224K)
[7541.357s][info][gc,heap        ] GC(2547) ParOldGen: 4036029K(4036096K)->4133141K(4133376K)
[7541.357s][info][gc,metaspace   ] GC(2547) Metaspace: 29023K(29504K)->29023K(29504K) NonClass: 24151K(24384K)->24151K(24384K) Class: 4871K(5120K)->4871K(5120K)
[7541.357s][info][gc             ] GC(2547) Pause Young (Allocation Failure) 6491M->4182M(6592M) 105.046ms
[7541.357s][info][gc,cpu         ] GC(2547) User=0.59s Sys=0.03s Real=0.10s
.[7542.725s][info][gc,start       ] GC(2548) Pause Young (Allocation Failure)
[7542.827s][info][gc,heap        ] GC(2548) PSYoungGen: 2587200K(2617344K)->150704K(2588160K) Eden: 2437120K(2437120K)->0K(2437120K) From: 150080K(180224K)->150704K(151040K)
[7542.827s][info][gc,heap        ] GC(2548) ParOldGen: 4133141K(4133376K)->4223205K(4223488K)
[7542.827s][info][gc,metaspace   ] GC(2548) Metaspace: 29023K(29504K)->29023K(29504K) NonClass: 24151K(24384K)->24151K(24384K) Class: 4871K(5120K)->4871K(5120K)
[7542.827s][info][gc             ] GC(2548) Pause Young (Allocation Failure) 6562M->4271M(6652M) 101.720ms
[7542.827s][info][gc,cpu         ] GC(2548) User=0.58s Sys=0.02s Real=0.10s
. (rIR:aIR:PR = 12868:12817:12836) (tPR = 188902) [OK] 
  7543s: Performance info:
         Transaction,    Success,    Partial,     Failed,   Receipts, AvgBarcode, 
             Overall,     769531,          0,          0,     731064,      59.47, 
         Response times:
             Request,    Success,    Partial,     Failed,   SkipFail,     Probes,    Samples,      min,      p50,      p90,      p95,      p99,      max, 
       TotalPurchase,     735181,          0,          0,          0,      79086,     550934,      300,   518000,   990000,  1200000,  1600000,  2800000,
     InStorePurchase,     387307,          0,          0,          0,      39782,     290121,      300,   520000,   950000,  1200000,  1700000,  2300000,
      OnlinePurchase,     268899,          0,          0,          0,      27544,     202510,      400,   517000,  1100000,  1200000,  1500000,  2800000,
        InstPurchase,      78975,          0,          0,          0,      11760,      58303,      400,   518000,  1100000,  1300000,  1500000,  2100000,
          AssocOfCat,        776,          0,          0,          0,        312,       1124,    49000,   510000,  1000000,  1200000,  1300000,  1500000,
      AssocOfProduct,       7738,          0,          0,          0,       1338,       6112,     4500,   489000,   950000,  1100000,  1300000,  1800000,
      BusinessReport,       1935,          0,          0,          0,        815,       2837,    47000,   543000,   932000,  1200000,  1500000,  1800000,
          CustBuyBeh,       7740,          0,          0,          0,       1402,       6358,    13000,   496000,   940000,  1100000,  1300000,  1400000,
       ProductReturn,      20435,          0,          0,          0,       4265,      14418,     1700,   497000,   980000,  1200000,  1300000,  2200000,

  7543s: (94%)   IR =  13007 [7544.431s][info][gc,start       ] GC(2549) Pause Young (Allocation Failure)
[7544.541s][info][gc,heap        ] GC(2549) PSYoungGen: 2587824K(2588160K)->156250K(2615808K) Eden: 2437120K(2437120K)->0K(2438656K) From: 150704K(151040K)->156250K(177152K)
[7544.541s][info][gc,heap        ] GC(2549) ParOldGen: 4223205K(4223488K)->4318277K(4318720K)
[7544.541s][info][gc,metaspace   ] GC(2549) Metaspace: 29023K(29504K)->29023K(29504K) NonClass: 24151K(24384K)->24151K(24384K) Class: 4871K(5120K)->4871K(5120K)
[7544.541s][info][gc             ] GC(2549) Pause Young (Allocation Failure) 6651M->4369M(6772M) 109.359ms
[7544.541s][info][gc,cpu         ] GC(2549) User=0.63s Sys=0.03s Real=0.11s
..[7546.017s][info][gc,start       ] GC(2550) Pause Young (Allocation Failure)
[7546.122s][info][gc,heap        ] GC(2550) PSYoungGen: 2594906K(2615808K)->147595K(2614272K) Eden: 2438656K(2438656K)->0K(2438656K) From: 156250K(177152K)->147595K(175616K)
[7546.122s][info][gc,heap        ] GC(2550) ParOldGen: 4318277K(4318720K)->4409525K(4409856K)
[7546.122s][info][gc,metaspace   ] GC(2550) Metaspace: 29023K(29504K)->29023K(29504K) NonClass: 24151K(24384K)->24151K(24384K) Class: 4871K(5120K)->4871K(5120K)
[7546.122s][info][gc             ] GC(2550) Pause Young (Allocation Failure) 6751M->4450M(6859M) 104.481ms
[7546.122s][info][gc,cpu         ] GC(2550) User=0.58s Sys=0.03s Real=0.11s
.[7547.580s][info][gc,start       ] GC(2551) Pause Young (Allocation Failure)
[7547.684s][info][gc,heap        ] GC(2551) PSYoungGen: 2586251K(2614272K)->149267K(2618880K) Eden: 2438656K(2438656K)->0K(2444288K) From: 147595K(175616K)->149267K(174592K)
[7547.684s][info][gc,heap        ] GC(2551) ParOldGen: 4409525K(4409856K)->4499333K(4499456K)
[7547.684s][info][gc,metaspace   ] GC(2551) Metaspace: 29023K(29504K)->29023K(29504K) NonClass: 24151K(24384K)->24151K(24384K) Class: 4871K(5120K)->4871K(5120K)
[7547.685s][info][gc             ] GC(2551) Pause Young (Allocation Failure) 6831M->4539M(6951M) 104.882ms
[7547.685s][info][gc,cpu         ] GC(2551) User=0.59s Sys=0.03s Real=0.10s
..[7549.184s][info][gc,start       ] GC(2552) Pause Young (Allocation Failure)
[7549.293s][info][gc,heap        ] GC(2552) PSYoungGen: 2593555K(2618880K)->156379K(2617856K) Eden: 2444288K(2444288K)->0K(2444288K) From: 149267K(174592K)->156379K(173568K)
[7549.293s][info][gc,heap        ] GC(2552) ParOldGen: 4499333K(4499456K)->4590765K(4591104K)
[7549.293s][info][gc,metaspace   ] GC(2552) Metaspace: 29023K(29504K)->29023K(29504K) NonClass: 24151K(24384K)->24151K(24384K) Class: 4871K(5120K)->4871K(5120K)
[7549.293s][info][gc             ] GC(2552) Pause Young (Allocation Failure) 6926M->4635M(7040M) 108.608ms
[7549.293s][info][gc,cpu         ] GC(2552) User=0.62s Sys=0.03s Real=0.11s
.[7550.789s][info][gc,start       ] GC(2553) Pause Young (Allocation Failure)
[7550.886s][info][gc,heap        ] GC(2553) PSYoungGen: 2600667K(2617856K)->137760K(2619392K) Eden: 2444288K(2444288K)->0K(2446848K) From: 156379K(173568K)->137760K(172544K)
[7550.886s][info][gc,heap        ] GC(2553) ParOldGen: 4590765K(4591104K)->4680485K(4680704K)
[7550.886s][info][gc,metaspace   ] GC(2553) Metaspace: 29023K(29504K)->29023K(29504K) NonClass: 24151K(24384K)->24151K(24384K) Class: 4871K(5120K)->4871K(5120K)
[7550.886s][info][gc             ] GC(2553) Pause Young (Allocation Failure) 7022M->4705M(7129M) 97.317ms
[7550.886s][info][gc,cpu         ] GC(2553) User=0.54s Sys=0.03s Real=0.10s
..[7552.321s][info][gc,start       ] GC(2554) Pause Young (Allocation Failure)
[7552.423s][info][gc,heap        ] GC(2554) PSYoungGen: 2584608K(2619392K)->151648K(2620416K) Eden: 2446848K(2446848K)->0K(2446848K) From: 137760K(172544K)->151648K(173568K)
[7552.423s][info][gc,heap        ] GC(2554) ParOldGen: 4680485K(4680704K)->4770429K(4770816K)
[7552.423s][info][gc,metaspace   ] GC(2554) Metaspace: 29023K(29504K)->29023K(29504K) NonClass: 24151K(24384K)->24151K(24384K) Class: 4871K(5120K)->4871K(5120K)
[7552.423s][info][gc             ] GC(2554) Pause Young (Allocation Failure) 7094M->4806M(7218M) 101.997ms
[7552.423s][info][gc,cpu         ] GC(2554) User=0.58s Sys=0.03s Real=0.10s
.[7553.893s][info][gc,start       ] GC(2555) Pause Young (Allocation Failure)
[7554.042s][info][gc,heap        ] GC(2555) PSYoungGen: 2598496K(2620416K)->143104K(2621952K) Eden: 2446848K(2446848K)->0K(2450432K) From: 151648K(173568K)->143104K(171520K)
[7554.042s][info][gc,heap        ] GC(2555) ParOldGen: 4770429K(4770816K)->4864333K(4864512K)
[7554.042s][info][gc,metaspace   ] GC(2555) Metaspace: 29023K(29504K)->29023K(29504K) NonClass: 24151K(24384K)->24151K(24384K) Class: 4871K(5120K)->4871K(5120K)
[7554.042s][info][gc             ] GC(2555) Pause Young (Allocation Failure) 7196M->4890M(7311M) 149.763ms
[7554.042s][info][gc,cpu         ] GC(2555) User=0.59s Sys=0.02s Real=0.15s
..[7555.475s][info][gc,start       ] GC(2556) Pause Young (Allocation Failure)
[7555.584s][info][gc,heap        ] GC(2556) PSYoungGen: 2593536K(2621952K)->161392K(2621440K) Eden: 2450432K(2450432K)->0K(2450432K) From: 143104K(171520K)->161392K(171008K)
[7555.584s][info][gc,heap        ] GC(2556) ParOldGen: 4864333K(4864512K)->4954901K(4955136K)
[7555.584s][info][gc,metaspace   ] GC(2556) Metaspace: 29023K(29504K)->29023K(29504K) NonClass: 24151K(24384K)->24151K(24384K) Class: 4871K(5120K)->4871K(5120K)
[7555.584s][info][gc             ] GC(2556) Pause Young (Allocation Failure) 7283M->4996M(7399M) 108.644ms
[7555.584s][info][gc,cpu         ] GC(2556) User=0.63s Sys=0.02s Real=0.11s
.[7557.106s][info][gc,start       ] GC(2557) Pause Young (Allocation Failure)
[7557.209s][info][gc,heap        ] GC(2557) PSYoungGen: 2611824K(2621440K)->143254K(2623488K) Eden: 2450432K(2450432K)->0K(2450432K) From: 161392K(171008K)->143254K(173056K)
[7557.209s][info][gc,heap        ] GC(2557) ParOldGen: 4954901K(4955136K)->5046981K(5047296K)
[7557.209s][info][gc,metaspace   ] GC(2557) Metaspace: 29023K(29504K)->29023K(29504K) NonClass: 24151K(24384K)->24151K(24384K) Class: 4871K(5120K)->4871K(5120K)
[7557.209s][info][gc             ] GC(2557) Pause Young (Allocation Failure) 7389M->5068M(7491M) 103.265ms
[7557.209s][info][gc,cpu         ] GC(2557) User=0.60s Sys=0.02s Real=0.10s
..[7558.623s][info][gc,start       ] GC(2558) Pause Young (Allocation Failure)
[7558.731s][info][gc,heap        ] GC(2558) PSYoungGen: 2593686K(2623488K)->157358K(2622976K) Eden: 2450432K(2450432K)->0K(2450432K) From: 143254K(173056K)->157358K(172544K)
[7558.731s][info][gc,heap        ] GC(2558) ParOldGen: 5046981K(5047296K)->5136621K(5136896K)
[7558.731s][info][gc,metaspace   ] GC(2558) Metaspace: 29023K(29504K)->29023K(29504K) NonClass: 24151K(24384K)->24151K(24384K) Class: 4871K(5120K)->4871K(5120K)
[7558.731s][info][gc             ] GC(2558) Pause Young (Allocation Failure) 7461M->5169M(7578M) 107.824ms
[7558.731s][info][gc,cpu         ] GC(2558) User=0.62s Sys=0.02s Real=0.11s
.[7560.211s][info][gc,start       ] GC(2559) Pause Young (Allocation Failure)
[7560.319s][info][gc,heap        ] GC(2559) PSYoungGen: 2607790K(2622976K)->154531K(2621952K) Eden: 2450432K(2450432K)->0K(2450944K) From: 157358K(172544K)->154531K(171008K)
[7560.319s][info][gc,heap        ] GC(2559) ParOldGen: 5136621K(5136896K)->5230261K(5230592K)
[7560.319s][info][gc,metaspace   ] GC(2559) Metaspace: 29023K(29504K)->29023K(29504K) NonClass: 24151K(24384K)->24151K(24384K) Class: 4871K(5120K)->4871K(5120K)
[7560.319s][info][gc             ] GC(2559) Pause Young (Allocation Failure) 7562M->5258M(7668M) 107.579ms
[7560.319s][info][gc,cpu         ] GC(2559) User=0.62s Sys=0.03s Real=0.10s
..[7561.767s][info][gc,start       ] GC(2560) Pause Young (Allocation Failure)
[7561.870s][info][gc,heap        ] GC(2560) PSYoungGen: 2605475K(2621952K)->143924K(2622464K) Eden: 2450944K(2450944K)->0K(2450944K) From: 154531K(171008K)->143924K(171520K)
[7561.870s][info][gc,heap        ] GC(2560) ParOldGen: 5230261K(5230592K)->5325181K(5325312K)
[7561.870s][info][gc,metaspace   ] GC(2560) Metaspace: 29023K(29504K)->29023K(29504K) NonClass: 24151K(24384K)->24151K(24384K) Class: 4871K(5120K)->4871K(5120K)
[7561.870s][info][gc             ] GC(2560) Pause Young (Allocation Failure) 7652M->5340M(7761M) 103.147ms
[7561.870s][info][gc,cpu         ] GC(2560) User=0.58s Sys=0.02s Real=0.11s
.[7563.338s][info][gc,start       ] GC(2561) Pause Young (Allocation Failure)
[7563.443s][info][gc,heap        ] GC(2561) PSYoungGen: 2594868K(2622464K)->158661K(2624000K) Eden: 2450944K(2450944K)->0K(2452992K) From: 143924K(171520K)->158661K(171008K)
[7563.443s][info][gc,heap        ] GC(2561) ParOldGen: 5325181K(5325312K)->5413733K(5413888K)
[7563.443s][info][gc,metaspace   ] GC(2561) Metaspace: 29023K(29504K)->29023K(29504K) NonClass: 24151K(24384K)->24151K(24384K) Class: 4871K(5120K)->4871K(5120K)
[7563.443s][info][gc             ] GC(2561) Pause Young (Allocation Failure) 7734M->5441M(7849M) 105.688ms
[7563.443s][info][gc,cpu         ] GC(2561) User=0.60s Sys=0.02s Real=0.11s
.[7564.898s][info][gc,start       ] GC(2562) Pause Young (Allocation Failure)
[7565.046s][info][gc,heap        ] GC(2562) PSYoungGen: 2611653K(2624000K)->143584K(2624512K) Eden: 2452992K(2452992K)->0K(2452992K) From: 158661K(171008K)->143584K(171520K)
[7565.046s][info][gc,heap        ] GC(2562) ParOldGen: 5413733K(5413888K)->5507741K(5508096K)
[7565.046s][info][gc,metaspace   ] GC(2562) Metaspace: 29023K(29504K)->29023K(29504K) NonClass: 24151K(24384K)->24151K(24384K) Class: 4871K(5120K)->4871K(5120K)
[7565.046s][info][gc             ] GC(2562) Pause Young (Allocation Failure) 7837M->5518M(7942M) 148.483ms
[7565.046s][info][gc,cpu         ] GC(2562) User=0.57s Sys=0.03s Real=0.15s
..[7566.475s][info][gc,start       ] GC(2563) Pause Full (Allocation Failure)
[7566.475s][info][gc,phases,start] GC(2563) Marking Phase
[7566.781s][info][gc,phases      ] GC(2563) Marking Phase 306.567ms
[7566.782s][info][gc,phases,start] GC(2563) Summary Phase
[7566.782s][info][gc,phases      ] GC(2563) Summary Phase 0.095ms
[7566.782s][info][gc,phases,start] GC(2563) Forward
[7566.968s][info][gc,phases      ] GC(2563) Forward 186.709ms
[7566.968s][info][gc,phases,start] GC(2563) Adjust Pointers
[7567.176s][info][gc,phases      ] GC(2563) Adjust Pointers 207.876ms
[7567.176s][info][gc,phases,start] GC(2563) Compaction Phase
[7567.310s][info][gc,phases      ] GC(2563) Compaction Phase 133.279ms
[7567.311s][info][gc,phases,start] GC(2563) Post Compact
[7567.318s][info][gc,phases      ] GC(2563) Post Compact 6.745ms
[7567.440s][info][gc,heap        ] GC(2563) PSYoungGen: 2596576K(2624512K)->0K(2624512K) Eden: 2452992K(2452992K)->0K(2452992K) From: 143584K(171520K)->0K(171520K)
[7567.440s][info][gc,heap        ] GC(2563) ParOldGen: 5507741K(5508096K)->1439539K(1835008K)
[7567.440s][info][gc,metaspace   ] GC(2563) Metaspace: 29023K(29504K)->29023K(29504K) NonClass: 24151K(24384K)->24151K(24384K) Class: 4871K(5120K)->4871K(5120K)
[7567.440s][info][gc             ] GC(2563) Pause Full (Allocation Failure) 7914M->1405M(4355M) 965.268ms
[7567.440s][info][gc,cpu         ] GC(2563) User=4.24s Sys=0.12s Real=0.97s
