[0.002s][info][gc,init] CardTable entry size: 512
[0.002s][info][gc     ] Using G1
[0.009s][info][gc,init] Version: 24-internal-adhoc.thomas.source (release)
[0.009s][info][gc,init] CPUs: 8 total, 6 available
[0.009s][info][gc,init] Memory: 15662M
[0.009s][info][gc,init] Large Page Support: Disabled
[0.009s][info][gc,init] NUMA Support: Disabled
[0.009s][info][gc,init] Compressed Oops: Enabled (Zero based)
[0.009s][info][gc,init] Heap Region Size: 2M
[0.009s][info][gc,init] Heap Min Capacity: 4G
[0.009s][info][gc,init] Heap Initial Capacity: 4G
[0.009s][info][gc,init] Heap Max Capacity: 4G
[0.009s][info][gc,init] Pre-touch: Disabled
[0.009s][info][gc,init] Parallel Workers: 6
[0.009s][info][gc,init] Concurrent Workers: 2
[0.009s][info][gc,init] Concurrent Refinement Workers: 6
[0.009s][info][gc,init] Periodic GC: Disabled
[0.009s][info][gc,metaspace] CDS archive(s) not mapped
[0.009s][info][gc,metaspace] Compressed class space mapped at: 0x000000005c000000-0x000000009c000000, reserved size: 1073741824
[0.009s][info][gc,metaspace] UseCompressedClassPointers 1, UseCompactObjectHeaders 1, narrow klass pointer bits 22, max shift 10
[0.009s][info][gc,metaspace] Narrow klass base: 0x000000005c000000, Narrow klass shift: 9, Narrow klass range: 0x40000000

SPECjbb2015 Java Business Benchmark
 (c) Standard Performance Evaluation Corporation, 2015

Preparing to launch All-in-one SPECjbb2015.

Reading property file: /shared/projects/openjdk/analysis/lilliput-benefits/specjbb/results-COH-ON-Parallel-2/./config/specjbb2015.props

     0s: Enumerating plugins...
     0s:    Connectivity:
     0s:             HTTP_Grizzly: Grizzly HTTP server, JDK HTTP client
     0s:              NIO_Grizzly: Grizzly NIO server, Grizzly NIO client
     0s:               HTTP_Jetty: Jetty HTTP server, JDK HTTP client
     0s:    Snapshot:
     0s:                 InMemory: Stores snapshots in heap memory
     0s:    Data Writers:
     0s:                     Demo: Send all frame to listener
     0s:                   InFile: Writing Data into file
     0s:                   Silent: Drop all frames
     0s: 
     0s: Kit validation is skipped.
     0s: Tests are skipped.
     0s: 
     0s: [0.975s][info][gc,start    ] GC(0) Pause Young (Normal) (G1 Evacuation Pause)
[0.975s][info][gc,task     ] GC(0) Using 6 workers of 6 for evacuation
[0.981s][info][gc,phases   ] GC(0)   Pre Evacuate Collection Set: 0.27ms
[0.981s][info][gc,phases   ] GC(0)   Merge Heap Roots: 0.09ms
[0.981s][info][gc,phases   ] GC(0)   Evacuate Collection Set: 4.22ms
[0.981s][info][gc,phases   ] GC(0)   Post Evacuate Collection Set: 0.46ms
[0.981s][info][gc,phases   ] GC(0)   Other: 0.37ms
[0.981s][info][gc,heap     ] GC(0) Eden regions: 102->0(99)
[0.981s][info][gc,heap     ] GC(0) Survivor regions: 0->3(13)
[0.981s][info][gc,heap     ] GC(0) Old regions: 0->0
[0.981s][info][gc,heap     ] GC(0) Humongous regions: 0->0
[0.981s][info][gc,metaspace] GC(0) Metaspace: 21109K(21312K)->21109K(21312K) NonClass: 17109K(17216K)->17109K(17216K) Class: 3999K(4096K)->3999K(4096K)
[0.981s][info][gc          ] GC(0) Pause Young (Normal) (G1 Evacuation Pause) 204M->4M(4096M) 5.617ms
[0.981s][info][gc,cpu      ] GC(0) User=0.02s Sys=0.02s Real=0.00s
[1.134s][info][gc,start    ] GC(1) Pause Young (Concurrent Start) (Metadata GC Threshold)
[1.134s][info][gc,task     ] GC(1) Using 6 workers of 6 for evacuation
[1.138s][info][gc,phases   ] GC(1)   Pre Evacuate Collection Set: 0.33ms
[1.138s][info][gc,phases   ] GC(1)   Merge Heap Roots: 0.03ms
[1.138s][info][gc,phases   ] GC(1)   Evacuate Collection Set: 2.57ms
[1.138s][info][gc,phases   ] GC(1)   Post Evacuate Collection Set: 0.32ms
[1.138s][info][gc,phases   ] GC(1)   Other: 0.05ms
[1.138s][info][gc,heap     ] GC(1) Eden regions: 47->0(99)
[1.138s][info][gc,heap     ] GC(1) Survivor regions: 3->3(13)
[1.138s][info][gc,heap     ] GC(1) Old regions: 0->0
[1.138s][info][gc,heap     ] GC(1) Humongous regions: 0->0
[1.138s][info][gc,metaspace] GC(1) Metaspace: 21355K(21504K)->21355K(21504K) NonClass: 17335K(17408K)->17335K(17408K) Class: 4019K(4096K)->4019K(4096K)
[1.138s][info][gc          ] GC(1) Pause Young (Concurrent Start) (Metadata GC Threshold) 98M->5M(4096M) 3.427ms
[1.138s][info][gc          ] GC(2) Concurrent Mark Cycle
[1.138s][info][gc,cpu      ] GC(1) User=0.02s Sys=0.00s Real=0.00s
[1.138s][info][gc,marking  ] GC(2) Concurrent Scan Root Regions
[1.139s][info][gc,marking  ] GC(2) Concurrent Scan Root Regions 1.511ms
[1.139s][info][gc,marking  ] GC(2) Concurrent Mark
[1.139s][info][gc,marking  ] GC(2) Concurrent Mark From Roots
[1.139s][info][gc,task     ] GC(2) Using 2 workers of 2 for marking
[1.140s][info][gc,marking  ] GC(2) Concurrent Mark From Roots 0.653ms
[1.140s][info][gc,marking  ] GC(2) Concurrent Preclean
[1.140s][info][gc,marking  ] GC(2) Concurrent Preclean 0.009ms
[1.140s][info][gc,start    ] GC(2) Pause Remark
[1.141s][info][gc          ] GC(2) Pause Remark 6M->6M(4096M) 0.853ms
[1.141s][info][gc,cpu      ] GC(2) User=0.00s Sys=0.00s Real=0.00s
[1.141s][info][gc,marking  ] GC(2) Concurrent Mark 1.600ms
[1.141s][info][gc,marking  ] GC(2) Concurrent Rebuild Remembered Sets and Scrub Regions
[1.141s][info][gc,marking  ] GC(2) Concurrent Rebuild Remembered Sets and Scrub Regions 0.054ms
[1.141s][info][gc,start    ] GC(2) Pause Cleanup
[1.141s][info][gc          ] GC(2) Pause Cleanup 6M->6M(4096M) 0.012ms
[1.141s][info][gc,cpu      ] GC(2) User=0.00s Sys=0.00s Real=0.00s
[1.141s][info][gc,marking  ] GC(2) Concurrent Clear Claimed Marks
[1.141s][info][gc,marking  ] GC(2) Concurrent Clear Claimed Marks 0.011ms
[1.141s][info][gc,marking  ] GC(2) Concurrent Cleanup for Next Mark
[1.147s][info][gc,marking  ] GC(2) Concurrent Cleanup for Next Mark 5.596ms
[1.147s][info][gc          ] GC(2) Concurrent Mark Cycle 8.957ms
Ladies and gentlemen, this is your Controller speaking.
     0s: We are delighted in having you for benchmark run today.
     0s: 
     0s: Binary log file is ./specjbb2015-C-20240908-00001.data.gz
     0s: 
     0s: Performing handshake with all agents ...
     0s: 
     0s:  Agent Group1.TxInjector.CompositeTxInjector has attached to Controller
     0s:  Agent Group1.Backend.CompositeBackend has attached to Controller
     0s: 
     0s: All agents have connected.
     0s: 
     0s: Attached agents info:

Group "Group1"
    TxInjectors:
        CompositeTxInjector, includes { Driver } @ [local in-Java link]
    Backends:
        CompositeBackend, includes { SM(2),SP(2) } @ [local in-Java link]

     0s: Initializing... (init[1.321s][info][gc,start    ] GC(3) Pause Young (Normal) (G1 Evacuation Pause)
[1.321s][info][gc,task     ] GC(3) Using 6 workers of 6 for evacuation
[1.384s][info][gc,phases   ] GC(3)   Pre Evacuate Collection Set: 0.28ms
[1.384s][info][gc,phases   ] GC(3)   Merge Heap Roots: 0.07ms
[1.384s][info][gc,phases   ] GC(3)   Evacuate Collection Set: 61.92ms
[1.384s][info][gc,phases   ] GC(3)   Post Evacuate Collection Set: 0.61ms
[1.384s][info][gc,phases   ] GC(3)   Other: 0.06ms
[1.384s][info][gc,heap     ] GC(3) Eden regions: 99->0(89)
[1.384s][info][gc,heap     ] GC(3) Survivor regions: 3->13(13)
[1.384s][info][gc,heap     ] GC(3) Old regions: 0->54
[1.384s][info][gc,heap     ] GC(3) Humongous regions: 15->15
[1.384s][info][gc,metaspace] GC(3) Metaspace: 22678K(22912K)->22678K(22912K) NonClass: 18417K(18560K)->18417K(18560K) Class: 4261K(4352K)->4261K(4352K)
[1.384s][info][gc          ] GC(3) Pause Young (Normal) (G1 Evacuation Pause) 233M->164M(4096M) 63.073ms
[1.384s][info][gc,cpu      ] GC(3) User=0.31s Sys=0.06s Real=0.07s
[1.597s][info][gc,start    ] GC(4) Pause Young (Normal) (G1 Evacuation Pause)
[1.597s][info][gc,task     ] GC(4) Using 6 workers of 6 for evacuation
[1.676s][info][gc,phases   ] GC(4)   Pre Evacuate Collection Set: 0.26ms
[1.676s][info][gc,phases   ] GC(4)   Merge Heap Roots: 0.24ms
[1.676s][info][gc,phases   ] GC(4)   Evacuate Collection Set: 77.65ms
[1.676s][info][gc,phases   ] GC(4)   Post Evacuate Collection Set: 0.48ms
[1.676s][info][gc,phases   ] GC(4)   Other: 0.05ms
[1.676s][info][gc,heap     ] GC(4) Eden regions: 89->0(89)
[1.676s][info][gc,heap     ] GC(4) Survivor regions: 13->13(13)
[1.676s][info][gc,heap     ] GC(4) Old regions: 54->116
[1.676s][info][gc,heap     ] GC(4) Humongous regions: 19->19
[1.676s][info][gc,metaspace] GC(4) Metaspace: 22713K(22912K)->22713K(22912K) NonClass: 18451K(18560K)->18451K(18560K) Class: 4261K(4352K)->4261K(4352K)
[1.676s][info][gc          ] GC(4) Pause Young (Normal) (G1 Evacuation Pause) 350M->295M(4096M) 78.831ms
[1.676s][info][gc,cpu      ] GC(4) User=0.44s Sys=0.03s Real=0.08s
[1.862s][info][gc,start    ] GC(5) Pause Young (Normal) (G1 Evacuation Pause)
[1.862s][info][gc,task     ] GC(5) Using 6 workers of 6 for evacuation
[1.947s][info][gc,phases   ] GC(5)   Pre Evacuate Collection Set: 0.29ms
[1.947s][info][gc,phases   ] GC(5)   Merge Heap Roots: 0.09ms
[1.947s][info][gc,phases   ] GC(5)   Evacuate Collection Set: 84.28ms
[1.947s][info][gc,phases   ] GC(5)   Post Evacuate Collection Set: 0.21ms
[1.947s][info][gc,phases   ] GC(5)   Other: 0.05ms
[1.947s][info][gc,heap     ] GC(5) Eden regions: 89->0(89)
[1.947s][info][gc,heap     ] GC(5) Survivor regions: 13->13(13)
[1.947s][info][gc,heap     ] GC(5) Old regions: 116->193
[1.947s][info][gc,heap     ] GC(5) Humongous regions: 19->19
[1.947s][info][gc,metaspace] GC(5) Metaspace: 22728K(22912K)->22728K(22912K) NonClass: 18466K(18560K)->18466K(18560K) Class: 4261K(4352K)->4261K(4352K)
[1.947s][info][gc          ] GC(5) Pause Young (Normal) (G1 Evacuation Pause) 473M->450M(4096M) 85.075ms
[1.947s][info][gc,cpu      ] GC(5) User=0.39s Sys=0.03s Real=0.09s
[2.047s][info][gc,start    ] GC(6) Pause Young (Normal) (G1 Evacuation Pause)
[2.047s][info][gc,task     ] GC(6) Using 6 workers of 6 for evacuation
[2.119s][info][gc,phases   ] GC(6)   Pre Evacuate Collection Set: 0.32ms
[2.119s][info][gc,phases   ] GC(6)   Merge Heap Roots: 0.03ms
[2.119s][info][gc,phases   ] GC(6)   Evacuate Collection Set: 71.96ms
[2.119s][info][gc,phases   ] GC(6)   Post Evacuate Collection Set: 0.20ms
[2.119s][info][gc,phases   ] GC(6)   Other: 0.05ms
[2.119s][info][gc,heap     ] GC(6) Eden regions: 89->0(89)
[2.119s][info][gc,heap     ] GC(6) Survivor regions: 13->13(13)
[2.119s][info][gc,heap     ] GC(6) Old regions: 193->271
[2.119s][info][gc,heap     ] GC(6) Humongous regions: 19->19
[2.119s][info][gc,metaspace] GC(6) Metaspace: 22736K(22912K)->22736K(22912K) NonClass: 18474K(18560K)->18474K(18560K) Class: 4261K(4352K)->4261K(4352K)
[2.119s][info][gc          ] GC(6) Pause Young (Normal) (G1 Evacuation Pause) 628M->605M(4096M) 72.681ms
[2.119s][info][gc,cpu      ] GC(6) User=0.38s Sys=0.05s Real=0.07s
[2.155s][info][gc,start    ] GC(7) Pause Young (Normal) (G1 Evacuation Pause)
[2.155s][info][gc,task     ] GC(7) Using 6 workers of 6 for evacuation
[2.226s][info][gc,phases   ] GC(7)   Pre Evacuate Collection Set: 0.30ms
[2.226s][info][gc,phases   ] GC(7)   Merge Heap Roots: 0.03ms
[2.226s][info][gc,phases   ] GC(7)   Evacuate Collection Set: 71.28ms
[2.226s][info][gc,phases   ] GC(7)   Post Evacuate Collection Set: 0.19ms
[2.226s][info][gc,phases   ] GC(7)   Other: 0.05ms
[2.227s][info][gc,heap     ] GC(7) Eden regions: 89->0(89)
[2.227s][info][gc,heap     ] GC(7) Survivor regions: 13->13(13)
[2.227s][info][gc,heap     ] GC(7) Old regions: 271->349
[2.227s][info][gc,heap     ] GC(7) Humongous regions: 19->19
[2.227s][info][gc,metaspace] GC(7) Metaspace: 22749K(22976K)->22749K(22976K) NonClass: 18485K(18560K)->18485K(18560K) Class: 4263K(4416K)->4263K(4416K)
[2.227s][info][gc          ] GC(7) Pause Young (Normal) (G1 Evacuation Pause) 783M->762M(4096M) 71.968ms
[2.227s][info][gc,cpu      ] GC(7) User=0.40s Sys=0.03s Real=0.07s
[2.469s][info][gc,start    ] GC(8) Pause Young (Normal) (G1 Evacuation Pause)
[2.469s][info][gc,task     ] GC(8) Using 6 workers of 6 for evacuation
[2.545s][info][gc,phases   ] GC(8)   Pre Evacuate Collection Set: 0.36ms
[2.545s][info][gc,phases   ] GC(8)   Merge Heap Roots: 0.12ms
[2.545s][info][gc,phases   ] GC(8)   Evacuate Collection Set: 75.77ms
[2.545s][info][gc,phases   ] GC(8)   Post Evacuate Collection Set: 0.26ms
[2.545s][info][gc,phases   ] GC(8)   Other: 0.05ms
[2.545s][info][gc,heap     ] GC(8) Eden regions: 89->0(89)
[2.545s][info][gc,heap     ] GC(8) Survivor regions: 13->13(13)
[2.545s][info][gc,heap     ] GC(8) Old regions: 349->404
[2.545s][info][gc,heap     ] GC(8) Humongous regions: 29->29
[2.545s][info][gc,metaspace] GC(8) Metaspace: 22773K(22976K)->22773K(22976K) NonClass: 18509K(18560K)->18509K(18560K) Class: 4264K(4416K)->4264K(4416K)
[2.545s][info][gc          ] GC(8) Pause Young (Normal) (G1 Evacuation Pause) 960M->891M(4096M) 76.729ms
[2.545s][info][gc,cpu      ] GC(8) User=0.44s Sys=0.02s Real=0.08s
[2.742s][info][gc,start    ] GC(9) Pause Young (Normal) (G1 Evacuation Pause)
[2.742s][info][gc,task     ] GC(9) Using 6 workers of 6 for evacuation
[2.818s][info][gc,phases   ] GC(9)   Pre Evacuate Collection Set: 0.28ms
[2.818s][info][gc,phases   ] GC(9)   Merge Heap Roots: 0.28ms
[2.818s][info][gc,phases   ] GC(9)   Evacuate Collection Set: 75.14ms
[2.818s][info][gc,phases   ] GC(9)   Post Evacuate Collection Set: 0.29ms
[2.818s][info][gc,phases   ] GC(9)   Other: 0.05ms
[2.818s][info][gc,heap     ] GC(9) Eden regions: 89->0(89)
[2.818s][info][gc,heap     ] GC(9) Survivor regions: 13->13(13)
[2.818s][info][gc,heap     ] GC(9) Old regions: 404->450
[2.818s][info][gc,heap     ] GC(9) Humongous regions: 36->36
[2.818s][info][gc,metaspace] GC(9) Metaspace: 22813K(23104K)->22813K(23104K) NonClass: 18547K(18688K)->18547K(18688K) Class: 4266K(4416K)->4266K(4416K)
[2.818s][info][gc          ] GC(9) Pause Young (Normal) (G1 Evacuation Pause) 1083M->998M(4096M) 76.180ms
[2.818s][info][gc,cpu      ] GC(9) User=0.44s Sys=0.01s Real=0.08s
) OK
     2s: 
     2s: Check whether properties are compliant
     2s: (validation=PASSED) Property settings are COMPLIANT.
     2s: 
     2s: Searching for high-bound for max-jOPS possible for this system
     2s: Searching from base IR = 100
     2s:       rampup IR =      0 [reconfig (term) [3.151s][info][gc,start    ] GC(10) Pause Full (System.gc())
[3.151s][info][gc,task     ] GC(10) Using 6 workers of 6 for full compaction
[3.151s][info][gc,phases,start] GC(10) Phase 1: Mark live objects
[3.166s][info][gc,phases      ] GC(10) Phase 1: Mark live objects 15.037ms
[3.166s][info][gc,phases,start] GC(10) Phase 2: Prepare compaction
[3.172s][info][gc,phases      ] GC(10) Phase 2: Prepare compaction 5.951ms
[3.172s][info][gc,phases,start] GC(10) Phase 3: Adjust pointers
[3.180s][info][gc,phases      ] GC(10) Phase 3: Adjust pointers 7.736ms
[3.180s][info][gc,phases,start] GC(10) Phase 4: Compact heap
[3.189s][info][gc,phases      ] GC(10) Phase 4: Compact heap 8.566ms
[3.189s][info][gc,phases,start] GC(10) Phase 5: Reset Metadata
[3.191s][info][gc,phases      ] GC(10) Phase 5: Reset Metadata 2.051ms
[3.195s][info][gc,heap        ] GC(10) Eden regions: 61->0(102)
[3.195s][info][gc,heap        ] GC(10) Survivor regions: 13->0(13)
[3.195s][info][gc,heap        ] GC(10) Old regions: 450->33
[3.195s][info][gc,heap        ] GC(10) Humongous regions: 46->13
[3.195s][info][gc,metaspace   ] GC(10) Metaspace: 23074K(23296K)->23074K(23296K) NonClass: 18766K(18880K)->18766K(18880K) Class: 4307K(4416K)->4307K(4416K)
[3.195s][info][gc             ] GC(10) Pause Full (System.gc()) 1139M->86M(4096M) 44.673ms
[3.195s][info][gc,cpu         ] GC(10) User=0.23s Sys=0.00s Real=0.05s
(init[3.518s][info][gc,start       ] GC(11) Pause Young (Normal) (G1 Evacuation Pause)
[3.518s][info][gc,task        ] GC(11) Using 6 workers of 6 for evacuation
[3.571s][info][gc,phases      ] GC(11)   Pre Evacuate Collection Set: 0.33ms
[3.571s][info][gc,phases      ] GC(11)   Merge Heap Roots: 0.05ms
[3.571s][info][gc,phases      ] GC(11)   Evacuate Collection Set: 52.05ms
[3.571s][info][gc,phases      ] GC(11)   Post Evacuate Collection Set: 0.34ms
[3.571s][info][gc,phases      ] GC(11)   Other: 0.05ms
[3.571s][info][gc,heap        ] GC(11) Eden regions: 102->0(89)
[3.571s][info][gc,heap        ] GC(11) Survivor regions: 0->13(13)
[3.571s][info][gc,heap        ] GC(11) Old regions: 33->90
[3.571s][info][gc,heap        ] GC(11) Humongous regions: 15->15
[3.571s][info][gc,metaspace   ] GC(11) Metaspace: 23079K(23296K)->23079K(23296K) NonClass: 18772K(18880K)->18772K(18880K) Class: 4307K(4416K)->4307K(4416K)
[3.571s][info][gc             ] GC(11) Pause Young (Normal) (G1 Evacuation Pause) 294M->229M(4096M) 52.949ms
[3.571s][info][gc,cpu         ] GC(11) User=0.31s Sys=0.00s Real=0.05s
[3.598s][info][gc,start       ] GC(12) Pause Young (Normal) (G1 Evacuation Pause)
[3.598s][info][gc,task        ] GC(12) Using 6 workers of 6 for evacuation
[3.667s][info][gc,phases      ] GC(12)   Pre Evacuate Collection Set: 0.32ms
[3.667s][info][gc,phases      ] GC(12)   Merge Heap Roots: 0.23ms
[3.667s][info][gc,phases      ] GC(12)   Evacuate Collection Set: 68.60ms
[3.667s][info][gc,phases      ] GC(12)   Post Evacuate Collection Set: 0.20ms
[3.667s][info][gc,phases      ] GC(12)   Other: 0.05ms
[3.667s][info][gc,heap        ] GC(12) Eden regions: 89->0(89)
[3.667s][info][gc,heap        ] GC(12) Survivor regions: 13->13(13)
[3.667s][info][gc,heap        ] GC(12) Old regions: 90->166
[3.667s][info][gc,heap        ] GC(12) Humongous regions: 15->15
[3.667s][info][gc,metaspace   ] GC(12) Metaspace: 23079K(23296K)->23079K(23296K) NonClass: 18772K(18880K)->18772K(18880K) Class: 4307K(4416K)->4307K(4416K)
[3.667s][info][gc             ] GC(12) Pause Young (Normal) (G1 Evacuation Pause) 407M->381M(4096M) 69.521ms
[3.667s][info][gc,cpu         ] GC(12) User=0.41s Sys=0.00s Real=0.07s
[3.689s][info][gc,start       ] GC(13) Pause Young (Normal) (G1 Evacuation Pause)
[3.689s][info][gc,task        ] GC(13) Using 6 workers of 6 for evacuation
[3.752s][info][gc,phases      ] GC(13)   Pre Evacuate Collection Set: 0.31ms
[3.752s][info][gc,phases      ] GC(13)   Merge Heap Roots: 0.08ms
[3.752s][info][gc,phases      ] GC(13)   Evacuate Collection Set: 61.74ms
[3.752s][info][gc,phases      ] GC(13)   Post Evacuate Collection Set: 0.19ms
[3.752s][info][gc,phases      ] GC(13)   Other: 0.06ms
[3.752s][info][gc,heap        ] GC(13) Eden regions: 89->0(89)
[3.752s][info][gc,heap        ] GC(13) Survivor regions: 13->13(13)
[3.752s][info][gc,heap        ] GC(13) Old regions: 166->241
[3.752s][info][gc,heap        ] GC(13) Humongous regions: 15->15
[3.752s][info][gc,metaspace   ] GC(13) Metaspace: 23079K(23296K)->23079K(23296K) NonClass: 18772K(18880K)->18772K(18880K) Class: 4307K(4416K)->4307K(4416K)
[3.752s][info][gc             ] GC(13) Pause Young (Normal) (G1 Evacuation Pause) 559M->532M(4096M) 62.503ms
[3.752s][info][gc,cpu         ] GC(13) User=0.37s Sys=0.00s Real=0.06s
[3.774s][info][gc,start       ] GC(14) Pause Young (Normal) (G1 Evacuation Pause)
[3.774s][info][gc,task        ] GC(14) Using 6 workers of 6 for evacuation
[3.836s][info][gc,phases      ] GC(14)   Pre Evacuate Collection Set: 0.31ms
[3.837s][info][gc,phases      ] GC(14)   Merge Heap Roots: 0.07ms
[3.837s][info][gc,phases      ] GC(14)   Evacuate Collection Set: 61.79ms
[3.837s][info][gc,phases      ] GC(14)   Post Evacuate Collection Set: 0.21ms
[3.837s][info][gc,phases      ] GC(14)   Other: 0.05ms
[3.837s][info][gc,heap        ] GC(14) Eden regions: 89->0(89)
[3.837s][info][gc,heap        ] GC(14) Survivor regions: 13->13(13)
[3.837s][info][gc,heap        ] GC(14) Old regions: 241->317
[3.837s][info][gc,heap        ] GC(14) Humongous regions: 15->15
[3.837s][info][gc,metaspace   ] GC(14) Metaspace: 23079K(23296K)->23079K(23296K) NonClass: 18772K(18880K)->18772K(18880K) Class: 4307K(4416K)->4307K(4416K)
[3.837s][info][gc             ] GC(14) Pause Young (Normal) (G1 Evacuation Pause) 710M->684M(4096M) 62.573ms
[3.837s][info][gc,cpu         ] GC(14) User=0.37s Sys=0.00s Real=0.06s
[4.009s][info][gc,start       ] GC(15) Pause Young (Normal) (G1 Evacuation Pause)
[4.009s][info][gc,task        ] GC(15) Using 6 workers of 6 for evacuation
[4.071s][info][gc,phases      ] GC(15)   Pre Evacuate Collection Set: 0.30ms
[4.071s][info][gc,phases      ] GC(15)   Merge Heap Roots: 0.14ms
[4.071s][info][gc,phases      ] GC(15)   Evacuate Collection Set: 60.76ms
[4.071s][info][gc,phases      ] GC(15)   Post Evacuate Collection Set: 0.30ms
[4.071s][info][gc,phases      ] GC(15)   Other: 0.05ms
[4.071s][info][gc,heap        ] GC(15) Eden regions: 89->0(98)
[4.071s][info][gc,heap        ] GC(15) Survivor regions: 13->13(13)
[4.071s][info][gc,heap        ] GC(15) Old regions: 317->378
[4.071s][info][gc,heap        ] GC(15) Humongous regions: 21->21
[4.071s][info][gc,metaspace   ] GC(15) Metaspace: 23091K(23296K)->23091K(23296K) NonClass: 18783K(18880K)->18783K(18880K) Class: 4307K(4416K)->4307K(4416K)
[4.071s][info][gc             ] GC(15) Pause Young (Normal) (G1 Evacuation Pause) 874M->817M(4096M) 61.695ms
[4.071s][info][gc,cpu         ] GC(15) User=0.37s Sys=0.00s Real=0.06s
[4.219s][info][gc,start       ] GC(16) Pause Young (Normal) (G1 Evacuation Pause)
[4.219s][info][gc,task        ] GC(16) Using 6 workers of 6 for evacuation
[4.294s][info][gc,phases      ] GC(16)   Pre Evacuate Collection Set: 0.29ms
[4.294s][info][gc,phases      ] GC(16)   Merge Heap Roots: 0.25ms
[4.294s][info][gc,phases      ] GC(16)   Evacuate Collection Set: 73.42ms
[4.294s][info][gc,phases      ] GC(16)   Post Evacuate Collection Set: 0.33ms
[4.294s][info][gc,phases      ] GC(16)   Other: 0.05ms
[4.294s][info][gc,heap        ] GC(16) Eden regions: 89->0(104)
[4.294s][info][gc,heap        ] GC(16) Survivor regions: 13->13(13)
[4.294s][info][gc,heap        ] GC(16) Old regions: 378->436
[4.294s][info][gc,heap        ] GC(16) Humongous regions: 32->32
[4.294s][info][gc,metaspace   ] GC(16) Metaspace: 23093K(23296K)->23093K(23296K) NonClass: 18785K(18880K)->18785K(18880K) Class: 4307K(4416K)->4307K(4416K)
[4.294s][info][gc             ] GC(16) Pause Young (Normal) (G1 Evacuation Pause) 1017M->956M(4096M) 74.467ms
[4.294s][info][gc,cpu         ] GC(16) User=0.45s Sys=0.00s Real=0.08s
[4.481s][info][gc,start       ] GC(17) Pause Young (Normal) (G1 Evacuation Pause)
[4.481s][info][gc,task        ] GC(17) Using 6 workers of 6 for evacuation
[4.559s][info][gc,phases      ] GC(17)   Pre Evacuate Collection Set: 0.28ms
[4.559s][info][gc,phases      ] GC(17)   Merge Heap Roots: 0.26ms
[4.559s][info][gc,phases      ] GC(17)   Evacuate Collection Set: 77.38ms
[4.559s][info][gc,phases      ] GC(17)   Post Evacuate Collection Set: 0.27ms
[4.559s][info][gc,phases      ] GC(17)   Other: 0.05ms
[4.559s][info][gc,heap        ] GC(17) Eden regions: 91->0(115)
[4.559s][info][gc,heap        ] GC(17) Survivor regions: 13->13(13)
[4.559s][info][gc,heap        ] GC(17) Old regions: 436->488
[4.559s][info][gc,heap        ] GC(17) Humongous regions: 42->42
[4.559s][info][gc,metaspace   ] GC(17) Metaspace: 23093K(23296K)->23093K(23296K) NonClass: 18785K(18880K)->18785K(18880K) Class: 4307K(4416K)->4307K(4416K)
[4.559s][info][gc             ] GC(17) Pause Young (Normal) (G1 Evacuation Pause) 1158M->1080M(4096M) 78.376ms
[4.559s][info][gc,cpu         ] GC(17) User=0.45s Sys=0.02s Real=0.08s
) ] ... (rIR:aIR:PR = 0:0:0) (tPR = 0) [OK] 
     7s:       rampup IR =     10 ... (rIR:aIR:PR = 10:10:10) (tPR = 963) [OK] 
    10s:       rampup IR =     20 ... (rIR:aIR:PR = 20:16:16) (tPR = 1174) [OK] 
    13s:       rampup IR =     30 .... (rIR:aIR:PR = 30:30:30) (tPR = 2312) [OK] 
    17s:       rampup IR =     40 .... (rIR:aIR:PR = 40:39:39) (tPR = 2624) [OK] 
    21s:       rampup IR =     50 .... (rIR:aIR:PR = 50:46:45) (tPR = 2966) [OK] 
    25s:       rampup IR =     60 ..[27.807s][info][gc,start       ] GC(18) Pause Young (Normal) (G1 Evacuation Pause)
[27.807s][info][gc,task        ] GC(18) Using 6 workers of 6 for evacuation
[27.846s][info][gc,phases      ] GC(18)   Pre Evacuate Collection Set: 0.35ms
[27.846s][info][gc,phases      ] GC(18)   Merge Heap Roots: 0.20ms
[27.846s][info][gc,phases      ] GC(18)   Evacuate Collection Set: 38.07ms
[27.846s][info][gc,phases      ] GC(18)   Post Evacuate Collection Set: 0.33ms
[27.846s][info][gc,phases      ] GC(18)   Other: 0.06ms
[27.846s][info][gc,heap        ] GC(18) Eden regions: 134->0(143)
[27.846s][info][gc,heap        ] GC(18) Survivor regions: 13->15(19)
[27.846s][info][gc,heap        ] GC(18) Old regions: 488->502
[27.846s][info][gc,heap        ] GC(18) Humongous regions: 46->46
[27.846s][info][gc,metaspace   ] GC(18) Metaspace: 25095K(25216K)->25095K(25216K) NonClass: 20609K(20672K)->20609K(20672K) Class: 4486K(4544K)->4486K(4544K)
[27.846s][info][gc             ] GC(18) Pause Young (Normal) (G1 Evacuation Pause) 1356M->1119M(4096M) 39.158ms
[27.846s][info][gc,cpu         ] GC(18) User=0.23s Sys=0.01s Real=0.04s
.. (rIR:aIR:PR = 60:60:58) (tPR = 3954) [OK] 
    29s:       rampup IR =     70 .... (rIR:aIR:PR = 70:69:67) (tPR = 3876) [OK] 
    33s:       rampup IR =     80 .... (rIR:aIR:PR = 80:80:78) (tPR = 4217) [OK] 
    37s:       rampup IR =     90 .... (rIR:aIR:PR = 90:94:92) (tPR = 4935) [OK] 
    41s:       rampup IR =    100 .... (rIR:aIR:PR = 100:104:102) (tPR = 4623) [OK] 
    45s:    snapshot, IR =    100 .[47.400s][info][gc,start       ] GC(19) Pause Young (Normal) (G1 Evacuation Pause)
[47.400s][info][gc,task        ] GC(19) Using 6 workers of 6 for evacuation
[47.429s][info][gc,phases      ] GC(19)   Pre Evacuate Collection Set: 0.37ms
[47.429s][info][gc,phases      ] GC(19)   Merge Heap Roots: 0.19ms
[47.429s][info][gc,phases      ] GC(19)   Evacuate Collection Set: 27.65ms
[47.429s][info][gc,phases      ] GC(19)   Post Evacuate Collection Set: 0.31ms
[47.429s][info][gc,phases      ] GC(19)   Other: 0.07ms
[47.429s][info][gc,heap        ] GC(19) Eden regions: 162->0(219)
[47.429s][info][gc,heap        ] GC(19) Survivor regions: 15->11(23)
[47.429s][info][gc,heap        ] GC(19) Old regions: 502->517
[47.429s][info][gc,heap        ] GC(19) Humongous regions: 46->46
[47.429s][info][gc,metaspace   ] GC(19) Metaspace: 25248K(25408K)->25248K(25408K) NonClass: 20760K(20864K)->20760K(20864K) Class: 4488K(4544K)->4488K(4544K)
[47.429s][info][gc             ] GC(19) Pause Young (Normal) (G1 Evacuation Pause) 1443M->1142M(4096M) 28.737ms
[47.429s][info][gc,cpu         ] GC(19) User=0.16s Sys=0.01s Real=0.03s
...|.......................[73.547s][info][gc,start       ] GC(20) Pause Young (Normal) (G1 Evacuation Pause)
[73.547s][info][gc,task        ] GC(20) Using 6 workers of 6 for evacuation
[73.574s][info][gc,phases      ] GC(20)   Pre Evacuate Collection Set: 0.34ms
[73.574s][info][gc,phases      ] GC(20)   Merge Heap Roots: 0.21ms
[73.574s][info][gc,phases      ] GC(20)   Evacuate Collection Set: 25.74ms
[73.574s][info][gc,phases      ] GC(20)   Post Evacuate Collection Set: 0.32ms
[73.574s][info][gc,phases      ] GC(20)   Other: 0.08ms
[73.574s][info][gc,heap        ] GC(20) Eden regions: 240->0(258)
[73.574s][info][gc,heap        ] GC(20) Survivor regions: 11->24(32)
[73.574s][info][gc,heap        ] GC(20) Old regions: 517->517
[73.574s][info][gc,heap        ] GC(20) Humongous regions: 46->46
[73.574s][info][gc,metaspace   ] GC(20) Metaspace: 27276K(27520K)->27276K(27520K) NonClass: 22458K(22592K)->22458K(22592K) Class: 4817K(4928K)->4817K(4928K)
[73.574s][info][gc             ] GC(20) Pause Young (Normal) (G1 Evacuation Pause) 1622M->1168M(4096M) 26.809ms
[73.574s][info][gc,cpu         ] GC(20) User=0.14s Sys=0.02s Real=0.03s
....... (rIR:aIR:PR = 100:100:98) (tPR = 3178) [OK] 
    79s: Performing snapshot: (quiescence.....) (stop TxI) (stop BE) (saving... 103296 Kb) (term) [86.715s][info][gc,start       ] GC(21) Pause Full (System.gc())
[86.715s][info][gc,task        ] GC(21) Using 6 workers of 6 for full compaction
[86.716s][info][gc,phases,start] GC(21) Phase 1: Mark live objects
[86.731s][info][gc,phases      ] GC(21) Phase 1: Mark live objects 15.616ms
[86.731s][info][gc,phases,start] GC(21) Phase 2: Prepare compaction
[86.734s][info][gc,phases      ] GC(21) Phase 2: Prepare compaction 2.155ms
[86.734s][info][gc,phases,start] GC(21) Phase 3: Adjust pointers
[86.740s][info][gc,phases      ] GC(21) Phase 3: Adjust pointers 6.562ms
[86.740s][info][gc,phases,start] GC(21) Phase 4: Compact heap
[86.742s][info][gc,phases      ] GC(21) Phase 4: Compact heap 2.018ms
[86.742s][info][gc,phases,start] GC(21) Phase 5: Reset Metadata
[86.747s][info][gc,phases      ] GC(21) Phase 5: Reset Metadata 4.272ms
[86.752s][info][gc,heap        ] GC(21) Eden regions: 146->0(300)
[86.752s][info][gc,heap        ] GC(21) Survivor regions: 24->0(32)
[86.752s][info][gc,heap        ] GC(21) Old regions: 517->35
[86.752s][info][gc,heap        ] GC(21) Humongous regions: 331->66
[86.752s][info][gc,metaspace   ] GC(21) Metaspace: 27432K(27648K)->27414K(27648K) NonClass: 22606K(22720K)->22593K(22720K) Class: 4826K(4928K)->4820K(4928K)
[86.752s][info][gc             ] GC(21) Pause Full (System.gc()) 2029M->193M(4096M) 37.109ms
[86.752s][info][gc,cpu         ] GC(21) User=0.18s Sys=0.00s Real=0.04s
(init[87.409s][info][gc,start       ] GC(22) Pause Young (Normal) (G1 Evacuation Pause)
[87.409s][info][gc,task        ] GC(22) Using 6 workers of 6 for evacuation
[87.592s][info][gc,phases      ] GC(22)   Pre Evacuate Collection Set: 0.31ms
[87.592s][info][gc,phases      ] GC(22)   Merge Heap Roots: 0.38ms
[87.592s][info][gc,phases      ] GC(22)   Evacuate Collection Set: 181.99ms
[87.592s][info][gc,phases      ] GC(22)   Post Evacuate Collection Set: 0.36ms
[87.592s][info][gc,phases      ] GC(22)   Other: 0.12ms
[87.592s][info][gc,heap        ] GC(22) Eden regions: 256->0(207)
[87.592s][info][gc,heap        ] GC(22) Survivor regions: 0->32(32)
[87.592s][info][gc,heap        ] GC(22) Old regions: 35->95
[87.592s][info][gc,heap        ] GC(22) Humongous regions: 121->120
[87.592s][info][gc,metaspace   ] GC(22) Metaspace: 27514K(27776K)->27514K(27776K) NonClass: 22685K(22848K)->22685K(22848K) Class: 4829K(4928K)->4829K(4928K)
[87.592s][info][gc             ] GC(22) Pause Young (Normal) (G1 Evacuation Pause) 815M->484M(4096M) 183.293ms
[87.592s][info][gc,cpu         ] GC(22) User=1.06s Sys=0.02s Real=0.18s
[87.834s][info][gc,start       ] GC(23) Pause Young (Normal) (G1 Evacuation Pause)
[87.834s][info][gc,task        ] GC(23) Using 6 workers of 6 for evacuation
[87.978s][info][gc,phases      ] GC(23)   Pre Evacuate Collection Set: 0.29ms
[87.978s][info][gc,phases      ] GC(23)   Merge Heap Roots: 0.36ms
[87.978s][info][gc,phases      ] GC(23)   Evacuate Collection Set: 142.89ms
[87.978s][info][gc,phases      ] GC(23)   Post Evacuate Collection Set: 0.38ms
[87.978s][info][gc,phases      ] GC(23)   Other: 0.06ms
[87.978s][info][gc,heap        ] GC(23) Eden regions: 199->0(201)
[87.978s][info][gc,heap        ] GC(23) Survivor regions: 32->29(29)
[87.978s][info][gc,heap        ] GC(23) Old regions: 95->195
[87.978s][info][gc,heap        ] GC(23) Humongous regions: 121->121
[87.978s][info][gc,metaspace   ] GC(23) Metaspace: 27541K(27776K)->27541K(27776K) NonClass: 22709K(22848K)->22709K(22848K) Class: 4831K(4928K)->4831K(4928K)
[87.978s][info][gc             ] GC(23) Pause Young (Normal) (G1 Evacuation Pause) 884M->681M(4096M) 144.108ms
[87.978s][info][gc,cpu         ] GC(23) User=0.78s Sys=0.00s Real=0.14s
[88.337s][info][gc,start       ] GC(24) Pause Young (Normal) (G1 Evacuation Pause)
[88.337s][info][gc,task        ] GC(24) Using 6 workers of 6 for evacuation
[88.473s][info][gc,phases      ] GC(24)   Pre Evacuate Collection Set: 0.32ms
[88.473s][info][gc,phases      ] GC(24)   Merge Heap Roots: 0.40ms
[88.473s][info][gc,phases      ] GC(24)   Evacuate Collection Set: 134.54ms
[88.473s][info][gc,phases      ] GC(24)   Post Evacuate Collection Set: 0.34ms
[88.473s][info][gc,phases      ] GC(24)   Other: 0.06ms
[88.473s][info][gc,heap        ] GC(24) Eden regions: 190->0(216)
[88.473s][info][gc,heap        ] GC(24) Survivor regions: 29->28(28)
[88.473s][info][gc,heap        ] GC(24) Old regions: 195->271
[88.473s][info][gc,heap        ] GC(24) Humongous regions: 159->157
[88.473s][info][gc,metaspace   ] GC(24) Metaspace: 27547K(27776K)->27547K(27776K) NonClass: 22714K(22848K)->22714K(22848K) Class: 4832K(4928K)->4832K(4928K)
[88.473s][info][gc             ] GC(24) Pause Young (Normal) (G1 Evacuation Pause) 1137M->903M(4096M) 135.775ms
[88.473s][info][gc,cpu         ] GC(24) User=0.80s Sys=0.00s Real=0.14s
[88.673s][info][gc,start       ] GC(25) Pause Young (Normal) (G1 Evacuation Pause)
[88.673s][info][gc,task        ] GC(25) Using 6 workers of 6 for evacuation
[88.844s][info][gc,phases      ] GC(25)   Pre Evacuate Collection Set: 0.35ms
[88.844s][info][gc,phases      ] GC(25)   Merge Heap Roots: 0.29ms
[88.844s][info][gc,phases      ] GC(25)   Evacuate Collection Set: 170.31ms
[88.844s][info][gc,phases      ] GC(25)   Post Evacuate Collection Set: 0.44ms
[88.844s][info][gc,phases      ] GC(25)   Other: 0.06ms
[88.844s][info][gc,heap        ] GC(25) Eden regions: 243->0(168)
[88.844s][info][gc,heap        ] GC(25) Survivor regions: 28->34(34)
[88.844s][info][gc,heap        ] GC(25) Old regions: 271->463
[88.844s][info][gc,heap        ] GC(25) Humongous regions: 160->160
[88.844s][info][gc,metaspace   ] GC(25) Metaspace: 27548K(27776K)->27548K(27776K) NonClass: 22715K(22848K)->22715K(22848K) Class: 4832K(4928K)->4832K(4928K)
[88.844s][info][gc             ] GC(25) Pause Young (Normal) (G1 Evacuation Pause) 1395M->1304M(4096M) 171.624ms
[88.844s][info][gc,cpu         ] GC(25) User=1.01s Sys=0.01s Real=0.17s
) ...
    91s:       rampup IR =      0 ... (rIR:aIR:PR = 0:0:0) (tPR = 0) [OK] 
    94s:       rampup IR =     10 ... (rIR:aIR:PR = 10:11:11) (tPR = 365) [OK] 
    97s:       rampup IR =     20 ... (rIR:aIR:PR = 20:18:18) (tPR = 681) [OK] 
   100s:       rampup IR =     30 .... (rIR:aIR:PR = 30:32:32) (tPR = 731) [OK] 
   104s:       rampup IR =     40 .... (rIR:aIR:PR = 40:38:38) (tPR = 842) [OK] 
   108s:       rampup IR =     50 .... (rIR:aIR:PR = 50:52:51) (tPR = 1200) [OK] 
   112s:       rampup IR =     60 .... (rIR:aIR:PR = 60:62:60) (tPR = 1384) [OK] 
   116s:       rampup IR =     70 .... (rIR:aIR:PR = 70:70:67) (tPR = 1312) [OK] 
   120s:       rampup IR =     80 .... (rIR:aIR:PR = 80:80:78) (tPR = 1473) [OK] 
   124s:       rampup IR =     90 ..[127.149s][info][gc,start       ] GC(26) Pause Young (Normal) (G1 Evacuation Pause)
[127.149s][info][gc,task        ] GC(26) Using 6 workers of 6 for evacuation
[127.235s][info][gc,phases      ] GC(26)   Pre Evacuate Collection Set: 0.36ms
[127.235s][info][gc,phases      ] GC(26)   Merge Heap Roots: 0.54ms
[127.235s][info][gc,phases      ] GC(26)   Evacuate Collection Set: 84.23ms
[127.235s][info][gc,phases      ] GC(26)   Post Evacuate Collection Set: 0.43ms
[127.235s][info][gc,phases      ] GC(26)   Other: 0.07ms
[127.235s][info][gc,heap        ] GC(26) Eden regions: 169->0(207)
[127.235s][info][gc,heap        ] GC(26) Survivor regions: 34->26(26)
[127.235s][info][gc,heap        ] GC(26) Old regions: 463->535
[127.235s][info][gc,heap        ] GC(26) Humongous regions: 160->160
[127.235s][info][gc,metaspace   ] GC(26) Metaspace: 27657K(27904K)->27657K(27904K) NonClass: 22824K(22976K)->22824K(22976K) Class: 4832K(4928K)->4832K(4928K)
[127.235s][info][gc             ] GC(26) Pause Young (Normal) (G1 Evacuation Pause) 1642M->1433M(4096M) 85.743ms
[127.235s][info][gc,cpu         ] GC(26) User=0.51s Sys=0.00s Real=0.09s
.. (rIR:aIR:PR = 90:86:84) (tPR = 1615) [OK] 
   128s:       rampup IR =    100 .... (rIR:aIR:PR = 100:98:95) (tPR = 1754) [OK] 
   132s:       trying IR =    200 ..... (rIR:aIR:PR = 200:203:198) (tPR = 3988) [OK] 
   137s:       trying IR =    220 ..... (rIR:aIR:PR = 220:218:214) (tPR = 4189) [OK] 
   142s:       trying IR =    244 .... (rIR:aIR:PR = 244:249:243) (tPR = 4766) [OK] 
   146s:       trying IR =    273 [147.049s][info][gc,start       ] GC(27) Pause Young (Normal) (G1 Evacuation Pause)
[147.049s][info][gc,task        ] GC(27) Using 6 workers of 6 for evacuation
[147.091s][info][gc,phases      ] GC(27)   Pre Evacuate Collection Set: 0.33ms
[147.091s][info][gc,phases      ] GC(27)   Merge Heap Roots: 0.49ms
[147.092s][info][gc,phases      ] GC(27)   Evacuate Collection Set: 40.86ms
[147.092s][info][gc,phases      ] GC(27)   Post Evacuate Collection Set: 0.46ms
[147.092s][info][gc,phases      ] GC(27)   Other: 0.06ms
[147.092s][info][gc,heap        ] GC(27) Eden regions: 206->0(305)
[147.092s][info][gc,heap        ] GC(27) Survivor regions: 26->17(29)
[147.092s][info][gc,heap        ] GC(27) Old regions: 535->560
[147.092s][info][gc,heap        ] GC(27) Humongous regions: 160->160
[147.092s][info][gc,metaspace   ] GC(27) Metaspace: 27788K(28032K)->27788K(28032K) NonClass: 22954K(23104K)->22954K(23104K) Class: 4834K(4928K)->4834K(4928K)
[147.092s][info][gc             ] GC(27) Pause Young (Normal) (G1 Evacuation Pause) 1845M->1464M(4096M) 42.317ms
[147.092s][info][gc,cpu         ] GC(27) User=0.24s Sys=0.00s Real=0.04s
.... (rIR:aIR:PR = 273:270:265) (tPR = 5048) [OK] 
   150s:       trying IR =    307 ..... (rIR:aIR:PR = 307:305:298) (tPR = 6436) [OK] 
   155s:       trying IR =    349 ...[159.900s][info][gc,start       ] GC(28) Pause Young (Normal) (G1 Evacuation Pause)
[159.900s][info][gc,task        ] GC(28) Using 6 workers of 6 for evacuation
[159.941s][info][gc,phases      ] GC(28)   Pre Evacuate Collection Set: 0.37ms
[159.941s][info][gc,phases      ] GC(28)   Merge Heap Roots: 0.45ms
[159.941s][info][gc,phases      ] GC(28)   Evacuate Collection Set: 39.83ms
[159.941s][info][gc,phases      ] GC(28)   Post Evacuate Collection Set: 0.52ms
[159.941s][info][gc,phases      ] GC(28)   Other: 0.07ms
[159.941s][info][gc,heap        ] GC(28) Eden regions: 309->0(333)
[159.941s][info][gc,heap        ] GC(28) Survivor regions: 17->34(41)
[159.941s][info][gc,heap        ] GC(28) Old regions: 560->560
[159.941s][info][gc,heap        ] GC(28) Humongous regions: 160->160
[159.941s][info][gc,metaspace   ] GC(28) Metaspace: 27840K(28032K)->27840K(28032K) NonClass: 23005K(23104K)->23005K(23104K) Class: 4834K(4928K)->4834K(4928K)
[159.941s][info][gc             ] GC(28) Pause Young (Normal) (G1 Evacuation Pause) 2082M->1498M(4096M) 41.380ms
[159.941s][info][gc,cpu         ] GC(28) User=0.23s Sys=0.01s Real=0.04s
. (rIR:aIR:PR = 349:354:347) (tPR = 5990) [OK] 
   159s:       trying IR =    399 .... (rIR:aIR:PR = 399:398:390) (tPR = 7436) [OK] 
   163s:       trying IR =    458 ..... (rIR:aIR:PR = 458:466:456) (tPR = 8312) [OK] 
   168s:       trying IR =    530 [169.178s][info][gc,start       ] GC(29) Pause Young (Normal) (G1 Evacuation Pause)
[169.178s][info][gc,task        ] GC(29) Using 6 workers of 6 for evacuation
[169.230s][info][gc,phases      ] GC(29)   Pre Evacuate Collection Set: 0.36ms
[169.230s][info][gc,phases      ] GC(29)   Merge Heap Roots: 0.45ms
[169.230s][info][gc,phases      ] GC(29)   Evacuate Collection Set: 51.54ms
[169.230s][info][gc,phases      ] GC(29)   Post Evacuate Collection Set: 0.46ms
[169.230s][info][gc,phases      ] GC(29)   Other: 0.06ms
[169.230s][info][gc,heap        ] GC(29) Eden regions: 332->0(405)
[169.231s][info][gc,heap        ] GC(29) Survivor regions: 34->37(46)
[169.231s][info][gc,heap        ] GC(29) Old regions: 560->575
[169.231s][info][gc,heap        ] GC(29) Humongous regions: 160->160
[169.231s][info][gc,metaspace   ] GC(29) Metaspace: 27884K(28096K)->27884K(28096K) NonClass: 23047K(23168K)->23047K(23168K) Class: 4837K(4928K)->4837K(4928K)
[169.231s][info][gc             ] GC(29) Pause Young (Normal) (G1 Evacuation Pause) 2162M->1535M(4096M) 52.992ms
[169.231s][info][gc,cpu         ] GC(29) User=0.30s Sys=0.01s Real=0.05s
.... (rIR:aIR:PR = 530:531:521) (tPR = 9881) [OK] 
   172s:       trying IR =    616 .... (rIR:aIR:PR = 616:619:606) (tPR = 10067) [OK] 
   176s:       trying IR =    719 [177.803s][info][gc,start       ] GC(30) Pause Young (Normal) (G1 Evacuation Pause)
[177.803s][info][gc,task        ] GC(30) Using 6 workers of 6 for evacuation
[177.860s][info][gc,phases      ] GC(30)   Pre Evacuate Collection Set: 0.35ms
[177.860s][info][gc,phases      ] GC(30)   Merge Heap Roots: 0.40ms
[177.860s][info][gc,phases      ] GC(30)   Evacuate Collection Set: 55.53ms
[177.860s][info][gc,phases      ] GC(30)   Post Evacuate Collection Set: 0.47ms
[177.860s][info][gc,phases      ] GC(30)   Other: 0.08ms
[177.860s][info][gc,heap        ] GC(30) Eden regions: 417->0(461)
[177.860s][info][gc,heap        ] GC(30) Survivor regions: 37->41(57)
[177.860s][info][gc,heap        ] GC(30) Old regions: 575->592
[177.860s][info][gc,heap        ] GC(30) Humongous regions: 160->160
[177.860s][info][gc,metaspace   ] GC(30) Metaspace: 27928K(28160K)->27928K(28160K) NonClass: 23090K(23232K)->23090K(23232K) Class: 4838K(4928K)->4838K(4928K)
[177.860s][info][gc             ] GC(30) Pause Young (Normal) (G1 Evacuation Pause) 2369M->1575M(4096M) 56.951ms
[177.860s][info][gc,cpu         ] GC(30) User=0.32s Sys=0.02s Real=0.05s
.... (rIR:aIR:PR = 719:733:717) (tPR = 13125) [OK] 
   180s:       trying IR =    843 ...[184.929s][info][gc,start       ] GC(31) Pause Young (Normal) (G1 Evacuation Pause)
[184.929s][info][gc,task        ] GC(31) Using 6 workers of 6 for evacuation
[184.989s][info][gc,phases      ] GC(31)   Pre Evacuate Collection Set: 0.35ms
[184.989s][info][gc,phases      ] GC(31)   Merge Heap Roots: 0.37ms
[184.989s][info][gc,phases      ] GC(31)   Evacuate Collection Set: 59.07ms
[184.989s][info][gc,phases      ] GC(31)   Post Evacuate Collection Set: 0.56ms
[184.989s][info][gc,phases      ] GC(31)   Other: 0.07ms
[184.989s][info][gc,heap        ] GC(31) Eden regions: 476->0(526)
[184.989s][info][gc,heap        ] GC(31) Survivor regions: 41->46(65)
[184.989s][info][gc,heap        ] GC(31) Old regions: 592->609
[184.989s][info][gc,heap        ] GC(31) Humongous regions: 160->160
[184.989s][info][gc,metaspace   ] GC(31) Metaspace: 27975K(28160K)->27975K(28160K) NonClass: 23135K(23232K)->23135K(23232K) Class: 4839K(4928K)->4839K(4928K)
[184.989s][info][gc             ] GC(31) Pause Young (Normal) (G1 Evacuation Pause) 2527M->1619M(4096M) 60.556ms
[184.989s][info][gc,cpu         ] GC(31) User=0.34s Sys=0.01s Real=0.06s
. (rIR:aIR:PR = 843:848:832) (tPR = 13957) [OK] 
   184s:       trying IR =    992 .... (rIR:aIR:PR = 992:995:973) (tPR = 17563) [OK] 
   188s:       trying IR =   1170 ..[191.155s][info][gc,start       ] GC(32) Pause Young (Normal) (G1 Evacuation Pause)
[191.155s][info][gc,task        ] GC(32) Using 6 workers of 6 for evacuation
[191.221s][info][gc,phases      ] GC(32)   Pre Evacuate Collection Set: 0.30ms
[191.221s][info][gc,phases      ] GC(32)   Merge Heap Roots: 0.34ms
[191.221s][info][gc,phases      ] GC(32)   Evacuate Collection Set: 64.72ms
[191.221s][info][gc,phases      ] GC(32)   Post Evacuate Collection Set: 0.59ms
[191.221s][info][gc,phases      ] GC(32)   Other: 0.07ms
[191.221s][info][gc,heap        ] GC(32) Eden regions: 537->0(581)
[191.221s][info][gc,heap        ] GC(32) Survivor regions: 46->53(73)
[191.221s][info][gc,heap        ] GC(32) Old regions: 609->628
[191.221s][info][gc,heap        ] GC(32) Humongous regions: 160->160
[191.221s][info][gc,metaspace   ] GC(32) Metaspace: 28011K(28224K)->28011K(28224K) NonClass: 23171K(23296K)->23171K(23296K) Class: 4839K(4928K)->4839K(4928K)
[191.221s][info][gc             ] GC(32) Pause Young (Normal) (G1 Evacuation Pause) 2693M->1672M(4096M) 66.149ms
[191.221s][info][gc,cpu         ] GC(32) User=0.38s Sys=0.02s Real=0.06s
.... (rIR:aIR:PR = 1170:1158:1132) (tPR = 19266) [OK] 
   194s:       trying IR =   1384 .[196.864s][info][gc,start       ] GC(33) Pause Young (Normal) (G1 Evacuation Pause)
[196.864s][info][gc,task        ] GC(33) Using 6 workers of 6 for evacuation
[196.936s][info][gc,phases      ] GC(33)   Pre Evacuate Collection Set: 0.34ms
[196.936s][info][gc,phases      ] GC(33)   Merge Heap Roots: 0.32ms
[196.936s][info][gc,phases      ] GC(33)   Evacuate Collection Set: 70.59ms
[196.936s][info][gc,phases      ] GC(33)   Post Evacuate Collection Set: 0.63ms
[196.936s][info][gc,phases      ] GC(33)   Other: 0.08ms
[196.936s][info][gc,heap        ] GC(33) Eden regions: 593->0(636)
[196.936s][info][gc,heap        ] GC(33) Survivor regions: 53->59(81)
[196.936s][info][gc,heap        ] GC(33) Old regions: 628->648
[196.936s][info][gc,heap        ] GC(33) Humongous regions: 160->160
[196.936s][info][gc,metaspace   ] GC(33) Metaspace: 28108K(28416K)->28108K(28416K) NonClass: 23252K(23424K)->23252K(23424K) Class: 4855K(4992K)->4855K(4992K)
[196.936s][info][gc             ] GC(33) Pause Young (Normal) (G1 Evacuation Pause) 2858M->1724M(4096M) 72.106ms
[196.936s][info][gc,cpu         ] GC(33) User=0.40s Sys=0.02s Real=0.07s
... (rIR:aIR:PR = 1384:1395:1374) (tPR = 24422) [OK] 
   198s:       trying IR =   1641 ..[201.979s][info][gc,start       ] GC(34) Pause Young (Normal) (G1 Evacuation Pause)
[201.979s][info][gc,task        ] GC(34) Using 6 workers of 6 for evacuation
[202.058s][info][gc,phases      ] GC(34)   Pre Evacuate Collection Set: 0.36ms
[202.058s][info][gc,phases      ] GC(34)   Merge Heap Roots: 0.33ms
[202.058s][info][gc,phases      ] GC(34)   Evacuate Collection Set: 77.89ms
[202.058s][info][gc,phases      ] GC(34)   Post Evacuate Collection Set: 0.66ms
[202.058s][info][gc,phases      ] GC(34)   Other: 0.08ms
[202.058s][info][gc,heap        ] GC(34) Eden regions: 646->0(690)
[202.058s][info][gc,heap        ] GC(34) Survivor regions: 59->62(89)
[202.058s][info][gc,heap        ] GC(34) Old regions: 648->672
[202.058s][info][gc,heap        ] GC(34) Humongous regions: 162->162
[202.058s][info][gc,metaspace   ] GC(34) Metaspace: 28123K(28416K)->28123K(28416K) NonClass: 23268K(23424K)->23268K(23424K) Class: 4855K(4992K)->4855K(4992K)
[202.058s][info][gc             ] GC(34) Pause Young (Normal) (G1 Evacuation Pause) 3020M->1783M(4096M) 79.439ms
[202.058s][info][gc,cpu         ] GC(34) User=0.45s Sys=0.02s Real=0.08s
.. (rIR:aIR:PR = 1641:1641:1641) (tPR = 27222) [OK] 
   202s:       trying IR =   1949 ...[206.377s][info][gc,start       ] GC(35) Pause Young (Normal) (G1 Evacuation Pause)
[206.377s][info][gc,task        ] GC(35) Using 6 workers of 6 for evacuation
[206.461s][info][gc,phases      ] GC(35)   Pre Evacuate Collection Set: 0.33ms
[206.461s][info][gc,phases      ] GC(35)   Merge Heap Roots: 0.35ms
[206.461s][info][gc,phases      ] GC(35)   Evacuate Collection Set: 82.58ms
[206.461s][info][gc,phases      ] GC(35)   Post Evacuate Collection Set: 0.69ms
[206.461s][info][gc,phases      ] GC(35)   Other: 0.07ms
[206.461s][info][gc,heap        ] GC(35) Eden regions: 693->0(737)
[206.461s][info][gc,heap        ] GC(35) Survivor regions: 62->68(95)
[206.461s][info][gc,heap        ] GC(35) Old regions: 672->696
[206.461s][info][gc,heap        ] GC(35) Humongous regions: 162->162
[206.461s][info][gc,metaspace   ] GC(35) Metaspace: 28150K(28416K)->28150K(28416K) NonClass: 23295K(23424K)->23295K(23424K) Class: 4855K(4992K)->4855K(4992K)
[206.461s][info][gc             ] GC(35) Pause Young (Normal) (G1 Evacuation Pause) 3169M->1842M(4096M) 84.151ms
[206.461s][info][gc,cpu         ] GC(35) User=0.48s Sys=0.02s Real=0.08s
. (rIR:aIR:PR = 1949:1921:1921) (tPR = 31808) [OK] 
   206s:       trying IR =   2319 ...[210.686s][info][gc,start       ] GC(36) Pause Young (Normal) (G1 Evacuation Pause)
[210.686s][info][gc,task        ] GC(36) Using 6 workers of 6 for evacuation
[210.781s][info][gc,phases      ] GC(36)   Pre Evacuate Collection Set: 0.35ms
[210.781s][info][gc,phases      ] GC(36)   Merge Heap Roots: 0.38ms
[210.781s][info][gc,phases      ] GC(36)   Evacuate Collection Set: 93.38ms
[210.781s][info][gc,phases      ] GC(36)   Post Evacuate Collection Set: 0.71ms
[210.781s][info][gc,phases      ] GC(36)   Other: 0.08ms
[210.781s][info][gc,heap        ] GC(36) Eden regions: 741->0(765)
[210.781s][info][gc,heap        ] GC(36) Survivor regions: 68->75(102)
[210.781s][info][gc,heap        ] GC(36) Old regions: 696->723
[210.781s][info][gc,heap        ] GC(36) Humongous regions: 162->162
[210.781s][info][gc,metaspace   ] GC(36) Metaspace: 28212K(28544K)->28212K(28544K) NonClass: 23352K(23488K)->23352K(23488K) Class: 4860K(5056K)->4860K(5056K)
[210.781s][info][gc             ] GC(36) Pause Young (Normal) (G1 Evacuation Pause) 3324M->1909M(4096M) 95.062ms
[210.781s][info][gc,cpu         ] GC(36) User=0.54s Sys=0.03s Real=0.09s
. (rIR:aIR:PR = 2319:2355:2355) (tPR = 39074) [OK] 
   210s:       trying IR =   2762 ...[214.720s][info][gc,start       ] GC(37) Pause Young (Normal) (G1 Evacuation Pause)
[214.720s][info][gc,task        ] GC(37) Using 6 workers of 6 for evacuation
[214.814s][info][gc,phases      ] GC(37)   Pre Evacuate Collection Set: 0.33ms
[214.814s][info][gc,phases      ] GC(37)   Merge Heap Roots: 0.41ms
[214.814s][info][gc,phases      ] GC(37)   Evacuate Collection Set: 92.72ms
[214.814s][info][gc,phases      ] GC(37)   Post Evacuate Collection Set: 0.73ms
[214.814s][info][gc,phases      ] GC(37)   Other: 0.08ms
[214.814s][info][gc,heap        ] GC(37) Eden regions: 765->0(776)
[214.814s][info][gc,heap        ] GC(37) Survivor regions: 75->78(105)
[214.814s][info][gc,heap        ] GC(37) Old regions: 723->750
[214.814s][info][gc,heap        ] GC(37) Humongous regions: 162->162
[214.814s][info][gc,metaspace   ] GC(37) Metaspace: 28311K(28608K)->28311K(28608K) NonClass: 23443K(23552K)->23443K(23552K) Class: 4868K(5056K)->4868K(5056K)
[214.814s][info][gc             ] GC(37) Pause Young (Normal) (G1 Evacuation Pause) 3439M->1971M(4096M) 94.420ms
[214.814s][info][gc,cpu         ] GC(37) User=0.54s Sys=0.02s Real=0.10s
. (rIR:aIR:PR = 2762:2767:2767) (tPR = 44904) [OK] 
   214s:       trying IR =   3295 ...[218.349s][info][gc,start       ] GC(38) Pause Young (Normal) (G1 Evacuation Pause)
[218.349s][info][gc,task        ] GC(38) Using 6 workers of 6 for evacuation
[218.445s][info][gc,phases      ] GC(38)   Pre Evacuate Collection Set: 0.33ms
[218.445s][info][gc,phases      ] GC(38)   Merge Heap Roots: 0.44ms
[218.445s][info][gc,phases      ] GC(38)   Evacuate Collection Set: 94.39ms
[218.445s][info][gc,phases      ] GC(38)   Post Evacuate Collection Set: 0.86ms
[218.445s][info][gc,phases      ] GC(38)   Other: 0.08ms
[218.445s][info][gc,heap        ] GC(38) Eden regions: 776->0(779)
[218.445s][info][gc,heap        ] GC(38) Survivor regions: 78->81(107)
[218.445s][info][gc,heap        ] GC(38) Old regions: 750->779
[218.445s][info][gc,heap        ] GC(38) Humongous regions: 162->162
[218.445s][info][gc,metaspace   ] GC(38) Metaspace: 28591K(28928K)->28591K(28928K) NonClass: 23709K(23872K)->23709K(23872K) Class: 4882K(5056K)->4882K(5056K)
[218.445s][info][gc             ] GC(38) Pause Young (Normal) (G1 Evacuation Pause) 3523M->2035M(4096M) 96.252ms
[218.445s][info][gc,cpu         ] GC(38) User=0.56s Sys=0.02s Real=0.10s
. (rIR:aIR:PR = 3295:3297:3296) (tPR = 49570) [OK] 
   218s:       trying IR =   3934 ..[221.596s][info][gc,start       ] GC(39) Pause Young (Concurrent Start) (G1 Evacuation Pause)
[221.596s][info][gc,task        ] GC(39) Using 6 workers of 6 for evacuation
[221.698s][info][gc,phases      ] GC(39)   Pre Evacuate Collection Set: 0.40ms
[221.698s][info][gc,phases      ] GC(39)   Merge Heap Roots: 0.46ms
[221.698s][info][gc,phases      ] GC(39)   Evacuate Collection Set: 100.29ms
[221.698s][info][gc,phases      ] GC(39)   Post Evacuate Collection Set: 0.80ms
[221.698s][info][gc,phases      ] GC(39)   Other: 0.10ms
[221.698s][info][gc,heap        ] GC(39) Eden regions: 779->0(776)
[221.698s][info][gc,heap        ] GC(39) Survivor regions: 81->87(108)
[221.698s][info][gc,heap        ] GC(39) Old regions: 779->809
[221.698s][info][gc,heap        ] GC(39) Humongous regions: 162->162
[221.698s][info][gc,metaspace   ] GC(39) Metaspace: 28672K(28992K)->28672K(28992K) NonClass: 23790K(23936K)->23790K(23936K) Class: 4882K(5056K)->4882K(5056K)
[221.698s][info][gc             ] GC(39) Pause Young (Concurrent Start) (G1 Evacuation Pause) 3593M->2105M(4096M) 102.169ms
[221.698s][info][gc             ] GC(40) Concurrent Mark Cycle
[221.698s][info][gc,marking     ] GC(40) Concurrent Scan Root Regions
[221.699s][info][gc,cpu         ] GC(39) User=0.60s Sys=0.01s Real=0.10s
[221.824s][info][gc,marking     ] GC(40) Concurrent Scan Root Regions 125.130ms
[221.824s][info][gc,marking     ] GC(40) Concurrent Mark
[221.824s][info][gc,marking     ] GC(40) Concurrent Mark From Roots
[221.824s][info][gc,task        ] GC(40) Using 2 workers of 2 for marking
.[222.455s][info][gc,marking     ] GC(40) Concurrent Mark From Roots 631.522ms
[222.455s][info][gc,marking     ] GC(40) Concurrent Preclean
[222.455s][info][gc,marking     ] GC(40) Concurrent Preclean 0.052ms
[222.455s][info][gc,start       ] GC(40) Pause Remark
[222.462s][info][gc             ] GC(40) Pause Remark 2536M->2216M(4096M) 6.089ms
[222.462s][info][gc,cpu         ] GC(40) User=0.02s Sys=0.00s Real=0.00s
[222.462s][info][gc,marking     ] GC(40) Concurrent Mark 637.932ms
[222.462s][info][gc,marking     ] GC(40) Concurrent Rebuild Remembered Sets and Scrub Regions
[222.723s][info][gc,marking     ] GC(40) Concurrent Rebuild Remembered Sets and Scrub Regions 261.027ms
[222.723s][info][gc,start       ] GC(40) Pause Cleanup
[222.723s][info][gc             ] GC(40) Pause Cleanup 2323M->2323M(4096M) 0.248ms
[222.723s][info][gc,cpu         ] GC(40) User=0.00s Sys=0.00s Real=0.00s
[222.723s][info][gc,marking     ] GC(40) Concurrent Clear Claimed Marks
[222.723s][info][gc,marking     ] GC(40) Concurrent Clear Claimed Marks 0.038ms
[222.723s][info][gc,marking     ] GC(40) Concurrent Cleanup for Next Mark
[222.728s][info][gc,marking     ] GC(40) Concurrent Cleanup for Next Mark 4.477ms
[222.728s][info][gc             ] GC(40) Concurrent Mark Cycle 1029.321ms
. (rIR:aIR:PR = 3934:3923:3923) (tPR = 58946) [OK] 
   222s:       trying IR =   4701 .[224.573s][info][gc,start       ] GC(41) Pause Young (Prepare Mixed) (G1 Evacuation Pause)
[224.573s][info][gc,task        ] GC(41) Using 6 workers of 6 for evacuation
[224.669s][info][gc,phases      ] GC(41)   Pre Evacuate Collection Set: 0.34ms
[224.669s][info][gc,phases      ] GC(41)   Merge Heap Roots: 0.42ms
[224.669s][info][gc,phases      ] GC(41)   Evacuate Collection Set: 94.47ms
[224.669s][info][gc,phases      ] GC(41)   Post Evacuate Collection Set: 0.90ms
[224.669s][info][gc,phases      ] GC(41)   Other: 0.09ms
[224.669s][info][gc,heap        ] GC(41) Eden regions: 776->0(844)
[224.669s][info][gc,heap        ] GC(41) Survivor regions: 87->86(108)
[224.669s][info][gc,heap        ] GC(41) Old regions: 734->764
[224.669s][info][gc,heap        ] GC(41) Humongous regions: 77->77
[224.669s][info][gc,metaspace   ] GC(41) Metaspace: 28684K(28992K)->28684K(28992K) NonClass: 23802K(23936K)->23802K(23936K) Class: 4882K(5056K)->4882K(5056K)
[224.670s][info][gc             ] GC(41) Pause Young (Prepare Mixed) (G1 Evacuation Pause) 3337M->1845M(4096M) 96.345ms
[224.670s][info][gc,cpu         ] GC(41) User=0.57s Sys=0.00s Real=0.09s
... (rIR:aIR:PR = 4701:4689:4689) (tPR = 73344) [OK] 
   226s:       trying IR =   5621 [227.349s][info][gc,start       ] GC(42) Pause Young (Mixed) (G1 Evacuation Pause)
[227.349s][info][gc,task        ] GC(42) Using 6 workers of 6 for evacuation
[227.459s][info][gc,phases      ] GC(42)   Pre Evacuate Collection Set: 0.35ms
[227.459s][info][gc,phases      ] GC(42)   Merge Heap Roots: 0.59ms
[227.459s][info][gc,phases      ] GC(42)   Evacuate Collection Set: 107.23ms
[227.459s][info][gc,phases      ] GC(42)   Post Evacuate Collection Set: 1.10ms
[227.459s][info][gc,phases      ] GC(42)   Other: 0.11ms
[227.459s][info][gc,heap        ] GC(42) Eden regions: 826->0(861)
[227.459s][info][gc,heap        ] GC(42) Survivor regions: 86->87(114)
[227.459s][info][gc,heap        ] GC(42) Old regions: 764->751
[227.459s][info][gc,heap        ] GC(42) Humongous regions: 77->77
[227.459s][info][gc,metaspace   ] GC(42) Metaspace: 28685K(28992K)->28685K(28992K) NonClass: 23802K(23936K)->23802K(23936K) Class: 4883K(5056K)->4883K(5056K)
[227.459s][info][gc             ] GC(42) Pause Young (Mixed) (G1 Evacuation Pause) 3497M->1826M(4096M) 109.511ms
[227.459s][info][gc,cpu         ] GC(42) User=0.64s Sys=0.01s Real=0.11s
..[229.880s][info][gc,start       ] GC(43) Pause Young (Mixed) (G1 Evacuation Pause)
[229.880s][info][gc,task        ] GC(43) Using 6 workers of 6 for evacuation
[229.992s][info][gc,phases      ] GC(43)   Pre Evacuate Collection Set: 0.39ms
[229.992s][info][gc,phases      ] GC(43)   Merge Heap Roots: 0.60ms
[229.992s][info][gc,phases      ] GC(43)   Evacuate Collection Set: 109.88ms
[229.992s][info][gc,phases      ] GC(43)   Merge Optional Heap Roots: 0.02ms
[229.992s][info][gc,phases      ] GC(43)   Evacuate Optional Collection Set: 0.18ms
[229.992s][info][gc,phases      ] GC(43)   Post Evacuate Collection Set: 1.07ms
[229.992s][info][gc,phases      ] GC(43)   Other: 0.11ms
[229.992s][info][gc,heap        ] GC(43) Eden regions: 844->0(878)
[229.992s][info][gc,heap        ] GC(43) Survivor regions: 87->94(117)
[229.992s][info][gc,heap        ] GC(43) Old regions: 751->735
[229.992s][info][gc,heap        ] GC(43) Humongous regions: 77->77
[229.992s][info][gc,metaspace   ] GC(43) Metaspace: 28710K(28992K)->28710K(28992K) NonClass: 23827K(23936K)->23827K(23936K) Class: 4883K(5056K)->4883K(5056K)
[229.992s][info][gc             ] GC(43) Pause Young (Mixed) (G1 Evacuation Pause) 3514M->1809M(4096M) 112.406ms
[229.992s][info][gc,cpu         ] GC(43) User=0.66s Sys=0.01s Real=0.11s
.. (rIR:aIR:PR = 5621:5662:5662) (tPR = 84309) [OK] 
   230s:       trying IR =   6725 .[232.262s][info][gc,start       ] GC(44) Pause Young (Mixed) (G1 Evacuation Pause)
[232.262s][info][gc,task        ] GC(44) Using 6 workers of 6 for evacuation
[232.375s][info][gc,phases      ] GC(44)   Pre Evacuate Collection Set: 0.35ms
[232.375s][info][gc,phases      ] GC(44)   Merge Heap Roots: 0.59ms
[232.375s][info][gc,phases      ] GC(44)   Evacuate Collection Set: 109.87ms
[232.375s][info][gc,phases      ] GC(44)   Merge Optional Heap Roots: 0.04ms
[232.375s][info][gc,phases      ] GC(44)   Evacuate Optional Collection Set: 0.33ms
[232.375s][info][gc,phases      ] GC(44)   Post Evacuate Collection Set: 1.09ms
[232.375s][info][gc,phases      ] GC(44)   Other: 0.11ms
[232.375s][info][gc,heap        ] GC(44) Eden regions: 876->0(564)
[232.375s][info][gc,heap        ] GC(44) Survivor regions: 94->93(122)
[232.375s][info][gc,heap        ] GC(44) Old regions: 735->714
[232.375s][info][gc,heap        ] GC(44) Humongous regions: 77->77
[232.375s][info][gc,metaspace   ] GC(44) Metaspace: 28714K(28992K)->28714K(28992K) NonClass: 23831K(23936K)->23831K(23936K) Class: 4883K(5056K)->4883K(5056K)
[232.375s][info][gc             ] GC(44) Pause Young (Mixed) (G1 Evacuation Pause) 3561M->1763M(4096M) 112.524ms
[232.375s][info][gc,cpu         ] GC(44) User=0.66s Sys=0.01s Real=0.12s
.[233.696s][info][gc,start       ] GC(45) Pause Young (Mixed) (G1 Evacuation Pause)
[233.696s][info][gc,task        ] GC(45) Using 6 workers of 6 for evacuation
[233.803s][info][gc,phases      ] GC(45)   Pre Evacuate Collection Set: 0.33ms
[233.803s][info][gc,phases      ] GC(45)   Merge Heap Roots: 0.61ms
[233.803s][info][gc,phases      ] GC(45)   Evacuate Collection Set: 104.83ms
[233.803s][info][gc,phases      ] GC(45)   Post Evacuate Collection Set: 0.89ms
[233.803s][info][gc,phases      ] GC(45)   Other: 0.08ms
[233.803s][info][gc,heap        ] GC(45) Eden regions: 621->0(911)
[233.803s][info][gc,heap        ] GC(45) Survivor regions: 93->43(90)
[233.803s][info][gc,heap        ] GC(45) Old regions: 714->746
[233.803s][info][gc,heap        ] GC(45) Humongous regions: 77->77
[233.803s][info][gc,metaspace   ] GC(45) Metaspace: 28743K(29056K)->28743K(29056K) NonClass: 23860K(24000K)->23860K(24000K) Class: 4883K(5056K)->4883K(5056K)
[233.803s][info][gc             ] GC(45) Pause Young (Mixed) (G1 Evacuation Pause) 3005M->1728M(4096M) 106.858ms
[233.803s][info][gc,cpu         ] GC(45) User=0.63s Sys=0.00s Real=0.11s
.. (rIR:aIR:PR = 6725:6674:6676) (tPR = 99154) [OK] 
   234s:       trying IR =   8050 [235.861s][info][gc,start       ] GC(46) Pause Young (Mixed) (G1 Evacuation Pause)
[235.861s][info][gc,task        ] GC(46) Using 6 workers of 6 for evacuation
[235.952s][info][gc,phases      ] GC(46)   Pre Evacuate Collection Set: 0.36ms
[235.952s][info][gc,phases      ] GC(46)   Merge Heap Roots: 0.64ms
[235.952s][info][gc,phases      ] GC(46)   Evacuate Collection Set: 88.77ms
[235.952s][info][gc,phases      ] GC(46)   Merge Optional Heap Roots: 0.03ms
[235.952s][info][gc,phases      ] GC(46)   Evacuate Optional Collection Set: 0.39ms
[235.952s][info][gc,phases      ] GC(46)   Post Evacuate Collection Set: 1.08ms
[235.952s][info][gc,phases      ] GC(46)   Other: 0.11ms
[235.952s][info][gc,heap        ] GC(46) Eden regions: 911->0(931)
[235.952s][info][gc,heap        ] GC(46) Survivor regions: 43->88(120)
[235.952s][info][gc,heap        ] GC(46) Old regions: 746->681
[235.952s][info][gc,heap        ] GC(46) Humongous regions: 77->77
[235.952s][info][gc,metaspace   ] GC(46) Metaspace: 28744K(29056K)->28744K(29056K) NonClass: 23861K(24000K)->23861K(24000K) Class: 4883K(5056K)->4883K(5056K)
[235.952s][info][gc             ] GC(46) Pause Young (Mixed) (G1 Evacuation Pause) 3550M->1687M(4096M) 91.522ms
[235.952s][info][gc,cpu         ] GC(46) User=0.55s Sys=0.00s Real=0.10s
..[237.781s][info][gc,start       ] GC(47) Pause Young (Mixed) (G1 Evacuation Pause)
[237.782s][info][gc,task        ] GC(47) Using 6 workers of 6 for evacuation
[237.907s][info][gc,phases      ] GC(47)   Pre Evacuate Collection Set: 0.35ms
[237.907s][info][gc,phases      ] GC(47)   Merge Heap Roots: 0.96ms
[237.907s][info][gc,phases      ] GC(47)   Evacuate Collection Set: 121.62ms
[237.907s][info][gc,phases      ] GC(47)   Merge Optional Heap Roots: 0.07ms
[237.907s][info][gc,phases      ] GC(47)   Evacuate Optional Collection Set: 1.56ms
[237.907s][info][gc,phases      ] GC(47)   Post Evacuate Collection Set: 0.90ms
[237.907s][info][gc,phases      ] GC(47)   Other: 0.10ms
[237.907s][info][gc,heap        ] GC(47) Eden regions: 931->0(966)
[237.907s][info][gc,heap        ] GC(47) Survivor regions: 88->99(128)
[237.907s][info][gc,heap        ] GC(47) Old regions: 681->626
[237.907s][info][gc,heap        ] GC(47) Humongous regions: 77->77
[237.907s][info][gc,metaspace   ] GC(47) Metaspace: 28752K(29056K)->28752K(29056K) NonClass: 23869K(24000K)->23869K(24000K) Class: 4883K(5056K)->4883K(5056K)
[237.907s][info][gc             ] GC(47) Pause Young (Mixed) (G1 Evacuation Pause) 3549M->1601M(4096M) 125.710ms
[237.907s][info][gc,cpu         ] GC(47) User=0.74s Sys=0.00s Real=0.13s
.. (rIR:aIR:PR = 8050:8070:8079) (tPR = 118505) [OK] 
   238s:       trying IR =   9640 [239.727s][info][gc,start       ] GC(48) Pause Young (Mixed) (G1 Evacuation Pause)
[239.727s][info][gc,task        ] GC(48) Using 6 workers of 6 for evacuation
[239.840s][info][gc,phases      ] GC(48)   Pre Evacuate Collection Set: 0.34ms
[239.840s][info][gc,phases      ] GC(48)   Merge Heap Roots: 0.52ms
[239.840s][info][gc,phases      ] GC(48)   Evacuate Collection Set: 111.29ms
[239.840s][info][gc,phases      ] GC(48)   Post Evacuate Collection Set: 0.89ms
[239.840s][info][gc,phases      ] GC(48)   Other: 0.09ms
[239.840s][info][gc,heap        ] GC(48) Eden regions: 966->0(969)
[239.840s][info][gc,heap        ] GC(48) Survivor regions: 99->100(134)
[239.840s][info][gc,heap        ] GC(48) Old regions: 626->643
[239.840s][info][gc,heap        ] GC(48) Humongous regions: 77->77
[239.840s][info][gc,metaspace   ] GC(48) Metaspace: 28753K(29056K)->28753K(29056K) NonClass: 23870K(24000K)->23870K(24000K) Class: 4883K(5056K)->4883K(5056K)
[239.840s][info][gc             ] GC(48) Pause Young (Mixed) (G1 Evacuation Pause) 3533M->1637M(4096M) 113.255ms
[239.840s][info][gc,cpu         ] GC(48) User=0.68s Sys=0.01s Real=0.11s
..[241.469s][info][gc,start       ] GC(49) Pause Young (Normal) (G1 Evacuation Pause)
[241.469s][info][gc,task        ] GC(49) Using 6 workers of 6 for evacuation
[241.579s][info][gc,phases      ] GC(49)   Pre Evacuate Collection Set: 0.33ms
[241.580s][info][gc,phases      ] GC(49)   Merge Heap Roots: 0.42ms
[241.580s][info][gc,phases      ] GC(49)   Evacuate Collection Set: 109.13ms
[241.580s][info][gc,phases      ] GC(49)   Post Evacuate Collection Set: 0.85ms
[241.580s][info][gc,phases      ] GC(49)   Other: 0.08ms
[241.580s][info][gc,heap        ] GC(49) Eden regions: 969->0(966)
[241.580s][info][gc,heap        ] GC(49) Survivor regions: 100->104(134)
[241.580s][info][gc,heap        ] GC(49) Old regions: 643->673
[241.580s][info][gc,heap        ] GC(49) Humongous regions: 77->77
[241.580s][info][gc,metaspace   ] GC(49) Metaspace: 28755K(29056K)->28755K(29056K) NonClass: 23872K(24000K)->23872K(24000K) Class: 4883K(5056K)->4883K(5056K)
[241.580s][info][gc             ] GC(49) Pause Young (Normal) (G1 Evacuation Pause) 3575M->1704M(4096M) 110.969ms
[241.580s][info][gc,cpu         ] GC(49) User=0.66s Sys=0.00s Real=0.11s
.. (rIR:aIR:PR = 9640:9351:9354) (tPR = 144994) [OK] 
   242s:       trying IR =  11548 [243.244s][info][gc,start       ] GC(50) Pause Young (Normal) (G1 Evacuation Pause)
[243.244s][info][gc,task        ] GC(50) Using 6 workers of 6 for evacuation
[243.356s][info][gc,phases      ] GC(50)   Pre Evacuate Collection Set: 0.33ms
[243.356s][info][gc,phases      ] GC(50)   Merge Heap Roots: 0.43ms
[243.356s][info][gc,phases      ] GC(50)   Evacuate Collection Set: 110.30ms
[243.356s][info][gc,phases      ] GC(50)   Post Evacuate Collection Set: 0.90ms
[243.356s][info][gc,phases      ] GC(50)   Other: 0.08ms
[243.356s][info][gc,heap        ] GC(50) Eden regions: 966->0(959)
[243.356s][info][gc,heap        ] GC(50) Survivor regions: 104->102(134)
[243.356s][info][gc,heap        ] GC(50) Old regions: 673->704
[243.356s][info][gc,heap        ] GC(50) Humongous regions: 77->77
[243.356s][info][gc,metaspace   ] GC(50) Metaspace: 28773K(29056K)->28773K(29056K) NonClass: 23890K(24000K)->23890K(24000K) Class: 4883K(5056K)->4883K(5056K)
[243.356s][info][gc             ] GC(50) Pause Young (Normal) (G1 Evacuation Pause) 3636M->1764M(4096M) 112.180ms
[243.356s][info][gc,cpu         ] GC(50) User=0.67s Sys=0.00s Real=0.11s
.[244.656s][info][gc,start       ] GC(51) Pause Young (Normal) (G1 Evacuation Pause)
[244.656s][info][gc,task        ] GC(51) Using 6 workers of 6 for evacuation
[244.773s][info][gc,phases      ] GC(51)   Pre Evacuate Collection Set: 0.33ms
[244.773s][info][gc,phases      ] GC(51)   Merge Heap Roots: 0.42ms
[244.773s][info][gc,phases      ] GC(51)   Evacuate Collection Set: 115.52ms
[244.773s][info][gc,phases      ] GC(51)   Post Evacuate Collection Set: 0.81ms
[244.773s][info][gc,phases      ] GC(51)   Other: 0.09ms
[244.773s][info][gc,heap        ] GC(51) Eden regions: 959->0(916)
[244.773s][info][gc,heap        ] GC(51) Survivor regions: 102->108(133)
[244.773s][info][gc,heap        ] GC(51) Old regions: 704->736
[244.773s][info][gc,heap        ] GC(51) Humongous regions: 77->77
[244.773s][info][gc,metaspace   ] GC(51) Metaspace: 28784K(29056K)->28784K(29056K) NonClass: 23900K(24000K)->23900K(24000K) Class: 4883K(5056K)->4883K(5056K)
[244.774s][info][gc             ] GC(51) Pause Young (Normal) (G1 Evacuation Pause) 3682M->1840M(4096M) 117.304ms
[244.774s][info][gc,cpu         ] GC(51) User=0.70s Sys=0.00s Real=0.12s
.[246.011s][info][gc,start       ] GC(52) Pause Young (Normal) (G1 Evacuation Pause)
[246.011s][info][gc,task        ] GC(52) Using 6 workers of 6 for evacuation
[246.117s][info][gc,phases      ] GC(52)   Pre Evacuate Collection Set: 0.33ms
[246.117s][info][gc,phases      ] GC(52)   Merge Heap Roots: 0.45ms
[246.118s][info][gc,phases      ] GC(52)   Evacuate Collection Set: 105.17ms
[246.118s][info][gc,phases      ] GC(52)   Post Evacuate Collection Set: 0.80ms
[246.118s][info][gc,phases      ] GC(52)   Other: 0.07ms
[246.118s][info][gc,heap        ] GC(52) Eden regions: 916->0(930)
[246.118s][info][gc,heap        ] GC(52) Survivor regions: 108->56(128)
[246.118s][info][gc,heap        ] GC(52) Old regions: 736->809
[246.118s][info][gc,heap        ] GC(52) Humongous regions: 77->77
[246.118s][info][gc,metaspace   ] GC(52) Metaspace: 28791K(29120K)->28791K(29120K) NonClass: 23908K(24064K)->23908K(24064K) Class: 4883K(5056K)->4883K(5056K)
[246.118s][info][gc             ] GC(52) Pause Young (Normal) (G1 Evacuation Pause) 3672M->1881M(4096M) 106.941ms
[246.118s][info][gc,cpu         ] GC(52) User=0.64s Sys=0.00s Real=0.11s
..[247.396s][info][gc,start       ] GC(53) Pause Young (Normal) (G1 Evacuation Pause)
[247.396s][info][gc,task        ] GC(53) Using 6 workers of 6 for evacuation
[247.480s][info][gc,phases      ] GC(53)   Pre Evacuate Collection Set: 0.35ms
[247.480s][info][gc,phases      ] GC(53)   Merge Heap Roots: 0.40ms
[247.480s][info][gc,phases      ] GC(53)   Evacuate Collection Set: 82.29ms
[247.480s][info][gc,phases      ] GC(53)   Post Evacuate Collection Set: 0.77ms
[247.480s][info][gc,phases      ] GC(53)   Other: 0.08ms
[247.480s][info][gc,heap        ] GC(53) Eden regions: 930->0(865)
[247.480s][info][gc,heap        ] GC(53) Survivor regions: 56->97(124)
[247.480s][info][gc,heap        ] GC(53) Old regions: 809->809
[247.480s][info][gc,heap        ] GC(53) Humongous regions: 77->77
[247.480s][info][gc,metaspace   ] GC(53) Metaspace: 28792K(29120K)->28792K(29120K) NonClass: 23908K(24064K)->23908K(24064K) Class: 4883K(5056K)->4883K(5056K)
[247.480s][info][gc             ] GC(53) Pause Young (Normal) (G1 Evacuation Pause) 3741M->1963M(4096M) 84.020ms
[247.480s][info][gc,cpu         ] GC(53) User=0.50s Sys=0.00s Real=0.08s
.[248.630s][info][gc,start       ] GC(54) Pause Young (Normal) (G1 Evacuation Pause)
[248.630s][info][gc,task        ] GC(54) Using 6 workers of 6 for evacuation
[248.744s][info][gc,phases      ] GC(54)   Pre Evacuate Collection Set: 0.32ms
[248.744s][info][gc,phases      ] GC(54)   Merge Heap Roots: 0.41ms
[248.744s][info][gc,phases      ] GC(54)   Evacuate Collection Set: 111.71ms
[248.744s][info][gc,phases      ] GC(54)   Post Evacuate Collection Set: 0.73ms
[248.744s][info][gc,phases      ] GC(54)   Other: 0.07ms
[248.744s][info][gc,heap        ] GC(54) Eden regions: 865->0(822)
[248.744s][info][gc,heap        ] GC(54) Survivor regions: 97->102(121)
[248.744s][info][gc,heap        ] GC(54) Old regions: 809->842
[248.744s][info][gc,heap        ] GC(54) Humongous regions: 77->77
[248.744s][info][gc,metaspace   ] GC(54) Metaspace: 28796K(29120K)->28796K(29120K) NonClass: 23913K(24064K)->23913K(24064K) Class: 4883K(5056K)->4883K(5056K)
[248.744s][info][gc             ] GC(54) Pause Young (Normal) (G1 Evacuation Pause) 3693M->2040M(4096M) 113.377ms
[248.744s][info][gc,cpu         ] GC(54) User=0.68s Sys=0.00s Real=0.12s
. (rIR:aIR:PR = 11548:11353:11191) (tPR = 168177) [OK] 
   249s:       trying IR =  13837 [249.928s][info][gc,start       ] GC(55) Pause Young (Normal) (G1 Evacuation Pause)
[249.928s][info][gc,task        ] GC(55) Using 6 workers of 6 for evacuation
[250.044s][info][gc,phases      ] GC(55)   Pre Evacuate Collection Set: 0.34ms
[250.044s][info][gc,phases      ] GC(55)   Merge Heap Roots: 0.40ms
[250.044s][info][gc,phases      ] GC(55)   Evacuate Collection Set: 113.77ms
[250.044s][info][gc,phases      ] GC(55)   Post Evacuate Collection Set: 0.77ms
[250.044s][info][gc,phases      ] GC(55)   Other: 0.08ms
[250.044s][info][gc,heap        ] GC(55) Eden regions: 822->0(829)
[250.044s][info][gc,heap        ] GC(55) Survivor regions: 102->63(116)
[250.044s][info][gc,heap        ] GC(55) Old regions: 842->913
[250.044s][info][gc,heap        ] GC(55) Humongous regions: 77->77
[250.044s][info][gc,metaspace   ] GC(55) Metaspace: 28796K(29120K)->28796K(29120K) NonClass: 23913K(24064K)->23913K(24064K) Class: 4883K(5056K)->4883K(5056K)
[250.044s][info][gc             ] GC(55) Pause Young (Normal) (G1 Evacuation Pause) 3684M->2102M(4096M) 115.484ms
[250.044s][info][gc,cpu         ] GC(55) User=0.65s Sys=0.00s Real=0.12s
.[251.140s][info][gc,start       ] GC(56) Pause Young (Concurrent Start) (G1 Evacuation Pause)
[251.140s][info][gc,task        ] GC(56) Using 6 workers of 6 for evacuation
[251.224s][info][gc,phases      ] GC(56)   Pre Evacuate Collection Set: 0.38ms
[251.224s][info][gc,phases      ] GC(56)   Merge Heap Roots: 0.36ms
[251.224s][info][gc,phases      ] GC(56)   Evacuate Collection Set: 82.76ms
[251.224s][info][gc,phases      ] GC(56)   Post Evacuate Collection Set: 0.57ms
[251.224s][info][gc,phases      ] GC(56)   Other: 0.09ms
[251.224s][info][gc,heap        ] GC(56) Eden regions: 829->0(806)
[251.224s][info][gc,heap        ] GC(56) Survivor regions: 63->55(112)
[251.224s][info][gc,heap        ] GC(56) Old regions: 913->952
[251.224s][info][gc,heap        ] GC(56) Humongous regions: 77->77
[251.224s][info][gc,metaspace   ] GC(56) Metaspace: 28797K(29120K)->28797K(29120K) NonClass: 23913K(24064K)->23913K(24064K) Class: 4883K(5056K)->4883K(5056K)
[251.224s][info][gc             ] GC(56) Pause Young (Concurrent Start) (G1 Evacuation Pause) 3760M->2166M(4096M) 84.308ms
[251.224s][info][gc             ] GC(57) Concurrent Mark Cycle
[251.224s][info][gc,marking     ] GC(57) Concurrent Scan Root Regions
[251.224s][info][gc,cpu         ] GC(56) User=0.50s Sys=0.00s Real=0.09s
[251.350s][info][gc,marking     ] GC(57) Concurrent Scan Root Regions 125.951ms
[251.350s][info][gc,marking     ] GC(57) Concurrent Mark
[251.351s][info][gc,marking     ] GC(57) Concurrent Mark From Roots
[251.351s][info][gc,task        ] GC(57) Using 2 workers of 2 for marking
.[252.402s][info][gc,marking     ] GC(57) Concurrent Mark From Roots 1051.955ms
[252.403s][info][gc,marking     ] GC(57) Concurrent Preclean
[252.403s][info][gc,marking     ] GC(57) Concurrent Preclean 0.235ms
[252.403s][info][gc,start       ] GC(57) Pause Remark
[252.409s][info][gc             ] GC(57) Pause Remark 3052M->3026M(4096M) 5.447ms
[252.409s][info][gc,cpu         ] GC(57) User=0.02s Sys=0.00s Real=0.00s
[252.409s][info][gc,marking     ] GC(57) Concurrent Mark 1058.548ms
[252.409s][info][gc,marking     ] GC(57) Concurrent Rebuild Remembered Sets and Scrub Regions
[252.838s][info][gc,start       ] GC(58) Pause Young (Normal) (G1 Evacuation Pause)
[252.838s][info][gc,task        ] GC(58) Using 6 workers of 6 for evacuation
[252.968s][info][gc,phases      ] GC(58)   Pre Evacuate Collection Set: 0.30ms
[252.968s][info][gc,phases      ] GC(58)   Merge Heap Roots: 0.38ms
[252.968s][info][gc,phases      ] GC(58)   Evacuate Collection Set: 128.30ms
[252.968s][info][gc,phases      ] GC(58)   Post Evacuate Collection Set: 0.80ms
[252.968s][info][gc,phases      ] GC(58)   Other: 0.09ms
[252.968s][info][gc,heap        ] GC(58) Eden regions: 806->0(774)
[252.968s][info][gc,heap        ] GC(58) Survivor regions: 55->57(108)
[252.968s][info][gc,heap        ] GC(58) Old regions: 939->980
[252.968s][info][gc,heap        ] GC(58) Humongous regions: 77->77
[252.968s][info][gc,metaspace   ] GC(58) Metaspace: 28797K(29120K)->28797K(29120K) NonClass: 23914K(24064K)->23914K(24064K) Class: 4883K(5056K)->4883K(5056K)
[252.968s][info][gc             ] GC(58) Pause Young (Normal) (G1 Evacuation Pause) 3752M->2226M(4096M) 129.986ms
[252.968s][info][gc,cpu         ] GC(58) User=0.50s Sys=0.00s Real=0.13s
[253.183s][info][gc,marking     ] GC(57) Concurrent Rebuild Remembered Sets and Scrub Regions 774.368ms
[253.184s][info][gc,start       ] GC(57) Pause Cleanup
[253.184s][info][gc             ] GC(57) Pause Cleanup 2518M->2518M(4096M) 0.337ms
[253.184s][info][gc,cpu         ] GC(57) User=0.00s Sys=0.00s Real=0.00s
[253.185s][info][gc,marking     ] GC(57) Concurrent Clear Claimed Marks
[253.185s][info][gc,marking     ] GC(57) Concurrent Clear Claimed Marks 0.036ms
[253.185s][info][gc,marking     ] GC(57) Concurrent Cleanup for Next Mark
[253.384s][info][gc,marking     ] GC(57) Concurrent Cleanup for Next Mark 199.849ms
[253.384s][info][gc             ] GC(57) Concurrent Mark Cycle 2160.040ms
.[254.098s][info][gc,start       ] GC(59) Pause Young (Prepare Mixed) (G1 Evacuation Pause)
[254.098s][info][gc,task        ] GC(59) Using 6 workers of 6 for evacuation
[254.178s][info][gc,phases      ] GC(59)   Pre Evacuate Collection Set: 0.33ms
[254.178s][info][gc,phases      ] GC(59)   Merge Heap Roots: 0.43ms
[254.178s][info][gc,phases      ] GC(59)   Evacuate Collection Set: 78.51ms
[254.178s][info][gc,phases      ] GC(59)   Post Evacuate Collection Set: 0.81ms
[254.178s][info][gc,phases      ] GC(59)   Other: 0.09ms
[254.178s][info][gc,heap        ] GC(59) Eden regions: 774->0(745)
[254.178s][info][gc,heap        ] GC(59) Survivor regions: 57->53(104)
[254.178s][info][gc,heap        ] GC(59) Old regions: 980->1017
[254.178s][info][gc,heap        ] GC(59) Humongous regions: 77->77
[254.178s][info][gc,metaspace   ] GC(59) Metaspace: 28797K(29120K)->28797K(29120K) NonClass: 23914K(24064K)->23914K(24064K) Class: 4883K(5056K)->4883K(5056K)
[254.178s][info][gc             ] GC(59) Pause Young (Prepare Mixed) (G1 Evacuation Pause) 3774M->2290M(4096M) 80.317ms
[254.178s][info][gc,cpu         ] GC(59) User=0.48s Sys=0.00s Real=0.08s
.[255.087s][info][gc,start       ] GC(60) Pause Young (Mixed) (G1 Evacuation Pause)
[255.087s][info][gc,task        ] GC(60) Using 6 workers of 6 for evacuation
[255.177s][info][gc,phases      ] GC(60)   Pre Evacuate Collection Set: 0.42ms
[255.177s][info][gc,phases      ] GC(60)   Merge Heap Roots: 0.49ms
[255.177s][info][gc,phases      ] GC(60)   Evacuate Collection Set: 87.57ms
[255.177s][info][gc,phases      ] GC(60)   Post Evacuate Collection Set: 0.88ms
[255.177s][info][gc,phases      ] GC(60)   Other: 0.10ms
[255.177s][info][gc,heap        ] GC(60) Eden regions: 745->0(888)
[255.177s][info][gc,heap        ] GC(60) Survivor regions: 53->62(100)
[255.177s][info][gc,heap        ] GC(60) Old regions: 1017->850
[255.177s][info][gc,heap        ] GC(60) Humongous regions: 77->77
[255.177s][info][gc,metaspace   ] GC(60) Metaspace: 28798K(29120K)->28798K(29120K) NonClass: 23914K(24064K)->23914K(24064K) Class: 4883K(5056K)->4883K(5056K)
[255.177s][info][gc             ] GC(60) Pause Young (Mixed) (G1 Evacuation Pause) 3780M->1975M(4096M) 89.596ms
[255.177s][info][gc,cpu         ] GC(60) User=0.53s Sys=0.00s Real=0.09s
.[256.284s][info][gc,start       ] GC(61) Pause Young (Mixed) (G1 Evacuation Pause)
[256.284s][info][gc,task        ] GC(61) Using 6 workers of 6 for evacuation
[256.389s][info][gc,phases      ] GC(61)   Pre Evacuate Collection Set: 0.40ms
[256.389s][info][gc,phases      ] GC(61)   Merge Heap Roots: 0.64ms
[256.389s][info][gc,phases      ] GC(61)   Evacuate Collection Set: 102.57ms
[256.389s][info][gc,phases      ] GC(61)   Post Evacuate Collection Set: 1.00ms
[256.389s][info][gc,phases      ] GC(61)   Other: 0.10ms
[256.389s][info][gc,heap        ] GC(61) Eden regions: 888->0(1015)
[256.389s][info][gc,heap        ] GC(61) Survivor regions: 62->63(119)
[256.389s][info][gc,heap        ] GC(61) Old regions: 850->698
[256.389s][info][gc,heap        ] GC(61) Humongous regions: 77->77
[256.389s][info][gc,metaspace   ] GC(61) Metaspace: 28798K(29120K)->28798K(29120K) NonClass: 23914K(24064K)->23914K(24064K) Class: 4883K(5056K)->4883K(5056K)
[256.389s][info][gc             ] GC(61) Pause Young (Mixed) (G1 Evacuation Pause) 3751M->1672M(4096M) 104.844ms
[256.389s][info][gc,cpu         ] GC(61) User=0.63s Sys=0.00s Real=0.10s
.[257.989s][info][gc,start       ] GC(62) Pause Young (Mixed) (G1 Evacuation Pause)
[257.989s][info][gc,task        ] GC(62) Using 6 workers of 6 for evacuation
[258.110s][info][gc,phases      ] GC(62)   Pre Evacuate Collection Set: 0.35ms
[258.110s][info][gc,phases      ] GC(62)   Merge Heap Roots: 1.01ms
[258.110s][info][gc,phases      ] GC(62)   Evacuate Collection Set: 118.87ms
[258.110s][info][gc,phases      ] GC(62)   Post Evacuate Collection Set: 0.98ms
[258.110s][info][gc,phases      ] GC(62)   Other: 0.12ms
[258.110s][info][gc,heap        ] GC(62) Eden regions: 1015->0(1029)
[258.110s][info][gc,heap        ] GC(62) Survivor regions: 63->99(135)
[258.110s][info][gc,heap        ] GC(62) Old regions: 698->597
[258.110s][info][gc,heap        ] GC(62) Humongous regions: 77->77
[258.110s][info][gc,metaspace   ] GC(62) Metaspace: 28800K(29120K)->28800K(29120K) NonClass: 23917K(24064K)->23917K(24064K) Class: 4883K(5056K)->4883K(5056K)
[258.110s][info][gc             ] GC(62) Pause Young (Mixed) (G1 Evacuation Pause) 3702M->1542M(4096M) 121.462ms
[258.110s][info][gc,cpu         ] GC(62) User=0.72s Sys=0.00s Real=0.12s
.[259.413s][info][gc,start       ] GC(63) Pause Young (Normal) (G1 Evacuation Pause)
[259.413s][info][gc,task        ] GC(63) Using 6 workers of 6 for evacuation
[259.534s][info][gc,phases      ] GC(63)   Pre Evacuate Collection Set: 0.34ms
[259.534s][info][gc,phases      ] GC(63)   Merge Heap Roots: 0.45ms
[259.534s][info][gc,phases      ] GC(63)   Evacuate Collection Set: 119.02ms
[259.534s][info][gc,phases      ] GC(63)   Post Evacuate Collection Set: 0.91ms
[259.534s][info][gc,phases      ] GC(63)   Other: 0.09ms
[259.534s][info][gc,heap        ] GC(63) Eden regions: 1029->0(1010)
[259.534s][info][gc,heap        ] GC(63) Survivor regions: 99->115(141)
[259.534s][info][gc,heap        ] GC(63) Old regions: 597->628
[259.534s][info][gc,heap        ] GC(63) Humongous regions: 77->77
[259.534s][info][gc,metaspace   ] GC(63) Metaspace: 28800K(29120K)->28800K(29120K) NonClass: 23917K(24064K)->23917K(24064K) Class: 4883K(5056K)->4883K(5056K)
[259.534s][info][gc             ] GC(63) Pause Young (Normal) (G1 Evacuation Pause) 3600M->1636M(4096M) 120.955ms
[259.534s][info][gc,cpu         ] GC(63) User=0.72s Sys=0.00s Real=0.12s
.[260.657s][info][gc,start       ] GC(64) Pause Young (Normal) (G1 Evacuation Pause)
[260.657s][info][gc,task        ] GC(64) Using 6 workers of 6 for evacuation
[260.777s][info][gc,phases      ] GC(64)   Pre Evacuate Collection Set: 0.33ms
[260.777s][info][gc,phases      ] GC(64)   Merge Heap Roots: 0.47ms
[260.777s][info][gc,phases      ] GC(64)   Evacuate Collection Set: 117.56ms
[260.777s][info][gc,phases      ] GC(64)   Post Evacuate Collection Set: 0.90ms
[260.777s][info][gc,phases      ] GC(64)   Other: 0.08ms
[260.777s][info][gc,heap        ] GC(64) Eden regions: 1010->0(998)
[260.777s][info][gc,heap        ] GC(64) Survivor regions: 115->76(141)
[260.777s][info][gc,heap        ] GC(64) Old regions: 628->696
[260.777s][info][gc,heap        ] GC(64) Humongous regions: 77->77
[260.777s][info][gc,metaspace   ] GC(64) Metaspace: 28804K(29120K)->28804K(29120K) NonClass: 23921K(24064K)->23921K(24064K) Class: 4883K(5056K)->4883K(5056K)
[260.777s][info][gc             ] GC(64) Pause Young (Normal) (G1 Evacuation Pause) 3656M->1695M(4096M) 119.457ms
[260.777s][info][gc,cpu         ] GC(64) User=0.71s Sys=0.00s Real=0.12s
.[262.164s][info][gc,start       ] GC(65) Pause Young (Normal) (G1 Evacuation Pause)
[262.164s][info][gc,task        ] GC(65) Using 6 workers of 6 for evacuation
[262.269s][info][gc,phases      ] GC(65)   Pre Evacuate Collection Set: 0.34ms
[262.269s][info][gc,phases      ] GC(65)   Merge Heap Roots: 0.42ms
[262.269s][info][gc,phases      ] GC(65)   Evacuate Collection Set: 103.31ms
[262.269s][info][gc,phases      ] GC(65)   Post Evacuate Collection Set: 0.81ms
[262.269s][info][gc,phases      ] GC(65)   Other: 0.07ms
[262.269s][info][gc,heap        ] GC(65) Eden regions: 998->0(968)
[262.269s][info][gc,heap        ] GC(65) Survivor regions: 76->69(135)
[262.269s][info][gc,heap        ] GC(65) Old regions: 696->750
[262.269s][info][gc,heap        ] GC(65) Humongous regions: 77->77
[262.269s][info][gc,metaspace   ] GC(65) Metaspace: 28804K(29120K)->28804K(29120K) NonClass: 23921K(24064K)->23921K(24064K) Class: 4883K(5056K)->4883K(5056K)
[262.269s][info][gc             ] GC(65) Pause Young (Normal) (G1 Evacuation Pause) 3691M->1788M(4096M) 105.088ms
[262.269s][info][gc,cpu         ] GC(65) User=0.62s Sys=0.00s Real=0.10s
.[263.546s][info][gc,start       ] GC(66) Pause Young (Normal) (G1 Evacuation Pause)
[263.546s][info][gc,task        ] GC(66) Using 6 workers of 6 for evacuation
[263.657s][info][gc,phases      ] GC(66)   Pre Evacuate Collection Set: 0.33ms
[263.657s][info][gc,phases      ] GC(66)   Merge Heap Roots: 0.42ms
[263.657s][info][gc,phases      ] GC(66)   Evacuate Collection Set: 109.27ms
[263.657s][info][gc,phases      ] GC(66)   Post Evacuate Collection Set: 0.80ms
[263.657s][info][gc,phases      ] GC(66)   Other: 0.07ms
[263.657s][info][gc,heap        ] GC(66) Eden regions: 968->0(911)
[263.657s][info][gc,heap        ] GC(66) Survivor regions: 69->77(130)
[263.657s][info][gc,heap        ] GC(66) Old regions: 750->802
[263.657s][info][gc,heap        ] GC(66) Humongous regions: 77->77
[263.657s][info][gc,metaspace   ] GC(66) Metaspace: 28804K(29120K)->28804K(29120K) NonClass: 23921K(24064K)->23921K(24064K) Class: 4883K(5056K)->4883K(5056K)
[263.657s][info][gc             ] GC(66) Pause Young (Normal) (G1 Evacuation Pause) 3724M->1909M(4096M) 111.023ms
[263.657s][info][gc,cpu         ] GC(66) User=0.66s Sys=0.00s Real=0.11s
.[264.849s][info][gc,start       ] GC(67) Pause Young (Normal) (G1 Evacuation Pause)
[264.849s][info][gc,task        ] GC(67) Using 6 workers of 6 for evacuation
[264.981s][info][gc,phases      ] GC(67)   Pre Evacuate Collection Set: 0.37ms
[264.981s][info][gc,phases      ] GC(67)   Merge Heap Roots: 0.50ms
[264.981s][info][gc,phases      ] GC(67)   Evacuate Collection Set: 129.56ms
[264.981s][info][gc,phases      ] GC(67)   Post Evacuate Collection Set: 0.71ms
[264.981s][info][gc,phases      ] GC(67)   Other: 0.86ms
[264.981s][info][gc,heap        ] GC(67) Eden regions: 911->0(891)
[264.981s][info][gc,heap        ] GC(67) Survivor regions: 77->62(124)
[264.981s][info][gc,heap        ] GC(67) Old regions: 802->846
[264.981s][info][gc,heap        ] GC(67) Humongous regions: 77->77
[264.982s][info][gc,metaspace   ] GC(67) Metaspace: 28806K(29120K)->28806K(29120K) NonClass: 23923K(24064K)->23923K(24064K) Class: 4883K(5056K)->4883K(5056K)
[264.982s][info][gc             ] GC(67) Pause Young (Normal) (G1 Evacuation Pause) 3731M->1967M(4096M) 132.133ms
[264.982s][info][gc,cpu         ] GC(67) User=0.51s Sys=0.00s Real=0.13s
.[266.163s][info][gc,start       ] GC(68) Pause Young (Concurrent Start) (G1 Evacuation Pause)
[266.163s][info][gc,task        ] GC(68) Using 6 workers of 6 for evacuation
[266.262s][info][gc,phases      ] GC(68)   Pre Evacuate Collection Set: 0.38ms
[266.262s][info][gc,phases      ] GC(68)   Merge Heap Roots: 0.42ms
[266.262s][info][gc,phases      ] GC(68)   Evacuate Collection Set: 96.99ms
[266.262s][info][gc,phases      ] GC(68)   Post Evacuate Collection Set: 0.82ms
[266.262s][info][gc,phases      ] GC(68)   Other: 0.12ms
[266.262s][info][gc,heap        ] GC(68) Eden regions: 891->0(798)
[266.262s][info][gc,heap        ] GC(68) Survivor regions: 62->112(120)
[266.262s][info][gc,heap        ] GC(68) Old regions: 846->846
[266.262s][info][gc,heap        ] GC(68) Humongous regions: 77->77
[266.262s][info][gc,metaspace   ] GC(68) Metaspace: 28807K(29120K)->28807K(29120K) NonClass: 23923K(24064K)->23923K(24064K) Class: 4883K(5056K)->4883K(5056K)
[266.262s][info][gc             ] GC(68) Pause Young (Concurrent Start) (G1 Evacuation Pause) 3749M->2068M(4096M) 98.852ms
[266.262s][info][gc             ] GC(69) Concurrent Mark Cycle
[266.262s][info][gc,marking     ] GC(69) Concurrent Scan Root Regions
[266.262s][info][gc,cpu         ] GC(68) User=0.59s Sys=0.00s Real=0.09s
[266.410s][info][gc,marking     ] GC(69) Concurrent Scan Root Regions 148.594ms
[266.410s][info][gc,marking     ] GC(69) Concurrent Mark
[266.410s][info][gc,marking     ] GC(69) Concurrent Mark From Roots
[266.410s][info][gc,task        ] GC(69) Using 2 workers of 2 for marking
.[267.748s][info][gc,start       ] GC(70) Pause Young (Normal) (G1 Evacuation Pause)
[267.748s][info][gc,task        ] GC(70) Using 6 workers of 6 for evacuation
[267.862s][info][gc,phases      ] GC(70)   Pre Evacuate Collection Set: 0.32ms
[267.862s][info][gc,phases      ] GC(70)   Merge Heap Roots: 0.43ms
[267.862s][info][gc,phases      ] GC(70)   Evacuate Collection Set: 112.56ms
[267.862s][info][gc,phases      ] GC(70)   Post Evacuate Collection Set: 0.70ms
[267.862s][info][gc,phases      ] GC(70)   Other: 0.07ms
[267.862s][info][gc,heap        ] GC(70) Eden regions: 798->0(825)
[267.862s][info][gc,heap        ] GC(70) Survivor regions: 112->59(114)
[267.862s][info][gc,heap        ] GC(70) Old regions: 846->925
[267.862s][info][gc,heap        ] GC(70) Humongous regions: 77->77
[267.862s][info][gc,metaspace   ] GC(70) Metaspace: 28807K(29120K)->28807K(29120K) NonClass: 23923K(24064K)->23923K(24064K) Class: 4883K(5056K)->4883K(5056K)
[267.862s][info][gc             ] GC(70) Pause Young (Normal) (G1 Evacuation Pause) 3664M->2118M(4096M) 114.208ms
[267.862s][info][gc,cpu         ] GC(70) User=0.68s Sys=0.00s Real=0.11s
.[268.773s][info][gc,marking     ] GC(69) Concurrent Mark From Roots 2362.080ms
[268.773s][info][gc,marking     ] GC(69) Concurrent Preclean
[268.773s][info][gc,marking     ] GC(69) Concurrent Preclean 0.079ms
[268.778s][info][gc,start       ] GC(69) Pause Remark
[268.782s][info][gc             ] GC(69) Pause Remark 3228M->3226M(4096M) 3.908ms
[268.782s][info][gc,cpu         ] GC(69) User=0.02s Sys=0.00s Real=0.00s
[268.782s][info][gc,marking     ] GC(69) Concurrent Mark 2371.551ms
[268.782s][info][gc,marking     ] GC(69) Concurrent Rebuild Remembered Sets and Scrub Regions
[269.254s][info][gc,start       ] GC(71) Pause Young (Normal) (G1 Evacuation Pause)
[269.254s][info][gc,task        ] GC(71) Using 6 workers of 6 for evacuation
[269.347s][info][gc,phases      ] GC(71)   Pre Evacuate Collection Set: 0.31ms
[269.347s][info][gc,phases      ] GC(71)   Merge Heap Roots: 0.41ms
[269.347s][info][gc,phases      ] GC(71)   Evacuate Collection Set: 91.95ms
[269.347s][info][gc,phases      ] GC(71)   Post Evacuate Collection Set: 0.82ms
[269.347s][info][gc,phases      ] GC(71)   Other: 0.09ms
[269.347s][info][gc,heap        ] GC(71) Eden regions: 825->0(771)
[269.347s][info][gc,heap        ] GC(71) Survivor regions: 59->67(111)
[269.347s][info][gc,heap        ] GC(71) Old regions: 924->963
[269.347s][info][gc,heap        ] GC(71) Humongous regions: 77->77
[269.347s][info][gc,metaspace   ] GC(71) Metaspace: 28808K(29120K)->28808K(29120K) NonClass: 23925K(24064K)->23925K(24064K) Class: 4883K(5056K)->4883K(5056K)
[269.347s][info][gc             ] GC(71) Pause Young (Normal) (G1 Evacuation Pause) 3766M->2210M(4096M) 93.724ms
[269.347s][info][gc,cpu         ] GC(71) User=0.55s Sys=0.00s Real=0.09s
[269.561s][info][gc,marking     ] GC(69) Concurrent Rebuild Remembered Sets and Scrub Regions 779.260ms
[269.561s][info][gc,start       ] GC(69) Pause Cleanup
[269.562s][info][gc             ] GC(69) Pause Cleanup 2439M->2439M(4096M) 0.285ms
[269.562s][info][gc,cpu         ] GC(69) User=0.00s Sys=0.00s Real=0.00s
[269.563s][info][gc,marking     ] GC(69) Concurrent Clear Claimed Marks
[269.563s][info][gc,marking     ] GC(69) Concurrent Clear Claimed Marks 0.047ms
[269.563s][info][gc,marking     ] GC(69) Concurrent Cleanup for Next Mark
[269.568s][info][gc,marking     ] GC(69) Concurrent Cleanup for Next Mark 4.453ms
[269.568s][info][gc             ] GC(69) Concurrent Mark Cycle 3305.918ms
.[270.351s][info][gc,start       ] GC(72) Pause Young (Prepare Mixed) (G1 Evacuation Pause)
[270.351s][info][gc,task        ] GC(72) Using 6 workers of 6 for evacuation
[270.441s][info][gc,phases      ] GC(72)   Pre Evacuate Collection Set: 0.30ms
[270.441s][info][gc,phases      ] GC(72)   Merge Heap Roots: 0.46ms
[270.441s][info][gc,phases      ] GC(72)   Evacuate Collection Set: 88.49ms
[270.441s][info][gc,phases      ] GC(72)   Post Evacuate Collection Set: 0.75ms
[270.441s][info][gc,phases      ] GC(72)   Other: 0.10ms
[270.441s][info][gc,heap        ] GC(72) Eden regions: 771->0(744)
[270.441s][info][gc,heap        ] GC(72) Survivor regions: 67->60(105)
[270.441s][info][gc,heap        ] GC(72) Old regions: 963->1004
[270.441s][info][gc,heap        ] GC(72) Humongous regions: 77->77
[270.441s][info][gc,metaspace   ] GC(72) Metaspace: 28808K(29120K)->28808K(29120K) NonClass: 23925K(24064K)->23925K(24064K) Class: 4883K(5056K)->4883K(5056K)
[270.441s][info][gc             ] GC(72) Pause Young (Prepare Mixed) (G1 Evacuation Pause) 3752M->2279M(4096M) 90.223ms
[270.441s][info][gc,cpu         ] GC(72) User=0.53s Sys=0.00s Real=0.09s
.[271.412s][info][gc,start       ] GC(73) Pause Young (Mixed) (G1 Evacuation Pause)
[271.412s][info][gc,task        ] GC(73) Using 6 workers of 6 for evacuation
[271.504s][info][gc,phases      ] GC(73)   Pre Evacuate Collection Set: 0.41ms
[271.504s][info][gc,phases      ] GC(73)   Merge Heap Roots: 0.53ms
[271.504s][info][gc,phases      ] GC(73)   Evacuate Collection Set: 90.48ms
[271.504s][info][gc,phases      ] GC(73)   Post Evacuate Collection Set: 0.88ms
[271.504s][info][gc,phases      ] GC(73)   Other: 0.10ms
[271.504s][info][gc,heap        ] GC(73) Eden regions: 744->0(894)
[271.504s][info][gc,heap        ] GC(73) Survivor regions: 60->60(101)
[271.504s][info][gc,heap        ] GC(73) Old regions: 1004->844
[271.504s][info][gc,heap        ] GC(73) Humongous regions: 77->77
[271.504s][info][gc,metaspace   ] GC(73) Metaspace: 28816K(29120K)->28816K(29120K) NonClass: 23933K(24064K)->23933K(24064K) Class: 4883K(5056K)->4883K(5056K)
[271.505s][info][gc             ] GC(73) Pause Young (Mixed) (G1 Evacuation Pause) 3767M->1958M(4096M) 92.552ms
[271.505s][info][gc,cpu         ] GC(73) User=0.55s Sys=0.00s Real=0.10s
.[272.616s][info][gc,start       ] GC(74) Pause Young (Mixed) (G1 Evacuation Pause)
[272.616s][info][gc,task        ] GC(74) Using 6 workers of 6 for evacuation
[272.722s][info][gc,phases      ] GC(74)   Pre Evacuate Collection Set: 0.39ms
[272.722s][info][gc,phases      ] GC(74)   Merge Heap Roots: 0.66ms
[272.722s][info][gc,phases      ] GC(74)   Evacuate Collection Set: 103.48ms
[272.722s][info][gc,phases      ] GC(74)   Post Evacuate Collection Set: 0.98ms
[272.722s][info][gc,phases      ] GC(74)   Other: 0.11ms
[272.722s][info][gc,heap        ] GC(74) Eden regions: 894->0(1015)
[272.722s][info][gc,heap        ] GC(74) Survivor regions: 60->99(120)
[272.722s][info][gc,heap        ] GC(74) Old regions: 844->655
[272.722s][info][gc,heap        ] GC(74) Humongous regions: 77->77
[272.722s][info][gc,metaspace   ] GC(74) Metaspace: 28816K(29120K)->28816K(29120K) NonClass: 23933K(24064K)->23933K(24064K) Class: 4883K(5056K)->4883K(5056K)
[272.722s][info][gc             ] GC(74) Pause Young (Mixed) (G1 Evacuation Pause) 3746M->1658M(4096M) 105.755ms
[272.722s][info][gc,cpu         ] GC(74) User=0.63s Sys=0.00s Real=0.10s
.[274.211s][info][gc,start       ] GC(75) Pause Young (Mixed) (G1 Evacuation Pause)
[274.211s][info][gc,task        ] GC(75) Using 6 workers of 6 for evacuation
[274.352s][info][gc,phases      ] GC(75)   Pre Evacuate Collection Set: 0.40ms
[274.352s][info][gc,phases      ] GC(75)   Merge Heap Roots: 0.87ms
[274.352s][info][gc,phases      ] GC(75)   Evacuate Collection Set: 139.02ms
[274.352s][info][gc,phases      ] GC(75)   Post Evacuate Collection Set: 0.90ms
[274.352s][info][gc,phases      ] GC(75)   Other: 0.09ms
[274.352s][info][gc,heap        ] GC(75) Eden regions: 1015->0(1008)
[274.352s][info][gc,heap        ] GC(75) Survivor regions: 99->118(140)
[274.352s][info][gc,heap        ] GC(75) Old regions: 655->624
[274.352s][info][gc,heap        ] GC(75) Humongous regions: 77->77
[274.352s][info][gc,metaspace   ] GC(75) Metaspace: 28816K(29120K)->28816K(29120K) NonClass: 23933K(24064K)->23933K(24064K) Class: 4883K(5056K)->4883K(5056K)
[274.353s][info][gc             ] GC(75) Pause Young (Mixed) (G1 Evacuation Pause) 3688M->1636M(4096M) 141.420ms
[274.353s][info][gc,cpu         ] GC(75) User=0.84s Sys=0.00s Real=0.15s
.[275.778s][info][gc,start       ] GC(76) Pause Young (Concurrent Start) (G1 Evacuation Pause)
[275.778s][info][gc,task        ] GC(76) Using 6 workers of 6 for evacuation
[275.961s][info][gc,phases      ] GC(76)   Pre Evacuate Collection Set: 0.34ms
[275.961s][info][gc,phases      ] GC(76)   Merge Heap Roots: 0.43ms
[275.961s][info][gc,phases      ] GC(76)   Evacuate Collection Set: 180.70ms
[275.961s][info][gc,phases      ] GC(76)   Post Evacuate Collection Set: 0.86ms
[275.961s][info][gc,phases      ] GC(76)   Other: 0.12ms
[275.961s][info][gc,heap        ] GC(76) Eden regions: 1008->0(957)
[275.961s][info][gc,heap        ] GC(76) Survivor regions: 118->126(141)
[275.961s][info][gc,heap        ] GC(76) Old regions: 624->659
[275.961s][info][gc,heap        ] GC(76) Humongous regions: 77->77
[275.961s][info][gc,metaspace   ] GC(76) Metaspace: 28816K(29120K)->28816K(29120K) NonClass: 23933K(24064K)->23933K(24064K) Class: 4883K(5056K)->4883K(5056K)
[275.961s][info][gc             ] GC(76) Pause Young (Concurrent Start) (G1 Evacuation Pause) 3652M->1722M(4096M) 182.578ms
[275.961s][info][gc             ] GC(77) Concurrent Mark Cycle
[275.961s][info][gc,marking     ] GC(77) Concurrent Scan Root Regions
[275.961s][info][gc,cpu         ] GC(76) User=0.81s Sys=0.00s Real=0.18s
.[276.383s][info][gc,marking     ] GC(77) Concurrent Scan Root Regions 421.806ms
[276.383s][info][gc,marking     ] GC(77) Concurrent Mark
[276.383s][info][gc,marking     ] GC(77) Concurrent Mark From Roots
[276.383s][info][gc,task        ] GC(77) Using 2 workers of 2 for marking
.[277.736s][info][gc,start       ] GC(78) Pause Young (Normal) (G1 Evacuation Pause)
[277.736s][info][gc,task        ] GC(78) Using 6 workers of 6 for evacuation
[277.873s][info][gc,phases      ] GC(78)   Pre Evacuate Collection Set: 0.30ms
[277.873s][info][gc,phases      ] GC(78)   Merge Heap Roots: 0.44ms
[277.873s][info][gc,phases      ] GC(78)   Evacuate Collection Set: 135.56ms
[277.873s][info][gc,phases      ] GC(78)   Post Evacuate Collection Set: 0.79ms
[277.873s][info][gc,phases      ] GC(78)   Other: 0.07ms
[277.873s][info][gc,heap        ] GC(78) Eden regions: 957->0(955)
[277.873s][info][gc,heap        ] GC(78) Survivor regions: 126->75(136)
[277.873s][info][gc,heap        ] GC(78) Old regions: 659->751
[277.873s][info][gc,heap        ] GC(78) Humongous regions: 77->77
[277.873s][info][gc,metaspace   ] GC(78) Metaspace: 28819K(29120K)->28819K(29120K) NonClass: 23935K(24064K)->23935K(24064K) Class: 4883K(5056K)->4883K(5056K)
[277.873s][info][gc             ] GC(78) Pause Young (Normal) (G1 Evacuation Pause) 3636M->1804M(4096M) 137.295ms
[277.873s][info][gc,cpu         ] GC(78) User=0.81s Sys=0.00s Real=0.14s
[277.875s][info][gc,marking     ] GC(77) Concurrent Mark From Roots 1492.118ms
[277.875s][info][gc,marking     ] GC(77) Concurrent Preclean
[277.875s][info][gc,marking     ] GC(77) Concurrent Preclean 0.079ms
[277.875s][info][gc,start       ] GC(77) Pause Remark
[277.883s][info][gc             ] GC(77) Pause Remark 1808M->1808M(4096M) 7.936ms
[277.883s][info][gc,cpu         ] GC(77) User=0.05s Sys=0.00s Real=0.01s
[277.883s][info][gc,marking     ] GC(77) Concurrent Mark 1500.389ms
[277.883s][info][gc,marking     ] GC(77) Concurrent Rebuild Remembered Sets and Scrub Regions
.[278.599s][info][gc,marking     ] GC(77) Concurrent Rebuild Remembered Sets and Scrub Regions 716.358ms
[278.602s][info][gc,start       ] GC(77) Pause Cleanup
[278.602s][info][gc             ] GC(77) Pause Cleanup 2542M->2542M(4096M) 0.262ms
[278.602s][info][gc,cpu         ] GC(77) User=0.00s Sys=0.00s Real=0.00s
[278.602s][info][gc,marking     ] GC(77) Concurrent Clear Claimed Marks
[278.602s][info][gc,marking     ] GC(77) Concurrent Clear Claimed Marks 0.048ms
[278.602s][info][gc,marking     ] GC(77) Concurrent Cleanup for Next Mark
[278.612s][info][gc,marking     ] GC(77) Concurrent Cleanup for Next Mark 9.215ms
[278.612s][info][gc             ] GC(77) Concurrent Mark Cycle 2650.814ms
[279.421s][info][gc,start       ] GC(79) Pause Young (Prepare Mixed) (G1 Evacuation Pause)
[279.421s][info][gc,task        ] GC(79) Using 6 workers of 6 for evacuation
[279.526s][info][gc,phases      ] GC(79)   Pre Evacuate Collection Set: 0.32ms
[279.526s][info][gc,phases      ] GC(79)   Merge Heap Roots: 0.42ms
[279.526s][info][gc,phases      ] GC(79)   Evacuate Collection Set: 103.02ms
[279.526s][info][gc,phases      ] GC(79)   Post Evacuate Collection Set: 0.70ms
[279.526s][info][gc,phases      ] GC(79)   Other: 0.09ms
[279.526s][info][gc,heap        ] GC(79) Eden regions: 955->0(913)
[279.526s][info][gc,heap        ] GC(79) Survivor regions: 75->67(129)
[279.526s][info][gc,heap        ] GC(79) Old regions: 751->808
[279.526s][info][gc,heap        ] GC(79) Humongous regions: 77->77
[279.526s][info][gc,metaspace   ] GC(79) Metaspace: 28819K(29120K)->28819K(29120K) NonClass: 23935K(24064K)->23935K(24064K) Class: 4883K(5056K)->4883K(5056K)
[279.526s][info][gc             ] GC(79) Pause Young (Prepare Mixed) (G1 Evacuation Pause) 3714M->1902M(4096M) 104.681ms
[279.526s][info][gc,cpu         ] GC(79) User=0.62s Sys=0.00s Real=0.11s
..[280.651s][info][gc,start       ] GC(80) Pause Young (Mixed) (G1 Evacuation Pause)
[280.651s][info][gc,task        ] GC(80) Using 6 workers of 6 for evacuation
[280.751s][info][gc,phases      ] GC(80)   Pre Evacuate Collection Set: 0.43ms
[280.751s][info][gc,phases      ] GC(80)   Merge Heap Roots: 0.52ms
[280.751s][info][gc,phases      ] GC(80)   Evacuate Collection Set: 97.72ms
[280.751s][info][gc,phases      ] GC(80)   Post Evacuate Collection Set: 0.94ms
[280.751s][info][gc,phases      ] GC(80)   Other: 0.09ms
[280.751s][info][gc,heap        ] GC(80) Eden regions: 913->0(1046)
[280.751s][info][gc,heap        ] GC(80) Survivor regions: 67->64(123)
[280.751s][info][gc,heap        ] GC(80) Old regions: 808->657
[280.751s][info][gc,heap        ] GC(80) Humongous regions: 77->77
[280.751s][info][gc,metaspace   ] GC(80) Metaspace: 28823K(29120K)->28823K(29120K) NonClass: 23939K(24064K)->23939K(24064K) Class: 4883K(5056K)->4883K(5056K)
[280.751s][info][gc             ] GC(80) Pause Young (Mixed) (G1 Evacuation Pause) 3728M->1593M(4096M) 99.834ms
[280.751s][info][gc,cpu         ] GC(80) User=0.59s Sys=0.00s Real=0.10s
 (rIR:aIR:PR = 13837:13107:11313) (tPR = 166016) [IR is under limit] [PR is under limit] 
   280s: Re-initializing (term[281.975s][info][gc,start       ] GC(81) Pause Young (Mixed) (G1 Evacuation Pause)
[281.975s][info][gc,task        ] GC(81) Using 6 workers of 6 for evacuation
[282.085s][info][gc,phases      ] GC(81)   Pre Evacuate Collection Set: 0.33ms
[282.085s][info][gc,phases      ] GC(81)   Merge Heap Roots: 0.66ms
[282.085s][info][gc,phases      ] GC(81)   Evacuate Collection Set: 107.91ms
[282.085s][info][gc,phases      ] GC(81)   Post Evacuate Collection Set: 0.91ms
[282.085s][info][gc,phases      ] GC(81)   Other: 0.10ms
[282.085s][info][gc,heap        ] GC(81) Eden regions: 1046->0(1045)
[282.085s][info][gc,heap        ] GC(81) Survivor regions: 64->113(139)
[282.085s][info][gc,heap        ] GC(81) Old regions: 657->597
[282.085s][info][gc,heap        ] GC(81) Humongous regions: 77->77
[282.085s][info][gc,metaspace   ] GC(81) Metaspace: 28827K(29120K)->28827K(29120K) NonClass: 23943K(24064K)->23943K(24064K) Class: 4883K(5056K)->4883K(5056K)
[282.085s][info][gc             ] GC(81) Pause Young (Mixed) (G1 Evacuation Pause) 3685M->1572M(4096M) 110.038ms
[282.085s][info][gc,cpu         ] GC(81) User=0.65s Sys=0.00s Real=0.11s
[283.262s][info][gc,start       ] GC(82) Pause Young (Concurrent Start) (G1 Evacuation Pause)
[283.262s][info][gc,task        ] GC(82) Using 6 workers of 6 for evacuation
[283.386s][info][gc,phases      ] GC(82)   Pre Evacuate Collection Set: 0.37ms
[283.386s][info][gc,phases      ] GC(82)   Merge Heap Roots: 0.48ms
[283.386s][info][gc,phases      ] GC(82)   Evacuate Collection Set: 121.88ms
[283.386s][info][gc,phases      ] GC(82)   Post Evacuate Collection Set: 0.85ms
[283.386s][info][gc,phases      ] GC(82)   Other: 0.10ms
[283.386s][info][gc,heap        ] GC(82) Eden regions: 1045->0(1029)
[283.386s][info][gc,heap        ] GC(82) Survivor regions: 113->76(145)
[283.386s][info][gc,heap        ] GC(82) Old regions: 597->670
[283.386s][info][gc,heap        ] GC(82) Humongous regions: 77->77
[283.386s][info][gc,metaspace   ] GC(82) Metaspace: 28828K(29120K)->28828K(29120K) NonClass: 23944K(24064K)->23944K(24064K) Class: 4883K(5056K)->4883K(5056K)
[283.386s][info][gc             ] GC(82) Pause Young (Concurrent Start) (G1 Evacuation Pause) 3662M->1644M(4096M) 123.819ms
[283.386s][info][gc             ] GC(83) Concurrent Mark Cycle
[283.386s][info][gc,marking     ] GC(83) Concurrent Scan Root Regions
[283.386s][info][gc,cpu         ] GC(82) User=0.73s Sys=0.00s Real=0.13s
[283.553s][info][gc,marking     ] GC(83) Concurrent Scan Root Regions 166.794ms
[283.553s][info][gc,marking     ] GC(83) Concurrent Mark
[283.553s][info][gc,marking     ] GC(83) Concurrent Mark From Roots
[283.553s][info][gc,task        ] GC(83) Using 2 workers of 2 for marking
[284.961s][info][gc,marking     ] GC(83) Concurrent Mark From Roots 1408.119ms
[284.961s][info][gc,marking     ] GC(83) Concurrent Preclean
[284.961s][info][gc,marking     ] GC(83) Concurrent Preclean 0.116ms
[284.963s][info][gc,start       ] GC(83) Pause Remark
[284.967s][info][gc             ] GC(83) Pause Remark 3122M->3122M(4096M) 3.490ms
[284.967s][info][gc,cpu         ] GC(83) User=0.01s Sys=0.00s Real=0.00s
[284.967s][info][gc,marking     ] GC(83) Concurrent Mark 1413.816ms
[284.967s][info][gc,marking     ] GC(83) Concurrent Rebuild Remembered Sets and Scrub Regions
[285.482s][info][gc,marking     ] GC(83) Concurrent Rebuild Remembered Sets and Scrub Regions 515.771ms
[285.485s][info][gc,start       ] GC(83) Pause Cleanup
[285.485s][info][gc             ] GC(83) Pause Cleanup 3606M->3606M(4096M) 0.243ms
[285.485s][info][gc,cpu         ] GC(83) User=0.00s Sys=0.00s Real=0.00s
[285.485s][info][gc,marking     ] GC(83) Concurrent Clear Claimed Marks
[285.486s][info][gc,marking     ] GC(83) Concurrent Clear Claimed Marks 0.032ms
[285.486s][info][gc,marking     ] GC(83) Concurrent Cleanup for Next Mark
[285.491s][info][gc,marking     ] GC(83) Concurrent Cleanup for Next Mark 5.000ms
[285.491s][info][gc             ] GC(83) Concurrent Mark Cycle 2104.657ms
[285.532s][info][gc,start       ] GC(84) Pause Young (Prepare Mixed) (G1 Evacuation Pause)
[285.532s][info][gc,task        ] GC(84) Using 6 workers of 6 for evacuation
[285.634s][info][gc,phases      ] GC(84)   Pre Evacuate Collection Set: 0.33ms
[285.634s][info][gc,phases      ] GC(84)   Merge Heap Roots: 0.42ms
[285.634s][info][gc,phases      ] GC(84)   Evacuate Collection Set: 100.19ms
[285.634s][info][gc,phases      ] GC(84)   Post Evacuate Collection Set: 0.83ms
[285.634s][info][gc,phases      ] GC(84)   Other: 0.09ms
[285.634s][info][gc,heap        ] GC(84) Eden regions: 1029->0(992)
[285.634s][info][gc,heap        ] GC(84) Survivor regions: 76->65(139)
[285.634s][info][gc,heap        ] GC(84) Old regions: 670->729
[285.634s][info][gc,heap        ] GC(84) Humongous regions: 77->77
[285.634s][info][gc,metaspace   ] GC(84) Metaspace: 28828K(29120K)->28828K(29120K) NonClass: 23944K(24064K)->23944K(24064K) Class: 4883K(5056K)->4883K(5056K)
[285.634s][info][gc             ] GC(84) Pause Young (Prepare Mixed) (G1 Evacuation Pause) 3702M->1739M(4096M) 102.019ms
[285.634s][info][gc,cpu         ] GC(84) User=0.61s Sys=0.00s Real=0.11s
) [286.567s][info][gc,start       ] GC(85) Pause Full (System.gc())
[286.567s][info][gc,task        ] GC(85) Using 6 workers of 6 for full compaction
[286.567s][info][gc,phases,start] GC(85) Phase 1: Mark live objects
[286.582s][info][gc,phases      ] GC(85) Phase 1: Mark live objects 15.177ms
[286.582s][info][gc,phases,start] GC(85) Phase 2: Prepare compaction
[286.586s][info][gc,phases      ] GC(85) Phase 2: Prepare compaction 3.300ms
[286.586s][info][gc,phases,start] GC(85) Phase 3: Adjust pointers
[286.594s][info][gc,phases      ] GC(85) Phase 3: Adjust pointers 8.119ms
[286.594s][info][gc,phases,start] GC(85) Phase 4: Compact heap
[286.597s][info][gc,phases      ] GC(85) Phase 4: Compact heap 3.406ms
[286.597s][info][gc,phases,start] GC(85) Phase 5: Reset Metadata
[286.602s][info][gc,phases      ] GC(85) Phase 5: Reset Metadata 4.537ms
[286.608s][info][gc,heap        ] GC(85) Eden regions: 774->0(1228)
[286.608s][info][gc,heap        ] GC(85) Survivor regions: 65->0(139)
[286.608s][info][gc,heap        ] GC(85) Old regions: 729->35
[286.608s][info][gc,heap        ] GC(85) Humongous regions: 77->66
[286.608s][info][gc,metaspace   ] GC(85) Metaspace: 28829K(29120K)->28829K(29120K) NonClass: 23945K(24064K)->23945K(24064K) Class: 4883K(5056K)->4883K(5056K)
[286.608s][info][gc             ] GC(85) Pause Full (System.gc()) 3286M->194M(4096M) 41.191ms
[286.608s][info][gc,cpu         ] GC(85) User=0.22s Sys=0.00s Real=0.04s
(init[286.848s][info][gc,start       ] GC(86) Pause Young (Concurrent Start) (G1 Humongous Allocation)
[286.848s][info][gc,task        ] GC(86) Using 6 workers of 6 for evacuation
[286.861s][info][gc,phases      ] GC(86)   Pre Evacuate Collection Set: 0.37ms
[286.861s][info][gc,phases      ] GC(86)   Merge Heap Roots: 0.03ms
[286.861s][info][gc,phases      ] GC(86)   Evacuate Collection Set: 13.02ms
[286.861s][info][gc,phases      ] GC(86)   Post Evacuate Collection Set: 0.24ms
[286.861s][info][gc,phases      ] GC(86)   Other: 0.08ms
[286.861s][info][gc,heap        ] GC(86) Eden regions: 45->0(1214)
[286.861s][info][gc,heap        ] GC(86) Survivor regions: 0->14(154)
[286.861s][info][gc,heap        ] GC(86) Old regions: 35->35
[286.862s][info][gc,heap        ] GC(86) Humongous regions: 66->66
[286.862s][info][gc,metaspace   ] GC(86) Metaspace: 28836K(29120K)->28836K(29120K) NonClass: 23953K(24064K)->23953K(24064K) Class: 4883K(5056K)->4883K(5056K)
[286.862s][info][gc             ] GC(86) Pause Young (Concurrent Start) (G1 Humongous Allocation) 283M->222M(4096M) 13.864ms
[286.862s][info][gc             ] GC(87) Concurrent Mark Cycle
[286.862s][info][gc,cpu         ] GC(86) User=0.09s Sys=0.00s Real=0.01s
[286.862s][info][gc,marking     ] GC(87) Concurrent Scan Root Regions
[286.870s][info][gc,marking     ] GC(87) Concurrent Scan Root Regions 8.443ms
[286.870s][info][gc,marking     ] GC(87) Concurrent Mark
[286.870s][info][gc,marking     ] GC(87) Concurrent Mark From Roots
[286.870s][info][gc,task        ] GC(87) Using 2 workers of 2 for marking
[286.917s][info][gc,marking     ] GC(87) Concurrent Mark From Roots 47.106ms
[286.917s][info][gc,marking     ] GC(87) Concurrent Preclean
[286.917s][info][gc,marking     ] GC(87) Concurrent Preclean 0.055ms
[286.917s][info][gc,start       ] GC(87) Pause Remark
[286.919s][info][gc             ] GC(87) Pause Remark 346M->346M(4096M) 1.740ms
[286.919s][info][gc,cpu         ] GC(87) User=0.01s Sys=0.00s Real=0.00s
[286.919s][info][gc,marking     ] GC(87) Concurrent Mark 49.069ms
[286.919s][info][gc,marking     ] GC(87) Concurrent Rebuild Remembered Sets and Scrub Regions
[286.945s][info][gc,marking     ] GC(87) Concurrent Rebuild Remembered Sets and Scrub Regions 25.896ms
[286.945s][info][gc,start       ] GC(87) Pause Cleanup
[286.945s][info][gc             ] GC(87) Pause Cleanup 402M->402M(4096M) 0.069ms
[286.945s][info][gc,cpu         ] GC(87) User=0.00s Sys=0.00s Real=0.00s
[286.945s][info][gc,marking     ] GC(87) Concurrent Clear Claimed Marks
[286.945s][info][gc,marking     ] GC(87) Concurrent Clear Claimed Marks 0.028ms
[286.945s][info][gc,marking     ] GC(87) Concurrent Cleanup for Next Mark
[286.950s][info][gc,marking     ] GC(87) Concurrent Cleanup for Next Mark 4.444ms
[286.950s][info][gc             ] GC(87) Concurrent Mark Cycle 88.201ms
) ... OK
   290s: Searching from base IR = 11548
   290s:       rampup IR =      0 ... (rIR:aIR:PR = 0:0:0) (tPR = 0) [OK] 
   293s:       rampup IR =   1155 ...[297.303s][info][gc,start       ] GC(88) Pause Young (Prepare Mixed) (G1 Evacuation Pause)
[297.303s][info][gc,task        ] GC(88) Using 6 workers of 6 for evacuation
[297.783s][info][gc,mmu         ] GC(88) MMU target violated: 201.0ms (200.0ms/201.0ms)
[297.783s][info][gc,phases      ] GC(88)   Pre Evacuate Collection Set: 0.34ms
[297.783s][info][gc,phases      ] GC(88)   Merge Heap Roots: 0.57ms
[297.783s][info][gc,phases      ] GC(88)   Evacuate Collection Set: 477.93ms
[297.784s][info][gc,phases      ] GC(88)   Post Evacuate Collection Set: 1.25ms
[297.784s][info][gc,phases      ] GC(88)   Other: 0.14ms
[297.784s][info][gc,heap        ] GC(88) Eden regions: 1214->0(489)
[297.784s][info][gc,heap        ] GC(88) Survivor regions: 14->154(154)
[297.784s][info][gc,heap        ] GC(88) Old regions: 35->342
[297.784s][info][gc,heap        ] GC(88) Humongous regions: 163->155
[297.784s][info][gc,metaspace   ] GC(88) Metaspace: 28851K(29248K)->28851K(29248K) NonClass: 23967K(24128K)->23967K(24128K) Class: 4884K(5120K)->4884K(5120K)
[297.784s][info][gc             ] GC(88) Pause Young (Prepare Mixed) (G1 Evacuation Pause) 2844M->1294M(4096M) 480.350ms
[297.784s][info][gc,cpu         ] GC(88) User=2.87s Sys=0.00s Real=0.48s
. (rIR:aIR:PR = 1155:1163:1137) (tPR = 22437) [OK] 
   297s:       rampup IR =   2310 ..[300.301s][info][gc,start       ] GC(89) Pause Young (Mixed) (G1 Evacuation Pause)
[300.301s][info][gc,task        ] GC(89) Using 6 workers of 6 for evacuation
[300.500s][info][gc,phases      ] GC(89)   Pre Evacuate Collection Set: 0.35ms
[300.500s][info][gc,phases      ] GC(89)   Merge Heap Roots: 0.56ms
[300.500s][info][gc,phases      ] GC(89)   Evacuate Collection Set: 197.68ms
[300.500s][info][gc,phases      ] GC(89)   Post Evacuate Collection Set: 0.56ms
[300.500s][info][gc,phases      ] GC(89)   Other: 0.07ms
[300.500s][info][gc,heap        ] GC(89) Eden regions: 481->0(684)
[300.500s][info][gc,heap        ] GC(89) Survivor regions: 154->29(80)
[300.500s][info][gc,heap        ] GC(89) Old regions: 342->494
[300.500s][info][gc,heap        ] GC(89) Humongous regions: 155->155
[300.500s][info][gc,metaspace   ] GC(89) Metaspace: 28852K(29248K)->28852K(29248K) NonClass: 23968K(24128K)->23968K(24128K) Class: 4884K(5120K)->4884K(5120K)
[300.500s][info][gc             ] GC(89) Pause Young (Mixed) (G1 Evacuation Pause) 2256M->1349M(4096M) 199.333ms
[300.500s][info][gc,cpu         ] GC(89) User=1.19s Sys=0.00s Real=0.20s
.. (rIR:aIR:PR = 2310:2320:2272) (tPR = 44776) [OK] 
   301s:       rampup IR =   3464 .[303.343s][info][gc,start       ] GC(90) Pause Young (Concurrent Start) (G1 Evacuation Pause)
[303.343s][info][gc,task        ] GC(90) Using 6 workers of 6 for evacuation
[303.406s][info][gc,phases      ] GC(90)   Pre Evacuate Collection Set: 0.41ms
[303.406s][info][gc,phases      ] GC(90)   Merge Heap Roots: 0.43ms
[303.406s][info][gc,phases      ] GC(90)   Evacuate Collection Set: 60.86ms
[303.406s][info][gc,phases      ] GC(90)   Post Evacuate Collection Set: 0.77ms
[303.406s][info][gc,phases      ] GC(90)   Other: 0.10ms
[303.406s][info][gc,heap        ] GC(90) Eden regions: 711->0(705)
[303.406s][info][gc,heap        ] GC(90) Survivor regions: 29->64(93)
[303.406s][info][gc,heap        ] GC(90) Old regions: 494->494
[303.406s][info][gc,heap        ] GC(90) Humongous regions: 155->155
[303.406s][info][gc,metaspace   ] GC(90) Metaspace: 28852K(29248K)->28852K(29248K) NonClass: 23968K(24128K)->23968K(24128K) Class: 4884K(5120K)->4884K(5120K)
[303.406s][info][gc             ] GC(90) Pause Young (Concurrent Start) (G1 Evacuation Pause) 2771M->1419M(4096M) 62.708ms
[303.406s][info][gc             ] GC(91) Concurrent Mark Cycle
[303.406s][info][gc,marking     ] GC(91) Concurrent Scan Root Regions
[303.406s][info][gc,cpu         ] GC(90) User=0.37s Sys=0.00s Real=0.06s
[303.478s][info][gc,marking     ] GC(91) Concurrent Scan Root Regions 72.512ms
[303.478s][info][gc,marking     ] GC(91) Concurrent Mark
[303.478s][info][gc,marking     ] GC(91) Concurrent Mark From Roots
[303.478s][info][gc,task        ] GC(91) Using 2 workers of 2 for marking
.[304.053s][info][gc,marking     ] GC(91) Concurrent Mark From Roots 575.160ms
[304.053s][info][gc,marking     ] GC(91) Concurrent Preclean
[304.054s][info][gc,marking     ] GC(91) Concurrent Preclean 0.065ms
[304.054s][info][gc,start       ] GC(91) Pause Remark
[304.061s][info][gc             ] GC(91) Pause Remark 1804M->1590M(4096M) 7.019ms
[304.061s][info][gc,cpu         ] GC(91) User=0.04s Sys=0.00s Real=0.00s
[304.061s][info][gc,marking     ] GC(91) Concurrent Mark 582.665ms
[304.061s][info][gc,marking     ] GC(91) Concurrent Rebuild Remembered Sets and Scrub Regions
[304.272s][info][gc,marking     ] GC(91) Concurrent Rebuild Remembered Sets and Scrub Regions 210.949ms
[304.272s][info][gc,start       ] GC(91) Pause Cleanup
[304.272s][info][gc             ] GC(91) Pause Cleanup 1723M->1723M(4096M) 0.121ms
[304.272s][info][gc,cpu         ] GC(91) User=0.00s Sys=0.00s Real=0.01s
[304.273s][info][gc,marking     ] GC(91) Concurrent Clear Claimed Marks
[304.273s][info][gc,marking     ] GC(91) Concurrent Clear Claimed Marks 0.033ms
[304.273s][info][gc,marking     ] GC(91) Concurrent Cleanup for Next Mark
[304.278s][info][gc,marking     ] GC(91) Concurrent Cleanup for Next Mark 5.180ms
[304.278s][info][gc             ] GC(91) Concurrent Mark Cycle 872.130ms
.[305.740s][info][gc,start       ] GC(92) Pause Young (Prepare Mixed) (G1 Evacuation Pause)
[305.740s][info][gc,task        ] GC(92) Using 6 workers of 6 for evacuation
[305.826s][info][gc,phases      ] GC(92)   Pre Evacuate Collection Set: 0.35ms
[305.826s][info][gc,phases      ] GC(92)   Merge Heap Roots: 0.51ms
[305.826s][info][gc,phases      ] GC(92)   Evacuate Collection Set: 84.07ms
[305.826s][info][gc,phases      ] GC(92)   Post Evacuate Collection Set: 0.74ms
[305.826s][info][gc,phases      ] GC(92)   Other: 0.07ms
[305.826s][info][gc,heap        ] GC(92) Eden regions: 702->0(941)
[305.826s][info][gc,heap        ] GC(92) Survivor regions: 64->74(96)
[305.826s][info][gc,heap        ] GC(92) Old regions: 467->489
[305.826s][info][gc,heap        ] GC(92) Humongous regions: 75->75
[305.826s][info][gc,metaspace   ] GC(92) Metaspace: 28852K(29248K)->28852K(29248K) NonClass: 23968K(24128K)->23968K(24128K) Class: 4884K(5120K)->4884K(5120K)
[305.826s][info][gc             ] GC(92) Pause Young (Prepare Mixed) (G1 Evacuation Pause) 2609M->1268M(4096M) 85.862ms
[305.826s][info][gc,cpu         ] GC(92) User=0.51s Sys=0.00s Real=0.09s
. (rIR:aIR:PR = 3464:3455:3379) (tPR = 59052) [OK] 
   305s:       rampup IR =   4619 ..[308.484s][info][gc,start       ] GC(93) Pause Young (Mixed) (G1 Evacuation Pause)
[308.484s][info][gc,task        ] GC(93) Using 6 workers of 6 for evacuation
[308.579s][info][gc,phases      ] GC(93)   Pre Evacuate Collection Set: 0.38ms
[308.579s][info][gc,phases      ] GC(93)   Merge Heap Roots: 0.44ms
[308.579s][info][gc,phases      ] GC(93)   Evacuate Collection Set: 92.92ms
[308.579s][info][gc,phases      ] GC(93)   Post Evacuate Collection Set: 0.83ms
[308.579s][info][gc,phases      ] GC(93)   Other: 0.10ms
[308.579s][info][gc,heap        ] GC(93) Eden regions: 1013->0(1058)
[308.579s][info][gc,heap        ] GC(93) Survivor regions: 74->83(136)
[308.579s][info][gc,heap        ] GC(93) Old regions: 489->511
[308.579s][info][gc,heap        ] GC(93) Humongous regions: 75->75
[308.579s][info][gc,metaspace   ] GC(93) Metaspace: 28852K(29248K)->28852K(29248K) NonClass: 23968K(24128K)->23968K(24128K) Class: 4884K(5120K)->4884K(5120K)
[308.579s][info][gc             ] GC(93) Pause Young (Mixed) (G1 Evacuation Pause) 3294M->1331M(4096M) 94.795ms
[308.579s][info][gc,cpu         ] GC(93) User=0.57s Sys=0.00s Real=0.09s
.. (rIR:aIR:PR = 4619:4615:4601) (tPR = 79728) [OK] 
   309s:       rampup IR =   5774 .[310.983s][info][gc,start       ] GC(94) Pause Young (Mixed) (G1 Evacuation Pause)
[310.983s][info][gc,task        ] GC(94) Using 6 workers of 6 for evacuation
[311.091s][info][gc,phases      ] GC(94)   Pre Evacuate Collection Set: 0.44ms
[311.091s][info][gc,phases      ] GC(94)   Merge Heap Roots: 0.44ms
[311.091s][info][gc,phases      ] GC(94)   Evacuate Collection Set: 106.04ms
[311.091s][info][gc,phases      ] GC(94)   Post Evacuate Collection Set: 0.94ms
[311.091s][info][gc,phases      ] GC(94)   Other: 0.09ms
[311.091s][info][gc,heap        ] GC(94) Eden regions: 1058->0(1032)
[311.091s][info][gc,heap        ] GC(94) Survivor regions: 83->96(143)
[311.091s][info][gc,heap        ] GC(94) Old regions: 511->506
[311.091s][info][gc,heap        ] GC(94) Humongous regions: 77->77
[311.091s][info][gc,metaspace   ] GC(94) Metaspace: 28852K(29248K)->28852K(29248K) NonClass: 23968K(24128K)->23968K(24128K) Class: 4884K(5120K)->4884K(5120K)
[311.091s][info][gc             ] GC(94) Pause Young (Mixed) (G1 Evacuation Pause) 3451M->1355M(4096M) 108.064ms
[311.091s][info][gc,cpu         ] GC(94) User=0.64s Sys=0.00s Real=0.10s
..[313.392s][info][gc,start       ] GC(95) Pause Young (Concurrent Start) (G1 Evacuation Pause)
[313.392s][info][gc,task        ] GC(95) Using 6 workers of 6 for evacuation
[313.505s][info][gc,phases      ] GC(95)   Pre Evacuate Collection Set: 0.41ms
[313.505s][info][gc,phases      ] GC(95)   Merge Heap Roots: 0.41ms
[313.505s][info][gc,phases      ] GC(95)   Evacuate Collection Set: 111.28ms
[313.505s][info][gc,phases      ] GC(95)   Post Evacuate Collection Set: 0.93ms
[313.505s][info][gc,phases      ] GC(95)   Other: 0.12ms
[313.505s][info][gc,heap        ] GC(95) Eden regions: 1076->0(1071)
[313.505s][info][gc,heap        ] GC(95) Survivor regions: 96->101(147)
[313.505s][info][gc,heap        ] GC(95) Old regions: 506->541
[313.505s][info][gc,heap        ] GC(95) Humongous regions: 77->77
[313.505s][info][gc,metaspace   ] GC(95) Metaspace: 28853K(29248K)->28853K(29248K) NonClass: 23969K(24128K)->23969K(24128K) Class: 4884K(5120K)->4884K(5120K)
[313.505s][info][gc             ] GC(95) Pause Young (Concurrent Start) (G1 Evacuation Pause) 3507M->1435M(4096M) 113.273ms
[313.505s][info][gc             ] GC(96) Concurrent Mark Cycle
[313.505s][info][gc,marking     ] GC(96) Concurrent Scan Root Regions
[313.505s][info][gc,cpu         ] GC(95) User=0.68s Sys=0.00s Real=0.12s
[313.677s][info][gc,marking     ] GC(96) Concurrent Scan Root Regions 172.599ms
[313.677s][info][gc,marking     ] GC(96) Concurrent Mark
[313.677s][info][gc,marking     ] GC(96) Concurrent Mark From Roots
[313.678s][info][gc,task        ] GC(96) Using 2 workers of 2 for marking
. (rIR:aIR:PR = 5774:5720:5720) (tPR = 94502) [OK] 
   313s:       rampup IR =   6929 [314.246s][info][gc,marking     ] GC(96) Concurrent Mark From Roots 568.543ms
[314.246s][info][gc,marking     ] GC(96) Concurrent Preclean
[314.246s][info][gc,marking     ] GC(96) Concurrent Preclean 0.083ms
[314.247s][info][gc,start       ] GC(96) Pause Remark
[314.255s][info][gc             ] GC(96) Pause Remark 2130M->2130M(4096M) 8.326ms
[314.255s][info][gc,cpu         ] GC(96) User=0.05s Sys=0.00s Real=0.01s
[314.257s][info][gc,marking     ] GC(96) Concurrent Mark 579.108ms
[314.257s][info][gc,marking     ] GC(96) Concurrent Rebuild Remembered Sets and Scrub Regions
[314.478s][info][gc,marking     ] GC(96) Concurrent Rebuild Remembered Sets and Scrub Regions 221.616ms
[314.478s][info][gc,start       ] GC(96) Pause Cleanup
[314.479s][info][gc             ] GC(96) Pause Cleanup 2330M->2330M(4096M) 0.171ms
[314.479s][info][gc,cpu         ] GC(96) User=0.00s Sys=0.00s Real=0.00s
[314.479s][info][gc,marking     ] GC(96) Concurrent Clear Claimed Marks
[314.479s][info][gc,marking     ] GC(96) Concurrent Clear Claimed Marks 0.029ms
[314.479s][info][gc,marking     ] GC(96) Concurrent Cleanup for Next Mark
[314.483s][info][gc,marking     ] GC(96) Concurrent Cleanup for Next Mark 4.419ms
[314.483s][info][gc             ] GC(96) Concurrent Mark Cycle 978.384ms
.[315.734s][info][gc,start       ] GC(97) Pause Young (Prepare Mixed) (G1 Evacuation Pause)
[315.734s][info][gc,task        ] GC(97) Using 6 workers of 6 for evacuation
[315.855s][info][gc,phases      ] GC(97)   Pre Evacuate Collection Set: 0.33ms
[315.855s][info][gc,phases      ] GC(97)   Merge Heap Roots: 0.51ms
[315.855s][info][gc,phases      ] GC(97)   Evacuate Collection Set: 119.37ms
[315.855s][info][gc,phases      ] GC(97)   Post Evacuate Collection Set: 1.08ms
[315.855s][info][gc,phases      ] GC(97)   Other: 0.09ms
[315.855s][info][gc,heap        ] GC(97) Eden regions: 1071->0(1054)
[315.855s][info][gc,heap        ] GC(97) Survivor regions: 101->109(147)
[315.855s][info][gc,heap        ] GC(97) Old regions: 541->576
[315.855s][info][gc,heap        ] GC(97) Humongous regions: 77->77
[315.855s][info][gc,metaspace   ] GC(97) Metaspace: 28853K(29248K)->28853K(29248K) NonClass: 23969K(24128K)->23969K(24128K) Class: 4884K(5120K)->4884K(5120K)
[315.855s][info][gc             ] GC(97) Pause Young (Prepare Mixed) (G1 Evacuation Pause) 3577M->1521M(4096M) 121.511ms
[315.855s][info][gc,cpu         ] GC(97) User=0.73s Sys=0.00s Real=0.12s
... (rIR:aIR:PR = 6929:6899:6899) (tPR = 105850) [OK] 
   317s:       rampup IR =   8084 [318.179s][info][gc,start       ] GC(98) Pause Young (Mixed) (G1 Evacuation Pause)
[318.179s][info][gc,task        ] GC(98) Using 6 workers of 6 for evacuation
[318.313s][info][gc,phases      ] GC(98)   Pre Evacuate Collection Set: 0.39ms
[318.313s][info][gc,phases      ] GC(98)   Merge Heap Roots: 0.53ms
[318.313s][info][gc,phases      ] GC(98)   Evacuate Collection Set: 129.64ms
[318.313s][info][gc,phases      ] GC(98)   Merge Optional Heap Roots: 0.04ms
[318.313s][info][gc,phases      ] GC(98)   Evacuate Optional Collection Set: 2.12ms
[318.313s][info][gc,phases      ] GC(98)   Post Evacuate Collection Set: 1.18ms
[318.313s][info][gc,phases      ] GC(98)   Other: 0.11ms
[318.313s][info][gc,heap        ] GC(98) Eden regions: 1054->0(1111)
[318.313s][info][gc,heap        ] GC(98) Survivor regions: 109->110(146)
[318.313s][info][gc,heap        ] GC(98) Old regions: 576->506
[318.313s][info][gc,heap        ] GC(98) Humongous regions: 77->77
[318.313s][info][gc,metaspace   ] GC(98) Metaspace: 28853K(29248K)->28853K(29248K) NonClass: 23969K(24128K)->23969K(24128K) Class: 4884K(5120K)->4884K(5120K)
[318.313s][info][gc             ] GC(98) Pause Young (Mixed) (G1 Evacuation Pause) 3629M->1384M(4096M) 134.153ms
[318.314s][info][gc,cpu         ] GC(98) User=0.80s Sys=0.00s Real=0.14s
..[320.442s][info][gc,start       ] GC(99) Pause Young (Mixed) (G1 Evacuation Pause)
[320.442s][info][gc,task        ] GC(99) Using 6 workers of 6 for evacuation
[320.568s][info][gc,phases      ] GC(99)   Pre Evacuate Collection Set: 0.43ms
[320.568s][info][gc,phases      ] GC(99)   Merge Heap Roots: 0.58ms
[320.568s][info][gc,phases      ] GC(99)   Evacuate Collection Set: 124.35ms
[320.568s][info][gc,phases      ] GC(99)   Post Evacuate Collection Set: 1.05ms
[320.568s][info][gc,phases      ] GC(99)   Other: 0.10ms
[320.569s][info][gc,heap        ] GC(99) Eden regions: 1111->0(1116)
[320.569s][info][gc,heap        ] GC(99) Survivor regions: 110->112(153)
[320.569s][info][gc,heap        ] GC(99) Old regions: 506->492
[320.569s][info][gc,heap        ] GC(99) Humongous regions: 77->77
[320.569s][info][gc,metaspace   ] GC(99) Metaspace: 28858K(29248K)->28858K(29248K) NonClass: 23974K(24128K)->23974K(24128K) Class: 4884K(5120K)->4884K(5120K)
[320.569s][info][gc             ] GC(99) Pause Young (Mixed) (G1 Evacuation Pause) 3606M->1358M(4096M) 126.654ms
[320.569s][info][gc,cpu         ] GC(99) User=0.75s Sys=0.00s Real=0.13s
.. (rIR:aIR:PR = 8084:8183:8181) (tPR = 121829) [OK] 
   321s:       rampup IR =   9238 [322.628s][info][gc,start       ] GC(100) Pause Young (Concurrent Start) (G1 Evacuation Pause)
[322.628s][info][gc,task        ] GC(100) Using 6 workers of 6 for evacuation
[322.751s][info][gc,phases      ] GC(100)   Pre Evacuate Collection Set: 0.42ms
[322.751s][info][gc,phases      ] GC(100)   Merge Heap Roots: 0.46ms
[322.751s][info][gc,phases      ] GC(100)   Evacuate Collection Set: 121.05ms
[322.751s][info][gc,phases      ] GC(100)   Post Evacuate Collection Set: 0.99ms
[322.751s][info][gc,phases      ] GC(100)   Other: 0.13ms
[322.751s][info][gc,heap        ] GC(100) Eden regions: 1116->0(1114)
[322.751s][info][gc,heap        ] GC(100) Survivor regions: 112->114(154)
[322.751s][info][gc,heap        ] GC(100) Old regions: 492->525
[322.751s][info][gc,heap        ] GC(100) Humongous regions: 77->77
[322.751s][info][gc,metaspace   ] GC(100) Metaspace: 28862K(29248K)->28862K(29248K) NonClass: 23978K(24128K)->23978K(24128K) Class: 4884K(5120K)->4884K(5120K)
[322.752s][info][gc             ] GC(100) Pause Young (Concurrent Start) (G1 Evacuation Pause) 3590M->1429M(4096M) 123.175ms
[322.752s][info][gc             ] GC(101) Concurrent Mark Cycle
[322.752s][info][gc,marking     ] GC(101) Concurrent Scan Root Regions
[322.752s][info][gc,cpu         ] GC(100) User=0.73s Sys=0.00s Real=0.12s
[322.895s][info][gc,marking     ] GC(101) Concurrent Scan Root Regions 143.196ms
[322.895s][info][gc,marking     ] GC(101) Concurrent Mark
[322.895s][info][gc,marking     ] GC(101) Concurrent Mark From Roots
[322.895s][info][gc,task        ] GC(101) Using 2 workers of 2 for marking
.[323.536s][info][gc,marking     ] GC(101) Concurrent Mark From Roots 641.166ms
[323.536s][info][gc,marking     ] GC(101) Concurrent Preclean
[323.536s][info][gc,marking     ] GC(101) Concurrent Preclean 0.076ms
[323.539s][info][gc,start       ] GC(101) Pause Remark
[323.546s][info][gc             ] GC(101) Pause Remark 2189M->2189M(4096M) 7.156ms
[323.546s][info][gc,cpu         ] GC(101) User=0.04s Sys=0.00s Real=0.01s
[323.546s][info][gc,marking     ] GC(101) Concurrent Mark 651.192ms
[323.546s][info][gc,marking     ] GC(101) Concurrent Rebuild Remembered Sets and Scrub Regions
[323.853s][info][gc,marking     ] GC(101) Concurrent Rebuild Remembered Sets and Scrub Regions 306.995ms
[323.854s][info][gc,start       ] GC(101) Pause Cleanup
[323.854s][info][gc             ] GC(101) Pause Cleanup 2517M->2517M(4096M) 0.157ms
[323.854s][info][gc,cpu         ] GC(101) User=0.00s Sys=0.00s Real=0.00s
[323.854s][info][gc,marking     ] GC(101) Concurrent Clear Claimed Marks
[323.854s][info][gc,marking     ] GC(101) Concurrent Clear Claimed Marks 0.034ms
[323.854s][info][gc,marking     ] GC(101) Concurrent Cleanup for Next Mark
[323.859s][info][gc,marking     ] GC(101) Concurrent Cleanup for Next Mark 4.424ms
[323.859s][info][gc             ] GC(101) Concurrent Mark Cycle 1107.055ms
.[324.663s][info][gc,start       ] GC(102) Pause Young (Prepare Mixed) (G1 Evacuation Pause)
[324.663s][info][gc,task        ] GC(102) Using 6 workers of 6 for evacuation
[324.789s][info][gc,phases      ] GC(102)   Pre Evacuate Collection Set: 0.33ms
[324.789s][info][gc,phases      ] GC(102)   Merge Heap Roots: 0.50ms
[324.789s][info][gc,phases      ] GC(102)   Evacuate Collection Set: 123.87ms
[324.789s][info][gc,phases      ] GC(102)   Post Evacuate Collection Set: 0.97ms
[324.789s][info][gc,phases      ] GC(102)   Other: 0.09ms
[324.789s][info][gc,heap        ] GC(102) Eden regions: 1114->0(1076)
[324.789s][info][gc,heap        ] GC(102) Survivor regions: 114->116(154)
[324.789s][info][gc,heap        ] GC(102) Old regions: 525->560
[324.789s][info][gc,heap        ] GC(102) Humongous regions: 77->77
[324.789s][info][gc,metaspace   ] GC(102) Metaspace: 28862K(29248K)->28862K(29248K) NonClass: 23978K(24128K)->23978K(24128K) Class: 4884K(5120K)->4884K(5120K)
[324.789s][info][gc             ] GC(102) Pause Young (Prepare Mixed) (G1 Evacuation Pause) 3657M->1504M(4096M) 125.909ms
[324.789s][info][gc,cpu         ] GC(102) User=0.75s Sys=0.01s Real=0.12s
..[326.482s][info][gc,start       ] GC(103) Pause Young (Mixed) (G1 Evacuation Pause)
[326.482s][info][gc,task        ] GC(103) Using 6 workers of 6 for evacuation
[326.612s][info][gc,phases      ] GC(103)   Pre Evacuate Collection Set: 0.39ms
[326.612s][info][gc,phases      ] GC(103)   Merge Heap Roots: 0.55ms
[326.612s][info][gc,phases      ] GC(103)   Evacuate Collection Set: 127.72ms
[326.612s][info][gc,phases      ] GC(103)   Post Evacuate Collection Set: 0.97ms
[326.612s][info][gc,phases      ] GC(103)   Other: 0.09ms
[326.612s][info][gc,heap        ] GC(103) Eden regions: 1076->0(1117)
[326.612s][info][gc,heap        ] GC(103) Survivor regions: 116->111(149)
[326.612s][info][gc,heap        ] GC(103) Old regions: 560->464
[326.612s][info][gc,heap        ] GC(103) Humongous regions: 77->77
[326.612s][info][gc,metaspace   ] GC(103) Metaspace: 28862K(29248K)->28862K(29248K) NonClass: 23978K(24128K)->23978K(24128K) Class: 4884K(5120K)->4884K(5120K)
[326.612s][info][gc             ] GC(103) Pause Young (Mixed) (G1 Evacuation Pause) 3656M->1301M(4096M) 129.841ms
[326.612s][info][gc,cpu         ] GC(103) User=0.78s Sys=0.00s Real=0.13s
..[328.474s][info][gc,start       ] GC(104) Pause Young (Concurrent Start) (G1 Evacuation Pause)
[328.474s][info][gc,task        ] GC(104) Using 6 workers of 6 for evacuation
[328.598s][info][gc,phases      ] GC(104)   Pre Evacuate Collection Set: 0.38ms
[328.599s][info][gc,phases      ] GC(104)   Merge Heap Roots: 0.51ms
[328.599s][info][gc,phases      ] GC(104)   Evacuate Collection Set: 122.90ms
[328.599s][info][gc,phases      ] GC(104)   Post Evacuate Collection Set: 0.93ms
[328.599s][info][gc,phases      ] GC(104)   Other: 0.11ms
[328.599s][info][gc,heap        ] GC(104) Eden regions: 1117->0(1113)
[328.599s][info][gc,heap        ] GC(104) Survivor regions: 111->115(154)
[328.599s][info][gc,heap        ] GC(104) Old regions: 464->497
[328.599s][info][gc,heap        ] GC(104) Humongous regions: 77->77
[328.599s][info][gc,metaspace   ] GC(104) Metaspace: 28862K(29248K)->28862K(29248K) NonClass: 23978K(24128K)->23978K(24128K) Class: 4884K(5120K)->4884K(5120K)
[328.599s][info][gc             ] GC(104) Pause Young (Concurrent Start) (G1 Evacuation Pause) 3535M->1375M(4096M) 124.964ms
[328.599s][info][gc             ] GC(105) Concurrent Mark Cycle
[328.599s][info][gc,marking     ] GC(105) Concurrent Scan Root Regions
[328.599s][info][gc,cpu         ] GC(104) User=0.75s Sys=0.00s Real=0.12s
[328.745s][info][gc,marking     ] GC(105) Concurrent Scan Root Regions 146.123ms
[328.745s][info][gc,marking     ] GC(105) Concurrent Mark
[328.745s][info][gc,marking     ] GC(105) Concurrent Mark From Roots
[328.745s][info][gc,task        ] GC(105) Using 2 workers of 2 for marking
.[329.444s][info][gc,marking     ] GC(105) Concurrent Mark From Roots 699.091ms
[329.444s][info][gc,marking     ] GC(105) Concurrent Preclean
[329.444s][info][gc,marking     ] GC(105) Concurrent Preclean 0.115ms
[329.447s][info][gc,start       ] GC(105) Pause Remark
[329.452s][info][gc             ] GC(105) Pause Remark 2091M->2091M(4096M) 5.157ms
[329.452s][info][gc,cpu         ] GC(105) User=0.03s Sys=0.00s Real=0.00s
[329.452s][info][gc,marking     ] GC(105) Concurrent Mark 707.399ms
[329.452s][info][gc,marking     ] GC(105) Concurrent Rebuild Remembered Sets and Scrub Regions
[329.714s][info][gc,marking     ] GC(105) Concurrent Rebuild Remembered Sets and Scrub Regions 262.064ms
[329.715s][info][gc,start       ] GC(105) Pause Cleanup
[329.715s][info][gc             ] GC(105) Pause Cleanup 2419M->2419M(4096M) 0.147ms
[329.715s][info][gc,cpu         ] GC(105) User=0.00s Sys=0.00s Real=0.00s
[329.716s][info][gc,marking     ] GC(105) Concurrent Clear Claimed Marks
[329.716s][info][gc,marking     ] GC(105) Concurrent Clear Claimed Marks 0.036ms
[329.716s][info][gc,marking     ] GC(105) Concurrent Cleanup for Next Mark
[329.722s][info][gc,marking     ] GC(105) Concurrent Cleanup for Next Mark 5.571ms
[329.722s][info][gc             ] GC(105) Concurrent Mark Cycle 1123.245ms
.[330.531s][info][gc,start       ] GC(106) Pause Young (Prepare Mixed) (G1 Evacuation Pause)
[330.531s][info][gc,task        ] GC(106) Using 6 workers of 6 for evacuation
[330.656s][info][gc,phases      ] GC(106)   Pre Evacuate Collection Set: 0.36ms
[330.656s][info][gc,phases      ] GC(106)   Merge Heap Roots: 0.53ms
[330.656s][info][gc,phases      ] GC(106)   Evacuate Collection Set: 122.78ms
[330.656s][info][gc,phases      ] GC(106)   Post Evacuate Collection Set: 0.94ms
[330.656s][info][gc,phases      ] GC(106)   Other: 0.09ms
[330.656s][info][gc,heap        ] GC(106) Eden regions: 1113->0(1108)
[330.656s][info][gc,heap        ] GC(106) Survivor regions: 115->115(154)
[330.656s][info][gc,heap        ] GC(106) Old regions: 497->530
[330.656s][info][gc,heap        ] GC(106) Humongous regions: 77->77
[330.656s][info][gc,metaspace   ] GC(106) Metaspace: 28862K(29248K)->28862K(29248K) NonClass: 23978K(24128K)->23978K(24128K) Class: 4884K(5120K)->4884K(5120K)
[330.656s][info][gc             ] GC(106) Pause Young (Prepare Mixed) (G1 Evacuation Pause) 3601M->1441M(4096M) 124.843ms
[330.656s][info][gc,cpu         ] GC(106) User=0.75s Sys=0.00s Real=0.13s
. (rIR:aIR:PR = 9238:9679:9687) (tPR = 145334) [OK] 
   331s:       rampup IR =  10393 [332.299s][info][gc,start       ] GC(107) Pause Young (Mixed) (G1 Evacuation Pause)
[332.299s][info][gc,task        ] GC(107) Using 6 workers of 6 for evacuation
[332.435s][info][gc,phases      ] GC(107)   Pre Evacuate Collection Set: 0.36ms
[332.435s][info][gc,phases      ] GC(107)   Merge Heap Roots: 0.55ms
[332.435s][info][gc,phases      ] GC(107)   Evacuate Collection Set: 133.87ms
[332.435s][info][gc,phases      ] GC(107)   Post Evacuate Collection Set: 1.02ms
[332.435s][info][gc,phases      ] GC(107)   Other: 0.08ms
[332.435s][info][gc,heap        ] GC(107) Eden regions: 1108->0(1111)
[332.435s][info][gc,heap        ] GC(107) Survivor regions: 115->117(153)
[332.435s][info][gc,heap        ] GC(107) Old regions: 530->467
[332.435s][info][gc,heap        ] GC(107) Humongous regions: 77->77
[332.435s][info][gc,metaspace   ] GC(107) Metaspace: 28863K(29248K)->28863K(29248K) NonClass: 23979K(24128K)->23979K(24128K) Class: 4884K(5120K)->4884K(5120K)
[332.435s][info][gc             ] GC(107) Pause Young (Mixed) (G1 Evacuation Pause) 3657M->1319M(4096M) 135.998ms
[332.435s][info][gc,cpu         ] GC(107) User=0.81s Sys=0.00s Real=0.14s
..[334.051s][info][gc,start       ] GC(108) Pause Young (Concurrent Start) (G1 Evacuation Pause)
[334.051s][info][gc,task        ] GC(108) Using 6 workers of 6 for evacuation
[334.175s][info][gc,phases      ] GC(108)   Pre Evacuate Collection Set: 0.37ms
[334.175s][info][gc,phases      ] GC(108)   Merge Heap Roots: 0.47ms
[334.175s][info][gc,phases      ] GC(108)   Evacuate Collection Set: 121.41ms
[334.175s][info][gc,phases      ] GC(108)   Post Evacuate Collection Set: 0.99ms
[334.175s][info][gc,phases      ] GC(108)   Other: 0.10ms
[334.175s][info][gc,heap        ] GC(108) Eden regions: 1111->0(1115)
[334.175s][info][gc,heap        ] GC(108) Survivor regions: 117->113(154)
[334.175s][info][gc,heap        ] GC(108) Old regions: 467->499
[334.175s][info][gc,heap        ] GC(108) Humongous regions: 77->77
[334.175s][info][gc,metaspace   ] GC(108) Metaspace: 28863K(29248K)->28863K(29248K) NonClass: 23979K(24128K)->23979K(24128K) Class: 4884K(5120K)->4884K(5120K)
[334.175s][info][gc             ] GC(108) Pause Young (Concurrent Start) (G1 Evacuation Pause) 3541M->1375M(4096M) 123.486ms
[334.175s][info][gc             ] GC(109) Concurrent Mark Cycle
[334.175s][info][gc,cpu         ] GC(108) User=0.73s Sys=0.00s Real=0.13s
[334.175s][info][gc,marking     ] GC(109) Concurrent Scan Root Regions
[334.362s][info][gc,marking     ] GC(109) Concurrent Scan Root Regions 186.879ms
[334.362s][info][gc,marking     ] GC(109) Concurrent Mark
[334.362s][info][gc,marking     ] GC(109) Concurrent Mark From Roots
[334.362s][info][gc,task        ] GC(109) Using 2 workers of 2 for marking
.[335.249s][info][gc,marking     ] GC(109) Concurrent Mark From Roots 887.068ms
[335.249s][info][gc,marking     ] GC(109) Concurrent Preclean
[335.249s][info][gc,marking     ] GC(109) Concurrent Preclean 0.109ms
[335.252s][info][gc,start       ] GC(109) Pause Remark
[335.259s][info][gc             ] GC(109) Pause Remark 2463M->2463M(4096M) 6.930ms
[335.259s][info][gc,cpu         ] GC(109) User=0.03s Sys=0.00s Real=0.01s
[335.259s][info][gc,marking     ] GC(109) Concurrent Mark 897.642ms
[335.259s][info][gc,marking     ] GC(109) Concurrent Rebuild Remembered Sets and Scrub Regions
[335.573s][info][gc,marking     ] GC(109) Concurrent Rebuild Remembered Sets and Scrub Regions 314.109ms
[335.577s][info][gc,start       ] GC(109) Pause Cleanup
[335.577s][info][gc             ] GC(109) Pause Cleanup 2777M->2777M(4096M) 0.156ms
[335.577s][info][gc,cpu         ] GC(109) User=0.00s Sys=0.00s Real=0.00s
[335.579s][info][gc,marking     ] GC(109) Concurrent Clear Claimed Marks
[335.579s][info][gc,marking     ] GC(109) Concurrent Clear Claimed Marks 0.050ms
[335.579s][info][gc,marking     ] GC(109) Concurrent Cleanup for Next Mark
[335.584s][info][gc,marking     ] GC(109) Concurrent Cleanup for Next Mark 5.246ms
[335.584s][info][gc             ] GC(109) Concurrent Mark Cycle 1409.457ms
.[336.137s][info][gc,start       ] GC(110) Pause Young (Prepare Mixed) (G1 Evacuation Pause)
[336.138s][info][gc,task        ] GC(110) Using 6 workers of 6 for evacuation
[336.255s][info][gc,phases      ] GC(110)   Pre Evacuate Collection Set: 0.36ms
[336.255s][info][gc,phases      ] GC(110)   Merge Heap Roots: 0.56ms
[336.255s][info][gc,phases      ] GC(110)   Evacuate Collection Set: 115.94ms
[336.255s][info][gc,phases      ] GC(110)   Post Evacuate Collection Set: 0.93ms
[336.255s][info][gc,phases      ] GC(110)   Other: 0.08ms
[336.255s][info][gc,heap        ] GC(110) Eden regions: 1115->0(1118)
[336.255s][info][gc,heap        ] GC(110) Survivor regions: 113->109(154)
[336.255s][info][gc,heap        ] GC(110) Old regions: 499->532
[336.255s][info][gc,heap        ] GC(110) Humongous regions: 77->77
[336.255s][info][gc,metaspace   ] GC(110) Metaspace: 28863K(29248K)->28863K(29248K) NonClass: 23979K(24128K)->23979K(24128K) Class: 4884K(5120K)->4884K(5120K)
[336.255s][info][gc             ] GC(110) Pause Young (Prepare Mixed) (G1 Evacuation Pause) 3605M->1433M(4096M) 117.997ms
[336.256s][info][gc,cpu         ] GC(110) User=0.70s Sys=0.00s Real=0.12s
.[337.726s][info][gc,start       ] GC(111) Pause Young (Mixed) (G1 Evacuation Pause)
[337.726s][info][gc,task        ] GC(111) Using 6 workers of 6 for evacuation
[337.865s][info][gc,phases      ] GC(111)   Pre Evacuate Collection Set: 0.39ms
[337.865s][info][gc,phases      ] GC(111)   Merge Heap Roots: 0.58ms
[337.865s][info][gc,phases      ] GC(111)   Evacuate Collection Set: 136.97ms
[337.865s][info][gc,phases      ] GC(111)   Post Evacuate Collection Set: 0.98ms
[337.865s][info][gc,phases      ] GC(111)   Other: 0.09ms
[337.865s][info][gc,heap        ] GC(111) Eden regions: 1118->0(1111)
[337.865s][info][gc,heap        ] GC(111) Survivor regions: 109->117(154)
[337.865s][info][gc,heap        ] GC(111) Old regions: 532->467
[337.865s][info][gc,heap        ] GC(111) Humongous regions: 77->77
[337.865s][info][gc,metaspace   ] GC(111) Metaspace: 28863K(29248K)->28863K(29248K) NonClass: 23979K(24128K)->23979K(24128K) Class: 4884K(5120K)->4884K(5120K)
[337.865s][info][gc             ] GC(111) Pause Young (Mixed) (G1 Evacuation Pause) 3669M->1319M(4096M) 139.149ms
[337.865s][info][gc,cpu         ] GC(111) User=0.83s Sys=0.00s Real=0.14s
.. (rIR:aIR:PR = 10393:10562:10611) (tPR = 161998) [OK] 
   338s:       rampup IR =  11548 [339.466s][info][gc,start       ] GC(112) Pause Young (Concurrent Start) (G1 Evacuation Pause)
[339.466s][info][gc,task        ] GC(112) Using 6 workers of 6 for evacuation
[339.585s][info][gc,phases      ] GC(112)   Pre Evacuate Collection Set: 0.38ms
[339.585s][info][gc,phases      ] GC(112)   Merge Heap Roots: 0.47ms
[339.585s][info][gc,phases      ] GC(112)   Evacuate Collection Set: 117.11ms
[339.585s][info][gc,phases      ] GC(112)   Post Evacuate Collection Set: 0.98ms
[339.585s][info][gc,phases      ] GC(112)   Other: 0.11ms
[339.585s][info][gc,heap        ] GC(112) Eden regions: 1111->0(1116)
[339.585s][info][gc,heap        ] GC(112) Survivor regions: 117->112(154)
[339.585s][info][gc,heap        ] GC(112) Old regions: 467->499
[339.585s][info][gc,heap        ] GC(112) Humongous regions: 77->77
[339.585s][info][gc,metaspace   ] GC(112) Metaspace: 28864K(29248K)->28864K(29248K) NonClass: 23980K(24128K)->23980K(24128K) Class: 4884K(5120K)->4884K(5120K)
[339.585s][info][gc             ] GC(112) Pause Young (Concurrent Start) (G1 Evacuation Pause) 3541M->1373M(4096M) 119.183ms
[339.585s][info][gc             ] GC(113) Concurrent Mark Cycle
[339.585s][info][gc,marking     ] GC(113) Concurrent Scan Root Regions
[339.585s][info][gc,cpu         ] GC(112) User=0.70s Sys=0.00s Real=0.12s
[339.803s][info][gc,marking     ] GC(113) Concurrent Scan Root Regions 217.147ms
[339.803s][info][gc,marking     ] GC(113) Concurrent Mark
[339.803s][info][gc,marking     ] GC(113) Concurrent Mark From Roots
[339.803s][info][gc,task        ] GC(113) Using 2 workers of 2 for marking
.[340.586s][info][gc,marking     ] GC(113) Concurrent Mark From Roots 783.582ms
[340.586s][info][gc,marking     ] GC(113) Concurrent Preclean
[340.586s][info][gc,marking     ] GC(113) Concurrent Preclean 0.098ms
[340.591s][info][gc,start       ] GC(113) Pause Remark
[340.596s][info][gc             ] GC(113) Pause Remark 2377M->2377M(4096M) 5.737ms
[340.596s][info][gc,cpu         ] GC(113) User=0.04s Sys=0.00s Real=0.01s
[340.596s][info][gc,marking     ] GC(113) Concurrent Mark 793.824ms
[340.596s][info][gc,marking     ] GC(113) Concurrent Rebuild Remembered Sets and Scrub Regions
[340.985s][info][gc,marking     ] GC(113) Concurrent Rebuild Remembered Sets and Scrub Regions 388.151ms
[340.985s][info][gc,start       ] GC(113) Pause Cleanup
[340.985s][info][gc             ] GC(113) Pause Cleanup 2723M->2723M(4096M) 0.148ms
[340.985s][info][gc,cpu         ] GC(113) User=0.00s Sys=0.00s Real=0.00s
[340.986s][info][gc,marking     ] GC(113) Concurrent Clear Claimed Marks
[340.986s][info][gc,marking     ] GC(113) Concurrent Clear Claimed Marks 0.040ms
[340.986s][info][gc,marking     ] GC(113) Concurrent Cleanup for Next Mark
[340.991s][info][gc,marking     ] GC(113) Concurrent Cleanup for Next Mark 5.352ms
[340.991s][info][gc             ] GC(113) Concurrent Mark Cycle 1406.070ms
.[341.558s][info][gc,start       ] GC(114) Pause Young (Prepare Mixed) (G1 Evacuation Pause)
[341.558s][info][gc,task        ] GC(114) Using 6 workers of 6 for evacuation
[341.683s][info][gc,phases      ] GC(114)   Pre Evacuate Collection Set: 0.32ms
[341.683s][info][gc,phases      ] GC(114)   Merge Heap Roots: 0.53ms
[341.683s][info][gc,phases      ] GC(114)   Evacuate Collection Set: 123.31ms
[341.683s][info][gc,phases      ] GC(114)   Post Evacuate Collection Set: 0.99ms
[341.683s][info][gc,phases      ] GC(114)   Other: 0.09ms
[341.683s][info][gc,heap        ] GC(114) Eden regions: 1116->0(1102)
[341.683s][info][gc,heap        ] GC(114) Survivor regions: 112->117(154)
[341.683s][info][gc,heap        ] GC(114) Old regions: 499->532
[341.683s][info][gc,heap        ] GC(114) Humongous regions: 77->77
[341.683s][info][gc,metaspace   ] GC(114) Metaspace: 28864K(29248K)->28864K(29248K) NonClass: 23980K(24128K)->23980K(24128K) Class: 4884K(5120K)->4884K(5120K)
[341.683s][info][gc             ] GC(114) Pause Young (Prepare Mixed) (G1 Evacuation Pause) 3605M->1449M(4096M) 125.387ms
[341.683s][info][gc,cpu         ] GC(114) User=0.75s Sys=0.00s Real=0.13s
.[343.153s][info][gc,start       ] GC(115) Pause Young (Mixed) (G1 Evacuation Pause)
[343.153s][info][gc,task        ] GC(115) Using 6 workers of 6 for evacuation
[343.285s][info][gc,phases      ] GC(115)   Pre Evacuate Collection Set: 0.37ms
[343.285s][info][gc,phases      ] GC(115)   Merge Heap Roots: 0.59ms
[343.285s][info][gc,phases      ] GC(115)   Evacuate Collection Set: 130.13ms
[343.285s][info][gc,phases      ] GC(115)   Post Evacuate Collection Set: 1.06ms
[343.285s][info][gc,phases      ] GC(115)   Other: 0.09ms
[343.285s][info][gc,heap        ] GC(115) Eden regions: 1102->0(1116)
[343.285s][info][gc,heap        ] GC(115) Survivor regions: 117->112(153)
[343.285s][info][gc,heap        ] GC(115) Old regions: 532->468
[343.285s][info][gc,heap        ] GC(115) Humongous regions: 77->77
[343.285s][info][gc,metaspace   ] GC(115) Metaspace: 28864K(29248K)->28864K(29248K) NonClass: 23980K(24128K)->23980K(24128K) Class: 4884K(5120K)->4884K(5120K)
[343.285s][info][gc             ] GC(115) Pause Young (Mixed) (G1 Evacuation Pause) 3653M->1311M(4096M) 132.356ms
[343.285s][info][gc,cpu         ] GC(115) User=0.79s Sys=0.00s Real=0.13s
..[344.789s][info][gc,start       ] GC(116) Pause Young (Concurrent Start) (G1 Evacuation Pause)
[344.789s][info][gc,task        ] GC(116) Using 6 workers of 6 for evacuation
[344.962s][info][gc,phases      ] GC(116)   Pre Evacuate Collection Set: 0.39ms
[344.962s][info][gc,phases      ] GC(116)   Merge Heap Roots: 0.47ms
[344.962s][info][gc,phases      ] GC(116)   Evacuate Collection Set: 171.50ms
[344.962s][info][gc,phases      ] GC(116)   Post Evacuate Collection Set: 0.97ms
[344.962s][info][gc,phases      ] GC(116)   Other: 0.11ms
[344.962s][info][gc,heap        ] GC(116) Eden regions: 1116->0(1110)
[344.962s][info][gc,heap        ] GC(116) Survivor regions: 112->118(154)
[344.962s][info][gc,heap        ] GC(116) Old regions: 468->500
[344.962s][info][gc,heap        ] GC(116) Humongous regions: 77->77
[344.962s][info][gc,metaspace   ] GC(116) Metaspace: 28864K(29248K)->28864K(29248K) NonClass: 23980K(24128K)->23980K(24128K) Class: 4884K(5120K)->4884K(5120K)
[344.962s][info][gc             ] GC(116) Pause Young (Concurrent Start) (G1 Evacuation Pause) 3543M->1388M(4096M) 173.571ms
[344.962s][info][gc             ] GC(117) Concurrent Mark Cycle
[344.962s][info][gc,marking     ] GC(117) Concurrent Scan Root Regions
[344.962s][info][gc,cpu         ] GC(116) User=0.75s Sys=0.00s Real=0.17s
[345.176s][info][gc,marking     ] GC(117) Concurrent Scan Root Regions 213.627ms
[345.176s][info][gc,marking     ] GC(117) Concurrent Mark
[345.176s][info][gc,marking     ] GC(117) Concurrent Mark From Roots
[345.176s][info][gc,task        ] GC(117) Using 2 workers of 2 for marking
.[346.476s][info][gc,marking     ] GC(117) Concurrent Mark From Roots 1299.827ms
[346.476s][info][gc,marking     ] GC(117) Concurrent Preclean
[346.476s][info][gc,marking     ] GC(117) Concurrent Preclean 0.073ms
[346.476s][info][gc,start       ] GC(117) Pause Remark
[346.484s][info][gc             ] GC(117) Pause Remark 3048M->3048M(4096M) 7.482ms
[346.484s][info][gc,cpu         ] GC(117) User=0.04s Sys=0.00s Real=0.01s
[346.485s][info][gc,marking     ] GC(117) Concurrent Mark 1308.992ms
[346.485s][info][gc,marking     ] GC(117) Concurrent Rebuild Remembered Sets and Scrub Regions
.[346.992s][info][gc,start       ] GC(118) Pause Young (Normal) (G1 Evacuation Pause)
[346.993s][info][gc,task        ] GC(118) Using 6 workers of 6 for evacuation
[347.129s][info][gc,phases      ] GC(118)   Pre Evacuate Collection Set: 0.34ms
[347.129s][info][gc,phases      ] GC(118)   Merge Heap Roots: 0.57ms
[347.129s][info][gc,phases      ] GC(118)   Evacuate Collection Set: 134.07ms
[347.129s][info][gc,phases      ] GC(118)   Post Evacuate Collection Set: 1.00ms
[347.129s][info][gc,phases      ] GC(118)   Other: 0.09ms
[347.129s][info][gc,heap        ] GC(118) Eden regions: 1110->0(1090)
[347.129s][info][gc,heap        ] GC(118) Survivor regions: 118->122(154)
[347.129s][info][gc,heap        ] GC(118) Old regions: 500->534
[347.129s][info][gc,heap        ] GC(118) Humongous regions: 77->77
[347.129s][info][gc,metaspace   ] GC(118) Metaspace: 28867K(29248K)->28867K(29248K) NonClass: 23983K(24128K)->23983K(24128K) Class: 4884K(5120K)->4884K(5120K)
[347.129s][info][gc             ] GC(118) Pause Young (Normal) (G1 Evacuation Pause) 3608M->1464M(4096M) 136.214ms
[347.129s][info][gc,cpu         ] GC(118) User=0.81s Sys=0.00s Real=0.13s
[347.214s][info][gc,marking     ] GC(117) Concurrent Rebuild Remembered Sets and Scrub Regions 728.975ms
[347.214s][info][gc,start       ] GC(117) Pause Cleanup
[347.214s][info][gc             ] GC(117) Pause Cleanup 1578M->1578M(4096M) 0.127ms
[347.214s][info][gc,cpu         ] GC(117) User=0.00s Sys=0.00s Real=0.00s
[347.214s][info][gc,marking     ] GC(117) Concurrent Clear Claimed Marks
[347.214s][info][gc,marking     ] GC(117) Concurrent Clear Claimed Marks 0.027ms
[347.214s][info][gc,marking     ] GC(117) Concurrent Cleanup for Next Mark
[347.219s][info][gc,marking     ] GC(117) Concurrent Cleanup for Next Mark 4.777ms
[347.219s][info][gc             ] GC(117) Concurrent Mark Cycle 2256.889ms
.[348.538s][info][gc,start       ] GC(119) Pause Young (Prepare Mixed) (G1 Evacuation Pause)
[348.538s][info][gc,task        ] GC(119) Using 6 workers of 6 for evacuation
[348.666s][info][gc,phases      ] GC(119)   Pre Evacuate Collection Set: 0.34ms
[348.666s][info][gc,phases      ] GC(119)   Merge Heap Roots: 0.50ms
[348.666s][info][gc,phases      ] GC(119)   Evacuate Collection Set: 125.84ms
[348.666s][info][gc,phases      ] GC(119)   Post Evacuate Collection Set: 0.95ms
[348.666s][info][gc,phases      ] GC(119)   Other: 0.08ms
[348.666s][info][gc,heap        ] GC(119) Eden regions: 1090->0(1089)
[348.666s][info][gc,heap        ] GC(119) Survivor regions: 122->76(152)
[348.666s][info][gc,heap        ] GC(119) Old regions: 534->611
[348.666s][info][gc,heap        ] GC(119) Humongous regions: 77->77
[348.666s][info][gc,metaspace   ] GC(119) Metaspace: 28867K(29248K)->28867K(29248K) NonClass: 23983K(24128K)->23983K(24128K) Class: 4884K(5120K)->4884K(5120K)
[348.666s][info][gc             ] GC(119) Pause Young (Prepare Mixed) (G1 Evacuation Pause) 3644M->1527M(4096M) 127.844ms
[348.666s][info][gc,cpu         ] GC(119) User=0.76s Sys=0.00s Real=0.13s
.[350.237s][info][gc,start       ] GC(120) Pause Young (Mixed) (G1 Evacuation Pause)
[350.237s][info][gc,task        ] GC(120) Using 6 workers of 6 for evacuation
[350.348s][info][gc,phases      ] GC(120)   Pre Evacuate Collection Set: 0.39ms
[350.348s][info][gc,phases      ] GC(120)   Merge Heap Roots: 0.60ms
[350.348s][info][gc,phases      ] GC(120)   Evacuate Collection Set: 109.09ms
[350.348s][info][gc,phases      ] GC(120)   Post Evacuate Collection Set: 0.80ms
[350.348s][info][gc,phases      ] GC(120)   Other: 0.09ms
[350.348s][info][gc,heap        ] GC(120) Eden regions: 1089->0(1147)
[350.348s][info][gc,heap        ] GC(120) Survivor regions: 76->69(146)
[350.348s][info][gc,heap        ] GC(120) Old regions: 611->560
[350.348s][info][gc,heap        ] GC(120) Humongous regions: 77->77
[350.348s][info][gc,metaspace   ] GC(120) Metaspace: 28867K(29248K)->28867K(29248K) NonClass: 23983K(24128K)->23983K(24128K) Class: 4884K(5120K)->4884K(5120K)
[350.348s][info][gc             ] GC(120) Pause Young (Mixed) (G1 Evacuation Pause) 3705M->1410M(4096M) 111.100ms
[350.348s][info][gc,cpu         ] GC(120) User=0.66s Sys=0.00s Real=0.11s
.[351.851s][info][gc,start       ] GC(121) Pause Young (Concurrent Start) (G1 Evacuation Pause)
[351.851s][info][gc,task        ] GC(121) Using 6 workers of 6 for evacuation
[352.002s][info][gc,phases      ] GC(121)   Pre Evacuate Collection Set: 0.39ms
[352.003s][info][gc,phases      ] GC(121)   Merge Heap Roots: 0.46ms
[352.003s][info][gc,phases      ] GC(121)   Evacuate Collection Set: 149.75ms
[352.003s][info][gc,phases      ] GC(121)   Post Evacuate Collection Set: 0.96ms
[352.003s][info][gc,phases      ] GC(121)   Other: 0.13ms
[352.003s][info][gc,heap        ] GC(121) Eden regions: 1147->0(1072)
[352.003s][info][gc,heap        ] GC(121) Survivor regions: 69->118(152)
[352.003s][info][gc,heap        ] GC(121) Old regions: 560->560
[352.003s][info][gc,heap        ] GC(121) Humongous regions: 77->77
[352.003s][info][gc,metaspace   ] GC(121) Metaspace: 28871K(29248K)->28871K(29248K) NonClass: 23987K(24128K)->23987K(24128K) Class: 4884K(5120K)->4884K(5120K)
[352.003s][info][gc             ] GC(121) Pause Young (Concurrent Start) (G1 Evacuation Pause) 3704M->1508M(4096M) 151.837ms
[352.003s][info][gc             ] GC(122) Concurrent Mark Cycle
[352.003s][info][gc,marking     ] GC(122) Concurrent Scan Root Regions
[352.003s][info][gc,cpu         ] GC(121) User=0.62s Sys=0.01s Real=0.16s
.[352.189s][info][gc,marking     ] GC(122) Concurrent Scan Root Regions 186.821ms
[352.190s][info][gc,marking     ] GC(122) Concurrent Mark
[352.190s][info][gc,marking     ] GC(122) Concurrent Mark From Roots
[352.190s][info][gc,task        ] GC(122) Using 2 workers of 2 for marking
[353.003s][info][gc,marking     ] GC(122) Concurrent Mark From Roots 813.052ms
[353.003s][info][gc,marking     ] GC(122) Concurrent Preclean
[353.003s][info][gc,marking     ] GC(122) Concurrent Preclean 0.079ms
[353.003s][info][gc,start       ] GC(122) Pause Remark
[353.007s][info][gc             ] GC(122) Pause Remark 2323M->2323M(4096M) 4.495ms
[353.008s][info][gc,cpu         ] GC(122) User=0.02s Sys=0.00s Real=0.00s
[353.008s][info][gc,marking     ] GC(122) Concurrent Mark 818.231ms
[353.008s][info][gc,marking     ] GC(122) Concurrent Rebuild Remembered Sets and Scrub Regions
.[353.290s][info][gc,marking     ] GC(122) Concurrent Rebuild Remembered Sets and Scrub Regions 282.384ms
[353.290s][info][gc,start       ] GC(122) Pause Cleanup
[353.291s][info][gc             ] GC(122) Pause Cleanup 2556M->2556M(4096M) 0.191ms
[353.291s][info][gc,cpu         ] GC(122) User=0.00s Sys=0.00s Real=0.00s
[353.292s][info][gc,marking     ] GC(122) Concurrent Clear Claimed Marks
[353.292s][info][gc,marking     ] GC(122) Concurrent Clear Claimed Marks 0.049ms
[353.292s][info][gc,marking     ] GC(122) Concurrent Cleanup for Next Mark
[353.297s][info][gc,marking     ] GC(122) Concurrent Cleanup for Next Mark 4.642ms
[353.297s][info][gc             ] GC(122) Concurrent Mark Cycle 1294.111ms
[354.015s][info][gc,start       ] GC(123) Pause Young (Prepare Mixed) (G1 Evacuation Pause)
[354.015s][info][gc,task        ] GC(123) Using 6 workers of 6 for evacuation
[354.141s][info][gc,phases      ] GC(123)   Pre Evacuate Collection Set: 0.33ms
[354.141s][info][gc,phases      ] GC(123)   Merge Heap Roots: 0.53ms
[354.141s][info][gc,phases      ] GC(123)   Evacuate Collection Set: 123.28ms
[354.141s][info][gc,phases      ] GC(123)   Post Evacuate Collection Set: 0.95ms
[354.141s][info][gc,phases      ] GC(123)   Other: 0.09ms
[354.141s][info][gc,heap        ] GC(123) Eden regions: 1072->0(1072)
[354.141s][info][gc,heap        ] GC(123) Survivor regions: 118->72(149)
[354.141s][info][gc,heap        ] GC(123) Old regions: 560->638
[354.141s][info][gc,heap        ] GC(123) Humongous regions: 77->77
[354.141s][info][gc,metaspace   ] GC(123) Metaspace: 28873K(29248K)->28873K(29248K) NonClass: 23989K(24128K)->23989K(24128K) Class: 4884K(5120K)->4884K(5120K)
[354.141s][info][gc             ] GC(123) Pause Young (Prepare Mixed) (G1 Evacuation Pause) 3652M->1571M(4096M) 125.305ms
[354.141s][info][gc,cpu         ] GC(123) User=0.75s Sys=0.00s Real=0.12s
.[355.429s][info][gc,start       ] GC(124) Pause Young (Mixed) (G1 Evacuation Pause)
[355.429s][info][gc,task        ] GC(124) Using 6 workers of 6 for evacuation
[355.562s][info][gc,phases      ] GC(124)   Pre Evacuate Collection Set: 0.37ms
[355.562s][info][gc,phases      ] GC(124)   Merge Heap Roots: 0.90ms
[355.562s][info][gc,phases      ] GC(124)   Evacuate Collection Set: 130.70ms
[355.562s][info][gc,phases      ] GC(124)   Post Evacuate Collection Set: 1.03ms
[355.562s][info][gc,phases      ] GC(124)   Other: 0.10ms
[355.562s][info][gc,heap        ] GC(124) Eden regions: 1072->0(1114)
[355.562s][info][gc,heap        ] GC(124) Survivor regions: 72->114(143)
[355.562s][info][gc,heap        ] GC(124) Old regions: 638->485
[355.562s][info][gc,heap        ] GC(124) Humongous regions: 77->77
[355.562s][info][gc,metaspace   ] GC(124) Metaspace: 28875K(29248K)->28875K(29248K) NonClass: 23991K(24128K)->23991K(24128K) Class: 4884K(5120K)->4884K(5120K)
[355.562s][info][gc             ] GC(124) Pause Young (Mixed) (G1 Evacuation Pause) 3715M->1351M(4096M) 133.253ms
[355.562s][info][gc,cpu         ] GC(124) User=0.79s Sys=0.00s Real=0.14s
..[357.115s][info][gc,start       ] GC(125) Pause Young (Concurrent Start) (G1 Evacuation Pause)
[357.115s][info][gc,task        ] GC(125) Using 6 workers of 6 for evacuation
[357.239s][info][gc,phases      ] GC(125)   Pre Evacuate Collection Set: 0.39ms
[357.239s][info][gc,phases      ] GC(125)   Merge Heap Roots: 0.47ms
[357.239s][info][gc,phases      ] GC(125)   Evacuate Collection Set: 121.88ms
[357.239s][info][gc,phases      ] GC(125)   Post Evacuate Collection Set: 0.89ms
[357.239s][info][gc,phases      ] GC(125)   Other: 0.13ms
[357.239s][info][gc,heap        ] GC(125) Eden regions: 1114->0(1111)
[357.239s][info][gc,heap        ] GC(125) Survivor regions: 114->117(154)
[357.239s][info][gc,heap        ] GC(125) Old regions: 485->516
[357.239s][info][gc,heap        ] GC(125) Humongous regions: 77->77
[357.239s][info][gc,metaspace   ] GC(125) Metaspace: 28875K(29248K)->28875K(29248K) NonClass: 23991K(24128K)->23991K(24128K) Class: 4884K(5120K)->4884K(5120K)
[357.239s][info][gc             ] GC(125) Pause Young (Concurrent Start) (G1 Evacuation Pause) 3579M->1418M(4096M) 123.895ms
[357.239s][info][gc             ] GC(126) Concurrent Mark Cycle
[357.239s][info][gc,marking     ] GC(126) Concurrent Scan Root Regions
[357.239s][info][gc,cpu         ] GC(125) User=0.74s Sys=0.00s Real=0.12s
[357.447s][info][gc,marking     ] GC(126) Concurrent Scan Root Regions 208.680ms
[357.448s][info][gc,marking     ] GC(126) Concurrent Mark
[357.448s][info][gc,marking     ] GC(126) Concurrent Mark From Roots
[357.448s][info][gc,task        ] GC(126) Using 2 workers of 2 for marking
.[358.669s][info][gc,marking     ] GC(126) Concurrent Mark From Roots 1221.807ms
[358.669s][info][gc,marking     ] GC(126) Concurrent Preclean
[358.669s][info][gc,marking     ] GC(126) Concurrent Preclean 0.073ms
[358.672s][info][gc,start       ] GC(126) Pause Remark
[358.678s][info][gc             ] GC(126) Pause Remark 2862M->2862M(4096M) 5.884ms
[358.678s][info][gc,cpu         ] GC(126) User=0.03s Sys=0.01s Real=0.01s
[358.679s][info][gc,marking     ] GC(126) Concurrent Mark 1231.300ms
[358.679s][info][gc,marking     ] GC(126) Concurrent Rebuild Remembered Sets and Scrub Regions
.[359.239s][info][gc,marking     ] GC(126) Concurrent Rebuild Remembered Sets and Scrub Regions 560.617ms
[359.242s][info][gc,start       ] GC(126) Pause Cleanup
[359.242s][info][gc             ] GC(126) Pause Cleanup 3510M->3510M(4096M) 0.159ms
[359.242s][info][gc,cpu         ] GC(126) User=0.00s Sys=0.00s Real=0.00s
[359.244s][info][gc,marking     ] GC(126) Concurrent Clear Claimed Marks
[359.244s][info][gc,marking     ] GC(126) Concurrent Clear Claimed Marks 0.068ms
[359.244s][info][gc,marking     ] GC(126) Concurrent Cleanup for Next Mark
[359.250s][info][gc,marking     ] GC(126) Concurrent Cleanup for Next Mark 5.446ms
[359.250s][info][gc             ] GC(126) Concurrent Mark Cycle 2011.118ms
[359.334s][info][gc,start       ] GC(127) Pause Young (Prepare Mixed) (G1 Evacuation Pause)
[359.334s][info][gc,task        ] GC(127) Using 6 workers of 6 for evacuation
[359.462s][info][gc,phases      ] GC(127)   Pre Evacuate Collection Set: 0.32ms
[359.462s][info][gc,phases      ] GC(127)   Merge Heap Roots: 0.53ms
[359.462s][info][gc,phases      ] GC(127)   Evacuate Collection Set: 126.90ms
[359.462s][info][gc,phases      ] GC(127)   Post Evacuate Collection Set: 0.92ms
[359.462s][info][gc,phases      ] GC(127)   Other: 0.09ms
[359.462s][info][gc,heap        ] GC(127) Eden regions: 1111->0(1082)
[359.462s][info][gc,heap        ] GC(127) Survivor regions: 117->118(154)
[359.462s][info][gc,heap        ] GC(127) Old regions: 516->550
[359.462s][info][gc,heap        ] GC(127) Humongous regions: 77->77
[359.462s][info][gc,metaspace   ] GC(127) Metaspace: 28875K(29248K)->28875K(29248K) NonClass: 23991K(24128K)->23991K(24128K) Class: 4884K(5120K)->4884K(5120K)
[359.462s][info][gc             ] GC(127) Pause Young (Prepare Mixed) (G1 Evacuation Pause) 3640M->1489M(4096M) 128.889ms
[359.462s][info][gc,cpu         ] GC(127) User=0.77s Sys=0.00s Real=0.13s
.[360.994s][info][gc,start       ] GC(128) Pause Young (Mixed) (G1 Evacuation Pause)
[360.994s][info][gc,task        ] GC(128) Using 6 workers of 6 for evacuation
[361.126s][info][gc,phases      ] GC(128)   Pre Evacuate Collection Set: 0.40ms
[361.126s][info][gc,phases      ] GC(128)   Merge Heap Roots: 0.52ms
[361.126s][info][gc,phases      ] GC(128)   Evacuate Collection Set: 130.66ms
[361.126s][info][gc,phases      ] GC(128)   Post Evacuate Collection Set: 0.94ms
[361.126s][info][gc,phases      ] GC(128)   Other: 0.11ms
[361.126s][info][gc,heap        ] GC(128) Eden regions: 1082->0(1111)
[361.126s][info][gc,heap        ] GC(128) Survivor regions: 118->117(150)
[361.126s][info][gc,heap        ] GC(128) Old regions: 550->477
[361.126s][info][gc,heap        ] GC(128) Humongous regions: 77->77
[361.126s][info][gc,metaspace   ] GC(128) Metaspace: 28875K(29248K)->28875K(29248K) NonClass: 23991K(24128K)->23991K(24128K) Class: 4884K(5120K)->4884K(5120K)
[361.126s][info][gc             ] GC(128) Pause Young (Mixed) (G1 Evacuation Pause) 3653M->1341M(4096M) 132.764ms
[361.126s][info][gc,cpu         ] GC(128) User=0.79s Sys=0.00s Real=0.13s
.[362.408s][info][gc,start       ] GC(129) Pause Young (Concurrent Start) (G1 Evacuation Pause)
[362.408s][info][gc,task        ] GC(129) Using 6 workers of 6 for evacuation
[362.537s][info][gc,phases      ] GC(129)   Pre Evacuate Collection Set: 0.37ms
[362.537s][info][gc,phases      ] GC(129)   Merge Heap Roots: 0.50ms
[362.537s][info][gc,phases      ] GC(129)   Evacuate Collection Set: 127.20ms
[362.537s][info][gc,phases      ] GC(129)   Post Evacuate Collection Set: 0.93ms
[362.537s][info][gc,phases      ] GC(129)   Other: 0.10ms
[362.537s][info][gc,heap        ] GC(129) Eden regions: 1111->0(1108)
[362.537s][info][gc,heap        ] GC(129) Survivor regions: 117->120(154)
[362.537s][info][gc,heap        ] GC(129) Old regions: 477->508
[362.537s][info][gc,heap        ] GC(129) Humongous regions: 77->77
[362.537s][info][gc,metaspace   ] GC(129) Metaspace: 28875K(29248K)->28875K(29248K) NonClass: 23991K(24128K)->23991K(24128K) Class: 4884K(5120K)->4884K(5120K)
[362.537s][info][gc             ] GC(129) Pause Young (Concurrent Start) (G1 Evacuation Pause) 3563M->1408M(4096M) 129.249ms
[362.537s][info][gc             ] GC(130) Concurrent Mark Cycle
[362.537s][info][gc,marking     ] GC(130) Concurrent Scan Root Regions
[362.537s][info][gc,cpu         ] GC(129) User=0.77s Sys=0.00s Real=0.13s
[362.713s][info][gc,marking     ] GC(130) Concurrent Scan Root Regions 175.966ms
[362.713s][info][gc,marking     ] GC(130) Concurrent Mark
[362.713s][info][gc,marking     ] GC(130) Concurrent Mark From Roots
[362.713s][info][gc,task        ] GC(130) Using 2 workers of 2 for marking
.[363.817s][info][gc,marking     ] GC(130) Concurrent Mark From Roots 1103.989ms
[363.817s][info][gc,marking     ] GC(130) Concurrent Preclean
[363.817s][info][gc,marking     ] GC(130) Concurrent Preclean 0.051ms
[363.817s][info][gc,start       ] GC(130) Pause Remark
[363.824s][info][gc             ] GC(130) Pause Remark 2593M->2593M(4096M) 6.267ms
[363.824s][info][gc,cpu         ] GC(130) User=0.03s Sys=0.00s Real=0.01s
[363.825s][info][gc,marking     ] GC(130) Concurrent Mark 1111.983ms
[363.825s][info][gc,marking     ] GC(130) Concurrent Rebuild Remembered Sets and Scrub Regions
.[364.295s][info][gc,marking     ] GC(130) Concurrent Rebuild Remembered Sets and Scrub Regions 470.161ms
[364.297s][info][gc,start       ] GC(130) Pause Cleanup
[364.297s][info][gc             ] GC(130) Pause Cleanup 3254M->3254M(4096M) 0.150ms
[364.297s][info][gc,cpu         ] GC(130) User=0.00s Sys=0.00s Real=0.00s
[364.298s][info][gc,marking     ] GC(130) Concurrent Clear Claimed Marks
[364.298s][info][gc,marking     ] GC(130) Concurrent Clear Claimed Marks 0.039ms
[364.298s][info][gc,marking     ] GC(130) Concurrent Cleanup for Next Mark
[364.400s][info][gc,marking     ] GC(130) Concurrent Cleanup for Next Mark 102.852ms
[364.401s][info][gc             ] GC(130) Concurrent Mark Cycle 1863.404ms
[364.516s][info][gc,start       ] GC(131) Pause Young (Prepare Mixed) (G1 Evacuation Pause)
[364.516s][info][gc,task        ] GC(131) Using 6 workers of 6 for evacuation
[364.645s][info][gc,phases      ] GC(131)   Pre Evacuate Collection Set: 0.31ms
[364.645s][info][gc,phases      ] GC(131)   Merge Heap Roots: 0.53ms
[364.645s][info][gc,phases      ] GC(131)   Evacuate Collection Set: 127.34ms
[364.645s][info][gc,phases      ] GC(131)   Post Evacuate Collection Set: 0.93ms
[364.645s][info][gc,phases      ] GC(131)   Other: 0.09ms
[364.645s][info][gc,heap        ] GC(131) Eden regions: 1108->0(1106)
[364.645s][info][gc,heap        ] GC(131) Survivor regions: 120->78(154)
[364.645s][info][gc,heap        ] GC(131) Old regions: 508->585
[364.645s][info][gc,heap        ] GC(131) Humongous regions: 77->77
[364.645s][info][gc,metaspace   ] GC(131) Metaspace: 28875K(29248K)->28875K(29248K) NonClass: 23991K(24128K)->23991K(24128K) Class: 4884K(5120K)->4884K(5120K)
[364.645s][info][gc             ] GC(131) Pause Young (Prepare Mixed) (G1 Evacuation Pause) 3624M->1478M(4096M) 129.327ms
[364.645s][info][gc,cpu         ] GC(131) User=0.77s Sys=0.00s Real=0.13s
.[366.242s][info][gc,start       ] GC(132) Pause Young (Mixed) (G1 Evacuation Pause)
[366.242s][info][gc,task        ] GC(132) Using 6 workers of 6 for evacuation
[366.350s][info][gc,phases      ] GC(132)   Pre Evacuate Collection Set: 0.40ms
[366.350s][info][gc,phases      ] GC(132)   Merge Heap Roots: 0.62ms
[366.350s][info][gc,phases      ] GC(132)   Evacuate Collection Set: 106.15ms
[366.350s][info][gc,phases      ] GC(132)   Post Evacuate Collection Set: 0.88ms
[366.350s][info][gc,phases      ] GC(132)   Other: 0.09ms
[366.350s][info][gc,heap        ] GC(132) Eden regions: 1106->0(1163)
[366.350s][info][gc,heap        ] GC(132) Survivor regions: 78->65(148)
[366.350s][info][gc,heap        ] GC(132) Old regions: 585->530
[366.350s][info][gc,heap        ] GC(132) Humongous regions: 77->77
[366.350s][info][gc,metaspace   ] GC(132) Metaspace: 28875K(29248K)->28875K(29248K) NonClass: 23991K(24128K)->23991K(24128K) Class: 4884K(5120K)->4884K(5120K)
[366.350s][info][gc             ] GC(132) Pause Young (Mixed) (G1 Evacuation Pause) 3690M->1341M(4096M) 108.275ms
[366.350s][info][gc,cpu         ] GC(132) User=0.64s Sys=0.00s Real=0.11s
..[367.870s][info][gc,start       ] GC(133) Pause Young (Concurrent Start) (G1 Evacuation Pause)
[367.870s][info][gc,task        ] GC(133) Using 6 workers of 6 for evacuation
[368.018s][info][gc,phases      ] GC(133)   Pre Evacuate Collection Set: 0.34ms
[368.018s][info][gc,phases      ] GC(133)   Merge Heap Roots: 0.48ms
[368.018s][info][gc,phases      ] GC(133)   Evacuate Collection Set: 146.33ms
[368.018s][info][gc,phases      ] GC(133)   Post Evacuate Collection Set: 0.96ms
[368.018s][info][gc,phases      ] GC(133)   Other: 0.11ms
[368.018s][info][gc,heap        ] GC(133) Eden regions: 1163->0(1110)
[368.018s][info][gc,heap        ] GC(133) Survivor regions: 65->114(154)
[368.018s][info][gc,heap        ] GC(133) Old regions: 530->530
[368.018s][info][gc,heap        ] GC(133) Humongous regions: 77->77
[368.018s][info][gc,metaspace   ] GC(133) Metaspace: 28877K(29248K)->28877K(29248K) NonClass: 23993K(24128K)->23993K(24128K) Class: 4884K(5120K)->4884K(5120K)
[368.018s][info][gc             ] GC(133) Pause Young (Concurrent Start) (G1 Evacuation Pause) 3667M->1440M(4096M) 148.348ms
[368.018s][info][gc             ] GC(134) Concurrent Mark Cycle
[368.018s][info][gc,marking     ] GC(134) Concurrent Scan Root Regions
[368.018s][info][gc,cpu         ] GC(133) User=0.60s Sys=0.00s Real=0.15s
[368.161s][info][gc,marking     ] GC(134) Concurrent Scan Root Regions 142.700ms
[368.161s][info][gc,marking     ] GC(134) Concurrent Mark
[368.161s][info][gc,marking     ] GC(134) Concurrent Mark From Roots
[368.161s][info][gc,task        ] GC(134) Using 2 workers of 2 for marking
.[369.297s][info][gc,marking     ] GC(134) Concurrent Mark From Roots 1135.864ms
[369.297s][info][gc,marking     ] GC(134) Concurrent Preclean
[369.297s][info][gc,marking     ] GC(134) Concurrent Preclean 0.075ms
[369.300s][info][gc,start       ] GC(134) Pause Remark
[369.305s][info][gc             ] GC(134) Pause Remark 2394M->2394M(4096M) 4.312ms
[369.305s][info][gc,cpu         ] GC(134) User=0.02s Sys=0.00s Real=0.01s
[369.305s][info][gc,marking     ] GC(134) Concurrent Mark 1143.604ms
[369.305s][info][gc,marking     ] GC(134) Concurrent Rebuild Remembered Sets and Scrub Regions
[369.616s][info][gc,marking     ] GC(134) Concurrent Rebuild Remembered Sets and Scrub Regions 310.810ms
[369.619s][info][gc,start       ] GC(134) Pause Cleanup
[369.619s][info][gc             ] GC(134) Pause Cleanup 2708M->2708M(4096M) 0.184ms
[369.619s][info][gc,cpu         ] GC(134) User=0.00s Sys=0.00s Real=0.00s
[369.620s][info][gc,marking     ] GC(134) Concurrent Clear Claimed Marks
[369.620s][info][gc,marking     ] GC(134) Concurrent Clear Claimed Marks 0.038ms
[369.620s][info][gc,marking     ] GC(134) Concurrent Cleanup for Next Mark
[369.625s][info][gc,marking     ] GC(134) Concurrent Cleanup for Next Mark 4.480ms
[369.625s][info][gc             ] GC(134) Concurrent Mark Cycle 1606.258ms
. (rIR:aIR:PR = 11548:11583:10379) (tPR = 153107) [PR is under limit] 
   369s: Re-initializing (term[370.143s][info][gc,start       ] GC(135) Pause Young (Prepare Mixed) (G1 Evacuation Pause)
[370.143s][info][gc,task        ] GC(135) Using 6 workers of 6 for evacuation
[370.273s][info][gc,phases      ] GC(135)   Pre Evacuate Collection Set: 0.36ms
[370.273s][info][gc,phases      ] GC(135)   Merge Heap Roots: 0.54ms
[370.273s][info][gc,phases      ] GC(135)   Evacuate Collection Set: 128.09ms
[370.273s][info][gc,phases      ] GC(135)   Post Evacuate Collection Set: 0.98ms
[370.273s][info][gc,phases      ] GC(135)   Other: 0.08ms
[370.273s][info][gc,heap        ] GC(135) Eden regions: 1110->0(1059)
[370.273s][info][gc,heap        ] GC(135) Survivor regions: 114->124(153)
[370.273s][info][gc,heap        ] GC(135) Old regions: 530->561
[370.273s][info][gc,heap        ] GC(135) Humongous regions: 77->77
[370.273s][info][gc,metaspace   ] GC(135) Metaspace: 28877K(29248K)->28877K(29248K) NonClass: 23993K(24128K)->23993K(24128K) Class: 4884K(5120K)->4884K(5120K)
[370.273s][info][gc             ] GC(135) Pause Young (Prepare Mixed) (G1 Evacuation Pause) 3660M->1522M(4096M) 130.186ms
[370.273s][info][gc,cpu         ] GC(135) User=0.77s Sys=0.00s Real=0.13s
[371.591s][info][gc,start       ] GC(136) Pause Young (Mixed) (G1 Evacuation Pause)
[371.591s][info][gc,task        ] GC(136) Using 6 workers of 6 for evacuation
[371.756s][info][gc,phases      ] GC(136)   Pre Evacuate Collection Set: 0.37ms
[371.756s][info][gc,phases      ] GC(136)   Merge Heap Roots: 0.83ms
[371.756s][info][gc,phases      ] GC(136)   Evacuate Collection Set: 163.37ms
[371.756s][info][gc,phases      ] GC(136)   Post Evacuate Collection Set: 0.96ms
[371.756s][info][gc,phases      ] GC(136)   Other: 0.09ms
[371.756s][info][gc,heap        ] GC(136) Eden regions: 1059->0(1145)
[371.756s][info][gc,heap        ] GC(136) Survivor regions: 124->83(148)
[371.756s][info][gc,heap        ] GC(136) Old regions: 561->525
[371.756s][info][gc,heap        ] GC(136) Humongous regions: 77->77
[371.756s][info][gc,metaspace   ] GC(136) Metaspace: 28877K(29248K)->28877K(29248K) NonClass: 23993K(24128K)->23993K(24128K) Class: 4884K(5120K)->4884K(5120K)
[371.756s][info][gc             ] GC(136) Pause Young (Mixed) (G1 Evacuation Pause) 3640M->1368M(4096M) 165.760ms
[371.756s][info][gc,cpu         ] GC(136) User=0.98s Sys=0.00s Real=0.17s
[373.217s][info][gc,start       ] GC(137) Pause Young (Concurrent Start) (G1 Evacuation Pause)
[373.217s][info][gc,task        ] GC(137) Using 6 workers of 6 for evacuation
[373.339s][info][gc,phases      ] GC(137)   Pre Evacuate Collection Set: 0.38ms
[373.339s][info][gc,phases      ] GC(137)   Merge Heap Roots: 0.50ms
[373.339s][info][gc,phases      ] GC(137)   Evacuate Collection Set: 119.86ms
[373.339s][info][gc,phases      ] GC(137)   Post Evacuate Collection Set: 0.88ms
[373.339s][info][gc,phases      ] GC(137)   Other: 0.84ms
[373.339s][info][gc,heap        ] GC(137) Eden regions: 1145->0(1096)
[373.339s][info][gc,heap        ] GC(137) Survivor regions: 83->86(154)
[373.339s][info][gc,heap        ] GC(137) Old regions: 525->583
[373.339s][info][gc,heap        ] GC(137) Humongous regions: 77->77
[373.339s][info][gc,metaspace   ] GC(137) Metaspace: 28877K(29248K)->28877K(29248K) NonClass: 23993K(24128K)->23993K(24128K) Class: 4884K(5120K)->4884K(5120K)
[373.339s][info][gc             ] GC(137) Pause Young (Concurrent Start) (G1 Evacuation Pause) 3658M->1491M(4096M) 122.595ms
[373.339s][info][gc             ] GC(138) Concurrent Mark Cycle
[373.339s][info][gc,cpu         ] GC(137) User=0.72s Sys=0.00s Real=0.12s
[373.339s][info][gc,marking     ] GC(138) Concurrent Scan Root Regions
[373.551s][info][gc,marking     ] GC(138) Concurrent Scan Root Regions 212.068ms
[373.551s][info][gc,marking     ] GC(138) Concurrent Mark
[373.552s][info][gc,marking     ] GC(138) Concurrent Mark From Roots
[373.552s][info][gc,task        ] GC(138) Using 2 workers of 2 for marking
) [374.241s][info][gc,start       ] GC(139) Pause Full (System.gc())
[374.241s][info][gc,task        ] GC(139) Using 6 workers of 6 for full compaction
[374.244s][info][gc,phases,start] GC(139) Phase 1: Mark live objects
[374.259s][info][gc,phases      ] GC(139) Phase 1: Mark live objects 14.799ms
[374.259s][info][gc,phases,start] GC(139) Phase 2: Prepare compaction
[374.262s][info][gc,phases      ] GC(139) Phase 2: Prepare compaction 2.583ms
[374.262s][info][gc,phases,start] GC(139) Phase 3: Adjust pointers
[374.269s][info][gc,phases      ] GC(139) Phase 3: Adjust pointers 7.227ms
[374.269s][info][gc,phases,start] GC(139) Phase 4: Compact heap
[374.272s][info][gc,phases      ] GC(139) Phase 4: Compact heap 2.561ms
[374.272s][info][gc,phases,start] GC(139) Phase 5: Reset Metadata
[374.276s][info][gc,phases      ] GC(139) Phase 5: Reset Metadata 4.336ms
[374.283s][info][gc,heap        ] GC(139) Eden regions: 431->0(1228)
[374.283s][info][gc,heap        ] GC(139) Survivor regions: 86->0(154)
[374.283s][info][gc,heap        ] GC(139) Old regions: 583->36
[374.283s][info][gc,heap        ] GC(139) Humongous regions: 77->66
[374.283s][info][gc,metaspace   ] GC(139) Metaspace: 28877K(29248K)->28877K(29248K) NonClass: 23993K(24128K)->23993K(24128K) Class: 4884K(5120K)->4884K(5120K)
[374.283s][info][gc             ] GC(139) Pause Full (System.gc()) 2353M->194M(4096M) 42.549ms
[374.283s][info][gc,cpu         ] GC(139) User=0.22s Sys=0.00s Real=0.05s
[374.283s][info][gc,marking     ] GC(138) Concurrent Mark From Roots 731.699ms
[374.283s][info][gc,marking     ] GC(138) Concurrent Mark Abort
[374.283s][info][gc             ] GC(138) Concurrent Mark Cycle 943.848ms
(init[374.521s][info][gc,start       ] GC(140) Pause Young (Concurrent Start) (G1 Humongous Allocation)
[374.521s][info][gc,task        ] GC(140) Using 6 workers of 6 for evacuation
[374.530s][info][gc,phases      ] GC(140)   Pre Evacuate Collection Set: 0.31ms
[374.530s][info][gc,phases      ] GC(140)   Merge Heap Roots: 0.03ms
[374.530s][info][gc,phases      ] GC(140)   Evacuate Collection Set: 8.35ms
[374.530s][info][gc,phases      ] GC(140)   Post Evacuate Collection Set: 0.23ms
[374.530s][info][gc,phases      ] GC(140)   Other: 0.07ms
[374.530s][info][gc,heap        ] GC(140) Eden regions: 32->0(1220)
[374.530s][info][gc,heap        ] GC(140) Survivor regions: 0->8(154)
[374.530s][info][gc,heap        ] GC(140) Old regions: 36->36
[374.530s][info][gc,heap        ] GC(140) Humongous regions: 66->66
[374.530s][info][gc,metaspace   ] GC(140) Metaspace: 28877K(29248K)->28877K(29248K) NonClass: 23993K(24128K)->23993K(24128K) Class: 4884K(5120K)->4884K(5120K)
[374.530s][info][gc             ] GC(140) Pause Young (Concurrent Start) (G1 Humongous Allocation) 258M->210M(4096M) 9.124ms
[374.531s][info][gc             ] GC(141) Concurrent Mark Cycle
[374.531s][info][gc,cpu         ] GC(140) User=0.05s Sys=0.00s Real=0.01s
[374.531s][info][gc,marking     ] GC(141) Concurrent Scan Root Regions
[374.535s][info][gc,marking     ] GC(141) Concurrent Scan Root Regions 4.851ms
[374.535s][info][gc,marking     ] GC(141) Concurrent Mark
[374.535s][info][gc,marking     ] GC(141) Concurrent Mark From Roots
[374.535s][info][gc,task        ] GC(141) Using 2 workers of 2 for marking
[374.584s][info][gc,marking     ] GC(141) Concurrent Mark From Roots 48.504ms
[374.584s][info][gc,marking     ] GC(141) Concurrent Preclean
[374.584s][info][gc,marking     ] GC(141) Concurrent Preclean 0.058ms
[374.584s][info][gc,start       ] GC(141) Pause Remark
[374.586s][info][gc             ] GC(141) Pause Remark 326M->326M(4096M) 1.857ms
[374.586s][info][gc,cpu         ] GC(141) User=0.01s Sys=0.00s Real=0.00s
[374.586s][info][gc,marking     ] GC(141) Concurrent Mark 50.587ms
[374.586s][info][gc,marking     ] GC(141) Concurrent Rebuild Remembered Sets and Scrub Regions
[374.616s][info][gc,marking     ] GC(141) Concurrent Rebuild Remembered Sets and Scrub Regions 30.088ms
[374.616s][info][gc,start       ] GC(141) Pause Cleanup
[374.616s][info][gc             ] GC(141) Pause Cleanup 416M->416M(4096M) 0.069ms
[374.616s][info][gc,cpu         ] GC(141) User=0.00s Sys=0.00s Real=0.00s
[374.616s][info][gc,marking     ] GC(141) Concurrent Clear Claimed Marks
[374.616s][info][gc,marking     ] GC(141) Concurrent Clear Claimed Marks 0.027ms
[374.616s][info][gc,marking     ] GC(141) Concurrent Cleanup for Next Mark
[374.621s][info][gc,marking     ] GC(141) Concurrent Cleanup for Next Mark 4.965ms
[374.621s][info][gc             ] GC(141) Concurrent Mark Cycle 90.820ms
) ... OK
   378s: high-bound for max-jOPS is measured to be 13837
   378s: 
   378s: Restarting (term) [378.613s][info][gc,start       ] GC(142) Pause Full (System.gc())
[378.613s][info][gc,task        ] GC(142) Using 6 workers of 6 for full compaction
[378.613s][info][gc,phases,start] GC(142) Phase 1: Mark live objects
[378.628s][info][gc,phases      ] GC(142) Phase 1: Mark live objects 14.322ms
[378.628s][info][gc,phases,start] GC(142) Phase 2: Prepare compaction
[378.630s][info][gc,phases      ] GC(142) Phase 2: Prepare compaction 2.117ms
[378.630s][info][gc,phases,start] GC(142) Phase 3: Adjust pointers
[378.637s][info][gc,phases      ] GC(142) Phase 3: Adjust pointers 7.033ms
[378.637s][info][gc,phases,start] GC(142) Phase 4: Compact heap
[378.639s][info][gc,phases      ] GC(142) Phase 4: Compact heap 2.073ms
[378.639s][info][gc,phases,start] GC(142) Phase 5: Reset Metadata
[378.644s][info][gc,phases      ] GC(142) Phase 5: Reset Metadata 4.405ms
[378.650s][info][gc,heap        ] GC(142) Eden regions: 930->0(1228)
[378.650s][info][gc,heap        ] GC(142) Survivor regions: 8->0(154)
[378.650s][info][gc,heap        ] GC(142) Old regions: 36->36
[378.650s][info][gc,heap        ] GC(142) Humongous regions: 163->66
[378.650s][info][gc,metaspace   ] GC(142) Metaspace: 28891K(29248K)->28891K(29248K) NonClass: 24007K(24128K)->24007K(24128K) Class: 4884K(5120K)->4884K(5120K)
[378.650s][info][gc             ] GC(142) Pause Full (System.gc()) 2262M->194M(4096M) 36.869ms
[378.650s][info][gc,cpu         ] GC(142) User=0.19s Sys=0.00s Real=0.03s
(init[378.888s][info][gc,start       ] GC(143) Pause Young (Concurrent Start) (G1 Humongous Allocation)
[378.888s][info][gc,task        ] GC(143) Using 6 workers of 6 for evacuation
[378.902s][info][gc,phases      ] GC(143)   Pre Evacuate Collection Set: 0.36ms
[378.902s][info][gc,phases      ] GC(143)   Merge Heap Roots: 0.04ms
[378.902s][info][gc,phases      ] GC(143)   Evacuate Collection Set: 13.17ms
[378.902s][info][gc,phases      ] GC(143)   Post Evacuate Collection Set: 0.25ms
[378.902s][info][gc,phases      ] GC(143)   Other: 0.08ms
[378.902s][info][gc,heap        ] GC(143) Eden regions: 50->0(1214)
[378.902s][info][gc,heap        ] GC(143) Survivor regions: 0->14(154)
[378.902s][info][gc,heap        ] GC(143) Old regions: 36->36
[378.902s][info][gc,heap        ] GC(143) Humongous regions: 66->66
[378.902s][info][gc,metaspace   ] GC(143) Metaspace: 28891K(29248K)->28891K(29248K) NonClass: 24007K(24128K)->24007K(24128K) Class: 4884K(5120K)->4884K(5120K)
[378.902s][info][gc             ] GC(143) Pause Young (Concurrent Start) (G1 Humongous Allocation) 292M->222M(4096M) 14.045ms
[378.902s][info][gc             ] GC(144) Concurrent Mark Cycle
[378.902s][info][gc,cpu         ] GC(143) User=0.08s Sys=0.00s Real=0.02s
[378.902s][info][gc,marking     ] GC(144) Concurrent Scan Root Regions
[378.914s][info][gc,marking     ] GC(144) Concurrent Scan Root Regions 11.929ms
[378.914s][info][gc,marking     ] GC(144) Concurrent Mark
[378.914s][info][gc,marking     ] GC(144) Concurrent Mark From Roots
[378.914s][info][gc,task        ] GC(144) Using 2 workers of 2 for marking
[378.975s][info][gc,marking     ] GC(144) Concurrent Mark From Roots 60.614ms
[378.975s][info][gc,marking     ] GC(144) Concurrent Preclean
[378.975s][info][gc,marking     ] GC(144) Concurrent Preclean 0.052ms
[378.975s][info][gc,start       ] GC(144) Pause Remark
[378.977s][info][gc             ] GC(144) Pause Remark 345M->345M(4096M) 1.750ms
[378.977s][info][gc,cpu         ] GC(144) User=0.01s Sys=0.00s Real=0.00s
[378.977s][info][gc,marking     ] GC(144) Concurrent Mark 62.569ms
[378.977s][info][gc,marking     ] GC(144) Concurrent Rebuild Remembered Sets and Scrub Regions
[379.009s][info][gc,marking     ] GC(144) Concurrent Rebuild Remembered Sets and Scrub Regions 32.260ms
[379.009s][info][gc,start       ] GC(144) Pause Cleanup
[379.009s][info][gc             ] GC(144) Pause Cleanup 407M->407M(4096M) 0.072ms
[379.009s][info][gc,cpu         ] GC(144) User=0.00s Sys=0.00s Real=0.00s
[379.009s][info][gc,marking     ] GC(144) Concurrent Clear Claimed Marks
[379.009s][info][gc,marking     ] GC(144) Concurrent Clear Claimed Marks 0.034ms
[379.010s][info][gc,marking     ] GC(144) Concurrent Cleanup for Next Mark
[379.014s][info][gc,marking     ] GC(144) Concurrent Cleanup for Next Mark 4.378ms
[379.014s][info][gc             ] GC(144) Concurrent Mark Cycle 111.504ms
) ... OK
   382s: 
   382s: Warmup for building throughput-responsetime curve
   382s: (10%)   IR =   1384 ..[386.096s][info][gc,start       ] GC(145) Pause Young (Prepare Mixed) (G1 Evacuation Pause)
[386.096s][info][gc,task        ] GC(145) Using 6 workers of 6 for evacuation
[386.570s][info][gc,mmu         ] GC(145) MMU target violated: 201.0ms (200.0ms/201.0ms)
[386.570s][info][gc,phases      ] GC(145)   Pre Evacuate Collection Set: 0.32ms
[386.570s][info][gc,phases      ] GC(145)   Merge Heap Roots: 0.54ms
[386.570s][info][gc,phases      ] GC(145)   Evacuate Collection Set: 471.66ms
[386.570s][info][gc,phases      ] GC(145)   Post Evacuate Collection Set: 1.25ms
[386.570s][info][gc,phases      ] GC(145)   Other: 0.11ms
[386.570s][info][gc,heap        ] GC(145) Eden regions: 1214->0(504)
[386.570s][info][gc,heap        ] GC(145) Survivor regions: 14->154(154)
[386.570s][info][gc,heap        ] GC(145) Old regions: 36->344
[386.570s][info][gc,heap        ] GC(145) Humongous regions: 163->155
[386.570s][info][gc,metaspace   ] GC(145) Metaspace: 28894K(29248K)->28894K(29248K) NonClass: 24009K(24128K)->24009K(24128K) Class: 4884K(5120K)->4884K(5120K)
[386.570s][info][gc             ] GC(145) Pause Young (Prepare Mixed) (G1 Evacuation Pause) 2844M->1296M(4096M) 473.977ms
[386.570s][info][gc,cpu         ] GC(145) User=2.82s Sys=0.00s Real=0.47s
....[390.487s][info][gc,start       ] GC(146) Pause Young (Mixed) (G1 Evacuation Pause)
[390.487s][info][gc,task        ] GC(146) Using 6 workers of 6 for evacuation
[390.687s][info][gc,phases      ] GC(146)   Pre Evacuate Collection Set: 0.33ms
[390.687s][info][gc,phases      ] GC(146)   Merge Heap Roots: 0.56ms
[390.687s][info][gc,phases      ] GC(146)   Evacuate Collection Set: 198.36ms
[390.687s][info][gc,phases      ] GC(146)   Post Evacuate Collection Set: 0.53ms
[390.687s][info][gc,phases      ] GC(146)   Other: 0.07ms
[390.687s][info][gc,heap        ] GC(146) Eden regions: 491->0(637)
[390.687s][info][gc,heap        ] GC(146) Survivor regions: 154->29(81)
[390.687s][info][gc,heap        ] GC(146) Old regions: 344->496
[390.687s][info][gc,heap        ] GC(146) Humongous regions: 155->155
[390.687s][info][gc,metaspace   ] GC(146) Metaspace: 28895K(29248K)->28895K(29248K) NonClass: 24010K(24128K)->24010K(24128K) Class: 4884K(5120K)->4884K(5120K)
[390.687s][info][gc             ] GC(146) Pause Young (Mixed) (G1 Evacuation Pause) 2278M->1351M(4096M) 199.992ms
[390.687s][info][gc,cpu         ] GC(146) User=1.19s Sys=0.00s Real=0.20s
......[396.169s][info][gc,start       ] GC(147) Pause Young (Concurrent Start) (G1 Evacuation Pause)
[396.169s][info][gc,task        ] GC(147) Using 6 workers of 6 for evacuation
[396.228s][info][gc,phases      ] GC(147)   Pre Evacuate Collection Set: 0.35ms
[396.229s][info][gc,phases      ] GC(147)   Merge Heap Roots: 0.44ms
[396.229s][info][gc,phases      ] GC(147)   Evacuate Collection Set: 58.20ms
[396.229s][info][gc,phases      ] GC(147)   Post Evacuate Collection Set: 0.63ms
[396.229s][info][gc,phases      ] GC(147)   Other: 0.08ms
[396.229s][info][gc,heap        ] GC(147) Eden regions: 668->0(673)
[396.229s][info][gc,heap        ] GC(147) Survivor regions: 29->60(88)
[396.229s][info][gc,heap        ] GC(147) Old regions: 496->496
[396.229s][info][gc,heap        ] GC(147) Humongous regions: 155->155
[396.229s][info][gc,metaspace   ] GC(147) Metaspace: 28896K(29248K)->28896K(29248K) NonClass: 24011K(24128K)->24011K(24128K) Class: 4884K(5120K)->4884K(5120K)
[396.229s][info][gc             ] GC(147) Pause Young (Concurrent Start) (G1 Evacuation Pause) 2687M->1412M(4096M) 59.844ms
[396.229s][info][gc             ] GC(148) Concurrent Mark Cycle
[396.229s][info][gc,marking     ] GC(148) Concurrent Scan Root Regions
[396.229s][info][gc,cpu         ] GC(147) User=0.35s Sys=0.00s Real=0.06s
[396.306s][info][gc,marking     ] GC(148) Concurrent Scan Root Regions 76.903ms
[396.306s][info][gc,marking     ] GC(148) Concurrent Mark
[396.306s][info][gc,marking     ] GC(148) Concurrent Mark From Roots
[396.306s][info][gc,task        ] GC(148) Using 2 workers of 2 for marking
.[397.236s][info][gc,marking     ] GC(148) Concurrent Mark From Roots 930.658ms
[397.236s][info][gc,marking     ] GC(148) Concurrent Preclean
[397.236s][info][gc,marking     ] GC(148) Concurrent Preclean 0.052ms
[397.236s][info][gc,start       ] GC(148) Pause Remark
[397.241s][info][gc             ] GC(148) Pause Remark 1681M->1449M(4096M) 4.762ms
[397.241s][info][gc,cpu         ] GC(148) User=0.02s Sys=0.00s Real=0.00s
[397.241s][info][gc,marking     ] GC(148) Concurrent Mark 935.720ms
[397.241s][info][gc,marking     ] GC(148) Concurrent Rebuild Remembered Sets and Scrub Regions
[397.569s][info][gc,marking     ] GC(148) Concurrent Rebuild Remembered Sets and Scrub Regions 327.709ms
[397.569s][info][gc,start       ] GC(148) Pause Cleanup
[397.569s][info][gc             ] GC(148) Pause Cleanup 1528M->1528M(4096M) 0.097ms
[397.569s][info][gc,cpu         ] GC(148) User=0.00s Sys=0.00s Real=0.00s
[397.569s][info][gc,marking     ] GC(148) Concurrent Clear Claimed Marks
[397.569s][info][gc,marking     ] GC(148) Concurrent Clear Claimed Marks 0.031ms
[397.569s][info][gc,marking     ] GC(148) Concurrent Cleanup for Next Mark
[397.573s][info][gc,marking     ] GC(148) Concurrent Cleanup for Next Mark 3.190ms
[397.573s][info][gc             ] GC(148) Concurrent Mark Cycle 1343.957ms
.....[401.833s][info][gc,start       ] GC(149) Pause Young (Prepare Mixed) (G1 Evacuation Pause)
[401.833s][info][gc,task        ] GC(149) Using 6 workers of 6 for evacuation
[401.909s][info][gc,phases      ] GC(149)   Pre Evacuate Collection Set: 0.33ms
[401.909s][info][gc,phases      ] GC(149)   Merge Heap Roots: 0.51ms
[401.909s][info][gc,phases      ] GC(149)   Evacuate Collection Set: 75.14ms
[401.909s][info][gc,phases      ] GC(149)   Post Evacuate Collection Set: 0.67ms
[401.909s][info][gc,phases      ] GC(149)   Other: 0.07ms
[401.909s][info][gc,heap        ] GC(149) Eden regions: 666->0(970)
[401.909s][info][gc,heap        ] GC(149) Survivor regions: 60->66(91)
[401.909s][info][gc,heap        ] GC(149) Old regions: 460->482
[401.909s][info][gc,heap        ] GC(149) Humongous regions: 75->75
[401.909s][info][gc,metaspace   ] GC(149) Metaspace: 28904K(29248K)->28904K(29248K) NonClass: 24019K(24128K)->24019K(24128K) Class: 4884K(5120K)->4884K(5120K)
[401.909s][info][gc             ] GC(149) Pause Young (Prepare Mixed) (G1 Evacuation Pause) 2512M->1235M(4096M) 76.853ms
[401.909s][info][gc,cpu         ] GC(149) User=0.46s Sys=0.00s Real=0.07s
.........[410.988s][info][gc,start       ] GC(150) Pause Young (Mixed) (G1 Evacuation Pause)
[410.988s][info][gc,task        ] GC(150) Using 6 workers of 6 for evacuation
[411.084s][info][gc,phases      ] GC(150)   Pre Evacuate Collection Set: 0.36ms
[411.084s][info][gc,phases      ] GC(150)   Merge Heap Roots: 0.44ms
[411.084s][info][gc,phases      ] GC(150)   Evacuate Collection Set: 94.24ms
[411.084s][info][gc,phases      ] GC(150)   Merge Optional Heap Roots: 0.02ms
[411.084s][info][gc,phases      ] GC(150)   Evacuate Optional Collection Set: 0.10ms
[411.084s][info][gc,phases      ] GC(150)   Post Evacuate Collection Set: 0.87ms
[411.084s][info][gc,phases      ] GC(150)   Other: 0.09ms
[411.084s][info][gc,heap        ] GC(150) Eden regions: 1062->0(889)
[411.084s][info][gc,heap        ] GC(150) Survivor regions: 66->109(141)
[411.084s][info][gc,heap        ] GC(150) Old regions: 482->478
[411.084s][info][gc,heap        ] GC(150) Humongous regions: 75->75
[411.084s][info][gc,metaspace   ] GC(150) Metaspace: 28904K(29248K)->28904K(29248K) NonClass: 24019K(24128K)->24019K(24128K) Class: 4884K(5120K)->4884K(5120K)
[411.084s][info][gc             ] GC(150) Pause Young (Mixed) (G1 Evacuation Pause) 3359M->1317M(4096M) 96.247ms
[411.084s][info][gc,cpu         ] GC(150) User=0.57s Sys=0.00s Real=0.10s
........[419.379s][info][gc,start       ] GC(151) Pause Young (Mixed) (G1 Evacuation Pause)
[419.379s][info][gc,task        ] GC(151) Using 6 workers of 6 for evacuation
[419.494s][info][gc,phases      ] GC(151)   Pre Evacuate Collection Set: 0.35ms
[419.494s][info][gc,phases      ] GC(151)   Merge Heap Roots: 0.40ms
[419.494s][info][gc,phases      ] GC(151)   Evacuate Collection Set: 113.26ms
[419.494s][info][gc,phases      ] GC(151)   Post Evacuate Collection Set: 0.82ms
[419.494s][info][gc,phases      ] GC(151)   Other: 0.08ms
[419.494s][info][gc,heap        ] GC(151) Eden regions: 961->0(1077)
[419.494s][info][gc,heap        ] GC(151) Survivor regions: 109->94(134)
[419.494s][info][gc,heap        ] GC(151) Old regions: 478->517
[419.494s][info][gc,heap        ] GC(151) Humongous regions: 77->77
[419.494s][info][gc,metaspace   ] GC(151) Metaspace: 28905K(29248K)->28905K(29248K) NonClass: 24020K(24128K)->24020K(24128K) Class: 4884K(5120K)->4884K(5120K)
[419.494s][info][gc             ] GC(151) Pause Young (Mixed) (G1 Evacuation Pause) 3243M->1372M(4096M) 115.049ms
[419.494s][info][gc,cpu         ] GC(151) User=0.68s Sys=0.00s Real=0.12s
..........[429.193s][info][gc,start       ] GC(152) Pause Young (Mixed) (G1 Evacuation Pause)
[429.193s][info][gc,task        ] GC(152) Using 6 workers of 6 for evacuation
[429.306s][info][gc,phases      ] GC(152)   Pre Evacuate Collection Set: 0.44ms
[429.306s][info][gc,phases      ] GC(152)   Merge Heap Roots: 0.45ms
[429.306s][info][gc,phases      ] GC(152)   Evacuate Collection Set: 111.28ms
[429.306s][info][gc,phases      ] GC(152)   Post Evacuate Collection Set: 0.93ms
[429.306s][info][gc,phases      ] GC(152)   Other: 0.09ms
[429.306s][info][gc,heap        ] GC(152) Eden regions: 1077->0(1053)
[429.306s][info][gc,heap        ] GC(152) Survivor regions: 94->96(147)
[429.306s][info][gc,heap        ] GC(152) Old regions: 517->530
[429.306s][info][gc,heap        ] GC(152) Humongous regions: 77->77
[429.306s][info][gc,metaspace   ] GC(152) Metaspace: 28916K(29312K)->28916K(29312K) NonClass: 24031K(24192K)->24031K(24192K) Class: 4884K(5120K)->4884K(5120K)
[429.306s][info][gc             ] GC(152) Pause Young (Mixed) (G1 Evacuation Pause) 3526M->1404M(4096M) 113.320ms
[429.306s][info][gc,cpu         ] GC(152) User=0.67s Sys=0.01s Real=0.11s
...........[440.531s][info][gc,start       ] GC(153) Pause Young (Concurrent Start) (G1 Evacuation Pause)
[440.531s][info][gc,task        ] GC(153) Using 6 workers of 6 for evacuation
[440.648s][info][gc,phases      ] GC(153)   Pre Evacuate Collection Set: 0.38ms
[440.648s][info][gc,phases      ] GC(153)   Merge Heap Roots: 0.47ms
[440.648s][info][gc,phases      ] GC(153)   Evacuate Collection Set: 115.02ms
[440.648s][info][gc,phases      ] GC(153)   Post Evacuate Collection Set: 0.90ms
[440.648s][info][gc,phases      ] GC(153)   Other: 0.10ms
[440.648s][info][gc,heap        ] GC(153) Eden regions: 1088->0(1071)
[440.648s][info][gc,heap        ] GC(153) Survivor regions: 96->107(148)
[440.648s][info][gc,heap        ] GC(153) Old regions: 530->562
[440.648s][info][gc,heap        ] GC(153) Humongous regions: 77->77
[440.648s][info][gc,metaspace   ] GC(153) Metaspace: 28916K(29312K)->28916K(29312K) NonClass: 24032K(24192K)->24032K(24192K) Class: 4884K(5120K)->4884K(5120K)
[440.648s][info][gc             ] GC(153) Pause Young (Concurrent Start) (G1 Evacuation Pause) 3580M->1489M(4096M) 116.994ms
[440.648s][info][gc             ] GC(154) Concurrent Mark Cycle
[440.648s][info][gc,marking     ] GC(154) Concurrent Scan Root Regions
[440.648s][info][gc,cpu         ] GC(153) User=0.69s Sys=0.00s Real=0.12s
.[440.769s][info][gc,marking     ] GC(154) Concurrent Scan Root Regions 121.450ms
[440.769s][info][gc,marking     ] GC(154) Concurrent Mark
[440.769s][info][gc,marking     ] GC(154) Concurrent Mark From Roots
[440.769s][info][gc,task        ] GC(154) Using 2 workers of 2 for marking
[441.246s][info][gc,marking     ] GC(154) Concurrent Mark From Roots 477.287ms
[441.246s][info][gc,marking     ] GC(154) Concurrent Preclean
[441.246s][info][gc,marking     ] GC(154) Concurrent Preclean 0.049ms
[441.247s][info][gc,start       ] GC(154) Pause Remark
[441.250s][info][gc             ] GC(154) Pause Remark 1634M->1634M(4096M) 3.368ms
[441.250s][info][gc,cpu         ] GC(154) User=0.02s Sys=0.00s Real=0.00s
[441.250s][info][gc,marking     ] GC(154) Concurrent Mark 480.941ms
[441.250s][info][gc,marking     ] GC(154) Concurrent Rebuild Remembered Sets and Scrub Regions
[441.434s][info][gc,marking     ] GC(154) Concurrent Rebuild Remembered Sets and Scrub Regions 183.470ms
[441.434s][info][gc,start       ] GC(154) Pause Cleanup
[441.434s][info][gc             ] GC(154) Pause Cleanup 1662M->1662M(4096M) 0.182ms
[441.434s][info][gc,cpu         ] GC(154) User=0.00s Sys=0.00s Real=0.00s
[441.434s][info][gc,marking     ] GC(154) Concurrent Clear Claimed Marks
[441.434s][info][gc,marking     ] GC(154) Concurrent Clear Claimed Marks 0.041ms
[441.434s][info][gc,marking     ] GC(154) Concurrent Cleanup for Next Mark
[441.438s][info][gc,marking     ] GC(154) Concurrent Cleanup for Next Mark 3.373ms
[441.438s][info][gc             ] GC(154) Concurrent Mark Cycle 789.928ms
...........[452.663s][info][gc,start       ] GC(155) Pause Young (Prepare Mixed) (G1 Evacuation Pause)
[452.663s][info][gc,task        ] GC(155) Using 6 workers of 6 for evacuation
[452.781s][info][gc,phases      ] GC(155)   Pre Evacuate Collection Set: 0.35ms
[452.781s][info][gc,phases      ] GC(155)   Merge Heap Roots: 0.56ms
[452.781s][info][gc,phases      ] GC(155)   Evacuate Collection Set: 116.75ms
[452.781s][info][gc,phases      ] GC(155)   Post Evacuate Collection Set: 0.96ms
[452.781s][info][gc,phases      ] GC(155)   Other: 0.09ms
[452.781s][info][gc,heap        ] GC(155) Eden regions: 1071->0(1053)
[452.781s][info][gc,heap        ] GC(155) Survivor regions: 107->107(148)
[452.781s][info][gc,heap        ] GC(155) Old regions: 562->598
[452.781s][info][gc,heap        ] GC(155) Humongous regions: 77->77
[452.781s][info][gc,metaspace   ] GC(155) Metaspace: 28920K(29312K)->28920K(29312K) NonClass: 24036K(24192K)->24036K(24192K) Class: 4884K(5120K)->4884K(5120K)
[452.781s][info][gc             ] GC(155) Pause Young (Prepare Mixed) (G1 Evacuation Pause) 3631M->1561M(4096M) 118.876ms
[452.782s][info][gc,cpu         ] GC(155) User=0.71s Sys=0.00s Real=0.11s
.............[464.989s][info][gc,start       ] GC(156) Pause Young (Mixed) (G1 Evacuation Pause)
[464.989s][info][gc,task        ] GC(156) Using 6 workers of 6 for evacuation
[465.124s][info][gc,phases      ] GC(156)   Pre Evacuate Collection Set: 0.43ms
[465.124s][info][gc,phases      ] GC(156)   Merge Heap Roots: 0.55ms
[465.124s][info][gc,phases      ] GC(156)   Evacuate Collection Set: 130.20ms
[465.124s][info][gc,phases      ] GC(156)   Merge Optional Heap Roots: 0.04ms
[465.124s][info][gc,phases      ] GC(156)   Evacuate Optional Collection Set: 2.78ms
[465.124s][info][gc,phases      ] GC(156)   Post Evacuate Collection Set: 1.17ms
[465.124s][info][gc,phases      ] GC(156)   Other: 0.11ms
[465.124s][info][gc,heap        ] GC(156) Eden regions: 1053->0(1119)
[465.124s][info][gc,heap        ] GC(156) Survivor regions: 107->109(145)
[465.124s][info][gc,heap        ] GC(156) Old regions: 598->460
[465.124s][info][gc,heap        ] GC(156) Humongous regions: 77->77
[465.124s][info][gc,metaspace   ] GC(156) Metaspace: 28931K(29312K)->28931K(29312K) NonClass: 24046K(24192K)->24046K(24192K) Class: 4884K(5120K)->4884K(5120K)
[465.124s][info][gc             ] GC(156) Pause Young (Mixed) (G1 Evacuation Pause) 3667M->1288M(4096M) 135.420ms
[465.124s][info][gc,cpu         ] GC(156) User=0.80s Sys=0.00s Real=0.14s
.............[478.236s][info][gc,start       ] GC(157) Pause Young (Mixed) (G1 Evacuation Pause)
[478.236s][info][gc,task        ] GC(157) Using 6 workers of 6 for evacuation
[478.354s][info][gc,phases      ] GC(157)   Pre Evacuate Collection Set: 0.35ms
[478.354s][info][gc,phases      ] GC(157)   Merge Heap Roots: 0.46ms
[478.354s][info][gc,phases      ] GC(157)   Evacuate Collection Set: 115.74ms
[478.354s][info][gc,phases      ] GC(157)   Post Evacuate Collection Set: 0.94ms
[478.354s][info][gc,phases      ] GC(157)   Other: 0.08ms
[478.354s][info][gc,heap        ] GC(157) Eden regions: 1119->0(1120)
[478.354s][info][gc,heap        ] GC(157) Survivor regions: 109->108(154)
[478.354s][info][gc,heap        ] GC(157) Old regions: 460->493
[478.354s][info][gc,heap        ] GC(157) Humongous regions: 77->77
[478.354s][info][gc,metaspace   ] GC(157) Metaspace: 28931K(29312K)->28931K(29312K) NonClass: 24046K(24192K)->24046K(24192K) Class: 4884K(5120K)->4884K(5120K)
[478.354s][info][gc             ] GC(157) Pause Young (Mixed) (G1 Evacuation Pause) 3526M->1352M(4096M) 117.703ms
[478.354s][info][gc,cpu         ] GC(157) User=0.70s Sys=0.00s Real=0.12s
.............[491.625s][info][gc,start       ] GC(158) Pause Young (Concurrent Start) (G1 Evacuation Pause)
[491.625s][info][gc,task        ] GC(158) Using 6 workers of 6 for evacuation
[491.744s][info][gc,phases      ] GC(158)   Pre Evacuate Collection Set: 0.42ms
[491.744s][info][gc,phases      ] GC(158)   Merge Heap Roots: 0.50ms
[491.744s][info][gc,phases      ] GC(158)   Evacuate Collection Set: 117.14ms
[491.744s][info][gc,phases      ] GC(158)   Post Evacuate Collection Set: 0.88ms
[491.744s][info][gc,phases      ] GC(158)   Other: 0.13ms
[491.744s][info][gc,heap        ] GC(158) Eden regions: 1120->0(1118)
[491.744s][info][gc,heap        ] GC(158) Survivor regions: 108->110(154)
[491.744s][info][gc,heap        ] GC(158) Old regions: 493->526
[491.744s][info][gc,heap        ] GC(158) Humongous regions: 77->77
[491.744s][info][gc,metaspace   ] GC(158) Metaspace: 28935K(29312K)->28935K(29312K) NonClass: 24050K(24192K)->24050K(24192K) Class: 4884K(5120K)->4884K(5120K)
[491.744s][info][gc             ] GC(158) Pause Young (Concurrent Start) (G1 Evacuation Pause) 3592M->1423M(4096M) 119.194ms
[491.744s][info][gc             ] GC(159) Concurrent Mark Cycle
[491.744s][info][gc,marking     ] GC(159) Concurrent Scan Root Regions
[491.744s][info][gc,cpu         ] GC(158) User=0.71s Sys=0.00s Real=0.12s
.[491.861s][info][gc,marking     ] GC(159) Concurrent Scan Root Regions 116.593ms
[491.861s][info][gc,marking     ] GC(159) Concurrent Mark
[491.861s][info][gc,marking     ] GC(159) Concurrent Mark From Roots
[491.861s][info][gc,task        ] GC(159) Using 2 workers of 2 for marking
[492.362s][info][gc,marking     ] GC(159) Concurrent Mark From Roots 501.011ms
[492.362s][info][gc,marking     ] GC(159) Concurrent Preclean
[492.362s][info][gc,marking     ] GC(159) Concurrent Preclean 0.051ms
[492.362s][info][gc,start       ] GC(159) Pause Remark
[492.365s][info][gc             ] GC(159) Pause Remark 1549M->1549M(4096M) 2.520ms
[492.365s][info][gc,cpu         ] GC(159) User=0.01s Sys=0.00s Real=0.01s
[492.365s][info][gc,marking     ] GC(159) Concurrent Mark 503.836ms
[492.365s][info][gc,marking     ] GC(159) Concurrent Rebuild Remembered Sets and Scrub Regions
[492.571s][info][gc,marking     ] GC(159) Concurrent Rebuild Remembered Sets and Scrub Regions 206.506ms
[492.572s][info][gc,start       ] GC(159) Pause Cleanup
[492.572s][info][gc             ] GC(159) Pause Cleanup 1598M->1598M(4096M) 0.133ms
[492.572s][info][gc,cpu         ] GC(159) User=0.00s Sys=0.00s Real=0.00s
[492.572s][info][gc,marking     ] GC(159) Concurrent Clear Claimed Marks
[492.572s][info][gc,marking     ] GC(159) Concurrent Clear Claimed Marks 0.025ms
[492.572s][info][gc,marking     ] GC(159) Concurrent Cleanup for Next Mark
[492.575s][info][gc,marking     ] GC(159) Concurrent Cleanup for Next Mark 3.440ms
[492.575s][info][gc             ] GC(159) Concurrent Mark Cycle 830.841ms
.............[505.055s][info][gc,start       ] GC(160) Pause Young (Prepare Mixed) (G1 Evacuation Pause)
[505.055s][info][gc,task        ] GC(160) Using 6 workers of 6 for evacuation
[505.174s][info][gc,phases      ] GC(160)   Pre Evacuate Collection Set: 0.36ms
[505.174s][info][gc,phases      ] GC(160)   Merge Heap Roots: 0.56ms
[505.174s][info][gc,phases      ] GC(160)   Evacuate Collection Set: 116.57ms
[505.174s][info][gc,phases      ] GC(160)   Post Evacuate Collection Set: 0.92ms
[505.174s][info][gc,phases      ] GC(160)   Other: 0.10ms
[505.174s][info][gc,heap        ] GC(160) Eden regions: 1118->0(1090)
[505.174s][info][gc,heap        ] GC(160) Survivor regions: 110->109(154)
[505.174s][info][gc,heap        ] GC(160) Old regions: 526->560
[505.174s][info][gc,heap        ] GC(160) Humongous regions: 77->77
[505.174s][info][gc,metaspace   ] GC(160) Metaspace: 28935K(29312K)->28935K(29312K) NonClass: 24050K(24192K)->24050K(24192K) Class: 4884K(5120K)->4884K(5120K)
[505.174s][info][gc             ] GC(160) Pause Young (Prepare Mixed) (G1 Evacuation Pause) 3659M->1488M(4096M) 118.632ms
[505.174s][info][gc,cpu         ] GC(160) User=0.71s Sys=0.00s Real=0.12s
.............[518.023s][info][gc,start       ] GC(161) Pause Young (Mixed) (G1 Evacuation Pause)
[518.023s][info][gc,task        ] GC(161) Using 6 workers of 6 for evacuation
[518.157s][info][gc,phases      ] GC(161)   Pre Evacuate Collection Set: 0.38ms
[518.157s][info][gc,phases      ] GC(161)   Merge Heap Roots: 0.72ms
[518.157s][info][gc,phases      ] GC(161)   Evacuate Collection Set: 131.04ms
[518.157s][info][gc,phases      ] GC(161)   Post Evacuate Collection Set: 1.01ms
[518.157s][info][gc,phases      ] GC(161)   Other: 0.10ms
[518.157s][info][gc,heap        ] GC(161) Eden regions: 1090->0(1120)
[518.157s][info][gc,heap        ] GC(161) Survivor regions: 109->108(150)
[518.157s][info][gc,heap        ] GC(161) Old regions: 560->463
[518.157s][info][gc,heap        ] GC(161) Humongous regions: 77->77
[518.157s][info][gc,metaspace   ] GC(161) Metaspace: 28935K(29312K)->28935K(29312K) NonClass: 24050K(24192K)->24050K(24192K) Class: 4884K(5120K)->4884K(5120K)
[518.157s][info][gc             ] GC(161) Pause Young (Mixed) (G1 Evacuation Pause) 3668M->1293M(4096M) 133.369ms
[518.157s][info][gc,cpu         ] GC(161) User=0.80s Sys=0.00s Real=0.13s
.............[531.409s][info][gc,start       ] GC(162) Pause Young (Concurrent Start) (G1 Evacuation Pause)
[531.409s][info][gc,task        ] GC(162) Using 6 workers of 6 for evacuation
[531.526s][info][gc,phases      ] GC(162)   Pre Evacuate Collection Set: 0.40ms
[531.526s][info][gc,phases      ] GC(162)   Merge Heap Roots: 0.47ms
[531.526s][info][gc,phases      ] GC(162)   Evacuate Collection Set: 114.89ms
[531.526s][info][gc,phases      ] GC(162)   Post Evacuate Collection Set: 0.94ms
[531.526s][info][gc,phases      ] GC(162)   Other: 0.12ms
[531.526s][info][gc,heap        ] GC(162) Eden regions: 1120->0(1121)
[531.526s][info][gc,heap        ] GC(162) Survivor regions: 108->107(154)
[531.526s][info][gc,heap        ] GC(162) Old regions: 463->496
[531.526s][info][gc,heap        ] GC(162) Humongous regions: 77->77
[531.526s][info][gc,metaspace   ] GC(162) Metaspace: 28939K(29312K)->28939K(29312K) NonClass: 24054K(24192K)->24054K(24192K) Class: 4884K(5120K)->4884K(5120K)
[531.526s][info][gc             ] GC(162) Pause Young (Concurrent Start) (G1 Evacuation Pause) 3533M->1357M(4096M) 116.978ms
[531.526s][info][gc             ] GC(163) Concurrent Mark Cycle
[531.526s][info][gc,marking     ] GC(163) Concurrent Scan Root Regions
[531.526s][info][gc,cpu         ] GC(162) User=0.69s Sys=0.00s Real=0.12s
[531.639s][info][gc,marking     ] GC(163) Concurrent Scan Root Regions 112.702ms
[531.639s][info][gc,marking     ] GC(163) Concurrent Mark
[531.639s][info][gc,marking     ] GC(163) Concurrent Mark From Roots
[531.639s][info][gc,task        ] GC(163) Using 2 workers of 2 for marking
.[532.139s][info][gc,marking     ] GC(163) Concurrent Mark From Roots 500.104ms
[532.139s][info][gc,marking     ] GC(163) Concurrent Preclean
[532.139s][info][gc,marking     ] GC(163) Concurrent Preclean 0.056ms
[532.139s][info][gc,start       ] GC(163) Pause Remark
[532.142s][info][gc             ] GC(163) Pause Remark 1464M->1464M(4096M) 2.604ms
[532.142s][info][gc,cpu         ] GC(163) User=0.02s Sys=0.00s Real=0.00s
[532.142s][info][gc,marking     ] GC(163) Concurrent Mark 503.051ms
[532.142s][info][gc,marking     ] GC(163) Concurrent Rebuild Remembered Sets and Scrub Regions
[532.343s][info][gc,marking     ] GC(163) Concurrent Rebuild Remembered Sets and Scrub Regions 201.292ms
[532.343s][info][gc,start       ] GC(163) Pause Cleanup
[532.343s][info][gc             ] GC(163) Pause Cleanup 1493M->1493M(4096M) 0.117ms
[532.343s][info][gc,cpu         ] GC(163) User=0.00s Sys=0.00s Real=0.00s
[532.343s][info][gc,marking     ] GC(163) Concurrent Clear Claimed Marks
[532.343s][info][gc,marking     ] GC(163) Concurrent Clear Claimed Marks 0.025ms
[532.343s][info][gc,marking     ] GC(163) Concurrent Cleanup for Next Mark
[532.347s][info][gc,marking     ] GC(163) Concurrent Cleanup for Next Mark 3.209ms
[532.347s][info][gc             ] GC(163) Concurrent Mark Cycle 820.692ms
.............[544.998s][info][gc,start       ] GC(164) Pause Young (Prepare Mixed) (G1 Evacuation Pause)
[544.998s][info][gc,task        ] GC(164) Using 6 workers of 6 for evacuation
[545.114s][info][gc,phases      ] GC(164)   Pre Evacuate Collection Set: 0.37ms
[545.114s][info][gc,phases      ] GC(164)   Merge Heap Roots: 0.53ms
[545.114s][info][gc,phases      ] GC(164)   Evacuate Collection Set: 114.31ms
[545.114s][info][gc,phases      ] GC(164)   Post Evacuate Collection Set: 0.91ms
[545.114s][info][gc,phases      ] GC(164)   Other: 0.09ms
[545.114s][info][gc,heap        ] GC(164) Eden regions: 1121->0(1119)
[545.114s][info][gc,heap        ] GC(164) Survivor regions: 107->109(154)
[545.114s][info][gc,heap        ] GC(164) Old regions: 496->528
[545.114s][info][gc,heap        ] GC(164) Humongous regions: 77->77
[545.114s][info][gc,metaspace   ] GC(164) Metaspace: 28940K(29312K)->28940K(29312K) NonClass: 24055K(24192K)->24055K(24192K) Class: 4884K(5120K)->4884K(5120K)
[545.114s][info][gc             ] GC(164) Pause Young (Prepare Mixed) (G1 Evacuation Pause) 3599M->1425M(4096M) 116.332ms
[545.114s][info][gc,cpu         ] GC(164) User=0.69s Sys=0.00s Real=0.12s
.............[558.507s][info][gc,start       ] GC(165) Pause Young (Mixed) (G1 Evacuation Pause)
[558.507s][info][gc,task        ] GC(165) Using 6 workers of 6 for evacuation
[558.638s][info][gc,phases      ] GC(165)   Pre Evacuate Collection Set: 0.38ms
[558.638s][info][gc,phases      ] GC(165)   Merge Heap Roots: 0.57ms
[558.638s][info][gc,phases      ] GC(165)   Evacuate Collection Set: 128.88ms
[558.638s][info][gc,phases      ] GC(165)   Post Evacuate Collection Set: 0.97ms
[558.638s][info][gc,phases      ] GC(165)   Other: 0.09ms
[558.638s][info][gc,heap        ] GC(165) Eden regions: 1119->0(1119)
[558.638s][info][gc,heap        ] GC(165) Survivor regions: 109->109(154)
[558.638s][info][gc,heap        ] GC(165) Old regions: 528->462
[558.638s][info][gc,heap        ] GC(165) Humongous regions: 77->77
[558.638s][info][gc,metaspace   ] GC(165) Metaspace: 28940K(29312K)->28940K(29312K) NonClass: 24055K(24192K)->24055K(24192K) Class: 4884K(5120K)->4884K(5120K)
[558.638s][info][gc             ] GC(165) Pause Young (Mixed) (G1 Evacuation Pause) 3663M->1292M(4096M) 131.053ms
[558.638s][info][gc,cpu         ] GC(165) User=0.78s Sys=0.00s Real=0.13s
...... (rIR:aIR:PR = 1384:1384:1384) (tPR = 21097) [OK] 
   563s: 
   563s: Building throughput-responsetime curve
   563s: ( 0%)   IR =      0 ...|............................................................ (rIR:aIR:PR = 0:0:0) (tPR = 0) [OK] 
   626s: Performance info:
         Transaction,    Success,    Partial,     Failed,   Receipts, AvgBarcode, 
         Response times:
             Request,    Success,    Partial,     Failed,   SkipFail,     Probes,    Samples,      min,      p50,      p90,      p95,      p99,      max, 

   626s: ( 1%)   IR =    138 .....|............................................................ (rIR:aIR:PR = 138:138:138) (tPR = 2094) [OK] 
   691s: Performance info:
         Transaction,    Success,    Partial,     Failed,   Receipts, AvgBarcode, 
             Overall,       8301,          0,          0,       7881,      59.49, 
         Response times:
             Request,    Success,    Partial,     Failed,   SkipFail,     Probes,    Samples,      min,      p50,      p90,      p95,      p99,      max, 
       TotalPurchase,       7881,          0,          0,          0,       7158,       8268,      300,      400,      500,      600,      800,     1100,
     InStorePurchase,       4156,          0,          0,          0,       3801,       4300,      300,      400,      500,      600,      800,      900,
      OnlinePurchase,       2895,          0,          0,          0,       2642,       3054,      300,      400,      600,      600,      800,     1000,
        InstPurchase,        830,          0,          0,          0,        715,        914,      300,      500,      600,      700,      900,     1100,
          AssocOfCat,          9,          0,          0,          0,          8,          8,    21000,    23000,    27000,    27000,    27000,    27000,
      AssocOfProduct,         83,          0,          0,          0,         81,         89,      500,      600,      700,      700,      900,      900,
      BusinessReport,         23,          0,          0,          0,         20,         22,    23000,    27500,    31000,    31000,    31000,    31000,
          CustBuyBeh,         82,          0,          0,          0,         78,         89,      100,      300,      400,      500,      600,      600,
       ProductReturn,        223,          0,          0,          0,        176,        257,      200,      300,      300,      400,      500,      500,

   691s: ( 2%)   IR =    277 ....|...[699.579s][info][gc,start       ] GC(166) Pause Young (Concurrent Start) (G1 Evacuation Pause)
[699.579s][info][gc,task        ] GC(166) Using 6 workers of 6 for evacuation
[699.696s][info][gc,phases      ] GC(166)   Pre Evacuate Collection Set: 0.44ms
[699.696s][info][gc,phases      ] GC(166)   Merge Heap Roots: 0.55ms
[699.696s][info][gc,phases      ] GC(166)   Evacuate Collection Set: 114.88ms
[699.696s][info][gc,phases      ] GC(166)   Post Evacuate Collection Set: 0.94ms
[699.696s][info][gc,phases      ] GC(166)   Other: 0.12ms
[699.696s][info][gc,heap        ] GC(166) Eden regions: 1119->0(1120)
[699.696s][info][gc,heap        ] GC(166) Survivor regions: 109->108(154)
[699.696s][info][gc,heap        ] GC(166) Old regions: 462->495
[699.696s][info][gc,heap        ] GC(166) Humongous regions: 77->77
[699.696s][info][gc,metaspace   ] GC(166) Metaspace: 28944K(29312K)->28944K(29312K) NonClass: 24059K(24192K)->24059K(24192K) Class: 4884K(5120K)->4884K(5120K)
[699.696s][info][gc             ] GC(166) Pause Young (Concurrent Start) (G1 Evacuation Pause) 3530M->1357M(4096M) 117.068ms
[699.696s][info][gc             ] GC(167) Concurrent Mark Cycle
[699.696s][info][gc,marking     ] GC(167) Concurrent Scan Root Regions
[699.696s][info][gc,cpu         ] GC(166) User=0.70s Sys=0.00s Real=0.12s
[699.800s][info][gc,marking     ] GC(167) Concurrent Scan Root Regions 104.268ms
[699.800s][info][gc,marking     ] GC(167) Concurrent Mark
[699.800s][info][gc,marking     ] GC(167) Concurrent Mark From Roots
[699.800s][info][gc,task        ] GC(167) Using 2 workers of 2 for marking
.[700.276s][info][gc,marking     ] GC(167) Concurrent Mark From Roots 476.214ms
[700.276s][info][gc,marking     ] GC(167) Concurrent Preclean
[700.276s][info][gc,marking     ] GC(167) Concurrent Preclean 0.062ms
[700.277s][info][gc,start       ] GC(167) Pause Remark
[700.279s][info][gc             ] GC(167) Pause Remark 1379M->1379M(4096M) 2.259ms
[700.279s][info][gc,cpu         ] GC(167) User=0.01s Sys=0.00s Real=0.00s
[700.279s][info][gc,marking     ] GC(167) Concurrent Mark 478.788ms
[700.279s][info][gc,marking     ] GC(167) Concurrent Rebuild Remembered Sets and Scrub Regions
[700.471s][info][gc,marking     ] GC(167) Concurrent Rebuild Remembered Sets and Scrub Regions 191.839ms
[700.471s][info][gc,start       ] GC(167) Pause Cleanup
[700.471s][info][gc             ] GC(167) Pause Cleanup 1389M->1389M(4096M) 0.130ms
[700.471s][info][gc,cpu         ] GC(167) User=0.00s Sys=0.00s Real=0.00s
[700.471s][info][gc,marking     ] GC(167) Concurrent Clear Claimed Marks
[700.471s][info][gc,marking     ] GC(167) Concurrent Clear Claimed Marks 0.031ms
[700.471s][info][gc,marking     ] GC(167) Concurrent Cleanup for Next Mark
[700.475s][info][gc,marking     ] GC(167) Concurrent Cleanup for Next Mark 3.515ms
[700.475s][info][gc             ] GC(167) Concurrent Mark Cycle 778.922ms
........................................................ (rIR:aIR:PR = 277:277:277) (tPR = 4174) [OK] 
   755s: Performance info:
         Transaction,    Success,    Partial,     Failed,   Receipts, AvgBarcode, 
             Overall,      16631,          0,          0,      15796,      59.47, 
         Response times:
             Request,    Success,    Partial,     Failed,   SkipFail,     Probes,    Samples,      min,      p50,      p90,      p95,      p99,      max, 
       TotalPurchase,      15796,          0,          0,          0,      14801,      16522,      300,      500,      700,      800,     1000,   118000,
     InStorePurchase,       8317,          0,          0,          0,       7892,       8709,      300,      500,      700,      800,     1000,   118000,
      OnlinePurchase,       5822,          0,          0,          0,       5506,       6167,      300,      500,      700,      800,     1000,     2800,
        InstPurchase,       1657,          0,          0,          0,       1403,       1646,      300,      500,      800,      900,     1100,   118000,
          AssocOfCat,         18,          0,          0,          0,         16,         16,    19800,    22500,    24000,    24000,    24000,    24000,
      AssocOfProduct,        164,          0,          0,          0,        104,        160,      300,      600,      900,     1000,     1746,     2600,
      BusinessReport,         41,          0,          0,          0,         38,         43,    18900,    25000,    29000,    30000,    31000,    31000,
          CustBuyBeh,        166,          0,          0,          0,        124,        166,      200,      300,      500,      565,      733,      800,
       ProductReturn,        446,          0,          0,          0,        347,        476,      200,      400,      600,      700,      823,     1100,

   755s: ( 3%)   IR =    415 ....|...[763.092s][info][gc,start       ] GC(168) Pause Young (Prepare Mixed) (G1 Evacuation Pause)
[763.092s][info][gc,task        ] GC(168) Using 6 workers of 6 for evacuation
[763.210s][info][gc,phases      ] GC(168)   Pre Evacuate Collection Set: 0.37ms
[763.210s][info][gc,phases      ] GC(168)   Merge Heap Roots: 0.57ms
[763.210s][info][gc,phases      ] GC(168)   Evacuate Collection Set: 115.53ms
[763.210s][info][gc,phases      ] GC(168)   Post Evacuate Collection Set: 0.97ms
[763.210s][info][gc,phases      ] GC(168)   Other: 0.10ms
[763.210s][info][gc,heap        ] GC(168) Eden regions: 1120->0(1120)
[763.210s][info][gc,heap        ] GC(168) Survivor regions: 108->108(154)
[763.210s][info][gc,heap        ] GC(168) Old regions: 495->527
[763.210s][info][gc,heap        ] GC(168) Humongous regions: 77->77
[763.210s][info][gc,metaspace   ] GC(168) Metaspace: 28946K(29312K)->28946K(29312K) NonClass: 24061K(24192K)->24061K(24192K) Class: 4884K(5120K)->4884K(5120K)
[763.210s][info][gc             ] GC(168) Pause Young (Prepare Mixed) (G1 Evacuation Pause) 3597M->1421M(4096M) 117.674ms
[763.210s][info][gc,cpu         ] GC(168) User=0.70s Sys=0.00s Real=0.12s
.............................................[808.262s][info][gc,start       ] GC(169) Pause Young (Mixed) (G1 Evacuation Pause)
[808.262s][info][gc,task        ] GC(169) Using 6 workers of 6 for evacuation
[808.397s][info][gc,phases      ] GC(169)   Pre Evacuate Collection Set: 0.39ms
[808.397s][info][gc,phases      ] GC(169)   Merge Heap Roots: 0.76ms
[808.397s][info][gc,phases      ] GC(169)   Evacuate Collection Set: 132.67ms
[808.397s][info][gc,phases      ] GC(169)   Post Evacuate Collection Set: 0.97ms
[808.397s][info][gc,phases      ] GC(169)   Other: 0.09ms
[808.397s][info][gc,heap        ] GC(169) Eden regions: 1120->0(1119)
[808.397s][info][gc,heap        ] GC(169) Survivor regions: 108->109(154)
[808.397s][info][gc,heap        ] GC(169) Old regions: 527->464
[808.397s][info][gc,heap        ] GC(169) Humongous regions: 77->77
[808.397s][info][gc,metaspace   ] GC(169) Metaspace: 28946K(29312K)->28946K(29312K) NonClass: 24061K(24192K)->24061K(24192K) Class: 4884K(5120K)->4884K(5120K)
[808.397s][info][gc             ] GC(169) Pause Young (Mixed) (G1 Evacuation Pause) 3661M->1296M(4096M) 135.001ms
[808.397s][info][gc,cpu         ] GC(169) User=0.80s Sys=0.00s Real=0.14s
............ (rIR:aIR:PR = 415:415:415) (tPR = 6307) [OK] 
   819s: Performance info:
         Transaction,    Success,    Partial,     Failed,   Receipts, AvgBarcode, 
             Overall,      24933,          0,          0,      23680,      59.49, 
         Response times:
             Request,    Success,    Partial,     Failed,   SkipFail,     Probes,    Samples,      min,      p50,      p90,      p95,      p99,      max, 
       TotalPurchase,      23680,          0,          0,          0,      22613,      24868,      300,      600,      900,     1000,     1200,   120000,
     InStorePurchase,      12461,          0,          0,          0,      11927,      13019,      300,      600,      900,     1000,     1200,   120000,
      OnlinePurchase,       8726,          0,          0,          0,       8394,       9193,      300,      600,      900,     1000,     1200,   120000,
        InstPurchase,       2493,          0,          0,          0,       2292,       2656,      400,      600,     1000,     1100,     1300,     3800,
          AssocOfCat,         28,          0,          0,          0,         26,         26,    17700,    23000,    26000,    33800,    38000,    38000,
      AssocOfProduct,        250,          0,          0,          0,        202,        272,      400,      800,     1070,     1135,     1400,     3600,
      BusinessReport,         62,          0,          0,          0,         58,         64,    19200,    24000,    34500,    39250,   166000,   166000,
          CustBuyBeh,        249,          0,          0,          0,        177,        235,      200,      500,      800,      900,     1100,     1300,
       ProductReturn,        664,          0,          0,          0,        563,        703,      200,      500,      800,      900,     1100,     1200,

   819s: ( 4%)   IR =    553 .....|....................[845.174s][info][gc,start       ] GC(170) Pause Young (Concurrent Start) (G1 Evacuation Pause)
[845.175s][info][gc,task        ] GC(170) Using 6 workers of 6 for evacuation
[845.294s][info][gc,phases      ] GC(170)   Pre Evacuate Collection Set: 0.41ms
[845.294s][info][gc,phases      ] GC(170)   Merge Heap Roots: 0.57ms
[845.294s][info][gc,phases      ] GC(170)   Evacuate Collection Set: 117.26ms
[845.294s][info][gc,phases      ] GC(170)   Post Evacuate Collection Set: 0.91ms
[845.294s][info][gc,phases      ] GC(170)   Other: 0.13ms
[845.294s][info][gc,heap        ] GC(170) Eden regions: 1119->0(1119)
[845.294s][info][gc,heap        ] GC(170) Survivor regions: 109->109(154)
[845.294s][info][gc,heap        ] GC(170) Old regions: 464->495
[845.294s][info][gc,heap        ] GC(170) Humongous regions: 77->77
[845.294s][info][gc,metaspace   ] GC(170) Metaspace: 28946K(29312K)->28946K(29312K) NonClass: 24062K(24192K)->24062K(24192K) Class: 4884K(5120K)->4884K(5120K)
[845.294s][info][gc             ] GC(170) Pause Young (Concurrent Start) (G1 Evacuation Pause) 3534M->1359M(4096M) 119.432ms
[845.294s][info][gc             ] GC(171) Concurrent Mark Cycle
[845.294s][info][gc,marking     ] GC(171) Concurrent Scan Root Regions
[845.294s][info][gc,cpu         ] GC(170) User=0.71s Sys=0.00s Real=0.12s
[845.409s][info][gc,marking     ] GC(171) Concurrent Scan Root Regions 114.687ms
[845.409s][info][gc,marking     ] GC(171) Concurrent Mark
[845.409s][info][gc,marking     ] GC(171) Concurrent Mark From Roots
[845.409s][info][gc,task        ] GC(171) Using 2 workers of 2 for marking
[845.896s][info][gc,marking     ] GC(171) Concurrent Mark From Roots 487.136ms
[845.896s][info][gc,marking     ] GC(171) Concurrent Preclean
[845.896s][info][gc,marking     ] GC(171) Concurrent Preclean 0.050ms
[845.896s][info][gc,start       ] GC(171) Pause Remark
[845.898s][info][gc             ] GC(171) Pause Remark 1409M->1409M(4096M) 2.379ms
[845.898s][info][gc,cpu         ] GC(171) User=0.01s Sys=0.00s Real=0.00s
[845.899s][info][gc,marking     ] GC(171) Concurrent Mark 489.831ms
[845.899s][info][gc,marking     ] GC(171) Concurrent Rebuild Remembered Sets and Scrub Regions
.[846.099s][info][gc,marking     ] GC(171) Concurrent Rebuild Remembered Sets and Scrub Regions 200.276ms
[846.099s][info][gc,start       ] GC(171) Pause Cleanup
[846.099s][info][gc             ] GC(171) Pause Cleanup 1425M->1425M(4096M) 0.114ms
[846.099s][info][gc,cpu         ] GC(171) User=0.00s Sys=0.00s Real=0.00s
[846.099s][info][gc,marking     ] GC(171) Concurrent Clear Claimed Marks
[846.099s][info][gc,marking     ] GC(171) Concurrent Clear Claimed Marks 0.027ms
[846.099s][info][gc,marking     ] GC(171) Concurrent Cleanup for Next Mark
[846.103s][info][gc,marking     ] GC(171) Concurrent Cleanup for Next Mark 3.746ms
[846.103s][info][gc             ] GC(171) Concurrent Mark Cycle 808.992ms
.................................[879.103s][info][gc,start       ] GC(172) Pause Young (Prepare Mixed) (G1 Evacuation Pause)
[879.103s][info][gc,task        ] GC(172) Using 6 workers of 6 for evacuation
[879.219s][info][gc,phases      ] GC(172)   Pre Evacuate Collection Set: 0.33ms
[879.219s][info][gc,phases      ] GC(172)   Merge Heap Roots: 0.59ms
[879.219s][info][gc,phases      ] GC(172)   Evacuate Collection Set: 114.21ms
[879.219s][info][gc,phases      ] GC(172)   Post Evacuate Collection Set: 0.94ms
[879.219s][info][gc,phases      ] GC(172)   Other: 0.09ms
[879.219s][info][gc,heap        ] GC(172) Eden regions: 1119->0(1120)
[879.219s][info][gc,heap        ] GC(172) Survivor regions: 109->108(154)
[879.219s][info][gc,heap        ] GC(172) Old regions: 495->527
[879.219s][info][gc,heap        ] GC(172) Humongous regions: 77->77
[879.219s][info][gc,metaspace   ] GC(172) Metaspace: 28950K(29312K)->28950K(29312K) NonClass: 24065K(24192K)->24065K(24192K) Class: 4884K(5120K)->4884K(5120K)
[879.219s][info][gc             ] GC(172) Pause Young (Prepare Mixed) (G1 Evacuation Pause) 3597M->1421M(4096M) 116.315ms
[879.219s][info][gc,cpu         ] GC(172) User=0.69s Sys=0.00s Real=0.11s
...... (rIR:aIR:PR = 553:553:553) (tPR = 8530) [OK] 
   884s: Performance info:
         Transaction,    Success,    Partial,     Failed,   Receipts, AvgBarcode, 
             Overall,      33221,          0,          0,      31573,      59.46, 
         Response times:
             Request,    Success,    Partial,     Failed,   SkipFail,     Probes,    Samples,      min,      p50,      p90,      p95,      p99,      max, 
       TotalPurchase,      31573,          0,          0,          0,      30177,      33631,      300,      700,     1100,     1200,     1500,   125000,
     InStorePurchase,      16620,          0,          0,          0,      15911,      17656,      300,      700,     1000,     1100,     1443,   121000,
      OnlinePurchase,      11639,          0,          0,          0,      11201,      12439,      300,      800,     1100,     1200,     1500,   118000,
        InstPurchase,       3314,          0,          0,          0,       3065,       3536,      400,      900,     1200,     1300,     1663,   125000,
          AssocOfCat,         33,          0,          0,          0,         31,         35,    19000,    23000,    26400,    39000,    55000,    55000,
      AssocOfProduct,        327,          0,          0,          0,        253,        360,      300,      800,     1100,     1200,     1500,     2000,
      BusinessReport,         83,          0,          0,          0,         81,         89,    19300,    25000,    29000,    32500,    43000,    43000,
          CustBuyBeh,        329,          0,          0,          0,        261,        352,      200,      600,     1000,     1100,     1447,     3700,
       ProductReturn,        876,          0,          0,          0,        747,        922,      200,      500,      800,      900,     1100,     1400,

   884s: ( 5%)   IR =    692 .....|.................[907.786s][info][gc,start       ] GC(173) Pause Young (Mixed) (G1 Evacuation Pause)
[907.786s][info][gc,task        ] GC(173) Using 6 workers of 6 for evacuation
[907.919s][info][gc,phases      ] GC(173)   Pre Evacuate Collection Set: 0.42ms
[907.919s][info][gc,phases      ] GC(173)   Merge Heap Roots: 0.71ms
[907.919s][info][gc,phases      ] GC(173)   Evacuate Collection Set: 130.71ms
[907.919s][info][gc,phases      ] GC(173)   Post Evacuate Collection Set: 1.00ms
[907.919s][info][gc,phases      ] GC(173)   Other: 0.10ms
[907.919s][info][gc,heap        ] GC(173) Eden regions: 1120->0(1119)
[907.919s][info][gc,heap        ] GC(173) Survivor regions: 108->109(154)
[907.919s][info][gc,heap        ] GC(173) Old regions: 527->464
[907.919s][info][gc,heap        ] GC(173) Humongous regions: 77->77
[907.919s][info][gc,metaspace   ] GC(173) Metaspace: 28952K(29312K)->28952K(29312K) NonClass: 24067K(24192K)->24067K(24192K) Class: 4884K(5120K)->4884K(5120K)
[907.919s][info][gc             ] GC(173) Pause Young (Mixed) (G1 Evacuation Pause) 3661M->1296M(4096M) 133.095ms
[907.919s][info][gc,cpu         ] GC(173) User=0.79s Sys=0.00s Real=0.13s
............................[935.162s][info][gc,start       ] GC(174) Pause Young (Concurrent Start) (G1 Evacuation Pause)
[935.162s][info][gc,task        ] GC(174) Using 6 workers of 6 for evacuation
[935.280s][info][gc,phases      ] GC(174)   Pre Evacuate Collection Set: 0.39ms
[935.280s][info][gc,phases      ] GC(174)   Merge Heap Roots: 0.52ms
[935.280s][info][gc,phases      ] GC(174)   Evacuate Collection Set: 116.71ms
[935.280s][info][gc,phases      ] GC(174)   Post Evacuate Collection Set: 0.88ms
[935.280s][info][gc,phases      ] GC(174)   Other: 0.11ms
[935.280s][info][gc,heap        ] GC(174) Eden regions: 1119->0(1119)
[935.280s][info][gc,heap        ] GC(174) Survivor regions: 109->109(154)
[935.280s][info][gc,heap        ] GC(174) Old regions: 464->496
[935.280s][info][gc,heap        ] GC(174) Humongous regions: 77->77
[935.280s][info][gc,metaspace   ] GC(174) Metaspace: 28956K(29312K)->28956K(29312K) NonClass: 24072K(24192K)->24072K(24192K) Class: 4884K(5120K)->4884K(5120K)
[935.280s][info][gc             ] GC(174) Pause Young (Concurrent Start) (G1 Evacuation Pause) 3534M->1360M(4096M) 118.747ms
[935.280s][info][gc             ] GC(175) Concurrent Mark Cycle
[935.280s][info][gc,marking     ] GC(175) Concurrent Scan Root Regions
[935.281s][info][gc,cpu         ] GC(174) User=0.71s Sys=0.00s Real=0.12s
[935.390s][info][gc,marking     ] GC(175) Concurrent Scan Root Regions 109.628ms
[935.390s][info][gc,marking     ] GC(175) Concurrent Mark
[935.390s][info][gc,marking     ] GC(175) Concurrent Mark From Roots
[935.390s][info][gc,task        ] GC(175) Using 2 workers of 2 for marking
[935.882s][info][gc,marking     ] GC(175) Concurrent Mark From Roots 491.591ms
[935.882s][info][gc,marking     ] GC(175) Concurrent Preclean
[935.882s][info][gc,marking     ] GC(175) Concurrent Preclean 0.053ms
[935.882s][info][gc,start       ] GC(175) Pause Remark
[935.884s][info][gc             ] GC(175) Pause Remark 1418M->1418M(4096M) 2.346ms
[935.884s][info][gc,cpu         ] GC(175) User=0.01s Sys=0.00s Real=0.01s
[935.884s][info][gc,marking     ] GC(175) Concurrent Mark 494.254ms
[935.884s][info][gc,marking     ] GC(175) Concurrent Rebuild Remembered Sets and Scrub Regions
[936.089s][info][gc,marking     ] GC(175) Concurrent Rebuild Remembered Sets and Scrub Regions 205.005ms
[936.090s][info][gc,start       ] GC(175) Pause Cleanup
[936.090s][info][gc             ] GC(175) Pause Cleanup 1440M->1440M(4096M) 0.118ms
[936.090s][info][gc,cpu         ] GC(175) User=0.00s Sys=0.00s Real=0.00s
[936.090s][info][gc,marking     ] GC(175) Concurrent Clear Claimed Marks
[936.090s][info][gc,marking     ] GC(175) Concurrent Clear Claimed Marks 0.026ms
[936.090s][info][gc,marking     ] GC(175) Concurrent Cleanup for Next Mark
.[936.093s][info][gc,marking     ] GC(175) Concurrent Cleanup for Next Mark 3.404ms
[936.093s][info][gc             ] GC(175) Concurrent Mark Cycle 812.753ms
.............. (rIR:aIR:PR = 692:692:692) (tPR = 10258) [OK] 
   949s: Performance info:
         Transaction,    Success,    Partial,     Failed,   Receipts, AvgBarcode, 
             Overall,      41539,          0,          0,      39460,      59.46, 
         Response times:
             Request,    Success,    Partial,     Failed,   SkipFail,     Probes,    Samples,      min,      p50,      p90,      p95,      p99,      max, 
       TotalPurchase,      39462,          0,          0,          0,      37839,      42165,      300,      800,     1200,     1400,     1700,   135000,
     InStorePurchase,      20763,          0,          0,          0,      20073,      22231,      300,      800,     1200,     1300,     1600,   135000,
      OnlinePurchase,      14543,          0,          0,          0,      13870,      15479,      300,      900,     1300,     1400,     1800,   135000,
        InstPurchase,       4156,          0,          0,          0,       3896,       4455,      400,      900,     1300,     1400,     1700,   121000,
          AssocOfCat,         41,          0,          0,          0,         40,         44,    17400,    23000,    25500,    26000,    28000,    28000,
      AssocOfProduct,        415,          0,          0,          0,        338,        469,      500,     1200,     1500,     1600,     1830,     4600,
      BusinessReport,        103,          0,          0,          0,        100,        111,    19500,    25000,    30000,    31400,    44920,    46000,
          CustBuyBeh,        416,          0,          0,          0,        348,        460,      200,      600,      900,     1100,     1339,     3900,
       ProductReturn,       1100,          0,          0,          0,        941,       1126,      200,      700,     1100,     1200,     1600,     3200,

   949s: ( 6%)   IR =    830 .....|.....[960.517s][info][gc,start       ] GC(176) Pause Young (Prepare Mixed) (G1 Evacuation Pause)
[960.517s][info][gc,task        ] GC(176) Using 6 workers of 6 for evacuation
[960.635s][info][gc,phases      ] GC(176)   Pre Evacuate Collection Set: 0.38ms
[960.635s][info][gc,phases      ] GC(176)   Merge Heap Roots: 0.60ms
[960.635s][info][gc,phases      ] GC(176)   Evacuate Collection Set: 115.52ms
[960.635s][info][gc,phases      ] GC(176)   Post Evacuate Collection Set: 0.95ms
[960.635s][info][gc,phases      ] GC(176)   Other: 0.10ms
[960.635s][info][gc,heap        ] GC(176) Eden regions: 1119->0(1118)
[960.635s][info][gc,heap        ] GC(176) Survivor regions: 109->110(154)
[960.635s][info][gc,heap        ] GC(176) Old regions: 496->527
[960.635s][info][gc,heap        ] GC(176) Humongous regions: 77->77
[960.635s][info][gc,metaspace   ] GC(176) Metaspace: 28959K(29312K)->28959K(29312K) NonClass: 24075K(24192K)->24075K(24192K) Class: 4884K(5120K)->4884K(5120K)
[960.635s][info][gc             ] GC(176) Pause Young (Prepare Mixed) (G1 Evacuation Pause) 3598M->1424M(4096M) 117.706ms
[960.635s][info][gc,cpu         ] GC(176) User=0.70s Sys=0.00s Real=0.12s
.......................[983.602s][info][gc,start       ] GC(177) Pause Young (Mixed) (G1 Evacuation Pause)
[983.602s][info][gc,task        ] GC(177) Using 6 workers of 6 for evacuation
[983.737s][info][gc,phases      ] GC(177)   Pre Evacuate Collection Set: 0.39ms
[983.737s][info][gc,phases      ] GC(177)   Merge Heap Roots: 0.71ms
[983.737s][info][gc,phases      ] GC(177)   Evacuate Collection Set: 133.24ms
[983.737s][info][gc,phases      ] GC(177)   Post Evacuate Collection Set: 0.99ms
[983.737s][info][gc,phases      ] GC(177)   Other: 0.09ms
[983.737s][info][gc,heap        ] GC(177) Eden regions: 1118->0(1118)
[983.737s][info][gc,heap        ] GC(177) Survivor regions: 110->110(154)
[983.737s][info][gc,heap        ] GC(177) Old regions: 527->464
[983.737s][info][gc,heap        ] GC(177) Humongous regions: 77->77
[983.737s][info][gc,metaspace   ] GC(177) Metaspace: 28963K(29312K)->28963K(29312K) NonClass: 24078K(24192K)->24078K(24192K) Class: 4884K(5120K)->4884K(5120K)
[983.737s][info][gc             ] GC(177) Pause Young (Mixed) (G1 Evacuation Pause) 3660M->1298M(4096M) 135.545ms
[983.737s][info][gc,cpu         ] GC(177) User=0.81s Sys=0.00s Real=0.14s
.......................[1006.723s][info][gc,start       ] GC(178) Pause Young (Concurrent Start) (G1 Evacuation Pause)
[1006.723s][info][gc,task        ] GC(178) Using 6 workers of 6 for evacuation
[1006.840s][info][gc,phases      ] GC(178)   Pre Evacuate Collection Set: 0.40ms
[1006.840s][info][gc,phases      ] GC(178)   Merge Heap Roots: 0.54ms
[1006.840s][info][gc,phases      ] GC(178)   Evacuate Collection Set: 114.92ms
[1006.840s][info][gc,phases      ] GC(178)   Post Evacuate Collection Set: 0.93ms
[1006.840s][info][gc,phases      ] GC(178)   Other: 0.12ms
[1006.840s][info][gc,heap        ] GC(178) Eden regions: 1118->0(1119)
[1006.840s][info][gc,heap        ] GC(178) Survivor regions: 110->109(154)
[1006.840s][info][gc,heap        ] GC(178) Old regions: 464->496
[1006.840s][info][gc,heap        ] GC(178) Humongous regions: 77->77
[1006.840s][info][gc,metaspace   ] GC(178) Metaspace: 28963K(29312K)->28963K(29312K) NonClass: 24078K(24192K)->24078K(24192K) Class: 4884K(5120K)->4884K(5120K)
[1006.840s][info][gc             ] GC(178) Pause Young (Concurrent Start) (G1 Evacuation Pause) 3534M->1362M(4096M) 117.042ms
[1006.840s][info][gc             ] GC(179) Concurrent Mark Cycle
[1006.840s][info][gc,marking     ] GC(179) Concurrent Scan Root Regions
[1006.840s][info][gc,cpu         ] GC(178) User=0.70s Sys=0.00s Real=0.11s
[1006.952s][info][gc,marking     ] GC(179) Concurrent Scan Root Regions 111.502ms
[1006.952s][info][gc,marking     ] GC(179) Concurrent Mark
[1006.952s][info][gc,marking     ] GC(179) Concurrent Mark From Roots
[1006.952s][info][gc,task        ] GC(179) Using 2 workers of 2 for marking
.[1007.475s][info][gc,marking     ] GC(179) Concurrent Mark From Roots 523.396ms
[1007.475s][info][gc,marking     ] GC(179) Concurrent Preclean
[1007.475s][info][gc,marking     ] GC(179) Concurrent Preclean 0.051ms
[1007.475s][info][gc,start       ] GC(179) Pause Remark
[1007.478s][info][gc             ] GC(179) Pause Remark 1441M->1441M(4096M) 2.454ms
[1007.478s][info][gc,cpu         ] GC(179) User=0.01s Sys=0.00s Real=0.00s
[1007.478s][info][gc,marking     ] GC(179) Concurrent Mark 526.156ms
[1007.478s][info][gc,marking     ] GC(179) Concurrent Rebuild Remembered Sets and Scrub Regions
[1007.675s][info][gc,marking     ] GC(179) Concurrent Rebuild Remembered Sets and Scrub Regions 196.988ms
[1007.675s][info][gc,start       ] GC(179) Pause Cleanup
[1007.675s][info][gc             ] GC(179) Pause Cleanup 1455M->1455M(4096M) 0.115ms
[1007.675s][info][gc,cpu         ] GC(179) User=0.00s Sys=0.00s Real=0.00s
[1007.675s][info][gc,marking     ] GC(179) Concurrent Clear Claimed Marks
[1007.675s][info][gc,marking     ] GC(179) Concurrent Clear Claimed Marks 0.025ms
[1007.675s][info][gc,marking     ] GC(179) Concurrent Cleanup for Next Mark
[1007.678s][info][gc,marking     ] GC(179) Concurrent Cleanup for Next Mark 3.157ms
[1007.678s][info][gc             ] GC(179) Concurrent Mark Cycle 838.243ms
........ (rIR:aIR:PR = 830:831:831) (tPR = 12678) [OK] 
  1014s: Performance info:
         Transaction,    Success,    Partial,     Failed,   Receipts, AvgBarcode, 
             Overall,      49861,          0,          0,      47373,      59.47, 
         Response times:
             Request,    Success,    Partial,     Failed,   SkipFail,     Probes,    Samples,      min,      p50,      p90,      p95,      p99,      max, 
       TotalPurchase,      47373,          0,          0,          0,      45743,      50422,      300,      900,     1400,     1500,     2000,   138000,
     InStorePurchase,      24919,          0,          0,          0,      24126,      26463,      300,      900,     1300,     1500,     1900,   138000,
      OnlinePurchase,      17468,          0,          0,          0,      16865,      18533,      300,     1000,     1400,     1500,     2000,   138000,
        InstPurchase,       4986,          0,          0,          0,       4752,       5426,      400,     1100,     1500,     1600,     2000,   137000,
          AssocOfCat,         50,          0,          0,          0,         45,         52,    17200,    23000,    25700,    26700,    29000,    29000,
      AssocOfProduct,        499,          0,          0,          0,        410,        525,      500,     1100,     1500,     1600,     2000,     5100,
      BusinessReport,        124,          0,          0,          0,         88,        134,    18900,    25000,    31000,    34250,    60000,    60000,
          CustBuyBeh,        498,          0,          0,          0,        419,        541,      300,     1000,     1300,     1500,     1800,     2200,
       ProductReturn,       1317,          0,          0,          0,       1182,       1439,      200,      900,     1300,     1500,     1900,     8300,

  1014s: ( 7%)   IR =    969 ....|........[1027.659s][info][gc,start       ] GC(180) Pause Young (Prepare Mixed) (G1 Evacuation Pause)
[1027.659s][info][gc,task        ] GC(180) Using 6 workers of 6 for evacuation
[1027.778s][info][gc,phases      ] GC(180)   Pre Evacuate Collection Set: 0.34ms
[1027.778s][info][gc,phases      ] GC(180)   Merge Heap Roots: 0.52ms
[1027.778s][info][gc,phases      ] GC(180)   Evacuate Collection Set: 117.51ms
[1027.778s][info][gc,phases      ] GC(180)   Post Evacuate Collection Set: 0.97ms
[1027.778s][info][gc,phases      ] GC(180)   Other: 0.10ms
[1027.778s][info][gc,heap        ] GC(180) Eden regions: 1119->0(1118)
[1027.778s][info][gc,heap        ] GC(180) Survivor regions: 109->110(154)
[1027.778s][info][gc,heap        ] GC(180) Old regions: 496->528
[1027.778s][info][gc,heap        ] GC(180) Humongous regions: 77->77
[1027.778s][info][gc,metaspace   ] GC(180) Metaspace: 28964K(29312K)->28964K(29312K) NonClass: 24079K(24192K)->24079K(24192K) Class: 4884K(5120K)->4884K(5120K)
[1027.778s][info][gc             ] GC(180) Pause Young (Prepare Mixed) (G1 Evacuation Pause) 3600M->1427M(4096M) 119.579ms
[1027.778s][info][gc,cpu         ] GC(180) User=0.71s Sys=0.00s Real=0.12s
....................[1047.533s][info][gc,start       ] GC(181) Pause Young (Mixed) (G1 Evacuation Pause)
[1047.533s][info][gc,task        ] GC(181) Using 6 workers of 6 for evacuation
[1047.668s][info][gc,phases      ] GC(181)   Pre Evacuate Collection Set: 0.40ms
[1047.668s][info][gc,phases      ] GC(181)   Merge Heap Roots: 0.78ms
[1047.668s][info][gc,phases      ] GC(181)   Evacuate Collection Set: 132.99ms
[1047.668s][info][gc,phases      ] GC(181)   Post Evacuate Collection Set: 1.00ms
[1047.668s][info][gc,phases      ] GC(181)   Other: 0.09ms
[1047.668s][info][gc,heap        ] GC(181) Eden regions: 1118->0(1119)
[1047.668s][info][gc,heap        ] GC(181) Survivor regions: 110->109(154)
[1047.668s][info][gc,heap        ] GC(181) Old regions: 528->466
[1047.668s][info][gc,heap        ] GC(181) Humongous regions: 77->77
[1047.668s][info][gc,metaspace   ] GC(181) Metaspace: 28964K(29312K)->28964K(29312K) NonClass: 24079K(24192K)->24079K(24192K) Class: 4884K(5120K)->4884K(5120K)
[1047.668s][info][gc             ] GC(181) Pause Young (Mixed) (G1 Evacuation Pause) 3663M->1301M(4096M) 135.416ms
[1047.668s][info][gc,cpu         ] GC(181) User=0.80s Sys=0.00s Real=0.13s
...................[1067.107s][info][gc,start       ] GC(182) Pause Young (Concurrent Start) (G1 Evacuation Pause)
[1067.107s][info][gc,task        ] GC(182) Using 6 workers of 6 for evacuation
[1067.225s][info][gc,phases      ] GC(182)   Pre Evacuate Collection Set: 0.41ms
[1067.225s][info][gc,phases      ] GC(182)   Merge Heap Roots: 0.51ms
[1067.225s][info][gc,phases      ] GC(182)   Evacuate Collection Set: 116.86ms
[1067.225s][info][gc,phases      ] GC(182)   Post Evacuate Collection Set: 0.89ms
[1067.225s][info][gc,phases      ] GC(182)   Other: 0.12ms
[1067.225s][info][gc,heap        ] GC(182) Eden regions: 1119->0(1117)
[1067.225s][info][gc,heap        ] GC(182) Survivor regions: 109->111(154)
[1067.225s][info][gc,heap        ] GC(182) Old regions: 466->498
[1067.225s][info][gc,heap        ] GC(182) Humongous regions: 77->77
[1067.225s][info][gc,metaspace   ] GC(182) Metaspace: 28964K(29312K)->28964K(29312K) NonClass: 24079K(24192K)->24079K(24192K) Class: 4884K(5120K)->4884K(5120K)
[1067.226s][info][gc             ] GC(182) Pause Young (Concurrent Start) (G1 Evacuation Pause) 3539M->1368M(4096M) 118.910ms
[1067.226s][info][gc             ] GC(183) Concurrent Mark Cycle
[1067.226s][info][gc,marking     ] GC(183) Concurrent Scan Root Regions
[1067.226s][info][gc,cpu         ] GC(182) User=0.71s Sys=0.00s Real=0.12s
.[1067.346s][info][gc,marking     ] GC(183) Concurrent Scan Root Regions 120.162ms
[1067.346s][info][gc,marking     ] GC(183) Concurrent Mark
[1067.346s][info][gc,marking     ] GC(183) Concurrent Mark From Roots
[1067.346s][info][gc,task        ] GC(183) Using 2 workers of 2 for marking
[1067.864s][info][gc,marking     ] GC(183) Concurrent Mark From Roots 518.480ms
[1067.864s][info][gc,marking     ] GC(183) Concurrent Preclean
[1067.864s][info][gc,marking     ] GC(183) Concurrent Preclean 0.057ms
[1067.864s][info][gc,start       ] GC(183) Pause Remark
[1067.867s][info][gc             ] GC(183) Pause Remark 1460M->1460M(4096M) 2.549ms
[1067.867s][info][gc,cpu         ] GC(183) User=0.01s Sys=0.00s Real=0.00s
[1067.867s][info][gc,marking     ] GC(183) Concurrent Mark 521.331ms
[1067.867s][info][gc,marking     ] GC(183) Concurrent Rebuild Remembered Sets and Scrub Regions
[1068.070s][info][gc,marking     ] GC(183) Concurrent Rebuild Remembered Sets and Scrub Regions 202.804ms
[1068.070s][info][gc,start       ] GC(183) Pause Cleanup
[1068.070s][info][gc             ] GC(183) Pause Cleanup 1477M->1477M(4096M) 0.118ms
[1068.070s][info][gc,cpu         ] GC(183) User=0.00s Sys=0.00s Real=0.00s
[1068.070s][info][gc,marking     ] GC(183) Concurrent Clear Claimed Marks
[1068.070s][info][gc,marking     ] GC(183) Concurrent Clear Claimed Marks 0.030ms
[1068.070s][info][gc,marking     ] GC(183) Concurrent Cleanup for Next Mark
[1068.073s][info][gc,marking     ] GC(183) Concurrent Cleanup for Next Mark 3.180ms
[1068.074s][info][gc             ] GC(183) Concurrent Mark Cycle 847.955ms
............ (rIR:aIR:PR = 969:969:969) (tPR = 14345) [OK] 
  1079s: Performance info:
         Transaction,    Success,    Partial,     Failed,   Receipts, AvgBarcode, 
             Overall,      58194,          0,          0,      55283,      59.48, 
         Response times:
             Request,    Success,    Partial,     Failed,   SkipFail,     Probes,    Samples,      min,      p50,      p90,      p95,      p99,      max, 
       TotalPurchase,      55283,          0,          0,          0,      53371,      57778,      300,     1100,     1600,     1700,     2300,   139000,
     InStorePurchase,      29089,          0,          0,          0,      28283,      30463,      300,     1000,     1500,     1700,     2200,   139000,
      OnlinePurchase,      20370,          0,          0,          0,      19731,      21443,      300,     1100,     1600,     1700,     2300,   137000,
        InstPurchase,       5824,          0,          0,          0,       5357,       5872,      400,     1200,     1600,     1800,     2800,   138000,
          AssocOfCat,         59,          0,          0,          0,         52,         62,    18400,    24000,    27000,    34250,   156000,   156000,
      AssocOfProduct,        583,          0,          0,          0,        498,        627,      400,     1100,     1400,     1600,     2400,     7300,
      BusinessReport,        145,          0,          0,          0,        104,        147,    21000,    26000,    32000,    34200,   103960,   163000,
          CustBuyBeh,        581,          0,          0,          0,        489,        631,      200,     1200,     1500,     1700,     2204,    21000,
       ProductReturn,       1543,          0,          0,          0,       1385,       1619,      200,      800,     1300,     1500,     2080,    15600,

  1079s: ( 8%)   IR =   1107 ....|..[1086.042s][info][gc,start       ] GC(184) Pause Young (Prepare Mixed) (G1 Evacuation Pause)
[1086.042s][info][gc,task        ] GC(184) Using 6 workers of 6 for evacuation
[1086.159s][info][gc,phases      ] GC(184)   Pre Evacuate Collection Set: 0.41ms
[1086.159s][info][gc,phases      ] GC(184)   Merge Heap Roots: 0.58ms
[1086.159s][info][gc,phases      ] GC(184)   Evacuate Collection Set: 115.33ms
[1086.159s][info][gc,phases      ] GC(184)   Post Evacuate Collection Set: 0.98ms
[1086.159s][info][gc,phases      ] GC(184)   Other: 0.10ms
[1086.159s][info][gc,heap        ] GC(184) Eden regions: 1117->0(1119)
[1086.159s][info][gc,heap        ] GC(184) Survivor regions: 111->109(154)
[1086.159s][info][gc,heap        ] GC(184) Old regions: 498->530
[1086.159s][info][gc,heap        ] GC(184) Humongous regions: 77->77
[1086.159s][info][gc,metaspace   ] GC(184) Metaspace: 28965K(29312K)->28965K(29312K) NonClass: 24080K(24192K)->24080K(24192K) Class: 4884K(5120K)->4884K(5120K)
[1086.159s][info][gc             ] GC(184) Pause Young (Prepare Mixed) (G1 Evacuation Pause) 3602M->1428M(4096M) 117.560ms
[1086.159s][info][gc,cpu         ] GC(184) User=0.70s Sys=0.00s Real=0.12s
..................[1103.404s][info][gc,start       ] GC(185) Pause Young (Mixed) (G1 Evacuation Pause)
[1103.404s][info][gc,task        ] GC(185) Using 6 workers of 6 for evacuation
[1103.539s][info][gc,phases      ] GC(185)   Pre Evacuate Collection Set: 0.41ms
[1103.539s][info][gc,phases      ] GC(185)   Merge Heap Roots: 0.79ms
[1103.539s][info][gc,phases      ] GC(185)   Evacuate Collection Set: 132.73ms
[1103.539s][info][gc,phases      ] GC(185)   Post Evacuate Collection Set: 0.96ms
[1103.539s][info][gc,phases      ] GC(185)   Other: 0.09ms
[1103.540s][info][gc,heap        ] GC(185) Eden regions: 1119->0(1118)
[1103.540s][info][gc,heap        ] GC(185) Survivor regions: 109->110(154)
[1103.540s][info][gc,heap        ] GC(185) Old regions: 530->465
[1103.540s][info][gc,heap        ] GC(185) Humongous regions: 77->77
[1103.540s][info][gc,metaspace   ] GC(185) Metaspace: 28965K(29312K)->28965K(29312K) NonClass: 24080K(24192K)->24080K(24192K) Class: 4884K(5120K)->4884K(5120K)
[1103.540s][info][gc             ] GC(185) Pause Young (Mixed) (G1 Evacuation Pause) 3666M->1300M(4096M) 135.105ms
[1103.540s][info][gc,cpu         ] GC(185) User=0.80s Sys=0.00s Real=0.13s
.................[1120.726s][info][gc,start       ] GC(186) Pause Young (Concurrent Start) (G1 Evacuation Pause)
[1120.726s][info][gc,task        ] GC(186) Using 6 workers of 6 for evacuation
[1120.843s][info][gc,phases      ] GC(186)   Pre Evacuate Collection Set: 0.44ms
[1120.843s][info][gc,phases      ] GC(186)   Merge Heap Roots: 0.51ms
[1120.843s][info][gc,phases      ] GC(186)   Evacuate Collection Set: 115.03ms
[1120.843s][info][gc,phases      ] GC(186)   Post Evacuate Collection Set: 0.88ms
[1120.843s][info][gc,phases      ] GC(186)   Other: 0.12ms
[1120.843s][info][gc,heap        ] GC(186) Eden regions: 1118->0(1119)
[1120.843s][info][gc,heap        ] GC(186) Survivor regions: 110->109(154)
[1120.843s][info][gc,heap        ] GC(186) Old regions: 465->497
[1120.843s][info][gc,heap        ] GC(186) Humongous regions: 77->77
[1120.843s][info][gc,metaspace   ] GC(186) Metaspace: 28965K(29312K)->28965K(29312K) NonClass: 24080K(24192K)->24080K(24192K) Class: 4884K(5120K)->4884K(5120K)
[1120.843s][info][gc             ] GC(186) Pause Young (Concurrent Start) (G1 Evacuation Pause) 3536M->1364M(4096M) 117.101ms
[1120.843s][info][gc             ] GC(187) Concurrent Mark Cycle
[1120.843s][info][gc,marking     ] GC(187) Concurrent Scan Root Regions
[1120.843s][info][gc,cpu         ] GC(186) User=0.70s Sys=0.00s Real=0.12s
[1120.956s][info][gc,marking     ] GC(187) Concurrent Scan Root Regions 113.155ms
[1120.956s][info][gc,marking     ] GC(187) Concurrent Mark
[1120.956s][info][gc,marking     ] GC(187) Concurrent Mark From Roots
[1120.956s][info][gc,task        ] GC(187) Using 2 workers of 2 for marking
.[1121.469s][info][gc,marking     ] GC(187) Concurrent Mark From Roots 512.576ms
[1121.469s][info][gc,marking     ] GC(187) Concurrent Preclean
[1121.469s][info][gc,marking     ] GC(187) Concurrent Preclean 0.052ms
[1121.469s][info][gc,start       ] GC(187) Pause Remark
[1121.471s][info][gc             ] GC(187) Pause Remark 1478M->1478M(4096M) 2.701ms
[1121.471s][info][gc,cpu         ] GC(187) User=0.01s Sys=0.00s Real=0.00s
[1121.471s][info][gc,marking     ] GC(187) Concurrent Mark 515.548ms
[1121.471s][info][gc,marking     ] GC(187) Concurrent Rebuild Remembered Sets and Scrub Regions
[1121.669s][info][gc,marking     ] GC(187) Concurrent Rebuild Remembered Sets and Scrub Regions 197.244ms
[1121.669s][info][gc,start       ] GC(187) Pause Cleanup
[1121.669s][info][gc             ] GC(187) Pause Cleanup 1499M->1499M(4096M) 0.125ms
[1121.669s][info][gc,cpu         ] GC(187) User=0.00s Sys=0.00s Real=0.00s
[1121.669s][info][gc,marking     ] GC(187) Concurrent Clear Claimed Marks
[1121.669s][info][gc,marking     ] GC(187) Concurrent Clear Claimed Marks 0.025ms
[1121.669s][info][gc,marking     ] GC(187) Concurrent Cleanup for Next Mark
[1121.672s][info][gc,marking     ] GC(187) Concurrent Cleanup for Next Mark 3.228ms
[1121.672s][info][gc             ] GC(187) Concurrent Mark Cycle 829.646ms
................[1137.868s][info][gc,start       ] GC(188) Pause Young (Prepare Mixed) (G1 Evacuation Pause)
[1137.868s][info][gc,task        ] GC(188) Using 6 workers of 6 for evacuation
[1137.986s][info][gc,phases      ] GC(188)   Pre Evacuate Collection Set: 0.36ms
[1137.986s][info][gc,phases      ] GC(188)   Merge Heap Roots: 0.54ms
[1137.986s][info][gc,phases      ] GC(188)   Evacuate Collection Set: 116.03ms
[1137.986s][info][gc,phases      ] GC(188)   Post Evacuate Collection Set: 0.98ms
[1137.986s][info][gc,phases      ] GC(188)   Other: 0.09ms
[1137.986s][info][gc,heap        ] GC(188) Eden regions: 1119->0(1119)
[1137.986s][info][gc,heap        ] GC(188) Survivor regions: 109->109(154)
[1137.986s][info][gc,heap        ] GC(188) Old regions: 497->530
[1137.986s][info][gc,heap        ] GC(188) Humongous regions: 77->77
[1137.986s][info][gc,metaspace   ] GC(188) Metaspace: 28965K(29312K)->28965K(29312K) NonClass: 24080K(24192K)->24080K(24192K) Class: 4884K(5120K)->4884K(5120K)
[1137.986s][info][gc             ] GC(188) Pause Young (Prepare Mixed) (G1 Evacuation Pause) 3602M->1429M(4096M) 118.131ms
[1137.986s][info][gc,cpu         ] GC(188) User=0.70s Sys=0.00s Real=0.12s
...... (rIR:aIR:PR = 1107:1106:1106) (tPR = 16613) [OK] 
  1143s: Performance info:
         Transaction,    Success,    Partial,     Failed,   Receipts, AvgBarcode, 
             Overall,      66391,          0,          0,      63079,      59.48, 
         Response times:
             Request,    Success,    Partial,     Failed,   SkipFail,     Probes,    Samples,      min,      p50,      p90,      p95,      p99,      max, 
       TotalPurchase,      63079,          0,          0,          0,      60712,      66055,      300,     1200,     1700,     1900,     2700,   139000,
     InStorePurchase,      33202,          0,          0,          0,      32084,      34837,      300,     1200,     1700,     1900,     2800,   139000,
      OnlinePurchase,      23238,          0,          0,          0,      22366,      24253,      300,     1100,     1700,     1800,     2600,   139000,
        InstPurchase,       6639,          0,          0,          0,       6262,       6965,      400,     1100,     1700,     1800,     2800,   137000,
          AssocOfCat,         65,          0,          0,          0,         64,         70,    17400,    23500,    27900,    28450,    31000,    31000,
      AssocOfProduct,        659,          0,          0,          0,        525,        661,      500,     1200,     1800,     1900,     4284,    17600,
      BusinessReport,        167,          0,          0,          0,        121,        177,    19600,    27000,    32000,    34000,    64000,    64000,
          CustBuyBeh,        661,          0,          0,          0,        575,        732,      200,     1000,     1500,     1700,     2500,     6000,
       ProductReturn,       1760,          0,          0,          0,       1618,       1884,      200,     1100,     1600,     1700,     2400,   137000,

  1143s: ( 9%)   IR =   1245 ....|......[1153.928s][info][gc,start       ] GC(189) Pause Young (Mixed) (G1 Evacuation Pause)
[1153.928s][info][gc,task        ] GC(189) Using 6 workers of 6 for evacuation
[1154.060s][info][gc,phases      ] GC(189)   Pre Evacuate Collection Set: 0.38ms
[1154.060s][info][gc,phases      ] GC(189)   Merge Heap Roots: 0.67ms
[1154.060s][info][gc,phases      ] GC(189)   Evacuate Collection Set: 130.09ms
[1154.060s][info][gc,phases      ] GC(189)   Post Evacuate Collection Set: 0.96ms
[1154.060s][info][gc,phases      ] GC(189)   Other: 0.09ms
[1154.060s][info][gc,heap        ] GC(189) Eden regions: 1119->0(1120)
[1154.060s][info][gc,heap        ] GC(189) Survivor regions: 109->108(154)
[1154.060s][info][gc,heap        ] GC(189) Old regions: 530->467
[1154.060s][info][gc,heap        ] GC(189) Humongous regions: 77->77
[1154.060s][info][gc,metaspace   ] GC(189) Metaspace: 28967K(29312K)->28967K(29312K) NonClass: 24082K(24192K)->24082K(24192K) Class: 4884K(5120K)->4884K(5120K)
[1154.060s][info][gc             ] GC(189) Pause Young (Mixed) (G1 Evacuation Pause) 3667M->1301M(4096M) 132.333ms
[1154.060s][info][gc,cpu         ] GC(189) User=0.78s Sys=0.00s Real=0.13s
...............[1169.199s][info][gc,start       ] GC(190) Pause Young (Concurrent Start) (G1 Evacuation Pause)
[1169.200s][info][gc,task        ] GC(190) Using 6 workers of 6 for evacuation
[1169.319s][info][gc,phases      ] GC(190)   Pre Evacuate Collection Set: 0.43ms
[1169.319s][info][gc,phases      ] GC(190)   Merge Heap Roots: 0.52ms
[1169.319s][info][gc,phases      ] GC(190)   Evacuate Collection Set: 117.71ms
[1169.319s][info][gc,phases      ] GC(190)   Post Evacuate Collection Set: 0.91ms
[1169.319s][info][gc,phases      ] GC(190)   Other: 0.11ms
[1169.319s][info][gc,heap        ] GC(190) Eden regions: 1120->0(1117)
[1169.319s][info][gc,heap        ] GC(190) Survivor regions: 108->111(154)
[1169.319s][info][gc,heap        ] GC(190) Old regions: 467->498
[1169.319s][info][gc,heap        ] GC(190) Humongous regions: 77->77
[1169.319s][info][gc,metaspace   ] GC(190) Metaspace: 28967K(29312K)->28967K(29312K) NonClass: 24082K(24192K)->24082K(24192K) Class: 4884K(5120K)->4884K(5120K)
[1169.319s][info][gc             ] GC(190) Pause Young (Concurrent Start) (G1 Evacuation Pause) 3541M->1369M(4096M) 119.803ms
[1169.319s][info][gc             ] GC(191) Concurrent Mark Cycle
[1169.319s][info][gc,marking     ] GC(191) Concurrent Scan Root Regions
[1169.319s][info][gc,cpu         ] GC(190) User=0.71s Sys=0.00s Real=0.12s
.[1169.453s][info][gc,marking     ] GC(191) Concurrent Scan Root Regions 133.447ms
[1169.453s][info][gc,marking     ] GC(191) Concurrent Mark
[1169.453s][info][gc,marking     ] GC(191) Concurrent Mark From Roots
[1169.453s][info][gc,task        ] GC(191) Using 2 workers of 2 for marking
[1169.969s][info][gc,marking     ] GC(191) Concurrent Mark From Roots 516.293ms
[1169.969s][info][gc,marking     ] GC(191) Concurrent Preclean
[1169.969s][info][gc,marking     ] GC(191) Concurrent Preclean 0.053ms
[1169.969s][info][gc,start       ] GC(191) Pause Remark
[1169.972s][info][gc             ] GC(191) Pause Remark 1481M->1481M(4096M) 2.505ms
[1169.972s][info][gc,cpu         ] GC(191) User=0.01s Sys=0.00s Real=0.00s
[1169.972s][info][gc,marking     ] GC(191) Concurrent Mark 519.095ms
[1169.972s][info][gc,marking     ] GC(191) Concurrent Rebuild Remembered Sets and Scrub Regions
[1170.177s][info][gc,marking     ] GC(191) Concurrent Rebuild Remembered Sets and Scrub Regions 205.139ms
[1170.177s][info][gc,start       ] GC(191) Pause Cleanup
[1170.177s][info][gc             ] GC(191) Pause Cleanup 1502M->1502M(4096M) 0.119ms
[1170.177s][info][gc,cpu         ] GC(191) User=0.00s Sys=0.00s Real=0.00s
[1170.177s][info][gc,marking     ] GC(191) Concurrent Clear Claimed Marks
[1170.177s][info][gc,marking     ] GC(191) Concurrent Clear Claimed Marks 0.029ms
[1170.177s][info][gc,marking     ] GC(191) Concurrent Cleanup for Next Mark
[1170.181s][info][gc,marking     ] GC(191) Concurrent Cleanup for Next Mark 3.183ms
[1170.181s][info][gc             ] GC(191) Concurrent Mark Cycle 861.329ms
...............[1184.739s][info][gc,start       ] GC(192) Pause Young (Prepare Mixed) (G1 Evacuation Pause)
[1184.739s][info][gc,task        ] GC(192) Using 6 workers of 6 for evacuation
[1184.857s][info][gc,phases      ] GC(192)   Pre Evacuate Collection Set: 0.38ms
[1184.857s][info][gc,phases      ] GC(192)   Merge Heap Roots: 0.55ms
[1184.857s][info][gc,phases      ] GC(192)   Evacuate Collection Set: 116.10ms
[1184.857s][info][gc,phases      ] GC(192)   Post Evacuate Collection Set: 0.95ms
[1184.857s][info][gc,phases      ] GC(192)   Other: 0.09ms
[1184.857s][info][gc,heap        ] GC(192) Eden regions: 1117->0(1119)
[1184.857s][info][gc,heap        ] GC(192) Survivor regions: 111->109(154)
[1184.857s][info][gc,heap        ] GC(192) Old regions: 498->530
[1184.857s][info][gc,heap        ] GC(192) Humongous regions: 77->77
[1184.857s][info][gc,metaspace   ] GC(192) Metaspace: 28967K(29312K)->28967K(29312K) NonClass: 24082K(24192K)->24082K(24192K) Class: 4884K(5120K)->4884K(5120K)
[1184.857s][info][gc             ] GC(192) Pause Young (Prepare Mixed) (G1 Evacuation Pause) 3603M->1429M(4096M) 118.200ms
[1184.857s][info][gc,cpu         ] GC(192) User=0.71s Sys=0.00s Real=0.12s
...............[1199.955s][info][gc,start       ] GC(193) Pause Young (Mixed) (G1 Evacuation Pause)
[1199.955s][info][gc,task        ] GC(193) Using 6 workers of 6 for evacuation
[1200.088s][info][gc,phases      ] GC(193)   Pre Evacuate Collection Set: 0.38ms
[1200.089s][info][gc,phases      ] GC(193)   Merge Heap Roots: 0.68ms
[1200.089s][info][gc,phases      ] GC(193)   Evacuate Collection Set: 131.08ms
[1200.089s][info][gc,phases      ] GC(193)   Post Evacuate Collection Set: 1.01ms
[1200.089s][info][gc,phases      ] GC(193)   Other: 0.09ms
[1200.089s][info][gc,heap        ] GC(193) Eden regions: 1119->0(1118)
[1200.089s][info][gc,heap        ] GC(193) Survivor regions: 109->110(154)
[1200.089s][info][gc,heap        ] GC(193) Old regions: 530->468
[1200.089s][info][gc,heap        ] GC(193) Humongous regions: 77->77
[1200.089s][info][gc,metaspace   ] GC(193) Metaspace: 28968K(29312K)->28968K(29312K) NonClass: 24083K(24192K)->24083K(24192K) Class: 4884K(5120K)->4884K(5120K)
[1200.089s][info][gc             ] GC(193) Pause Young (Mixed) (G1 Evacuation Pause) 3667M->1306M(4096M) 133.381ms
[1200.089s][info][gc,cpu         ] GC(193) User=0.78s Sys=0.00s Real=0.13s
........ (rIR:aIR:PR = 1245:1245:1245) (tPR = 18290) [OK] 
  1207s: Performance info:
         Transaction,    Success,    Partial,     Failed,   Receipts, AvgBarcode, 
             Overall,      74795,          0,          0,      71054,      59.48, 
         Response times:
             Request,    Success,    Partial,     Failed,   SkipFail,     Probes,    Samples,      min,      p50,      p90,      p95,      p99,      max, 
       TotalPurchase,      71054,          0,          0,          0,      68966,      75019,      300,     1300,     1900,     2000,     2900,   136000,
     InStorePurchase,      37397,          0,          0,          0,      36468,      39406,      300,     1200,     1800,     2000,     2800,   136000,
      OnlinePurchase,      26172,          0,          0,          0,      25328,      27564,      300,     1300,     1900,     2100,     2800,   136000,
        InstPurchase,       7485,          0,          0,          0,       7170,       8049,      400,     1300,     1900,     2100,     3200,   135000,
          AssocOfCat,         74,          0,          0,          0,         70,         78,    18600,    24000,    27100,    29000,    52000,    52000,
      AssocOfProduct,        751,          0,          0,          0,        656,        802,      400,     1400,     2000,     2100,     2797,   125000,
      BusinessReport,        188,          0,          0,          0,        141,        194,    19800,    26500,    32000,    34000,    40450,    49000,
          CustBuyBeh,        749,          0,          0,          0,        638,        777,      200,     1000,     1700,     1810,     2444,   120000,
       ProductReturn,       1979,          0,          0,          0,       1797,       2082,      200,     1000,     1600,     1800,     2500,    27000,

  1207s: (10%)   IR =   1384 ....|...[1214.586s][info][gc,start       ] GC(194) Pause Young (Concurrent Start) (G1 Evacuation Pause)
[1214.586s][info][gc,task        ] GC(194) Using 6 workers of 6 for evacuation
[1214.706s][info][gc,phases      ] GC(194)   Pre Evacuate Collection Set: 0.40ms
[1214.706s][info][gc,phases      ] GC(194)   Merge Heap Roots: 0.50ms
[1214.706s][info][gc,phases      ] GC(194)   Evacuate Collection Set: 118.05ms
[1214.706s][info][gc,phases      ] GC(194)   Post Evacuate Collection Set: 0.90ms
[1214.706s][info][gc,phases      ] GC(194)   Other: 0.10ms
[1214.706s][info][gc,heap        ] GC(194) Eden regions: 1118->0(1117)
[1214.706s][info][gc,heap        ] GC(194) Survivor regions: 110->111(154)
[1214.706s][info][gc,heap        ] GC(194) Old regions: 468->500
[1214.706s][info][gc,heap        ] GC(194) Humongous regions: 77->77
[1214.706s][info][gc,metaspace   ] GC(194) Metaspace: 28968K(29312K)->28968K(29312K) NonClass: 24083K(24192K)->24083K(24192K) Class: 4884K(5120K)->4884K(5120K)
[1214.706s][info][gc             ] GC(194) Pause Young (Concurrent Start) (G1 Evacuation Pause) 3542M->1373M(4096M) 120.092ms
[1214.706s][info][gc             ] GC(195) Concurrent Mark Cycle
[1214.706s][info][gc,marking     ] GC(195) Concurrent Scan Root Regions
[1214.706s][info][gc,cpu         ] GC(194) User=0.71s Sys=0.00s Real=0.12s
[1214.856s][info][gc,marking     ] GC(195) Concurrent Scan Root Regions 150.282ms
[1214.856s][info][gc,marking     ] GC(195) Concurrent Mark
[1214.856s][info][gc,marking     ] GC(195) Concurrent Mark From Roots
[1214.856s][info][gc,task        ] GC(195) Using 2 workers of 2 for marking
.[1215.388s][info][gc,marking     ] GC(195) Concurrent Mark From Roots 531.995ms
[1215.388s][info][gc,marking     ] GC(195) Concurrent Preclean
[1215.389s][info][gc,marking     ] GC(195) Concurrent Preclean 0.054ms
[1215.389s][info][gc,start       ] GC(195) Pause Remark
[1215.391s][info][gc             ] GC(195) Pause Remark 1515M->1515M(4096M) 2.427ms
[1215.391s][info][gc,cpu         ] GC(195) User=0.02s Sys=0.00s Real=0.00s
[1215.391s][info][gc,marking     ] GC(195) Concurrent Mark 534.698ms
[1215.391s][info][gc,marking     ] GC(195) Concurrent Rebuild Remembered Sets and Scrub Regions
[1215.601s][info][gc,marking     ] GC(195) Concurrent Rebuild Remembered Sets and Scrub Regions 210.289ms
[1215.602s][info][gc,start       ] GC(195) Pause Cleanup
[1215.602s][info][gc             ] GC(195) Pause Cleanup 1548M->1548M(4096M) 0.128ms
[1215.602s][info][gc,cpu         ] GC(195) User=0.00s Sys=0.00s Real=0.00s
[1215.602s][info][gc,marking     ] GC(195) Concurrent Clear Claimed Marks
[1215.602s][info][gc,marking     ] GC(195) Concurrent Clear Claimed Marks 0.027ms
[1215.602s][info][gc,marking     ] GC(195) Concurrent Cleanup for Next Mark
[1215.606s][info][gc,marking     ] GC(195) Concurrent Cleanup for Next Mark 4.342ms
[1215.606s][info][gc             ] GC(195) Concurrent Mark Cycle 900.126ms
.............[1228.432s][info][gc,start       ] GC(196) Pause Young (Prepare Mixed) (G1 Evacuation Pause)
[1228.432s][info][gc,task        ] GC(196) Using 6 workers of 6 for evacuation
[1228.550s][info][gc,phases      ] GC(196)   Pre Evacuate Collection Set: 0.36ms
[1228.550s][info][gc,phases      ] GC(196)   Merge Heap Roots: 0.55ms
[1228.550s][info][gc,phases      ] GC(196)   Evacuate Collection Set: 115.83ms
[1228.550s][info][gc,phases      ] GC(196)   Post Evacuate Collection Set: 0.93ms
[1228.550s][info][gc,phases      ] GC(196)   Other: 0.08ms
[1228.550s][info][gc,heap        ] GC(196) Eden regions: 1117->0(1118)
[1228.550s][info][gc,heap        ] GC(196) Survivor regions: 111->109(154)
[1228.550s][info][gc,heap        ] GC(196) Old regions: 500->532
[1228.550s][info][gc,heap        ] GC(196) Humongous regions: 77->77
[1228.550s][info][gc,metaspace   ] GC(196) Metaspace: 28968K(29312K)->28968K(29312K) NonClass: 24083K(24192K)->24083K(24192K) Class: 4884K(5120K)->4884K(5120K)
[1228.550s][info][gc             ] GC(196) Pause Young (Prepare Mixed) (G1 Evacuation Pause) 3607M->1434M(4096M) 117.874ms
[1228.550s][info][gc,cpu         ] GC(196) User=0.70s Sys=0.00s Real=0.12s
.............[1242.183s][info][gc,start       ] GC(197) Pause Young (Mixed) (G1 Evacuation Pause)
[1242.183s][info][gc,task        ] GC(197) Using 6 workers of 6 for evacuation
[1242.312s][info][gc,phases      ] GC(197)   Pre Evacuate Collection Set: 0.42ms
[1242.312s][info][gc,phases      ] GC(197)   Merge Heap Roots: 0.68ms
[1242.312s][info][gc,phases      ] GC(197)   Evacuate Collection Set: 126.83ms
[1242.312s][info][gc,phases      ] GC(197)   Post Evacuate Collection Set: 0.94ms
[1242.312s][info][gc,phases      ] GC(197)   Other: 0.10ms
[1242.312s][info][gc,heap        ] GC(197) Eden regions: 1118->0(1119)
[1242.312s][info][gc,heap        ] GC(197) Survivor regions: 109->109(154)
[1242.312s][info][gc,heap        ] GC(197) Old regions: 532->467
[1242.312s][info][gc,heap        ] GC(197) Humongous regions: 77->77
[1242.312s][info][gc,metaspace   ] GC(197) Metaspace: 28968K(29312K)->28968K(29312K) NonClass: 24083K(24192K)->24083K(24192K) Class: 4884K(5120K)->4884K(5120K)
[1242.312s][info][gc             ] GC(197) Pause Young (Mixed) (G1 Evacuation Pause) 3670M->1303M(4096M) 129.090ms
[1242.312s][info][gc,cpu         ] GC(197) User=0.77s Sys=0.00s Real=0.12s
..............[1256.044s][info][gc,start       ] GC(198) Pause Young (Concurrent Start) (G1 Evacuation Pause)
[1256.044s][info][gc,task        ] GC(198) Using 6 workers of 6 for evacuation
[1256.161s][info][gc,phases      ] GC(198)   Pre Evacuate Collection Set: 0.38ms
[1256.161s][info][gc,phases      ] GC(198)   Merge Heap Roots: 0.51ms
[1256.161s][info][gc,phases      ] GC(198)   Evacuate Collection Set: 115.11ms
[1256.161s][info][gc,phases      ] GC(198)   Post Evacuate Collection Set: 0.92ms
[1256.161s][info][gc,phases      ] GC(198)   Other: 0.10ms
[1256.161s][info][gc,heap        ] GC(198) Eden regions: 1119->0(1119)
[1256.161s][info][gc,heap        ] GC(198) Survivor regions: 109->109(154)
[1256.161s][info][gc,heap        ] GC(198) Old regions: 467->498
[1256.161s][info][gc,heap        ] GC(198) Humongous regions: 77->77
[1256.161s][info][gc,metaspace   ] GC(198) Metaspace: 28968K(29312K)->28968K(29312K) NonClass: 24084K(24192K)->24084K(24192K) Class: 4884K(5120K)->4884K(5120K)
[1256.161s][info][gc             ] GC(198) Pause Young (Concurrent Start) (G1 Evacuation Pause) 3541M->1365M(4096M) 117.167ms
[1256.161s][info][gc             ] GC(199) Concurrent Mark Cycle
[1256.161s][info][gc,marking     ] GC(199) Concurrent Scan Root Regions
[1256.161s][info][gc,cpu         ] GC(198) User=0.70s Sys=0.00s Real=0.11s
[1256.281s][info][gc,marking     ] GC(199) Concurrent Scan Root Regions 119.660ms
[1256.281s][info][gc,marking     ] GC(199) Concurrent Mark
[1256.281s][info][gc,marking     ] GC(199) Concurrent Mark From Roots
[1256.281s][info][gc,task        ] GC(199) Using 2 workers of 2 for marking
.[1256.820s][info][gc,marking     ] GC(199) Concurrent Mark From Roots 539.532ms
[1256.820s][info][gc,marking     ] GC(199) Concurrent Preclean
[1256.820s][info][gc,marking     ] GC(199) Concurrent Preclean 0.049ms
[1256.820s][info][gc,start       ] GC(199) Pause Remark
[1256.823s][info][gc             ] GC(199) Pause Remark 1499M->1499M(4096M) 2.563ms
[1256.823s][info][gc,cpu         ] GC(199) User=0.01s Sys=0.00s Real=0.01s
[1256.823s][info][gc,marking     ] GC(199) Concurrent Mark 542.386ms
[1256.823s][info][gc,marking     ] GC(199) Concurrent Rebuild Remembered Sets and Scrub Regions
[1257.035s][info][gc,marking     ] GC(199) Concurrent Rebuild Remembered Sets and Scrub Regions 211.550ms
[1257.035s][info][gc,start       ] GC(199) Pause Cleanup
[1257.035s][info][gc             ] GC(199) Pause Cleanup 1526M->1526M(4096M) 0.111ms
[1257.035s][info][gc,cpu         ] GC(199) User=0.00s Sys=0.00s Real=0.00s
[1257.035s][info][gc,marking     ] GC(199) Concurrent Clear Claimed Marks
[1257.035s][info][gc,marking     ] GC(199) Concurrent Clear Claimed Marks 0.032ms
[1257.035s][info][gc,marking     ] GC(199) Concurrent Cleanup for Next Mark
[1257.038s][info][gc,marking     ] GC(199) Concurrent Cleanup for Next Mark 3.185ms
[1257.038s][info][gc             ] GC(199) Concurrent Mark Cycle 877.200ms
.............[1269.893s][info][gc,start       ] GC(200) Pause Young (Prepare Mixed) (G1 Evacuation Pause)
[1269.893s][info][gc,task        ] GC(200) Using 6 workers of 6 for evacuation
[1270.013s][info][gc,phases      ] GC(200)   Pre Evacuate Collection Set: 0.34ms
[1270.013s][info][gc,phases      ] GC(200)   Merge Heap Roots: 0.52ms
[1270.013s][info][gc,phases      ] GC(200)   Evacuate Collection Set: 117.97ms
[1270.013s][info][gc,phases      ] GC(200)   Post Evacuate Collection Set: 0.95ms
[1270.013s][info][gc,phases      ] GC(200)   Other: 0.07ms
[1270.013s][info][gc,heap        ] GC(200) Eden regions: 1119->0(1112)
[1270.013s][info][gc,heap        ] GC(200) Survivor regions: 109->113(154)
[1270.013s][info][gc,heap        ] GC(200) Old regions: 498->530
[1270.013s][info][gc,heap        ] GC(200) Humongous regions: 77->77
[1270.013s][info][gc,metaspace   ] GC(200) Metaspace: 28970K(29312K)->28970K(29312K) NonClass: 24085K(24192K)->24085K(24192K) Class: 4884K(5120K)->4884K(5120K)
[1270.013s][info][gc             ] GC(200) Pause Young (Prepare Mixed) (G1 Evacuation Pause) 3603M->1436M(4096M) 119.974ms
[1270.013s][info][gc,cpu         ] GC(200) User=0.71s Sys=0.00s Real=0.12s
.. (rIR:aIR:PR = 1384:1385:1385) (tPR = 20375) [OK] 
  1271s: Performance info:
         Transaction,    Success,    Partial,     Failed,   Receipts, AvgBarcode, 
             Overall,      83121,          0,          0,      78964,      59.48, 
         Response times:
             Request,    Success,    Partial,     Failed,   SkipFail,     Probes,    Samples,      min,      p50,      p90,      p95,      p99,      max, 
       TotalPurchase,      78964,          0,          0,          0,      76734,      83161,      300,     1400,     2000,     2200,     4000,   134000,
     InStorePurchase,      41553,          0,          0,          0,      40453,      43748,      300,     1300,     2000,     2200,     4000,   134000,
      OnlinePurchase,      29092,          0,          0,          0,      28343,      30672,      300,     1400,     2000,     2200,     4200,   132000,
        InstPurchase,       8319,          0,          0,          0,       7938,       8741,      400,     1400,     2000,     2200,     3400,   131000,
          AssocOfCat,         83,          0,          0,          0,         77,         88,    19000,    24000,    29000,    32200,   185000,   185000,
      AssocOfProduct,        835,          0,          0,          0,        704,        864,      700,     1700,     2300,     2600,     9000,    53000,
      BusinessReport,        206,          0,          0,          0,        151,        225,    19800,    27000,    34000,    45100,    69000,   190000,
          CustBuyBeh,        829,          0,          0,          0,        739,        927,      300,     1600,     2100,     2300,     8700,   123000,
       ProductReturn,       2204,          0,          0,          0,       2009,       2307,      200,     1100,     1800,     2100,     3500,    11100,

  1271s: (11%)   IR =   1522 ....|.......[1282.602s][info][gc,start       ] GC(201) Pause Young (Mixed) (G1 Evacuation Pause)
[1282.602s][info][gc,task        ] GC(201) Using 6 workers of 6 for evacuation
[1282.735s][info][gc,phases      ] GC(201)   Pre Evacuate Collection Set: 0.35ms
[1282.735s][info][gc,phases      ] GC(201)   Merge Heap Roots: 0.68ms
[1282.735s][info][gc,phases      ] GC(201)   Evacuate Collection Set: 131.54ms
[1282.735s][info][gc,phases      ] GC(201)   Post Evacuate Collection Set: 0.94ms
[1282.735s][info][gc,phases      ] GC(201)   Other: 0.09ms
[1282.735s][info][gc,heap        ] GC(201) Eden regions: 1112->0(1119)
[1282.735s][info][gc,heap        ] GC(201) Survivor regions: 113->109(154)
[1282.735s][info][gc,heap        ] GC(201) Old regions: 530->467
[1282.735s][info][gc,heap        ] GC(201) Humongous regions: 77->77
[1282.735s][info][gc,metaspace   ] GC(201) Metaspace: 28970K(29312K)->28970K(29312K) NonClass: 24086K(24192K)->24086K(24192K) Class: 4884K(5120K)->4884K(5120K)
[1282.735s][info][gc             ] GC(201) Pause Young (Mixed) (G1 Evacuation Pause) 3660M->1302M(4096M) 133.726ms
[1282.735s][info][gc,cpu         ] GC(201) User=0.78s Sys=0.00s Real=0.14s
............[1295.013s][info][gc,start       ] GC(202) Pause Young (Concurrent Start) (G1 Evacuation Pause)
[1295.013s][info][gc,task        ] GC(202) Using 6 workers of 6 for evacuation
[1295.132s][info][gc,phases      ] GC(202)   Pre Evacuate Collection Set: 0.37ms
[1295.132s][info][gc,phases      ] GC(202)   Merge Heap Roots: 0.50ms
[1295.132s][info][gc,phases      ] GC(202)   Evacuate Collection Set: 116.47ms
[1295.132s][info][gc,phases      ] GC(202)   Post Evacuate Collection Set: 0.90ms
[1295.132s][info][gc,phases      ] GC(202)   Other: 0.12ms
[1295.132s][info][gc,heap        ] GC(202) Eden regions: 1119->0(1119)
[1295.132s][info][gc,heap        ] GC(202) Survivor regions: 109->109(154)
[1295.132s][info][gc,heap        ] GC(202) Old regions: 467->499
[1295.132s][info][gc,heap        ] GC(202) Humongous regions: 77->77
[1295.132s][info][gc,metaspace   ] GC(202) Metaspace: 28970K(29312K)->28970K(29312K) NonClass: 24086K(24192K)->24086K(24192K) Class: 4884K(5120K)->4884K(5120K)
[1295.132s][info][gc             ] GC(202) Pause Young (Concurrent Start) (G1 Evacuation Pause) 3540M->1367M(4096M) 118.510ms
[1295.132s][info][gc             ] GC(203) Concurrent Mark Cycle
[1295.132s][info][gc,marking     ] GC(203) Concurrent Scan Root Regions
[1295.132s][info][gc,cpu         ] GC(202) User=0.71s Sys=0.00s Real=0.11s
[1295.258s][info][gc,marking     ] GC(203) Concurrent Scan Root Regions 126.443ms
[1295.258s][info][gc,marking     ] GC(203) Concurrent Mark
[1295.258s][info][gc,marking     ] GC(203) Concurrent Mark From Roots
[1295.258s][info][gc,task        ] GC(203) Using 2 workers of 2 for marking
.[1295.793s][info][gc,marking     ] GC(203) Concurrent Mark From Roots 535.208ms
[1295.793s][info][gc,marking     ] GC(203) Concurrent Preclean
[1295.794s][info][gc,marking     ] GC(203) Concurrent Preclean 0.059ms
[1295.794s][info][gc,start       ] GC(203) Pause Remark
[1295.796s][info][gc             ] GC(203) Pause Remark 1507M->1507M(4096M) 2.709ms
[1295.796s][info][gc,cpu         ] GC(203) User=0.01s Sys=0.01s Real=0.00s
[1295.796s][info][gc,marking     ] GC(203) Concurrent Mark 538.226ms
[1295.796s][info][gc,marking     ] GC(203) Concurrent Rebuild Remembered Sets and Scrub Regions
[1296.014s][info][gc,marking     ] GC(203) Concurrent Rebuild Remembered Sets and Scrub Regions 217.161ms
[1296.014s][info][gc,start       ] GC(203) Pause Cleanup
[1296.014s][info][gc             ] GC(203) Pause Cleanup 1551M->1551M(4096M) 0.116ms
[1296.014s][info][gc,cpu         ] GC(203) User=0.00s Sys=0.00s Real=0.00s
[1296.014s][info][gc,marking     ] GC(203) Concurrent Clear Claimed Marks
[1296.014s][info][gc,marking     ] GC(203) Concurrent Clear Claimed Marks 0.025ms
[1296.014s][info][gc,marking     ] GC(203) Concurrent Cleanup for Next Mark
[1296.017s][info][gc,marking     ] GC(203) Concurrent Cleanup for Next Mark 3.186ms
[1296.017s][info][gc             ] GC(203) Concurrent Mark Cycle 885.478ms
............[1307.591s][info][gc,start       ] GC(204) Pause Young (Prepare Mixed) (G1 Evacuation Pause)
[1307.591s][info][gc,task        ] GC(204) Using 6 workers of 6 for evacuation
[1307.708s][info][gc,phases      ] GC(204)   Pre Evacuate Collection Set: 0.35ms
[1307.708s][info][gc,phases      ] GC(204)   Merge Heap Roots: 0.56ms
[1307.709s][info][gc,phases      ] GC(204)   Evacuate Collection Set: 115.59ms
[1307.709s][info][gc,phases      ] GC(204)   Post Evacuate Collection Set: 0.96ms
[1307.709s][info][gc,phases      ] GC(204)   Other: 0.10ms
[1307.709s][info][gc,heap        ] GC(204) Eden regions: 1119->0(1119)
[1307.709s][info][gc,heap        ] GC(204) Survivor regions: 109->109(154)
[1307.709s][info][gc,heap        ] GC(204) Old regions: 499->531
[1307.709s][info][gc,heap        ] GC(204) Humongous regions: 77->77
[1307.709s][info][gc,metaspace   ] GC(204) Metaspace: 28971K(29312K)->28971K(29312K) NonClass: 24086K(24192K)->24086K(24192K) Class: 4884K(5120K)->4884K(5120K)
[1307.709s][info][gc             ] GC(204) Pause Young (Prepare Mixed) (G1 Evacuation Pause) 3605M->1432M(4096M) 117.699ms
[1307.709s][info][gc,cpu         ] GC(204) User=0.69s Sys=0.01s Real=0.12s
............[1320.137s][info][gc,start       ] GC(205) Pause Young (Mixed) (G1 Evacuation Pause)
[1320.137s][info][gc,task        ] GC(205) Using 6 workers of 6 for evacuation
[1320.269s][info][gc,phases      ] GC(205)   Pre Evacuate Collection Set: 0.37ms
[1320.269s][info][gc,phases      ] GC(205)   Merge Heap Roots: 0.71ms
[1320.269s][info][gc,phases      ] GC(205)   Evacuate Collection Set: 129.55ms
[1320.269s][info][gc,phases      ] GC(205)   Post Evacuate Collection Set: 0.99ms
[1320.269s][info][gc,phases      ] GC(205)   Other: 0.09ms
[1320.269s][info][gc,heap        ] GC(205) Eden regions: 1119->0(1119)
[1320.269s][info][gc,heap        ] GC(205) Survivor regions: 109->109(154)
[1320.269s][info][gc,heap        ] GC(205) Old regions: 531->469
[1320.269s][info][gc,heap        ] GC(205) Humongous regions: 77->77
[1320.269s][info][gc,metaspace   ] GC(205) Metaspace: 28971K(29312K)->28971K(29312K) NonClass: 24086K(24192K)->24086K(24192K) Class: 4884K(5120K)->4884K(5120K)
[1320.269s][info][gc             ] GC(205) Pause Young (Mixed) (G1 Evacuation Pause) 3670M->1306M(4096M) 131.831ms
[1320.269s][info][gc,cpu         ] GC(205) User=0.79s Sys=0.00s Real=0.13s
.............[1332.667s][info][gc,start       ] GC(206) Pause Young (Concurrent Start) (G1 Evacuation Pause)
[1332.667s][info][gc,task        ] GC(206) Using 6 workers of 6 for evacuation
[1332.787s][info][gc,phases      ] GC(206)   Pre Evacuate Collection Set: 0.39ms
[1332.787s][info][gc,phases      ] GC(206)   Merge Heap Roots: 0.49ms
[1332.787s][info][gc,phases      ] GC(206)   Evacuate Collection Set: 118.47ms
[1332.787s][info][gc,phases      ] GC(206)   Post Evacuate Collection Set: 0.92ms
[1332.787s][info][gc,phases      ] GC(206)   Other: 0.13ms
[1332.787s][info][gc,heap        ] GC(206) Eden regions: 1119->0(1118)
[1332.787s][info][gc,heap        ] GC(206) Survivor regions: 109->110(154)
[1332.787s][info][gc,heap        ] GC(206) Old regions: 469->501
[1332.787s][info][gc,heap        ] GC(206) Humongous regions: 77->77
[1332.787s][info][gc,metaspace   ] GC(206) Metaspace: 28971K(29312K)->28971K(29312K) NonClass: 24086K(24192K)->24086K(24192K) Class: 4884K(5120K)->4884K(5120K)
[1332.787s][info][gc             ] GC(206) Pause Young (Concurrent Start) (G1 Evacuation Pause) 3544M->1374M(4096M) 120.565ms
[1332.787s][info][gc             ] GC(207) Concurrent Mark Cycle
[1332.787s][info][gc,marking     ] GC(207) Concurrent Scan Root Regions
[1332.787s][info][gc,cpu         ] GC(206) User=0.71s Sys=0.00s Real=0.12s
[1332.915s][info][gc,marking     ] GC(207) Concurrent Scan Root Regions 127.631ms
[1332.915s][info][gc,marking     ] GC(207) Concurrent Mark
[1332.915s][info][gc,marking     ] GC(207) Concurrent Mark From Roots
[1332.915s][info][gc,task        ] GC(207) Using 2 workers of 2 for marking
.[1333.458s][info][gc,marking     ] GC(207) Concurrent Mark From Roots 542.911ms
[1333.458s][info][gc,marking     ] GC(207) Concurrent Preclean
[1333.458s][info][gc,marking     ] GC(207) Concurrent Preclean 0.053ms
[1333.458s][info][gc,start       ] GC(207) Pause Remark
[1333.461s][info][gc             ] GC(207) Pause Remark 1520M->1520M(4096M) 2.701ms
[1333.461s][info][gc,cpu         ] GC(207) User=0.02s Sys=0.00s Real=0.00s
[1333.461s][info][gc,marking     ] GC(207) Concurrent Mark 545.896ms
[1333.461s][info][gc,marking     ] GC(207) Concurrent Rebuild Remembered Sets and Scrub Regions
[1333.688s][info][gc,marking     ] GC(207) Concurrent Rebuild Remembered Sets and Scrub Regions 227.407ms
[1333.689s][info][gc,start       ] GC(207) Pause Cleanup
[1333.689s][info][gc             ] GC(207) Pause Cleanup 1570M->1570M(4096M) 0.115ms
[1333.689s][info][gc,cpu         ] GC(207) User=0.01s Sys=0.00s Real=0.00s
[1333.689s][info][gc,marking     ] GC(207) Concurrent Clear Claimed Marks
[1333.689s][info][gc,marking     ] GC(207) Concurrent Clear Claimed Marks 0.027ms
[1333.689s][info][gc,marking     ] GC(207) Concurrent Cleanup for Next Mark
[1333.692s][info][gc,marking     ] GC(207) Concurrent Cleanup for Next Mark 3.599ms
[1333.692s][info][gc             ] GC(207) Concurrent Mark Cycle 904.992ms
.. (rIR:aIR:PR = 1522:1521:1521) (tPR = 22854) [OK] 
  1335s: Performance info:
         Transaction,    Success,    Partial,     Failed,   Receipts, AvgBarcode, 
             Overall,      91339,          0,          0,      86783,      59.47, 
         Response times:
             Request,    Success,    Partial,     Failed,   SkipFail,     Probes,    Samples,      min,      p50,      p90,      p95,      p99,      max, 
       TotalPurchase,      86783,          0,          0,          0,      84638,      91159,      300,     1500,     2200,     2400,     4700,   139000,
     InStorePurchase,      45700,          0,          0,          0,      44838,      48205,      300,     1400,     2100,     2400,     4300,   139000,
      OnlinePurchase,      31946,          0,          0,          0,      31027,      33372,      300,     1500,     2200,     2400,     5000,   138000,
        InstPurchase,       9137,          0,          0,          0,       8773,       9582,      400,     1600,     2300,     2500,     4500,   136000,
          AssocOfCat,         91,          0,          0,          0,         86,         96,    18300,    24000,    29000,    30750,    42000,    42000,
      AssocOfProduct,        912,          0,          0,          0,        786,        963,      600,     1900,     2400,     2700,     8808,   121000,
      BusinessReport,        227,          0,          0,          0,        157,        230,    19800,    28000,    34000,    39450,   131070,   166000,
          CustBuyBeh,        911,          0,          0,          0,        789,        962,      200,      700,     1470,     1600,     2800,   134000,
       ProductReturn,       2415,          0,          0,          0,       2242,       2538,      200,     1500,     2100,     2300,     4088,    20000,

  1335s: (12%)   IR =   1660 ......|..[1344.382s][info][gc,start       ] GC(208) Pause Young (Prepare Mixed) (G1 Evacuation Pause)
[1344.382s][info][gc,task        ] GC(208) Using 6 workers of 6 for evacuation
[1344.500s][info][gc,phases      ] GC(208)   Pre Evacuate Collection Set: 0.33ms
[1344.501s][info][gc,phases      ] GC(208)   Merge Heap Roots: 0.57ms
[1344.501s][info][gc,phases      ] GC(208)   Evacuate Collection Set: 116.12ms
[1344.501s][info][gc,phases      ] GC(208)   Post Evacuate Collection Set: 0.96ms
[1344.501s][info][gc,phases      ] GC(208)   Other: 0.11ms
[1344.501s][info][gc,heap        ] GC(208) Eden regions: 1118->0(1112)
[1344.501s][info][gc,heap        ] GC(208) Survivor regions: 110->111(154)
[1344.501s][info][gc,heap        ] GC(208) Old regions: 501->534
[1344.501s][info][gc,heap        ] GC(208) Humongous regions: 77->77
[1344.501s][info][gc,metaspace   ] GC(208) Metaspace: 28971K(29312K)->28971K(29312K) NonClass: 24086K(24192K)->24086K(24192K) Class: 4884K(5120K)->4884K(5120K)
[1344.501s][info][gc             ] GC(208) Pause Young (Prepare Mixed) (G1 Evacuation Pause) 3610M->1441M(4096M) 118.214ms
[1344.501s][info][gc,cpu         ] GC(208) User=0.70s Sys=0.00s Real=0.12s
............[1355.906s][info][gc,start       ] GC(209) Pause Young (Mixed) (G1 Evacuation Pause)
[1355.906s][info][gc,task        ] GC(209) Using 6 workers of 6 for evacuation
[1356.040s][info][gc,phases      ] GC(209)   Pre Evacuate Collection Set: 0.40ms
[1356.040s][info][gc,phases      ] GC(209)   Merge Heap Roots: 0.66ms
[1356.040s][info][gc,phases      ] GC(209)   Evacuate Collection Set: 131.49ms
[1356.040s][info][gc,phases      ] GC(209)   Post Evacuate Collection Set: 1.02ms
[1356.040s][info][gc,phases      ] GC(209)   Other: 0.09ms
[1356.040s][info][gc,heap        ] GC(209) Eden regions: 1112->0(1116)
[1356.040s][info][gc,heap        ] GC(209) Survivor regions: 111->112(153)
[1356.040s][info][gc,heap        ] GC(209) Old regions: 534->470
[1356.040s][info][gc,heap        ] GC(209) Humongous regions: 77->77
[1356.040s][info][gc,metaspace   ] GC(209) Metaspace: 28971K(29312K)->28971K(29312K) NonClass: 24086K(24192K)->24086K(24192K) Class: 4884K(5120K)->4884K(5120K)
[1356.040s][info][gc             ] GC(209) Pause Young (Mixed) (G1 Evacuation Pause) 3665M->1314M(4096M) 133.804ms
[1356.040s][info][gc,cpu         ] GC(209) User=0.79s Sys=0.00s Real=0.13s
...........[1367.323s][info][gc,start       ] GC(210) Pause Young (Concurrent Start) (G1 Evacuation Pause)
[1367.323s][info][gc,task        ] GC(210) Using 6 workers of 6 for evacuation
[1367.443s][info][gc,phases      ] GC(210)   Pre Evacuate Collection Set: 0.41ms
[1367.443s][info][gc,phases      ] GC(210)   Merge Heap Roots: 0.49ms
[1367.443s][info][gc,phases      ] GC(210)   Evacuate Collection Set: 117.59ms
[1367.443s][info][gc,phases      ] GC(210)   Post Evacuate Collection Set: 0.89ms
[1367.443s][info][gc,phases      ] GC(210)   Other: 0.12ms
[1367.443s][info][gc,heap        ] GC(210) Eden regions: 1116->0(1117)
[1367.443s][info][gc,heap        ] GC(210) Survivor regions: 112->111(154)
[1367.443s][info][gc,heap        ] GC(210) Old regions: 470->502
[1367.443s][info][gc,heap        ] GC(210) Humongous regions: 77->77
[1367.443s][info][gc,metaspace   ] GC(210) Metaspace: 28971K(29312K)->28971K(29312K) NonClass: 24086K(24192K)->24086K(24192K) Class: 4884K(5120K)->4884K(5120K)
[1367.443s][info][gc             ] GC(210) Pause Young (Concurrent Start) (G1 Evacuation Pause) 3546M->1378M(4096M) 119.622ms
[1367.443s][info][gc             ] GC(211) Concurrent Mark Cycle
[1367.443s][info][gc,marking     ] GC(211) Concurrent Scan Root Regions
[1367.443s][info][gc,cpu         ] GC(210) User=0.71s Sys=0.00s Real=0.12s
.[1367.590s][info][gc,marking     ] GC(211) Concurrent Scan Root Regions 147.062ms
[1367.590s][info][gc,marking     ] GC(211) Concurrent Mark
[1367.590s][info][gc,marking     ] GC(211) Concurrent Mark From Roots
[1367.590s][info][gc,task        ] GC(211) Using 2 workers of 2 for marking
[1368.140s][info][gc,marking     ] GC(211) Concurrent Mark From Roots 549.916ms
[1368.140s][info][gc,marking     ] GC(211) Concurrent Preclean
[1368.140s][info][gc,marking     ] GC(211) Concurrent Preclean 0.065ms
[1368.140s][info][gc,start       ] GC(211) Pause Remark
[1368.143s][info][gc             ] GC(211) Pause Remark 1556M->1556M(4096M) 2.768ms
[1368.143s][info][gc,cpu         ] GC(211) User=0.01s Sys=0.00s Real=0.01s
[1368.143s][info][gc,marking     ] GC(211) Concurrent Mark 553.013ms
[1368.143s][info][gc,marking     ] GC(211) Concurrent Rebuild Remembered Sets and Scrub Regions
[1368.346s][info][gc,marking     ] GC(211) Concurrent Rebuild Remembered Sets and Scrub Regions 202.795ms
[1368.346s][info][gc,start       ] GC(211) Pause Cleanup
[1368.346s][info][gc             ] GC(211) Pause Cleanup 1596M->1596M(4096M) 0.117ms
[1368.346s][info][gc,cpu         ] GC(211) User=0.00s Sys=0.00s Real=0.00s
[1368.346s][info][gc,marking     ] GC(211) Concurrent Clear Claimed Marks
[1368.346s][info][gc,marking     ] GC(211) Concurrent Clear Claimed Marks 0.025ms
[1368.346s][info][gc,marking     ] GC(211) Concurrent Cleanup for Next Mark
[1368.350s][info][gc,marking     ] GC(211) Concurrent Cleanup for Next Mark 3.213ms
[1368.350s][info][gc             ] GC(211) Concurrent Mark Cycle 906.509ms
...........[1378.809s][info][gc,start       ] GC(212) Pause Young (Prepare Mixed) (G1 Evacuation Pause)
[1378.810s][info][gc,task        ] GC(212) Using 6 workers of 6 for evacuation
[1378.927s][info][gc,phases      ] GC(212)   Pre Evacuate Collection Set: 0.31ms
[1378.928s][info][gc,phases      ] GC(212)   Merge Heap Roots: 0.61ms
[1378.928s][info][gc,phases      ] GC(212)   Evacuate Collection Set: 116.01ms
[1378.928s][info][gc,phases      ] GC(212)   Post Evacuate Collection Set: 0.93ms
[1378.928s][info][gc,phases      ] GC(212)   Other: 0.08ms
[1378.928s][info][gc,heap        ] GC(212) Eden regions: 1117->0(1114)
[1378.928s][info][gc,heap        ] GC(212) Survivor regions: 111->110(154)
[1378.928s][info][gc,heap        ] GC(212) Old regions: 502->534
[1378.928s][info][gc,heap        ] GC(212) Humongous regions: 77->77
[1378.928s][info][gc,metaspace   ] GC(212) Metaspace: 28971K(29312K)->28971K(29312K) NonClass: 24086K(24192K)->24086K(24192K) Class: 4884K(5120K)->4884K(5120K)
[1378.928s][info][gc             ] GC(212) Pause Young (Prepare Mixed) (G1 Evacuation Pause) 3612M->1439M(4096M) 118.065ms
[1378.928s][info][gc,cpu         ] GC(212) User=0.70s Sys=0.00s Real=0.12s
...........[1390.291s][info][gc,start       ] GC(213) Pause Young (Mixed) (G1 Evacuation Pause)
[1390.291s][info][gc,task        ] GC(213) Using 6 workers of 6 for evacuation
[1390.423s][info][gc,phases      ] GC(213)   Pre Evacuate Collection Set: 0.41ms
[1390.423s][info][gc,phases      ] GC(213)   Merge Heap Roots: 0.72ms
[1390.423s][info][gc,phases      ] GC(213)   Evacuate Collection Set: 129.09ms
[1390.423s][info][gc,phases      ] GC(213)   Post Evacuate Collection Set: 0.97ms
[1390.423s][info][gc,phases      ] GC(213)   Other: 0.10ms
[1390.423s][info][gc,heap        ] GC(213) Eden regions: 1114->0(1119)
[1390.423s][info][gc,heap        ] GC(213) Survivor regions: 110->109(153)
[1390.423s][info][gc,heap        ] GC(213) Old regions: 534->470
[1390.423s][info][gc,heap        ] GC(213) Humongous regions: 77->77
[1390.423s][info][gc,metaspace   ] GC(213) Metaspace: 28971K(29312K)->28971K(29312K) NonClass: 24086K(24192K)->24086K(24192K) Class: 4884K(5120K)->4884K(5120K)
[1390.423s][info][gc             ] GC(213) Pause Young (Mixed) (G1 Evacuation Pause) 3667M->1308M(4096M) 131.429ms
[1390.423s][info][gc,cpu         ] GC(213) User=0.78s Sys=0.00s Real=0.14s
............ (rIR:aIR:PR = 1660:1660:1660) (tPR = 24493) [OK] 
  1401s: Performance info:
         Transaction,    Success,    Partial,     Failed,   Receipts, AvgBarcode, 
             Overall,      99750,          0,          0,      94774,      59.47, 
         Response times:
             Request,    Success,    Partial,     Failed,   SkipFail,     Probes,    Samples,      min,      p50,      p90,      p95,      p99,      max, 
       TotalPurchase,      94774,          0,          0,          0,      92282,     102895,      300,     1500,     2300,     2500,     5100,   143000,
     InStorePurchase,      49878,          0,          0,          0,      48665,      54171,      300,     1500,     2300,     2500,     4800,   139000,
      OnlinePurchase,      34918,          0,          0,          0,      34021,      37798,      300,     1600,     2300,     2500,     5400,   139000,
        InstPurchase,       9978,          0,          0,          0,       9596,      10926,      400,     1700,     2300,     2600,     4846,   143000,
          AssocOfCat,        101,          0,          0,          0,         97,        111,    18900,    25000,    29800,    31000,    46040,    47000,
      AssocOfProduct,        995,          0,          0,          0,        877,       1085,      400,     1600,     2400,     2600,     3584,    16300,
      BusinessReport,        248,          0,          0,          0,        185,        250,    21000,    28000,    34000,    41250,   153000,   167000,
          CustBuyBeh,        996,          0,          0,          0,        858,       1035,      300,     1000,     1700,     1900,     2400,     7300,
       ProductReturn,       2636,          0,          0,          0,       2431,       2902,      200,     1700,     2400,     2600,     6370,   134000,

  1401s: (13%)   IR =   1799 [1401.832s][info][gc,start       ] GC(214) Pause Young (Concurrent Start) (G1 Evacuation Pause)
[1401.832s][info][gc,task        ] GC(214) Using 6 workers of 6 for evacuation
[1401.950s][info][gc,phases      ] GC(214)   Pre Evacuate Collection Set: 0.37ms
[1401.950s][info][gc,phases      ] GC(214)   Merge Heap Roots: 0.50ms
[1401.950s][info][gc,phases      ] GC(214)   Evacuate Collection Set: 116.14ms
[1401.950s][info][gc,phases      ] GC(214)   Post Evacuate Collection Set: 0.90ms
[1401.950s][info][gc,phases      ] GC(214)   Other: 0.13ms
[1401.950s][info][gc,heap        ] GC(214) Eden regions: 1119->0(1117)
[1401.950s][info][gc,heap        ] GC(214) Survivor regions: 109->111(154)
[1401.951s][info][gc,heap        ] GC(214) Old regions: 470->502
[1401.951s][info][gc,heap        ] GC(214) Humongous regions: 77->77
[1401.951s][info][gc,metaspace   ] GC(214) Metaspace: 28973K(29312K)->28973K(29312K) NonClass: 24088K(24192K)->24088K(24192K) Class: 4884K(5120K)->4884K(5120K)
[1401.951s][info][gc             ] GC(214) Pause Young (Concurrent Start) (G1 Evacuation Pause) 3546M->1376M(4096M) 118.165ms
[1401.951s][info][gc             ] GC(215) Concurrent Mark Cycle
[1401.951s][info][gc,marking     ] GC(215) Concurrent Scan Root Regions
[1401.951s][info][gc,cpu         ] GC(214) User=0.70s Sys=0.00s Real=0.12s
[1402.066s][info][gc,marking     ] GC(215) Concurrent Scan Root Regions 115.705ms
[1402.066s][info][gc,marking     ] GC(215) Concurrent Mark
[1402.066s][info][gc,marking     ] GC(215) Concurrent Mark From Roots
[1402.066s][info][gc,task        ] GC(215) Using 2 workers of 2 for marking
.[1402.597s][info][gc,marking     ] GC(215) Concurrent Mark From Roots 530.731ms
[1402.597s][info][gc,marking     ] GC(215) Concurrent Preclean
[1402.597s][info][gc,marking     ] GC(215) Concurrent Preclean 0.061ms
[1402.597s][info][gc,start       ] GC(215) Pause Remark
[1402.600s][info][gc             ] GC(215) Pause Remark 1526M->1526M(4096M) 2.706ms
[1402.600s][info][gc,cpu         ] GC(215) User=0.02s Sys=0.00s Real=0.00s
[1402.600s][info][gc,marking     ] GC(215) Concurrent Mark 533.734ms
[1402.600s][info][gc,marking     ] GC(215) Concurrent Rebuild Remembered Sets and Scrub Regions
[1402.809s][info][gc,marking     ] GC(215) Concurrent Rebuild Remembered Sets and Scrub Regions 208.615ms
[1402.809s][info][gc,start       ] GC(215) Pause Cleanup
[1402.809s][info][gc             ] GC(215) Pause Cleanup 1576M->1576M(4096M) 0.117ms
[1402.809s][info][gc,cpu         ] GC(215) User=0.00s Sys=0.00s Real=0.00s
[1402.809s][info][gc,marking     ] GC(215) Concurrent Clear Claimed Marks
[1402.809s][info][gc,marking     ] GC(215) Concurrent Clear Claimed Marks 0.032ms
[1402.809s][info][gc,marking     ] GC(215) Concurrent Cleanup for Next Mark
[1402.812s][info][gc,marking     ] GC(215) Concurrent Cleanup for Next Mark 3.135ms
[1402.812s][info][gc             ] GC(215) Concurrent Mark Cycle 861.662ms
...|......[1412.492s][info][gc,start       ] GC(216) Pause Young (Prepare Mixed) (G1 Evacuation Pause)
[1412.492s][info][gc,task        ] GC(216) Using 6 workers of 6 for evacuation
[1412.609s][info][gc,phases      ] GC(216)   Pre Evacuate Collection Set: 0.35ms
[1412.609s][info][gc,phases      ] GC(216)   Merge Heap Roots: 0.53ms
[1412.609s][info][gc,phases      ] GC(216)   Evacuate Collection Set: 114.83ms
[1412.609s][info][gc,phases      ] GC(216)   Post Evacuate Collection Set: 0.96ms
[1412.609s][info][gc,phases      ] GC(216)   Other: 0.09ms
[1412.609s][info][gc,heap        ] GC(216) Eden regions: 1117->0(1114)
[1412.609s][info][gc,heap        ] GC(216) Survivor regions: 111->110(154)
[1412.609s][info][gc,heap        ] GC(216) Old regions: 502->534
[1412.609s][info][gc,heap        ] GC(216) Humongous regions: 77->77
[1412.609s][info][gc,metaspace   ] GC(216) Metaspace: 28975K(29312K)->28975K(29312K) NonClass: 24090K(24192K)->24090K(24192K) Class: 4884K(5120K)->4884K(5120K)
[1412.609s][info][gc             ] GC(216) Pause Young (Prepare Mixed) (G1 Evacuation Pause) 3610M->1439M(4096M) 116.904ms
[1412.609s][info][gc,cpu         ] GC(216) User=0.69s Sys=0.00s Real=0.12s
...........[1423.071s][info][gc,start       ] GC(217) Pause Young (Mixed) (G1 Evacuation Pause)
[1423.071s][info][gc,task        ] GC(217) Using 6 workers of 6 for evacuation
[1423.203s][info][gc,phases      ] GC(217)   Pre Evacuate Collection Set: 0.40ms
[1423.203s][info][gc,phases      ] GC(217)   Merge Heap Roots: 0.66ms
[1423.203s][info][gc,phases      ] GC(217)   Evacuate Collection Set: 130.40ms
[1423.203s][info][gc,phases      ] GC(217)   Post Evacuate Collection Set: 0.98ms
[1423.203s][info][gc,phases      ] GC(217)   Other: 0.08ms
[1423.203s][info][gc,heap        ] GC(217) Eden regions: 1114->0(1119)
[1423.203s][info][gc,heap        ] GC(217) Survivor regions: 110->109(153)
[1423.203s][info][gc,heap        ] GC(217) Old regions: 534->470
[1423.203s][info][gc,heap        ] GC(217) Humongous regions: 77->77
[1423.203s][info][gc,metaspace   ] GC(217) Metaspace: 28975K(29312K)->28975K(29312K) NonClass: 24090K(24192K)->24090K(24192K) Class: 4884K(5120K)->4884K(5120K)
[1423.203s][info][gc             ] GC(217) Pause Young (Mixed) (G1 Evacuation Pause) 3667M->1308M(4096M) 132.658ms
[1423.203s][info][gc,cpu         ] GC(217) User=0.79s Sys=0.00s Real=0.14s
...........[1433.684s][info][gc,start       ] GC(218) Pause Young (Concurrent Start) (G1 Evacuation Pause)
[1433.684s][info][gc,task        ] GC(218) Using 6 workers of 6 for evacuation
[1433.800s][info][gc,phases      ] GC(218)   Pre Evacuate Collection Set: 0.44ms
[1433.800s][info][gc,phases      ] GC(218)   Merge Heap Roots: 0.52ms
[1433.800s][info][gc,phases      ] GC(218)   Evacuate Collection Set: 114.54ms
[1433.800s][info][gc,phases      ] GC(218)   Post Evacuate Collection Set: 0.90ms
[1433.800s][info][gc,phases      ] GC(218)   Other: 0.13ms
[1433.800s][info][gc,heap        ] GC(218) Eden regions: 1119->0(1119)
[1433.800s][info][gc,heap        ] GC(218) Survivor regions: 109->109(154)
[1433.800s][info][gc,heap        ] GC(218) Old regions: 470->502
[1433.800s][info][gc,heap        ] GC(218) Humongous regions: 77->77
[1433.800s][info][gc,metaspace   ] GC(218) Metaspace: 28975K(29312K)->28975K(29312K) NonClass: 24090K(24192K)->24090K(24192K) Class: 4884K(5120K)->4884K(5120K)
[1433.800s][info][gc             ] GC(218) Pause Young (Concurrent Start) (G1 Evacuation Pause) 3546M->1373M(4096M) 116.656ms
[1433.800s][info][gc             ] GC(219) Concurrent Mark Cycle
[1433.800s][info][gc,marking     ] GC(219) Concurrent Scan Root Regions
[1433.800s][info][gc,cpu         ] GC(218) User=0.69s Sys=0.00s Real=0.11s
[1433.915s][info][gc,marking     ] GC(219) Concurrent Scan Root Regions 114.319ms
[1433.915s][info][gc,marking     ] GC(219) Concurrent Mark
[1433.915s][info][gc,marking     ] GC(219) Concurrent Mark From Roots
[1433.915s][info][gc,task        ] GC(219) Using 2 workers of 2 for marking
[1434.456s][info][gc,marking     ] GC(219) Concurrent Mark From Roots 541.747ms
[1434.456s][info][gc,marking     ] GC(219) Concurrent Preclean
[1434.457s][info][gc,marking     ] GC(219) Concurrent Preclean 0.070ms
[1434.457s][info][gc,start       ] GC(219) Pause Remark
[1434.460s][info][gc             ] GC(219) Pause Remark 1552M->1552M(4096M) 2.928ms
[1434.460s][info][gc,cpu         ] GC(219) User=0.01s Sys=0.00s Real=0.00s
[1434.460s][info][gc,marking     ] GC(219) Concurrent Mark 544.962ms
[1434.460s][info][gc,marking     ] GC(219) Concurrent Rebuild Remembered Sets and Scrub Regions
.[1434.674s][info][gc,marking     ] GC(219) Concurrent Rebuild Remembered Sets and Scrub Regions 214.490ms
[1434.674s][info][gc,start       ] GC(219) Pause Cleanup
[1434.674s][info][gc             ] GC(219) Pause Cleanup 1597M->1597M(4096M) 0.119ms
[1434.674s][info][gc,cpu         ] GC(219) User=0.00s Sys=0.00s Real=0.00s
[1434.674s][info][gc,marking     ] GC(219) Concurrent Clear Claimed Marks
[1434.674s][info][gc,marking     ] GC(219) Concurrent Clear Claimed Marks 0.031ms
[1434.674s][info][gc,marking     ] GC(219) Concurrent Cleanup for Next Mark
[1434.678s][info][gc,marking     ] GC(219) Concurrent Cleanup for Next Mark 3.178ms
[1434.678s][info][gc             ] GC(219) Concurrent Mark Cycle 877.410ms
.........[1444.200s][info][gc,start       ] GC(220) Pause Young (Prepare Mixed) (G1 Evacuation Pause)
[1444.201s][info][gc,task        ] GC(220) Using 6 workers of 6 for evacuation
[1444.317s][info][gc,phases      ] GC(220)   Pre Evacuate Collection Set: 0.32ms
[1444.317s][info][gc,phases      ] GC(220)   Merge Heap Roots: 0.59ms
[1444.317s][info][gc,phases      ] GC(220)   Evacuate Collection Set: 114.25ms
[1444.317s][info][gc,phases      ] GC(220)   Post Evacuate Collection Set: 0.95ms
[1444.317s][info][gc,phases      ] GC(220)   Other: 0.09ms
[1444.317s][info][gc,heap        ] GC(220) Eden regions: 1119->0(1118)
[1444.317s][info][gc,heap        ] GC(220) Survivor regions: 109->108(154)
[1444.317s][info][gc,heap        ] GC(220) Old regions: 502->534
[1444.317s][info][gc,heap        ] GC(220) Humongous regions: 77->77
[1444.317s][info][gc,metaspace   ] GC(220) Metaspace: 28975K(29312K)->28975K(29312K) NonClass: 24090K(24192K)->24090K(24192K) Class: 4884K(5120K)->4884K(5120K)
[1444.317s][info][gc             ] GC(220) Pause Young (Prepare Mixed) (G1 Evacuation Pause) 3611M->1435M(4096M) 116.337ms
[1444.317s][info][gc,cpu         ] GC(220) User=0.69s Sys=0.00s Real=0.12s
...........[1454.938s][info][gc,start       ] GC(221) Pause Young (Mixed) (G1 Evacuation Pause)
[1454.938s][info][gc,task        ] GC(221) Using 6 workers of 6 for evacuation
[1455.072s][info][gc,phases      ] GC(221)   Pre Evacuate Collection Set: 0.39ms
[1455.072s][info][gc,phases      ] GC(221)   Merge Heap Roots: 0.72ms
[1455.072s][info][gc,phases      ] GC(221)   Evacuate Collection Set: 131.93ms
[1455.072s][info][gc,phases      ] GC(221)   Post Evacuate Collection Set: 0.98ms
[1455.072s][info][gc,phases      ] GC(221)   Other: 0.09ms
[1455.072s][info][gc,heap        ] GC(221) Eden regions: 1118->0(1117)
[1455.072s][info][gc,heap        ] GC(221) Survivor regions: 108->111(154)
[1455.072s][info][gc,heap        ] GC(221) Old regions: 534->470
[1455.072s][info][gc,heap        ] GC(221) Humongous regions: 77->77
[1455.072s][info][gc,metaspace   ] GC(221) Metaspace: 28975K(29312K)->28975K(29312K) NonClass: 24090K(24192K)->24090K(24192K) Class: 4884K(5120K)->4884K(5120K)
[1455.072s][info][gc             ] GC(221) Pause Young (Mixed) (G1 Evacuation Pause) 3671M->1313M(4096M) 134.242ms
[1455.072s][info][gc,cpu         ] GC(221) User=0.80s Sys=0.00s Real=0.13s
..........[1464.831s][info][gc,start       ] GC(222) Pause Young (Concurrent Start) (G1 Humongous Allocation)
[1464.831s][info][gc,task        ] GC(222) Using 6 workers of 6 for evacuation
[1464.947s][info][gc,phases      ] GC(222)   Pre Evacuate Collection Set: 0.36ms
[1464.947s][info][gc,phases      ] GC(222)   Merge Heap Roots: 0.48ms
[1464.947s][info][gc,phases      ] GC(222)   Evacuate Collection Set: 113.61ms
[1464.947s][info][gc,phases      ] GC(222)   Post Evacuate Collection Set: 0.87ms
[1464.947s][info][gc,phases      ] GC(222)   Other: 0.10ms
[1464.947s][info][gc,heap        ] GC(222) Eden regions: 1053->0(1121)
[1464.947s][info][gc,heap        ] GC(222) Survivor regions: 111->107(154)
[1464.947s][info][gc,heap        ] GC(222) Old regions: 470->502
[1464.947s][info][gc,heap        ] GC(222) Humongous regions: 77->77
[1464.947s][info][gc,metaspace   ] GC(222) Metaspace: 28975K(29312K)->28975K(29312K) NonClass: 24090K(24192K)->24090K(24192K) Class: 4884K(5120K)->4884K(5120K)
[1464.947s][info][gc             ] GC(222) Pause Young (Concurrent Start) (G1 Humongous Allocation) 3419M->1370M(4096M) 115.565ms
[1464.947s][info][gc             ] GC(223) Concurrent Mark Cycle
[1464.947s][info][gc,marking     ] GC(223) Concurrent Scan Root Regions
[1464.947s][info][gc,cpu         ] GC(222) User=0.69s Sys=0.00s Real=0.12s
[1465.059s][info][gc,marking     ] GC(223) Concurrent Scan Root Regions 112.031ms
[1465.059s][info][gc,marking     ] GC(223) Concurrent Mark
[1465.059s][info][gc,marking     ] GC(223) Concurrent Mark From Roots
[1465.059s][info][gc,task        ] GC(223) Using 2 workers of 2 for marking
[1465.589s][info][gc,marking     ] GC(223) Concurrent Mark From Roots 530.243ms
[1465.589s][info][gc,marking     ] GC(223) Concurrent Preclean
[1465.589s][info][gc,marking     ] GC(223) Concurrent Preclean 0.061ms
[1465.589s][info][gc,start       ] GC(223) Pause Remark
[1465.592s][info][gc             ] GC(223) Pause Remark 1528M->1528M(4096M) 2.989ms
[1465.592s][info][gc,cpu         ] GC(223) User=0.02s Sys=0.00s Real=0.01s
[1465.592s][info][gc,marking     ] GC(223) Concurrent Mark 533.558ms
[1465.592s][info][gc,marking     ] GC(223) Concurrent Rebuild Remembered Sets and Scrub Regions
. (rIR:aIR:PR = 1799:1799:1799) (tPR = 26868) [OK] 
  1465s: Performance info:
         Transaction,    Success,    Partial,     Failed,   Receipts, AvgBarcode, 
             Overall,     108085,          0,          0,     102678,      59.48, 
         Response times:
             Request,    Success,    Partial,     Failed,   SkipFail,     Probes,    Samples,      min,      p50,      p90,      p95,      p99,      max, 
       TotalPurchase,     102678,          0,          0,          0,     100112,     107798,      300,     1600,     2400,     2700,     7500,   146000,
     InStorePurchase,      54056,          0,          0,          0,      52866,      56728,      300,     1600,     2400,     2700,     7500,   146000,
      OnlinePurchase,      37812,          0,          0,          0,      36977,      39836,      300,     1700,     2500,     2800,     7100,   146000,
        InstPurchase,      10810,          0,          0,          0,      10269,      11234,      400,     1500,     2400,     2700,     8000,   145000,
          AssocOfCat,        108,          0,          0,          0,        104,        114,    18100,    25000,    28500,    31750,    48800,    50000,
      AssocOfProduct,       1086,          0,          0,          0,        955,       1158,      700,     2300,     2800,     3000,     8512,    23000,
      BusinessReport,        270,          0,          0,          0,        202,        262,    19300,    27000,    36000,    44850,    58370,    66000,
          CustBuyBeh,       1081,          0,          0,          0,        937,       1131,      300,     1500,     2100,     2400,     7584,    18400,
       ProductReturn,       2862,          0,          0,          0,       2656,       2991,      200,     1100,     1900,     2200,     5400,   138000,

  1465s: (14%)   IR =   1937 [1465.803s][info][gc,marking     ] GC(223) Concurrent Rebuild Remembered Sets and Scrub Regions 210.553ms
[1465.803s][info][gc,start       ] GC(223) Pause Cleanup
[1465.803s][info][gc             ] GC(223) Pause Cleanup 1570M->1570M(4096M) 0.135ms
[1465.803s][info][gc,cpu         ] GC(223) User=0.00s Sys=0.00s Real=0.00s
[1465.803s][info][gc,marking     ] GC(223) Concurrent Clear Claimed Marks
[1465.803s][info][gc,marking     ] GC(223) Concurrent Clear Claimed Marks 0.031ms
[1465.803s][info][gc,marking     ] GC(223) Concurrent Cleanup for Next Mark
[1465.807s][info][gc,marking     ] GC(223) Concurrent Cleanup for Next Mark 3.165ms
[1465.807s][info][gc             ] GC(223) Concurrent Mark Cycle 859.784ms
.....|....[1474.869s][info][gc,start       ] GC(224) Pause Young (Prepare Mixed) (G1 Evacuation Pause)
[1474.869s][info][gc,task        ] GC(224) Using 6 workers of 6 for evacuation
[1474.989s][info][gc,phases      ] GC(224)   Pre Evacuate Collection Set: 0.40ms
[1474.989s][info][gc,phases      ] GC(224)   Merge Heap Roots: 0.53ms
[1474.989s][info][gc,phases      ] GC(224)   Evacuate Collection Set: 118.18ms
[1474.989s][info][gc,phases      ] GC(224)   Post Evacuate Collection Set: 1.03ms
[1474.989s][info][gc,phases      ] GC(224)   Other: 0.08ms
[1474.989s][info][gc,heap        ] GC(224) Eden regions: 1121->0(1114)
[1474.989s][info][gc,heap        ] GC(224) Survivor regions: 107->108(154)
[1474.989s][info][gc,heap        ] GC(224) Old regions: 502->535
[1474.989s][info][gc,heap        ] GC(224) Humongous regions: 80->80
[1474.989s][info][gc,metaspace   ] GC(224) Metaspace: 28975K(29312K)->28975K(29312K) NonClass: 24091K(24192K)->24091K(24192K) Class: 4884K(5120K)->4884K(5120K)
[1474.989s][info][gc             ] GC(224) Pause Young (Prepare Mixed) (G1 Evacuation Pause) 3618M->1444M(4096M) 120.371ms
[1474.990s][info][gc,cpu         ] GC(224) User=0.71s Sys=0.00s Real=0.12s
.........[1484.528s][info][gc,start       ] GC(225) Pause Young (Mixed) (G1 Evacuation Pause)
[1484.528s][info][gc,task        ] GC(225) Using 6 workers of 6 for evacuation
[1484.662s][info][gc,phases      ] GC(225)   Pre Evacuate Collection Set: 0.38ms
[1484.662s][info][gc,phases      ] GC(225)   Merge Heap Roots: 0.75ms
[1484.662s][info][gc,phases      ] GC(225)   Evacuate Collection Set: 130.98ms
[1484.662s][info][gc,phases      ] GC(225)   Post Evacuate Collection Set: 1.01ms
[1484.662s][info][gc,phases      ] GC(225)   Other: 0.09ms
[1484.662s][info][gc,heap        ] GC(225) Eden regions: 1114->0(1119)
[1484.662s][info][gc,heap        ] GC(225) Survivor regions: 108->109(153)
[1484.662s][info][gc,heap        ] GC(225) Old regions: 535->471
[1484.662s][info][gc,heap        ] GC(225) Humongous regions: 80->80
[1484.662s][info][gc,metaspace   ] GC(225) Metaspace: 28975K(29312K)->28975K(29312K) NonClass: 24091K(24192K)->24091K(24192K) Class: 4884K(5120K)->4884K(5120K)
[1484.662s][info][gc             ] GC(225) Pause Young (Mixed) (G1 Evacuation Pause) 3672M->1318M(4096M) 133.351ms
[1484.662s][info][gc,cpu         ] GC(225) User=0.79s Sys=0.00s Real=0.13s
..........[1494.439s][info][gc,start       ] GC(226) Pause Young (Concurrent Start) (G1 Evacuation Pause)
[1494.439s][info][gc,task        ] GC(226) Using 6 workers of 6 for evacuation
[1494.559s][info][gc,phases      ] GC(226)   Pre Evacuate Collection Set: 0.45ms
[1494.559s][info][gc,phases      ] GC(226)   Merge Heap Roots: 0.57ms
[1494.559s][info][gc,phases      ] GC(226)   Evacuate Collection Set: 117.40ms
[1494.559s][info][gc,phases      ] GC(226)   Post Evacuate Collection Set: 0.90ms
[1494.559s][info][gc,phases      ] GC(226)   Other: 0.14ms
[1494.559s][info][gc,heap        ] GC(226) Eden regions: 1119->0(1120)
[1494.559s][info][gc,heap        ] GC(226) Survivor regions: 109->108(154)
[1494.559s][info][gc,heap        ] GC(226) Old regions: 471->505
[1494.559s][info][gc,heap        ] GC(226) Humongous regions: 80->80
[1494.559s][info][gc,metaspace   ] GC(226) Metaspace: 28975K(29312K)->28975K(29312K) NonClass: 24091K(24192K)->24091K(24192K) Class: 4884K(5120K)->4884K(5120K)
[1494.559s][info][gc             ] GC(226) Pause Young (Concurrent Start) (G1 Evacuation Pause) 3556M->1383M(4096M) 119.604ms
[1494.559s][info][gc             ] GC(227) Concurrent Mark Cycle
[1494.559s][info][gc,marking     ] GC(227) Concurrent Scan Root Regions
[1494.559s][info][gc,cpu         ] GC(226) User=0.71s Sys=0.00s Real=0.12s
.[1494.680s][info][gc,marking     ] GC(227) Concurrent Scan Root Regions 121.151ms
[1494.680s][info][gc,marking     ] GC(227) Concurrent Mark
[1494.680s][info][gc,marking     ] GC(227) Concurrent Mark From Roots
[1494.680s][info][gc,task        ] GC(227) Using 2 workers of 2 for marking
[1495.208s][info][gc,marking     ] GC(227) Concurrent Mark From Roots 527.898ms
[1495.208s][info][gc,marking     ] GC(227) Concurrent Preclean
[1495.208s][info][gc,marking     ] GC(227) Concurrent Preclean 0.060ms
[1495.208s][info][gc,start       ] GC(227) Pause Remark
[1495.211s][info][gc             ] GC(227) Pause Remark 1567M->1567M(4096M) 2.905ms
[1495.211s][info][gc,cpu         ] GC(227) User=0.01s Sys=0.00s Real=0.00s
[1495.211s][info][gc,marking     ] GC(227) Concurrent Mark 531.113ms
[1495.211s][info][gc,marking     ] GC(227) Concurrent Rebuild Remembered Sets and Scrub Regions
[1495.418s][info][gc,marking     ] GC(227) Concurrent Rebuild Remembered Sets and Scrub Regions 206.997ms
[1495.418s][info][gc,start       ] GC(227) Pause Cleanup
[1495.418s][info][gc             ] GC(227) Pause Cleanup 1612M->1612M(4096M) 0.123ms
[1495.418s][info][gc,cpu         ] GC(227) User=0.00s Sys=0.00s Real=0.00s
[1495.419s][info][gc,marking     ] GC(227) Concurrent Clear Claimed Marks
[1495.419s][info][gc,marking     ] GC(227) Concurrent Clear Claimed Marks 0.031ms
[1495.419s][info][gc,marking     ] GC(227) Concurrent Cleanup for Next Mark
[1495.422s][info][gc,marking     ] GC(227) Concurrent Cleanup for Next Mark 3.202ms
[1495.422s][info][gc             ] GC(227) Concurrent Mark Cycle 862.951ms
.........[1504.238s][info][gc,start       ] GC(228) Pause Young (Prepare Mixed) (G1 Evacuation Pause)
[1504.238s][info][gc,task        ] GC(228) Using 6 workers of 6 for evacuation
[1504.354s][info][gc,phases      ] GC(228)   Pre Evacuate Collection Set: 0.38ms
[1504.354s][info][gc,phases      ] GC(228)   Merge Heap Roots: 0.52ms
[1504.354s][info][gc,phases      ] GC(228)   Evacuate Collection Set: 114.07ms
[1504.354s][info][gc,phases      ] GC(228)   Post Evacuate Collection Set: 0.92ms
[1504.354s][info][gc,phases      ] GC(228)   Other: 0.08ms
[1504.354s][info][gc,heap        ] GC(228) Eden regions: 1120->0(1111)
[1504.354s][info][gc,heap        ] GC(228) Survivor regions: 108->109(154)
[1504.354s][info][gc,heap        ] GC(228) Old regions: 505->536
[1504.354s][info][gc,heap        ] GC(228) Humongous regions: 80->80
[1504.354s][info][gc,metaspace   ] GC(228) Metaspace: 28975K(29312K)->28975K(29312K) NonClass: 24091K(24192K)->24091K(24192K) Class: 4884K(5120K)->4884K(5120K)
[1504.354s][info][gc             ] GC(228) Pause Young (Prepare Mixed) (G1 Evacuation Pause) 3623M->1446M(4096M) 116.096ms
[1504.354s][info][gc,cpu         ] GC(228) User=0.69s Sys=0.00s Real=0.12s
..........[1514.033s][info][gc,start       ] GC(229) Pause Young (Mixed) (G1 Evacuation Pause)
[1514.033s][info][gc,task        ] GC(229) Using 6 workers of 6 for evacuation
[1514.166s][info][gc,phases      ] GC(229)   Pre Evacuate Collection Set: 0.37ms
[1514.166s][info][gc,phases      ] GC(229)   Merge Heap Roots: 0.68ms
[1514.166s][info][gc,phases      ] GC(229)   Evacuate Collection Set: 130.44ms
[1514.166s][info][gc,phases      ] GC(229)   Post Evacuate Collection Set: 1.00ms
[1514.166s][info][gc,phases      ] GC(229)   Other: 0.09ms
[1514.166s][info][gc,heap        ] GC(229) Eden regions: 1111->0(1120)
[1514.166s][info][gc,heap        ] GC(229) Survivor regions: 109->108(153)
[1514.166s][info][gc,heap        ] GC(229) Old regions: 536->469
[1514.166s][info][gc,heap        ] GC(229) Humongous regions: 80->80
[1514.166s][info][gc,metaspace   ] GC(229) Metaspace: 28975K(29312K)->28975K(29312K) NonClass: 24091K(24192K)->24091K(24192K) Class: 4884K(5120K)->4884K(5120K)
[1514.166s][info][gc             ] GC(229) Pause Young (Mixed) (G1 Evacuation Pause) 3668M->1313M(4096M) 132.710ms
[1514.166s][info][gc,cpu         ] GC(229) User=0.79s Sys=0.00s Real=0.13s
..........[1523.928s][info][gc,start       ] GC(230) Pause Young (Concurrent Start) (G1 Evacuation Pause)
[1523.928s][info][gc,task        ] GC(230) Using 6 workers of 6 for evacuation
[1524.045s][info][gc,phases      ] GC(230)   Pre Evacuate Collection Set: 0.43ms
[1524.045s][info][gc,phases      ] GC(230)   Merge Heap Roots: 0.55ms
[1524.045s][info][gc,phases      ] GC(230)   Evacuate Collection Set: 115.16ms
[1524.045s][info][gc,phases      ] GC(230)   Post Evacuate Collection Set: 0.90ms
[1524.045s][info][gc,phases      ] GC(230)   Other: 0.10ms
[1524.045s][info][gc,heap        ] GC(230) Eden regions: 1120->0(1119)
[1524.045s][info][gc,heap        ] GC(230) Survivor regions: 108->109(154)
[1524.045s][info][gc,heap        ] GC(230) Old regions: 469->501
[1524.045s][info][gc,heap        ] GC(230) Humongous regions: 80->80
[1524.045s][info][gc,metaspace   ] GC(230) Metaspace: 28975K(29312K)->28975K(29312K) NonClass: 24091K(24192K)->24091K(24192K) Class: 4884K(5120K)->4884K(5120K)
[1524.045s][info][gc             ] GC(230) Pause Young (Concurrent Start) (G1 Evacuation Pause) 3553M->1378M(4096M) 117.296ms
[1524.045s][info][gc             ] GC(231) Concurrent Mark Cycle
[1524.045s][info][gc,marking     ] GC(231) Concurrent Scan Root Regions
[1524.045s][info][gc,cpu         ] GC(230) User=0.70s Sys=0.00s Real=0.12s
[1524.164s][info][gc,marking     ] GC(231) Concurrent Scan Root Regions 118.909ms
[1524.164s][info][gc,marking     ] GC(231) Concurrent Mark
[1524.164s][info][gc,marking     ] GC(231) Concurrent Mark From Roots
[1524.164s][info][gc,task        ] GC(231) Using 2 workers of 2 for marking
.[1524.703s][info][gc,marking     ] GC(231) Concurrent Mark From Roots 538.636ms
[1524.703s][info][gc,marking     ] GC(231) Concurrent Preclean
[1524.703s][info][gc,marking     ] GC(231) Concurrent Preclean 0.043ms
[1524.703s][info][gc,start       ] GC(231) Pause Remark
[1524.706s][info][gc             ] GC(231) Pause Remark 1551M->1551M(4096M) 2.780ms
[1524.706s][info][gc,cpu         ] GC(231) User=0.02s Sys=0.00s Real=0.00s
[1524.706s][info][gc,marking     ] GC(231) Concurrent Mark 541.683ms
[1524.706s][info][gc,marking     ] GC(231) Concurrent Rebuild Remembered Sets and Scrub Regions
[1524.963s][info][gc,marking     ] GC(231) Concurrent Rebuild Remembered Sets and Scrub Regions 257.012ms
[1524.963s][info][gc,start       ] GC(231) Pause Cleanup
[1524.963s][info][gc             ] GC(231) Pause Cleanup 1604M->1604M(4096M) 0.113ms
[1524.963s][info][gc,cpu         ] GC(231) User=0.00s Sys=0.00s Real=0.00s
[1524.963s][info][gc,marking     ] GC(231) Concurrent Clear Claimed Marks
[1524.963s][info][gc,marking     ] GC(231) Concurrent Clear Claimed Marks 0.028ms
[1524.963s][info][gc,marking     ] GC(231) Concurrent Cleanup for Next Mark
[1524.966s][info][gc,marking     ] GC(231) Concurrent Cleanup for Next Mark 3.202ms
[1524.966s][info][gc             ] GC(231) Concurrent Mark Cycle 921.260ms
...... (rIR:aIR:PR = 1937:1938:1938) (tPR = 28839) [OK] 
  1530s: Performance info:
         Transaction,    Success,    Partial,     Failed,   Receipts, AvgBarcode, 
             Overall,     116372,          0,          0,     110551,      59.47, 
         Response times:
             Request,    Success,    Partial,     Failed,   SkipFail,     Probes,    Samples,      min,      p50,      p90,      p95,      p99,      max, 
       TotalPurchase,     110552,          0,          0,          0,     107953,     118278,      300,     1700,     2600,     2900,     6600,   137000,
     InStorePurchase,      58215,          0,          0,          0,      57087,      62201,      300,     1700,     2600,     2900,     6700,   137000,
      OnlinePurchase,      40683,          0,          0,          0,      39739,      43815,      300,     1800,     2700,     3000,     7700,   136000,
        InstPurchase,      11654,          0,          0,          0,      11127,      12262,      400,     1400,     2500,     2800,     4937,   126000,
          AssocOfCat,        117,          0,          0,          0,        112,        124,    18300,    25000,    30000,    32750,   140000,   175000,
      AssocOfProduct,       1166,          0,          0,          0,       1020,       1235,      500,     1800,     2600,     2800,     4084,   123000,
      BusinessReport,        296,          0,          0,          0,        220,        311,    22000,    28000,    34800,    40000,    48880,    54000,
          CustBuyBeh,       1161,          0,          0,          0,       1039,       1255,      200,     1700,     2400,     2720,     7344,   125000,
       ProductReturn,       3081,          0,          0,          0,       2841,       3283,      200,     1300,     2400,     2700,     4912,   126000,

  1530s: (15%)   IR =   2076 ..[1533.422s][info][gc,start       ] GC(232) Pause Young (Prepare Mixed) (G1 Evacuation Pause)
[1533.422s][info][gc,task        ] GC(232) Using 6 workers of 6 for evacuation
[1533.537s][info][gc,phases      ] GC(232)   Pre Evacuate Collection Set: 0.37ms
[1533.537s][info][gc,phases      ] GC(232)   Merge Heap Roots: 0.56ms
[1533.537s][info][gc,phases      ] GC(232)   Evacuate Collection Set: 113.77ms
[1533.537s][info][gc,phases      ] GC(232)   Post Evacuate Collection Set: 0.96ms
[1533.537s][info][gc,phases      ] GC(232)   Other: 0.08ms
[1533.537s][info][gc,heap        ] GC(232) Eden regions: 1119->0(1114)
[1533.537s][info][gc,heap        ] GC(232) Survivor regions: 109->109(154)
[1533.537s][info][gc,heap        ] GC(232) Old regions: 501->533
[1533.537s][info][gc,heap        ] GC(232) Humongous regions: 80->80
[1533.537s][info][gc,metaspace   ] GC(232) Metaspace: 28979K(29376K)->28979K(29376K) NonClass: 24094K(24256K)->24094K(24256K) Class: 4884K(5120K)->4884K(5120K)
[1533.537s][info][gc             ] GC(232) Pause Young (Prepare Mixed) (G1 Evacuation Pause) 3616M->1442M(4096M) 115.869ms
[1533.537s][info][gc,cpu         ] GC(232) User=0.69s Sys=0.00s Real=0.12s
..|.......[1542.574s][info][gc,start       ] GC(233) Pause Young (Mixed) (G1 Evacuation Pause)
[1542.574s][info][gc,task        ] GC(233) Using 6 workers of 6 for evacuation
[1542.706s][info][gc,phases      ] GC(233)   Pre Evacuate Collection Set: 0.41ms
[1542.706s][info][gc,phases      ] GC(233)   Merge Heap Roots: 0.71ms
[1542.706s][info][gc,phases      ] GC(233)   Evacuate Collection Set: 129.54ms
[1542.706s][info][gc,phases      ] GC(233)   Post Evacuate Collection Set: 0.99ms
[1542.706s][info][gc,phases      ] GC(233)   Other: 0.09ms
[1542.706s][info][gc,heap        ] GC(233) Eden regions: 1114->0(1120)
[1542.706s][info][gc,heap        ] GC(233) Survivor regions: 109->108(153)
[1542.706s][info][gc,heap        ] GC(233) Old regions: 533->469
[1542.706s][info][gc,heap        ] GC(233) Humongous regions: 80->80
[1542.706s][info][gc,metaspace   ] GC(233) Metaspace: 28979K(29376K)->28979K(29376K) NonClass: 24094K(24256K)->24094K(24256K) Class: 4884K(5120K)->4884K(5120K)
[1542.706s][info][gc             ] GC(233) Pause Young (Mixed) (G1 Evacuation Pause) 3670M->1313M(4096M) 131.868ms
[1542.706s][info][gc,cpu         ] GC(233) User=0.78s Sys=0.00s Real=0.13s
..........[1551.763s][info][gc,start       ] GC(234) Pause Young (Concurrent Start) (G1 Evacuation Pause)
[1551.763s][info][gc,task        ] GC(234) Using 6 workers of 6 for evacuation
[1551.879s][info][gc,phases      ] GC(234)   Pre Evacuate Collection Set: 0.44ms
[1551.879s][info][gc,phases      ] GC(234)   Merge Heap Roots: 0.52ms
[1551.879s][info][gc,phases      ] GC(234)   Evacuate Collection Set: 113.95ms
[1551.879s][info][gc,phases      ] GC(234)   Post Evacuate Collection Set: 0.91ms
[1551.879s][info][gc,phases      ] GC(234)   Other: 0.12ms
[1551.879s][info][gc,heap        ] GC(234) Eden regions: 1120->0(1119)
[1551.879s][info][gc,heap        ] GC(234) Survivor regions: 108->109(154)
[1551.879s][info][gc,heap        ] GC(234) Old regions: 469->501
[1551.879s][info][gc,heap        ] GC(234) Humongous regions: 80->80
[1551.879s][info][gc,metaspace   ] GC(234) Metaspace: 28979K(29376K)->28979K(29376K) NonClass: 24094K(24256K)->24094K(24256K) Class: 4884K(5120K)->4884K(5120K)
[1551.879s][info][gc             ] GC(234) Pause Young (Concurrent Start) (G1 Evacuation Pause) 3553M->1378M(4096M) 116.070ms
[1551.879s][info][gc             ] GC(235) Concurrent Mark Cycle
[1551.879s][info][gc,marking     ] GC(235) Concurrent Scan Root Regions
[1551.879s][info][gc,cpu         ] GC(234) User=0.69s Sys=0.00s Real=0.11s
[1552.025s][info][gc,marking     ] GC(235) Concurrent Scan Root Regions 146.003ms
[1552.025s][info][gc,marking     ] GC(235) Concurrent Mark
[1552.025s][info][gc,marking     ] GC(235) Concurrent Mark From Roots
[1552.025s][info][gc,task        ] GC(235) Using 2 workers of 2 for marking
[1552.590s][info][gc,marking     ] GC(235) Concurrent Mark From Roots 564.979ms
[1552.590s][info][gc,marking     ] GC(235) Concurrent Preclean
[1552.590s][info][gc,marking     ] GC(235) Concurrent Preclean 0.054ms
[1552.590s][info][gc,start       ] GC(235) Pause Remark
[1552.593s][info][gc             ] GC(235) Pause Remark 1572M->1572M(4096M) 3.009ms
[1552.593s][info][gc,cpu         ] GC(235) User=0.01s Sys=0.00s Real=0.01s
[1552.593s][info][gc,marking     ] GC(235) Concurrent Mark 568.330ms
[1552.593s][info][gc,marking     ] GC(235) Concurrent Rebuild Remembered Sets and Scrub Regions
.[1552.822s][info][gc,marking     ] GC(235) Concurrent Rebuild Remembered Sets and Scrub Regions 228.593ms
[1552.822s][info][gc,start       ] GC(235) Pause Cleanup
[1552.822s][info][gc             ] GC(235) Pause Cleanup 1630M->1630M(4096M) 0.122ms
[1552.822s][info][gc,cpu         ] GC(235) User=0.00s Sys=0.00s Real=0.00s
[1552.822s][info][gc,marking     ] GC(235) Concurrent Clear Claimed Marks
[1552.822s][info][gc,marking     ] GC(235) Concurrent Clear Claimed Marks 0.031ms
[1552.822s][info][gc,marking     ] GC(235) Concurrent Cleanup for Next Mark
[1552.826s][info][gc,marking     ] GC(235) Concurrent Cleanup for Next Mark 3.880ms
[1552.826s][info][gc             ] GC(235) Concurrent Mark Cycle 947.300ms
........[1560.935s][info][gc,start       ] GC(236) Pause Young (Prepare Mixed) (G1 Evacuation Pause)
[1560.935s][info][gc,task        ] GC(236) Using 6 workers of 6 for evacuation
[1561.053s][info][gc,phases      ] GC(236)   Pre Evacuate Collection Set: 0.37ms
[1561.054s][info][gc,phases      ] GC(236)   Merge Heap Roots: 0.53ms
[1561.054s][info][gc,phases      ] GC(236)   Evacuate Collection Set: 116.92ms
[1561.054s][info][gc,phases      ] GC(236)   Post Evacuate Collection Set: 0.93ms
[1561.054s][info][gc,phases      ] GC(236)   Other: 0.09ms
[1561.054s][info][gc,heap        ] GC(236) Eden regions: 1119->0(1112)
[1561.054s][info][gc,heap        ] GC(236) Survivor regions: 109->110(154)
[1561.054s][info][gc,heap        ] GC(236) Old regions: 501->533
[1561.054s][info][gc,heap        ] GC(236) Humongous regions: 80->80
[1561.054s][info][gc,metaspace   ] GC(236) Metaspace: 28979K(29376K)->28979K(29376K) NonClass: 24094K(24256K)->24094K(24256K) Class: 4884K(5120K)->4884K(5120K)
[1561.054s][info][gc             ] GC(236) Pause Young (Prepare Mixed) (G1 Evacuation Pause) 3616M->1444M(4096M) 118.960ms
[1561.054s][info][gc,cpu         ] GC(236) User=0.71s Sys=0.00s Real=0.12s
.........[1570.091s][info][gc,start       ] GC(237) Pause Young (Mixed) (G1 Evacuation Pause)
[1570.091s][info][gc,task        ] GC(237) Using 6 workers of 6 for evacuation
[1570.225s][info][gc,phases      ] GC(237)   Pre Evacuate Collection Set: 0.40ms
[1570.225s][info][gc,phases      ] GC(237)   Merge Heap Roots: 0.74ms
[1570.225s][info][gc,phases      ] GC(237)   Evacuate Collection Set: 131.70ms
[1570.225s][info][gc,phases      ] GC(237)   Post Evacuate Collection Set: 0.94ms
[1570.225s][info][gc,phases      ] GC(237)   Other: 0.09ms
[1570.225s][info][gc,heap        ] GC(237) Eden regions: 1112->0(1120)
[1570.225s][info][gc,heap        ] GC(237) Survivor regions: 110->108(153)
[1570.225s][info][gc,heap        ] GC(237) Old regions: 533->470
[1570.225s][info][gc,heap        ] GC(237) Humongous regions: 80->80
[1570.225s][info][gc,metaspace   ] GC(237) Metaspace: 28979K(29376K)->28979K(29376K) NonClass: 24094K(24256K)->24094K(24256K) Class: 4884K(5120K)->4884K(5120K)
[1570.225s][info][gc             ] GC(237) Pause Young (Mixed) (G1 Evacuation Pause) 3668M->1314M(4096M) 134.016ms
[1570.225s][info][gc,cpu         ] GC(237) User=0.80s Sys=0.00s Real=0.14s
.........[1579.300s][info][gc,start       ] GC(238) Pause Young (Concurrent Start) (G1 Evacuation Pause)
[1579.301s][info][gc,task        ] GC(238) Using 6 workers of 6 for evacuation
[1579.418s][info][gc,phases      ] GC(238)   Pre Evacuate Collection Set: 0.40ms
[1579.418s][info][gc,phases      ] GC(238)   Merge Heap Roots: 0.50ms
[1579.418s][info][gc,phases      ] GC(238)   Evacuate Collection Set: 115.20ms
[1579.418s][info][gc,phases      ] GC(238)   Post Evacuate Collection Set: 0.92ms
[1579.418s][info][gc,phases      ] GC(238)   Other: 0.15ms
[1579.418s][info][gc,heap        ] GC(238) Eden regions: 1120->0(1119)
[1579.418s][info][gc,heap        ] GC(238) Survivor regions: 108->109(154)
[1579.418s][info][gc,heap        ] GC(238) Old regions: 470->502
[1579.418s][info][gc,heap        ] GC(238) Humongous regions: 80->80
[1579.418s][info][gc,metaspace   ] GC(238) Metaspace: 28979K(29376K)->28979K(29376K) NonClass: 24094K(24256K)->24094K(24256K) Class: 4884K(5120K)->4884K(5120K)
[1579.418s][info][gc             ] GC(238) Pause Young (Concurrent Start) (G1 Evacuation Pause) 3554M->1379M(4096M) 117.317ms
[1579.418s][info][gc             ] GC(239) Concurrent Mark Cycle
[1579.418s][info][gc,marking     ] GC(239) Concurrent Scan Root Regions
[1579.418s][info][gc,cpu         ] GC(238) User=0.69s Sys=0.00s Real=0.12s
[1579.544s][info][gc,marking     ] GC(239) Concurrent Scan Root Regions 126.350ms
[1579.544s][info][gc,marking     ] GC(239) Concurrent Mark
[1579.544s][info][gc,marking     ] GC(239) Concurrent Mark From Roots
[1579.544s][info][gc,task        ] GC(239) Using 2 workers of 2 for marking
.[1580.095s][info][gc,marking     ] GC(239) Concurrent Mark From Roots 550.955ms
[1580.095s][info][gc,marking     ] GC(239) Concurrent Preclean
[1580.095s][info][gc,marking     ] GC(239) Concurrent Preclean 0.041ms
[1580.095s][info][gc,start       ] GC(239) Pause Remark
[1580.098s][info][gc             ] GC(239) Pause Remark 1575M->1575M(4096M) 2.928ms
[1580.098s][info][gc,cpu         ] GC(239) User=0.02s Sys=0.00s Real=0.00s
[1580.098s][info][gc,marking     ] GC(239) Concurrent Mark 554.177ms
[1580.098s][info][gc,marking     ] GC(239) Concurrent Rebuild Remembered Sets and Scrub Regions
[1580.308s][info][gc,marking     ] GC(239) Concurrent Rebuild Remembered Sets and Scrub Regions 209.745ms
[1580.308s][info][gc,start       ] GC(239) Pause Cleanup
[1580.308s][info][gc             ] GC(239) Pause Cleanup 1626M->1626M(4096M) 0.127ms
[1580.308s][info][gc,cpu         ] GC(239) User=0.00s Sys=0.00s Real=0.00s
[1580.309s][info][gc,marking     ] GC(239) Concurrent Clear Claimed Marks
[1580.309s][info][gc,marking     ] GC(239) Concurrent Clear Claimed Marks 0.029ms
[1580.309s][info][gc,marking     ] GC(239) Concurrent Cleanup for Next Mark
[1580.312s][info][gc,marking     ] GC(239) Concurrent Cleanup for Next Mark 3.184ms
[1580.312s][info][gc             ] GC(239) Concurrent Mark Cycle 893.947ms
........[1588.436s][info][gc,start       ] GC(240) Pause Young (Prepare Mixed) (G1 Evacuation Pause)
[1588.436s][info][gc,task        ] GC(240) Using 6 workers of 6 for evacuation
[1588.553s][info][gc,phases      ] GC(240)   Pre Evacuate Collection Set: 0.34ms
[1588.553s][info][gc,phases      ] GC(240)   Merge Heap Roots: 0.54ms
[1588.553s][info][gc,phases      ] GC(240)   Evacuate Collection Set: 114.65ms
[1588.553s][info][gc,phases      ] GC(240)   Post Evacuate Collection Set: 0.92ms
[1588.553s][info][gc,phases      ] GC(240)   Other: 0.09ms
[1588.553s][info][gc,heap        ] GC(240) Eden regions: 1119->0(1114)
[1588.553s][info][gc,heap        ] GC(240) Survivor regions: 109->109(154)
[1588.553s][info][gc,heap        ] GC(240) Old regions: 502->533
[1588.553s][info][gc,heap        ] GC(240) Humongous regions: 80->80
[1588.553s][info][gc,metaspace   ] GC(240) Metaspace: 28979K(29376K)->28979K(29376K) NonClass: 24094K(24256K)->24094K(24256K) Class: 4884K(5120K)->4884K(5120K)
[1588.553s][info][gc             ] GC(240) Pause Young (Prepare Mixed) (G1 Evacuation Pause) 3617M->1443M(4096M) 116.689ms
[1588.553s][info][gc,cpu         ] GC(240) User=0.69s Sys=0.00s Real=0.12s
....... (rIR:aIR:PR = 2076:2075:2075) (tPR = 30806) [OK] 
  1594s: Performance info:
         Transaction,    Success,    Partial,     Failed,   Receipts, AvgBarcode, 
             Overall,     124593,          0,          0,     118328,      59.47, 
         Response times:
             Request,    Success,    Partial,     Failed,   SkipFail,     Probes,    Samples,      min,      p50,      p90,      p95,      p99,      max, 
       TotalPurchase,     118370,          0,          0,          0,     115394,     124126,      300,     1800,     2700,     3000,     7900,   140000,
     InStorePurchase,      62304,          0,          0,          0,      60795,      65326,      300,     1800,     2700,     3000,     8100,   140000,
      OnlinePurchase,      43599,          0,          0,          0,      42626,      45736,      300,     1800,     2700,     3000,     7463,   140000,
        InstPurchase,      12467,          0,          0,          0,      11973,      13064,      400,     2000,     2800,     3200,     8700,   138000,
          AssocOfCat,        126,          0,          0,          0,         93,        134,    19900,    26000,    33000,    37500,    58950,    60000,
      AssocOfProduct,       1247,          0,          0,          0,       1095,       1303,      400,     1200,     1900,     2400,     3900,    15000,
      BusinessReport,        308,          0,          0,          0,        239,        358,    21000,    28000,    36000,    42000,    62230,   159000,
          CustBuyBeh,       1240,          0,          0,          0,       1112,       1310,      300,     1900,     2800,     3100,     7245,    22000,
       ProductReturn,       3299,          0,          0,          0,       3083,       3478,      200,     1700,     2500,     2800,     9621,   122000,

  1594s: (16%)   IR =   2214 ..[1597.489s][info][gc,start       ] GC(241) Pause Young (Mixed) (G1 Evacuation Pause)
[1597.489s][info][gc,task        ] GC(241) Using 6 workers of 6 for evacuation
[1597.622s][info][gc,phases      ] GC(241)   Pre Evacuate Collection Set: 0.38ms
[1597.622s][info][gc,phases      ] GC(241)   Merge Heap Roots: 0.68ms
[1597.622s][info][gc,phases      ] GC(241)   Evacuate Collection Set: 130.50ms
[1597.622s][info][gc,phases      ] GC(241)   Post Evacuate Collection Set: 0.97ms
[1597.622s][info][gc,phases      ] GC(241)   Other: 0.08ms
[1597.622s][info][gc,heap        ] GC(241) Eden regions: 1114->0(1119)
[1597.622s][info][gc,heap        ] GC(241) Survivor regions: 109->109(153)
[1597.622s][info][gc,heap        ] GC(241) Old regions: 533->469
[1597.622s][info][gc,heap        ] GC(241) Humongous regions: 80->80
[1597.622s][info][gc,metaspace   ] GC(241) Metaspace: 28980K(29376K)->28980K(29376K) NonClass: 24095K(24256K)->24095K(24256K) Class: 4884K(5120K)->4884K(5120K)
[1597.622s][info][gc             ] GC(241) Pause Young (Mixed) (G1 Evacuation Pause) 3671M->1315M(4096M) 132.740ms
[1597.622s][info][gc,cpu         ] GC(241) User=0.79s Sys=0.00s Real=0.13s
...|......[1606.137s][info][gc,start       ] GC(242) Pause Young (Concurrent Start) (G1 Evacuation Pause)
[1606.137s][info][gc,task        ] GC(242) Using 6 workers of 6 for evacuation
[1606.254s][info][gc,phases      ] GC(242)   Pre Evacuate Collection Set: 0.39ms
[1606.254s][info][gc,phases      ] GC(242)   Merge Heap Roots: 0.51ms
[1606.254s][info][gc,phases      ] GC(242)   Evacuate Collection Set: 114.83ms
[1606.254s][info][gc,phases      ] GC(242)   Post Evacuate Collection Set: 0.93ms
[1606.254s][info][gc,phases      ] GC(242)   Other: 0.10ms
[1606.254s][info][gc,heap        ] GC(242) Eden regions: 1119->0(1119)
[1606.254s][info][gc,heap        ] GC(242) Survivor regions: 109->109(154)
[1606.254s][info][gc,heap        ] GC(242) Old regions: 469->501
[1606.254s][info][gc,heap        ] GC(242) Humongous regions: 80->80
[1606.254s][info][gc,metaspace   ] GC(242) Metaspace: 28980K(29376K)->28980K(29376K) NonClass: 24095K(24256K)->24095K(24256K) Class: 4884K(5120K)->4884K(5120K)
[1606.254s][info][gc             ] GC(242) Pause Young (Concurrent Start) (G1 Evacuation Pause) 3553M->1378M(4096M) 116.889ms
[1606.254s][info][gc             ] GC(243) Concurrent Mark Cycle
[1606.254s][info][gc,marking     ] GC(243) Concurrent Scan Root Regions
[1606.254s][info][gc,cpu         ] GC(242) User=0.69s Sys=0.00s Real=0.12s
[1606.371s][info][gc,marking     ] GC(243) Concurrent Scan Root Regions 116.777ms
[1606.371s][info][gc,marking     ] GC(243) Concurrent Mark
[1606.371s][info][gc,marking     ] GC(243) Concurrent Mark From Roots
[1606.371s][info][gc,task        ] GC(243) Using 2 workers of 2 for marking
.[1606.930s][info][gc,marking     ] GC(243) Concurrent Mark From Roots 559.572ms
[1606.930s][info][gc,marking     ] GC(243) Concurrent Preclean
[1606.930s][info][gc,marking     ] GC(243) Concurrent Preclean 0.052ms
[1606.930s][info][gc,start       ] GC(243) Pause Remark
[1606.933s][info][gc             ] GC(243) Pause Remark 1598M->1598M(4096M) 2.776ms
[1606.933s][info][gc,cpu         ] GC(243) User=0.01s Sys=0.00s Real=0.01s
[1606.933s][info][gc,marking     ] GC(243) Concurrent Mark 562.656ms
[1606.933s][info][gc,marking     ] GC(243) Concurrent Rebuild Remembered Sets and Scrub Regions
[1607.145s][info][gc,marking     ] GC(243) Concurrent Rebuild Remembered Sets and Scrub Regions 211.556ms
[1607.145s][info][gc,start       ] GC(243) Pause Cleanup
[1607.145s][info][gc             ] GC(243) Pause Cleanup 1664M->1664M(4096M) 0.118ms
[1607.145s][info][gc,cpu         ] GC(243) User=0.00s Sys=0.00s Real=0.00s
[1607.145s][info][gc,marking     ] GC(243) Concurrent Clear Claimed Marks
[1607.145s][info][gc,marking     ] GC(243) Concurrent Clear Claimed Marks 0.023ms
[1607.145s][info][gc,marking     ] GC(243) Concurrent Cleanup for Next Mark
[1607.148s][info][gc,marking     ] GC(243) Concurrent Cleanup for Next Mark 3.218ms
[1607.148s][info][gc             ] GC(243) Concurrent Mark Cycle 894.619ms
.......[1614.711s][info][gc,start       ] GC(244) Pause Young (Prepare Mixed) (G1 Evacuation Pause)
[1614.711s][info][gc,task        ] GC(244) Using 6 workers of 6 for evacuation
[1614.827s][info][gc,phases      ] GC(244)   Pre Evacuate Collection Set: 0.36ms
[1614.827s][info][gc,phases      ] GC(244)   Merge Heap Roots: 0.52ms
[1614.827s][info][gc,phases      ] GC(244)   Evacuate Collection Set: 114.42ms
[1614.827s][info][gc,phases      ] GC(244)   Post Evacuate Collection Set: 0.92ms
[1614.827s][info][gc,phases      ] GC(244)   Other: 0.08ms
[1614.827s][info][gc,heap        ] GC(244) Eden regions: 1119->0(1115)
[1614.827s][info][gc,heap        ] GC(244) Survivor regions: 109->109(154)
[1614.827s][info][gc,heap        ] GC(244) Old regions: 501->532
[1614.827s][info][gc,heap        ] GC(244) Humongous regions: 80->80
[1614.827s][info][gc,metaspace   ] GC(244) Metaspace: 28980K(29376K)->28980K(29376K) NonClass: 24095K(24256K)->24095K(24256K) Class: 4884K(5120K)->4884K(5120K)
[1614.827s][info][gc             ] GC(244) Pause Young (Prepare Mixed) (G1 Evacuation Pause) 3616M->1441M(4096M) 116.442ms
[1614.827s][info][gc,cpu         ] GC(244) User=0.69s Sys=0.00s Real=0.12s
.........[1623.295s][info][gc,start       ] GC(245) Pause Young (Mixed) (G1 Evacuation Pause)
[1623.295s][info][gc,task        ] GC(245) Using 6 workers of 6 for evacuation
[1623.428s][info][gc,phases      ] GC(245)   Pre Evacuate Collection Set: 0.42ms
[1623.428s][info][gc,phases      ] GC(245)   Merge Heap Roots: 0.72ms
[1623.428s][info][gc,phases      ] GC(245)   Evacuate Collection Set: 131.41ms
[1623.428s][info][gc,phases      ] GC(245)   Post Evacuate Collection Set: 0.95ms
[1623.428s][info][gc,phases      ] GC(245)   Other: 0.11ms
[1623.428s][info][gc,heap        ] GC(245) Eden regions: 1115->0(1118)
[1623.428s][info][gc,heap        ] GC(245) Survivor regions: 109->110(153)
[1623.428s][info][gc,heap        ] GC(245) Old regions: 532->468
[1623.428s][info][gc,heap        ] GC(245) Humongous regions: 80->80
[1623.429s][info][gc,metaspace   ] GC(245) Metaspace: 28980K(29376K)->28980K(29376K) NonClass: 24095K(24256K)->24095K(24256K) Class: 4884K(5120K)->4884K(5120K)
[1623.429s][info][gc             ] GC(245) Pause Young (Mixed) (G1 Evacuation Pause) 3671M->1314M(4096M) 133.742ms
[1623.429s][info][gc,cpu         ] GC(245) User=0.80s Sys=0.00s Real=0.13s
.........[1631.903s][info][gc,start       ] GC(246) Pause Young (Concurrent Start) (G1 Evacuation Pause)
[1631.903s][info][gc,task        ] GC(246) Using 6 workers of 6 for evacuation
[1632.020s][info][gc,phases      ] GC(246)   Pre Evacuate Collection Set: 0.43ms
[1632.020s][info][gc,phases      ] GC(246)   Merge Heap Roots: 0.49ms
[1632.020s][info][gc,phases      ] GC(246)   Evacuate Collection Set: 114.45ms
[1632.020s][info][gc,phases      ] GC(246)   Post Evacuate Collection Set: 0.89ms
[1632.020s][info][gc,phases      ] GC(246)   Other: 0.10ms
[1632.020s][info][gc,heap        ] GC(246) Eden regions: 1118->0(1118)
[1632.020s][info][gc,heap        ] GC(246) Survivor regions: 110->110(154)
[1632.020s][info][gc,heap        ] GC(246) Old regions: 468->499
[1632.020s][info][gc,heap        ] GC(246) Humongous regions: 80->80
[1632.020s][info][gc,metaspace   ] GC(246) Metaspace: 28980K(29376K)->28980K(29376K) NonClass: 24095K(24256K)->24095K(24256K) Class: 4884K(5120K)->4884K(5120K)
[1632.020s][info][gc             ] GC(246) Pause Young (Concurrent Start) (G1 Evacuation Pause) 3550M->1376M(4096M) 116.489ms
[1632.020s][info][gc             ] GC(247) Concurrent Mark Cycle
[1632.020s][info][gc,marking     ] GC(247) Concurrent Scan Root Regions
[1632.020s][info][gc,cpu         ] GC(246) User=0.69s Sys=0.00s Real=0.11s
[1632.132s][info][gc,marking     ] GC(247) Concurrent Scan Root Regions 112.409ms
[1632.132s][info][gc,marking     ] GC(247) Concurrent Mark
[1632.132s][info][gc,marking     ] GC(247) Concurrent Mark From Roots
[1632.132s][info][gc,task        ] GC(247) Using 2 workers of 2 for marking
[1632.647s][info][gc,marking     ] GC(247) Concurrent Mark From Roots 514.952ms
[1632.647s][info][gc,marking     ] GC(247) Concurrent Preclean
[1632.647s][info][gc,marking     ] GC(247) Concurrent Preclean 0.043ms
[1632.648s][info][gc,start       ] GC(247) Pause Remark
[1632.651s][info][gc             ] GC(247) Pause Remark 1582M->1582M(4096M) 2.957ms
[1632.651s][info][gc,cpu         ] GC(247) User=0.02s Sys=0.00s Real=0.00s
[1632.651s][info][gc,marking     ] GC(247) Concurrent Mark 518.200ms
[1632.651s][info][gc,marking     ] GC(247) Concurrent Rebuild Remembered Sets and Scrub Regions
.[1632.859s][info][gc,marking     ] GC(247) Concurrent Rebuild Remembered Sets and Scrub Regions 208.490ms
[1632.860s][info][gc,start       ] GC(247) Pause Cleanup
[1632.860s][info][gc             ] GC(247) Pause Cleanup 1644M->1644M(4096M) 0.145ms
[1632.860s][info][gc,cpu         ] GC(247) User=0.00s Sys=0.00s Real=0.00s
[1632.860s][info][gc,marking     ] GC(247) Concurrent Clear Claimed Marks
[1632.860s][info][gc,marking     ] GC(247) Concurrent Clear Claimed Marks 0.035ms
[1632.860s][info][gc,marking     ] GC(247) Concurrent Cleanup for Next Mark
[1632.864s][info][gc,marking     ] GC(247) Concurrent Cleanup for Next Mark 3.309ms
[1632.864s][info][gc             ] GC(247) Concurrent Mark Cycle 843.777ms
.......[1640.435s][info][gc,start       ] GC(248) Pause Young (Prepare Mixed) (G1 Evacuation Pause)
[1640.435s][info][gc,task        ] GC(248) Using 6 workers of 6 for evacuation
[1640.553s][info][gc,phases      ] GC(248)   Pre Evacuate Collection Set: 0.36ms
[1640.553s][info][gc,phases      ] GC(248)   Merge Heap Roots: 0.54ms
[1640.553s][info][gc,phases      ] GC(248)   Evacuate Collection Set: 116.76ms
[1640.553s][info][gc,phases      ] GC(248)   Post Evacuate Collection Set: 0.95ms
[1640.553s][info][gc,phases      ] GC(248)   Other: 0.08ms
[1640.553s][info][gc,heap        ] GC(248) Eden regions: 1118->0(1114)
[1640.553s][info][gc,heap        ] GC(248) Survivor regions: 110->110(154)
[1640.553s][info][gc,heap        ] GC(248) Old regions: 499->531
[1640.553s][info][gc,heap        ] GC(248) Humongous regions: 80->80
[1640.553s][info][gc,metaspace   ] GC(248) Metaspace: 28980K(29376K)->28980K(29376K) NonClass: 24095K(24256K)->24095K(24256K) Class: 4884K(5120K)->4884K(5120K)
[1640.553s][info][gc             ] GC(248) Pause Young (Prepare Mixed) (G1 Evacuation Pause) 3612M->1440M(4096M) 118.803ms
[1640.553s][info][gc,cpu         ] GC(248) User=0.71s Sys=0.00s Real=0.12s
.........[1649.045s][info][gc,start       ] GC(249) Pause Young (Mixed) (G1 Evacuation Pause)
[1649.045s][info][gc,task        ] GC(249) Using 6 workers of 6 for evacuation
[1649.182s][info][gc,phases      ] GC(249)   Pre Evacuate Collection Set: 0.39ms
[1649.182s][info][gc,phases      ] GC(249)   Merge Heap Roots: 0.80ms
[1649.182s][info][gc,phases      ] GC(249)   Evacuate Collection Set: 133.91ms
[1649.182s][info][gc,phases      ] GC(249)   Post Evacuate Collection Set: 1.01ms
[1649.182s][info][gc,phases      ] GC(249)   Other: 0.09ms
[1649.182s][info][gc,heap        ] GC(249) Eden regions: 1114->0(1118)
[1649.182s][info][gc,heap        ] GC(249) Survivor regions: 110->110(153)
[1649.182s][info][gc,heap        ] GC(249) Old regions: 531->470
[1649.182s][info][gc,heap        ] GC(249) Humongous regions: 80->80
[1649.182s][info][gc,metaspace   ] GC(249) Metaspace: 28980K(29376K)->28980K(29376K) NonClass: 24095K(24256K)->24095K(24256K) Class: 4884K(5120K)->4884K(5120K)
[1649.182s][info][gc             ] GC(249) Pause Young (Mixed) (G1 Evacuation Pause) 3668M->1317M(4096M) 136.341ms
[1649.182s][info][gc,cpu         ] GC(249) User=0.81s Sys=0.00s Real=0.13s
........[1657.697s][info][gc,start       ] GC(250) Pause Young (Concurrent Start) (G1 Evacuation Pause)
[1657.697s][info][gc,task        ] GC(250) Using 6 workers of 6 for evacuation
[1657.820s][info][gc,phases      ] GC(250)   Pre Evacuate Collection Set: 0.40ms
[1657.820s][info][gc,phases      ] GC(250)   Merge Heap Roots: 0.51ms
[1657.820s][info][gc,phases      ] GC(250)   Evacuate Collection Set: 120.97ms
[1657.820s][info][gc,phases      ] GC(250)   Post Evacuate Collection Set: 0.90ms
[1657.820s][info][gc,phases      ] GC(250)   Other: 0.10ms
[1657.820s][info][gc,heap        ] GC(250) Eden regions: 1118->0(1116)
[1657.820s][info][gc,heap        ] GC(250) Survivor regions: 110->112(154)
[1657.820s][info][gc,heap        ] GC(250) Old regions: 470->502
[1657.820s][info][gc,heap        ] GC(250) Humongous regions: 80->80
[1657.820s][info][gc,metaspace   ] GC(250) Metaspace: 28980K(29376K)->28980K(29376K) NonClass: 24095K(24256K)->24095K(24256K) Class: 4884K(5120K)->4884K(5120K)
[1657.820s][info][gc             ] GC(250) Pause Young (Concurrent Start) (G1 Evacuation Pause) 3553M->1386M(4096M) 123.009ms
[1657.820s][info][gc             ] GC(251) Concurrent Mark Cycle
[1657.820s][info][gc,marking     ] GC(251) Concurrent Scan Root Regions
[1657.820s][info][gc,cpu         ] GC(250) User=0.73s Sys=0.00s Real=0.12s
.[1657.951s][info][gc,marking     ] GC(251) Concurrent Scan Root Regions 131.265ms
[1657.951s][info][gc,marking     ] GC(251) Concurrent Mark
[1657.951s][info][gc,marking     ] GC(251) Concurrent Mark From Roots
[1657.951s][info][gc,task        ] GC(251) Using 2 workers of 2 for marking
[1658.516s][info][gc,marking     ] GC(251) Concurrent Mark From Roots 565.200ms
[1658.516s][info][gc,marking     ] GC(251) Concurrent Preclean
[1658.517s][info][gc,marking     ] GC(251) Concurrent Preclean 0.055ms
[1658.517s][info][gc,start       ] GC(251) Pause Remark
[1658.520s][info][gc             ] GC(251) Pause Remark 1626M->1626M(4096M) 2.966ms
[1658.520s][info][gc,cpu         ] GC(251) User=0.02s Sys=0.00s Real=0.00s
[1658.520s][info][gc,marking     ] GC(251) Concurrent Mark 568.474ms
[1658.520s][info][gc,marking     ] GC(251) Concurrent Rebuild Remembered Sets and Scrub Regions
[1658.732s][info][gc,marking     ] GC(251) Concurrent Rebuild Remembered Sets and Scrub Regions 212.025ms
[1658.732s][info][gc,start       ] GC(251) Pause Cleanup
[1658.732s][info][gc             ] GC(251) Pause Cleanup 1673M->1673M(4096M) 0.126ms
[1658.732s][info][gc,cpu         ] GC(251) User=0.00s Sys=0.00s Real=0.00s
[1658.732s][info][gc,marking     ] GC(251) Concurrent Clear Claimed Marks
[1658.732s][info][gc,marking     ] GC(251) Concurrent Clear Claimed Marks 0.031ms
[1658.732s][info][gc,marking     ] GC(251) Concurrent Cleanup for Next Mark
[1658.735s][info][gc,marking     ] GC(251) Concurrent Cleanup for Next Mark 3.251ms
[1658.735s][info][gc             ] GC(251) Concurrent Mark Cycle 915.525ms
.. (rIR:aIR:PR = 2214:2214:2214) (tPR = 32870) [OK] 
  1659s: Performance info:
         Transaction,    Success,    Partial,     Failed,   Receipts, AvgBarcode, 
             Overall,     133042,          0,          0,     126392,      59.48, 
         Response times:
             Request,    Success,    Partial,     Failed,   SkipFail,     Probes,    Samples,      min,      p50,      p90,      p95,      p99,      max, 
       TotalPurchase,     126392,          0,          0,          0,     122985,     134765,      300,     1900,     2900,     3400,    12234,   148000,
     InStorePurchase,      66558,          0,          0,          0,      64787,      70749,      300,     1700,     2900,     3300,    11300,   148000,
      OnlinePurchase,      46525,          0,          0,          0,      45382,      49665,      300,     2100,     3000,     3600,    12834,   137000,
        InstPurchase,      13309,          0,          0,          0,      12816,      14351,      400,     1900,     3000,     3600,    12544,   137000,
          AssocOfCat,        133,          0,          0,          0,        108,        161,    19400,    27000,    36000,    48000,    54140,    56000,
      AssocOfProduct,       1330,          0,          0,          0,       1191,       1399,      500,     2500,     3500,     4300,    19900,    43000,
      BusinessReport,        331,          0,          0,          0,        268,        353,    21000,    30000,    42000,    53300,   173680,   186000,
          CustBuyBeh,       1329,          0,          0,          0,       1189,       1464,      300,     2200,     3000,     3575,    14535,    34000,
       ProductReturn,       3527,          0,          0,          0,       3244,       3686,      200,     1600,     2500,     3000,     9539,   119000,

  1659s: (17%)   IR =   2352 ......[1665.957s][info][gc,start       ] GC(252) Pause Young (Prepare Mixed) (G1 Evacuation Pause)
[1665.957s][info][gc,task        ] GC(252) Using 6 workers of 6 for evacuation
[1666.075s][info][gc,phases      ] GC(252)   Pre Evacuate Collection Set: 0.33ms
[1666.075s][info][gc,phases      ] GC(252)   Merge Heap Roots: 0.56ms
[1666.075s][info][gc,phases      ] GC(252)   Evacuate Collection Set: 115.30ms
[1666.075s][info][gc,phases      ] GC(252)   Post Evacuate Collection Set: 0.98ms
[1666.075s][info][gc,phases      ] GC(252)   Other: 0.09ms
[1666.075s][info][gc,heap        ] GC(252) Eden regions: 1116->0(1112)
[1666.075s][info][gc,heap        ] GC(252) Survivor regions: 112->109(154)
[1666.075s][info][gc,heap        ] GC(252) Old regions: 502->535
[1666.075s][info][gc,heap        ] GC(252) Humongous regions: 80->80
[1666.075s][info][gc,metaspace   ] GC(252) Metaspace: 28980K(29376K)->28980K(29376K) NonClass: 24095K(24256K)->24095K(24256K) Class: 4884K(5120K)->4884K(5120K)
[1666.075s][info][gc             ] GC(252) Pause Young (Prepare Mixed) (G1 Evacuation Pause) 3618M->1445M(4096M) 117.407ms
[1666.075s][info][gc,cpu         ] GC(252) User=0.70s Sys=0.00s Real=0.12s
.|.......[1673.928s][info][gc,start       ] GC(253) Pause Young (Mixed) (G1 Evacuation Pause)
[1673.928s][info][gc,task        ] GC(253) Using 6 workers of 6 for evacuation
[1674.061s][info][gc,phases      ] GC(253)   Pre Evacuate Collection Set: 0.38ms
[1674.061s][info][gc,phases      ] GC(253)   Merge Heap Roots: 0.71ms
[1674.061s][info][gc,phases      ] GC(253)   Evacuate Collection Set: 131.14ms
[1674.061s][info][gc,phases      ] GC(253)   Post Evacuate Collection Set: 1.01ms
[1674.061s][info][gc,phases      ] GC(253)   Other: 0.09ms
[1674.061s][info][gc,heap        ] GC(253) Eden regions: 1112->0(1120)
[1674.061s][info][gc,heap        ] GC(253) Survivor regions: 109->108(153)
[1674.061s][info][gc,heap        ] GC(253) Old regions: 535->470
[1674.061s][info][gc,heap        ] GC(253) Humongous regions: 80->80
[1674.061s][info][gc,metaspace   ] GC(253) Metaspace: 28980K(29376K)->28980K(29376K) NonClass: 24095K(24256K)->24095K(24256K) Class: 4884K(5120K)->4884K(5120K)
[1674.061s][info][gc             ] GC(253) Pause Young (Mixed) (G1 Evacuation Pause) 3669M->1313M(4096M) 133.453ms
[1674.061s][info][gc,cpu         ] GC(253) User=0.79s Sys=0.00s Real=0.13s
........[1682.056s][info][gc,start       ] GC(254) Pause Young (Concurrent Start) (G1 Evacuation Pause)
[1682.056s][info][gc,task        ] GC(254) Using 6 workers of 6 for evacuation
[1682.174s][info][gc,phases      ] GC(254)   Pre Evacuate Collection Set: 0.39ms
[1682.174s][info][gc,phases      ] GC(254)   Merge Heap Roots: 0.56ms
[1682.174s][info][gc,phases      ] GC(254)   Evacuate Collection Set: 115.94ms
[1682.174s][info][gc,phases      ] GC(254)   Post Evacuate Collection Set: 0.91ms
[1682.174s][info][gc,phases      ] GC(254)   Other: 0.10ms
[1682.174s][info][gc,heap        ] GC(254) Eden regions: 1120->0(1119)
[1682.174s][info][gc,heap        ] GC(254) Survivor regions: 108->109(154)
[1682.174s][info][gc,heap        ] GC(254) Old regions: 470->502
[1682.174s][info][gc,heap        ] GC(254) Humongous regions: 80->80
[1682.174s][info][gc,metaspace   ] GC(254) Metaspace: 28980K(29376K)->28980K(29376K) NonClass: 24095K(24256K)->24095K(24256K) Class: 4884K(5120K)->4884K(5120K)
[1682.174s][info][gc             ] GC(254) Pause Young (Concurrent Start) (G1 Evacuation Pause) 3553M->1380M(4096M) 118.036ms
[1682.174s][info][gc             ] GC(255) Concurrent Mark Cycle
[1682.174s][info][gc,marking     ] GC(255) Concurrent Scan Root Regions
[1682.174s][info][gc,cpu         ] GC(254) User=0.70s Sys=0.00s Real=0.12s
[1682.293s][info][gc,marking     ] GC(255) Concurrent Scan Root Regions 118.162ms
[1682.293s][info][gc,marking     ] GC(255) Concurrent Mark
[1682.293s][info][gc,marking     ] GC(255) Concurrent Mark From Roots
[1682.293s][info][gc,task        ] GC(255) Using 2 workers of 2 for marking
[1682.857s][info][gc,marking     ] GC(255) Concurrent Mark From Roots 564.243ms
[1682.857s][info][gc,marking     ] GC(255) Concurrent Preclean
[1682.857s][info][gc,marking     ] GC(255) Concurrent Preclean 0.059ms
[1682.857s][info][gc,start       ] GC(255) Pause Remark
[1682.860s][info][gc             ] GC(255) Pause Remark 1607M->1607M(4096M) 2.933ms
[1682.860s][info][gc,cpu         ] GC(255) User=0.02s Sys=0.00s Real=0.00s
[1682.860s][info][gc,marking     ] GC(255) Concurrent Mark 567.490ms
[1682.860s][info][gc,marking     ] GC(255) Concurrent Rebuild Remembered Sets and Scrub Regions
.[1683.073s][info][gc,marking     ] GC(255) Concurrent Rebuild Remembered Sets and Scrub Regions 212.956ms
[1683.073s][info][gc,start       ] GC(255) Pause Cleanup
[1683.073s][info][gc             ] GC(255) Pause Cleanup 1661M->1661M(4096M) 0.119ms
[1683.073s][info][gc,cpu         ] GC(255) User=0.00s Sys=0.00s Real=0.00s
[1683.073s][info][gc,marking     ] GC(255) Concurrent Clear Claimed Marks
[1683.073s][info][gc,marking     ] GC(255) Concurrent Clear Claimed Marks 0.030ms
[1683.073s][info][gc,marking     ] GC(255) Concurrent Cleanup for Next Mark
[1683.077s][info][gc,marking     ] GC(255) Concurrent Cleanup for Next Mark 3.171ms
[1683.077s][info][gc             ] GC(255) Concurrent Mark Cycle 902.278ms
.......[1690.249s][info][gc,start       ] GC(256) Pause Young (Prepare Mixed) (G1 Evacuation Pause)
[1690.249s][info][gc,task        ] GC(256) Using 6 workers of 6 for evacuation
[1690.366s][info][gc,phases      ] GC(256)   Pre Evacuate Collection Set: 0.37ms
[1690.366s][info][gc,phases      ] GC(256)   Merge Heap Roots: 0.55ms
[1690.366s][info][gc,phases      ] GC(256)   Evacuate Collection Set: 114.09ms
[1690.366s][info][gc,phases      ] GC(256)   Post Evacuate Collection Set: 0.97ms
[1690.366s][info][gc,phases      ] GC(256)   Other: 0.09ms
[1690.366s][info][gc,heap        ] GC(256) Eden regions: 1119->0(1113)
[1690.366s][info][gc,heap        ] GC(256) Survivor regions: 109->109(154)
[1690.366s][info][gc,heap        ] GC(256) Old regions: 502->534
[1690.366s][info][gc,heap        ] GC(256) Humongous regions: 80->80
[1690.366s][info][gc,metaspace   ] GC(256) Metaspace: 28980K(29376K)->28980K(29376K) NonClass: 24095K(24256K)->24095K(24256K) Class: 4884K(5120K)->4884K(5120K)
[1690.366s][info][gc             ] GC(256) Pause Young (Prepare Mixed) (G1 Evacuation Pause) 3618M->1443M(4096M) 116.216ms
[1690.366s][info][gc,cpu         ] GC(256) User=0.68s Sys=0.01s Real=0.12s
........[1698.218s][info][gc,start       ] GC(257) Pause Young (Mixed) (G1 Evacuation Pause)
[1698.218s][info][gc,task        ] GC(257) Using 6 workers of 6 for evacuation
[1698.352s][info][gc,phases      ] GC(257)   Pre Evacuate Collection Set: 0.43ms
[1698.352s][info][gc,phases      ] GC(257)   Merge Heap Roots: 0.73ms
[1698.352s][info][gc,phases      ] GC(257)   Evacuate Collection Set: 131.95ms
[1698.352s][info][gc,phases      ] GC(257)   Post Evacuate Collection Set: 0.99ms
[1698.352s][info][gc,phases      ] GC(257)   Other: 0.09ms
[1698.352s][info][gc,heap        ] GC(257) Eden regions: 1113->0(1119)
[1698.352s][info][gc,heap        ] GC(257) Survivor regions: 109->109(153)
[1698.352s][info][gc,heap        ] GC(257) Old regions: 534->468
[1698.352s][info][gc,heap        ] GC(257) Humongous regions: 80->80
[1698.352s][info][gc,metaspace   ] GC(257) Metaspace: 28980K(29376K)->28980K(29376K) NonClass: 24095K(24256K)->24095K(24256K) Class: 4884K(5120K)->4884K(5120K)
[1698.353s][info][gc             ] GC(257) Pause Young (Mixed) (G1 Evacuation Pause) 3669M->1312M(4096M) 134.332ms
[1698.353s][info][gc,cpu         ] GC(257) User=0.80s Sys=0.00s Real=0.14s
........[1706.326s][info][gc,start       ] GC(258) Pause Young (Concurrent Start) (G1 Evacuation Pause)
[1706.326s][info][gc,task        ] GC(258) Using 6 workers of 6 for evacuation
[1706.443s][info][gc,phases      ] GC(258)   Pre Evacuate Collection Set: 0.38ms
[1706.443s][info][gc,phases      ] GC(258)   Merge Heap Roots: 0.48ms
[1706.443s][info][gc,phases      ] GC(258)   Evacuate Collection Set: 115.30ms
[1706.443s][info][gc,phases      ] GC(258)   Post Evacuate Collection Set: 0.90ms
[1706.443s][info][gc,phases      ] GC(258)   Other: 0.11ms
[1706.443s][info][gc,heap        ] GC(258) Eden regions: 1119->0(1119)
[1706.444s][info][gc,heap        ] GC(258) Survivor regions: 109->109(154)
[1706.444s][info][gc,heap        ] GC(258) Old regions: 468->501
[1706.444s][info][gc,heap        ] GC(258) Humongous regions: 80->80
[1706.444s][info][gc,metaspace   ] GC(258) Metaspace: 28980K(29376K)->28980K(29376K) NonClass: 24095K(24256K)->24095K(24256K) Class: 4884K(5120K)->4884K(5120K)
[1706.444s][info][gc             ] GC(258) Pause Young (Concurrent Start) (G1 Evacuation Pause) 3550M->1378M(4096M) 117.282ms
[1706.444s][info][gc             ] GC(259) Concurrent Mark Cycle
[1706.444s][info][gc,marking     ] GC(259) Concurrent Scan Root Regions
[1706.444s][info][gc,cpu         ] GC(258) User=0.70s Sys=0.00s Real=0.12s
[1706.559s][info][gc,marking     ] GC(259) Concurrent Scan Root Regions 115.768ms
[1706.559s][info][gc,marking     ] GC(259) Concurrent Mark
[1706.559s][info][gc,marking     ] GC(259) Concurrent Mark From Roots
[1706.559s][info][gc,task        ] GC(259) Using 2 workers of 2 for marking
.[1707.105s][info][gc,marking     ] GC(259) Concurrent Mark From Roots 545.469ms
[1707.105s][info][gc,marking     ] GC(259) Concurrent Preclean
[1707.105s][info][gc,marking     ] GC(259) Concurrent Preclean 0.044ms
[1707.105s][info][gc,start       ] GC(259) Pause Remark
[1707.108s][info][gc             ] GC(259) Pause Remark 1584M->1584M(4096M) 3.112ms
[1707.108s][info][gc,cpu         ] GC(259) User=0.02s Sys=0.00s Real=0.00s
[1707.108s][info][gc,marking     ] GC(259) Concurrent Mark 548.870ms
[1707.108s][info][gc,marking     ] GC(259) Concurrent Rebuild Remembered Sets and Scrub Regions
[1707.313s][info][gc,marking     ] GC(259) Concurrent Rebuild Remembered Sets and Scrub Regions 204.490ms
[1707.313s][info][gc,start       ] GC(259) Pause Cleanup
[1707.313s][info][gc             ] GC(259) Pause Cleanup 1638M->1638M(4096M) 0.119ms
[1707.313s][info][gc,cpu         ] GC(259) User=0.00s Sys=0.00s Real=0.00s
[1707.313s][info][gc,marking     ] GC(259) Concurrent Clear Claimed Marks
[1707.313s][info][gc,marking     ] GC(259) Concurrent Clear Claimed Marks 0.024ms
[1707.313s][info][gc,marking     ] GC(259) Concurrent Cleanup for Next Mark
[1707.316s][info][gc,marking     ] GC(259) Concurrent Cleanup for Next Mark 3.321ms
[1707.316s][info][gc             ] GC(259) Concurrent Mark Cycle 872.932ms
.......[1714.498s][info][gc,start       ] GC(260) Pause Young (Prepare Mixed) (G1 Evacuation Pause)
[1714.498s][info][gc,task        ] GC(260) Using 6 workers of 6 for evacuation
[1714.615s][info][gc,phases      ] GC(260)   Pre Evacuate Collection Set: 0.37ms
[1714.615s][info][gc,phases      ] GC(260)   Merge Heap Roots: 0.56ms
[1714.615s][info][gc,phases      ] GC(260)   Evacuate Collection Set: 115.17ms
[1714.615s][info][gc,phases      ] GC(260)   Post Evacuate Collection Set: 0.95ms
[1714.615s][info][gc,phases      ] GC(260)   Other: 0.09ms
[1714.615s][info][gc,heap        ] GC(260) Eden regions: 1119->0(1115)
[1714.615s][info][gc,heap        ] GC(260) Survivor regions: 109->109(154)
[1714.615s][info][gc,heap        ] GC(260) Old regions: 501->532
[1714.615s][info][gc,heap        ] GC(260) Humongous regions: 80->80
[1714.615s][info][gc,metaspace   ] GC(260) Metaspace: 28980K(29376K)->28980K(29376K) NonClass: 24095K(24256K)->24095K(24256K) Class: 4884K(5120K)->4884K(5120K)
[1714.615s][info][gc             ] GC(260) Pause Young (Prepare Mixed) (G1 Evacuation Pause) 3616M->1441M(4096M) 117.273ms
[1714.615s][info][gc,cpu         ] GC(260) User=0.70s Sys=0.00s Real=0.12s
........[1722.587s][info][gc,start       ] GC(261) Pause Young (Mixed) (G1 Evacuation Pause)
[1722.587s][info][gc,task        ] GC(261) Using 6 workers of 6 for evacuation
[1722.719s][info][gc,phases      ] GC(261)   Pre Evacuate Collection Set: 0.37ms
[1722.719s][info][gc,phases      ] GC(261)   Merge Heap Roots: 0.61ms
[1722.719s][info][gc,phases      ] GC(261)   Evacuate Collection Set: 130.08ms
[1722.719s][info][gc,phases      ] GC(261)   Post Evacuate Collection Set: 0.96ms
[1722.719s][info][gc,phases      ] GC(261)   Other: 0.08ms
[1722.719s][info][gc,heap        ] GC(261) Eden regions: 1115->0(1119)
[1722.719s][info][gc,heap        ] GC(261) Survivor regions: 109->109(153)
[1722.719s][info][gc,heap        ] GC(261) Old regions: 532->469
[1722.719s][info][gc,heap        ] GC(261) Humongous regions: 80->80
[1722.719s][info][gc,metaspace   ] GC(261) Metaspace: 28980K(29376K)->28980K(29376K) NonClass: 24095K(24256K)->24095K(24256K) Class: 4884K(5120K)->4884K(5120K)
[1722.719s][info][gc             ] GC(261) Pause Young (Mixed) (G1 Evacuation Pause) 3671M->1313M(4096M) 132.231ms
[1722.719s][info][gc,cpu         ] GC(261) User=0.79s Sys=0.00s Real=0.13s
..... (rIR:aIR:PR = 2352:2353:2353) (tPR = 34662) [OK] 
  1726s: Performance info:
         Transaction,    Success,    Partial,     Failed,   Receipts, AvgBarcode, 
             Overall,     141258,          0,          0,     134199,      59.48, 
         Response times:
             Request,    Success,    Partial,     Failed,   SkipFail,     Probes,    Samples,      min,      p50,      p90,      p95,      p99,      max, 
       TotalPurchase,     134195,          0,          0,          0,     131198,     147899,      300,     2000,     3100,     3500,    10200,   143000,
     InStorePurchase,      70632,          0,          0,          0,      69200,      77844,      300,     1900,     3000,     3500,    10100,   143000,
      OnlinePurchase,      49449,          0,          0,          0,      48483,      54696,      300,     2200,     3200,     3700,    11103,   143000,
        InstPurchase,      14114,          0,          0,          0,      13515,      15359,      400,     1800,     2900,     3300,     9040,   137000,
          AssocOfCat,        140,          0,          0,          0,        104,        146,    18400,    26000,    30300,    32000,    46360,    52000,
      AssocOfProduct,       1411,          0,          0,          0,       1250,       1555,      600,     2500,     3400,     3900,    16200,   139000,
      BusinessReport,        353,          0,          0,          0,        267,        378,    21000,    28000,    37100,    44050,    79810,   179000,
          CustBuyBeh,       1416,          0,          0,          0,       1237,       1528,      200,     1300,     2200,     2700,     6871,   118000,
       ProductReturn,       3739,          0,          0,          0,       3474,       4088,      200,     2000,     3000,     3400,    11311,   120000,

  1726s: (18%)   IR =   2491 ...[1730.491s][info][gc,start       ] GC(262) Pause Young (Concurrent Start) (G1 Evacuation Pause)
[1730.491s][info][gc,task        ] GC(262) Using 6 workers of 6 for evacuation
[1730.610s][info][gc,phases      ] GC(262)   Pre Evacuate Collection Set: 0.38ms
[1730.610s][info][gc,phases      ] GC(262)   Merge Heap Roots: 0.50ms
[1730.610s][info][gc,phases      ] GC(262)   Evacuate Collection Set: 116.38ms
[1730.610s][info][gc,phases      ] GC(262)   Post Evacuate Collection Set: 0.90ms
[1730.610s][info][gc,phases      ] GC(262)   Other: 0.10ms
[1730.610s][info][gc,heap        ] GC(262) Eden regions: 1119->0(1119)
[1730.610s][info][gc,heap        ] GC(262) Survivor regions: 109->109(154)
[1730.610s][info][gc,heap        ] GC(262) Old regions: 469->501
[1730.610s][info][gc,heap        ] GC(262) Humongous regions: 80->80
[1730.610s][info][gc,metaspace   ] GC(262) Metaspace: 28980K(29376K)->28980K(29376K) NonClass: 24095K(24256K)->24095K(24256K) Class: 4884K(5120K)->4884K(5120K)
[1730.610s][info][gc             ] GC(262) Pause Young (Concurrent Start) (G1 Evacuation Pause) 3551M->1378M(4096M) 118.394ms
[1730.610s][info][gc             ] GC(263) Concurrent Mark Cycle
[1730.610s][info][gc,marking     ] GC(263) Concurrent Scan Root Regions
[1730.610s][info][gc,cpu         ] GC(262) User=0.70s Sys=0.00s Real=0.12s
[1730.733s][info][gc,marking     ] GC(263) Concurrent Scan Root Regions 123.316ms
[1730.733s][info][gc,marking     ] GC(263) Concurrent Mark
[1730.733s][info][gc,marking     ] GC(263) Concurrent Mark From Roots
[1730.733s][info][gc,task        ] GC(263) Using 2 workers of 2 for marking
.[1731.353s][info][gc,marking     ] GC(263) Concurrent Mark From Roots 619.543ms
[1731.353s][info][gc,marking     ] GC(263) Concurrent Preclean
[1731.353s][info][gc,marking     ] GC(263) Concurrent Preclean 0.052ms
[1731.353s][info][gc,start       ] GC(263) Pause Remark
[1731.356s][info][gc             ] GC(263) Pause Remark 1653M->1653M(4096M) 3.341ms
[1731.356s][info][gc,cpu         ] GC(263) User=0.02s Sys=0.00s Real=0.00s
[1731.356s][info][gc,marking     ] GC(263) Concurrent Mark 623.186ms
[1731.356s][info][gc,marking     ] GC(263) Concurrent Rebuild Remembered Sets and Scrub Regions
[1731.575s][info][gc,marking     ] GC(263) Concurrent Rebuild Remembered Sets and Scrub Regions 218.459ms
[1731.575s][info][gc,start       ] GC(263) Pause Cleanup
[1731.575s][info][gc             ] GC(263) Pause Cleanup 1714M->1714M(4096M) 0.129ms
[1731.575s][info][gc,cpu         ] GC(263) User=0.00s Sys=0.00s Real=0.00s
[1731.575s][info][gc,marking     ] GC(263) Concurrent Clear Claimed Marks
[1731.575s][info][gc,marking     ] GC(263) Concurrent Clear Claimed Marks 0.029ms
[1731.575s][info][gc,marking     ] GC(263) Concurrent Cleanup for Next Mark
[1731.579s][info][gc,marking     ] GC(263) Concurrent Cleanup for Next Mark 3.815ms
[1731.579s][info][gc             ] GC(263) Concurrent Mark Cycle 969.350ms
..|.....[1738.024s][info][gc,start       ] GC(264) Pause Young (Prepare Mixed) (G1 Evacuation Pause)
[1738.024s][info][gc,task        ] GC(264) Using 6 workers of 6 for evacuation
[1738.139s][info][gc,phases      ] GC(264)   Pre Evacuate Collection Set: 0.35ms
[1738.139s][info][gc,phases      ] GC(264)   Merge Heap Roots: 0.53ms
[1738.139s][info][gc,phases      ] GC(264)   Evacuate Collection Set: 113.28ms
[1738.139s][info][gc,phases      ] GC(264)   Post Evacuate Collection Set: 0.97ms
[1738.139s][info][gc,phases      ] GC(264)   Other: 0.09ms
[1738.139s][info][gc,heap        ] GC(264) Eden regions: 1119->0(1117)
[1738.139s][info][gc,heap        ] GC(264) Survivor regions: 109->108(154)
[1738.139s][info][gc,heap        ] GC(264) Old regions: 501->532
[1738.139s][info][gc,heap        ] GC(264) Humongous regions: 80->80
[1738.139s][info][gc,metaspace   ] GC(264) Metaspace: 28980K(29376K)->28980K(29376K) NonClass: 24095K(24256K)->24095K(24256K) Class: 4884K(5120K)->4884K(5120K)
[1738.139s][info][gc             ] GC(264) Pause Young (Prepare Mixed) (G1 Evacuation Pause) 3616M->1438M(4096M) 115.349ms
[1738.139s][info][gc,cpu         ] GC(264) User=0.68s Sys=0.00s Real=0.11s
.......[1745.670s][info][gc,start       ] GC(265) Pause Young (Mixed) (G1 Evacuation Pause)
[1745.670s][info][gc,task        ] GC(265) Using 6 workers of 6 for evacuation
[1745.811s][info][gc,phases      ] GC(265)   Pre Evacuate Collection Set: 0.41ms
[1745.811s][info][gc,phases      ] GC(265)   Merge Heap Roots: 0.85ms
[1745.811s][info][gc,phases      ] GC(265)   Evacuate Collection Set: 137.79ms
[1745.811s][info][gc,phases      ] GC(265)   Post Evacuate Collection Set: 0.98ms
[1745.811s][info][gc,phases      ] GC(265)   Other: 0.09ms
[1745.811s][info][gc,heap        ] GC(265) Eden regions: 1117->0(1118)
[1745.811s][info][gc,heap        ] GC(265) Survivor regions: 108->110(154)
[1745.811s][info][gc,heap        ] GC(265) Old regions: 532->469
[1745.811s][info][gc,heap        ] GC(265) Humongous regions: 80->80
[1745.811s][info][gc,metaspace   ] GC(265) Metaspace: 28980K(29376K)->28980K(29376K) NonClass: 24095K(24256K)->24095K(24256K) Class: 4884K(5120K)->4884K(5120K)
[1745.811s][info][gc             ] GC(265) Pause Young (Mixed) (G1 Evacuation Pause) 3672M->1317M(4096M) 140.257ms
[1745.811s][info][gc,cpu         ] GC(265) User=0.83s Sys=0.00s Real=0.14s
........[1753.382s][info][gc,start       ] GC(266) Pause Young (Concurrent Start) (G1 Evacuation Pause)
[1753.382s][info][gc,task        ] GC(266) Using 6 workers of 6 for evacuation
[1753.499s][info][gc,phases      ] GC(266)   Pre Evacuate Collection Set: 0.39ms
[1753.499s][info][gc,phases      ] GC(266)   Merge Heap Roots: 0.51ms
[1753.499s][info][gc,phases      ] GC(266)   Evacuate Collection Set: 115.26ms
[1753.499s][info][gc,phases      ] GC(266)   Post Evacuate Collection Set: 0.91ms
[1753.499s][info][gc,phases      ] GC(266)   Other: 0.10ms
[1753.499s][info][gc,heap        ] GC(266) Eden regions: 1118->0(1118)
[1753.499s][info][gc,heap        ] GC(266) Survivor regions: 110->110(154)
[1753.499s][info][gc,heap        ] GC(266) Old regions: 469->501
[1753.499s][info][gc,heap        ] GC(266) Humongous regions: 80->80
[1753.499s][info][gc,metaspace   ] GC(266) Metaspace: 28980K(29376K)->28980K(29376K) NonClass: 24095K(24256K)->24095K(24256K) Class: 4884K(5120K)->4884K(5120K)
[1753.499s][info][gc             ] GC(266) Pause Young (Concurrent Start) (G1 Evacuation Pause) 3553M->1379M(4096M) 117.299ms
[1753.499s][info][gc             ] GC(267) Concurrent Mark Cycle
[1753.499s][info][gc,marking     ] GC(267) Concurrent Scan Root Regions
[1753.499s][info][gc,cpu         ] GC(266) User=0.70s Sys=0.00s Real=0.12s
[1753.617s][info][gc,marking     ] GC(267) Concurrent Scan Root Regions 118.242ms
[1753.617s][info][gc,marking     ] GC(267) Concurrent Mark
[1753.617s][info][gc,marking     ] GC(267) Concurrent Mark From Roots
[1753.617s][info][gc,task        ] GC(267) Using 2 workers of 2 for marking
.[1754.171s][info][gc,marking     ] GC(267) Concurrent Mark From Roots 553.734ms
[1754.171s][info][gc,marking     ] GC(267) Concurrent Preclean
[1754.171s][info][gc,marking     ] GC(267) Concurrent Preclean 0.045ms
[1754.171s][info][gc,start       ] GC(267) Pause Remark
[1754.174s][info][gc             ] GC(267) Pause Remark 1617M->1617M(4096M) 3.260ms
[1754.174s][info][gc,cpu         ] GC(267) User=0.02s Sys=0.00s Real=0.01s
[1754.175s][info][gc,marking     ] GC(267) Concurrent Mark 557.275ms
[1754.175s][info][gc,marking     ] GC(267) Concurrent Rebuild Remembered Sets and Scrub Regions
[1754.384s][info][gc,marking     ] GC(267) Concurrent Rebuild Remembered Sets and Scrub Regions 209.839ms
[1754.385s][info][gc,start       ] GC(267) Pause Cleanup
[1754.385s][info][gc             ] GC(267) Pause Cleanup 1663M->1663M(4096M) 0.118ms
[1754.385s][info][gc,cpu         ] GC(267) User=0.00s Sys=0.00s Real=0.00s
[1754.385s][info][gc,marking     ] GC(267) Concurrent Clear Claimed Marks
[1754.385s][info][gc,marking     ] GC(267) Concurrent Clear Claimed Marks 0.025ms
[1754.385s][info][gc,marking     ] GC(267) Concurrent Cleanup for Next Mark
[1754.389s][info][gc,marking     ] GC(267) Concurrent Cleanup for Next Mark 4.059ms
[1754.389s][info][gc             ] GC(267) Concurrent Mark Cycle 890.226ms
.......[1761.010s][info][gc,start       ] GC(268) Pause Young (Prepare Mixed) (G1 Evacuation Pause)
[1761.010s][info][gc,task        ] GC(268) Using 6 workers of 6 for evacuation
[1761.127s][info][gc,phases      ] GC(268)   Pre Evacuate Collection Set: 0.36ms
[1761.127s][info][gc,phases      ] GC(268)   Merge Heap Roots: 0.56ms
[1761.127s][info][gc,phases      ] GC(268)   Evacuate Collection Set: 115.18ms
[1761.127s][info][gc,phases      ] GC(268)   Post Evacuate Collection Set: 0.95ms
[1761.127s][info][gc,phases      ] GC(268)   Other: 0.09ms
[1761.127s][info][gc,heap        ] GC(268) Eden regions: 1118->0(1114)
[1761.127s][info][gc,heap        ] GC(268) Survivor regions: 110->109(154)
[1761.127s][info][gc,heap        ] GC(268) Old regions: 501->533
[1761.127s][info][gc,heap        ] GC(268) Humongous regions: 80->80
[1761.127s][info][gc,metaspace   ] GC(268) Metaspace: 28980K(29376K)->28980K(29376K) NonClass: 24095K(24256K)->24095K(24256K) Class: 4884K(5120K)->4884K(5120K)
[1761.127s][info][gc             ] GC(268) Pause Young (Prepare Mixed) (G1 Evacuation Pause) 3615M->1441M(4096M) 117.254ms
[1761.127s][info][gc,cpu         ] GC(268) User=0.70s Sys=0.00s Real=0.12s
.......[1768.718s][info][gc,start       ] GC(269) Pause Young (Mixed) (G1 Evacuation Pause)
[1768.718s][info][gc,task        ] GC(269) Using 6 workers of 6 for evacuation
[1768.848s][info][gc,phases      ] GC(269)   Pre Evacuate Collection Set: 0.37ms
[1768.848s][info][gc,phases      ] GC(269)   Merge Heap Roots: 0.65ms
[1768.848s][info][gc,phases      ] GC(269)   Evacuate Collection Set: 128.32ms
[1768.848s][info][gc,phases      ] GC(269)   Post Evacuate Collection Set: 0.99ms
[1768.848s][info][gc,phases      ] GC(269)   Other: 0.09ms
[1768.848s][info][gc,heap        ] GC(269) Eden regions: 1114->0(1118)
[1768.848s][info][gc,heap        ] GC(269) Survivor regions: 109->110(153)
[1768.848s][info][gc,heap        ] GC(269) Old regions: 533->469
[1768.848s][info][gc,heap        ] GC(269) Humongous regions: 80->80
[1768.848s][info][gc,metaspace   ] GC(269) Metaspace: 28980K(29376K)->28980K(29376K) NonClass: 24095K(24256K)->24095K(24256K) Class: 4884K(5120K)->4884K(5120K)
[1768.848s][info][gc             ] GC(269) Pause Young (Mixed) (G1 Evacuation Pause) 3669M->1315M(4096M) 130.565ms
[1768.848s][info][gc,cpu         ] GC(269) User=0.78s Sys=0.00s Real=0.13s
........[1776.179s][info][gc,start       ] GC(270) Pause Young (Concurrent Start) (G1 Evacuation Pause)
[1776.179s][info][gc,task        ] GC(270) Using 6 workers of 6 for evacuation
[1776.295s][info][gc,phases      ] GC(270)   Pre Evacuate Collection Set: 0.38ms
[1776.295s][info][gc,phases      ] GC(270)   Merge Heap Roots: 0.50ms
[1776.295s][info][gc,phases      ] GC(270)   Evacuate Collection Set: 113.63ms
[1776.295s][info][gc,phases      ] GC(270)   Post Evacuate Collection Set: 0.89ms
[1776.295s][info][gc,phases      ] GC(270)   Other: 0.10ms
[1776.295s][info][gc,heap        ] GC(270) Eden regions: 1118->0(1120)
[1776.295s][info][gc,heap        ] GC(270) Survivor regions: 110->108(154)
[1776.295s][info][gc,heap        ] GC(270) Old regions: 469->501
[1776.295s][info][gc,heap        ] GC(270) Humongous regions: 80->80
[1776.295s][info][gc,metaspace   ] GC(270) Metaspace: 28985K(29376K)->28985K(29376K) NonClass: 24101K(24256K)->24101K(24256K) Class: 4884K(5120K)->4884K(5120K)
[1776.295s][info][gc             ] GC(270) Pause Young (Concurrent Start) (G1 Evacuation Pause) 3551M->1375M(4096M) 115.631ms
[1776.295s][info][gc             ] GC(271) Concurrent Mark Cycle
[1776.295s][info][gc,marking     ] GC(271) Concurrent Scan Root Regions
[1776.295s][info][gc,cpu         ] GC(270) User=0.69s Sys=0.00s Real=0.12s
[1776.420s][info][gc,marking     ] GC(271) Concurrent Scan Root Regions 125.174ms
[1776.420s][info][gc,marking     ] GC(271) Concurrent Mark
[1776.420s][info][gc,marking     ] GC(271) Concurrent Mark From Roots
[1776.420s][info][gc,task        ] GC(271) Using 2 workers of 2 for marking
[1776.967s][info][gc,marking     ] GC(271) Concurrent Mark From Roots 546.944ms
[1776.967s][info][gc,marking     ] GC(271) Concurrent Preclean
[1776.967s][info][gc,marking     ] GC(271) Concurrent Preclean 0.043ms
[1776.968s][info][gc,start       ] GC(271) Pause Remark
[1776.971s][info][gc             ] GC(271) Pause Remark 1603M->1603M(4096M) 3.094ms
[1776.971s][info][gc,cpu         ] GC(271) User=0.02s Sys=0.00s Real=0.00s
[1776.971s][info][gc,marking     ] GC(271) Concurrent Mark 550.343ms
[1776.971s][info][gc,marking     ] GC(271) Concurrent Rebuild Remembered Sets and Scrub Regions
.[1777.186s][info][gc,marking     ] GC(271) Concurrent Rebuild Remembered Sets and Scrub Regions 215.122ms
[1777.186s][info][gc,start       ] GC(271) Pause Cleanup
[1777.186s][info][gc             ] GC(271) Pause Cleanup 1656M->1656M(4096M) 0.114ms
[1777.186s][info][gc,cpu         ] GC(271) User=0.00s Sys=0.00s Real=0.00s
[1777.186s][info][gc,marking     ] GC(271) Concurrent Clear Claimed Marks
[1777.186s][info][gc,marking     ] GC(271) Concurrent Clear Claimed Marks 0.031ms
[1777.186s][info][gc,marking     ] GC(271) Concurrent Cleanup for Next Mark
[1777.189s][info][gc,marking     ] GC(271) Concurrent Cleanup for Next Mark 3.200ms
[1777.189s][info][gc             ] GC(271) Concurrent Mark Cycle 894.334ms
......[1783.827s][info][gc,start       ] GC(272) Pause Young (Prepare Mixed) (G1 Evacuation Pause)
[1783.827s][info][gc,task        ] GC(272) Using 6 workers of 6 for evacuation
[1783.946s][info][gc,phases      ] GC(272)   Pre Evacuate Collection Set: 0.35ms
[1783.946s][info][gc,phases      ] GC(272)   Merge Heap Roots: 0.54ms
[1783.946s][info][gc,phases      ] GC(272)   Evacuate Collection Set: 116.39ms
[1783.946s][info][gc,phases      ] GC(272)   Post Evacuate Collection Set: 0.95ms
[1783.946s][info][gc,phases      ] GC(272)   Other: 0.09ms
[1783.946s][info][gc,heap        ] GC(272) Eden regions: 1120->0(1114)
[1783.946s][info][gc,heap        ] GC(272) Survivor regions: 108->109(154)
[1783.946s][info][gc,heap        ] GC(272) Old regions: 501->533
[1783.946s][info][gc,heap        ] GC(272) Humongous regions: 80->80
[1783.946s][info][gc,metaspace   ] GC(272) Metaspace: 28985K(29376K)->28985K(29376K) NonClass: 24101K(24256K)->24101K(24256K) Class: 4884K(5120K)->4884K(5120K)
[1783.946s][info][gc             ] GC(272) Pause Young (Prepare Mixed) (G1 Evacuation Pause) 3615M->1442M(4096M) 118.458ms
[1783.946s][info][gc,cpu         ] GC(272) User=0.71s Sys=0.00s Real=0.12s
........[1791.485s][info][gc,start       ] GC(273) Pause Young (Mixed) (G1 Evacuation Pause)
[1791.485s][info][gc,task        ] GC(273) Using 6 workers of 6 for evacuation
[1791.619s][info][gc,phases      ] GC(273)   Pre Evacuate Collection Set: 0.38ms
[1791.619s][info][gc,phases      ] GC(273)   Merge Heap Roots: 0.85ms
[1791.619s][info][gc,phases      ] GC(273)   Evacuate Collection Set: 131.82ms
[1791.619s][info][gc,phases      ] GC(273)   Post Evacuate Collection Set: 0.99ms
[1791.619s][info][gc,phases      ] GC(273)   Other: 0.10ms
[1791.619s][info][gc,heap        ] GC(273) Eden regions: 1114->0(1117)
[1791.619s][info][gc,heap        ] GC(273) Survivor regions: 109->111(153)
[1791.619s][info][gc,heap        ] GC(273) Old regions: 533->469
[1791.619s][info][gc,heap        ] GC(273) Humongous regions: 80->80
[1791.619s][info][gc,metaspace   ] GC(273) Metaspace: 28985K(29376K)->28985K(29376K) NonClass: 24101K(24256K)->24101K(24256K) Class: 4884K(5120K)->4884K(5120K)
[1791.619s][info][gc             ] GC(273) Pause Young (Mixed) (G1 Evacuation Pause) 3670M->1318M(4096M) 134.260ms
[1791.619s][info][gc,cpu         ] GC(273) User=0.80s Sys=0.00s Real=0.13s
.. (rIR:aIR:PR = 2491:2490:2490) (tPR = 36973) [OK] 
  1792s: Performance info:
         Transaction,    Success,    Partial,     Failed,   Receipts, AvgBarcode, 
             Overall,     149516,          0,          0,     142035,      59.47, 
         Response times:
             Request,    Success,    Partial,     Failed,   SkipFail,     Probes,    Samples,      min,      p50,      p90,      p95,      p99,      max, 
       TotalPurchase,     142035,          0,          0,          0,     139041,     154028,      300,     2100,     3300,     3800,    12500,   158000,
     InStorePurchase,      74712,          0,          0,          0,      73463,      81113,      300,     1900,     3200,     3700,    11400,   158000,
      OnlinePurchase,      52380,          0,          0,          0,      51100,      56550,      300,     2200,     3300,     3800,    13200,   153000,
        InstPurchase,      14943,          0,          0,          0,      14478,      16365,      400,     2500,     3500,     4000,    16100,   153000,
          AssocOfCat,        151,          0,          0,          0,        115,        157,    19200,    26000,    32200,    35200,    59200,    65000,
      AssocOfProduct,       1491,          0,          0,          0,       1295,       1534,      400,     2500,     3500,     4100,    14495,   122000,
      BusinessReport,        374,          0,          0,          0,        293,        408,    19600,    30000,    39000,    47000,    77280,   182000,
          CustBuyBeh,       1493,          0,          0,          0,       1326,       1648,      200,     1700,     3000,     3300,     4951,    29000,
       ProductReturn,       3972,          0,          0,          0,       3728,       4300,      200,     1900,     3000,     3500,    10699,   123000,

  1792s: (19%)   IR =   2629 ....|.[1798.800s][info][gc,start       ] GC(274) Pause Young (Concurrent Start) (G1 Evacuation Pause)
[1798.800s][info][gc,task        ] GC(274) Using 6 workers of 6 for evacuation
[1798.916s][info][gc,phases      ] GC(274)   Pre Evacuate Collection Set: 0.44ms
[1798.916s][info][gc,phases      ] GC(274)   Merge Heap Roots: 0.48ms
[1798.916s][info][gc,phases      ] GC(274)   Evacuate Collection Set: 114.70ms
[1798.916s][info][gc,phases      ] GC(274)   Post Evacuate Collection Set: 0.88ms
[1798.916s][info][gc,phases      ] GC(274)   Other: 0.12ms
[1798.916s][info][gc,heap        ] GC(274) Eden regions: 1117->0(1119)
[1798.916s][info][gc,heap        ] GC(274) Survivor regions: 111->109(154)
[1798.916s][info][gc,heap        ] GC(274) Old regions: 469->501
[1798.916s][info][gc,heap        ] GC(274) Humongous regions: 80->80
[1798.916s][info][gc,metaspace   ] GC(274) Metaspace: 28993K(29376K)->28993K(29376K) NonClass: 24109K(24256K)->24109K(24256K) Class: 4884K(5120K)->4884K(5120K)
[1798.916s][info][gc             ] GC(274) Pause Young (Concurrent Start) (G1 Evacuation Pause) 3552M->1379M(4096M) 116.761ms
[1798.916s][info][gc             ] GC(275) Concurrent Mark Cycle
[1798.916s][info][gc,marking     ] GC(275) Concurrent Scan Root Regions
[1798.916s][info][gc,cpu         ] GC(274) User=0.69s Sys=0.00s Real=0.12s
.[1799.036s][info][gc,marking     ] GC(275) Concurrent Scan Root Regions 119.134ms
[1799.036s][info][gc,marking     ] GC(275) Concurrent Mark
[1799.036s][info][gc,marking     ] GC(275) Concurrent Mark From Roots
[1799.036s][info][gc,task        ] GC(275) Using 2 workers of 2 for marking
[1799.583s][info][gc,marking     ] GC(275) Concurrent Mark From Roots 547.688ms
[1799.583s][info][gc,marking     ] GC(275) Concurrent Preclean
[1799.583s][info][gc,marking     ] GC(275) Concurrent Preclean 0.062ms
[1799.584s][info][gc,start       ] GC(275) Pause Remark
[1799.587s][info][gc             ] GC(275) Pause Remark 1613M->1613M(4096M) 3.154ms
[1799.588s][info][gc,cpu         ] GC(275) User=0.01s Sys=0.00s Real=0.00s
[1799.588s][info][gc,marking     ] GC(275) Concurrent Mark 552.028ms
[1799.588s][info][gc,marking     ] GC(275) Concurrent Rebuild Remembered Sets and Scrub Regions
[1799.794s][info][gc,marking     ] GC(275) Concurrent Rebuild Remembered Sets and Scrub Regions 206.155ms
[1799.794s][info][gc,start       ] GC(275) Pause Cleanup
[1799.794s][info][gc             ] GC(275) Pause Cleanup 1678M->1678M(4096M) 0.118ms
[1799.794s][info][gc,cpu         ] GC(275) User=0.00s Sys=0.00s Real=0.00s
[1799.794s][info][gc,marking     ] GC(275) Concurrent Clear Claimed Marks
[1799.794s][info][gc,marking     ] GC(275) Concurrent Clear Claimed Marks 0.033ms
[1799.794s][info][gc,marking     ] GC(275) Concurrent Cleanup for Next Mark
[1799.798s][info][gc,marking     ] GC(275) Concurrent Cleanup for Next Mark 3.523ms
[1799.798s][info][gc             ] GC(275) Concurrent Mark Cycle 881.320ms
.......[1806.128s][info][gc,start       ] GC(276) Pause Young (Prepare Mixed) (G1 Evacuation Pause)
[1806.128s][info][gc,task        ] GC(276) Using 6 workers of 6 for evacuation
[1806.245s][info][gc,phases      ] GC(276)   Pre Evacuate Collection Set: 0.35ms
[1806.245s][info][gc,phases      ] GC(276)   Merge Heap Roots: 0.55ms
[1806.245s][info][gc,phases      ] GC(276)   Evacuate Collection Set: 115.17ms
[1806.245s][info][gc,phases      ] GC(276)   Post Evacuate Collection Set: 0.97ms
[1806.245s][info][gc,phases      ] GC(276)   Other: 0.08ms
[1806.245s][info][gc,heap        ] GC(276) Eden regions: 1119->0(1114)
[1806.245s][info][gc,heap        ] GC(276) Survivor regions: 109->109(154)
[1806.245s][info][gc,heap        ] GC(276) Old regions: 501->533
[1806.245s][info][gc,heap        ] GC(276) Humongous regions: 80->80
[1806.245s][info][gc,metaspace   ] GC(276) Metaspace: 28993K(29376K)->28993K(29376K) NonClass: 24109K(24256K)->24109K(24256K) Class: 4884K(5120K)->4884K(5120K)
[1806.245s][info][gc             ] GC(276) Pause Young (Prepare Mixed) (G1 Evacuation Pause) 3617M->1441M(4096M) 117.259ms
[1806.245s][info][gc,cpu         ] GC(276) User=0.70s Sys=0.00s Real=0.12s
.......[1813.274s][info][gc,start       ] GC(277) Pause Young (Mixed) (G1 Evacuation Pause)
[1813.275s][info][gc,task        ] GC(277) Using 6 workers of 6 for evacuation
[1813.408s][info][gc,phases      ] GC(277)   Pre Evacuate Collection Set: 0.38ms
[1813.408s][info][gc,phases      ] GC(277)   Merge Heap Roots: 0.71ms
[1813.408s][info][gc,phases      ] GC(277)   Evacuate Collection Set: 130.94ms
[1813.408s][info][gc,phases      ] GC(277)   Post Evacuate Collection Set: 0.99ms
[1813.408s][info][gc,phases      ] GC(277)   Other: 0.09ms
[1813.408s][info][gc,heap        ] GC(277) Eden regions: 1114->0(1119)
[1813.408s][info][gc,heap        ] GC(277) Survivor regions: 109->109(153)
[1813.408s][info][gc,heap        ] GC(277) Old regions: 533->469
[1813.408s][info][gc,heap        ] GC(277) Humongous regions: 80->80
[1813.408s][info][gc,metaspace   ] GC(277) Metaspace: 28993K(29376K)->28993K(29376K) NonClass: 24109K(24256K)->24109K(24256K) Class: 4884K(5120K)->4884K(5120K)
[1813.408s][info][gc             ] GC(277) Pause Young (Mixed) (G1 Evacuation Pause) 3669M->1314M(4096M) 133.249ms
[1813.408s][info][gc,cpu         ] GC(277) User=0.79s Sys=0.00s Real=0.13s
.......[1820.489s][info][gc,start       ] GC(278) Pause Young (Concurrent Start) (G1 Evacuation Pause)
[1820.489s][info][gc,task        ] GC(278) Using 6 workers of 6 for evacuation
[1820.606s][info][gc,phases      ] GC(278)   Pre Evacuate Collection Set: 0.45ms
[1820.606s][info][gc,phases      ] GC(278)   Merge Heap Roots: 0.55ms
[1820.606s][info][gc,phases      ] GC(278)   Evacuate Collection Set: 114.87ms
[1820.606s][info][gc,phases      ] GC(278)   Post Evacuate Collection Set: 0.93ms
[1820.606s][info][gc,phases      ] GC(278)   Other: 0.12ms
[1820.606s][info][gc,heap        ] GC(278) Eden regions: 1119->0(1119)
[1820.606s][info][gc,heap        ] GC(278) Survivor regions: 109->109(154)
[1820.606s][info][gc,heap        ] GC(278) Old regions: 469->501
[1820.606s][info][gc,heap        ] GC(278) Humongous regions: 80->80
[1820.606s][info][gc,metaspace   ] GC(278) Metaspace: 28993K(29376K)->28993K(29376K) NonClass: 24109K(24256K)->24109K(24256K) Class: 4884K(5120K)->4884K(5120K)
[1820.606s][info][gc             ] GC(278) Pause Young (Concurrent Start) (G1 Evacuation Pause) 3552M->1378M(4096M) 117.063ms
[1820.606s][info][gc             ] GC(279) Concurrent Mark Cycle
[1820.606s][info][gc,marking     ] GC(279) Concurrent Scan Root Regions
[1820.606s][info][gc,cpu         ] GC(278) User=0.70s Sys=0.00s Real=0.12s
[1820.727s][info][gc,marking     ] GC(279) Concurrent Scan Root Regions 121.291ms
[1820.727s][info][gc,marking     ] GC(279) Concurrent Mark
[1820.727s][info][gc,marking     ] GC(279) Concurrent Mark From Roots
[1820.727s][info][gc,task        ] GC(279) Using 2 workers of 2 for marking
.[1821.287s][info][gc,marking     ] GC(279) Concurrent Mark From Roots 559.798ms
[1821.287s][info][gc,marking     ] GC(279) Concurrent Preclean
[1821.287s][info][gc,marking     ] GC(279) Concurrent Preclean 0.045ms
[1821.287s][info][gc,start       ] GC(279) Pause Remark
[1821.291s][info][gc             ] GC(279) Pause Remark 1630M->1630M(4096M) 3.397ms
[1821.291s][info][gc,cpu         ] GC(279) User=0.02s Sys=0.00s Real=0.00s
[1821.291s][info][gc,marking     ] GC(279) Concurrent Mark 563.509ms
[1821.291s][info][gc,marking     ] GC(279) Concurrent Rebuild Remembered Sets and Scrub Regions
[1821.505s][info][gc,marking     ] GC(279) Concurrent Rebuild Remembered Sets and Scrub Regions 214.213ms
[1821.505s][info][gc,start       ] GC(279) Pause Cleanup
[1821.505s][info][gc             ] GC(279) Pause Cleanup 1698M->1698M(4096M) 0.117ms
[1821.505s][info][gc,cpu         ] GC(279) User=0.00s Sys=0.00s Real=0.00s
[1821.505s][info][gc,marking     ] GC(279) Concurrent Clear Claimed Marks
[1821.505s][info][gc,marking     ] GC(279) Concurrent Clear Claimed Marks 0.032ms
[1821.505s][info][gc,marking     ] GC(279) Concurrent Cleanup for Next Mark
[1821.508s][info][gc,marking     ] GC(279) Concurrent Cleanup for Next Mark 3.165ms
[1821.509s][info][gc             ] GC(279) Concurrent Mark Cycle 902.628ms
......[1827.739s][info][gc,start       ] GC(280) Pause Young (Prepare Mixed) (G1 Evacuation Pause)
[1827.740s][info][gc,task        ] GC(280) Using 6 workers of 6 for evacuation
[1827.857s][info][gc,phases      ] GC(280)   Pre Evacuate Collection Set: 0.40ms
[1827.857s][info][gc,phases      ] GC(280)   Merge Heap Roots: 0.61ms
[1827.857s][info][gc,phases      ] GC(280)   Evacuate Collection Set: 115.11ms
[1827.857s][info][gc,phases      ] GC(280)   Post Evacuate Collection Set: 0.95ms
[1827.857s][info][gc,phases      ] GC(280)   Other: 0.10ms
[1827.857s][info][gc,heap        ] GC(280) Eden regions: 1119->0(1112)
[1827.857s][info][gc,heap        ] GC(280) Survivor regions: 109->110(154)
[1827.857s][info][gc,heap        ] GC(280) Old regions: 501->533
[1827.857s][info][gc,heap        ] GC(280) Humongous regions: 80->80
[1827.857s][info][gc,metaspace   ] GC(280) Metaspace: 28993K(29376K)->28993K(29376K) NonClass: 24109K(24256K)->24109K(24256K) Class: 4884K(5120K)->4884K(5120K)
[1827.857s][info][gc             ] GC(280) Pause Young (Prepare Mixed) (G1 Evacuation Pause) 3616M->1444M(4096M) 117.286ms
[1827.857s][info][gc,cpu         ] GC(280) User=0.69s Sys=0.00s Real=0.12s
.......[1834.964s][info][gc,start       ] GC(281) Pause Young (Mixed) (G1 Evacuation Pause)
[1834.964s][info][gc,task        ] GC(281) Using 6 workers of 6 for evacuation
[1835.094s][info][gc,phases      ] GC(281)   Pre Evacuate Collection Set: 0.44ms
[1835.094s][info][gc,phases      ] GC(281)   Merge Heap Roots: 0.73ms
[1835.094s][info][gc,phases      ] GC(281)   Evacuate Collection Set: 127.12ms
[1835.094s][info][gc,phases      ] GC(281)   Post Evacuate Collection Set: 0.97ms
[1835.094s][info][gc,phases      ] GC(281)   Other: 0.09ms
[1835.094s][info][gc,heap        ] GC(281) Eden regions: 1112->0(1120)
[1835.094s][info][gc,heap        ] GC(281) Survivor regions: 110->108(153)
[1835.094s][info][gc,heap        ] GC(281) Old regions: 533->469
[1835.094s][info][gc,heap        ] GC(281) Humongous regions: 80->80
[1835.094s][info][gc,metaspace   ] GC(281) Metaspace: 28993K(29376K)->28993K(29376K) NonClass: 24109K(24256K)->24109K(24256K) Class: 4884K(5120K)->4884K(5120K)
[1835.094s][info][gc             ] GC(281) Pause Young (Mixed) (G1 Evacuation Pause) 3668M->1312M(4096M) 129.492ms
[1835.094s][info][gc,cpu         ] GC(281) User=0.77s Sys=0.00s Real=0.13s
........[1842.222s][info][gc,start       ] GC(282) Pause Young (Concurrent Start) (G1 Evacuation Pause)
[1842.222s][info][gc,task        ] GC(282) Using 6 workers of 6 for evacuation
[1842.339s][info][gc,phases      ] GC(282)   Pre Evacuate Collection Set: 0.40ms
[1842.339s][info][gc,phases      ] GC(282)   Merge Heap Roots: 0.52ms
[1842.339s][info][gc,phases      ] GC(282)   Evacuate Collection Set: 114.85ms
[1842.339s][info][gc,phases      ] GC(282)   Post Evacuate Collection Set: 0.93ms
[1842.339s][info][gc,phases      ] GC(282)   Other: 0.12ms
[1842.339s][info][gc,heap        ] GC(282) Eden regions: 1120->0(1120)
[1842.339s][info][gc,heap        ] GC(282) Survivor regions: 108->108(154)
[1842.339s][info][gc,heap        ] GC(282) Old regions: 469->501
[1842.339s][info][gc,heap        ] GC(282) Humongous regions: 80->80
[1842.339s][info][gc,metaspace   ] GC(282) Metaspace: 28994K(29376K)->28994K(29376K) NonClass: 24110K(24256K)->24110K(24256K) Class: 4884K(5120K)->4884K(5120K)
[1842.339s][info][gc             ] GC(282) Pause Young (Concurrent Start) (G1 Evacuation Pause) 3552M->1376M(4096M) 116.962ms
[1842.339s][info][gc             ] GC(283) Concurrent Mark Cycle
[1842.339s][info][gc,marking     ] GC(283) Concurrent Scan Root Regions
[1842.339s][info][gc,cpu         ] GC(282) User=0.70s Sys=0.00s Real=0.11s
[1842.461s][info][gc,marking     ] GC(283) Concurrent Scan Root Regions 121.359ms
[1842.461s][info][gc,marking     ] GC(283) Concurrent Mark
[1842.461s][info][gc,marking     ] GC(283) Concurrent Mark From Roots
[1842.461s][info][gc,task        ] GC(283) Using 2 workers of 2 for marking
[1843.019s][info][gc,marking     ] GC(283) Concurrent Mark From Roots 558.566ms
[1843.019s][info][gc,marking     ] GC(283) Concurrent Preclean
[1843.020s][info][gc,marking     ] GC(283) Concurrent Preclean 0.043ms
[1843.020s][info][gc,start       ] GC(283) Pause Remark
[1843.023s][info][gc             ] GC(283) Pause Remark 1615M->1615M(4096M) 3.313ms
[1843.023s][info][gc,cpu         ] GC(283) User=0.02s Sys=0.00s Real=0.01s
[1843.023s][info][gc,marking     ] GC(283) Concurrent Mark 562.164ms
[1843.023s][info][gc,marking     ] GC(283) Concurrent Rebuild Remembered Sets and Scrub Regions
.[1843.244s][info][gc,marking     ] GC(283) Concurrent Rebuild Remembered Sets and Scrub Regions 220.934ms
[1843.244s][info][gc,start       ] GC(283) Pause Cleanup
[1843.244s][info][gc             ] GC(283) Pause Cleanup 1700M->1700M(4096M) 0.111ms
[1843.244s][info][gc,cpu         ] GC(283) User=0.00s Sys=0.00s Real=0.00s
[1843.244s][info][gc,marking     ] GC(283) Concurrent Clear Claimed Marks
[1843.244s][info][gc,marking     ] GC(283) Concurrent Clear Claimed Marks 0.027ms
[1843.244s][info][gc,marking     ] GC(283) Concurrent Cleanup for Next Mark
[1843.250s][info][gc,marking     ] GC(283) Concurrent Cleanup for Next Mark 5.628ms
[1843.250s][info][gc             ] GC(283) Concurrent Mark Cycle 910.550ms
......[1849.471s][info][gc,start       ] GC(284) Pause Young (Prepare Mixed) (G1 Evacuation Pause)
[1849.471s][info][gc,task        ] GC(284) Using 6 workers of 6 for evacuation
[1849.595s][info][gc,phases      ] GC(284)   Pre Evacuate Collection Set: 0.36ms
[1849.595s][info][gc,phases      ] GC(284)   Merge Heap Roots: 0.58ms
[1849.595s][info][gc,phases      ] GC(284)   Evacuate Collection Set: 121.68ms
[1849.595s][info][gc,phases      ] GC(284)   Post Evacuate Collection Set: 0.96ms
[1849.595s][info][gc,phases      ] GC(284)   Other: 0.09ms
[1849.595s][info][gc,heap        ] GC(284) Eden regions: 1120->0(1108)
[1849.595s][info][gc,heap        ] GC(284) Survivor regions: 108->112(154)
[1849.595s][info][gc,heap        ] GC(284) Old regions: 501->533
[1849.595s][info][gc,heap        ] GC(284) Humongous regions: 80->80
[1849.595s][info][gc,metaspace   ] GC(284) Metaspace: 28994K(29376K)->28994K(29376K) NonClass: 24110K(24256K)->24110K(24256K) Class: 4884K(5120K)->4884K(5120K)
[1849.595s][info][gc             ] GC(284) Pause Young (Prepare Mixed) (G1 Evacuation Pause) 3616M->1447M(4096M) 123.811ms
[1849.595s][info][gc,cpu         ] GC(284) User=0.74s Sys=0.00s Real=0.13s
.......[1856.603s][info][gc,start       ] GC(285) Pause Young (Mixed) (G1 Evacuation Pause)
[1856.603s][info][gc,task        ] GC(285) Using 6 workers of 6 for evacuation
[1856.740s][info][gc,phases      ] GC(285)   Pre Evacuate Collection Set: 0.37ms
[1856.740s][info][gc,phases      ] GC(285)   Merge Heap Roots: 0.73ms
[1856.740s][info][gc,phases      ] GC(285)   Evacuate Collection Set: 134.82ms
[1856.740s][info][gc,phases      ] GC(285)   Post Evacuate Collection Set: 0.95ms
[1856.740s][info][gc,phases      ] GC(285)   Other: 0.09ms
[1856.740s][info][gc,heap        ] GC(285) Eden regions: 1108->0(1119)
[1856.740s][info][gc,heap        ] GC(285) Survivor regions: 112->109(153)
[1856.740s][info][gc,heap        ] GC(285) Old regions: 533->470
[1856.740s][info][gc,heap        ] GC(285) Humongous regions: 80->80
[1856.740s][info][gc,metaspace   ] GC(285) Metaspace: 28994K(29376K)->28994K(29376K) NonClass: 24110K(24256K)->24110K(24256K) Class: 4884K(5120K)->4884K(5120K)
[1856.740s][info][gc             ] GC(285) Pause Young (Mixed) (G1 Evacuation Pause) 3663M->1315M(4096M) 137.099ms
[1856.740s][info][gc,cpu         ] GC(285) User=0.82s Sys=0.00s Real=0.13s
. (rIR:aIR:PR = 2629:2630:2630) (tPR = 38894) [OK] 
  1856s: Performance info:
         Transaction,    Success,    Partial,     Failed,   Receipts, AvgBarcode, 
             Overall,     158122,          0,          0,     150225,      59.47, 
         Response times:
             Request,    Success,    Partial,     Failed,   SkipFail,     Probes,    Samples,      min,      p50,      p90,      p95,      p99,      max, 
       TotalPurchase,     150223,          0,          0,          0,     146546,     157050,      300,     2200,     3500,     4000,    16049,   153000,
     InStorePurchase,      79078,          0,          0,          0,      77162,      82401,      300,     2200,     3500,     4100,    16500,   142000,
      OnlinePurchase,      55346,          0,          0,          0,      54074,      58090,      300,     2100,     3500,     4000,    16000,   153000,
        InstPurchase,      15799,          0,          0,          0,      15310,      16559,      400,     2300,     3500,     4100,    13800,   143000,
          AssocOfCat,        157,          0,          0,          0,        128,        180,    19100,    27000,    35000,    38900,    80100,   153000,
      AssocOfProduct,       1581,          0,          0,          0,       1382,       1604,      900,     2600,     3600,     4400,    16555,   138000,
      BusinessReport,        394,          0,          0,          0,        319,        436,    19500,    29500,    39000,    45000,    71520,   183000,
          CustBuyBeh,       1578,          0,          0,          0,       1398,       1627,      200,     1200,     2100,     2600,     5600,   132000,
       ProductReturn,       4187,          0,          0,          0,       3907,       4378,      300,     2100,     3300,     4000,    16184,   137000,

  1856s: (20%)   IR =   2767 ....|..[1863.411s][info][gc,start       ] GC(286) Pause Young (Concurrent Start) (G1 Evacuation Pause)
[1863.411s][info][gc,task        ] GC(286) Using 6 workers of 6 for evacuation
[1863.531s][info][gc,phases      ] GC(286)   Pre Evacuate Collection Set: 0.37ms
[1863.531s][info][gc,phases      ] GC(286)   Merge Heap Roots: 0.50ms
[1863.531s][info][gc,phases      ] GC(286)   Evacuate Collection Set: 117.57ms
[1863.531s][info][gc,phases      ] GC(286)   Post Evacuate Collection Set: 0.94ms
[1863.531s][info][gc,phases      ] GC(286)   Other: 0.12ms
[1863.531s][info][gc,heap        ] GC(286) Eden regions: 1119->0(1117)
[1863.531s][info][gc,heap        ] GC(286) Survivor regions: 109->111(154)
[1863.531s][info][gc,heap        ] GC(286) Old regions: 470->501
[1863.531s][info][gc,heap        ] GC(286) Humongous regions: 80->80
[1863.531s][info][gc,metaspace   ] GC(286) Metaspace: 28994K(29376K)->28994K(29376K) NonClass: 24110K(24256K)->24110K(24256K) Class: 4884K(5120K)->4884K(5120K)
[1863.531s][info][gc             ] GC(286) Pause Young (Concurrent Start) (G1 Evacuation Pause) 3553M->1382M(4096M) 119.627ms
[1863.531s][info][gc             ] GC(287) Concurrent Mark Cycle
[1863.531s][info][gc,marking     ] GC(287) Concurrent Scan Root Regions
[1863.531s][info][gc,cpu         ] GC(286) User=0.71s Sys=0.00s Real=0.12s
[1863.656s][info][gc,marking     ] GC(287) Concurrent Scan Root Regions 124.961ms
[1863.656s][info][gc,marking     ] GC(287) Concurrent Mark
[1863.656s][info][gc,marking     ] GC(287) Concurrent Mark From Roots
[1863.656s][info][gc,task        ] GC(287) Using 2 workers of 2 for marking
.[1864.208s][info][gc,marking     ] GC(287) Concurrent Mark From Roots 551.850ms
[1864.208s][info][gc,marking     ] GC(287) Concurrent Preclean
[1864.208s][info][gc,marking     ] GC(287) Concurrent Preclean 0.050ms
[1864.208s][info][gc,start       ] GC(287) Pause Remark
[1864.211s][info][gc             ] GC(287) Pause Remark 1609M->1609M(4096M) 2.955ms
[1864.211s][info][gc,cpu         ] GC(287) User=0.01s Sys=0.00s Real=0.00s
[1864.211s][info][gc,marking     ] GC(287) Concurrent Mark 555.100ms
[1864.211s][info][gc,marking     ] GC(287) Concurrent Rebuild Remembered Sets and Scrub Regions
[1864.564s][info][gc,marking     ] GC(287) Concurrent Rebuild Remembered Sets and Scrub Regions 352.396ms
[1864.564s][info][gc,start       ] GC(287) Pause Cleanup
[1864.564s][info][gc             ] GC(287) Pause Cleanup 1736M->1736M(4096M) 0.118ms
[1864.564s][info][gc,cpu         ] GC(287) User=0.00s Sys=0.00s Real=0.00s
[1864.564s][info][gc,marking     ] GC(287) Concurrent Clear Claimed Marks
[1864.564s][info][gc,marking     ] GC(287) Concurrent Clear Claimed Marks 0.023ms
[1864.564s][info][gc,marking     ] GC(287) Concurrent Cleanup for Next Mark
[1864.567s][info][gc,marking     ] GC(287) Concurrent Cleanup for Next Mark 3.299ms
[1864.567s][info][gc             ] GC(287) Concurrent Mark Cycle 1036.204ms
......[1870.322s][info][gc,start       ] GC(288) Pause Young (Prepare Mixed) (G1 Evacuation Pause)
[1870.322s][info][gc,task        ] GC(288) Using 6 workers of 6 for evacuation
[1870.441s][info][gc,phases      ] GC(288)   Pre Evacuate Collection Set: 0.37ms
[1870.441s][info][gc,phases      ] GC(288)   Merge Heap Roots: 0.55ms
[1870.441s][info][gc,phases      ] GC(288)   Evacuate Collection Set: 116.57ms
[1870.441s][info][gc,phases      ] GC(288)   Post Evacuate Collection Set: 0.93ms
[1870.441s][info][gc,phases      ] GC(288)   Other: 0.09ms
[1870.441s][info][gc,heap        ] GC(288) Eden regions: 1117->0(1111)
[1870.441s][info][gc,heap        ] GC(288) Survivor regions: 111->110(154)
[1870.441s][info][gc,heap        ] GC(288) Old regions: 501->534
[1870.441s][info][gc,heap        ] GC(288) Humongous regions: 80->80
[1870.441s][info][gc,metaspace   ] GC(288) Metaspace: 28994K(29376K)->28994K(29376K) NonClass: 24110K(24256K)->24110K(24256K) Class: 4884K(5120K)->4884K(5120K)
[1870.441s][info][gc             ] GC(288) Pause Young (Prepare Mixed) (G1 Evacuation Pause) 3616M->1446M(4096M) 118.640ms
[1870.441s][info][gc,cpu         ] GC(288) User=0.71s Sys=0.00s Real=0.11s
.......[1877.269s][info][gc,start       ] GC(289) Pause Young (Mixed) (G1 Evacuation Pause)
[1877.269s][info][gc,task        ] GC(289) Using 6 workers of 6 for evacuation
[1877.401s][info][gc,phases      ] GC(289)   Pre Evacuate Collection Set: 0.39ms
[1877.401s][info][gc,phases      ] GC(289)   Merge Heap Roots: 0.75ms
[1877.401s][info][gc,phases      ] GC(289)   Evacuate Collection Set: 129.80ms
[1877.401s][info][gc,phases      ] GC(289)   Post Evacuate Collection Set: 1.00ms
[1877.401s][info][gc,phases      ] GC(289)   Other: 0.09ms
[1877.401s][info][gc,heap        ] GC(289) Eden regions: 1111->0(1119)
[1877.402s][info][gc,heap        ] GC(289) Survivor regions: 110->109(153)
[1877.402s][info][gc,heap        ] GC(289) Old regions: 534->471
[1877.402s][info][gc,heap        ] GC(289) Humongous regions: 80->80
[1877.402s][info][gc,metaspace   ] GC(289) Metaspace: 28994K(29376K)->28994K(29376K) NonClass: 24110K(24256K)->24110K(24256K) Class: 4884K(5120K)->4884K(5120K)
[1877.402s][info][gc             ] GC(289) Pause Young (Mixed) (G1 Evacuation Pause) 3668M->1318M(4096M) 132.152ms
[1877.402s][info][gc,cpu         ] GC(289) User=0.78s Sys=0.00s Real=0.13s
......[1884.043s][info][gc,start       ] GC(290) Pause Young (Concurrent Start) (G1 Evacuation Pause)
[1884.043s][info][gc,task        ] GC(290) Using 6 workers of 6 for evacuation
[1884.161s][info][gc,phases      ] GC(290)   Pre Evacuate Collection Set: 0.39ms
[1884.161s][info][gc,phases      ] GC(290)   Merge Heap Roots: 0.55ms
[1884.161s][info][gc,phases      ] GC(290)   Evacuate Collection Set: 116.54ms
[1884.161s][info][gc,phases      ] GC(290)   Post Evacuate Collection Set: 0.92ms
[1884.161s][info][gc,phases      ] GC(290)   Other: 0.11ms
[1884.161s][info][gc,heap        ] GC(290) Eden regions: 1119->0(1118)
[1884.161s][info][gc,heap        ] GC(290) Survivor regions: 109->110(154)
[1884.161s][info][gc,heap        ] GC(290) Old regions: 471->503
[1884.161s][info][gc,heap        ] GC(290) Humongous regions: 80->80
[1884.161s][info][gc,metaspace   ] GC(290) Metaspace: 28994K(29376K)->28994K(29376K) NonClass: 24110K(24256K)->24110K(24256K) Class: 4884K(5120K)->4884K(5120K)
[1884.161s][info][gc             ] GC(290) Pause Young (Concurrent Start) (G1 Evacuation Pause) 3556M->1385M(4096M) 118.641ms
[1884.161s][info][gc             ] GC(291) Concurrent Mark Cycle
[1884.161s][info][gc,marking     ] GC(291) Concurrent Scan Root Regions
[1884.161s][info][gc,cpu         ] GC(290) User=0.71s Sys=0.00s Real=0.11s
.[1884.332s][info][gc,marking     ] GC(291) Concurrent Scan Root Regions 170.888ms
[1884.332s][info][gc,marking     ] GC(291) Concurrent Mark
[1884.332s][info][gc,marking     ] GC(291) Concurrent Mark From Roots
[1884.332s][info][gc,task        ] GC(291) Using 2 workers of 2 for marking
.[1885.234s][info][gc,marking     ] GC(291) Concurrent Mark From Roots 901.714ms
[1885.234s][info][gc,marking     ] GC(291) Concurrent Preclean
[1885.234s][info][gc,marking     ] GC(291) Concurrent Preclean 0.047ms
[1885.234s][info][gc,start       ] GC(291) Pause Remark
[1885.238s][info][gc             ] GC(291) Pause Remark 1763M->1763M(4096M) 3.906ms
[1885.238s][info][gc,cpu         ] GC(291) User=0.02s Sys=0.00s Real=0.00s
[1885.238s][info][gc,marking     ] GC(291) Concurrent Mark 905.890ms
[1885.238s][info][gc,marking     ] GC(291) Concurrent Rebuild Remembered Sets and Scrub Regions
[1885.588s][info][gc,marking     ] GC(291) Concurrent Rebuild Remembered Sets and Scrub Regions 350.315ms
[1885.589s][info][gc,start       ] GC(291) Pause Cleanup
[1885.589s][info][gc             ] GC(291) Pause Cleanup 1901M->1901M(4096M) 0.113ms
[1885.589s][info][gc,cpu         ] GC(291) User=0.00s Sys=0.00s Real=0.00s
[1885.589s][info][gc,marking     ] GC(291) Concurrent Clear Claimed Marks
[1885.589s][info][gc,marking     ] GC(291) Concurrent Clear Claimed Marks 0.026ms
[1885.589s][info][gc,marking     ] GC(291) Concurrent Cleanup for Next Mark
[1885.592s][info][gc,marking     ] GC(291) Concurrent Cleanup for Next Mark 3.476ms
[1885.592s][info][gc             ] GC(291) Concurrent Mark Cycle 1431.006ms
.....[1891.024s][info][gc,start       ] GC(292) Pause Young (Prepare Mixed) (G1 Evacuation Pause)
[1891.024s][info][gc,task        ] GC(292) Using 6 workers of 6 for evacuation
[1891.140s][info][gc,phases      ] GC(292)   Pre Evacuate Collection Set: 0.33ms
[1891.140s][info][gc,phases      ] GC(292)   Merge Heap Roots: 0.54ms
[1891.140s][info][gc,phases      ] GC(292)   Evacuate Collection Set: 114.57ms
[1891.140s][info][gc,phases      ] GC(292)   Post Evacuate Collection Set: 0.97ms
[1891.140s][info][gc,phases      ] GC(292)   Other: 0.09ms
[1891.140s][info][gc,heap        ] GC(292) Eden regions: 1118->0(1113)
[1891.140s][info][gc,heap        ] GC(292) Survivor regions: 110->108(154)
[1891.140s][info][gc,heap        ] GC(292) Old regions: 503->536
[1891.140s][info][gc,heap        ] GC(292) Humongous regions: 80->80
[1891.140s][info][gc,metaspace   ] GC(292) Metaspace: 28994K(29376K)->28994K(29376K) NonClass: 24110K(24256K)->24110K(24256K) Class: 4884K(5120K)->4884K(5120K)
[1891.140s][info][gc             ] GC(292) Pause Young (Prepare Mixed) (G1 Evacuation Pause) 3621M->1446M(4096M) 116.634ms
[1891.140s][info][gc,cpu         ] GC(292) User=0.69s Sys=0.00s Real=0.11s
.......[1897.849s][info][gc,start       ] GC(293) Pause Young (Mixed) (G1 Evacuation Pause)
[1897.849s][info][gc,task        ] GC(293) Using 6 workers of 6 for evacuation
[1897.980s][info][gc,phases      ] GC(293)   Pre Evacuate Collection Set: 0.39ms
[1897.980s][info][gc,phases      ] GC(293)   Merge Heap Roots: 0.69ms
[1897.980s][info][gc,phases      ] GC(293)   Evacuate Collection Set: 129.03ms
[1897.980s][info][gc,phases      ] GC(293)   Post Evacuate Collection Set: 0.95ms
[1897.980s][info][gc,phases      ] GC(293)   Other: 0.10ms
[1897.980s][info][gc,heap        ] GC(293) Eden regions: 1113->0(1118)
[1897.980s][info][gc,heap        ] GC(293) Survivor regions: 108->110(153)
[1897.980s][info][gc,heap        ] GC(293) Old regions: 536->469
[1897.980s][info][gc,heap        ] GC(293) Humongous regions: 80->80
[1897.980s][info][gc,metaspace   ] GC(293) Metaspace: 28994K(29376K)->28994K(29376K) NonClass: 24110K(24256K)->24110K(24256K) Class: 4884K(5120K)->4884K(5120K)
[1897.980s][info][gc             ] GC(293) Pause Young (Mixed) (G1 Evacuation Pause) 3672M->1316M(4096M) 131.293ms
[1897.980s][info][gc,cpu         ] GC(293) User=0.78s Sys=0.00s Real=0.13s
.......[1904.752s][info][gc,start       ] GC(294) Pause Young (Concurrent Start) (G1 Evacuation Pause)
[1904.752s][info][gc,task        ] GC(294) Using 6 workers of 6 for evacuation
[1904.870s][info][gc,phases      ] GC(294)   Pre Evacuate Collection Set: 0.43ms
[1904.870s][info][gc,phases      ] GC(294)   Merge Heap Roots: 0.52ms
[1904.870s][info][gc,phases      ] GC(294)   Evacuate Collection Set: 116.30ms
[1904.870s][info][gc,phases      ] GC(294)   Post Evacuate Collection Set: 0.92ms
[1904.870s][info][gc,phases      ] GC(294)   Other: 0.10ms
[1904.870s][info][gc,heap        ] GC(294) Eden regions: 1118->0(1119)
[1904.870s][info][gc,heap        ] GC(294) Survivor regions: 110->109(154)
[1904.870s][info][gc,heap        ] GC(294) Old regions: 469->502
[1904.870s][info][gc,heap        ] GC(294) Humongous regions: 80->80
[1904.870s][info][gc,metaspace   ] GC(294) Metaspace: 28994K(29376K)->28994K(29376K) NonClass: 24110K(24256K)->24110K(24256K) Class: 4884K(5120K)->4884K(5120K)
[1904.870s][info][gc             ] GC(294) Pause Young (Concurrent Start) (G1 Evacuation Pause) 3552M->1379M(4096M) 118.403ms
[1904.870s][info][gc             ] GC(295) Concurrent Mark Cycle
[1904.870s][info][gc,marking     ] GC(295) Concurrent Scan Root Regions
[1904.870s][info][gc,cpu         ] GC(294) User=0.70s Sys=0.00s Real=0.12s
[1905.010s][info][gc,marking     ] GC(295) Concurrent Scan Root Regions 139.937ms
[1905.010s][info][gc,marking     ] GC(295) Concurrent Mark
[1905.010s][info][gc,marking     ] GC(295) Concurrent Mark From Roots
[1905.010s][info][gc,task        ] GC(295) Using 2 workers of 2 for marking
.[1905.629s][info][gc,marking     ] GC(295) Concurrent Mark From Roots 619.074ms
[1905.629s][info][gc,marking     ] GC(295) Concurrent Preclean
[1905.629s][info][gc,marking     ] GC(295) Concurrent Preclean 0.050ms
[1905.630s][info][gc,start       ] GC(295) Pause Remark
[1905.633s][info][gc             ] GC(295) Pause Remark 1675M->1675M(4096M) 3.322ms
[1905.633s][info][gc,cpu         ] GC(295) User=0.02s Sys=0.00s Real=0.01s
[1905.633s][info][gc,marking     ] GC(295) Concurrent Mark 622.694ms
[1905.633s][info][gc,marking     ] GC(295) Concurrent Rebuild Remembered Sets and Scrub Regions
[1905.861s][info][gc,marking     ] GC(295) Concurrent Rebuild Remembered Sets and Scrub Regions 228.299ms
[1905.861s][info][gc,start       ] GC(295) Pause Cleanup
[1905.862s][info][gc             ] GC(295) Pause Cleanup 1740M->1740M(4096M) 0.131ms
[1905.862s][info][gc,cpu         ] GC(295) User=0.00s Sys=0.00s Real=0.00s
[1905.862s][info][gc,marking     ] GC(295) Concurrent Clear Claimed Marks
[1905.862s][info][gc,marking     ] GC(295) Concurrent Clear Claimed Marks 0.028ms
[1905.862s][info][gc,marking     ] GC(295) Concurrent Cleanup for Next Mark
[1905.865s][info][gc,marking     ] GC(295) Concurrent Cleanup for Next Mark 3.588ms
[1905.865s][info][gc             ] GC(295) Concurrent Mark Cycle 995.013ms
......[1911.560s][info][gc,start       ] GC(296) Pause Young (Prepare Mixed) (G1 Evacuation Pause)
[1911.560s][info][gc,task        ] GC(296) Using 6 workers of 6 for evacuation
[1911.676s][info][gc,phases      ] GC(296)   Pre Evacuate Collection Set: 0.35ms
[1911.676s][info][gc,phases      ] GC(296)   Merge Heap Roots: 0.54ms
[1911.676s][info][gc,phases      ] GC(296)   Evacuate Collection Set: 114.27ms
[1911.676s][info][gc,phases      ] GC(296)   Post Evacuate Collection Set: 0.95ms
[1911.676s][info][gc,phases      ] GC(296)   Other: 0.09ms
[1911.676s][info][gc,heap        ] GC(296) Eden regions: 1119->0(1115)
[1911.677s][info][gc,heap        ] GC(296) Survivor regions: 109->108(154)
[1911.677s][info][gc,heap        ] GC(296) Old regions: 502->534
[1911.677s][info][gc,heap        ] GC(296) Humongous regions: 80->80
[1911.677s][info][gc,metaspace   ] GC(296) Metaspace: 28994K(29376K)->28994K(29376K) NonClass: 24110K(24256K)->24110K(24256K) Class: 4884K(5120K)->4884K(5120K)
[1911.677s][info][gc             ] GC(296) Pause Young (Prepare Mixed) (G1 Evacuation Pause) 3617M->1443M(4096M) 116.362ms
[1911.677s][info][gc,cpu         ] GC(296) User=0.69s Sys=0.00s Real=0.12s
.......[1918.465s][info][gc,start       ] GC(297) Pause Young (Mixed) (G1 Evacuation Pause)
[1918.465s][info][gc,task        ] GC(297) Using 6 workers of 6 for evacuation
[1918.599s][info][gc,phases      ] GC(297)   Pre Evacuate Collection Set: 0.41ms
[1918.599s][info][gc,phases      ] GC(297)   Merge Heap Roots: 0.74ms
[1918.599s][info][gc,phases      ] GC(297)   Evacuate Collection Set: 131.12ms
[1918.599s][info][gc,phases      ] GC(297)   Post Evacuate Collection Set: 0.95ms
[1918.599s][info][gc,phases      ] GC(297)   Other: 0.10ms
[1918.599s][info][gc,heap        ] GC(297) Eden regions: 1115->0(1120)
[1918.599s][info][gc,heap        ] GC(297) Survivor regions: 108->108(153)
[1918.599s][info][gc,heap        ] GC(297) Old regions: 534->471
[1918.599s][info][gc,heap        ] GC(297) Humongous regions: 80->80
[1918.599s][info][gc,metaspace   ] GC(297) Metaspace: 28994K(29376K)->28994K(29376K) NonClass: 24110K(24256K)->24110K(24256K) Class: 4884K(5120K)->4884K(5120K)
[1918.599s][info][gc             ] GC(297) Pause Young (Mixed) (G1 Evacuation Pause) 3673M->1317M(4096M) 133.438ms
[1918.599s][info][gc,cpu         ] GC(297) User=0.79s Sys=0.00s Real=0.13s
... (rIR:aIR:PR = 2767:2767:2767) (tPR = 41209) [OK] 
  1921s: Performance info:
         Transaction,    Success,    Partial,     Failed,   Receipts, AvgBarcode, 
             Overall,     166208,          0,          0,     157893,      59.48, 
         Response times:
             Request,    Success,    Partial,     Failed,   SkipFail,     Probes,    Samples,      min,      p50,      p90,      p95,      p99,      max, 
       TotalPurchase,     157887,          0,          0,          0,     154764,     166480,      300,     2300,     3600,     4200,    15200,   186000,
     InStorePurchase,      83085,          0,          0,          0,      81595,      87664,      300,     2300,     3600,     4300,    15735,   186000,
      OnlinePurchase,      58198,          0,          0,          0,      57109,      61289,      300,     2300,     3600,     4300,    15210,   186000,
        InstPurchase,      16604,          0,          0,          0,      16060,      17527,      400,     2000,     3500,     4100,    12072,   138000,
          AssocOfCat,        170,          0,          0,          0,        123,        171,    19200,    27000,    35800,    38400,    48240,    54000,
      AssocOfProduct,       1665,          0,          0,          0,       1487,       1695,      600,     2500,     3700,     4200,    13644,   127000,
      BusinessReport,        418,          0,          0,          0,        343,        433,    20000,    30000,    42600,    48000,   153960,   188000,
          CustBuyBeh,       1664,          0,          0,          0,       1524,       1765,      200,     2500,     3700,     4300,    13534,   138000,
       ProductReturn,       4398,          0,          0,          0,       4083,       4598,      400,     2500,     3700,     4400,    17400,   138000,

  1921s: (21%)   IR =   2906 ...[1925.147s][info][gc,start       ] GC(298) Pause Young (Concurrent Start) (G1 Evacuation Pause)
[1925.147s][info][gc,task        ] GC(298) Using 6 workers of 6 for evacuation
[1925.262s][info][gc,phases      ] GC(298)   Pre Evacuate Collection Set: 0.38ms
[1925.262s][info][gc,phases      ] GC(298)   Merge Heap Roots: 0.51ms
[1925.262s][info][gc,phases      ] GC(298)   Evacuate Collection Set: 113.63ms
[1925.262s][info][gc,phases      ] GC(298)   Post Evacuate Collection Set: 0.91ms
[1925.262s][info][gc,phases      ] GC(298)   Other: 0.14ms
[1925.262s][info][gc,heap        ] GC(298) Eden regions: 1120->0(1120)
[1925.262s][info][gc,heap        ] GC(298) Survivor regions: 108->108(154)
[1925.262s][info][gc,heap        ] GC(298) Old regions: 471->503
[1925.262s][info][gc,heap        ] GC(298) Humongous regions: 80->80
[1925.262s][info][gc,metaspace   ] GC(298) Metaspace: 28994K(29376K)->28994K(29376K) NonClass: 24110K(24256K)->24110K(24256K) Class: 4884K(5120K)->4884K(5120K)
[1925.262s][info][gc             ] GC(298) Pause Young (Concurrent Start) (G1 Evacuation Pause) 3557M->1379M(4096M) 115.714ms
[1925.262s][info][gc             ] GC(299) Concurrent Mark Cycle
[1925.262s][info][gc,marking     ] GC(299) Concurrent Scan Root Regions
[1925.262s][info][gc,cpu         ] GC(298) User=0.69s Sys=0.00s Real=0.11s
.[1925.399s][info][gc,marking     ] GC(299) Concurrent Scan Root Regions 136.703ms
[1925.399s][info][gc,marking     ] GC(299) Concurrent Mark
[1925.399s][info][gc,marking     ] GC(299) Concurrent Mark From Roots
[1925.399s][info][gc,task        ] GC(299) Using 2 workers of 2 for marking
[1926.009s][info][gc,marking     ] GC(299) Concurrent Mark From Roots 609.552ms
[1926.009s][info][gc,marking     ] GC(299) Concurrent Preclean
[1926.009s][info][gc,marking     ] GC(299) Concurrent Preclean 0.077ms
[1926.009s][info][gc,start       ] GC(299) Pause Remark
[1926.012s][info][gc             ] GC(299) Pause Remark 1662M->1662M(4096M) 3.497ms
[1926.012s][info][gc,cpu         ] GC(299) User=0.02s Sys=0.00s Real=0.01s
[1926.013s][info][gc,marking     ] GC(299) Concurrent Mark 613.395ms
[1926.013s][info][gc,marking     ] GC(299) Concurrent Rebuild Remembered Sets and Scrub Regions
[1926.256s][info][gc,marking     ] GC(299) Concurrent Rebuild Remembered Sets and Scrub Regions 243.934ms
[1926.257s][info][gc,start       ] GC(299) Pause Cleanup
[1926.257s][info][gc             ] GC(299) Pause Cleanup 1768M->1768M(4096M) 0.737ms
[1926.257s][info][gc,cpu         ] GC(299) User=0.00s Sys=0.00s Real=0.00s
[1926.257s][info][gc,marking     ] GC(299) Concurrent Clear Claimed Marks
[1926.257s][info][gc,marking     ] GC(299) Concurrent Clear Claimed Marks 0.033ms
[1926.257s][info][gc,marking     ] GC(299) Concurrent Cleanup for Next Mark
[1926.261s][info][gc,marking     ] GC(299) Concurrent Cleanup for Next Mark 3.251ms
[1926.261s][info][gc             ] GC(299) Concurrent Mark Cycle 998.388ms
...|...[1931.610s][info][gc,start       ] GC(300) Pause Young (Prepare Mixed) (G1 Evacuation Pause)
[1931.610s][info][gc,task        ] GC(300) Using 6 workers of 6 for evacuation
[1931.726s][info][gc,phases      ] GC(300)   Pre Evacuate Collection Set: 0.34ms
[1931.726s][info][gc,phases      ] GC(300)   Merge Heap Roots: 0.53ms
[1931.726s][info][gc,phases      ] GC(300)   Evacuate Collection Set: 114.83ms
[1931.726s][info][gc,phases      ] GC(300)   Post Evacuate Collection Set: 0.94ms
[1931.726s][info][gc,phases      ] GC(300)   Other: 0.09ms
[1931.726s][info][gc,heap        ] GC(300) Eden regions: 1120->0(1112)
[1931.726s][info][gc,heap        ] GC(300) Survivor regions: 108->109(154)
[1931.726s][info][gc,heap        ] GC(300) Old regions: 503->535
[1931.726s][info][gc,heap        ] GC(300) Humongous regions: 80->80
[1931.726s][info][gc,metaspace   ] GC(300) Metaspace: 28994K(29376K)->28994K(29376K) NonClass: 24110K(24256K)->24110K(24256K) Class: 4884K(5120K)->4884K(5120K)
[1931.726s][info][gc             ] GC(300) Pause Young (Prepare Mixed) (G1 Evacuation Pause) 3619M->1445M(4096M) 116.865ms
[1931.726s][info][gc,cpu         ] GC(300) User=0.70s Sys=0.00s Real=0.12s
......[1938.079s][info][gc,start       ] GC(301) Pause Young (Mixed) (G1 Evacuation Pause)
[1938.079s][info][gc,task        ] GC(301) Using 6 workers of 6 for evacuation
[1938.215s][info][gc,phases      ] GC(301)   Pre Evacuate Collection Set: 0.40ms
[1938.215s][info][gc,phases      ] GC(301)   Merge Heap Roots: 0.83ms
[1938.215s][info][gc,phases      ] GC(301)   Evacuate Collection Set: 133.18ms
[1938.215s][info][gc,phases      ] GC(301)   Post Evacuate Collection Set: 0.98ms
[1938.215s][info][gc,phases      ] GC(301)   Other: 0.10ms
[1938.215s][info][gc,heap        ] GC(301) Eden regions: 1112->0(1119)
[1938.215s][info][gc,heap        ] GC(301) Survivor regions: 109->109(153)
[1938.215s][info][gc,heap        ] GC(301) Old regions: 535->471
[1938.215s][info][gc,heap        ] GC(301) Humongous regions: 80->80
[1938.215s][info][gc,metaspace   ] GC(301) Metaspace: 28994K(29376K)->28994K(29376K) NonClass: 24110K(24256K)->24110K(24256K) Class: 4884K(5120K)->4884K(5120K)
[1938.215s][info][gc             ] GC(301) Pause Young (Mixed) (G1 Evacuation Pause) 3669M->1318M(4096M) 135.634ms
[1938.215s][info][gc,cpu         ] GC(301) User=0.80s Sys=0.00s Real=0.14s
.......[1944.701s][info][gc,start       ] GC(302) Pause Young (Concurrent Start) (G1 Evacuation Pause)
[1944.701s][info][gc,task        ] GC(302) Using 6 workers of 6 for evacuation
[1944.821s][info][gc,phases      ] GC(302)   Pre Evacuate Collection Set: 0.42ms
[1944.821s][info][gc,phases      ] GC(302)   Merge Heap Roots: 0.53ms
[1944.821s][info][gc,phases      ] GC(302)   Evacuate Collection Set: 117.48ms
[1944.821s][info][gc,phases      ] GC(302)   Post Evacuate Collection Set: 0.91ms
[1944.821s][info][gc,phases      ] GC(302)   Other: 0.13ms
[1944.821s][info][gc,heap        ] GC(302) Eden regions: 1119->0(1117)
[1944.821s][info][gc,heap        ] GC(302) Survivor regions: 109->111(154)
[1944.821s][info][gc,heap        ] GC(302) Old regions: 471->503
[1944.821s][info][gc,heap        ] GC(302) Humongous regions: 80->80
[1944.821s][info][gc,metaspace   ] GC(302) Metaspace: 28994K(29376K)->28994K(29376K) NonClass: 24110K(24256K)->24110K(24256K) Class: 4884K(5120K)->4884K(5120K)
[1944.821s][info][gc             ] GC(302) Pause Young (Concurrent Start) (G1 Evacuation Pause) 3556M->1386M(4096M) 119.593ms
[1944.821s][info][gc             ] GC(303) Concurrent Mark Cycle
[1944.821s][info][gc,marking     ] GC(303) Concurrent Scan Root Regions
[1944.821s][info][gc,cpu         ] GC(302) User=0.71s Sys=0.00s Real=0.12s
[1944.962s][info][gc,marking     ] GC(303) Concurrent Scan Root Regions 141.786ms
[1944.963s][info][gc,marking     ] GC(303) Concurrent Mark
[1944.963s][info][gc,marking     ] GC(303) Concurrent Mark From Roots
[1944.963s][info][gc,task        ] GC(303) Using 2 workers of 2 for marking
.[1945.565s][info][gc,marking     ] GC(303) Concurrent Mark From Roots 602.780ms
[1945.565s][info][gc,marking     ] GC(303) Concurrent Preclean
[1945.565s][info][gc,marking     ] GC(303) Concurrent Preclean 0.055ms
[1945.566s][info][gc,start       ] GC(303) Pause Remark
[1945.569s][info][gc             ] GC(303) Pause Remark 1674M->1674M(4096M) 3.595ms
[1945.569s][info][gc,cpu         ] GC(303) User=0.02s Sys=0.00s Real=0.00s
[1945.569s][info][gc,marking     ] GC(303) Concurrent Mark 606.676ms
[1945.569s][info][gc,marking     ] GC(303) Concurrent Rebuild Remembered Sets and Scrub Regions
[1945.798s][info][gc,marking     ] GC(303) Concurrent Rebuild Remembered Sets and Scrub Regions 229.245ms
[1945.799s][info][gc,start       ] GC(303) Pause Cleanup
[1945.799s][info][gc             ] GC(303) Pause Cleanup 1740M->1740M(4096M) 0.133ms
[1945.799s][info][gc,cpu         ] GC(303) User=0.00s Sys=0.00s Real=0.00s
[1945.799s][info][gc,marking     ] GC(303) Concurrent Clear Claimed Marks
[1945.799s][info][gc,marking     ] GC(303) Concurrent Clear Claimed Marks 0.028ms
[1945.799s][info][gc,marking     ] GC(303) Concurrent Cleanup for Next Mark
[1945.802s][info][gc,marking     ] GC(303) Concurrent Cleanup for Next Mark 3.198ms
[1945.802s][info][gc             ] GC(303) Concurrent Mark Cycle 981.394ms
.....[1951.194s][info][gc,start       ] GC(304) Pause Young (Prepare Mixed) (G1 Evacuation Pause)
[1951.194s][info][gc,task        ] GC(304) Using 6 workers of 6 for evacuation
[1951.311s][info][gc,phases      ] GC(304)   Pre Evacuate Collection Set: 0.37ms
[1951.311s][info][gc,phases      ] GC(304)   Merge Heap Roots: 0.54ms
[1951.311s][info][gc,phases      ] GC(304)   Evacuate Collection Set: 115.01ms
[1951.311s][info][gc,phases      ] GC(304)   Post Evacuate Collection Set: 0.93ms
[1951.311s][info][gc,phases      ] GC(304)   Other: 0.08ms
[1951.311s][info][gc,heap        ] GC(304) Eden regions: 1117->0(1115)
[1951.311s][info][gc,heap        ] GC(304) Survivor regions: 111->108(154)
[1951.311s][info][gc,heap        ] GC(304) Old regions: 503->534
[1951.311s][info][gc,heap        ] GC(304) Humongous regions: 80->80
[1951.311s][info][gc,metaspace   ] GC(304) Metaspace: 28994K(29376K)->28994K(29376K) NonClass: 24110K(24256K)->24110K(24256K) Class: 4884K(5120K)->4884K(5120K)
[1951.311s][info][gc             ] GC(304) Pause Young (Prepare Mixed) (G1 Evacuation Pause) 3620M->1443M(4096M) 117.077ms
[1951.311s][info][gc,cpu         ] GC(304) User=0.70s Sys=0.00s Real=0.11s
.......[1957.819s][info][gc,start       ] GC(305) Pause Young (Mixed) (G1 Evacuation Pause)
[1957.819s][info][gc,task        ] GC(305) Using 6 workers of 6 for evacuation
[1957.952s][info][gc,phases      ] GC(305)   Pre Evacuate Collection Set: 0.37ms
[1957.952s][info][gc,phases      ] GC(305)   Merge Heap Roots: 0.72ms
[1957.952s][info][gc,phases      ] GC(305)   Evacuate Collection Set: 130.92ms
[1957.952s][info][gc,phases      ] GC(305)   Post Evacuate Collection Set: 0.99ms
[1957.952s][info][gc,phases      ] GC(305)   Other: 0.09ms
[1957.952s][info][gc,heap        ] GC(305) Eden regions: 1115->0(1117)
[1957.952s][info][gc,heap        ] GC(305) Survivor regions: 108->111(153)
[1957.952s][info][gc,heap        ] GC(305) Old regions: 534->470
[1957.952s][info][gc,heap        ] GC(305) Humongous regions: 80->80
[1957.952s][info][gc,metaspace   ] GC(305) Metaspace: 28994K(29376K)->28994K(29376K) NonClass: 24110K(24256K)->24110K(24256K) Class: 4884K(5120K)->4884K(5120K)
[1957.952s][info][gc             ] GC(305) Pause Young (Mixed) (G1 Evacuation Pause) 3673M->1319M(4096M) 133.222ms
[1957.952s][info][gc,cpu         ] GC(305) User=0.79s Sys=0.00s Real=0.13s
.......[1964.340s][info][gc,start       ] GC(306) Pause Young (Concurrent Start) (G1 Evacuation Pause)
[1964.340s][info][gc,task        ] GC(306) Using 6 workers of 6 for evacuation
[1964.457s][info][gc,phases      ] GC(306)   Pre Evacuate Collection Set: 0.40ms
[1964.457s][info][gc,phases      ] GC(306)   Merge Heap Roots: 0.50ms
[1964.457s][info][gc,phases      ] GC(306)   Evacuate Collection Set: 115.00ms
[1964.457s][info][gc,phases      ] GC(306)   Post Evacuate Collection Set: 0.91ms
[1964.457s][info][gc,phases      ] GC(306)   Other: 0.11ms
[1964.457s][info][gc,heap        ] GC(306) Eden regions: 1117->0(1120)
[1964.457s][info][gc,heap        ] GC(306) Survivor regions: 111->108(154)
[1964.457s][info][gc,heap        ] GC(306) Old regions: 470->502
[1964.457s][info][gc,heap        ] GC(306) Humongous regions: 80->80
[1964.457s][info][gc,metaspace   ] GC(306) Metaspace: 28994K(29376K)->28994K(29376K) NonClass: 24110K(24256K)->24110K(24256K) Class: 4884K(5120K)->4884K(5120K)
[1964.457s][info][gc             ] GC(306) Pause Young (Concurrent Start) (G1 Evacuation Pause) 3553M->1379M(4096M) 117.047ms
[1964.457s][info][gc             ] GC(307) Concurrent Mark Cycle
[1964.457s][info][gc,marking     ] GC(307) Concurrent Scan Root Regions
[1964.457s][info][gc,cpu         ] GC(306) User=0.70s Sys=0.00s Real=0.12s
[1964.630s][info][gc,marking     ] GC(307) Concurrent Scan Root Regions 172.802ms
[1964.630s][info][gc,marking     ] GC(307) Concurrent Mark
[1964.630s][info][gc,marking     ] GC(307) Concurrent Mark From Roots
[1964.630s][info][gc,task        ] GC(307) Using 2 workers of 2 for marking
.[1965.538s][info][gc,marking     ] GC(307) Concurrent Mark From Roots 908.123ms
[1965.538s][info][gc,marking     ] GC(307) Concurrent Preclean
[1965.538s][info][gc,marking     ] GC(307) Concurrent Preclean 0.091ms
[1965.539s][info][gc,start       ] GC(307) Pause Remark
[1965.543s][info][gc             ] GC(307) Pause Remark 1797M->1797M(4096M) 3.761ms
[1965.543s][info][gc,cpu         ] GC(307) User=0.02s Sys=0.01s Real=0.01s
[1965.543s][info][gc,marking     ] GC(307) Concurrent Mark 913.118ms
[1965.543s][info][gc,marking     ] GC(307) Concurrent Rebuild Remembered Sets and Scrub Regions
[1965.794s][info][gc,marking     ] GC(307) Concurrent Rebuild Remembered Sets and Scrub Regions 251.641ms
[1965.795s][info][gc,start       ] GC(307) Pause Cleanup
[1965.795s][info][gc             ] GC(307) Pause Cleanup 1894M->1894M(4096M) 0.111ms
[1965.795s][info][gc,cpu         ] GC(307) User=0.00s Sys=0.00s Real=0.00s
[1965.795s][info][gc,marking     ] GC(307) Concurrent Clear Claimed Marks
[1965.795s][info][gc,marking     ] GC(307) Concurrent Clear Claimed Marks 0.026ms
[1965.795s][info][gc,marking     ] GC(307) Concurrent Cleanup for Next Mark
[1965.798s][info][gc,marking     ] GC(307) Concurrent Cleanup for Next Mark 3.210ms
[1965.798s][info][gc             ] GC(307) Concurrent Mark Cycle 1341.234ms
.....[1970.934s][info][gc,start       ] GC(308) Pause Young (Prepare Mixed) (G1 Evacuation Pause)
[1970.934s][info][gc,task        ] GC(308) Using 6 workers of 6 for evacuation
[1971.050s][info][gc,phases      ] GC(308)   Pre Evacuate Collection Set: 0.35ms
[1971.050s][info][gc,phases      ] GC(308)   Merge Heap Roots: 0.54ms
[1971.050s][info][gc,phases      ] GC(308)   Evacuate Collection Set: 114.33ms
[1971.050s][info][gc,phases      ] GC(308)   Post Evacuate Collection Set: 0.93ms
[1971.050s][info][gc,phases      ] GC(308)   Other: 0.09ms
[1971.050s][info][gc,heap        ] GC(308) Eden regions: 1120->0(1114)
[1971.050s][info][gc,heap        ] GC(308) Survivor regions: 108->109(154)
[1971.050s][info][gc,heap        ] GC(308) Old regions: 502->533
[1971.050s][info][gc,heap        ] GC(308) Humongous regions: 80->80
[1971.050s][info][gc,metaspace   ] GC(308) Metaspace: 28994K(29376K)->28994K(29376K) NonClass: 24110K(24256K)->24110K(24256K) Class: 4884K(5120K)->4884K(5120K)
[1971.050s][info][gc             ] GC(308) Pause Young (Prepare Mixed) (G1 Evacuation Pause) 3619M->1442M(4096M) 116.364ms
[1971.050s][info][gc,cpu         ] GC(308) User=0.70s Sys=0.00s Real=0.11s
.......[1977.459s][info][gc,start       ] GC(309) Pause Young (Mixed) (G1 Evacuation Pause)
[1977.459s][info][gc,task        ] GC(309) Using 6 workers of 6 for evacuation
[1977.592s][info][gc,phases      ] GC(309)   Pre Evacuate Collection Set: 0.41ms
[1977.592s][info][gc,phases      ] GC(309)   Merge Heap Roots: 0.73ms
[1977.592s][info][gc,phases      ] GC(309)   Evacuate Collection Set: 131.03ms
[1977.592s][info][gc,phases      ] GC(309)   Post Evacuate Collection Set: 0.96ms
[1977.592s][info][gc,phases      ] GC(309)   Other: 0.09ms
[1977.592s][info][gc,heap        ] GC(309) Eden regions: 1114->0(1119)
[1977.592s][info][gc,heap        ] GC(309) Survivor regions: 109->109(153)
[1977.592s][info][gc,heap        ] GC(309) Old regions: 533->469
[1977.592s][info][gc,heap        ] GC(309) Humongous regions: 80->80
[1977.592s][info][gc,metaspace   ] GC(309) Metaspace: 28994K(29376K)->28994K(29376K) NonClass: 24110K(24256K)->24110K(24256K) Class: 4884K(5120K)->4884K(5120K)
[1977.592s][info][gc             ] GC(309) Pause Young (Mixed) (G1 Evacuation Pause) 3670M->1314M(4096M) 133.330ms
[1977.592s][info][gc,cpu         ] GC(309) User=0.80s Sys=0.00s Real=0.13s
......[1984.060s][info][gc,start       ] GC(310) Pause Young (Concurrent Start) (G1 Evacuation Pause)
[1984.060s][info][gc,task        ] GC(310) Using 6 workers of 6 for evacuation
[1984.178s][info][gc,phases      ] GC(310)   Pre Evacuate Collection Set: 0.39ms
[1984.178s][info][gc,phases      ] GC(310)   Merge Heap Roots: 0.52ms
[1984.178s][info][gc,phases      ] GC(310)   Evacuate Collection Set: 115.43ms
[1984.178s][info][gc,phases      ] GC(310)   Post Evacuate Collection Set: 0.91ms
[1984.178s][info][gc,phases      ] GC(310)   Other: 0.10ms
[1984.178s][info][gc,heap        ] GC(310) Eden regions: 1119->0(1120)
[1984.178s][info][gc,heap        ] GC(310) Survivor regions: 109->108(154)
[1984.178s][info][gc,heap        ] GC(310) Old regions: 469->500
[1984.178s][info][gc,heap        ] GC(310) Humongous regions: 80->80
[1984.178s][info][gc,metaspace   ] GC(310) Metaspace: 28994K(29376K)->28994K(29376K) NonClass: 24110K(24256K)->24110K(24256K) Class: 4884K(5120K)->4884K(5120K)
[1984.178s][info][gc             ] GC(310) Pause Young (Concurrent Start) (G1 Evacuation Pause) 3552M->1375M(4096M) 117.484ms
[1984.178s][info][gc             ] GC(311) Concurrent Mark Cycle
[1984.178s][info][gc,marking     ] GC(311) Concurrent Scan Root Regions
[1984.178s][info][gc,cpu         ] GC(310) User=0.70s Sys=0.00s Real=0.12s
.[1984.343s][info][gc,marking     ] GC(311) Concurrent Scan Root Regions 165.462ms
[1984.343s][info][gc,marking     ] GC(311) Concurrent Mark
[1984.343s][info][gc,marking     ] GC(311) Concurrent Mark From Roots
[1984.343s][info][gc,task        ] GC(311) Using 2 workers of 2 for marking
[1984.953s][info][gc,marking     ] GC(311) Concurrent Mark From Roots 609.252ms
[1984.953s][info][gc,marking     ] GC(311) Concurrent Preclean
[1984.953s][info][gc,marking     ] GC(311) Concurrent Preclean 0.045ms
[1984.953s][info][gc,start       ] GC(311) Pause Remark
[1984.956s][info][gc             ] GC(311) Pause Remark 1702M->1702M(4096M) 3.410ms
[1984.956s][info][gc,cpu         ] GC(311) User=0.02s Sys=0.00s Real=0.00s
[1984.956s][info][gc,marking     ] GC(311) Concurrent Mark 612.980ms
[1984.956s][info][gc,marking     ] GC(311) Concurrent Rebuild Remembered Sets and Scrub Regions
[1985.202s][info][gc,marking     ] GC(311) Concurrent Rebuild Remembered Sets and Scrub Regions 245.531ms
[1985.202s][info][gc,start       ] GC(311) Pause Cleanup
[1985.202s][info][gc             ] GC(311) Pause Cleanup 1798M->1798M(4096M) 0.123ms
[1985.202s][info][gc,cpu         ] GC(311) User=0.00s Sys=0.00s Real=0.00s
[1985.202s][info][gc,marking     ] GC(311) Concurrent Clear Claimed Marks
[1985.202s][info][gc,marking     ] GC(311) Concurrent Clear Claimed Marks 0.026ms
[1985.202s][info][gc,marking     ] GC(311) Concurrent Cleanup for Next Mark
[1985.206s][info][gc,marking     ] GC(311) Concurrent Cleanup for Next Mark 3.595ms
[1985.206s][info][gc             ] GC(311) Concurrent Mark Cycle 1028.032ms
.... (rIR:aIR:PR = 2906:2905:2905) (tPR = 43188) [OK] 
  1988s: Performance info:
         Transaction,    Success,    Partial,     Failed,   Receipts, AvgBarcode, 
             Overall,     174510,          0,          0,     165791,      59.48, 
         Response times:
             Request,    Success,    Partial,     Failed,   SkipFail,     Probes,    Samples,      min,      p50,      p90,      p95,      p99,      max, 
       TotalPurchase,     165791,          0,          0,          0,     162604,     182106,      300,     2400,     3800,     4600,    22000,   207000,
     InStorePurchase,      87192,          0,          0,          0,      85706,      95915,      300,     2400,     3800,     4700,    22000,   143000,
      OnlinePurchase,      61165,          0,          0,          0,      60070,      67121,      300,     2200,     3700,     4500,    19700,   207000,
        InstPurchase,      17434,          0,          0,          0,      16828,      19070,      400,     2600,     3900,     4700,    25000,   138000,
          AssocOfCat,        174,          0,          0,          0,        123,        182,    19600,    28000,    39700,    45000,    64680,    68000,
      AssocOfProduct,       1743,          0,          0,          0,       1571,       1893,      800,     3100,     4300,     5230,    29060,   137000,
      BusinessReport,        433,          0,          0,          0,        371,        504,    21000,    30000,    41000,    49000,    85600,   184000,
          CustBuyBeh,       1740,          0,          0,          0,       1530,       1814,      200,     2300,     3900,     4925,    17900,    49000,
       ProductReturn,       4629,          0,          0,          0,       4347,       5116,      200,     1800,     3700,     4500,    16800,   138000,

  1988s: (22%)   IR =   3044 ..[1990.498s][info][gc,start       ] GC(312) Pause Young (Prepare Mixed) (G1 Evacuation Pause)
[1990.498s][info][gc,task        ] GC(312) Using 6 workers of 6 for evacuation
[1990.616s][info][gc,phases      ] GC(312)   Pre Evacuate Collection Set: 0.36ms
[1990.616s][info][gc,phases      ] GC(312)   Merge Heap Roots: 0.61ms
[1990.616s][info][gc,phases      ] GC(312)   Evacuate Collection Set: 115.98ms
[1990.616s][info][gc,phases      ] GC(312)   Post Evacuate Collection Set: 0.96ms
[1990.616s][info][gc,phases      ] GC(312)   Other: 0.09ms
[1990.616s][info][gc,heap        ] GC(312) Eden regions: 1120->0(1115)
[1990.616s][info][gc,heap        ] GC(312) Survivor regions: 108->109(154)
[1990.616s][info][gc,heap        ] GC(312) Old regions: 500->532
[1990.616s][info][gc,heap        ] GC(312) Humongous regions: 80->80
[1990.616s][info][gc,metaspace   ] GC(312) Metaspace: 28994K(29376K)->28994K(29376K) NonClass: 24110K(24256K)->24110K(24256K) Class: 4884K(5120K)->4884K(5120K)
[1990.616s][info][gc             ] GC(312) Pause Young (Prepare Mixed) (G1 Evacuation Pause) 3615M->1441M(4096M) 118.136ms
[1990.616s][info][gc,cpu         ] GC(312) User=0.71s Sys=0.00s Real=0.12s
...|...[1996.745s][info][gc,start       ] GC(313) Pause Young (Mixed) (G1 Evacuation Pause)
[1996.745s][info][gc,task        ] GC(313) Using 6 workers of 6 for evacuation
[1996.879s][info][gc,phases      ] GC(313)   Pre Evacuate Collection Set: 0.39ms
[1996.879s][info][gc,phases      ] GC(313)   Merge Heap Roots: 0.72ms
[1996.879s][info][gc,phases      ] GC(313)   Evacuate Collection Set: 131.08ms
[1996.879s][info][gc,phases      ] GC(313)   Post Evacuate Collection Set: 0.95ms
[1996.879s][info][gc,phases      ] GC(313)   Other: 0.09ms
[1996.879s][info][gc,heap        ] GC(313) Eden regions: 1115->0(1118)
[1996.879s][info][gc,heap        ] GC(313) Survivor regions: 109->110(153)
[1996.879s][info][gc,heap        ] GC(313) Old regions: 532->469
[1996.879s][info][gc,heap        ] GC(313) Humongous regions: 80->80
[1996.879s][info][gc,metaspace   ] GC(313) Metaspace: 28994K(29376K)->28994K(29376K) NonClass: 24110K(24256K)->24110K(24256K) Class: 4884K(5120K)->4884K(5120K)
[1996.879s][info][gc             ] GC(313) Pause Young (Mixed) (G1 Evacuation Pause) 3671M->1316M(4096M) 133.378ms
[1996.879s][info][gc,cpu         ] GC(313) User=0.79s Sys=0.00s Real=0.13s
......[2002.951s][info][gc,start       ] GC(314) Pause Young (Concurrent Start) (G1 Evacuation Pause)
[2002.951s][info][gc,task        ] GC(314) Using 6 workers of 6 for evacuation
[2003.066s][info][gc,phases      ] GC(314)   Pre Evacuate Collection Set: 0.39ms
[2003.066s][info][gc,phases      ] GC(314)   Merge Heap Roots: 0.51ms
[2003.066s][info][gc,phases      ] GC(314)   Evacuate Collection Set: 113.24ms
[2003.066s][info][gc,phases      ] GC(314)   Post Evacuate Collection Set: 0.93ms
[2003.066s][info][gc,phases      ] GC(314)   Other: 0.10ms
[2003.066s][info][gc,heap        ] GC(314) Eden regions: 1118->0(1120)
[2003.066s][info][gc,heap        ] GC(314) Survivor regions: 110->108(154)
[2003.066s][info][gc,heap        ] GC(314) Old regions: 469->501
[2003.066s][info][gc,heap        ] GC(314) Humongous regions: 80->80
[2003.066s][info][gc,metaspace   ] GC(314) Metaspace: 28994K(29376K)->28994K(29376K) NonClass: 24110K(24256K)->24110K(24256K) Class: 4884K(5120K)->4884K(5120K)
[2003.066s][info][gc             ] GC(314) Pause Young (Concurrent Start) (G1 Evacuation Pause) 3552M->1376M(4096M) 115.320ms
[2003.066s][info][gc             ] GC(315) Concurrent Mark Cycle
[2003.066s][info][gc,marking     ] GC(315) Concurrent Scan Root Regions
[2003.066s][info][gc,cpu         ] GC(314) User=0.68s Sys=0.00s Real=0.12s
[2003.190s][info][gc,marking     ] GC(315) Concurrent Scan Root Regions 123.749ms
[2003.190s][info][gc,marking     ] GC(315) Concurrent Mark
[2003.190s][info][gc,marking     ] GC(315) Concurrent Mark From Roots
[2003.190s][info][gc,task        ] GC(315) Using 2 workers of 2 for marking
.[2003.773s][info][gc,marking     ] GC(315) Concurrent Mark From Roots 583.361ms
[2003.774s][info][gc,marking     ] GC(315) Concurrent Preclean
[2003.774s][info][gc,marking     ] GC(315) Concurrent Preclean 0.063ms
[2003.774s][info][gc,start       ] GC(315) Pause Remark
[2003.778s][info][gc             ] GC(315) Pause Remark 1668M->1668M(4096M) 3.303ms
[2003.778s][info][gc,cpu         ] GC(315) User=0.02s Sys=0.00s Real=0.00s
[2003.778s][info][gc,marking     ] GC(315) Concurrent Mark 587.579ms
[2003.778s][info][gc,marking     ] GC(315) Concurrent Rebuild Remembered Sets and Scrub Regions
[2004.053s][info][gc,marking     ] GC(315) Concurrent Rebuild Remembered Sets and Scrub Regions 275.392ms
[2004.053s][info][gc,start       ] GC(315) Pause Cleanup
[2004.053s][info][gc             ] GC(315) Pause Cleanup 1769M->1769M(4096M) 0.116ms
[2004.053s][info][gc,cpu         ] GC(315) User=0.00s Sys=0.00s Real=0.00s
[2004.053s][info][gc,marking     ] GC(315) Concurrent Clear Claimed Marks
[2004.053s][info][gc,marking     ] GC(315) Concurrent Clear Claimed Marks 0.030ms
[2004.053s][info][gc,marking     ] GC(315) Concurrent Cleanup for Next Mark
[2004.058s][info][gc,marking     ] GC(315) Concurrent Cleanup for Next Mark 4.340ms
[2004.058s][info][gc             ] GC(315) Concurrent Mark Cycle 991.562ms
.....[2009.196s][info][gc,start       ] GC(316) Pause Young (Prepare Mixed) (G1 Evacuation Pause)
[2009.196s][info][gc,task        ] GC(316) Using 6 workers of 6 for evacuation
[2009.312s][info][gc,phases      ] GC(316)   Pre Evacuate Collection Set: 0.35ms
[2009.313s][info][gc,phases      ] GC(316)   Merge Heap Roots: 0.57ms
[2009.313s][info][gc,phases      ] GC(316)   Evacuate Collection Set: 114.17ms
[2009.313s][info][gc,phases      ] GC(316)   Post Evacuate Collection Set: 0.96ms
[2009.313s][info][gc,phases      ] GC(316)   Other: 0.10ms
[2009.313s][info][gc,heap        ] GC(316) Eden regions: 1120->0(1117)
[2009.313s][info][gc,heap        ] GC(316) Survivor regions: 108->108(154)
[2009.313s][info][gc,heap        ] GC(316) Old regions: 501->532
[2009.313s][info][gc,heap        ] GC(316) Humongous regions: 80->80
[2009.313s][info][gc,metaspace   ] GC(316) Metaspace: 28994K(29376K)->28994K(29376K) NonClass: 24110K(24256K)->24110K(24256K) Class: 4884K(5120K)->4884K(5120K)
[2009.313s][info][gc             ] GC(316) Pause Young (Prepare Mixed) (G1 Evacuation Pause) 3616M->1438M(4096M) 116.260ms
[2009.313s][info][gc,cpu         ] GC(316) User=0.69s Sys=0.00s Real=0.12s
.......[2015.399s][info][gc,start       ] GC(317) Pause Young (Mixed) (G1 Evacuation Pause)
[2015.399s][info][gc,task        ] GC(317) Using 6 workers of 6 for evacuation
[2015.533s][info][gc,phases      ] GC(317)   Pre Evacuate Collection Set: 0.38ms
[2015.533s][info][gc,phases      ] GC(317)   Merge Heap Roots: 0.77ms
[2015.533s][info][gc,phases      ] GC(317)   Evacuate Collection Set: 132.49ms
[2015.533s][info][gc,phases      ] GC(317)   Post Evacuate Collection Set: 0.94ms
[2015.533s][info][gc,phases      ] GC(317)   Other: 0.09ms
[2015.533s][info][gc,heap        ] GC(317) Eden regions: 1117->0(1119)
[2015.533s][info][gc,heap        ] GC(317) Survivor regions: 108->109(154)
[2015.533s][info][gc,heap        ] GC(317) Old regions: 532->470
[2015.533s][info][gc,heap        ] GC(317) Humongous regions: 80->80
[2015.533s][info][gc,metaspace   ] GC(317) Metaspace: 28994K(29376K)->28994K(29376K) NonClass: 24110K(24256K)->24110K(24256K) Class: 4884K(5120K)->4884K(5120K)
[2015.533s][info][gc             ] GC(317) Pause Young (Mixed) (G1 Evacuation Pause) 3672M->1315M(4096M) 134.803ms
[2015.533s][info][gc,cpu         ] GC(317) User=0.80s Sys=0.00s Real=0.14s
......[2021.643s][info][gc,start       ] GC(318) Pause Young (Concurrent Start) (G1 Evacuation Pause)
[2021.643s][info][gc,task        ] GC(318) Using 6 workers of 6 for evacuation
[2021.760s][info][gc,phases      ] GC(318)   Pre Evacuate Collection Set: 0.41ms
[2021.760s][info][gc,phases      ] GC(318)   Merge Heap Roots: 0.50ms
[2021.760s][info][gc,phases      ] GC(318)   Evacuate Collection Set: 115.18ms
[2021.760s][info][gc,phases      ] GC(318)   Post Evacuate Collection Set: 0.90ms
[2021.761s][info][gc,phases      ] GC(318)   Other: 0.11ms
[2021.761s][info][gc,heap        ] GC(318) Eden regions: 1119->0(1119)
[2021.761s][info][gc,heap        ] GC(318) Survivor regions: 109->109(154)
[2021.761s][info][gc,heap        ] GC(318) Old regions: 470->502
[2021.761s][info][gc,heap        ] GC(318) Humongous regions: 80->80
[2021.761s][info][gc,metaspace   ] GC(318) Metaspace: 28994K(29376K)->28994K(29376K) NonClass: 24110K(24256K)->24110K(24256K) Class: 4884K(5120K)->4884K(5120K)
[2021.761s][info][gc             ] GC(318) Pause Young (Concurrent Start) (G1 Evacuation Pause) 3553M->1381M(4096M) 117.263ms
[2021.761s][info][gc             ] GC(319) Concurrent Mark Cycle
[2021.761s][info][gc,marking     ] GC(319) Concurrent Scan Root Regions
[2021.761s][info][gc,cpu         ] GC(318) User=0.70s Sys=0.00s Real=0.11s
[2021.888s][info][gc,marking     ] GC(319) Concurrent Scan Root Regions 127.701ms
[2021.888s][info][gc,marking     ] GC(319) Concurrent Mark
[2021.888s][info][gc,marking     ] GC(319) Concurrent Mark From Roots
[2021.888s][info][gc,task        ] GC(319) Using 2 workers of 2 for marking
.[2022.797s][info][gc,marking     ] GC(319) Concurrent Mark From Roots 908.826ms
[2022.797s][info][gc,marking     ] GC(319) Concurrent Preclean
[2022.797s][info][gc,marking     ] GC(319) Concurrent Preclean 0.042ms
[2022.797s][info][gc,start       ] GC(319) Pause Remark
[2022.801s][info][gc             ] GC(319) Pause Remark 1788M->1788M(4096M) 3.887ms
[2022.801s][info][gc,cpu         ] GC(319) User=0.02s Sys=0.00s Real=0.00s
[2022.801s][info][gc,marking     ] GC(319) Concurrent Mark 913.013ms
[2022.801s][info][gc,marking     ] GC(319) Concurrent Rebuild Remembered Sets and Scrub Regions
[2023.042s][info][gc,marking     ] GC(319) Concurrent Rebuild Remembered Sets and Scrub Regions 240.966ms
[2023.042s][info][gc,start       ] GC(319) Pause Cleanup
[2023.043s][info][gc             ] GC(319) Pause Cleanup 1859M->1859M(4096M) 0.113ms
[2023.043s][info][gc,cpu         ] GC(319) User=0.00s Sys=0.00s Real=0.00s
[2023.043s][info][gc,marking     ] GC(319) Concurrent Clear Claimed Marks
[2023.043s][info][gc,marking     ] GC(319) Concurrent Clear Claimed Marks 0.030ms
[2023.043s][info][gc,marking     ] GC(319) Concurrent Cleanup for Next Mark
[2023.046s][info][gc,marking     ] GC(319) Concurrent Cleanup for Next Mark 3.346ms
[2023.046s][info][gc             ] GC(319) Concurrent Mark Cycle 1285.492ms
.....[2027.922s][info][gc,start       ] GC(320) Pause Young (Prepare Mixed) (G1 Evacuation Pause)
[2027.922s][info][gc,task        ] GC(320) Using 6 workers of 6 for evacuation
[2028.042s][info][gc,phases      ] GC(320)   Pre Evacuate Collection Set: 0.35ms
[2028.042s][info][gc,phases      ] GC(320)   Merge Heap Roots: 0.56ms
[2028.043s][info][gc,phases      ] GC(320)   Evacuate Collection Set: 118.36ms
[2028.043s][info][gc,phases      ] GC(320)   Post Evacuate Collection Set: 0.93ms
[2028.043s][info][gc,phases      ] GC(320)   Other: 0.09ms
[2028.043s][info][gc,heap        ] GC(320) Eden regions: 1119->0(1111)
[2028.043s][info][gc,heap        ] GC(320) Survivor regions: 109->110(154)
[2028.043s][info][gc,heap        ] GC(320) Old regions: 502->534
[2028.043s][info][gc,heap        ] GC(320) Humongous regions: 80->80
[2028.043s][info][gc,metaspace   ] GC(320) Metaspace: 28994K(29376K)->28994K(29376K) NonClass: 24110K(24256K)->24110K(24256K) Class: 4884K(5120K)->4884K(5120K)
[2028.043s][info][gc             ] GC(320) Pause Young (Prepare Mixed) (G1 Evacuation Pause) 3619M->1446M(4096M) 120.404ms
[2028.043s][info][gc,cpu         ] GC(320) User=0.72s Sys=0.00s Real=0.13s
......[2034.188s][info][gc,start       ] GC(321) Pause Young (Mixed) (G1 Evacuation Pause)
[2034.188s][info][gc,task        ] GC(321) Using 6 workers of 6 for evacuation
[2034.320s][info][gc,phases      ] GC(321)   Pre Evacuate Collection Set: 0.38ms
[2034.320s][info][gc,phases      ] GC(321)   Merge Heap Roots: 0.71ms
[2034.320s][info][gc,phases      ] GC(321)   Evacuate Collection Set: 129.87ms
[2034.320s][info][gc,phases      ] GC(321)   Post Evacuate Collection Set: 0.99ms
[2034.320s][info][gc,phases      ] GC(321)   Other: 0.09ms
[2034.320s][info][gc,heap        ] GC(321) Eden regions: 1111->0(1119)
[2034.320s][info][gc,heap        ] GC(321) Survivor regions: 110->109(153)
[2034.320s][info][gc,heap        ] GC(321) Old regions: 534->471
[2034.320s][info][gc,heap        ] GC(321) Humongous regions: 80->80
[2034.320s][info][gc,metaspace   ] GC(321) Metaspace: 28994K(29376K)->28994K(29376K) NonClass: 24110K(24256K)->24110K(24256K) Class: 4884K(5120K)->4884K(5120K)
[2034.320s][info][gc             ] GC(321) Pause Young (Mixed) (G1 Evacuation Pause) 3668M->1318M(4096M) 132.188ms
[2034.320s][info][gc,cpu         ] GC(321) User=0.79s Sys=0.00s Real=0.13s
......[2040.386s][info][gc,start       ] GC(322) Pause Young (Concurrent Start) (G1 Evacuation Pause)
[2040.386s][info][gc,task        ] GC(322) Using 6 workers of 6 for evacuation
[2040.509s][info][gc,phases      ] GC(322)   Pre Evacuate Collection Set: 0.36ms
[2040.509s][info][gc,phases      ] GC(322)   Merge Heap Roots: 0.49ms
[2040.509s][info][gc,phases      ] GC(322)   Evacuate Collection Set: 120.64ms
[2040.509s][info][gc,phases      ] GC(322)   Post Evacuate Collection Set: 0.97ms
[2040.509s][info][gc,phases      ] GC(322)   Other: 0.12ms
[2040.509s][info][gc,heap        ] GC(322) Eden regions: 1119->0(1115)
[2040.509s][info][gc,heap        ] GC(322) Survivor regions: 109->113(154)
[2040.509s][info][gc,heap        ] GC(322) Old regions: 471->503
[2040.509s][info][gc,heap        ] GC(322) Humongous regions: 80->80
[2040.509s][info][gc,metaspace   ] GC(322) Metaspace: 28994K(29376K)->28994K(29376K) NonClass: 24110K(24256K)->24110K(24256K) Class: 4884K(5120K)->4884K(5120K)
[2040.509s][info][gc             ] GC(322) Pause Young (Concurrent Start) (G1 Evacuation Pause) 3556M->1391M(4096M) 122.691ms
[2040.509s][info][gc             ] GC(323) Concurrent Mark Cycle
[2040.509s][info][gc,marking     ] GC(323) Concurrent Scan Root Regions
[2040.509s][info][gc,cpu         ] GC(322) User=0.73s Sys=0.00s Real=0.12s
.[2040.684s][info][gc,marking     ] GC(323) Concurrent Scan Root Regions 174.833ms
[2040.684s][info][gc,marking     ] GC(323) Concurrent Mark
[2040.684s][info][gc,marking     ] GC(323) Concurrent Mark From Roots
[2040.684s][info][gc,task        ] GC(323) Using 2 workers of 2 for marking
.[2041.588s][info][gc,marking     ] GC(323) Concurrent Mark From Roots 904.140ms
[2041.588s][info][gc,marking     ] GC(323) Concurrent Preclean
[2041.588s][info][gc,marking     ] GC(323) Concurrent Preclean 0.048ms
[2041.588s][info][gc,start       ] GC(323) Pause Remark
[2041.592s][info][gc             ] GC(323) Pause Remark 1802M->1802M(4096M) 4.297ms
[2041.592s][info][gc,cpu         ] GC(323) User=0.02s Sys=0.00s Real=0.00s
[2041.592s][info][gc,marking     ] GC(323) Concurrent Mark 908.739ms
[2041.592s][info][gc,marking     ] GC(323) Concurrent Rebuild Remembered Sets and Scrub Regions
[2041.991s][info][gc,marking     ] GC(323) Concurrent Rebuild Remembered Sets and Scrub Regions 399.089ms
[2041.992s][info][gc,start       ] GC(323) Pause Cleanup
[2041.992s][info][gc             ] GC(323) Pause Cleanup 1930M->1930M(4096M) 0.123ms
[2041.992s][info][gc,cpu         ] GC(323) User=0.00s Sys=0.00s Real=0.00s
[2041.992s][info][gc,marking     ] GC(323) Concurrent Clear Claimed Marks
[2041.992s][info][gc,marking     ] GC(323) Concurrent Clear Claimed Marks 0.031ms
[2041.992s][info][gc,marking     ] GC(323) Concurrent Cleanup for Next Mark
[2041.995s][info][gc,marking     ] GC(323) Concurrent Cleanup for Next Mark 3.293ms
[2041.995s][info][gc             ] GC(323) Concurrent Mark Cycle 1486.448ms
.....[2046.556s][info][gc,start       ] GC(324) Pause Young (Prepare Mixed) (G1 Evacuation Pause)
[2046.556s][info][gc,task        ] GC(324) Using 6 workers of 6 for evacuation
[2046.676s][info][gc,phases      ] GC(324)   Pre Evacuate Collection Set: 0.36ms
[2046.676s][info][gc,phases      ] GC(324)   Merge Heap Roots: 0.52ms
[2046.676s][info][gc,phases      ] GC(324)   Evacuate Collection Set: 117.78ms
[2046.676s][info][gc,phases      ] GC(324)   Post Evacuate Collection Set: 0.95ms
[2046.676s][info][gc,phases      ] GC(324)   Other: 0.09ms
[2046.676s][info][gc,heap        ] GC(324) Eden regions: 1115->0(1109)
[2046.676s][info][gc,heap        ] GC(324) Survivor regions: 113->110(154)
[2046.676s][info][gc,heap        ] GC(324) Old regions: 503->536
[2046.676s][info][gc,heap        ] GC(324) Humongous regions: 80->80
[2046.676s][info][gc,metaspace   ] GC(324) Metaspace: 28994K(29376K)->28994K(29376K) NonClass: 24110K(24256K)->24110K(24256K) Class: 4884K(5120K)->4884K(5120K)
[2046.676s][info][gc             ] GC(324) Pause Young (Prepare Mixed) (G1 Evacuation Pause) 3621M->1449M(4096M) 119.837ms
[2046.676s][info][gc,cpu         ] GC(324) User=0.71s Sys=0.00s Real=0.12s
......[2052.822s][info][gc,start       ] GC(325) Pause Young (Mixed) (G1 Evacuation Pause)
[2052.822s][info][gc,task        ] GC(325) Using 6 workers of 6 for evacuation
[2052.957s][info][gc,phases      ] GC(325)   Pre Evacuate Collection Set: 0.41ms
[2052.957s][info][gc,phases      ] GC(325)   Merge Heap Roots: 0.69ms
[2052.957s][info][gc,phases      ] GC(325)   Evacuate Collection Set: 132.54ms
[2052.957s][info][gc,phases      ] GC(325)   Post Evacuate Collection Set: 0.95ms
[2052.957s][info][gc,phases      ] GC(325)   Other: 0.09ms
[2052.957s][info][gc,heap        ] GC(325) Eden regions: 1109->0(1117)
[2052.957s][info][gc,heap        ] GC(325) Survivor regions: 110->111(153)
[2052.957s][info][gc,heap        ] GC(325) Old regions: 536->471
[2052.957s][info][gc,heap        ] GC(325) Humongous regions: 80->80
[2052.957s][info][gc,metaspace   ] GC(325) Metaspace: 28994K(29376K)->28994K(29376K) NonClass: 24110K(24256K)->24110K(24256K) Class: 4884K(5120K)->4884K(5120K)
[2052.957s][info][gc             ] GC(325) Pause Young (Mixed) (G1 Evacuation Pause) 3667M->1322M(4096M) 134.803ms
[2052.957s][info][gc,cpu         ] GC(325) User=0.80s Sys=0.00s Real=0.14s
. (rIR:aIR:PR = 3044:3043:3043) (tPR = 45512) [OK] 
  2053s: Performance info:
         Transaction,    Success,    Partial,     Failed,   Receipts, AvgBarcode, 
             Overall,     183148,          0,          0,     173997,      59.48, 
         Response times:
             Request,    Success,    Partial,     Failed,   SkipFail,     Probes,    Samples,      min,      p50,      p90,      p95,      p99,      max, 
       TotalPurchase,     173997,          0,          0,          0,     170051,     185235,      300,     2500,     4000,     5000,    22000,   161000,
     InStorePurchase,      91583,          0,          0,          0,      89635,      97350,      300,     2500,     4000,     4900,    22000,   161000,
      OnlinePurchase,      64078,          0,          0,          0,      62862,      68498,      300,     2400,     4000,     5000,    22000,   161000,
        InstPurchase,      18336,          0,          0,          0,      17554,      19387,      400,     2800,     4200,     5200,    24000,   161000,
          AssocOfCat,        184,          0,          0,          0,        133,        204,    19600,    27000,    36000,    44500,   159800,   176000,
      AssocOfProduct,       1819,          0,          0,          0,       1650,       1950,      500,     2700,     4190,     5000,    18100,   136000,
      BusinessReport,        457,          0,          0,          0,        352,        459,    21000,    31000,    41000,    50000,   145400,   201000,
          CustBuyBeh,       1826,          0,          0,          0,       1667,       1987,      300,     2700,     3900,     5160,    25360,   144000,
       ProductReturn,       4865,          0,          0,          0,       4570,       5224,      200,     1300,     3700,     4500,    12900,   141000,

  2053s: (23%)   IR =   3183 .....[2058.821s][info][gc,start       ] GC(326) Pause Young (Concurrent Start) (G1 Evacuation Pause)
[2058.821s][info][gc,task        ] GC(326) Using 6 workers of 6 for evacuation
[2058.938s][info][gc,phases      ] GC(326)   Pre Evacuate Collection Set: 0.45ms
[2058.938s][info][gc,phases      ] GC(326)   Merge Heap Roots: 0.51ms
[2058.938s][info][gc,phases      ] GC(326)   Evacuate Collection Set: 114.66ms
[2058.938s][info][gc,phases      ] GC(326)   Post Evacuate Collection Set: 0.91ms
[2058.938s][info][gc,phases      ] GC(326)   Other: 0.13ms
[2058.938s][info][gc,heap        ] GC(326) Eden regions: 1117->0(1119)
[2058.938s][info][gc,heap        ] GC(326) Survivor regions: 111->109(154)
[2058.938s][info][gc,heap        ] GC(326) Old regions: 471->502
[2058.938s][info][gc,heap        ] GC(326) Humongous regions: 80->80
[2058.938s][info][gc,metaspace   ] GC(326) Metaspace: 28995K(29376K)->28995K(29376K) NonClass: 24110K(24256K)->24110K(24256K) Class: 4884K(5120K)->4884K(5120K)
[2058.938s][info][gc             ] GC(326) Pause Young (Concurrent Start) (G1 Evacuation Pause) 3556M->1380M(4096M) 116.803ms
[2058.938s][info][gc             ] GC(327) Concurrent Mark Cycle
[2058.938s][info][gc,marking     ] GC(327) Concurrent Scan Root Regions
[2058.938s][info][gc,cpu         ] GC(326) User=0.69s Sys=0.00s Real=0.12s
[2059.107s][info][gc,marking     ] GC(327) Concurrent Scan Root Regions 168.974ms
[2059.107s][info][gc,marking     ] GC(327) Concurrent Mark
[2059.107s][info][gc,marking     ] GC(327) Concurrent Mark From Roots
[2059.107s][info][gc,task        ] GC(327) Using 2 workers of 2 for marking
.|[2059.724s][info][gc,marking     ] GC(327) Concurrent Mark From Roots 617.432ms
[2059.724s][info][gc,marking     ] GC(327) Concurrent Preclean
[2059.724s][info][gc,marking     ] GC(327) Concurrent Preclean 0.078ms
[2059.725s][info][gc,start       ] GC(327) Pause Remark
[2059.728s][info][gc             ] GC(327) Pause Remark 1691M->1691M(4096M) 3.235ms
[2059.728s][info][gc,cpu         ] GC(327) User=0.02s Sys=0.00s Real=0.00s
[2059.728s][info][gc,marking     ] GC(327) Concurrent Mark 621.402ms
[2059.728s][info][gc,marking     ] GC(327) Concurrent Rebuild Remembered Sets and Scrub Regions
[2059.984s][info][gc,marking     ] GC(327) Concurrent Rebuild Remembered Sets and Scrub Regions 255.630ms
[2059.984s][info][gc,start       ] GC(327) Pause Cleanup
[2059.984s][info][gc             ] GC(327) Pause Cleanup 1833M->1833M(4096M) 0.130ms
[2059.984s][info][gc,cpu         ] GC(327) User=0.01s Sys=0.00s Real=0.00s
[2059.985s][info][gc,marking     ] GC(327) Concurrent Clear Claimed Marks
[2059.985s][info][gc,marking     ] GC(327) Concurrent Clear Claimed Marks 0.036ms
[2059.985s][info][gc,marking     ] GC(327) Concurrent Cleanup for Next Mark
[2059.989s][info][gc,marking     ] GC(327) Concurrent Cleanup for Next Mark 3.815ms
[2059.989s][info][gc             ] GC(327) Concurrent Mark Cycle 1051.148ms
.....[2064.805s][info][gc,start       ] GC(328) Pause Young (Prepare Mixed) (G1 Evacuation Pause)
[2064.805s][info][gc,task        ] GC(328) Using 6 workers of 6 for evacuation
[2064.925s][info][gc,phases      ] GC(328)   Pre Evacuate Collection Set: 0.33ms
[2064.926s][info][gc,phases      ] GC(328)   Merge Heap Roots: 0.53ms
[2064.926s][info][gc,phases      ] GC(328)   Evacuate Collection Set: 118.11ms
[2064.926s][info][gc,phases      ] GC(328)   Post Evacuate Collection Set: 0.94ms
[2064.926s][info][gc,phases      ] GC(328)   Other: 0.09ms
[2064.926s][info][gc,heap        ] GC(328) Eden regions: 1119->0(1109)
[2064.926s][info][gc,heap        ] GC(328) Survivor regions: 109->111(154)
[2064.926s][info][gc,heap        ] GC(328) Old regions: 502->534
[2064.926s][info][gc,heap        ] GC(328) Humongous regions: 80->80
[2064.926s][info][gc,metaspace   ] GC(328) Metaspace: 28995K(29376K)->28995K(29376K) NonClass: 24110K(24256K)->24110K(24256K) Class: 4884K(5120K)->4884K(5120K)
[2064.926s][info][gc             ] GC(328) Pause Young (Prepare Mixed) (G1 Evacuation Pause) 3618M->1447M(4096M) 120.142ms
[2064.926s][info][gc,cpu         ] GC(328) User=0.72s Sys=0.00s Real=0.12s
......[2070.771s][info][gc,start       ] GC(329) Pause Young (Mixed) (G1 Evacuation Pause)
[2070.771s][info][gc,task        ] GC(329) Using 6 workers of 6 for evacuation
[2070.909s][info][gc,phases      ] GC(329)   Pre Evacuate Collection Set: 0.38ms
[2070.909s][info][gc,phases      ] GC(329)   Merge Heap Roots: 0.71ms
[2070.909s][info][gc,phases      ] GC(329)   Evacuate Collection Set: 135.56ms
[2070.909s][info][gc,phases      ] GC(329)   Post Evacuate Collection Set: 0.95ms
[2070.909s][info][gc,phases      ] GC(329)   Other: 0.09ms
[2070.909s][info][gc,heap        ] GC(329) Eden regions: 1109->0(1118)
[2070.909s][info][gc,heap        ] GC(329) Survivor regions: 111->110(153)
[2070.909s][info][gc,heap        ] GC(329) Old regions: 534->470
[2070.909s][info][gc,heap        ] GC(329) Humongous regions: 80->80
[2070.909s][info][gc,metaspace   ] GC(329) Metaspace: 28995K(29376K)->28995K(29376K) NonClass: 24110K(24256K)->24110K(24256K) Class: 4884K(5120K)->4884K(5120K)
[2070.909s][info][gc             ] GC(329) Pause Young (Mixed) (G1 Evacuation Pause) 3665M->1318M(4096M) 137.827ms
[2070.909s][info][gc,cpu         ] GC(329) User=0.82s Sys=0.00s Real=0.14s
......[2076.700s][info][gc,start       ] GC(330) Pause Young (Concurrent Start) (G1 Evacuation Pause)
[2076.700s][info][gc,task        ] GC(330) Using 6 workers of 6 for evacuation
[2076.819s][info][gc,phases      ] GC(330)   Pre Evacuate Collection Set: 0.40ms
[2076.819s][info][gc,phases      ] GC(330)   Merge Heap Roots: 0.50ms
[2076.819s][info][gc,phases      ] GC(330)   Evacuate Collection Set: 116.59ms
[2076.819s][info][gc,phases      ] GC(330)   Post Evacuate Collection Set: 0.91ms
[2076.819s][info][gc,phases      ] GC(330)   Other: 0.09ms
[2076.819s][info][gc,heap        ] GC(330) Eden regions: 1118->0(1118)
[2076.819s][info][gc,heap        ] GC(330) Survivor regions: 110->110(154)
[2076.819s][info][gc,heap        ] GC(330) Old regions: 470->502
[2076.819s][info][gc,heap        ] GC(330) Humongous regions: 80->80
[2076.819s][info][gc,metaspace   ] GC(330) Metaspace: 28995K(29376K)->28995K(29376K) NonClass: 24110K(24256K)->24110K(24256K) Class: 4884K(5120K)->4884K(5120K)
[2076.819s][info][gc             ] GC(330) Pause Young (Concurrent Start) (G1 Evacuation Pause) 3554M->1382M(4096M) 118.652ms
[2076.819s][info][gc             ] GC(331) Concurrent Mark Cycle
[2076.819s][info][gc,marking     ] GC(331) Concurrent Scan Root Regions
[2076.819s][info][gc,cpu         ] GC(330) User=0.71s Sys=0.00s Real=0.12s
[2076.948s][info][gc,marking     ] GC(331) Concurrent Scan Root Regions 129.700ms
[2076.949s][info][gc,marking     ] GC(331) Concurrent Mark
[2076.949s][info][gc,marking     ] GC(331) Concurrent Mark From Roots
[2076.949s][info][gc,task        ] GC(331) Using 2 workers of 2 for marking
[2077.527s][info][gc,marking     ] GC(331) Concurrent Mark From Roots 578.775ms
[2077.527s][info][gc,marking     ] GC(331) Concurrent Preclean
[2077.527s][info][gc,marking     ] GC(331) Concurrent Preclean 0.067ms
[2077.528s][info][gc,start       ] GC(331) Pause Remark
[2077.531s][info][gc             ] GC(331) Pause Remark 1696M->1696M(4096M) 3.729ms
[2077.531s][info][gc,cpu         ] GC(331) User=0.02s Sys=0.00s Real=0.00s
[2077.531s][info][gc,marking     ] GC(331) Concurrent Mark 582.855ms
[2077.531s][info][gc,marking     ] GC(331) Concurrent Rebuild Remembered Sets and Scrub Regions
.[2077.749s][info][gc,marking     ] GC(331) Concurrent Rebuild Remembered Sets and Scrub Regions 217.604ms
[2077.749s][info][gc,start       ] GC(331) Pause Cleanup
[2077.749s][info][gc             ] GC(331) Pause Cleanup 1773M->1773M(4096M) 0.120ms
[2077.749s][info][gc,cpu         ] GC(331) User=0.00s Sys=0.00s Real=0.00s
[2077.749s][info][gc,marking     ] GC(331) Concurrent Clear Claimed Marks
[2077.749s][info][gc,marking     ] GC(331) Concurrent Clear Claimed Marks 0.024ms
[2077.749s][info][gc,marking     ] GC(331) Concurrent Cleanup for Next Mark
[2077.753s][info][gc,marking     ] GC(331) Concurrent Cleanup for Next Mark 3.543ms
[2077.753s][info][gc             ] GC(331) Concurrent Mark Cycle 934.165ms
.....[2082.735s][info][gc,start       ] GC(332) Pause Young (Prepare Mixed) (G1 Evacuation Pause)
[2082.735s][info][gc,task        ] GC(332) Using 6 workers of 6 for evacuation
[2082.853s][info][gc,phases      ] GC(332)   Pre Evacuate Collection Set: 0.32ms
[2082.853s][info][gc,phases      ] GC(332)   Merge Heap Roots: 0.57ms
[2082.853s][info][gc,phases      ] GC(332)   Evacuate Collection Set: 115.64ms
[2082.853s][info][gc,phases      ] GC(332)   Post Evacuate Collection Set: 0.97ms
[2082.853s][info][gc,phases      ] GC(332)   Other: 0.08ms
[2082.853s][info][gc,heap        ] GC(332) Eden regions: 1118->0(1111)
[2082.853s][info][gc,heap        ] GC(332) Survivor regions: 110->110(154)
[2082.853s][info][gc,heap        ] GC(332) Old regions: 502->534
[2082.853s][info][gc,heap        ] GC(332) Humongous regions: 80->80
[2082.853s][info][gc,metaspace   ] GC(332) Metaspace: 28995K(29376K)->28995K(29376K) NonClass: 24110K(24256K)->24110K(24256K) Class: 4884K(5120K)->4884K(5120K)
[2082.853s][info][gc             ] GC(332) Pause Young (Prepare Mixed) (G1 Evacuation Pause) 3618M->1446M(4096M) 117.770ms
[2082.853s][info][gc,cpu         ] GC(332) User=0.70s Sys=0.00s Real=0.12s
......[2088.604s][info][gc,start       ] GC(333) Pause Young (Mixed) (G1 Evacuation Pause)
[2088.604s][info][gc,task        ] GC(333) Using 6 workers of 6 for evacuation
[2088.736s][info][gc,phases      ] GC(333)   Pre Evacuate Collection Set: 0.39ms
[2088.736s][info][gc,phases      ] GC(333)   Merge Heap Roots: 0.74ms
[2088.736s][info][gc,phases      ] GC(333)   Evacuate Collection Set: 130.12ms
[2088.736s][info][gc,phases      ] GC(333)   Post Evacuate Collection Set: 0.97ms
[2088.736s][info][gc,phases      ] GC(333)   Other: 0.09ms
[2088.736s][info][gc,heap        ] GC(333) Eden regions: 1111->0(1119)
[2088.736s][info][gc,heap        ] GC(333) Survivor regions: 110->109(153)
[2088.736s][info][gc,heap        ] GC(333) Old regions: 534->470
[2088.736s][info][gc,heap        ] GC(333) Humongous regions: 80->80
[2088.736s][info][gc,metaspace   ] GC(333) Metaspace: 28995K(29376K)->28995K(29376K) NonClass: 24110K(24256K)->24110K(24256K) Class: 4884K(5120K)->4884K(5120K)
[2088.736s][info][gc             ] GC(333) Pause Young (Mixed) (G1 Evacuation Pause) 3668M->1316M(4096M) 132.437ms
[2088.736s][info][gc,cpu         ] GC(333) User=0.79s Sys=0.00s Real=0.13s
.....[2094.562s][info][gc,start       ] GC(334) Pause Young (Concurrent Start) (G1 Evacuation Pause)
[2094.562s][info][gc,task        ] GC(334) Using 6 workers of 6 for evacuation
[2094.679s][info][gc,phases      ] GC(334)   Pre Evacuate Collection Set: 0.40ms
[2094.679s][info][gc,phases      ] GC(334)   Merge Heap Roots: 0.53ms
[2094.679s][info][gc,phases      ] GC(334)   Evacuate Collection Set: 114.91ms
[2094.679s][info][gc,phases      ] GC(334)   Post Evacuate Collection Set: 0.92ms
[2094.679s][info][gc,phases      ] GC(334)   Other: 0.10ms
[2094.679s][info][gc,heap        ] GC(334) Eden regions: 1119->0(1119)
[2094.679s][info][gc,heap        ] GC(334) Survivor regions: 109->109(154)
[2094.679s][info][gc,heap        ] GC(334) Old regions: 470->503
[2094.679s][info][gc,heap        ] GC(334) Humongous regions: 80->80
[2094.679s][info][gc,metaspace   ] GC(334) Metaspace: 28995K(29376K)->28995K(29376K) NonClass: 24110K(24256K)->24110K(24256K) Class: 4884K(5120K)->4884K(5120K)
[2094.679s][info][gc             ] GC(334) Pause Young (Concurrent Start) (G1 Evacuation Pause) 3554M->1381M(4096M) 116.985ms
[2094.679s][info][gc             ] GC(335) Concurrent Mark Cycle
[2094.679s][info][gc,marking     ] GC(335) Concurrent Scan Root Regions
[2094.679s][info][gc,cpu         ] GC(334) User=0.69s Sys=0.00s Real=0.12s
.[2094.802s][info][gc,marking     ] GC(335) Concurrent Scan Root Regions 122.346ms
[2094.802s][info][gc,marking     ] GC(335) Concurrent Mark
[2094.802s][info][gc,marking     ] GC(335) Concurrent Mark From Roots
[2094.802s][info][gc,task        ] GC(335) Using 2 workers of 2 for marking
[2095.401s][info][gc,marking     ] GC(335) Concurrent Mark From Roots 599.118ms
[2095.401s][info][gc,marking     ] GC(335) Concurrent Preclean
[2095.401s][info][gc,marking     ] GC(335) Concurrent Preclean 0.045ms
[2095.401s][info][gc,start       ] GC(335) Pause Remark
[2095.405s][info][gc             ] GC(335) Pause Remark 1732M->1732M(4096M) 3.678ms
[2095.405s][info][gc,cpu         ] GC(335) User=0.01s Sys=0.00s Real=0.01s
[2095.405s][info][gc,marking     ] GC(335) Concurrent Mark 603.095ms
[2095.405s][info][gc,marking     ] GC(335) Concurrent Rebuild Remembered Sets and Scrub Regions
[2095.623s][info][gc,marking     ] GC(335) Concurrent Rebuild Remembered Sets and Scrub Regions 217.785ms
[2095.623s][info][gc,start       ] GC(335) Pause Cleanup
[2095.623s][info][gc             ] GC(335) Pause Cleanup 1791M->1791M(4096M) 0.123ms
[2095.623s][info][gc,cpu         ] GC(335) User=0.00s Sys=0.00s Real=0.00s
[2095.623s][info][gc,marking     ] GC(335) Concurrent Clear Claimed Marks
[2095.623s][info][gc,marking     ] GC(335) Concurrent Clear Claimed Marks 0.031ms
[2095.623s][info][gc,marking     ] GC(335) Concurrent Cleanup for Next Mark
[2095.626s][info][gc,marking     ] GC(335) Concurrent Cleanup for Next Mark 3.236ms
[2095.626s][info][gc             ] GC(335) Concurrent Mark Cycle 946.966ms
.....[2100.507s][info][gc,start       ] GC(336) Pause Young (Prepare Mixed) (G1 Evacuation Pause)
[2100.507s][info][gc,task        ] GC(336) Using 6 workers of 6 for evacuation
[2100.626s][info][gc,phases      ] GC(336)   Pre Evacuate Collection Set: 0.34ms
[2100.626s][info][gc,phases      ] GC(336)   Merge Heap Roots: 0.56ms
[2100.626s][info][gc,phases      ] GC(336)   Evacuate Collection Set: 117.41ms
[2100.626s][info][gc,phases      ] GC(336)   Post Evacuate Collection Set: 0.97ms
[2100.626s][info][gc,phases      ] GC(336)   Other: 0.09ms
[2100.626s][info][gc,heap        ] GC(336) Eden regions: 1119->0(1108)
[2100.626s][info][gc,heap        ] GC(336) Survivor regions: 109->111(154)
[2100.626s][info][gc,heap        ] GC(336) Old regions: 503->535
[2100.626s][info][gc,heap        ] GC(336) Humongous regions: 80->80
[2100.626s][info][gc,metaspace   ] GC(336) Metaspace: 28995K(29376K)->28995K(29376K) NonClass: 24110K(24256K)->24110K(24256K) Class: 4884K(5120K)->4884K(5120K)
[2100.626s][info][gc             ] GC(336) Pause Young (Prepare Mixed) (G1 Evacuation Pause) 3619M->1449M(4096M) 119.498ms
[2100.626s][info][gc,cpu         ] GC(336) User=0.71s Sys=0.00s Real=0.12s
......[2106.490s][info][gc,start       ] GC(337) Pause Young (Mixed) (G1 Evacuation Pause)
[2106.490s][info][gc,task        ] GC(337) Using 6 workers of 6 for evacuation
[2106.626s][info][gc,phases      ] GC(337)   Pre Evacuate Collection Set: 0.36ms
[2106.627s][info][gc,phases      ] GC(337)   Merge Heap Roots: 0.71ms
[2106.627s][info][gc,phases      ] GC(337)   Evacuate Collection Set: 134.83ms
[2106.627s][info][gc,phases      ] GC(337)   Post Evacuate Collection Set: 0.89ms
[2106.627s][info][gc,phases      ] GC(337)   Other: 0.09ms
[2106.627s][info][gc,heap        ] GC(337) Eden regions: 1108->0(1118)
[2106.627s][info][gc,heap        ] GC(337) Survivor regions: 111->110(153)
[2106.627s][info][gc,heap        ] GC(337) Old regions: 535->472
[2106.627s][info][gc,heap        ] GC(337) Humongous regions: 80->80
[2106.627s][info][gc,metaspace   ] GC(337) Metaspace: 28995K(29376K)->28995K(29376K) NonClass: 24110K(24256K)->24110K(24256K) Class: 4884K(5120K)->4884K(5120K)
[2106.627s][info][gc             ] GC(337) Pause Young (Mixed) (G1 Evacuation Pause) 3665M->1321M(4096M) 137.019ms
[2106.627s][info][gc,cpu         ] GC(337) User=0.81s Sys=0.00s Real=0.14s
......[2112.432s][info][gc,start       ] GC(338) Pause Young (Concurrent Start) (G1 Evacuation Pause)
[2112.432s][info][gc,task        ] GC(338) Using 6 workers of 6 for evacuation
[2112.552s][info][gc,phases      ] GC(338)   Pre Evacuate Collection Set: 0.39ms
[2112.552s][info][gc,phases      ] GC(338)   Merge Heap Roots: 0.51ms
[2112.552s][info][gc,phases      ] GC(338)   Evacuate Collection Set: 117.67ms
[2112.552s][info][gc,phases      ] GC(338)   Post Evacuate Collection Set: 0.75ms
[2112.552s][info][gc,phases      ] GC(338)   Other: 0.12ms
[2112.552s][info][gc,heap        ] GC(338) Eden regions: 1118->0(1117)
[2112.552s][info][gc,heap        ] GC(338) Survivor regions: 110->111(154)
[2112.552s][info][gc,heap        ] GC(338) Old regions: 472->503
[2112.552s][info][gc,heap        ] GC(338) Humongous regions: 80->80
[2112.552s][info][gc,metaspace   ] GC(338) Metaspace: 28995K(29376K)->28995K(29376K) NonClass: 24110K(24256K)->24110K(24256K) Class: 4884K(5120K)->4884K(5120K)
[2112.552s][info][gc             ] GC(338) Pause Young (Concurrent Start) (G1 Evacuation Pause) 3557M->1386M(4096M) 119.584ms
[2112.552s][info][gc             ] GC(339) Concurrent Mark Cycle
[2112.552s][info][gc,marking     ] GC(339) Concurrent Scan Root Regions
[2112.552s][info][gc,cpu         ] GC(338) User=0.72s Sys=0.00s Real=0.12s
[2112.673s][info][gc,marking     ] GC(339) Concurrent Scan Root Regions 121.200ms
[2112.673s][info][gc,marking     ] GC(339) Concurrent Mark
[2112.673s][info][gc,marking     ] GC(339) Concurrent Mark From Roots
[2112.673s][info][gc,task        ] GC(339) Using 2 workers of 2 for marking
.[2113.238s][info][gc,marking     ] GC(339) Concurrent Mark From Roots 564.767ms
[2113.238s][info][gc,marking     ] GC(339) Concurrent Preclean
[2113.238s][info][gc,marking     ] GC(339) Concurrent Preclean 0.048ms
[2113.238s][info][gc,start       ] GC(339) Pause Remark
[2113.242s][info][gc             ] GC(339) Pause Remark 1689M->1689M(4096M) 3.500ms
[2113.242s][info][gc,cpu         ] GC(339) User=0.02s Sys=0.00s Real=0.00s
[2113.242s][info][gc,marking     ] GC(339) Concurrent Mark 568.742ms
[2113.242s][info][gc,marking     ] GC(339) Concurrent Rebuild Remembered Sets and Scrub Regions
[2113.467s][info][gc,marking     ] GC(339) Concurrent Rebuild Remembered Sets and Scrub Regions 224.737ms
[2113.467s][info][gc,start       ] GC(339) Pause Cleanup
[2113.467s][info][gc             ] GC(339) Pause Cleanup 1772M->1772M(4096M) 0.129ms
[2113.467s][info][gc,cpu         ] GC(339) User=0.00s Sys=0.00s Real=0.00s
[2113.467s][info][gc,marking     ] GC(339) Concurrent Clear Claimed Marks
[2113.467s][info][gc,marking     ] GC(339) Concurrent Clear Claimed Marks 0.034ms
[2113.467s][info][gc,marking     ] GC(339) Concurrent Cleanup for Next Mark
[2113.471s][info][gc,marking     ] GC(339) Concurrent Cleanup for Next Mark 3.546ms
[2113.471s][info][gc             ] GC(339) Concurrent Mark Cycle 918.758ms
.....[2118.400s][info][gc,start       ] GC(340) Pause Young (Prepare Mixed) (G1 Evacuation Pause)
[2118.400s][info][gc,task        ] GC(340) Using 6 workers of 6 for evacuation
[2118.517s][info][gc,phases      ] GC(340)   Pre Evacuate Collection Set: 0.37ms
[2118.517s][info][gc,phases      ] GC(340)   Merge Heap Roots: 0.53ms
[2118.517s][info][gc,phases      ] GC(340)   Evacuate Collection Set: 114.75ms
[2118.517s][info][gc,phases      ] GC(340)   Post Evacuate Collection Set: 0.99ms
[2118.517s][info][gc,phases      ] GC(340)   Other: 0.09ms
[2118.517s][info][gc,heap        ] GC(340) Eden regions: 1117->0(1111)
[2118.517s][info][gc,heap        ] GC(340) Survivor regions: 111->110(154)
[2118.517s][info][gc,heap        ] GC(340) Old regions: 503->534
[2118.517s][info][gc,heap        ] GC(340) Humongous regions: 80->80
[2118.517s][info][gc,metaspace   ] GC(340) Metaspace: 28995K(29376K)->28995K(29376K) NonClass: 24111K(24256K)->24111K(24256K) Class: 4884K(5120K)->4884K(5120K)
[2118.517s][info][gc             ] GC(340) Pause Young (Prepare Mixed) (G1 Evacuation Pause) 3620M->1446M(4096M) 116.855ms
[2118.517s][info][gc,cpu         ] GC(340) User=0.69s Sys=0.00s Real=0.12s
.. (rIR:aIR:PR = 3183:3183:3183) (tPR = 47422) [OK] 
  2119s: Performance info:
         Transaction,    Success,    Partial,     Failed,   Receipts, AvgBarcode, 
             Overall,     191354,          0,          0,     181780,      59.48, 
         Response times:
             Request,    Success,    Partial,     Failed,   SkipFail,     Probes,    Samples,      min,      p50,      p90,      p95,      p99,      max, 
       TotalPurchase,     181780,          0,          0,          0,     178082,     196792,      300,     2600,     4200,     5300,    24000,   179000,
     InStorePurchase,      95674,          0,          0,          0,      93813,     103764,      300,     2500,     4200,     5300,    25000,   145000,
      OnlinePurchase,      66969,          0,          0,          0,      65732,      72288,      300,     2400,     4200,     5200,    22000,   179000,
        InstPurchase,      19137,          0,          0,          0,      18537,      20740,      400,     2900,     4600,     6200,    28000,   143000,
          AssocOfCat,        193,          0,          0,          0,        149,        221,    18800,    28000,    38000,    56400,   167480,   182000,
      AssocOfProduct,       1913,          0,          0,          0,       1776,       2137,      500,     3000,     4500,     5700,    22000,    49000,
      BusinessReport,        479,          0,          0,          0,        366,        481,    22000,    31000,    46800,    62900,   163340,   186000,
          CustBuyBeh,       1913,          0,          0,          0,       1729,       2043,      300,     2300,     4300,     5500,    21000,   141000,
       ProductReturn,       5076,          0,          0,          0,       4764,       5458,      200,     3200,     4600,     6200,    25000,   124000,

  2119s: (24%)   IR =   3321 ....[2124.102s][info][gc,start       ] GC(341) Pause Young (Mixed) (G1 Evacuation Pause)
[2124.102s][info][gc,task        ] GC(341) Using 6 workers of 6 for evacuation
[2124.234s][info][gc,phases      ] GC(341)   Pre Evacuate Collection Set: 0.36ms
[2124.234s][info][gc,phases      ] GC(341)   Merge Heap Roots: 0.72ms
[2124.234s][info][gc,phases      ] GC(341)   Evacuate Collection Set: 130.15ms
[2124.234s][info][gc,phases      ] GC(341)   Post Evacuate Collection Set: 0.96ms
[2124.234s][info][gc,phases      ] GC(341)   Other: 0.09ms
[2124.234s][info][gc,heap        ] GC(341) Eden regions: 1111->0(1120)
[2124.234s][info][gc,heap        ] GC(341) Survivor regions: 110->108(153)
[2124.234s][info][gc,heap        ] GC(341) Old regions: 534->472
[2124.234s][info][gc,heap        ] GC(341) Humongous regions: 80->80
[2124.234s][info][gc,metaspace   ] GC(341) Metaspace: 28995K(29376K)->28995K(29376K) NonClass: 24111K(24256K)->24111K(24256K) Class: 4884K(5120K)->4884K(5120K)
[2124.234s][info][gc             ] GC(341) Pause Young (Mixed) (G1 Evacuation Pause) 3668M->1317M(4096M) 132.411ms
[2124.234s][info][gc,cpu         ] GC(341) User=0.79s Sys=0.00s Real=0.14s
...|...[2129.889s][info][gc,start       ] GC(342) Pause Young (Concurrent Start) (G1 Evacuation Pause)
[2129.889s][info][gc,task        ] GC(342) Using 6 workers of 6 for evacuation
[2130.008s][info][gc,phases      ] GC(342)   Pre Evacuate Collection Set: 0.40ms
[2130.008s][info][gc,phases      ] GC(342)   Merge Heap Roots: 0.49ms
[2130.008s][info][gc,phases      ] GC(342)   Evacuate Collection Set: 117.06ms
[2130.008s][info][gc,phases      ] GC(342)   Post Evacuate Collection Set: 0.89ms
[2130.008s][info][gc,phases      ] GC(342)   Other: 0.13ms
[2130.008s][info][gc,heap        ] GC(342) Eden regions: 1120->0(1118)
[2130.008s][info][gc,heap        ] GC(342) Survivor regions: 108->110(154)
[2130.008s][info][gc,heap        ] GC(342) Old regions: 472->504
[2130.008s][info][gc,heap        ] GC(342) Humongous regions: 80->80
[2130.008s][info][gc,metaspace   ] GC(342) Metaspace: 28995K(29376K)->28995K(29376K) NonClass: 24111K(24256K)->24111K(24256K) Class: 4884K(5120K)->4884K(5120K)
[2130.008s][info][gc             ] GC(342) Pause Young (Concurrent Start) (G1 Evacuation Pause) 3557M->1385M(4096M) 119.094ms
[2130.008s][info][gc             ] GC(343) Concurrent Mark Cycle
[2130.008s][info][gc,marking     ] GC(343) Concurrent Scan Root Regions
[2130.008s][info][gc,cpu         ] GC(342) User=0.71s Sys=0.00s Real=0.12s
[2130.150s][info][gc,marking     ] GC(343) Concurrent Scan Root Regions 141.901ms
[2130.150s][info][gc,marking     ] GC(343) Concurrent Mark
[2130.150s][info][gc,marking     ] GC(343) Concurrent Mark From Roots
[2130.150s][info][gc,task        ] GC(343) Using 2 workers of 2 for marking
.[2130.793s][info][gc,marking     ] GC(343) Concurrent Mark From Roots 643.230ms
[2130.793s][info][gc,marking     ] GC(343) Concurrent Preclean
[2130.793s][info][gc,marking     ] GC(343) Concurrent Preclean 0.066ms
[2130.793s][info][gc,start       ] GC(343) Pause Remark
[2130.797s][info][gc             ] GC(343) Pause Remark 1733M->1733M(4096M) 3.559ms
[2130.797s][info][gc,cpu         ] GC(343) User=0.02s Sys=0.00s Real=0.00s
[2130.797s][info][gc,marking     ] GC(343) Concurrent Mark 647.135ms
[2130.797s][info][gc,marking     ] GC(343) Concurrent Rebuild Remembered Sets and Scrub Regions
[2131.045s][info][gc,marking     ] GC(343) Concurrent Rebuild Remembered Sets and Scrub Regions 248.180ms
[2131.045s][info][gc,start       ] GC(343) Pause Cleanup
[2131.046s][info][gc             ] GC(343) Pause Cleanup 1836M->1836M(4096M) 0.133ms
[2131.046s][info][gc,cpu         ] GC(343) User=0.00s Sys=0.00s Real=0.00s
[2131.046s][info][gc,marking     ] GC(343) Concurrent Clear Claimed Marks
[2131.046s][info][gc,marking     ] GC(343) Concurrent Clear Claimed Marks 0.036ms
[2131.046s][info][gc,marking     ] GC(343) Concurrent Cleanup for Next Mark
[2131.050s][info][gc,marking     ] GC(343) Concurrent Cleanup for Next Mark 3.987ms
[2131.050s][info][gc             ] GC(343) Concurrent Mark Cycle 1042.077ms
....[2135.540s][info][gc,start       ] GC(344) Pause Young (Prepare Mixed) (G1 Evacuation Pause)
[2135.540s][info][gc,task        ] GC(344) Using 6 workers of 6 for evacuation
[2135.660s][info][gc,phases      ] GC(344)   Pre Evacuate Collection Set: 0.34ms
[2135.660s][info][gc,phases      ] GC(344)   Merge Heap Roots: 0.52ms
[2135.660s][info][gc,phases      ] GC(344)   Evacuate Collection Set: 117.89ms
[2135.660s][info][gc,phases      ] GC(344)   Post Evacuate Collection Set: 0.97ms
[2135.660s][info][gc,phases      ] GC(344)   Other: 0.09ms
[2135.660s][info][gc,heap        ] GC(344) Eden regions: 1118->0(1107)
[2135.660s][info][gc,heap        ] GC(344) Survivor regions: 110->112(154)
[2135.660s][info][gc,heap        ] GC(344) Old regions: 504->534
[2135.660s][info][gc,heap        ] GC(344) Humongous regions: 80->80
[2135.660s][info][gc,metaspace   ] GC(344) Metaspace: 28995K(29376K)->28995K(29376K) NonClass: 24111K(24256K)->24111K(24256K) Class: 4884K(5120K)->4884K(5120K)
[2135.660s][info][gc             ] GC(344) Pause Young (Prepare Mixed) (G1 Evacuation Pause) 3621M->1451M(4096M) 119.947ms
[2135.660s][info][gc,cpu         ] GC(344) User=0.71s Sys=0.00s Real=0.12s
......[2141.284s][info][gc,start       ] GC(345) Pause Young (Mixed) (G1 Evacuation Pause)
[2141.284s][info][gc,task        ] GC(345) Using 6 workers of 6 for evacuation
[2141.418s][info][gc,phases      ] GC(345)   Pre Evacuate Collection Set: 0.40ms
[2141.418s][info][gc,phases      ] GC(345)   Merge Heap Roots: 0.74ms
[2141.418s][info][gc,phases      ] GC(345)   Evacuate Collection Set: 132.20ms
[2141.418s][info][gc,phases      ] GC(345)   Post Evacuate Collection Set: 1.02ms
[2141.418s][info][gc,phases      ] GC(345)   Other: 0.10ms
[2141.418s][info][gc,heap        ] GC(345) Eden regions: 1107->0(1120)
[2141.418s][info][gc,heap        ] GC(345) Survivor regions: 112->108(153)
[2141.418s][info][gc,heap        ] GC(345) Old regions: 534->469
[2141.418s][info][gc,heap        ] GC(345) Humongous regions: 80->80
[2141.418s][info][gc,metaspace   ] GC(345) Metaspace: 28995K(29376K)->28995K(29376K) NonClass: 24111K(24256K)->24111K(24256K) Class: 4884K(5120K)->4884K(5120K)
[2141.418s][info][gc             ] GC(345) Pause Young (Mixed) (G1 Evacuation Pause) 3665M->1313M(4096M) 134.579ms
[2141.418s][info][gc,cpu         ] GC(345) User=0.80s Sys=0.00s Real=0.13s
......[2147.103s][info][gc,start       ] GC(346) Pause Young (Concurrent Start) (G1 Evacuation Pause)
[2147.103s][info][gc,task        ] GC(346) Using 6 workers of 6 for evacuation
[2147.220s][info][gc,phases      ] GC(346)   Pre Evacuate Collection Set: 0.39ms
[2147.220s][info][gc,phases      ] GC(346)   Merge Heap Roots: 0.49ms
[2147.220s][info][gc,phases      ] GC(346)   Evacuate Collection Set: 114.33ms
[2147.220s][info][gc,phases      ] GC(346)   Post Evacuate Collection Set: 0.91ms
[2147.220s][info][gc,phases      ] GC(346)   Other: 0.10ms
[2147.220s][info][gc,heap        ] GC(346) Eden regions: 1120->0(1119)
[2147.220s][info][gc,heap        ] GC(346) Survivor regions: 108->109(154)
[2147.220s][info][gc,heap        ] GC(346) Old regions: 469->501
[2147.220s][info][gc,heap        ] GC(346) Humongous regions: 80->80
[2147.220s][info][gc,metaspace   ] GC(346) Metaspace: 28995K(29376K)->28995K(29376K) NonClass: 24111K(24256K)->24111K(24256K) Class: 4884K(5120K)->4884K(5120K)
[2147.220s][info][gc             ] GC(346) Pause Young (Concurrent Start) (G1 Evacuation Pause) 3553M->1378M(4096M) 116.357ms
[2147.220s][info][gc             ] GC(347) Concurrent Mark Cycle
[2147.220s][info][gc,marking     ] GC(347) Concurrent Scan Root Regions
[2147.220s][info][gc,cpu         ] GC(346) User=0.70s Sys=0.00s Real=0.11s
[2147.390s][info][gc,marking     ] GC(347) Concurrent Scan Root Regions 169.970ms
[2147.390s][info][gc,marking     ] GC(347) Concurrent Mark
[2147.390s][info][gc,marking     ] GC(347) Concurrent Mark From Roots
[2147.390s][info][gc,task        ] GC(347) Using 2 workers of 2 for marking
.[2148.304s][info][gc,marking     ] GC(347) Concurrent Mark From Roots 914.406ms
[2148.304s][info][gc,marking     ] GC(347) Concurrent Preclean
[2148.304s][info][gc,marking     ] GC(347) Concurrent Preclean 0.056ms
[2148.304s][info][gc,start       ] GC(347) Pause Remark
[2148.308s][info][gc             ] GC(347) Pause Remark 1851M->1851M(4096M) 3.771ms
[2148.308s][info][gc,cpu         ] GC(347) User=0.02s Sys=0.00s Real=0.00s
[2148.308s][info][gc,marking     ] GC(347) Concurrent Mark 918.479ms
[2148.308s][info][gc,marking     ] GC(347) Concurrent Rebuild Remembered Sets and Scrub Regions
[2148.534s][info][gc,marking     ] GC(347) Concurrent Rebuild Remembered Sets and Scrub Regions 225.446ms
[2148.534s][info][gc,start       ] GC(347) Pause Cleanup
[2148.534s][info][gc             ] GC(347) Pause Cleanup 1928M->1928M(4096M) 0.122ms
[2148.534s][info][gc,cpu         ] GC(347) User=0.00s Sys=0.00s Real=0.00s
[2148.534s][info][gc,marking     ] GC(347) Concurrent Clear Claimed Marks
[2148.534s][info][gc,marking     ] GC(347) Concurrent Clear Claimed Marks 0.025ms
[2148.534s][info][gc,marking     ] GC(347) Concurrent Cleanup for Next Mark
[2148.537s][info][gc,marking     ] GC(347) Concurrent Cleanup for Next Mark 3.172ms
[2148.537s][info][gc             ] GC(347) Concurrent Mark Cycle 1317.517ms
....[2152.689s][info][gc,start       ] GC(348) Pause Young (Prepare Mixed) (G1 Evacuation Pause)
[2152.689s][info][gc,task        ] GC(348) Using 6 workers of 6 for evacuation
[2152.809s][info][gc,phases      ] GC(348)   Pre Evacuate Collection Set: 0.36ms
[2152.809s][info][gc,phases      ] GC(348)   Merge Heap Roots: 0.55ms
[2152.809s][info][gc,phases      ] GC(348)   Evacuate Collection Set: 117.25ms
[2152.809s][info][gc,phases      ] GC(348)   Post Evacuate Collection Set: 1.02ms
[2152.809s][info][gc,phases      ] GC(348)   Other: 0.09ms
[2152.809s][info][gc,heap        ] GC(348) Eden regions: 1119->0(1110)
[2152.809s][info][gc,heap        ] GC(348) Survivor regions: 109->111(154)
[2152.809s][info][gc,heap        ] GC(348) Old regions: 501->533
[2152.809s][info][gc,heap        ] GC(348) Humongous regions: 80->80
[2152.809s][info][gc,metaspace   ] GC(348) Metaspace: 28995K(29376K)->28995K(29376K) NonClass: 24111K(24256K)->24111K(24256K) Class: 4884K(5120K)->4884K(5120K)
[2152.809s][info][gc             ] GC(348) Pause Young (Prepare Mixed) (G1 Evacuation Pause) 3616M->1446M(4096M) 119.426ms
[2152.809s][info][gc,cpu         ] GC(348) User=0.70s Sys=0.00s Real=0.12s
......[2158.414s][info][gc,start       ] GC(349) Pause Young (Mixed) (G1 Evacuation Pause)
[2158.414s][info][gc,task        ] GC(349) Using 6 workers of 6 for evacuation
[2158.547s][info][gc,phases      ] GC(349)   Pre Evacuate Collection Set: 0.41ms
[2158.547s][info][gc,phases      ] GC(349)   Merge Heap Roots: 0.78ms
[2158.547s][info][gc,phases      ] GC(349)   Evacuate Collection Set: 130.67ms
[2158.547s][info][gc,phases      ] GC(349)   Post Evacuate Collection Set: 1.00ms
[2158.547s][info][gc,phases      ] GC(349)   Other: 0.10ms
[2158.547s][info][gc,heap        ] GC(349) Eden regions: 1110->0(1120)
[2158.547s][info][gc,heap        ] GC(349) Survivor regions: 111->108(153)
[2158.548s][info][gc,heap        ] GC(349) Old regions: 533->471
[2158.548s][info][gc,heap        ] GC(349) Humongous regions: 80->80
[2158.548s][info][gc,metaspace   ] GC(349) Metaspace: 28995K(29376K)->28995K(29376K) NonClass: 24111K(24256K)->24111K(24256K) Class: 4884K(5120K)->4884K(5120K)
[2158.548s][info][gc             ] GC(349) Pause Young (Mixed) (G1 Evacuation Pause) 3666M->1316M(4096M) 133.102ms
[2158.548s][info][gc,cpu         ] GC(349) User=0.79s Sys=0.00s Real=0.13s
......[2164.151s][info][gc,start       ] GC(350) Pause Young (Concurrent Start) (G1 Evacuation Pause)
[2164.151s][info][gc,task        ] GC(350) Using 6 workers of 6 for evacuation
[2164.268s][info][gc,phases      ] GC(350)   Pre Evacuate Collection Set: 0.40ms
[2164.268s][info][gc,phases      ] GC(350)   Merge Heap Roots: 0.50ms
[2164.268s][info][gc,phases      ] GC(350)   Evacuate Collection Set: 114.68ms
[2164.268s][info][gc,phases      ] GC(350)   Post Evacuate Collection Set: 0.92ms
[2164.268s][info][gc,phases      ] GC(350)   Other: 0.11ms
[2164.268s][info][gc,heap        ] GC(350) Eden regions: 1120->0(1120)
[2164.268s][info][gc,heap        ] GC(350) Survivor regions: 108->108(154)
[2164.268s][info][gc,heap        ] GC(350) Old regions: 471->502
[2164.268s][info][gc,heap        ] GC(350) Humongous regions: 80->80
[2164.268s][info][gc,metaspace   ] GC(350) Metaspace: 28995K(29376K)->28995K(29376K) NonClass: 24111K(24256K)->24111K(24256K) Class: 4884K(5120K)->4884K(5120K)
[2164.268s][info][gc             ] GC(350) Pause Young (Concurrent Start) (G1 Evacuation Pause) 3556M->1379M(4096M) 116.740ms
[2164.268s][info][gc             ] GC(351) Concurrent Mark Cycle
[2164.268s][info][gc,marking     ] GC(351) Concurrent Scan Root Regions
[2164.268s][info][gc,cpu         ] GC(350) User=0.70s Sys=0.00s Real=0.12s
[2164.402s][info][gc,marking     ] GC(351) Concurrent Scan Root Regions 133.763ms
[2164.402s][info][gc,marking     ] GC(351) Concurrent Mark
[2164.402s][info][gc,marking     ] GC(351) Concurrent Mark From Roots
[2164.402s][info][gc,task        ] GC(351) Using 2 workers of 2 for marking
.[2164.985s][info][gc,marking     ] GC(351) Concurrent Mark From Roots 582.847ms
[2164.985s][info][gc,marking     ] GC(351) Concurrent Preclean
[2164.985s][info][gc,marking     ] GC(351) Concurrent Preclean 0.040ms
[2164.985s][info][gc,start       ] GC(351) Pause Remark
[2164.988s][info][gc             ] GC(351) Pause Remark 1721M->1721M(4096M) 3.636ms
[2164.988s][info][gc,cpu         ] GC(351) User=0.02s Sys=0.01s Real=0.00s
[2164.988s][info][gc,marking     ] GC(351) Concurrent Mark 586.795ms
[2164.988s][info][gc,marking     ] GC(351) Concurrent Rebuild Remembered Sets and Scrub Regions
[2165.341s][info][gc,marking     ] GC(351) Concurrent Rebuild Remembered Sets and Scrub Regions 352.834ms
[2165.341s][info][gc,start       ] GC(351) Pause Cleanup
[2165.342s][info][gc             ] GC(351) Pause Cleanup 1857M->1857M(4096M) 0.132ms
[2165.342s][info][gc,cpu         ] GC(351) User=0.00s Sys=0.00s Real=0.00s
[2165.342s][info][gc,marking     ] GC(351) Concurrent Clear Claimed Marks
[2165.342s][info][gc,marking     ] GC(351) Concurrent Clear Claimed Marks 0.031ms
[2165.342s][info][gc,marking     ] GC(351) Concurrent Cleanup for Next Mark
[2165.345s][info][gc,marking     ] GC(351) Concurrent Cleanup for Next Mark 3.760ms
[2165.346s][info][gc             ] GC(351) Concurrent Mark Cycle 1077.695ms
.....[2169.870s][info][gc,start       ] GC(352) Pause Young (Prepare Mixed) (G1 Evacuation Pause)
[2169.870s][info][gc,task        ] GC(352) Using 6 workers of 6 for evacuation
[2169.989s][info][gc,phases      ] GC(352)   Pre Evacuate Collection Set: 0.35ms
[2169.989s][info][gc,phases      ] GC(352)   Merge Heap Roots: 0.53ms
[2169.989s][info][gc,phases      ] GC(352)   Evacuate Collection Set: 117.39ms
[2169.989s][info][gc,phases      ] GC(352)   Post Evacuate Collection Set: 0.98ms
[2169.989s][info][gc,phases      ] GC(352)   Other: 0.09ms
[2169.989s][info][gc,heap        ] GC(352) Eden regions: 1120->0(1110)
[2169.989s][info][gc,heap        ] GC(352) Survivor regions: 108->110(154)
[2169.989s][info][gc,heap        ] GC(352) Old regions: 502->535
[2169.989s][info][gc,heap        ] GC(352) Humongous regions: 80->80
[2169.989s][info][gc,metaspace   ] GC(352) Metaspace: 28995K(29376K)->28995K(29376K) NonClass: 24111K(24256K)->24111K(24256K) Class: 4884K(5120K)->4884K(5120K)
[2169.989s][info][gc             ] GC(352) Pause Young (Prepare Mixed) (G1 Evacuation Pause) 3619M->1448M(4096M) 119.473ms
[2169.989s][info][gc,cpu         ] GC(352) User=0.71s Sys=0.00s Real=0.12s
.....[2175.503s][info][gc,start       ] GC(353) Pause Young (Mixed) (G1 Evacuation Pause)
[2175.503s][info][gc,task        ] GC(353) Using 6 workers of 6 for evacuation
[2175.636s][info][gc,phases      ] GC(353)   Pre Evacuate Collection Set: 0.37ms
[2175.636s][info][gc,phases      ] GC(353)   Merge Heap Roots: 0.71ms
[2175.636s][info][gc,phases      ] GC(353)   Evacuate Collection Set: 131.30ms
[2175.636s][info][gc,phases      ] GC(353)   Post Evacuate Collection Set: 0.96ms
[2175.636s][info][gc,phases      ] GC(353)   Other: 0.09ms
[2175.636s][info][gc,heap        ] GC(353) Eden regions: 1110->0(1118)
[2175.636s][info][gc,heap        ] GC(353) Survivor regions: 110->110(153)
[2175.636s][info][gc,heap        ] GC(353) Old regions: 535->473
[2175.636s][info][gc,heap        ] GC(353) Humongous regions: 80->80
[2175.636s][info][gc,metaspace   ] GC(353) Metaspace: 28995K(29376K)->28995K(29376K) NonClass: 24111K(24256K)->24111K(24256K) Class: 4884K(5120K)->4884K(5120K)
[2175.636s][info][gc             ] GC(353) Pause Young (Mixed) (G1 Evacuation Pause) 3668M->1324M(4096M) 133.560ms
[2175.636s][info][gc,cpu         ] GC(353) User=0.80s Sys=0.00s Real=0.13s
......[2181.311s][info][gc,start       ] GC(354) Pause Young (Concurrent Start) (G1 Evacuation Pause)
[2181.311s][info][gc,task        ] GC(354) Using 6 workers of 6 for evacuation
[2181.427s][info][gc,phases      ] GC(354)   Pre Evacuate Collection Set: 0.41ms
[2181.427s][info][gc,phases      ] GC(354)   Merge Heap Roots: 0.49ms
[2181.427s][info][gc,phases      ] GC(354)   Evacuate Collection Set: 114.53ms
[2181.427s][info][gc,phases      ] GC(354)   Post Evacuate Collection Set: 0.91ms
[2181.427s][info][gc,phases      ] GC(354)   Other: 0.12ms
[2181.427s][info][gc,heap        ] GC(354) Eden regions: 1118->0(1120)
[2181.427s][info][gc,heap        ] GC(354) Survivor regions: 110->108(154)
[2181.427s][info][gc,heap        ] GC(354) Old regions: 473->505
[2181.427s][info][gc,heap        ] GC(354) Humongous regions: 80->80
[2181.427s][info][gc,metaspace   ] GC(354) Metaspace: 28995K(29376K)->28995K(29376K) NonClass: 24111K(24256K)->24111K(24256K) Class: 4884K(5120K)->4884K(5120K)
[2181.427s][info][gc             ] GC(354) Pause Young (Concurrent Start) (G1 Evacuation Pause) 3560M->1385M(4096M) 116.591ms
[2181.427s][info][gc             ] GC(355) Concurrent Mark Cycle
[2181.427s][info][gc,marking     ] GC(355) Concurrent Scan Root Regions
[2181.427s][info][gc,cpu         ] GC(354) User=0.69s Sys=0.00s Real=0.12s
[2181.602s][info][gc,marking     ] GC(355) Concurrent Scan Root Regions 174.654ms
[2181.602s][info][gc,marking     ] GC(355) Concurrent Mark
[2181.602s][info][gc,marking     ] GC(355) Concurrent Mark From Roots
[2181.602s][info][gc,task        ] GC(355) Using 2 workers of 2 for marking
.[2182.521s][info][gc,marking     ] GC(355) Concurrent Mark From Roots 918.737ms
[2182.521s][info][gc,marking     ] GC(355) Concurrent Preclean
[2182.521s][info][gc,marking     ] GC(355) Concurrent Preclean 0.055ms
[2182.521s][info][gc,start       ] GC(355) Pause Remark
[2182.525s][info][gc             ] GC(355) Pause Remark 1868M->1868M(4096M) 4.017ms
[2182.525s][info][gc,cpu         ] GC(355) User=0.02s Sys=0.00s Real=0.01s
[2182.525s][info][gc,marking     ] GC(355) Concurrent Mark 923.066ms
[2182.525s][info][gc,marking     ] GC(355) Concurrent Rebuild Remembered Sets and Scrub Regions
.[2182.878s][info][gc,marking     ] GC(355) Concurrent Rebuild Remembered Sets and Scrub Regions 352.448ms
[2182.878s][info][gc,start       ] GC(355) Pause Cleanup
[2182.879s][info][gc             ] GC(355) Pause Cleanup 2014M->2014M(4096M) 0.146ms
[2182.879s][info][gc,cpu         ] GC(355) User=0.00s Sys=0.00s Real=0.00s
[2182.879s][info][gc,marking     ] GC(355) Concurrent Clear Claimed Marks
[2182.879s][info][gc,marking     ] GC(355) Concurrent Clear Claimed Marks 0.035ms
[2182.879s][info][gc,marking     ] GC(355) Concurrent Cleanup for Next Mark
[2182.883s][info][gc,marking     ] GC(355) Concurrent Cleanup for Next Mark 3.379ms
[2182.883s][info][gc             ] GC(355) Concurrent Mark Cycle 1455.133ms
.... (rIR:aIR:PR = 3321:3323:3323) (tPR = 48905) [OK] 
  2186s: Performance info:
         Transaction,    Success,    Partial,     Failed,   Receipts, AvgBarcode, 
             Overall,     199810,          0,          0,     189812,      59.47, 
         Response times:
             Request,    Success,    Partial,     Failed,   SkipFail,     Probes,    Samples,      min,      p50,      p90,      p95,      p99,      max, 
       TotalPurchase,     189812,          0,          0,          0,     185604,     208150,      300,     2700,     4500,     5700,    26000,   192000,
     InStorePurchase,      99911,          0,          0,          0,      97855,     109542,      300,     2500,     4400,     5600,    25000,   192000,
      OnlinePurchase,      69942,          0,          0,          0,      68450,      76635,      300,     2800,     4600,     5800,    26000,   192000,
        InstPurchase,      19959,          0,          0,          0,      19299,      21973,      400,     3000,     4600,     6000,    29000,   142000,
          AssocOfCat,        199,          0,          0,          0,        159,        235,    21000,    27000,    36400,    40000,    61960,    87000,
      AssocOfProduct,       2001,          0,          0,          0,       1796,       2186,      600,     1900,     3900,     5000,    17230,   141000,
      BusinessReport,        499,          0,          0,          0,        417,        560,    22000,    31000,    41000,    49950,   107740,   197000,
          CustBuyBeh,       2003,          0,          0,          0,       1779,       2144,      300,     3600,     5400,     7300,    31550,   140000,
       ProductReturn,       5296,          0,          0,          0,       5026,       5898,      200,     3100,     4800,     6400,    30000,   140000,

  2186s: (25%)   IR =   3459 [2187.093s][info][gc,start       ] GC(356) Pause Young (Prepare Mixed) (G1 Evacuation Pause)
[2187.093s][info][gc,task        ] GC(356) Using 6 workers of 6 for evacuation
[2187.211s][info][gc,phases      ] GC(356)   Pre Evacuate Collection Set: 0.37ms
[2187.211s][info][gc,phases      ] GC(356)   Merge Heap Roots: 0.57ms
[2187.211s][info][gc,phases      ] GC(356)   Evacuate Collection Set: 115.86ms
[2187.211s][info][gc,phases      ] GC(356)   Post Evacuate Collection Set: 0.94ms
[2187.211s][info][gc,phases      ] GC(356)   Other: 0.09ms
[2187.211s][info][gc,heap        ] GC(356) Eden regions: 1120->0(1111)
[2187.211s][info][gc,heap        ] GC(356) Survivor regions: 108->109(154)
[2187.211s][info][gc,heap        ] GC(356) Old regions: 505->536
[2187.211s][info][gc,heap        ] GC(356) Humongous regions: 80->80
[2187.211s][info][gc,metaspace   ] GC(356) Metaspace: 28995K(29376K)->28995K(29376K) NonClass: 24111K(24256K)->24111K(24256K) Class: 4884K(5120K)->4884K(5120K)
[2187.211s][info][gc             ] GC(356) Pause Young (Prepare Mixed) (G1 Evacuation Pause) 3625M->1449M(4096M) 117.960ms
[2187.211s][info][gc,cpu         ] GC(356) User=0.70s Sys=0.00s Real=0.11s
.....[2192.517s][info][gc,start       ] GC(357) Pause Young (Mixed) (G1 Evacuation Pause)
[2192.517s][info][gc,task        ] GC(357) Using 6 workers of 6 for evacuation
[2192.650s][info][gc,phases      ] GC(357)   Pre Evacuate Collection Set: 0.42ms
[2192.650s][info][gc,phases      ] GC(357)   Merge Heap Roots: 0.68ms
[2192.650s][info][gc,phases      ] GC(357)   Evacuate Collection Set: 130.28ms
[2192.650s][info][gc,phases      ] GC(357)   Post Evacuate Collection Set: 0.99ms
[2192.650s][info][gc,phases      ] GC(357)   Other: 0.09ms
[2192.650s][info][gc,heap        ] GC(357) Eden regions: 1111->0(1119)
[2192.650s][info][gc,heap        ] GC(357) Survivor regions: 109->109(153)
[2192.650s][info][gc,heap        ] GC(357) Old regions: 536->471
[2192.650s][info][gc,heap        ] GC(357) Humongous regions: 80->80
[2192.650s][info][gc,metaspace   ] GC(357) Metaspace: 28995K(29376K)->28995K(29376K) NonClass: 24111K(24256K)->24111K(24256K) Class: 4884K(5120K)->4884K(5120K)
[2192.650s][info][gc             ] GC(357) Pause Young (Mixed) (G1 Evacuation Pause) 3671M->1317M(4096M) 132.598ms
[2192.650s][info][gc,cpu         ] GC(357) User=0.78s Sys=0.00s Real=0.13s
..|....[2198.014s][info][gc,start       ] GC(358) Pause Young (Concurrent Start) (G1 Evacuation Pause)
[2198.014s][info][gc,task        ] GC(358) Using 6 workers of 6 for evacuation
[2198.130s][info][gc,phases      ] GC(358)   Pre Evacuate Collection Set: 0.41ms
[2198.130s][info][gc,phases      ] GC(358)   Merge Heap Roots: 0.50ms
[2198.130s][info][gc,phases      ] GC(358)   Evacuate Collection Set: 114.11ms
[2198.130s][info][gc,phases      ] GC(358)   Post Evacuate Collection Set: 0.89ms
[2198.130s][info][gc,phases      ] GC(358)   Other: 0.13ms
[2198.130s][info][gc,heap        ] GC(358) Eden regions: 1119->0(1120)
[2198.130s][info][gc,heap        ] GC(358) Survivor regions: 109->108(154)
[2198.130s][info][gc,heap        ] GC(358) Old regions: 471->504
[2198.130s][info][gc,heap        ] GC(358) Humongous regions: 80->80
[2198.130s][info][gc,metaspace   ] GC(358) Metaspace: 28997K(29376K)->28997K(29376K) NonClass: 24112K(24256K)->24112K(24256K) Class: 4884K(5120K)->4884K(5120K)
[2198.130s][info][gc             ] GC(358) Pause Young (Concurrent Start) (G1 Evacuation Pause) 3555M->1381M(4096M) 116.162ms
[2198.130s][info][gc             ] GC(359) Concurrent Mark Cycle
[2198.130s][info][gc,marking     ] GC(359) Concurrent Scan Root Regions
[2198.130s][info][gc,cpu         ] GC(358) User=0.69s Sys=0.00s Real=0.11s
[2198.271s][info][gc,marking     ] GC(359) Concurrent Scan Root Regions 141.099ms
[2198.271s][info][gc,marking     ] GC(359) Concurrent Mark
[2198.271s][info][gc,marking     ] GC(359) Concurrent Mark From Roots
[2198.271s][info][gc,task        ] GC(359) Using 2 workers of 2 for marking
.[2198.957s][info][gc,marking     ] GC(359) Concurrent Mark From Roots 685.061ms
[2198.957s][info][gc,marking     ] GC(359) Concurrent Preclean
[2198.957s][info][gc,marking     ] GC(359) Concurrent Preclean 0.064ms
[2198.957s][info][gc,start       ] GC(359) Pause Remark
[2198.961s][info][gc             ] GC(359) Pause Remark 1780M->1780M(4096M) 4.011ms
[2198.961s][info][gc,cpu         ] GC(359) User=0.02s Sys=0.00s Real=0.00s
[2198.961s][info][gc,marking     ] GC(359) Concurrent Mark 689.398ms
[2198.961s][info][gc,marking     ] GC(359) Concurrent Rebuild Remembered Sets and Scrub Regions
[2199.194s][info][gc,marking     ] GC(359) Concurrent Rebuild Remembered Sets and Scrub Regions 233.240ms
[2199.194s][info][gc,start       ] GC(359) Pause Cleanup
[2199.194s][info][gc             ] GC(359) Pause Cleanup 1856M->1856M(4096M) 0.122ms
[2199.194s][info][gc,cpu         ] GC(359) User=0.00s Sys=0.00s Real=0.00s
[2199.194s][info][gc,marking     ] GC(359) Concurrent Clear Claimed Marks
[2199.194s][info][gc,marking     ] GC(359) Concurrent Clear Claimed Marks 0.031ms
[2199.194s][info][gc,marking     ] GC(359) Concurrent Cleanup for Next Mark
[2199.198s][info][gc,marking     ] GC(359) Concurrent Cleanup for Next Mark 3.233ms
[2199.198s][info][gc             ] GC(359) Concurrent Mark Cycle 1067.456ms
....[2203.443s][info][gc,start       ] GC(360) Pause Young (Prepare Mixed) (G1 Evacuation Pause)
[2203.443s][info][gc,task        ] GC(360) Using 6 workers of 6 for evacuation
[2203.561s][info][gc,phases      ] GC(360)   Pre Evacuate Collection Set: 0.37ms
[2203.561s][info][gc,phases      ] GC(360)   Merge Heap Roots: 0.53ms
[2203.561s][info][gc,phases      ] GC(360)   Evacuate Collection Set: 116.45ms
[2203.561s][info][gc,phases      ] GC(360)   Post Evacuate Collection Set: 0.96ms
[2203.561s][info][gc,phases      ] GC(360)   Other: 0.09ms
[2203.561s][info][gc,heap        ] GC(360) Eden regions: 1120->0(1112)
[2203.561s][info][gc,heap        ] GC(360) Survivor regions: 108->109(154)
[2203.561s][info][gc,heap        ] GC(360) Old regions: 504->535
[2203.561s][info][gc,heap        ] GC(360) Humongous regions: 80->80
[2203.561s][info][gc,metaspace   ] GC(360) Metaspace: 28997K(29376K)->28997K(29376K) NonClass: 24112K(24256K)->24112K(24256K) Class: 4884K(5120K)->4884K(5120K)
[2203.561s][info][gc             ] GC(360) Pause Young (Prepare Mixed) (G1 Evacuation Pause) 3621M->1447M(4096M) 118.541ms
[2203.561s][info][gc,cpu         ] GC(360) User=0.70s Sys=0.00s Real=0.11s
......[2208.994s][info][gc,start       ] GC(361) Pause Young (Mixed) (G1 Evacuation Pause)
[2208.994s][info][gc,task        ] GC(361) Using 6 workers of 6 for evacuation
[2209.131s][info][gc,phases      ] GC(361)   Pre Evacuate Collection Set: 0.35ms
[2209.131s][info][gc,phases      ] GC(361)   Merge Heap Roots: 0.70ms
[2209.131s][info][gc,phases      ] GC(361)   Evacuate Collection Set: 135.04ms
[2209.131s][info][gc,phases      ] GC(361)   Post Evacuate Collection Set: 0.98ms
[2209.131s][info][gc,phases      ] GC(361)   Other: 0.09ms
[2209.131s][info][gc,heap        ] GC(361) Eden regions: 1112->0(1117)
[2209.131s][info][gc,heap        ] GC(361) Survivor regions: 109->111(153)
[2209.131s][info][gc,heap        ] GC(361) Old regions: 535->471
[2209.131s][info][gc,heap        ] GC(361) Humongous regions: 80->80
[2209.131s][info][gc,metaspace   ] GC(361) Metaspace: 29001K(29376K)->29001K(29376K) NonClass: 24116K(24256K)->24116K(24256K) Class: 4884K(5120K)->4884K(5120K)
[2209.131s][info][gc             ] GC(361) Pause Young (Mixed) (G1 Evacuation Pause) 3671M->1322M(4096M) 137.283ms
[2209.131s][info][gc,cpu         ] GC(361) User=0.82s Sys=0.00s Real=0.13s
.....[2214.431s][info][gc,start       ] GC(362) Pause Young (Concurrent Start) (G1 Evacuation Pause)
[2214.431s][info][gc,task        ] GC(362) Using 6 workers of 6 for evacuation
[2214.548s][info][gc,phases      ] GC(362)   Pre Evacuate Collection Set: 0.41ms
[2214.548s][info][gc,phases      ] GC(362)   Merge Heap Roots: 0.49ms
[2214.548s][info][gc,phases      ] GC(362)   Evacuate Collection Set: 114.59ms
[2214.548s][info][gc,phases      ] GC(362)   Post Evacuate Collection Set: 0.91ms
[2214.548s][info][gc,phases      ] GC(362)   Other: 0.11ms
[2214.548s][info][gc,heap        ] GC(362) Eden regions: 1117->0(1119)
[2214.548s][info][gc,heap        ] GC(362) Survivor regions: 111->109(154)
[2214.548s][info][gc,heap        ] GC(362) Old regions: 471->502
[2214.548s][info][gc,heap        ] GC(362) Humongous regions: 80->80
[2214.548s][info][gc,metaspace   ] GC(362) Metaspace: 29001K(29376K)->29001K(29376K) NonClass: 24116K(24256K)->24116K(24256K) Class: 4884K(5120K)->4884K(5120K)
[2214.548s][info][gc             ] GC(362) Pause Young (Concurrent Start) (G1 Evacuation Pause) 3556M->1379M(4096M) 116.644ms
[2214.548s][info][gc             ] GC(363) Concurrent Mark Cycle
[2214.548s][info][gc,marking     ] GC(363) Concurrent Scan Root Regions
[2214.548s][info][gc,cpu         ] GC(362) User=0.69s Sys=0.00s Real=0.12s
[2214.685s][info][gc,marking     ] GC(363) Concurrent Scan Root Regions 137.411ms
[2214.685s][info][gc,marking     ] GC(363) Concurrent Mark
[2214.685s][info][gc,marking     ] GC(363) Concurrent Mark From Roots
[2214.685s][info][gc,task        ] GC(363) Using 2 workers of 2 for marking
.[2215.321s][info][gc,marking     ] GC(363) Concurrent Mark From Roots 635.978ms
[2215.321s][info][gc,marking     ] GC(363) Concurrent Preclean
[2215.321s][info][gc,marking     ] GC(363) Concurrent Preclean 0.067ms
[2215.322s][info][gc,start       ] GC(363) Pause Remark
[2215.326s][info][gc             ] GC(363) Pause Remark 1747M->1747M(4096M) 3.702ms
[2215.326s][info][gc,cpu         ] GC(363) User=0.02s Sys=0.00s Real=0.01s
[2215.326s][info][gc,marking     ] GC(363) Concurrent Mark 641.258ms
[2215.326s][info][gc,marking     ] GC(363) Concurrent Rebuild Remembered Sets and Scrub Regions
[2215.546s][info][gc,marking     ] GC(363) Concurrent Rebuild Remembered Sets and Scrub Regions 219.999ms
[2215.547s][info][gc,start       ] GC(363) Pause Cleanup
[2215.547s][info][gc             ] GC(363) Pause Cleanup 1837M->1837M(4096M) 0.111ms
[2215.547s][info][gc,cpu         ] GC(363) User=0.00s Sys=0.00s Real=0.00s
[2215.547s][info][gc,marking     ] GC(363) Concurrent Clear Claimed Marks
[2215.547s][info][gc,marking     ] GC(363) Concurrent Clear Claimed Marks 0.032ms
[2215.547s][info][gc,marking     ] GC(363) Concurrent Cleanup for Next Mark
[2215.550s][info][gc,marking     ] GC(363) Concurrent Cleanup for Next Mark 3.190ms
[2215.550s][info][gc             ] GC(363) Concurrent Mark Cycle 1002.342ms
.....[2219.911s][info][gc,start       ] GC(364) Pause Young (Prepare Mixed) (G1 Evacuation Pause)
[2219.911s][info][gc,task        ] GC(364) Using 6 workers of 6 for evacuation
[2220.030s][info][gc,phases      ] GC(364)   Pre Evacuate Collection Set: 0.34ms
[2220.030s][info][gc,phases      ] GC(364)   Merge Heap Roots: 0.55ms
[2220.030s][info][gc,phases      ] GC(364)   Evacuate Collection Set: 116.18ms
[2220.030s][info][gc,phases      ] GC(364)   Post Evacuate Collection Set: 0.95ms
[2220.030s][info][gc,phases      ] GC(364)   Other: 0.09ms
[2220.030s][info][gc,heap        ] GC(364) Eden regions: 1119->0(1113)
[2220.030s][info][gc,heap        ] GC(364) Survivor regions: 109->109(154)
[2220.030s][info][gc,heap        ] GC(364) Old regions: 502->534
[2220.030s][info][gc,heap        ] GC(364) Humongous regions: 80->80
[2220.030s][info][gc,metaspace   ] GC(364) Metaspace: 29001K(29376K)->29001K(29376K) NonClass: 24116K(24256K)->24116K(24256K) Class: 4884K(5120K)->4884K(5120K)
[2220.030s][info][gc             ] GC(364) Pause Young (Prepare Mixed) (G1 Evacuation Pause) 3617M->1444M(4096M) 118.236ms
[2220.030s][info][gc,cpu         ] GC(364) User=0.70s Sys=0.00s Real=0.12s
.....[2225.341s][info][gc,start       ] GC(365) Pause Young (Mixed) (G1 Evacuation Pause)
[2225.341s][info][gc,task        ] GC(365) Using 6 workers of 6 for evacuation
[2225.478s][info][gc,phases      ] GC(365)   Pre Evacuate Collection Set: 0.36ms
[2225.478s][info][gc,phases      ] GC(365)   Merge Heap Roots: 0.68ms
[2225.478s][info][gc,phases      ] GC(365)   Evacuate Collection Set: 134.74ms
[2225.478s][info][gc,phases      ] GC(365)   Post Evacuate Collection Set: 0.94ms
[2225.478s][info][gc,phases      ] GC(365)   Other: 0.10ms
[2225.478s][info][gc,heap        ] GC(365) Eden regions: 1113->0(1117)
[2225.478s][info][gc,heap        ] GC(365) Survivor regions: 109->111(153)
[2225.478s][info][gc,heap        ] GC(365) Old regions: 534->470
[2225.478s][info][gc,heap        ] GC(365) Humongous regions: 80->80
[2225.478s][info][gc,metaspace   ] GC(365) Metaspace: 29001K(29376K)->29001K(29376K) NonClass: 24116K(24256K)->24116K(24256K) Class: 4884K(5120K)->4884K(5120K)
[2225.478s][info][gc             ] GC(365) Pause Young (Mixed) (G1 Evacuation Pause) 3670M->1321M(4096M) 136.944ms
[2225.478s][info][gc,cpu         ] GC(365) User=0.82s Sys=0.00s Real=0.14s
......[2230.914s][info][gc,start       ] GC(366) Pause Young (Concurrent Start) (G1 Evacuation Pause)
[2230.914s][info][gc,task        ] GC(366) Using 6 workers of 6 for evacuation
[2231.036s][info][gc,phases      ] GC(366)   Pre Evacuate Collection Set: 0.36ms
[2231.036s][info][gc,phases      ] GC(366)   Merge Heap Roots: 0.51ms
[2231.036s][info][gc,phases      ] GC(366)   Evacuate Collection Set: 119.85ms
[2231.036s][info][gc,phases      ] GC(366)   Post Evacuate Collection Set: 0.87ms
[2231.036s][info][gc,phases      ] GC(366)   Other: 0.12ms
[2231.036s][info][gc,heap        ] GC(366) Eden regions: 1117->0(1117)
[2231.036s][info][gc,heap        ] GC(366) Survivor regions: 111->111(154)
[2231.036s][info][gc,heap        ] GC(366) Old regions: 470->502
[2231.036s][info][gc,heap        ] GC(366) Humongous regions: 80->80
[2231.036s][info][gc,metaspace   ] GC(366) Metaspace: 29001K(29376K)->29001K(29376K) NonClass: 24116K(24256K)->24116K(24256K) Class: 4884K(5120K)->4884K(5120K)
[2231.036s][info][gc             ] GC(366) Pause Young (Concurrent Start) (G1 Evacuation Pause) 3555M->1384M(4096M) 121.843ms
[2231.036s][info][gc             ] GC(367) Concurrent Mark Cycle
[2231.036s][info][gc,marking     ] GC(367) Concurrent Scan Root Regions
[2231.036s][info][gc,cpu         ] GC(366) User=0.72s Sys=0.00s Real=0.12s
[2231.179s][info][gc,marking     ] GC(367) Concurrent Scan Root Regions 143.232ms
[2231.179s][info][gc,marking     ] GC(367) Concurrent Mark
[2231.179s][info][gc,marking     ] GC(367) Concurrent Mark From Roots
[2231.179s][info][gc,task        ] GC(367) Using 2 workers of 2 for marking
[2231.758s][info][gc,marking     ] GC(367) Concurrent Mark From Roots 578.822ms
[2231.758s][info][gc,marking     ] GC(367) Concurrent Preclean
[2231.758s][info][gc,marking     ] GC(367) Concurrent Preclean 0.045ms
[2231.758s][info][gc,start       ] GC(367) Pause Remark
[2231.762s][info][gc             ] GC(367) Pause Remark 1744M->1744M(4096M) 3.712ms
[2231.762s][info][gc,cpu         ] GC(367) User=0.02s Sys=0.00s Real=0.00s
[2231.762s][info][gc,marking     ] GC(367) Concurrent Mark 582.818ms
[2231.762s][info][gc,marking     ] GC(367) Concurrent Rebuild Remembered Sets and Scrub Regions
.[2232.036s][info][gc,marking     ] GC(367) Concurrent Rebuild Remembered Sets and Scrub Regions 274.321ms
[2232.036s][info][gc,start       ] GC(367) Pause Cleanup
[2232.037s][info][gc             ] GC(367) Pause Cleanup 1864M->1864M(4096M) 0.119ms
[2232.037s][info][gc,cpu         ] GC(367) User=0.00s Sys=0.00s Real=0.00s
[2232.037s][info][gc,marking     ] GC(367) Concurrent Clear Claimed Marks
[2232.037s][info][gc,marking     ] GC(367) Concurrent Clear Claimed Marks 0.036ms
[2232.037s][info][gc,marking     ] GC(367) Concurrent Cleanup for Next Mark
[2232.040s][info][gc,marking     ] GC(367) Concurrent Cleanup for Next Mark 3.732ms
[2232.040s][info][gc             ] GC(367) Concurrent Mark Cycle 1004.621ms
....[2236.427s][info][gc,start       ] GC(368) Pause Young (Prepare Mixed) (G1 Evacuation Pause)
[2236.427s][info][gc,task        ] GC(368) Using 6 workers of 6 for evacuation
[2236.545s][info][gc,phases      ] GC(368)   Pre Evacuate Collection Set: 0.37ms
[2236.545s][info][gc,phases      ] GC(368)   Merge Heap Roots: 0.55ms
[2236.545s][info][gc,phases      ] GC(368)   Evacuate Collection Set: 115.77ms
[2236.545s][info][gc,phases      ] GC(368)   Post Evacuate Collection Set: 0.97ms
[2236.545s][info][gc,phases      ] GC(368)   Other: 0.09ms
[2236.545s][info][gc,heap        ] GC(368) Eden regions: 1117->0(1114)
[2236.545s][info][gc,heap        ] GC(368) Survivor regions: 111->109(154)
[2236.545s][info][gc,heap        ] GC(368) Old regions: 502->533
[2236.545s][info][gc,heap        ] GC(368) Humongous regions: 80->80
[2236.545s][info][gc,metaspace   ] GC(368) Metaspace: 29001K(29376K)->29001K(29376K) NonClass: 24116K(24256K)->24116K(24256K) Class: 4884K(5120K)->4884K(5120K)
[2236.545s][info][gc             ] GC(368) Pause Young (Prepare Mixed) (G1 Evacuation Pause) 3618M->1443M(4096M) 117.877ms
[2236.545s][info][gc,cpu         ] GC(368) User=0.70s Sys=0.00s Real=0.12s
.....[2241.886s][info][gc,start       ] GC(369) Pause Young (Mixed) (G1 Evacuation Pause)
[2241.886s][info][gc,task        ] GC(369) Using 6 workers of 6 for evacuation
[2242.023s][info][gc,phases      ] GC(369)   Pre Evacuate Collection Set: 0.36ms
[2242.023s][info][gc,phases      ] GC(369)   Merge Heap Roots: 0.73ms
[2242.023s][info][gc,phases      ] GC(369)   Evacuate Collection Set: 134.27ms
[2242.023s][info][gc,phases      ] GC(369)   Post Evacuate Collection Set: 0.93ms
[2242.023s][info][gc,phases      ] GC(369)   Other: 0.09ms
[2242.023s][info][gc,heap        ] GC(369) Eden regions: 1114->0(1116)
[2242.023s][info][gc,heap        ] GC(369) Survivor regions: 109->112(153)
[2242.023s][info][gc,heap        ] GC(369) Old regions: 533->471
[2242.023s][info][gc,heap        ] GC(369) Humongous regions: 80->80
[2242.023s][info][gc,metaspace   ] GC(369) Metaspace: 29001K(29376K)->29001K(29376K) NonClass: 24116K(24256K)->24116K(24256K) Class: 4884K(5120K)->4884K(5120K)
[2242.023s][info][gc             ] GC(369) Pause Young (Mixed) (G1 Evacuation Pause) 3671M->1324M(4096M) 136.529ms
[2242.023s][info][gc,cpu         ] GC(369) User=0.81s Sys=0.00s Real=0.14s
......[2247.309s][info][gc,start       ] GC(370) Pause Young (Concurrent Start) (G1 Evacuation Pause)
[2247.309s][info][gc,task        ] GC(370) Using 6 workers of 6 for evacuation
[2247.424s][info][gc,phases      ] GC(370)   Pre Evacuate Collection Set: 0.42ms
[2247.424s][info][gc,phases      ] GC(370)   Merge Heap Roots: 0.48ms
[2247.424s][info][gc,phases      ] GC(370)   Evacuate Collection Set: 113.71ms
[2247.424s][info][gc,phases      ] GC(370)   Post Evacuate Collection Set: 0.89ms
[2247.424s][info][gc,phases      ] GC(370)   Other: 0.11ms
[2247.425s][info][gc,heap        ] GC(370) Eden regions: 1116->0(1121)
[2247.425s][info][gc,heap        ] GC(370) Survivor regions: 112->107(154)
[2247.425s][info][gc,heap        ] GC(370) Old regions: 471->504
[2247.425s][info][gc,heap        ] GC(370) Humongous regions: 80->80
[2247.425s][info][gc,metaspace   ] GC(370) Metaspace: 29001K(29376K)->29001K(29376K) NonClass: 24116K(24256K)->24116K(24256K) Class: 4884K(5120K)->4884K(5120K)
[2247.425s][info][gc             ] GC(370) Pause Young (Concurrent Start) (G1 Evacuation Pause) 3556M->1381M(4096M) 115.751ms
[2247.425s][info][gc             ] GC(371) Concurrent Mark Cycle
[2247.425s][info][gc,marking     ] GC(371) Concurrent Scan Root Regions
[2247.425s][info][gc,cpu         ] GC(370) User=0.68s Sys=0.00s Real=0.12s
[2247.555s][info][gc,marking     ] GC(371) Concurrent Scan Root Regions 130.014ms
[2247.555s][info][gc,marking     ] GC(371) Concurrent Mark
[2247.555s][info][gc,marking     ] GC(371) Concurrent Mark From Roots
[2247.555s][info][gc,task        ] GC(371) Using 2 workers of 2 for marking
.[2248.194s][info][gc,marking     ] GC(371) Concurrent Mark From Roots 638.918ms
[2248.194s][info][gc,marking     ] GC(371) Concurrent Preclean
[2248.194s][info][gc,marking     ] GC(371) Concurrent Preclean 0.062ms
[2248.194s][info][gc,start       ] GC(371) Pause Remark
[2248.198s][info][gc             ] GC(371) Pause Remark 1729M->1729M(4096M) 3.710ms
[2248.198s][info][gc,cpu         ] GC(371) User=0.02s Sys=0.00s Real=0.00s
[2248.198s][info][gc,marking     ] GC(371) Concurrent Mark 643.042ms
[2248.198s][info][gc,marking     ] GC(371) Concurrent Rebuild Remembered Sets and Scrub Regions
[2248.469s][info][gc,marking     ] GC(371) Concurrent Rebuild Remembered Sets and Scrub Regions 271.499ms
[2248.469s][info][gc,start       ] GC(371) Pause Cleanup
[2248.469s][info][gc             ] GC(371) Pause Cleanup 1881M->1881M(4096M) 0.134ms
[2248.470s][info][gc,cpu         ] GC(371) User=0.00s Sys=0.00s Real=0.00s
[2248.470s][info][gc,marking     ] GC(371) Concurrent Clear Claimed Marks
[2248.470s][info][gc,marking     ] GC(371) Concurrent Clear Claimed Marks 0.033ms
[2248.470s][info][gc,marking     ] GC(371) Concurrent Cleanup for Next Mark
[2248.473s][info][gc,marking     ] GC(371) Concurrent Cleanup for Next Mark 3.166ms
[2248.473s][info][gc             ] GC(371) Concurrent Mark Cycle 1048.257ms
....[2252.774s][info][gc,start       ] GC(372) Pause Young (Prepare Mixed) (G1 Evacuation Pause)
[2252.774s][info][gc,task        ] GC(372) Using 6 workers of 6 for evacuation
[2252.890s][info][gc,phases      ] GC(372)   Pre Evacuate Collection Set: 0.32ms
[2252.890s][info][gc,phases      ] GC(372)   Merge Heap Roots: 0.51ms
[2252.890s][info][gc,phases      ] GC(372)   Evacuate Collection Set: 114.05ms
[2252.890s][info][gc,phases      ] GC(372)   Post Evacuate Collection Set: 0.95ms
[2252.890s][info][gc,phases      ] GC(372)   Other: 0.09ms
[2252.890s][info][gc,heap        ] GC(372) Eden regions: 1121->0(1113)
[2252.890s][info][gc,heap        ] GC(372) Survivor regions: 107->108(154)
[2252.890s][info][gc,heap        ] GC(372) Old regions: 504->536
[2252.890s][info][gc,heap        ] GC(372) Humongous regions: 80->80
[2252.890s][info][gc,metaspace   ] GC(372) Metaspace: 29001K(29376K)->29001K(29376K) NonClass: 24116K(24256K)->24116K(24256K) Class: 4884K(5120K)->4884K(5120K)
[2252.890s][info][gc             ] GC(372) Pause Young (Prepare Mixed) (G1 Evacuation Pause) 3623M->1446M(4096M) 116.052ms
[2252.890s][info][gc,cpu         ] GC(372) User=0.69s Sys=0.00s Real=0.11s
.. (rIR:aIR:PR = 3459:3458:3458) (tPR = 51770) [OK] 
  2253s: Performance info:
         Transaction,    Success,    Partial,     Failed,   Receipts, AvgBarcode, 
             Overall,     208013,          0,          0,     197608,      59.47, 
         Response times:
             Request,    Success,    Partial,     Failed,   SkipFail,     Probes,    Samples,      min,      p50,      p90,      p95,      p99,      max, 
       TotalPurchase,     197608,          0,          0,          0,     194112,     217787,      300,     2800,     4700,     6200,    33000,   175000,
     InStorePurchase,     103994,          0,          0,          0,     102409,     114519,      300,     2800,     4700,     6200,    33000,   175000,
      OnlinePurchase,      72833,          0,          0,          0,      71469,      80364,      300,     2800,     4700,     6200,    31000,   142000,
        InstPurchase,      20781,          0,          0,          0,      20234,      22904,      400,     2700,     4600,     6100,    32000,   143000,
          AssocOfCat,        207,          0,          0,          0,        161,        260,    19100,    28000,    38000,    48850,   155970,   240000,
      AssocOfProduct,       2079,          0,          0,          0,       1888,       2271,     1900,     3800,     5700,     8100,    43000,   114000,
      BusinessReport,        519,          0,          0,          0,        446,        592,    21000,    32000,    48000,    62000,   176070,   222000,
          CustBuyBeh,       2084,          0,          0,          0,       1917,       2309,      100,     1900,     3800,     4600,    20880,   111000,
       ProductReturn,       5515,          0,          0,          0,       5100,       5964,      300,     3000,     4900,     7000,    40000,   124000,

  2253s: (26%)   IR =   3598 ....[2258.098s][info][gc,start       ] GC(373) Pause Young (Mixed) (G1 Evacuation Pause)
[2258.098s][info][gc,task        ] GC(373) Using 6 workers of 6 for evacuation
[2258.229s][info][gc,phases      ] GC(373)   Pre Evacuate Collection Set: 0.37ms
[2258.229s][info][gc,phases      ] GC(373)   Merge Heap Roots: 0.70ms
[2258.229s][info][gc,phases      ] GC(373)   Evacuate Collection Set: 129.47ms
[2258.229s][info][gc,phases      ] GC(373)   Post Evacuate Collection Set: 0.97ms
[2258.229s][info][gc,phases      ] GC(373)   Other: 0.09ms
[2258.229s][info][gc,heap        ] GC(373) Eden regions: 1113->0(1120)
[2258.229s][info][gc,heap        ] GC(373) Survivor regions: 108->108(153)
[2258.229s][info][gc,heap        ] GC(373) Old regions: 536->472
[2258.229s][info][gc,heap        ] GC(373) Humongous regions: 80->80
[2258.229s][info][gc,metaspace   ] GC(373) Metaspace: 29007K(29376K)->29007K(29376K) NonClass: 24123K(24256K)->24123K(24256K) Class: 4884K(5120K)->4884K(5120K)
[2258.229s][info][gc             ] GC(373) Pause Young (Mixed) (G1 Evacuation Pause) 3672M->1317M(4096M) 131.741ms
[2258.229s][info][gc,cpu         ] GC(373) User=0.78s Sys=0.01s Real=0.13s
.|....[2263.389s][info][gc,start       ] GC(374) Pause Young (Concurrent Start) (G1 Evacuation Pause)
[2263.389s][info][gc,task        ] GC(374) Using 6 workers of 6 for evacuation
[2263.507s][info][gc,phases      ] GC(374)   Pre Evacuate Collection Set: 0.39ms
[2263.507s][info][gc,phases      ] GC(374)   Merge Heap Roots: 0.50ms
[2263.507s][info][gc,phases      ] GC(374)   Evacuate Collection Set: 116.14ms
[2263.507s][info][gc,phases      ] GC(374)   Post Evacuate Collection Set: 0.91ms
[2263.507s][info][gc,phases      ] GC(374)   Other: 0.10ms
[2263.507s][info][gc,heap        ] GC(374) Eden regions: 1120->0(1117)
[2263.507s][info][gc,heap        ] GC(374) Survivor regions: 108->111(154)
[2263.507s][info][gc,heap        ] GC(374) Old regions: 472->503
[2263.507s][info][gc,heap        ] GC(374) Humongous regions: 80->80
[2263.507s][info][gc,metaspace   ] GC(374) Metaspace: 29007K(29376K)->29007K(29376K) NonClass: 24123K(24256K)->24123K(24256K) Class: 4884K(5120K)->4884K(5120K)
[2263.507s][info][gc             ] GC(374) Pause Young (Concurrent Start) (G1 Evacuation Pause) 3557M->1386M(4096M) 118.206ms
[2263.507s][info][gc             ] GC(375) Concurrent Mark Cycle
[2263.507s][info][gc,marking     ] GC(375) Concurrent Scan Root Regions
[2263.507s][info][gc,cpu         ] GC(374) User=0.71s Sys=0.00s Real=0.12s
[2263.680s][info][gc,marking     ] GC(375) Concurrent Scan Root Regions 173.053ms
[2263.680s][info][gc,marking     ] GC(375) Concurrent Mark
[2263.680s][info][gc,marking     ] GC(375) Concurrent Mark From Roots
[2263.680s][info][gc,task        ] GC(375) Using 2 workers of 2 for marking
.[2264.602s][info][gc,marking     ] GC(375) Concurrent Mark From Roots 921.822ms
[2264.602s][info][gc,marking     ] GC(375) Concurrent Preclean
[2264.602s][info][gc,marking     ] GC(375) Concurrent Preclean 0.077ms
[2264.603s][info][gc,start       ] GC(375) Pause Remark
[2264.608s][info][gc             ] GC(375) Pause Remark 1922M->1922M(4096M) 4.370ms
[2264.608s][info][gc,cpu         ] GC(375) User=0.02s Sys=0.00s Real=0.00s
[2264.608s][info][gc,marking     ] GC(375) Concurrent Mark 928.501ms
[2264.608s][info][gc,marking     ] GC(375) Concurrent Rebuild Remembered Sets and Scrub Regions
[2265.011s][info][gc,marking     ] GC(375) Concurrent Rebuild Remembered Sets and Scrub Regions 402.160ms
[2265.011s][info][gc,start       ] GC(375) Pause Cleanup
[2265.011s][info][gc             ] GC(375) Pause Cleanup 2079M->2079M(4096M) 0.113ms
[2265.011s][info][gc,cpu         ] GC(375) User=0.00s Sys=0.00s Real=0.00s
[2265.011s][info][gc,marking     ] GC(375) Concurrent Clear Claimed Marks
[2265.011s][info][gc,marking     ] GC(375) Concurrent Clear Claimed Marks 0.030ms
[2265.011s][info][gc,marking     ] GC(375) Concurrent Cleanup for Next Mark
[2265.014s][info][gc,marking     ] GC(375) Concurrent Cleanup for Next Mark 3.290ms
[2265.014s][info][gc             ] GC(375) Concurrent Mark Cycle 1507.489ms
....[2268.691s][info][gc,start       ] GC(376) Pause Young (Prepare Mixed) (G1 Evacuation Pause)
[2268.691s][info][gc,task        ] GC(376) Using 6 workers of 6 for evacuation
[2268.810s][info][gc,phases      ] GC(376)   Pre Evacuate Collection Set: 0.33ms
[2268.810s][info][gc,phases      ] GC(376)   Merge Heap Roots: 0.54ms
[2268.810s][info][gc,phases      ] GC(376)   Evacuate Collection Set: 116.66ms
[2268.810s][info][gc,phases      ] GC(376)   Post Evacuate Collection Set: 0.94ms
[2268.810s][info][gc,phases      ] GC(376)   Other: 0.09ms
[2268.810s][info][gc,heap        ] GC(376) Eden regions: 1117->0(1108)
[2268.810s][info][gc,heap        ] GC(376) Survivor regions: 111->111(154)
[2268.810s][info][gc,heap        ] GC(376) Old regions: 503->535
[2268.810s][info][gc,heap        ] GC(376) Humongous regions: 80->80
[2268.810s][info][gc,metaspace   ] GC(376) Metaspace: 29007K(29376K)->29007K(29376K) NonClass: 24123K(24256K)->24123K(24256K) Class: 4884K(5120K)->4884K(5120K)
[2268.810s][info][gc             ] GC(376) Pause Young (Prepare Mixed) (G1 Evacuation Pause) 3620M->1450M(4096M) 118.700ms
[2268.810s][info][gc,cpu         ] GC(376) User=0.70s Sys=0.00s Real=0.12s
.....[2273.855s][info][gc,start       ] GC(377) Pause Young (Mixed) (G1 Evacuation Pause)
[2273.855s][info][gc,task        ] GC(377) Using 6 workers of 6 for evacuation
[2273.991s][info][gc,phases      ] GC(377)   Pre Evacuate Collection Set: 0.39ms
[2273.991s][info][gc,phases      ] GC(377)   Merge Heap Roots: 0.68ms
[2273.991s][info][gc,phases      ] GC(377)   Evacuate Collection Set: 133.70ms
[2273.991s][info][gc,phases      ] GC(377)   Post Evacuate Collection Set: 0.95ms
[2273.991s][info][gc,phases      ] GC(377)   Other: 0.09ms
[2273.991s][info][gc,heap        ] GC(377) Eden regions: 1108->0(1117)
[2273.991s][info][gc,heap        ] GC(377) Survivor regions: 111->111(153)
[2273.991s][info][gc,heap        ] GC(377) Old regions: 535->471
[2273.991s][info][gc,heap        ] GC(377) Humongous regions: 80->80
[2273.991s][info][gc,metaspace   ] GC(377) Metaspace: 29007K(29376K)->29007K(29376K) NonClass: 24123K(24256K)->24123K(24256K) Class: 4884K(5120K)->4884K(5120K)
[2273.991s][info][gc             ] GC(377) Pause Young (Mixed) (G1 Evacuation Pause) 3666M->1323M(4096M) 135.967ms
[2273.991s][info][gc,cpu         ] GC(377) User=0.80s Sys=0.00s Real=0.13s
......[2279.194s][info][gc,start       ] GC(378) Pause Young (Concurrent Start) (G1 Evacuation Pause)
[2279.194s][info][gc,task        ] GC(378) Using 6 workers of 6 for evacuation
[2279.309s][info][gc,phases      ] GC(378)   Pre Evacuate Collection Set: 0.41ms
[2279.309s][info][gc,phases      ] GC(378)   Merge Heap Roots: 0.50ms
[2279.309s][info][gc,phases      ] GC(378)   Evacuate Collection Set: 113.12ms
[2279.309s][info][gc,phases      ] GC(378)   Post Evacuate Collection Set: 0.90ms
[2279.309s][info][gc,phases      ] GC(378)   Other: 0.13ms
[2279.309s][info][gc,heap        ] GC(378) Eden regions: 1117->0(1121)
[2279.309s][info][gc,heap        ] GC(378) Survivor regions: 111->107(154)
[2279.309s][info][gc,heap        ] GC(378) Old regions: 471->503
[2279.309s][info][gc,heap        ] GC(378) Humongous regions: 80->80
[2279.309s][info][gc,metaspace   ] GC(378) Metaspace: 29007K(29376K)->29007K(29376K) NonClass: 24123K(24256K)->24123K(24256K) Class: 4884K(5120K)->4884K(5120K)
[2279.309s][info][gc             ] GC(378) Pause Young (Concurrent Start) (G1 Evacuation Pause) 3557M->1379M(4096M) 115.204ms
[2279.310s][info][gc             ] GC(379) Concurrent Mark Cycle
[2279.310s][info][gc,marking     ] GC(379) Concurrent Scan Root Regions
[2279.310s][info][gc,cpu         ] GC(378) User=0.69s Sys=0.00s Real=0.11s
[2279.480s][info][gc,marking     ] GC(379) Concurrent Scan Root Regions 170.214ms
[2279.480s][info][gc,marking     ] GC(379) Concurrent Mark
[2279.480s][info][gc,marking     ] GC(379) Concurrent Mark From Roots
[2279.480s][info][gc,task        ] GC(379) Using 2 workers of 2 for marking
[2280.053s][info][gc,marking     ] GC(379) Concurrent Mark From Roots 572.938ms
[2280.053s][info][gc,marking     ] GC(379) Concurrent Preclean
[2280.053s][info][gc,marking     ] GC(379) Concurrent Preclean 0.044ms
[2280.053s][info][gc,start       ] GC(379) Pause Remark
[2280.057s][info][gc             ] GC(379) Pause Remark 1733M->1733M(4096M) 3.814ms
[2280.057s][info][gc,cpu         ] GC(379) User=0.02s Sys=0.00s Real=0.00s
[2280.057s][info][gc,marking     ] GC(379) Concurrent Mark 577.060ms
[2280.057s][info][gc,marking     ] GC(379) Concurrent Rebuild Remembered Sets and Scrub Regions
.[2280.303s][info][gc,marking     ] GC(379) Concurrent Rebuild Remembered Sets and Scrub Regions 245.673ms
[2280.303s][info][gc,start       ] GC(379) Pause Cleanup
[2280.303s][info][gc             ] GC(379) Pause Cleanup 1869M->1869M(4096M) 0.121ms
[2280.303s][info][gc,cpu         ] GC(379) User=0.00s Sys=0.00s Real=0.00s
[2280.305s][info][gc,marking     ] GC(379) Concurrent Clear Claimed Marks
[2280.305s][info][gc,marking     ] GC(379) Concurrent Clear Claimed Marks 0.056ms
[2280.305s][info][gc,marking     ] GC(379) Concurrent Cleanup for Next Mark
[2280.310s][info][gc,marking     ] GC(379) Concurrent Cleanup for Next Mark 4.456ms
[2280.310s][info][gc             ] GC(379) Concurrent Mark Cycle 1000.170ms
....[2284.428s][info][gc,start       ] GC(380) Pause Young (Prepare Mixed) (G1 Evacuation Pause)
[2284.428s][info][gc,task        ] GC(380) Using 6 workers of 6 for evacuation
[2284.544s][info][gc,phases      ] GC(380)   Pre Evacuate Collection Set: 0.34ms
[2284.544s][info][gc,phases      ] GC(380)   Merge Heap Roots: 0.58ms
[2284.544s][info][gc,phases      ] GC(380)   Evacuate Collection Set: 113.96ms
[2284.544s][info][gc,phases      ] GC(380)   Post Evacuate Collection Set: 0.97ms
[2284.544s][info][gc,phases      ] GC(380)   Other: 0.09ms
[2284.544s][info][gc,heap        ] GC(380) Eden regions: 1121->0(1113)
[2284.544s][info][gc,heap        ] GC(380) Survivor regions: 107->109(154)
[2284.544s][info][gc,heap        ] GC(380) Old regions: 503->534
[2284.544s][info][gc,heap        ] GC(380) Humongous regions: 80->80
[2284.544s][info][gc,metaspace   ] GC(380) Metaspace: 29007K(29376K)->29007K(29376K) NonClass: 24123K(24256K)->24123K(24256K) Class: 4884K(5120K)->4884K(5120K)
[2284.544s][info][gc             ] GC(380) Pause Young (Prepare Mixed) (G1 Evacuation Pause) 3621M->1445M(4096M) 116.110ms
[2284.544s][info][gc,cpu         ] GC(380) User=0.69s Sys=0.00s Real=0.12s
.....[2289.745s][info][gc,start       ] GC(381) Pause Young (Mixed) (G1 Evacuation Pause)
[2289.745s][info][gc,task        ] GC(381) Using 6 workers of 6 for evacuation
[2289.883s][info][gc,phases      ] GC(381)   Pre Evacuate Collection Set: 0.36ms
[2289.883s][info][gc,phases      ] GC(381)   Merge Heap Roots: 0.78ms
[2289.883s][info][gc,phases      ] GC(381)   Evacuate Collection Set: 135.56ms
[2289.883s][info][gc,phases      ] GC(381)   Post Evacuate Collection Set: 0.95ms
[2289.883s][info][gc,phases      ] GC(381)   Other: 0.09ms
[2289.883s][info][gc,heap        ] GC(381) Eden regions: 1113->0(1119)
[2289.883s][info][gc,heap        ] GC(381) Survivor regions: 109->109(153)
[2289.883s][info][gc,heap        ] GC(381) Old regions: 534->472
[2289.883s][info][gc,heap        ] GC(381) Humongous regions: 80->80
[2289.883s][info][gc,metaspace   ] GC(381) Metaspace: 29007K(29376K)->29007K(29376K) NonClass: 24123K(24256K)->24123K(24256K) Class: 4884K(5120K)->4884K(5120K)
[2289.883s][info][gc             ] GC(381) Pause Young (Mixed) (G1 Evacuation Pause) 3671M->1321M(4096M) 137.882ms
[2289.883s][info][gc,cpu         ] GC(381) User=0.82s Sys=0.00s Real=0.14s
.....[2294.976s][info][gc,start       ] GC(382) Pause Young (Concurrent Start) (G1 Evacuation Pause)
[2294.976s][info][gc,task        ] GC(382) Using 6 workers of 6 for evacuation
[2295.096s][info][gc,phases      ] GC(382)   Pre Evacuate Collection Set: 0.36ms
[2295.096s][info][gc,phases      ] GC(382)   Merge Heap Roots: 0.50ms
[2295.096s][info][gc,phases      ] GC(382)   Evacuate Collection Set: 117.60ms
[2295.096s][info][gc,phases      ] GC(382)   Post Evacuate Collection Set: 0.90ms
[2295.096s][info][gc,phases      ] GC(382)   Other: 0.11ms
[2295.096s][info][gc,heap        ] GC(382) Eden regions: 1119->0(1118)
[2295.096s][info][gc,heap        ] GC(382) Survivor regions: 109->110(154)
[2295.096s][info][gc,heap        ] GC(382) Old regions: 472->503
[2295.096s][info][gc,heap        ] GC(382) Humongous regions: 80->80
[2295.096s][info][gc,metaspace   ] GC(382) Metaspace: 29007K(29376K)->29007K(29376K) NonClass: 24123K(24256K)->24123K(24256K) Class: 4884K(5120K)->4884K(5120K)
[2295.096s][info][gc             ] GC(382) Pause Young (Concurrent Start) (G1 Evacuation Pause) 3559M->1385M(4096M) 119.602ms
[2295.096s][info][gc             ] GC(383) Concurrent Mark Cycle
[2295.096s][info][gc,marking     ] GC(383) Concurrent Scan Root Regions
[2295.096s][info][gc,cpu         ] GC(382) User=0.71s Sys=0.00s Real=0.12s
.[2295.242s][info][gc,marking     ] GC(383) Concurrent Scan Root Regions 146.408ms
[2295.242s][info][gc,marking     ] GC(383) Concurrent Mark
[2295.242s][info][gc,marking     ] GC(383) Concurrent Mark From Roots
[2295.242s][info][gc,task        ] GC(383) Using 2 workers of 2 for marking
[2295.829s][info][gc,marking     ] GC(383) Concurrent Mark From Roots 586.885ms
[2295.829s][info][gc,marking     ] GC(383) Concurrent Preclean
[2295.829s][info][gc,marking     ] GC(383) Concurrent Preclean 0.045ms
[2295.829s][info][gc,start       ] GC(383) Pause Remark
[2295.833s][info][gc             ] GC(383) Pause Remark 1784M->1784M(4096M) 3.925ms
[2295.833s][info][gc,cpu         ] GC(383) User=0.02s Sys=0.00s Real=0.01s
[2295.833s][info][gc,marking     ] GC(383) Concurrent Mark 591.108ms
[2295.833s][info][gc,marking     ] GC(383) Concurrent Rebuild Remembered Sets and Scrub Regions
[2296.058s][info][gc,marking     ] GC(383) Concurrent Rebuild Remembered Sets and Scrub Regions 224.301ms
[2296.058s][info][gc,start       ] GC(383) Pause Cleanup
[2296.058s][info][gc             ] GC(383) Pause Cleanup 1868M->1868M(4096M) 0.126ms
[2296.058s][info][gc,cpu         ] GC(383) User=0.00s Sys=0.00s Real=0.00s
[2296.058s][info][gc,marking     ] GC(383) Concurrent Clear Claimed Marks
[2296.058s][info][gc,marking     ] GC(383) Concurrent Clear Claimed Marks 0.034ms
[2296.058s][info][gc,marking     ] GC(383) Concurrent Cleanup for Next Mark
[2296.062s][info][gc,marking     ] GC(383) Concurrent Cleanup for Next Mark 3.650ms
[2296.062s][info][gc             ] GC(383) Concurrent Mark Cycle 966.055ms
.....[2300.232s][info][gc,start       ] GC(384) Pause Young (Prepare Mixed) (G1 Evacuation Pause)
[2300.232s][info][gc,task        ] GC(384) Using 6 workers of 6 for evacuation
[2300.349s][info][gc,phases      ] GC(384)   Pre Evacuate Collection Set: 0.34ms
[2300.349s][info][gc,phases      ] GC(384)   Merge Heap Roots: 0.56ms
[2300.349s][info][gc,phases      ] GC(384)   Evacuate Collection Set: 115.89ms
[2300.349s][info][gc,phases      ] GC(384)   Post Evacuate Collection Set: 0.95ms
[2300.349s][info][gc,phases      ] GC(384)   Other: 0.10ms
[2300.349s][info][gc,heap        ] GC(384) Eden regions: 1118->0(1112)
[2300.349s][info][gc,heap        ] GC(384) Survivor regions: 110->109(154)
[2300.349s][info][gc,heap        ] GC(384) Old regions: 503->535
[2300.349s][info][gc,heap        ] GC(384) Humongous regions: 80->80
[2300.350s][info][gc,metaspace   ] GC(384) Metaspace: 29007K(29376K)->29007K(29376K) NonClass: 24123K(24256K)->24123K(24256K) Class: 4884K(5120K)->4884K(5120K)
[2300.350s][info][gc             ] GC(384) Pause Young (Prepare Mixed) (G1 Evacuation Pause) 3621M->1446M(4096M) 117.961ms
[2300.350s][info][gc,cpu         ] GC(384) User=0.70s Sys=0.00s Real=0.12s
.....[2305.487s][info][gc,start       ] GC(385) Pause Young (Mixed) (G1 Evacuation Pause)
[2305.487s][info][gc,task        ] GC(385) Using 6 workers of 6 for evacuation
[2305.622s][info][gc,phases      ] GC(385)   Pre Evacuate Collection Set: 0.44ms
[2305.622s][info][gc,phases      ] GC(385)   Merge Heap Roots: 0.77ms
[2305.622s][info][gc,phases      ] GC(385)   Evacuate Collection Set: 132.49ms
[2305.622s][info][gc,phases      ] GC(385)   Post Evacuate Collection Set: 0.98ms
[2305.622s][info][gc,phases      ] GC(385)   Other: 0.09ms
[2305.622s][info][gc,heap        ] GC(385) Eden regions: 1112->0(1117)
[2305.622s][info][gc,heap        ] GC(385) Survivor regions: 109->111(153)
[2305.622s][info][gc,heap        ] GC(385) Old regions: 535->471
[2305.622s][info][gc,heap        ] GC(385) Humongous regions: 80->80
[2305.622s][info][gc,metaspace   ] GC(385) Metaspace: 29007K(29376K)->29007K(29376K) NonClass: 24123K(24256K)->24123K(24256K) Class: 4884K(5120K)->4884K(5120K)
[2305.622s][info][gc             ] GC(385) Pause Young (Mixed) (G1 Evacuation Pause) 3670M->1323M(4096M) 134.906ms
[2305.622s][info][gc,cpu         ] GC(385) User=0.81s Sys=0.00s Real=0.13s
.....[2310.847s][info][gc,start       ] GC(386) Pause Young (Concurrent Start) (G1 Evacuation Pause)
[2310.848s][info][gc,task        ] GC(386) Using 6 workers of 6 for evacuation
[2310.969s][info][gc,phases      ] GC(386)   Pre Evacuate Collection Set: 0.38ms
[2310.969s][info][gc,phases      ] GC(386)   Merge Heap Roots: 0.52ms
[2310.969s][info][gc,phases      ] GC(386)   Evacuate Collection Set: 119.40ms
[2310.969s][info][gc,phases      ] GC(386)   Post Evacuate Collection Set: 0.91ms
[2310.969s][info][gc,phases      ] GC(386)   Other: 0.09ms
[2310.969s][info][gc,heap        ] GC(386) Eden regions: 1117->0(1115)
[2310.969s][info][gc,heap        ] GC(386) Survivor regions: 111->113(154)
[2310.969s][info][gc,heap        ] GC(386) Old regions: 471->503
[2310.969s][info][gc,heap        ] GC(386) Humongous regions: 80->80
[2310.969s][info][gc,metaspace   ] GC(386) Metaspace: 29007K(29376K)->29007K(29376K) NonClass: 24123K(24256K)->24123K(24256K) Class: 4884K(5120K)->4884K(5120K)
[2310.969s][info][gc             ] GC(386) Pause Young (Concurrent Start) (G1 Evacuation Pause) 3557M->1390M(4096M) 121.425ms
[2310.969s][info][gc             ] GC(387) Concurrent Mark Cycle
[2310.969s][info][gc,marking     ] GC(387) Concurrent Scan Root Regions
[2310.969s][info][gc,cpu         ] GC(386) User=0.73s Sys=0.00s Real=0.12s
[2311.114s][info][gc,marking     ] GC(387) Concurrent Scan Root Regions 144.841ms
[2311.114s][info][gc,marking     ] GC(387) Concurrent Mark
[2311.114s][info][gc,marking     ] GC(387) Concurrent Mark From Roots
[2311.114s][info][gc,task        ] GC(387) Using 2 workers of 2 for marking
.[2311.738s][info][gc,marking     ] GC(387) Concurrent Mark From Roots 624.325ms
[2311.738s][info][gc,marking     ] GC(387) Concurrent Preclean
[2311.738s][info][gc,marking     ] GC(387) Concurrent Preclean 0.057ms
[2311.738s][info][gc,start       ] GC(387) Pause Remark
[2311.742s][info][gc             ] GC(387) Pause Remark 1816M->1816M(4096M) 3.674ms
[2311.742s][info][gc,cpu         ] GC(387) User=0.02s Sys=0.00s Real=0.00s
[2311.742s][info][gc,marking     ] GC(387) Concurrent Mark 628.303ms
[2311.742s][info][gc,marking     ] GC(387) Concurrent Rebuild Remembered Sets and Scrub Regions
[2311.988s][info][gc,marking     ] GC(387) Concurrent Rebuild Remembered Sets and Scrub Regions 245.945ms
[2311.988s][info][gc,start       ] GC(387) Pause Cleanup
[2311.988s][info][gc             ] GC(387) Pause Cleanup 1910M->1910M(4096M) 0.120ms
[2311.988s][info][gc,cpu         ] GC(387) User=0.00s Sys=0.00s Real=0.00s
[2311.988s][info][gc,marking     ] GC(387) Concurrent Clear Claimed Marks
[2311.988s][info][gc,marking     ] GC(387) Concurrent Clear Claimed Marks 0.030ms
[2311.988s][info][gc,marking     ] GC(387) Concurrent Cleanup for Next Mark
[2311.992s][info][gc,marking     ] GC(387) Concurrent Cleanup for Next Mark 3.200ms
[2311.992s][info][gc             ] GC(387) Concurrent Mark Cycle 1022.751ms
....[2316.022s][info][gc,start       ] GC(388) Pause Young (Prepare Mixed) (G1 Evacuation Pause)
[2316.023s][info][gc,task        ] GC(388) Using 6 workers of 6 for evacuation
[2316.139s][info][gc,phases      ] GC(388)   Pre Evacuate Collection Set: 0.37ms
[2316.139s][info][gc,phases      ] GC(388)   Merge Heap Roots: 0.53ms
[2316.139s][info][gc,phases      ] GC(388)   Evacuate Collection Set: 114.79ms
[2316.139s][info][gc,phases      ] GC(388)   Post Evacuate Collection Set: 0.99ms
[2316.139s][info][gc,phases      ] GC(388)   Other: 0.09ms
[2316.139s][info][gc,heap        ] GC(388) Eden regions: 1115->0(1114)
[2316.139s][info][gc,heap        ] GC(388) Survivor regions: 113->108(154)
[2316.139s][info][gc,heap        ] GC(388) Old regions: 503->535
[2316.139s][info][gc,heap        ] GC(388) Humongous regions: 80->80
[2316.139s][info][gc,metaspace   ] GC(388) Metaspace: 29007K(29376K)->29007K(29376K) NonClass: 24123K(24256K)->24123K(24256K) Class: 4884K(5120K)->4884K(5120K)
[2316.139s][info][gc             ] GC(388) Pause Young (Prepare Mixed) (G1 Evacuation Pause) 3620M->1443M(4096M) 116.888ms
[2316.139s][info][gc,cpu         ] GC(388) User=0.70s Sys=0.00s Real=0.11s
.... (rIR:aIR:PR = 3598:3598:3598) (tPR = 53558) [OK] 
  2319s: Performance info:
         Transaction,    Success,    Partial,     Failed,   Receipts, AvgBarcode, 
             Overall,     216303,          0,          0,     205482,      59.48, 
         Response times:
             Request,    Success,    Partial,     Failed,   SkipFail,     Probes,    Samples,      min,      p50,      p90,      p95,      p99,      max, 
       TotalPurchase,     205482,          0,          0,          0,     201900,     219442,      300,     2900,     4800,     6600,    37000,   213000,
     InStorePurchase,     108174,          0,          0,          0,     106445,     115316,      300,     3000,     4900,     6700,    40000,   192000,
      OnlinePurchase,      75691,          0,          0,          0,      74478,      81074,      300,     2800,     4800,     6700,    36000,   213000,
        InstPurchase,      21617,          0,          0,          0,      20977,      23052,      400,     2500,     4500,     5900,    30000,   173000,
          AssocOfCat,        218,          0,          0,          0,        162,        247,    19900,    29000,    38200,    50000,   100560,   163000,
      AssocOfProduct,       2161,          0,          0,          0,       1974,       2291,      600,     3700,     5600,     8140,    41080,   142000,
      BusinessReport,        542,          0,          0,          0,        459,        563,    25000,    32000,    50000,    57000,   171000,   234000,
          CustBuyBeh,       2164,          0,          0,          0,       1979,       2282,      200,     3500,     4900,     7000,    33340,   142000,
       ProductReturn,       5736,          0,          0,          0,       5494,       6207,      300,     2700,     4500,     5900,    30920,   143000,

  2319s: (27%)   IR =   3736 ..[2321.260s][info][gc,start       ] GC(389) Pause Young (Mixed) (G1 Evacuation Pause)
[2321.260s][info][gc,task        ] GC(389) Using 6 workers of 6 for evacuation
[2321.394s][info][gc,phases      ] GC(389)   Pre Evacuate Collection Set: 0.44ms
[2321.394s][info][gc,phases      ] GC(389)   Merge Heap Roots: 0.75ms
[2321.394s][info][gc,phases      ] GC(389)   Evacuate Collection Set: 131.15ms
[2321.394s][info][gc,phases      ] GC(389)   Post Evacuate Collection Set: 0.98ms
[2321.394s][info][gc,phases      ] GC(389)   Other: 0.09ms
[2321.394s][info][gc,heap        ] GC(389) Eden regions: 1114->0(1120)
[2321.394s][info][gc,heap        ] GC(389) Survivor regions: 108->108(153)
[2321.394s][info][gc,heap        ] GC(389) Old regions: 535->473
[2321.394s][info][gc,heap        ] GC(389) Humongous regions: 80->80
[2321.394s][info][gc,metaspace   ] GC(389) Metaspace: 29007K(29376K)->29007K(29376K) NonClass: 24123K(24256K)->24123K(24256K) Class: 4884K(5120K)->4884K(5120K)
[2321.394s][info][gc             ] GC(389) Pause Young (Mixed) (G1 Evacuation Pause) 3671M->1320M(4096M) 133.540ms
[2321.394s][info][gc,cpu         ] GC(389) User=0.79s Sys=0.00s Real=0.14s
..|...[2326.257s][info][gc,start       ] GC(390) Pause Young (Concurrent Start) (G1 Evacuation Pause)
[2326.257s][info][gc,task        ] GC(390) Using 6 workers of 6 for evacuation
[2326.374s][info][gc,phases      ] GC(390)   Pre Evacuate Collection Set: 0.42ms
[2326.374s][info][gc,phases      ] GC(390)   Merge Heap Roots: 0.47ms
[2326.374s][info][gc,phases      ] GC(390)   Evacuate Collection Set: 114.98ms
[2326.374s][info][gc,phases      ] GC(390)   Post Evacuate Collection Set: 0.91ms
[2326.374s][info][gc,phases      ] GC(390)   Other: 0.10ms
[2326.374s][info][gc,heap        ] GC(390) Eden regions: 1120->0(1119)
[2326.374s][info][gc,heap        ] GC(390) Survivor regions: 108->109(154)
[2326.374s][info][gc,heap        ] GC(390) Old regions: 473->504
[2326.374s][info][gc,heap        ] GC(390) Humongous regions: 80->80
[2326.374s][info][gc,metaspace   ] GC(390) Metaspace: 29007K(29376K)->29007K(29376K) NonClass: 24123K(24256K)->24123K(24256K) Class: 4884K(5120K)->4884K(5120K)
[2326.374s][info][gc             ] GC(390) Pause Young (Concurrent Start) (G1 Evacuation Pause) 3560M->1384M(4096M) 117.011ms
[2326.374s][info][gc             ] GC(391) Concurrent Mark Cycle
[2326.374s][info][gc,marking     ] GC(391) Concurrent Scan Root Regions
[2326.374s][info][gc,cpu         ] GC(390) User=0.70s Sys=0.00s Real=0.12s
[2326.515s][info][gc,marking     ] GC(391) Concurrent Scan Root Regions 140.750ms
[2326.515s][info][gc,marking     ] GC(391) Concurrent Mark
[2326.515s][info][gc,marking     ] GC(391) Concurrent Mark From Roots
[2326.515s][info][gc,task        ] GC(391) Using 2 workers of 2 for marking
[2327.096s][info][gc,marking     ] GC(391) Concurrent Mark From Roots 580.767ms
[2327.096s][info][gc,marking     ] GC(391) Concurrent Preclean
[2327.096s][info][gc,marking     ] GC(391) Concurrent Preclean 0.055ms
[2327.096s][info][gc,start       ] GC(391) Pause Remark
[2327.100s][info][gc             ] GC(391) Pause Remark 1754M->1754M(4096M) 3.921ms
[2327.100s][info][gc,cpu         ] GC(391) User=0.02s Sys=0.00s Real=0.00s
[2327.100s][info][gc,marking     ] GC(391) Concurrent Mark 584.994ms
[2327.100s][info][gc,marking     ] GC(391) Concurrent Rebuild Remembered Sets and Scrub Regions
.[2327.334s][info][gc,marking     ] GC(391) Concurrent Rebuild Remembered Sets and Scrub Regions 233.744ms
[2327.334s][info][gc,start       ] GC(391) Pause Cleanup
[2327.334s][info][gc             ] GC(391) Pause Cleanup 1866M->1866M(4096M) 0.113ms
[2327.334s][info][gc,cpu         ] GC(391) User=0.00s Sys=0.00s Real=0.00s
[2327.334s][info][gc,marking     ] GC(391) Concurrent Clear Claimed Marks
[2327.334s][info][gc,marking     ] GC(391) Concurrent Clear Claimed Marks 0.037ms
[2327.334s][info][gc,marking     ] GC(391) Concurrent Cleanup for Next Mark
[2327.338s][info][gc,marking     ] GC(391) Concurrent Cleanup for Next Mark 3.723ms
[2327.338s][info][gc             ] GC(391) Concurrent Mark Cycle 963.699ms
....[2331.340s][info][gc,start       ] GC(392) Pause Young (Prepare Mixed) (G1 Evacuation Pause)
[2331.340s][info][gc,task        ] GC(392) Using 6 workers of 6 for evacuation
[2331.457s][info][gc,phases      ] GC(392)   Pre Evacuate Collection Set: 0.34ms
[2331.457s][info][gc,phases      ] GC(392)   Merge Heap Roots: 0.54ms
[2331.457s][info][gc,phases      ] GC(392)   Evacuate Collection Set: 114.89ms
[2331.457s][info][gc,phases      ] GC(392)   Post Evacuate Collection Set: 0.98ms
[2331.457s][info][gc,phases      ] GC(392)   Other: 0.10ms
[2331.457s][info][gc,heap        ] GC(392) Eden regions: 1119->0(1110)
[2331.457s][info][gc,heap        ] GC(392) Survivor regions: 109->109(154)
[2331.457s][info][gc,heap        ] GC(392) Old regions: 504->537
[2331.457s][info][gc,heap        ] GC(392) Humongous regions: 80->80
[2331.457s][info][gc,metaspace   ] GC(392) Metaspace: 29007K(29376K)->29007K(29376K) NonClass: 24123K(24256K)->24123K(24256K) Class: 4884K(5120K)->4884K(5120K)
[2331.457s][info][gc             ] GC(392) Pause Young (Prepare Mixed) (G1 Evacuation Pause) 3622M->1449M(4096M) 116.978ms
[2331.457s][info][gc,cpu         ] GC(392) User=0.70s Sys=0.00s Real=0.12s
.....[2336.419s][info][gc,start       ] GC(393) Pause Young (Mixed) (G1 Evacuation Pause)
[2336.419s][info][gc,task        ] GC(393) Using 6 workers of 6 for evacuation
[2336.550s][info][gc,phases      ] GC(393)   Pre Evacuate Collection Set: 0.39ms
[2336.550s][info][gc,phases      ] GC(393)   Merge Heap Roots: 0.68ms
[2336.550s][info][gc,phases      ] GC(393)   Evacuate Collection Set: 129.11ms
[2336.550s][info][gc,phases      ] GC(393)   Post Evacuate Collection Set: 1.00ms
[2336.550s][info][gc,phases      ] GC(393)   Other: 0.09ms
[2336.550s][info][gc,heap        ] GC(393) Eden regions: 1110->0(1119)
[2336.550s][info][gc,heap        ] GC(393) Survivor regions: 109->109(153)
[2336.550s][info][gc,heap        ] GC(393) Old regions: 537->471
[2336.550s][info][gc,heap        ] GC(393) Humongous regions: 80->80
[2336.550s][info][gc,metaspace   ] GC(393) Metaspace: 29007K(29376K)->29007K(29376K) NonClass: 24123K(24256K)->24123K(24256K) Class: 4884K(5120K)->4884K(5120K)
[2336.550s][info][gc             ] GC(393) Pause Young (Mixed) (G1 Evacuation Pause) 3669M->1318M(4096M) 131.418ms
[2336.551s][info][gc,cpu         ] GC(393) User=0.78s Sys=0.00s Real=0.13s
.....[2341.473s][info][gc,start       ] GC(394) Pause Young (Concurrent Start) (G1 Evacuation Pause)
[2341.473s][info][gc,task        ] GC(394) Using 6 workers of 6 for evacuation
[2341.590s][info][gc,phases      ] GC(394)   Pre Evacuate Collection Set: 0.38ms
[2341.590s][info][gc,phases      ] GC(394)   Merge Heap Roots: 0.51ms
[2341.590s][info][gc,phases      ] GC(394)   Evacuate Collection Set: 115.36ms
[2341.590s][info][gc,phases      ] GC(394)   Post Evacuate Collection Set: 0.88ms
[2341.590s][info][gc,phases      ] GC(394)   Other: 0.11ms
[2341.590s][info][gc,heap        ] GC(394) Eden regions: 1119->0(1119)
[2341.590s][info][gc,heap        ] GC(394) Survivor regions: 109->109(154)
[2341.590s][info][gc,heap        ] GC(394) Old regions: 471->503
[2341.590s][info][gc,heap        ] GC(394) Humongous regions: 80->80
[2341.590s][info][gc,metaspace   ] GC(394) Metaspace: 29007K(29376K)->29007K(29376K) NonClass: 24123K(24256K)->24123K(24256K) Class: 4884K(5120K)->4884K(5120K)
[2341.590s][info][gc             ] GC(394) Pause Young (Concurrent Start) (G1 Evacuation Pause) 3556M->1382M(4096M) 117.363ms
[2341.590s][info][gc             ] GC(395) Concurrent Mark Cycle
[2341.590s][info][gc,marking     ] GC(395) Concurrent Scan Root Regions
[2341.590s][info][gc,cpu         ] GC(394) User=0.70s Sys=0.00s Real=0.11s
[2341.718s][info][gc,marking     ] GC(395) Concurrent Scan Root Regions 127.663ms
[2341.718s][info][gc,marking     ] GC(395) Concurrent Mark
[2341.718s][info][gc,marking     ] GC(395) Concurrent Mark From Roots
[2341.718s][info][gc,task        ] GC(395) Using 2 workers of 2 for marking
.[2342.325s][info][gc,marking     ] GC(395) Concurrent Mark From Roots 607.088ms
[2342.325s][info][gc,marking     ] GC(395) Concurrent Preclean
[2342.325s][info][gc,marking     ] GC(395) Concurrent Preclean 0.049ms
[2342.326s][info][gc,start       ] GC(395) Pause Remark
[2342.330s][info][gc             ] GC(395) Pause Remark 1764M->1764M(4096M) 3.907ms
[2342.330s][info][gc,cpu         ] GC(395) User=0.02s Sys=0.00s Real=0.00s
[2342.330s][info][gc,marking     ] GC(395) Concurrent Mark 611.965ms
[2342.330s][info][gc,marking     ] GC(395) Concurrent Rebuild Remembered Sets and Scrub Regions
[2342.557s][info][gc,marking     ] GC(395) Concurrent Rebuild Remembered Sets and Scrub Regions 227.254ms
[2342.557s][info][gc,start       ] GC(395) Pause Cleanup
[2342.557s][info][gc             ] GC(395) Pause Cleanup 1863M->1863M(4096M) 0.119ms
[2342.557s][info][gc,cpu         ] GC(395) User=0.00s Sys=0.00s Real=0.00s
[2342.558s][info][gc,marking     ] GC(395) Concurrent Clear Claimed Marks
[2342.558s][info][gc,marking     ] GC(395) Concurrent Clear Claimed Marks 0.030ms
[2342.558s][info][gc,marking     ] GC(395) Concurrent Cleanup for Next Mark
[2342.561s][info][gc,marking     ] GC(395) Concurrent Cleanup for Next Mark 3.203ms
[2342.561s][info][gc             ] GC(395) Concurrent Mark Cycle 970.555ms
....[2346.645s][info][gc,start       ] GC(396) Pause Young (Prepare Mixed) (G1 Evacuation Pause)
[2346.645s][info][gc,task        ] GC(396) Using 6 workers of 6 for evacuation
[2346.763s][info][gc,phases      ] GC(396)   Pre Evacuate Collection Set: 0.36ms
[2346.763s][info][gc,phases      ] GC(396)   Merge Heap Roots: 0.57ms
[2346.763s][info][gc,phases      ] GC(396)   Evacuate Collection Set: 116.36ms
[2346.763s][info][gc,phases      ] GC(396)   Post Evacuate Collection Set: 0.94ms
[2346.763s][info][gc,phases      ] GC(396)   Other: 0.10ms
[2346.763s][info][gc,heap        ] GC(396) Eden regions: 1119->0(1112)
[2346.763s][info][gc,heap        ] GC(396) Survivor regions: 109->109(154)
[2346.763s][info][gc,heap        ] GC(396) Old regions: 503->535
[2346.763s][info][gc,heap        ] GC(396) Humongous regions: 80->80
[2346.763s][info][gc,metaspace   ] GC(396) Metaspace: 29007K(29376K)->29007K(29376K) NonClass: 24123K(24256K)->24123K(24256K) Class: 4884K(5120K)->4884K(5120K)
[2346.763s][info][gc             ] GC(396) Pause Young (Prepare Mixed) (G1 Evacuation Pause) 3620M->1446M(4096M) 118.449ms
[2346.763s][info][gc,cpu         ] GC(396) User=0.71s Sys=0.00s Real=0.12s
.....[2351.605s][info][gc,start       ] GC(397) Pause Young (Mixed) (G1 Evacuation Pause)
[2351.605s][info][gc,task        ] GC(397) Using 6 workers of 6 for evacuation
[2351.738s][info][gc,phases      ] GC(397)   Pre Evacuate Collection Set: 0.37ms
[2351.738s][info][gc,phases      ] GC(397)   Merge Heap Roots: 0.68ms
[2351.738s][info][gc,phases      ] GC(397)   Evacuate Collection Set: 130.15ms
[2351.738s][info][gc,phases      ] GC(397)   Post Evacuate Collection Set: 0.95ms
[2351.738s][info][gc,phases      ] GC(397)   Other: 0.09ms
[2351.738s][info][gc,heap        ] GC(397) Eden regions: 1112->0(1119)
[2351.738s][info][gc,heap        ] GC(397) Survivor regions: 109->109(153)
[2351.738s][info][gc,heap        ] GC(397) Old regions: 535->472
[2351.738s][info][gc,heap        ] GC(397) Humongous regions: 80->80
[2351.738s][info][gc,metaspace   ] GC(397) Metaspace: 29007K(29376K)->29007K(29376K) NonClass: 24123K(24256K)->24123K(24256K) Class: 4884K(5120K)->4884K(5120K)
[2351.738s][info][gc             ] GC(397) Pause Young (Mixed) (G1 Evacuation Pause) 3670M->1320M(4096M) 132.391ms
[2351.738s][info][gc,cpu         ] GC(397) User=0.79s Sys=0.00s Real=0.13s
.....[2356.762s][info][gc,start       ] GC(398) Pause Young (Concurrent Start) (G1 Evacuation Pause)
[2356.762s][info][gc,task        ] GC(398) Using 6 workers of 6 for evacuation
[2356.883s][info][gc,phases      ] GC(398)   Pre Evacuate Collection Set: 0.41ms
[2356.883s][info][gc,phases      ] GC(398)   Merge Heap Roots: 0.52ms
[2356.883s][info][gc,phases      ] GC(398)   Evacuate Collection Set: 119.35ms
[2356.883s][info][gc,phases      ] GC(398)   Post Evacuate Collection Set: 0.93ms
[2356.883s][info][gc,phases      ] GC(398)   Other: 0.10ms
[2356.883s][info][gc,heap        ] GC(398) Eden regions: 1119->0(1116)
[2356.883s][info][gc,heap        ] GC(398) Survivor regions: 109->112(154)
[2356.883s][info][gc,heap        ] GC(398) Old regions: 472->505
[2356.883s][info][gc,heap        ] GC(398) Humongous regions: 80->80
[2356.883s][info][gc,metaspace   ] GC(398) Metaspace: 29007K(29376K)->29007K(29376K) NonClass: 24123K(24256K)->24123K(24256K) Class: 4884K(5120K)->4884K(5120K)
[2356.883s][info][gc             ] GC(398) Pause Young (Concurrent Start) (G1 Evacuation Pause) 3558M->1391M(4096M) 121.465ms
[2356.884s][info][gc             ] GC(399) Concurrent Mark Cycle
[2356.884s][info][gc,cpu         ] GC(398) User=0.72s Sys=0.01s Real=0.13s
[2356.884s][info][gc,marking     ] GC(399) Concurrent Scan Root Regions
[2357.066s][info][gc,marking     ] GC(399) Concurrent Scan Root Regions 182.003ms
[2357.066s][info][gc,marking     ] GC(399) Concurrent Mark
[2357.066s][info][gc,marking     ] GC(399) Concurrent Mark From Roots
[2357.066s][info][gc,task        ] GC(399) Using 2 workers of 2 for marking
.[2358.037s][info][gc,marking     ] GC(399) Concurrent Mark From Roots 971.548ms
[2358.037s][info][gc,marking     ] GC(399) Concurrent Preclean
[2358.037s][info][gc,marking     ] GC(399) Concurrent Preclean 0.046ms
[2358.037s][info][gc,start       ] GC(399) Pause Remark
[2358.042s][info][gc             ] GC(399) Pause Remark 1985M->1985M(4096M) 4.496ms
[2358.042s][info][gc,cpu         ] GC(399) User=0.03s Sys=0.00s Real=0.00s
[2358.042s][info][gc,marking     ] GC(399) Concurrent Mark 976.348ms
[2358.042s][info][gc,marking     ] GC(399) Concurrent Rebuild Remembered Sets and Scrub Regions
.[2358.398s][info][gc,marking     ] GC(399) Concurrent Rebuild Remembered Sets and Scrub Regions 355.549ms
[2358.398s][info][gc,start       ] GC(399) Pause Cleanup
[2358.398s][info][gc             ] GC(399) Pause Cleanup 2115M->2115M(4096M) 0.129ms
[2358.398s][info][gc,cpu         ] GC(399) User=0.00s Sys=0.00s Real=0.00s
[2358.398s][info][gc,marking     ] GC(399) Concurrent Clear Claimed Marks
[2358.398s][info][gc,marking     ] GC(399) Concurrent Clear Claimed Marks 0.025ms
[2358.398s][info][gc,marking     ] GC(399) Concurrent Cleanup for Next Mark
[2358.401s][info][gc,marking     ] GC(399) Concurrent Cleanup for Next Mark 3.238ms
[2358.401s][info][gc             ] GC(399) Concurrent Mark Cycle 1517.598ms
...[2361.879s][info][gc,start       ] GC(400) Pause Young (Prepare Mixed) (G1 Evacuation Pause)
[2361.879s][info][gc,task        ] GC(400) Using 6 workers of 6 for evacuation
[2361.998s][info][gc,phases      ] GC(400)   Pre Evacuate Collection Set: 0.36ms
[2361.998s][info][gc,phases      ] GC(400)   Merge Heap Roots: 0.53ms
[2361.998s][info][gc,phases      ] GC(400)   Evacuate Collection Set: 116.82ms
[2361.998s][info][gc,phases      ] GC(400)   Post Evacuate Collection Set: 0.95ms
[2361.998s][info][gc,phases      ] GC(400)   Other: 0.09ms
[2361.998s][info][gc,heap        ] GC(400) Eden regions: 1116->0(1107)
[2361.998s][info][gc,heap        ] GC(400) Survivor regions: 112->111(154)
[2361.998s][info][gc,heap        ] GC(400) Old regions: 505->536
[2361.998s][info][gc,heap        ] GC(400) Humongous regions: 80->80
[2361.998s][info][gc,metaspace   ] GC(400) Metaspace: 29007K(29376K)->29007K(29376K) NonClass: 24123K(24256K)->24123K(24256K) Class: 4884K(5120K)->4884K(5120K)
[2361.998s][info][gc             ] GC(400) Pause Young (Prepare Mixed) (G1 Evacuation Pause) 3623M->1452M(4096M) 118.873ms
[2361.998s][info][gc,cpu         ] GC(400) User=0.71s Sys=0.00s Real=0.12s
.....[2366.764s][info][gc,start       ] GC(401) Pause Young (Mixed) (G1 Evacuation Pause)
[2366.764s][info][gc,task        ] GC(401) Using 6 workers of 6 for evacuation
[2366.901s][info][gc,phases      ] GC(401)   Pre Evacuate Collection Set: 0.36ms
[2366.901s][info][gc,phases      ] GC(401)   Merge Heap Roots: 0.70ms
[2366.901s][info][gc,phases      ] GC(401)   Evacuate Collection Set: 134.48ms
[2366.901s][info][gc,phases      ] GC(401)   Post Evacuate Collection Set: 0.97ms
[2366.901s][info][gc,phases      ] GC(401)   Other: 0.09ms
[2366.901s][info][gc,heap        ] GC(401) Eden regions: 1107->0(1116)
[2366.901s][info][gc,heap        ] GC(401) Survivor regions: 111->112(153)
[2366.901s][info][gc,heap        ] GC(401) Old regions: 536->473
[2366.901s][info][gc,heap        ] GC(401) Humongous regions: 80->80
[2366.901s][info][gc,metaspace   ] GC(401) Metaspace: 29007K(29376K)->29007K(29376K) NonClass: 24123K(24256K)->24123K(24256K) Class: 4884K(5120K)->4884K(5120K)
[2366.901s][info][gc             ] GC(401) Pause Young (Mixed) (G1 Evacuation Pause) 3666M->1327M(4096M) 136.735ms
[2366.901s][info][gc,cpu         ] GC(401) User=0.81s Sys=0.00s Real=0.13s
.....[2371.824s][info][gc,start       ] GC(402) Pause Young (Concurrent Start) (G1 Evacuation Pause)
[2371.824s][info][gc,task        ] GC(402) Using 6 workers of 6 for evacuation
[2371.942s][info][gc,phases      ] GC(402)   Pre Evacuate Collection Set: 0.39ms
[2371.942s][info][gc,phases      ] GC(402)   Merge Heap Roots: 0.50ms
[2371.942s][info][gc,phases      ] GC(402)   Evacuate Collection Set: 116.44ms
[2371.942s][info][gc,phases      ] GC(402)   Post Evacuate Collection Set: 0.90ms
[2371.942s][info][gc,phases      ] GC(402)   Other: 0.13ms
[2371.942s][info][gc,heap        ] GC(402) Eden regions: 1116->0(1119)
[2371.942s][info][gc,heap        ] GC(402) Survivor regions: 112->109(154)
[2371.942s][info][gc,heap        ] GC(402) Old regions: 473->505
[2371.942s][info][gc,heap        ] GC(402) Humongous regions: 80->80
[2371.942s][info][gc,metaspace   ] GC(402) Metaspace: 29007K(29376K)->29007K(29376K) NonClass: 24123K(24256K)->24123K(24256K) Class: 4884K(5120K)->4884K(5120K)
[2371.942s][info][gc             ] GC(402) Pause Young (Concurrent Start) (G1 Evacuation Pause) 3559M->1386M(4096M) 118.494ms
[2371.942s][info][gc             ] GC(403) Concurrent Mark Cycle
[2371.942s][info][gc,marking     ] GC(403) Concurrent Scan Root Regions
[2371.942s][info][gc,cpu         ] GC(402) User=0.71s Sys=0.00s Real=0.11s
[2372.115s][info][gc,marking     ] GC(403) Concurrent Scan Root Regions 173.121ms
[2372.115s][info][gc,marking     ] GC(403) Concurrent Mark
[2372.115s][info][gc,marking     ] GC(403) Concurrent Mark From Roots
[2372.115s][info][gc,task        ] GC(403) Using 2 workers of 2 for marking
.[2373.086s][info][gc,marking     ] GC(403) Concurrent Mark From Roots 970.449ms
[2373.086s][info][gc,marking     ] GC(403) Concurrent Preclean
[2373.086s][info][gc,marking     ] GC(403) Concurrent Preclean 0.057ms
[2373.086s][info][gc,start       ] GC(403) Pause Remark
[2373.090s][info][gc             ] GC(403) Pause Remark 1958M->1958M(4096M) 4.182ms
[2373.090s][info][gc,cpu         ] GC(403) User=0.02s Sys=0.00s Real=0.00s
[2373.090s][info][gc,marking     ] GC(403) Concurrent Mark 974.984ms
[2373.090s][info][gc,marking     ] GC(403) Concurrent Rebuild Remembered Sets and Scrub Regions
.[2373.447s][info][gc,marking     ] GC(403) Concurrent Rebuild Remembered Sets and Scrub Regions 356.456ms
[2373.447s][info][gc,start       ] GC(403) Pause Cleanup
[2373.447s][info][gc             ] GC(403) Pause Cleanup 2108M->2108M(4096M) 0.122ms
[2373.447s][info][gc,cpu         ] GC(403) User=0.00s Sys=0.00s Real=0.00s
[2373.447s][info][gc,marking     ] GC(403) Concurrent Clear Claimed Marks
[2373.447s][info][gc,marking     ] GC(403) Concurrent Clear Claimed Marks 0.030ms
[2373.447s][info][gc,marking     ] GC(403) Concurrent Cleanup for Next Mark
[2373.450s][info][gc,marking     ] GC(403) Concurrent Cleanup for Next Mark 3.290ms
[2373.450s][info][gc             ] GC(403) Concurrent Mark Cycle 1508.331ms
...[2376.934s][info][gc,start       ] GC(404) Pause Young (Prepare Mixed) (G1 Evacuation Pause)
[2376.934s][info][gc,task        ] GC(404) Using 6 workers of 6 for evacuation
[2377.052s][info][gc,phases      ] GC(404)   Pre Evacuate Collection Set: 0.37ms
[2377.052s][info][gc,phases      ] GC(404)   Merge Heap Roots: 0.56ms
[2377.052s][info][gc,phases      ] GC(404)   Evacuate Collection Set: 115.90ms
[2377.052s][info][gc,phases      ] GC(404)   Post Evacuate Collection Set: 0.96ms
[2377.052s][info][gc,phases      ] GC(404)   Other: 0.09ms
[2377.052s][info][gc,heap        ] GC(404) Eden regions: 1119->0(1110)
[2377.052s][info][gc,heap        ] GC(404) Survivor regions: 109->109(154)
[2377.052s][info][gc,heap        ] GC(404) Old regions: 505->537
[2377.052s][info][gc,heap        ] GC(404) Humongous regions: 80->80
[2377.052s][info][gc,metaspace   ] GC(404) Metaspace: 29007K(29376K)->29007K(29376K) NonClass: 24123K(24256K)->24123K(24256K) Class: 4884K(5120K)->4884K(5120K)
[2377.052s][info][gc             ] GC(404) Pause Young (Prepare Mixed) (G1 Evacuation Pause) 3624M->1450M(4096M) 118.022ms
[2377.052s][info][gc,cpu         ] GC(404) User=0.70s Sys=0.00s Real=0.11s
.....[2381.918s][info][gc,start       ] GC(405) Pause Young (Mixed) (G1 Evacuation Pause)
[2381.918s][info][gc,task        ] GC(405) Using 6 workers of 6 for evacuation
[2382.055s][info][gc,phases      ] GC(405)   Pre Evacuate Collection Set: 0.37ms
[2382.055s][info][gc,phases      ] GC(405)   Merge Heap Roots: 0.70ms
[2382.055s][info][gc,phases      ] GC(405)   Evacuate Collection Set: 135.49ms
[2382.055s][info][gc,phases      ] GC(405)   Post Evacuate Collection Set: 0.95ms
[2382.055s][info][gc,phases      ] GC(405)   Other: 0.09ms
[2382.055s][info][gc,heap        ] GC(405) Eden regions: 1110->0(1116)
[2382.055s][info][gc,heap        ] GC(405) Survivor regions: 109->112(153)
[2382.055s][info][gc,heap        ] GC(405) Old regions: 537->473
[2382.055s][info][gc,heap        ] GC(405) Humongous regions: 80->80
[2382.055s][info][gc,metaspace   ] GC(405) Metaspace: 29007K(29376K)->29007K(29376K) NonClass: 24123K(24256K)->24123K(24256K) Class: 4884K(5120K)->4884K(5120K)
[2382.055s][info][gc             ] GC(405) Pause Young (Mixed) (G1 Evacuation Pause) 3670M->1328M(4096M) 137.728ms
[2382.056s][info][gc,cpu         ] GC(405) User=0.82s Sys=0.00s Real=0.14s
.. (rIR:aIR:PR = 3736:3736:3736) (tPR = 55257) [OK] 
  2383s: Performance info:
         Transaction,    Success,    Partial,     Failed,   Receipts, AvgBarcode, 
             Overall,     224333,          0,          0,     213129,      59.48, 
         Response times:
             Request,    Success,    Partial,     Failed,   SkipFail,     Probes,    Samples,      min,      p50,      p90,      p95,      p99,      max, 
       TotalPurchase,     213129,          0,          0,          0,     209519,     223701,      300,     3000,     5200,     7600,    37000,   159000,
     InStorePurchase,     112178,          0,          0,          0,     110482,     117738,      300,     2900,     5200,     7600,    36000,   159000,
      OnlinePurchase,      78530,          0,          0,          0,      77186,      82264,      300,     3100,     5200,     7600,    36350,   159000,
        InstPurchase,      22421,          0,          0,          0,      21851,      23699,      400,     2900,     5200,     7800,    38000,   148000,
          AssocOfCat,        224,          0,          0,          0,        146,        208,    19300,    29000,    40000,    52650,    89640,   107000,
      AssocOfProduct,       2237,          0,          0,          0,       2064,       2388,      500,     3400,     5300,     8065,    39220,   138000,
      BusinessReport,        557,          0,          0,          0,        471,        625,    22000,    32000,    51000,    67000,   163480,   193000,
          CustBuyBeh,       2237,          0,          0,          0,       2050,       2369,      200,     3000,     5300,     7550,    34000,   121000,
       ProductReturn,       5949,          0,          0,          0,       5595,       6186,      400,     2800,     4900,     7300,    36000,   165000,

  2383s: (28%)   IR =   3874 ...[2386.937s][info][gc,start       ] GC(406) Pause Young (Concurrent Start) (G1 Evacuation Pause)
[2386.937s][info][gc,task        ] GC(406) Using 6 workers of 6 for evacuation
[2387.053s][info][gc,phases      ] GC(406)   Pre Evacuate Collection Set: 0.38ms
[2387.053s][info][gc,phases      ] GC(406)   Merge Heap Roots: 0.49ms
[2387.053s][info][gc,phases      ] GC(406)   Evacuate Collection Set: 113.96ms
[2387.053s][info][gc,phases      ] GC(406)   Post Evacuate Collection Set: 0.93ms
[2387.053s][info][gc,phases      ] GC(406)   Other: 0.12ms
[2387.053s][info][gc,heap        ] GC(406) Eden regions: 1116->0(1120)
[2387.053s][info][gc,heap        ] GC(406) Survivor regions: 112->108(154)
[2387.053s][info][gc,heap        ] GC(406) Old regions: 473->505
[2387.053s][info][gc,heap        ] GC(406) Humongous regions: 80->80
[2387.053s][info][gc,metaspace   ] GC(406) Metaspace: 29007K(29376K)->29007K(29376K) NonClass: 24123K(24256K)->24123K(24256K) Class: 4884K(5120K)->4884K(5120K)
[2387.053s][info][gc             ] GC(406) Pause Young (Concurrent Start) (G1 Evacuation Pause) 3560M->1384M(4096M) 116.020ms
[2387.053s][info][gc             ] GC(407) Concurrent Mark Cycle
[2387.053s][info][gc,marking     ] GC(407) Concurrent Scan Root Regions
[2387.054s][info][gc,cpu         ] GC(406) User=0.69s Sys=0.00s Real=0.12s
[2387.227s][info][gc,marking     ] GC(407) Concurrent Scan Root Regions 173.445ms
[2387.227s][info][gc,marking     ] GC(407) Concurrent Mark
[2387.227s][info][gc,marking     ] GC(407) Concurrent Mark From Roots
[2387.227s][info][gc,task        ] GC(407) Using 2 workers of 2 for marking
.[2388.188s][info][gc,marking     ] GC(407) Concurrent Mark From Roots 961.126ms
[2388.188s][info][gc,marking     ] GC(407) Concurrent Preclean
[2388.188s][info][gc,marking     ] GC(407) Concurrent Preclean 0.080ms
[2388.189s][info][gc,start       ] GC(407) Pause Remark
[2388.193s][info][gc             ] GC(407) Pause Remark 1956M->1956M(4096M) 4.655ms
[2388.193s][info][gc,cpu         ] GC(407) User=0.02s Sys=0.00s Real=0.01s
[2388.193s][info][gc,marking     ] GC(407) Concurrent Mark 966.392ms
[2388.193s][info][gc,marking     ] GC(407) Concurrent Rebuild Remembered Sets and Scrub Regions
.|[2388.421s][info][gc,marking     ] GC(407) Concurrent Rebuild Remembered Sets and Scrub Regions 227.775ms
[2388.421s][info][gc,start       ] GC(407) Pause Cleanup
[2388.421s][info][gc             ] GC(407) Pause Cleanup 2041M->2041M(4096M) 0.117ms
[2388.421s][info][gc,cpu         ] GC(407) User=0.00s Sys=0.00s Real=0.00s
[2388.421s][info][gc,marking     ] GC(407) Concurrent Clear Claimed Marks
[2388.421s][info][gc,marking     ] GC(407) Concurrent Clear Claimed Marks 0.027ms
[2388.421s][info][gc,marking     ] GC(407) Concurrent Cleanup for Next Mark
[2388.426s][info][gc,marking     ] GC(407) Concurrent Cleanup for Next Mark 4.199ms
[2388.426s][info][gc             ] GC(407) Concurrent Mark Cycle 1372.275ms
...[2391.908s][info][gc,start       ] GC(408) Pause Young (Prepare Mixed) (G1 Evacuation Pause)
[2391.908s][info][gc,task        ] GC(408) Using 6 workers of 6 for evacuation
[2392.028s][info][gc,phases      ] GC(408)   Pre Evacuate Collection Set: 0.36ms
[2392.028s][info][gc,phases      ] GC(408)   Merge Heap Roots: 0.54ms
[2392.028s][info][gc,phases      ] GC(408)   Evacuate Collection Set: 118.08ms
[2392.028s][info][gc,phases      ] GC(408)   Post Evacuate Collection Set: 0.90ms
[2392.028s][info][gc,phases      ] GC(408)   Other: 0.09ms
[2392.028s][info][gc,heap        ] GC(408) Eden regions: 1120->0(1107)
[2392.028s][info][gc,heap        ] GC(408) Survivor regions: 108->111(154)
[2392.028s][info][gc,heap        ] GC(408) Old regions: 505->536
[2392.028s][info][gc,heap        ] GC(408) Humongous regions: 80->80
[2392.028s][info][gc,metaspace   ] GC(408) Metaspace: 29007K(29376K)->29007K(29376K) NonClass: 24123K(24256K)->24123K(24256K) Class: 4884K(5120K)->4884K(5120K)
[2392.028s][info][gc             ] GC(408) Pause Young (Prepare Mixed) (G1 Evacuation Pause) 3624M->1453M(4096M) 120.097ms
[2392.028s][info][gc,cpu         ] GC(408) User=0.71s Sys=0.00s Real=0.12s
.....[2396.753s][info][gc,start       ] GC(409) Pause Young (Mixed) (G1 Evacuation Pause)
[2396.753s][info][gc,task        ] GC(409) Using 6 workers of 6 for evacuation
[2396.892s][info][gc,phases      ] GC(409)   Pre Evacuate Collection Set: 0.37ms
[2396.892s][info][gc,phases      ] GC(409)   Merge Heap Roots: 0.78ms
[2396.892s][info][gc,phases      ] GC(409)   Evacuate Collection Set: 136.26ms
[2396.892s][info][gc,phases      ] GC(409)   Post Evacuate Collection Set: 0.99ms
[2396.892s][info][gc,phases      ] GC(409)   Other: 0.10ms
[2396.892s][info][gc,heap        ] GC(409) Eden regions: 1107->0(1117)
[2396.892s][info][gc,heap        ] GC(409) Survivor regions: 111->111(153)
[2396.892s][info][gc,heap        ] GC(409) Old regions: 536->470
[2396.892s][info][gc,heap        ] GC(409) Humongous regions: 80->80
[2396.892s][info][gc,metaspace   ] GC(409) Metaspace: 29007K(29376K)->29007K(29376K) NonClass: 24123K(24256K)->24123K(24256K) Class: 4884K(5120K)->4884K(5120K)
[2396.892s][info][gc             ] GC(409) Pause Young (Mixed) (G1 Evacuation Pause) 3667M->1321M(4096M) 138.639ms
[2396.892s][info][gc,cpu         ] GC(409) User=0.82s Sys=0.00s Real=0.13s
.....[2401.655s][info][gc,start       ] GC(410) Pause Young (Concurrent Start) (G1 Evacuation Pause)
[2401.655s][info][gc,task        ] GC(410) Using 6 workers of 6 for evacuation
[2401.772s][info][gc,phases      ] GC(410)   Pre Evacuate Collection Set: 0.42ms
[2401.772s][info][gc,phases      ] GC(410)   Merge Heap Roots: 0.52ms
[2401.772s][info][gc,phases      ] GC(410)   Evacuate Collection Set: 114.14ms
[2401.772s][info][gc,phases      ] GC(410)   Post Evacuate Collection Set: 0.91ms
[2401.772s][info][gc,phases      ] GC(410)   Other: 0.12ms
[2401.772s][info][gc,heap        ] GC(410) Eden regions: 1117->0(1119)
[2401.772s][info][gc,heap        ] GC(410) Survivor regions: 111->109(154)
[2401.772s][info][gc,heap        ] GC(410) Old regions: 470->502
[2401.772s][info][gc,heap        ] GC(410) Humongous regions: 80->80
[2401.772s][info][gc,metaspace   ] GC(410) Metaspace: 29007K(29376K)->29007K(29376K) NonClass: 24123K(24256K)->24123K(24256K) Class: 4884K(5120K)->4884K(5120K)
[2401.772s][info][gc             ] GC(410) Pause Young (Concurrent Start) (G1 Evacuation Pause) 3555M->1380M(4096M) 116.240ms
[2401.772s][info][gc             ] GC(411) Concurrent Mark Cycle
[2401.772s][info][gc,marking     ] GC(411) Concurrent Scan Root Regions
[2401.772s][info][gc,cpu         ] GC(410) User=0.69s Sys=0.00s Real=0.11s
[2401.908s][info][gc,marking     ] GC(411) Concurrent Scan Root Regions 135.882ms
[2401.908s][info][gc,marking     ] GC(411) Concurrent Mark
[2401.908s][info][gc,marking     ] GC(411) Concurrent Mark From Roots
[2401.908s][info][gc,task        ] GC(411) Using 2 workers of 2 for marking
.[2402.513s][info][gc,marking     ] GC(411) Concurrent Mark From Roots 605.241ms
[2402.513s][info][gc,marking     ] GC(411) Concurrent Preclean
[2402.513s][info][gc,marking     ] GC(411) Concurrent Preclean 0.045ms
[2402.513s][info][gc,start       ] GC(411) Pause Remark
[2402.517s][info][gc             ] GC(411) Pause Remark 1788M->1788M(4096M) 4.023ms
[2402.517s][info][gc,cpu         ] GC(411) User=0.02s Sys=0.00s Real=0.00s
[2402.517s][info][gc,marking     ] GC(411) Concurrent Mark 609.551ms
[2402.517s][info][gc,marking     ] GC(411) Concurrent Rebuild Remembered Sets and Scrub Regions
[2402.740s][info][gc,marking     ] GC(411) Concurrent Rebuild Remembered Sets and Scrub Regions 223.285ms
[2402.741s][info][gc,start       ] GC(411) Pause Cleanup
[2402.741s][info][gc             ] GC(411) Pause Cleanup 1871M->1871M(4096M) 0.120ms
[2402.741s][info][gc,cpu         ] GC(411) User=0.00s Sys=0.00s Real=0.00s
[2402.741s][info][gc,marking     ] GC(411) Concurrent Clear Claimed Marks
[2402.741s][info][gc,marking     ] GC(411) Concurrent Clear Claimed Marks 0.032ms
[2402.741s][info][gc,marking     ] GC(411) Concurrent Cleanup for Next Mark
[2402.746s][info][gc,marking     ] GC(411) Concurrent Cleanup for Next Mark 4.994ms
[2402.746s][info][gc             ] GC(411) Concurrent Mark Cycle 974.427ms
....[2406.497s][info][gc,start       ] GC(412) Pause Young (Prepare Mixed) (G1 Evacuation Pause)
[2406.497s][info][gc,task        ] GC(412) Using 6 workers of 6 for evacuation
[2406.614s][info][gc,phases      ] GC(412)   Pre Evacuate Collection Set: 0.33ms
[2406.614s][info][gc,phases      ] GC(412)   Merge Heap Roots: 0.53ms
[2406.614s][info][gc,phases      ] GC(412)   Evacuate Collection Set: 115.27ms
[2406.614s][info][gc,phases      ] GC(412)   Post Evacuate Collection Set: 0.95ms
[2406.614s][info][gc,phases      ] GC(412)   Other: 0.10ms
[2406.614s][info][gc,heap        ] GC(412) Eden regions: 1119->0(1115)
[2406.614s][info][gc,heap        ] GC(412) Survivor regions: 109->108(154)
[2406.614s][info][gc,heap        ] GC(412) Old regions: 502->534
[2406.614s][info][gc,heap        ] GC(412) Humongous regions: 80->80
[2406.614s][info][gc,metaspace   ] GC(412) Metaspace: 29010K(29376K)->29010K(29376K) NonClass: 24125K(24256K)->24125K(24256K) Class: 4884K(5120K)->4884K(5120K)
[2406.614s][info][gc             ] GC(412) Pause Young (Prepare Mixed) (G1 Evacuation Pause) 3618M->1443M(4096M) 117.288ms
[2406.614s][info][gc,cpu         ] GC(412) User=0.69s Sys=0.00s Real=0.12s
.....[2411.454s][info][gc,start       ] GC(413) Pause Young (Mixed) (G1 Evacuation Pause)
[2411.454s][info][gc,task        ] GC(413) Using 6 workers of 6 for evacuation
[2411.588s][info][gc,phases      ] GC(413)   Pre Evacuate Collection Set: 0.44ms
[2411.588s][info][gc,phases      ] GC(413)   Merge Heap Roots: 0.80ms
[2411.588s][info][gc,phases      ] GC(413)   Evacuate Collection Set: 131.34ms
[2411.588s][info][gc,phases      ] GC(413)   Post Evacuate Collection Set: 1.00ms
[2411.588s][info][gc,phases      ] GC(413)   Other: 0.09ms
[2411.588s][info][gc,heap        ] GC(413) Eden regions: 1115->0(1119)
[2411.588s][info][gc,heap        ] GC(413) Survivor regions: 108->109(153)
[2411.588s][info][gc,heap        ] GC(413) Old regions: 534->471
[2411.588s][info][gc,heap        ] GC(413) Humongous regions: 80->80
[2411.588s][info][gc,metaspace   ] GC(413) Metaspace: 29010K(29376K)->29010K(29376K) NonClass: 24125K(24256K)->24125K(24256K) Class: 4884K(5120K)->4884K(5120K)
[2411.588s][info][gc             ] GC(413) Pause Young (Mixed) (G1 Evacuation Pause) 3673M->1319M(4096M) 133.803ms
[2411.588s][info][gc,cpu         ] GC(413) User=0.79s Sys=0.01s Real=0.13s
.....[2416.373s][info][gc,start       ] GC(414) Pause Young (Concurrent Start) (G1 Evacuation Pause)
[2416.373s][info][gc,task        ] GC(414) Using 6 workers of 6 for evacuation
[2416.493s][info][gc,phases      ] GC(414)   Pre Evacuate Collection Set: 0.37ms
[2416.493s][info][gc,phases      ] GC(414)   Merge Heap Roots: 0.52ms
[2416.493s][info][gc,phases      ] GC(414)   Evacuate Collection Set: 117.46ms
[2416.493s][info][gc,phases      ] GC(414)   Post Evacuate Collection Set: 0.92ms
[2416.493s][info][gc,phases      ] GC(414)   Other: 0.12ms
[2416.493s][info][gc,heap        ] GC(414) Eden regions: 1119->0(1118)
[2416.493s][info][gc,heap        ] GC(414) Survivor regions: 109->110(154)
[2416.493s][info][gc,heap        ] GC(414) Old regions: 471->503
[2416.493s][info][gc,heap        ] GC(414) Humongous regions: 80->80
[2416.493s][info][gc,metaspace   ] GC(414) Metaspace: 29010K(29376K)->29010K(29376K) NonClass: 24125K(24256K)->24125K(24256K) Class: 4884K(5120K)->4884K(5120K)
[2416.493s][info][gc             ] GC(414) Pause Young (Concurrent Start) (G1 Evacuation Pause) 3557M->1384M(4096M) 119.535ms
[2416.493s][info][gc             ] GC(415) Concurrent Mark Cycle
[2416.493s][info][gc,marking     ] GC(415) Concurrent Scan Root Regions
[2416.493s][info][gc,cpu         ] GC(414) User=0.71s Sys=0.00s Real=0.12s
[2416.632s][info][gc,marking     ] GC(415) Concurrent Scan Root Regions 139.394ms
[2416.632s][info][gc,marking     ] GC(415) Concurrent Mark
[2416.632s][info][gc,marking     ] GC(415) Concurrent Mark From Roots
[2416.632s][info][gc,task        ] GC(415) Using 2 workers of 2 for marking
[2417.222s][info][gc,marking     ] GC(415) Concurrent Mark From Roots 589.495ms
[2417.222s][info][gc,marking     ] GC(415) Concurrent Preclean
[2417.222s][info][gc,marking     ] GC(415) Concurrent Preclean 0.055ms
[2417.222s][info][gc,start       ] GC(415) Pause Remark
[2417.226s][info][gc             ] GC(415) Pause Remark 1784M->1784M(4096M) 3.773ms
[2417.226s][info][gc,cpu         ] GC(415) User=0.02s Sys=0.00s Real=0.01s
[2417.226s][info][gc,marking     ] GC(415) Concurrent Mark 593.648ms
[2417.226s][info][gc,marking     ] GC(415) Concurrent Rebuild Remembered Sets and Scrub Regions
.[2417.488s][info][gc,marking     ] GC(415) Concurrent Rebuild Remembered Sets and Scrub Regions 261.910ms
[2417.488s][info][gc,start       ] GC(415) Pause Cleanup
[2417.488s][info][gc             ] GC(415) Pause Cleanup 1915M->1915M(4096M) 0.123ms
[2417.488s][info][gc,cpu         ] GC(415) User=0.00s Sys=0.00s Real=0.00s
[2417.488s][info][gc,marking     ] GC(415) Concurrent Clear Claimed Marks
[2417.488s][info][gc,marking     ] GC(415) Concurrent Clear Claimed Marks 0.027ms
[2417.488s][info][gc,marking     ] GC(415) Concurrent Cleanup for Next Mark
[2417.493s][info][gc,marking     ] GC(415) Concurrent Cleanup for Next Mark 4.381ms
[2417.493s][info][gc             ] GC(415) Concurrent Mark Cycle 999.811ms
...[2421.246s][info][gc,start       ] GC(416) Pause Young (Prepare Mixed) (G1 Evacuation Pause)
[2421.246s][info][gc,task        ] GC(416) Using 6 workers of 6 for evacuation
[2421.363s][info][gc,phases      ] GC(416)   Pre Evacuate Collection Set: 0.39ms
[2421.363s][info][gc,phases      ] GC(416)   Merge Heap Roots: 0.55ms
[2421.363s][info][gc,phases      ] GC(416)   Evacuate Collection Set: 115.07ms
[2421.363s][info][gc,phases      ] GC(416)   Post Evacuate Collection Set: 0.96ms
[2421.363s][info][gc,phases      ] GC(416)   Other: 0.08ms
[2421.363s][info][gc,heap        ] GC(416) Eden regions: 1118->0(1113)
[2421.363s][info][gc,heap        ] GC(416) Survivor regions: 110->108(154)
[2421.363s][info][gc,heap        ] GC(416) Old regions: 503->536
[2421.363s][info][gc,heap        ] GC(416) Humongous regions: 80->80
[2421.363s][info][gc,metaspace   ] GC(416) Metaspace: 29010K(29376K)->29010K(29376K) NonClass: 24125K(24256K)->24125K(24256K) Class: 4884K(5120K)->4884K(5120K)
[2421.363s][info][gc             ] GC(416) Pause Young (Prepare Mixed) (G1 Evacuation Pause) 3620M->1446M(4096M) 117.189ms
[2421.363s][info][gc,cpu         ] GC(416) User=0.69s Sys=0.00s Real=0.12s
.....[2426.125s][info][gc,start       ] GC(417) Pause Young (Mixed) (G1 Evacuation Pause)
[2426.125s][info][gc,task        ] GC(417) Using 6 workers of 6 for evacuation
[2426.259s][info][gc,phases      ] GC(417)   Pre Evacuate Collection Set: 0.42ms
[2426.259s][info][gc,phases      ] GC(417)   Merge Heap Roots: 0.75ms
[2426.259s][info][gc,phases      ] GC(417)   Evacuate Collection Set: 131.11ms
[2426.259s][info][gc,phases      ] GC(417)   Post Evacuate Collection Set: 0.97ms
[2426.259s][info][gc,phases      ] GC(417)   Other: 0.09ms
[2426.259s][info][gc,heap        ] GC(417) Eden regions: 1113->0(1121)
[2426.259s][info][gc,heap        ] GC(417) Survivor regions: 108->107(153)
[2426.259s][info][gc,heap        ] GC(417) Old regions: 536->472
[2426.259s][info][gc,heap        ] GC(417) Humongous regions: 80->80
[2426.259s][info][gc,metaspace   ] GC(417) Metaspace: 29010K(29376K)->29010K(29376K) NonClass: 24125K(24256K)->24125K(24256K) Class: 4884K(5120K)->4884K(5120K)
[2426.259s][info][gc             ] GC(417) Pause Young (Mixed) (G1 Evacuation Pause) 3672M->1317M(4096M) 133.458ms
[2426.259s][info][gc,cpu         ] GC(417) User=0.79s Sys=0.00s Real=0.13s
.....[2430.968s][info][gc,start       ] GC(418) Pause Young (Concurrent Start) (G1 Evacuation Pause)
[2430.968s][info][gc,task        ] GC(418) Using 6 workers of 6 for evacuation
[2431.083s][info][gc,phases      ] GC(418)   Pre Evacuate Collection Set: 0.41ms
[2431.083s][info][gc,phases      ] GC(418)   Merge Heap Roots: 0.48ms
[2431.083s][info][gc,phases      ] GC(418)   Evacuate Collection Set: 113.45ms
[2431.083s][info][gc,phases      ] GC(418)   Post Evacuate Collection Set: 0.94ms
[2431.083s][info][gc,phases      ] GC(418)   Other: 0.10ms
[2431.083s][info][gc,heap        ] GC(418) Eden regions: 1121->0(1120)
[2431.083s][info][gc,heap        ] GC(418) Survivor regions: 107->108(154)
[2431.083s][info][gc,heap        ] GC(418) Old regions: 472->504
[2431.083s][info][gc,heap        ] GC(418) Humongous regions: 80->80
[2431.083s][info][gc,metaspace   ] GC(418) Metaspace: 29010K(29376K)->29010K(29376K) NonClass: 24125K(24256K)->24125K(24256K) Class: 4884K(5120K)->4884K(5120K)
[2431.083s][info][gc             ] GC(418) Pause Young (Concurrent Start) (G1 Evacuation Pause) 3559M->1382M(4096M) 115.525ms
[2431.083s][info][gc             ] GC(419) Concurrent Mark Cycle
[2431.083s][info][gc,marking     ] GC(419) Concurrent Scan Root Regions
[2431.083s][info][gc,cpu         ] GC(418) User=0.69s Sys=0.00s Real=0.12s
[2431.261s][info][gc,marking     ] GC(419) Concurrent Scan Root Regions 178.118ms
[2431.261s][info][gc,marking     ] GC(419) Concurrent Mark
[2431.261s][info][gc,marking     ] GC(419) Concurrent Mark From Roots
[2431.261s][info][gc,task        ] GC(419) Using 2 workers of 2 for marking
.[2431.853s][info][gc,marking     ] GC(419) Concurrent Mark From Roots 592.075ms
[2431.853s][info][gc,marking     ] GC(419) Concurrent Preclean
[2431.853s][info][gc,marking     ] GC(419) Concurrent Preclean 0.073ms
[2431.854s][info][gc,start       ] GC(419) Pause Remark
[2431.856s][info][gc             ] GC(419) Pause Remark 1759M->1759M(4096M) 2.298ms
[2431.856s][info][gc,cpu         ] GC(419) User=0.02s Sys=0.00s Real=0.00s
[2431.856s][info][gc,marking     ] GC(419) Concurrent Mark 594.719ms
[2431.856s][info][gc,marking     ] GC(419) Concurrent Rebuild Remembered Sets and Scrub Regions
[2432.127s][info][gc,marking     ] GC(419) Concurrent Rebuild Remembered Sets and Scrub Regions 270.661ms
[2432.127s][info][gc,start       ] GC(419) Pause Cleanup
[2432.127s][info][gc             ] GC(419) Pause Cleanup 1918M->1918M(4096M) 0.109ms
[2432.127s][info][gc,cpu         ] GC(419) User=0.00s Sys=0.00s Real=0.00s
[2432.127s][info][gc,marking     ] GC(419) Concurrent Clear Claimed Marks
[2432.127s][info][gc,marking     ] GC(419) Concurrent Clear Claimed Marks 0.027ms
[2432.127s][info][gc,marking     ] GC(419) Concurrent Cleanup for Next Mark
[2432.130s][info][gc,marking     ] GC(419) Concurrent Cleanup for Next Mark 3.185ms
[2432.130s][info][gc             ] GC(419) Concurrent Mark Cycle 1047.111ms
....[2435.937s][info][gc,start       ] GC(420) Pause Young (Prepare Mixed) (G1 Evacuation Pause)
[2435.937s][info][gc,task        ] GC(420) Using 6 workers of 6 for evacuation
[2436.057s][info][gc,phases      ] GC(420)   Pre Evacuate Collection Set: 0.34ms
[2436.057s][info][gc,phases      ] GC(420)   Merge Heap Roots: 0.55ms
[2436.057s][info][gc,phases      ] GC(420)   Evacuate Collection Set: 117.98ms
[2436.057s][info][gc,phases      ] GC(420)   Post Evacuate Collection Set: 0.93ms
[2436.057s][info][gc,phases      ] GC(420)   Other: 0.09ms
[2436.057s][info][gc,heap        ] GC(420) Eden regions: 1120->0(1108)
[2436.057s][info][gc,heap        ] GC(420) Survivor regions: 108->110(154)
[2436.057s][info][gc,heap        ] GC(420) Old regions: 504->537
[2436.057s][info][gc,heap        ] GC(420) Humongous regions: 80->80
[2436.057s][info][gc,metaspace   ] GC(420) Metaspace: 29010K(29376K)->29010K(29376K) NonClass: 24125K(24256K)->24125K(24256K) Class: 4884K(5120K)->4884K(5120K)
[2436.057s][info][gc             ] GC(420) Pause Young (Prepare Mixed) (G1 Evacuation Pause) 3622M->1452M(4096M) 120.025ms
[2436.057s][info][gc,cpu         ] GC(420) User=0.72s Sys=0.00s Real=0.12s
.....[2440.756s][info][gc,start       ] GC(421) Pause Young (Mixed) (G1 Evacuation Pause)
[2440.756s][info][gc,task        ] GC(421) Using 6 workers of 6 for evacuation
[2440.893s][info][gc,phases      ] GC(421)   Pre Evacuate Collection Set: 0.38ms
[2440.893s][info][gc,phases      ] GC(421)   Merge Heap Roots: 0.87ms
[2440.893s][info][gc,phases      ] GC(421)   Evacuate Collection Set: 134.89ms
[2440.893s][info][gc,phases      ] GC(421)   Post Evacuate Collection Set: 0.97ms
[2440.893s][info][gc,phases      ] GC(421)   Other: 0.09ms
[2440.893s][info][gc,heap        ] GC(421) Eden regions: 1108->0(1117)
[2440.893s][info][gc,heap        ] GC(421) Survivor regions: 110->111(153)
[2440.893s][info][gc,heap        ] GC(421) Old regions: 537->474
[2440.893s][info][gc,heap        ] GC(421) Humongous regions: 80->80
[2440.893s][info][gc,metaspace   ] GC(421) Metaspace: 29010K(29376K)->29010K(29376K) NonClass: 24125K(24256K)->24125K(24256K) Class: 4884K(5120K)->4884K(5120K)
[2440.893s][info][gc             ] GC(421) Pause Young (Mixed) (G1 Evacuation Pause) 3668M->1327M(4096M) 137.350ms
[2440.894s][info][gc,cpu         ] GC(421) User=0.82s Sys=0.00s Real=0.14s
.....[2445.655s][info][gc,start       ] GC(422) Pause Young (Concurrent Start) (G1 Evacuation Pause)
[2445.655s][info][gc,task        ] GC(422) Using 6 workers of 6 for evacuation
[2445.773s][info][gc,phases      ] GC(422)   Pre Evacuate Collection Set: 0.38ms
[2445.773s][info][gc,phases      ] GC(422)   Merge Heap Roots: 0.52ms
[2445.773s][info][gc,phases      ] GC(422)   Evacuate Collection Set: 115.93ms
[2445.773s][info][gc,phases      ] GC(422)   Post Evacuate Collection Set: 0.90ms
[2445.773s][info][gc,phases      ] GC(422)   Other: 0.09ms
[2445.773s][info][gc,heap        ] GC(422) Eden regions: 1117->0(1119)
[2445.773s][info][gc,heap        ] GC(422) Survivor regions: 111->109(154)
[2445.773s][info][gc,heap        ] GC(422) Old regions: 474->505
[2445.773s][info][gc,heap        ] GC(422) Humongous regions: 80->80
[2445.773s][info][gc,metaspace   ] GC(422) Metaspace: 29010K(29376K)->29010K(29376K) NonClass: 24125K(24256K)->24125K(24256K) Class: 4884K(5120K)->4884K(5120K)
[2445.773s][info][gc             ] GC(422) Pause Young (Concurrent Start) (G1 Evacuation Pause) 3561M->1386M(4096M) 117.943ms
[2445.773s][info][gc             ] GC(423) Concurrent Mark Cycle
[2445.773s][info][gc,marking     ] GC(423) Concurrent Scan Root Regions
[2445.773s][info][gc,cpu         ] GC(422) User=0.70s Sys=0.00s Real=0.12s
[2445.905s][info][gc,marking     ] GC(423) Concurrent Scan Root Regions 131.631ms
[2445.905s][info][gc,marking     ] GC(423) Concurrent Mark
[2445.905s][info][gc,marking     ] GC(423) Concurrent Mark From Roots
[2445.905s][info][gc,task        ] GC(423) Using 2 workers of 2 for marking
.[2446.485s][info][gc,marking     ] GC(423) Concurrent Mark From Roots 579.987ms
[2446.485s][info][gc,marking     ] GC(423) Concurrent Preclean
[2446.485s][info][gc,marking     ] GC(423) Concurrent Preclean 0.047ms
[2446.485s][info][gc,start       ] GC(423) Pause Remark
[2446.489s][info][gc             ] GC(423) Pause Remark 1739M->1739M(4096M) 3.728ms
[2446.489s][info][gc,cpu         ] GC(423) User=0.02s Sys=0.00s Real=0.00s
[2446.489s][info][gc,marking     ] GC(423) Concurrent Mark 584.022ms
[2446.489s][info][gc,marking     ] GC(423) Concurrent Rebuild Remembered Sets and Scrub Regions
[2446.721s][info][gc,marking     ] GC(423) Concurrent Rebuild Remembered Sets and Scrub Regions 231.923ms
[2446.721s][info][gc,start       ] GC(423) Pause Cleanup
[2446.721s][info][gc             ] GC(423) Pause Cleanup 1855M->1855M(4096M) 0.121ms
[2446.721s][info][gc,cpu         ] GC(423) User=0.00s Sys=0.00s Real=0.00s
[2446.721s][info][gc,marking     ] GC(423) Concurrent Clear Claimed Marks
[2446.721s][info][gc,marking     ] GC(423) Concurrent Clear Claimed Marks 0.024ms
[2446.721s][info][gc,marking     ] GC(423) Concurrent Cleanup for Next Mark
[2446.725s][info][gc,marking     ] GC(423) Concurrent Cleanup for Next Mark 3.607ms
[2446.725s][info][gc             ] GC(423) Concurrent Mark Cycle 951.640ms
.. (rIR:aIR:PR = 3874:3873:3873) (tPR = 57658) [OK] 
  2448s: Performance info:
         Transaction,    Success,    Partial,     Failed,   Receipts, AvgBarcode, 
             Overall,     232717,          0,          0,     221066,      59.47, 
         Response times:
             Request,    Success,    Partial,     Failed,   SkipFail,     Probes,    Samples,      min,      p50,      p90,      p95,      p99,      max, 
       TotalPurchase,     221066,          0,          0,          0,     216876,     235990,      300,     3100,     5500,     8000,    42000,   180000,
     InStorePurchase,     116308,          0,          0,          0,     114356,     124228,      300,     3000,     5400,     7900,    40000,   180000,
      OnlinePurchase,      81474,          0,          0,          0,      79898,      86835,      300,     3100,     5500,     8000,    43000,   168000,
        InstPurchase,      23284,          0,          0,          0,      22622,      24927,      400,     3600,     6000,     8700,    46000,   145000,
          AssocOfCat,        233,          0,          0,          0,        167,        241,    23000,    30000,    48000,    63600,   161900,   176000,
      AssocOfProduct,       2330,          0,          0,          0,       2115,       2429,      500,     2300,     4800,     6150,    32400,   137000,
      BusinessReport,        579,          0,          0,          0,        491,        642,    23000,    32000,    49000,    59000,   100280,   168000,
          CustBuyBeh,       2336,          0,          0,          0,       2185,       2562,      200,     3100,     5300,     6985,    39000,   144000,
       ProductReturn,       6174,          0,          0,          0,       5740,       6477,      200,     3000,     5400,     7400,    38220,   141000,

  2448s: (29%)   IR =   4013 ..[2450.588s][info][gc,start       ] GC(424) Pause Young (Prepare Mixed) (G1 Evacuation Pause)
[2450.588s][info][gc,task        ] GC(424) Using 6 workers of 6 for evacuation
[2450.706s][info][gc,phases      ] GC(424)   Pre Evacuate Collection Set: 0.37ms
[2450.706s][info][gc,phases      ] GC(424)   Merge Heap Roots: 0.55ms
[2450.706s][info][gc,phases      ] GC(424)   Evacuate Collection Set: 116.11ms
[2450.706s][info][gc,phases      ] GC(424)   Post Evacuate Collection Set: 0.99ms
[2450.706s][info][gc,phases      ] GC(424)   Other: 0.08ms
[2450.706s][info][gc,heap        ] GC(424) Eden regions: 1119->0(1108)
[2450.706s][info][gc,heap        ] GC(424) Survivor regions: 109->110(154)
[2450.706s][info][gc,heap        ] GC(424) Old regions: 505->537
[2450.706s][info][gc,heap        ] GC(424) Humongous regions: 80->80
[2450.706s][info][gc,metaspace   ] GC(424) Metaspace: 29010K(29376K)->29010K(29376K) NonClass: 24126K(24256K)->24126K(24256K) Class: 4884K(5120K)->4884K(5120K)
[2450.706s][info][gc             ] GC(424) Pause Young (Prepare Mixed) (G1 Evacuation Pause) 3624M->1452M(4096M) 118.241ms
[2450.706s][info][gc,cpu         ] GC(424) User=0.70s Sys=0.00s Real=0.12s
..|..[2455.151s][info][gc,start       ] GC(425) Pause Young (Mixed) (G1 Evacuation Pause)
[2455.151s][info][gc,task        ] GC(425) Using 6 workers of 6 for evacuation
[2455.284s][info][gc,phases      ] GC(425)   Pre Evacuate Collection Set: 0.35ms
[2455.284s][info][gc,phases      ] GC(425)   Merge Heap Roots: 0.69ms
[2455.284s][info][gc,phases      ] GC(425)   Evacuate Collection Set: 131.46ms
[2455.284s][info][gc,phases      ] GC(425)   Post Evacuate Collection Set: 0.98ms
[2455.284s][info][gc,phases      ] GC(425)   Other: 0.09ms
[2455.284s][info][gc,heap        ] GC(425) Eden regions: 1108->0(1118)
[2455.284s][info][gc,heap        ] GC(425) Survivor regions: 110->110(153)
[2455.284s][info][gc,heap        ] GC(425) Old regions: 537->473
[2455.284s][info][gc,heap        ] GC(425) Humongous regions: 80->80
[2455.284s][info][gc,metaspace   ] GC(425) Metaspace: 29010K(29376K)->29010K(29376K) NonClass: 24126K(24256K)->24126K(24256K) Class: 4884K(5120K)->4884K(5120K)
[2455.284s][info][gc             ] GC(425) Pause Young (Mixed) (G1 Evacuation Pause) 3668M->1324M(4096M) 133.709ms
[2455.284s][info][gc,cpu         ] GC(425) User=0.80s Sys=0.00s Real=0.14s
.....[2459.869s][info][gc,start       ] GC(426) Pause Young (Concurrent Start) (G1 Evacuation Pause)
[2459.869s][info][gc,task        ] GC(426) Using 6 workers of 6 for evacuation
[2459.986s][info][gc,phases      ] GC(426)   Pre Evacuate Collection Set: 0.40ms
[2459.986s][info][gc,phases      ] GC(426)   Merge Heap Roots: 0.47ms
[2459.986s][info][gc,phases      ] GC(426)   Evacuate Collection Set: 115.44ms
[2459.986s][info][gc,phases      ] GC(426)   Post Evacuate Collection Set: 0.92ms
[2459.986s][info][gc,phases      ] GC(426)   Other: 0.10ms
[2459.987s][info][gc,heap        ] GC(426) Eden regions: 1118->0(1119)
[2459.987s][info][gc,heap        ] GC(426) Survivor regions: 110->109(154)
[2459.987s][info][gc,heap        ] GC(426) Old regions: 473->505
[2459.987s][info][gc,heap        ] GC(426) Humongous regions: 80->80
[2459.987s][info][gc,metaspace   ] GC(426) Metaspace: 29010K(29376K)->29010K(29376K) NonClass: 24126K(24256K)->24126K(24256K) Class: 4884K(5120K)->4884K(5120K)
[2459.987s][info][gc             ] GC(426) Pause Young (Concurrent Start) (G1 Evacuation Pause) 3560M->1387M(4096M) 117.483ms
[2459.987s][info][gc             ] GC(427) Concurrent Mark Cycle
[2459.987s][info][gc,marking     ] GC(427) Concurrent Scan Root Regions
[2459.987s][info][gc,cpu         ] GC(426) User=0.70s Sys=0.00s Real=0.12s
[2460.127s][info][gc,marking     ] GC(427) Concurrent Scan Root Regions 140.461ms
[2460.127s][info][gc,marking     ] GC(427) Concurrent Mark
[2460.127s][info][gc,marking     ] GC(427) Concurrent Mark From Roots
[2460.127s][info][gc,task        ] GC(427) Using 2 workers of 2 for marking
.[2460.705s][info][gc,marking     ] GC(427) Concurrent Mark From Roots 577.529ms
[2460.705s][info][gc,marking     ] GC(427) Concurrent Preclean
[2460.705s][info][gc,marking     ] GC(427) Concurrent Preclean 0.055ms
[2460.705s][info][gc,start       ] GC(427) Pause Remark
[2460.709s][info][gc             ] GC(427) Pause Remark 1757M->1757M(4096M) 3.959ms
[2460.709s][info][gc,cpu         ] GC(427) User=0.02s Sys=0.00s Real=0.00s
[2460.709s][info][gc,marking     ] GC(427) Concurrent Mark 581.782ms
[2460.709s][info][gc,marking     ] GC(427) Concurrent Rebuild Remembered Sets and Scrub Regions
[2460.990s][info][gc,marking     ] GC(427) Concurrent Rebuild Remembered Sets and Scrub Regions 281.391ms
[2460.990s][info][gc,start       ] GC(427) Pause Cleanup
[2460.991s][info][gc             ] GC(427) Pause Cleanup 1903M->1903M(4096M) 0.121ms
[2460.991s][info][gc,cpu         ] GC(427) User=0.00s Sys=0.00s Real=0.00s
[2460.991s][info][gc,marking     ] GC(427) Concurrent Clear Claimed Marks
[2460.991s][info][gc,marking     ] GC(427) Concurrent Clear Claimed Marks 0.031ms
[2460.991s][info][gc,marking     ] GC(427) Concurrent Cleanup for Next Mark
[2460.995s][info][gc,marking     ] GC(427) Concurrent Cleanup for Next Mark 4.356ms
[2460.995s][info][gc             ] GC(427) Concurrent Mark Cycle 1008.484ms
....[2464.651s][info][gc,start       ] GC(428) Pause Young (Prepare Mixed) (G1 Evacuation Pause)
[2464.651s][info][gc,task        ] GC(428) Using 6 workers of 6 for evacuation
[2464.768s][info][gc,phases      ] GC(428)   Pre Evacuate Collection Set: 0.36ms
[2464.768s][info][gc,phases      ] GC(428)   Merge Heap Roots: 0.55ms
[2464.768s][info][gc,phases      ] GC(428)   Evacuate Collection Set: 114.43ms
[2464.768s][info][gc,phases      ] GC(428)   Post Evacuate Collection Set: 0.94ms
[2464.768s][info][gc,phases      ] GC(428)   Other: 0.09ms
[2464.768s][info][gc,heap        ] GC(428) Eden regions: 1119->0(1110)
[2464.768s][info][gc,heap        ] GC(428) Survivor regions: 109->109(154)
[2464.768s][info][gc,heap        ] GC(428) Old regions: 505->537
[2464.768s][info][gc,heap        ] GC(428) Humongous regions: 80->80
[2464.768s][info][gc,metaspace   ] GC(428) Metaspace: 29010K(29376K)->29010K(29376K) NonClass: 24126K(24256K)->24126K(24256K) Class: 4884K(5120K)->4884K(5120K)
[2464.768s][info][gc             ] GC(428) Pause Young (Prepare Mixed) (G1 Evacuation Pause) 3625M->1450M(4096M) 116.486ms
[2464.768s][info][gc,cpu         ] GC(428) User=0.69s Sys=0.00s Real=0.12s
....[2469.350s][info][gc,start       ] GC(429) Pause Young (Mixed) (G1 Evacuation Pause)
[2469.350s][info][gc,task        ] GC(429) Using 6 workers of 6 for evacuation
[2469.482s][info][gc,phases      ] GC(429)   Pre Evacuate Collection Set: 0.38ms
[2469.482s][info][gc,phases      ] GC(429)   Merge Heap Roots: 0.70ms
[2469.482s][info][gc,phases      ] GC(429)   Evacuate Collection Set: 129.23ms
[2469.482s][info][gc,phases      ] GC(429)   Post Evacuate Collection Set: 0.97ms
[2469.482s][info][gc,phases      ] GC(429)   Other: 0.11ms
[2469.482s][info][gc,heap        ] GC(429) Eden regions: 1110->0(1119)
[2469.482s][info][gc,heap        ] GC(429) Survivor regions: 109->109(153)
[2469.482s][info][gc,heap        ] GC(429) Old regions: 537->473
[2469.482s][info][gc,heap        ] GC(429) Humongous regions: 80->80
[2469.482s][info][gc,metaspace   ] GC(429) Metaspace: 29010K(29376K)->29010K(29376K) NonClass: 24126K(24256K)->24126K(24256K) Class: 4884K(5120K)->4884K(5120K)
[2469.482s][info][gc             ] GC(429) Pause Young (Mixed) (G1 Evacuation Pause) 3670M->1322M(4096M) 131.532ms
[2469.482s][info][gc,cpu         ] GC(429) User=0.78s Sys=0.00s Real=0.13s
.....[2474.002s][info][gc,start       ] GC(430) Pause Young (Concurrent Start) (G1 Evacuation Pause)
[2474.002s][info][gc,task        ] GC(430) Using 6 workers of 6 for evacuation
[2474.118s][info][gc,phases      ] GC(430)   Pre Evacuate Collection Set: 0.43ms
[2474.118s][info][gc,phases      ] GC(430)   Merge Heap Roots: 0.51ms
[2474.118s][info][gc,phases      ] GC(430)   Evacuate Collection Set: 114.28ms
[2474.118s][info][gc,phases      ] GC(430)   Post Evacuate Collection Set: 0.90ms
[2474.118s][info][gc,phases      ] GC(430)   Other: 0.13ms
[2474.118s][info][gc,heap        ] GC(430) Eden regions: 1119->0(1120)
[2474.118s][info][gc,heap        ] GC(430) Survivor regions: 109->108(154)
[2474.118s][info][gc,heap        ] GC(430) Old regions: 473->505
[2474.118s][info][gc,heap        ] GC(430) Humongous regions: 80->80
[2474.118s][info][gc,metaspace   ] GC(430) Metaspace: 29010K(29376K)->29010K(29376K) NonClass: 24126K(24256K)->24126K(24256K) Class: 4884K(5120K)->4884K(5120K)
[2474.118s][info][gc             ] GC(430) Pause Young (Concurrent Start) (G1 Evacuation Pause) 3560M->1384M(4096M) 116.399ms
[2474.118s][info][gc             ] GC(431) Concurrent Mark Cycle
[2474.118s][info][gc,marking     ] GC(431) Concurrent Scan Root Regions
[2474.118s][info][gc,cpu         ] GC(430) User=0.69s Sys=0.00s Real=0.12s
[2474.292s][info][gc,marking     ] GC(431) Concurrent Scan Root Regions 174.231ms
[2474.292s][info][gc,marking     ] GC(431) Concurrent Mark
[2474.292s][info][gc,marking     ] GC(431) Concurrent Mark From Roots
[2474.292s][info][gc,task        ] GC(431) Using 2 workers of 2 for marking
.[2475.224s][info][gc,marking     ] GC(431) Concurrent Mark From Roots 931.985ms
[2475.224s][info][gc,marking     ] GC(431) Concurrent Preclean
[2475.225s][info][gc,marking     ] GC(431) Concurrent Preclean 0.083ms
[2475.225s][info][gc,start       ] GC(431) Pause Remark
[2475.229s][info][gc             ] GC(431) Pause Remark 1938M->1938M(4096M) 4.777ms
[2475.230s][info][gc,cpu         ] GC(431) User=0.02s Sys=0.00s Real=0.00s
[2475.230s][info][gc,marking     ] GC(431) Concurrent Mark 937.140ms
[2475.230s][info][gc,marking     ] GC(431) Concurrent Rebuild Remembered Sets and Scrub Regions
.[2475.584s][info][gc,marking     ] GC(431) Concurrent Rebuild Remembered Sets and Scrub Regions 354.572ms
[2475.584s][info][gc,start       ] GC(431) Pause Cleanup
[2475.584s][info][gc             ] GC(431) Pause Cleanup 2082M->2082M(4096M) 0.108ms
[2475.584s][info][gc,cpu         ] GC(431) User=0.00s Sys=0.00s Real=0.00s
[2475.584s][info][gc,marking     ] GC(431) Concurrent Clear Claimed Marks
[2475.584s][info][gc,marking     ] GC(431) Concurrent Clear Claimed Marks 0.028ms
[2475.584s][info][gc,marking     ] GC(431) Concurrent Cleanup for Next Mark
[2475.589s][info][gc,marking     ] GC(431) Concurrent Cleanup for Next Mark 4.248ms
[2475.589s][info][gc             ] GC(431) Concurrent Mark Cycle 1470.646ms
...[2478.860s][info][gc,start       ] GC(432) Pause Young (Prepare Mixed) (G1 Evacuation Pause)
[2478.860s][info][gc,task        ] GC(432) Using 6 workers of 6 for evacuation
[2478.980s][info][gc,phases      ] GC(432)   Pre Evacuate Collection Set: 0.34ms
[2478.980s][info][gc,phases      ] GC(432)   Merge Heap Roots: 0.54ms
[2478.980s][info][gc,phases      ] GC(432)   Evacuate Collection Set: 118.54ms
[2478.980s][info][gc,phases      ] GC(432)   Post Evacuate Collection Set: 0.98ms
[2478.980s][info][gc,phases      ] GC(432)   Other: 0.09ms
[2478.980s][info][gc,heap        ] GC(432) Eden regions: 1120->0(1102)
[2478.980s][info][gc,heap        ] GC(432) Survivor regions: 108->113(154)
[2478.980s][info][gc,heap        ] GC(432) Old regions: 505->537
[2478.980s][info][gc,heap        ] GC(432) Humongous regions: 80->80
[2478.980s][info][gc,metaspace   ] GC(432) Metaspace: 29010K(29376K)->29010K(29376K) NonClass: 24126K(24256K)->24126K(24256K) Class: 4884K(5120K)->4884K(5120K)
[2478.980s][info][gc             ] GC(432) Pause Young (Prepare Mixed) (G1 Evacuation Pause) 3624M->1458M(4096M) 120.636ms
[2478.980s][info][gc,cpu         ] GC(432) User=0.72s Sys=0.00s Real=0.12s
....[2483.454s][info][gc,start       ] GC(433) Pause Young (Mixed) (G1 Evacuation Pause)
[2483.454s][info][gc,task        ] GC(433) Using 6 workers of 6 for evacuation
[2483.589s][info][gc,phases      ] GC(433)   Pre Evacuate Collection Set: 0.47ms
[2483.589s][info][gc,phases      ] GC(433)   Merge Heap Roots: 0.81ms
[2483.589s][info][gc,phases      ] GC(433)   Evacuate Collection Set: 132.36ms
[2483.589s][info][gc,phases      ] GC(433)   Post Evacuate Collection Set: 1.01ms
[2483.589s][info][gc,phases      ] GC(433)   Other: 0.09ms
[2483.589s][info][gc,heap        ] GC(433) Eden regions: 1102->0(1119)
[2483.589s][info][gc,heap        ] GC(433) Survivor regions: 113->109(152)
[2483.589s][info][gc,heap        ] GC(433) Old regions: 537->473
[2483.589s][info][gc,heap        ] GC(433) Humongous regions: 80->80
[2483.589s][info][gc,metaspace   ] GC(433) Metaspace: 29010K(29376K)->29010K(29376K) NonClass: 24126K(24256K)->24126K(24256K) Class: 4884K(5120K)->4884K(5120K)
[2483.589s][info][gc             ] GC(433) Pause Young (Mixed) (G1 Evacuation Pause) 3662M->1323M(4096M) 134.892ms
[2483.589s][info][gc,cpu         ] GC(433) User=0.81s Sys=0.00s Real=0.13s
.....[2488.140s][info][gc,start       ] GC(434) Pause Young (Concurrent Start) (G1 Evacuation Pause)
[2488.140s][info][gc,task        ] GC(434) Using 6 workers of 6 for evacuation
[2488.259s][info][gc,phases      ] GC(434)   Pre Evacuate Collection Set: 0.39ms
[2488.259s][info][gc,phases      ] GC(434)   Merge Heap Roots: 0.50ms
[2488.259s][info][gc,phases      ] GC(434)   Evacuate Collection Set: 116.87ms
[2488.259s][info][gc,phases      ] GC(434)   Post Evacuate Collection Set: 0.93ms
[2488.259s][info][gc,phases      ] GC(434)   Other: 0.11ms
[2488.259s][info][gc,heap        ] GC(434) Eden regions: 1119->0(1119)
[2488.259s][info][gc,heap        ] GC(434) Survivor regions: 109->109(154)
[2488.259s][info][gc,heap        ] GC(434) Old regions: 473->506
[2488.259s][info][gc,heap        ] GC(434) Humongous regions: 80->80
[2488.259s][info][gc,metaspace   ] GC(434) Metaspace: 29010K(29376K)->29010K(29376K) NonClass: 24126K(24256K)->24126K(24256K) Class: 4884K(5120K)->4884K(5120K)
[2488.259s][info][gc             ] GC(434) Pause Young (Concurrent Start) (G1 Evacuation Pause) 3561M->1389M(4096M) 118.937ms
[2488.259s][info][gc             ] GC(435) Concurrent Mark Cycle
[2488.259s][info][gc,marking     ] GC(435) Concurrent Scan Root Regions
[2488.259s][info][gc,cpu         ] GC(434) User=0.71s Sys=0.00s Real=0.12s
[2488.439s][info][gc,marking     ] GC(435) Concurrent Scan Root Regions 180.075ms
[2488.439s][info][gc,marking     ] GC(435) Concurrent Mark
[2488.439s][info][gc,marking     ] GC(435) Concurrent Mark From Roots
[2488.439s][info][gc,task        ] GC(435) Using 2 workers of 2 for marking
.[2489.256s][info][gc,marking     ] GC(435) Concurrent Mark From Roots 817.212ms
[2489.256s][info][gc,marking     ] GC(435) Concurrent Preclean
[2489.256s][info][gc,marking     ] GC(435) Concurrent Preclean 0.081ms
[2489.257s][info][gc,start       ] GC(435) Pause Remark
[2489.261s][info][gc             ] GC(435) Pause Remark 1895M->1895M(4096M) 4.395ms
[2489.261s][info][gc,cpu         ] GC(435) User=0.02s Sys=0.00s Real=0.00s
[2489.261s][info][gc,marking     ] GC(435) Concurrent Mark 822.046ms
[2489.261s][info][gc,marking     ] GC(435) Concurrent Rebuild Remembered Sets and Scrub Regions
[2489.469s][info][gc,marking     ] GC(435) Concurrent Rebuild Remembered Sets and Scrub Regions 208.079ms
[2489.469s][info][gc,start       ] GC(435) Pause Cleanup
[2489.469s][info][gc             ] GC(435) Pause Cleanup 1995M->1995M(4096M) 0.115ms
[2489.469s][info][gc,cpu         ] GC(435) User=0.00s Sys=0.00s Real=0.00s
[2489.469s][info][gc,marking     ] GC(435) Concurrent Clear Claimed Marks
[2489.469s][info][gc,marking     ] GC(435) Concurrent Clear Claimed Marks 0.031ms
[2489.470s][info][gc,marking     ] GC(435) Concurrent Cleanup for Next Mark
[2489.473s][info][gc,marking     ] GC(435) Concurrent Cleanup for Next Mark 3.165ms
[2489.473s][info][gc             ] GC(435) Concurrent Mark Cycle 1213.849ms
....[2492.928s][info][gc,start       ] GC(436) Pause Young (Prepare Mixed) (G1 Evacuation Pause)
[2492.928s][info][gc,task        ] GC(436) Using 6 workers of 6 for evacuation
[2493.044s][info][gc,phases      ] GC(436)   Pre Evacuate Collection Set: 0.37ms
[2493.044s][info][gc,phases      ] GC(436)   Merge Heap Roots: 0.54ms
[2493.044s][info][gc,phases      ] GC(436)   Evacuate Collection Set: 114.01ms
[2493.044s][info][gc,phases      ] GC(436)   Post Evacuate Collection Set: 0.95ms
[2493.044s][info][gc,phases      ] GC(436)   Other: 0.09ms
[2493.044s][info][gc,heap        ] GC(436) Eden regions: 1119->0(1111)
[2493.044s][info][gc,heap        ] GC(436) Survivor regions: 109->108(154)
[2493.044s][info][gc,heap        ] GC(436) Old regions: 506->538
[2493.044s][info][gc,heap        ] GC(436) Humongous regions: 80->80
[2493.044s][info][gc,metaspace   ] GC(436) Metaspace: 29010K(29376K)->29010K(29376K) NonClass: 24126K(24256K)->24126K(24256K) Class: 4884K(5120K)->4884K(5120K)
[2493.044s][info][gc             ] GC(436) Pause Young (Prepare Mixed) (G1 Evacuation Pause) 3627M->1449M(4096M) 116.090ms
[2493.044s][info][gc,cpu         ] GC(436) User=0.69s Sys=0.00s Real=0.12s
.....[2497.693s][info][gc,start       ] GC(437) Pause Young (Mixed) (G1 Evacuation Pause)
[2497.693s][info][gc,task        ] GC(437) Using 6 workers of 6 for evacuation
[2497.825s][info][gc,phases      ] GC(437)   Pre Evacuate Collection Set: 0.37ms
[2497.825s][info][gc,phases      ] GC(437)   Merge Heap Roots: 0.69ms
[2497.825s][info][gc,phases      ] GC(437)   Evacuate Collection Set: 130.02ms
[2497.825s][info][gc,phases      ] GC(437)   Post Evacuate Collection Set: 0.98ms
[2497.825s][info][gc,phases      ] GC(437)   Other: 0.09ms
[2497.825s][info][gc,heap        ] GC(437) Eden regions: 1111->0(1117)
[2497.825s][info][gc,heap        ] GC(437) Survivor regions: 108->111(153)
[2497.825s][info][gc,heap        ] GC(437) Old regions: 538->473
[2497.825s][info][gc,heap        ] GC(437) Humongous regions: 80->80
[2497.825s][info][gc,metaspace   ] GC(437) Metaspace: 29010K(29376K)->29010K(29376K) NonClass: 24126K(24256K)->24126K(24256K) Class: 4884K(5120K)->4884K(5120K)
[2497.825s][info][gc             ] GC(437) Pause Young (Mixed) (G1 Evacuation Pause) 3671M->1326M(4096M) 132.273ms
[2497.825s][info][gc,cpu         ] GC(437) User=0.79s Sys=0.00s Real=0.13s
....[2502.425s][info][gc,start       ] GC(438) Pause Young (Concurrent Start) (G1 Evacuation Pause)
[2502.425s][info][gc,task        ] GC(438) Using 6 workers of 6 for evacuation
[2502.551s][info][gc,phases      ] GC(438)   Pre Evacuate Collection Set: 0.37ms
[2502.551s][info][gc,phases      ] GC(438)   Merge Heap Roots: 0.51ms
[2502.551s][info][gc,phases      ] GC(438)   Evacuate Collection Set: 123.51ms
[2502.551s][info][gc,phases      ] GC(438)   Post Evacuate Collection Set: 1.00ms
[2502.551s][info][gc,phases      ] GC(438)   Other: 0.09ms
[2502.551s][info][gc,heap        ] GC(438) Eden regions: 1117->0(1113)
[2502.551s][info][gc,heap        ] GC(438) Survivor regions: 111->115(154)
[2502.551s][info][gc,heap        ] GC(438) Old regions: 473->504
[2502.551s][info][gc,heap        ] GC(438) Humongous regions: 80->80
[2502.551s][info][gc,metaspace   ] GC(438) Metaspace: 29010K(29376K)->29010K(29376K) NonClass: 24126K(24256K)->24126K(24256K) Class: 4884K(5120K)->4884K(5120K)
[2502.551s][info][gc             ] GC(438) Pause Young (Concurrent Start) (G1 Evacuation Pause) 3560M->1397M(4096M) 125.607ms
[2502.551s][info][gc             ] GC(439) Concurrent Mark Cycle
[2502.551s][info][gc,marking     ] GC(439) Concurrent Scan Root Regions
[2502.551s][info][gc,cpu         ] GC(438) User=0.74s Sys=0.00s Real=0.12s
.[2502.694s][info][gc,marking     ] GC(439) Concurrent Scan Root Regions 142.933ms
[2502.694s][info][gc,marking     ] GC(439) Concurrent Mark
[2502.694s][info][gc,marking     ] GC(439) Concurrent Mark From Roots
[2502.694s][info][gc,task        ] GC(439) Using 2 workers of 2 for marking
[2503.275s][info][gc,marking     ] GC(439) Concurrent Mark From Roots 580.645ms
[2503.275s][info][gc,marking     ] GC(439) Concurrent Preclean
[2503.275s][info][gc,marking     ] GC(439) Concurrent Preclean 0.059ms
[2503.275s][info][gc,start       ] GC(439) Pause Remark
[2503.279s][info][gc             ] GC(439) Pause Remark 1754M->1754M(4096M) 3.698ms
[2503.279s][info][gc,cpu         ] GC(439) User=0.02s Sys=0.00s Real=0.00s
[2503.279s][info][gc,marking     ] GC(439) Concurrent Mark 584.653ms
[2503.279s][info][gc,marking     ] GC(439) Concurrent Rebuild Remembered Sets and Scrub Regions
[2503.505s][info][gc,marking     ] GC(439) Concurrent Rebuild Remembered Sets and Scrub Regions 225.852ms
[2503.505s][info][gc,start       ] GC(439) Pause Cleanup
[2503.505s][info][gc             ] GC(439) Pause Cleanup 1861M->1861M(4096M) 0.127ms
[2503.505s][info][gc,cpu         ] GC(439) User=0.00s Sys=0.00s Real=0.00s
[2503.505s][info][gc,marking     ] GC(439) Concurrent Clear Claimed Marks
[2503.505s][info][gc,marking     ] GC(439) Concurrent Clear Claimed Marks 0.035ms
[2503.505s][info][gc,marking     ] GC(439) Concurrent Cleanup for Next Mark
[2503.510s][info][gc,marking     ] GC(439) Concurrent Cleanup for Next Mark 4.601ms
[2503.510s][info][gc             ] GC(439) Concurrent Mark Cycle 958.848ms
....[2507.100s][info][gc,start       ] GC(440) Pause Young (Prepare Mixed) (G1 Evacuation Pause)
[2507.100s][info][gc,task        ] GC(440) Using 6 workers of 6 for evacuation
[2507.216s][info][gc,phases      ] GC(440)   Pre Evacuate Collection Set: 0.33ms
[2507.216s][info][gc,phases      ] GC(440)   Merge Heap Roots: 0.51ms
[2507.216s][info][gc,phases      ] GC(440)   Evacuate Collection Set: 114.44ms
[2507.216s][info][gc,phases      ] GC(440)   Post Evacuate Collection Set: 0.98ms
[2507.216s][info][gc,phases      ] GC(440)   Other: 0.08ms
[2507.216s][info][gc,heap        ] GC(440) Eden regions: 1113->0(1110)
[2507.216s][info][gc,heap        ] GC(440) Survivor regions: 115->109(154)
[2507.216s][info][gc,heap        ] GC(440) Old regions: 504->537
[2507.216s][info][gc,heap        ] GC(440) Humongous regions: 80->80
[2507.216s][info][gc,metaspace   ] GC(440) Metaspace: 29010K(29376K)->29010K(29376K) NonClass: 24126K(24256K)->24126K(24256K) Class: 4884K(5120K)->4884K(5120K)
[2507.216s][info][gc             ] GC(440) Pause Young (Prepare Mixed) (G1 Evacuation Pause) 3623M->1449M(4096M) 116.492ms
[2507.216s][info][gc,cpu         ] GC(440) User=0.69s Sys=0.00s Real=0.12s
.....[2511.891s][info][gc,start       ] GC(441) Pause Young (Mixed) (G1 Evacuation Pause)
[2511.891s][info][gc,task        ] GC(441) Using 6 workers of 6 for evacuation
[2512.028s][info][gc,phases      ] GC(441)   Pre Evacuate Collection Set: 0.37ms
[2512.028s][info][gc,phases      ] GC(441)   Merge Heap Roots: 0.72ms
[2512.028s][info][gc,phases      ] GC(441)   Evacuate Collection Set: 134.01ms
[2512.028s][info][gc,phases      ] GC(441)   Post Evacuate Collection Set: 0.97ms
[2512.028s][info][gc,phases      ] GC(441)   Other: 0.09ms
[2512.028s][info][gc,heap        ] GC(441) Eden regions: 1110->0(1117)
[2512.028s][info][gc,heap        ] GC(441) Survivor regions: 109->111(153)
[2512.028s][info][gc,heap        ] GC(441) Old regions: 537->472
[2512.028s][info][gc,heap        ] GC(441) Humongous regions: 80->80
[2512.028s][info][gc,metaspace   ] GC(441) Metaspace: 29010K(29376K)->29010K(29376K) NonClass: 24126K(24256K)->24126K(24256K) Class: 4884K(5120K)->4884K(5120K)
[2512.028s][info][gc             ] GC(441) Pause Young (Mixed) (G1 Evacuation Pause) 3669M->1324M(4096M) 136.279ms
[2512.028s][info][gc,cpu         ] GC(441) User=0.81s Sys=0.00s Real=0.14s
. (rIR:aIR:PR = 4013:4014:4014) (tPR = 59734) [OK] 
  2512s: Performance info:
         Transaction,    Success,    Partial,     Failed,   Receipts, AvgBarcode, 
             Overall,     241848,          0,          0,     229771,      59.47, 
         Response times:
             Request,    Success,    Partial,     Failed,   SkipFail,     Probes,    Samples,      min,      p50,      p90,      p95,      p99,      max, 
       TotalPurchase,     229771,          0,          0,          0,     224851,     241969,      300,     3200,     5700,     7900,    41000,   252000,
     InStorePurchase,     120944,          0,          0,          0,     118345,     126942,      300,     3100,     5700,     7800,    41000,   252000,
      OnlinePurchase,      84640,          0,          0,          0,      82999,      89454,      300,     3300,     5700,     8100,    42000,   233000,
        InstPurchase,      24187,          0,          0,          0,      23507,      25573,      400,     3400,     5900,     8200,    44000,   212000,
          AssocOfCat,        241,          0,          0,          0,        188,        253,    19500,    29000,    40000,    47000,   139100,   284000,
      AssocOfProduct,       2413,          0,          0,          0,       2219,       2522,      600,     3800,     5900,     7900,    43000,   138000,
      BusinessReport,        607,          0,          0,          0,        501,        617,    21000,    33000,    50000,    63200,   167040,   257000,
          CustBuyBeh,       2419,          0,          0,          0,       2254,       2616,      200,     2400,     5300,     7500,    35000,   123000,
       ProductReturn,       6397,          0,          0,          0,       6038,       6767,      200,     3100,     5500,     7660,    40000,   233000,

  2512s: (30%)   IR =   4151 ...[2516.349s][info][gc,start       ] GC(442) Pause Young (Concurrent Start) (G1 Evacuation Pause)
[2516.349s][info][gc,task        ] GC(442) Using 6 workers of 6 for evacuation
[2516.467s][info][gc,phases      ] GC(442)   Pre Evacuate Collection Set: 0.42ms
[2516.468s][info][gc,phases      ] GC(442)   Merge Heap Roots: 0.51ms
[2516.468s][info][gc,phases      ] GC(442)   Evacuate Collection Set: 116.03ms
[2516.468s][info][gc,phases      ] GC(442)   Post Evacuate Collection Set: 0.94ms
[2516.468s][info][gc,phases      ] GC(442)   Other: 0.11ms
[2516.468s][info][gc,heap        ] GC(442) Eden regions: 1117->0(1119)
[2516.468s][info][gc,heap        ] GC(442) Survivor regions: 111->109(154)
[2516.468s][info][gc,heap        ] GC(442) Old regions: 472->504
[2516.468s][info][gc,heap        ] GC(442) Humongous regions: 80->80
[2516.468s][info][gc,metaspace   ] GC(442) Metaspace: 29010K(29376K)->29010K(29376K) NonClass: 24126K(24256K)->24126K(24256K) Class: 4884K(5120K)->4884K(5120K)
[2516.468s][info][gc             ] GC(442) Pause Young (Concurrent Start) (G1 Evacuation Pause) 3558M->1383M(4096M) 118.155ms
[2516.468s][info][gc             ] GC(443) Concurrent Mark Cycle
[2516.468s][info][gc,marking     ] GC(443) Concurrent Scan Root Regions
[2516.468s][info][gc,cpu         ] GC(442) User=0.70s Sys=0.00s Real=0.12s
[2516.635s][info][gc,marking     ] GC(443) Concurrent Scan Root Regions 167.496ms
[2516.635s][info][gc,marking     ] GC(443) Concurrent Mark
[2516.635s][info][gc,marking     ] GC(443) Concurrent Mark From Roots
[2516.635s][info][gc,task        ] GC(443) Using 2 workers of 2 for marking
.|[2517.319s][info][gc,marking     ] GC(443) Concurrent Mark From Roots 684.200ms
[2517.319s][info][gc,marking     ] GC(443) Concurrent Preclean
[2517.320s][info][gc,marking     ] GC(443) Concurrent Preclean 0.089ms
[2517.320s][info][gc,start       ] GC(443) Pause Remark
[2517.324s][info][gc             ] GC(443) Pause Remark 1859M->1859M(4096M) 4.098ms
[2517.324s][info][gc,cpu         ] GC(443) User=0.02s Sys=0.00s Real=0.01s
[2517.326s][info][gc,marking     ] GC(443) Concurrent Mark 690.383ms
[2517.326s][info][gc,marking     ] GC(443) Concurrent Rebuild Remembered Sets and Scrub Regions
[2517.568s][info][gc,marking     ] GC(443) Concurrent Rebuild Remembered Sets and Scrub Regions 242.816ms
[2517.569s][info][gc,start       ] GC(443) Pause Cleanup
[2517.569s][info][gc             ] GC(443) Pause Cleanup 1979M->1979M(4096M) 0.128ms
[2517.569s][info][gc,cpu         ] GC(443) User=0.00s Sys=0.00s Real=0.00s
[2517.569s][info][gc,marking     ] GC(443) Concurrent Clear Claimed Marks
[2517.569s][info][gc,marking     ] GC(443) Concurrent Clear Claimed Marks 0.027ms
[2517.569s][info][gc,marking     ] GC(443) Concurrent Cleanup for Next Mark
[2517.572s][info][gc,marking     ] GC(443) Concurrent Cleanup for Next Mark 3.380ms
[2517.572s][info][gc             ] GC(443) Concurrent Mark Cycle 1104.544ms
....[2521.007s][info][gc,start       ] GC(444) Pause Young (Prepare Mixed) (G1 Evacuation Pause)
[2521.007s][info][gc,task        ] GC(444) Using 6 workers of 6 for evacuation
[2521.125s][info][gc,phases      ] GC(444)   Pre Evacuate Collection Set: 0.34ms
[2521.125s][info][gc,phases      ] GC(444)   Merge Heap Roots: 0.56ms
[2521.125s][info][gc,phases      ] GC(444)   Evacuate Collection Set: 115.94ms
[2521.125s][info][gc,phases      ] GC(444)   Post Evacuate Collection Set: 0.96ms
[2521.125s][info][gc,phases      ] GC(444)   Other: 0.09ms
[2521.125s][info][gc,heap        ] GC(444) Eden regions: 1119->0(1115)
[2521.125s][info][gc,heap        ] GC(444) Survivor regions: 109->107(154)
[2521.125s][info][gc,heap        ] GC(444) Old regions: 504->536
[2521.125s][info][gc,heap        ] GC(444) Humongous regions: 80->80
[2521.125s][info][gc,metaspace   ] GC(444) Metaspace: 29010K(29376K)->29010K(29376K) NonClass: 24126K(24256K)->24126K(24256K) Class: 4884K(5120K)->4884K(5120K)
[2521.125s][info][gc             ] GC(444) Pause Young (Prepare Mixed) (G1 Evacuation Pause) 3621M->1444M(4096M) 118.025ms
[2521.125s][info][gc,cpu         ] GC(444) User=0.70s Sys=0.00s Real=0.12s
....[2525.484s][info][gc,start       ] GC(445) Pause Young (Mixed) (G1 Evacuation Pause)
[2525.484s][info][gc,task        ] GC(445) Using 6 workers of 6 for evacuation
[2525.615s][info][gc,phases      ] GC(445)   Pre Evacuate Collection Set: 0.36ms
[2525.615s][info][gc,phases      ] GC(445)   Merge Heap Roots: 0.69ms
[2525.615s][info][gc,phases      ] GC(445)   Evacuate Collection Set: 128.76ms
[2525.615s][info][gc,phases      ] GC(445)   Post Evacuate Collection Set: 1.01ms
[2525.615s][info][gc,phases      ] GC(445)   Other: 0.09ms
[2525.615s][info][gc,heap        ] GC(445) Eden regions: 1115->0(1119)
[2525.615s][info][gc,heap        ] GC(445) Survivor regions: 107->109(153)
[2525.615s][info][gc,heap        ] GC(445) Old regions: 536->471
[2525.615s][info][gc,heap        ] GC(445) Humongous regions: 80->80
[2525.615s][info][gc,metaspace   ] GC(445) Metaspace: 29010K(29376K)->29010K(29376K) NonClass: 24126K(24256K)->24126K(24256K) Class: 4884K(5120K)->4884K(5120K)
[2525.615s][info][gc             ] GC(445) Pause Young (Mixed) (G1 Evacuation Pause) 3674M->1318M(4096M) 131.069ms
[2525.615s][info][gc,cpu         ] GC(445) User=0.78s Sys=0.00s Real=0.13s
.....[2530.161s][info][gc,start       ] GC(446) Pause Young (Concurrent Start) (G1 Evacuation Pause)
[2530.161s][info][gc,task        ] GC(446) Using 6 workers of 6 for evacuation
[2530.281s][info][gc,phases      ] GC(446)   Pre Evacuate Collection Set: 0.43ms
[2530.281s][info][gc,phases      ] GC(446)   Merge Heap Roots: 0.50ms
[2530.281s][info][gc,phases      ] GC(446)   Evacuate Collection Set: 117.44ms
[2530.281s][info][gc,phases      ] GC(446)   Post Evacuate Collection Set: 0.91ms
[2530.281s][info][gc,phases      ] GC(446)   Other: 0.13ms
[2530.281s][info][gc,heap        ] GC(446) Eden regions: 1119->0(1118)
[2530.281s][info][gc,heap        ] GC(446) Survivor regions: 109->110(154)
[2530.281s][info][gc,heap        ] GC(446) Old regions: 471->504
[2530.281s][info][gc,heap        ] GC(446) Humongous regions: 80->80
[2530.281s][info][gc,metaspace   ] GC(446) Metaspace: 29010K(29376K)->29010K(29376K) NonClass: 24126K(24256K)->24126K(24256K) Class: 4884K(5120K)->4884K(5120K)
[2530.281s][info][gc             ] GC(446) Pause Young (Concurrent Start) (G1 Evacuation Pause) 3556M->1385M(4096M) 119.560ms
[2530.281s][info][gc             ] GC(447) Concurrent Mark Cycle
[2530.281s][info][gc,marking     ] GC(447) Concurrent Scan Root Regions
[2530.281s][info][gc,cpu         ] GC(446) User=0.71s Sys=0.00s Real=0.12s
[2530.462s][info][gc,marking     ] GC(447) Concurrent Scan Root Regions 181.411ms
[2530.462s][info][gc,marking     ] GC(447) Concurrent Mark
[2530.462s][info][gc,marking     ] GC(447) Concurrent Mark From Roots
[2530.462s][info][gc,task        ] GC(447) Using 2 workers of 2 for marking
.[2531.134s][info][gc,marking     ] GC(447) Concurrent Mark From Roots 672.015ms
[2531.135s][info][gc,marking     ] GC(447) Concurrent Preclean
[2531.135s][info][gc,marking     ] GC(447) Concurrent Preclean 0.056ms
[2531.135s][info][gc,start       ] GC(447) Pause Remark
[2531.139s][info][gc             ] GC(447) Pause Remark 1884M->1884M(4096M) 4.372ms
[2531.139s][info][gc,cpu         ] GC(447) User=0.03s Sys=0.00s Real=0.00s
[2531.139s][info][gc,marking     ] GC(447) Concurrent Mark 676.693ms
[2531.139s][info][gc,marking     ] GC(447) Concurrent Rebuild Remembered Sets and Scrub Regions
[2531.413s][info][gc,marking     ] GC(447) Concurrent Rebuild Remembered Sets and Scrub Regions 273.801ms
[2531.415s][info][gc,start       ] GC(447) Pause Cleanup
[2531.415s][info][gc             ] GC(447) Pause Cleanup 2037M->2037M(4096M) 0.147ms
[2531.415s][info][gc,cpu         ] GC(447) User=0.00s Sys=0.00s Real=0.00s
[2531.415s][info][gc,marking     ] GC(447) Concurrent Clear Claimed Marks
[2531.415s][info][gc,marking     ] GC(447) Concurrent Clear Claimed Marks 0.040ms
[2531.415s][info][gc,marking     ] GC(447) Concurrent Cleanup for Next Mark
[2531.419s][info][gc,marking     ] GC(447) Concurrent Cleanup for Next Mark 4.303ms
[2531.419s][info][gc             ] GC(447) Concurrent Mark Cycle 1138.358ms
...[2534.717s][info][gc,start       ] GC(448) Pause Young (Prepare Mixed) (G1 Evacuation Pause)
[2534.717s][info][gc,task        ] GC(448) Using 6 workers of 6 for evacuation
[2534.835s][info][gc,phases      ] GC(448)   Pre Evacuate Collection Set: 0.36ms
[2534.835s][info][gc,phases      ] GC(448)   Merge Heap Roots: 0.59ms
[2534.835s][info][gc,phases      ] GC(448)   Evacuate Collection Set: 116.12ms
[2534.835s][info][gc,phases      ] GC(448)   Post Evacuate Collection Set: 0.99ms
[2534.835s][info][gc,phases      ] GC(448)   Other: 0.10ms
[2534.835s][info][gc,heap        ] GC(448) Eden regions: 1118->0(1108)
[2534.835s][info][gc,heap        ] GC(448) Survivor regions: 110->111(154)
[2534.835s][info][gc,heap        ] GC(448) Old regions: 504->535
[2534.835s][info][gc,heap        ] GC(448) Humongous regions: 80->80
[2534.835s][info][gc,metaspace   ] GC(448) Metaspace: 29010K(29376K)->29010K(29376K) NonClass: 24126K(24256K)->24126K(24256K) Class: 4884K(5120K)->4884K(5120K)
[2534.835s][info][gc             ] GC(448) Pause Young (Prepare Mixed) (G1 Evacuation Pause) 3621M->1450M(4096M) 118.303ms
[2534.835s][info][gc,cpu         ] GC(448) User=0.70s Sys=0.00s Real=0.12s
.....[2539.186s][info][gc,start       ] GC(449) Pause Young (Mixed) (G1 Evacuation Pause)
[2539.186s][info][gc,task        ] GC(449) Using 6 workers of 6 for evacuation
[2539.325s][info][gc,phases      ] GC(449)   Pre Evacuate Collection Set: 0.35ms
[2539.325s][info][gc,phases      ] GC(449)   Merge Heap Roots: 0.77ms
[2539.325s][info][gc,phases      ] GC(449)   Evacuate Collection Set: 136.48ms
[2539.325s][info][gc,phases      ] GC(449)   Post Evacuate Collection Set: 0.99ms
[2539.325s][info][gc,phases      ] GC(449)   Other: 0.09ms
[2539.325s][info][gc,heap        ] GC(449) Eden regions: 1108->0(1117)
[2539.325s][info][gc,heap        ] GC(449) Survivor regions: 111->111(153)
[2539.325s][info][gc,heap        ] GC(449) Old regions: 535->473
[2539.325s][info][gc,heap        ] GC(449) Humongous regions: 80->80
[2539.325s][info][gc,metaspace   ] GC(449) Metaspace: 29010K(29376K)->29010K(29376K) NonClass: 24126K(24256K)->24126K(24256K) Class: 4884K(5120K)->4884K(5120K)
[2539.325s][info][gc             ] GC(449) Pause Young (Mixed) (G1 Evacuation Pause) 3666M->1326M(4096M) 138.839ms
[2539.325s][info][gc,cpu         ] GC(449) User=0.83s Sys=0.00s Real=0.14s
.....[2543.849s][info][gc,start       ] GC(450) Pause Young (Concurrent Start) (G1 Evacuation Pause)
[2543.849s][info][gc,task        ] GC(450) Using 6 workers of 6 for evacuation
[2543.967s][info][gc,phases      ] GC(450)   Pre Evacuate Collection Set: 0.38ms
[2543.967s][info][gc,phases      ] GC(450)   Merge Heap Roots: 0.49ms
[2543.967s][info][gc,phases      ] GC(450)   Evacuate Collection Set: 115.91ms
[2543.967s][info][gc,phases      ] GC(450)   Post Evacuate Collection Set: 0.90ms
[2543.967s][info][gc,phases      ] GC(450)   Other: 0.11ms
[2543.967s][info][gc,heap        ] GC(450) Eden regions: 1117->0(1117)
[2543.967s][info][gc,heap        ] GC(450) Survivor regions: 111->111(154)
[2543.967s][info][gc,heap        ] GC(450) Old regions: 473->505
[2543.967s][info][gc,heap        ] GC(450) Humongous regions: 80->80
[2543.967s][info][gc,metaspace   ] GC(450) Metaspace: 29010K(29376K)->29010K(29376K) NonClass: 24126K(24256K)->24126K(24256K) Class: 4884K(5120K)->4884K(5120K)
[2543.967s][info][gc             ] GC(450) Pause Young (Concurrent Start) (G1 Evacuation Pause) 3560M->1390M(4096M) 117.924ms
[2543.967s][info][gc             ] GC(451) Concurrent Mark Cycle
[2543.967s][info][gc,marking     ] GC(451) Concurrent Scan Root Regions
[2543.967s][info][gc,cpu         ] GC(450) User=0.70s Sys=0.00s Real=0.12s
[2544.148s][info][gc,marking     ] GC(451) Concurrent Scan Root Regions 181.334ms
[2544.148s][info][gc,marking     ] GC(451) Concurrent Mark
[2544.148s][info][gc,marking     ] GC(451) Concurrent Mark From Roots
[2544.148s][info][gc,task        ] GC(451) Using 2 workers of 2 for marking
[2544.835s][info][gc,marking     ] GC(451) Concurrent Mark From Roots 686.967ms
[2544.835s][info][gc,marking     ] GC(451) Concurrent Preclean
[2544.835s][info][gc,marking     ] GC(451) Concurrent Preclean 0.082ms
[2544.835s][info][gc,start       ] GC(451) Pause Remark
[2544.839s][info][gc             ] GC(451) Pause Remark 1918M->1918M(4096M) 3.855ms
[2544.839s][info][gc,cpu         ] GC(451) User=0.02s Sys=0.00s Real=0.00s
[2544.839s][info][gc,marking     ] GC(451) Concurrent Mark 691.362ms
[2544.839s][info][gc,marking     ] GC(451) Concurrent Rebuild Remembered Sets and Scrub Regions
.[2545.200s][info][gc,marking     ] GC(451) Concurrent Rebuild Remembered Sets and Scrub Regions 360.055ms
[2545.200s][info][gc,start       ] GC(451) Pause Cleanup
[2545.200s][info][gc             ] GC(451) Pause Cleanup 2087M->2087M(4096M) 0.123ms
[2545.200s][info][gc,cpu         ] GC(451) User=0.00s Sys=0.00s Real=0.00s
[2545.200s][info][gc,marking     ] GC(451) Concurrent Clear Claimed Marks
[2545.200s][info][gc,marking     ] GC(451) Concurrent Clear Claimed Marks 0.027ms
[2545.200s][info][gc,marking     ] GC(451) Concurrent Cleanup for Next Mark
[2545.204s][info][gc,marking     ] GC(451) Concurrent Cleanup for Next Mark 4.199ms
[2545.204s][info][gc             ] GC(451) Concurrent Mark Cycle 1237.465ms
...[2548.367s][info][gc,start       ] GC(452) Pause Young (Prepare Mixed) (G1 Evacuation Pause)
[2548.367s][info][gc,task        ] GC(452) Using 6 workers of 6 for evacuation
[2548.485s][info][gc,phases      ] GC(452)   Pre Evacuate Collection Set: 0.32ms
[2548.485s][info][gc,phases      ] GC(452)   Merge Heap Roots: 0.61ms
[2548.485s][info][gc,phases      ] GC(452)   Evacuate Collection Set: 116.35ms
[2548.485s][info][gc,phases      ] GC(452)   Post Evacuate Collection Set: 0.94ms
[2548.485s][info][gc,phases      ] GC(452)   Other: 0.09ms
[2548.485s][info][gc,heap        ] GC(452) Eden regions: 1117->0(1108)
[2548.485s][info][gc,heap        ] GC(452) Survivor regions: 111->110(154)
[2548.485s][info][gc,heap        ] GC(452) Old regions: 505->537
[2548.485s][info][gc,heap        ] GC(452) Humongous regions: 80->80
[2548.485s][info][gc,metaspace   ] GC(452) Metaspace: 29010K(29376K)->29010K(29376K) NonClass: 24126K(24256K)->24126K(24256K) Class: 4884K(5120K)->4884K(5120K)
[2548.485s][info][gc             ] GC(452) Pause Young (Prepare Mixed) (G1 Evacuation Pause) 3624M->1451M(4096M) 118.453ms
[2548.485s][info][gc,cpu         ] GC(452) User=0.70s Sys=0.00s Real=0.12s
.....[2552.903s][info][gc,start       ] GC(453) Pause Young (Mixed) (G1 Evacuation Pause)
[2552.904s][info][gc,task        ] GC(453) Using 6 workers of 6 for evacuation
[2553.041s][info][gc,phases      ] GC(453)   Pre Evacuate Collection Set: 0.37ms
[2553.041s][info][gc,phases      ] GC(453)   Merge Heap Roots: 0.67ms
[2553.041s][info][gc,phases      ] GC(453)   Evacuate Collection Set: 135.01ms
[2553.041s][info][gc,phases      ] GC(453)   Post Evacuate Collection Set: 0.97ms
[2553.041s][info][gc,phases      ] GC(453)   Other: 0.09ms
[2553.041s][info][gc,heap        ] GC(453) Eden regions: 1108->0(1115)
[2553.041s][info][gc,heap        ] GC(453) Survivor regions: 110->113(153)
[2553.041s][info][gc,heap        ] GC(453) Old regions: 537->472
[2553.041s][info][gc,heap        ] GC(453) Humongous regions: 80->80
[2553.041s][info][gc,metaspace   ] GC(453) Metaspace: 29010K(29376K)->29010K(29376K) NonClass: 24126K(24256K)->24126K(24256K) Class: 4884K(5120K)->4884K(5120K)
[2553.041s][info][gc             ] GC(453) Pause Young (Mixed) (G1 Evacuation Pause) 3667M->1329M(4096M) 137.237ms
[2553.041s][info][gc,cpu         ] GC(453) User=0.82s Sys=0.00s Real=0.13s
....[2557.426s][info][gc,start       ] GC(454) Pause Young (Concurrent Start) (G1 Evacuation Pause)
[2557.426s][info][gc,task        ] GC(454) Using 6 workers of 6 for evacuation
[2557.543s][info][gc,phases      ] GC(454)   Pre Evacuate Collection Set: 0.38ms
[2557.543s][info][gc,phases      ] GC(454)   Merge Heap Roots: 0.49ms
[2557.543s][info][gc,phases      ] GC(454)   Evacuate Collection Set: 115.27ms
[2557.543s][info][gc,phases      ] GC(454)   Post Evacuate Collection Set: 0.91ms
[2557.543s][info][gc,phases      ] GC(454)   Other: 0.13ms
[2557.543s][info][gc,heap        ] GC(454) Eden regions: 1115->0(1120)
[2557.543s][info][gc,heap        ] GC(454) Survivor regions: 113->108(154)
[2557.543s][info][gc,heap        ] GC(454) Old regions: 472->504
[2557.543s][info][gc,heap        ] GC(454) Humongous regions: 80->80
[2557.543s][info][gc,metaspace   ] GC(454) Metaspace: 29010K(29376K)->29010K(29376K) NonClass: 24126K(24256K)->24126K(24256K) Class: 4884K(5120K)->4884K(5120K)
[2557.543s][info][gc             ] GC(454) Pause Young (Concurrent Start) (G1 Evacuation Pause) 3559M->1383M(4096M) 117.300ms
[2557.543s][info][gc             ] GC(455) Concurrent Mark Cycle
[2557.543s][info][gc,marking     ] GC(455) Concurrent Scan Root Regions
[2557.543s][info][gc,cpu         ] GC(454) User=0.70s Sys=0.00s Real=0.12s
[2557.707s][info][gc,marking     ] GC(455) Concurrent Scan Root Regions 163.902ms
[2557.707s][info][gc,marking     ] GC(455) Concurrent Mark
[2557.707s][info][gc,marking     ] GC(455) Concurrent Mark From Roots
[2557.707s][info][gc,task        ] GC(455) Using 2 workers of 2 for marking
.[2558.397s][info][gc,marking     ] GC(455) Concurrent Mark From Roots 690.387ms
[2558.397s][info][gc,marking     ] GC(455) Concurrent Preclean
[2558.398s][info][gc,marking     ] GC(455) Concurrent Preclean 0.042ms
[2558.398s][info][gc,start       ] GC(455) Pause Remark
[2558.402s][info][gc             ] GC(455) Pause Remark 1861M->1861M(4096M) 4.117ms
[2558.402s][info][gc,cpu         ] GC(455) User=0.02s Sys=0.00s Real=0.00s
[2558.402s][info][gc,marking     ] GC(455) Concurrent Mark 694.793ms
[2558.402s][info][gc,marking     ] GC(455) Concurrent Rebuild Remembered Sets and Scrub Regions
[2558.758s][info][gc,marking     ] GC(455) Concurrent Rebuild Remembered Sets and Scrub Regions 355.863ms
[2558.758s][info][gc,start       ] GC(455) Pause Cleanup
[2558.758s][info][gc             ] GC(455) Pause Cleanup 2038M->2038M(4096M) 0.109ms
[2558.758s][info][gc,cpu         ] GC(455) User=0.00s Sys=0.00s Real=0.00s
[2558.758s][info][gc,marking     ] GC(455) Concurrent Clear Claimed Marks
[2558.758s][info][gc,marking     ] GC(455) Concurrent Clear Claimed Marks 0.027ms
[2558.758s][info][gc,marking     ] GC(455) Concurrent Cleanup for Next Mark
[2558.762s][info][gc,marking     ] GC(455) Concurrent Cleanup for Next Mark 4.148ms
[2558.762s][info][gc             ] GC(455) Concurrent Mark Cycle 1219.149ms
....[2562.019s][info][gc,start       ] GC(456) Pause Young (Prepare Mixed) (G1 Evacuation Pause)
[2562.019s][info][gc,task        ] GC(456) Using 6 workers of 6 for evacuation
[2562.136s][info][gc,phases      ] GC(456)   Pre Evacuate Collection Set: 0.34ms
[2562.136s][info][gc,phases      ] GC(456)   Merge Heap Roots: 0.54ms
[2562.136s][info][gc,phases      ] GC(456)   Evacuate Collection Set: 115.22ms
[2562.136s][info][gc,phases      ] GC(456)   Post Evacuate Collection Set: 0.97ms
[2562.136s][info][gc,phases      ] GC(456)   Other: 0.09ms
[2562.136s][info][gc,heap        ] GC(456) Eden regions: 1120->0(1112)
[2562.136s][info][gc,heap        ] GC(456) Survivor regions: 108->108(154)
[2562.136s][info][gc,heap        ] GC(456) Old regions: 504->537
[2562.136s][info][gc,heap        ] GC(456) Humongous regions: 80->80
[2562.136s][info][gc,metaspace   ] GC(456) Metaspace: 29010K(29376K)->29010K(29376K) NonClass: 24126K(24256K)->24126K(24256K) Class: 4884K(5120K)->4884K(5120K)
[2562.136s][info][gc             ] GC(456) Pause Young (Prepare Mixed) (G1 Evacuation Pause) 3623M->1448M(4096M) 117.287ms
[2562.136s][info][gc,cpu         ] GC(456) User=0.70s Sys=0.00s Real=0.12s
....[2566.608s][info][gc,start       ] GC(457) Pause Young (Mixed) (G1 Evacuation Pause)
[2566.608s][info][gc,task        ] GC(457) Using 6 workers of 6 for evacuation
[2566.747s][info][gc,phases      ] GC(457)   Pre Evacuate Collection Set: 0.39ms
[2566.747s][info][gc,phases      ] GC(457)   Merge Heap Roots: 0.77ms
[2566.747s][info][gc,phases      ] GC(457)   Evacuate Collection Set: 136.09ms
[2566.747s][info][gc,phases      ] GC(457)   Post Evacuate Collection Set: 0.95ms
[2566.747s][info][gc,phases      ] GC(457)   Other: 0.09ms
[2566.747s][info][gc,heap        ] GC(457) Eden regions: 1112->0(1115)
[2566.747s][info][gc,heap        ] GC(457) Survivor regions: 108->113(153)
[2566.747s][info][gc,heap        ] GC(457) Old regions: 537->472
[2566.747s][info][gc,heap        ] GC(457) Humongous regions: 80->80
[2566.747s][info][gc,metaspace   ] GC(457) Metaspace: 29010K(29376K)->29010K(29376K) NonClass: 24126K(24256K)->24126K(24256K) Class: 4884K(5120K)->4884K(5120K)
[2566.747s][info][gc             ] GC(457) Pause Young (Mixed) (G1 Evacuation Pause) 3672M->1329M(4096M) 138.433ms
[2566.747s][info][gc,cpu         ] GC(457) User=0.82s Sys=0.00s Real=0.14s
.....[2571.067s][info][gc,start       ] GC(458) Pause Young (Concurrent Start) (G1 Evacuation Pause)
[2571.067s][info][gc,task        ] GC(458) Using 6 workers of 6 for evacuation
[2571.183s][info][gc,phases      ] GC(458)   Pre Evacuate Collection Set: 0.38ms
[2571.183s][info][gc,phases      ] GC(458)   Merge Heap Roots: 0.48ms
[2571.183s][info][gc,phases      ] GC(458)   Evacuate Collection Set: 113.76ms
[2571.183s][info][gc,phases      ] GC(458)   Post Evacuate Collection Set: 0.92ms
[2571.183s][info][gc,phases      ] GC(458)   Other: 0.10ms
[2571.183s][info][gc,heap        ] GC(458) Eden regions: 1115->0(1120)
[2571.183s][info][gc,heap        ] GC(458) Survivor regions: 113->108(154)
[2571.183s][info][gc,heap        ] GC(458) Old regions: 472->504
[2571.183s][info][gc,heap        ] GC(458) Humongous regions: 80->80
[2571.183s][info][gc,metaspace   ] GC(458) Metaspace: 29010K(29376K)->29010K(29376K) NonClass: 24126K(24256K)->24126K(24256K) Class: 4884K(5120K)->4884K(5120K)
[2571.183s][info][gc             ] GC(458) Pause Young (Concurrent Start) (G1 Evacuation Pause) 3559M->1382M(4096M) 115.773ms
[2571.183s][info][gc             ] GC(459) Concurrent Mark Cycle
[2571.183s][info][gc,marking     ] GC(459) Concurrent Scan Root Regions
[2571.183s][info][gc,cpu         ] GC(458) User=0.68s Sys=0.00s Real=0.12s
[2571.302s][info][gc,marking     ] GC(459) Concurrent Scan Root Regions 119.354ms
[2571.303s][info][gc,marking     ] GC(459) Concurrent Mark
[2571.303s][info][gc,marking     ] GC(459) Concurrent Mark From Roots
[2571.303s][info][gc,task        ] GC(459) Using 2 workers of 2 for marking
.[2571.922s][info][gc,marking     ] GC(459) Concurrent Mark From Roots 619.363ms
[2571.922s][info][gc,marking     ] GC(459) Concurrent Preclean
[2571.922s][info][gc,marking     ] GC(459) Concurrent Preclean 0.058ms
[2571.922s][info][gc,start       ] GC(459) Pause Remark
[2571.926s][info][gc             ] GC(459) Pause Remark 1778M->1778M(4096M) 3.536ms
[2571.926s][info][gc,cpu         ] GC(459) User=0.02s Sys=0.00s Real=0.01s
[2571.926s][info][gc,marking     ] GC(459) Concurrent Mark 623.200ms
[2571.926s][info][gc,marking     ] GC(459) Concurrent Rebuild Remembered Sets and Scrub Regions
[2572.155s][info][gc,marking     ] GC(459) Concurrent Rebuild Remembered Sets and Scrub Regions 229.577ms
[2572.156s][info][gc,start       ] GC(459) Pause Cleanup
[2572.156s][info][gc             ] GC(459) Pause Cleanup 1888M->1888M(4096M) 0.137ms
[2572.156s][info][gc,cpu         ] GC(459) User=0.00s Sys=0.00s Real=0.00s
[2572.156s][info][gc,marking     ] GC(459) Concurrent Clear Claimed Marks
[2572.156s][info][gc,marking     ] GC(459) Concurrent Clear Claimed Marks 0.036ms
[2572.156s][info][gc,marking     ] GC(459) Concurrent Cleanup for Next Mark
[2572.163s][info][gc,marking     ] GC(459) Concurrent Cleanup for Next Mark 6.503ms
[2572.163s][info][gc             ] GC(459) Concurrent Mark Cycle 979.617ms
...[2575.687s][info][gc,start       ] GC(460) Pause Young (Prepare Mixed) (G1 Evacuation Pause)
[2575.687s][info][gc,task        ] GC(460) Using 6 workers of 6 for evacuation
[2575.803s][info][gc,phases      ] GC(460)   Pre Evacuate Collection Set: 0.36ms
[2575.803s][info][gc,phases      ] GC(460)   Merge Heap Roots: 0.54ms
[2575.803s][info][gc,phases      ] GC(460)   Evacuate Collection Set: 114.80ms
[2575.803s][info][gc,phases      ] GC(460)   Post Evacuate Collection Set: 0.94ms
[2575.803s][info][gc,phases      ] GC(460)   Other: 0.10ms
[2575.803s][info][gc,heap        ] GC(460) Eden regions: 1120->0(1111)
[2575.803s][info][gc,heap        ] GC(460) Survivor regions: 108->109(154)
[2575.803s][info][gc,heap        ] GC(460) Old regions: 504->536
[2575.803s][info][gc,heap        ] GC(460) Humongous regions: 80->80
[2575.803s][info][gc,metaspace   ] GC(460) Metaspace: 29010K(29376K)->29010K(29376K) NonClass: 24126K(24256K)->24126K(24256K) Class: 4884K(5120K)->4884K(5120K)
[2575.804s][info][gc             ] GC(460) Pause Young (Prepare Mixed) (G1 Evacuation Pause) 3622M->1448M(4096M) 116.898ms
[2575.804s][info][gc,cpu         ] GC(460) User=0.69s Sys=0.00s Real=0.12s
.. (rIR:aIR:PR = 4151:4148:4148) (tPR = 61759) [OK] 
  2576s: Performance info:
         Transaction,    Success,    Partial,     Failed,   Receipts, AvgBarcode, 
             Overall,     249623,          0,          0,     237125,      59.48, 
         Response times:
             Request,    Success,    Partial,     Failed,   SkipFail,     Probes,    Samples,      min,      p50,      p90,      p95,      p99,      max, 
       TotalPurchase,     237125,          0,          0,          0,     232142,     249042,      300,     3300,     5900,     9400,    51000,   262000,
     InStorePurchase,     124831,          0,          0,          0,     122300,     131025,      300,     3200,     5800,     9200,    51000,   262000,
      OnlinePurchase,      87337,          0,          0,          0,      85572,      91765,      300,     3400,     6000,     9700,    51000,   213000,
        InstPurchase,      24957,          0,          0,          0,      24270,      26252,      400,     3100,     5800,     9500,    47000,   197000,
          AssocOfCat,        254,          0,          0,          0,        207,        288,    21000,    31000,    48100,    64550,   171330,   212000,
      AssocOfProduct,       2495,          0,          0,          0,       2303,       2617,      800,     3700,     5900,     8810,    54000,   181000,
      BusinessReport,        629,          0,          0,          0,        533,        681,    23000,    34000,    55000,    72000,   171260,   202000,
          CustBuyBeh,       2499,          0,          0,          0,       2310,       2660,      200,     2000,     5000,     7795,    39000,   130000,
       ProductReturn,       6621,          0,          0,          0,       6256,       6889,      200,     3100,     5500,     8900,    50000,   157000,

  2576s: (31%)   IR =   4289 ...[2580.023s][info][gc,start       ] GC(461) Pause Young (Mixed) (G1 Evacuation Pause)
[2580.023s][info][gc,task        ] GC(461) Using 6 workers of 6 for evacuation
[2580.153s][info][gc,phases      ] GC(461)   Pre Evacuate Collection Set: 0.40ms
[2580.153s][info][gc,phases      ] GC(461)   Merge Heap Roots: 0.65ms
[2580.153s][info][gc,phases      ] GC(461)   Evacuate Collection Set: 127.83ms
[2580.153s][info][gc,phases      ] GC(461)   Post Evacuate Collection Set: 1.03ms
[2580.153s][info][gc,phases      ] GC(461)   Other: 0.09ms
[2580.153s][info][gc,heap        ] GC(461) Eden regions: 1111->0(1120)
[2580.153s][info][gc,heap        ] GC(461) Survivor regions: 109->108(153)
[2580.153s][info][gc,heap        ] GC(461) Old regions: 536->472
[2580.153s][info][gc,heap        ] GC(461) Humongous regions: 80->80
[2580.153s][info][gc,metaspace   ] GC(461) Metaspace: 29010K(29376K)->29010K(29376K) NonClass: 24126K(24256K)->24126K(24256K) Class: 4884K(5120K)->4884K(5120K)
[2580.153s][info][gc             ] GC(461) Pause Young (Mixed) (G1 Evacuation Pause) 3670M->1317M(4096M) 130.117ms
[2580.153s][info][gc,cpu         ] GC(461) User=0.78s Sys=0.00s Real=0.13s
.|...[2584.435s][info][gc,start       ] GC(462) Pause Young (Concurrent Start) (G1 Evacuation Pause)
[2584.435s][info][gc,task        ] GC(462) Using 6 workers of 6 for evacuation
[2584.555s][info][gc,phases      ] GC(462)   Pre Evacuate Collection Set: 0.38ms
[2584.555s][info][gc,phases      ] GC(462)   Merge Heap Roots: 0.49ms
[2584.555s][info][gc,phases      ] GC(462)   Evacuate Collection Set: 117.67ms
[2584.555s][info][gc,phases      ] GC(462)   Post Evacuate Collection Set: 0.90ms
[2584.555s][info][gc,phases      ] GC(462)   Other: 0.10ms
[2584.555s][info][gc,heap        ] GC(462) Eden regions: 1120->0(1117)
[2584.555s][info][gc,heap        ] GC(462) Survivor regions: 108->111(154)
[2584.555s][info][gc,heap        ] GC(462) Old regions: 472->504
[2584.555s][info][gc,heap        ] GC(462) Humongous regions: 80->80
[2584.555s][info][gc,metaspace   ] GC(462) Metaspace: 29010K(29376K)->29010K(29376K) NonClass: 24126K(24256K)->24126K(24256K) Class: 4884K(5120K)->4884K(5120K)
[2584.555s][info][gc             ] GC(462) Pause Young (Concurrent Start) (G1 Evacuation Pause) 3557M->1388M(4096M) 119.664ms
[2584.555s][info][gc             ] GC(463) Concurrent Mark Cycle
[2584.555s][info][gc,marking     ] GC(463) Concurrent Scan Root Regions
[2584.555s][info][gc,cpu         ] GC(462) User=0.71s Sys=0.00s Real=0.12s
[2584.692s][info][gc,marking     ] GC(463) Concurrent Scan Root Regions 136.934ms
[2584.692s][info][gc,marking     ] GC(463) Concurrent Mark
[2584.692s][info][gc,marking     ] GC(463) Concurrent Mark From Roots
[2584.692s][info][gc,task        ] GC(463) Using 2 workers of 2 for marking
.[2585.282s][info][gc,marking     ] GC(463) Concurrent Mark From Roots 590.466ms
[2585.283s][info][gc,marking     ] GC(463) Concurrent Preclean
[2585.283s][info][gc,marking     ] GC(463) Concurrent Preclean 0.066ms
[2585.283s][info][gc,start       ] GC(463) Pause Remark
[2585.287s][info][gc             ] GC(463) Pause Remark 1787M->1787M(4096M) 4.130ms
[2585.287s][info][gc,cpu         ] GC(463) User=0.02s Sys=0.00s Real=0.00s
[2585.287s][info][gc,marking     ] GC(463) Concurrent Mark 594.927ms
[2585.287s][info][gc,marking     ] GC(463) Concurrent Rebuild Remembered Sets and Scrub Regions
[2585.531s][info][gc,marking     ] GC(463) Concurrent Rebuild Remembered Sets and Scrub Regions 244.383ms
[2585.531s][info][gc,start       ] GC(463) Pause Cleanup
[2585.532s][info][gc             ] GC(463) Pause Cleanup 1936M->1936M(4096M) 0.124ms
[2585.532s][info][gc,cpu         ] GC(463) User=0.00s Sys=0.00s Real=0.00s
[2585.532s][info][gc,marking     ] GC(463) Concurrent Clear Claimed Marks
[2585.532s][info][gc,marking     ] GC(463) Concurrent Clear Claimed Marks 0.043ms
[2585.532s][info][gc,marking     ] GC(463) Concurrent Cleanup for Next Mark
[2585.536s][info][gc,marking     ] GC(463) Concurrent Cleanup for Next Mark 3.914ms
[2585.536s][info][gc             ] GC(463) Concurrent Mark Cycle 980.651ms
...[2588.809s][info][gc,start       ] GC(464) Pause Young (Prepare Mixed) (G1 Evacuation Pause)
[2588.809s][info][gc,task        ] GC(464) Using 6 workers of 6 for evacuation
[2588.926s][info][gc,phases      ] GC(464)   Pre Evacuate Collection Set: 0.34ms
[2588.926s][info][gc,phases      ] GC(464)   Merge Heap Roots: 0.54ms
[2588.926s][info][gc,phases      ] GC(464)   Evacuate Collection Set: 115.35ms
[2588.926s][info][gc,phases      ] GC(464)   Post Evacuate Collection Set: 0.96ms
[2588.926s][info][gc,phases      ] GC(464)   Other: 0.09ms
[2588.926s][info][gc,heap        ] GC(464) Eden regions: 1117->0(1110)
[2588.926s][info][gc,heap        ] GC(464) Survivor regions: 111->110(154)
[2588.926s][info][gc,heap        ] GC(464) Old regions: 504->535
[2588.926s][info][gc,heap        ] GC(464) Humongous regions: 80->80
[2588.926s][info][gc,metaspace   ] GC(464) Metaspace: 29010K(29376K)->29010K(29376K) NonClass: 24126K(24256K)->24126K(24256K) Class: 4884K(5120K)->4884K(5120K)
[2588.926s][info][gc             ] GC(464) Pause Young (Prepare Mixed) (G1 Evacuation Pause) 3622M->1448M(4096M) 117.396ms
[2588.926s][info][gc,cpu         ] GC(464) User=0.70s Sys=0.00s Real=0.12s
.....[2593.291s][info][gc,start       ] GC(465) Pause Young (Mixed) (G1 Evacuation Pause)
[2593.291s][info][gc,task        ] GC(465) Using 6 workers of 6 for evacuation
[2593.426s][info][gc,phases      ] GC(465)   Pre Evacuate Collection Set: 0.41ms
[2593.426s][info][gc,phases      ] GC(465)   Merge Heap Roots: 0.71ms
[2593.426s][info][gc,phases      ] GC(465)   Evacuate Collection Set: 133.18ms
[2593.426s][info][gc,phases      ] GC(465)   Post Evacuate Collection Set: 0.97ms
[2593.426s][info][gc,phases      ] GC(465)   Other: 0.09ms
[2593.426s][info][gc,heap        ] GC(465) Eden regions: 1110->0(1119)
[2593.426s][info][gc,heap        ] GC(465) Survivor regions: 110->109(153)
[2593.426s][info][gc,heap        ] GC(465) Old regions: 535->471
[2593.426s][info][gc,heap        ] GC(465) Humongous regions: 80->80
[2593.426s][info][gc,metaspace   ] GC(465) Metaspace: 29010K(29376K)->29010K(29376K) NonClass: 24126K(24256K)->24126K(24256K) Class: 4884K(5120K)->4884K(5120K)
[2593.426s][info][gc             ] GC(465) Pause Young (Mixed) (G1 Evacuation Pause) 3668M->1319M(4096M) 135.470ms
[2593.426s][info][gc,cpu         ] GC(465) User=0.81s Sys=0.00s Real=0.14s
....[2597.757s][info][gc,start       ] GC(466) Pause Young (Concurrent Start) (G1 Evacuation Pause)
[2597.757s][info][gc,task        ] GC(466) Using 6 workers of 6 for evacuation
[2597.875s][info][gc,phases      ] GC(466)   Pre Evacuate Collection Set: 0.37ms
[2597.875s][info][gc,phases      ] GC(466)   Merge Heap Roots: 0.48ms
[2597.875s][info][gc,phases      ] GC(466)   Evacuate Collection Set: 115.83ms
[2597.875s][info][gc,phases      ] GC(466)   Post Evacuate Collection Set: 0.93ms
[2597.875s][info][gc,phases      ] GC(466)   Other: 0.11ms
[2597.875s][info][gc,heap        ] GC(466) Eden regions: 1119->0(1118)
[2597.875s][info][gc,heap        ] GC(466) Survivor regions: 109->110(154)
[2597.875s][info][gc,heap        ] GC(466) Old regions: 471->503
[2597.875s][info][gc,heap        ] GC(466) Humongous regions: 80->80
[2597.875s][info][gc,metaspace   ] GC(466) Metaspace: 29010K(29376K)->29010K(29376K) NonClass: 24126K(24256K)->24126K(24256K) Class: 4884K(5120K)->4884K(5120K)
[2597.875s][info][gc             ] GC(466) Pause Young (Concurrent Start) (G1 Evacuation Pause) 3557M->1385M(4096M) 117.853ms
[2597.875s][info][gc             ] GC(467) Concurrent Mark Cycle
[2597.875s][info][gc,marking     ] GC(467) Concurrent Scan Root Regions
[2597.875s][info][gc,cpu         ] GC(466) User=0.70s Sys=0.00s Real=0.12s
.[2598.015s][info][gc,marking     ] GC(467) Concurrent Scan Root Regions 139.365ms
[2598.015s][info][gc,marking     ] GC(467) Concurrent Mark
[2598.015s][info][gc,marking     ] GC(467) Concurrent Mark From Roots
[2598.015s][info][gc,task        ] GC(467) Using 2 workers of 2 for marking
[2598.649s][info][gc,marking     ] GC(467) Concurrent Mark From Roots 634.057ms
[2598.649s][info][gc,marking     ] GC(467) Concurrent Preclean
[2598.649s][info][gc,marking     ] GC(467) Concurrent Preclean 0.054ms
[2598.649s][info][gc,start       ] GC(467) Pause Remark
[2598.653s][info][gc             ] GC(467) Pause Remark 1861M->1861M(4096M) 3.568ms
[2598.653s][info][gc,cpu         ] GC(467) User=0.02s Sys=0.00s Real=0.01s
[2598.653s][info][gc,marking     ] GC(467) Concurrent Mark 637.966ms
[2598.653s][info][gc,marking     ] GC(467) Concurrent Rebuild Remembered Sets and Scrub Regions
[2598.885s][info][gc,marking     ] GC(467) Concurrent Rebuild Remembered Sets and Scrub Regions 232.045ms
[2598.885s][info][gc,start       ] GC(467) Pause Cleanup
[2598.885s][info][gc             ] GC(467) Pause Cleanup 1977M->1977M(4096M) 0.119ms
[2598.885s][info][gc,cpu         ] GC(467) User=0.00s Sys=0.00s Real=0.00s
[2598.885s][info][gc,marking     ] GC(467) Concurrent Clear Claimed Marks
[2598.885s][info][gc,marking     ] GC(467) Concurrent Clear Claimed Marks 0.030ms
[2598.885s][info][gc,marking     ] GC(467) Concurrent Cleanup for Next Mark
[2598.888s][info][gc,marking     ] GC(467) Concurrent Cleanup for Next Mark 3.170ms
[2598.888s][info][gc             ] GC(467) Concurrent Mark Cycle 1013.047ms
....[2602.163s][info][gc,start       ] GC(468) Pause Young (Prepare Mixed) (G1 Evacuation Pause)
[2602.163s][info][gc,task        ] GC(468) Using 6 workers of 6 for evacuation
[2602.285s][info][gc,phases      ] GC(468)   Pre Evacuate Collection Set: 0.31ms
[2602.285s][info][gc,phases      ] GC(468)   Merge Heap Roots: 0.54ms
[2602.285s][info][gc,phases      ] GC(468)   Evacuate Collection Set: 120.85ms
[2602.285s][info][gc,phases      ] GC(468)   Post Evacuate Collection Set: 0.89ms
[2602.285s][info][gc,phases      ] GC(468)   Other: 0.09ms
[2602.285s][info][gc,heap        ] GC(468) Eden regions: 1118->0(1103)
[2602.285s][info][gc,heap        ] GC(468) Survivor regions: 110->113(154)
[2602.285s][info][gc,heap        ] GC(468) Old regions: 503->536
[2602.285s][info][gc,heap        ] GC(468) Humongous regions: 80->80
[2602.285s][info][gc,metaspace   ] GC(468) Metaspace: 29010K(29376K)->29010K(29376K) NonClass: 24126K(24256K)->24126K(24256K) Class: 4884K(5120K)->4884K(5120K)
[2602.285s][info][gc             ] GC(468) Pause Young (Prepare Mixed) (G1 Evacuation Pause) 3621M->1455M(4096M) 122.812ms
[2602.285s][info][gc,cpu         ] GC(468) User=0.73s Sys=0.00s Real=0.12s
....[2606.489s][info][gc,start       ] GC(469) Pause Young (Mixed) (G1 Evacuation Pause)
[2606.489s][info][gc,task        ] GC(469) Using 6 workers of 6 for evacuation
[2606.623s][info][gc,phases      ] GC(469)   Pre Evacuate Collection Set: 0.35ms
[2606.623s][info][gc,phases      ] GC(469)   Merge Heap Roots: 0.71ms
[2606.623s][info][gc,phases      ] GC(469)   Evacuate Collection Set: 131.55ms
[2606.623s][info][gc,phases      ] GC(469)   Post Evacuate Collection Set: 0.96ms
[2606.623s][info][gc,phases      ] GC(469)   Other: 0.08ms
[2606.623s][info][gc,heap        ] GC(469) Eden regions: 1103->0(1119)
[2606.623s][info][gc,heap        ] GC(469) Survivor regions: 113->109(152)
[2606.623s][info][gc,heap        ] GC(469) Old regions: 536->474
[2606.623s][info][gc,heap        ] GC(469) Humongous regions: 80->80
[2606.623s][info][gc,metaspace   ] GC(469) Metaspace: 29010K(29376K)->29010K(29376K) NonClass: 24126K(24256K)->24126K(24256K) Class: 4884K(5120K)->4884K(5120K)
[2606.623s][info][gc             ] GC(469) Pause Young (Mixed) (G1 Evacuation Pause) 3661M->1324M(4096M) 133.794ms
[2606.623s][info][gc,cpu         ] GC(469) User=0.79s Sys=0.00s Real=0.14s
....[2610.945s][info][gc,start       ] GC(470) Pause Young (Concurrent Start) (G1 Evacuation Pause)
[2610.945s][info][gc,task        ] GC(470) Using 6 workers of 6 for evacuation
[2611.061s][info][gc,phases      ] GC(470)   Pre Evacuate Collection Set: 0.38ms
[2611.061s][info][gc,phases      ] GC(470)   Merge Heap Roots: 0.51ms
[2611.061s][info][gc,phases      ] GC(470)   Evacuate Collection Set: 114.66ms
[2611.061s][info][gc,phases      ] GC(470)   Post Evacuate Collection Set: 0.90ms
[2611.061s][info][gc,phases      ] GC(470)   Other: 0.10ms
[2611.061s][info][gc,heap        ] GC(470) Eden regions: 1119->0(1120)
[2611.061s][info][gc,heap        ] GC(470) Survivor regions: 109->108(154)
[2611.061s][info][gc,heap        ] GC(470) Old regions: 474->506
[2611.061s][info][gc,heap        ] GC(470) Humongous regions: 80->80
[2611.061s][info][gc,metaspace   ] GC(470) Metaspace: 29010K(29376K)->29010K(29376K) NonClass: 24126K(24256K)->24126K(24256K) Class: 4884K(5120K)->4884K(5120K)
[2611.061s][info][gc             ] GC(470) Pause Young (Concurrent Start) (G1 Evacuation Pause) 3562M->1386M(4096M) 116.687ms
[2611.061s][info][gc             ] GC(471) Concurrent Mark Cycle
[2611.061s][info][gc,marking     ] GC(471) Concurrent Scan Root Regions
[2611.061s][info][gc,cpu         ] GC(470) User=0.70s Sys=0.00s Real=0.11s
.[2611.189s][info][gc,marking     ] GC(471) Concurrent Scan Root Regions 127.612ms
[2611.189s][info][gc,marking     ] GC(471) Concurrent Mark
[2611.189s][info][gc,marking     ] GC(471) Concurrent Mark From Roots
[2611.189s][info][gc,task        ] GC(471) Using 2 workers of 2 for marking
[2611.809s][info][gc,marking     ] GC(471) Concurrent Mark From Roots 619.522ms
[2611.809s][info][gc,marking     ] GC(471) Concurrent Preclean
[2611.809s][info][gc,marking     ] GC(471) Concurrent Preclean 0.055ms
[2611.809s][info][gc,start       ] GC(471) Pause Remark
[2611.813s][info][gc             ] GC(471) Pause Remark 1786M->1786M(4096M) 3.964ms
[2611.813s][info][gc,cpu         ] GC(471) User=0.02s Sys=0.00s Real=0.01s
[2611.813s][info][gc,marking     ] GC(471) Concurrent Mark 623.793ms
[2611.813s][info][gc,marking     ] GC(471) Concurrent Rebuild Remembered Sets and Scrub Regions
.[2612.079s][info][gc,marking     ] GC(471) Concurrent Rebuild Remembered Sets and Scrub Regions 266.443ms
[2612.082s][info][gc,start       ] GC(471) Pause Cleanup
[2612.082s][info][gc             ] GC(471) Pause Cleanup 1944M->1944M(4096M) 0.153ms
[2612.082s][info][gc,cpu         ] GC(471) User=0.00s Sys=0.00s Real=0.00s
[2612.082s][info][gc,marking     ] GC(471) Concurrent Clear Claimed Marks
[2612.082s][info][gc,marking     ] GC(471) Concurrent Clear Claimed Marks 0.025ms
[2612.082s][info][gc,marking     ] GC(471) Concurrent Cleanup for Next Mark
[2612.086s][info][gc,marking     ] GC(471) Concurrent Cleanup for Next Mark 4.513ms
[2612.086s][info][gc             ] GC(471) Concurrent Mark Cycle 1025.059ms
...[2615.417s][info][gc,start       ] GC(472) Pause Young (Prepare Mixed) (G1 Evacuation Pause)
[2615.417s][info][gc,task        ] GC(472) Using 6 workers of 6 for evacuation
[2615.534s][info][gc,phases      ] GC(472)   Pre Evacuate Collection Set: 0.36ms
[2615.534s][info][gc,phases      ] GC(472)   Merge Heap Roots: 0.52ms
[2615.534s][info][gc,phases      ] GC(472)   Evacuate Collection Set: 115.45ms
[2615.534s][info][gc,phases      ] GC(472)   Post Evacuate Collection Set: 0.96ms
[2615.534s][info][gc,phases      ] GC(472)   Other: 0.09ms
[2615.534s][info][gc,heap        ] GC(472) Eden regions: 1120->0(1107)
[2615.534s][info][gc,heap        ] GC(472) Survivor regions: 108->110(154)
[2615.534s][info][gc,heap        ] GC(472) Old regions: 506->538
[2615.534s][info][gc,heap        ] GC(472) Humongous regions: 80->80
[2615.534s][info][gc,metaspace   ] GC(472) Metaspace: 29010K(29376K)->29010K(29376K) NonClass: 24126K(24256K)->24126K(24256K) Class: 4884K(5120K)->4884K(5120K)
[2615.534s][info][gc             ] GC(472) Pause Young (Prepare Mixed) (G1 Evacuation Pause) 3626M->1454M(4096M) 117.520ms
[2615.535s][info][gc,cpu         ] GC(472) User=0.70s Sys=0.00s Real=0.12s
....[2619.785s][info][gc,start       ] GC(473) Pause Young (Mixed) (G1 Evacuation Pause)
[2619.785s][info][gc,task        ] GC(473) Using 6 workers of 6 for evacuation
[2619.920s][info][gc,phases      ] GC(473)   Pre Evacuate Collection Set: 0.38ms
[2619.920s][info][gc,phases      ] GC(473)   Merge Heap Roots: 0.84ms
[2619.920s][info][gc,phases      ] GC(473)   Evacuate Collection Set: 133.07ms
[2619.920s][info][gc,phases      ] GC(473)   Post Evacuate Collection Set: 1.00ms
[2619.920s][info][gc,phases      ] GC(473)   Other: 0.10ms
[2619.920s][info][gc,heap        ] GC(473) Eden regions: 1107->0(1119)
[2619.920s][info][gc,heap        ] GC(473) Survivor regions: 110->109(153)
[2619.920s][info][gc,heap        ] GC(473) Old regions: 538->472
[2619.920s][info][gc,heap        ] GC(473) Humongous regions: 80->80
[2619.920s][info][gc,metaspace   ] GC(473) Metaspace: 29015K(29376K)->29015K(29376K) NonClass: 24130K(24256K)->24130K(24256K) Class: 4884K(5120K)->4884K(5120K)
[2619.920s][info][gc             ] GC(473) Pause Young (Mixed) (G1 Evacuation Pause) 3668M->1320M(4096M) 135.525ms
[2619.920s][info][gc,cpu         ] GC(473) User=0.80s Sys=0.00s Real=0.13s
.....[2624.182s][info][gc,start       ] GC(474) Pause Young (Concurrent Start) (G1 Evacuation Pause)
[2624.182s][info][gc,task        ] GC(474) Using 6 workers of 6 for evacuation
[2624.299s][info][gc,phases      ] GC(474)   Pre Evacuate Collection Set: 0.41ms
[2624.299s][info][gc,phases      ] GC(474)   Merge Heap Roots: 0.50ms
[2624.299s][info][gc,phases      ] GC(474)   Evacuate Collection Set: 115.62ms
[2624.299s][info][gc,phases      ] GC(474)   Post Evacuate Collection Set: 0.89ms
[2624.299s][info][gc,phases      ] GC(474)   Other: 0.13ms
[2624.299s][info][gc,heap        ] GC(474) Eden regions: 1119->0(1119)
[2624.299s][info][gc,heap        ] GC(474) Survivor regions: 109->109(154)
[2624.299s][info][gc,heap        ] GC(474) Old regions: 472->504
[2624.299s][info][gc,heap        ] GC(474) Humongous regions: 80->80
[2624.299s][info][gc,metaspace   ] GC(474) Metaspace: 29015K(29376K)->29015K(29376K) NonClass: 24130K(24256K)->24130K(24256K) Class: 4884K(5120K)->4884K(5120K)
[2624.299s][info][gc             ] GC(474) Pause Young (Concurrent Start) (G1 Evacuation Pause) 3558M->1384M(4096M) 117.672ms
[2624.299s][info][gc             ] GC(475) Concurrent Mark Cycle
[2624.299s][info][gc,marking     ] GC(475) Concurrent Scan Root Regions
[2624.299s][info][gc,cpu         ] GC(474) User=0.70s Sys=0.00s Real=0.12s
[2624.443s][info][gc,marking     ] GC(475) Concurrent Scan Root Regions 143.448ms
[2624.443s][info][gc,marking     ] GC(475) Concurrent Mark
[2624.443s][info][gc,marking     ] GC(475) Concurrent Mark From Roots
[2624.443s][info][gc,task        ] GC(475) Using 2 workers of 2 for marking
[2625.058s][info][gc,marking     ] GC(475) Concurrent Mark From Roots 615.128ms
[2625.058s][info][gc,marking     ] GC(475) Concurrent Preclean
[2625.058s][info][gc,marking     ] GC(475) Concurrent Preclean 0.041ms
[2625.058s][info][gc,start       ] GC(475) Pause Remark
[2625.062s][info][gc             ] GC(475) Pause Remark 1833M->1833M(4096M) 4.145ms
[2625.062s][info][gc,cpu         ] GC(475) User=0.02s Sys=0.00s Real=0.01s
[2625.062s][info][gc,marking     ] GC(475) Concurrent Mark 619.591ms
[2625.062s][info][gc,marking     ] GC(475) Concurrent Rebuild Remembered Sets and Scrub Regions
.[2625.330s][info][gc,marking     ] GC(475) Concurrent Rebuild Remembered Sets and Scrub Regions 267.620ms
[2625.330s][info][gc,start       ] GC(475) Pause Cleanup
[2625.331s][info][gc             ] GC(475) Pause Cleanup 1977M->1977M(4096M) 0.136ms
[2625.331s][info][gc,cpu         ] GC(475) User=0.00s Sys=0.00s Real=0.00s
[2625.331s][info][gc,marking     ] GC(475) Concurrent Clear Claimed Marks
[2625.331s][info][gc,marking     ] GC(475) Concurrent Clear Claimed Marks 0.036ms
[2625.331s][info][gc,marking     ] GC(475) Concurrent Cleanup for Next Mark
[2625.335s][info][gc,marking     ] GC(475) Concurrent Cleanup for Next Mark 4.558ms
[2625.335s][info][gc             ] GC(475) Concurrent Mark Cycle 1036.141ms
...[2628.620s][info][gc,start       ] GC(476) Pause Young (Prepare Mixed) (G1 Evacuation Pause)
[2628.620s][info][gc,task        ] GC(476) Using 6 workers of 6 for evacuation
[2628.738s][info][gc,phases      ] GC(476)   Pre Evacuate Collection Set: 0.35ms
[2628.738s][info][gc,phases      ] GC(476)   Merge Heap Roots: 0.56ms
[2628.738s][info][gc,phases      ] GC(476)   Evacuate Collection Set: 115.72ms
[2628.738s][info][gc,phases      ] GC(476)   Post Evacuate Collection Set: 0.96ms
[2628.738s][info][gc,phases      ] GC(476)   Other: 0.09ms
[2628.738s][info][gc,heap        ] GC(476) Eden regions: 1119->0(1111)
[2628.738s][info][gc,heap        ] GC(476) Survivor regions: 109->109(154)
[2628.738s][info][gc,heap        ] GC(476) Old regions: 504->536
[2628.738s][info][gc,heap        ] GC(476) Humongous regions: 80->80
[2628.738s][info][gc,metaspace   ] GC(476) Metaspace: 29015K(29376K)->29015K(29376K) NonClass: 24130K(24256K)->24130K(24256K) Class: 4884K(5120K)->4884K(5120K)
[2628.738s][info][gc             ] GC(476) Pause Young (Prepare Mixed) (G1 Evacuation Pause) 3622M->1449M(4096M) 117.817ms
[2628.738s][info][gc,cpu         ] GC(476) User=0.71s Sys=0.00s Real=0.12s
....[2633.001s][info][gc,start       ] GC(477) Pause Young (Mixed) (G1 Evacuation Pause)
[2633.001s][info][gc,task        ] GC(477) Using 6 workers of 6 for evacuation
[2633.134s][info][gc,phases      ] GC(477)   Pre Evacuate Collection Set: 0.42ms
[2633.134s][info][gc,phases      ] GC(477)   Merge Heap Roots: 0.69ms
[2633.134s][info][gc,phases      ] GC(477)   Evacuate Collection Set: 131.36ms
[2633.134s][info][gc,phases      ] GC(477)   Post Evacuate Collection Set: 0.99ms
[2633.134s][info][gc,phases      ] GC(477)   Other: 0.09ms
[2633.134s][info][gc,heap        ] GC(477) Eden regions: 1111->0(1120)
[2633.134s][info][gc,heap        ] GC(477) Survivor regions: 109->108(153)
[2633.134s][info][gc,heap        ] GC(477) Old regions: 536->472
[2633.134s][info][gc,heap        ] GC(477) Humongous regions: 80->80
[2633.134s][info][gc,metaspace   ] GC(477) Metaspace: 29015K(29376K)->29015K(29376K) NonClass: 24130K(24256K)->24130K(24256K) Class: 4884K(5120K)->4884K(5120K)
[2633.134s][info][gc             ] GC(477) Pause Young (Mixed) (G1 Evacuation Pause) 3671M->1318M(4096M) 133.711ms
[2633.134s][info][gc,cpu         ] GC(477) User=0.79s Sys=0.00s Real=0.14s
.....[2637.452s][info][gc,start       ] GC(478) Pause Young (Concurrent Start) (G1 Evacuation Pause)
[2637.452s][info][gc,task        ] GC(478) Using 6 workers of 6 for evacuation
[2637.569s][info][gc,phases      ] GC(478)   Pre Evacuate Collection Set: 0.38ms
[2637.569s][info][gc,phases      ] GC(478)   Merge Heap Roots: 0.50ms
[2637.570s][info][gc,phases      ] GC(478)   Evacuate Collection Set: 115.95ms
[2637.570s][info][gc,phases      ] GC(478)   Post Evacuate Collection Set: 0.91ms
[2637.570s][info][gc,phases      ] GC(478)   Other: 0.09ms
[2637.570s][info][gc,heap        ] GC(478) Eden regions: 1120->0(1119)
[2637.570s][info][gc,heap        ] GC(478) Survivor regions: 108->109(154)
[2637.570s][info][gc,heap        ] GC(478) Old regions: 472->504
[2637.570s][info][gc,heap        ] GC(478) Humongous regions: 80->80
[2637.570s][info][gc,metaspace   ] GC(478) Metaspace: 29015K(29376K)->29015K(29376K) NonClass: 24130K(24256K)->24130K(24256K) Class: 4884K(5120K)->4884K(5120K)
[2637.570s][info][gc             ] GC(478) Pause Young (Concurrent Start) (G1 Evacuation Pause) 3558M->1383M(4096M) 117.983ms
[2637.570s][info][gc             ] GC(479) Concurrent Mark Cycle
[2637.570s][info][gc,marking     ] GC(479) Concurrent Scan Root Regions
[2637.570s][info][gc,cpu         ] GC(478) User=0.70s Sys=0.00s Real=0.12s
[2637.746s][info][gc,marking     ] GC(479) Concurrent Scan Root Regions 176.673ms
[2637.746s][info][gc,marking     ] GC(479) Concurrent Mark
[2637.746s][info][gc,marking     ] GC(479) Concurrent Mark From Roots
[2637.746s][info][gc,task        ] GC(479) Using 2 workers of 2 for marking
.[2638.404s][info][gc,marking     ] GC(479) Concurrent Mark From Roots 657.802ms
[2638.404s][info][gc,marking     ] GC(479) Concurrent Preclean
[2638.404s][info][gc,marking     ] GC(479) Concurrent Preclean 0.047ms
[2638.404s][info][gc,start       ] GC(479) Pause Remark
[2638.408s][info][gc             ] GC(479) Pause Remark 1836M->1836M(4096M) 4.028ms
[2638.408s][info][gc,cpu         ] GC(479) User=0.02s Sys=0.00s Real=0.00s
[2638.408s][info][gc,marking     ] GC(479) Concurrent Mark 662.138ms
[2638.408s][info][gc,marking     ] GC(479) Concurrent Rebuild Remembered Sets and Scrub Regions
[2638.672s][info][gc,marking     ] GC(479) Concurrent Rebuild Remembered Sets and Scrub Regions 263.740ms
[2638.672s][info][gc,start       ] GC(479) Pause Cleanup
[2638.673s][info][gc             ] GC(479) Pause Cleanup 1972M->1972M(4096M) 0.120ms
[2638.673s][info][gc,cpu         ] GC(479) User=0.00s Sys=0.00s Real=0.01s
[2638.673s][info][gc,marking     ] GC(479) Concurrent Clear Claimed Marks
[2638.673s][info][gc,marking     ] GC(479) Concurrent Clear Claimed Marks 0.030ms
[2638.673s][info][gc,marking     ] GC(479) Concurrent Cleanup for Next Mark
[2638.676s][info][gc,marking     ] GC(479) Concurrent Cleanup for Next Mark 3.235ms
[2638.676s][info][gc             ] GC(479) Concurrent Mark Cycle 1106.270ms
... (rIR:aIR:PR = 4289:4287:4287) (tPR = 63384) [OK] 
  2641s: Performance info:
         Transaction,    Success,    Partial,     Failed,   Receipts, AvgBarcode, 
             Overall,     258194,          0,          0,     245299,      59.47, 
         Response times:
             Request,    Success,    Partial,     Failed,   SkipFail,     Probes,    Samples,      min,      p50,      p90,      p95,      p99,      max, 
       TotalPurchase,     245299,          0,          0,          0,     241037,     257868,      300,     3400,     6100,     9500,    40000,   180000,
     InStorePurchase,     129157,          0,          0,          0,     127037,     135491,      300,     3200,     6000,     9100,    40000,   180000,
      OnlinePurchase,      90324,          0,          0,          0,      88834,      95152,      300,     3700,     6300,    10600,    42000,   179000,
        InstPurchase,      25818,          0,          0,          0,      25166,      27225,      400,     2800,     5600,     8500,    36000,   141000,
          AssocOfCat,        258,          0,          0,          0,        202,        263,    22000,    31000,    51800,    60400,    79000,    87000,
      AssocOfProduct,       2581,          0,          0,          0,       2353,       2671,      600,     4600,     7000,    11140,    54000,   140000,
      BusinessReport,        641,          0,          0,          0,        561,        717,    25000,    33000,    52000,    66100,   105380,   189000,
          CustBuyBeh,       2571,          0,          0,          0,       2397,       2746,      200,     3700,     6030,     9400,    38000,   123000,
       ProductReturn,       6844,          0,          0,          0,       6580,       7280,      200,     3000,     6100,     9800,    39000,   138000,

  2641s: (32%)   IR =   4428 [2641.892s][info][gc,start       ] GC(480) Pause Young (Prepare Mixed) (G1 Evacuation Pause)
[2641.892s][info][gc,task        ] GC(480) Using 6 workers of 6 for evacuation
[2642.011s][info][gc,phases      ] GC(480)   Pre Evacuate Collection Set: 0.37ms
[2642.011s][info][gc,phases      ] GC(480)   Merge Heap Roots: 0.55ms
[2642.011s][info][gc,phases      ] GC(480)   Evacuate Collection Set: 117.09ms
[2642.011s][info][gc,phases      ] GC(480)   Post Evacuate Collection Set: 0.93ms
[2642.011s][info][gc,phases      ] GC(480)   Other: 0.09ms
[2642.011s][info][gc,heap        ] GC(480) Eden regions: 1119->0(1107)
[2642.011s][info][gc,heap        ] GC(480) Survivor regions: 109->111(154)
[2642.011s][info][gc,heap        ] GC(480) Old regions: 504->536
[2642.011s][info][gc,heap        ] GC(480) Humongous regions: 80->80
[2642.011s][info][gc,metaspace   ] GC(480) Metaspace: 29015K(29376K)->29015K(29376K) NonClass: 24130K(24256K)->24130K(24256K) Class: 4884K(5120K)->4884K(5120K)
[2642.011s][info][gc             ] GC(480) Pause Young (Prepare Mixed) (G1 Evacuation Pause) 3621M->1452M(4096M) 119.154ms
[2642.011s][info][gc,cpu         ] GC(480) User=0.71s Sys=0.00s Real=0.12s
....[2646.139s][info][gc,start       ] GC(481) Pause Young (Mixed) (G1 Evacuation Pause)
[2646.139s][info][gc,task        ] GC(481) Using 6 workers of 6 for evacuation
[2646.273s][info][gc,phases      ] GC(481)   Pre Evacuate Collection Set: 0.41ms
[2646.273s][info][gc,phases      ] GC(481)   Merge Heap Roots: 0.83ms
[2646.273s][info][gc,phases      ] GC(481)   Evacuate Collection Set: 131.37ms
[2646.273s][info][gc,phases      ] GC(481)   Post Evacuate Collection Set: 0.98ms
[2646.273s][info][gc,phases      ] GC(481)   Other: 0.10ms
[2646.273s][info][gc,heap        ] GC(481) Eden regions: 1107->0(1120)
[2646.273s][info][gc,heap        ] GC(481) Survivor regions: 111->108(153)
[2646.273s][info][gc,heap        ] GC(481) Old regions: 536->474
[2646.273s][info][gc,heap        ] GC(481) Humongous regions: 80->80
[2646.273s][info][gc,metaspace   ] GC(481) Metaspace: 29016K(29376K)->29016K(29376K) NonClass: 24132K(24256K)->24132K(24256K) Class: 4884K(5120K)->4884K(5120K)
[2646.273s][info][gc             ] GC(481) Pause Young (Mixed) (G1 Evacuation Pause) 3666M->1322M(4096M) 133.828ms
[2646.273s][info][gc,cpu         ] GC(481) User=0.80s Sys=0.00s Real=0.14s
.....|[2650.390s][info][gc,start       ] GC(482) Pause Young (Concurrent Start) (G1 Evacuation Pause)
[2650.390s][info][gc,task        ] GC(482) Using 6 workers of 6 for evacuation
[2650.511s][info][gc,phases      ] GC(482)   Pre Evacuate Collection Set: 0.37ms
[2650.511s][info][gc,phases      ] GC(482)   Merge Heap Roots: 0.49ms
[2650.511s][info][gc,phases      ] GC(482)   Evacuate Collection Set: 119.43ms
[2650.511s][info][gc,phases      ] GC(482)   Post Evacuate Collection Set: 0.93ms
[2650.511s][info][gc,phases      ] GC(482)   Other: 0.10ms
[2650.511s][info][gc,heap        ] GC(482) Eden regions: 1120->0(1116)
[2650.511s][info][gc,heap        ] GC(482) Survivor regions: 108->112(154)
[2650.511s][info][gc,heap        ] GC(482) Old regions: 474->507
[2650.511s][info][gc,heap        ] GC(482) Humongous regions: 80->80
[2650.511s][info][gc,metaspace   ] GC(482) Metaspace: 29016K(29376K)->29016K(29376K) NonClass: 24132K(24256K)->24132K(24256K) Class: 4884K(5120K)->4884K(5120K)
[2650.511s][info][gc             ] GC(482) Pause Young (Concurrent Start) (G1 Evacuation Pause) 3562M->1395M(4096M) 121.469ms
[2650.511s][info][gc             ] GC(483) Concurrent Mark Cycle
[2650.511s][info][gc,marking     ] GC(483) Concurrent Scan Root Regions
[2650.511s][info][gc,cpu         ] GC(482) User=0.72s Sys=0.00s Real=0.12s
[2650.683s][info][gc,marking     ] GC(483) Concurrent Scan Root Regions 171.598ms
[2650.683s][info][gc,marking     ] GC(483) Concurrent Mark
[2650.683s][info][gc,marking     ] GC(483) Concurrent Mark From Roots
[2650.683s][info][gc,task        ] GC(483) Using 2 workers of 2 for marking
.[2651.314s][info][gc,marking     ] GC(483) Concurrent Mark From Roots 630.774ms
[2651.314s][info][gc,marking     ] GC(483) Concurrent Preclean
[2651.314s][info][gc,marking     ] GC(483) Concurrent Preclean 0.065ms
[2651.314s][info][gc,start       ] GC(483) Pause Remark
[2651.318s][info][gc             ] GC(483) Pause Remark 1868M->1868M(4096M) 3.965ms
[2651.318s][info][gc,cpu         ] GC(483) User=0.02s Sys=0.00s Real=0.00s
[2651.318s][info][gc,marking     ] GC(483) Concurrent Mark 635.227ms
[2651.318s][info][gc,marking     ] GC(483) Concurrent Rebuild Remembered Sets and Scrub Regions
[2651.556s][info][gc,marking     ] GC(483) Concurrent Rebuild Remembered Sets and Scrub Regions 237.571ms
[2651.556s][info][gc,start       ] GC(483) Pause Cleanup
[2651.556s][info][gc             ] GC(483) Pause Cleanup 2016M->2016M(4096M) 0.126ms
[2651.556s][info][gc,cpu         ] GC(483) User=0.00s Sys=0.00s Real=0.00s
[2651.556s][info][gc,marking     ] GC(483) Concurrent Clear Claimed Marks
[2651.556s][info][gc,marking     ] GC(483) Concurrent Clear Claimed Marks 0.023ms
[2651.556s][info][gc,marking     ] GC(483) Concurrent Cleanup for Next Mark
[2651.561s][info][gc,marking     ] GC(483) Concurrent Cleanup for Next Mark 4.968ms
[2651.561s][info][gc             ] GC(483) Concurrent Mark Cycle 1050.109ms
...[2654.745s][info][gc,start       ] GC(484) Pause Young (Prepare Mixed) (G1 Evacuation Pause)
[2654.745s][info][gc,task        ] GC(484) Using 6 workers of 6 for evacuation
[2654.866s][info][gc,phases      ] GC(484)   Pre Evacuate Collection Set: 0.37ms
[2654.866s][info][gc,phases      ] GC(484)   Merge Heap Roots: 0.55ms
[2654.866s][info][gc,phases      ] GC(484)   Evacuate Collection Set: 118.28ms
[2654.866s][info][gc,phases      ] GC(484)   Post Evacuate Collection Set: 0.94ms
[2654.866s][info][gc,phases      ] GC(484)   Other: 0.10ms
[2654.866s][info][gc,heap        ] GC(484) Eden regions: 1116->0(1103)
[2654.866s][info][gc,heap        ] GC(484) Survivor regions: 112->112(154)
[2654.866s][info][gc,heap        ] GC(484) Old regions: 507->538
[2654.866s][info][gc,heap        ] GC(484) Humongous regions: 80->80
[2654.866s][info][gc,metaspace   ] GC(484) Metaspace: 29016K(29376K)->29016K(29376K) NonClass: 24132K(24256K)->24132K(24256K) Class: 4884K(5120K)->4884K(5120K)
[2654.866s][info][gc             ] GC(484) Pause Young (Prepare Mixed) (G1 Evacuation Pause) 3627M->1457M(4096M) 120.362ms
[2654.866s][info][gc,cpu         ] GC(484) User=0.72s Sys=0.00s Real=0.12s
....[2658.885s][info][gc,start       ] GC(485) Pause Young (Mixed) (G1 Evacuation Pause)
[2658.885s][info][gc,task        ] GC(485) Using 6 workers of 6 for evacuation
[2659.019s][info][gc,phases      ] GC(485)   Pre Evacuate Collection Set: 0.35ms
[2659.019s][info][gc,phases      ] GC(485)   Merge Heap Roots: 0.69ms
[2659.019s][info][gc,phases      ] GC(485)   Evacuate Collection Set: 131.00ms
[2659.019s][info][gc,phases      ] GC(485)   Post Evacuate Collection Set: 0.97ms
[2659.019s][info][gc,phases      ] GC(485)   Other: 0.09ms
[2659.019s][info][gc,heap        ] GC(485) Eden regions: 1103->0(1119)
[2659.019s][info][gc,heap        ] GC(485) Survivor regions: 112->109(152)
[2659.019s][info][gc,heap        ] GC(485) Old regions: 538->471
[2659.019s][info][gc,heap        ] GC(485) Humongous regions: 80->80
[2659.019s][info][gc,metaspace   ] GC(485) Metaspace: 29016K(29376K)->29016K(29376K) NonClass: 24132K(24256K)->24132K(24256K) Class: 4884K(5120K)->4884K(5120K)
[2659.019s][info][gc             ] GC(485) Pause Young (Mixed) (G1 Evacuation Pause) 3663M->1319M(4096M) 133.223ms
[2659.019s][info][gc,cpu         ] GC(485) User=0.79s Sys=0.00s Real=0.13s
....[2663.242s][info][gc,start       ] GC(486) Pause Young (Concurrent Start) (G1 Evacuation Pause)
[2663.242s][info][gc,task        ] GC(486) Using 6 workers of 6 for evacuation
[2663.364s][info][gc,phases      ] GC(486)   Pre Evacuate Collection Set: 0.37ms
[2663.364s][info][gc,phases      ] GC(486)   Merge Heap Roots: 0.56ms
[2663.364s][info][gc,phases      ] GC(486)   Evacuate Collection Set: 119.33ms
[2663.364s][info][gc,phases      ] GC(486)   Post Evacuate Collection Set: 0.92ms
[2663.364s][info][gc,phases      ] GC(486)   Other: 0.11ms
[2663.364s][info][gc,heap        ] GC(486) Eden regions: 1119->0(1117)
[2663.364s][info][gc,heap        ] GC(486) Survivor regions: 109->111(154)
[2663.364s][info][gc,heap        ] GC(486) Old regions: 471->504
[2663.364s][info][gc,heap        ] GC(486) Humongous regions: 80->80
[2663.364s][info][gc,metaspace   ] GC(486) Metaspace: 29016K(29376K)->29016K(29376K) NonClass: 24132K(24256K)->24132K(24256K) Class: 4884K(5120K)->4884K(5120K)
[2663.364s][info][gc             ] GC(486) Pause Young (Concurrent Start) (G1 Evacuation Pause) 3557M->1388M(4096M) 121.438ms
[2663.364s][info][gc             ] GC(487) Concurrent Mark Cycle
[2663.364s][info][gc,marking     ] GC(487) Concurrent Scan Root Regions
[2663.364s][info][gc,cpu         ] GC(486) User=0.72s Sys=0.00s Real=0.13s
.[2663.505s][info][gc,marking     ] GC(487) Concurrent Scan Root Regions 141.559ms
[2663.505s][info][gc,marking     ] GC(487) Concurrent Mark
[2663.505s][info][gc,marking     ] GC(487) Concurrent Mark From Roots
[2663.505s][info][gc,task        ] GC(487) Using 2 workers of 2 for marking
[2664.119s][info][gc,marking     ] GC(487) Concurrent Mark From Roots 613.762ms
[2664.119s][info][gc,marking     ] GC(487) Concurrent Preclean
[2664.119s][info][gc,marking     ] GC(487) Concurrent Preclean 0.061ms
[2664.119s][info][gc,start       ] GC(487) Pause Remark
[2664.123s][info][gc             ] GC(487) Pause Remark 1864M->1864M(4096M) 4.092ms
[2664.123s][info][gc,cpu         ] GC(487) User=0.02s Sys=0.01s Real=0.01s
[2664.124s][info][gc,marking     ] GC(487) Concurrent Mark 618.186ms
[2664.124s][info][gc,marking     ] GC(487) Concurrent Rebuild Remembered Sets and Scrub Regions
[2664.356s][info][gc,marking     ] GC(487) Concurrent Rebuild Remembered Sets and Scrub Regions 232.824ms
[2664.356s][info][gc,start       ] GC(487) Pause Cleanup
[2664.357s][info][gc             ] GC(487) Pause Cleanup 1965M->1965M(4096M) 0.119ms
[2664.357s][info][gc,cpu         ] GC(487) User=0.00s Sys=0.00s Real=0.00s
[2664.357s][info][gc,marking     ] GC(487) Concurrent Clear Claimed Marks
[2664.357s][info][gc,marking     ] GC(487) Concurrent Clear Claimed Marks 0.033ms
[2664.357s][info][gc,marking     ] GC(487) Concurrent Cleanup for Next Mark
[2664.360s][info][gc,marking     ] GC(487) Concurrent Cleanup for Next Mark 3.170ms
[2664.360s][info][gc             ] GC(487) Concurrent Mark Cycle 996.224ms
....[2667.497s][info][gc,start       ] GC(488) Pause Young (Prepare Mixed) (G1 Evacuation Pause)
[2667.497s][info][gc,task        ] GC(488) Using 6 workers of 6 for evacuation
[2667.616s][info][gc,phases      ] GC(488)   Pre Evacuate Collection Set: 0.38ms
[2667.616s][info][gc,phases      ] GC(488)   Merge Heap Roots: 0.62ms
[2667.616s][info][gc,phases      ] GC(488)   Evacuate Collection Set: 117.36ms
[2667.616s][info][gc,phases      ] GC(488)   Post Evacuate Collection Set: 0.94ms
[2667.616s][info][gc,phases      ] GC(488)   Other: 0.09ms
[2667.616s][info][gc,heap        ] GC(488) Eden regions: 1117->0(1108)
[2667.616s][info][gc,heap        ] GC(488) Survivor regions: 111->111(154)
[2667.616s][info][gc,heap        ] GC(488) Old regions: 504->535
[2667.616s][info][gc,heap        ] GC(488) Humongous regions: 80->80
[2667.616s][info][gc,metaspace   ] GC(488) Metaspace: 29016K(29376K)->29016K(29376K) NonClass: 24132K(24256K)->24132K(24256K) Class: 4884K(5120K)->4884K(5120K)
[2667.616s][info][gc             ] GC(488) Pause Young (Prepare Mixed) (G1 Evacuation Pause) 3622M->1449M(4096M) 119.529ms
[2667.616s][info][gc,cpu         ] GC(488) User=0.71s Sys=0.00s Real=0.12s
....[2671.737s][info][gc,start       ] GC(489) Pause Young (Mixed) (G1 Evacuation Pause)
[2671.737s][info][gc,task        ] GC(489) Using 6 workers of 6 for evacuation
[2671.876s][info][gc,phases      ] GC(489)   Pre Evacuate Collection Set: 0.43ms
[2671.876s][info][gc,phases      ] GC(489)   Merge Heap Roots: 0.77ms
[2671.876s][info][gc,phases      ] GC(489)   Evacuate Collection Set: 136.49ms
[2671.876s][info][gc,phases      ] GC(489)   Post Evacuate Collection Set: 0.98ms
[2671.876s][info][gc,phases      ] GC(489)   Other: 0.09ms
[2671.876s][info][gc,heap        ] GC(489) Eden regions: 1108->0(1115)
[2671.876s][info][gc,heap        ] GC(489) Survivor regions: 111->113(153)
[2671.876s][info][gc,heap        ] GC(489) Old regions: 535->472
[2671.876s][info][gc,heap        ] GC(489) Humongous regions: 80->80
[2671.876s][info][gc,metaspace   ] GC(489) Metaspace: 29016K(29376K)->29016K(29376K) NonClass: 24132K(24256K)->24132K(24256K) Class: 4884K(5120K)->4884K(5120K)
[2671.876s][info][gc             ] GC(489) Pause Young (Mixed) (G1 Evacuation Pause) 3665M->1328M(4096M) 138.893ms
[2671.876s][info][gc,cpu         ] GC(489) User=0.83s Sys=0.00s Real=0.14s
....[2675.985s][info][gc,start       ] GC(490) Pause Young (Concurrent Start) (G1 Evacuation Pause)
[2675.985s][info][gc,task        ] GC(490) Using 6 workers of 6 for evacuation
[2676.102s][info][gc,phases      ] GC(490)   Pre Evacuate Collection Set: 0.40ms
[2676.102s][info][gc,phases      ] GC(490)   Merge Heap Roots: 0.49ms
[2676.102s][info][gc,phases      ] GC(490)   Evacuate Collection Set: 115.16ms
[2676.102s][info][gc,phases      ] GC(490)   Post Evacuate Collection Set: 0.89ms
[2676.102s][info][gc,phases      ] GC(490)   Other: 0.12ms
[2676.102s][info][gc,heap        ] GC(490) Eden regions: 1115->0(1119)
[2676.102s][info][gc,heap        ] GC(490) Survivor regions: 113->109(154)
[2676.102s][info][gc,heap        ] GC(490) Old regions: 472->504
[2676.102s][info][gc,heap        ] GC(490) Humongous regions: 80->80
[2676.102s][info][gc,metaspace   ] GC(490) Metaspace: 29016K(29376K)->29016K(29376K) NonClass: 24132K(24256K)->24132K(24256K) Class: 4884K(5120K)->4884K(5120K)
[2676.102s][info][gc             ] GC(490) Pause Young (Concurrent Start) (G1 Evacuation Pause) 3558M->1384M(4096M) 117.189ms
[2676.102s][info][gc             ] GC(491) Concurrent Mark Cycle
[2676.102s][info][gc,marking     ] GC(491) Concurrent Scan Root Regions
[2676.102s][info][gc,cpu         ] GC(490) User=0.70s Sys=0.00s Real=0.11s
[2676.261s][info][gc,marking     ] GC(491) Concurrent Scan Root Regions 158.488ms
[2676.261s][info][gc,marking     ] GC(491) Concurrent Mark
[2676.261s][info][gc,marking     ] GC(491) Concurrent Mark From Roots
[2676.261s][info][gc,task        ] GC(491) Using 2 workers of 2 for marking
.[2676.873s][info][gc,marking     ] GC(491) Concurrent Mark From Roots 612.264ms
[2676.873s][info][gc,marking     ] GC(491) Concurrent Preclean
[2676.873s][info][gc,marking     ] GC(491) Concurrent Preclean 0.050ms
[2676.874s][info][gc,start       ] GC(491) Pause Remark
[2676.878s][info][gc             ] GC(491) Pause Remark 1830M->1830M(4096M) 4.203ms
[2676.878s][info][gc,cpu         ] GC(491) User=0.02s Sys=0.00s Real=0.00s
[2676.879s][info][gc,marking     ] GC(491) Concurrent Mark 618.620ms
[2676.879s][info][gc,marking     ] GC(491) Concurrent Rebuild Remembered Sets and Scrub Regions
[2677.126s][info][gc,marking     ] GC(491) Concurrent Rebuild Remembered Sets and Scrub Regions 246.357ms
[2677.126s][info][gc,start       ] GC(491) Pause Cleanup
[2677.126s][info][gc             ] GC(491) Pause Cleanup 1969M->1969M(4096M) 0.131ms
[2677.126s][info][gc,cpu         ] GC(491) User=0.00s Sys=0.00s Real=0.00s
[2677.126s][info][gc,marking     ] GC(491) Concurrent Clear Claimed Marks
[2677.126s][info][gc,marking     ] GC(491) Concurrent Clear Claimed Marks 0.033ms
[2677.126s][info][gc,marking     ] GC(491) Concurrent Cleanup for Next Mark
[2677.130s][info][gc,marking     ] GC(491) Concurrent Cleanup for Next Mark 4.109ms
[2677.130s][info][gc             ] GC(491) Concurrent Mark Cycle 1028.081ms
...[2680.290s][info][gc,start       ] GC(492) Pause Young (Prepare Mixed) (G1 Evacuation Pause)
[2680.290s][info][gc,task        ] GC(492) Using 6 workers of 6 for evacuation
[2680.407s][info][gc,phases      ] GC(492)   Pre Evacuate Collection Set: 0.36ms
[2680.407s][info][gc,phases      ] GC(492)   Merge Heap Roots: 0.55ms
[2680.407s][info][gc,phases      ] GC(492)   Evacuate Collection Set: 114.76ms
[2680.407s][info][gc,phases      ] GC(492)   Post Evacuate Collection Set: 0.93ms
[2680.407s][info][gc,phases      ] GC(492)   Other: 0.08ms
[2680.407s][info][gc,heap        ] GC(492) Eden regions: 1119->0(1113)
[2680.407s][info][gc,heap        ] GC(492) Survivor regions: 109->108(154)
[2680.407s][info][gc,heap        ] GC(492) Old regions: 504->536
[2680.407s][info][gc,heap        ] GC(492) Humongous regions: 80->80
[2680.407s][info][gc,metaspace   ] GC(492) Metaspace: 29016K(29376K)->29016K(29376K) NonClass: 24132K(24256K)->24132K(24256K) Class: 4884K(5120K)->4884K(5120K)
[2680.407s][info][gc             ] GC(492) Pause Young (Prepare Mixed) (G1 Evacuation Pause) 3622M->1447M(4096M) 116.815ms
[2680.407s][info][gc,cpu         ] GC(492) User=0.70s Sys=0.00s Real=0.12s
.....[2684.615s][info][gc,start       ] GC(493) Pause Young (Mixed) (G1 Evacuation Pause)
[2684.615s][info][gc,task        ] GC(493) Using 6 workers of 6 for evacuation
[2684.753s][info][gc,phases      ] GC(493)   Pre Evacuate Collection Set: 0.36ms
[2684.754s][info][gc,phases      ] GC(493)   Merge Heap Roots: 0.71ms
[2684.754s][info][gc,phases      ] GC(493)   Evacuate Collection Set: 136.23ms
[2684.754s][info][gc,phases      ] GC(493)   Post Evacuate Collection Set: 0.95ms
[2684.754s][info][gc,phases      ] GC(493)   Other: 0.09ms
[2684.754s][info][gc,heap        ] GC(493) Eden regions: 1113->0(1113)
[2684.754s][info][gc,heap        ] GC(493) Survivor regions: 108->115(153)
[2684.754s][info][gc,heap        ] GC(493) Old regions: 536->473
[2684.754s][info][gc,heap        ] GC(493) Humongous regions: 80->80
[2684.754s][info][gc,metaspace   ] GC(493) Metaspace: 29016K(29376K)->29016K(29376K) NonClass: 24132K(24256K)->24132K(24256K) Class: 4884K(5120K)->4884K(5120K)
[2684.754s][info][gc             ] GC(493) Pause Young (Mixed) (G1 Evacuation Pause) 3673M->1334M(4096M) 138.481ms
[2684.754s][info][gc,cpu         ] GC(493) User=0.82s Sys=0.00s Real=0.14s
....[2688.842s][info][gc,start       ] GC(494) Pause Young (Concurrent Start) (G1 Evacuation Pause)
[2688.842s][info][gc,task        ] GC(494) Using 6 workers of 6 for evacuation
[2688.963s][info][gc,phases      ] GC(494)   Pre Evacuate Collection Set: 0.39ms
[2688.963s][info][gc,phases      ] GC(494)   Merge Heap Roots: 0.50ms
[2688.963s][info][gc,phases      ] GC(494)   Evacuate Collection Set: 119.08ms
[2688.963s][info][gc,phases      ] GC(494)   Post Evacuate Collection Set: 0.89ms
[2688.963s][info][gc,phases      ] GC(494)   Other: 0.12ms
[2688.963s][info][gc,heap        ] GC(494) Eden regions: 1113->0(1116)
[2688.963s][info][gc,heap        ] GC(494) Survivor regions: 115->112(154)
[2688.963s][info][gc,heap        ] GC(494) Old regions: 473->505
[2688.963s][info][gc,heap        ] GC(494) Humongous regions: 80->80
[2688.963s][info][gc,metaspace   ] GC(494) Metaspace: 29016K(29376K)->29016K(29376K) NonClass: 24132K(24256K)->24132K(24256K) Class: 4884K(5120K)->4884K(5120K)
[2688.963s][info][gc             ] GC(494) Pause Young (Concurrent Start) (G1 Evacuation Pause) 3560M->1391M(4096M) 121.109ms
[2688.963s][info][gc             ] GC(495) Concurrent Mark Cycle
[2688.963s][info][gc,marking     ] GC(495) Concurrent Scan Root Regions
[2688.963s][info][gc,cpu         ] GC(494) User=0.72s Sys=0.00s Real=0.13s
[2689.107s][info][gc,marking     ] GC(495) Concurrent Scan Root Regions 144.151ms
[2689.107s][info][gc,marking     ] GC(495) Concurrent Mark
[2689.107s][info][gc,marking     ] GC(495) Concurrent Mark From Roots
[2689.107s][info][gc,task        ] GC(495) Using 2 workers of 2 for marking
.[2689.720s][info][gc,marking     ] GC(495) Concurrent Mark From Roots 613.065ms
[2689.720s][info][gc,marking     ] GC(495) Concurrent Preclean
[2689.720s][info][gc,marking     ] GC(495) Concurrent Preclean 0.045ms
[2689.720s][info][gc,start       ] GC(495) Pause Remark
[2689.724s][info][gc             ] GC(495) Pause Remark 1865M->1865M(4096M) 4.343ms
[2689.725s][info][gc,cpu         ] GC(495) User=0.02s Sys=0.00s Real=0.01s
[2689.725s][info][gc,marking     ] GC(495) Concurrent Mark 617.699ms
[2689.725s][info][gc,marking     ] GC(495) Concurrent Rebuild Remembered Sets and Scrub Regions
[2689.955s][info][gc,marking     ] GC(495) Concurrent Rebuild Remembered Sets and Scrub Regions 229.959ms
[2689.955s][info][gc,start       ] GC(495) Pause Cleanup
[2689.955s][info][gc             ] GC(495) Pause Cleanup 1996M->1996M(4096M) 0.118ms
[2689.955s][info][gc,cpu         ] GC(495) User=0.00s Sys=0.00s Real=0.00s
[2689.955s][info][gc,marking     ] GC(495) Concurrent Clear Claimed Marks
[2689.955s][info][gc,marking     ] GC(495) Concurrent Clear Claimed Marks 0.023ms
[2689.955s][info][gc,marking     ] GC(495) Concurrent Cleanup for Next Mark
[2689.958s][info][gc,marking     ] GC(495) Concurrent Cleanup for Next Mark 3.219ms
[2689.958s][info][gc             ] GC(495) Concurrent Mark Cycle 995.486ms
...[2693.019s][info][gc,start       ] GC(496) Pause Young (Prepare Mixed) (G1 Evacuation Pause)
[2693.019s][info][gc,task        ] GC(496) Using 6 workers of 6 for evacuation
[2693.136s][info][gc,phases      ] GC(496)   Pre Evacuate Collection Set: 0.35ms
[2693.136s][info][gc,phases      ] GC(496)   Merge Heap Roots: 0.55ms
[2693.136s][info][gc,phases      ] GC(496)   Evacuate Collection Set: 115.28ms
[2693.136s][info][gc,phases      ] GC(496)   Post Evacuate Collection Set: 0.95ms
[2693.136s][info][gc,phases      ] GC(496)   Other: 0.10ms
[2693.136s][info][gc,heap        ] GC(496) Eden regions: 1116->0(1111)
[2693.136s][info][gc,heap        ] GC(496) Survivor regions: 112->108(154)
[2693.136s][info][gc,heap        ] GC(496) Old regions: 505->538
[2693.136s][info][gc,heap        ] GC(496) Humongous regions: 80->80
[2693.136s][info][gc,metaspace   ] GC(496) Metaspace: 29016K(29376K)->29016K(29376K) NonClass: 24132K(24256K)->24132K(24256K) Class: 4884K(5120K)->4884K(5120K)
[2693.136s][info][gc             ] GC(496) Pause Young (Prepare Mixed) (G1 Evacuation Pause) 3623M->1450M(4096M) 117.368ms
[2693.136s][info][gc,cpu         ] GC(496) User=0.70s Sys=0.00s Real=0.12s
....[2697.277s][info][gc,start       ] GC(497) Pause Young (Mixed) (G1 Evacuation Pause)
[2697.277s][info][gc,task        ] GC(497) Using 6 workers of 6 for evacuation
[2697.412s][info][gc,phases      ] GC(497)   Pre Evacuate Collection Set: 0.40ms
[2697.412s][info][gc,phases      ] GC(497)   Merge Heap Roots: 0.67ms
[2697.412s][info][gc,phases      ] GC(497)   Evacuate Collection Set: 133.48ms
[2697.412s][info][gc,phases      ] GC(497)   Post Evacuate Collection Set: 1.00ms
[2697.412s][info][gc,phases      ] GC(497)   Other: 0.09ms
[2697.412s][info][gc,heap        ] GC(497) Eden regions: 1111->0(1118)
[2697.412s][info][gc,heap        ] GC(497) Survivor regions: 108->110(153)
[2697.412s][info][gc,heap        ] GC(497) Old regions: 538->474
[2697.412s][info][gc,heap        ] GC(497) Humongous regions: 80->80
[2697.412s][info][gc,metaspace   ] GC(497) Metaspace: 29016K(29376K)->29016K(29376K) NonClass: 24132K(24256K)->24132K(24256K) Class: 4884K(5120K)->4884K(5120K)
[2697.412s][info][gc             ] GC(497) Pause Young (Mixed) (G1 Evacuation Pause) 3672M->1326M(4096M) 135.788ms
[2697.413s][info][gc,cpu         ] GC(497) User=0.81s Sys=0.00s Real=0.14s
.....[2701.644s][info][gc,start       ] GC(498) Pause Young (Concurrent Start) (G1 Evacuation Pause)
[2701.644s][info][gc,task        ] GC(498) Using 6 workers of 6 for evacuation
[2701.765s][info][gc,phases      ] GC(498)   Pre Evacuate Collection Set: 0.39ms
[2701.765s][info][gc,phases      ] GC(498)   Merge Heap Roots: 0.53ms
[2701.765s][info][gc,phases      ] GC(498)   Evacuate Collection Set: 118.24ms
[2701.765s][info][gc,phases      ] GC(498)   Post Evacuate Collection Set: 0.89ms
[2701.765s][info][gc,phases      ] GC(498)   Other: 0.13ms
[2701.765s][info][gc,heap        ] GC(498) Eden regions: 1118->0(1115)
[2701.765s][info][gc,heap        ] GC(498) Survivor regions: 110->113(154)
[2701.765s][info][gc,heap        ] GC(498) Old regions: 474->505
[2701.765s][info][gc,heap        ] GC(498) Humongous regions: 80->80
[2701.765s][info][gc,metaspace   ] GC(498) Metaspace: 29016K(29376K)->29016K(29376K) NonClass: 24132K(24256K)->24132K(24256K) Class: 4884K(5120K)->4884K(5120K)
[2701.765s][info][gc             ] GC(498) Pause Young (Concurrent Start) (G1 Evacuation Pause) 3562M->1394M(4096M) 120.316ms
[2701.765s][info][gc             ] GC(499) Concurrent Mark Cycle
[2701.765s][info][gc,marking     ] GC(499) Concurrent Scan Root Regions
[2701.765s][info][gc,cpu         ] GC(498) User=0.71s Sys=0.00s Real=0.12s
[2701.882s][info][gc,marking     ] GC(499) Concurrent Scan Root Regions 117.774ms
[2701.882s][info][gc,marking     ] GC(499) Concurrent Mark
[2701.882s][info][gc,marking     ] GC(499) Concurrent Mark From Roots
[2701.882s][info][gc,task        ] GC(499) Using 2 workers of 2 for marking
[2702.423s][info][gc,marking     ] GC(499) Concurrent Mark From Roots 540.786ms
[2702.423s][info][gc,marking     ] GC(499) Concurrent Preclean
[2702.423s][info][gc,marking     ] GC(499) Concurrent Preclean 0.099ms
[2702.424s][info][gc,start       ] GC(499) Pause Remark
[2702.429s][info][gc             ] GC(499) Pause Remark 1826M->1826M(4096M) 4.832ms
[2702.429s][info][gc,cpu         ] GC(499) User=0.02s Sys=0.00s Real=0.00s
[2702.431s][info][gc,marking     ] GC(499) Concurrent Mark 548.571ms
[2702.431s][info][gc,marking     ] GC(499) Concurrent Rebuild Remembered Sets and Scrub Regions
.[2702.644s][info][gc,marking     ] GC(499) Concurrent Rebuild Remembered Sets and Scrub Regions 212.424ms
[2702.645s][info][gc,start       ] GC(499) Pause Cleanup
[2702.645s][info][gc             ] GC(499) Pause Cleanup 1936M->1936M(4096M) 0.138ms
[2702.645s][info][gc,cpu         ] GC(499) User=0.00s Sys=0.00s Real=0.00s
[2702.645s][info][gc,marking     ] GC(499) Concurrent Clear Claimed Marks
[2702.645s][info][gc,marking     ] GC(499) Concurrent Clear Claimed Marks 0.031ms
[2702.645s][info][gc,marking     ] GC(499) Concurrent Cleanup for Next Mark
[2702.650s][info][gc,marking     ] GC(499) Concurrent Cleanup for Next Mark 4.913ms
[2702.650s][info][gc             ] GC(499) Concurrent Mark Cycle 885.321ms
...[2705.897s][info][gc,start       ] GC(500) Pause Young (Prepare Mixed) (G1 Evacuation Pause)
[2705.897s][info][gc,task        ] GC(500) Using 6 workers of 6 for evacuation
[2706.015s][info][gc,phases      ] GC(500)   Pre Evacuate Collection Set: 0.34ms
[2706.015s][info][gc,phases      ] GC(500)   Merge Heap Roots: 0.53ms
[2706.015s][info][gc,phases      ] GC(500)   Evacuate Collection Set: 116.45ms
[2706.015s][info][gc,phases      ] GC(500)   Post Evacuate Collection Set: 0.94ms
[2706.015s][info][gc,phases      ] GC(500)   Other: 0.09ms
[2706.015s][info][gc,heap        ] GC(500) Eden regions: 1115->0(1106)
[2706.015s][info][gc,heap        ] GC(500) Survivor regions: 113->111(154)
[2706.015s][info][gc,heap        ] GC(500) Old regions: 505->537
[2706.015s][info][gc,heap        ] GC(500) Humongous regions: 80->80
[2706.015s][info][gc,metaspace   ] GC(500) Metaspace: 29009K(29376K)->29009K(29376K) NonClass: 24127K(24256K)->24127K(24256K) Class: 4882K(5120K)->4882K(5120K)
[2706.015s][info][gc             ] GC(500) Pause Young (Prepare Mixed) (G1 Evacuation Pause) 3624M->1453M(4096M) 118.480ms
[2706.015s][info][gc,cpu         ] GC(500) User=0.70s Sys=0.00s Real=0.12s
....[2710.053s][info][gc,start       ] GC(501) Pause Young (Mixed) (G1 Evacuation Pause)
[2710.053s][info][gc,task        ] GC(501) Using 6 workers of 6 for evacuation
[2710.189s][info][gc,phases      ] GC(501)   Pre Evacuate Collection Set: 0.38ms
[2710.189s][info][gc,phases      ] GC(501)   Merge Heap Roots: 0.72ms
[2710.189s][info][gc,phases      ] GC(501)   Evacuate Collection Set: 133.53ms
[2710.189s][info][gc,phases      ] GC(501)   Post Evacuate Collection Set: 0.99ms
[2710.189s][info][gc,phases      ] GC(501)   Other: 0.09ms
[2710.189s][info][gc,heap        ] GC(501) Eden regions: 1106->0(1119)
[2710.189s][info][gc,heap        ] GC(501) Survivor regions: 111->109(153)
[2710.189s][info][gc,heap        ] GC(501) Old regions: 537->471
[2710.189s][info][gc,heap        ] GC(501) Humongous regions: 80->80
[2710.189s][info][gc,metaspace   ] GC(501) Metaspace: 29009K(29376K)->29009K(29376K) NonClass: 24127K(24256K)->24127K(24256K) Class: 4882K(5120K)->4882K(5120K)
[2710.189s][info][gc             ] GC(501) Pause Young (Mixed) (G1 Evacuation Pause) 3665M->1319M(4096M) 135.842ms
[2710.189s][info][gc,cpu         ] GC(501) User=0.81s Sys=0.00s Real=0.13s
. (rIR:aIR:PR = 4428:4425:4425) (tPR = 65932) [OK] 
  2710s: Performance info:
         Transaction,    Success,    Partial,     Failed,   Receipts, AvgBarcode, 
             Overall,     266253,          0,          0,     252925,      59.47, 
         Response times:
             Request,    Success,    Partial,     Failed,   SkipFail,     Probes,    Samples,      min,      p50,      p90,      p95,      p99,      max, 
       TotalPurchase,     252925,          0,          0,          0,     248091,     286899,      300,     3500,     6500,    13800,    68000,   201000,
     InStorePurchase,     133104,          0,          0,          0,     131085,     151072,      300,     3600,     6500,    13900,    68000,   201000,
      OnlinePurchase,      93201,          0,          0,          0,      91204,     105577,      300,     3500,     6500,    13700,    68000,   201000,
        InstPurchase,      26620,          0,          0,          0,      25802,      30250,      400,     3500,     6500,    13145,    65000,   164000,
          AssocOfCat,        265,          0,          0,          0,        206,        293,    21000,    31000,    55600,    80600,   144240,   179000,
      AssocOfProduct,       2660,          0,          0,          0,       2429,       3043,      400,     3700,     6500,    11180,    57560,   172000,
      BusinessReport,        668,          0,          0,          0,        536,        720,    24000,    34000,    54900,    75950,   175580,   199000,
          CustBuyBeh,       2661,          0,          0,          0,       2443,       2993,      200,     2800,     5400,    14300,    66000,   154000,
       ProductReturn,       7074,          0,          0,          0,       6698,       7954,      200,     2100,     5200,     9225,    55000,   155000,

  2710s: (33%)   IR =   4566 ...[2714.138s][info][gc,start       ] GC(502) Pause Young (Concurrent Start) (G1 Evacuation Pause)
[2714.138s][info][gc,task        ] GC(502) Using 6 workers of 6 for evacuation
[2714.253s][info][gc,phases      ] GC(502)   Pre Evacuate Collection Set: 0.39ms
[2714.253s][info][gc,phases      ] GC(502)   Merge Heap Roots: 0.51ms
[2714.253s][info][gc,phases      ] GC(502)   Evacuate Collection Set: 113.37ms
[2714.253s][info][gc,phases      ] GC(502)   Post Evacuate Collection Set: 0.93ms
[2714.253s][info][gc,phases      ] GC(502)   Other: 0.12ms
[2714.253s][info][gc,heap        ] GC(502) Eden regions: 1119->0(1121)
[2714.253s][info][gc,heap        ] GC(502) Survivor regions: 109->107(154)
[2714.253s][info][gc,heap        ] GC(502) Old regions: 471->503
[2714.253s][info][gc,heap        ] GC(502) Humongous regions: 80->80
[2714.253s][info][gc,metaspace   ] GC(502) Metaspace: 29011K(29376K)->29011K(29376K) NonClass: 24128K(24256K)->24128K(24256K) Class: 4882K(5120K)->4882K(5120K)
[2714.253s][info][gc             ] GC(502) Pause Young (Concurrent Start) (G1 Evacuation Pause) 3557M->1378M(4096M) 115.447ms
[2714.253s][info][gc             ] GC(503) Concurrent Mark Cycle
[2714.253s][info][gc,marking     ] GC(503) Concurrent Scan Root Regions
[2714.253s][info][gc,cpu         ] GC(502) User=0.69s Sys=0.00s Real=0.12s
[2714.381s][info][gc,marking     ] GC(503) Concurrent Scan Root Regions 127.666ms
[2714.381s][info][gc,marking     ] GC(503) Concurrent Mark
[2714.381s][info][gc,marking     ] GC(503) Concurrent Mark From Roots
[2714.381s][info][gc,task        ] GC(503) Using 2 workers of 2 for marking
.[2715.058s][info][gc,marking     ] GC(503) Concurrent Mark From Roots 677.262ms
[2715.058s][info][gc,marking     ] GC(503) Concurrent Preclean
[2715.058s][info][gc,marking     ] GC(503) Concurrent Preclean 0.071ms
[2715.058s][info][gc,start       ] GC(503) Pause Remark
[2715.063s][info][gc             ] GC(503) Pause Remark 1814M->1814M(4096M) 4.190ms
[2715.063s][info][gc,cpu         ] GC(503) User=0.02s Sys=0.00s Real=0.01s
[2715.063s][info][gc,marking     ] GC(503) Concurrent Mark 681.783ms
[2715.063s][info][gc,marking     ] GC(503) Concurrent Rebuild Remembered Sets and Scrub Regions
[2715.325s][info][gc,marking     ] GC(503) Concurrent Rebuild Remembered Sets and Scrub Regions 262.020ms
[2715.325s][info][gc,start       ] GC(503) Pause Cleanup
[2715.325s][info][gc             ] GC(503) Pause Cleanup 1943M->1943M(4096M) 0.116ms
[2715.325s][info][gc,cpu         ] GC(503) User=0.00s Sys=0.00s Real=0.00s
[2715.325s][info][gc,marking     ] GC(503) Concurrent Clear Claimed Marks
[2715.325s][info][gc,marking     ] GC(503) Concurrent Clear Claimed Marks 0.030ms
[2715.325s][info][gc,marking     ] GC(503) Concurrent Cleanup for Next Mark
[2715.330s][info][gc,marking     ] GC(503) Concurrent Cleanup for Next Mark 4.787ms
[2715.330s][info][gc             ] GC(503) Concurrent Mark Cycle 1076.740ms
.|..[2718.373s][info][gc,start       ] GC(504) Pause Young (Prepare Mixed) (G1 Evacuation Pause)
[2718.373s][info][gc,task        ] GC(504) Using 6 workers of 6 for evacuation
[2718.493s][info][gc,phases      ] GC(504)   Pre Evacuate Collection Set: 0.33ms
[2718.493s][info][gc,phases      ] GC(504)   Merge Heap Roots: 0.58ms
[2718.493s][info][gc,phases      ] GC(504)   Evacuate Collection Set: 117.85ms
[2718.493s][info][gc,phases      ] GC(504)   Post Evacuate Collection Set: 1.02ms
[2718.493s][info][gc,phases      ] GC(504)   Other: 0.09ms
[2718.493s][info][gc,heap        ] GC(504) Eden regions: 1121->0(1106)
[2718.493s][info][gc,heap        ] GC(504) Survivor regions: 107->112(154)
[2718.493s][info][gc,heap        ] GC(504) Old regions: 503->535
[2718.493s][info][gc,heap        ] GC(504) Humongous regions: 80->80
[2718.493s][info][gc,metaspace   ] GC(504) Metaspace: 29011K(29376K)->29011K(29376K) NonClass: 24128K(24256K)->24128K(24256K) Class: 4882K(5120K)->4882K(5120K)
[2718.493s][info][gc             ] GC(504) Pause Young (Prepare Mixed) (G1 Evacuation Pause) 3620M->1451M(4096M) 120.061ms
[2718.493s][info][gc,cpu         ] GC(504) User=0.71s Sys=0.00s Real=0.12s
.....[2722.559s][info][gc,start       ] GC(505) Pause Young (Mixed) (G1 Evacuation Pause)
[2722.559s][info][gc,task        ] GC(505) Using 6 workers of 6 for evacuation
[2722.696s][info][gc,phases      ] GC(505)   Pre Evacuate Collection Set: 0.41ms
[2722.696s][info][gc,phases      ] GC(505)   Merge Heap Roots: 0.84ms
[2722.696s][info][gc,phases      ] GC(505)   Evacuate Collection Set: 134.79ms
[2722.696s][info][gc,phases      ] GC(505)   Post Evacuate Collection Set: 0.97ms
[2722.696s][info][gc,phases      ] GC(505)   Other: 0.09ms
[2722.696s][info][gc,heap        ] GC(505) Eden regions: 1106->0(1117)
[2722.696s][info][gc,heap        ] GC(505) Survivor regions: 112->111(153)
[2722.696s][info][gc,heap        ] GC(505) Old regions: 535->473
[2722.696s][info][gc,heap        ] GC(505) Humongous regions: 80->80
[2722.696s][info][gc,metaspace   ] GC(505) Metaspace: 29011K(29376K)->29011K(29376K) NonClass: 24128K(24256K)->24128K(24256K) Class: 4882K(5120K)->4882K(5120K)
[2722.697s][info][gc             ] GC(505) Pause Young (Mixed) (G1 Evacuation Pause) 3663M->1327M(4096M) 137.263ms
[2722.697s][info][gc,cpu         ] GC(505) User=0.81s Sys=0.00s Real=0.14s
....[2726.670s][info][gc,start       ] GC(506) Pause Young (Concurrent Start) (G1 Evacuation Pause)
[2726.670s][info][gc,task        ] GC(506) Using 6 workers of 6 for evacuation
[2726.789s][info][gc,phases      ] GC(506)   Pre Evacuate Collection Set: 0.37ms
[2726.789s][info][gc,phases      ] GC(506)   Merge Heap Roots: 0.49ms
[2726.789s][info][gc,phases      ] GC(506)   Evacuate Collection Set: 117.36ms
[2726.789s][info][gc,phases      ] GC(506)   Post Evacuate Collection Set: 0.89ms
[2726.789s][info][gc,phases      ] GC(506)   Other: 0.11ms
[2726.789s][info][gc,heap        ] GC(506) Eden regions: 1117->0(1117)
[2726.789s][info][gc,heap        ] GC(506) Survivor regions: 111->111(154)
[2726.789s][info][gc,heap        ] GC(506) Old regions: 473->506
[2726.789s][info][gc,heap        ] GC(506) Humongous regions: 80->80
[2726.789s][info][gc,metaspace   ] GC(506) Metaspace: 29011K(29376K)->29011K(29376K) NonClass: 24128K(24256K)->24128K(24256K) Class: 4882K(5120K)->4882K(5120K)
[2726.789s][info][gc             ] GC(506) Pause Young (Concurrent Start) (G1 Evacuation Pause) 3561M->1391M(4096M) 119.355ms
[2726.789s][info][gc             ] GC(507) Concurrent Mark Cycle
[2726.789s][info][gc,marking     ] GC(507) Concurrent Scan Root Regions
[2726.789s][info][gc,cpu         ] GC(506) User=0.71s Sys=0.00s Real=0.12s
[2726.973s][info][gc,marking     ] GC(507) Concurrent Scan Root Regions 183.761ms
[2726.973s][info][gc,marking     ] GC(507) Concurrent Mark
[2726.973s][info][gc,marking     ] GC(507) Concurrent Mark From Roots
[2726.973s][info][gc,task        ] GC(507) Using 2 workers of 2 for marking
.[2727.706s][info][gc,marking     ] GC(507) Concurrent Mark From Roots 733.457ms
[2727.706s][info][gc,marking     ] GC(507) Concurrent Preclean
[2727.706s][info][gc,marking     ] GC(507) Concurrent Preclean 0.110ms
[2727.708s][info][gc,start       ] GC(507) Pause Remark
[2727.714s][info][gc             ] GC(507) Pause Remark 1969M->1969M(4096M) 5.770ms
[2727.714s][info][gc,cpu         ] GC(507) User=0.03s Sys=0.00s Real=0.01s
[2727.714s][info][gc,marking     ] GC(507) Concurrent Mark 741.275ms
[2727.714s][info][gc,marking     ] GC(507) Concurrent Rebuild Remembered Sets and Scrub Regions
[2727.983s][info][gc,marking     ] GC(507) Concurrent Rebuild Remembered Sets and Scrub Regions 268.835ms
[2727.983s][info][gc,start       ] GC(507) Pause Cleanup
[2727.983s][info][gc             ] GC(507) Pause Cleanup 2129M->2129M(4096M) 0.115ms
[2727.983s][info][gc,cpu         ] GC(507) User=0.00s Sys=0.00s Real=0.00s
[2727.983s][info][gc,marking     ] GC(507) Concurrent Clear Claimed Marks
[2727.983s][info][gc,marking     ] GC(507) Concurrent Clear Claimed Marks 0.030ms
[2727.983s][info][gc,marking     ] GC(507) Concurrent Cleanup for Next Mark
[2727.987s][info][gc,marking     ] GC(507) Concurrent Cleanup for Next Mark 3.417ms
[2727.987s][info][gc             ] GC(507) Concurrent Mark Cycle 1197.779ms
...[2730.849s][info][gc,start       ] GC(508) Pause Young (Prepare Mixed) (G1 Evacuation Pause)
[2730.849s][info][gc,task        ] GC(508) Using 6 workers of 6 for evacuation
[2730.969s][info][gc,phases      ] GC(508)   Pre Evacuate Collection Set: 0.37ms
[2730.969s][info][gc,phases      ] GC(508)   Merge Heap Roots: 0.61ms
[2730.969s][info][gc,phases      ] GC(508)   Evacuate Collection Set: 118.01ms
[2730.969s][info][gc,phases      ] GC(508)   Post Evacuate Collection Set: 0.98ms
[2730.969s][info][gc,phases      ] GC(508)   Other: 0.09ms
[2730.969s][info][gc,heap        ] GC(508) Eden regions: 1117->0(1104)
[2730.969s][info][gc,heap        ] GC(508) Survivor regions: 111->112(154)
[2730.969s][info][gc,heap        ] GC(508) Old regions: 506->537
[2730.969s][info][gc,heap        ] GC(508) Humongous regions: 80->80
[2730.969s][info][gc,metaspace   ] GC(508) Metaspace: 29013K(29376K)->29013K(29376K) NonClass: 24132K(24256K)->24132K(24256K) Class: 4881K(5120K)->4881K(5120K)
[2730.969s][info][gc             ] GC(508) Pause Young (Prepare Mixed) (G1 Evacuation Pause) 3625M->1457M(4096M) 120.210ms
[2730.970s][info][gc,cpu         ] GC(508) User=0.71s Sys=0.00s Real=0.12s
....[2734.914s][info][gc,start       ] GC(509) Pause Young (Mixed) (G1 Evacuation Pause)
[2734.914s][info][gc,task        ] GC(509) Using 6 workers of 6 for evacuation
[2735.056s][info][gc,phases      ] GC(509)   Pre Evacuate Collection Set: 0.35ms
[2735.056s][info][gc,phases      ] GC(509)   Merge Heap Roots: 0.72ms
[2735.056s][info][gc,phases      ] GC(509)   Evacuate Collection Set: 140.64ms
[2735.056s][info][gc,phases      ] GC(509)   Post Evacuate Collection Set: 0.95ms
[2735.056s][info][gc,phases      ] GC(509)   Other: 0.09ms
[2735.056s][info][gc,heap        ] GC(509) Eden regions: 1104->0(1111)
[2735.056s][info][gc,heap        ] GC(509) Survivor regions: 112->117(152)
[2735.056s][info][gc,heap        ] GC(509) Old regions: 537->473
[2735.056s][info][gc,heap        ] GC(509) Humongous regions: 80->80
[2735.056s][info][gc,metaspace   ] GC(509) Metaspace: 29013K(29376K)->29013K(29376K) NonClass: 24132K(24256K)->24132K(24256K) Class: 4881K(5120K)->4881K(5120K)
[2735.056s][info][gc             ] GC(509) Pause Young (Mixed) (G1 Evacuation Pause) 3665M->1338M(4096M) 142.868ms
[2735.056s][info][gc,cpu         ] GC(509) User=0.85s Sys=0.00s Real=0.14s
....[2739.033s][info][gc,start       ] GC(510) Pause Young (Concurrent Start) (G1 Evacuation Pause)
[2739.033s][info][gc,task        ] GC(510) Using 6 workers of 6 for evacuation
[2739.149s][info][gc,phases      ] GC(510)   Pre Evacuate Collection Set: 0.37ms
[2739.149s][info][gc,phases      ] GC(510)   Merge Heap Roots: 0.50ms
[2739.149s][info][gc,phases      ] GC(510)   Evacuate Collection Set: 114.97ms
[2739.149s][info][gc,phases      ] GC(510)   Post Evacuate Collection Set: 0.88ms
[2739.149s][info][gc,phases      ] GC(510)   Other: 0.11ms
[2739.149s][info][gc,heap        ] GC(510) Eden regions: 1111->0(1120)
[2739.149s][info][gc,heap        ] GC(510) Survivor regions: 117->108(154)
[2739.149s][info][gc,heap        ] GC(510) Old regions: 473->505
[2739.149s][info][gc,heap        ] GC(510) Humongous regions: 80->80
[2739.149s][info][gc,metaspace   ] GC(510) Metaspace: 29013K(29376K)->29013K(29376K) NonClass: 24132K(24256K)->24132K(24256K) Class: 4881K(5120K)->4881K(5120K)
[2739.149s][info][gc             ] GC(510) Pause Young (Concurrent Start) (G1 Evacuation Pause) 3560M->1383M(4096M) 116.967ms
[2739.150s][info][gc             ] GC(511) Concurrent Mark Cycle
[2739.150s][info][gc,marking     ] GC(511) Concurrent Scan Root Regions
[2739.150s][info][gc,cpu         ] GC(510) User=0.70s Sys=0.00s Real=0.11s
[2739.307s][info][gc,marking     ] GC(511) Concurrent Scan Root Regions 157.897ms
[2739.307s][info][gc,marking     ] GC(511) Concurrent Mark
[2739.307s][info][gc,marking     ] GC(511) Concurrent Mark From Roots
[2739.307s][info][gc,task        ] GC(511) Using 2 workers of 2 for marking
.[2740.021s][info][gc,marking     ] GC(511) Concurrent Mark From Roots 713.179ms
[2740.021s][info][gc,marking     ] GC(511) Concurrent Preclean
[2740.021s][info][gc,marking     ] GC(511) Concurrent Preclean 0.110ms
[2740.021s][info][gc,start       ] GC(511) Pause Remark
[2740.025s][info][gc             ] GC(511) Pause Remark 1898M->1898M(4096M) 4.321ms
[2740.025s][info][gc,cpu         ] GC(511) User=0.02s Sys=0.00s Real=0.01s
[2740.025s][info][gc,marking     ] GC(511) Concurrent Mark 717.964ms
[2740.025s][info][gc,marking     ] GC(511) Concurrent Rebuild Remembered Sets and Scrub Regions
[2740.297s][info][gc,marking     ] GC(511) Concurrent Rebuild Remembered Sets and Scrub Regions 271.341ms
[2740.297s][info][gc,start       ] GC(511) Pause Cleanup
[2740.297s][info][gc             ] GC(511) Pause Cleanup 2040M->2040M(4096M) 0.126ms
[2740.297s][info][gc,cpu         ] GC(511) User=0.00s Sys=0.00s Real=0.00s
[2740.297s][info][gc,marking     ] GC(511) Concurrent Clear Claimed Marks
[2740.297s][info][gc,marking     ] GC(511) Concurrent Clear Claimed Marks 0.023ms
[2740.297s][info][gc,marking     ] GC(511) Concurrent Cleanup for Next Mark
[2740.302s][info][gc,marking     ] GC(511) Concurrent Cleanup for Next Mark 4.552ms
[2740.302s][info][gc             ] GC(511) Concurrent Mark Cycle 1152.226ms
...[2743.214s][info][gc,start       ] GC(512) Pause Young (Prepare Mixed) (G1 Evacuation Pause)
[2743.214s][info][gc,task        ] GC(512) Using 6 workers of 6 for evacuation
[2743.330s][info][gc,phases      ] GC(512)   Pre Evacuate Collection Set: 0.36ms
[2743.330s][info][gc,phases      ] GC(512)   Merge Heap Roots: 0.55ms
[2743.330s][info][gc,phases      ] GC(512)   Evacuate Collection Set: 113.56ms
[2743.330s][info][gc,phases      ] GC(512)   Post Evacuate Collection Set: 0.92ms
[2743.330s][info][gc,phases      ] GC(512)   Other: 0.10ms
[2743.330s][info][gc,heap        ] GC(512) Eden regions: 1120->0(1113)
[2743.330s][info][gc,heap        ] GC(512) Survivor regions: 108->108(154)
[2743.330s][info][gc,heap        ] GC(512) Old regions: 505->536
[2743.330s][info][gc,heap        ] GC(512) Humongous regions: 80->80
[2743.330s][info][gc,metaspace   ] GC(512) Metaspace: 29013K(29376K)->29013K(29376K) NonClass: 24132K(24256K)->24132K(24256K) Class: 4881K(5120K)->4881K(5120K)
[2743.330s][info][gc             ] GC(512) Pause Young (Prepare Mixed) (G1 Evacuation Pause) 3623M->1447M(4096M) 115.613ms
[2743.330s][info][gc,cpu         ] GC(512) User=0.69s Sys=0.00s Real=0.11s
....[2747.339s][info][gc,start       ] GC(513) Pause Young (Mixed) (G1 Evacuation Pause)
[2747.339s][info][gc,task        ] GC(513) Using 6 workers of 6 for evacuation
[2747.475s][info][gc,phases      ] GC(513)   Pre Evacuate Collection Set: 0.34ms
[2747.475s][info][gc,phases      ] GC(513)   Merge Heap Roots: 0.75ms
[2747.475s][info][gc,phases      ] GC(513)   Evacuate Collection Set: 133.92ms
[2747.475s][info][gc,phases      ] GC(513)   Post Evacuate Collection Set: 0.94ms
[2747.475s][info][gc,phases      ] GC(513)   Other: 0.08ms
[2747.475s][info][gc,heap        ] GC(513) Eden regions: 1113->0(1115)
[2747.475s][info][gc,heap        ] GC(513) Survivor regions: 108->113(153)
[2747.475s][info][gc,heap        ] GC(513) Old regions: 536->473
[2747.475s][info][gc,heap        ] GC(513) Humongous regions: 80->80
[2747.475s][info][gc,metaspace   ] GC(513) Metaspace: 29013K(29376K)->29013K(29376K) NonClass: 24132K(24256K)->24132K(24256K) Class: 4881K(5120K)->4881K(5120K)
[2747.475s][info][gc             ] GC(513) Pause Young (Mixed) (G1 Evacuation Pause) 3673M->1330M(4096M) 136.166ms
[2747.476s][info][gc,cpu         ] GC(513) User=0.81s Sys=0.00s Real=0.14s
....[2751.517s][info][gc,start       ] GC(514) Pause Young (Concurrent Start) (G1 Evacuation Pause)
[2751.517s][info][gc,task        ] GC(514) Using 6 workers of 6 for evacuation
[2751.637s][info][gc,phases      ] GC(514)   Pre Evacuate Collection Set: 0.38ms
[2751.637s][info][gc,phases      ] GC(514)   Merge Heap Roots: 0.49ms
[2751.637s][info][gc,phases      ] GC(514)   Evacuate Collection Set: 117.39ms
[2751.637s][info][gc,phases      ] GC(514)   Post Evacuate Collection Set: 0.93ms
[2751.637s][info][gc,phases      ] GC(514)   Other: 0.11ms
[2751.637s][info][gc,heap        ] GC(514) Eden regions: 1115->0(1117)
[2751.637s][info][gc,heap        ] GC(514) Survivor regions: 113->111(154)
[2751.637s][info][gc,heap        ] GC(514) Old regions: 473->505
[2751.637s][info][gc,heap        ] GC(514) Humongous regions: 80->80
[2751.637s][info][gc,metaspace   ] GC(514) Metaspace: 29013K(29376K)->29013K(29376K) NonClass: 24132K(24256K)->24132K(24256K) Class: 4881K(5120K)->4881K(5120K)
[2751.637s][info][gc             ] GC(514) Pause Young (Concurrent Start) (G1 Evacuation Pause) 3560M->1391M(4096M) 119.439ms
[2751.637s][info][gc             ] GC(515) Concurrent Mark Cycle
[2751.637s][info][gc,marking     ] GC(515) Concurrent Scan Root Regions
[2751.637s][info][gc,cpu         ] GC(514) User=0.71s Sys=0.00s Real=0.12s
.[2751.816s][info][gc,marking     ] GC(515) Concurrent Scan Root Regions 179.447ms
[2751.816s][info][gc,marking     ] GC(515) Concurrent Mark
[2751.816s][info][gc,marking     ] GC(515) Concurrent Mark From Roots
[2751.816s][info][gc,task        ] GC(515) Using 2 workers of 2 for marking
[2752.523s][info][gc,marking     ] GC(515) Concurrent Mark From Roots 706.062ms
[2752.523s][info][gc,marking     ] GC(515) Concurrent Preclean
[2752.523s][info][gc,marking     ] GC(515) Concurrent Preclean 0.074ms
[2752.523s][info][gc,start       ] GC(515) Pause Remark
[2752.528s][info][gc             ] GC(515) Pause Remark 1944M->1944M(4096M) 5.328ms
[2752.528s][info][gc,cpu         ] GC(515) User=0.03s Sys=0.00s Real=0.00s
[2752.528s][info][gc,marking     ] GC(515) Concurrent Mark 711.735ms
[2752.528s][info][gc,marking     ] GC(515) Concurrent Rebuild Remembered Sets and Scrub Regions
.[2752.802s][info][gc,marking     ] GC(515) Concurrent Rebuild Remembered Sets and Scrub Regions 273.812ms
[2752.803s][info][gc,start       ] GC(515) Pause Cleanup
[2752.803s][info][gc             ] GC(515) Pause Cleanup 2093M->2093M(4096M) 0.127ms
[2752.803s][info][gc,cpu         ] GC(515) User=0.00s Sys=0.00s Real=0.00s
[2752.803s][info][gc,marking     ] GC(515) Concurrent Clear Claimed Marks
[2752.803s][info][gc,marking     ] GC(515) Concurrent Clear Claimed Marks 0.033ms
[2752.803s][info][gc,marking     ] GC(515) Concurrent Cleanup for Next Mark
[2752.808s][info][gc,marking     ] GC(515) Concurrent Cleanup for Next Mark 5.153ms
[2752.808s][info][gc             ] GC(515) Concurrent Mark Cycle 1171.577ms
..[2755.655s][info][gc,start       ] GC(516) Pause Young (Prepare Mixed) (G1 Evacuation Pause)
[2755.655s][info][gc,task        ] GC(516) Using 6 workers of 6 for evacuation
[2755.773s][info][gc,phases      ] GC(516)   Pre Evacuate Collection Set: 0.38ms
[2755.773s][info][gc,phases      ] GC(516)   Merge Heap Roots: 0.55ms
[2755.773s][info][gc,phases      ] GC(516)   Evacuate Collection Set: 115.78ms
[2755.773s][info][gc,phases      ] GC(516)   Post Evacuate Collection Set: 0.95ms
[2755.773s][info][gc,phases      ] GC(516)   Other: 0.09ms
[2755.773s][info][gc,heap        ] GC(516) Eden regions: 1117->0(1110)
[2755.773s][info][gc,heap        ] GC(516) Survivor regions: 111->109(154)
[2755.773s][info][gc,heap        ] GC(516) Old regions: 505->537
[2755.773s][info][gc,heap        ] GC(516) Humongous regions: 80->80
[2755.773s][info][gc,metaspace   ] GC(516) Metaspace: 29011K(29376K)->29011K(29376K) NonClass: 24130K(24256K)->24130K(24256K) Class: 4880K(5120K)->4880K(5120K)
[2755.773s][info][gc             ] GC(516) Pause Young (Prepare Mixed) (G1 Evacuation Pause) 3625M->1451M(4096M) 117.873ms
[2755.773s][info][gc,cpu         ] GC(516) User=0.70s Sys=0.00s Real=0.12s
....[2759.673s][info][gc,start       ] GC(517) Pause Young (Mixed) (G1 Evacuation Pause)
[2759.673s][info][gc,task        ] GC(517) Using 6 workers of 6 for evacuation
[2759.807s][info][gc,phases      ] GC(517)   Pre Evacuate Collection Set: 0.42ms
[2759.807s][info][gc,phases      ] GC(517)   Merge Heap Roots: 0.75ms
[2759.807s][info][gc,phases      ] GC(517)   Evacuate Collection Set: 131.42ms
[2759.807s][info][gc,phases      ] GC(517)   Post Evacuate Collection Set: 0.97ms
[2759.807s][info][gc,phases      ] GC(517)   Other: 0.09ms
[2759.807s][info][gc,heap        ] GC(517) Eden regions: 1110->0(1119)
[2759.807s][info][gc,heap        ] GC(517) Survivor regions: 109->109(153)
[2759.807s][info][gc,heap        ] GC(517) Old regions: 537->473
[2759.807s][info][gc,heap        ] GC(517) Humongous regions: 80->80
[2759.807s][info][gc,metaspace   ] GC(517) Metaspace: 29011K(29376K)->29011K(29376K) NonClass: 24130K(24256K)->24130K(24256K) Class: 4880K(5120K)->4880K(5120K)
[2759.807s][info][gc             ] GC(517) Pause Young (Mixed) (G1 Evacuation Pause) 3671M->1322M(4096M) 133.772ms
[2759.807s][info][gc,cpu         ] GC(517) User=0.80s Sys=0.00s Real=0.13s
.....[2763.929s][info][gc,start       ] GC(518) Pause Young (Concurrent Start) (G1 Evacuation Pause)
[2763.929s][info][gc,task        ] GC(518) Using 6 workers of 6 for evacuation
[2764.046s][info][gc,phases      ] GC(518)   Pre Evacuate Collection Set: 0.42ms
[2764.046s][info][gc,phases      ] GC(518)   Merge Heap Roots: 0.51ms
[2764.046s][info][gc,phases      ] GC(518)   Evacuate Collection Set: 114.75ms
[2764.046s][info][gc,phases      ] GC(518)   Post Evacuate Collection Set: 0.89ms
[2764.046s][info][gc,phases      ] GC(518)   Other: 0.14ms
[2764.046s][info][gc,heap        ] GC(518) Eden regions: 1119->0(1121)
[2764.046s][info][gc,heap        ] GC(518) Survivor regions: 109->107(154)
[2764.046s][info][gc,heap        ] GC(518) Old regions: 473->505
[2764.046s][info][gc,heap        ] GC(518) Humongous regions: 80->80
[2764.046s][info][gc,metaspace   ] GC(518) Metaspace: 29011K(29376K)->29011K(29376K) NonClass: 24130K(24256K)->24130K(24256K) Class: 4880K(5120K)->4880K(5120K)
[2764.046s][info][gc             ] GC(518) Pause Young (Concurrent Start) (G1 Evacuation Pause) 3560M->1383M(4096M) 116.836ms
[2764.046s][info][gc             ] GC(519) Concurrent Mark Cycle
[2764.046s][info][gc,marking     ] GC(519) Concurrent Scan Root Regions
[2764.046s][info][gc,cpu         ] GC(518) User=0.70s Sys=0.00s Real=0.12s
[2764.224s][info][gc,marking     ] GC(519) Concurrent Scan Root Regions 177.755ms
[2764.224s][info][gc,marking     ] GC(519) Concurrent Mark
[2764.224s][info][gc,marking     ] GC(519) Concurrent Mark From Roots
[2764.224s][info][gc,task        ] GC(519) Using 2 workers of 2 for marking
.[2764.985s][info][gc,marking     ] GC(519) Concurrent Mark From Roots 761.101ms
[2764.985s][info][gc,marking     ] GC(519) Concurrent Preclean
[2764.985s][info][gc,marking     ] GC(519) Concurrent Preclean 0.064ms
[2764.985s][info][gc,start       ] GC(519) Pause Remark
[2764.990s][info][gc             ] GC(519) Pause Remark 1953M->1953M(4096M) 4.434ms
[2764.990s][info][gc,cpu         ] GC(519) User=0.03s Sys=0.00s Real=0.00s
[2764.990s][info][gc,marking     ] GC(519) Concurrent Mark 765.879ms
[2764.990s][info][gc,marking     ] GC(519) Concurrent Rebuild Remembered Sets and Scrub Regions
[2765.233s][info][gc,marking     ] GC(519) Concurrent Rebuild Remembered Sets and Scrub Regions 242.758ms
[2765.233s][info][gc,start       ] GC(519) Pause Cleanup
[2765.233s][info][gc             ] GC(519) Pause Cleanup 2094M->2094M(4096M) 0.138ms
[2765.233s][info][gc,cpu         ] GC(519) User=0.00s Sys=0.00s Real=0.00s
[2765.233s][info][gc,marking     ] GC(519) Concurrent Clear Claimed Marks
[2765.233s][info][gc,marking     ] GC(519) Concurrent Clear Claimed Marks 0.030ms
[2765.233s][info][gc,marking     ] GC(519) Concurrent Cleanup for Next Mark
[2765.239s][info][gc,marking     ] GC(519) Concurrent Cleanup for Next Mark 6.281ms
[2765.239s][info][gc             ] GC(519) Concurrent Mark Cycle 1193.252ms
...[2767.990s][info][gc,start       ] GC(520) Pause Young (Prepare Mixed) (G1 Evacuation Pause)
[2767.990s][info][gc,task        ] GC(520) Using 6 workers of 6 for evacuation
[2768.105s][info][gc,phases      ] GC(520)   Pre Evacuate Collection Set: 0.38ms
[2768.105s][info][gc,phases      ] GC(520)   Merge Heap Roots: 0.55ms
[2768.105s][info][gc,phases      ] GC(520)   Evacuate Collection Set: 112.97ms
[2768.105s][info][gc,phases      ] GC(520)   Post Evacuate Collection Set: 0.94ms
[2768.105s][info][gc,phases      ] GC(520)   Other: 0.09ms
[2768.105s][info][gc,heap        ] GC(520) Eden regions: 1121->0(1113)
[2768.105s][info][gc,heap        ] GC(520) Survivor regions: 107->108(154)
[2768.105s][info][gc,heap        ] GC(520) Old regions: 505->536
[2768.105s][info][gc,heap        ] GC(520) Humongous regions: 80->80
[2768.105s][info][gc,metaspace   ] GC(520) Metaspace: 29011K(29376K)->29011K(29376K) NonClass: 24130K(24256K)->24130K(24256K) Class: 4880K(5120K)->4880K(5120K)
[2768.105s][info][gc             ] GC(520) Pause Young (Prepare Mixed) (G1 Evacuation Pause) 3625M->1446M(4096M) 115.055ms
[2768.105s][info][gc,cpu         ] GC(520) User=0.69s Sys=0.00s Real=0.12s
....[2772.207s][info][gc,start       ] GC(521) Pause Young (Mixed) (G1 Evacuation Pause)
[2772.207s][info][gc,task        ] GC(521) Using 6 workers of 6 for evacuation
[2772.347s][info][gc,phases      ] GC(521)   Pre Evacuate Collection Set: 0.35ms
[2772.347s][info][gc,phases      ] GC(521)   Merge Heap Roots: 0.71ms
[2772.347s][info][gc,phases      ] GC(521)   Evacuate Collection Set: 138.26ms
[2772.347s][info][gc,phases      ] GC(521)   Post Evacuate Collection Set: 1.00ms
[2772.347s][info][gc,phases      ] GC(521)   Other: 0.09ms
[2772.347s][info][gc,heap        ] GC(521) Eden regions: 1113->0(1115)
[2772.347s][info][gc,heap        ] GC(521) Survivor regions: 108->113(153)
[2772.347s][info][gc,heap        ] GC(521) Old regions: 536->472
[2772.347s][info][gc,heap        ] GC(521) Humongous regions: 80->80
[2772.347s][info][gc,metaspace   ] GC(521) Metaspace: 29011K(29376K)->29011K(29376K) NonClass: 24130K(24256K)->24130K(24256K) Class: 4880K(5120K)->4880K(5120K)
[2772.347s][info][gc             ] GC(521) Pause Young (Mixed) (G1 Evacuation Pause) 3672M->1328M(4096M) 140.542ms
[2772.347s][info][gc,cpu         ] GC(521) User=0.84s Sys=0.00s Real=0.14s
.... (rIR:aIR:PR = 4566:4567:4567) (tPR = 67956) [OK] 
  2775s: Performance info:
         Transaction,    Success,    Partial,     Failed,   Receipts, AvgBarcode, 
             Overall,     275545,          0,          0,     261730,      59.47, 
         Response times:
             Request,    Success,    Partial,     Failed,   SkipFail,     Probes,    Samples,      min,      p50,      p90,      p95,      p99,      max, 
       TotalPurchase,     261728,          0,          0,          0,     256621,     279308,      300,     3600,     6700,    10400,    44000,   171000,
     InStorePurchase,     137714,          0,          0,          0,     135367,     147115,      300,     3400,     6500,    10100,    42000,   171000,
      OnlinePurchase,      96481,          0,          0,          0,      94624,     103007,      300,     3700,     6900,    10700,    46000,   171000,
        InstPurchase,      27533,          0,          0,          0,      26630,      29186,      400,     3900,     6900,    10800,    45000,   171000,
          AssocOfCat,        275,          0,          0,          0,        202,        290,    22000,    32000,    50900,    62450,   183810,   216000,
      AssocOfProduct,       2760,          0,          0,          0,       2561,       2947,      900,     3800,     6500,    11200,    44000,   138000,
      BusinessReport,        696,          0,          0,          0,        597,        727,    24000,    34000,    56000,    77600,   167880,   193000,
          CustBuyBeh,       2762,          0,          0,          0,       2565,       3023,      500,     4300,     7600,    12200,    50000,   171000,
       ProductReturn,       7324,          0,          0,          0,       7006,       7874,      200,     3200,     6500,    10100,    41000,   140000,

  2775s: (34%)   IR =   4705 [2776.313s][info][gc,start       ] GC(522) Pause Young (Concurrent Start) (G1 Evacuation Pause)
[2776.313s][info][gc,task        ] GC(522) Using 6 workers of 6 for evacuation
[2776.431s][info][gc,phases      ] GC(522)   Pre Evacuate Collection Set: 0.40ms
[2776.431s][info][gc,phases      ] GC(522)   Merge Heap Roots: 0.54ms
[2776.431s][info][gc,phases      ] GC(522)   Evacuate Collection Set: 115.32ms
[2776.431s][info][gc,phases      ] GC(522)   Post Evacuate Collection Set: 0.93ms
[2776.431s][info][gc,phases      ] GC(522)   Other: 0.13ms
[2776.431s][info][gc,heap        ] GC(522) Eden regions: 1115->0(1118)
[2776.431s][info][gc,heap        ] GC(522) Survivor regions: 113->110(154)
[2776.431s][info][gc,heap        ] GC(522) Old regions: 472->505
[2776.431s][info][gc,heap        ] GC(522) Humongous regions: 80->80
[2776.431s][info][gc,metaspace   ] GC(522) Metaspace: 29011K(29376K)->29011K(29376K) NonClass: 24130K(24256K)->24130K(24256K) Class: 4880K(5120K)->4880K(5120K)
[2776.431s][info][gc             ] GC(522) Pause Young (Concurrent Start) (G1 Evacuation Pause) 3558M->1387M(4096M) 117.430ms
[2776.431s][info][gc             ] GC(523) Concurrent Mark Cycle
[2776.431s][info][gc,marking     ] GC(523) Concurrent Scan Root Regions
[2776.431s][info][gc,cpu         ] GC(522) User=0.70s Sys=0.00s Real=0.11s
[2776.609s][info][gc,marking     ] GC(523) Concurrent Scan Root Regions 178.478ms
[2776.609s][info][gc,marking     ] GC(523) Concurrent Mark
[2776.609s][info][gc,marking     ] GC(523) Concurrent Mark From Roots
[2776.609s][info][gc,task        ] GC(523) Using 2 workers of 2 for marking
.[2777.325s][info][gc,marking     ] GC(523) Concurrent Mark From Roots 715.485ms
[2777.325s][info][gc,marking     ] GC(523) Concurrent Preclean
[2777.325s][info][gc,marking     ] GC(523) Concurrent Preclean 0.120ms
[2777.325s][info][gc,start       ] GC(523) Pause Remark
[2777.329s][info][gc             ] GC(523) Pause Remark 1948M->1948M(4096M) 4.065ms
[2777.330s][info][gc,cpu         ] GC(523) User=0.02s Sys=0.00s Real=0.00s
[2777.330s][info][gc,marking     ] GC(523) Concurrent Mark 720.249ms
[2777.330s][info][gc,marking     ] GC(523) Concurrent Rebuild Remembered Sets and Scrub Regions
[2777.618s][info][gc,marking     ] GC(523) Concurrent Rebuild Remembered Sets and Scrub Regions 288.250ms
[2777.618s][info][gc,start       ] GC(523) Pause Cleanup
[2777.618s][info][gc             ] GC(523) Pause Cleanup 2129M->2129M(4096M) 0.112ms
[2777.618s][info][gc,cpu         ] GC(523) User=0.00s Sys=0.00s Real=0.00s
[2777.618s][info][gc,marking     ] GC(523) Concurrent Clear Claimed Marks
[2777.618s][info][gc,marking     ] GC(523) Concurrent Clear Claimed Marks 0.026ms
[2777.618s][info][gc,marking     ] GC(523) Concurrent Cleanup for Next Mark
[2777.621s][info][gc,marking     ] GC(523) Concurrent Cleanup for Next Mark 3.162ms
[2777.621s][info][gc             ] GC(523) Concurrent Mark Cycle 1190.583ms
...|[2780.285s][info][gc,start       ] GC(524) Pause Young (Prepare Mixed) (G1 Evacuation Pause)
[2780.285s][info][gc,task        ] GC(524) Using 6 workers of 6 for evacuation
[2780.409s][info][gc,phases      ] GC(524)   Pre Evacuate Collection Set: 0.35ms
[2780.409s][info][gc,phases      ] GC(524)   Merge Heap Roots: 0.54ms
[2780.409s][info][gc,phases      ] GC(524)   Evacuate Collection Set: 121.39ms
[2780.409s][info][gc,phases      ] GC(524)   Post Evacuate Collection Set: 0.91ms
[2780.409s][info][gc,phases      ] GC(524)   Other: 0.09ms
[2780.409s][info][gc,heap        ] GC(524) Eden regions: 1118->0(1103)
[2780.409s][info][gc,heap        ] GC(524) Survivor regions: 110->112(154)
[2780.409s][info][gc,heap        ] GC(524) Old regions: 505->538
[2780.409s][info][gc,heap        ] GC(524) Humongous regions: 80->80
[2780.409s][info][gc,metaspace   ] GC(524) Metaspace: 29011K(29376K)->29011K(29376K) NonClass: 24130K(24256K)->24130K(24256K) Class: 4880K(5120K)->4880K(5120K)
[2780.409s][info][gc             ] GC(524) Pause Young (Prepare Mixed) (G1 Evacuation Pause) 3623M->1459M(4096M) 123.422ms
[2780.409s][info][gc,cpu         ] GC(524) User=0.73s Sys=0.00s Real=0.12s
....[2784.288s][info][gc,start       ] GC(525) Pause Young (Mixed) (G1 Evacuation Pause)
[2784.288s][info][gc,task        ] GC(525) Using 6 workers of 6 for evacuation
[2784.422s][info][gc,phases      ] GC(525)   Pre Evacuate Collection Set: 0.40ms
[2784.422s][info][gc,phases      ] GC(525)   Merge Heap Roots: 0.74ms
[2784.422s][info][gc,phases      ] GC(525)   Evacuate Collection Set: 131.38ms
[2784.422s][info][gc,phases      ] GC(525)   Post Evacuate Collection Set: 0.97ms
[2784.422s][info][gc,phases      ] GC(525)   Other: 0.09ms
[2784.422s][info][gc,heap        ] GC(525) Eden regions: 1103->0(1120)
[2784.422s][info][gc,heap        ] GC(525) Survivor regions: 112->108(152)
[2784.422s][info][gc,heap        ] GC(525) Old regions: 538->476
[2784.422s][info][gc,heap        ] GC(525) Humongous regions: 80->80
[2784.422s][info][gc,metaspace   ] GC(525) Metaspace: 29011K(29376K)->29011K(29376K) NonClass: 24130K(24256K)->24130K(24256K) Class: 4880K(5120K)->4880K(5120K)
[2784.422s][info][gc             ] GC(525) Pause Young (Mixed) (G1 Evacuation Pause) 3665M->1326M(4096M) 133.699ms
[2784.422s][info][gc,cpu         ] GC(525) User=0.79s Sys=0.00s Real=0.13s
....[2788.284s][info][gc,start       ] GC(526) Pause Young (Concurrent Start) (G1 Evacuation Pause)
[2788.284s][info][gc,task        ] GC(526) Using 6 workers of 6 for evacuation
[2788.404s][info][gc,phases      ] GC(526)   Pre Evacuate Collection Set: 0.41ms
[2788.404s][info][gc,phases      ] GC(526)   Merge Heap Roots: 0.52ms
[2788.404s][info][gc,phases      ] GC(526)   Evacuate Collection Set: 117.16ms
[2788.404s][info][gc,phases      ] GC(526)   Post Evacuate Collection Set: 0.91ms
[2788.404s][info][gc,phases      ] GC(526)   Other: 0.12ms
[2788.404s][info][gc,heap        ] GC(526) Eden regions: 1120->0(1117)
[2788.404s][info][gc,heap        ] GC(526) Survivor regions: 108->111(154)
[2788.404s][info][gc,heap        ] GC(526) Old regions: 476->507
[2788.404s][info][gc,heap        ] GC(526) Humongous regions: 80->80
[2788.404s][info][gc,metaspace   ] GC(526) Metaspace: 29011K(29376K)->29011K(29376K) NonClass: 24130K(24256K)->24130K(24256K) Class: 4880K(5120K)->4880K(5120K)
[2788.404s][info][gc             ] GC(526) Pause Young (Concurrent Start) (G1 Evacuation Pause) 3566M->1394M(4096M) 119.251ms
[2788.404s][info][gc             ] GC(527) Concurrent Mark Cycle
[2788.404s][info][gc,marking     ] GC(527) Concurrent Scan Root Regions
[2788.404s][info][gc,cpu         ] GC(526) User=0.71s Sys=0.00s Real=0.12s
[2788.580s][info][gc,marking     ] GC(527) Concurrent Scan Root Regions 176.294ms
[2788.580s][info][gc,marking     ] GC(527) Concurrent Mark
[2788.580s][info][gc,marking     ] GC(527) Concurrent Mark From Roots
[2788.580s][info][gc,task        ] GC(527) Using 2 workers of 2 for marking
.[2789.305s][info][gc,marking     ] GC(527) Concurrent Mark From Roots 724.967ms
[2789.305s][info][gc,marking     ] GC(527) Concurrent Preclean
[2789.305s][info][gc,marking     ] GC(527) Concurrent Preclean 0.079ms
[2789.305s][info][gc,start       ] GC(527) Pause Remark
[2789.310s][info][gc             ] GC(527) Pause Remark 1948M->1948M(4096M) 4.253ms
[2789.310s][info][gc,cpu         ] GC(527) User=0.02s Sys=0.00s Real=0.00s
[2789.310s][info][gc,marking     ] GC(527) Concurrent Mark 729.570ms
[2789.310s][info][gc,marking     ] GC(527) Concurrent Rebuild Remembered Sets and Scrub Regions
[2789.585s][info][gc,marking     ] GC(527) Concurrent Rebuild Remembered Sets and Scrub Regions 275.505ms
[2789.585s][info][gc,start       ] GC(527) Pause Cleanup
[2789.585s][info][gc             ] GC(527) Pause Cleanup 2110M->2110M(4096M) 0.116ms
[2789.585s][info][gc,cpu         ] GC(527) User=0.00s Sys=0.00s Real=0.00s
[2789.585s][info][gc,marking     ] GC(527) Concurrent Clear Claimed Marks
[2789.585s][info][gc,marking     ] GC(527) Concurrent Clear Claimed Marks 0.023ms
[2789.585s][info][gc,marking     ] GC(527) Concurrent Cleanup for Next Mark
[2789.589s][info][gc,marking     ] GC(527) Concurrent Cleanup for Next Mark 3.201ms
[2789.589s][info][gc             ] GC(527) Concurrent Mark Cycle 1185.020ms
...[2792.350s][info][gc,start       ] GC(528) Pause Young (Prepare Mixed) (G1 Evacuation Pause)
[2792.350s][info][gc,task        ] GC(528) Using 6 workers of 6 for evacuation
[2792.466s][info][gc,phases      ] GC(528)   Pre Evacuate Collection Set: 0.35ms
[2792.466s][info][gc,phases      ] GC(528)   Merge Heap Roots: 0.55ms
[2792.466s][info][gc,phases      ] GC(528)   Evacuate Collection Set: 114.78ms
[2792.466s][info][gc,phases      ] GC(528)   Post Evacuate Collection Set: 0.95ms
[2792.466s][info][gc,phases      ] GC(528)   Other: 0.09ms
[2792.466s][info][gc,heap        ] GC(528) Eden regions: 1117->0(1108)
[2792.466s][info][gc,heap        ] GC(528) Survivor regions: 111->109(154)
[2792.466s][info][gc,heap        ] GC(528) Old regions: 507->539
[2792.466s][info][gc,heap        ] GC(528) Humongous regions: 80->80
[2792.466s][info][gc,metaspace   ] GC(528) Metaspace: 29011K(29376K)->29011K(29376K) NonClass: 24130K(24256K)->24130K(24256K) Class: 4880K(5120K)->4880K(5120K)
[2792.466s][info][gc             ] GC(528) Pause Young (Prepare Mixed) (G1 Evacuation Pause) 3628M->1455M(4096M) 116.845ms
[2792.466s][info][gc,cpu         ] GC(528) User=0.69s Sys=0.00s Real=0.12s
....[2796.391s][info][gc,start       ] GC(529) Pause Young (Mixed) (G1 Evacuation Pause)
[2796.391s][info][gc,task        ] GC(529) Using 6 workers of 6 for evacuation
[2796.530s][info][gc,phases      ] GC(529)   Pre Evacuate Collection Set: 0.40ms
[2796.530s][info][gc,phases      ] GC(529)   Merge Heap Roots: 0.87ms
[2796.530s][info][gc,phases      ] GC(529)   Evacuate Collection Set: 136.96ms
[2796.530s][info][gc,phases      ] GC(529)   Post Evacuate Collection Set: 1.02ms
[2796.530s][info][gc,phases      ] GC(529)   Other: 0.09ms
[2796.530s][info][gc,heap        ] GC(529) Eden regions: 1108->0(1114)
[2796.530s][info][gc,heap        ] GC(529) Survivor regions: 109->114(153)
[2796.530s][info][gc,heap        ] GC(529) Old regions: 539->474
[2796.530s][info][gc,heap        ] GC(529) Humongous regions: 80->80
[2796.531s][info][gc,metaspace   ] GC(529) Metaspace: 29011K(29376K)->29011K(29376K) NonClass: 24130K(24256K)->24130K(24256K) Class: 4880K(5120K)->4880K(5120K)
[2796.531s][info][gc             ] GC(529) Pause Young (Mixed) (G1 Evacuation Pause) 3671M->1334M(4096M) 139.489ms
[2796.531s][info][gc,cpu         ] GC(529) User=0.82s Sys=0.01s Real=0.14s
....[2800.390s][info][gc,start       ] GC(530) Pause Young (Concurrent Start) (G1 Evacuation Pause)
[2800.390s][info][gc,task        ] GC(530) Using 6 workers of 6 for evacuation
[2800.509s][info][gc,phases      ] GC(530)   Pre Evacuate Collection Set: 0.45ms
[2800.509s][info][gc,phases      ] GC(530)   Merge Heap Roots: 0.55ms
[2800.509s][info][gc,phases      ] GC(530)   Evacuate Collection Set: 116.91ms
[2800.509s][info][gc,phases      ] GC(530)   Post Evacuate Collection Set: 0.98ms
[2800.509s][info][gc,phases      ] GC(530)   Other: 0.13ms
[2800.509s][info][gc,heap        ] GC(530) Eden regions: 1114->0(1117)
[2800.509s][info][gc,heap        ] GC(530) Survivor regions: 114->111(154)
[2800.509s][info][gc,heap        ] GC(530) Old regions: 474->507
[2800.509s][info][gc,heap        ] GC(530) Humongous regions: 80->80
[2800.509s][info][gc,metaspace   ] GC(530) Metaspace: 29011K(29376K)->29011K(29376K) NonClass: 24130K(24256K)->24130K(24256K) Class: 4880K(5120K)->4880K(5120K)
[2800.509s][info][gc             ] GC(530) Pause Young (Concurrent Start) (G1 Evacuation Pause) 3562M->1394M(4096M) 119.158ms
[2800.509s][info][gc             ] GC(531) Concurrent Mark Cycle
[2800.509s][info][gc,marking     ] GC(531) Concurrent Scan Root Regions
[2800.509s][info][gc,cpu         ] GC(530) User=0.71s Sys=0.00s Real=0.12s
[2800.691s][info][gc,marking     ] GC(531) Concurrent Scan Root Regions 181.942ms
[2800.691s][info][gc,marking     ] GC(531) Concurrent Mark
[2800.691s][info][gc,marking     ] GC(531) Concurrent Mark From Roots
[2800.691s][info][gc,task        ] GC(531) Using 2 workers of 2 for marking
.[2801.400s][info][gc,marking     ] GC(531) Concurrent Mark From Roots 708.948ms
[2801.400s][info][gc,marking     ] GC(531) Concurrent Preclean
[2801.400s][info][gc,marking     ] GC(531) Concurrent Preclean 0.113ms
[2801.401s][info][gc,start       ] GC(531) Pause Remark
[2801.407s][info][gc             ] GC(531) Pause Remark 1963M->1963M(4096M) 5.286ms
[2801.407s][info][gc,cpu         ] GC(531) User=0.03s Sys=0.00s Real=0.01s
[2801.407s][info][gc,marking     ] GC(531) Concurrent Mark 715.463ms
[2801.407s][info][gc,marking     ] GC(531) Concurrent Rebuild Remembered Sets and Scrub Regions
[2801.686s][info][gc,marking     ] GC(531) Concurrent Rebuild Remembered Sets and Scrub Regions 279.253ms
[2801.686s][info][gc,start       ] GC(531) Pause Cleanup
[2801.686s][info][gc             ] GC(531) Pause Cleanup 2136M->2136M(4096M) 0.113ms
[2801.686s][info][gc,cpu         ] GC(531) User=0.00s Sys=0.00s Real=0.00s
[2801.686s][info][gc,marking     ] GC(531) Concurrent Clear Claimed Marks
[2801.686s][info][gc,marking     ] GC(531) Concurrent Clear Claimed Marks 0.026ms
[2801.686s][info][gc,marking     ] GC(531) Concurrent Cleanup for Next Mark
[2801.690s][info][gc,marking     ] GC(531) Concurrent Cleanup for Next Mark 3.155ms
[2801.690s][info][gc             ] GC(531) Concurrent Mark Cycle 1180.280ms
...[2804.347s][info][gc,start       ] GC(532) Pause Young (Prepare Mixed) (G1 Evacuation Pause)
[2804.347s][info][gc,task        ] GC(532) Using 6 workers of 6 for evacuation
[2804.465s][info][gc,phases      ] GC(532)   Pre Evacuate Collection Set: 0.32ms
[2804.465s][info][gc,phases      ] GC(532)   Merge Heap Roots: 0.54ms
[2804.465s][info][gc,phases      ] GC(532)   Evacuate Collection Set: 115.66ms
[2804.465s][info][gc,phases      ] GC(532)   Post Evacuate Collection Set: 0.94ms
[2804.465s][info][gc,phases      ] GC(532)   Other: 0.09ms
[2804.465s][info][gc,heap        ] GC(532) Eden regions: 1117->0(1110)
[2804.465s][info][gc,heap        ] GC(532) Survivor regions: 111->108(154)
[2804.465s][info][gc,heap        ] GC(532) Old regions: 507->539
[2804.465s][info][gc,heap        ] GC(532) Humongous regions: 80->80
[2804.465s][info][gc,metaspace   ] GC(532) Metaspace: 29009K(29376K)->29009K(29376K) NonClass: 24129K(24256K)->24129K(24256K) Class: 4879K(5120K)->4879K(5120K)
[2804.465s][info][gc             ] GC(532) Pause Young (Prepare Mixed) (G1 Evacuation Pause) 3628M->1452M(4096M) 117.705ms
[2804.465s][info][gc,cpu         ] GC(532) User=0.69s Sys=0.01s Real=0.12s
....[2808.405s][info][gc,start       ] GC(533) Pause Young (Mixed) (G1 Evacuation Pause)
[2808.405s][info][gc,task        ] GC(533) Using 6 workers of 6 for evacuation
[2808.534s][info][gc,phases      ] GC(533)   Pre Evacuate Collection Set: 0.39ms
[2808.534s][info][gc,phases      ] GC(533)   Merge Heap Roots: 0.66ms
[2808.534s][info][gc,phases      ] GC(533)   Evacuate Collection Set: 127.21ms
[2808.534s][info][gc,phases      ] GC(533)   Post Evacuate Collection Set: 0.98ms
[2808.534s][info][gc,phases      ] GC(533)   Other: 0.09ms
[2808.534s][info][gc,heap        ] GC(533) Eden regions: 1110->0(1119)
[2808.534s][info][gc,heap        ] GC(533) Survivor regions: 108->109(153)
[2808.534s][info][gc,heap        ] GC(533) Old regions: 539->474
[2808.534s][info][gc,heap        ] GC(533) Humongous regions: 80->80
[2808.534s][info][gc,metaspace   ] GC(533) Metaspace: 29009K(29376K)->29009K(29376K) NonClass: 24129K(24256K)->24129K(24256K) Class: 4879K(5120K)->4879K(5120K)
[2808.534s][info][gc             ] GC(533) Pause Young (Mixed) (G1 Evacuation Pause) 3672M->1324M(4096M) 129.462ms
[2808.534s][info][gc,cpu         ] GC(533) User=0.77s Sys=0.00s Real=0.13s
....[2812.417s][info][gc,start       ] GC(534) Pause Young (Concurrent Start) (G1 Evacuation Pause)
[2812.417s][info][gc,task        ] GC(534) Using 6 workers of 6 for evacuation
[2812.536s][info][gc,phases      ] GC(534)   Pre Evacuate Collection Set: 0.39ms
[2812.536s][info][gc,phases      ] GC(534)   Merge Heap Roots: 0.49ms
[2812.536s][info][gc,phases      ] GC(534)   Evacuate Collection Set: 117.49ms
[2812.536s][info][gc,phases      ] GC(534)   Post Evacuate Collection Set: 0.88ms
[2812.536s][info][gc,phases      ] GC(534)   Other: 0.11ms
[2812.536s][info][gc,heap        ] GC(534) Eden regions: 1119->0(1117)
[2812.536s][info][gc,heap        ] GC(534) Survivor regions: 109->111(154)
[2812.536s][info][gc,heap        ] GC(534) Old regions: 474->506
[2812.536s][info][gc,heap        ] GC(534) Humongous regions: 80->80
[2812.536s][info][gc,metaspace   ] GC(534) Metaspace: 29009K(29376K)->29009K(29376K) NonClass: 24130K(24256K)->24130K(24256K) Class: 4879K(5120K)->4879K(5120K)
[2812.536s][info][gc             ] GC(534) Pause Young (Concurrent Start) (G1 Evacuation Pause) 3562M->1391M(4096M) 119.507ms
[2812.536s][info][gc             ] GC(535) Concurrent Mark Cycle
[2812.536s][info][gc,marking     ] GC(535) Concurrent Scan Root Regions
[2812.536s][info][gc,cpu         ] GC(534) User=0.71s Sys=0.00s Real=0.12s
[2812.710s][info][gc,marking     ] GC(535) Concurrent Scan Root Regions 173.664ms
[2812.710s][info][gc,marking     ] GC(535) Concurrent Mark
[2812.710s][info][gc,marking     ] GC(535) Concurrent Mark From Roots
[2812.710s][info][gc,task        ] GC(535) Using 2 workers of 2 for marking
.[2813.468s][info][gc,marking     ] GC(535) Concurrent Mark From Roots 757.990ms
[2813.468s][info][gc,marking     ] GC(535) Concurrent Preclean
[2813.468s][info][gc,marking     ] GC(535) Concurrent Preclean 0.077ms
[2813.468s][info][gc,start       ] GC(535) Pause Remark
[2813.473s][info][gc             ] GC(535) Pause Remark 2015M->2015M(4096M) 4.589ms
[2813.473s][info][gc,cpu         ] GC(535) User=0.03s Sys=0.00s Real=0.01s
[2813.473s][info][gc,marking     ] GC(535) Concurrent Mark 762.906ms
[2813.473s][info][gc,marking     ] GC(535) Concurrent Rebuild Remembered Sets and Scrub Regions
[2813.708s][info][gc,marking     ] GC(535) Concurrent Rebuild Remembered Sets and Scrub Regions 235.073ms
[2813.708s][info][gc,start       ] GC(535) Pause Cleanup
[2813.708s][info][gc             ] GC(535) Pause Cleanup 2134M->2134M(4096M) 0.112ms
[2813.708s][info][gc,cpu         ] GC(535) User=0.00s Sys=0.00s Real=0.00s
[2813.708s][info][gc,marking     ] GC(535) Concurrent Clear Claimed Marks
[2813.708s][info][gc,marking     ] GC(535) Concurrent Clear Claimed Marks 0.031ms
[2813.708s][info][gc,marking     ] GC(535) Concurrent Cleanup for Next Mark
[2813.711s][info][gc,marking     ] GC(535) Concurrent Cleanup for Next Mark 3.195ms
[2813.711s][info][gc             ] GC(535) Concurrent Mark Cycle 1175.276ms
...[2816.394s][info][gc,start       ] GC(536) Pause Young (Prepare Mixed) (G1 Evacuation Pause)
[2816.394s][info][gc,task        ] GC(536) Using 6 workers of 6 for evacuation
[2816.510s][info][gc,phases      ] GC(536)   Pre Evacuate Collection Set: 0.33ms
[2816.510s][info][gc,phases      ] GC(536)   Merge Heap Roots: 0.53ms
[2816.510s][info][gc,phases      ] GC(536)   Evacuate Collection Set: 114.91ms
[2816.510s][info][gc,phases      ] GC(536)   Post Evacuate Collection Set: 0.94ms
[2816.510s][info][gc,phases      ] GC(536)   Other: 0.10ms
[2816.510s][info][gc,heap        ] GC(536) Eden regions: 1117->0(1107)
[2816.510s][info][gc,heap        ] GC(536) Survivor regions: 111->110(154)
[2816.510s][info][gc,heap        ] GC(536) Old regions: 506->538
[2816.510s][info][gc,heap        ] GC(536) Humongous regions: 80->80
[2816.510s][info][gc,metaspace   ] GC(536) Metaspace: 29009K(29376K)->29009K(29376K) NonClass: 24130K(24256K)->24130K(24256K) Class: 4879K(5120K)->4879K(5120K)
[2816.510s][info][gc             ] GC(536) Pause Young (Prepare Mixed) (G1 Evacuation Pause) 3625M->1453M(4096M) 116.950ms
[2816.511s][info][gc,cpu         ] GC(536) User=0.69s Sys=0.00s Real=0.11s
....[2820.467s][info][gc,start       ] GC(537) Pause Young (Mixed) (G1 Evacuation Pause)
[2820.467s][info][gc,task        ] GC(537) Using 6 workers of 6 for evacuation
[2820.603s][info][gc,phases      ] GC(537)   Pre Evacuate Collection Set: 0.38ms
[2820.603s][info][gc,phases      ] GC(537)   Merge Heap Roots: 0.74ms
[2820.603s][info][gc,phases      ] GC(537)   Evacuate Collection Set: 133.06ms
[2820.603s][info][gc,phases      ] GC(537)   Post Evacuate Collection Set: 1.00ms
[2820.603s][info][gc,phases      ] GC(537)   Other: 0.09ms
[2820.603s][info][gc,heap        ] GC(537) Eden regions: 1107->0(1116)
[2820.603s][info][gc,heap        ] GC(537) Survivor regions: 110->112(153)
[2820.603s][info][gc,heap        ] GC(537) Old regions: 538->473
[2820.603s][info][gc,heap        ] GC(537) Humongous regions: 80->80
[2820.603s][info][gc,metaspace   ] GC(537) Metaspace: 29009K(29376K)->29009K(29376K) NonClass: 24130K(24256K)->24130K(24256K) Class: 4879K(5120K)->4879K(5120K)
[2820.603s][info][gc             ] GC(537) Pause Young (Mixed) (G1 Evacuation Pause) 3667M->1327M(4096M) 135.427ms
[2820.603s][info][gc,cpu         ] GC(537) User=0.81s Sys=0.00s Real=0.14s
....[2824.437s][info][gc,start       ] GC(538) Pause Young (Concurrent Start) (G1 Evacuation Pause)
[2824.437s][info][gc,task        ] GC(538) Using 6 workers of 6 for evacuation
[2824.553s][info][gc,phases      ] GC(538)   Pre Evacuate Collection Set: 0.37ms
[2824.553s][info][gc,phases      ] GC(538)   Merge Heap Roots: 0.50ms
[2824.553s][info][gc,phases      ] GC(538)   Evacuate Collection Set: 114.58ms
[2824.553s][info][gc,phases      ] GC(538)   Post Evacuate Collection Set: 0.91ms
[2824.554s][info][gc,phases      ] GC(538)   Other: 0.10ms
[2824.554s][info][gc,heap        ] GC(538) Eden regions: 1116->0(1120)
[2824.554s][info][gc,heap        ] GC(538) Survivor regions: 112->108(154)
[2824.554s][info][gc,heap        ] GC(538) Old regions: 473->505
[2824.554s][info][gc,heap        ] GC(538) Humongous regions: 80->80
[2824.554s][info][gc,metaspace   ] GC(538) Metaspace: 29009K(29376K)->29009K(29376K) NonClass: 24130K(24256K)->24130K(24256K) Class: 4879K(5120K)->4879K(5120K)
[2824.554s][info][gc             ] GC(538) Pause Young (Concurrent Start) (G1 Evacuation Pause) 3559M->1384M(4096M) 116.590ms
[2824.554s][info][gc             ] GC(539) Concurrent Mark Cycle
[2824.554s][info][gc,marking     ] GC(539) Concurrent Scan Root Regions
[2824.554s][info][gc,cpu         ] GC(538) User=0.69s Sys=0.00s Real=0.12s
[2824.694s][info][gc,marking     ] GC(539) Concurrent Scan Root Regions 140.468ms
[2824.694s][info][gc,marking     ] GC(539) Concurrent Mark
[2824.694s][info][gc,marking     ] GC(539) Concurrent Mark From Roots
[2824.694s][info][gc,task        ] GC(539) Using 2 workers of 2 for marking
.[2825.308s][info][gc,marking     ] GC(539) Concurrent Mark From Roots 613.478ms
[2825.308s][info][gc,marking     ] GC(539) Concurrent Preclean
[2825.308s][info][gc,marking     ] GC(539) Concurrent Preclean 0.075ms
[2825.308s][info][gc,start       ] GC(539) Pause Remark
[2825.312s][info][gc             ] GC(539) Pause Remark 1825M->1825M(4096M) 4.286ms
[2825.312s][info][gc,cpu         ] GC(539) User=0.03s Sys=0.00s Real=0.00s
[2825.312s][info][gc,marking     ] GC(539) Concurrent Mark 618.110ms
[2825.312s][info][gc,marking     ] GC(539) Concurrent Rebuild Remembered Sets and Scrub Regions
[2825.550s][info][gc,marking     ] GC(539) Concurrent Rebuild Remembered Sets and Scrub Regions 237.290ms
[2825.550s][info][gc,start       ] GC(539) Pause Cleanup
[2825.550s][info][gc             ] GC(539) Pause Cleanup 1968M->1968M(4096M) 0.111ms
[2825.550s][info][gc,cpu         ] GC(539) User=0.00s Sys=0.00s Real=0.00s
[2825.550s][info][gc,marking     ] GC(539) Concurrent Clear Claimed Marks
[2825.550s][info][gc,marking     ] GC(539) Concurrent Clear Claimed Marks 0.026ms
[2825.550s][info][gc,marking     ] GC(539) Concurrent Cleanup for Next Mark
[2825.553s][info][gc,marking     ] GC(539) Concurrent Cleanup for Next Mark 3.193ms
[2825.553s][info][gc             ] GC(539) Concurrent Mark Cycle 999.506ms
...[2828.469s][info][gc,start       ] GC(540) Pause Young (Prepare Mixed) (G1 Evacuation Pause)
[2828.469s][info][gc,task        ] GC(540) Using 6 workers of 6 for evacuation
[2828.588s][info][gc,phases      ] GC(540)   Pre Evacuate Collection Set: 0.40ms
[2828.588s][info][gc,phases      ] GC(540)   Merge Heap Roots: 0.55ms
[2828.588s][info][gc,phases      ] GC(540)   Evacuate Collection Set: 117.24ms
[2828.588s][info][gc,phases      ] GC(540)   Post Evacuate Collection Set: 0.94ms
[2828.588s][info][gc,phases      ] GC(540)   Other: 0.09ms
[2828.588s][info][gc,heap        ] GC(540) Eden regions: 1120->0(1110)
[2828.588s][info][gc,heap        ] GC(540) Survivor regions: 108->109(154)
[2828.588s][info][gc,heap        ] GC(540) Old regions: 505->537
[2828.588s][info][gc,heap        ] GC(540) Humongous regions: 80->80
[2828.588s][info][gc,metaspace   ] GC(540) Metaspace: 29009K(29376K)->29009K(29376K) NonClass: 24130K(24256K)->24130K(24256K) Class: 4879K(5120K)->4879K(5120K)
[2828.588s][info][gc             ] GC(540) Pause Young (Prepare Mixed) (G1 Evacuation Pause) 3624M->1450M(4096M) 119.359ms
[2828.589s][info][gc,cpu         ] GC(540) User=0.71s Sys=0.00s Real=0.12s
....[2832.510s][info][gc,start       ] GC(541) Pause Young (Mixed) (G1 Evacuation Pause)
[2832.510s][info][gc,task        ] GC(541) Using 6 workers of 6 for evacuation
[2832.643s][info][gc,phases      ] GC(541)   Pre Evacuate Collection Set: 0.41ms
[2832.643s][info][gc,phases      ] GC(541)   Merge Heap Roots: 0.69ms
[2832.643s][info][gc,phases      ] GC(541)   Evacuate Collection Set: 130.37ms
[2832.643s][info][gc,phases      ] GC(541)   Post Evacuate Collection Set: 0.95ms
[2832.643s][info][gc,phases      ] GC(541)   Other: 0.10ms
[2832.643s][info][gc,heap        ] GC(541) Eden regions: 1110->0(1119)
[2832.643s][info][gc,heap        ] GC(541) Survivor regions: 109->109(153)
[2832.643s][info][gc,heap        ] GC(541) Old regions: 537->473
[2832.643s][info][gc,heap        ] GC(541) Humongous regions: 80->80
[2832.643s][info][gc,metaspace   ] GC(541) Metaspace: 29009K(29376K)->29009K(29376K) NonClass: 24130K(24256K)->24130K(24256K) Class: 4879K(5120K)->4879K(5120K)
[2832.643s][info][gc             ] GC(541) Pause Young (Mixed) (G1 Evacuation Pause) 3670M->1323M(4096M) 132.690ms
[2832.643s][info][gc,cpu         ] GC(541) User=0.79s Sys=0.00s Real=0.14s
....[2836.510s][info][gc,start       ] GC(542) Pause Young (Concurrent Start) (G1 Evacuation Pause)
[2836.510s][info][gc,task        ] GC(542) Using 6 workers of 6 for evacuation
[2836.632s][info][gc,phases      ] GC(542)   Pre Evacuate Collection Set: 0.38ms
[2836.632s][info][gc,phases      ] GC(542)   Merge Heap Roots: 0.50ms
[2836.632s][info][gc,phases      ] GC(542)   Evacuate Collection Set: 120.29ms
[2836.632s][info][gc,phases      ] GC(542)   Post Evacuate Collection Set: 0.92ms
[2836.632s][info][gc,phases      ] GC(542)   Other: 0.10ms
[2836.632s][info][gc,heap        ] GC(542) Eden regions: 1119->0(1116)
[2836.632s][info][gc,heap        ] GC(542) Survivor regions: 109->112(154)
[2836.632s][info][gc,heap        ] GC(542) Old regions: 473->505
[2836.632s][info][gc,heap        ] GC(542) Humongous regions: 80->80
[2836.632s][info][gc,metaspace   ] GC(542) Metaspace: 29009K(29376K)->29009K(29376K) NonClass: 24130K(24256K)->24130K(24256K) Class: 4879K(5120K)->4879K(5120K)
[2836.632s][info][gc             ] GC(542) Pause Young (Concurrent Start) (G1 Evacuation Pause) 3561M->1392M(4096M) 122.315ms
[2836.632s][info][gc             ] GC(543) Concurrent Mark Cycle
[2836.632s][info][gc,marking     ] GC(543) Concurrent Scan Root Regions
[2836.632s][info][gc,cpu         ] GC(542) User=0.73s Sys=0.00s Real=0.12s
[2836.775s][info][gc,marking     ] GC(543) Concurrent Scan Root Regions 142.770ms
[2836.775s][info][gc,marking     ] GC(543) Concurrent Mark
[2836.775s][info][gc,marking     ] GC(543) Concurrent Mark From Roots
[2836.775s][info][gc,task        ] GC(543) Using 2 workers of 2 for marking
.[2837.407s][info][gc,marking     ] GC(543) Concurrent Mark From Roots 632.356ms
[2837.407s][info][gc,marking     ] GC(543) Concurrent Preclean
[2837.407s][info][gc,marking     ] GC(543) Concurrent Preclean 0.078ms
[2837.407s][info][gc,start       ] GC(543) Pause Remark
[2837.411s][info][gc             ] GC(543) Pause Remark 1884M->1884M(4096M) 3.563ms
[2837.411s][info][gc,cpu         ] GC(543) User=0.02s Sys=0.00s Real=0.00s
[2837.411s][info][gc,marking     ] GC(543) Concurrent Mark 636.250ms
[2837.411s][info][gc,marking     ] GC(543) Concurrent Rebuild Remembered Sets and Scrub Regions
[2837.639s][info][gc,marking     ] GC(543) Concurrent Rebuild Remembered Sets and Scrub Regions 228.451ms
[2837.640s][info][gc,start       ] GC(543) Pause Cleanup
[2837.640s][info][gc             ] GC(543) Pause Cleanup 1998M->1998M(4096M) 0.115ms
[2837.640s][info][gc,cpu         ] GC(543) User=0.00s Sys=0.00s Real=0.00s
[2837.640s][info][gc,marking     ] GC(543) Concurrent Clear Claimed Marks
[2837.640s][info][gc,marking     ] GC(543) Concurrent Clear Claimed Marks 0.024ms
[2837.640s][info][gc,marking     ] GC(543) Concurrent Cleanup for Next Mark
[2837.643s][info][gc,marking     ] GC(543) Concurrent Cleanup for Next Mark 3.236ms
[2837.643s][info][gc             ] GC(543) Concurrent Mark Cycle 1011.172ms
... (rIR:aIR:PR = 4705:4705:4705) (tPR = 70167) [OK] 
  2839s: Performance info:
         Transaction,    Success,    Partial,     Failed,   Receipts, AvgBarcode, 
             Overall,     282671,          0,          0,     268508,      59.48, 
         Response times:
             Request,    Success,    Partial,     Failed,   SkipFail,     Probes,    Samples,      min,      p50,      p90,      p95,      p99,      max, 
       TotalPurchase,     268514,          0,          0,          0,     264556,     281805,      300,     3700,     7200,    13600,    61000,   186000,
     InStorePurchase,     141291,          0,          0,          0,     139644,     148507,      300,     3800,     7200,    13600,    61000,   186000,
      OnlinePurchase,      98980,          0,          0,          0,      97403,     103711,      300,     3800,     7300,    13900,    61000,   181000,
        InstPurchase,      28243,          0,          0,          0,      27509,      29587,      400,     3300,     6700,    12800,    56000,   186000,
          AssocOfCat,        282,          0,          0,          0,        231,        312,    19800,    30000,    46700,    64350,   115180,   157000,
      AssocOfProduct,       2828,          0,          0,          0,       2618,       2987,      700,     5000,     9020,    22000,    67120,   138000,
      BusinessReport,        708,          0,          0,          0,        592,        673,    21000,    35000,    57000,    78600,   162120,   225000,
          CustBuyBeh,       2827,          0,          0,          0,       2654,       3014,      300,     2800,     7000,    12000,    54850,   141000,
       ProductReturn,       7513,          0,          0,          0,       7139,       7874,      200,     4200,     7500,    14650,    59000,   143000,

  2839s: (35%)   IR =   4843 [2840.516s][info][gc,start       ] GC(544) Pause Young (Prepare Mixed) (G1 Evacuation Pause)
[2840.516s][info][gc,task        ] GC(544) Using 6 workers of 6 for evacuation
[2840.635s][info][gc,phases      ] GC(544)   Pre Evacuate Collection Set: 0.32ms
[2840.635s][info][gc,phases      ] GC(544)   Merge Heap Roots: 0.60ms
[2840.635s][info][gc,phases      ] GC(544)   Evacuate Collection Set: 117.26ms
[2840.635s][info][gc,phases      ] GC(544)   Post Evacuate Collection Set: 0.96ms
[2840.635s][info][gc,phases      ] GC(544)   Other: 0.08ms
[2840.635s][info][gc,heap        ] GC(544) Eden regions: 1116->0(1108)
[2840.635s][info][gc,heap        ] GC(544) Survivor regions: 112->110(154)
[2840.635s][info][gc,heap        ] GC(544) Old regions: 505->537
[2840.635s][info][gc,heap        ] GC(544) Humongous regions: 80->80
[2840.635s][info][gc,metaspace   ] GC(544) Metaspace: 29009K(29376K)->29009K(29376K) NonClass: 24130K(24256K)->24130K(24256K) Class: 4879K(5120K)->4879K(5120K)
[2840.635s][info][gc             ] GC(544) Pause Young (Prepare Mixed) (G1 Evacuation Pause) 3624M->1453M(4096M) 119.383ms
[2840.635s][info][gc,cpu         ] GC(544) User=0.71s Sys=0.00s Real=0.12s
....[2844.436s][info][gc,start       ] GC(545) Pause Young (Mixed) (G1 Evacuation Pause)
[2844.436s][info][gc,task        ] GC(545) Using 6 workers of 6 for evacuation
[2844.572s][info][gc,phases      ] GC(545)   Pre Evacuate Collection Set: 0.37ms
[2844.572s][info][gc,phases      ] GC(545)   Merge Heap Roots: 0.71ms
[2844.572s][info][gc,phases      ] GC(545)   Evacuate Collection Set: 133.69ms
[2844.572s][info][gc,phases      ] GC(545)   Post Evacuate Collection Set: 1.00ms
[2844.572s][info][gc,phases      ] GC(545)   Other: 0.08ms
[2844.572s][info][gc,heap        ] GC(545) Eden regions: 1108->0(1117)
[2844.572s][info][gc,heap        ] GC(545) Survivor regions: 110->111(153)
[2844.572s][info][gc,heap        ] GC(545) Old regions: 537->473
[2844.572s][info][gc,heap        ] GC(545) Humongous regions: 80->80
[2844.572s][info][gc,metaspace   ] GC(545) Metaspace: 29009K(29376K)->29009K(29376K) NonClass: 24130K(24256K)->24130K(24256K) Class: 4879K(5120K)->4879K(5120K)
[2844.572s][info][gc             ] GC(545) Pause Young (Mixed) (G1 Evacuation Pause) 3669M->1326M(4096M) 135.992ms
[2844.572s][info][gc,cpu         ] GC(545) User=0.81s Sys=0.00s Real=0.13s
.|...[2848.376s][info][gc,start       ] GC(546) Pause Young (Concurrent Start) (G1 Evacuation Pause)
[2848.376s][info][gc,task        ] GC(546) Using 6 workers of 6 for evacuation
[2848.494s][info][gc,phases      ] GC(546)   Pre Evacuate Collection Set: 0.41ms
[2848.494s][info][gc,phases      ] GC(546)   Merge Heap Roots: 0.51ms
[2848.495s][info][gc,phases      ] GC(546)   Evacuate Collection Set: 116.03ms
[2848.495s][info][gc,phases      ] GC(546)   Post Evacuate Collection Set: 0.89ms
[2848.495s][info][gc,phases      ] GC(546)   Other: 0.13ms
[2848.495s][info][gc,heap        ] GC(546) Eden regions: 1117->0(1118)
[2848.495s][info][gc,heap        ] GC(546) Survivor regions: 111->110(154)
[2848.495s][info][gc,heap        ] GC(546) Old regions: 473->505
[2848.495s][info][gc,heap        ] GC(546) Humongous regions: 80->80
[2848.495s][info][gc,metaspace   ] GC(546) Metaspace: 29009K(29376K)->29009K(29376K) NonClass: 24130K(24256K)->24130K(24256K) Class: 4879K(5120K)->4879K(5120K)
[2848.495s][info][gc             ] GC(546) Pause Young (Concurrent Start) (G1 Evacuation Pause) 3560M->1388M(4096M) 118.118ms
[2848.495s][info][gc             ] GC(547) Concurrent Mark Cycle
[2848.495s][info][gc,marking     ] GC(547) Concurrent Scan Root Regions
[2848.495s][info][gc,cpu         ] GC(546) User=0.70s Sys=0.00s Real=0.12s
[2848.645s][info][gc,marking     ] GC(547) Concurrent Scan Root Regions 150.613ms
[2848.645s][info][gc,marking     ] GC(547) Concurrent Mark
[2848.645s][info][gc,marking     ] GC(547) Concurrent Mark From Roots
[2848.645s][info][gc,task        ] GC(547) Using 2 workers of 2 for marking
.[2849.288s][info][gc,marking     ] GC(547) Concurrent Mark From Roots 642.572ms
[2849.288s][info][gc,marking     ] GC(547) Concurrent Preclean
[2849.288s][info][gc,marking     ] GC(547) Concurrent Preclean 0.133ms
[2849.288s][info][gc,start       ] GC(547) Pause Remark
[2849.293s][info][gc             ] GC(547) Pause Remark 1918M->1918M(4096M) 4.263ms
[2849.293s][info][gc,cpu         ] GC(547) User=0.02s Sys=0.00s Real=0.01s
[2849.293s][info][gc,marking     ] GC(547) Concurrent Mark 647.746ms
[2849.293s][info][gc,marking     ] GC(547) Concurrent Rebuild Remembered Sets and Scrub Regions
[2849.535s][info][gc,marking     ] GC(547) Concurrent Rebuild Remembered Sets and Scrub Regions 241.560ms
[2849.535s][info][gc,start       ] GC(547) Pause Cleanup
[2849.535s][info][gc             ] GC(547) Pause Cleanup 2086M->2086M(4096M) 0.116ms
[2849.535s][info][gc,cpu         ] GC(547) User=0.00s Sys=0.00s Real=0.00s
[2849.538s][info][gc,marking     ] GC(547) Concurrent Clear Claimed Marks
[2849.538s][info][gc,marking     ] GC(547) Concurrent Clear Claimed Marks 0.065ms
[2849.538s][info][gc,marking     ] GC(547) Concurrent Cleanup for Next Mark
[2849.542s][info][gc,marking     ] GC(547) Concurrent Cleanup for Next Mark 4.575ms
[2849.543s][info][gc             ] GC(547) Concurrent Mark Cycle 1047.891ms
...[2852.344s][info][gc,start       ] GC(548) Pause Young (Prepare Mixed) (G1 Evacuation Pause)
[2852.344s][info][gc,task        ] GC(548) Using 6 workers of 6 for evacuation
[2852.463s][info][gc,phases      ] GC(548)   Pre Evacuate Collection Set: 0.32ms
[2852.463s][info][gc,phases      ] GC(548)   Merge Heap Roots: 0.54ms
[2852.463s][info][gc,phases      ] GC(548)   Evacuate Collection Set: 116.77ms
[2852.463s][info][gc,phases      ] GC(548)   Post Evacuate Collection Set: 0.97ms
[2852.463s][info][gc,phases      ] GC(548)   Other: 0.09ms
[2852.463s][info][gc,heap        ] GC(548) Eden regions: 1118->0(1106)
[2852.463s][info][gc,heap        ] GC(548) Survivor regions: 110->111(154)
[2852.463s][info][gc,heap        ] GC(548) Old regions: 505->537
[2852.463s][info][gc,heap        ] GC(548) Humongous regions: 80->80
[2852.463s][info][gc,metaspace   ] GC(548) Metaspace: 29009K(29376K)->29009K(29376K) NonClass: 24130K(24256K)->24130K(24256K) Class: 4879K(5120K)->4879K(5120K)
[2852.463s][info][gc             ] GC(548) Pause Young (Prepare Mixed) (G1 Evacuation Pause) 3624M->1453M(4096M) 118.821ms
[2852.463s][info][gc,cpu         ] GC(548) User=0.70s Sys=0.00s Real=0.12s
....[2856.133s][info][gc,start       ] GC(549) Pause Young (Mixed) (G1 Evacuation Pause)
[2856.133s][info][gc,task        ] GC(549) Using 6 workers of 6 for evacuation
[2856.264s][info][gc,phases      ] GC(549)   Pre Evacuate Collection Set: 0.43ms
[2856.264s][info][gc,phases      ] GC(549)   Merge Heap Roots: 0.67ms
[2856.264s][info][gc,phases      ] GC(549)   Evacuate Collection Set: 128.55ms
[2856.264s][info][gc,phases      ] GC(549)   Post Evacuate Collection Set: 0.98ms
[2856.264s][info][gc,phases      ] GC(549)   Other: 0.09ms
[2856.264s][info][gc,heap        ] GC(549) Eden regions: 1106->0(1120)
[2856.264s][info][gc,heap        ] GC(549) Survivor regions: 111->108(153)
[2856.264s][info][gc,heap        ] GC(549) Old regions: 537->472
[2856.264s][info][gc,heap        ] GC(549) Humongous regions: 80->80
[2856.264s][info][gc,metaspace   ] GC(549) Metaspace: 29009K(29376K)->29009K(29376K) NonClass: 24130K(24256K)->24130K(24256K) Class: 4879K(5120K)->4879K(5120K)
[2856.264s][info][gc             ] GC(549) Pause Young (Mixed) (G1 Evacuation Pause) 3665M->1318M(4096M) 130.851ms
[2856.264s][info][gc,cpu         ] GC(549) User=0.78s Sys=0.00s Real=0.13s
....[2860.070s][info][gc,start       ] GC(550) Pause Young (Concurrent Start) (G1 Evacuation Pause)
[2860.070s][info][gc,task        ] GC(550) Using 6 workers of 6 for evacuation
[2860.186s][info][gc,phases      ] GC(550)   Pre Evacuate Collection Set: 0.42ms
[2860.186s][info][gc,phases      ] GC(550)   Merge Heap Roots: 0.51ms
[2860.186s][info][gc,phases      ] GC(550)   Evacuate Collection Set: 114.49ms
[2860.186s][info][gc,phases      ] GC(550)   Post Evacuate Collection Set: 0.91ms
[2860.186s][info][gc,phases      ] GC(550)   Other: 0.12ms
[2860.186s][info][gc,heap        ] GC(550) Eden regions: 1120->0(1121)
[2860.186s][info][gc,heap        ] GC(550) Survivor regions: 108->107(154)
[2860.186s][info][gc,heap        ] GC(550) Old regions: 472->505
[2860.186s][info][gc,heap        ] GC(550) Humongous regions: 80->80
[2860.186s][info][gc,metaspace   ] GC(550) Metaspace: 29009K(29376K)->29009K(29376K) NonClass: 24130K(24256K)->24130K(24256K) Class: 4879K(5120K)->4879K(5120K)
[2860.186s][info][gc             ] GC(550) Pause Young (Concurrent Start) (G1 Evacuation Pause) 3558M->1383M(4096M) 116.578ms
[2860.186s][info][gc             ] GC(551) Concurrent Mark Cycle
[2860.186s][info][gc,marking     ] GC(551) Concurrent Scan Root Regions
[2860.186s][info][gc,cpu         ] GC(550) User=0.69s Sys=0.00s Real=0.12s
[2860.325s][info][gc,marking     ] GC(551) Concurrent Scan Root Regions 139.076ms
[2860.325s][info][gc,marking     ] GC(551) Concurrent Mark
[2860.325s][info][gc,marking     ] GC(551) Concurrent Mark From Roots
[2860.325s][info][gc,task        ] GC(551) Using 2 workers of 2 for marking
[2860.967s][info][gc,marking     ] GC(551) Concurrent Mark From Roots 641.270ms
[2860.967s][info][gc,marking     ] GC(551) Concurrent Preclean
[2860.967s][info][gc,marking     ] GC(551) Concurrent Preclean 0.080ms
[2860.967s][info][gc,start       ] GC(551) Pause Remark
[2860.972s][info][gc             ] GC(551) Pause Remark 1912M->1912M(4096M) 4.683ms
[2860.972s][info][gc,cpu         ] GC(551) User=0.03s Sys=0.00s Real=0.00s
[2860.972s][info][gc,marking     ] GC(551) Concurrent Mark 646.311ms
[2860.972s][info][gc,marking     ] GC(551) Concurrent Rebuild Remembered Sets and Scrub Regions
.[2861.204s][info][gc,marking     ] GC(551) Concurrent Rebuild Remembered Sets and Scrub Regions 232.294ms
[2861.204s][info][gc,start       ] GC(551) Pause Cleanup
[2861.204s][info][gc             ] GC(551) Pause Cleanup 2031M->2031M(4096M) 0.133ms
[2861.204s][info][gc,cpu         ] GC(551) User=0.00s Sys=0.00s Real=0.00s
[2861.204s][info][gc,marking     ] GC(551) Concurrent Clear Claimed Marks
[2861.204s][info][gc,marking     ] GC(551) Concurrent Clear Claimed Marks 0.032ms
[2861.204s][info][gc,marking     ] GC(551) Concurrent Cleanup for Next Mark
[2861.209s][info][gc,marking     ] GC(551) Concurrent Cleanup for Next Mark 4.669ms
[2861.209s][info][gc             ] GC(551) Concurrent Mark Cycle 1022.906ms
..[2863.937s][info][gc,start       ] GC(552) Pause Young (Prepare Mixed) (G1 Evacuation Pause)
[2863.937s][info][gc,task        ] GC(552) Using 6 workers of 6 for evacuation
[2864.053s][info][gc,phases      ] GC(552)   Pre Evacuate Collection Set: 0.36ms
[2864.053s][info][gc,phases      ] GC(552)   Merge Heap Roots: 0.56ms
[2864.053s][info][gc,phases      ] GC(552)   Evacuate Collection Set: 113.91ms
[2864.053s][info][gc,phases      ] GC(552)   Post Evacuate Collection Set: 0.94ms
[2864.053s][info][gc,phases      ] GC(552)   Other: 0.09ms
[2864.053s][info][gc,heap        ] GC(552) Eden regions: 1121->0(1112)
[2864.053s][info][gc,heap        ] GC(552) Survivor regions: 107->108(154)
[2864.053s][info][gc,heap        ] GC(552) Old regions: 505->537
[2864.053s][info][gc,heap        ] GC(552) Humongous regions: 80->80
[2864.053s][info][gc,metaspace   ] GC(552) Metaspace: 29009K(29376K)->29009K(29376K) NonClass: 24130K(24256K)->24130K(24256K) Class: 4879K(5120K)->4879K(5120K)
[2864.053s][info][gc             ] GC(552) Pause Young (Prepare Mixed) (G1 Evacuation Pause) 3625M->1448M(4096M) 116.008ms
[2864.053s][info][gc,cpu         ] GC(552) User=0.69s Sys=0.00s Real=0.12s
....[2867.910s][info][gc,start       ] GC(553) Pause Young (Mixed) (G1 Evacuation Pause)
[2867.910s][info][gc,task        ] GC(553) Using 6 workers of 6 for evacuation
[2868.047s][info][gc,phases      ] GC(553)   Pre Evacuate Collection Set: 0.36ms
[2868.047s][info][gc,phases      ] GC(553)   Merge Heap Roots: 0.85ms
[2868.047s][info][gc,phases      ] GC(553)   Evacuate Collection Set: 134.77ms
[2868.047s][info][gc,phases      ] GC(553)   Post Evacuate Collection Set: 0.94ms
[2868.047s][info][gc,phases      ] GC(553)   Other: 0.10ms
[2868.047s][info][gc,heap        ] GC(553) Eden regions: 1112->0(1118)
[2868.047s][info][gc,heap        ] GC(553) Survivor regions: 108->110(153)
[2868.048s][info][gc,heap        ] GC(553) Old regions: 537->474
[2868.048s][info][gc,heap        ] GC(553) Humongous regions: 80->80
[2868.048s][info][gc,metaspace   ] GC(553) Metaspace: 29010K(29376K)->29010K(29376K) NonClass: 24130K(24256K)->24130K(24256K) Class: 4879K(5120K)->4879K(5120K)
[2868.048s][info][gc             ] GC(553) Pause Young (Mixed) (G1 Evacuation Pause) 3672M->1326M(4096M) 137.156ms
[2868.048s][info][gc,cpu         ] GC(553) User=0.81s Sys=0.00s Real=0.14s
....[2871.815s][info][gc,start       ] GC(554) Pause Young (Concurrent Start) (G1 Evacuation Pause)
[2871.815s][info][gc,task        ] GC(554) Using 6 workers of 6 for evacuation
[2871.935s][info][gc,phases      ] GC(554)   Pre Evacuate Collection Set: 0.39ms
[2871.935s][info][gc,phases      ] GC(554)   Merge Heap Roots: 0.49ms
[2871.935s][info][gc,phases      ] GC(554)   Evacuate Collection Set: 117.62ms
[2871.935s][info][gc,phases      ] GC(554)   Post Evacuate Collection Set: 0.89ms
[2871.935s][info][gc,phases      ] GC(554)   Other: 0.11ms
[2871.935s][info][gc,heap        ] GC(554) Eden regions: 1118->0(1115)
[2871.935s][info][gc,heap        ] GC(554) Survivor regions: 110->113(154)
[2871.935s][info][gc,heap        ] GC(554) Old regions: 474->505
[2871.935s][info][gc,heap        ] GC(554) Humongous regions: 80->80
[2871.935s][info][gc,metaspace   ] GC(554) Metaspace: 29010K(29376K)->29010K(29376K) NonClass: 24130K(24256K)->24130K(24256K) Class: 4879K(5120K)->4879K(5120K)
[2871.935s][info][gc             ] GC(554) Pause Young (Concurrent Start) (G1 Evacuation Pause) 3562M->1395M(4096M) 119.647ms
[2871.935s][info][gc             ] GC(555) Concurrent Mark Cycle
[2871.935s][info][gc,marking     ] GC(555) Concurrent Scan Root Regions
[2871.935s][info][gc,cpu         ] GC(554) User=0.72s Sys=0.00s Real=0.12s
.[2872.088s][info][gc,marking     ] GC(555) Concurrent Scan Root Regions 152.968ms
[2872.088s][info][gc,marking     ] GC(555) Concurrent Mark
[2872.088s][info][gc,marking     ] GC(555) Concurrent Mark From Roots
[2872.088s][info][gc,task        ] GC(555) Using 2 workers of 2 for marking
[2872.743s][info][gc,marking     ] GC(555) Concurrent Mark From Roots 655.431ms
[2872.743s][info][gc,marking     ] GC(555) Concurrent Preclean
[2872.743s][info][gc,marking     ] GC(555) Concurrent Preclean 0.084ms
[2872.744s][info][gc,start       ] GC(555) Pause Remark
[2872.747s][info][gc             ] GC(555) Pause Remark 1953M->1953M(4096M) 3.173ms
[2872.747s][info][gc,cpu         ] GC(555) User=0.01s Sys=0.00s Real=0.00s
[2872.747s][info][gc,marking     ] GC(555) Concurrent Mark 659.531ms
[2872.747s][info][gc,marking     ] GC(555) Concurrent Rebuild Remembered Sets and Scrub Regions
[2873.033s][info][gc,marking     ] GC(555) Concurrent Rebuild Remembered Sets and Scrub Regions 286.278ms
[2873.034s][info][gc,start       ] GC(555) Pause Cleanup
[2873.034s][info][gc             ] GC(555) Pause Cleanup 2115M->2115M(4096M) 0.115ms
[2873.034s][info][gc,cpu         ] GC(555) User=0.00s Sys=0.00s Real=0.00s
[2873.034s][info][gc,marking     ] GC(555) Concurrent Clear Claimed Marks
[2873.034s][info][gc,marking     ] GC(555) Concurrent Clear Claimed Marks 0.028ms
[2873.034s][info][gc,marking     ] GC(555) Concurrent Cleanup for Next Mark
[2873.037s][info][gc,marking     ] GC(555) Concurrent Cleanup for Next Mark 3.524ms
[2873.037s][info][gc             ] GC(555) Concurrent Mark Cycle 1102.766ms
...[2875.698s][info][gc,start       ] GC(556) Pause Young (Prepare Mixed) (G1 Evacuation Pause)
[2875.698s][info][gc,task        ] GC(556) Using 6 workers of 6 for evacuation
[2875.816s][info][gc,phases      ] GC(556)   Pre Evacuate Collection Set: 0.35ms
[2875.817s][info][gc,phases      ] GC(556)   Merge Heap Roots: 0.54ms
[2875.817s][info][gc,phases      ] GC(556)   Evacuate Collection Set: 116.33ms
[2875.817s][info][gc,phases      ] GC(556)   Post Evacuate Collection Set: 0.97ms
[2875.817s][info][gc,phases      ] GC(556)   Other: 0.09ms
[2875.817s][info][gc,heap        ] GC(556) Eden regions: 1115->0(1109)
[2875.817s][info][gc,heap        ] GC(556) Survivor regions: 113->110(154)
[2875.817s][info][gc,heap        ] GC(556) Old regions: 505->536
[2875.817s][info][gc,heap        ] GC(556) Humongous regions: 80->80
[2875.817s][info][gc,metaspace   ] GC(556) Metaspace: 29012K(29376K)->29012K(29376K) NonClass: 24132K(24256K)->24132K(24256K) Class: 4879K(5120K)->4879K(5120K)
[2875.817s][info][gc             ] GC(556) Pause Young (Prepare Mixed) (G1 Evacuation Pause) 3625M->1450M(4096M) 118.419ms
[2875.817s][info][gc,cpu         ] GC(556) User=0.70s Sys=0.00s Real=0.12s
....[2879.612s][info][gc,start       ] GC(557) Pause Young (Mixed) (G1 Evacuation Pause)
[2879.612s][info][gc,task        ] GC(557) Using 6 workers of 6 for evacuation
[2879.749s][info][gc,phases      ] GC(557)   Pre Evacuate Collection Set: 0.42ms
[2879.749s][info][gc,phases      ] GC(557)   Merge Heap Roots: 0.77ms
[2879.749s][info][gc,phases      ] GC(557)   Evacuate Collection Set: 134.25ms
[2879.749s][info][gc,phases      ] GC(557)   Post Evacuate Collection Set: 0.95ms
[2879.749s][info][gc,phases      ] GC(557)   Other: 0.09ms
[2879.749s][info][gc,heap        ] GC(557) Eden regions: 1109->0(1117)
[2879.749s][info][gc,heap        ] GC(557) Survivor regions: 110->111(153)
[2879.749s][info][gc,heap        ] GC(557) Old regions: 536->471
[2879.749s][info][gc,heap        ] GC(557) Humongous regions: 80->80
[2879.749s][info][gc,metaspace   ] GC(557) Metaspace: 29012K(29376K)->29012K(29376K) NonClass: 24132K(24256K)->24132K(24256K) Class: 4879K(5120K)->4879K(5120K)
[2879.749s][info][gc             ] GC(557) Pause Young (Mixed) (G1 Evacuation Pause) 3668M->1322M(4096M) 136.624ms
[2879.749s][info][gc,cpu         ] GC(557) User=0.82s Sys=0.00s Real=0.14s
....[2883.545s][info][gc,start       ] GC(558) Pause Young (Concurrent Start) (G1 Evacuation Pause)
[2883.546s][info][gc,task        ] GC(558) Using 6 workers of 6 for evacuation
[2883.665s][info][gc,phases      ] GC(558)   Pre Evacuate Collection Set: 0.37ms
[2883.665s][info][gc,phases      ] GC(558)   Merge Heap Roots: 0.49ms
[2883.665s][info][gc,phases      ] GC(558)   Evacuate Collection Set: 117.05ms
[2883.665s][info][gc,phases      ] GC(558)   Post Evacuate Collection Set: 0.94ms
[2883.665s][info][gc,phases      ] GC(558)   Other: 0.12ms
[2883.665s][info][gc,heap        ] GC(558) Eden regions: 1117->0(1118)
[2883.665s][info][gc,heap        ] GC(558) Survivor regions: 111->110(154)
[2883.665s][info][gc,heap        ] GC(558) Old regions: 471->502
[2883.665s][info][gc,heap        ] GC(558) Humongous regions: 80->80
[2883.665s][info][gc,metaspace   ] GC(558) Metaspace: 29012K(29376K)->29012K(29376K) NonClass: 24132K(24256K)->24132K(24256K) Class: 4879K(5120K)->4879K(5120K)
[2883.665s][info][gc             ] GC(558) Pause Young (Concurrent Start) (G1 Evacuation Pause) 3556M->1382M(4096M) 119.102ms
[2883.665s][info][gc             ] GC(559) Concurrent Mark Cycle
[2883.665s][info][gc,marking     ] GC(559) Concurrent Scan Root Regions
[2883.665s][info][gc,cpu         ] GC(558) User=0.70s Sys=0.00s Real=0.12s
[2883.804s][info][gc,marking     ] GC(559) Concurrent Scan Root Regions 139.858ms
[2883.805s][info][gc,marking     ] GC(559) Concurrent Mark
[2883.805s][info][gc,marking     ] GC(559) Concurrent Mark From Roots
[2883.805s][info][gc,task        ] GC(559) Using 2 workers of 2 for marking
.[2884.437s][info][gc,marking     ] GC(559) Concurrent Mark From Roots 632.726ms
[2884.437s][info][gc,marking     ] GC(559) Concurrent Preclean
[2884.437s][info][gc,marking     ] GC(559) Concurrent Preclean 0.129ms
[2884.439s][info][gc,start       ] GC(559) Pause Remark
[2884.443s][info][gc             ] GC(559) Pause Remark 1908M->1908M(4096M) 4.715ms
[2884.443s][info][gc,cpu         ] GC(559) User=0.02s Sys=0.00s Real=0.01s
[2884.443s][info][gc,marking     ] GC(559) Concurrent Mark 638.948ms
[2884.444s][info][gc,marking     ] GC(559) Concurrent Rebuild Remembered Sets and Scrub Regions
[2884.682s][info][gc,marking     ] GC(559) Concurrent Rebuild Remembered Sets and Scrub Regions 238.799ms
[2884.684s][info][gc,start       ] GC(559) Pause Cleanup
[2884.685s][info][gc             ] GC(559) Pause Cleanup 2056M->2056M(4096M) 0.152ms
[2884.685s][info][gc,cpu         ] GC(559) User=0.00s Sys=0.00s Real=0.00s
[2884.685s][info][gc,marking     ] GC(559) Concurrent Clear Claimed Marks
[2884.685s][info][gc,marking     ] GC(559) Concurrent Clear Claimed Marks 0.033ms
[2884.685s][info][gc,marking     ] GC(559) Concurrent Cleanup for Next Mark
[2884.690s][info][gc,marking     ] GC(559) Concurrent Cleanup for Next Mark 4.856ms
[2884.690s][info][gc             ] GC(559) Concurrent Mark Cycle 1024.969ms
...[2887.431s][info][gc,start       ] GC(560) Pause Young (Prepare Mixed) (G1 Evacuation Pause)
[2887.431s][info][gc,task        ] GC(560) Using 6 workers of 6 for evacuation
[2887.548s][info][gc,phases      ] GC(560)   Pre Evacuate Collection Set: 0.37ms
[2887.548s][info][gc,phases      ] GC(560)   Merge Heap Roots: 0.53ms
[2887.548s][info][gc,phases      ] GC(560)   Evacuate Collection Set: 115.06ms
[2887.548s][info][gc,phases      ] GC(560)   Post Evacuate Collection Set: 0.97ms
[2887.548s][info][gc,phases      ] GC(560)   Other: 0.09ms
[2887.548s][info][gc,heap        ] GC(560) Eden regions: 1118->0(1111)
[2887.548s][info][gc,heap        ] GC(560) Survivor regions: 110->110(154)
[2887.548s][info][gc,heap        ] GC(560) Old regions: 502->534
[2887.548s][info][gc,heap        ] GC(560) Humongous regions: 80->80
[2887.548s][info][gc,metaspace   ] GC(560) Metaspace: 29012K(29376K)->29012K(29376K) NonClass: 24132K(24256K)->24132K(24256K) Class: 4879K(5120K)->4879K(5120K)
[2887.548s][info][gc             ] GC(560) Pause Young (Prepare Mixed) (G1 Evacuation Pause) 3618M->1445M(4096M) 117.163ms
[2887.548s][info][gc,cpu         ] GC(560) User=0.70s Sys=0.00s Real=0.12s
....[2891.288s][info][gc,start       ] GC(561) Pause Young (Mixed) (G1 Evacuation Pause)
[2891.288s][info][gc,task        ] GC(561) Using 6 workers of 6 for evacuation
[2891.423s][info][gc,phases      ] GC(561)   Pre Evacuate Collection Set: 0.37ms
[2891.423s][info][gc,phases      ] GC(561)   Merge Heap Roots: 0.71ms
[2891.423s][info][gc,phases      ] GC(561)   Evacuate Collection Set: 133.07ms
[2891.423s][info][gc,phases      ] GC(561)   Post Evacuate Collection Set: 1.01ms
[2891.423s][info][gc,phases      ] GC(561)   Other: 0.09ms
[2891.423s][info][gc,heap        ] GC(561) Eden regions: 1111->0(1117)
[2891.423s][info][gc,heap        ] GC(561) Survivor regions: 110->111(153)
[2891.423s][info][gc,heap        ] GC(561) Old regions: 534->472
[2891.423s][info][gc,heap        ] GC(561) Humongous regions: 80->80
[2891.423s][info][gc,metaspace   ] GC(561) Metaspace: 29012K(29376K)->29012K(29376K) NonClass: 24132K(24256K)->24132K(24256K) Class: 4879K(5120K)->4879K(5120K)
[2891.423s][info][gc             ] GC(561) Pause Young (Mixed) (G1 Evacuation Pause) 3667M->1325M(4096M) 135.367ms
[2891.423s][info][gc,cpu         ] GC(561) User=0.81s Sys=0.00s Real=0.14s
....[2895.202s][info][gc,start       ] GC(562) Pause Young (Concurrent Start) (G1 Evacuation Pause)
[2895.202s][info][gc,task        ] GC(562) Using 6 workers of 6 for evacuation
[2895.323s][info][gc,phases      ] GC(562)   Pre Evacuate Collection Set: 0.38ms
[2895.323s][info][gc,phases      ] GC(562)   Merge Heap Roots: 0.48ms
[2895.323s][info][gc,phases      ] GC(562)   Evacuate Collection Set: 118.68ms
[2895.323s][info][gc,phases      ] GC(562)   Post Evacuate Collection Set: 0.91ms
[2895.323s][info][gc,phases      ] GC(562)   Other: 0.10ms
[2895.323s][info][gc,heap        ] GC(562) Eden regions: 1117->0(1117)
[2895.323s][info][gc,heap        ] GC(562) Survivor regions: 111->111(154)
[2895.323s][info][gc,heap        ] GC(562) Old regions: 472->504
[2895.323s][info][gc,heap        ] GC(562) Humongous regions: 80->80
[2895.323s][info][gc,metaspace   ] GC(562) Metaspace: 29012K(29376K)->29012K(29376K) NonClass: 24132K(24256K)->24132K(24256K) Class: 4879K(5120K)->4879K(5120K)
[2895.323s][info][gc             ] GC(562) Pause Young (Concurrent Start) (G1 Evacuation Pause) 3559M->1387M(4096M) 120.680ms
[2895.323s][info][gc             ] GC(563) Concurrent Mark Cycle
[2895.323s][info][gc,marking     ] GC(563) Concurrent Scan Root Regions
[2895.323s][info][gc,cpu         ] GC(562) User=0.71s Sys=0.00s Real=0.13s
[2895.465s][info][gc,marking     ] GC(563) Concurrent Scan Root Regions 142.361ms
[2895.465s][info][gc,marking     ] GC(563) Concurrent Mark
[2895.465s][info][gc,marking     ] GC(563) Concurrent Mark From Roots
[2895.465s][info][gc,task        ] GC(563) Using 2 workers of 2 for marking
.[2896.198s][info][gc,marking     ] GC(563) Concurrent Mark From Roots 732.485ms
[2896.198s][info][gc,marking     ] GC(563) Concurrent Preclean
[2896.198s][info][gc,marking     ] GC(563) Concurrent Preclean 0.124ms
[2896.198s][info][gc,start       ] GC(563) Pause Remark
[2896.203s][info][gc             ] GC(563) Pause Remark 1945M->1945M(4096M) 4.484ms
[2896.203s][info][gc,cpu         ] GC(563) User=0.03s Sys=0.00s Real=0.01s
[2896.203s][info][gc,marking     ] GC(563) Concurrent Mark 737.367ms
[2896.203s][info][gc,marking     ] GC(563) Concurrent Rebuild Remembered Sets and Scrub Regions
[2896.484s][info][gc,marking     ] GC(563) Concurrent Rebuild Remembered Sets and Scrub Regions 280.819ms
[2896.484s][info][gc,start       ] GC(563) Pause Cleanup
[2896.484s][info][gc             ] GC(563) Pause Cleanup 2113M->2113M(4096M) 0.136ms
[2896.484s][info][gc,cpu         ] GC(563) User=0.00s Sys=0.00s Real=0.00s
[2896.484s][info][gc,marking     ] GC(563) Concurrent Clear Claimed Marks
[2896.484s][info][gc,marking     ] GC(563) Concurrent Clear Claimed Marks 0.048ms
[2896.484s][info][gc,marking     ] GC(563) Concurrent Cleanup for Next Mark
[2896.488s][info][gc,marking     ] GC(563) Concurrent Cleanup for Next Mark 3.536ms
[2896.488s][info][gc             ] GC(563) Concurrent Mark Cycle 1164.712ms
..[2899.086s][info][gc,start       ] GC(564) Pause Young (Prepare Mixed) (G1 Evacuation Pause)
[2899.086s][info][gc,task        ] GC(564) Using 6 workers of 6 for evacuation
[2899.206s][info][gc,phases      ] GC(564)   Pre Evacuate Collection Set: 0.33ms
[2899.206s][info][gc,phases      ] GC(564)   Merge Heap Roots: 0.59ms
[2899.206s][info][gc,phases      ] GC(564)   Evacuate Collection Set: 117.15ms
[2899.206s][info][gc,phases      ] GC(564)   Post Evacuate Collection Set: 0.98ms
[2899.206s][info][gc,phases      ] GC(564)   Other: 0.09ms
[2899.206s][info][gc,heap        ] GC(564) Eden regions: 1117->0(1110)
[2899.206s][info][gc,heap        ] GC(564) Survivor regions: 111->110(154)
[2899.206s][info][gc,heap        ] GC(564) Old regions: 504->535
[2899.206s][info][gc,heap        ] GC(564) Humongous regions: 80->80
[2899.206s][info][gc,metaspace   ] GC(564) Metaspace: 29012K(29376K)->29012K(29376K) NonClass: 24132K(24256K)->24132K(24256K) Class: 4879K(5120K)->4879K(5120K)
[2899.206s][info][gc             ] GC(564) Pause Young (Prepare Mixed) (G1 Evacuation Pause) 3621M->1448M(4096M) 119.284ms
[2899.206s][info][gc,cpu         ] GC(564) User=0.71s Sys=0.00s Real=0.12s
....[2903.026s][info][gc,start       ] GC(565) Pause Young (Mixed) (G1 Evacuation Pause)
[2903.026s][info][gc,task        ] GC(565) Using 6 workers of 6 for evacuation
[2903.160s][info][gc,phases      ] GC(565)   Pre Evacuate Collection Set: 0.38ms
[2903.160s][info][gc,phases      ] GC(565)   Merge Heap Roots: 0.77ms
[2903.160s][info][gc,phases      ] GC(565)   Evacuate Collection Set: 131.34ms
[2903.160s][info][gc,phases      ] GC(565)   Post Evacuate Collection Set: 1.02ms
[2903.160s][info][gc,phases      ] GC(565)   Other: 0.09ms
[2903.160s][info][gc,heap        ] GC(565) Eden regions: 1110->0(1120)
[2903.160s][info][gc,heap        ] GC(565) Survivor regions: 110->108(153)
[2903.160s][info][gc,heap        ] GC(565) Old regions: 535->473
[2903.160s][info][gc,heap        ] GC(565) Humongous regions: 80->80
[2903.160s][info][gc,metaspace   ] GC(565) Metaspace: 29012K(29376K)->29012K(29376K) NonClass: 24132K(24256K)->24132K(24256K) Class: 4879K(5120K)->4879K(5120K)
[2903.160s][info][gc             ] GC(565) Pause Young (Mixed) (G1 Evacuation Pause) 3668M->1319M(4096M) 133.722ms
[2903.160s][info][gc,cpu         ] GC(565) User=0.79s Sys=0.00s Real=0.13s
... (rIR:aIR:PR = 4843:4843:4843) (tPR = 71821) [OK] 
  2905s: Performance info:
         Transaction,    Success,    Partial,     Failed,   Receipts, AvgBarcode, 
             Overall,     291805,          0,          0,     277219,      59.47, 
         Response times:
             Request,    Success,    Partial,     Failed,   SkipFail,     Probes,    Samples,      min,      p50,      p90,      p95,      p99,      max, 
       TotalPurchase,     277219,          0,          0,          0,     271813,     295416,      300,     3800,     7300,    16600,    59000,   197000,
     InStorePurchase,     145896,          0,          0,          0,     143734,     156133,      300,     3900,     7400,    16600,    59000,   197000,
      OnlinePurchase,     102165,          0,          0,          0,      99954,     108438,      300,     3700,     7300,    16800,    59000,   179000,
        InstPurchase,      29158,          0,          0,          0,      28125,      30845,      400,     3800,     7200,    15600,    57000,   179000,
          AssocOfCat,        292,          0,          0,          0,        213,        279,    23000,    31000,    51000,    60000,    77800,    97000,
      AssocOfProduct,       2911,          0,          0,          0,       2693,       3109,      600,     3600,     6900,    15550,    53800,   179000,
      BusinessReport,        726,          0,          0,          0,        651,        817,    26000,    35000,    59200,    96100,   179000,   201000,
          CustBuyBeh,       2925,          0,          0,          0,       2724,       3149,      200,     3300,     7100,    13250,    54000,   159000,
       ProductReturn,       7732,          0,          0,          0,       7344,       8258,      200,     3600,     7100,    17200,    54000,   161000,

  2905s: (36%)   IR =   4981 .[2906.910s][info][gc,start       ] GC(566) Pause Young (Concurrent Start) (G1 Evacuation Pause)
[2906.910s][info][gc,task        ] GC(566) Using 6 workers of 6 for evacuation
[2907.026s][info][gc,phases      ] GC(566)   Pre Evacuate Collection Set: 0.39ms
[2907.026s][info][gc,phases      ] GC(566)   Merge Heap Roots: 0.49ms
[2907.026s][info][gc,phases      ] GC(566)   Evacuate Collection Set: 113.88ms
[2907.026s][info][gc,phases      ] GC(566)   Post Evacuate Collection Set: 0.90ms
[2907.026s][info][gc,phases      ] GC(566)   Other: 0.11ms
[2907.026s][info][gc,heap        ] GC(566) Eden regions: 1120->0(1120)
[2907.026s][info][gc,heap        ] GC(566) Survivor regions: 108->108(154)
[2907.026s][info][gc,heap        ] GC(566) Old regions: 473->505
[2907.026s][info][gc,heap        ] GC(566) Humongous regions: 80->80
[2907.026s][info][gc,metaspace   ] GC(566) Metaspace: 29012K(29376K)->29012K(29376K) NonClass: 24132K(24256K)->24132K(24256K) Class: 4879K(5120K)->4879K(5120K)
[2907.026s][info][gc             ] GC(566) Pause Young (Concurrent Start) (G1 Evacuation Pause) 3559M->1383M(4096M) 115.910ms
[2907.026s][info][gc             ] GC(567) Concurrent Mark Cycle
[2907.026s][info][gc,marking     ] GC(567) Concurrent Scan Root Regions
[2907.026s][info][gc,cpu         ] GC(566) User=0.69s Sys=0.00s Real=0.12s
[2907.164s][info][gc,marking     ] GC(567) Concurrent Scan Root Regions 137.466ms
[2907.164s][info][gc,marking     ] GC(567) Concurrent Mark
[2907.164s][info][gc,marking     ] GC(567) Concurrent Mark From Roots
[2907.164s][info][gc,task        ] GC(567) Using 2 workers of 2 for marking
.[2907.812s][info][gc,marking     ] GC(567) Concurrent Mark From Roots 648.388ms
[2907.812s][info][gc,marking     ] GC(567) Concurrent Preclean
[2907.812s][info][gc,marking     ] GC(567) Concurrent Preclean 0.094ms
[2907.813s][info][gc,start       ] GC(567) Pause Remark
[2907.818s][info][gc             ] GC(567) Pause Remark 1905M->1905M(4096M) 4.601ms
[2907.818s][info][gc,cpu         ] GC(567) User=0.03s Sys=0.00s Real=0.00s
[2907.819s][info][gc,marking     ] GC(567) Concurrent Mark 654.754ms
[2907.819s][info][gc,marking     ] GC(567) Concurrent Rebuild Remembered Sets and Scrub Regions
[2908.116s][info][gc,marking     ] GC(567) Concurrent Rebuild Remembered Sets and Scrub Regions 297.217ms
[2908.117s][info][gc,start       ] GC(567) Pause Cleanup
[2908.117s][info][gc             ] GC(567) Pause Cleanup 2117M->2117M(4096M) 0.141ms
[2908.117s][info][gc,cpu         ] GC(567) User=0.00s Sys=0.00s Real=0.00s
[2908.118s][info][gc,marking     ] GC(567) Concurrent Clear Claimed Marks
[2908.118s][info][gc,marking     ] GC(567) Concurrent Clear Claimed Marks 0.041ms
[2908.118s][info][gc,marking     ] GC(567) Concurrent Cleanup for Next Mark
[2908.122s][info][gc,marking     ] GC(567) Concurrent Cleanup for Next Mark 3.491ms
[2908.122s][info][gc             ] GC(567) Concurrent Mark Cycle 1095.406ms
...|[2910.764s][info][gc,start       ] GC(568) Pause Young (Prepare Mixed) (G1 Evacuation Pause)
[2910.764s][info][gc,task        ] GC(568) Using 6 workers of 6 for evacuation
[2910.882s][info][gc,phases      ] GC(568)   Pre Evacuate Collection Set: 0.39ms
[2910.882s][info][gc,phases      ] GC(568)   Merge Heap Roots: 0.55ms
[2910.882s][info][gc,phases      ] GC(568)   Evacuate Collection Set: 116.08ms
[2910.882s][info][gc,phases      ] GC(568)   Post Evacuate Collection Set: 0.94ms
[2910.882s][info][gc,phases      ] GC(568)   Other: 0.08ms
[2910.882s][info][gc,heap        ] GC(568) Eden regions: 1120->0(1108)
[2910.882s][info][gc,heap        ] GC(568) Survivor regions: 108->111(154)
[2910.882s][info][gc,heap        ] GC(568) Old regions: 505->535
[2910.882s][info][gc,heap        ] GC(568) Humongous regions: 80->80
[2910.882s][info][gc,metaspace   ] GC(568) Metaspace: 29012K(29376K)->29012K(29376K) NonClass: 24132K(24256K)->24132K(24256K) Class: 4879K(5120K)->4879K(5120K)
[2910.882s][info][gc             ] GC(568) Pause Young (Prepare Mixed) (G1 Evacuation Pause) 3623M->1451M(4096M) 118.198ms
[2910.883s][info][gc,cpu         ] GC(568) User=0.70s Sys=0.00s Real=0.12s
....[2914.522s][info][gc,start       ] GC(569) Pause Young (Mixed) (G1 Evacuation Pause)
[2914.522s][info][gc,task        ] GC(569) Using 6 workers of 6 for evacuation
[2914.663s][info][gc,phases      ] GC(569)   Pre Evacuate Collection Set: 0.38ms
[2914.663s][info][gc,phases      ] GC(569)   Merge Heap Roots: 0.64ms
[2914.663s][info][gc,phases      ] GC(569)   Evacuate Collection Set: 138.85ms
[2914.663s][info][gc,phases      ] GC(569)   Post Evacuate Collection Set: 0.96ms
[2914.663s][info][gc,phases      ] GC(569)   Other: 0.09ms
[2914.663s][info][gc,heap        ] GC(569) Eden regions: 1108->0(1112)
[2914.663s][info][gc,heap        ] GC(569) Survivor regions: 111->116(153)
[2914.663s][info][gc,heap        ] GC(569) Old regions: 535->473
[2914.663s][info][gc,heap        ] GC(569) Humongous regions: 80->80
[2914.663s][info][gc,metaspace   ] GC(569) Metaspace: 29012K(29376K)->29012K(29376K) NonClass: 24132K(24256K)->24132K(24256K) Class: 4879K(5120K)->4879K(5120K)
[2914.663s][info][gc             ] GC(569) Pause Young (Mixed) (G1 Evacuation Pause) 3667M->1336M(4096M) 141.071ms
[2914.663s][info][gc,cpu         ] GC(569) User=0.84s Sys=0.00s Real=0.15s
...[2918.285s][info][gc,start       ] GC(570) Pause Young (Concurrent Start) (G1 Evacuation Pause)
[2918.285s][info][gc,task        ] GC(570) Using 6 workers of 6 for evacuation
[2918.408s][info][gc,phases      ] GC(570)   Pre Evacuate Collection Set: 0.37ms
[2918.408s][info][gc,phases      ] GC(570)   Merge Heap Roots: 0.48ms
[2918.408s][info][gc,phases      ] GC(570)   Evacuate Collection Set: 121.10ms
[2918.408s][info][gc,phases      ] GC(570)   Post Evacuate Collection Set: 0.93ms
[2918.408s][info][gc,phases      ] GC(570)   Other: 0.11ms
[2918.408s][info][gc,heap        ] GC(570) Eden regions: 1112->0(1116)
[2918.408s][info][gc,heap        ] GC(570) Survivor regions: 116->112(154)
[2918.408s][info][gc,heap        ] GC(570) Old regions: 473->505
[2918.408s][info][gc,heap        ] GC(570) Humongous regions: 80->80
[2918.408s][info][gc,metaspace   ] GC(570) Metaspace: 29012K(29376K)->29012K(29376K) NonClass: 24132K(24256K)->24132K(24256K) Class: 4879K(5120K)->4879K(5120K)
[2918.408s][info][gc             ] GC(570) Pause Young (Concurrent Start) (G1 Evacuation Pause) 3560M->1391M(4096M) 123.125ms
[2918.408s][info][gc             ] GC(571) Concurrent Mark Cycle
[2918.408s][info][gc,marking     ] GC(571) Concurrent Scan Root Regions
[2918.408s][info][gc,cpu         ] GC(570) User=0.73s Sys=0.00s Real=0.12s
.[2918.530s][info][gc,marking     ] GC(571) Concurrent Scan Root Regions 121.979ms
[2918.530s][info][gc,marking     ] GC(571) Concurrent Mark
[2918.530s][info][gc,marking     ] GC(571) Concurrent Mark From Roots
[2918.530s][info][gc,task        ] GC(571) Using 2 workers of 2 for marking
[2919.071s][info][gc,marking     ] GC(571) Concurrent Mark From Roots 541.096ms
[2919.071s][info][gc,marking     ] GC(571) Concurrent Preclean
[2919.071s][info][gc,marking     ] GC(571) Concurrent Preclean 0.080ms
[2919.075s][info][gc,start       ] GC(571) Pause Remark
[2919.079s][info][gc             ] GC(571) Pause Remark 1777M->1777M(4096M) 4.288ms
[2919.079s][info][gc,cpu         ] GC(571) User=0.02s Sys=0.00s Real=0.00s
[2919.079s][info][gc,marking     ] GC(571) Concurrent Mark 549.331ms
[2919.079s][info][gc,marking     ] GC(571) Concurrent Rebuild Remembered Sets and Scrub Regions
[2919.328s][info][gc,marking     ] GC(571) Concurrent Rebuild Remembered Sets and Scrub Regions 248.385ms
[2919.328s][info][gc,start       ] GC(571) Pause Cleanup
[2919.328s][info][gc             ] GC(571) Pause Cleanup 1960M->1960M(4096M) 0.127ms
[2919.328s][info][gc,cpu         ] GC(571) User=0.00s Sys=0.00s Real=0.00s
[2919.328s][info][gc,marking     ] GC(571) Concurrent Clear Claimed Marks
[2919.328s][info][gc,marking     ] GC(571) Concurrent Clear Claimed Marks 0.030ms
[2919.328s][info][gc,marking     ] GC(571) Concurrent Cleanup for Next Mark
[2919.331s][info][gc,marking     ] GC(571) Concurrent Cleanup for Next Mark 3.182ms
[2919.331s][info][gc             ] GC(571) Concurrent Mark Cycle 923.405ms
...[2922.088s][info][gc,start       ] GC(572) Pause Young (Prepare Mixed) (G1 Evacuation Pause)
[2922.088s][info][gc,task        ] GC(572) Using 6 workers of 6 for evacuation
[2922.204s][info][gc,phases      ] GC(572)   Pre Evacuate Collection Set: 0.36ms
[2922.204s][info][gc,phases      ] GC(572)   Merge Heap Roots: 0.54ms
[2922.204s][info][gc,phases      ] GC(572)   Evacuate Collection Set: 114.65ms
[2922.204s][info][gc,phases      ] GC(572)   Post Evacuate Collection Set: 0.95ms
[2922.204s][info][gc,phases      ] GC(572)   Other: 0.08ms
[2922.204s][info][gc,heap        ] GC(572) Eden regions: 1116->0(1114)
[2922.204s][info][gc,heap        ] GC(572) Survivor regions: 112->107(154)
[2922.204s][info][gc,heap        ] GC(572) Old regions: 505->537
[2922.204s][info][gc,heap        ] GC(572) Humongous regions: 80->80
[2922.204s][info][gc,metaspace   ] GC(572) Metaspace: 29008K(29376K)->29008K(29376K) NonClass: 24130K(24256K)->24130K(24256K) Class: 4878K(5120K)->4878K(5120K)
[2922.204s][info][gc             ] GC(572) Pause Young (Prepare Mixed) (G1 Evacuation Pause) 3623M->1447M(4096M) 116.711ms
[2922.204s][info][gc,cpu         ] GC(572) User=0.69s Sys=0.00s Real=0.12s
....[2925.865s][info][gc,start       ] GC(573) Pause Young (Mixed) (G1 Evacuation Pause)
[2925.865s][info][gc,task        ] GC(573) Using 6 workers of 6 for evacuation
[2926.001s][info][gc,phases      ] GC(573)   Pre Evacuate Collection Set: 0.38ms
[2926.001s][info][gc,phases      ] GC(573)   Merge Heap Roots: 0.73ms
[2926.001s][info][gc,phases      ] GC(573)   Evacuate Collection Set: 133.76ms
[2926.001s][info][gc,phases      ] GC(573)   Post Evacuate Collection Set: 1.00ms
[2926.001s][info][gc,phases      ] GC(573)   Other: 0.09ms
[2926.001s][info][gc,heap        ] GC(573) Eden regions: 1114->0(1118)
[2926.001s][info][gc,heap        ] GC(573) Survivor regions: 107->110(153)
[2926.001s][info][gc,heap        ] GC(573) Old regions: 537->473
[2926.001s][info][gc,heap        ] GC(573) Humongous regions: 80->80
[2926.001s][info][gc,metaspace   ] GC(573) Metaspace: 29008K(29376K)->29008K(29376K) NonClass: 24130K(24256K)->24130K(24256K) Class: 4878K(5120K)->4878K(5120K)
[2926.001s][info][gc             ] GC(573) Pause Young (Mixed) (G1 Evacuation Pause) 3675M->1324M(4096M) 136.088ms
[2926.001s][info][gc,cpu         ] GC(573) User=0.81s Sys=0.00s Real=0.13s
....[2929.679s][info][gc,start       ] GC(574) Pause Young (Concurrent Start) (G1 Evacuation Pause)
[2929.679s][info][gc,task        ] GC(574) Using 6 workers of 6 for evacuation
[2929.797s][info][gc,phases      ] GC(574)   Pre Evacuate Collection Set: 0.39ms
[2929.797s][info][gc,phases      ] GC(574)   Merge Heap Roots: 0.49ms
[2929.797s][info][gc,phases      ] GC(574)   Evacuate Collection Set: 115.37ms
[2929.797s][info][gc,phases      ] GC(574)   Post Evacuate Collection Set: 0.87ms
[2929.797s][info][gc,phases      ] GC(574)   Other: 0.12ms
[2929.797s][info][gc,heap        ] GC(574) Eden regions: 1118->0(1118)
[2929.797s][info][gc,heap        ] GC(574) Survivor regions: 110->110(154)
[2929.797s][info][gc,heap        ] GC(574) Old regions: 473->505
[2929.797s][info][gc,heap        ] GC(574) Humongous regions: 80->80
[2929.797s][info][gc,metaspace   ] GC(574) Metaspace: 29008K(29376K)->29008K(29376K) NonClass: 24130K(24256K)->24130K(24256K) Class: 4878K(5120K)->4878K(5120K)
[2929.797s][info][gc             ] GC(574) Pause Young (Concurrent Start) (G1 Evacuation Pause) 3560M->1388M(4096M) 117.369ms
[2929.797s][info][gc             ] GC(575) Concurrent Mark Cycle
[2929.797s][info][gc,marking     ] GC(575) Concurrent Scan Root Regions
[2929.797s][info][gc,cpu         ] GC(574) User=0.69s Sys=0.00s Real=0.12s
[2929.936s][info][gc,marking     ] GC(575) Concurrent Scan Root Regions 139.479ms
[2929.936s][info][gc,marking     ] GC(575) Concurrent Mark
[2929.936s][info][gc,marking     ] GC(575) Concurrent Mark From Roots
[2929.936s][info][gc,task        ] GC(575) Using 2 workers of 2 for marking
.[2930.571s][info][gc,marking     ] GC(575) Concurrent Mark From Roots 634.218ms
[2930.571s][info][gc,marking     ] GC(575) Concurrent Preclean
[2930.571s][info][gc,marking     ] GC(575) Concurrent Preclean 0.074ms
[2930.571s][info][gc,start       ] GC(575) Pause Remark
[2930.575s][info][gc             ] GC(575) Pause Remark 1909M->1909M(4096M) 4.218ms
[2930.575s][info][gc,cpu         ] GC(575) User=0.02s Sys=0.00s Real=0.01s
[2930.575s][info][gc,marking     ] GC(575) Concurrent Mark 638.760ms
[2930.575s][info][gc,marking     ] GC(575) Concurrent Rebuild Remembered Sets and Scrub Regions
[2930.812s][info][gc,marking     ] GC(575) Concurrent Rebuild Remembered Sets and Scrub Regions 236.836ms
[2930.812s][info][gc,start       ] GC(575) Pause Cleanup
[2930.812s][info][gc             ] GC(575) Pause Cleanup 2048M->2048M(4096M) 0.117ms
[2930.812s][info][gc,cpu         ] GC(575) User=0.00s Sys=0.00s Real=0.00s
[2930.812s][info][gc,marking     ] GC(575) Concurrent Clear Claimed Marks
[2930.812s][info][gc,marking     ] GC(575) Concurrent Clear Claimed Marks 0.021ms
[2930.812s][info][gc,marking     ] GC(575) Concurrent Cleanup for Next Mark
[2930.815s][info][gc,marking     ] GC(575) Concurrent Cleanup for Next Mark 3.212ms
[2930.816s][info][gc             ] GC(575) Concurrent Mark Cycle 1018.711ms
...[2933.477s][info][gc,start       ] GC(576) Pause Young (Prepare Mixed) (G1 Evacuation Pause)
[2933.477s][info][gc,task        ] GC(576) Using 6 workers of 6 for evacuation
[2933.600s][info][gc,phases      ] GC(576)   Pre Evacuate Collection Set: 0.36ms
[2933.600s][info][gc,phases      ] GC(576)   Merge Heap Roots: 0.55ms
[2933.600s][info][gc,phases      ] GC(576)   Evacuate Collection Set: 120.68ms
[2933.600s][info][gc,phases      ] GC(576)   Post Evacuate Collection Set: 0.88ms
[2933.600s][info][gc,phases      ] GC(576)   Other: 0.09ms
[2933.600s][info][gc,heap        ] GC(576) Eden regions: 1118->0(1103)
[2933.600s][info][gc,heap        ] GC(576) Survivor regions: 110->113(154)
[2933.600s][info][gc,heap        ] GC(576) Old regions: 505->536
[2933.600s][info][gc,heap        ] GC(576) Humongous regions: 80->80
[2933.600s][info][gc,metaspace   ] GC(576) Metaspace: 29008K(29376K)->29008K(29376K) NonClass: 24130K(24256K)->24130K(24256K) Class: 4878K(5120K)->4878K(5120K)
[2933.600s][info][gc             ] GC(576) Pause Young (Prepare Mixed) (G1 Evacuation Pause) 3624M->1457M(4096M) 122.701ms
[2933.600s][info][gc,cpu         ] GC(576) User=0.73s Sys=0.00s Real=0.12s
...[2937.225s][info][gc,start       ] GC(577) Pause Young (Mixed) (G1 Evacuation Pause)
[2937.225s][info][gc,task        ] GC(577) Using 6 workers of 6 for evacuation
[2937.359s][info][gc,phases      ] GC(577)   Pre Evacuate Collection Set: 0.38ms
[2937.359s][info][gc,phases      ] GC(577)   Merge Heap Roots: 0.69ms
[2937.359s][info][gc,phases      ] GC(577)   Evacuate Collection Set: 131.96ms
[2937.359s][info][gc,phases      ] GC(577)   Post Evacuate Collection Set: 0.96ms
[2937.359s][info][gc,phases      ] GC(577)   Other: 0.09ms
[2937.359s][info][gc,heap        ] GC(577) Eden regions: 1103->0(1119)
[2937.359s][info][gc,heap        ] GC(577) Survivor regions: 113->109(152)
[2937.359s][info][gc,heap        ] GC(577) Old regions: 536->473
[2937.359s][info][gc,heap        ] GC(577) Humongous regions: 80->80
[2937.359s][info][gc,metaspace   ] GC(577) Metaspace: 29008K(29376K)->29008K(29376K) NonClass: 24130K(24256K)->24130K(24256K) Class: 4878K(5120K)->4878K(5120K)
[2937.359s][info][gc             ] GC(577) Pause Young (Mixed) (G1 Evacuation Pause) 3663M->1321M(4096M) 134.212ms
[2937.359s][info][gc,cpu         ] GC(577) User=0.80s Sys=0.00s Real=0.13s
....[2941.098s][info][gc,start       ] GC(578) Pause Young (Concurrent Start) (G1 Evacuation Pause)
[2941.098s][info][gc,task        ] GC(578) Using 6 workers of 6 for evacuation
[2941.214s][info][gc,phases      ] GC(578)   Pre Evacuate Collection Set: 0.45ms
[2941.214s][info][gc,phases      ] GC(578)   Merge Heap Roots: 0.53ms
[2941.214s][info][gc,phases      ] GC(578)   Evacuate Collection Set: 114.52ms
[2941.214s][info][gc,phases      ] GC(578)   Post Evacuate Collection Set: 0.89ms
[2941.214s][info][gc,phases      ] GC(578)   Other: 0.14ms
[2941.214s][info][gc,heap        ] GC(578) Eden regions: 1119->0(1119)
[2941.214s][info][gc,heap        ] GC(578) Survivor regions: 109->109(154)
[2941.214s][info][gc,heap        ] GC(578) Old regions: 473->505
[2941.214s][info][gc,heap        ] GC(578) Humongous regions: 80->80
[2941.214s][info][gc,metaspace   ] GC(578) Metaspace: 29008K(29376K)->29008K(29376K) NonClass: 24130K(24256K)->24130K(24256K) Class: 4878K(5120K)->4878K(5120K)
[2941.214s][info][gc             ] GC(578) Pause Young (Concurrent Start) (G1 Evacuation Pause) 3559M->1385M(4096M) 116.673ms
[2941.214s][info][gc             ] GC(579) Concurrent Mark Cycle
[2941.214s][info][gc,marking     ] GC(579) Concurrent Scan Root Regions
[2941.214s][info][gc,cpu         ] GC(578) User=0.70s Sys=0.00s Real=0.12s
[2941.349s][info][gc,marking     ] GC(579) Concurrent Scan Root Regions 135.144ms
[2941.350s][info][gc,marking     ] GC(579) Concurrent Mark
[2941.350s][info][gc,marking     ] GC(579) Concurrent Mark From Roots
[2941.350s][info][gc,task        ] GC(579) Using 2 workers of 2 for marking
.[2941.974s][info][gc,marking     ] GC(579) Concurrent Mark From Roots 624.353ms
[2941.974s][info][gc,marking     ] GC(579) Concurrent Preclean
[2941.974s][info][gc,marking     ] GC(579) Concurrent Preclean 0.080ms
[2941.974s][info][gc,start       ] GC(579) Pause Remark
[2941.979s][info][gc             ] GC(579) Pause Remark 1884M->1884M(4096M) 4.567ms
[2941.979s][info][gc,cpu         ] GC(579) User=0.03s Sys=0.00s Real=0.00s
[2941.979s][info][gc,marking     ] GC(579) Concurrent Mark 629.262ms
[2941.979s][info][gc,marking     ] GC(579) Concurrent Rebuild Remembered Sets and Scrub Regions
[2942.221s][info][gc,marking     ] GC(579) Concurrent Rebuild Remembered Sets and Scrub Regions 242.252ms
[2942.221s][info][gc,start       ] GC(579) Pause Cleanup
[2942.221s][info][gc             ] GC(579) Pause Cleanup 2023M->2023M(4096M) 0.133ms
[2942.221s][info][gc,cpu         ] GC(579) User=0.00s Sys=0.00s Real=0.00s
[2942.222s][info][gc,marking     ] GC(579) Concurrent Clear Claimed Marks
[2942.222s][info][gc,marking     ] GC(579) Concurrent Clear Claimed Marks 0.039ms
[2942.222s][info][gc,marking     ] GC(579) Concurrent Cleanup for Next Mark
[2942.227s][info][gc,marking     ] GC(579) Concurrent Cleanup for Next Mark 4.739ms
[2942.227s][info][gc             ] GC(579) Concurrent Mark Cycle 1012.512ms
...[2944.871s][info][gc,start       ] GC(580) Pause Young (Prepare Mixed) (G1 Evacuation Pause)
[2944.871s][info][gc,task        ] GC(580) Using 6 workers of 6 for evacuation
[2944.993s][info][gc,phases      ] GC(580)   Pre Evacuate Collection Set: 0.33ms
[2944.993s][info][gc,phases      ] GC(580)   Merge Heap Roots: 0.53ms
[2944.993s][info][gc,phases      ] GC(580)   Evacuate Collection Set: 119.91ms
[2944.993s][info][gc,phases      ] GC(580)   Post Evacuate Collection Set: 0.99ms
[2944.993s][info][gc,phases      ] GC(580)   Other: 0.09ms
[2944.993s][info][gc,heap        ] GC(580) Eden regions: 1119->0(1103)
[2944.993s][info][gc,heap        ] GC(580) Survivor regions: 109->113(154)
[2944.993s][info][gc,heap        ] GC(580) Old regions: 505->536
[2944.993s][info][gc,heap        ] GC(580) Humongous regions: 80->80
[2944.993s][info][gc,metaspace   ] GC(580) Metaspace: 29008K(29376K)->29008K(29376K) NonClass: 24130K(24256K)->24130K(24256K) Class: 4878K(5120K)->4878K(5120K)
[2944.993s][info][gc             ] GC(580) Pause Young (Prepare Mixed) (G1 Evacuation Pause) 3623M->1456M(4096M) 121.974ms
[2944.993s][info][gc,cpu         ] GC(580) User=0.72s Sys=0.00s Real=0.13s
....[2948.645s][info][gc,start       ] GC(581) Pause Young (Mixed) (G1 Evacuation Pause)
[2948.645s][info][gc,task        ] GC(581) Using 6 workers of 6 for evacuation
[2948.784s][info][gc,phases      ] GC(581)   Pre Evacuate Collection Set: 0.37ms
[2948.784s][info][gc,phases      ] GC(581)   Merge Heap Roots: 0.75ms
[2948.784s][info][gc,phases      ] GC(581)   Evacuate Collection Set: 136.90ms
[2948.784s][info][gc,phases      ] GC(581)   Post Evacuate Collection Set: 0.97ms
[2948.784s][info][gc,phases      ] GC(581)   Other: 0.08ms
[2948.784s][info][gc,heap        ] GC(581) Eden regions: 1103->0(1117)
[2948.784s][info][gc,heap        ] GC(581) Survivor regions: 113->111(152)
[2948.784s][info][gc,heap        ] GC(581) Old regions: 536->473
[2948.784s][info][gc,heap        ] GC(581) Humongous regions: 80->80
[2948.784s][info][gc,metaspace   ] GC(581) Metaspace: 29008K(29376K)->29008K(29376K) NonClass: 24130K(24256K)->24130K(24256K) Class: 4878K(5120K)->4878K(5120K)
[2948.784s][info][gc             ] GC(581) Pause Young (Mixed) (G1 Evacuation Pause) 3662M->1326M(4096M) 139.206ms
[2948.784s][info][gc,cpu         ] GC(581) User=0.83s Sys=0.00s Real=0.14s
...[2952.433s][info][gc,start       ] GC(582) Pause Young (Concurrent Start) (G1 Evacuation Pause)
[2952.434s][info][gc,task        ] GC(582) Using 6 workers of 6 for evacuation
[2952.552s][info][gc,phases      ] GC(582)   Pre Evacuate Collection Set: 0.41ms
[2952.552s][info][gc,phases      ] GC(582)   Merge Heap Roots: 0.53ms
[2952.552s][info][gc,phases      ] GC(582)   Evacuate Collection Set: 116.44ms
[2952.552s][info][gc,phases      ] GC(582)   Post Evacuate Collection Set: 0.91ms
[2952.552s][info][gc,phases      ] GC(582)   Other: 0.10ms
[2952.552s][info][gc,heap        ] GC(582) Eden regions: 1117->0(1119)
[2952.552s][info][gc,heap        ] GC(582) Survivor regions: 111->109(154)
[2952.552s][info][gc,heap        ] GC(582) Old regions: 473->504
[2952.552s][info][gc,heap        ] GC(582) Humongous regions: 80->80
[2952.552s][info][gc,metaspace   ] GC(582) Metaspace: 29008K(29376K)->29008K(29376K) NonClass: 24130K(24256K)->24130K(24256K) Class: 4878K(5120K)->4878K(5120K)
[2952.552s][info][gc             ] GC(582) Pause Young (Concurrent Start) (G1 Evacuation Pause) 3560M->1385M(4096M) 118.524ms
[2952.552s][info][gc             ] GC(583) Concurrent Mark Cycle
[2952.552s][info][gc,marking     ] GC(583) Concurrent Scan Root Regions
[2952.552s][info][gc,cpu         ] GC(582) User=0.71s Sys=0.00s Real=0.11s
.[2952.706s][info][gc,marking     ] GC(583) Concurrent Scan Root Regions 153.945ms
[2952.706s][info][gc,marking     ] GC(583) Concurrent Mark
[2952.706s][info][gc,marking     ] GC(583) Concurrent Mark From Roots
[2952.706s][info][gc,task        ] GC(583) Using 2 workers of 2 for marking
[2953.370s][info][gc,marking     ] GC(583) Concurrent Mark From Roots 663.636ms
[2953.370s][info][gc,marking     ] GC(583) Concurrent Preclean
[2953.370s][info][gc,marking     ] GC(583) Concurrent Preclean 0.071ms
[2953.370s][info][gc,start       ] GC(583) Pause Remark
[2953.375s][info][gc             ] GC(583) Pause Remark 1949M->1949M(4096M) 4.542ms
[2953.375s][info][gc,cpu         ] GC(583) User=0.02s Sys=0.00s Real=0.01s
[2953.375s][info][gc,marking     ] GC(583) Concurrent Mark 668.779ms
[2953.375s][info][gc,marking     ] GC(583) Concurrent Rebuild Remembered Sets and Scrub Regions
.[2953.613s][info][gc,marking     ] GC(583) Concurrent Rebuild Remembered Sets and Scrub Regions 237.979ms
[2953.613s][info][gc,start       ] GC(583) Pause Cleanup
[2953.613s][info][gc             ] GC(583) Pause Cleanup 2089M->2089M(4096M) 0.122ms
[2953.613s][info][gc,cpu         ] GC(583) User=0.00s Sys=0.00s Real=0.00s
[2953.613s][info][gc,marking     ] GC(583) Concurrent Clear Claimed Marks
[2953.613s][info][gc,marking     ] GC(583) Concurrent Clear Claimed Marks 0.030ms
[2953.613s][info][gc,marking     ] GC(583) Concurrent Cleanup for Next Mark
[2953.618s][info][gc,marking     ] GC(583) Concurrent Cleanup for Next Mark 4.812ms
[2953.618s][info][gc             ] GC(583) Concurrent Mark Cycle 1066.220ms
..[2956.223s][info][gc,start       ] GC(584) Pause Young (Prepare Mixed) (G1 Evacuation Pause)
[2956.223s][info][gc,task        ] GC(584) Using 6 workers of 6 for evacuation
[2956.340s][info][gc,phases      ] GC(584)   Pre Evacuate Collection Set: 0.36ms
[2956.340s][info][gc,phases      ] GC(584)   Merge Heap Roots: 0.55ms
[2956.340s][info][gc,phases      ] GC(584)   Evacuate Collection Set: 114.72ms
[2956.340s][info][gc,phases      ] GC(584)   Post Evacuate Collection Set: 0.96ms
[2956.340s][info][gc,phases      ] GC(584)   Other: 0.09ms
[2956.340s][info][gc,heap        ] GC(584) Eden regions: 1119->0(1111)
[2956.340s][info][gc,heap        ] GC(584) Survivor regions: 109->109(154)
[2956.340s][info][gc,heap        ] GC(584) Old regions: 504->536
[2956.340s][info][gc,heap        ] GC(584) Humongous regions: 80->80
[2956.340s][info][gc,metaspace   ] GC(584) Metaspace: 29008K(29376K)->29008K(29376K) NonClass: 24130K(24256K)->24130K(24256K) Class: 4878K(5120K)->4878K(5120K)
[2956.340s][info][gc             ] GC(584) Pause Young (Prepare Mixed) (G1 Evacuation Pause) 3623M->1448M(4096M) 116.815ms
[2956.340s][info][gc,cpu         ] GC(584) User=0.69s Sys=0.00s Real=0.11s
....[2959.979s][info][gc,start       ] GC(585) Pause Young (Mixed) (G1 Evacuation Pause)
[2959.979s][info][gc,task        ] GC(585) Using 6 workers of 6 for evacuation
[2960.115s][info][gc,phases      ] GC(585)   Pre Evacuate Collection Set: 0.36ms
[2960.115s][info][gc,phases      ] GC(585)   Merge Heap Roots: 0.76ms
[2960.115s][info][gc,phases      ] GC(585)   Evacuate Collection Set: 133.02ms
[2960.115s][info][gc,phases      ] GC(585)   Post Evacuate Collection Set: 0.95ms
[2960.115s][info][gc,phases      ] GC(585)   Other: 0.09ms
[2960.115s][info][gc,heap        ] GC(585) Eden regions: 1111->0(1119)
[2960.115s][info][gc,heap        ] GC(585) Survivor regions: 109->109(153)
[2960.115s][info][gc,heap        ] GC(585) Old regions: 536->474
[2960.115s][info][gc,heap        ] GC(585) Humongous regions: 80->80
[2960.115s][info][gc,metaspace   ] GC(585) Metaspace: 29008K(29376K)->29008K(29376K) NonClass: 24130K(24256K)->24130K(24256K) Class: 4878K(5120K)->4878K(5120K)
[2960.115s][info][gc             ] GC(585) Pause Young (Mixed) (G1 Evacuation Pause) 3670M->1324M(4096M) 135.313ms
[2960.115s][info][gc,cpu         ] GC(585) User=0.81s Sys=0.00s Real=0.14s
....[2963.842s][info][gc,start       ] GC(586) Pause Young (Concurrent Start) (G1 Evacuation Pause)
[2963.842s][info][gc,task        ] GC(586) Using 6 workers of 6 for evacuation
[2963.961s][info][gc,phases      ] GC(586)   Pre Evacuate Collection Set: 0.39ms
[2963.961s][info][gc,phases      ] GC(586)   Merge Heap Roots: 0.48ms
[2963.961s][info][gc,phases      ] GC(586)   Evacuate Collection Set: 117.20ms
[2963.961s][info][gc,phases      ] GC(586)   Post Evacuate Collection Set: 0.90ms
[2963.961s][info][gc,phases      ] GC(586)   Other: 0.11ms
[2963.961s][info][gc,heap        ] GC(586) Eden regions: 1119->0(1117)
[2963.961s][info][gc,heap        ] GC(586) Survivor regions: 109->111(154)
[2963.961s][info][gc,heap        ] GC(586) Old regions: 474->507
[2963.961s][info][gc,heap        ] GC(586) Humongous regions: 80->80
[2963.961s][info][gc,metaspace   ] GC(586) Metaspace: 29008K(29376K)->29008K(29376K) NonClass: 24130K(24256K)->24130K(24256K) Class: 4878K(5120K)->4878K(5120K)
[2963.961s][info][gc             ] GC(586) Pause Young (Concurrent Start) (G1 Evacuation Pause) 3562M->1393M(4096M) 119.205ms
[2963.961s][info][gc             ] GC(587) Concurrent Mark Cycle
[2963.961s][info][gc,marking     ] GC(587) Concurrent Scan Root Regions
[2963.961s][info][gc,cpu         ] GC(586) User=0.71s Sys=0.00s Real=0.12s
[2964.136s][info][gc,marking     ] GC(587) Concurrent Scan Root Regions 174.836ms
[2964.136s][info][gc,marking     ] GC(587) Concurrent Mark
[2964.136s][info][gc,marking     ] GC(587) Concurrent Mark From Roots
[2964.136s][info][gc,task        ] GC(587) Using 2 workers of 2 for marking
.[2964.758s][info][gc,marking     ] GC(587) Concurrent Mark From Roots 622.057ms
[2964.758s][info][gc,marking     ] GC(587) Concurrent Preclean
[2964.758s][info][gc,marking     ] GC(587) Concurrent Preclean 0.069ms
[2964.758s][info][gc,start       ] GC(587) Pause Remark
[2964.762s][info][gc             ] GC(587) Pause Remark 1892M->1892M(4096M) 3.623ms
[2964.762s][info][gc,cpu         ] GC(587) User=0.02s Sys=0.00s Real=0.00s
[2964.762s][info][gc,marking     ] GC(587) Concurrent Mark 626.000ms
[2964.762s][info][gc,marking     ] GC(587) Concurrent Rebuild Remembered Sets and Scrub Regions
[2965.132s][info][gc,marking     ] GC(587) Concurrent Rebuild Remembered Sets and Scrub Regions 369.845ms
[2965.132s][info][gc,start       ] GC(587) Pause Cleanup
[2965.132s][info][gc             ] GC(587) Pause Cleanup 2147M->2147M(4096M) 0.130ms
[2965.132s][info][gc,cpu         ] GC(587) User=0.00s Sys=0.00s Real=0.00s
[2965.132s][info][gc,marking     ] GC(587) Concurrent Clear Claimed Marks
[2965.132s][info][gc,marking     ] GC(587) Concurrent Clear Claimed Marks 0.031ms
[2965.132s][info][gc,marking     ] GC(587) Concurrent Cleanup for Next Mark
[2965.137s][info][gc,marking     ] GC(587) Concurrent Cleanup for Next Mark 4.853ms
[2965.137s][info][gc             ] GC(587) Concurrent Mark Cycle 1176.161ms
...[2967.592s][info][gc,start       ] GC(588) Pause Young (Prepare Mixed) (G1 Evacuation Pause)
[2967.592s][info][gc,task        ] GC(588) Using 6 workers of 6 for evacuation
[2967.710s][info][gc,phases      ] GC(588)   Pre Evacuate Collection Set: 0.33ms
[2967.710s][info][gc,phases      ] GC(588)   Merge Heap Roots: 0.53ms
[2967.710s][info][gc,phases      ] GC(588)   Evacuate Collection Set: 115.85ms
[2967.710s][info][gc,phases      ] GC(588)   Post Evacuate Collection Set: 0.96ms
[2967.710s][info][gc,phases      ] GC(588)   Other: 0.09ms
[2967.710s][info][gc,heap        ] GC(588) Eden regions: 1117->0(1107)
[2967.710s][info][gc,heap        ] GC(588) Survivor regions: 111->110(154)
[2967.710s][info][gc,heap        ] GC(588) Old regions: 507->538
[2967.710s][info][gc,heap        ] GC(588) Humongous regions: 80->80
[2967.710s][info][gc,metaspace   ] GC(588) Metaspace: 29009K(29376K)->29009K(29376K) NonClass: 24130K(24256K)->24130K(24256K) Class: 4878K(5120K)->4878K(5120K)
[2967.710s][info][gc             ] GC(588) Pause Young (Prepare Mixed) (G1 Evacuation Pause) 3627M->1453M(4096M) 117.876ms
[2967.710s][info][gc,cpu         ] GC(588) User=0.71s Sys=0.00s Real=0.12s
... (rIR:aIR:PR = 4981:4981:4981) (tPR = 73887) [OK] 
  2970s: Performance info:
         Transaction,    Success,    Partial,     Failed,   Receipts, AvgBarcode, 
             Overall,     300360,          0,          0,     285349,      59.48, 
         Response times:
             Request,    Success,    Partial,     Failed,   SkipFail,     Probes,    Samples,      min,      p50,      p90,      p95,      p99,      max, 
       TotalPurchase,     285349,          0,          0,          0,     280125,     304129,      300,     4000,     8200,    16400,    51000,   223000,
     InStorePurchase,     150124,          0,          0,          0,     147586,     159977,      300,     3900,     8200,    16300,    51000,   223000,
      OnlinePurchase,     105176,          0,          0,          0,     103203,     112105,      300,     4100,     8300,    16900,    52940,   223000,
        InstPurchase,      30049,          0,          0,          0,      29336,      32047,      400,     3400,     7800,    14900,    48000,   223000,
          AssocOfCat,        301,          0,          0,          0,        236,        327,    22000,    32000,    57000,    73600,   155920,   169000,
      AssocOfProduct,       3003,          0,          0,          0,       2743,       3150,     1000,     5200,    10400,    24000,    65000,   151000,
      BusinessReport,        749,          0,          0,          0,        630,        827,    26000,    36000,    59000,    76000,   128080,   191000,
          CustBuyBeh,       3005,          0,          0,          0,       2856,       3286,      200,     4000,     7830,    15500,    57260,   146000,
       ProductReturn,       7953,          0,          0,          0,       7569,       8456,      300,     3300,     7500,    16000,    43000,   155000,

  2970s: (37%)   IR =   5120 [2971.427s][info][gc,start       ] GC(589) Pause Young (Mixed) (G1 Evacuation Pause)
[2971.427s][info][gc,task        ] GC(589) Using 6 workers of 6 for evacuation
[2971.562s][info][gc,phases      ] GC(589)   Pre Evacuate Collection Set: 0.39ms
[2971.562s][info][gc,phases      ] GC(589)   Merge Heap Roots: 0.77ms
[2971.562s][info][gc,phases      ] GC(589)   Evacuate Collection Set: 132.59ms
[2971.562s][info][gc,phases      ] GC(589)   Post Evacuate Collection Set: 1.02ms
[2971.562s][info][gc,phases      ] GC(589)   Other: 0.09ms
[2971.562s][info][gc,heap        ] GC(589) Eden regions: 1107->0(1119)
[2971.562s][info][gc,heap        ] GC(589) Survivor regions: 110->109(153)
[2971.562s][info][gc,heap        ] GC(589) Old regions: 538->474
[2971.562s][info][gc,heap        ] GC(589) Humongous regions: 80->80
[2971.562s][info][gc,metaspace   ] GC(589) Metaspace: 29009K(29376K)->29009K(29376K) NonClass: 24130K(24256K)->24130K(24256K) Class: 4878K(5120K)->4878K(5120K)
[2971.562s][info][gc             ] GC(589) Pause Young (Mixed) (G1 Evacuation Pause) 3667M->1324M(4096M) 134.989ms
[2971.562s][info][gc,cpu         ] GC(589) User=0.80s Sys=0.00s Real=0.13s
....[2975.101s][info][gc,start       ] GC(590) Pause Young (Concurrent Start) (G1 Evacuation Pause)
[2975.101s][info][gc,task        ] GC(590) Using 6 workers of 6 for evacuation
[2975.220s][info][gc,phases      ] GC(590)   Pre Evacuate Collection Set: 0.43ms
[2975.220s][info][gc,phases      ] GC(590)   Merge Heap Roots: 0.50ms
[2975.220s][info][gc,phases      ] GC(590)   Evacuate Collection Set: 117.22ms
[2975.220s][info][gc,phases      ] GC(590)   Post Evacuate Collection Set: 0.89ms
[2975.220s][info][gc,phases      ] GC(590)   Other: 0.12ms
[2975.220s][info][gc,heap        ] GC(590) Eden regions: 1119->0(1117)
[2975.220s][info][gc,heap        ] GC(590) Survivor regions: 109->111(154)
[2975.220s][info][gc,heap        ] GC(590) Old regions: 474->505
[2975.220s][info][gc,heap        ] GC(590) Humongous regions: 80->80
[2975.220s][info][gc,metaspace   ] GC(590) Metaspace: 29009K(29376K)->29009K(29376K) NonClass: 24130K(24256K)->24130K(24256K) Class: 4878K(5120K)->4878K(5120K)
[2975.220s][info][gc             ] GC(590) Pause Young (Concurrent Start) (G1 Evacuation Pause) 3562M->1390M(4096M) 119.280ms
[2975.220s][info][gc             ] GC(591) Concurrent Mark Cycle
[2975.220s][info][gc,marking     ] GC(591) Concurrent Scan Root Regions
[2975.220s][info][gc,cpu         ] GC(590) User=0.71s Sys=0.00s Real=0.12s
[2975.362s][info][gc,marking     ] GC(591) Concurrent Scan Root Regions 141.269ms
[2975.362s][info][gc,marking     ] GC(591) Concurrent Mark
[2975.362s][info][gc,marking     ] GC(591) Concurrent Mark From Roots
[2975.362s][info][gc,task        ] GC(591) Using 2 workers of 2 for marking
.[2976.017s][info][gc,marking     ] GC(591) Concurrent Mark From Roots 654.889ms
[2976.017s][info][gc,marking     ] GC(591) Concurrent Preclean
[2976.017s][info][gc,marking     ] GC(591) Concurrent Preclean 0.096ms
[2976.017s][info][gc,start       ] GC(591) Pause Remark
[2976.022s][info][gc             ] GC(591) Pause Remark 1938M->1938M(4096M) 4.444ms
[2976.022s][info][gc,cpu         ] GC(591) User=0.02s Sys=0.00s Real=0.00s
[2976.022s][info][gc,marking     ] GC(591) Concurrent Mark 660.341ms
[2976.022s][info][gc,marking     ] GC(591) Concurrent Rebuild Remembered Sets and Scrub Regions
[2976.276s][info][gc,marking     ] GC(591) Concurrent Rebuild Remembered Sets and Scrub Regions 253.746ms
[2976.276s][info][gc,start       ] GC(591) Pause Cleanup
[2976.276s][info][gc             ] GC(591) Pause Cleanup 2117M->2117M(4096M) 0.126ms
[2976.276s][info][gc,cpu         ] GC(591) User=0.00s Sys=0.00s Real=0.00s
[2976.276s][info][gc,marking     ] GC(591) Concurrent Clear Claimed Marks
[2976.276s][info][gc,marking     ] GC(591) Concurrent Clear Claimed Marks 0.053ms
[2976.276s][info][gc,marking     ] GC(591) Concurrent Cleanup for Next Mark
[2976.282s][info][gc,marking     ] GC(591) Concurrent Cleanup for Next Mark 5.992ms
[2976.282s][info][gc             ] GC(591) Concurrent Mark Cycle 1061.962ms
.|..[2978.825s][info][gc,start       ] GC(592) Pause Young (Prepare Mixed) (G1 Evacuation Pause)
[2978.825s][info][gc,task        ] GC(592) Using 6 workers of 6 for evacuation
[2978.944s][info][gc,phases      ] GC(592)   Pre Evacuate Collection Set: 0.37ms
[2978.944s][info][gc,phases      ] GC(592)   Merge Heap Roots: 0.53ms
[2978.944s][info][gc,phases      ] GC(592)   Evacuate Collection Set: 116.89ms
[2978.944s][info][gc,phases      ] GC(592)   Post Evacuate Collection Set: 0.94ms
[2978.944s][info][gc,phases      ] GC(592)   Other: 0.08ms
[2978.944s][info][gc,heap        ] GC(592) Eden regions: 1117->0(1105)
[2978.944s][info][gc,heap        ] GC(592) Survivor regions: 111->111(154)
[2978.944s][info][gc,heap        ] GC(592) Old regions: 505->538
[2978.944s][info][gc,heap        ] GC(592) Humongous regions: 80->80
[2978.944s][info][gc,metaspace   ] GC(592) Metaspace: 29009K(29376K)->29009K(29376K) NonClass: 24130K(24256K)->24130K(24256K) Class: 4878K(5120K)->4878K(5120K)
[2978.944s][info][gc             ] GC(592) Pause Young (Prepare Mixed) (G1 Evacuation Pause) 3624M->1456M(4096M) 118.944ms
[2978.944s][info][gc,cpu         ] GC(592) User=0.71s Sys=0.00s Real=0.12s
...[2982.474s][info][gc,start       ] GC(593) Pause Young (Mixed) (G1 Evacuation Pause)
[2982.474s][info][gc,task        ] GC(593) Using 6 workers of 6 for evacuation
[2982.613s][info][gc,phases      ] GC(593)   Pre Evacuate Collection Set: 0.38ms
[2982.613s][info][gc,phases      ] GC(593)   Merge Heap Roots: 0.77ms
[2982.613s][info][gc,phases      ] GC(593)   Evacuate Collection Set: 136.78ms
[2982.613s][info][gc,phases      ] GC(593)   Post Evacuate Collection Set: 0.97ms
[2982.613s][info][gc,phases      ] GC(593)   Other: 0.09ms
[2982.613s][info][gc,heap        ] GC(593) Eden regions: 1105->0(1115)
[2982.613s][info][gc,heap        ] GC(593) Survivor regions: 111->113(152)
[2982.613s][info][gc,heap        ] GC(593) Old regions: 538->474
[2982.613s][info][gc,heap        ] GC(593) Humongous regions: 80->80
[2982.613s][info][gc,metaspace   ] GC(593) Metaspace: 29009K(29376K)->29009K(29376K) NonClass: 24130K(24256K)->24130K(24256K) Class: 4878K(5120K)->4878K(5120K)
[2982.613s][info][gc             ] GC(593) Pause Young (Mixed) (G1 Evacuation Pause) 3666M->1333M(4096M) 139.117ms
[2982.613s][info][gc,cpu         ] GC(593) User=0.83s Sys=0.00s Real=0.14s
....[2986.104s][info][gc,start       ] GC(594) Pause Young (Concurrent Start) (G1 Evacuation Pause)
[2986.104s][info][gc,task        ] GC(594) Using 6 workers of 6 for evacuation
[2986.220s][info][gc,phases      ] GC(594)   Pre Evacuate Collection Set: 0.38ms
[2986.220s][info][gc,phases      ] GC(594)   Merge Heap Roots: 0.49ms
[2986.220s][info][gc,phases      ] GC(594)   Evacuate Collection Set: 113.97ms
[2986.220s][info][gc,phases      ] GC(594)   Post Evacuate Collection Set: 0.89ms
[2986.220s][info][gc,phases      ] GC(594)   Other: 0.09ms
[2986.220s][info][gc,heap        ] GC(594) Eden regions: 1115->0(1120)
[2986.220s][info][gc,heap        ] GC(594) Survivor regions: 113->108(154)
[2986.220s][info][gc,heap        ] GC(594) Old regions: 474->507
[2986.220s][info][gc,heap        ] GC(594) Humongous regions: 80->80
[2986.220s][info][gc,metaspace   ] GC(594) Metaspace: 29009K(29376K)->29009K(29376K) NonClass: 24130K(24256K)->24130K(24256K) Class: 4878K(5120K)->4878K(5120K)
[2986.220s][info][gc             ] GC(594) Pause Young (Concurrent Start) (G1 Evacuation Pause) 3563M->1388M(4096M) 115.955ms
[2986.220s][info][gc             ] GC(595) Concurrent Mark Cycle
[2986.220s][info][gc,marking     ] GC(595) Concurrent Scan Root Regions
[2986.220s][info][gc,cpu         ] GC(594) User=0.69s Sys=0.00s Real=0.11s
[2986.360s][info][gc,marking     ] GC(595) Concurrent Scan Root Regions 139.760ms
[2986.360s][info][gc,marking     ] GC(595) Concurrent Mark
[2986.360s][info][gc,marking     ] GC(595) Concurrent Mark From Roots
[2986.360s][info][gc,task        ] GC(595) Using 2 workers of 2 for marking
.[2986.968s][info][gc,marking     ] GC(595) Concurrent Mark From Roots 608.799ms
[2986.968s][info][gc,marking     ] GC(595) Concurrent Preclean
[2986.969s][info][gc,marking     ] GC(595) Concurrent Preclean 0.090ms
[2986.969s][info][gc,start       ] GC(595) Pause Remark
[2986.973s][info][gc             ] GC(595) Pause Remark 1881M->1881M(4096M) 4.536ms
[2986.973s][info][gc,cpu         ] GC(595) User=0.02s Sys=0.00s Real=0.01s
[2986.973s][info][gc,marking     ] GC(595) Concurrent Mark 613.670ms
[2986.973s][info][gc,marking     ] GC(595) Concurrent Rebuild Remembered Sets and Scrub Regions
[2987.259s][info][gc,marking     ] GC(595) Concurrent Rebuild Remembered Sets and Scrub Regions 285.833ms
[2987.260s][info][gc,start       ] GC(595) Pause Cleanup
[2987.260s][info][gc             ] GC(595) Pause Cleanup 2070M->2070M(4096M) 0.138ms
[2987.260s][info][gc,cpu         ] GC(595) User=0.00s Sys=0.00s Real=0.00s
[2987.260s][info][gc,marking     ] GC(595) Concurrent Clear Claimed Marks
[2987.260s][info][gc,marking     ] GC(595) Concurrent Clear Claimed Marks 0.026ms
[2987.260s][info][gc,marking     ] GC(595) Concurrent Cleanup for Next Mark
[2987.267s][info][gc,marking     ] GC(595) Concurrent Cleanup for Next Mark 6.942ms
[2987.267s][info][gc             ] GC(595) Concurrent Mark Cycle 1047.330ms
...[2989.832s][info][gc,start       ] GC(596) Pause Young (Prepare Mixed) (G1 Evacuation Pause)
[2989.832s][info][gc,task        ] GC(596) Using 6 workers of 6 for evacuation
[2989.951s][info][gc,phases      ] GC(596)   Pre Evacuate Collection Set: 0.33ms
[2989.951s][info][gc,phases      ] GC(596)   Merge Heap Roots: 0.55ms
[2989.951s][info][gc,phases      ] GC(596)   Evacuate Collection Set: 117.11ms
[2989.951s][info][gc,phases      ] GC(596)   Post Evacuate Collection Set: 0.96ms
[2989.951s][info][gc,phases      ] GC(596)   Other: 0.10ms
[2989.951s][info][gc,heap        ] GC(596) Eden regions: 1120->0(1105)
[2989.951s][info][gc,heap        ] GC(596) Survivor regions: 108->111(154)
[2989.951s][info][gc,heap        ] GC(596) Old regions: 507->538
[2989.951s][info][gc,heap        ] GC(596) Humongous regions: 80->80
[2989.951s][info][gc,metaspace   ] GC(596) Metaspace: 29009K(29376K)->29009K(29376K) NonClass: 24130K(24256K)->24130K(24256K) Class: 4878K(5120K)->4878K(5120K)
[2989.951s][info][gc             ] GC(596) Pause Young (Prepare Mixed) (G1 Evacuation Pause) 3628M->1456M(4096M) 119.174ms
[2989.951s][info][gc,cpu         ] GC(596) User=0.71s Sys=0.00s Real=0.12s
...[2993.584s][info][gc,start       ] GC(597) Pause Young (Mixed) (G1 Evacuation Pause)
[2993.584s][info][gc,task        ] GC(597) Using 6 workers of 6 for evacuation
[2993.723s][info][gc,phases      ] GC(597)   Pre Evacuate Collection Set: 0.39ms
[2993.723s][info][gc,phases      ] GC(597)   Merge Heap Roots: 0.67ms
[2993.723s][info][gc,phases      ] GC(597)   Evacuate Collection Set: 137.29ms
[2993.723s][info][gc,phases      ] GC(597)   Post Evacuate Collection Set: 0.95ms
[2993.723s][info][gc,phases      ] GC(597)   Other: 0.09ms
[2993.723s][info][gc,heap        ] GC(597) Eden regions: 1105->0(1115)
[2993.723s][info][gc,heap        ] GC(597) Survivor regions: 111->113(152)
[2993.723s][info][gc,heap        ] GC(597) Old regions: 538->473
[2993.723s][info][gc,heap        ] GC(597) Humongous regions: 80->80
[2993.723s][info][gc,metaspace   ] GC(597) Metaspace: 29009K(29376K)->29009K(29376K) NonClass: 24130K(24256K)->24130K(24256K) Class: 4878K(5120K)->4878K(5120K)
[2993.723s][info][gc             ] GC(597) Pause Young (Mixed) (G1 Evacuation Pause) 3666M->1330M(4096M) 139.508ms
[2993.723s][info][gc,cpu         ] GC(597) User=0.83s Sys=0.00s Real=0.14s
....[2997.201s][info][gc,start       ] GC(598) Pause Young (Concurrent Start) (G1 Evacuation Pause)
[2997.201s][info][gc,task        ] GC(598) Using 6 workers of 6 for evacuation
[2997.316s][info][gc,phases      ] GC(598)   Pre Evacuate Collection Set: 0.42ms
[2997.316s][info][gc,phases      ] GC(598)   Merge Heap Roots: 0.51ms
[2997.316s][info][gc,phases      ] GC(598)   Evacuate Collection Set: 113.13ms
[2997.316s][info][gc,phases      ] GC(598)   Post Evacuate Collection Set: 0.91ms
[2997.316s][info][gc,phases      ] GC(598)   Other: 0.10ms
[2997.316s][info][gc,heap        ] GC(598) Eden regions: 1115->0(1120)
[2997.316s][info][gc,heap        ] GC(598) Survivor regions: 113->108(154)
[2997.316s][info][gc,heap        ] GC(598) Old regions: 473->506
[2997.316s][info][gc,heap        ] GC(598) Humongous regions: 80->80
[2997.316s][info][gc,metaspace   ] GC(598) Metaspace: 29009K(29376K)->29009K(29376K) NonClass: 24130K(24256K)->24130K(24256K) Class: 4878K(5120K)->4878K(5120K)
[2997.316s][info][gc             ] GC(598) Pause Young (Concurrent Start) (G1 Evacuation Pause) 3560M->1387M(4096M) 115.207ms
[2997.316s][info][gc             ] GC(599) Concurrent Mark Cycle
[2997.316s][info][gc,marking     ] GC(599) Concurrent Scan Root Regions
[2997.316s][info][gc,cpu         ] GC(598) User=0.69s Sys=0.00s Real=0.12s
[2997.488s][info][gc,marking     ] GC(599) Concurrent Scan Root Regions 171.739ms
[2997.488s][info][gc,marking     ] GC(599) Concurrent Mark
[2997.488s][info][gc,marking     ] GC(599) Concurrent Mark From Roots
[2997.488s][info][gc,task        ] GC(599) Using 2 workers of 2 for marking
.[2998.248s][info][gc,marking     ] GC(599) Concurrent Mark From Roots 760.276ms
[2998.248s][info][gc,marking     ] GC(599) Concurrent Preclean
[2998.248s][info][gc,marking     ] GC(599) Concurrent Preclean 0.082ms
[2998.248s][info][gc,start       ] GC(599) Pause Remark
[2998.253s][info][gc             ] GC(599) Pause Remark 2019M->2019M(4096M) 4.779ms
[2998.253s][info][gc,cpu         ] GC(599) User=0.02s Sys=0.00s Real=0.01s
[2998.253s][info][gc,marking     ] GC(599) Concurrent Mark 765.395ms
[2998.253s][info][gc,marking     ] GC(599) Concurrent Rebuild Remembered Sets and Scrub Regions
[2998.545s][info][gc,marking     ] GC(599) Concurrent Rebuild Remembered Sets and Scrub Regions 291.352ms
[2998.545s][info][gc,start       ] GC(599) Pause Cleanup
[2998.545s][info][gc             ] GC(599) Pause Cleanup 2223M->2223M(4096M) 0.113ms
[2998.545s][info][gc,cpu         ] GC(599) User=0.00s Sys=0.00s Real=0.00s
[2998.545s][info][gc,marking     ] GC(599) Concurrent Clear Claimed Marks
[2998.545s][info][gc,marking     ] GC(599) Concurrent Clear Claimed Marks 0.022ms
[2998.545s][info][gc,marking     ] GC(599) Concurrent Cleanup for Next Mark
[2998.548s][info][gc,marking     ] GC(599) Concurrent Cleanup for Next Mark 3.161ms
[2998.548s][info][gc             ] GC(599) Concurrent Mark Cycle 1232.097ms
...[3000.865s][info][gc,start       ] GC(600) Pause Young (Prepare Mixed) (G1 Evacuation Pause)
[3000.865s][info][gc,task        ] GC(600) Using 6 workers of 6 for evacuation
[3000.983s][info][gc,phases      ] GC(600)   Pre Evacuate Collection Set: 0.35ms
[3000.983s][info][gc,phases      ] GC(600)   Merge Heap Roots: 0.55ms
[3000.983s][info][gc,phases      ] GC(600)   Evacuate Collection Set: 116.53ms
[3000.983s][info][gc,phases      ] GC(600)   Post Evacuate Collection Set: 0.97ms
[3000.983s][info][gc,phases      ] GC(600)   Other: 0.09ms
[3000.983s][info][gc,heap        ] GC(600) Eden regions: 1120->0(1108)
[3000.983s][info][gc,heap        ] GC(600) Survivor regions: 108->109(154)
[3000.983s][info][gc,heap        ] GC(600) Old regions: 506->539
[3000.983s][info][gc,heap        ] GC(600) Humongous regions: 80->80
[3000.983s][info][gc,metaspace   ] GC(600) Metaspace: 29009K(29376K)->29009K(29376K) NonClass: 24130K(24256K)->24130K(24256K) Class: 4878K(5120K)->4878K(5120K)
[3000.983s][info][gc             ] GC(600) Pause Young (Prepare Mixed) (G1 Evacuation Pause) 3627M->1454M(4096M) 118.642ms
[3000.983s][info][gc,cpu         ] GC(600) User=0.70s Sys=0.00s Real=0.12s
...[3004.638s][info][gc,start       ] GC(601) Pause Young (Mixed) (G1 Evacuation Pause)
[3004.638s][info][gc,task        ] GC(601) Using 6 workers of 6 for evacuation
[3004.777s][info][gc,phases      ] GC(601)   Pre Evacuate Collection Set: 0.40ms
[3004.777s][info][gc,phases      ] GC(601)   Merge Heap Roots: 0.84ms
[3004.777s][info][gc,phases      ] GC(601)   Evacuate Collection Set: 136.09ms
[3004.777s][info][gc,phases      ] GC(601)   Post Evacuate Collection Set: 0.99ms
[3004.777s][info][gc,phases      ] GC(601)   Other: 0.09ms
[3004.777s][info][gc,heap        ] GC(601) Eden regions: 1108->0(1117)
[3004.777s][info][gc,heap        ] GC(601) Survivor regions: 109->111(153)
[3004.777s][info][gc,heap        ] GC(601) Old regions: 539->476
[3004.777s][info][gc,heap        ] GC(601) Humongous regions: 80->80
[3004.777s][info][gc,metaspace   ] GC(601) Metaspace: 29009K(29376K)->29009K(29376K) NonClass: 24130K(24256K)->24130K(24256K) Class: 4878K(5120K)->4878K(5120K)
[3004.777s][info][gc             ] GC(601) Pause Young (Mixed) (G1 Evacuation Pause) 3670M->1333M(4096M) 138.574ms
[3004.777s][info][gc,cpu         ] GC(601) User=0.83s Sys=0.00s Real=0.14s
....[3008.251s][info][gc,start       ] GC(602) Pause Young (Concurrent Start) (G1 Evacuation Pause)
[3008.251s][info][gc,task        ] GC(602) Using 6 workers of 6 for evacuation
[3008.371s][info][gc,phases      ] GC(602)   Pre Evacuate Collection Set: 0.39ms
[3008.371s][info][gc,phases      ] GC(602)   Merge Heap Roots: 0.57ms
[3008.371s][info][gc,phases      ] GC(602)   Evacuate Collection Set: 118.15ms
[3008.371s][info][gc,phases      ] GC(602)   Post Evacuate Collection Set: 0.91ms
[3008.371s][info][gc,phases      ] GC(602)   Other: 0.12ms
[3008.371s][info][gc,heap        ] GC(602) Eden regions: 1117->0(1117)
[3008.371s][info][gc,heap        ] GC(602) Survivor regions: 111->111(154)
[3008.371s][info][gc,heap        ] GC(602) Old regions: 476->508
[3008.371s][info][gc,heap        ] GC(602) Humongous regions: 80->80
[3008.371s][info][gc,metaspace   ] GC(602) Metaspace: 29009K(29376K)->29009K(29376K) NonClass: 24130K(24256K)->24130K(24256K) Class: 4878K(5120K)->4878K(5120K)
[3008.371s][info][gc             ] GC(602) Pause Young (Concurrent Start) (G1 Evacuation Pause) 3567M->1397M(4096M) 120.279ms
[3008.371s][info][gc             ] GC(603) Concurrent Mark Cycle
[3008.371s][info][gc,marking     ] GC(603) Concurrent Scan Root Regions
[3008.371s][info][gc,cpu         ] GC(602) User=0.72s Sys=0.00s Real=0.12s
[3008.549s][info][gc,marking     ] GC(603) Concurrent Scan Root Regions 178.539ms
[3008.550s][info][gc,marking     ] GC(603) Concurrent Mark
[3008.550s][info][gc,marking     ] GC(603) Concurrent Mark From Roots
[3008.550s][info][gc,task        ] GC(603) Using 2 workers of 2 for marking
.[3009.268s][info][gc,marking     ] GC(603) Concurrent Mark From Roots 718.523ms
[3009.268s][info][gc,marking     ] GC(603) Concurrent Preclean
[3009.268s][info][gc,marking     ] GC(603) Concurrent Preclean 0.121ms
[3009.270s][info][gc,start       ] GC(603) Pause Remark
[3009.274s][info][gc             ] GC(603) Pause Remark 1997M->1997M(4096M) 4.279ms
[3009.274s][info][gc,cpu         ] GC(603) User=0.02s Sys=0.00s Real=0.01s
[3009.276s][info][gc,marking     ] GC(603) Concurrent Mark 726.273ms
[3009.276s][info][gc,marking     ] GC(603) Concurrent Rebuild Remembered Sets and Scrub Regions
[3009.551s][info][gc,marking     ] GC(603) Concurrent Rebuild Remembered Sets and Scrub Regions 275.501ms
[3009.551s][info][gc,start       ] GC(603) Pause Cleanup
[3009.552s][info][gc             ] GC(603) Pause Cleanup 2175M->2175M(4096M) 0.120ms
[3009.552s][info][gc,cpu         ] GC(603) User=0.00s Sys=0.00s Real=0.00s
[3009.552s][info][gc,marking     ] GC(603) Concurrent Clear Claimed Marks
[3009.552s][info][gc,marking     ] GC(603) Concurrent Clear Claimed Marks 0.031ms
[3009.552s][info][gc,marking     ] GC(603) Concurrent Cleanup for Next Mark
[3009.555s][info][gc,marking     ] GC(603) Concurrent Cleanup for Next Mark 3.483ms
[3009.555s][info][gc             ] GC(603) Concurrent Mark Cycle 1184.342ms
...[3012.010s][info][gc,start       ] GC(604) Pause Young (Prepare Mixed) (G1 Evacuation Pause)
[3012.010s][info][gc,task        ] GC(604) Using 6 workers of 6 for evacuation
[3012.126s][info][gc,phases      ] GC(604)   Pre Evacuate Collection Set: 0.33ms
[3012.126s][info][gc,phases      ] GC(604)   Merge Heap Roots: 0.54ms
[3012.126s][info][gc,phases      ] GC(604)   Evacuate Collection Set: 114.36ms
[3012.126s][info][gc,phases      ] GC(604)   Post Evacuate Collection Set: 0.95ms
[3012.126s][info][gc,phases      ] GC(604)   Other: 0.08ms
[3012.126s][info][gc,heap        ] GC(604) Eden regions: 1117->0(1111)
[3012.126s][info][gc,heap        ] GC(604) Survivor regions: 111->107(154)
[3012.126s][info][gc,heap        ] GC(604) Old regions: 508->540
[3012.126s][info][gc,heap        ] GC(604) Humongous regions: 80->80
[3012.126s][info][gc,metaspace   ] GC(604) Metaspace: 29009K(29376K)->29009K(29376K) NonClass: 24130K(24256K)->24130K(24256K) Class: 4878K(5120K)->4878K(5120K)
[3012.126s][info][gc             ] GC(604) Pause Young (Prepare Mixed) (G1 Evacuation Pause) 3631M->1453M(4096M) 116.408ms
[3012.126s][info][gc,cpu         ] GC(604) User=0.69s Sys=0.00s Real=0.12s
...[3015.669s][info][gc,start       ] GC(605) Pause Young (Mixed) (G1 Evacuation Pause)
[3015.669s][info][gc,task        ] GC(605) Using 6 workers of 6 for evacuation
[3015.801s][info][gc,phases      ] GC(605)   Pre Evacuate Collection Set: 0.39ms
[3015.801s][info][gc,phases      ] GC(605)   Merge Heap Roots: 0.69ms
[3015.801s][info][gc,phases      ] GC(605)   Evacuate Collection Set: 129.46ms
[3015.801s][info][gc,phases      ] GC(605)   Post Evacuate Collection Set: 0.98ms
[3015.801s][info][gc,phases      ] GC(605)   Other: 0.09ms
[3015.801s][info][gc,heap        ] GC(605) Eden regions: 1111->0(1118)
[3015.801s][info][gc,heap        ] GC(605) Survivor regions: 107->110(153)
[3015.801s][info][gc,heap        ] GC(605) Old regions: 540->474
[3015.801s][info][gc,heap        ] GC(605) Humongous regions: 80->80
[3015.801s][info][gc,metaspace   ] GC(605) Metaspace: 29009K(29376K)->29009K(29376K) NonClass: 24130K(24256K)->24130K(24256K) Class: 4878K(5120K)->4878K(5120K)
[3015.801s][info][gc             ] GC(605) Pause Young (Mixed) (G1 Evacuation Pause) 3675M->1326M(4096M) 131.752ms
[3015.801s][info][gc,cpu         ] GC(605) User=0.78s Sys=0.00s Real=0.13s
....[3019.382s][info][gc,start       ] GC(606) Pause Young (Concurrent Start) (G1 Evacuation Pause)
[3019.382s][info][gc,task        ] GC(606) Using 6 workers of 6 for evacuation
[3019.499s][info][gc,phases      ] GC(606)   Pre Evacuate Collection Set: 0.42ms
[3019.499s][info][gc,phases      ] GC(606)   Merge Heap Roots: 0.50ms
[3019.499s][info][gc,phases      ] GC(606)   Evacuate Collection Set: 114.87ms
[3019.499s][info][gc,phases      ] GC(606)   Post Evacuate Collection Set: 0.89ms
[3019.499s][info][gc,phases      ] GC(606)   Other: 0.12ms
[3019.499s][info][gc,heap        ] GC(606) Eden regions: 1118->0(1119)
[3019.499s][info][gc,heap        ] GC(606) Survivor regions: 110->109(154)
[3019.499s][info][gc,heap        ] GC(606) Old regions: 474->506
[3019.499s][info][gc,heap        ] GC(606) Humongous regions: 80->80
[3019.499s][info][gc,metaspace   ] GC(606) Metaspace: 29009K(29376K)->29009K(29376K) NonClass: 24130K(24256K)->24130K(24256K) Class: 4878K(5120K)->4878K(5120K)
[3019.499s][info][gc             ] GC(606) Pause Young (Concurrent Start) (G1 Evacuation Pause) 3562M->1389M(4096M) 116.925ms
[3019.499s][info][gc             ] GC(607) Concurrent Mark Cycle
[3019.499s][info][gc,marking     ] GC(607) Concurrent Scan Root Regions
[3019.499s][info][gc,cpu         ] GC(606) User=0.70s Sys=0.00s Real=0.12s
[3019.679s][info][gc,marking     ] GC(607) Concurrent Scan Root Regions 180.108ms
[3019.679s][info][gc,marking     ] GC(607) Concurrent Mark
[3019.679s][info][gc,marking     ] GC(607) Concurrent Mark From Roots
[3019.679s][info][gc,task        ] GC(607) Using 2 workers of 2 for marking
.[3020.444s][info][gc,marking     ] GC(607) Concurrent Mark From Roots 764.836ms
[3020.444s][info][gc,marking     ] GC(607) Concurrent Preclean
[3020.444s][info][gc,marking     ] GC(607) Concurrent Preclean 0.087ms
[3020.444s][info][gc,start       ] GC(607) Pause Remark
[3020.449s][info][gc             ] GC(607) Pause Remark 2040M->2040M(4096M) 4.723ms
[3020.449s][info][gc,cpu         ] GC(607) User=0.02s Sys=0.00s Real=0.00s
[3020.449s][info][gc,marking     ] GC(607) Concurrent Mark 769.951ms
[3020.449s][info][gc,marking     ] GC(607) Concurrent Rebuild Remembered Sets and Scrub Regions
[3020.722s][info][gc,marking     ] GC(607) Concurrent Rebuild Remembered Sets and Scrub Regions 273.151ms
[3020.724s][info][gc,start       ] GC(607) Pause Cleanup
[3020.724s][info][gc             ] GC(607) Pause Cleanup 2205M->2205M(4096M) 0.149ms
[3020.724s][info][gc,cpu         ] GC(607) User=0.00s Sys=0.00s Real=0.00s
[3020.724s][info][gc,marking     ] GC(607) Concurrent Clear Claimed Marks
[3020.724s][info][gc,marking     ] GC(607) Concurrent Clear Claimed Marks 0.035ms
[3020.724s][info][gc,marking     ] GC(607) Concurrent Cleanup for Next Mark
[3020.731s][info][gc,marking     ] GC(607) Concurrent Cleanup for Next Mark 6.564ms
[3020.731s][info][gc             ] GC(607) Concurrent Mark Cycle 1231.863ms
...[3023.087s][info][gc,start       ] GC(608) Pause Young (Prepare Mixed) (G1 Evacuation Pause)
[3023.087s][info][gc,task        ] GC(608) Using 6 workers of 6 for evacuation
[3023.203s][info][gc,phases      ] GC(608)   Pre Evacuate Collection Set: 0.32ms
[3023.203s][info][gc,phases      ] GC(608)   Merge Heap Roots: 0.55ms
[3023.203s][info][gc,phases      ] GC(608)   Evacuate Collection Set: 114.24ms
[3023.203s][info][gc,phases      ] GC(608)   Post Evacuate Collection Set: 0.92ms
[3023.203s][info][gc,phases      ] GC(608)   Other: 0.09ms
[3023.203s][info][gc,heap        ] GC(608) Eden regions: 1119->0(1109)
[3023.203s][info][gc,heap        ] GC(608) Survivor regions: 109->109(154)
[3023.203s][info][gc,heap        ] GC(608) Old regions: 506->538
[3023.203s][info][gc,heap        ] GC(608) Humongous regions: 80->80
[3023.203s][info][gc,metaspace   ] GC(608) Metaspace: 29009K(29376K)->29009K(29376K) NonClass: 24130K(24256K)->24130K(24256K) Class: 4878K(5120K)->4878K(5120K)
[3023.203s][info][gc             ] GC(608) Pause Young (Prepare Mixed) (G1 Evacuation Pause) 3627M->1451M(4096M) 116.255ms
[3023.203s][info][gc,cpu         ] GC(608) User=0.69s Sys=0.00s Real=0.12s
...[3026.729s][info][gc,start       ] GC(609) Pause Young (Mixed) (G1 Evacuation Pause)
[3026.729s][info][gc,task        ] GC(609) Using 6 workers of 6 for evacuation
[3026.865s][info][gc,phases      ] GC(609)   Pre Evacuate Collection Set: 0.38ms
[3026.865s][info][gc,phases      ] GC(609)   Merge Heap Roots: 0.67ms
[3026.865s][info][gc,phases      ] GC(609)   Evacuate Collection Set: 133.59ms
[3026.865s][info][gc,phases      ] GC(609)   Post Evacuate Collection Set: 0.97ms
[3026.865s][info][gc,phases      ] GC(609)   Other: 0.09ms
[3026.865s][info][gc,heap        ] GC(609) Eden regions: 1109->0(1117)
[3026.865s][info][gc,heap        ] GC(609) Survivor regions: 109->111(153)
[3026.865s][info][gc,heap        ] GC(609) Old regions: 538->474
[3026.865s][info][gc,heap        ] GC(609) Humongous regions: 80->80
[3026.865s][info][gc,metaspace   ] GC(609) Metaspace: 29009K(29376K)->29009K(29376K) NonClass: 24130K(24256K)->24130K(24256K) Class: 4878K(5120K)->4878K(5120K)
[3026.865s][info][gc             ] GC(609) Pause Young (Mixed) (G1 Evacuation Pause) 3669M->1328M(4096M) 135.828ms
[3026.865s][info][gc,cpu         ] GC(609) User=0.80s Sys=0.00s Real=0.14s
....[3030.426s][info][gc,start       ] GC(610) Pause Young (Concurrent Start) (G1 Evacuation Pause)
[3030.426s][info][gc,task        ] GC(610) Using 6 workers of 6 for evacuation
[3030.548s][info][gc,phases      ] GC(610)   Pre Evacuate Collection Set: 0.36ms
[3030.548s][info][gc,phases      ] GC(610)   Merge Heap Roots: 0.51ms
[3030.549s][info][gc,phases      ] GC(610)   Evacuate Collection Set: 120.85ms
[3030.549s][info][gc,phases      ] GC(610)   Post Evacuate Collection Set: 0.89ms
[3030.549s][info][gc,phases      ] GC(610)   Other: 0.10ms
[3030.549s][info][gc,heap        ] GC(610) Eden regions: 1117->0(1114)
[3030.549s][info][gc,heap        ] GC(610) Survivor regions: 111->114(154)
[3030.549s][info][gc,heap        ] GC(610) Old regions: 474->506
[3030.549s][info][gc,heap        ] GC(610) Humongous regions: 80->80
[3030.549s][info][gc,metaspace   ] GC(610) Metaspace: 29009K(29376K)->29009K(29376K) NonClass: 24130K(24256K)->24130K(24256K) Class: 4878K(5120K)->4878K(5120K)
[3030.549s][info][gc             ] GC(610) Pause Young (Concurrent Start) (G1 Evacuation Pause) 3562M->1398M(4096M) 122.825ms
[3030.549s][info][gc             ] GC(611) Concurrent Mark Cycle
[3030.549s][info][gc,marking     ] GC(611) Concurrent Scan Root Regions
[3030.549s][info][gc,cpu         ] GC(610) User=0.72s Sys=0.00s Real=0.12s
[3030.731s][info][gc,marking     ] GC(611) Concurrent Scan Root Regions 182.737ms
[3030.731s][info][gc,marking     ] GC(611) Concurrent Mark
[3030.731s][info][gc,marking     ] GC(611) Concurrent Mark From Roots
[3030.731s][info][gc,task        ] GC(611) Using 2 workers of 2 for marking
.[3031.562s][info][gc,marking     ] GC(611) Concurrent Mark From Roots 830.795ms
[3031.562s][info][gc,marking     ] GC(611) Concurrent Preclean
[3031.562s][info][gc,marking     ] GC(611) Concurrent Preclean 0.084ms
[3031.562s][info][gc,start       ] GC(611) Pause Remark
[3031.566s][info][gc             ] GC(611) Pause Remark 2064M->2064M(4096M) 3.823ms
[3031.566s][info][gc,cpu         ] GC(611) User=0.02s Sys=0.00s Real=0.00s
[3031.566s][info][gc,marking     ] GC(611) Concurrent Mark 834.963ms
[3031.566s][info][gc,marking     ] GC(611) Concurrent Rebuild Remembered Sets and Scrub Regions
[3031.818s][info][gc,marking     ] GC(611) Concurrent Rebuild Remembered Sets and Scrub Regions 251.485ms
[3031.818s][info][gc,start       ] GC(611) Pause Cleanup
[3031.818s][info][gc             ] GC(611) Pause Cleanup 2235M->2235M(4096M) 0.130ms
[3031.818s][info][gc,cpu         ] GC(611) User=0.00s Sys=0.00s Real=0.00s
[3031.818s][info][gc,marking     ] GC(611) Concurrent Clear Claimed Marks
[3031.818s][info][gc,marking     ] GC(611) Concurrent Clear Claimed Marks 0.027ms
[3031.818s][info][gc,marking     ] GC(611) Concurrent Cleanup for Next Mark
[3031.829s][info][gc,marking     ] GC(611) Concurrent Cleanup for Next Mark 11.147ms
[3031.830s][info][gc             ] GC(611) Concurrent Mark Cycle 1280.927ms
...[3034.144s][info][gc,start       ] GC(612) Pause Young (Prepare Mixed) (G1 Evacuation Pause)
[3034.144s][info][gc,task        ] GC(612) Using 6 workers of 6 for evacuation
[3034.264s][info][gc,phases      ] GC(612)   Pre Evacuate Collection Set: 0.32ms
[3034.264s][info][gc,phases      ] GC(612)   Merge Heap Roots: 0.56ms
[3034.264s][info][gc,phases      ] GC(612)   Evacuate Collection Set: 117.57ms
[3034.264s][info][gc,phases      ] GC(612)   Post Evacuate Collection Set: 0.94ms
[3034.264s][info][gc,phases      ] GC(612)   Other: 0.09ms
[3034.264s][info][gc,heap        ] GC(612) Eden regions: 1114->0(1107)
[3034.264s][info][gc,heap        ] GC(612) Survivor regions: 114->110(154)
[3034.264s][info][gc,heap        ] GC(612) Old regions: 506->538
[3034.264s][info][gc,heap        ] GC(612) Humongous regions: 80->80
[3034.264s][info][gc,metaspace   ] GC(612) Metaspace: 29009K(29376K)->29009K(29376K) NonClass: 24130K(24256K)->24130K(24256K) Class: 4878K(5120K)->4878K(5120K)
[3034.264s][info][gc             ] GC(612) Pause Young (Prepare Mixed) (G1 Evacuation Pause) 3626M->1455M(4096M) 119.622ms
[3034.264s][info][gc,cpu         ] GC(612) User=0.71s Sys=0.00s Real=0.12s
... (rIR:aIR:PR = 5120:5120:5120) (tPR = 76418) [OK] 
  3036s: Performance info:
         Transaction,    Success,    Partial,     Failed,   Receipts, AvgBarcode, 
             Overall,     308528,          0,          0,     293101,      59.47, 
         Response times:
             Request,    Success,    Partial,     Failed,   SkipFail,     Probes,    Samples,      min,      p50,      p90,      p95,      p99,      max, 
       TotalPurchase,     293101,          0,          0,          0,     286318,     317656,      300,     4000,     8200,    15400,    62000,   223000,
     InStorePurchase,     154276,          0,          0,          0,     151040,     167250,      300,     4000,     8300,    15700,    63000,   217000,
      OnlinePurchase,     107997,          0,          0,          0,     105363,     117030,      300,     4000,     8100,    15300,    63000,   223000,
        InstPurchase,      30828,          0,          0,          0,      29915,      33376,      400,     4000,     8000,    14600,    58000,   217000,
          AssocOfCat,        307,          0,          0,          0,        231,        319,    25000,    33000,    53000,    72000,   111200,   184000,
      AssocOfProduct,       3086,          0,          0,          0,       2855,       3366,      600,     4800,     8700,    18360,    69000,   147000,
      BusinessReport,        768,          0,          0,          0,        674,        855,    25000,    36000,    60000,    83000,   166880,   259000,
          CustBuyBeh,       3092,          0,          0,          0,       2909,       3446,      200,     3600,     8000,    14065,    68000,   147000,
       ProductReturn,       8174,          0,          0,          0,       7767,       8864,      300,     4100,     8100,    15500,    61000,   157000,

  3036s: (38%)   IR =   5258 [3037.768s][info][gc,start       ] GC(613) Pause Young (Mixed) (G1 Evacuation Pause)
[3037.768s][info][gc,task        ] GC(613) Using 6 workers of 6 for evacuation
[3037.902s][info][gc,phases      ] GC(613)   Pre Evacuate Collection Set: 0.35ms
[3037.902s][info][gc,phases      ] GC(613)   Merge Heap Roots: 0.73ms
[3037.902s][info][gc,phases      ] GC(613)   Evacuate Collection Set: 131.75ms
[3037.902s][info][gc,phases      ] GC(613)   Post Evacuate Collection Set: 1.03ms
[3037.902s][info][gc,phases      ] GC(613)   Other: 0.09ms
[3037.902s][info][gc,heap        ] GC(613) Eden regions: 1107->0(1118)
[3037.902s][info][gc,heap        ] GC(613) Survivor regions: 110->110(153)
[3037.902s][info][gc,heap        ] GC(613) Old regions: 538->476
[3037.902s][info][gc,heap        ] GC(613) Humongous regions: 80->80
[3037.902s][info][gc,metaspace   ] GC(613) Metaspace: 29009K(29376K)->29009K(29376K) NonClass: 24130K(24256K)->24130K(24256K) Class: 4878K(5120K)->4878K(5120K)
[3037.902s][info][gc             ] GC(613) Pause Young (Mixed) (G1 Evacuation Pause) 3669M->1330M(4096M) 134.070ms
[3037.902s][info][gc,cpu         ] GC(613) User=0.80s Sys=0.00s Real=0.13s
....[3041.354s][info][gc,start       ] GC(614) Pause Young (Concurrent Start) (G1 Evacuation Pause)
[3041.354s][info][gc,task        ] GC(614) Using 6 workers of 6 for evacuation
[3041.472s][info][gc,phases      ] GC(614)   Pre Evacuate Collection Set: 0.42ms
[3041.472s][info][gc,phases      ] GC(614)   Merge Heap Roots: 0.53ms
[3041.472s][info][gc,phases      ] GC(614)   Evacuate Collection Set: 115.49ms
[3041.472s][info][gc,phases      ] GC(614)   Post Evacuate Collection Set: 0.97ms
[3041.472s][info][gc,phases      ] GC(614)   Other: 0.12ms
[3041.472s][info][gc,heap        ] GC(614) Eden regions: 1118->0(1120)
[3041.472s][info][gc,heap        ] GC(614) Survivor regions: 110->108(154)
[3041.472s][info][gc,heap        ] GC(614) Old regions: 476->507
[3041.472s][info][gc,heap        ] GC(614) Humongous regions: 80->80
[3041.472s][info][gc,metaspace   ] GC(614) Metaspace: 29009K(29376K)->29009K(29376K) NonClass: 24130K(24256K)->24130K(24256K) Class: 4878K(5120K)->4878K(5120K)
[3041.472s][info][gc             ] GC(614) Pause Young (Concurrent Start) (G1 Evacuation Pause) 3566M->1389M(4096M) 117.654ms
[3041.472s][info][gc             ] GC(615) Concurrent Mark Cycle
[3041.472s][info][gc,cpu         ] GC(614) User=0.70s Sys=0.00s Real=0.11s
[3041.472s][info][gc,marking     ] GC(615) Concurrent Scan Root Regions
[3041.639s][info][gc,marking     ] GC(615) Concurrent Scan Root Regions 167.623ms
[3041.639s][info][gc,marking     ] GC(615) Concurrent Mark
[3041.639s][info][gc,marking     ] GC(615) Concurrent Mark From Roots
[3041.639s][info][gc,task        ] GC(615) Using 2 workers of 2 for marking
.[3042.289s][info][gc,marking     ] GC(615) Concurrent Mark From Roots 649.954ms
[3042.289s][info][gc,marking     ] GC(615) Concurrent Preclean
[3042.289s][info][gc,marking     ] GC(615) Concurrent Preclean 0.080ms
[3042.289s][info][gc,start       ] GC(615) Pause Remark
[3042.293s][info][gc             ] GC(615) Pause Remark 1957M->1957M(4096M) 3.205ms
[3042.293s][info][gc,cpu         ] GC(615) User=0.02s Sys=0.00s Real=0.01s
[3042.293s][info][gc,marking     ] GC(615) Concurrent Mark 653.492ms
[3042.293s][info][gc,marking     ] GC(615) Concurrent Rebuild Remembered Sets and Scrub Regions
[3042.532s][info][gc,marking     ] GC(615) Concurrent Rebuild Remembered Sets and Scrub Regions 239.403ms
[3042.532s][info][gc,start       ] GC(615) Pause Cleanup
[3042.532s][info][gc             ] GC(615) Pause Cleanup 2114M->2114M(4096M) 0.119ms
[3042.532s][info][gc,cpu         ] GC(615) User=0.00s Sys=0.00s Real=0.01s
[3042.533s][info][gc,marking     ] GC(615) Concurrent Clear Claimed Marks
[3042.533s][info][gc,marking     ] GC(615) Concurrent Clear Claimed Marks 0.032ms
[3042.533s][info][gc,marking     ] GC(615) Concurrent Cleanup for Next Mark
[3042.536s][info][gc,marking     ] GC(615) Concurrent Cleanup for Next Mark 3.422ms
[3042.536s][info][gc             ] GC(615) Concurrent Mark Cycle 1064.424ms
...[3044.998s][info][gc,start       ] GC(616) Pause Young (Prepare Mixed) (G1 Evacuation Pause)
[3044.998s][info][gc,task        ] GC(616) Using 6 workers of 6 for evacuation
[3045.118s][info][gc,phases      ] GC(616)   Pre Evacuate Collection Set: 0.33ms
[3045.118s][info][gc,phases      ] GC(616)   Merge Heap Roots: 0.52ms
[3045.118s][info][gc,phases      ] GC(616)   Evacuate Collection Set: 117.28ms
[3045.118s][info][gc,phases      ] GC(616)   Post Evacuate Collection Set: 0.98ms
[3045.118s][info][gc,phases      ] GC(616)   Other: 0.09ms
[3045.118s][info][gc,heap        ] GC(616) Eden regions: 1120->0(1108)
[3045.118s][info][gc,heap        ] GC(616) Survivor regions: 108->109(154)
[3045.118s][info][gc,heap        ] GC(616) Old regions: 507->539
[3045.118s][info][gc,heap        ] GC(616) Humongous regions: 80->80
[3045.118s][info][gc,metaspace   ] GC(616) Metaspace: 29009K(29376K)->29009K(29376K) NonClass: 24130K(24256K)->24130K(24256K) Class: 4878K(5120K)->4878K(5120K)
[3045.118s][info][gc             ] GC(616) Pause Young (Prepare Mixed) (G1 Evacuation Pause) 3629M->1455M(4096M) 119.348ms
[3045.118s][info][gc,cpu         ] GC(616) User=0.71s Sys=0.00s Real=0.12s
...[3048.569s][info][gc,start       ] GC(617) Pause Young (Mixed) (G1 Evacuation Pause)
[3048.569s][info][gc,task        ] GC(617) Using 6 workers of 6 for evacuation
[3048.702s][info][gc,phases      ] GC(617)   Pre Evacuate Collection Set: 0.41ms
[3048.702s][info][gc,phases      ] GC(617)   Merge Heap Roots: 0.65ms
[3048.702s][info][gc,phases      ] GC(617)   Evacuate Collection Set: 130.75ms
[3048.702s][info][gc,phases      ] GC(617)   Post Evacuate Collection Set: 1.00ms
[3048.702s][info][gc,phases      ] GC(617)   Other: 0.09ms
[3048.702s][info][gc,heap        ] GC(617) Eden regions: 1108->0(1118)
[3048.702s][info][gc,heap        ] GC(617) Survivor regions: 109->110(153)
[3048.702s][info][gc,heap        ] GC(617) Old regions: 539->474
[3048.702s][info][gc,heap        ] GC(617) Humongous regions: 80->80
[3048.702s][info][gc,metaspace   ] GC(617) Metaspace: 29009K(29376K)->29009K(29376K) NonClass: 24130K(24256K)->24130K(24256K) Class: 4878K(5120K)->4878K(5120K)
[3048.702s][info][gc             ] GC(617) Pause Young (Mixed) (G1 Evacuation Pause) 3671M->1326M(4096M) 133.025ms
[3048.702s][info][gc,cpu         ] GC(617) User=0.79s Sys=0.00s Real=0.13s
....|[3052.160s][info][gc,start       ] GC(618) Pause Young (Concurrent Start) (G1 Evacuation Pause)
[3052.160s][info][gc,task        ] GC(618) Using 6 workers of 6 for evacuation
[3052.282s][info][gc,phases      ] GC(618)   Pre Evacuate Collection Set: 0.37ms
[3052.282s][info][gc,phases      ] GC(618)   Merge Heap Roots: 0.49ms
[3052.282s][info][gc,phases      ] GC(618)   Evacuate Collection Set: 119.91ms
[3052.282s][info][gc,phases      ] GC(618)   Post Evacuate Collection Set: 0.83ms
[3052.282s][info][gc,phases      ] GC(618)   Other: 0.11ms
[3052.282s][info][gc,heap        ] GC(618) Eden regions: 1118->0(1117)
[3052.282s][info][gc,heap        ] GC(618) Survivor regions: 110->111(154)
[3052.282s][info][gc,heap        ] GC(618) Old regions: 474->506
[3052.282s][info][gc,heap        ] GC(618) Humongous regions: 80->80
[3052.282s][info][gc,metaspace   ] GC(618) Metaspace: 29009K(29376K)->29009K(29376K) NonClass: 24130K(24256K)->24130K(24256K) Class: 4878K(5120K)->4878K(5120K)
[3052.282s][info][gc             ] GC(618) Pause Young (Concurrent Start) (G1 Evacuation Pause) 3562M->1392M(4096M) 121.836ms
[3052.282s][info][gc             ] GC(619) Concurrent Mark Cycle
[3052.282s][info][gc,marking     ] GC(619) Concurrent Scan Root Regions
[3052.282s][info][gc,cpu         ] GC(618) User=0.73s Sys=0.00s Real=0.12s
[3052.424s][info][gc,marking     ] GC(619) Concurrent Scan Root Regions 141.998ms
[3052.424s][info][gc,marking     ] GC(619) Concurrent Mark
[3052.424s][info][gc,marking     ] GC(619) Concurrent Mark From Roots
[3052.424s][info][gc,task        ] GC(619) Using 2 workers of 2 for marking
.[3053.082s][info][gc,marking     ] GC(619) Concurrent Mark From Roots 657.700ms
[3053.082s][info][gc,marking     ] GC(619) Concurrent Preclean
[3053.082s][info][gc,marking     ] GC(619) Concurrent Preclean 0.103ms
[3053.082s][info][gc,start       ] GC(619) Pause Remark
[3053.086s][info][gc             ] GC(619) Pause Remark 1988M->1988M(4096M) 4.209ms
[3053.086s][info][gc,cpu         ] GC(619) User=0.02s Sys=0.00s Real=0.01s
[3053.086s][info][gc,marking     ] GC(619) Concurrent Mark 662.279ms
[3053.086s][info][gc,marking     ] GC(619) Concurrent Rebuild Remembered Sets and Scrub Regions
[3053.322s][info][gc,marking     ] GC(619) Concurrent Rebuild Remembered Sets and Scrub Regions 235.063ms
[3053.322s][info][gc,start       ] GC(619) Pause Cleanup
[3053.322s][info][gc             ] GC(619) Pause Cleanup 2128M->2128M(4096M) 0.119ms
[3053.322s][info][gc,cpu         ] GC(619) User=0.00s Sys=0.00s Real=0.00s
[3053.322s][info][gc,marking     ] GC(619) Concurrent Clear Claimed Marks
[3053.322s][info][gc,marking     ] GC(619) Concurrent Clear Claimed Marks 0.025ms
[3053.322s][info][gc,marking     ] GC(619) Concurrent Cleanup for Next Mark
[3053.325s][info][gc,marking     ] GC(619) Concurrent Cleanup for Next Mark 3.173ms
[3053.325s][info][gc             ] GC(619) Concurrent Mark Cycle 1043.008ms
..[3055.766s][info][gc,start       ] GC(620) Pause Young (Prepare Mixed) (G1 Evacuation Pause)
[3055.766s][info][gc,task        ] GC(620) Using 6 workers of 6 for evacuation
[3055.891s][info][gc,phases      ] GC(620)   Pre Evacuate Collection Set: 0.34ms
[3055.891s][info][gc,phases      ] GC(620)   Merge Heap Roots: 0.55ms
[3055.891s][info][gc,phases      ] GC(620)   Evacuate Collection Set: 122.92ms
[3055.891s][info][gc,phases      ] GC(620)   Post Evacuate Collection Set: 1.00ms
[3055.891s][info][gc,phases      ] GC(620)   Other: 0.08ms
[3055.891s][info][gc,heap        ] GC(620) Eden regions: 1117->0(1101)
[3055.891s][info][gc,heap        ] GC(620) Survivor regions: 111->113(154)
[3055.891s][info][gc,heap        ] GC(620) Old regions: 506->538
[3055.891s][info][gc,heap        ] GC(620) Humongous regions: 80->80
[3055.891s][info][gc,metaspace   ] GC(620) Metaspace: 29009K(29376K)->29009K(29376K) NonClass: 24130K(24256K)->24130K(24256K) Class: 4878K(5120K)->4878K(5120K)
[3055.891s][info][gc             ] GC(620) Pause Young (Prepare Mixed) (G1 Evacuation Pause) 3626M->1460M(4096M) 125.022ms
[3055.891s][info][gc,cpu         ] GC(620) User=0.74s Sys=0.00s Real=0.12s
....[3059.273s][info][gc,start       ] GC(621) Pause Young (Mixed) (G1 Evacuation Pause)
[3059.274s][info][gc,task        ] GC(621) Using 6 workers of 6 for evacuation
[3059.404s][info][gc,phases      ] GC(621)   Pre Evacuate Collection Set: 0.36ms
[3059.404s][info][gc,phases      ] GC(621)   Merge Heap Roots: 0.66ms
[3059.404s][info][gc,phases      ] GC(621)   Evacuate Collection Set: 128.49ms
[3059.404s][info][gc,phases      ] GC(621)   Post Evacuate Collection Set: 0.97ms
[3059.404s][info][gc,phases      ] GC(621)   Other: 0.09ms
[3059.404s][info][gc,heap        ] GC(621) Eden regions: 1101->0(1120)
[3059.404s][info][gc,heap        ] GC(621) Survivor regions: 113->108(152)
[3059.404s][info][gc,heap        ] GC(621) Old regions: 538->472
[3059.404s][info][gc,heap        ] GC(621) Humongous regions: 80->80
[3059.404s][info][gc,metaspace   ] GC(621) Metaspace: 29009K(29376K)->29009K(29376K) NonClass: 24130K(24256K)->24130K(24256K) Class: 4878K(5120K)->4878K(5120K)
[3059.404s][info][gc             ] GC(621) Pause Young (Mixed) (G1 Evacuation Pause) 3662M->1318M(4096M) 130.704ms
[3059.404s][info][gc,cpu         ] GC(621) User=0.78s Sys=0.00s Real=0.13s
...[3062.868s][info][gc,start       ] GC(622) Pause Young (Concurrent Start) (G1 Evacuation Pause)
[3062.868s][info][gc,task        ] GC(622) Using 6 workers of 6 for evacuation
[3062.989s][info][gc,phases      ] GC(622)   Pre Evacuate Collection Set: 0.39ms
[3062.989s][info][gc,phases      ] GC(622)   Merge Heap Roots: 0.52ms
[3062.989s][info][gc,phases      ] GC(622)   Evacuate Collection Set: 118.75ms
[3062.989s][info][gc,phases      ] GC(622)   Post Evacuate Collection Set: 0.92ms
[3062.989s][info][gc,phases      ] GC(622)   Other: 0.12ms
[3062.989s][info][gc,heap        ] GC(622) Eden regions: 1120->0(1116)
[3062.989s][info][gc,heap        ] GC(622) Survivor regions: 108->112(154)
[3062.989s][info][gc,heap        ] GC(622) Old regions: 472->505
[3062.989s][info][gc,heap        ] GC(622) Humongous regions: 80->80
[3062.989s][info][gc,metaspace   ] GC(622) Metaspace: 29009K(29376K)->29009K(29376K) NonClass: 24130K(24256K)->24130K(24256K) Class: 4878K(5120K)->4878K(5120K)
[3062.989s][info][gc             ] GC(622) Pause Young (Concurrent Start) (G1 Evacuation Pause) 3558M->1391M(4096M) 120.828ms
[3062.989s][info][gc             ] GC(623) Concurrent Mark Cycle
[3062.989s][info][gc,marking     ] GC(623) Concurrent Scan Root Regions
[3062.989s][info][gc,cpu         ] GC(622) User=0.72s Sys=0.00s Real=0.12s
.[3063.129s][info][gc,marking     ] GC(623) Concurrent Scan Root Regions 139.993ms
[3063.129s][info][gc,marking     ] GC(623) Concurrent Mark
[3063.129s][info][gc,marking     ] GC(623) Concurrent Mark From Roots
[3063.129s][info][gc,task        ] GC(623) Using 2 workers of 2 for marking
[3063.766s][info][gc,marking     ] GC(623) Concurrent Mark From Roots 637.135ms
[3063.766s][info][gc,marking     ] GC(623) Concurrent Preclean
[3063.766s][info][gc,marking     ] GC(623) Concurrent Preclean 0.122ms
[3063.767s][info][gc,start       ] GC(623) Pause Remark
[3063.771s][info][gc             ] GC(623) Pause Remark 1873M->1873M(4096M) 4.543ms
[3063.771s][info][gc,cpu         ] GC(623) User=0.03s Sys=0.00s Real=0.00s
[3063.771s][info][gc,marking     ] GC(623) Concurrent Mark 642.609ms
[3063.771s][info][gc,marking     ] GC(623) Concurrent Rebuild Remembered Sets and Scrub Regions
.[3064.018s][info][gc,marking     ] GC(623) Concurrent Rebuild Remembered Sets and Scrub Regions 246.636ms
[3064.019s][info][gc,start       ] GC(623) Pause Cleanup
[3064.019s][info][gc             ] GC(623) Pause Cleanup 2037M->2037M(4096M) 0.138ms
[3064.019s][info][gc,cpu         ] GC(623) User=0.00s Sys=0.00s Real=0.00s
[3064.020s][info][gc,marking     ] GC(623) Concurrent Clear Claimed Marks
[3064.020s][info][gc,marking     ] GC(623) Concurrent Clear Claimed Marks 0.033ms
[3064.020s][info][gc,marking     ] GC(623) Concurrent Cleanup for Next Mark
[3064.032s][info][gc,marking     ] GC(623) Concurrent Cleanup for Next Mark 11.927ms
[3064.032s][info][gc             ] GC(623) Concurrent Mark Cycle 1042.844ms
..[3066.470s][info][gc,start       ] GC(624) Pause Young (Prepare Mixed) (G1 Evacuation Pause)
[3066.470s][info][gc,task        ] GC(624) Using 6 workers of 6 for evacuation
[3066.590s][info][gc,phases      ] GC(624)   Pre Evacuate Collection Set: 0.34ms
[3066.590s][info][gc,phases      ] GC(624)   Merge Heap Roots: 0.58ms
[3066.590s][info][gc,phases      ] GC(624)   Evacuate Collection Set: 118.01ms
[3066.590s][info][gc,phases      ] GC(624)   Post Evacuate Collection Set: 0.97ms
[3066.590s][info][gc,phases      ] GC(624)   Other: 0.10ms
[3066.590s][info][gc,heap        ] GC(624) Eden regions: 1116->0(1107)
[3066.590s][info][gc,heap        ] GC(624) Survivor regions: 112->111(154)
[3066.590s][info][gc,heap        ] GC(624) Old regions: 505->536
[3066.590s][info][gc,heap        ] GC(624) Humongous regions: 80->80
[3066.590s][info][gc,metaspace   ] GC(624) Metaspace: 29009K(29376K)->29009K(29376K) NonClass: 24130K(24256K)->24130K(24256K) Class: 4878K(5120K)->4878K(5120K)
[3066.590s][info][gc             ] GC(624) Pause Young (Prepare Mixed) (G1 Evacuation Pause) 3623M->1452M(4096M) 120.131ms
[3066.590s][info][gc,cpu         ] GC(624) User=0.72s Sys=0.00s Real=0.12s
....[3070.121s][info][gc,start       ] GC(625) Pause Young (Mixed) (G1 Evacuation Pause)
[3070.121s][info][gc,task        ] GC(625) Using 6 workers of 6 for evacuation
[3070.256s][info][gc,phases      ] GC(625)   Pre Evacuate Collection Set: 0.36ms
[3070.256s][info][gc,phases      ] GC(625)   Merge Heap Roots: 0.79ms
[3070.256s][info][gc,phases      ] GC(625)   Evacuate Collection Set: 133.06ms
[3070.256s][info][gc,phases      ] GC(625)   Post Evacuate Collection Set: 0.99ms
[3070.256s][info][gc,phases      ] GC(625)   Other: 0.09ms
[3070.256s][info][gc,heap        ] GC(625) Eden regions: 1107->0(1119)
[3070.256s][info][gc,heap        ] GC(625) Survivor regions: 111->109(153)
[3070.256s][info][gc,heap        ] GC(625) Old regions: 536->474
[3070.256s][info][gc,heap        ] GC(625) Humongous regions: 80->80
[3070.256s][info][gc,metaspace   ] GC(625) Metaspace: 29009K(29376K)->29009K(29376K) NonClass: 24130K(24256K)->24130K(24256K) Class: 4878K(5120K)->4878K(5120K)
[3070.256s][info][gc             ] GC(625) Pause Young (Mixed) (G1 Evacuation Pause) 3666M->1323M(4096M) 135.420ms
[3070.256s][info][gc,cpu         ] GC(625) User=0.81s Sys=0.00s Real=0.14s
...[3073.642s][info][gc,start       ] GC(626) Pause Young (Concurrent Start) (G1 Evacuation Pause)
[3073.642s][info][gc,task        ] GC(626) Using 6 workers of 6 for evacuation
[3073.759s][info][gc,phases      ] GC(626)   Pre Evacuate Collection Set: 0.41ms
[3073.759s][info][gc,phases      ] GC(626)   Merge Heap Roots: 0.51ms
[3073.759s][info][gc,phases      ] GC(626)   Evacuate Collection Set: 114.96ms
[3073.759s][info][gc,phases      ] GC(626)   Post Evacuate Collection Set: 0.89ms
[3073.759s][info][gc,phases      ] GC(626)   Other: 0.12ms
[3073.759s][info][gc,heap        ] GC(626) Eden regions: 1119->0(1118)
[3073.759s][info][gc,heap        ] GC(626) Survivor regions: 109->110(154)
[3073.759s][info][gc,heap        ] GC(626) Old regions: 474->506
[3073.759s][info][gc,heap        ] GC(626) Humongous regions: 80->80
[3073.759s][info][gc,metaspace   ] GC(626) Metaspace: 29009K(29376K)->29009K(29376K) NonClass: 24130K(24256K)->24130K(24256K) Class: 4878K(5120K)->4878K(5120K)
[3073.759s][info][gc             ] GC(626) Pause Young (Concurrent Start) (G1 Evacuation Pause) 3561M->1389M(4096M) 117.022ms
[3073.759s][info][gc             ] GC(627) Concurrent Mark Cycle
[3073.759s][info][gc,cpu         ] GC(626) User=0.69s Sys=0.00s Real=0.12s
[3073.759s][info][gc,marking     ] GC(627) Concurrent Scan Root Regions
[3073.905s][info][gc,marking     ] GC(627) Concurrent Scan Root Regions 145.739ms
[3073.905s][info][gc,marking     ] GC(627) Concurrent Mark
[3073.905s][info][gc,marking     ] GC(627) Concurrent Mark From Roots
[3073.905s][info][gc,task        ] GC(627) Using 2 workers of 2 for marking
.[3074.558s][info][gc,marking     ] GC(627) Concurrent Mark From Roots 652.680ms
[3074.558s][info][gc,marking     ] GC(627) Concurrent Preclean
[3074.558s][info][gc,marking     ] GC(627) Concurrent Preclean 0.082ms
[3074.558s][info][gc,start       ] GC(627) Pause Remark
[3074.562s][info][gc             ] GC(627) Pause Remark 1945M->1945M(4096M) 4.074ms
[3074.562s][info][gc,cpu         ] GC(627) User=0.02s Sys=0.00s Real=0.00s
[3074.562s][info][gc,marking     ] GC(627) Concurrent Mark 657.079ms
[3074.562s][info][gc,marking     ] GC(627) Concurrent Rebuild Remembered Sets and Scrub Regions
[3074.813s][info][gc,marking     ] GC(627) Concurrent Rebuild Remembered Sets and Scrub Regions 250.306ms
[3074.813s][info][gc,start       ] GC(627) Pause Cleanup
[3074.813s][info][gc             ] GC(627) Pause Cleanup 2099M->2099M(4096M) 0.120ms
[3074.813s][info][gc,cpu         ] GC(627) User=0.00s Sys=0.00s Real=0.00s
[3074.813s][info][gc,marking     ] GC(627) Concurrent Clear Claimed Marks
[3074.813s][info][gc,marking     ] GC(627) Concurrent Clear Claimed Marks 0.031ms
[3074.813s][info][gc,marking     ] GC(627) Concurrent Cleanup for Next Mark
[3074.818s][info][gc,marking     ] GC(627) Concurrent Cleanup for Next Mark 4.886ms
[3074.818s][info][gc             ] GC(627) Concurrent Mark Cycle 1058.581ms
...[3077.304s][info][gc,start       ] GC(628) Pause Young (Prepare Mixed) (G1 Evacuation Pause)
[3077.304s][info][gc,task        ] GC(628) Using 6 workers of 6 for evacuation
[3077.422s][info][gc,phases      ] GC(628)   Pre Evacuate Collection Set: 0.37ms
[3077.422s][info][gc,phases      ] GC(628)   Merge Heap Roots: 0.54ms
[3077.422s][info][gc,phases      ] GC(628)   Evacuate Collection Set: 115.55ms
[3077.422s][info][gc,phases      ] GC(628)   Post Evacuate Collection Set: 0.93ms
[3077.422s][info][gc,phases      ] GC(628)   Other: 0.08ms
[3077.422s][info][gc,heap        ] GC(628) Eden regions: 1118->0(1109)
[3077.422s][info][gc,heap        ] GC(628) Survivor regions: 110->109(154)
[3077.422s][info][gc,heap        ] GC(628) Old regions: 506->538
[3077.422s][info][gc,heap        ] GC(628) Humongous regions: 80->80
[3077.422s][info][gc,metaspace   ] GC(628) Metaspace: 29009K(29376K)->29009K(29376K) NonClass: 24130K(24256K)->24130K(24256K) Class: 4878K(5120K)->4878K(5120K)
[3077.422s][info][gc             ] GC(628) Pause Young (Prepare Mixed) (G1 Evacuation Pause) 3625M->1453M(4096M) 117.613ms
[3077.422s][info][gc,cpu         ] GC(628) User=0.70s Sys=0.00s Real=0.11s
...[3080.846s][info][gc,start       ] GC(629) Pause Young (Mixed) (G1 Evacuation Pause)
[3080.846s][info][gc,task        ] GC(629) Using 6 workers of 6 for evacuation
[3080.978s][info][gc,phases      ] GC(629)   Pre Evacuate Collection Set: 0.41ms
[3080.978s][info][gc,phases      ] GC(629)   Merge Heap Roots: 0.68ms
[3080.978s][info][gc,phases      ] GC(629)   Evacuate Collection Set: 130.32ms
[3080.978s][info][gc,phases      ] GC(629)   Post Evacuate Collection Set: 0.99ms
[3080.978s][info][gc,phases      ] GC(629)   Other: 0.09ms
[3080.978s][info][gc,heap        ] GC(629) Eden regions: 1109->0(1118)
[3080.978s][info][gc,heap        ] GC(629) Survivor regions: 109->110(153)
[3080.978s][info][gc,heap        ] GC(629) Old regions: 538->474
[3080.978s][info][gc,heap        ] GC(629) Humongous regions: 80->80
[3080.978s][info][gc,metaspace   ] GC(629) Metaspace: 29009K(29376K)->29009K(29376K) NonClass: 24130K(24256K)->24130K(24256K) Class: 4878K(5120K)->4878K(5120K)
[3080.978s][info][gc             ] GC(629) Pause Young (Mixed) (G1 Evacuation Pause) 3671M->1326M(4096M) 132.633ms
[3080.978s][info][gc,cpu         ] GC(629) User=0.79s Sys=0.00s Real=0.13s
....[3084.366s][info][gc,start       ] GC(630) Pause Young (Concurrent Start) (G1 Evacuation Pause)
[3084.366s][info][gc,task        ] GC(630) Using 6 workers of 6 for evacuation
[3084.483s][info][gc,phases      ] GC(630)   Pre Evacuate Collection Set: 0.43ms
[3084.483s][info][gc,phases      ] GC(630)   Merge Heap Roots: 0.48ms
[3084.483s][info][gc,phases      ] GC(630)   Evacuate Collection Set: 115.51ms
[3084.483s][info][gc,phases      ] GC(630)   Post Evacuate Collection Set: 0.90ms
[3084.483s][info][gc,phases      ] GC(630)   Other: 0.12ms
[3084.483s][info][gc,heap        ] GC(630) Eden regions: 1118->0(1120)
[3084.483s][info][gc,heap        ] GC(630) Survivor regions: 110->108(154)
[3084.483s][info][gc,heap        ] GC(630) Old regions: 474->507
[3084.483s][info][gc,heap        ] GC(630) Humongous regions: 80->80
[3084.483s][info][gc,metaspace   ] GC(630) Metaspace: 29009K(29376K)->29009K(29376K) NonClass: 24130K(24256K)->24130K(24256K) Class: 4878K(5120K)->4878K(5120K)
[3084.483s][info][gc             ] GC(630) Pause Young (Concurrent Start) (G1 Evacuation Pause) 3562M->1389M(4096M) 117.566ms
[3084.483s][info][gc             ] GC(631) Concurrent Mark Cycle
[3084.483s][info][gc,marking     ] GC(631) Concurrent Scan Root Regions
[3084.483s][info][gc,cpu         ] GC(630) User=0.70s Sys=0.00s Real=0.12s
[3084.648s][info][gc,marking     ] GC(631) Concurrent Scan Root Regions 164.497ms
[3084.648s][info][gc,marking     ] GC(631) Concurrent Mark
[3084.648s][info][gc,marking     ] GC(631) Concurrent Mark From Roots
[3084.648s][info][gc,task        ] GC(631) Using 2 workers of 2 for marking
.[3085.397s][info][gc,marking     ] GC(631) Concurrent Mark From Roots 749.585ms
[3085.397s][info][gc,marking     ] GC(631) Concurrent Preclean
[3085.398s][info][gc,marking     ] GC(631) Concurrent Preclean 0.099ms
[3085.398s][info][gc,start       ] GC(631) Pause Remark
[3085.402s][info][gc             ] GC(631) Pause Remark 2003M->2003M(4096M) 4.205ms
[3085.402s][info][gc,cpu         ] GC(631) User=0.03s Sys=0.00s Real=0.00s
[3085.402s][info][gc,marking     ] GC(631) Concurrent Mark 754.182ms
[3085.402s][info][gc,marking     ] GC(631) Concurrent Rebuild Remembered Sets and Scrub Regions
[3085.667s][info][gc,marking     ] GC(631) Concurrent Rebuild Remembered Sets and Scrub Regions 264.687ms
[3085.667s][info][gc,start       ] GC(631) Pause Cleanup
[3085.667s][info][gc             ] GC(631) Pause Cleanup 2157M->2157M(4096M) 0.115ms
[3085.667s][info][gc,cpu         ] GC(631) User=0.00s Sys=0.00s Real=0.00s
[3085.667s][info][gc,marking     ] GC(631) Concurrent Clear Claimed Marks
[3085.667s][info][gc,marking     ] GC(631) Concurrent Clear Claimed Marks 0.033ms
[3085.667s][info][gc,marking     ] GC(631) Concurrent Cleanup for Next Mark
[3085.670s][info][gc,marking     ] GC(631) Concurrent Cleanup for Next Mark 3.351ms
[3085.670s][info][gc             ] GC(631) Concurrent Mark Cycle 1187.201ms
..[3088.035s][info][gc,start       ] GC(632) Pause Young (Prepare Mixed) (G1 Evacuation Pause)
[3088.035s][info][gc,task        ] GC(632) Using 6 workers of 6 for evacuation
[3088.152s][info][gc,phases      ] GC(632)   Pre Evacuate Collection Set: 0.33ms
[3088.152s][info][gc,phases      ] GC(632)   Merge Heap Roots: 0.55ms
[3088.152s][info][gc,phases      ] GC(632)   Evacuate Collection Set: 114.18ms
[3088.152s][info][gc,phases      ] GC(632)   Post Evacuate Collection Set: 0.96ms
[3088.152s][info][gc,phases      ] GC(632)   Other: 0.09ms
[3088.152s][info][gc,heap        ] GC(632) Eden regions: 1120->0(1110)
[3088.152s][info][gc,heap        ] GC(632) Survivor regions: 108->108(154)
[3088.152s][info][gc,heap        ] GC(632) Old regions: 507->539
[3088.152s][info][gc,heap        ] GC(632) Humongous regions: 80->80
[3088.152s][info][gc,metaspace   ] GC(632) Metaspace: 29009K(29376K)->29009K(29376K) NonClass: 24131K(24256K)->24131K(24256K) Class: 4878K(5120K)->4878K(5120K)
[3088.152s][info][gc             ] GC(632) Pause Young (Prepare Mixed) (G1 Evacuation Pause) 3629M->1453M(4096M) 116.254ms
[3088.152s][info][gc,cpu         ] GC(632) User=0.69s Sys=0.00s Real=0.11s
....[3091.671s][info][gc,start       ] GC(633) Pause Young (Mixed) (G1 Evacuation Pause)
[3091.671s][info][gc,task        ] GC(633) Using 6 workers of 6 for evacuation
[3091.805s][info][gc,phases      ] GC(633)   Pre Evacuate Collection Set: 0.38ms
[3091.805s][info][gc,phases      ] GC(633)   Merge Heap Roots: 0.71ms
[3091.805s][info][gc,phases      ] GC(633)   Evacuate Collection Set: 132.48ms
[3091.805s][info][gc,phases      ] GC(633)   Post Evacuate Collection Set: 0.97ms
[3091.805s][info][gc,phases      ] GC(633)   Other: 0.10ms
[3091.805s][info][gc,heap        ] GC(633) Eden regions: 1110->0(1117)
[3091.805s][info][gc,heap        ] GC(633) Survivor regions: 108->111(153)
[3091.805s][info][gc,heap        ] GC(633) Old regions: 539->475
[3091.805s][info][gc,heap        ] GC(633) Humongous regions: 80->80
[3091.805s][info][gc,metaspace   ] GC(633) Metaspace: 29009K(29376K)->29009K(29376K) NonClass: 24131K(24256K)->24131K(24256K) Class: 4878K(5120K)->4878K(5120K)
[3091.806s][info][gc             ] GC(633) Pause Young (Mixed) (G1 Evacuation Pause) 3673M->1330M(4096M) 134.766ms
[3091.806s][info][gc,cpu         ] GC(633) User=0.81s Sys=0.00s Real=0.14s
....[3095.229s][info][gc,start       ] GC(634) Pause Young (Concurrent Start) (G1 Evacuation Pause)
[3095.229s][info][gc,task        ] GC(634) Using 6 workers of 6 for evacuation
[3095.346s][info][gc,phases      ] GC(634)   Pre Evacuate Collection Set: 0.41ms
[3095.346s][info][gc,phases      ] GC(634)   Merge Heap Roots: 0.48ms
[3095.346s][info][gc,phases      ] GC(634)   Evacuate Collection Set: 115.42ms
[3095.346s][info][gc,phases      ] GC(634)   Post Evacuate Collection Set: 0.90ms
[3095.346s][info][gc,phases      ] GC(634)   Other: 0.12ms
[3095.346s][info][gc,heap        ] GC(634) Eden regions: 1117->0(1119)
[3095.346s][info][gc,heap        ] GC(634) Survivor regions: 111->109(154)
[3095.346s][info][gc,heap        ] GC(634) Old regions: 475->508
[3095.346s][info][gc,heap        ] GC(634) Humongous regions: 80->80
[3095.346s][info][gc,metaspace   ] GC(634) Metaspace: 29009K(29376K)->29009K(29376K) NonClass: 24131K(24256K)->24131K(24256K) Class: 4878K(5120K)->4878K(5120K)
[3095.346s][info][gc             ] GC(634) Pause Young (Concurrent Start) (G1 Evacuation Pause) 3564M->1393M(4096M) 117.471ms
[3095.346s][info][gc             ] GC(635) Concurrent Mark Cycle
[3095.346s][info][gc,marking     ] GC(635) Concurrent Scan Root Regions
[3095.346s][info][gc,cpu         ] GC(634) User=0.70s Sys=0.00s Real=0.12s
[3095.523s][info][gc,marking     ] GC(635) Concurrent Scan Root Regions 176.975ms
[3095.523s][info][gc,marking     ] GC(635) Concurrent Mark
[3095.523s][info][gc,marking     ] GC(635) Concurrent Mark From Roots
[3095.523s][info][gc,task        ] GC(635) Using 2 workers of 2 for marking
.[3096.293s][info][gc,marking     ] GC(635) Concurrent Mark From Roots 769.780ms
[3096.293s][info][gc,marking     ] GC(635) Concurrent Preclean
[3096.294s][info][gc,marking     ] GC(635) Concurrent Preclean 0.714ms
[3096.294s][info][gc,start       ] GC(635) Pause Remark
[3096.301s][info][gc             ] GC(635) Pause Remark 2052M->2052M(4096M) 6.791ms
[3096.301s][info][gc,cpu         ] GC(635) User=0.04s Sys=0.00s Real=0.00s
[3096.301s][info][gc,marking     ] GC(635) Concurrent Mark 777.569ms
[3096.301s][info][gc,marking     ] GC(635) Concurrent Rebuild Remembered Sets and Scrub Regions
[3096.548s][info][gc,marking     ] GC(635) Concurrent Rebuild Remembered Sets and Scrub Regions 247.240ms
[3096.549s][info][gc,start       ] GC(635) Pause Cleanup
[3096.549s][info][gc             ] GC(635) Pause Cleanup 2221M->2221M(4096M) 0.140ms
[3096.549s][info][gc,cpu         ] GC(635) User=0.00s Sys=0.00s Real=0.00s
[3096.549s][info][gc,marking     ] GC(635) Concurrent Clear Claimed Marks
[3096.549s][info][gc,marking     ] GC(635) Concurrent Clear Claimed Marks 0.027ms
[3096.549s][info][gc,marking     ] GC(635) Concurrent Cleanup for Next Mark
[3096.553s][info][gc,marking     ] GC(635) Concurrent Cleanup for Next Mark 4.437ms
[3096.553s][info][gc             ] GC(635) Concurrent Mark Cycle 1207.079ms
..[3098.851s][info][gc,start       ] GC(636) Pause Young (Prepare Mixed) (G1 Evacuation Pause)
[3098.851s][info][gc,task        ] GC(636) Using 6 workers of 6 for evacuation
[3098.971s][info][gc,phases      ] GC(636)   Pre Evacuate Collection Set: 0.34ms
[3098.971s][info][gc,phases      ] GC(636)   Merge Heap Roots: 0.60ms
[3098.971s][info][gc,phases      ] GC(636)   Evacuate Collection Set: 117.92ms
[3098.971s][info][gc,phases      ] GC(636)   Post Evacuate Collection Set: 0.95ms
[3098.971s][info][gc,phases      ] GC(636)   Other: 0.10ms
[3098.971s][info][gc,heap        ] GC(636) Eden regions: 1119->0(1104)
[3098.971s][info][gc,heap        ] GC(636) Survivor regions: 109->110(154)
[3098.971s][info][gc,heap        ] GC(636) Old regions: 508->541
[3098.971s][info][gc,heap        ] GC(636) Humongous regions: 80->80
[3098.971s][info][gc,metaspace   ] GC(636) Metaspace: 28953K(29376K)->28953K(29376K) NonClass: 24084K(24256K)->24084K(24256K) Class: 4869K(5120K)->4869K(5120K)
[3098.971s][info][gc             ] GC(636) Pause Young (Prepare Mixed) (G1 Evacuation Pause) 3631M->1461M(4096M) 120.040ms
[3098.971s][info][gc,cpu         ] GC(636) User=0.71s Sys=0.00s Real=0.12s
....[3102.432s][info][gc,start       ] GC(637) Pause Young (Mixed) (G1 Evacuation Pause)
[3102.432s][info][gc,task        ] GC(637) Using 6 workers of 6 for evacuation
[3102.566s][info][gc,phases      ] GC(637)   Pre Evacuate Collection Set: 0.41ms
[3102.566s][info][gc,phases      ] GC(637)   Merge Heap Roots: 0.76ms
[3102.566s][info][gc,phases      ] GC(637)   Evacuate Collection Set: 131.30ms
[3102.566s][info][gc,phases      ] GC(637)   Post Evacuate Collection Set: 0.97ms
[3102.566s][info][gc,phases      ] GC(637)   Other: 0.09ms
[3102.566s][info][gc,heap        ] GC(637) Eden regions: 1104->0(1118)
[3102.566s][info][gc,heap        ] GC(637) Survivor regions: 110->110(152)
[3102.566s][info][gc,heap        ] GC(637) Old regions: 541->475
[3102.566s][info][gc,heap        ] GC(637) Humongous regions: 80->80
[3102.566s][info][gc,metaspace   ] GC(637) Metaspace: 28953K(29376K)->28953K(29376K) NonClass: 24084K(24256K)->24084K(24256K) Class: 4869K(5120K)->4869K(5120K)
[3102.566s][info][gc             ] GC(637) Pause Young (Mixed) (G1 Evacuation Pause) 3669M->1328M(4096M) 133.666ms
[3102.566s][info][gc,cpu         ] GC(637) User=0.80s Sys=0.00s Real=0.14s
...[3105.977s][info][gc,start       ] GC(638) Pause Young (Concurrent Start) (G1 Evacuation Pause)
[3105.977s][info][gc,task        ] GC(638) Using 6 workers of 6 for evacuation
[3106.094s][info][gc,phases      ] GC(638)   Pre Evacuate Collection Set: 0.40ms
[3106.094s][info][gc,phases      ] GC(638)   Merge Heap Roots: 0.52ms
[3106.094s][info][gc,phases      ] GC(638)   Evacuate Collection Set: 114.67ms
[3106.094s][info][gc,phases      ] GC(638)   Post Evacuate Collection Set: 0.90ms
[3106.094s][info][gc,phases      ] GC(638)   Other: 0.11ms
[3106.094s][info][gc,heap        ] GC(638) Eden regions: 1118->0(1120)
[3106.094s][info][gc,heap        ] GC(638) Survivor regions: 110->108(154)
[3106.094s][info][gc,heap        ] GC(638) Old regions: 475->507
[3106.094s][info][gc,heap        ] GC(638) Humongous regions: 80->80
[3106.094s][info][gc,metaspace   ] GC(638) Metaspace: 28953K(29376K)->28953K(29376K) NonClass: 24084K(24256K)->24084K(24256K) Class: 4869K(5120K)->4869K(5120K)
[3106.094s][info][gc             ] GC(638) Pause Young (Concurrent Start) (G1 Evacuation Pause) 3564M->1388M(4096M) 116.732ms
[3106.094s][info][gc             ] GC(639) Concurrent Mark Cycle
[3106.094s][info][gc,marking     ] GC(639) Concurrent Scan Root Regions
[3106.094s][info][gc,cpu         ] GC(638) User=0.69s Sys=0.00s Real=0.12s
.[3106.262s][info][gc,marking     ] GC(639) Concurrent Scan Root Regions 168.291ms
[3106.262s][info][gc,marking     ] GC(639) Concurrent Mark
[3106.262s][info][gc,marking     ] GC(639) Concurrent Mark From Roots
[3106.262s][info][gc,task        ] GC(639) Using 2 workers of 2 for marking
[3107.019s][info][gc,marking     ] GC(639) Concurrent Mark From Roots 756.178ms
[3107.019s][info][gc,marking     ] GC(639) Concurrent Preclean
[3107.019s][info][gc,marking     ] GC(639) Concurrent Preclean 0.429ms
[3107.019s][info][gc,start       ] GC(639) Pause Remark
[3107.025s][info][gc             ] GC(639) Pause Remark 1988M->1988M(4096M) 5.629ms
[3107.025s][info][gc,cpu         ] GC(639) User=0.03s Sys=0.00s Real=0.01s
[3107.025s][info][gc,marking     ] GC(639) Concurrent Mark 762.511ms
[3107.025s][info][gc,marking     ] GC(639) Concurrent Rebuild Remembered Sets and Scrub Regions
.[3107.260s][info][gc,marking     ] GC(639) Concurrent Rebuild Remembered Sets and Scrub Regions 235.129ms
[3107.260s][info][gc,start       ] GC(639) Pause Cleanup
[3107.260s][info][gc             ] GC(639) Pause Cleanup 2118M->2118M(4096M) 0.112ms
[3107.260s][info][gc,cpu         ] GC(639) User=0.00s Sys=0.00s Real=0.00s
[3107.260s][info][gc,marking     ] GC(639) Concurrent Clear Claimed Marks
[3107.260s][info][gc,marking     ] GC(639) Concurrent Clear Claimed Marks 0.034ms
[3107.260s][info][gc,marking     ] GC(639) Concurrent Cleanup for Next Mark
[3107.264s][info][gc,marking     ] GC(639) Concurrent Cleanup for Next Mark 3.560ms
[3107.264s][info][gc             ] GC(639) Concurrent Mark Cycle 1170.025ms
..[3109.658s][info][gc,start       ] GC(640) Pause Young (Prepare Mixed) (G1 Evacuation Pause)
[3109.658s][info][gc,task        ] GC(640) Using 6 workers of 6 for evacuation
[3109.777s][info][gc,phases      ] GC(640)   Pre Evacuate Collection Set: 0.37ms
[3109.777s][info][gc,phases      ] GC(640)   Merge Heap Roots: 0.64ms
[3109.777s][info][gc,phases      ] GC(640)   Evacuate Collection Set: 116.94ms
[3109.777s][info][gc,phases      ] GC(640)   Post Evacuate Collection Set: 0.94ms
[3109.777s][info][gc,phases      ] GC(640)   Other: 0.09ms
[3109.777s][info][gc,heap        ] GC(640) Eden regions: 1120->0(1105)
[3109.777s][info][gc,heap        ] GC(640) Survivor regions: 108->110(154)
[3109.777s][info][gc,heap        ] GC(640) Old regions: 507->540
[3109.777s][info][gc,heap        ] GC(640) Humongous regions: 80->80
[3109.777s][info][gc,metaspace   ] GC(640) Metaspace: 28953K(29376K)->28953K(29376K) NonClass: 24084K(24256K)->24084K(24256K) Class: 4869K(5120K)->4869K(5120K)
[3109.777s][info][gc             ] GC(640) Pause Young (Prepare Mixed) (G1 Evacuation Pause) 3628M->1457M(4096M) 119.123ms
[3109.777s][info][gc,cpu         ] GC(640) User=0.70s Sys=0.00s Real=0.12s
... (rIR:aIR:PR = 5258:5259:5259) (tPR = 77893) [OK] 
  3112s: Performance info:
         Transaction,    Success,    Partial,     Failed,   Receipts, AvgBarcode, 
             Overall,     316769,          0,          0,     300927,      59.47, 
         Response times:
             Request,    Success,    Partial,     Failed,   SkipFail,     Probes,    Samples,      min,      p50,      p90,      p95,      p99,      max, 
       TotalPurchase,     300927,          0,          0,          0,     295109,     370569,      300,     4200,     9000,    21000,    68000,   270000,
     InStorePurchase,     158405,          0,          0,          0,     155289,     194704,      300,     4100,     9000,    21000,    67000,   270000,
      OnlinePurchase,     110808,          0,          0,          0,     109112,     137070,      300,     4200,     9000,    21000,    67000,   214000,
        InstPurchase,      31714,          0,          0,          0,      30708,      38795,      400,     4700,     9600,    25000,    73000,   214000,
          AssocOfCat,        318,          0,          0,          0,        254,        397,    21000,    33000,    53600,    82200,   174020,   184000,
      AssocOfProduct,       3175,          0,          0,          0,       2941,       3934,      400,     4700,     9500,    21250,    65000,   248000,
      BusinessReport,        788,          0,          0,          0,        678,       1025,    26000,    37000,    66000,    81000,   169000,   309000,
          CustBuyBeh,       3164,          0,          0,          0,       2962,       3961,      600,     4000,     9200,    22000,    66000,   142000,
       ProductReturn,       8397,          0,          0,          0,       7968,      10201,      300,     3900,     9300,    19700,    73980,   172000,

  3112s: (39%)   IR =   5396 .[3113.301s][info][gc,start       ] GC(641) Pause Young (Mixed) (G1 Evacuation Pause)
[3113.301s][info][gc,task        ] GC(641) Using 6 workers of 6 for evacuation
[3113.436s][info][gc,phases      ] GC(641)   Pre Evacuate Collection Set: 0.38ms
[3113.436s][info][gc,phases      ] GC(641)   Merge Heap Roots: 0.72ms
[3113.436s][info][gc,phases      ] GC(641)   Evacuate Collection Set: 133.33ms
[3113.436s][info][gc,phases      ] GC(641)   Post Evacuate Collection Set: 1.01ms
[3113.436s][info][gc,phases      ] GC(641)   Other: 0.09ms
[3113.436s][info][gc,heap        ] GC(641) Eden regions: 1105->0(1118)
[3113.436s][info][gc,heap        ] GC(641) Survivor regions: 110->110(152)
[3113.436s][info][gc,heap        ] GC(641) Old regions: 540->474
[3113.436s][info][gc,heap        ] GC(641) Humongous regions: 80->80
[3113.436s][info][gc,metaspace   ] GC(641) Metaspace: 28953K(29376K)->28953K(29376K) NonClass: 24084K(24256K)->24084K(24256K) Class: 4869K(5120K)->4869K(5120K)
[3113.436s][info][gc             ] GC(641) Pause Young (Mixed) (G1 Evacuation Pause) 3667M->1327M(4096M) 135.671ms
[3113.436s][info][gc,cpu         ] GC(641) User=0.80s Sys=0.00s Real=0.14s
...[3116.729s][info][gc,start       ] GC(642) Pause Young (Concurrent Start) (G1 Evacuation Pause)
[3116.729s][info][gc,task        ] GC(642) Using 6 workers of 6 for evacuation
[3116.849s][info][gc,phases      ] GC(642)   Pre Evacuate Collection Set: 0.41ms
[3116.849s][info][gc,phases      ] GC(642)   Merge Heap Roots: 0.50ms
[3116.849s][info][gc,phases      ] GC(642)   Evacuate Collection Set: 117.47ms
[3116.849s][info][gc,phases      ] GC(642)   Post Evacuate Collection Set: 0.97ms
[3116.849s][info][gc,phases      ] GC(642)   Other: 0.13ms
[3116.849s][info][gc,heap        ] GC(642) Eden regions: 1118->0(1118)
[3116.849s][info][gc,heap        ] GC(642) Survivor regions: 110->110(154)
[3116.849s][info][gc,heap        ] GC(642) Old regions: 474->507
[3116.849s][info][gc,heap        ] GC(642) Humongous regions: 80->80
[3116.849s][info][gc,metaspace   ] GC(642) Metaspace: 28953K(29376K)->28953K(29376K) NonClass: 24084K(24256K)->24084K(24256K) Class: 4869K(5120K)->4869K(5120K)
[3116.849s][info][gc             ] GC(642) Pause Young (Concurrent Start) (G1 Evacuation Pause) 3563M->1392M(4096M) 119.614ms
[3116.849s][info][gc             ] GC(643) Concurrent Mark Cycle
[3116.849s][info][gc,marking     ] GC(643) Concurrent Scan Root Regions
[3116.849s][info][gc,cpu         ] GC(642) User=0.71s Sys=0.00s Real=0.12s
[3116.992s][info][gc,marking     ] GC(643) Concurrent Scan Root Regions 143.634ms
[3116.992s][info][gc,marking     ] GC(643) Concurrent Mark
[3116.993s][info][gc,marking     ] GC(643) Concurrent Mark From Roots
[3116.993s][info][gc,task        ] GC(643) Using 2 workers of 2 for marking
.[3117.639s][info][gc,marking     ] GC(643) Concurrent Mark From Roots 646.714ms
[3117.639s][info][gc,marking     ] GC(643) Concurrent Preclean
[3117.640s][info][gc,marking     ] GC(643) Concurrent Preclean 1.011ms
[3117.643s][info][gc,start       ] GC(643) Pause Remark
[3117.646s][info][gc             ] GC(643) Pause Remark 1944M->1944M(4096M) 3.745ms
[3117.646s][info][gc,cpu         ] GC(643) User=0.02s Sys=0.00s Real=0.00s
[3117.646s][info][gc,marking     ] GC(643) Concurrent Mark 653.887ms
[3117.646s][info][gc,marking     ] GC(643) Concurrent Rebuild Remembered Sets and Scrub Regions
[3117.949s][info][gc,marking     ] GC(643) Concurrent Rebuild Remembered Sets and Scrub Regions 303.051ms
[3117.950s][info][gc,start       ] GC(643) Pause Cleanup
[3117.950s][info][gc             ] GC(643) Pause Cleanup 2169M->2169M(4096M) 0.134ms
[3117.950s][info][gc,cpu         ] GC(643) User=0.00s Sys=0.00s Real=0.00s
[3117.950s][info][gc,marking     ] GC(643) Concurrent Clear Claimed Marks
[3117.950s][info][gc,marking     ] GC(643) Concurrent Clear Claimed Marks 0.035ms
[3117.950s][info][gc,marking     ] GC(643) Concurrent Cleanup for Next Mark
[3117.958s][info][gc,marking     ] GC(643) Concurrent Cleanup for Next Mark 7.741ms
[3117.958s][info][gc             ] GC(643) Concurrent Mark Cycle 1108.993ms
.|..[3120.253s][info][gc,start       ] GC(644) Pause Young (Prepare Mixed) (G1 Evacuation Pause)
[3120.253s][info][gc,task        ] GC(644) Using 6 workers of 6 for evacuation
[3120.372s][info][gc,phases      ] GC(644)   Pre Evacuate Collection Set: 0.33ms
[3120.372s][info][gc,phases      ] GC(644)   Merge Heap Roots: 0.56ms
[3120.372s][info][gc,phases      ] GC(644)   Evacuate Collection Set: 117.56ms
[3120.372s][info][gc,phases      ] GC(644)   Post Evacuate Collection Set: 0.96ms
[3120.372s][info][gc,phases      ] GC(644)   Other: 0.08ms
[3120.372s][info][gc,heap        ] GC(644) Eden regions: 1118->0(1105)
[3120.372s][info][gc,heap        ] GC(644) Survivor regions: 110->110(154)
[3120.372s][info][gc,heap        ] GC(644) Old regions: 507->540
[3120.372s][info][gc,heap        ] GC(644) Humongous regions: 80->80
[3120.372s][info][gc,metaspace   ] GC(644) Metaspace: 28953K(29376K)->28953K(29376K) NonClass: 24084K(24256K)->24084K(24256K) Class: 4869K(5120K)->4869K(5120K)
[3120.372s][info][gc             ] GC(644) Pause Young (Prepare Mixed) (G1 Evacuation Pause) 3628M->1457M(4096M) 119.615ms
[3120.372s][info][gc,cpu         ] GC(644) User=0.71s Sys=0.00s Real=0.11s
...[3123.720s][info][gc,start       ] GC(645) Pause Young (Mixed) (G1 Evacuation Pause)
[3123.720s][info][gc,task        ] GC(645) Using 6 workers of 6 for evacuation
[3123.856s][info][gc,phases      ] GC(645)   Pre Evacuate Collection Set: 0.38ms
[3123.856s][info][gc,phases      ] GC(645)   Merge Heap Roots: 0.74ms
[3123.856s][info][gc,phases      ] GC(645)   Evacuate Collection Set: 133.40ms
[3123.856s][info][gc,phases      ] GC(645)   Post Evacuate Collection Set: 0.95ms
[3123.856s][info][gc,phases      ] GC(645)   Other: 0.08ms
[3123.856s][info][gc,heap        ] GC(645) Eden regions: 1105->0(1118)
[3123.856s][info][gc,heap        ] GC(645) Survivor regions: 110->110(152)
[3123.856s][info][gc,heap        ] GC(645) Old regions: 540->474
[3123.856s][info][gc,heap        ] GC(645) Humongous regions: 80->80
[3123.856s][info][gc,metaspace   ] GC(645) Metaspace: 28953K(29376K)->28953K(29376K) NonClass: 24084K(24256K)->24084K(24256K) Class: 4869K(5120K)->4869K(5120K)
[3123.856s][info][gc             ] GC(645) Pause Young (Mixed) (G1 Evacuation Pause) 3667M->1326M(4096M) 135.694ms
[3123.856s][info][gc,cpu         ] GC(645) User=0.81s Sys=0.00s Real=0.14s
...[3127.139s][info][gc,start       ] GC(646) Pause Young (Concurrent Start) (G1 Evacuation Pause)
[3127.139s][info][gc,task        ] GC(646) Using 6 workers of 6 for evacuation
[3127.256s][info][gc,phases      ] GC(646)   Pre Evacuate Collection Set: 0.38ms
[3127.256s][info][gc,phases      ] GC(646)   Merge Heap Roots: 0.50ms
[3127.256s][info][gc,phases      ] GC(646)   Evacuate Collection Set: 115.33ms
[3127.256s][info][gc,phases      ] GC(646)   Post Evacuate Collection Set: 0.92ms
[3127.256s][info][gc,phases      ] GC(646)   Other: 0.13ms
[3127.256s][info][gc,heap        ] GC(646) Eden regions: 1118->0(1121)
[3127.256s][info][gc,heap        ] GC(646) Survivor regions: 110->107(154)
[3127.256s][info][gc,heap        ] GC(646) Old regions: 474->506
[3127.256s][info][gc,heap        ] GC(646) Humongous regions: 80->80
[3127.256s][info][gc,metaspace   ] GC(646) Metaspace: 28953K(29376K)->28953K(29376K) NonClass: 24084K(24256K)->24084K(24256K) Class: 4869K(5120K)->4869K(5120K)
[3127.256s][info][gc             ] GC(646) Pause Young (Concurrent Start) (G1 Evacuation Pause) 3562M->1385M(4096M) 117.385ms
[3127.256s][info][gc             ] GC(647) Concurrent Mark Cycle
[3127.256s][info][gc,marking     ] GC(647) Concurrent Scan Root Regions
[3127.256s][info][gc,cpu         ] GC(646) User=0.70s Sys=0.00s Real=0.12s
.[3127.395s][info][gc,marking     ] GC(647) Concurrent Scan Root Regions 138.052ms
[3127.395s][info][gc,marking     ] GC(647) Concurrent Mark
[3127.395s][info][gc,marking     ] GC(647) Concurrent Mark From Roots
[3127.395s][info][gc,task        ] GC(647) Using 2 workers of 2 for marking
[3128.035s][info][gc,marking     ] GC(647) Concurrent Mark From Roots 640.656ms
[3128.035s][info][gc,marking     ] GC(647) Concurrent Preclean
[3128.035s][info][gc,marking     ] GC(647) Concurrent Preclean 0.132ms
[3128.037s][info][gc,start       ] GC(647) Pause Remark
[3128.042s][info][gc             ] GC(647) Pause Remark 1899M->1899M(4096M) 4.648ms
[3128.042s][info][gc,cpu         ] GC(647) User=0.03s Sys=0.00s Real=0.00s
[3128.043s][info][gc,marking     ] GC(647) Concurrent Mark 648.326ms
[3128.043s][info][gc,marking     ] GC(647) Concurrent Rebuild Remembered Sets and Scrub Regions
.[3128.298s][info][gc,marking     ] GC(647) Concurrent Rebuild Remembered Sets and Scrub Regions 254.776ms
[3128.300s][info][gc,start       ] GC(647) Pause Cleanup
[3128.300s][info][gc             ] GC(647) Pause Cleanup 2087M->2087M(4096M) 0.153ms
[3128.300s][info][gc,cpu         ] GC(647) User=0.00s Sys=0.00s Real=0.00s
[3128.301s][info][gc,marking     ] GC(647) Concurrent Clear Claimed Marks
[3128.301s][info][gc,marking     ] GC(647) Concurrent Clear Claimed Marks 0.039ms
[3128.301s][info][gc,marking     ] GC(647) Concurrent Cleanup for Next Mark
[3128.306s][info][gc,marking     ] GC(647) Concurrent Cleanup for Next Mark 4.924ms
[3128.306s][info][gc             ] GC(647) Concurrent Mark Cycle 1049.300ms
..[3130.745s][info][gc,start       ] GC(648) Pause Young (Prepare Mixed) (G1 Evacuation Pause)
[3130.745s][info][gc,task        ] GC(648) Using 6 workers of 6 for evacuation
[3130.866s][info][gc,phases      ] GC(648)   Pre Evacuate Collection Set: 0.37ms
[3130.866s][info][gc,phases      ] GC(648)   Merge Heap Roots: 0.55ms
[3130.866s][info][gc,phases      ] GC(648)   Evacuate Collection Set: 119.03ms
[3130.866s][info][gc,phases      ] GC(648)   Post Evacuate Collection Set: 0.96ms
[3130.866s][info][gc,phases      ] GC(648)   Other: 0.09ms
[3130.866s][info][gc,heap        ] GC(648) Eden regions: 1121->0(1103)
[3130.866s][info][gc,heap        ] GC(648) Survivor regions: 107->112(154)
[3130.866s][info][gc,heap        ] GC(648) Old regions: 506->538
[3130.866s][info][gc,heap        ] GC(648) Humongous regions: 80->80
[3130.866s][info][gc,metaspace   ] GC(648) Metaspace: 28953K(29376K)->28953K(29376K) NonClass: 24084K(24256K)->24084K(24256K) Class: 4869K(5120K)->4869K(5120K)
[3130.866s][info][gc             ] GC(648) Pause Young (Prepare Mixed) (G1 Evacuation Pause) 3627M->1458M(4096M) 121.142ms
[3130.866s][info][gc,cpu         ] GC(648) User=0.72s Sys=0.00s Real=0.12s
...[3134.194s][info][gc,start       ] GC(649) Pause Young (Mixed) (G1 Evacuation Pause)
[3134.194s][info][gc,task        ] GC(649) Using 6 workers of 6 for evacuation
[3134.331s][info][gc,phases      ] GC(649)   Pre Evacuate Collection Set: 0.34ms
[3134.331s][info][gc,phases      ] GC(649)   Merge Heap Roots: 0.81ms
[3134.331s][info][gc,phases      ] GC(649)   Evacuate Collection Set: 134.53ms
[3134.331s][info][gc,phases      ] GC(649)   Post Evacuate Collection Set: 1.00ms
[3134.331s][info][gc,phases      ] GC(649)   Other: 0.08ms
[3134.331s][info][gc,heap        ] GC(649) Eden regions: 1103->0(1118)
[3134.331s][info][gc,heap        ] GC(649) Survivor regions: 112->110(152)
[3134.331s][info][gc,heap        ] GC(649) Old regions: 538->473
[3134.331s][info][gc,heap        ] GC(649) Humongous regions: 80->80
[3134.331s][info][gc,metaspace   ] GC(649) Metaspace: 28953K(29376K)->28953K(29376K) NonClass: 24084K(24256K)->24084K(24256K) Class: 4869K(5120K)->4869K(5120K)
[3134.331s][info][gc             ] GC(649) Pause Young (Mixed) (G1 Evacuation Pause) 3664M->1323M(4096M) 136.885ms
[3134.331s][info][gc,cpu         ] GC(649) User=0.81s Sys=0.00s Real=0.13s
....[3137.728s][info][gc,start       ] GC(650) Pause Young (Concurrent Start) (G1 Evacuation Pause)
[3137.728s][info][gc,task        ] GC(650) Using 6 workers of 6 for evacuation
[3137.848s][info][gc,phases      ] GC(650)   Pre Evacuate Collection Set: 0.41ms
[3137.848s][info][gc,phases      ] GC(650)   Merge Heap Roots: 0.50ms
[3137.848s][info][gc,phases      ] GC(650)   Evacuate Collection Set: 118.85ms
[3137.848s][info][gc,phases      ] GC(650)   Post Evacuate Collection Set: 0.75ms
[3137.848s][info][gc,phases      ] GC(650)   Other: 0.13ms
[3137.848s][info][gc,heap        ] GC(650) Eden regions: 1118->0(1116)
[3137.848s][info][gc,heap        ] GC(650) Survivor regions: 110->112(154)
[3137.848s][info][gc,heap        ] GC(650) Old regions: 473->505
[3137.848s][info][gc,heap        ] GC(650) Humongous regions: 80->80
[3137.848s][info][gc,metaspace   ] GC(650) Metaspace: 28953K(29376K)->28953K(29376K) NonClass: 24084K(24256K)->24084K(24256K) Class: 4869K(5120K)->4869K(5120K)
[3137.848s][info][gc             ] GC(650) Pause Young (Concurrent Start) (G1 Evacuation Pause) 3559M->1392M(4096M) 120.773ms
[3137.848s][info][gc             ] GC(651) Concurrent Mark Cycle
[3137.848s][info][gc,marking     ] GC(651) Concurrent Scan Root Regions
[3137.848s][info][gc,cpu         ] GC(650) User=0.72s Sys=0.00s Real=0.12s
[3138.030s][info][gc,marking     ] GC(651) Concurrent Scan Root Regions 181.341ms
[3138.030s][info][gc,marking     ] GC(651) Concurrent Mark
[3138.030s][info][gc,marking     ] GC(651) Concurrent Mark From Roots
[3138.030s][info][gc,task        ] GC(651) Using 2 workers of 2 for marking
.[3138.662s][info][gc,marking     ] GC(651) Concurrent Mark From Roots 632.069ms
[3138.662s][info][gc,marking     ] GC(651) Concurrent Preclean
[3138.663s][info][gc,marking     ] GC(651) Concurrent Preclean 0.834ms
[3138.663s][info][gc,start       ] GC(651) Pause Remark
[3138.669s][info][gc             ] GC(651) Pause Remark 1980M->1980M(4096M) 6.068ms
[3138.669s][info][gc,cpu         ] GC(651) User=0.03s Sys=0.00s Real=0.00s
[3138.669s][info][gc,marking     ] GC(651) Concurrent Mark 639.254ms
[3138.669s][info][gc,marking     ] GC(651) Concurrent Rebuild Remembered Sets and Scrub Regions
[3138.953s][info][gc,marking     ] GC(651) Concurrent Rebuild Remembered Sets and Scrub Regions 283.790ms
[3138.953s][info][gc,start       ] GC(651) Pause Cleanup
[3138.953s][info][gc             ] GC(651) Pause Cleanup 2155M->2155M(4096M) 0.123ms
[3138.953s][info][gc,cpu         ] GC(651) User=0.00s Sys=0.00s Real=0.00s
[3138.953s][info][gc,marking     ] GC(651) Concurrent Clear Claimed Marks
[3138.953s][info][gc,marking     ] GC(651) Concurrent Clear Claimed Marks 0.030ms
[3138.953s][info][gc,marking     ] GC(651) Concurrent Cleanup for Next Mark
[3138.958s][info][gc,marking     ] GC(651) Concurrent Cleanup for Next Mark 4.262ms
[3138.958s][info][gc             ] GC(651) Concurrent Mark Cycle 1109.193ms
..[3141.225s][info][gc,start       ] GC(652) Pause Young (Prepare Mixed) (G1 Evacuation Pause)
[3141.225s][info][gc,task        ] GC(652) Using 6 workers of 6 for evacuation
[3141.343s][info][gc,phases      ] GC(652)   Pre Evacuate Collection Set: 0.35ms
[3141.343s][info][gc,phases      ] GC(652)   Merge Heap Roots: 0.54ms
[3141.343s][info][gc,phases      ] GC(652)   Evacuate Collection Set: 115.70ms
[3141.343s][info][gc,phases      ] GC(652)   Post Evacuate Collection Set: 0.96ms
[3141.343s][info][gc,phases      ] GC(652)   Other: 0.09ms
[3141.343s][info][gc,heap        ] GC(652) Eden regions: 1116->0(1111)
[3141.343s][info][gc,heap        ] GC(652) Survivor regions: 112->109(154)
[3141.343s][info][gc,heap        ] GC(652) Old regions: 505->536
[3141.343s][info][gc,heap        ] GC(652) Humongous regions: 80->80
[3141.343s][info][gc,metaspace   ] GC(652) Metaspace: 28953K(29376K)->28953K(29376K) NonClass: 24084K(24256K)->24084K(24256K) Class: 4869K(5120K)->4869K(5120K)
[3141.343s][info][gc             ] GC(652) Pause Young (Prepare Mixed) (G1 Evacuation Pause) 3624M->1448M(4096M) 117.764ms
[3141.343s][info][gc,cpu         ] GC(652) User=0.70s Sys=0.00s Real=0.12s
....[3144.673s][info][gc,start       ] GC(653) Pause Young (Mixed) (G1 Evacuation Pause)
[3144.673s][info][gc,task        ] GC(653) Using 6 workers of 6 for evacuation
[3144.808s][info][gc,phases      ] GC(653)   Pre Evacuate Collection Set: 0.37ms
[3144.808s][info][gc,phases      ] GC(653)   Merge Heap Roots: 0.63ms
[3144.808s][info][gc,phases      ] GC(653)   Evacuate Collection Set: 132.37ms
[3144.808s][info][gc,phases      ] GC(653)   Post Evacuate Collection Set: 1.00ms
[3144.808s][info][gc,phases      ] GC(653)   Other: 0.09ms
[3144.808s][info][gc,heap        ] GC(653) Eden regions: 1111->0(1118)
[3144.808s][info][gc,heap        ] GC(653) Survivor regions: 109->110(153)
[3144.808s][info][gc,heap        ] GC(653) Old regions: 536->472
[3144.808s][info][gc,heap        ] GC(653) Humongous regions: 80->80
[3144.808s][info][gc,metaspace   ] GC(653) Metaspace: 28953K(29376K)->28953K(29376K) NonClass: 24084K(24256K)->24084K(24256K) Class: 4869K(5120K)->4869K(5120K)
[3144.808s][info][gc             ] GC(653) Pause Young (Mixed) (G1 Evacuation Pause) 3670M->1322M(4096M) 134.593ms
[3144.808s][info][gc,cpu         ] GC(653) User=0.80s Sys=0.00s Real=0.13s
...[3148.203s][info][gc,start       ] GC(654) Pause Young (Concurrent Start) (G1 Evacuation Pause)
[3148.203s][info][gc,task        ] GC(654) Using 6 workers of 6 for evacuation
[3148.319s][info][gc,phases      ] GC(654)   Pre Evacuate Collection Set: 0.38ms
[3148.319s][info][gc,phases      ] GC(654)   Merge Heap Roots: 0.49ms
[3148.319s][info][gc,phases      ] GC(654)   Evacuate Collection Set: 113.89ms
[3148.319s][info][gc,phases      ] GC(654)   Post Evacuate Collection Set: 0.94ms
[3148.319s][info][gc,phases      ] GC(654)   Other: 0.11ms
[3148.319s][info][gc,heap        ] GC(654) Eden regions: 1118->0(1120)
[3148.319s][info][gc,heap        ] GC(654) Survivor regions: 110->108(154)
[3148.319s][info][gc,heap        ] GC(654) Old regions: 472->505
[3148.319s][info][gc,heap        ] GC(654) Humongous regions: 80->80
[3148.319s][info][gc,metaspace   ] GC(654) Metaspace: 28953K(29376K)->28953K(29376K) NonClass: 24084K(24256K)->24084K(24256K) Class: 4869K(5120K)->4869K(5120K)
[3148.319s][info][gc             ] GC(654) Pause Young (Concurrent Start) (G1 Evacuation Pause) 3558M->1384M(4096M) 115.969ms
[3148.319s][info][gc             ] GC(655) Concurrent Mark Cycle
[3148.319s][info][gc,marking     ] GC(655) Concurrent Scan Root Regions
[3148.319s][info][gc,cpu         ] GC(654) User=0.69s Sys=0.00s Real=0.11s
.[3148.456s][info][gc,marking     ] GC(655) Concurrent Scan Root Regions 137.023ms
[3148.456s][info][gc,marking     ] GC(655) Concurrent Mark
[3148.456s][info][gc,marking     ] GC(655) Concurrent Mark From Roots
[3148.456s][info][gc,task        ] GC(655) Using 2 workers of 2 for marking
[3149.109s][info][gc,marking     ] GC(655) Concurrent Mark From Roots 653.422ms
[3149.109s][info][gc,marking     ] GC(655) Concurrent Preclean
[3149.110s][info][gc,marking     ] GC(655) Concurrent Preclean 0.124ms
[3149.111s][info][gc,start       ] GC(655) Pause Remark
[3149.115s][info][gc             ] GC(655) Pause Remark 1974M->1974M(4096M) 4.851ms
[3149.115s][info][gc,cpu         ] GC(655) User=0.03s Sys=0.00s Real=0.01s
[3149.117s][info][gc,marking     ] GC(655) Concurrent Mark 661.058ms
[3149.117s][info][gc,marking     ] GC(655) Concurrent Rebuild Remembered Sets and Scrub Regions
.[3149.408s][info][gc,marking     ] GC(655) Concurrent Rebuild Remembered Sets and Scrub Regions 290.625ms
[3149.408s][info][gc,start       ] GC(655) Pause Cleanup
[3149.408s][info][gc             ] GC(655) Pause Cleanup 2153M->2153M(4096M) 0.135ms
[3149.408s][info][gc,cpu         ] GC(655) User=0.00s Sys=0.00s Real=0.00s
[3149.408s][info][gc,marking     ] GC(655) Concurrent Clear Claimed Marks
[3149.408s][info][gc,marking     ] GC(655) Concurrent Clear Claimed Marks 0.033ms
[3149.408s][info][gc,marking     ] GC(655) Concurrent Cleanup for Next Mark
[3149.412s][info][gc,marking     ] GC(655) Concurrent Cleanup for Next Mark 4.373ms
[3149.413s][info][gc             ] GC(655) Concurrent Mark Cycle 1093.628ms
..[3151.719s][info][gc,start       ] GC(656) Pause Young (Prepare Mixed) (G1 Evacuation Pause)
[3151.719s][info][gc,task        ] GC(656) Using 6 workers of 6 for evacuation
[3151.839s][info][gc,phases      ] GC(656)   Pre Evacuate Collection Set: 0.33ms
[3151.839s][info][gc,phases      ] GC(656)   Merge Heap Roots: 0.54ms
[3151.839s][info][gc,phases      ] GC(656)   Evacuate Collection Set: 118.59ms
[3151.839s][info][gc,phases      ] GC(656)   Post Evacuate Collection Set: 0.94ms
[3151.839s][info][gc,phases      ] GC(656)   Other: 0.09ms
[3151.839s][info][gc,heap        ] GC(656) Eden regions: 1120->0(1103)
[3151.839s][info][gc,heap        ] GC(656) Survivor regions: 108->113(154)
[3151.839s][info][gc,heap        ] GC(656) Old regions: 505->536
[3151.839s][info][gc,heap        ] GC(656) Humongous regions: 80->80
[3151.839s][info][gc,metaspace   ] GC(656) Metaspace: 28953K(29376K)->28953K(29376K) NonClass: 24084K(24256K)->24084K(24256K) Class: 4869K(5120K)->4869K(5120K)
[3151.839s][info][gc             ] GC(656) Pause Young (Prepare Mixed) (G1 Evacuation Pause) 3624M->1455M(4096M) 120.619ms
[3151.839s][info][gc,cpu         ] GC(656) User=0.71s Sys=0.00s Real=0.12s
...[3155.178s][info][gc,start       ] GC(657) Pause Young (Mixed) (G1 Evacuation Pause)
[3155.178s][info][gc,task        ] GC(657) Using 6 workers of 6 for evacuation
[3155.314s][info][gc,phases      ] GC(657)   Pre Evacuate Collection Set: 0.39ms
[3155.314s][info][gc,phases      ] GC(657)   Merge Heap Roots: 0.78ms
[3155.314s][info][gc,phases      ] GC(657)   Evacuate Collection Set: 133.76ms
[3155.314s][info][gc,phases      ] GC(657)   Post Evacuate Collection Set: 1.00ms
[3155.314s][info][gc,phases      ] GC(657)   Other: 0.09ms
[3155.314s][info][gc,heap        ] GC(657) Eden regions: 1103->0(1118)
[3155.314s][info][gc,heap        ] GC(657) Survivor regions: 113->110(152)
[3155.314s][info][gc,heap        ] GC(657) Old regions: 536->473
[3155.314s][info][gc,heap        ] GC(657) Humongous regions: 80->80
[3155.314s][info][gc,metaspace   ] GC(657) Metaspace: 28953K(29376K)->28953K(29376K) NonClass: 24084K(24256K)->24084K(24256K) Class: 4869K(5120K)->4869K(5120K)
[3155.314s][info][gc             ] GC(657) Pause Young (Mixed) (G1 Evacuation Pause) 3661M->1324M(4096M) 136.189ms
[3155.314s][info][gc,cpu         ] GC(657) User=0.81s Sys=0.00s Real=0.14s
....[3158.670s][info][gc,start       ] GC(658) Pause Young (Concurrent Start) (G1 Evacuation Pause)
[3158.670s][info][gc,task        ] GC(658) Using 6 workers of 6 for evacuation
[3158.788s][info][gc,phases      ] GC(658)   Pre Evacuate Collection Set: 0.43ms
[3158.788s][info][gc,phases      ] GC(658)   Merge Heap Roots: 0.52ms
[3158.788s][info][gc,phases      ] GC(658)   Evacuate Collection Set: 115.58ms
[3158.788s][info][gc,phases      ] GC(658)   Post Evacuate Collection Set: 0.87ms
[3158.788s][info][gc,phases      ] GC(658)   Other: 0.10ms
[3158.788s][info][gc,heap        ] GC(658) Eden regions: 1118->0(1119)
[3158.788s][info][gc,heap        ] GC(658) Survivor regions: 110->109(154)
[3158.788s][info][gc,heap        ] GC(658) Old regions: 473->505
[3158.788s][info][gc,heap        ] GC(658) Humongous regions: 80->80
[3158.788s][info][gc,metaspace   ] GC(658) Metaspace: 28953K(29376K)->28953K(29376K) NonClass: 24084K(24256K)->24084K(24256K) Class: 4869K(5120K)->4869K(5120K)
[3158.788s][info][gc             ] GC(658) Pause Young (Concurrent Start) (G1 Evacuation Pause) 3560M->1386M(4096M) 117.660ms
[3158.788s][info][gc             ] GC(659) Concurrent Mark Cycle
[3158.788s][info][gc,marking     ] GC(659) Concurrent Scan Root Regions
[3158.788s][info][gc,cpu         ] GC(658) User=0.70s Sys=0.00s Real=0.12s
[3158.961s][info][gc,marking     ] GC(659) Concurrent Scan Root Regions 172.767ms
[3158.961s][info][gc,marking     ] GC(659) Concurrent Mark
[3158.961s][info][gc,marking     ] GC(659) Concurrent Mark From Roots
[3158.961s][info][gc,task        ] GC(659) Using 2 workers of 2 for marking
.[3159.771s][info][gc,marking     ] GC(659) Concurrent Mark From Roots 810.202ms
[3159.771s][info][gc,marking     ] GC(659) Concurrent Preclean
[3159.771s][info][gc,marking     ] GC(659) Concurrent Preclean 0.415ms
[3159.771s][info][gc,start       ] GC(659) Pause Remark
[3159.775s][info][gc             ] GC(659) Pause Remark 2100M->2100M(4096M) 3.451ms
[3159.775s][info][gc,cpu         ] GC(659) User=0.02s Sys=0.00s Real=0.01s
[3159.775s][info][gc,marking     ] GC(659) Concurrent Mark 814.315ms
[3159.775s][info][gc,marking     ] GC(659) Concurrent Rebuild Remembered Sets and Scrub Regions
[3160.089s][info][gc,marking     ] GC(659) Concurrent Rebuild Remembered Sets and Scrub Regions 314.493ms
[3160.090s][info][gc,start       ] GC(659) Pause Cleanup
[3160.090s][info][gc             ] GC(659) Pause Cleanup 2285M->2285M(4096M) 0.122ms
[3160.090s][info][gc,cpu         ] GC(659) User=0.00s Sys=0.00s Real=0.00s
[3160.090s][info][gc,marking     ] GC(659) Concurrent Clear Claimed Marks
[3160.090s][info][gc,marking     ] GC(659) Concurrent Clear Claimed Marks 0.027ms
[3160.090s][info][gc,marking     ] GC(659) Concurrent Cleanup for Next Mark
[3160.093s][info][gc,marking     ] GC(659) Concurrent Cleanup for Next Mark 3.202ms
[3160.093s][info][gc             ] GC(659) Concurrent Mark Cycle 1305.274ms
..[3162.190s][info][gc,start       ] GC(660) Pause Young (Prepare Mixed) (G1 Evacuation Pause)
[3162.190s][info][gc,task        ] GC(660) Using 6 workers of 6 for evacuation
[3162.309s][info][gc,phases      ] GC(660)   Pre Evacuate Collection Set: 0.35ms
[3162.309s][info][gc,phases      ] GC(660)   Merge Heap Roots: 0.56ms
[3162.309s][info][gc,phases      ] GC(660)   Evacuate Collection Set: 117.30ms
[3162.309s][info][gc,phases      ] GC(660)   Post Evacuate Collection Set: 0.96ms
[3162.309s][info][gc,phases      ] GC(660)   Other: 0.09ms
[3162.309s][info][gc,heap        ] GC(660) Eden regions: 1119->0(1107)
[3162.309s][info][gc,heap        ] GC(660) Survivor regions: 109->111(154)
[3162.309s][info][gc,heap        ] GC(660) Old regions: 505->536
[3162.309s][info][gc,heap        ] GC(660) Humongous regions: 80->80
[3162.309s][info][gc,metaspace   ] GC(660) Metaspace: 28953K(29376K)->28953K(29376K) NonClass: 24084K(24256K)->24084K(24256K) Class: 4869K(5120K)->4869K(5120K)
[3162.309s][info][gc             ] GC(660) Pause Young (Prepare Mixed) (G1 Evacuation Pause) 3624M->1452M(4096M) 119.394ms
[3162.309s][info][gc,cpu         ] GC(660) User=0.71s Sys=0.00s Real=0.12s
....[3165.711s][info][gc,start       ] GC(661) Pause Young (Mixed) (G1 Evacuation Pause)
[3165.711s][info][gc,task        ] GC(661) Using 6 workers of 6 for evacuation
[3165.848s][info][gc,phases      ] GC(661)   Pre Evacuate Collection Set: 0.39ms
[3165.848s][info][gc,phases      ] GC(661)   Merge Heap Roots: 0.79ms
[3165.848s][info][gc,phases      ] GC(661)   Evacuate Collection Set: 134.92ms
[3165.848s][info][gc,phases      ] GC(661)   Post Evacuate Collection Set: 0.98ms
[3165.849s][info][gc,phases      ] GC(661)   Other: 0.09ms
[3165.849s][info][gc,heap        ] GC(661) Eden regions: 1107->0(1118)
[3165.849s][info][gc,heap        ] GC(661) Survivor regions: 111->110(153)
[3165.849s][info][gc,heap        ] GC(661) Old regions: 536->473
[3165.849s][info][gc,heap        ] GC(661) Humongous regions: 80->80
[3165.849s][info][gc,metaspace   ] GC(661) Metaspace: 28953K(29376K)->28953K(29376K) NonClass: 24084K(24256K)->24084K(24256K) Class: 4869K(5120K)->4869K(5120K)
[3165.849s][info][gc             ] GC(661) Pause Young (Mixed) (G1 Evacuation Pause) 3666M->1324M(4096M) 137.292ms
[3165.849s][info][gc,cpu         ] GC(661) User=0.82s Sys=0.00s Real=0.14s
...[3169.169s][info][gc,start       ] GC(662) Pause Young (Concurrent Start) (G1 Evacuation Pause)
[3169.169s][info][gc,task        ] GC(662) Using 6 workers of 6 for evacuation
[3169.286s][info][gc,phases      ] GC(662)   Pre Evacuate Collection Set: 0.40ms
[3169.286s][info][gc,phases      ] GC(662)   Merge Heap Roots: 0.51ms
[3169.286s][info][gc,phases      ] GC(662)   Evacuate Collection Set: 115.40ms
[3169.287s][info][gc,phases      ] GC(662)   Post Evacuate Collection Set: 0.89ms
[3169.287s][info][gc,phases      ] GC(662)   Other: 0.13ms
[3169.287s][info][gc,heap        ] GC(662) Eden regions: 1118->0(1120)
[3169.287s][info][gc,heap        ] GC(662) Survivor regions: 110->108(154)
[3169.287s][info][gc,heap        ] GC(662) Old regions: 473->505
[3169.287s][info][gc,heap        ] GC(662) Humongous regions: 80->80
[3169.287s][info][gc,metaspace   ] GC(662) Metaspace: 28953K(29376K)->28953K(29376K) NonClass: 24084K(24256K)->24084K(24256K) Class: 4869K(5120K)->4869K(5120K)
[3169.287s][info][gc             ] GC(662) Pause Young (Concurrent Start) (G1 Evacuation Pause) 3560M->1384M(4096M) 117.467ms
[3169.287s][info][gc             ] GC(663) Concurrent Mark Cycle
[3169.287s][info][gc,marking     ] GC(663) Concurrent Scan Root Regions
[3169.287s][info][gc,cpu         ] GC(662) User=0.70s Sys=0.00s Real=0.12s
[3169.449s][info][gc,marking     ] GC(663) Concurrent Scan Root Regions 162.053ms
[3169.449s][info][gc,marking     ] GC(663) Concurrent Mark
[3169.449s][info][gc,marking     ] GC(663) Concurrent Mark From Roots
[3169.449s][info][gc,task        ] GC(663) Using 2 workers of 2 for marking
.[3170.129s][info][gc,marking     ] GC(663) Concurrent Mark From Roots 679.915ms
[3170.129s][info][gc,marking     ] GC(663) Concurrent Preclean
[3170.129s][info][gc,marking     ] GC(663) Concurrent Preclean 0.476ms
[3170.129s][info][gc,start       ] GC(663) Pause Remark
[3170.135s][info][gc             ] GC(663) Pause Remark 1974M->1974M(4096M) 5.300ms
[3170.135s][info][gc,cpu         ] GC(663) User=0.02s Sys=0.01s Real=0.01s
[3170.136s][info][gc,marking     ] GC(663) Concurrent Mark 687.686ms
[3170.136s][info][gc,marking     ] GC(663) Concurrent Rebuild Remembered Sets and Scrub Regions
[3170.396s][info][gc,marking     ] GC(663) Concurrent Rebuild Remembered Sets and Scrub Regions 259.778ms
[3170.397s][info][gc,start       ] GC(663) Pause Cleanup
[3170.397s][info][gc             ] GC(663) Pause Cleanup 2148M->2148M(4096M) 0.116ms
[3170.397s][info][gc,cpu         ] GC(663) User=0.00s Sys=0.00s Real=0.00s
[3170.398s][info][gc,marking     ] GC(663) Concurrent Clear Claimed Marks
[3170.398s][info][gc,marking     ] GC(663) Concurrent Clear Claimed Marks 0.030ms
[3170.398s][info][gc,marking     ] GC(663) Concurrent Cleanup for Next Mark
[3170.403s][info][gc,marking     ] GC(663) Concurrent Cleanup for Next Mark 4.846ms
[3170.403s][info][gc             ] GC(663) Concurrent Mark Cycle 1116.009ms
...[3172.729s][info][gc,start       ] GC(664) Pause Young (Prepare Mixed) (G1 Evacuation Pause)
[3172.729s][info][gc,task        ] GC(664) Using 6 workers of 6 for evacuation
[3172.848s][info][gc,phases      ] GC(664)   Pre Evacuate Collection Set: 0.37ms
[3172.848s][info][gc,phases      ] GC(664)   Merge Heap Roots: 0.55ms
[3172.848s][info][gc,phases      ] GC(664)   Evacuate Collection Set: 116.92ms
[3172.848s][info][gc,phases      ] GC(664)   Post Evacuate Collection Set: 0.96ms
[3172.848s][info][gc,phases      ] GC(664)   Other: 0.08ms
[3172.848s][info][gc,heap        ] GC(664) Eden regions: 1120->0(1107)
[3172.848s][info][gc,heap        ] GC(664) Survivor regions: 108->110(154)
[3172.848s][info][gc,heap        ] GC(664) Old regions: 505->538
[3172.848s][info][gc,heap        ] GC(664) Humongous regions: 80->80
[3172.848s][info][gc,metaspace   ] GC(664) Metaspace: 28953K(29376K)->28953K(29376K) NonClass: 24084K(24256K)->24084K(24256K) Class: 4869K(5120K)->4869K(5120K)
[3172.848s][info][gc             ] GC(664) Pause Young (Prepare Mixed) (G1 Evacuation Pause) 3624M->1454M(4096M) 119.036ms
[3172.848s][info][gc,cpu         ] GC(664) User=0.71s Sys=0.00s Real=0.12s
...[3176.162s][info][gc,start       ] GC(665) Pause Young (Mixed) (G1 Evacuation Pause)
[3176.162s][info][gc,task        ] GC(665) Using 6 workers of 6 for evacuation
[3176.293s][info][gc,phases      ] GC(665)   Pre Evacuate Collection Set: 0.38ms
[3176.293s][info][gc,phases      ] GC(665)   Merge Heap Roots: 0.71ms
[3176.293s][info][gc,phases      ] GC(665)   Evacuate Collection Set: 129.33ms
[3176.293s][info][gc,phases      ] GC(665)   Post Evacuate Collection Set: 0.95ms
[3176.293s][info][gc,phases      ] GC(665)   Other: 0.09ms
[3176.293s][info][gc,heap        ] GC(665) Eden regions: 1107->0(1120)
[3176.293s][info][gc,heap        ] GC(665) Survivor regions: 110->108(153)
[3176.293s][info][gc,heap        ] GC(665) Old regions: 538->473
[3176.293s][info][gc,heap        ] GC(665) Humongous regions: 80->80
[3176.293s][info][gc,metaspace   ] GC(665) Metaspace: 28953K(29376K)->28953K(29376K) NonClass: 24084K(24256K)->24084K(24256K) Class: 4869K(5120K)->4869K(5120K)
[3176.293s][info][gc             ] GC(665) Pause Young (Mixed) (G1 Evacuation Pause) 3668M->1320M(4096M) 131.587ms
[3176.293s][info][gc,cpu         ] GC(665) User=0.78s Sys=0.00s Real=0.14s
... (rIR:aIR:PR = 5396:5398:5398) (tPR = 80373) [OK] 
  3178s: Performance info:
         Transaction,    Success,    Partial,     Failed,   Receipts, AvgBarcode, 
             Overall,     325209,          0,          0,     308953,      59.48, 
         Response times:
             Request,    Success,    Partial,     Failed,   SkipFail,     Probes,    Samples,      min,      p50,      p90,      p95,      p99,      max, 
       TotalPurchase,     308953,          0,          0,          0,     300363,     333757,      200,     4200,     8800,    19000,    58000,   209000,
     InStorePurchase,     162622,          0,          0,          0,     158354,     175474,      300,     4100,     8800,    18800,    57000,   209000,
      OnlinePurchase,     113793,          0,          0,          0,     110604,     123169,      200,     4200,     8800,    19200,    59000,   209000,
        InstPurchase,      32538,          0,          0,          0,      31405,      35114,      400,     4400,     8800,    18900,    55000,   173000,
          AssocOfCat,        324,          0,          0,          0,        259,        344,    24000,    33500,    59000,    86750,   167600,   184000,
      AssocOfProduct,       3251,          0,          0,          0,       3037,       3544,      400,     4300,     8950,    20625,    58000,   144000,
      BusinessReport,        812,          0,          0,          0,        709,        909,    25000,    37000,    72000,    90000,   167800,   216000,
          CustBuyBeh,       3252,          0,          0,          0,       3011,       3532,      100,     4000,     8500,    16900,    56670,   146000,
       ProductReturn,       8617,          0,          0,          0,       8234,       9270,      200,     3600,     8800,    18545,    66000,   145000,

  3178s: (40%)   IR =   5535 .[3179.677s][info][gc,start       ] GC(666) Pause Young (Concurrent Start) (G1 Evacuation Pause)
[3179.677s][info][gc,task        ] GC(666) Using 6 workers of 6 for evacuation
[3179.796s][info][gc,phases      ] GC(666)   Pre Evacuate Collection Set: 0.38ms
[3179.796s][info][gc,phases      ] GC(666)   Merge Heap Roots: 0.50ms
[3179.796s][info][gc,phases      ] GC(666)   Evacuate Collection Set: 116.98ms
[3179.796s][info][gc,phases      ] GC(666)   Post Evacuate Collection Set: 0.97ms
[3179.796s][info][gc,phases      ] GC(666)   Other: 0.10ms
[3179.796s][info][gc,heap        ] GC(666) Eden regions: 1120->0(1117)
[3179.796s][info][gc,heap        ] GC(666) Survivor regions: 108->111(154)
[3179.796s][info][gc,heap        ] GC(666) Old regions: 473->505
[3179.796s][info][gc,heap        ] GC(666) Humongous regions: 80->80
[3179.796s][info][gc,metaspace   ] GC(666) Metaspace: 28953K(29376K)->28953K(29376K) NonClass: 24084K(24256K)->24084K(24256K) Class: 4869K(5120K)->4869K(5120K)
[3179.796s][info][gc             ] GC(666) Pause Young (Concurrent Start) (G1 Evacuation Pause) 3560M->1389M(4096M) 119.078ms
[3179.796s][info][gc             ] GC(667) Concurrent Mark Cycle
[3179.796s][info][gc,marking     ] GC(667) Concurrent Scan Root Regions
[3179.796s][info][gc,cpu         ] GC(666) User=0.71s Sys=0.00s Real=0.12s
[3179.976s][info][gc,marking     ] GC(667) Concurrent Scan Root Regions 179.460ms
[3179.976s][info][gc,marking     ] GC(667) Concurrent Mark
[3179.976s][info][gc,marking     ] GC(667) Concurrent Mark From Roots
[3179.976s][info][gc,task        ] GC(667) Using 2 workers of 2 for marking
.[3180.961s][info][gc,marking     ] GC(667) Concurrent Mark From Roots 985.247ms
[3180.961s][info][gc,marking     ] GC(667) Concurrent Preclean
[3180.962s][info][gc,marking     ] GC(667) Concurrent Preclean 0.409ms
[3180.962s][info][gc,start       ] GC(667) Pause Remark
[3180.968s][info][gc             ] GC(667) Pause Remark 2253M->2253M(4096M) 5.682ms
[3180.968s][info][gc,cpu         ] GC(667) User=0.03s Sys=0.00s Real=0.01s
[3180.969s][info][gc,marking     ] GC(667) Concurrent Mark 992.973ms
[3180.969s][info][gc,marking     ] GC(667) Concurrent Rebuild Remembered Sets and Scrub Regions
[3181.216s][info][gc,marking     ] GC(667) Concurrent Rebuild Remembered Sets and Scrub Regions 246.700ms
[3181.216s][info][gc,start       ] GC(667) Pause Cleanup
[3181.216s][info][gc             ] GC(667) Pause Cleanup 2412M->2412M(4096M) 0.107ms
[3181.216s][info][gc,cpu         ] GC(667) User=0.00s Sys=0.00s Real=0.00s
[3181.216s][info][gc,marking     ] GC(667) Concurrent Clear Claimed Marks
[3181.216s][info][gc,marking     ] GC(667) Concurrent Clear Claimed Marks 0.024ms
[3181.216s][info][gc,marking     ] GC(667) Concurrent Cleanup for Next Mark
[3181.220s][info][gc,marking     ] GC(667) Concurrent Cleanup for Next Mark 4.405ms
[3181.220s][info][gc             ] GC(667) Concurrent Mark Cycle 1424.013ms
..[3183.047s][info][gc,start       ] GC(668) Pause Young (Prepare Mixed) (G1 Evacuation Pause)
[3183.047s][info][gc,task        ] GC(668) Using 6 workers of 6 for evacuation
[3183.165s][info][gc,phases      ] GC(668)   Pre Evacuate Collection Set: 0.34ms
[3183.165s][info][gc,phases      ] GC(668)   Merge Heap Roots: 0.57ms
[3183.165s][info][gc,phases      ] GC(668)   Evacuate Collection Set: 115.61ms
[3183.165s][info][gc,phases      ] GC(668)   Post Evacuate Collection Set: 0.95ms
[3183.165s][info][gc,phases      ] GC(668)   Other: 0.09ms
[3183.165s][info][gc,heap        ] GC(668) Eden regions: 1117->0(1112)
[3183.165s][info][gc,heap        ] GC(668) Survivor regions: 111->108(154)
[3183.165s][info][gc,heap        ] GC(668) Old regions: 505->537
[3183.165s][info][gc,heap        ] GC(668) Humongous regions: 80->80
[3183.165s][info][gc,metaspace   ] GC(668) Metaspace: 28953K(29376K)->28953K(29376K) NonClass: 24084K(24256K)->24084K(24256K) Class: 4869K(5120K)->4869K(5120K)
[3183.165s][info][gc             ] GC(668) Pause Young (Prepare Mixed) (G1 Evacuation Pause) 3623M->1448M(4096M) 117.698ms
[3183.165s][info][gc,cpu         ] GC(668) User=0.70s Sys=0.00s Real=0.12s
...|[3186.500s][info][gc,start       ] GC(669) Pause Young (Mixed) (G1 Evacuation Pause)
[3186.500s][info][gc,task        ] GC(669) Using 6 workers of 6 for evacuation
[3186.634s][info][gc,phases      ] GC(669)   Pre Evacuate Collection Set: 0.39ms
[3186.634s][info][gc,phases      ] GC(669)   Merge Heap Roots: 0.83ms
[3186.634s][info][gc,phases      ] GC(669)   Evacuate Collection Set: 131.84ms
[3186.634s][info][gc,phases      ] GC(669)   Post Evacuate Collection Set: 0.97ms
[3186.634s][info][gc,phases      ] GC(669)   Other: 0.10ms
[3186.634s][info][gc,heap        ] GC(669) Eden regions: 1112->0(1120)
[3186.634s][info][gc,heap        ] GC(669) Survivor regions: 108->108(153)
[3186.634s][info][gc,heap        ] GC(669) Old regions: 537->473
[3186.634s][info][gc,heap        ] GC(669) Humongous regions: 80->80
[3186.634s][info][gc,metaspace   ] GC(669) Metaspace: 28953K(29376K)->28953K(29376K) NonClass: 24084K(24256K)->24084K(24256K) Class: 4869K(5120K)->4869K(5120K)
[3186.634s][info][gc             ] GC(669) Pause Young (Mixed) (G1 Evacuation Pause) 3672M->1320M(4096M) 134.291ms
[3186.634s][info][gc,cpu         ] GC(669) User=0.80s Sys=0.00s Real=0.14s
....[3189.953s][info][gc,start       ] GC(670) Pause Young (Concurrent Start) (G1 Evacuation Pause)
[3189.953s][info][gc,task        ] GC(670) Using 6 workers of 6 for evacuation
[3190.072s][info][gc,phases      ] GC(670)   Pre Evacuate Collection Set: 0.38ms
[3190.072s][info][gc,phases      ] GC(670)   Merge Heap Roots: 0.48ms
[3190.072s][info][gc,phases      ] GC(670)   Evacuate Collection Set: 117.03ms
[3190.072s][info][gc,phases      ] GC(670)   Post Evacuate Collection Set: 0.92ms
[3190.072s][info][gc,phases      ] GC(670)   Other: 0.11ms
[3190.072s][info][gc,heap        ] GC(670) Eden regions: 1120->0(1119)
[3190.072s][info][gc,heap        ] GC(670) Survivor regions: 108->109(154)
[3190.072s][info][gc,heap        ] GC(670) Old regions: 473->505
[3190.072s][info][gc,heap        ] GC(670) Humongous regions: 80->80
[3190.072s][info][gc,metaspace   ] GC(670) Metaspace: 28953K(29376K)->28953K(29376K) NonClass: 24084K(24256K)->24084K(24256K) Class: 4869K(5120K)->4869K(5120K)
[3190.072s][info][gc             ] GC(670) Pause Young (Concurrent Start) (G1 Evacuation Pause) 3560M->1386M(4096M) 119.048ms
[3190.072s][info][gc             ] GC(671) Concurrent Mark Cycle
[3190.072s][info][gc,marking     ] GC(671) Concurrent Scan Root Regions
[3190.072s][info][gc,cpu         ] GC(670) User=0.71s Sys=0.00s Real=0.11s
[3190.207s][info][gc,marking     ] GC(671) Concurrent Scan Root Regions 135.597ms
[3190.207s][info][gc,marking     ] GC(671) Concurrent Mark
[3190.207s][info][gc,marking     ] GC(671) Concurrent Mark From Roots
[3190.207s][info][gc,task        ] GC(671) Using 2 workers of 2 for marking
.[3190.893s][info][gc,marking     ] GC(671) Concurrent Mark From Roots 685.573ms
[3190.893s][info][gc,marking     ] GC(671) Concurrent Preclean
[3190.893s][info][gc,marking     ] GC(671) Concurrent Preclean 0.241ms
[3190.895s][info][gc,start       ] GC(671) Pause Remark
[3190.898s][info][gc             ] GC(671) Pause Remark 2018M->2018M(4096M) 2.979ms
[3190.898s][info][gc,cpu         ] GC(671) User=0.01s Sys=0.00s Real=0.00s
[3190.898s][info][gc,marking     ] GC(671) Concurrent Mark 690.438ms
[3190.898s][info][gc,marking     ] GC(671) Concurrent Rebuild Remembered Sets and Scrub Regions
[3191.192s][info][gc,marking     ] GC(671) Concurrent Rebuild Remembered Sets and Scrub Regions 294.587ms
[3191.193s][info][gc,start       ] GC(671) Pause Cleanup
[3191.193s][info][gc             ] GC(671) Pause Cleanup 2227M->2227M(4096M) 0.122ms
[3191.193s][info][gc,cpu         ] GC(671) User=0.00s Sys=0.00s Real=0.00s
[3191.193s][info][gc,marking     ] GC(671) Concurrent Clear Claimed Marks
[3191.193s][info][gc,marking     ] GC(671) Concurrent Clear Claimed Marks 0.028ms
[3191.193s][info][gc,marking     ] GC(671) Concurrent Cleanup for Next Mark
[3191.197s][info][gc,marking     ] GC(671) Concurrent Cleanup for Next Mark 3.884ms
[3191.197s][info][gc             ] GC(671) Concurrent Mark Cycle 1125.042ms
..[3193.291s][info][gc,start       ] GC(672) Pause Young (Prepare Mixed) (G1 Evacuation Pause)
[3193.291s][info][gc,task        ] GC(672) Using 6 workers of 6 for evacuation
[3193.407s][info][gc,phases      ] GC(672)   Pre Evacuate Collection Set: 0.35ms
[3193.407s][info][gc,phases      ] GC(672)   Merge Heap Roots: 0.54ms
[3193.407s][info][gc,phases      ] GC(672)   Evacuate Collection Set: 114.62ms
[3193.407s][info][gc,phases      ] GC(672)   Post Evacuate Collection Set: 0.95ms
[3193.407s][info][gc,phases      ] GC(672)   Other: 0.09ms
[3193.407s][info][gc,heap        ] GC(672) Eden regions: 1119->0(1110)
[3193.407s][info][gc,heap        ] GC(672) Survivor regions: 109->109(154)
[3193.407s][info][gc,heap        ] GC(672) Old regions: 505->537
[3193.407s][info][gc,heap        ] GC(672) Humongous regions: 80->80
[3193.407s][info][gc,metaspace   ] GC(672) Metaspace: 28953K(29376K)->28953K(29376K) NonClass: 24084K(24256K)->24084K(24256K) Class: 4869K(5120K)->4869K(5120K)
[3193.407s][info][gc             ] GC(672) Pause Young (Prepare Mixed) (G1 Evacuation Pause) 3624M->1451M(4096M) 116.690ms
[3193.407s][info][gc,cpu         ] GC(672) User=0.69s Sys=0.00s Real=0.12s
....[3196.728s][info][gc,start       ] GC(673) Pause Young (Mixed) (G1 Evacuation Pause)
[3196.728s][info][gc,task        ] GC(673) Using 6 workers of 6 for evacuation
[3196.864s][info][gc,phases      ] GC(673)   Pre Evacuate Collection Set: 0.41ms
[3196.864s][info][gc,phases      ] GC(673)   Merge Heap Roots: 0.76ms
[3196.864s][info][gc,phases      ] GC(673)   Evacuate Collection Set: 133.87ms
[3196.864s][info][gc,phases      ] GC(673)   Post Evacuate Collection Set: 0.96ms
[3196.864s][info][gc,phases      ] GC(673)   Other: 0.09ms
[3196.864s][info][gc,heap        ] GC(673) Eden regions: 1110->0(1118)
[3196.864s][info][gc,heap        ] GC(673) Survivor regions: 109->110(153)
[3196.864s][info][gc,heap        ] GC(673) Old regions: 537->473
[3196.864s][info][gc,heap        ] GC(673) Humongous regions: 80->80
[3196.864s][info][gc,metaspace   ] GC(673) Metaspace: 28953K(29376K)->28953K(29376K) NonClass: 24084K(24256K)->24084K(24256K) Class: 4869K(5120K)->4869K(5120K)
[3196.864s][info][gc             ] GC(673) Pause Young (Mixed) (G1 Evacuation Pause) 3671M->1325M(4096M) 136.212ms
[3196.864s][info][gc,cpu         ] GC(673) User=0.81s Sys=0.00s Real=0.14s
...[3200.221s][info][gc,start       ] GC(674) Pause Young (Concurrent Start) (G1 Evacuation Pause)
[3200.221s][info][gc,task        ] GC(674) Using 6 workers of 6 for evacuation
[3200.338s][info][gc,phases      ] GC(674)   Pre Evacuate Collection Set: 0.40ms
[3200.338s][info][gc,phases      ] GC(674)   Merge Heap Roots: 0.50ms
[3200.338s][info][gc,phases      ] GC(674)   Evacuate Collection Set: 114.42ms
[3200.338s][info][gc,phases      ] GC(674)   Post Evacuate Collection Set: 0.90ms
[3200.338s][info][gc,phases      ] GC(674)   Other: 0.12ms
[3200.338s][info][gc,heap        ] GC(674) Eden regions: 1118->0(1118)
[3200.338s][info][gc,heap        ] GC(674) Survivor regions: 110->110(154)
[3200.338s][info][gc,heap        ] GC(674) Old regions: 473->505
[3200.338s][info][gc,heap        ] GC(674) Humongous regions: 80->80
[3200.338s][info][gc,metaspace   ] GC(674) Metaspace: 28953K(29376K)->28953K(29376K) NonClass: 24084K(24256K)->24084K(24256K) Class: 4869K(5120K)->4869K(5120K)
[3200.338s][info][gc             ] GC(674) Pause Young (Concurrent Start) (G1 Evacuation Pause) 3561M->1387M(4096M) 116.480ms
[3200.338s][info][gc             ] GC(675) Concurrent Mark Cycle
[3200.338s][info][gc,marking     ] GC(675) Concurrent Scan Root Regions
[3200.338s][info][gc,cpu         ] GC(674) User=0.70s Sys=0.00s Real=0.12s
[3200.478s][info][gc,marking     ] GC(675) Concurrent Scan Root Regions 139.947ms
[3200.478s][info][gc,marking     ] GC(675) Concurrent Mark
[3200.478s][info][gc,marking     ] GC(675) Concurrent Mark From Roots
[3200.478s][info][gc,task        ] GC(675) Using 2 workers of 2 for marking
.[3201.176s][info][gc,marking     ] GC(675) Concurrent Mark From Roots 698.409ms
[3201.176s][info][gc,marking     ] GC(675) Concurrent Preclean
[3201.176s][info][gc,marking     ] GC(675) Concurrent Preclean 0.072ms
[3201.176s][info][gc,start       ] GC(675) Pause Remark
[3201.181s][info][gc             ] GC(675) Pause Remark 2026M->2026M(4096M) 5.033ms
[3201.182s][info][gc,cpu         ] GC(675) User=0.03s Sys=0.00s Real=0.00s
[3201.182s][info][gc,marking     ] GC(675) Concurrent Mark 703.793ms
[3201.182s][info][gc,marking     ] GC(675) Concurrent Rebuild Remembered Sets and Scrub Regions
[3201.422s][info][gc,marking     ] GC(675) Concurrent Rebuild Remembered Sets and Scrub Regions 240.557ms
[3201.422s][info][gc,start       ] GC(675) Pause Cleanup
[3201.422s][info][gc             ] GC(675) Pause Cleanup 2175M->2175M(4096M) 0.132ms
[3201.422s][info][gc,cpu         ] GC(675) User=0.00s Sys=0.00s Real=0.01s
[3201.423s][info][gc,marking     ] GC(675) Concurrent Clear Claimed Marks
[3201.423s][info][gc,marking     ] GC(675) Concurrent Clear Claimed Marks 0.030ms
[3201.423s][info][gc,marking     ] GC(675) Concurrent Cleanup for Next Mark
[3201.427s][info][gc,marking     ] GC(675) Concurrent Cleanup for Next Mark 4.446ms
[3201.427s][info][gc             ] GC(675) Concurrent Mark Cycle 1089.304ms
..[3203.594s][info][gc,start       ] GC(676) Pause Young (Prepare Mixed) (G1 Evacuation Pause)
[3203.594s][info][gc,task        ] GC(676) Using 6 workers of 6 for evacuation
[3203.715s][info][gc,phases      ] GC(676)   Pre Evacuate Collection Set: 0.33ms
[3203.715s][info][gc,phases      ] GC(676)   Merge Heap Roots: 0.53ms
[3203.715s][info][gc,phases      ] GC(676)   Evacuate Collection Set: 119.46ms
[3203.715s][info][gc,phases      ] GC(676)   Post Evacuate Collection Set: 0.96ms
[3203.715s][info][gc,phases      ] GC(676)   Other: 0.08ms
[3203.715s][info][gc,heap        ] GC(676) Eden regions: 1118->0(1106)
[3203.715s][info][gc,heap        ] GC(676) Survivor regions: 110->111(154)
[3203.715s][info][gc,heap        ] GC(676) Old regions: 505->537
[3203.715s][info][gc,heap        ] GC(676) Humongous regions: 80->80
[3203.715s][info][gc,metaspace   ] GC(676) Metaspace: 28953K(29376K)->28953K(29376K) NonClass: 24084K(24256K)->24084K(24256K) Class: 4869K(5120K)->4869K(5120K)
[3203.715s][info][gc             ] GC(676) Pause Young (Prepare Mixed) (G1 Evacuation Pause) 3623M->1455M(4096M) 121.491ms
[3203.715s][info][gc,cpu         ] GC(676) User=0.72s Sys=0.00s Real=0.12s
....[3207.019s][info][gc,start       ] GC(677) Pause Young (Mixed) (G1 Evacuation Pause)
[3207.019s][info][gc,task        ] GC(677) Using 6 workers of 6 for evacuation
[3207.154s][info][gc,phases      ] GC(677)   Pre Evacuate Collection Set: 0.36ms
[3207.154s][info][gc,phases      ] GC(677)   Merge Heap Roots: 0.68ms
[3207.154s][info][gc,phases      ] GC(677)   Evacuate Collection Set: 133.19ms
[3207.154s][info][gc,phases      ] GC(677)   Post Evacuate Collection Set: 0.98ms
[3207.154s][info][gc,phases      ] GC(677)   Other: 0.09ms
[3207.154s][info][gc,heap        ] GC(677) Eden regions: 1106->0(1117)
[3207.154s][info][gc,heap        ] GC(677) Survivor regions: 111->111(153)
[3207.154s][info][gc,heap        ] GC(677) Old regions: 537->471
[3207.154s][info][gc,heap        ] GC(677) Humongous regions: 80->80
[3207.154s][info][gc,metaspace   ] GC(677) Metaspace: 28953K(29376K)->28953K(29376K) NonClass: 24084K(24256K)->24084K(24256K) Class: 4869K(5120K)->4869K(5120K)
[3207.154s][info][gc             ] GC(677) Pause Young (Mixed) (G1 Evacuation Pause) 3667M->1322M(4096M) 135.414ms
[3207.154s][info][gc,cpu         ] GC(677) User=0.81s Sys=0.00s Real=0.14s
...[3210.361s][info][gc,start       ] GC(678) Pause Young (Concurrent Start) (G1 Evacuation Pause)
[3210.361s][info][gc,task        ] GC(678) Using 6 workers of 6 for evacuation
[3210.478s][info][gc,phases      ] GC(678)   Pre Evacuate Collection Set: 0.39ms
[3210.478s][info][gc,phases      ] GC(678)   Merge Heap Roots: 0.54ms
[3210.478s][info][gc,phases      ] GC(678)   Evacuate Collection Set: 115.01ms
[3210.478s][info][gc,phases      ] GC(678)   Post Evacuate Collection Set: 0.93ms
[3210.478s][info][gc,phases      ] GC(678)   Other: 0.11ms
[3210.478s][info][gc,heap        ] GC(678) Eden regions: 1117->0(1119)
[3210.478s][info][gc,heap        ] GC(678) Survivor regions: 111->109(154)
[3210.478s][info][gc,heap        ] GC(678) Old regions: 471->503
[3210.478s][info][gc,heap        ] GC(678) Humongous regions: 80->80
[3210.478s][info][gc,metaspace   ] GC(678) Metaspace: 28953K(29376K)->28953K(29376K) NonClass: 24084K(24256K)->24084K(24256K) Class: 4869K(5120K)->4869K(5120K)
[3210.478s][info][gc             ] GC(678) Pause Young (Concurrent Start) (G1 Evacuation Pause) 3556M->1381M(4096M) 117.133ms
[3210.478s][info][gc             ] GC(679) Concurrent Mark Cycle
[3210.478s][info][gc,marking     ] GC(679) Concurrent Scan Root Regions
[3210.478s][info][gc,cpu         ] GC(678) User=0.70s Sys=0.00s Real=0.12s
[3210.650s][info][gc,marking     ] GC(679) Concurrent Scan Root Regions 172.367ms
[3210.650s][info][gc,marking     ] GC(679) Concurrent Mark
[3210.650s][info][gc,marking     ] GC(679) Concurrent Mark From Roots
[3210.650s][info][gc,task        ] GC(679) Using 2 workers of 2 for marking
.[3211.391s][info][gc,marking     ] GC(679) Concurrent Mark From Roots 740.439ms
[3211.391s][info][gc,marking     ] GC(679) Concurrent Preclean
[3211.391s][info][gc,marking     ] GC(679) Concurrent Preclean 0.181ms
[3211.391s][info][gc,start       ] GC(679) Pause Remark
[3211.396s][info][gc             ] GC(679) Pause Remark 1980M->1980M(4096M) 5.270ms
[3211.396s][info][gc,cpu         ] GC(679) User=0.02s Sys=0.00s Real=0.01s
[3211.397s][info][gc,marking     ] GC(679) Concurrent Mark 746.145ms
[3211.397s][info][gc,marking     ] GC(679) Concurrent Rebuild Remembered Sets and Scrub Regions
[3211.707s][info][gc,marking     ] GC(679) Concurrent Rebuild Remembered Sets and Scrub Regions 310.828ms
[3211.708s][info][gc,start       ] GC(679) Pause Cleanup
[3211.708s][info][gc             ] GC(679) Pause Cleanup 2236M->2236M(4096M) 0.112ms
[3211.708s][info][gc,cpu         ] GC(679) User=0.00s Sys=0.00s Real=0.00s
[3211.708s][info][gc,marking     ] GC(679) Concurrent Clear Claimed Marks
[3211.708s][info][gc,marking     ] GC(679) Concurrent Clear Claimed Marks 0.026ms
[3211.708s][info][gc,marking     ] GC(679) Concurrent Cleanup for Next Mark
[3211.711s][info][gc,marking     ] GC(679) Concurrent Cleanup for Next Mark 3.182ms
[3211.711s][info][gc             ] GC(679) Concurrent Mark Cycle 1232.993ms
...[3213.810s][info][gc,start       ] GC(680) Pause Young (Prepare Mixed) (G1 Evacuation Pause)
[3213.811s][info][gc,task        ] GC(680) Using 6 workers of 6 for evacuation
[3213.931s][info][gc,phases      ] GC(680)   Pre Evacuate Collection Set: 0.36ms
[3213.931s][info][gc,phases      ] GC(680)   Merge Heap Roots: 0.55ms
[3213.931s][info][gc,phases      ] GC(680)   Evacuate Collection Set: 118.77ms
[3213.931s][info][gc,phases      ] GC(680)   Post Evacuate Collection Set: 0.95ms
[3213.931s][info][gc,phases      ] GC(680)   Other: 0.09ms
[3213.931s][info][gc,heap        ] GC(680) Eden regions: 1119->0(1107)
[3213.931s][info][gc,heap        ] GC(680) Survivor regions: 109->112(154)
[3213.931s][info][gc,heap        ] GC(680) Old regions: 503->534
[3213.931s][info][gc,heap        ] GC(680) Humongous regions: 80->80
[3213.931s][info][gc,metaspace   ] GC(680) Metaspace: 28953K(29376K)->28953K(29376K) NonClass: 24084K(24256K)->24084K(24256K) Class: 4869K(5120K)->4869K(5120K)
[3213.931s][info][gc             ] GC(680) Pause Young (Prepare Mixed) (G1 Evacuation Pause) 3619M->1451M(4096M) 120.854ms
[3213.931s][info][gc,cpu         ] GC(680) User=0.72s Sys=0.00s Real=0.12s
...[3217.230s][info][gc,start       ] GC(681) Pause Young (Mixed) (G1 Evacuation Pause)
[3217.230s][info][gc,task        ] GC(681) Using 6 workers of 6 for evacuation
[3217.365s][info][gc,phases      ] GC(681)   Pre Evacuate Collection Set: 0.40ms
[3217.365s][info][gc,phases      ] GC(681)   Merge Heap Roots: 0.76ms
[3217.365s][info][gc,phases      ] GC(681)   Evacuate Collection Set: 132.91ms
[3217.365s][info][gc,phases      ] GC(681)   Post Evacuate Collection Set: 0.94ms
[3217.365s][info][gc,phases      ] GC(681)   Other: 0.09ms
[3217.365s][info][gc,heap        ] GC(681) Eden regions: 1107->0(1119)
[3217.365s][info][gc,heap        ] GC(681) Survivor regions: 112->109(153)
[3217.365s][info][gc,heap        ] GC(681) Old regions: 534->473
[3217.365s][info][gc,heap        ] GC(681) Humongous regions: 80->80
[3217.365s][info][gc,metaspace   ] GC(681) Metaspace: 28953K(29376K)->28953K(29376K) NonClass: 24084K(24256K)->24084K(24256K) Class: 4869K(5120K)->4869K(5120K)
[3217.365s][info][gc             ] GC(681) Pause Young (Mixed) (G1 Evacuation Pause) 3665M->1321M(4096M) 135.231ms
[3217.365s][info][gc,cpu         ] GC(681) User=0.80s Sys=0.00s Real=0.14s
...[3220.628s][info][gc,start       ] GC(682) Pause Young (Concurrent Start) (G1 Evacuation Pause)
[3220.628s][info][gc,task        ] GC(682) Using 6 workers of 6 for evacuation
[3220.745s][info][gc,phases      ] GC(682)   Pre Evacuate Collection Set: 0.38ms
[3220.745s][info][gc,phases      ] GC(682)   Merge Heap Roots: 0.49ms
[3220.745s][info][gc,phases      ] GC(682)   Evacuate Collection Set: 115.84ms
[3220.745s][info][gc,phases      ] GC(682)   Post Evacuate Collection Set: 0.91ms
[3220.745s][info][gc,phases      ] GC(682)   Other: 0.10ms
[3220.745s][info][gc,heap        ] GC(682) Eden regions: 1119->0(1118)
[3220.745s][info][gc,heap        ] GC(682) Survivor regions: 109->110(154)
[3220.745s][info][gc,heap        ] GC(682) Old regions: 473->504
[3220.745s][info][gc,heap        ] GC(682) Humongous regions: 80->80
[3220.745s][info][gc,metaspace   ] GC(682) Metaspace: 28953K(29376K)->28953K(29376K) NonClass: 24084K(24256K)->24084K(24256K) Class: 4869K(5120K)->4869K(5120K)
[3220.745s][info][gc             ] GC(682) Pause Young (Concurrent Start) (G1 Evacuation Pause) 3559M->1386M(4096M) 117.838ms
[3220.745s][info][gc             ] GC(683) Concurrent Mark Cycle
[3220.745s][info][gc,marking     ] GC(683) Concurrent Scan Root Regions
[3220.745s][info][gc,cpu         ] GC(682) User=0.70s Sys=0.00s Real=0.12s
.[3220.923s][info][gc,marking     ] GC(683) Concurrent Scan Root Regions 177.801ms
[3220.923s][info][gc,marking     ] GC(683) Concurrent Mark
[3220.923s][info][gc,marking     ] GC(683) Concurrent Mark From Roots
[3220.923s][info][gc,task        ] GC(683) Using 2 workers of 2 for marking
.[3221.862s][info][gc,marking     ] GC(683) Concurrent Mark From Roots 938.856ms
[3221.862s][info][gc,marking     ] GC(683) Concurrent Preclean
[3221.862s][info][gc,marking     ] GC(683) Concurrent Preclean 0.254ms
[3221.864s][info][gc,start       ] GC(683) Pause Remark
[3221.870s][info][gc             ] GC(683) Pause Remark 2186M->2186M(4096M) 5.213ms
[3221.870s][info][gc,cpu         ] GC(683) User=0.02s Sys=0.00s Real=0.00s
[3221.870s][info][gc,marking     ] GC(683) Concurrent Mark 946.422ms
[3221.870s][info][gc,marking     ] GC(683) Concurrent Rebuild Remembered Sets and Scrub Regions
[3222.280s][info][gc,marking     ] GC(683) Concurrent Rebuild Remembered Sets and Scrub Regions 410.653ms
[3222.281s][info][gc,start       ] GC(683) Pause Cleanup
[3222.281s][info][gc             ] GC(683) Pause Cleanup 2480M->2480M(4096M) 0.140ms
[3222.281s][info][gc,cpu         ] GC(683) User=0.00s Sys=0.00s Real=0.00s
[3222.281s][info][gc,marking     ] GC(683) Concurrent Clear Claimed Marks
[3222.281s][info][gc,marking     ] GC(683) Concurrent Clear Claimed Marks 0.035ms
[3222.281s][info][gc,marking     ] GC(683) Concurrent Cleanup for Next Mark
[3222.285s][info][gc,marking     ] GC(683) Concurrent Cleanup for Next Mark 3.961ms
[3222.285s][info][gc             ] GC(683) Concurrent Mark Cycle 1540.057ms
..[3224.042s][info][gc,start       ] GC(684) Pause Young (Prepare Mixed) (G1 Evacuation Pause)
[3224.042s][info][gc,task        ] GC(684) Using 6 workers of 6 for evacuation
[3224.158s][info][gc,phases      ] GC(684)   Pre Evacuate Collection Set: 0.37ms
[3224.158s][info][gc,phases      ] GC(684)   Merge Heap Roots: 0.55ms
[3224.158s][info][gc,phases      ] GC(684)   Evacuate Collection Set: 114.23ms
[3224.158s][info][gc,phases      ] GC(684)   Post Evacuate Collection Set: 0.99ms
[3224.158s][info][gc,phases      ] GC(684)   Other: 0.09ms
[3224.158s][info][gc,heap        ] GC(684) Eden regions: 1118->0(1113)
[3224.158s][info][gc,heap        ] GC(684) Survivor regions: 110->108(154)
[3224.158s][info][gc,heap        ] GC(684) Old regions: 504->536
[3224.158s][info][gc,heap        ] GC(684) Humongous regions: 80->80
[3224.158s][info][gc,metaspace   ] GC(684) Metaspace: 28953K(29376K)->28953K(29376K) NonClass: 24084K(24256K)->24084K(24256K) Class: 4869K(5120K)->4869K(5120K)
[3224.158s][info][gc             ] GC(684) Pause Young (Prepare Mixed) (G1 Evacuation Pause) 3622M->1447M(4096M) 116.389ms
[3224.158s][info][gc,cpu         ] GC(684) User=0.69s Sys=0.00s Real=0.12s
...[3227.479s][info][gc,start       ] GC(685) Pause Young (Mixed) (G1 Evacuation Pause)
[3227.480s][info][gc,task        ] GC(685) Using 6 workers of 6 for evacuation
[3227.618s][info][gc,phases      ] GC(685)   Pre Evacuate Collection Set: 0.35ms
[3227.618s][info][gc,phases      ] GC(685)   Merge Heap Roots: 0.69ms
[3227.618s][info][gc,phases      ] GC(685)   Evacuate Collection Set: 136.83ms
[3227.619s][info][gc,phases      ] GC(685)   Post Evacuate Collection Set: 1.00ms
[3227.619s][info][gc,phases      ] GC(685)   Other: 0.09ms
[3227.619s][info][gc,heap        ] GC(685) Eden regions: 1113->0(1114)
[3227.619s][info][gc,heap        ] GC(685) Survivor regions: 108->114(153)
[3227.619s][info][gc,heap        ] GC(685) Old regions: 536->473
[3227.619s][info][gc,heap        ] GC(685) Humongous regions: 80->80
[3227.619s][info][gc,metaspace   ] GC(685) Metaspace: 28953K(29376K)->28953K(29376K) NonClass: 24084K(24256K)->24084K(24256K) Class: 4869K(5120K)->4869K(5120K)
[3227.619s][info][gc             ] GC(685) Pause Young (Mixed) (G1 Evacuation Pause) 3673M->1332M(4096M) 139.084ms
[3227.619s][info][gc,cpu         ] GC(685) User=0.83s Sys=0.00s Real=0.14s
....[3230.880s][info][gc,start       ] GC(686) Pause Young (Concurrent Start) (G1 Evacuation Pause)
[3230.880s][info][gc,task        ] GC(686) Using 6 workers of 6 for evacuation
[3231.005s][info][gc,phases      ] GC(686)   Pre Evacuate Collection Set: 0.40ms
[3231.005s][info][gc,phases      ] GC(686)   Merge Heap Roots: 0.51ms
[3231.005s][info][gc,phases      ] GC(686)   Evacuate Collection Set: 122.55ms
[3231.005s][info][gc,phases      ] GC(686)   Post Evacuate Collection Set: 0.91ms
[3231.005s][info][gc,phases      ] GC(686)   Other: 0.11ms
[3231.005s][info][gc,heap        ] GC(686) Eden regions: 1114->0(1114)
[3231.005s][info][gc,heap        ] GC(686) Survivor regions: 114->114(154)
[3231.005s][info][gc,heap        ] GC(686) Old regions: 473->505
[3231.005s][info][gc,heap        ] GC(686) Humongous regions: 80->80
[3231.005s][info][gc,metaspace   ] GC(686) Metaspace: 28953K(29376K)->28953K(29376K) NonClass: 24084K(24256K)->24084K(24256K) Class: 4869K(5120K)->4869K(5120K)
[3231.005s][info][gc             ] GC(686) Pause Young (Concurrent Start) (G1 Evacuation Pause) 3560M->1396M(4096M) 124.615ms
[3231.005s][info][gc             ] GC(687) Concurrent Mark Cycle
[3231.005s][info][gc,marking     ] GC(687) Concurrent Scan Root Regions
[3231.005s][info][gc,cpu         ] GC(686) User=0.74s Sys=0.00s Real=0.13s
[3231.187s][info][gc,marking     ] GC(687) Concurrent Scan Root Regions 182.142ms
[3231.187s][info][gc,marking     ] GC(687) Concurrent Mark
[3231.187s][info][gc,marking     ] GC(687) Concurrent Mark From Roots
[3231.187s][info][gc,task        ] GC(687) Using 2 workers of 2 for marking
.[3231.873s][info][gc,marking     ] GC(687) Concurrent Mark From Roots 686.175ms
[3231.873s][info][gc,marking     ] GC(687) Concurrent Preclean
[3231.874s][info][gc,marking     ] GC(687) Concurrent Preclean 0.253ms
[3231.876s][info][gc,start       ] GC(687) Pause Remark
[3231.880s][info][gc             ] GC(687) Pause Remark 2058M->2058M(4096M) 4.666ms
[3231.881s][info][gc,cpu         ] GC(687) User=0.03s Sys=0.00s Real=0.00s
[3231.881s][info][gc,marking     ] GC(687) Concurrent Mark 693.442ms
[3231.881s][info][gc,marking     ] GC(687) Concurrent Rebuild Remembered Sets and Scrub Regions
[3232.245s][info][gc,marking     ] GC(687) Concurrent Rebuild Remembered Sets and Scrub Regions 363.975ms
[3232.245s][info][gc,start       ] GC(687) Pause Cleanup
[3232.245s][info][gc             ] GC(687) Pause Cleanup 2304M->2304M(4096M) 0.130ms
[3232.245s][info][gc,cpu         ] GC(687) User=0.00s Sys=0.00s Real=0.00s
[3232.245s][info][gc,marking     ] GC(687) Concurrent Clear Claimed Marks
[3232.245s][info][gc,marking     ] GC(687) Concurrent Clear Claimed Marks 0.030ms
[3232.245s][info][gc,marking     ] GC(687) Concurrent Cleanup for Next Mark
[3232.249s][info][gc,marking     ] GC(687) Concurrent Cleanup for Next Mark 3.751ms
[3232.249s][info][gc             ] GC(687) Concurrent Mark Cycle 1243.831ms
..[3234.304s][info][gc,start       ] GC(688) Pause Young (Prepare Mixed) (G1 Evacuation Pause)
[3234.304s][info][gc,task        ] GC(688) Using 6 workers of 6 for evacuation
[3234.425s][info][gc,phases      ] GC(688)   Pre Evacuate Collection Set: 0.37ms
[3234.425s][info][gc,phases      ] GC(688)   Merge Heap Roots: 0.55ms
[3234.425s][info][gc,phases      ] GC(688)   Evacuate Collection Set: 118.77ms
[3234.425s][info][gc,phases      ] GC(688)   Post Evacuate Collection Set: 0.94ms
[3234.425s][info][gc,phases      ] GC(688)   Other: 0.09ms
[3234.425s][info][gc,heap        ] GC(688) Eden regions: 1114->0(1106)
[3234.425s][info][gc,heap        ] GC(688) Survivor regions: 114->111(154)
[3234.425s][info][gc,heap        ] GC(688) Old regions: 505->537
[3234.425s][info][gc,heap        ] GC(688) Humongous regions: 80->80
[3234.425s][info][gc,metaspace   ] GC(688) Metaspace: 28953K(29376K)->28953K(29376K) NonClass: 24084K(24256K)->24084K(24256K) Class: 4869K(5120K)->4869K(5120K)
[3234.425s][info][gc             ] GC(688) Pause Young (Prepare Mixed) (G1 Evacuation Pause) 3624M->1454M(4096M) 120.862ms
[3234.425s][info][gc,cpu         ] GC(688) User=0.72s Sys=0.00s Real=0.12s
...[3237.736s][info][gc,start       ] GC(689) Pause Young (Mixed) (G1 Evacuation Pause)
[3237.736s][info][gc,task        ] GC(689) Using 6 workers of 6 for evacuation
[3237.871s][info][gc,phases      ] GC(689)   Pre Evacuate Collection Set: 0.42ms
[3237.871s][info][gc,phases      ] GC(689)   Merge Heap Roots: 0.77ms
[3237.871s][info][gc,phases      ] GC(689)   Evacuate Collection Set: 132.64ms
[3237.871s][info][gc,phases      ] GC(689)   Post Evacuate Collection Set: 0.97ms
[3237.871s][info][gc,phases      ] GC(689)   Other: 0.09ms
[3237.871s][info][gc,heap        ] GC(689) Eden regions: 1106->0(1118)
[3237.871s][info][gc,heap        ] GC(689) Survivor regions: 111->110(153)
[3237.871s][info][gc,heap        ] GC(689) Old regions: 537->473
[3237.871s][info][gc,heap        ] GC(689) Humongous regions: 80->80
[3237.871s][info][gc,metaspace   ] GC(689) Metaspace: 28953K(29376K)->28953K(29376K) NonClass: 24084K(24256K)->24084K(24256K) Class: 4869K(5120K)->4869K(5120K)
[3237.871s][info][gc             ] GC(689) Pause Young (Mixed) (G1 Evacuation Pause) 3666M->1324M(4096M) 135.010ms
[3237.871s][info][gc,cpu         ] GC(689) User=0.80s Sys=0.00s Real=0.13s
....[3241.073s][info][gc,start       ] GC(690) Pause Young (Concurrent Start) (G1 Evacuation Pause)
[3241.073s][info][gc,task        ] GC(690) Using 6 workers of 6 for evacuation
[3241.187s][info][gc,phases      ] GC(690)   Pre Evacuate Collection Set: 0.40ms
[3241.187s][info][gc,phases      ] GC(690)   Merge Heap Roots: 0.48ms
[3241.187s][info][gc,phases      ] GC(690)   Evacuate Collection Set: 112.15ms
[3241.187s][info][gc,phases      ] GC(690)   Post Evacuate Collection Set: 0.90ms
[3241.187s][info][gc,phases      ] GC(690)   Other: 0.12ms
[3241.187s][info][gc,heap        ] GC(690) Eden regions: 1118->0(1121)
[3241.187s][info][gc,heap        ] GC(690) Survivor regions: 110->107(154)
[3241.187s][info][gc,heap        ] GC(690) Old regions: 473->504
[3241.187s][info][gc,heap        ] GC(690) Humongous regions: 80->80
[3241.187s][info][gc,metaspace   ] GC(690) Metaspace: 28953K(29376K)->28953K(29376K) NonClass: 24084K(24256K)->24084K(24256K) Class: 4869K(5120K)->4869K(5120K)
[3241.187s][info][gc             ] GC(690) Pause Young (Concurrent Start) (G1 Evacuation Pause) 3560M->1380M(4096M) 114.203ms
[3241.187s][info][gc             ] GC(691) Concurrent Mark Cycle
[3241.187s][info][gc,marking     ] GC(691) Concurrent Scan Root Regions
[3241.187s][info][gc,cpu         ] GC(690) User=0.68s Sys=0.00s Real=0.11s
[3241.364s][info][gc,marking     ] GC(691) Concurrent Scan Root Regions 177.209ms
[3241.364s][info][gc,marking     ] GC(691) Concurrent Mark
[3241.364s][info][gc,marking     ] GC(691) Concurrent Mark From Roots
[3241.364s][info][gc,task        ] GC(691) Using 2 workers of 2 for marking
.[3242.037s][info][gc,marking     ] GC(691) Concurrent Mark From Roots 673.167ms
[3242.037s][info][gc,marking     ] GC(691) Concurrent Preclean
[3242.037s][info][gc,marking     ] GC(691) Concurrent Preclean 0.081ms
[3242.038s][info][gc,start       ] GC(691) Pause Remark
[3242.042s][info][gc             ] GC(691) Pause Remark 2028M->2028M(4096M) 4.856ms
[3242.042s][info][gc,cpu         ] GC(691) User=0.03s Sys=0.00s Real=0.01s
[3242.043s][info][gc,marking     ] GC(691) Concurrent Mark 678.518ms
[3242.043s][info][gc,marking     ] GC(691) Concurrent Rebuild Remembered Sets and Scrub Regions
[3242.322s][info][gc,marking     ] GC(691) Concurrent Rebuild Remembered Sets and Scrub Regions 279.577ms
[3242.323s][info][gc,start       ] GC(691) Pause Cleanup
[3242.323s][info][gc             ] GC(691) Pause Cleanup 2204M->2204M(4096M) 0.129ms
[3242.323s][info][gc,cpu         ] GC(691) User=0.00s Sys=0.00s Real=0.00s
[3242.323s][info][gc,marking     ] GC(691) Concurrent Clear Claimed Marks
[3242.323s][info][gc,marking     ] GC(691) Concurrent Clear Claimed Marks 0.025ms
[3242.323s][info][gc,marking     ] GC(691) Concurrent Cleanup for Next Mark
[3242.328s][info][gc,marking     ] GC(691) Concurrent Cleanup for Next Mark 4.781ms
[3242.328s][info][gc             ] GC(691) Concurrent Mark Cycle 1140.850ms
..[3244.488s][info][gc,start       ] GC(692) Pause Young (Prepare Mixed) (G1 Evacuation Pause)
[3244.488s][info][gc,task        ] GC(692) Using 6 workers of 6 for evacuation
[3244.609s][info][gc,phases      ] GC(692)   Pre Evacuate Collection Set: 0.32ms
[3244.609s][info][gc,phases      ] GC(692)   Merge Heap Roots: 0.52ms
[3244.609s][info][gc,phases      ] GC(692)   Evacuate Collection Set: 119.29ms
[3244.609s][info][gc,phases      ] GC(692)   Post Evacuate Collection Set: 0.96ms
[3244.609s][info][gc,phases      ] GC(692)   Other: 0.09ms
[3244.609s][info][gc,heap        ] GC(692) Eden regions: 1121->0(1105)
[3244.609s][info][gc,heap        ] GC(692) Survivor regions: 107->112(154)
[3244.609s][info][gc,heap        ] GC(692) Old regions: 504->536
[3244.609s][info][gc,heap        ] GC(692) Humongous regions: 80->80
[3244.609s][info][gc,metaspace   ] GC(692) Metaspace: 28953K(29376K)->28953K(29376K) NonClass: 24084K(24256K)->24084K(24256K) Class: 4869K(5120K)->4869K(5120K)
[3244.609s][info][gc             ] GC(692) Pause Young (Prepare Mixed) (G1 Evacuation Pause) 3622M->1455M(4096M) 121.318ms
[3244.609s][info][gc,cpu         ] GC(692) User=0.72s Sys=0.00s Real=0.12s
.. (rIR:aIR:PR = 5535:5535:5535) (tPR = 82572) [OK] 
  3245s: Performance info:
         Transaction,    Success,    Partial,     Failed,   Receipts, AvgBarcode, 
             Overall,     334051,          0,          0,     317328,      59.48, 
         Response times:
             Request,    Success,    Partial,     Failed,   SkipFail,     Probes,    Samples,      min,      p50,      p90,      p95,      p99,      max, 
       TotalPurchase,     317350,          0,          0,          0,     310294,     348363,      200,     4600,    11900,    28000,    86000,   216000,
     InStorePurchase,     167017,          0,          0,          0,     163576,     183345,      300,     4700,    12100,    29000,    87000,   216000,
      OnlinePurchase,     116951,          0,          0,          0,     114519,     128516,      200,     4500,    11800,    27000,    85000,   213000,
        InstPurchase,      33382,          0,          0,          0,      32199,      36502,      400,     4200,    11000,    25000,    84000,   182000,
          AssocOfCat,        334,          0,          0,          0,        269,        393,    18500,    33000,    53600,    65300,   160360,   175000,
      AssocOfProduct,       3347,          0,          0,          0,       3113,       3685,      500,     3500,     9900,    24000,    78000,   170000,
      BusinessReport,        840,          0,          0,          0,        746,        961,    27000,    37000,    66000,    89000,   174660,   255000,
          CustBuyBeh,       3345,          0,          0,          0,       3126,       3681,      200,     4500,    11700,    28900,    96000,   173000,
       ProductReturn,       8858,          0,          0,          0,       8449,       9765,      200,     3500,     9800,    24000,    75340,   200000,

  3245s: (41%)   IR =   5673 .[3247.847s][info][gc,start       ] GC(693) Pause Young (Mixed) (G1 Evacuation Pause)
[3247.847s][info][gc,task        ] GC(693) Using 6 workers of 6 for evacuation
[3247.982s][info][gc,phases      ] GC(693)   Pre Evacuate Collection Set: 0.37ms
[3247.982s][info][gc,phases      ] GC(693)   Merge Heap Roots: 0.70ms
[3247.982s][info][gc,phases      ] GC(693)   Evacuate Collection Set: 133.21ms
[3247.982s][info][gc,phases      ] GC(693)   Post Evacuate Collection Set: 0.99ms
[3247.982s][info][gc,phases      ] GC(693)   Other: 0.08ms
[3247.982s][info][gc,heap        ] GC(693) Eden regions: 1105->0(1117)
[3247.982s][info][gc,heap        ] GC(693) Survivor regions: 112->111(153)
[3247.982s][info][gc,heap        ] GC(693) Old regions: 536->471
[3247.982s][info][gc,heap        ] GC(693) Humongous regions: 80->80
[3247.982s][info][gc,metaspace   ] GC(693) Metaspace: 28953K(29376K)->28953K(29376K) NonClass: 24084K(24256K)->24084K(24256K) Class: 4869K(5120K)->4869K(5120K)
[3247.982s][info][gc             ] GC(693) Pause Young (Mixed) (G1 Evacuation Pause) 3665M->1322M(4096M) 135.488ms
[3247.983s][info][gc,cpu         ] GC(693) User=0.81s Sys=0.00s Real=0.14s
....|[3251.157s][info][gc,start       ] GC(694) Pause Young (Concurrent Start) (G1 Evacuation Pause)
[3251.157s][info][gc,task        ] GC(694) Using 6 workers of 6 for evacuation
[3251.274s][info][gc,phases      ] GC(694)   Pre Evacuate Collection Set: 0.41ms
[3251.274s][info][gc,phases      ] GC(694)   Merge Heap Roots: 0.49ms
[3251.274s][info][gc,phases      ] GC(694)   Evacuate Collection Set: 114.82ms
[3251.274s][info][gc,phases      ] GC(694)   Post Evacuate Collection Set: 0.93ms
[3251.274s][info][gc,phases      ] GC(694)   Other: 0.10ms
[3251.274s][info][gc,heap        ] GC(694) Eden regions: 1117->0(1120)
[3251.274s][info][gc,heap        ] GC(694) Survivor regions: 111->108(154)
[3251.274s][info][gc,heap        ] GC(694) Old regions: 471->503
[3251.274s][info][gc,heap        ] GC(694) Humongous regions: 80->80
[3251.274s][info][gc,metaspace   ] GC(694) Metaspace: 28954K(29376K)->28954K(29376K) NonClass: 24085K(24256K)->24085K(24256K) Class: 4869K(5120K)->4869K(5120K)
[3251.274s][info][gc             ] GC(694) Pause Young (Concurrent Start) (G1 Evacuation Pause) 3556M->1380M(4096M) 116.878ms
[3251.274s][info][gc             ] GC(695) Concurrent Mark Cycle
[3251.274s][info][gc,marking     ] GC(695) Concurrent Scan Root Regions
[3251.274s][info][gc,cpu         ] GC(694) User=0.69s Sys=0.00s Real=0.12s
[3251.450s][info][gc,marking     ] GC(695) Concurrent Scan Root Regions 176.166ms
[3251.451s][info][gc,marking     ] GC(695) Concurrent Mark
[3251.451s][info][gc,marking     ] GC(695) Concurrent Mark From Roots
[3251.451s][info][gc,task        ] GC(695) Using 2 workers of 2 for marking
.[3252.387s][info][gc,marking     ] GC(695) Concurrent Mark From Roots 936.725ms
[3252.387s][info][gc,marking     ] GC(695) Concurrent Preclean
[3252.388s][info][gc,marking     ] GC(695) Concurrent Preclean 0.223ms
[3252.390s][info][gc,start       ] GC(695) Pause Remark
[3252.395s][info][gc             ] GC(695) Pause Remark 2208M->2208M(4096M) 5.127ms
[3252.395s][info][gc,cpu         ] GC(695) User=0.03s Sys=0.00s Real=0.01s
[3252.395s][info][gc,marking     ] GC(695) Concurrent Mark 944.406ms
[3252.395s][info][gc,marking     ] GC(695) Concurrent Rebuild Remembered Sets and Scrub Regions
[3252.757s][info][gc,marking     ] GC(695) Concurrent Rebuild Remembered Sets and Scrub Regions 361.684ms
[3252.757s][info][gc,start       ] GC(695) Pause Cleanup
[3252.757s][info][gc             ] GC(695) Pause Cleanup 2434M->2434M(4096M) 0.124ms
[3252.757s][info][gc,cpu         ] GC(695) User=0.00s Sys=0.00s Real=0.00s
[3252.757s][info][gc,marking     ] GC(695) Concurrent Clear Claimed Marks
[3252.757s][info][gc,marking     ] GC(695) Concurrent Clear Claimed Marks 0.028ms
[3252.757s][info][gc,marking     ] GC(695) Concurrent Cleanup for Next Mark
[3252.762s][info][gc,marking     ] GC(695) Concurrent Cleanup for Next Mark 4.787ms
[3252.762s][info][gc             ] GC(695) Concurrent Mark Cycle 1487.667ms
..[3254.488s][info][gc,start       ] GC(696) Pause Young (Prepare Mixed) (G1 Evacuation Pause)
[3254.488s][info][gc,task        ] GC(696) Using 6 workers of 6 for evacuation
[3254.608s][info][gc,phases      ] GC(696)   Pre Evacuate Collection Set: 0.32ms
[3254.608s][info][gc,phases      ] GC(696)   Merge Heap Roots: 0.61ms
[3254.609s][info][gc,phases      ] GC(696)   Evacuate Collection Set: 118.56ms
[3254.609s][info][gc,phases      ] GC(696)   Post Evacuate Collection Set: 0.96ms
[3254.609s][info][gc,phases      ] GC(696)   Other: 0.08ms
[3254.609s][info][gc,heap        ] GC(696) Eden regions: 1120->0(1106)
[3254.609s][info][gc,heap        ] GC(696) Survivor regions: 108->112(154)
[3254.609s][info][gc,heap        ] GC(696) Old regions: 503->535
[3254.609s][info][gc,heap        ] GC(696) Humongous regions: 80->80
[3254.609s][info][gc,metaspace   ] GC(696) Metaspace: 28954K(29376K)->28954K(29376K) NonClass: 24085K(24256K)->24085K(24256K) Class: 4869K(5120K)->4869K(5120K)
[3254.609s][info][gc             ] GC(696) Pause Young (Prepare Mixed) (G1 Evacuation Pause) 3620M->1453M(4096M) 120.680ms
[3254.609s][info][gc,cpu         ] GC(696) User=0.72s Sys=0.00s Real=0.12s
...[3257.799s][info][gc,start       ] GC(697) Pause Young (Mixed) (G1 Evacuation Pause)
[3257.799s][info][gc,task        ] GC(697) Using 6 workers of 6 for evacuation
[3257.935s][info][gc,phases      ] GC(697)   Pre Evacuate Collection Set: 0.36ms
[3257.935s][info][gc,phases      ] GC(697)   Merge Heap Roots: 0.72ms
[3257.935s][info][gc,phases      ] GC(697)   Evacuate Collection Set: 134.02ms
[3257.935s][info][gc,phases      ] GC(697)   Post Evacuate Collection Set: 0.97ms
[3257.935s][info][gc,phases      ] GC(697)   Other: 0.10ms
[3257.935s][info][gc,heap        ] GC(697) Eden regions: 1106->0(1116)
[3257.935s][info][gc,heap        ] GC(697) Survivor regions: 112->112(153)
[3257.935s][info][gc,heap        ] GC(697) Old regions: 535->472
[3257.935s][info][gc,heap        ] GC(697) Humongous regions: 80->80
[3257.936s][info][gc,metaspace   ] GC(697) Metaspace: 28954K(29376K)->28954K(29376K) NonClass: 24085K(24256K)->24085K(24256K) Class: 4869K(5120K)->4869K(5120K)
[3257.936s][info][gc             ] GC(697) Pause Young (Mixed) (G1 Evacuation Pause) 3665M->1326M(4096M) 136.294ms
[3257.936s][info][gc,cpu         ] GC(697) User=0.80s Sys=0.00s Real=0.14s
....[3261.195s][info][gc,start       ] GC(698) Pause Young (Concurrent Start) (G1 Evacuation Pause)
[3261.195s][info][gc,task        ] GC(698) Using 6 workers of 6 for evacuation
[3261.311s][info][gc,phases      ] GC(698)   Pre Evacuate Collection Set: 0.37ms
[3261.311s][info][gc,phases      ] GC(698)   Merge Heap Roots: 0.49ms
[3261.311s][info][gc,phases      ] GC(698)   Evacuate Collection Set: 114.47ms
[3261.311s][info][gc,phases      ] GC(698)   Post Evacuate Collection Set: 0.89ms
[3261.311s][info][gc,phases      ] GC(698)   Other: 0.09ms
[3261.311s][info][gc,heap        ] GC(698) Eden regions: 1116->0(1120)
[3261.311s][info][gc,heap        ] GC(698) Survivor regions: 112->108(154)
[3261.311s][info][gc,heap        ] GC(698) Old regions: 472->504
[3261.311s][info][gc,heap        ] GC(698) Humongous regions: 80->80
[3261.311s][info][gc,metaspace   ] GC(698) Metaspace: 28954K(29376K)->28954K(29376K) NonClass: 24085K(24256K)->24085K(24256K) Class: 4869K(5120K)->4869K(5120K)
[3261.311s][info][gc             ] GC(698) Pause Young (Concurrent Start) (G1 Evacuation Pause) 3558M->1382M(4096M) 116.488ms
[3261.312s][info][gc             ] GC(699) Concurrent Mark Cycle
[3261.312s][info][gc,marking     ] GC(699) Concurrent Scan Root Regions
[3261.312s][info][gc,cpu         ] GC(698) User=0.69s Sys=0.01s Real=0.11s
[3261.490s][info][gc,marking     ] GC(699) Concurrent Scan Root Regions 178.841ms
[3261.490s][info][gc,marking     ] GC(699) Concurrent Mark
[3261.490s][info][gc,marking     ] GC(699) Concurrent Mark From Roots
[3261.490s][info][gc,task        ] GC(699) Using 2 workers of 2 for marking
.[3262.435s][info][gc,marking     ] GC(699) Concurrent Mark From Roots 944.593ms
[3262.435s][info][gc,marking     ] GC(699) Concurrent Preclean
[3262.435s][info][gc,marking     ] GC(699) Concurrent Preclean 0.171ms
[3262.437s][info][gc,start       ] GC(699) Pause Remark
[3262.442s][info][gc             ] GC(699) Pause Remark 2238M->2238M(4096M) 5.306ms
[3262.442s][info][gc,cpu         ] GC(699) User=0.02s Sys=0.00s Real=0.00s
[3262.442s][info][gc,marking     ] GC(699) Concurrent Mark 951.603ms
[3262.442s][info][gc,marking     ] GC(699) Concurrent Rebuild Remembered Sets and Scrub Regions
[3262.675s][info][gc,marking     ] GC(699) Concurrent Rebuild Remembered Sets and Scrub Regions 232.728ms
[3262.675s][info][gc,start       ] GC(699) Pause Cleanup
[3262.675s][info][gc             ] GC(699) Pause Cleanup 2371M->2371M(4096M) 0.118ms
[3262.675s][info][gc,cpu         ] GC(699) User=0.00s Sys=0.00s Real=0.00s
[3262.675s][info][gc,marking     ] GC(699) Concurrent Clear Claimed Marks
[3262.675s][info][gc,marking     ] GC(699) Concurrent Clear Claimed Marks 0.027ms
[3262.675s][info][gc,marking     ] GC(699) Concurrent Cleanup for Next Mark
[3262.678s][info][gc,marking     ] GC(699) Concurrent Cleanup for Next Mark 3.190ms
[3262.678s][info][gc             ] GC(699) Concurrent Mark Cycle 1366.843ms
..[3264.477s][info][gc,start       ] GC(700) Pause Young (Prepare Mixed) (G1 Evacuation Pause)
[3264.477s][info][gc,task        ] GC(700) Using 6 workers of 6 for evacuation
[3264.595s][info][gc,phases      ] GC(700)   Pre Evacuate Collection Set: 0.37ms
[3264.596s][info][gc,phases      ] GC(700)   Merge Heap Roots: 0.54ms
[3264.596s][info][gc,phases      ] GC(700)   Evacuate Collection Set: 116.54ms
[3264.596s][info][gc,phases      ] GC(700)   Post Evacuate Collection Set: 0.99ms
[3264.596s][info][gc,phases      ] GC(700)   Other: 0.09ms
[3264.596s][info][gc,heap        ] GC(700) Eden regions: 1120->0(1112)
[3264.596s][info][gc,heap        ] GC(700) Survivor regions: 108->109(154)
[3264.596s][info][gc,heap        ] GC(700) Old regions: 504->535
[3264.596s][info][gc,heap        ] GC(700) Humongous regions: 80->80
[3264.596s][info][gc,metaspace   ] GC(700) Metaspace: 28954K(29376K)->28954K(29376K) NonClass: 24085K(24256K)->24085K(24256K) Class: 4869K(5120K)->4869K(5120K)
[3264.596s][info][gc             ] GC(700) Pause Young (Prepare Mixed) (G1 Evacuation Pause) 3622M->1446M(4096M) 118.661ms
[3264.596s][info][gc,cpu         ] GC(700) User=0.70s Sys=0.00s Real=0.12s
...[3267.850s][info][gc,start       ] GC(701) Pause Young (Mixed) (G1 Evacuation Pause)
[3267.850s][info][gc,task        ] GC(701) Using 6 workers of 6 for evacuation
[3267.994s][info][gc,phases      ] GC(701)   Pre Evacuate Collection Set: 0.36ms
[3267.995s][info][gc,phases      ] GC(701)   Merge Heap Roots: 0.73ms
[3267.995s][info][gc,phases      ] GC(701)   Evacuate Collection Set: 142.19ms
[3267.995s][info][gc,phases      ] GC(701)   Post Evacuate Collection Set: 0.98ms
[3267.995s][info][gc,phases      ] GC(701)   Other: 0.09ms
[3267.995s][info][gc,heap        ] GC(701) Eden regions: 1112->0(1110)
[3267.995s][info][gc,heap        ] GC(701) Survivor regions: 109->118(153)
[3267.995s][info][gc,heap        ] GC(701) Old regions: 535->471
[3267.995s][info][gc,heap        ] GC(701) Humongous regions: 80->80
[3267.995s][info][gc,metaspace   ] GC(701) Metaspace: 28954K(29376K)->28954K(29376K) NonClass: 24085K(24256K)->24085K(24256K) Class: 4869K(5120K)->4869K(5120K)
[3267.995s][info][gc             ] GC(701) Pause Young (Mixed) (G1 Evacuation Pause) 3670M->1336M(4096M) 144.486ms
[3267.995s][info][gc,cpu         ] GC(701) User=0.86s Sys=0.00s Real=0.15s
....[3271.155s][info][gc,start       ] GC(702) Pause Young (Concurrent Start) (G1 Evacuation Pause)
[3271.155s][info][gc,task        ] GC(702) Using 6 workers of 6 for evacuation
[3271.271s][info][gc,phases      ] GC(702)   Pre Evacuate Collection Set: 0.41ms
[3271.271s][info][gc,phases      ] GC(702)   Merge Heap Roots: 0.49ms
[3271.271s][info][gc,phases      ] GC(702)   Evacuate Collection Set: 113.34ms
[3271.271s][info][gc,phases      ] GC(702)   Post Evacuate Collection Set: 0.90ms
[3271.271s][info][gc,phases      ] GC(702)   Other: 0.12ms
[3271.271s][info][gc,heap        ] GC(702) Eden regions: 1110->0(1119)
[3271.271s][info][gc,heap        ] GC(702) Survivor regions: 118->109(154)
[3271.271s][info][gc,heap        ] GC(702) Old regions: 471->502
[3271.271s][info][gc,heap        ] GC(702) Humongous regions: 80->80
[3271.271s][info][gc,metaspace   ] GC(702) Metaspace: 28954K(29376K)->28954K(29376K) NonClass: 24085K(24256K)->24085K(24256K) Class: 4869K(5120K)->4869K(5120K)
[3271.271s][info][gc             ] GC(702) Pause Young (Concurrent Start) (G1 Evacuation Pause) 3556M->1380M(4096M) 115.406ms
[3271.271s][info][gc             ] GC(703) Concurrent Mark Cycle
[3271.271s][info][gc,marking     ] GC(703) Concurrent Scan Root Regions
[3271.271s][info][gc,cpu         ] GC(702) User=0.69s Sys=0.00s Real=0.11s
[3271.451s][info][gc,marking     ] GC(703) Concurrent Scan Root Regions 179.776ms
[3271.451s][info][gc,marking     ] GC(703) Concurrent Mark
[3271.451s][info][gc,marking     ] GC(703) Concurrent Mark From Roots
[3271.451s][info][gc,task        ] GC(703) Using 2 workers of 2 for marking
.[3272.247s][info][gc,marking     ] GC(703) Concurrent Mark From Roots 796.238ms
[3272.247s][info][gc,marking     ] GC(703) Concurrent Preclean
[3272.247s][info][gc,marking     ] GC(703) Concurrent Preclean 0.062ms
[3272.247s][info][gc,start       ] GC(703) Pause Remark
[3272.252s][info][gc             ] GC(703) Pause Remark 2093M->2093M(4096M) 5.465ms
[3272.253s][info][gc,cpu         ] GC(703) User=0.03s Sys=0.00s Real=0.01s
[3272.253s][info][gc,marking     ] GC(703) Concurrent Mark 802.007ms
[3272.253s][info][gc,marking     ] GC(703) Concurrent Rebuild Remembered Sets and Scrub Regions
[3272.527s][info][gc,marking     ] GC(703) Concurrent Rebuild Remembered Sets and Scrub Regions 274.043ms
[3272.527s][info][gc,start       ] GC(703) Pause Cleanup
[3272.527s][info][gc             ] GC(703) Pause Cleanup 2264M->2264M(4096M) 0.134ms
[3272.528s][info][gc,cpu         ] GC(703) User=0.00s Sys=0.00s Real=0.00s
[3272.528s][info][gc,marking     ] GC(703) Concurrent Clear Claimed Marks
[3272.528s][info][gc,marking     ] GC(703) Concurrent Clear Claimed Marks 0.036ms
[3272.528s][info][gc,marking     ] GC(703) Concurrent Cleanup for Next Mark
[3272.532s][info][gc,marking     ] GC(703) Concurrent Cleanup for Next Mark 4.451ms
[3272.532s][info][gc             ] GC(703) Concurrent Mark Cycle 1261.704ms
..[3274.511s][info][gc,start       ] GC(704) Pause Young (Prepare Mixed) (G1 Evacuation Pause)
[3274.511s][info][gc,task        ] GC(704) Using 6 workers of 6 for evacuation
[3274.632s][info][gc,phases      ] GC(704)   Pre Evacuate Collection Set: 0.36ms
[3274.632s][info][gc,phases      ] GC(704)   Merge Heap Roots: 0.54ms
[3274.632s][info][gc,phases      ] GC(704)   Evacuate Collection Set: 119.04ms
[3274.632s][info][gc,phases      ] GC(704)   Post Evacuate Collection Set: 0.96ms
[3274.632s][info][gc,phases      ] GC(704)   Other: 0.09ms
[3274.632s][info][gc,heap        ] GC(704) Eden regions: 1119->0(1109)
[3274.632s][info][gc,heap        ] GC(704) Survivor regions: 109->111(154)
[3274.632s][info][gc,heap        ] GC(704) Old regions: 502->534
[3274.632s][info][gc,heap        ] GC(704) Humongous regions: 80->80
[3274.632s][info][gc,metaspace   ] GC(704) Metaspace: 28954K(29376K)->28954K(29376K) NonClass: 24085K(24256K)->24085K(24256K) Class: 4869K(5120K)->4869K(5120K)
[3274.632s][info][gc             ] GC(704) Pause Young (Prepare Mixed) (G1 Evacuation Pause) 3618M->1447M(4096M) 121.136ms
[3274.632s][info][gc,cpu         ] GC(704) User=0.72s Sys=0.00s Real=0.12s
...[3277.826s][info][gc,start       ] GC(705) Pause Young (Mixed) (G1 Evacuation Pause)
[3277.826s][info][gc,task        ] GC(705) Using 6 workers of 6 for evacuation
[3277.961s][info][gc,phases      ] GC(705)   Pre Evacuate Collection Set: 0.38ms
[3277.961s][info][gc,phases      ] GC(705)   Merge Heap Roots: 0.68ms
[3277.961s][info][gc,phases      ] GC(705)   Evacuate Collection Set: 132.72ms
[3277.961s][info][gc,phases      ] GC(705)   Post Evacuate Collection Set: 0.96ms
[3277.961s][info][gc,phases      ] GC(705)   Other: 0.09ms
[3277.961s][info][gc,heap        ] GC(705) Eden regions: 1109->0(1118)
[3277.961s][info][gc,heap        ] GC(705) Survivor regions: 111->110(153)
[3277.961s][info][gc,heap        ] GC(705) Old regions: 534->471
[3277.961s][info][gc,heap        ] GC(705) Humongous regions: 80->80
[3277.961s][info][gc,metaspace   ] GC(705) Metaspace: 28954K(29376K)->28954K(29376K) NonClass: 24085K(24256K)->24085K(24256K) Class: 4869K(5120K)->4869K(5120K)
[3277.961s][info][gc             ] GC(705) Pause Young (Mixed) (G1 Evacuation Pause) 3665M->1320M(4096M) 134.966ms
[3277.961s][info][gc,cpu         ] GC(705) User=0.80s Sys=0.01s Real=0.13s
....[3281.124s][info][gc,start       ] GC(706) Pause Young (Concurrent Start) (G1 Evacuation Pause)
[3281.124s][info][gc,task        ] GC(706) Using 6 workers of 6 for evacuation
[3281.245s][info][gc,phases      ] GC(706)   Pre Evacuate Collection Set: 0.37ms
[3281.245s][info][gc,phases      ] GC(706)   Merge Heap Roots: 0.48ms
[3281.245s][info][gc,phases      ] GC(706)   Evacuate Collection Set: 119.01ms
[3281.245s][info][gc,phases      ] GC(706)   Post Evacuate Collection Set: 0.92ms
[3281.245s][info][gc,phases      ] GC(706)   Other: 0.11ms
[3281.245s][info][gc,heap        ] GC(706) Eden regions: 1118->0(1118)
[3281.245s][info][gc,heap        ] GC(706) Survivor regions: 110->110(154)
[3281.245s][info][gc,heap        ] GC(706) Old regions: 471->504
[3281.245s][info][gc,heap        ] GC(706) Humongous regions: 80->80
[3281.245s][info][gc,metaspace   ] GC(706) Metaspace: 28954K(29376K)->28954K(29376K) NonClass: 24085K(24256K)->24085K(24256K) Class: 4869K(5120K)->4869K(5120K)
[3281.245s][info][gc             ] GC(706) Pause Young (Concurrent Start) (G1 Evacuation Pause) 3556M->1386M(4096M) 121.024ms
[3281.245s][info][gc             ] GC(707) Concurrent Mark Cycle
[3281.245s][info][gc,marking     ] GC(707) Concurrent Scan Root Regions
[3281.246s][info][gc,cpu         ] GC(706) User=0.73s Sys=0.00s Real=0.12s
[3281.437s][info][gc,marking     ] GC(707) Concurrent Scan Root Regions 191.383ms
[3281.437s][info][gc,marking     ] GC(707) Concurrent Mark
[3281.437s][info][gc,marking     ] GC(707) Concurrent Mark From Roots
[3281.437s][info][gc,task        ] GC(707) Using 2 workers of 2 for marking
.[3282.237s][info][gc,marking     ] GC(707) Concurrent Mark From Roots 800.179ms
[3282.237s][info][gc,marking     ] GC(707) Concurrent Preclean
[3282.237s][info][gc,marking     ] GC(707) Concurrent Preclean 0.179ms
[3282.239s][info][gc,start       ] GC(707) Pause Remark
[3282.244s][info][gc             ] GC(707) Pause Remark 2130M->2130M(4096M) 5.193ms
[3282.244s][info][gc,cpu         ] GC(707) User=0.03s Sys=0.00s Real=0.01s
[3282.244s][info][gc,marking     ] GC(707) Concurrent Mark 807.245ms
[3282.244s][info][gc,marking     ] GC(707) Concurrent Rebuild Remembered Sets and Scrub Regions
[3282.522s][info][gc,marking     ] GC(707) Concurrent Rebuild Remembered Sets and Scrub Regions 278.153ms
[3282.522s][info][gc,start       ] GC(707) Pause Cleanup
[3282.523s][info][gc             ] GC(707) Pause Cleanup 2305M->2305M(4096M) 0.107ms
[3282.523s][info][gc,cpu         ] GC(707) User=0.00s Sys=0.00s Real=0.00s
[3282.523s][info][gc,marking     ] GC(707) Concurrent Clear Claimed Marks
[3282.523s][info][gc,marking     ] GC(707) Concurrent Clear Claimed Marks 0.024ms
[3282.523s][info][gc,marking     ] GC(707) Concurrent Cleanup for Next Mark
[3282.526s][info][gc,marking     ] GC(707) Concurrent Cleanup for Next Mark 3.179ms
[3282.526s][info][gc             ] GC(707) Concurrent Mark Cycle 1280.402ms
..[3284.444s][info][gc,start       ] GC(708) Pause Young (Prepare Mixed) (G1 Evacuation Pause)
[3284.444s][info][gc,task        ] GC(708) Using 6 workers of 6 for evacuation
[3284.563s][info][gc,phases      ] GC(708)   Pre Evacuate Collection Set: 0.37ms
[3284.563s][info][gc,phases      ] GC(708)   Merge Heap Roots: 0.53ms
[3284.563s][info][gc,phases      ] GC(708)   Evacuate Collection Set: 117.20ms
[3284.563s][info][gc,phases      ] GC(708)   Post Evacuate Collection Set: 0.95ms
[3284.563s][info][gc,phases      ] GC(708)   Other: 0.09ms
[3284.563s][info][gc,heap        ] GC(708) Eden regions: 1118->0(1108)
[3284.563s][info][gc,heap        ] GC(708) Survivor regions: 110->111(154)
[3284.563s][info][gc,heap        ] GC(708) Old regions: 504->535
[3284.563s][info][gc,heap        ] GC(708) Humongous regions: 80->80
[3284.563s][info][gc,metaspace   ] GC(708) Metaspace: 28954K(29376K)->28954K(29376K) NonClass: 24085K(24256K)->24085K(24256K) Class: 4869K(5120K)->4869K(5120K)
[3284.563s][info][gc             ] GC(708) Pause Young (Prepare Mixed) (G1 Evacuation Pause) 3622M->1451M(4096M) 119.268ms
[3284.563s][info][gc,cpu         ] GC(708) User=0.71s Sys=0.00s Real=0.12s
...[3287.803s][info][gc,start       ] GC(709) Pause Young (Mixed) (G1 Evacuation Pause)
[3287.803s][info][gc,task        ] GC(709) Using 6 workers of 6 for evacuation
[3287.941s][info][gc,phases      ] GC(709)   Pre Evacuate Collection Set: 0.38ms
[3287.941s][info][gc,phases      ] GC(709)   Merge Heap Roots: 0.75ms
[3287.941s][info][gc,phases      ] GC(709)   Evacuate Collection Set: 135.47ms
[3287.941s][info][gc,phases      ] GC(709)   Post Evacuate Collection Set: 0.85ms
[3287.941s][info][gc,phases      ] GC(709)   Other: 0.09ms
[3287.941s][info][gc,heap        ] GC(709) Eden regions: 1108->0(1116)
[3287.941s][info][gc,heap        ] GC(709) Survivor regions: 111->112(153)
[3287.941s][info][gc,heap        ] GC(709) Old regions: 535->474
[3287.941s][info][gc,heap        ] GC(709) Humongous regions: 80->80
[3287.941s][info][gc,metaspace   ] GC(709) Metaspace: 28956K(29376K)->28956K(29376K) NonClass: 24087K(24256K)->24087K(24256K) Class: 4869K(5120K)->4869K(5120K)
[3287.941s][info][gc             ] GC(709) Pause Young (Mixed) (G1 Evacuation Pause) 3667M->1331M(4096M) 137.660ms
[3287.941s][info][gc,cpu         ] GC(709) User=0.82s Sys=0.00s Real=0.13s
....[3291.123s][info][gc,start       ] GC(710) Pause Young (Concurrent Start) (G1 Evacuation Pause)
[3291.123s][info][gc,task        ] GC(710) Using 6 workers of 6 for evacuation
[3291.239s][info][gc,phases      ] GC(710)   Pre Evacuate Collection Set: 0.37ms
[3291.239s][info][gc,phases      ] GC(710)   Merge Heap Roots: 0.48ms
[3291.239s][info][gc,phases      ] GC(710)   Evacuate Collection Set: 114.36ms
[3291.239s][info][gc,phases      ] GC(710)   Post Evacuate Collection Set: 0.90ms
[3291.239s][info][gc,phases      ] GC(710)   Other: 0.10ms
[3291.239s][info][gc,heap        ] GC(710) Eden regions: 1116->0(1120)
[3291.239s][info][gc,heap        ] GC(710) Survivor regions: 112->108(154)
[3291.239s][info][gc,heap        ] GC(710) Old regions: 474->506
[3291.239s][info][gc,heap        ] GC(710) Humongous regions: 80->80
[3291.239s][info][gc,metaspace   ] GC(710) Metaspace: 28956K(29376K)->28956K(29376K) NonClass: 24087K(24256K)->24087K(24256K) Class: 4869K(5120K)->4869K(5120K)
[3291.239s][info][gc             ] GC(710) Pause Young (Concurrent Start) (G1 Evacuation Pause) 3563M->1385M(4096M) 116.344ms
[3291.239s][info][gc             ] GC(711) Concurrent Mark Cycle
[3291.239s][info][gc,marking     ] GC(711) Concurrent Scan Root Regions
[3291.239s][info][gc,cpu         ] GC(710) User=0.69s Sys=0.00s Real=0.11s
[3291.378s][info][gc,marking     ] GC(711) Concurrent Scan Root Regions 138.824ms
[3291.378s][info][gc,marking     ] GC(711) Concurrent Mark
[3291.378s][info][gc,marking     ] GC(711) Concurrent Mark From Roots
[3291.378s][info][gc,task        ] GC(711) Using 2 workers of 2 for marking
[3292.017s][info][gc,marking     ] GC(711) Concurrent Mark From Roots 638.486ms
[3292.017s][info][gc,marking     ] GC(711) Concurrent Preclean
[3292.017s][info][gc,marking     ] GC(711) Concurrent Preclean 0.125ms
[3292.017s][info][gc,start       ] GC(711) Pause Remark
[3292.021s][info][gc             ] GC(711) Pause Remark 1956M->1956M(4096M) 3.997ms
[3292.021s][info][gc,cpu         ] GC(711) User=0.02s Sys=0.00s Real=0.00s
[3292.021s][info][gc,marking     ] GC(711) Concurrent Mark 643.174ms
[3292.021s][info][gc,marking     ] GC(711) Concurrent Rebuild Remembered Sets and Scrub Regions
.[3292.260s][info][gc,marking     ] GC(711) Concurrent Rebuild Remembered Sets and Scrub Regions 238.944ms
[3292.261s][info][gc,start       ] GC(711) Pause Cleanup
[3292.261s][info][gc             ] GC(711) Pause Cleanup 2117M->2117M(4096M) 0.126ms
[3292.261s][info][gc,cpu         ] GC(711) User=0.00s Sys=0.00s Real=0.00s
[3292.261s][info][gc,marking     ] GC(711) Concurrent Clear Claimed Marks
[3292.261s][info][gc,marking     ] GC(711) Concurrent Clear Claimed Marks 0.025ms
[3292.261s][info][gc,marking     ] GC(711) Concurrent Cleanup for Next Mark
[3292.265s][info][gc,marking     ] GC(711) Concurrent Cleanup for Next Mark 4.453ms
[3292.265s][info][gc             ] GC(711) Concurrent Mark Cycle 1025.923ms
..[3294.492s][info][gc,start       ] GC(712) Pause Young (Prepare Mixed) (G1 Evacuation Pause)
[3294.492s][info][gc,task        ] GC(712) Using 6 workers of 6 for evacuation
[3294.610s][info][gc,phases      ] GC(712)   Pre Evacuate Collection Set: 0.34ms
[3294.610s][info][gc,phases      ] GC(712)   Merge Heap Roots: 0.52ms
[3294.610s][info][gc,phases      ] GC(712)   Evacuate Collection Set: 116.10ms
[3294.610s][info][gc,phases      ] GC(712)   Post Evacuate Collection Set: 0.95ms
[3294.610s][info][gc,phases      ] GC(712)   Other: 0.09ms
[3294.610s][info][gc,heap        ] GC(712) Eden regions: 1120->0(1110)
[3294.610s][info][gc,heap        ] GC(712) Survivor regions: 108->109(154)
[3294.610s][info][gc,heap        ] GC(712) Old regions: 506->537
[3294.610s][info][gc,heap        ] GC(712) Humongous regions: 80->80
[3294.610s][info][gc,metaspace   ] GC(712) Metaspace: 28956K(29376K)->28956K(29376K) NonClass: 24087K(24256K)->24087K(24256K) Class: 4869K(5120K)->4869K(5120K)
[3294.610s][info][gc             ] GC(712) Pause Young (Prepare Mixed) (G1 Evacuation Pause) 3625M->1451M(4096M) 118.124ms
[3294.610s][info][gc,cpu         ] GC(712) User=0.70s Sys=0.00s Real=0.12s
...[3297.778s][info][gc,start       ] GC(713) Pause Young (Mixed) (G1 Evacuation Pause)
[3297.778s][info][gc,task        ] GC(713) Using 6 workers of 6 for evacuation
[3297.912s][info][gc,phases      ] GC(713)   Pre Evacuate Collection Set: 0.41ms
[3297.912s][info][gc,phases      ] GC(713)   Merge Heap Roots: 0.69ms
[3297.912s][info][gc,phases      ] GC(713)   Evacuate Collection Set: 131.87ms
[3297.912s][info][gc,phases      ] GC(713)   Post Evacuate Collection Set: 1.00ms
[3297.912s][info][gc,phases      ] GC(713)   Other: 0.10ms
[3297.912s][info][gc,heap        ] GC(713) Eden regions: 1110->0(1117)
[3297.912s][info][gc,heap        ] GC(713) Survivor regions: 109->111(153)
[3297.912s][info][gc,heap        ] GC(713) Old regions: 537->472
[3297.912s][info][gc,heap        ] GC(713) Humongous regions: 80->80
[3297.912s][info][gc,metaspace   ] GC(713) Metaspace: 28956K(29376K)->28956K(29376K) NonClass: 24087K(24256K)->24087K(24256K) Class: 4869K(5120K)->4869K(5120K)
[3297.912s][info][gc             ] GC(713) Pause Young (Mixed) (G1 Evacuation Pause) 3671M->1323M(4096M) 134.197ms
[3297.912s][info][gc,cpu         ] GC(713) User=0.80s Sys=0.00s Real=0.13s
...[3301.101s][info][gc,start       ] GC(714) Pause Young (Concurrent Start) (G1 Evacuation Pause)
[3301.102s][info][gc,task        ] GC(714) Using 6 workers of 6 for evacuation
[3301.219s][info][gc,phases      ] GC(714)   Pre Evacuate Collection Set: 0.44ms
[3301.219s][info][gc,phases      ] GC(714)   Merge Heap Roots: 0.54ms
[3301.219s][info][gc,phases      ] GC(714)   Evacuate Collection Set: 114.76ms
[3301.219s][info][gc,phases      ] GC(714)   Post Evacuate Collection Set: 0.89ms
[3301.219s][info][gc,phases      ] GC(714)   Other: 0.88ms
[3301.219s][info][gc,heap        ] GC(714) Eden regions: 1117->0(1119)
[3301.219s][info][gc,heap        ] GC(714) Survivor regions: 111->109(154)
[3301.219s][info][gc,heap        ] GC(714) Old regions: 472->504
[3301.219s][info][gc,heap        ] GC(714) Humongous regions: 80->80
[3301.219s][info][gc,metaspace   ] GC(714) Metaspace: 28956K(29376K)->28956K(29376K) NonClass: 24087K(24256K)->24087K(24256K) Class: 4869K(5120K)->4869K(5120K)
[3301.219s][info][gc             ] GC(714) Pause Young (Concurrent Start) (G1 Evacuation Pause) 3557M->1385M(4096M) 117.648ms
[3301.219s][info][gc             ] GC(715) Concurrent Mark Cycle
[3301.219s][info][gc,marking     ] GC(715) Concurrent Scan Root Regions
[3301.219s][info][gc,cpu         ] GC(714) User=0.70s Sys=0.00s Real=0.12s
.[3301.397s][info][gc,marking     ] GC(715) Concurrent Scan Root Regions 177.999ms
[3301.397s][info][gc,marking     ] GC(715) Concurrent Mark
[3301.397s][info][gc,marking     ] GC(715) Concurrent Mark From Roots
[3301.397s][info][gc,task        ] GC(715) Using 2 workers of 2 for marking
[3302.179s][info][gc,marking     ] GC(715) Concurrent Mark From Roots 781.541ms
[3302.179s][info][gc,marking     ] GC(715) Concurrent Preclean
[3302.179s][info][gc,marking     ] GC(715) Concurrent Preclean 0.080ms
[3302.179s][info][gc,start       ] GC(715) Pause Remark
[3302.184s][info][gc             ] GC(715) Pause Remark 2067M->2067M(4096M) 4.760ms
[3302.184s][info][gc,cpu         ] GC(715) User=0.02s Sys=0.00s Real=0.01s
[3302.184s][info][gc,marking     ] GC(715) Concurrent Mark 786.651ms
[3302.184s][info][gc,marking     ] GC(715) Concurrent Rebuild Remembered Sets and Scrub Regions
.[3302.496s][info][gc,marking     ] GC(715) Concurrent Rebuild Remembered Sets and Scrub Regions 312.522ms
[3302.497s][info][gc,start       ] GC(715) Pause Cleanup
[3302.497s][info][gc             ] GC(715) Pause Cleanup 2312M->2312M(4096M) 0.130ms
[3302.497s][info][gc,cpu         ] GC(715) User=0.00s Sys=0.00s Real=0.00s
[3302.497s][info][gc,marking     ] GC(715) Concurrent Clear Claimed Marks
[3302.497s][info][gc,marking     ] GC(715) Concurrent Clear Claimed Marks 0.028ms
[3302.497s][info][gc,marking     ] GC(715) Concurrent Cleanup for Next Mark
[3302.500s][info][gc,marking     ] GC(715) Concurrent Cleanup for Next Mark 3.596ms
[3302.500s][info][gc             ] GC(715) Concurrent Mark Cycle 1281.284ms
..[3304.478s][info][gc,start       ] GC(716) Pause Young (Prepare Mixed) (G1 Evacuation Pause)
[3304.478s][info][gc,task        ] GC(716) Using 6 workers of 6 for evacuation
[3304.595s][info][gc,phases      ] GC(716)   Pre Evacuate Collection Set: 0.37ms
[3304.595s][info][gc,phases      ] GC(716)   Merge Heap Roots: 0.54ms
[3304.595s][info][gc,phases      ] GC(716)   Evacuate Collection Set: 115.23ms
[3304.595s][info][gc,phases      ] GC(716)   Post Evacuate Collection Set: 0.96ms
[3304.595s][info][gc,phases      ] GC(716)   Other: 0.10ms
[3304.595s][info][gc,heap        ] GC(716) Eden regions: 1119->0(1111)
[3304.595s][info][gc,heap        ] GC(716) Survivor regions: 109->109(154)
[3304.595s][info][gc,heap        ] GC(716) Old regions: 504->536
[3304.595s][info][gc,heap        ] GC(716) Humongous regions: 80->80
[3304.595s][info][gc,metaspace   ] GC(716) Metaspace: 28956K(29376K)->28956K(29376K) NonClass: 24087K(24256K)->24087K(24256K) Class: 4869K(5120K)->4869K(5120K)
[3304.595s][info][gc             ] GC(716) Pause Young (Prepare Mixed) (G1 Evacuation Pause) 3623M->1449M(4096M) 117.328ms
[3304.596s][info][gc,cpu         ] GC(716) User=0.70s Sys=0.00s Real=0.12s
...[3307.758s][info][gc,start       ] GC(717) Pause Young (Mixed) (G1 Evacuation Pause)
[3307.758s][info][gc,task        ] GC(717) Using 6 workers of 6 for evacuation
[3307.895s][info][gc,phases      ] GC(717)   Pre Evacuate Collection Set: 0.38ms
[3307.895s][info][gc,phases      ] GC(717)   Merge Heap Roots: 0.74ms
[3307.895s][info][gc,phases      ] GC(717)   Evacuate Collection Set: 134.74ms
[3307.895s][info][gc,phases      ] GC(717)   Post Evacuate Collection Set: 0.99ms
[3307.895s][info][gc,phases      ] GC(717)   Other: 0.09ms
[3307.895s][info][gc,heap        ] GC(717) Eden regions: 1111->0(1116)
[3307.895s][info][gc,heap        ] GC(717) Survivor regions: 109->112(153)
[3307.895s][info][gc,heap        ] GC(717) Old regions: 536->472
[3307.895s][info][gc,heap        ] GC(717) Humongous regions: 80->80
[3307.895s][info][gc,metaspace   ] GC(717) Metaspace: 28956K(29376K)->28956K(29376K) NonClass: 24087K(24256K)->24087K(24256K) Class: 4869K(5120K)->4869K(5120K)
[3307.895s][info][gc             ] GC(717) Pause Young (Mixed) (G1 Evacuation Pause) 3671M->1326M(4096M) 137.071ms
[3307.895s][info][gc,cpu         ] GC(717) User=0.81s Sys=0.00s Real=0.14s
...[3311.124s][info][gc,start       ] GC(718) Pause Young (Concurrent Start) (G1 Evacuation Pause)
[3311.124s][info][gc,task        ] GC(718) Using 6 workers of 6 for evacuation
[3311.240s][info][gc,phases      ] GC(718)   Pre Evacuate Collection Set: 0.43ms
[3311.240s][info][gc,phases      ] GC(718)   Merge Heap Roots: 0.48ms
[3311.240s][info][gc,phases      ] GC(718)   Evacuate Collection Set: 114.00ms
[3311.240s][info][gc,phases      ] GC(718)   Post Evacuate Collection Set: 0.91ms
[3311.240s][info][gc,phases      ] GC(718)   Other: 0.13ms
[3311.240s][info][gc,heap        ] GC(718) Eden regions: 1116->0(1120)
[3311.240s][info][gc,heap        ] GC(718) Survivor regions: 112->108(154)
[3311.240s][info][gc,heap        ] GC(718) Old regions: 472->505
[3311.240s][info][gc,heap        ] GC(718) Humongous regions: 80->80
[3311.240s][info][gc,metaspace   ] GC(718) Metaspace: 28956K(29376K)->28956K(29376K) NonClass: 24087K(24256K)->24087K(24256K) Class: 4869K(5120K)->4869K(5120K)
[3311.240s][info][gc             ] GC(718) Pause Young (Concurrent Start) (G1 Evacuation Pause) 3558M->1383M(4096M) 116.107ms
[3311.240s][info][gc             ] GC(719) Concurrent Mark Cycle
[3311.240s][info][gc,marking     ] GC(719) Concurrent Scan Root Regions
[3311.240s][info][gc,cpu         ] GC(718) User=0.69s Sys=0.00s Real=0.11s
. (rIR:aIR:PR = 5673:5661:5661) (tPR = 83958) [OK] 
  3311s: Performance info:
         Transaction,    Success,    Partial,     Failed,   Receipts, AvgBarcode, 
             Overall,     341086,          0,          0,     324031,      59.48, 
         Response times:
             Request,    Success,    Partial,     Failed,   SkipFail,     Probes,    Samples,      min,      p50,      p90,      p95,      p99,      max, 
       TotalPurchase,     324027,          0,          0,          0,     318609,     345681,      300,     4600,    10600,    24000,    69000,   218000,
     InStorePurchase,     170570,          0,          0,          0,     167851,     181668,      300,     4800,    10700,    25000,    70000,   218000,
      OnlinePurchase,     119366,          0,          0,          0,     117716,     127976,      300,     4300,    10200,    23000,    68000,   193000,
        InstPurchase,      34091,          0,          0,          0,      33042,      36037,      400,     4700,    10500,    26000,    68620,   193000,
          AssocOfCat,        342,          0,          0,          0,        276,        406,    23000,    34000,    58300,    72650,   132810,   176000,
      AssocOfProduct,       3414,          0,          0,          0,       3165,       3620,      400,     2200,     5300,    11395,    45000,   149000,
      BusinessReport,        848,          0,          0,          0,        761,        962,    23000,    37000,    68000,    84000,   177370,   221000,
          CustBuyBeh,       3409,          0,          0,          0,       3160,       3669,      200,     5000,    11400,    26000,    65600,   180000,
       ProductReturn,       9042,          0,          0,          0,       8599,       9668,      200,     4000,    10300,    21000,    69000,   179000,

  3311s: (42%)   IR =   5812 [3311.387s][info][gc,marking     ] GC(719) Concurrent Scan Root Regions 146.498ms
[3311.387s][info][gc,marking     ] GC(719) Concurrent Mark
[3311.387s][info][gc,marking     ] GC(719) Concurrent Mark From Roots
[3311.387s][info][gc,task        ] GC(719) Using 2 workers of 2 for marking
[3312.052s][info][gc,marking     ] GC(719) Concurrent Mark From Roots 665.457ms
[3312.052s][info][gc,marking     ] GC(719) Concurrent Preclean
[3312.052s][info][gc,marking     ] GC(719) Concurrent Preclean 0.065ms
[3312.052s][info][gc,start       ] GC(719) Pause Remark
[3312.057s][info][gc             ] GC(719) Pause Remark 1945M->1945M(4096M) 4.435ms
[3312.057s][info][gc,cpu         ] GC(719) User=0.02s Sys=0.00s Real=0.01s
[3312.057s][info][gc,marking     ] GC(719) Concurrent Mark 670.278ms
[3312.057s][info][gc,marking     ] GC(719) Concurrent Rebuild Remembered Sets and Scrub Regions
[3312.303s][info][gc,marking     ] GC(719) Concurrent Rebuild Remembered Sets and Scrub Regions 246.253ms
[3312.303s][info][gc,start       ] GC(719) Pause Cleanup
[3312.303s][info][gc             ] GC(719) Pause Cleanup 2109M->2109M(4096M) 0.118ms
[3312.303s][info][gc,cpu         ] GC(719) User=0.00s Sys=0.00s Real=0.00s
[3312.304s][info][gc,marking     ] GC(719) Concurrent Clear Claimed Marks
[3312.304s][info][gc,marking     ] GC(719) Concurrent Clear Claimed Marks 0.025ms
[3312.304s][info][gc,marking     ] GC(719) Concurrent Cleanup for Next Mark
[3312.307s][info][gc,marking     ] GC(719) Concurrent Cleanup for Next Mark 3.232ms
[3312.307s][info][gc             ] GC(719) Concurrent Mark Cycle 1066.711ms
...[3314.460s][info][gc,start       ] GC(720) Pause Young (Prepare Mixed) (G1 Evacuation Pause)
[3314.460s][info][gc,task        ] GC(720) Using 6 workers of 6 for evacuation
[3314.578s][info][gc,phases      ] GC(720)   Pre Evacuate Collection Set: 0.33ms
[3314.578s][info][gc,phases      ] GC(720)   Merge Heap Roots: 0.53ms
[3314.578s][info][gc,phases      ] GC(720)   Evacuate Collection Set: 115.90ms
[3314.578s][info][gc,phases      ] GC(720)   Post Evacuate Collection Set: 0.95ms
[3314.578s][info][gc,phases      ] GC(720)   Other: 0.07ms
[3314.578s][info][gc,heap        ] GC(720) Eden regions: 1120->0(1111)
[3314.578s][info][gc,heap        ] GC(720) Survivor regions: 108->109(154)
[3314.578s][info][gc,heap        ] GC(720) Old regions: 505->536
[3314.578s][info][gc,heap        ] GC(720) Humongous regions: 80->80
[3314.578s][info][gc,metaspace   ] GC(720) Metaspace: 28958K(29376K)->28958K(29376K) NonClass: 24088K(24256K)->24088K(24256K) Class: 4869K(5120K)->4869K(5120K)
[3314.578s][info][gc             ] GC(720) Pause Young (Prepare Mixed) (G1 Evacuation Pause) 3623M->1448M(4096M) 117.906ms
[3314.578s][info][gc,cpu         ] GC(720) User=0.70s Sys=0.00s Real=0.12s
.|..[3317.754s][info][gc,start       ] GC(721) Pause Young (Mixed) (G1 Evacuation Pause)
[3317.754s][info][gc,task        ] GC(721) Using 6 workers of 6 for evacuation
[3317.889s][info][gc,phases      ] GC(721)   Pre Evacuate Collection Set: 0.39ms
[3317.889s][info][gc,phases      ] GC(721)   Merge Heap Roots: 0.74ms
[3317.889s][info][gc,phases      ] GC(721)   Evacuate Collection Set: 133.47ms
[3317.889s][info][gc,phases      ] GC(721)   Post Evacuate Collection Set: 0.96ms
[3317.889s][info][gc,phases      ] GC(721)   Other: 0.09ms
[3317.889s][info][gc,heap        ] GC(721) Eden regions: 1111->0(1118)
[3317.889s][info][gc,heap        ] GC(721) Survivor regions: 109->110(153)
[3317.889s][info][gc,heap        ] GC(721) Old regions: 536->474
[3317.889s][info][gc,heap        ] GC(721) Humongous regions: 80->80
[3317.889s][info][gc,metaspace   ] GC(721) Metaspace: 28958K(29376K)->28958K(29376K) NonClass: 24088K(24256K)->24088K(24256K) Class: 4869K(5120K)->4869K(5120K)
[3317.889s][info][gc             ] GC(721) Pause Young (Mixed) (G1 Evacuation Pause) 3670M->1325M(4096M) 135.805ms
[3317.890s][info][gc,cpu         ] GC(721) User=0.81s Sys=0.01s Real=0.13s
...[3320.934s][info][gc,start       ] GC(722) Pause Young (Concurrent Start) (G1 Evacuation Pause)
[3320.934s][info][gc,task        ] GC(722) Using 6 workers of 6 for evacuation
[3321.052s][info][gc,phases      ] GC(722)   Pre Evacuate Collection Set: 0.40ms
[3321.052s][info][gc,phases      ] GC(722)   Merge Heap Roots: 0.46ms
[3321.052s][info][gc,phases      ] GC(722)   Evacuate Collection Set: 115.62ms
[3321.052s][info][gc,phases      ] GC(722)   Post Evacuate Collection Set: 0.88ms
[3321.052s][info][gc,phases      ] GC(722)   Other: 0.10ms
[3321.052s][info][gc,heap        ] GC(722) Eden regions: 1118->0(1118)
[3321.052s][info][gc,heap        ] GC(722) Survivor regions: 110->110(154)
[3321.052s][info][gc,heap        ] GC(722) Old regions: 474->505
[3321.052s][info][gc,heap        ] GC(722) Humongous regions: 80->80
[3321.052s][info][gc,metaspace   ] GC(722) Metaspace: 28958K(29376K)->28958K(29376K) NonClass: 24088K(24256K)->24088K(24256K) Class: 4869K(5120K)->4869K(5120K)
[3321.052s][info][gc             ] GC(722) Pause Young (Concurrent Start) (G1 Evacuation Pause) 3561M->1389M(4096M) 117.581ms
[3321.052s][info][gc             ] GC(723) Concurrent Mark Cycle
[3321.052s][info][gc,marking     ] GC(723) Concurrent Scan Root Regions
[3321.052s][info][gc,cpu         ] GC(722) User=0.70s Sys=0.00s Real=0.11s
[3321.192s][info][gc,marking     ] GC(723) Concurrent Scan Root Regions 140.501ms
[3321.192s][info][gc,marking     ] GC(723) Concurrent Mark
[3321.192s][info][gc,marking     ] GC(723) Concurrent Mark From Roots
[3321.192s][info][gc,task        ] GC(723) Using 2 workers of 2 for marking
.[3321.863s][info][gc,marking     ] GC(723) Concurrent Mark From Roots 670.964ms
[3321.863s][info][gc,marking     ] GC(723) Concurrent Preclean
[3321.863s][info][gc,marking     ] GC(723) Concurrent Preclean 0.091ms
[3321.864s][info][gc,start       ] GC(723) Pause Remark
[3321.868s][info][gc             ] GC(723) Pause Remark 2008M->2008M(4096M) 4.593ms
[3321.868s][info][gc,cpu         ] GC(723) User=0.03s Sys=0.00s Real=0.00s
[3321.868s][info][gc,marking     ] GC(723) Concurrent Mark 675.892ms
[3321.868s][info][gc,marking     ] GC(723) Concurrent Rebuild Remembered Sets and Scrub Regions
[3322.165s][info][gc,marking     ] GC(723) Concurrent Rebuild Remembered Sets and Scrub Regions 296.830ms
[3322.165s][info][gc,start       ] GC(723) Pause Cleanup
[3322.165s][info][gc             ] GC(723) Pause Cleanup 2223M->2223M(4096M) 0.108ms
[3322.165s][info][gc,cpu         ] GC(723) User=0.00s Sys=0.00s Real=0.00s
[3322.165s][info][gc,marking     ] GC(723) Concurrent Clear Claimed Marks
[3322.165s][info][gc,marking     ] GC(723) Concurrent Clear Claimed Marks 0.024ms
[3322.165s][info][gc,marking     ] GC(723) Concurrent Cleanup for Next Mark
[3322.169s][info][gc,marking     ] GC(723) Concurrent Cleanup for Next Mark 3.231ms
[3322.169s][info][gc             ] GC(723) Concurrent Mark Cycle 1116.902ms
..[3324.246s][info][gc,start       ] GC(724) Pause Young (Prepare Mixed) (G1 Evacuation Pause)
[3324.246s][info][gc,task        ] GC(724) Using 6 workers of 6 for evacuation
[3324.363s][info][gc,phases      ] GC(724)   Pre Evacuate Collection Set: 0.33ms
[3324.363s][info][gc,phases      ] GC(724)   Merge Heap Roots: 0.55ms
[3324.363s][info][gc,phases      ] GC(724)   Evacuate Collection Set: 115.09ms
[3324.363s][info][gc,phases      ] GC(724)   Post Evacuate Collection Set: 0.96ms
[3324.363s][info][gc,phases      ] GC(724)   Other: 0.09ms
[3324.363s][info][gc,heap        ] GC(724) Eden regions: 1118->0(1110)
[3324.363s][info][gc,heap        ] GC(724) Survivor regions: 110->109(154)
[3324.363s][info][gc,heap        ] GC(724) Old regions: 505->537
[3324.363s][info][gc,heap        ] GC(724) Humongous regions: 80->80
[3324.363s][info][gc,metaspace   ] GC(724) Metaspace: 28958K(29376K)->28958K(29376K) NonClass: 24088K(24256K)->24088K(24256K) Class: 4869K(5120K)->4869K(5120K)
[3324.363s][info][gc             ] GC(724) Pause Young (Prepare Mixed) (G1 Evacuation Pause) 3625M->1451M(4096M) 117.160ms
[3324.363s][info][gc,cpu         ] GC(724) User=0.70s Sys=0.00s Real=0.12s
....[3327.439s][info][gc,start       ] GC(725) Pause Young (Mixed) (G1 Evacuation Pause)
[3327.439s][info][gc,task        ] GC(725) Using 6 workers of 6 for evacuation
[3327.573s][info][gc,phases      ] GC(725)   Pre Evacuate Collection Set: 0.35ms
[3327.573s][info][gc,phases      ] GC(725)   Merge Heap Roots: 0.68ms
[3327.573s][info][gc,phases      ] GC(725)   Evacuate Collection Set: 131.50ms
[3327.573s][info][gc,phases      ] GC(725)   Post Evacuate Collection Set: 1.00ms
[3327.573s][info][gc,phases      ] GC(725)   Other: 0.09ms
[3327.573s][info][gc,heap        ] GC(725) Eden regions: 1110->0(1118)
[3327.573s][info][gc,heap        ] GC(725) Survivor regions: 109->110(153)
[3327.573s][info][gc,heap        ] GC(725) Old regions: 537->473
[3327.573s][info][gc,heap        ] GC(725) Humongous regions: 80->80
[3327.573s][info][gc,metaspace   ] GC(725) Metaspace: 28958K(29376K)->28958K(29376K) NonClass: 24088K(24256K)->24088K(24256K) Class: 4869K(5120K)->4869K(5120K)
[3327.573s][info][gc             ] GC(725) Pause Young (Mixed) (G1 Evacuation Pause) 3671M->1324M(4096M) 133.770ms
[3327.573s][info][gc,cpu         ] GC(725) User=0.80s Sys=0.00s Real=0.14s
...[3330.792s][info][gc,start       ] GC(726) Pause Young (Concurrent Start) (G1 Evacuation Pause)
[3330.792s][info][gc,task        ] GC(726) Using 6 workers of 6 for evacuation
[3330.910s][info][gc,phases      ] GC(726)   Pre Evacuate Collection Set: 0.38ms
[3330.910s][info][gc,phases      ] GC(726)   Merge Heap Roots: 0.48ms
[3330.910s][info][gc,phases      ] GC(726)   Evacuate Collection Set: 116.20ms
[3330.910s][info][gc,phases      ] GC(726)   Post Evacuate Collection Set: 0.90ms
[3330.910s][info][gc,phases      ] GC(726)   Other: 0.10ms
[3330.910s][info][gc,heap        ] GC(726) Eden regions: 1118->0(1117)
[3330.910s][info][gc,heap        ] GC(726) Survivor regions: 110->111(154)
[3330.910s][info][gc,heap        ] GC(726) Old regions: 473->506
[3330.910s][info][gc,heap        ] GC(726) Humongous regions: 80->80
[3330.910s][info][gc,metaspace   ] GC(726) Metaspace: 28958K(29376K)->28958K(29376K) NonClass: 24088K(24256K)->24088K(24256K) Class: 4869K(5120K)->4869K(5120K)
[3330.910s][info][gc             ] GC(726) Pause Young (Concurrent Start) (G1 Evacuation Pause) 3560M->1391M(4096M) 118.185ms
[3330.910s][info][gc             ] GC(727) Concurrent Mark Cycle
[3330.910s][info][gc,marking     ] GC(727) Concurrent Scan Root Regions
[3330.910s][info][gc,cpu         ] GC(726) User=0.70s Sys=0.00s Real=0.12s
[3331.089s][info][gc,marking     ] GC(727) Concurrent Scan Root Regions 178.206ms
[3331.089s][info][gc,marking     ] GC(727) Concurrent Mark
[3331.089s][info][gc,marking     ] GC(727) Concurrent Mark From Roots
[3331.089s][info][gc,task        ] GC(727) Using 2 workers of 2 for marking
.[3331.970s][info][gc,marking     ] GC(727) Concurrent Mark From Roots 881.002ms
[3331.970s][info][gc,marking     ] GC(727) Concurrent Preclean
[3331.970s][info][gc,marking     ] GC(727) Concurrent Preclean 0.062ms
[3331.970s][info][gc,start       ] GC(727) Pause Remark
[3331.975s][info][gc             ] GC(727) Pause Remark 2212M->2212M(4096M) 5.490ms
[3331.975s][info][gc,cpu         ] GC(727) User=0.03s Sys=0.00s Real=0.01s
[3331.975s][info][gc,marking     ] GC(727) Concurrent Mark 886.823ms
[3331.975s][info][gc,marking     ] GC(727) Concurrent Rebuild Remembered Sets and Scrub Regions
[3332.252s][info][gc,marking     ] GC(727) Concurrent Rebuild Remembered Sets and Scrub Regions 276.683ms
[3332.253s][info][gc,start       ] GC(727) Pause Cleanup
[3332.253s][info][gc             ] GC(727) Pause Cleanup 2393M->2393M(4096M) 0.132ms
[3332.253s][info][gc,cpu         ] GC(727) User=0.00s Sys=0.00s Real=0.00s
[3332.253s][info][gc,marking     ] GC(727) Concurrent Clear Claimed Marks
[3332.253s][info][gc,marking     ] GC(727) Concurrent Clear Claimed Marks 0.030ms
[3332.253s][info][gc,marking     ] GC(727) Concurrent Cleanup for Next Mark
[3332.257s][info][gc,marking     ] GC(727) Concurrent Cleanup for Next Mark 3.961ms
[3332.257s][info][gc             ] GC(727) Concurrent Mark Cycle 1346.702ms
..[3333.970s][info][gc,start       ] GC(728) Pause Young (Prepare Mixed) (G1 Evacuation Pause)
[3333.970s][info][gc,task        ] GC(728) Using 6 workers of 6 for evacuation
[3334.086s][info][gc,phases      ] GC(728)   Pre Evacuate Collection Set: 0.34ms
[3334.086s][info][gc,phases      ] GC(728)   Merge Heap Roots: 0.53ms
[3334.086s][info][gc,phases      ] GC(728)   Evacuate Collection Set: 114.13ms
[3334.086s][info][gc,phases      ] GC(728)   Post Evacuate Collection Set: 0.96ms
[3334.086s][info][gc,phases      ] GC(728)   Other: 0.09ms
[3334.086s][info][gc,heap        ] GC(728) Eden regions: 1117->0(1112)
[3334.086s][info][gc,heap        ] GC(728) Survivor regions: 111->108(154)
[3334.086s][info][gc,heap        ] GC(728) Old regions: 506->537
[3334.086s][info][gc,heap        ] GC(728) Humongous regions: 80->80
[3334.086s][info][gc,metaspace   ] GC(728) Metaspace: 28958K(29376K)->28958K(29376K) NonClass: 24088K(24256K)->24088K(24256K) Class: 4869K(5120K)->4869K(5120K)
[3334.086s][info][gc             ] GC(728) Pause Young (Prepare Mixed) (G1 Evacuation Pause) 3625M->1449M(4096M) 116.188ms
[3334.086s][info][gc,cpu         ] GC(728) User=0.70s Sys=0.00s Real=0.12s
...[3337.324s][info][gc,start       ] GC(729) Pause Young (Mixed) (G1 Evacuation Pause)
[3337.324s][info][gc,task        ] GC(729) Using 6 workers of 6 for evacuation
[3337.460s][info][gc,phases      ] GC(729)   Pre Evacuate Collection Set: 0.39ms
[3337.460s][info][gc,phases      ] GC(729)   Merge Heap Roots: 0.69ms
[3337.460s][info][gc,phases      ] GC(729)   Evacuate Collection Set: 133.71ms
[3337.460s][info][gc,phases      ] GC(729)   Post Evacuate Collection Set: 0.96ms
[3337.460s][info][gc,phases      ] GC(729)   Other: 0.09ms
[3337.460s][info][gc,heap        ] GC(729) Eden regions: 1112->0(1119)
[3337.460s][info][gc,heap        ] GC(729) Survivor regions: 108->109(153)
[3337.460s][info][gc,heap        ] GC(729) Old regions: 537->472
[3337.460s][info][gc,heap        ] GC(729) Humongous regions: 80->80
[3337.460s][info][gc,metaspace   ] GC(729) Metaspace: 28958K(29376K)->28958K(29376K) NonClass: 24088K(24256K)->24088K(24256K) Class: 4869K(5120K)->4869K(5120K)
[3337.460s][info][gc             ] GC(729) Pause Young (Mixed) (G1 Evacuation Pause) 3673M->1320M(4096M) 135.968ms
[3337.460s][info][gc,cpu         ] GC(729) User=0.81s Sys=0.00s Real=0.13s
....[3340.500s][info][gc,start       ] GC(730) Pause Young (Concurrent Start) (G1 Evacuation Pause)
[3340.500s][info][gc,task        ] GC(730) Using 6 workers of 6 for evacuation
[3340.622s][info][gc,phases      ] GC(730)   Pre Evacuate Collection Set: 0.39ms
[3340.622s][info][gc,phases      ] GC(730)   Merge Heap Roots: 0.49ms
[3340.622s][info][gc,phases      ] GC(730)   Evacuate Collection Set: 120.04ms
[3340.622s][info][gc,phases      ] GC(730)   Post Evacuate Collection Set: 0.92ms
[3340.622s][info][gc,phases      ] GC(730)   Other: 0.11ms
[3340.622s][info][gc,heap        ] GC(730) Eden regions: 1119->0(1114)
[3340.622s][info][gc,heap        ] GC(730) Survivor regions: 109->114(154)
[3340.622s][info][gc,heap        ] GC(730) Old regions: 472->504
[3340.622s][info][gc,heap        ] GC(730) Humongous regions: 80->80
[3340.622s][info][gc,metaspace   ] GC(730) Metaspace: 28958K(29376K)->28958K(29376K) NonClass: 24088K(24256K)->24088K(24256K) Class: 4869K(5120K)->4869K(5120K)
[3340.622s][info][gc             ] GC(730) Pause Young (Concurrent Start) (G1 Evacuation Pause) 3558M->1394M(4096M) 122.075ms
[3340.622s][info][gc             ] GC(731) Concurrent Mark Cycle
[3340.622s][info][gc,marking     ] GC(731) Concurrent Scan Root Regions
[3340.622s][info][gc,cpu         ] GC(730) User=0.73s Sys=0.00s Real=0.12s
[3340.836s][info][gc,marking     ] GC(731) Concurrent Scan Root Regions 214.607ms
[3340.837s][info][gc,marking     ] GC(731) Concurrent Mark
[3340.837s][info][gc,marking     ] GC(731) Concurrent Mark From Roots
[3340.837s][info][gc,task        ] GC(731) Using 2 workers of 2 for marking
.[3341.779s][info][gc,marking     ] GC(731) Concurrent Mark From Roots 942.716ms
[3341.779s][info][gc,marking     ] GC(731) Concurrent Preclean
[3341.779s][info][gc,marking     ] GC(731) Concurrent Preclean 0.123ms
[3341.782s][info][gc,start       ] GC(731) Pause Remark
[3341.788s][info][gc             ] GC(731) Pause Remark 2256M->2256M(4096M) 5.717ms
[3341.788s][info][gc,cpu         ] GC(731) User=0.03s Sys=0.00s Real=0.01s
[3341.788s][info][gc,marking     ] GC(731) Concurrent Mark 951.219ms
[3341.788s][info][gc,marking     ] GC(731) Concurrent Rebuild Remembered Sets and Scrub Regions
[3342.032s][info][gc,marking     ] GC(731) Concurrent Rebuild Remembered Sets and Scrub Regions 244.087ms
[3342.032s][info][gc,start       ] GC(731) Pause Cleanup
[3342.032s][info][gc             ] GC(731) Pause Cleanup 2421M->2421M(4096M) 0.108ms
[3342.032s][info][gc,cpu         ] GC(731) User=0.00s Sys=0.00s Real=0.00s
[3342.032s][info][gc,marking     ] GC(731) Concurrent Clear Claimed Marks
[3342.032s][info][gc,marking     ] GC(731) Concurrent Clear Claimed Marks 0.023ms
[3342.032s][info][gc,marking     ] GC(731) Concurrent Cleanup for Next Mark
[3342.035s][info][gc,marking     ] GC(731) Concurrent Cleanup for Next Mark 3.172ms
[3342.035s][info][gc             ] GC(731) Concurrent Mark Cycle 1413.525ms
..[3343.812s][info][gc,start       ] GC(732) Pause Young (Prepare Mixed) (G1 Evacuation Pause)
[3343.812s][info][gc,task        ] GC(732) Using 6 workers of 6 for evacuation
[3343.934s][info][gc,phases      ] GC(732)   Pre Evacuate Collection Set: 0.31ms
[3343.934s][info][gc,phases      ] GC(732)   Merge Heap Roots: 0.55ms
[3343.934s][info][gc,phases      ] GC(732)   Evacuate Collection Set: 120.49ms
[3343.934s][info][gc,phases      ] GC(732)   Post Evacuate Collection Set: 0.94ms
[3343.934s][info][gc,phases      ] GC(732)   Other: 0.09ms
[3343.934s][info][gc,heap        ] GC(732) Eden regions: 1114->0(1105)
[3343.934s][info][gc,heap        ] GC(732) Survivor regions: 114->112(154)
[3343.934s][info][gc,heap        ] GC(732) Old regions: 504->536
[3343.934s][info][gc,heap        ] GC(732) Humongous regions: 80->80
[3343.934s][info][gc,metaspace   ] GC(732) Metaspace: 28958K(29376K)->28958K(29376K) NonClass: 24088K(24256K)->24088K(24256K) Class: 4869K(5120K)->4869K(5120K)
[3343.935s][info][gc             ] GC(732) Pause Young (Prepare Mixed) (G1 Evacuation Pause) 3622M->1455M(4096M) 122.505ms
[3343.935s][info][gc,cpu         ] GC(732) User=0.73s Sys=0.01s Real=0.13s
...[3346.997s][info][gc,start       ] GC(733) Pause Young (Mixed) (G1 Evacuation Pause)
[3346.997s][info][gc,task        ] GC(733) Using 6 workers of 6 for evacuation
[3347.130s][info][gc,phases      ] GC(733)   Pre Evacuate Collection Set: 0.39ms
[3347.130s][info][gc,phases      ] GC(733)   Merge Heap Roots: 0.75ms
[3347.130s][info][gc,phases      ] GC(733)   Evacuate Collection Set: 131.05ms
[3347.130s][info][gc,phases      ] GC(733)   Post Evacuate Collection Set: 0.96ms
[3347.130s][info][gc,phases      ] GC(733)   Other: 0.09ms
[3347.130s][info][gc,heap        ] GC(733) Eden regions: 1105->0(1119)
[3347.130s][info][gc,heap        ] GC(733) Survivor regions: 112->109(153)
[3347.130s][info][gc,heap        ] GC(733) Old regions: 536->472
[3347.130s][info][gc,heap        ] GC(733) Humongous regions: 80->80
[3347.130s][info][gc,metaspace   ] GC(733) Metaspace: 28958K(29376K)->28958K(29376K) NonClass: 24088K(24256K)->24088K(24256K) Class: 4869K(5120K)->4869K(5120K)
[3347.130s][info][gc             ] GC(733) Pause Young (Mixed) (G1 Evacuation Pause) 3665M->1321M(4096M) 133.379ms
[3347.130s][info][gc,cpu         ] GC(733) User=0.80s Sys=0.00s Real=0.13s
...[3350.230s][info][gc,start       ] GC(734) Pause Young (Concurrent Start) (G1 Evacuation Pause)
[3350.230s][info][gc,task        ] GC(734) Using 6 workers of 6 for evacuation
[3350.348s][info][gc,phases      ] GC(734)   Pre Evacuate Collection Set: 0.39ms
[3350.348s][info][gc,phases      ] GC(734)   Merge Heap Roots: 0.48ms
[3350.348s][info][gc,phases      ] GC(734)   Evacuate Collection Set: 116.48ms
[3350.348s][info][gc,phases      ] GC(734)   Post Evacuate Collection Set: 0.89ms
[3350.348s][info][gc,phases      ] GC(734)   Other: 0.11ms
[3350.348s][info][gc,heap        ] GC(734) Eden regions: 1119->0(1117)
[3350.348s][info][gc,heap        ] GC(734) Survivor regions: 109->111(154)
[3350.348s][info][gc,heap        ] GC(734) Old regions: 472->505
[3350.349s][info][gc,heap        ] GC(734) Humongous regions: 80->80
[3350.349s][info][gc,metaspace   ] GC(734) Metaspace: 28958K(29376K)->28958K(29376K) NonClass: 24088K(24256K)->24088K(24256K) Class: 4869K(5120K)->4869K(5120K)
[3350.349s][info][gc             ] GC(734) Pause Young (Concurrent Start) (G1 Evacuation Pause) 3559M->1389M(4096M) 118.499ms
[3350.349s][info][gc             ] GC(735) Concurrent Mark Cycle
[3350.349s][info][gc,marking     ] GC(735) Concurrent Scan Root Regions
[3350.349s][info][gc,cpu         ] GC(734) User=0.71s Sys=0.00s Real=0.12s
[3350.487s][info][gc,marking     ] GC(735) Concurrent Scan Root Regions 138.805ms
[3350.487s][info][gc,marking     ] GC(735) Concurrent Mark
[3350.487s][info][gc,marking     ] GC(735) Concurrent Mark From Roots
[3350.487s][info][gc,task        ] GC(735) Using 2 workers of 2 for marking
.[3351.136s][info][gc,marking     ] GC(735) Concurrent Mark From Roots 648.231ms
[3351.136s][info][gc,marking     ] GC(735) Concurrent Preclean
[3351.136s][info][gc,marking     ] GC(735) Concurrent Preclean 0.087ms
[3351.137s][info][gc,start       ] GC(735) Pause Remark
[3351.142s][info][gc             ] GC(735) Pause Remark 1997M->1997M(4096M) 5.201ms
[3351.142s][info][gc,cpu         ] GC(735) User=0.03s Sys=0.00s Real=0.00s
[3351.143s][info][gc,marking     ] GC(735) Concurrent Mark 655.203ms
[3351.143s][info][gc,marking     ] GC(735) Concurrent Rebuild Remembered Sets and Scrub Regions
[3351.389s][info][gc,marking     ] GC(735) Concurrent Rebuild Remembered Sets and Scrub Regions 246.490ms
[3351.389s][info][gc,start       ] GC(735) Pause Cleanup
[3351.390s][info][gc             ] GC(735) Pause Cleanup 2162M->2162M(4096M) 0.124ms
[3351.390s][info][gc,cpu         ] GC(735) User=0.00s Sys=0.00s Real=0.00s
[3351.390s][info][gc,marking     ] GC(735) Concurrent Clear Claimed Marks
[3351.390s][info][gc,marking     ] GC(735) Concurrent Clear Claimed Marks 0.030ms
[3351.390s][info][gc,marking     ] GC(735) Concurrent Cleanup for Next Mark
[3351.393s][info][gc,marking     ] GC(735) Concurrent Cleanup for Next Mark 3.410ms
[3351.393s][info][gc             ] GC(735) Concurrent Mark Cycle 1044.527ms
..[3353.504s][info][gc,start       ] GC(736) Pause Young (Prepare Mixed) (G1 Evacuation Pause)
[3353.504s][info][gc,task        ] GC(736) Using 6 workers of 6 for evacuation
[3353.624s][info][gc,phases      ] GC(736)   Pre Evacuate Collection Set: 0.38ms
[3353.624s][info][gc,phases      ] GC(736)   Merge Heap Roots: 0.56ms
[3353.624s][info][gc,phases      ] GC(736)   Evacuate Collection Set: 118.17ms
[3353.624s][info][gc,phases      ] GC(736)   Post Evacuate Collection Set: 0.96ms
[3353.624s][info][gc,phases      ] GC(736)   Other: 0.09ms
[3353.624s][info][gc,heap        ] GC(736) Eden regions: 1117->0(1102)
[3353.624s][info][gc,heap        ] GC(736) Survivor regions: 111->113(154)
[3353.624s][info][gc,heap        ] GC(736) Old regions: 505->537
[3353.624s][info][gc,heap        ] GC(736) Humongous regions: 80->80
[3353.624s][info][gc,metaspace   ] GC(736) Metaspace: 28958K(29376K)->28958K(29376K) NonClass: 24088K(24256K)->24088K(24256K) Class: 4869K(5120K)->4869K(5120K)
[3353.624s][info][gc             ] GC(736) Pause Young (Prepare Mixed) (G1 Evacuation Pause) 3623M->1458M(4096M) 120.323ms
[3353.624s][info][gc,cpu         ] GC(736) User=0.72s Sys=0.00s Real=0.12s
....[3356.716s][info][gc,start       ] GC(737) Pause Young (Mixed) (G1 Evacuation Pause)
[3356.716s][info][gc,task        ] GC(737) Using 6 workers of 6 for evacuation
[3356.852s][info][gc,phases      ] GC(737)   Pre Evacuate Collection Set: 0.38ms
[3356.852s][info][gc,phases      ] GC(737)   Merge Heap Roots: 0.72ms
[3356.852s][info][gc,phases      ] GC(737)   Evacuate Collection Set: 133.22ms
[3356.852s][info][gc,phases      ] GC(737)   Post Evacuate Collection Set: 1.01ms
[3356.852s][info][gc,phases      ] GC(737)   Other: 0.09ms
[3356.852s][info][gc,heap        ] GC(737) Eden regions: 1102->0(1118)
[3356.852s][info][gc,heap        ] GC(737) Survivor regions: 113->110(152)
[3356.852s][info][gc,heap        ] GC(737) Old regions: 537->473
[3356.852s][info][gc,heap        ] GC(737) Humongous regions: 80->80
[3356.852s][info][gc,metaspace   ] GC(737) Metaspace: 28958K(29376K)->28958K(29376K) NonClass: 24088K(24256K)->24088K(24256K) Class: 4869K(5120K)->4869K(5120K)
[3356.852s][info][gc             ] GC(737) Pause Young (Mixed) (G1 Evacuation Pause) 3662M->1325M(4096M) 135.592ms
[3356.852s][info][gc,cpu         ] GC(737) User=0.80s Sys=0.00s Real=0.13s
...[3359.971s][info][gc,start       ] GC(738) Pause Young (Concurrent Start) (G1 Evacuation Pause)
[3359.971s][info][gc,task        ] GC(738) Using 6 workers of 6 for evacuation
[3360.087s][info][gc,phases      ] GC(738)   Pre Evacuate Collection Set: 0.37ms
[3360.087s][info][gc,phases      ] GC(738)   Merge Heap Roots: 0.48ms
[3360.087s][info][gc,phases      ] GC(738)   Evacuate Collection Set: 114.62ms
[3360.087s][info][gc,phases      ] GC(738)   Post Evacuate Collection Set: 0.89ms
[3360.087s][info][gc,phases      ] GC(738)   Other: 0.10ms
[3360.087s][info][gc,heap        ] GC(738) Eden regions: 1118->0(1120)
[3360.087s][info][gc,heap        ] GC(738) Survivor regions: 110->108(154)
[3360.087s][info][gc,heap        ] GC(738) Old regions: 473->506
[3360.087s][info][gc,heap        ] GC(738) Humongous regions: 80->80
[3360.087s][info][gc,metaspace   ] GC(738) Metaspace: 28958K(29376K)->28958K(29376K) NonClass: 24088K(24256K)->24088K(24256K) Class: 4869K(5120K)->4869K(5120K)
[3360.087s][info][gc             ] GC(738) Pause Young (Concurrent Start) (G1 Evacuation Pause) 3561M->1385M(4096M) 116.582ms
[3360.087s][info][gc             ] GC(739) Concurrent Mark Cycle
[3360.087s][info][gc,marking     ] GC(739) Concurrent Scan Root Regions
[3360.087s][info][gc,cpu         ] GC(738) User=0.69s Sys=0.00s Real=0.12s
[3360.226s][info][gc,marking     ] GC(739) Concurrent Scan Root Regions 139.055ms
[3360.226s][info][gc,marking     ] GC(739) Concurrent Mark
[3360.226s][info][gc,marking     ] GC(739) Concurrent Mark From Roots
[3360.227s][info][gc,task        ] GC(739) Using 2 workers of 2 for marking
.[3360.899s][info][gc,marking     ] GC(739) Concurrent Mark From Roots 672.848ms
[3360.899s][info][gc,marking     ] GC(739) Concurrent Preclean
[3360.899s][info][gc,marking     ] GC(739) Concurrent Preclean 0.097ms
[3360.900s][info][gc,start       ] GC(739) Pause Remark
[3360.948s][info][gc             ] GC(739) Pause Remark 2003M->2003M(4096M) 48.873ms
[3360.949s][info][gc,cpu         ] GC(739) User=0.05s Sys=0.00s Real=0.05s
[3360.949s][info][gc,marking     ] GC(739) Concurrent Mark 722.106ms
[3360.949s][info][gc,marking     ] GC(739) Concurrent Rebuild Remembered Sets and Scrub Regions
[3361.215s][info][gc,marking     ] GC(739) Concurrent Rebuild Remembered Sets and Scrub Regions 266.458ms
[3361.215s][info][gc,start       ] GC(739) Pause Cleanup
[3361.215s][info][gc             ] GC(739) Pause Cleanup 2241M->2241M(4096M) 0.117ms
[3361.215s][info][gc,cpu         ] GC(739) User=0.00s Sys=0.00s Real=0.00s
[3361.215s][info][gc,marking     ] GC(739) Concurrent Clear Claimed Marks
[3361.215s][info][gc,marking     ] GC(739) Concurrent Clear Claimed Marks 0.019ms
[3361.215s][info][gc,marking     ] GC(739) Concurrent Cleanup for Next Mark
[3361.221s][info][gc,marking     ] GC(739) Concurrent Cleanup for Next Mark 5.189ms
[3361.221s][info][gc             ] GC(739) Concurrent Mark Cycle 1133.298ms
..[3363.295s][info][gc,start       ] GC(740) Pause Young (Prepare Mixed) (G1 Evacuation Pause)
[3363.295s][info][gc,task        ] GC(740) Using 6 workers of 6 for evacuation
[3363.414s][info][gc,phases      ] GC(740)   Pre Evacuate Collection Set: 0.35ms
[3363.415s][info][gc,phases      ] GC(740)   Merge Heap Roots: 0.53ms
[3363.415s][info][gc,phases      ] GC(740)   Evacuate Collection Set: 117.48ms
[3363.415s][info][gc,phases      ] GC(740)   Post Evacuate Collection Set: 0.95ms
[3363.415s][info][gc,phases      ] GC(740)   Other: 0.08ms
[3363.415s][info][gc,heap        ] GC(740) Eden regions: 1120->0(1106)
[3363.415s][info][gc,heap        ] GC(740) Survivor regions: 108->111(154)
[3363.415s][info][gc,heap        ] GC(740) Old regions: 506->537
[3363.415s][info][gc,heap        ] GC(740) Humongous regions: 80->80
[3363.415s][info][gc,metaspace   ] GC(740) Metaspace: 28958K(29376K)->28958K(29376K) NonClass: 24088K(24256K)->24088K(24256K) Class: 4869K(5120K)->4869K(5120K)
[3363.415s][info][gc             ] GC(740) Pause Young (Prepare Mixed) (G1 Evacuation Pause) 3625M->1454M(4096M) 119.535ms
[3363.415s][info][gc,cpu         ] GC(740) User=0.71s Sys=0.00s Real=0.12s
...[3366.469s][info][gc,start       ] GC(741) Pause Young (Mixed) (G1 Evacuation Pause)
[3366.469s][info][gc,task        ] GC(741) Using 6 workers of 6 for evacuation
[3366.605s][info][gc,phases      ] GC(741)   Pre Evacuate Collection Set: 0.40ms
[3366.605s][info][gc,phases      ] GC(741)   Merge Heap Roots: 0.73ms
[3366.605s][info][gc,phases      ] GC(741)   Evacuate Collection Set: 133.53ms
[3366.605s][info][gc,phases      ] GC(741)   Post Evacuate Collection Set: 0.96ms
[3366.605s][info][gc,phases      ] GC(741)   Other: 0.09ms
[3366.605s][info][gc,heap        ] GC(741) Eden regions: 1106->0(1117)
[3366.605s][info][gc,heap        ] GC(741) Survivor regions: 111->111(153)
[3366.605s][info][gc,heap        ] GC(741) Old regions: 537->471
[3366.605s][info][gc,heap        ] GC(741) Humongous regions: 80->80
[3366.605s][info][gc,metaspace   ] GC(741) Metaspace: 28958K(29376K)->28958K(29376K) NonClass: 24088K(24256K)->24088K(24256K) Class: 4869K(5120K)->4869K(5120K)
[3366.605s][info][gc             ] GC(741) Pause Young (Mixed) (G1 Evacuation Pause) 3666M->1322M(4096M) 135.830ms
[3366.605s][info][gc,cpu         ] GC(741) User=0.81s Sys=0.00s Real=0.14s
....[3369.703s][info][gc,start       ] GC(742) Pause Young (Concurrent Start) (G1 Evacuation Pause)
[3369.703s][info][gc,task        ] GC(742) Using 6 workers of 6 for evacuation
[3369.821s][info][gc,phases      ] GC(742)   Pre Evacuate Collection Set: 0.42ms
[3369.821s][info][gc,phases      ] GC(742)   Merge Heap Roots: 0.50ms
[3369.821s][info][gc,phases      ] GC(742)   Evacuate Collection Set: 115.89ms
[3369.821s][info][gc,phases      ] GC(742)   Post Evacuate Collection Set: 0.90ms
[3369.821s][info][gc,phases      ] GC(742)   Other: 0.12ms
[3369.821s][info][gc,heap        ] GC(742) Eden regions: 1117->0(1119)
[3369.821s][info][gc,heap        ] GC(742) Survivor regions: 111->109(154)
[3369.821s][info][gc,heap        ] GC(742) Old regions: 471->504
[3369.821s][info][gc,heap        ] GC(742) Humongous regions: 80->80
[3369.821s][info][gc,metaspace   ] GC(742) Metaspace: 28958K(29376K)->28958K(29376K) NonClass: 24088K(24256K)->24088K(24256K) Class: 4869K(5120K)->4869K(5120K)
[3369.821s][info][gc             ] GC(742) Pause Young (Concurrent Start) (G1 Evacuation Pause) 3556M->1385M(4096M) 117.978ms
[3369.821s][info][gc             ] GC(743) Concurrent Mark Cycle
[3369.821s][info][gc,marking     ] GC(743) Concurrent Scan Root Regions
[3369.821s][info][gc,cpu         ] GC(742) User=0.70s Sys=0.00s Real=0.11s
[3370.002s][info][gc,marking     ] GC(743) Concurrent Scan Root Regions 180.316ms
[3370.002s][info][gc,marking     ] GC(743) Concurrent Mark
[3370.002s][info][gc,marking     ] GC(743) Concurrent Mark From Roots
[3370.002s][info][gc,task        ] GC(743) Using 2 workers of 2 for marking
[3370.659s][info][gc,marking     ] GC(743) Concurrent Mark From Roots 657.067ms
[3370.659s][info][gc,marking     ] GC(743) Concurrent Preclean
[3370.659s][info][gc,marking     ] GC(743) Concurrent Preclean 0.096ms
[3370.660s][info][gc,start       ] GC(743) Pause Remark
[3370.665s][info][gc             ] GC(743) Pause Remark 2041M->2041M(4096M) 4.919ms
[3370.665s][info][gc,cpu         ] GC(743) User=0.03s Sys=0.00s Real=0.01s
[3370.665s][info][gc,marking     ] GC(743) Concurrent Mark 663.107ms
[3370.665s][info][gc,marking     ] GC(743) Concurrent Rebuild Remembered Sets and Scrub Regions
.[3370.957s][info][gc,marking     ] GC(743) Concurrent Rebuild Remembered Sets and Scrub Regions 292.192ms
[3370.957s][info][gc,start       ] GC(743) Pause Cleanup
[3370.957s][info][gc             ] GC(743) Pause Cleanup 2243M->2243M(4096M) 0.115ms
[3370.957s][info][gc,cpu         ] GC(743) User=0.00s Sys=0.00s Real=0.00s
[3370.957s][info][gc,marking     ] GC(743) Concurrent Clear Claimed Marks
[3370.957s][info][gc,marking     ] GC(743) Concurrent Clear Claimed Marks 0.036ms
[3370.957s][info][gc,marking     ] GC(743) Concurrent Cleanup for Next Mark
[3370.964s][info][gc,marking     ] GC(743) Concurrent Cleanup for Next Mark 6.476ms
[3370.964s][info][gc             ] GC(743) Concurrent Mark Cycle 1142.597ms
..[3373.017s][info][gc,start       ] GC(744) Pause Young (Prepare Mixed) (G1 Evacuation Pause)
[3373.017s][info][gc,task        ] GC(744) Using 6 workers of 6 for evacuation
[3373.134s][info][gc,phases      ] GC(744)   Pre Evacuate Collection Set: 0.33ms
[3373.134s][info][gc,phases      ] GC(744)   Merge Heap Roots: 0.59ms
[3373.134s][info][gc,phases      ] GC(744)   Evacuate Collection Set: 114.94ms
[3373.134s][info][gc,phases      ] GC(744)   Post Evacuate Collection Set: 0.97ms
[3373.134s][info][gc,phases      ] GC(744)   Other: 0.10ms
[3373.134s][info][gc,heap        ] GC(744) Eden regions: 1119->0(1112)
[3373.134s][info][gc,heap        ] GC(744) Survivor regions: 109->109(154)
[3373.134s][info][gc,heap        ] GC(744) Old regions: 504->535
[3373.134s][info][gc,heap        ] GC(744) Humongous regions: 80->80
[3373.134s][info][gc,metaspace   ] GC(744) Metaspace: 28958K(29376K)->28958K(29376K) NonClass: 24088K(24256K)->24088K(24256K) Class: 4869K(5120K)->4869K(5120K)
[3373.134s][info][gc             ] GC(744) Pause Young (Prepare Mixed) (G1 Evacuation Pause) 3623M->1447M(4096M) 117.053ms
[3373.134s][info][gc,cpu         ] GC(744) User=0.70s Sys=0.00s Real=0.12s
... (rIR:aIR:PR = 5812:5810:5810) (tPR = 86359) [OK] 
  3375s: Performance info:
         Transaction,    Success,    Partial,     Failed,   Receipts, AvgBarcode, 
             Overall,     350744,          0,          0,     333224,      59.48, 
         Response times:
             Request,    Success,    Partial,     Failed,   SkipFail,     Probes,    Samples,      min,      p50,      p90,      p95,      p99,      max, 
       TotalPurchase,     333214,          0,          0,          0,     326811,     350283,      300,     4700,    13200,    34000,    71000,   259000,
     InStorePurchase,     175385,          0,          0,          0,     172180,     183862,      300,     4800,    13500,    35000,    72000,   259000,
      OnlinePurchase,     122731,          0,          0,          0,     120598,     129550,      300,     4700,    13000,    33000,    70000,   216000,
        InstPurchase,      35098,          0,          0,          0,      34033,      36871,      400,     4600,    12800,    33000,    66000,   210000,
          AssocOfCat,        350,          0,          0,          0,        285,        376,    23000,    34000,    70000,   101150,   157610,   189000,
      AssocOfProduct,       3505,          0,          0,          0,       3278,       3703,      300,     4500,    13200,    36000,    80800,   146000,
      BusinessReport,        877,          0,          0,          0,        767,        942,    25000,    37000,    69000,    84000,   169140,   350000,
          CustBuyBeh,       3519,          0,          0,          0,       3316,       3790,      200,     5100,    15900,    33000,    73000,   140000,
       ProductReturn,       9269,          0,          0,          0,       8854,       9695,      200,     4400,    12900,    33000,    63040,   146000,

  3375s: (43%)   IR =   5950 [3376.192s][info][gc,start       ] GC(745) Pause Young (Mixed) (G1 Evacuation Pause)
[3376.193s][info][gc,task        ] GC(745) Using 6 workers of 6 for evacuation
[3376.331s][info][gc,phases      ] GC(745)   Pre Evacuate Collection Set: 0.37ms
[3376.331s][info][gc,phases      ] GC(745)   Merge Heap Roots: 0.77ms
[3376.331s][info][gc,phases      ] GC(745)   Evacuate Collection Set: 135.86ms
[3376.331s][info][gc,phases      ] GC(745)   Post Evacuate Collection Set: 1.04ms
[3376.331s][info][gc,phases      ] GC(745)   Other: 0.09ms
[3376.331s][info][gc,heap        ] GC(745) Eden regions: 1112->0(1117)
[3376.331s][info][gc,heap        ] GC(745) Survivor regions: 109->111(153)
[3376.331s][info][gc,heap        ] GC(745) Old regions: 535->473
[3376.331s][info][gc,heap        ] GC(745) Humongous regions: 80->80
[3376.331s][info][gc,metaspace   ] GC(745) Metaspace: 28958K(29376K)->28958K(29376K) NonClass: 24088K(24256K)->24088K(24256K) Class: 4869K(5120K)->4869K(5120K)
[3376.331s][info][gc             ] GC(745) Pause Young (Mixed) (G1 Evacuation Pause) 3671M->1327M(4096M) 138.273ms
[3376.331s][info][gc,cpu         ] GC(745) User=0.82s Sys=0.00s Real=0.13s
...[3379.339s][info][gc,start       ] GC(746) Pause Young (Concurrent Start) (G1 Evacuation Pause)
[3379.339s][info][gc,task        ] GC(746) Using 6 workers of 6 for evacuation
[3379.459s][info][gc,phases      ] GC(746)   Pre Evacuate Collection Set: 0.37ms
[3379.459s][info][gc,phases      ] GC(746)   Merge Heap Roots: 0.48ms
[3379.459s][info][gc,phases      ] GC(746)   Evacuate Collection Set: 118.53ms
[3379.459s][info][gc,phases      ] GC(746)   Post Evacuate Collection Set: 0.94ms
[3379.459s][info][gc,phases      ] GC(746)   Other: 0.10ms
[3379.459s][info][gc,heap        ] GC(746) Eden regions: 1117->0(1117)
[3379.459s][info][gc,heap        ] GC(746) Survivor regions: 111->111(154)
[3379.459s][info][gc,heap        ] GC(746) Old regions: 473->506
[3379.459s][info][gc,heap        ] GC(746) Humongous regions: 80->80
[3379.459s][info][gc,metaspace   ] GC(746) Metaspace: 28958K(29376K)->28958K(29376K) NonClass: 24088K(24256K)->24088K(24256K) Class: 4869K(5120K)->4869K(5120K)
[3379.459s][info][gc             ] GC(746) Pause Young (Concurrent Start) (G1 Evacuation Pause) 3561M->1392M(4096M) 120.573ms
[3379.459s][info][gc             ] GC(747) Concurrent Mark Cycle
[3379.459s][info][gc,marking     ] GC(747) Concurrent Scan Root Regions
[3379.459s][info][gc,cpu         ] GC(746) User=0.72s Sys=0.00s Real=0.12s
[3379.608s][info][gc,marking     ] GC(747) Concurrent Scan Root Regions 148.826ms
[3379.608s][info][gc,marking     ] GC(747) Concurrent Mark
[3379.608s][info][gc,marking     ] GC(747) Concurrent Mark From Roots
[3379.608s][info][gc,task        ] GC(747) Using 2 workers of 2 for marking
.[3380.250s][info][gc,marking     ] GC(747) Concurrent Mark From Roots 641.801ms
[3380.250s][info][gc,marking     ] GC(747) Concurrent Preclean
[3380.250s][info][gc,marking     ] GC(747) Concurrent Preclean 0.096ms
[3380.250s][info][gc,start       ] GC(747) Pause Remark
[3380.255s][info][gc             ] GC(747) Pause Remark 1978M->1978M(4096M) 4.610ms
[3380.255s][info][gc,cpu         ] GC(747) User=0.03s Sys=0.00s Real=0.01s
[3380.255s][info][gc,marking     ] GC(747) Concurrent Mark 646.741ms
[3380.255s][info][gc,marking     ] GC(747) Concurrent Rebuild Remembered Sets and Scrub Regions
[3380.498s][info][gc,marking     ] GC(747) Concurrent Rebuild Remembered Sets and Scrub Regions 243.543ms
[3380.500s][info][gc,start       ] GC(747) Pause Cleanup
[3380.500s][info][gc             ] GC(747) Pause Cleanup 2154M->2154M(4096M) 0.140ms
[3380.500s][info][gc,cpu         ] GC(747) User=0.00s Sys=0.00s Real=0.00s
[3380.500s][info][gc,marking     ] GC(747) Concurrent Clear Claimed Marks
[3380.500s][info][gc,marking     ] GC(747) Concurrent Clear Claimed Marks 0.033ms
[3380.500s][info][gc,marking     ] GC(747) Concurrent Cleanup for Next Mark
[3380.507s][info][gc,marking     ] GC(747) Concurrent Cleanup for Next Mark 6.736ms
[3380.507s][info][gc             ] GC(747) Concurrent Mark Cycle 1047.579ms
..[3382.588s][info][gc,start       ] GC(748) Pause Young (Prepare Mixed) (G1 Evacuation Pause)
[3382.588s][info][gc,task        ] GC(748) Using 6 workers of 6 for evacuation
[3382.709s][info][gc,phases      ] GC(748)   Pre Evacuate Collection Set: 0.35ms
[3382.709s][info][gc,phases      ] GC(748)   Merge Heap Roots: 0.53ms
[3382.709s][info][gc,phases      ] GC(748)   Evacuate Collection Set: 119.33ms
[3382.709s][info][gc,phases      ] GC(748)   Post Evacuate Collection Set: 0.93ms
[3382.709s][info][gc,phases      ] GC(748)   Other: 0.09ms
[3382.709s][info][gc,heap        ] GC(748) Eden regions: 1117->0(1099)
[3382.709s][info][gc,heap        ] GC(748) Survivor regions: 111->114(154)
[3382.709s][info][gc,heap        ] GC(748) Old regions: 506->538
[3382.709s][info][gc,heap        ] GC(748) Humongous regions: 80->80
[3382.709s][info][gc,metaspace   ] GC(748) Metaspace: 28958K(29376K)->28958K(29376K) NonClass: 24088K(24256K)->24088K(24256K) Class: 4869K(5120K)->4869K(5120K)
[3382.709s][info][gc             ] GC(748) Pause Young (Prepare Mixed) (G1 Evacuation Pause) 3626M->1461M(4096M) 121.376ms
[3382.709s][info][gc,cpu         ] GC(748) User=0.72s Sys=0.00s Real=0.12s
.|..[3385.667s][info][gc,start       ] GC(749) Pause Young (Mixed) (G1 Evacuation Pause)
[3385.667s][info][gc,task        ] GC(749) Using 6 workers of 6 for evacuation
[3385.798s][info][gc,phases      ] GC(749)   Pre Evacuate Collection Set: 0.37ms
[3385.798s][info][gc,phases      ] GC(749)   Merge Heap Roots: 0.66ms
[3385.798s][info][gc,phases      ] GC(749)   Evacuate Collection Set: 129.43ms
[3385.798s][info][gc,phases      ] GC(749)   Post Evacuate Collection Set: 0.96ms
[3385.798s][info][gc,phases      ] GC(749)   Other: 0.09ms
[3385.798s][info][gc,heap        ] GC(749) Eden regions: 1099->0(1118)
[3385.798s][info][gc,heap        ] GC(749) Survivor regions: 114->110(152)
[3385.798s][info][gc,heap        ] GC(749) Old regions: 538->473
[3385.798s][info][gc,heap        ] GC(749) Humongous regions: 80->80
[3385.798s][info][gc,metaspace   ] GC(749) Metaspace: 28958K(29376K)->28958K(29376K) NonClass: 24088K(24256K)->24088K(24256K) Class: 4869K(5120K)->4869K(5120K)
[3385.798s][info][gc             ] GC(749) Pause Young (Mixed) (G1 Evacuation Pause) 3659M->1324M(4096M) 131.623ms
[3385.798s][info][gc,cpu         ] GC(749) User=0.78s Sys=0.00s Real=0.13s
....[3388.920s][info][gc,start       ] GC(750) Pause Young (Concurrent Start) (G1 Evacuation Pause)
[3388.920s][info][gc,task        ] GC(750) Using 6 workers of 6 for evacuation
[3389.037s][info][gc,phases      ] GC(750)   Pre Evacuate Collection Set: 0.40ms
[3389.037s][info][gc,phases      ] GC(750)   Merge Heap Roots: 0.47ms
[3389.037s][info][gc,phases      ] GC(750)   Evacuate Collection Set: 115.02ms
[3389.037s][info][gc,phases      ] GC(750)   Post Evacuate Collection Set: 0.90ms
[3389.037s][info][gc,phases      ] GC(750)   Other: 0.13ms
[3389.037s][info][gc,heap        ] GC(750) Eden regions: 1118->0(1120)
[3389.037s][info][gc,heap        ] GC(750) Survivor regions: 110->108(154)
[3389.037s][info][gc,heap        ] GC(750) Old regions: 473->505
[3389.037s][info][gc,heap        ] GC(750) Humongous regions: 80->80
[3389.037s][info][gc,metaspace   ] GC(750) Metaspace: 28958K(29376K)->28958K(29376K) NonClass: 24088K(24256K)->24088K(24256K) Class: 4869K(5120K)->4869K(5120K)
[3389.037s][info][gc             ] GC(750) Pause Young (Concurrent Start) (G1 Evacuation Pause) 3560M->1384M(4096M) 117.065ms
[3389.037s][info][gc             ] GC(751) Concurrent Mark Cycle
[3389.037s][info][gc,marking     ] GC(751) Concurrent Scan Root Regions
[3389.037s][info][gc,cpu         ] GC(750) User=0.69s Sys=0.00s Real=0.12s
[3389.237s][info][gc,marking     ] GC(751) Concurrent Scan Root Regions 199.928ms
[3389.237s][info][gc,marking     ] GC(751) Concurrent Mark
[3389.237s][info][gc,marking     ] GC(751) Concurrent Mark From Roots
[3389.237s][info][gc,task        ] GC(751) Using 2 workers of 2 for marking
.[3390.115s][info][gc,marking     ] GC(751) Concurrent Mark From Roots 878.305ms
[3390.115s][info][gc,marking     ] GC(751) Concurrent Preclean
[3390.115s][info][gc,marking     ] GC(751) Concurrent Preclean 0.114ms
[3390.115s][info][gc,start       ] GC(751) Pause Remark
[3390.122s][info][gc             ] GC(751) Pause Remark 2249M->2249M(4096M) 6.402ms
[3390.122s][info][gc,cpu         ] GC(751) User=0.03s Sys=0.00s Real=0.00s
[3390.122s][info][gc,marking     ] GC(751) Concurrent Mark 885.136ms
[3390.122s][info][gc,marking     ] GC(751) Concurrent Rebuild Remembered Sets and Scrub Regions
[3390.414s][info][gc,marking     ] GC(751) Concurrent Rebuild Remembered Sets and Scrub Regions 291.703ms
[3390.414s][info][gc,start       ] GC(751) Pause Cleanup
[3390.414s][info][gc             ] GC(751) Pause Cleanup 2443M->2443M(4096M) 0.144ms
[3390.414s][info][gc,cpu         ] GC(751) User=0.00s Sys=0.00s Real=0.00s
[3390.414s][info][gc,marking     ] GC(751) Concurrent Clear Claimed Marks
[3390.414s][info][gc,marking     ] GC(751) Concurrent Clear Claimed Marks 0.033ms
[3390.414s][info][gc,marking     ] GC(751) Concurrent Cleanup for Next Mark
[3390.418s][info][gc,marking     ] GC(751) Concurrent Cleanup for Next Mark 3.936ms
[3390.418s][info][gc             ] GC(751) Concurrent Mark Cycle 1381.332ms
..[3392.073s][info][gc,start       ] GC(752) Pause Young (Prepare Mixed) (G1 Evacuation Pause)
[3392.073s][info][gc,task        ] GC(752) Using 6 workers of 6 for evacuation
[3392.191s][info][gc,phases      ] GC(752)   Pre Evacuate Collection Set: 0.34ms
[3392.191s][info][gc,phases      ] GC(752)   Merge Heap Roots: 0.57ms
[3392.191s][info][gc,phases      ] GC(752)   Evacuate Collection Set: 115.47ms
[3392.191s][info][gc,phases      ] GC(752)   Post Evacuate Collection Set: 0.93ms
[3392.191s][info][gc,phases      ] GC(752)   Other: 0.08ms
[3392.191s][info][gc,heap        ] GC(752) Eden regions: 1120->0(1113)
[3392.191s][info][gc,heap        ] GC(752) Survivor regions: 108->108(154)
[3392.191s][info][gc,heap        ] GC(752) Old regions: 505->536
[3392.191s][info][gc,heap        ] GC(752) Humongous regions: 80->80
[3392.191s][info][gc,metaspace   ] GC(752) Metaspace: 28958K(29376K)->28958K(29376K) NonClass: 24088K(24256K)->24088K(24256K) Class: 4869K(5120K)->4869K(5120K)
[3392.191s][info][gc             ] GC(752) Pause Young (Prepare Mixed) (G1 Evacuation Pause) 3624M->1447M(4096M) 117.526ms
[3392.191s][info][gc,cpu         ] GC(752) User=0.70s Sys=0.00s Real=0.11s
...[3395.198s][info][gc,start       ] GC(753) Pause Young (Mixed) (G1 Evacuation Pause)
[3395.198s][info][gc,task        ] GC(753) Using 6 workers of 6 for evacuation
[3395.334s][info][gc,phases      ] GC(753)   Pre Evacuate Collection Set: 0.34ms
[3395.334s][info][gc,phases      ] GC(753)   Merge Heap Roots: 0.75ms
[3395.334s][info][gc,phases      ] GC(753)   Evacuate Collection Set: 134.26ms
[3395.334s][info][gc,phases      ] GC(753)   Post Evacuate Collection Set: 1.00ms
[3395.334s][info][gc,phases      ] GC(753)   Other: 0.09ms
[3395.334s][info][gc,heap        ] GC(753) Eden regions: 1113->0(1118)
[3395.334s][info][gc,heap        ] GC(753) Survivor regions: 108->110(153)
[3395.334s][info][gc,heap        ] GC(753) Old regions: 536->472
[3395.334s][info][gc,heap        ] GC(753) Humongous regions: 80->80
[3395.334s][info][gc,metaspace   ] GC(753) Metaspace: 28958K(29376K)->28958K(29376K) NonClass: 24088K(24256K)->24088K(24256K) Class: 4869K(5120K)->4869K(5120K)
[3395.334s][info][gc             ] GC(753) Pause Young (Mixed) (G1 Evacuation Pause) 3673M->1322M(4096M) 136.583ms
[3395.334s][info][gc,cpu         ] GC(753) User=0.82s Sys=0.00s Real=0.14s
...[3398.423s][info][gc,start       ] GC(754) Pause Young (Concurrent Start) (G1 Evacuation Pause)
[3398.423s][info][gc,task        ] GC(754) Using 6 workers of 6 for evacuation
[3398.540s][info][gc,phases      ] GC(754)   Pre Evacuate Collection Set: 0.40ms
[3398.540s][info][gc,phases      ] GC(754)   Merge Heap Roots: 0.46ms
[3398.540s][info][gc,phases      ] GC(754)   Evacuate Collection Set: 115.58ms
[3398.540s][info][gc,phases      ] GC(754)   Post Evacuate Collection Set: 0.88ms
[3398.540s][info][gc,phases      ] GC(754)   Other: 0.12ms
[3398.540s][info][gc,heap        ] GC(754) Eden regions: 1118->0(1119)
[3398.540s][info][gc,heap        ] GC(754) Survivor regions: 110->109(154)
[3398.540s][info][gc,heap        ] GC(754) Old regions: 472->505
[3398.540s][info][gc,heap        ] GC(754) Humongous regions: 80->80
[3398.540s][info][gc,metaspace   ] GC(754) Metaspace: 28958K(29376K)->28958K(29376K) NonClass: 24088K(24256K)->24088K(24256K) Class: 4869K(5120K)->4869K(5120K)
[3398.540s][info][gc             ] GC(754) Pause Young (Concurrent Start) (G1 Evacuation Pause) 3558M->1386M(4096M) 117.601ms
[3398.540s][info][gc             ] GC(755) Concurrent Mark Cycle
[3398.540s][info][gc,marking     ] GC(755) Concurrent Scan Root Regions
[3398.540s][info][gc,cpu         ] GC(754) User=0.69s Sys=0.00s Real=0.11s
[3398.721s][info][gc,marking     ] GC(755) Concurrent Scan Root Regions 180.288ms
[3398.721s][info][gc,marking     ] GC(755) Concurrent Mark
[3398.721s][info][gc,marking     ] GC(755) Concurrent Mark From Roots
[3398.721s][info][gc,task        ] GC(755) Using 2 workers of 2 for marking
.[3399.666s][info][gc,marking     ] GC(755) Concurrent Mark From Roots 945.106ms
[3399.666s][info][gc,marking     ] GC(755) Concurrent Preclean
[3399.666s][info][gc,marking     ] GC(755) Concurrent Preclean 0.128ms
[3399.666s][info][gc,start       ] GC(755) Pause Remark
[3399.672s][info][gc             ] GC(755) Pause Remark 2249M->2249M(4096M) 5.546ms
[3399.672s][info][gc,cpu         ] GC(755) User=0.03s Sys=0.00s Real=0.00s
[3399.673s][info][gc,marking     ] GC(755) Concurrent Mark 952.112ms
[3399.673s][info][gc,marking     ] GC(755) Concurrent Rebuild Remembered Sets and Scrub Regions
.[3399.983s][info][gc,marking     ] GC(755) Concurrent Rebuild Remembered Sets and Scrub Regions 310.211ms
[3399.983s][info][gc,start       ] GC(755) Pause Cleanup
[3399.983s][info][gc             ] GC(755) Pause Cleanup 2478M->2478M(4096M) 0.106ms
[3399.983s][info][gc,cpu         ] GC(755) User=0.00s Sys=0.00s Real=0.00s
[3399.983s][info][gc,marking     ] GC(755) Concurrent Clear Claimed Marks
[3399.983s][info][gc,marking     ] GC(755) Concurrent Clear Claimed Marks 0.026ms
[3399.983s][info][gc,marking     ] GC(755) Concurrent Cleanup for Next Mark
[3399.987s][info][gc,marking     ] GC(755) Concurrent Cleanup for Next Mark 3.155ms
[3399.987s][info][gc             ] GC(755) Concurrent Mark Cycle 1446.225ms
.[3401.593s][info][gc,start       ] GC(756) Pause Young (Prepare Mixed) (G1 Evacuation Pause)
[3401.593s][info][gc,task        ] GC(756) Using 6 workers of 6 for evacuation
[3401.710s][info][gc,phases      ] GC(756)   Pre Evacuate Collection Set: 0.32ms
[3401.710s][info][gc,phases      ] GC(756)   Merge Heap Roots: 0.53ms
[3401.710s][info][gc,phases      ] GC(756)   Evacuate Collection Set: 115.31ms
[3401.710s][info][gc,phases      ] GC(756)   Post Evacuate Collection Set: 0.93ms
[3401.710s][info][gc,phases      ] GC(756)   Other: 0.09ms
[3401.710s][info][gc,heap        ] GC(756) Eden regions: 1119->0(1109)
[3401.710s][info][gc,heap        ] GC(756) Survivor regions: 109->110(154)
[3401.710s][info][gc,heap        ] GC(756) Old regions: 505->536
[3401.710s][info][gc,heap        ] GC(756) Humongous regions: 80->80
[3401.710s][info][gc,metaspace   ] GC(756) Metaspace: 28958K(29376K)->28958K(29376K) NonClass: 24088K(24256K)->24088K(24256K) Class: 4869K(5120K)->4869K(5120K)
[3401.710s][info][gc             ] GC(756) Pause Young (Prepare Mixed) (G1 Evacuation Pause) 3624M->1451M(4096M) 117.298ms
[3401.710s][info][gc,cpu         ] GC(756) User=0.70s Sys=0.00s Real=0.11s
...[3404.773s][info][gc,start       ] GC(757) Pause Young (Mixed) (G1 Evacuation Pause)
[3404.773s][info][gc,task        ] GC(757) Using 6 workers of 6 for evacuation
[3404.908s][info][gc,phases      ] GC(757)   Pre Evacuate Collection Set: 0.39ms
[3404.908s][info][gc,phases      ] GC(757)   Merge Heap Roots: 0.73ms
[3404.908s][info][gc,phases      ] GC(757)   Evacuate Collection Set: 132.28ms
[3404.908s][info][gc,phases      ] GC(757)   Post Evacuate Collection Set: 0.94ms
[3404.908s][info][gc,phases      ] GC(757)   Other: 0.09ms
[3404.908s][info][gc,heap        ] GC(757) Eden regions: 1109->0(1117)
[3404.908s][info][gc,heap        ] GC(757) Survivor regions: 110->111(153)
[3404.908s][info][gc,heap        ] GC(757) Old regions: 536->473
[3404.908s][info][gc,heap        ] GC(757) Humongous regions: 80->80
[3404.908s][info][gc,metaspace   ] GC(757) Metaspace: 28958K(29376K)->28958K(29376K) NonClass: 24088K(24256K)->24088K(24256K) Class: 4869K(5120K)->4869K(5120K)
[3404.908s][info][gc             ] GC(757) Pause Young (Mixed) (G1 Evacuation Pause) 3669M->1325M(4096M) 134.558ms
[3404.908s][info][gc,cpu         ] GC(757) User=0.80s Sys=0.00s Real=0.13s
...[3407.894s][info][gc,start       ] GC(758) Pause Young (Concurrent Start) (G1 Evacuation Pause)
[3407.894s][info][gc,task        ] GC(758) Using 6 workers of 6 for evacuation
[3408.012s][info][gc,phases      ] GC(758)   Pre Evacuate Collection Set: 0.39ms
[3408.012s][info][gc,phases      ] GC(758)   Merge Heap Roots: 0.48ms
[3408.012s][info][gc,phases      ] GC(758)   Evacuate Collection Set: 116.55ms
[3408.012s][info][gc,phases      ] GC(758)   Post Evacuate Collection Set: 0.86ms
[3408.012s][info][gc,phases      ] GC(758)   Other: 0.12ms
[3408.012s][info][gc,heap        ] GC(758) Eden regions: 1117->0(1117)
[3408.012s][info][gc,heap        ] GC(758) Survivor regions: 111->111(154)
[3408.012s][info][gc,heap        ] GC(758) Old regions: 473->505
[3408.012s][info][gc,heap        ] GC(758) Humongous regions: 80->80
[3408.012s][info][gc,metaspace   ] GC(758) Metaspace: 28958K(29376K)->28958K(29376K) NonClass: 24088K(24256K)->24088K(24256K) Class: 4869K(5120K)->4869K(5120K)
[3408.012s][info][gc             ] GC(758) Pause Young (Concurrent Start) (G1 Evacuation Pause) 3559M->1389M(4096M) 118.541ms
[3408.012s][info][gc             ] GC(759) Concurrent Mark Cycle
[3408.012s][info][gc,marking     ] GC(759) Concurrent Scan Root Regions
[3408.012s][info][gc,cpu         ] GC(758) User=0.71s Sys=0.00s Real=0.11s
.[3408.204s][info][gc,marking     ] GC(759) Concurrent Scan Root Regions 191.684ms
[3408.204s][info][gc,marking     ] GC(759) Concurrent Mark
[3408.204s][info][gc,marking     ] GC(759) Concurrent Mark From Roots
[3408.204s][info][gc,task        ] GC(759) Using 2 workers of 2 for marking
.[3409.074s][info][gc,marking     ] GC(759) Concurrent Mark From Roots 869.950ms
[3409.074s][info][gc,marking     ] GC(759) Concurrent Preclean
[3409.074s][info][gc,marking     ] GC(759) Concurrent Preclean 0.097ms
[3409.074s][info][gc,start       ] GC(759) Pause Remark
[3409.080s][info][gc             ] GC(759) Pause Remark 2211M->2211M(4096M) 5.387ms
[3409.080s][info][gc,cpu         ] GC(759) User=0.02s Sys=0.00s Real=0.00s
[3409.080s][info][gc,marking     ] GC(759) Concurrent Mark 875.705ms
[3409.080s][info][gc,marking     ] GC(759) Concurrent Rebuild Remembered Sets and Scrub Regions
[3409.332s][info][gc,marking     ] GC(759) Concurrent Rebuild Remembered Sets and Scrub Regions 252.430ms
[3409.332s][info][gc,start       ] GC(759) Pause Cleanup
[3409.333s][info][gc             ] GC(759) Pause Cleanup 2380M->2380M(4096M) 0.114ms
[3409.333s][info][gc,cpu         ] GC(759) User=0.00s Sys=0.00s Real=0.00s
[3409.333s][info][gc,marking     ] GC(759) Concurrent Clear Claimed Marks
[3409.333s][info][gc,marking     ] GC(759) Concurrent Clear Claimed Marks 0.025ms
[3409.333s][info][gc,marking     ] GC(759) Concurrent Cleanup for Next Mark
[3409.337s][info][gc,marking     ] GC(759) Concurrent Cleanup for Next Mark 4.781ms
[3409.337s][info][gc             ] GC(759) Concurrent Mark Cycle 1325.171ms
..[3411.066s][info][gc,start       ] GC(760) Pause Young (Prepare Mixed) (G1 Evacuation Pause)
[3411.066s][info][gc,task        ] GC(760) Using 6 workers of 6 for evacuation
[3411.182s][info][gc,phases      ] GC(760)   Pre Evacuate Collection Set: 0.33ms
[3411.182s][info][gc,phases      ] GC(760)   Merge Heap Roots: 0.54ms
[3411.182s][info][gc,phases      ] GC(760)   Evacuate Collection Set: 113.66ms
[3411.182s][info][gc,phases      ] GC(760)   Post Evacuate Collection Set: 0.94ms
[3411.182s][info][gc,phases      ] GC(760)   Other: 0.09ms
[3411.182s][info][gc,heap        ] GC(760) Eden regions: 1117->0(1110)
[3411.182s][info][gc,heap        ] GC(760) Survivor regions: 111->109(154)
[3411.182s][info][gc,heap        ] GC(760) Old regions: 505->537
[3411.182s][info][gc,heap        ] GC(760) Humongous regions: 80->80
[3411.182s][info][gc,metaspace   ] GC(760) Metaspace: 28958K(29376K)->28958K(29376K) NonClass: 24088K(24256K)->24088K(24256K) Class: 4869K(5120K)->4869K(5120K)
[3411.182s][info][gc             ] GC(760) Pause Young (Prepare Mixed) (G1 Evacuation Pause) 3623M->1449M(4096M) 115.706ms
[3411.182s][info][gc,cpu         ] GC(760) User=0.68s Sys=0.00s Real=0.11s
...[3414.266s][info][gc,start       ] GC(761) Pause Young (Mixed) (G1 Evacuation Pause)
[3414.266s][info][gc,task        ] GC(761) Using 6 workers of 6 for evacuation
[3414.402s][info][gc,phases      ] GC(761)   Pre Evacuate Collection Set: 0.37ms
[3414.402s][info][gc,phases      ] GC(761)   Merge Heap Roots: 0.67ms
[3414.402s][info][gc,phases      ] GC(761)   Evacuate Collection Set: 133.52ms
[3414.402s][info][gc,phases      ] GC(761)   Post Evacuate Collection Set: 0.94ms
[3414.402s][info][gc,phases      ] GC(761)   Other: 0.08ms
[3414.402s][info][gc,heap        ] GC(761) Eden regions: 1110->0(1116)
[3414.402s][info][gc,heap        ] GC(761) Survivor regions: 109->112(153)
[3414.402s][info][gc,heap        ] GC(761) Old regions: 537->473
[3414.402s][info][gc,heap        ] GC(761) Humongous regions: 80->80
[3414.402s][info][gc,metaspace   ] GC(761) Metaspace: 28958K(29376K)->28958K(29376K) NonClass: 24088K(24256K)->24088K(24256K) Class: 4869K(5120K)->4869K(5120K)
[3414.402s][info][gc             ] GC(761) Pause Young (Mixed) (G1 Evacuation Pause) 3669M->1328M(4096M) 135.721ms
[3414.402s][info][gc,cpu         ] GC(761) User=0.81s Sys=0.00s Real=0.13s
...[3417.491s][info][gc,start       ] GC(762) Pause Young (Concurrent Start) (G1 Evacuation Pause)
[3417.491s][info][gc,task        ] GC(762) Using 6 workers of 6 for evacuation
[3417.610s][info][gc,phases      ] GC(762)   Pre Evacuate Collection Set: 0.39ms
[3417.610s][info][gc,phases      ] GC(762)   Merge Heap Roots: 0.51ms
[3417.610s][info][gc,phases      ] GC(762)   Evacuate Collection Set: 116.62ms
[3417.610s][info][gc,phases      ] GC(762)   Post Evacuate Collection Set: 0.90ms
[3417.610s][info][gc,phases      ] GC(762)   Other: 0.12ms
[3417.610s][info][gc,heap        ] GC(762) Eden regions: 1116->0(1118)
[3417.610s][info][gc,heap        ] GC(762) Survivor regions: 112->110(154)
[3417.610s][info][gc,heap        ] GC(762) Old regions: 473->505
[3417.610s][info][gc,heap        ] GC(762) Humongous regions: 80->80
[3417.610s][info][gc,metaspace   ] GC(762) Metaspace: 28958K(29376K)->28958K(29376K) NonClass: 24088K(24256K)->24088K(24256K) Class: 4869K(5120K)->4869K(5120K)
[3417.610s][info][gc             ] GC(762) Pause Young (Concurrent Start) (G1 Evacuation Pause) 3560M->1387M(4096M) 118.673ms
[3417.610s][info][gc             ] GC(763) Concurrent Mark Cycle
[3417.610s][info][gc,marking     ] GC(763) Concurrent Scan Root Regions
[3417.610s][info][gc,cpu         ] GC(762) User=0.71s Sys=0.00s Real=0.12s
[3417.757s][info][gc,marking     ] GC(763) Concurrent Scan Root Regions 147.427ms
[3417.757s][info][gc,marking     ] GC(763) Concurrent Mark
[3417.758s][info][gc,marking     ] GC(763) Concurrent Mark From Roots
[3417.758s][info][gc,task        ] GC(763) Using 2 workers of 2 for marking
.[3418.446s][info][gc,marking     ] GC(763) Concurrent Mark From Roots 688.727ms
[3418.446s][info][gc,marking     ] GC(763) Concurrent Preclean
[3418.446s][info][gc,marking     ] GC(763) Concurrent Preclean 0.072ms
[3418.448s][info][gc,start       ] GC(763) Pause Remark
[3418.453s][info][gc             ] GC(763) Pause Remark 2061M->2061M(4096M) 5.135ms
[3418.453s][info][gc,cpu         ] GC(763) User=0.03s Sys=0.00s Real=0.01s
[3418.453s][info][gc,marking     ] GC(763) Concurrent Mark 695.660ms
[3418.453s][info][gc,marking     ] GC(763) Concurrent Rebuild Remembered Sets and Scrub Regions
[3418.701s][info][gc,marking     ] GC(763) Concurrent Rebuild Remembered Sets and Scrub Regions 247.544ms
[3418.701s][info][gc,start       ] GC(763) Pause Cleanup
[3418.701s][info][gc             ] GC(763) Pause Cleanup 2231M->2231M(4096M) 0.123ms
[3418.702s][info][gc,cpu         ] GC(763) User=0.00s Sys=0.00s Real=0.00s
[3418.702s][info][gc,marking     ] GC(763) Concurrent Clear Claimed Marks
[3418.702s][info][gc,marking     ] GC(763) Concurrent Clear Claimed Marks 0.030ms
[3418.702s][info][gc,marking     ] GC(763) Concurrent Cleanup for Next Mark
[3418.706s][info][gc,marking     ] GC(763) Concurrent Cleanup for Next Mark 4.663ms
[3418.706s][info][gc             ] GC(763) Concurrent Mark Cycle 1096.316ms
..[3420.590s][info][gc,start       ] GC(764) Pause Young (Prepare Mixed) (G1 Evacuation Pause)
[3420.590s][info][gc,task        ] GC(764) Using 6 workers of 6 for evacuation
[3420.708s][info][gc,phases      ] GC(764)   Pre Evacuate Collection Set: 0.31ms
[3420.708s][info][gc,phases      ] GC(764)   Merge Heap Roots: 0.55ms
[3420.708s][info][gc,phases      ] GC(764)   Evacuate Collection Set: 116.27ms
[3420.708s][info][gc,phases      ] GC(764)   Post Evacuate Collection Set: 0.92ms
[3420.708s][info][gc,phases      ] GC(764)   Other: 0.09ms
[3420.708s][info][gc,heap        ] GC(764) Eden regions: 1118->0(1110)
[3420.708s][info][gc,heap        ] GC(764) Survivor regions: 110->109(154)
[3420.708s][info][gc,heap        ] GC(764) Old regions: 505->537
[3420.708s][info][gc,heap        ] GC(764) Humongous regions: 80->80
[3420.708s][info][gc,metaspace   ] GC(764) Metaspace: 28958K(29376K)->28958K(29376K) NonClass: 24088K(24256K)->24088K(24256K) Class: 4869K(5120K)->4869K(5120K)
[3420.708s][info][gc             ] GC(764) Pause Young (Prepare Mixed) (G1 Evacuation Pause) 3623M->1449M(4096M) 118.265ms
[3420.708s][info][gc,cpu         ] GC(764) User=0.71s Sys=0.00s Real=0.12s
...[3423.749s][info][gc,start       ] GC(765) Pause Young (Mixed) (G1 Evacuation Pause)
[3423.749s][info][gc,task        ] GC(765) Using 6 workers of 6 for evacuation
[3423.887s][info][gc,phases      ] GC(765)   Pre Evacuate Collection Set: 0.35ms
[3423.887s][info][gc,phases      ] GC(765)   Merge Heap Roots: 0.66ms
[3423.887s][info][gc,phases      ] GC(765)   Evacuate Collection Set: 136.56ms
[3423.887s][info][gc,phases      ] GC(765)   Post Evacuate Collection Set: 0.93ms
[3423.887s][info][gc,phases      ] GC(765)   Other: 0.09ms
[3423.887s][info][gc,heap        ] GC(765) Eden regions: 1110->0(1114)
[3423.887s][info][gc,heap        ] GC(765) Survivor regions: 109->114(153)
[3423.887s][info][gc,heap        ] GC(765) Old regions: 537->472
[3423.887s][info][gc,heap        ] GC(765) Humongous regions: 80->80
[3423.888s][info][gc,metaspace   ] GC(765) Metaspace: 28958K(29376K)->28958K(29376K) NonClass: 24088K(24256K)->24088K(24256K) Class: 4869K(5120K)->4869K(5120K)
[3423.888s][info][gc             ] GC(765) Pause Young (Mixed) (G1 Evacuation Pause) 3669M->1330M(4096M) 138.704ms
[3423.888s][info][gc,cpu         ] GC(765) User=0.82s Sys=0.00s Real=0.14s
...[3426.945s][info][gc,start       ] GC(766) Pause Young (Concurrent Start) (G1 Evacuation Pause)
[3426.945s][info][gc,task        ] GC(766) Using 6 workers of 6 for evacuation
[3427.065s][info][gc,phases      ] GC(766)   Pre Evacuate Collection Set: 0.39ms
[3427.065s][info][gc,phases      ] GC(766)   Merge Heap Roots: 0.48ms
[3427.065s][info][gc,phases      ] GC(766)   Evacuate Collection Set: 118.36ms
[3427.065s][info][gc,phases      ] GC(766)   Post Evacuate Collection Set: 0.87ms
[3427.065s][info][gc,phases      ] GC(766)   Other: 0.11ms
[3427.065s][info][gc,heap        ] GC(766) Eden regions: 1114->0(1118)
[3427.065s][info][gc,heap        ] GC(766) Survivor regions: 114->110(154)
[3427.065s][info][gc,heap        ] GC(766) Old regions: 472->505
[3427.065s][info][gc,heap        ] GC(766) Humongous regions: 80->80
[3427.065s][info][gc,metaspace   ] GC(766) Metaspace: 28958K(29376K)->28958K(29376K) NonClass: 24088K(24256K)->24088K(24256K) Class: 4869K(5120K)->4869K(5120K)
[3427.065s][info][gc             ] GC(766) Pause Young (Concurrent Start) (G1 Evacuation Pause) 3558M->1387M(4096M) 120.361ms
[3427.065s][info][gc             ] GC(767) Concurrent Mark Cycle
[3427.065s][info][gc,marking     ] GC(767) Concurrent Scan Root Regions
[3427.065s][info][gc,cpu         ] GC(766) User=0.71s Sys=0.01s Real=0.12s
.[3427.221s][info][gc,marking     ] GC(767) Concurrent Scan Root Regions 155.569ms
[3427.221s][info][gc,marking     ] GC(767) Concurrent Mark
[3427.221s][info][gc,marking     ] GC(767) Concurrent Mark From Roots
[3427.221s][info][gc,task        ] GC(767) Using 2 workers of 2 for marking
[3427.969s][info][gc,marking     ] GC(767) Concurrent Mark From Roots 748.366ms
[3427.970s][info][gc,marking     ] GC(767) Concurrent Preclean
[3427.970s][info][gc,marking     ] GC(767) Concurrent Preclean 0.104ms
[3427.970s][info][gc,start       ] GC(767) Pause Remark
[3427.976s][info][gc             ] GC(767) Pause Remark 2085M->2085M(4096M) 5.767ms
[3427.976s][info][gc,cpu         ] GC(767) User=0.03s Sys=0.00s Real=0.01s
[3427.976s][info][gc,marking     ] GC(767) Concurrent Mark 754.721ms
[3427.976s][info][gc,marking     ] GC(767) Concurrent Rebuild Remembered Sets and Scrub Regions
.[3428.229s][info][gc,marking     ] GC(767) Concurrent Rebuild Remembered Sets and Scrub Regions 253.308ms
[3428.230s][info][gc,start       ] GC(767) Pause Cleanup
[3428.230s][info][gc             ] GC(767) Pause Cleanup 2253M->2253M(4096M) 0.122ms
[3428.230s][info][gc,cpu         ] GC(767) User=0.01s Sys=0.00s Real=0.00s
[3428.230s][info][gc,marking     ] GC(767) Concurrent Clear Claimed Marks
[3428.230s][info][gc,marking     ] GC(767) Concurrent Clear Claimed Marks 0.031ms
[3428.230s][info][gc,marking     ] GC(767) Concurrent Cleanup for Next Mark
[3428.239s][info][gc,marking     ] GC(767) Concurrent Cleanup for Next Mark 8.520ms
[3428.239s][info][gc             ] GC(767) Concurrent Mark Cycle 1173.109ms
.[3430.081s][info][gc,start       ] GC(768) Pause Young (Prepare Mixed) (G1 Evacuation Pause)
[3430.081s][info][gc,task        ] GC(768) Using 6 workers of 6 for evacuation
[3430.196s][info][gc,phases      ] GC(768)   Pre Evacuate Collection Set: 0.30ms
[3430.196s][info][gc,phases      ] GC(768)   Merge Heap Roots: 0.53ms
[3430.196s][info][gc,phases      ] GC(768)   Evacuate Collection Set: 113.98ms
[3430.196s][info][gc,phases      ] GC(768)   Post Evacuate Collection Set: 0.88ms
[3430.196s][info][gc,phases      ] GC(768)   Other: 0.09ms
[3430.196s][info][gc,heap        ] GC(768) Eden regions: 1118->0(1113)
[3430.196s][info][gc,heap        ] GC(768) Survivor regions: 110->108(154)
[3430.196s][info][gc,heap        ] GC(768) Old regions: 505->536
[3430.196s][info][gc,heap        ] GC(768) Humongous regions: 80->80
[3430.196s][info][gc,metaspace   ] GC(768) Metaspace: 28958K(29376K)->28958K(29376K) NonClass: 24088K(24256K)->24088K(24256K) Class: 4869K(5120K)->4869K(5120K)
[3430.196s][info][gc             ] GC(768) Pause Young (Prepare Mixed) (G1 Evacuation Pause) 3623M->1447M(4096M) 115.930ms
[3430.197s][info][gc,cpu         ] GC(768) User=0.69s Sys=0.00s Real=0.12s
....[3433.272s][info][gc,start       ] GC(769) Pause Young (Mixed) (G1 Evacuation Pause)
[3433.272s][info][gc,task        ] GC(769) Using 6 workers of 6 for evacuation
[3433.410s][info][gc,phases      ] GC(769)   Pre Evacuate Collection Set: 0.39ms
[3433.410s][info][gc,phases      ] GC(769)   Merge Heap Roots: 0.82ms
[3433.410s][info][gc,phases      ] GC(769)   Evacuate Collection Set: 135.34ms
[3433.410s][info][gc,phases      ] GC(769)   Post Evacuate Collection Set: 0.97ms
[3433.410s][info][gc,phases      ] GC(769)   Other: 0.10ms
[3433.410s][info][gc,heap        ] GC(769) Eden regions: 1113->0(1118)
[3433.410s][info][gc,heap        ] GC(769) Survivor regions: 108->110(153)
[3433.410s][info][gc,heap        ] GC(769) Old regions: 536->473
[3433.410s][info][gc,heap        ] GC(769) Humongous regions: 80->80
[3433.410s][info][gc,metaspace   ] GC(769) Metaspace: 28958K(29376K)->28958K(29376K) NonClass: 24088K(24256K)->24088K(24256K) Class: 4869K(5120K)->4869K(5120K)
[3433.410s][info][gc             ] GC(769) Pause Young (Mixed) (G1 Evacuation Pause) 3673M->1325M(4096M) 137.749ms
[3433.410s][info][gc,cpu         ] GC(769) User=0.82s Sys=0.00s Real=0.14s
...[3436.470s][info][gc,start       ] GC(770) Pause Young (Concurrent Start) (G1 Evacuation Pause)
[3436.470s][info][gc,task        ] GC(770) Using 6 workers of 6 for evacuation
[3436.589s][info][gc,phases      ] GC(770)   Pre Evacuate Collection Set: 0.38ms
[3436.589s][info][gc,phases      ] GC(770)   Merge Heap Roots: 0.45ms
[3436.589s][info][gc,phases      ] GC(770)   Evacuate Collection Set: 117.03ms
[3436.589s][info][gc,phases      ] GC(770)   Post Evacuate Collection Set: 0.94ms
[3436.589s][info][gc,phases      ] GC(770)   Other: 0.12ms
[3436.589s][info][gc,heap        ] GC(770) Eden regions: 1118->0(1117)
[3436.589s][info][gc,heap        ] GC(770) Survivor regions: 110->111(154)
[3436.589s][info][gc,heap        ] GC(770) Old regions: 473->504
[3436.589s][info][gc,heap        ] GC(770) Humongous regions: 80->80
[3436.589s][info][gc,metaspace   ] GC(770) Metaspace: 28958K(29376K)->28958K(29376K) NonClass: 24088K(24256K)->24088K(24256K) Class: 4869K(5120K)->4869K(5120K)
[3436.589s][info][gc             ] GC(770) Pause Young (Concurrent Start) (G1 Evacuation Pause) 3561M->1389M(4096M) 119.035ms
[3436.589s][info][gc             ] GC(771) Concurrent Mark Cycle
[3436.589s][info][gc,marking     ] GC(771) Concurrent Scan Root Regions
[3436.589s][info][gc,cpu         ] GC(770) User=0.71s Sys=0.00s Real=0.12s
[3436.744s][info][gc,marking     ] GC(771) Concurrent Scan Root Regions 154.785ms
[3436.744s][info][gc,marking     ] GC(771) Concurrent Mark
[3436.744s][info][gc,marking     ] GC(771) Concurrent Mark From Roots
[3436.744s][info][gc,task        ] GC(771) Using 2 workers of 2 for marking
.[3437.427s][info][gc,marking     ] GC(771) Concurrent Mark From Roots 682.595ms
[3437.427s][info][gc,marking     ] GC(771) Concurrent Preclean
[3437.427s][info][gc,marking     ] GC(771) Concurrent Preclean 0.090ms
[3437.427s][info][gc,start       ] GC(771) Pause Remark
[3437.431s][info][gc             ] GC(771) Pause Remark 2065M->2065M(4096M) 4.528ms
[3437.431s][info][gc,cpu         ] GC(771) User=0.02s Sys=0.00s Real=0.00s
[3437.431s][info][gc,marking     ] GC(771) Concurrent Mark 687.472ms
[3437.431s][info][gc,marking     ] GC(771) Concurrent Rebuild Remembered Sets and Scrub Regions
[3437.681s][info][gc,marking     ] GC(771) Concurrent Rebuild Remembered Sets and Scrub Regions 249.195ms
[3437.681s][info][gc,start       ] GC(771) Pause Cleanup
[3437.681s][info][gc             ] GC(771) Pause Cleanup 2236M->2236M(4096M) 0.107ms
[3437.681s][info][gc,cpu         ] GC(771) User=0.00s Sys=0.00s Real=0.00s
[3437.682s][info][gc,marking     ] GC(771) Concurrent Clear Claimed Marks
[3437.682s][info][gc,marking     ] GC(771) Concurrent Clear Claimed Marks 0.034ms
[3437.682s][info][gc,marking     ] GC(771) Concurrent Cleanup for Next Mark
[3437.686s][info][gc,marking     ] GC(771) Concurrent Cleanup for Next Mark 4.505ms
[3437.686s][info][gc             ] GC(771) Concurrent Mark Cycle 1097.075ms
..[3439.610s][info][gc,start       ] GC(772) Pause Young (Prepare Mixed) (G1 Evacuation Pause)
[3439.610s][info][gc,task        ] GC(772) Using 6 workers of 6 for evacuation
[3439.729s][info][gc,phases      ] GC(772)   Pre Evacuate Collection Set: 0.35ms
[3439.729s][info][gc,phases      ] GC(772)   Merge Heap Roots: 0.58ms
[3439.729s][info][gc,phases      ] GC(772)   Evacuate Collection Set: 116.53ms
[3439.729s][info][gc,phases      ] GC(772)   Post Evacuate Collection Set: 0.92ms
[3439.729s][info][gc,phases      ] GC(772)   Other: 0.08ms
[3439.729s][info][gc,heap        ] GC(772) Eden regions: 1117->0(1109)
[3439.729s][info][gc,heap        ] GC(772) Survivor regions: 111->110(154)
[3439.729s][info][gc,heap        ] GC(772) Old regions: 504->536
[3439.729s][info][gc,heap        ] GC(772) Humongous regions: 80->80
[3439.729s][info][gc,metaspace   ] GC(772) Metaspace: 28958K(29376K)->28958K(29376K) NonClass: 24088K(24256K)->24088K(24256K) Class: 4869K(5120K)->4869K(5120K)
[3439.729s][info][gc             ] GC(772) Pause Young (Prepare Mixed) (G1 Evacuation Pause) 3623M->1451M(4096M) 118.598ms
[3439.729s][info][gc,cpu         ] GC(772) User=0.71s Sys=0.00s Real=0.12s
...[3442.828s][info][gc,start       ] GC(773) Pause Young (Mixed) (G1 Evacuation Pause)
[3442.828s][info][gc,task        ] GC(773) Using 6 workers of 6 for evacuation
[3442.963s][info][gc,phases      ] GC(773)   Pre Evacuate Collection Set: 0.37ms
[3442.963s][info][gc,phases      ] GC(773)   Merge Heap Roots: 0.74ms
[3442.963s][info][gc,phases      ] GC(773)   Evacuate Collection Set: 133.52ms
[3442.963s][info][gc,phases      ] GC(773)   Post Evacuate Collection Set: 0.95ms
[3442.963s][info][gc,phases      ] GC(773)   Other: 0.10ms
[3442.963s][info][gc,heap        ] GC(773) Eden regions: 1109->0(1117)
[3442.963s][info][gc,heap        ] GC(773) Survivor regions: 110->111(153)
[3442.963s][info][gc,heap        ] GC(773) Old regions: 536->472
[3442.963s][info][gc,heap        ] GC(773) Humongous regions: 80->80
[3442.963s][info][gc,metaspace   ] GC(773) Metaspace: 28958K(29376K)->28958K(29376K) NonClass: 24088K(24256K)->24088K(24256K) Class: 4869K(5120K)->4869K(5120K)
[3442.963s][info][gc             ] GC(773) Pause Young (Mixed) (G1 Evacuation Pause) 3669M->1323M(4096M) 135.812ms
[3442.963s][info][gc,cpu         ] GC(773) User=0.81s Sys=0.00s Real=0.14s
. (rIR:aIR:PR = 5950:5952:5952) (tPR = 89067) [OK] 
  3443s: Performance info:
         Transaction,    Success,    Partial,     Failed,   Receipts, AvgBarcode, 
             Overall,     359972,          0,          0,     341980,      59.47, 
         Response times:
             Request,    Success,    Partial,     Failed,   SkipFail,     Probes,    Samples,      min,      p50,      p90,      p95,      p99,      max, 
       TotalPurchase,     341980,          0,          0,          0,     334310,     376564,      300,     4900,    15800,    44000,   124000,   234000,
     InStorePurchase,     179918,          0,          0,          0,     175972,     197980,      300,     4800,    15500,    44000,   123000,   234000,
      OnlinePurchase,     126156,          0,          0,          0,     123529,     138931,      300,     5000,    16200,    45000,   126000,   232000,
        InstPurchase,      35906,          0,          0,          0,      34809,      39653,      400,     4800,    15700,    42000,   123000,   231000,
          AssocOfCat,        359,          0,          0,          0,        274,        378,    21000,    36000,    64100,    93000,   171630,   180000,
      AssocOfProduct,       3604,          0,          0,          0,       3373,       3978,      500,     6000,    17310,    51000,   133210,   209000,
      BusinessReport,        902,          0,          0,          0,        772,        985,    26000,    38000,    72000,   108400,   183000,   245000,
          CustBuyBeh,       3599,          0,          0,          0,       3394,       4080,      100,     4600,    13000,    41000,   121190,   173000,
       ProductReturn,       9527,          0,          0,          0,       9046,      10447,      200,     3200,    12200,    37000,   108520,   231000,

  3443s: (44%)   IR =   6088 ..[3445.887s][info][gc,start       ] GC(774) Pause Young (Concurrent Start) (G1 Evacuation Pause)
[3445.887s][info][gc,task        ] GC(774) Using 6 workers of 6 for evacuation
[3446.006s][info][gc,phases      ] GC(774)   Pre Evacuate Collection Set: 0.40ms
[3446.006s][info][gc,phases      ] GC(774)   Merge Heap Roots: 0.49ms
[3446.006s][info][gc,phases      ] GC(774)   Evacuate Collection Set: 116.72ms
[3446.006s][info][gc,phases      ] GC(774)   Post Evacuate Collection Set: 0.87ms
[3446.006s][info][gc,phases      ] GC(774)   Other: 0.12ms
[3446.006s][info][gc,heap        ] GC(774) Eden regions: 1117->0(1118)
[3446.006s][info][gc,heap        ] GC(774) Survivor regions: 111->110(154)
[3446.006s][info][gc,heap        ] GC(774) Old regions: 472->504
[3446.006s][info][gc,heap        ] GC(774) Humongous regions: 80->80
[3446.006s][info][gc,metaspace   ] GC(774) Metaspace: 28958K(29376K)->28958K(29376K) NonClass: 24088K(24256K)->24088K(24256K) Class: 4869K(5120K)->4869K(5120K)
[3446.006s][info][gc             ] GC(774) Pause Young (Concurrent Start) (G1 Evacuation Pause) 3557M->1386M(4096M) 118.729ms
[3446.006s][info][gc             ] GC(775) Concurrent Mark Cycle
[3446.006s][info][gc,marking     ] GC(775) Concurrent Scan Root Regions
[3446.006s][info][gc,cpu         ] GC(774) User=0.70s Sys=0.00s Real=0.12s
[3446.189s][info][gc,marking     ] GC(775) Concurrent Scan Root Regions 183.285ms
[3446.189s][info][gc,marking     ] GC(775) Concurrent Mark
[3446.189s][info][gc,marking     ] GC(775) Concurrent Mark From Roots
[3446.189s][info][gc,task        ] GC(775) Using 2 workers of 2 for marking
.[3447.175s][info][gc,marking     ] GC(775) Concurrent Mark From Roots 986.101ms
[3447.175s][info][gc,marking     ] GC(775) Concurrent Preclean
[3447.175s][info][gc,marking     ] GC(775) Concurrent Preclean 0.127ms
[3447.176s][info][gc,start       ] GC(775) Pause Remark
[3447.182s][info][gc             ] GC(775) Pause Remark 2296M->2296M(4096M) 6.265ms
[3447.182s][info][gc,cpu         ] GC(775) User=0.03s Sys=0.00s Real=0.00s
[3447.182s][info][gc,marking     ] GC(775) Concurrent Mark 993.049ms
[3447.182s][info][gc,marking     ] GC(775) Concurrent Rebuild Remembered Sets and Scrub Regions
.|[3447.480s][info][gc,marking     ] GC(775) Concurrent Rebuild Remembered Sets and Scrub Regions 298.094ms
[3447.480s][info][gc,start       ] GC(775) Pause Cleanup
[3447.481s][info][gc             ] GC(775) Pause Cleanup 2517M->2517M(4096M) 0.109ms
[3447.481s][info][gc,cpu         ] GC(775) User=0.00s Sys=0.00s Real=0.00s
[3447.481s][info][gc,marking     ] GC(775) Concurrent Clear Claimed Marks
[3447.481s][info][gc,marking     ] GC(775) Concurrent Clear Claimed Marks 0.022ms
[3447.481s][info][gc,marking     ] GC(775) Concurrent Cleanup for Next Mark
[3447.484s][info][gc,marking     ] GC(775) Concurrent Cleanup for Next Mark 3.242ms
[3447.484s][info][gc             ] GC(775) Concurrent Mark Cycle 1478.114ms
.[3448.999s][info][gc,start       ] GC(776) Pause Young (Prepare Mixed) (G1 Evacuation Pause)
[3448.999s][info][gc,task        ] GC(776) Using 6 workers of 6 for evacuation
[3449.117s][info][gc,phases      ] GC(776)   Pre Evacuate Collection Set: 0.34ms
[3449.117s][info][gc,phases      ] GC(776)   Merge Heap Roots: 0.51ms
[3449.117s][info][gc,phases      ] GC(776)   Evacuate Collection Set: 116.32ms
[3449.117s][info][gc,phases      ] GC(776)   Post Evacuate Collection Set: 0.92ms
[3449.117s][info][gc,phases      ] GC(776)   Other: 0.09ms
[3449.117s][info][gc,heap        ] GC(776) Eden regions: 1118->0(1110)
[3449.117s][info][gc,heap        ] GC(776) Survivor regions: 110->109(154)
[3449.117s][info][gc,heap        ] GC(776) Old regions: 504->537
[3449.117s][info][gc,heap        ] GC(776) Humongous regions: 80->80
[3449.117s][info][gc,metaspace   ] GC(776) Metaspace: 28958K(29376K)->28958K(29376K) NonClass: 24088K(24256K)->24088K(24256K) Class: 4869K(5120K)->4869K(5120K)
[3449.117s][info][gc             ] GC(776) Pause Young (Prepare Mixed) (G1 Evacuation Pause) 3622M->1449M(4096M) 118.311ms
[3449.117s][info][gc,cpu         ] GC(776) User=0.70s Sys=0.00s Real=0.12s
...[3452.123s][info][gc,start       ] GC(777) Pause Young (Mixed) (G1 Evacuation Pause)
[3452.124s][info][gc,task        ] GC(777) Using 6 workers of 6 for evacuation
[3452.258s][info][gc,phases      ] GC(777)   Pre Evacuate Collection Set: 0.41ms
[3452.258s][info][gc,phases      ] GC(777)   Merge Heap Roots: 0.73ms
[3452.258s][info][gc,phases      ] GC(777)   Evacuate Collection Set: 132.41ms
[3452.258s][info][gc,phases      ] GC(777)   Post Evacuate Collection Set: 0.95ms
[3452.258s][info][gc,phases      ] GC(777)   Other: 0.09ms
[3452.258s][info][gc,heap        ] GC(777) Eden regions: 1110->0(1117)
[3452.258s][info][gc,heap        ] GC(777) Survivor regions: 109->111(153)
[3452.258s][info][gc,heap        ] GC(777) Old regions: 537->474
[3452.258s][info][gc,heap        ] GC(777) Humongous regions: 80->80
[3452.258s][info][gc,metaspace   ] GC(777) Metaspace: 28958K(29376K)->28958K(29376K) NonClass: 24088K(24256K)->24088K(24256K) Class: 4869K(5120K)->4869K(5120K)
[3452.258s][info][gc             ] GC(777) Pause Young (Mixed) (G1 Evacuation Pause) 3669M->1328M(4096M) 134.721ms
[3452.258s][info][gc,cpu         ] GC(777) User=0.80s Sys=0.00s Real=0.13s
...[3455.233s][info][gc,start       ] GC(778) Pause Young (Concurrent Start) (G1 Evacuation Pause)
[3455.233s][info][gc,task        ] GC(778) Using 6 workers of 6 for evacuation
[3455.351s][info][gc,phases      ] GC(778)   Pre Evacuate Collection Set: 0.39ms
[3455.351s][info][gc,phases      ] GC(778)   Merge Heap Roots: 0.52ms
[3455.351s][info][gc,phases      ] GC(778)   Evacuate Collection Set: 116.23ms
[3455.351s][info][gc,phases      ] GC(778)   Post Evacuate Collection Set: 0.90ms
[3455.351s][info][gc,phases      ] GC(778)   Other: 0.12ms
[3455.351s][info][gc,heap        ] GC(778) Eden regions: 1117->0(1119)
[3455.351s][info][gc,heap        ] GC(778) Survivor regions: 111->109(154)
[3455.351s][info][gc,heap        ] GC(778) Old regions: 474->506
[3455.351s][info][gc,heap        ] GC(778) Humongous regions: 80->80
[3455.351s][info][gc,metaspace   ] GC(778) Metaspace: 28958K(29376K)->28958K(29376K) NonClass: 24088K(24256K)->24088K(24256K) Class: 4869K(5120K)->4869K(5120K)
[3455.351s][info][gc             ] GC(778) Pause Young (Concurrent Start) (G1 Evacuation Pause) 3562M->1388M(4096M) 118.317ms
[3455.351s][info][gc             ] GC(779) Concurrent Mark Cycle
[3455.351s][info][gc,marking     ] GC(779) Concurrent Scan Root Regions
[3455.351s][info][gc,cpu         ] GC(778) User=0.70s Sys=0.00s Real=0.11s
.[3455.537s][info][gc,marking     ] GC(779) Concurrent Scan Root Regions 185.683ms
[3455.537s][info][gc,marking     ] GC(779) Concurrent Mark
[3455.537s][info][gc,marking     ] GC(779) Concurrent Mark From Roots
[3455.537s][info][gc,task        ] GC(779) Using 2 workers of 2 for marking
[3456.332s][info][gc,marking     ] GC(779) Concurrent Mark From Roots 794.529ms
[3456.332s][info][gc,marking     ] GC(779) Concurrent Preclean
[3456.332s][info][gc,marking     ] GC(779) Concurrent Preclean 0.064ms
[3456.332s][info][gc,start       ] GC(779) Pause Remark
[3456.338s][info][gc             ] GC(779) Pause Remark 2171M->2171M(4096M) 5.858ms
[3456.338s][info][gc,cpu         ] GC(779) User=0.04s Sys=0.00s Real=0.01s
[3456.338s][info][gc,marking     ] GC(779) Concurrent Mark 800.696ms
[3456.338s][info][gc,marking     ] GC(779) Concurrent Rebuild Remembered Sets and Scrub Regions
.[3456.624s][info][gc,marking     ] GC(779) Concurrent Rebuild Remembered Sets and Scrub Regions 286.203ms
[3456.624s][info][gc,start       ] GC(779) Pause Cleanup
[3456.624s][info][gc             ] GC(779) Pause Cleanup 2370M->2370M(4096M) 0.108ms
[3456.624s][info][gc,cpu         ] GC(779) User=0.00s Sys=0.00s Real=0.00s
[3456.624s][info][gc,marking     ] GC(779) Concurrent Clear Claimed Marks
[3456.624s][info][gc,marking     ] GC(779) Concurrent Clear Claimed Marks 0.023ms
[3456.624s][info][gc,marking     ] GC(779) Concurrent Cleanup for Next Mark
[3456.628s][info][gc,marking     ] GC(779) Concurrent Cleanup for Next Mark 4.071ms
[3456.628s][info][gc             ] GC(779) Concurrent Mark Cycle 1277.097ms
.[3458.375s][info][gc,start       ] GC(780) Pause Young (Prepare Mixed) (G1 Evacuation Pause)
[3458.375s][info][gc,task        ] GC(780) Using 6 workers of 6 for evacuation
[3458.494s][info][gc,phases      ] GC(780)   Pre Evacuate Collection Set: 0.31ms
[3458.494s][info][gc,phases      ] GC(780)   Merge Heap Roots: 0.53ms
[3458.494s][info][gc,phases      ] GC(780)   Evacuate Collection Set: 117.11ms
[3458.494s][info][gc,phases      ] GC(780)   Post Evacuate Collection Set: 0.91ms
[3458.494s][info][gc,phases      ] GC(780)   Other: 0.08ms
[3458.494s][info][gc,heap        ] GC(780) Eden regions: 1119->0(1107)
[3458.494s][info][gc,heap        ] GC(780) Survivor regions: 109->110(154)
[3458.494s][info][gc,heap        ] GC(780) Old regions: 506->538
[3458.494s][info][gc,heap        ] GC(780) Humongous regions: 80->80
[3458.494s][info][gc,metaspace   ] GC(780) Metaspace: 28958K(29376K)->28958K(29376K) NonClass: 24088K(24256K)->24088K(24256K) Class: 4869K(5120K)->4869K(5120K)
[3458.494s][info][gc             ] GC(780) Pause Young (Prepare Mixed) (G1 Evacuation Pause) 3626M->1454M(4096M) 119.077ms
[3458.494s][info][gc,cpu         ] GC(780) User=0.71s Sys=0.00s Real=0.12s
...[3461.410s][info][gc,start       ] GC(781) Pause Young (Mixed) (G1 Evacuation Pause)
[3461.410s][info][gc,task        ] GC(781) Using 6 workers of 6 for evacuation
[3461.545s][info][gc,phases      ] GC(781)   Pre Evacuate Collection Set: 0.34ms
[3461.545s][info][gc,phases      ] GC(781)   Merge Heap Roots: 0.71ms
[3461.545s][info][gc,phases      ] GC(781)   Evacuate Collection Set: 132.90ms
[3461.545s][info][gc,phases      ] GC(781)   Post Evacuate Collection Set: 0.94ms
[3461.545s][info][gc,phases      ] GC(781)   Other: 0.09ms
[3461.545s][info][gc,heap        ] GC(781) Eden regions: 1107->0(1118)
[3461.545s][info][gc,heap        ] GC(781) Survivor regions: 110->110(153)
[3461.545s][info][gc,heap        ] GC(781) Old regions: 538->473
[3461.545s][info][gc,heap        ] GC(781) Humongous regions: 80->80
[3461.545s][info][gc,metaspace   ] GC(781) Metaspace: 28958K(29376K)->28958K(29376K) NonClass: 24088K(24256K)->24088K(24256K) Class: 4869K(5120K)->4869K(5120K)
[3461.546s][info][gc             ] GC(781) Pause Young (Mixed) (G1 Evacuation Pause) 3668M->1324M(4096M) 135.150ms
[3461.546s][info][gc,cpu         ] GC(781) User=0.80s Sys=0.00s Real=0.14s
...[3464.515s][info][gc,start       ] GC(782) Pause Young (Concurrent Start) (G1 Evacuation Pause)
[3464.515s][info][gc,task        ] GC(782) Using 6 workers of 6 for evacuation
[3464.637s][info][gc,phases      ] GC(782)   Pre Evacuate Collection Set: 0.34ms
[3464.637s][info][gc,phases      ] GC(782)   Merge Heap Roots: 0.45ms
[3464.637s][info][gc,phases      ] GC(782)   Evacuate Collection Set: 119.83ms
[3464.637s][info][gc,phases      ] GC(782)   Post Evacuate Collection Set: 0.81ms
[3464.637s][info][gc,phases      ] GC(782)   Other: 0.12ms
[3464.637s][info][gc,heap        ] GC(782) Eden regions: 1118->0(1116)
[3464.637s][info][gc,heap        ] GC(782) Survivor regions: 110->112(154)
[3464.637s][info][gc,heap        ] GC(782) Old regions: 473->506
[3464.637s][info][gc,heap        ] GC(782) Humongous regions: 80->80
[3464.637s][info][gc,metaspace   ] GC(782) Metaspace: 28958K(29376K)->28958K(29376K) NonClass: 24088K(24256K)->24088K(24256K) Class: 4869K(5120K)->4869K(5120K)
[3464.637s][info][gc             ] GC(782) Pause Young (Concurrent Start) (G1 Evacuation Pause) 3560M->1394M(4096M) 121.682ms
[3464.637s][info][gc             ] GC(783) Concurrent Mark Cycle
[3464.637s][info][gc,marking     ] GC(783) Concurrent Scan Root Regions
[3464.637s][info][gc,cpu         ] GC(782) User=0.73s Sys=0.00s Real=0.12s
.[3464.780s][info][gc,marking     ] GC(783) Concurrent Scan Root Regions 142.455ms
[3464.780s][info][gc,marking     ] GC(783) Concurrent Mark
[3464.780s][info][gc,marking     ] GC(783) Concurrent Mark From Roots
[3464.780s][info][gc,task        ] GC(783) Using 2 workers of 2 for marking
[3465.437s][info][gc,marking     ] GC(783) Concurrent Mark From Roots 657.539ms
[3465.437s][info][gc,marking     ] GC(783) Concurrent Preclean
[3465.437s][info][gc,marking     ] GC(783) Concurrent Preclean 0.103ms
[3465.440s][info][gc,start       ] GC(783) Pause Remark
[3465.446s][info][gc             ] GC(783) Pause Remark 2042M->2042M(4096M) 5.813ms
[3465.446s][info][gc,cpu         ] GC(783) User=0.03s Sys=0.00s Real=0.01s
[3465.447s][info][gc,marking     ] GC(783) Concurrent Mark 666.958ms
[3465.447s][info][gc,marking     ] GC(783) Concurrent Rebuild Remembered Sets and Scrub Regions
.[3465.706s][info][gc,marking     ] GC(783) Concurrent Rebuild Remembered Sets and Scrub Regions 259.360ms
[3465.706s][info][gc,start       ] GC(783) Pause Cleanup
[3465.706s][info][gc             ] GC(783) Pause Cleanup 2248M->2248M(4096M) 0.114ms
[3465.706s][info][gc,cpu         ] GC(783) User=0.00s Sys=0.00s Real=0.00s
[3465.707s][info][gc,marking     ] GC(783) Concurrent Clear Claimed Marks
[3465.707s][info][gc,marking     ] GC(783) Concurrent Clear Claimed Marks 0.032ms
[3465.707s][info][gc,marking     ] GC(783) Concurrent Cleanup for Next Mark
[3465.712s][info][gc,marking     ] GC(783) Concurrent Cleanup for Next Mark 4.880ms
[3465.712s][info][gc             ] GC(783) Concurrent Mark Cycle 1074.629ms
.[3467.617s][info][gc,start       ] GC(784) Pause Young (Prepare Mixed) (G1 Evacuation Pause)
[3467.617s][info][gc,task        ] GC(784) Using 6 workers of 6 for evacuation
[3467.734s][info][gc,phases      ] GC(784)   Pre Evacuate Collection Set: 0.40ms
[3467.734s][info][gc,phases      ] GC(784)   Merge Heap Roots: 0.59ms
[3467.734s][info][gc,phases      ] GC(784)   Evacuate Collection Set: 114.72ms
[3467.734s][info][gc,phases      ] GC(784)   Post Evacuate Collection Set: 0.93ms
[3467.734s][info][gc,phases      ] GC(784)   Other: 0.82ms
[3467.734s][info][gc,heap        ] GC(784) Eden regions: 1116->0(1108)
[3467.734s][info][gc,heap        ] GC(784) Survivor regions: 112->110(154)
[3467.734s][info][gc,heap        ] GC(784) Old regions: 506->537
[3467.734s][info][gc,heap        ] GC(784) Humongous regions: 80->80
[3467.734s][info][gc,metaspace   ] GC(784) Metaspace: 28958K(29376K)->28958K(29376K) NonClass: 24088K(24256K)->24088K(24256K) Class: 4869K(5120K)->4869K(5120K)
[3467.734s][info][gc             ] GC(784) Pause Young (Prepare Mixed) (G1 Evacuation Pause) 3626M->1453M(4096M) 117.603ms
[3467.734s][info][gc,cpu         ] GC(784) User=0.70s Sys=0.00s Real=0.12s
...[3470.732s][info][gc,start       ] GC(785) Pause Young (Mixed) (G1 Evacuation Pause)
[3470.732s][info][gc,task        ] GC(785) Using 6 workers of 6 for evacuation
[3470.869s][info][gc,phases      ] GC(785)   Pre Evacuate Collection Set: 0.38ms
[3470.869s][info][gc,phases      ] GC(785)   Merge Heap Roots: 0.77ms
[3470.869s][info][gc,phases      ] GC(785)   Evacuate Collection Set: 134.68ms
[3470.869s][info][gc,phases      ] GC(785)   Post Evacuate Collection Set: 0.94ms
[3470.869s][info][gc,phases      ] GC(785)   Other: 0.09ms
[3470.869s][info][gc,heap        ] GC(785) Eden regions: 1108->0(1117)
[3470.869s][info][gc,heap        ] GC(785) Survivor regions: 110->111(153)
[3470.869s][info][gc,heap        ] GC(785) Old regions: 537->473
[3470.869s][info][gc,heap        ] GC(785) Humongous regions: 80->80
[3470.869s][info][gc,metaspace   ] GC(785) Metaspace: 28958K(29376K)->28958K(29376K) NonClass: 24088K(24256K)->24088K(24256K) Class: 4869K(5120K)->4869K(5120K)
[3470.869s][info][gc             ] GC(785) Pause Young (Mixed) (G1 Evacuation Pause) 3669M->1327M(4096M) 136.982ms
[3470.869s][info][gc,cpu         ] GC(785) User=0.82s Sys=0.00s Real=0.14s
...[3473.827s][info][gc,start       ] GC(786) Pause Young (Concurrent Start) (G1 Evacuation Pause)
[3473.827s][info][gc,task        ] GC(786) Using 6 workers of 6 for evacuation
[3473.948s][info][gc,phases      ] GC(786)   Pre Evacuate Collection Set: 0.41ms
[3473.948s][info][gc,phases      ] GC(786)   Merge Heap Roots: 0.46ms
[3473.948s][info][gc,phases      ] GC(786)   Evacuate Collection Set: 118.35ms
[3473.948s][info][gc,phases      ] GC(786)   Post Evacuate Collection Set: 0.89ms
[3473.948s][info][gc,phases      ] GC(786)   Other: 0.12ms
[3473.948s][info][gc,heap        ] GC(786) Eden regions: 1117->0(1117)
[3473.948s][info][gc,heap        ] GC(786) Survivor regions: 111->111(154)
[3473.948s][info][gc,heap        ] GC(786) Old regions: 473->505
[3473.948s][info][gc,heap        ] GC(786) Humongous regions: 80->80
[3473.948s][info][gc,metaspace   ] GC(786) Metaspace: 28958K(29376K)->28958K(29376K) NonClass: 24088K(24256K)->24088K(24256K) Class: 4869K(5120K)->4869K(5120K)
[3473.948s][info][gc             ] GC(786) Pause Young (Concurrent Start) (G1 Evacuation Pause) 3561M->1391M(4096M) 120.371ms
[3473.948s][info][gc             ] GC(787) Concurrent Mark Cycle
[3473.948s][info][gc,marking     ] GC(787) Concurrent Scan Root Regions
[3473.948s][info][gc,cpu         ] GC(786) User=0.71s Sys=0.00s Real=0.12s
.[3474.087s][info][gc,marking     ] GC(787) Concurrent Scan Root Regions 139.722ms
[3474.088s][info][gc,marking     ] GC(787) Concurrent Mark
[3474.088s][info][gc,marking     ] GC(787) Concurrent Mark From Roots
[3474.088s][info][gc,task        ] GC(787) Using 2 workers of 2 for marking
[3474.765s][info][gc,marking     ] GC(787) Concurrent Mark From Roots 677.058ms
[3474.765s][info][gc,marking     ] GC(787) Concurrent Preclean
[3474.765s][info][gc,marking     ] GC(787) Concurrent Preclean 0.093ms
[3474.765s][info][gc,start       ] GC(787) Pause Remark
[3474.771s][info][gc             ] GC(787) Pause Remark 2041M->2041M(4096M) 5.300ms
[3474.771s][info][gc,cpu         ] GC(787) User=0.03s Sys=0.01s Real=0.00s
[3474.771s][info][gc,marking     ] GC(787) Concurrent Mark 683.407ms
[3474.771s][info][gc,marking     ] GC(787) Concurrent Rebuild Remembered Sets and Scrub Regions
.[3475.066s][info][gc,marking     ] GC(787) Concurrent Rebuild Remembered Sets and Scrub Regions 294.711ms
[3475.066s][info][gc,start       ] GC(787) Pause Cleanup
[3475.066s][info][gc             ] GC(787) Pause Cleanup 2255M->2255M(4096M) 0.113ms
[3475.066s][info][gc,cpu         ] GC(787) User=0.00s Sys=0.00s Real=0.00s
[3475.067s][info][gc,marking     ] GC(787) Concurrent Clear Claimed Marks
[3475.067s][info][gc,marking     ] GC(787) Concurrent Clear Claimed Marks 0.038ms
[3475.067s][info][gc,marking     ] GC(787) Concurrent Cleanup for Next Mark
[3475.072s][info][gc,marking     ] GC(787) Concurrent Cleanup for Next Mark 4.818ms
[3475.072s][info][gc             ] GC(787) Concurrent Mark Cycle 1124.047ms
.[3476.933s][info][gc,start       ] GC(788) Pause Young (Prepare Mixed) (G1 Evacuation Pause)
[3476.933s][info][gc,task        ] GC(788) Using 6 workers of 6 for evacuation
[3477.050s][info][gc,phases      ] GC(788)   Pre Evacuate Collection Set: 0.36ms
[3477.050s][info][gc,phases      ] GC(788)   Merge Heap Roots: 0.52ms
[3477.050s][info][gc,phases      ] GC(788)   Evacuate Collection Set: 115.18ms
[3477.050s][info][gc,phases      ] GC(788)   Post Evacuate Collection Set: 0.91ms
[3477.050s][info][gc,phases      ] GC(788)   Other: 0.08ms
[3477.050s][info][gc,heap        ] GC(788) Eden regions: 1117->0(1113)
[3477.050s][info][gc,heap        ] GC(788) Survivor regions: 111->107(154)
[3477.050s][info][gc,heap        ] GC(788) Old regions: 505->538
[3477.050s][info][gc,heap        ] GC(788) Humongous regions: 80->80
[3477.050s][info][gc,metaspace   ] GC(788) Metaspace: 28958K(29376K)->28958K(29376K) NonClass: 24088K(24256K)->24088K(24256K) Class: 4869K(5120K)->4869K(5120K)
[3477.050s][info][gc             ] GC(788) Pause Young (Prepare Mixed) (G1 Evacuation Pause) 3625M->1448M(4096M) 117.202ms
[3477.050s][info][gc,cpu         ] GC(788) User=0.69s Sys=0.01s Real=0.11s
....[3480.070s][info][gc,start       ] GC(789) Pause Young (Mixed) (G1 Evacuation Pause)
[3480.070s][info][gc,task        ] GC(789) Using 6 workers of 6 for evacuation
[3480.202s][info][gc,phases      ] GC(789)   Pre Evacuate Collection Set: 0.38ms
[3480.202s][info][gc,phases      ] GC(789)   Merge Heap Roots: 0.70ms
[3480.202s][info][gc,phases      ] GC(789)   Evacuate Collection Set: 129.46ms
[3480.202s][info][gc,phases      ] GC(789)   Post Evacuate Collection Set: 0.93ms
[3480.202s][info][gc,phases      ] GC(789)   Other: 0.09ms
[3480.202s][info][gc,heap        ] GC(789) Eden regions: 1113->0(1120)
[3480.202s][info][gc,heap        ] GC(789) Survivor regions: 107->108(153)
[3480.202s][info][gc,heap        ] GC(789) Old regions: 538->474
[3480.202s][info][gc,heap        ] GC(789) Humongous regions: 80->80
[3480.202s][info][gc,metaspace   ] GC(789) Metaspace: 28958K(29376K)->28958K(29376K) NonClass: 24088K(24256K)->24088K(24256K) Class: 4869K(5120K)->4869K(5120K)
[3480.202s][info][gc             ] GC(789) Pause Young (Mixed) (G1 Evacuation Pause) 3674M->1321M(4096M) 131.701ms
[3480.202s][info][gc,cpu         ] GC(789) User=0.78s Sys=0.00s Real=0.13s
...[3483.134s][info][gc,start       ] GC(790) Pause Young (Concurrent Start) (G1 Evacuation Pause)
[3483.134s][info][gc,task        ] GC(790) Using 6 workers of 6 for evacuation
[3483.249s][info][gc,phases      ] GC(790)   Pre Evacuate Collection Set: 0.35ms
[3483.249s][info][gc,phases      ] GC(790)   Merge Heap Roots: 0.45ms
[3483.249s][info][gc,phases      ] GC(790)   Evacuate Collection Set: 113.18ms
[3483.249s][info][gc,phases      ] GC(790)   Post Evacuate Collection Set: 0.87ms
[3483.249s][info][gc,phases      ] GC(790)   Other: 0.10ms
[3483.249s][info][gc,heap        ] GC(790) Eden regions: 1120->0(1120)
[3483.249s][info][gc,heap        ] GC(790) Survivor regions: 108->108(154)
[3483.249s][info][gc,heap        ] GC(790) Old regions: 474->506
[3483.249s][info][gc,heap        ] GC(790) Humongous regions: 80->80
[3483.249s][info][gc,metaspace   ] GC(790) Metaspace: 28958K(29376K)->28958K(29376K) NonClass: 24088K(24256K)->24088K(24256K) Class: 4869K(5120K)->4869K(5120K)
[3483.249s][info][gc             ] GC(790) Pause Young (Concurrent Start) (G1 Evacuation Pause) 3561M->1385M(4096M) 115.092ms
[3483.249s][info][gc             ] GC(791) Concurrent Mark Cycle
[3483.249s][info][gc,marking     ] GC(791) Concurrent Scan Root Regions
[3483.249s][info][gc,cpu         ] GC(790) User=0.69s Sys=0.00s Real=0.11s
[3483.394s][info][gc,marking     ] GC(791) Concurrent Scan Root Regions 145.105ms
[3483.394s][info][gc,marking     ] GC(791) Concurrent Mark
[3483.394s][info][gc,marking     ] GC(791) Concurrent Mark From Roots
[3483.394s][info][gc,task        ] GC(791) Using 2 workers of 2 for marking
.[3484.248s][info][gc,marking     ] GC(791) Concurrent Mark From Roots 853.671ms
[3484.248s][info][gc,marking     ] GC(791) Concurrent Preclean
[3484.248s][info][gc,marking     ] GC(791) Concurrent Preclean 0.097ms
[3484.248s][info][gc,start       ] GC(791) Pause Remark
[3484.254s][info][gc             ] GC(791) Pause Remark 2167M->2167M(4096M) 5.474ms
[3484.254s][info][gc,cpu         ] GC(791) User=0.03s Sys=0.00s Real=0.01s
[3484.254s][info][gc,marking     ] GC(791) Concurrent Mark 859.802ms
[3484.254s][info][gc,marking     ] GC(791) Concurrent Rebuild Remembered Sets and Scrub Regions
[3484.581s][info][gc,marking     ] GC(791) Concurrent Rebuild Remembered Sets and Scrub Regions 327.641ms
[3484.582s][info][gc,start       ] GC(791) Pause Cleanup
[3484.582s][info][gc             ] GC(791) Pause Cleanup 2439M->2439M(4096M) 0.102ms
[3484.582s][info][gc,cpu         ] GC(791) User=0.00s Sys=0.00s Real=0.00s
[3484.582s][info][gc,marking     ] GC(791) Concurrent Clear Claimed Marks
[3484.582s][info][gc,marking     ] GC(791) Concurrent Clear Claimed Marks 0.024ms
[3484.582s][info][gc,marking     ] GC(791) Concurrent Cleanup for Next Mark
[3484.586s][info][gc,marking     ] GC(791) Concurrent Cleanup for Next Mark 4.430ms
[3484.586s][info][gc             ] GC(791) Concurrent Mark Cycle 1337.425ms
..[3486.252s][info][gc,start       ] GC(792) Pause Young (Prepare Mixed) (G1 Evacuation Pause)
[3486.252s][info][gc,task        ] GC(792) Using 6 workers of 6 for evacuation
[3486.370s][info][gc,phases      ] GC(792)   Pre Evacuate Collection Set: 0.31ms
[3486.370s][info][gc,phases      ] GC(792)   Merge Heap Roots: 0.50ms
[3486.370s][info][gc,phases      ] GC(792)   Evacuate Collection Set: 115.58ms
[3486.370s][info][gc,phases      ] GC(792)   Post Evacuate Collection Set: 0.92ms
[3486.370s][info][gc,phases      ] GC(792)   Other: 0.09ms
[3486.370s][info][gc,heap        ] GC(792) Eden regions: 1120->0(1109)
[3486.370s][info][gc,heap        ] GC(792) Survivor regions: 108->109(154)
[3486.370s][info][gc,heap        ] GC(792) Old regions: 506->538
[3486.370s][info][gc,heap        ] GC(792) Humongous regions: 80->80
[3486.370s][info][gc,metaspace   ] GC(792) Metaspace: 28958K(29376K)->28958K(29376K) NonClass: 24088K(24256K)->24088K(24256K) Class: 4869K(5120K)->4869K(5120K)
[3486.370s][info][gc             ] GC(792) Pause Young (Prepare Mixed) (G1 Evacuation Pause) 3625M->1451M(4096M) 117.516ms
[3486.370s][info][gc,cpu         ] GC(792) User=0.70s Sys=0.01s Real=0.11s
...[3489.270s][info][gc,start       ] GC(793) Pause Young (Mixed) (G1 Evacuation Pause)
[3489.271s][info][gc,task        ] GC(793) Using 6 workers of 6 for evacuation
[3489.405s][info][gc,phases      ] GC(793)   Pre Evacuate Collection Set: 0.35ms
[3489.405s][info][gc,phases      ] GC(793)   Merge Heap Roots: 0.72ms
[3489.405s][info][gc,phases      ] GC(793)   Evacuate Collection Set: 132.64ms
[3489.405s][info][gc,phases      ] GC(793)   Post Evacuate Collection Set: 0.95ms
[3489.405s][info][gc,phases      ] GC(793)   Other: 0.09ms
[3489.405s][info][gc,heap        ] GC(793) Eden regions: 1109->0(1120)
[3489.405s][info][gc,heap        ] GC(793) Survivor regions: 109->108(153)
[3489.405s][info][gc,heap        ] GC(793) Old regions: 538->474
[3489.405s][info][gc,heap        ] GC(793) Humongous regions: 80->80
[3489.405s][info][gc,metaspace   ] GC(793) Metaspace: 28958K(29376K)->28958K(29376K) NonClass: 24088K(24256K)->24088K(24256K) Class: 4869K(5120K)->4869K(5120K)
[3489.405s][info][gc             ] GC(793) Pause Young (Mixed) (G1 Evacuation Pause) 3669M->1323M(4096M) 134.904ms
[3489.405s][info][gc,cpu         ] GC(793) User=0.80s Sys=0.00s Real=0.14s
...[3492.419s][info][gc,start       ] GC(794) Pause Young (Concurrent Start) (G1 Evacuation Pause)
[3492.419s][info][gc,task        ] GC(794) Using 6 workers of 6 for evacuation
[3492.537s][info][gc,phases      ] GC(794)   Pre Evacuate Collection Set: 0.37ms
[3492.537s][info][gc,phases      ] GC(794)   Merge Heap Roots: 0.49ms
[3492.537s][info][gc,phases      ] GC(794)   Evacuate Collection Set: 116.19ms
[3492.537s][info][gc,phases      ] GC(794)   Post Evacuate Collection Set: 0.88ms
[3492.537s][info][gc,phases      ] GC(794)   Other: 0.11ms
[3492.537s][info][gc,heap        ] GC(794) Eden regions: 1120->0(1119)
[3492.537s][info][gc,heap        ] GC(794) Survivor regions: 108->109(154)
[3492.537s][info][gc,heap        ] GC(794) Old regions: 474->507
[3492.537s][info][gc,heap        ] GC(794) Humongous regions: 80->80
[3492.537s][info][gc,metaspace   ] GC(794) Metaspace: 28958K(29376K)->28958K(29376K) NonClass: 24088K(24256K)->24088K(24256K) Class: 4869K(5120K)->4869K(5120K)
[3492.537s][info][gc             ] GC(794) Pause Young (Concurrent Start) (G1 Evacuation Pause) 3563M->1389M(4096M) 118.155ms
[3492.537s][info][gc             ] GC(795) Concurrent Mark Cycle
[3492.537s][info][gc,marking     ] GC(795) Concurrent Scan Root Regions
[3492.537s][info][gc,cpu         ] GC(794) User=0.71s Sys=0.00s Real=0.12s
[3492.675s][info][gc,marking     ] GC(795) Concurrent Scan Root Regions 137.722ms
[3492.675s][info][gc,marking     ] GC(795) Concurrent Mark
[3492.675s][info][gc,marking     ] GC(795) Concurrent Mark From Roots
[3492.675s][info][gc,task        ] GC(795) Using 2 workers of 2 for marking
.[3493.328s][info][gc,marking     ] GC(795) Concurrent Mark From Roots 652.645ms
[3493.328s][info][gc,marking     ] GC(795) Concurrent Preclean
[3493.328s][info][gc,marking     ] GC(795) Concurrent Preclean 0.070ms
[3493.328s][info][gc,start       ] GC(795) Pause Remark
[3493.333s][info][gc             ] GC(795) Pause Remark 2011M->2011M(4096M) 5.146ms
[3493.334s][info][gc,cpu         ] GC(795) User=0.02s Sys=0.00s Real=0.01s
[3493.334s][info][gc,marking     ] GC(795) Concurrent Mark 659.098ms
[3493.334s][info][gc,marking     ] GC(795) Concurrent Rebuild Remembered Sets and Scrub Regions
[3493.588s][info][gc,marking     ] GC(795) Concurrent Rebuild Remembered Sets and Scrub Regions 253.431ms
[3493.589s][info][gc,start       ] GC(795) Pause Cleanup
[3493.589s][info][gc             ] GC(795) Pause Cleanup 2213M->2213M(4096M) 0.130ms
[3493.589s][info][gc,cpu         ] GC(795) User=0.00s Sys=0.00s Real=0.00s
[3493.590s][info][gc,marking     ] GC(795) Concurrent Clear Claimed Marks
[3493.590s][info][gc,marking     ] GC(795) Concurrent Clear Claimed Marks 0.037ms
[3493.590s][info][gc,marking     ] GC(795) Concurrent Cleanup for Next Mark
[3493.594s][info][gc,marking     ] GC(795) Concurrent Cleanup for Next Mark 4.248ms
[3493.594s][info][gc             ] GC(795) Concurrent Mark Cycle 1056.835ms
..[3495.549s][info][gc,start       ] GC(796) Pause Young (Prepare Mixed) (G1 Evacuation Pause)
[3495.549s][info][gc,task        ] GC(796) Using 6 workers of 6 for evacuation
[3495.666s][info][gc,phases      ] GC(796)   Pre Evacuate Collection Set: 0.32ms
[3495.666s][info][gc,phases      ] GC(796)   Merge Heap Roots: 0.50ms
[3495.666s][info][gc,phases      ] GC(796)   Evacuate Collection Set: 114.92ms
[3495.666s][info][gc,phases      ] GC(796)   Post Evacuate Collection Set: 0.95ms
[3495.666s][info][gc,phases      ] GC(796)   Other: 0.09ms
[3495.666s][info][gc,heap        ] GC(796) Eden regions: 1119->0(1105)
[3495.666s][info][gc,heap        ] GC(796) Survivor regions: 109->111(154)
[3495.666s][info][gc,heap        ] GC(796) Old regions: 507->538
[3495.666s][info][gc,heap        ] GC(796) Humongous regions: 80->80
[3495.666s][info][gc,metaspace   ] GC(796) Metaspace: 28958K(29376K)->28958K(29376K) NonClass: 24088K(24256K)->24088K(24256K) Class: 4869K(5120K)->4869K(5120K)
[3495.666s][info][gc             ] GC(796) Pause Young (Prepare Mixed) (G1 Evacuation Pause) 3627M->1456M(4096M) 116.922ms
[3495.666s][info][gc,cpu         ] GC(796) User=0.69s Sys=0.00s Real=0.12s
...[3498.653s][info][gc,start       ] GC(797) Pause Young (Mixed) (G1 Evacuation Pause)
[3498.653s][info][gc,task        ] GC(797) Using 6 workers of 6 for evacuation
[3498.787s][info][gc,phases      ] GC(797)   Pre Evacuate Collection Set: 0.38ms
[3498.787s][info][gc,phases      ] GC(797)   Merge Heap Roots: 0.71ms
[3498.787s][info][gc,phases      ] GC(797)   Evacuate Collection Set: 131.71ms
[3498.787s][info][gc,phases      ] GC(797)   Post Evacuate Collection Set: 0.90ms
[3498.787s][info][gc,phases      ] GC(797)   Other: 0.09ms
[3498.787s][info][gc,heap        ] GC(797) Eden regions: 1105->0(1118)
[3498.787s][info][gc,heap        ] GC(797) Survivor regions: 111->110(152)
[3498.787s][info][gc,heap        ] GC(797) Old regions: 538->473
[3498.787s][info][gc,heap        ] GC(797) Humongous regions: 80->80
[3498.787s][info][gc,metaspace   ] GC(797) Metaspace: 28958K(29376K)->28958K(29376K) NonClass: 24088K(24256K)->24088K(24256K) Class: 4869K(5120K)->4869K(5120K)
[3498.787s][info][gc             ] GC(797) Pause Young (Mixed) (G1 Evacuation Pause) 3666M->1323M(4096M) 133.915ms
[3498.787s][info][gc,cpu         ] GC(797) User=0.79s Sys=0.00s Real=0.13s
...[3501.700s][info][gc,start       ] GC(798) Pause Young (Concurrent Start) (G1 Evacuation Pause)
[3501.700s][info][gc,task        ] GC(798) Using 6 workers of 6 for evacuation
[3501.818s][info][gc,phases      ] GC(798)   Pre Evacuate Collection Set: 0.35ms
[3501.819s][info][gc,phases      ] GC(798)   Merge Heap Roots: 0.44ms
[3501.819s][info][gc,phases      ] GC(798)   Evacuate Collection Set: 116.47ms
[3501.819s][info][gc,phases      ] GC(798)   Post Evacuate Collection Set: 0.91ms
[3501.819s][info][gc,phases      ] GC(798)   Other: 0.10ms
[3501.819s][info][gc,heap        ] GC(798) Eden regions: 1118->0(1118)
[3501.819s][info][gc,heap        ] GC(798) Survivor regions: 110->110(154)
[3501.819s][info][gc,heap        ] GC(798) Old regions: 473->505
[3501.819s][info][gc,heap        ] GC(798) Humongous regions: 80->80
[3501.819s][info][gc,metaspace   ] GC(798) Metaspace: 28958K(29376K)->28958K(29376K) NonClass: 24088K(24256K)->24088K(24256K) Class: 4869K(5120K)->4869K(5120K)
[3501.819s][info][gc             ] GC(798) Pause Young (Concurrent Start) (G1 Evacuation Pause) 3559M->1388M(4096M) 118.391ms
[3501.819s][info][gc             ] GC(799) Concurrent Mark Cycle
[3501.819s][info][gc,marking     ] GC(799) Concurrent Scan Root Regions
[3501.819s][info][gc,cpu         ] GC(798) User=0.70s Sys=0.00s Real=0.12s
[3501.998s][info][gc,marking     ] GC(799) Concurrent Scan Root Regions 179.724ms
[3501.998s][info][gc,marking     ] GC(799) Concurrent Mark
[3501.998s][info][gc,marking     ] GC(799) Concurrent Mark From Roots
[3501.998s][info][gc,task        ] GC(799) Using 2 workers of 2 for marking
.[3502.994s][info][gc,marking     ] GC(799) Concurrent Mark From Roots 995.393ms
[3502.994s][info][gc,marking     ] GC(799) Concurrent Preclean
[3502.994s][info][gc,marking     ] GC(799) Concurrent Preclean 0.108ms
[3502.994s][info][gc,start       ] GC(799) Pause Remark
[3503.000s][info][gc             ] GC(799) Pause Remark 2298M->2298M(4096M) 5.924ms
[3503.000s][info][gc,cpu         ] GC(799) User=0.04s Sys=0.00s Real=0.00s
[3503.001s][info][gc,marking     ] GC(799) Concurrent Mark 1002.859ms
[3503.001s][info][gc,marking     ] GC(799) Concurrent Rebuild Remembered Sets and Scrub Regions
.[3503.364s][info][gc,marking     ] GC(799) Concurrent Rebuild Remembered Sets and Scrub Regions 362.515ms
[3503.364s][info][gc,start       ] GC(799) Pause Cleanup
[3503.364s][info][gc             ] GC(799) Pause Cleanup 2574M->2574M(4096M) 0.123ms
[3503.364s][info][gc,cpu         ] GC(799) User=0.00s Sys=0.00s Real=0.00s
[3503.364s][info][gc,marking     ] GC(799) Concurrent Clear Claimed Marks
[3503.364s][info][gc,marking     ] GC(799) Concurrent Clear Claimed Marks 0.023ms
[3503.364s][info][gc,marking     ] GC(799) Concurrent Cleanup for Next Mark
[3503.368s][info][gc,marking     ] GC(799) Concurrent Cleanup for Next Mark 3.626ms
[3503.368s][info][gc             ] GC(799) Concurrent Mark Cycle 1549.190ms
.[3504.865s][info][gc,start       ] GC(800) Pause Young (Prepare Mixed) (G1 Evacuation Pause)
[3504.865s][info][gc,task        ] GC(800) Using 6 workers of 6 for evacuation
[3504.987s][info][gc,phases      ] GC(800)   Pre Evacuate Collection Set: 0.30ms
[3504.987s][info][gc,phases      ] GC(800)   Merge Heap Roots: 0.53ms
[3504.987s][info][gc,phases      ] GC(800)   Evacuate Collection Set: 120.17ms
[3504.987s][info][gc,phases      ] GC(800)   Post Evacuate Collection Set: 0.95ms
[3504.987s][info][gc,phases      ] GC(800)   Other: 0.08ms
[3504.987s][info][gc,heap        ] GC(800) Eden regions: 1118->0(1102)
[3504.987s][info][gc,heap        ] GC(800) Survivor regions: 110->113(154)
[3504.987s][info][gc,heap        ] GC(800) Old regions: 505->537
[3504.987s][info][gc,heap        ] GC(800) Humongous regions: 80->80
[3504.987s][info][gc,metaspace   ] GC(800) Metaspace: 28958K(29376K)->28958K(29376K) NonClass: 24088K(24256K)->24088K(24256K) Class: 4869K(5120K)->4869K(5120K)
[3504.987s][info][gc             ] GC(800) Pause Young (Prepare Mixed) (G1 Evacuation Pause) 3624M->1458M(4096M) 122.158ms
[3504.987s][info][gc,cpu         ] GC(800) User=0.72s Sys=0.00s Real=0.12s
...[3507.915s][info][gc,start       ] GC(801) Pause Young (Mixed) (G1 Evacuation Pause)
[3507.915s][info][gc,task        ] GC(801) Using 6 workers of 6 for evacuation
[3508.053s][info][gc,phases      ] GC(801)   Pre Evacuate Collection Set: 0.34ms
[3508.053s][info][gc,phases      ] GC(801)   Merge Heap Roots: 0.74ms
[3508.053s][info][gc,phases      ] GC(801)   Evacuate Collection Set: 135.63ms
[3508.053s][info][gc,phases      ] GC(801)   Post Evacuate Collection Set: 0.97ms
[3508.053s][info][gc,phases      ] GC(801)   Other: 0.09ms
[3508.053s][info][gc,heap        ] GC(801) Eden regions: 1102->0(1116)
[3508.053s][info][gc,heap        ] GC(801) Survivor regions: 113->112(152)
[3508.053s][info][gc,heap        ] GC(801) Old regions: 537->474
[3508.053s][info][gc,heap        ] GC(801) Humongous regions: 80->80
[3508.053s][info][gc,metaspace   ] GC(801) Metaspace: 28958K(29376K)->28958K(29376K) NonClass: 24088K(24256K)->24088K(24256K) Class: 4869K(5120K)->4869K(5120K)
[3508.053s][info][gc             ] GC(801) Pause Young (Mixed) (G1 Evacuation Pause) 3662M->1330M(4096M) 137.910ms
[3508.053s][info][gc,cpu         ] GC(801) User=0.82s Sys=0.00s Real=0.14s
. (rIR:aIR:PR = 6088:6080:6080) (tPR = 90758) [OK] 
  3507s: Performance info:
         Transaction,    Success,    Partial,     Failed,   Receipts, AvgBarcode, 
             Overall,     369222,          0,          0,     350735,      59.47, 
         Response times:
             Request,    Success,    Partial,     Failed,   SkipFail,     Probes,    Samples,      min,      p50,      p90,      p95,      p99,      max, 
       TotalPurchase,     350763,          0,          0,          0,     343744,     367399,      300,     4900,    14800,    38000,    86000,   208000,
     InStorePurchase,     184656,          0,          0,          0,     180980,     192974,      300,     5000,    15000,    38000,    87000,   208000,
      OnlinePurchase,     129171,          0,          0,          0,     126948,     135838,      300,     4800,    14900,    38000,    86000,   208000,
        InstPurchase,      36936,          0,          0,          0,      35816,      38587,      400,     4500,    13600,    35000,    77000,   208000,
          AssocOfCat,        369,          0,          0,          0,        283,        359,    23000,    34000,    56000,    82000,   166000,   184000,
      AssocOfProduct,       3695,          0,          0,          0,       3486,       3929,      500,     4200,    13400,    34000,    73400,   182000,
      BusinessReport,        920,          0,          0,          0,        815,       1019,    28000,    41000,    83000,   115000,   176400,   246000,
          CustBuyBeh,       3688,          0,          0,          0,       3425,       3895,      200,     5400,    14440,    37000,    80000,   163000,
       ProductReturn,       9802,          0,          0,          0,       9393,      10281,      200,     4100,    13500,    35000,    80180,   182000,

  3507s: (45%)   IR =   6227 ..[3510.995s][info][gc,start       ] GC(802) Pause Young (Concurrent Start) (G1 Evacuation Pause)
[3510.995s][info][gc,task        ] GC(802) Using 6 workers of 6 for evacuation
[3511.115s][info][gc,phases      ] GC(802)   Pre Evacuate Collection Set: 0.35ms
[3511.115s][info][gc,phases      ] GC(802)   Merge Heap Roots: 0.60ms
[3511.115s][info][gc,phases      ] GC(802)   Evacuate Collection Set: 117.89ms
[3511.115s][info][gc,phases      ] GC(802)   Post Evacuate Collection Set: 0.88ms
[3511.115s][info][gc,phases      ] GC(802)   Other: 0.10ms
[3511.115s][info][gc,heap        ] GC(802) Eden regions: 1116->0(1119)
[3511.115s][info][gc,heap        ] GC(802) Survivor regions: 112->109(154)
[3511.115s][info][gc,heap        ] GC(802) Old regions: 474->506
[3511.115s][info][gc,heap        ] GC(802) Humongous regions: 80->80
[3511.115s][info][gc,metaspace   ] GC(802) Metaspace: 28958K(29376K)->28958K(29376K) NonClass: 24088K(24256K)->24088K(24256K) Class: 4869K(5120K)->4869K(5120K)
[3511.115s][info][gc             ] GC(802) Pause Young (Concurrent Start) (G1 Evacuation Pause) 3562M->1389M(4096M) 119.988ms
[3511.115s][info][gc             ] GC(803) Concurrent Mark Cycle
[3511.115s][info][gc,marking     ] GC(803) Concurrent Scan Root Regions
[3511.115s][info][gc,cpu         ] GC(802) User=0.72s Sys=0.00s Real=0.12s
.[3511.275s][info][gc,marking     ] GC(803) Concurrent Scan Root Regions 159.991ms
[3511.275s][info][gc,marking     ] GC(803) Concurrent Mark
[3511.275s][info][gc,marking     ] GC(803) Concurrent Mark From Roots
[3511.275s][info][gc,task        ] GC(803) Using 2 workers of 2 for marking
[3511.962s][info][gc,marking     ] GC(803) Concurrent Mark From Roots 686.990ms
[3511.962s][info][gc,marking     ] GC(803) Concurrent Preclean
[3511.962s][info][gc,marking     ] GC(803) Concurrent Preclean 0.100ms
[3511.963s][info][gc,start       ] GC(803) Pause Remark
[3511.968s][info][gc             ] GC(803) Pause Remark 2073M->2073M(4096M) 5.152ms
[3511.968s][info][gc,cpu         ] GC(803) User=0.03s Sys=0.00s Real=0.00s
[3511.968s][info][gc,marking     ] GC(803) Concurrent Mark 692.538ms
[3511.968s][info][gc,marking     ] GC(803) Concurrent Rebuild Remembered Sets and Scrub Regions
[3512.212s][info][gc,marking     ] GC(803) Concurrent Rebuild Remembered Sets and Scrub Regions 243.957ms
[3512.212s][info][gc,start       ] GC(803) Pause Cleanup
[3512.212s][info][gc             ] GC(803) Pause Cleanup 2253M->2253M(4096M) 0.115ms
[3512.212s][info][gc,cpu         ] GC(803) User=0.00s Sys=0.00s Real=0.00s
[3512.213s][info][gc,marking     ] GC(803) Concurrent Clear Claimed Marks
[3512.213s][info][gc,marking     ] GC(803) Concurrent Clear Claimed Marks 0.038ms
[3512.213s][info][gc,marking     ] GC(803) Concurrent Cleanup for Next Mark
[3512.236s][info][gc,marking     ] GC(803) Concurrent Cleanup for Next Mark 22.992ms
[3512.237s][info][gc             ] GC(803) Concurrent Mark Cycle 1121.296ms
..[3514.026s][info][gc,start       ] GC(804) Pause Young (Prepare Mixed) (G1 Evacuation Pause)
[3514.026s][info][gc,task        ] GC(804) Using 6 workers of 6 for evacuation
[3514.145s][info][gc,phases      ] GC(804)   Pre Evacuate Collection Set: 0.34ms
[3514.145s][info][gc,phases      ] GC(804)   Merge Heap Roots: 0.54ms
[3514.145s][info][gc,phases      ] GC(804)   Evacuate Collection Set: 117.47ms
[3514.145s][info][gc,phases      ] GC(804)   Post Evacuate Collection Set: 0.92ms
[3514.145s][info][gc,phases      ] GC(804)   Other: 0.09ms
[3514.145s][info][gc,heap        ] GC(804) Eden regions: 1119->0(1104)
[3514.145s][info][gc,heap        ] GC(804) Survivor regions: 109->111(154)
[3514.145s][info][gc,heap        ] GC(804) Old regions: 506->539
[3514.145s][info][gc,heap        ] GC(804) Humongous regions: 80->80
[3514.145s][info][gc,metaspace   ] GC(804) Metaspace: 28958K(29376K)->28958K(29376K) NonClass: 24088K(24256K)->24088K(24256K) Class: 4869K(5120K)->4869K(5120K)
[3514.145s][info][gc             ] GC(804) Pause Young (Prepare Mixed) (G1 Evacuation Pause) 3627M->1457M(4096M) 119.499ms
[3514.145s][info][gc,cpu         ] GC(804) User=0.71s Sys=0.00s Real=0.12s
.|..[3517.051s][info][gc,start       ] GC(805) Pause Young (Mixed) (G1 Evacuation Pause)
[3517.051s][info][gc,task        ] GC(805) Using 6 workers of 6 for evacuation
[3517.182s][info][gc,phases      ] GC(805)   Pre Evacuate Collection Set: 0.36ms
[3517.182s][info][gc,phases      ] GC(805)   Merge Heap Roots: 0.65ms
[3517.182s][info][gc,phases      ] GC(805)   Evacuate Collection Set: 129.02ms
[3517.182s][info][gc,phases      ] GC(805)   Post Evacuate Collection Set: 0.95ms
[3517.182s][info][gc,phases      ] GC(805)   Other: 0.09ms
[3517.182s][info][gc,heap        ] GC(805) Eden regions: 1104->0(1120)
[3517.182s][info][gc,heap        ] GC(805) Survivor regions: 111->108(152)
[3517.182s][info][gc,heap        ] GC(805) Old regions: 539->472
[3517.182s][info][gc,heap        ] GC(805) Humongous regions: 80->80
[3517.182s][info][gc,metaspace   ] GC(805) Metaspace: 28958K(29376K)->28958K(29376K) NonClass: 24088K(24256K)->24088K(24256K) Class: 4869K(5120K)->4869K(5120K)
[3517.182s][info][gc             ] GC(805) Pause Young (Mixed) (G1 Evacuation Pause) 3665M->1318M(4096M) 131.190ms
[3517.182s][info][gc,cpu         ] GC(805) User=0.78s Sys=0.00s Real=0.13s
...[3520.051s][info][gc,start       ] GC(806) Pause Young (Concurrent Start) (G1 Evacuation Pause)
[3520.051s][info][gc,task        ] GC(806) Using 6 workers of 6 for evacuation
[3520.167s][info][gc,phases      ] GC(806)   Pre Evacuate Collection Set: 0.41ms
[3520.168s][info][gc,phases      ] GC(806)   Merge Heap Roots: 0.49ms
[3520.168s][info][gc,phases      ] GC(806)   Evacuate Collection Set: 114.34ms
[3520.168s][info][gc,phases      ] GC(806)   Post Evacuate Collection Set: 0.88ms
[3520.168s][info][gc,phases      ] GC(806)   Other: 0.12ms
[3520.168s][info][gc,heap        ] GC(806) Eden regions: 1120->0(1120)
[3520.168s][info][gc,heap        ] GC(806) Survivor regions: 108->108(154)
[3520.168s][info][gc,heap        ] GC(806) Old regions: 472->504
[3520.168s][info][gc,heap        ] GC(806) Humongous regions: 80->80
[3520.168s][info][gc,metaspace   ] GC(806) Metaspace: 28958K(29376K)->28958K(29376K) NonClass: 24088K(24256K)->24088K(24256K) Class: 4869K(5120K)->4869K(5120K)
[3520.168s][info][gc             ] GC(806) Pause Young (Concurrent Start) (G1 Evacuation Pause) 3558M->1381M(4096M) 116.372ms
[3520.168s][info][gc             ] GC(807) Concurrent Mark Cycle
[3520.168s][info][gc,marking     ] GC(807) Concurrent Scan Root Regions
[3520.168s][info][gc,cpu         ] GC(806) User=0.69s Sys=0.00s Real=0.12s
[3520.309s][info][gc,marking     ] GC(807) Concurrent Scan Root Regions 141.495ms
[3520.309s][info][gc,marking     ] GC(807) Concurrent Mark
[3520.309s][info][gc,marking     ] GC(807) Concurrent Mark From Roots
[3520.309s][info][gc,task        ] GC(807) Using 2 workers of 2 for marking
.[3520.964s][info][gc,marking     ] GC(807) Concurrent Mark From Roots 655.009ms
[3520.964s][info][gc,marking     ] GC(807) Concurrent Preclean
[3520.964s][info][gc,marking     ] GC(807) Concurrent Preclean 0.083ms
[3520.965s][info][gc,start       ] GC(807) Pause Remark
[3520.970s][info][gc             ] GC(807) Pause Remark 1975M->1975M(4096M) 5.213ms
[3520.970s][info][gc,cpu         ] GC(807) User=0.02s Sys=0.00s Real=0.00s
[3520.970s][info][gc,marking     ] GC(807) Concurrent Mark 661.285ms
[3520.970s][info][gc,marking     ] GC(807) Concurrent Rebuild Remembered Sets and Scrub Regions
[3521.245s][info][gc,marking     ] GC(807) Concurrent Rebuild Remembered Sets and Scrub Regions 274.740ms
[3521.246s][info][gc,start       ] GC(807) Pause Cleanup
[3521.246s][info][gc             ] GC(807) Pause Cleanup 2205M->2205M(4096M) 0.124ms
[3521.246s][info][gc,cpu         ] GC(807) User=0.00s Sys=0.00s Real=0.00s
[3521.247s][info][gc,marking     ] GC(807) Concurrent Clear Claimed Marks
[3521.247s][info][gc,marking     ] GC(807) Concurrent Clear Claimed Marks 0.031ms
[3521.247s][info][gc,marking     ] GC(807) Concurrent Cleanup for Next Mark
[3521.253s][info][gc,marking     ] GC(807) Concurrent Cleanup for Next Mark 5.746ms
[3521.253s][info][gc             ] GC(807) Concurrent Mark Cycle 1085.354ms
..[3523.051s][info][gc,start       ] GC(808) Pause Young (Prepare Mixed) (G1 Evacuation Pause)
[3523.051s][info][gc,task        ] GC(808) Using 6 workers of 6 for evacuation
[3523.167s][info][gc,phases      ] GC(808)   Pre Evacuate Collection Set: 0.31ms
[3523.167s][info][gc,phases      ] GC(808)   Merge Heap Roots: 0.56ms
[3523.167s][info][gc,phases      ] GC(808)   Evacuate Collection Set: 114.35ms
[3523.167s][info][gc,phases      ] GC(808)   Post Evacuate Collection Set: 0.94ms
[3523.167s][info][gc,phases      ] GC(808)   Other: 0.08ms
[3523.167s][info][gc,heap        ] GC(808) Eden regions: 1120->0(1114)
[3523.167s][info][gc,heap        ] GC(808) Survivor regions: 108->108(154)
[3523.167s][info][gc,heap        ] GC(808) Old regions: 504->535
[3523.167s][info][gc,heap        ] GC(808) Humongous regions: 80->80
[3523.167s][info][gc,metaspace   ] GC(808) Metaspace: 28958K(29376K)->28958K(29376K) NonClass: 24088K(24256K)->24088K(24256K) Class: 4869K(5120K)->4869K(5120K)
[3523.167s][info][gc             ] GC(808) Pause Young (Prepare Mixed) (G1 Evacuation Pause) 3621M->1444M(4096M) 116.354ms
[3523.167s][info][gc,cpu         ] GC(808) User=0.69s Sys=0.00s Real=0.12s
...[3526.145s][info][gc,start       ] GC(809) Pause Young (Mixed) (G1 Evacuation Pause)
[3526.145s][info][gc,task        ] GC(809) Using 6 workers of 6 for evacuation
[3526.279s][info][gc,phases      ] GC(809)   Pre Evacuate Collection Set: 0.35ms
[3526.279s][info][gc,phases      ] GC(809)   Merge Heap Roots: 0.79ms
[3526.279s][info][gc,phases      ] GC(809)   Evacuate Collection Set: 132.53ms
[3526.279s][info][gc,phases      ] GC(809)   Post Evacuate Collection Set: 0.95ms
[3526.279s][info][gc,phases      ] GC(809)   Other: 0.08ms
[3526.279s][info][gc,heap        ] GC(809) Eden regions: 1114->0(1119)
[3526.279s][info][gc,heap        ] GC(809) Survivor regions: 108->109(153)
[3526.279s][info][gc,heap        ] GC(809) Old regions: 535->472
[3526.279s][info][gc,heap        ] GC(809) Humongous regions: 80->80
[3526.279s][info][gc,metaspace   ] GC(809) Metaspace: 28958K(29376K)->28958K(29376K) NonClass: 24088K(24256K)->24088K(24256K) Class: 4869K(5120K)->4869K(5120K)
[3526.280s][info][gc             ] GC(809) Pause Young (Mixed) (G1 Evacuation Pause) 3672M->1319M(4096M) 134.841ms
[3526.280s][info][gc,cpu         ] GC(809) User=0.81s Sys=0.00s Real=0.13s
...[3529.141s][info][gc,start       ] GC(810) Pause Young (Concurrent Start) (G1 Evacuation Pause)
[3529.141s][info][gc,task        ] GC(810) Using 6 workers of 6 for evacuation
[3529.260s][info][gc,phases      ] GC(810)   Pre Evacuate Collection Set: 0.37ms
[3529.260s][info][gc,phases      ] GC(810)   Merge Heap Roots: 0.47ms
[3529.260s][info][gc,phases      ] GC(810)   Evacuate Collection Set: 117.41ms
[3529.260s][info][gc,phases      ] GC(810)   Post Evacuate Collection Set: 0.88ms
[3529.260s][info][gc,phases      ] GC(810)   Other: 0.12ms
[3529.260s][info][gc,heap        ] GC(810) Eden regions: 1119->0(1117)
[3529.260s][info][gc,heap        ] GC(810) Survivor regions: 109->111(154)
[3529.260s][info][gc,heap        ] GC(810) Old regions: 472->503
[3529.260s][info][gc,heap        ] GC(810) Humongous regions: 80->80
[3529.260s][info][gc,metaspace   ] GC(810) Metaspace: 28958K(29376K)->28958K(29376K) NonClass: 24088K(24256K)->24088K(24256K) Class: 4869K(5120K)->4869K(5120K)
[3529.260s][info][gc             ] GC(810) Pause Young (Concurrent Start) (G1 Evacuation Pause) 3557M->1386M(4096M) 119.369ms
[3529.260s][info][gc             ] GC(811) Concurrent Mark Cycle
[3529.260s][info][gc,marking     ] GC(811) Concurrent Scan Root Regions
[3529.261s][info][gc,cpu         ] GC(810) User=0.71s Sys=0.00s Real=0.12s
.[3529.447s][info][gc,marking     ] GC(811) Concurrent Scan Root Regions 186.446ms
[3529.447s][info][gc,marking     ] GC(811) Concurrent Mark
[3529.447s][info][gc,marking     ] GC(811) Concurrent Mark From Roots
[3529.447s][info][gc,task        ] GC(811) Using 2 workers of 2 for marking
[3530.388s][info][gc,marking     ] GC(811) Concurrent Mark From Roots 940.590ms
[3530.388s][info][gc,marking     ] GC(811) Concurrent Preclean
[3530.388s][info][gc,marking     ] GC(811) Concurrent Preclean 0.099ms
[3530.388s][info][gc,start       ] GC(811) Pause Remark
[3530.394s][info][gc             ] GC(811) Pause Remark 2222M->2222M(4096M) 5.570ms
[3530.394s][info][gc,cpu         ] GC(811) User=0.03s Sys=0.00s Real=0.01s
[3530.394s][info][gc,marking     ] GC(811) Concurrent Mark 946.992ms
[3530.394s][info][gc,marking     ] GC(811) Concurrent Rebuild Remembered Sets and Scrub Regions
.[3530.754s][info][gc,marking     ] GC(811) Concurrent Rebuild Remembered Sets and Scrub Regions 359.621ms
[3530.754s][info][gc,start       ] GC(811) Pause Cleanup
[3530.754s][info][gc             ] GC(811) Pause Cleanup 2530M->2530M(4096M) 0.107ms
[3530.754s][info][gc,cpu         ] GC(811) User=0.00s Sys=0.00s Real=0.00s
[3530.754s][info][gc,marking     ] GC(811) Concurrent Clear Claimed Marks
[3530.754s][info][gc,marking     ] GC(811) Concurrent Clear Claimed Marks 0.030ms
[3530.754s][info][gc,marking     ] GC(811) Concurrent Cleanup for Next Mark
[3530.760s][info][gc,marking     ] GC(811) Concurrent Cleanup for Next Mark 5.432ms
[3530.760s][info][gc             ] GC(811) Concurrent Mark Cycle 1499.202ms
.[3532.223s][info][gc,start       ] GC(812) Pause Young (Prepare Mixed) (G1 Evacuation Pause)
[3532.223s][info][gc,task        ] GC(812) Using 6 workers of 6 for evacuation
[3532.341s][info][gc,phases      ] GC(812)   Pre Evacuate Collection Set: 0.32ms
[3532.341s][info][gc,phases      ] GC(812)   Merge Heap Roots: 0.52ms
[3532.341s][info][gc,phases      ] GC(812)   Evacuate Collection Set: 116.19ms
[3532.341s][info][gc,phases      ] GC(812)   Post Evacuate Collection Set: 0.91ms
[3532.341s][info][gc,phases      ] GC(812)   Other: 0.09ms
[3532.341s][info][gc,heap        ] GC(812) Eden regions: 1117->0(1112)
[3532.341s][info][gc,heap        ] GC(812) Survivor regions: 111->109(154)
[3532.341s][info][gc,heap        ] GC(812) Old regions: 503->535
[3532.341s][info][gc,heap        ] GC(812) Humongous regions: 80->80
[3532.341s][info][gc,metaspace   ] GC(812) Metaspace: 28958K(29376K)->28958K(29376K) NonClass: 24088K(24256K)->24088K(24256K) Class: 4869K(5120K)->4869K(5120K)
[3532.341s][info][gc             ] GC(812) Pause Young (Prepare Mixed) (G1 Evacuation Pause) 3620M->1447M(4096M) 118.156ms
[3532.341s][info][gc,cpu         ] GC(812) User=0.71s Sys=0.00s Real=0.11s
...[3535.246s][info][gc,start       ] GC(813) Pause Young (Mixed) (G1 Evacuation Pause)
[3535.246s][info][gc,task        ] GC(813) Using 6 workers of 6 for evacuation
[3535.378s][info][gc,phases      ] GC(813)   Pre Evacuate Collection Set: 0.39ms
[3535.378s][info][gc,phases      ] GC(813)   Merge Heap Roots: 0.67ms
[3535.378s][info][gc,phases      ] GC(813)   Evacuate Collection Set: 130.20ms
[3535.378s][info][gc,phases      ] GC(813)   Post Evacuate Collection Set: 0.92ms
[3535.378s][info][gc,phases      ] GC(813)   Other: 0.09ms
[3535.378s][info][gc,heap        ] GC(813) Eden regions: 1112->0(1119)
[3535.378s][info][gc,heap        ] GC(813) Survivor regions: 109->109(153)
[3535.378s][info][gc,heap        ] GC(813) Old regions: 535->472
[3535.378s][info][gc,heap        ] GC(813) Humongous regions: 80->80
[3535.378s][info][gc,metaspace   ] GC(813) Metaspace: 28958K(29376K)->28958K(29376K) NonClass: 24088K(24256K)->24088K(24256K) Class: 4869K(5120K)->4869K(5120K)
[3535.378s][info][gc             ] GC(813) Pause Young (Mixed) (G1 Evacuation Pause) 3671M->1320M(4096M) 132.400ms
[3535.378s][info][gc,cpu         ] GC(813) User=0.79s Sys=0.00s Real=0.13s
...[3538.284s][info][gc,start       ] GC(814) Pause Young (Concurrent Start) (G1 Evacuation Pause)
[3538.285s][info][gc,task        ] GC(814) Using 6 workers of 6 for evacuation
[3538.401s][info][gc,phases      ] GC(814)   Pre Evacuate Collection Set: 0.41ms
[3538.401s][info][gc,phases      ] GC(814)   Merge Heap Roots: 0.48ms
[3538.401s][info][gc,phases      ] GC(814)   Evacuate Collection Set: 114.80ms
[3538.401s][info][gc,phases      ] GC(814)   Post Evacuate Collection Set: 0.89ms
[3538.401s][info][gc,phases      ] GC(814)   Other: 0.11ms
[3538.401s][info][gc,heap        ] GC(814) Eden regions: 1119->0(1119)
[3538.401s][info][gc,heap        ] GC(814) Survivor regions: 109->109(154)
[3538.401s][info][gc,heap        ] GC(814) Old regions: 472->504
[3538.401s][info][gc,heap        ] GC(814) Humongous regions: 80->80
[3538.401s][info][gc,metaspace   ] GC(814) Metaspace: 28958K(29376K)->28958K(29376K) NonClass: 24088K(24256K)->24088K(24256K) Class: 4869K(5120K)->4869K(5120K)
[3538.401s][info][gc             ] GC(814) Pause Young (Concurrent Start) (G1 Evacuation Pause) 3558M->1384M(4096M) 116.816ms
[3538.401s][info][gc             ] GC(815) Concurrent Mark Cycle
[3538.401s][info][gc,marking     ] GC(815) Concurrent Scan Root Regions
[3538.401s][info][gc,cpu         ] GC(814) User=0.70s Sys=0.00s Real=0.11s
.[3538.550s][info][gc,marking     ] GC(815) Concurrent Scan Root Regions 148.538ms
[3538.550s][info][gc,marking     ] GC(815) Concurrent Mark
[3538.550s][info][gc,marking     ] GC(815) Concurrent Mark From Roots
[3538.550s][info][gc,task        ] GC(815) Using 2 workers of 2 for marking
[3539.256s][info][gc,marking     ] GC(815) Concurrent Mark From Roots 706.120ms
[3539.256s][info][gc,marking     ] GC(815) Concurrent Preclean
[3539.256s][info][gc,marking     ] GC(815) Concurrent Preclean 0.073ms
[3539.256s][info][gc,start       ] GC(815) Pause Remark
[3539.260s][info][gc             ] GC(815) Pause Remark 2074M->2074M(4096M) 3.270ms
[3539.260s][info][gc,cpu         ] GC(815) User=0.02s Sys=0.00s Real=0.00s
[3539.260s][info][gc,marking     ] GC(815) Concurrent Mark 709.744ms
[3539.260s][info][gc,marking     ] GC(815) Concurrent Rebuild Remembered Sets and Scrub Regions
.[3539.505s][info][gc,marking     ] GC(815) Concurrent Rebuild Remembered Sets and Scrub Regions 245.723ms
[3539.506s][info][gc,start       ] GC(815) Pause Cleanup
[3539.506s][info][gc             ] GC(815) Pause Cleanup 2253M->2253M(4096M) 0.112ms
[3539.506s][info][gc,cpu         ] GC(815) User=0.00s Sys=0.00s Real=0.00s
[3539.506s][info][gc,marking     ] GC(815) Concurrent Clear Claimed Marks
[3539.506s][info][gc,marking     ] GC(815) Concurrent Clear Claimed Marks 0.022ms
[3539.506s][info][gc,marking     ] GC(815) Concurrent Cleanup for Next Mark
[3539.509s][info][gc,marking     ] GC(815) Concurrent Cleanup for Next Mark 3.204ms
[3539.509s][info][gc             ] GC(815) Concurrent Mark Cycle 1107.627ms
.[3541.307s][info][gc,start       ] GC(816) Pause Young (Prepare Mixed) (G1 Evacuation Pause)
[3541.307s][info][gc,task        ] GC(816) Using 6 workers of 6 for evacuation
[3541.424s][info][gc,phases      ] GC(816)   Pre Evacuate Collection Set: 0.35ms
[3541.424s][info][gc,phases      ] GC(816)   Merge Heap Roots: 0.52ms
[3541.424s][info][gc,phases      ] GC(816)   Evacuate Collection Set: 115.57ms
[3541.424s][info][gc,phases      ] GC(816)   Post Evacuate Collection Set: 0.92ms
[3541.424s][info][gc,phases      ] GC(816)   Other: 0.09ms
[3541.424s][info][gc,heap        ] GC(816) Eden regions: 1119->0(1109)
[3541.424s][info][gc,heap        ] GC(816) Survivor regions: 109->110(154)
[3541.424s][info][gc,heap        ] GC(816) Old regions: 504->536
[3541.424s][info][gc,heap        ] GC(816) Humongous regions: 80->80
[3541.424s][info][gc,metaspace   ] GC(816) Metaspace: 28958K(29376K)->28958K(29376K) NonClass: 24088K(24256K)->24088K(24256K) Class: 4869K(5120K)->4869K(5120K)
[3541.424s][info][gc             ] GC(816) Pause Young (Prepare Mixed) (G1 Evacuation Pause) 3622M->1450M(4096M) 117.580ms
[3541.424s][info][gc,cpu         ] GC(816) User=0.70s Sys=0.00s Real=0.12s
...[3544.425s][info][gc,start       ] GC(817) Pause Young (Mixed) (G1 Evacuation Pause)
[3544.425s][info][gc,task        ] GC(817) Using 6 workers of 6 for evacuation
[3544.560s][info][gc,phases      ] GC(817)   Pre Evacuate Collection Set: 0.35ms
[3544.560s][info][gc,phases      ] GC(817)   Merge Heap Roots: 0.68ms
[3544.560s][info][gc,phases      ] GC(817)   Evacuate Collection Set: 132.44ms
[3544.560s][info][gc,phases      ] GC(817)   Post Evacuate Collection Set: 0.96ms
[3544.560s][info][gc,phases      ] GC(817)   Other: 0.09ms
[3544.560s][info][gc,heap        ] GC(817) Eden regions: 1109->0(1117)
[3544.560s][info][gc,heap        ] GC(817) Survivor regions: 110->111(153)
[3544.560s][info][gc,heap        ] GC(817) Old regions: 536->472
[3544.560s][info][gc,heap        ] GC(817) Humongous regions: 80->80
[3544.560s][info][gc,metaspace   ] GC(817) Metaspace: 28958K(29376K)->28958K(29376K) NonClass: 24088K(24256K)->24088K(24256K) Class: 4869K(5120K)->4869K(5120K)
[3544.560s][info][gc             ] GC(817) Pause Young (Mixed) (G1 Evacuation Pause) 3668M->1323M(4096M) 134.649ms
[3544.560s][info][gc,cpu         ] GC(817) User=0.80s Sys=0.00s Real=0.13s
...[3547.415s][info][gc,start       ] GC(818) Pause Young (Concurrent Start) (G1 Evacuation Pause)
[3547.415s][info][gc,task        ] GC(818) Using 6 workers of 6 for evacuation
[3547.536s][info][gc,phases      ] GC(818)   Pre Evacuate Collection Set: 0.35ms
[3547.536s][info][gc,phases      ] GC(818)   Merge Heap Roots: 0.48ms
[3547.536s][info][gc,phases      ] GC(818)   Evacuate Collection Set: 118.84ms
[3547.536s][info][gc,phases      ] GC(818)   Post Evacuate Collection Set: 0.87ms
[3547.536s][info][gc,phases      ] GC(818)   Other: 0.09ms
[3547.536s][info][gc,heap        ] GC(818) Eden regions: 1117->0(1116)
[3547.536s][info][gc,heap        ] GC(818) Survivor regions: 111->112(154)
[3547.536s][info][gc,heap        ] GC(818) Old regions: 472->504
[3547.536s][info][gc,heap        ] GC(818) Humongous regions: 80->80
[3547.536s][info][gc,metaspace   ] GC(818) Metaspace: 28958K(29376K)->28958K(29376K) NonClass: 24088K(24256K)->24088K(24256K) Class: 4869K(5120K)->4869K(5120K)
[3547.536s][info][gc             ] GC(818) Pause Young (Concurrent Start) (G1 Evacuation Pause) 3557M->1390M(4096M) 120.762ms
[3547.536s][info][gc             ] GC(819) Concurrent Mark Cycle
[3547.536s][info][gc,marking     ] GC(819) Concurrent Scan Root Regions
[3547.536s][info][gc,cpu         ] GC(818) User=0.71s Sys=0.00s Real=0.12s
.[3547.727s][info][gc,marking     ] GC(819) Concurrent Scan Root Regions 190.715ms
[3547.727s][info][gc,marking     ] GC(819) Concurrent Mark
[3547.727s][info][gc,marking     ] GC(819) Concurrent Mark From Roots
[3547.727s][info][gc,task        ] GC(819) Using 2 workers of 2 for marking
[3548.476s][info][gc,marking     ] GC(819) Concurrent Mark From Roots 749.039ms
[3548.476s][info][gc,marking     ] GC(819) Concurrent Preclean
[3548.476s][info][gc,marking     ] GC(819) Concurrent Preclean 0.101ms
[3548.477s][info][gc,start       ] GC(819) Pause Remark
[3548.481s][info][gc             ] GC(819) Pause Remark 2188M->2188M(4096M) 4.749ms
[3548.481s][info][gc,cpu         ] GC(819) User=0.03s Sys=0.00s Real=0.00s
[3548.482s][info][gc,marking     ] GC(819) Concurrent Mark 754.955ms
[3548.482s][info][gc,marking     ] GC(819) Concurrent Rebuild Remembered Sets and Scrub Regions
.[3548.784s][info][gc,marking     ] GC(819) Concurrent Rebuild Remembered Sets and Scrub Regions 302.315ms
[3548.785s][info][gc,start       ] GC(819) Pause Cleanup
[3548.785s][info][gc             ] GC(819) Pause Cleanup 2411M->2411M(4096M) 0.119ms
[3548.785s][info][gc,cpu         ] GC(819) User=0.00s Sys=0.00s Real=0.00s
[3548.785s][info][gc,marking     ] GC(819) Concurrent Clear Claimed Marks
[3548.785s][info][gc,marking     ] GC(819) Concurrent Clear Claimed Marks 0.037ms
[3548.785s][info][gc,marking     ] GC(819) Concurrent Cleanup for Next Mark
[3548.791s][info][gc,marking     ] GC(819) Concurrent Cleanup for Next Mark 5.356ms
[3548.791s][info][gc             ] GC(819) Concurrent Mark Cycle 1254.443ms
.[3550.436s][info][gc,start       ] GC(820) Pause Young (Prepare Mixed) (G1 Evacuation Pause)
[3550.437s][info][gc,task        ] GC(820) Using 6 workers of 6 for evacuation
[3550.557s][info][gc,phases      ] GC(820)   Pre Evacuate Collection Set: 0.31ms
[3550.557s][info][gc,phases      ] GC(820)   Merge Heap Roots: 0.53ms
[3550.557s][info][gc,phases      ] GC(820)   Evacuate Collection Set: 118.89ms
[3550.557s][info][gc,phases      ] GC(820)   Post Evacuate Collection Set: 0.95ms
[3550.557s][info][gc,phases      ] GC(820)   Other: 0.10ms
[3550.557s][info][gc,heap        ] GC(820) Eden regions: 1116->0(1106)
[3550.557s][info][gc,heap        ] GC(820) Survivor regions: 112->111(154)
[3550.557s][info][gc,heap        ] GC(820) Old regions: 504->537
[3550.557s][info][gc,heap        ] GC(820) Humongous regions: 80->80
[3550.557s][info][gc,metaspace   ] GC(820) Metaspace: 28958K(29376K)->28958K(29376K) NonClass: 24088K(24256K)->24088K(24256K) Class: 4869K(5120K)->4869K(5120K)
[3550.557s][info][gc             ] GC(820) Pause Young (Prepare Mixed) (G1 Evacuation Pause) 3622M->1453M(4096M) 120.942ms
[3550.557s][info][gc,cpu         ] GC(820) User=0.72s Sys=0.00s Real=0.12s
...[3553.413s][info][gc,start       ] GC(821) Pause Young (Mixed) (G1 Evacuation Pause)
[3553.413s][info][gc,task        ] GC(821) Using 6 workers of 6 for evacuation
[3553.548s][info][gc,phases      ] GC(821)   Pre Evacuate Collection Set: 0.36ms
[3553.548s][info][gc,phases      ] GC(821)   Merge Heap Roots: 0.69ms
[3553.548s][info][gc,phases      ] GC(821)   Evacuate Collection Set: 132.36ms
[3553.548s][info][gc,phases      ] GC(821)   Post Evacuate Collection Set: 0.96ms
[3553.548s][info][gc,phases      ] GC(821)   Other: 0.09ms
[3553.548s][info][gc,heap        ] GC(821) Eden regions: 1106->0(1120)
[3553.548s][info][gc,heap        ] GC(821) Survivor regions: 111->108(153)
[3553.548s][info][gc,heap        ] GC(821) Old regions: 537->473
[3553.548s][info][gc,heap        ] GC(821) Humongous regions: 80->80
[3553.548s][info][gc,metaspace   ] GC(821) Metaspace: 28958K(29376K)->28958K(29376K) NonClass: 24088K(24256K)->24088K(24256K) Class: 4869K(5120K)->4869K(5120K)
[3553.548s][info][gc             ] GC(821) Pause Young (Mixed) (G1 Evacuation Pause) 3665M->1320M(4096M) 134.606ms
[3553.548s][info][gc,cpu         ] GC(821) User=0.80s Sys=0.00s Real=0.13s
...[3556.447s][info][gc,start       ] GC(822) Pause Young (Concurrent Start) (G1 Evacuation Pause)
[3556.447s][info][gc,task        ] GC(822) Using 6 workers of 6 for evacuation
[3556.563s][info][gc,phases      ] GC(822)   Pre Evacuate Collection Set: 0.33ms
[3556.563s][info][gc,phases      ] GC(822)   Merge Heap Roots: 0.46ms
[3556.563s][info][gc,phases      ] GC(822)   Evacuate Collection Set: 114.01ms
[3556.563s][info][gc,phases      ] GC(822)   Post Evacuate Collection Set: 0.87ms
[3556.563s][info][gc,phases      ] GC(822)   Other: 0.10ms
[3556.563s][info][gc,heap        ] GC(822) Eden regions: 1120->0(1119)
[3556.563s][info][gc,heap        ] GC(822) Survivor regions: 108->109(154)
[3556.563s][info][gc,heap        ] GC(822) Old regions: 473->505
[3556.563s][info][gc,heap        ] GC(822) Humongous regions: 80->80
[3556.563s][info][gc,metaspace   ] GC(822) Metaspace: 28958K(29376K)->28958K(29376K) NonClass: 24088K(24256K)->24088K(24256K) Class: 4869K(5120K)->4869K(5120K)
[3556.563s][info][gc             ] GC(822) Pause Young (Concurrent Start) (G1 Evacuation Pause) 3560M->1385M(4096M) 115.905ms
[3556.563s][info][gc             ] GC(823) Concurrent Mark Cycle
[3556.563s][info][gc,marking     ] GC(823) Concurrent Scan Root Regions
[3556.563s][info][gc,cpu         ] GC(822) User=0.69s Sys=0.00s Real=0.12s
.[3556.744s][info][gc,marking     ] GC(823) Concurrent Scan Root Regions 181.236ms
[3556.744s][info][gc,marking     ] GC(823) Concurrent Mark
[3556.744s][info][gc,marking     ] GC(823) Concurrent Mark From Roots
[3556.744s][info][gc,task        ] GC(823) Using 2 workers of 2 for marking
[3557.438s][info][gc,marking     ] GC(823) Concurrent Mark From Roots 693.541ms
[3557.438s][info][gc,marking     ] GC(823) Concurrent Preclean
[3557.438s][info][gc,marking     ] GC(823) Concurrent Preclean 0.082ms
[3557.438s][info][gc,start       ] GC(823) Pause Remark
[3557.442s][info][gc             ] GC(823) Pause Remark 2087M->2087M(4096M) 4.324ms
[3557.442s][info][gc,cpu         ] GC(823) User=0.02s Sys=0.00s Real=0.00s
[3557.442s][info][gc,marking     ] GC(823) Concurrent Mark 698.185ms
[3557.442s][info][gc,marking     ] GC(823) Concurrent Rebuild Remembered Sets and Scrub Regions
[3557.744s][info][gc,marking     ] GC(823) Concurrent Rebuild Remembered Sets and Scrub Regions 301.915ms
[3557.744s][info][gc,start       ] GC(823) Pause Cleanup
[3557.744s][info][gc             ] GC(823) Pause Cleanup 2318M->2318M(4096M) 0.109ms
[3557.744s][info][gc,cpu         ] GC(823) User=0.00s Sys=0.00s Real=0.00s
[3557.745s][info][gc,marking     ] GC(823) Concurrent Clear Claimed Marks
[3557.745s][info][gc,marking     ] GC(823) Concurrent Clear Claimed Marks 0.032ms
[3557.745s][info][gc,marking     ] GC(823) Concurrent Cleanup for Next Mark
[3557.786s][info][gc,marking     ] GC(823) Concurrent Cleanup for Next Mark 41.083ms
[3557.786s][info][gc             ] GC(823) Concurrent Mark Cycle 1222.942ms
..[3559.533s][info][gc,start       ] GC(824) Pause Young (Prepare Mixed) (G1 Evacuation Pause)
[3559.533s][info][gc,task        ] GC(824) Using 6 workers of 6 for evacuation
[3559.651s][info][gc,phases      ] GC(824)   Pre Evacuate Collection Set: 0.35ms
[3559.651s][info][gc,phases      ] GC(824)   Merge Heap Roots: 0.55ms
[3559.651s][info][gc,phases      ] GC(824)   Evacuate Collection Set: 115.81ms
[3559.651s][info][gc,phases      ] GC(824)   Post Evacuate Collection Set: 0.93ms
[3559.651s][info][gc,phases      ] GC(824)   Other: 0.08ms
[3559.651s][info][gc,heap        ] GC(824) Eden regions: 1119->0(1110)
[3559.651s][info][gc,heap        ] GC(824) Survivor regions: 109->110(154)
[3559.651s][info][gc,heap        ] GC(824) Old regions: 505->535
[3559.651s][info][gc,heap        ] GC(824) Humongous regions: 80->80
[3559.651s][info][gc,metaspace   ] GC(824) Metaspace: 28958K(29376K)->28958K(29376K) NonClass: 24088K(24256K)->24088K(24256K) Class: 4869K(5120K)->4869K(5120K)
[3559.651s][info][gc             ] GC(824) Pause Young (Prepare Mixed) (G1 Evacuation Pause) 3623M->1448M(4096M) 117.870ms
[3559.651s][info][gc,cpu         ] GC(824) User=0.70s Sys=0.00s Real=0.11s
...[3562.497s][info][gc,start       ] GC(825) Pause Young (Mixed) (G1 Evacuation Pause)
[3562.497s][info][gc,task        ] GC(825) Using 6 workers of 6 for evacuation
[3562.634s][info][gc,phases      ] GC(825)   Pre Evacuate Collection Set: 0.37ms
[3562.634s][info][gc,phases      ] GC(825)   Merge Heap Roots: 0.84ms
[3562.634s][info][gc,phases      ] GC(825)   Evacuate Collection Set: 134.83ms
[3562.634s][info][gc,phases      ] GC(825)   Post Evacuate Collection Set: 0.97ms
[3562.634s][info][gc,phases      ] GC(825)   Other: 0.09ms
[3562.634s][info][gc,heap        ] GC(825) Eden regions: 1110->0(1117)
[3562.634s][info][gc,heap        ] GC(825) Survivor regions: 110->111(153)
[3562.634s][info][gc,heap        ] GC(825) Old regions: 535->473
[3562.634s][info][gc,heap        ] GC(825) Humongous regions: 80->80
[3562.634s][info][gc,metaspace   ] GC(825) Metaspace: 28958K(29376K)->28958K(29376K) NonClass: 24088K(24256K)->24088K(24256K) Class: 4869K(5120K)->4869K(5120K)
[3562.634s][info][gc             ] GC(825) Pause Young (Mixed) (G1 Evacuation Pause) 3668M->1326M(4096M) 137.249ms
[3562.634s][info][gc,cpu         ] GC(825) User=0.81s Sys=0.00s Real=0.14s
...[3565.529s][info][gc,start       ] GC(826) Pause Young (Concurrent Start) (G1 Evacuation Pause)
[3565.529s][info][gc,task        ] GC(826) Using 6 workers of 6 for evacuation
[3565.648s][info][gc,phases      ] GC(826)   Pre Evacuate Collection Set: 0.36ms
[3565.648s][info][gc,phases      ] GC(826)   Merge Heap Roots: 0.45ms
[3565.648s][info][gc,phases      ] GC(826)   Evacuate Collection Set: 116.57ms
[3565.648s][info][gc,phases      ] GC(826)   Post Evacuate Collection Set: 0.89ms
[3565.648s][info][gc,phases      ] GC(826)   Other: 0.10ms
[3565.648s][info][gc,heap        ] GC(826) Eden regions: 1117->0(1120)
[3565.648s][info][gc,heap        ] GC(826) Survivor regions: 111->108(154)
[3565.648s][info][gc,heap        ] GC(826) Old regions: 473->505
[3565.648s][info][gc,heap        ] GC(826) Humongous regions: 80->80
[3565.648s][info][gc,metaspace   ] GC(826) Metaspace: 28958K(29376K)->28958K(29376K) NonClass: 24088K(24256K)->24088K(24256K) Class: 4869K(5120K)->4869K(5120K)
[3565.648s][info][gc             ] GC(826) Pause Young (Concurrent Start) (G1 Evacuation Pause) 3560M->1385M(4096M) 118.520ms
[3565.648s][info][gc             ] GC(827) Concurrent Mark Cycle
[3565.648s][info][gc,marking     ] GC(827) Concurrent Scan Root Regions
[3565.648s][info][gc,cpu         ] GC(826) User=0.71s Sys=0.00s Real=0.12s
[3565.827s][info][gc,marking     ] GC(827) Concurrent Scan Root Regions 179.142ms
[3565.827s][info][gc,marking     ] GC(827) Concurrent Mark
[3565.827s][info][gc,marking     ] GC(827) Concurrent Mark From Roots
[3565.827s][info][gc,task        ] GC(827) Using 2 workers of 2 for marking
.[3566.673s][info][gc,marking     ] GC(827) Concurrent Mark From Roots 846.193ms
[3566.673s][info][gc,marking     ] GC(827) Concurrent Preclean
[3566.673s][info][gc,marking     ] GC(827) Concurrent Preclean 0.075ms
[3566.673s][info][gc,start       ] GC(827) Pause Remark
[3566.679s][info][gc             ] GC(827) Pause Remark 2231M->2231M(4096M) 5.281ms
[3566.679s][info][gc,cpu         ] GC(827) User=0.03s Sys=0.00s Real=0.00s
[3566.679s][info][gc,marking     ] GC(827) Concurrent Mark 851.786ms
[3566.679s][info][gc,marking     ] GC(827) Concurrent Rebuild Remembered Sets and Scrub Regions
.[3566.947s][info][gc,marking     ] GC(827) Concurrent Rebuild Remembered Sets and Scrub Regions 268.439ms
[3566.948s][info][gc,start       ] GC(827) Pause Cleanup
[3566.948s][info][gc             ] GC(827) Pause Cleanup 2423M->2423M(4096M) 0.116ms
[3566.948s][info][gc,cpu         ] GC(827) User=0.00s Sys=0.00s Real=0.00s
[3566.948s][info][gc,marking     ] GC(827) Concurrent Clear Claimed Marks
[3566.948s][info][gc,marking     ] GC(827) Concurrent Clear Claimed Marks 0.024ms
[3566.948s][info][gc,marking     ] GC(827) Concurrent Cleanup for Next Mark
[3566.954s][info][gc,marking     ] GC(827) Concurrent Cleanup for Next Mark 6.127ms
[3566.954s][info][gc             ] GC(827) Concurrent Mark Cycle 1306.527ms
.[3568.575s][info][gc,start       ] GC(828) Pause Young (Prepare Mixed) (G1 Evacuation Pause)
[3568.575s][info][gc,task        ] GC(828) Using 6 workers of 6 for evacuation
[3568.697s][info][gc,phases      ] GC(828)   Pre Evacuate Collection Set: 0.30ms
[3568.697s][info][gc,phases      ] GC(828)   Merge Heap Roots: 0.52ms
[3568.697s][info][gc,phases      ] GC(828)   Evacuate Collection Set: 119.51ms
[3568.697s][info][gc,phases      ] GC(828)   Post Evacuate Collection Set: 0.91ms
[3568.697s][info][gc,phases      ] GC(828)   Other: 0.09ms
[3568.697s][info][gc,heap        ] GC(828) Eden regions: 1120->0(1100)
[3568.697s][info][gc,heap        ] GC(828) Survivor regions: 108->114(154)
[3568.697s][info][gc,heap        ] GC(828) Old regions: 505->537
[3568.697s][info][gc,heap        ] GC(828) Humongous regions: 80->80
[3568.697s][info][gc,metaspace   ] GC(828) Metaspace: 28958K(29376K)->28958K(29376K) NonClass: 24088K(24256K)->24088K(24256K) Class: 4869K(5120K)->4869K(5120K)
[3568.697s][info][gc             ] GC(828) Pause Young (Prepare Mixed) (G1 Evacuation Pause) 3625M->1460M(4096M) 121.460ms
[3568.697s][info][gc,cpu         ] GC(828) User=0.72s Sys=0.00s Real=0.12s
...[3571.603s][info][gc,start       ] GC(829) Pause Young (Mixed) (G1 Evacuation Pause)
[3571.603s][info][gc,task        ] GC(829) Using 6 workers of 6 for evacuation
[3571.740s][info][gc,phases      ] GC(829)   Pre Evacuate Collection Set: 0.35ms
[3571.740s][info][gc,phases      ] GC(829)   Merge Heap Roots: 0.82ms
[3571.740s][info][gc,phases      ] GC(829)   Evacuate Collection Set: 134.26ms
[3571.740s][info][gc,phases      ] GC(829)   Post Evacuate Collection Set: 0.93ms
[3571.740s][info][gc,phases      ] GC(829)   Other: 0.09ms
[3571.740s][info][gc,heap        ] GC(829) Eden regions: 1100->0(1118)
[3571.740s][info][gc,heap        ] GC(829) Survivor regions: 114->110(152)
[3571.740s][info][gc,heap        ] GC(829) Old regions: 537->473
[3571.740s][info][gc,heap        ] GC(829) Humongous regions: 80->80
[3571.740s][info][gc,metaspace   ] GC(829) Metaspace: 28958K(29376K)->28958K(29376K) NonClass: 24088K(24256K)->24088K(24256K) Class: 4869K(5120K)->4869K(5120K)
[3571.740s][info][gc             ] GC(829) Pause Young (Mixed) (G1 Evacuation Pause) 3660M->1323M(4096M) 136.586ms
[3571.740s][info][gc,cpu         ] GC(829) User=0.81s Sys=0.00s Real=0.13s
...[3574.653s][info][gc,start       ] GC(830) Pause Young (Concurrent Start) (G1 Evacuation Pause)
[3574.653s][info][gc,task        ] GC(830) Using 6 workers of 6 for evacuation
[3574.775s][info][gc,phases      ] GC(830)   Pre Evacuate Collection Set: 0.36ms
[3574.775s][info][gc,phases      ] GC(830)   Merge Heap Roots: 0.50ms
[3574.775s][info][gc,phases      ] GC(830)   Evacuate Collection Set: 119.92ms
[3574.775s][info][gc,phases      ] GC(830)   Post Evacuate Collection Set: 0.88ms
[3574.775s][info][gc,phases      ] GC(830)   Other: 0.12ms
[3574.775s][info][gc,heap        ] GC(830) Eden regions: 1118->0(1115)
[3574.775s][info][gc,heap        ] GC(830) Survivor regions: 110->113(154)
[3574.775s][info][gc,heap        ] GC(830) Old regions: 473->504
[3574.775s][info][gc,heap        ] GC(830) Humongous regions: 80->80
[3574.775s][info][gc,metaspace   ] GC(830) Metaspace: 28958K(29376K)->28958K(29376K) NonClass: 24088K(24256K)->24088K(24256K) Class: 4869K(5120K)->4869K(5120K)
[3574.775s][info][gc             ] GC(830) Pause Young (Concurrent Start) (G1 Evacuation Pause) 3559M->1392M(4096M) 121.905ms
[3574.775s][info][gc             ] GC(831) Concurrent Mark Cycle
[3574.775s][info][gc,marking     ] GC(831) Concurrent Scan Root Regions
[3574.775s][info][gc,cpu         ] GC(830) User=0.72s Sys=0.00s Real=0.12s
.[3574.919s][info][gc,marking     ] GC(831) Concurrent Scan Root Regions 144.078ms
[3574.919s][info][gc,marking     ] GC(831) Concurrent Mark
[3574.919s][info][gc,marking     ] GC(831) Concurrent Mark From Roots
[3574.919s][info][gc,task        ] GC(831) Using 2 workers of 2 for marking
 (rIR:aIR:PR = 6227:6219:6218) (tPR = 92059) [OK] 
  3574s: Performance info:
         Transaction,    Success,    Partial,     Failed,   Receipts, AvgBarcode, 
             Overall,     377029,          0,          0,     358170,      59.47, 
         Response times:
             Request,    Success,    Partial,     Failed,   SkipFail,     Probes,    Samples,      min,      p50,      p90,      p95,      p99,      max, 
       TotalPurchase,     358347,          0,          0,          0,     350557,     387308,      300,     5100,    17600,    40000,    83000,   243000,
     InStorePurchase,     188557,          0,          0,          0,     184883,     204031,      300,     5300,    17900,    40000,    84000,   194000,
      OnlinePurchase,     132080,          0,          0,          0,     129110,     142636,      300,     5000,    17700,    39000,    82000,   243000,
        InstPurchase,      37710,          0,          0,          0,      36564,      40641,      400,     4500,    16500,    37000,    79000,   177000,
          AssocOfCat,        377,          0,          0,          0,        303,        409,    22000,    37000,    64000,    83500,   166000,   183000,
      AssocOfProduct,       3775,          0,          0,          0,       3490,       4100,      600,     6400,    23000,    42000,    89990,   183000,
      BusinessReport,        938,          0,          0,          0,        807,       1006,    25000,    42000,    78000,   105000,   172720,   249000,
          CustBuyBeh,       3777,          0,          0,          0,       3526,       4159,      200,     4500,    18100,    39000,    89400,   182000,
       ProductReturn,       9997,          0,          0,          0,       9539,      10826,      300,     4500,    16400,    37000,    78000,   164000,

  3574s: (46%)   IR =   6365 [3575.671s][info][gc,marking     ] GC(831) Concurrent Mark From Roots 751.656ms
[3575.671s][info][gc,marking     ] GC(831) Concurrent Preclean
[3575.671s][info][gc,marking     ] GC(831) Concurrent Preclean 0.086ms
[3575.671s][info][gc,start       ] GC(831) Pause Remark
[3575.675s][info][gc             ] GC(831) Pause Remark 2101M->2101M(4096M) 4.533ms
[3575.676s][info][gc,cpu         ] GC(831) User=0.02s Sys=0.00s Real=0.01s
[3575.676s][info][gc,marking     ] GC(831) Concurrent Mark 756.763ms
[3575.676s][info][gc,marking     ] GC(831) Concurrent Rebuild Remembered Sets and Scrub Regions
[3575.965s][info][gc,marking     ] GC(831) Concurrent Rebuild Remembered Sets and Scrub Regions 288.759ms
[3575.965s][info][gc,start       ] GC(831) Pause Cleanup
[3575.965s][info][gc             ] GC(831) Pause Cleanup 2352M->2352M(4096M) 0.110ms
[3575.965s][info][gc,cpu         ] GC(831) User=0.00s Sys=0.00s Real=0.00s
[3575.966s][info][gc,marking     ] GC(831) Concurrent Clear Claimed Marks
[3575.966s][info][gc,marking     ] GC(831) Concurrent Clear Claimed Marks 0.041ms
[3575.966s][info][gc,marking     ] GC(831) Concurrent Cleanup for Next Mark
[3575.972s][info][gc,marking     ] GC(831) Concurrent Cleanup for Next Mark 5.236ms
[3575.972s][info][gc             ] GC(831) Concurrent Mark Cycle 1196.728ms
..[3577.692s][info][gc,start       ] GC(832) Pause Young (Prepare Mixed) (G1 Evacuation Pause)
[3577.692s][info][gc,task        ] GC(832) Using 6 workers of 6 for evacuation
[3577.814s][info][gc,phases      ] GC(832)   Pre Evacuate Collection Set: 0.32ms
[3577.814s][info][gc,phases      ] GC(832)   Merge Heap Roots: 0.52ms
[3577.814s][info][gc,phases      ] GC(832)   Evacuate Collection Set: 120.73ms
[3577.814s][info][gc,phases      ] GC(832)   Post Evacuate Collection Set: 0.93ms
[3577.814s][info][gc,phases      ] GC(832)   Other: 0.09ms
[3577.814s][info][gc,heap        ] GC(832) Eden regions: 1115->0(1101)
[3577.814s][info][gc,heap        ] GC(832) Survivor regions: 113->114(154)
[3577.814s][info][gc,heap        ] GC(832) Old regions: 504->536
[3577.814s][info][gc,heap        ] GC(832) Humongous regions: 80->80
[3577.814s][info][gc,metaspace   ] GC(832) Metaspace: 28959K(29376K)->28959K(29376K) NonClass: 24090K(24256K)->24090K(24256K) Class: 4869K(5120K)->4869K(5120K)
[3577.814s][info][gc             ] GC(832) Pause Young (Prepare Mixed) (G1 Evacuation Pause) 3622M->1458M(4096M) 122.725ms
[3577.814s][info][gc,cpu         ] GC(832) User=0.73s Sys=0.00s Real=0.13s
...[3580.584s][info][gc,start       ] GC(833) Pause Young (Mixed) (G1 Evacuation Pause)
[3580.584s][info][gc,task        ] GC(833) Using 6 workers of 6 for evacuation
[3580.718s][info][gc,phases      ] GC(833)   Pre Evacuate Collection Set: 0.35ms
[3580.718s][info][gc,phases      ] GC(833)   Merge Heap Roots: 0.69ms
[3580.718s][info][gc,phases      ] GC(833)   Evacuate Collection Set: 132.12ms
[3580.718s][info][gc,phases      ] GC(833)   Post Evacuate Collection Set: 0.94ms
[3580.718s][info][gc,phases      ] GC(833)   Other: 0.08ms
[3580.718s][info][gc,heap        ] GC(833) Eden regions: 1101->0(1120)
[3580.718s][info][gc,heap        ] GC(833) Survivor regions: 114->108(152)
[3580.718s][info][gc,heap        ] GC(833) Old regions: 536->473
[3580.718s][info][gc,heap        ] GC(833) Humongous regions: 80->80
[3580.718s][info][gc,metaspace   ] GC(833) Metaspace: 28959K(29376K)->28959K(29376K) NonClass: 24090K(24256K)->24090K(24256K) Class: 4869K(5120K)->4869K(5120K)
[3580.718s][info][gc             ] GC(833) Pause Young (Mixed) (G1 Evacuation Pause) 3660M->1319M(4096M) 134.301ms
[3580.718s][info][gc,cpu         ] GC(833) User=0.80s Sys=0.00s Real=0.13s
.|..[3583.557s][info][gc,start       ] GC(834) Pause Young (Concurrent Start) (G1 Evacuation Pause)
[3583.557s][info][gc,task        ] GC(834) Using 6 workers of 6 for evacuation
[3583.674s][info][gc,phases      ] GC(834)   Pre Evacuate Collection Set: 0.40ms
[3583.674s][info][gc,phases      ] GC(834)   Merge Heap Roots: 0.46ms
[3583.674s][info][gc,phases      ] GC(834)   Evacuate Collection Set: 115.23ms
[3583.674s][info][gc,phases      ] GC(834)   Post Evacuate Collection Set: 0.89ms
[3583.674s][info][gc,phases      ] GC(834)   Other: 0.09ms
[3583.674s][info][gc,heap        ] GC(834) Eden regions: 1120->0(1119)
[3583.674s][info][gc,heap        ] GC(834) Survivor regions: 108->109(154)
[3583.674s][info][gc,heap        ] GC(834) Old regions: 473->505
[3583.674s][info][gc,heap        ] GC(834) Humongous regions: 80->80
[3583.674s][info][gc,metaspace   ] GC(834) Metaspace: 28959K(29376K)->28959K(29376K) NonClass: 24090K(24256K)->24090K(24256K) Class: 4869K(5120K)->4869K(5120K)
[3583.674s][info][gc             ] GC(834) Pause Young (Concurrent Start) (G1 Evacuation Pause) 3559M->1386M(4096M) 117.226ms
[3583.674s][info][gc             ] GC(835) Concurrent Mark Cycle
[3583.674s][info][gc,marking     ] GC(835) Concurrent Scan Root Regions
[3583.674s][info][gc,cpu         ] GC(834) User=0.70s Sys=0.00s Real=0.12s
[3583.854s][info][gc,marking     ] GC(835) Concurrent Scan Root Regions 179.684ms
[3583.854s][info][gc,marking     ] GC(835) Concurrent Mark
[3583.854s][info][gc,marking     ] GC(835) Concurrent Mark From Roots
[3583.854s][info][gc,task        ] GC(835) Using 2 workers of 2 for marking
.[3584.530s][info][gc,marking     ] GC(835) Concurrent Mark From Roots 675.660ms
[3584.530s][info][gc,marking     ] GC(835) Concurrent Preclean
[3584.530s][info][gc,marking     ] GC(835) Concurrent Preclean 0.098ms
[3584.530s][info][gc,start       ] GC(835) Pause Remark
[3584.535s][info][gc             ] GC(835) Pause Remark 2082M->2082M(4096M) 5.076ms
[3584.535s][info][gc,cpu         ] GC(835) User=0.03s Sys=0.00s Real=0.01s
[3584.535s][info][gc,marking     ] GC(835) Concurrent Mark 681.214ms
[3584.535s][info][gc,marking     ] GC(835) Concurrent Rebuild Remembered Sets and Scrub Regions
[3584.802s][info][gc,marking     ] GC(835) Concurrent Rebuild Remembered Sets and Scrub Regions 266.937ms
[3584.802s][info][gc,start       ] GC(835) Pause Cleanup
[3584.802s][info][gc             ] GC(835) Pause Cleanup 2308M->2308M(4096M) 0.113ms
[3584.802s][info][gc,cpu         ] GC(835) User=0.00s Sys=0.00s Real=0.01s
[3584.803s][info][gc,marking     ] GC(835) Concurrent Clear Claimed Marks
[3584.803s][info][gc,marking     ] GC(835) Concurrent Clear Claimed Marks 0.023ms
[3584.803s][info][gc,marking     ] GC(835) Concurrent Cleanup for Next Mark
[3584.807s][info][gc,marking     ] GC(835) Concurrent Cleanup for Next Mark 4.502ms
[3584.807s][info][gc             ] GC(835) Concurrent Mark Cycle 1132.847ms
..[3586.558s][info][gc,start       ] GC(836) Pause Young (Prepare Mixed) (G1 Evacuation Pause)
[3586.558s][info][gc,task        ] GC(836) Using 6 workers of 6 for evacuation
[3586.685s][info][gc,phases      ] GC(836)   Pre Evacuate Collection Set: 0.34ms
[3586.685s][info][gc,phases      ] GC(836)   Merge Heap Roots: 0.57ms
[3586.685s][info][gc,phases      ] GC(836)   Evacuate Collection Set: 124.62ms
[3586.685s][info][gc,phases      ] GC(836)   Post Evacuate Collection Set: 0.97ms
[3586.685s][info][gc,phases      ] GC(836)   Other: 0.09ms
[3586.685s][info][gc,heap        ] GC(836) Eden regions: 1119->0(1101)
[3586.685s][info][gc,heap        ] GC(836) Survivor regions: 109->114(154)
[3586.685s][info][gc,heap        ] GC(836) Old regions: 505->536
[3586.685s][info][gc,heap        ] GC(836) Humongous regions: 80->80
[3586.685s][info][gc,metaspace   ] GC(836) Metaspace: 28959K(29376K)->28959K(29376K) NonClass: 24090K(24256K)->24090K(24256K) Class: 4869K(5120K)->4869K(5120K)
[3586.685s][info][gc             ] GC(836) Pause Young (Prepare Mixed) (G1 Evacuation Pause) 3624M->1458M(4096M) 126.723ms
[3586.685s][info][gc,cpu         ] GC(836) User=0.75s Sys=0.00s Real=0.13s
...[3589.491s][info][gc,start       ] GC(837) Pause Young (Mixed) (G1 Evacuation Pause)
[3589.492s][info][gc,task        ] GC(837) Using 6 workers of 6 for evacuation
[3589.630s][info][gc,phases      ] GC(837)   Pre Evacuate Collection Set: 0.35ms
[3589.630s][info][gc,phases      ] GC(837)   Merge Heap Roots: 0.81ms
[3589.630s][info][gc,phases      ] GC(837)   Evacuate Collection Set: 136.22ms
[3589.630s][info][gc,phases      ] GC(837)   Post Evacuate Collection Set: 0.95ms
[3589.630s][info][gc,phases      ] GC(837)   Other: 0.09ms
[3589.630s][info][gc,heap        ] GC(837) Eden regions: 1101->0(1119)
[3589.630s][info][gc,heap        ] GC(837) Survivor regions: 114->109(152)
[3589.630s][info][gc,heap        ] GC(837) Old regions: 536->473
[3589.630s][info][gc,heap        ] GC(837) Humongous regions: 80->80
[3589.630s][info][gc,metaspace   ] GC(837) Metaspace: 28959K(29376K)->28959K(29376K) NonClass: 24090K(24256K)->24090K(24256K) Class: 4869K(5120K)->4869K(5120K)
[3589.630s][info][gc             ] GC(837) Pause Young (Mixed) (G1 Evacuation Pause) 3660M->1322M(4096M) 138.544ms
[3589.630s][info][gc,cpu         ] GC(837) User=0.82s Sys=0.00s Real=0.14s
...[3592.452s][info][gc,start       ] GC(838) Pause Young (Concurrent Start) (G1 Evacuation Pause)
[3592.452s][info][gc,task        ] GC(838) Using 6 workers of 6 for evacuation
[3592.571s][info][gc,phases      ] GC(838)   Pre Evacuate Collection Set: 0.37ms
[3592.571s][info][gc,phases      ] GC(838)   Merge Heap Roots: 0.47ms
[3592.571s][info][gc,phases      ] GC(838)   Evacuate Collection Set: 117.52ms
[3592.571s][info][gc,phases      ] GC(838)   Post Evacuate Collection Set: 0.91ms
[3592.571s][info][gc,phases      ] GC(838)   Other: 0.12ms
[3592.571s][info][gc,heap        ] GC(838) Eden regions: 1119->0(1118)
[3592.572s][info][gc,heap        ] GC(838) Survivor regions: 109->110(154)
[3592.572s][info][gc,heap        ] GC(838) Old regions: 473->507
[3592.572s][info][gc,heap        ] GC(838) Humongous regions: 80->80
[3592.572s][info][gc,metaspace   ] GC(838) Metaspace: 28959K(29376K)->28959K(29376K) NonClass: 24090K(24256K)->24090K(24256K) Class: 4869K(5120K)->4869K(5120K)
[3592.572s][info][gc             ] GC(838) Pause Young (Concurrent Start) (G1 Evacuation Pause) 3560M->1392M(4096M) 119.549ms
[3592.572s][info][gc             ] GC(839) Concurrent Mark Cycle
[3592.572s][info][gc,marking     ] GC(839) Concurrent Scan Root Regions
[3592.572s][info][gc,cpu         ] GC(838) User=0.71s Sys=0.00s Real=0.12s
[3592.807s][info][gc,marking     ] GC(839) Concurrent Scan Root Regions 235.786ms
[3592.807s][info][gc,marking     ] GC(839) Concurrent Mark
[3592.807s][info][gc,marking     ] GC(839) Concurrent Mark From Roots
[3592.807s][info][gc,task        ] GC(839) Using 2 workers of 2 for marking
.[3593.703s][info][gc,marking     ] GC(839) Concurrent Mark From Roots 895.799ms
[3593.703s][info][gc,marking     ] GC(839) Concurrent Preclean
[3593.703s][info][gc,marking     ] GC(839) Concurrent Preclean 0.124ms
[3593.704s][info][gc,start       ] GC(839) Pause Remark
[3593.709s][info][gc             ] GC(839) Pause Remark 2352M->2352M(4096M) 5.619ms
[3593.709s][info][gc,cpu         ] GC(839) User=0.03s Sys=0.00s Real=0.00s
[3593.709s][info][gc,marking     ] GC(839) Concurrent Mark 901.823ms
[3593.709s][info][gc,marking     ] GC(839) Concurrent Rebuild Remembered Sets and Scrub Regions
[3594.053s][info][gc,marking     ] GC(839) Concurrent Rebuild Remembered Sets and Scrub Regions 343.671ms
[3594.053s][info][gc,start       ] GC(839) Pause Cleanup
[3594.053s][info][gc             ] GC(839) Pause Cleanup 2614M->2614M(4096M) 0.117ms
[3594.053s][info][gc,cpu         ] GC(839) User=0.00s Sys=0.00s Real=0.00s
[3594.053s][info][gc,marking     ] GC(839) Concurrent Clear Claimed Marks
[3594.053s][info][gc,marking     ] GC(839) Concurrent Clear Claimed Marks 0.022ms
[3594.053s][info][gc,marking     ] GC(839) Concurrent Cleanup for Next Mark
[3594.057s][info][gc,marking     ] GC(839) Concurrent Cleanup for Next Mark 3.656ms
[3594.057s][info][gc             ] GC(839) Concurrent Mark Cycle 1485.395ms
..[3595.440s][info][gc,start       ] GC(840) Pause Young (Prepare Mixed) (G1 Evacuation Pause)
[3595.440s][info][gc,task        ] GC(840) Using 6 workers of 6 for evacuation
[3595.563s][info][gc,phases      ] GC(840)   Pre Evacuate Collection Set: 0.30ms
[3595.563s][info][gc,phases      ] GC(840)   Merge Heap Roots: 0.52ms
[3595.563s][info][gc,phases      ] GC(840)   Evacuate Collection Set: 121.11ms
[3595.563s][info][gc,phases      ] GC(840)   Post Evacuate Collection Set: 0.92ms
[3595.563s][info][gc,phases      ] GC(840)   Other: 0.08ms
[3595.563s][info][gc,heap        ] GC(840) Eden regions: 1118->0(1103)
[3595.563s][info][gc,heap        ] GC(840) Survivor regions: 110->112(154)
[3595.563s][info][gc,heap        ] GC(840) Old regions: 507->538
[3595.563s][info][gc,heap        ] GC(840) Humongous regions: 80->80
[3595.563s][info][gc,metaspace   ] GC(840) Metaspace: 28959K(29376K)->28959K(29376K) NonClass: 24090K(24256K)->24090K(24256K) Class: 4869K(5120K)->4869K(5120K)
[3595.563s][info][gc             ] GC(840) Pause Young (Prepare Mixed) (G1 Evacuation Pause) 3628M->1459M(4096M) 123.078ms
[3595.563s][info][gc,cpu         ] GC(840) User=0.73s Sys=0.00s Real=0.13s
...[3598.360s][info][gc,start       ] GC(841) Pause Young (Mixed) (G1 Evacuation Pause)
[3598.360s][info][gc,task        ] GC(841) Using 6 workers of 6 for evacuation
[3598.492s][info][gc,phases      ] GC(841)   Pre Evacuate Collection Set: 0.40ms
[3598.492s][info][gc,phases      ] GC(841)   Merge Heap Roots: 0.75ms
[3598.492s][info][gc,phases      ] GC(841)   Evacuate Collection Set: 129.80ms
[3598.492s][info][gc,phases      ] GC(841)   Post Evacuate Collection Set: 0.94ms
[3598.492s][info][gc,phases      ] GC(841)   Other: 0.09ms
[3598.492s][info][gc,heap        ] GC(841) Eden regions: 1103->0(1120)
[3598.492s][info][gc,heap        ] GC(841) Survivor regions: 112->108(152)
[3598.492s][info][gc,heap        ] GC(841) Old regions: 538->476
[3598.492s][info][gc,heap        ] GC(841) Humongous regions: 80->80
[3598.492s][info][gc,metaspace   ] GC(841) Metaspace: 28959K(29376K)->28959K(29376K) NonClass: 24090K(24256K)->24090K(24256K) Class: 4869K(5120K)->4869K(5120K)
[3598.492s][info][gc             ] GC(841) Pause Young (Mixed) (G1 Evacuation Pause) 3665M->1326M(4096M) 132.128ms
[3598.492s][info][gc,cpu         ] GC(841) User=0.78s Sys=0.00s Real=0.13s
...[3601.342s][info][gc,start       ] GC(842) Pause Young (Concurrent Start) (G1 Evacuation Pause)
[3601.342s][info][gc,task        ] GC(842) Using 6 workers of 6 for evacuation
[3601.458s][info][gc,phases      ] GC(842)   Pre Evacuate Collection Set: 0.38ms
[3601.458s][info][gc,phases      ] GC(842)   Merge Heap Roots: 0.47ms
[3601.459s][info][gc,phases      ] GC(842)   Evacuate Collection Set: 114.52ms
[3601.459s][info][gc,phases      ] GC(842)   Post Evacuate Collection Set: 0.85ms
[3601.459s][info][gc,phases      ] GC(842)   Other: 0.12ms
[3601.459s][info][gc,heap        ] GC(842) Eden regions: 1120->0(1119)
[3601.459s][info][gc,heap        ] GC(842) Survivor regions: 108->109(154)
[3601.459s][info][gc,heap        ] GC(842) Old regions: 476->508
[3601.459s][info][gc,heap        ] GC(842) Humongous regions: 80->80
[3601.459s][info][gc,metaspace   ] GC(842) Metaspace: 28959K(29376K)->28959K(29376K) NonClass: 24090K(24256K)->24090K(24256K) Class: 4869K(5120K)->4869K(5120K)
[3601.459s][info][gc             ] GC(842) Pause Young (Concurrent Start) (G1 Evacuation Pause) 3566M->1391M(4096M) 116.466ms
[3601.459s][info][gc             ] GC(843) Concurrent Mark Cycle
[3601.459s][info][gc,marking     ] GC(843) Concurrent Scan Root Regions
[3601.459s][info][gc,cpu         ] GC(842) User=0.69s Sys=0.00s Real=0.12s
[3601.642s][info][gc,marking     ] GC(843) Concurrent Scan Root Regions 183.244ms
[3601.642s][info][gc,marking     ] GC(843) Concurrent Mark
[3601.642s][info][gc,marking     ] GC(843) Concurrent Mark From Roots
[3601.642s][info][gc,task        ] GC(843) Using 2 workers of 2 for marking
.[3602.491s][info][gc,marking     ] GC(843) Concurrent Mark From Roots 848.721ms
[3602.491s][info][gc,marking     ] GC(843) Concurrent Preclean
[3602.491s][info][gc,marking     ] GC(843) Concurrent Preclean 0.088ms
[3602.491s][info][gc,start       ] GC(843) Pause Remark
[3602.497s][info][gc             ] GC(843) Pause Remark 2245M->2245M(4096M) 6.219ms
[3602.497s][info][gc,cpu         ] GC(843) User=0.03s Sys=0.00s Real=0.01s
[3602.497s][info][gc,marking     ] GC(843) Concurrent Mark 855.266ms
[3602.497s][info][gc,marking     ] GC(843) Concurrent Rebuild Remembered Sets and Scrub Regions
[3602.794s][info][gc,marking     ] GC(843) Concurrent Rebuild Remembered Sets and Scrub Regions 296.573ms
[3602.794s][info][gc,start       ] GC(843) Pause Cleanup
[3602.794s][info][gc             ] GC(843) Pause Cleanup 2464M->2464M(4096M) 0.118ms
[3602.794s][info][gc,cpu         ] GC(843) User=0.00s Sys=0.00s Real=0.00s
[3602.794s][info][gc,marking     ] GC(843) Concurrent Clear Claimed Marks
[3602.794s][info][gc,marking     ] GC(843) Concurrent Clear Claimed Marks 0.021ms
[3602.794s][info][gc,marking     ] GC(843) Concurrent Cleanup for Next Mark
[3602.798s][info][gc,marking     ] GC(843) Concurrent Cleanup for Next Mark 3.592ms
[3602.798s][info][gc             ] GC(843) Concurrent Mark Cycle 1339.158ms
..[3604.314s][info][gc,start       ] GC(844) Pause Young (Prepare Mixed) (G1 Evacuation Pause)
[3604.314s][info][gc,task        ] GC(844) Using 6 workers of 6 for evacuation
[3604.435s][info][gc,phases      ] GC(844)   Pre Evacuate Collection Set: 0.33ms
[3604.435s][info][gc,phases      ] GC(844)   Merge Heap Roots: 0.64ms
[3604.435s][info][gc,phases      ] GC(844)   Evacuate Collection Set: 118.54ms
[3604.435s][info][gc,phases      ] GC(844)   Post Evacuate Collection Set: 0.91ms
[3604.435s][info][gc,phases      ] GC(844)   Other: 0.09ms
[3604.435s][info][gc,heap        ] GC(844) Eden regions: 1119->0(1107)
[3604.435s][info][gc,heap        ] GC(844) Survivor regions: 109->110(154)
[3604.435s][info][gc,heap        ] GC(844) Old regions: 508->538
[3604.435s][info][gc,heap        ] GC(844) Humongous regions: 80->80
[3604.435s][info][gc,metaspace   ] GC(844) Metaspace: 28959K(29376K)->28959K(29376K) NonClass: 24090K(24256K)->24090K(24256K) Class: 4869K(5120K)->4869K(5120K)
[3604.435s][info][gc             ] GC(844) Pause Young (Prepare Mixed) (G1 Evacuation Pause) 3629M->1455M(4096M) 120.633ms
[3604.435s][info][gc,cpu         ] GC(844) User=0.72s Sys=0.00s Real=0.12s
...[3607.279s][info][gc,start       ] GC(845) Pause Young (Mixed) (G1 Evacuation Pause)
[3607.279s][info][gc,task        ] GC(845) Using 6 workers of 6 for evacuation
[3607.413s][info][gc,phases      ] GC(845)   Pre Evacuate Collection Set: 0.38ms
[3607.413s][info][gc,phases      ] GC(845)   Merge Heap Roots: 0.72ms
[3607.413s][info][gc,phases      ] GC(845)   Evacuate Collection Set: 131.92ms
[3607.413s][info][gc,phases      ] GC(845)   Post Evacuate Collection Set: 0.94ms
[3607.413s][info][gc,phases      ] GC(845)   Other: 0.08ms
[3607.413s][info][gc,heap        ] GC(845) Eden regions: 1107->0(1119)
[3607.413s][info][gc,heap        ] GC(845) Survivor regions: 110->109(153)
[3607.413s][info][gc,heap        ] GC(845) Old regions: 538->472
[3607.413s][info][gc,heap        ] GC(845) Humongous regions: 80->80
[3607.413s][info][gc,metaspace   ] GC(845) Metaspace: 28959K(29376K)->28959K(29376K) NonClass: 24090K(24256K)->24090K(24256K) Class: 4869K(5120K)->4869K(5120K)
[3607.413s][info][gc             ] GC(845) Pause Young (Mixed) (G1 Evacuation Pause) 3669M->1319M(4096M) 134.186ms
[3607.413s][info][gc,cpu         ] GC(845) User=0.80s Sys=0.00s Real=0.14s
...[3610.276s][info][gc,start       ] GC(846) Pause Young (Concurrent Start) (G1 Evacuation Pause)
[3610.276s][info][gc,task        ] GC(846) Using 6 workers of 6 for evacuation
[3610.395s][info][gc,phases      ] GC(846)   Pre Evacuate Collection Set: 0.36ms
[3610.395s][info][gc,phases      ] GC(846)   Merge Heap Roots: 0.51ms
[3610.395s][info][gc,phases      ] GC(846)   Evacuate Collection Set: 116.32ms
[3610.395s][info][gc,phases      ] GC(846)   Post Evacuate Collection Set: 0.89ms
[3610.395s][info][gc,phases      ] GC(846)   Other: 0.11ms
[3610.395s][info][gc,heap        ] GC(846) Eden regions: 1119->0(1118)
[3610.395s][info][gc,heap        ] GC(846) Survivor regions: 109->110(154)
[3610.395s][info][gc,heap        ] GC(846) Old regions: 472->504
[3610.395s][info][gc,heap        ] GC(846) Humongous regions: 80->80
[3610.395s][info][gc,metaspace   ] GC(846) Metaspace: 28959K(29376K)->28959K(29376K) NonClass: 24090K(24256K)->24090K(24256K) Class: 4869K(5120K)->4869K(5120K)
[3610.395s][info][gc             ] GC(846) Pause Young (Concurrent Start) (G1 Evacuation Pause) 3557M->1385M(4096M) 118.327ms
[3610.395s][info][gc             ] GC(847) Concurrent Mark Cycle
[3610.395s][info][gc,marking     ] GC(847) Concurrent Scan Root Regions
[3610.395s][info][gc,cpu         ] GC(846) User=0.70s Sys=0.00s Real=0.12s
[3610.575s][info][gc,marking     ] GC(847) Concurrent Scan Root Regions 180.572ms
[3610.575s][info][gc,marking     ] GC(847) Concurrent Mark
[3610.575s][info][gc,marking     ] GC(847) Concurrent Mark From Roots
[3610.575s][info][gc,task        ] GC(847) Using 2 workers of 2 for marking
.[3611.411s][info][gc,marking     ] GC(847) Concurrent Mark From Roots 835.643ms
[3611.411s][info][gc,marking     ] GC(847) Concurrent Preclean
[3611.411s][info][gc,marking     ] GC(847) Concurrent Preclean 0.091ms
[3611.412s][info][gc,start       ] GC(847) Pause Remark
[3611.417s][info][gc             ] GC(847) Pause Remark 2221M->2221M(4096M) 5.105ms
[3611.417s][info][gc,cpu         ] GC(847) User=0.02s Sys=0.00s Real=0.01s
[3611.417s][info][gc,marking     ] GC(847) Concurrent Mark 841.656ms
[3611.417s][info][gc,marking     ] GC(847) Concurrent Rebuild Remembered Sets and Scrub Regions
[3611.745s][info][gc,marking     ] GC(847) Concurrent Rebuild Remembered Sets and Scrub Regions 327.737ms
[3611.746s][info][gc,start       ] GC(847) Pause Cleanup
[3611.746s][info][gc             ] GC(847) Pause Cleanup 2503M->2503M(4096M) 0.123ms
[3611.746s][info][gc,cpu         ] GC(847) User=0.00s Sys=0.00s Real=0.00s
[3611.746s][info][gc,marking     ] GC(847) Concurrent Clear Claimed Marks
[3611.746s][info][gc,marking     ] GC(847) Concurrent Clear Claimed Marks 0.031ms
[3611.746s][info][gc,marking     ] GC(847) Concurrent Cleanup for Next Mark
[3611.751s][info][gc,marking     ] GC(847) Concurrent Cleanup for Next Mark 4.947ms
[3611.751s][info][gc             ] GC(847) Concurrent Mark Cycle 1356.240ms
..[3613.210s][info][gc,start       ] GC(848) Pause Young (Prepare Mixed) (G1 Evacuation Pause)
[3613.210s][info][gc,task        ] GC(848) Using 6 workers of 6 for evacuation
[3613.330s][info][gc,phases      ] GC(848)   Pre Evacuate Collection Set: 0.34ms
[3613.330s][info][gc,phases      ] GC(848)   Merge Heap Roots: 0.57ms
[3613.330s][info][gc,phases      ] GC(848)   Evacuate Collection Set: 117.82ms
[3613.330s][info][gc,phases      ] GC(848)   Post Evacuate Collection Set: 0.93ms
[3613.330s][info][gc,phases      ] GC(848)   Other: 0.09ms
[3613.330s][info][gc,heap        ] GC(848) Eden regions: 1118->0(1109)
[3613.330s][info][gc,heap        ] GC(848) Survivor regions: 110->110(154)
[3613.330s][info][gc,heap        ] GC(848) Old regions: 504->536
[3613.330s][info][gc,heap        ] GC(848) Humongous regions: 80->80
[3613.330s][info][gc,metaspace   ] GC(848) Metaspace: 28959K(29376K)->28959K(29376K) NonClass: 24090K(24256K)->24090K(24256K) Class: 4869K(5120K)->4869K(5120K)
[3613.330s][info][gc             ] GC(848) Pause Young (Prepare Mixed) (G1 Evacuation Pause) 3621M->1450M(4096M) 119.887ms
[3613.330s][info][gc,cpu         ] GC(848) User=0.71s Sys=0.00s Real=0.12s
..[3616.131s][info][gc,start       ] GC(849) Pause Young (Mixed) (G1 Evacuation Pause)
[3616.131s][info][gc,task        ] GC(849) Using 6 workers of 6 for evacuation
[3616.264s][info][gc,phases      ] GC(849)   Pre Evacuate Collection Set: 0.37ms
[3616.264s][info][gc,phases      ] GC(849)   Merge Heap Roots: 0.70ms
[3616.264s][info][gc,phases      ] GC(849)   Evacuate Collection Set: 130.17ms
[3616.264s][info][gc,phases      ] GC(849)   Post Evacuate Collection Set: 0.94ms
[3616.264s][info][gc,phases      ] GC(849)   Other: 0.09ms
[3616.264s][info][gc,heap        ] GC(849) Eden regions: 1109->0(1120)
[3616.264s][info][gc,heap        ] GC(849) Survivor regions: 110->108(153)
[3616.264s][info][gc,heap        ] GC(849) Old regions: 536->474
[3616.264s][info][gc,heap        ] GC(849) Humongous regions: 80->80
[3616.264s][info][gc,metaspace   ] GC(849) Metaspace: 28959K(29376K)->28959K(29376K) NonClass: 24090K(24256K)->24090K(24256K) Class: 4869K(5120K)->4869K(5120K)
[3616.264s][info][gc             ] GC(849) Pause Young (Mixed) (G1 Evacuation Pause) 3668M->1321M(4096M) 132.404ms
[3616.264s][info][gc,cpu         ] GC(849) User=0.79s Sys=0.00s Real=0.14s
...[3619.107s][info][gc,start       ] GC(850) Pause Young (Concurrent Start) (G1 Evacuation Pause)
[3619.107s][info][gc,task        ] GC(850) Using 6 workers of 6 for evacuation
[3619.224s][info][gc,phases      ] GC(850)   Pre Evacuate Collection Set: 0.38ms
[3619.224s][info][gc,phases      ] GC(850)   Merge Heap Roots: 0.50ms
[3619.224s][info][gc,phases      ] GC(850)   Evacuate Collection Set: 114.37ms
[3619.224s][info][gc,phases      ] GC(850)   Post Evacuate Collection Set: 0.84ms
[3619.224s][info][gc,phases      ] GC(850)   Other: 0.13ms
[3619.224s][info][gc,heap        ] GC(850) Eden regions: 1120->0(1119)
[3619.224s][info][gc,heap        ] GC(850) Survivor regions: 108->109(154)
[3619.224s][info][gc,heap        ] GC(850) Old regions: 474->504
[3619.224s][info][gc,heap        ] GC(850) Humongous regions: 80->80
[3619.224s][info][gc,metaspace   ] GC(850) Metaspace: 28959K(29376K)->28959K(29376K) NonClass: 24090K(24256K)->24090K(24256K) Class: 4869K(5120K)->4869K(5120K)
[3619.224s][info][gc             ] GC(850) Pause Young (Concurrent Start) (G1 Evacuation Pause) 3561M->1384M(4096M) 116.365ms
[3619.224s][info][gc             ] GC(851) Concurrent Mark Cycle
[3619.224s][info][gc,marking     ] GC(851) Concurrent Scan Root Regions
[3619.224s][info][gc,cpu         ] GC(850) User=0.69s Sys=0.00s Real=0.12s
.[3619.391s][info][gc,marking     ] GC(851) Concurrent Scan Root Regions 166.801ms
[3619.391s][info][gc,marking     ] GC(851) Concurrent Mark
[3619.391s][info][gc,marking     ] GC(851) Concurrent Mark From Roots
[3619.391s][info][gc,task        ] GC(851) Using 2 workers of 2 for marking
[3620.245s][info][gc,marking     ] GC(851) Concurrent Mark From Roots 854.455ms
[3620.245s][info][gc,marking     ] GC(851) Concurrent Preclean
[3620.245s][info][gc,marking     ] GC(851) Concurrent Preclean 0.133ms
[3620.245s][info][gc,start       ] GC(851) Pause Remark
[3620.251s][info][gc             ] GC(851) Pause Remark 2181M->2181M(4096M) 5.489ms
[3620.251s][info][gc,cpu         ] GC(851) User=0.03s Sys=0.00s Real=0.00s
[3620.251s][info][gc,marking     ] GC(851) Concurrent Mark 860.613ms
[3620.251s][info][gc,marking     ] GC(851) Concurrent Rebuild Remembered Sets and Scrub Regions
.[3620.560s][info][gc,marking     ] GC(851) Concurrent Rebuild Remembered Sets and Scrub Regions 309.282ms
[3620.561s][info][gc,start       ] GC(851) Pause Cleanup
[3620.561s][info][gc             ] GC(851) Pause Cleanup 2446M->2446M(4096M) 0.109ms
[3620.561s][info][gc,cpu         ] GC(851) User=0.00s Sys=0.00s Real=0.00s
[3620.561s][info][gc,marking     ] GC(851) Concurrent Clear Claimed Marks
[3620.561s][info][gc,marking     ] GC(851) Concurrent Clear Claimed Marks 0.023ms
[3620.561s][info][gc,marking     ] GC(851) Concurrent Cleanup for Next Mark
[3620.564s][info][gc,marking     ] GC(851) Concurrent Cleanup for Next Mark 3.653ms
[3620.564s][info][gc             ] GC(851) Concurrent Mark Cycle 1340.817ms
.[3622.095s][info][gc,start       ] GC(852) Pause Young (Prepare Mixed) (G1 Evacuation Pause)
[3622.095s][info][gc,task        ] GC(852) Using 6 workers of 6 for evacuation
[3622.212s][info][gc,phases      ] GC(852)   Pre Evacuate Collection Set: 0.34ms
[3622.212s][info][gc,phases      ] GC(852)   Merge Heap Roots: 0.51ms
[3622.212s][info][gc,phases      ] GC(852)   Evacuate Collection Set: 114.84ms
[3622.212s][info][gc,phases      ] GC(852)   Post Evacuate Collection Set: 0.90ms
[3622.212s][info][gc,phases      ] GC(852)   Other: 0.08ms
[3622.212s][info][gc,heap        ] GC(852) Eden regions: 1119->0(1111)
[3622.212s][info][gc,heap        ] GC(852) Survivor regions: 109->109(154)
[3622.212s][info][gc,heap        ] GC(852) Old regions: 504->536
[3622.212s][info][gc,heap        ] GC(852) Humongous regions: 80->80
[3622.212s][info][gc,metaspace   ] GC(852) Metaspace: 28959K(29376K)->28959K(29376K) NonClass: 24090K(24256K)->24090K(24256K) Class: 4869K(5120K)->4869K(5120K)
[3622.212s][info][gc             ] GC(852) Pause Young (Prepare Mixed) (G1 Evacuation Pause) 3622M->1447M(4096M) 116.800ms
[3622.212s][info][gc,cpu         ] GC(852) User=0.69s Sys=0.00s Real=0.11s
...[3625.084s][info][gc,start       ] GC(853) Pause Young (Mixed) (G1 Evacuation Pause)
[3625.084s][info][gc,task        ] GC(853) Using 6 workers of 6 for evacuation
[3625.221s][info][gc,phases      ] GC(853)   Pre Evacuate Collection Set: 0.37ms
[3625.221s][info][gc,phases      ] GC(853)   Merge Heap Roots: 0.64ms
[3625.221s][info][gc,phases      ] GC(853)   Evacuate Collection Set: 134.80ms
[3625.221s][info][gc,phases      ] GC(853)   Post Evacuate Collection Set: 0.98ms
[3625.221s][info][gc,phases      ] GC(853)   Other: 0.08ms
[3625.221s][info][gc,heap        ] GC(853) Eden regions: 1111->0(1116)
[3625.221s][info][gc,heap        ] GC(853) Survivor regions: 109->112(153)
[3625.221s][info][gc,heap        ] GC(853) Old regions: 536->470
[3625.221s][info][gc,heap        ] GC(853) Humongous regions: 80->80
[3625.221s][info][gc,metaspace   ] GC(853) Metaspace: 28959K(29376K)->28959K(29376K) NonClass: 24090K(24256K)->24090K(24256K) Class: 4869K(5120K)->4869K(5120K)
[3625.221s][info][gc             ] GC(853) Pause Young (Mixed) (G1 Evacuation Pause) 3669M->1323M(4096M) 137.022ms
[3625.221s][info][gc,cpu         ] GC(853) User=0.81s Sys=0.00s Real=0.13s
...[3628.027s][info][gc,start       ] GC(854) Pause Young (Concurrent Start) (G1 Evacuation Pause)
[3628.027s][info][gc,task        ] GC(854) Using 6 workers of 6 for evacuation
[3628.146s][info][gc,phases      ] GC(854)   Pre Evacuate Collection Set: 0.36ms
[3628.146s][info][gc,phases      ] GC(854)   Merge Heap Roots: 0.50ms
[3628.146s][info][gc,phases      ] GC(854)   Evacuate Collection Set: 116.88ms
[3628.146s][info][gc,phases      ] GC(854)   Post Evacuate Collection Set: 0.90ms
[3628.146s][info][gc,phases      ] GC(854)   Other: 0.11ms
[3628.146s][info][gc,heap        ] GC(854) Eden regions: 1116->0(1118)
[3628.146s][info][gc,heap        ] GC(854) Survivor regions: 112->110(154)
[3628.146s][info][gc,heap        ] GC(854) Old regions: 470->503
[3628.146s][info][gc,heap        ] GC(854) Humongous regions: 80->80
[3628.146s][info][gc,metaspace   ] GC(854) Metaspace: 28959K(29376K)->28959K(29376K) NonClass: 24090K(24256K)->24090K(24256K) Class: 4869K(5120K)->4869K(5120K)
[3628.146s][info][gc             ] GC(854) Pause Young (Concurrent Start) (G1 Evacuation Pause) 3555M->1383M(4096M) 118.887ms
[3628.146s][info][gc             ] GC(855) Concurrent Mark Cycle
[3628.146s][info][gc,marking     ] GC(855) Concurrent Scan Root Regions
[3628.146s][info][gc,cpu         ] GC(854) User=0.70s Sys=0.00s Real=0.12s
[3628.297s][info][gc,marking     ] GC(855) Concurrent Scan Root Regions 151.201ms
[3628.298s][info][gc,marking     ] GC(855) Concurrent Mark
[3628.298s][info][gc,marking     ] GC(855) Concurrent Mark From Roots
[3628.298s][info][gc,task        ] GC(855) Using 2 workers of 2 for marking
.[3628.989s][info][gc,marking     ] GC(855) Concurrent Mark From Roots 691.310ms
[3628.989s][info][gc,marking     ] GC(855) Concurrent Preclean
[3628.989s][info][gc,marking     ] GC(855) Concurrent Preclean 0.069ms
[3628.989s][info][gc,start       ] GC(855) Pause Remark
[3628.995s][info][gc             ] GC(855) Pause Remark 2093M->2093M(4096M) 5.459ms
[3628.995s][info][gc,cpu         ] GC(855) User=0.03s Sys=0.00s Real=0.01s
[3628.996s][info][gc,marking     ] GC(855) Concurrent Mark 698.210ms
[3628.996s][info][gc,marking     ] GC(855) Concurrent Rebuild Remembered Sets and Scrub Regions
[3629.236s][info][gc,marking     ] GC(855) Concurrent Rebuild Remembered Sets and Scrub Regions 240.477ms
[3629.237s][info][gc,start       ] GC(855) Pause Cleanup
[3629.237s][info][gc             ] GC(855) Pause Cleanup 2249M->2249M(4096M) 0.118ms
[3629.237s][info][gc,cpu         ] GC(855) User=0.01s Sys=0.00s Real=0.00s
[3629.237s][info][gc,marking     ] GC(855) Concurrent Clear Claimed Marks
[3629.237s][info][gc,marking     ] GC(855) Concurrent Clear Claimed Marks 0.027ms
[3629.237s][info][gc,marking     ] GC(855) Concurrent Cleanup for Next Mark
[3629.242s][info][gc,marking     ] GC(855) Concurrent Cleanup for Next Mark 4.213ms
[3629.242s][info][gc             ] GC(855) Concurrent Mark Cycle 1095.447ms
..[3631.059s][info][gc,start       ] GC(856) Pause Young (Prepare Mixed) (G1 Evacuation Pause)
[3631.059s][info][gc,task        ] GC(856) Using 6 workers of 6 for evacuation
[3631.176s][info][gc,phases      ] GC(856)   Pre Evacuate Collection Set: 0.32ms
[3631.176s][info][gc,phases      ] GC(856)   Merge Heap Roots: 0.54ms
[3631.176s][info][gc,phases      ] GC(856)   Evacuate Collection Set: 114.73ms
[3631.176s][info][gc,phases      ] GC(856)   Post Evacuate Collection Set: 0.91ms
[3631.176s][info][gc,phases      ] GC(856)   Other: 0.08ms
[3631.176s][info][gc,heap        ] GC(856) Eden regions: 1118->0(1114)
[3631.176s][info][gc,heap        ] GC(856) Survivor regions: 110->108(154)
[3631.176s][info][gc,heap        ] GC(856) Old regions: 503->535
[3631.176s][info][gc,heap        ] GC(856) Humongous regions: 80->80
[3631.176s][info][gc,metaspace   ] GC(856) Metaspace: 28959K(29376K)->28959K(29376K) NonClass: 24090K(24256K)->24090K(24256K) Class: 4869K(5120K)->4869K(5120K)
[3631.176s][info][gc             ] GC(856) Pause Young (Prepare Mixed) (G1 Evacuation Pause) 3619M->1443M(4096M) 116.715ms
[3631.176s][info][gc,cpu         ] GC(856) User=0.69s Sys=0.00s Real=0.12s
...[3634.006s][info][gc,start       ] GC(857) Pause Young (Mixed) (G1 Evacuation Pause)
[3634.007s][info][gc,task        ] GC(857) Using 6 workers of 6 for evacuation
[3634.139s][info][gc,phases      ] GC(857)   Pre Evacuate Collection Set: 0.35ms
[3634.139s][info][gc,phases      ] GC(857)   Merge Heap Roots: 0.69ms
[3634.139s][info][gc,phases      ] GC(857)   Evacuate Collection Set: 130.52ms
[3634.139s][info][gc,phases      ] GC(857)   Post Evacuate Collection Set: 0.92ms
[3634.139s][info][gc,phases      ] GC(857)   Other: 0.08ms
[3634.139s][info][gc,heap        ] GC(857) Eden regions: 1114->0(1120)
[3634.139s][info][gc,heap        ] GC(857) Survivor regions: 108->108(153)
[3634.139s][info][gc,heap        ] GC(857) Old regions: 535->474
[3634.139s][info][gc,heap        ] GC(857) Humongous regions: 80->80
[3634.139s][info][gc,metaspace   ] GC(857) Metaspace: 28959K(29376K)->28959K(29376K) NonClass: 24090K(24256K)->24090K(24256K) Class: 4869K(5120K)->4869K(5120K)
[3634.139s][info][gc             ] GC(857) Pause Young (Mixed) (G1 Evacuation Pause) 3671M->1322M(4096M) 132.699ms
[3634.139s][info][gc,cpu         ] GC(857) User=0.79s Sys=0.00s Real=0.13s
...[3636.966s][info][gc,start       ] GC(858) Pause Young (Concurrent Start) (G1 Evacuation Pause)
[3636.966s][info][gc,task        ] GC(858) Using 6 workers of 6 for evacuation
[3637.084s][info][gc,phases      ] GC(858)   Pre Evacuate Collection Set: 0.35ms
[3637.084s][info][gc,phases      ] GC(858)   Merge Heap Roots: 0.47ms
[3637.084s][info][gc,phases      ] GC(858)   Evacuate Collection Set: 116.35ms
[3637.084s][info][gc,phases      ] GC(858)   Post Evacuate Collection Set: 0.86ms
[3637.084s][info][gc,phases      ] GC(858)   Other: 0.10ms
[3637.084s][info][gc,heap        ] GC(858) Eden regions: 1120->0(1118)
[3637.084s][info][gc,heap        ] GC(858) Survivor regions: 108->110(154)
[3637.084s][info][gc,heap        ] GC(858) Old regions: 474->506
[3637.084s][info][gc,heap        ] GC(858) Humongous regions: 80->80
[3637.084s][info][gc,metaspace   ] GC(858) Metaspace: 28959K(29376K)->28959K(29376K) NonClass: 24090K(24256K)->24090K(24256K) Class: 4869K(5120K)->4869K(5120K)
[3637.084s][info][gc             ] GC(858) Pause Young (Concurrent Start) (G1 Evacuation Pause) 3562M->1391M(4096M) 118.267ms
[3637.084s][info][gc             ] GC(859) Concurrent Mark Cycle
[3637.084s][info][gc,marking     ] GC(859) Concurrent Scan Root Regions
[3637.084s][info][gc,cpu         ] GC(858) User=0.71s Sys=0.00s Real=0.12s
[3637.268s][info][gc,marking     ] GC(859) Concurrent Scan Root Regions 183.455ms
[3637.268s][info][gc,marking     ] GC(859) Concurrent Mark
[3637.268s][info][gc,marking     ] GC(859) Concurrent Mark From Roots
[3637.268s][info][gc,task        ] GC(859) Using 2 workers of 2 for marking
.[3638.072s][info][gc,marking     ] GC(859) Concurrent Mark From Roots 804.488ms
[3638.072s][info][gc,marking     ] GC(859) Concurrent Preclean
[3638.072s][info][gc,marking     ] GC(859) Concurrent Preclean 0.095ms
[3638.074s][info][gc,start       ] GC(859) Pause Remark
[3638.079s][info][gc             ] GC(859) Pause Remark 2133M->2133M(4096M) 5.488ms
[3638.079s][info][gc,cpu         ] GC(859) User=0.03s Sys=0.00s Real=0.00s
[3638.082s][info][gc,marking     ] GC(859) Concurrent Mark 814.589ms
[3638.082s][info][gc,marking     ] GC(859) Concurrent Rebuild Remembered Sets and Scrub Regions
[3638.387s][info][gc,marking     ] GC(859) Concurrent Rebuild Remembered Sets and Scrub Regions 304.920ms
[3638.387s][info][gc,start       ] GC(859) Pause Cleanup
[3638.388s][info][gc             ] GC(859) Pause Cleanup 2383M->2383M(4096M) 0.126ms
[3638.388s][info][gc,cpu         ] GC(859) User=0.00s Sys=0.00s Real=0.00s
[3638.388s][info][gc,marking     ] GC(859) Concurrent Clear Claimed Marks
[3638.388s][info][gc,marking     ] GC(859) Concurrent Clear Claimed Marks 0.028ms
[3638.388s][info][gc,marking     ] GC(859) Concurrent Cleanup for Next Mark
[3638.392s][info][gc,marking     ] GC(859) Concurrent Cleanup for Next Mark 4.579ms
[3638.392s][info][gc             ] GC(859) Concurrent Mark Cycle 1308.264ms
..[3639.970s][info][gc,start       ] GC(860) Pause Young (Prepare Mixed) (G1 Evacuation Pause)
[3639.970s][info][gc,task        ] GC(860) Using 6 workers of 6 for evacuation
[3640.089s][info][gc,phases      ] GC(860)   Pre Evacuate Collection Set: 0.32ms
[3640.089s][info][gc,phases      ] GC(860)   Merge Heap Roots: 0.52ms
[3640.089s][info][gc,phases      ] GC(860)   Evacuate Collection Set: 117.48ms
[3640.089s][info][gc,phases      ] GC(860)   Post Evacuate Collection Set: 0.93ms
[3640.089s][info][gc,phases      ] GC(860)   Other: 0.09ms
[3640.089s][info][gc,heap        ] GC(860) Eden regions: 1118->0(1107)
[3640.089s][info][gc,heap        ] GC(860) Survivor regions: 110->110(154)
[3640.089s][info][gc,heap        ] GC(860) Old regions: 506->538
[3640.089s][info][gc,heap        ] GC(860) Humongous regions: 80->80
[3640.089s][info][gc,metaspace   ] GC(860) Metaspace: 28959K(29376K)->28959K(29376K) NonClass: 24090K(24256K)->24090K(24256K) Class: 4869K(5120K)->4869K(5120K)
[3640.089s][info][gc             ] GC(860) Pause Young (Prepare Mixed) (G1 Evacuation Pause) 3627M->1453M(4096M) 119.461ms
[3640.089s][info][gc,cpu         ] GC(860) User=0.71s Sys=0.00s Real=0.12s
.. (rIR:aIR:PR = 6365:6366:6366) (tPR = 94385) [OK] 
  3641s: Performance info:
         Transaction,    Success,    Partial,     Failed,   Receipts, AvgBarcode, 
             Overall,     383696,          0,          0,     364491,      59.48, 
         Response times:
             Request,    Success,    Partial,     Failed,   SkipFail,     Probes,    Samples,      min,      p50,      p90,      p95,      p99,      max, 
       TotalPurchase,     364499,          0,          0,          0,     354928,     393970,      300,     5200,    18000,    41000,    93000,   286000,
     InStorePurchase,     191852,          0,          0,          0,     186973,     207273,      300,     5200,    17800,    40000,    93000,   286000,
      OnlinePurchase,     134266,          0,          0,          0,     130448,     145083,      300,     5500,    18900,    43000,    94000,   220000,
        InstPurchase,      38381,          0,          0,          0,      37507,      41614,      400,     4300,    15900,    37000,    86000,   206000,
          AssocOfCat,        390,          0,          0,          0,        311,        403,    27000,    38000,    78600,   102000,   174760,   194000,
      AssocOfProduct,       3838,          0,          0,          0,       3565,       4067,      400,     4400,    14320,    36000,    88000,   173000,
      BusinessReport,        957,          0,          0,          0,        827,       1059,    26000,    46000,    96000,   121000,   191400,   207000,
          CustBuyBeh,       3847,          0,          0,          0,       3529,       4133,      200,     3800,    15260,    37300,    87000,   182000,
       ProductReturn,      10166,          0,          0,          0,       9785,      11020,      300,     5200,    17790,    41000,    94790,   193000,

  3641s: (47%)   IR =   6503 .[3642.826s][info][gc,start       ] GC(861) Pause Young (Mixed) (G1 Evacuation Pause)
[3642.826s][info][gc,task        ] GC(861) Using 6 workers of 6 for evacuation
[3642.964s][info][gc,phases      ] GC(861)   Pre Evacuate Collection Set: 0.39ms
[3642.964s][info][gc,phases      ] GC(861)   Merge Heap Roots: 0.75ms
[3642.964s][info][gc,phases      ] GC(861)   Evacuate Collection Set: 135.68ms
[3642.964s][info][gc,phases      ] GC(861)   Post Evacuate Collection Set: 1.00ms
[3642.964s][info][gc,phases      ] GC(861)   Other: 0.09ms
[3642.964s][info][gc,heap        ] GC(861) Eden regions: 1107->0(1115)
[3642.964s][info][gc,heap        ] GC(861) Survivor regions: 110->113(153)
[3642.964s][info][gc,heap        ] GC(861) Old regions: 538->473
[3642.964s][info][gc,heap        ] GC(861) Humongous regions: 80->80
[3642.964s][info][gc,metaspace   ] GC(861) Metaspace: 28960K(29376K)->28960K(29376K) NonClass: 24091K(24256K)->24091K(24256K) Class: 4869K(5120K)->4869K(5120K)
[3642.964s][info][gc             ] GC(861) Pause Young (Mixed) (G1 Evacuation Pause) 3667M->1331M(4096M) 138.025ms
[3642.964s][info][gc,cpu         ] GC(861) User=0.83s Sys=0.00s Real=0.14s
...[3645.742s][info][gc,start       ] GC(862) Pause Young (Concurrent Start) (G1 Evacuation Pause)
[3645.742s][info][gc,task        ] GC(862) Using 6 workers of 6 for evacuation
[3645.862s][info][gc,phases      ] GC(862)   Pre Evacuate Collection Set: 0.37ms
[3645.862s][info][gc,phases      ] GC(862)   Merge Heap Roots: 0.48ms
[3645.862s][info][gc,phases      ] GC(862)   Evacuate Collection Set: 117.71ms
[3645.862s][info][gc,phases      ] GC(862)   Post Evacuate Collection Set: 0.87ms
[3645.862s][info][gc,phases      ] GC(862)   Other: 0.10ms
[3645.862s][info][gc,heap        ] GC(862) Eden regions: 1115->0(1117)
[3645.862s][info][gc,heap        ] GC(862) Survivor regions: 113->111(154)
[3645.862s][info][gc,heap        ] GC(862) Old regions: 473->505
[3645.862s][info][gc,heap        ] GC(862) Humongous regions: 80->80
[3645.862s][info][gc,metaspace   ] GC(862) Metaspace: 28960K(29376K)->28960K(29376K) NonClass: 24091K(24256K)->24091K(24256K) Class: 4869K(5120K)->4869K(5120K)
[3645.862s][info][gc             ] GC(862) Pause Young (Concurrent Start) (G1 Evacuation Pause) 3561M->1390M(4096M) 119.669ms
[3645.862s][info][gc             ] GC(863) Concurrent Mark Cycle
[3645.862s][info][gc,marking     ] GC(863) Concurrent Scan Root Regions
[3645.862s][info][gc,cpu         ] GC(862) User=0.71s Sys=0.00s Real=0.12s
[3646.051s][info][gc,marking     ] GC(863) Concurrent Scan Root Regions 189.513ms
[3646.051s][info][gc,marking     ] GC(863) Concurrent Mark
[3646.051s][info][gc,marking     ] GC(863) Concurrent Mark From Roots
[3646.051s][info][gc,task        ] GC(863) Using 2 workers of 2 for marking
.|[3647.050s][info][gc,marking     ] GC(863) Concurrent Mark From Roots 998.963ms
[3647.050s][info][gc,marking     ] GC(863) Concurrent Preclean
[3647.050s][info][gc,marking     ] GC(863) Concurrent Preclean 0.098ms
[3647.051s][info][gc,start       ] GC(863) Pause Remark
[3647.057s][info][gc             ] GC(863) Pause Remark 2344M->2344M(4096M) 6.566ms
[3647.057s][info][gc,cpu         ] GC(863) User=0.04s Sys=0.00s Real=0.01s
[3647.057s][info][gc,marking     ] GC(863) Concurrent Mark 1005.867ms
[3647.057s][info][gc,marking     ] GC(863) Concurrent Rebuild Remembered Sets and Scrub Regions
[3647.379s][info][gc,marking     ] GC(863) Concurrent Rebuild Remembered Sets and Scrub Regions 321.651ms
[3647.379s][info][gc,start       ] GC(863) Pause Cleanup
[3647.379s][info][gc             ] GC(863) Pause Cleanup 2607M->2607M(4096M) 0.117ms
[3647.379s][info][gc,cpu         ] GC(863) User=0.00s Sys=0.00s Real=0.00s
[3647.379s][info][gc,marking     ] GC(863) Concurrent Clear Claimed Marks
[3647.379s][info][gc,marking     ] GC(863) Concurrent Clear Claimed Marks 0.032ms
[3647.379s][info][gc,marking     ] GC(863) Concurrent Cleanup for Next Mark
[3647.383s][info][gc,marking     ] GC(863) Concurrent Cleanup for Next Mark 3.591ms
[3647.383s][info][gc             ] GC(863) Concurrent Mark Cycle 1521.112ms
..[3648.672s][info][gc,start       ] GC(864) Pause Young (Prepare Mixed) (G1 Evacuation Pause)
[3648.672s][info][gc,task        ] GC(864) Using 6 workers of 6 for evacuation
[3648.794s][info][gc,phases      ] GC(864)   Pre Evacuate Collection Set: 0.34ms
[3648.794s][info][gc,phases      ] GC(864)   Merge Heap Roots: 0.64ms
[3648.794s][info][gc,phases      ] GC(864)   Evacuate Collection Set: 120.06ms
[3648.794s][info][gc,phases      ] GC(864)   Post Evacuate Collection Set: 0.93ms
[3648.794s][info][gc,phases      ] GC(864)   Other: 0.09ms
[3648.794s][info][gc,heap        ] GC(864) Eden regions: 1117->0(1102)
[3648.794s][info][gc,heap        ] GC(864) Survivor regions: 111->113(154)
[3648.794s][info][gc,heap        ] GC(864) Old regions: 505->537
[3648.794s][info][gc,heap        ] GC(864) Humongous regions: 80->80
[3648.794s][info][gc,metaspace   ] GC(864) Metaspace: 28960K(29376K)->28960K(29376K) NonClass: 24091K(24256K)->24091K(24256K) Class: 4869K(5120K)->4869K(5120K)
[3648.794s][info][gc             ] GC(864) Pause Young (Prepare Mixed) (G1 Evacuation Pause) 3624M->1457M(4096M) 122.181ms
[3648.794s][info][gc,cpu         ] GC(864) User=0.72s Sys=0.00s Real=0.13s
...[3651.564s][info][gc,start       ] GC(865) Pause Young (Mixed) (G1 Evacuation Pause)
[3651.564s][info][gc,task        ] GC(865) Using 6 workers of 6 for evacuation
[3651.705s][info][gc,phases      ] GC(865)   Pre Evacuate Collection Set: 0.36ms
[3651.705s][info][gc,phases      ] GC(865)   Merge Heap Roots: 0.78ms
[3651.705s][info][gc,phases      ] GC(865)   Evacuate Collection Set: 138.80ms
[3651.705s][info][gc,phases      ] GC(865)   Post Evacuate Collection Set: 0.97ms
[3651.705s][info][gc,phases      ] GC(865)   Other: 0.09ms
[3651.705s][info][gc,heap        ] GC(865) Eden regions: 1102->0(1117)
[3651.705s][info][gc,heap        ] GC(865) Survivor regions: 113->111(152)
[3651.705s][info][gc,heap        ] GC(865) Old regions: 537->474
[3651.705s][info][gc,heap        ] GC(865) Humongous regions: 80->80
[3651.705s][info][gc,metaspace   ] GC(865) Metaspace: 28960K(29376K)->28960K(29376K) NonClass: 24091K(24256K)->24091K(24256K) Class: 4869K(5120K)->4869K(5120K)
[3651.705s][info][gc             ] GC(865) Pause Young (Mixed) (G1 Evacuation Pause) 3661M->1329M(4096M) 141.134ms
[3651.705s][info][gc,cpu         ] GC(865) User=0.84s Sys=0.00s Real=0.14s
...[3654.485s][info][gc,start       ] GC(866) Pause Young (Concurrent Start) (G1 Evacuation Pause)
[3654.485s][info][gc,task        ] GC(866) Using 6 workers of 6 for evacuation
[3654.603s][info][gc,phases      ] GC(866)   Pre Evacuate Collection Set: 0.36ms
[3654.604s][info][gc,phases      ] GC(866)   Merge Heap Roots: 0.49ms
[3654.604s][info][gc,phases      ] GC(866)   Evacuate Collection Set: 116.32ms
[3654.604s][info][gc,phases      ] GC(866)   Post Evacuate Collection Set: 0.87ms
[3654.604s][info][gc,phases      ] GC(866)   Other: 0.12ms
[3654.604s][info][gc,heap        ] GC(866) Eden regions: 1117->0(1119)
[3654.604s][info][gc,heap        ] GC(866) Survivor regions: 111->109(154)
[3654.604s][info][gc,heap        ] GC(866) Old regions: 474->506
[3654.604s][info][gc,heap        ] GC(866) Humongous regions: 80->80
[3654.604s][info][gc,metaspace   ] GC(866) Metaspace: 28960K(29376K)->28960K(29376K) NonClass: 24091K(24256K)->24091K(24256K) Class: 4869K(5120K)->4869K(5120K)
[3654.604s][info][gc             ] GC(866) Pause Young (Concurrent Start) (G1 Evacuation Pause) 3563M->1389M(4096M) 118.302ms
[3654.604s][info][gc             ] GC(867) Concurrent Mark Cycle
[3654.604s][info][gc,marking     ] GC(867) Concurrent Scan Root Regions
[3654.604s][info][gc,cpu         ] GC(866) User=0.70s Sys=0.00s Real=0.12s
[3654.789s][info][gc,marking     ] GC(867) Concurrent Scan Root Regions 185.642ms
[3654.789s][info][gc,marking     ] GC(867) Concurrent Mark
[3654.789s][info][gc,marking     ] GC(867) Concurrent Mark From Roots
[3654.789s][info][gc,task        ] GC(867) Using 2 workers of 2 for marking
.[3655.686s][info][gc,marking     ] GC(867) Concurrent Mark From Roots 896.600ms
[3655.686s][info][gc,marking     ] GC(867) Concurrent Preclean
[3655.686s][info][gc,marking     ] GC(867) Concurrent Preclean 0.062ms
[3655.686s][info][gc,start       ] GC(867) Pause Remark
[3655.692s][info][gc             ] GC(867) Pause Remark 2313M->2313M(4096M) 6.134ms
[3655.692s][info][gc,cpu         ] GC(867) User=0.03s Sys=0.00s Real=0.00s
[3655.692s][info][gc,marking     ] GC(867) Concurrent Mark 903.028ms
[3655.692s][info][gc,marking     ] GC(867) Concurrent Rebuild Remembered Sets and Scrub Regions
[3656.028s][info][gc,marking     ] GC(867) Concurrent Rebuild Remembered Sets and Scrub Regions 335.245ms
[3656.029s][info][gc,start       ] GC(867) Pause Cleanup
[3656.029s][info][gc             ] GC(867) Pause Cleanup 2558M->2558M(4096M) 0.122ms
[3656.029s][info][gc,cpu         ] GC(867) User=0.00s Sys=0.00s Real=0.00s
[3656.029s][info][gc,marking     ] GC(867) Concurrent Clear Claimed Marks
[3656.029s][info][gc,marking     ] GC(867) Concurrent Clear Claimed Marks 0.033ms
[3656.029s][info][gc,marking     ] GC(867) Concurrent Cleanup for Next Mark
[3656.036s][info][gc,marking     ] GC(867) Concurrent Cleanup for Next Mark 6.494ms
[3656.036s][info][gc             ] GC(867) Concurrent Mark Cycle 1432.225ms
.[3657.392s][info][gc,start       ] GC(868) Pause Young (Prepare Mixed) (G1 Evacuation Pause)
[3657.392s][info][gc,task        ] GC(868) Using 6 workers of 6 for evacuation
[3657.510s][info][gc,phases      ] GC(868)   Pre Evacuate Collection Set: 0.34ms
[3657.510s][info][gc,phases      ] GC(868)   Merge Heap Roots: 0.53ms
[3657.510s][info][gc,phases      ] GC(868)   Evacuate Collection Set: 115.89ms
[3657.510s][info][gc,phases      ] GC(868)   Post Evacuate Collection Set: 0.93ms
[3657.510s][info][gc,phases      ] GC(868)   Other: 0.08ms
[3657.510s][info][gc,heap        ] GC(868) Eden regions: 1119->0(1106)
[3657.510s][info][gc,heap        ] GC(868) Survivor regions: 109->111(154)
[3657.510s][info][gc,heap        ] GC(868) Old regions: 506->537
[3657.510s][info][gc,heap        ] GC(868) Humongous regions: 80->80
[3657.510s][info][gc,metaspace   ] GC(868) Metaspace: 28960K(29376K)->28960K(29376K) NonClass: 24091K(24256K)->24091K(24256K) Class: 4869K(5120K)->4869K(5120K)
[3657.510s][info][gc             ] GC(868) Pause Young (Prepare Mixed) (G1 Evacuation Pause) 3627M->1454M(4096M) 117.898ms
[3657.510s][info][gc,cpu         ] GC(868) User=0.70s Sys=0.00s Real=0.12s
...[3660.327s][info][gc,start       ] GC(869) Pause Young (Mixed) (G1 Evacuation Pause)
[3660.327s][info][gc,task        ] GC(869) Using 6 workers of 6 for evacuation
[3660.464s][info][gc,phases      ] GC(869)   Pre Evacuate Collection Set: 0.35ms
[3660.464s][info][gc,phases      ] GC(869)   Merge Heap Roots: 0.76ms
[3660.464s][info][gc,phases      ] GC(869)   Evacuate Collection Set: 135.33ms
[3660.464s][info][gc,phases      ] GC(869)   Post Evacuate Collection Set: 0.92ms
[3660.464s][info][gc,phases      ] GC(869)   Other: 0.10ms
[3660.464s][info][gc,heap        ] GC(869) Eden regions: 1106->0(1117)
[3660.464s][info][gc,heap        ] GC(869) Survivor regions: 111->111(153)
[3660.464s][info][gc,heap        ] GC(869) Old regions: 537->472
[3660.464s][info][gc,heap        ] GC(869) Humongous regions: 80->80
[3660.464s][info][gc,metaspace   ] GC(869) Metaspace: 28960K(29376K)->28960K(29376K) NonClass: 24091K(24256K)->24091K(24256K) Class: 4869K(5120K)->4869K(5120K)
[3660.465s][info][gc             ] GC(869) Pause Young (Mixed) (G1 Evacuation Pause) 3666M->1323M(4096M) 137.592ms
[3660.465s][info][gc,cpu         ] GC(869) User=0.82s Sys=0.00s Real=0.14s
...[3663.187s][info][gc,start       ] GC(870) Pause Young (Concurrent Start) (G1 Evacuation Pause)
[3663.187s][info][gc,task        ] GC(870) Using 6 workers of 6 for evacuation
[3663.305s][info][gc,phases      ] GC(870)   Pre Evacuate Collection Set: 0.38ms
[3663.305s][info][gc,phases      ] GC(870)   Merge Heap Roots: 0.47ms
[3663.305s][info][gc,phases      ] GC(870)   Evacuate Collection Set: 116.45ms
[3663.305s][info][gc,phases      ] GC(870)   Post Evacuate Collection Set: 0.89ms
[3663.305s][info][gc,phases      ] GC(870)   Other: 0.10ms
[3663.306s][info][gc,heap        ] GC(870) Eden regions: 1117->0(1119)
[3663.306s][info][gc,heap        ] GC(870) Survivor regions: 111->109(154)
[3663.306s][info][gc,heap        ] GC(870) Old regions: 472->504
[3663.306s][info][gc,heap        ] GC(870) Humongous regions: 80->80
[3663.306s][info][gc,metaspace   ] GC(870) Metaspace: 28960K(29376K)->28960K(29376K) NonClass: 24091K(24256K)->24091K(24256K) Class: 4869K(5120K)->4869K(5120K)
[3663.306s][info][gc             ] GC(870) Pause Young (Concurrent Start) (G1 Evacuation Pause) 3557M->1383M(4096M) 118.443ms
[3663.306s][info][gc             ] GC(871) Concurrent Mark Cycle
[3663.306s][info][gc,marking     ] GC(871) Concurrent Scan Root Regions
[3663.306s][info][gc,cpu         ] GC(870) User=0.70s Sys=0.00s Real=0.12s
[3663.495s][info][gc,marking     ] GC(871) Concurrent Scan Root Regions 188.917ms
[3663.495s][info][gc,marking     ] GC(871) Concurrent Mark
[3663.495s][info][gc,marking     ] GC(871) Concurrent Mark From Roots
[3663.495s][info][gc,task        ] GC(871) Using 2 workers of 2 for marking
.[3664.237s][info][gc,marking     ] GC(871) Concurrent Mark From Roots 742.187ms
[3664.237s][info][gc,marking     ] GC(871) Concurrent Preclean
[3664.237s][info][gc,marking     ] GC(871) Concurrent Preclean 0.088ms
[3664.237s][info][gc,start       ] GC(871) Pause Remark
[3664.242s][info][gc             ] GC(871) Pause Remark 2189M->2189M(4096M) 4.893ms
[3664.242s][info][gc,cpu         ] GC(871) User=0.03s Sys=0.00s Real=0.00s
[3664.242s][info][gc,marking     ] GC(871) Concurrent Mark 747.919ms
[3664.243s][info][gc,marking     ] GC(871) Concurrent Rebuild Remembered Sets and Scrub Regions
[3664.493s][info][gc,marking     ] GC(871) Concurrent Rebuild Remembered Sets and Scrub Regions 250.163ms
[3664.493s][info][gc,start       ] GC(871) Pause Cleanup
[3664.493s][info][gc             ] GC(871) Pause Cleanup 2374M->2374M(4096M) 0.126ms
[3664.493s][info][gc,cpu         ] GC(871) User=0.00s Sys=0.00s Real=0.00s
[3664.493s][info][gc,marking     ] GC(871) Concurrent Clear Claimed Marks
[3664.493s][info][gc,marking     ] GC(871) Concurrent Clear Claimed Marks 0.030ms
[3664.493s][info][gc,marking     ] GC(871) Concurrent Cleanup for Next Mark
[3664.497s][info][gc,marking     ] GC(871) Concurrent Cleanup for Next Mark 3.476ms
[3664.497s][info][gc             ] GC(871) Concurrent Mark Cycle 1191.071ms
..[3666.069s][info][gc,start       ] GC(872) Pause Young (Prepare Mixed) (G1 Evacuation Pause)
[3666.069s][info][gc,task        ] GC(872) Using 6 workers of 6 for evacuation
[3666.190s][info][gc,phases      ] GC(872)   Pre Evacuate Collection Set: 0.30ms
[3666.190s][info][gc,phases      ] GC(872)   Merge Heap Roots: 0.52ms
[3666.190s][info][gc,phases      ] GC(872)   Evacuate Collection Set: 118.88ms
[3666.190s][info][gc,phases      ] GC(872)   Post Evacuate Collection Set: 0.93ms
[3666.190s][info][gc,phases      ] GC(872)   Other: 0.08ms
[3666.190s][info][gc,heap        ] GC(872) Eden regions: 1119->0(1109)
[3666.190s][info][gc,heap        ] GC(872) Survivor regions: 109->110(154)
[3666.190s][info][gc,heap        ] GC(872) Old regions: 504->536
[3666.190s][info][gc,heap        ] GC(872) Humongous regions: 80->80
[3666.190s][info][gc,metaspace   ] GC(872) Metaspace: 28960K(29376K)->28960K(29376K) NonClass: 24091K(24256K)->24091K(24256K) Class: 4869K(5120K)->4869K(5120K)
[3666.190s][info][gc             ] GC(872) Pause Young (Prepare Mixed) (G1 Evacuation Pause) 3621M->1451M(4096M) 120.847ms
[3666.190s][info][gc,cpu         ] GC(872) User=0.72s Sys=0.00s Real=0.12s
...[3668.928s][info][gc,start       ] GC(873) Pause Young (Mixed) (G1 Evacuation Pause)
[3668.929s][info][gc,task        ] GC(873) Using 6 workers of 6 for evacuation
[3669.067s][info][gc,phases      ] GC(873)   Pre Evacuate Collection Set: 0.34ms
[3669.067s][info][gc,phases      ] GC(873)   Merge Heap Roots: 0.76ms
[3669.067s][info][gc,phases      ] GC(873)   Evacuate Collection Set: 135.94ms
[3669.067s][info][gc,phases      ] GC(873)   Post Evacuate Collection Set: 0.97ms
[3669.067s][info][gc,phases      ] GC(873)   Other: 0.09ms
[3669.067s][info][gc,heap        ] GC(873) Eden regions: 1109->0(1119)
[3669.067s][info][gc,heap        ] GC(873) Survivor regions: 110->109(153)
[3669.067s][info][gc,heap        ] GC(873) Old regions: 536->474
[3669.067s][info][gc,heap        ] GC(873) Humongous regions: 80->80
[3669.067s][info][gc,metaspace   ] GC(873) Metaspace: 28960K(29376K)->28960K(29376K) NonClass: 24091K(24256K)->24091K(24256K) Class: 4869K(5120K)->4869K(5120K)
[3669.067s][info][gc             ] GC(873) Pause Young (Mixed) (G1 Evacuation Pause) 3669M->1325M(4096M) 138.236ms
[3669.067s][info][gc,cpu         ] GC(873) User=0.82s Sys=0.00s Real=0.14s
...[3671.902s][info][gc,start       ] GC(874) Pause Young (Concurrent Start) (G1 Evacuation Pause)
[3671.902s][info][gc,task        ] GC(874) Using 6 workers of 6 for evacuation
[3672.024s][info][gc,phases      ] GC(874)   Pre Evacuate Collection Set: 0.42ms
[3672.024s][info][gc,phases      ] GC(874)   Merge Heap Roots: 0.55ms
[3672.024s][info][gc,phases      ] GC(874)   Evacuate Collection Set: 119.34ms
[3672.024s][info][gc,phases      ] GC(874)   Post Evacuate Collection Set: 0.88ms
[3672.024s][info][gc,phases      ] GC(874)   Other: 0.12ms
[3672.024s][info][gc,heap        ] GC(874) Eden regions: 1119->0(1116)
[3672.024s][info][gc,heap        ] GC(874) Survivor regions: 109->112(154)
[3672.024s][info][gc,heap        ] GC(874) Old regions: 474->506
[3672.024s][info][gc,heap        ] GC(874) Humongous regions: 80->80
[3672.024s][info][gc,metaspace   ] GC(874) Metaspace: 28960K(29376K)->28960K(29376K) NonClass: 24091K(24256K)->24091K(24256K) Class: 4869K(5120K)->4869K(5120K)
[3672.024s][info][gc             ] GC(874) Pause Young (Concurrent Start) (G1 Evacuation Pause) 3563M->1393M(4096M) 121.464ms
[3672.024s][info][gc             ] GC(875) Concurrent Mark Cycle
[3672.024s][info][gc,marking     ] GC(875) Concurrent Scan Root Regions
[3672.024s][info][gc,cpu         ] GC(874) User=0.72s Sys=0.01s Real=0.13s
[3672.168s][info][gc,marking     ] GC(875) Concurrent Scan Root Regions 143.917ms
[3672.168s][info][gc,marking     ] GC(875) Concurrent Mark
[3672.168s][info][gc,marking     ] GC(875) Concurrent Mark From Roots
[3672.168s][info][gc,task        ] GC(875) Using 2 workers of 2 for marking
.[3672.953s][info][gc,marking     ] GC(875) Concurrent Mark From Roots 785.026ms
[3672.953s][info][gc,marking     ] GC(875) Concurrent Preclean
[3672.953s][info][gc,marking     ] GC(875) Concurrent Preclean 0.109ms
[3672.956s][info][gc,start       ] GC(875) Pause Remark
[3672.960s][info][gc             ] GC(875) Pause Remark 2113M->2113M(4096M) 4.609ms
[3672.960s][info][gc,cpu         ] GC(875) User=0.02s Sys=0.00s Real=0.00s
[3672.960s][info][gc,marking     ] GC(875) Concurrent Mark 792.505ms
[3672.960s][info][gc,marking     ] GC(875) Concurrent Rebuild Remembered Sets and Scrub Regions
[3673.243s][info][gc,marking     ] GC(875) Concurrent Rebuild Remembered Sets and Scrub Regions 282.668ms
[3673.244s][info][gc,start       ] GC(875) Pause Cleanup
[3673.244s][info][gc             ] GC(875) Pause Cleanup 2395M->2395M(4096M) 0.129ms
[3673.244s][info][gc,cpu         ] GC(875) User=0.00s Sys=0.00s Real=0.00s
[3673.245s][info][gc,marking     ] GC(875) Concurrent Clear Claimed Marks
[3673.245s][info][gc,marking     ] GC(875) Concurrent Clear Claimed Marks 0.041ms
[3673.245s][info][gc,marking     ] GC(875) Concurrent Cleanup for Next Mark
[3673.252s][info][gc,marking     ] GC(875) Concurrent Cleanup for Next Mark 7.120ms
[3673.252s][info][gc             ] GC(875) Concurrent Mark Cycle 1227.870ms
..[3674.794s][info][gc,start       ] GC(876) Pause Young (Prepare Mixed) (G1 Evacuation Pause)
[3674.794s][info][gc,task        ] GC(876) Using 6 workers of 6 for evacuation
[3674.914s][info][gc,phases      ] GC(876)   Pre Evacuate Collection Set: 0.32ms
[3674.914s][info][gc,phases      ] GC(876)   Merge Heap Roots: 0.52ms
[3674.914s][info][gc,phases      ] GC(876)   Evacuate Collection Set: 118.11ms
[3674.914s][info][gc,phases      ] GC(876)   Post Evacuate Collection Set: 0.92ms
[3674.914s][info][gc,phases      ] GC(876)   Other: 0.10ms
[3674.914s][info][gc,heap        ] GC(876) Eden regions: 1116->0(1104)
[3674.914s][info][gc,heap        ] GC(876) Survivor regions: 112->112(154)
[3674.914s][info][gc,heap        ] GC(876) Old regions: 506->537
[3674.914s][info][gc,heap        ] GC(876) Humongous regions: 80->80
[3674.914s][info][gc,metaspace   ] GC(876) Metaspace: 28960K(29376K)->28960K(29376K) NonClass: 24091K(24256K)->24091K(24256K) Class: 4869K(5120K)->4869K(5120K)
[3674.914s][info][gc             ] GC(876) Pause Young (Prepare Mixed) (G1 Evacuation Pause) 3625M->1456M(4096M) 120.091ms
[3674.914s][info][gc,cpu         ] GC(876) User=0.71s Sys=0.00s Real=0.12s
..[3677.641s][info][gc,start       ] GC(877) Pause Young (Mixed) (G1 Evacuation Pause)
[3677.641s][info][gc,task        ] GC(877) Using 6 workers of 6 for evacuation
[3677.779s][info][gc,phases      ] GC(877)   Pre Evacuate Collection Set: 0.35ms
[3677.779s][info][gc,phases      ] GC(877)   Merge Heap Roots: 0.73ms
[3677.779s][info][gc,phases      ] GC(877)   Evacuate Collection Set: 135.29ms
[3677.779s][info][gc,phases      ] GC(877)   Post Evacuate Collection Set: 0.96ms
[3677.779s][info][gc,phases      ] GC(877)   Other: 0.09ms
[3677.779s][info][gc,heap        ] GC(877) Eden regions: 1104->0(1116)
[3677.779s][info][gc,heap        ] GC(877) Survivor regions: 112->112(152)
[3677.779s][info][gc,heap        ] GC(877) Old regions: 537->474
[3677.779s][info][gc,heap        ] GC(877) Humongous regions: 80->80
[3677.779s][info][gc,metaspace   ] GC(877) Metaspace: 28960K(29376K)->28960K(29376K) NonClass: 24091K(24256K)->24091K(24256K) Class: 4869K(5120K)->4869K(5120K)
[3677.779s][info][gc             ] GC(877) Pause Young (Mixed) (G1 Evacuation Pause) 3664M->1329M(4096M) 137.556ms
[3677.779s][info][gc,cpu         ] GC(877) User=0.82s Sys=0.00s Real=0.14s
...[3680.533s][info][gc,start       ] GC(878) Pause Young (Concurrent Start) (G1 Evacuation Pause)
[3680.533s][info][gc,task        ] GC(878) Using 6 workers of 6 for evacuation
[3680.654s][info][gc,phases      ] GC(878)   Pre Evacuate Collection Set: 0.32ms
[3680.654s][info][gc,phases      ] GC(878)   Merge Heap Roots: 0.46ms
[3680.654s][info][gc,phases      ] GC(878)   Evacuate Collection Set: 119.50ms
[3680.654s][info][gc,phases      ] GC(878)   Post Evacuate Collection Set: 0.91ms
[3680.654s][info][gc,phases      ] GC(878)   Other: 0.10ms
[3680.654s][info][gc,heap        ] GC(878) Eden regions: 1116->0(1115)
[3680.654s][info][gc,heap        ] GC(878) Survivor regions: 112->113(154)
[3680.654s][info][gc,heap        ] GC(878) Old regions: 474->506
[3680.654s][info][gc,heap        ] GC(878) Humongous regions: 80->80
[3680.654s][info][gc,metaspace   ] GC(878) Metaspace: 28960K(29376K)->28960K(29376K) NonClass: 24091K(24256K)->24091K(24256K) Class: 4869K(5120K)->4869K(5120K)
[3680.654s][info][gc             ] GC(878) Pause Young (Concurrent Start) (G1 Evacuation Pause) 3561M->1396M(4096M) 121.421ms
[3680.654s][info][gc             ] GC(879) Concurrent Mark Cycle
[3680.654s][info][gc,marking     ] GC(879) Concurrent Scan Root Regions
[3680.654s][info][gc,cpu         ] GC(878) User=0.72s Sys=0.00s Real=0.12s
.[3680.841s][info][gc,marking     ] GC(879) Concurrent Scan Root Regions 186.830ms
[3680.841s][info][gc,marking     ] GC(879) Concurrent Mark
[3680.841s][info][gc,marking     ] GC(879) Concurrent Mark From Roots
[3680.841s][info][gc,task        ] GC(879) Using 2 workers of 2 for marking
[3681.670s][info][gc,marking     ] GC(879) Concurrent Mark From Roots 828.738ms
[3681.670s][info][gc,marking     ] GC(879) Concurrent Preclean
[3681.670s][info][gc,marking     ] GC(879) Concurrent Preclean 0.103ms
[3681.671s][info][gc,start       ] GC(879) Pause Remark
[3681.678s][info][gc             ] GC(879) Pause Remark 2222M->2222M(4096M) 6.065ms
[3681.678s][info][gc,cpu         ] GC(879) User=0.04s Sys=0.00s Real=0.01s
[3681.678s][info][gc,marking     ] GC(879) Concurrent Mark 836.452ms
[3681.678s][info][gc,marking     ] GC(879) Concurrent Rebuild Remembered Sets and Scrub Regions
.[3681.947s][info][gc,marking     ] GC(879) Concurrent Rebuild Remembered Sets and Scrub Regions 269.692ms
[3681.948s][info][gc,start       ] GC(879) Pause Cleanup
[3681.949s][info][gc             ] GC(879) Pause Cleanup 2424M->2424M(4096M) 0.137ms
[3681.949s][info][gc,cpu         ] GC(879) User=0.00s Sys=0.00s Real=0.00s
[3681.950s][info][gc,marking     ] GC(879) Concurrent Clear Claimed Marks
[3681.950s][info][gc,marking     ] GC(879) Concurrent Clear Claimed Marks 0.038ms
[3681.950s][info][gc,marking     ] GC(879) Concurrent Cleanup for Next Mark
[3681.955s][info][gc,marking     ] GC(879) Concurrent Cleanup for Next Mark 5.146ms
[3681.955s][info][gc             ] GC(879) Concurrent Mark Cycle 1300.548ms
.[3683.449s][info][gc,start       ] GC(880) Pause Young (Prepare Mixed) (G1 Evacuation Pause)
[3683.450s][info][gc,task        ] GC(880) Using 6 workers of 6 for evacuation
[3683.568s][info][gc,phases      ] GC(880)   Pre Evacuate Collection Set: 0.38ms
[3683.568s][info][gc,phases      ] GC(880)   Merge Heap Roots: 0.66ms
[3683.568s][info][gc,phases      ] GC(880)   Evacuate Collection Set: 116.56ms
[3683.568s][info][gc,phases      ] GC(880)   Post Evacuate Collection Set: 0.90ms
[3683.568s][info][gc,phases      ] GC(880)   Other: 0.10ms
[3683.568s][info][gc,heap        ] GC(880) Eden regions: 1115->0(1108)
[3683.568s][info][gc,heap        ] GC(880) Survivor regions: 113->110(154)
[3683.568s][info][gc,heap        ] GC(880) Old regions: 506->537
[3683.568s][info][gc,heap        ] GC(880) Humongous regions: 80->80
[3683.568s][info][gc,metaspace   ] GC(880) Metaspace: 28960K(29376K)->28960K(29376K) NonClass: 24091K(24256K)->24091K(24256K) Class: 4869K(5120K)->4869K(5120K)
[3683.568s][info][gc             ] GC(880) Pause Young (Prepare Mixed) (G1 Evacuation Pause) 3626M->1452M(4096M) 118.730ms
[3683.568s][info][gc,cpu         ] GC(880) User=0.71s Sys=0.00s Real=0.12s
...[3686.358s][info][gc,start       ] GC(881) Pause Young (Mixed) (G1 Evacuation Pause)
[3686.359s][info][gc,task        ] GC(881) Using 6 workers of 6 for evacuation
[3686.493s][info][gc,phases      ] GC(881)   Pre Evacuate Collection Set: 0.38ms
[3686.493s][info][gc,phases      ] GC(881)   Merge Heap Roots: 0.69ms
[3686.493s][info][gc,phases      ] GC(881)   Evacuate Collection Set: 132.29ms
[3686.493s][info][gc,phases      ] GC(881)   Post Evacuate Collection Set: 0.92ms
[3686.493s][info][gc,phases      ] GC(881)   Other: 0.09ms
[3686.493s][info][gc,heap        ] GC(881) Eden regions: 1108->0(1118)
[3686.493s][info][gc,heap        ] GC(881) Survivor regions: 110->110(153)
[3686.493s][info][gc,heap        ] GC(881) Old regions: 537->474
[3686.493s][info][gc,heap        ] GC(881) Humongous regions: 80->80
[3686.493s][info][gc,metaspace   ] GC(881) Metaspace: 28960K(29376K)->28960K(29376K) NonClass: 24091K(24256K)->24091K(24256K) Class: 4869K(5120K)->4869K(5120K)
[3686.493s][info][gc             ] GC(881) Pause Young (Mixed) (G1 Evacuation Pause) 3668M->1325M(4096M) 134.518ms
[3686.493s][info][gc,cpu         ] GC(881) User=0.80s Sys=0.00s Real=0.14s
...[3689.290s][info][gc,start       ] GC(882) Pause Young (Concurrent Start) (G1 Evacuation Pause)
[3689.290s][info][gc,task        ] GC(882) Using 6 workers of 6 for evacuation
[3689.410s][info][gc,phases      ] GC(882)   Pre Evacuate Collection Set: 0.35ms
[3689.410s][info][gc,phases      ] GC(882)   Merge Heap Roots: 0.50ms
[3689.410s][info][gc,phases      ] GC(882)   Evacuate Collection Set: 118.40ms
[3689.410s][info][gc,phases      ] GC(882)   Post Evacuate Collection Set: 0.88ms
[3689.410s][info][gc,phases      ] GC(882)   Other: 0.10ms
[3689.410s][info][gc,heap        ] GC(882) Eden regions: 1118->0(1117)
[3689.410s][info][gc,heap        ] GC(882) Survivor regions: 110->111(154)
[3689.410s][info][gc,heap        ] GC(882) Old regions: 474->506
[3689.410s][info][gc,heap        ] GC(882) Humongous regions: 80->80
[3689.410s][info][gc,metaspace   ] GC(882) Metaspace: 28960K(29376K)->28960K(29376K) NonClass: 24091K(24256K)->24091K(24256K) Class: 4869K(5120K)->4869K(5120K)
[3689.410s][info][gc             ] GC(882) Pause Young (Concurrent Start) (G1 Evacuation Pause) 3561M->1392M(4096M) 120.371ms
[3689.410s][info][gc             ] GC(883) Concurrent Mark Cycle
[3689.410s][info][gc,marking     ] GC(883) Concurrent Scan Root Regions
[3689.410s][info][gc,cpu         ] GC(882) User=0.71s Sys=0.00s Real=0.12s
[3689.593s][info][gc,marking     ] GC(883) Concurrent Scan Root Regions 182.365ms
[3689.593s][info][gc,marking     ] GC(883) Concurrent Mark
[3689.593s][info][gc,marking     ] GC(883) Concurrent Mark From Roots
[3689.593s][info][gc,task        ] GC(883) Using 2 workers of 2 for marking
.[3690.551s][info][gc,marking     ] GC(883) Concurrent Mark From Roots 957.785ms
[3690.551s][info][gc,marking     ] GC(883) Concurrent Preclean
[3690.551s][info][gc,marking     ] GC(883) Concurrent Preclean 0.110ms
[3690.552s][info][gc,start       ] GC(883) Pause Remark
[3690.557s][info][gc             ] GC(883) Pause Remark 2340M->2340M(4096M) 4.541ms
[3690.557s][info][gc,cpu         ] GC(883) User=0.03s Sys=0.00s Real=0.01s
[3690.557s][info][gc,marking     ] GC(883) Concurrent Mark 963.894ms
[3690.557s][info][gc,marking     ] GC(883) Concurrent Rebuild Remembered Sets and Scrub Regions
[3690.813s][info][gc,marking     ] GC(883) Concurrent Rebuild Remembered Sets and Scrub Regions 256.416ms
[3690.813s][info][gc,start       ] GC(883) Pause Cleanup
[3690.813s][info][gc             ] GC(883) Pause Cleanup 2549M->2549M(4096M) 0.107ms
[3690.813s][info][gc,cpu         ] GC(883) User=0.00s Sys=0.00s Real=0.00s
[3690.814s][info][gc,marking     ] GC(883) Concurrent Clear Claimed Marks
[3690.814s][info][gc,marking     ] GC(883) Concurrent Clear Claimed Marks 0.030ms
[3690.814s][info][gc,marking     ] GC(883) Concurrent Cleanup for Next Mark
[3690.819s][info][gc,marking     ] GC(883) Concurrent Cleanup for Next Mark 4.981ms
[3690.819s][info][gc             ] GC(883) Concurrent Mark Cycle 1408.145ms
..[3692.224s][info][gc,start       ] GC(884) Pause Young (Prepare Mixed) (G1 Evacuation Pause)
[3692.224s][info][gc,task        ] GC(884) Using 6 workers of 6 for evacuation
[3692.344s][info][gc,phases      ] GC(884)   Pre Evacuate Collection Set: 0.32ms
[3692.345s][info][gc,phases      ] GC(884)   Merge Heap Roots: 0.57ms
[3692.345s][info][gc,phases      ] GC(884)   Evacuate Collection Set: 118.93ms
[3692.345s][info][gc,phases      ] GC(884)   Post Evacuate Collection Set: 0.91ms
[3692.345s][info][gc,phases      ] GC(884)   Other: 0.09ms
[3692.345s][info][gc,heap        ] GC(884) Eden regions: 1117->0(1105)
[3692.345s][info][gc,heap        ] GC(884) Survivor regions: 111->111(154)
[3692.345s][info][gc,heap        ] GC(884) Old regions: 506->538
[3692.345s][info][gc,heap        ] GC(884) Humongous regions: 80->80
[3692.345s][info][gc,metaspace   ] GC(884) Metaspace: 28960K(29376K)->28960K(29376K) NonClass: 24091K(24256K)->24091K(24256K) Class: 4869K(5120K)->4869K(5120K)
[3692.345s][info][gc             ] GC(884) Pause Young (Prepare Mixed) (G1 Evacuation Pause) 3626M->1455M(4096M) 120.954ms
[3692.345s][info][gc,cpu         ] GC(884) User=0.72s Sys=0.00s Real=0.12s
...[3695.047s][info][gc,start       ] GC(885) Pause Young (Mixed) (G1 Evacuation Pause)
[3695.047s][info][gc,task        ] GC(885) Using 6 workers of 6 for evacuation
[3695.179s][info][gc,phases      ] GC(885)   Pre Evacuate Collection Set: 0.39ms
[3695.179s][info][gc,phases      ] GC(885)   Merge Heap Roots: 0.70ms
[3695.179s][info][gc,phases      ] GC(885)   Evacuate Collection Set: 130.39ms
[3695.179s][info][gc,phases      ] GC(885)   Post Evacuate Collection Set: 0.97ms
[3695.179s][info][gc,phases      ] GC(885)   Other: 0.09ms
[3695.179s][info][gc,heap        ] GC(885) Eden regions: 1105->0(1121)
[3695.179s][info][gc,heap        ] GC(885) Survivor regions: 111->107(152)
[3695.179s][info][gc,heap        ] GC(885) Old regions: 538->473
[3695.179s][info][gc,heap        ] GC(885) Humongous regions: 80->80
[3695.179s][info][gc,metaspace   ] GC(885) Metaspace: 28960K(29376K)->28960K(29376K) NonClass: 24091K(24256K)->24091K(24256K) Class: 4869K(5120K)->4869K(5120K)
[3695.179s][info][gc             ] GC(885) Pause Young (Mixed) (G1 Evacuation Pause) 3665M->1318M(4096M) 132.687ms
[3695.179s][info][gc,cpu         ] GC(885) User=0.79s Sys=0.00s Real=0.13s
..[3697.968s][info][gc,start       ] GC(886) Pause Young (Concurrent Start) (G1 Evacuation Pause)
[3697.968s][info][gc,task        ] GC(886) Using 6 workers of 6 for evacuation
[3698.088s][info][gc,phases      ] GC(886)   Pre Evacuate Collection Set: 0.37ms
[3698.088s][info][gc,phases      ] GC(886)   Merge Heap Roots: 0.46ms
[3698.088s][info][gc,phases      ] GC(886)   Evacuate Collection Set: 118.65ms
[3698.088s][info][gc,phases      ] GC(886)   Post Evacuate Collection Set: 0.88ms
[3698.088s][info][gc,phases      ] GC(886)   Other: 0.12ms
[3698.088s][info][gc,heap        ] GC(886) Eden regions: 1121->0(1118)
[3698.088s][info][gc,heap        ] GC(886) Survivor regions: 107->110(154)
[3698.088s][info][gc,heap        ] GC(886) Old regions: 473->506
[3698.088s][info][gc,heap        ] GC(886) Humongous regions: 80->80
[3698.088s][info][gc,metaspace   ] GC(886) Metaspace: 28960K(29376K)->28960K(29376K) NonClass: 24091K(24256K)->24091K(24256K) Class: 4869K(5120K)->4869K(5120K)
[3698.088s][info][gc             ] GC(886) Pause Young (Concurrent Start) (G1 Evacuation Pause) 3560M->1391M(4096M) 120.629ms
[3698.088s][info][gc             ] GC(887) Concurrent Mark Cycle
[3698.088s][info][gc,marking     ] GC(887) Concurrent Scan Root Regions
[3698.088s][info][gc,cpu         ] GC(886) User=0.72s Sys=0.00s Real=0.12s
.[3698.272s][info][gc,marking     ] GC(887) Concurrent Scan Root Regions 183.592ms
[3698.272s][info][gc,marking     ] GC(887) Concurrent Mark
[3698.272s][info][gc,marking     ] GC(887) Concurrent Mark From Roots
[3698.272s][info][gc,task        ] GC(887) Using 2 workers of 2 for marking
.[3699.260s][info][gc,marking     ] GC(887) Concurrent Mark From Roots 988.248ms
[3699.260s][info][gc,marking     ] GC(887) Concurrent Preclean
[3699.260s][info][gc,marking     ] GC(887) Concurrent Preclean 0.107ms
[3699.261s][info][gc,start       ] GC(887) Pause Remark
[3699.268s][info][gc             ] GC(887) Pause Remark 2367M->2367M(4096M) 6.930ms
[3699.268s][info][gc,cpu         ] GC(887) User=0.04s Sys=0.00s Real=0.01s
[3699.268s][info][gc,marking     ] GC(887) Concurrent Mark 996.381ms
[3699.268s][info][gc,marking     ] GC(887) Concurrent Rebuild Remembered Sets and Scrub Regions
[3699.636s][info][gc,marking     ] GC(887) Concurrent Rebuild Remembered Sets and Scrub Regions 367.560ms
[3699.637s][info][gc,start       ] GC(887) Pause Cleanup
[3699.637s][info][gc             ] GC(887) Pause Cleanup 2647M->2647M(4096M) 0.126ms
[3699.637s][info][gc,cpu         ] GC(887) User=0.00s Sys=0.00s Real=0.00s
[3699.638s][info][gc,marking     ] GC(887) Concurrent Clear Claimed Marks
[3699.638s][info][gc,marking     ] GC(887) Concurrent Clear Claimed Marks 0.043ms
[3699.638s][info][gc,marking     ] GC(887) Concurrent Cleanup for Next Mark
[3699.643s][info][gc,marking     ] GC(887) Concurrent Cleanup for Next Mark 4.796ms
[3699.643s][info][gc             ] GC(887) Concurrent Mark Cycle 1554.707ms
.[3700.861s][info][gc,start       ] GC(888) Pause Young (Prepare Mixed) (G1 Evacuation Pause)
[3700.861s][info][gc,task        ] GC(888) Using 6 workers of 6 for evacuation
[3700.980s][info][gc,phases      ] GC(888)   Pre Evacuate Collection Set: 0.33ms
[3700.980s][info][gc,phases      ] GC(888)   Merge Heap Roots: 0.53ms
[3700.980s][info][gc,phases      ] GC(888)   Evacuate Collection Set: 117.66ms
[3700.980s][info][gc,phases      ] GC(888)   Post Evacuate Collection Set: 0.96ms
[3700.980s][info][gc,phases      ] GC(888)   Other: 0.09ms
[3700.980s][info][gc,heap        ] GC(888) Eden regions: 1118->0(1104)
[3700.980s][info][gc,heap        ] GC(888) Survivor regions: 110->112(154)
[3700.980s][info][gc,heap        ] GC(888) Old regions: 506->537
[3700.980s][info][gc,heap        ] GC(888) Humongous regions: 80->80
[3700.980s][info][gc,metaspace   ] GC(888) Metaspace: 28960K(29376K)->28960K(29376K) NonClass: 24091K(24256K)->24091K(24256K) Class: 4869K(5120K)->4869K(5120K)
[3700.980s][info][gc             ] GC(888) Pause Young (Prepare Mixed) (G1 Evacuation Pause) 3627M->1456M(4096M) 119.715ms
[3700.980s][info][gc,cpu         ] GC(888) User=0.71s Sys=0.00s Real=0.12s
...[3703.760s][info][gc,start       ] GC(889) Pause Young (Mixed) (G1 Evacuation Pause)
[3703.760s][info][gc,task        ] GC(889) Using 6 workers of 6 for evacuation
[3703.900s][info][gc,phases      ] GC(889)   Pre Evacuate Collection Set: 0.36ms
[3703.900s][info][gc,phases      ] GC(889)   Merge Heap Roots: 0.78ms
[3703.900s][info][gc,phases      ] GC(889)   Evacuate Collection Set: 138.03ms
[3703.900s][info][gc,phases      ] GC(889)   Post Evacuate Collection Set: 0.93ms
[3703.900s][info][gc,phases      ] GC(889)   Other: 0.08ms
[3703.900s][info][gc,heap        ] GC(889) Eden regions: 1104->0(1117)
[3703.900s][info][gc,heap        ] GC(889) Survivor regions: 112->111(152)
[3703.900s][info][gc,heap        ] GC(889) Old regions: 537->475
[3703.900s][info][gc,heap        ] GC(889) Humongous regions: 80->80
[3703.900s][info][gc,metaspace   ] GC(889) Metaspace: 28960K(29376K)->28960K(29376K) NonClass: 24091K(24256K)->24091K(24256K) Class: 4869K(5120K)->4869K(5120K)
[3703.900s][info][gc             ] GC(889) Pause Young (Mixed) (G1 Evacuation Pause) 3664M->1329M(4096M) 140.319ms
[3703.900s][info][gc,cpu         ] GC(889) User=0.84s Sys=0.01s Real=0.14s
...[3706.678s][info][gc,start       ] GC(890) Pause Young (Concurrent Start) (G1 Evacuation Pause)
[3706.678s][info][gc,task        ] GC(890) Using 6 workers of 6 for evacuation
[3706.797s][info][gc,phases      ] GC(890)   Pre Evacuate Collection Set: 0.33ms
[3706.797s][info][gc,phases      ] GC(890)   Merge Heap Roots: 0.46ms
[3706.797s][info][gc,phases      ] GC(890)   Evacuate Collection Set: 117.66ms
[3706.797s][info][gc,phases      ] GC(890)   Post Evacuate Collection Set: 0.87ms
[3706.797s][info][gc,phases      ] GC(890)   Other: 0.10ms
[3706.797s][info][gc,heap        ] GC(890) Eden regions: 1117->0(1117)
[3706.797s][info][gc,heap        ] GC(890) Survivor regions: 111->111(154)
[3706.797s][info][gc,heap        ] GC(890) Old regions: 475->506
[3706.797s][info][gc,heap        ] GC(890) Humongous regions: 80->80
[3706.797s][info][gc,metaspace   ] GC(890) Metaspace: 28960K(29376K)->28960K(29376K) NonClass: 24091K(24256K)->24091K(24256K) Class: 4869K(5120K)->4869K(5120K)
[3706.797s][info][gc             ] GC(890) Pause Young (Concurrent Start) (G1 Evacuation Pause) 3563M->1392M(4096M) 119.556ms
[3706.797s][info][gc             ] GC(891) Concurrent Mark Cycle
[3706.797s][info][gc,marking     ] GC(891) Concurrent Scan Root Regions
[3706.797s][info][gc,cpu         ] GC(890) User=0.71s Sys=0.00s Real=0.12s
[3706.979s][info][gc,marking     ] GC(891) Concurrent Scan Root Regions 181.939ms
[3706.979s][info][gc,marking     ] GC(891) Concurrent Mark
[3706.979s][info][gc,marking     ] GC(891) Concurrent Mark From Roots
[3706.979s][info][gc,task        ] GC(891) Using 2 workers of 2 for marking
. (rIR:aIR:PR = 6503:6492:6492) (tPR = 95997) [OK] 
  3707s: Performance info:
         Transaction,    Success,    Partial,     Failed,   Receipts, AvgBarcode, 
             Overall,     394364,          0,          0,     374642,      59.48, 
         Response times:
             Request,    Success,    Partial,     Failed,   SkipFail,     Probes,    Samples,      min,      p50,      p90,      p95,      p99,      max, 
       TotalPurchase,     374644,          0,          0,          0,     361811,     395706,      300,     5500,    25000,    54000,   123000,   416000,
     InStorePurchase,     197145,          0,          0,          0,     190081,     207766,      300,     5500,    24000,    54000,   122330,   372000,
      OnlinePurchase,     138050,          0,          0,          0,     133589,     146091,      300,     5600,    25000,    55000,   122000,   416000,
        InstPurchase,      39449,          0,          0,          0,      38141,      41849,      300,     5300,    26000,    56000,   125000,   365000,
          AssocOfCat,        395,          0,          0,          0,        302,        397,    19900,    38000,    79200,    98100,   190140,   205000,
      AssocOfProduct,       3941,          0,          0,          0,       3631,       4151,      800,     6100,    31000,    60000,   127480,   228000,
      BusinessReport,        990,          0,          0,          0,        853,       1061,    27000,    45000,    88800,   132700,   194760,   249000,
          CustBuyBeh,       3939,          0,          0,          0,       3672,       4224,      200,     4200,    22000,    48750,   120000,   189000,
       ProductReturn,      10454,          0,          0,          0,       9989,      11166,      300,     5400,    24000,    53000,   124000,   262000,

  3707s: (48%)   IR =   6642 [3707.844s][info][gc,marking     ] GC(891) Concurrent Mark From Roots 864.735ms
[3707.844s][info][gc,marking     ] GC(891) Concurrent Preclean
[3707.844s][info][gc,marking     ] GC(891) Concurrent Preclean 0.069ms
[3707.844s][info][gc,start       ] GC(891) Pause Remark
[3707.849s][info][gc             ] GC(891) Pause Remark 2234M->2234M(4096M) 4.960ms
[3707.849s][info][gc,cpu         ] GC(891) User=0.02s Sys=0.00s Real=0.00s
[3707.849s][info][gc,marking     ] GC(891) Concurrent Mark 870.012ms
[3707.849s][info][gc,marking     ] GC(891) Concurrent Rebuild Remembered Sets and Scrub Regions
[3708.225s][info][gc,marking     ] GC(891) Concurrent Rebuild Remembered Sets and Scrub Regions 375.829ms
[3708.225s][info][gc,start       ] GC(891) Pause Cleanup
[3708.225s][info][gc             ] GC(891) Pause Cleanup 2566M->2566M(4096M) 0.110ms
[3708.225s][info][gc,cpu         ] GC(891) User=0.00s Sys=0.00s Real=0.00s
[3708.225s][info][gc,marking     ] GC(891) Concurrent Clear Claimed Marks
[3708.225s][info][gc,marking     ] GC(891) Concurrent Clear Claimed Marks 0.022ms
[3708.225s][info][gc,marking     ] GC(891) Concurrent Cleanup for Next Mark
[3708.230s][info][gc,marking     ] GC(891) Concurrent Cleanup for Next Mark 4.404ms
[3708.230s][info][gc             ] GC(891) Concurrent Mark Cycle 1432.680ms
..[3709.618s][info][gc,start       ] GC(892) Pause Young (Prepare Mixed) (G1 Evacuation Pause)
[3709.619s][info][gc,task        ] GC(892) Using 6 workers of 6 for evacuation
[3709.740s][info][gc,phases      ] GC(892)   Pre Evacuate Collection Set: 0.31ms
[3709.740s][info][gc,phases      ] GC(892)   Merge Heap Roots: 0.51ms
[3709.740s][info][gc,phases      ] GC(892)   Evacuate Collection Set: 119.93ms
[3709.740s][info][gc,phases      ] GC(892)   Post Evacuate Collection Set: 0.93ms
[3709.740s][info][gc,phases      ] GC(892)   Other: 0.10ms
[3709.740s][info][gc,heap        ] GC(892) Eden regions: 1117->0(1101)
[3709.740s][info][gc,heap        ] GC(892) Survivor regions: 111->113(154)
[3709.740s][info][gc,heap        ] GC(892) Old regions: 506->538
[3709.740s][info][gc,heap        ] GC(892) Humongous regions: 80->80
[3709.740s][info][gc,metaspace   ] GC(892) Metaspace: 28960K(29376K)->28960K(29376K) NonClass: 24091K(24256K)->24091K(24256K) Class: 4869K(5120K)->4869K(5120K)
[3709.740s][info][gc             ] GC(892) Pause Young (Prepare Mixed) (G1 Evacuation Pause) 3626M->1459M(4096M) 121.903ms
[3709.740s][info][gc,cpu         ] GC(892) User=0.73s Sys=0.00s Real=0.12s
...|[3712.446s][info][gc,start       ] GC(893) Pause Young (Mixed) (G1 Evacuation Pause)
[3712.446s][info][gc,task        ] GC(893) Using 6 workers of 6 for evacuation
[3712.587s][info][gc,phases      ] GC(893)   Pre Evacuate Collection Set: 0.35ms
[3712.587s][info][gc,phases      ] GC(893)   Merge Heap Roots: 0.78ms
[3712.587s][info][gc,phases      ] GC(893)   Evacuate Collection Set: 138.99ms
[3712.587s][info][gc,phases      ] GC(893)   Post Evacuate Collection Set: 1.08ms
[3712.587s][info][gc,phases      ] GC(893)   Other: 0.10ms
[3712.587s][info][gc,heap        ] GC(893) Eden regions: 1101->0(1114)
[3712.587s][info][gc,heap        ] GC(893) Survivor regions: 113->114(152)
[3712.587s][info][gc,heap        ] GC(893) Old regions: 538->474
[3712.587s][info][gc,heap        ] GC(893) Humongous regions: 80->80
[3712.587s][info][gc,metaspace   ] GC(893) Metaspace: 28960K(29376K)->28960K(29376K) NonClass: 24091K(24256K)->24091K(24256K) Class: 4869K(5120K)->4869K(5120K)
[3712.587s][info][gc             ] GC(893) Pause Young (Mixed) (G1 Evacuation Pause) 3661M->1335M(4096M) 141.443ms
[3712.587s][info][gc,cpu         ] GC(893) User=0.85s Sys=0.00s Real=0.14s
..[3715.257s][info][gc,start       ] GC(894) Pause Young (Concurrent Start) (G1 Evacuation Pause)
[3715.257s][info][gc,task        ] GC(894) Using 6 workers of 6 for evacuation
[3715.375s][info][gc,phases      ] GC(894)   Pre Evacuate Collection Set: 0.39ms
[3715.375s][info][gc,phases      ] GC(894)   Merge Heap Roots: 0.51ms
[3715.375s][info][gc,phases      ] GC(894)   Evacuate Collection Set: 115.89ms
[3715.375s][info][gc,phases      ] GC(894)   Post Evacuate Collection Set: 0.88ms
[3715.375s][info][gc,phases      ] GC(894)   Other: 0.13ms
[3715.375s][info][gc,heap        ] GC(894) Eden regions: 1114->0(1119)
[3715.375s][info][gc,heap        ] GC(894) Survivor regions: 114->109(154)
[3715.375s][info][gc,heap        ] GC(894) Old regions: 474->506
[3715.375s][info][gc,heap        ] GC(894) Humongous regions: 80->80
[3715.375s][info][gc,metaspace   ] GC(894) Metaspace: 28960K(29376K)->28960K(29376K) NonClass: 24091K(24256K)->24091K(24256K) Class: 4869K(5120K)->4869K(5120K)
[3715.375s][info][gc             ] GC(894) Pause Young (Concurrent Start) (G1 Evacuation Pause) 3563M->1388M(4096M) 117.943ms
[3715.375s][info][gc             ] GC(895) Concurrent Mark Cycle
[3715.375s][info][gc,marking     ] GC(895) Concurrent Scan Root Regions
[3715.375s][info][gc,cpu         ] GC(894) User=0.70s Sys=0.00s Real=0.12s
.[3715.560s][info][gc,marking     ] GC(895) Concurrent Scan Root Regions 185.522ms
[3715.560s][info][gc,marking     ] GC(895) Concurrent Mark
[3715.560s][info][gc,marking     ] GC(895) Concurrent Mark From Roots
[3715.560s][info][gc,task        ] GC(895) Using 2 workers of 2 for marking
[3716.263s][info][gc,marking     ] GC(895) Concurrent Mark From Roots 702.314ms
[3716.263s][info][gc,marking     ] GC(895) Concurrent Preclean
[3716.263s][info][gc,marking     ] GC(895) Concurrent Preclean 0.104ms
[3716.263s][info][gc,start       ] GC(895) Pause Remark
[3716.268s][info][gc             ] GC(895) Pause Remark 2072M->2072M(4096M) 4.839ms
[3716.268s][info][gc,cpu         ] GC(895) User=0.03s Sys=0.00s Real=0.00s
[3716.268s][info][gc,marking     ] GC(895) Concurrent Mark 707.516ms
[3716.268s][info][gc,marking     ] GC(895) Concurrent Rebuild Remembered Sets and Scrub Regions
.[3716.531s][info][gc,marking     ] GC(895) Concurrent Rebuild Remembered Sets and Scrub Regions 263.284ms
[3716.531s][info][gc,start       ] GC(895) Pause Cleanup
[3716.531s][info][gc             ] GC(895) Pause Cleanup 2337M->2337M(4096M) 0.117ms
[3716.531s][info][gc,cpu         ] GC(895) User=0.00s Sys=0.00s Real=0.00s
[3716.532s][info][gc,marking     ] GC(895) Concurrent Clear Claimed Marks
[3716.532s][info][gc,marking     ] GC(895) Concurrent Clear Claimed Marks 0.034ms
[3716.532s][info][gc,marking     ] GC(895) Concurrent Cleanup for Next Mark
[3716.538s][info][gc,marking     ] GC(895) Concurrent Cleanup for Next Mark 6.114ms
[3716.538s][info][gc             ] GC(895) Concurrent Mark Cycle 1163.508ms
.[3718.124s][info][gc,start       ] GC(896) Pause Young (Prepare Mixed) (G1 Evacuation Pause)
[3718.124s][info][gc,task        ] GC(896) Using 6 workers of 6 for evacuation
[3718.241s][info][gc,phases      ] GC(896)   Pre Evacuate Collection Set: 0.31ms
[3718.241s][info][gc,phases      ] GC(896)   Merge Heap Roots: 0.56ms
[3718.241s][info][gc,phases      ] GC(896)   Evacuate Collection Set: 115.21ms
[3718.241s][info][gc,phases      ] GC(896)   Post Evacuate Collection Set: 0.93ms
[3718.241s][info][gc,phases      ] GC(896)   Other: 0.08ms
[3718.241s][info][gc,heap        ] GC(896) Eden regions: 1119->0(1112)
[3718.241s][info][gc,heap        ] GC(896) Survivor regions: 109->108(154)
[3718.241s][info][gc,heap        ] GC(896) Old regions: 506->537
[3718.241s][info][gc,heap        ] GC(896) Humongous regions: 80->80
[3718.241s][info][gc,metaspace   ] GC(896) Metaspace: 28960K(29376K)->28960K(29376K) NonClass: 24091K(24256K)->24091K(24256K) Class: 4869K(5120K)->4869K(5120K)
[3718.241s][info][gc             ] GC(896) Pause Young (Prepare Mixed) (G1 Evacuation Pause) 3626M->1448M(4096M) 117.230ms
[3718.241s][info][gc,cpu         ] GC(896) User=0.70s Sys=0.00s Real=0.11s
...[3720.904s][info][gc,start       ] GC(897) Pause Young (Mixed) (G1 Evacuation Pause)
[3720.904s][info][gc,task        ] GC(897) Using 6 workers of 6 for evacuation
[3721.044s][info][gc,phases      ] GC(897)   Pre Evacuate Collection Set: 0.33ms
[3721.044s][info][gc,phases      ] GC(897)   Merge Heap Roots: 0.68ms
[3721.044s][info][gc,phases      ] GC(897)   Evacuate Collection Set: 137.97ms
[3721.044s][info][gc,phases      ] GC(897)   Post Evacuate Collection Set: 0.95ms
[3721.044s][info][gc,phases      ] GC(897)   Other: 0.09ms
[3721.044s][info][gc,heap        ] GC(897) Eden regions: 1112->0(1115)
[3721.044s][info][gc,heap        ] GC(897) Survivor regions: 108->113(153)
[3721.044s][info][gc,heap        ] GC(897) Old regions: 537->473
[3721.044s][info][gc,heap        ] GC(897) Humongous regions: 80->80
[3721.044s][info][gc,metaspace   ] GC(897) Metaspace: 28960K(29376K)->28960K(29376K) NonClass: 24091K(24256K)->24091K(24256K) Class: 4869K(5120K)->4869K(5120K)
[3721.044s][info][gc             ] GC(897) Pause Young (Mixed) (G1 Evacuation Pause) 3672M->1331M(4096M) 140.152ms
[3721.044s][info][gc,cpu         ] GC(897) User=0.83s Sys=0.00s Real=0.14s
...[3723.790s][info][gc,start       ] GC(898) Pause Young (Concurrent Start) (G1 Evacuation Pause)
[3723.790s][info][gc,task        ] GC(898) Using 6 workers of 6 for evacuation
[3723.914s][info][gc,phases      ] GC(898)   Pre Evacuate Collection Set: 0.38ms
[3723.914s][info][gc,phases      ] GC(898)   Merge Heap Roots: 0.49ms
[3723.914s][info][gc,phases      ] GC(898)   Evacuate Collection Set: 121.30ms
[3723.914s][info][gc,phases      ] GC(898)   Post Evacuate Collection Set: 0.86ms
[3723.914s][info][gc,phases      ] GC(898)   Other: 0.13ms
[3723.914s][info][gc,heap        ] GC(898) Eden regions: 1115->0(1113)
[3723.914s][info][gc,heap        ] GC(898) Survivor regions: 113->115(154)
[3723.914s][info][gc,heap        ] GC(898) Old regions: 473->506
[3723.914s][info][gc,heap        ] GC(898) Humongous regions: 80->80
[3723.914s][info][gc,metaspace   ] GC(898) Metaspace: 28960K(29376K)->28960K(29376K) NonClass: 24091K(24256K)->24091K(24256K) Class: 4869K(5120K)->4869K(5120K)
[3723.914s][info][gc             ] GC(898) Pause Young (Concurrent Start) (G1 Evacuation Pause) 3561M->1399M(4096M) 123.305ms
[3723.914s][info][gc             ] GC(899) Concurrent Mark Cycle
[3723.914s][info][gc,marking     ] GC(899) Concurrent Scan Root Regions
[3723.914s][info][gc,cpu         ] GC(898) User=0.73s Sys=0.00s Real=0.13s
[3724.099s][info][gc,marking     ] GC(899) Concurrent Scan Root Regions 185.120ms
[3724.099s][info][gc,marking     ] GC(899) Concurrent Mark
[3724.099s][info][gc,marking     ] GC(899) Concurrent Mark From Roots
[3724.099s][info][gc,task        ] GC(899) Using 2 workers of 2 for marking
.[3725.104s][info][gc,marking     ] GC(899) Concurrent Mark From Roots 1005.469ms
[3725.104s][info][gc,marking     ] GC(899) Concurrent Preclean
[3725.105s][info][gc,marking     ] GC(899) Concurrent Preclean 0.134ms
[3725.105s][info][gc,start       ] GC(899) Pause Remark
[3725.112s][info][gc             ] GC(899) Pause Remark 2419M->2419M(4096M) 6.889ms
[3725.112s][info][gc,cpu         ] GC(899) User=0.04s Sys=0.00s Real=0.00s
[3725.112s][info][gc,marking     ] GC(899) Concurrent Mark 1013.263ms
[3725.112s][info][gc,marking     ] GC(899) Concurrent Rebuild Remembered Sets and Scrub Regions
[3725.478s][info][gc,marking     ] GC(899) Concurrent Rebuild Remembered Sets and Scrub Regions 365.879ms
[3725.478s][info][gc,start       ] GC(899) Pause Cleanup
[3725.478s][info][gc             ] GC(899) Pause Cleanup 2757M->2757M(4096M) 0.110ms
[3725.478s][info][gc,cpu         ] GC(899) User=0.00s Sys=0.00s Real=0.00s
[3725.478s][info][gc,marking     ] GC(899) Concurrent Clear Claimed Marks
[3725.478s][info][gc,marking     ] GC(899) Concurrent Clear Claimed Marks 0.023ms
[3725.478s][info][gc,marking     ] GC(899) Concurrent Cleanup for Next Mark
[3725.483s][info][gc,marking     ] GC(899) Concurrent Cleanup for Next Mark 4.376ms
[3725.483s][info][gc             ] GC(899) Concurrent Mark Cycle 1569.122ms
.[3726.629s][info][gc,start       ] GC(900) Pause Young (Prepare Mixed) (G1 Evacuation Pause)
[3726.629s][info][gc,task        ] GC(900) Using 6 workers of 6 for evacuation
[3726.753s][info][gc,phases      ] GC(900)   Pre Evacuate Collection Set: 0.34ms
[3726.753s][info][gc,phases      ] GC(900)   Merge Heap Roots: 0.52ms
[3726.753s][info][gc,phases      ] GC(900)   Evacuate Collection Set: 121.45ms
[3726.753s][info][gc,phases      ] GC(900)   Post Evacuate Collection Set: 0.93ms
[3726.753s][info][gc,phases      ] GC(900)   Other: 0.08ms
[3726.753s][info][gc,heap        ] GC(900) Eden regions: 1113->0(1102)
[3726.753s][info][gc,heap        ] GC(900) Survivor regions: 115->113(154)
[3726.753s][info][gc,heap        ] GC(900) Old regions: 506->537
[3726.753s][info][gc,heap        ] GC(900) Humongous regions: 80->80
[3726.753s][info][gc,metaspace   ] GC(900) Metaspace: 28960K(29376K)->28960K(29376K) NonClass: 24091K(24256K)->24091K(24256K) Class: 4869K(5120K)->4869K(5120K)
[3726.753s][info][gc             ] GC(900) Pause Young (Prepare Mixed) (G1 Evacuation Pause) 3625M->1458M(4096M) 123.451ms
[3726.753s][info][gc,cpu         ] GC(900) User=0.74s Sys=0.00s Real=0.13s
...[3729.403s][info][gc,start       ] GC(901) Pause Young (Mixed) (G1 Evacuation Pause)
[3729.403s][info][gc,task        ] GC(901) Using 6 workers of 6 for evacuation
[3729.544s][info][gc,phases      ] GC(901)   Pre Evacuate Collection Set: 0.37ms
[3729.544s][info][gc,phases      ] GC(901)   Merge Heap Roots: 0.81ms
[3729.544s][info][gc,phases      ] GC(901)   Evacuate Collection Set: 139.02ms
[3729.544s][info][gc,phases      ] GC(901)   Post Evacuate Collection Set: 0.95ms
[3729.545s][info][gc,phases      ] GC(901)   Other: 0.10ms
[3729.545s][info][gc,heap        ] GC(901) Eden regions: 1102->0(1118)
[3729.545s][info][gc,heap        ] GC(901) Survivor regions: 113->110(152)
[3729.545s][info][gc,heap        ] GC(901) Old regions: 537->473
[3729.545s][info][gc,heap        ] GC(901) Humongous regions: 80->80
[3729.545s][info][gc,metaspace   ] GC(901) Metaspace: 28960K(29376K)->28960K(29376K) NonClass: 24091K(24256K)->24091K(24256K) Class: 4869K(5120K)->4869K(5120K)
[3729.545s][info][gc             ] GC(901) Pause Young (Mixed) (G1 Evacuation Pause) 3662M->1325M(4096M) 141.387ms
[3729.545s][info][gc,cpu         ] GC(901) User=0.83s Sys=0.00s Real=0.14s
...[3732.279s][info][gc,start       ] GC(902) Pause Young (Concurrent Start) (G1 Evacuation Pause)
[3732.279s][info][gc,task        ] GC(902) Using 6 workers of 6 for evacuation
[3732.395s][info][gc,phases      ] GC(902)   Pre Evacuate Collection Set: 0.36ms
[3732.395s][info][gc,phases      ] GC(902)   Merge Heap Roots: 0.54ms
[3732.395s][info][gc,phases      ] GC(902)   Evacuate Collection Set: 114.17ms
[3732.395s][info][gc,phases      ] GC(902)   Post Evacuate Collection Set: 0.87ms
[3732.395s][info][gc,phases      ] GC(902)   Other: 0.09ms
[3732.395s][info][gc,heap        ] GC(902) Eden regions: 1118->0(1120)
[3732.395s][info][gc,heap        ] GC(902) Survivor regions: 110->108(154)
[3732.395s][info][gc,heap        ] GC(902) Old regions: 473->505
[3732.395s][info][gc,heap        ] GC(902) Humongous regions: 80->80
[3732.395s][info][gc,metaspace   ] GC(902) Metaspace: 28960K(29376K)->28960K(29376K) NonClass: 24091K(24256K)->24091K(24256K) Class: 4869K(5120K)->4869K(5120K)
[3732.395s][info][gc             ] GC(902) Pause Young (Concurrent Start) (G1 Evacuation Pause) 3561M->1385M(4096M) 116.170ms
[3732.395s][info][gc             ] GC(903) Concurrent Mark Cycle
[3732.395s][info][gc,marking     ] GC(903) Concurrent Scan Root Regions
[3732.395s][info][gc,cpu         ] GC(902) User=0.69s Sys=0.00s Real=0.12s
[3732.578s][info][gc,marking     ] GC(903) Concurrent Scan Root Regions 182.790ms
[3732.578s][info][gc,marking     ] GC(903) Concurrent Mark
[3732.578s][info][gc,marking     ] GC(903) Concurrent Mark From Roots
[3732.578s][info][gc,task        ] GC(903) Using 2 workers of 2 for marking
.[3733.527s][info][gc,marking     ] GC(903) Concurrent Mark From Roots 948.942ms
[3733.527s][info][gc,marking     ] GC(903) Concurrent Preclean
[3733.527s][info][gc,marking     ] GC(903) Concurrent Preclean 0.128ms
[3733.528s][info][gc,start       ] GC(903) Pause Remark
[3733.533s][info][gc             ] GC(903) Pause Remark 2303M->2303M(4096M) 4.902ms
[3733.533s][info][gc,cpu         ] GC(903) User=0.03s Sys=0.00s Real=0.01s
[3733.533s][info][gc,marking     ] GC(903) Concurrent Mark 954.736ms
[3733.533s][info][gc,marking     ] GC(903) Concurrent Rebuild Remembered Sets and Scrub Regions
.[3733.873s][info][gc,marking     ] GC(903) Concurrent Rebuild Remembered Sets and Scrub Regions 339.852ms
[3733.873s][info][gc,start       ] GC(903) Pause Cleanup
[3733.874s][info][gc             ] GC(903) Pause Cleanup 2625M->2625M(4096M) 0.119ms
[3733.874s][info][gc,cpu         ] GC(903) User=0.00s Sys=0.00s Real=0.00s
[3733.874s][info][gc,marking     ] GC(903) Concurrent Clear Claimed Marks
[3733.874s][info][gc,marking     ] GC(903) Concurrent Clear Claimed Marks 0.033ms
[3733.874s][info][gc,marking     ] GC(903) Concurrent Cleanup for Next Mark
[3733.882s][info][gc,marking     ] GC(903) Concurrent Cleanup for Next Mark 7.929ms
[3733.882s][info][gc             ] GC(903) Concurrent Mark Cycle 1486.629ms
.[3735.171s][info][gc,start       ] GC(904) Pause Young (Prepare Mixed) (G1 Evacuation Pause)
[3735.171s][info][gc,task        ] GC(904) Using 6 workers of 6 for evacuation
[3735.292s][info][gc,phases      ] GC(904)   Pre Evacuate Collection Set: 0.32ms
[3735.292s][info][gc,phases      ] GC(904)   Merge Heap Roots: 0.54ms
[3735.292s][info][gc,phases      ] GC(904)   Evacuate Collection Set: 118.82ms
[3735.292s][info][gc,phases      ] GC(904)   Post Evacuate Collection Set: 0.92ms
[3735.292s][info][gc,phases      ] GC(904)   Other: 0.08ms
[3735.292s][info][gc,heap        ] GC(904) Eden regions: 1120->0(1107)
[3735.292s][info][gc,heap        ] GC(904) Survivor regions: 108->111(154)
[3735.292s][info][gc,heap        ] GC(904) Old regions: 505->536
[3735.292s][info][gc,heap        ] GC(904) Humongous regions: 80->80
[3735.292s][info][gc,metaspace   ] GC(904) Metaspace: 28960K(29376K)->28960K(29376K) NonClass: 24091K(24256K)->24091K(24256K) Class: 4869K(5120K)->4869K(5120K)
[3735.292s][info][gc             ] GC(904) Pause Young (Prepare Mixed) (G1 Evacuation Pause) 3625M->1453M(4096M) 120.798ms
[3735.292s][info][gc,cpu         ] GC(904) User=0.72s Sys=0.00s Real=0.12s
...[3737.898s][info][gc,start       ] GC(905) Pause Young (Mixed) (G1 Evacuation Pause)
[3737.898s][info][gc,task        ] GC(905) Using 6 workers of 6 for evacuation
[3738.041s][info][gc,phases      ] GC(905)   Pre Evacuate Collection Set: 0.34ms
[3738.041s][info][gc,phases      ] GC(905)   Merge Heap Roots: 0.82ms
[3738.041s][info][gc,phases      ] GC(905)   Evacuate Collection Set: 140.22ms
[3738.041s][info][gc,phases      ] GC(905)   Post Evacuate Collection Set: 0.94ms
[3738.041s][info][gc,phases      ] GC(905)   Other: 0.09ms
[3738.041s][info][gc,heap        ] GC(905) Eden regions: 1107->0(1114)
[3738.041s][info][gc,heap        ] GC(905) Survivor regions: 111->114(153)
[3738.041s][info][gc,heap        ] GC(905) Old regions: 536->473
[3738.041s][info][gc,heap        ] GC(905) Humongous regions: 80->80
[3738.041s][info][gc,metaspace   ] GC(905) Metaspace: 28960K(29376K)->28960K(29376K) NonClass: 24091K(24256K)->24091K(24256K) Class: 4869K(5120K)->4869K(5120K)
[3738.041s][info][gc             ] GC(905) Pause Young (Mixed) (G1 Evacuation Pause) 3667M->1332M(4096M) 142.556ms
[3738.041s][info][gc,cpu         ] GC(905) User=0.85s Sys=0.00s Real=0.14s
..[3740.810s][info][gc,start       ] GC(906) Pause Young (Concurrent Start) (G1 Evacuation Pause)
[3740.810s][info][gc,task        ] GC(906) Using 6 workers of 6 for evacuation
[3740.934s][info][gc,phases      ] GC(906)   Pre Evacuate Collection Set: 0.34ms
[3740.934s][info][gc,phases      ] GC(906)   Merge Heap Roots: 0.47ms
[3740.934s][info][gc,phases      ] GC(906)   Evacuate Collection Set: 121.71ms
[3740.934s][info][gc,phases      ] GC(906)   Post Evacuate Collection Set: 0.98ms
[3740.934s][info][gc,phases      ] GC(906)   Other: 0.11ms
[3740.934s][info][gc,heap        ] GC(906) Eden regions: 1114->0(1114)
[3740.934s][info][gc,heap        ] GC(906) Survivor regions: 114->114(154)
[3740.934s][info][gc,heap        ] GC(906) Old regions: 473->505
[3740.934s][info][gc,heap        ] GC(906) Humongous regions: 80->80
[3740.934s][info][gc,metaspace   ] GC(906) Metaspace: 28960K(29376K)->28960K(29376K) NonClass: 24091K(24256K)->24091K(24256K) Class: 4869K(5120K)->4869K(5120K)
[3740.934s][info][gc             ] GC(906) Pause Young (Concurrent Start) (G1 Evacuation Pause) 3560M->1397M(4096M) 123.753ms
[3740.934s][info][gc             ] GC(907) Concurrent Mark Cycle
[3740.934s][info][gc,marking     ] GC(907) Concurrent Scan Root Regions
[3740.934s][info][gc,cpu         ] GC(906) User=0.74s Sys=0.00s Real=0.13s
.[3741.084s][info][gc,marking     ] GC(907) Concurrent Scan Root Regions 149.854ms
[3741.084s][info][gc,marking     ] GC(907) Concurrent Mark
[3741.084s][info][gc,marking     ] GC(907) Concurrent Mark From Roots
[3741.084s][info][gc,task        ] GC(907) Using 2 workers of 2 for marking
[3741.798s][info][gc,marking     ] GC(907) Concurrent Mark From Roots 713.926ms
[3741.798s][info][gc,marking     ] GC(907) Concurrent Preclean
[3741.798s][info][gc,marking     ] GC(907) Concurrent Preclean 0.099ms
[3741.798s][info][gc,start       ] GC(907) Pause Remark
[3741.802s][info][gc             ] GC(907) Pause Remark 2099M->2099M(4096M) 4.003ms
[3741.802s][info][gc,cpu         ] GC(907) User=0.03s Sys=0.00s Real=0.01s
[3741.803s][info][gc,marking     ] GC(907) Concurrent Mark 718.902ms
[3741.803s][info][gc,marking     ] GC(907) Concurrent Rebuild Remembered Sets and Scrub Regions
.[3742.133s][info][gc,marking     ] GC(907) Concurrent Rebuild Remembered Sets and Scrub Regions 330.042ms
[3742.133s][info][gc,start       ] GC(907) Pause Cleanup
[3742.133s][info][gc             ] GC(907) Pause Cleanup 2403M->2403M(4096M) 0.126ms
[3742.133s][info][gc,cpu         ] GC(907) User=0.00s Sys=0.00s Real=0.00s
[3742.133s][info][gc,marking     ] GC(907) Concurrent Clear Claimed Marks
[3742.133s][info][gc,marking     ] GC(907) Concurrent Clear Claimed Marks 0.028ms
[3742.133s][info][gc,marking     ] GC(907) Concurrent Cleanup for Next Mark
[3742.139s][info][gc,marking     ] GC(907) Concurrent Cleanup for Next Mark 5.500ms
[3742.139s][info][gc             ] GC(907) Concurrent Mark Cycle 1205.155ms
.[3743.624s][info][gc,start       ] GC(908) Pause Young (Prepare Mixed) (G1 Evacuation Pause)
[3743.624s][info][gc,task        ] GC(908) Using 6 workers of 6 for evacuation
[3743.751s][info][gc,phases      ] GC(908)   Pre Evacuate Collection Set: 0.34ms
[3743.751s][info][gc,phases      ] GC(908)   Merge Heap Roots: 0.53ms
[3743.751s][info][gc,phases      ] GC(908)   Evacuate Collection Set: 124.39ms
[3743.751s][info][gc,phases      ] GC(908)   Post Evacuate Collection Set: 0.95ms
[3743.751s][info][gc,phases      ] GC(908)   Other: 0.08ms
[3743.751s][info][gc,heap        ] GC(908) Eden regions: 1114->0(1099)
[3743.751s][info][gc,heap        ] GC(908) Survivor regions: 114->115(154)
[3743.751s][info][gc,heap        ] GC(908) Old regions: 505->536
[3743.751s][info][gc,heap        ] GC(908) Humongous regions: 80->80
[3743.751s][info][gc,metaspace   ] GC(908) Metaspace: 28960K(29376K)->28960K(29376K) NonClass: 24091K(24256K)->24091K(24256K) Class: 4869K(5120K)->4869K(5120K)
[3743.751s][info][gc             ] GC(908) Pause Young (Prepare Mixed) (G1 Evacuation Pause) 3625M->1461M(4096M) 126.434ms
[3743.751s][info][gc,cpu         ] GC(908) User=0.75s Sys=0.00s Real=0.12s
...[3746.417s][info][gc,start       ] GC(909) Pause Young (Mixed) (G1 Evacuation Pause)
[3746.417s][info][gc,task        ] GC(909) Using 6 workers of 6 for evacuation
[3746.555s][info][gc,phases      ] GC(909)   Pre Evacuate Collection Set: 0.37ms
[3746.555s][info][gc,phases      ] GC(909)   Merge Heap Roots: 0.76ms
[3746.555s][info][gc,phases      ] GC(909)   Evacuate Collection Set: 136.04ms
[3746.555s][info][gc,phases      ] GC(909)   Post Evacuate Collection Set: 0.95ms
[3746.555s][info][gc,phases      ] GC(909)   Other: 0.09ms
[3746.555s][info][gc,heap        ] GC(909) Eden regions: 1099->0(1119)
[3746.555s][info][gc,heap        ] GC(909) Survivor regions: 115->109(152)
[3746.555s][info][gc,heap        ] GC(909) Old regions: 536->473
[3746.555s][info][gc,heap        ] GC(909) Humongous regions: 80->80
[3746.555s][info][gc,metaspace   ] GC(909) Metaspace: 28960K(29376K)->28960K(29376K) NonClass: 24091K(24256K)->24091K(24256K) Class: 4869K(5120K)->4869K(5120K)
[3746.555s][info][gc             ] GC(909) Pause Young (Mixed) (G1 Evacuation Pause) 3659M->1322M(4096M) 138.352ms
[3746.555s][info][gc,cpu         ] GC(909) User=0.82s Sys=0.00s Real=0.14s
...[3749.233s][info][gc,start       ] GC(910) Pause Young (Concurrent Start) (G1 Evacuation Pause)
[3749.233s][info][gc,task        ] GC(910) Using 6 workers of 6 for evacuation
[3749.352s][info][gc,phases      ] GC(910)   Pre Evacuate Collection Set: 0.35ms
[3749.353s][info][gc,phases      ] GC(910)   Merge Heap Roots: 0.48ms
[3749.353s][info][gc,phases      ] GC(910)   Evacuate Collection Set: 117.21ms
[3749.353s][info][gc,phases      ] GC(910)   Post Evacuate Collection Set: 0.86ms
[3749.353s][info][gc,phases      ] GC(910)   Other: 0.11ms
[3749.353s][info][gc,heap        ] GC(910) Eden regions: 1119->0(1118)
[3749.353s][info][gc,heap        ] GC(910) Survivor regions: 109->110(154)
[3749.353s][info][gc,heap        ] GC(910) Old regions: 473->506
[3749.353s][info][gc,heap        ] GC(910) Humongous regions: 80->80
[3749.353s][info][gc,metaspace   ] GC(910) Metaspace: 28960K(29376K)->28960K(29376K) NonClass: 24091K(24256K)->24091K(24256K) Class: 4869K(5120K)->4869K(5120K)
[3749.353s][info][gc             ] GC(910) Pause Young (Concurrent Start) (G1 Evacuation Pause) 3560M->1390M(4096M) 119.140ms
[3749.353s][info][gc             ] GC(911) Concurrent Mark Cycle
[3749.353s][info][gc,marking     ] GC(911) Concurrent Scan Root Regions
[3749.353s][info][gc,cpu         ] GC(910) User=0.71s Sys=0.00s Real=0.12s
[3749.505s][info][gc,marking     ] GC(911) Concurrent Scan Root Regions 152.058ms
[3749.505s][info][gc,marking     ] GC(911) Concurrent Mark
[3749.505s][info][gc,marking     ] GC(911) Concurrent Mark From Roots
[3749.505s][info][gc,task        ] GC(911) Using 2 workers of 2 for marking
[3750.049s][info][gc,marking     ] GC(911) Concurrent Mark From Roots 544.223ms
[3750.049s][info][gc,marking     ] GC(911) Concurrent Preclean
[3750.049s][info][gc,marking     ] GC(911) Concurrent Preclean 0.074ms
[3750.049s][info][gc,start       ] GC(911) Pause Remark
[3750.054s][info][gc             ] GC(911) Pause Remark 1914M->1914M(4096M) 4.278ms
[3750.054s][info][gc,cpu         ] GC(911) User=0.03s Sys=0.00s Real=0.01s
[3750.054s][info][gc,marking     ] GC(911) Concurrent Mark 549.078ms
[3750.054s][info][gc,marking     ] GC(911) Concurrent Rebuild Remembered Sets and Scrub Regions
.[3750.269s][info][gc,marking     ] GC(911) Concurrent Rebuild Remembered Sets and Scrub Regions 215.214ms
[3750.269s][info][gc,start       ] GC(911) Pause Cleanup
[3750.269s][info][gc             ] GC(911) Pause Cleanup 2103M->2103M(4096M) 0.111ms
[3750.269s][info][gc,cpu         ] GC(911) User=0.00s Sys=0.00s Real=0.00s
[3750.269s][info][gc,marking     ] GC(911) Concurrent Clear Claimed Marks
[3750.269s][info][gc,marking     ] GC(911) Concurrent Clear Claimed Marks 0.023ms
[3750.269s][info][gc,marking     ] GC(911) Concurrent Cleanup for Next Mark
[3750.274s][info][gc,marking     ] GC(911) Concurrent Cleanup for Next Mark 4.688ms
[3750.274s][info][gc             ] GC(911) Concurrent Mark Cycle 921.523ms
.[3752.120s][info][gc,start       ] GC(912) Pause Young (Prepare Mixed) (G1 Evacuation Pause)
[3752.120s][info][gc,task        ] GC(912) Using 6 workers of 6 for evacuation
[3752.243s][info][gc,phases      ] GC(912)   Pre Evacuate Collection Set: 0.33ms
[3752.243s][info][gc,phases      ] GC(912)   Merge Heap Roots: 0.53ms
[3752.243s][info][gc,phases      ] GC(912)   Evacuate Collection Set: 120.19ms
[3752.243s][info][gc,phases      ] GC(912)   Post Evacuate Collection Set: 0.92ms
[3752.243s][info][gc,phases      ] GC(912)   Other: 0.09ms
[3752.243s][info][gc,heap        ] GC(912) Eden regions: 1118->0(1106)
[3752.243s][info][gc,heap        ] GC(912) Survivor regions: 110->111(154)
[3752.243s][info][gc,heap        ] GC(912) Old regions: 506->537
[3752.243s][info][gc,heap        ] GC(912) Humongous regions: 80->80
[3752.243s][info][gc,metaspace   ] GC(912) Metaspace: 28960K(29376K)->28960K(29376K) NonClass: 24091K(24256K)->24091K(24256K) Class: 4869K(5120K)->4869K(5120K)
[3752.243s][info][gc             ] GC(912) Pause Young (Prepare Mixed) (G1 Evacuation Pause) 3626M->1453M(4096M) 122.192ms
[3752.243s][info][gc,cpu         ] GC(912) User=0.72s Sys=0.00s Real=0.13s
...[3754.967s][info][gc,start       ] GC(913) Pause Young (Mixed) (G1 Evacuation Pause)
[3754.967s][info][gc,task        ] GC(913) Using 6 workers of 6 for evacuation
[3755.100s][info][gc,phases      ] GC(913)   Pre Evacuate Collection Set: 0.34ms
[3755.100s][info][gc,phases      ] GC(913)   Merge Heap Roots: 0.68ms
[3755.100s][info][gc,phases      ] GC(913)   Evacuate Collection Set: 131.16ms
[3755.100s][info][gc,phases      ] GC(913)   Post Evacuate Collection Set: 0.91ms
[3755.100s][info][gc,phases      ] GC(913)   Other: 0.08ms
[3755.100s][info][gc,heap        ] GC(913) Eden regions: 1106->0(1120)
[3755.100s][info][gc,heap        ] GC(913) Survivor regions: 111->108(153)
[3755.100s][info][gc,heap        ] GC(913) Old regions: 537->474
[3755.100s][info][gc,heap        ] GC(913) Humongous regions: 80->80
[3755.100s][info][gc,metaspace   ] GC(913) Metaspace: 28960K(29376K)->28960K(29376K) NonClass: 24091K(24256K)->24091K(24256K) Class: 4869K(5120K)->4869K(5120K)
[3755.100s][info][gc             ] GC(913) Pause Young (Mixed) (G1 Evacuation Pause) 3665M->1322M(4096M) 133.317ms
[3755.100s][info][gc,cpu         ] GC(913) User=0.79s Sys=0.00s Real=0.13s
...[3757.796s][info][gc,start       ] GC(914) Pause Young (Concurrent Start) (G1 Evacuation Pause)
[3757.796s][info][gc,task        ] GC(914) Using 6 workers of 6 for evacuation
[3757.915s][info][gc,phases      ] GC(914)   Pre Evacuate Collection Set: 0.39ms
[3757.915s][info][gc,phases      ] GC(914)   Merge Heap Roots: 0.47ms
[3757.915s][info][gc,phases      ] GC(914)   Evacuate Collection Set: 117.29ms
[3757.915s][info][gc,phases      ] GC(914)   Post Evacuate Collection Set: 0.87ms
[3757.915s][info][gc,phases      ] GC(914)   Other: 0.13ms
[3757.915s][info][gc,heap        ] GC(914) Eden regions: 1120->0(1117)
[3757.915s][info][gc,heap        ] GC(914) Survivor regions: 108->111(154)
[3757.915s][info][gc,heap        ] GC(914) Old regions: 474->507
[3757.915s][info][gc,heap        ] GC(914) Humongous regions: 80->80
[3757.915s][info][gc,metaspace   ] GC(914) Metaspace: 28960K(29376K)->28960K(29376K) NonClass: 24091K(24256K)->24091K(24256K) Class: 4869K(5120K)->4869K(5120K)
[3757.915s][info][gc             ] GC(914) Pause Young (Concurrent Start) (G1 Evacuation Pause) 3562M->1394M(4096M) 119.278ms
[3757.915s][info][gc             ] GC(915) Concurrent Mark Cycle
[3757.915s][info][gc,marking     ] GC(915) Concurrent Scan Root Regions
[3757.915s][info][gc,cpu         ] GC(914) User=0.70s Sys=0.00s Real=0.12s
[3758.052s][info][gc,marking     ] GC(915) Concurrent Scan Root Regions 137.048ms
[3758.052s][info][gc,marking     ] GC(915) Concurrent Mark
[3758.052s][info][gc,marking     ] GC(915) Concurrent Mark From Roots
[3758.052s][info][gc,task        ] GC(915) Using 2 workers of 2 for marking
.[3758.745s][info][gc,marking     ] GC(915) Concurrent Mark From Roots 693.060ms
[3758.745s][info][gc,marking     ] GC(915) Concurrent Preclean
[3758.746s][info][gc,marking     ] GC(915) Concurrent Preclean 0.070ms
[3758.747s][info][gc,start       ] GC(915) Pause Remark
[3758.753s][info][gc             ] GC(915) Pause Remark 2112M->2112M(4096M) 5.576ms
[3758.753s][info][gc,cpu         ] GC(915) User=0.03s Sys=0.00s Real=0.01s
[3758.753s][info][gc,marking     ] GC(915) Concurrent Mark 700.369ms
[3758.753s][info][gc,marking     ] GC(915) Concurrent Rebuild Remembered Sets and Scrub Regions
[3759.014s][info][gc,marking     ] GC(915) Concurrent Rebuild Remembered Sets and Scrub Regions 261.141ms
[3759.014s][info][gc,start       ] GC(915) Pause Cleanup
[3759.014s][info][gc             ] GC(915) Pause Cleanup 2309M->2309M(4096M) 0.103ms
[3759.014s][info][gc,cpu         ] GC(915) User=0.00s Sys=0.00s Real=0.00s
[3759.014s][info][gc,marking     ] GC(915) Concurrent Clear Claimed Marks
[3759.014s][info][gc,marking     ] GC(915) Concurrent Clear Claimed Marks 0.031ms
[3759.014s][info][gc,marking     ] GC(915) Concurrent Cleanup for Next Mark
[3759.021s][info][gc,marking     ] GC(915) Concurrent Cleanup for Next Mark 6.544ms
[3759.021s][info][gc             ] GC(915) Concurrent Mark Cycle 1105.611ms
..[3760.592s][info][gc,start       ] GC(916) Pause Young (Prepare Mixed) (G1 Evacuation Pause)
[3760.592s][info][gc,task        ] GC(916) Using 6 workers of 6 for evacuation
[3760.716s][info][gc,phases      ] GC(916)   Pre Evacuate Collection Set: 0.34ms
[3760.716s][info][gc,phases      ] GC(916)   Merge Heap Roots: 0.56ms
[3760.716s][info][gc,phases      ] GC(916)   Evacuate Collection Set: 121.19ms
[3760.716s][info][gc,phases      ] GC(916)   Post Evacuate Collection Set: 0.96ms
[3760.716s][info][gc,phases      ] GC(916)   Other: 0.09ms
[3760.716s][info][gc,heap        ] GC(916) Eden regions: 1117->0(1100)
[3760.716s][info][gc,heap        ] GC(916) Survivor regions: 111->113(154)
[3760.716s][info][gc,heap        ] GC(916) Old regions: 507->539
[3760.716s][info][gc,heap        ] GC(916) Humongous regions: 80->80
[3760.716s][info][gc,metaspace   ] GC(916) Metaspace: 28960K(29376K)->28960K(29376K) NonClass: 24091K(24256K)->24091K(24256K) Class: 4869K(5120K)->4869K(5120K)
[3760.716s][info][gc             ] GC(916) Pause Young (Prepare Mixed) (G1 Evacuation Pause) 3628M->1462M(4096M) 123.270ms
[3760.716s][info][gc,cpu         ] GC(916) User=0.73s Sys=0.00s Real=0.12s
...[3763.427s][info][gc,start       ] GC(917) Pause Young (Mixed) (G1 Evacuation Pause)
[3763.427s][info][gc,task        ] GC(917) Using 6 workers of 6 for evacuation
[3763.561s][info][gc,phases      ] GC(917)   Pre Evacuate Collection Set: 0.37ms
[3763.561s][info][gc,phases      ] GC(917)   Merge Heap Roots: 0.73ms
[3763.561s][info][gc,phases      ] GC(917)   Evacuate Collection Set: 131.79ms
[3763.561s][info][gc,phases      ] GC(917)   Post Evacuate Collection Set: 0.92ms
[3763.561s][info][gc,phases      ] GC(917)   Other: 0.09ms
[3763.561s][info][gc,heap        ] GC(917) Eden regions: 1100->0(1119)
[3763.561s][info][gc,heap        ] GC(917) Survivor regions: 113->109(152)
[3763.561s][info][gc,heap        ] GC(917) Old regions: 539->475
[3763.561s][info][gc,heap        ] GC(917) Humongous regions: 80->80
[3763.561s][info][gc,metaspace   ] GC(917) Metaspace: 28960K(29376K)->28960K(29376K) NonClass: 24091K(24256K)->24091K(24256K) Class: 4869K(5120K)->4869K(5120K)
[3763.561s][info][gc             ] GC(917) Pause Young (Mixed) (G1 Evacuation Pause) 3662M->1325M(4096M) 134.056ms
[3763.561s][info][gc,cpu         ] GC(917) User=0.80s Sys=0.00s Real=0.13s
..[3766.284s][info][gc,start       ] GC(918) Pause Young (Concurrent Start) (G1 Evacuation Pause)
[3766.284s][info][gc,task        ] GC(918) Using 6 workers of 6 for evacuation
[3766.403s][info][gc,phases      ] GC(918)   Pre Evacuate Collection Set: 0.35ms
[3766.403s][info][gc,phases      ] GC(918)   Merge Heap Roots: 0.49ms
[3766.403s][info][gc,phases      ] GC(918)   Evacuate Collection Set: 117.60ms
[3766.403s][info][gc,phases      ] GC(918)   Post Evacuate Collection Set: 0.86ms
[3766.403s][info][gc,phases      ] GC(918)   Other: 0.11ms
[3766.403s][info][gc,heap        ] GC(918) Eden regions: 1119->0(1119)
[3766.403s][info][gc,heap        ] GC(918) Survivor regions: 109->109(154)
[3766.403s][info][gc,heap        ] GC(918) Old regions: 475->506
[3766.403s][info][gc,heap        ] GC(918) Humongous regions: 80->80
[3766.403s][info][gc,metaspace   ] GC(918) Metaspace: 28960K(29376K)->28960K(29376K) NonClass: 24091K(24256K)->24091K(24256K) Class: 4869K(5120K)->4869K(5120K)
[3766.403s][info][gc             ] GC(918) Pause Young (Concurrent Start) (G1 Evacuation Pause) 3563M->1388M(4096M) 119.567ms
[3766.403s][info][gc             ] GC(919) Concurrent Mark Cycle
[3766.403s][info][gc,marking     ] GC(919) Concurrent Scan Root Regions
[3766.403s][info][gc,cpu         ] GC(918) User=0.71s Sys=0.00s Real=0.12s
.[3766.518s][info][gc,marking     ] GC(919) Concurrent Scan Root Regions 114.650ms
[3766.518s][info][gc,marking     ] GC(919) Concurrent Mark
[3766.518s][info][gc,marking     ] GC(919) Concurrent Mark From Roots
[3766.518s][info][gc,task        ] GC(919) Using 2 workers of 2 for marking
[3767.061s][info][gc,marking     ] GC(919) Concurrent Mark From Roots 542.932ms
[3767.061s][info][gc,marking     ] GC(919) Concurrent Preclean
[3767.061s][info][gc,marking     ] GC(919) Concurrent Preclean 0.078ms
[3767.061s][info][gc,start       ] GC(919) Pause Remark
[3767.066s][info][gc             ] GC(919) Pause Remark 1897M->1897M(4096M) 4.748ms
[3767.066s][info][gc,cpu         ] GC(919) User=0.03s Sys=0.00s Real=0.01s
[3767.066s][info][gc,marking     ] GC(919) Concurrent Mark 548.002ms
[3767.066s][info][gc,marking     ] GC(919) Concurrent Rebuild Remembered Sets and Scrub Regions
[3767.274s][info][gc,marking     ] GC(919) Concurrent Rebuild Remembered Sets and Scrub Regions 208.019ms
[3767.274s][info][gc,start       ] GC(919) Pause Cleanup
[3767.274s][info][gc             ] GC(919) Pause Cleanup 2069M->2069M(4096M) 0.100ms
[3767.274s][info][gc,cpu         ] GC(919) User=0.00s Sys=0.00s Real=0.00s
[3767.274s][info][gc,marking     ] GC(919) Concurrent Clear Claimed Marks
[3767.274s][info][gc,marking     ] GC(919) Concurrent Clear Claimed Marks 0.019ms
[3767.274s][info][gc,marking     ] GC(919) Concurrent Cleanup for Next Mark
[3767.278s][info][gc,marking     ] GC(919) Concurrent Cleanup for Next Mark 4.127ms
[3767.278s][info][gc             ] GC(919) Concurrent Mark Cycle 875.232ms
..[3769.193s][info][gc,start       ] GC(920) Pause Young (Prepare Mixed) (G1 Evacuation Pause)
[3769.193s][info][gc,task        ] GC(920) Using 6 workers of 6 for evacuation
[3769.311s][info][gc,phases      ] GC(920)   Pre Evacuate Collection Set: 0.39ms
[3769.311s][info][gc,phases      ] GC(920)   Merge Heap Roots: 0.60ms
[3769.311s][info][gc,phases      ] GC(920)   Evacuate Collection Set: 115.81ms
[3769.311s][info][gc,phases      ] GC(920)   Post Evacuate Collection Set: 0.94ms
[3769.311s][info][gc,phases      ] GC(920)   Other: 0.10ms
[3769.311s][info][gc,heap        ] GC(920) Eden regions: 1119->0(1108)
[3769.311s][info][gc,heap        ] GC(920) Survivor regions: 109->110(154)
[3769.311s][info][gc,heap        ] GC(920) Old regions: 506->537
[3769.311s][info][gc,heap        ] GC(920) Humongous regions: 80->80
[3769.311s][info][gc,metaspace   ] GC(920) Metaspace: 28960K(29376K)->28960K(29376K) NonClass: 24091K(24256K)->24091K(24256K) Class: 4869K(5120K)->4869K(5120K)
[3769.311s][info][gc             ] GC(920) Pause Young (Prepare Mixed) (G1 Evacuation Pause) 3626M->1452M(4096M) 117.975ms
[3769.311s][info][gc,cpu         ] GC(920) User=0.70s Sys=0.00s Real=0.11s
...[3771.997s][info][gc,start       ] GC(921) Pause Young (Mixed) (G1 Evacuation Pause)
[3771.997s][info][gc,task        ] GC(921) Using 6 workers of 6 for evacuation
[3772.129s][info][gc,phases      ] GC(921)   Pre Evacuate Collection Set: 0.39ms
[3772.129s][info][gc,phases      ] GC(921)   Merge Heap Roots: 0.62ms
[3772.129s][info][gc,phases      ] GC(921)   Evacuate Collection Set: 130.38ms
[3772.130s][info][gc,phases      ] GC(921)   Post Evacuate Collection Set: 0.92ms
[3772.130s][info][gc,phases      ] GC(921)   Other: 0.09ms
[3772.130s][info][gc,heap        ] GC(921) Eden regions: 1108->0(1120)
[3772.130s][info][gc,heap        ] GC(921) Survivor regions: 110->108(153)
[3772.130s][info][gc,heap        ] GC(921) Old regions: 537->473
[3772.130s][info][gc,heap        ] GC(921) Humongous regions: 80->80
[3772.130s][info][gc,metaspace   ] GC(921) Metaspace: 28960K(29376K)->28960K(29376K) NonClass: 24091K(24256K)->24091K(24256K) Class: 4869K(5120K)->4869K(5120K)
[3772.130s][info][gc             ] GC(921) Pause Young (Mixed) (G1 Evacuation Pause) 3668M->1319M(4096M) 132.528ms
[3772.130s][info][gc,cpu         ] GC(921) User=0.78s Sys=0.01s Real=0.13s
. (rIR:aIR:PR = 6642:6643:6642) (tPR = 98604) [OK] 
  3772s: Performance info:
         Transaction,    Success,    Partial,     Failed,   Receipts, AvgBarcode, 
             Overall,     399566,          0,          0,     379619,      59.48, 
         Response times:
             Request,    Success,    Partial,     Failed,   SkipFail,     Probes,    Samples,      min,      p50,      p90,      p95,      p99,      max, 
       TotalPurchase,     379657,          0,          0,          0,     356305,     390831,      200,     5400,    32000,    62000,   130000,   327000,
     InStorePurchase,     199883,          0,          0,          0,     187032,     204942,      300,     5400,    32000,    61000,   130000,   260000,
      OnlinePurchase,     139868,          0,          0,          0,     131880,     144627,      200,     5400,    32000,    62000,   129000,   327000,
        InstPurchase,      39906,          0,          0,          0,      37393,      41262,      400,     5700,    35000,    63000,   131000,   321000,
          AssocOfCat,        401,          0,          0,          0,        333,        434,    24000,    36000,    73500,   109500,   220300,   240000,
      AssocOfProduct,       3994,          0,          0,          0,       3660,       4176,      800,     6600,    41000,    70000,   143000,   230000,
      BusinessReport,       1000,          0,          0,          0,        893,       1103,    28000,    47000,   112600,   157800,   214680,   322000,
          CustBuyBeh,       3994,          0,          0,          0,       3677,       4210,      200,     3300,    26000,    53450,   131000,   257000,
       ProductReturn,      10559,          0,          0,          0,      10003,      11245,      200,     4100,    30000,    58000,   128000,   260000,

  3772s: (49%)   IR =   6780 ..[3774.812s][info][gc,start       ] GC(922) Pause Young (Concurrent Start) (G1 Evacuation Pause)
[3774.812s][info][gc,task        ] GC(922) Using 6 workers of 6 for evacuation
[3774.934s][info][gc,phases      ] GC(922)   Pre Evacuate Collection Set: 0.37ms
[3774.934s][info][gc,phases      ] GC(922)   Merge Heap Roots: 0.45ms
[3774.934s][info][gc,phases      ] GC(922)   Evacuate Collection Set: 119.98ms
[3774.934s][info][gc,phases      ] GC(922)   Post Evacuate Collection Set: 0.92ms
[3774.934s][info][gc,phases      ] GC(922)   Other: 0.11ms
[3774.934s][info][gc,heap        ] GC(922) Eden regions: 1120->0(1114)
[3774.934s][info][gc,heap        ] GC(922) Survivor regions: 108->114(154)
[3774.934s][info][gc,heap        ] GC(922) Old regions: 473->505
[3774.934s][info][gc,heap        ] GC(922) Humongous regions: 80->80
[3774.934s][info][gc,metaspace   ] GC(922) Metaspace: 28960K(29376K)->28960K(29376K) NonClass: 24091K(24256K)->24091K(24256K) Class: 4869K(5120K)->4869K(5120K)
[3774.934s][info][gc             ] GC(922) Pause Young (Concurrent Start) (G1 Evacuation Pause) 3559M->1395M(4096M) 121.939ms
[3774.934s][info][gc             ] GC(923) Concurrent Mark Cycle
[3774.934s][info][gc,marking     ] GC(923) Concurrent Scan Root Regions
[3774.934s][info][gc,cpu         ] GC(922) User=0.73s Sys=0.00s Real=0.12s
[3775.078s][info][gc,marking     ] GC(923) Concurrent Scan Root Regions 143.975ms
[3775.078s][info][gc,marking     ] GC(923) Concurrent Mark
[3775.078s][info][gc,marking     ] GC(923) Concurrent Mark From Roots
[3775.078s][info][gc,task        ] GC(923) Using 2 workers of 2 for marking
.[3775.756s][info][gc,marking     ] GC(923) Concurrent Mark From Roots 677.676ms
[3775.756s][info][gc,marking     ] GC(923) Concurrent Preclean
[3775.756s][info][gc,marking     ] GC(923) Concurrent Preclean 0.090ms
[3775.756s][info][gc,start       ] GC(923) Pause Remark
[3775.762s][info][gc             ] GC(923) Pause Remark 2088M->2088M(4096M) 5.198ms
[3775.762s][info][gc,cpu         ] GC(923) User=0.03s Sys=0.00s Real=0.00s
[3775.762s][info][gc,marking     ] GC(923) Concurrent Mark 683.252ms
[3775.762s][info][gc,marking     ] GC(923) Concurrent Rebuild Remembered Sets and Scrub Regions
[3776.045s][info][gc,marking     ] GC(923) Concurrent Rebuild Remembered Sets and Scrub Regions 283.194ms
[3776.045s][info][gc,start       ] GC(923) Pause Cleanup
[3776.045s][info][gc             ] GC(923) Pause Cleanup 2339M->2339M(4096M) 0.105ms
[3776.045s][info][gc,cpu         ] GC(923) User=0.00s Sys=0.00s Real=0.00s
[3776.045s][info][gc,marking     ] GC(923) Concurrent Clear Claimed Marks
[3776.045s][info][gc,marking     ] GC(923) Concurrent Clear Claimed Marks 0.028ms
[3776.045s][info][gc,marking     ] GC(923) Concurrent Cleanup for Next Mark
[3776.050s][info][gc,marking     ] GC(923) Concurrent Cleanup for Next Mark 4.635ms
[3776.050s][info][gc             ] GC(923) Concurrent Mark Cycle 1115.551ms
..|[3777.534s][info][gc,start       ] GC(924) Pause Young (Prepare Mixed) (G1 Evacuation Pause)
[3777.534s][info][gc,task        ] GC(924) Using 6 workers of 6 for evacuation
[3777.656s][info][gc,phases      ] GC(924)   Pre Evacuate Collection Set: 0.31ms
[3777.656s][info][gc,phases      ] GC(924)   Merge Heap Roots: 0.52ms
[3777.656s][info][gc,phases      ] GC(924)   Evacuate Collection Set: 119.32ms
[3777.656s][info][gc,phases      ] GC(924)   Post Evacuate Collection Set: 1.03ms
[3777.656s][info][gc,phases      ] GC(924)   Other: 0.09ms
[3777.656s][info][gc,heap        ] GC(924) Eden regions: 1114->0(1104)
[3777.656s][info][gc,heap        ] GC(924) Survivor regions: 114->112(154)
[3777.656s][info][gc,heap        ] GC(924) Old regions: 505->537
[3777.656s][info][gc,heap        ] GC(924) Humongous regions: 80->80
[3777.656s][info][gc,metaspace   ] GC(924) Metaspace: 28960K(29376K)->28960K(29376K) NonClass: 24091K(24256K)->24091K(24256K) Class: 4869K(5120K)->4869K(5120K)
[3777.656s][info][gc             ] GC(924) Pause Young (Prepare Mixed) (G1 Evacuation Pause) 3623M->1455M(4096M) 121.397ms
[3777.656s][info][gc,cpu         ] GC(924) User=0.73s Sys=0.00s Real=0.12s
..[3780.316s][info][gc,start       ] GC(925) Pause Young (Mixed) (G1 Evacuation Pause)
[3780.316s][info][gc,task        ] GC(925) Using 6 workers of 6 for evacuation
[3780.451s][info][gc,phases      ] GC(925)   Pre Evacuate Collection Set: 0.38ms
[3780.451s][info][gc,phases      ] GC(925)   Merge Heap Roots: 0.77ms
[3780.451s][info][gc,phases      ] GC(925)   Evacuate Collection Set: 132.42ms
[3780.451s][info][gc,phases      ] GC(925)   Post Evacuate Collection Set: 0.94ms
[3780.451s][info][gc,phases      ] GC(925)   Other: 0.09ms
[3780.451s][info][gc,heap        ] GC(925) Eden regions: 1104->0(1119)
[3780.451s][info][gc,heap        ] GC(925) Survivor regions: 112->109(152)
[3780.451s][info][gc,heap        ] GC(925) Old regions: 537->473
[3780.451s][info][gc,heap        ] GC(925) Humongous regions: 80->80
[3780.451s][info][gc,metaspace   ] GC(925) Metaspace: 28960K(29376K)->28960K(29376K) NonClass: 24091K(24256K)->24091K(24256K) Class: 4869K(5120K)->4869K(5120K)
[3780.451s][info][gc             ] GC(925) Pause Young (Mixed) (G1 Evacuation Pause) 3663M->1321M(4096M) 134.727ms
[3780.451s][info][gc,cpu         ] GC(925) User=0.81s Sys=0.00s Real=0.13s
...[3783.137s][info][gc,start       ] GC(926) Pause Young (Concurrent Start) (G1 Evacuation Pause)
[3783.137s][info][gc,task        ] GC(926) Using 6 workers of 6 for evacuation
[3783.254s][info][gc,phases      ] GC(926)   Pre Evacuate Collection Set: 0.35ms
[3783.254s][info][gc,phases      ] GC(926)   Merge Heap Roots: 0.51ms
[3783.254s][info][gc,phases      ] GC(926)   Evacuate Collection Set: 114.86ms
[3783.254s][info][gc,phases      ] GC(926)   Post Evacuate Collection Set: 0.86ms
[3783.254s][info][gc,phases      ] GC(926)   Other: 0.10ms
[3783.254s][info][gc,heap        ] GC(926) Eden regions: 1119->0(1118)
[3783.254s][info][gc,heap        ] GC(926) Survivor regions: 109->110(154)
[3783.254s][info][gc,heap        ] GC(926) Old regions: 473->505
[3783.254s][info][gc,heap        ] GC(926) Humongous regions: 80->80
[3783.254s][info][gc,metaspace   ] GC(926) Metaspace: 28960K(29376K)->28960K(29376K) NonClass: 24091K(24256K)->24091K(24256K) Class: 4869K(5120K)->4869K(5120K)
[3783.254s][info][gc             ] GC(926) Pause Young (Concurrent Start) (G1 Evacuation Pause) 3559M->1387M(4096M) 116.850ms
[3783.254s][info][gc             ] GC(927) Concurrent Mark Cycle
[3783.254s][info][gc,marking     ] GC(927) Concurrent Scan Root Regions
[3783.254s][info][gc,cpu         ] GC(926) User=0.70s Sys=0.00s Real=0.12s
[3783.438s][info][gc,marking     ] GC(927) Concurrent Scan Root Regions 184.627ms
[3783.438s][info][gc,marking     ] GC(927) Concurrent Mark
[3783.438s][info][gc,marking     ] GC(927) Concurrent Mark From Roots
[3783.438s][info][gc,task        ] GC(927) Using 2 workers of 2 for marking
.[3784.405s][info][gc,marking     ] GC(927) Concurrent Mark From Roots 966.947ms
[3784.405s][info][gc,marking     ] GC(927) Concurrent Preclean
[3784.406s][info][gc,marking     ] GC(927) Concurrent Preclean 0.112ms
[3784.406s][info][gc,start       ] GC(927) Pause Remark
[3784.413s][info][gc             ] GC(927) Pause Remark 2363M->2363M(4096M) 6.733ms
[3784.413s][info][gc,cpu         ] GC(927) User=0.04s Sys=0.00s Real=0.01s
[3784.413s][info][gc,marking     ] GC(927) Concurrent Mark 974.525ms
[3784.413s][info][gc,marking     ] GC(927) Concurrent Rebuild Remembered Sets and Scrub Regions
.[3784.777s][info][gc,marking     ] GC(927) Concurrent Rebuild Remembered Sets and Scrub Regions 364.567ms
[3784.778s][info][gc,start       ] GC(927) Pause Cleanup
[3784.778s][info][gc             ] GC(927) Pause Cleanup 2700M->2700M(4096M) 0.118ms
[3784.778s][info][gc,cpu         ] GC(927) User=0.00s Sys=0.00s Real=0.00s
[3784.778s][info][gc,marking     ] GC(927) Concurrent Clear Claimed Marks
[3784.778s][info][gc,marking     ] GC(927) Concurrent Clear Claimed Marks 0.030ms
[3784.778s][info][gc,marking     ] GC(927) Concurrent Cleanup for Next Mark
[3784.784s][info][gc,marking     ] GC(927) Concurrent Cleanup for Next Mark 6.029ms
[3784.784s][info][gc             ] GC(927) Concurrent Mark Cycle 1530.766ms
.[3785.939s][info][gc,start       ] GC(928) Pause Young (Prepare Mixed) (G1 Evacuation Pause)
[3785.939s][info][gc,task        ] GC(928) Using 6 workers of 6 for evacuation
[3786.061s][info][gc,phases      ] GC(928)   Pre Evacuate Collection Set: 0.33ms
[3786.061s][info][gc,phases      ] GC(928)   Merge Heap Roots: 0.54ms
[3786.061s][info][gc,phases      ] GC(928)   Evacuate Collection Set: 120.22ms
[3786.061s][info][gc,phases      ] GC(928)   Post Evacuate Collection Set: 0.87ms
[3786.061s][info][gc,phases      ] GC(928)   Other: 0.09ms
[3786.061s][info][gc,heap        ] GC(928) Eden regions: 1118->0(1106)
[3786.061s][info][gc,heap        ] GC(928) Survivor regions: 110->111(154)
[3786.061s][info][gc,heap        ] GC(928) Old regions: 505->537
[3786.061s][info][gc,heap        ] GC(928) Humongous regions: 80->80
[3786.061s][info][gc,metaspace   ] GC(928) Metaspace: 28960K(29376K)->28960K(29376K) NonClass: 24091K(24256K)->24091K(24256K) Class: 4869K(5120K)->4869K(5120K)
[3786.062s][info][gc             ] GC(928) Pause Young (Prepare Mixed) (G1 Evacuation Pause) 3623M->1454M(4096M) 122.183ms
[3786.062s][info][gc,cpu         ] GC(928) User=0.72s Sys=0.00s Real=0.12s
...[3788.708s][info][gc,start       ] GC(929) Pause Young (Mixed) (G1 Evacuation Pause)
[3788.708s][info][gc,task        ] GC(929) Using 6 workers of 6 for evacuation
[3788.846s][info][gc,phases      ] GC(929)   Pre Evacuate Collection Set: 0.38ms
[3788.846s][info][gc,phases      ] GC(929)   Merge Heap Roots: 0.82ms
[3788.846s][info][gc,phases      ] GC(929)   Evacuate Collection Set: 135.38ms
[3788.846s][info][gc,phases      ] GC(929)   Post Evacuate Collection Set: 0.94ms
[3788.846s][info][gc,phases      ] GC(929)   Other: 0.10ms
[3788.846s][info][gc,heap        ] GC(929) Eden regions: 1106->0(1118)
[3788.846s][info][gc,heap        ] GC(929) Survivor regions: 111->110(153)
[3788.846s][info][gc,heap        ] GC(929) Old regions: 537->475
[3788.846s][info][gc,heap        ] GC(929) Humongous regions: 80->80
[3788.846s][info][gc,metaspace   ] GC(929) Metaspace: 28960K(29376K)->28960K(29376K) NonClass: 24091K(24256K)->24091K(24256K) Class: 4869K(5120K)->4869K(5120K)
[3788.846s][info][gc             ] GC(929) Pause Young (Mixed) (G1 Evacuation Pause) 3666M->1328M(4096M) 137.755ms
[3788.846s][info][gc,cpu         ] GC(929) User=0.82s Sys=0.00s Real=0.14s
..[3791.519s][info][gc,start       ] GC(930) Pause Young (Concurrent Start) (G1 Evacuation Pause)
[3791.519s][info][gc,task        ] GC(930) Using 6 workers of 6 for evacuation
[3791.646s][info][gc,phases      ] GC(930)   Pre Evacuate Collection Set: 0.40ms
[3791.646s][info][gc,phases      ] GC(930)   Merge Heap Roots: 0.55ms
[3791.646s][info][gc,phases      ] GC(930)   Evacuate Collection Set: 124.97ms
[3791.646s][info][gc,phases      ] GC(930)   Post Evacuate Collection Set: 0.88ms
[3791.646s][info][gc,phases      ] GC(930)   Other: 0.13ms
[3791.646s][info][gc,heap        ] GC(930) Eden regions: 1118->0(1114)
[3791.646s][info][gc,heap        ] GC(930) Survivor regions: 110->114(154)
[3791.646s][info][gc,heap        ] GC(930) Old regions: 475->507
[3791.646s][info][gc,heap        ] GC(930) Humongous regions: 80->80
[3791.646s][info][gc,metaspace   ] GC(930) Metaspace: 28960K(29376K)->28960K(29376K) NonClass: 24091K(24256K)->24091K(24256K) Class: 4869K(5120K)->4869K(5120K)
[3791.646s][info][gc             ] GC(930) Pause Young (Concurrent Start) (G1 Evacuation Pause) 3564M->1400M(4096M) 127.071ms
[3791.646s][info][gc             ] GC(931) Concurrent Mark Cycle
[3791.646s][info][gc,marking     ] GC(931) Concurrent Scan Root Regions
[3791.646s][info][gc,cpu         ] GC(930) User=0.75s Sys=0.00s Real=0.13s
.[3791.834s][info][gc,marking     ] GC(931) Concurrent Scan Root Regions 188.073ms
[3791.834s][info][gc,marking     ] GC(931) Concurrent Mark
[3791.834s][info][gc,marking     ] GC(931) Concurrent Mark From Roots
[3791.834s][info][gc,task        ] GC(931) Using 2 workers of 2 for marking
.[3792.849s][info][gc,marking     ] GC(931) Concurrent Mark From Roots 1015.673ms
[3792.850s][info][gc,marking     ] GC(931) Concurrent Preclean
[3792.850s][info][gc,marking     ] GC(931) Concurrent Preclean 0.103ms
[3792.851s][info][gc,start       ] GC(931) Pause Remark
[3792.854s][info][gc             ] GC(931) Pause Remark 2486M->2486M(4096M) 3.094ms
[3792.854s][info][gc,cpu         ] GC(931) User=0.02s Sys=0.00s Real=0.01s
[3792.855s][info][gc,marking     ] GC(931) Concurrent Mark 1021.030ms
[3792.855s][info][gc,marking     ] GC(931) Concurrent Rebuild Remembered Sets and Scrub Regions
[3793.142s][info][gc,marking     ] GC(931) Concurrent Rebuild Remembered Sets and Scrub Regions 287.574ms
[3793.144s][info][gc,start       ] GC(931) Pause Cleanup
[3793.144s][info][gc             ] GC(931) Pause Cleanup 2745M->2745M(4096M) 0.125ms
[3793.144s][info][gc,cpu         ] GC(931) User=0.00s Sys=0.00s Real=0.00s
[3793.145s][info][gc,marking     ] GC(931) Concurrent Clear Claimed Marks
[3793.145s][info][gc,marking     ] GC(931) Concurrent Clear Claimed Marks 0.033ms
[3793.145s][info][gc,marking     ] GC(931) Concurrent Cleanup for Next Mark
[3793.154s][info][gc,marking     ] GC(931) Concurrent Cleanup for Next Mark 9.713ms
[3793.155s][info][gc             ] GC(931) Concurrent Mark Cycle 1508.879ms
.[3794.230s][info][gc,start       ] GC(932) Pause Young (Prepare Mixed) (G1 Evacuation Pause)
[3794.230s][info][gc,task        ] GC(932) Using 6 workers of 6 for evacuation
[3794.352s][info][gc,phases      ] GC(932)   Pre Evacuate Collection Set: 0.31ms
[3794.352s][info][gc,phases      ] GC(932)   Merge Heap Roots: 0.56ms
[3794.352s][info][gc,phases      ] GC(932)   Evacuate Collection Set: 119.66ms
[3794.352s][info][gc,phases      ] GC(932)   Post Evacuate Collection Set: 0.91ms
[3794.352s][info][gc,phases      ] GC(932)   Other: 0.09ms
[3794.352s][info][gc,heap        ] GC(932) Eden regions: 1114->0(1102)
[3794.352s][info][gc,heap        ] GC(932) Survivor regions: 114->112(154)
[3794.352s][info][gc,heap        ] GC(932) Old regions: 507->539
[3794.352s][info][gc,heap        ] GC(932) Humongous regions: 80->80
[3794.352s][info][gc,metaspace   ] GC(932) Metaspace: 28960K(29376K)->28960K(29376K) NonClass: 24091K(24256K)->24091K(24256K) Class: 4869K(5120K)->4869K(5120K)
[3794.352s][info][gc             ] GC(932) Pause Young (Prepare Mixed) (G1 Evacuation Pause) 3628M->1459M(4096M) 121.677ms
[3794.352s][info][gc,cpu         ] GC(932) User=0.72s Sys=0.00s Real=0.12s
...[3797.014s][info][gc,start       ] GC(933) Pause Young (Mixed) (G1 Evacuation Pause)
[3797.014s][info][gc,task        ] GC(933) Using 6 workers of 6 for evacuation
[3797.151s][info][gc,phases      ] GC(933)   Pre Evacuate Collection Set: 0.39ms
[3797.151s][info][gc,phases      ] GC(933)   Merge Heap Roots: 0.74ms
[3797.151s][info][gc,phases      ] GC(933)   Evacuate Collection Set: 134.82ms
[3797.151s][info][gc,phases      ] GC(933)   Post Evacuate Collection Set: 0.95ms
[3797.151s][info][gc,phases      ] GC(933)   Other: 0.09ms
[3797.151s][info][gc,heap        ] GC(933) Eden regions: 1102->0(1119)
[3797.151s][info][gc,heap        ] GC(933) Survivor regions: 112->109(152)
[3797.151s][info][gc,heap        ] GC(933) Old regions: 539->476
[3797.151s][info][gc,heap        ] GC(933) Humongous regions: 80->80
[3797.151s][info][gc,metaspace   ] GC(933) Metaspace: 28960K(29376K)->28960K(29376K) NonClass: 24091K(24256K)->24091K(24256K) Class: 4869K(5120K)->4869K(5120K)
[3797.151s][info][gc             ] GC(933) Pause Young (Mixed) (G1 Evacuation Pause) 3663M->1327M(4096M) 137.129ms
[3797.151s][info][gc,cpu         ] GC(933) User=0.81s Sys=0.00s Real=0.13s
...[3799.797s][info][gc,start       ] GC(934) Pause Young (Concurrent Start) (G1 Evacuation Pause)
[3799.797s][info][gc,task        ] GC(934) Using 6 workers of 6 for evacuation
[3799.925s][info][gc,phases      ] GC(934)   Pre Evacuate Collection Set: 0.35ms
[3799.925s][info][gc,phases      ] GC(934)   Merge Heap Roots: 0.53ms
[3799.925s][info][gc,phases      ] GC(934)   Evacuate Collection Set: 126.53ms
[3799.925s][info][gc,phases      ] GC(934)   Post Evacuate Collection Set: 0.87ms
[3799.925s][info][gc,phases      ] GC(934)   Other: 0.10ms
[3799.925s][info][gc,heap        ] GC(934) Eden regions: 1119->0(1111)
[3799.925s][info][gc,heap        ] GC(934) Survivor regions: 109->117(154)
[3799.925s][info][gc,heap        ] GC(934) Old regions: 476->507
[3799.925s][info][gc,heap        ] GC(934) Humongous regions: 80->80
[3799.925s][info][gc,metaspace   ] GC(934) Metaspace: 28960K(29376K)->28960K(29376K) NonClass: 24091K(24256K)->24091K(24256K) Class: 4869K(5120K)->4869K(5120K)
[3799.925s][info][gc             ] GC(934) Pause Young (Concurrent Start) (G1 Evacuation Pause) 3565M->1405M(4096M) 128.511ms
[3799.925s][info][gc             ] GC(935) Concurrent Mark Cycle
[3799.925s][info][gc,marking     ] GC(935) Concurrent Scan Root Regions
[3799.925s][info][gc,cpu         ] GC(934) User=0.77s Sys=0.00s Real=0.13s
[3800.073s][info][gc,marking     ] GC(935) Concurrent Scan Root Regions 147.295ms
[3800.073s][info][gc,marking     ] GC(935) Concurrent Mark
[3800.073s][info][gc,marking     ] GC(935) Concurrent Mark From Roots
[3800.073s][info][gc,task        ] GC(935) Using 2 workers of 2 for marking
.[3800.775s][info][gc,marking     ] GC(935) Concurrent Mark From Roots 701.866ms
[3800.775s][info][gc,marking     ] GC(935) Concurrent Preclean
[3800.775s][info][gc,marking     ] GC(935) Concurrent Preclean 0.063ms
[3800.775s][info][gc,start       ] GC(935) Pause Remark
[3800.779s][info][gc             ] GC(935) Pause Remark 2134M->2134M(4096M) 3.978ms
[3800.779s][info][gc,cpu         ] GC(935) User=0.02s Sys=0.00s Real=0.00s
[3800.779s][info][gc,marking     ] GC(935) Concurrent Mark 706.149ms
[3800.779s][info][gc,marking     ] GC(935) Concurrent Rebuild Remembered Sets and Scrub Regions
[3801.083s][info][gc,marking     ] GC(935) Concurrent Rebuild Remembered Sets and Scrub Regions 303.873ms
[3801.083s][info][gc,start       ] GC(935) Pause Cleanup
[3801.083s][info][gc             ] GC(935) Pause Cleanup 2375M->2375M(4096M) 0.102ms
[3801.083s][info][gc,cpu         ] GC(935) User=0.00s Sys=0.00s Real=0.00s
[3801.083s][info][gc,marking     ] GC(935) Concurrent Clear Claimed Marks
[3801.083s][info][gc,marking     ] GC(935) Concurrent Clear Claimed Marks 0.030ms
[3801.083s][info][gc,marking     ] GC(935) Concurrent Cleanup for Next Mark
[3801.092s][info][gc,marking     ] GC(935) Concurrent Cleanup for Next Mark 8.466ms
[3801.092s][info][gc             ] GC(935) Concurrent Mark Cycle 1166.420ms
.[3802.578s][info][gc,start       ] GC(936) Pause Young (Prepare Mixed) (G1 Evacuation Pause)
[3802.578s][info][gc,task        ] GC(936) Using 6 workers of 6 for evacuation
[3802.698s][info][gc,phases      ] GC(936)   Pre Evacuate Collection Set: 0.30ms
[3802.698s][info][gc,phases      ] GC(936)   Merge Heap Roots: 0.52ms
[3802.698s][info][gc,phases      ] GC(936)   Evacuate Collection Set: 118.43ms
[3802.698s][info][gc,phases      ] GC(936)   Post Evacuate Collection Set: 0.93ms
[3802.698s][info][gc,phases      ] GC(936)   Other: 0.08ms
[3802.698s][info][gc,heap        ] GC(936) Eden regions: 1111->0(1104)
[3802.698s][info][gc,heap        ] GC(936) Survivor regions: 117->111(154)
[3802.698s][info][gc,heap        ] GC(936) Old regions: 507->539
[3802.698s][info][gc,heap        ] GC(936) Humongous regions: 80->80
[3802.698s][info][gc,metaspace   ] GC(936) Metaspace: 28962K(29376K)->28962K(29376K) NonClass: 24093K(24256K)->24093K(24256K) Class: 4869K(5120K)->4869K(5120K)
[3802.698s][info][gc             ] GC(936) Pause Young (Prepare Mixed) (G1 Evacuation Pause) 3627M->1458M(4096M) 120.392ms
[3802.698s][info][gc,cpu         ] GC(936) User=0.71s Sys=0.00s Real=0.12s
...[3805.368s][info][gc,start       ] GC(937) Pause Young (Mixed) (G1 Evacuation Pause)
[3805.368s][info][gc,task        ] GC(937) Using 6 workers of 6 for evacuation
[3805.509s][info][gc,phases      ] GC(937)   Pre Evacuate Collection Set: 0.38ms
[3805.509s][info][gc,phases      ] GC(937)   Merge Heap Roots: 0.84ms
[3805.509s][info][gc,phases      ] GC(937)   Evacuate Collection Set: 138.65ms
[3805.509s][info][gc,phases      ] GC(937)   Post Evacuate Collection Set: 0.96ms
[3805.509s][info][gc,phases      ] GC(937)   Other: 0.09ms
[3805.509s][info][gc,heap        ] GC(937) Eden regions: 1104->0(1118)
[3805.509s][info][gc,heap        ] GC(937) Survivor regions: 111->110(152)
[3805.509s][info][gc,heap        ] GC(937) Old regions: 539->473
[3805.509s][info][gc,heap        ] GC(937) Humongous regions: 80->80
[3805.509s][info][gc,metaspace   ] GC(937) Metaspace: 28962K(29376K)->28962K(29376K) NonClass: 24093K(24256K)->24093K(24256K) Class: 4869K(5120K)->4869K(5120K)
[3805.509s][info][gc             ] GC(937) Pause Young (Mixed) (G1 Evacuation Pause) 3666M->1325M(4096M) 141.052ms
[3805.509s][info][gc,cpu         ] GC(937) User=0.84s Sys=0.00s Real=0.14s
...[3808.097s][info][gc,start       ] GC(938) Pause Young (Concurrent Start) (G1 Evacuation Pause)
[3808.097s][info][gc,task        ] GC(938) Using 6 workers of 6 for evacuation
[3808.214s][info][gc,phases      ] GC(938)   Pre Evacuate Collection Set: 0.37ms
[3808.214s][info][gc,phases      ] GC(938)   Merge Heap Roots: 0.48ms
[3808.214s][info][gc,phases      ] GC(938)   Evacuate Collection Set: 115.29ms
[3808.214s][info][gc,phases      ] GC(938)   Post Evacuate Collection Set: 0.86ms
[3808.214s][info][gc,phases      ] GC(938)   Other: 0.10ms
[3808.214s][info][gc,heap        ] GC(938) Eden regions: 1118->0(1120)
[3808.214s][info][gc,heap        ] GC(938) Survivor regions: 110->108(154)
[3808.214s][info][gc,heap        ] GC(938) Old regions: 473->505
[3808.214s][info][gc,heap        ] GC(938) Humongous regions: 80->80
[3808.214s][info][gc,metaspace   ] GC(938) Metaspace: 28962K(29376K)->28962K(29376K) NonClass: 24093K(24256K)->24093K(24256K) Class: 4869K(5120K)->4869K(5120K)
[3808.214s][info][gc             ] GC(938) Pause Young (Concurrent Start) (G1 Evacuation Pause) 3561M->1385M(4096M) 117.222ms
[3808.214s][info][gc             ] GC(939) Concurrent Mark Cycle
[3808.214s][info][gc,marking     ] GC(939) Concurrent Scan Root Regions
[3808.214s][info][gc,cpu         ] GC(938) User=0.70s Sys=0.00s Real=0.12s
[3808.356s][info][gc,marking     ] GC(939) Concurrent Scan Root Regions 141.974ms
[3808.356s][info][gc,marking     ] GC(939) Concurrent Mark
[3808.356s][info][gc,marking     ] GC(939) Concurrent Mark From Roots
[3808.356s][info][gc,task        ] GC(939) Using 2 workers of 2 for marking
.[3809.062s][info][gc,marking     ] GC(939) Concurrent Mark From Roots 705.926ms
[3809.062s][info][gc,marking     ] GC(939) Concurrent Preclean
[3809.063s][info][gc,marking     ] GC(939) Concurrent Preclean 0.099ms
[3809.063s][info][gc,start       ] GC(939) Pause Remark
[3809.069s][info][gc             ] GC(939) Pause Remark 2104M->2104M(4096M) 6.452ms
[3809.069s][info][gc,cpu         ] GC(939) User=0.03s Sys=0.00s Real=0.00s
[3809.069s][info][gc,marking     ] GC(939) Concurrent Mark 712.742ms
[3809.069s][info][gc,marking     ] GC(939) Concurrent Rebuild Remembered Sets and Scrub Regions
[3809.330s][info][gc,marking     ] GC(939) Concurrent Rebuild Remembered Sets and Scrub Regions 261.223ms
[3809.331s][info][gc,start       ] GC(939) Pause Cleanup
[3809.331s][info][gc             ] GC(939) Pause Cleanup 2306M->2306M(4096M) 0.112ms
[3809.331s][info][gc,cpu         ] GC(939) User=0.00s Sys=0.00s Real=0.00s
[3809.331s][info][gc,marking     ] GC(939) Concurrent Clear Claimed Marks
[3809.331s][info][gc,marking     ] GC(939) Concurrent Clear Claimed Marks 0.035ms
[3809.331s][info][gc,marking     ] GC(939) Concurrent Cleanup for Next Mark
[3809.335s][info][gc,marking     ] GC(939) Concurrent Cleanup for Next Mark 3.861ms
[3809.335s][info][gc             ] GC(939) Concurrent Mark Cycle 1120.361ms
..[3810.927s][info][gc,start       ] GC(940) Pause Young (Prepare Mixed) (G1 Evacuation Pause)
[3810.927s][info][gc,task        ] GC(940) Using 6 workers of 6 for evacuation
[3811.052s][info][gc,phases      ] GC(940)   Pre Evacuate Collection Set: 0.31ms
[3811.052s][info][gc,phases      ] GC(940)   Merge Heap Roots: 0.54ms
[3811.052s][info][gc,phases      ] GC(940)   Evacuate Collection Set: 122.94ms
[3811.052s][info][gc,phases      ] GC(940)   Post Evacuate Collection Set: 0.83ms
[3811.052s][info][gc,phases      ] GC(940)   Other: 0.09ms
[3811.052s][info][gc,heap        ] GC(940) Eden regions: 1120->0(1101)
[3811.052s][info][gc,heap        ] GC(940) Survivor regions: 108->114(154)
[3811.052s][info][gc,heap        ] GC(940) Old regions: 505->536
[3811.052s][info][gc,heap        ] GC(940) Humongous regions: 80->80
[3811.052s][info][gc,metaspace   ] GC(940) Metaspace: 28962K(29376K)->28962K(29376K) NonClass: 24093K(24256K)->24093K(24256K) Class: 4869K(5120K)->4869K(5120K)
[3811.052s][info][gc             ] GC(940) Pause Young (Prepare Mixed) (G1 Evacuation Pause) 3625M->1459M(4096M) 124.837ms
[3811.052s][info][gc,cpu         ] GC(940) User=0.74s Sys=0.00s Real=0.12s
..[3813.654s][info][gc,start       ] GC(941) Pause Young (Mixed) (G1 Evacuation Pause)
[3813.654s][info][gc,task        ] GC(941) Using 6 workers of 6 for evacuation
[3813.793s][info][gc,phases      ] GC(941)   Pre Evacuate Collection Set: 0.34ms
[3813.793s][info][gc,phases      ] GC(941)   Merge Heap Roots: 0.70ms
[3813.793s][info][gc,phases      ] GC(941)   Evacuate Collection Set: 136.41ms
[3813.793s][info][gc,phases      ] GC(941)   Post Evacuate Collection Set: 0.94ms
[3813.793s][info][gc,phases      ] GC(941)   Other: 0.08ms
[3813.793s][info][gc,heap        ] GC(941) Eden regions: 1101->0(1116)
[3813.793s][info][gc,heap        ] GC(941) Survivor regions: 114->112(152)
[3813.793s][info][gc,heap        ] GC(941) Old regions: 536->473
[3813.793s][info][gc,heap        ] GC(941) Humongous regions: 80->80
[3813.793s][info][gc,metaspace   ] GC(941) Metaspace: 28962K(29376K)->28962K(29376K) NonClass: 24093K(24256K)->24093K(24256K) Class: 4869K(5120K)->4869K(5120K)
[3813.793s][info][gc             ] GC(941) Pause Young (Mixed) (G1 Evacuation Pause) 3661M->1328M(4096M) 138.614ms
[3813.793s][info][gc,cpu         ] GC(941) User=0.82s Sys=0.00s Real=0.14s
...[3816.528s][info][gc,start       ] GC(942) Pause Young (Concurrent Start) (G1 Evacuation Pause)
[3816.528s][info][gc,task        ] GC(942) Using 6 workers of 6 for evacuation
[3816.649s][info][gc,phases      ] GC(942)   Pre Evacuate Collection Set: 0.33ms
[3816.649s][info][gc,phases      ] GC(942)   Merge Heap Roots: 0.48ms
[3816.649s][info][gc,phases      ] GC(942)   Evacuate Collection Set: 118.78ms
[3816.649s][info][gc,phases      ] GC(942)   Post Evacuate Collection Set: 0.95ms
[3816.649s][info][gc,phases      ] GC(942)   Other: 0.10ms
[3816.649s][info][gc,heap        ] GC(942) Eden regions: 1116->0(1116)
[3816.649s][info][gc,heap        ] GC(942) Survivor regions: 112->112(154)
[3816.649s][info][gc,heap        ] GC(942) Old regions: 473->506
[3816.649s][info][gc,heap        ] GC(942) Humongous regions: 80->80
[3816.649s][info][gc,metaspace   ] GC(942) Metaspace: 28962K(29376K)->28962K(29376K) NonClass: 24093K(24256K)->24093K(24256K) Class: 4869K(5120K)->4869K(5120K)
[3816.649s][info][gc             ] GC(942) Pause Young (Concurrent Start) (G1 Evacuation Pause) 3560M->1394M(4096M) 120.776ms
[3816.649s][info][gc             ] GC(943) Concurrent Mark Cycle
[3816.649s][info][gc,marking     ] GC(943) Concurrent Scan Root Regions
[3816.649s][info][gc,cpu         ] GC(942) User=0.72s Sys=0.00s Real=0.12s
.[3816.834s][info][gc,marking     ] GC(943) Concurrent Scan Root Regions 185.364ms
[3816.834s][info][gc,marking     ] GC(943) Concurrent Mark
[3816.834s][info][gc,marking     ] GC(943) Concurrent Mark From Roots
[3816.834s][info][gc,task        ] GC(943) Using 2 workers of 2 for marking
[3817.711s][info][gc,marking     ] GC(943) Concurrent Mark From Roots 877.232ms
[3817.711s][info][gc,marking     ] GC(943) Concurrent Preclean
[3817.712s][info][gc,marking     ] GC(943) Concurrent Preclean 0.130ms
[3817.713s][info][gc,start       ] GC(943) Pause Remark
[3817.717s][info][gc             ] GC(943) Pause Remark 2330M->2330M(4096M) 4.598ms
[3817.717s][info][gc,cpu         ] GC(943) User=0.02s Sys=0.00s Real=0.00s
[3817.717s][info][gc,marking     ] GC(943) Concurrent Mark 883.384ms
[3817.717s][info][gc,marking     ] GC(943) Concurrent Rebuild Remembered Sets and Scrub Regions
.[3818.027s][info][gc,marking     ] GC(943) Concurrent Rebuild Remembered Sets and Scrub Regions 309.569ms
[3818.028s][info][gc,start       ] GC(943) Pause Cleanup
[3818.028s][info][gc             ] GC(943) Pause Cleanup 2624M->2624M(4096M) 0.126ms
[3818.028s][info][gc,cpu         ] GC(943) User=0.00s Sys=0.00s Real=0.00s
[3818.028s][info][gc,marking     ] GC(943) Concurrent Clear Claimed Marks
[3818.028s][info][gc,marking     ] GC(943) Concurrent Clear Claimed Marks 0.038ms
[3818.028s][info][gc,marking     ] GC(943) Concurrent Cleanup for Next Mark
[3818.033s][info][gc,marking     ] GC(943) Concurrent Cleanup for Next Mark 4.969ms
[3818.033s][info][gc             ] GC(943) Concurrent Mark Cycle 1384.487ms
.[3819.337s][info][gc,start       ] GC(944) Pause Young (Prepare Mixed) (G1 Evacuation Pause)
[3819.337s][info][gc,task        ] GC(944) Using 6 workers of 6 for evacuation
[3819.459s][info][gc,phases      ] GC(944)   Pre Evacuate Collection Set: 0.34ms
[3819.459s][info][gc,phases      ] GC(944)   Merge Heap Roots: 0.54ms
[3819.459s][info][gc,phases      ] GC(944)   Evacuate Collection Set: 120.23ms
[3819.459s][info][gc,phases      ] GC(944)   Post Evacuate Collection Set: 0.95ms
[3819.459s][info][gc,phases      ] GC(944)   Other: 0.09ms
[3819.459s][info][gc,heap        ] GC(944) Eden regions: 1116->0(1099)
[3819.459s][info][gc,heap        ] GC(944) Survivor regions: 112->114(154)
[3819.459s][info][gc,heap        ] GC(944) Old regions: 506->538
[3819.459s][info][gc,heap        ] GC(944) Humongous regions: 80->80
[3819.459s][info][gc,metaspace   ] GC(944) Metaspace: 28962K(29376K)->28962K(29376K) NonClass: 24093K(24256K)->24093K(24256K) Class: 4869K(5120K)->4869K(5120K)
[3819.459s][info][gc             ] GC(944) Pause Young (Prepare Mixed) (G1 Evacuation Pause) 3626M->1461M(4096M) 122.273ms
[3819.459s][info][gc,cpu         ] GC(944) User=0.73s Sys=0.00s Real=0.12s
...[3821.963s][info][gc,start       ] GC(945) Pause Young (Mixed) (G1 Evacuation Pause)
[3821.963s][info][gc,task        ] GC(945) Using 6 workers of 6 for evacuation
[3822.096s][info][gc,phases      ] GC(945)   Pre Evacuate Collection Set: 0.34ms
[3822.096s][info][gc,phases      ] GC(945)   Merge Heap Roots: 0.77ms
[3822.096s][info][gc,phases      ] GC(945)   Evacuate Collection Set: 130.94ms
[3822.096s][info][gc,phases      ] GC(945)   Post Evacuate Collection Set: 0.91ms
[3822.096s][info][gc,phases      ] GC(945)   Other: 0.08ms
[3822.096s][info][gc,heap        ] GC(945) Eden regions: 1099->0(1122)
[3822.096s][info][gc,heap        ] GC(945) Survivor regions: 114->106(152)
[3822.096s][info][gc,heap        ] GC(945) Old regions: 538->475
[3822.096s][info][gc,heap        ] GC(945) Humongous regions: 80->80
[3822.096s][info][gc,metaspace   ] GC(945) Metaspace: 28962K(29376K)->28962K(29376K) NonClass: 24093K(24256K)->24093K(24256K) Class: 4869K(5120K)->4869K(5120K)
[3822.096s][info][gc             ] GC(945) Pause Young (Mixed) (G1 Evacuation Pause) 3659M->1319M(4096M) 133.195ms
[3822.096s][info][gc,cpu         ] GC(945) User=0.80s Sys=0.00s Real=0.13s
..[3824.796s][info][gc,start       ] GC(946) Pause Young (Concurrent Start) (G1 Evacuation Pause)
[3824.796s][info][gc,task        ] GC(946) Using 6 workers of 6 for evacuation
[3824.914s][info][gc,phases      ] GC(946)   Pre Evacuate Collection Set: 0.35ms
[3824.915s][info][gc,phases      ] GC(946)   Merge Heap Roots: 0.47ms
[3824.915s][info][gc,phases      ] GC(946)   Evacuate Collection Set: 116.79ms
[3824.915s][info][gc,phases      ] GC(946)   Post Evacuate Collection Set: 0.86ms
[3824.915s][info][gc,phases      ] GC(946)   Other: 0.11ms
[3824.915s][info][gc,heap        ] GC(946) Eden regions: 1122->0(1118)
[3824.915s][info][gc,heap        ] GC(946) Survivor regions: 106->110(154)
[3824.915s][info][gc,heap        ] GC(946) Old regions: 475->507
[3824.915s][info][gc,heap        ] GC(946) Humongous regions: 80->80
[3824.915s][info][gc,metaspace   ] GC(946) Metaspace: 28962K(29376K)->28962K(29376K) NonClass: 24093K(24256K)->24093K(24256K) Class: 4869K(5120K)->4869K(5120K)
[3824.915s][info][gc             ] GC(946) Pause Young (Concurrent Start) (G1 Evacuation Pause) 3563M->1392M(4096M) 118.713ms
[3824.915s][info][gc             ] GC(947) Concurrent Mark Cycle
[3824.915s][info][gc,marking     ] GC(947) Concurrent Scan Root Regions
[3824.915s][info][gc,cpu         ] GC(946) User=0.70s Sys=0.00s Real=0.12s
.[3825.059s][info][gc,marking     ] GC(947) Concurrent Scan Root Regions 143.951ms
[3825.059s][info][gc,marking     ] GC(947) Concurrent Mark
[3825.059s][info][gc,marking     ] GC(947) Concurrent Mark From Roots
[3825.059s][info][gc,task        ] GC(947) Using 2 workers of 2 for marking
[3825.741s][info][gc,marking     ] GC(947) Concurrent Mark From Roots 682.821ms
[3825.742s][info][gc,marking     ] GC(947) Concurrent Preclean
[3825.742s][info][gc,marking     ] GC(947) Concurrent Preclean 0.086ms
[3825.742s][info][gc,start       ] GC(947) Pause Remark
[3825.748s][info][gc             ] GC(947) Pause Remark 2101M->2101M(4096M) 6.128ms
[3825.748s][info][gc,cpu         ] GC(947) User=0.04s Sys=0.00s Real=0.01s
[3825.748s][info][gc,marking     ] GC(947) Concurrent Mark 689.366ms
[3825.748s][info][gc,marking     ] GC(947) Concurrent Rebuild Remembered Sets and Scrub Regions
.[3826.062s][info][gc,marking     ] GC(947) Concurrent Rebuild Remembered Sets and Scrub Regions 314.429ms
[3826.063s][info][gc,start       ] GC(947) Pause Cleanup
[3826.063s][info][gc             ] GC(947) Pause Cleanup 2358M->2358M(4096M) 0.119ms
[3826.063s][info][gc,cpu         ] GC(947) User=0.00s Sys=0.00s Real=0.00s
[3826.063s][info][gc,marking     ] GC(947) Concurrent Clear Claimed Marks
[3826.063s][info][gc,marking     ] GC(947) Concurrent Clear Claimed Marks 0.029ms
[3826.063s][info][gc,marking     ] GC(947) Concurrent Cleanup for Next Mark
[3826.068s][info][gc,marking     ] GC(947) Concurrent Cleanup for Next Mark 5.335ms
[3826.068s][info][gc             ] GC(947) Concurrent Mark Cycle 1153.605ms
.[3827.604s][info][gc,start       ] GC(948) Pause Young (Prepare Mixed) (G1 Evacuation Pause)
[3827.604s][info][gc,task        ] GC(948) Using 6 workers of 6 for evacuation
[3827.721s][info][gc,phases      ] GC(948)   Pre Evacuate Collection Set: 0.34ms
[3827.721s][info][gc,phases      ] GC(948)   Merge Heap Roots: 0.53ms
[3827.721s][info][gc,phases      ] GC(948)   Evacuate Collection Set: 115.32ms
[3827.721s][info][gc,phases      ] GC(948)   Post Evacuate Collection Set: 0.92ms
[3827.721s][info][gc,phases      ] GC(948)   Other: 0.09ms
[3827.721s][info][gc,heap        ] GC(948) Eden regions: 1118->0(1106)
[3827.721s][info][gc,heap        ] GC(948) Survivor regions: 110->111(154)
[3827.721s][info][gc,heap        ] GC(948) Old regions: 507->537
[3827.721s][info][gc,heap        ] GC(948) Humongous regions: 80->80
[3827.721s][info][gc,metaspace   ] GC(948) Metaspace: 28962K(29376K)->28962K(29376K) NonClass: 24093K(24256K)->24093K(24256K) Class: 4869K(5120K)->4869K(5120K)
[3827.721s][info][gc             ] GC(948) Pause Young (Prepare Mixed) (G1 Evacuation Pause) 3628M->1454M(4096M) 117.336ms
[3827.721s][info][gc,cpu         ] GC(948) User=0.70s Sys=0.00s Real=0.11s
...[3830.384s][info][gc,start       ] GC(949) Pause Young (Mixed) (G1 Evacuation Pause)
[3830.384s][info][gc,task        ] GC(949) Using 6 workers of 6 for evacuation
[3830.525s][info][gc,phases      ] GC(949)   Pre Evacuate Collection Set: 0.37ms
[3830.525s][info][gc,phases      ] GC(949)   Merge Heap Roots: 0.76ms
[3830.525s][info][gc,phases      ] GC(949)   Evacuate Collection Set: 138.39ms
[3830.525s][info][gc,phases      ] GC(949)   Post Evacuate Collection Set: 0.90ms
[3830.525s][info][gc,phases      ] GC(949)   Other: 0.09ms
[3830.525s][info][gc,heap        ] GC(949) Eden regions: 1106->0(1117)
[3830.525s][info][gc,heap        ] GC(949) Survivor regions: 111->111(153)
[3830.525s][info][gc,heap        ] GC(949) Old regions: 537->474
[3830.525s][info][gc,heap        ] GC(949) Humongous regions: 80->80
[3830.525s][info][gc,metaspace   ] GC(949) Metaspace: 28962K(29376K)->28962K(29376K) NonClass: 24093K(24256K)->24093K(24256K) Class: 4869K(5120K)->4869K(5120K)
[3830.525s][info][gc             ] GC(949) Pause Young (Mixed) (G1 Evacuation Pause) 3666M->1328M(4096M) 140.648ms
[3830.525s][info][gc,cpu         ] GC(949) User=0.84s Sys=0.00s Real=0.14s
...[3833.130s][info][gc,start       ] GC(950) Pause Young (Concurrent Start) (G1 Evacuation Pause)
[3833.130s][info][gc,task        ] GC(950) Using 6 workers of 6 for evacuation
[3833.250s][info][gc,phases      ] GC(950)   Pre Evacuate Collection Set: 0.39ms
[3833.250s][info][gc,phases      ] GC(950)   Merge Heap Roots: 0.50ms
[3833.250s][info][gc,phases      ] GC(950)   Evacuate Collection Set: 118.16ms
[3833.250s][info][gc,phases      ] GC(950)   Post Evacuate Collection Set: 0.89ms
[3833.250s][info][gc,phases      ] GC(950)   Other: 0.09ms
[3833.250s][info][gc,heap        ] GC(950) Eden regions: 1117->0(1118)
[3833.250s][info][gc,heap        ] GC(950) Survivor regions: 111->110(154)
[3833.250s][info][gc,heap        ] GC(950) Old regions: 474->506
[3833.250s][info][gc,heap        ] GC(950) Humongous regions: 80->80
[3833.250s][info][gc,metaspace   ] GC(950) Metaspace: 28962K(29376K)->28962K(29376K) NonClass: 24093K(24256K)->24093K(24256K) Class: 4869K(5120K)->4869K(5120K)
[3833.250s][info][gc             ] GC(950) Pause Young (Concurrent Start) (G1 Evacuation Pause) 3562M->1390M(4096M) 120.158ms
[3833.250s][info][gc             ] GC(951) Concurrent Mark Cycle
[3833.250s][info][gc,marking     ] GC(951) Concurrent Scan Root Regions
[3833.250s][info][gc,cpu         ] GC(950) User=0.71s Sys=0.00s Real=0.12s
[3833.448s][info][gc,marking     ] GC(951) Concurrent Scan Root Regions 198.084ms
[3833.448s][info][gc,marking     ] GC(951) Concurrent Mark
[3833.449s][info][gc,marking     ] GC(951) Concurrent Mark From Roots
[3833.449s][info][gc,task        ] GC(951) Using 2 workers of 2 for marking
.[3834.342s][info][gc,marking     ] GC(951) Concurrent Mark From Roots 893.013ms
[3834.342s][info][gc,marking     ] GC(951) Concurrent Preclean
[3834.342s][info][gc,marking     ] GC(951) Concurrent Preclean 0.128ms
[3834.342s][info][gc,start       ] GC(951) Pause Remark
[3834.348s][info][gc             ] GC(951) Pause Remark 2332M->2332M(4096M) 5.787ms
[3834.348s][info][gc,cpu         ] GC(951) User=0.04s Sys=0.00s Real=0.01s
[3834.348s][info][gc,marking     ] GC(951) Concurrent Mark 899.785ms
[3834.348s][info][gc,marking     ] GC(951) Concurrent Rebuild Remembered Sets and Scrub Regions
[3834.678s][info][gc,marking     ] GC(951) Concurrent Rebuild Remembered Sets and Scrub Regions 329.681ms
[3834.678s][info][gc,start       ] GC(951) Pause Cleanup
[3834.678s][info][gc             ] GC(951) Pause Cleanup 2646M->2646M(4096M) 0.115ms
[3834.678s][info][gc,cpu         ] GC(951) User=0.00s Sys=0.00s Real=0.00s
[3834.678s][info][gc,marking     ] GC(951) Concurrent Clear Claimed Marks
[3834.678s][info][gc,marking     ] GC(951) Concurrent Clear Claimed Marks 0.031ms
[3834.678s][info][gc,marking     ] GC(951) Concurrent Cleanup for Next Mark
[3834.683s][info][gc,marking     ] GC(951) Concurrent Cleanup for Next Mark 4.968ms
[3834.683s][info][gc             ] GC(951) Concurrent Mark Cycle 1433.048ms
.[3835.910s][info][gc,start       ] GC(952) Pause Young (Prepare Mixed) (G1 Evacuation Pause)
[3835.910s][info][gc,task        ] GC(952) Using 6 workers of 6 for evacuation
[3836.032s][info][gc,phases      ] GC(952)   Pre Evacuate Collection Set: 0.30ms
[3836.032s][info][gc,phases      ] GC(952)   Merge Heap Roots: 0.51ms
[3836.032s][info][gc,phases      ] GC(952)   Evacuate Collection Set: 120.17ms
[3836.032s][info][gc,phases      ] GC(952)   Post Evacuate Collection Set: 0.95ms
[3836.032s][info][gc,phases      ] GC(952)   Other: 0.09ms
[3836.032s][info][gc,heap        ] GC(952) Eden regions: 1118->0(1101)
[3836.032s][info][gc,heap        ] GC(952) Survivor regions: 110->113(154)
[3836.032s][info][gc,heap        ] GC(952) Old regions: 506->538
[3836.032s][info][gc,heap        ] GC(952) Humongous regions: 80->80
[3836.032s][info][gc,metaspace   ] GC(952) Metaspace: 28962K(29376K)->28962K(29376K) NonClass: 24093K(24256K)->24093K(24256K) Class: 4869K(5120K)->4869K(5120K)
[3836.032s][info][gc             ] GC(952) Pause Young (Prepare Mixed) (G1 Evacuation Pause) 3626M->1460M(4096M) 122.157ms
[3836.032s][info][gc,cpu         ] GC(952) User=0.72s Sys=0.00s Real=0.12s
... (rIR:aIR:PR = 6780:6780:6780) (tPR = 100430) [OK] 
  3837s: Performance info:
         Transaction,    Success,    Partial,     Failed,   Receipts, AvgBarcode, 
             Overall,     410663,          0,          0,     390118,      59.47, 
         Response times:
             Request,    Success,    Partial,     Failed,   SkipFail,     Probes,    Samples,      min,      p50,      p90,      p95,      p99,      max, 
       TotalPurchase,     390116,          0,          0,          0,     361832,     394749,      200,     5500,    38000,    65000,   132000,   315000,
     InStorePurchase,     205396,          0,          0,          0,     189998,     207104,      200,     5700,    39000,    65000,   133000,   315000,
      OnlinePurchase,     143619,          0,          0,          0,     133244,     145190,      300,     5400,    37000,    65000,   132000,   315000,
        InstPurchase,      41101,          0,          0,          0,      38590,      42455,      400,     4700,    35000,    61000,   129000,   315000,
          AssocOfCat,        406,          0,          0,          0,        325,        434,    26000,    40000,   106000,   136250,   224300,   253000,
      AssocOfProduct,       4104,          0,          0,          0,       3839,       4403,     1200,     6900,    44000,    72800,   147000,   294000,
      BusinessReport,       1022,          0,          0,          0,        920,       1121,    28000,    47000,   112800,   165900,   230780,   329000,
          CustBuyBeh,       4115,          0,          0,          0,       3765,       4280,      200,     5200,    36000,    63000,   131000,   232000,
       ProductReturn,      10894,          0,          0,          0,      10450,      11645,      300,     6600,    45000,    74000,   137540,   315000,

  3837s: (50%)   IR =   6918 [3838.698s][info][gc,start       ] GC(953) Pause Young (Mixed) (G1 Evacuation Pause)
[3838.698s][info][gc,task        ] GC(953) Using 6 workers of 6 for evacuation
[3838.837s][info][gc,phases      ] GC(953)   Pre Evacuate Collection Set: 0.37ms
[3838.837s][info][gc,phases      ] GC(953)   Merge Heap Roots: 0.77ms
[3838.837s][info][gc,phases      ] GC(953)   Evacuate Collection Set: 136.12ms
[3838.837s][info][gc,phases      ] GC(953)   Post Evacuate Collection Set: 0.96ms
[3838.837s][info][gc,phases      ] GC(953)   Other: 0.09ms
[3838.837s][info][gc,heap        ] GC(953) Eden regions: 1101->0(1114)
[3838.837s][info][gc,heap        ] GC(953) Survivor regions: 113->114(152)
[3838.837s][info][gc,heap        ] GC(953) Old regions: 538->476
[3838.837s][info][gc,heap        ] GC(953) Humongous regions: 80->80
[3838.837s][info][gc,metaspace   ] GC(953) Metaspace: 28962K(29376K)->28962K(29376K) NonClass: 24093K(24256K)->24093K(24256K) Class: 4869K(5120K)->4869K(5120K)
[3838.837s][info][gc             ] GC(953) Pause Young (Mixed) (G1 Evacuation Pause) 3662M->1338M(4096M) 138.446ms
[3838.837s][info][gc,cpu         ] GC(953) User=0.83s Sys=0.00s Real=0.14s
...[3841.446s][info][gc,start       ] GC(954) Pause Young (Concurrent Start) (G1 Evacuation Pause)
[3841.446s][info][gc,task        ] GC(954) Using 6 workers of 6 for evacuation
[3841.572s][info][gc,phases      ] GC(954)   Pre Evacuate Collection Set: 0.39ms
[3841.572s][info][gc,phases      ] GC(954)   Merge Heap Roots: 0.53ms
[3841.572s][info][gc,phases      ] GC(954)   Evacuate Collection Set: 123.44ms
[3841.572s][info][gc,phases      ] GC(954)   Post Evacuate Collection Set: 0.91ms
[3841.572s][info][gc,phases      ] GC(954)   Other: 0.13ms
[3841.572s][info][gc,heap        ] GC(954) Eden regions: 1114->0(1114)
[3841.572s][info][gc,heap        ] GC(954) Survivor regions: 114->114(154)
[3841.572s][info][gc,heap        ] GC(954) Old regions: 476->508
[3841.572s][info][gc,heap        ] GC(954) Humongous regions: 80->80
[3841.572s][info][gc,metaspace   ] GC(954) Metaspace: 28962K(29376K)->28962K(29376K) NonClass: 24093K(24256K)->24093K(24256K) Class: 4869K(5120K)->4869K(5120K)
[3841.572s][info][gc             ] GC(954) Pause Young (Concurrent Start) (G1 Evacuation Pause) 3566M->1402M(4096M) 125.528ms
[3841.572s][info][gc             ] GC(955) Concurrent Mark Cycle
[3841.572s][info][gc,marking     ] GC(955) Concurrent Scan Root Regions
[3841.572s][info][gc,cpu         ] GC(954) User=0.75s Sys=0.00s Real=0.12s
[3841.763s][info][gc,marking     ] GC(955) Concurrent Scan Root Regions 191.168ms
[3841.763s][info][gc,marking     ] GC(955) Concurrent Mark
[3841.763s][info][gc,marking     ] GC(955) Concurrent Mark From Roots
[3841.763s][info][gc,task        ] GC(955) Using 2 workers of 2 for marking
.[3842.476s][info][gc,marking     ] GC(955) Concurrent Mark From Roots 713.435ms
[3842.476s][info][gc,marking     ] GC(955) Concurrent Preclean
[3842.477s][info][gc,marking     ] GC(955) Concurrent Preclean 0.096ms
[3842.477s][info][gc,start       ] GC(955) Pause Remark
[3842.481s][info][gc             ] GC(955) Pause Remark 2228M->2228M(4096M) 4.814ms
[3842.482s][info][gc,cpu         ] GC(955) User=0.03s Sys=0.00s Real=0.00s
[3842.483s][info][gc,marking     ] GC(955) Concurrent Mark 719.987ms
[3842.483s][info][gc,marking     ] GC(955) Concurrent Rebuild Remembered Sets and Scrub Regions
[3842.755s][info][gc,marking     ] GC(955) Concurrent Rebuild Remembered Sets and Scrub Regions 272.010ms
[3842.755s][info][gc,start       ] GC(955) Pause Cleanup
[3842.755s][info][gc             ] GC(955) Pause Cleanup 2485M->2485M(4096M) 0.112ms
[3842.755s][info][gc,cpu         ] GC(955) User=0.00s Sys=0.00s Real=0.00s
[3842.755s][info][gc,marking     ] GC(955) Concurrent Clear Claimed Marks
[3842.755s][info][gc,marking     ] GC(955) Concurrent Clear Claimed Marks 0.023ms
[3842.755s][info][gc,marking     ] GC(955) Concurrent Cleanup for Next Mark
[3842.759s][info][gc,marking     ] GC(955) Concurrent Cleanup for Next Mark 3.773ms
[3842.759s][info][gc             ] GC(955) Concurrent Mark Cycle 1187.429ms
..[3844.176s][info][gc,start       ] GC(956) Pause Young (Prepare Mixed) (G1 Evacuation Pause)
[3844.176s][info][gc,task        ] GC(956) Using 6 workers of 6 for evacuation
[3844.293s][info][gc,phases      ] GC(956)   Pre Evacuate Collection Set: 0.34ms
[3844.293s][info][gc,phases      ] GC(956)   Merge Heap Roots: 0.56ms
[3844.293s][info][gc,phases      ] GC(956)   Evacuate Collection Set: 115.48ms
[3844.293s][info][gc,phases      ] GC(956)   Post Evacuate Collection Set: 0.91ms
[3844.293s][info][gc,phases      ] GC(956)   Other: 0.09ms
[3844.293s][info][gc,heap        ] GC(956) Eden regions: 1114->0(1107)
[3844.293s][info][gc,heap        ] GC(956) Survivor regions: 114->109(154)
[3844.293s][info][gc,heap        ] GC(956) Old regions: 508->540
[3844.293s][info][gc,heap        ] GC(956) Humongous regions: 80->80
[3844.293s][info][gc,metaspace   ] GC(956) Metaspace: 28962K(29376K)->28962K(29376K) NonClass: 24093K(24256K)->24093K(24256K) Class: 4869K(5120K)->4869K(5120K)
[3844.293s][info][gc             ] GC(956) Pause Young (Prepare Mixed) (G1 Evacuation Pause) 3630M->1455M(4096M) 117.507ms
[3844.293s][info][gc,cpu         ] GC(956) User=0.70s Sys=0.00s Real=0.12s
.|.[3846.863s][info][gc,start       ] GC(957) Pause Young (Mixed) (G1 Evacuation Pause)
[3846.863s][info][gc,task        ] GC(957) Using 6 workers of 6 for evacuation
[3847.000s][info][gc,phases      ] GC(957)   Pre Evacuate Collection Set: 0.34ms
[3847.000s][info][gc,phases      ] GC(957)   Merge Heap Roots: 0.69ms
[3847.000s][info][gc,phases      ] GC(957)   Evacuate Collection Set: 135.15ms
[3847.000s][info][gc,phases      ] GC(957)   Post Evacuate Collection Set: 0.94ms
[3847.000s][info][gc,phases      ] GC(957)   Other: 0.09ms
[3847.000s][info][gc,heap        ] GC(957) Eden regions: 1107->0(1115)
[3847.000s][info][gc,heap        ] GC(957) Survivor regions: 109->113(152)
[3847.000s][info][gc,heap        ] GC(957) Old regions: 540->474
[3847.000s][info][gc,heap        ] GC(957) Humongous regions: 80->80
[3847.000s][info][gc,metaspace   ] GC(957) Metaspace: 28962K(29376K)->28962K(29376K) NonClass: 24093K(24256K)->24093K(24256K) Class: 4869K(5120K)->4869K(5120K)
[3847.000s][info][gc             ] GC(957) Pause Young (Mixed) (G1 Evacuation Pause) 3669M->1331M(4096M) 137.331ms
[3847.000s][info][gc,cpu         ] GC(957) User=0.82s Sys=0.00s Real=0.13s
...[3849.657s][info][gc,start       ] GC(958) Pause Young (Concurrent Start) (G1 Evacuation Pause)
[3849.657s][info][gc,task        ] GC(958) Using 6 workers of 6 for evacuation
[3849.780s][info][gc,phases      ] GC(958)   Pre Evacuate Collection Set: 0.36ms
[3849.780s][info][gc,phases      ] GC(958)   Merge Heap Roots: 0.52ms
[3849.780s][info][gc,phases      ] GC(958)   Evacuate Collection Set: 121.66ms
[3849.780s][info][gc,phases      ] GC(958)   Post Evacuate Collection Set: 0.89ms
[3849.780s][info][gc,phases      ] GC(958)   Other: 0.14ms
[3849.780s][info][gc,heap        ] GC(958) Eden regions: 1115->0(1116)
[3849.781s][info][gc,heap        ] GC(958) Survivor regions: 113->112(154)
[3849.781s][info][gc,heap        ] GC(958) Old regions: 474->505
[3849.781s][info][gc,heap        ] GC(958) Humongous regions: 80->80
[3849.781s][info][gc,metaspace   ] GC(958) Metaspace: 28962K(29376K)->28962K(29376K) NonClass: 24093K(24256K)->24093K(24256K) Class: 4869K(5120K)->4869K(5120K)
[3849.781s][info][gc             ] GC(958) Pause Young (Concurrent Start) (G1 Evacuation Pause) 3561M->1393M(4096M) 123.706ms
[3849.781s][info][gc             ] GC(959) Concurrent Mark Cycle
[3849.781s][info][gc,marking     ] GC(959) Concurrent Scan Root Regions
[3849.781s][info][gc,cpu         ] GC(958) User=0.74s Sys=0.00s Real=0.12s
[3849.925s][info][gc,marking     ] GC(959) Concurrent Scan Root Regions 144.578ms
[3849.925s][info][gc,marking     ] GC(959) Concurrent Mark
[3849.925s][info][gc,marking     ] GC(959) Concurrent Mark From Roots
[3849.925s][info][gc,task        ] GC(959) Using 2 workers of 2 for marking
.[3850.641s][info][gc,marking     ] GC(959) Concurrent Mark From Roots 716.202ms
[3850.641s][info][gc,marking     ] GC(959) Concurrent Preclean
[3850.642s][info][gc,marking     ] GC(959) Concurrent Preclean 0.093ms
[3850.643s][info][gc,start       ] GC(959) Pause Remark
[3850.647s][info][gc             ] GC(959) Pause Remark 2111M->2111M(4096M) 3.985ms
[3850.647s][info][gc,cpu         ] GC(959) User=0.02s Sys=0.00s Real=0.00s
[3850.647s][info][gc,marking     ] GC(959) Concurrent Mark 721.774ms
[3850.647s][info][gc,marking     ] GC(959) Concurrent Rebuild Remembered Sets and Scrub Regions
[3850.976s][info][gc,marking     ] GC(959) Concurrent Rebuild Remembered Sets and Scrub Regions 329.083ms
[3850.976s][info][gc,start       ] GC(959) Pause Cleanup
[3850.976s][info][gc             ] GC(959) Pause Cleanup 2392M->2392M(4096M) 0.128ms
[3850.976s][info][gc,cpu         ] GC(959) User=0.00s Sys=0.00s Real=0.00s
[3850.977s][info][gc,marking     ] GC(959) Concurrent Clear Claimed Marks
[3850.977s][info][gc,marking     ] GC(959) Concurrent Clear Claimed Marks 0.034ms
[3850.977s][info][gc,marking     ] GC(959) Concurrent Cleanup for Next Mark
[3850.982s][info][gc,marking     ] GC(959) Concurrent Cleanup for Next Mark 5.139ms
[3850.983s][info][gc             ] GC(959) Concurrent Mark Cycle 1201.958ms
..[3852.368s][info][gc,start       ] GC(960) Pause Young (Prepare Mixed) (G1 Evacuation Pause)
[3852.368s][info][gc,task        ] GC(960) Using 6 workers of 6 for evacuation
[3852.489s][info][gc,phases      ] GC(960)   Pre Evacuate Collection Set: 0.30ms
[3852.489s][info][gc,phases      ] GC(960)   Merge Heap Roots: 0.54ms
[3852.489s][info][gc,phases      ] GC(960)   Evacuate Collection Set: 119.75ms
[3852.489s][info][gc,phases      ] GC(960)   Post Evacuate Collection Set: 0.94ms
[3852.489s][info][gc,phases      ] GC(960)   Other: 0.09ms
[3852.489s][info][gc,heap        ] GC(960) Eden regions: 1116->0(1102)
[3852.489s][info][gc,heap        ] GC(960) Survivor regions: 112->113(154)
[3852.489s][info][gc,heap        ] GC(960) Old regions: 505->537
[3852.489s][info][gc,heap        ] GC(960) Humongous regions: 80->80
[3852.489s][info][gc,metaspace   ] GC(960) Metaspace: 28962K(29376K)->28962K(29376K) NonClass: 24093K(24256K)->24093K(24256K) Class: 4869K(5120K)->4869K(5120K)
[3852.489s][info][gc             ] GC(960) Pause Young (Prepare Mixed) (G1 Evacuation Pause) 3625M->1457M(4096M) 121.749ms
[3852.489s][info][gc,cpu         ] GC(960) User=0.72s Sys=0.00s Real=0.12s
..[3855.034s][info][gc,start       ] GC(961) Pause Young (Mixed) (G1 Evacuation Pause)
[3855.034s][info][gc,task        ] GC(961) Using 6 workers of 6 for evacuation
[3855.170s][info][gc,phases      ] GC(961)   Pre Evacuate Collection Set: 0.36ms
[3855.170s][info][gc,phases      ] GC(961)   Merge Heap Roots: 0.75ms
[3855.170s][info][gc,phases      ] GC(961)   Evacuate Collection Set: 133.84ms
[3855.170s][info][gc,phases      ] GC(961)   Post Evacuate Collection Set: 0.95ms
[3855.170s][info][gc,phases      ] GC(961)   Other: 0.09ms
[3855.170s][info][gc,heap        ] GC(961) Eden regions: 1102->0(1121)
[3855.170s][info][gc,heap        ] GC(961) Survivor regions: 113->107(152)
[3855.170s][info][gc,heap        ] GC(961) Old regions: 537->472
[3855.170s][info][gc,heap        ] GC(961) Humongous regions: 80->80
[3855.170s][info][gc,metaspace   ] GC(961) Metaspace: 28962K(29376K)->28962K(29376K) NonClass: 24093K(24256K)->24093K(24256K) Class: 4869K(5120K)->4869K(5120K)
[3855.170s][info][gc             ] GC(961) Pause Young (Mixed) (G1 Evacuation Pause) 3661M->1317M(4096M) 136.117ms
[3855.170s][info][gc,cpu         ] GC(961) User=0.81s Sys=0.00s Real=0.13s
...[3857.774s][info][gc,start       ] GC(962) Pause Young (Concurrent Start) (G1 Evacuation Pause)
[3857.774s][info][gc,task        ] GC(962) Using 6 workers of 6 for evacuation
[3857.893s][info][gc,phases      ] GC(962)   Pre Evacuate Collection Set: 0.40ms
[3857.893s][info][gc,phases      ] GC(962)   Merge Heap Roots: 0.51ms
[3857.893s][info][gc,phases      ] GC(962)   Evacuate Collection Set: 117.47ms
[3857.893s][info][gc,phases      ] GC(962)   Post Evacuate Collection Set: 0.86ms
[3857.893s][info][gc,phases      ] GC(962)   Other: 0.11ms
[3857.893s][info][gc,heap        ] GC(962) Eden regions: 1121->0(1117)
[3857.893s][info][gc,heap        ] GC(962) Survivor regions: 107->111(154)
[3857.893s][info][gc,heap        ] GC(962) Old regions: 472->505
[3857.893s][info][gc,heap        ] GC(962) Humongous regions: 80->80
[3857.893s][info][gc,metaspace   ] GC(962) Metaspace: 28962K(29376K)->28962K(29376K) NonClass: 24093K(24256K)->24093K(24256K) Class: 4869K(5120K)->4869K(5120K)
[3857.893s][info][gc             ] GC(962) Pause Young (Concurrent Start) (G1 Evacuation Pause) 3559M->1389M(4096M) 119.485ms
[3857.893s][info][gc             ] GC(963) Concurrent Mark Cycle
[3857.893s][info][gc,marking     ] GC(963) Concurrent Scan Root Regions
[3857.893s][info][gc,cpu         ] GC(962) User=0.71s Sys=0.00s Real=0.12s
[3858.049s][info][gc,marking     ] GC(963) Concurrent Scan Root Regions 155.995ms
[3858.049s][info][gc,marking     ] GC(963) Concurrent Mark
[3858.049s][info][gc,marking     ] GC(963) Concurrent Mark From Roots
[3858.049s][info][gc,task        ] GC(963) Using 2 workers of 2 for marking
.[3858.822s][info][gc,marking     ] GC(963) Concurrent Mark From Roots 772.993ms
[3858.823s][info][gc,marking     ] GC(963) Concurrent Preclean
[3858.823s][info][gc,marking     ] GC(963) Concurrent Preclean 0.099ms
[3858.824s][info][gc,start       ] GC(963) Pause Remark
[3858.829s][info][gc             ] GC(963) Pause Remark 2205M->2205M(4096M) 5.780ms
[3858.830s][info][gc,cpu         ] GC(963) User=0.03s Sys=0.00s Real=0.00s
[3858.830s][info][gc,marking     ] GC(963) Concurrent Mark 780.146ms
[3858.830s][info][gc,marking     ] GC(963) Concurrent Rebuild Remembered Sets and Scrub Regions
[3859.110s][info][gc,marking     ] GC(963) Concurrent Rebuild Remembered Sets and Scrub Regions 280.165ms
[3859.110s][info][gc,start       ] GC(963) Pause Cleanup
[3859.110s][info][gc             ] GC(963) Pause Cleanup 2453M->2453M(4096M) 0.110ms
[3859.110s][info][gc,cpu         ] GC(963) User=0.00s Sys=0.00s Real=0.00s
[3859.111s][info][gc,marking     ] GC(963) Concurrent Clear Claimed Marks
[3859.111s][info][gc,marking     ] GC(963) Concurrent Clear Claimed Marks 0.044ms
[3859.111s][info][gc,marking     ] GC(963) Concurrent Cleanup for Next Mark
[3859.118s][info][gc,marking     ] GC(963) Concurrent Cleanup for Next Mark 6.997ms
[3859.118s][info][gc             ] GC(963) Concurrent Mark Cycle 1225.021ms
..[3860.540s][info][gc,start       ] GC(964) Pause Young (Prepare Mixed) (G1 Evacuation Pause)
[3860.540s][info][gc,task        ] GC(964) Using 6 workers of 6 for evacuation
[3860.660s][info][gc,phases      ] GC(964)   Pre Evacuate Collection Set: 0.33ms
[3860.660s][info][gc,phases      ] GC(964)   Merge Heap Roots: 0.55ms
[3860.660s][info][gc,phases      ] GC(964)   Evacuate Collection Set: 118.37ms
[3860.660s][info][gc,phases      ] GC(964)   Post Evacuate Collection Set: 0.92ms
[3860.660s][info][gc,phases      ] GC(964)   Other: 0.08ms
[3860.660s][info][gc,heap        ] GC(964) Eden regions: 1117->0(1105)
[3860.660s][info][gc,heap        ] GC(964) Survivor regions: 111->112(154)
[3860.660s][info][gc,heap        ] GC(964) Old regions: 505->536
[3860.660s][info][gc,heap        ] GC(964) Humongous regions: 80->80
[3860.660s][info][gc,metaspace   ] GC(964) Metaspace: 28962K(29376K)->28962K(29376K) NonClass: 24093K(24256K)->24093K(24256K) Class: 4869K(5120K)->4869K(5120K)
[3860.660s][info][gc             ] GC(964) Pause Young (Prepare Mixed) (G1 Evacuation Pause) 3623M->1454M(4096M) 120.395ms
[3860.660s][info][gc,cpu         ] GC(964) User=0.71s Sys=0.00s Real=0.12s
..[3863.218s][info][gc,start       ] GC(965) Pause Young (Mixed) (G1 Evacuation Pause)
[3863.218s][info][gc,task        ] GC(965) Using 6 workers of 6 for evacuation
[3863.358s][info][gc,phases      ] GC(965)   Pre Evacuate Collection Set: 0.37ms
[3863.358s][info][gc,phases      ] GC(965)   Merge Heap Roots: 0.74ms
[3863.358s][info][gc,phases      ] GC(965)   Evacuate Collection Set: 137.64ms
[3863.358s][info][gc,phases      ] GC(965)   Post Evacuate Collection Set: 0.95ms
[3863.358s][info][gc,phases      ] GC(965)   Other: 0.09ms
[3863.358s][info][gc,heap        ] GC(965) Eden regions: 1105->0(1115)
[3863.358s][info][gc,heap        ] GC(965) Survivor regions: 112->113(153)
[3863.358s][info][gc,heap        ] GC(965) Old regions: 536->474
[3863.358s][info][gc,heap        ] GC(965) Humongous regions: 80->80
[3863.358s][info][gc,metaspace   ] GC(965) Metaspace: 28962K(29376K)->28962K(29376K) NonClass: 24093K(24256K)->24093K(24256K) Class: 4869K(5120K)->4869K(5120K)
[3863.358s][info][gc             ] GC(965) Pause Young (Mixed) (G1 Evacuation Pause) 3664M->1332M(4096M) 139.923ms
[3863.358s][info][gc,cpu         ] GC(965) User=0.84s Sys=0.00s Real=0.14s
...[3865.882s][info][gc,start       ] GC(966) Pause Young (Concurrent Start) (G1 Evacuation Pause)
[3865.882s][info][gc,task        ] GC(966) Using 6 workers of 6 for evacuation
[3866.002s][info][gc,phases      ] GC(966)   Pre Evacuate Collection Set: 0.39ms
[3866.003s][info][gc,phases      ] GC(966)   Merge Heap Roots: 0.47ms
[3866.003s][info][gc,phases      ] GC(966)   Evacuate Collection Set: 118.91ms
[3866.003s][info][gc,phases      ] GC(966)   Post Evacuate Collection Set: 0.87ms
[3866.003s][info][gc,phases      ] GC(966)   Other: 0.12ms
[3866.003s][info][gc,heap        ] GC(966) Eden regions: 1115->0(1116)
[3866.003s][info][gc,heap        ] GC(966) Survivor regions: 113->112(154)
[3866.003s][info][gc,heap        ] GC(966) Old regions: 474->506
[3866.003s][info][gc,heap        ] GC(966) Humongous regions: 80->80
[3866.003s][info][gc,metaspace   ] GC(966) Metaspace: 28962K(29376K)->28962K(29376K) NonClass: 24093K(24256K)->24093K(24256K) Class: 4869K(5120K)->4869K(5120K)
[3866.003s][info][gc             ] GC(966) Pause Young (Concurrent Start) (G1 Evacuation Pause) 3562M->1394M(4096M) 120.889ms
[3866.003s][info][gc             ] GC(967) Concurrent Mark Cycle
[3866.003s][info][gc,marking     ] GC(967) Concurrent Scan Root Regions
[3866.003s][info][gc,cpu         ] GC(966) User=0.72s Sys=0.00s Real=0.13s
[3866.185s][info][gc,marking     ] GC(967) Concurrent Scan Root Regions 182.355ms
[3866.185s][info][gc,marking     ] GC(967) Concurrent Mark
[3866.185s][info][gc,marking     ] GC(967) Concurrent Mark From Roots
[3866.185s][info][gc,task        ] GC(967) Using 2 workers of 2 for marking
.[3867.092s][info][gc,marking     ] GC(967) Concurrent Mark From Roots 907.383ms
[3867.092s][info][gc,marking     ] GC(967) Concurrent Preclean
[3867.093s][info][gc,marking     ] GC(967) Concurrent Preclean 0.135ms
[3867.093s][info][gc,start       ] GC(967) Pause Remark
[3867.099s][info][gc             ] GC(967) Pause Remark 2308M->2308M(4096M) 6.202ms
[3867.099s][info][gc,cpu         ] GC(967) User=0.04s Sys=0.00s Real=0.00s
[3867.099s][info][gc,marking     ] GC(967) Concurrent Mark 914.193ms
[3867.099s][info][gc,marking     ] GC(967) Concurrent Rebuild Remembered Sets and Scrub Regions
.[3867.408s][info][gc,marking     ] GC(967) Concurrent Rebuild Remembered Sets and Scrub Regions 308.820ms
[3867.408s][info][gc,start       ] GC(967) Pause Cleanup
[3867.408s][info][gc             ] GC(967) Pause Cleanup 2579M->2579M(4096M) 0.114ms
[3867.408s][info][gc,cpu         ] GC(967) User=0.00s Sys=0.00s Real=0.00s
[3867.408s][info][gc,marking     ] GC(967) Concurrent Clear Claimed Marks
[3867.408s][info][gc,marking     ] GC(967) Concurrent Clear Claimed Marks 0.023ms
[3867.408s][info][gc,marking     ] GC(967) Concurrent Cleanup for Next Mark
[3867.414s][info][gc,marking     ] GC(967) Concurrent Cleanup for Next Mark 5.955ms
[3867.414s][info][gc             ] GC(967) Concurrent Mark Cycle 1411.824ms
.[3868.637s][info][gc,start       ] GC(968) Pause Young (Prepare Mixed) (G1 Evacuation Pause)
[3868.637s][info][gc,task        ] GC(968) Using 6 workers of 6 for evacuation
[3868.762s][info][gc,phases      ] GC(968)   Pre Evacuate Collection Set: 0.32ms
[3868.762s][info][gc,phases      ] GC(968)   Merge Heap Roots: 0.55ms
[3868.763s][info][gc,phases      ] GC(968)   Evacuate Collection Set: 123.80ms
[3868.763s][info][gc,phases      ] GC(968)   Post Evacuate Collection Set: 0.98ms
[3868.763s][info][gc,phases      ] GC(968)   Other: 0.09ms
[3868.763s][info][gc,heap        ] GC(968) Eden regions: 1116->0(1097)
[3868.763s][info][gc,heap        ] GC(968) Survivor regions: 112->115(154)
[3868.763s][info][gc,heap        ] GC(968) Old regions: 506->538
[3868.763s][info][gc,heap        ] GC(968) Humongous regions: 80->80
[3868.763s][info][gc,metaspace   ] GC(968) Metaspace: 28962K(29376K)->28962K(29376K) NonClass: 24093K(24256K)->24093K(24256K) Class: 4869K(5120K)->4869K(5120K)
[3868.763s][info][gc             ] GC(968) Pause Young (Prepare Mixed) (G1 Evacuation Pause) 3626M->1465M(4096M) 125.889ms
[3868.763s][info][gc,cpu         ] GC(968) User=0.74s Sys=0.00s Real=0.13s
..[3871.384s][info][gc,start       ] GC(969) Pause Young (Mixed) (G1 Evacuation Pause)
[3871.384s][info][gc,task        ] GC(969) Using 6 workers of 6 for evacuation
[3871.519s][info][gc,phases      ] GC(969)   Pre Evacuate Collection Set: 0.36ms
[3871.519s][info][gc,phases      ] GC(969)   Merge Heap Roots: 0.70ms
[3871.519s][info][gc,phases      ] GC(969)   Evacuate Collection Set: 132.89ms
[3871.519s][info][gc,phases      ] GC(969)   Post Evacuate Collection Set: 0.93ms
[3871.519s][info][gc,phases      ] GC(969)   Other: 0.09ms
[3871.519s][info][gc,heap        ] GC(969) Eden regions: 1097->0(1117)
[3871.519s][info][gc,heap        ] GC(969) Survivor regions: 115->111(152)
[3871.519s][info][gc,heap        ] GC(969) Old regions: 538->475
[3871.519s][info][gc,heap        ] GC(969) Humongous regions: 80->80
[3871.519s][info][gc,metaspace   ] GC(969) Metaspace: 28962K(29376K)->28962K(29376K) NonClass: 24093K(24256K)->24093K(24256K) Class: 4869K(5120K)->4869K(5120K)
[3871.519s][info][gc             ] GC(969) Pause Young (Mixed) (G1 Evacuation Pause) 3659M->1330M(4096M) 135.099ms
[3871.519s][info][gc,cpu         ] GC(969) User=0.80s Sys=0.00s Real=0.13s
...[3874.109s][info][gc,start       ] GC(970) Pause Young (Concurrent Start) (G1 Evacuation Pause)
[3874.109s][info][gc,task        ] GC(970) Using 6 workers of 6 for evacuation
[3874.227s][info][gc,phases      ] GC(970)   Pre Evacuate Collection Set: 0.39ms
[3874.227s][info][gc,phases      ] GC(970)   Merge Heap Roots: 0.47ms
[3874.227s][info][gc,phases      ] GC(970)   Evacuate Collection Set: 116.93ms
[3874.227s][info][gc,phases      ] GC(970)   Post Evacuate Collection Set: 0.87ms
[3874.227s][info][gc,phases      ] GC(970)   Other: 0.12ms
[3874.227s][info][gc,heap        ] GC(970) Eden regions: 1117->0(1117)
[3874.227s][info][gc,heap        ] GC(970) Survivor regions: 111->111(154)
[3874.227s][info][gc,heap        ] GC(970) Old regions: 475->506
[3874.227s][info][gc,heap        ] GC(970) Humongous regions: 80->80
[3874.227s][info][gc,metaspace   ] GC(970) Metaspace: 28962K(29376K)->28962K(29376K) NonClass: 24093K(24256K)->24093K(24256K) Class: 4869K(5120K)->4869K(5120K)
[3874.227s][info][gc             ] GC(970) Pause Young (Concurrent Start) (G1 Evacuation Pause) 3564M->1391M(4096M) 118.927ms
[3874.228s][info][gc             ] GC(971) Concurrent Mark Cycle
[3874.228s][info][gc,marking     ] GC(971) Concurrent Scan Root Regions
[3874.228s][info][gc,cpu         ] GC(970) User=0.71s Sys=0.00s Real=0.12s
[3874.423s][info][gc,marking     ] GC(971) Concurrent Scan Root Regions 195.279ms
[3874.423s][info][gc,marking     ] GC(971) Concurrent Mark
[3874.423s][info][gc,marking     ] GC(971) Concurrent Mark From Roots
[3874.423s][info][gc,task        ] GC(971) Using 2 workers of 2 for marking
.[3875.128s][info][gc,marking     ] GC(971) Concurrent Mark From Roots 705.537ms
[3875.128s][info][gc,marking     ] GC(971) Concurrent Preclean
[3875.129s][info][gc,marking     ] GC(971) Concurrent Preclean 0.135ms
[3875.129s][info][gc,start       ] GC(971) Pause Remark
[3875.134s][info][gc             ] GC(971) Pause Remark 2161M->2161M(4096M) 5.074ms
[3875.134s][info][gc,cpu         ] GC(971) User=0.02s Sys=0.00s Real=0.01s
[3875.135s][info][gc,marking     ] GC(971) Concurrent Mark 711.889ms
[3875.135s][info][gc,marking     ] GC(971) Concurrent Rebuild Remembered Sets and Scrub Regions
[3875.390s][info][gc,marking     ] GC(971) Concurrent Rebuild Remembered Sets and Scrub Regions 255.049ms
[3875.391s][info][gc,start       ] GC(971) Pause Cleanup
[3875.391s][info][gc             ] GC(971) Pause Cleanup 2375M->2375M(4096M) 0.125ms
[3875.391s][info][gc,cpu         ] GC(971) User=0.00s Sys=0.00s Real=0.00s
[3875.391s][info][gc,marking     ] GC(971) Concurrent Clear Claimed Marks
[3875.391s][info][gc,marking     ] GC(971) Concurrent Clear Claimed Marks 0.036ms
[3875.391s][info][gc,marking     ] GC(971) Concurrent Cleanup for Next Mark
[3875.396s][info][gc,marking     ] GC(971) Concurrent Cleanup for Next Mark 4.984ms
[3875.397s][info][gc             ] GC(971) Concurrent Mark Cycle 1169.002ms
..[3876.863s][info][gc,start       ] GC(972) Pause Young (Prepare Mixed) (G1 Evacuation Pause)
[3876.863s][info][gc,task        ] GC(972) Using 6 workers of 6 for evacuation
[3876.993s][info][gc,phases      ] GC(972)   Pre Evacuate Collection Set: 0.30ms
[3876.993s][info][gc,phases      ] GC(972)   Merge Heap Roots: 0.53ms
[3876.993s][info][gc,phases      ] GC(972)   Evacuate Collection Set: 127.79ms
[3876.993s][info][gc,phases      ] GC(972)   Post Evacuate Collection Set: 0.99ms
[3876.993s][info][gc,phases      ] GC(972)   Other: 0.09ms
[3876.993s][info][gc,heap        ] GC(972) Eden regions: 1117->0(1092)
[3876.993s][info][gc,heap        ] GC(972) Survivor regions: 111->117(154)
[3876.993s][info][gc,heap        ] GC(972) Old regions: 506->539
[3876.993s][info][gc,heap        ] GC(972) Humongous regions: 80->80
[3876.993s][info][gc,metaspace   ] GC(972) Metaspace: 28962K(29376K)->28962K(29376K) NonClass: 24093K(24256K)->24093K(24256K) Class: 4869K(5120K)->4869K(5120K)
[3876.993s][info][gc             ] GC(972) Pause Young (Prepare Mixed) (G1 Evacuation Pause) 3625M->1470M(4096M) 129.832ms
[3876.993s][info][gc,cpu         ] GC(972) User=0.77s Sys=0.00s Real=0.13s
..[3879.573s][info][gc,start       ] GC(973) Pause Young (Mixed) (G1 Evacuation Pause)
[3879.573s][info][gc,task        ] GC(973) Using 6 workers of 6 for evacuation
[3879.705s][info][gc,phases      ] GC(973)   Pre Evacuate Collection Set: 0.34ms
[3879.705s][info][gc,phases      ] GC(973)   Merge Heap Roots: 0.70ms
[3879.705s][info][gc,phases      ] GC(973)   Evacuate Collection Set: 129.88ms
[3879.705s][info][gc,phases      ] GC(973)   Post Evacuate Collection Set: 0.91ms
[3879.705s][info][gc,phases      ] GC(973)   Other: 0.08ms
[3879.705s][info][gc,heap        ] GC(973) Eden regions: 1092->0(1118)
[3879.705s][info][gc,heap        ] GC(973) Survivor regions: 117->110(152)
[3879.705s][info][gc,heap        ] GC(973) Old regions: 539->473
[3879.705s][info][gc,heap        ] GC(973) Humongous regions: 80->80
[3879.705s][info][gc,metaspace   ] GC(973) Metaspace: 28962K(29376K)->28962K(29376K) NonClass: 24093K(24256K)->24093K(24256K) Class: 4869K(5120K)->4869K(5120K)
[3879.705s][info][gc             ] GC(973) Pause Young (Mixed) (G1 Evacuation Pause) 3654M->1324M(4096M) 132.039ms
[3879.705s][info][gc,cpu         ] GC(973) User=0.78s Sys=0.00s Real=0.13s
...[3882.333s][info][gc,start       ] GC(974) Pause Young (Concurrent Start) (G1 Evacuation Pause)
[3882.333s][info][gc,task        ] GC(974) Using 6 workers of 6 for evacuation
[3882.449s][info][gc,phases      ] GC(974)   Pre Evacuate Collection Set: 0.36ms
[3882.449s][info][gc,phases      ] GC(974)   Merge Heap Roots: 0.49ms
[3882.449s][info][gc,phases      ] GC(974)   Evacuate Collection Set: 114.67ms
[3882.449s][info][gc,phases      ] GC(974)   Post Evacuate Collection Set: 0.85ms
[3882.449s][info][gc,phases      ] GC(974)   Other: 0.11ms
[3882.449s][info][gc,heap        ] GC(974) Eden regions: 1118->0(1119)
[3882.449s][info][gc,heap        ] GC(974) Survivor regions: 110->109(154)
[3882.449s][info][gc,heap        ] GC(974) Old regions: 473->505
[3882.449s][info][gc,heap        ] GC(974) Humongous regions: 80->80
[3882.449s][info][gc,metaspace   ] GC(974) Metaspace: 28962K(29376K)->28962K(29376K) NonClass: 24093K(24256K)->24093K(24256K) Class: 4869K(5120K)->4869K(5120K)
[3882.449s][info][gc             ] GC(974) Pause Young (Concurrent Start) (G1 Evacuation Pause) 3560M->1386M(4096M) 116.627ms
[3882.449s][info][gc             ] GC(975) Concurrent Mark Cycle
[3882.449s][info][gc,marking     ] GC(975) Concurrent Scan Root Regions
[3882.449s][info][gc,cpu         ] GC(974) User=0.70s Sys=0.00s Real=0.11s
[3882.590s][info][gc,marking     ] GC(975) Concurrent Scan Root Regions 141.048ms
[3882.590s][info][gc,marking     ] GC(975) Concurrent Mark
[3882.590s][info][gc,marking     ] GC(975) Concurrent Mark From Roots
[3882.590s][info][gc,task        ] GC(975) Using 2 workers of 2 for marking
.[3883.274s][info][gc,marking     ] GC(975) Concurrent Mark From Roots 683.644ms
[3883.274s][info][gc,marking     ] GC(975) Concurrent Preclean
[3883.274s][info][gc,marking     ] GC(975) Concurrent Preclean 0.120ms
[3883.276s][info][gc,start       ] GC(975) Pause Remark
[3883.282s][info][gc             ] GC(975) Pause Remark 2094M->2094M(4096M) 6.045ms
[3883.282s][info][gc,cpu         ] GC(975) User=0.03s Sys=0.00s Real=0.00s
[3883.284s][info][gc,marking     ] GC(975) Concurrent Mark 694.021ms
[3883.284s][info][gc,marking     ] GC(975) Concurrent Rebuild Remembered Sets and Scrub Regions
[3883.603s][info][gc,marking     ] GC(975) Concurrent Rebuild Remembered Sets and Scrub Regions 318.546ms
[3883.604s][info][gc,start       ] GC(975) Pause Cleanup
[3883.604s][info][gc             ] GC(975) Pause Cleanup 2379M->2379M(4096M) 0.127ms
[3883.604s][info][gc,cpu         ] GC(975) User=0.01s Sys=0.00s Real=0.00s
[3883.604s][info][gc,marking     ] GC(975) Concurrent Clear Claimed Marks
[3883.604s][info][gc,marking     ] GC(975) Concurrent Clear Claimed Marks 0.033ms
[3883.604s][info][gc,marking     ] GC(975) Concurrent Cleanup for Next Mark
[3883.617s][info][gc,marking     ] GC(975) Concurrent Cleanup for Next Mark 13.428ms
[3883.617s][info][gc             ] GC(975) Concurrent Mark Cycle 1168.085ms
..[3885.087s][info][gc,start       ] GC(976) Pause Young (Prepare Mixed) (G1 Evacuation Pause)
[3885.088s][info][gc,task        ] GC(976) Using 6 workers of 6 for evacuation
[3885.209s][info][gc,phases      ] GC(976)   Pre Evacuate Collection Set: 0.34ms
[3885.209s][info][gc,phases      ] GC(976)   Merge Heap Roots: 0.54ms
[3885.209s][info][gc,phases      ] GC(976)   Evacuate Collection Set: 119.61ms
[3885.209s][info][gc,phases      ] GC(976)   Post Evacuate Collection Set: 0.92ms
[3885.209s][info][gc,phases      ] GC(976)   Other: 0.09ms
[3885.209s][info][gc,heap        ] GC(976) Eden regions: 1119->0(1105)
[3885.209s][info][gc,heap        ] GC(976) Survivor regions: 109->112(154)
[3885.209s][info][gc,heap        ] GC(976) Old regions: 505->536
[3885.209s][info][gc,heap        ] GC(976) Humongous regions: 80->80
[3885.209s][info][gc,metaspace   ] GC(976) Metaspace: 28962K(29376K)->28962K(29376K) NonClass: 24093K(24256K)->24093K(24256K) Class: 4869K(5120K)->4869K(5120K)
[3885.209s][info][gc             ] GC(976) Pause Young (Prepare Mixed) (G1 Evacuation Pause) 3624M->1455M(4096M) 121.624ms
[3885.209s][info][gc,cpu         ] GC(976) User=0.73s Sys=0.00s Real=0.12s
...[3887.782s][info][gc,start       ] GC(977) Pause Young (Mixed) (G1 Evacuation Pause)
[3887.782s][info][gc,task        ] GC(977) Using 6 workers of 6 for evacuation
[3887.922s][info][gc,phases      ] GC(977)   Pre Evacuate Collection Set: 0.36ms
[3887.922s][info][gc,phases      ] GC(977)   Merge Heap Roots: 0.86ms
[3887.922s][info][gc,phases      ] GC(977)   Evacuate Collection Set: 137.76ms
[3887.922s][info][gc,phases      ] GC(977)   Post Evacuate Collection Set: 0.93ms
[3887.922s][info][gc,phases      ] GC(977)   Other: 0.08ms
[3887.922s][info][gc,heap        ] GC(977) Eden regions: 1105->0(1115)
[3887.922s][info][gc,heap        ] GC(977) Survivor regions: 112->113(153)
[3887.922s][info][gc,heap        ] GC(977) Old regions: 536->473
[3887.922s][info][gc,heap        ] GC(977) Humongous regions: 80->80
[3887.922s][info][gc,metaspace   ] GC(977) Metaspace: 28962K(29376K)->28962K(29376K) NonClass: 24093K(24256K)->24093K(24256K) Class: 4869K(5120K)->4869K(5120K)
[3887.922s][info][gc             ] GC(977) Pause Young (Mixed) (G1 Evacuation Pause) 3665M->1330M(4096M) 140.146ms
[3887.922s][info][gc,cpu         ] GC(977) User=0.83s Sys=0.00s Real=0.14s
..[3890.519s][info][gc,start       ] GC(978) Pause Young (Concurrent Start) (G1 Evacuation Pause)
[3890.519s][info][gc,task        ] GC(978) Using 6 workers of 6 for evacuation
[3890.643s][info][gc,phases      ] GC(978)   Pre Evacuate Collection Set: 0.34ms
[3890.643s][info][gc,phases      ] GC(978)   Merge Heap Roots: 0.44ms
[3890.643s][info][gc,phases      ] GC(978)   Evacuate Collection Set: 122.78ms
[3890.643s][info][gc,phases      ] GC(978)   Post Evacuate Collection Set: 0.90ms
[3890.643s][info][gc,phases      ] GC(978)   Other: 0.11ms
[3890.643s][info][gc,heap        ] GC(978) Eden regions: 1115->0(1115)
[3890.643s][info][gc,heap        ] GC(978) Survivor regions: 113->113(154)
[3890.643s][info][gc,heap        ] GC(978) Old regions: 473->507
[3890.643s][info][gc,heap        ] GC(978) Humongous regions: 80->80
[3890.643s][info][gc,metaspace   ] GC(978) Metaspace: 28962K(29376K)->28962K(29376K) NonClass: 24093K(24256K)->24093K(24256K) Class: 4869K(5120K)->4869K(5120K)
[3890.644s][info][gc             ] GC(978) Pause Young (Concurrent Start) (G1 Evacuation Pause) 3560M->1398M(4096M) 124.700ms
[3890.644s][info][gc             ] GC(979) Concurrent Mark Cycle
[3890.644s][info][gc,marking     ] GC(979) Concurrent Scan Root Regions
[3890.644s][info][gc,cpu         ] GC(978) User=0.74s Sys=0.00s Real=0.13s
[3890.825s][info][gc,marking     ] GC(979) Concurrent Scan Root Regions 181.560ms
[3890.825s][info][gc,marking     ] GC(979) Concurrent Mark
[3890.825s][info][gc,marking     ] GC(979) Concurrent Mark From Roots
[3890.825s][info][gc,task        ] GC(979) Using 2 workers of 2 for marking
.[3891.536s][info][gc,marking     ] GC(979) Concurrent Mark From Roots 710.674ms
[3891.536s][info][gc,marking     ] GC(979) Concurrent Preclean
[3891.536s][info][gc,marking     ] GC(979) Concurrent Preclean 0.110ms
[3891.536s][info][gc,start       ] GC(979) Pause Remark
[3891.542s][info][gc             ] GC(979) Pause Remark 2192M->2192M(4096M) 5.482ms
[3891.542s][info][gc,cpu         ] GC(979) User=0.03s Sys=0.00s Real=0.00s
[3891.542s][info][gc,marking     ] GC(979) Concurrent Mark 716.691ms
[3891.542s][info][gc,marking     ] GC(979) Concurrent Rebuild Remembered Sets and Scrub Regions
[3891.811s][info][gc,marking     ] GC(979) Concurrent Rebuild Remembered Sets and Scrub Regions 269.428ms
[3891.811s][info][gc,start       ] GC(979) Pause Cleanup
[3891.812s][info][gc             ] GC(979) Pause Cleanup 2474M->2474M(4096M) 0.125ms
[3891.812s][info][gc,cpu         ] GC(979) User=0.00s Sys=0.00s Real=0.00s
[3891.812s][info][gc,marking     ] GC(979) Concurrent Clear Claimed Marks
[3891.812s][info][gc,marking     ] GC(979) Concurrent Clear Claimed Marks 0.026ms
[3891.812s][info][gc,marking     ] GC(979) Concurrent Cleanup for Next Mark
[3891.817s][info][gc,marking     ] GC(979) Concurrent Cleanup for Next Mark 5.013ms
[3891.817s][info][gc             ] GC(979) Concurrent Mark Cycle 1173.261ms
..[3893.245s][info][gc,start       ] GC(980) Pause Young (Prepare Mixed) (G1 Evacuation Pause)
[3893.245s][info][gc,task        ] GC(980) Using 6 workers of 6 for evacuation
[3893.364s][info][gc,phases      ] GC(980)   Pre Evacuate Collection Set: 0.34ms
[3893.364s][info][gc,phases      ] GC(980)   Merge Heap Roots: 0.52ms
[3893.364s][info][gc,phases      ] GC(980)   Evacuate Collection Set: 116.81ms
[3893.364s][info][gc,phases      ] GC(980)   Post Evacuate Collection Set: 0.92ms
[3893.364s][info][gc,phases      ] GC(980)   Other: 0.08ms
[3893.364s][info][gc,heap        ] GC(980) Eden regions: 1115->0(1103)
[3893.364s][info][gc,heap        ] GC(980) Survivor regions: 113->112(154)
[3893.364s][info][gc,heap        ] GC(980) Old regions: 507->538
[3893.364s][info][gc,heap        ] GC(980) Humongous regions: 80->80
[3893.364s][info][gc,metaspace   ] GC(980) Metaspace: 28962K(29376K)->28962K(29376K) NonClass: 24093K(24256K)->24093K(24256K) Class: 4869K(5120K)->4869K(5120K)
[3893.364s][info][gc             ] GC(980) Pause Young (Prepare Mixed) (G1 Evacuation Pause) 3628M->1458M(4096M) 118.826ms
[3893.364s][info][gc,cpu         ] GC(980) User=0.71s Sys=0.00s Real=0.12s
...[3895.921s][info][gc,start       ] GC(981) Pause Young (Mixed) (G1 Evacuation Pause)
[3895.921s][info][gc,task        ] GC(981) Using 6 workers of 6 for evacuation
[3896.051s][info][gc,phases      ] GC(981)   Pre Evacuate Collection Set: 0.35ms
[3896.051s][info][gc,phases      ] GC(981)   Merge Heap Roots: 0.65ms
[3896.051s][info][gc,phases      ] GC(981)   Evacuate Collection Set: 127.82ms
[3896.051s][info][gc,phases      ] GC(981)   Post Evacuate Collection Set: 0.95ms
[3896.051s][info][gc,phases      ] GC(981)   Other: 0.09ms
[3896.051s][info][gc,heap        ] GC(981) Eden regions: 1103->0(1120)
[3896.051s][info][gc,heap        ] GC(981) Survivor regions: 112->108(152)
[3896.051s][info][gc,heap        ] GC(981) Old regions: 538->475
[3896.051s][info][gc,heap        ] GC(981) Humongous regions: 80->80
[3896.051s][info][gc,metaspace   ] GC(981) Metaspace: 28962K(29376K)->28962K(29376K) NonClass: 24093K(24256K)->24093K(24256K) Class: 4869K(5120K)->4869K(5120K)
[3896.051s][info][gc             ] GC(981) Pause Young (Mixed) (G1 Evacuation Pause) 3664M->1324M(4096M) 129.978ms
[3896.051s][info][gc,cpu         ] GC(981) User=0.77s Sys=0.00s Real=0.13s
..[3898.613s][info][gc,start       ] GC(982) Pause Young (Concurrent Start) (G1 Evacuation Pause)
[3898.613s][info][gc,task        ] GC(982) Using 6 workers of 6 for evacuation
[3898.738s][info][gc,phases      ] GC(982)   Pre Evacuate Collection Set: 0.39ms
[3898.738s][info][gc,phases      ] GC(982)   Merge Heap Roots: 0.49ms
[3898.738s][info][gc,phases      ] GC(982)   Evacuate Collection Set: 122.30ms
[3898.738s][info][gc,phases      ] GC(982)   Post Evacuate Collection Set: 0.86ms
[3898.738s][info][gc,phases      ] GC(982)   Other: 0.12ms
[3898.738s][info][gc,heap        ] GC(982) Eden regions: 1120->0(1114)
[3898.738s][info][gc,heap        ] GC(982) Survivor regions: 108->114(154)
[3898.738s][info][gc,heap        ] GC(982) Old regions: 475->508
[3898.738s][info][gc,heap        ] GC(982) Humongous regions: 80->80
[3898.738s][info][gc,metaspace   ] GC(982) Metaspace: 28962K(29376K)->28962K(29376K) NonClass: 24093K(24256K)->24093K(24256K) Class: 4869K(5120K)->4869K(5120K)
[3898.738s][info][gc             ] GC(982) Pause Young (Concurrent Start) (G1 Evacuation Pause) 3564M->1403M(4096M) 124.289ms
[3898.738s][info][gc             ] GC(983) Concurrent Mark Cycle
[3898.738s][info][gc,marking     ] GC(983) Concurrent Scan Root Regions
[3898.738s][info][gc,cpu         ] GC(982) User=0.74s Sys=0.00s Real=0.12s
.[3898.883s][info][gc,marking     ] GC(983) Concurrent Scan Root Regions 145.321ms
[3898.883s][info][gc,marking     ] GC(983) Concurrent Mark
[3898.883s][info][gc,marking     ] GC(983) Concurrent Mark From Roots
[3898.883s][info][gc,task        ] GC(983) Using 2 workers of 2 for marking
[3899.558s][info][gc,marking     ] GC(983) Concurrent Mark From Roots 675.188ms
[3899.558s][info][gc,marking     ] GC(983) Concurrent Preclean
[3899.558s][info][gc,marking     ] GC(983) Concurrent Preclean 0.102ms
[3899.559s][info][gc,start       ] GC(983) Pause Remark
[3899.564s][info][gc             ] GC(983) Pause Remark 2077M->2077M(4096M) 4.682ms
[3899.564s][info][gc,cpu         ] GC(983) User=0.03s Sys=0.00s Real=0.01s
[3899.564s][info][gc,marking     ] GC(983) Concurrent Mark 680.627ms
[3899.564s][info][gc,marking     ] GC(983) Concurrent Rebuild Remembered Sets and Scrub Regions
[3899.829s][info][gc,marking     ] GC(983) Concurrent Rebuild Remembered Sets and Scrub Regions 265.311ms
[3899.830s][info][gc,start       ] GC(983) Pause Cleanup
[3899.831s][info][gc             ] GC(983) Pause Cleanup 2311M->2311M(4096M) 0.130ms
[3899.831s][info][gc,cpu         ] GC(983) User=0.00s Sys=0.00s Real=0.00s
[3899.831s][info][gc,marking     ] GC(983) Concurrent Clear Claimed Marks
[3899.831s][info][gc,marking     ] GC(983) Concurrent Clear Claimed Marks 0.030ms
[3899.831s][info][gc,marking     ] GC(983) Concurrent Cleanup for Next Mark
[3899.837s][info][gc,marking     ] GC(983) Concurrent Cleanup for Next Mark 6.226ms
[3899.837s][info][gc             ] GC(983) Concurrent Mark Cycle 1099.267ms
..[3901.405s][info][gc,start       ] GC(984) Pause Young (Prepare Mixed) (G1 Evacuation Pause)
[3901.405s][info][gc,task        ] GC(984) Using 6 workers of 6 for evacuation
[3901.522s][info][gc,phases      ] GC(984)   Pre Evacuate Collection Set: 0.32ms
[3901.522s][info][gc,phases      ] GC(984)   Merge Heap Roots: 0.50ms
[3901.522s][info][gc,phases      ] GC(984)   Evacuate Collection Set: 115.51ms
[3901.522s][info][gc,phases      ] GC(984)   Post Evacuate Collection Set: 0.93ms
[3901.522s][info][gc,phases      ] GC(984)   Other: 0.09ms
[3901.522s][info][gc,heap        ] GC(984) Eden regions: 1114->0(1108)
[3901.522s][info][gc,heap        ] GC(984) Survivor regions: 114->109(154)
[3901.522s][info][gc,heap        ] GC(984) Old regions: 508->539
[3901.522s][info][gc,heap        ] GC(984) Humongous regions: 80->80
[3901.522s][info][gc,metaspace   ] GC(984) Metaspace: 28962K(29376K)->28962K(29376K) NonClass: 24093K(24256K)->24093K(24256K) Class: 4869K(5120K)->4869K(5120K)
[3901.522s][info][gc             ] GC(984) Pause Young (Prepare Mixed) (G1 Evacuation Pause) 3631M->1455M(4096M) 117.474ms
[3901.522s][info][gc,cpu         ] GC(984) User=0.69s Sys=0.00s Real=0.11s
...[3904.137s][info][gc,start       ] GC(985) Pause Young (Mixed) (G1 Evacuation Pause)
[3904.137s][info][gc,task        ] GC(985) Using 6 workers of 6 for evacuation
[3904.270s][info][gc,phases      ] GC(985)   Pre Evacuate Collection Set: 0.39ms
[3904.270s][info][gc,phases      ] GC(985)   Merge Heap Roots: 0.70ms
[3904.270s][info][gc,phases      ] GC(985)   Evacuate Collection Set: 131.52ms
[3904.270s][info][gc,phases      ] GC(985)   Post Evacuate Collection Set: 0.93ms
[3904.270s][info][gc,phases      ] GC(985)   Other: 0.09ms
[3904.270s][info][gc,heap        ] GC(985) Eden regions: 1108->0(1119)
[3904.270s][info][gc,heap        ] GC(985) Survivor regions: 109->109(153)
[3904.270s][info][gc,heap        ] GC(985) Old regions: 539->474
[3904.270s][info][gc,heap        ] GC(985) Humongous regions: 80->80
[3904.270s][info][gc,metaspace   ] GC(985) Metaspace: 28962K(29376K)->28962K(29376K) NonClass: 24093K(24256K)->24093K(24256K) Class: 4869K(5120K)->4869K(5120K)
[3904.270s][info][gc             ] GC(985) Pause Young (Mixed) (G1 Evacuation Pause) 3671M->1324M(4096M) 133.776ms
[3904.270s][info][gc,cpu         ] GC(985) User=0.80s Sys=0.01s Real=0.13s
.. (rIR:aIR:PR = 6918:6905:6905) (tPR = 102577) [OK] 
  3905s: Performance info:
         Transaction,    Success,    Partial,     Failed,   Receipts, AvgBarcode, 
             Overall,     419229,          0,          0,     398180,      59.47, 
         Response times:
             Request,    Success,    Partial,     Failed,   SkipFail,     Probes,    Samples,      min,      p50,      p90,      p95,      p99,      max, 
       TotalPurchase,     398181,          0,          0,          0,     360812,     408478,      300,     5700,    48000,    83000,   137000,   263000,
     InStorePurchase,     209789,          0,          0,          0,     190233,     215156,      300,     5600,    47000,    82000,   137000,   263000,
      OnlinePurchase,     146483,          0,          0,          0,     132260,     149854,      300,     5900,    50000,    85000,   139000,   263000,
        InstPurchase,      41909,          0,          0,          0,      38319,      43468,      400,     5900,    49000,    83000,   133310,   263000,
          AssocOfCat,        420,          0,          0,          0,        345,        496,    29000,    41000,   126300,   167000,   206030,   362000,
      AssocOfProduct,       4205,          0,          0,          0,       3855,       4525,      500,     6900,    57000,    90000,   146000,   223000,
      BusinessReport,       1055,          0,          0,          0,        910,       1147,    29000,    46000,   125400,   164000,   219520,   334000,
          CustBuyBeh,       4210,          0,          0,          0,       3899,       4563,      200,     5100,    49000,    77000,   133360,   248000,
       ProductReturn,      11158,          0,          0,          0,       9437,      10872,      200,     5600,    48000,    85000,   134000,   233000,

  3905s: (51%)   IR =   7057 [3906.875s][info][gc,start       ] GC(986) Pause Young (Concurrent Start) (G1 Evacuation Pause)
[3906.875s][info][gc,task        ] GC(986) Using 6 workers of 6 for evacuation
[3906.997s][info][gc,phases      ] GC(986)   Pre Evacuate Collection Set: 0.41ms
[3906.997s][info][gc,phases      ] GC(986)   Merge Heap Roots: 0.48ms
[3906.997s][info][gc,phases      ] GC(986)   Evacuate Collection Set: 119.73ms
[3906.997s][info][gc,phases      ] GC(986)   Post Evacuate Collection Set: 0.87ms
[3906.997s][info][gc,phases      ] GC(986)   Other: 0.12ms
[3906.997s][info][gc,heap        ] GC(986) Eden regions: 1119->0(1115)
[3906.997s][info][gc,heap        ] GC(986) Survivor regions: 109->113(154)
[3906.997s][info][gc,heap        ] GC(986) Old regions: 474->507
[3906.997s][info][gc,heap        ] GC(986) Humongous regions: 80->80
[3906.997s][info][gc,metaspace   ] GC(986) Metaspace: 28962K(29376K)->28962K(29376K) NonClass: 24093K(24256K)->24093K(24256K) Class: 4869K(5120K)->4869K(5120K)
[3906.997s][info][gc             ] GC(986) Pause Young (Concurrent Start) (G1 Evacuation Pause) 3562M->1397M(4096M) 121.742ms
[3906.997s][info][gc             ] GC(987) Concurrent Mark Cycle
[3906.997s][info][gc,marking     ] GC(987) Concurrent Scan Root Regions
[3906.997s][info][gc,cpu         ] GC(986) User=0.72s Sys=0.00s Real=0.12s
.[3907.188s][info][gc,marking     ] GC(987) Concurrent Scan Root Regions 191.264ms
[3907.188s][info][gc,marking     ] GC(987) Concurrent Mark
[3907.188s][info][gc,marking     ] GC(987) Concurrent Mark From Roots
[3907.188s][info][gc,task        ] GC(987) Using 2 workers of 2 for marking
.[3908.253s][info][gc,marking     ] GC(987) Concurrent Mark From Roots 1064.912ms
[3908.253s][info][gc,marking     ] GC(987) Concurrent Preclean
[3908.253s][info][gc,marking     ] GC(987) Concurrent Preclean 0.127ms
[3908.255s][info][gc,start       ] GC(987) Pause Remark
[3908.260s][info][gc             ] GC(987) Pause Remark 2497M->2497M(4096M) 4.768ms
[3908.260s][info][gc,cpu         ] GC(987) User=0.02s Sys=0.00s Real=0.00s
[3908.260s][info][gc,marking     ] GC(987) Concurrent Mark 1072.131ms
[3908.260s][info][gc,marking     ] GC(987) Concurrent Rebuild Remembered Sets and Scrub Regions
[3908.626s][info][gc,marking     ] GC(987) Concurrent Rebuild Remembered Sets and Scrub Regions 365.678ms
[3908.627s][info][gc,start       ] GC(987) Pause Cleanup
[3908.627s][info][gc             ] GC(987) Pause Cleanup 2879M->2879M(4096M) 0.125ms
[3908.627s][info][gc,cpu         ] GC(987) User=0.00s Sys=0.00s Real=0.00s
[3908.627s][info][gc,marking     ] GC(987) Concurrent Clear Claimed Marks
[3908.627s][info][gc,marking     ] GC(987) Concurrent Clear Claimed Marks 0.027ms
[3908.627s][info][gc,marking     ] GC(987) Concurrent Cleanup for Next Mark
[3908.633s][info][gc,marking     ] GC(987) Concurrent Cleanup for Next Mark 6.123ms
[3908.633s][info][gc             ] GC(987) Concurrent Mark Cycle 1636.336ms
.[3909.522s][info][gc,start       ] GC(988) Pause Young (Prepare Mixed) (G1 Evacuation Pause)
[3909.522s][info][gc,task        ] GC(988) Using 6 workers of 6 for evacuation
[3909.642s][info][gc,phases      ] GC(988)   Pre Evacuate Collection Set: 0.31ms
[3909.642s][info][gc,phases      ] GC(988)   Merge Heap Roots: 0.55ms
[3909.642s][info][gc,phases      ] GC(988)   Evacuate Collection Set: 117.75ms
[3909.642s][info][gc,phases      ] GC(988)   Post Evacuate Collection Set: 0.91ms
[3909.642s][info][gc,phases      ] GC(988)   Other: 0.10ms
[3909.642s][info][gc,heap        ] GC(988) Eden regions: 1115->0(1104)
[3909.642s][info][gc,heap        ] GC(988) Survivor regions: 113->111(154)
[3909.642s][info][gc,heap        ] GC(988) Old regions: 507->539
[3909.642s][info][gc,heap        ] GC(988) Humongous regions: 80->80
[3909.642s][info][gc,metaspace   ] GC(988) Metaspace: 28962K(29376K)->28962K(29376K) NonClass: 24093K(24256K)->24093K(24256K) Class: 4869K(5120K)->4869K(5120K)
[3909.642s][info][gc             ] GC(988) Pause Young (Prepare Mixed) (G1 Evacuation Pause) 3627M->1458M(4096M) 119.790ms
[3909.642s][info][gc,cpu         ] GC(988) User=0.72s Sys=0.00s Real=0.12s
...[3912.172s][info][gc,start       ] GC(989) Pause Young (Mixed) (G1 Evacuation Pause)
[3912.172s][info][gc,task        ] GC(989) Using 6 workers of 6 for evacuation
[3912.301s][info][gc,phases      ] GC(989)   Pre Evacuate Collection Set: 0.39ms
[3912.301s][info][gc,phases      ] GC(989)   Merge Heap Roots: 0.64ms
[3912.301s][info][gc,phases      ] GC(989)   Evacuate Collection Set: 127.74ms
[3912.301s][info][gc,phases      ] GC(989)   Post Evacuate Collection Set: 0.93ms
[3912.301s][info][gc,phases      ] GC(989)   Other: 0.09ms
[3912.301s][info][gc,heap        ] GC(989) Eden regions: 1104->0(1120)
[3912.301s][info][gc,heap        ] GC(989) Survivor regions: 111->108(152)
[3912.301s][info][gc,heap        ] GC(989) Old regions: 539->474
[3912.301s][info][gc,heap        ] GC(989) Humongous regions: 80->80
[3912.301s][info][gc,metaspace   ] GC(989) Metaspace: 28962K(29376K)->28962K(29376K) NonClass: 24093K(24256K)->24093K(24256K) Class: 4869K(5120K)->4869K(5120K)
[3912.301s][info][gc             ] GC(989) Pause Young (Mixed) (G1 Evacuation Pause) 3666M->1322M(4096M) 129.921ms
[3912.301s][info][gc,cpu         ] GC(989) User=0.77s Sys=0.00s Real=0.13s
..[3914.849s][info][gc,start       ] GC(990) Pause Young (Concurrent Start) (G1 Evacuation Pause)
[3914.849s][info][gc,task        ] GC(990) Using 6 workers of 6 for evacuation
[3914.969s][info][gc,phases      ] GC(990)   Pre Evacuate Collection Set: 0.35ms
[3914.969s][info][gc,phases      ] GC(990)   Merge Heap Roots: 0.48ms
[3914.969s][info][gc,phases      ] GC(990)   Evacuate Collection Set: 118.57ms
[3914.969s][info][gc,phases      ] GC(990)   Post Evacuate Collection Set: 0.86ms
[3914.969s][info][gc,phases      ] GC(990)   Other: 0.11ms
[3914.969s][info][gc,heap        ] GC(990) Eden regions: 1120->0(1115)
[3914.969s][info][gc,heap        ] GC(990) Survivor regions: 108->113(154)
[3914.969s][info][gc,heap        ] GC(990) Old regions: 474->506
[3914.969s][info][gc,heap        ] GC(990) Humongous regions: 80->80
[3914.969s][info][gc,metaspace   ] GC(990) Metaspace: 28962K(29376K)->28962K(29376K) NonClass: 24093K(24256K)->24093K(24256K) Class: 4869K(5120K)->4869K(5120K)
[3914.969s][info][gc             ] GC(990) Pause Young (Concurrent Start) (G1 Evacuation Pause) 3562M->1396M(4096M) 120.494ms
[3914.969s][info][gc             ] GC(991) Concurrent Mark Cycle
[3914.969s][info][gc,marking     ] GC(991) Concurrent Scan Root Regions
[3914.969s][info][gc,cpu         ] GC(990) User=0.72s Sys=0.00s Real=0.12s
.[3915.115s][info][gc,marking     ] GC(991) Concurrent Scan Root Regions 146.328ms
[3915.115s][info][gc,marking     ] GC(991) Concurrent Mark
[3915.115s][info][gc,marking     ] GC(991) Concurrent Mark From Roots
[3915.115s][info][gc,task        ] GC(991) Using 2 workers of 2 for marking
[3916.112s][info][gc,marking     ] GC(991) Concurrent Mark From Roots 996.168ms
[3916.112s][info][gc,marking     ] GC(991) Concurrent Preclean
[3916.112s][info][gc,marking     ] GC(991) Concurrent Preclean 0.096ms
[3916.113s][info][gc,start       ] GC(991) Pause Remark
[3916.119s][info][gc             ] GC(991) Pause Remark 2364M->2364M(4096M) 5.540ms
[3916.119s][info][gc,cpu         ] GC(991) User=0.03s Sys=0.00s Real=0.00s
[3916.119s][info][gc,marking     ] GC(991) Concurrent Mark 1003.633ms
[3916.119s][info][gc,marking     ] GC(991) Concurrent Rebuild Remembered Sets and Scrub Regions
.[3916.491s][info][gc,marking     ] GC(991) Concurrent Rebuild Remembered Sets and Scrub Regions 372.162ms
[3916.492s][info][gc,start       ] GC(991) Pause Cleanup
[3916.492s][info][gc             ] GC(991) Pause Cleanup 2750M->2750M(4096M) 0.123ms
[3916.492s][info][gc,cpu         ] GC(991) User=0.00s Sys=0.00s Real=0.00s
[3916.492s][info][gc,marking     ] GC(991) Concurrent Clear Claimed Marks
[3916.492s][info][gc,marking     ] GC(991) Concurrent Clear Claimed Marks 0.032ms
[3916.492s][info][gc,marking     ] GC(991) Concurrent Cleanup for Next Mark
[3916.497s][info][gc,marking     ] GC(991) Concurrent Cleanup for Next Mark 5.361ms
[3916.497s][info][gc             ] GC(991) Concurrent Mark Cycle 1528.213ms
.[3917.556s][info][gc,start       ] GC(992) Pause Young (Prepare Mixed) (G1 Evacuation Pause)
[3917.556s][info][gc,task        ] GC(992) Using 6 workers of 6 for evacuation
[3917.676s][info][gc,phases      ] GC(992)   Pre Evacuate Collection Set: 0.35ms
[3917.676s][info][gc,phases      ] GC(992)   Merge Heap Roots: 0.55ms
[3917.676s][info][gc,phases      ] GC(992)   Evacuate Collection Set: 118.13ms
[3917.676s][info][gc,phases      ] GC(992)   Post Evacuate Collection Set: 0.92ms
[3917.676s][info][gc,phases      ] GC(992)   Other: 0.09ms
[3917.676s][info][gc,heap        ] GC(992) Eden regions: 1115->0(1103)
[3917.676s][info][gc,heap        ] GC(992) Survivor regions: 113->112(154)
[3917.676s][info][gc,heap        ] GC(992) Old regions: 506->538
[3917.676s][info][gc,heap        ] GC(992) Humongous regions: 80->80
[3917.676s][info][gc,metaspace   ] GC(992) Metaspace: 28962K(29376K)->28962K(29376K) NonClass: 24093K(24256K)->24093K(24256K) Class: 4869K(5120K)->4869K(5120K)
[3917.676s][info][gc             ] GC(992) Pause Young (Prepare Mixed) (G1 Evacuation Pause) 3626M->1458M(4096M) 120.186ms
[3917.676s][info][gc,cpu         ] GC(992) User=0.72s Sys=0.00s Real=0.12s
...[3920.177s][info][gc,start       ] GC(993) Pause Young (Mixed) (G1 Evacuation Pause)
[3920.177s][info][gc,task        ] GC(993) Using 6 workers of 6 for evacuation
[3920.311s][info][gc,phases      ] GC(993)   Pre Evacuate Collection Set: 0.38ms
[3920.311s][info][gc,phases      ] GC(993)   Merge Heap Roots: 0.79ms
[3920.311s][info][gc,phases      ] GC(993)   Evacuate Collection Set: 132.14ms
[3920.311s][info][gc,phases      ] GC(993)   Post Evacuate Collection Set: 0.94ms
[3920.311s][info][gc,phases      ] GC(993)   Other: 0.09ms
[3920.311s][info][gc,heap        ] GC(993) Eden regions: 1103->0(1120)
[3920.311s][info][gc,heap        ] GC(993) Survivor regions: 112->108(152)
[3920.311s][info][gc,heap        ] GC(993) Old regions: 538->474
[3920.311s][info][gc,heap        ] GC(993) Humongous regions: 80->80
[3920.311s][info][gc,metaspace   ] GC(993) Metaspace: 28962K(29376K)->28962K(29376K) NonClass: 24093K(24256K)->24093K(24256K) Class: 4869K(5120K)->4869K(5120K)
[3920.311s][info][gc             ] GC(993) Pause Young (Mixed) (G1 Evacuation Pause) 3664M->1321M(4096M) 134.475ms
[3920.311s][info][gc,cpu         ] GC(993) User=0.80s Sys=0.00s Real=0.13s
..[3922.898s][info][gc,start       ] GC(994) Pause Young (Concurrent Start) (G1 Evacuation Pause)
[3922.898s][info][gc,task        ] GC(994) Using 6 workers of 6 for evacuation
[3923.016s][info][gc,phases      ] GC(994)   Pre Evacuate Collection Set: 0.36ms
[3923.016s][info][gc,phases      ] GC(994)   Merge Heap Roots: 0.47ms
[3923.016s][info][gc,phases      ] GC(994)   Evacuate Collection Set: 116.48ms
[3923.016s][info][gc,phases      ] GC(994)   Post Evacuate Collection Set: 0.86ms
[3923.016s][info][gc,phases      ] GC(994)   Other: 0.09ms
[3923.016s][info][gc,heap        ] GC(994) Eden regions: 1120->0(1117)
[3923.016s][info][gc,heap        ] GC(994) Survivor regions: 108->111(154)
[3923.016s][info][gc,heap        ] GC(994) Old regions: 474->505
[3923.016s][info][gc,heap        ] GC(994) Humongous regions: 80->80
[3923.016s][info][gc,metaspace   ] GC(994) Metaspace: 28962K(29376K)->28962K(29376K) NonClass: 24093K(24256K)->24093K(24256K) Class: 4869K(5120K)->4869K(5120K)
[3923.016s][info][gc             ] GC(994) Pause Young (Concurrent Start) (G1 Evacuation Pause) 3561M->1391M(4096M) 118.401ms
[3923.016s][info][gc             ] GC(995) Concurrent Mark Cycle
[3923.016s][info][gc,marking     ] GC(995) Concurrent Scan Root Regions
[3923.016s][info][gc,cpu         ] GC(994) User=0.70s Sys=0.00s Real=0.12s
[3923.156s][info][gc,marking     ] GC(995) Concurrent Scan Root Regions 139.726ms
[3923.156s][info][gc,marking     ] GC(995) Concurrent Mark
[3923.156s][info][gc,marking     ] GC(995) Concurrent Mark From Roots
[3923.156s][info][gc,task        ] GC(995) Using 2 workers of 2 for marking
.[3923.857s][info][gc,marking     ] GC(995) Concurrent Mark From Roots 700.706ms
[3923.857s][info][gc,marking     ] GC(995) Concurrent Preclean
[3923.857s][info][gc,marking     ] GC(995) Concurrent Preclean 0.097ms
[3923.857s][info][gc,start       ] GC(995) Pause Remark
[3923.864s][info][gc             ] GC(995) Pause Remark 2155M->2155M(4096M) 6.264ms
[3923.864s][info][gc,cpu         ] GC(995) User=0.04s Sys=0.00s Real=0.01s
[3923.864s][info][gc,marking     ] GC(995) Concurrent Mark 708.441ms
[3923.864s][info][gc,marking     ] GC(995) Concurrent Rebuild Remembered Sets and Scrub Regions
[3924.190s][info][gc,marking     ] GC(995) Concurrent Rebuild Remembered Sets and Scrub Regions 325.861ms
[3924.190s][info][gc,start       ] GC(995) Pause Cleanup
[3924.190s][info][gc             ] GC(995) Pause Cleanup 2426M->2426M(4096M) 0.125ms
[3924.191s][info][gc,cpu         ] GC(995) User=0.00s Sys=0.00s Real=0.00s
[3924.193s][info][gc,marking     ] GC(995) Concurrent Clear Claimed Marks
[3924.193s][info][gc,marking     ] GC(995) Concurrent Clear Claimed Marks 0.045ms
[3924.193s][info][gc,marking     ] GC(995) Concurrent Cleanup for Next Mark
[3924.198s][info][gc,marking     ] GC(995) Concurrent Cleanup for Next Mark 5.396ms
[3924.198s][info][gc             ] GC(995) Concurrent Mark Cycle 1182.162ms
..|[3925.535s][info][gc,start       ] GC(996) Pause Young (Prepare Mixed) (G1 Evacuation Pause)
[3925.535s][info][gc,task        ] GC(996) Using 6 workers of 6 for evacuation
[3925.654s][info][gc,phases      ] GC(996)   Pre Evacuate Collection Set: 0.35ms
[3925.654s][info][gc,phases      ] GC(996)   Merge Heap Roots: 0.55ms
[3925.654s][info][gc,phases      ] GC(996)   Evacuate Collection Set: 116.39ms
[3925.654s][info][gc,phases      ] GC(996)   Post Evacuate Collection Set: 0.90ms
[3925.654s][info][gc,phases      ] GC(996)   Other: 0.09ms
[3925.654s][info][gc,heap        ] GC(996) Eden regions: 1117->0(1109)
[3925.654s][info][gc,heap        ] GC(996) Survivor regions: 111->110(154)
[3925.654s][info][gc,heap        ] GC(996) Old regions: 505->536
[3925.654s][info][gc,heap        ] GC(996) Humongous regions: 80->80
[3925.654s][info][gc,metaspace   ] GC(996) Metaspace: 28962K(29376K)->28962K(29376K) NonClass: 24093K(24256K)->24093K(24256K) Class: 4869K(5120K)->4869K(5120K)
[3925.654s][info][gc             ] GC(996) Pause Young (Prepare Mixed) (G1 Evacuation Pause) 3625M->1451M(4096M) 118.412ms
[3925.654s][info][gc,cpu         ] GC(996) User=0.70s Sys=0.00s Real=0.12s
..[3928.221s][info][gc,start       ] GC(997) Pause Young (Mixed) (G1 Evacuation Pause)
[3928.221s][info][gc,task        ] GC(997) Using 6 workers of 6 for evacuation
[3928.358s][info][gc,phases      ] GC(997)   Pre Evacuate Collection Set: 0.35ms
[3928.358s][info][gc,phases      ] GC(997)   Merge Heap Roots: 0.77ms
[3928.358s][info][gc,phases      ] GC(997)   Evacuate Collection Set: 134.34ms
[3928.358s][info][gc,phases      ] GC(997)   Post Evacuate Collection Set: 0.97ms
[3928.358s][info][gc,phases      ] GC(997)   Other: 0.09ms
[3928.358s][info][gc,heap        ] GC(997) Eden regions: 1109->0(1118)
[3928.358s][info][gc,heap        ] GC(997) Survivor regions: 110->110(153)
[3928.358s][info][gc,heap        ] GC(997) Old regions: 536->474
[3928.358s][info][gc,heap        ] GC(997) Humongous regions: 80->80
[3928.358s][info][gc,metaspace   ] GC(997) Metaspace: 28962K(29376K)->28962K(29376K) NonClass: 24093K(24256K)->24093K(24256K) Class: 4869K(5120K)->4869K(5120K)
[3928.358s][info][gc             ] GC(997) Pause Young (Mixed) (G1 Evacuation Pause) 3669M->1326M(4096M) 136.640ms
[3928.358s][info][gc,cpu         ] GC(997) User=0.82s Sys=0.00s Real=0.14s
...[3930.918s][info][gc,start       ] GC(998) Pause Young (Concurrent Start) (G1 Evacuation Pause)
[3930.918s][info][gc,task        ] GC(998) Using 6 workers of 6 for evacuation
[3931.038s][info][gc,phases      ] GC(998)   Pre Evacuate Collection Set: 0.37ms
[3931.038s][info][gc,phases      ] GC(998)   Merge Heap Roots: 0.46ms
[3931.038s][info][gc,phases      ] GC(998)   Evacuate Collection Set: 118.19ms
[3931.038s][info][gc,phases      ] GC(998)   Post Evacuate Collection Set: 0.86ms
[3931.038s][info][gc,phases      ] GC(998)   Other: 0.13ms
[3931.038s][info][gc,heap        ] GC(998) Eden regions: 1118->0(1114)
[3931.038s][info][gc,heap        ] GC(998) Survivor regions: 110->114(154)
[3931.038s][info][gc,heap        ] GC(998) Old regions: 474->506
[3931.038s][info][gc,heap        ] GC(998) Humongous regions: 80->80
[3931.038s][info][gc,metaspace   ] GC(998) Metaspace: 28962K(29376K)->28962K(29376K) NonClass: 24093K(24256K)->24093K(24256K) Class: 4869K(5120K)->4869K(5120K)
[3931.038s][info][gc             ] GC(998) Pause Young (Concurrent Start) (G1 Evacuation Pause) 3562M->1397M(4096M) 120.141ms
[3931.038s][info][gc             ] GC(999) Concurrent Mark Cycle
[3931.038s][info][gc,marking     ] GC(999) Concurrent Scan Root Regions
[3931.038s][info][gc,cpu         ] GC(998) User=0.72s Sys=0.00s Real=0.12s
[3931.180s][info][gc,marking     ] GC(999) Concurrent Scan Root Regions 142.148ms
[3931.180s][info][gc,marking     ] GC(999) Concurrent Mark
[3931.180s][info][gc,marking     ] GC(999) Concurrent Mark From Roots
[3931.180s][info][gc,task        ] GC(999) Using 2 workers of 2 for marking
.[3931.872s][info][gc,marking     ] GC(999) Concurrent Mark From Roots 691.983ms
[3931.872s][info][gc,marking     ] GC(999) Concurrent Preclean
[3931.872s][info][gc,marking     ] GC(999) Concurrent Preclean 0.097ms
[3931.873s][info][gc,start       ] GC(999) Pause Remark
[3931.876s][info][gc             ] GC(999) Pause Remark 2094M->2094M(4096M) 3.668ms
[3931.877s][info][gc,cpu         ] GC(999) User=0.02s Sys=0.00s Real=0.00s
[3931.877s][info][gc,marking     ] GC(999) Concurrent Mark 696.600ms
[3931.877s][info][gc,marking     ] GC(999) Concurrent Rebuild Remembered Sets and Scrub Regions
[3932.217s][info][gc,marking     ] GC(999) Concurrent Rebuild Remembered Sets and Scrub Regions 340.553ms
[3932.217s][info][gc,start       ] GC(999) Pause Cleanup
[3932.217s][info][gc             ] GC(999) Pause Cleanup 2441M->2441M(4096M) 0.119ms
[3932.217s][info][gc,cpu         ] GC(999) User=0.00s Sys=0.00s Real=0.00s
[3932.220s][info][gc,marking     ] GC(999) Concurrent Clear Claimed Marks
[3932.220s][info][gc,marking     ] GC(999) Concurrent Clear Claimed Marks 0.048ms
[3932.220s][info][gc,marking     ] GC(999) Concurrent Cleanup for Next Mark
[3932.227s][info][gc,marking     ] GC(999) Concurrent Cleanup for Next Mark 7.079ms
[3932.227s][info][gc             ] GC(999) Concurrent Mark Cycle 1189.115ms
.[3933.526s][info][gc,start       ] GC(1000) Pause Young (Prepare Mixed) (G1 Evacuation Pause)
[3933.526s][info][gc,task        ] GC(1000) Using 6 workers of 6 for evacuation
[3933.649s][info][gc,phases      ] GC(1000)   Pre Evacuate Collection Set: 0.31ms
[3933.649s][info][gc,phases      ] GC(1000)   Merge Heap Roots: 0.54ms
[3933.649s][info][gc,phases      ] GC(1000)   Evacuate Collection Set: 120.79ms
[3933.649s][info][gc,phases      ] GC(1000)   Post Evacuate Collection Set: 0.95ms
[3933.649s][info][gc,phases      ] GC(1000)   Other: 0.09ms
[3933.649s][info][gc,heap        ] GC(1000) Eden regions: 1114->0(1101)
[3933.649s][info][gc,heap        ] GC(1000) Survivor regions: 114->113(154)
[3933.649s][info][gc,heap        ] GC(1000) Old regions: 506->538
[3933.649s][info][gc,heap        ] GC(1000) Humongous regions: 80->80
[3933.649s][info][gc,metaspace   ] GC(1000) Metaspace: 28962K(29376K)->28962K(29376K) NonClass: 24093K(24256K)->24093K(24256K) Class: 4869K(5120K)->4869K(5120K)
[3933.649s][info][gc             ] GC(1000) Pause Young (Prepare Mixed) (G1 Evacuation Pause) 3625M->1459M(4096M) 122.837ms
[3933.649s][info][gc,cpu         ] GC(1000) User=0.73s Sys=0.00s Real=0.12s
...[3936.143s][info][gc,start       ] GC(1001) Pause Young (Mixed) (G1 Evacuation Pause)
[3936.143s][info][gc,task        ] GC(1001) Using 6 workers of 6 for evacuation
[3936.279s][info][gc,phases      ] GC(1001)   Pre Evacuate Collection Set: 0.35ms
[3936.279s][info][gc,phases      ] GC(1001)   Merge Heap Roots: 0.71ms
[3936.279s][info][gc,phases      ] GC(1001)   Evacuate Collection Set: 133.59ms
[3936.279s][info][gc,phases      ] GC(1001)   Post Evacuate Collection Set: 0.94ms
[3936.279s][info][gc,phases      ] GC(1001)   Other: 0.10ms
[3936.279s][info][gc,heap        ] GC(1001) Eden regions: 1101->0(1119)
[3936.279s][info][gc,heap        ] GC(1001) Survivor regions: 113->109(152)
[3936.279s][info][gc,heap        ] GC(1001) Old regions: 538->474
[3936.279s][info][gc,heap        ] GC(1001) Humongous regions: 80->80
[3936.279s][info][gc,metaspace   ] GC(1001) Metaspace: 28962K(29376K)->28962K(29376K) NonClass: 24093K(24256K)->24093K(24256K) Class: 4869K(5120K)->4869K(5120K)
[3936.279s][info][gc             ] GC(1001) Pause Young (Mixed) (G1 Evacuation Pause) 3661M->1325M(4096M) 135.830ms
[3936.279s][info][gc,cpu         ] GC(1001) User=0.80s Sys=0.00s Real=0.13s
...[3938.913s][info][gc,start       ] GC(1002) Pause Young (Concurrent Start) (G1 Evacuation Pause)
[3938.913s][info][gc,task        ] GC(1002) Using 6 workers of 6 for evacuation
[3939.035s][info][gc,phases      ] GC(1002)   Pre Evacuate Collection Set: 0.38ms
[3939.035s][info][gc,phases      ] GC(1002)   Merge Heap Roots: 0.47ms
[3939.035s][info][gc,phases      ] GC(1002)   Evacuate Collection Set: 120.39ms
[3939.035s][info][gc,phases      ] GC(1002)   Post Evacuate Collection Set: 0.78ms
[3939.035s][info][gc,phases      ] GC(1002)   Other: 0.10ms
[3939.035s][info][gc,heap        ] GC(1002) Eden regions: 1119->0(1116)
[3939.035s][info][gc,heap        ] GC(1002) Survivor regions: 109->112(154)
[3939.035s][info][gc,heap        ] GC(1002) Old regions: 474->506
[3939.035s][info][gc,heap        ] GC(1002) Humongous regions: 80->80
[3939.035s][info][gc,metaspace   ] GC(1002) Metaspace: 28962K(29376K)->28962K(29376K) NonClass: 24093K(24256K)->24093K(24256K) Class: 4869K(5120K)->4869K(5120K)
[3939.035s][info][gc             ] GC(1002) Pause Young (Concurrent Start) (G1 Evacuation Pause) 3563M->1394M(4096M) 122.246ms
[3939.035s][info][gc             ] GC(1003) Concurrent Mark Cycle
[3939.035s][info][gc,marking     ] GC(1003) Concurrent Scan Root Regions
[3939.035s][info][gc,cpu         ] GC(1002) User=0.73s Sys=0.00s Real=0.12s
[3939.175s][info][gc,marking     ] GC(1003) Concurrent Scan Root Regions 140.242ms
[3939.176s][info][gc,marking     ] GC(1003) Concurrent Mark
[3939.176s][info][gc,marking     ] GC(1003) Concurrent Mark From Roots
[3939.176s][info][gc,task        ] GC(1003) Using 2 workers of 2 for marking
.[3940.010s][info][gc,marking     ] GC(1003) Concurrent Mark From Roots 834.381ms
[3940.010s][info][gc,marking     ] GC(1003) Concurrent Preclean
[3940.010s][info][gc,marking     ] GC(1003) Concurrent Preclean 0.129ms
[3940.012s][info][gc,start       ] GC(1003) Pause Remark
[3940.017s][info][gc             ] GC(1003) Pause Remark 2262M->2262M(4096M) 5.282ms
[3940.017s][info][gc,cpu         ] GC(1003) User=0.03s Sys=0.01s Real=0.01s
[3940.017s][info][gc,marking     ] GC(1003) Concurrent Mark 841.806ms
[3940.017s][info][gc,marking     ] GC(1003) Concurrent Rebuild Remembered Sets and Scrub Regions
[3940.280s][info][gc,marking     ] GC(1003) Concurrent Rebuild Remembered Sets and Scrub Regions 262.335ms
[3940.280s][info][gc,start       ] GC(1003) Pause Cleanup
[3940.280s][info][gc             ] GC(1003) Pause Cleanup 2484M->2484M(4096M) 0.099ms
[3940.280s][info][gc,cpu         ] GC(1003) User=0.00s Sys=0.00s Real=0.00s
[3940.280s][info][gc,marking     ] GC(1003) Concurrent Clear Claimed Marks
[3940.280s][info][gc,marking     ] GC(1003) Concurrent Clear Claimed Marks 0.022ms
[3940.280s][info][gc,marking     ] GC(1003) Concurrent Cleanup for Next Mark
[3940.285s][info][gc,marking     ] GC(1003) Concurrent Cleanup for Next Mark 4.595ms
[3940.285s][info][gc             ] GC(1003) Concurrent Mark Cycle 1249.439ms
.[3941.518s][info][gc,start       ] GC(1004) Pause Young (Prepare Mixed) (G1 Evacuation Pause)
[3941.518s][info][gc,task        ] GC(1004) Using 6 workers of 6 for evacuation
[3941.638s][info][gc,phases      ] GC(1004)   Pre Evacuate Collection Set: 0.31ms
[3941.638s][info][gc,phases      ] GC(1004)   Merge Heap Roots: 0.51ms
[3941.638s][info][gc,phases      ] GC(1004)   Evacuate Collection Set: 118.04ms
[3941.638s][info][gc,phases      ] GC(1004)   Post Evacuate Collection Set: 0.94ms
[3941.638s][info][gc,phases      ] GC(1004)   Other: 0.09ms
[3941.638s][info][gc,heap        ] GC(1004) Eden regions: 1116->0(1104)
[3941.638s][info][gc,heap        ] GC(1004) Survivor regions: 112->112(154)
[3941.638s][info][gc,heap        ] GC(1004) Old regions: 506->537
[3941.638s][info][gc,heap        ] GC(1004) Humongous regions: 80->80
[3941.638s][info][gc,metaspace   ] GC(1004) Metaspace: 28962K(29376K)->28962K(29376K) NonClass: 24093K(24256K)->24093K(24256K) Class: 4869K(5120K)->4869K(5120K)
[3941.638s][info][gc             ] GC(1004) Pause Young (Prepare Mixed) (G1 Evacuation Pause) 3626M->1457M(4096M) 120.034ms
[3941.638s][info][gc,cpu         ] GC(1004) User=0.71s Sys=0.00s Real=0.12s
...[3944.201s][info][gc,start       ] GC(1005) Pause Young (Mixed) (G1 Evacuation Pause)
[3944.201s][info][gc,task        ] GC(1005) Using 6 workers of 6 for evacuation
[3944.337s][info][gc,phases      ] GC(1005)   Pre Evacuate Collection Set: 0.35ms
[3944.337s][info][gc,phases      ] GC(1005)   Merge Heap Roots: 0.66ms
[3944.337s][info][gc,phases      ] GC(1005)   Evacuate Collection Set: 134.44ms
[3944.337s][info][gc,phases      ] GC(1005)   Post Evacuate Collection Set: 0.93ms
[3944.337s][info][gc,phases      ] GC(1005)   Other: 0.09ms
[3944.337s][info][gc,heap        ] GC(1005) Eden regions: 1104->0(1116)
[3944.337s][info][gc,heap        ] GC(1005) Survivor regions: 112->112(152)
[3944.337s][info][gc,heap        ] GC(1005) Old regions: 537->474
[3944.337s][info][gc,heap        ] GC(1005) Humongous regions: 80->80
[3944.337s][info][gc,metaspace   ] GC(1005) Metaspace: 28962K(29376K)->28962K(29376K) NonClass: 24093K(24256K)->24093K(24256K) Class: 4869K(5120K)->4869K(5120K)
[3944.337s][info][gc             ] GC(1005) Pause Young (Mixed) (G1 Evacuation Pause) 3665M->1329M(4096M) 136.603ms
[3944.337s][info][gc,cpu         ] GC(1005) User=0.81s Sys=0.00s Real=0.14s
...[3946.877s][info][gc,start       ] GC(1006) Pause Young (Concurrent Start) (G1 Evacuation Pause)
[3946.877s][info][gc,task        ] GC(1006) Using 6 workers of 6 for evacuation
[3947.001s][info][gc,phases      ] GC(1006)   Pre Evacuate Collection Set: 0.33ms
[3947.001s][info][gc,phases      ] GC(1006)   Merge Heap Roots: 0.47ms
[3947.001s][info][gc,phases      ] GC(1006)   Evacuate Collection Set: 122.23ms
[3947.001s][info][gc,phases      ] GC(1006)   Post Evacuate Collection Set: 0.89ms
[3947.002s][info][gc,phases      ] GC(1006)   Other: 0.11ms
[3947.002s][info][gc,heap        ] GC(1006) Eden regions: 1116->0(1113)
[3947.002s][info][gc,heap        ] GC(1006) Survivor regions: 112->115(154)
[3947.002s][info][gc,heap        ] GC(1006) Old regions: 474->505
[3947.002s][info][gc,heap        ] GC(1006) Humongous regions: 80->80
[3947.002s][info][gc,metaspace   ] GC(1006) Metaspace: 28962K(29376K)->28962K(29376K) NonClass: 24093K(24256K)->24093K(24256K) Class: 4869K(5120K)->4869K(5120K)
[3947.002s][info][gc             ] GC(1006) Pause Young (Concurrent Start) (G1 Evacuation Pause) 3561M->1398M(4096M) 124.161ms
[3947.002s][info][gc             ] GC(1007) Concurrent Mark Cycle
[3947.002s][info][gc,marking     ] GC(1007) Concurrent Scan Root Regions
[3947.002s][info][gc,cpu         ] GC(1006) User=0.73s Sys=0.00s Real=0.12s
[3947.191s][info][gc,marking     ] GC(1007) Concurrent Scan Root Regions 188.962ms
[3947.191s][info][gc,marking     ] GC(1007) Concurrent Mark
[3947.191s][info][gc,marking     ] GC(1007) Concurrent Mark From Roots
[3947.191s][info][gc,task        ] GC(1007) Using 2 workers of 2 for marking
.[3947.996s][info][gc,marking     ] GC(1007) Concurrent Mark From Roots 805.620ms
[3947.996s][info][gc,marking     ] GC(1007) Concurrent Preclean
[3947.996s][info][gc,marking     ] GC(1007) Concurrent Preclean 0.095ms
[3947.999s][info][gc,start       ] GC(1007) Pause Remark
[3948.005s][info][gc             ] GC(1007) Pause Remark 2270M->2270M(4096M) 6.633ms
[3948.005s][info][gc,cpu         ] GC(1007) User=0.04s Sys=0.00s Real=0.01s
[3948.006s][info][gc,marking     ] GC(1007) Concurrent Mark 814.923ms
[3948.006s][info][gc,marking     ] GC(1007) Concurrent Rebuild Remembered Sets and Scrub Regions
[3948.380s][info][gc,marking     ] GC(1007) Concurrent Rebuild Remembered Sets and Scrub Regions 374.139ms
[3948.380s][info][gc,start       ] GC(1007) Pause Cleanup
[3948.380s][info][gc             ] GC(1007) Pause Cleanup 2610M->2610M(4096M) 0.107ms
[3948.380s][info][gc,cpu         ] GC(1007) User=0.00s Sys=0.00s Real=0.00s
[3948.380s][info][gc,marking     ] GC(1007) Concurrent Clear Claimed Marks
[3948.380s][info][gc,marking     ] GC(1007) Concurrent Clear Claimed Marks 0.026ms
[3948.380s][info][gc,marking     ] GC(1007) Concurrent Cleanup for Next Mark
[3948.383s][info][gc,marking     ] GC(1007) Concurrent Cleanup for Next Mark 3.245ms
[3948.383s][info][gc             ] GC(1007) Concurrent Mark Cycle 1381.691ms
.[3949.515s][info][gc,start       ] GC(1008) Pause Young (Prepare Mixed) (G1 Evacuation Pause)
[3949.515s][info][gc,task        ] GC(1008) Using 6 workers of 6 for evacuation
[3949.636s][info][gc,phases      ] GC(1008)   Pre Evacuate Collection Set: 0.34ms
[3949.636s][info][gc,phases      ] GC(1008)   Merge Heap Roots: 0.53ms
[3949.636s][info][gc,phases      ] GC(1008)   Evacuate Collection Set: 118.62ms
[3949.636s][info][gc,phases      ] GC(1008)   Post Evacuate Collection Set: 0.92ms
[3949.636s][info][gc,phases      ] GC(1008)   Other: 0.09ms
[3949.636s][info][gc,heap        ] GC(1008) Eden regions: 1113->0(1107)
[3949.636s][info][gc,heap        ] GC(1008) Survivor regions: 115->111(154)
[3949.636s][info][gc,heap        ] GC(1008) Old regions: 505->536
[3949.636s][info][gc,heap        ] GC(1008) Humongous regions: 80->80
[3949.636s][info][gc,metaspace   ] GC(1008) Metaspace: 28962K(29376K)->28962K(29376K) NonClass: 24093K(24256K)->24093K(24256K) Class: 4869K(5120K)->4869K(5120K)
[3949.636s][info][gc             ] GC(1008) Pause Young (Prepare Mixed) (G1 Evacuation Pause) 3624M->1453M(4096M) 120.624ms
[3949.636s][info][gc,cpu         ] GC(1008) User=0.71s Sys=0.00s Real=0.12s
...[3952.223s][info][gc,start       ] GC(1009) Pause Young (Mixed) (G1 Evacuation Pause)
[3952.223s][info][gc,task        ] GC(1009) Using 6 workers of 6 for evacuation
[3952.361s][info][gc,phases      ] GC(1009)   Pre Evacuate Collection Set: 0.34ms
[3952.361s][info][gc,phases      ] GC(1009)   Merge Heap Roots: 0.81ms
[3952.361s][info][gc,phases      ] GC(1009)   Evacuate Collection Set: 135.28ms
[3952.361s][info][gc,phases      ] GC(1009)   Post Evacuate Collection Set: 0.98ms
[3952.361s][info][gc,phases      ] GC(1009)   Other: 0.09ms
[3952.361s][info][gc,heap        ] GC(1009) Eden regions: 1107->0(1116)
[3952.361s][info][gc,heap        ] GC(1009) Survivor regions: 111->112(153)
[3952.361s][info][gc,heap        ] GC(1009) Old regions: 536->473
[3952.361s][info][gc,heap        ] GC(1009) Humongous regions: 80->80
[3952.361s][info][gc,metaspace   ] GC(1009) Metaspace: 28962K(29376K)->28962K(29376K) NonClass: 24093K(24256K)->24093K(24256K) Class: 4869K(5120K)->4869K(5120K)
[3952.361s][info][gc             ] GC(1009) Pause Young (Mixed) (G1 Evacuation Pause) 3667M->1329M(4096M) 137.639ms
[3952.361s][info][gc,cpu         ] GC(1009) User=0.82s Sys=0.00s Real=0.13s
...[3954.843s][info][gc,start       ] GC(1010) Pause Young (Concurrent Start) (G1 Evacuation Pause)
[3954.843s][info][gc,task        ] GC(1010) Using 6 workers of 6 for evacuation
[3954.964s][info][gc,phases      ] GC(1010)   Pre Evacuate Collection Set: 0.33ms
[3954.964s][info][gc,phases      ] GC(1010)   Merge Heap Roots: 0.47ms
[3954.964s][info][gc,phases      ] GC(1010)   Evacuate Collection Set: 118.48ms
[3954.964s][info][gc,phases      ] GC(1010)   Post Evacuate Collection Set: 0.87ms
[3954.964s][info][gc,phases      ] GC(1010)   Other: 0.10ms
[3954.964s][info][gc,heap        ] GC(1010) Eden regions: 1116->0(1116)
[3954.964s][info][gc,heap        ] GC(1010) Survivor regions: 112->112(154)
[3954.964s][info][gc,heap        ] GC(1010) Old regions: 473->504
[3954.964s][info][gc,heap        ] GC(1010) Humongous regions: 80->80
[3954.964s][info][gc,metaspace   ] GC(1010) Metaspace: 28962K(29376K)->28962K(29376K) NonClass: 24093K(24256K)->24093K(24256K) Class: 4869K(5120K)->4869K(5120K)
[3954.964s][info][gc             ] GC(1010) Pause Young (Concurrent Start) (G1 Evacuation Pause) 3561M->1391M(4096M) 120.405ms
[3954.964s][info][gc             ] GC(1011) Concurrent Mark Cycle
[3954.964s][info][gc,marking     ] GC(1011) Concurrent Scan Root Regions
[3954.964s][info][gc,cpu         ] GC(1010) User=0.72s Sys=0.00s Real=0.12s
[3955.151s][info][gc,marking     ] GC(1011) Concurrent Scan Root Regions 187.159ms
[3955.151s][info][gc,marking     ] GC(1011) Concurrent Mark
[3955.151s][info][gc,marking     ] GC(1011) Concurrent Mark From Roots
[3955.151s][info][gc,task        ] GC(1011) Using 2 workers of 2 for marking
.[3956.188s][info][gc,marking     ] GC(1011) Concurrent Mark From Roots 1037.503ms
[3956.188s][info][gc,marking     ] GC(1011) Concurrent Preclean
[3956.189s][info][gc,marking     ] GC(1011) Concurrent Preclean 0.096ms
[3956.189s][info][gc,start       ] GC(1011) Pause Remark
[3956.195s][info][gc             ] GC(1011) Pause Remark 2483M->2483M(4096M) 6.272ms
[3956.195s][info][gc,cpu         ] GC(1011) User=0.04s Sys=0.00s Real=0.01s
[3956.197s][info][gc,marking     ] GC(1011) Concurrent Mark 1046.173ms
[3956.197s][info][gc,marking     ] GC(1011) Concurrent Rebuild Remembered Sets and Scrub Regions
[3956.485s][info][gc,marking     ] GC(1011) Concurrent Rebuild Remembered Sets and Scrub Regions 287.501ms
[3956.485s][info][gc,start       ] GC(1011) Pause Cleanup
[3956.485s][info][gc             ] GC(1011) Pause Cleanup 2718M->2718M(4096M) 0.110ms
[3956.485s][info][gc,cpu         ] GC(1011) User=0.00s Sys=0.00s Real=0.00s
[3956.485s][info][gc,marking     ] GC(1011) Concurrent Clear Claimed Marks
[3956.485s][info][gc,marking     ] GC(1011) Concurrent Clear Claimed Marks 0.024ms
[3956.485s][info][gc,marking     ] GC(1011) Concurrent Cleanup for Next Mark
[3956.489s][info][gc,marking     ] GC(1011) Concurrent Cleanup for Next Mark 3.811ms
[3956.489s][info][gc             ] GC(1011) Concurrent Mark Cycle 1525.128ms
.[3957.540s][info][gc,start       ] GC(1012) Pause Young (Prepare Mixed) (G1 Evacuation Pause)
[3957.540s][info][gc,task        ] GC(1012) Using 6 workers of 6 for evacuation
[3957.657s][info][gc,phases      ] GC(1012)   Pre Evacuate Collection Set: 0.33ms
[3957.657s][info][gc,phases      ] GC(1012)   Merge Heap Roots: 0.52ms
[3957.657s][info][gc,phases      ] GC(1012)   Evacuate Collection Set: 115.89ms
[3957.657s][info][gc,phases      ] GC(1012)   Post Evacuate Collection Set: 0.91ms
[3957.657s][info][gc,phases      ] GC(1012)   Other: 0.08ms
[3957.657s][info][gc,heap        ] GC(1012) Eden regions: 1116->0(1110)
[3957.657s][info][gc,heap        ] GC(1012) Survivor regions: 112->109(154)
[3957.657s][info][gc,heap        ] GC(1012) Old regions: 504->537
[3957.657s][info][gc,heap        ] GC(1012) Humongous regions: 80->80
[3957.657s][info][gc,metaspace   ] GC(1012) Metaspace: 28962K(29376K)->28962K(29376K) NonClass: 24093K(24256K)->24093K(24256K) Class: 4869K(5120K)->4869K(5120K)
[3957.657s][info][gc             ] GC(1012) Pause Young (Prepare Mixed) (G1 Evacuation Pause) 3623M->1450M(4096M) 117.841ms
[3957.657s][info][gc,cpu         ] GC(1012) User=0.70s Sys=0.00s Real=0.12s
...[3960.205s][info][gc,start       ] GC(1013) Pause Young (Mixed) (G1 Evacuation Pause)
[3960.205s][info][gc,task        ] GC(1013) Using 6 workers of 6 for evacuation
[3960.341s][info][gc,phases      ] GC(1013)   Pre Evacuate Collection Set: 0.36ms
[3960.341s][info][gc,phases      ] GC(1013)   Merge Heap Roots: 0.64ms
[3960.341s][info][gc,phases      ] GC(1013)   Evacuate Collection Set: 133.58ms
[3960.341s][info][gc,phases      ] GC(1013)   Post Evacuate Collection Set: 0.97ms
[3960.341s][info][gc,phases      ] GC(1013)   Other: 0.09ms
[3960.341s][info][gc,heap        ] GC(1013) Eden regions: 1110->0(1116)
[3960.341s][info][gc,heap        ] GC(1013) Survivor regions: 109->112(153)
[3960.341s][info][gc,heap        ] GC(1013) Old regions: 537->473
[3960.341s][info][gc,heap        ] GC(1013) Humongous regions: 80->80
[3960.341s][info][gc,metaspace   ] GC(1013) Metaspace: 28962K(29376K)->28962K(29376K) NonClass: 24093K(24256K)->24093K(24256K) Class: 4869K(5120K)->4869K(5120K)
[3960.341s][info][gc             ] GC(1013) Pause Young (Mixed) (G1 Evacuation Pause) 3670M->1328M(4096M) 135.796ms
[3960.341s][info][gc,cpu         ] GC(1013) User=0.81s Sys=0.00s Real=0.13s
...[3962.905s][info][gc,start       ] GC(1014) Pause Young (Concurrent Start) (G1 Evacuation Pause)
[3962.905s][info][gc,task        ] GC(1014) Using 6 workers of 6 for evacuation
[3963.023s][info][gc,phases      ] GC(1014)   Pre Evacuate Collection Set: 0.34ms
[3963.023s][info][gc,phases      ] GC(1014)   Merge Heap Roots: 0.48ms
[3963.023s][info][gc,phases      ] GC(1014)   Evacuate Collection Set: 116.21ms
[3963.023s][info][gc,phases      ] GC(1014)   Post Evacuate Collection Set: 0.86ms
[3963.023s][info][gc,phases      ] GC(1014)   Other: 0.10ms
[3963.023s][info][gc,heap        ] GC(1014) Eden regions: 1116->0(1117)
[3963.023s][info][gc,heap        ] GC(1014) Survivor regions: 112->111(154)
[3963.023s][info][gc,heap        ] GC(1014) Old regions: 473->506
[3963.023s][info][gc,heap        ] GC(1014) Humongous regions: 80->80
[3963.023s][info][gc,metaspace   ] GC(1014) Metaspace: 28962K(29376K)->28962K(29376K) NonClass: 24093K(24256K)->24093K(24256K) Class: 4869K(5120K)->4869K(5120K)
[3963.023s][info][gc             ] GC(1014) Pause Young (Concurrent Start) (G1 Evacuation Pause) 3560M->1392M(4096M) 118.124ms
[3963.023s][info][gc             ] GC(1015) Concurrent Mark Cycle
[3963.023s][info][gc,marking     ] GC(1015) Concurrent Scan Root Regions
[3963.023s][info][gc,cpu         ] GC(1014) User=0.70s Sys=0.00s Real=0.12s
[3963.215s][info][gc,marking     ] GC(1015) Concurrent Scan Root Regions 191.422ms
[3963.215s][info][gc,marking     ] GC(1015) Concurrent Mark
[3963.215s][info][gc,marking     ] GC(1015) Concurrent Mark From Roots
[3963.215s][info][gc,task        ] GC(1015) Using 2 workers of 2 for marking
.[3964.228s][info][gc,marking     ] GC(1015) Concurrent Mark From Roots 1013.335ms
[3964.228s][info][gc,marking     ] GC(1015) Concurrent Preclean
[3964.228s][info][gc,marking     ] GC(1015) Concurrent Preclean 0.121ms
[3964.228s][info][gc,start       ] GC(1015) Pause Remark
[3964.234s][info][gc             ] GC(1015) Pause Remark 2498M->2498M(4096M) 5.971ms
[3964.234s][info][gc,cpu         ] GC(1015) User=0.03s Sys=0.00s Real=0.01s
[3964.236s][info][gc,marking     ] GC(1015) Concurrent Mark 1021.140ms
[3964.236s][info][gc,marking     ] GC(1015) Concurrent Rebuild Remembered Sets and Scrub Regions
[3964.617s][info][gc,marking     ] GC(1015) Concurrent Rebuild Remembered Sets and Scrub Regions 381.405ms
[3964.618s][info][gc,start       ] GC(1015) Pause Cleanup
[3964.618s][info][gc             ] GC(1015) Pause Cleanup 2834M->2834M(4096M) 0.121ms
[3964.618s][info][gc,cpu         ] GC(1015) User=0.00s Sys=0.00s Real=0.00s
[3964.618s][info][gc,marking     ] GC(1015) Concurrent Clear Claimed Marks
[3964.618s][info][gc,marking     ] GC(1015) Concurrent Clear Claimed Marks 0.034ms
[3964.618s][info][gc,marking     ] GC(1015) Concurrent Cleanup for Next Mark
[3964.622s][info][gc,marking     ] GC(1015) Concurrent Cleanup for Next Mark 3.616ms
[3964.622s][info][gc             ] GC(1015) Concurrent Mark Cycle 1598.847ms
.[3965.558s][info][gc,start       ] GC(1016) Pause Young (Prepare Mixed) (G1 Evacuation Pause)
[3965.558s][info][gc,task        ] GC(1016) Using 6 workers of 6 for evacuation
[3965.675s][info][gc,phases      ] GC(1016)   Pre Evacuate Collection Set: 0.35ms
[3965.675s][info][gc,phases      ] GC(1016)   Merge Heap Roots: 0.53ms
[3965.675s][info][gc,phases      ] GC(1016)   Evacuate Collection Set: 115.82ms
[3965.675s][info][gc,phases      ] GC(1016)   Post Evacuate Collection Set: 0.92ms
[3965.676s][info][gc,phases      ] GC(1016)   Other: 0.08ms
[3965.676s][info][gc,heap        ] GC(1016) Eden regions: 1117->0(1107)
[3965.676s][info][gc,heap        ] GC(1016) Survivor regions: 111->110(154)
[3965.676s][info][gc,heap        ] GC(1016) Old regions: 506->538
[3965.676s][info][gc,heap        ] GC(1016) Humongous regions: 80->80
[3965.676s][info][gc,metaspace   ] GC(1016) Metaspace: 28962K(29376K)->28962K(29376K) NonClass: 24093K(24256K)->24093K(24256K) Class: 4869K(5120K)->4869K(5120K)
[3965.676s][info][gc             ] GC(1016) Pause Young (Prepare Mixed) (G1 Evacuation Pause) 3626M->1454M(4096M) 117.853ms
[3965.676s][info][gc,cpu         ] GC(1016) User=0.70s Sys=0.00s Real=0.12s
...[3968.240s][info][gc,start       ] GC(1017) Pause Young (Mixed) (G1 Evacuation Pause)
[3968.240s][info][gc,task        ] GC(1017) Using 6 workers of 6 for evacuation
[3968.374s][info][gc,phases      ] GC(1017)   Pre Evacuate Collection Set: 0.42ms
[3968.374s][info][gc,phases      ] GC(1017)   Merge Heap Roots: 0.72ms
[3968.374s][info][gc,phases      ] GC(1017)   Evacuate Collection Set: 131.25ms
[3968.374s][info][gc,phases      ] GC(1017)   Post Evacuate Collection Set: 0.98ms
[3968.374s][info][gc,phases      ] GC(1017)   Other: 0.09ms
[3968.374s][info][gc,heap        ] GC(1017) Eden regions: 1107->0(1120)
[3968.374s][info][gc,heap        ] GC(1017) Survivor regions: 110->108(153)
[3968.374s][info][gc,heap        ] GC(1017) Old regions: 538->475
[3968.374s][info][gc,heap        ] GC(1017) Humongous regions: 80->80
[3968.374s][info][gc,metaspace   ] GC(1017) Metaspace: 28962K(29376K)->28962K(29376K) NonClass: 24093K(24256K)->24093K(24256K) Class: 4869K(5120K)->4869K(5120K)
[3968.374s][info][gc             ] GC(1017) Pause Young (Mixed) (G1 Evacuation Pause) 3668M->1323M(4096M) 133.606ms
[3968.374s][info][gc,cpu         ] GC(1017) User=0.79s Sys=0.00s Real=0.14s
..[3970.904s][info][gc,start       ] GC(1018) Pause Young (Concurrent Start) (G1 Evacuation Pause)
[3970.904s][info][gc,task        ] GC(1018) Using 6 workers of 6 for evacuation
[3971.026s][info][gc,phases      ] GC(1018)   Pre Evacuate Collection Set: 0.33ms
[3971.026s][info][gc,phases      ] GC(1018)   Merge Heap Roots: 0.48ms
[3971.026s][info][gc,phases      ] GC(1018)   Evacuate Collection Set: 120.98ms
[3971.026s][info][gc,phases      ] GC(1018)   Post Evacuate Collection Set: 0.86ms
[3971.026s][info][gc,phases      ] GC(1018)   Other: 0.10ms
[3971.026s][info][gc,heap        ] GC(1018) Eden regions: 1120->0(1114)
[3971.026s][info][gc,heap        ] GC(1018) Survivor regions: 108->114(154)
[3971.026s][info][gc,heap        ] GC(1018) Old regions: 475->507
[3971.026s][info][gc,heap        ] GC(1018) Humongous regions: 80->80
[3971.026s][info][gc,metaspace   ] GC(1018) Metaspace: 28962K(29376K)->28962K(29376K) NonClass: 24093K(24256K)->24093K(24256K) Class: 4869K(5120K)->4869K(5120K)
[3971.026s][info][gc             ] GC(1018) Pause Young (Concurrent Start) (G1 Evacuation Pause) 3563M->1400M(4096M) 122.899ms
[3971.026s][info][gc             ] GC(1019) Concurrent Mark Cycle
[3971.027s][info][gc,marking     ] GC(1019) Concurrent Scan Root Regions
[3971.027s][info][gc,cpu         ] GC(1018) User=0.73s Sys=0.00s Real=0.12s
.[3971.174s][info][gc,marking     ] GC(1019) Concurrent Scan Root Regions 147.118ms
[3971.174s][info][gc,marking     ] GC(1019) Concurrent Mark
[3971.174s][info][gc,marking     ] GC(1019) Concurrent Mark From Roots
[3971.174s][info][gc,task        ] GC(1019) Using 2 workers of 2 for marking
[3971.969s][info][gc,marking     ] GC(1019) Concurrent Mark From Roots 795.538ms
[3971.969s][info][gc,marking     ] GC(1019) Concurrent Preclean
[3971.969s][info][gc,marking     ] GC(1019) Concurrent Preclean 0.128ms
[3971.970s][info][gc,start       ] GC(1019) Pause Remark
[3971.975s][info][gc             ] GC(1019) Pause Remark 2218M->2218M(4096M) 4.794ms
[3971.975s][info][gc,cpu         ] GC(1019) User=0.03s Sys=0.00s Real=0.01s
[3971.976s][info][gc,marking     ] GC(1019) Concurrent Mark 802.221ms
[3971.976s][info][gc,marking     ] GC(1019) Concurrent Rebuild Remembered Sets and Scrub Regions
.[3972.357s][info][gc,marking     ] GC(1019) Concurrent Rebuild Remembered Sets and Scrub Regions 381.331ms
[3972.357s][info][gc,start       ] GC(1019) Pause Cleanup
[3972.358s][info][gc             ] GC(1019) Pause Cleanup 2622M->2622M(4096M) 0.116ms
[3972.358s][info][gc,cpu         ] GC(1019) User=0.00s Sys=0.00s Real=0.00s
[3972.358s][info][gc,marking     ] GC(1019) Concurrent Clear Claimed Marks
[3972.358s][info][gc,marking     ] GC(1019) Concurrent Clear Claimed Marks 0.038ms
[3972.358s][info][gc,marking     ] GC(1019) Concurrent Cleanup for Next Mark
[3972.364s][info][gc,marking     ] GC(1019) Concurrent Cleanup for Next Mark 6.240ms
[3972.364s][info][gc             ] GC(1019) Concurrent Mark Cycle 1337.511ms
.[3973.571s][info][gc,start       ] GC(1020) Pause Young (Prepare Mixed) (G1 Evacuation Pause)
[3973.571s][info][gc,task        ] GC(1020) Using 6 workers of 6 for evacuation
[3973.688s][info][gc,phases      ] GC(1020)   Pre Evacuate Collection Set: 0.30ms
[3973.688s][info][gc,phases      ] GC(1020)   Merge Heap Roots: 0.53ms
[3973.688s][info][gc,phases      ] GC(1020)   Evacuate Collection Set: 115.17ms
[3973.688s][info][gc,phases      ] GC(1020)   Post Evacuate Collection Set: 0.90ms
[3973.688s][info][gc,phases      ] GC(1020)   Other: 0.08ms
[3973.688s][info][gc,heap        ] GC(1020) Eden regions: 1114->0(1106)
[3973.688s][info][gc,heap        ] GC(1020) Survivor regions: 114->110(154)
[3973.688s][info][gc,heap        ] GC(1020) Old regions: 507->539
[3973.688s][info][gc,heap        ] GC(1020) Humongous regions: 80->80
[3973.688s][info][gc,metaspace   ] GC(1020) Metaspace: 28962K(29376K)->28962K(29376K) NonClass: 24093K(24256K)->24093K(24256K) Class: 4869K(5120K)->4869K(5120K)
[3973.688s][info][gc             ] GC(1020) Pause Young (Prepare Mixed) (G1 Evacuation Pause) 3628M->1456M(4096M) 117.124ms
[3973.688s][info][gc,cpu         ] GC(1020) User=0.70s Sys=0.00s Real=0.12s
...[3976.201s][info][gc,start       ] GC(1021) Pause Young (Mixed) (G1 Evacuation Pause)
[3976.202s][info][gc,task        ] GC(1021) Using 6 workers of 6 for evacuation
[3976.335s][info][gc,phases      ] GC(1021)   Pre Evacuate Collection Set: 0.37ms
[3976.335s][info][gc,phases      ] GC(1021)   Merge Heap Roots: 0.70ms
[3976.335s][info][gc,phases      ] GC(1021)   Evacuate Collection Set: 131.06ms
[3976.335s][info][gc,phases      ] GC(1021)   Post Evacuate Collection Set: 0.98ms
[3976.335s][info][gc,phases      ] GC(1021)   Other: 0.09ms
[3976.335s][info][gc,heap        ] GC(1021) Eden regions: 1106->0(1119)
[3976.335s][info][gc,heap        ] GC(1021) Survivor regions: 110->109(152)
[3976.335s][info][gc,heap        ] GC(1021) Old regions: 539->474
[3976.335s][info][gc,heap        ] GC(1021) Humongous regions: 80->80
[3976.335s][info][gc,metaspace   ] GC(1021) Metaspace: 28962K(29376K)->28962K(29376K) NonClass: 24093K(24256K)->24093K(24256K) Class: 4869K(5120K)->4869K(5120K)
[3976.335s][info][gc             ] GC(1021) Pause Young (Mixed) (G1 Evacuation Pause) 3668M->1324M(4096M) 133.364ms
[3976.335s][info][gc,cpu         ] GC(1021) User=0.79s Sys=0.00s Real=0.14s
..[3978.927s][info][gc,start       ] GC(1022) Pause Young (Concurrent Start) (G1 Evacuation Pause)
[3978.927s][info][gc,task        ] GC(1022) Using 6 workers of 6 for evacuation
[3979.044s][info][gc,phases      ] GC(1022)   Pre Evacuate Collection Set: 0.34ms
[3979.044s][info][gc,phases      ] GC(1022)   Merge Heap Roots: 0.48ms
[3979.044s][info][gc,phases      ] GC(1022)   Evacuate Collection Set: 115.74ms
[3979.044s][info][gc,phases      ] GC(1022)   Post Evacuate Collection Set: 0.89ms
[3979.044s][info][gc,phases      ] GC(1022)   Other: 0.10ms
[3979.044s][info][gc,heap        ] GC(1022) Eden regions: 1119->0(1118)
[3979.044s][info][gc,heap        ] GC(1022) Survivor regions: 109->110(154)
[3979.044s][info][gc,heap        ] GC(1022) Old regions: 474->506
[3979.044s][info][gc,heap        ] GC(1022) Humongous regions: 80->80
[3979.044s][info][gc,metaspace   ] GC(1022) Metaspace: 28962K(29376K)->28962K(29376K) NonClass: 24093K(24256K)->24093K(24256K) Class: 4869K(5120K)->4869K(5120K)
[3979.044s][info][gc             ] GC(1022) Pause Young (Concurrent Start) (G1 Evacuation Pause) 3562M->1390M(4096M) 117.694ms
[3979.044s][info][gc             ] GC(1023) Concurrent Mark Cycle
[3979.044s][info][gc,marking     ] GC(1023) Concurrent Scan Root Regions
[3979.044s][info][gc,cpu         ] GC(1022) User=0.70s Sys=0.00s Real=0.12s
.[3979.223s][info][gc,marking     ] GC(1023) Concurrent Scan Root Regions 178.770ms
[3979.223s][info][gc,marking     ] GC(1023) Concurrent Mark
[3979.223s][info][gc,marking     ] GC(1023) Concurrent Mark From Roots
[3979.223s][info][gc,task        ] GC(1023) Using 2 workers of 2 for marking
.[3980.230s][info][gc,marking     ] GC(1023) Concurrent Mark From Roots 1007.280ms
[3980.230s][info][gc,marking     ] GC(1023) Concurrent Preclean
[3980.231s][info][gc,marking     ] GC(1023) Concurrent Preclean 0.137ms
[3980.231s][info][gc,start       ] GC(1023) Pause Remark
[3980.236s][info][gc             ] GC(1023) Pause Remark 2454M->2454M(4096M) 5.482ms
[3980.236s][info][gc,cpu         ] GC(1023) User=0.03s Sys=0.00s Real=0.01s
[3980.238s][info][gc,marking     ] GC(1023) Concurrent Mark 1014.974ms
[3980.238s][info][gc,marking     ] GC(1023) Concurrent Rebuild Remembered Sets and Scrub Regions
[3980.607s][info][gc,marking     ] GC(1023) Concurrent Rebuild Remembered Sets and Scrub Regions 368.397ms
[3980.607s][info][gc,start       ] GC(1023) Pause Cleanup
[3980.607s][info][gc             ] GC(1023) Pause Cleanup 2798M->2798M(4096M) 0.116ms
[3980.607s][info][gc,cpu         ] GC(1023) User=0.00s Sys=0.00s Real=0.00s
[3980.607s][info][gc,marking     ] GC(1023) Concurrent Clear Claimed Marks
[3980.607s][info][gc,marking     ] GC(1023) Concurrent Clear Claimed Marks 0.031ms
[3980.607s][info][gc,marking     ] GC(1023) Concurrent Cleanup for Next Mark
[3980.614s][info][gc,marking     ] GC(1023) Concurrent Cleanup for Next Mark 6.568ms
[3980.614s][info][gc             ] GC(1023) Concurrent Mark Cycle 1569.478ms
.[3981.608s][info][gc,start       ] GC(1024) Pause Young (Prepare Mixed) (G1 Evacuation Pause)
[3981.608s][info][gc,task        ] GC(1024) Using 6 workers of 6 for evacuation
[3981.727s][info][gc,phases      ] GC(1024)   Pre Evacuate Collection Set: 0.35ms
[3981.727s][info][gc,phases      ] GC(1024)   Merge Heap Roots: 0.54ms
[3981.727s][info][gc,phases      ] GC(1024)   Evacuate Collection Set: 116.91ms
[3981.727s][info][gc,phases      ] GC(1024)   Post Evacuate Collection Set: 0.94ms
[3981.727s][info][gc,phases      ] GC(1024)   Other: 0.09ms
[3981.727s][info][gc,heap        ] GC(1024) Eden regions: 1118->0(1108)
[3981.727s][info][gc,heap        ] GC(1024) Survivor regions: 110->110(154)
[3981.727s][info][gc,heap        ] GC(1024) Old regions: 506->537
[3981.727s][info][gc,heap        ] GC(1024) Humongous regions: 80->80
[3981.727s][info][gc,metaspace   ] GC(1024) Metaspace: 28962K(29376K)->28962K(29376K) NonClass: 24093K(24256K)->24093K(24256K) Class: 4869K(5120K)->4869K(5120K)
[3981.727s][info][gc             ] GC(1024) Pause Young (Prepare Mixed) (G1 Evacuation Pause) 3626M->1453M(4096M) 118.977ms
[3981.727s][info][gc,cpu         ] GC(1024) User=0.71s Sys=0.00s Real=0.12s
...[3984.254s][info][gc,start       ] GC(1025) Pause Young (Mixed) (G1 Evacuation Pause)
[3984.254s][info][gc,task        ] GC(1025) Using 6 workers of 6 for evacuation
[3984.393s][info][gc,phases      ] GC(1025)   Pre Evacuate Collection Set: 0.34ms
[3984.393s][info][gc,phases      ] GC(1025)   Merge Heap Roots: 0.77ms
[3984.393s][info][gc,phases      ] GC(1025)   Evacuate Collection Set: 137.31ms
[3984.393s][info][gc,phases      ] GC(1025)   Post Evacuate Collection Set: 0.96ms
[3984.393s][info][gc,phases      ] GC(1025)   Other: 0.09ms
[3984.393s][info][gc,heap        ] GC(1025) Eden regions: 1108->0(1118)
[3984.393s][info][gc,heap        ] GC(1025) Survivor regions: 110->110(153)
[3984.393s][info][gc,heap        ] GC(1025) Old regions: 537->473
[3984.393s][info][gc,heap        ] GC(1025) Humongous regions: 80->80
[3984.393s][info][gc,metaspace   ] GC(1025) Metaspace: 28962K(29376K)->28962K(29376K) NonClass: 24093K(24256K)->24093K(24256K) Class: 4869K(5120K)->4869K(5120K)
[3984.393s][info][gc             ] GC(1025) Pause Young (Mixed) (G1 Evacuation Pause) 3669M->1324M(4096M) 139.608ms
[3984.393s][info][gc,cpu         ] GC(1025) User=0.83s Sys=0.00s Real=0.14s
.. (rIR:aIR:PR = 7057:7059:7059) (tPR = 104973) [OK] 
  3986s: Performance info:
         Transaction,    Success,    Partial,     Failed,   Receipts, AvgBarcode, 
             Overall,     428436,          0,          0,     407095,      59.47, 
         Response times:
             Request,    Success,    Partial,     Failed,   SkipFail,     Probes,    Samples,      min,      p50,      p90,      p95,      p99,      max, 
       TotalPurchase,     407083,          0,          0,          0,     359784,     483142,      200,     6000,    62000,   107000,   164000,   358000,
     InStorePurchase,     214160,          0,          0,          0,     189259,     253699,      300,     6000,    62000,   106000,   164000,   358000,
      OnlinePurchase,     149826,          0,          0,          0,     132841,     178596,      200,     6200,    64000,   109000,   165000,   299000,
        InstPurchase,      43097,          0,          0,          0,      37684,      50847,      400,     5700,    59000,   105000,   162000,   358000,
          AssocOfCat,        426,          0,          0,          0,        349,        572,    24000,    41000,   125000,   174700,   228270,   268000,
      AssocOfProduct,       4286,          0,          0,          0,       3978,       5554,      800,     7200,    67500,   110000,   159450,   265000,
      BusinessReport,       1063,          0,          0,          0,        912,       1379,    25000,    47000,   120000,   174000,   213000,   291000,
          CustBuyBeh,       4285,          0,          0,          0,       3934,       5572,      600,     6600,    68000,   113000,   167270,   273000,
       ProductReturn,      11291,          0,          0,          0,       9577,      13244,      200,     5000,    58000,    96000,   161550,   280000,

  3986s: (52%)   IR =   7195 [3986.997s][info][gc,start       ] GC(1026) Pause Young (Concurrent Start) (G1 Evacuation Pause)
[3986.997s][info][gc,task        ] GC(1026) Using 6 workers of 6 for evacuation
[3987.118s][info][gc,phases      ] GC(1026)   Pre Evacuate Collection Set: 0.32ms
[3987.118s][info][gc,phases      ] GC(1026)   Merge Heap Roots: 0.51ms
[3987.118s][info][gc,phases      ] GC(1026)   Evacuate Collection Set: 119.23ms
[3987.118s][info][gc,phases      ] GC(1026)   Post Evacuate Collection Set: 0.87ms
[3987.118s][info][gc,phases      ] GC(1026)   Other: 0.10ms
[3987.118s][info][gc,heap        ] GC(1026) Eden regions: 1118->0(1115)
[3987.118s][info][gc,heap        ] GC(1026) Survivor regions: 110->113(154)
[3987.118s][info][gc,heap        ] GC(1026) Old regions: 473->504
[3987.118s][info][gc,heap        ] GC(1026) Humongous regions: 80->80
[3987.118s][info][gc,metaspace   ] GC(1026) Metaspace: 28962K(29376K)->28962K(29376K) NonClass: 24093K(24256K)->24093K(24256K) Class: 4869K(5120K)->4869K(5120K)
[3987.118s][info][gc             ] GC(1026) Pause Young (Concurrent Start) (G1 Evacuation Pause) 3560M->1392M(4096M) 121.184ms
[3987.118s][info][gc             ] GC(1027) Concurrent Mark Cycle
[3987.118s][info][gc,marking     ] GC(1027) Concurrent Scan Root Regions
[3987.118s][info][gc,cpu         ] GC(1026) User=0.72s Sys=0.00s Real=0.12s
.[3987.303s][info][gc,marking     ] GC(1027) Concurrent Scan Root Regions 185.318ms
[3987.303s][info][gc,marking     ] GC(1027) Concurrent Mark
[3987.303s][info][gc,marking     ] GC(1027) Concurrent Mark From Roots
[3987.303s][info][gc,task        ] GC(1027) Using 2 workers of 2 for marking
.[3988.271s][info][gc,marking     ] GC(1027) Concurrent Mark From Roots 967.610ms
[3988.271s][info][gc,marking     ] GC(1027) Concurrent Preclean
[3988.271s][info][gc,marking     ] GC(1027) Concurrent Preclean 0.123ms
[3988.272s][info][gc,start       ] GC(1027) Pause Remark
[3988.279s][info][gc             ] GC(1027) Pause Remark 2418M->2418M(4096M) 6.927ms
[3988.279s][info][gc,cpu         ] GC(1027) User=0.04s Sys=0.00s Real=0.01s
[3988.279s][info][gc,marking     ] GC(1027) Concurrent Mark 976.281ms
[3988.279s][info][gc,marking     ] GC(1027) Concurrent Rebuild Remembered Sets and Scrub Regions
[3988.545s][info][gc,marking     ] GC(1027) Concurrent Rebuild Remembered Sets and Scrub Regions 266.023ms
[3988.547s][info][gc,start       ] GC(1027) Pause Cleanup
[3988.547s][info][gc             ] GC(1027) Pause Cleanup 2652M->2652M(4096M) 0.133ms
[3988.547s][info][gc,cpu         ] GC(1027) User=0.00s Sys=0.00s Real=0.00s
[3988.549s][info][gc,marking     ] GC(1027) Concurrent Clear Claimed Marks
[3988.549s][info][gc,marking     ] GC(1027) Concurrent Clear Claimed Marks 0.042ms
[3988.549s][info][gc,marking     ] GC(1027) Concurrent Cleanup for Next Mark
[3988.560s][info][gc,marking     ] GC(1027) Concurrent Cleanup for Next Mark 11.314ms
[3988.560s][info][gc             ] GC(1027) Concurrent Mark Cycle 1442.267ms
.[3989.606s][info][gc,start       ] GC(1028) Pause Young (Prepare Mixed) (G1 Evacuation Pause)
[3989.606s][info][gc,task        ] GC(1028) Using 6 workers of 6 for evacuation
[3989.725s][info][gc,phases      ] GC(1028)   Pre Evacuate Collection Set: 0.36ms
[3989.725s][info][gc,phases      ] GC(1028)   Merge Heap Roots: 0.52ms
[3989.725s][info][gc,phases      ] GC(1028)   Evacuate Collection Set: 117.55ms
[3989.725s][info][gc,phases      ] GC(1028)   Post Evacuate Collection Set: 0.98ms
[3989.725s][info][gc,phases      ] GC(1028)   Other: 0.09ms
[3989.725s][info][gc,heap        ] GC(1028) Eden regions: 1115->0(1103)
[3989.725s][info][gc,heap        ] GC(1028) Survivor regions: 113->113(154)
[3989.725s][info][gc,heap        ] GC(1028) Old regions: 504->536
[3989.725s][info][gc,heap        ] GC(1028) Humongous regions: 80->80
[3989.725s][info][gc,metaspace   ] GC(1028) Metaspace: 28962K(29376K)->28962K(29376K) NonClass: 24093K(24256K)->24093K(24256K) Class: 4869K(5120K)->4869K(5120K)
[3989.725s][info][gc             ] GC(1028) Pause Young (Prepare Mixed) (G1 Evacuation Pause) 3622M->1456M(4096M) 119.643ms
[3989.725s][info][gc,cpu         ] GC(1028) User=0.71s Sys=0.00s Real=0.12s
..[3992.197s][info][gc,start       ] GC(1029) Pause Young (Mixed) (G1 Evacuation Pause)
[3992.197s][info][gc,task        ] GC(1029) Using 6 workers of 6 for evacuation
[3992.329s][info][gc,phases      ] GC(1029)   Pre Evacuate Collection Set: 0.39ms
[3992.329s][info][gc,phases      ] GC(1029)   Merge Heap Roots: 0.68ms
[3992.329s][info][gc,phases      ] GC(1029)   Evacuate Collection Set: 129.17ms
[3992.329s][info][gc,phases      ] GC(1029)   Post Evacuate Collection Set: 0.94ms
[3992.329s][info][gc,phases      ] GC(1029)   Other: 0.09ms
[3992.329s][info][gc,heap        ] GC(1029) Eden regions: 1103->0(1121)
[3992.329s][info][gc,heap        ] GC(1029) Survivor regions: 113->107(152)
[3992.329s][info][gc,heap        ] GC(1029) Old regions: 536->474
[3992.329s][info][gc,heap        ] GC(1029) Humongous regions: 80->80
[3992.329s][info][gc,metaspace   ] GC(1029) Metaspace: 28962K(29376K)->28962K(29376K) NonClass: 24093K(24256K)->24093K(24256K) Class: 4869K(5120K)->4869K(5120K)
[3992.329s][info][gc             ] GC(1029) Pause Young (Mixed) (G1 Evacuation Pause) 3662M->1321M(4096M) 131.390ms
[3992.329s][info][gc,cpu         ] GC(1029) User=0.78s Sys=0.00s Real=0.13s
...[3994.919s][info][gc,start       ] GC(1030) Pause Young (Concurrent Start) (G1 Evacuation Pause)
[3994.919s][info][gc,task        ] GC(1030) Using 6 workers of 6 for evacuation
[3995.041s][info][gc,phases      ] GC(1030)   Pre Evacuate Collection Set: 0.36ms
[3995.041s][info][gc,phases      ] GC(1030)   Merge Heap Roots: 0.42ms
[3995.041s][info][gc,phases      ] GC(1030)   Evacuate Collection Set: 119.94ms
[3995.041s][info][gc,phases      ] GC(1030)   Post Evacuate Collection Set: 0.92ms
[3995.041s][info][gc,phases      ] GC(1030)   Other: 0.12ms
[3995.041s][info][gc,heap        ] GC(1030) Eden regions: 1121->0(1115)
[3995.041s][info][gc,heap        ] GC(1030) Survivor regions: 107->113(154)
[3995.041s][info][gc,heap        ] GC(1030) Old regions: 474->506
[3995.041s][info][gc,heap        ] GC(1030) Humongous regions: 80->80
[3995.041s][info][gc,metaspace   ] GC(1030) Metaspace: 28962K(29376K)->28962K(29376K) NonClass: 24093K(24256K)->24093K(24256K) Class: 4869K(5120K)->4869K(5120K)
[3995.041s][info][gc             ] GC(1030) Pause Young (Concurrent Start) (G1 Evacuation Pause) 3563M->1396M(4096M) 121.890ms
[3995.041s][info][gc             ] GC(1031) Concurrent Mark Cycle
[3995.041s][info][gc,marking     ] GC(1031) Concurrent Scan Root Regions
[3995.041s][info][gc,cpu         ] GC(1030) User=0.73s Sys=0.00s Real=0.12s
[3995.185s][info][gc,marking     ] GC(1031) Concurrent Scan Root Regions 143.765ms
[3995.185s][info][gc,marking     ] GC(1031) Concurrent Mark
[3995.185s][info][gc,marking     ] GC(1031) Concurrent Mark From Roots
[3995.185s][info][gc,task        ] GC(1031) Using 2 workers of 2 for marking
.[3995.952s][info][gc,marking     ] GC(1031) Concurrent Mark From Roots 767.252ms
[3995.952s][info][gc,marking     ] GC(1031) Concurrent Preclean
[3995.952s][info][gc,marking     ] GC(1031) Concurrent Preclean 0.123ms
[3995.954s][info][gc,start       ] GC(1031) Pause Remark
[3995.959s][info][gc             ] GC(1031) Pause Remark 2098M->2098M(4096M) 4.784ms
[3995.959s][info][gc,cpu         ] GC(1031) User=0.02s Sys=0.00s Real=0.00s
[3995.959s][info][gc,marking     ] GC(1031) Concurrent Mark 774.590ms
[3995.959s][info][gc,marking     ] GC(1031) Concurrent Rebuild Remembered Sets and Scrub Regions
[3996.279s][info][gc,marking     ] GC(1031) Concurrent Rebuild Remembered Sets and Scrub Regions 319.824ms
[3996.279s][info][gc,start       ] GC(1031) Pause Cleanup
[3996.280s][info][gc             ] GC(1031) Pause Cleanup 2451M->2451M(4096M) 0.121ms
[3996.280s][info][gc,cpu         ] GC(1031) User=0.00s Sys=0.00s Real=0.00s
[3996.280s][info][gc,marking     ] GC(1031) Concurrent Clear Claimed Marks
[3996.280s][info][gc,marking     ] GC(1031) Concurrent Clear Claimed Marks 0.030ms
[3996.280s][info][gc,marking     ] GC(1031) Concurrent Cleanup for Next Mark
[3996.283s][info][gc,marking     ] GC(1031) Concurrent Cleanup for Next Mark 3.388ms
[3996.283s][info][gc             ] GC(1031) Concurrent Mark Cycle 1242.043ms
.[3997.457s][info][gc,start       ] GC(1032) Pause Young (Prepare Mixed) (G1 Evacuation Pause)
[3997.457s][info][gc,task        ] GC(1032) Using 6 workers of 6 for evacuation
[3997.580s][info][gc,phases      ] GC(1032)   Pre Evacuate Collection Set: 0.34ms
[3997.580s][info][gc,phases      ] GC(1032)   Merge Heap Roots: 0.60ms
[3997.580s][info][gc,phases      ] GC(1032)   Evacuate Collection Set: 120.64ms
[3997.580s][info][gc,phases      ] GC(1032)   Post Evacuate Collection Set: 0.94ms
[3997.580s][info][gc,phases      ] GC(1032)   Other: 0.08ms
[3997.580s][info][gc,heap        ] GC(1032) Eden regions: 1115->0(1102)
[3997.580s][info][gc,heap        ] GC(1032) Survivor regions: 113->113(154)
[3997.580s][info][gc,heap        ] GC(1032) Old regions: 506->537
[3997.580s][info][gc,heap        ] GC(1032) Humongous regions: 80->80
[3997.580s][info][gc,metaspace   ] GC(1032) Metaspace: 28962K(29376K)->28962K(29376K) NonClass: 24093K(24256K)->24093K(24256K) Class: 4869K(5120K)->4869K(5120K)
[3997.580s][info][gc             ] GC(1032) Pause Young (Prepare Mixed) (G1 Evacuation Pause) 3626M->1457M(4096M) 122.736ms
[3997.580s][info][gc,cpu         ] GC(1032) User=0.73s Sys=0.00s Real=0.12s
..|.[4000.115s][info][gc,start       ] GC(1033) Pause Young (Mixed) (G1 Evacuation Pause)
[4000.115s][info][gc,task        ] GC(1033) Using 6 workers of 6 for evacuation
[4000.249s][info][gc,phases      ] GC(1033)   Pre Evacuate Collection Set: 0.33ms
[4000.249s][info][gc,phases      ] GC(1033)   Merge Heap Roots: 0.73ms
[4000.249s][info][gc,phases      ] GC(1033)   Evacuate Collection Set: 131.59ms
[4000.249s][info][gc,phases      ] GC(1033)   Post Evacuate Collection Set: 0.95ms
[4000.249s][info][gc,phases      ] GC(1033)   Other: 0.08ms
[4000.249s][info][gc,heap        ] GC(1033) Eden regions: 1102->0(1121)
[4000.249s][info][gc,heap        ] GC(1033) Survivor regions: 113->107(152)
[4000.249s][info][gc,heap        ] GC(1033) Old regions: 537->474
[4000.249s][info][gc,heap        ] GC(1033) Humongous regions: 80->80
[4000.249s][info][gc,metaspace   ] GC(1033) Metaspace: 28962K(29376K)->28962K(29376K) NonClass: 24093K(24256K)->24093K(24256K) Class: 4869K(5120K)->4869K(5120K)
[4000.249s][info][gc             ] GC(1033) Pause Young (Mixed) (G1 Evacuation Pause) 3661M->1320M(4096M) 133.826ms
[4000.249s][info][gc,cpu         ] GC(1033) User=0.80s Sys=0.00s Real=0.13s
...[4002.677s][info][gc,start       ] GC(1034) Pause Young (Concurrent Start) (G1 Evacuation Pause)
[4002.677s][info][gc,task        ] GC(1034) Using 6 workers of 6 for evacuation
[4002.797s][info][gc,phases      ] GC(1034)   Pre Evacuate Collection Set: 0.40ms
[4002.797s][info][gc,phases      ] GC(1034)   Merge Heap Roots: 0.46ms
[4002.797s][info][gc,phases      ] GC(1034)   Evacuate Collection Set: 117.71ms
[4002.797s][info][gc,phases      ] GC(1034)   Post Evacuate Collection Set: 0.86ms
[4002.797s][info][gc,phases      ] GC(1034)   Other: 0.12ms
[4002.797s][info][gc,heap        ] GC(1034) Eden regions: 1121->0(1115)
[4002.797s][info][gc,heap        ] GC(1034) Survivor regions: 107->113(154)
[4002.797s][info][gc,heap        ] GC(1034) Old regions: 474->505
[4002.797s][info][gc,heap        ] GC(1034) Humongous regions: 80->80
[4002.797s][info][gc,metaspace   ] GC(1034) Metaspace: 28962K(29376K)->28962K(29376K) NonClass: 24093K(24256K)->24093K(24256K) Class: 4869K(5120K)->4869K(5120K)
[4002.797s][info][gc             ] GC(1034) Pause Young (Concurrent Start) (G1 Evacuation Pause) 3562M->1395M(4096M) 119.673ms
[4002.797s][info][gc             ] GC(1035) Concurrent Mark Cycle
[4002.797s][info][gc,marking     ] GC(1035) Concurrent Scan Root Regions
[4002.797s][info][gc,cpu         ] GC(1034) User=0.71s Sys=0.00s Real=0.12s
[4002.981s][info][gc,marking     ] GC(1035) Concurrent Scan Root Regions 183.874ms
[4002.981s][info][gc,marking     ] GC(1035) Concurrent Mark
[4002.981s][info][gc,marking     ] GC(1035) Concurrent Mark From Roots
[4002.981s][info][gc,task        ] GC(1035) Using 2 workers of 2 for marking
.[4003.988s][info][gc,marking     ] GC(1035) Concurrent Mark From Roots 1006.863ms
[4003.988s][info][gc,marking     ] GC(1035) Concurrent Preclean
[4003.988s][info][gc,marking     ] GC(1035) Concurrent Preclean 0.123ms
[4003.989s][info][gc,start       ] GC(1035) Pause Remark
[4003.996s][info][gc             ] GC(1035) Pause Remark 2481M->2481M(4096M) 6.874ms
[4003.996s][info][gc,cpu         ] GC(1035) User=0.04s Sys=0.00s Real=0.01s
[4003.996s][info][gc,marking     ] GC(1035) Concurrent Mark 1015.325ms
[4003.996s][info][gc,marking     ] GC(1035) Concurrent Rebuild Remembered Sets and Scrub Regions
[4004.358s][info][gc,marking     ] GC(1035) Concurrent Rebuild Remembered Sets and Scrub Regions 361.751ms
[4004.358s][info][gc,start       ] GC(1035) Pause Cleanup
[4004.358s][info][gc             ] GC(1035) Pause Cleanup 2774M->2774M(4096M) 0.108ms
[4004.358s][info][gc,cpu         ] GC(1035) User=0.00s Sys=0.00s Real=0.00s
[4004.358s][info][gc,marking     ] GC(1035) Concurrent Clear Claimed Marks
[4004.358s][info][gc,marking     ] GC(1035) Concurrent Clear Claimed Marks 0.020ms
[4004.358s][info][gc,marking     ] GC(1035) Concurrent Cleanup for Next Mark
[4004.363s][info][gc,marking     ] GC(1035) Concurrent Cleanup for Next Mark 5.234ms
[4004.363s][info][gc             ] GC(1035) Concurrent Mark Cycle 1566.615ms
.[4005.371s][info][gc,start       ] GC(1036) Pause Young (Prepare Mixed) (G1 Evacuation Pause)
[4005.371s][info][gc,task        ] GC(1036) Using 6 workers of 6 for evacuation
[4005.489s][info][gc,phases      ] GC(1036)   Pre Evacuate Collection Set: 0.31ms
[4005.489s][info][gc,phases      ] GC(1036)   Merge Heap Roots: 0.57ms
[4005.489s][info][gc,phases      ] GC(1036)   Evacuate Collection Set: 115.75ms
[4005.489s][info][gc,phases      ] GC(1036)   Post Evacuate Collection Set: 0.93ms
[4005.489s][info][gc,phases      ] GC(1036)   Other: 0.08ms
[4005.489s][info][gc,heap        ] GC(1036) Eden regions: 1115->0(1108)
[4005.489s][info][gc,heap        ] GC(1036) Survivor regions: 113->110(154)
[4005.489s][info][gc,heap        ] GC(1036) Old regions: 505->537
[4005.489s][info][gc,heap        ] GC(1036) Humongous regions: 80->80
[4005.489s][info][gc,metaspace   ] GC(1036) Metaspace: 28962K(29376K)->28962K(29376K) NonClass: 24093K(24256K)->24093K(24256K) Class: 4869K(5120K)->4869K(5120K)
[4005.489s][info][gc             ] GC(1036) Pause Young (Prepare Mixed) (G1 Evacuation Pause) 3625M->1453M(4096M) 117.781ms
[4005.489s][info][gc,cpu         ] GC(1036) User=0.70s Sys=0.00s Real=0.12s
...[4007.923s][info][gc,start       ] GC(1037) Pause Young (Mixed) (G1 Evacuation Pause)
[4007.923s][info][gc,task        ] GC(1037) Using 6 workers of 6 for evacuation
[4008.065s][info][gc,phases      ] GC(1037)   Pre Evacuate Collection Set: 0.32ms
[4008.065s][info][gc,phases      ] GC(1037)   Merge Heap Roots: 0.68ms
[4008.065s][info][gc,phases      ] GC(1037)   Evacuate Collection Set: 140.90ms
[4008.065s][info][gc,phases      ] GC(1037)   Post Evacuate Collection Set: 0.87ms
[4008.065s][info][gc,phases      ] GC(1037)   Other: 0.09ms
[4008.065s][info][gc,heap        ] GC(1037) Eden regions: 1108->0(1111)
[4008.065s][info][gc,heap        ] GC(1037) Survivor regions: 110->117(153)
[4008.066s][info][gc,heap        ] GC(1037) Old regions: 537->474
[4008.066s][info][gc,heap        ] GC(1037) Humongous regions: 80->80
[4008.066s][info][gc,metaspace   ] GC(1037) Metaspace: 28962K(29376K)->28962K(29376K) NonClass: 24093K(24256K)->24093K(24256K) Class: 4869K(5120K)->4869K(5120K)
[4008.066s][info][gc             ] GC(1037) Pause Young (Mixed) (G1 Evacuation Pause) 3669M->1341M(4096M) 142.989ms
[4008.066s][info][gc,cpu         ] GC(1037) User=0.85s Sys=0.00s Real=0.14s
..[4010.602s][info][gc,start       ] GC(1038) Pause Young (Concurrent Start) (G1 Evacuation Pause)
[4010.602s][info][gc,task        ] GC(1038) Using 6 workers of 6 for evacuation
[4010.720s][info][gc,phases      ] GC(1038)   Pre Evacuate Collection Set: 0.34ms
[4010.720s][info][gc,phases      ] GC(1038)   Merge Heap Roots: 0.48ms
[4010.720s][info][gc,phases      ] GC(1038)   Evacuate Collection Set: 115.72ms
[4010.720s][info][gc,phases      ] GC(1038)   Post Evacuate Collection Set: 0.86ms
[4010.720s][info][gc,phases      ] GC(1038)   Other: 0.10ms
[4010.720s][info][gc,heap        ] GC(1038) Eden regions: 1111->0(1119)
[4010.720s][info][gc,heap        ] GC(1038) Survivor regions: 117->109(154)
[4010.720s][info][gc,heap        ] GC(1038) Old regions: 474->508
[4010.720s][info][gc,heap        ] GC(1038) Humongous regions: 80->80
[4010.720s][info][gc,metaspace   ] GC(1038) Metaspace: 28962K(29376K)->28962K(29376K) NonClass: 24093K(24256K)->24093K(24256K) Class: 4869K(5120K)->4869K(5120K)
[4010.720s][info][gc             ] GC(1038) Pause Young (Concurrent Start) (G1 Evacuation Pause) 3563M->1391M(4096M) 117.639ms
[4010.720s][info][gc             ] GC(1039) Concurrent Mark Cycle
[4010.720s][info][gc,marking     ] GC(1039) Concurrent Scan Root Regions
[4010.720s][info][gc,cpu         ] GC(1038) User=0.70s Sys=0.00s Real=0.12s
.[4010.901s][info][gc,marking     ] GC(1039) Concurrent Scan Root Regions 181.256ms
[4010.901s][info][gc,marking     ] GC(1039) Concurrent Mark
[4010.901s][info][gc,marking     ] GC(1039) Concurrent Mark From Roots
[4010.901s][info][gc,task        ] GC(1039) Using 2 workers of 2 for marking
.[4011.865s][info][gc,marking     ] GC(1039) Concurrent Mark From Roots 964.280ms
[4011.865s][info][gc,marking     ] GC(1039) Concurrent Preclean
[4011.866s][info][gc,marking     ] GC(1039) Concurrent Preclean 0.136ms
[4011.867s][info][gc,start       ] GC(1039) Pause Remark
[4011.871s][info][gc             ] GC(1039) Pause Remark 2419M->2419M(4096M) 4.309ms
[4011.871s][info][gc,cpu         ] GC(1039) User=0.03s Sys=0.00s Real=0.00s
[4011.871s][info][gc,marking     ] GC(1039) Concurrent Mark 970.286ms
[4011.871s][info][gc,marking     ] GC(1039) Concurrent Rebuild Remembered Sets and Scrub Regions
[4012.240s][info][gc,marking     ] GC(1039) Concurrent Rebuild Remembered Sets and Scrub Regions 368.841ms
[4012.240s][info][gc,start       ] GC(1039) Pause Cleanup
[4012.241s][info][gc             ] GC(1039) Pause Cleanup 2761M->2761M(4096M) 0.128ms
[4012.241s][info][gc,cpu         ] GC(1039) User=0.00s Sys=0.00s Real=0.00s
[4012.241s][info][gc,marking     ] GC(1039) Concurrent Clear Claimed Marks
[4012.241s][info][gc,marking     ] GC(1039) Concurrent Clear Claimed Marks 0.032ms
[4012.241s][info][gc,marking     ] GC(1039) Concurrent Cleanup for Next Mark
[4012.246s][info][gc,marking     ] GC(1039) Concurrent Cleanup for Next Mark 5.169ms
[4012.246s][info][gc             ] GC(1039) Concurrent Mark Cycle 1526.162ms
.[4013.306s][info][gc,start       ] GC(1040) Pause Young (Prepare Mixed) (G1 Evacuation Pause)
[4013.306s][info][gc,task        ] GC(1040) Using 6 workers of 6 for evacuation
[4013.427s][info][gc,phases      ] GC(1040)   Pre Evacuate Collection Set: 0.32ms
[4013.427s][info][gc,phases      ] GC(1040)   Merge Heap Roots: 0.57ms
[4013.427s][info][gc,phases      ] GC(1040)   Evacuate Collection Set: 118.38ms
[4013.427s][info][gc,phases      ] GC(1040)   Post Evacuate Collection Set: 0.94ms
[4013.427s][info][gc,phases      ] GC(1040)   Other: 0.09ms
[4013.427s][info][gc,heap        ] GC(1040) Eden regions: 1119->0(1105)
[4013.427s][info][gc,heap        ] GC(1040) Survivor regions: 109->111(154)
[4013.427s][info][gc,heap        ] GC(1040) Old regions: 508->538
[4013.427s][info][gc,heap        ] GC(1040) Humongous regions: 80->80
[4013.427s][info][gc,metaspace   ] GC(1040) Metaspace: 28962K(29376K)->28962K(29376K) NonClass: 24093K(24256K)->24093K(24256K) Class: 4869K(5120K)->4869K(5120K)
[4013.427s][info][gc             ] GC(1040) Pause Young (Prepare Mixed) (G1 Evacuation Pause) 3629M->1457M(4096M) 120.413ms
[4013.427s][info][gc,cpu         ] GC(1040) User=0.72s Sys=0.01s Real=0.12s
...[4015.858s][info][gc,start       ] GC(1041) Pause Young (Mixed) (G1 Evacuation Pause)
[4015.858s][info][gc,task        ] GC(1041) Using 6 workers of 6 for evacuation
[4015.997s][info][gc,phases      ] GC(1041)   Pre Evacuate Collection Set: 0.31ms
[4015.997s][info][gc,phases      ] GC(1041)   Merge Heap Roots: 0.70ms
[4015.997s][info][gc,phases      ] GC(1041)   Evacuate Collection Set: 136.89ms
[4015.997s][info][gc,phases      ] GC(1041)   Post Evacuate Collection Set: 0.94ms
[4015.997s][info][gc,phases      ] GC(1041)   Other: 0.09ms
[4015.997s][info][gc,heap        ] GC(1041) Eden regions: 1105->0(1115)
[4015.997s][info][gc,heap        ] GC(1041) Survivor regions: 111->113(152)
[4015.997s][info][gc,heap        ] GC(1041) Old regions: 538->473
[4015.997s][info][gc,heap        ] GC(1041) Humongous regions: 80->80
[4015.997s][info][gc,metaspace   ] GC(1041) Metaspace: 28962K(29376K)->28962K(29376K) NonClass: 24093K(24256K)->24093K(24256K) Class: 4869K(5120K)->4869K(5120K)
[4015.997s][info][gc             ] GC(1041) Pause Young (Mixed) (G1 Evacuation Pause) 3667M->1331M(4096M) 139.105ms
[4015.997s][info][gc,cpu         ] GC(1041) User=0.83s Sys=0.00s Real=0.14s
..[4018.447s][info][gc,start       ] GC(1042) Pause Young (Concurrent Start) (G1 Evacuation Pause)
[4018.447s][info][gc,task        ] GC(1042) Using 6 workers of 6 for evacuation
[4018.569s][info][gc,phases      ] GC(1042)   Pre Evacuate Collection Set: 0.37ms
[4018.569s][info][gc,phases      ] GC(1042)   Merge Heap Roots: 0.47ms
[4018.569s][info][gc,phases      ] GC(1042)   Evacuate Collection Set: 119.90ms
[4018.569s][info][gc,phases      ] GC(1042)   Post Evacuate Collection Set: 0.78ms
[4018.569s][info][gc,phases      ] GC(1042)   Other: 0.12ms
[4018.569s][info][gc,heap        ] GC(1042) Eden regions: 1115->0(1116)
[4018.569s][info][gc,heap        ] GC(1042) Survivor regions: 113->112(154)
[4018.569s][info][gc,heap        ] GC(1042) Old regions: 473->506
[4018.569s][info][gc,heap        ] GC(1042) Humongous regions: 80->80
[4018.569s][info][gc,metaspace   ] GC(1042) Metaspace: 28962K(29376K)->28962K(29376K) NonClass: 24093K(24256K)->24093K(24256K) Class: 4869K(5120K)->4869K(5120K)
[4018.569s][info][gc             ] GC(1042) Pause Young (Concurrent Start) (G1 Evacuation Pause) 3561M->1395M(4096M) 121.758ms
[4018.569s][info][gc             ] GC(1043) Concurrent Mark Cycle
[4018.569s][info][gc,marking     ] GC(1043) Concurrent Scan Root Regions
[4018.569s][info][gc,cpu         ] GC(1042) User=0.73s Sys=0.00s Real=0.12s
[4018.712s][info][gc,marking     ] GC(1043) Concurrent Scan Root Regions 143.516ms
[4018.712s][info][gc,marking     ] GC(1043) Concurrent Mark
[4018.712s][info][gc,marking     ] GC(1043) Concurrent Mark From Roots
[4018.712s][info][gc,task        ] GC(1043) Using 2 workers of 2 for marking
.[4019.420s][info][gc,marking     ] GC(1043) Concurrent Mark From Roots 707.730ms
[4019.420s][info][gc,marking     ] GC(1043) Concurrent Preclean
[4019.420s][info][gc,marking     ] GC(1043) Concurrent Preclean 0.138ms
[4019.422s][info][gc,start       ] GC(1043) Pause Remark
[4019.428s][info][gc             ] GC(1043) Pause Remark 2161M->2161M(4096M) 6.285ms
[4019.428s][info][gc,cpu         ] GC(1043) User=0.03s Sys=0.00s Real=0.01s
[4019.429s][info][gc,marking     ] GC(1043) Concurrent Mark 716.599ms
[4019.429s][info][gc,marking     ] GC(1043) Concurrent Rebuild Remembered Sets and Scrub Regions
[4019.687s][info][gc,marking     ] GC(1043) Concurrent Rebuild Remembered Sets and Scrub Regions 258.501ms
[4019.690s][info][gc,start       ] GC(1043) Pause Cleanup
[4019.690s][info][gc             ] GC(1043) Pause Cleanup 2383M->2383M(4096M) 0.131ms
[4019.690s][info][gc,cpu         ] GC(1043) User=0.00s Sys=0.00s Real=0.00s
[4019.690s][info][gc,marking     ] GC(1043) Concurrent Clear Claimed Marks
[4019.690s][info][gc,marking     ] GC(1043) Concurrent Clear Claimed Marks 0.033ms
[4019.690s][info][gc,marking     ] GC(1043) Concurrent Cleanup for Next Mark
[4019.695s][info][gc,marking     ] GC(1043) Concurrent Cleanup for Next Mark 4.948ms
[4019.695s][info][gc             ] GC(1043) Concurrent Mark Cycle 1126.167ms
..[4021.123s][info][gc,start       ] GC(1044) Pause Young (Prepare Mixed) (G1 Evacuation Pause)
[4021.123s][info][gc,task        ] GC(1044) Using 6 workers of 6 for evacuation
[4021.245s][info][gc,phases      ] GC(1044)   Pre Evacuate Collection Set: 0.31ms
[4021.246s][info][gc,phases      ] GC(1044)   Merge Heap Roots: 0.52ms
[4021.246s][info][gc,phases      ] GC(1044)   Evacuate Collection Set: 120.47ms
[4021.246s][info][gc,phases      ] GC(1044)   Post Evacuate Collection Set: 0.92ms
[4021.246s][info][gc,phases      ] GC(1044)   Other: 0.09ms
[4021.246s][info][gc,heap        ] GC(1044) Eden regions: 1116->0(1101)
[4021.246s][info][gc,heap        ] GC(1044) Survivor regions: 112->113(154)
[4021.246s][info][gc,heap        ] GC(1044) Old regions: 506->538
[4021.246s][info][gc,heap        ] GC(1044) Humongous regions: 80->80
[4021.246s][info][gc,metaspace   ] GC(1044) Metaspace: 28962K(29376K)->28962K(29376K) NonClass: 24093K(24256K)->24093K(24256K) Class: 4869K(5120K)->4869K(5120K)
[4021.246s][info][gc             ] GC(1044) Pause Young (Prepare Mixed) (G1 Evacuation Pause) 3627M->1459M(4096M) 122.436ms
[4021.246s][info][gc,cpu         ] GC(1044) User=0.73s Sys=0.00s Real=0.12s
..[4023.679s][info][gc,start       ] GC(1045) Pause Young (Mixed) (G1 Evacuation Pause)
[4023.679s][info][gc,task        ] GC(1045) Using 6 workers of 6 for evacuation
[4023.814s][info][gc,phases      ] GC(1045)   Pre Evacuate Collection Set: 0.34ms
[4023.814s][info][gc,phases      ] GC(1045)   Merge Heap Roots: 0.71ms
[4023.814s][info][gc,phases      ] GC(1045)   Evacuate Collection Set: 132.59ms
[4023.814s][info][gc,phases      ] GC(1045)   Post Evacuate Collection Set: 0.93ms
[4023.814s][info][gc,phases      ] GC(1045)   Other: 0.09ms
[4023.814s][info][gc,heap        ] GC(1045) Eden regions: 1101->0(1118)
[4023.814s][info][gc,heap        ] GC(1045) Survivor regions: 113->110(152)
[4023.814s][info][gc,heap        ] GC(1045) Old regions: 538->475
[4023.814s][info][gc,heap        ] GC(1045) Humongous regions: 80->80
[4023.814s][info][gc,metaspace   ] GC(1045) Metaspace: 28962K(29376K)->28962K(29376K) NonClass: 24093K(24256K)->24093K(24256K) Class: 4869K(5120K)->4869K(5120K)
[4023.814s][info][gc             ] GC(1045) Pause Young (Mixed) (G1 Evacuation Pause) 3661M->1328M(4096M) 134.798ms
[4023.814s][info][gc,cpu         ] GC(1045) User=0.81s Sys=0.00s Real=0.14s
...[4026.331s][info][gc,start       ] GC(1046) Pause Young (Concurrent Start) (G1 Evacuation Pause)
[4026.332s][info][gc,task        ] GC(1046) Using 6 workers of 6 for evacuation
[4026.453s][info][gc,phases      ] GC(1046)   Pre Evacuate Collection Set: 0.37ms
[4026.453s][info][gc,phases      ] GC(1046)   Merge Heap Roots: 0.51ms
[4026.453s][info][gc,phases      ] GC(1046)   Evacuate Collection Set: 119.54ms
[4026.453s][info][gc,phases      ] GC(1046)   Post Evacuate Collection Set: 0.88ms
[4026.453s][info][gc,phases      ] GC(1046)   Other: 0.10ms
[4026.453s][info][gc,heap        ] GC(1046) Eden regions: 1118->0(1116)
[4026.453s][info][gc,heap        ] GC(1046) Survivor regions: 110->112(154)
[4026.453s][info][gc,heap        ] GC(1046) Old regions: 475->507
[4026.453s][info][gc,heap        ] GC(1046) Humongous regions: 80->80
[4026.453s][info][gc,metaspace   ] GC(1046) Metaspace: 28962K(29376K)->28962K(29376K) NonClass: 24093K(24256K)->24093K(24256K) Class: 4869K(5120K)->4869K(5120K)
[4026.453s][info][gc             ] GC(1046) Pause Young (Concurrent Start) (G1 Evacuation Pause) 3564M->1397M(4096M) 121.533ms
[4026.453s][info][gc             ] GC(1047) Concurrent Mark Cycle
[4026.453s][info][gc,marking     ] GC(1047) Concurrent Scan Root Regions
[4026.453s][info][gc,cpu         ] GC(1046) User=0.72s Sys=0.00s Real=0.13s
[4026.638s][info][gc,marking     ] GC(1047) Concurrent Scan Root Regions 184.882ms
[4026.638s][info][gc,marking     ] GC(1047) Concurrent Mark
[4026.638s][info][gc,marking     ] GC(1047) Concurrent Mark From Roots
[4026.638s][info][gc,task        ] GC(1047) Using 2 workers of 2 for marking
.[4027.615s][info][gc,marking     ] GC(1047) Concurrent Mark From Roots 977.294ms
[4027.615s][info][gc,marking     ] GC(1047) Concurrent Preclean
[4027.615s][info][gc,marking     ] GC(1047) Concurrent Preclean 0.113ms
[4027.618s][info][gc,start       ] GC(1047) Pause Remark
[4027.625s][info][gc             ] GC(1047) Pause Remark 2479M->2479M(4096M) 6.552ms
[4027.625s][info][gc,cpu         ] GC(1047) User=0.04s Sys=0.00s Real=0.01s
[4027.625s][info][gc,marking     ] GC(1047) Concurrent Mark 986.799ms
[4027.625s][info][gc,marking     ] GC(1047) Concurrent Rebuild Remembered Sets and Scrub Regions
[4028.039s][info][gc,marking     ] GC(1047) Concurrent Rebuild Remembered Sets and Scrub Regions 414.194ms
[4028.039s][info][gc,start       ] GC(1047) Pause Cleanup
[4028.039s][info][gc             ] GC(1047) Pause Cleanup 2846M->2846M(4096M) 0.104ms
[4028.039s][info][gc,cpu         ] GC(1047) User=0.00s Sys=0.00s Real=0.00s
[4028.039s][info][gc,marking     ] GC(1047) Concurrent Clear Claimed Marks
[4028.039s][info][gc,marking     ] GC(1047) Concurrent Clear Claimed Marks 0.022ms
[4028.039s][info][gc,marking     ] GC(1047) Concurrent Cleanup for Next Mark
[4028.043s][info][gc,marking     ] GC(1047) Concurrent Cleanup for Next Mark 3.303ms
[4028.043s][info][gc             ] GC(1047) Concurrent Mark Cycle 1589.585ms
.[4029.028s][info][gc,start       ] GC(1048) Pause Young (Prepare Mixed) (G1 Evacuation Pause)
[4029.029s][info][gc,task        ] GC(1048) Using 6 workers of 6 for evacuation
[4029.158s][info][gc,phases      ] GC(1048)   Pre Evacuate Collection Set: 0.32ms
[4029.158s][info][gc,phases      ] GC(1048)   Merge Heap Roots: 0.54ms
[4029.158s][info][gc,phases      ] GC(1048)   Evacuate Collection Set: 127.83ms
[4029.158s][info][gc,phases      ] GC(1048)   Post Evacuate Collection Set: 0.95ms
[4029.158s][info][gc,phases      ] GC(1048)   Other: 0.09ms
[4029.158s][info][gc,heap        ] GC(1048) Eden regions: 1116->0(1091)
[4029.158s][info][gc,heap        ] GC(1048) Survivor regions: 112->118(154)
[4029.158s][info][gc,heap        ] GC(1048) Old regions: 507->538
[4029.158s][info][gc,heap        ] GC(1048) Humongous regions: 80->80
[4029.158s][info][gc,metaspace   ] GC(1048) Metaspace: 28962K(29376K)->28962K(29376K) NonClass: 24093K(24256K)->24093K(24256K) Class: 4869K(5120K)->4869K(5120K)
[4029.158s][info][gc             ] GC(1048) Pause Young (Prepare Mixed) (G1 Evacuation Pause) 3629M->1470M(4096M) 129.870ms
[4029.158s][info][gc,cpu         ] GC(1048) User=0.77s Sys=0.00s Real=0.13s
...[4031.593s][info][gc,start       ] GC(1049) Pause Young (Mixed) (G1 Evacuation Pause)
[4031.593s][info][gc,task        ] GC(1049) Using 6 workers of 6 for evacuation
[4031.729s][info][gc,phases      ] GC(1049)   Pre Evacuate Collection Set: 0.33ms
[4031.729s][info][gc,phases      ] GC(1049)   Merge Heap Roots: 0.70ms
[4031.729s][info][gc,phases      ] GC(1049)   Evacuate Collection Set: 134.53ms
[4031.729s][info][gc,phases      ] GC(1049)   Post Evacuate Collection Set: 0.93ms
[4031.729s][info][gc,phases      ] GC(1049)   Other: 0.08ms
[4031.729s][info][gc,heap        ] GC(1049) Eden regions: 1091->0(1117)
[4031.729s][info][gc,heap        ] GC(1049) Survivor regions: 118->111(152)
[4031.729s][info][gc,heap        ] GC(1049) Old regions: 538->475
[4031.729s][info][gc,heap        ] GC(1049) Humongous regions: 80->80
[4031.729s][info][gc,metaspace   ] GC(1049) Metaspace: 28962K(29376K)->28962K(29376K) NonClass: 24093K(24256K)->24093K(24256K) Class: 4869K(5120K)->4869K(5120K)
[4031.729s][info][gc             ] GC(1049) Pause Young (Mixed) (G1 Evacuation Pause) 3652M->1330M(4096M) 136.698ms
[4031.729s][info][gc,cpu         ] GC(1049) User=0.82s Sys=0.00s Real=0.13s
...[4034.260s][info][gc,start       ] GC(1050) Pause Young (Concurrent Start) (G1 Evacuation Pause)
[4034.260s][info][gc,task        ] GC(1050) Using 6 workers of 6 for evacuation
[4034.377s][info][gc,phases      ] GC(1050)   Pre Evacuate Collection Set: 0.39ms
[4034.377s][info][gc,phases      ] GC(1050)   Merge Heap Roots: 0.52ms
[4034.377s][info][gc,phases      ] GC(1050)   Evacuate Collection Set: 114.85ms
[4034.377s][info][gc,phases      ] GC(1050)   Post Evacuate Collection Set: 0.86ms
[4034.377s][info][gc,phases      ] GC(1050)   Other: 0.11ms
[4034.377s][info][gc,heap        ] GC(1050) Eden regions: 1117->0(1120)
[4034.377s][info][gc,heap        ] GC(1050) Survivor regions: 111->108(154)
[4034.377s][info][gc,heap        ] GC(1050) Old regions: 475->507
[4034.377s][info][gc,heap        ] GC(1050) Humongous regions: 80->80
[4034.377s][info][gc,metaspace   ] GC(1050) Metaspace: 28962K(29376K)->28962K(29376K) NonClass: 24093K(24256K)->24093K(24256K) Class: 4869K(5120K)->4869K(5120K)
[4034.377s][info][gc             ] GC(1050) Pause Young (Concurrent Start) (G1 Evacuation Pause) 3564M->1389M(4096M) 116.873ms
[4034.377s][info][gc             ] GC(1051) Concurrent Mark Cycle
[4034.377s][info][gc,marking     ] GC(1051) Concurrent Scan Root Regions
[4034.377s][info][gc,cpu         ] GC(1050) User=0.69s Sys=0.00s Real=0.12s
[4034.554s][info][gc,marking     ] GC(1051) Concurrent Scan Root Regions 177.324ms
[4034.554s][info][gc,marking     ] GC(1051) Concurrent Mark
[4034.554s][info][gc,marking     ] GC(1051) Concurrent Mark From Roots
[4034.554s][info][gc,task        ] GC(1051) Using 2 workers of 2 for marking
.[4035.501s][info][gc,marking     ] GC(1051) Concurrent Mark From Roots 946.303ms
[4035.501s][info][gc,marking     ] GC(1051) Concurrent Preclean
[4035.501s][info][gc,marking     ] GC(1051) Concurrent Preclean 0.129ms
[4035.502s][info][gc,start       ] GC(1051) Pause Remark
[4035.510s][info][gc             ] GC(1051) Pause Remark 2447M->2447M(4096M) 7.192ms
[4035.510s][info][gc,cpu         ] GC(1051) User=0.04s Sys=0.00s Real=0.00s
[4035.510s][info][gc,marking     ] GC(1051) Concurrent Mark 955.619ms
[4035.510s][info][gc,marking     ] GC(1051) Concurrent Rebuild Remembered Sets and Scrub Regions
[4035.775s][info][gc,marking     ] GC(1051) Concurrent Rebuild Remembered Sets and Scrub Regions 265.638ms
[4035.776s][info][gc,start       ] GC(1051) Pause Cleanup
[4035.776s][info][gc             ] GC(1051) Pause Cleanup 2669M->2669M(4096M) 0.114ms
[4035.776s][info][gc,cpu         ] GC(1051) User=0.00s Sys=0.00s Real=0.00s
[4035.776s][info][gc,marking     ] GC(1051) Concurrent Clear Claimed Marks
[4035.776s][info][gc,marking     ] GC(1051) Concurrent Clear Claimed Marks 0.027ms
[4035.776s][info][gc,marking     ] GC(1051) Concurrent Cleanup for Next Mark
[4035.783s][info][gc,marking     ] GC(1051) Concurrent Cleanup for Next Mark 6.132ms
[4035.783s][info][gc             ] GC(1051) Concurrent Mark Cycle 1405.820ms
.[4036.849s][info][gc,start       ] GC(1052) Pause Young (Prepare Mixed) (G1 Evacuation Pause)
[4036.849s][info][gc,task        ] GC(1052) Using 6 workers of 6 for evacuation
[4036.968s][info][gc,phases      ] GC(1052)   Pre Evacuate Collection Set: 0.33ms
[4036.968s][info][gc,phases      ] GC(1052)   Merge Heap Roots: 0.50ms
[4036.968s][info][gc,phases      ] GC(1052)   Evacuate Collection Set: 117.16ms
[4036.968s][info][gc,phases      ] GC(1052)   Post Evacuate Collection Set: 0.92ms
[4036.968s][info][gc,phases      ] GC(1052)   Other: 0.08ms
[4036.968s][info][gc,heap        ] GC(1052) Eden regions: 1120->0(1103)
[4036.968s][info][gc,heap        ] GC(1052) Survivor regions: 108->112(154)
[4036.968s][info][gc,heap        ] GC(1052) Old regions: 507->538
[4036.968s][info][gc,heap        ] GC(1052) Humongous regions: 80->80
[4036.968s][info][gc,metaspace   ] GC(1052) Metaspace: 28962K(29376K)->28962K(29376K) NonClass: 24093K(24256K)->24093K(24256K) Class: 4869K(5120K)->4869K(5120K)
[4036.968s][info][gc             ] GC(1052) Pause Young (Prepare Mixed) (G1 Evacuation Pause) 3629M->1457M(4096M) 119.129ms
[4036.968s][info][gc,cpu         ] GC(1052) User=0.71s Sys=0.00s Real=0.12s
...[4039.445s][info][gc,start       ] GC(1053) Pause Young (Mixed) (G1 Evacuation Pause)
[4039.445s][info][gc,task        ] GC(1053) Using 6 workers of 6 for evacuation
[4039.584s][info][gc,phases      ] GC(1053)   Pre Evacuate Collection Set: 0.33ms
[4039.584s][info][gc,phases      ] GC(1053)   Merge Heap Roots: 0.67ms
[4039.584s][info][gc,phases      ] GC(1053)   Evacuate Collection Set: 136.05ms
[4039.584s][info][gc,phases      ] GC(1053)   Post Evacuate Collection Set: 0.95ms
[4039.584s][info][gc,phases      ] GC(1053)   Other: 0.09ms
[4039.584s][info][gc,heap        ] GC(1053) Eden regions: 1103->0(1115)
[4039.584s][info][gc,heap        ] GC(1053) Survivor regions: 112->113(152)
[4039.584s][info][gc,heap        ] GC(1053) Old regions: 538->474
[4039.584s][info][gc,heap        ] GC(1053) Humongous regions: 80->80
[4039.584s][info][gc,metaspace   ] GC(1053) Metaspace: 28962K(29376K)->28962K(29376K) NonClass: 24093K(24256K)->24093K(24256K) Class: 4869K(5120K)->4869K(5120K)
[4039.584s][info][gc             ] GC(1053) Pause Young (Mixed) (G1 Evacuation Pause) 3663M->1333M(4096M) 138.229ms
[4039.584s][info][gc,cpu         ] GC(1053) User=0.82s Sys=0.00s Real=0.14s
..[4042.101s][info][gc,start       ] GC(1054) Pause Young (Concurrent Start) (G1 Evacuation Pause)
[4042.102s][info][gc,task        ] GC(1054) Using 6 workers of 6 for evacuation
[4042.219s][info][gc,phases      ] GC(1054)   Pre Evacuate Collection Set: 0.37ms
[4042.219s][info][gc,phases      ] GC(1054)   Merge Heap Roots: 0.48ms
[4042.219s][info][gc,phases      ] GC(1054)   Evacuate Collection Set: 115.63ms
[4042.219s][info][gc,phases      ] GC(1054)   Post Evacuate Collection Set: 0.89ms
[4042.219s][info][gc,phases      ] GC(1054)   Other: 0.11ms
[4042.219s][info][gc,heap        ] GC(1054) Eden regions: 1115->0(1119)
[4042.219s][info][gc,heap        ] GC(1054) Survivor regions: 113->109(154)
[4042.219s][info][gc,heap        ] GC(1054) Old regions: 474->506
[4042.219s][info][gc,heap        ] GC(1054) Humongous regions: 80->80
[4042.219s][info][gc,metaspace   ] GC(1054) Metaspace: 28962K(29376K)->28962K(29376K) NonClass: 24093K(24256K)->24093K(24256K) Class: 4869K(5120K)->4869K(5120K)
[4042.219s][info][gc             ] GC(1054) Pause Young (Concurrent Start) (G1 Evacuation Pause) 3563M->1389M(4096M) 117.612ms
[4042.219s][info][gc             ] GC(1055) Concurrent Mark Cycle
[4042.219s][info][gc,marking     ] GC(1055) Concurrent Scan Root Regions
[4042.219s][info][gc,cpu         ] GC(1054) User=0.70s Sys=0.00s Real=0.12s
.[4042.374s][info][gc,marking     ] GC(1055) Concurrent Scan Root Regions 154.722ms
[4042.374s][info][gc,marking     ] GC(1055) Concurrent Mark
[4042.374s][info][gc,marking     ] GC(1055) Concurrent Mark From Roots
[4042.374s][info][gc,task        ] GC(1055) Using 2 workers of 2 for marking
[4043.071s][info][gc,marking     ] GC(1055) Concurrent Mark From Roots 696.899ms
[4043.071s][info][gc,marking     ] GC(1055) Concurrent Preclean
[4043.071s][info][gc,marking     ] GC(1055) Concurrent Preclean 0.099ms
[4043.073s][info][gc,start       ] GC(1055) Pause Remark
[4043.079s][info][gc             ] GC(1055) Pause Remark 2101M->2101M(4096M) 5.912ms
[4043.079s][info][gc,cpu         ] GC(1055) User=0.03s Sys=0.00s Real=0.00s
[4043.079s][info][gc,marking     ] GC(1055) Concurrent Mark 704.998ms
[4043.079s][info][gc,marking     ] GC(1055) Concurrent Rebuild Remembered Sets and Scrub Regions
.[4043.480s][info][gc,marking     ] GC(1055) Concurrent Rebuild Remembered Sets and Scrub Regions 401.080ms
[4043.481s][info][gc,start       ] GC(1055) Pause Cleanup
[4043.481s][info][gc             ] GC(1055) Pause Cleanup 2559M->2559M(4096M) 0.128ms
[4043.481s][info][gc,cpu         ] GC(1055) User=0.00s Sys=0.00s Real=0.00s
[4043.482s][info][gc,marking     ] GC(1055) Concurrent Clear Claimed Marks
[4043.482s][info][gc,marking     ] GC(1055) Concurrent Clear Claimed Marks 0.026ms
[4043.482s][info][gc,marking     ] GC(1055) Concurrent Cleanup for Next Mark
[4043.507s][info][gc,marking     ] GC(1055) Concurrent Cleanup for Next Mark 25.046ms
[4043.507s][info][gc             ] GC(1055) Concurrent Mark Cycle 1287.558ms
.[4044.742s][info][gc,start       ] GC(1056) Pause Young (Prepare Mixed) (G1 Evacuation Pause)
[4044.742s][info][gc,task        ] GC(1056) Using 6 workers of 6 for evacuation
[4044.862s][info][gc,phases      ] GC(1056)   Pre Evacuate Collection Set: 0.33ms
[4044.862s][info][gc,phases      ] GC(1056)   Merge Heap Roots: 0.57ms
[4044.862s][info][gc,phases      ] GC(1056)   Evacuate Collection Set: 118.54ms
[4044.862s][info][gc,phases      ] GC(1056)   Post Evacuate Collection Set: 0.93ms
[4044.862s][info][gc,phases      ] GC(1056)   Other: 0.08ms
[4044.862s][info][gc,heap        ] GC(1056) Eden regions: 1119->0(1104)
[4044.862s][info][gc,heap        ] GC(1056) Survivor regions: 109->112(154)
[4044.862s][info][gc,heap        ] GC(1056) Old regions: 506->537
[4044.862s][info][gc,heap        ] GC(1056) Humongous regions: 80->80
[4044.862s][info][gc,metaspace   ] GC(1056) Metaspace: 28962K(29376K)->28962K(29376K) NonClass: 24093K(24256K)->24093K(24256K) Class: 4869K(5120K)->4869K(5120K)
[4044.862s][info][gc             ] GC(1056) Pause Young (Prepare Mixed) (G1 Evacuation Pause) 3627M->1456M(4096M) 120.585ms
[4044.862s][info][gc,cpu         ] GC(1056) User=0.72s Sys=0.00s Real=0.12s
...[4047.354s][info][gc,start       ] GC(1057) Pause Young (Mixed) (G1 Evacuation Pause)
[4047.354s][info][gc,task        ] GC(1057) Using 6 workers of 6 for evacuation
[4047.494s][info][gc,phases      ] GC(1057)   Pre Evacuate Collection Set: 0.38ms
[4047.494s][info][gc,phases      ] GC(1057)   Merge Heap Roots: 0.73ms
[4047.494s][info][gc,phases      ] GC(1057)   Evacuate Collection Set: 138.16ms
[4047.494s][info][gc,phases      ] GC(1057)   Post Evacuate Collection Set: 0.95ms
[4047.494s][info][gc,phases      ] GC(1057)   Other: 0.09ms
[4047.494s][info][gc,heap        ] GC(1057) Eden regions: 1104->0(1115)
[4047.494s][info][gc,heap        ] GC(1057) Survivor regions: 112->113(152)
[4047.494s][info][gc,heap        ] GC(1057) Old regions: 537->474
[4047.494s][info][gc,heap        ] GC(1057) Humongous regions: 80->80
[4047.494s][info][gc,metaspace   ] GC(1057) Metaspace: 28962K(29376K)->28962K(29376K) NonClass: 24093K(24256K)->24093K(24256K) Class: 4869K(5120K)->4869K(5120K)
[4047.494s][info][gc             ] GC(1057) Pause Young (Mixed) (G1 Evacuation Pause) 3664M->1333M(4096M) 140.429ms
[4047.494s][info][gc,cpu         ] GC(1057) User=0.83s Sys=0.00s Real=0.14s
..[4049.945s][info][gc,start       ] GC(1058) Pause Young (Concurrent Start) (G1 Evacuation Pause)
[4049.945s][info][gc,task        ] GC(1058) Using 6 workers of 6 for evacuation
[4050.060s][info][gc,phases      ] GC(1058)   Pre Evacuate Collection Set: 0.36ms
[4050.060s][info][gc,phases      ] GC(1058)   Merge Heap Roots: 0.47ms
[4050.060s][info][gc,phases      ] GC(1058)   Evacuate Collection Set: 112.97ms
[4050.060s][info][gc,phases      ] GC(1058)   Post Evacuate Collection Set: 0.90ms
[4050.060s][info][gc,phases      ] GC(1058)   Other: 0.12ms
[4050.060s][info][gc,heap        ] GC(1058) Eden regions: 1115->0(1121)
[4050.060s][info][gc,heap        ] GC(1058) Survivor regions: 113->107(154)
[4050.060s][info][gc,heap        ] GC(1058) Old regions: 474->507
[4050.060s][info][gc,heap        ] GC(1058) Humongous regions: 80->80
[4050.060s][info][gc,metaspace   ] GC(1058) Metaspace: 28962K(29376K)->28962K(29376K) NonClass: 24093K(24256K)->24093K(24256K) Class: 4869K(5120K)->4869K(5120K)
[4050.060s][info][gc             ] GC(1058) Pause Young (Concurrent Start) (G1 Evacuation Pause) 3563M->1385M(4096M) 114.962ms
[4050.060s][info][gc             ] GC(1059) Concurrent Mark Cycle
[4050.060s][info][gc,marking     ] GC(1059) Concurrent Scan Root Regions
[4050.060s][info][gc,cpu         ] GC(1058) User=0.68s Sys=0.00s Real=0.11s
[4050.219s][info][gc,marking     ] GC(1059) Concurrent Scan Root Regions 159.091ms
[4050.219s][info][gc,marking     ] GC(1059) Concurrent Mark
[4050.219s][info][gc,marking     ] GC(1059) Concurrent Mark From Roots
[4050.219s][info][gc,task        ] GC(1059) Using 2 workers of 2 for marking
.[4050.978s][info][gc,marking     ] GC(1059) Concurrent Mark From Roots 758.629ms
[4050.978s][info][gc,marking     ] GC(1059) Concurrent Preclean
[4050.978s][info][gc,marking     ] GC(1059) Concurrent Preclean 0.128ms
[4050.981s][info][gc,start       ] GC(1059) Pause Remark
[4050.987s][info][gc             ] GC(1059) Pause Remark 2159M->2159M(4096M) 5.667ms
[4050.987s][info][gc,cpu         ] GC(1059) User=0.03s Sys=0.00s Real=0.01s
[4050.987s][info][gc,marking     ] GC(1059) Concurrent Mark 767.829ms
[4050.987s][info][gc,marking     ] GC(1059) Concurrent Rebuild Remembered Sets and Scrub Regions
[4051.294s][info][gc,marking     ] GC(1059) Concurrent Rebuild Remembered Sets and Scrub Regions 307.212ms
[4051.295s][info][gc,start       ] GC(1059) Pause Cleanup
[4051.295s][info][gc             ] GC(1059) Pause Cleanup 2480M->2480M(4096M) 0.109ms
[4051.295s][info][gc,cpu         ] GC(1059) User=0.00s Sys=0.00s Real=0.00s
[4051.295s][info][gc,marking     ] GC(1059) Concurrent Clear Claimed Marks
[4051.295s][info][gc,marking     ] GC(1059) Concurrent Clear Claimed Marks 0.027ms
[4051.295s][info][gc,marking     ] GC(1059) Concurrent Cleanup for Next Mark
[4051.298s][info][gc,marking     ] GC(1059) Concurrent Cleanup for Next Mark 3.608ms
[4051.298s][info][gc             ] GC(1059) Concurrent Mark Cycle 1238.238ms
..[4052.593s][info][gc,start       ] GC(1060) Pause Young (Prepare Mixed) (G1 Evacuation Pause)
[4052.593s][info][gc,task        ] GC(1060) Using 6 workers of 6 for evacuation
[4052.711s][info][gc,phases      ] GC(1060)   Pre Evacuate Collection Set: 0.36ms
[4052.711s][info][gc,phases      ] GC(1060)   Merge Heap Roots: 0.54ms
[4052.711s][info][gc,phases      ] GC(1060)   Evacuate Collection Set: 116.27ms
[4052.711s][info][gc,phases      ] GC(1060)   Post Evacuate Collection Set: 0.93ms
[4052.712s][info][gc,phases      ] GC(1060)   Other: 0.09ms
[4052.712s][info][gc,heap        ] GC(1060) Eden regions: 1121->0(1107)
[4052.712s][info][gc,heap        ] GC(1060) Survivor regions: 107->110(154)
[4052.712s][info][gc,heap        ] GC(1060) Old regions: 507->538
[4052.712s][info][gc,heap        ] GC(1060) Humongous regions: 80->80
[4052.712s][info][gc,metaspace   ] GC(1060) Metaspace: 28962K(29376K)->28962K(29376K) NonClass: 24093K(24256K)->24093K(24256K) Class: 4869K(5120K)->4869K(5120K)
[4052.712s][info][gc             ] GC(1060) Pause Young (Prepare Mixed) (G1 Evacuation Pause) 3627M->1455M(4096M) 118.331ms
[4052.712s][info][gc,cpu         ] GC(1060) User=0.70s Sys=0.00s Real=0.11s
..[4055.215s][info][gc,start       ] GC(1061) Pause Young (Mixed) (G1 Evacuation Pause)
[4055.216s][info][gc,task        ] GC(1061) Using 6 workers of 6 for evacuation
[4055.346s][info][gc,phases      ] GC(1061)   Pre Evacuate Collection Set: 0.35ms
[4055.346s][info][gc,phases      ] GC(1061)   Merge Heap Roots: 0.71ms
[4055.346s][info][gc,phases      ] GC(1061)   Evacuate Collection Set: 128.69ms
[4055.346s][info][gc,phases      ] GC(1061)   Post Evacuate Collection Set: 0.94ms
[4055.346s][info][gc,phases      ] GC(1061)   Other: 0.10ms
[4055.346s][info][gc,heap        ] GC(1061) Eden regions: 1107->0(1120)
[4055.346s][info][gc,heap        ] GC(1061) Survivor regions: 110->108(153)
[4055.346s][info][gc,heap        ] GC(1061) Old regions: 538->475
[4055.346s][info][gc,heap        ] GC(1061) Humongous regions: 80->80
[4055.346s][info][gc,metaspace   ] GC(1061) Metaspace: 28962K(29376K)->28962K(29376K) NonClass: 24093K(24256K)->24093K(24256K) Class: 4869K(5120K)->4869K(5120K)
[4055.346s][info][gc             ] GC(1061) Pause Young (Mixed) (G1 Evacuation Pause) 3669M->1323M(4096M) 130.959ms
[4055.346s][info][gc,cpu         ] GC(1061) User=0.77s Sys=0.01s Real=0.13s
...[4057.862s][info][gc,start       ] GC(1062) Pause Young (Concurrent Start) (G1 Evacuation Pause)
[4057.862s][info][gc,task        ] GC(1062) Using 6 workers of 6 for evacuation
[4057.985s][info][gc,phases      ] GC(1062)   Pre Evacuate Collection Set: 0.34ms
[4057.985s][info][gc,phases      ] GC(1062)   Merge Heap Roots: 0.49ms
[4057.985s][info][gc,phases      ] GC(1062)   Evacuate Collection Set: 121.40ms
[4057.985s][info][gc,phases      ] GC(1062)   Post Evacuate Collection Set: 0.87ms
[4057.985s][info][gc,phases      ] GC(1062)   Other: 0.10ms
[4057.986s][info][gc,heap        ] GC(1062) Eden regions: 1120->0(1115)
[4057.986s][info][gc,heap        ] GC(1062) Survivor regions: 108->113(154)
[4057.986s][info][gc,heap        ] GC(1062) Old regions: 475->507
[4057.986s][info][gc,heap        ] GC(1062) Humongous regions: 80->80
[4057.986s][info][gc,metaspace   ] GC(1062) Metaspace: 28962K(29376K)->28962K(29376K) NonClass: 24093K(24256K)->24093K(24256K) Class: 4869K(5120K)->4869K(5120K)
[4057.986s][info][gc             ] GC(1062) Pause Young (Concurrent Start) (G1 Evacuation Pause) 3563M->1397M(4096M) 123.344ms
[4057.986s][info][gc             ] GC(1063) Concurrent Mark Cycle
[4057.986s][info][gc,marking     ] GC(1063) Concurrent Scan Root Regions
[4057.986s][info][gc,cpu         ] GC(1062) User=0.73s Sys=0.01s Real=0.13s
[4058.109s][info][gc,marking     ] GC(1063) Concurrent Scan Root Regions 123.815ms
[4058.109s][info][gc,marking     ] GC(1063) Concurrent Mark
[4058.109s][info][gc,marking     ] GC(1063) Concurrent Mark From Roots
[4058.109s][info][gc,task        ] GC(1063) Using 2 workers of 2 for marking
.[4058.682s][info][gc,marking     ] GC(1063) Concurrent Mark From Roots 573.005ms
[4058.683s][info][gc,marking     ] GC(1063) Concurrent Preclean
[4058.683s][info][gc,marking     ] GC(1063) Concurrent Preclean 0.112ms
[4058.685s][info][gc,start       ] GC(1063) Pause Remark
[4058.689s][info][gc             ] GC(1063) Pause Remark 1957M->1957M(4096M) 4.748ms
[4058.690s][info][gc,cpu         ] GC(1063) User=0.02s Sys=0.00s Real=0.00s
[4058.690s][info][gc,marking     ] GC(1063) Concurrent Mark 580.230ms
[4058.690s][info][gc,marking     ] GC(1063) Concurrent Rebuild Remembered Sets and Scrub Regions
[4058.981s][info][gc,marking     ] GC(1063) Concurrent Rebuild Remembered Sets and Scrub Regions 290.776ms
[4058.981s][info][gc,start       ] GC(1063) Pause Cleanup
[4058.981s][info][gc             ] GC(1063) Pause Cleanup 2181M->2181M(4096M) 0.131ms
[4058.981s][info][gc,cpu         ] GC(1063) User=0.00s Sys=0.00s Real=0.00s
[4058.981s][info][gc,marking     ] GC(1063) Concurrent Clear Claimed Marks
[4058.981s][info][gc,marking     ] GC(1063) Concurrent Clear Claimed Marks 0.033ms
[4058.981s][info][gc,marking     ] GC(1063) Concurrent Cleanup for Next Mark
[4058.986s][info][gc,marking     ] GC(1063) Concurrent Cleanup for Next Mark 4.884ms
[4058.986s][info][gc             ] GC(1063) Concurrent Mark Cycle 1000.708ms
. (rIR:aIR:PR = 7195:7160:7160) (tPR = 106563) [OK] 
  4059s: Performance info:
         Transaction,    Success,    Partial,     Failed,   Receipts, AvgBarcode, 
             Overall,     435640,          0,          0,     413771,      59.48, 
         Response times:
             Request,    Success,    Partial,     Failed,   SkipFail,     Probes,    Samples,      min,      p50,      p90,      p95,      p99,      max, 
       TotalPurchase,     413771,          0,          0,          0,     364992,     443168,      200,     6300,    62000,    96000,   164000,   392000,
     InStorePurchase,     217507,          0,          0,          0,     191559,     232396,      300,     6000,    60000,    93000,   161000,   392000,
      OnlinePurchase,     152615,          0,          0,          0,     134526,     163152,      200,     6500,    64000,    98000,   167000,   392000,
        InstPurchase,      43649,          0,          0,          0,      38907,      47620,      400,     6600,    65000,    99000,   169000,   376000,
          AssocOfCat,        439,          0,          0,          0,        341,        484,    23000,    38000,    93000,   125750,   197800,   339000,
      AssocOfProduct,       4381,          0,          0,          0,       4117,       5201,      500,     5500,    59000,    94000,   159980,   298000,
      BusinessReport,       1091,          0,          0,          0,        952,       1291,    28000,    50000,   126000,   170000,   232080,   335000,
          CustBuyBeh,       4368,          0,          0,          0,       4129,       5307,      200,     4800,    55000,    88000,   163000,   298000,
       ProductReturn,      11590,          0,          0,          0,       9785,      12096,      200,     6500,    65300,    99000,   169030,   301000,

  4059s: (53%)   IR =   7334 .[4060.525s][info][gc,start       ] GC(1064) Pause Young (Prepare Mixed) (G1 Evacuation Pause)
[4060.525s][info][gc,task        ] GC(1064) Using 6 workers of 6 for evacuation
[4060.642s][info][gc,phases      ] GC(1064)   Pre Evacuate Collection Set: 0.33ms
[4060.642s][info][gc,phases      ] GC(1064)   Merge Heap Roots: 0.51ms
[4060.642s][info][gc,phases      ] GC(1064)   Evacuate Collection Set: 115.47ms
[4060.642s][info][gc,phases      ] GC(1064)   Post Evacuate Collection Set: 0.92ms
[4060.642s][info][gc,phases      ] GC(1064)   Other: 0.08ms
[4060.642s][info][gc,heap        ] GC(1064) Eden regions: 1115->0(1105)
[4060.642s][info][gc,heap        ] GC(1064) Survivor regions: 113->111(154)
[4060.642s][info][gc,heap        ] GC(1064) Old regions: 507->538
[4060.642s][info][gc,heap        ] GC(1064) Humongous regions: 80->80
[4060.642s][info][gc,metaspace   ] GC(1064) Metaspace: 28963K(29376K)->28963K(29376K) NonClass: 24094K(24256K)->24094K(24256K) Class: 4869K(5120K)->4869K(5120K)
[4060.642s][info][gc             ] GC(1064) Pause Young (Prepare Mixed) (G1 Evacuation Pause) 3627M->1456M(4096M) 117.443ms
[4060.642s][info][gc,cpu         ] GC(1064) User=0.69s Sys=0.00s Real=0.11s
..[4063.007s][info][gc,start       ] GC(1065) Pause Young (Mixed) (G1 Evacuation Pause)
[4063.007s][info][gc,task        ] GC(1065) Using 6 workers of 6 for evacuation
[4063.141s][info][gc,phases      ] GC(1065)   Pre Evacuate Collection Set: 0.35ms
[4063.141s][info][gc,phases      ] GC(1065)   Merge Heap Roots: 0.77ms
[4063.141s][info][gc,phases      ] GC(1065)   Evacuate Collection Set: 131.66ms
[4063.141s][info][gc,phases      ] GC(1065)   Post Evacuate Collection Set: 1.05ms
[4063.141s][info][gc,phases      ] GC(1065)   Other: 0.10ms
[4063.141s][info][gc,heap        ] GC(1065) Eden regions: 1105->0(1117)
[4063.141s][info][gc,heap        ] GC(1065) Survivor regions: 111->111(152)
[4063.141s][info][gc,heap        ] GC(1065) Old regions: 538->473
[4063.141s][info][gc,heap        ] GC(1065) Humongous regions: 80->80
[4063.141s][info][gc,metaspace   ] GC(1065) Metaspace: 28963K(29376K)->28963K(29376K) NonClass: 24094K(24256K)->24094K(24256K) Class: 4869K(5120K)->4869K(5120K)
[4063.141s][info][gc             ] GC(1065) Pause Young (Mixed) (G1 Evacuation Pause) 3666M->1326M(4096M) 134.082ms
[4063.142s][info][gc,cpu         ] GC(1065) User=0.80s Sys=0.00s Real=0.13s
...[4065.600s][info][gc,start       ] GC(1066) Pause Young (Concurrent Start) (G1 Evacuation Pause)
[4065.600s][info][gc,task        ] GC(1066) Using 6 workers of 6 for evacuation
[4065.722s][info][gc,phases      ] GC(1066)   Pre Evacuate Collection Set: 0.36ms
[4065.722s][info][gc,phases      ] GC(1066)   Merge Heap Roots: 0.49ms
[4065.722s][info][gc,phases      ] GC(1066)   Evacuate Collection Set: 119.73ms
[4065.722s][info][gc,phases      ] GC(1066)   Post Evacuate Collection Set: 0.87ms
[4065.722s][info][gc,phases      ] GC(1066)   Other: 0.11ms
[4065.722s][info][gc,heap        ] GC(1066) Eden regions: 1117->0(1116)
[4065.722s][info][gc,heap        ] GC(1066) Survivor regions: 111->112(154)
[4065.722s][info][gc,heap        ] GC(1066) Old regions: 473->506
[4065.722s][info][gc,heap        ] GC(1066) Humongous regions: 80->80
[4065.722s][info][gc,metaspace   ] GC(1066) Metaspace: 28963K(29376K)->28963K(29376K) NonClass: 24094K(24256K)->24094K(24256K) Class: 4869K(5120K)->4869K(5120K)
[4065.722s][info][gc             ] GC(1066) Pause Young (Concurrent Start) (G1 Evacuation Pause) 3560M->1393M(4096M) 121.703ms
[4065.722s][info][gc             ] GC(1067) Concurrent Mark Cycle
[4065.722s][info][gc,marking     ] GC(1067) Concurrent Scan Root Regions
[4065.722s][info][gc,cpu         ] GC(1066) User=0.72s Sys=0.00s Real=0.12s
[4065.866s][info][gc,marking     ] GC(1067) Concurrent Scan Root Regions 143.879ms
[4065.866s][info][gc,marking     ] GC(1067) Concurrent Mark
[4065.866s][info][gc,marking     ] GC(1067) Concurrent Mark From Roots
[4065.866s][info][gc,task        ] GC(1067) Using 2 workers of 2 for marking
.[4066.630s][info][gc,marking     ] GC(1067) Concurrent Mark From Roots 763.877ms
[4066.630s][info][gc,marking     ] GC(1067) Concurrent Preclean
[4066.630s][info][gc,marking     ] GC(1067) Concurrent Preclean 0.174ms
[4066.630s][info][gc,start       ] GC(1067) Pause Remark
[4066.634s][info][gc             ] GC(1067) Pause Remark 2198M->2198M(4096M) 4.355ms
[4066.635s][info][gc,cpu         ] GC(1067) User=0.03s Sys=0.00s Real=0.01s
[4066.636s][info][gc,marking     ] GC(1067) Concurrent Mark 770.401ms
[4066.636s][info][gc,marking     ] GC(1067) Concurrent Rebuild Remembered Sets and Scrub Regions
[4066.978s][info][gc,marking     ] GC(1067) Concurrent Rebuild Remembered Sets and Scrub Regions 342.208ms
[4066.979s][info][gc,start       ] GC(1067) Pause Cleanup
[4066.979s][info][gc             ] GC(1067) Pause Cleanup 2523M->2523M(4096M) 0.126ms
[4066.979s][info][gc,cpu         ] GC(1067) User=0.00s Sys=0.00s Real=0.00s
[4066.979s][info][gc,marking     ] GC(1067) Concurrent Clear Claimed Marks
[4066.979s][info][gc,marking     ] GC(1067) Concurrent Clear Claimed Marks 0.020ms
[4066.979s][info][gc,marking     ] GC(1067) Concurrent Cleanup for Next Mark
[4066.984s][info][gc,marking     ] GC(1067) Concurrent Cleanup for Next Mark 5.269ms
[4066.984s][info][gc             ] GC(1067) Concurrent Mark Cycle 1262.492ms
.[4068.178s][info][gc,start       ] GC(1068) Pause Young (Prepare Mixed) (G1 Evacuation Pause)
[4068.178s][info][gc,task        ] GC(1068) Using 6 workers of 6 for evacuation
[4068.295s][info][gc,phases      ] GC(1068)   Pre Evacuate Collection Set: 0.35ms
[4068.295s][info][gc,phases      ] GC(1068)   Merge Heap Roots: 0.53ms
[4068.295s][info][gc,phases      ] GC(1068)   Evacuate Collection Set: 115.59ms
[4068.295s][info][gc,phases      ] GC(1068)   Post Evacuate Collection Set: 0.91ms
[4068.295s][info][gc,phases      ] GC(1068)   Other: 0.09ms
[4068.295s][info][gc,heap        ] GC(1068) Eden regions: 1116->0(1109)
[4068.295s][info][gc,heap        ] GC(1068) Survivor regions: 112->109(154)
[4068.295s][info][gc,heap        ] GC(1068) Old regions: 506->538
[4068.295s][info][gc,heap        ] GC(1068) Humongous regions: 80->80
[4068.295s][info][gc,metaspace   ] GC(1068) Metaspace: 28963K(29376K)->28963K(29376K) NonClass: 24094K(24256K)->24094K(24256K) Class: 4869K(5120K)->4869K(5120K)
[4068.295s][info][gc             ] GC(1068) Pause Young (Prepare Mixed) (G1 Evacuation Pause) 3625M->1453M(4096M) 117.609ms
[4068.295s][info][gc,cpu         ] GC(1068) User=0.70s Sys=0.00s Real=0.12s
..|.[4070.699s][info][gc,start       ] GC(1069) Pause Young (Mixed) (G1 Evacuation Pause)
[4070.699s][info][gc,task        ] GC(1069) Using 6 workers of 6 for evacuation
[4070.832s][info][gc,phases      ] GC(1069)   Pre Evacuate Collection Set: 0.36ms
[4070.832s][info][gc,phases      ] GC(1069)   Merge Heap Roots: 0.74ms
[4070.832s][info][gc,phases      ] GC(1069)   Evacuate Collection Set: 131.28ms
[4070.832s][info][gc,phases      ] GC(1069)   Post Evacuate Collection Set: 0.95ms
[4070.832s][info][gc,phases      ] GC(1069)   Other: 0.09ms
[4070.832s][info][gc,heap        ] GC(1069) Eden regions: 1109->0(1118)
[4070.832s][info][gc,heap        ] GC(1069) Survivor regions: 109->110(153)
[4070.832s][info][gc,heap        ] GC(1069) Old regions: 538->475
[4070.832s][info][gc,heap        ] GC(1069) Humongous regions: 80->80
[4070.832s][info][gc,metaspace   ] GC(1069) Metaspace: 28963K(29376K)->28963K(29376K) NonClass: 24094K(24256K)->24094K(24256K) Class: 4869K(5120K)->4869K(5120K)
[4070.832s][info][gc             ] GC(1069) Pause Young (Mixed) (G1 Evacuation Pause) 3671M->1329M(4096M) 133.579ms
[4070.832s][info][gc,cpu         ] GC(1069) User=0.79s Sys=0.00s Real=0.13s
..[4073.276s][info][gc,start       ] GC(1070) Pause Young (Concurrent Start) (G1 Evacuation Pause)
[4073.276s][info][gc,task        ] GC(1070) Using 6 workers of 6 for evacuation
[4073.391s][info][gc,phases      ] GC(1070)   Pre Evacuate Collection Set: 0.37ms
[4073.391s][info][gc,phases      ] GC(1070)   Merge Heap Roots: 0.48ms
[4073.391s][info][gc,phases      ] GC(1070)   Evacuate Collection Set: 114.01ms
[4073.391s][info][gc,phases      ] GC(1070)   Post Evacuate Collection Set: 0.85ms
[4073.391s][info][gc,phases      ] GC(1070)   Other: 0.12ms
[4073.391s][info][gc,heap        ] GC(1070) Eden regions: 1118->0(1119)
[4073.391s][info][gc,heap        ] GC(1070) Survivor regions: 110->109(154)
[4073.391s][info][gc,heap        ] GC(1070) Old regions: 475->507
[4073.391s][info][gc,heap        ] GC(1070) Humongous regions: 80->80
[4073.391s][info][gc,metaspace   ] GC(1070) Metaspace: 28963K(29376K)->28963K(29376K) NonClass: 24094K(24256K)->24094K(24256K) Class: 4869K(5120K)->4869K(5120K)
[4073.391s][info][gc             ] GC(1070) Pause Young (Concurrent Start) (G1 Evacuation Pause) 3565M->1390M(4096M) 115.952ms
[4073.391s][info][gc             ] GC(1071) Concurrent Mark Cycle
[4073.391s][info][gc,marking     ] GC(1071) Concurrent Scan Root Regions
[4073.392s][info][gc,cpu         ] GC(1070) User=0.69s Sys=0.00s Real=0.11s
[4073.569s][info][gc,marking     ] GC(1071) Concurrent Scan Root Regions 177.247ms
[4073.569s][info][gc,marking     ] GC(1071) Concurrent Mark
[4073.569s][info][gc,marking     ] GC(1071) Concurrent Mark From Roots
[4073.569s][info][gc,task        ] GC(1071) Using 2 workers of 2 for marking
.[4074.528s][info][gc,marking     ] GC(1071) Concurrent Mark From Roots 958.883ms
[4074.528s][info][gc,marking     ] GC(1071) Concurrent Preclean
[4074.528s][info][gc,marking     ] GC(1071) Concurrent Preclean 0.095ms
[4074.529s][info][gc,start       ] GC(1071) Pause Remark
[4074.536s][info][gc             ] GC(1071) Pause Remark 2404M->2404M(4096M) 6.660ms
[4074.536s][info][gc,cpu         ] GC(1071) User=0.03s Sys=0.00s Real=0.01s
[4074.537s][info][gc,marking     ] GC(1071) Concurrent Mark 967.903ms
[4074.537s][info][gc,marking     ] GC(1071) Concurrent Rebuild Remembered Sets and Scrub Regions
.[4074.862s][info][gc,marking     ] GC(1071) Concurrent Rebuild Remembered Sets and Scrub Regions 325.359ms
[4074.862s][info][gc,start       ] GC(1071) Pause Cleanup
[4074.862s][info][gc             ] GC(1071) Pause Cleanup 2705M->2705M(4096M) 0.112ms
[4074.862s][info][gc,cpu         ] GC(1071) User=0.00s Sys=0.00s Real=0.00s
[4074.862s][info][gc,marking     ] GC(1071) Concurrent Clear Claimed Marks
[4074.862s][info][gc,marking     ] GC(1071) Concurrent Clear Claimed Marks 0.025ms
[4074.862s][info][gc,marking     ] GC(1071) Concurrent Cleanup for Next Mark
[4074.867s][info][gc,marking     ] GC(1071) Concurrent Cleanup for Next Mark 4.511ms
[4074.867s][info][gc             ] GC(1071) Concurrent Mark Cycle 1475.549ms
.[4075.869s][info][gc,start       ] GC(1072) Pause Young (Prepare Mixed) (G1 Evacuation Pause)
[4075.869s][info][gc,task        ] GC(1072) Using 6 workers of 6 for evacuation
[4075.992s][info][gc,phases      ] GC(1072)   Pre Evacuate Collection Set: 0.28ms
[4075.992s][info][gc,phases      ] GC(1072)   Merge Heap Roots: 0.50ms
[4075.992s][info][gc,phases      ] GC(1072)   Evacuate Collection Set: 121.06ms
[4075.992s][info][gc,phases      ] GC(1072)   Post Evacuate Collection Set: 0.93ms
[4075.992s][info][gc,phases      ] GC(1072)   Other: 0.08ms
[4075.992s][info][gc,heap        ] GC(1072) Eden regions: 1119->0(1098)
[4075.992s][info][gc,heap        ] GC(1072) Survivor regions: 109->114(154)
[4075.992s][info][gc,heap        ] GC(1072) Old regions: 507->539
[4075.992s][info][gc,heap        ] GC(1072) Humongous regions: 80->80
[4075.992s][info][gc,metaspace   ] GC(1072) Metaspace: 28963K(29376K)->28963K(29376K) NonClass: 24094K(24256K)->24094K(24256K) Class: 4869K(5120K)->4869K(5120K)
[4075.992s][info][gc             ] GC(1072) Pause Young (Prepare Mixed) (G1 Evacuation Pause) 3628M->1464M(4096M) 122.984ms
[4075.992s][info][gc,cpu         ] GC(1072) User=0.73s Sys=0.00s Real=0.12s
..[4078.378s][info][gc,start       ] GC(1073) Pause Young (Mixed) (G1 Evacuation Pause)
[4078.378s][info][gc,task        ] GC(1073) Using 6 workers of 6 for evacuation
[4078.520s][info][gc,phases      ] GC(1073)   Pre Evacuate Collection Set: 0.40ms
[4078.520s][info][gc,phases      ] GC(1073)   Merge Heap Roots: 0.71ms
[4078.520s][info][gc,phases      ] GC(1073)   Evacuate Collection Set: 139.33ms
[4078.520s][info][gc,phases      ] GC(1073)   Post Evacuate Collection Set: 0.93ms
[4078.520s][info][gc,phases      ] GC(1073)   Other: 0.09ms
[4078.520s][info][gc,heap        ] GC(1073) Eden regions: 1098->0(1114)
[4078.520s][info][gc,heap        ] GC(1073) Survivor regions: 114->114(152)
[4078.520s][info][gc,heap        ] GC(1073) Old regions: 539->475
[4078.520s][info][gc,heap        ] GC(1073) Humongous regions: 80->80
[4078.520s][info][gc,metaspace   ] GC(1073) Metaspace: 28963K(29376K)->28963K(29376K) NonClass: 24094K(24256K)->24094K(24256K) Class: 4869K(5120K)->4869K(5120K)
[4078.520s][info][gc             ] GC(1073) Pause Young (Mixed) (G1 Evacuation Pause) 3660M->1336M(4096M) 141.582ms
[4078.520s][info][gc,cpu         ] GC(1073) User=0.85s Sys=0.00s Real=0.14s
...[4081.009s][info][gc,start       ] GC(1074) Pause Young (Concurrent Start) (G1 Evacuation Pause)
[4081.009s][info][gc,task        ] GC(1074) Using 6 workers of 6 for evacuation
[4081.127s][info][gc,phases      ] GC(1074)   Pre Evacuate Collection Set: 0.33ms
[4081.127s][info][gc,phases      ] GC(1074)   Merge Heap Roots: 0.46ms
[4081.127s][info][gc,phases      ] GC(1074)   Evacuate Collection Set: 115.93ms
[4081.127s][info][gc,phases      ] GC(1074)   Post Evacuate Collection Set: 0.87ms
[4081.127s][info][gc,phases      ] GC(1074)   Other: 0.11ms
[4081.127s][info][gc,heap        ] GC(1074) Eden regions: 1114->0(1118)
[4081.127s][info][gc,heap        ] GC(1074) Survivor regions: 114->110(154)
[4081.127s][info][gc,heap        ] GC(1074) Old regions: 475->508
[4081.127s][info][gc,heap        ] GC(1074) Humongous regions: 80->80
[4081.127s][info][gc,metaspace   ] GC(1074) Metaspace: 28963K(29376K)->28963K(29376K) NonClass: 24094K(24256K)->24094K(24256K) Class: 4869K(5120K)->4869K(5120K)
[4081.127s][info][gc             ] GC(1074) Pause Young (Concurrent Start) (G1 Evacuation Pause) 3564M->1393M(4096M) 117.818ms
[4081.127s][info][gc             ] GC(1075) Concurrent Mark Cycle
[4081.127s][info][gc,marking     ] GC(1075) Concurrent Scan Root Regions
[4081.127s][info][gc,cpu         ] GC(1074) User=0.70s Sys=0.00s Real=0.12s
[4081.321s][info][gc,marking     ] GC(1075) Concurrent Scan Root Regions 194.347ms
[4081.321s][info][gc,marking     ] GC(1075) Concurrent Mark
[4081.321s][info][gc,marking     ] GC(1075) Concurrent Mark From Roots
[4081.321s][info][gc,task        ] GC(1075) Using 2 workers of 2 for marking
.[4082.291s][info][gc,marking     ] GC(1075) Concurrent Mark From Roots 969.477ms
[4082.291s][info][gc,marking     ] GC(1075) Concurrent Preclean
[4082.291s][info][gc,marking     ] GC(1075) Concurrent Preclean 0.107ms
[4082.291s][info][gc,start       ] GC(1075) Pause Remark
[4082.296s][info][gc             ] GC(1075) Pause Remark 2477M->2477M(4096M) 4.926ms
[4082.296s][info][gc,cpu         ] GC(1075) User=0.02s Sys=0.00s Real=0.01s
[4082.296s][info][gc,marking     ] GC(1075) Concurrent Mark 974.793ms
[4082.296s][info][gc,marking     ] GC(1075) Concurrent Rebuild Remembered Sets and Scrub Regions
[4082.601s][info][gc,marking     ] GC(1075) Concurrent Rebuild Remembered Sets and Scrub Regions 304.737ms
[4082.601s][info][gc,start       ] GC(1075) Pause Cleanup
[4082.601s][info][gc             ] GC(1075) Pause Cleanup 2731M->2731M(4096M) 0.104ms
[4082.601s][info][gc,cpu         ] GC(1075) User=0.00s Sys=0.00s Real=0.00s
[4082.604s][info][gc,marking     ] GC(1075) Concurrent Clear Claimed Marks
[4082.604s][info][gc,marking     ] GC(1075) Concurrent Clear Claimed Marks 0.047ms
[4082.604s][info][gc,marking     ] GC(1075) Concurrent Cleanup for Next Mark
[4082.624s][info][gc,marking     ] GC(1075) Concurrent Cleanup for Next Mark 20.284ms
[4082.625s][info][gc             ] GC(1075) Concurrent Mark Cycle 1497.555ms
.[4083.555s][info][gc,start       ] GC(1076) Pause Young (Prepare Mixed) (G1 Evacuation Pause)
[4083.555s][info][gc,task        ] GC(1076) Using 6 workers of 6 for evacuation
[4083.673s][info][gc,phases      ] GC(1076)   Pre Evacuate Collection Set: 0.32ms
[4083.673s][info][gc,phases      ] GC(1076)   Merge Heap Roots: 0.52ms
[4083.673s][info][gc,phases      ] GC(1076)   Evacuate Collection Set: 116.02ms
[4083.673s][info][gc,phases      ] GC(1076)   Post Evacuate Collection Set: 0.90ms
[4083.673s][info][gc,phases      ] GC(1076)   Other: 0.08ms
[4083.673s][info][gc,heap        ] GC(1076) Eden regions: 1118->0(1105)
[4083.673s][info][gc,heap        ] GC(1076) Survivor regions: 110->110(154)
[4083.673s][info][gc,heap        ] GC(1076) Old regions: 508->540
[4083.673s][info][gc,heap        ] GC(1076) Humongous regions: 80->80
[4083.673s][info][gc,metaspace   ] GC(1076) Metaspace: 28963K(29376K)->28963K(29376K) NonClass: 24094K(24256K)->24094K(24256K) Class: 4869K(5120K)->4869K(5120K)
[4083.673s][info][gc             ] GC(1076) Pause Young (Prepare Mixed) (G1 Evacuation Pause) 3629M->1457M(4096M) 117.961ms
[4083.673s][info][gc,cpu         ] GC(1076) User=0.70s Sys=0.00s Real=0.12s
...[4086.038s][info][gc,start       ] GC(1077) Pause Young (Mixed) (G1 Evacuation Pause)
[4086.038s][info][gc,task        ] GC(1077) Using 6 workers of 6 for evacuation
[4086.171s][info][gc,phases      ] GC(1077)   Pre Evacuate Collection Set: 0.34ms
[4086.171s][info][gc,phases      ] GC(1077)   Merge Heap Roots: 0.69ms
[4086.171s][info][gc,phases      ] GC(1077)   Evacuate Collection Set: 130.83ms
[4086.171s][info][gc,phases      ] GC(1077)   Post Evacuate Collection Set: 0.96ms
[4086.171s][info][gc,phases      ] GC(1077)   Other: 0.09ms
[4086.171s][info][gc,heap        ] GC(1077) Eden regions: 1105->0(1120)
[4086.171s][info][gc,heap        ] GC(1077) Survivor regions: 110->108(152)
[4086.171s][info][gc,heap        ] GC(1077) Old regions: 540->475
[4086.171s][info][gc,heap        ] GC(1077) Humongous regions: 80->80
[4086.171s][info][gc,metaspace   ] GC(1077) Metaspace: 28963K(29376K)->28963K(29376K) NonClass: 24094K(24256K)->24094K(24256K) Class: 4869K(5120K)->4869K(5120K)
[4086.171s][info][gc             ] GC(1077) Pause Young (Mixed) (G1 Evacuation Pause) 3667M->1324M(4096M) 133.038ms
[4086.171s][info][gc,cpu         ] GC(1077) User=0.79s Sys=0.00s Real=0.13s
..[4088.673s][info][gc,start       ] GC(1078) Pause Young (Concurrent Start) (G1 Evacuation Pause)
[4088.673s][info][gc,task        ] GC(1078) Using 6 workers of 6 for evacuation
[4088.793s][info][gc,phases      ] GC(1078)   Pre Evacuate Collection Set: 0.38ms
[4088.793s][info][gc,phases      ] GC(1078)   Merge Heap Roots: 0.47ms
[4088.793s][info][gc,phases      ] GC(1078)   Evacuate Collection Set: 117.77ms
[4088.793s][info][gc,phases      ] GC(1078)   Post Evacuate Collection Set: 0.88ms
[4088.793s][info][gc,phases      ] GC(1078)   Other: 0.11ms
[4088.793s][info][gc,heap        ] GC(1078) Eden regions: 1120->0(1118)
[4088.793s][info][gc,heap        ] GC(1078) Survivor regions: 108->110(154)
[4088.793s][info][gc,heap        ] GC(1078) Old regions: 475->507
[4088.793s][info][gc,heap        ] GC(1078) Humongous regions: 80->80
[4088.793s][info][gc,metaspace   ] GC(1078) Metaspace: 28963K(29376K)->28963K(29376K) NonClass: 24094K(24256K)->24094K(24256K) Class: 4869K(5120K)->4869K(5120K)
[4088.793s][info][gc             ] GC(1078) Pause Young (Concurrent Start) (G1 Evacuation Pause) 3564M->1392M(4096M) 119.760ms
[4088.793s][info][gc             ] GC(1079) Concurrent Mark Cycle
[4088.793s][info][gc,marking     ] GC(1079) Concurrent Scan Root Regions
[4088.793s][info][gc,cpu         ] GC(1078) User=0.72s Sys=0.00s Real=0.12s
.[4088.982s][info][gc,marking     ] GC(1079) Concurrent Scan Root Regions 189.372ms
[4088.982s][info][gc,marking     ] GC(1079) Concurrent Mark
[4088.982s][info][gc,marking     ] GC(1079) Concurrent Mark From Roots
[4088.982s][info][gc,task        ] GC(1079) Using 2 workers of 2 for marking
.[4089.818s][info][gc,marking     ] GC(1079) Concurrent Mark From Roots 836.004ms
[4089.818s][info][gc,marking     ] GC(1079) Concurrent Preclean
[4089.818s][info][gc,marking     ] GC(1079) Concurrent Preclean 0.109ms
[4089.819s][info][gc,start       ] GC(1079) Pause Remark
[4089.825s][info][gc             ] GC(1079) Pause Remark 2320M->2320M(4096M) 5.861ms
[4089.825s][info][gc,cpu         ] GC(1079) User=0.03s Sys=0.00s Real=0.01s
[4089.825s][info][gc,marking     ] GC(1079) Concurrent Mark 842.535ms
[4089.825s][info][gc,marking     ] GC(1079) Concurrent Rebuild Remembered Sets and Scrub Regions
[4090.131s][info][gc,marking     ] GC(1079) Concurrent Rebuild Remembered Sets and Scrub Regions 305.778ms
[4090.131s][info][gc,start       ] GC(1079) Pause Cleanup
[4090.131s][info][gc             ] GC(1079) Pause Cleanup 2565M->2565M(4096M) 0.111ms
[4090.131s][info][gc,cpu         ] GC(1079) User=0.00s Sys=0.00s Real=0.00s
[4090.131s][info][gc,marking     ] GC(1079) Concurrent Clear Claimed Marks
[4090.131s][info][gc,marking     ] GC(1079) Concurrent Clear Claimed Marks 0.034ms
[4090.131s][info][gc,marking     ] GC(1079) Concurrent Cleanup for Next Mark
[4090.136s][info][gc,marking     ] GC(1079) Concurrent Cleanup for Next Mark 4.259ms
[4090.136s][info][gc             ] GC(1079) Concurrent Mark Cycle 1342.936ms
.[4091.290s][info][gc,start       ] GC(1080) Pause Young (Prepare Mixed) (G1 Evacuation Pause)
[4091.290s][info][gc,task        ] GC(1080) Using 6 workers of 6 for evacuation
[4091.408s][info][gc,phases      ] GC(1080)   Pre Evacuate Collection Set: 0.34ms
[4091.408s][info][gc,phases      ] GC(1080)   Merge Heap Roots: 0.55ms
[4091.409s][info][gc,phases      ] GC(1080)   Evacuate Collection Set: 116.29ms
[4091.409s][info][gc,phases      ] GC(1080)   Post Evacuate Collection Set: 0.94ms
[4091.409s][info][gc,phases      ] GC(1080)   Other: 0.09ms
[4091.409s][info][gc,heap        ] GC(1080) Eden regions: 1118->0(1107)
[4091.409s][info][gc,heap        ] GC(1080) Survivor regions: 110->110(154)
[4091.409s][info][gc,heap        ] GC(1080) Old regions: 507->538
[4091.409s][info][gc,heap        ] GC(1080) Humongous regions: 80->80
[4091.409s][info][gc,metaspace   ] GC(1080) Metaspace: 28963K(29376K)->28963K(29376K) NonClass: 24094K(24256K)->24094K(24256K) Class: 4869K(5120K)->4869K(5120K)
[4091.409s][info][gc             ] GC(1080) Pause Young (Prepare Mixed) (G1 Evacuation Pause) 3628M->1455M(4096M) 118.335ms
[4091.409s][info][gc,cpu         ] GC(1080) User=0.71s Sys=0.00s Real=0.12s
...[4093.859s][info][gc,start       ] GC(1081) Pause Young (Mixed) (G1 Evacuation Pause)
[4093.859s][info][gc,task        ] GC(1081) Using 6 workers of 6 for evacuation
[4094.002s][info][gc,phases      ] GC(1081)   Pre Evacuate Collection Set: 0.35ms
[4094.002s][info][gc,phases      ] GC(1081)   Merge Heap Roots: 0.76ms
[4094.002s][info][gc,phases      ] GC(1081)   Evacuate Collection Set: 140.10ms
[4094.002s][info][gc,phases      ] GC(1081)   Post Evacuate Collection Set: 0.93ms
[4094.002s][info][gc,phases      ] GC(1081)   Other: 0.08ms
[4094.002s][info][gc,heap        ] GC(1081) Eden regions: 1107->0(1111)
[4094.002s][info][gc,heap        ] GC(1081) Survivor regions: 110->117(153)
[4094.002s][info][gc,heap        ] GC(1081) Old regions: 538->473
[4094.002s][info][gc,heap        ] GC(1081) Humongous regions: 80->80
[4094.002s][info][gc,metaspace   ] GC(1081) Metaspace: 28963K(29376K)->28963K(29376K) NonClass: 24094K(24256K)->24094K(24256K) Class: 4869K(5120K)->4869K(5120K)
[4094.002s][info][gc             ] GC(1081) Pause Young (Mixed) (G1 Evacuation Pause) 3669M->1338M(4096M) 142.359ms
[4094.002s][info][gc,cpu         ] GC(1081) User=0.85s Sys=0.00s Real=0.14s
..[4096.432s][info][gc,start       ] GC(1082) Pause Young (Concurrent Start) (G1 Evacuation Pause)
[4096.432s][info][gc,task        ] GC(1082) Using 6 workers of 6 for evacuation
[4096.549s][info][gc,phases      ] GC(1082)   Pre Evacuate Collection Set: 0.39ms
[4096.549s][info][gc,phases      ] GC(1082)   Merge Heap Roots: 0.48ms
[4096.549s][info][gc,phases      ] GC(1082)   Evacuate Collection Set: 115.04ms
[4096.549s][info][gc,phases      ] GC(1082)   Post Evacuate Collection Set: 0.89ms
[4096.549s][info][gc,phases      ] GC(1082)   Other: 0.11ms
[4096.549s][info][gc,heap        ] GC(1082) Eden regions: 1111->0(1119)
[4096.549s][info][gc,heap        ] GC(1082) Survivor regions: 117->109(154)
[4096.549s][info][gc,heap        ] GC(1082) Old regions: 473->505
[4096.549s][info][gc,heap        ] GC(1082) Humongous regions: 80->80
[4096.549s][info][gc,metaspace   ] GC(1082) Metaspace: 28963K(29376K)->28963K(29376K) NonClass: 24094K(24256K)->24094K(24256K) Class: 4869K(5120K)->4869K(5120K)
[4096.549s][info][gc             ] GC(1082) Pause Young (Concurrent Start) (G1 Evacuation Pause) 3560M->1386M(4096M) 117.028ms
[4096.549s][info][gc             ] GC(1083) Concurrent Mark Cycle
[4096.549s][info][gc,marking     ] GC(1083) Concurrent Scan Root Regions
[4096.549s][info][gc,cpu         ] GC(1082) User=0.70s Sys=0.00s Real=0.12s
[4096.711s][info][gc,marking     ] GC(1083) Concurrent Scan Root Regions 161.409ms
[4096.711s][info][gc,marking     ] GC(1083) Concurrent Mark
[4096.711s][info][gc,marking     ] GC(1083) Concurrent Mark From Roots
[4096.711s][info][gc,task        ] GC(1083) Using 2 workers of 2 for marking
.[4097.452s][info][gc,marking     ] GC(1083) Concurrent Mark From Roots 740.993ms
[4097.452s][info][gc,marking     ] GC(1083) Concurrent Preclean
[4097.452s][info][gc,marking     ] GC(1083) Concurrent Preclean 0.103ms
[4097.455s][info][gc,start       ] GC(1083) Pause Remark
[4097.460s][info][gc             ] GC(1083) Pause Remark 2174M->2174M(4096M) 4.793ms
[4097.460s][info][gc,cpu         ] GC(1083) User=0.02s Sys=0.00s Real=0.00s
[4097.460s][info][gc,marking     ] GC(1083) Concurrent Mark 749.223ms
[4097.460s][info][gc,marking     ] GC(1083) Concurrent Rebuild Remembered Sets and Scrub Regions
[4097.730s][info][gc,marking     ] GC(1083) Concurrent Rebuild Remembered Sets and Scrub Regions 270.053ms
[4097.732s][info][gc,start       ] GC(1083) Pause Cleanup
[4097.732s][info][gc             ] GC(1083) Pause Cleanup 2466M->2466M(4096M) 0.127ms
[4097.732s][info][gc,cpu         ] GC(1083) User=0.00s Sys=0.00s Real=0.00s
[4097.733s][info][gc,marking     ] GC(1083) Concurrent Clear Claimed Marks
[4097.733s][info][gc,marking     ] GC(1083) Concurrent Clear Claimed Marks 0.040ms
[4097.733s][info][gc,marking     ] GC(1083) Concurrent Cleanup for Next Mark
[4097.739s][info][gc,marking     ] GC(1083) Concurrent Cleanup for Next Mark 6.316ms
[4097.739s][info][gc             ] GC(1083) Concurrent Mark Cycle 1190.142ms
..[4098.987s][info][gc,start       ] GC(1084) Pause Young (Prepare Mixed) (G1 Evacuation Pause)
[4098.987s][info][gc,task        ] GC(1084) Using 6 workers of 6 for evacuation
[4099.105s][info][gc,phases      ] GC(1084)   Pre Evacuate Collection Set: 0.32ms
[4099.105s][info][gc,phases      ] GC(1084)   Merge Heap Roots: 0.48ms
[4099.105s][info][gc,phases      ] GC(1084)   Evacuate Collection Set: 116.48ms
[4099.105s][info][gc,phases      ] GC(1084)   Post Evacuate Collection Set: 0.93ms
[4099.105s][info][gc,phases      ] GC(1084)   Other: 0.09ms
[4099.105s][info][gc,heap        ] GC(1084) Eden regions: 1119->0(1112)
[4099.105s][info][gc,heap        ] GC(1084) Survivor regions: 109->108(154)
[4099.105s][info][gc,heap        ] GC(1084) Old regions: 505->537
[4099.105s][info][gc,heap        ] GC(1084) Humongous regions: 80->80
[4099.105s][info][gc,metaspace   ] GC(1084) Metaspace: 28963K(29376K)->28963K(29376K) NonClass: 24094K(24256K)->24094K(24256K) Class: 4869K(5120K)->4869K(5120K)
[4099.105s][info][gc             ] GC(1084) Pause Young (Prepare Mixed) (G1 Evacuation Pause) 3624M->1447M(4096M) 118.420ms
[4099.105s][info][gc,cpu         ] GC(1084) User=0.70s Sys=0.00s Real=0.12s
..[4101.617s][info][gc,start       ] GC(1085) Pause Young (Mixed) (G1 Evacuation Pause)
[4101.617s][info][gc,task        ] GC(1085) Using 6 workers of 6 for evacuation
[4101.752s][info][gc,phases      ] GC(1085)   Pre Evacuate Collection Set: 0.38ms
[4101.752s][info][gc,phases      ] GC(1085)   Merge Heap Roots: 0.72ms
[4101.752s][info][gc,phases      ] GC(1085)   Evacuate Collection Set: 132.11ms
[4101.752s][info][gc,phases      ] GC(1085)   Post Evacuate Collection Set: 0.91ms
[4101.752s][info][gc,phases      ] GC(1085)   Other: 0.09ms
[4101.752s][info][gc,heap        ] GC(1085) Eden regions: 1112->0(1118)
[4101.752s][info][gc,heap        ] GC(1085) Survivor regions: 108->110(153)
[4101.752s][info][gc,heap        ] GC(1085) Old regions: 537->473
[4101.752s][info][gc,heap        ] GC(1085) Humongous regions: 80->80
[4101.752s][info][gc,metaspace   ] GC(1085) Metaspace: 28963K(29376K)->28963K(29376K) NonClass: 24094K(24256K)->24094K(24256K) Class: 4869K(5120K)->4869K(5120K)
[4101.752s][info][gc             ] GC(1085) Pause Young (Mixed) (G1 Evacuation Pause) 3671M->1324M(4096M) 134.340ms
[4101.752s][info][gc,cpu         ] GC(1085) User=0.80s Sys=0.00s Real=0.13s
...[4104.173s][info][gc,start       ] GC(1086) Pause Young (Concurrent Start) (G1 Evacuation Pause)
[4104.173s][info][gc,task        ] GC(1086) Using 6 workers of 6 for evacuation
[4104.289s][info][gc,phases      ] GC(1086)   Pre Evacuate Collection Set: 0.34ms
[4104.289s][info][gc,phases      ] GC(1086)   Merge Heap Roots: 0.47ms
[4104.289s][info][gc,phases      ] GC(1086)   Evacuate Collection Set: 114.11ms
[4104.289s][info][gc,phases      ] GC(1086)   Post Evacuate Collection Set: 0.89ms
[4104.289s][info][gc,phases      ] GC(1086)   Other: 0.11ms
[4104.289s][info][gc,heap        ] GC(1086) Eden regions: 1118->0(1120)
[4104.289s][info][gc,heap        ] GC(1086) Survivor regions: 110->108(154)
[4104.289s][info][gc,heap        ] GC(1086) Old regions: 473->505
[4104.289s][info][gc,heap        ] GC(1086) Humongous regions: 80->80
[4104.289s][info][gc,metaspace   ] GC(1086) Metaspace: 28963K(29376K)->28963K(29376K) NonClass: 24094K(24256K)->24094K(24256K) Class: 4869K(5120K)->4869K(5120K)
[4104.289s][info][gc             ] GC(1086) Pause Young (Concurrent Start) (G1 Evacuation Pause) 3560M->1384M(4096M) 116.060ms
[4104.289s][info][gc             ] GC(1087) Concurrent Mark Cycle
[4104.289s][info][gc,marking     ] GC(1087) Concurrent Scan Root Regions
[4104.290s][info][gc,cpu         ] GC(1086) User=0.69s Sys=0.01s Real=0.11s
[4104.409s][info][gc,marking     ] GC(1087) Concurrent Scan Root Regions 119.328ms
[4104.409s][info][gc,marking     ] GC(1087) Concurrent Mark
[4104.409s][info][gc,marking     ] GC(1087) Concurrent Mark From Roots
[4104.409s][info][gc,task        ] GC(1087) Using 2 workers of 2 for marking
[4105.016s][info][gc,marking     ] GC(1087) Concurrent Mark From Roots 606.739ms
[4105.016s][info][gc,marking     ] GC(1087) Concurrent Preclean
[4105.016s][info][gc,marking     ] GC(1087) Concurrent Preclean 0.081ms
[4105.016s][info][gc,start       ] GC(1087) Pause Remark
[4105.022s][info][gc             ] GC(1087) Pause Remark 1998M->1998M(4096M) 5.600ms
[4105.022s][info][gc,cpu         ] GC(1087) User=0.03s Sys=0.00s Real=0.00s
[4105.023s][info][gc,marking     ] GC(1087) Concurrent Mark 614.007ms
[4105.023s][info][gc,marking     ] GC(1087) Concurrent Rebuild Remembered Sets and Scrub Regions
.[4105.262s][info][gc,marking     ] GC(1087) Concurrent Rebuild Remembered Sets and Scrub Regions 239.345ms
[4105.263s][info][gc,start       ] GC(1087) Pause Cleanup
[4105.263s][info][gc             ] GC(1087) Pause Cleanup 2188M->2188M(4096M) 0.112ms
[4105.263s][info][gc,cpu         ] GC(1087) User=0.00s Sys=0.00s Real=0.00s
[4105.263s][info][gc,marking     ] GC(1087) Concurrent Clear Claimed Marks
[4105.263s][info][gc,marking     ] GC(1087) Concurrent Clear Claimed Marks 0.021ms
[4105.263s][info][gc,marking     ] GC(1087) Concurrent Cleanup for Next Mark
[4105.270s][info][gc,marking     ] GC(1087) Concurrent Cleanup for Next Mark 7.586ms
[4105.270s][info][gc             ] GC(1087) Concurrent Mark Cycle 980.989ms
.[4106.736s][info][gc,start       ] GC(1088) Pause Young (Prepare Mixed) (G1 Evacuation Pause)
[4106.736s][info][gc,task        ] GC(1088) Using 6 workers of 6 for evacuation
[4106.859s][info][gc,phases      ] GC(1088)   Pre Evacuate Collection Set: 0.34ms
[4106.859s][info][gc,phases      ] GC(1088)   Merge Heap Roots: 0.59ms
[4106.859s][info][gc,phases      ] GC(1088)   Evacuate Collection Set: 120.80ms
[4106.859s][info][gc,phases      ] GC(1088)   Post Evacuate Collection Set: 0.85ms
[4106.859s][info][gc,phases      ] GC(1088)   Other: 0.09ms
[4106.859s][info][gc,heap        ] GC(1088) Eden regions: 1120->0(1101)
[4106.859s][info][gc,heap        ] GC(1088) Survivor regions: 108->114(154)
[4106.859s][info][gc,heap        ] GC(1088) Old regions: 505->536
[4106.859s][info][gc,heap        ] GC(1088) Humongous regions: 80->80
[4106.859s][info][gc,metaspace   ] GC(1088) Metaspace: 28963K(29376K)->28963K(29376K) NonClass: 24094K(24256K)->24094K(24256K) Class: 4869K(5120K)->4869K(5120K)
[4106.859s][info][gc             ] GC(1088) Pause Young (Prepare Mixed) (G1 Evacuation Pause) 3624M->1458M(4096M) 122.799ms
[4106.859s][info][gc,cpu         ] GC(1088) User=0.73s Sys=0.00s Real=0.12s
...[4109.220s][info][gc,start       ] GC(1089) Pause Young (Mixed) (G1 Evacuation Pause)
[4109.220s][info][gc,task        ] GC(1089) Using 6 workers of 6 for evacuation
[4109.358s][info][gc,phases      ] GC(1089)   Pre Evacuate Collection Set: 0.38ms
[4109.358s][info][gc,phases      ] GC(1089)   Merge Heap Roots: 0.76ms
[4109.358s][info][gc,phases      ] GC(1089)   Evacuate Collection Set: 135.55ms
[4109.358s][info][gc,phases      ] GC(1089)   Post Evacuate Collection Set: 0.97ms
[4109.358s][info][gc,phases      ] GC(1089)   Other: 0.09ms
[4109.358s][info][gc,heap        ] GC(1089) Eden regions: 1101->0(1117)
[4109.358s][info][gc,heap        ] GC(1089) Survivor regions: 114->111(152)
[4109.358s][info][gc,heap        ] GC(1089) Old regions: 536->473
[4109.358s][info][gc,heap        ] GC(1089) Humongous regions: 80->80
[4109.358s][info][gc,metaspace   ] GC(1089) Metaspace: 28963K(29376K)->28963K(29376K) NonClass: 24094K(24256K)->24094K(24256K) Class: 4869K(5120K)->4869K(5120K)
[4109.358s][info][gc             ] GC(1089) Pause Young (Mixed) (G1 Evacuation Pause) 3660M->1325M(4096M) 137.883ms
[4109.358s][info][gc,cpu         ] GC(1089) User=0.82s Sys=0.00s Real=0.14s
..[4111.877s][info][gc,start       ] GC(1090) Pause Young (Concurrent Start) (G1 Evacuation Pause)
[4111.877s][info][gc,task        ] GC(1090) Using 6 workers of 6 for evacuation
[4111.998s][info][gc,phases      ] GC(1090)   Pre Evacuate Collection Set: 0.37ms
[4111.998s][info][gc,phases      ] GC(1090)   Merge Heap Roots: 0.48ms
[4111.998s][info][gc,phases      ] GC(1090)   Evacuate Collection Set: 119.08ms
[4111.998s][info][gc,phases      ] GC(1090)   Post Evacuate Collection Set: 0.87ms
[4111.998s][info][gc,phases      ] GC(1090)   Other: 0.11ms
[4111.998s][info][gc,heap        ] GC(1090) Eden regions: 1117->0(1115)
[4111.998s][info][gc,heap        ] GC(1090) Survivor regions: 111->113(154)
[4111.998s][info][gc,heap        ] GC(1090) Old regions: 473->505
[4111.998s][info][gc,heap        ] GC(1090) Humongous regions: 80->80
[4111.998s][info][gc,metaspace   ] GC(1090) Metaspace: 28963K(29376K)->28963K(29376K) NonClass: 24094K(24256K)->24094K(24256K) Class: 4869K(5120K)->4869K(5120K)
[4111.998s][info][gc             ] GC(1090) Pause Young (Concurrent Start) (G1 Evacuation Pause) 3559M->1394M(4096M) 121.058ms
[4111.998s][info][gc             ] GC(1091) Concurrent Mark Cycle
[4111.998s][info][gc,marking     ] GC(1091) Concurrent Scan Root Regions
[4111.998s][info][gc,cpu         ] GC(1090) User=0.72s Sys=0.00s Real=0.12s
.[4112.140s][info][gc,marking     ] GC(1091) Concurrent Scan Root Regions 142.029ms
[4112.140s][info][gc,marking     ] GC(1091) Concurrent Mark
[4112.140s][info][gc,marking     ] GC(1091) Concurrent Mark From Roots
[4112.140s][info][gc,task        ] GC(1091) Using 2 workers of 2 for marking
[4112.833s][info][gc,marking     ] GC(1091) Concurrent Mark From Roots 692.768ms
[4112.833s][info][gc,marking     ] GC(1091) Concurrent Preclean
[4112.833s][info][gc,marking     ] GC(1091) Concurrent Preclean 0.109ms
[4112.833s][info][gc,start       ] GC(1091) Pause Remark
[4112.838s][info][gc             ] GC(1091) Pause Remark 2083M->2083M(4096M) 5.201ms
[4112.838s][info][gc,cpu         ] GC(1091) User=0.03s Sys=0.00s Real=0.00s
[4112.839s][info][gc,marking     ] GC(1091) Concurrent Mark 698.836ms
[4112.839s][info][gc,marking     ] GC(1091) Concurrent Rebuild Remembered Sets and Scrub Regions
.[4113.153s][info][gc,marking     ] GC(1091) Concurrent Rebuild Remembered Sets and Scrub Regions 314.446ms
[4113.154s][info][gc,start       ] GC(1091) Pause Cleanup
[4113.154s][info][gc             ] GC(1091) Pause Cleanup 2366M->2366M(4096M) 0.121ms
[4113.154s][info][gc,cpu         ] GC(1091) User=0.00s Sys=0.00s Real=0.00s
[4113.155s][info][gc,marking     ] GC(1091) Concurrent Clear Claimed Marks
[4113.155s][info][gc,marking     ] GC(1091) Concurrent Clear Claimed Marks 0.035ms
[4113.155s][info][gc,marking     ] GC(1091) Concurrent Cleanup for Next Mark
[4113.160s][info][gc,marking     ] GC(1091) Concurrent Cleanup for Next Mark 5.058ms
[4113.160s][info][gc             ] GC(1091) Concurrent Mark Cycle 1162.058ms
.[4114.436s][info][gc,start       ] GC(1092) Pause Young (Prepare Mixed) (G1 Evacuation Pause)
[4114.437s][info][gc,task        ] GC(1092) Using 6 workers of 6 for evacuation
[4114.556s][info][gc,phases      ] GC(1092)   Pre Evacuate Collection Set: 0.33ms
[4114.556s][info][gc,phases      ] GC(1092)   Merge Heap Roots: 0.58ms
[4114.556s][info][gc,phases      ] GC(1092)   Evacuate Collection Set: 117.64ms
[4114.556s][info][gc,phases      ] GC(1092)   Post Evacuate Collection Set: 0.97ms
[4114.556s][info][gc,phases      ] GC(1092)   Other: 0.09ms
[4114.556s][info][gc,heap        ] GC(1092) Eden regions: 1115->0(1104)
[4114.556s][info][gc,heap        ] GC(1092) Survivor regions: 113->112(154)
[4114.556s][info][gc,heap        ] GC(1092) Old regions: 505->537
[4114.556s][info][gc,heap        ] GC(1092) Humongous regions: 80->80
[4114.556s][info][gc,metaspace   ] GC(1092) Metaspace: 28963K(29376K)->28963K(29376K) NonClass: 24094K(24256K)->24094K(24256K) Class: 4869K(5120K)->4869K(5120K)
[4114.556s][info][gc             ] GC(1092) Pause Young (Prepare Mixed) (G1 Evacuation Pause) 3624M->1455M(4096M) 119.758ms
[4114.556s][info][gc,cpu         ] GC(1092) User=0.71s Sys=0.00s Real=0.12s
..[4116.993s][info][gc,start       ] GC(1093) Pause Young (Mixed) (G1 Evacuation Pause)
[4116.993s][info][gc,task        ] GC(1093) Using 6 workers of 6 for evacuation
[4117.124s][info][gc,phases      ] GC(1093)   Pre Evacuate Collection Set: 0.40ms
[4117.124s][info][gc,phases      ] GC(1093)   Merge Heap Roots: 0.72ms
[4117.124s][info][gc,phases      ] GC(1093)   Evacuate Collection Set: 128.50ms
[4117.124s][info][gc,phases      ] GC(1093)   Post Evacuate Collection Set: 0.94ms
[4117.124s][info][gc,phases      ] GC(1093)   Other: 0.09ms
[4117.124s][info][gc,heap        ] GC(1093) Eden regions: 1104->0(1121)
[4117.124s][info][gc,heap        ] GC(1093) Survivor regions: 112->107(152)
[4117.124s][info][gc,heap        ] GC(1093) Old regions: 537->475
[4117.124s][info][gc,heap        ] GC(1093) Humongous regions: 80->80
[4117.124s][info][gc,metaspace   ] GC(1093) Metaspace: 28963K(29376K)->28963K(29376K) NonClass: 24094K(24256K)->24094K(24256K) Class: 4869K(5120K)->4869K(5120K)
[4117.124s][info][gc             ] GC(1093) Pause Young (Mixed) (G1 Evacuation Pause) 3663M->1322M(4096M) 130.780ms
[4117.124s][info][gc,cpu         ] GC(1093) User=0.78s Sys=0.00s Real=0.13s
...[4119.584s][info][gc,start       ] GC(1094) Pause Young (Concurrent Start) (G1 Evacuation Pause)
[4119.584s][info][gc,task        ] GC(1094) Using 6 workers of 6 for evacuation
[4119.703s][info][gc,phases      ] GC(1094)   Pre Evacuate Collection Set: 0.37ms
[4119.703s][info][gc,phases      ] GC(1094)   Merge Heap Roots: 0.48ms
[4119.703s][info][gc,phases      ] GC(1094)   Evacuate Collection Set: 117.96ms
[4119.703s][info][gc,phases      ] GC(1094)   Post Evacuate Collection Set: 0.87ms
[4119.703s][info][gc,phases      ] GC(1094)   Other: 0.10ms
[4119.703s][info][gc,heap        ] GC(1094) Eden regions: 1121->0(1116)
[4119.703s][info][gc,heap        ] GC(1094) Survivor regions: 107->112(154)
[4119.703s][info][gc,heap        ] GC(1094) Old regions: 475->506
[4119.703s][info][gc,heap        ] GC(1094) Humongous regions: 80->80
[4119.703s][info][gc,metaspace   ] GC(1094) Metaspace: 28963K(29376K)->28963K(29376K) NonClass: 24094K(24256K)->24094K(24256K) Class: 4869K(5120K)->4869K(5120K)
[4119.703s][info][gc             ] GC(1094) Pause Young (Concurrent Start) (G1 Evacuation Pause) 3564M->1394M(4096M) 119.928ms
[4119.703s][info][gc             ] GC(1095) Concurrent Mark Cycle
[4119.703s][info][gc,marking     ] GC(1095) Concurrent Scan Root Regions
[4119.703s][info][gc,cpu         ] GC(1094) User=0.71s Sys=0.01s Real=0.12s
[4119.844s][info][gc,marking     ] GC(1095) Concurrent Scan Root Regions 140.228ms
[4119.844s][info][gc,marking     ] GC(1095) Concurrent Mark
[4119.844s][info][gc,marking     ] GC(1095) Concurrent Mark From Roots
[4119.844s][info][gc,task        ] GC(1095) Using 2 workers of 2 for marking
.[4120.525s][info][gc,marking     ] GC(1095) Concurrent Mark From Roots 681.254ms
[4120.525s][info][gc,marking     ] GC(1095) Concurrent Preclean
[4120.525s][info][gc,marking     ] GC(1095) Concurrent Preclean 0.076ms
[4120.526s][info][gc,start       ] GC(1095) Pause Remark
[4120.531s][info][gc             ] GC(1095) Pause Remark 2086M->2086M(4096M) 5.374ms
[4120.531s][info][gc,cpu         ] GC(1095) User=0.03s Sys=0.00s Real=0.00s
[4120.532s][info][gc,marking     ] GC(1095) Concurrent Mark 688.534ms
[4120.532s][info][gc,marking     ] GC(1095) Concurrent Rebuild Remembered Sets and Scrub Regions
[4120.811s][info][gc,marking     ] GC(1095) Concurrent Rebuild Remembered Sets and Scrub Regions 278.607ms
[4120.812s][info][gc,start       ] GC(1095) Pause Cleanup
[4120.812s][info][gc             ] GC(1095) Pause Cleanup 2364M->2364M(4096M) 0.121ms
[4120.812s][info][gc,cpu         ] GC(1095) User=0.00s Sys=0.00s Real=0.00s
[4120.812s][info][gc,marking     ] GC(1095) Concurrent Clear Claimed Marks
[4120.812s][info][gc,marking     ] GC(1095) Concurrent Clear Claimed Marks 0.036ms
[4120.812s][info][gc,marking     ] GC(1095) Concurrent Cleanup for Next Mark
[4120.817s][info][gc,marking     ] GC(1095) Concurrent Cleanup for Next Mark 5.108ms
[4120.817s][info][gc             ] GC(1095) Concurrent Mark Cycle 1113.553ms
.[4122.110s][info][gc,start       ] GC(1096) Pause Young (Prepare Mixed) (G1 Evacuation Pause)
[4122.110s][info][gc,task        ] GC(1096) Using 6 workers of 6 for evacuation
[4122.232s][info][gc,phases      ] GC(1096)   Pre Evacuate Collection Set: 0.31ms
[4122.232s][info][gc,phases      ] GC(1096)   Merge Heap Roots: 0.55ms
[4122.232s][info][gc,phases      ] GC(1096)   Evacuate Collection Set: 119.94ms
[4122.232s][info][gc,phases      ] GC(1096)   Post Evacuate Collection Set: 1.02ms
[4122.232s][info][gc,phases      ] GC(1096)   Other: 0.09ms
[4122.232s][info][gc,heap        ] GC(1096) Eden regions: 1116->0(1102)
[4122.232s][info][gc,heap        ] GC(1096) Survivor regions: 112->112(154)
[4122.232s][info][gc,heap        ] GC(1096) Old regions: 506->539
[4122.232s][info][gc,heap        ] GC(1096) Humongous regions: 80->80
[4122.232s][info][gc,metaspace   ] GC(1096) Metaspace: 28963K(29376K)->28963K(29376K) NonClass: 24094K(24256K)->24094K(24256K) Class: 4869K(5120K)->4869K(5120K)
[4122.232s][info][gc             ] GC(1096) Pause Young (Prepare Mixed) (G1 Evacuation Pause) 3626M->1460M(4096M) 122.052ms
[4122.232s][info][gc,cpu         ] GC(1096) User=0.72s Sys=0.00s Real=0.12s
...[4124.635s][info][gc,start       ] GC(1097) Pause Young (Mixed) (G1 Evacuation Pause)
[4124.635s][info][gc,task        ] GC(1097) Using 6 workers of 6 for evacuation
[4124.772s][info][gc,phases      ] GC(1097)   Pre Evacuate Collection Set: 0.39ms
[4124.772s][info][gc,phases      ] GC(1097)   Merge Heap Roots: 0.79ms
[4124.772s][info][gc,phases      ] GC(1097)   Evacuate Collection Set: 134.25ms
[4124.772s][info][gc,phases      ] GC(1097)   Post Evacuate Collection Set: 0.93ms
[4124.772s][info][gc,phases      ] GC(1097)   Other: 0.09ms
[4124.772s][info][gc,heap        ] GC(1097) Eden regions: 1102->0(1118)
[4124.772s][info][gc,heap        ] GC(1097) Survivor regions: 112->110(152)
[4124.772s][info][gc,heap        ] GC(1097) Old regions: 539->474
[4124.772s][info][gc,heap        ] GC(1097) Humongous regions: 80->80
[4124.772s][info][gc,metaspace   ] GC(1097) Metaspace: 28963K(29376K)->28963K(29376K) NonClass: 24094K(24256K)->24094K(24256K) Class: 4869K(5120K)->4869K(5120K)
[4124.772s][info][gc             ] GC(1097) Pause Young (Mixed) (G1 Evacuation Pause) 3664M->1327M(4096M) 136.575ms
[4124.772s][info][gc,cpu         ] GC(1097) User=0.81s Sys=0.00s Real=0.13s
..[4127.282s][info][gc,start       ] GC(1098) Pause Young (Concurrent Start) (G1 Evacuation Pause)
[4127.282s][info][gc,task        ] GC(1098) Using 6 workers of 6 for evacuation
[4127.401s][info][gc,phases      ] GC(1098)   Pre Evacuate Collection Set: 0.33ms
[4127.401s][info][gc,phases      ] GC(1098)   Merge Heap Roots: 0.44ms
[4127.401s][info][gc,phases      ] GC(1098)   Evacuate Collection Set: 116.94ms
[4127.401s][info][gc,phases      ] GC(1098)   Post Evacuate Collection Set: 0.88ms
[4127.401s][info][gc,phases      ] GC(1098)   Other: 0.11ms
[4127.401s][info][gc,heap        ] GC(1098) Eden regions: 1118->0(1117)
[4127.401s][info][gc,heap        ] GC(1098) Survivor regions: 110->111(154)
[4127.401s][info][gc,heap        ] GC(1098) Old regions: 474->506
[4127.401s][info][gc,heap        ] GC(1098) Humongous regions: 80->80
[4127.401s][info][gc,metaspace   ] GC(1098) Metaspace: 28963K(29376K)->28963K(29376K) NonClass: 24094K(24256K)->24094K(24256K) Class: 4869K(5120K)->4869K(5120K)
[4127.401s][info][gc             ] GC(1098) Pause Young (Concurrent Start) (G1 Evacuation Pause) 3563M->1392M(4096M) 118.823ms
[4127.401s][info][gc             ] GC(1099) Concurrent Mark Cycle
[4127.401s][info][gc,marking     ] GC(1099) Concurrent Scan Root Regions
[4127.401s][info][gc,cpu         ] GC(1098) User=0.70s Sys=0.00s Real=0.12s
.[4127.548s][info][gc,marking     ] GC(1099) Concurrent Scan Root Regions 147.103ms
[4127.548s][info][gc,marking     ] GC(1099) Concurrent Mark
[4127.548s][info][gc,marking     ] GC(1099) Concurrent Mark From Roots
[4127.548s][info][gc,task        ] GC(1099) Using 2 workers of 2 for marking
[4128.102s][info][gc,marking     ] GC(1099) Concurrent Mark From Roots 554.437ms
[4128.102s][info][gc,marking     ] GC(1099) Concurrent Preclean
[4128.102s][info][gc,marking     ] GC(1099) Concurrent Preclean 0.075ms
[4128.103s][info][gc,start       ] GC(1099) Pause Remark
[4128.105s][info][gc             ] GC(1099) Pause Remark 1972M->1972M(4096M) 2.513ms
[4128.106s][info][gc,cpu         ] GC(1099) User=0.01s Sys=0.00s Real=0.00s
[4128.106s][info][gc,marking     ] GC(1099) Concurrent Mark 557.790ms
[4128.106s][info][gc,marking     ] GC(1099) Concurrent Rebuild Remembered Sets and Scrub Regions
[4128.326s][info][gc,marking     ] GC(1099) Concurrent Rebuild Remembered Sets and Scrub Regions 220.588ms
[4128.327s][info][gc,start       ] GC(1099) Pause Cleanup
[4128.327s][info][gc             ] GC(1099) Pause Cleanup 2208M->2208M(4096M) 0.112ms
[4128.327s][info][gc,cpu         ] GC(1099) User=0.00s Sys=0.00s Real=0.00s
[4128.327s][info][gc,marking     ] GC(1099) Concurrent Clear Claimed Marks
[4128.327s][info][gc,marking     ] GC(1099) Concurrent Clear Claimed Marks 0.020ms
[4128.327s][info][gc,marking     ] GC(1099) Concurrent Cleanup for Next Mark
[4128.333s][info][gc,marking     ] GC(1099) Concurrent Cleanup for Next Mark 5.361ms
[4128.333s][info][gc             ] GC(1099) Concurrent Mark Cycle 931.986ms
..[4129.835s][info][gc,start       ] GC(1100) Pause Young (Prepare Mixed) (G1 Evacuation Pause)
[4129.835s][info][gc,task        ] GC(1100) Using 6 workers of 6 for evacuation
[4129.961s][info][gc,phases      ] GC(1100)   Pre Evacuate Collection Set: 0.34ms
[4129.961s][info][gc,phases      ] GC(1100)   Merge Heap Roots: 0.52ms
[4129.961s][info][gc,phases      ] GC(1100)   Evacuate Collection Set: 123.40ms
[4129.961s][info][gc,phases      ] GC(1100)   Post Evacuate Collection Set: 0.82ms
[4129.961s][info][gc,phases      ] GC(1100)   Other: 0.09ms
[4129.961s][info][gc,heap        ] GC(1100) Eden regions: 1117->0(1093)
[4129.961s][info][gc,heap        ] GC(1100) Survivor regions: 111->117(154)
[4129.961s][info][gc,heap        ] GC(1100) Old regions: 506->538
[4129.961s][info][gc,heap        ] GC(1100) Humongous regions: 80->80
[4129.961s][info][gc,metaspace   ] GC(1100) Metaspace: 28963K(29376K)->28963K(29376K) NonClass: 24094K(24256K)->24094K(24256K) Class: 4869K(5120K)->4869K(5120K)
[4129.961s][info][gc             ] GC(1100) Pause Young (Prepare Mixed) (G1 Evacuation Pause) 3626M->1469M(4096M) 125.297ms
[4129.961s][info][gc,cpu         ] GC(1100) User=0.74s Sys=0.00s Real=0.12s
. (rIR:aIR:PR = 7334:7331:7331) (tPR = 108757) [OK] 
  4130s: Performance info:
         Transaction,    Success,    Partial,     Failed,   Receipts, AvgBarcode, 
             Overall,     446840,          0,          0,     424474,      59.47, 
         Response times:
             Request,    Success,    Partial,     Failed,   SkipFail,     Probes,    Samples,      min,      p50,      p90,      p95,      p99,      max, 
       TotalPurchase,     424474,          0,          0,          0,     359972,     427963,      300,     6100,    87000,   133000,   188000,   316000,
     InStorePurchase,     222396,          0,          0,          0,     189314,     224909,      300,     6100,    88000,   133000,   191000,   316000,
      OnlinePurchase,     157392,          0,          0,          0,     132545,     157642,      300,     6200,    87000,   133000,   185000,   310000,
        InstPurchase,      44686,          0,          0,          0,      38113,      45412,      400,     5900,    85000,   131000,   187000,   303000,
          AssocOfCat,        446,          0,          0,          0,        357,        505,    24000,    39000,   125800,   170400,   232880,   278000,
      AssocOfProduct,       4482,          0,          0,          0,       4172,       5077,     1000,     7500,   104000,   144100,   202000,   276000,
      BusinessReport,       1118,          0,          0,          0,        984,       1281,    26000,    47000,   150000,   192900,   267540,   347000,
          CustBuyBeh,       4484,          0,          0,          0,       4113,       5089,      200,     4300,    76000,   119000,   173000,   254000,
       ProductReturn,      11836,          0,          0,          0,      10107,      12432,      300,     5800,    85000,   128000,   192000,   323000,

  4130s: (54%)   IR =   7472 .[4132.357s][info][gc,start       ] GC(1101) Pause Young (Mixed) (G1 Evacuation Pause)
[4132.357s][info][gc,task        ] GC(1101) Using 6 workers of 6 for evacuation
[4132.492s][info][gc,phases      ] GC(1101)   Pre Evacuate Collection Set: 0.37ms
[4132.492s][info][gc,phases      ] GC(1101)   Merge Heap Roots: 0.69ms
[4132.492s][info][gc,phases      ] GC(1101)   Evacuate Collection Set: 132.98ms
[4132.492s][info][gc,phases      ] GC(1101)   Post Evacuate Collection Set: 1.00ms
[4132.492s][info][gc,phases      ] GC(1101)   Other: 0.08ms
[4132.492s][info][gc,heap        ] GC(1101) Eden regions: 1093->0(1117)
[4132.492s][info][gc,heap        ] GC(1101) Survivor regions: 117->111(152)
[4132.492s][info][gc,heap        ] GC(1101) Old regions: 538->477
[4132.492s][info][gc,heap        ] GC(1101) Humongous regions: 80->80
[4132.492s][info][gc,metaspace   ] GC(1101) Metaspace: 28963K(29376K)->28963K(29376K) NonClass: 24094K(24256K)->24094K(24256K) Class: 4869K(5120K)->4869K(5120K)
[4132.492s][info][gc             ] GC(1101) Pause Young (Mixed) (G1 Evacuation Pause) 3655M->1334M(4096M) 135.251ms
[4132.492s][info][gc,cpu         ] GC(1101) User=0.80s Sys=0.00s Real=0.13s
...[4134.971s][info][gc,start       ] GC(1102) Pause Young (Concurrent Start) (G1 Evacuation Pause)
[4134.971s][info][gc,task        ] GC(1102) Using 6 workers of 6 for evacuation
[4135.090s][info][gc,phases      ] GC(1102)   Pre Evacuate Collection Set: 0.35ms
[4135.090s][info][gc,phases      ] GC(1102)   Merge Heap Roots: 0.45ms
[4135.090s][info][gc,phases      ] GC(1102)   Evacuate Collection Set: 116.39ms
[4135.090s][info][gc,phases      ] GC(1102)   Post Evacuate Collection Set: 0.98ms
[4135.090s][info][gc,phases      ] GC(1102)   Other: 0.09ms
[4135.090s][info][gc,heap        ] GC(1102) Eden regions: 1117->0(1117)
[4135.090s][info][gc,heap        ] GC(1102) Survivor regions: 111->111(154)
[4135.090s][info][gc,heap        ] GC(1102) Old regions: 477->508
[4135.090s][info][gc,heap        ] GC(1102) Humongous regions: 80->80
[4135.090s][info][gc,metaspace   ] GC(1102) Metaspace: 28963K(29376K)->28963K(29376K) NonClass: 24094K(24256K)->24094K(24256K) Class: 4869K(5120K)->4869K(5120K)
[4135.090s][info][gc             ] GC(1102) Pause Young (Concurrent Start) (G1 Evacuation Pause) 3568M->1397M(4096M) 118.392ms
[4135.090s][info][gc             ] GC(1103) Concurrent Mark Cycle
[4135.090s][info][gc,marking     ] GC(1103) Concurrent Scan Root Regions
[4135.090s][info][gc,cpu         ] GC(1102) User=0.70s Sys=0.00s Real=0.12s
[4135.279s][info][gc,marking     ] GC(1103) Concurrent Scan Root Regions 189.628ms
[4135.279s][info][gc,marking     ] GC(1103) Concurrent Mark
[4135.279s][info][gc,marking     ] GC(1103) Concurrent Mark From Roots
[4135.279s][info][gc,task        ] GC(1103) Using 2 workers of 2 for marking
.[4136.259s][info][gc,marking     ] GC(1103) Concurrent Mark From Roots 979.861ms
[4136.259s][info][gc,marking     ] GC(1103) Concurrent Preclean
[4136.259s][info][gc,marking     ] GC(1103) Concurrent Preclean 0.144ms
[4136.260s][info][gc,start       ] GC(1103) Pause Remark
[4136.267s][info][gc             ] GC(1103) Pause Remark 2493M->2493M(4096M) 7.193ms
[4136.267s][info][gc,cpu         ] GC(1103) User=0.04s Sys=0.00s Real=0.01s
[4136.267s][info][gc,marking     ] GC(1103) Concurrent Mark 987.880ms
[4136.267s][info][gc,marking     ] GC(1103) Concurrent Rebuild Remembered Sets and Scrub Regions
[4136.616s][info][gc,marking     ] GC(1103) Concurrent Rebuild Remembered Sets and Scrub Regions 348.797ms
[4136.616s][info][gc,start       ] GC(1103) Pause Cleanup
[4136.617s][info][gc             ] GC(1103) Pause Cleanup 2828M->2828M(4096M) 0.850ms
[4136.617s][info][gc,cpu         ] GC(1103) User=0.00s Sys=0.00s Real=0.00s
[4136.617s][info][gc,marking     ] GC(1103) Concurrent Clear Claimed Marks
[4136.617s][info][gc,marking     ] GC(1103) Concurrent Clear Claimed Marks 0.029ms
[4136.617s][info][gc,marking     ] GC(1103) Concurrent Cleanup for Next Mark
[4136.621s][info][gc,marking     ] GC(1103) Concurrent Cleanup for Next Mark 3.879ms
[4136.621s][info][gc             ] GC(1103) Concurrent Mark Cycle 1531.447ms
.[4137.431s][info][gc,start       ] GC(1104) Pause Young (Prepare Mixed) (G1 Evacuation Pause)
[4137.432s][info][gc,task        ] GC(1104) Using 6 workers of 6 for evacuation
[4137.551s][info][gc,phases      ] GC(1104)   Pre Evacuate Collection Set: 0.32ms
[4137.551s][info][gc,phases      ] GC(1104)   Merge Heap Roots: 0.51ms
[4137.551s][info][gc,phases      ] GC(1104)   Evacuate Collection Set: 117.80ms
[4137.551s][info][gc,phases      ] GC(1104)   Post Evacuate Collection Set: 0.93ms
[4137.551s][info][gc,phases      ] GC(1104)   Other: 0.09ms
[4137.551s][info][gc,heap        ] GC(1104) Eden regions: 1117->0(1103)
[4137.551s][info][gc,heap        ] GC(1104) Survivor regions: 111->111(154)
[4137.551s][info][gc,heap        ] GC(1104) Old regions: 508->540
[4137.551s][info][gc,heap        ] GC(1104) Humongous regions: 80->80
[4137.551s][info][gc,metaspace   ] GC(1104) Metaspace: 28963K(29376K)->28963K(29376K) NonClass: 24094K(24256K)->24094K(24256K) Class: 4869K(5120K)->4869K(5120K)
[4137.551s][info][gc             ] GC(1104) Pause Young (Prepare Mixed) (G1 Evacuation Pause) 3631M->1459M(4096M) 119.811ms
[4137.551s][info][gc,cpu         ] GC(1104) User=0.71s Sys=0.00s Real=0.12s
...[4139.951s][info][gc,start       ] GC(1105) Pause Young (Mixed) (G1 Evacuation Pause)
[4139.951s][info][gc,task        ] GC(1105) Using 6 workers of 6 for evacuation
[4140.089s][info][gc,phases      ] GC(1105)   Pre Evacuate Collection Set: 0.34ms
[4140.089s][info][gc,phases      ] GC(1105)   Merge Heap Roots: 0.77ms
[4140.089s][info][gc,phases      ] GC(1105)   Evacuate Collection Set: 135.45ms
[4140.089s][info][gc,phases      ] GC(1105)   Post Evacuate Collection Set: 1.04ms
[4140.089s][info][gc,phases      ] GC(1105)   Other: 0.08ms
[4140.089s][info][gc,heap        ] GC(1105) Eden regions: 1103->0(1118)
[4140.089s][info][gc,heap        ] GC(1105) Survivor regions: 111->110(152)
[4140.089s][info][gc,heap        ] GC(1105) Old regions: 540->475
[4140.089s][info][gc,heap        ] GC(1105) Humongous regions: 80->80
[4140.089s][info][gc,metaspace   ] GC(1105) Metaspace: 28963K(29376K)->28963K(29376K) NonClass: 24094K(24256K)->24094K(24256K) Class: 4869K(5120K)->4869K(5120K)
[4140.089s][info][gc             ] GC(1105) Pause Young (Mixed) (G1 Evacuation Pause) 3665M->1327M(4096M) 137.806ms
[4140.089s][info][gc,cpu         ] GC(1105) User=0.82s Sys=0.00s Real=0.14s
..[4142.510s][info][gc,start       ] GC(1106) Pause Young (Concurrent Start) (G1 Evacuation Pause)
[4142.510s][info][gc,task        ] GC(1106) Using 6 workers of 6 for evacuation
[4142.630s][info][gc,phases      ] GC(1106)   Pre Evacuate Collection Set: 0.36ms
[4142.630s][info][gc,phases      ] GC(1106)   Merge Heap Roots: 0.46ms
[4142.630s][info][gc,phases      ] GC(1106)   Evacuate Collection Set: 117.57ms
[4142.630s][info][gc,phases      ] GC(1106)   Post Evacuate Collection Set: 0.91ms
[4142.630s][info][gc,phases      ] GC(1106)   Other: 0.10ms
[4142.630s][info][gc,heap        ] GC(1106) Eden regions: 1118->0(1116)
[4142.630s][info][gc,heap        ] GC(1106) Survivor regions: 110->112(154)
[4142.630s][info][gc,heap        ] GC(1106) Old regions: 475->506
[4142.630s][info][gc,heap        ] GC(1106) Humongous regions: 80->80
[4142.630s][info][gc,metaspace   ] GC(1106) Metaspace: 28963K(29376K)->28963K(29376K) NonClass: 24094K(24256K)->24094K(24256K) Class: 4869K(5120K)->4869K(5120K)
[4142.630s][info][gc             ] GC(1106) Pause Young (Concurrent Start) (G1 Evacuation Pause) 3563M->1394M(4096M) 119.529ms
[4142.630s][info][gc             ] GC(1107) Concurrent Mark Cycle
[4142.630s][info][gc,marking     ] GC(1107) Concurrent Scan Root Regions
[4142.630s][info][gc,cpu         ] GC(1106) User=0.71s Sys=0.00s Real=0.12s
.[4142.823s][info][gc,marking     ] GC(1107) Concurrent Scan Root Regions 193.587ms
[4142.823s][info][gc,marking     ] GC(1107) Concurrent Mark
[4142.823s][info][gc,marking     ] GC(1107) Concurrent Mark From Roots
[4142.823s][info][gc,task        ] GC(1107) Using 2 workers of 2 for marking
.[4143.782s][info][gc,marking     ] GC(1107) Concurrent Mark From Roots 958.465ms
[4143.782s][info][gc,marking     ] GC(1107) Concurrent Preclean
[4143.782s][info][gc,marking     ] GC(1107) Concurrent Preclean 0.134ms
[4143.782s][info][gc,start       ] GC(1107) Pause Remark
[4143.787s][info][gc             ] GC(1107) Pause Remark 2400M->2400M(4096M) 4.641ms
[4143.787s][info][gc,cpu         ] GC(1107) User=0.02s Sys=0.00s Real=0.01s
[4143.789s][info][gc,marking     ] GC(1107) Concurrent Mark 965.587ms
[4143.789s][info][gc,marking     ] GC(1107) Concurrent Rebuild Remembered Sets and Scrub Regions
[4144.150s][info][gc,marking     ] GC(1107) Concurrent Rebuild Remembered Sets and Scrub Regions 360.867ms
[4144.150s][info][gc,start       ] GC(1107) Pause Cleanup
[4144.150s][info][gc             ] GC(1107) Pause Cleanup 2738M->2738M(4096M) 0.096ms
[4144.150s][info][gc,cpu         ] GC(1107) User=0.00s Sys=0.00s Real=0.00s
[4144.151s][info][gc,marking     ] GC(1107) Concurrent Clear Claimed Marks
[4144.151s][info][gc,marking     ] GC(1107) Concurrent Clear Claimed Marks 0.037ms
[4144.151s][info][gc,marking     ] GC(1107) Concurrent Cleanup for Next Mark
[4144.163s][info][gc,marking     ] GC(1107) Concurrent Cleanup for Next Mark 11.701ms
[4144.163s][info][gc             ] GC(1107) Concurrent Mark Cycle 1533.047ms
.[4145.036s][info][gc,start       ] GC(1108) Pause Young (Prepare Mixed) (G1 Evacuation Pause)
[4145.036s][info][gc,task        ] GC(1108) Using 6 workers of 6 for evacuation
[4145.153s][info][gc,phases      ] GC(1108)   Pre Evacuate Collection Set: 0.34ms
[4145.153s][info][gc,phases      ] GC(1108)   Merge Heap Roots: 0.51ms
[4145.153s][info][gc,phases      ] GC(1108)   Evacuate Collection Set: 114.84ms
[4145.153s][info][gc,phases      ] GC(1108)   Post Evacuate Collection Set: 0.93ms
[4145.153s][info][gc,phases      ] GC(1108)   Other: 0.09ms
[4145.153s][info][gc,heap        ] GC(1108) Eden regions: 1116->0(1109)
[4145.153s][info][gc,heap        ] GC(1108) Survivor regions: 112->109(154)
[4145.153s][info][gc,heap        ] GC(1108) Old regions: 506->538
[4145.153s][info][gc,heap        ] GC(1108) Humongous regions: 80->80
[4145.153s][info][gc,metaspace   ] GC(1108) Metaspace: 28963K(29376K)->28963K(29376K) NonClass: 24094K(24256K)->24094K(24256K) Class: 4869K(5120K)->4869K(5120K)
[4145.153s][info][gc             ] GC(1108) Pause Young (Prepare Mixed) (G1 Evacuation Pause) 3626M->1452M(4096M) 116.854ms
[4145.153s][info][gc,cpu         ] GC(1108) User=0.69s Sys=0.00s Real=0.12s
..[4147.499s][info][gc,start       ] GC(1109) Pause Young (Mixed) (G1 Evacuation Pause)
[4147.499s][info][gc,task        ] GC(1109) Using 6 workers of 6 for evacuation
[4147.632s][info][gc,phases      ] GC(1109)   Pre Evacuate Collection Set: 0.34ms
[4147.632s][info][gc,phases      ] GC(1109)   Merge Heap Roots: 0.65ms
[4147.632s][info][gc,phases      ] GC(1109)   Evacuate Collection Set: 131.38ms
[4147.632s][info][gc,phases      ] GC(1109)   Post Evacuate Collection Set: 0.94ms
[4147.632s][info][gc,phases      ] GC(1109)   Other: 0.08ms
[4147.632s][info][gc,heap        ] GC(1109) Eden regions: 1109->0(1120)
[4147.632s][info][gc,heap        ] GC(1109) Survivor regions: 109->108(153)
[4147.632s][info][gc,heap        ] GC(1109) Old regions: 538->475
[4147.632s][info][gc,heap        ] GC(1109) Humongous regions: 80->80
[4147.632s][info][gc,metaspace   ] GC(1109) Metaspace: 28963K(29376K)->28963K(29376K) NonClass: 24094K(24256K)->24094K(24256K) Class: 4869K(5120K)->4869K(5120K)
[4147.632s][info][gc             ] GC(1109) Pause Young (Mixed) (G1 Evacuation Pause) 3670M->1324M(4096M) 133.520ms
[4147.632s][info][gc,cpu         ] GC(1109) User=0.79s Sys=0.00s Real=0.13s
...[4150.104s][info][gc,start       ] GC(1110) Pause Young (Concurrent Start) (G1 Evacuation Pause)
[4150.104s][info][gc,task        ] GC(1110) Using 6 workers of 6 for evacuation
[4150.222s][info][gc,phases      ] GC(1110)   Pre Evacuate Collection Set: 0.36ms
[4150.222s][info][gc,phases      ] GC(1110)   Merge Heap Roots: 0.47ms
[4150.222s][info][gc,phases      ] GC(1110)   Evacuate Collection Set: 115.66ms
[4150.222s][info][gc,phases      ] GC(1110)   Post Evacuate Collection Set: 0.88ms
[4150.222s][info][gc,phases      ] GC(1110)   Other: 0.11ms
[4150.222s][info][gc,heap        ] GC(1110) Eden regions: 1120->0(1118)
[4150.222s][info][gc,heap        ] GC(1110) Survivor regions: 108->110(154)
[4150.222s][info][gc,heap        ] GC(1110) Old regions: 475->506
[4150.222s][info][gc,heap        ] GC(1110) Humongous regions: 80->80
[4150.222s][info][gc,metaspace   ] GC(1110) Metaspace: 28963K(29376K)->28963K(29376K) NonClass: 24094K(24256K)->24094K(24256K) Class: 4869K(5120K)->4869K(5120K)
[4150.222s][info][gc             ] GC(1110) Pause Young (Concurrent Start) (G1 Evacuation Pause) 3564M->1389M(4096M) 117.637ms
[4150.222s][info][gc             ] GC(1111) Concurrent Mark Cycle
[4150.222s][info][gc,marking     ] GC(1111) Concurrent Scan Root Regions
[4150.222s][info][gc,cpu         ] GC(1110) User=0.70s Sys=0.00s Real=0.11s
[4150.363s][info][gc,marking     ] GC(1111) Concurrent Scan Root Regions 140.948ms
[4150.363s][info][gc,marking     ] GC(1111) Concurrent Mark
[4150.363s][info][gc,marking     ] GC(1111) Concurrent Mark From Roots
[4150.363s][info][gc,task        ] GC(1111) Using 2 workers of 2 for marking
.[4151.073s][info][gc,marking     ] GC(1111) Concurrent Mark From Roots 710.610ms
[4151.073s][info][gc,marking     ] GC(1111) Concurrent Preclean
[4151.074s][info][gc,marking     ] GC(1111) Concurrent Preclean 0.089ms
[4151.075s][info][gc,start       ] GC(1111) Pause Remark
[4151.079s][info][gc             ] GC(1111) Pause Remark 2107M->2107M(4096M) 3.574ms
[4151.079s][info][gc,cpu         ] GC(1111) User=0.02s Sys=0.00s Real=0.00s
[4151.079s][info][gc,marking     ] GC(1111) Concurrent Mark 716.133ms
[4151.079s][info][gc,marking     ] GC(1111) Concurrent Rebuild Remembered Sets and Scrub Regions
[4151.346s][info][gc,marking     ] GC(1111) Concurrent Rebuild Remembered Sets and Scrub Regions 266.688ms
[4151.346s][info][gc,start       ] GC(1111) Pause Cleanup
[4151.346s][info][gc             ] GC(1111) Pause Cleanup 2357M->2357M(4096M) 0.128ms
[4151.346s][info][gc,cpu         ] GC(1111) User=0.00s Sys=0.00s Real=0.00s
[4151.347s][info][gc,marking     ] GC(1111) Concurrent Clear Claimed Marks
[4151.347s][info][gc,marking     ] GC(1111) Concurrent Clear Claimed Marks 0.031ms
[4151.347s][info][gc,marking     ] GC(1111) Concurrent Cleanup for Next Mark
[4151.353s][info][gc,marking     ] GC(1111) Concurrent Cleanup for Next Mark 6.458ms
[4151.353s][info][gc             ] GC(1111) Concurrent Mark Cycle 1131.271ms
.[4152.626s][info][gc,start       ] GC(1112) Pause Young (Prepare Mixed) (G1 Evacuation Pause)
[4152.626s][info][gc,task        ] GC(1112) Using 6 workers of 6 for evacuation
[4152.749s][info][gc,phases      ] GC(1112)   Pre Evacuate Collection Set: 0.31ms
[4152.749s][info][gc,phases      ] GC(1112)   Merge Heap Roots: 0.50ms
[4152.749s][info][gc,phases      ] GC(1112)   Evacuate Collection Set: 120.48ms
[4152.749s][info][gc,phases      ] GC(1112)   Post Evacuate Collection Set: 0.92ms
[4152.749s][info][gc,phases      ] GC(1112)   Other: 0.08ms
[4152.749s][info][gc,heap        ] GC(1112) Eden regions: 1118->0(1099)
[4152.749s][info][gc,heap        ] GC(1112) Survivor regions: 110->114(154)
[4152.749s][info][gc,heap        ] GC(1112) Old regions: 506->538
[4152.749s][info][gc,heap        ] GC(1112) Humongous regions: 80->80
[4152.749s][info][gc,metaspace   ] GC(1112) Metaspace: 28963K(29376K)->28963K(29376K) NonClass: 24094K(24256K)->24094K(24256K) Class: 4869K(5120K)->4869K(5120K)
[4152.749s][info][gc             ] GC(1112) Pause Young (Prepare Mixed) (G1 Evacuation Pause) 3625M->1461M(4096M) 122.427ms
[4152.749s][info][gc,cpu         ] GC(1112) User=0.73s Sys=0.00s Real=0.12s
...[4155.145s][info][gc,start       ] GC(1113) Pause Young (Mixed) (G1 Evacuation Pause)
[4155.145s][info][gc,task        ] GC(1113) Using 6 workers of 6 for evacuation
[4155.282s][info][gc,phases      ] GC(1113)   Pre Evacuate Collection Set: 0.36ms
[4155.282s][info][gc,phases      ] GC(1113)   Merge Heap Roots: 0.74ms
[4155.282s][info][gc,phases      ] GC(1113)   Evacuate Collection Set: 134.34ms
[4155.282s][info][gc,phases      ] GC(1113)   Post Evacuate Collection Set: 0.97ms
[4155.282s][info][gc,phases      ] GC(1113)   Other: 0.08ms
[4155.282s][info][gc,heap        ] GC(1113) Eden regions: 1099->0(1118)
[4155.282s][info][gc,heap        ] GC(1113) Survivor regions: 114->110(152)
[4155.282s][info][gc,heap        ] GC(1113) Old regions: 538->475
[4155.282s][info][gc,heap        ] GC(1113) Humongous regions: 80->80
[4155.282s][info][gc,metaspace   ] GC(1113) Metaspace: 28963K(29376K)->28963K(29376K) NonClass: 24094K(24256K)->24094K(24256K) Class: 4869K(5120K)->4869K(5120K)
[4155.282s][info][gc             ] GC(1113) Pause Young (Mixed) (G1 Evacuation Pause) 3659M->1329M(4096M) 136.641ms
[4155.282s][info][gc,cpu         ] GC(1113) User=0.81s Sys=0.00s Real=0.13s
..[4157.637s][info][gc,start       ] GC(1114) Pause Young (Concurrent Start) (G1 Evacuation Pause)
[4157.637s][info][gc,task        ] GC(1114) Using 6 workers of 6 for evacuation
[4157.755s][info][gc,phases      ] GC(1114)   Pre Evacuate Collection Set: 0.42ms
[4157.755s][info][gc,phases      ] GC(1114)   Merge Heap Roots: 0.50ms
[4157.755s][info][gc,phases      ] GC(1114)   Evacuate Collection Set: 115.49ms
[4157.755s][info][gc,phases      ] GC(1114)   Post Evacuate Collection Set: 0.89ms
[4157.755s][info][gc,phases      ] GC(1114)   Other: 0.11ms
[4157.755s][info][gc,heap        ] GC(1114) Eden regions: 1118->0(1120)
[4157.755s][info][gc,heap        ] GC(1114) Survivor regions: 110->108(154)
[4157.755s][info][gc,heap        ] GC(1114) Old regions: 475->508
[4157.755s][info][gc,heap        ] GC(1114) Humongous regions: 80->80
[4157.755s][info][gc,metaspace   ] GC(1114) Metaspace: 28963K(29376K)->28963K(29376K) NonClass: 24094K(24256K)->24094K(24256K) Class: 4869K(5120K)->4869K(5120K)
[4157.755s][info][gc             ] GC(1114) Pause Young (Concurrent Start) (G1 Evacuation Pause) 3565M->1390M(4096M) 117.537ms
[4157.755s][info][gc             ] GC(1115) Concurrent Mark Cycle
[4157.755s][info][gc,marking     ] GC(1115) Concurrent Scan Root Regions
[4157.755s][info][gc,cpu         ] GC(1114) User=0.70s Sys=0.00s Real=0.12s
.[4157.946s][info][gc,marking     ] GC(1115) Concurrent Scan Root Regions 191.124ms
[4157.946s][info][gc,marking     ] GC(1115) Concurrent Mark
[4157.946s][info][gc,marking     ] GC(1115) Concurrent Mark From Roots
[4157.946s][info][gc,task        ] GC(1115) Using 2 workers of 2 for marking
.|[4158.873s][info][gc,marking     ] GC(1115) Concurrent Mark From Roots 927.327ms
[4158.873s][info][gc,marking     ] GC(1115) Concurrent Preclean
[4158.873s][info][gc,marking     ] GC(1115) Concurrent Preclean 0.077ms
[4158.874s][info][gc,start       ] GC(1115) Pause Remark
[4158.880s][info][gc             ] GC(1115) Pause Remark 2398M->2398M(4096M) 6.349ms
[4158.880s][info][gc,cpu         ] GC(1115) User=0.03s Sys=0.00s Real=0.00s
[4158.880s][info][gc,marking     ] GC(1115) Concurrent Mark 934.491ms
[4158.880s][info][gc,marking     ] GC(1115) Concurrent Rebuild Remembered Sets and Scrub Regions
[4159.261s][info][gc,marking     ] GC(1115) Concurrent Rebuild Remembered Sets and Scrub Regions 380.241ms
[4159.261s][info][gc,start       ] GC(1115) Pause Cleanup
[4159.261s][info][gc             ] GC(1115) Pause Cleanup 2755M->2755M(4096M) 0.115ms
[4159.261s][info][gc,cpu         ] GC(1115) User=0.00s Sys=0.00s Real=0.00s
[4159.261s][info][gc,marking     ] GC(1115) Concurrent Clear Claimed Marks
[4159.261s][info][gc,marking     ] GC(1115) Concurrent Clear Claimed Marks 0.021ms
[4159.261s][info][gc,marking     ] GC(1115) Concurrent Cleanup for Next Mark
[4159.266s][info][gc,marking     ] GC(1115) Concurrent Cleanup for Next Mark 4.734ms
[4159.266s][info][gc             ] GC(1115) Concurrent Mark Cycle 1511.035ms
.[4160.211s][info][gc,start       ] GC(1116) Pause Young (Prepare Mixed) (G1 Evacuation Pause)
[4160.211s][info][gc,task        ] GC(1116) Using 6 workers of 6 for evacuation
[4160.330s][info][gc,phases      ] GC(1116)   Pre Evacuate Collection Set: 0.31ms
[4160.330s][info][gc,phases      ] GC(1116)   Merge Heap Roots: 0.53ms
[4160.330s][info][gc,phases      ] GC(1116)   Evacuate Collection Set: 116.93ms
[4160.330s][info][gc,phases      ] GC(1116)   Post Evacuate Collection Set: 0.93ms
[4160.330s][info][gc,phases      ] GC(1116)   Other: 0.08ms
[4160.330s][info][gc,heap        ] GC(1116) Eden regions: 1120->0(1105)
[4160.330s][info][gc,heap        ] GC(1116) Survivor regions: 108->110(154)
[4160.330s][info][gc,heap        ] GC(1116) Old regions: 508->540
[4160.330s][info][gc,heap        ] GC(1116) Humongous regions: 80->80
[4160.330s][info][gc,metaspace   ] GC(1116) Metaspace: 28963K(29376K)->28963K(29376K) NonClass: 24094K(24256K)->24094K(24256K) Class: 4869K(5120K)->4869K(5120K)
[4160.330s][info][gc             ] GC(1116) Pause Young (Prepare Mixed) (G1 Evacuation Pause) 3630M->1457M(4096M) 118.926ms
[4160.330s][info][gc,cpu         ] GC(1116) User=0.71s Sys=0.00s Real=0.12s
..[4162.747s][info][gc,start       ] GC(1117) Pause Young (Mixed) (G1 Evacuation Pause)
[4162.747s][info][gc,task        ] GC(1117) Using 6 workers of 6 for evacuation
[4162.880s][info][gc,phases      ] GC(1117)   Pre Evacuate Collection Set: 0.33ms
[4162.880s][info][gc,phases      ] GC(1117)   Merge Heap Roots: 0.67ms
[4162.880s][info][gc,phases      ] GC(1117)   Evacuate Collection Set: 130.90ms
[4162.880s][info][gc,phases      ] GC(1117)   Post Evacuate Collection Set: 0.93ms
[4162.880s][info][gc,phases      ] GC(1117)   Other: 0.09ms
[4162.880s][info][gc,heap        ] GC(1117) Eden regions: 1105->0(1117)
[4162.880s][info][gc,heap        ] GC(1117) Survivor regions: 110->111(152)
[4162.880s][info][gc,heap        ] GC(1117) Old regions: 540->476
[4162.880s][info][gc,heap        ] GC(1117) Humongous regions: 80->80
[4162.880s][info][gc,metaspace   ] GC(1117) Metaspace: 28963K(29376K)->28963K(29376K) NonClass: 24094K(24256K)->24094K(24256K) Class: 4869K(5120K)->4869K(5120K)
[4162.880s][info][gc             ] GC(1117) Pause Young (Mixed) (G1 Evacuation Pause) 3667M->1332M(4096M) 133.046ms
[4162.880s][info][gc,cpu         ] GC(1117) User=0.79s Sys=0.00s Real=0.13s
...[4165.298s][info][gc,start       ] GC(1118) Pause Young (Concurrent Start) (G1 Evacuation Pause)
[4165.298s][info][gc,task        ] GC(1118) Using 6 workers of 6 for evacuation
[4165.416s][info][gc,phases      ] GC(1118)   Pre Evacuate Collection Set: 0.37ms
[4165.416s][info][gc,phases      ] GC(1118)   Merge Heap Roots: 0.47ms
[4165.416s][info][gc,phases      ] GC(1118)   Evacuate Collection Set: 115.79ms
[4165.416s][info][gc,phases      ] GC(1118)   Post Evacuate Collection Set: 0.87ms
[4165.416s][info][gc,phases      ] GC(1118)   Other: 0.09ms
[4165.416s][info][gc,heap        ] GC(1118) Eden regions: 1117->0(1118)
[4165.416s][info][gc,heap        ] GC(1118) Survivor regions: 111->110(154)
[4165.416s][info][gc,heap        ] GC(1118) Old regions: 476->508
[4165.416s][info][gc,heap        ] GC(1118) Humongous regions: 80->80
[4165.416s][info][gc,metaspace   ] GC(1118) Metaspace: 28963K(29376K)->28963K(29376K) NonClass: 24094K(24256K)->24094K(24256K) Class: 4869K(5120K)->4869K(5120K)
[4165.416s][info][gc             ] GC(1118) Pause Young (Concurrent Start) (G1 Evacuation Pause) 3566M->1394M(4096M) 117.710ms
[4165.416s][info][gc             ] GC(1119) Concurrent Mark Cycle
[4165.416s][info][gc,marking     ] GC(1119) Concurrent Scan Root Regions
[4165.416s][info][gc,cpu         ] GC(1118) User=0.70s Sys=0.00s Real=0.12s
[4165.554s][info][gc,marking     ] GC(1119) Concurrent Scan Root Regions 138.270ms
[4165.554s][info][gc,marking     ] GC(1119) Concurrent Mark
[4165.554s][info][gc,marking     ] GC(1119) Concurrent Mark From Roots
[4165.554s][info][gc,task        ] GC(1119) Using 2 workers of 2 for marking
.[4166.253s][info][gc,marking     ] GC(1119) Concurrent Mark From Roots 699.113ms
[4166.253s][info][gc,marking     ] GC(1119) Concurrent Preclean
[4166.253s][info][gc,marking     ] GC(1119) Concurrent Preclean 0.106ms
[4166.255s][info][gc,start       ] GC(1119) Pause Remark
[4166.260s][info][gc             ] GC(1119) Pause Remark 2126M->2126M(4096M) 5.193ms
[4166.260s][info][gc,cpu         ] GC(1119) User=0.03s Sys=0.01s Real=0.00s
[4166.260s][info][gc,marking     ] GC(1119) Concurrent Mark 706.215ms
[4166.260s][info][gc,marking     ] GC(1119) Concurrent Rebuild Remembered Sets and Scrub Regions
[4166.527s][info][gc,marking     ] GC(1119) Concurrent Rebuild Remembered Sets and Scrub Regions 266.880ms
[4166.530s][info][gc,start       ] GC(1119) Pause Cleanup
[4166.530s][info][gc             ] GC(1119) Pause Cleanup 2384M->2384M(4096M) 0.135ms
[4166.530s][info][gc,cpu         ] GC(1119) User=0.00s Sys=0.00s Real=0.00s
[4166.531s][info][gc,marking     ] GC(1119) Concurrent Clear Claimed Marks
[4166.531s][info][gc,marking     ] GC(1119) Concurrent Clear Claimed Marks 0.032ms
[4166.531s][info][gc,marking     ] GC(1119) Concurrent Cleanup for Next Mark
[4166.535s][info][gc,marking     ] GC(1119) Concurrent Cleanup for Next Mark 4.525ms
[4166.535s][info][gc             ] GC(1119) Concurrent Mark Cycle 1119.353ms
.[4167.837s][info][gc,start       ] GC(1120) Pause Young (Prepare Mixed) (G1 Evacuation Pause)
[4167.837s][info][gc,task        ] GC(1120) Using 6 workers of 6 for evacuation
[4167.958s][info][gc,phases      ] GC(1120)   Pre Evacuate Collection Set: 0.35ms
[4167.958s][info][gc,phases      ] GC(1120)   Merge Heap Roots: 0.48ms
[4167.958s][info][gc,phases      ] GC(1120)   Evacuate Collection Set: 119.43ms
[4167.958s][info][gc,phases      ] GC(1120)   Post Evacuate Collection Set: 0.93ms
[4167.958s][info][gc,phases      ] GC(1120)   Other: 0.10ms
[4167.958s][info][gc,heap        ] GC(1120) Eden regions: 1118->0(1100)
[4167.958s][info][gc,heap        ] GC(1120) Survivor regions: 110->113(154)
[4167.958s][info][gc,heap        ] GC(1120) Old regions: 508->539
[4167.958s][info][gc,heap        ] GC(1120) Humongous regions: 80->80
[4167.958s][info][gc,metaspace   ] GC(1120) Metaspace: 28963K(29376K)->28963K(29376K) NonClass: 24094K(24256K)->24094K(24256K) Class: 4869K(5120K)->4869K(5120K)
[4167.958s][info][gc             ] GC(1120) Pause Young (Prepare Mixed) (G1 Evacuation Pause) 3630M->1463M(4096M) 121.412ms
[4167.958s][info][gc,cpu         ] GC(1120) User=0.72s Sys=0.00s Real=0.12s
...[4170.362s][info][gc,start       ] GC(1121) Pause Young (Mixed) (G1 Evacuation Pause)
[4170.362s][info][gc,task        ] GC(1121) Using 6 workers of 6 for evacuation
[4170.500s][info][gc,phases      ] GC(1121)   Pre Evacuate Collection Set: 0.38ms
[4170.500s][info][gc,phases      ] GC(1121)   Merge Heap Roots: 0.65ms
[4170.500s][info][gc,phases      ] GC(1121)   Evacuate Collection Set: 135.95ms
[4170.500s][info][gc,phases      ] GC(1121)   Post Evacuate Collection Set: 0.96ms
[4170.500s][info][gc,phases      ] GC(1121)   Other: 0.09ms
[4170.500s][info][gc,heap        ] GC(1121) Eden regions: 1100->0(1114)
[4170.500s][info][gc,heap        ] GC(1121) Survivor regions: 113->114(152)
[4170.500s][info][gc,heap        ] GC(1121) Old regions: 539->473
[4170.500s][info][gc,heap        ] GC(1121) Humongous regions: 80->80
[4170.500s][info][gc,metaspace   ] GC(1121) Metaspace: 28963K(29376K)->28963K(29376K) NonClass: 24094K(24256K)->24094K(24256K) Class: 4869K(5120K)->4869K(5120K)
[4170.500s][info][gc             ] GC(1121) Pause Young (Mixed) (G1 Evacuation Pause) 3663M->1332M(4096M) 138.162ms
[4170.500s][info][gc,cpu         ] GC(1121) User=0.82s Sys=0.00s Real=0.14s
..[4172.845s][info][gc,start       ] GC(1122) Pause Young (Concurrent Start) (G1 Evacuation Pause)
[4172.845s][info][gc,task        ] GC(1122) Using 6 workers of 6 for evacuation
[4172.962s][info][gc,phases      ] GC(1122)   Pre Evacuate Collection Set: 0.46ms
[4172.963s][info][gc,phases      ] GC(1122)   Merge Heap Roots: 0.52ms
[4172.963s][info][gc,phases      ] GC(1122)   Evacuate Collection Set: 115.58ms
[4172.963s][info][gc,phases      ] GC(1122)   Post Evacuate Collection Set: 0.89ms
[4172.963s][info][gc,phases      ] GC(1122)   Other: 0.14ms
[4172.963s][info][gc,heap        ] GC(1122) Eden regions: 1114->0(1117)
[4172.963s][info][gc,heap        ] GC(1122) Survivor regions: 114->111(154)
[4172.963s][info][gc,heap        ] GC(1122) Old regions: 473->506
[4172.963s][info][gc,heap        ] GC(1122) Humongous regions: 80->80
[4172.963s][info][gc,metaspace   ] GC(1122) Metaspace: 28963K(29376K)->28963K(29376K) NonClass: 24094K(24256K)->24094K(24256K) Class: 4869K(5120K)->4869K(5120K)
[4172.963s][info][gc             ] GC(1122) Pause Young (Concurrent Start) (G1 Evacuation Pause) 3560M->1392M(4096M) 117.728ms
[4172.963s][info][gc             ] GC(1123) Concurrent Mark Cycle
[4172.963s][info][gc,marking     ] GC(1123) Concurrent Scan Root Regions
[4172.963s][info][gc,cpu         ] GC(1122) User=0.70s Sys=0.00s Real=0.12s
.[4173.146s][info][gc,marking     ] GC(1123) Concurrent Scan Root Regions 183.040ms
[4173.146s][info][gc,marking     ] GC(1123) Concurrent Mark
[4173.146s][info][gc,marking     ] GC(1123) Concurrent Mark From Roots
[4173.146s][info][gc,task        ] GC(1123) Using 2 workers of 2 for marking
.[4174.152s][info][gc,marking     ] GC(1123) Concurrent Mark From Roots 1005.829ms
[4174.152s][info][gc,marking     ] GC(1123) Concurrent Preclean
[4174.152s][info][gc,marking     ] GC(1123) Concurrent Preclean 0.102ms
[4174.154s][info][gc,start       ] GC(1123) Pause Remark
[4174.161s][info][gc             ] GC(1123) Pause Remark 2478M->2478M(4096M) 6.921ms
[4174.161s][info][gc,cpu         ] GC(1123) User=0.04s Sys=0.00s Real=0.00s
[4174.161s][info][gc,marking     ] GC(1123) Concurrent Mark 1015.047ms
[4174.161s][info][gc,marking     ] GC(1123) Concurrent Rebuild Remembered Sets and Scrub Regions
[4174.452s][info][gc,marking     ] GC(1123) Concurrent Rebuild Remembered Sets and Scrub Regions 291.177ms
[4174.452s][info][gc,start       ] GC(1123) Pause Cleanup
[4174.452s][info][gc             ] GC(1123) Pause Cleanup 2776M->2776M(4096M) 0.106ms
[4174.452s][info][gc,cpu         ] GC(1123) User=0.00s Sys=0.00s Real=0.00s
[4174.452s][info][gc,marking     ] GC(1123) Concurrent Clear Claimed Marks
[4174.452s][info][gc,marking     ] GC(1123) Concurrent Clear Claimed Marks 0.020ms
[4174.452s][info][gc,marking     ] GC(1123) Concurrent Cleanup for Next Mark
[4174.459s][info][gc,marking     ] GC(1123) Concurrent Cleanup for Next Mark 6.740ms
[4174.459s][info][gc             ] GC(1123) Concurrent Mark Cycle 1496.555ms
.[4175.365s][info][gc,start       ] GC(1124) Pause Young (Prepare Mixed) (G1 Evacuation Pause)
[4175.365s][info][gc,task        ] GC(1124) Using 6 workers of 6 for evacuation
[4175.482s][info][gc,phases      ] GC(1124)   Pre Evacuate Collection Set: 0.35ms
[4175.482s][info][gc,phases      ] GC(1124)   Merge Heap Roots: 0.53ms
[4175.482s][info][gc,phases      ] GC(1124)   Evacuate Collection Set: 115.16ms
[4175.482s][info][gc,phases      ] GC(1124)   Post Evacuate Collection Set: 0.90ms
[4175.482s][info][gc,phases      ] GC(1124)   Other: 0.09ms
[4175.482s][info][gc,heap        ] GC(1124) Eden regions: 1117->0(1109)
[4175.482s][info][gc,heap        ] GC(1124) Survivor regions: 111->109(154)
[4175.482s][info][gc,heap        ] GC(1124) Old regions: 506->538
[4175.482s][info][gc,heap        ] GC(1124) Humongous regions: 80->80
[4175.482s][info][gc,metaspace   ] GC(1124) Metaspace: 28963K(29376K)->28963K(29376K) NonClass: 24094K(24256K)->24094K(24256K) Class: 4869K(5120K)->4869K(5120K)
[4175.482s][info][gc             ] GC(1124) Pause Young (Prepare Mixed) (G1 Evacuation Pause) 3626M->1451M(4096M) 117.147ms
[4175.482s][info][gc,cpu         ] GC(1124) User=0.70s Sys=0.00s Real=0.12s
..[4177.915s][info][gc,start       ] GC(1125) Pause Young (Mixed) (G1 Evacuation Pause)
[4177.915s][info][gc,task        ] GC(1125) Using 6 workers of 6 for evacuation
[4178.050s][info][gc,phases      ] GC(1125)   Pre Evacuate Collection Set: 0.34ms
[4178.050s][info][gc,phases      ] GC(1125)   Merge Heap Roots: 0.69ms
[4178.050s][info][gc,phases      ] GC(1125)   Evacuate Collection Set: 132.99ms
[4178.050s][info][gc,phases      ] GC(1125)   Post Evacuate Collection Set: 0.95ms
[4178.050s][info][gc,phases      ] GC(1125)   Other: 0.09ms
[4178.050s][info][gc,heap        ] GC(1125) Eden regions: 1109->0(1115)
[4178.050s][info][gc,heap        ] GC(1125) Survivor regions: 109->113(153)
[4178.050s][info][gc,heap        ] GC(1125) Old regions: 538->475
[4178.050s][info][gc,heap        ] GC(1125) Humongous regions: 80->80
[4178.050s][info][gc,metaspace   ] GC(1125) Metaspace: 28963K(29376K)->28963K(29376K) NonClass: 24094K(24256K)->24094K(24256K) Class: 4869K(5120K)->4869K(5120K)
[4178.050s][info][gc             ] GC(1125) Pause Young (Mixed) (G1 Evacuation Pause) 3669M->1333M(4096M) 135.208ms
[4178.050s][info][gc,cpu         ] GC(1125) User=0.81s Sys=0.00s Real=0.13s
...[4180.437s][info][gc,start       ] GC(1126) Pause Young (Concurrent Start) (G1 Evacuation Pause)
[4180.437s][info][gc,task        ] GC(1126) Using 6 workers of 6 for evacuation
[4180.555s][info][gc,phases      ] GC(1126)   Pre Evacuate Collection Set: 0.39ms
[4180.555s][info][gc,phases      ] GC(1126)   Merge Heap Roots: 0.46ms
[4180.555s][info][gc,phases      ] GC(1126)   Evacuate Collection Set: 115.35ms
[4180.555s][info][gc,phases      ] GC(1126)   Post Evacuate Collection Set: 0.88ms
[4180.555s][info][gc,phases      ] GC(1126)   Other: 0.11ms
[4180.555s][info][gc,heap        ] GC(1126) Eden regions: 1115->0(1118)
[4180.555s][info][gc,heap        ] GC(1126) Survivor regions: 113->110(154)
[4180.555s][info][gc,heap        ] GC(1126) Old regions: 475->507
[4180.555s][info][gc,heap        ] GC(1126) Humongous regions: 80->80
[4180.555s][info][gc,metaspace   ] GC(1126) Metaspace: 28963K(29376K)->28963K(29376K) NonClass: 24094K(24256K)->24094K(24256K) Class: 4869K(5120K)->4869K(5120K)
[4180.555s][info][gc             ] GC(1126) Pause Young (Concurrent Start) (G1 Evacuation Pause) 3563M->1393M(4096M) 117.336ms
[4180.555s][info][gc             ] GC(1127) Concurrent Mark Cycle
[4180.555s][info][gc,marking     ] GC(1127) Concurrent Scan Root Regions
[4180.555s][info][gc,cpu         ] GC(1126) User=0.70s Sys=0.00s Real=0.12s
[4180.732s][info][gc,marking     ] GC(1127) Concurrent Scan Root Regions 177.624ms
[4180.732s][info][gc,marking     ] GC(1127) Concurrent Mark
[4180.732s][info][gc,marking     ] GC(1127) Concurrent Mark From Roots
[4180.732s][info][gc,task        ] GC(1127) Using 2 workers of 2 for marking
.[4181.464s][info][gc,marking     ] GC(1127) Concurrent Mark From Roots 731.687ms
[4181.464s][info][gc,marking     ] GC(1127) Concurrent Preclean
[4181.464s][info][gc,marking     ] GC(1127) Concurrent Preclean 0.086ms
[4181.464s][info][gc,start       ] GC(1127) Pause Remark
[4181.470s][info][gc             ] GC(1127) Pause Remark 2223M->2223M(4096M) 5.820ms
[4181.470s][info][gc,cpu         ] GC(1127) User=0.03s Sys=0.00s Real=0.00s
[4181.471s][info][gc,marking     ] GC(1127) Concurrent Mark 738.522ms
[4181.471s][info][gc,marking     ] GC(1127) Concurrent Rebuild Remembered Sets and Scrub Regions
[4181.748s][info][gc,marking     ] GC(1127) Concurrent Rebuild Remembered Sets and Scrub Regions 276.748ms
[4181.748s][info][gc,start       ] GC(1127) Pause Cleanup
[4181.749s][info][gc             ] GC(1127) Pause Cleanup 2483M->2483M(4096M) 0.129ms
[4181.749s][info][gc,cpu         ] GC(1127) User=0.00s Sys=0.00s Real=0.00s
[4181.750s][info][gc,marking     ] GC(1127) Concurrent Clear Claimed Marks
[4181.750s][info][gc,marking     ] GC(1127) Concurrent Clear Claimed Marks 0.038ms
[4181.750s][info][gc,marking     ] GC(1127) Concurrent Cleanup for Next Mark
[4181.755s][info][gc,marking     ] GC(1127) Concurrent Cleanup for Next Mark 5.560ms
[4181.755s][info][gc             ] GC(1127) Concurrent Mark Cycle 1200.716ms
..[4183.099s][info][gc,start       ] GC(1128) Pause Young (Prepare Mixed) (G1 Evacuation Pause)
[4183.099s][info][gc,task        ] GC(1128) Using 6 workers of 6 for evacuation
[4183.220s][info][gc,phases      ] GC(1128)   Pre Evacuate Collection Set: 0.32ms
[4183.220s][info][gc,phases      ] GC(1128)   Merge Heap Roots: 0.50ms
[4183.220s][info][gc,phases      ] GC(1128)   Evacuate Collection Set: 118.33ms
[4183.220s][info][gc,phases      ] GC(1128)   Post Evacuate Collection Set: 0.93ms
[4183.220s][info][gc,phases      ] GC(1128)   Other: 0.09ms
[4183.220s][info][gc,heap        ] GC(1128) Eden regions: 1118->0(1102)
[4183.220s][info][gc,heap        ] GC(1128) Survivor regions: 110->112(154)
[4183.220s][info][gc,heap        ] GC(1128) Old regions: 507->539
[4183.220s][info][gc,heap        ] GC(1128) Humongous regions: 80->80
[4183.220s][info][gc,metaspace   ] GC(1128) Metaspace: 28963K(29376K)->28963K(29376K) NonClass: 24094K(24256K)->24094K(24256K) Class: 4869K(5120K)->4869K(5120K)
[4183.220s][info][gc             ] GC(1128) Pause Young (Prepare Mixed) (G1 Evacuation Pause) 3629M->1461M(4096M) 120.295ms
[4183.220s][info][gc,cpu         ] GC(1128) User=0.71s Sys=0.00s Real=0.12s
..[4185.503s][info][gc,start       ] GC(1129) Pause Young (Mixed) (G1 Evacuation Pause)
[4185.503s][info][gc,task        ] GC(1129) Using 6 workers of 6 for evacuation
[4185.640s][info][gc,phases      ] GC(1129)   Pre Evacuate Collection Set: 0.36ms
[4185.640s][info][gc,phases      ] GC(1129)   Merge Heap Roots: 0.80ms
[4185.640s][info][gc,phases      ] GC(1129)   Evacuate Collection Set: 135.20ms
[4185.640s][info][gc,phases      ] GC(1129)   Post Evacuate Collection Set: 0.96ms
[4185.640s][info][gc,phases      ] GC(1129)   Other: 0.09ms
[4185.640s][info][gc,heap        ] GC(1129) Eden regions: 1102->0(1117)
[4185.640s][info][gc,heap        ] GC(1129) Survivor regions: 112->111(152)
[4185.640s][info][gc,heap        ] GC(1129) Old regions: 539->475
[4185.640s][info][gc,heap        ] GC(1129) Humongous regions: 80->80
[4185.640s][info][gc,metaspace   ] GC(1129) Metaspace: 28963K(29376K)->28963K(29376K) NonClass: 24094K(24256K)->24094K(24256K) Class: 4869K(5120K)->4869K(5120K)
[4185.640s][info][gc             ] GC(1129) Pause Young (Mixed) (G1 Evacuation Pause) 3665M->1329M(4096M) 137.540ms
[4185.640s][info][gc,cpu         ] GC(1129) User=0.82s Sys=0.00s Real=0.13s
..[4188.016s][info][gc,start       ] GC(1130) Pause Young (Concurrent Start) (G1 Evacuation Pause)
[4188.016s][info][gc,task        ] GC(1130) Using 6 workers of 6 for evacuation
[4188.135s][info][gc,phases      ] GC(1130)   Pre Evacuate Collection Set: 0.40ms
[4188.135s][info][gc,phases      ] GC(1130)   Merge Heap Roots: 0.47ms
[4188.135s][info][gc,phases      ] GC(1130)   Evacuate Collection Set: 116.56ms
[4188.135s][info][gc,phases      ] GC(1130)   Post Evacuate Collection Set: 0.86ms
[4188.135s][info][gc,phases      ] GC(1130)   Other: 0.13ms
[4188.135s][info][gc,heap        ] GC(1130) Eden regions: 1117->0(1119)
[4188.135s][info][gc,heap        ] GC(1130) Survivor regions: 111->109(154)
[4188.135s][info][gc,heap        ] GC(1130) Old regions: 475->508
[4188.135s][info][gc,heap        ] GC(1130) Humongous regions: 80->80
[4188.135s][info][gc,metaspace   ] GC(1130) Metaspace: 28963K(29376K)->28963K(29376K) NonClass: 24094K(24256K)->24094K(24256K) Class: 4869K(5120K)->4869K(5120K)
[4188.135s][info][gc             ] GC(1130) Pause Young (Concurrent Start) (G1 Evacuation Pause) 3563M->1393M(4096M) 118.552ms
[4188.135s][info][gc             ] GC(1131) Concurrent Mark Cycle
[4188.135s][info][gc,marking     ] GC(1131) Concurrent Scan Root Regions
[4188.135s][info][gc,cpu         ] GC(1130) User=0.70s Sys=0.00s Real=0.12s
.[4188.284s][info][gc,marking     ] GC(1131) Concurrent Scan Root Regions 149.525ms
[4188.285s][info][gc,marking     ] GC(1131) Concurrent Mark
[4188.285s][info][gc,marking     ] GC(1131) Concurrent Mark From Roots
[4188.285s][info][gc,task        ] GC(1131) Using 2 workers of 2 for marking
[4189.032s][info][gc,marking     ] GC(1131) Concurrent Mark From Roots 747.233ms
[4189.032s][info][gc,marking     ] GC(1131) Concurrent Preclean
[4189.032s][info][gc,marking     ] GC(1131) Concurrent Preclean 0.090ms
[4189.034s][info][gc,start       ] GC(1131) Pause Remark
[4189.039s][info][gc             ] GC(1131) Pause Remark 2153M->2153M(4096M) 5.480ms
[4189.039s][info][gc,cpu         ] GC(1131) User=0.03s Sys=0.00s Real=0.00s
[4189.040s][info][gc,marking     ] GC(1131) Concurrent Mark 755.552ms
[4189.040s][info][gc,marking     ] GC(1131) Concurrent Rebuild Remembered Sets and Scrub Regions
.[4189.311s][info][gc,marking     ] GC(1131) Concurrent Rebuild Remembered Sets and Scrub Regions 270.607ms
[4189.311s][info][gc,start       ] GC(1131) Pause Cleanup
[4189.311s][info][gc             ] GC(1131) Pause Cleanup 2419M->2419M(4096M) 0.114ms
[4189.311s][info][gc,cpu         ] GC(1131) User=0.00s Sys=0.00s Real=0.00s
[4189.311s][info][gc,marking     ] GC(1131) Concurrent Clear Claimed Marks
[4189.311s][info][gc,marking     ] GC(1131) Concurrent Clear Claimed Marks 0.025ms
[4189.311s][info][gc,marking     ] GC(1131) Concurrent Cleanup for Next Mark
[4189.316s][info][gc,marking     ] GC(1131) Concurrent Cleanup for Next Mark 4.555ms
[4189.316s][info][gc             ] GC(1131) Concurrent Mark Cycle 1180.788ms
.[4190.576s][info][gc,start       ] GC(1132) Pause Young (Prepare Mixed) (G1 Evacuation Pause)
[4190.576s][info][gc,task        ] GC(1132) Using 6 workers of 6 for evacuation
[4190.694s][info][gc,phases      ] GC(1132)   Pre Evacuate Collection Set: 0.31ms
[4190.694s][info][gc,phases      ] GC(1132)   Merge Heap Roots: 0.49ms
[4190.694s][info][gc,phases      ] GC(1132)   Evacuate Collection Set: 116.02ms
[4190.694s][info][gc,phases      ] GC(1132)   Post Evacuate Collection Set: 0.91ms
[4190.694s][info][gc,phases      ] GC(1132)   Other: 0.08ms
[4190.694s][info][gc,heap        ] GC(1132) Eden regions: 1119->0(1103)
[4190.694s][info][gc,heap        ] GC(1132) Survivor regions: 109->111(154)
[4190.694s][info][gc,heap        ] GC(1132) Old regions: 508->540
[4190.694s][info][gc,heap        ] GC(1132) Humongous regions: 80->80
[4190.694s][info][gc,metaspace   ] GC(1132) Metaspace: 28963K(29376K)->28963K(29376K) NonClass: 24094K(24256K)->24094K(24256K) Class: 4869K(5120K)->4869K(5120K)
[4190.694s][info][gc             ] GC(1132) Pause Young (Prepare Mixed) (G1 Evacuation Pause) 3631M->1459M(4096M) 117.960ms
[4190.694s][info][gc,cpu         ] GC(1132) User=0.70s Sys=0.00s Real=0.12s
..[4193.051s][info][gc,start       ] GC(1133) Pause Young (Mixed) (G1 Evacuation Pause)
[4193.051s][info][gc,task        ] GC(1133) Using 6 workers of 6 for evacuation
[4193.183s][info][gc,phases      ] GC(1133)   Pre Evacuate Collection Set: 0.33ms
[4193.183s][info][gc,phases      ] GC(1133)   Merge Heap Roots: 0.70ms
[4193.183s][info][gc,phases      ] GC(1133)   Evacuate Collection Set: 130.12ms
[4193.183s][info][gc,phases      ] GC(1133)   Post Evacuate Collection Set: 0.94ms
[4193.183s][info][gc,phases      ] GC(1133)   Other: 0.09ms
[4193.183s][info][gc,heap        ] GC(1133) Eden regions: 1103->0(1120)
[4193.184s][info][gc,heap        ] GC(1133) Survivor regions: 111->108(152)
[4193.184s][info][gc,heap        ] GC(1133) Old regions: 540->476
[4193.184s][info][gc,heap        ] GC(1133) Humongous regions: 80->80
[4193.184s][info][gc,metaspace   ] GC(1133) Metaspace: 28963K(29376K)->28963K(29376K) NonClass: 24094K(24256K)->24094K(24256K) Class: 4869K(5120K)->4869K(5120K)
[4193.184s][info][gc             ] GC(1133) Pause Young (Mixed) (G1 Evacuation Pause) 3665M->1326M(4096M) 132.314ms
[4193.184s][info][gc,cpu         ] GC(1133) User=0.78s Sys=0.01s Real=0.14s
...[4195.602s][info][gc,start       ] GC(1134) Pause Young (Concurrent Start) (G1 Evacuation Pause)
[4195.602s][info][gc,task        ] GC(1134) Using 6 workers of 6 for evacuation
[4195.724s][info][gc,phases      ] GC(1134)   Pre Evacuate Collection Set: 0.38ms
[4195.724s][info][gc,phases      ] GC(1134)   Merge Heap Roots: 0.49ms
[4195.724s][info][gc,phases      ] GC(1134)   Evacuate Collection Set: 120.18ms
[4195.724s][info][gc,phases      ] GC(1134)   Post Evacuate Collection Set: 0.86ms
[4195.724s][info][gc,phases      ] GC(1134)   Other: 0.12ms
[4195.724s][info][gc,heap        ] GC(1134) Eden regions: 1120->0(1115)
[4195.724s][info][gc,heap        ] GC(1134) Survivor regions: 108->113(154)
[4195.724s][info][gc,heap        ] GC(1134) Old regions: 476->508
[4195.724s][info][gc,heap        ] GC(1134) Humongous regions: 80->80
[4195.724s][info][gc,metaspace   ] GC(1134) Metaspace: 28963K(29376K)->28963K(29376K) NonClass: 24094K(24256K)->24094K(24256K) Class: 4869K(5120K)->4869K(5120K)
[4195.724s][info][gc             ] GC(1134) Pause Young (Concurrent Start) (G1 Evacuation Pause) 3566M->1400M(4096M) 122.171ms
[4195.724s][info][gc             ] GC(1135) Concurrent Mark Cycle
[4195.724s][info][gc,marking     ] GC(1135) Concurrent Scan Root Regions
[4195.724s][info][gc,cpu         ] GC(1134) User=0.72s Sys=0.00s Real=0.13s
[4195.928s][info][gc,marking     ] GC(1135) Concurrent Scan Root Regions 203.721ms
[4195.928s][info][gc,marking     ] GC(1135) Concurrent Mark
[4195.928s][info][gc,marking     ] GC(1135) Concurrent Mark From Roots
[4195.928s][info][gc,task        ] GC(1135) Using 2 workers of 2 for marking
.[4196.868s][info][gc,marking     ] GC(1135) Concurrent Mark From Roots 940.588ms
[4196.868s][info][gc,marking     ] GC(1135) Concurrent Preclean
[4196.868s][info][gc,marking     ] GC(1135) Concurrent Preclean 0.124ms
[4196.869s][info][gc,start       ] GC(1135) Pause Remark
[4196.876s][info][gc             ] GC(1135) Pause Remark 2489M->2489M(4096M) 6.756ms
[4196.876s][info][gc,cpu         ] GC(1135) User=0.04s Sys=0.00s Real=0.01s
[4196.876s][info][gc,marking     ] GC(1135) Concurrent Mark 948.244ms
[4196.876s][info][gc,marking     ] GC(1135) Concurrent Rebuild Remembered Sets and Scrub Regions
.[4197.240s][info][gc,marking     ] GC(1135) Concurrent Rebuild Remembered Sets and Scrub Regions 364.290ms
[4197.242s][info][gc,start       ] GC(1135) Pause Cleanup
[4197.242s][info][gc             ] GC(1135) Pause Cleanup 2808M->2808M(4096M) 0.124ms
[4197.242s][info][gc,cpu         ] GC(1135) User=0.00s Sys=0.00s Real=0.00s
[4197.242s][info][gc,marking     ] GC(1135) Concurrent Clear Claimed Marks
[4197.242s][info][gc,marking     ] GC(1135) Concurrent Clear Claimed Marks 0.037ms
[4197.242s][info][gc,marking     ] GC(1135) Concurrent Cleanup for Next Mark
[4197.248s][info][gc,marking     ] GC(1135) Concurrent Cleanup for Next Mark 6.252ms
[4197.248s][info][gc             ] GC(1135) Concurrent Mark Cycle 1524.333ms
[4198.151s][info][gc,start       ] GC(1136) Pause Young (Prepare Mixed) (G1 Evacuation Pause)
[4198.151s][info][gc,task        ] GC(1136) Using 6 workers of 6 for evacuation
[4198.270s][info][gc,phases      ] GC(1136)   Pre Evacuate Collection Set: 0.33ms
[4198.270s][info][gc,phases      ] GC(1136)   Merge Heap Roots: 0.51ms
[4198.270s][info][gc,phases      ] GC(1136)   Evacuate Collection Set: 116.87ms
[4198.270s][info][gc,phases      ] GC(1136)   Post Evacuate Collection Set: 0.92ms
[4198.270s][info][gc,phases      ] GC(1136)   Other: 0.09ms
[4198.270s][info][gc,heap        ] GC(1136) Eden regions: 1115->0(1106)
[4198.270s][info][gc,heap        ] GC(1136) Survivor regions: 113->110(154)
[4198.270s][info][gc,heap        ] GC(1136) Old regions: 508->539
[4198.270s][info][gc,heap        ] GC(1136) Humongous regions: 80->80
[4198.270s][info][gc,metaspace   ] GC(1136) Metaspace: 28963K(29376K)->28963K(29376K) NonClass: 24094K(24256K)->24094K(24256K) Class: 4869K(5120K)->4869K(5120K)
[4198.270s][info][gc             ] GC(1136) Pause Young (Prepare Mixed) (G1 Evacuation Pause) 3630M->1456M(4096M) 118.837ms
[4198.270s][info][gc,cpu         ] GC(1136) User=0.71s Sys=0.00s Real=0.12s
...[4200.678s][info][gc,start       ] GC(1137) Pause Young (Mixed) (G1 Evacuation Pause)
[4200.678s][info][gc,task        ] GC(1137) Using 6 workers of 6 for evacuation
[4200.812s][info][gc,phases      ] GC(1137)   Pre Evacuate Collection Set: 0.37ms
[4200.812s][info][gc,phases      ] GC(1137)   Merge Heap Roots: 0.71ms
[4200.812s][info][gc,phases      ] GC(1137)   Evacuate Collection Set: 131.34ms
[4200.812s][info][gc,phases      ] GC(1137)   Post Evacuate Collection Set: 0.94ms
[4200.812s][info][gc,phases      ] GC(1137)   Other: 0.09ms
[4200.812s][info][gc,heap        ] GC(1137) Eden regions: 1106->0(1118)
[4200.812s][info][gc,heap        ] GC(1137) Survivor regions: 110->110(152)
[4200.812s][info][gc,heap        ] GC(1137) Old regions: 539->474
[4200.812s][info][gc,heap        ] GC(1137) Humongous regions: 80->80
[4200.812s][info][gc,metaspace   ] GC(1137) Metaspace: 28963K(29376K)->28963K(29376K) NonClass: 24094K(24256K)->24094K(24256K) Class: 4869K(5120K)->4869K(5120K)
[4200.812s][info][gc             ] GC(1137) Pause Young (Mixed) (G1 Evacuation Pause) 3668M->1326M(4096M) 133.596ms
[4200.812s][info][gc,cpu         ] GC(1137) User=0.79s Sys=0.00s Real=0.13s
..[4203.205s][info][gc,start       ] GC(1138) Pause Young (Concurrent Start) (G1 Evacuation Pause)
[4203.205s][info][gc,task        ] GC(1138) Using 6 workers of 6 for evacuation
[4203.321s][info][gc,phases      ] GC(1138)   Pre Evacuate Collection Set: 0.36ms
[4203.321s][info][gc,phases      ] GC(1138)   Merge Heap Roots: 0.51ms
[4203.321s][info][gc,phases      ] GC(1138)   Evacuate Collection Set: 114.71ms
[4203.321s][info][gc,phases      ] GC(1138)   Post Evacuate Collection Set: 0.85ms
[4203.321s][info][gc,phases      ] GC(1138)   Other: 0.10ms
[4203.321s][info][gc,heap        ] GC(1138) Eden regions: 1118->0(1120)
[4203.321s][info][gc,heap        ] GC(1138) Survivor regions: 110->108(154)
[4203.321s][info][gc,heap        ] GC(1138) Old regions: 474->507
[4203.321s][info][gc,heap        ] GC(1138) Humongous regions: 80->80
[4203.321s][info][gc,metaspace   ] GC(1138) Metaspace: 28963K(29376K)->28963K(29376K) NonClass: 24094K(24256K)->24094K(24256K) Class: 4869K(5120K)->4869K(5120K)
[4203.321s][info][gc             ] GC(1138) Pause Young (Concurrent Start) (G1 Evacuation Pause) 3562M->1388M(4096M) 116.699ms
[4203.321s][info][gc             ] GC(1139) Concurrent Mark Cycle
[4203.322s][info][gc,marking     ] GC(1139) Concurrent Scan Root Regions
[4203.322s][info][gc,cpu         ] GC(1138) User=0.69s Sys=0.00s Real=0.11s
.[4203.520s][info][gc,marking     ] GC(1139) Concurrent Scan Root Regions 198.704ms
[4203.520s][info][gc,marking     ] GC(1139) Concurrent Mark
[4203.520s][info][gc,marking     ] GC(1139) Concurrent Mark From Roots
[4203.520s][info][gc,task        ] GC(1139) Using 2 workers of 2 for marking
.[4204.419s][info][gc,marking     ] GC(1139) Concurrent Mark From Roots 898.548ms
[4204.419s][info][gc,marking     ] GC(1139) Concurrent Preclean
[4204.419s][info][gc,marking     ] GC(1139) Concurrent Preclean 0.104ms
[4204.420s][info][gc,start       ] GC(1139) Pause Remark
[4204.424s][info][gc             ] GC(1139) Pause Remark 2410M->2410M(4096M) 3.769ms
[4204.424s][info][gc,cpu         ] GC(1139) User=0.02s Sys=0.00s Real=0.01s
[4204.425s][info][gc,marking     ] GC(1139) Concurrent Mark 904.650ms
[4204.425s][info][gc,marking     ] GC(1139) Concurrent Rebuild Remembered Sets and Scrub Regions
[4204.779s][info][gc,marking     ] GC(1139) Concurrent Rebuild Remembered Sets and Scrub Regions 354.182ms
[4204.779s][info][gc,start       ] GC(1139) Pause Cleanup
[4204.779s][info][gc             ] GC(1139) Pause Cleanup 2739M->2739M(4096M) 0.119ms
[4204.779s][info][gc,cpu         ] GC(1139) User=0.00s Sys=0.00s Real=0.00s
[4204.779s][info][gc,marking     ] GC(1139) Concurrent Clear Claimed Marks
[4204.779s][info][gc,marking     ] GC(1139) Concurrent Clear Claimed Marks 0.024ms
[4204.779s][info][gc,marking     ] GC(1139) Concurrent Cleanup for Next Mark
[4204.784s][info][gc,marking     ] GC(1139) Concurrent Cleanup for Next Mark 4.276ms
[4204.784s][info][gc             ] GC(1139) Concurrent Mark Cycle 1462.354ms
.[4205.760s][info][gc,start       ] GC(1140) Pause Young (Prepare Mixed) (G1 Evacuation Pause)
[4205.760s][info][gc,task        ] GC(1140) Using 6 workers of 6 for evacuation
[4205.884s][info][gc,phases      ] GC(1140)   Pre Evacuate Collection Set: 0.34ms
[4205.884s][info][gc,phases      ] GC(1140)   Merge Heap Roots: 0.55ms
[4205.885s][info][gc,phases      ] GC(1140)   Evacuate Collection Set: 123.04ms
[4205.885s][info][gc,phases      ] GC(1140)   Post Evacuate Collection Set: 0.84ms
[4205.885s][info][gc,phases      ] GC(1140)   Other: 0.08ms
[4205.885s][info][gc,heap        ] GC(1140) Eden regions: 1120->0(1095)
[4205.885s][info][gc,heap        ] GC(1140) Survivor regions: 108->116(154)
[4205.885s][info][gc,heap        ] GC(1140) Old regions: 507->538
[4205.885s][info][gc,heap        ] GC(1140) Humongous regions: 80->80
[4205.885s][info][gc,metaspace   ] GC(1140) Metaspace: 28963K(29376K)->28963K(29376K) NonClass: 24094K(24256K)->24094K(24256K) Class: 4869K(5120K)->4869K(5120K)
[4205.885s][info][gc             ] GC(1140) Pause Young (Prepare Mixed) (G1 Evacuation Pause) 3628M->1465M(4096M) 124.989ms
[4205.885s][info][gc,cpu         ] GC(1140) User=0.75s Sys=0.00s Real=0.13s
..[4208.211s][info][gc,start       ] GC(1141) Pause Young (Mixed) (G1 Evacuation Pause)
[4208.211s][info][gc,task        ] GC(1141) Using 6 workers of 6 for evacuation
[4208.345s][info][gc,phases      ] GC(1141)   Pre Evacuate Collection Set: 0.35ms
[4208.345s][info][gc,phases      ] GC(1141)   Merge Heap Roots: 0.70ms
[4208.345s][info][gc,phases      ] GC(1141)   Evacuate Collection Set: 131.64ms
[4208.345s][info][gc,phases      ] GC(1141)   Post Evacuate Collection Set: 0.94ms
[4208.345s][info][gc,phases      ] GC(1141)   Other: 0.09ms
[4208.345s][info][gc,heap        ] GC(1141) Eden regions: 1095->0(1118)
[4208.345s][info][gc,heap        ] GC(1141) Survivor regions: 116->110(152)
[4208.345s][info][gc,heap        ] GC(1141) Old regions: 538->474
[4208.345s][info][gc,heap        ] GC(1141) Humongous regions: 80->80
[4208.345s][info][gc,metaspace   ] GC(1141) Metaspace: 28963K(29376K)->28963K(29376K) NonClass: 24094K(24256K)->24094K(24256K) Class: 4869K(5120K)->4869K(5120K)
[4208.345s][info][gc             ] GC(1141) Pause Young (Mixed) (G1 Evacuation Pause) 3655M->1327M(4096M) 133.863ms
[4208.345s][info][gc,cpu         ] GC(1141) User=0.79s Sys=0.00s Real=0.14s
...[4210.721s][info][gc,start       ] GC(1142) Pause Young (Concurrent Start) (G1 Evacuation Pause)
[4210.721s][info][gc,task        ] GC(1142) Using 6 workers of 6 for evacuation
[4210.844s][info][gc,phases      ] GC(1142)   Pre Evacuate Collection Set: 0.35ms
[4210.844s][info][gc,phases      ] GC(1142)   Merge Heap Roots: 0.49ms
[4210.844s][info][gc,phases      ] GC(1142)   Evacuate Collection Set: 120.55ms
[4210.844s][info][gc,phases      ] GC(1142)   Post Evacuate Collection Set: 0.90ms
[4210.844s][info][gc,phases      ] GC(1142)   Other: 0.11ms
[4210.844s][info][gc,heap        ] GC(1142) Eden regions: 1118->0(1115)
[4210.844s][info][gc,heap        ] GC(1142) Survivor regions: 110->113(154)
[4210.844s][info][gc,heap        ] GC(1142) Old regions: 474->506
[4210.844s][info][gc,heap        ] GC(1142) Humongous regions: 80->80
[4210.844s][info][gc,metaspace   ] GC(1142) Metaspace: 28963K(29376K)->28963K(29376K) NonClass: 24094K(24256K)->24094K(24256K) Class: 4869K(5120K)->4869K(5120K)
[4210.844s][info][gc             ] GC(1142) Pause Young (Concurrent Start) (G1 Evacuation Pause) 3563M->1396M(4096M) 122.532ms
[4210.844s][info][gc             ] GC(1143) Concurrent Mark Cycle
[4210.844s][info][gc,marking     ] GC(1143) Concurrent Scan Root Regions
[4210.844s][info][gc,cpu         ] GC(1142) User=0.73s Sys=0.00s Real=0.13s
[4210.988s][info][gc,marking     ] GC(1143) Concurrent Scan Root Regions 143.778ms
[4210.988s][info][gc,marking     ] GC(1143) Concurrent Mark
[4210.988s][info][gc,marking     ] GC(1143) Concurrent Mark From Roots
[4210.988s][info][gc,task        ] GC(1143) Using 2 workers of 2 for marking
.[4211.695s][info][gc,marking     ] GC(1143) Concurrent Mark From Roots 706.852ms
[4211.695s][info][gc,marking     ] GC(1143) Concurrent Preclean
[4211.695s][info][gc,marking     ] GC(1143) Concurrent Preclean 0.098ms
[4211.698s][info][gc,start       ] GC(1143) Pause Remark
[4211.702s][info][gc             ] GC(1143) Pause Remark 2114M->2114M(4096M) 4.021ms
[4211.702s][info][gc,cpu         ] GC(1143) User=0.02s Sys=0.00s Real=0.00s
[4211.702s][info][gc,marking     ] GC(1143) Concurrent Mark 714.298ms
[4211.702s][info][gc,marking     ] GC(1143) Concurrent Rebuild Remembered Sets and Scrub Regions
[4212.043s][info][gc,marking     ] GC(1143) Concurrent Rebuild Remembered Sets and Scrub Regions 340.518ms
[4212.044s][info][gc,start       ] GC(1143) Pause Cleanup
[4212.044s][info][gc             ] GC(1143) Pause Cleanup 2412M->2412M(4096M) 0.119ms
[4212.044s][info][gc,cpu         ] GC(1143) User=0.00s Sys=0.00s Real=0.00s
[4212.044s][info][gc,marking     ] GC(1143) Concurrent Clear Claimed Marks
[4212.044s][info][gc,marking     ] GC(1143) Concurrent Clear Claimed Marks 0.031ms
[4212.044s][info][gc,marking     ] GC(1143) Concurrent Cleanup for Next Mark
[4212.075s][info][gc,marking     ] GC(1143) Concurrent Cleanup for Next Mark 30.501ms
[4212.075s][info][gc             ] GC(1143) Concurrent Mark Cycle 1231.107ms
.[4213.245s][info][gc,start       ] GC(1144) Pause Young (Prepare Mixed) (G1 Evacuation Pause)
[4213.245s][info][gc,task        ] GC(1144) Using 6 workers of 6 for evacuation
[4213.371s][info][gc,phases      ] GC(1144)   Pre Evacuate Collection Set: 0.33ms
[4213.371s][info][gc,phases      ] GC(1144)   Merge Heap Roots: 0.53ms
[4213.371s][info][gc,phases      ] GC(1144)   Evacuate Collection Set: 123.58ms
[4213.371s][info][gc,phases      ] GC(1144)   Post Evacuate Collection Set: 0.95ms
[4213.371s][info][gc,phases      ] GC(1144)   Other: 0.09ms
[4213.371s][info][gc,heap        ] GC(1144) Eden regions: 1115->0(1095)
[4213.371s][info][gc,heap        ] GC(1144) Survivor regions: 113->116(154)
[4213.371s][info][gc,heap        ] GC(1144) Old regions: 506->538
[4213.371s][info][gc,heap        ] GC(1144) Humongous regions: 80->80
[4213.371s][info][gc,metaspace   ] GC(1144) Metaspace: 28963K(29376K)->28963K(29376K) NonClass: 24094K(24256K)->24094K(24256K) Class: 4869K(5120K)->4869K(5120K)
[4213.371s][info][gc             ] GC(1144) Pause Young (Prepare Mixed) (G1 Evacuation Pause) 3626M->1466M(4096M) 125.643ms
[4213.371s][info][gc,cpu         ] GC(1144) User=0.75s Sys=0.00s Real=0.12s
...[4215.694s][info][gc,start       ] GC(1145) Pause Young (Mixed) (G1 Evacuation Pause)
[4215.694s][info][gc,task        ] GC(1145) Using 6 workers of 6 for evacuation
[4215.833s][info][gc,phases      ] GC(1145)   Pre Evacuate Collection Set: 0.37ms
[4215.833s][info][gc,phases      ] GC(1145)   Merge Heap Roots: 0.73ms
[4215.833s][info][gc,phases      ] GC(1145)   Evacuate Collection Set: 136.80ms
[4215.833s][info][gc,phases      ] GC(1145)   Post Evacuate Collection Set: 0.93ms
[4215.833s][info][gc,phases      ] GC(1145)   Other: 0.08ms
[4215.833s][info][gc,heap        ] GC(1145) Eden regions: 1095->0(1116)
[4215.833s][info][gc,heap        ] GC(1145) Survivor regions: 116->112(152)
[4215.833s][info][gc,heap        ] GC(1145) Old regions: 538->475
[4215.833s][info][gc,heap        ] GC(1145) Humongous regions: 80->80
[4215.833s][info][gc,metaspace   ] GC(1145) Metaspace: 28963K(29376K)->28963K(29376K) NonClass: 24094K(24256K)->24094K(24256K) Class: 4869K(5120K)->4869K(5120K)
[4215.833s][info][gc             ] GC(1145) Pause Young (Mixed) (G1 Evacuation Pause) 3656M->1332M(4096M) 139.045ms
[4215.833s][info][gc,cpu         ] GC(1145) User=0.83s Sys=0.00s Real=0.14s
..[4218.228s][info][gc,start       ] GC(1146) Pause Young (Concurrent Start) (G1 Evacuation Pause)
[4218.228s][info][gc,task        ] GC(1146) Using 6 workers of 6 for evacuation
[4218.348s][info][gc,phases      ] GC(1146)   Pre Evacuate Collection Set: 0.43ms
[4218.348s][info][gc,phases      ] GC(1146)   Merge Heap Roots: 0.53ms
[4218.348s][info][gc,phases      ] GC(1146)   Evacuate Collection Set: 117.77ms
[4218.348s][info][gc,phases      ] GC(1146)   Post Evacuate Collection Set: 0.85ms
[4218.348s][info][gc,phases      ] GC(1146)   Other: 0.13ms
[4218.348s][info][gc,heap        ] GC(1146) Eden regions: 1116->0(1117)
[4218.348s][info][gc,heap        ] GC(1146) Survivor regions: 112->111(154)
[4218.348s][info][gc,heap        ] GC(1146) Old regions: 475->507
[4218.348s][info][gc,heap        ] GC(1146) Humongous regions: 80->80
[4218.348s][info][gc,metaspace   ] GC(1146) Metaspace: 28963K(29376K)->28963K(29376K) NonClass: 24094K(24256K)->24094K(24256K) Class: 4869K(5120K)->4869K(5120K)
[4218.348s][info][gc             ] GC(1146) Pause Young (Concurrent Start) (G1 Evacuation Pause) 3564M->1395M(4096M) 119.848ms
[4218.348s][info][gc             ] GC(1147) Concurrent Mark Cycle
[4218.348s][info][gc,marking     ] GC(1147) Concurrent Scan Root Regions
[4218.348s][info][gc,cpu         ] GC(1146) User=0.71s Sys=0.00s Real=0.12s
.[4218.535s][info][gc,marking     ] GC(1147) Concurrent Scan Root Regions 186.759ms
[4218.535s][info][gc,marking     ] GC(1147) Concurrent Mark
[4218.535s][info][gc,marking     ] GC(1147) Concurrent Mark From Roots
[4218.535s][info][gc,task        ] GC(1147) Using 2 workers of 2 for marking
[4219.481s][info][gc,marking     ] GC(1147) Concurrent Mark From Roots 946.275ms
[4219.481s][info][gc,marking     ] GC(1147) Concurrent Preclean
[4219.481s][info][gc,marking     ] GC(1147) Concurrent Preclean 0.067ms
[4219.482s][info][gc,start       ] GC(1147) Pause Remark
[4219.488s][info][gc             ] GC(1147) Pause Remark 2473M->2473M(4096M) 6.558ms
[4219.488s][info][gc,cpu         ] GC(1147) User=0.04s Sys=0.00s Real=0.01s
[4219.488s][info][gc,marking     ] GC(1147) Concurrent Mark 953.156ms
[4219.488s][info][gc,marking     ] GC(1147) Concurrent Rebuild Remembered Sets and Scrub Regions
. (rIR:aIR:PR = 7472:7459:7459) (tPR = 110892) [OK] 
  4219s: Performance info:
         Transaction,    Success,    Partial,     Failed,   Receipts, AvgBarcode, 
             Overall,     452856,          0,          0,     430198,      59.48, 
         Response times:
             Request,    Success,    Partial,     Failed,   SkipFail,     Probes,    Samples,      min,      p50,      p90,      p95,      p99,      max, 
       TotalPurchase,     430187,          0,          0,          0,     360054,     537944,      300,     6400,    77000,   113000,   184000,   492000,
     InStorePurchase,     226553,          0,          0,          0,     188927,     282136,      300,     6300,    76000,   112000,   183000,   449000,
      OnlinePurchase,     158406,          0,          0,          0,     133094,     198452,      300,     6400,    77000,   114000,   184000,   491000,
        InstPurchase,      45228,          0,          0,          0,      38033,      57356,      300,     6800,    79000,   116000,   187000,   492000,
          AssocOfCat,        453,          0,          0,          0,        355,        638,    22000,    42000,   117200,   163000,   225830,   275000,
      AssocOfProduct,       4528,          0,          0,          0,       4195,       6588,      500,     6600,    74000,   112000,   179110,   362000,
      BusinessReport,       1136,          0,          0,          0,        988,       1603,    28000,    50000,   134600,   179000,   247920,   456000,
          CustBuyBeh,       4520,          0,          0,          0,       4264,       6671,      300,     5900,    69000,   104000,   187280,   341000,
       ProductReturn,      12020,          0,          0,          0,      10117,      15591,      200,     6300,    73000,   110000,   176000,   308000,

  4219s: (55%)   IR =   7610 [4219.742s][info][gc,marking     ] GC(1147) Concurrent Rebuild Remembered Sets and Scrub Regions 254.148ms
[4219.744s][info][gc,start       ] GC(1147) Pause Cleanup
[4219.744s][info][gc             ] GC(1147) Pause Cleanup 2649M->2649M(4096M) 0.121ms
[4219.744s][info][gc,cpu         ] GC(1147) User=0.00s Sys=0.00s Real=0.00s
[4219.744s][info][gc,marking     ] GC(1147) Concurrent Clear Claimed Marks
[4219.744s][info][gc,marking     ] GC(1147) Concurrent Clear Claimed Marks 0.030ms
[4219.744s][info][gc,marking     ] GC(1147) Concurrent Cleanup for Next Mark
[4219.749s][info][gc,marking     ] GC(1147) Concurrent Cleanup for Next Mark 5.028ms
[4219.749s][info][gc             ] GC(1147) Concurrent Mark Cycle 1400.825ms
[4220.358s][info][gc,start       ] GC(1148) Pause Young (Prepare Mixed) (G1 Evacuation Pause)
[4220.359s][info][gc,task        ] GC(1148) Using 6 workers of 6 for evacuation
[4220.482s][info][gc,phases      ] GC(1148)   Pre Evacuate Collection Set: 0.31ms
[4220.482s][info][gc,phases      ] GC(1148)   Merge Heap Roots: 0.52ms
[4220.482s][info][gc,phases      ] GC(1148)   Evacuate Collection Set: 121.50ms
[4220.482s][info][gc,phases      ] GC(1148)   Post Evacuate Collection Set: 0.98ms
[4220.482s][info][gc,phases      ] GC(1148)   Other: 0.08ms
[4220.482s][info][gc,heap        ] GC(1148) Eden regions: 1117->0(1097)
[4220.482s][info][gc,heap        ] GC(1148) Survivor regions: 111->115(154)
[4220.482s][info][gc,heap        ] GC(1148) Old regions: 507->538
[4220.482s][info][gc,heap        ] GC(1148) Humongous regions: 80->80
[4220.482s][info][gc,metaspace   ] GC(1148) Metaspace: 28963K(29376K)->28963K(29376K) NonClass: 24094K(24256K)->24094K(24256K) Class: 4869K(5120K)->4869K(5120K)
[4220.482s][info][gc             ] GC(1148) Pause Young (Prepare Mixed) (G1 Evacuation Pause) 3629M->1465M(4096M) 123.535ms
[4220.482s][info][gc,cpu         ] GC(1148) User=0.73s Sys=0.00s Real=0.12s
..[4222.663s][info][gc,start       ] GC(1149) Pause Young (Mixed) (G1 Evacuation Pause)
[4222.663s][info][gc,task        ] GC(1149) Using 6 workers of 6 for evacuation
[4222.800s][info][gc,phases      ] GC(1149)   Pre Evacuate Collection Set: 0.40ms
[4222.801s][info][gc,phases      ] GC(1149)   Merge Heap Roots: 0.73ms
[4222.801s][info][gc,phases      ] GC(1149)   Evacuate Collection Set: 134.53ms
[4222.801s][info][gc,phases      ] GC(1149)   Post Evacuate Collection Set: 0.94ms
[4222.801s][info][gc,phases      ] GC(1149)   Other: 0.83ms
[4222.801s][info][gc,heap        ] GC(1149) Eden regions: 1097->0(1115)
[4222.801s][info][gc,heap        ] GC(1149) Survivor regions: 115->113(152)
[4222.801s][info][gc,heap        ] GC(1149) Old regions: 538->474
[4222.801s][info][gc,heap        ] GC(1149) Humongous regions: 80->80
[4222.801s][info][gc,metaspace   ] GC(1149) Metaspace: 28963K(29376K)->28963K(29376K) NonClass: 24094K(24256K)->24094K(24256K) Class: 4869K(5120K)->4869K(5120K)
[4222.801s][info][gc             ] GC(1149) Pause Young (Mixed) (G1 Evacuation Pause) 3659M->1333M(4096M) 137.566ms
[4222.801s][info][gc,cpu         ] GC(1149) User=0.81s Sys=0.00s Real=0.13s
...[4225.119s][info][gc,start       ] GC(1150) Pause Young (Concurrent Start) (G1 Evacuation Pause)
[4225.119s][info][gc,task        ] GC(1150) Using 6 workers of 6 for evacuation
[4225.237s][info][gc,phases      ] GC(1150)   Pre Evacuate Collection Set: 0.38ms
[4225.237s][info][gc,phases      ] GC(1150)   Merge Heap Roots: 0.47ms
[4225.237s][info][gc,phases      ] GC(1150)   Evacuate Collection Set: 116.40ms
[4225.237s][info][gc,phases      ] GC(1150)   Post Evacuate Collection Set: 0.84ms
[4225.238s][info][gc,phases      ] GC(1150)   Other: 0.12ms
[4225.238s][info][gc,heap        ] GC(1150) Eden regions: 1115->0(1119)
[4225.238s][info][gc,heap        ] GC(1150) Survivor regions: 113->109(154)
[4225.238s][info][gc,heap        ] GC(1150) Old regions: 474->508
[4225.238s][info][gc,heap        ] GC(1150) Humongous regions: 80->80
[4225.238s][info][gc,metaspace   ] GC(1150) Metaspace: 28963K(29376K)->28963K(29376K) NonClass: 24094K(24256K)->24094K(24256K) Class: 4869K(5120K)->4869K(5120K)
[4225.238s][info][gc             ] GC(1150) Pause Young (Concurrent Start) (G1 Evacuation Pause) 3563M->1391M(4096M) 118.342ms
[4225.238s][info][gc             ] GC(1151) Concurrent Mark Cycle
[4225.238s][info][gc,marking     ] GC(1151) Concurrent Scan Root Regions
[4225.238s][info][gc,cpu         ] GC(1150) User=0.71s Sys=0.01s Real=0.12s
[4225.421s][info][gc,marking     ] GC(1151) Concurrent Scan Root Regions 182.998ms
[4225.421s][info][gc,marking     ] GC(1151) Concurrent Mark
[4225.421s][info][gc,marking     ] GC(1151) Concurrent Mark From Roots
[4225.421s][info][gc,task        ] GC(1151) Using 2 workers of 2 for marking
.[4226.356s][info][gc,marking     ] GC(1151) Concurrent Mark From Roots 935.366ms
[4226.356s][info][gc,marking     ] GC(1151) Concurrent Preclean
[4226.356s][info][gc,marking     ] GC(1151) Concurrent Preclean 0.131ms
[4226.357s][info][gc,start       ] GC(1151) Pause Remark
[4226.362s][info][gc             ] GC(1151) Pause Remark 2423M->2423M(4096M) 4.962ms
[4226.362s][info][gc,cpu         ] GC(1151) User=0.02s Sys=0.00s Real=0.01s
[4226.363s][info][gc,marking     ] GC(1151) Concurrent Mark 942.460ms
[4226.363s][info][gc,marking     ] GC(1151) Concurrent Rebuild Remembered Sets and Scrub Regions
[4226.626s][info][gc,marking     ] GC(1151) Concurrent Rebuild Remembered Sets and Scrub Regions 263.051ms
[4226.626s][info][gc,start       ] GC(1151) Pause Cleanup
[4226.626s][info][gc             ] GC(1151) Pause Cleanup 2661M->2661M(4096M) 0.123ms
[4226.627s][info][gc,cpu         ] GC(1151) User=0.00s Sys=0.00s Real=0.00s
[4226.628s][info][gc,marking     ] GC(1151) Concurrent Clear Claimed Marks
[4226.628s][info][gc,marking     ] GC(1151) Concurrent Clear Claimed Marks 0.042ms
[4226.628s][info][gc,marking     ] GC(1151) Concurrent Cleanup for Next Mark
[4226.635s][info][gc,marking     ] GC(1151) Concurrent Cleanup for Next Mark 7.411ms
[4226.635s][info][gc             ] GC(1151) Concurrent Mark Cycle 1397.658ms
.[4227.596s][info][gc,start       ] GC(1152) Pause Young (Prepare Mixed) (G1 Evacuation Pause)
[4227.596s][info][gc,task        ] GC(1152) Using 6 workers of 6 for evacuation
[4227.719s][info][gc,phases      ] GC(1152)   Pre Evacuate Collection Set: 0.32ms
[4227.719s][info][gc,phases      ] GC(1152)   Merge Heap Roots: 0.54ms
[4227.719s][info][gc,phases      ] GC(1152)   Evacuate Collection Set: 121.01ms
[4227.719s][info][gc,phases      ] GC(1152)   Post Evacuate Collection Set: 0.93ms
[4227.719s][info][gc,phases      ] GC(1152)   Other: 0.08ms
[4227.719s][info][gc,heap        ] GC(1152) Eden regions: 1119->0(1102)
[4227.719s][info][gc,heap        ] GC(1152) Survivor regions: 109->112(154)
[4227.719s][info][gc,heap        ] GC(1152) Old regions: 508->539
[4227.719s][info][gc,heap        ] GC(1152) Humongous regions: 80->80
[4227.719s][info][gc,metaspace   ] GC(1152) Metaspace: 28963K(29376K)->28963K(29376K) NonClass: 24094K(24256K)->24094K(24256K) Class: 4869K(5120K)->4869K(5120K)
[4227.719s][info][gc             ] GC(1152) Pause Young (Prepare Mixed) (G1 Evacuation Pause) 3629M->1461M(4096M) 123.026ms
[4227.719s][info][gc,cpu         ] GC(1152) User=0.74s Sys=0.00s Real=0.12s
...[4230.109s][info][gc,start       ] GC(1153) Pause Young (Mixed) (G1 Evacuation Pause)
[4230.109s][info][gc,task        ] GC(1153) Using 6 workers of 6 for evacuation
[4230.245s][info][gc,phases      ] GC(1153)   Pre Evacuate Collection Set: 0.33ms
[4230.245s][info][gc,phases      ] GC(1153)   Merge Heap Roots: 0.69ms
[4230.245s][info][gc,phases      ] GC(1153)   Evacuate Collection Set: 133.96ms
[4230.245s][info][gc,phases      ] GC(1153)   Post Evacuate Collection Set: 0.92ms
[4230.245s][info][gc,phases      ] GC(1153)   Other: 0.09ms
[4230.245s][info][gc,heap        ] GC(1153) Eden regions: 1102->0(1117)
[4230.245s][info][gc,heap        ] GC(1153) Survivor regions: 112->111(152)
[4230.245s][info][gc,heap        ] GC(1153) Old regions: 539->475
[4230.245s][info][gc,heap        ] GC(1153) Humongous regions: 80->80
[4230.245s][info][gc,metaspace   ] GC(1153) Metaspace: 28963K(29376K)->28963K(29376K) NonClass: 24094K(24256K)->24094K(24256K) Class: 4869K(5120K)->4869K(5120K)
[4230.245s][info][gc             ] GC(1153) Pause Young (Mixed) (G1 Evacuation Pause) 3665M->1330M(4096M) 136.120ms
[4230.245s][info][gc,cpu         ] GC(1153) User=0.81s Sys=0.00s Real=0.14s
.|.[4232.534s][info][gc,start       ] GC(1154) Pause Young (Concurrent Start) (G1 Evacuation Pause)
[4232.534s][info][gc,task        ] GC(1154) Using 6 workers of 6 for evacuation
[4232.656s][info][gc,phases      ] GC(1154)   Pre Evacuate Collection Set: 0.41ms
[4232.656s][info][gc,phases      ] GC(1154)   Merge Heap Roots: 0.46ms
[4232.656s][info][gc,phases      ] GC(1154)   Evacuate Collection Set: 119.63ms
[4232.656s][info][gc,phases      ] GC(1154)   Post Evacuate Collection Set: 0.88ms
[4232.656s][info][gc,phases      ] GC(1154)   Other: 0.13ms
[4232.656s][info][gc,heap        ] GC(1154) Eden regions: 1117->0(1115)
[4232.656s][info][gc,heap        ] GC(1154) Survivor regions: 111->113(154)
[4232.656s][info][gc,heap        ] GC(1154) Old regions: 475->507
[4232.656s][info][gc,heap        ] GC(1154) Humongous regions: 80->80
[4232.656s][info][gc,metaspace   ] GC(1154) Metaspace: 28963K(29376K)->28963K(29376K) NonClass: 24094K(24256K)->24094K(24256K) Class: 4869K(5120K)->4869K(5120K)
[4232.656s][info][gc             ] GC(1154) Pause Young (Concurrent Start) (G1 Evacuation Pause) 3564M->1398M(4096M) 121.651ms
[4232.656s][info][gc             ] GC(1155) Concurrent Mark Cycle
[4232.656s][info][gc,marking     ] GC(1155) Concurrent Scan Root Regions
[4232.656s][info][gc,cpu         ] GC(1154) User=0.73s Sys=0.00s Real=0.12s
[4232.848s][info][gc,marking     ] GC(1155) Concurrent Scan Root Regions 192.310ms
[4232.848s][info][gc,marking     ] GC(1155) Concurrent Mark
[4232.848s][info][gc,marking     ] GC(1155) Concurrent Mark From Roots
[4232.848s][info][gc,task        ] GC(1155) Using 2 workers of 2 for marking
.[4233.585s][info][gc,marking     ] GC(1155) Concurrent Mark From Roots 737.043ms
[4233.585s][info][gc,marking     ] GC(1155) Concurrent Preclean
[4233.585s][info][gc,marking     ] GC(1155) Concurrent Preclean 0.121ms
[4233.589s][info][gc,start       ] GC(1155) Pause Remark
[4233.594s][info][gc             ] GC(1155) Pause Remark 2286M->2286M(4096M) 4.857ms
[4233.594s][info][gc,cpu         ] GC(1155) User=0.03s Sys=0.00s Real=0.01s
[4233.594s][info][gc,marking     ] GC(1155) Concurrent Mark 745.757ms
[4233.594s][info][gc,marking     ] GC(1155) Concurrent Rebuild Remembered Sets and Scrub Regions
[4233.863s][info][gc,marking     ] GC(1155) Concurrent Rebuild Remembered Sets and Scrub Regions 269.138ms
[4233.863s][info][gc,start       ] GC(1155) Pause Cleanup
[4233.863s][info][gc             ] GC(1155) Pause Cleanup 2551M->2551M(4096M) 0.109ms
[4233.863s][info][gc,cpu         ] GC(1155) User=0.00s Sys=0.00s Real=0.00s
[4233.863s][info][gc,marking     ] GC(1155) Concurrent Clear Claimed Marks
[4233.863s][info][gc,marking     ] GC(1155) Concurrent Clear Claimed Marks 0.023ms
[4233.863s][info][gc,marking     ] GC(1155) Concurrent Cleanup for Next Mark
[4233.871s][info][gc,marking     ] GC(1155) Concurrent Cleanup for Next Mark 7.472ms
[4233.871s][info][gc             ] GC(1155) Concurrent Mark Cycle 1215.154ms
..[4235.077s][info][gc,start       ] GC(1156) Pause Young (Prepare Mixed) (G1 Evacuation Pause)
[4235.077s][info][gc,task        ] GC(1156) Using 6 workers of 6 for evacuation
[4235.194s][info][gc,phases      ] GC(1156)   Pre Evacuate Collection Set: 0.34ms
[4235.194s][info][gc,phases      ] GC(1156)   Merge Heap Roots: 0.52ms
[4235.194s][info][gc,phases      ] GC(1156)   Evacuate Collection Set: 115.19ms
[4235.194s][info][gc,phases      ] GC(1156)   Post Evacuate Collection Set: 0.93ms
[4235.194s][info][gc,phases      ] GC(1156)   Other: 0.08ms
[4235.194s][info][gc,heap        ] GC(1156) Eden regions: 1115->0(1110)
[4235.194s][info][gc,heap        ] GC(1156) Survivor regions: 113->108(154)
[4235.194s][info][gc,heap        ] GC(1156) Old regions: 507->539
[4235.194s][info][gc,heap        ] GC(1156) Humongous regions: 80->80
[4235.194s][info][gc,metaspace   ] GC(1156) Metaspace: 28963K(29376K)->28963K(29376K) NonClass: 24094K(24256K)->24094K(24256K) Class: 4869K(5120K)->4869K(5120K)
[4235.194s][info][gc             ] GC(1156) Pause Young (Prepare Mixed) (G1 Evacuation Pause) 3628M->1452M(4096M) 117.190ms
[4235.194s][info][gc,cpu         ] GC(1156) User=0.70s Sys=0.00s Real=0.12s
..[4237.510s][info][gc,start       ] GC(1157) Pause Young (Mixed) (G1 Evacuation Pause)
[4237.510s][info][gc,task        ] GC(1157) Using 6 workers of 6 for evacuation
[4237.645s][info][gc,phases      ] GC(1157)   Pre Evacuate Collection Set: 0.39ms
[4237.646s][info][gc,phases      ] GC(1157)   Merge Heap Roots: 0.72ms
[4237.646s][info][gc,phases      ] GC(1157)   Evacuate Collection Set: 133.06ms
[4237.646s][info][gc,phases      ] GC(1157)   Post Evacuate Collection Set: 0.94ms
[4237.646s][info][gc,phases      ] GC(1157)   Other: 0.09ms
[4237.646s][info][gc,heap        ] GC(1157) Eden regions: 1110->0(1119)
[4237.646s][info][gc,heap        ] GC(1157) Survivor regions: 108->109(153)
[4237.646s][info][gc,heap        ] GC(1157) Old regions: 539->474
[4237.646s][info][gc,heap        ] GC(1157) Humongous regions: 80->80
[4237.646s][info][gc,metaspace   ] GC(1157) Metaspace: 28963K(29376K)->28963K(29376K) NonClass: 24094K(24256K)->24094K(24256K) Class: 4869K(5120K)->4869K(5120K)
[4237.646s][info][gc             ] GC(1157) Pause Young (Mixed) (G1 Evacuation Pause) 3672M->1325M(4096M) 135.369ms
[4237.646s][info][gc,cpu         ] GC(1157) User=0.81s Sys=0.00s Real=0.14s
...[4240.009s][info][gc,start       ] GC(1158) Pause Young (Concurrent Start) (G1 Evacuation Pause)
[4240.009s][info][gc,task        ] GC(1158) Using 6 workers of 6 for evacuation
[4240.125s][info][gc,phases      ] GC(1158)   Pre Evacuate Collection Set: 0.34ms
[4240.125s][info][gc,phases      ] GC(1158)   Merge Heap Roots: 0.46ms
[4240.125s][info][gc,phases      ] GC(1158)   Evacuate Collection Set: 114.49ms
[4240.125s][info][gc,phases      ] GC(1158)   Post Evacuate Collection Set: 0.89ms
[4240.125s][info][gc,phases      ] GC(1158)   Other: 0.11ms
[4240.125s][info][gc,heap        ] GC(1158) Eden regions: 1119->0(1121)
[4240.125s][info][gc,heap        ] GC(1158) Survivor regions: 109->107(154)
[4240.125s][info][gc,heap        ] GC(1158) Old regions: 474->507
[4240.125s][info][gc,heap        ] GC(1158) Humongous regions: 80->80
[4240.125s][info][gc,metaspace   ] GC(1158) Metaspace: 28963K(29376K)->28963K(29376K) NonClass: 24094K(24256K)->24094K(24256K) Class: 4869K(5120K)->4869K(5120K)
[4240.125s][info][gc             ] GC(1158) Pause Young (Concurrent Start) (G1 Evacuation Pause) 3563M->1387M(4096M) 116.428ms
[4240.125s][info][gc             ] GC(1159) Concurrent Mark Cycle
[4240.125s][info][gc,marking     ] GC(1159) Concurrent Scan Root Regions
[4240.125s][info][gc,cpu         ] GC(1158) User=0.69s Sys=0.00s Real=0.12s
[4240.306s][info][gc,marking     ] GC(1159) Concurrent Scan Root Regions 181.087ms
[4240.306s][info][gc,marking     ] GC(1159) Concurrent Mark
[4240.306s][info][gc,marking     ] GC(1159) Concurrent Mark From Roots
[4240.306s][info][gc,task        ] GC(1159) Using 2 workers of 2 for marking
.[4241.286s][info][gc,marking     ] GC(1159) Concurrent Mark From Roots 979.874ms
[4241.286s][info][gc,marking     ] GC(1159) Concurrent Preclean
[4241.286s][info][gc,marking     ] GC(1159) Concurrent Preclean 0.083ms
[4241.286s][info][gc,start       ] GC(1159) Pause Remark
[4241.294s][info][gc             ] GC(1159) Pause Remark 2452M->2452M(4096M) 7.622ms
[4241.294s][info][gc,cpu         ] GC(1159) User=0.05s Sys=0.00s Real=0.01s
[4241.294s][info][gc,marking     ] GC(1159) Concurrent Mark 987.823ms
[4241.294s][info][gc,marking     ] GC(1159) Concurrent Rebuild Remembered Sets and Scrub Regions
[4241.629s][info][gc,marking     ] GC(1159) Concurrent Rebuild Remembered Sets and Scrub Regions 334.437ms
[4241.630s][info][gc,start       ] GC(1159) Pause Cleanup
[4241.630s][info][gc             ] GC(1159) Pause Cleanup 2761M->2761M(4096M) 0.140ms
[4241.630s][info][gc,cpu         ] GC(1159) User=0.00s Sys=0.00s Real=0.00s
[4241.631s][info][gc,marking     ] GC(1159) Concurrent Clear Claimed Marks
[4241.631s][info][gc,marking     ] GC(1159) Concurrent Clear Claimed Marks 0.035ms
[4241.631s][info][gc,marking     ] GC(1159) Concurrent Cleanup for Next Mark
[4241.636s][info][gc,marking     ] GC(1159) Concurrent Cleanup for Next Mark 5.110ms
[4241.636s][info][gc             ] GC(1159) Concurrent Mark Cycle 1510.633ms
.[4242.547s][info][gc,start       ] GC(1160) Pause Young (Prepare Mixed) (G1 Evacuation Pause)
[4242.547s][info][gc,task        ] GC(1160) Using 6 workers of 6 for evacuation
[4242.666s][info][gc,phases      ] GC(1160)   Pre Evacuate Collection Set: 0.30ms
[4242.666s][info][gc,phases      ] GC(1160)   Merge Heap Roots: 0.51ms
[4242.666s][info][gc,phases      ] GC(1160)   Evacuate Collection Set: 117.36ms
[4242.666s][info][gc,phases      ] GC(1160)   Post Evacuate Collection Set: 0.94ms
[4242.666s][info][gc,phases      ] GC(1160)   Other: 0.09ms
[4242.666s][info][gc,heap        ] GC(1160) Eden regions: 1121->0(1106)
[4242.666s][info][gc,heap        ] GC(1160) Survivor regions: 107->110(154)
[4242.666s][info][gc,heap        ] GC(1160) Old regions: 507->539
[4242.666s][info][gc,heap        ] GC(1160) Humongous regions: 80->80
[4242.666s][info][gc,metaspace   ] GC(1160) Metaspace: 28963K(29376K)->28963K(29376K) NonClass: 24094K(24256K)->24094K(24256K) Class: 4869K(5120K)->4869K(5120K)
[4242.666s][info][gc             ] GC(1160) Pause Young (Prepare Mixed) (G1 Evacuation Pause) 3629M->1456M(4096M) 119.335ms
[4242.666s][info][gc,cpu         ] GC(1160) User=0.71s Sys=0.00s Real=0.12s
..[4245.003s][info][gc,start       ] GC(1161) Pause Young (Mixed) (G1 Evacuation Pause)
[4245.003s][info][gc,task        ] GC(1161) Using 6 workers of 6 for evacuation
[4245.142s][info][gc,phases      ] GC(1161)   Pre Evacuate Collection Set: 0.34ms
[4245.142s][info][gc,phases      ] GC(1161)   Merge Heap Roots: 0.76ms
[4245.142s][info][gc,phases      ] GC(1161)   Evacuate Collection Set: 136.82ms
[4245.142s][info][gc,phases      ] GC(1161)   Post Evacuate Collection Set: 0.95ms
[4245.142s][info][gc,phases      ] GC(1161)   Other: 0.08ms
[4245.142s][info][gc,heap        ] GC(1161) Eden regions: 1106->0(1117)
[4245.142s][info][gc,heap        ] GC(1161) Survivor regions: 110->111(152)
[4245.142s][info][gc,heap        ] GC(1161) Old regions: 539->475
[4245.142s][info][gc,heap        ] GC(1161) Humongous regions: 80->80
[4245.142s][info][gc,metaspace   ] GC(1161) Metaspace: 28963K(29376K)->28963K(29376K) NonClass: 24094K(24256K)->24094K(24256K) Class: 4869K(5120K)->4869K(5120K)
[4245.142s][info][gc             ] GC(1161) Pause Young (Mixed) (G1 Evacuation Pause) 3668M->1330M(4096M) 139.094ms
[4245.142s][info][gc,cpu         ] GC(1161) User=0.83s Sys=0.00s Real=0.13s
...[4247.468s][info][gc,start       ] GC(1162) Pause Young (Concurrent Start) (G1 Evacuation Pause)
[4247.468s][info][gc,task        ] GC(1162) Using 6 workers of 6 for evacuation
[4247.586s][info][gc,phases      ] GC(1162)   Pre Evacuate Collection Set: 0.39ms
[4247.587s][info][gc,phases      ] GC(1162)   Merge Heap Roots: 0.50ms
[4247.587s][info][gc,phases      ] GC(1162)   Evacuate Collection Set: 116.36ms
[4247.587s][info][gc,phases      ] GC(1162)   Post Evacuate Collection Set: 0.85ms
[4247.587s][info][gc,phases      ] GC(1162)   Other: 0.13ms
[4247.587s][info][gc,heap        ] GC(1162) Eden regions: 1117->0(1117)
[4247.587s][info][gc,heap        ] GC(1162) Survivor regions: 111->111(154)
[4247.587s][info][gc,heap        ] GC(1162) Old regions: 475->506
[4247.587s][info][gc,heap        ] GC(1162) Humongous regions: 80->80
[4247.587s][info][gc,metaspace   ] GC(1162) Metaspace: 28963K(29376K)->28963K(29376K) NonClass: 24094K(24256K)->24094K(24256K) Class: 4869K(5120K)->4869K(5120K)
[4247.587s][info][gc             ] GC(1162) Pause Young (Concurrent Start) (G1 Evacuation Pause) 3564M->1392M(4096M) 118.368ms
[4247.587s][info][gc             ] GC(1163) Concurrent Mark Cycle
[4247.587s][info][gc,marking     ] GC(1163) Concurrent Scan Root Regions
[4247.587s][info][gc,cpu         ] GC(1162) User=0.71s Sys=0.01s Real=0.12s
[4247.769s][info][gc,marking     ] GC(1163) Concurrent Scan Root Regions 181.897ms
[4247.769s][info][gc,marking     ] GC(1163) Concurrent Mark
[4247.769s][info][gc,marking     ] GC(1163) Concurrent Mark From Roots
[4247.769s][info][gc,task        ] GC(1163) Using 2 workers of 2 for marking
.[4248.518s][info][gc,marking     ] GC(1163) Concurrent Mark From Roots 749.756ms
[4248.518s][info][gc,marking     ] GC(1163) Concurrent Preclean
[4248.519s][info][gc,marking     ] GC(1163) Concurrent Preclean 0.144ms
[4248.519s][info][gc,start       ] GC(1163) Pause Remark
[4248.526s][info][gc             ] GC(1163) Pause Remark 2240M->2240M(4096M) 6.125ms
[4248.526s][info][gc,cpu         ] GC(1163) User=0.03s Sys=0.00s Real=0.01s
[4248.526s][info][gc,marking     ] GC(1163) Concurrent Mark 757.115ms
[4248.526s][info][gc,marking     ] GC(1163) Concurrent Rebuild Remembered Sets and Scrub Regions
[4248.791s][info][gc,marking     ] GC(1163) Concurrent Rebuild Remembered Sets and Scrub Regions 265.515ms
[4248.791s][info][gc,start       ] GC(1163) Pause Cleanup
[4248.792s][info][gc             ] GC(1163) Pause Cleanup 2510M->2510M(4096M) 0.127ms
[4248.792s][info][gc,cpu         ] GC(1163) User=0.00s Sys=0.00s Real=0.00s
[4248.792s][info][gc,marking     ] GC(1163) Concurrent Clear Claimed Marks
[4248.792s][info][gc,marking     ] GC(1163) Concurrent Clear Claimed Marks 0.036ms
[4248.792s][info][gc,marking     ] GC(1163) Concurrent Cleanup for Next Mark
[4248.799s][info][gc,marking     ] GC(1163) Concurrent Cleanup for Next Mark 6.855ms
[4248.799s][info][gc             ] GC(1163) Concurrent Mark Cycle 1212.801ms
.[4249.985s][info][gc,start       ] GC(1164) Pause Young (Prepare Mixed) (G1 Evacuation Pause)
[4249.986s][info][gc,task        ] GC(1164) Using 6 workers of 6 for evacuation
[4250.103s][info][gc,phases      ] GC(1164)   Pre Evacuate Collection Set: 0.32ms
[4250.103s][info][gc,phases      ] GC(1164)   Merge Heap Roots: 0.51ms
[4250.103s][info][gc,phases      ] GC(1164)   Evacuate Collection Set: 115.31ms
[4250.103s][info][gc,phases      ] GC(1164)   Post Evacuate Collection Set: 0.90ms
[4250.103s][info][gc,phases      ] GC(1164)   Other: 0.08ms
[4250.103s][info][gc,heap        ] GC(1164) Eden regions: 1117->0(1109)
[4250.103s][info][gc,heap        ] GC(1164) Survivor regions: 111->109(154)
[4250.103s][info][gc,heap        ] GC(1164) Old regions: 506->538
[4250.103s][info][gc,heap        ] GC(1164) Humongous regions: 80->80
[4250.103s][info][gc,metaspace   ] GC(1164) Metaspace: 28963K(29376K)->28963K(29376K) NonClass: 24094K(24256K)->24094K(24256K) Class: 4869K(5120K)->4869K(5120K)
[4250.103s][info][gc             ] GC(1164) Pause Young (Prepare Mixed) (G1 Evacuation Pause) 3626M->1452M(4096M) 117.253ms
[4250.103s][info][gc,cpu         ] GC(1164) User=0.70s Sys=0.00s Real=0.12s
...[4252.450s][info][gc,start       ] GC(1165) Pause Young (Mixed) (G1 Evacuation Pause)
[4252.450s][info][gc,task        ] GC(1165) Using 6 workers of 6 for evacuation
[4252.587s][info][gc,phases      ] GC(1165)   Pre Evacuate Collection Set: 0.37ms
[4252.587s][info][gc,phases      ] GC(1165)   Merge Heap Roots: 0.78ms
[4252.587s][info][gc,phases      ] GC(1165)   Evacuate Collection Set: 134.70ms
[4252.587s][info][gc,phases      ] GC(1165)   Post Evacuate Collection Set: 0.96ms
[4252.587s][info][gc,phases      ] GC(1165)   Other: 0.09ms
[4252.587s][info][gc,heap        ] GC(1165) Eden regions: 1109->0(1117)
[4252.587s][info][gc,heap        ] GC(1165) Survivor regions: 109->111(153)
[4252.587s][info][gc,heap        ] GC(1165) Old regions: 538->473
[4252.587s][info][gc,heap        ] GC(1165) Humongous regions: 80->80
[4252.587s][info][gc,metaspace   ] GC(1165) Metaspace: 28963K(29376K)->28963K(29376K) NonClass: 24094K(24256K)->24094K(24256K) Class: 4869K(5120K)->4869K(5120K)
[4252.587s][info][gc             ] GC(1165) Pause Young (Mixed) (G1 Evacuation Pause) 3670M->1326M(4096M) 137.055ms
[4252.587s][info][gc,cpu         ] GC(1165) User=0.81s Sys=0.00s Real=0.14s
..[4255.009s][info][gc,start       ] GC(1166) Pause Young (Concurrent Start) (G1 Evacuation Pause)
[4255.009s][info][gc,task        ] GC(1166) Using 6 workers of 6 for evacuation
[4255.125s][info][gc,phases      ] GC(1166)   Pre Evacuate Collection Set: 0.42ms
[4255.125s][info][gc,phases      ] GC(1166)   Merge Heap Roots: 0.49ms
[4255.125s][info][gc,phases      ] GC(1166)   Evacuate Collection Set: 113.60ms
[4255.125s][info][gc,phases      ] GC(1166)   Post Evacuate Collection Set: 0.86ms
[4255.125s][info][gc,phases      ] GC(1166)   Other: 0.11ms
[4255.125s][info][gc,heap        ] GC(1166) Eden regions: 1117->0(1120)
[4255.125s][info][gc,heap        ] GC(1166) Survivor regions: 111->108(154)
[4255.125s][info][gc,heap        ] GC(1166) Old regions: 473->505
[4255.125s][info][gc,heap        ] GC(1166) Humongous regions: 80->80
[4255.125s][info][gc,metaspace   ] GC(1166) Metaspace: 28963K(29376K)->28963K(29376K) NonClass: 24094K(24256K)->24094K(24256K) Class: 4869K(5120K)->4869K(5120K)
[4255.125s][info][gc             ] GC(1166) Pause Young (Concurrent Start) (G1 Evacuation Pause) 3560M->1384M(4096M) 115.604ms
[4255.125s][info][gc             ] GC(1167) Concurrent Mark Cycle
[4255.125s][info][gc,marking     ] GC(1167) Concurrent Scan Root Regions
[4255.125s][info][gc,cpu         ] GC(1166) User=0.69s Sys=0.00s Real=0.12s
[4255.263s][info][gc,marking     ] GC(1167) Concurrent Scan Root Regions 138.282ms
[4255.263s][info][gc,marking     ] GC(1167) Concurrent Mark
[4255.263s][info][gc,marking     ] GC(1167) Concurrent Mark From Roots
[4255.263s][info][gc,task        ] GC(1167) Using 2 workers of 2 for marking
.[4256.223s][info][gc,marking     ] GC(1167) Concurrent Mark From Roots 959.727ms
[4256.223s][info][gc,marking     ] GC(1167) Concurrent Preclean
[4256.223s][info][gc,marking     ] GC(1167) Concurrent Preclean 0.136ms
[4256.223s][info][gc,start       ] GC(1167) Pause Remark
[4256.230s][info][gc             ] GC(1167) Pause Remark 2394M->2394M(4096M) 6.322ms
[4256.230s][info][gc,cpu         ] GC(1167) User=0.03s Sys=0.00s Real=0.00s
[4256.230s][info][gc,marking     ] GC(1167) Concurrent Mark 966.637ms
[4256.230s][info][gc,marking     ] GC(1167) Concurrent Rebuild Remembered Sets and Scrub Regions
.[4256.582s][info][gc,marking     ] GC(1167) Concurrent Rebuild Remembered Sets and Scrub Regions 352.289ms
[4256.582s][info][gc,start       ] GC(1167) Pause Cleanup
[4256.583s][info][gc             ] GC(1167) Pause Cleanup 2772M->2772M(4096M) 0.121ms
[4256.583s][info][gc,cpu         ] GC(1167) User=0.00s Sys=0.00s Real=0.00s
[4256.583s][info][gc,marking     ] GC(1167) Concurrent Clear Claimed Marks
[4256.583s][info][gc,marking     ] GC(1167) Concurrent Clear Claimed Marks 0.026ms
[4256.583s][info][gc,marking     ] GC(1167) Concurrent Cleanup for Next Mark
[4256.590s][info][gc,marking     ] GC(1167) Concurrent Cleanup for Next Mark 7.742ms
[4256.590s][info][gc             ] GC(1167) Concurrent Mark Cycle 1465.620ms
.[4257.487s][info][gc,start       ] GC(1168) Pause Young (Prepare Mixed) (G1 Evacuation Pause)
[4257.487s][info][gc,task        ] GC(1168) Using 6 workers of 6 for evacuation
[4257.604s][info][gc,phases      ] GC(1168)   Pre Evacuate Collection Set: 0.31ms
[4257.604s][info][gc,phases      ] GC(1168)   Merge Heap Roots: 0.51ms
[4257.604s][info][gc,phases      ] GC(1168)   Evacuate Collection Set: 115.18ms
[4257.604s][info][gc,phases      ] GC(1168)   Post Evacuate Collection Set: 0.92ms
[4257.604s][info][gc,phases      ] GC(1168)   Other: 0.09ms
[4257.604s][info][gc,heap        ] GC(1168) Eden regions: 1120->0(1108)
[4257.604s][info][gc,heap        ] GC(1168) Survivor regions: 108->110(154)
[4257.604s][info][gc,heap        ] GC(1168) Old regions: 505->537
[4257.604s][info][gc,heap        ] GC(1168) Humongous regions: 80->80
[4257.604s][info][gc,metaspace   ] GC(1168) Metaspace: 28963K(29376K)->28963K(29376K) NonClass: 24094K(24256K)->24094K(24256K) Class: 4869K(5120K)->4869K(5120K)
[4257.604s][info][gc             ] GC(1168) Pause Young (Prepare Mixed) (G1 Evacuation Pause) 3624M->1452M(4096M) 117.136ms
[4257.604s][info][gc,cpu         ] GC(1168) User=0.69s Sys=0.00s Real=0.12s
..[4259.997s][info][gc,start       ] GC(1169) Pause Young (Mixed) (G1 Evacuation Pause)
[4259.997s][info][gc,task        ] GC(1169) Using 6 workers of 6 for evacuation
[4260.131s][info][gc,phases      ] GC(1169)   Pre Evacuate Collection Set: 0.35ms
[4260.131s][info][gc,phases      ] GC(1169)   Merge Heap Roots: 0.68ms
[4260.131s][info][gc,phases      ] GC(1169)   Evacuate Collection Set: 132.17ms
[4260.131s][info][gc,phases      ] GC(1169)   Post Evacuate Collection Set: 0.99ms
[4260.131s][info][gc,phases      ] GC(1169)   Other: 0.09ms
[4260.131s][info][gc,heap        ] GC(1169) Eden regions: 1108->0(1118)
[4260.131s][info][gc,heap        ] GC(1169) Survivor regions: 110->110(153)
[4260.131s][info][gc,heap        ] GC(1169) Old regions: 537->473
[4260.131s][info][gc,heap        ] GC(1169) Humongous regions: 80->80
[4260.131s][info][gc,metaspace   ] GC(1169) Metaspace: 28963K(29376K)->28963K(29376K) NonClass: 24094K(24256K)->24094K(24256K) Class: 4869K(5120K)->4869K(5120K)
[4260.131s][info][gc             ] GC(1169) Pause Young (Mixed) (G1 Evacuation Pause) 3668M->1323M(4096M) 134.399ms
[4260.131s][info][gc,cpu         ] GC(1169) User=0.80s Sys=0.00s Real=0.13s
...[4262.540s][info][gc,start       ] GC(1170) Pause Young (Concurrent Start) (G1 Evacuation Pause)
[4262.540s][info][gc,task        ] GC(1170) Using 6 workers of 6 for evacuation
[4262.658s][info][gc,phases      ] GC(1170)   Pre Evacuate Collection Set: 0.38ms
[4262.658s][info][gc,phases      ] GC(1170)   Merge Heap Roots: 0.45ms
[4262.658s][info][gc,phases      ] GC(1170)   Evacuate Collection Set: 116.60ms
[4262.658s][info][gc,phases      ] GC(1170)   Post Evacuate Collection Set: 0.85ms
[4262.658s][info][gc,phases      ] GC(1170)   Other: 0.14ms
[4262.658s][info][gc,heap        ] GC(1170) Eden regions: 1118->0(1118)
[4262.658s][info][gc,heap        ] GC(1170) Survivor regions: 110->110(154)
[4262.658s][info][gc,heap        ] GC(1170) Old regions: 473->505
[4262.658s][info][gc,heap        ] GC(1170) Humongous regions: 80->80
[4262.659s][info][gc,metaspace   ] GC(1170) Metaspace: 28963K(29376K)->28963K(29376K) NonClass: 24094K(24256K)->24094K(24256K) Class: 4869K(5120K)->4869K(5120K)
[4262.659s][info][gc             ] GC(1170) Pause Young (Concurrent Start) (G1 Evacuation Pause) 3559M->1388M(4096M) 118.563ms
[4262.659s][info][gc             ] GC(1171) Concurrent Mark Cycle
[4262.659s][info][gc,marking     ] GC(1171) Concurrent Scan Root Regions
[4262.659s][info][gc,cpu         ] GC(1170) User=0.70s Sys=0.00s Real=0.12s
[4262.841s][info][gc,marking     ] GC(1171) Concurrent Scan Root Regions 182.319ms
[4262.841s][info][gc,marking     ] GC(1171) Concurrent Mark
[4262.841s][info][gc,marking     ] GC(1171) Concurrent Mark From Roots
[4262.841s][info][gc,task        ] GC(1171) Using 2 workers of 2 for marking
.[4263.898s][info][gc,marking     ] GC(1171) Concurrent Mark From Roots 1056.637ms
[4263.898s][info][gc,marking     ] GC(1171) Concurrent Preclean
[4263.898s][info][gc,marking     ] GC(1171) Concurrent Preclean 0.109ms
[4263.948s][info][gc,start       ] GC(1171) Pause Remark
[4263.953s][info][gc             ] GC(1171) Pause Remark 2550M->2550M(4096M) 4.887ms
[4263.953s][info][gc,cpu         ] GC(1171) User=0.03s Sys=0.00s Real=0.01s
[4263.953s][info][gc,marking     ] GC(1171) Concurrent Mark 1111.819ms
[4263.953s][info][gc,marking     ] GC(1171) Concurrent Rebuild Remembered Sets and Scrub Regions
[4264.330s][info][gc,marking     ] GC(1171) Concurrent Rebuild Remembered Sets and Scrub Regions 377.655ms
[4264.332s][info][gc,start       ] GC(1171) Pause Cleanup
[4264.332s][info][gc             ] GC(1171) Pause Cleanup 2972M->2972M(4096M) 0.130ms
[4264.332s][info][gc,cpu         ] GC(1171) User=0.00s Sys=0.00s Real=0.00s
[4264.332s][info][gc,marking     ] GC(1171) Concurrent Clear Claimed Marks
[4264.332s][info][gc,marking     ] GC(1171) Concurrent Clear Claimed Marks 0.031ms
[4264.332s][info][gc,marking     ] GC(1171) Concurrent Cleanup for Next Mark
[4264.338s][info][gc,marking     ] GC(1171) Concurrent Cleanup for Next Mark 5.603ms
[4264.338s][info][gc             ] GC(1171) Concurrent Mark Cycle 1679.051ms
.[4264.925s][info][gc,start       ] GC(1172) Pause Young (Prepare Mixed) (G1 Evacuation Pause)
[4264.925s][info][gc,task        ] GC(1172) Using 6 workers of 6 for evacuation
[4265.051s][info][gc,phases      ] GC(1172)   Pre Evacuate Collection Set: 0.30ms
[4265.051s][info][gc,phases      ] GC(1172)   Merge Heap Roots: 0.51ms
[4265.051s][info][gc,phases      ] GC(1172)   Evacuate Collection Set: 124.70ms
[4265.051s][info][gc,phases      ] GC(1172)   Post Evacuate Collection Set: 0.79ms
[4265.051s][info][gc,phases      ] GC(1172)   Other: 0.09ms
[4265.051s][info][gc,heap        ] GC(1172) Eden regions: 1118->0(1095)
[4265.051s][info][gc,heap        ] GC(1172) Survivor regions: 110->117(154)
[4265.051s][info][gc,heap        ] GC(1172) Old regions: 505->536
[4265.051s][info][gc,heap        ] GC(1172) Humongous regions: 80->80
[4265.051s][info][gc,metaspace   ] GC(1172) Metaspace: 28963K(29376K)->28963K(29376K) NonClass: 24094K(24256K)->24094K(24256K) Class: 4869K(5120K)->4869K(5120K)
[4265.051s][info][gc             ] GC(1172) Pause Young (Prepare Mixed) (G1 Evacuation Pause) 3624M->1464M(4096M) 126.510ms
[4265.051s][info][gc,cpu         ] GC(1172) User=0.75s Sys=0.00s Real=0.12s
..[4267.314s][info][gc,start       ] GC(1173) Pause Young (Mixed) (G1 Evacuation Pause)
[4267.314s][info][gc,task        ] GC(1173) Using 6 workers of 6 for evacuation
[4267.449s][info][gc,phases      ] GC(1173)   Pre Evacuate Collection Set: 0.35ms
[4267.449s][info][gc,phases      ] GC(1173)   Merge Heap Roots: 0.68ms
[4267.449s][info][gc,phases      ] GC(1173)   Evacuate Collection Set: 132.62ms
[4267.449s][info][gc,phases      ] GC(1173)   Post Evacuate Collection Set: 0.93ms
[4267.449s][info][gc,phases      ] GC(1173)   Other: 0.08ms
[4267.449s][info][gc,heap        ] GC(1173) Eden regions: 1095->0(1119)
[4267.449s][info][gc,heap        ] GC(1173) Survivor regions: 117->109(152)
[4267.449s][info][gc,heap        ] GC(1173) Old regions: 536->474
[4267.449s][info][gc,heap        ] GC(1173) Humongous regions: 80->80
[4267.449s][info][gc,metaspace   ] GC(1173) Metaspace: 28963K(29376K)->28963K(29376K) NonClass: 24094K(24256K)->24094K(24256K) Class: 4869K(5120K)->4869K(5120K)
[4267.449s][info][gc             ] GC(1173) Pause Young (Mixed) (G1 Evacuation Pause) 3654M->1325M(4096M) 134.800ms
[4267.449s][info][gc,cpu         ] GC(1173) User=0.80s Sys=0.00s Real=0.13s
...[4269.813s][info][gc,start       ] GC(1174) Pause Young (Concurrent Start) (G1 Evacuation Pause)
[4269.813s][info][gc,task        ] GC(1174) Using 6 workers of 6 for evacuation
[4269.936s][info][gc,phases      ] GC(1174)   Pre Evacuate Collection Set: 0.35ms
[4269.936s][info][gc,phases      ] GC(1174)   Merge Heap Roots: 0.48ms
[4269.936s][info][gc,phases      ] GC(1174)   Evacuate Collection Set: 121.45ms
[4269.936s][info][gc,phases      ] GC(1174)   Post Evacuate Collection Set: 0.85ms
[4269.936s][info][gc,phases      ] GC(1174)   Other: 0.11ms
[4269.936s][info][gc,heap        ] GC(1174) Eden regions: 1119->0(1114)
[4269.936s][info][gc,heap        ] GC(1174) Survivor regions: 109->114(154)
[4269.936s][info][gc,heap        ] GC(1174) Old regions: 474->506
[4269.936s][info][gc,heap        ] GC(1174) Humongous regions: 80->80
[4269.936s][info][gc,metaspace   ] GC(1174) Metaspace: 28963K(29376K)->28963K(29376K) NonClass: 24094K(24256K)->24094K(24256K) Class: 4869K(5120K)->4869K(5120K)
[4269.936s][info][gc             ] GC(1174) Pause Young (Concurrent Start) (G1 Evacuation Pause) 3563M->1398M(4096M) 123.369ms
[4269.936s][info][gc             ] GC(1175) Concurrent Mark Cycle
[4269.936s][info][gc,marking     ] GC(1175) Concurrent Scan Root Regions
[4269.936s][info][gc,cpu         ] GC(1174) User=0.73s Sys=0.01s Real=0.12s
[4270.122s][info][gc,marking     ] GC(1175) Concurrent Scan Root Regions 185.819ms
[4270.122s][info][gc,marking     ] GC(1175) Concurrent Mark
[4270.122s][info][gc,marking     ] GC(1175) Concurrent Mark From Roots
[4270.122s][info][gc,task        ] GC(1175) Using 2 workers of 2 for marking
.[4270.822s][info][gc,marking     ] GC(1175) Concurrent Mark From Roots 699.355ms
[4270.822s][info][gc,marking     ] GC(1175) Concurrent Preclean
[4270.822s][info][gc,marking     ] GC(1175) Concurrent Preclean 0.071ms
[4270.824s][info][gc,start       ] GC(1175) Pause Remark
[4270.830s][info][gc             ] GC(1175) Pause Remark 2186M->2186M(4096M) 6.039ms
[4270.830s][info][gc,cpu         ] GC(1175) User=0.03s Sys=0.00s Real=0.00s
[4270.830s][info][gc,marking     ] GC(1175) Concurrent Mark 707.808ms
[4270.830s][info][gc,marking     ] GC(1175) Concurrent Rebuild Remembered Sets and Scrub Regions
[4271.211s][info][gc,marking     ] GC(1175) Concurrent Rebuild Remembered Sets and Scrub Regions 381.056ms
[4271.214s][info][gc,start       ] GC(1175) Pause Cleanup
[4271.214s][info][gc             ] GC(1175) Pause Cleanup 2564M->2564M(4096M) 0.135ms
[4271.214s][info][gc,cpu         ] GC(1175) User=0.00s Sys=0.00s Real=0.00s
[4271.214s][info][gc,marking     ] GC(1175) Concurrent Clear Claimed Marks
[4271.214s][info][gc,marking     ] GC(1175) Concurrent Clear Claimed Marks 0.034ms
[4271.214s][info][gc,marking     ] GC(1175) Concurrent Cleanup for Next Mark
[4271.224s][info][gc,marking     ] GC(1175) Concurrent Cleanup for Next Mark 9.941ms
[4271.224s][info][gc             ] GC(1175) Concurrent Mark Cycle 1287.532ms
.[4272.259s][info][gc,start       ] GC(1176) Pause Young (Prepare Mixed) (G1 Evacuation Pause)
[4272.259s][info][gc,task        ] GC(1176) Using 6 workers of 6 for evacuation
[4272.380s][info][gc,phases      ] GC(1176)   Pre Evacuate Collection Set: 0.32ms
[4272.380s][info][gc,phases      ] GC(1176)   Merge Heap Roots: 0.53ms
[4272.380s][info][gc,phases      ] GC(1176)   Evacuate Collection Set: 119.12ms
[4272.380s][info][gc,phases      ] GC(1176)   Post Evacuate Collection Set: 0.94ms
[4272.380s][info][gc,phases      ] GC(1176)   Other: 0.09ms
[4272.380s][info][gc,heap        ] GC(1176) Eden regions: 1114->0(1102)
[4272.380s][info][gc,heap        ] GC(1176) Survivor regions: 114->113(154)
[4272.380s][info][gc,heap        ] GC(1176) Old regions: 506->537
[4272.380s][info][gc,heap        ] GC(1176) Humongous regions: 80->80
[4272.380s][info][gc,metaspace   ] GC(1176) Metaspace: 28963K(29376K)->28963K(29376K) NonClass: 24094K(24256K)->24094K(24256K) Class: 4869K(5120K)->4869K(5120K)
[4272.380s][info][gc             ] GC(1176) Pause Young (Prepare Mixed) (G1 Evacuation Pause) 3626M->1459M(4096M) 121.147ms
[4272.380s][info][gc,cpu         ] GC(1176) User=0.72s Sys=0.00s Real=0.12s
...[4274.692s][info][gc,start       ] GC(1177) Pause Young (Mixed) (G1 Evacuation Pause)
[4274.692s][info][gc,task        ] GC(1177) Using 6 workers of 6 for evacuation
[4274.829s][info][gc,phases      ] GC(1177)   Pre Evacuate Collection Set: 0.34ms
[4274.829s][info][gc,phases      ] GC(1177)   Merge Heap Roots: 0.76ms
[4274.829s][info][gc,phases      ] GC(1177)   Evacuate Collection Set: 135.23ms
[4274.829s][info][gc,phases      ] GC(1177)   Post Evacuate Collection Set: 0.94ms
[4274.829s][info][gc,phases      ] GC(1177)   Other: 0.08ms
[4274.829s][info][gc,heap        ] GC(1177) Eden regions: 1102->0(1119)
[4274.829s][info][gc,heap        ] GC(1177) Survivor regions: 113->109(152)
[4274.829s][info][gc,heap        ] GC(1177) Old regions: 537->475
[4274.829s][info][gc,heap        ] GC(1177) Humongous regions: 80->80
[4274.829s][info][gc,metaspace   ] GC(1177) Metaspace: 28963K(29376K)->28963K(29376K) NonClass: 24094K(24256K)->24094K(24256K) Class: 4869K(5120K)->4869K(5120K)
[4274.829s][info][gc             ] GC(1177) Pause Young (Mixed) (G1 Evacuation Pause) 3663M->1327M(4096M) 137.484ms
[4274.829s][info][gc,cpu         ] GC(1177) User=0.82s Sys=0.00s Real=0.14s
..[4277.195s][info][gc,start       ] GC(1178) Pause Young (Concurrent Start) (G1 Evacuation Pause)
[4277.195s][info][gc,task        ] GC(1178) Using 6 workers of 6 for evacuation
[4277.315s][info][gc,phases      ] GC(1178)   Pre Evacuate Collection Set: 0.40ms
[4277.315s][info][gc,phases      ] GC(1178)   Merge Heap Roots: 0.48ms
[4277.315s][info][gc,phases      ] GC(1178)   Evacuate Collection Set: 117.62ms
[4277.315s][info][gc,phases      ] GC(1178)   Post Evacuate Collection Set: 0.91ms
[4277.315s][info][gc,phases      ] GC(1178)   Other: 0.12ms
[4277.315s][info][gc,heap        ] GC(1178) Eden regions: 1119->0(1118)
[4277.315s][info][gc,heap        ] GC(1178) Survivor regions: 109->110(154)
[4277.315s][info][gc,heap        ] GC(1178) Old regions: 475->507
[4277.315s][info][gc,heap        ] GC(1178) Humongous regions: 80->80
[4277.315s][info][gc,metaspace   ] GC(1178) Metaspace: 28963K(29376K)->28963K(29376K) NonClass: 24094K(24256K)->24094K(24256K) Class: 4869K(5120K)->4869K(5120K)
[4277.315s][info][gc             ] GC(1178) Pause Young (Concurrent Start) (G1 Evacuation Pause) 3565M->1393M(4096M) 119.666ms
[4277.315s][info][gc             ] GC(1179) Concurrent Mark Cycle
[4277.315s][info][gc,marking     ] GC(1179) Concurrent Scan Root Regions
[4277.315s][info][gc,cpu         ] GC(1178) User=0.71s Sys=0.00s Real=0.12s
[4277.544s][info][gc,marking     ] GC(1179) Concurrent Scan Root Regions 228.750ms
[4277.544s][info][gc,marking     ] GC(1179) Concurrent Mark
[4277.544s][info][gc,marking     ] GC(1179) Concurrent Mark From Roots
[4277.544s][info][gc,task        ] GC(1179) Using 2 workers of 2 for marking
.[4278.519s][info][gc,marking     ] GC(1179) Concurrent Mark From Roots 975.248ms
[4278.519s][info][gc,marking     ] GC(1179) Concurrent Preclean
[4278.519s][info][gc,marking     ] GC(1179) Concurrent Preclean 0.130ms
[4278.519s][info][gc,start       ] GC(1179) Pause Remark
[4278.525s][info][gc             ] GC(1179) Pause Remark 2561M->2561M(4096M) 5.670ms
[4278.525s][info][gc,cpu         ] GC(1179) User=0.03s Sys=0.00s Real=0.01s
[4278.526s][info][gc,marking     ] GC(1179) Concurrent Mark 981.902ms
[4278.526s][info][gc,marking     ] GC(1179) Concurrent Rebuild Remembered Sets and Scrub Regions
.[4278.891s][info][gc,marking     ] GC(1179) Concurrent Rebuild Remembered Sets and Scrub Regions 365.696ms
[4278.894s][info][gc,start       ] GC(1179) Pause Cleanup
[4278.894s][info][gc             ] GC(1179) Pause Cleanup 2893M->2893M(4096M) 0.132ms
[4278.894s][info][gc,cpu         ] GC(1179) User=0.00s Sys=0.00s Real=0.00s
[4278.894s][info][gc,marking     ] GC(1179) Concurrent Clear Claimed Marks
[4278.894s][info][gc,marking     ] GC(1179) Concurrent Clear Claimed Marks 0.043ms
[4278.894s][info][gc,marking     ] GC(1179) Concurrent Cleanup for Next Mark
[4278.899s][info][gc,marking     ] GC(1179) Concurrent Cleanup for Next Mark 5.128ms
[4278.899s][info][gc             ] GC(1179) Concurrent Mark Cycle 1584.544ms
[4279.716s][info][gc,start       ] GC(1180) Pause Young (Prepare Mixed) (G1 Evacuation Pause)
[4279.716s][info][gc,task        ] GC(1180) Using 6 workers of 6 for evacuation
[4279.833s][info][gc,phases      ] GC(1180)   Pre Evacuate Collection Set: 0.36ms
[4279.833s][info][gc,phases      ] GC(1180)   Merge Heap Roots: 0.53ms
[4279.833s][info][gc,phases      ] GC(1180)   Evacuate Collection Set: 115.61ms
[4279.833s][info][gc,phases      ] GC(1180)   Post Evacuate Collection Set: 0.92ms
[4279.833s][info][gc,phases      ] GC(1180)   Other: 0.09ms
[4279.833s][info][gc,heap        ] GC(1180) Eden regions: 1118->0(1103)
[4279.833s][info][gc,heap        ] GC(1180) Survivor regions: 110->112(154)
[4279.833s][info][gc,heap        ] GC(1180) Old regions: 507->538
[4279.833s][info][gc,heap        ] GC(1180) Humongous regions: 80->80
[4279.833s][info][gc,metaspace   ] GC(1180) Metaspace: 28963K(29376K)->28963K(29376K) NonClass: 24094K(24256K)->24094K(24256K) Class: 4869K(5120K)->4869K(5120K)
[4279.833s][info][gc             ] GC(1180) Pause Young (Prepare Mixed) (G1 Evacuation Pause) 3629M->1458M(4096M) 117.637ms
[4279.833s][info][gc,cpu         ] GC(1180) User=0.70s Sys=0.00s Real=0.12s
...[4282.084s][info][gc,start       ] GC(1181) Pause Young (Mixed) (G1 Evacuation Pause)
[4282.084s][info][gc,task        ] GC(1181) Using 6 workers of 6 for evacuation
[4282.216s][info][gc,phases      ] GC(1181)   Pre Evacuate Collection Set: 0.39ms
[4282.216s][info][gc,phases      ] GC(1181)   Merge Heap Roots: 0.75ms
[4282.216s][info][gc,phases      ] GC(1181)   Evacuate Collection Set: 129.96ms
[4282.216s][info][gc,phases      ] GC(1181)   Post Evacuate Collection Set: 0.95ms
[4282.216s][info][gc,phases      ] GC(1181)   Other: 0.10ms
[4282.216s][info][gc,heap        ] GC(1181) Eden regions: 1103->0(1120)
[4282.216s][info][gc,heap        ] GC(1181) Survivor regions: 112->108(152)
[4282.216s][info][gc,heap        ] GC(1181) Old regions: 538->474
[4282.216s][info][gc,heap        ] GC(1181) Humongous regions: 80->80
[4282.216s][info][gc,metaspace   ] GC(1181) Metaspace: 28963K(29376K)->28963K(29376K) NonClass: 24094K(24256K)->24094K(24256K) Class: 4869K(5120K)->4869K(5120K)
[4282.216s][info][gc             ] GC(1181) Pause Young (Mixed) (G1 Evacuation Pause) 3664M->1322M(4096M) 132.291ms
[4282.216s][info][gc,cpu         ] GC(1181) User=0.79s Sys=0.00s Real=0.13s
..[4284.553s][info][gc,start       ] GC(1182) Pause Young (Concurrent Start) (G1 Evacuation Pause)
[4284.553s][info][gc,task        ] GC(1182) Using 6 workers of 6 for evacuation
[4284.674s][info][gc,phases      ] GC(1182)   Pre Evacuate Collection Set: 0.40ms
[4284.674s][info][gc,phases      ] GC(1182)   Merge Heap Roots: 0.47ms
[4284.674s][info][gc,phases      ] GC(1182)   Evacuate Collection Set: 119.15ms
[4284.674s][info][gc,phases      ] GC(1182)   Post Evacuate Collection Set: 0.88ms
[4284.674s][info][gc,phases      ] GC(1182)   Other: 0.13ms
[4284.674s][info][gc,heap        ] GC(1182) Eden regions: 1120->0(1116)
[4284.674s][info][gc,heap        ] GC(1182) Survivor regions: 108->112(154)
[4284.674s][info][gc,heap        ] GC(1182) Old regions: 474->507
[4284.674s][info][gc,heap        ] GC(1182) Humongous regions: 80->80
[4284.674s][info][gc,metaspace   ] GC(1182) Metaspace: 28963K(29376K)->28963K(29376K) NonClass: 24094K(24256K)->24094K(24256K) Class: 4869K(5120K)->4869K(5120K)
[4284.674s][info][gc             ] GC(1182) Pause Young (Concurrent Start) (G1 Evacuation Pause) 3562M->1395M(4096M) 121.174ms
[4284.674s][info][gc             ] GC(1183) Concurrent Mark Cycle
[4284.674s][info][gc,marking     ] GC(1183) Concurrent Scan Root Regions
[4284.674s][info][gc,cpu         ] GC(1182) User=0.73s Sys=0.00s Real=0.12s
[4284.867s][info][gc,marking     ] GC(1183) Concurrent Scan Root Regions 192.549ms
[4284.867s][info][gc,marking     ] GC(1183) Concurrent Mark
[4284.867s][info][gc,marking     ] GC(1183) Concurrent Mark From Roots
[4284.867s][info][gc,task        ] GC(1183) Using 2 workers of 2 for marking
.[4285.810s][info][gc,marking     ] GC(1183) Concurrent Mark From Roots 943.433ms
[4285.810s][info][gc,marking     ] GC(1183) Concurrent Preclean
[4285.811s][info][gc,marking     ] GC(1183) Concurrent Preclean 0.145ms
[4285.811s][info][gc,start       ] GC(1183) Pause Remark
[4285.818s][info][gc             ] GC(1183) Pause Remark 2476M->2476M(4096M) 7.059ms
[4285.818s][info][gc,cpu         ] GC(1183) User=0.04s Sys=0.00s Real=0.01s
[4285.818s][info][gc,marking     ] GC(1183) Concurrent Mark 950.932ms
[4285.818s][info][gc,marking     ] GC(1183) Concurrent Rebuild Remembered Sets and Scrub Regions
.[4286.215s][info][gc,marking     ] GC(1183) Concurrent Rebuild Remembered Sets and Scrub Regions 397.502ms
[4286.215s][info][gc,start       ] GC(1183) Pause Cleanup
[4286.216s][info][gc             ] GC(1183) Pause Cleanup 2850M->2850M(4096M) 0.107ms
[4286.216s][info][gc,cpu         ] GC(1183) User=0.00s Sys=0.00s Real=0.00s
[4286.216s][info][gc,marking     ] GC(1183) Concurrent Clear Claimed Marks
[4286.216s][info][gc,marking     ] GC(1183) Concurrent Clear Claimed Marks 0.024ms
[4286.216s][info][gc,marking     ] GC(1183) Concurrent Cleanup for Next Mark
[4286.221s][info][gc,marking     ] GC(1183) Concurrent Cleanup for Next Mark 5.695ms
[4286.221s][info][gc             ] GC(1183) Concurrent Mark Cycle 1547.192ms
.[4287.049s][info][gc,start       ] GC(1184) Pause Young (Prepare Mixed) (G1 Evacuation Pause)
[4287.050s][info][gc,task        ] GC(1184) Using 6 workers of 6 for evacuation
[4287.166s][info][gc,phases      ] GC(1184)   Pre Evacuate Collection Set: 0.31ms
[4287.166s][info][gc,phases      ] GC(1184)   Merge Heap Roots: 0.50ms
[4287.166s][info][gc,phases      ] GC(1184)   Evacuate Collection Set: 114.52ms
[4287.166s][info][gc,phases      ] GC(1184)   Post Evacuate Collection Set: 0.97ms
[4287.166s][info][gc,phases      ] GC(1184)   Other: 0.08ms
[4287.166s][info][gc,heap        ] GC(1184) Eden regions: 1116->0(1109)
[4287.166s][info][gc,heap        ] GC(1184) Survivor regions: 112->109(154)
[4287.166s][info][gc,heap        ] GC(1184) Old regions: 507->538
[4287.166s][info][gc,heap        ] GC(1184) Humongous regions: 80->80
[4287.166s][info][gc,metaspace   ] GC(1184) Metaspace: 28963K(29376K)->28963K(29376K) NonClass: 24094K(24256K)->24094K(24256K) Class: 4869K(5120K)->4869K(5120K)
[4287.166s][info][gc             ] GC(1184) Pause Young (Prepare Mixed) (G1 Evacuation Pause) 3627M->1453M(4096M) 116.501ms
[4287.166s][info][gc,cpu         ] GC(1184) User=0.69s Sys=0.00s Real=0.12s
..[4289.484s][info][gc,start       ] GC(1185) Pause Young (Mixed) (G1 Evacuation Pause)
[4289.484s][info][gc,task        ] GC(1185) Using 6 workers of 6 for evacuation
[4289.625s][info][gc,phases      ] GC(1185)   Pre Evacuate Collection Set: 0.38ms
[4289.625s][info][gc,phases      ] GC(1185)   Merge Heap Roots: 0.77ms
[4289.625s][info][gc,phases      ] GC(1185)   Evacuate Collection Set: 138.34ms
[4289.625s][info][gc,phases      ] GC(1185)   Post Evacuate Collection Set: 1.03ms
[4289.625s][info][gc,phases      ] GC(1185)   Other: 0.11ms
[4289.625s][info][gc,heap        ] GC(1185) Eden regions: 1109->0(1115)
[4289.625s][info][gc,heap        ] GC(1185) Survivor regions: 109->113(153)
[4289.625s][info][gc,heap        ] GC(1185) Old regions: 538->476
[4289.625s][info][gc,heap        ] GC(1185) Humongous regions: 80->80
[4289.625s][info][gc,metaspace   ] GC(1185) Metaspace: 28963K(29376K)->28963K(29376K) NonClass: 24094K(24256K)->24094K(24256K) Class: 4869K(5120K)->4869K(5120K)
[4289.625s][info][gc             ] GC(1185) Pause Young (Mixed) (G1 Evacuation Pause) 3671M->1336M(4096M) 140.758ms
[4289.625s][info][gc,cpu         ] GC(1185) User=0.83s Sys=0.00s Real=0.14s
.. (rIR:aIR:PR = 7610:7608:7608) (tPR = 113404) [OK] 
  4290s: Performance info:
         Transaction,    Success,    Partial,     Failed,   Receipts, AvgBarcode, 
             Overall,     456824,          0,          0,     434001,      59.47, 
         Response times:
             Request,    Success,    Partial,     Failed,   SkipFail,     Probes,    Samples,      min,      p50,      p90,      p95,      p99,      max, 
       TotalPurchase,     434001,          0,          0,          0,     352358,     427395,      300,     6400,    74000,   119000,   196000,   330000,
     InStorePurchase,     228595,          0,          0,          0,     185874,     225262,      300,     6500,    76000,   122000,   198000,   330000,
      OnlinePurchase,     159642,          0,          0,          0,     129440,     157349,      300,     6300,    72000,   114000,   194000,   330000,
        InstPurchase,      45764,          0,          0,          0,      37044,      44784,      400,     6000,    69000,   117000,   192000,   330000,
          AssocOfCat,        459,          0,          0,          0,        351,        506,    25000,    41000,   126300,   176000,   246510,   360000,
      AssocOfProduct,       4570,          0,          0,          0,       4288,       5371,      600,     6100,    70000,   111400,   186000,   301000,
      BusinessReport,       1141,          0,          0,          0,       1035,       1384,    27000,    51000,   145000,   189750,   265000,   360000,
          CustBuyBeh,       4577,          0,          0,          0,       4321,       5438,      200,     6200,    79000,   124000,   197000,   286000,
       ProductReturn,      12076,          0,          0,          0,       9300,      11477,      200,     6100,    77000,   121000,   190000,   301000,

  4290s: (56%)   IR =   7749 .[4292.009s][info][gc,start       ] GC(1186) Pause Young (Concurrent Start) (G1 Evacuation Pause)
[4292.009s][info][gc,task        ] GC(1186) Using 6 workers of 6 for evacuation
[4292.128s][info][gc,phases      ] GC(1186)   Pre Evacuate Collection Set: 0.41ms
[4292.128s][info][gc,phases      ] GC(1186)   Merge Heap Roots: 0.47ms
[4292.128s][info][gc,phases      ] GC(1186)   Evacuate Collection Set: 116.94ms
[4292.128s][info][gc,phases      ] GC(1186)   Post Evacuate Collection Set: 0.94ms
[4292.128s][info][gc,phases      ] GC(1186)   Other: 0.11ms
[4292.128s][info][gc,heap        ] GC(1186) Eden regions: 1115->0(1118)
[4292.128s][info][gc,heap        ] GC(1186) Survivor regions: 113->110(154)
[4292.128s][info][gc,heap        ] GC(1186) Old regions: 476->508
[4292.128s][info][gc,heap        ] GC(1186) Humongous regions: 80->80
[4292.128s][info][gc,metaspace   ] GC(1186) Metaspace: 28963K(29376K)->28963K(29376K) NonClass: 24094K(24256K)->24094K(24256K) Class: 4869K(5120K)->4869K(5120K)
[4292.128s][info][gc             ] GC(1186) Pause Young (Concurrent Start) (G1 Evacuation Pause) 3566M->1395M(4096M) 119.008ms
[4292.128s][info][gc             ] GC(1187) Concurrent Mark Cycle
[4292.128s][info][gc,marking     ] GC(1187) Concurrent Scan Root Regions
[4292.128s][info][gc,cpu         ] GC(1186) User=0.71s Sys=0.00s Real=0.12s
[4292.311s][info][gc,marking     ] GC(1187) Concurrent Scan Root Regions 182.453ms
[4292.311s][info][gc,marking     ] GC(1187) Concurrent Mark
[4292.311s][info][gc,marking     ] GC(1187) Concurrent Mark From Roots
[4292.311s][info][gc,task        ] GC(1187) Using 2 workers of 2 for marking
[4293.060s][info][gc,marking     ] GC(1187) Concurrent Mark From Roots 749.233ms
[4293.060s][info][gc,marking     ] GC(1187) Concurrent Preclean
[4293.060s][info][gc,marking     ] GC(1187) Concurrent Preclean 0.098ms
[4293.060s][info][gc,start       ] GC(1187) Pause Remark
[4293.066s][info][gc             ] GC(1187) Pause Remark 2214M->2214M(4096M) 6.315ms
[4293.066s][info][gc,cpu         ] GC(1187) User=0.03s Sys=0.00s Real=0.01s
[4293.067s][info][gc,marking     ] GC(1187) Concurrent Mark 756.003ms
[4293.067s][info][gc,marking     ] GC(1187) Concurrent Rebuild Remembered Sets and Scrub Regions
.[4293.345s][info][gc,marking     ] GC(1187) Concurrent Rebuild Remembered Sets and Scrub Regions 278.726ms
[4293.345s][info][gc,start       ] GC(1187) Pause Cleanup
[4293.346s][info][gc             ] GC(1187) Pause Cleanup 2496M->2496M(4096M) 0.102ms
[4293.346s][info][gc,cpu         ] GC(1187) User=0.00s Sys=0.00s Real=0.00s
[4293.346s][info][gc,marking     ] GC(1187) Concurrent Clear Claimed Marks
[4293.346s][info][gc,marking     ] GC(1187) Concurrent Clear Claimed Marks 0.020ms
[4293.346s][info][gc,marking     ] GC(1187) Concurrent Cleanup for Next Mark
[4293.353s][info][gc,marking     ] GC(1187) Concurrent Cleanup for Next Mark 7.043ms
[4293.353s][info][gc             ] GC(1187) Concurrent Mark Cycle 1224.646ms
.[4294.451s][info][gc,start       ] GC(1188) Pause Young (Prepare Mixed) (G1 Evacuation Pause)
[4294.451s][info][gc,task        ] GC(1188) Using 6 workers of 6 for evacuation
[4294.572s][info][gc,phases      ] GC(1188)   Pre Evacuate Collection Set: 0.33ms
[4294.572s][info][gc,phases      ] GC(1188)   Merge Heap Roots: 0.52ms
[4294.572s][info][gc,phases      ] GC(1188)   Evacuate Collection Set: 119.04ms
[4294.572s][info][gc,phases      ] GC(1188)   Post Evacuate Collection Set: 0.98ms
[4294.572s][info][gc,phases      ] GC(1188)   Other: 0.09ms
[4294.572s][info][gc,heap        ] GC(1188) Eden regions: 1118->0(1102)
[4294.572s][info][gc,heap        ] GC(1188) Survivor regions: 110->112(154)
[4294.572s][info][gc,heap        ] GC(1188) Old regions: 508->539
[4294.572s][info][gc,heap        ] GC(1188) Humongous regions: 80->80
[4294.572s][info][gc,metaspace   ] GC(1188) Metaspace: 28963K(29376K)->28963K(29376K) NonClass: 24094K(24256K)->24094K(24256K) Class: 4869K(5120K)->4869K(5120K)
[4294.572s][info][gc             ] GC(1188) Pause Young (Prepare Mixed) (G1 Evacuation Pause) 3631M->1461M(4096M) 121.113ms
[4294.572s][info][gc,cpu         ] GC(1188) User=0.72s Sys=0.00s Real=0.12s
..[4296.933s][info][gc,start       ] GC(1189) Pause Young (Mixed) (G1 Evacuation Pause)
[4296.933s][info][gc,task        ] GC(1189) Using 6 workers of 6 for evacuation
[4297.066s][info][gc,phases      ] GC(1189)   Pre Evacuate Collection Set: 0.37ms
[4297.066s][info][gc,phases      ] GC(1189)   Merge Heap Roots: 0.69ms
[4297.066s][info][gc,phases      ] GC(1189)   Evacuate Collection Set: 130.07ms
[4297.066s][info][gc,phases      ] GC(1189)   Post Evacuate Collection Set: 0.94ms
[4297.066s][info][gc,phases      ] GC(1189)   Other: 0.10ms
[4297.066s][info][gc,heap        ] GC(1189) Eden regions: 1102->0(1119)
[4297.066s][info][gc,heap        ] GC(1189) Survivor regions: 112->109(152)
[4297.066s][info][gc,heap        ] GC(1189) Old regions: 539->474
[4297.066s][info][gc,heap        ] GC(1189) Humongous regions: 80->80
[4297.066s][info][gc,metaspace   ] GC(1189) Metaspace: 28963K(29376K)->28963K(29376K) NonClass: 24094K(24256K)->24094K(24256K) Class: 4869K(5120K)->4869K(5120K)
[4297.066s][info][gc             ] GC(1189) Pause Young (Mixed) (G1 Evacuation Pause) 3665M->1323M(4096M) 132.301ms
[4297.066s][info][gc,cpu         ] GC(1189) User=0.79s Sys=0.00s Real=0.13s
...[4299.315s][info][gc,start       ] GC(1190) Pause Young (Concurrent Start) (G1 Evacuation Pause)
[4299.315s][info][gc,task        ] GC(1190) Using 6 workers of 6 for evacuation
[4299.433s][info][gc,phases      ] GC(1190)   Pre Evacuate Collection Set: 0.34ms
[4299.433s][info][gc,phases      ] GC(1190)   Merge Heap Roots: 0.47ms
[4299.433s][info][gc,phases      ] GC(1190)   Evacuate Collection Set: 116.43ms
[4299.433s][info][gc,phases      ] GC(1190)   Post Evacuate Collection Set: 0.88ms
[4299.433s][info][gc,phases      ] GC(1190)   Other: 0.10ms
[4299.433s][info][gc,heap        ] GC(1190) Eden regions: 1119->0(1118)
[4299.433s][info][gc,heap        ] GC(1190) Survivor regions: 109->110(154)
[4299.433s][info][gc,heap        ] GC(1190) Old regions: 474->506
[4299.433s][info][gc,heap        ] GC(1190) Humongous regions: 80->80
[4299.433s][info][gc,metaspace   ] GC(1190) Metaspace: 28963K(29376K)->28963K(29376K) NonClass: 24094K(24256K)->24094K(24256K) Class: 4869K(5120K)->4869K(5120K)
[4299.433s][info][gc             ] GC(1190) Pause Young (Concurrent Start) (G1 Evacuation Pause) 3561M->1390M(4096M) 118.360ms
[4299.433s][info][gc             ] GC(1191) Concurrent Mark Cycle
[4299.433s][info][gc,marking     ] GC(1191) Concurrent Scan Root Regions
[4299.433s][info][gc,cpu         ] GC(1190) User=0.71s Sys=0.00s Real=0.12s
[4299.616s][info][gc,marking     ] GC(1191) Concurrent Scan Root Regions 183.437ms
[4299.616s][info][gc,marking     ] GC(1191) Concurrent Mark
[4299.616s][info][gc,marking     ] GC(1191) Concurrent Mark From Roots
[4299.617s][info][gc,task        ] GC(1191) Using 2 workers of 2 for marking
.|[4300.580s][info][gc,marking     ] GC(1191) Concurrent Mark From Roots 963.667ms
[4300.580s][info][gc,marking     ] GC(1191) Concurrent Preclean
[4300.580s][info][gc,marking     ] GC(1191) Concurrent Preclean 0.131ms
[4300.583s][info][gc,start       ] GC(1191) Pause Remark
[4300.589s][info][gc             ] GC(1191) Pause Remark 2546M->2546M(4096M) 5.056ms
[4300.589s][info][gc,cpu         ] GC(1191) User=0.03s Sys=0.00s Real=0.00s
[4300.589s][info][gc,marking     ] GC(1191) Concurrent Mark 972.179ms
[4300.589s][info][gc,marking     ] GC(1191) Concurrent Rebuild Remembered Sets and Scrub Regions
[4300.876s][info][gc,marking     ] GC(1191) Concurrent Rebuild Remembered Sets and Scrub Regions 286.847ms
[4300.877s][info][gc,start       ] GC(1191) Pause Cleanup
[4300.877s][info][gc             ] GC(1191) Pause Cleanup 2830M->2830M(4096M) 0.141ms
[4300.877s][info][gc,cpu         ] GC(1191) User=0.00s Sys=0.00s Real=0.00s
[4300.878s][info][gc,marking     ] GC(1191) Concurrent Clear Claimed Marks
[4300.878s][info][gc,marking     ] GC(1191) Concurrent Clear Claimed Marks 0.029ms
[4300.878s][info][gc,marking     ] GC(1191) Concurrent Cleanup for Next Mark
[4300.883s][info][gc,marking     ] GC(1191) Concurrent Cleanup for Next Mark 5.116ms
[4300.883s][info][gc             ] GC(1191) Concurrent Mark Cycle 1449.941ms
.[4301.773s][info][gc,start       ] GC(1192) Pause Young (Prepare Mixed) (G1 Evacuation Pause)
[4301.773s][info][gc,task        ] GC(1192) Using 6 workers of 6 for evacuation
[4301.895s][info][gc,phases      ] GC(1192)   Pre Evacuate Collection Set: 0.32ms
[4301.895s][info][gc,phases      ] GC(1192)   Merge Heap Roots: 0.50ms
[4301.895s][info][gc,phases      ] GC(1192)   Evacuate Collection Set: 119.86ms
[4301.895s][info][gc,phases      ] GC(1192)   Post Evacuate Collection Set: 0.97ms
[4301.895s][info][gc,phases      ] GC(1192)   Other: 0.09ms
[4301.895s][info][gc,heap        ] GC(1192) Eden regions: 1118->0(1101)
[4301.895s][info][gc,heap        ] GC(1192) Survivor regions: 110->113(154)
[4301.895s][info][gc,heap        ] GC(1192) Old regions: 506->538
[4301.895s][info][gc,heap        ] GC(1192) Humongous regions: 80->80
[4301.895s][info][gc,metaspace   ] GC(1192) Metaspace: 28963K(29376K)->28963K(29376K) NonClass: 24094K(24256K)->24094K(24256K) Class: 4869K(5120K)->4869K(5120K)
[4301.895s][info][gc             ] GC(1192) Pause Young (Prepare Mixed) (G1 Evacuation Pause) 3626M->1460M(4096M) 121.869ms
[4301.895s][info][gc,cpu         ] GC(1192) User=0.73s Sys=0.00s Real=0.12s
...[4304.131s][info][gc,start       ] GC(1193) Pause Young (Mixed) (G1 Evacuation Pause)
[4304.131s][info][gc,task        ] GC(1193) Using 6 workers of 6 for evacuation
[4304.266s][info][gc,phases      ] GC(1193)   Pre Evacuate Collection Set: 0.34ms
[4304.266s][info][gc,phases      ] GC(1193)   Merge Heap Roots: 0.67ms
[4304.266s][info][gc,phases      ] GC(1193)   Evacuate Collection Set: 132.97ms
[4304.266s][info][gc,phases      ] GC(1193)   Post Evacuate Collection Set: 0.82ms
[4304.266s][info][gc,phases      ] GC(1193)   Other: 0.08ms
[4304.266s][info][gc,heap        ] GC(1193) Eden regions: 1101->0(1118)
[4304.266s][info][gc,heap        ] GC(1193) Survivor regions: 113->110(152)
[4304.266s][info][gc,heap        ] GC(1193) Old regions: 538->474
[4304.266s][info][gc,heap        ] GC(1193) Humongous regions: 80->80
[4304.266s][info][gc,metaspace   ] GC(1193) Metaspace: 28963K(29376K)->28963K(29376K) NonClass: 24094K(24256K)->24094K(24256K) Class: 4869K(5120K)->4869K(5120K)
[4304.266s][info][gc             ] GC(1193) Pause Young (Mixed) (G1 Evacuation Pause) 3662M->1327M(4096M) 135.016ms
[4304.266s][info][gc,cpu         ] GC(1193) User=0.81s Sys=0.00s Real=0.14s
..[4306.575s][info][gc,start       ] GC(1194) Pause Young (Concurrent Start) (G1 Evacuation Pause)
[4306.575s][info][gc,task        ] GC(1194) Using 6 workers of 6 for evacuation
[4306.695s][info][gc,phases      ] GC(1194)   Pre Evacuate Collection Set: 0.36ms
[4306.695s][info][gc,phases      ] GC(1194)   Merge Heap Roots: 0.46ms
[4306.695s][info][gc,phases      ] GC(1194)   Evacuate Collection Set: 118.53ms
[4306.695s][info][gc,phases      ] GC(1194)   Post Evacuate Collection Set: 0.86ms
[4306.695s][info][gc,phases      ] GC(1194)   Other: 0.10ms
[4306.695s][info][gc,heap        ] GC(1194) Eden regions: 1118->0(1116)
[4306.695s][info][gc,heap        ] GC(1194) Survivor regions: 110->112(154)
[4306.695s][info][gc,heap        ] GC(1194) Old regions: 474->506
[4306.695s][info][gc,heap        ] GC(1194) Humongous regions: 80->80
[4306.695s][info][gc,metaspace   ] GC(1194) Metaspace: 28963K(29376K)->28963K(29376K) NonClass: 24094K(24256K)->24094K(24256K) Class: 4869K(5120K)->4869K(5120K)
[4306.695s][info][gc             ] GC(1194) Pause Young (Concurrent Start) (G1 Evacuation Pause) 3563M->1395M(4096M) 120.429ms
[4306.695s][info][gc             ] GC(1195) Concurrent Mark Cycle
[4306.695s][info][gc,marking     ] GC(1195) Concurrent Scan Root Regions
[4306.695s][info][gc,cpu         ] GC(1194) User=0.71s Sys=0.01s Real=0.12s
[4306.857s][info][gc,marking     ] GC(1195) Concurrent Scan Root Regions 161.744ms
[4306.857s][info][gc,marking     ] GC(1195) Concurrent Mark
[4306.857s][info][gc,marking     ] GC(1195) Concurrent Mark From Roots
[4306.857s][info][gc,task        ] GC(1195) Using 2 workers of 2 for marking
.[4307.837s][info][gc,marking     ] GC(1195) Concurrent Mark From Roots 980.470ms
[4307.837s][info][gc,marking     ] GC(1195) Concurrent Preclean
[4307.838s][info][gc,marking     ] GC(1195) Concurrent Preclean 0.103ms
[4307.838s][info][gc,start       ] GC(1195) Pause Remark
[4307.844s][info][gc             ] GC(1195) Pause Remark 2507M->2507M(4096M) 6.343ms
[4307.845s][info][gc,cpu         ] GC(1195) User=0.04s Sys=0.00s Real=0.01s
[4307.845s][info][gc,marking     ] GC(1195) Concurrent Mark 988.105ms
[4307.845s][info][gc,marking     ] GC(1195) Concurrent Rebuild Remembered Sets and Scrub Regions
.[4308.222s][info][gc,marking     ] GC(1195) Concurrent Rebuild Remembered Sets and Scrub Regions 376.566ms
[4308.223s][info][gc,start       ] GC(1195) Pause Cleanup
[4308.223s][info][gc             ] GC(1195) Pause Cleanup 2837M->2837M(4096M) 0.123ms
[4308.223s][info][gc,cpu         ] GC(1195) User=0.00s Sys=0.00s Real=0.00s
[4308.223s][info][gc,marking     ] GC(1195) Concurrent Clear Claimed Marks
[4308.223s][info][gc,marking     ] GC(1195) Concurrent Clear Claimed Marks 0.035ms
[4308.223s][info][gc,marking     ] GC(1195) Concurrent Cleanup for Next Mark
[4308.251s][info][gc,marking     ] GC(1195) Concurrent Cleanup for Next Mark 27.802ms
[4308.251s][info][gc             ] GC(1195) Concurrent Mark Cycle 1555.765ms
[4309.032s][info][gc,start       ] GC(1196) Pause Young (Prepare Mixed) (G1 Evacuation Pause)
[4309.032s][info][gc,task        ] GC(1196) Using 6 workers of 6 for evacuation
[4309.149s][info][gc,phases      ] GC(1196)   Pre Evacuate Collection Set: 0.31ms
[4309.149s][info][gc,phases      ] GC(1196)   Merge Heap Roots: 0.59ms
[4309.149s][info][gc,phases      ] GC(1196)   Evacuate Collection Set: 114.78ms
[4309.149s][info][gc,phases      ] GC(1196)   Post Evacuate Collection Set: 0.90ms
[4309.149s][info][gc,phases      ] GC(1196)   Other: 0.09ms
[4309.149s][info][gc,heap        ] GC(1196) Eden regions: 1116->0(1111)
[4309.149s][info][gc,heap        ] GC(1196) Survivor regions: 112->108(154)
[4309.149s][info][gc,heap        ] GC(1196) Old regions: 506->538
[4309.149s][info][gc,heap        ] GC(1196) Humongous regions: 80->80
[4309.149s][info][gc,metaspace   ] GC(1196) Metaspace: 28963K(29376K)->28963K(29376K) NonClass: 24094K(24256K)->24094K(24256K) Class: 4869K(5120K)->4869K(5120K)
[4309.149s][info][gc             ] GC(1196) Pause Young (Prepare Mixed) (G1 Evacuation Pause) 3627M->1450M(4096M) 116.832ms
[4309.149s][info][gc,cpu         ] GC(1196) User=0.69s Sys=0.00s Real=0.12s
...[4311.380s][info][gc,start       ] GC(1197) Pause Young (Mixed) (G1 Evacuation Pause)
[4311.380s][info][gc,task        ] GC(1197) Using 6 workers of 6 for evacuation
[4311.513s][info][gc,phases      ] GC(1197)   Pre Evacuate Collection Set: 0.37ms
[4311.513s][info][gc,phases      ] GC(1197)   Merge Heap Roots: 0.60ms
[4311.513s][info][gc,phases      ] GC(1197)   Evacuate Collection Set: 131.17ms
[4311.513s][info][gc,phases      ] GC(1197)   Post Evacuate Collection Set: 0.94ms
[4311.513s][info][gc,phases      ] GC(1197)   Other: 0.09ms
[4311.513s][info][gc,heap        ] GC(1197) Eden regions: 1111->0(1117)
[4311.513s][info][gc,heap        ] GC(1197) Survivor regions: 108->111(153)
[4311.513s][info][gc,heap        ] GC(1197) Old regions: 538->474
[4311.513s][info][gc,heap        ] GC(1197) Humongous regions: 80->80
[4311.513s][info][gc,metaspace   ] GC(1197) Metaspace: 28963K(29376K)->28963K(29376K) NonClass: 24094K(24256K)->24094K(24256K) Class: 4869K(5120K)->4869K(5120K)
[4311.513s][info][gc             ] GC(1197) Pause Young (Mixed) (G1 Evacuation Pause) 3672M->1328M(4096M) 133.293ms
[4311.513s][info][gc,cpu         ] GC(1197) User=0.79s Sys=0.00s Real=0.14s
..[4313.839s][info][gc,start       ] GC(1198) Pause Young (Concurrent Start) (G1 Evacuation Pause)
[4313.839s][info][gc,task        ] GC(1198) Using 6 workers of 6 for evacuation
[4313.964s][info][gc,phases      ] GC(1198)   Pre Evacuate Collection Set: 0.36ms
[4313.964s][info][gc,phases      ] GC(1198)   Merge Heap Roots: 0.50ms
[4313.964s][info][gc,phases      ] GC(1198)   Evacuate Collection Set: 122.52ms
[4313.964s][info][gc,phases      ] GC(1198)   Post Evacuate Collection Set: 0.88ms
[4313.964s][info][gc,phases      ] GC(1198)   Other: 0.10ms
[4313.964s][info][gc,heap        ] GC(1198) Eden regions: 1117->0(1112)
[4313.964s][info][gc,heap        ] GC(1198) Survivor regions: 111->116(154)
[4313.964s][info][gc,heap        ] GC(1198) Old regions: 474->506
[4313.964s][info][gc,heap        ] GC(1198) Humongous regions: 80->80
[4313.964s][info][gc,metaspace   ] GC(1198) Metaspace: 28963K(29376K)->28963K(29376K) NonClass: 24094K(24256K)->24094K(24256K) Class: 4869K(5120K)->4869K(5120K)
[4313.964s][info][gc             ] GC(1198) Pause Young (Concurrent Start) (G1 Evacuation Pause) 3562M->1401M(4096M) 124.481ms
[4313.964s][info][gc             ] GC(1199) Concurrent Mark Cycle
[4313.964s][info][gc,marking     ] GC(1199) Concurrent Scan Root Regions
[4313.964s][info][gc,cpu         ] GC(1198) User=0.74s Sys=0.00s Real=0.13s
[4314.145s][info][gc,marking     ] GC(1199) Concurrent Scan Root Regions 181.558ms
[4314.145s][info][gc,marking     ] GC(1199) Concurrent Mark
[4314.145s][info][gc,marking     ] GC(1199) Concurrent Mark From Roots
[4314.145s][info][gc,task        ] GC(1199) Using 2 workers of 2 for marking
.[4314.852s][info][gc,marking     ] GC(1199) Concurrent Mark From Roots 706.794ms
[4314.852s][info][gc,marking     ] GC(1199) Concurrent Preclean
[4314.852s][info][gc,marking     ] GC(1199) Concurrent Preclean 0.132ms
[4314.854s][info][gc,start       ] GC(1199) Pause Remark
[4314.860s][info][gc             ] GC(1199) Pause Remark 2211M->2211M(4096M) 6.097ms
[4314.860s][info][gc,cpu         ] GC(1199) User=0.03s Sys=0.00s Real=0.00s
[4314.861s][info][gc,marking     ] GC(1199) Concurrent Mark 715.382ms
[4314.861s][info][gc,marking     ] GC(1199) Concurrent Rebuild Remembered Sets and Scrub Regions
[4315.259s][info][gc,marking     ] GC(1199) Concurrent Rebuild Remembered Sets and Scrub Regions 398.573ms
[4315.259s][info][gc,start       ] GC(1199) Pause Cleanup
[4315.260s][info][gc             ] GC(1199) Pause Cleanup 2607M->2607M(4096M) 0.126ms
[4315.260s][info][gc,cpu         ] GC(1199) User=0.00s Sys=0.00s Real=0.00s
[4315.260s][info][gc,marking     ] GC(1199) Concurrent Clear Claimed Marks
[4315.260s][info][gc,marking     ] GC(1199) Concurrent Clear Claimed Marks 0.050ms
[4315.260s][info][gc,marking     ] GC(1199) Concurrent Cleanup for Next Mark
[4315.270s][info][gc,marking     ] GC(1199) Concurrent Cleanup for Next Mark 10.196ms
[4315.270s][info][gc             ] GC(1199) Concurrent Mark Cycle 1306.774ms
.[4316.299s][info][gc,start       ] GC(1200) Pause Young (Prepare Mixed) (G1 Evacuation Pause)
[4316.299s][info][gc,task        ] GC(1200) Using 6 workers of 6 for evacuation
[4316.416s][info][gc,phases      ] GC(1200)   Pre Evacuate Collection Set: 0.35ms
[4316.416s][info][gc,phases      ] GC(1200)   Merge Heap Roots: 0.50ms
[4316.416s][info][gc,phases      ] GC(1200)   Evacuate Collection Set: 115.26ms
[4316.416s][info][gc,phases      ] GC(1200)   Post Evacuate Collection Set: 0.93ms
[4316.416s][info][gc,phases      ] GC(1200)   Other: 0.09ms
[4316.416s][info][gc,heap        ] GC(1200) Eden regions: 1112->0(1107)
[4316.416s][info][gc,heap        ] GC(1200) Survivor regions: 116->110(154)
[4316.416s][info][gc,heap        ] GC(1200) Old regions: 506->538
[4316.416s][info][gc,heap        ] GC(1200) Humongous regions: 80->80
[4316.416s][info][gc,metaspace   ] GC(1200) Metaspace: 28963K(29376K)->28963K(29376K) NonClass: 24094K(24256K)->24094K(24256K) Class: 4869K(5120K)->4869K(5120K)
[4316.416s][info][gc             ] GC(1200) Pause Young (Prepare Mixed) (G1 Evacuation Pause) 3625M->1453M(4096M) 117.248ms
[4316.416s][info][gc,cpu         ] GC(1200) User=0.69s Sys=0.00s Real=0.12s
...[4318.635s][info][gc,start       ] GC(1201) Pause Young (Mixed) (G1 Evacuation Pause)
[4318.635s][info][gc,task        ] GC(1201) Using 6 workers of 6 for evacuation
[4318.773s][info][gc,phases      ] GC(1201)   Pre Evacuate Collection Set: 0.36ms
[4318.773s][info][gc,phases      ] GC(1201)   Merge Heap Roots: 0.78ms
[4318.773s][info][gc,phases      ] GC(1201)   Evacuate Collection Set: 135.61ms
[4318.773s][info][gc,phases      ] GC(1201)   Post Evacuate Collection Set: 0.93ms
[4318.773s][info][gc,phases      ] GC(1201)   Other: 0.09ms
[4318.773s][info][gc,heap        ] GC(1201) Eden regions: 1107->0(1116)
[4318.773s][info][gc,heap        ] GC(1201) Survivor regions: 110->112(153)
[4318.773s][info][gc,heap        ] GC(1201) Old regions: 538->474
[4318.773s][info][gc,heap        ] GC(1201) Humongous regions: 80->80
[4318.773s][info][gc,metaspace   ] GC(1201) Metaspace: 28963K(29376K)->28963K(29376K) NonClass: 24094K(24256K)->24094K(24256K) Class: 4869K(5120K)->4869K(5120K)
[4318.773s][info][gc             ] GC(1201) Pause Young (Mixed) (G1 Evacuation Pause) 3667M->1331M(4096M) 137.908ms
[4318.773s][info][gc,cpu         ] GC(1201) User=0.82s Sys=0.00s Real=0.14s
..[4321.140s][info][gc,start       ] GC(1202) Pause Young (Concurrent Start) (G1 Evacuation Pause)
[4321.140s][info][gc,task        ] GC(1202) Using 6 workers of 6 for evacuation
[4321.265s][info][gc,phases      ] GC(1202)   Pre Evacuate Collection Set: 0.39ms
[4321.265s][info][gc,phases      ] GC(1202)   Merge Heap Roots: 0.52ms
[4321.265s][info][gc,phases      ] GC(1202)   Evacuate Collection Set: 122.72ms
[4321.265s][info][gc,phases      ] GC(1202)   Post Evacuate Collection Set: 0.89ms
[4321.265s][info][gc,phases      ] GC(1202)   Other: 0.13ms
[4321.265s][info][gc,heap        ] GC(1202) Eden regions: 1116->0(1112)
[4321.265s][info][gc,heap        ] GC(1202) Survivor regions: 112->116(154)
[4321.265s][info][gc,heap        ] GC(1202) Old regions: 474->506
[4321.265s][info][gc,heap        ] GC(1202) Humongous regions: 80->80
[4321.265s][info][gc,metaspace   ] GC(1202) Metaspace: 28963K(29376K)->28963K(29376K) NonClass: 24094K(24256K)->24094K(24256K) Class: 4869K(5120K)->4869K(5120K)
[4321.265s][info][gc             ] GC(1202) Pause Young (Concurrent Start) (G1 Evacuation Pause) 3563M->1402M(4096M) 124.762ms
[4321.265s][info][gc             ] GC(1203) Concurrent Mark Cycle
[4321.265s][info][gc,marking     ] GC(1203) Concurrent Scan Root Regions
[4321.265s][info][gc,cpu         ] GC(1202) User=0.75s Sys=0.00s Real=0.13s
[4321.462s][info][gc,marking     ] GC(1203) Concurrent Scan Root Regions 196.826ms
[4321.462s][info][gc,marking     ] GC(1203) Concurrent Mark
[4321.462s][info][gc,marking     ] GC(1203) Concurrent Mark From Roots
[4321.462s][info][gc,task        ] GC(1203) Using 2 workers of 2 for marking
..[4322.514s][info][gc,marking     ] GC(1203) Concurrent Mark From Roots 1052.113ms
[4322.514s][info][gc,marking     ] GC(1203) Concurrent Preclean
[4322.514s][info][gc,marking     ] GC(1203) Concurrent Preclean 0.123ms
[4322.518s][info][gc,start       ] GC(1203) Pause Remark
[4322.525s][info][gc             ] GC(1203) Pause Remark 2572M->2572M(4096M) 7.173ms
[4322.525s][info][gc,cpu         ] GC(1203) User=0.04s Sys=0.00s Real=0.01s
[4322.526s][info][gc,marking     ] GC(1203) Concurrent Mark 1063.971ms
[4322.526s][info][gc,marking     ] GC(1203) Concurrent Rebuild Remembered Sets and Scrub Regions
[4322.798s][info][gc,marking     ] GC(1203) Concurrent Rebuild Remembered Sets and Scrub Regions 271.949ms
[4322.798s][info][gc,start       ] GC(1203) Pause Cleanup
[4322.798s][info][gc             ] GC(1203) Pause Cleanup 2861M->2861M(4096M) 0.119ms
[4322.798s][info][gc,cpu         ] GC(1203) User=0.00s Sys=0.00s Real=0.00s
[4322.798s][info][gc,marking     ] GC(1203) Concurrent Clear Claimed Marks
[4322.798s][info][gc,marking     ] GC(1203) Concurrent Clear Claimed Marks 0.023ms
[4322.798s][info][gc,marking     ] GC(1203) Concurrent Cleanup for Next Mark
[4322.802s][info][gc,marking     ] GC(1203) Concurrent Cleanup for Next Mark 3.990ms
[4322.802s][info][gc             ] GC(1203) Concurrent Mark Cycle 1537.330ms
.[4323.590s][info][gc,start       ] GC(1204) Pause Young (Prepare Mixed) (G1 Evacuation Pause)
[4323.590s][info][gc,task        ] GC(1204) Using 6 workers of 6 for evacuation
[4323.711s][info][gc,phases      ] GC(1204)   Pre Evacuate Collection Set: 0.34ms
[4323.711s][info][gc,phases      ] GC(1204)   Merge Heap Roots: 0.56ms
[4323.711s][info][gc,phases      ] GC(1204)   Evacuate Collection Set: 118.74ms
[4323.711s][info][gc,phases      ] GC(1204)   Post Evacuate Collection Set: 0.95ms
[4323.711s][info][gc,phases      ] GC(1204)   Other: 0.09ms
[4323.711s][info][gc,heap        ] GC(1204) Eden regions: 1112->0(1101)
[4323.711s][info][gc,heap        ] GC(1204) Survivor regions: 116->113(154)
[4323.711s][info][gc,heap        ] GC(1204) Old regions: 506->538
[4323.711s][info][gc,heap        ] GC(1204) Humongous regions: 80->80
[4323.711s][info][gc,metaspace   ] GC(1204) Metaspace: 28963K(29376K)->28963K(29376K) NonClass: 24094K(24256K)->24094K(24256K) Class: 4869K(5120K)->4869K(5120K)
[4323.711s][info][gc             ] GC(1204) Pause Young (Prepare Mixed) (G1 Evacuation Pause) 3626M->1459M(4096M) 120.810ms
[4323.711s][info][gc,cpu         ] GC(1204) User=0.72s Sys=0.00s Real=0.12s
..[4326.001s][info][gc,start       ] GC(1205) Pause Young (Mixed) (G1 Evacuation Pause)
[4326.001s][info][gc,task        ] GC(1205) Using 6 workers of 6 for evacuation
[4326.139s][info][gc,phases      ] GC(1205)   Pre Evacuate Collection Set: 0.35ms
[4326.139s][info][gc,phases      ] GC(1205)   Merge Heap Roots: 0.78ms
[4326.139s][info][gc,phases      ] GC(1205)   Evacuate Collection Set: 134.90ms
[4326.139s][info][gc,phases      ] GC(1205)   Post Evacuate Collection Set: 0.98ms
[4326.139s][info][gc,phases      ] GC(1205)   Other: 0.10ms
[4326.139s][info][gc,heap        ] GC(1205) Eden regions: 1101->0(1119)
[4326.139s][info][gc,heap        ] GC(1205) Survivor regions: 113->109(152)
[4326.139s][info][gc,heap        ] GC(1205) Old regions: 538->474
[4326.139s][info][gc,heap        ] GC(1205) Humongous regions: 80->80
[4326.139s][info][gc,metaspace   ] GC(1205) Metaspace: 28963K(29376K)->28963K(29376K) NonClass: 24094K(24256K)->24094K(24256K) Class: 4869K(5120K)->4869K(5120K)
[4326.139s][info][gc             ] GC(1205) Pause Young (Mixed) (G1 Evacuation Pause) 3661M->1324M(4096M) 137.251ms
[4326.139s][info][gc,cpu         ] GC(1205) User=0.81s Sys=0.00s Real=0.14s
..[4328.429s][info][gc,start       ] GC(1206) Pause Young (Concurrent Start) (G1 Evacuation Pause)
[4328.429s][info][gc,task        ] GC(1206) Using 6 workers of 6 for evacuation
[4328.547s][info][gc,phases      ] GC(1206)   Pre Evacuate Collection Set: 0.37ms
[4328.547s][info][gc,phases      ] GC(1206)   Merge Heap Roots: 0.48ms
[4328.547s][info][gc,phases      ] GC(1206)   Evacuate Collection Set: 115.59ms
[4328.547s][info][gc,phases      ] GC(1206)   Post Evacuate Collection Set: 0.87ms
[4328.547s][info][gc,phases      ] GC(1206)   Other: 0.09ms
[4328.547s][info][gc,heap        ] GC(1206) Eden regions: 1119->0(1118)
[4328.547s][info][gc,heap        ] GC(1206) Survivor regions: 109->110(154)
[4328.547s][info][gc,heap        ] GC(1206) Old regions: 474->506
[4328.547s][info][gc,heap        ] GC(1206) Humongous regions: 80->80
[4328.547s][info][gc,metaspace   ] GC(1206) Metaspace: 28963K(29376K)->28963K(29376K) NonClass: 24094K(24256K)->24094K(24256K) Class: 4869K(5120K)->4869K(5120K)
[4328.547s][info][gc             ] GC(1206) Pause Young (Concurrent Start) (G1 Evacuation Pause) 3562M->1389M(4096M) 117.566ms
[4328.547s][info][gc             ] GC(1207) Concurrent Mark Cycle
[4328.547s][info][gc,marking     ] GC(1207) Concurrent Scan Root Regions
[4328.547s][info][gc,cpu         ] GC(1206) User=0.69s Sys=0.00s Real=0.12s
.[4328.694s][info][gc,marking     ] GC(1207) Concurrent Scan Root Regions 147.255ms
[4328.694s][info][gc,marking     ] GC(1207) Concurrent Mark
[4328.694s][info][gc,marking     ] GC(1207) Concurrent Mark From Roots
[4328.694s][info][gc,task        ] GC(1207) Using 2 workers of 2 for marking
[4329.430s][info][gc,marking     ] GC(1207) Concurrent Mark From Roots 735.780ms
[4329.430s][info][gc,marking     ] GC(1207) Concurrent Preclean
[4329.430s][info][gc,marking     ] GC(1207) Concurrent Preclean 0.107ms
[4329.433s][info][gc,start       ] GC(1207) Pause Remark
[4329.439s][info][gc             ] GC(1207) Pause Remark 2185M->2185M(4096M) 5.874ms
[4329.439s][info][gc,cpu         ] GC(1207) User=0.04s Sys=0.00s Real=0.00s
[4329.439s][info][gc,marking     ] GC(1207) Concurrent Mark 745.128ms
[4329.439s][info][gc,marking     ] GC(1207) Concurrent Rebuild Remembered Sets and Scrub Regions
.[4329.717s][info][gc,marking     ] GC(1207) Concurrent Rebuild Remembered Sets and Scrub Regions 277.600ms
[4329.719s][info][gc,start       ] GC(1207) Pause Cleanup
[4329.719s][info][gc             ] GC(1207) Pause Cleanup 2463M->2463M(4096M) 0.140ms
[4329.719s][info][gc,cpu         ] GC(1207) User=0.00s Sys=0.00s Real=0.00s
[4329.719s][info][gc,marking     ] GC(1207) Concurrent Clear Claimed Marks
[4329.719s][info][gc,marking     ] GC(1207) Concurrent Clear Claimed Marks 0.029ms
[4329.719s][info][gc,marking     ] GC(1207) Concurrent Cleanup for Next Mark
[4329.724s][info][gc,marking     ] GC(1207) Concurrent Cleanup for Next Mark 4.595ms
[4329.724s][info][gc             ] GC(1207) Concurrent Mark Cycle 1176.931ms
.[4330.871s][info][gc,start       ] GC(1208) Pause Young (Prepare Mixed) (G1 Evacuation Pause)
[4330.871s][info][gc,task        ] GC(1208) Using 6 workers of 6 for evacuation
[4330.992s][info][gc,phases      ] GC(1208)   Pre Evacuate Collection Set: 0.34ms
[4330.992s][info][gc,phases      ] GC(1208)   Merge Heap Roots: 0.59ms
[4330.992s][info][gc,phases      ] GC(1208)   Evacuate Collection Set: 119.07ms
[4330.992s][info][gc,phases      ] GC(1208)   Post Evacuate Collection Set: 0.90ms
[4330.992s][info][gc,phases      ] GC(1208)   Other: 0.08ms
[4330.992s][info][gc,heap        ] GC(1208) Eden regions: 1118->0(1101)
[4330.992s][info][gc,heap        ] GC(1208) Survivor regions: 110->113(154)
[4330.992s][info][gc,heap        ] GC(1208) Old regions: 506->538
[4330.992s][info][gc,heap        ] GC(1208) Humongous regions: 80->80
[4330.992s][info][gc,metaspace   ] GC(1208) Metaspace: 28963K(29376K)->28963K(29376K) NonClass: 24094K(24256K)->24094K(24256K) Class: 4869K(5120K)->4869K(5120K)
[4330.992s][info][gc             ] GC(1208) Pause Young (Prepare Mixed) (G1 Evacuation Pause) 3625M->1459M(4096M) 121.108ms
[4330.992s][info][gc,cpu         ] GC(1208) User=0.72s Sys=0.00s Real=0.12s
..[4333.245s][info][gc,start       ] GC(1209) Pause Young (Mixed) (G1 Evacuation Pause)
[4333.245s][info][gc,task        ] GC(1209) Using 6 workers of 6 for evacuation
[4333.381s][info][gc,phases      ] GC(1209)   Pre Evacuate Collection Set: 0.38ms
[4333.381s][info][gc,phases      ] GC(1209)   Merge Heap Roots: 0.74ms
[4333.381s][info][gc,phases      ] GC(1209)   Evacuate Collection Set: 134.19ms
[4333.381s][info][gc,phases      ] GC(1209)   Post Evacuate Collection Set: 0.96ms
[4333.381s][info][gc,phases      ] GC(1209)   Other: 0.09ms
[4333.381s][info][gc,heap        ] GC(1209) Eden regions: 1101->0(1119)
[4333.381s][info][gc,heap        ] GC(1209) Survivor regions: 113->109(152)
[4333.381s][info][gc,heap        ] GC(1209) Old regions: 538->474
[4333.381s][info][gc,heap        ] GC(1209) Humongous regions: 80->80
[4333.381s][info][gc,metaspace   ] GC(1209) Metaspace: 28963K(29376K)->28963K(29376K) NonClass: 24094K(24256K)->24094K(24256K) Class: 4869K(5120K)->4869K(5120K)
[4333.381s][info][gc             ] GC(1209) Pause Young (Mixed) (G1 Evacuation Pause) 3661M->1325M(4096M) 136.517ms
[4333.381s][info][gc,cpu         ] GC(1209) User=0.81s Sys=0.00s Real=0.13s
...[4335.636s][info][gc,start       ] GC(1210) Pause Young (Concurrent Start) (G1 Evacuation Pause)
[4335.636s][info][gc,task        ] GC(1210) Using 6 workers of 6 for evacuation
[4335.755s][info][gc,phases      ] GC(1210)   Pre Evacuate Collection Set: 0.35ms
[4335.755s][info][gc,phases      ] GC(1210)   Merge Heap Roots: 0.47ms
[4335.755s][info][gc,phases      ] GC(1210)   Evacuate Collection Set: 116.90ms
[4335.755s][info][gc,phases      ] GC(1210)   Post Evacuate Collection Set: 0.86ms
[4335.755s][info][gc,phases      ] GC(1210)   Other: 0.11ms
[4335.755s][info][gc,heap        ] GC(1210) Eden regions: 1119->0(1119)
[4335.755s][info][gc,heap        ] GC(1210) Survivor regions: 109->109(154)
[4335.755s][info][gc,heap        ] GC(1210) Old regions: 474->508
[4335.755s][info][gc,heap        ] GC(1210) Humongous regions: 80->80
[4335.755s][info][gc,metaspace   ] GC(1210) Metaspace: 28963K(29376K)->28963K(29376K) NonClass: 24094K(24256K)->24094K(24256K) Class: 4869K(5120K)->4869K(5120K)
[4335.755s][info][gc             ] GC(1210) Pause Young (Concurrent Start) (G1 Evacuation Pause) 3563M->1393M(4096M) 118.810ms
[4335.755s][info][gc             ] GC(1211) Concurrent Mark Cycle
[4335.755s][info][gc,marking     ] GC(1211) Concurrent Scan Root Regions
[4335.755s][info][gc,cpu         ] GC(1210) User=0.70s Sys=0.00s Real=0.12s
[4335.898s][info][gc,marking     ] GC(1211) Concurrent Scan Root Regions 143.241ms
[4335.898s][info][gc,marking     ] GC(1211) Concurrent Mark
[4335.898s][info][gc,marking     ] GC(1211) Concurrent Mark From Roots
[4335.898s][info][gc,task        ] GC(1211) Using 2 workers of 2 for marking
[4336.632s][info][gc,marking     ] GC(1211) Concurrent Mark From Roots 734.306ms
[4336.632s][info][gc,marking     ] GC(1211) Concurrent Preclean
[4336.633s][info][gc,marking     ] GC(1211) Concurrent Preclean 0.119ms
[4336.636s][info][gc,start       ] GC(1211) Pause Remark
[4336.640s][info][gc             ] GC(1211) Pause Remark 2213M->2213M(4096M) 4.021ms
[4336.640s][info][gc,cpu         ] GC(1211) User=0.02s Sys=0.00s Real=0.00s
[4336.640s][info][gc,marking     ] GC(1211) Concurrent Mark 741.568ms
[4336.640s][info][gc,marking     ] GC(1211) Concurrent Rebuild Remembered Sets and Scrub Regions
[4336.968s][info][gc,marking     ] GC(1211) Concurrent Rebuild Remembered Sets and Scrub Regions 328.299ms
[4336.970s][info][gc,start       ] GC(1211) Pause Cleanup
[4336.970s][info][gc             ] GC(1211) Pause Cleanup 2489M->2489M(4096M) 0.126ms
[4336.970s][info][gc,cpu         ] GC(1211) User=0.00s Sys=0.00s Real=0.00s
[4336.970s][info][gc,marking     ] GC(1211) Concurrent Clear Claimed Marks
[4336.970s][info][gc,marking     ] GC(1211) Concurrent Clear Claimed Marks 0.036ms
[4336.970s][info][gc,marking     ] GC(1211) Concurrent Cleanup for Next Mark
[4336.978s][info][gc,marking     ] GC(1211) Concurrent Cleanup for Next Mark 8.316ms
[4336.978s][info][gc             ] GC(1211) Concurrent Mark Cycle 1223.522ms
..[4338.076s][info][gc,start       ] GC(1212) Pause Young (Prepare Mixed) (G1 Evacuation Pause)
[4338.076s][info][gc,task        ] GC(1212) Using 6 workers of 6 for evacuation
[4338.195s][info][gc,phases      ] GC(1212)   Pre Evacuate Collection Set: 0.33ms
[4338.195s][info][gc,phases      ] GC(1212)   Merge Heap Roots: 0.49ms
[4338.195s][info][gc,phases      ] GC(1212)   Evacuate Collection Set: 116.88ms
[4338.195s][info][gc,phases      ] GC(1212)   Post Evacuate Collection Set: 0.90ms
[4338.195s][info][gc,phases      ] GC(1212)   Other: 0.08ms
[4338.195s][info][gc,heap        ] GC(1212) Eden regions: 1119->0(1105)
[4338.195s][info][gc,heap        ] GC(1212) Survivor regions: 109->110(154)
[4338.195s][info][gc,heap        ] GC(1212) Old regions: 508->540
[4338.195s][info][gc,heap        ] GC(1212) Humongous regions: 80->80
[4338.195s][info][gc,metaspace   ] GC(1212) Metaspace: 28963K(29376K)->28963K(29376K) NonClass: 24094K(24256K)->24094K(24256K) Class: 4869K(5120K)->4869K(5120K)
[4338.195s][info][gc             ] GC(1212) Pause Young (Prepare Mixed) (G1 Evacuation Pause) 3631M->1458M(4096M) 118.811ms
[4338.195s][info][gc,cpu         ] GC(1212) User=0.71s Sys=0.00s Real=0.12s
..[4340.504s][info][gc,start       ] GC(1213) Pause Young (Mixed) (G1 Evacuation Pause)
[4340.504s][info][gc,task        ] GC(1213) Using 6 workers of 6 for evacuation
[4340.645s][info][gc,phases      ] GC(1213)   Pre Evacuate Collection Set: 0.37ms
[4340.645s][info][gc,phases      ] GC(1213)   Merge Heap Roots: 0.84ms
[4340.645s][info][gc,phases      ] GC(1213)   Evacuate Collection Set: 138.66ms
[4340.645s][info][gc,phases      ] GC(1213)   Post Evacuate Collection Set: 0.94ms
[4340.645s][info][gc,phases      ] GC(1213)   Other: 0.09ms
[4340.645s][info][gc,heap        ] GC(1213) Eden regions: 1105->0(1114)
[4340.645s][info][gc,heap        ] GC(1213) Survivor regions: 110->114(152)
[4340.645s][info][gc,heap        ] GC(1213) Old regions: 540->476
[4340.645s][info][gc,heap        ] GC(1213) Humongous regions: 80->80
[4340.645s][info][gc,metaspace   ] GC(1213) Metaspace: 28963K(29376K)->28963K(29376K) NonClass: 24094K(24256K)->24094K(24256K) Class: 4869K(5120K)->4869K(5120K)
[4340.645s][info][gc             ] GC(1213) Pause Young (Mixed) (G1 Evacuation Pause) 3668M->1337M(4096M) 141.025ms
[4340.645s][info][gc,cpu         ] GC(1213) User=0.84s Sys=0.00s Real=0.14s
..[4342.866s][info][gc,start       ] GC(1214) Pause Young (Concurrent Start) (G1 Evacuation Pause)
[4342.866s][info][gc,task        ] GC(1214) Using 6 workers of 6 for evacuation
[4342.995s][info][gc,phases      ] GC(1214)   Pre Evacuate Collection Set: 0.39ms
[4342.995s][info][gc,phases      ] GC(1214)   Merge Heap Roots: 0.52ms
[4342.995s][info][gc,phases      ] GC(1214)   Evacuate Collection Set: 127.13ms
[4342.995s][info][gc,phases      ] GC(1214)   Post Evacuate Collection Set: 0.94ms
[4342.995s][info][gc,phases      ] GC(1214)   Other: 0.10ms
[4342.995s][info][gc,heap        ] GC(1214) Eden regions: 1114->0(1110)
[4342.995s][info][gc,heap        ] GC(1214) Survivor regions: 114->118(154)
[4342.995s][info][gc,heap        ] GC(1214) Old regions: 476->508
[4342.995s][info][gc,heap        ] GC(1214) Humongous regions: 80->80
[4342.995s][info][gc,metaspace   ] GC(1214) Metaspace: 28963K(29376K)->28963K(29376K) NonClass: 24094K(24256K)->24094K(24256K) Class: 4869K(5120K)->4869K(5120K)
[4342.995s][info][gc             ] GC(1214) Pause Young (Concurrent Start) (G1 Evacuation Pause) 3565M->1410M(4096M) 129.212ms
[4342.995s][info][gc             ] GC(1215) Concurrent Mark Cycle
[4342.995s][info][gc,marking     ] GC(1215) Concurrent Scan Root Regions
[4342.995s][info][gc,cpu         ] GC(1214) User=0.77s Sys=0.00s Real=0.13s
.[4343.153s][info][gc,marking     ] GC(1215) Concurrent Scan Root Regions 158.467ms
[4343.153s][info][gc,marking     ] GC(1215) Concurrent Mark
[4343.153s][info][gc,marking     ] GC(1215) Concurrent Mark From Roots
[4343.153s][info][gc,task        ] GC(1215) Using 2 workers of 2 for marking
[4343.851s][info][gc,marking     ] GC(1215) Concurrent Mark From Roots 697.691ms
[4343.851s][info][gc,marking     ] GC(1215) Concurrent Preclean
[4343.851s][info][gc,marking     ] GC(1215) Concurrent Preclean 0.104ms
[4343.853s][info][gc,start       ] GC(1215) Pause Remark
[4343.857s][info][gc             ] GC(1215) Pause Remark 2214M->2214M(4096M) 4.016ms
[4343.857s][info][gc,cpu         ] GC(1215) User=0.02s Sys=0.00s Real=0.00s
[4343.857s][info][gc,marking     ] GC(1215) Concurrent Mark 703.449ms
[4343.857s][info][gc,marking     ] GC(1215) Concurrent Rebuild Remembered Sets and Scrub Regions
[4344.172s][info][gc,marking     ] GC(1215) Concurrent Rebuild Remembered Sets and Scrub Regions 315.475ms
[4344.174s][info][gc,start       ] GC(1215) Pause Cleanup
[4344.174s][info][gc             ] GC(1215) Pause Cleanup 2410M->2410M(4096M) 0.129ms
[4344.174s][info][gc,cpu         ] GC(1215) User=0.00s Sys=0.00s Real=0.00s
[4344.174s][info][gc,marking     ] GC(1215) Concurrent Clear Claimed Marks
[4344.174s][info][gc,marking     ] GC(1215) Concurrent Clear Claimed Marks 0.038ms
[4344.174s][info][gc,marking     ] GC(1215) Concurrent Cleanup for Next Mark
[4344.180s][info][gc,marking     ] GC(1215) Concurrent Cleanup for Next Mark 5.905ms
[4344.180s][info][gc             ] GC(1215) Concurrent Mark Cycle 1185.144ms
..[4345.366s][info][gc,start       ] GC(1216) Pause Young (Prepare Mixed) (G1 Evacuation Pause)
[4345.366s][info][gc,task        ] GC(1216) Using 6 workers of 6 for evacuation
[4345.484s][info][gc,phases      ] GC(1216)   Pre Evacuate Collection Set: 0.36ms
[4345.484s][info][gc,phases      ] GC(1216)   Merge Heap Roots: 0.58ms
[4345.484s][info][gc,phases      ] GC(1216)   Evacuate Collection Set: 115.86ms
[4345.484s][info][gc,phases      ] GC(1216)   Post Evacuate Collection Set: 0.94ms
[4345.484s][info][gc,phases      ] GC(1216)   Other: 0.09ms
[4345.484s][info][gc,heap        ] GC(1216) Eden regions: 1110->0(1107)
[4345.484s][info][gc,heap        ] GC(1216) Survivor regions: 118->109(154)
[4345.484s][info][gc,heap        ] GC(1216) Old regions: 508->540
[4345.484s][info][gc,heap        ] GC(1216) Humongous regions: 80->80
[4345.484s][info][gc,metaspace   ] GC(1216) Metaspace: 28963K(29376K)->28963K(29376K) NonClass: 24094K(24256K)->24094K(24256K) Class: 4869K(5120K)->4869K(5120K)
[4345.484s][info][gc             ] GC(1216) Pause Young (Prepare Mixed) (G1 Evacuation Pause) 3630M->1457M(4096M) 117.988ms
[4345.484s][info][gc,cpu         ] GC(1216) User=0.70s Sys=0.00s Real=0.12s
..[4347.745s][info][gc,start       ] GC(1217) Pause Young (Mixed) (G1 Evacuation Pause)
[4347.746s][info][gc,task        ] GC(1217) Using 6 workers of 6 for evacuation
[4347.881s][info][gc,phases      ] GC(1217)   Pre Evacuate Collection Set: 0.33ms
[4347.881s][info][gc,phases      ] GC(1217)   Merge Heap Roots: 0.69ms
[4347.881s][info][gc,phases      ] GC(1217)   Evacuate Collection Set: 133.07ms
[4347.881s][info][gc,phases      ] GC(1217)   Post Evacuate Collection Set: 0.94ms
[4347.881s][info][gc,phases      ] GC(1217)   Other: 0.09ms
[4347.881s][info][gc,heap        ] GC(1217) Eden regions: 1107->0(1117)
[4347.881s][info][gc,heap        ] GC(1217) Survivor regions: 109->111(152)
[4347.881s][info][gc,heap        ] GC(1217) Old regions: 540->475
[4347.881s][info][gc,heap        ] GC(1217) Humongous regions: 80->80
[4347.881s][info][gc,metaspace   ] GC(1217) Metaspace: 28963K(29376K)->28963K(29376K) NonClass: 24094K(24256K)->24094K(24256K) Class: 4869K(5120K)->4869K(5120K)
[4347.881s][info][gc             ] GC(1217) Pause Young (Mixed) (G1 Evacuation Pause) 3671M->1330M(4096M) 135.247ms
[4347.881s][info][gc,cpu         ] GC(1217) User=0.81s Sys=0.00s Real=0.13s
..[4350.168s][info][gc,start       ] GC(1218) Pause Young (Concurrent Start) (G1 Evacuation Pause)
[4350.169s][info][gc,task        ] GC(1218) Using 6 workers of 6 for evacuation
[4350.287s][info][gc,phases      ] GC(1218)   Pre Evacuate Collection Set: 0.36ms
[4350.287s][info][gc,phases      ] GC(1218)   Merge Heap Roots: 0.46ms
[4350.287s][info][gc,phases      ] GC(1218)   Evacuate Collection Set: 116.25ms
[4350.287s][info][gc,phases      ] GC(1218)   Post Evacuate Collection Set: 0.88ms
[4350.287s][info][gc,phases      ] GC(1218)   Other: 0.10ms
[4350.287s][info][gc,heap        ] GC(1218) Eden regions: 1117->0(1119)
[4350.287s][info][gc,heap        ] GC(1218) Survivor regions: 111->109(154)
[4350.287s][info][gc,heap        ] GC(1218) Old regions: 475->508
[4350.287s][info][gc,heap        ] GC(1218) Humongous regions: 80->80
[4350.287s][info][gc,metaspace   ] GC(1218) Metaspace: 28963K(29376K)->28963K(29376K) NonClass: 24094K(24256K)->24094K(24256K) Class: 4869K(5120K)->4869K(5120K)
[4350.287s][info][gc             ] GC(1218) Pause Young (Concurrent Start) (G1 Evacuation Pause) 3564M->1392M(4096M) 118.210ms
[4350.287s][info][gc             ] GC(1219) Concurrent Mark Cycle
[4350.287s][info][gc,marking     ] GC(1219) Concurrent Scan Root Regions
[4350.287s][info][gc,cpu         ] GC(1218) User=0.70s Sys=0.00s Real=0.12s
.[4350.474s][info][gc,marking     ] GC(1219) Concurrent Scan Root Regions 186.852ms
[4350.474s][info][gc,marking     ] GC(1219) Concurrent Mark
[4350.474s][info][gc,marking     ] GC(1219) Concurrent Mark From Roots
[4350.474s][info][gc,task        ] GC(1219) Using 2 workers of 2 for marking
.[4351.431s][info][gc,marking     ] GC(1219) Concurrent Mark From Roots 956.932ms
[4351.431s][info][gc,marking     ] GC(1219) Concurrent Preclean
[4351.431s][info][gc,marking     ] GC(1219) Concurrent Preclean 0.095ms
[4351.431s][info][gc,start       ] GC(1219) Pause Remark
[4351.436s][info][gc             ] GC(1219) Pause Remark 2516M->2516M(4096M) 5.280ms
[4351.436s][info][gc,cpu         ] GC(1219) User=0.03s Sys=0.00s Real=0.01s
[4351.436s][info][gc,marking     ] GC(1219) Concurrent Mark 962.623ms
[4351.436s][info][gc,marking     ] GC(1219) Concurrent Rebuild Remembered Sets and Scrub Regions
[4351.761s][info][gc,marking     ] GC(1219) Concurrent Rebuild Remembered Sets and Scrub Regions 324.503ms
[4351.761s][info][gc,start       ] GC(1219) Pause Cleanup
[4351.761s][info][gc             ] GC(1219) Pause Cleanup 2809M->2809M(4096M) 0.117ms
[4351.761s][info][gc,cpu         ] GC(1219) User=0.00s Sys=0.00s Real=0.00s
[4351.761s][info][gc,marking     ] GC(1219) Concurrent Clear Claimed Marks
[4351.761s][info][gc,marking     ] GC(1219) Concurrent Clear Claimed Marks 0.026ms
[4351.761s][info][gc,marking     ] GC(1219) Concurrent Cleanup for Next Mark
[4351.765s][info][gc,marking     ] GC(1219) Concurrent Cleanup for Next Mark 4.109ms
[4351.765s][info][gc             ] GC(1219) Concurrent Mark Cycle 1478.602ms
.[4352.625s][info][gc,start       ] GC(1220) Pause Young (Prepare Mixed) (G1 Evacuation Pause)
[4352.626s][info][gc,task        ] GC(1220) Using 6 workers of 6 for evacuation
[4352.746s][info][gc,phases      ] GC(1220)   Pre Evacuate Collection Set: 0.32ms
[4352.746s][info][gc,phases      ] GC(1220)   Merge Heap Roots: 0.54ms
[4352.746s][info][gc,phases      ] GC(1220)   Evacuate Collection Set: 118.63ms
[4352.746s][info][gc,phases      ] GC(1220)   Post Evacuate Collection Set: 0.90ms
[4352.746s][info][gc,phases      ] GC(1220)   Other: 0.08ms
[4352.746s][info][gc,heap        ] GC(1220) Eden regions: 1119->0(1104)
[4352.746s][info][gc,heap        ] GC(1220) Survivor regions: 109->111(154)
[4352.746s][info][gc,heap        ] GC(1220) Old regions: 508->539
[4352.746s][info][gc,heap        ] GC(1220) Humongous regions: 80->80
[4352.746s][info][gc,metaspace   ] GC(1220) Metaspace: 28963K(29376K)->28963K(29376K) NonClass: 24094K(24256K)->24094K(24256K) Class: 4869K(5120K)->4869K(5120K)
[4352.746s][info][gc             ] GC(1220) Pause Young (Prepare Mixed) (G1 Evacuation Pause) 3630M->1458M(4096M) 120.603ms
[4352.746s][info][gc,cpu         ] GC(1220) User=0.72s Sys=0.00s Real=0.12s
..[4354.967s][info][gc,start       ] GC(1221) Pause Young (Mixed) (G1 Evacuation Pause)
[4354.967s][info][gc,task        ] GC(1221) Using 6 workers of 6 for evacuation
[4355.103s][info][gc,phases      ] GC(1221)   Pre Evacuate Collection Set: 0.39ms
[4355.103s][info][gc,phases      ] GC(1221)   Merge Heap Roots: 0.77ms
[4355.103s][info][gc,phases      ] GC(1221)   Evacuate Collection Set: 133.19ms
[4355.103s][info][gc,phases      ] GC(1221)   Post Evacuate Collection Set: 0.97ms
[4355.103s][info][gc,phases      ] GC(1221)   Other: 0.09ms
[4355.103s][info][gc,heap        ] GC(1221) Eden regions: 1104->0(1120)
[4355.103s][info][gc,heap        ] GC(1221) Survivor regions: 111->108(152)
[4355.103s][info][gc,heap        ] GC(1221) Old regions: 539->474
[4355.103s][info][gc,heap        ] GC(1221) Humongous regions: 80->80
[4355.103s][info][gc,metaspace   ] GC(1221) Metaspace: 28963K(29376K)->28963K(29376K) NonClass: 24094K(24256K)->24094K(24256K) Class: 4869K(5120K)->4869K(5120K)
[4355.103s][info][gc             ] GC(1221) Pause Young (Mixed) (G1 Evacuation Pause) 3666M->1323M(4096M) 135.560ms
[4355.103s][info][gc,cpu         ] GC(1221) User=0.80s Sys=0.00s Real=0.14s
...[4357.410s][info][gc,start       ] GC(1222) Pause Young (Concurrent Start) (G1 Evacuation Pause)
[4357.410s][info][gc,task        ] GC(1222) Using 6 workers of 6 for evacuation
[4357.532s][info][gc,phases      ] GC(1222)   Pre Evacuate Collection Set: 0.34ms
[4357.532s][info][gc,phases      ] GC(1222)   Merge Heap Roots: 0.47ms
[4357.532s][info][gc,phases      ] GC(1222)   Evacuate Collection Set: 119.75ms
[4357.532s][info][gc,phases      ] GC(1222)   Post Evacuate Collection Set: 0.88ms
[4357.532s][info][gc,phases      ] GC(1222)   Other: 0.11ms
[4357.532s][info][gc,heap        ] GC(1222) Eden regions: 1120->0(1117)
[4357.532s][info][gc,heap        ] GC(1222) Survivor regions: 108->111(154)
[4357.532s][info][gc,heap        ] GC(1222) Old regions: 474->507
[4357.532s][info][gc,heap        ] GC(1222) Humongous regions: 80->80
[4357.532s][info][gc,metaspace   ] GC(1222) Metaspace: 28963K(29376K)->28963K(29376K) NonClass: 24094K(24256K)->24094K(24256K) Class: 4869K(5120K)->4869K(5120K)
[4357.532s][info][gc             ] GC(1222) Pause Young (Concurrent Start) (G1 Evacuation Pause) 3563M->1395M(4096M) 121.683ms
[4357.532s][info][gc             ] GC(1223) Concurrent Mark Cycle
[4357.532s][info][gc,marking     ] GC(1223) Concurrent Scan Root Regions
[4357.532s][info][gc,cpu         ] GC(1222) User=0.71s Sys=0.00s Real=0.12s
[4357.749s][info][gc,marking     ] GC(1223) Concurrent Scan Root Regions 217.847ms
[4357.750s][info][gc,marking     ] GC(1223) Concurrent Mark
[4357.750s][info][gc,marking     ] GC(1223) Concurrent Mark From Roots
[4357.750s][info][gc,task        ] GC(1223) Using 2 workers of 2 for marking
.[4358.768s][info][gc,marking     ] GC(1223) Concurrent Mark From Roots 1018.031ms
[4358.768s][info][gc,marking     ] GC(1223) Concurrent Preclean
[4358.768s][info][gc,marking     ] GC(1223) Concurrent Preclean 0.124ms
[4358.769s][info][gc,start       ] GC(1223) Pause Remark
[4358.774s][info][gc             ] GC(1223) Pause Remark 2595M->2595M(4096M) 5.440ms
[4358.774s][info][gc,cpu         ] GC(1223) User=0.03s Sys=0.00s Real=0.01s
[4358.775s][info][gc,marking     ] GC(1223) Concurrent Mark 1025.786ms
[4358.775s][info][gc,marking     ] GC(1223) Concurrent Rebuild Remembered Sets and Scrub Regions
[4359.053s][info][gc,marking     ] GC(1223) Concurrent Rebuild Remembered Sets and Scrub Regions 277.740ms
[4359.054s][info][gc,start       ] GC(1223) Pause Cleanup
[4359.054s][info][gc             ] GC(1223) Pause Cleanup 2834M->2834M(4096M) 0.121ms
[4359.054s][info][gc,cpu         ] GC(1223) User=0.00s Sys=0.00s Real=0.00s
[4359.056s][info][gc,marking     ] GC(1223) Concurrent Clear Claimed Marks
[4359.056s][info][gc,marking     ] GC(1223) Concurrent Clear Claimed Marks 0.070ms
[4359.056s][info][gc,marking     ] GC(1223) Concurrent Cleanup for Next Mark
[4359.067s][info][gc,marking     ] GC(1223) Concurrent Cleanup for Next Mark 10.721ms
[4359.067s][info][gc             ] GC(1223) Concurrent Mark Cycle 1535.573ms
.[4359.909s][info][gc,start       ] GC(1224) Pause Young (Prepare Mixed) (G1 Evacuation Pause)
[4359.909s][info][gc,task        ] GC(1224) Using 6 workers of 6 for evacuation
[4360.032s][info][gc,phases      ] GC(1224)   Pre Evacuate Collection Set: 0.32ms
[4360.032s][info][gc,phases      ] GC(1224)   Merge Heap Roots: 0.62ms
[4360.032s][info][gc,phases      ] GC(1224)   Evacuate Collection Set: 121.33ms
[4360.032s][info][gc,phases      ] GC(1224)   Post Evacuate Collection Set: 0.94ms
[4360.032s][info][gc,phases      ] GC(1224)   Other: 0.09ms
[4360.032s][info][gc,heap        ] GC(1224) Eden regions: 1117->0(1099)
[4360.032s][info][gc,heap        ] GC(1224) Survivor regions: 111->113(154)
[4360.032s][info][gc,heap        ] GC(1224) Old regions: 507->540
[4360.032s][info][gc,heap        ] GC(1224) Humongous regions: 80->80
[4360.032s][info][gc,metaspace   ] GC(1224) Metaspace: 28963K(29376K)->28963K(29376K) NonClass: 24094K(24256K)->24094K(24256K) Class: 4869K(5120K)->4869K(5120K)
[4360.032s][info][gc             ] GC(1224) Pause Young (Prepare Mixed) (G1 Evacuation Pause) 3629M->1464M(4096M) 123.438ms
[4360.032s][info][gc,cpu         ] GC(1224) User=0.73s Sys=0.00s Real=0.12s
. (rIR:aIR:PR = 7749:7784:7783) (tPR = 115449) [OK] 
  4360s: Performance info:
         Transaction,    Success,    Partial,     Failed,   Receipts, AvgBarcode, 
             Overall,     469685,          0,          0,     446155,      59.47, 
         Response times:
             Request,    Success,    Partial,     Failed,   SkipFail,     Probes,    Samples,      min,      p50,      p90,      p95,      p99,      max, 
       TotalPurchase,     446166,          0,          0,          0,     355088,     419217,      300,     6600,    93000,   130000,   204000,   468000,
     InStorePurchase,     235183,          0,          0,          0,     186378,     220213,      300,     6700,    94000,   132000,   205000,   428000,
      OnlinePurchase,     164236,          0,          0,          0,     130588,     154042,      300,     6400,    92000,   128000,   204000,   468000,
        InstPurchase,      46747,          0,          0,          0,      38122,      44962,      300,     6400,    89000,   128000,   205000,   342000,
          AssocOfCat,        467,          0,          0,          0,        346,        503,    28000,    50000,   162000,   189600,   277840,   303000,
      AssocOfProduct,       4684,          0,          0,          0,       4253,       5249,      500,     7100,    96000,   130000,   197000,   339000,
      BusinessReport,       1170,          0,          0,          0,        993,       1296,    27000,    55000,   177000,   211150,   281120,   353000,
          CustBuyBeh,       4691,          0,          0,          0,       4353,       5361,      200,     7100,    91000,   126900,   192000,   334000,
       ProductReturn,      12519,          0,          0,          0,       9363,      11215,      200,     6500,    92000,   129200,   206000,   287000,

  4360s: (57%)   IR =   7887 .[4362.227s][info][gc,start       ] GC(1225) Pause Young (Mixed) (G1 Evacuation Pause)
[4362.227s][info][gc,task        ] GC(1225) Using 6 workers of 6 for evacuation
[4362.361s][info][gc,phases      ] GC(1225)   Pre Evacuate Collection Set: 0.39ms
[4362.361s][info][gc,phases      ] GC(1225)   Merge Heap Roots: 0.69ms
[4362.361s][info][gc,phases      ] GC(1225)   Evacuate Collection Set: 132.33ms
[4362.361s][info][gc,phases      ] GC(1225)   Post Evacuate Collection Set: 0.91ms
[4362.361s][info][gc,phases      ] GC(1225)   Other: 0.09ms
[4362.361s][info][gc,heap        ] GC(1225) Eden regions: 1099->0(1118)
[4362.361s][info][gc,heap        ] GC(1225) Survivor regions: 113->110(152)
[4362.361s][info][gc,heap        ] GC(1225) Old regions: 540->476
[4362.361s][info][gc,heap        ] GC(1225) Humongous regions: 80->80
[4362.361s][info][gc,metaspace   ] GC(1225) Metaspace: 28963K(29376K)->28963K(29376K) NonClass: 24094K(24256K)->24094K(24256K) Class: 4869K(5120K)->4869K(5120K)
[4362.361s][info][gc             ] GC(1225) Pause Young (Mixed) (G1 Evacuation Pause) 3662M->1331M(4096M) 134.539ms
[4362.361s][info][gc,cpu         ] GC(1225) User=0.81s Sys=0.00s Real=0.13s
...[4364.675s][info][gc,start       ] GC(1226) Pause Young (Concurrent Start) (G1 Evacuation Pause)
[4364.675s][info][gc,task        ] GC(1226) Using 6 workers of 6 for evacuation
[4364.796s][info][gc,phases      ] GC(1226)   Pre Evacuate Collection Set: 0.39ms
[4364.796s][info][gc,phases      ] GC(1226)   Merge Heap Roots: 0.47ms
[4364.796s][info][gc,phases      ] GC(1226)   Evacuate Collection Set: 119.39ms
[4364.796s][info][gc,phases      ] GC(1226)   Post Evacuate Collection Set: 0.87ms
[4364.796s][info][gc,phases      ] GC(1226)   Other: 0.12ms
[4364.796s][info][gc,heap        ] GC(1226) Eden regions: 1118->0(1115)
[4364.796s][info][gc,heap        ] GC(1226) Survivor regions: 110->113(154)
[4364.796s][info][gc,heap        ] GC(1226) Old regions: 476->508
[4364.796s][info][gc,heap        ] GC(1226) Humongous regions: 80->80
[4364.796s][info][gc,metaspace   ] GC(1226) Metaspace: 28963K(29376K)->28963K(29376K) NonClass: 24094K(24256K)->24094K(24256K) Class: 4869K(5120K)->4869K(5120K)
[4364.796s][info][gc             ] GC(1226) Pause Young (Concurrent Start) (G1 Evacuation Pause) 3567M->1400M(4096M) 121.384ms
[4364.796s][info][gc             ] GC(1227) Concurrent Mark Cycle
[4364.796s][info][gc,marking     ] GC(1227) Concurrent Scan Root Regions
[4364.797s][info][gc,cpu         ] GC(1226) User=0.72s Sys=0.01s Real=0.12s
[4364.990s][info][gc,marking     ] GC(1227) Concurrent Scan Root Regions 193.623ms
[4364.990s][info][gc,marking     ] GC(1227) Concurrent Mark
[4364.990s][info][gc,marking     ] GC(1227) Concurrent Mark From Roots
[4364.990s][info][gc,task        ] GC(1227) Using 2 workers of 2 for marking
.[4365.998s][info][gc,marking     ] GC(1227) Concurrent Mark From Roots 1007.757ms
[4365.998s][info][gc,marking     ] GC(1227) Concurrent Preclean
[4365.998s][info][gc,marking     ] GC(1227) Concurrent Preclean 0.128ms
[4366.000s][info][gc,start       ] GC(1227) Pause Remark
[4366.005s][info][gc             ] GC(1227) Pause Remark 2520M->2520M(4096M) 5.737ms
[4366.005s][info][gc,cpu         ] GC(1227) User=0.03s Sys=0.00s Real=0.01s
[4366.005s][info][gc,marking     ] GC(1227) Concurrent Mark 1015.287ms
[4366.005s][info][gc,marking     ] GC(1227) Concurrent Rebuild Remembered Sets and Scrub Regions
[4366.288s][info][gc,marking     ] GC(1227) Concurrent Rebuild Remembered Sets and Scrub Regions 282.379ms
[4366.290s][info][gc,start       ] GC(1227) Pause Cleanup
[4366.290s][info][gc             ] GC(1227) Pause Cleanup 2814M->2814M(4096M) 0.133ms
[4366.290s][info][gc,cpu         ] GC(1227) User=0.00s Sys=0.00s Real=0.00s
[4366.290s][info][gc,marking     ] GC(1227) Concurrent Clear Claimed Marks
[4366.290s][info][gc,marking     ] GC(1227) Concurrent Clear Claimed Marks 0.038ms
[4366.290s][info][gc,marking     ] GC(1227) Concurrent Cleanup for Next Mark
[4366.301s][info][gc,marking     ] GC(1227) Concurrent Cleanup for Next Mark 11.186ms
[4366.301s][info][gc             ] GC(1227) Concurrent Mark Cycle 1504.689ms
.[4367.036s][info][gc,start       ] GC(1228) Pause Young (Prepare Mixed) (G1 Evacuation Pause)
[4367.036s][info][gc,task        ] GC(1228) Using 6 workers of 6 for evacuation
[4367.152s][info][gc,phases      ] GC(1228)   Pre Evacuate Collection Set: 0.34ms
[4367.152s][info][gc,phases      ] GC(1228)   Merge Heap Roots: 0.52ms
[4367.152s][info][gc,phases      ] GC(1228)   Evacuate Collection Set: 113.85ms
[4367.152s][info][gc,phases      ] GC(1228)   Post Evacuate Collection Set: 0.92ms
[4367.152s][info][gc,phases      ] GC(1228)   Other: 0.09ms
[4367.152s][info][gc,heap        ] GC(1228) Eden regions: 1115->0(1109)
[4367.152s][info][gc,heap        ] GC(1228) Survivor regions: 113->108(154)
[4367.152s][info][gc,heap        ] GC(1228) Old regions: 508->540
[4367.152s][info][gc,heap        ] GC(1228) Humongous regions: 80->80
[4367.152s][info][gc,metaspace   ] GC(1228) Metaspace: 28963K(29376K)->28963K(29376K) NonClass: 24094K(24256K)->24094K(24256K) Class: 4869K(5120K)->4869K(5120K)
[4367.152s][info][gc             ] GC(1228) Pause Young (Prepare Mixed) (G1 Evacuation Pause) 3630M->1453M(4096M) 115.859ms
[4367.152s][info][gc,cpu         ] GC(1228) User=0.69s Sys=0.00s Real=0.11s
..|[4369.461s][info][gc,start       ] GC(1229) Pause Young (Mixed) (G1 Evacuation Pause)
[4369.461s][info][gc,task        ] GC(1229) Using 6 workers of 6 for evacuation
[4369.597s][info][gc,phases      ] GC(1229)   Pre Evacuate Collection Set: 0.37ms
[4369.597s][info][gc,phases      ] GC(1229)   Merge Heap Roots: 0.69ms
[4369.597s][info][gc,phases      ] GC(1229)   Evacuate Collection Set: 133.48ms
[4369.597s][info][gc,phases      ] GC(1229)   Post Evacuate Collection Set: 0.95ms
[4369.597s][info][gc,phases      ] GC(1229)   Other: 0.10ms
[4369.597s][info][gc,heap        ] GC(1229) Eden regions: 1109->0(1116)
[4369.597s][info][gc,heap        ] GC(1229) Survivor regions: 108->112(153)
[4369.597s][info][gc,heap        ] GC(1229) Old regions: 540->473
[4369.597s][info][gc,heap        ] GC(1229) Humongous regions: 80->80
[4369.597s][info][gc,metaspace   ] GC(1229) Metaspace: 28963K(29376K)->28963K(29376K) NonClass: 24094K(24256K)->24094K(24256K) Class: 4869K(5120K)->4869K(5120K)
[4369.597s][info][gc             ] GC(1229) Pause Young (Mixed) (G1 Evacuation Pause) 3671M->1328M(4096M) 135.721ms
[4369.597s][info][gc,cpu         ] GC(1229) User=0.81s Sys=0.00s Real=0.14s
...[4371.801s][info][gc,start       ] GC(1230) Pause Young (Concurrent Start) (G1 Evacuation Pause)
[4371.801s][info][gc,task        ] GC(1230) Using 6 workers of 6 for evacuation
[4371.927s][info][gc,phases      ] GC(1230)   Pre Evacuate Collection Set: 0.37ms
[4371.927s][info][gc,phases      ] GC(1230)   Merge Heap Roots: 0.49ms
[4371.927s][info][gc,phases      ] GC(1230)   Evacuate Collection Set: 124.43ms
[4371.927s][info][gc,phases      ] GC(1230)   Post Evacuate Collection Set: 0.96ms
[4371.927s][info][gc,phases      ] GC(1230)   Other: 0.11ms
[4371.927s][info][gc,heap        ] GC(1230) Eden regions: 1116->0(1112)
[4371.927s][info][gc,heap        ] GC(1230) Survivor regions: 112->116(154)
[4371.927s][info][gc,heap        ] GC(1230) Old regions: 473->504
[4371.927s][info][gc,heap        ] GC(1230) Humongous regions: 80->80
[4371.927s][info][gc,metaspace   ] GC(1230) Metaspace: 28963K(29376K)->28963K(29376K) NonClass: 24094K(24256K)->24094K(24256K) Class: 4869K(5120K)->4869K(5120K)
[4371.927s][info][gc             ] GC(1230) Pause Young (Concurrent Start) (G1 Evacuation Pause) 3560M->1397M(4096M) 126.500ms
[4371.927s][info][gc             ] GC(1231) Concurrent Mark Cycle
[4371.927s][info][gc,marking     ] GC(1231) Concurrent Scan Root Regions
[4371.927s][info][gc,cpu         ] GC(1230) User=0.76s Sys=0.00s Real=0.13s
[4372.156s][info][gc,marking     ] GC(1231) Concurrent Scan Root Regions 228.928ms
[4372.156s][info][gc,marking     ] GC(1231) Concurrent Mark
[4372.156s][info][gc,marking     ] GC(1231) Concurrent Mark From Roots
[4372.156s][info][gc,task        ] GC(1231) Using 2 workers of 2 for marking
.[4373.202s][info][gc,marking     ] GC(1231) Concurrent Mark From Roots 1045.123ms
[4373.202s][info][gc,marking     ] GC(1231) Concurrent Preclean
[4373.202s][info][gc,marking     ] GC(1231) Concurrent Preclean 0.153ms
[4373.202s][info][gc,start       ] GC(1231) Pause Remark
[4373.207s][info][gc             ] GC(1231) Pause Remark 2579M->2579M(4096M) 5.495ms
[4373.207s][info][gc,cpu         ] GC(1231) User=0.03s Sys=0.00s Real=0.01s
[4373.208s][info][gc,marking     ] GC(1231) Concurrent Mark 1051.119ms
[4373.208s][info][gc,marking     ] GC(1231) Concurrent Rebuild Remembered Sets and Scrub Regions
[4373.565s][info][gc,marking     ] GC(1231) Concurrent Rebuild Remembered Sets and Scrub Regions 357.554ms
[4373.565s][info][gc,start       ] GC(1231) Pause Cleanup
[4373.565s][info][gc             ] GC(1231) Pause Cleanup 2972M->2972M(4096M) 0.115ms
[4373.565s][info][gc,cpu         ] GC(1231) User=0.00s Sys=0.00s Real=0.00s
[4373.567s][info][gc,marking     ] GC(1231) Concurrent Clear Claimed Marks
[4373.567s][info][gc,marking     ] GC(1231) Concurrent Clear Claimed Marks 0.042ms
[4373.567s][info][gc,marking     ] GC(1231) Concurrent Cleanup for Next Mark
[4373.572s][info][gc,marking     ] GC(1231) Concurrent Cleanup for Next Mark 4.990ms
[4373.572s][info][gc             ] GC(1231) Concurrent Mark Cycle 1644.944ms
.[4374.201s][info][gc,start       ] GC(1232) Pause Young (Prepare Mixed) (G1 Evacuation Pause)
[4374.201s][info][gc,task        ] GC(1232) Using 6 workers of 6 for evacuation
[4374.320s][info][gc,phases      ] GC(1232)   Pre Evacuate Collection Set: 0.35ms
[4374.320s][info][gc,phases      ] GC(1232)   Merge Heap Roots: 0.54ms
[4374.320s][info][gc,phases      ] GC(1232)   Evacuate Collection Set: 117.39ms
[4374.320s][info][gc,phases      ] GC(1232)   Post Evacuate Collection Set: 0.95ms
[4374.320s][info][gc,phases      ] GC(1232)   Other: 0.10ms
[4374.320s][info][gc,heap        ] GC(1232) Eden regions: 1112->0(1109)
[4374.320s][info][gc,heap        ] GC(1232) Survivor regions: 116->110(154)
[4374.320s][info][gc,heap        ] GC(1232) Old regions: 504->536
[4374.320s][info][gc,heap        ] GC(1232) Humongous regions: 80->80
[4374.320s][info][gc,metaspace   ] GC(1232) Metaspace: 28963K(29376K)->28963K(29376K) NonClass: 24094K(24256K)->24094K(24256K) Class: 4869K(5120K)->4869K(5120K)
[4374.320s][info][gc             ] GC(1232) Pause Young (Prepare Mixed) (G1 Evacuation Pause) 3621M->1450M(4096M) 119.471ms
[4374.320s][info][gc,cpu         ] GC(1232) User=0.71s Sys=0.00s Real=0.12s
..[4376.641s][info][gc,start       ] GC(1233) Pause Young (Mixed) (G1 Evacuation Pause)
[4376.641s][info][gc,task        ] GC(1233) Using 6 workers of 6 for evacuation
[4376.778s][info][gc,phases      ] GC(1233)   Pre Evacuate Collection Set: 0.35ms
[4376.778s][info][gc,phases      ] GC(1233)   Merge Heap Roots: 0.74ms
[4376.778s][info][gc,phases      ] GC(1233)   Evacuate Collection Set: 134.51ms
[4376.778s][info][gc,phases      ] GC(1233)   Post Evacuate Collection Set: 0.93ms
[4376.778s][info][gc,phases      ] GC(1233)   Other: 0.08ms
[4376.778s][info][gc,heap        ] GC(1233) Eden regions: 1109->0(1119)
[4376.778s][info][gc,heap        ] GC(1233) Survivor regions: 110->109(153)
[4376.778s][info][gc,heap        ] GC(1233) Old regions: 536->475
[4376.778s][info][gc,heap        ] GC(1233) Humongous regions: 80->80
[4376.778s][info][gc,metaspace   ] GC(1233) Metaspace: 28963K(29376K)->28963K(29376K) NonClass: 24094K(24256K)->24094K(24256K) Class: 4869K(5120K)->4869K(5120K)
[4376.778s][info][gc             ] GC(1233) Pause Young (Mixed) (G1 Evacuation Pause) 3668M->1326M(4096M) 136.741ms
[4376.778s][info][gc,cpu         ] GC(1233) User=0.82s Sys=0.00s Real=0.14s
...[4379.040s][info][gc,start       ] GC(1234) Pause Young (Concurrent Start) (G1 Evacuation Pause)
[4379.040s][info][gc,task        ] GC(1234) Using 6 workers of 6 for evacuation
[4379.155s][info][gc,phases      ] GC(1234)   Pre Evacuate Collection Set: 0.37ms
[4379.155s][info][gc,phases      ] GC(1234)   Merge Heap Roots: 0.47ms
[4379.155s][info][gc,phases      ] GC(1234)   Evacuate Collection Set: 113.62ms
[4379.155s][info][gc,phases      ] GC(1234)   Post Evacuate Collection Set: 0.86ms
[4379.155s][info][gc,phases      ] GC(1234)   Other: 0.10ms
[4379.155s][info][gc,heap        ] GC(1234) Eden regions: 1119->0(1120)
[4379.155s][info][gc,heap        ] GC(1234) Survivor regions: 109->108(154)
[4379.155s][info][gc,heap        ] GC(1234) Old regions: 475->506
[4379.155s][info][gc,heap        ] GC(1234) Humongous regions: 80->80
[4379.155s][info][gc,metaspace   ] GC(1234) Metaspace: 28963K(29376K)->28963K(29376K) NonClass: 24094K(24256K)->24094K(24256K) Class: 4869K(5120K)->4869K(5120K)
[4379.155s][info][gc             ] GC(1234) Pause Young (Concurrent Start) (G1 Evacuation Pause) 3564M->1386M(4096M) 115.546ms
[4379.155s][info][gc             ] GC(1235) Concurrent Mark Cycle
[4379.155s][info][gc,marking     ] GC(1235) Concurrent Scan Root Regions
[4379.155s][info][gc,cpu         ] GC(1234) User=0.69s Sys=0.00s Real=0.12s
[4379.310s][info][gc,marking     ] GC(1235) Concurrent Scan Root Regions 154.784ms
[4379.310s][info][gc,marking     ] GC(1235) Concurrent Mark
[4379.310s][info][gc,marking     ] GC(1235) Concurrent Mark From Roots
[4379.310s][info][gc,task        ] GC(1235) Using 2 workers of 2 for marking
.[4380.121s][info][gc,marking     ] GC(1235) Concurrent Mark From Roots 811.255ms
[4380.121s][info][gc,marking     ] GC(1235) Concurrent Preclean
[4380.122s][info][gc,marking     ] GC(1235) Concurrent Preclean 0.132ms
[4380.122s][info][gc,start       ] GC(1235) Pause Remark
[4380.126s][info][gc             ] GC(1235) Pause Remark 2252M->2252M(4096M) 3.913ms
[4380.126s][info][gc,cpu         ] GC(1235) User=0.02s Sys=0.00s Real=0.01s
[4380.126s][info][gc,marking     ] GC(1235) Concurrent Mark 816.264ms
[4380.126s][info][gc,marking     ] GC(1235) Concurrent Rebuild Remembered Sets and Scrub Regions
[4380.425s][info][gc,marking     ] GC(1235) Concurrent Rebuild Remembered Sets and Scrub Regions 298.412ms
[4380.425s][info][gc,start       ] GC(1235) Pause Cleanup
[4380.425s][info][gc             ] GC(1235) Pause Cleanup 2534M->2534M(4096M) 0.128ms
[4380.425s][info][gc,cpu         ] GC(1235) User=0.00s Sys=0.00s Real=0.00s
[4380.425s][info][gc,marking     ] GC(1235) Concurrent Clear Claimed Marks
[4380.425s][info][gc,marking     ] GC(1235) Concurrent Clear Claimed Marks 0.026ms
[4380.425s][info][gc,marking     ] GC(1235) Concurrent Cleanup for Next Mark
[4380.508s][info][gc,marking     ] GC(1235) Concurrent Cleanup for Next Mark 82.271ms
[4380.508s][info][gc             ] GC(1235) Concurrent Mark Cycle 1352.478ms
.[4381.503s][info][gc,start       ] GC(1236) Pause Young (Prepare Mixed) (G1 Evacuation Pause)
[4381.503s][info][gc,task        ] GC(1236) Using 6 workers of 6 for evacuation
[4381.625s][info][gc,phases      ] GC(1236)   Pre Evacuate Collection Set: 0.31ms
[4381.625s][info][gc,phases      ] GC(1236)   Merge Heap Roots: 0.53ms
[4381.625s][info][gc,phases      ] GC(1236)   Evacuate Collection Set: 119.91ms
[4381.625s][info][gc,phases      ] GC(1236)   Post Evacuate Collection Set: 0.94ms
[4381.625s][info][gc,phases      ] GC(1236)   Other: 0.09ms
[4381.625s][info][gc,heap        ] GC(1236) Eden regions: 1120->0(1101)
[4381.625s][info][gc,heap        ] GC(1236) Survivor regions: 108->113(154)
[4381.625s][info][gc,heap        ] GC(1236) Old regions: 506->538
[4381.625s][info][gc,heap        ] GC(1236) Humongous regions: 80->80
[4381.625s][info][gc,metaspace   ] GC(1236) Metaspace: 28963K(29376K)->28963K(29376K) NonClass: 24094K(24256K)->24094K(24256K) Class: 4869K(5120K)->4869K(5120K)
[4381.625s][info][gc             ] GC(1236) Pause Young (Prepare Mixed) (G1 Evacuation Pause) 3626M->1459M(4096M) 121.928ms
[4381.625s][info][gc,cpu         ] GC(1236) User=0.73s Sys=0.00s Real=0.12s
...[4383.863s][info][gc,start       ] GC(1237) Pause Young (Mixed) (G1 Evacuation Pause)
[4383.863s][info][gc,task        ] GC(1237) Using 6 workers of 6 for evacuation
[4384.002s][info][gc,phases      ] GC(1237)   Pre Evacuate Collection Set: 0.37ms
[4384.002s][info][gc,phases      ] GC(1237)   Merge Heap Roots: 0.79ms
[4384.002s][info][gc,phases      ] GC(1237)   Evacuate Collection Set: 136.43ms
[4384.002s][info][gc,phases      ] GC(1237)   Post Evacuate Collection Set: 0.95ms
[4384.002s][info][gc,phases      ] GC(1237)   Other: 0.09ms
[4384.002s][info][gc,heap        ] GC(1237) Eden regions: 1101->0(1116)
[4384.002s][info][gc,heap        ] GC(1237) Survivor regions: 113->112(152)
[4384.002s][info][gc,heap        ] GC(1237) Old regions: 538->475
[4384.002s][info][gc,heap        ] GC(1237) Humongous regions: 80->80
[4384.002s][info][gc,metaspace   ] GC(1237) Metaspace: 28963K(29376K)->28963K(29376K) NonClass: 24094K(24256K)->24094K(24256K) Class: 4869K(5120K)->4869K(5120K)
[4384.002s][info][gc             ] GC(1237) Pause Young (Mixed) (G1 Evacuation Pause) 3661M->1332M(4096M) 138.762ms
[4384.002s][info][gc,cpu         ] GC(1237) User=0.82s Sys=0.00s Real=0.13s
..[4386.194s][info][gc,start       ] GC(1238) Pause Young (Concurrent Start) (G1 Evacuation Pause)
[4386.194s][info][gc,task        ] GC(1238) Using 6 workers of 6 for evacuation
[4386.312s][info][gc,phases      ] GC(1238)   Pre Evacuate Collection Set: 0.36ms
[4386.312s][info][gc,phases      ] GC(1238)   Merge Heap Roots: 0.47ms
[4386.312s][info][gc,phases      ] GC(1238)   Evacuate Collection Set: 116.51ms
[4386.312s][info][gc,phases      ] GC(1238)   Post Evacuate Collection Set: 0.88ms
[4386.312s][info][gc,phases      ] GC(1238)   Other: 0.09ms
[4386.312s][info][gc,heap        ] GC(1238) Eden regions: 1116->0(1120)
[4386.312s][info][gc,heap        ] GC(1238) Survivor regions: 112->108(154)
[4386.312s][info][gc,heap        ] GC(1238) Old regions: 475->508
[4386.312s][info][gc,heap        ] GC(1238) Humongous regions: 80->80
[4386.312s][info][gc,metaspace   ] GC(1238) Metaspace: 28963K(29376K)->28963K(29376K) NonClass: 24094K(24256K)->24094K(24256K) Class: 4869K(5120K)->4869K(5120K)
[4386.312s][info][gc             ] GC(1238) Pause Young (Concurrent Start) (G1 Evacuation Pause) 3564M->1390M(4096M) 118.482ms
[4386.312s][info][gc             ] GC(1239) Concurrent Mark Cycle
[4386.312s][info][gc,marking     ] GC(1239) Concurrent Scan Root Regions
[4386.312s][info][gc,cpu         ] GC(1238) User=0.71s Sys=0.00s Real=0.11s
[4386.516s][info][gc,marking     ] GC(1239) Concurrent Scan Root Regions 203.996ms
[4386.516s][info][gc,marking     ] GC(1239) Concurrent Mark
[4386.516s][info][gc,marking     ] GC(1239) Concurrent Mark From Roots
[4386.516s][info][gc,task        ] GC(1239) Using 2 workers of 2 for marking
.[4387.266s][info][gc,marking     ] GC(1239) Concurrent Mark From Roots 749.806ms
[4387.266s][info][gc,marking     ] GC(1239) Concurrent Preclean
[4387.266s][info][gc,marking     ] GC(1239) Concurrent Preclean 0.130ms
[4387.268s][info][gc,start       ] GC(1239) Pause Remark
[4387.275s][info][gc             ] GC(1239) Pause Remark 2262M->2262M(4096M) 6.472ms
[4387.275s][info][gc,cpu         ] GC(1239) User=0.04s Sys=0.01s Real=0.01s
[4387.276s][info][gc,marking     ] GC(1239) Concurrent Mark 759.705ms
[4387.276s][info][gc,marking     ] GC(1239) Concurrent Rebuild Remembered Sets and Scrub Regions
[4387.641s][info][gc,marking     ] GC(1239) Concurrent Rebuild Remembered Sets and Scrub Regions 364.725ms
[4387.641s][info][gc,start       ] GC(1239) Pause Cleanup
[4387.641s][info][gc             ] GC(1239) Pause Cleanup 2634M->2634M(4096M) 0.118ms
[4387.641s][info][gc,cpu         ] GC(1239) User=0.00s Sys=0.00s Real=0.00s
[4387.641s][info][gc,marking     ] GC(1239) Concurrent Clear Claimed Marks
[4387.641s][info][gc,marking     ] GC(1239) Concurrent Clear Claimed Marks 0.048ms
[4387.641s][info][gc,marking     ] GC(1239) Concurrent Cleanup for Next Mark
[4387.648s][info][gc,marking     ] GC(1239) Concurrent Cleanup for Next Mark 6.091ms
[4387.648s][info][gc             ] GC(1239) Concurrent Mark Cycle 1335.537ms
.[4388.552s][info][gc,start       ] GC(1240) Pause Young (Prepare Mixed) (G1 Evacuation Pause)
[4388.552s][info][gc,task        ] GC(1240) Using 6 workers of 6 for evacuation
[4388.674s][info][gc,phases      ] GC(1240)   Pre Evacuate Collection Set: 0.32ms
[4388.674s][info][gc,phases      ] GC(1240)   Merge Heap Roots: 0.54ms
[4388.674s][info][gc,phases      ] GC(1240)   Evacuate Collection Set: 120.14ms
[4388.674s][info][gc,phases      ] GC(1240)   Post Evacuate Collection Set: 0.93ms
[4388.674s][info][gc,phases      ] GC(1240)   Other: 0.09ms
[4388.674s][info][gc,heap        ] GC(1240) Eden regions: 1120->0(1099)
[4388.674s][info][gc,heap        ] GC(1240) Survivor regions: 108->113(154)
[4388.674s][info][gc,heap        ] GC(1240) Old regions: 508->540
[4388.674s][info][gc,heap        ] GC(1240) Humongous regions: 80->80
[4388.674s][info][gc,metaspace   ] GC(1240) Metaspace: 28963K(29376K)->28963K(29376K) NonClass: 24094K(24256K)->24094K(24256K) Class: 4869K(5120K)->4869K(5120K)
[4388.674s][info][gc             ] GC(1240) Pause Young (Prepare Mixed) (G1 Evacuation Pause) 3630M->1464M(4096M) 122.140ms
[4388.674s][info][gc,cpu         ] GC(1240) User=0.73s Sys=0.00s Real=0.13s
...[4390.931s][info][gc,start       ] GC(1241) Pause Young (Mixed) (G1 Evacuation Pause)
[4390.931s][info][gc,task        ] GC(1241) Using 6 workers of 6 for evacuation
[4391.062s][info][gc,phases      ] GC(1241)   Pre Evacuate Collection Set: 0.37ms
[4391.063s][info][gc,phases      ] GC(1241)   Merge Heap Roots: 0.69ms
[4391.063s][info][gc,phases      ] GC(1241)   Evacuate Collection Set: 129.45ms
[4391.063s][info][gc,phases      ] GC(1241)   Post Evacuate Collection Set: 0.91ms
[4391.063s][info][gc,phases      ] GC(1241)   Other: 0.09ms
[4391.063s][info][gc,heap        ] GC(1241) Eden regions: 1099->0(1121)
[4391.063s][info][gc,heap        ] GC(1241) Survivor regions: 113->107(152)
[4391.063s][info][gc,heap        ] GC(1241) Old regions: 540->476
[4391.063s][info][gc,heap        ] GC(1241) Humongous regions: 80->80
[4391.063s][info][gc,metaspace   ] GC(1241) Metaspace: 28963K(29376K)->28963K(29376K) NonClass: 24094K(24256K)->24094K(24256K) Class: 4869K(5120K)->4869K(5120K)
[4391.063s][info][gc             ] GC(1241) Pause Young (Mixed) (G1 Evacuation Pause) 3662M->1325M(4096M) 131.645ms
[4391.063s][info][gc,cpu         ] GC(1241) User=0.79s Sys=0.00s Real=0.14s
..[4393.330s][info][gc,start       ] GC(1242) Pause Young (Concurrent Start) (G1 Evacuation Pause)
[4393.331s][info][gc,task        ] GC(1242) Using 6 workers of 6 for evacuation
[4393.451s][info][gc,phases      ] GC(1242)   Pre Evacuate Collection Set: 0.34ms
[4393.451s][info][gc,phases      ] GC(1242)   Merge Heap Roots: 0.47ms
[4393.451s][info][gc,phases      ] GC(1242)   Evacuate Collection Set: 118.37ms
[4393.451s][info][gc,phases      ] GC(1242)   Post Evacuate Collection Set: 0.90ms
[4393.451s][info][gc,phases      ] GC(1242)   Other: 0.09ms
[4393.451s][info][gc,heap        ] GC(1242) Eden regions: 1121->0(1116)
[4393.451s][info][gc,heap        ] GC(1242) Survivor regions: 107->112(154)
[4393.451s][info][gc,heap        ] GC(1242) Old regions: 476->508
[4393.451s][info][gc,heap        ] GC(1242) Humongous regions: 80->80
[4393.451s][info][gc,metaspace   ] GC(1242) Metaspace: 28963K(29376K)->28963K(29376K) NonClass: 24094K(24256K)->24094K(24256K) Class: 4869K(5120K)->4869K(5120K)
[4393.451s][info][gc             ] GC(1242) Pause Young (Concurrent Start) (G1 Evacuation Pause) 3567M->1398M(4096M) 120.316ms
[4393.451s][info][gc             ] GC(1243) Concurrent Mark Cycle
[4393.451s][info][gc,marking     ] GC(1243) Concurrent Scan Root Regions
[4393.451s][info][gc,cpu         ] GC(1242) User=0.71s Sys=0.00s Real=0.12s
[4393.642s][info][gc,marking     ] GC(1243) Concurrent Scan Root Regions 190.964ms
[4393.642s][info][gc,marking     ] GC(1243) Concurrent Mark
[4393.642s][info][gc,marking     ] GC(1243) Concurrent Mark From Roots
[4393.642s][info][gc,task        ] GC(1243) Using 2 workers of 2 for marking
.[4394.615s][info][gc,marking     ] GC(1243) Concurrent Mark From Roots 972.620ms
[4394.615s][info][gc,marking     ] GC(1243) Concurrent Preclean
[4394.615s][info][gc,marking     ] GC(1243) Concurrent Preclean 0.117ms
[4394.616s][info][gc,start       ] GC(1243) Pause Remark
[4394.621s][info][gc             ] GC(1243) Pause Remark 2466M->2466M(4096M) 5.082ms
[4394.621s][info][gc,cpu         ] GC(1243) User=0.03s Sys=0.00s Real=0.00s
[4394.622s][info][gc,marking     ] GC(1243) Concurrent Mark 980.419ms
[4394.622s][info][gc,marking     ] GC(1243) Concurrent Rebuild Remembered Sets and Scrub Regions
.[4395.079s][info][gc,marking     ] GC(1243) Concurrent Rebuild Remembered Sets and Scrub Regions 457.095ms
[4395.080s][info][gc,start       ] GC(1243) Pause Cleanup
[4395.081s][info][gc             ] GC(1243) Pause Cleanup 2969M->2969M(4096M) 0.129ms
[4395.081s][info][gc,cpu         ] GC(1243) User=0.00s Sys=0.00s Real=0.00s
[4395.081s][info][gc,marking     ] GC(1243) Concurrent Clear Claimed Marks
[4395.081s][info][gc,marking     ] GC(1243) Concurrent Clear Claimed Marks 0.043ms
[4395.081s][info][gc,marking     ] GC(1243) Concurrent Cleanup for Next Mark
[4395.086s][info][gc,marking     ] GC(1243) Concurrent Cleanup for Next Mark 5.089ms
[4395.086s][info][gc             ] GC(1243) Concurrent Mark Cycle 1635.122ms
[4395.809s][info][gc,start       ] GC(1244) Pause Young (Prepare Mixed) (G1 Evacuation Pause)
[4395.809s][info][gc,task        ] GC(1244) Using 6 workers of 6 for evacuation
[4395.934s][info][gc,phases      ] GC(1244)   Pre Evacuate Collection Set: 0.35ms
[4395.934s][info][gc,phases      ] GC(1244)   Merge Heap Roots: 0.52ms
[4395.934s][info][gc,phases      ] GC(1244)   Evacuate Collection Set: 123.10ms
[4395.934s][info][gc,phases      ] GC(1244)   Post Evacuate Collection Set: 0.95ms
[4395.934s][info][gc,phases      ] GC(1244)   Other: 0.09ms
[4395.934s][info][gc,heap        ] GC(1244) Eden regions: 1116->0(1091)
[4395.934s][info][gc,heap        ] GC(1244) Survivor regions: 112->117(154)
[4395.934s][info][gc,heap        ] GC(1244) Old regions: 508->540
[4395.934s][info][gc,heap        ] GC(1244) Humongous regions: 80->80
[4395.934s][info][gc,metaspace   ] GC(1244) Metaspace: 28963K(29376K)->28963K(29376K) NonClass: 24094K(24256K)->24094K(24256K) Class: 4869K(5120K)->4869K(5120K)
[4395.934s][info][gc             ] GC(1244) Pause Young (Prepare Mixed) (G1 Evacuation Pause) 3630M->1471M(4096M) 125.154ms
[4395.934s][info][gc,cpu         ] GC(1244) User=0.75s Sys=0.00s Real=0.13s
...[4398.089s][info][gc,start       ] GC(1245) Pause Young (Mixed) (G1 Evacuation Pause)
[4398.089s][info][gc,task        ] GC(1245) Using 6 workers of 6 for evacuation
[4398.224s][info][gc,phases      ] GC(1245)   Pre Evacuate Collection Set: 0.36ms
[4398.224s][info][gc,phases      ] GC(1245)   Merge Heap Roots: 0.79ms
[4398.224s][info][gc,phases      ] GC(1245)   Evacuate Collection Set: 133.45ms
[4398.224s][info][gc,phases      ] GC(1245)   Post Evacuate Collection Set: 0.92ms
[4398.224s][info][gc,phases      ] GC(1245)   Other: 0.09ms
[4398.224s][info][gc,heap        ] GC(1245) Eden regions: 1091->0(1119)
[4398.224s][info][gc,heap        ] GC(1245) Survivor regions: 117->109(151)
[4398.224s][info][gc,heap        ] GC(1245) Old regions: 540->474
[4398.224s][info][gc,heap        ] GC(1245) Humongous regions: 80->80
[4398.224s][info][gc,metaspace   ] GC(1245) Metaspace: 28963K(29376K)->28963K(29376K) NonClass: 24094K(24256K)->24094K(24256K) Class: 4869K(5120K)->4869K(5120K)
[4398.224s][info][gc             ] GC(1245) Pause Young (Mixed) (G1 Evacuation Pause) 3653M->1323M(4096M) 135.731ms
[4398.224s][info][gc,cpu         ] GC(1245) User=0.80s Sys=0.00s Real=0.14s
..[4400.449s][info][gc,start       ] GC(1246) Pause Young (Concurrent Start) (G1 Evacuation Pause)
[4400.449s][info][gc,task        ] GC(1246) Using 6 workers of 6 for evacuation
[4400.572s][info][gc,phases      ] GC(1246)   Pre Evacuate Collection Set: 0.33ms
[4400.572s][info][gc,phases      ] GC(1246)   Merge Heap Roots: 0.49ms
[4400.572s][info][gc,phases      ] GC(1246)   Evacuate Collection Set: 121.12ms
[4400.572s][info][gc,phases      ] GC(1246)   Post Evacuate Collection Set: 0.87ms
[4400.572s][info][gc,phases      ] GC(1246)   Other: 0.11ms
[4400.572s][info][gc,heap        ] GC(1246) Eden regions: 1119->0(1115)
[4400.572s][info][gc,heap        ] GC(1246) Survivor regions: 109->113(154)
[4400.572s][info][gc,heap        ] GC(1246) Old regions: 474->506
[4400.572s][info][gc,heap        ] GC(1246) Humongous regions: 80->80
[4400.572s][info][gc,metaspace   ] GC(1246) Metaspace: 28963K(29376K)->28963K(29376K) NonClass: 24094K(24256K)->24094K(24256K) Class: 4869K(5120K)->4869K(5120K)
[4400.572s][info][gc             ] GC(1246) Pause Young (Concurrent Start) (G1 Evacuation Pause) 3561M->1396M(4096M) 123.051ms
[4400.572s][info][gc             ] GC(1247) Concurrent Mark Cycle
[4400.572s][info][gc,marking     ] GC(1247) Concurrent Scan Root Regions
[4400.572s][info][gc,cpu         ] GC(1246) User=0.73s Sys=0.00s Real=0.12s
[4400.763s][info][gc,marking     ] GC(1247) Concurrent Scan Root Regions 190.858ms
[4400.763s][info][gc,marking     ] GC(1247) Concurrent Mark
[4400.763s][info][gc,marking     ] GC(1247) Concurrent Mark From Roots
[4400.763s][info][gc,task        ] GC(1247) Using 2 workers of 2 for marking
.[4401.673s][info][gc,marking     ] GC(1247) Concurrent Mark From Roots 910.117ms
[4401.673s][info][gc,marking     ] GC(1247) Concurrent Preclean
[4401.673s][info][gc,marking     ] GC(1247) Concurrent Preclean 0.133ms
[4401.673s][info][gc,start       ] GC(1247) Pause Remark
[4401.680s][info][gc             ] GC(1247) Pause Remark 2436M->2436M(4096M) 6.179ms
[4401.680s][info][gc,cpu         ] GC(1247) User=0.03s Sys=0.00s Real=0.00s
[4401.680s][info][gc,marking     ] GC(1247) Concurrent Mark 916.792ms
[4401.680s][info][gc,marking     ] GC(1247) Concurrent Rebuild Remembered Sets and Scrub Regions
.[4402.084s][info][gc,marking     ] GC(1247) Concurrent Rebuild Remembered Sets and Scrub Regions 404.120ms
[4402.084s][info][gc,start       ] GC(1247) Pause Cleanup
[4402.084s][info][gc             ] GC(1247) Pause Cleanup 2859M->2859M(4096M) 0.116ms
[4402.084s][info][gc,cpu         ] GC(1247) User=0.00s Sys=0.00s Real=0.00s
[4402.086s][info][gc,marking     ] GC(1247) Concurrent Clear Claimed Marks
[4402.086s][info][gc,marking     ] GC(1247) Concurrent Clear Claimed Marks 0.044ms
[4402.086s][info][gc,marking     ] GC(1247) Concurrent Cleanup for Next Mark
[4402.092s][info][gc,marking     ] GC(1247) Concurrent Cleanup for Next Mark 6.661ms
[4402.092s][info][gc             ] GC(1247) Concurrent Mark Cycle 1520.446ms
[4402.902s][info][gc,start       ] GC(1248) Pause Young (Prepare Mixed) (G1 Evacuation Pause)
[4402.902s][info][gc,task        ] GC(1248) Using 6 workers of 6 for evacuation
[4403.022s][info][gc,phases      ] GC(1248)   Pre Evacuate Collection Set: 0.32ms
[4403.022s][info][gc,phases      ] GC(1248)   Merge Heap Roots: 0.52ms
[4403.022s][info][gc,phases      ] GC(1248)   Evacuate Collection Set: 118.17ms
[4403.022s][info][gc,phases      ] GC(1248)   Post Evacuate Collection Set: 0.92ms
[4403.022s][info][gc,phases      ] GC(1248)   Other: 0.09ms
[4403.022s][info][gc,heap        ] GC(1248) Eden regions: 1115->0(1101)
[4403.022s][info][gc,heap        ] GC(1248) Survivor regions: 113->113(154)
[4403.022s][info][gc,heap        ] GC(1248) Old regions: 506->538
[4403.022s][info][gc,heap        ] GC(1248) Humongous regions: 80->80
[4403.022s][info][gc,metaspace   ] GC(1248) Metaspace: 28963K(29376K)->28963K(29376K) NonClass: 24094K(24256K)->24094K(24256K) Class: 4869K(5120K)->4869K(5120K)
[4403.022s][info][gc             ] GC(1248) Pause Young (Prepare Mixed) (G1 Evacuation Pause) 3626M->1461M(4096M) 120.150ms
[4403.022s][info][gc,cpu         ] GC(1248) User=0.71s Sys=0.00s Real=0.12s
...[4405.296s][info][gc,start       ] GC(1249) Pause Young (Mixed) (G1 Evacuation Pause)
[4405.296s][info][gc,task        ] GC(1249) Using 6 workers of 6 for evacuation
[4405.436s][info][gc,phases      ] GC(1249)   Pre Evacuate Collection Set: 0.37ms
[4405.436s][info][gc,phases      ] GC(1249)   Merge Heap Roots: 0.77ms
[4405.436s][info][gc,phases      ] GC(1249)   Evacuate Collection Set: 137.57ms
[4405.436s][info][gc,phases      ] GC(1249)   Post Evacuate Collection Set: 1.04ms
[4405.436s][info][gc,phases      ] GC(1249)   Other: 0.09ms
[4405.436s][info][gc,heap        ] GC(1249) Eden regions: 1101->0(1116)
[4405.436s][info][gc,heap        ] GC(1249) Survivor regions: 113->112(152)
[4405.436s][info][gc,heap        ] GC(1249) Old regions: 538->476
[4405.436s][info][gc,heap        ] GC(1249) Humongous regions: 80->80
[4405.436s][info][gc,metaspace   ] GC(1249) Metaspace: 28963K(29376K)->28963K(29376K) NonClass: 24094K(24256K)->24094K(24256K) Class: 4869K(5120K)->4869K(5120K)
[4405.436s][info][gc             ] GC(1249) Pause Young (Mixed) (G1 Evacuation Pause) 3663M->1334M(4096M) 139.969ms
[4405.436s][info][gc,cpu         ] GC(1249) User=0.83s Sys=0.01s Real=0.14s
..[4407.679s][info][gc,start       ] GC(1250) Pause Young (Concurrent Start) (G1 Evacuation Pause)
[4407.679s][info][gc,task        ] GC(1250) Using 6 workers of 6 for evacuation
[4407.799s][info][gc,phases      ] GC(1250)   Pre Evacuate Collection Set: 0.41ms
[4407.799s][info][gc,phases      ] GC(1250)   Merge Heap Roots: 0.48ms
[4407.799s][info][gc,phases      ] GC(1250)   Evacuate Collection Set: 118.52ms
[4407.799s][info][gc,phases      ] GC(1250)   Post Evacuate Collection Set: 0.85ms
[4407.799s][info][gc,phases      ] GC(1250)   Other: 0.12ms
[4407.799s][info][gc,heap        ] GC(1250) Eden regions: 1116->0(1115)
[4407.799s][info][gc,heap        ] GC(1250) Survivor regions: 112->113(154)
[4407.799s][info][gc,heap        ] GC(1250) Old regions: 476->509
[4407.799s][info][gc,heap        ] GC(1250) Humongous regions: 80->80
[4407.799s][info][gc,metaspace   ] GC(1250) Metaspace: 28963K(29376K)->28963K(29376K) NonClass: 24094K(24256K)->24094K(24256K) Class: 4869K(5120K)->4869K(5120K)
[4407.799s][info][gc             ] GC(1250) Pause Young (Concurrent Start) (G1 Evacuation Pause) 3566M->1401M(4096M) 120.532ms
[4407.799s][info][gc             ] GC(1251) Concurrent Mark Cycle
[4407.799s][info][gc,marking     ] GC(1251) Concurrent Scan Root Regions
[4407.799s][info][gc,cpu         ] GC(1250) User=0.72s Sys=0.00s Real=0.12s
[4407.982s][info][gc,marking     ] GC(1251) Concurrent Scan Root Regions 182.375ms
[4407.982s][info][gc,marking     ] GC(1251) Concurrent Mark
[4407.982s][info][gc,marking     ] GC(1251) Concurrent Mark From Roots
[4407.982s][info][gc,task        ] GC(1251) Using 2 workers of 2 for marking
.[4408.998s][info][gc,marking     ] GC(1251) Concurrent Mark From Roots 1016.770ms
[4408.999s][info][gc,marking     ] GC(1251) Concurrent Preclean
[4408.999s][info][gc,marking     ] GC(1251) Concurrent Preclean 0.131ms
[4409.001s][info][gc,start       ] GC(1251) Pause Remark
[4409.008s][info][gc             ] GC(1251) Pause Remark 2511M->2511M(4096M) 6.464ms
[4409.008s][info][gc,cpu         ] GC(1251) User=0.04s Sys=0.00s Real=0.01s
[4409.008s][info][gc,marking     ] GC(1251) Concurrent Mark 1025.963ms
[4409.008s][info][gc,marking     ] GC(1251) Concurrent Rebuild Remembered Sets and Scrub Regions
.[4409.403s][info][gc,marking     ] GC(1251) Concurrent Rebuild Remembered Sets and Scrub Regions 395.822ms
[4409.404s][info][gc,start       ] GC(1251) Pause Cleanup
[4409.404s][info][gc             ] GC(1251) Pause Cleanup 2916M->2916M(4096M) 0.142ms
[4409.404s][info][gc,cpu         ] GC(1251) User=0.00s Sys=0.00s Real=0.00s
[4409.405s][info][gc,marking     ] GC(1251) Concurrent Clear Claimed Marks
[4409.405s][info][gc,marking     ] GC(1251) Concurrent Clear Claimed Marks 0.029ms
[4409.405s][info][gc,marking     ] GC(1251) Concurrent Cleanup for Next Mark
[4409.410s][info][gc,marking     ] GC(1251) Concurrent Cleanup for Next Mark 5.651ms
[4409.410s][info][gc             ] GC(1251) Concurrent Mark Cycle 1611.109ms
.[4410.148s][info][gc,start       ] GC(1252) Pause Young (Prepare Mixed) (G1 Evacuation Pause)
[4410.148s][info][gc,task        ] GC(1252) Using 6 workers of 6 for evacuation
[4410.271s][info][gc,phases      ] GC(1252)   Pre Evacuate Collection Set: 0.32ms
[4410.271s][info][gc,phases      ] GC(1252)   Merge Heap Roots: 0.57ms
[4410.271s][info][gc,phases      ] GC(1252)   Evacuate Collection Set: 120.55ms
[4410.271s][info][gc,phases      ] GC(1252)   Post Evacuate Collection Set: 0.92ms
[4410.271s][info][gc,phases      ] GC(1252)   Other: 0.09ms
[4410.271s][info][gc,heap        ] GC(1252) Eden regions: 1115->0(1101)
[4410.271s][info][gc,heap        ] GC(1252) Survivor regions: 113->112(154)
[4410.271s][info][gc,heap        ] GC(1252) Old regions: 509->540
[4410.271s][info][gc,heap        ] GC(1252) Humongous regions: 80->80
[4410.271s][info][gc,metaspace   ] GC(1252) Metaspace: 28963K(29376K)->28963K(29376K) NonClass: 24094K(24256K)->24094K(24256K) Class: 4869K(5120K)->4869K(5120K)
[4410.271s][info][gc             ] GC(1252) Pause Young (Prepare Mixed) (G1 Evacuation Pause) 3631M->1463M(4096M) 122.574ms
[4410.271s][info][gc,cpu         ] GC(1252) User=0.73s Sys=0.00s Real=0.12s
..[4412.425s][info][gc,start       ] GC(1253) Pause Young (Mixed) (G1 Evacuation Pause)
[4412.425s][info][gc,task        ] GC(1253) Using 6 workers of 6 for evacuation
[4412.565s][info][gc,phases      ] GC(1253)   Pre Evacuate Collection Set: 0.38ms
[4412.565s][info][gc,phases      ] GC(1253)   Merge Heap Roots: 0.72ms
[4412.565s][info][gc,phases      ] GC(1253)   Evacuate Collection Set: 137.33ms
[4412.565s][info][gc,phases      ] GC(1253)   Post Evacuate Collection Set: 0.96ms
[4412.565s][info][gc,phases      ] GC(1253)   Other: 0.09ms
[4412.565s][info][gc,heap        ] GC(1253) Eden regions: 1101->0(1116)
[4412.565s][info][gc,heap        ] GC(1253) Survivor regions: 112->112(152)
[4412.565s][info][gc,heap        ] GC(1253) Old regions: 540->475
[4412.565s][info][gc,heap        ] GC(1253) Humongous regions: 80->80
[4412.565s][info][gc,metaspace   ] GC(1253) Metaspace: 28963K(29376K)->28963K(29376K) NonClass: 24094K(24256K)->24094K(24256K) Class: 4869K(5120K)->4869K(5120K)
[4412.565s][info][gc             ] GC(1253) Pause Young (Mixed) (G1 Evacuation Pause) 3665M->1332M(4096M) 139.640ms
[4412.565s][info][gc,cpu         ] GC(1253) User=0.83s Sys=0.00s Real=0.14s
..[4414.788s][info][gc,start       ] GC(1254) Pause Young (Concurrent Start) (G1 Evacuation Pause)
[4414.788s][info][gc,task        ] GC(1254) Using 6 workers of 6 for evacuation
[4414.910s][info][gc,phases      ] GC(1254)   Pre Evacuate Collection Set: 0.39ms
[4414.910s][info][gc,phases      ] GC(1254)   Merge Heap Roots: 0.47ms
[4414.910s][info][gc,phases      ] GC(1254)   Evacuate Collection Set: 119.57ms
[4414.910s][info][gc,phases      ] GC(1254)   Post Evacuate Collection Set: 0.85ms
[4414.910s][info][gc,phases      ] GC(1254)   Other: 0.11ms
[4414.910s][info][gc,heap        ] GC(1254) Eden regions: 1116->0(1115)
[4414.910s][info][gc,heap        ] GC(1254) Survivor regions: 112->113(154)
[4414.910s][info][gc,heap        ] GC(1254) Old regions: 475->507
[4414.910s][info][gc,heap        ] GC(1254) Humongous regions: 80->80
[4414.910s][info][gc,metaspace   ] GC(1254) Metaspace: 28963K(29376K)->28963K(29376K) NonClass: 24094K(24256K)->24094K(24256K) Class: 4869K(5120K)->4869K(5120K)
[4414.910s][info][gc             ] GC(1254) Pause Young (Concurrent Start) (G1 Evacuation Pause) 3564M->1398M(4096M) 121.520ms
[4414.910s][info][gc             ] GC(1255) Concurrent Mark Cycle
[4414.910s][info][gc,marking     ] GC(1255) Concurrent Scan Root Regions
[4414.910s][info][gc,cpu         ] GC(1254) User=0.72s Sys=0.00s Real=0.12s
[4415.117s][info][gc,marking     ] GC(1255) Concurrent Scan Root Regions 207.342ms
[4415.117s][info][gc,marking     ] GC(1255) Concurrent Mark
[4415.117s][info][gc,marking     ] GC(1255) Concurrent Mark From Roots
[4415.117s][info][gc,task        ] GC(1255) Using 2 workers of 2 for marking
.[4416.157s][info][gc,marking     ] GC(1255) Concurrent Mark From Roots 1039.654ms
[4416.162s][info][gc,marking     ] GC(1255) Concurrent Preclean
[4416.162s][info][gc,marking     ] GC(1255) Concurrent Preclean 0.166ms
[4416.164s][info][gc,start       ] GC(1255) Pause Remark
[4416.169s][info][gc             ] GC(1255) Pause Remark 2582M->2582M(4096M) 5.565ms
[4416.169s][info][gc,cpu         ] GC(1255) User=0.03s Sys=0.00s Real=0.00s
[4416.169s][info][gc,marking     ] GC(1255) Concurrent Mark 1052.076ms
[4416.169s][info][gc,marking     ] GC(1255) Concurrent Rebuild Remembered Sets and Scrub Regions
.[4416.565s][info][gc,marking     ] GC(1255) Concurrent Rebuild Remembered Sets and Scrub Regions 395.908ms
[4416.568s][info][gc,start       ] GC(1255) Pause Cleanup
[4416.568s][info][gc             ] GC(1255) Pause Cleanup 3038M->3038M(4096M) 0.140ms
[4416.568s][info][gc,cpu         ] GC(1255) User=0.00s Sys=0.00s Real=0.00s
[4416.568s][info][gc,marking     ] GC(1255) Concurrent Clear Claimed Marks
[4416.568s][info][gc,marking     ] GC(1255) Concurrent Clear Claimed Marks 0.027ms
[4416.568s][info][gc,marking     ] GC(1255) Concurrent Cleanup for Next Mark
[4416.574s][info][gc,marking     ] GC(1255) Concurrent Cleanup for Next Mark 5.232ms
[4416.574s][info][gc             ] GC(1255) Concurrent Mark Cycle 1663.723ms
[4417.218s][info][gc,start       ] GC(1256) Pause Young (Prepare Mixed) (G1 Evacuation Pause)
[4417.218s][info][gc,task        ] GC(1256) Using 6 workers of 6 for evacuation
[4417.335s][info][gc,phases      ] GC(1256)   Pre Evacuate Collection Set: 0.31ms
[4417.335s][info][gc,phases      ] GC(1256)   Merge Heap Roots: 0.53ms
[4417.335s][info][gc,phases      ] GC(1256)   Evacuate Collection Set: 115.11ms
[4417.335s][info][gc,phases      ] GC(1256)   Post Evacuate Collection Set: 0.93ms
[4417.335s][info][gc,phases      ] GC(1256)   Other: 0.07ms
[4417.335s][info][gc,heap        ] GC(1256) Eden regions: 1115->0(1106)
[4417.335s][info][gc,heap        ] GC(1256) Survivor regions: 113->111(154)
[4417.335s][info][gc,heap        ] GC(1256) Old regions: 507->537
[4417.335s][info][gc,heap        ] GC(1256) Humongous regions: 80->80
[4417.335s][info][gc,metaspace   ] GC(1256) Metaspace: 28963K(29376K)->28963K(29376K) NonClass: 24094K(24256K)->24094K(24256K) Class: 4869K(5120K)->4869K(5120K)
[4417.335s][info][gc             ] GC(1256) Pause Young (Prepare Mixed) (G1 Evacuation Pause) 3628M->1454M(4096M) 117.094ms
[4417.335s][info][gc,cpu         ] GC(1256) User=0.70s Sys=0.00s Real=0.12s
...[4419.498s][info][gc,start       ] GC(1257) Pause Young (Mixed) (G1 Evacuation Pause)
[4419.498s][info][gc,task        ] GC(1257) Using 6 workers of 6 for evacuation
[4419.634s][info][gc,phases      ] GC(1257)   Pre Evacuate Collection Set: 0.35ms
[4419.634s][info][gc,phases      ] GC(1257)   Merge Heap Roots: 0.74ms
[4419.634s][info][gc,phases      ] GC(1257)   Evacuate Collection Set: 133.15ms
[4419.634s][info][gc,phases      ] GC(1257)   Post Evacuate Collection Set: 0.92ms
[4419.634s][info][gc,phases      ] GC(1257)   Other: 0.08ms
[4419.634s][info][gc,heap        ] GC(1257) Eden regions: 1106->0(1119)
[4419.634s][info][gc,heap        ] GC(1257) Survivor regions: 111->109(153)
[4419.634s][info][gc,heap        ] GC(1257) Old regions: 537->474
[4419.634s][info][gc,heap        ] GC(1257) Humongous regions: 80->80
[4419.634s][info][gc,metaspace   ] GC(1257) Metaspace: 28963K(29376K)->28963K(29376K) NonClass: 24094K(24256K)->24094K(24256K) Class: 4869K(5120K)->4869K(5120K)
[4419.634s][info][gc             ] GC(1257) Pause Young (Mixed) (G1 Evacuation Pause) 3666M->1323M(4096M) 135.367ms
[4419.634s][info][gc,cpu         ] GC(1257) User=0.81s Sys=0.00s Real=0.14s
..[4421.957s][info][gc,start       ] GC(1258) Pause Young (Concurrent Start) (G1 Evacuation Pause)
[4421.957s][info][gc,task        ] GC(1258) Using 6 workers of 6 for evacuation
[4422.075s][info][gc,phases      ] GC(1258)   Pre Evacuate Collection Set: 0.34ms
[4422.075s][info][gc,phases      ] GC(1258)   Merge Heap Roots: 0.46ms
[4422.075s][info][gc,phases      ] GC(1258)   Evacuate Collection Set: 116.15ms
[4422.075s][info][gc,phases      ] GC(1258)   Post Evacuate Collection Set: 0.94ms
[4422.075s][info][gc,phases      ] GC(1258)   Other: 0.10ms
[4422.075s][info][gc,heap        ] GC(1258) Eden regions: 1119->0(1119)
[4422.075s][info][gc,heap        ] GC(1258) Survivor regions: 109->109(154)
[4422.075s][info][gc,heap        ] GC(1258) Old regions: 474->506
[4422.075s][info][gc,heap        ] GC(1258) Humongous regions: 80->80
[4422.075s][info][gc,metaspace   ] GC(1258) Metaspace: 28963K(29376K)->28963K(29376K) NonClass: 24094K(24256K)->24094K(24256K) Class: 4869K(5120K)->4869K(5120K)
[4422.075s][info][gc             ] GC(1258) Pause Young (Concurrent Start) (G1 Evacuation Pause) 3561M->1388M(4096M) 118.119ms
[4422.075s][info][gc             ] GC(1259) Concurrent Mark Cycle
[4422.075s][info][gc,marking     ] GC(1259) Concurrent Scan Root Regions
[4422.075s][info][gc,cpu         ] GC(1258) User=0.71s Sys=0.00s Real=0.12s
[4422.262s][info][gc,marking     ] GC(1259) Concurrent Scan Root Regions 187.409ms
[4422.262s][info][gc,marking     ] GC(1259) Concurrent Mark
[4422.262s][info][gc,marking     ] GC(1259) Concurrent Mark From Roots
[4422.262s][info][gc,task        ] GC(1259) Using 2 workers of 2 for marking
.[4423.264s][info][gc,marking     ] GC(1259) Concurrent Mark From Roots 1001.934ms
[4423.264s][info][gc,marking     ] GC(1259) Concurrent Preclean
[4423.264s][info][gc,marking     ] GC(1259) Concurrent Preclean 0.136ms
[4423.264s][info][gc,start       ] GC(1259) Pause Remark
[4423.272s][info][gc             ] GC(1259) Pause Remark 2457M->2457M(4096M) 7.267ms
[4423.272s][info][gc,cpu         ] GC(1259) User=0.04s Sys=0.00s Real=0.00s
[4423.273s][info][gc,marking     ] GC(1259) Concurrent Mark 1010.403ms
[4423.273s][info][gc,marking     ] GC(1259) Concurrent Rebuild Remembered Sets and Scrub Regions
.[4423.639s][info][gc,marking     ] GC(1259) Concurrent Rebuild Remembered Sets and Scrub Regions 366.731ms
[4423.640s][info][gc,start       ] GC(1259) Pause Cleanup
[4423.640s][info][gc             ] GC(1259) Pause Cleanup 2811M->2811M(4096M) 0.111ms
[4423.640s][info][gc,cpu         ] GC(1259) User=0.00s Sys=0.00s Real=0.00s
[4423.640s][info][gc,marking     ] GC(1259) Concurrent Clear Claimed Marks
[4423.640s][info][gc,marking     ] GC(1259) Concurrent Clear Claimed Marks 0.024ms
[4423.640s][info][gc,marking     ] GC(1259) Concurrent Cleanup for Next Mark
[4423.645s][info][gc,marking     ] GC(1259) Concurrent Cleanup for Next Mark 5.005ms
[4423.645s][info][gc             ] GC(1259) Concurrent Mark Cycle 1570.154ms
.[4424.429s][info][gc,start       ] GC(1260) Pause Young (Prepare Mixed) (G1 Evacuation Pause)
[4424.429s][info][gc,task        ] GC(1260) Using 6 workers of 6 for evacuation
[4424.551s][info][gc,phases      ] GC(1260)   Pre Evacuate Collection Set: 0.29ms
[4424.551s][info][gc,phases      ] GC(1260)   Merge Heap Roots: 0.52ms
[4424.551s][info][gc,phases      ] GC(1260)   Evacuate Collection Set: 119.47ms
[4424.551s][info][gc,phases      ] GC(1260)   Post Evacuate Collection Set: 0.94ms
[4424.551s][info][gc,phases      ] GC(1260)   Other: 0.08ms
[4424.551s][info][gc,heap        ] GC(1260) Eden regions: 1119->0(1105)
[4424.551s][info][gc,heap        ] GC(1260) Survivor regions: 109->111(154)
[4424.551s][info][gc,heap        ] GC(1260) Old regions: 506->538
[4424.551s][info][gc,heap        ] GC(1260) Humongous regions: 80->80
[4424.551s][info][gc,metaspace   ] GC(1260) Metaspace: 28963K(29376K)->28963K(29376K) NonClass: 24094K(24256K)->24094K(24256K) Class: 4869K(5120K)->4869K(5120K)
[4424.551s][info][gc             ] GC(1260) Pause Young (Prepare Mixed) (G1 Evacuation Pause) 3626M->1456M(4096M) 121.426ms
[4424.551s][info][gc,cpu         ] GC(1260) User=0.72s Sys=0.00s Real=0.12s
..[4426.750s][info][gc,start       ] GC(1261) Pause Young (Mixed) (G1 Evacuation Pause)
[4426.750s][info][gc,task        ] GC(1261) Using 6 workers of 6 for evacuation
[4426.895s][info][gc,phases      ] GC(1261)   Pre Evacuate Collection Set: 0.36ms
[4426.895s][info][gc,phases      ] GC(1261)   Merge Heap Roots: 0.76ms
[4426.895s][info][gc,phases      ] GC(1261)   Evacuate Collection Set: 142.46ms
[4426.895s][info][gc,phases      ] GC(1261)   Post Evacuate Collection Set: 0.95ms
[4426.895s][info][gc,phases      ] GC(1261)   Other: 0.09ms
[4426.895s][info][gc,heap        ] GC(1261) Eden regions: 1105->0(1110)
[4426.895s][info][gc,heap        ] GC(1261) Survivor regions: 111->118(152)
[4426.895s][info][gc,heap        ] GC(1261) Old regions: 538->474
[4426.895s][info][gc,heap        ] GC(1261) Humongous regions: 80->80
[4426.895s][info][gc,metaspace   ] GC(1261) Metaspace: 28963K(29376K)->28963K(29376K) NonClass: 24094K(24256K)->24094K(24256K) Class: 4869K(5120K)->4869K(5120K)
[4426.895s][info][gc             ] GC(1261) Pause Young (Mixed) (G1 Evacuation Pause) 3666M->1342M(4096M) 144.755ms
[4426.895s][info][gc,cpu         ] GC(1261) User=0.86s Sys=0.00s Real=0.15s
..[4429.099s][info][gc,start       ] GC(1262) Pause Young (Concurrent Start) (G1 Evacuation Pause)
[4429.099s][info][gc,task        ] GC(1262) Using 6 workers of 6 for evacuation
[4429.217s][info][gc,phases      ] GC(1262)   Pre Evacuate Collection Set: 0.38ms
[4429.217s][info][gc,phases      ] GC(1262)   Merge Heap Roots: 0.47ms
[4429.217s][info][gc,phases      ] GC(1262)   Evacuate Collection Set: 116.12ms
[4429.217s][info][gc,phases      ] GC(1262)   Post Evacuate Collection Set: 0.90ms
[4429.217s][info][gc,phases      ] GC(1262)   Other: 0.12ms
[4429.217s][info][gc,heap        ] GC(1262) Eden regions: 1110->0(1118)
[4429.217s][info][gc,heap        ] GC(1262) Survivor regions: 118->110(154)
[4429.217s][info][gc,heap        ] GC(1262) Old regions: 474->507
[4429.217s][info][gc,heap        ] GC(1262) Humongous regions: 80->80
[4429.217s][info][gc,metaspace   ] GC(1262) Metaspace: 28963K(29376K)->28963K(29376K) NonClass: 24094K(24256K)->24094K(24256K) Class: 4869K(5120K)->4869K(5120K)
[4429.217s][info][gc             ] GC(1262) Pause Young (Concurrent Start) (G1 Evacuation Pause) 3562M->1392M(4096M) 118.131ms
[4429.217s][info][gc             ] GC(1263) Concurrent Mark Cycle
[4429.217s][info][gc,marking     ] GC(1263) Concurrent Scan Root Regions
[4429.217s][info][gc,cpu         ] GC(1262) User=0.70s Sys=0.01s Real=0.12s
[4429.430s][info][gc,marking     ] GC(1263) Concurrent Scan Root Regions 212.917ms
[4429.430s][info][gc,marking     ] GC(1263) Concurrent Mark
[4429.430s][info][gc,marking     ] GC(1263) Concurrent Mark From Roots
[4429.430s][info][gc,task        ] GC(1263) Using 2 workers of 2 for marking
. (rIR:aIR:PR = 7887:7875:7875) (tPR = 116955) [OK] 
  4429s: Performance info:
         Transaction,    Success,    Partial,     Failed,   Receipts, AvgBarcode, 
             Overall,     478669,          0,          0,     454708,      59.47, 
         Response times:
             Request,    Success,    Partial,     Failed,   SkipFail,     Probes,    Samples,      min,      p50,      p90,      p95,      p99,      max, 
       TotalPurchase,     454981,          0,          0,          0,     352993,     412406,      300,     6700,    98000,   139000,   190000,   475000,
     InStorePurchase,     239430,          0,          0,          0,     185782,     217144,      300,     6700,    98000,   140000,   190000,   475000,
      OnlinePurchase,     167471,          0,          0,          0,     129530,     151248,      300,     6900,    99000,   139000,   189000,   434000,
        InstPurchase,      48080,          0,          0,          0,      37681,      44014,      400,     6200,    92000,   135000,   193000,   311000,
          AssocOfCat,        477,          0,          0,          0,        384,        546,    25000,    45000,   153600,   192650,   233590,   250000,
      AssocOfProduct,       4775,          0,          0,          0,       4509,       5481,      600,     7000,   103000,   139000,   188000,   316000,
      BusinessReport,       1194,          0,          0,          0,       1041,       1344,    27000,    53000,   171500,   205000,   263000,   301000,
          CustBuyBeh,       4783,          0,          0,          0,       4481,       5303,      200,     6800,   101000,   138000,   190960,   316000,
       ProductReturn,      12720,          0,          0,          0,       9782,      11542,      200,     7100,    99000,   140000,   194000,   353000,

  4429s: (58%)   IR =   8025 [4430.372s][info][gc,marking     ] GC(1263) Concurrent Mark From Roots 941.945ms
[4430.372s][info][gc,marking     ] GC(1263) Concurrent Preclean
[4430.373s][info][gc,marking     ] GC(1263) Concurrent Preclean 0.123ms
[4430.374s][info][gc,start       ] GC(1263) Pause Remark
[4430.379s][info][gc             ] GC(1263) Pause Remark 2348M->2348M(4096M) 5.757ms
[4430.379s][info][gc,cpu         ] GC(1263) User=0.03s Sys=0.00s Real=0.00s
[4430.379s][info][gc,marking     ] GC(1263) Concurrent Mark 949.011ms
[4430.379s][info][gc,marking     ] GC(1263) Concurrent Rebuild Remembered Sets and Scrub Regions
.[4430.740s][info][gc,marking     ] GC(1263) Concurrent Rebuild Remembered Sets and Scrub Regions 360.261ms
[4430.743s][info][gc,start       ] GC(1263) Pause Cleanup
[4430.743s][info][gc             ] GC(1263) Pause Cleanup 2742M->2742M(4096M) 0.145ms
[4430.743s][info][gc,cpu         ] GC(1263) User=0.00s Sys=0.00s Real=0.00s
[4430.743s][info][gc,marking     ] GC(1263) Concurrent Clear Claimed Marks
[4430.743s][info][gc,marking     ] GC(1263) Concurrent Clear Claimed Marks 0.028ms
[4430.743s][info][gc,marking     ] GC(1263) Concurrent Cleanup for Next Mark
[4430.748s][info][gc,marking     ] GC(1263) Concurrent Cleanup for Next Mark 4.930ms
[4430.748s][info][gc             ] GC(1263) Concurrent Mark Cycle 1530.705ms
[4431.498s][info][gc,start       ] GC(1264) Pause Young (Prepare Mixed) (G1 Evacuation Pause)
[4431.498s][info][gc,task        ] GC(1264) Using 6 workers of 6 for evacuation
[4431.618s][info][gc,phases      ] GC(1264)   Pre Evacuate Collection Set: 0.35ms
[4431.618s][info][gc,phases      ] GC(1264)   Merge Heap Roots: 0.52ms
[4431.618s][info][gc,phases      ] GC(1264)   Evacuate Collection Set: 118.45ms
[4431.618s][info][gc,phases      ] GC(1264)   Post Evacuate Collection Set: 0.93ms
[4431.618s][info][gc,phases      ] GC(1264)   Other: 0.08ms
[4431.618s][info][gc,heap        ] GC(1264) Eden regions: 1118->0(1099)
[4431.618s][info][gc,heap        ] GC(1264) Survivor regions: 110->114(154)
[4431.618s][info][gc,heap        ] GC(1264) Old regions: 507->538
[4431.618s][info][gc,heap        ] GC(1264) Humongous regions: 80->80
[4431.618s][info][gc,metaspace   ] GC(1264) Metaspace: 28963K(29376K)->28963K(29376K) NonClass: 24094K(24256K)->24094K(24256K) Class: 4869K(5120K)->4869K(5120K)
[4431.618s][info][gc             ] GC(1264) Pause Young (Prepare Mixed) (G1 Evacuation Pause) 3628M->1462M(4096M) 120.484ms
[4431.618s][info][gc,cpu         ] GC(1264) User=0.71s Sys=0.00s Real=0.12s
...[4433.875s][info][gc,start       ] GC(1265) Pause Young (Mixed) (G1 Evacuation Pause)
[4433.875s][info][gc,task        ] GC(1265) Using 6 workers of 6 for evacuation
[4434.013s][info][gc,phases      ] GC(1265)   Pre Evacuate Collection Set: 0.36ms
[4434.013s][info][gc,phases      ] GC(1265)   Merge Heap Roots: 0.81ms
[4434.013s][info][gc,phases      ] GC(1265)   Evacuate Collection Set: 135.39ms
[4434.013s][info][gc,phases      ] GC(1265)   Post Evacuate Collection Set: 0.99ms
[4434.013s][info][gc,phases      ] GC(1265)   Other: 0.09ms
[4434.013s][info][gc,heap        ] GC(1265) Eden regions: 1099->0(1116)
[4434.013s][info][gc,heap        ] GC(1265) Survivor regions: 114->112(152)
[4434.013s][info][gc,heap        ] GC(1265) Old regions: 538->474
[4434.013s][info][gc,heap        ] GC(1265) Humongous regions: 80->80
[4434.013s][info][gc,metaspace   ] GC(1265) Metaspace: 28963K(29376K)->28963K(29376K) NonClass: 24094K(24256K)->24094K(24256K) Class: 4869K(5120K)->4869K(5120K)
[4434.013s][info][gc             ] GC(1265) Pause Young (Mixed) (G1 Evacuation Pause) 3660M->1330M(4096M) 137.787ms
[4434.013s][info][gc,cpu         ] GC(1265) User=0.82s Sys=0.00s Real=0.14s
..[4436.272s][info][gc,start       ] GC(1266) Pause Young (Concurrent Start) (G1 Evacuation Pause)
[4436.272s][info][gc,task        ] GC(1266) Using 6 workers of 6 for evacuation
[4436.393s][info][gc,phases      ] GC(1266)   Pre Evacuate Collection Set: 0.36ms
[4436.393s][info][gc,phases      ] GC(1266)   Merge Heap Roots: 0.44ms
[4436.393s][info][gc,phases      ] GC(1266)   Evacuate Collection Set: 118.80ms
[4436.393s][info][gc,phases      ] GC(1266)   Post Evacuate Collection Set: 0.88ms
[4436.393s][info][gc,phases      ] GC(1266)   Other: 0.10ms
[4436.393s][info][gc,heap        ] GC(1266) Eden regions: 1116->0(1114)
[4436.393s][info][gc,heap        ] GC(1266) Survivor regions: 112->114(154)
[4436.393s][info][gc,heap        ] GC(1266) Old regions: 474->506
[4436.393s][info][gc,heap        ] GC(1266) Humongous regions: 80->80
[4436.393s][info][gc,metaspace   ] GC(1266) Metaspace: 28963K(29376K)->28963K(29376K) NonClass: 24094K(24256K)->24094K(24256K) Class: 4869K(5120K)->4869K(5120K)
[4436.393s][info][gc             ] GC(1266) Pause Young (Concurrent Start) (G1 Evacuation Pause) 3562M->1397M(4096M) 120.700ms
[4436.393s][info][gc             ] GC(1267) Concurrent Mark Cycle
[4436.393s][info][gc,marking     ] GC(1267) Concurrent Scan Root Regions
[4436.393s][info][gc,cpu         ] GC(1266) User=0.71s Sys=0.00s Real=0.13s
[4436.533s][info][gc,marking     ] GC(1267) Concurrent Scan Root Regions 139.917ms
[4436.534s][info][gc,marking     ] GC(1267) Concurrent Mark
[4436.534s][info][gc,marking     ] GC(1267) Concurrent Mark From Roots
[4436.534s][info][gc,task        ] GC(1267) Using 2 workers of 2 for marking
.[4437.134s][info][gc,marking     ] GC(1267) Concurrent Mark From Roots 600.744ms
[4437.134s][info][gc,marking     ] GC(1267) Concurrent Preclean
[4437.135s][info][gc,marking     ] GC(1267) Concurrent Preclean 0.097ms
[4437.137s][info][gc,start       ] GC(1267) Pause Remark
[4437.141s][info][gc             ] GC(1267) Pause Remark 1995M->1995M(4096M) 4.055ms
[4437.141s][info][gc,cpu         ] GC(1267) User=0.02s Sys=0.00s Real=0.00s
[4437.141s][info][gc,marking     ] GC(1267) Concurrent Mark 607.594ms
[4437.141s][info][gc,marking     ] GC(1267) Concurrent Rebuild Remembered Sets and Scrub Regions
[4437.415s][info][gc,marking     ] GC(1267) Concurrent Rebuild Remembered Sets and Scrub Regions 273.827ms
[4437.415s][info][gc,start       ] GC(1267) Pause Cleanup
[4437.416s][info][gc             ] GC(1267) Pause Cleanup 2305M->2305M(4096M) 0.127ms
[4437.416s][info][gc,cpu         ] GC(1267) User=0.00s Sys=0.00s Real=0.00s
[4437.416s][info][gc,marking     ] GC(1267) Concurrent Clear Claimed Marks
[4437.416s][info][gc,marking     ] GC(1267) Concurrent Clear Claimed Marks 0.025ms
[4437.416s][info][gc,marking     ] GC(1267) Concurrent Cleanup for Next Mark
[4437.429s][info][gc,marking     ] GC(1267) Concurrent Cleanup for Next Mark 13.230ms
[4437.429s][info][gc             ] GC(1267) Concurrent Mark Cycle 1036.332ms
.[4438.658s][info][gc,start       ] GC(1268) Pause Young (Prepare Mixed) (G1 Evacuation Pause)
[4438.658s][info][gc,task        ] GC(1268) Using 6 workers of 6 for evacuation
[4438.779s][info][gc,phases      ] GC(1268)   Pre Evacuate Collection Set: 0.31ms
[4438.779s][info][gc,phases      ] GC(1268)   Merge Heap Roots: 0.55ms
[4438.779s][info][gc,phases      ] GC(1268)   Evacuate Collection Set: 119.31ms
[4438.779s][info][gc,phases      ] GC(1268)   Post Evacuate Collection Set: 0.95ms
[4438.779s][info][gc,phases      ] GC(1268)   Other: 0.09ms
[4438.779s][info][gc,heap        ] GC(1268) Eden regions: 1114->0(1104)
[4438.779s][info][gc,heap        ] GC(1268) Survivor regions: 114->112(154)
[4438.779s][info][gc,heap        ] GC(1268) Old regions: 506->537
[4438.779s][info][gc,heap        ] GC(1268) Humongous regions: 80->80
[4438.779s][info][gc,metaspace   ] GC(1268) Metaspace: 28963K(29376K)->28963K(29376K) NonClass: 24094K(24256K)->24094K(24256K) Class: 4869K(5120K)->4869K(5120K)
[4438.779s][info][gc             ] GC(1268) Pause Young (Prepare Mixed) (G1 Evacuation Pause) 3625M->1457M(4096M) 121.335ms
[4438.779s][info][gc,cpu         ] GC(1268) User=0.72s Sys=0.00s Real=0.12s
...[4440.943s][info][gc,start       ] GC(1269) Pause Young (Mixed) (G1 Evacuation Pause)
[4440.944s][info][gc,task        ] GC(1269) Using 6 workers of 6 for evacuation
[4441.081s][info][gc,phases      ] GC(1269)   Pre Evacuate Collection Set: 0.38ms
[4441.081s][info][gc,phases      ] GC(1269)   Merge Heap Roots: 0.78ms
[4441.081s][info][gc,phases      ] GC(1269)   Evacuate Collection Set: 134.94ms
[4441.081s][info][gc,phases      ] GC(1269)   Post Evacuate Collection Set: 0.97ms
[4441.081s][info][gc,phases      ] GC(1269)   Other: 0.09ms
[4441.081s][info][gc,heap        ] GC(1269) Eden regions: 1104->0(1119)
[4441.081s][info][gc,heap        ] GC(1269) Survivor regions: 112->109(152)
[4441.081s][info][gc,heap        ] GC(1269) Old regions: 537->475
[4441.081s][info][gc,heap        ] GC(1269) Humongous regions: 80->80
[4441.081s][info][gc,metaspace   ] GC(1269) Metaspace: 28963K(29376K)->28963K(29376K) NonClass: 24094K(24256K)->24094K(24256K) Class: 4869K(5120K)->4869K(5120K)
[4441.081s][info][gc             ] GC(1269) Pause Young (Mixed) (G1 Evacuation Pause) 3665M->1326M(4096M) 137.292ms
[4441.081s][info][gc,cpu         ] GC(1269) User=0.82s Sys=0.00s Real=0.13s
..[4443.307s][info][gc,start       ] GC(1270) Pause Young (Concurrent Start) (G1 Evacuation Pause)
[4443.307s][info][gc,task        ] GC(1270) Using 6 workers of 6 for evacuation
[4443.427s][info][gc,phases      ] GC(1270)   Pre Evacuate Collection Set: 0.37ms
[4443.427s][info][gc,phases      ] GC(1270)   Merge Heap Roots: 0.52ms
[4443.427s][info][gc,phases      ] GC(1270)   Evacuate Collection Set: 118.22ms
[4443.427s][info][gc,phases      ] GC(1270)   Post Evacuate Collection Set: 0.88ms
[4443.427s][info][gc,phases      ] GC(1270)   Other: 0.13ms
[4443.427s][info][gc,heap        ] GC(1270) Eden regions: 1119->0(1117)
[4443.427s][info][gc,heap        ] GC(1270) Survivor regions: 109->111(154)
[4443.427s][info][gc,heap        ] GC(1270) Old regions: 475->507
[4443.427s][info][gc,heap        ] GC(1270) Humongous regions: 80->80
[4443.427s][info][gc,metaspace   ] GC(1270) Metaspace: 28963K(29376K)->28963K(29376K) NonClass: 24094K(24256K)->24094K(24256K) Class: 4869K(5120K)->4869K(5120K)
[4443.427s][info][gc             ] GC(1270) Pause Young (Concurrent Start) (G1 Evacuation Pause) 3564M->1394M(4096M) 120.256ms
[4443.427s][info][gc             ] GC(1271) Concurrent Mark Cycle
[4443.427s][info][gc,marking     ] GC(1271) Concurrent Scan Root Regions
[4443.427s][info][gc,cpu         ] GC(1270) User=0.71s Sys=0.01s Real=0.12s
[4443.633s][info][gc,marking     ] GC(1271) Concurrent Scan Root Regions 205.951ms
[4443.634s][info][gc,marking     ] GC(1271) Concurrent Mark
[4443.634s][info][gc,marking     ] GC(1271) Concurrent Mark From Roots
[4443.634s][info][gc,task        ] GC(1271) Using 2 workers of 2 for marking
.[4444.656s][info][gc,marking     ] GC(1271) Concurrent Mark From Roots 1022.037ms
[4444.656s][info][gc,marking     ] GC(1271) Concurrent Preclean
[4444.656s][info][gc,marking     ] GC(1271) Concurrent Preclean 0.112ms
[4444.660s][info][gc,start       ] GC(1271) Pause Remark
[4444.665s][info][gc             ] GC(1271) Pause Remark 2598M->2598M(4096M) 4.819ms
[4444.665s][info][gc,cpu         ] GC(1271) User=0.02s Sys=0.00s Real=0.01s
[4444.666s][info][gc,marking     ] GC(1271) Concurrent Mark 1032.783ms
[4444.666s][info][gc,marking     ] GC(1271) Concurrent Rebuild Remembered Sets and Scrub Regions
.[4445.084s][info][gc,marking     ] GC(1271) Concurrent Rebuild Remembered Sets and Scrub Regions 417.405ms
[4445.084s][info][gc,start       ] GC(1271) Pause Cleanup
[4445.084s][info][gc             ] GC(1271) Pause Cleanup 2970M->2970M(4096M) 0.114ms
[4445.084s][info][gc,cpu         ] GC(1271) User=0.00s Sys=0.00s Real=0.00s
[4445.086s][info][gc,marking     ] GC(1271) Concurrent Clear Claimed Marks
[4445.086s][info][gc,marking     ] GC(1271) Concurrent Clear Claimed Marks 0.043ms
[4445.086s][info][gc,marking     ] GC(1271) Concurrent Cleanup for Next Mark
[4445.090s][info][gc,marking     ] GC(1271) Concurrent Cleanup for Next Mark 4.500ms
[4445.090s][info][gc             ] GC(1271) Concurrent Mark Cycle 1662.752ms
[4445.664s][info][gc,start       ] GC(1272) Pause Young (Prepare Mixed) (G1 Evacuation Pause)
[4445.664s][info][gc,task        ] GC(1272) Using 6 workers of 6 for evacuation
[4445.785s][info][gc,phases      ] GC(1272)   Pre Evacuate Collection Set: 0.32ms
[4445.785s][info][gc,phases      ] GC(1272)   Merge Heap Roots: 0.54ms
[4445.785s][info][gc,phases      ] GC(1272)   Evacuate Collection Set: 119.76ms
[4445.785s][info][gc,phases      ] GC(1272)   Post Evacuate Collection Set: 0.93ms
[4445.785s][info][gc,phases      ] GC(1272)   Other: 0.09ms
[4445.785s][info][gc,heap        ] GC(1272) Eden regions: 1117->0(1100)
[4445.785s][info][gc,heap        ] GC(1272) Survivor regions: 111->113(154)
[4445.785s][info][gc,heap        ] GC(1272) Old regions: 507->539
[4445.785s][info][gc,heap        ] GC(1272) Humongous regions: 80->80
[4445.785s][info][gc,metaspace   ] GC(1272) Metaspace: 28963K(29376K)->28963K(29376K) NonClass: 24094K(24256K)->24094K(24256K) Class: 4869K(5120K)->4869K(5120K)
[4445.786s][info][gc             ] GC(1272) Pause Young (Prepare Mixed) (G1 Evacuation Pause) 3628M->1462M(4096M) 121.758ms
[4445.786s][info][gc,cpu         ] GC(1272) User=0.72s Sys=0.00s Real=0.12s
.|.[4448.000s][info][gc,start       ] GC(1273) Pause Young (Mixed) (G1 Evacuation Pause)
[4448.000s][info][gc,task        ] GC(1273) Using 6 workers of 6 for evacuation
[4448.135s][info][gc,phases      ] GC(1273)   Pre Evacuate Collection Set: 0.37ms
[4448.135s][info][gc,phases      ] GC(1273)   Merge Heap Roots: 0.63ms
[4448.135s][info][gc,phases      ] GC(1273)   Evacuate Collection Set: 132.64ms
[4448.135s][info][gc,phases      ] GC(1273)   Post Evacuate Collection Set: 0.93ms
[4448.135s][info][gc,phases      ] GC(1273)   Other: 0.09ms
[4448.135s][info][gc,heap        ] GC(1273) Eden regions: 1100->0(1119)
[4448.135s][info][gc,heap        ] GC(1273) Survivor regions: 113->109(152)
[4448.135s][info][gc,heap        ] GC(1273) Old regions: 539->476
[4448.135s][info][gc,heap        ] GC(1273) Humongous regions: 80->80
[4448.135s][info][gc,metaspace   ] GC(1273) Metaspace: 28963K(29376K)->28963K(29376K) NonClass: 24094K(24256K)->24094K(24256K) Class: 4869K(5120K)->4869K(5120K)
[4448.135s][info][gc             ] GC(1273) Pause Young (Mixed) (G1 Evacuation Pause) 3662M->1329M(4096M) 134.795ms
[4448.135s][info][gc,cpu         ] GC(1273) User=0.80s Sys=0.00s Real=0.14s
...[4450.349s][info][gc,start       ] GC(1274) Pause Young (Concurrent Start) (G1 Evacuation Pause)
[4450.349s][info][gc,task        ] GC(1274) Using 6 workers of 6 for evacuation
[4450.472s][info][gc,phases      ] GC(1274)   Pre Evacuate Collection Set: 0.35ms
[4450.472s][info][gc,phases      ] GC(1274)   Merge Heap Roots: 0.46ms
[4450.472s][info][gc,phases      ] GC(1274)   Evacuate Collection Set: 120.66ms
[4450.472s][info][gc,phases      ] GC(1274)   Post Evacuate Collection Set: 0.91ms
[4450.472s][info][gc,phases      ] GC(1274)   Other: 0.10ms
[4450.472s][info][gc,heap        ] GC(1274) Eden regions: 1119->0(1115)
[4450.472s][info][gc,heap        ] GC(1274) Survivor regions: 109->113(154)
[4450.472s][info][gc,heap        ] GC(1274) Old regions: 476->507
[4450.472s][info][gc,heap        ] GC(1274) Humongous regions: 80->80
[4450.472s][info][gc,metaspace   ] GC(1274) Metaspace: 28963K(29376K)->28963K(29376K) NonClass: 24094K(24256K)->24094K(24256K) Class: 4869K(5120K)->4869K(5120K)
[4450.472s][info][gc             ] GC(1274) Pause Young (Concurrent Start) (G1 Evacuation Pause) 3567M->1398M(4096M) 122.615ms
[4450.472s][info][gc             ] GC(1275) Concurrent Mark Cycle
[4450.472s][info][gc,marking     ] GC(1275) Concurrent Scan Root Regions
[4450.472s][info][gc,cpu         ] GC(1274) User=0.72s Sys=0.00s Real=0.12s
[4450.655s][info][gc,marking     ] GC(1275) Concurrent Scan Root Regions 183.455ms
[4450.655s][info][gc,marking     ] GC(1275) Concurrent Mark
[4450.655s][info][gc,marking     ] GC(1275) Concurrent Mark From Roots
[4450.655s][info][gc,task        ] GC(1275) Using 2 workers of 2 for marking
.[4451.413s][info][gc,marking     ] GC(1275) Concurrent Mark From Roots 757.425ms
[4451.413s][info][gc,marking     ] GC(1275) Concurrent Preclean
[4451.413s][info][gc,marking     ] GC(1275) Concurrent Preclean 0.139ms
[4451.415s][info][gc,start       ] GC(1275) Pause Remark
[4451.420s][info][gc             ] GC(1275) Pause Remark 2288M->2288M(4096M) 4.745ms
[4451.420s][info][gc,cpu         ] GC(1275) User=0.03s Sys=0.00s Real=0.00s
[4451.421s][info][gc,marking     ] GC(1275) Concurrent Mark 765.290ms
[4451.421s][info][gc,marking     ] GC(1275) Concurrent Rebuild Remembered Sets and Scrub Regions
[4451.694s][info][gc,marking     ] GC(1275) Concurrent Rebuild Remembered Sets and Scrub Regions 273.440ms
[4451.694s][info][gc,start       ] GC(1275) Pause Cleanup
[4451.694s][info][gc             ] GC(1275) Pause Cleanup 2574M->2574M(4096M) 0.112ms
[4451.694s][info][gc,cpu         ] GC(1275) User=0.00s Sys=0.00s Real=0.00s
[4451.694s][info][gc,marking     ] GC(1275) Concurrent Clear Claimed Marks
[4451.694s][info][gc,marking     ] GC(1275) Concurrent Clear Claimed Marks 0.024ms
[4451.694s][info][gc,marking     ] GC(1275) Concurrent Cleanup for Next Mark
[4451.702s][info][gc,marking     ] GC(1275) Concurrent Cleanup for Next Mark 7.129ms
[4451.702s][info][gc             ] GC(1275) Concurrent Mark Cycle 1229.831ms
.[4452.683s][info][gc,start       ] GC(1276) Pause Young (Prepare Mixed) (G1 Evacuation Pause)
[4452.683s][info][gc,task        ] GC(1276) Using 6 workers of 6 for evacuation
[4452.814s][info][gc,phases      ] GC(1276)   Pre Evacuate Collection Set: 0.30ms
[4452.814s][info][gc,phases      ] GC(1276)   Merge Heap Roots: 0.60ms
[4452.814s][info][gc,phases      ] GC(1276)   Evacuate Collection Set: 128.93ms
[4452.814s][info][gc,phases      ] GC(1276)   Post Evacuate Collection Set: 0.96ms
[4452.814s][info][gc,phases      ] GC(1276)   Other: 0.08ms
[4452.814s][info][gc,heap        ] GC(1276) Eden regions: 1115->0(1088)
[4452.814s][info][gc,heap        ] GC(1276) Survivor regions: 113->119(154)
[4452.814s][info][gc,heap        ] GC(1276) Old regions: 507->539
[4452.814s][info][gc,heap        ] GC(1276) Humongous regions: 80->80
[4452.814s][info][gc,metaspace   ] GC(1276) Metaspace: 28963K(29376K)->28963K(29376K) NonClass: 24094K(24256K)->24094K(24256K) Class: 4869K(5120K)->4869K(5120K)
[4452.814s][info][gc             ] GC(1276) Pause Young (Prepare Mixed) (G1 Evacuation Pause) 3628M->1475M(4096M) 131.018ms
[4452.814s][info][gc,cpu         ] GC(1276) User=0.78s Sys=0.00s Real=0.13s
..[4454.905s][info][gc,start       ] GC(1277) Pause Young (Mixed) (G1 Evacuation Pause)
[4454.905s][info][gc,task        ] GC(1277) Using 6 workers of 6 for evacuation
[4455.041s][info][gc,phases      ] GC(1277)   Pre Evacuate Collection Set: 0.37ms
[4455.041s][info][gc,phases      ] GC(1277)   Merge Heap Roots: 0.75ms
[4455.041s][info][gc,phases      ] GC(1277)   Evacuate Collection Set: 133.10ms
[4455.041s][info][gc,phases      ] GC(1277)   Post Evacuate Collection Set: 0.83ms
[4455.041s][info][gc,phases      ] GC(1277)   Other: 0.09ms
[4455.041s][info][gc,heap        ] GC(1277) Eden regions: 1088->0(1116)
[4455.041s][info][gc,heap        ] GC(1277) Survivor regions: 119->112(151)
[4455.041s][info][gc,heap        ] GC(1277) Old regions: 539->476
[4455.041s][info][gc,heap        ] GC(1277) Humongous regions: 80->80
[4455.041s][info][gc,metaspace   ] GC(1277) Metaspace: 28963K(29376K)->28963K(29376K) NonClass: 24094K(24256K)->24094K(24256K) Class: 4869K(5120K)->4869K(5120K)
[4455.041s][info][gc             ] GC(1277) Pause Young (Mixed) (G1 Evacuation Pause) 3651M->1334M(4096M) 135.274ms
[4455.041s][info][gc,cpu         ] GC(1277) User=0.80s Sys=0.00s Real=0.13s
..[4457.358s][info][gc,start       ] GC(1278) Pause Young (Concurrent Start) (G1 Evacuation Pause)
[4457.358s][info][gc,task        ] GC(1278) Using 6 workers of 6 for evacuation
[4457.481s][info][gc,phases      ] GC(1278)   Pre Evacuate Collection Set: 0.35ms
[4457.481s][info][gc,phases      ] GC(1278)   Merge Heap Roots: 0.49ms
[4457.481s][info][gc,phases      ] GC(1278)   Evacuate Collection Set: 120.84ms
[4457.481s][info][gc,phases      ] GC(1278)   Post Evacuate Collection Set: 0.85ms
[4457.481s][info][gc,phases      ] GC(1278)   Other: 0.11ms
[4457.481s][info][gc,heap        ] GC(1278) Eden regions: 1116->0(1115)
[4457.481s][info][gc,heap        ] GC(1278) Survivor regions: 112->113(154)
[4457.481s][info][gc,heap        ] GC(1278) Old regions: 476->508
[4457.481s][info][gc,heap        ] GC(1278) Humongous regions: 80->80
[4457.481s][info][gc,metaspace   ] GC(1278) Metaspace: 28963K(29376K)->28963K(29376K) NonClass: 24094K(24256K)->24094K(24256K) Class: 4869K(5120K)->4869K(5120K)
[4457.481s][info][gc             ] GC(1278) Pause Young (Concurrent Start) (G1 Evacuation Pause) 3566M->1400M(4096M) 122.780ms
[4457.481s][info][gc             ] GC(1279) Concurrent Mark Cycle
[4457.481s][info][gc,marking     ] GC(1279) Concurrent Scan Root Regions
[4457.481s][info][gc,cpu         ] GC(1278) User=0.73s Sys=0.00s Real=0.12s
.[4457.622s][info][gc,marking     ] GC(1279) Concurrent Scan Root Regions 141.161ms
[4457.622s][info][gc,marking     ] GC(1279) Concurrent Mark
[4457.622s][info][gc,marking     ] GC(1279) Concurrent Mark From Roots
[4457.622s][info][gc,task        ] GC(1279) Using 2 workers of 2 for marking
[4458.346s][info][gc,marking     ] GC(1279) Concurrent Mark From Roots 723.926ms
[4458.346s][info][gc,marking     ] GC(1279) Concurrent Preclean
[4458.346s][info][gc,marking     ] GC(1279) Concurrent Preclean 0.100ms
[4458.348s][info][gc,start       ] GC(1279) Pause Remark
[4458.353s][info][gc             ] GC(1279) Pause Remark 2138M->2138M(4096M) 4.793ms
[4458.353s][info][gc,cpu         ] GC(1279) User=0.03s Sys=0.00s Real=0.01s
[4458.353s][info][gc,marking     ] GC(1279) Concurrent Mark 730.932ms
[4458.353s][info][gc,marking     ] GC(1279) Concurrent Rebuild Remembered Sets and Scrub Regions
.[4458.714s][info][gc,marking     ] GC(1279) Concurrent Rebuild Remembered Sets and Scrub Regions 360.411ms
[4458.714s][info][gc,start       ] GC(1279) Pause Cleanup
[4458.714s][info][gc             ] GC(1279) Pause Cleanup 2571M->2571M(4096M) 0.135ms
[4458.714s][info][gc,cpu         ] GC(1279) User=0.00s Sys=0.00s Real=0.00s
[4458.714s][info][gc,marking     ] GC(1279) Concurrent Clear Claimed Marks
[4458.714s][info][gc,marking     ] GC(1279) Concurrent Clear Claimed Marks 0.026ms
[4458.714s][info][gc,marking     ] GC(1279) Concurrent Cleanup for Next Mark
[4458.730s][info][gc,marking     ] GC(1279) Concurrent Cleanup for Next Mark 16.343ms
[4458.730s][info][gc             ] GC(1279) Concurrent Mark Cycle 1249.528ms
.[4459.685s][info][gc,start       ] GC(1280) Pause Young (Prepare Mixed) (G1 Evacuation Pause)
[4459.685s][info][gc,task        ] GC(1280) Using 6 workers of 6 for evacuation
[4459.804s][info][gc,phases      ] GC(1280)   Pre Evacuate Collection Set: 0.31ms
[4459.804s][info][gc,phases      ] GC(1280)   Merge Heap Roots: 0.51ms
[4459.804s][info][gc,phases      ] GC(1280)   Evacuate Collection Set: 117.53ms
[4459.804s][info][gc,phases      ] GC(1280)   Post Evacuate Collection Set: 0.96ms
[4459.804s][info][gc,phases      ] GC(1280)   Other: 0.09ms
[4459.804s][info][gc,heap        ] GC(1280) Eden regions: 1115->0(1104)
[4459.804s][info][gc,heap        ] GC(1280) Survivor regions: 113->111(154)
[4459.804s][info][gc,heap        ] GC(1280) Old regions: 508->539
[4459.804s][info][gc,heap        ] GC(1280) Humongous regions: 80->80
[4459.804s][info][gc,metaspace   ] GC(1280) Metaspace: 28963K(29376K)->28963K(29376K) NonClass: 24094K(24256K)->24094K(24256K) Class: 4869K(5120K)->4869K(5120K)
[4459.804s][info][gc             ] GC(1280) Pause Young (Prepare Mixed) (G1 Evacuation Pause) 3630M->1458M(4096M) 119.537ms
[4459.804s][info][gc,cpu         ] GC(1280) User=0.71s Sys=0.00s Real=0.12s
..[4461.943s][info][gc,start       ] GC(1281) Pause Young (Mixed) (G1 Evacuation Pause)
[4461.943s][info][gc,task        ] GC(1281) Using 6 workers of 6 for evacuation
[4462.081s][info][gc,phases      ] GC(1281)   Pre Evacuate Collection Set: 0.35ms
[4462.081s][info][gc,phases      ] GC(1281)   Merge Heap Roots: 0.75ms
[4462.081s][info][gc,phases      ] GC(1281)   Evacuate Collection Set: 136.09ms
[4462.081s][info][gc,phases      ] GC(1281)   Post Evacuate Collection Set: 0.95ms
[4462.081s][info][gc,phases      ] GC(1281)   Other: 0.09ms
[4462.081s][info][gc,heap        ] GC(1281) Eden regions: 1104->0(1119)
[4462.081s][info][gc,heap        ] GC(1281) Survivor regions: 111->109(152)
[4462.081s][info][gc,heap        ] GC(1281) Old regions: 539->474
[4462.081s][info][gc,heap        ] GC(1281) Humongous regions: 80->80
[4462.081s][info][gc,metaspace   ] GC(1281) Metaspace: 28963K(29376K)->28963K(29376K) NonClass: 24094K(24256K)->24094K(24256K) Class: 4869K(5120K)->4869K(5120K)
[4462.081s][info][gc             ] GC(1281) Pause Young (Mixed) (G1 Evacuation Pause) 3666M->1325M(4096M) 138.370ms
[4462.081s][info][gc,cpu         ] GC(1281) User=0.83s Sys=0.00s Real=0.13s
..[4464.371s][info][gc,start       ] GC(1282) Pause Young (Concurrent Start) (G1 Evacuation Pause)
[4464.371s][info][gc,task        ] GC(1282) Using 6 workers of 6 for evacuation
[4464.492s][info][gc,phases      ] GC(1282)   Pre Evacuate Collection Set: 0.33ms
[4464.492s][info][gc,phases      ] GC(1282)   Merge Heap Roots: 0.46ms
[4464.492s][info][gc,phases      ] GC(1282)   Evacuate Collection Set: 118.44ms
[4464.492s][info][gc,phases      ] GC(1282)   Post Evacuate Collection Set: 0.89ms
[4464.492s][info][gc,phases      ] GC(1282)   Other: 0.10ms
[4464.492s][info][gc,heap        ] GC(1282) Eden regions: 1119->0(1116)
[4464.492s][info][gc,heap        ] GC(1282) Survivor regions: 109->112(154)
[4464.492s][info][gc,heap        ] GC(1282) Old regions: 474->506
[4464.492s][info][gc,heap        ] GC(1282) Humongous regions: 80->80
[4464.492s][info][gc,metaspace   ] GC(1282) Metaspace: 28963K(29376K)->28963K(29376K) NonClass: 24094K(24256K)->24094K(24256K) Class: 4869K(5120K)->4869K(5120K)
[4464.492s][info][gc             ] GC(1282) Pause Young (Concurrent Start) (G1 Evacuation Pause) 3563M->1394M(4096M) 120.351ms
[4464.492s][info][gc             ] GC(1283) Concurrent Mark Cycle
[4464.492s][info][gc,marking     ] GC(1283) Concurrent Scan Root Regions
[4464.492s][info][gc,cpu         ] GC(1282) User=0.71s Sys=0.00s Real=0.12s
.[4464.686s][info][gc,marking     ] GC(1283) Concurrent Scan Root Regions 194.114ms
[4464.686s][info][gc,marking     ] GC(1283) Concurrent Mark
[4464.686s][info][gc,marking     ] GC(1283) Concurrent Mark From Roots
[4464.686s][info][gc,task        ] GC(1283) Using 2 workers of 2 for marking
[4465.403s][info][gc,marking     ] GC(1283) Concurrent Mark From Roots 717.424ms
[4465.403s][info][gc,marking     ] GC(1283) Concurrent Preclean
[4465.404s][info][gc,marking     ] GC(1283) Concurrent Preclean 0.071ms
[4465.405s][info][gc,start       ] GC(1283) Pause Remark
[4465.409s][info][gc             ] GC(1283) Pause Remark 2194M->2194M(4096M) 4.157ms
[4465.409s][info][gc,cpu         ] GC(1283) User=0.02s Sys=0.00s Real=0.00s
[4465.410s][info][gc,marking     ] GC(1283) Concurrent Mark 723.616ms
[4465.410s][info][gc,marking     ] GC(1283) Concurrent Rebuild Remembered Sets and Scrub Regions
.[4465.693s][info][gc,marking     ] GC(1283) Concurrent Rebuild Remembered Sets and Scrub Regions 283.852ms
[4465.697s][info][gc,start       ] GC(1283) Pause Cleanup
[4465.698s][info][gc             ] GC(1283) Pause Cleanup 2498M->2498M(4096M) 0.144ms
[4465.698s][info][gc,cpu         ] GC(1283) User=0.00s Sys=0.00s Real=0.00s
[4465.698s][info][gc,marking     ] GC(1283) Concurrent Clear Claimed Marks
[4465.698s][info][gc,marking     ] GC(1283) Concurrent Clear Claimed Marks 0.027ms
[4465.698s][info][gc,marking     ] GC(1283) Concurrent Cleanup for Next Mark
[4465.703s][info][gc,marking     ] GC(1283) Concurrent Cleanup for Next Mark 5.445ms
[4465.703s][info][gc             ] GC(1283) Concurrent Mark Cycle 1211.359ms
.[4466.722s][info][gc,start       ] GC(1284) Pause Young (Prepare Mixed) (G1 Evacuation Pause)
[4466.722s][info][gc,task        ] GC(1284) Using 6 workers of 6 for evacuation
[4466.841s][info][gc,phases      ] GC(1284)   Pre Evacuate Collection Set: 0.31ms
[4466.841s][info][gc,phases      ] GC(1284)   Merge Heap Roots: 0.51ms
[4466.841s][info][gc,phases      ] GC(1284)   Evacuate Collection Set: 117.66ms
[4466.841s][info][gc,phases      ] GC(1284)   Post Evacuate Collection Set: 0.93ms
[4466.841s][info][gc,phases      ] GC(1284)   Other: 0.08ms
[4466.841s][info][gc,heap        ] GC(1284) Eden regions: 1116->0(1104)
[4466.841s][info][gc,heap        ] GC(1284) Survivor regions: 112->112(154)
[4466.841s][info][gc,heap        ] GC(1284) Old regions: 506->537
[4466.841s][info][gc,heap        ] GC(1284) Humongous regions: 80->80
[4466.841s][info][gc,metaspace   ] GC(1284) Metaspace: 28963K(29376K)->28963K(29376K) NonClass: 24094K(24256K)->24094K(24256K) Class: 4869K(5120K)->4869K(5120K)
[4466.841s][info][gc             ] GC(1284) Pause Young (Prepare Mixed) (G1 Evacuation Pause) 3626M->1456M(4096M) 119.626ms
[4466.841s][info][gc,cpu         ] GC(1284) User=0.71s Sys=0.00s Real=0.12s
..[4469.067s][info][gc,start       ] GC(1285) Pause Young (Mixed) (G1 Evacuation Pause)
[4469.067s][info][gc,task        ] GC(1285) Using 6 workers of 6 for evacuation
[4469.202s][info][gc,phases      ] GC(1285)   Pre Evacuate Collection Set: 0.38ms
[4469.202s][info][gc,phases      ] GC(1285)   Merge Heap Roots: 0.83ms
[4469.202s][info][gc,phases      ] GC(1285)   Evacuate Collection Set: 132.63ms
[4469.202s][info][gc,phases      ] GC(1285)   Post Evacuate Collection Set: 1.05ms
[4469.202s][info][gc,phases      ] GC(1285)   Other: 0.09ms
[4469.202s][info][gc,heap        ] GC(1285) Eden regions: 1104->0(1118)
[4469.202s][info][gc,heap        ] GC(1285) Survivor regions: 112->110(152)
[4469.202s][info][gc,heap        ] GC(1285) Old regions: 537->474
[4469.202s][info][gc,heap        ] GC(1285) Humongous regions: 80->80
[4469.202s][info][gc,metaspace   ] GC(1285) Metaspace: 28963K(29376K)->28963K(29376K) NonClass: 24094K(24256K)->24094K(24256K) Class: 4869K(5120K)->4869K(5120K)
[4469.202s][info][gc             ] GC(1285) Pause Young (Mixed) (G1 Evacuation Pause) 3664M->1326M(4096M) 135.142ms
[4469.202s][info][gc,cpu         ] GC(1285) User=0.81s Sys=0.00s Real=0.13s
..[4471.423s][info][gc,start       ] GC(1286) Pause Young (Concurrent Start) (G1 Evacuation Pause)
[4471.423s][info][gc,task        ] GC(1286) Using 6 workers of 6 for evacuation
[4471.545s][info][gc,phases      ] GC(1286)   Pre Evacuate Collection Set: 0.40ms
[4471.545s][info][gc,phases      ] GC(1286)   Merge Heap Roots: 0.50ms
[4471.545s][info][gc,phases      ] GC(1286)   Evacuate Collection Set: 120.22ms
[4471.545s][info][gc,phases      ] GC(1286)   Post Evacuate Collection Set: 0.96ms
[4471.545s][info][gc,phases      ] GC(1286)   Other: 0.12ms
[4471.545s][info][gc,heap        ] GC(1286) Eden regions: 1118->0(1115)
[4471.545s][info][gc,heap        ] GC(1286) Survivor regions: 110->113(154)
[4471.545s][info][gc,heap        ] GC(1286) Old regions: 474->506
[4471.545s][info][gc,heap        ] GC(1286) Humongous regions: 80->80
[4471.545s][info][gc,metaspace   ] GC(1286) Metaspace: 28963K(29376K)->28963K(29376K) NonClass: 24094K(24256K)->24094K(24256K) Class: 4869K(5120K)->4869K(5120K)
[4471.545s][info][gc             ] GC(1286) Pause Young (Concurrent Start) (G1 Evacuation Pause) 3562M->1397M(4096M) 122.335ms
[4471.545s][info][gc             ] GC(1287) Concurrent Mark Cycle
[4471.545s][info][gc,marking     ] GC(1287) Concurrent Scan Root Regions
[4471.545s][info][gc,cpu         ] GC(1286) User=0.73s Sys=0.00s Real=0.12s
.[4471.687s][info][gc,marking     ] GC(1287) Concurrent Scan Root Regions 142.261ms
[4471.687s][info][gc,marking     ] GC(1287) Concurrent Mark
[4471.687s][info][gc,marking     ] GC(1287) Concurrent Mark From Roots
[4471.687s][info][gc,task        ] GC(1287) Using 2 workers of 2 for marking
[4472.429s][info][gc,marking     ] GC(1287) Concurrent Mark From Roots 741.737ms
[4472.429s][info][gc,marking     ] GC(1287) Concurrent Preclean
[4472.429s][info][gc,marking     ] GC(1287) Concurrent Preclean 0.145ms
[4472.433s][info][gc,start       ] GC(1287) Pause Remark
[4472.438s][info][gc             ] GC(1287) Pause Remark 2211M->2211M(4096M) 5.270ms
[4472.438s][info][gc,cpu         ] GC(1287) User=0.03s Sys=0.00s Real=0.00s
[4472.439s][info][gc,marking     ] GC(1287) Concurrent Mark 751.497ms
[4472.439s][info][gc,marking     ] GC(1287) Concurrent Rebuild Remembered Sets and Scrub Regions
.[4472.717s][info][gc,marking     ] GC(1287) Concurrent Rebuild Remembered Sets and Scrub Regions 277.776ms
[4472.718s][info][gc,start       ] GC(1287) Pause Cleanup
[4472.719s][info][gc             ] GC(1287) Pause Cleanup 2485M->2485M(4096M) 0.136ms
[4472.719s][info][gc,cpu         ] GC(1287) User=0.00s Sys=0.00s Real=0.00s
[4472.719s][info][gc,marking     ] GC(1287) Concurrent Clear Claimed Marks
[4472.719s][info][gc,marking     ] GC(1287) Concurrent Clear Claimed Marks 0.030ms
[4472.719s][info][gc,marking     ] GC(1287) Concurrent Cleanup for Next Mark
[4472.724s][info][gc,marking     ] GC(1287) Concurrent Cleanup for Next Mark 5.625ms
[4472.724s][info][gc             ] GC(1287) Concurrent Mark Cycle 1179.478ms
.[4473.736s][info][gc,start       ] GC(1288) Pause Young (Prepare Mixed) (G1 Evacuation Pause)
[4473.736s][info][gc,task        ] GC(1288) Using 6 workers of 6 for evacuation
[4473.860s][info][gc,phases      ] GC(1288)   Pre Evacuate Collection Set: 0.31ms
[4473.860s][info][gc,phases      ] GC(1288)   Merge Heap Roots: 0.52ms
[4473.860s][info][gc,phases      ] GC(1288)   Evacuate Collection Set: 122.46ms
[4473.860s][info][gc,phases      ] GC(1288)   Post Evacuate Collection Set: 0.93ms
[4473.860s][info][gc,phases      ] GC(1288)   Other: 0.08ms
[4473.860s][info][gc,heap        ] GC(1288) Eden regions: 1115->0(1097)
[4473.860s][info][gc,heap        ] GC(1288) Survivor regions: 113->115(154)
[4473.860s][info][gc,heap        ] GC(1288) Old regions: 506->538
[4473.860s][info][gc,heap        ] GC(1288) Humongous regions: 80->80
[4473.860s][info][gc,metaspace   ] GC(1288) Metaspace: 28963K(29376K)->28963K(29376K) NonClass: 24094K(24256K)->24094K(24256K) Class: 4869K(5120K)->4869K(5120K)
[4473.860s][info][gc             ] GC(1288) Pause Young (Prepare Mixed) (G1 Evacuation Pause) 3627M->1464M(4096M) 124.415ms
[4473.860s][info][gc,cpu         ] GC(1288) User=0.74s Sys=0.00s Real=0.12s
..[4476.029s][info][gc,start       ] GC(1289) Pause Young (Mixed) (G1 Evacuation Pause)
[4476.029s][info][gc,task        ] GC(1289) Using 6 workers of 6 for evacuation
[4476.167s][info][gc,phases      ] GC(1289)   Pre Evacuate Collection Set: 0.34ms
[4476.167s][info][gc,phases      ] GC(1289)   Merge Heap Roots: 0.79ms
[4476.167s][info][gc,phases      ] GC(1289)   Evacuate Collection Set: 135.90ms
[4476.167s][info][gc,phases      ] GC(1289)   Post Evacuate Collection Set: 1.05ms
[4476.167s][info][gc,phases      ] GC(1289)   Other: 0.10ms
[4476.167s][info][gc,heap        ] GC(1289) Eden regions: 1097->0(1117)
[4476.167s][info][gc,heap        ] GC(1289) Survivor regions: 115->111(152)
[4476.167s][info][gc,heap        ] GC(1289) Old regions: 538->476
[4476.167s][info][gc,heap        ] GC(1289) Humongous regions: 80->80
[4476.167s][info][gc,metaspace   ] GC(1289) Metaspace: 28963K(29376K)->28963K(29376K) NonClass: 24094K(24256K)->24094K(24256K) Class: 4869K(5120K)->4869K(5120K)
[4476.167s][info][gc             ] GC(1289) Pause Young (Mixed) (G1 Evacuation Pause) 3658M->1331M(4096M) 138.320ms
[4476.167s][info][gc,cpu         ] GC(1289) User=0.82s Sys=0.00s Real=0.14s
..[4478.363s][info][gc,start       ] GC(1290) Pause Young (Concurrent Start) (G1 Evacuation Pause)
[4478.363s][info][gc,task        ] GC(1290) Using 6 workers of 6 for evacuation
[4478.484s][info][gc,phases      ] GC(1290)   Pre Evacuate Collection Set: 0.39ms
[4478.484s][info][gc,phases      ] GC(1290)   Merge Heap Roots: 0.49ms
[4478.484s][info][gc,phases      ] GC(1290)   Evacuate Collection Set: 118.38ms
[4478.484s][info][gc,phases      ] GC(1290)   Post Evacuate Collection Set: 0.86ms
[4478.484s][info][gc,phases      ] GC(1290)   Other: 0.13ms
[4478.484s][info][gc,heap        ] GC(1290) Eden regions: 1117->0(1116)
[4478.484s][info][gc,heap        ] GC(1290) Survivor regions: 111->112(154)
[4478.484s][info][gc,heap        ] GC(1290) Old regions: 476->508
[4478.484s][info][gc,heap        ] GC(1290) Humongous regions: 80->80
[4478.484s][info][gc,metaspace   ] GC(1290) Metaspace: 28963K(29376K)->28963K(29376K) NonClass: 24094K(24256K)->24094K(24256K) Class: 4869K(5120K)->4869K(5120K)
[4478.484s][info][gc             ] GC(1290) Pause Young (Concurrent Start) (G1 Evacuation Pause) 3565M->1398M(4096M) 120.382ms
[4478.484s][info][gc             ] GC(1291) Concurrent Mark Cycle
[4478.484s][info][gc,marking     ] GC(1291) Concurrent Scan Root Regions
[4478.484s][info][gc,cpu         ] GC(1290) User=0.71s Sys=0.00s Real=0.12s
[4478.696s][info][gc,marking     ] GC(1291) Concurrent Scan Root Regions 212.337ms
[4478.696s][info][gc,marking     ] GC(1291) Concurrent Mark
[4478.696s][info][gc,marking     ] GC(1291) Concurrent Mark From Roots
[4478.696s][info][gc,task        ] GC(1291) Using 2 workers of 2 for marking
.[4479.736s][info][gc,marking     ] GC(1291) Concurrent Mark From Roots 1040.005ms
[4479.736s][info][gc,marking     ] GC(1291) Concurrent Preclean
[4479.736s][info][gc,marking     ] GC(1291) Concurrent Preclean 0.143ms
[4479.739s][info][gc,start       ] GC(1291) Pause Remark
[4479.745s][info][gc             ] GC(1291) Pause Remark 2634M->2634M(4096M) 5.637ms
[4479.745s][info][gc,cpu         ] GC(1291) User=0.03s Sys=0.00s Real=0.01s
[4479.745s][info][gc,marking     ] GC(1291) Concurrent Mark 1048.855ms
[4479.745s][info][gc,marking     ] GC(1291) Concurrent Rebuild Remembered Sets and Scrub Regions
.[4480.057s][info][gc,marking     ] GC(1291) Concurrent Rebuild Remembered Sets and Scrub Regions 311.712ms
[4480.060s][info][gc,start       ] GC(1291) Pause Cleanup
[4480.060s][info][gc             ] GC(1291) Pause Cleanup 2882M->2882M(4096M) 0.133ms
[4480.060s][info][gc,cpu         ] GC(1291) User=0.00s Sys=0.00s Real=0.00s
[4480.060s][info][gc,marking     ] GC(1291) Concurrent Clear Claimed Marks
[4480.060s][info][gc,marking     ] GC(1291) Concurrent Clear Claimed Marks 0.033ms
[4480.060s][info][gc,marking     ] GC(1291) Concurrent Cleanup for Next Mark
[4480.065s][info][gc,marking     ] GC(1291) Concurrent Cleanup for Next Mark 5.096ms
[4480.065s][info][gc             ] GC(1291) Concurrent Mark Cycle 1581.644ms
[4480.696s][info][gc,start       ] GC(1292) Pause Young (Prepare Mixed) (G1 Evacuation Pause)
[4480.696s][info][gc,task        ] GC(1292) Using 6 workers of 6 for evacuation
[4480.819s][info][gc,phases      ] GC(1292)   Pre Evacuate Collection Set: 0.31ms
[4480.819s][info][gc,phases      ] GC(1292)   Merge Heap Roots: 0.52ms
[4480.819s][info][gc,phases      ] GC(1292)   Evacuate Collection Set: 121.29ms
[4480.819s][info][gc,phases      ] GC(1292)   Post Evacuate Collection Set: 0.94ms
[4480.819s][info][gc,phases      ] GC(1292)   Other: 0.10ms
[4480.819s][info][gc,heap        ] GC(1292) Eden regions: 1116->0(1097)
[4480.819s][info][gc,heap        ] GC(1292) Survivor regions: 112->114(154)
[4480.819s][info][gc,heap        ] GC(1292) Old regions: 508->540
[4480.819s][info][gc,heap        ] GC(1292) Humongous regions: 80->80
[4480.819s][info][gc,metaspace   ] GC(1292) Metaspace: 28963K(29376K)->28963K(29376K) NonClass: 24094K(24256K)->24094K(24256K) Class: 4869K(5120K)->4869K(5120K)
[4480.819s][info][gc             ] GC(1292) Pause Young (Prepare Mixed) (G1 Evacuation Pause) 3630M->1466M(4096M) 123.292ms
[4480.819s][info][gc,cpu         ] GC(1292) User=0.74s Sys=0.00s Real=0.12s
...[4483.047s][info][gc,start       ] GC(1293) Pause Young (Mixed) (G1 Evacuation Pause)
[4483.047s][info][gc,task        ] GC(1293) Using 6 workers of 6 for evacuation
[4483.180s][info][gc,phases      ] GC(1293)   Pre Evacuate Collection Set: 0.38ms
[4483.180s][info][gc,phases      ] GC(1293)   Merge Heap Roots: 0.63ms
[4483.180s][info][gc,phases      ] GC(1293)   Evacuate Collection Set: 130.96ms
[4483.180s][info][gc,phases      ] GC(1293)   Post Evacuate Collection Set: 0.93ms
[4483.180s][info][gc,phases      ] GC(1293)   Other: 0.09ms
[4483.180s][info][gc,heap        ] GC(1293) Eden regions: 1097->0(1118)
[4483.180s][info][gc,heap        ] GC(1293) Survivor regions: 114->110(152)
[4483.180s][info][gc,heap        ] GC(1293) Old regions: 540->475
[4483.180s][info][gc,heap        ] GC(1293) Humongous regions: 80->80
[4483.180s][info][gc,metaspace   ] GC(1293) Metaspace: 28963K(29376K)->28963K(29376K) NonClass: 24094K(24256K)->24094K(24256K) Class: 4869K(5120K)->4869K(5120K)
[4483.180s][info][gc             ] GC(1293) Pause Young (Mixed) (G1 Evacuation Pause) 3660M->1327M(4096M) 133.146ms
[4483.181s][info][gc,cpu         ] GC(1293) User=0.79s Sys=0.00s Real=0.13s
..[4485.432s][info][gc,start       ] GC(1294) Pause Young (Concurrent Start) (G1 Evacuation Pause)
[4485.432s][info][gc,task        ] GC(1294) Using 6 workers of 6 for evacuation
[4485.552s][info][gc,phases      ] GC(1294)   Pre Evacuate Collection Set: 0.39ms
[4485.552s][info][gc,phases      ] GC(1294)   Merge Heap Roots: 0.47ms
[4485.552s][info][gc,phases      ] GC(1294)   Evacuate Collection Set: 117.96ms
[4485.552s][info][gc,phases      ] GC(1294)   Post Evacuate Collection Set: 0.90ms
[4485.552s][info][gc,phases      ] GC(1294)   Other: 0.11ms
[4485.552s][info][gc,heap        ] GC(1294) Eden regions: 1118->0(1116)
[4485.552s][info][gc,heap        ] GC(1294) Survivor regions: 110->112(154)
[4485.552s][info][gc,heap        ] GC(1294) Old regions: 475->507
[4485.552s][info][gc,heap        ] GC(1294) Humongous regions: 80->80
[4485.552s][info][gc,metaspace   ] GC(1294) Metaspace: 28963K(29376K)->28963K(29376K) NonClass: 24094K(24256K)->24094K(24256K) Class: 4869K(5120K)->4869K(5120K)
[4485.552s][info][gc             ] GC(1294) Pause Young (Concurrent Start) (G1 Evacuation Pause) 3563M->1395M(4096M) 119.964ms
[4485.552s][info][gc             ] GC(1295) Concurrent Mark Cycle
[4485.552s][info][gc,marking     ] GC(1295) Concurrent Scan Root Regions
[4485.552s][info][gc,cpu         ] GC(1294) User=0.71s Sys=0.00s Real=0.12s
[4485.744s][info][gc,marking     ] GC(1295) Concurrent Scan Root Regions 191.896ms
[4485.744s][info][gc,marking     ] GC(1295) Concurrent Mark
[4485.744s][info][gc,marking     ] GC(1295) Concurrent Mark From Roots
[4485.744s][info][gc,task        ] GC(1295) Using 2 workers of 2 for marking
.[4486.857s][info][gc,marking     ] GC(1295) Concurrent Mark From Roots 1113.116ms
[4486.857s][info][gc,marking     ] GC(1295) Concurrent Preclean
[4486.857s][info][gc,marking     ] GC(1295) Concurrent Preclean 0.149ms
[4486.858s][info][gc,start       ] GC(1295) Pause Remark
[4486.864s][info][gc             ] GC(1295) Pause Remark 2695M->2695M(4096M) 6.279ms
[4486.864s][info][gc,cpu         ] GC(1295) User=0.03s Sys=0.00s Real=0.01s
[4486.865s][info][gc,marking     ] GC(1295) Concurrent Mark 1120.719ms
[4486.865s][info][gc,marking     ] GC(1295) Concurrent Rebuild Remembered Sets and Scrub Regions
.[4487.174s][info][gc,marking     ] GC(1295) Concurrent Rebuild Remembered Sets and Scrub Regions 309.224ms
[4487.174s][info][gc,start       ] GC(1295) Pause Cleanup
[4487.174s][info][gc             ] GC(1295) Pause Cleanup 2961M->2961M(4096M) 0.118ms
[4487.174s][info][gc,cpu         ] GC(1295) User=0.00s Sys=0.00s Real=0.00s
[4487.175s][info][gc,marking     ] GC(1295) Concurrent Clear Claimed Marks
[4487.175s][info][gc,marking     ] GC(1295) Concurrent Clear Claimed Marks 0.034ms
[4487.175s][info][gc,marking     ] GC(1295) Concurrent Cleanup for Next Mark
[4487.189s][info][gc,marking     ] GC(1295) Concurrent Cleanup for Next Mark 14.002ms
[4487.189s][info][gc             ] GC(1295) Concurrent Mark Cycle 1636.868ms
[4487.798s][info][gc,start       ] GC(1296) Pause Young (Prepare Mixed) (G1 Evacuation Pause)
[4487.798s][info][gc,task        ] GC(1296) Using 6 workers of 6 for evacuation
[4487.922s][info][gc,phases      ] GC(1296)   Pre Evacuate Collection Set: 0.29ms
[4487.922s][info][gc,phases      ] GC(1296)   Merge Heap Roots: 0.60ms
[4487.922s][info][gc,phases      ] GC(1296)   Evacuate Collection Set: 122.80ms
[4487.922s][info][gc,phases      ] GC(1296)   Post Evacuate Collection Set: 0.84ms
[4487.922s][info][gc,phases      ] GC(1296)   Other: 0.09ms
[4487.922s][info][gc,heap        ] GC(1296) Eden regions: 1116->0(1097)
[4487.922s][info][gc,heap        ] GC(1296) Survivor regions: 112->115(154)
[4487.922s][info][gc,heap        ] GC(1296) Old regions: 507->538
[4487.922s][info][gc,heap        ] GC(1296) Humongous regions: 80->80
[4487.922s][info][gc,metaspace   ] GC(1296) Metaspace: 28963K(29376K)->28963K(29376K) NonClass: 24094K(24256K)->24094K(24256K) Class: 4869K(5120K)->4869K(5120K)
[4487.922s][info][gc             ] GC(1296) Pause Young (Prepare Mixed) (G1 Evacuation Pause) 3627M->1464M(4096M) 124.775ms
[4487.922s][info][gc,cpu         ] GC(1296) User=0.74s Sys=0.00s Real=0.13s
...[4490.029s][info][gc,start       ] GC(1297) Pause Young (Mixed) (G1 Evacuation Pause)
[4490.029s][info][gc,task        ] GC(1297) Using 6 workers of 6 for evacuation
[4490.166s][info][gc,phases      ] GC(1297)   Pre Evacuate Collection Set: 0.36ms
[4490.166s][info][gc,phases      ] GC(1297)   Merge Heap Roots: 0.82ms
[4490.166s][info][gc,phases      ] GC(1297)   Evacuate Collection Set: 134.69ms
[4490.166s][info][gc,phases      ] GC(1297)   Post Evacuate Collection Set: 0.98ms
[4490.166s][info][gc,phases      ] GC(1297)   Other: 0.08ms
[4490.166s][info][gc,heap        ] GC(1297) Eden regions: 1097->0(1118)
[4490.166s][info][gc,heap        ] GC(1297) Survivor regions: 115->110(152)
[4490.166s][info][gc,heap        ] GC(1297) Old regions: 538->475
[4490.166s][info][gc,heap        ] GC(1297) Humongous regions: 80->80
[4490.166s][info][gc,metaspace   ] GC(1297) Metaspace: 28963K(29376K)->28963K(29376K) NonClass: 24094K(24256K)->24094K(24256K) Class: 4869K(5120K)->4869K(5120K)
[4490.166s][info][gc             ] GC(1297) Pause Young (Mixed) (G1 Evacuation Pause) 3658M->1327M(4096M) 137.057ms
[4490.166s][info][gc,cpu         ] GC(1297) User=0.82s Sys=0.00s Real=0.14s
..[4492.329s][info][gc,start       ] GC(1298) Pause Young (Concurrent Start) (G1 Evacuation Pause)
[4492.329s][info][gc,task        ] GC(1298) Using 6 workers of 6 for evacuation
[4492.447s][info][gc,phases      ] GC(1298)   Pre Evacuate Collection Set: 0.38ms
[4492.447s][info][gc,phases      ] GC(1298)   Merge Heap Roots: 0.47ms
[4492.447s][info][gc,phases      ] GC(1298)   Evacuate Collection Set: 115.96ms
[4492.447s][info][gc,phases      ] GC(1298)   Post Evacuate Collection Set: 0.88ms
[4492.447s][info][gc,phases      ] GC(1298)   Other: 0.10ms
[4492.447s][info][gc,heap        ] GC(1298) Eden regions: 1118->0(1118)
[4492.447s][info][gc,heap        ] GC(1298) Survivor regions: 110->110(154)
[4492.447s][info][gc,heap        ] GC(1298) Old regions: 475->506
[4492.447s][info][gc,heap        ] GC(1298) Humongous regions: 80->80
[4492.447s][info][gc,metaspace   ] GC(1298) Metaspace: 28963K(29376K)->28963K(29376K) NonClass: 24094K(24256K)->24094K(24256K) Class: 4869K(5120K)->4869K(5120K)
[4492.447s][info][gc             ] GC(1298) Pause Young (Concurrent Start) (G1 Evacuation Pause) 3563M->1391M(4096M) 117.938ms
[4492.447s][info][gc             ] GC(1299) Concurrent Mark Cycle
[4492.447s][info][gc,marking     ] GC(1299) Concurrent Scan Root Regions
[4492.447s][info][gc,cpu         ] GC(1298) User=0.70s Sys=0.00s Real=0.12s
[4492.587s][info][gc,marking     ] GC(1299) Concurrent Scan Root Regions 140.661ms
[4492.587s][info][gc,marking     ] GC(1299) Concurrent Mark
[4492.587s][info][gc,marking     ] GC(1299) Concurrent Mark From Roots
[4492.587s][info][gc,task        ] GC(1299) Using 2 workers of 2 for marking
.[4493.352s][info][gc,marking     ] GC(1299) Concurrent Mark From Roots 764.836ms
[4493.352s][info][gc,marking     ] GC(1299) Concurrent Preclean
[4493.352s][info][gc,marking     ] GC(1299) Concurrent Preclean 0.102ms
[4493.353s][info][gc,start       ] GC(1299) Pause Remark
[4493.357s][info][gc             ] GC(1299) Pause Remark 2225M->2225M(4096M) 3.427ms
[4493.357s][info][gc,cpu         ] GC(1299) User=0.02s Sys=0.00s Real=0.00s
[4493.357s][info][gc,marking     ] GC(1299) Concurrent Mark 769.616ms
[4493.357s][info][gc,marking     ] GC(1299) Concurrent Rebuild Remembered Sets and Scrub Regions
[4493.814s][info][gc,marking     ] GC(1299) Concurrent Rebuild Remembered Sets and Scrub Regions 456.991ms
[4493.816s][info][gc,start       ] GC(1299) Pause Cleanup
[4493.816s][info][gc             ] GC(1299) Pause Cleanup 2751M->2751M(4096M) 0.139ms
[4493.816s][info][gc,cpu         ] GC(1299) User=0.00s Sys=0.00s Real=0.00s
[4493.816s][info][gc,marking     ] GC(1299) Concurrent Clear Claimed Marks
[4493.816s][info][gc,marking     ] GC(1299) Concurrent Clear Claimed Marks 0.030ms
[4493.816s][info][gc,marking     ] GC(1299) Concurrent Cleanup for Next Mark
[4493.831s][info][gc,marking     ] GC(1299) Concurrent Cleanup for Next Mark 14.974ms
[4493.831s][info][gc             ] GC(1299) Concurrent Mark Cycle 1384.282ms
.[4494.729s][info][gc,start       ] GC(1300) Pause Young (Prepare Mixed) (G1 Evacuation Pause)
[4494.729s][info][gc,task        ] GC(1300) Using 6 workers of 6 for evacuation
[4494.849s][info][gc,phases      ] GC(1300)   Pre Evacuate Collection Set: 0.33ms
[4494.850s][info][gc,phases      ] GC(1300)   Merge Heap Roots: 0.54ms
[4494.850s][info][gc,phases      ] GC(1300)   Evacuate Collection Set: 118.12ms
[4494.850s][info][gc,phases      ] GC(1300)   Post Evacuate Collection Set: 0.94ms
[4494.850s][info][gc,phases      ] GC(1300)   Other: 0.09ms
[4494.850s][info][gc,heap        ] GC(1300) Eden regions: 1118->0(1101)
[4494.850s][info][gc,heap        ] GC(1300) Survivor regions: 110->113(154)
[4494.850s][info][gc,heap        ] GC(1300) Old regions: 506->538
[4494.850s][info][gc,heap        ] GC(1300) Humongous regions: 80->80
[4494.850s][info][gc,metaspace   ] GC(1300) Metaspace: 28963K(29376K)->28963K(29376K) NonClass: 24094K(24256K)->24094K(24256K) Class: 4869K(5120K)->4869K(5120K)
[4494.850s][info][gc             ] GC(1300) Pause Young (Prepare Mixed) (G1 Evacuation Pause) 3627M->1459M(4096M) 120.156ms
[4494.850s][info][gc,cpu         ] GC(1300) User=0.71s Sys=0.00s Real=0.12s
..[4497.065s][info][gc,start       ] GC(1301) Pause Young (Mixed) (G1 Evacuation Pause)
[4497.065s][info][gc,task        ] GC(1301) Using 6 workers of 6 for evacuation
[4497.205s][info][gc,phases      ] GC(1301)   Pre Evacuate Collection Set: 0.35ms
[4497.205s][info][gc,phases      ] GC(1301)   Merge Heap Roots: 0.68ms
[4497.205s][info][gc,phases      ] GC(1301)   Evacuate Collection Set: 137.62ms
[4497.205s][info][gc,phases      ] GC(1301)   Post Evacuate Collection Set: 0.95ms
[4497.205s][info][gc,phases      ] GC(1301)   Other: 0.09ms
[4497.205s][info][gc,heap        ] GC(1301) Eden regions: 1101->0(1114)
[4497.205s][info][gc,heap        ] GC(1301) Survivor regions: 113->114(152)
[4497.205s][info][gc,heap        ] GC(1301) Old regions: 538->475
[4497.205s][info][gc,heap        ] GC(1301) Humongous regions: 80->80
[4497.205s][info][gc,metaspace   ] GC(1301) Metaspace: 28963K(29376K)->28963K(29376K) NonClass: 24094K(24256K)->24094K(24256K) Class: 4869K(5120K)->4869K(5120K)
[4497.205s][info][gc             ] GC(1301) Pause Young (Mixed) (G1 Evacuation Pause) 3661M->1336M(4096M) 139.838ms
[4497.205s][info][gc,cpu         ] GC(1301) User=0.83s Sys=0.00s Real=0.14s
...[4499.413s][info][gc,start       ] GC(1302) Pause Young (Concurrent Start) (G1 Evacuation Pause)
[4499.413s][info][gc,task        ] GC(1302) Using 6 workers of 6 for evacuation
[4499.540s][info][gc,phases      ] GC(1302)   Pre Evacuate Collection Set: 0.42ms
[4499.540s][info][gc,phases      ] GC(1302)   Merge Heap Roots: 0.60ms
[4499.540s][info][gc,phases      ] GC(1302)   Evacuate Collection Set: 124.80ms
[4499.540s][info][gc,phases      ] GC(1302)   Post Evacuate Collection Set: 0.89ms
[4499.540s][info][gc,phases      ] GC(1302)   Other: 0.10ms
[4499.540s][info][gc,heap        ] GC(1302) Eden regions: 1114->0(1117)
[4499.540s][info][gc,heap        ] GC(1302) Survivor regions: 114->111(154)
[4499.540s][info][gc,heap        ] GC(1302) Old regions: 475->507
[4499.540s][info][gc,heap        ] GC(1302) Humongous regions: 80->80
[4499.540s][info][gc,metaspace   ] GC(1302) Metaspace: 28963K(29376K)->28963K(29376K) NonClass: 24094K(24256K)->24094K(24256K) Class: 4869K(5120K)->4869K(5120K)
[4499.540s][info][gc             ] GC(1302) Pause Young (Concurrent Start) (G1 Evacuation Pause) 3564M->1394M(4096M) 126.930ms
[4499.540s][info][gc             ] GC(1303) Concurrent Mark Cycle
[4499.540s][info][gc,marking     ] GC(1303) Concurrent Scan Root Regions
[4499.540s][info][gc,cpu         ] GC(1302) User=0.76s Sys=0.00s Real=0.12s
[4499.728s][info][gc,marking     ] GC(1303) Concurrent Scan Root Regions 187.973ms
[4499.728s][info][gc,marking     ] GC(1303) Concurrent Mark
[4499.728s][info][gc,marking     ] GC(1303) Concurrent Mark From Roots
[4499.728s][info][gc,task        ] GC(1303) Using 2 workers of 2 for marking
.[4500.691s][info][gc,marking     ] GC(1303) Concurrent Mark From Roots 963.027ms
[4500.691s][info][gc,marking     ] GC(1303) Concurrent Preclean
[4500.691s][info][gc,marking     ] GC(1303) Concurrent Preclean 0.134ms
[4500.692s][info][gc,start       ] GC(1303) Pause Remark
[4500.700s][info][gc             ] GC(1303) Pause Remark 2492M->2492M(4096M) 7.969ms
[4500.700s][info][gc,cpu         ] GC(1303) User=0.05s Sys=0.00s Real=0.01s
[4500.701s][info][gc,marking     ] GC(1303) Concurrent Mark 973.105ms
[4500.701s][info][gc,marking     ] GC(1303) Concurrent Rebuild Remembered Sets and Scrub Regions
[4501.045s][info][gc,marking     ] GC(1303) Concurrent Rebuild Remembered Sets and Scrub Regions 343.840ms
[4501.046s][info][gc,start       ] GC(1303) Pause Cleanup
[4501.046s][info][gc             ] GC(1303) Pause Cleanup 2794M->2794M(4096M) 0.126ms
[4501.046s][info][gc,cpu         ] GC(1303) User=0.00s Sys=0.00s Real=0.00s
[4501.046s][info][gc,marking     ] GC(1303) Concurrent Clear Claimed Marks
[4501.046s][info][gc,marking     ] GC(1303) Concurrent Clear Claimed Marks 0.038ms
[4501.046s][info][gc,marking     ] GC(1303) Concurrent Cleanup for Next Mark
[4501.052s][info][gc,marking     ] GC(1303) Concurrent Cleanup for Next Mark 5.544ms
[4501.052s][info][gc             ] GC(1303) Concurrent Mark Cycle 1512.052ms
.[4501.838s][info][gc,start       ] GC(1304) Pause Young (Prepare Mixed) (G1 Evacuation Pause)
[4501.838s][info][gc,task        ] GC(1304) Using 6 workers of 6 for evacuation
[4501.959s][info][gc,phases      ] GC(1304)   Pre Evacuate Collection Set: 0.35ms
[4501.959s][info][gc,phases      ] GC(1304)   Merge Heap Roots: 0.60ms
[4501.959s][info][gc,phases      ] GC(1304)   Evacuate Collection Set: 119.57ms
[4501.959s][info][gc,phases      ] GC(1304)   Post Evacuate Collection Set: 0.93ms
[4501.959s][info][gc,phases      ] GC(1304)   Other: 0.09ms
[4501.959s][info][gc,heap        ] GC(1304) Eden regions: 1117->0(1098)
[4501.959s][info][gc,heap        ] GC(1304) Survivor regions: 111->114(154)
[4501.959s][info][gc,heap        ] GC(1304) Old regions: 507->539
[4501.959s][info][gc,heap        ] GC(1304) Humongous regions: 80->80
[4501.959s][info][gc,metaspace   ] GC(1304) Metaspace: 28963K(29376K)->28963K(29376K) NonClass: 24094K(24256K)->24094K(24256K) Class: 4869K(5120K)->4869K(5120K)
[4501.959s][info][gc             ] GC(1304) Pause Young (Prepare Mixed) (G1 Evacuation Pause) 3628M->1465M(4096M) 121.701ms
[4501.960s][info][gc,cpu         ] GC(1304) User=0.72s Sys=0.01s Real=0.12s
..[4504.192s][info][gc,start       ] GC(1305) Pause Young (Mixed) (G1 Evacuation Pause)
[4504.192s][info][gc,task        ] GC(1305) Using 6 workers of 6 for evacuation
[4504.332s][info][gc,phases      ] GC(1305)   Pre Evacuate Collection Set: 0.35ms
[4504.332s][info][gc,phases      ] GC(1305)   Merge Heap Roots: 0.78ms
[4504.332s][info][gc,phases      ] GC(1305)   Evacuate Collection Set: 137.96ms
[4504.332s][info][gc,phases      ] GC(1305)   Post Evacuate Collection Set: 0.94ms
[4504.332s][info][gc,phases      ] GC(1305)   Other: 0.09ms
[4504.332s][info][gc,heap        ] GC(1305) Eden regions: 1098->0(1117)
[4504.332s][info][gc,heap        ] GC(1305) Survivor regions: 114->111(152)
[4504.332s][info][gc,heap        ] GC(1305) Old regions: 539->477
[4504.332s][info][gc,heap        ] GC(1305) Humongous regions: 80->80
[4504.332s][info][gc,metaspace   ] GC(1305) Metaspace: 28963K(29376K)->28963K(29376K) NonClass: 24094K(24256K)->24094K(24256K) Class: 4869K(5120K)->4869K(5120K)
[4504.332s][info][gc             ] GC(1305) Pause Young (Mixed) (G1 Evacuation Pause) 3661M->1335M(4096M) 140.257ms
[4504.332s][info][gc,cpu         ] GC(1305) User=0.84s Sys=0.00s Real=0.14s
... (rIR:aIR:PR = 8025:8041:8042) (tPR = 118658) [OK] 
  4506s: Performance info:
         Transaction,    Success,    Partial,     Failed,   Receipts, AvgBarcode, 
             Overall,     485598,          0,          0,     461313,      59.47, 
         Response times:
             Request,    Success,    Partial,     Failed,   SkipFail,     Probes,    Samples,      min,      p50,      p90,      p95,      p99,      max, 
       TotalPurchase,     461284,          0,          0,          0,     354701,     462666,      200,     6900,   101000,   146000,   237000,   630000,
     InStorePurchase,     243775,          0,          0,          0,     187008,     244094,      200,     7000,   101000,   146000,   238000,   585000,
      OnlinePurchase,     169188,          0,          0,          0,     130484,     170014,      300,     7100,   102000,   147000,   242000,   630000,
        InstPurchase,      48321,          0,          0,          0,      37209,      48558,      300,     6200,    98000,   145000,   223000,   556000,
          AssocOfCat,        486,          0,          0,          0,        417,        632,    28000,    48000,   181000,   213000,   313000,   385000,
      AssocOfProduct,       4870,          0,          0,          0,       3351,       4578,      600,     7000,    96000,   136000,   235420,   353000,
      BusinessReport,       1207,          0,          0,          0,       1060,       1516,    28000,    51000,   159300,   199150,   271320,   388000,
          CustBuyBeh,       4836,          0,          0,          0,       3380,       4657,      700,     6900,   108000,   153000,   250000,   564000,
       ProductReturn,      12886,          0,          0,          0,       9759,      13291,      200,     5600,    95000,   144000,   212000,   343000,

  4506s: (59%)   IR =   8164 [4506.564s][info][gc,start       ] GC(1306) Pause Young (Concurrent Start) (G1 Evacuation Pause)
[4506.564s][info][gc,task        ] GC(1306) Using 6 workers of 6 for evacuation
[4506.685s][info][gc,phases      ] GC(1306)   Pre Evacuate Collection Set: 0.37ms
[4506.685s][info][gc,phases      ] GC(1306)   Merge Heap Roots: 0.48ms
[4506.685s][info][gc,phases      ] GC(1306)   Evacuate Collection Set: 119.20ms
[4506.685s][info][gc,phases      ] GC(1306)   Post Evacuate Collection Set: 0.93ms
[4506.685s][info][gc,phases      ] GC(1306)   Other: 0.10ms
[4506.685s][info][gc,heap        ] GC(1306) Eden regions: 1117->0(1117)
[4506.685s][info][gc,heap        ] GC(1306) Survivor regions: 111->111(154)
[4506.685s][info][gc,heap        ] GC(1306) Old regions: 477->510
[4506.685s][info][gc,heap        ] GC(1306) Humongous regions: 80->80
[4506.685s][info][gc,metaspace   ] GC(1306) Metaspace: 28964K(29376K)->28964K(29376K) NonClass: 24095K(24256K)->24095K(24256K) Class: 4869K(5120K)->4869K(5120K)
[4506.685s][info][gc             ] GC(1306) Pause Young (Concurrent Start) (G1 Evacuation Pause) 3569M->1400M(4096M) 121.211ms
[4506.686s][info][gc             ] GC(1307) Concurrent Mark Cycle
[4506.686s][info][gc,marking     ] GC(1307) Concurrent Scan Root Regions
[4506.686s][info][gc,cpu         ] GC(1306) User=0.72s Sys=0.01s Real=0.12s
[4506.872s][info][gc,marking     ] GC(1307) Concurrent Scan Root Regions 186.796ms
[4506.872s][info][gc,marking     ] GC(1307) Concurrent Mark
[4506.872s][info][gc,marking     ] GC(1307) Concurrent Mark From Roots
[4506.872s][info][gc,task        ] GC(1307) Using 2 workers of 2 for marking
.[4507.874s][info][gc,marking     ] GC(1307) Concurrent Mark From Roots 1001.399ms
[4507.874s][info][gc,marking     ] GC(1307) Concurrent Preclean
[4507.874s][info][gc,marking     ] GC(1307) Concurrent Preclean 0.135ms
[4507.875s][info][gc,start       ] GC(1307) Pause Remark
[4507.881s][info][gc             ] GC(1307) Pause Remark 2552M->2552M(4096M) 5.875ms
[4507.881s][info][gc,cpu         ] GC(1307) User=0.03s Sys=0.00s Real=0.00s
[4507.881s][info][gc,marking     ] GC(1307) Concurrent Mark 1008.427ms
[4507.881s][info][gc,marking     ] GC(1307) Concurrent Rebuild Remembered Sets and Scrub Regions
[4508.302s][info][gc,marking     ] GC(1307) Concurrent Rebuild Remembered Sets and Scrub Regions 421.264ms
[4508.302s][info][gc,start       ] GC(1307) Pause Cleanup
[4508.302s][info][gc             ] GC(1307) Pause Cleanup 2952M->2952M(4096M) 0.117ms
[4508.302s][info][gc,cpu         ] GC(1307) User=0.00s Sys=0.00s Real=0.00s
[4508.302s][info][gc,marking     ] GC(1307) Concurrent Clear Claimed Marks
[4508.302s][info][gc,marking     ] GC(1307) Concurrent Clear Claimed Marks 0.028ms
[4508.302s][info][gc,marking     ] GC(1307) Concurrent Cleanup for Next Mark
[4508.307s][info][gc,marking     ] GC(1307) Concurrent Cleanup for Next Mark 4.710ms
[4508.307s][info][gc             ] GC(1307) Concurrent Mark Cycle 1621.732ms
.[4508.938s][info][gc,start       ] GC(1308) Pause Young (Prepare Mixed) (G1 Evacuation Pause)
[4508.938s][info][gc,task        ] GC(1308) Using 6 workers of 6 for evacuation
[4509.055s][info][gc,phases      ] GC(1308)   Pre Evacuate Collection Set: 0.31ms
[4509.055s][info][gc,phases      ] GC(1308)   Merge Heap Roots: 0.52ms
[4509.055s][info][gc,phases      ] GC(1308)   Evacuate Collection Set: 115.01ms
[4509.055s][info][gc,phases      ] GC(1308)   Post Evacuate Collection Set: 0.94ms
[4509.055s][info][gc,phases      ] GC(1308)   Other: 0.09ms
[4509.055s][info][gc,heap        ] GC(1308) Eden regions: 1117->0(1104)
[4509.055s][info][gc,heap        ] GC(1308) Survivor regions: 111->109(154)
[4509.055s][info][gc,heap        ] GC(1308) Old regions: 510->543
[4509.055s][info][gc,heap        ] GC(1308) Humongous regions: 80->80
[4509.055s][info][gc,metaspace   ] GC(1308) Metaspace: 28964K(29376K)->28964K(29376K) NonClass: 24095K(24256K)->24095K(24256K) Class: 4869K(5120K)->4869K(5120K)
[4509.055s][info][gc             ] GC(1308) Pause Young (Prepare Mixed) (G1 Evacuation Pause) 3634M->1461M(4096M) 117.026ms
[4509.055s][info][gc,cpu         ] GC(1308) User=0.70s Sys=0.00s Real=0.12s
..[4511.227s][info][gc,start       ] GC(1309) Pause Young (Mixed) (G1 Evacuation Pause)
[4511.227s][info][gc,task        ] GC(1309) Using 6 workers of 6 for evacuation
[4511.363s][info][gc,phases      ] GC(1309)   Pre Evacuate Collection Set: 0.35ms
[4511.363s][info][gc,phases      ] GC(1309)   Merge Heap Roots: 0.68ms
[4511.363s][info][gc,phases      ] GC(1309)   Evacuate Collection Set: 134.01ms
[4511.363s][info][gc,phases      ] GC(1309)   Post Evacuate Collection Set: 0.96ms
[4511.363s][info][gc,phases      ] GC(1309)   Other: 0.09ms
[4511.363s][info][gc,heap        ] GC(1309) Eden regions: 1104->0(1116)
[4511.363s][info][gc,heap        ] GC(1309) Survivor regions: 109->112(152)
[4511.363s][info][gc,heap        ] GC(1309) Old regions: 543->478
[4511.363s][info][gc,heap        ] GC(1309) Humongous regions: 80->80
[4511.363s][info][gc,metaspace   ] GC(1309) Metaspace: 28964K(29376K)->28964K(29376K) NonClass: 24095K(24256K)->24095K(24256K) Class: 4869K(5120K)->4869K(5120K)
[4511.363s][info][gc             ] GC(1309) Pause Young (Mixed) (G1 Evacuation Pause) 3669M->1339M(4096M) 136.234ms
[4511.363s][info][gc,cpu         ] GC(1309) User=0.81s Sys=0.00s Real=0.14s
..[4513.515s][info][gc,start       ] GC(1310) Pause Young (Concurrent Start) (G1 Evacuation Pause)
[4513.515s][info][gc,task        ] GC(1310) Using 6 workers of 6 for evacuation
[4513.634s][info][gc,phases      ] GC(1310)   Pre Evacuate Collection Set: 0.33ms
[4513.635s][info][gc,phases      ] GC(1310)   Merge Heap Roots: 0.48ms
[4513.635s][info][gc,phases      ] GC(1310)   Evacuate Collection Set: 117.80ms
[4513.635s][info][gc,phases      ] GC(1310)   Post Evacuate Collection Set: 0.87ms
[4513.635s][info][gc,phases      ] GC(1310)   Other: 0.11ms
[4513.635s][info][gc,heap        ] GC(1310) Eden regions: 1116->0(1115)
[4513.635s][info][gc,heap        ] GC(1310) Survivor regions: 112->113(154)
[4513.635s][info][gc,heap        ] GC(1310) Old regions: 478->511
[4513.635s][info][gc,heap        ] GC(1310) Humongous regions: 80->80
[4513.635s][info][gc,metaspace   ] GC(1310) Metaspace: 28964K(29376K)->28964K(29376K) NonClass: 24095K(24256K)->24095K(24256K) Class: 4869K(5120K)->4869K(5120K)
[4513.635s][info][gc             ] GC(1310) Pause Young (Concurrent Start) (G1 Evacuation Pause) 3571M->1406M(4096M) 119.736ms
[4513.635s][info][gc             ] GC(1311) Concurrent Mark Cycle
[4513.635s][info][gc,marking     ] GC(1311) Concurrent Scan Root Regions
[4513.635s][info][gc,cpu         ] GC(1310) User=0.71s Sys=0.00s Real=0.12s
.[4513.865s][info][gc,marking     ] GC(1311) Concurrent Scan Root Regions 230.160ms
[4513.865s][info][gc,marking     ] GC(1311) Concurrent Mark
[4513.865s][info][gc,marking     ] GC(1311) Concurrent Mark From Roots
[4513.865s][info][gc,task        ] GC(1311) Using 2 workers of 2 for marking
.[4514.825s][info][gc,marking     ] GC(1311) Concurrent Mark From Roots 960.283ms
[4514.825s][info][gc,marking     ] GC(1311) Concurrent Preclean
[4514.825s][info][gc,marking     ] GC(1311) Concurrent Preclean 0.139ms
[4514.827s][info][gc,start       ] GC(1311) Pause Remark
[4514.833s][info][gc             ] GC(1311) Pause Remark 2584M->2584M(4096M) 6.085ms
[4514.833s][info][gc,cpu         ] GC(1311) User=0.03s Sys=0.00s Real=0.01s
[4514.835s][info][gc,marking     ] GC(1311) Concurrent Mark 969.704ms
[4514.835s][info][gc,marking     ] GC(1311) Concurrent Rebuild Remembered Sets and Scrub Regions
[4515.176s][info][gc,marking     ] GC(1311) Concurrent Rebuild Remembered Sets and Scrub Regions 341.568ms
[4515.179s][info][gc,start       ] GC(1311) Pause Cleanup
[4515.179s][info][gc             ] GC(1311) Pause Cleanup 2926M->2926M(4096M) 0.132ms
[4515.179s][info][gc,cpu         ] GC(1311) User=0.00s Sys=0.00s Real=0.00s
[4515.179s][info][gc,marking     ] GC(1311) Concurrent Clear Claimed Marks
[4515.179s][info][gc,marking     ] GC(1311) Concurrent Clear Claimed Marks 0.031ms
[4515.179s][info][gc,marking     ] GC(1311) Concurrent Cleanup for Next Mark
[4515.190s][info][gc,marking     ] GC(1311) Concurrent Cleanup for Next Mark 11.133ms
[4515.190s][info][gc             ] GC(1311) Concurrent Mark Cycle 1555.596ms
.[4515.793s][info][gc,start       ] GC(1312) Pause Young (Prepare Mixed) (G1 Evacuation Pause)
[4515.793s][info][gc,task        ] GC(1312) Using 6 workers of 6 for evacuation
[4515.911s][info][gc,phases      ] GC(1312)   Pre Evacuate Collection Set: 0.36ms
[4515.912s][info][gc,phases      ] GC(1312)   Merge Heap Roots: 0.54ms
[4515.912s][info][gc,phases      ] GC(1312)   Evacuate Collection Set: 116.13ms
[4515.912s][info][gc,phases      ] GC(1312)   Post Evacuate Collection Set: 0.93ms
[4515.912s][info][gc,phases      ] GC(1312)   Other: 0.09ms
[4515.912s][info][gc,heap        ] GC(1312) Eden regions: 1115->0(1100)
[4515.912s][info][gc,heap        ] GC(1312) Survivor regions: 113->111(154)
[4515.912s][info][gc,heap        ] GC(1312) Old regions: 511->543
[4515.912s][info][gc,heap        ] GC(1312) Humongous regions: 80->80
[4515.912s][info][gc,metaspace   ] GC(1312) Metaspace: 28964K(29376K)->28964K(29376K) NonClass: 24095K(24256K)->24095K(24256K) Class: 4869K(5120K)->4869K(5120K)
[4515.912s][info][gc             ] GC(1312) Pause Young (Prepare Mixed) (G1 Evacuation Pause) 3636M->1466M(4096M) 118.178ms
[4515.912s][info][gc,cpu         ] GC(1312) User=0.71s Sys=0.00s Real=0.11s
..[4518.066s][info][gc,start       ] GC(1313) Pause Young (Mixed) (G1 Evacuation Pause)
[4518.066s][info][gc,task        ] GC(1313) Using 6 workers of 6 for evacuation
[4518.195s][info][gc,phases      ] GC(1313)   Pre Evacuate Collection Set: 0.38ms
[4518.195s][info][gc,phases      ] GC(1313)   Merge Heap Roots: 0.68ms
[4518.195s][info][gc,phases      ] GC(1313)   Evacuate Collection Set: 126.57ms
[4518.195s][info][gc,phases      ] GC(1313)   Post Evacuate Collection Set: 0.94ms
[4518.195s][info][gc,phases      ] GC(1313)   Other: 0.09ms
[4518.195s][info][gc,heap        ] GC(1313) Eden regions: 1100->0(1122)
[4518.195s][info][gc,heap        ] GC(1313) Survivor regions: 111->106(152)
[4518.195s][info][gc,heap        ] GC(1313) Old regions: 543->476
[4518.195s][info][gc,heap        ] GC(1313) Humongous regions: 80->80
[4518.195s][info][gc,metaspace   ] GC(1313) Metaspace: 28964K(29376K)->28964K(29376K) NonClass: 24095K(24256K)->24095K(24256K) Class: 4869K(5120K)->4869K(5120K)
[4518.195s][info][gc             ] GC(1313) Pause Young (Mixed) (G1 Evacuation Pause) 3666M->1322M(4096M) 128.788ms
[4518.195s][info][gc,cpu         ] GC(1313) User=0.77s Sys=0.00s Real=0.13s
..[4520.443s][info][gc,start       ] GC(1314) Pause Young (Concurrent Start) (G1 Evacuation Pause)
[4520.443s][info][gc,task        ] GC(1314) Using 6 workers of 6 for evacuation
[4520.560s][info][gc,phases      ] GC(1314)   Pre Evacuate Collection Set: 0.38ms
[4520.560s][info][gc,phases      ] GC(1314)   Merge Heap Roots: 0.47ms
[4520.560s][info][gc,phases      ] GC(1314)   Evacuate Collection Set: 115.47ms
[4520.560s][info][gc,phases      ] GC(1314)   Post Evacuate Collection Set: 0.88ms
[4520.560s][info][gc,phases      ] GC(1314)   Other: 0.12ms
[4520.560s][info][gc,heap        ] GC(1314) Eden regions: 1122->0(1118)
[4520.560s][info][gc,heap        ] GC(1314) Survivor regions: 106->110(154)
[4520.560s][info][gc,heap        ] GC(1314) Old regions: 476->507
[4520.560s][info][gc,heap        ] GC(1314) Humongous regions: 80->80
[4520.560s][info][gc,metaspace   ] GC(1314) Metaspace: 28964K(29376K)->28964K(29376K) NonClass: 24095K(24256K)->24095K(24256K) Class: 4869K(5120K)->4869K(5120K)
[4520.560s][info][gc             ] GC(1314) Pause Young (Concurrent Start) (G1 Evacuation Pause) 3566M->1392M(4096M) 117.446ms
[4520.560s][info][gc             ] GC(1315) Concurrent Mark Cycle
[4520.560s][info][gc,marking     ] GC(1315) Concurrent Scan Root Regions
[4520.560s][info][gc,cpu         ] GC(1314) User=0.69s Sys=0.00s Real=0.11s
[4520.740s][info][gc,marking     ] GC(1315) Concurrent Scan Root Regions 179.684ms
[4520.740s][info][gc,marking     ] GC(1315) Concurrent Mark
[4520.740s][info][gc,marking     ] GC(1315) Concurrent Mark From Roots
[4520.740s][info][gc,task        ] GC(1315) Using 2 workers of 2 for marking
.[4521.712s][info][gc,marking     ] GC(1315) Concurrent Mark From Roots 972.032ms
[4521.712s][info][gc,marking     ] GC(1315) Concurrent Preclean
[4521.712s][info][gc,marking     ] GC(1315) Concurrent Preclean 0.136ms
[4521.713s][info][gc,start       ] GC(1315) Pause Remark
[4521.718s][info][gc             ] GC(1315) Pause Remark 2518M->2518M(4096M) 4.955ms
[4521.718s][info][gc,cpu         ] GC(1315) User=0.02s Sys=0.00s Real=0.00s
[4521.719s][info][gc,marking     ] GC(1315) Concurrent Mark 978.886ms
[4521.719s][info][gc,marking     ] GC(1315) Concurrent Rebuild Remembered Sets and Scrub Regions
.|[4522.205s][info][gc,marking     ] GC(1315) Concurrent Rebuild Remembered Sets and Scrub Regions 485.898ms
[4522.205s][info][gc,start       ] GC(1315) Pause Cleanup
[4522.205s][info][gc             ] GC(1315) Pause Cleanup 2982M->2982M(4096M) 0.118ms
[4522.205s][info][gc,cpu         ] GC(1315) User=0.00s Sys=0.00s Real=0.00s
[4522.207s][info][gc,marking     ] GC(1315) Concurrent Clear Claimed Marks
[4522.207s][info][gc,marking     ] GC(1315) Concurrent Clear Claimed Marks 0.057ms
[4522.207s][info][gc,marking     ] GC(1315) Concurrent Cleanup for Next Mark
[4522.218s][info][gc,marking     ] GC(1315) Concurrent Cleanup for Next Mark 10.393ms
[4522.218s][info][gc             ] GC(1315) Concurrent Mark Cycle 1657.827ms
[4522.780s][info][gc,start       ] GC(1316) Pause Young (Prepare Mixed) (G1 Evacuation Pause)
[4522.780s][info][gc,task        ] GC(1316) Using 6 workers of 6 for evacuation
[4522.900s][info][gc,phases      ] GC(1316)   Pre Evacuate Collection Set: 0.35ms
[4522.900s][info][gc,phases      ] GC(1316)   Merge Heap Roots: 0.54ms
[4522.900s][info][gc,phases      ] GC(1316)   Evacuate Collection Set: 117.37ms
[4522.900s][info][gc,phases      ] GC(1316)   Post Evacuate Collection Set: 0.92ms
[4522.900s][info][gc,phases      ] GC(1316)   Other: 0.09ms
[4522.900s][info][gc,heap        ] GC(1316) Eden regions: 1118->0(1103)
[4522.900s][info][gc,heap        ] GC(1316) Survivor regions: 110->112(154)
[4522.900s][info][gc,heap        ] GC(1316) Old regions: 507->538
[4522.900s][info][gc,heap        ] GC(1316) Humongous regions: 80->80
[4522.900s][info][gc,metaspace   ] GC(1316) Metaspace: 28964K(29376K)->28964K(29376K) NonClass: 24095K(24256K)->24095K(24256K) Class: 4869K(5120K)->4869K(5120K)
[4522.900s][info][gc             ] GC(1316) Pause Young (Prepare Mixed) (G1 Evacuation Pause) 3628M->1458M(4096M) 119.397ms
[4522.900s][info][gc,cpu         ] GC(1316) User=0.71s Sys=0.00s Real=0.12s
...[4525.052s][info][gc,start       ] GC(1317) Pause Young (Mixed) (G1 Evacuation Pause)
[4525.052s][info][gc,task        ] GC(1317) Using 6 workers of 6 for evacuation
[4525.191s][info][gc,phases      ] GC(1317)   Pre Evacuate Collection Set: 0.37ms
[4525.191s][info][gc,phases      ] GC(1317)   Merge Heap Roots: 0.73ms
[4525.191s][info][gc,phases      ] GC(1317)   Evacuate Collection Set: 136.77ms
[4525.191s][info][gc,phases      ] GC(1317)   Post Evacuate Collection Set: 1.00ms
[4525.191s][info][gc,phases      ] GC(1317)   Other: 0.09ms
[4525.191s][info][gc,heap        ] GC(1317) Eden regions: 1103->0(1116)
[4525.191s][info][gc,heap        ] GC(1317) Survivor regions: 112->112(152)
[4525.191s][info][gc,heap        ] GC(1317) Old regions: 538->474
[4525.191s][info][gc,heap        ] GC(1317) Humongous regions: 80->80
[4525.191s][info][gc,metaspace   ] GC(1317) Metaspace: 28964K(29376K)->28964K(29376K) NonClass: 24095K(24256K)->24095K(24256K) Class: 4869K(5120K)->4869K(5120K)
[4525.191s][info][gc             ] GC(1317) Pause Young (Mixed) (G1 Evacuation Pause) 3664M->1329M(4096M) 139.111ms
[4525.192s][info][gc,cpu         ] GC(1317) User=0.82s Sys=0.00s Real=0.14s
..[4527.406s][info][gc,start       ] GC(1318) Pause Young (Concurrent Start) (G1 Evacuation Pause)
[4527.406s][info][gc,task        ] GC(1318) Using 6 workers of 6 for evacuation
[4527.523s][info][gc,phases      ] GC(1318)   Pre Evacuate Collection Set: 0.40ms
[4527.524s][info][gc,phases      ] GC(1318)   Merge Heap Roots: 0.47ms
[4527.524s][info][gc,phases      ] GC(1318)   Evacuate Collection Set: 115.18ms
[4527.524s][info][gc,phases      ] GC(1318)   Post Evacuate Collection Set: 0.86ms
[4527.524s][info][gc,phases      ] GC(1318)   Other: 0.12ms
[4527.524s][info][gc,heap        ] GC(1318) Eden regions: 1116->0(1117)
[4527.524s][info][gc,heap        ] GC(1318) Survivor regions: 112->111(154)
[4527.524s][info][gc,heap        ] GC(1318) Old regions: 474->505
[4527.524s][info][gc,heap        ] GC(1318) Humongous regions: 80->80
[4527.524s][info][gc,metaspace   ] GC(1318) Metaspace: 28964K(29376K)->28964K(29376K) NonClass: 24095K(24256K)->24095K(24256K) Class: 4869K(5120K)->4869K(5120K)
[4527.524s][info][gc             ] GC(1318) Pause Young (Concurrent Start) (G1 Evacuation Pause) 3561M->1391M(4096M) 117.183ms
[4527.524s][info][gc             ] GC(1319) Concurrent Mark Cycle
[4527.524s][info][gc,marking     ] GC(1319) Concurrent Scan Root Regions
[4527.524s][info][gc,cpu         ] GC(1318) User=0.69s Sys=0.00s Real=0.12s
[4527.708s][info][gc,marking     ] GC(1319) Concurrent Scan Root Regions 184.588ms
[4527.708s][info][gc,marking     ] GC(1319) Concurrent Mark
[4527.708s][info][gc,marking     ] GC(1319) Concurrent Mark From Roots
[4527.708s][info][gc,task        ] GC(1319) Using 2 workers of 2 for marking
.[4528.818s][info][gc,marking     ] GC(1319) Concurrent Mark From Roots 1109.518ms
[4528.818s][info][gc,marking     ] GC(1319) Concurrent Preclean
[4528.818s][info][gc,marking     ] GC(1319) Concurrent Preclean 0.104ms
[4528.818s][info][gc,start       ] GC(1319) Pause Remark
[4528.820s][info][gc             ] GC(1319) Pause Remark 2728M->2728M(4096M) 2.049ms
[4528.820s][info][gc,cpu         ] GC(1319) User=0.01s Sys=0.00s Real=0.00s
[4528.821s][info][gc,marking     ] GC(1319) Concurrent Mark 1112.858ms
[4528.821s][info][gc,marking     ] GC(1319) Concurrent Rebuild Remembered Sets and Scrub Regions
.[4529.238s][info][gc,marking     ] GC(1319) Concurrent Rebuild Remembered Sets and Scrub Regions 416.477ms
[4529.238s][info][gc,start       ] GC(1319) Pause Cleanup
[4529.238s][info][gc             ] GC(1319) Pause Cleanup 3143M->3143M(4096M) 0.115ms
[4529.238s][info][gc,cpu         ] GC(1319) User=0.00s Sys=0.00s Real=0.00s
[4529.238s][info][gc,marking     ] GC(1319) Concurrent Clear Claimed Marks
[4529.238s][info][gc,marking     ] GC(1319) Concurrent Clear Claimed Marks 0.024ms
[4529.238s][info][gc,marking     ] GC(1319) Concurrent Cleanup for Next Mark
[4529.243s][info][gc,marking     ] GC(1319) Concurrent Cleanup for Next Mark 4.414ms
[4529.243s][info][gc             ] GC(1319) Concurrent Mark Cycle 1718.927ms
[4529.664s][info][gc,start       ] GC(1320) Pause Young (Prepare Mixed) (G1 Evacuation Pause)
[4529.664s][info][gc,task        ] GC(1320) Using 6 workers of 6 for evacuation
[4529.786s][info][gc,phases      ] GC(1320)   Pre Evacuate Collection Set: 0.32ms
[4529.786s][info][gc,phases      ] GC(1320)   Merge Heap Roots: 0.51ms
[4529.786s][info][gc,phases      ] GC(1320)   Evacuate Collection Set: 119.92ms
[4529.786s][info][gc,phases      ] GC(1320)   Post Evacuate Collection Set: 0.90ms
[4529.786s][info][gc,phases      ] GC(1320)   Other: 0.09ms
[4529.786s][info][gc,heap        ] GC(1320) Eden regions: 1117->0(1099)
[4529.786s][info][gc,heap        ] GC(1320) Survivor regions: 111->114(154)
[4529.786s][info][gc,heap        ] GC(1320) Old regions: 505->538
[4529.786s][info][gc,heap        ] GC(1320) Humongous regions: 80->80
[4529.786s][info][gc,metaspace   ] GC(1320) Metaspace: 28964K(29376K)->28964K(29376K) NonClass: 24095K(24256K)->24095K(24256K) Class: 4869K(5120K)->4869K(5120K)
[4529.786s][info][gc             ] GC(1320) Pause Young (Prepare Mixed) (G1 Evacuation Pause) 3625M->1461M(4096M) 121.873ms
[4529.786s][info][gc,cpu         ] GC(1320) User=0.72s Sys=0.00s Real=0.12s
..[4531.899s][info][gc,start       ] GC(1321) Pause Young (Mixed) (G1 Evacuation Pause)
[4531.899s][info][gc,task        ] GC(1321) Using 6 workers of 6 for evacuation
[4532.038s][info][gc,phases      ] GC(1321)   Pre Evacuate Collection Set: 0.36ms
[4532.038s][info][gc,phases      ] GC(1321)   Merge Heap Roots: 0.73ms
[4532.038s][info][gc,phases      ] GC(1321)   Evacuate Collection Set: 136.36ms
[4532.038s][info][gc,phases      ] GC(1321)   Post Evacuate Collection Set: 0.96ms
[4532.038s][info][gc,phases      ] GC(1321)   Other: 0.09ms
[4532.038s][info][gc,heap        ] GC(1321) Eden regions: 1099->0(1114)
[4532.038s][info][gc,heap        ] GC(1321) Survivor regions: 114->114(152)
[4532.038s][info][gc,heap        ] GC(1321) Old regions: 538->475
[4532.038s][info][gc,heap        ] GC(1321) Humongous regions: 80->80
[4532.038s][info][gc,metaspace   ] GC(1321) Metaspace: 28964K(29376K)->28964K(29376K) NonClass: 24095K(24256K)->24095K(24256K) Class: 4869K(5120K)->4869K(5120K)
[4532.038s][info][gc             ] GC(1321) Pause Young (Mixed) (G1 Evacuation Pause) 3659M->1336M(4096M) 138.643ms
[4532.038s][info][gc,cpu         ] GC(1321) User=0.83s Sys=0.00s Real=0.14s
...[4534.145s][info][gc,start       ] GC(1322) Pause Young (Concurrent Start) (G1 Evacuation Pause)
[4534.145s][info][gc,task        ] GC(1322) Using 6 workers of 6 for evacuation
[4534.262s][info][gc,phases      ] GC(1322)   Pre Evacuate Collection Set: 0.36ms
[4534.262s][info][gc,phases      ] GC(1322)   Merge Heap Roots: 0.46ms
[4534.262s][info][gc,phases      ] GC(1322)   Evacuate Collection Set: 114.80ms
[4534.262s][info][gc,phases      ] GC(1322)   Post Evacuate Collection Set: 0.89ms
[4534.262s][info][gc,phases      ] GC(1322)   Other: 0.11ms
[4534.262s][info][gc,heap        ] GC(1322) Eden regions: 1114->0(1119)
[4534.262s][info][gc,heap        ] GC(1322) Survivor regions: 114->109(154)
[4534.262s][info][gc,heap        ] GC(1322) Old regions: 475->508
[4534.262s][info][gc,heap        ] GC(1322) Humongous regions: 80->80
[4534.262s][info][gc,metaspace   ] GC(1322) Metaspace: 28964K(29376K)->28964K(29376K) NonClass: 24095K(24256K)->24095K(24256K) Class: 4869K(5120K)->4869K(5120K)
[4534.262s][info][gc             ] GC(1322) Pause Young (Concurrent Start) (G1 Evacuation Pause) 3564M->1391M(4096M) 116.770ms
[4534.262s][info][gc             ] GC(1323) Concurrent Mark Cycle
[4534.262s][info][gc,marking     ] GC(1323) Concurrent Scan Root Regions
[4534.262s][info][gc,cpu         ] GC(1322) User=0.69s Sys=0.00s Real=0.11s
[4534.441s][info][gc,marking     ] GC(1323) Concurrent Scan Root Regions 178.559ms
[4534.441s][info][gc,marking     ] GC(1323) Concurrent Mark
[4534.441s][info][gc,marking     ] GC(1323) Concurrent Mark From Roots
[4534.441s][info][gc,task        ] GC(1323) Using 2 workers of 2 for marking
.[4535.386s][info][gc,marking     ] GC(1323) Concurrent Mark From Roots 945.473ms
[4535.386s][info][gc,marking     ] GC(1323) Concurrent Preclean
[4535.386s][info][gc,marking     ] GC(1323) Concurrent Preclean 0.103ms
[4535.387s][info][gc,start       ] GC(1323) Pause Remark
[4535.394s][info][gc             ] GC(1323) Pause Remark 2498M->2498M(4096M) 7.112ms
[4535.394s][info][gc,cpu         ] GC(1323) User=0.04s Sys=0.00s Real=0.01s
[4535.394s][info][gc,marking     ] GC(1323) Concurrent Mark 953.246ms
[4535.394s][info][gc,marking     ] GC(1323) Concurrent Rebuild Remembered Sets and Scrub Regions
[4535.761s][info][gc,marking     ] GC(1323) Concurrent Rebuild Remembered Sets and Scrub Regions 367.066ms
[4535.762s][info][gc,start       ] GC(1323) Pause Cleanup
[4535.762s][info][gc             ] GC(1323) Pause Cleanup 2853M->2853M(4096M) 0.128ms
[4535.762s][info][gc,cpu         ] GC(1323) User=0.00s Sys=0.00s Real=0.00s
[4535.762s][info][gc,marking     ] GC(1323) Concurrent Clear Claimed Marks
[4535.762s][info][gc,marking     ] GC(1323) Concurrent Clear Claimed Marks 0.028ms
[4535.762s][info][gc,marking     ] GC(1323) Concurrent Cleanup for Next Mark
[4535.767s][info][gc,marking     ] GC(1323) Concurrent Cleanup for Next Mark 5.137ms
[4535.767s][info][gc             ] GC(1323) Concurrent Mark Cycle 1504.900ms
.[4536.492s][info][gc,start       ] GC(1324) Pause Young (Prepare Mixed) (G1 Evacuation Pause)
[4536.492s][info][gc,task        ] GC(1324) Using 6 workers of 6 for evacuation
[4536.610s][info][gc,phases      ] GC(1324)   Pre Evacuate Collection Set: 0.35ms
[4536.610s][info][gc,phases      ] GC(1324)   Merge Heap Roots: 0.54ms
[4536.610s][info][gc,phases      ] GC(1324)   Evacuate Collection Set: 116.60ms
[4536.610s][info][gc,phases      ] GC(1324)   Post Evacuate Collection Set: 0.94ms
[4536.610s][info][gc,phases      ] GC(1324)   Other: 0.09ms
[4536.610s][info][gc,heap        ] GC(1324) Eden regions: 1119->0(1103)
[4536.610s][info][gc,heap        ] GC(1324) Survivor regions: 109->111(154)
[4536.610s][info][gc,heap        ] GC(1324) Old regions: 508->540
[4536.610s][info][gc,heap        ] GC(1324) Humongous regions: 80->80
[4536.610s][info][gc,metaspace   ] GC(1324) Metaspace: 28964K(29376K)->28964K(29376K) NonClass: 24095K(24256K)->24095K(24256K) Class: 4869K(5120K)->4869K(5120K)
[4536.610s][info][gc             ] GC(1324) Pause Young (Prepare Mixed) (G1 Evacuation Pause) 3629M->1459M(4096M) 118.662ms
[4536.610s][info][gc,cpu         ] GC(1324) User=0.70s Sys=0.00s Real=0.12s
..[4538.813s][info][gc,start       ] GC(1325) Pause Young (Mixed) (G1 Evacuation Pause)
[4538.813s][info][gc,task        ] GC(1325) Using 6 workers of 6 for evacuation
[4538.946s][info][gc,phases      ] GC(1325)   Pre Evacuate Collection Set: 0.38ms
[4538.946s][info][gc,phases      ] GC(1325)   Merge Heap Roots: 0.63ms
[4538.946s][info][gc,phases      ] GC(1325)   Evacuate Collection Set: 130.92ms
[4538.946s][info][gc,phases      ] GC(1325)   Post Evacuate Collection Set: 0.94ms
[4538.946s][info][gc,phases      ] GC(1325)   Other: 0.09ms
[4538.946s][info][gc,heap        ] GC(1325) Eden regions: 1103->0(1117)
[4538.946s][info][gc,heap        ] GC(1325) Survivor regions: 111->111(152)
[4538.946s][info][gc,heap        ] GC(1325) Old regions: 540->475
[4538.946s][info][gc,heap        ] GC(1325) Humongous regions: 80->80
[4538.946s][info][gc,metaspace   ] GC(1325) Metaspace: 28964K(29376K)->28964K(29376K) NonClass: 24095K(24256K)->24095K(24256K) Class: 4869K(5120K)->4869K(5120K)
[4538.946s][info][gc             ] GC(1325) Pause Young (Mixed) (G1 Evacuation Pause) 3665M->1330M(4096M) 133.082ms
[4538.946s][info][gc,cpu         ] GC(1325) User=0.80s Sys=0.00s Real=0.13s
...[4541.106s][info][gc,start       ] GC(1326) Pause Young (Concurrent Start) (G1 Evacuation Pause)
[4541.106s][info][gc,task        ] GC(1326) Using 6 workers of 6 for evacuation
[4541.225s][info][gc,phases      ] GC(1326)   Pre Evacuate Collection Set: 0.37ms
[4541.225s][info][gc,phases      ] GC(1326)   Merge Heap Roots: 0.47ms
[4541.225s][info][gc,phases      ] GC(1326)   Evacuate Collection Set: 116.78ms
[4541.225s][info][gc,phases      ] GC(1326)   Post Evacuate Collection Set: 0.87ms
[4541.225s][info][gc,phases      ] GC(1326)   Other: 0.13ms
[4541.225s][info][gc,heap        ] GC(1326) Eden regions: 1117->0(1117)
[4541.225s][info][gc,heap        ] GC(1326) Survivor regions: 111->111(154)
[4541.225s][info][gc,heap        ] GC(1326) Old regions: 475->507
[4541.225s][info][gc,heap        ] GC(1326) Humongous regions: 80->80
[4541.225s][info][gc,metaspace   ] GC(1326) Metaspace: 28964K(29376K)->28964K(29376K) NonClass: 24095K(24256K)->24095K(24256K) Class: 4869K(5120K)->4869K(5120K)
[4541.225s][info][gc             ] GC(1326) Pause Young (Concurrent Start) (G1 Evacuation Pause) 3564M->1394M(4096M) 118.757ms
[4541.225s][info][gc             ] GC(1327) Concurrent Mark Cycle
[4541.225s][info][gc,marking     ] GC(1327) Concurrent Scan Root Regions
[4541.225s][info][gc,cpu         ] GC(1326) User=0.71s Sys=0.00s Real=0.12s
[4541.407s][info][gc,marking     ] GC(1327) Concurrent Scan Root Regions 181.860ms
[4541.407s][info][gc,marking     ] GC(1327) Concurrent Mark
[4541.407s][info][gc,marking     ] GC(1327) Concurrent Mark From Roots
[4541.407s][info][gc,task        ] GC(1327) Using 2 workers of 2 for marking
.[4542.402s][info][gc,marking     ] GC(1327) Concurrent Mark From Roots 995.257ms
[4542.402s][info][gc,marking     ] GC(1327) Concurrent Preclean
[4542.402s][info][gc,marking     ] GC(1327) Concurrent Preclean 0.103ms
[4542.404s][info][gc,start       ] GC(1327) Pause Remark
[4542.410s][info][gc             ] GC(1327) Pause Remark 2502M->2502M(4096M) 6.042ms
[4542.410s][info][gc,cpu         ] GC(1327) User=0.03s Sys=0.00s Real=0.00s
[4542.410s][info][gc,marking     ] GC(1327) Concurrent Mark 1003.442ms
[4542.410s][info][gc,marking     ] GC(1327) Concurrent Rebuild Remembered Sets and Scrub Regions
[4542.803s][info][gc,marking     ] GC(1327) Concurrent Rebuild Remembered Sets and Scrub Regions 392.803ms
[4542.804s][info][gc,start       ] GC(1327) Pause Cleanup
[4542.805s][info][gc             ] GC(1327) Pause Cleanup 2962M->2962M(4096M) 0.128ms
[4542.805s][info][gc,cpu         ] GC(1327) User=0.00s Sys=0.00s Real=0.00s
[4542.805s][info][gc,marking     ] GC(1327) Concurrent Clear Claimed Marks
[4542.805s][info][gc,marking     ] GC(1327) Concurrent Clear Claimed Marks 0.024ms
[4542.805s][info][gc,marking     ] GC(1327) Concurrent Cleanup for Next Mark
[4542.810s][info][gc,marking     ] GC(1327) Concurrent Cleanup for Next Mark 5.287ms
[4542.810s][info][gc             ] GC(1327) Concurrent Mark Cycle 1584.861ms
.[4543.453s][info][gc,start       ] GC(1328) Pause Young (Prepare Mixed) (G1 Evacuation Pause)
[4543.453s][info][gc,task        ] GC(1328) Using 6 workers of 6 for evacuation
[4543.574s][info][gc,phases      ] GC(1328)   Pre Evacuate Collection Set: 0.30ms
[4543.574s][info][gc,phases      ] GC(1328)   Merge Heap Roots: 0.54ms
[4543.574s][info][gc,phases      ] GC(1328)   Evacuate Collection Set: 118.63ms
[4543.574s][info][gc,phases      ] GC(1328)   Post Evacuate Collection Set: 0.93ms
[4543.574s][info][gc,phases      ] GC(1328)   Other: 0.09ms
[4543.574s][info][gc,heap        ] GC(1328) Eden regions: 1117->0(1103)
[4543.574s][info][gc,heap        ] GC(1328) Survivor regions: 111->112(154)
[4543.574s][info][gc,heap        ] GC(1328) Old regions: 507->538
[4543.574s][info][gc,heap        ] GC(1328) Humongous regions: 80->80
[4543.574s][info][gc,metaspace   ] GC(1328) Metaspace: 28964K(29376K)->28964K(29376K) NonClass: 24095K(24256K)->24095K(24256K) Class: 4869K(5120K)->4869K(5120K)
[4543.574s][info][gc             ] GC(1328) Pause Young (Prepare Mixed) (G1 Evacuation Pause) 3628M->1457M(4096M) 120.607ms
[4543.574s][info][gc,cpu         ] GC(1328) User=0.72s Sys=0.00s Real=0.12s
..[4545.742s][info][gc,start       ] GC(1329) Pause Young (Mixed) (G1 Evacuation Pause)
[4545.742s][info][gc,task        ] GC(1329) Using 6 workers of 6 for evacuation
[4545.878s][info][gc,phases      ] GC(1329)   Pre Evacuate Collection Set: 0.31ms
[4545.878s][info][gc,phases      ] GC(1329)   Merge Heap Roots: 0.71ms
[4545.878s][info][gc,phases      ] GC(1329)   Evacuate Collection Set: 134.61ms
[4545.878s][info][gc,phases      ] GC(1329)   Post Evacuate Collection Set: 0.97ms
[4545.878s][info][gc,phases      ] GC(1329)   Other: 0.08ms
[4545.878s][info][gc,heap        ] GC(1329) Eden regions: 1103->0(1116)
[4545.878s][info][gc,heap        ] GC(1329) Survivor regions: 112->112(152)
[4545.878s][info][gc,heap        ] GC(1329) Old regions: 538->474
[4545.878s][info][gc,heap        ] GC(1329) Humongous regions: 80->80
[4545.878s][info][gc,metaspace   ] GC(1329) Metaspace: 28964K(29376K)->28964K(29376K) NonClass: 24095K(24256K)->24095K(24256K) Class: 4869K(5120K)->4869K(5120K)
[4545.878s][info][gc             ] GC(1329) Pause Young (Mixed) (G1 Evacuation Pause) 3663M->1330M(4096M) 136.843ms
[4545.878s][info][gc,cpu         ] GC(1329) User=0.82s Sys=0.00s Real=0.14s
..[4548.019s][info][gc,start       ] GC(1330) Pause Young (Concurrent Start) (G1 Evacuation Pause)
[4548.019s][info][gc,task        ] GC(1330) Using 6 workers of 6 for evacuation
[4548.142s][info][gc,phases      ] GC(1330)   Pre Evacuate Collection Set: 0.37ms
[4548.142s][info][gc,phases      ] GC(1330)   Merge Heap Roots: 0.48ms
[4548.142s][info][gc,phases      ] GC(1330)   Evacuate Collection Set: 120.67ms
[4548.142s][info][gc,phases      ] GC(1330)   Post Evacuate Collection Set: 0.87ms
[4548.142s][info][gc,phases      ] GC(1330)   Other: 0.09ms
[4548.142s][info][gc,heap        ] GC(1330) Eden regions: 1116->0(1116)
[4548.142s][info][gc,heap        ] GC(1330) Survivor regions: 112->112(154)
[4548.142s][info][gc,heap        ] GC(1330) Old regions: 474->507
[4548.142s][info][gc,heap        ] GC(1330) Humongous regions: 80->80
[4548.142s][info][gc,metaspace   ] GC(1330) Metaspace: 28964K(29376K)->28964K(29376K) NonClass: 24095K(24256K)->24095K(24256K) Class: 4869K(5120K)->4869K(5120K)
[4548.142s][info][gc             ] GC(1330) Pause Young (Concurrent Start) (G1 Evacuation Pause) 3562M->1397M(4096M) 122.604ms
[4548.142s][info][gc             ] GC(1331) Concurrent Mark Cycle
[4548.142s][info][gc,marking     ] GC(1331) Concurrent Scan Root Regions
[4548.142s][info][gc,cpu         ] GC(1330) User=0.73s Sys=0.00s Real=0.12s
.[4548.330s][info][gc,marking     ] GC(1331) Concurrent Scan Root Regions 187.840ms
[4548.330s][info][gc,marking     ] GC(1331) Concurrent Mark
[4548.330s][info][gc,marking     ] GC(1331) Concurrent Mark From Roots
[4548.330s][info][gc,task        ] GC(1331) Using 2 workers of 2 for marking
[4549.305s][info][gc,marking     ] GC(1331) Concurrent Mark From Roots 975.495ms
[4549.305s][info][gc,marking     ] GC(1331) Concurrent Preclean
[4549.306s][info][gc,marking     ] GC(1331) Concurrent Preclean 0.113ms
[4549.308s][info][gc,start       ] GC(1331) Pause Remark
[4549.314s][info][gc             ] GC(1331) Pause Remark 2525M->2525M(4096M) 6.738ms
[4549.314s][info][gc,cpu         ] GC(1331) User=0.04s Sys=0.00s Real=0.01s
[4549.315s][info][gc,marking     ] GC(1331) Concurrent Mark 985.338ms
[4549.315s][info][gc,marking     ] GC(1331) Concurrent Rebuild Remembered Sets and Scrub Regions
.[4549.700s][info][gc,marking     ] GC(1331) Concurrent Rebuild Remembered Sets and Scrub Regions 384.551ms
[4549.700s][info][gc,start       ] GC(1331) Pause Cleanup
[4549.700s][info][gc             ] GC(1331) Pause Cleanup 2948M->2948M(4096M) 0.123ms
[4549.700s][info][gc,cpu         ] GC(1331) User=0.00s Sys=0.00s Real=0.00s
[4549.700s][info][gc,marking     ] GC(1331) Concurrent Clear Claimed Marks
[4549.700s][info][gc,marking     ] GC(1331) Concurrent Clear Claimed Marks 0.027ms
[4549.700s][info][gc,marking     ] GC(1331) Concurrent Cleanup for Next Mark
[4549.707s][info][gc,marking     ] GC(1331) Concurrent Cleanup for Next Mark 6.161ms
[4549.707s][info][gc             ] GC(1331) Concurrent Mark Cycle 1564.520ms
[4550.377s][info][gc,start       ] GC(1332) Pause Young (Prepare Mixed) (G1 Evacuation Pause)
[4550.377s][info][gc,task        ] GC(1332) Using 6 workers of 6 for evacuation
[4550.497s][info][gc,phases      ] GC(1332)   Pre Evacuate Collection Set: 0.32ms
[4550.497s][info][gc,phases      ] GC(1332)   Merge Heap Roots: 0.53ms
[4550.497s][info][gc,phases      ] GC(1332)   Evacuate Collection Set: 117.77ms
[4550.497s][info][gc,phases      ] GC(1332)   Post Evacuate Collection Set: 0.94ms
[4550.497s][info][gc,phases      ] GC(1332)   Other: 0.08ms
[4550.497s][info][gc,heap        ] GC(1332) Eden regions: 1116->0(1104)
[4550.497s][info][gc,heap        ] GC(1332) Survivor regions: 112->111(154)
[4550.497s][info][gc,heap        ] GC(1332) Old regions: 507->539
[4550.497s][info][gc,heap        ] GC(1332) Humongous regions: 80->80
[4550.497s][info][gc,metaspace   ] GC(1332) Metaspace: 28964K(29376K)->28964K(29376K) NonClass: 24095K(24256K)->24095K(24256K) Class: 4869K(5120K)->4869K(5120K)
[4550.497s][info][gc             ] GC(1332) Pause Young (Prepare Mixed) (G1 Evacuation Pause) 3629M->1459M(4096M) 119.764ms
[4550.497s][info][gc,cpu         ] GC(1332) User=0.71s Sys=0.00s Real=0.12s
...[4552.632s][info][gc,start       ] GC(1333) Pause Young (Mixed) (G1 Evacuation Pause)
[4552.632s][info][gc,task        ] GC(1333) Using 6 workers of 6 for evacuation
[4552.768s][info][gc,phases      ] GC(1333)   Pre Evacuate Collection Set: 0.35ms
[4552.768s][info][gc,phases      ] GC(1333)   Merge Heap Roots: 0.73ms
[4552.768s][info][gc,phases      ] GC(1333)   Evacuate Collection Set: 133.61ms
[4552.768s][info][gc,phases      ] GC(1333)   Post Evacuate Collection Set: 0.99ms
[4552.768s][info][gc,phases      ] GC(1333)   Other: 0.09ms
[4552.768s][info][gc,heap        ] GC(1333) Eden regions: 1104->0(1117)
[4552.768s][info][gc,heap        ] GC(1333) Survivor regions: 111->111(152)
[4552.768s][info][gc,heap        ] GC(1333) Old regions: 539->475
[4552.768s][info][gc,heap        ] GC(1333) Humongous regions: 80->80
[4552.768s][info][gc,metaspace   ] GC(1333) Metaspace: 28964K(29376K)->28964K(29376K) NonClass: 24095K(24256K)->24095K(24256K) Class: 4869K(5120K)->4869K(5120K)
[4552.768s][info][gc             ] GC(1333) Pause Young (Mixed) (G1 Evacuation Pause) 3667M->1330M(4096M) 135.909ms
[4552.768s][info][gc,cpu         ] GC(1333) User=0.81s Sys=0.00s Real=0.14s
..[4554.980s][info][gc,start       ] GC(1334) Pause Young (Concurrent Start) (G1 Evacuation Pause)
[4554.980s][info][gc,task        ] GC(1334) Using 6 workers of 6 for evacuation
[4555.097s][info][gc,phases      ] GC(1334)   Pre Evacuate Collection Set: 0.39ms
[4555.097s][info][gc,phases      ] GC(1334)   Merge Heap Roots: 0.48ms
[4555.097s][info][gc,phases      ] GC(1334)   Evacuate Collection Set: 115.09ms
[4555.097s][info][gc,phases      ] GC(1334)   Post Evacuate Collection Set: 0.85ms
[4555.097s][info][gc,phases      ] GC(1334)   Other: 0.12ms
[4555.097s][info][gc,heap        ] GC(1334) Eden regions: 1117->0(1120)
[4555.097s][info][gc,heap        ] GC(1334) Survivor regions: 111->108(154)
[4555.097s][info][gc,heap        ] GC(1334) Old regions: 475->508
[4555.097s][info][gc,heap        ] GC(1334) Humongous regions: 80->80
[4555.097s][info][gc,metaspace   ] GC(1334) Metaspace: 28964K(29376K)->28964K(29376K) NonClass: 24095K(24256K)->24095K(24256K) Class: 4869K(5120K)->4869K(5120K)
[4555.097s][info][gc             ] GC(1334) Pause Young (Concurrent Start) (G1 Evacuation Pause) 3564M->1390M(4096M) 117.079ms
[4555.097s][info][gc             ] GC(1335) Concurrent Mark Cycle
[4555.097s][info][gc,marking     ] GC(1335) Concurrent Scan Root Regions
[4555.097s][info][gc,cpu         ] GC(1334) User=0.70s Sys=0.00s Real=0.12s
[4555.275s][info][gc,marking     ] GC(1335) Concurrent Scan Root Regions 177.605ms
[4555.275s][info][gc,marking     ] GC(1335) Concurrent Mark
[4555.275s][info][gc,marking     ] GC(1335) Concurrent Mark From Roots
[4555.275s][info][gc,task        ] GC(1335) Using 2 workers of 2 for marking
.[4556.278s][info][gc,marking     ] GC(1335) Concurrent Mark From Roots 1002.867ms
[4556.278s][info][gc,marking     ] GC(1335) Concurrent Preclean
[4556.278s][info][gc,marking     ] GC(1335) Concurrent Preclean 0.091ms
[4556.279s][info][gc,start       ] GC(1335) Pause Remark
[4556.285s][info][gc             ] GC(1335) Pause Remark 2498M->2498M(4096M) 6.649ms
[4556.285s][info][gc,cpu         ] GC(1335) User=0.04s Sys=0.00s Real=0.01s
[4556.286s][info][gc,marking     ] GC(1335) Concurrent Mark 1010.482ms
[4556.286s][info][gc,marking     ] GC(1335) Concurrent Rebuild Remembered Sets and Scrub Regions
[4556.563s][info][gc,marking     ] GC(1335) Concurrent Rebuild Remembered Sets and Scrub Regions 277.065ms
[4556.563s][info][gc,start       ] GC(1335) Pause Cleanup
[4556.563s][info][gc             ] GC(1335) Pause Cleanup 2764M->2764M(4096M) 0.113ms
[4556.563s][info][gc,cpu         ] GC(1335) User=0.00s Sys=0.00s Real=0.00s
[4556.563s][info][gc,marking     ] GC(1335) Concurrent Clear Claimed Marks
[4556.563s][info][gc,marking     ] GC(1335) Concurrent Clear Claimed Marks 0.024ms
[4556.563s][info][gc,marking     ] GC(1335) Concurrent Cleanup for Next Mark
[4556.571s][info][gc,marking     ] GC(1335) Concurrent Cleanup for Next Mark 7.641ms
[4556.571s][info][gc             ] GC(1335) Concurrent Mark Cycle 1473.306ms
.[4557.316s][info][gc,start       ] GC(1336) Pause Young (Prepare Mixed) (G1 Evacuation Pause)
[4557.316s][info][gc,task        ] GC(1336) Using 6 workers of 6 for evacuation
[4557.435s][info][gc,phases      ] GC(1336)   Pre Evacuate Collection Set: 0.35ms
[4557.435s][info][gc,phases      ] GC(1336)   Merge Heap Roots: 0.58ms
[4557.435s][info][gc,phases      ] GC(1336)   Evacuate Collection Set: 116.75ms
[4557.435s][info][gc,phases      ] GC(1336)   Post Evacuate Collection Set: 0.92ms
[4557.435s][info][gc,phases      ] GC(1336)   Other: 0.09ms
[4557.435s][info][gc,heap        ] GC(1336) Eden regions: 1120->0(1105)
[4557.435s][info][gc,heap        ] GC(1336) Survivor regions: 108->110(154)
[4557.435s][info][gc,heap        ] GC(1336) Old regions: 508->540
[4557.435s][info][gc,heap        ] GC(1336) Humongous regions: 80->80
[4557.435s][info][gc,metaspace   ] GC(1336) Metaspace: 28964K(29376K)->28964K(29376K) NonClass: 24095K(24256K)->24095K(24256K) Class: 4869K(5120K)->4869K(5120K)
[4557.435s][info][gc             ] GC(1336) Pause Young (Prepare Mixed) (G1 Evacuation Pause) 3630M->1457M(4096M) 118.847ms
[4557.435s][info][gc,cpu         ] GC(1336) User=0.70s Sys=0.00s Real=0.12s
..[4559.495s][info][gc,start       ] GC(1337) Pause Young (Mixed) (G1 Evacuation Pause)
[4559.495s][info][gc,task        ] GC(1337) Using 6 workers of 6 for evacuation
[4559.637s][info][gc,phases      ] GC(1337)   Pre Evacuate Collection Set: 0.33ms
[4559.637s][info][gc,phases      ] GC(1337)   Merge Heap Roots: 0.72ms
[4559.637s][info][gc,phases      ] GC(1337)   Evacuate Collection Set: 139.55ms
[4559.637s][info][gc,phases      ] GC(1337)   Post Evacuate Collection Set: 1.00ms
[4559.637s][info][gc,phases      ] GC(1337)   Other: 0.09ms
[4559.637s][info][gc,heap        ] GC(1337) Eden regions: 1105->0(1112)
[4559.637s][info][gc,heap        ] GC(1337) Survivor regions: 110->116(152)
[4559.637s][info][gc,heap        ] GC(1337) Old regions: 540->475
[4559.637s][info][gc,heap        ] GC(1337) Humongous regions: 80->80
[4559.637s][info][gc,metaspace   ] GC(1337) Metaspace: 28964K(29376K)->28964K(29376K) NonClass: 24095K(24256K)->24095K(24256K) Class: 4869K(5120K)->4869K(5120K)
[4559.637s][info][gc             ] GC(1337) Pause Young (Mixed) (G1 Evacuation Pause) 3667M->1339M(4096M) 141.831ms
[4559.637s][info][gc,cpu         ] GC(1337) User=0.84s Sys=0.00s Real=0.14s
...[4561.760s][info][gc,start       ] GC(1338) Pause Young (Concurrent Start) (G1 Evacuation Pause)
[4561.760s][info][gc,task        ] GC(1338) Using 6 workers of 6 for evacuation
[4561.879s][info][gc,phases      ] GC(1338)   Pre Evacuate Collection Set: 0.40ms
[4561.879s][info][gc,phases      ] GC(1338)   Merge Heap Roots: 0.47ms
[4561.879s][info][gc,phases      ] GC(1338)   Evacuate Collection Set: 117.80ms
[4561.879s][info][gc,phases      ] GC(1338)   Post Evacuate Collection Set: 0.83ms
[4561.879s][info][gc,phases      ] GC(1338)   Other: 0.12ms
[4561.879s][info][gc,heap        ] GC(1338) Eden regions: 1112->0(1116)
[4561.879s][info][gc,heap        ] GC(1338) Survivor regions: 116->112(154)
[4561.879s][info][gc,heap        ] GC(1338) Old regions: 475->507
[4561.879s][info][gc,heap        ] GC(1338) Humongous regions: 80->80
[4561.879s][info][gc,metaspace   ] GC(1338) Metaspace: 28964K(29376K)->28964K(29376K) NonClass: 24095K(24256K)->24095K(24256K) Class: 4869K(5120K)->4869K(5120K)
[4561.879s][info][gc             ] GC(1338) Pause Young (Concurrent Start) (G1 Evacuation Pause) 3563M->1396M(4096M) 119.760ms
[4561.880s][info][gc             ] GC(1339) Concurrent Mark Cycle
[4561.880s][info][gc,marking     ] GC(1339) Concurrent Scan Root Regions
[4561.880s][info][gc,cpu         ] GC(1338) User=0.71s Sys=0.00s Real=0.12s
[4562.061s][info][gc,marking     ] GC(1339) Concurrent Scan Root Regions 181.166ms
[4562.061s][info][gc,marking     ] GC(1339) Concurrent Mark
[4562.061s][info][gc,marking     ] GC(1339) Concurrent Mark From Roots
[4562.061s][info][gc,task        ] GC(1339) Using 2 workers of 2 for marking
.[4563.122s][info][gc,marking     ] GC(1339) Concurrent Mark From Roots 1061.393ms
[4563.122s][info][gc,marking     ] GC(1339) Concurrent Preclean
[4563.122s][info][gc,marking     ] GC(1339) Concurrent Preclean 0.098ms
[4563.124s][info][gc,start       ] GC(1339) Pause Remark
[4563.128s][info][gc             ] GC(1339) Pause Remark 2550M->2550M(4096M) 4.628ms
[4563.128s][info][gc,cpu         ] GC(1339) User=0.02s Sys=0.00s Real=0.00s
[4563.130s][info][gc,marking     ] GC(1339) Concurrent Mark 1069.068ms
[4563.130s][info][gc,marking     ] GC(1339) Concurrent Rebuild Remembered Sets and Scrub Regions
[4563.413s][info][gc,marking     ] GC(1339) Concurrent Rebuild Remembered Sets and Scrub Regions 282.841ms
[4563.414s][info][gc,start       ] GC(1339) Pause Cleanup
[4563.414s][info][gc             ] GC(1339) Pause Cleanup 2812M->2812M(4096M) 0.115ms
[4563.414s][info][gc,cpu         ] GC(1339) User=0.00s Sys=0.00s Real=0.00s
[4563.414s][info][gc,marking     ] GC(1339) Concurrent Clear Claimed Marks
[4563.414s][info][gc,marking     ] GC(1339) Concurrent Clear Claimed Marks 0.024ms
[4563.414s][info][gc,marking     ] GC(1339) Concurrent Cleanup for Next Mark
[4563.421s][info][gc,marking     ] GC(1339) Concurrent Cleanup for Next Mark 7.190ms
[4563.421s][info][gc             ] GC(1339) Concurrent Mark Cycle 1541.581ms
.[4564.160s][info][gc,start       ] GC(1340) Pause Young (Prepare Mixed) (G1 Evacuation Pause)
[4564.160s][info][gc,task        ] GC(1340) Using 6 workers of 6 for evacuation
[4564.278s][info][gc,phases      ] GC(1340)   Pre Evacuate Collection Set: 0.33ms
[4564.278s][info][gc,phases      ] GC(1340)   Merge Heap Roots: 0.53ms
[4564.278s][info][gc,phases      ] GC(1340)   Evacuate Collection Set: 116.05ms
[4564.278s][info][gc,phases      ] GC(1340)   Post Evacuate Collection Set: 0.91ms
[4564.278s][info][gc,phases      ] GC(1340)   Other: 0.08ms
[4564.278s][info][gc,heap        ] GC(1340) Eden regions: 1116->0(1107)
[4564.278s][info][gc,heap        ] GC(1340) Survivor regions: 112->110(154)
[4564.278s][info][gc,heap        ] GC(1340) Old regions: 507->538
[4564.278s][info][gc,heap        ] GC(1340) Humongous regions: 80->80
[4564.278s][info][gc,metaspace   ] GC(1340) Metaspace: 28964K(29376K)->28964K(29376K) NonClass: 24095K(24256K)->24095K(24256K) Class: 4869K(5120K)->4869K(5120K)
[4564.278s][info][gc             ] GC(1340) Pause Young (Prepare Mixed) (G1 Evacuation Pause) 3628M->1453M(4096M) 118.032ms
[4564.278s][info][gc,cpu         ] GC(1340) User=0.70s Sys=0.00s Real=0.12s
..[4566.370s][info][gc,start       ] GC(1341) Pause Young (Mixed) (G1 Evacuation Pause)
[4566.370s][info][gc,task        ] GC(1341) Using 6 workers of 6 for evacuation
[4566.506s][info][gc,phases      ] GC(1341)   Pre Evacuate Collection Set: 0.39ms
[4566.506s][info][gc,phases      ] GC(1341)   Merge Heap Roots: 0.77ms
[4566.506s][info][gc,phases      ] GC(1341)   Evacuate Collection Set: 133.82ms
[4566.506s][info][gc,phases      ] GC(1341)   Post Evacuate Collection Set: 0.94ms
[4566.506s][info][gc,phases      ] GC(1341)   Other: 0.09ms
[4566.506s][info][gc,heap        ] GC(1341) Eden regions: 1107->0(1118)
[4566.506s][info][gc,heap        ] GC(1341) Survivor regions: 110->110(153)
[4566.506s][info][gc,heap        ] GC(1341) Old regions: 538->472
[4566.506s][info][gc,heap        ] GC(1341) Humongous regions: 80->80
[4566.506s][info][gc,metaspace   ] GC(1341) Metaspace: 28964K(29376K)->28964K(29376K) NonClass: 24095K(24256K)->24095K(24256K) Class: 4869K(5120K)->4869K(5120K)
[4566.506s][info][gc             ] GC(1341) Pause Young (Mixed) (G1 Evacuation Pause) 3667M->1322M(4096M) 136.124ms
[4566.506s][info][gc,cpu         ] GC(1341) User=0.81s Sys=0.00s Real=0.14s
..[4568.709s][info][gc,start       ] GC(1342) Pause Young (Concurrent Start) (G1 Evacuation Pause)
[4568.709s][info][gc,task        ] GC(1342) Using 6 workers of 6 for evacuation
[4568.831s][info][gc,phases      ] GC(1342)   Pre Evacuate Collection Set: 0.39ms
[4568.831s][info][gc,phases      ] GC(1342)   Merge Heap Roots: 0.45ms
[4568.831s][info][gc,phases      ] GC(1342)   Evacuate Collection Set: 120.11ms
[4568.831s][info][gc,phases      ] GC(1342)   Post Evacuate Collection Set: 0.88ms
[4568.831s][info][gc,phases      ] GC(1342)   Other: 0.12ms
[4568.831s][info][gc,heap        ] GC(1342) Eden regions: 1118->0(1115)
[4568.831s][info][gc,heap        ] GC(1342) Survivor regions: 110->113(154)
[4568.831s][info][gc,heap        ] GC(1342) Old regions: 472->505
[4568.831s][info][gc,heap        ] GC(1342) Humongous regions: 80->80
[4568.831s][info][gc,metaspace   ] GC(1342) Metaspace: 28964K(29376K)->28964K(29376K) NonClass: 24095K(24256K)->24095K(24256K) Class: 4869K(5120K)->4869K(5120K)
[4568.831s][info][gc             ] GC(1342) Pause Young (Concurrent Start) (G1 Evacuation Pause) 3558M->1394M(4096M) 122.097ms
[4568.831s][info][gc             ] GC(1343) Concurrent Mark Cycle
[4568.831s][info][gc,marking     ] GC(1343) Concurrent Scan Root Regions
[4568.831s][info][gc,cpu         ] GC(1342) User=0.72s Sys=0.00s Real=0.12s
[4569.016s][info][gc,marking     ] GC(1343) Concurrent Scan Root Regions 184.953ms
[4569.016s][info][gc,marking     ] GC(1343) Concurrent Mark
[4569.016s][info][gc,marking     ] GC(1343) Concurrent Mark From Roots
[4569.016s][info][gc,task        ] GC(1343) Using 2 workers of 2 for marking
..[4570.105s][info][gc,marking     ] GC(1343) Concurrent Mark From Roots 1088.389ms
[4570.105s][info][gc,marking     ] GC(1343) Concurrent Preclean
[4570.105s][info][gc,marking     ] GC(1343) Concurrent Preclean 0.127ms
[4570.106s][info][gc,start       ] GC(1343) Pause Remark
[4570.111s][info][gc             ] GC(1343) Pause Remark 2574M->2574M(4096M) 5.819ms
[4570.111s][info][gc,cpu         ] GC(1343) User=0.03s Sys=0.00s Real=0.00s
[4570.112s][info][gc,marking     ] GC(1343) Concurrent Mark 1095.726ms
[4570.112s][info][gc,marking     ] GC(1343) Concurrent Rebuild Remembered Sets and Scrub Regions
[4570.324s][info][gc,marking     ] GC(1343) Concurrent Rebuild Remembered Sets and Scrub Regions 212.567ms
[4570.325s][info][gc,start       ] GC(1343) Pause Cleanup
[4570.325s][info][gc             ] GC(1343) Pause Cleanup 2766M->2766M(4096M) 0.110ms
[4570.325s][info][gc,cpu         ] GC(1343) User=0.00s Sys=0.00s Real=0.00s
[4570.325s][info][gc,marking     ] GC(1343) Concurrent Clear Claimed Marks
[4570.325s][info][gc,marking     ] GC(1343) Concurrent Clear Claimed Marks 0.032ms
[4570.325s][info][gc,marking     ] GC(1343) Concurrent Cleanup for Next Mark
[4570.329s][info][gc,marking     ] GC(1343) Concurrent Cleanup for Next Mark 4.672ms
[4570.330s][info][gc             ] GC(1343) Concurrent Mark Cycle 1498.452ms
[4571.039s][info][gc,start       ] GC(1344) Pause Young (Prepare Mixed) (G1 Evacuation Pause)
[4571.039s][info][gc,task        ] GC(1344) Using 6 workers of 6 for evacuation
[4571.156s][info][gc,phases      ] GC(1344)   Pre Evacuate Collection Set: 0.34ms
[4571.156s][info][gc,phases      ] GC(1344)   Merge Heap Roots: 0.50ms
[4571.156s][info][gc,phases      ] GC(1344)   Evacuate Collection Set: 115.13ms
[4571.156s][info][gc,phases      ] GC(1344)   Post Evacuate Collection Set: 0.94ms
[4571.156s][info][gc,phases      ] GC(1344)   Other: 0.08ms
[4571.156s][info][gc,heap        ] GC(1344) Eden regions: 1115->0(1113)
[4571.156s][info][gc,heap        ] GC(1344) Survivor regions: 113->108(154)
[4571.156s][info][gc,heap        ] GC(1344) Old regions: 505->536
[4571.156s][info][gc,heap        ] GC(1344) Humongous regions: 80->80
[4571.156s][info][gc,metaspace   ] GC(1344) Metaspace: 28964K(29376K)->28964K(29376K) NonClass: 24095K(24256K)->24095K(24256K) Class: 4869K(5120K)->4869K(5120K)
[4571.156s][info][gc             ] GC(1344) Pause Young (Prepare Mixed) (G1 Evacuation Pause) 3624M->1447M(4096M) 117.134ms
[4571.156s][info][gc,cpu         ] GC(1344) User=0.70s Sys=0.00s Real=0.12s
...[4573.283s][info][gc,start       ] GC(1345) Pause Young (Mixed) (G1 Evacuation Pause)
[4573.283s][info][gc,task        ] GC(1345) Using 6 workers of 6 for evacuation
[4573.418s][info][gc,phases      ] GC(1345)   Pre Evacuate Collection Set: 0.35ms
[4573.418s][info][gc,phases      ] GC(1345)   Merge Heap Roots: 0.71ms
[4573.418s][info][gc,phases      ] GC(1345)   Evacuate Collection Set: 133.18ms
[4573.418s][info][gc,phases      ] GC(1345)   Post Evacuate Collection Set: 0.95ms
[4573.418s][info][gc,phases      ] GC(1345)   Other: 0.09ms
[4573.418s][info][gc,heap        ] GC(1345) Eden regions: 1113->0(1119)
[4573.418s][info][gc,heap        ] GC(1345) Survivor regions: 108->109(153)
[4573.418s][info][gc,heap        ] GC(1345) Old regions: 536->477
[4573.418s][info][gc,heap        ] GC(1345) Humongous regions: 80->80
[4573.418s][info][gc,metaspace   ] GC(1345) Metaspace: 28964K(29376K)->28964K(29376K) NonClass: 24095K(24256K)->24095K(24256K) Class: 4869K(5120K)->4869K(5120K)
[4573.418s][info][gc             ] GC(1345) Pause Young (Mixed) (G1 Evacuation Pause) 3673M->1329M(4096M) 135.405ms
[4573.418s][info][gc,cpu         ] GC(1345) User=0.81s Sys=0.00s Real=0.13s
..[4575.581s][info][gc,start       ] GC(1346) Pause Young (Concurrent Start) (G1 Evacuation Pause)
[4575.581s][info][gc,task        ] GC(1346) Using 6 workers of 6 for evacuation
[4575.701s][info][gc,phases      ] GC(1346)   Pre Evacuate Collection Set: 0.34ms
[4575.701s][info][gc,phases      ] GC(1346)   Merge Heap Roots: 0.48ms
[4575.701s][info][gc,phases      ] GC(1346)   Evacuate Collection Set: 118.48ms
[4575.701s][info][gc,phases      ] GC(1346)   Post Evacuate Collection Set: 0.86ms
[4575.701s][info][gc,phases      ] GC(1346)   Other: 0.11ms
[4575.701s][info][gc,heap        ] GC(1346) Eden regions: 1119->0(1116)
[4575.701s][info][gc,heap        ] GC(1346) Survivor regions: 109->112(154)
[4575.701s][info][gc,heap        ] GC(1346) Old regions: 477->508
[4575.701s][info][gc,heap        ] GC(1346) Humongous regions: 80->80
[4575.701s][info][gc,metaspace   ] GC(1346) Metaspace: 28964K(29376K)->28964K(29376K) NonClass: 24095K(24256K)->24095K(24256K) Class: 4869K(5120K)->4869K(5120K)
[4575.701s][info][gc             ] GC(1346) Pause Young (Concurrent Start) (G1 Evacuation Pause) 3567M->1399M(4096M) 120.419ms
[4575.701s][info][gc             ] GC(1347) Concurrent Mark Cycle
[4575.701s][info][gc,marking     ] GC(1347) Concurrent Scan Root Regions
[4575.701s][info][gc,cpu         ] GC(1346) User=0.72s Sys=0.00s Real=0.12s
[4575.885s][info][gc,marking     ] GC(1347) Concurrent Scan Root Regions 183.817ms
[4575.885s][info][gc,marking     ] GC(1347) Concurrent Mark
[4575.885s][info][gc,marking     ] GC(1347) Concurrent Mark From Roots
[4575.885s][info][gc,task        ] GC(1347) Using 2 workers of 2 for marking
.[4576.839s][info][gc,marking     ] GC(1347) Concurrent Mark From Roots 953.924ms
[4576.839s][info][gc,marking     ] GC(1347) Concurrent Preclean
[4576.839s][info][gc,marking     ] GC(1347) Concurrent Preclean 0.133ms
[4576.839s][info][gc,start       ] GC(1347) Pause Remark
[4576.845s][info][gc             ] GC(1347) Pause Remark 2515M->2515M(4096M) 6.091ms
[4576.845s][info][gc,cpu         ] GC(1347) User=0.03s Sys=0.00s Real=0.01s
[4576.846s][info][gc,marking     ] GC(1347) Concurrent Mark 960.863ms
[4576.846s][info][gc,marking     ] GC(1347) Concurrent Rebuild Remembered Sets and Scrub Regions
.[4577.312s][info][gc,marking     ] GC(1347) Concurrent Rebuild Remembered Sets and Scrub Regions 466.290ms
[4577.314s][info][gc,start       ] GC(1347) Pause Cleanup
[4577.314s][info][gc             ] GC(1347) Pause Cleanup 3009M->3009M(4096M) 0.134ms
[4577.314s][info][gc,cpu         ] GC(1347) User=0.00s Sys=0.00s Real=0.00s
[4577.314s][info][gc,marking     ] GC(1347) Concurrent Clear Claimed Marks
[4577.314s][info][gc,marking     ] GC(1347) Concurrent Clear Claimed Marks 0.027ms
[4577.314s][info][gc,marking     ] GC(1347) Concurrent Cleanup for Next Mark
[4577.327s][info][gc,marking     ] GC(1347) Concurrent Cleanup for Next Mark 12.484ms
[4577.327s][info][gc             ] GC(1347) Concurrent Mark Cycle 1625.739ms
[4577.884s][info][gc,start       ] GC(1348) Pause Young (Prepare Mixed) (G1 Evacuation Pause)
[4577.884s][info][gc,task        ] GC(1348) Using 6 workers of 6 for evacuation
[4578.014s][info][gc,phases      ] GC(1348)   Pre Evacuate Collection Set: 0.30ms
[4578.014s][info][gc,phases      ] GC(1348)   Merge Heap Roots: 0.53ms
[4578.014s][info][gc,phases      ] GC(1348)   Evacuate Collection Set: 127.80ms
[4578.014s][info][gc,phases      ] GC(1348)   Post Evacuate Collection Set: 0.80ms
[4578.014s][info][gc,phases      ] GC(1348)   Other: 0.09ms
[4578.014s][info][gc,heap        ] GC(1348) Eden regions: 1116->0(1087)
[4578.014s][info][gc,heap        ] GC(1348) Survivor regions: 112->119(154)
[4578.014s][info][gc,heap        ] GC(1348) Old regions: 508->540
[4578.014s][info][gc,heap        ] GC(1348) Humongous regions: 80->80
[4578.014s][info][gc,metaspace   ] GC(1348) Metaspace: 28964K(29376K)->28964K(29376K) NonClass: 24095K(24256K)->24095K(24256K) Class: 4869K(5120K)->4869K(5120K)
[4578.014s][info][gc             ] GC(1348) Pause Young (Prepare Mixed) (G1 Evacuation Pause) 3631M->1476M(4096M) 129.651ms
[4578.014s][info][gc,cpu         ] GC(1348) User=0.77s Sys=0.00s Real=0.13s
..[4580.133s][info][gc,start       ] GC(1349) Pause Young (Mixed) (G1 Evacuation Pause)
[4580.133s][info][gc,task        ] GC(1349) Using 6 workers of 6 for evacuation
[4580.266s][info][gc,phases      ] GC(1349)   Pre Evacuate Collection Set: 0.35ms
[4580.266s][info][gc,phases      ] GC(1349)   Merge Heap Roots: 0.74ms
[4580.266s][info][gc,phases      ] GC(1349)   Evacuate Collection Set: 131.31ms
[4580.266s][info][gc,phases      ] GC(1349)   Post Evacuate Collection Set: 0.93ms
[4580.266s][info][gc,phases      ] GC(1349)   Other: 0.09ms
[4580.266s][info][gc,heap        ] GC(1349) Eden regions: 1087->0(1119)
[4580.266s][info][gc,heap        ] GC(1349) Survivor regions: 119->109(151)
[4580.266s][info][gc,heap        ] GC(1349) Old regions: 540->475
[4580.266s][info][gc,heap        ] GC(1349) Humongous regions: 80->80
[4580.266s][info][gc,metaspace   ] GC(1349) Metaspace: 28964K(29376K)->28964K(29376K) NonClass: 24095K(24256K)->24095K(24256K) Class: 4869K(5120K)->4869K(5120K)
[4580.266s][info][gc             ] GC(1349) Pause Young (Mixed) (G1 Evacuation Pause) 3650M->1326M(4096M) 133.557ms
[4580.266s][info][gc,cpu         ] GC(1349) User=0.80s Sys=0.00s Real=0.13s
... (rIR:aIR:PR = 8164:8217:8217) (tPR = 122212) [OK] 
  4582s: Performance info:
         Transaction,    Success,    Partial,     Failed,   Receipts, AvgBarcode, 
             Overall,     497053,          0,          0,     472183,      59.48, 
         Response times:
             Request,    Success,    Partial,     Failed,   SkipFail,     Probes,    Samples,      min,      p50,      p90,      p95,      p99,      max, 
       TotalPurchase,     472144,          0,          0,          0,     354499,     457763,      300,     7600,   119000,   148000,   200000,   400000,
     InStorePurchase,     247683,          0,          0,          0,     185875,     239904,      300,     7500,   119000,   147000,   197000,   400000,
      OnlinePurchase,     175097,          0,          0,          0,     130682,     169007,      300,     7800,   119000,   149000,   202000,   333000,
        InstPurchase,      49364,          0,          0,          0,      37942,      48852,      400,     7400,   119000,   148000,   201000,   400000,
          AssocOfCat,        497,          0,          0,          0,        396,        586,    23000,    44000,   160300,   189650,   284170,   306000,
      AssocOfProduct,       4989,          0,          0,          0,       3460,       4604,      400,     7700,   116000,   148000,   195000,   345000,
      BusinessReport,       1240,          0,          0,          0,       1088,       1515,    29000,    55000,   173400,   204000,   256680,   545000,
          CustBuyBeh,       5005,          0,          0,          0,       3445,       4673,      600,     7800,   117000,   146000,   197000,   282000,
       ProductReturn,      13191,          0,          0,          0,       9992,      13130,      200,     7100,   112000,   141000,   192690,   285000,

  4582s: (60%)   IR =   8302 [4582.434s][info][gc,start       ] GC(1350) Pause Young (Concurrent Start) (G1 Evacuation Pause)
[4582.435s][info][gc,task        ] GC(1350) Using 6 workers of 6 for evacuation
[4582.551s][info][gc,phases      ] GC(1350)   Pre Evacuate Collection Set: 0.39ms
[4582.551s][info][gc,phases      ] GC(1350)   Merge Heap Roots: 0.50ms
[4582.551s][info][gc,phases      ] GC(1350)   Evacuate Collection Set: 114.24ms
[4582.551s][info][gc,phases      ] GC(1350)   Post Evacuate Collection Set: 0.87ms
[4582.551s][info][gc,phases      ] GC(1350)   Other: 0.12ms
[4582.551s][info][gc,heap        ] GC(1350) Eden regions: 1119->0(1118)
[4582.551s][info][gc,heap        ] GC(1350) Survivor regions: 109->110(154)
[4582.551s][info][gc,heap        ] GC(1350) Old regions: 475->508
[4582.551s][info][gc,heap        ] GC(1350) Humongous regions: 80->80
[4582.551s][info][gc,metaspace   ] GC(1350) Metaspace: 28964K(29376K)->28964K(29376K) NonClass: 24095K(24256K)->24095K(24256K) Class: 4869K(5120K)->4869K(5120K)
[4582.551s][info][gc             ] GC(1350) Pause Young (Concurrent Start) (G1 Evacuation Pause) 3564M->1393M(4096M) 116.243ms
[4582.551s][info][gc             ] GC(1351) Concurrent Mark Cycle
[4582.551s][info][gc,marking     ] GC(1351) Concurrent Scan Root Regions
[4582.551s][info][gc,cpu         ] GC(1350) User=0.69s Sys=0.00s Real=0.11s
[4582.784s][info][gc,marking     ] GC(1351) Concurrent Scan Root Regions 233.459ms
[4582.784s][info][gc,marking     ] GC(1351) Concurrent Mark
[4582.784s][info][gc,marking     ] GC(1351) Concurrent Mark From Roots
[4582.784s][info][gc,task        ] GC(1351) Using 2 workers of 2 for marking
.[4583.767s][info][gc,marking     ] GC(1351) Concurrent Mark From Roots 982.747ms
[4583.767s][info][gc,marking     ] GC(1351) Concurrent Preclean
[4583.767s][info][gc,marking     ] GC(1351) Concurrent Preclean 0.111ms
[4583.768s][info][gc,start       ] GC(1351) Pause Remark
[4583.774s][info][gc             ] GC(1351) Pause Remark 2587M->2587M(4096M) 6.975ms
[4583.775s][info][gc,cpu         ] GC(1351) User=0.04s Sys=0.00s Real=0.01s
[4583.775s][info][gc,marking     ] GC(1351) Concurrent Mark 990.438ms
[4583.775s][info][gc,marking     ] GC(1351) Concurrent Rebuild Remembered Sets and Scrub Regions
[4584.184s][info][gc,marking     ] GC(1351) Concurrent Rebuild Remembered Sets and Scrub Regions 409.155ms
[4584.184s][info][gc,start       ] GC(1351) Pause Cleanup
[4584.184s][info][gc             ] GC(1351) Pause Cleanup 2975M->2975M(4096M) 0.120ms
[4584.184s][info][gc,cpu         ] GC(1351) User=0.00s Sys=0.00s Real=0.00s
[4584.184s][info][gc,marking     ] GC(1351) Concurrent Clear Claimed Marks
[4584.184s][info][gc,marking     ] GC(1351) Concurrent Clear Claimed Marks 0.033ms
[4584.184s][info][gc,marking     ] GC(1351) Concurrent Cleanup for Next Mark
[4584.193s][info][gc,marking     ] GC(1351) Concurrent Cleanup for Next Mark 8.327ms
[4584.193s][info][gc             ] GC(1351) Concurrent Mark Cycle 1641.946ms
.[4584.823s][info][gc,start       ] GC(1352) Pause Young (Prepare Mixed) (G1 Evacuation Pause)
[4584.823s][info][gc,task        ] GC(1352) Using 6 workers of 6 for evacuation
[4584.944s][info][gc,phases      ] GC(1352)   Pre Evacuate Collection Set: 0.34ms
[4584.944s][info][gc,phases      ] GC(1352)   Merge Heap Roots: 0.56ms
[4584.944s][info][gc,phases      ] GC(1352)   Evacuate Collection Set: 118.96ms
[4584.944s][info][gc,phases      ] GC(1352)   Post Evacuate Collection Set: 0.94ms
[4584.944s][info][gc,phases      ] GC(1352)   Other: 0.09ms
[4584.944s][info][gc,heap        ] GC(1352) Eden regions: 1118->0(1100)
[4584.944s][info][gc,heap        ] GC(1352) Survivor regions: 110->112(154)
[4584.944s][info][gc,heap        ] GC(1352) Old regions: 508->541
[4584.944s][info][gc,heap        ] GC(1352) Humongous regions: 80->80
[4584.944s][info][gc,metaspace   ] GC(1352) Metaspace: 28964K(29376K)->28964K(29376K) NonClass: 24095K(24256K)->24095K(24256K) Class: 4869K(5120K)->4869K(5120K)
[4584.944s][info][gc             ] GC(1352) Pause Young (Prepare Mixed) (G1 Evacuation Pause) 3629M->1464M(4096M) 121.035ms
[4584.944s][info][gc,cpu         ] GC(1352) User=0.72s Sys=0.00s Real=0.12s
..[4587.100s][info][gc,start       ] GC(1353) Pause Young (Mixed) (G1 Evacuation Pause)
[4587.101s][info][gc,task        ] GC(1353) Using 6 workers of 6 for evacuation
[4587.232s][info][gc,phases      ] GC(1353)   Pre Evacuate Collection Set: 0.35ms
[4587.232s][info][gc,phases      ] GC(1353)   Merge Heap Roots: 0.76ms
[4587.232s][info][gc,phases      ] GC(1353)   Evacuate Collection Set: 129.77ms
[4587.232s][info][gc,phases      ] GC(1353)   Post Evacuate Collection Set: 0.93ms
[4587.232s][info][gc,phases      ] GC(1353)   Other: 0.10ms
[4587.232s][info][gc,heap        ] GC(1353) Eden regions: 1100->0(1120)
[4587.232s][info][gc,heap        ] GC(1353) Survivor regions: 112->108(152)
[4587.232s][info][gc,heap        ] GC(1353) Old regions: 541->476
[4587.232s][info][gc,heap        ] GC(1353) Humongous regions: 80->80
[4587.233s][info][gc,metaspace   ] GC(1353) Metaspace: 28964K(29376K)->28964K(29376K) NonClass: 24095K(24256K)->24095K(24256K) Class: 4869K(5120K)->4869K(5120K)
[4587.233s][info][gc             ] GC(1353) Pause Young (Mixed) (G1 Evacuation Pause) 3664M->1325M(4096M) 132.073ms
[4587.233s][info][gc,cpu         ] GC(1353) User=0.79s Sys=0.00s Real=0.14s
...[4589.457s][info][gc,start       ] GC(1354) Pause Young (Concurrent Start) (G1 Evacuation Pause)
[4589.457s][info][gc,task        ] GC(1354) Using 6 workers of 6 for evacuation
[4589.577s][info][gc,phases      ] GC(1354)   Pre Evacuate Collection Set: 0.34ms
[4589.577s][info][gc,phases      ] GC(1354)   Merge Heap Roots: 0.47ms
[4589.577s][info][gc,phases      ] GC(1354)   Evacuate Collection Set: 118.25ms
[4589.577s][info][gc,phases      ] GC(1354)   Post Evacuate Collection Set: 0.89ms
[4589.577s][info][gc,phases      ] GC(1354)   Other: 0.10ms
[4589.577s][info][gc,heap        ] GC(1354) Eden regions: 1120->0(1117)
[4589.577s][info][gc,heap        ] GC(1354) Survivor regions: 108->111(154)
[4589.577s][info][gc,heap        ] GC(1354) Old regions: 476->509
[4589.577s][info][gc,heap        ] GC(1354) Humongous regions: 80->80
[4589.577s][info][gc,metaspace   ] GC(1354) Metaspace: 28964K(29376K)->28964K(29376K) NonClass: 24095K(24256K)->24095K(24256K) Class: 4869K(5120K)->4869K(5120K)
[4589.577s][info][gc             ] GC(1354) Pause Young (Concurrent Start) (G1 Evacuation Pause) 3565M->1398M(4096M) 120.172ms
[4589.577s][info][gc             ] GC(1355) Concurrent Mark Cycle
[4589.577s][info][gc,marking     ] GC(1355) Concurrent Scan Root Regions
[4589.577s][info][gc,cpu         ] GC(1354) User=0.72s Sys=0.00s Real=0.12s
[4589.767s][info][gc,marking     ] GC(1355) Concurrent Scan Root Regions 189.973ms
[4589.767s][info][gc,marking     ] GC(1355) Concurrent Mark
[4589.767s][info][gc,marking     ] GC(1355) Concurrent Mark From Roots
[4589.767s][info][gc,task        ] GC(1355) Using 2 workers of 2 for marking
.[4590.737s][info][gc,marking     ] GC(1355) Concurrent Mark From Roots 969.895ms
[4590.737s][info][gc,marking     ] GC(1355) Concurrent Preclean
[4590.737s][info][gc,marking     ] GC(1355) Concurrent Preclean 0.119ms
[4590.741s][info][gc,start       ] GC(1355) Pause Remark
[4590.747s][info][gc             ] GC(1355) Pause Remark 2496M->2496M(4096M) 5.745ms
[4590.747s][info][gc,cpu         ] GC(1355) User=0.03s Sys=0.00s Real=0.01s
[4590.747s][info][gc,marking     ] GC(1355) Concurrent Mark 980.009ms
[4590.747s][info][gc,marking     ] GC(1355) Concurrent Rebuild Remembered Sets and Scrub Regions
[4591.155s][info][gc,marking     ] GC(1355) Concurrent Rebuild Remembered Sets and Scrub Regions 407.322ms
[4591.155s][info][gc,start       ] GC(1355) Pause Cleanup
[4591.155s][info][gc             ] GC(1355) Pause Cleanup 2897M->2897M(4096M) 0.112ms
[4591.155s][info][gc,cpu         ] GC(1355) User=0.00s Sys=0.00s Real=0.00s
[4591.155s][info][gc,marking     ] GC(1355) Concurrent Clear Claimed Marks
[4591.155s][info][gc,marking     ] GC(1355) Concurrent Clear Claimed Marks 0.024ms
[4591.155s][info][gc,marking     ] GC(1355) Concurrent Cleanup for Next Mark
[4591.170s][info][gc,marking     ] GC(1355) Concurrent Cleanup for Next Mark 14.576ms
[4591.170s][info][gc             ] GC(1355) Concurrent Mark Cycle 1592.596ms
.[4591.760s][info][gc,start       ] GC(1356) Pause Young (Prepare Mixed) (G1 Evacuation Pause)
[4591.760s][info][gc,task        ] GC(1356) Using 6 workers of 6 for evacuation
[4591.878s][info][gc,phases      ] GC(1356)   Pre Evacuate Collection Set: 0.36ms
[4591.878s][info][gc,phases      ] GC(1356)   Merge Heap Roots: 0.51ms
[4591.878s][info][gc,phases      ] GC(1356)   Evacuate Collection Set: 116.41ms
[4591.878s][info][gc,phases      ] GC(1356)   Post Evacuate Collection Set: 0.91ms
[4591.878s][info][gc,phases      ] GC(1356)   Other: 0.09ms
[4591.878s][info][gc,heap        ] GC(1356) Eden regions: 1117->0(1105)
[4591.878s][info][gc,heap        ] GC(1356) Survivor regions: 111->110(154)
[4591.878s][info][gc,heap        ] GC(1356) Old regions: 509->540
[4591.878s][info][gc,heap        ] GC(1356) Humongous regions: 80->80
[4591.878s][info][gc,metaspace   ] GC(1356) Metaspace: 28964K(29376K)->28964K(29376K) NonClass: 24095K(24256K)->24095K(24256K) Class: 4869K(5120K)->4869K(5120K)
[4591.878s][info][gc             ] GC(1356) Pause Young (Prepare Mixed) (G1 Evacuation Pause) 3632M->1458M(4096M) 118.403ms
[4591.878s][info][gc,cpu         ] GC(1356) User=0.70s Sys=0.00s Real=0.12s
..[4594.075s][info][gc,start       ] GC(1357) Pause Young (Mixed) (G1 Evacuation Pause)
[4594.075s][info][gc,task        ] GC(1357) Using 6 workers of 6 for evacuation
[4594.207s][info][gc,phases      ] GC(1357)   Pre Evacuate Collection Set: 0.42ms
[4594.207s][info][gc,phases      ] GC(1357)   Merge Heap Roots: 0.73ms
[4594.207s][info][gc,phases      ] GC(1357)   Evacuate Collection Set: 129.78ms
[4594.207s][info][gc,phases      ] GC(1357)   Post Evacuate Collection Set: 0.95ms
[4594.207s][info][gc,phases      ] GC(1357)   Other: 0.10ms
[4594.207s][info][gc,heap        ] GC(1357) Eden regions: 1105->0(1120)
[4594.207s][info][gc,heap        ] GC(1357) Survivor regions: 110->108(152)
[4594.207s][info][gc,heap        ] GC(1357) Old regions: 540->475
[4594.207s][info][gc,heap        ] GC(1357) Humongous regions: 80->80
[4594.207s][info][gc,metaspace   ] GC(1357) Metaspace: 28964K(29376K)->28964K(29376K) NonClass: 24095K(24256K)->24095K(24256K) Class: 4869K(5120K)->4869K(5120K)
[4594.207s][info][gc             ] GC(1357) Pause Young (Mixed) (G1 Evacuation Pause) 3668M->1324M(4096M) 132.111ms
[4594.207s][info][gc,cpu         ] GC(1357) User=0.79s Sys=0.00s Real=0.13s
..[4596.303s][info][gc,start       ] GC(1358) Pause Young (Concurrent Start) (G1 Evacuation Pause)
[4596.303s][info][gc,task        ] GC(1358) Using 6 workers of 6 for evacuation
[4596.426s][info][gc,phases      ] GC(1358)   Pre Evacuate Collection Set: 0.38ms
[4596.426s][info][gc,phases      ] GC(1358)   Merge Heap Roots: 0.45ms
[4596.426s][info][gc,phases      ] GC(1358)   Evacuate Collection Set: 120.89ms
[4596.426s][info][gc,phases      ] GC(1358)   Post Evacuate Collection Set: 0.84ms
[4596.426s][info][gc,phases      ] GC(1358)   Other: 0.10ms
[4596.426s][info][gc,heap        ] GC(1358) Eden regions: 1120->0(1113)
[4596.426s][info][gc,heap        ] GC(1358) Survivor regions: 108->115(154)
[4596.426s][info][gc,heap        ] GC(1358) Old regions: 475->506
[4596.426s][info][gc,heap        ] GC(1358) Humongous regions: 80->80
[4596.426s][info][gc,metaspace   ] GC(1358) Metaspace: 28964K(29376K)->28964K(29376K) NonClass: 24095K(24256K)->24095K(24256K) Class: 4869K(5120K)->4869K(5120K)
[4596.426s][info][gc             ] GC(1358) Pause Young (Concurrent Start) (G1 Evacuation Pause) 3564M->1401M(4096M) 122.795ms
[4596.426s][info][gc             ] GC(1359) Concurrent Mark Cycle
[4596.426s][info][gc,marking     ] GC(1359) Concurrent Scan Root Regions
[4596.426s][info][gc,cpu         ] GC(1358) User=0.73s Sys=0.00s Real=0.12s
[4596.573s][info][gc,marking     ] GC(1359) Concurrent Scan Root Regions 146.362ms
[4596.573s][info][gc,marking     ] GC(1359) Concurrent Mark
[4596.573s][info][gc,marking     ] GC(1359) Concurrent Mark From Roots
[4596.573s][info][gc,task        ] GC(1359) Using 2 workers of 2 for marking
.[4597.313s][info][gc,marking     ] GC(1359) Concurrent Mark From Roots 739.908ms
[4597.313s][info][gc,marking     ] GC(1359) Concurrent Preclean
[4597.313s][info][gc,marking     ] GC(1359) Concurrent Preclean 0.127ms
[4597.314s][info][gc,start       ] GC(1359) Pause Remark
[4597.316s][info][gc             ] GC(1359) Pause Remark 2227M->2227M(4096M) 2.102ms
[4597.316s][info][gc,cpu         ] GC(1359) User=0.01s Sys=0.00s Real=0.00s
[4597.316s][info][gc,marking     ] GC(1359) Concurrent Mark 743.659ms
[4597.316s][info][gc,marking     ] GC(1359) Concurrent Rebuild Remembered Sets and Scrub Regions
[4597.586s][info][gc,marking     ] GC(1359) Concurrent Rebuild Remembered Sets and Scrub Regions 269.161ms
[4597.586s][info][gc,start       ] GC(1359) Pause Cleanup
[4597.586s][info][gc             ] GC(1359) Pause Cleanup 2496M->2496M(4096M) 0.115ms
[4597.586s][info][gc,cpu         ] GC(1359) User=0.00s Sys=0.00s Real=0.00s
[4597.586s][info][gc,marking     ] GC(1359) Concurrent Clear Claimed Marks
[4597.586s][info][gc,marking     ] GC(1359) Concurrent Clear Claimed Marks 0.024ms
[4597.586s][info][gc,marking     ] GC(1359) Concurrent Cleanup for Next Mark
[4597.591s][info][gc,marking     ] GC(1359) Concurrent Cleanup for Next Mark 5.516ms
[4597.592s][info][gc             ] GC(1359) Concurrent Mark Cycle 1165.296ms
.[4598.553s][info][gc,start       ] GC(1360) Pause Young (Prepare Mixed) (G1 Evacuation Pause)
[4598.553s][info][gc,task        ] GC(1360) Using 6 workers of 6 for evacuation
[4598.672s][info][gc,phases      ] GC(1360)   Pre Evacuate Collection Set: 0.33ms
[4598.672s][info][gc,phases      ] GC(1360)   Merge Heap Roots: 0.53ms
[4598.672s][info][gc,phases      ] GC(1360)   Evacuate Collection Set: 117.54ms
[4598.672s][info][gc,phases      ] GC(1360)   Post Evacuate Collection Set: 0.95ms
[4598.672s][info][gc,phases      ] GC(1360)   Other: 0.09ms
[4598.672s][info][gc,heap        ] GC(1360) Eden regions: 1113->0(1103)
[4598.672s][info][gc,heap        ] GC(1360) Survivor regions: 115->112(154)
[4598.672s][info][gc,heap        ] GC(1360) Old regions: 506->538
[4598.672s][info][gc,heap        ] GC(1360) Humongous regions: 80->80
[4598.672s][info][gc,metaspace   ] GC(1360) Metaspace: 28964K(29376K)->28964K(29376K) NonClass: 24095K(24256K)->24095K(24256K) Class: 4869K(5120K)->4869K(5120K)
[4598.672s][info][gc             ] GC(1360) Pause Young (Prepare Mixed) (G1 Evacuation Pause) 3627M->1458M(4096M) 119.560ms
[4598.672s][info][gc,cpu         ] GC(1360) User=0.71s Sys=0.00s Real=0.11s
...[4600.840s][info][gc,start       ] GC(1361) Pause Young (Mixed) (G1 Evacuation Pause)
[4600.840s][info][gc,task        ] GC(1361) Using 6 workers of 6 for evacuation
[4600.978s][info][gc,phases      ] GC(1361)   Pre Evacuate Collection Set: 0.36ms
[4600.978s][info][gc,phases      ] GC(1361)   Merge Heap Roots: 0.72ms
[4600.978s][info][gc,phases      ] GC(1361)   Evacuate Collection Set: 135.29ms
[4600.978s][info][gc,phases      ] GC(1361)   Post Evacuate Collection Set: 0.93ms
[4600.978s][info][gc,phases      ] GC(1361)   Other: 0.09ms
[4600.978s][info][gc,heap        ] GC(1361) Eden regions: 1103->0(1116)
[4600.978s][info][gc,heap        ] GC(1361) Survivor regions: 112->112(152)
[4600.978s][info][gc,heap        ] GC(1361) Old regions: 538->475
[4600.978s][info][gc,heap        ] GC(1361) Humongous regions: 80->80
[4600.978s][info][gc,metaspace   ] GC(1361) Metaspace: 28964K(29376K)->28964K(29376K) NonClass: 24095K(24256K)->24095K(24256K) Class: 4869K(5120K)->4869K(5120K)
[4600.978s][info][gc             ] GC(1361) Pause Young (Mixed) (G1 Evacuation Pause) 3664M->1331M(4096M) 137.501ms
[4600.978s][info][gc,cpu         ] GC(1361) User=0.82s Sys=0.00s Real=0.14s
..[4603.152s][info][gc,start       ] GC(1362) Pause Young (Concurrent Start) (G1 Evacuation Pause)
[4603.152s][info][gc,task        ] GC(1362) Using 6 workers of 6 for evacuation
[4603.275s][info][gc,phases      ] GC(1362)   Pre Evacuate Collection Set: 0.37ms
[4603.275s][info][gc,phases      ] GC(1362)   Merge Heap Roots: 0.48ms
[4603.275s][info][gc,phases      ] GC(1362)   Evacuate Collection Set: 120.43ms
[4603.275s][info][gc,phases      ] GC(1362)   Post Evacuate Collection Set: 0.95ms
[4603.275s][info][gc,phases      ] GC(1362)   Other: 0.12ms
[4603.275s][info][gc,heap        ] GC(1362) Eden regions: 1116->0(1116)
[4603.275s][info][gc,heap        ] GC(1362) Survivor regions: 112->112(154)
[4603.275s][info][gc,heap        ] GC(1362) Old regions: 475->507
[4603.275s][info][gc,heap        ] GC(1362) Humongous regions: 80->80
[4603.275s][info][gc,metaspace   ] GC(1362) Metaspace: 28964K(29376K)->28964K(29376K) NonClass: 24095K(24256K)->24095K(24256K) Class: 4869K(5120K)->4869K(5120K)
[4603.275s][info][gc             ] GC(1362) Pause Young (Concurrent Start) (G1 Evacuation Pause) 3563M->1397M(4096M) 122.485ms
[4603.275s][info][gc             ] GC(1363) Concurrent Mark Cycle
[4603.275s][info][gc,marking     ] GC(1363) Concurrent Scan Root Regions
[4603.275s][info][gc,cpu         ] GC(1362) User=0.72s Sys=0.00s Real=0.13s
[4603.423s][info][gc,marking     ] GC(1363) Concurrent Scan Root Regions 148.712ms
[4603.424s][info][gc,marking     ] GC(1363) Concurrent Mark
[4603.424s][info][gc,marking     ] GC(1363) Concurrent Mark From Roots
[4603.424s][info][gc,task        ] GC(1363) Using 2 workers of 2 for marking
.[4604.213s][info][gc,marking     ] GC(1363) Concurrent Mark From Roots 789.147ms
[4604.213s][info][gc,marking     ] GC(1363) Concurrent Preclean
[4604.213s][info][gc,marking     ] GC(1363) Concurrent Preclean 0.116ms
[4604.215s][info][gc,start       ] GC(1363) Pause Remark
[4604.220s][info][gc             ] GC(1363) Pause Remark 2221M->2221M(4096M) 4.935ms
[4604.220s][info][gc,cpu         ] GC(1363) User=0.03s Sys=0.00s Real=0.00s
[4604.222s][info][gc,marking     ] GC(1363) Concurrent Mark 798.034ms
[4604.222s][info][gc,marking     ] GC(1363) Concurrent Rebuild Remembered Sets and Scrub Regions
[4604.513s][info][gc,marking     ] GC(1363) Concurrent Rebuild Remembered Sets and Scrub Regions 291.115ms
[4604.513s][info][gc,start       ] GC(1363) Pause Cleanup
[4604.513s][info][gc             ] GC(1363) Pause Cleanup 2517M->2517M(4096M) 0.124ms
[4604.513s][info][gc,cpu         ] GC(1363) User=0.00s Sys=0.00s Real=0.00s
[4604.513s][info][gc,marking     ] GC(1363) Concurrent Clear Claimed Marks
[4604.513s][info][gc,marking     ] GC(1363) Concurrent Clear Claimed Marks 0.027ms
[4604.513s][info][gc,marking     ] GC(1363) Concurrent Cleanup for Next Mark
[4604.520s][info][gc,marking     ] GC(1363) Concurrent Cleanup for Next Mark 7.148ms
[4604.520s][info][gc             ] GC(1363) Concurrent Mark Cycle 1245.638ms
.[4605.330s][info][gc,start       ] GC(1364) Pause Young (Prepare Mixed) (G1 Evacuation Pause)
[4605.330s][info][gc,task        ] GC(1364) Using 6 workers of 6 for evacuation
[4605.447s][info][gc,phases      ] GC(1364)   Pre Evacuate Collection Set: 0.31ms
[4605.447s][info][gc,phases      ] GC(1364)   Merge Heap Roots: 0.49ms
[4605.447s][info][gc,phases      ] GC(1364)   Evacuate Collection Set: 115.07ms
[4605.447s][info][gc,phases      ] GC(1364)   Post Evacuate Collection Set: 0.95ms
[4605.447s][info][gc,phases      ] GC(1364)   Other: 0.09ms
[4605.447s][info][gc,heap        ] GC(1364) Eden regions: 1116->0(1108)
[4605.447s][info][gc,heap        ] GC(1364) Survivor regions: 112->109(154)
[4605.447s][info][gc,heap        ] GC(1364) Old regions: 507->539
[4605.447s][info][gc,heap        ] GC(1364) Humongous regions: 80->80
[4605.447s][info][gc,metaspace   ] GC(1364) Metaspace: 28964K(29376K)->28964K(29376K) NonClass: 24095K(24256K)->24095K(24256K) Class: 4869K(5120K)->4869K(5120K)
[4605.447s][info][gc             ] GC(1364) Pause Young (Prepare Mixed) (G1 Evacuation Pause) 3629M->1454M(4096M) 117.072ms
[4605.447s][info][gc,cpu         ] GC(1364) User=0.69s Sys=0.00s Real=0.12s
..[4607.592s][info][gc,start       ] GC(1365) Pause Young (Mixed) (G1 Evacuation Pause)
[4607.592s][info][gc,task        ] GC(1365) Using 6 workers of 6 for evacuation
[4607.733s][info][gc,phases      ] GC(1365)   Pre Evacuate Collection Set: 0.39ms
[4607.733s][info][gc,phases      ] GC(1365)   Merge Heap Roots: 0.89ms
[4607.733s][info][gc,phases      ] GC(1365)   Evacuate Collection Set: 138.15ms
[4607.733s][info][gc,phases      ] GC(1365)   Post Evacuate Collection Set: 0.99ms
[4607.733s][info][gc,phases      ] GC(1365)   Other: 0.10ms
[4607.733s][info][gc,heap        ] GC(1365) Eden regions: 1108->0(1116)
[4607.733s][info][gc,heap        ] GC(1365) Survivor regions: 109->112(153)
[4607.733s][info][gc,heap        ] GC(1365) Old regions: 539->476
[4607.733s][info][gc,heap        ] GC(1365) Humongous regions: 80->80
[4607.733s][info][gc,metaspace   ] GC(1365) Metaspace: 28964K(29376K)->28964K(29376K) NonClass: 24095K(24256K)->24095K(24256K) Class: 4869K(5120K)->4869K(5120K)
[4607.733s][info][gc             ] GC(1365) Pause Young (Mixed) (G1 Evacuation Pause) 3670M->1333M(4096M) 140.657ms
[4607.733s][info][gc,cpu         ] GC(1365) User=0.83s Sys=0.00s Real=0.15s
.|.[4609.853s][info][gc,start       ] GC(1366) Pause Young (Concurrent Start) (G1 Evacuation Pause)
[4609.853s][info][gc,task        ] GC(1366) Using 6 workers of 6 for evacuation
[4609.974s][info][gc,phases      ] GC(1366)   Pre Evacuate Collection Set: 0.33ms
[4609.974s][info][gc,phases      ] GC(1366)   Merge Heap Roots: 0.51ms
[4609.974s][info][gc,phases      ] GC(1366)   Evacuate Collection Set: 119.82ms
[4609.974s][info][gc,phases      ] GC(1366)   Post Evacuate Collection Set: 0.93ms
[4609.974s][info][gc,phases      ] GC(1366)   Other: 0.10ms
[4609.974s][info][gc,heap        ] GC(1366) Eden regions: 1116->0(1113)
[4609.974s][info][gc,heap        ] GC(1366) Survivor regions: 112->115(154)
[4609.974s][info][gc,heap        ] GC(1366) Old regions: 476->508
[4609.974s][info][gc,heap        ] GC(1366) Humongous regions: 80->80
[4609.974s][info][gc,metaspace   ] GC(1366) Metaspace: 28964K(29376K)->28964K(29376K) NonClass: 24095K(24256K)->24095K(24256K) Class: 4869K(5120K)->4869K(5120K)
[4609.974s][info][gc             ] GC(1366) Pause Young (Concurrent Start) (G1 Evacuation Pause) 3565M->1403M(4096M) 121.860ms
[4609.975s][info][gc             ] GC(1367) Concurrent Mark Cycle
[4609.975s][info][gc,marking     ] GC(1367) Concurrent Scan Root Regions
[4609.975s][info][gc,cpu         ] GC(1366) User=0.72s Sys=0.00s Real=0.12s
.[4610.127s][info][gc,marking     ] GC(1367) Concurrent Scan Root Regions 152.158ms
[4610.127s][info][gc,marking     ] GC(1367) Concurrent Mark
[4610.127s][info][gc,marking     ] GC(1367) Concurrent Mark From Roots
[4610.127s][info][gc,task        ] GC(1367) Using 2 workers of 2 for marking
[4610.818s][info][gc,marking     ] GC(1367) Concurrent Mark From Roots 691.678ms
[4610.819s][info][gc,marking     ] GC(1367) Concurrent Preclean
[4610.819s][info][gc,marking     ] GC(1367) Concurrent Preclean 0.115ms
[4610.819s][info][gc,start       ] GC(1367) Pause Remark
[4610.825s][info][gc             ] GC(1367) Pause Remark 2153M->2153M(4096M) 5.863ms
[4610.825s][info][gc,cpu         ] GC(1367) User=0.03s Sys=0.00s Real=0.01s
[4610.825s][info][gc,marking     ] GC(1367) Concurrent Mark 698.032ms
[4610.825s][info][gc,marking     ] GC(1367) Concurrent Rebuild Remembered Sets and Scrub Regions
.[4611.176s][info][gc,marking     ] GC(1367) Concurrent Rebuild Remembered Sets and Scrub Regions 351.563ms
[4611.178s][info][gc,start       ] GC(1367) Pause Cleanup
[4611.178s][info][gc             ] GC(1367) Pause Cleanup 2465M->2465M(4096M) 0.132ms
[4611.178s][info][gc,cpu         ] GC(1367) User=0.00s Sys=0.00s Real=0.00s
[4611.178s][info][gc,marking     ] GC(1367) Concurrent Clear Claimed Marks
[4611.178s][info][gc,marking     ] GC(1367) Concurrent Clear Claimed Marks 0.033ms
[4611.178s][info][gc,marking     ] GC(1367) Concurrent Cleanup for Next Mark
[4611.184s][info][gc,marking     ] GC(1367) Concurrent Cleanup for Next Mark 5.607ms
[4611.184s][info][gc             ] GC(1367) Concurrent Mark Cycle 1209.431ms
.[4612.166s][info][gc,start       ] GC(1368) Pause Young (Prepare Mixed) (G1 Evacuation Pause)
[4612.166s][info][gc,task        ] GC(1368) Using 6 workers of 6 for evacuation
[4612.284s][info][gc,phases      ] GC(1368)   Pre Evacuate Collection Set: 0.31ms
[4612.284s][info][gc,phases      ] GC(1368)   Merge Heap Roots: 0.50ms
[4612.284s][info][gc,phases      ] GC(1368)   Evacuate Collection Set: 116.95ms
[4612.284s][info][gc,phases      ] GC(1368)   Post Evacuate Collection Set: 0.95ms
[4612.284s][info][gc,phases      ] GC(1368)   Other: 0.09ms
[4612.284s][info][gc,heap        ] GC(1368) Eden regions: 1113->0(1104)
[4612.284s][info][gc,heap        ] GC(1368) Survivor regions: 115->111(154)
[4612.284s][info][gc,heap        ] GC(1368) Old regions: 508->539
[4612.284s][info][gc,heap        ] GC(1368) Humongous regions: 80->80
[4612.284s][info][gc,metaspace   ] GC(1368) Metaspace: 28964K(29376K)->28964K(29376K) NonClass: 24095K(24256K)->24095K(24256K) Class: 4869K(5120K)->4869K(5120K)
[4612.285s][info][gc             ] GC(1368) Pause Young (Prepare Mixed) (G1 Evacuation Pause) 3629M->1458M(4096M) 118.942ms
[4612.285s][info][gc,cpu         ] GC(1368) User=0.70s Sys=0.01s Real=0.12s
..[4614.442s][info][gc,start       ] GC(1369) Pause Young (Mixed) (G1 Evacuation Pause)
[4614.442s][info][gc,task        ] GC(1369) Using 6 workers of 6 for evacuation
[4614.580s][info][gc,phases      ] GC(1369)   Pre Evacuate Collection Set: 0.34ms
[4614.580s][info][gc,phases      ] GC(1369)   Merge Heap Roots: 0.74ms
[4614.580s][info][gc,phases      ] GC(1369)   Evacuate Collection Set: 135.84ms
[4614.580s][info][gc,phases      ] GC(1369)   Post Evacuate Collection Set: 0.92ms
[4614.580s][info][gc,phases      ] GC(1369)   Other: 0.08ms
[4614.580s][info][gc,heap        ] GC(1369) Eden regions: 1104->0(1117)
[4614.580s][info][gc,heap        ] GC(1369) Survivor regions: 111->111(152)
[4614.580s][info][gc,heap        ] GC(1369) Old regions: 539->475
[4614.580s][info][gc,heap        ] GC(1369) Humongous regions: 80->80
[4614.580s][info][gc,metaspace   ] GC(1369) Metaspace: 28964K(29376K)->28964K(29376K) NonClass: 24095K(24256K)->24095K(24256K) Class: 4869K(5120K)->4869K(5120K)
[4614.580s][info][gc             ] GC(1369) Pause Young (Mixed) (G1 Evacuation Pause) 3666M->1330M(4096M) 138.071ms
[4614.580s][info][gc,cpu         ] GC(1369) User=0.82s Sys=0.00s Real=0.14s
..[4616.681s][info][gc,start       ] GC(1370) Pause Young (Concurrent Start) (G1 Evacuation Pause)
[4616.681s][info][gc,task        ] GC(1370) Using 6 workers of 6 for evacuation
[4616.800s][info][gc,phases      ] GC(1370)   Pre Evacuate Collection Set: 0.37ms
[4616.800s][info][gc,phases      ] GC(1370)   Merge Heap Roots: 0.53ms
[4616.800s][info][gc,phases      ] GC(1370)   Evacuate Collection Set: 116.21ms
[4616.800s][info][gc,phases      ] GC(1370)   Post Evacuate Collection Set: 0.88ms
[4616.800s][info][gc,phases      ] GC(1370)   Other: 0.13ms
[4616.800s][info][gc,heap        ] GC(1370) Eden regions: 1117->0(1117)
[4616.800s][info][gc,heap        ] GC(1370) Survivor regions: 111->111(154)
[4616.800s][info][gc,heap        ] GC(1370) Old regions: 475->506
[4616.800s][info][gc,heap        ] GC(1370) Humongous regions: 80->80
[4616.800s][info][gc,metaspace   ] GC(1370) Metaspace: 28964K(29376K)->28964K(29376K) NonClass: 24095K(24256K)->24095K(24256K) Class: 4869K(5120K)->4869K(5120K)
[4616.800s][info][gc             ] GC(1370) Pause Young (Concurrent Start) (G1 Evacuation Pause) 3564M->1392M(4096M) 118.259ms
[4616.800s][info][gc             ] GC(1371) Concurrent Mark Cycle
[4616.800s][info][gc,marking     ] GC(1371) Concurrent Scan Root Regions
[4616.800s][info][gc,cpu         ] GC(1370) User=0.71s Sys=0.00s Real=0.12s
[4616.979s][info][gc,marking     ] GC(1371) Concurrent Scan Root Regions 179.692ms
[4616.979s][info][gc,marking     ] GC(1371) Concurrent Mark
[4616.979s][info][gc,marking     ] GC(1371) Concurrent Mark From Roots
[4616.979s][info][gc,task        ] GC(1371) Using 2 workers of 2 for marking
.[4617.994s][info][gc,marking     ] GC(1371) Concurrent Mark From Roots 1014.599ms
[4617.994s][info][gc,marking     ] GC(1371) Concurrent Preclean
[4617.994s][info][gc,marking     ] GC(1371) Concurrent Preclean 0.099ms
[4617.997s][info][gc,start       ] GC(1371) Pause Remark
[4618.004s][info][gc             ] GC(1371) Pause Remark 2526M->2526M(4096M) 7.811ms
[4618.004s][info][gc,cpu         ] GC(1371) User=0.04s Sys=0.00s Real=0.01s
[4618.004s][info][gc,marking     ] GC(1371) Concurrent Mark 1024.997ms
[4618.004s][info][gc,marking     ] GC(1371) Concurrent Rebuild Remembered Sets and Scrub Regions
.[4618.362s][info][gc,marking     ] GC(1371) Concurrent Rebuild Remembered Sets and Scrub Regions 357.145ms
[4618.362s][info][gc,start       ] GC(1371) Pause Cleanup
[4618.362s][info][gc             ] GC(1371) Pause Cleanup 2894M->2894M(4096M) 0.116ms
[4618.362s][info][gc,cpu         ] GC(1371) User=0.00s Sys=0.00s Real=0.00s
[4618.362s][info][gc,marking     ] GC(1371) Concurrent Clear Claimed Marks
[4618.362s][info][gc,marking     ] GC(1371) Concurrent Clear Claimed Marks 0.027ms
[4618.362s][info][gc,marking     ] GC(1371) Concurrent Cleanup for Next Mark
[4618.367s][info][gc,marking     ] GC(1371) Concurrent Cleanup for Next Mark 5.205ms
[4618.367s][info][gc             ] GC(1371) Concurrent Mark Cycle 1567.624ms
[4618.877s][info][gc,start       ] GC(1372) Pause Young (Prepare Mixed) (G1 Evacuation Pause)
[4618.877s][info][gc,task        ] GC(1372) Using 6 workers of 6 for evacuation
[4619.023s][info][gc,phases      ] GC(1372)   Pre Evacuate Collection Set: 0.32ms
[4619.023s][info][gc,phases      ] GC(1372)   Merge Heap Roots: 0.52ms
[4619.023s][info][gc,phases      ] GC(1372)   Evacuate Collection Set: 144.55ms
[4619.023s][info][gc,phases      ] GC(1372)   Post Evacuate Collection Set: 0.94ms
[4619.023s][info][gc,phases      ] GC(1372)   Other: 0.08ms
[4619.023s][info][gc,heap        ] GC(1372) Eden regions: 1117->0(1097)
[4619.023s][info][gc,heap        ] GC(1372) Survivor regions: 111->115(154)
[4619.023s][info][gc,heap        ] GC(1372) Old regions: 506->538
[4619.023s][info][gc,heap        ] GC(1372) Humongous regions: 80->80
[4619.023s][info][gc,metaspace   ] GC(1372) Metaspace: 28964K(29376K)->28964K(29376K) NonClass: 24095K(24256K)->24095K(24256K) Class: 4869K(5120K)->4869K(5120K)
[4619.023s][info][gc             ] GC(1372) Pause Young (Prepare Mixed) (G1 Evacuation Pause) 3626M->1464M(4096M) 146.541ms
[4619.023s][info][gc,cpu         ] GC(1372) User=0.73s Sys=0.00s Real=0.15s
..[4621.105s][info][gc,start       ] GC(1373) Pause Young (Mixed) (G1 Evacuation Pause)
[4621.105s][info][gc,task        ] GC(1373) Using 6 workers of 6 for evacuation
[4621.241s][info][gc,phases      ] GC(1373)   Pre Evacuate Collection Set: 0.33ms
[4621.242s][info][gc,phases      ] GC(1373)   Merge Heap Roots: 0.68ms
[4621.242s][info][gc,phases      ] GC(1373)   Evacuate Collection Set: 134.66ms
[4621.242s][info][gc,phases      ] GC(1373)   Post Evacuate Collection Set: 0.92ms
[4621.242s][info][gc,phases      ] GC(1373)   Other: 0.08ms
[4621.242s][info][gc,heap        ] GC(1373) Eden regions: 1097->0(1118)
[4621.242s][info][gc,heap        ] GC(1373) Survivor regions: 115->110(152)
[4621.242s][info][gc,heap        ] GC(1373) Old regions: 538->475
[4621.242s][info][gc,heap        ] GC(1373) Humongous regions: 80->80
[4621.242s][info][gc,metaspace   ] GC(1373) Metaspace: 28964K(29376K)->28964K(29376K) NonClass: 24095K(24256K)->24095K(24256K) Class: 4869K(5120K)->4869K(5120K)
[4621.242s][info][gc             ] GC(1373) Pause Young (Mixed) (G1 Evacuation Pause) 3658M->1329M(4096M) 136.835ms
[4621.242s][info][gc,cpu         ] GC(1373) User=0.82s Sys=0.00s Real=0.13s
...[4623.360s][info][gc,start       ] GC(1374) Pause Young (Concurrent Start) (G1 Evacuation Pause)
[4623.360s][info][gc,task        ] GC(1374) Using 6 workers of 6 for evacuation
[4623.477s][info][gc,phases      ] GC(1374)   Pre Evacuate Collection Set: 0.40ms
[4623.477s][info][gc,phases      ] GC(1374)   Merge Heap Roots: 0.47ms
[4623.477s][info][gc,phases      ] GC(1374)   Evacuate Collection Set: 114.68ms
[4623.477s][info][gc,phases      ] GC(1374)   Post Evacuate Collection Set: 0.89ms
[4623.477s][info][gc,phases      ] GC(1374)   Other: 0.12ms
[4623.477s][info][gc,heap        ] GC(1374) Eden regions: 1118->0(1118)
[4623.477s][info][gc,heap        ] GC(1374) Survivor regions: 110->110(154)
[4623.477s][info][gc,heap        ] GC(1374) Old regions: 475->507
[4623.477s][info][gc,heap        ] GC(1374) Humongous regions: 80->80
[4623.477s][info][gc,metaspace   ] GC(1374) Metaspace: 28964K(29376K)->28964K(29376K) NonClass: 24095K(24256K)->24095K(24256K) Class: 4869K(5120K)->4869K(5120K)
[4623.477s][info][gc             ] GC(1374) Pause Young (Concurrent Start) (G1 Evacuation Pause) 3565M->1392M(4096M) 116.684ms
[4623.477s][info][gc             ] GC(1375) Concurrent Mark Cycle
[4623.477s][info][gc,marking     ] GC(1375) Concurrent Scan Root Regions
[4623.477s][info][gc,cpu         ] GC(1374) User=0.69s Sys=0.00s Real=0.12s
[4623.659s][info][gc,marking     ] GC(1375) Concurrent Scan Root Regions 182.314ms
[4623.660s][info][gc,marking     ] GC(1375) Concurrent Mark
[4623.660s][info][gc,marking     ] GC(1375) Concurrent Mark From Roots
[4623.660s][info][gc,task        ] GC(1375) Using 2 workers of 2 for marking
.[4624.625s][info][gc,marking     ] GC(1375) Concurrent Mark From Roots 965.475ms
[4624.625s][info][gc,marking     ] GC(1375) Concurrent Preclean
[4624.625s][info][gc,marking     ] GC(1375) Concurrent Preclean 0.098ms
[4624.628s][info][gc,start       ] GC(1375) Pause Remark
[4624.635s][info][gc             ] GC(1375) Pause Remark 2512M->2512M(4096M) 6.763ms
[4624.635s][info][gc,cpu         ] GC(1375) User=0.04s Sys=0.00s Real=0.01s
[4624.635s][info][gc,marking     ] GC(1375) Concurrent Mark 975.529ms
[4624.635s][info][gc,marking     ] GC(1375) Concurrent Rebuild Remembered Sets and Scrub Regions
[4624.874s][info][gc,marking     ] GC(1375) Concurrent Rebuild Remembered Sets and Scrub Regions 239.333ms
[4624.877s][info][gc,start       ] GC(1375) Pause Cleanup
[4624.877s][info][gc             ] GC(1375) Pause Cleanup 2748M->2748M(4096M) 0.136ms
[4624.877s][info][gc,cpu         ] GC(1375) User=0.00s Sys=0.00s Real=0.00s
[4624.877s][info][gc,marking     ] GC(1375) Concurrent Clear Claimed Marks
[4624.877s][info][gc,marking     ] GC(1375) Concurrent Clear Claimed Marks 0.023ms
[4624.877s][info][gc,marking     ] GC(1375) Concurrent Cleanup for Next Mark
[4624.967s][info][gc,marking     ] GC(1375) Concurrent Cleanup for Next Mark 90.037ms
[4624.967s][info][gc             ] GC(1375) Concurrent Mark Cycle 1490.079ms
.[4625.734s][info][gc,start       ] GC(1376) Pause Young (Prepare Mixed) (G1 Evacuation Pause)
[4625.734s][info][gc,task        ] GC(1376) Using 6 workers of 6 for evacuation
[4625.854s][info][gc,phases      ] GC(1376)   Pre Evacuate Collection Set: 0.35ms
[4625.854s][info][gc,phases      ] GC(1376)   Merge Heap Roots: 0.53ms
[4625.854s][info][gc,phases      ] GC(1376)   Evacuate Collection Set: 117.49ms
[4625.854s][info][gc,phases      ] GC(1376)   Post Evacuate Collection Set: 0.90ms
[4625.854s][info][gc,phases      ] GC(1376)   Other: 0.08ms
[4625.854s][info][gc,heap        ] GC(1376) Eden regions: 1118->0(1102)
[4625.854s][info][gc,heap        ] GC(1376) Survivor regions: 110->112(154)
[4625.854s][info][gc,heap        ] GC(1376) Old regions: 507->539
[4625.854s][info][gc,heap        ] GC(1376) Humongous regions: 80->80
[4625.854s][info][gc,metaspace   ] GC(1376) Metaspace: 28964K(29376K)->28964K(29376K) NonClass: 24095K(24256K)->24095K(24256K) Class: 4869K(5120K)->4869K(5120K)
[4625.854s][info][gc             ] GC(1376) Pause Young (Prepare Mixed) (G1 Evacuation Pause) 3628M->1460M(4096M) 119.483ms
[4625.854s][info][gc,cpu         ] GC(1376) User=0.71s Sys=0.00s Real=0.12s
..[4627.972s][info][gc,start       ] GC(1377) Pause Young (Mixed) (G1 Evacuation Pause)
[4627.972s][info][gc,task        ] GC(1377) Using 6 workers of 6 for evacuation
[4628.104s][info][gc,phases      ] GC(1377)   Pre Evacuate Collection Set: 0.39ms
[4628.104s][info][gc,phases      ] GC(1377)   Merge Heap Roots: 0.69ms
[4628.104s][info][gc,phases      ] GC(1377)   Evacuate Collection Set: 130.24ms
[4628.104s][info][gc,phases      ] GC(1377)   Post Evacuate Collection Set: 0.95ms
[4628.104s][info][gc,phases      ] GC(1377)   Other: 0.09ms
[4628.104s][info][gc,heap        ] GC(1377) Eden regions: 1102->0(1121)
[4628.104s][info][gc,heap        ] GC(1377) Survivor regions: 112->107(152)
[4628.104s][info][gc,heap        ] GC(1377) Old regions: 539->475
[4628.104s][info][gc,heap        ] GC(1377) Humongous regions: 80->80
[4628.104s][info][gc,metaspace   ] GC(1377) Metaspace: 28964K(29376K)->28964K(29376K) NonClass: 24095K(24256K)->24095K(24256K) Class: 4869K(5120K)->4869K(5120K)
[4628.104s][info][gc             ] GC(1377) Pause Young (Mixed) (G1 Evacuation Pause) 3664M->1322M(4096M) 132.487ms
[4628.104s][info][gc,cpu         ] GC(1377) User=0.79s Sys=0.00s Real=0.14s
..[4630.340s][info][gc,start       ] GC(1378) Pause Young (Concurrent Start) (G1 Evacuation Pause)
[4630.340s][info][gc,task        ] GC(1378) Using 6 workers of 6 for evacuation
[4630.463s][info][gc,phases      ] GC(1378)   Pre Evacuate Collection Set: 0.32ms
[4630.463s][info][gc,phases      ] GC(1378)   Merge Heap Roots: 0.45ms
[4630.463s][info][gc,phases      ] GC(1378)   Evacuate Collection Set: 121.65ms
[4630.463s][info][gc,phases      ] GC(1378)   Post Evacuate Collection Set: 0.90ms
[4630.463s][info][gc,phases      ] GC(1378)   Other: 0.11ms
[4630.463s][info][gc,heap        ] GC(1378) Eden regions: 1121->0(1114)
[4630.463s][info][gc,heap        ] GC(1378) Survivor regions: 107->114(154)
[4630.463s][info][gc,heap        ] GC(1378) Old regions: 475->507
[4630.463s][info][gc,heap        ] GC(1378) Humongous regions: 80->80
[4630.463s][info][gc,metaspace   ] GC(1378) Metaspace: 28964K(29376K)->28964K(29376K) NonClass: 24095K(24256K)->24095K(24256K) Class: 4869K(5120K)->4869K(5120K)
[4630.463s][info][gc             ] GC(1378) Pause Young (Concurrent Start) (G1 Evacuation Pause) 3564M->1400M(4096M) 123.582ms
[4630.463s][info][gc             ] GC(1379) Concurrent Mark Cycle
[4630.463s][info][gc,marking     ] GC(1379) Concurrent Scan Root Regions
[4630.463s][info][gc,cpu         ] GC(1378) User=0.73s Sys=0.00s Real=0.13s
.[4630.655s][info][gc,marking     ] GC(1379) Concurrent Scan Root Regions 191.623ms
[4630.655s][info][gc,marking     ] GC(1379) Concurrent Mark
[4630.655s][info][gc,marking     ] GC(1379) Concurrent Mark From Roots
[4630.655s][info][gc,task        ] GC(1379) Using 2 workers of 2 for marking
.[4631.738s][info][gc,marking     ] GC(1379) Concurrent Mark From Roots 1083.280ms
[4631.738s][info][gc,marking     ] GC(1379) Concurrent Preclean
[4631.738s][info][gc,marking     ] GC(1379) Concurrent Preclean 0.091ms
[4631.741s][info][gc,start       ] GC(1379) Pause Remark
[4631.748s][info][gc             ] GC(1379) Pause Remark 2702M->2702M(4096M) 6.238ms
[4631.748s][info][gc,cpu         ] GC(1379) User=0.04s Sys=0.00s Real=0.01s
[4631.748s][info][gc,marking     ] GC(1379) Concurrent Mark 1092.993ms
[4631.748s][info][gc,marking     ] GC(1379) Concurrent Rebuild Remembered Sets and Scrub Regions
[4632.156s][info][gc,marking     ] GC(1379) Concurrent Rebuild Remembered Sets and Scrub Regions 407.739ms
[4632.156s][info][gc,start       ] GC(1379) Pause Cleanup
[4632.156s][info][gc             ] GC(1379) Pause Cleanup 3087M->3087M(4096M) 0.129ms
[4632.156s][info][gc,cpu         ] GC(1379) User=0.00s Sys=0.00s Real=0.00s
[4632.157s][info][gc,marking     ] GC(1379) Concurrent Clear Claimed Marks
[4632.157s][info][gc,marking     ] GC(1379) Concurrent Clear Claimed Marks 0.032ms
[4632.157s][info][gc,marking     ] GC(1379) Concurrent Cleanup for Next Mark
[4632.163s][info][gc,marking     ] GC(1379) Concurrent Cleanup for Next Mark 6.397ms
[4632.163s][info][gc             ] GC(1379) Concurrent Mark Cycle 1699.805ms
[4632.516s][info][gc,start       ] GC(1380) Pause Young (Prepare Mixed) (G1 Evacuation Pause)
[4632.516s][info][gc,task        ] GC(1380) Using 6 workers of 6 for evacuation
[4632.641s][info][gc,phases      ] GC(1380)   Pre Evacuate Collection Set: 0.34ms
[4632.641s][info][gc,phases      ] GC(1380)   Merge Heap Roots: 0.51ms
[4632.641s][info][gc,phases      ] GC(1380)   Evacuate Collection Set: 122.65ms
[4632.641s][info][gc,phases      ] GC(1380)   Post Evacuate Collection Set: 0.98ms
[4632.641s][info][gc,phases      ] GC(1380)   Other: 0.09ms
[4632.641s][info][gc,heap        ] GC(1380) Eden regions: 1114->0(1095)
[4632.641s][info][gc,heap        ] GC(1380) Survivor regions: 114->116(154)
[4632.641s][info][gc,heap        ] GC(1380) Old regions: 507->538
[4632.641s][info][gc,heap        ] GC(1380) Humongous regions: 80->80
[4632.641s][info][gc,metaspace   ] GC(1380) Metaspace: 28964K(29376K)->28964K(29376K) NonClass: 24095K(24256K)->24095K(24256K) Class: 4869K(5120K)->4869K(5120K)
[4632.641s][info][gc             ] GC(1380) Pause Young (Prepare Mixed) (G1 Evacuation Pause) 3628M->1465M(4096M) 124.705ms
[4632.641s][info][gc,cpu         ] GC(1380) User=0.75s Sys=0.00s Real=0.12s
..[4634.691s][info][gc,start       ] GC(1381) Pause Young (Mixed) (G1 Evacuation Pause)
[4634.691s][info][gc,task        ] GC(1381) Using 6 workers of 6 for evacuation
[4634.830s][info][gc,phases      ] GC(1381)   Pre Evacuate Collection Set: 0.38ms
[4634.830s][info][gc,phases      ] GC(1381)   Merge Heap Roots: 0.79ms
[4634.830s][info][gc,phases      ] GC(1381)   Evacuate Collection Set: 136.85ms
[4634.830s][info][gc,phases      ] GC(1381)   Post Evacuate Collection Set: 0.93ms
[4634.830s][info][gc,phases      ] GC(1381)   Other: 0.08ms
[4634.830s][info][gc,heap        ] GC(1381) Eden regions: 1095->0(1116)
[4634.830s][info][gc,heap        ] GC(1381) Survivor regions: 116->112(152)
[4634.830s][info][gc,heap        ] GC(1381) Old regions: 538->475
[4634.830s][info][gc,heap        ] GC(1381) Humongous regions: 80->80
[4634.830s][info][gc,metaspace   ] GC(1381) Metaspace: 28964K(29376K)->28964K(29376K) NonClass: 24095K(24256K)->24095K(24256K) Class: 4869K(5120K)->4869K(5120K)
[4634.830s][info][gc             ] GC(1381) Pause Young (Mixed) (G1 Evacuation Pause) 3655M->1332M(4096M) 139.184ms
[4634.830s][info][gc,cpu         ] GC(1381) User=0.83s Sys=0.00s Real=0.14s
...[4636.973s][info][gc,start       ] GC(1382) Pause Young (Concurrent Start) (G1 Evacuation Pause)
[4636.973s][info][gc,task        ] GC(1382) Using 6 workers of 6 for evacuation
[4637.092s][info][gc,phases      ] GC(1382)   Pre Evacuate Collection Set: 0.34ms
[4637.092s][info][gc,phases      ] GC(1382)   Merge Heap Roots: 0.48ms
[4637.092s][info][gc,phases      ] GC(1382)   Evacuate Collection Set: 117.52ms
[4637.092s][info][gc,phases      ] GC(1382)   Post Evacuate Collection Set: 0.86ms
[4637.092s][info][gc,phases      ] GC(1382)   Other: 0.10ms
[4637.092s][info][gc,heap        ] GC(1382) Eden regions: 1116->0(1118)
[4637.092s][info][gc,heap        ] GC(1382) Survivor regions: 112->110(154)
[4637.092s][info][gc,heap        ] GC(1382) Old regions: 475->507
[4637.092s][info][gc,heap        ] GC(1382) Humongous regions: 80->80
[4637.092s][info][gc,metaspace   ] GC(1382) Metaspace: 28964K(29376K)->28964K(29376K) NonClass: 24095K(24256K)->24095K(24256K) Class: 4869K(5120K)->4869K(5120K)
[4637.092s][info][gc             ] GC(1382) Pause Young (Concurrent Start) (G1 Evacuation Pause) 3564M->1392M(4096M) 119.435ms
[4637.092s][info][gc             ] GC(1383) Concurrent Mark Cycle
[4637.092s][info][gc,marking     ] GC(1383) Concurrent Scan Root Regions
[4637.092s][info][gc,cpu         ] GC(1382) User=0.71s Sys=0.00s Real=0.11s
[4637.288s][info][gc,marking     ] GC(1383) Concurrent Scan Root Regions 196.323ms
[4637.288s][info][gc,marking     ] GC(1383) Concurrent Mark
[4637.288s][info][gc,marking     ] GC(1383) Concurrent Mark From Roots
[4637.289s][info][gc,task        ] GC(1383) Using 2 workers of 2 for marking
.[4638.342s][info][gc,marking     ] GC(1383) Concurrent Mark From Roots 1053.222ms
[4638.342s][info][gc,marking     ] GC(1383) Concurrent Preclean
[4638.342s][info][gc,marking     ] GC(1383) Concurrent Preclean 0.102ms
[4638.344s][info][gc,start       ] GC(1383) Pause Remark
[4638.349s][info][gc             ] GC(1383) Pause Remark 2572M->2572M(4096M) 5.497ms
[4638.349s][info][gc,cpu         ] GC(1383) User=0.03s Sys=0.00s Real=0.00s
[4638.350s][info][gc,marking     ] GC(1383) Concurrent Mark 1061.058ms
[4638.350s][info][gc,marking     ] GC(1383) Concurrent Rebuild Remembered Sets and Scrub Regions
[4638.575s][info][gc,marking     ] GC(1383) Concurrent Rebuild Remembered Sets and Scrub Regions 225.169ms
[4638.575s][info][gc,start       ] GC(1383) Pause Cleanup
[4638.575s][info][gc             ] GC(1383) Pause Cleanup 2748M->2748M(4096M) 0.119ms
[4638.575s][info][gc,cpu         ] GC(1383) User=0.00s Sys=0.00s Real=0.00s
[4638.575s][info][gc,marking     ] GC(1383) Concurrent Clear Claimed Marks
[4638.575s][info][gc,marking     ] GC(1383) Concurrent Clear Claimed Marks 0.022ms
[4638.575s][info][gc,marking     ] GC(1383) Concurrent Cleanup for Next Mark
[4638.580s][info][gc,marking     ] GC(1383) Concurrent Cleanup for Next Mark 4.574ms
[4638.580s][info][gc             ] GC(1383) Concurrent Mark Cycle 1487.652ms
.[4639.293s][info][gc,start       ] GC(1384) Pause Young (Prepare Mixed) (G1 Evacuation Pause)
[4639.293s][info][gc,task        ] GC(1384) Using 6 workers of 6 for evacuation
[4639.416s][info][gc,phases      ] GC(1384)   Pre Evacuate Collection Set: 0.29ms
[4639.416s][info][gc,phases      ] GC(1384)   Merge Heap Roots: 0.50ms
[4639.416s][info][gc,phases      ] GC(1384)   Evacuate Collection Set: 121.08ms
[4639.416s][info][gc,phases      ] GC(1384)   Post Evacuate Collection Set: 0.95ms
[4639.416s][info][gc,phases      ] GC(1384)   Other: 0.08ms
[4639.416s][info][gc,heap        ] GC(1384) Eden regions: 1118->0(1101)
[4639.416s][info][gc,heap        ] GC(1384) Survivor regions: 110->113(154)
[4639.416s][info][gc,heap        ] GC(1384) Old regions: 507->538
[4639.416s][info][gc,heap        ] GC(1384) Humongous regions: 80->80
[4639.416s][info][gc,metaspace   ] GC(1384) Metaspace: 28964K(29376K)->28964K(29376K) NonClass: 24095K(24256K)->24095K(24256K) Class: 4869K(5120K)->4869K(5120K)
[4639.416s][info][gc             ] GC(1384) Pause Young (Prepare Mixed) (G1 Evacuation Pause) 3628M->1461M(4096M) 123.043ms
[4639.416s][info][gc,cpu         ] GC(1384) User=0.74s Sys=0.00s Real=0.12s
..[4641.568s][info][gc,start       ] GC(1385) Pause Young (Mixed) (G1 Evacuation Pause)
[4641.568s][info][gc,task        ] GC(1385) Using 6 workers of 6 for evacuation
[4641.705s][info][gc,phases      ] GC(1385)   Pre Evacuate Collection Set: 0.38ms
[4641.705s][info][gc,phases      ] GC(1385)   Merge Heap Roots: 0.71ms
[4641.705s][info][gc,phases      ] GC(1385)   Evacuate Collection Set: 135.06ms
[4641.705s][info][gc,phases      ] GC(1385)   Post Evacuate Collection Set: 0.99ms
[4641.705s][info][gc,phases      ] GC(1385)   Other: 0.09ms
[4641.705s][info][gc,heap        ] GC(1385) Eden regions: 1101->0(1116)
[4641.705s][info][gc,heap        ] GC(1385) Survivor regions: 113->112(152)
[4641.705s][info][gc,heap        ] GC(1385) Old regions: 538->475
[4641.705s][info][gc,heap        ] GC(1385) Humongous regions: 80->80
[4641.705s][info][gc,metaspace   ] GC(1385) Metaspace: 28964K(29376K)->28964K(29376K) NonClass: 24095K(24256K)->24095K(24256K) Class: 4869K(5120K)->4869K(5120K)
[4641.705s][info][gc             ] GC(1385) Pause Young (Mixed) (G1 Evacuation Pause) 3663M->1331M(4096M) 137.370ms
[4641.705s][info][gc,cpu         ] GC(1385) User=0.81s Sys=0.00s Real=0.14s
..[4643.860s][info][gc,start       ] GC(1386) Pause Young (Concurrent Start) (G1 Evacuation Pause)
[4643.860s][info][gc,task        ] GC(1386) Using 6 workers of 6 for evacuation
[4643.987s][info][gc,phases      ] GC(1386)   Pre Evacuate Collection Set: 0.34ms
[4643.987s][info][gc,phases      ] GC(1386)   Merge Heap Roots: 0.48ms
[4643.987s][info][gc,phases      ] GC(1386)   Evacuate Collection Set: 124.67ms
[4643.987s][info][gc,phases      ] GC(1386)   Post Evacuate Collection Set: 0.90ms
[4643.987s][info][gc,phases      ] GC(1386)   Other: 0.10ms
[4643.987s][info][gc,heap        ] GC(1386) Eden regions: 1116->0(1112)
[4643.987s][info][gc,heap        ] GC(1386) Survivor regions: 112->116(154)
[4643.987s][info][gc,heap        ] GC(1386) Old regions: 475->506
[4643.987s][info][gc,heap        ] GC(1386) Humongous regions: 80->80
[4643.987s][info][gc,metaspace   ] GC(1386) Metaspace: 28964K(29376K)->28964K(29376K) NonClass: 24095K(24256K)->24095K(24256K) Class: 4869K(5120K)->4869K(5120K)
[4643.987s][info][gc             ] GC(1386) Pause Young (Concurrent Start) (G1 Evacuation Pause) 3563M->1403M(4096M) 126.615ms
[4643.987s][info][gc             ] GC(1387) Concurrent Mark Cycle
[4643.987s][info][gc,marking     ] GC(1387) Concurrent Scan Root Regions
[4643.987s][info][gc,cpu         ] GC(1386) User=0.75s Sys=0.00s Real=0.13s
.[4644.135s][info][gc,marking     ] GC(1387) Concurrent Scan Root Regions 148.440ms
[4644.135s][info][gc,marking     ] GC(1387) Concurrent Mark
[4644.135s][info][gc,marking     ] GC(1387) Concurrent Mark From Roots
[4644.135s][info][gc,task        ] GC(1387) Using 2 workers of 2 for marking
[4645.060s][info][gc,marking     ] GC(1387) Concurrent Mark From Roots 924.488ms
[4645.060s][info][gc,marking     ] GC(1387) Concurrent Preclean
[4645.060s][info][gc,marking     ] GC(1387) Concurrent Preclean 0.101ms
[4645.061s][info][gc,start       ] GC(1387) Pause Remark
[4645.067s][info][gc             ] GC(1387) Pause Remark 2381M->2381M(4096M) 6.585ms
[4645.067s][info][gc,cpu         ] GC(1387) User=0.04s Sys=0.00s Real=0.01s
[4645.067s][info][gc,marking     ] GC(1387) Concurrent Mark 932.095ms
[4645.067s][info][gc,marking     ] GC(1387) Concurrent Rebuild Remembered Sets and Scrub Regions
.[4645.401s][info][gc,marking     ] GC(1387) Concurrent Rebuild Remembered Sets and Scrub Regions 333.774ms
[4645.403s][info][gc,start       ] GC(1387) Pause Cleanup
[4645.403s][info][gc             ] GC(1387) Pause Cleanup 2746M->2746M(4096M) 0.151ms
[4645.403s][info][gc,cpu         ] GC(1387) User=0.00s Sys=0.00s Real=0.00s
[4645.403s][info][gc,marking     ] GC(1387) Concurrent Clear Claimed Marks
[4645.403s][info][gc,marking     ] GC(1387) Concurrent Clear Claimed Marks 0.030ms
[4645.403s][info][gc,marking     ] GC(1387) Concurrent Cleanup for Next Mark
[4645.482s][info][gc,marking     ] GC(1387) Concurrent Cleanup for Next Mark 78.969ms
[4645.482s][info][gc             ] GC(1387) Concurrent Mark Cycle 1495.227ms
[4646.117s][info][gc,start       ] GC(1388) Pause Young (Prepare Mixed) (G1 Evacuation Pause)
[4646.117s][info][gc,task        ] GC(1388) Using 6 workers of 6 for evacuation
[4646.234s][info][gc,phases      ] GC(1388)   Pre Evacuate Collection Set: 0.30ms
[4646.234s][info][gc,phases      ] GC(1388)   Merge Heap Roots: 0.51ms
[4646.234s][info][gc,phases      ] GC(1388)   Evacuate Collection Set: 115.29ms
[4646.234s][info][gc,phases      ] GC(1388)   Post Evacuate Collection Set: 0.92ms
[4646.234s][info][gc,phases      ] GC(1388)   Other: 0.09ms
[4646.234s][info][gc,heap        ] GC(1388) Eden regions: 1112->0(1109)
[4646.234s][info][gc,heap        ] GC(1388) Survivor regions: 116->109(154)
[4646.234s][info][gc,heap        ] GC(1388) Old regions: 506->538
[4646.234s][info][gc,heap        ] GC(1388) Humongous regions: 80->80
[4646.234s][info][gc,metaspace   ] GC(1388) Metaspace: 28964K(29376K)->28964K(29376K) NonClass: 24095K(24256K)->24095K(24256K) Class: 4869K(5120K)->4869K(5120K)
[4646.234s][info][gc             ] GC(1388) Pause Young (Prepare Mixed) (G1 Evacuation Pause) 3627M->1451M(4096M) 117.229ms
[4646.234s][info][gc,cpu         ] GC(1388) User=0.70s Sys=0.00s Real=0.12s
...[4648.411s][info][gc,start       ] GC(1389) Pause Young (Mixed) (G1 Evacuation Pause)
[4648.412s][info][gc,task        ] GC(1389) Using 6 workers of 6 for evacuation
[4648.551s][info][gc,phases      ] GC(1389)   Pre Evacuate Collection Set: 0.34ms
[4648.551s][info][gc,phases      ] GC(1389)   Merge Heap Roots: 0.73ms
[4648.551s][info][gc,phases      ] GC(1389)   Evacuate Collection Set: 137.43ms
[4648.551s][info][gc,phases      ] GC(1389)   Post Evacuate Collection Set: 0.95ms
[4648.551s][info][gc,phases      ] GC(1389)   Other: 0.09ms
[4648.551s][info][gc,heap        ] GC(1389) Eden regions: 1109->0(1116)
[4648.551s][info][gc,heap        ] GC(1389) Survivor regions: 109->112(153)
[4648.551s][info][gc,heap        ] GC(1389) Old regions: 538->474
[4648.551s][info][gc,heap        ] GC(1389) Humongous regions: 80->80
[4648.551s][info][gc,metaspace   ] GC(1389) Metaspace: 28964K(29376K)->28964K(29376K) NonClass: 24095K(24256K)->24095K(24256K) Class: 4869K(5120K)->4869K(5120K)
[4648.551s][info][gc             ] GC(1389) Pause Young (Mixed) (G1 Evacuation Pause) 3669M->1330M(4096M) 139.664ms
[4648.551s][info][gc,cpu         ] GC(1389) User=0.83s Sys=0.00s Real=0.14s
..[4650.725s][info][gc,start       ] GC(1390) Pause Young (Concurrent Start) (G1 Evacuation Pause)
[4650.725s][info][gc,task        ] GC(1390) Using 6 workers of 6 for evacuation
[4650.843s][info][gc,phases      ] GC(1390)   Pre Evacuate Collection Set: 0.39ms
[4650.843s][info][gc,phases      ] GC(1390)   Merge Heap Roots: 0.46ms
[4650.843s][info][gc,phases      ] GC(1390)   Evacuate Collection Set: 116.08ms
[4650.843s][info][gc,phases      ] GC(1390)   Post Evacuate Collection Set: 0.89ms
[4650.843s][info][gc,phases      ] GC(1390)   Other: 0.13ms
[4650.843s][info][gc,heap        ] GC(1390) Eden regions: 1116->0(1117)
[4650.843s][info][gc,heap        ] GC(1390) Survivor regions: 112->111(154)
[4650.843s][info][gc,heap        ] GC(1390) Old regions: 474->506
[4650.843s][info][gc,heap        ] GC(1390) Humongous regions: 80->80
[4650.843s][info][gc,metaspace   ] GC(1390) Metaspace: 28964K(29376K)->28964K(29376K) NonClass: 24095K(24256K)->24095K(24256K) Class: 4869K(5120K)->4869K(5120K)
[4650.843s][info][gc             ] GC(1390) Pause Young (Concurrent Start) (G1 Evacuation Pause) 3562M->1392M(4096M) 118.078ms
[4650.843s][info][gc             ] GC(1391) Concurrent Mark Cycle
[4650.843s][info][gc,marking     ] GC(1391) Concurrent Scan Root Regions
[4650.843s][info][gc,cpu         ] GC(1390) User=0.70s Sys=0.00s Real=0.12s
[4650.957s][info][gc,marking     ] GC(1391) Concurrent Scan Root Regions 113.908ms
[4650.957s][info][gc,marking     ] GC(1391) Concurrent Mark
[4650.957s][info][gc,marking     ] GC(1391) Concurrent Mark From Roots
[4650.957s][info][gc,task        ] GC(1391) Using 2 workers of 2 for marking
.[4651.536s][info][gc,marking     ] GC(1391) Concurrent Mark From Roots 578.693ms
[4651.536s][info][gc,marking     ] GC(1391) Concurrent Preclean
[4651.536s][info][gc,marking     ] GC(1391) Concurrent Preclean 0.073ms
[4651.539s][info][gc,start       ] GC(1391) Pause Remark
[4651.543s][info][gc             ] GC(1391) Pause Remark 1926M->1926M(4096M) 4.100ms
[4651.543s][info][gc,cpu         ] GC(1391) User=0.03s Sys=0.00s Real=0.01s
[4651.543s][info][gc,marking     ] GC(1391) Concurrent Mark 586.213ms
[4651.543s][info][gc,marking     ] GC(1391) Concurrent Rebuild Remembered Sets and Scrub Regions
[4651.836s][info][gc,marking     ] GC(1391) Concurrent Rebuild Remembered Sets and Scrub Regions 293.149ms
[4651.837s][info][gc,start       ] GC(1391) Pause Cleanup
[4651.837s][info][gc             ] GC(1391) Pause Cleanup 2252M->2252M(4096M) 0.112ms
[4651.837s][info][gc,cpu         ] GC(1391) User=0.00s Sys=0.00s Real=0.00s
[4651.837s][info][gc,marking     ] GC(1391) Concurrent Clear Claimed Marks
[4651.837s][info][gc,marking     ] GC(1391) Concurrent Clear Claimed Marks 0.026ms
[4651.837s][info][gc,marking     ] GC(1391) Concurrent Cleanup for Next Mark
[4651.844s][info][gc,marking     ] GC(1391) Concurrent Cleanup for Next Mark 7.166ms
[4651.844s][info][gc             ] GC(1391) Concurrent Mark Cycle 1001.223ms
.[4653.045s][info][gc,start       ] GC(1392) Pause Young (Prepare Mixed) (G1 Evacuation Pause)
[4653.045s][info][gc,task        ] GC(1392) Using 6 workers of 6 for evacuation
[4653.165s][info][gc,phases      ] GC(1392)   Pre Evacuate Collection Set: 0.31ms
[4653.165s][info][gc,phases      ] GC(1392)   Merge Heap Roots: 0.54ms
[4653.165s][info][gc,phases      ] GC(1392)   Evacuate Collection Set: 117.49ms
[4653.165s][info][gc,phases      ] GC(1392)   Post Evacuate Collection Set: 0.91ms
[4653.165s][info][gc,phases      ] GC(1392)   Other: 0.08ms
[4653.165s][info][gc,heap        ] GC(1392) Eden regions: 1117->0(1107)
[4653.165s][info][gc,heap        ] GC(1392) Survivor regions: 111->110(154)
[4653.165s][info][gc,heap        ] GC(1392) Old regions: 506->538
[4653.165s][info][gc,heap        ] GC(1392) Humongous regions: 80->80
[4653.165s][info][gc,metaspace   ] GC(1392) Metaspace: 28964K(29376K)->28964K(29376K) NonClass: 24095K(24256K)->24095K(24256K) Class: 4869K(5120K)->4869K(5120K)
[4653.165s][info][gc             ] GC(1392) Pause Young (Prepare Mixed) (G1 Evacuation Pause) 3626M->1454M(4096M) 119.466ms
[4653.165s][info][gc,cpu         ] GC(1392) User=0.72s Sys=0.00s Real=0.12s
..[4655.272s][info][gc,start       ] GC(1393) Pause Young (Mixed) (G1 Evacuation Pause)
[4655.272s][info][gc,task        ] GC(1393) Using 6 workers of 6 for evacuation
[4655.408s][info][gc,phases      ] GC(1393)   Pre Evacuate Collection Set: 0.37ms
[4655.408s][info][gc,phases      ] GC(1393)   Merge Heap Roots: 0.78ms
[4655.408s][info][gc,phases      ] GC(1393)   Evacuate Collection Set: 133.46ms
[4655.408s][info][gc,phases      ] GC(1393)   Post Evacuate Collection Set: 0.96ms
[4655.408s][info][gc,phases      ] GC(1393)   Other: 0.09ms
[4655.408s][info][gc,heap        ] GC(1393) Eden regions: 1107->0(1120)
[4655.408s][info][gc,heap        ] GC(1393) Survivor regions: 110->108(153)
[4655.408s][info][gc,heap        ] GC(1393) Old regions: 538->476
[4655.408s][info][gc,heap        ] GC(1393) Humongous regions: 80->80
[4655.408s][info][gc,metaspace   ] GC(1393) Metaspace: 28964K(29376K)->28964K(29376K) NonClass: 24095K(24256K)->24095K(24256K) Class: 4869K(5120K)->4869K(5120K)
[4655.408s][info][gc             ] GC(1393) Pause Young (Mixed) (G1 Evacuation Pause) 3668M->1327M(4096M) 135.794ms
[4655.408s][info][gc,cpu         ] GC(1393) User=0.81s Sys=0.00s Real=0.14s
...[4657.497s][info][gc,start       ] GC(1394) Pause Young (Concurrent Start) (G1 Evacuation Pause)
[4657.497s][info][gc,task        ] GC(1394) Using 6 workers of 6 for evacuation
[4657.618s][info][gc,phases      ] GC(1394)   Pre Evacuate Collection Set: 0.36ms
[4657.618s][info][gc,phases      ] GC(1394)   Merge Heap Roots: 0.51ms
[4657.618s][info][gc,phases      ] GC(1394)   Evacuate Collection Set: 119.29ms
[4657.618s][info][gc,phases      ] GC(1394)   Post Evacuate Collection Set: 0.88ms
[4657.618s][info][gc,phases      ] GC(1394)   Other: 0.10ms
[4657.618s][info][gc,heap        ] GC(1394) Eden regions: 1120->0(1117)
[4657.618s][info][gc,heap        ] GC(1394) Survivor regions: 108->111(154)
[4657.618s][info][gc,heap        ] GC(1394) Old regions: 476->509
[4657.618s][info][gc,heap        ] GC(1394) Humongous regions: 80->80
[4657.618s][info][gc,metaspace   ] GC(1394) Metaspace: 28964K(29376K)->28964K(29376K) NonClass: 24095K(24256K)->24095K(24256K) Class: 4869K(5120K)->4869K(5120K)
[4657.618s][info][gc             ] GC(1394) Pause Young (Concurrent Start) (G1 Evacuation Pause) 3567M->1398M(4096M) 121.269ms
[4657.618s][info][gc             ] GC(1395) Concurrent Mark Cycle
[4657.618s][info][gc,marking     ] GC(1395) Concurrent Scan Root Regions
[4657.618s][info][gc,cpu         ] GC(1394) User=0.72s Sys=0.00s Real=0.12s
[4657.783s][info][gc,marking     ] GC(1395) Concurrent Scan Root Regions 164.367ms
[4657.783s][info][gc,marking     ] GC(1395) Concurrent Mark
[4657.783s][info][gc,marking     ] GC(1395) Concurrent Mark From Roots
[4657.783s][info][gc,task        ] GC(1395) Using 2 workers of 2 for marking
.[4658.498s][info][gc,marking     ] GC(1395) Concurrent Mark From Roots 715.366ms
[4658.498s][info][gc,marking     ] GC(1395) Concurrent Preclean
[4658.498s][info][gc,marking     ] GC(1395) Concurrent Preclean 0.102ms
[4658.499s][info][gc,start       ] GC(1395) Pause Remark
[4658.505s][info][gc             ] GC(1395) Pause Remark 2205M->2205M(4096M) 6.240ms
[4658.505s][info][gc,cpu         ] GC(1395) User=0.03s Sys=0.00s Real=0.01s
[4658.506s][info][gc,marking     ] GC(1395) Concurrent Mark 723.308ms
[4658.506s][info][gc,marking     ] GC(1395) Concurrent Rebuild Remembered Sets and Scrub Regions
[4658.802s][info][gc,marking     ] GC(1395) Concurrent Rebuild Remembered Sets and Scrub Regions 295.512ms
[4658.802s][info][gc,start       ] GC(1395) Pause Cleanup
[4658.802s][info][gc             ] GC(1395) Pause Cleanup 2487M->2487M(4096M) 0.116ms
[4658.802s][info][gc,cpu         ] GC(1395) User=0.00s Sys=0.00s Real=0.00s
[4658.802s][info][gc,marking     ] GC(1395) Concurrent Clear Claimed Marks
[4658.802s][info][gc,marking     ] GC(1395) Concurrent Clear Claimed Marks 0.028ms
[4658.802s][info][gc,marking     ] GC(1395) Concurrent Cleanup for Next Mark
[4658.810s][info][gc,marking     ] GC(1395) Concurrent Cleanup for Next Mark 7.998ms
[4658.810s][info][gc             ] GC(1395) Concurrent Mark Cycle 1191.990ms
.[4659.906s][info][gc,start       ] GC(1396) Pause Young (Prepare Mixed) (G1 Evacuation Pause)
[4659.906s][info][gc,task        ] GC(1396) Using 6 workers of 6 for evacuation
[4660.028s][info][gc,phases      ] GC(1396)   Pre Evacuate Collection Set: 0.29ms
[4660.028s][info][gc,phases      ] GC(1396)   Merge Heap Roots: 0.50ms
[4660.028s][info][gc,phases      ] GC(1396)   Evacuate Collection Set: 120.71ms
[4660.028s][info][gc,phases      ] GC(1396)   Post Evacuate Collection Set: 0.90ms
[4660.028s][info][gc,phases      ] GC(1396)   Other: 0.08ms
[4660.028s][info][gc,heap        ] GC(1396) Eden regions: 1117->0(1092)
[4660.028s][info][gc,heap        ] GC(1396) Survivor regions: 111->117(154)
[4660.028s][info][gc,heap        ] GC(1396) Old regions: 509->539
[4660.028s][info][gc,heap        ] GC(1396) Humongous regions: 80->80
[4660.028s][info][gc,metaspace   ] GC(1396) Metaspace: 28964K(29376K)->28964K(29376K) NonClass: 24095K(24256K)->24095K(24256K) Class: 4869K(5120K)->4869K(5120K)
[4660.028s][info][gc             ] GC(1396) Pause Young (Prepare Mixed) (G1 Evacuation Pause) 3632M->1469M(4096M) 122.634ms
[4660.028s][info][gc,cpu         ] GC(1396) User=0.73s Sys=0.00s Real=0.12s
..[4662.143s][info][gc,start       ] GC(1397) Pause Young (Mixed) (G1 Evacuation Pause)
[4662.143s][info][gc,task        ] GC(1397) Using 6 workers of 6 for evacuation
[4662.279s][info][gc,phases      ] GC(1397)   Pre Evacuate Collection Set: 0.34ms
[4662.279s][info][gc,phases      ] GC(1397)   Merge Heap Roots: 0.70ms
[4662.279s][info][gc,phases      ] GC(1397)   Evacuate Collection Set: 133.13ms
[4662.279s][info][gc,phases      ] GC(1397)   Post Evacuate Collection Set: 0.93ms
[4662.279s][info][gc,phases      ] GC(1397)   Other: 0.08ms
[4662.279s][info][gc,heap        ] GC(1397) Eden regions: 1092->0(1117)
[4662.279s][info][gc,heap        ] GC(1397) Survivor regions: 117->111(152)
[4662.279s][info][gc,heap        ] GC(1397) Old regions: 539->475
[4662.279s][info][gc,heap        ] GC(1397) Humongous regions: 80->80
[4662.279s][info][gc,metaspace   ] GC(1397) Metaspace: 28964K(29376K)->28964K(29376K) NonClass: 24095K(24256K)->24095K(24256K) Class: 4869K(5120K)->4869K(5120K)
[4662.279s][info][gc             ] GC(1397) Pause Young (Mixed) (G1 Evacuation Pause) 3653M->1329M(4096M) 135.323ms
[4662.279s][info][gc,cpu         ] GC(1397) User=0.81s Sys=0.00s Real=0.13s
..[4664.364s][info][gc,start       ] GC(1398) Pause Young (Concurrent Start) (G1 Evacuation Pause)
[4664.364s][info][gc,task        ] GC(1398) Using 6 workers of 6 for evacuation
[4664.484s][info][gc,phases      ] GC(1398)   Pre Evacuate Collection Set: 0.37ms
[4664.484s][info][gc,phases      ] GC(1398)   Merge Heap Roots: 0.48ms
[4664.484s][info][gc,phases      ] GC(1398)   Evacuate Collection Set: 117.84ms
[4664.484s][info][gc,phases      ] GC(1398)   Post Evacuate Collection Set: 0.87ms
[4664.484s][info][gc,phases      ] GC(1398)   Other: 0.12ms
[4664.484s][info][gc,heap        ] GC(1398) Eden regions: 1117->0(1117)
[4664.484s][info][gc,heap        ] GC(1398) Survivor regions: 111->111(154)
[4664.484s][info][gc,heap        ] GC(1398) Old regions: 475->508
[4664.484s][info][gc,heap        ] GC(1398) Humongous regions: 80->80
[4664.484s][info][gc,metaspace   ] GC(1398) Metaspace: 28964K(29376K)->28964K(29376K) NonClass: 24095K(24256K)->24095K(24256K) Class: 4869K(5120K)->4869K(5120K)
[4664.484s][info][gc             ] GC(1398) Pause Young (Concurrent Start) (G1 Evacuation Pause) 3563M->1396M(4096M) 119.797ms
[4664.484s][info][gc             ] GC(1399) Concurrent Mark Cycle
[4664.484s][info][gc,marking     ] GC(1399) Concurrent Scan Root Regions
[4664.484s][info][gc,cpu         ] GC(1398) User=0.71s Sys=0.00s Real=0.12s
.[4664.666s][info][gc,marking     ] GC(1399) Concurrent Scan Root Regions 182.082ms
[4664.666s][info][gc,marking     ] GC(1399) Concurrent Mark
[4664.666s][info][gc,marking     ] GC(1399) Concurrent Mark From Roots
[4664.666s][info][gc,task        ] GC(1399) Using 2 workers of 2 for marking
.[4665.648s][info][gc,marking     ] GC(1399) Concurrent Mark From Roots 981.631ms
[4665.648s][info][gc,marking     ] GC(1399) Concurrent Preclean
[4665.648s][info][gc,marking     ] GC(1399) Concurrent Preclean 0.114ms
[4665.650s][info][gc,start       ] GC(1399) Pause Remark
[4665.653s][info][gc             ] GC(1399) Pause Remark 2556M->2556M(4096M) 3.452ms
[4665.653s][info][gc,cpu         ] GC(1399) User=0.02s Sys=0.00s Real=0.01s
[4665.654s][info][gc,marking     ] GC(1399) Concurrent Mark 987.851ms
[4665.654s][info][gc,marking     ] GC(1399) Concurrent Rebuild Remembered Sets and Scrub Regions
[4666.067s][info][gc,marking     ] GC(1399) Concurrent Rebuild Remembered Sets and Scrub Regions 412.530ms
[4666.067s][info][gc,start       ] GC(1399) Pause Cleanup
[4666.067s][info][gc             ] GC(1399) Pause Cleanup 2964M->2964M(4096M) 0.127ms
[4666.067s][info][gc,cpu         ] GC(1399) User=0.00s Sys=0.00s Real=0.00s
[4666.067s][info][gc,marking     ] GC(1399) Concurrent Clear Claimed Marks
[4666.068s][info][gc,marking     ] GC(1399) Concurrent Clear Claimed Marks 0.036ms
[4666.068s][info][gc,marking     ] GC(1399) Concurrent Cleanup for Next Mark
[4666.076s][info][gc,marking     ] GC(1399) Concurrent Cleanup for Next Mark 8.341ms
[4666.076s][info][gc             ] GC(1399) Concurrent Mark Cycle 1591.945ms
.[4666.682s][info][gc,start       ] GC(1400) Pause Young (Prepare Mixed) (G1 Evacuation Pause)
[4666.682s][info][gc,task        ] GC(1400) Using 6 workers of 6 for evacuation
[4666.804s][info][gc,phases      ] GC(1400)   Pre Evacuate Collection Set: 0.30ms
[4666.804s][info][gc,phases      ] GC(1400)   Merge Heap Roots: 0.53ms
[4666.804s][info][gc,phases      ] GC(1400)   Evacuate Collection Set: 119.98ms
[4666.804s][info][gc,phases      ] GC(1400)   Post Evacuate Collection Set: 0.95ms
[4666.804s][info][gc,phases      ] GC(1400)   Other: 0.08ms
[4666.804s][info][gc,heap        ] GC(1400) Eden regions: 1117->0(1097)
[4666.804s][info][gc,heap        ] GC(1400) Survivor regions: 111->114(154)
[4666.804s][info][gc,heap        ] GC(1400) Old regions: 508->540
[4666.804s][info][gc,heap        ] GC(1400) Humongous regions: 80->80
[4666.804s][info][gc,metaspace   ] GC(1400) Metaspace: 28964K(29376K)->28964K(29376K) NonClass: 24095K(24256K)->24095K(24256K) Class: 4869K(5120K)->4869K(5120K)
[4666.804s][info][gc             ] GC(1400) Pause Young (Prepare Mixed) (G1 Evacuation Pause) 3630M->1465M(4096M) 121.974ms
[4666.804s][info][gc,cpu         ] GC(1400) User=0.73s Sys=0.00s Real=0.13s
.. (rIR:aIR:PR = 8302:8291:8291) (tPR = 122675) [OK] 
  4668s: Performance info:
         Transaction,    Success,    Partial,     Failed,   Receipts, AvgBarcode, 
             Overall,     502281,          0,          0,     477109,      59.47, 
         Response times:
             Request,    Success,    Partial,     Failed,   SkipFail,     Probes,    Samples,      min,      p50,      p90,      p95,      p99,      max, 
       TotalPurchase,     477109,          0,          0,          0,     353137,     520806,      300,     7600,   122000,   160000,   263000,   507000,
     InStorePurchase,     252556,          0,          0,          0,     186152,     274283,      300,     7700,   122000,   160000,   255000,   469000,
      OnlinePurchase,     174064,          0,          0,          0,     129206,     191001,      300,     7300,   121000,   160000,   263000,   507000,
        InstPurchase,      50489,          0,          0,          0,      37779,      55522,      400,     8100,   125000,   163000,   290000,   468000,
          AssocOfCat,        504,          0,          0,          0,        404,        701,    24000,    48000,   162000,   202000,   317600,   394000,
      AssocOfProduct,       5036,          0,          0,          0,       3390,       5299,      500,    10000,   139000,   186000,   341000,   407000,
      BusinessReport,       1256,          0,          0,          0,       1100,       1714,    27000,    56000,   185000,   217000,   340400,   464000,
          CustBuyBeh,       5073,          0,          0,          0,       3471,       5398,      600,     7900,   124000,   158000,   253000,   466000,
       ProductReturn,      13299,          0,          0,          0,       8991,      13551,      200,     6800,   116000,   156000,   272440,   436000,

  4668s: (61%)   IR =   8441 [4668.888s][info][gc,start       ] GC(1401) Pause Young (Mixed) (G1 Evacuation Pause)
[4668.888s][info][gc,task        ] GC(1401) Using 6 workers of 6 for evacuation
[4669.032s][info][gc,phases      ] GC(1401)   Pre Evacuate Collection Set: 0.35ms
[4669.032s][info][gc,phases      ] GC(1401)   Merge Heap Roots: 0.90ms
[4669.032s][info][gc,phases      ] GC(1401)   Evacuate Collection Set: 140.99ms
[4669.032s][info][gc,phases      ] GC(1401)   Post Evacuate Collection Set: 0.94ms
[4669.032s][info][gc,phases      ] GC(1401)   Other: 0.09ms
[4669.032s][info][gc,heap        ] GC(1401) Eden regions: 1097->0(1114)
[4669.032s][info][gc,heap        ] GC(1401) Survivor regions: 114->114(152)
[4669.032s][info][gc,heap        ] GC(1401) Old regions: 540->477
[4669.032s][info][gc,heap        ] GC(1401) Humongous regions: 80->80
[4669.032s][info][gc,metaspace   ] GC(1401) Metaspace: 28970K(29376K)->28970K(29376K) NonClass: 24100K(24256K)->24100K(24256K) Class: 4869K(5120K)->4869K(5120K)
[4669.032s][info][gc             ] GC(1401) Pause Young (Mixed) (G1 Evacuation Pause) 3659M->1341M(4096M) 143.412ms
[4669.032s][info][gc,cpu         ] GC(1401) User=0.86s Sys=0.00s Real=0.14s
..[4671.151s][info][gc,start       ] GC(1402) Pause Young (Concurrent Start) (G1 Evacuation Pause)
[4671.151s][info][gc,task        ] GC(1402) Using 6 workers of 6 for evacuation
[4671.270s][info][gc,phases      ] GC(1402)   Pre Evacuate Collection Set: 0.34ms
[4671.270s][info][gc,phases      ] GC(1402)   Merge Heap Roots: 0.47ms
[4671.270s][info][gc,phases      ] GC(1402)   Evacuate Collection Set: 116.51ms
[4671.270s][info][gc,phases      ] GC(1402)   Post Evacuate Collection Set: 0.89ms
[4671.270s][info][gc,phases      ] GC(1402)   Other: 0.10ms
[4671.270s][info][gc,heap        ] GC(1402) Eden regions: 1114->0(1119)
[4671.270s][info][gc,heap        ] GC(1402) Survivor regions: 114->109(154)
[4671.270s][info][gc,heap        ] GC(1402) Old regions: 477->510
[4671.270s][info][gc,heap        ] GC(1402) Humongous regions: 80->80
[4671.270s][info][gc,metaspace   ] GC(1402) Metaspace: 28970K(29376K)->28970K(29376K) NonClass: 24100K(24256K)->24100K(24256K) Class: 4869K(5120K)->4869K(5120K)
[4671.270s][info][gc             ] GC(1402) Pause Young (Concurrent Start) (G1 Evacuation Pause) 3569M->1395M(4096M) 118.434ms
[4671.270s][info][gc             ] GC(1403) Concurrent Mark Cycle
[4671.270s][info][gc,marking     ] GC(1403) Concurrent Scan Root Regions
[4671.270s][info][gc,cpu         ] GC(1402) User=0.71s Sys=0.00s Real=0.12s
[4671.448s][info][gc,marking     ] GC(1403) Concurrent Scan Root Regions 178.358ms
[4671.448s][info][gc,marking     ] GC(1403) Concurrent Mark
[4671.448s][info][gc,marking     ] GC(1403) Concurrent Mark From Roots
[4671.448s][info][gc,task        ] GC(1403) Using 2 workers of 2 for marking
.[4672.446s][info][gc,marking     ] GC(1403) Concurrent Mark From Roots 997.767ms
[4672.446s][info][gc,marking     ] GC(1403) Concurrent Preclean
[4672.446s][info][gc,marking     ] GC(1403) Concurrent Preclean 0.125ms
[4672.446s][info][gc,start       ] GC(1403) Pause Remark
[4672.452s][info][gc             ] GC(1403) Pause Remark 2516M->2516M(4096M) 6.091ms
[4672.453s][info][gc,cpu         ] GC(1403) User=0.03s Sys=0.00s Real=0.01s
[4672.453s][info][gc,marking     ] GC(1403) Concurrent Mark 1005.049ms
[4672.453s][info][gc,marking     ] GC(1403) Concurrent Rebuild Remembered Sets and Scrub Regions
.[4672.826s][info][gc,marking     ] GC(1403) Concurrent Rebuild Remembered Sets and Scrub Regions 372.299ms
[4672.827s][info][gc,start       ] GC(1403) Pause Cleanup
[4672.827s][info][gc             ] GC(1403) Pause Cleanup 2943M->2943M(4096M) 0.117ms
[4672.827s][info][gc,cpu         ] GC(1403) User=0.00s Sys=0.00s Real=0.00s
[4672.827s][info][gc,marking     ] GC(1403) Concurrent Clear Claimed Marks
[4672.827s][info][gc,marking     ] GC(1403) Concurrent Clear Claimed Marks 0.033ms
[4672.827s][info][gc,marking     ] GC(1403) Concurrent Cleanup for Next Mark
[4672.841s][info][gc,marking     ] GC(1403) Concurrent Cleanup for Next Mark 13.924ms
[4672.841s][info][gc             ] GC(1403) Concurrent Mark Cycle 1570.999ms
[4673.467s][info][gc,start       ] GC(1404) Pause Young (Prepare Mixed) (G1 Evacuation Pause)
[4673.467s][info][gc,task        ] GC(1404) Using 6 workers of 6 for evacuation
[4673.586s][info][gc,phases      ] GC(1404)   Pre Evacuate Collection Set: 0.34ms
[4673.586s][info][gc,phases      ] GC(1404)   Merge Heap Roots: 0.54ms
[4673.586s][info][gc,phases      ] GC(1404)   Evacuate Collection Set: 117.18ms
[4673.586s][info][gc,phases      ] GC(1404)   Post Evacuate Collection Set: 0.94ms
[4673.586s][info][gc,phases      ] GC(1404)   Other: 0.09ms
[4673.586s][info][gc,heap        ] GC(1404) Eden regions: 1119->0(1101)
[4673.586s][info][gc,heap        ] GC(1404) Survivor regions: 109->111(154)
[4673.586s][info][gc,heap        ] GC(1404) Old regions: 510->542
[4673.586s][info][gc,heap        ] GC(1404) Humongous regions: 80->80
[4673.586s][info][gc,metaspace   ] GC(1404) Metaspace: 28970K(29376K)->28970K(29376K) NonClass: 24100K(24256K)->24100K(24256K) Class: 4869K(5120K)->4869K(5120K)
[4673.586s][info][gc             ] GC(1404) Pause Young (Prepare Mixed) (G1 Evacuation Pause) 3633M->1464M(4096M) 119.214ms
[4673.586s][info][gc,cpu         ] GC(1404) User=0.71s Sys=0.00s Real=0.12s
..[4675.662s][info][gc,start       ] GC(1405) Pause Young (Mixed) (G1 Evacuation Pause)
[4675.662s][info][gc,task        ] GC(1405) Using 6 workers of 6 for evacuation
[4675.796s][info][gc,phases      ] GC(1405)   Pre Evacuate Collection Set: 0.36ms
[4675.796s][info][gc,phases      ] GC(1405)   Merge Heap Roots: 0.73ms
[4675.796s][info][gc,phases      ] GC(1405)   Evacuate Collection Set: 131.15ms
[4675.796s][info][gc,phases      ] GC(1405)   Post Evacuate Collection Set: 0.91ms
[4675.796s][info][gc,phases      ] GC(1405)   Other: 0.09ms
[4675.796s][info][gc,heap        ] GC(1405) Eden regions: 1101->0(1119)
[4675.796s][info][gc,heap        ] GC(1405) Survivor regions: 111->109(152)
[4675.796s][info][gc,heap        ] GC(1405) Old regions: 542->477
[4675.796s][info][gc,heap        ] GC(1405) Humongous regions: 80->80
[4675.796s][info][gc,metaspace   ] GC(1405) Metaspace: 28970K(29376K)->28970K(29376K) NonClass: 24100K(24256K)->24100K(24256K) Class: 4869K(5120K)->4869K(5120K)
[4675.796s][info][gc             ] GC(1405) Pause Young (Mixed) (G1 Evacuation Pause) 3666M->1330M(4096M) 133.369ms
[4675.796s][info][gc,cpu         ] GC(1405) User=0.80s Sys=0.00s Real=0.14s
...[4677.925s][info][gc,start       ] GC(1406) Pause Young (Concurrent Start) (G1 Evacuation Pause)
[4677.925s][info][gc,task        ] GC(1406) Using 6 workers of 6 for evacuation
[4678.040s][info][gc,phases      ] GC(1406)   Pre Evacuate Collection Set: 0.37ms
[4678.041s][info][gc,phases      ] GC(1406)   Merge Heap Roots: 0.46ms
[4678.041s][info][gc,phases      ] GC(1406)   Evacuate Collection Set: 113.93ms
[4678.041s][info][gc,phases      ] GC(1406)   Post Evacuate Collection Set: 0.88ms
[4678.041s][info][gc,phases      ] GC(1406)   Other: 0.10ms
[4678.041s][info][gc,heap        ] GC(1406) Eden regions: 1119->0(1121)
[4678.041s][info][gc,heap        ] GC(1406) Survivor regions: 109->107(154)
[4678.041s][info][gc,heap        ] GC(1406) Old regions: 477->509
[4678.041s][info][gc,heap        ] GC(1406) Humongous regions: 80->80
[4678.041s][info][gc,metaspace   ] GC(1406) Metaspace: 28970K(29376K)->28970K(29376K) NonClass: 24100K(24256K)->24100K(24256K) Class: 4869K(5120K)->4869K(5120K)
[4678.041s][info][gc             ] GC(1406) Pause Young (Concurrent Start) (G1 Evacuation Pause) 3568M->1390M(4096M) 115.876ms
[4678.041s][info][gc             ] GC(1407) Concurrent Mark Cycle
[4678.041s][info][gc,marking     ] GC(1407) Concurrent Scan Root Regions
[4678.041s][info][gc,cpu         ] GC(1406) User=0.69s Sys=0.00s Real=0.11s
[4678.232s][info][gc,marking     ] GC(1407) Concurrent Scan Root Regions 190.940ms
[4678.232s][info][gc,marking     ] GC(1407) Concurrent Mark
[4678.232s][info][gc,marking     ] GC(1407) Concurrent Mark From Roots
[4678.232s][info][gc,task        ] GC(1407) Using 2 workers of 2 for marking
.[4679.294s][info][gc,marking     ] GC(1407) Concurrent Mark From Roots 1062.764ms
[4679.294s][info][gc,marking     ] GC(1407) Concurrent Preclean
[4679.295s][info][gc,marking     ] GC(1407) Concurrent Preclean 0.140ms
[4679.298s][info][gc,start       ] GC(1407) Pause Remark
[4679.306s][info][gc             ] GC(1407) Pause Remark 2576M->2576M(4096M) 7.931ms
[4679.306s][info][gc,cpu         ] GC(1407) User=0.04s Sys=0.00s Real=0.01s
[4679.306s][info][gc,marking     ] GC(1407) Concurrent Mark 1074.426ms
[4679.306s][info][gc,marking     ] GC(1407) Concurrent Rebuild Remembered Sets and Scrub Regions
[4679.632s][info][gc,marking     ] GC(1407) Concurrent Rebuild Remembered Sets and Scrub Regions 325.714ms
[4679.635s][info][gc,start       ] GC(1407) Pause Cleanup
[4679.635s][info][gc             ] GC(1407) Pause Cleanup 2914M->2914M(4096M) 0.138ms
[4679.635s][info][gc,cpu         ] GC(1407) User=0.00s Sys=0.00s Real=0.00s
[4679.635s][info][gc,marking     ] GC(1407) Concurrent Clear Claimed Marks
[4679.635s][info][gc,marking     ] GC(1407) Concurrent Clear Claimed Marks 0.035ms
[4679.635s][info][gc,marking     ] GC(1407) Concurrent Cleanup for Next Mark
[4679.642s][info][gc,marking     ] GC(1407) Concurrent Cleanup for Next Mark 6.792ms
[4679.642s][info][gc             ] GC(1407) Concurrent Mark Cycle 1601.183ms
.[4680.237s][info][gc,start       ] GC(1408) Pause Young (Prepare Mixed) (G1 Evacuation Pause)
[4680.237s][info][gc,task        ] GC(1408) Using 6 workers of 6 for evacuation
[4680.359s][info][gc,phases      ] GC(1408)   Pre Evacuate Collection Set: 0.34ms
[4680.359s][info][gc,phases      ] GC(1408)   Merge Heap Roots: 0.54ms
[4680.359s][info][gc,phases      ] GC(1408)   Evacuate Collection Set: 119.57ms
[4680.359s][info][gc,phases      ] GC(1408)   Post Evacuate Collection Set: 0.95ms
[4680.359s][info][gc,phases      ] GC(1408)   Other: 0.09ms
[4680.359s][info][gc,heap        ] GC(1408) Eden regions: 1121->0(1097)
[4680.359s][info][gc,heap        ] GC(1408) Survivor regions: 107->114(154)
[4680.359s][info][gc,heap        ] GC(1408) Old regions: 509->540
[4680.359s][info][gc,heap        ] GC(1408) Humongous regions: 80->80
[4680.359s][info][gc,metaspace   ] GC(1408) Metaspace: 28970K(29376K)->28970K(29376K) NonClass: 24100K(24256K)->24100K(24256K) Class: 4869K(5120K)->4869K(5120K)
[4680.359s][info][gc             ] GC(1408) Pause Young (Prepare Mixed) (G1 Evacuation Pause) 3632M->1465M(4096M) 121.626ms
[4680.359s][info][gc,cpu         ] GC(1408) User=0.73s Sys=0.00s Real=0.12s
..[4682.360s][info][gc,start       ] GC(1409) Pause Young (Mixed) (G1 Evacuation Pause)
[4682.360s][info][gc,task        ] GC(1409) Using 6 workers of 6 for evacuation
[4682.496s][info][gc,phases      ] GC(1409)   Pre Evacuate Collection Set: 0.38ms
[4682.496s][info][gc,phases      ] GC(1409)   Merge Heap Roots: 0.67ms
[4682.496s][info][gc,phases      ] GC(1409)   Evacuate Collection Set: 133.83ms
[4682.496s][info][gc,phases      ] GC(1409)   Post Evacuate Collection Set: 0.92ms
[4682.496s][info][gc,phases      ] GC(1409)   Other: 0.09ms
[4682.496s][info][gc,heap        ] GC(1409) Eden regions: 1097->0(1116)
[4682.496s][info][gc,heap        ] GC(1409) Survivor regions: 114->112(152)
[4682.496s][info][gc,heap        ] GC(1409) Old regions: 540->474
[4682.496s][info][gc,heap        ] GC(1409) Humongous regions: 80->80
[4682.496s][info][gc,metaspace   ] GC(1409) Metaspace: 28970K(29376K)->28970K(29376K) NonClass: 24100K(24256K)->24100K(24256K) Class: 4869K(5120K)->4869K(5120K)
[4682.496s][info][gc             ] GC(1409) Pause Young (Mixed) (G1 Evacuation Pause) 3659M->1330M(4096M) 136.013ms
[4682.496s][info][gc,cpu         ] GC(1409) User=0.81s Sys=0.00s Real=0.14s
..[4684.598s][info][gc,start       ] GC(1410) Pause Young (Concurrent Start) (G1 Evacuation Pause)
[4684.598s][info][gc,task        ] GC(1410) Using 6 workers of 6 for evacuation
[4684.726s][info][gc,phases      ] GC(1410)   Pre Evacuate Collection Set: 0.37ms
[4684.726s][info][gc,phases      ] GC(1410)   Merge Heap Roots: 0.48ms
[4684.726s][info][gc,phases      ] GC(1410)   Evacuate Collection Set: 126.30ms
[4684.726s][info][gc,phases      ] GC(1410)   Post Evacuate Collection Set: 0.71ms
[4684.726s][info][gc,phases      ] GC(1410)   Other: 0.11ms
[4684.726s][info][gc,heap        ] GC(1410) Eden regions: 1116->0(1111)
[4684.726s][info][gc,heap        ] GC(1410) Survivor regions: 112->117(154)
[4684.726s][info][gc,heap        ] GC(1410) Old regions: 474->506
[4684.726s][info][gc,heap        ] GC(1410) Humongous regions: 80->80
[4684.726s][info][gc,metaspace   ] GC(1410) Metaspace: 28970K(29376K)->28970K(29376K) NonClass: 24100K(24256K)->24100K(24256K) Class: 4869K(5120K)->4869K(5120K)
[4684.726s][info][gc             ] GC(1410) Pause Young (Concurrent Start) (G1 Evacuation Pause) 3562M->1405M(4096M) 128.100ms
[4684.726s][info][gc             ] GC(1411) Concurrent Mark Cycle
[4684.726s][info][gc,marking     ] GC(1411) Concurrent Scan Root Regions
[4684.726s][info][gc,cpu         ] GC(1410) User=0.77s Sys=0.00s Real=0.13s
[4684.915s][info][gc,marking     ] GC(1411) Concurrent Scan Root Regions 188.653ms
[4684.915s][info][gc,marking     ] GC(1411) Concurrent Mark
[4684.915s][info][gc,marking     ] GC(1411) Concurrent Mark From Roots
[4684.915s][info][gc,task        ] GC(1411) Using 2 workers of 2 for marking
.[4685.860s][info][gc,marking     ] GC(1411) Concurrent Mark From Roots 944.922ms
[4685.860s][info][gc,marking     ] GC(1411) Concurrent Preclean
[4685.860s][info][gc,marking     ] GC(1411) Concurrent Preclean 0.116ms
[4685.863s][info][gc,start       ] GC(1411) Pause Remark
[4685.870s][info][gc             ] GC(1411) Pause Remark 2531M->2531M(4096M) 6.945ms
[4685.870s][info][gc,cpu         ] GC(1411) User=0.04s Sys=0.00s Real=0.00s
[4685.871s][info][gc,marking     ] GC(1411) Concurrent Mark 955.643ms
[4685.871s][info][gc,marking     ] GC(1411) Concurrent Rebuild Remembered Sets and Scrub Regions
.[4686.213s][info][gc,marking     ] GC(1411) Concurrent Rebuild Remembered Sets and Scrub Regions 342.167ms
[4686.213s][info][gc,start       ] GC(1411) Pause Cleanup
[4686.213s][info][gc             ] GC(1411) Pause Cleanup 2831M->2831M(4096M) 0.123ms
[4686.213s][info][gc,cpu         ] GC(1411) User=0.00s Sys=0.00s Real=0.00s
[4686.215s][info][gc,marking     ] GC(1411) Concurrent Clear Claimed Marks
[4686.215s][info][gc,marking     ] GC(1411) Concurrent Clear Claimed Marks 0.039ms
[4686.215s][info][gc,marking     ] GC(1411) Concurrent Cleanup for Next Mark
[4686.221s][info][gc,marking     ] GC(1411) Concurrent Cleanup for Next Mark 6.465ms
[4686.221s][info][gc             ] GC(1411) Concurrent Mark Cycle 1494.920ms
[4686.823s][info][gc,start       ] GC(1412) Pause Young (Prepare Mixed) (G1 Evacuation Pause)
[4686.823s][info][gc,task        ] GC(1412) Using 6 workers of 6 for evacuation
[4686.948s][info][gc,phases      ] GC(1412)   Pre Evacuate Collection Set: 0.34ms
[4686.948s][info][gc,phases      ] GC(1412)   Merge Heap Roots: 0.54ms
[4686.948s][info][gc,phases      ] GC(1412)   Evacuate Collection Set: 122.95ms
[4686.948s][info][gc,phases      ] GC(1412)   Post Evacuate Collection Set: 0.94ms
[4686.948s][info][gc,phases      ] GC(1412)   Other: 0.09ms
[4686.948s][info][gc,heap        ] GC(1412) Eden regions: 1111->0(1093)
[4686.948s][info][gc,heap        ] GC(1412) Survivor regions: 117->117(154)
[4686.948s][info][gc,heap        ] GC(1412) Old regions: 506->538
[4686.948s][info][gc,heap        ] GC(1412) Humongous regions: 80->80
[4686.948s][info][gc,metaspace   ] GC(1412) Metaspace: 28970K(29376K)->28970K(29376K) NonClass: 24100K(24256K)->24100K(24256K) Class: 4869K(5120K)->4869K(5120K)
[4686.948s][info][gc             ] GC(1412) Pause Young (Prepare Mixed) (G1 Evacuation Pause) 3627M->1467M(4096M) 124.991ms
[4686.948s][info][gc,cpu         ] GC(1412) User=0.75s Sys=0.01s Real=0.12s
..[4688.987s][info][gc,start       ] GC(1413) Pause Young (Mixed) (G1 Evacuation Pause)
[4688.987s][info][gc,task        ] GC(1413) Using 6 workers of 6 for evacuation
[4689.129s][info][gc,phases      ] GC(1413)   Pre Evacuate Collection Set: 0.33ms
[4689.129s][info][gc,phases      ] GC(1413)   Merge Heap Roots: 0.80ms
[4689.129s][info][gc,phases      ] GC(1413)   Evacuate Collection Set: 140.03ms
[4689.129s][info][gc,phases      ] GC(1413)   Post Evacuate Collection Set: 0.93ms
[4689.129s][info][gc,phases      ] GC(1413)   Other: 0.09ms
[4689.129s][info][gc,heap        ] GC(1413) Eden regions: 1093->0(1114)
[4689.129s][info][gc,heap        ] GC(1413) Survivor regions: 117->114(152)
[4689.129s][info][gc,heap        ] GC(1413) Old regions: 538->475
[4689.129s][info][gc,heap        ] GC(1413) Humongous regions: 80->80
[4689.129s][info][gc,metaspace   ] GC(1413) Metaspace: 28970K(29376K)->28970K(29376K) NonClass: 24100K(24256K)->24100K(24256K) Class: 4869K(5120K)->4869K(5120K)
[4689.129s][info][gc             ] GC(1413) Pause Young (Mixed) (G1 Evacuation Pause) 3653M->1335M(4096M) 142.324ms
[4689.129s][info][gc,cpu         ] GC(1413) User=0.84s Sys=0.00s Real=0.14s
...[4691.219s][info][gc,start       ] GC(1414) Pause Young (Concurrent Start) (G1 Evacuation Pause)
[4691.220s][info][gc,task        ] GC(1414) Using 6 workers of 6 for evacuation
[4691.339s][info][gc,phases      ] GC(1414)   Pre Evacuate Collection Set: 0.34ms
[4691.339s][info][gc,phases      ] GC(1414)   Merge Heap Roots: 0.46ms
[4691.339s][info][gc,phases      ] GC(1414)   Evacuate Collection Set: 117.54ms
[4691.339s][info][gc,phases      ] GC(1414)   Post Evacuate Collection Set: 0.87ms
[4691.339s][info][gc,phases      ] GC(1414)   Other: 0.10ms
[4691.339s][info][gc,heap        ] GC(1414) Eden regions: 1114->0(1118)
[4691.339s][info][gc,heap        ] GC(1414) Survivor regions: 114->110(154)
[4691.339s][info][gc,heap        ] GC(1414) Old regions: 475->507
[4691.339s][info][gc,heap        ] GC(1414) Humongous regions: 80->80
[4691.339s][info][gc,metaspace   ] GC(1414) Metaspace: 28970K(29376K)->28970K(29376K) NonClass: 24100K(24256K)->24100K(24256K) Class: 4869K(5120K)->4869K(5120K)
[4691.339s][info][gc             ] GC(1414) Pause Young (Concurrent Start) (G1 Evacuation Pause) 3563M->1392M(4096M) 119.453ms
[4691.339s][info][gc             ] GC(1415) Concurrent Mark Cycle
[4691.339s][info][gc,marking     ] GC(1415) Concurrent Scan Root Regions
[4691.339s][info][gc,cpu         ] GC(1414) User=0.71s Sys=0.00s Real=0.12s
[4691.488s][info][gc,marking     ] GC(1415) Concurrent Scan Root Regions 149.401ms
[4691.488s][info][gc,marking     ] GC(1415) Concurrent Mark
[4691.488s][info][gc,marking     ] GC(1415) Concurrent Mark From Roots
[4691.488s][info][gc,task        ] GC(1415) Using 2 workers of 2 for marking
.|[4692.215s][info][gc,marking     ] GC(1415) Concurrent Mark From Roots 726.667ms
[4692.215s][info][gc,marking     ] GC(1415) Concurrent Preclean
[4692.215s][info][gc,marking     ] GC(1415) Concurrent Preclean 0.093ms
[4692.218s][info][gc,start       ] GC(1415) Pause Remark
[4692.223s][info][gc             ] GC(1415) Pause Remark 2166M->2166M(4096M) 5.667ms
[4692.223s][info][gc,cpu         ] GC(1415) User=0.04s Sys=0.00s Real=0.01s
[4692.224s][info][gc,marking     ] GC(1415) Concurrent Mark 735.596ms
[4692.224s][info][gc,marking     ] GC(1415) Concurrent Rebuild Remembered Sets and Scrub Regions
[4692.590s][info][gc,marking     ] GC(1415) Concurrent Rebuild Remembered Sets and Scrub Regions 366.251ms
[4692.591s][info][gc,start       ] GC(1415) Pause Cleanup
[4692.591s][info][gc             ] GC(1415) Pause Cleanup 2588M->2588M(4096M) 0.127ms
[4692.591s][info][gc,cpu         ] GC(1415) User=0.00s Sys=0.00s Real=0.00s
[4692.591s][info][gc,marking     ] GC(1415) Concurrent Clear Claimed Marks
[4692.591s][info][gc,marking     ] GC(1415) Concurrent Clear Claimed Marks 0.030ms
[4692.591s][info][gc,marking     ] GC(1415) Concurrent Cleanup for Next Mark
[4692.601s][info][gc,marking     ] GC(1415) Concurrent Cleanup for Next Mark 9.727ms
[4692.601s][info][gc             ] GC(1415) Concurrent Mark Cycle 1262.199ms
.[4693.484s][info][gc,start       ] GC(1416) Pause Young (Prepare Mixed) (G1 Evacuation Pause)
[4693.484s][info][gc,task        ] GC(1416) Using 6 workers of 6 for evacuation
[4693.603s][info][gc,phases      ] GC(1416)   Pre Evacuate Collection Set: 0.35ms
[4693.603s][info][gc,phases      ] GC(1416)   Merge Heap Roots: 0.54ms
[4693.603s][info][gc,phases      ] GC(1416)   Evacuate Collection Set: 116.82ms
[4693.603s][info][gc,phases      ] GC(1416)   Post Evacuate Collection Set: 0.92ms
[4693.603s][info][gc,phases      ] GC(1416)   Other: 0.09ms
[4693.603s][info][gc,heap        ] GC(1416) Eden regions: 1118->0(1103)
[4693.603s][info][gc,heap        ] GC(1416) Survivor regions: 110->112(154)
[4693.603s][info][gc,heap        ] GC(1416) Old regions: 507->538
[4693.603s][info][gc,heap        ] GC(1416) Humongous regions: 80->80
[4693.603s][info][gc,metaspace   ] GC(1416) Metaspace: 28970K(29376K)->28970K(29376K) NonClass: 24100K(24256K)->24100K(24256K) Class: 4869K(5120K)->4869K(5120K)
[4693.603s][info][gc             ] GC(1416) Pause Young (Prepare Mixed) (G1 Evacuation Pause) 3628M->1459M(4096M) 118.841ms
[4693.603s][info][gc,cpu         ] GC(1416) User=0.71s Sys=0.00s Real=0.12s
..[4695.701s][info][gc,start       ] GC(1417) Pause Young (Mixed) (G1 Evacuation Pause)
[4695.701s][info][gc,task        ] GC(1417) Using 6 workers of 6 for evacuation
[4695.837s][info][gc,phases      ] GC(1417)   Pre Evacuate Collection Set: 0.39ms
[4695.837s][info][gc,phases      ] GC(1417)   Merge Heap Roots: 0.72ms
[4695.837s][info][gc,phases      ] GC(1417)   Evacuate Collection Set: 134.32ms
[4695.837s][info][gc,phases      ] GC(1417)   Post Evacuate Collection Set: 0.92ms
[4695.837s][info][gc,phases      ] GC(1417)   Other: 0.09ms
[4695.837s][info][gc,heap        ] GC(1417) Eden regions: 1103->0(1117)
[4695.837s][info][gc,heap        ] GC(1417) Survivor regions: 112->111(152)
[4695.837s][info][gc,heap        ] GC(1417) Old regions: 538->476
[4695.837s][info][gc,heap        ] GC(1417) Humongous regions: 80->80
[4695.837s][info][gc,metaspace   ] GC(1417) Metaspace: 28970K(29376K)->28970K(29376K) NonClass: 24100K(24256K)->24100K(24256K) Class: 4869K(5120K)->4869K(5120K)
[4695.838s][info][gc             ] GC(1417) Pause Young (Mixed) (G1 Evacuation Pause) 3665M->1331M(4096M) 136.577ms
[4695.838s][info][gc,cpu         ] GC(1417) User=0.81s Sys=0.00s Real=0.14s
..[4697.963s][info][gc,start       ] GC(1418) Pause Young (Concurrent Start) (G1 Evacuation Pause)
[4697.963s][info][gc,task        ] GC(1418) Using 6 workers of 6 for evacuation
[4698.081s][info][gc,phases      ] GC(1418)   Pre Evacuate Collection Set: 0.35ms
[4698.081s][info][gc,phases      ] GC(1418)   Merge Heap Roots: 0.48ms
[4698.081s][info][gc,phases      ] GC(1418)   Evacuate Collection Set: 115.85ms
[4698.081s][info][gc,phases      ] GC(1418)   Post Evacuate Collection Set: 0.88ms
[4698.081s][info][gc,phases      ] GC(1418)   Other: 0.10ms
[4698.081s][info][gc,heap        ] GC(1418) Eden regions: 1117->0(1119)
[4698.081s][info][gc,heap        ] GC(1418) Survivor regions: 111->109(154)
[4698.081s][info][gc,heap        ] GC(1418) Old regions: 476->507
[4698.081s][info][gc,heap        ] GC(1418) Humongous regions: 80->80
[4698.081s][info][gc,metaspace   ] GC(1418) Metaspace: 28970K(29376K)->28970K(29376K) NonClass: 24100K(24256K)->24100K(24256K) Class: 4869K(5120K)->4869K(5120K)
[4698.081s][info][gc             ] GC(1418) Pause Young (Concurrent Start) (G1 Evacuation Pause) 3565M->1391M(4096M) 117.790ms
[4698.081s][info][gc             ] GC(1419) Concurrent Mark Cycle
[4698.081s][info][gc,marking     ] GC(1419) Concurrent Scan Root Regions
[4698.081s][info][gc,cpu         ] GC(1418) User=0.70s Sys=0.00s Real=0.11s
.[4698.274s][info][gc,marking     ] GC(1419) Concurrent Scan Root Regions 193.436ms
[4698.274s][info][gc,marking     ] GC(1419) Concurrent Mark
[4698.274s][info][gc,marking     ] GC(1419) Concurrent Mark From Roots
[4698.274s][info][gc,task        ] GC(1419) Using 2 workers of 2 for marking
.[4699.359s][info][gc,marking     ] GC(1419) Concurrent Mark From Roots 1084.930ms
[4699.359s][info][gc,marking     ] GC(1419) Concurrent Preclean
[4699.360s][info][gc,marking     ] GC(1419) Concurrent Preclean 0.128ms
[4699.363s][info][gc,start       ] GC(1419) Pause Remark
[4699.368s][info][gc             ] GC(1419) Pause Remark 2617M->2617M(4096M) 5.592ms
[4699.368s][info][gc,cpu         ] GC(1419) User=0.03s Sys=0.00s Real=0.00s
[4699.368s][info][gc,marking     ] GC(1419) Concurrent Mark 1093.981ms
[4699.368s][info][gc,marking     ] GC(1419) Concurrent Rebuild Remembered Sets and Scrub Regions
[4699.643s][info][gc,marking     ] GC(1419) Concurrent Rebuild Remembered Sets and Scrub Regions 274.300ms
[4699.643s][info][gc,start       ] GC(1419) Pause Cleanup
[4699.643s][info][gc             ] GC(1419) Pause Cleanup 2894M->2894M(4096M) 0.112ms
[4699.643s][info][gc,cpu         ] GC(1419) User=0.00s Sys=0.00s Real=0.00s
[4699.643s][info][gc,marking     ] GC(1419) Concurrent Clear Claimed Marks
[4699.643s][info][gc,marking     ] GC(1419) Concurrent Clear Claimed Marks 0.021ms
[4699.643s][info][gc,marking     ] GC(1419) Concurrent Cleanup for Next Mark
[4699.653s][info][gc,marking     ] GC(1419) Concurrent Cleanup for Next Mark 9.715ms
[4699.653s][info][gc             ] GC(1419) Concurrent Mark Cycle 1572.193ms
[4700.170s][info][gc,start       ] GC(1420) Pause Young (Prepare Mixed) (G1 Evacuation Pause)
[4700.170s][info][gc,task        ] GC(1420) Using 6 workers of 6 for evacuation
[4700.288s][info][gc,phases      ] GC(1420)   Pre Evacuate Collection Set: 0.31ms
[4700.288s][info][gc,phases      ] GC(1420)   Merge Heap Roots: 0.50ms
[4700.288s][info][gc,phases      ] GC(1420)   Evacuate Collection Set: 116.27ms
[4700.288s][info][gc,phases      ] GC(1420)   Post Evacuate Collection Set: 0.94ms
[4700.288s][info][gc,phases      ] GC(1420)   Other: 0.09ms
[4700.288s][info][gc,heap        ] GC(1420) Eden regions: 1119->0(1107)
[4700.288s][info][gc,heap        ] GC(1420) Survivor regions: 109->110(154)
[4700.288s][info][gc,heap        ] GC(1420) Old regions: 507->538
[4700.288s][info][gc,heap        ] GC(1420) Humongous regions: 80->80
[4700.288s][info][gc,metaspace   ] GC(1420) Metaspace: 28970K(29376K)->28970K(29376K) NonClass: 24100K(24256K)->24100K(24256K) Class: 4869K(5120K)->4869K(5120K)
[4700.288s][info][gc             ] GC(1420) Pause Young (Prepare Mixed) (G1 Evacuation Pause) 3629M->1455M(4096M) 118.238ms
[4700.288s][info][gc,cpu         ] GC(1420) User=0.71s Sys=0.00s Real=0.12s
..[4702.286s][info][gc,start       ] GC(1421) Pause Young (Mixed) (G1 Evacuation Pause)
[4702.286s][info][gc,task        ] GC(1421) Using 6 workers of 6 for evacuation
[4702.426s][info][gc,phases      ] GC(1421)   Pre Evacuate Collection Set: 0.34ms
[4702.426s][info][gc,phases      ] GC(1421)   Merge Heap Roots: 0.74ms
[4702.426s][info][gc,phases      ] GC(1421)   Evacuate Collection Set: 137.35ms
[4702.426s][info][gc,phases      ] GC(1421)   Post Evacuate Collection Set: 0.97ms
[4702.426s][info][gc,phases      ] GC(1421)   Other: 0.08ms
[4702.426s][info][gc,heap        ] GC(1421) Eden regions: 1107->0(1115)
[4702.426s][info][gc,heap        ] GC(1421) Survivor regions: 110->113(153)
[4702.426s][info][gc,heap        ] GC(1421) Old regions: 538->475
[4702.426s][info][gc,heap        ] GC(1421) Humongous regions: 80->80
[4702.426s][info][gc,metaspace   ] GC(1421) Metaspace: 28970K(29376K)->28970K(29376K) NonClass: 24100K(24256K)->24100K(24256K) Class: 4869K(5120K)->4869K(5120K)
[4702.426s][info][gc             ] GC(1421) Pause Young (Mixed) (G1 Evacuation Pause) 3669M->1334M(4096M) 139.619ms
[4702.426s][info][gc,cpu         ] GC(1421) User=0.83s Sys=0.00s Real=0.14s
...[4704.539s][info][gc,start       ] GC(1422) Pause Young (Concurrent Start) (G1 Evacuation Pause)
[4704.539s][info][gc,task        ] GC(1422) Using 6 workers of 6 for evacuation
[4704.660s][info][gc,phases      ] GC(1422)   Pre Evacuate Collection Set: 0.36ms
[4704.660s][info][gc,phases      ] GC(1422)   Merge Heap Roots: 0.49ms
[4704.660s][info][gc,phases      ] GC(1422)   Evacuate Collection Set: 118.43ms
[4704.660s][info][gc,phases      ] GC(1422)   Post Evacuate Collection Set: 0.86ms
[4704.660s][info][gc,phases      ] GC(1422)   Other: 0.12ms
[4704.660s][info][gc,heap        ] GC(1422) Eden regions: 1115->0(1117)
[4704.660s][info][gc,heap        ] GC(1422) Survivor regions: 113->111(154)
[4704.660s][info][gc,heap        ] GC(1422) Old regions: 475->507
[4704.660s][info][gc,heap        ] GC(1422) Humongous regions: 80->80
[4704.660s][info][gc,metaspace   ] GC(1422) Metaspace: 28970K(29376K)->28970K(29376K) NonClass: 24100K(24256K)->24100K(24256K) Class: 4869K(5120K)->4869K(5120K)
[4704.660s][info][gc             ] GC(1422) Pause Young (Concurrent Start) (G1 Evacuation Pause) 3564M->1395M(4096M) 120.377ms
[4704.660s][info][gc             ] GC(1423) Concurrent Mark Cycle
[4704.660s][info][gc,marking     ] GC(1423) Concurrent Scan Root Regions
[4704.660s][info][gc,cpu         ] GC(1422) User=0.71s Sys=0.01s Real=0.12s
[4704.847s][info][gc,marking     ] GC(1423) Concurrent Scan Root Regions 187.611ms
[4704.847s][info][gc,marking     ] GC(1423) Concurrent Mark
[4704.847s][info][gc,marking     ] GC(1423) Concurrent Mark From Roots
[4704.847s][info][gc,task        ] GC(1423) Using 2 workers of 2 for marking
.[4705.644s][info][gc,marking     ] GC(1423) Concurrent Mark From Roots 796.962ms
[4705.644s][info][gc,marking     ] GC(1423) Concurrent Preclean
[4705.645s][info][gc,marking     ] GC(1423) Concurrent Preclean 0.089ms
[4705.648s][info][gc,start       ] GC(1423) Pause Remark
[4705.651s][info][gc             ] GC(1423) Pause Remark 2309M->2309M(4096M) 3.393ms
[4705.651s][info][gc,cpu         ] GC(1423) User=0.02s Sys=0.00s Real=0.00s
[4705.651s][info][gc,marking     ] GC(1423) Concurrent Mark 803.688ms
[4705.651s][info][gc,marking     ] GC(1423) Concurrent Rebuild Remembered Sets and Scrub Regions
[4706.021s][info][gc,marking     ] GC(1423) Concurrent Rebuild Remembered Sets and Scrub Regions 370.010ms
[4706.021s][info][gc,start       ] GC(1423) Pause Cleanup
[4706.021s][info][gc             ] GC(1423) Pause Cleanup 2667M->2667M(4096M) 0.116ms
[4706.021s][info][gc,cpu         ] GC(1423) User=0.00s Sys=0.00s Real=0.00s
[4706.022s][info][gc,marking     ] GC(1423) Concurrent Clear Claimed Marks
[4706.022s][info][gc,marking     ] GC(1423) Concurrent Clear Claimed Marks 0.031ms
[4706.022s][info][gc,marking     ] GC(1423) Concurrent Cleanup for Next Mark
[4706.028s][info][gc,marking     ] GC(1423) Concurrent Cleanup for Next Mark 5.961ms
[4706.028s][info][gc             ] GC(1423) Concurrent Mark Cycle 1367.793ms
.[4706.867s][info][gc,start       ] GC(1424) Pause Young (Prepare Mixed) (G1 Evacuation Pause)
[4706.867s][info][gc,task        ] GC(1424) Using 6 workers of 6 for evacuation
[4706.989s][info][gc,phases      ] GC(1424)   Pre Evacuate Collection Set: 0.33ms
[4706.989s][info][gc,phases      ] GC(1424)   Merge Heap Roots: 0.55ms
[4706.989s][info][gc,phases      ] GC(1424)   Evacuate Collection Set: 120.43ms
[4706.989s][info][gc,phases      ] GC(1424)   Post Evacuate Collection Set: 0.90ms
[4706.989s][info][gc,phases      ] GC(1424)   Other: 0.08ms
[4706.989s][info][gc,heap        ] GC(1424) Eden regions: 1117->0(1099)
[4706.989s][info][gc,heap        ] GC(1424) Survivor regions: 111->113(154)
[4706.989s][info][gc,heap        ] GC(1424) Old regions: 507->540
[4706.989s][info][gc,heap        ] GC(1424) Humongous regions: 80->80
[4706.989s][info][gc,metaspace   ] GC(1424) Metaspace: 28970K(29376K)->28970K(29376K) NonClass: 24100K(24256K)->24100K(24256K) Class: 4869K(5120K)->4869K(5120K)
[4706.989s][info][gc             ] GC(1424) Pause Young (Prepare Mixed) (G1 Evacuation Pause) 3629M->1465M(4096M) 122.424ms
[4706.989s][info][gc,cpu         ] GC(1424) User=0.73s Sys=0.00s Real=0.12s
..[4708.933s][info][gc,start       ] GC(1425) Pause Young (Mixed) (G1 Evacuation Pause)
[4708.933s][info][gc,task        ] GC(1425) Using 6 workers of 6 for evacuation
[4709.068s][info][gc,phases      ] GC(1425)   Pre Evacuate Collection Set: 0.38ms
[4709.069s][info][gc,phases      ] GC(1425)   Merge Heap Roots: 0.68ms
[4709.069s][info][gc,phases      ] GC(1425)   Evacuate Collection Set: 133.74ms
[4709.069s][info][gc,phases      ] GC(1425)   Post Evacuate Collection Set: 0.94ms
[4709.069s][info][gc,phases      ] GC(1425)   Other: 0.09ms
[4709.069s][info][gc,heap        ] GC(1425) Eden regions: 1099->0(1117)
[4709.069s][info][gc,heap        ] GC(1425) Survivor regions: 113->111(152)
[4709.069s][info][gc,heap        ] GC(1425) Old regions: 540->477
[4709.069s][info][gc,heap        ] GC(1425) Humongous regions: 80->80
[4709.069s][info][gc,metaspace   ] GC(1425) Metaspace: 28970K(29376K)->28970K(29376K) NonClass: 24100K(24256K)->24100K(24256K) Class: 4869K(5120K)->4869K(5120K)
[4709.069s][info][gc             ] GC(1425) Pause Young (Mixed) (G1 Evacuation Pause) 3663M->1333M(4096M) 135.962ms
[4709.069s][info][gc,cpu         ] GC(1425) User=0.81s Sys=0.00s Real=0.13s
..[4711.116s][info][gc,start       ] GC(1426) Pause Young (Concurrent Start) (G1 Evacuation Pause)
[4711.116s][info][gc,task        ] GC(1426) Using 6 workers of 6 for evacuation
[4711.235s][info][gc,phases      ] GC(1426)   Pre Evacuate Collection Set: 0.38ms
[4711.235s][info][gc,phases      ] GC(1426)   Merge Heap Roots: 0.48ms
[4711.235s][info][gc,phases      ] GC(1426)   Evacuate Collection Set: 117.05ms
[4711.235s][info][gc,phases      ] GC(1426)   Post Evacuate Collection Set: 0.93ms
[4711.235s][info][gc,phases      ] GC(1426)   Other: 0.10ms
[4711.235s][info][gc,heap        ] GC(1426) Eden regions: 1117->0(1118)
[4711.235s][info][gc,heap        ] GC(1426) Survivor regions: 111->110(154)
[4711.235s][info][gc,heap        ] GC(1426) Old regions: 477->508
[4711.235s][info][gc,heap        ] GC(1426) Humongous regions: 80->80
[4711.235s][info][gc,metaspace   ] GC(1426) Metaspace: 28970K(29376K)->28970K(29376K) NonClass: 24100K(24256K)->24100K(24256K) Class: 4869K(5120K)->4869K(5120K)
[4711.235s][info][gc             ] GC(1426) Pause Young (Concurrent Start) (G1 Evacuation Pause) 3567M->1395M(4096M) 119.081ms
[4711.235s][info][gc             ] GC(1427) Concurrent Mark Cycle
[4711.235s][info][gc,marking     ] GC(1427) Concurrent Scan Root Regions
[4711.235s][info][gc,cpu         ] GC(1426) User=0.71s Sys=0.01s Real=0.12s
[4711.353s][info][gc,marking     ] GC(1427) Concurrent Scan Root Regions 117.734ms
[4711.353s][info][gc,marking     ] GC(1427) Concurrent Mark
[4711.353s][info][gc,marking     ] GC(1427) Concurrent Mark From Roots
[4711.353s][info][gc,task        ] GC(1427) Using 2 workers of 2 for marking
.[4711.903s][info][gc,marking     ] GC(1427) Concurrent Mark From Roots 550.338ms
[4711.903s][info][gc,marking     ] GC(1427) Concurrent Preclean
[4711.903s][info][gc,marking     ] GC(1427) Concurrent Preclean 0.100ms
[4711.905s][info][gc,start       ] GC(1427) Pause Remark
[4711.910s][info][gc             ] GC(1427) Pause Remark 1933M->1933M(4096M) 4.864ms
[4711.910s][info][gc,cpu         ] GC(1427) User=0.03s Sys=0.00s Real=0.00s
[4711.910s][info][gc,marking     ] GC(1427) Concurrent Mark 557.210ms
[4711.910s][info][gc,marking     ] GC(1427) Concurrent Rebuild Remembered Sets and Scrub Regions
[4712.183s][info][gc,marking     ] GC(1427) Concurrent Rebuild Remembered Sets and Scrub Regions 273.368ms
[4712.187s][info][gc,start       ] GC(1427) Pause Cleanup
[4712.187s][info][gc             ] GC(1427) Pause Cleanup 2243M->2243M(4096M) 0.141ms
[4712.187s][info][gc,cpu         ] GC(1427) User=0.00s Sys=0.00s Real=0.00s
[4712.187s][info][gc,marking     ] GC(1427) Concurrent Clear Claimed Marks
[4712.187s][info][gc,marking     ] GC(1427) Concurrent Clear Claimed Marks 0.032ms
[4712.187s][info][gc,marking     ] GC(1427) Concurrent Cleanup for Next Mark
[4712.192s][info][gc,marking     ] GC(1427) Concurrent Cleanup for Next Mark 4.754ms
[4712.192s][info][gc             ] GC(1427) Concurrent Mark Cycle 956.846ms
.[4713.400s][info][gc,start       ] GC(1428) Pause Young (Prepare Mixed) (G1 Evacuation Pause)
[4713.400s][info][gc,task        ] GC(1428) Using 6 workers of 6 for evacuation
[4713.518s][info][gc,phases      ] GC(1428)   Pre Evacuate Collection Set: 0.37ms
[4713.518s][info][gc,phases      ] GC(1428)   Merge Heap Roots: 0.57ms
[4713.518s][info][gc,phases      ] GC(1428)   Evacuate Collection Set: 115.75ms
[4713.518s][info][gc,phases      ] GC(1428)   Post Evacuate Collection Set: 0.95ms
[4713.518s][info][gc,phases      ] GC(1428)   Other: 0.10ms
[4713.518s][info][gc,heap        ] GC(1428) Eden regions: 1118->0(1106)
[4713.518s][info][gc,heap        ] GC(1428) Survivor regions: 110->110(154)
[4713.518s][info][gc,heap        ] GC(1428) Old regions: 508->539
[4713.518s][info][gc,heap        ] GC(1428) Humongous regions: 80->80
[4713.518s][info][gc,metaspace   ] GC(1428) Metaspace: 28970K(29376K)->28970K(29376K) NonClass: 24100K(24256K)->24100K(24256K) Class: 4869K(5120K)->4869K(5120K)
[4713.518s][info][gc             ] GC(1428) Pause Young (Prepare Mixed) (G1 Evacuation Pause) 3631M->1457M(4096M) 117.868ms
[4713.518s][info][gc,cpu         ] GC(1428) User=0.70s Sys=0.00s Real=0.12s
..[4715.607s][info][gc,start       ] GC(1429) Pause Young (Mixed) (G1 Evacuation Pause)
[4715.607s][info][gc,task        ] GC(1429) Using 6 workers of 6 for evacuation
[4715.747s][info][gc,phases      ] GC(1429)   Pre Evacuate Collection Set: 0.35ms
[4715.747s][info][gc,phases      ] GC(1429)   Merge Heap Roots: 0.74ms
[4715.747s][info][gc,phases      ] GC(1429)   Evacuate Collection Set: 137.62ms
[4715.747s][info][gc,phases      ] GC(1429)   Post Evacuate Collection Set: 0.95ms
[4715.747s][info][gc,phases      ] GC(1429)   Other: 0.09ms
[4715.747s][info][gc,heap        ] GC(1429) Eden regions: 1106->0(1116)
[4715.747s][info][gc,heap        ] GC(1429) Survivor regions: 110->112(152)
[4715.747s][info][gc,heap        ] GC(1429) Old regions: 539->474
[4715.747s][info][gc,heap        ] GC(1429) Humongous regions: 80->80
[4715.747s][info][gc,metaspace   ] GC(1429) Metaspace: 28970K(29376K)->28970K(29376K) NonClass: 24100K(24256K)->24100K(24256K) Class: 4869K(5120K)->4869K(5120K)
[4715.747s][info][gc             ] GC(1429) Pause Young (Mixed) (G1 Evacuation Pause) 3669M->1330M(4096M) 139.886ms
[4715.747s][info][gc,cpu         ] GC(1429) User=0.83s Sys=0.00s Real=0.14s
..[4717.884s][info][gc,start       ] GC(1430) Pause Young (Concurrent Start) (G1 Evacuation Pause)
[4717.884s][info][gc,task        ] GC(1430) Using 6 workers of 6 for evacuation
