[0.002s][info][gc,init] CardTable entry size: 512
[0.002s][info][gc     ] Using Parallel
[0.002s][info][gc,init] Version: 24-internal-adhoc.thomas.source (release)
[0.002s][info][gc,init] CPUs: 8 total, 6 available
[0.002s][info][gc,init] Memory: 15662M
[0.002s][info][gc,init] Large Page Support: Disabled
[0.002s][info][gc,init] NUMA Support: Disabled
[0.002s][info][gc,init] Compressed Oops: Enabled (Zero based)
[0.002s][info][gc,init] Alignments: Space 512K, Generation 512K, Heap 2M
[0.002s][info][gc,init] Heap Min Capacity: 2M
[0.002s][info][gc,init] Heap Initial Capacity: 246M
[0.002s][info][gc,init] Heap Max Capacity: 8G
[0.002s][info][gc,init] Pre-touch: Disabled
[0.002s][info][gc,init] Parallel Workers: 6
[0.002s][info][gc,metaspace] CDS archive(s) not mapped
[0.002s][info][gc,metaspace] Compressed class space mapped at: 0x00000000aa000000-0x00000000ea000000, reserved size: 1073741824
[0.002s][info][gc,metaspace] UseCompressedClassPointers 1, UseCompactObjectHeaders 1, narrow klass pointer bits 22, max shift 10
[0.002s][info][gc,metaspace] Narrow klass base: 0x00000000aa000000, Narrow klass shift: 9, Narrow klass range: 0x40000000

SPECjbb2015 Java Business Benchmark
 (c) Standard Performance Evaluation Corporation, 2015

Preparing to launch All-in-one SPECjbb2015.

Reading property file: /shared/projects/openjdk/analysis/lilliput-benefits/specjbb/results-COH-ON-Parallel-FullGC-8G-1/./config/specjbb2015.props

     0s: Enumerating plugins...
     0s:    Connectivity:
     0s:             HTTP_Grizzly: Grizzly HTTP server, JDK HTTP client
     0s:              NIO_Grizzly: Grizzly NIO server, Grizzly NIO client
     0s:               HTTP_Jetty: Jetty HTTP server, JDK HTTP client
     0s:    Snapshot:
     0s:                 InMemory: Stores snapshots in heap memory
     0s:    Data Writers:
     0s:                     Demo: Send all frame to listener
     0s:                   InFile: Writing Data into file
     0s:                   Silent: Drop all frames
     0s: 
     0s: Kit validation is skipped.
     0s: Tests are skipped.
     0s: 
     0s: [0.439s][info][gc,start    ] GC(0) Pause Young (Allocation Failure)
[0.442s][info][gc,heap     ] GC(0) PSYoungGen: 63488K(73728K)->3697K(73728K) Eden: 63488K(63488K)->0K(63488K) From: 0K(10240K)->3697K(10240K)
[0.442s][info][gc,heap     ] GC(0) ParOldGen: 0K(167936K)->16K(167936K)
[0.442s][info][gc,metaspace] GC(0) Metaspace: 16422K(16576K)->16422K(16576K) NonClass: 13552K(13632K)->13552K(13632K) Class: 2870K(2944K)->2870K(2944K)
[0.442s][info][gc          ] GC(0) Pause Young (Allocation Failure) 62M->3M(236M) 3.268ms
[0.442s][info][gc,cpu      ] GC(0) User=0.01s Sys=0.01s Real=0.00s
[0.581s][info][gc,start    ] GC(1) Pause Young (Allocation Failure)
[0.584s][info][gc,heap     ] GC(1) PSYoungGen: 67185K(73728K)->3909K(73728K) Eden: 63488K(63488K)->0K(63488K) From: 3697K(10240K)->3909K(10240K)
[0.584s][info][gc,heap     ] GC(1) ParOldGen: 16K(167936K)->24K(167936K)
[0.584s][info][gc,metaspace] GC(1) Metaspace: 18070K(18240K)->18070K(18240K) NonClass: 14707K(14784K)->14707K(14784K) Class: 3362K(3456K)->3362K(3456K)
[0.584s][info][gc          ] GC(1) Pause Young (Allocation Failure) 65M->3M(236M) 3.369ms
[0.584s][info][gc,cpu      ] GC(1) User=0.02s Sys=0.00s Real=0.01s
[0.833s][info][gc,start    ] GC(2) Pause Young (Allocation Failure)
[0.836s][info][gc,heap     ] GC(2) PSYoungGen: 67397K(73728K)->4646K(73728K) Eden: 63488K(63488K)->0K(63488K) From: 3909K(10240K)->4646K(10240K)
[0.836s][info][gc,heap     ] GC(2) ParOldGen: 24K(167936K)->32K(167936K)
[0.836s][info][gc,metaspace] GC(2) Metaspace: 20757K(20928K)->20757K(20928K) NonClass: 16838K(16896K)->16838K(16896K) Class: 3918K(4032K)->3918K(4032K)
[0.836s][info][gc          ] GC(2) Pause Young (Allocation Failure) 65M->4M(236M) 2.555ms
[0.836s][info][gc,cpu      ] GC(2) User=0.01s Sys=0.00s Real=0.00s
[0.940s][info][gc,start    ] GC(3) Pause Young (Allocation Failure)
[0.944s][info][gc,heap     ] GC(3) PSYoungGen: 68134K(73728K)->4834K(137216K) Eden: 63488K(63488K)->0K(126976K) From: 4646K(10240K)->4834K(10240K)
[0.944s][info][gc,heap     ] GC(3) ParOldGen: 32K(167936K)->40K(167936K)
[0.944s][info][gc,metaspace] GC(3) Metaspace: 21117K(21312K)->21117K(21312K) NonClass: 17118K(17216K)->17118K(17216K) Class: 3999K(4096K)->3999K(4096K)
[0.944s][info][gc          ] GC(3) Pause Young (Allocation Failure) 66M->4M(298M) 4.302ms
[0.944s][info][gc,cpu      ] GC(3) User=0.01s Sys=0.01s Real=0.01s
[1.042s][info][gc,start    ] GC(4) Pause Full (Metadata GC Threshold)
[1.042s][info][gc,phases,start] GC(4) Marking Phase
[1.047s][info][gc,phases      ] GC(4) Marking Phase 4.285ms
[1.047s][info][gc,phases,start] GC(4) Summary Phase
[1.047s][info][gc,phases      ] GC(4) Summary Phase 0.010ms
[1.047s][info][gc,phases,start] GC(4) Forward
[1.047s][info][gc,phases      ] GC(4) Forward 0.521ms
[1.047s][info][gc,phases,start] GC(4) Adjust Pointers
[1.048s][info][gc,phases      ] GC(4) Adjust Pointers 1.308ms
[1.049s][info][gc,phases,start] GC(4) Compaction Phase
[1.050s][info][gc,phases      ] GC(4) Compaction Phase 1.293ms
[1.050s][info][gc,phases,start] GC(4) Post Compact
[1.050s][info][gc,phases      ] GC(4) Post Compact 0.529ms
[1.050s][info][gc,heap        ] GC(4) PSYoungGen: 63067K(137216K)->0K(137216K) Eden: 58233K(126976K)->0K(126976K) From: 4834K(10240K)->0K(10240K)
[1.050s][info][gc,heap        ] GC(4) ParOldGen: 40K(167936K)->4875K(167936K)
[1.050s][info][gc,metaspace   ] GC(4) Metaspace: 21414K(21504K)->21414K(21504K) NonClass: 17386K(17408K)->17386K(17408K) Class: 4028K(4096K)->4028K(4096K)
[1.050s][info][gc             ] GC(4) Pause Full (Metadata GC Threshold) 61M->4M(298M) 8.140ms
[1.050s][info][gc,cpu         ] GC(4) User=0.03s Sys=0.00s Real=0.01s
Ladies and gentlemen, this is your Controller speaking.
     0s: We are delighted in having you for benchmark run today.
     0s: 
     0s: Binary log file is ./specjbb2015-C-20240916-00001.data.gz
     0s: 
     0s: Performing handshake with all agents ...
     0s: 
     0s:  Agent Group1.TxInjector.CompositeTxInjector has attached to Controller
     0s:  Agent Group1.Backend.CompositeBackend has attached to Controller
     0s: 
     0s: All agents have connected.
     0s: 
     0s: Attached agents info:

Group "Group1"
    TxInjectors:
        CompositeTxInjector, includes { Driver } @ [local in-Java link]
    Backends:
        CompositeBackend, includes { SM(2),SP(2) } @ [local in-Java link]

     0s: Initializing... (init[1.107s][info][gc,start       ] GC(5) Pause Young (Allocation Failure)
[1.142s][info][gc,heap        ] GC(5) PSYoungGen: 126976K(137216K)->10214K(137216K) Eden: 126976K(126976K)->0K(126976K) From: 0K(10240K)->10214K(10240K)
[1.142s][info][gc,heap        ] GC(5) ParOldGen: 4875K(167936K)->73044K(167936K)
[1.142s][info][gc,metaspace   ] GC(5) Metaspace: 22532K(22656K)->22532K(22656K) NonClass: 18276K(18368K)->18276K(18368K) Class: 4255K(4288K)->4255K(4288K)
[1.142s][info][gc             ] GC(5) Pause Young (Allocation Failure) 128M->81M(298M) 35.260ms
[1.142s][info][gc,cpu         ] GC(5) User=0.10s Sys=0.11s Real=0.03s
[1.251s][info][gc,start       ] GC(6) Pause Young (Allocation Failure)
[1.308s][info][gc,heap        ] GC(6) PSYoungGen: 137190K(137216K)->55798K(279552K) Eden: 126976K(126976K)->0K(223744K) From: 10214K(10240K)->55798K(55808K)
[1.308s][info][gc,heap        ] GC(6) ParOldGen: 73044K(167936K)->100865K(167936K)
[1.308s][info][gc,metaspace   ] GC(6) Metaspace: 22672K(22848K)->22672K(22848K) NonClass: 18410K(18496K)->18410K(18496K) Class: 4261K(4352K)->4261K(4352K)
[1.308s][info][gc             ] GC(6) Pause Young (Allocation Failure) 205M->152M(437M) 56.458ms
[1.308s][info][gc,cpu         ] GC(6) User=0.20s Sys=0.14s Real=0.06s
[1.478s][info][gc,start       ] GC(7) Pause Young (Allocation Failure)
[1.599s][info][gc,heap        ] GC(7) PSYoungGen: 279542K(279552K)->85992K(309760K) Eden: 223744K(223744K)->0K(223744K) From: 55798K(55808K)->85992K(86016K)
[1.599s][info][gc,heap        ] GC(7) ParOldGen: 100865K(167936K)->236492K(236544K)
[1.599s][info][gc,metaspace   ] GC(7) Metaspace: 22701K(22912K)->22701K(22912K) NonClass: 18439K(18560K)->18439K(18560K) Class: 4261K(4352K)->4261K(4352K)
[1.599s][info][gc             ] GC(7) Pause Young (Allocation Failure) 371M->314M(533M) 120.762ms
[1.599s][info][gc,cpu         ] GC(7) User=0.46s Sys=0.25s Real=0.12s
[1.734s][info][gc,start       ] GC(8) Pause Young (Allocation Failure)
[1.877s][info][gc,heap        ] GC(8) PSYoungGen: 309736K(309760K)->174578K(543232K) Eden: 223744K(223744K)->0K(368640K) From: 85992K(86016K)->174578K(174592K)
[1.877s][info][gc,heap        ] GC(8) ParOldGen: 236492K(236544K)->331093K(331264K)
[1.877s][info][gc,metaspace   ] GC(8) Metaspace: 22707K(22912K)->22707K(22912K) NonClass: 18445K(18560K)->18445K(18560K) Class: 4261K(4352K)->4261K(4352K)
[1.877s][info][gc             ] GC(8) Pause Young (Allocation Failure) 533M->493M(854M) 143.216ms
[1.877s][info][gc,cpu         ] GC(8) User=0.59s Sys=0.25s Real=0.14s
[2.079s][info][gc,start       ] GC(9) Pause Young (Allocation Failure)
[2.302s][info][gc,heap        ] GC(9) PSYoungGen: 543218K(543232K)->253427K(622080K) Eden: 368640K(368640K)->0K(368640K) From: 174578K(174592K)->253427K(253440K)
[2.302s][info][gc,heap        ] GC(9) ParOldGen: 331093K(331264K)->501586K(501760K)
[2.302s][info][gc,metaspace   ] GC(9) Metaspace: 22736K(22976K)->22736K(22976K) NonClass: 18471K(18560K)->18471K(18560K) Class: 4264K(4416K)->4264K(4416K)
[2.302s][info][gc             ] GC(9) Pause Young (Allocation Failure) 853M->737M(1097M) 223.846ms
[2.302s][info][gc,cpu         ] GC(9) User=0.94s Sys=0.38s Real=0.22s
[2.682s][info][gc,start       ] GC(10) Pause Young (Allocation Failure)
[2.902s][info][gc,heap        ] GC(10) PSYoungGen: 622067K(622080K)->274967K(930304K) Eden: 368640K(368640K)->0K(557568K) From: 253427K(253440K)->274967K(372736K)
[2.902s][info][gc,heap        ] GC(10) ParOldGen: 501586K(501760K)->615018K(615424K)
[2.902s][info][gc,metaspace   ] GC(10) Metaspace: 22794K(23040K)->22794K(23040K) NonClass: 18528K(18624K)->18528K(18624K) Class: 4266K(4416K)->4266K(4416K)
[2.902s][info][gc             ] GC(10) Pause Young (Allocation Failure) 1097M->869M(1509M) 220.715ms
[2.902s][info][gc,cpu         ] GC(10) User=1.00s Sys=0.26s Real=0.22s
) OK
     2s: 
     2s: Check whether properties are compliant
     2s: (validation=PASSED) Property settings are COMPLIANT.
     2s: 
     2s: Searching for high-bound for max-jOPS possible for this system
     2s: Searching from base IR = 100
     2s:       rampup IR =      0 [reconfig (term) [3.073s][info][gc,start       ] GC(11) Pause Full (System.gc())
[3.073s][info][gc,phases,start] GC(11) Marking Phase
[3.091s][info][gc,phases      ] GC(11) Marking Phase 17.524ms
[3.091s][info][gc,phases,start] GC(11) Summary Phase
[3.091s][info][gc,phases      ] GC(11) Summary Phase 0.039ms
[3.091s][info][gc,phases,start] GC(11) Forward
[3.107s][info][gc,phases      ] GC(11) Forward 16.093ms
[3.107s][info][gc,phases,start] GC(11) Adjust Pointers
[3.117s][info][gc,phases      ] GC(11) Adjust Pointers 9.958ms
[3.117s][info][gc,phases,start] GC(11) Compaction Phase
[3.131s][info][gc,phases      ] GC(11) Compaction Phase 13.688ms
[3.131s][info][gc,phases,start] GC(11) Post Compact
[3.137s][info][gc,phases      ] GC(11) Post Compact 6.107ms
[3.137s][info][gc,heap        ] GC(11) PSYoungGen: 356083K(930304K)->0K(930304K) Eden: 81116K(557568K)->0K(557568K) From: 274967K(372736K)->0K(372736K)
[3.137s][info][gc,heap        ] GC(11) ParOldGen: 615018K(615424K)->83627K(615424K)
[3.137s][info][gc,metaspace   ] GC(11) Metaspace: 23053K(23232K)->23053K(23232K) NonClass: 18745K(18816K)->18745K(18816K) Class: 4307K(4416K)->4307K(4416K)
[3.137s][info][gc             ] GC(11) Pause Full (System.gc()) 948M->81M(1509M) 63.759ms
[3.137s][info][gc,cpu         ] GC(11) User=0.25s Sys=0.01s Real=0.06s
(init[3.470s][info][gc,start       ] GC(12) Pause Young (Allocation Failure)
[3.658s][info][gc,heap        ] GC(12) PSYoungGen: 557568K(930304K)->404980K(962560K) Eden: 557568K(557568K)->0K(557568K) From: 0K(372736K)->404980K(404992K)
[3.658s][info][gc,heap        ] GC(12) ParOldGen: 83627K(615424K)->98027K(615424K)
[3.658s][info][gc,metaspace   ] GC(12) Metaspace: 23058K(23232K)->23058K(23232K) NonClass: 18751K(18816K)->18751K(18816K) Class: 4307K(4416K)->4307K(4416K)
[3.658s][info][gc             ] GC(12) Pause Young (Allocation Failure) 626M->491M(1541M) 188.579ms
[3.658s][info][gc,cpu         ] GC(12) User=0.84s Sys=0.28s Real=0.19s
[3.958s][info][gc,start       ] GC(13) Pause Young (Allocation Failure)
[4.250s][info][gc,heap        ] GC(13) PSYoungGen: 962548K(962560K)->302360K(1356288K) Eden: 557568K(557568K)->0K(872960K) From: 404980K(404992K)->302360K(483328K)
[4.250s][info][gc,heap        ] GC(13) ParOldGen: 98027K(615424K)->418495K(615424K)
[4.250s][info][gc,metaspace   ] GC(13) Metaspace: 23070K(23232K)->23070K(23232K) NonClass: 18763K(18816K)->18763K(18816K) Class: 4307K(4416K)->4307K(4416K)
[4.250s][info][gc             ] GC(13) Pause Young (Allocation Failure) 1035M->703M(1925M) 291.832ms
[4.250s][info][gc,cpu         ] GC(13) User=1.30s Sys=0.45s Real=0.29s
) ] ... (rIR:aIR:PR = 0:0:0) (tPR = 0) [OK] 
     7s:       rampup IR =     10 ... (rIR:aIR:PR = 10:10:10) (tPR = 786) [OK] 
    10s:       rampup IR =     20 ... (rIR:aIR:PR = 20:20:20) (tPR = 1408) [OK] 
    13s:       rampup IR =     30 .... (rIR:aIR:PR = 30:29:29) (tPR = 2337) [OK] 
    17s:       rampup IR =     40 .... (rIR:aIR:PR = 40:38:38) (tPR = 2457) [OK] 
    21s:       rampup IR =     50 .... (rIR:aIR:PR = 50:53:51) (tPR = 3778) [OK] 
    25s:       rampup IR =     60 .... (rIR:aIR:PR = 60:62:60) (tPR = 3997) [OK] 
    29s:       rampup IR =     70 .... (rIR:aIR:PR = 70:70:68) (tPR = 4097) [OK] 
    33s:       rampup IR =     80 [33.763s][info][gc,start       ] GC(14) Pause Young (Allocation Failure)
[33.914s][info][gc,heap        ] GC(14) PSYoungGen: 1175320K(1356288K)->120442K(1375744K) Eden: 872960K(872960K)->0K(872960K) From: 302360K(483328K)->120442K(502784K)
[33.914s][info][gc,heap        ] GC(14) ParOldGen: 418495K(615424K)->691450K(691712K)
[33.914s][info][gc,metaspace   ] GC(14) Metaspace: 25155K(25344K)->25155K(25344K) NonClass: 20665K(20800K)->20665K(20800K) Class: 4489K(4544K)->4489K(4544K)
[33.914s][info][gc             ] GC(14) Pause Young (Allocation Failure) 1556M->792M(2019M) 150.983ms
[33.914s][info][gc,cpu         ] GC(14) User=0.87s Sys=0.02s Real=0.16s
.... (rIR:aIR:PR = 80:82:80) (tPR = 4089) [OK] 
    37s:       rampup IR =     90 .... (rIR:aIR:PR = 90:96:94) (tPR = 4611) [OK] 
    41s:       rampup IR =    100 .... (rIR:aIR:PR = 100:103:101) (tPR = 4362) [OK] 
    45s:    snapshot, IR =    100 ....|........................[74.387s][info][gc,start       ] GC(15) Pause Young (Allocation Failure)
[74.463s][info][gc,heap        ] GC(15) PSYoungGen: 993402K(1375744K)->43040K(1859072K) Eden: 872960K(872960K)->0K(1396736K) From: 120442K(502784K)->43040K(462336K)
[74.463s][info][gc,heap        ] GC(15) ParOldGen: 691450K(691712K)->810528K(811008K)
[74.463s][info][gc,metaspace   ] GC(15) Metaspace: 27238K(27456K)->27238K(27456K) NonClass: 22425K(22528K)->22425K(22528K) Class: 4812K(4928K)->4812K(4928K)
[74.463s][info][gc             ] GC(15) Pause Young (Allocation Failure) 1645M->833M(2607M) 76.230ms
[74.463s][info][gc,cpu         ] GC(15) User=0.37s Sys=0.09s Real=0.07s
...... (rIR:aIR:PR = 100:100:98) (tPR = 3165) [OK] 
    79s: Performing snapshot: (quiescence.....) (stop TxI) (stop BE) (saving... 103402 Kb) (term) [86.555s][info][gc,start       ] GC(16) Pause Full (System.gc())
[86.555s][info][gc,phases,start] GC(16) Marking Phase
[86.575s][info][gc,phases      ] GC(16) Marking Phase 20.454ms
[86.575s][info][gc,phases,start] GC(16) Summary Phase
[86.575s][info][gc,phases      ] GC(16) Summary Phase 0.034ms
[86.575s][info][gc,phases,start] GC(16) Forward
[86.596s][info][gc,phases      ] GC(16) Forward 20.298ms
[86.596s][info][gc,phases,start] GC(16) Adjust Pointers
[86.608s][info][gc,phases      ] GC(16) Adjust Pointers 11.910ms
[86.608s][info][gc,phases,start] GC(16) Compaction Phase
[86.633s][info][gc,phases      ] GC(16) Compaction Phase 25.429ms
[86.633s][info][gc,phases,start] GC(16) Post Compact
[86.640s][info][gc,phases      ] GC(16) Post Compact 6.824ms
[86.640s][info][gc,heap        ] GC(16) PSYoungGen: 1001009K(1859072K)->0K(1859072K) Eden: 957969K(1396736K)->0K(1396736K) From: 43040K(462336K)->0K(462336K)
[86.640s][info][gc,heap        ] GC(16) ParOldGen: 810528K(811008K)->188682K(811008K)
[86.640s][info][gc,metaspace   ] GC(16) Metaspace: 27388K(27584K)->27388K(27584K) NonClass: 22566K(22656K)->22566K(22656K) Class: 4821K(4928K)->4821K(4928K)
[86.640s][info][gc             ] GC(16) Pause Full (System.gc()) 1769M->184M(2607M) 85.453ms
[86.640s][info][gc,cpu         ] GC(16) User=0.32s Sys=0.01s Real=0.08s
(init[87.717s][info][gc,start       ] GC(17) Pause Young (Allocation Failure)
[87.977s][info][gc,heap        ] GC(17) PSYoungGen: 1396736K(1859072K)->454685K(1867776K) Eden: 1396736K(1396736K)->0K(1396736K) From: 0K(462336K)->454685K(471040K)
[87.977s][info][gc,heap        ] GC(17) ParOldGen: 188682K(811008K)->188690K(811008K)
[87.977s][info][gc,metaspace   ] GC(17) Metaspace: 27497K(27712K)->27497K(27712K) NonClass: 22664K(22784K)->22664K(22784K) Class: 4833K(4928K)->4833K(4928K)
[87.977s][info][gc             ] GC(17) Pause Young (Allocation Failure) 1548M->628M(2616M) 260.509ms
[87.977s][info][gc,cpu         ] GC(17) User=1.28s Sys=0.27s Real=0.26s
) ...
    91s:       rampup IR =      0 ... (rIR:aIR:PR = 0:0:0) (tPR = 0) [OK] 
    94s:       rampup IR =     10 ... (rIR:aIR:PR = 10:9:9) (tPR = 220) [OK] 
    97s:       rampup IR =     20 ... (rIR:aIR:PR = 20:19:19) (tPR = 472) [OK] 
   100s:       rampup IR =     30 .... (rIR:aIR:PR = 30:31:31) (tPR = 831) [OK] 
   104s:       rampup IR =     40 .... (rIR:aIR:PR = 40:41:41) (tPR = 992) [OK] 
   108s:       rampup IR =     50 .... (rIR:aIR:PR = 50:50:50) (tPR = 1115) [OK] 
   112s:       rampup IR =     60 .... (rIR:aIR:PR = 60:61:59) (tPR = 1412) [OK] 
   116s:       rampup IR =     70 .... (rIR:aIR:PR = 70:67:65) (tPR = 1433) [OK] 
   120s:       rampup IR =     80 .... (rIR:aIR:PR = 80:79:77) (tPR = 1566) [OK] 
   124s:       rampup IR =     90 .... (rIR:aIR:PR = 90:98:96) (tPR = 2165) [OK] 
   128s:       rampup IR =    100 .... (rIR:aIR:PR = 100:102:99) (tPR = 2178) [OK] 
   132s:       trying IR =    200 .... (rIR:aIR:PR = 200:197:193) (tPR = 3865) [OK] 
   136s:       trying IR =    220 .... (rIR:aIR:PR = 220:223:217) (tPR = 4560) [OK] 
   140s:       trying IR =    244 .... (rIR:aIR:PR = 244:253:249) (tPR = 4950) [OK] 
   144s:       trying IR =    273 ...[147.345s][info][gc,start       ] GC(18) Pause Young (Allocation Failure)
[147.744s][info][gc,heap        ] GC(18) PSYoungGen: 1851421K(1867776K)->537105K(2061312K) Eden: 1396736K(1396736K)->0K(1511936K) From: 454685K(471040K)->537105K(549376K)
[147.744s][info][gc,heap        ] GC(18) ParOldGen: 188690K(811008K)->421398K(811008K)
[147.744s][info][gc,metaspace   ] GC(18) Metaspace: 27736K(27968K)->27736K(27968K) NonClass: 22901K(23040K)->22901K(23040K) Class: 4835K(4928K)->4835K(4928K)
[147.744s][info][gc             ] GC(18) Pause Young (Allocation Failure) 1992M->936M(2805M) 398.995ms
[147.744s][info][gc,cpu         ] GC(18) User=1.71s Sys=0.68s Real=0.40s
.... (rIR:aIR:PR = 273:273:268) (tPR = 5162) [OK] 
   151s:       trying IR =    307 ..... (rIR:aIR:PR = 307:308:302) (tPR = 5982) [OK] 
   156s:       trying IR =    349 ...... (rIR:aIR:PR = 349:348:340) (tPR = 6867) [OK] 
   162s:       trying IR =    399 .... (rIR:aIR:PR = 399:398:391) (tPR = 7527) [OK] 
   166s:       trying IR =    458 ..... (rIR:aIR:PR = 458:458:449) (tPR = 7797) [OK] 
   171s:       trying IR =    530 [172.277s][info][gc,start       ] GC(19) Pause Young (Allocation Failure)
[172.460s][info][gc,heap        ] GC(19) PSYoungGen: 2049041K(2061312K)->81470K(2153984K) Eden: 1511936K(1511936K)->0K(1511936K) From: 537105K(549376K)->81470K(642048K)
[172.460s][info][gc,heap        ] GC(19) ParOldGen: 421398K(811008K)->874053K(874496K)
[172.460s][info][gc,metaspace   ] GC(19) Metaspace: 27857K(28096K)->27857K(28096K) NonClass: 23019K(23168K)->23019K(23168K) Class: 4838K(4928K)->4838K(4928K)
[172.460s][info][gc             ] GC(19) Pause Young (Allocation Failure) 2412M->933M(2957M) 182.721ms
[172.460s][info][gc,cpu         ] GC(19) User=1.06s Sys=0.02s Real=0.18s
....... (rIR:aIR:PR = 530:546:535) (tPR = 9979) [OK] 
   178s:       trying IR =    616 .... (rIR:aIR:PR = 616:611:598) (tPR = 10097) [OK] 
   182s:       trying IR =    719 ...[186.295s][info][gc,start       ] GC(20) Pause Young (Allocation Failure)
[186.378s][info][gc,heap        ] GC(20) PSYoungGen: 1593406K(2153984K)->75861K(2099200K) Eden: 1511936K(1511936K)->0K(1529856K) From: 81470K(642048K)->75861K(569344K)
[186.378s][info][gc,heap        ] GC(20) ParOldGen: 874053K(874496K)->944006K(944128K)
[186.378s][info][gc,metaspace   ] GC(20) Metaspace: 27942K(28160K)->27942K(28160K) NonClass: 23101K(23232K)->23101K(23232K) Class: 4840K(4928K)->4840K(4928K)
[186.379s][info][gc             ] GC(20) Pause Young (Allocation Failure) 2409M->995M(2972M) 83.842ms
[186.379s][info][gc,cpu         ] GC(20) User=0.40s Sys=0.09s Real=0.08s
. (rIR:aIR:PR = 719:726:712) (tPR = 12431) [OK] 
   186s:       trying IR =    843 .... (rIR:aIR:PR = 843:844:825) (tPR = 13820) [OK] 
   190s:       trying IR =    992 .... (rIR:aIR:PR = 992:1002:980) (tPR = 17270) [OK] 
   194s:       trying IR =   1170 .[195.837s][info][gc,start       ] GC(21) Pause Young (Allocation Failure)
[195.902s][info][gc,heap        ] GC(21) PSYoungGen: 1605717K(2099200K)->80504K(2135552K) Eden: 1529856K(1529856K)->0K(1529856K) From: 75861K(569344K)->80504K(605696K)
[195.902s][info][gc,heap        ] GC(21) ParOldGen: 944006K(944128K)->1008430K(1008640K)
[195.902s][info][gc,metaspace   ] GC(21) Metaspace: 27975K(28224K)->27975K(28224K) NonClass: 23134K(23296K)->23134K(23296K) Class: 4840K(4928K)->4840K(4928K)
[195.902s][info][gc             ] GC(21) Pause Young (Allocation Failure) 2489M->1063M(3070M) 65.675ms
[195.902s][info][gc,cpu         ] GC(21) User=0.36s Sys=0.03s Real=0.06s
... (rIR:aIR:PR = 1170:1162:1146) (tPR = 19626) [OK] 
   198s:       trying IR =   1384 .... (rIR:aIR:PR = 1384:1382:1379) (tPR = 23225) [OK] 
   202s:       trying IR =   1641 [202.712s][info][gc,start       ] GC(22) Pause Young (Allocation Failure)
[202.777s][info][gc,heap        ] GC(22) PSYoungGen: 1610360K(2135552K)->80188K(2130432K) Eden: 1529856K(1529856K)->0K(1606144K) From: 80504K(605696K)->80188K(524288K)
[202.777s][info][gc,heap        ] GC(22) ParOldGen: 1008430K(1008640K)->1077455K(1077760K)
[202.777s][info][gc,metaspace   ] GC(22) Metaspace: 28086K(28352K)->28086K(28352K) NonClass: 23229K(23360K)->23229K(23360K) Class: 4856K(4992K)->4856K(4992K)
[202.777s][info][gc             ] GC(22) Pause Young (Allocation Failure) 2557M->1130M(3133M) 65.178ms
[202.777s][info][gc,cpu         ] GC(22) User=0.36s Sys=0.02s Real=0.07s
.... (rIR:aIR:PR = 1641:1643:1643) (tPR = 29103) [OK] 
   206s:       trying IR =   1949 .[208.139s][info][gc,start       ] GC(23) Pause Young (Allocation Failure)
[208.209s][info][gc,heap        ] GC(23) PSYoungGen: 1686332K(2130432K)->91071K(2167808K) Eden: 1606144K(1606144K)->0K(1606144K) From: 80188K(524288K)->91071K(561664K)
[208.209s][info][gc,heap        ] GC(23) ParOldGen: 1077455K(1077760K)->1145487K(1145856K)
[208.209s][info][gc,metaspace   ] GC(23) Metaspace: 28115K(28352K)->28115K(28352K) NonClass: 23258K(23360K)->23258K(23360K) Class: 4856K(4992K)->4856K(4992K)
[208.209s][info][gc             ] GC(23) Pause Young (Allocation Failure) 2699M->1207M(3236M) 70.901ms
[208.209s][info][gc,cpu         ] GC(23) User=0.39s Sys=0.02s Real=0.07s
... (rIR:aIR:PR = 1949:1967:1967) (tPR = 33535) [OK] 
   210s:       trying IR =   2319 ..[212.736s][info][gc,start       ] GC(24) Pause Young (Allocation Failure)
[212.810s][info][gc,heap        ] GC(24) PSYoungGen: 1697215K(2167808K)->90128K(2173440K) Eden: 1606144K(1606144K)->0K(1697280K) From: 91071K(561664K)->90128K(476160K)
[212.810s][info][gc,heap        ] GC(24) ParOldGen: 1145487K(1145856K)->1216890K(1217024K)
[212.810s][info][gc,metaspace   ] GC(24) Metaspace: 28176K(28480K)->28176K(28480K) NonClass: 23315K(23424K)->23315K(23424K) Class: 4861K(5056K)->4861K(5056K)
[212.810s][info][gc             ] GC(24) Pause Young (Allocation Failure) 2776M->1276M(3311M) 73.442ms
[212.810s][info][gc,cpu         ] GC(24) User=0.41s Sys=0.02s Real=0.07s
.. (rIR:aIR:PR = 2319:2303:2303) (tPR = 37665) [OK] 
   214s:       trying IR =   2762 ..[217.315s][info][gc,start       ] GC(25) Pause Young (Allocation Failure)
[217.391s][info][gc,heap        ] GC(25) PSYoungGen: 1787408K(2173440K)->96256K(2210304K) Eden: 1697280K(1697280K)->0K(1697280K) From: 90128K(476160K)->96256K(513024K)
[217.391s][info][gc,heap        ] GC(25) ParOldGen: 1216890K(1217024K)->1288050K(1288192K)
[217.391s][info][gc,metaspace   ] GC(25) Metaspace: 28275K(28608K)->28275K(28608K) NonClass: 23407K(23552K)->23407K(23552K) Class: 4867K(5056K)->4867K(5056K)
[217.391s][info][gc             ] GC(25) Pause Young (Allocation Failure) 2933M->1351M(3416M) 76.308ms
[217.391s][info][gc,cpu         ] GC(25) User=0.42s Sys=0.02s Real=0.07s
.. (rIR:aIR:PR = 2762:2759:2759) (tPR = 46234) [OK] 
   218s:       trying IR =   3295 ..[221.148s][info][gc,start       ] GC(26) Pause Young (Allocation Failure)
[221.227s][info][gc,heap        ] GC(26) PSYoungGen: 1793536K(2210304K)->104815K(2220032K) Eden: 1697280K(1697280K)->0K(1795072K) From: 96256K(513024K)->104815K(424960K)
[221.227s][info][gc,heap        ] GC(26) ParOldGen: 1288050K(1288192K)->1364106K(1364480K)
[221.227s][info][gc,metaspace   ] GC(26) Metaspace: 28575K(28928K)->28575K(28928K) NonClass: 23692K(23808K)->23692K(23808K) Class: 4883K(5120K)->4883K(5120K)
[221.227s][info][gc             ] GC(26) Pause Young (Allocation Failure) 3009M->1434M(3500M) 78.925ms
[221.227s][info][gc,cpu         ] GC(26) User=0.43s Sys=0.03s Real=0.08s
.. (rIR:aIR:PR = 3295:3285:3285) (tPR = 48921) [OK] 
   222s:       trying IR =   3934 ..[224.877s][info][gc,start       ] GC(27) Pause Young (Allocation Failure)
[224.962s][info][gc,heap        ] GC(27) PSYoungGen: 1899887K(2220032K)->110576K(2257408K) Eden: 1795072K(1795072K)->0K(1795072K) From: 104815K(424960K)->110576K(462336K)
[224.962s][info][gc,heap        ] GC(27) ParOldGen: 1364106K(1364480K)->1437882K(1438208K)
[224.962s][info][gc,metaspace   ] GC(27) Metaspace: 28638K(28992K)->28638K(28992K) NonClass: 23755K(23872K)->23755K(23872K) Class: 4883K(5120K)->4883K(5120K)
[224.962s][info][gc             ] GC(27) Pause Young (Allocation Failure) 3187M->1512M(3609M) 84.834ms
[224.962s][info][gc,cpu         ] GC(27) User=0.46s Sys=0.04s Real=0.08s
.. (rIR:aIR:PR = 3934:3916:3916) (tPR = 57711) [OK] 
   226s:       trying IR =   4701 .[228.123s][info][gc,start       ] GC(28) Pause Young (Allocation Failure)
[228.207s][info][gc,heap        ] GC(28) PSYoungGen: 1905648K(2257408K)->113220K(2272256K) Eden: 1795072K(1795072K)->0K(1896448K) From: 110576K(462336K)->113220K(375808K)
[228.207s][info][gc,heap        ] GC(28) ParOldGen: 1437882K(1438208K)->1518762K(1519104K)
[228.207s][info][gc,metaspace   ] GC(28) Metaspace: 28675K(29056K)->28675K(29056K) NonClass: 23791K(23936K)->23791K(23936K) Class: 4884K(5120K)->4884K(5120K)
[228.207s][info][gc             ] GC(28) Pause Young (Allocation Failure) 3265M->1593M(3702M) 84.291ms
[228.207s][info][gc,cpu         ] GC(28) User=0.47s Sys=0.02s Real=0.09s
... (rIR:aIR:PR = 4701:4722:4722) (tPR = 73225) [OK] 
   230s:       trying IR =   5621 [231.249s][info][gc,start       ] GC(29) Pause Young (Allocation Failure)
[231.357s][info][gc,heap        ] GC(29) PSYoungGen: 2009668K(2272256K)->118944K(2309120K) Eden: 1896448K(1896448K)->0K(1896448K) From: 113220K(375808K)->118944K(412672K)
[231.357s][info][gc,heap        ] GC(29) ParOldGen: 1518762K(1519104K)->1597042K(1597440K)
[231.357s][info][gc,metaspace   ] GC(29) Metaspace: 28681K(29056K)->28681K(29056K) NonClass: 23797K(23936K)->23797K(23936K) Class: 4884K(5120K)->4884K(5120K)
[231.357s][info][gc             ] GC(29) Pause Young (Allocation Failure) 3445M->1675M(3815M) 108.447ms
[231.357s][info][gc,cpu         ] GC(29) User=0.48s Sys=0.15s Real=0.11s
...[233.910s][info][gc,start       ] GC(30) Pause Young (Allocation Failure)
[233.994s][info][gc,heap        ] GC(30) PSYoungGen: 2015392K(2309120K)->112544K(2329088K) Eden: 1896448K(1896448K)->0K(1994240K) From: 118944K(412672K)->112544K(334848K)
[233.994s][info][gc,heap        ] GC(30) ParOldGen: 1597042K(1597440K)->1680786K(1680896K)
[233.994s][info][gc,metaspace   ] GC(30) Metaspace: 28694K(29056K)->28694K(29056K) NonClass: 23810K(23936K)->23810K(23936K) Class: 4884K(5120K)->4884K(5120K)
[233.994s][info][gc             ] GC(30) Pause Young (Allocation Failure) 3527M->1751M(3916M) 83.440ms
[233.994s][info][gc,cpu         ] GC(30) User=0.46s Sys=0.03s Real=0.09s
. (rIR:aIR:PR = 5621:5636:5636) (tPR = 85775) [OK] 
   234s:       trying IR =   6725 .[236.421s][info][gc,start       ] GC(31) Pause Young (Allocation Failure)
[236.530s][info][gc,heap        ] GC(31) PSYoungGen: 2106784K(2329088K)->117312K(2362880K) Eden: 1994240K(1994240K)->0K(1994240K) From: 112544K(334848K)->117312K(368640K)
[236.530s][info][gc,heap        ] GC(31) ParOldGen: 1680786K(1680896K)->1760074K(1760256K)
[236.530s][info][gc,metaspace   ] GC(31) Metaspace: 28730K(29120K)->28730K(29120K) NonClass: 23846K(24000K)->23846K(24000K) Class: 4884K(5120K)->4884K(5120K)
[236.530s][info][gc             ] GC(31) Pause Young (Allocation Failure) 3698M->1833M(4026M) 109.119ms
[236.530s][info][gc,cpu         ] GC(31) User=0.45s Sys=0.18s Real=0.11s
...[238.731s][info][gc,start       ] GC(32) Pause Young (Allocation Failure)
[238.817s][info][gc,heap        ] GC(32) PSYoungGen: 2111552K(2362880K)->114528K(2376704K) Eden: 1994240K(1994240K)->0K(2078720K) From: 117312K(368640K)->114528K(297984K)
[238.817s][info][gc,heap        ] GC(32) ParOldGen: 1760074K(1760256K)->1846370K(1846784K)
[238.817s][info][gc,metaspace   ] GC(32) Metaspace: 28731K(29120K)->28731K(29120K) NonClass: 23847K(24000K)->23847K(24000K) Class: 4884K(5120K)->4884K(5120K)
[238.817s][info][gc             ] GC(32) Pause Young (Allocation Failure) 3780M->1914M(4124M) 85.859ms
[238.817s][info][gc,cpu         ] GC(32) User=0.47s Sys=0.02s Real=0.09s
. (rIR:aIR:PR = 6725:6720:6720) (tPR = 100570) [OK] 
   239s:       trying IR =   8050 .[240.972s][info][gc,start       ] GC(33) Pause Young (Allocation Failure)
[241.078s][info][gc,heap        ] GC(33) PSYoungGen: 2193248K(2376704K)->126800K(2408960K) Eden: 2078720K(2078720K)->0K(2078720K) From: 114528K(297984K)->126800K(330240K)
[241.078s][info][gc,heap        ] GC(33) ParOldGen: 1846370K(1846784K)->1927130K(1927168K)
[241.078s][info][gc,metaspace   ] GC(33) Metaspace: 28740K(29120K)->28740K(29120K) NonClass: 23856K(24000K)->23856K(24000K) Class: 4884K(5120K)->4884K(5120K)
[241.078s][info][gc             ] GC(33) Pause Young (Allocation Failure) 3944M->2005M(4234M) 106.362ms
[241.078s][info][gc,cpu         ] GC(33) User=0.51s Sys=0.11s Real=0.11s
..[243.070s][info][gc,start       ] GC(34) Pause Young (Allocation Failure)
[243.163s][info][gc,heap        ] GC(34) PSYoungGen: 2205520K(2408960K)->130308K(2416640K) Eden: 2078720K(2078720K)->0K(2154496K) From: 126800K(330240K)->130308K(262144K)
[243.163s][info][gc,heap        ] GC(34) ParOldGen: 1927130K(1927168K)->2010994K(2011136K)
[243.163s][info][gc,metaspace   ] GC(34) Metaspace: 28740K(29120K)->28740K(29120K) NonClass: 23856K(24000K)->23856K(24000K) Class: 4884K(5120K)->4884K(5120K)
[243.163s][info][gc             ] GC(34) Pause Young (Allocation Failure) 4035M->2091M(4324M) 93.296ms
[243.163s][info][gc,cpu         ] GC(34) User=0.52s Sys=0.03s Real=0.09s
. (rIR:aIR:PR = 8050:8027:8032) (tPR = 122440) [OK] 
   243s:       trying IR =   9640 .[245.015s][info][gc,start       ] GC(35) Pause Young (Allocation Failure)
[245.109s][info][gc,heap        ] GC(35) PSYoungGen: 2284804K(2416640K)->133344K(2447872K) Eden: 2154496K(2154496K)->0K(2154496K) From: 130308K(262144K)->133344K(293376K)
[245.109s][info][gc,heap        ] GC(35) ParOldGen: 2010994K(2011136K)->2095250K(2095616K)
[245.109s][info][gc,metaspace   ] GC(35) Metaspace: 28741K(29120K)->28741K(29120K) NonClass: 23857K(24000K)->23857K(24000K) Class: 4884K(5120K)->4884K(5120K)
[245.109s][info][gc             ] GC(35) Pause Young (Allocation Failure) 4195M->2176M(4437M) 94.113ms
[245.109s][info][gc,cpu         ] GC(35) User=0.52s Sys=0.03s Real=0.09s
..[246.894s][info][gc,start       ] GC(36) Pause Young (Allocation Failure)
[246.992s][info][gc,heap        ] GC(36) PSYoungGen: 2287840K(2447872K)->136608K(2461696K) Eden: 2154496K(2154496K)->0K(2224640K) From: 133344K(293376K)->136608K(237056K)
[246.992s][info][gc,heap        ] GC(36) ParOldGen: 2095250K(2095616K)->2182626K(2182656K)
[246.992s][info][gc,metaspace   ] GC(36) Metaspace: 28758K(29120K)->28758K(29120K) NonClass: 23874K(24000K)->23874K(24000K) Class: 4884K(5120K)->4884K(5120K)
[246.992s][info][gc             ] GC(36) Pause Young (Allocation Failure) 4280M->2264M(4535M) 97.777ms
[246.992s][info][gc,cpu         ] GC(36) User=0.55s Sys=0.03s Real=0.09s
. (rIR:aIR:PR = 9640:9581:9586) (tPR = 133697) [OK] 
   247s:       trying IR =  11548 [248.580s][info][gc,start       ] GC(37) Pause Young (Allocation Failure)
[248.673s][info][gc,heap        ] GC(37) PSYoungGen: 2361248K(2461696K)->129024K(2489856K) Eden: 2224640K(2224640K)->0K(2224640K) From: 136608K(237056K)->129024K(265216K)
[248.673s][info][gc,heap        ] GC(37) ParOldGen: 2182626K(2182656K)->2270218K(2270720K)
[248.673s][info][gc,metaspace   ] GC(37) Metaspace: 28772K(29120K)->28772K(29120K) NonClass: 23887K(24000K)->23887K(24000K) Class: 4884K(5120K)->4884K(5120K)
[248.673s][info][gc             ] GC(37) Pause Young (Allocation Failure) 4437M->2343M(4649M) 93.119ms
[248.673s][info][gc,cpu         ] GC(37) User=0.52s Sys=0.02s Real=0.09s
..[250.106s][info][gc,start       ] GC(38) Pause Young (Allocation Failure)
[250.210s][info][gc,heap        ] GC(38) PSYoungGen: 2353664K(2489856K)->149999K(2507776K) Eden: 2224640K(2224640K)->0K(2278400K) From: 129024K(265216K)->149999K(229376K)
[250.210s][info][gc,heap        ] GC(38) ParOldGen: 2270218K(2270720K)->2357858K(2358272K)
[250.210s][info][gc,metaspace   ] GC(38) Metaspace: 28777K(29120K)->28777K(29120K) NonClass: 23892K(24000K)->23892K(24000K) Class: 4884K(5120K)->4884K(5120K)
[250.210s][info][gc             ] GC(38) Pause Young (Allocation Failure) 4515M->2449M(4752M) 104.088ms
[250.210s][info][gc,cpu         ] GC(38) User=0.58s Sys=0.02s Real=0.10s
..[251.735s][info][gc,start       ] GC(39) Pause Young (Allocation Failure)
[251.876s][info][gc,heap        ] GC(39) PSYoungGen: 2428399K(2507776K)->132480K(2525696K) Eden: 2278400K(2278400K)->0K(2278400K) From: 149999K(229376K)->132480K(247296K)
[251.876s][info][gc,heap        ] GC(39) ParOldGen: 2357858K(2358272K)->2446470K(2446848K)
[251.876s][info][gc,metaspace   ] GC(39) Metaspace: 28778K(29120K)->28778K(29120K) NonClass: 23893K(24000K)->23893K(24000K) Class: 4884K(5120K)->4884K(5120K)
[251.876s][info][gc             ] GC(39) Pause Young (Allocation Failure) 4674M->2518M(4856M) 140.927ms
[251.876s][info][gc,cpu         ] GC(39) User=0.52s Sys=0.03s Real=0.14s
.[253.257s][info][gc,start       ] GC(40) Pause Young (Allocation Failure)
[253.360s][info][gc,heap        ] GC(40) PSYoungGen: 2410880K(2525696K)->148608K(2532864K) Eden: 2278400K(2278400K)->0K(2312704K) From: 132480K(247296K)->148608K(220160K)
[253.360s][info][gc,heap        ] GC(40) ParOldGen: 2446470K(2446848K)->2534534K(2534912K)
[253.360s][info][gc,metaspace   ] GC(40) Metaspace: 28782K(29120K)->28782K(29120K) NonClass: 23898K(24000K)->23898K(24000K) Class: 4884K(5120K)->4884K(5120K)
[253.360s][info][gc             ] GC(40) Pause Young (Allocation Failure) 4743M->2620M(4949M) 103.019ms
[253.360s][info][gc,cpu         ] GC(40) User=0.57s Sys=0.03s Real=0.10s
..[254.826s][info][gc,start       ] GC(41) Pause Young (Allocation Failure)
[254.926s][info][gc,heap        ] GC(41) PSYoungGen: 2461312K(2532864K)->140320K(2544128K) Eden: 2312704K(2312704K)->0K(2312704K) From: 148608K(220160K)->140320K(231424K)
[254.926s][info][gc,heap        ] GC(41) ParOldGen: 2534534K(2534912K)->2625522K(2625536K)
[254.926s][info][gc,metaspace   ] GC(41) Metaspace: 28783K(29120K)->28783K(29120K) NonClass: 23898K(24000K)->23898K(24000K) Class: 4884K(5120K)->4884K(5120K)
[254.926s][info][gc             ] GC(41) Pause Young (Allocation Failure) 4878M->2701M(5048M) 100.359ms
[254.926s][info][gc,cpu         ] GC(41) User=0.55s Sys=0.03s Real=0.10s
.[256.458s][info][gc,start       ] GC(42) Pause Young (Allocation Failure)
[256.555s][info][gc,heap        ] GC(42) PSYoungGen: 2453024K(2544128K)->135125K(2543616K) Eden: 2312704K(2312704K)->0K(2340864K) From: 140320K(231424K)->135125K(202752K)
[256.555s][info][gc,heap        ] GC(42) ParOldGen: 2625522K(2625536K)->2714586K(2714624K)
[256.555s][info][gc,metaspace   ] GC(42) Metaspace: 28784K(29120K)->28784K(29120K) NonClass: 23899K(24000K)->23899K(24000K) Class: 4884K(5120K)->4884K(5120K)
[256.555s][info][gc             ] GC(42) Pause Young (Allocation Failure) 4959M->2782M(5135M) 97.510ms
[256.555s][info][gc,cpu         ] GC(42) User=0.54s Sys=0.03s Real=0.10s
..[258.151s][info][gc,start       ] GC(43) Pause Young (Allocation Failure)
[258.253s][info][gc,heap        ] GC(43) PSYoungGen: 2475989K(2543616K)->147151K(2555904K) Eden: 2340864K(2340864K)->0K(2340864K) From: 135125K(202752K)->147151K(215040K)
[258.253s][info][gc,heap        ] GC(43) ParOldGen: 2714586K(2714624K)->2800970K(2801152K)
[258.253s][info][gc,metaspace   ] GC(43) Metaspace: 28786K(29120K)->28786K(29120K) NonClass: 23901K(24000K)->23901K(24000K) Class: 4884K(5120K)->4884K(5120K)
[258.253s][info][gc             ] GC(43) Pause Young (Allocation Failure) 5068M->2879M(5231M) 101.768ms
[258.253s][info][gc,cpu         ] GC(43) User=0.56s Sys=0.04s Real=0.10s
. (rIR:aIR:PR = 11548:12040:12015) (tPR = 183106) [OK] 
   258s:       trying IR =  13837 [259.697s][info][gc,start       ] GC(44) Pause Young (Allocation Failure)
[259.839s][info][gc,heap        ] GC(44) PSYoungGen: 2488015K(2555904K)->145616K(2569216K) Eden: 2340864K(2340864K)->0K(2369536K) From: 147151K(215040K)->145616K(199680K)
[259.839s][info][gc,heap        ] GC(44) ParOldGen: 2800970K(2801152K)->2893338K(2893824K)
[259.839s][info][gc,metaspace   ] GC(44) Metaspace: 28796K(29120K)->28796K(29120K) NonClass: 23912K(24000K)->23912K(24000K) Class: 4884K(5120K)->4884K(5120K)
[259.839s][info][gc             ] GC(44) Pause Young (Allocation Failure) 5165M->2967M(5335M) 142.107ms
[259.839s][info][gc,cpu         ] GC(44) User=0.57s Sys=0.05s Real=0.14s
..[261.329s][info][gc,start       ] GC(45) Pause Young (Allocation Failure)
[261.432s][info][gc,heap        ] GC(45) PSYoungGen: 2515152K(2569216K)->150848K(2576896K) Eden: 2369536K(2369536K)->0K(2369536K) From: 145616K(199680K)->150848K(207360K)
[261.432s][info][gc,heap        ] GC(45) ParOldGen: 2893338K(2893824K)->2986434K(2986496K)
[261.432s][info][gc,metaspace   ] GC(45) Metaspace: 28797K(29120K)->28797K(29120K) NonClass: 23912K(24000K)->23912K(24000K) Class: 4884K(5120K)->4884K(5120K)
[261.432s][info][gc             ] GC(45) Pause Young (Allocation Failure) 5281M->3063M(5433M) 103.483ms
[261.432s][info][gc,cpu         ] GC(45) User=0.59s Sys=0.01s Real=0.10s
.[262.884s][info][gc,start       ] GC(46) Pause Young (Allocation Failure)
[262.991s][info][gc,heap        ] GC(46) PSYoungGen: 2520384K(2576896K)->152064K(2583552K) Eden: 2369536K(2369536K)->0K(2383360K) From: 150848K(207360K)->152064K(200192K)
[262.991s][info][gc,heap        ] GC(46) ParOldGen: 2986434K(2986496K)->3076610K(3077120K)
[262.991s][info][gc,metaspace   ] GC(46) Metaspace: 28797K(29120K)->28797K(29120K) NonClass: 23912K(24000K)->23912K(24000K) Class: 4884K(5120K)->4884K(5120K)
[262.991s][info][gc             ] GC(46) Pause Young (Allocation Failure) 5377M->3153M(5528M) 107.411ms
[262.991s][info][gc,cpu         ] GC(46) User=0.59s Sys=0.04s Real=0.10s
.[264.423s][info][gc,start       ] GC(47) Pause Young (Allocation Failure)
[264.531s][info][gc,heap        ] GC(47) PSYoungGen: 2535424K(2583552K)->154485K(2587136K) Eden: 2383360K(2383360K)->0K(2383360K) From: 152064K(200192K)->154485K(203776K)
[264.531s][info][gc,heap        ] GC(47) ParOldGen: 3076610K(3077120K)->3171490K(3171840K)
[264.531s][info][gc,metaspace   ] GC(47) Metaspace: 28797K(29120K)->28797K(29120K) NonClass: 23912K(24000K)->23912K(24000K) Class: 4884K(5120K)->4884K(5120K)
[264.531s][info][gc             ] GC(47) Pause Young (Allocation Failure) 5480M->3248M(5624M) 107.977ms
[264.531s][info][gc,cpu         ] GC(47) User=0.60s Sys=0.03s Real=0.10s
..[266.023s][info][gc,start       ] GC(48) Pause Young (Allocation Failure)
[266.133s][info][gc,heap        ] GC(48) PSYoungGen: 2537845K(2587136K)->151664K(2586112K) Eden: 2383360K(2383360K)->0K(2389504K) From: 154485K(203776K)->151664K(196608K)
[266.133s][info][gc,heap        ] GC(48) ParOldGen: 3171490K(3171840K)->3265402K(3265536K)
[266.133s][info][gc,metaspace   ] GC(48) Metaspace: 28801K(29184K)->28801K(29184K) NonClass: 23916K(24064K)->23916K(24064K) Class: 4884K(5120K)->4884K(5120K)
[266.133s][info][gc             ] GC(48) Pause Young (Allocation Failure) 5575M->3336M(5714M) 109.162ms
[266.133s][info][gc,cpu         ] GC(48) User=0.60s Sys=0.03s Real=0.10s
.[267.632s][info][gc,start       ] GC(49) Pause Young (Allocation Failure)
[267.739s][info][gc,heap        ] GC(49) PSYoungGen: 2541168K(2586112K)->150400K(2589696K) Eden: 2389504K(2389504K)->0K(2389504K) From: 151664K(196608K)->150400K(200192K)
[267.739s][info][gc,heap        ] GC(49) ParOldGen: 3265402K(3265536K)->3358282K(3358720K)
[267.739s][info][gc,metaspace   ] GC(49) Metaspace: 28801K(29184K)->28801K(29184K) NonClass: 23916K(24064K)->23916K(24064K) Class: 4884K(5120K)->4884K(5120K)
[267.739s][info][gc             ] GC(49) Pause Young (Allocation Failure) 5670M->3426M(5809M) 107.185ms
[267.739s][info][gc,cpu         ] GC(49) User=0.59s Sys=0.03s Real=0.11s
.[269.168s][info][gc,start       ] GC(50) Pause Young (Allocation Failure)
[269.290s][info][gc,heap        ] GC(50) PSYoungGen: 2539904K(2589696K)->174889K(2585600K) Eden: 2389504K(2389504K)->0K(2388480K) From: 150400K(200192K)->174889K(197120K)
[269.290s][info][gc,heap        ] GC(50) ParOldGen: 3358282K(3358720K)->3443914K(3444224K)
[269.290s][info][gc,metaspace   ] GC(50) Metaspace: 28803K(29184K)->28803K(29184K) NonClass: 23918K(24064K)->23918K(24064K) Class: 4884K(5120K)->4884K(5120K)
[269.290s][info][gc             ] GC(50) Pause Young (Allocation Failure) 5759M->3533M(5888M) 122.675ms
[269.290s][info][gc,cpu         ] GC(50) User=0.66s Sys=0.05s Real=0.12s
..[270.680s][info][gc,start       ] GC(51) Pause Young (Allocation Failure)
[270.835s][info][gc,heap        ] GC(51) PSYoungGen: 2563369K(2585600K)->152176K(2592256K) Eden: 2388480K(2388480K)->0K(2388480K) From: 174889K(197120K)->152176K(203776K)
[270.835s][info][gc,heap        ] GC(51) ParOldGen: 3443914K(3444224K)->3538546K(3538944K)
[270.835s][info][gc,metaspace   ] GC(51) Metaspace: 28803K(29184K)->28803K(29184K) NonClass: 23918K(24064K)->23918K(24064K) Class: 4884K(5120K)->4884K(5120K)
[270.835s][info][gc             ] GC(51) Pause Young (Allocation Failure) 5866M->3604M(5987M) 155.619ms
[270.835s][info][gc,cpu         ] GC(51) User=0.62s Sys=0.03s Real=0.16s
.[272.324s][info][gc,start       ] GC(52) Pause Young (Allocation Failure)
[272.430s][info][gc,heap        ] GC(52) PSYoungGen: 2540656K(2592256K)->146197K(2578944K) Eden: 2388480K(2388480K)->0K(2392064K) From: 152176K(203776K)->146197K(186880K)
[272.430s][info][gc,heap        ] GC(52) ParOldGen: 3538546K(3538944K)->3634826K(3635200K)
[272.430s][info][gc,metaspace   ] GC(52) Metaspace: 28807K(29184K)->28807K(29184K) NonClass: 23922K(24064K)->23922K(24064K) Class: 4884K(5120K)->4884K(5120K)
[272.430s][info][gc             ] GC(52) Pause Young (Allocation Failure) 5936M->3692M(6068M) 106.258ms
[272.430s][info][gc,cpu         ] GC(52) User=0.59s Sys=0.03s Real=0.10s
.[273.859s][info][gc,start       ] GC(53) Pause Young (Allocation Failure)
[273.964s][info][gc,heap        ] GC(53) PSYoungGen: 2538261K(2578944K)->153696K(2587136K) Eden: 2392064K(2392064K)->0K(2392064K) From: 146197K(186880K)->153696K(195072K)
[273.964s][info][gc,heap        ] GC(53) ParOldGen: 3634826K(3635200K)->3726154K(3726336K)
[273.964s][info][gc,metaspace   ] GC(53) Metaspace: 28807K(29184K)->28807K(29184K) NonClass: 23922K(24064K)->23922K(24064K) Class: 4884K(5120K)->4884K(5120K)
[273.964s][info][gc             ] GC(53) Pause Young (Allocation Failure) 6028M->3788M(6165M) 105.498ms
[273.964s][info][gc,cpu         ] GC(53) User=0.59s Sys=0.03s Real=0.11s
.[275.359s][info][gc,start       ] GC(54) Pause Young (Allocation Failure)
[275.471s][info][gc,heap        ] GC(54) PSYoungGen: 2545760K(2587136K)->160500K(2599424K) Eden: 2392064K(2392064K)->0K(2408448K) From: 153696K(195072K)->160500K(190976K)
[275.471s][info][gc,heap        ] GC(54) ParOldGen: 3726154K(3726336K)->3818562K(3819008K)
[275.471s][info][gc,metaspace   ] GC(54) Metaspace: 28809K(29184K)->28809K(29184K) NonClass: 23924K(24064K)->23924K(24064K) Class: 4884K(5120K)->4884K(5120K)
[275.471s][info][gc             ] GC(54) Pause Young (Allocation Failure) 6124M->3885M(6268M) 112.480ms
[275.471s][info][gc,cpu         ] GC(54) User=0.63s Sys=0.03s Real=0.11s
..[277.035s][info][gc,start       ] GC(55) Pause Young (Allocation Failure)
[277.138s][info][gc,heap        ] GC(55) PSYoungGen: 2568948K(2599424K)->134080K(2601472K) Eden: 2408448K(2408448K)->0K(2408448K) From: 160500K(190976K)->134080K(193024K)
[277.138s][info][gc,heap        ] GC(55) ParOldGen: 3818562K(3819008K)->3915354K(3915776K)
[277.138s][info][gc,metaspace   ] GC(55) Metaspace: 28809K(29184K)->28809K(29184K) NonClass: 23925K(24064K)->23925K(24064K) Class: 4884K(5120K)->4884K(5120K)
[277.138s][info][gc             ] GC(55) Pause Young (Allocation Failure) 6237M->3954M(6364M) 103.733ms
[277.138s][info][gc,cpu         ] GC(55) User=0.56s Sys=0.04s Real=0.10s
.[278.466s][info][gc,start       ] GC(56) Pause Young (Allocation Failure)
[278.572s][info][gc,heap        ] GC(56) PSYoungGen: 2542528K(2601472K)->154352K(2599936K) Eden: 2408448K(2408448K)->0K(2412032K) From: 134080K(193024K)->154352K(187904K)
[278.572s][info][gc,heap        ] GC(56) ParOldGen: 3915354K(3915776K)->3999658K(3999744K)
[278.572s][info][gc,metaspace   ] GC(56) Metaspace: 28810K(29184K)->28810K(29184K) NonClass: 23925K(24064K)->23925K(24064K) Class: 4884K(5120K)->4884K(5120K)
[278.572s][info][gc             ] GC(56) Pause Young (Allocation Failure) 6306M->4056M(6445M) 106.544ms
[278.572s][info][gc,cpu         ] GC(56) User=0.59s Sys=0.04s Real=0.10s
.[279.924s][info][gc,start       ] GC(57) Pause Young (Allocation Failure)
[280.044s][info][gc,heap        ] GC(57) PSYoungGen: 2566384K(2599936K)->170080K(2601472K) Eden: 2412032K(2412032K)->0K(2412032K) From: 154352K(187904K)->170080K(189440K)
[280.044s][info][gc,heap        ] GC(57) ParOldGen: 3999658K(3999744K)->4094314K(4094464K)
[280.044s][info][gc,metaspace   ] GC(57) Metaspace: 28812K(29184K)->28812K(29184K) NonClass: 23928K(24064K)->23928K(24064K) Class: 4884K(5120K)->4884K(5120K)
[280.044s][info][gc             ] GC(57) Pause Young (Allocation Failure) 6412M->4164M(6539M) 119.142ms
[280.044s][info][gc,cpu         ] GC(57) User=0.66s Sys=0.03s Real=0.12s
.[281.544s][info][gc,start       ] GC(58) Pause Young (Allocation Failure)
[281.664s][info][gc,heap        ] GC(58) PSYoungGen: 2582112K(2601472K)->165224K(2600448K) Eden: 2412032K(2412032K)->0K(2406912K) From: 170080K(189440K)->165224K(193536K)
[281.664s][info][gc,heap        ] GC(58) ParOldGen: 4094314K(4094464K)->4195954K(4196352K)
[281.664s][info][gc,metaspace   ] GC(58) Metaspace: 28814K(29184K)->28814K(29184K) NonClass: 23929K(24064K)->23929K(24064K) Class: 4884K(5120K)->4884K(5120K)
[281.664s][info][gc             ] GC(58) Pause Young (Allocation Failure) 6519M->4258M(6637M) 119.422ms
[281.664s][info][gc,cpu         ] GC(58) User=0.67s Sys=0.03s Real=0.12s
.[283.094s][info][gc,start       ] GC(59) Pause Young (Allocation Failure)
[283.204s][info][gc,heap        ] GC(59) PSYoungGen: 2572136K(2600448K)->157328K(2564608K) Eden: 2406912K(2406912K)->0K(2406912K) From: 165224K(193536K)->157328K(157696K)
[283.204s][info][gc,heap        ] GC(59) ParOldGen: 4195954K(4196352K)->4284770K(4284928K)
[283.204s][info][gc,metaspace   ] GC(59) Metaspace: 28814K(29184K)->28814K(29184K) NonClass: 23929K(24064K)->23929K(24064K) Class: 4884K(5120K)->4884K(5120K)
[283.204s][info][gc             ] GC(59) Pause Young (Allocation Failure) 6609M->4337M(6689M) 110.232ms
[283.204s][info][gc,cpu         ] GC(59) User=0.61s Sys=0.03s Real=0.11s
..[284.479s][info][gc,start       ] GC(60) Pause Young (Allocation Failure)
[284.588s][info][gc,heap        ] GC(60) PSYoungGen: 2564240K(2564608K)->158660K(2602496K) Eden: 2406912K(2406912K)->0K(2409984K) From: 157328K(157696K)->158660K(192512K)
[284.588s][info][gc,heap        ] GC(60) ParOldGen: 4284770K(4284928K)->4373698K(4374016K)
[284.588s][info][gc,metaspace   ] GC(60) Metaspace: 28814K(29184K)->28814K(29184K) NonClass: 23929K(24064K)->23929K(24064K) Class: 4884K(5120K)->4884K(5120K)
[284.588s][info][gc             ] GC(60) Pause Young (Allocation Failure) 6688M->4426M(6813M) 109.632ms
[284.588s][info][gc,cpu         ] GC(60) User=0.61s Sys=0.03s Real=0.11s
.[286.237s][info][gc,start       ] GC(61) Pause Young (Allocation Failure)
[286.348s][info][gc,heap        ] GC(61) PSYoungGen: 2568644K(2602496K)->143542K(2600448K) Eden: 2409984K(2409984K)->0K(2409984K) From: 158660K(192512K)->143542K(190464K)
[286.348s][info][gc,heap        ] GC(61) ParOldGen: 4373698K(4374016K)->4480066K(4480512K)
[286.348s][info][gc,metaspace   ] GC(61) Metaspace: 28814K(29184K)->28814K(29184K) NonClass: 23929K(24064K)->23929K(24064K) Class: 4884K(5120K)->4884K(5120K)
[286.348s][info][gc             ] GC(61) Pause Young (Allocation Failure) 6779M->4515M(6915M) 110.917ms
[286.348s][info][gc,cpu         ] GC(61) User=0.61s Sys=0.03s Real=0.11s
.[287.998s][info][gc,start       ] GC(62) Pause Young (Allocation Failure)
[288.102s][info][gc,heap        ] GC(62) PSYoungGen: 2553526K(2600448K)->139758K(2603008K) Eden: 2409984K(2409984K)->0K(2414592K) From: 143542K(190464K)->139758K(188416K)
[288.102s][info][gc,heap        ] GC(62) ParOldGen: 4480066K(4480512K)->4568402K(4568576K)
[288.102s][info][gc,metaspace   ] GC(62) Metaspace: 28814K(29184K)->28814K(29184K) NonClass: 23929K(24064K)->23929K(24064K) Class: 4884K(5120K)->4884K(5120K)
[288.102s][info][gc             ] GC(62) Pause Young (Allocation Failure) 6868M->4597M(7003M) 103.529ms
[288.102s][info][gc,cpu         ] GC(62) User=0.57s Sys=0.02s Real=0.10s
.. (rIR:aIR:PR = 13837:13282:12814) (tPR = 188386) [PR is under limit] 
   289s: Re-initializing (term[289.578s][info][gc,start       ] GC(63) Pause Young (Allocation Failure)
[289.686s][info][gc,heap        ] GC(63) PSYoungGen: 2554350K(2603008K)->156505K(2601472K) Eden: 2414592K(2414592K)->0K(2414592K) From: 139758K(188416K)->156505K(186880K)
[289.686s][info][gc,heap        ] GC(63) ParOldGen: 4568402K(4568576K)->4653714K(4654080K)
[289.686s][info][gc,metaspace   ] GC(63) Metaspace: 28814K(29184K)->28814K(29184K) NonClass: 23929K(24064K)->23929K(24064K) Class: 4884K(5120K)->4884K(5120K)
[289.686s][info][gc             ] GC(63) Pause Young (Allocation Failure) 6955M->4697M(7085M) 108.791ms
[289.686s][info][gc,cpu         ] GC(63) User=0.61s Sys=0.02s Real=0.11s
[291.185s][info][gc,start       ] GC(64) Pause Young (Allocation Failure)
[291.303s][info][gc,heap        ] GC(64) PSYoungGen: 2571097K(2601472K)->175456K(2599424K) Eden: 2414592K(2414592K)->0K(2414080K) From: 156505K(186880K)->175456K(185344K)
[291.303s][info][gc,heap        ] GC(64) ParOldGen: 4653714K(4654080K)->4744282K(4744704K)
[291.303s][info][gc,metaspace   ] GC(64) Metaspace: 28823K(29248K)->28823K(29248K) NonClass: 23938K(24128K)->23938K(24128K) Class: 4884K(5120K)->4884K(5120K)
[291.303s][info][gc             ] GC(64) Pause Young (Allocation Failure) 7055M->4804M(7172M) 118.596ms
[291.303s][info][gc,cpu         ] GC(64) User=0.65s Sys=0.04s Real=0.11s
[292.901s][info][gc,start       ] GC(65) Pause Young (Allocation Failure)
[293.024s][info][gc,heap        ] GC(65) PSYoungGen: 2589536K(2599424K)->157813K(2605056K) Eden: 2414080K(2414080K)->0K(2414080K) From: 175456K(185344K)->157813K(190976K)
[293.024s][info][gc,heap        ] GC(65) ParOldGen: 4744282K(4744704K)->4867874K(4868096K)
[293.024s][info][gc,metaspace   ] GC(65) Metaspace: 28823K(29248K)->28823K(29248K) NonClass: 23938K(24128K)->23938K(24128K) Class: 4884K(5120K)->4884K(5120K)
[293.024s][info][gc             ] GC(65) Pause Young (Allocation Failure) 7161M->4907M(7298M) 123.051ms
[293.024s][info][gc,cpu         ] GC(65) User=0.67s Sys=0.04s Real=0.13s
) [294.137s][info][gc,start       ] GC(66) Pause Full (System.gc())
[294.137s][info][gc,phases,start] GC(66) Marking Phase
[294.165s][info][gc,phases      ] GC(66) Marking Phase 27.512ms
[294.165s][info][gc,phases,start] GC(66) Summary Phase
[294.165s][info][gc,phases      ] GC(66) Summary Phase 0.112ms
[294.165s][info][gc,phases,start] GC(66) Forward
[294.187s][info][gc,phases      ] GC(66) Forward 21.463ms
[294.187s][info][gc,phases,start] GC(66) Adjust Pointers
[294.205s][info][gc,phases      ] GC(66) Adjust Pointers 18.062ms
[294.205s][info][gc,phases,start] GC(66) Compaction Phase
[294.235s][info][gc,phases      ] GC(66) Compaction Phase 30.471ms
[294.235s][info][gc,phases,start] GC(66) Post Compact
[294.264s][info][gc,phases      ] GC(66) Post Compact 29.089ms
[294.264s][info][gc,heap        ] GC(66) PSYoungGen: 1998738K(2605056K)->0K(2605056K) Eden: 1840925K(2414080K)->0K(2414080K) From: 157813K(190976K)->0K(190976K)
[294.264s][info][gc,heap        ] GC(66) ParOldGen: 4867874K(4868096K)->190495K(4868096K)
[294.264s][info][gc,metaspace   ] GC(66) Metaspace: 28824K(29248K)->28824K(29248K) NonClass: 23940K(24128K)->23940K(24128K) Class: 4884K(5120K)->4884K(5120K)
[294.264s][info][gc             ] GC(66) Pause Full (System.gc()) 6705M->186M(7298M) 127.077ms
[294.264s][info][gc,cpu         ] GC(66) User=0.41s Sys=0.03s Real=0.13s
[294.397s][info][gc,start       ] GC(67) Pause Full (Diagnostic Command)
[294.397s][info][gc,phases,start] GC(67) Marking Phase
[294.420s][info][gc,phases      ] GC(67) Marking Phase 22.652ms
[294.420s][info][gc,phases,start] GC(67) Summary Phase
[294.420s][info][gc,phases      ] GC(67) Summary Phase 0.008ms
[294.420s][info][gc,phases,start] GC(67) Forward
[294.421s][info][gc,phases      ] GC(67) Forward 1.147ms
[294.421s][info][gc,phases,start] GC(67) Adjust Pointers
[294.431s][info][gc,phases      ] GC(67) Adjust Pointers 10.514ms
[294.431s][info][gc,phases,start] GC(67) Compaction Phase
[294.448s][info][gc,phases      ] GC(67) Compaction Phase 16.792ms
[294.448s][info][gc,phases,start] GC(67) Post Compact
[294.449s][info][gc,phases      ] GC(67) Post Compact 0.814ms
[294.449s][info][gc,heap        ] GC(67) PSYoungGen: 48284K(2605056K)->0K(2605056K) Eden: 48284K(2414080K)->0K(2414080K) From: 0K(190976K)->0K(190976K)
[294.449s][info][gc,heap        ] GC(67) ParOldGen: 190495K(4868096K)->190421K(4868096K)
[294.449s][info][gc,metaspace   ] GC(67) Metaspace: 28825K(29248K)->28825K(29248K) NonClass: 23940K(24128K)->23940K(24128K) Class: 4884K(5120K)->4884K(5120K)
[294.449s][info][gc             ] GC(67) Pause Full (Diagnostic Command) 233M->185M(7298M) 52.204ms
[294.449s][info][gc,cpu         ] GC(67) User=0.25s Sys=0.00s Real=0.05s
(init) ... OK
   298s: Searching from base IR = 11548
   298s:       rampup IR =      0 ... (rIR:aIR:PR = 0:0:0) (tPR = 0) [OK] 
   301s:       rampup IR =   1155 .[302.770s][info][gc,start       ] GC(68) Pause Young (Allocation Failure)
[303.073s][info][gc,heap        ] GC(68) PSYoungGen: 2414080K(2605056K)->188909K(2150400K) Eden: 2414080K(2414080K)->0K(1961472K) From: 0K(190976K)->188909K(188928K)
[303.073s][info][gc,heap        ] GC(68) ParOldGen: 190421K(4868096K)->782288K(4868096K)
[303.073s][info][gc,metaspace   ] GC(68) Metaspace: 28840K(29248K)->28840K(29248K) NonClass: 23955K(24128K)->23955K(24128K) Class: 4885K(5120K)->4885K(5120K)
[303.073s][info][gc             ] GC(68) Pause Young (Allocation Failure) 2543M->948M(6854M) 302.957ms
[303.073s][info][gc,cpu         ] GC(68) User=1.79s Sys=0.02s Real=0.31s
... (rIR:aIR:PR = 1155:1151:1129) (tPR = 22472) [OK] 
   305s:       rampup IR =   2310 .... (rIR:aIR:PR = 2310:2318:2273) (tPR = 42220) [OK] 
   309s:       rampup IR =   3464 [309.541s][info][gc,start       ] GC(69) Pause Young (Allocation Failure)
[309.670s][info][gc,heap        ] GC(69) PSYoungGen: 2150381K(2150400K)->107550K(2378752K) Eden: 1961472K(1961472K)->0K(1961472K) From: 188909K(188928K)->107550K(417280K)
[309.670s][info][gc,heap        ] GC(69) ParOldGen: 782288K(4868096K)->945402K(4868096K)
[309.670s][info][gc,metaspace   ] GC(69) Metaspace: 28841K(29248K)->28841K(29248K) NonClass: 23956K(24128K)->23956K(24128K) Class: 4885K(5120K)->4885K(5120K)
[309.670s][info][gc             ] GC(69) Pause Young (Allocation Failure) 2863M->1028M(7077M) 129.174ms
[309.670s][info][gc,cpu         ] GC(69) User=0.77s Sys=0.00s Real=0.13s
...[312.789s][info][gc,start       ] GC(70) Pause Young (Allocation Failure)
[312.868s][info][gc,heap        ] GC(70) PSYoungGen: 2069022K(2378752K)->98184K(2372096K) Eden: 1961472K(1961472K)->0K(1963008K) From: 107550K(417280K)->98184K(409088K)
[312.868s][info][gc,heap        ] GC(70) ParOldGen: 945402K(4868096K)->1034050K(4868096K)
[312.868s][info][gc,metaspace   ] GC(70) Metaspace: 28846K(29248K)->28846K(29248K) NonClass: 23961K(24128K)->23961K(24128K) Class: 4885K(5120K)->4885K(5120K)
[312.868s][info][gc             ] GC(70) Pause Young (Allocation Failure) 2943M->1105M(7070M) 79.145ms
[312.868s][info][gc,cpu         ] GC(70) User=0.47s Sys=0.00s Real=0.08s
. (rIR:aIR:PR = 3464:3466:3389) (tPR = 59653) [OK] 
   313s:       rampup IR =   4619 .[315.426s][info][gc,start       ] GC(71) Pause Young (Allocation Failure)
[315.500s][info][gc,heap        ] GC(71) PSYoungGen: 2061192K(2372096K)->103244K(2376192K) Eden: 1963008K(1963008K)->0K(1963008K) From: 98184K(409088K)->103244K(413184K)
[315.500s][info][gc,heap        ] GC(71) ParOldGen: 1034050K(4868096K)->1114011K(4868096K)
[315.500s][info][gc,metaspace   ] GC(71) Metaspace: 28846K(29248K)->28846K(29248K) NonClass: 23961K(24128K)->23961K(24128K) Class: 4885K(5120K)->4885K(5120K)
[315.500s][info][gc             ] GC(71) Pause Young (Allocation Failure) 3022M->1188M(7074M) 74.470ms
[315.500s][info][gc,cpu         ] GC(71) User=0.45s Sys=0.00s Real=0.07s
...[317.951s][info][gc,start       ] GC(72) Pause Young (Allocation Failure)
[318.026s][info][gc,heap        ] GC(72) PSYoungGen: 2066252K(2376192K)->105130K(2368512K) Eden: 1963008K(1963008K)->0K(1975808K) From: 103244K(413184K)->105130K(392704K)
[318.026s][info][gc,heap        ] GC(72) ParOldGen: 1114011K(4868096K)->1195767K(4868096K)
[318.026s][info][gc,metaspace   ] GC(72) Metaspace: 28846K(29248K)->28846K(29248K) NonClass: 23961K(24128K)->23961K(24128K) Class: 4885K(5120K)->4885K(5120K)
[318.026s][info][gc             ] GC(72) Pause Young (Allocation Failure) 3105M->1270M(7067M) 75.308ms
[318.026s][info][gc,cpu         ] GC(72) User=0.44s Sys=0.00s Real=0.08s
. (rIR:aIR:PR = 4619:4628:4582) (tPR = 77403) [OK] 
   318s:       rampup IR =   5774 .[320.125s][info][gc,start       ] GC(73) Pause Young (Allocation Failure)
[320.207s][info][gc,heap        ] GC(73) PSYoungGen: 2080938K(2368512K)->111316K(2374656K) Eden: 1975808K(1975808K)->0K(1975808K) From: 105130K(392704K)->111316K(398848K)
[320.207s][info][gc,heap        ] GC(73) ParOldGen: 1195767K(4868096K)->1279618K(4868096K)
[320.207s][info][gc,metaspace   ] GC(73) Metaspace: 28846K(29248K)->28846K(29248K) NonClass: 23961K(24128K)->23961K(24128K) Class: 4885K(5120K)->4885K(5120K)
[320.207s][info][gc             ] GC(73) Pause Young (Allocation Failure) 3199M->1358M(7073M) 81.452ms
[320.207s][info][gc,cpu         ] GC(73) User=0.49s Sys=0.00s Real=0.08s
..[322.407s][info][gc,start       ] GC(74) Pause Young (Allocation Failure)
[322.490s][info][gc,heap        ] GC(74) PSYoungGen: 2087124K(2374656K)->111456K(2378240K) Eden: 1975808K(1975808K)->0K(2009088K) From: 111316K(398848K)->111456K(369152K)
[322.490s][info][gc,heap        ] GC(74) ParOldGen: 1279618K(4868096K)->1362290K(4868096K)
[322.490s][info][gc,metaspace   ] GC(74) Metaspace: 28849K(29248K)->28849K(29248K) NonClass: 23964K(24128K)->23964K(24128K) Class: 4885K(5120K)->4885K(5120K)
[322.490s][info][gc             ] GC(74) Pause Young (Allocation Failure) 3287M->1439M(7076M) 82.699ms
[322.490s][info][gc,cpu         ] GC(74) User=0.49s Sys=0.00s Real=0.08s
. (rIR:aIR:PR = 5774:5724:5720) (tPR = 91776) [OK] 
   322s:       rampup IR =   6929 ..[324.575s][info][gc,start       ] GC(75) Pause Young (Allocation Failure)
[324.658s][info][gc,heap        ] GC(75) PSYoungGen: 2120544K(2378240K)->117311K(2385408K) Eden: 2009088K(2009088K)->0K(2009088K) From: 111456K(369152K)->117311K(376320K)
[324.658s][info][gc,heap        ] GC(75) ParOldGen: 1362290K(4868096K)->1442698K(4868096K)
[324.658s][info][gc,metaspace   ] GC(75) Metaspace: 28853K(29248K)->28853K(29248K) NonClass: 23967K(24128K)->23967K(24128K) Class: 4885K(5120K)->4885K(5120K)
[324.658s][info][gc             ] GC(75) Pause Young (Allocation Failure) 3401M->1523M(7083M) 82.215ms
[324.658s][info][gc,cpu         ] GC(75) User=0.49s Sys=0.00s Real=0.08s
.. (rIR:aIR:PR = 6929:6938:6938) (tPR = 104571) [OK] 
   326s:       rampup IR =   8084 [326.816s][info][gc,start       ] GC(76) Pause Young (Allocation Failure)
[326.901s][info][gc,heap        ] GC(76) PSYoungGen: 2126399K(2385408K)->119296K(2398720K) Eden: 2009088K(2009088K)->0K(2056192K) From: 117311K(376320K)->119296K(342528K)
[326.901s][info][gc,heap        ] GC(76) ParOldGen: 1442698K(4868096K)->1529634K(4868096K)
[326.901s][info][gc,metaspace   ] GC(76) Metaspace: 28853K(29248K)->28853K(29248K) NonClass: 23967K(24128K)->23967K(24128K) Class: 4885K(5120K)->4885K(5120K)
[326.901s][info][gc             ] GC(76) Pause Young (Allocation Failure) 3485M->1610M(7096M) 84.877ms
[326.901s][info][gc,cpu         ] GC(76) User=0.50s Sys=0.00s Real=0.08s
..[328.822s][info][gc,start       ] GC(77) Pause Young (Allocation Failure)
[328.910s][info][gc,heap        ] GC(77) PSYoungGen: 2175488K(2398720K)->129313K(2406400K) Eden: 2056192K(2056192K)->0K(2056192K) From: 119296K(342528K)->129313K(350208K)
[328.910s][info][gc,heap        ] GC(77) ParOldGen: 1529634K(4868096K)->1615098K(4868096K)
[328.910s][info][gc,metaspace   ] GC(77) Metaspace: 28853K(29248K)->28853K(29248K) NonClass: 23967K(24128K)->23967K(24128K) Class: 4885K(5120K)->4885K(5120K)
[328.910s][info][gc             ] GC(77) Pause Young (Allocation Failure) 3618M->1703M(7104M) 87.609ms
[328.910s][info][gc,cpu         ] GC(77) User=0.51s Sys=0.00s Real=0.09s
.. (rIR:aIR:PR = 8084:7954:7953) (tPR = 121040) [OK] 
   330s:       rampup IR =   9238 [330.855s][info][gc,start       ] GC(78) Pause Young (Allocation Failure)
[330.940s][info][gc,heap        ] GC(78) PSYoungGen: 2185505K(2406400K)->123888K(2427392K) Eden: 2056192K(2056192K)->0K(2110464K) From: 129313K(350208K)->123888K(316928K)
[330.940s][info][gc,heap        ] GC(78) ParOldGen: 1615098K(4868096K)->1701906K(4868096K)
[330.940s][info][gc,metaspace   ] GC(78) Metaspace: 28853K(29248K)->28853K(29248K) NonClass: 23967K(24128K)->23967K(24128K) Class: 4885K(5120K)->4885K(5120K)
[330.940s][info][gc             ] GC(78) Pause Young (Allocation Failure) 3711M->1783M(7124M) 85.138ms
[330.940s][info][gc,cpu         ] GC(78) User=0.50s Sys=0.00s Real=0.08s
..[332.622s][info][gc,start       ] GC(79) Pause Young (Allocation Failure)
[332.707s][info][gc,heap        ] GC(79) PSYoungGen: 2234352K(2427392K)->121376K(2433024K) Eden: 2110464K(2110464K)->0K(2110464K) From: 123888K(316928K)->121376K(322560K)
[332.707s][info][gc,heap        ] GC(79) ParOldGen: 1701906K(4868096K)->1789062K(4868096K)
[332.707s][info][gc,metaspace   ] GC(79) Metaspace: 28857K(29248K)->28857K(29248K) NonClass: 23972K(24128K)->23972K(24128K) Class: 4885K(5120K)->4885K(5120K)
[332.707s][info][gc             ] GC(79) Pause Young (Allocation Failure) 3844M->1865M(7130M) 84.787ms
[332.707s][info][gc,cpu         ] GC(79) User=0.49s Sys=0.00s Real=0.09s
.[334.456s][info][gc,start       ] GC(80) Pause Young (Allocation Failure)
[334.542s][info][gc,heap        ] GC(80) PSYoungGen: 2231840K(2433024K)->123520K(2455552K) Eden: 2110464K(2110464K)->0K(2163200K) From: 121376K(322560K)->123520K(292352K)
[334.542s][info][gc,heap        ] GC(80) ParOldGen: 1789062K(4868096K)->1875890K(4868096K)
[334.542s][info][gc,metaspace   ] GC(80) Metaspace: 28857K(29248K)->28857K(29248K) NonClass: 23972K(24128K)->23972K(24128K) Class: 4885K(5120K)->4885K(5120K)
[334.542s][info][gc             ] GC(80) Pause Young (Allocation Failure) 3926M->1952M(7152M) 85.440ms
[334.542s][info][gc,cpu         ] GC(80) User=0.51s Sys=0.00s Real=0.08s
. (rIR:aIR:PR = 9238:8831:8832) (tPR = 133358) [OK] 
   334s:       rampup IR =  10393 .[336.204s][info][gc,start       ] GC(81) Pause Young (Allocation Failure)
[336.292s][info][gc,heap        ] GC(81) PSYoungGen: 2286720K(2455552K)->131696K(2461184K) Eden: 2163200K(2163200K)->0K(2163200K) From: 123520K(292352K)->131696K(297984K)
[336.292s][info][gc,heap        ] GC(81) ParOldGen: 1875890K(4868096K)->1960754K(4868096K)
[336.292s][info][gc,metaspace   ] GC(81) Metaspace: 28857K(29248K)->28857K(29248K) NonClass: 23972K(24128K)->23972K(24128K) Class: 4885K(5120K)->4885K(5120K)
[336.292s][info][gc             ] GC(81) Pause Young (Allocation Failure) 4065M->2043M(7157M) 87.478ms
[336.292s][info][gc,cpu         ] GC(81) User=0.52s Sys=0.00s Real=0.08s
..[338.004s][info][gc,start       ] GC(82) Pause Young (Allocation Failure)
[338.092s][info][gc,heap        ] GC(82) PSYoungGen: 2294896K(2461184K)->132768K(2480640K) Eden: 2163200K(2163200K)->0K(2212864K) From: 131696K(297984K)->132768K(267776K)
[338.092s][info][gc,heap        ] GC(82) ParOldGen: 1960754K(4868096K)->2043930K(4868096K)
[338.092s][info][gc,metaspace   ] GC(82) Metaspace: 28857K(29248K)->28857K(29248K) NonClass: 23972K(24128K)->23972K(24128K) Class: 4885K(5120K)->4885K(5120K)
[338.092s][info][gc             ] GC(82) Pause Young (Allocation Failure) 4155M->2125M(7176M) 87.251ms
[338.092s][info][gc,cpu         ] GC(82) User=0.52s Sys=0.00s Real=0.08s
..[339.709s][info][gc,start       ] GC(83) Pause Young (Allocation Failure)
[339.800s][info][gc,heap        ] GC(83) PSYoungGen: 2345632K(2480640K)->131312K(2485760K) Eden: 2212864K(2212864K)->0K(2212864K) From: 132768K(267776K)->131312K(272896K)
[339.800s][info][gc,heap        ] GC(83) ParOldGen: 2043930K(4868096K)->2133930K(4868096K)
[339.800s][info][gc,metaspace   ] GC(83) Metaspace: 28858K(29248K)->28858K(29248K) NonClass: 23973K(24128K)->23973K(24128K) Class: 4885K(5120K)->4885K(5120K)
[339.800s][info][gc             ] GC(83) Pause Young (Allocation Failure) 4286M->2212M(7181M) 91.704ms
[339.800s][info][gc,cpu         ] GC(83) User=0.54s Sys=0.00s Real=0.09s
. (rIR:aIR:PR = 10393:10519:10519) (tPR = 160657) [OK] 
   340s:       rampup IR =  11548 [341.314s][info][gc,start       ] GC(84) Pause Young (Allocation Failure)
[341.408s][info][gc,heap        ] GC(84) PSYoungGen: 2344176K(2485760K)->140420K(2505216K) Eden: 2212864K(2212864K)->0K(2260992K) From: 131312K(272896K)->140420K(244224K)
[341.408s][info][gc,heap        ] GC(84) ParOldGen: 2133930K(4868096K)->2222194K(4868096K)
[341.408s][info][gc,metaspace   ] GC(84) Metaspace: 28864K(29248K)->28864K(29248K) NonClass: 23979K(24128K)->23979K(24128K) Class: 4885K(5120K)->4885K(5120K)
[341.408s][info][gc             ] GC(84) Pause Young (Allocation Failure) 4373M->2307M(7200M) 93.455ms
[341.408s][info][gc,cpu         ] GC(84) User=0.55s Sys=0.00s Real=0.09s
..[342.896s][info][gc,start       ] GC(85) Pause Young (Allocation Failure)
[342.991s][info][gc,heap        ] GC(85) PSYoungGen: 2401412K(2505216K)->140960K(2511360K) Eden: 2260992K(2260992K)->0K(2260992K) From: 140420K(244224K)->140960K(250368K)
[342.991s][info][gc,heap        ] GC(85) ParOldGen: 2222194K(4868096K)->2309406K(4868096K)
[342.991s][info][gc,metaspace   ] GC(85) Metaspace: 28864K(29248K)->28864K(29248K) NonClass: 23979K(24128K)->23979K(24128K) Class: 4885K(5120K)->4885K(5120K)
[342.991s][info][gc             ] GC(85) Pause Young (Allocation Failure) 4515M->2392M(7206M) 94.230ms
[342.991s][info][gc,cpu         ] GC(85) User=0.55s Sys=0.00s Real=0.09s
.[344.447s][info][gc,start       ] GC(86) Pause Young (Allocation Failure)
[344.544s][info][gc,heap        ] GC(86) PSYoungGen: 2401952K(2511360K)->148912K(2535936K) Eden: 2260992K(2260992K)->0K(2306048K) From: 140960K(250368K)->148912K(229888K)
[344.544s][info][gc,heap        ] GC(86) ParOldGen: 2309406K(4868096K)->2400678K(4868096K)
[344.544s][info][gc,metaspace   ] GC(86) Metaspace: 28864K(29248K)->28864K(29248K) NonClass: 23979K(24128K)->23979K(24128K) Class: 4885K(5120K)->4885K(5120K)
[344.544s][info][gc             ] GC(86) Pause Young (Allocation Failure) 4600M->2489M(7230M) 97.373ms
[344.544s][info][gc,cpu         ] GC(86) User=0.58s Sys=0.00s Real=0.10s
.. (rIR:aIR:PR = 11548:11687:11680) (tPR = 171581) [OK] 
   345s:    snapshot, IR =  11548 [346.176s][info][gc,start       ] GC(87) Pause Young (Allocation Failure)
[346.271s][info][gc,heap        ] GC(87) PSYoungGen: 2454960K(2535936K)->143872K(2538496K) Eden: 2306048K(2306048K)->0K(2306048K) From: 148912K(229888K)->143872K(232448K)
[346.271s][info][gc,heap        ] GC(87) ParOldGen: 2400678K(4868096K)->2487882K(4868096K)
[346.271s][info][gc,metaspace   ] GC(87) Metaspace: 28866K(29248K)->28866K(29248K) NonClass: 23981K(24128K)->23981K(24128K) Class: 4885K(5120K)->4885K(5120K)
[346.271s][info][gc             ] GC(87) Pause Young (Allocation Failure) 4741M->2570M(7233M) 95.581ms
[346.271s][info][gc,cpu         ] GC(87) User=0.56s Sys=0.00s Real=0.09s
..[347.862s][info][gc,start       ] GC(88) Pause Young (Allocation Failure)
[347.957s][info][gc,heap        ] GC(88) PSYoungGen: 2449920K(2538496K)->141648K(2552832K) Eden: 2306048K(2306048K)->0K(2339328K) From: 143872K(232448K)->141648K(213504K)
[347.957s][info][gc,heap        ] GC(88) ParOldGen: 2487882K(4868096K)->2578794K(4868096K)
[347.957s][info][gc,metaspace   ] GC(88) Metaspace: 28866K(29248K)->28866K(29248K) NonClass: 23981K(24128K)->23981K(24128K) Class: 4885K(5120K)->4885K(5120K)
[347.957s][info][gc             ] GC(88) Pause Young (Allocation Failure) 4822M->2656M(7247M) 94.499ms
[347.957s][info][gc,cpu         ] GC(88) User=0.56s Sys=0.00s Real=0.10s
.[349.491s][info][gc,start       ] GC(89) Pause Young (Allocation Failure)
[349.582s][info][gc,heap        ] GC(89) PSYoungGen: 2480976K(2552832K)->134336K(2555392K) Eden: 2339328K(2339328K)->0K(2339328K) From: 141648K(213504K)->134336K(216064K)
[349.582s][info][gc,heap        ] GC(89) ParOldGen: 2578794K(4868096K)->2668858K(4868096K)
[349.582s][info][gc,metaspace   ] GC(89) Metaspace: 28866K(29248K)->28866K(29248K) NonClass: 23981K(24128K)->23981K(24128K) Class: 4885K(5120K)->4885K(5120K)
[349.582s][info][gc             ] GC(89) Pause Young (Allocation Failure) 4941M->2737M(7249M) 91.153ms
[349.582s][info][gc,cpu         ] GC(89) User=0.53s Sys=0.00s Real=0.09s
.|.[351.066s][info][gc,start       ] GC(90) Pause Young (Allocation Failure)
[351.167s][info][gc,heap        ] GC(90) PSYoungGen: 2473664K(2555392K)->149988K(2576384K) Eden: 2339328K(2339328K)->0K(2370048K) From: 134336K(216064K)->149988K(206336K)
[351.167s][info][gc,heap        ] GC(90) ParOldGen: 2668858K(4868096K)->2761226K(4868096K)
[351.167s][info][gc,metaspace   ] GC(90) Metaspace: 28867K(29248K)->28867K(29248K) NonClass: 23982K(24128K)->23982K(24128K) Class: 4885K(5120K)->4885K(5120K)
[351.167s][info][gc             ] GC(90) Pause Young (Allocation Failure) 5021M->2842M(7270M) 100.866ms
[351.167s][info][gc,cpu         ] GC(90) User=0.59s Sys=0.00s Real=0.10s
.[352.728s][info][gc,start       ] GC(91) Pause Young (Allocation Failure)
[352.864s][info][gc,heap        ] GC(91) PSYoungGen: 2520036K(2576384K)->139904K(2576384K) Eden: 2370048K(2370048K)->0K(2370048K) From: 149988K(206336K)->139904K(206336K)
[352.864s][info][gc,heap        ] GC(91) ParOldGen: 2761226K(4868096K)->2853446K(4868096K)
[352.864s][info][gc,metaspace   ] GC(91) Metaspace: 28867K(29248K)->28867K(29248K) NonClass: 23982K(24128K)->23982K(24128K) Class: 4885K(5120K)->4885K(5120K)
[352.864s][info][gc             ] GC(91) Pause Young (Allocation Failure) 5157M->2923M(7270M) 136.155ms
[352.865s][info][gc,cpu         ] GC(91) User=0.56s Sys=0.00s Real=0.14s
..[354.412s][info][gc,start       ] GC(92) Pause Young (Allocation Failure)
[354.512s][info][gc,heap        ] GC(92) PSYoungGen: 2509952K(2576384K)->149408K(2586624K) Eden: 2370048K(2370048K)->0K(2386432K) From: 139904K(206336K)->149408K(200192K)
[354.512s][info][gc,heap        ] GC(92) ParOldGen: 2853446K(4868096K)->2943798K(4868096K)
[354.512s][info][gc,metaspace   ] GC(92) Metaspace: 28867K(29248K)->28867K(29248K) NonClass: 23982K(24128K)->23982K(24128K) Class: 4885K(5120K)->4885K(5120K)
[354.512s][info][gc             ] GC(92) Pause Young (Allocation Failure) 5237M->3020M(7280M) 100.043ms
[354.512s][info][gc,cpu         ] GC(92) User=0.59s Sys=0.00s Real=0.10s
..[356.081s][info][gc,start       ] GC(93) Pause Young (Allocation Failure)
[356.177s][info][gc,heap        ] GC(93) PSYoungGen: 2535840K(2586624K)->147746K(2583552K) Eden: 2386432K(2386432K)->0K(2386432K) From: 149408K(200192K)->147746K(197120K)
[356.178s][info][gc,heap        ] GC(93) ParOldGen: 2943798K(4868096K)->3033278K(4868096K)
[356.178s][info][gc,metaspace   ] GC(93) Metaspace: 28867K(29248K)->28867K(29248K) NonClass: 23982K(24128K)->23982K(24128K) Class: 4885K(5120K)->4885K(5120K)
[356.178s][info][gc             ] GC(93) Pause Young (Allocation Failure) 5351M->3106M(7277M) 96.872ms
[356.178s][info][gc,cpu         ] GC(93) User=0.57s Sys=0.00s Real=0.10s
.[357.767s][info][gc,start       ] GC(94) Pause Young (Allocation Failure)
[357.867s][info][gc,heap        ] GC(94) PSYoungGen: 2534178K(2583552K)->144308K(2594304K) Eden: 2386432K(2386432K)->0K(2403328K) From: 147746K(197120K)->144308K(190976K)
[357.867s][info][gc,heap        ] GC(94) ParOldGen: 3033278K(4868096K)->3126974K(4868096K)
[357.867s][info][gc,metaspace   ] GC(94) Metaspace: 28867K(29248K)->28867K(29248K) NonClass: 23982K(24128K)->23982K(24128K) Class: 4885K(5120K)->4885K(5120K)
[357.867s][info][gc             ] GC(94) Pause Young (Allocation Failure) 5436M->3194M(7287M) 99.481ms
[357.867s][info][gc,cpu         ] GC(94) User=0.59s Sys=0.00s Real=0.10s
..[359.521s][info][gc,start       ] GC(95) Pause Young (Allocation Failure)
[359.618s][info][gc,heap        ] GC(95) PSYoungGen: 2547636K(2594304K)->141952K(2592256K) Eden: 2403328K(2403328K)->0K(2403328K) From: 144308K(190976K)->141952K(188928K)
[359.618s][info][gc,heap        ] GC(95) ParOldGen: 3126974K(4868096K)->3219014K(4868096K)
[359.618s][info][gc,metaspace   ] GC(95) Metaspace: 28867K(29248K)->28867K(29248K) NonClass: 23982K(24128K)->23982K(24128K) Class: 4885K(5120K)->4885K(5120K)
[359.618s][info][gc             ] GC(95) Pause Young (Allocation Failure) 5541M->3282M(7285M) 97.479ms
[359.618s][info][gc,cpu         ] GC(95) User=0.56s Sys=0.01s Real=0.10s
..[361.231s][info][gc,start       ] GC(96) Pause Young (Allocation Failure)
[361.330s][info][gc,heap        ] GC(96) PSYoungGen: 2545280K(2592256K)->148160K(2603520K) Eden: 2403328K(2403328K)->0K(2418688K) From: 141952K(188928K)->148160K(184832K)
[361.330s][info][gc,heap        ] GC(96) ParOldGen: 3219014K(4868096K)->3308854K(4868096K)
[361.330s][info][gc,metaspace   ] GC(96) Metaspace: 28867K(29248K)->28867K(29248K) NonClass: 23982K(24128K)->23982K(24128K) Class: 4885K(5120K)->4885K(5120K)
[361.330s][info][gc             ] GC(96) Pause Young (Allocation Failure) 5629M->3375M(7296M) 98.365ms
[361.330s][info][gc,cpu         ] GC(96) User=0.58s Sys=0.00s Real=0.10s
.[362.913s][info][gc,start       ] GC(97) Pause Young (Allocation Failure)
[363.010s][info][gc,heap        ] GC(97) PSYoungGen: 2566848K(2603520K)->142976K(2600960K) Eden: 2418688K(2418688K)->0K(2418688K) From: 148160K(184832K)->142976K(182272K)
[363.010s][info][gc,heap        ] GC(97) ParOldGen: 3308854K(4868096K)->3401766K(4868096K)
[363.010s][info][gc,metaspace   ] GC(97) Metaspace: 28867K(29248K)->28867K(29248K) NonClass: 23982K(24128K)->23982K(24128K) Class: 4885K(5120K)->4885K(5120K)
[363.010s][info][gc             ] GC(97) Pause Young (Allocation Failure) 5737M->3461M(7294M) 97.068ms
[363.010s][info][gc,cpu         ] GC(97) User=0.57s Sys=0.00s Real=0.10s
..[364.692s][info][gc,start       ] GC(98) Pause Young (Allocation Failure)
[364.795s][info][gc,heap        ] GC(98) PSYoungGen: 2561664K(2600960K)->150324K(2608640K) Eden: 2418688K(2418688K)->0K(2429952K) From: 142976K(182272K)->150324K(178688K)
[364.795s][info][gc,heap        ] GC(98) ParOldGen: 3401766K(4868096K)->3493318K(4868096K)
[364.795s][info][gc,metaspace   ] GC(98) Metaspace: 28875K(29248K)->28875K(29248K) NonClass: 23990K(24128K)->23990K(24128K) Class: 4885K(5120K)->4885K(5120K)
[364.795s][info][gc             ] GC(98) Pause Young (Allocation Failure) 5823M->3558M(7301M) 102.414ms
[364.795s][info][gc,cpu         ] GC(98) User=0.60s Sys=0.00s Real=0.11s
..[366.465s][info][gc,start       ] GC(99) Pause Young (Allocation Failure)
[366.566s][info][gc,heap        ] GC(99) PSYoungGen: 2580276K(2608640K)->153620K(2607616K) Eden: 2429952K(2429952K)->0K(2429952K) From: 150324K(178688K)->153620K(177664K)
[366.566s][info][gc,heap        ] GC(99) ParOldGen: 3493318K(4868096K)->3582438K(4868096K)
[366.566s][info][gc,metaspace   ] GC(99) Metaspace: 28875K(29248K)->28875K(29248K) NonClass: 23990K(24128K)->23990K(24128K) Class: 4885K(5120K)->4885K(5120K)
[366.566s][info][gc             ] GC(99) Pause Young (Allocation Failure) 5931M->3648M(7300M) 101.517ms
[366.566s][info][gc,cpu         ] GC(99) User=0.61s Sys=0.00s Real=0.10s
.[368.138s][info][gc,start       ] GC(100) Pause Young (Allocation Failure)
[368.249s][info][gc,heap        ] GC(100) PSYoungGen: 2583572K(2607616K)->153487K(2617344K) Eden: 2429952K(2429952K)->0K(2439680K) From: 153620K(177664K)->153487K(177664K)
[368.249s][info][gc,heap        ] GC(100) ParOldGen: 3582438K(4868096K)->3678990K(4868096K)
[368.249s][info][gc,metaspace   ] GC(100) Metaspace: 28875K(29248K)->28875K(29248K) NonClass: 23990K(24128K)->23990K(24128K) Class: 4885K(5120K)->4885K(5120K)
[368.249s][info][gc             ] GC(100) Pause Young (Allocation Failure) 6021M->3742M(7310M) 110.294ms
[368.249s][info][gc,cpu         ] GC(100) User=0.63s Sys=0.02s Real=0.11s
..[369.891s][info][gc,start       ] GC(101) Pause Young (Allocation Failure)
[369.995s][info][gc,heap        ] GC(101) PSYoungGen: 2593167K(2617344K)->156245K(2617344K) Eden: 2439680K(2439680K)->0K(2439680K) From: 153487K(177664K)->156245K(177664K)
[369.995s][info][gc,heap        ] GC(101) ParOldGen: 3678990K(4868096K)->3766254K(4868096K)
[369.995s][info][gc,metaspace   ] GC(101) Metaspace: 28875K(29248K)->28875K(29248K) NonClass: 23990K(24128K)->23990K(24128K) Class: 4885K(5120K)->4885K(5120K)
[369.995s][info][gc             ] GC(101) Pause Young (Allocation Failure) 6125M->3830M(7310M) 103.489ms
[369.995s][info][gc,cpu         ] GC(101) User=0.60s Sys=0.01s Real=0.11s
..[371.644s][info][gc,start       ] GC(102) Pause Young (Allocation Failure)
[371.741s][info][gc,heap        ] GC(102) PSYoungGen: 2595925K(2617344K)->137536K(2615808K) Eden: 2439680K(2439680K)->0K(2440192K) From: 156245K(177664K)->137536K(175616K)
[371.741s][info][gc,heap        ] GC(102) ParOldGen: 3766254K(4868096K)->3863078K(4868096K)
[371.741s][info][gc,metaspace   ] GC(102) Metaspace: 28876K(29248K)->28876K(29248K) NonClass: 23991K(24128K)->23991K(24128K) Class: 4885K(5120K)->4885K(5120K)
[371.741s][info][gc             ] GC(102) Pause Young (Allocation Failure) 6213M->3906M(7308M) 96.873ms
[371.741s][info][gc,cpu         ] GC(102) User=0.57s Sys=0.00s Real=0.09s
..[373.397s][info][gc,start       ] GC(103) Pause Young (Allocation Failure)
[373.503s][info][gc,heap        ] GC(103) PSYoungGen: 2577728K(2615808K)->160888K(2616832K) Eden: 2440192K(2440192K)->0K(2440192K) From: 137536K(175616K)->160888K(176640K)
[373.503s][info][gc,heap        ] GC(103) ParOldGen: 3863078K(4868096K)->3954534K(4868096K)
[373.503s][info][gc,metaspace   ] GC(103) Metaspace: 28876K(29248K)->28876K(29248K) NonClass: 23991K(24128K)->23991K(24128K) Class: 4885K(5120K)->4885K(5120K)
[373.503s][info][gc             ] GC(103) Pause Young (Allocation Failure) 6289M->4018M(7309M) 106.246ms
[373.503s][info][gc,cpu         ] GC(103) User=0.62s Sys=0.00s Real=0.10s
.[375.191s][info][gc,start       ] GC(104) Pause Young (Allocation Failure)
[375.296s][info][gc,heap        ] GC(104) PSYoungGen: 2601080K(2616832K)->157448K(2615808K) Eden: 2440192K(2440192K)->0K(2436608K) From: 160888K(176640K)->157448K(179200K)
[375.297s][info][gc,heap        ] GC(104) ParOldGen: 3954534K(4868096K)->4045390K(4868096K)
[375.297s][info][gc,metaspace   ] GC(104) Metaspace: 28880K(29248K)->28880K(29248K) NonClass: 23995K(24128K)->23995K(24128K) Class: 4885K(5120K)->4885K(5120K)
[375.297s][info][gc             ] GC(104) Pause Young (Allocation Failure) 6401M->4104M(7308M) 105.201ms
[375.297s][info][gc,cpu         ] GC(104) User=0.62s Sys=0.00s Real=0.11s
..[376.923s][info][gc,start       ] GC(105) Pause Young (Allocation Failure)
[377.026s][info][gc,heap        ] GC(105) PSYoungGen: 2594056K(2615808K)->149370K(2586112K) Eden: 2436608K(2436608K)->0K(2436608K) From: 157448K(179200K)->149370K(149504K)
[377.026s][info][gc,heap        ] GC(105) ParOldGen: 4045390K(4868096K)->4139910K(4868096K)
[377.026s][info][gc,metaspace   ] GC(105) Metaspace: 28880K(29248K)->28880K(29248K) NonClass: 23995K(24128K)->23995K(24128K) Class: 4885K(5120K)->4885K(5120K)
[377.026s][info][gc             ] GC(105) Pause Young (Allocation Failure) 6483M->4188M(7279M) 103.632ms
[377.026s][info][gc,cpu         ] GC(105) User=0.61s Sys=0.00s Real=0.11s
..[378.749s][info][gc,start       ] GC(106) Pause Young (Allocation Failure)
[378.853s][info][gc,heap        ] GC(106) PSYoungGen: 2585978K(2586112K)->151588K(2615296K) Eden: 2436608K(2436608K)->0K(2438656K) From: 149370K(149504K)->151588K(176640K)
[378.853s][info][gc,heap        ] GC(106) ParOldGen: 4139910K(4868096K)->4231838K(4868096K)
[378.853s][info][gc,metaspace   ] GC(106) Metaspace: 28880K(29248K)->28880K(29248K) NonClass: 23995K(24128K)->23995K(24128K) Class: 4885K(5120K)->4885K(5120K)
[378.853s][info][gc             ] GC(106) Pause Young (Allocation Failure) 6568M->4280M(7308M) 103.888ms
[378.853s][info][gc,cpu         ] GC(106) User=0.61s Sys=0.00s Real=0.10s
.. (rIR:aIR:PR = 11548:11693:11692) (tPR = 174055) [OK] 
   380s: Performing snapshot: (quiescence.....) (stop TxI) (stop BE) (saving... [385.531s][info][gc,start       ] GC(107) Pause Young (Allocation Failure)
[385.627s][info][gc,heap        ] GC(107) PSYoungGen: 2590244K(2615296K)->144240K(2613760K) Eden: 2438656K(2438656K)->0K(2438656K) From: 151588K(176640K)->144240K(175104K)
[385.627s][info][gc,heap        ] GC(107) ParOldGen: 4231838K(4868096K)->4324390K(4868096K)
[385.627s][info][gc,metaspace   ] GC(107) Metaspace: 28880K(29248K)->28880K(29248K) NonClass: 23995K(24128K)->23995K(24128K) Class: 4885K(5120K)->4885K(5120K)
[385.627s][info][gc             ] GC(107) Pause Young (Allocation Failure) 6662M->4363M(7306M) 96.613ms
[385.627s][info][gc,cpu         ] GC(107) User=0.57s Sys=0.00s Real=0.10s
224381 Kb) (term) [390.383s][info][gc,start       ] GC(108) Pause Full (System.gc())
[390.383s][info][gc,phases,start] GC(108) Marking Phase
[390.404s][info][gc,phases      ] GC(108) Marking Phase 21.755ms
[390.404s][info][gc,phases,start] GC(108) Summary Phase
[390.405s][info][gc,phases      ] GC(108) Summary Phase 0.064ms
[390.405s][info][gc,phases,start] GC(108) Forward
[390.410s][info][gc,phases      ] GC(108) Forward 5.311ms
[390.410s][info][gc,phases,start] GC(108) Adjust Pointers
[390.426s][info][gc,phases      ] GC(108) Adjust Pointers 16.238ms
[390.426s][info][gc,phases,start] GC(108) Compaction Phase
[390.458s][info][gc,phases      ] GC(108) Compaction Phase 31.562ms
[390.458s][info][gc,phases,start] GC(108) Post Compact
[390.463s][info][gc,phases      ] GC(108) Post Compact 5.115ms
[390.463s][info][gc,heap        ] GC(108) PSYoungGen: 1710759K(2613760K)->0K(2613760K) Eden: 1566518K(2438656K)->0K(2438656K) From: 144240K(175104K)->0K(175104K)
[390.463s][info][gc,heap        ] GC(108) ParOldGen: 4324390K(4868096K)->311688K(4868096K)
[390.463s][info][gc,metaspace   ] GC(108) Metaspace: 28889K(29248K)->28889K(29248K) NonClass: 24004K(24128K)->24004K(24128K) Class: 4885K(5120K)->4885K(5120K)
[390.463s][info][gc             ] GC(108) Pause Full (System.gc()) 5893M->304M(7306M) 80.365ms
[390.463s][info][gc,cpu         ] GC(108) User=0.41s Sys=0.00s Real=0.08s
(init[392.453s][info][gc,start       ] GC(109) Pause Young (Allocation Failure)
[392.715s][info][gc,heap        ] GC(109) PSYoungGen: 2438656K(2613760K)->173558K(2330624K) Eden: 2438656K(2438656K)->0K(2157056K) From: 0K(175104K)->173558K(173568K)
[392.715s][info][gc,heap        ] GC(109) ParOldGen: 311688K(4868096K)->688215K(4868096K)
[392.715s][info][gc,metaspace   ] GC(109) Metaspace: 28894K(29248K)->28894K(29248K) NonClass: 24009K(24128K)->24009K(24128K) Class: 4885K(5120K)->4885K(5120K)
[392.715s][info][gc             ] GC(109) Pause Young (Allocation Failure) 2685M->841M(7030M) 262.853ms
[392.715s][info][gc,cpu         ] GC(109) User=1.55s Sys=0.02s Real=0.27s
) ...
   396s:       rampup IR =      0 ... (rIR:aIR:PR = 0:0:0) (tPR = 0) [OK] 
   399s:       rampup IR =   1155 ..[402.840s][info][gc,start       ] GC(110) Pause Young (Allocation Failure)
[403.128s][info][gc,heap        ] GC(110) PSYoungGen: 2330614K(2330624K)->319470K(2476544K) Eden: 2157056K(2157056K)->0K(2157056K) From: 173558K(173568K)->319470K(319488K)
[403.128s][info][gc,heap        ] GC(110) ParOldGen: 688215K(4868096K)->1180705K(4868096K)
[403.128s][info][gc,metaspace   ] GC(110) Metaspace: 28916K(29248K)->28916K(29248K) NonClass: 24028K(24128K)->24028K(24128K) Class: 4887K(5120K)->4887K(5120K)
[403.128s][info][gc             ] GC(110) Pause Young (Allocation Failure) 2948M->1465M(7172M) 287.587ms
[403.128s][info][gc,cpu         ] GC(110) User=1.71s Sys=0.00s Real=0.29s
.... (rIR:aIR:PR = 1155:1145:1145) (tPR = 17048) [OK] 
   405s:       rampup IR =   2310 .... (rIR:aIR:PR = 2310:2333:2333) (tPR = 35621) [OK] 
   409s:       rampup IR =   3464 .[411.503s][info][gc,start       ] GC(111) Pause Young (Allocation Failure)
[411.646s][info][gc,heap        ] GC(111) PSYoungGen: 2476526K(2476544K)->128400K(2056704K) Eden: 2157056K(2157056K)->0K(1737216K) From: 319470K(319488K)->128400K(319488K)
[411.646s][info][gc,heap        ] GC(111) ParOldGen: 1180705K(4868096K)->1437935K(4868096K)
[411.646s][info][gc,metaspace   ] GC(111) Metaspace: 28920K(29248K)->28920K(29248K) NonClass: 24033K(24128K)->24033K(24128K) Class: 4887K(5120K)->4887K(5120K)
[411.646s][info][gc             ] GC(111) Pause Young (Allocation Failure) 3571M->1529M(6762M) 143.161ms
[411.646s][info][gc,cpu         ] GC(111) User=0.85s Sys=0.00s Real=0.14s
... (rIR:aIR:PR = 3464:3488:3488) (tPR = 51764) [OK] 
   413s:       rampup IR =   4619 .[415.240s][info][gc,start       ] GC(112) Pause Young (Allocation Failure)
[415.326s][info][gc,heap        ] GC(112) PSYoungGen: 1865616K(2056704K)->109248K(2266624K) Eden: 1737216K(1737216K)->0K(1737216K) From: 128400K(319488K)->109248K(529408K)
[415.326s][info][gc,heap        ] GC(112) ParOldGen: 1437935K(4868096K)->1534391K(4868096K)
[415.326s][info][gc,metaspace   ] GC(112) Metaspace: 28923K(29248K)->28923K(29248K) NonClass: 24036K(24128K)->24036K(24128K) Class: 4887K(5120K)->4887K(5120K)
[415.326s][info][gc             ] GC(112) Pause Young (Allocation Failure) 3226M->1605M(6967M) 86.218ms
[415.327s][info][gc,cpu         ] GC(112) User=0.52s Sys=0.00s Real=0.09s
... (rIR:aIR:PR = 4619:4640:4640) (tPR = 68903) [OK] 
   417s:       rampup IR =   5774 [418.340s][info][gc,start       ] GC(113) Pause Young (Allocation Failure)
[418.417s][info][gc,heap        ] GC(113) PSYoungGen: 1846464K(2266624K)->108884K(2240000K) Eden: 1737216K(1737216K)->0K(1744384K) From: 109248K(529408K)->108884K(495616K)
[418.417s][info][gc,heap        ] GC(113) ParOldGen: 1534391K(4868096K)->1613800K(4868096K)
[418.417s][info][gc,metaspace   ] GC(113) Metaspace: 28923K(29248K)->28923K(29248K) NonClass: 24036K(24128K)->24036K(24128K) Class: 4887K(5120K)->4887K(5120K)
[418.417s][info][gc             ] GC(113) Pause Young (Allocation Failure) 3301M->1682M(6941M) 77.606ms
[418.417s][info][gc,cpu         ] GC(113) User=0.46s Sys=0.00s Real=0.08s
..[420.812s][info][gc,start       ] GC(114) Pause Young (Allocation Failure)
[420.891s][info][gc,heap        ] GC(114) PSYoungGen: 1853268K(2240000K)->112848K(2256896K) Eden: 1744384K(1744384K)->0K(1744384K) From: 108884K(495616K)->112848K(512512K)
[420.891s][info][gc,heap        ] GC(114) ParOldGen: 1613800K(4868096K)->1693648K(4868096K)
[420.891s][info][gc,metaspace   ] GC(114) Metaspace: 28925K(29248K)->28925K(29248K) NonClass: 24038K(24128K)->24038K(24128K) Class: 4887K(5120K)->4887K(5120K)
[420.891s][info][gc             ] GC(114) Pause Young (Allocation Failure) 3385M->1764M(6958M) 78.477ms
[420.891s][info][gc,cpu         ] GC(114) User=0.47s Sys=0.00s Real=0.08s
.. (rIR:aIR:PR = 5774:5735:5740) (tPR = 86236) [OK] 
   421s:       rampup IR =   6929 [423.152s][info][gc,start       ] GC(115) Pause Young (Allocation Failure)
[423.227s][info][gc,heap        ] GC(115) PSYoungGen: 1857232K(2256896K)->106944K(2253824K) Eden: 1744384K(1744384K)->0K(1783808K) From: 112848K(512512K)->106944K(470016K)
[423.227s][info][gc,heap        ] GC(115) ParOldGen: 1693648K(4868096K)->1772264K(4868096K)
[423.227s][info][gc,metaspace   ] GC(115) Metaspace: 28929K(29312K)->28929K(29312K) NonClass: 24042K(24192K)->24042K(24192K) Class: 4887K(5120K)->4887K(5120K)
[423.227s][info][gc             ] GC(115) Pause Young (Allocation Failure) 3467M->1835M(6955M) 74.887ms
[423.227s][info][gc,cpu         ] GC(115) User=0.44s Sys=0.00s Real=0.08s
...[425.291s][info][gc,start       ] GC(116) Pause Young (Allocation Failure)
[425.370s][info][gc,heap        ] GC(116) PSYoungGen: 1890752K(2253824K)->113327K(2270720K) Eden: 1783808K(1783808K)->0K(1783808K) From: 106944K(470016K)->113327K(486912K)
[425.370s][info][gc,heap        ] GC(116) ParOldGen: 1772264K(4868096K)->1849853K(4868096K)
[425.370s][info][gc,metaspace   ] GC(116) Metaspace: 28930K(29312K)->28930K(29312K) NonClass: 24043K(24192K)->24043K(24192K) Class: 4887K(5120K)->4887K(5120K)
[425.370s][info][gc             ] GC(116) Pause Young (Allocation Failure) 3577M->1917M(6971M) 79.160ms
[425.370s][info][gc,cpu         ] GC(116) User=0.47s Sys=0.00s Real=0.08s
. (rIR:aIR:PR = 6929:7136:7150) (tPR = 104985) [OK] 
   426s:       rampup IR =   8084 .[427.309s][info][gc,start       ] GC(117) Pause Young (Allocation Failure)
[427.388s][info][gc,heap        ] GC(117) PSYoungGen: 1897135K(2270720K)->115872K(2273792K) Eden: 1783808K(1783808K)->0K(1837568K) From: 113327K(486912K)->115872K(436224K)
[427.388s][info][gc,heap        ] GC(117) ParOldGen: 1849853K(4868096K)->1929269K(4868096K)
[427.388s][info][gc,metaspace   ] GC(117) Metaspace: 28930K(29312K)->28930K(29312K) NonClass: 24043K(24192K)->24043K(24192K) Class: 4887K(5120K)->4887K(5120K)
[427.388s][info][gc             ] GC(117) Pause Young (Allocation Failure) 3659M->1997M(6974M) 79.518ms
[427.388s][info][gc,cpu         ] GC(117) User=0.48s Sys=0.01s Real=0.08s
.[429.134s][info][gc,start       ] GC(118) Pause Young (Allocation Failure)
[429.209s][info][gc,heap        ] GC(118) PSYoungGen: 1953440K(2273792K)->106416K(2292224K) Eden: 1837568K(1837568K)->0K(1837568K) From: 115872K(436224K)->106416K(454656K)
[429.209s][info][gc,heap        ] GC(118) ParOldGen: 1929269K(4868096K)->2008797K(4868096K)
[429.209s][info][gc,metaspace   ] GC(118) Metaspace: 28930K(29312K)->28930K(29312K) NonClass: 24043K(24192K)->24043K(24192K) Class: 4887K(5120K)->4887K(5120K)
[429.209s][info][gc             ] GC(118) Pause Young (Allocation Failure) 3791M->2065M(6992M) 75.281ms
[429.209s][info][gc,cpu         ] GC(118) User=0.44s Sys=0.00s Real=0.07s
.. (rIR:aIR:PR = 8084:7930:7930) (tPR = 118691) [OK] 
   430s:       rampup IR =   9238 [430.982s][info][gc,start       ] GC(119) Pause Young (Allocation Failure)
[431.065s][info][gc,heap        ] GC(119) PSYoungGen: 1943984K(2292224K)->119764K(2301952K) Eden: 1837568K(1837568K)->0K(1901568K) From: 106416K(454656K)->119764K(400384K)
[431.065s][info][gc,heap        ] GC(119) ParOldGen: 2008797K(4868096K)->2085869K(4868096K)
[431.065s][info][gc,metaspace   ] GC(119) Metaspace: 28930K(29312K)->28930K(29312K) NonClass: 24043K(24192K)->24043K(24192K) Class: 4887K(5120K)->4887K(5120K)
[431.065s][info][gc             ] GC(119) Pause Young (Allocation Failure) 3860M->2153M(7002M) 82.562ms
[431.065s][info][gc,cpu         ] GC(119) User=0.49s Sys=0.00s Real=0.09s
..[432.640s][info][gc,start       ] GC(120) Pause Young (Allocation Failure)
[432.728s][info][gc,heap        ] GC(120) PSYoungGen: 2021332K(2301952K)->130681K(2323456K) Eden: 1901568K(1901568K)->0K(1901568K) From: 119764K(400384K)->130681K(421888K)
[432.728s][info][gc,heap        ] GC(120) ParOldGen: 2085869K(4868096K)->2167173K(4868096K)
[432.728s][info][gc,metaspace   ] GC(120) Metaspace: 28931K(29312K)->28931K(29312K) NonClass: 24044K(24192K)->24044K(24192K) Class: 4887K(5120K)->4887K(5120K)
[432.728s][info][gc             ] GC(120) Pause Young (Allocation Failure) 4010M->2243M(7023M) 88.030ms
[432.728s][info][gc,cpu         ] GC(120) User=0.53s Sys=0.00s Real=0.09s
..[434.325s][info][gc,start       ] GC(121) Pause Young (Allocation Failure)
[434.411s][info][gc,heap        ] GC(121) PSYoungGen: 2032249K(2323456K)->123968K(2337280K) Eden: 1901568K(1901568K)->0K(1971712K) From: 130681K(421888K)->123968K(365568K)
[434.411s][info][gc,heap        ] GC(121) ParOldGen: 2167173K(4868096K)->2248829K(4868096K)
[434.411s][info][gc,metaspace   ] GC(121) Metaspace: 28931K(29312K)->28931K(29312K) NonClass: 24044K(24192K)->24044K(24192K) Class: 4887K(5120K)->4887K(5120K)
[434.411s][info][gc             ] GC(121) Pause Young (Allocation Failure) 4100M->2317M(7036M) 85.972ms
[434.411s][info][gc,cpu         ] GC(121) User=0.51s Sys=0.00s Real=0.08s
.[436.034s][info][gc,start       ] GC(122) Pause Young (Allocation Failure)
[436.118s][info][gc,heap        ] GC(122) PSYoungGen: 2095680K(2337280K)->121504K(2356736K) Eden: 1971712K(1971712K)->0K(1971712K) From: 123968K(365568K)->121504K(385024K)
[436.118s][info][gc,heap        ] GC(122) ParOldGen: 2248829K(4868096K)->2332741K(4868096K)
[436.118s][info][gc,metaspace   ] GC(122) Metaspace: 28931K(29312K)->28931K(29312K) NonClass: 24044K(24192K)->24044K(24192K) Class: 4887K(5120K)->4887K(5120K)
[436.118s][info][gc             ] GC(122) Pause Young (Allocation Failure) 4242M->2396M(7055M) 84.376ms
[436.118s][info][gc,cpu         ] GC(122) User=0.50s Sys=0.00s Real=0.08s
.. (rIR:aIR:PR = 9238:9633:9633) (tPR = 141092) [OK] 
   437s:       rampup IR =  10393 [437.712s][info][gc,start       ] GC(123) Pause Young (Allocation Failure)
[437.803s][info][gc,heap        ] GC(123) PSYoungGen: 2093216K(2356736K)->133465K(2371584K) Eden: 1971712K(1971712K)->0K(2041856K) From: 121504K(385024K)->133465K(329728K)
[437.803s][info][gc,heap        ] GC(123) ParOldGen: 2332741K(4868096K)->2414565K(4868096K)
[437.803s][info][gc,metaspace   ] GC(123) Metaspace: 28932K(29312K)->28932K(29312K) NonClass: 24045K(24192K)->24045K(24192K) Class: 4887K(5120K)->4887K(5120K)
[437.803s][info][gc             ] GC(123) Pause Young (Allocation Failure) 4322M->2488M(7070M) 90.263ms
[437.803s][info][gc,cpu         ] GC(123) User=0.53s Sys=0.00s Real=0.09s
..[439.437s][info][gc,start       ] GC(124) Pause Young (Allocation Failure)
[439.530s][info][gc,heap        ] GC(124) PSYoungGen: 2175321K(2371584K)->138365K(2393088K) Eden: 2041856K(2041856K)->0K(2041856K) From: 133465K(329728K)->138365K(351232K)
[439.530s][info][gc,heap        ] GC(124) ParOldGen: 2414565K(4868096K)->2498017K(4868096K)
[439.530s][info][gc,metaspace   ] GC(124) Metaspace: 28933K(29312K)->28933K(29312K) NonClass: 24046K(24192K)->24046K(24192K) Class: 4887K(5120K)->4887K(5120K)
[439.530s][info][gc             ] GC(124) Pause Young (Allocation Failure) 4482M->2574M(7091M) 93.432ms
[439.530s][info][gc,cpu         ] GC(124) User=0.55s Sys=0.00s Real=0.09s
.[440.968s][info][gc,start       ] GC(125) Pause Young (Allocation Failure)
[441.055s][info][gc,heap        ] GC(125) PSYoungGen: 2180221K(2393088K)->124037K(2412544K) Eden: 2041856K(2041856K)->0K(2110464K) From: 138365K(351232K)->124037K(302080K)
[441.055s][info][gc,heap        ] GC(125) ParOldGen: 2498017K(4868096K)->2583281K(4868096K)
[441.055s][info][gc,metaspace   ] GC(125) Metaspace: 28933K(29312K)->28933K(29312K) NonClass: 24046K(24192K)->24046K(24192K) Class: 4887K(5120K)->4887K(5120K)
[441.055s][info][gc             ] GC(125) Pause Young (Allocation Failure) 4568M->2643M(7110M) 86.948ms
[441.055s][info][gc,cpu         ] GC(125) User=0.51s Sys=0.00s Real=0.09s
.. (rIR:aIR:PR = 10393:10178:10179) (tPR = 152983) [OK] 
   442s:       rampup IR =  11548 [442.696s][info][gc,start       ] GC(126) Pause Young (Allocation Failure)
[442.785s][info][gc,heap        ] GC(126) PSYoungGen: 2234501K(2412544K)->135472K(2430976K) Eden: 2110464K(2110464K)->0K(2110464K) From: 124037K(302080K)->135472K(320512K)
[442.785s][info][gc,heap        ] GC(126) ParOldGen: 2583281K(4868096K)->2664425K(4868096K)
[442.785s][info][gc,metaspace   ] GC(126) Metaspace: 28941K(29312K)->28941K(29312K) NonClass: 24054K(24192K)->24054K(24192K) Class: 4887K(5120K)->4887K(5120K)
[442.785s][info][gc             ] GC(126) Pause Young (Allocation Failure) 4704M->2734M(7128M) 88.868ms
[442.785s][info][gc,cpu         ] GC(126) User=0.53s Sys=0.00s Real=0.09s
.[444.173s][info][gc,start       ] GC(127) Pause Young (Allocation Failure)
[444.264s][info][gc,heap        ] GC(127) PSYoungGen: 2245936K(2430976K)->132000K(2445312K) Eden: 2110464K(2110464K)->0K(2169856K) From: 135472K(320512K)->132000K(275456K)
[444.264s][info][gc,heap        ] GC(127) ParOldGen: 2664425K(4868096K)->2750941K(4868096K)
[444.264s][info][gc,metaspace   ] GC(127) Metaspace: 28941K(29312K)->28941K(29312K) NonClass: 24054K(24192K)->24054K(24192K) Class: 4887K(5120K)->4887K(5120K)
[444.264s][info][gc             ] GC(127) Pause Young (Allocation Failure) 4795M->2815M(7142M) 91.069ms
[444.264s][info][gc,cpu         ] GC(127) User=0.54s Sys=0.00s Real=0.10s
..[445.681s][info][gc,start       ] GC(128) Pause Young (Allocation Failure)
[445.778s][info][gc,heap        ] GC(128) PSYoungGen: 2301856K(2445312K)->141688K(2462208K) Eden: 2169856K(2169856K)->0K(2169856K) From: 132000K(275456K)->141688K(292352K)
[445.778s][info][gc,heap        ] GC(128) ParOldGen: 2750941K(4868096K)->2837201K(4868096K)
[445.778s][info][gc,metaspace   ] GC(128) Metaspace: 28941K(29312K)->28941K(29312K) NonClass: 24054K(24192K)->24054K(24192K) Class: 4887K(5120K)->4887K(5120K)
[445.778s][info][gc             ] GC(128) Pause Young (Allocation Failure) 4934M->2909M(7158M) 97.052ms
[445.778s][info][gc,cpu         ] GC(128) User=0.57s Sys=0.00s Real=0.10s
. (rIR:aIR:PR = 11548:11848:11826) (tPR = 176115) [OK] 
   446s:       trying IR =  11648 [447.283s][info][gc,start       ] GC(129) Pause Young (Allocation Failure)
[447.375s][info][gc,heap        ] GC(129) PSYoungGen: 2311544K(2462208K)->133184K(2479104K) Eden: 2169856K(2169856K)->0K(2225152K) From: 141688K(292352K)->133184K(253952K)
[447.375s][info][gc,heap        ] GC(129) ParOldGen: 2837201K(4868096K)->2925725K(4868096K)
[447.375s][info][gc,metaspace   ] GC(129) Metaspace: 28941K(29312K)->28941K(29312K) NonClass: 24054K(24192K)->24054K(24192K) Class: 4887K(5120K)->4887K(5120K)
[447.375s][info][gc             ] GC(129) Pause Young (Allocation Failure) 5028M->2987M(7175M) 91.849ms
[447.375s][info][gc,cpu         ] GC(129) User=0.55s Sys=0.00s Real=0.10s
..[448.960s][info][gc,start       ] GC(130) Pause Young (Allocation Failure)
[449.052s][info][gc,heap        ] GC(130) PSYoungGen: 2358336K(2479104K)->132624K(2492928K) Eden: 2225152K(2225152K)->0K(2225152K) From: 133184K(253952K)->132624K(267776K)
[449.052s][info][gc,heap        ] GC(130) ParOldGen: 2925725K(4868096K)->3013077K(4868096K)
[449.052s][info][gc,metaspace   ] GC(130) Metaspace: 28941K(29312K)->28941K(29312K) NonClass: 24054K(24192K)->24054K(24192K) Class: 4887K(5120K)->4887K(5120K)
[449.052s][info][gc             ] GC(130) Pause Young (Allocation Failure) 5160M->3071M(7188M) 91.434ms
[449.052s][info][gc,cpu         ] GC(130) User=0.54s Sys=0.01s Real=0.09s
.. (rIR:aIR:PR = 11648:11498:11552) (tPR = 171407) [OK] 
   450s:       trying IR =  11668 [450.601s][info][gc,start       ] GC(131) Pause Young (Allocation Failure)
[450.698s][info][gc,heap        ] GC(131) PSYoungGen: 2357776K(2492928K)->143440K(2502656K) Eden: 2225152K(2225152K)->0K(2271232K) From: 132624K(267776K)->143440K(231424K)
[450.698s][info][gc,heap        ] GC(131) ParOldGen: 3013077K(4868096K)->3102021K(4868096K)
[450.698s][info][gc,metaspace   ] GC(131) Metaspace: 28941K(29312K)->28941K(29312K) NonClass: 24054K(24192K)->24054K(24192K) Class: 4887K(5120K)->4887K(5120K)
[450.698s][info][gc             ] GC(131) Pause Young (Allocation Failure) 5244M->3169M(7198M) 97.220ms
[450.698s][info][gc,cpu         ] GC(131) User=0.58s Sys=0.00s Real=0.10s
.[452.243s][info][gc,start       ] GC(132) Pause Young (Allocation Failure)
[452.337s][info][gc,heap        ] GC(132) PSYoungGen: 2414672K(2502656K)->136352K(2516992K) Eden: 2271232K(2271232K)->0K(2271232K) From: 143440K(231424K)->136352K(245760K)
[452.337s][info][gc,heap        ] GC(132) ParOldGen: 3102021K(4868096K)->3188645K(4868096K)
[452.337s][info][gc,metaspace   ] GC(132) Metaspace: 28941K(29312K)->28941K(29312K) NonClass: 24054K(24192K)->24054K(24192K) Class: 4887K(5120K)->4887K(5120K)
[452.337s][info][gc             ] GC(132) Pause Young (Allocation Failure) 5387M->3247M(7212M) 94.088ms
[452.337s][info][gc,cpu         ] GC(132) User=0.56s Sys=0.00s Real=0.10s
..[453.918s][info][gc,start       ] GC(133) Pause Young (Allocation Failure)
[454.008s][info][gc,heap        ] GC(133) PSYoungGen: 2407584K(2516992K)->130112K(2529280K) Eden: 2271232K(2271232K)->0K(2313216K) From: 136352K(245760K)->130112K(216064K)
[454.008s][info][gc,heap        ] GC(133) ParOldGen: 3188645K(4868096K)->3277357K(4868096K)
[454.008s][info][gc,metaspace   ] GC(133) Metaspace: 28941K(29312K)->28941K(29312K) NonClass: 24054K(24192K)->24054K(24192K) Class: 4887K(5120K)->4887K(5120K)
[454.008s][info][gc             ] GC(133) Pause Young (Allocation Failure) 5465M->3327M(7224M) 90.131ms
[454.008s][info][gc,cpu         ] GC(133) User=0.53s Sys=0.00s Real=0.09s
.. (rIR:aIR:PR = 11668:11388:11388) (tPR = 171757) [OK] 
   455s:       trying IR =  11692 [455.638s][info][gc,start       ] GC(134) Pause Young (Allocation Failure)
[455.737s][info][gc,heap        ] GC(134) PSYoungGen: 2443328K(2529280K)->148677K(2542592K) Eden: 2313216K(2313216K)->0K(2313216K) From: 130112K(216064K)->148677K(229376K)
[455.737s][info][gc,heap        ] GC(134) ParOldGen: 3277357K(4868096K)->3365949K(4868096K)
[455.737s][info][gc,metaspace   ] GC(134) Metaspace: 28942K(29312K)->28942K(29312K) NonClass: 24055K(24192K)->24055K(24192K) Class: 4887K(5120K)->4887K(5120K)
[455.737s][info][gc             ] GC(134) Pause Young (Allocation Failure) 5586M->3432M(7237M) 98.886ms
[455.737s][info][gc,cpu         ] GC(134) User=0.59s Sys=0.00s Real=0.10s
.[457.270s][info][gc,start       ] GC(135) Pause Young (Allocation Failure)
[457.370s][info][gc,heap        ] GC(135) PSYoungGen: 2461893K(2542592K)->144729K(2546688K) Eden: 2313216K(2313216K)->0K(2342912K) From: 148677K(229376K)->144729K(203776K)
[457.370s][info][gc,heap        ] GC(135) ParOldGen: 3365949K(4868096K)->3458221K(4868096K)
[457.370s][info][gc,metaspace   ] GC(135) Metaspace: 28942K(29312K)->28942K(29312K) NonClass: 24055K(24192K)->24055K(24192K) Class: 4887K(5120K)->4887K(5120K)
[457.370s][info][gc             ] GC(135) Pause Young (Allocation Failure) 5691M->3518M(7241M) 100.051ms
[457.370s][info][gc,cpu         ] GC(135) User=0.60s Sys=0.00s Real=0.10s
..[459.054s][info][gc,start       ] GC(136) Pause Young (Allocation Failure)
[459.149s][info][gc,heap        ] GC(136) PSYoungGen: 2487641K(2546688K)->138228K(2559488K) Eden: 2342912K(2342912K)->0K(2342912K) From: 144729K(203776K)->138228K(216576K)
[459.149s][info][gc,heap        ] GC(136) ParOldGen: 3458221K(4868096K)->3546581K(4868096K)
[459.149s][info][gc,metaspace   ] GC(136) Metaspace: 28942K(29312K)->28942K(29312K) NonClass: 24055K(24192K)->24055K(24192K) Class: 4887K(5120K)->4887K(5120K)
[459.149s][info][gc             ] GC(136) Pause Young (Allocation Failure) 5806M->3598M(7253M) 95.814ms
[459.149s][info][gc,cpu         ] GC(136) User=0.56s Sys=0.01s Real=0.09s
.. (rIR:aIR:PR = 11692:11217:11217) (tPR = 168550) [OK] 
   460s:       trying IR =  11721 [460.800s][info][gc,start       ] GC(137) Pause Young (Allocation Failure)
[460.899s][info][gc,heap        ] GC(137) PSYoungGen: 2481140K(2559488K)->148826K(2564096K) Eden: 2342912K(2342912K)->0K(2369536K) From: 138228K(216576K)->148826K(194560K)
[460.899s][info][gc,heap        ] GC(137) ParOldGen: 3546581K(4868096K)->3636541K(4868096K)
[460.899s][info][gc,metaspace   ] GC(137) Metaspace: 28942K(29312K)->28942K(29312K) NonClass: 24055K(24192K)->24055K(24192K) Class: 4887K(5120K)->4887K(5120K)
[460.899s][info][gc             ] GC(137) Pause Young (Allocation Failure) 5886M->3696M(7258M) 99.002ms
[460.899s][info][gc,cpu         ] GC(137) User=0.59s Sys=0.01s Real=0.10s
.[462.448s][info][gc,start       ] GC(138) Pause Young (Allocation Failure)
[462.544s][info][gc,heap        ] GC(138) PSYoungGen: 2518362K(2564096K)->143232K(2574848K) Eden: 2369536K(2369536K)->0K(2369536K) From: 148826K(194560K)->143232K(205312K)
[462.544s][info][gc,heap        ] GC(138) ParOldGen: 3636541K(4868096K)->3726909K(4868096K)
[462.544s][info][gc,metaspace   ] GC(138) Metaspace: 28942K(29312K)->28942K(29312K) NonClass: 24055K(24192K)->24055K(24192K) Class: 4887K(5120K)->4887K(5120K)
[462.544s][info][gc             ] GC(138) Pause Young (Allocation Failure) 6010M->3779M(7268M) 95.909ms
[462.544s][info][gc,cpu         ] GC(138) User=0.57s Sys=0.00s Real=0.10s
..[464.210s][info][gc,start       ] GC(139) Pause Young (Allocation Failure)
[464.309s][info][gc,heap        ] GC(139) PSYoungGen: 2512768K(2574848K)->143348K(2574336K) Eden: 2369536K(2369536K)->0K(2391040K) From: 143232K(205312K)->143348K(183296K)
[464.309s][info][gc,heap        ] GC(139) ParOldGen: 3726909K(4868096K)->3817629K(4868096K)
[464.309s][info][gc,metaspace   ] GC(139) Metaspace: 28942K(29312K)->28942K(29312K) NonClass: 24055K(24192K)->24055K(24192K) Class: 4887K(5120K)->4887K(5120K)
[464.309s][info][gc             ] GC(139) Pause Young (Allocation Failure) 6093M->3868M(7268M) 98.242ms
[464.309s][info][gc,cpu         ] GC(139) User=0.59s Sys=0.00s Real=0.10s
.. (rIR:aIR:PR = 11721:11457:11455) (tPR = 165857) [OK] 
   465s:       trying IR =  11755 [466.004s][info][gc,start       ] GC(140) Pause Young (Allocation Failure)
[466.102s][info][gc,heap        ] GC(140) PSYoungGen: 2534388K(2574336K)->142197K(2585088K) Eden: 2391040K(2391040K)->0K(2391040K) From: 143348K(183296K)->142197K(194048K)
[466.102s][info][gc,heap        ] GC(140) ParOldGen: 3817629K(4868096K)->3907973K(4868096K)
[466.102s][info][gc,metaspace   ] GC(140) Metaspace: 28945K(29376K)->28945K(29376K) NonClass: 24058K(24256K)->24058K(24256K) Class: 4887K(5120K)->4887K(5120K)
[466.102s][info][gc             ] GC(140) Pause Young (Allocation Failure) 6203M->3955M(7278M) 97.669ms
[466.102s][info][gc,cpu         ] GC(140) User=0.57s Sys=0.00s Real=0.09s
..[467.833s][info][gc,start       ] GC(141) Pause Young (Allocation Failure)
[467.943s][info][gc,heap        ] GC(141) PSYoungGen: 2533237K(2585088K)->154872K(2596864K) Eden: 2391040K(2391040K)->0K(2413056K) From: 142197K(194048K)->154872K(183808K)
[467.943s][info][gc,heap        ] GC(141) ParOldGen: 3907973K(4868096K)->4000365K(4868096K)
[467.943s][info][gc,metaspace   ] GC(141) Metaspace: 28945K(29376K)->28945K(29376K) NonClass: 24058K(24256K)->24058K(24256K) Class: 4887K(5120K)->4887K(5120K)
[467.943s][info][gc             ] GC(141) Pause Young (Allocation Failure) 6290M->4057M(7290M) 110.536ms
[467.943s][info][gc,cpu         ] GC(141) User=0.64s Sys=0.02s Real=0.12s
.[469.514s][info][gc,start       ] GC(142) Pause Young (Allocation Failure)
[469.615s][info][gc,heap        ] GC(142) PSYoungGen: 2567928K(2596864K)->146650K(2601984K) Eden: 2413056K(2413056K)->0K(2413056K) From: 154872K(183808K)->146650K(188928K)
[469.615s][info][gc,heap        ] GC(142) ParOldGen: 4000365K(4868096K)->4093045K(4868096K)
[469.615s][info][gc,metaspace   ] GC(142) Metaspace: 28945K(29376K)->28945K(29376K) NonClass: 24058K(24256K)->24058K(24256K) Class: 4887K(5120K)->4887K(5120K)
[469.615s][info][gc             ] GC(142) Pause Young (Allocation Failure) 6414M->4140M(7295M) 100.752ms
[469.615s][info][gc,cpu         ] GC(142) User=0.59s Sys=0.01s Real=0.10s
..[471.299s][info][gc,start       ] GC(143) Pause Young (Allocation Failure)
[471.396s][info][gc,heap        ] GC(143) PSYoungGen: 2559706K(2601984K)->141376K(2598400K) Eden: 2413056K(2413056K)->0K(2421760K) From: 146650K(188928K)->141376K(176640K)
[471.396s][info][gc,heap        ] GC(143) ParOldGen: 4093045K(4868096K)->4183309K(4868096K)
[471.396s][info][gc,metaspace   ] GC(143) Metaspace: 28945K(29376K)->28945K(29376K) NonClass: 24058K(24256K)->24058K(24256K) Class: 4887K(5120K)->4887K(5120K)
[471.396s][info][gc             ] GC(143) Pause Young (Allocation Failure) 6496M->4223M(7291M) 97.011ms
[471.396s][info][gc,cpu         ] GC(143) User=0.58s Sys=0.00s Real=0.10s
.. (rIR:aIR:PR = 11755:11318:11318) (tPR = 167916) [OK] 
   472s:       trying IR =  11797 [473.116s][info][gc,start       ] GC(144) Pause Young (Allocation Failure)
[473.222s][info][gc,heap        ] GC(144) PSYoungGen: 2563136K(2598400K)->152441K(2603520K) Eden: 2421760K(2421760K)->0K(2421760K) From: 141376K(176640K)->152441K(181760K)
[473.222s][info][gc,heap        ] GC(144) ParOldGen: 4183309K(4868096K)->4274901K(4868096K)
[473.222s][info][gc,metaspace   ] GC(144) Metaspace: 28945K(29376K)->28945K(29376K) NonClass: 24058K(24256K)->24058K(24256K) Class: 4887K(5120K)->4887K(5120K)
[473.222s][info][gc             ] GC(144) Pause Young (Allocation Failure) 6588M->4323M(7296M) 106.590ms
[473.222s][info][gc,cpu         ] GC(144) User=0.62s Sys=0.01s Real=0.10s
..[474.788s][info][gc,start       ] GC(145) Pause Young (Allocation Failure)
[474.902s][info][gc,heap        ] GC(145) PSYoungGen: 2574201K(2603520K)->165924K(2606592K) Eden: 2421760K(2421760K)->0K(2425344K) From: 152441K(181760K)->165924K(181248K)
[474.902s][info][gc,heap        ] GC(145) ParOldGen: 4274901K(4868096K)->4365709K(4868096K)
[474.902s][info][gc,metaspace   ] GC(145) Metaspace: 28945K(29376K)->28945K(29376K) NonClass: 24058K(24256K)->24058K(24256K) Class: 4887K(5120K)->4887K(5120K)
[474.902s][info][gc             ] GC(145) Pause Young (Allocation Failure) 6688M->4425M(7299M) 114.309ms
[474.902s][info][gc,cpu         ] GC(145) User=0.66s Sys=0.02s Real=0.11s
.[476.473s][info][gc,start       ] GC(146) Pause Young (Allocation Failure)
[476.578s][info][gc,heap        ] GC(146) PSYoungGen: 2591268K(2606592K)->154692K(2610688K) Eden: 2425344K(2425344K)->0K(2425344K) From: 165924K(181248K)->154692K(185344K)
[476.578s][info][gc,heap        ] GC(146) ParOldGen: 4365709K(4868096K)->4459949K(4868096K)
[476.578s][info][gc,metaspace   ] GC(146) Metaspace: 28945K(29376K)->28945K(29376K) NonClass: 24058K(24256K)->24058K(24256K) Class: 4887K(5120K)->4887K(5120K)
[476.578s][info][gc             ] GC(146) Pause Young (Allocation Failure) 6793M->4506M(7303M) 104.916ms
[476.578s][info][gc,cpu         ] GC(146) User=0.63s Sys=0.00s Real=0.11s
..[478.182s][info][gc,start       ] GC(147) Pause Young (Allocation Failure)
[478.287s][info][gc,heap        ] GC(147) PSYoungGen: 2580036K(2610688K)->154612K(2607616K) Eden: 2425344K(2425344K)->0K(2426368K) From: 154692K(185344K)->154612K(181248K)
[478.288s][info][gc,heap        ] GC(147) ParOldGen: 4459949K(4868096K)->4551701K(4868096K)
[478.288s][info][gc,metaspace   ] GC(147) Metaspace: 28945K(29376K)->28945K(29376K) NonClass: 24058K(24256K)->24058K(24256K) Class: 4887K(5120K)->4887K(5120K)
[478.288s][info][gc             ] GC(147) Pause Young (Allocation Failure) 6874M->4596M(7300M) 105.743ms
[478.288s][info][gc,cpu         ] GC(147) User=0.62s Sys=0.00s Real=0.11s
. (rIR:aIR:PR = 11797:12129:12119) (tPR = 181566) [OK] 
   478s:       trying IR =  11847 .[480.026s][info][gc,start       ] GC(148) Pause Young (Allocation Failure)
[480.128s][info][gc,heap        ] GC(148) PSYoungGen: 2580980K(2607616K)->148645K(2609664K) Eden: 2426368K(2426368K)->0K(2426368K) From: 154612K(181248K)->148645K(183296K)
[480.128s][info][gc,heap        ] GC(148) ParOldGen: 4551701K(4868096K)->4643149K(4868096K)
[480.128s][info][gc,metaspace   ] GC(148) Metaspace: 28945K(29376K)->28945K(29376K) NonClass: 24058K(24256K)->24058K(24256K) Class: 4887K(5120K)->4887K(5120K)
[480.128s][info][gc             ] GC(148) Pause Young (Allocation Failure) 6965M->4679M(7302M) 101.827ms
[480.128s][info][gc,cpu         ] GC(148) User=0.60s Sys=0.00s Real=0.10s
..[481.773s][info][gc,start       ] GC(149) Pause Young (Allocation Failure)
[481.876s][info][gc,heap        ] GC(149) PSYoungGen: 2575013K(2609664K)->148160K(2607616K) Eden: 2426368K(2426368K)->0K(2432512K) From: 148645K(183296K)->148160K(175104K)
[481.876s][info][gc,heap        ] GC(149) ParOldGen: 4643149K(4868096K)->4736845K(4868096K)
[481.876s][info][gc,metaspace   ] GC(149) Metaspace: 28945K(29376K)->28945K(29376K) NonClass: 24058K(24256K)->24058K(24256K) Class: 4887K(5120K)->4887K(5120K)
[481.877s][info][gc             ] GC(149) Pause Young (Allocation Failure) 7048M->4770M(7300M) 103.367ms
[481.877s][info][gc,cpu         ] GC(149) User=0.60s Sys=0.00s Real=0.11s
.[483.484s][info][gc,start       ] GC(150) Pause Young (Allocation Failure)
[483.589s][info][gc,heap        ] GC(150) PSYoungGen: 2580672K(2607616K)->154277K(2609664K) Eden: 2432512K(2432512K)->0K(2432512K) From: 148160K(175104K)->154277K(177152K)
[483.589s][info][gc,heap        ] GC(150) ParOldGen: 4736845K(4868096K)->4827653K(4868096K)
[483.589s][info][gc,metaspace   ] GC(150) Metaspace: 28945K(29376K)->28945K(29376K) NonClass: 24058K(24256K)->24058K(24256K) Class: 4887K(5120K)->4887K(5120K)
[483.589s][info][gc             ] GC(150) Pause Young (Allocation Failure) 7146M->4865M(7302M) 105.088ms
[483.589s][info][gc,cpu         ] GC(150) User=0.61s Sys=0.00s Real=0.10s
. (rIR:aIR:PR = 11847:11577:11583) (tPR = 169296) [OK] 
   483s:       trying IR =  11906 .[485.293s][info][gc,start       ] GC(151) Pause Young (Allocation Failure)
[485.398s][info][gc,heap        ] GC(151) PSYoungGen: 2586789K(2609664K)->147584K(2613760K) Eden: 2432512K(2432512K)->0K(2442752K) From: 154277K(177152K)->147584K(171008K)
[485.398s][info][gc,heap        ] GC(151) ParOldGen: 4827653K(4868096K)->4919325K(4919808K)
[485.398s][info][gc,metaspace   ] GC(151) Metaspace: 28945K(29376K)->28945K(29376K) NonClass: 24058K(24256K)->24058K(24256K) Class: 4887K(5120K)->4887K(5120K)
[485.398s][info][gc             ] GC(151) Pause Young (Allocation Failure) 7240M->4948M(7357M) 105.509ms
[485.398s][info][gc,cpu         ] GC(151) User=0.61s Sys=0.02s Real=0.11s
..[487.005s][info][gc,start       ] GC(152) Pause Young (Allocation Failure)
[487.113s][info][gc,heap        ] GC(152) PSYoungGen: 2590336K(2613760K)->146601K(2616832K) Eden: 2442752K(2442752K)->0K(2442752K) From: 147584K(171008K)->146601K(174080K)
[487.113s][info][gc,heap        ] GC(152) ParOldGen: 4919325K(4919808K)->5014877K(5015040K)
[487.113s][info][gc,metaspace   ] GC(152) Metaspace: 28945K(29376K)->28945K(29376K) NonClass: 24058K(24256K)->24058K(24256K) Class: 4887K(5120K)->4887K(5120K)
[487.113s][info][gc             ] GC(152) Pause Young (Allocation Failure) 7333M->5040M(7453M) 108.025ms
[487.113s][info][gc,cpu         ] GC(152) User=0.60s Sys=0.03s Real=0.11s
.[488.684s][info][gc,start       ] GC(153) Pause Young (Allocation Failure)
[488.832s][info][gc,heap        ] GC(153) PSYoungGen: 2589353K(2616832K)->156096K(2621952K) Eden: 2442752K(2442752K)->0K(2450432K) From: 146601K(174080K)->156096K(171520K)
[488.832s][info][gc,heap        ] GC(153) ParOldGen: 5014877K(5015040K)->5106021K(5106176K)
[488.832s][info][gc,metaspace   ] GC(153) Metaspace: 28945K(29376K)->28945K(29376K) NonClass: 24058K(24256K)->24058K(24256K) Class: 4887K(5120K)->4887K(5120K)
[488.832s][info][gc             ] GC(153) Pause Young (Allocation Failure) 7426M->5138M(7547M) 147.967ms
[488.832s][info][gc,cpu         ] GC(153) User=0.62s Sys=0.03s Real=0.14s
. (rIR:aIR:PR = 11906:11661:11592) (tPR = 166620) [OK] 
   488s:       trying IR =  11978 .[490.495s][info][gc,start       ] GC(154) Pause Young (Allocation Failure)
[490.603s][info][gc,heap        ] GC(154) PSYoungGen: 2606528K(2621952K)->147920K(2622464K) Eden: 2450432K(2450432K)->0K(2450432K) From: 156096K(171520K)->147920K(172032K)
[490.603s][info][gc,heap        ] GC(154) ParOldGen: 5106021K(5106176K)->5199269K(5199360K)
[490.603s][info][gc,metaspace   ] GC(154) Metaspace: 28947K(29376K)->28947K(29376K) NonClass: 24060K(24256K)->24060K(24256K) Class: 4887K(5120K)->4887K(5120K)
[490.603s][info][gc             ] GC(154) Pause Young (Allocation Failure) 7531M->5221M(7638M) 107.433ms
[490.603s][info][gc,cpu         ] GC(154) User=0.60s Sys=0.03s Real=0.10s
..[492.270s][info][gc,start       ] GC(155) Pause Young (Allocation Failure)
[492.381s][info][gc,heap        ] GC(155) PSYoungGen: 2598352K(2622464K)->152457K(2622976K) Eden: 2450432K(2450432K)->0K(2452992K) From: 147920K(172032K)->152457K(169984K)
[492.381s][info][gc,heap        ] GC(155) ParOldGen: 5199269K(5199360K)->5291269K(5291520K)
[492.381s][info][gc,metaspace   ] GC(155) Metaspace: 28948K(29376K)->28948K(29376K) NonClass: 24061K(24256K)->24061K(24256K) Class: 4887K(5120K)->4887K(5120K)
[492.381s][info][gc             ] GC(155) Pause Young (Allocation Failure) 7614M->5316M(7729M) 111.193ms
[492.381s][info][gc,cpu         ] GC(155) User=0.64s Sys=0.02s Real=0.11s
.[493.949s][info][gc,start       ] GC(156) Pause Young (Allocation Failure)
[494.052s][info][gc,heap        ] GC(156) PSYoungGen: 2605449K(2622976K)->141408K(2622464K) Eden: 2452992K(2452992K)->0K(2452992K) From: 152457K(169984K)->141408K(169472K)
[494.052s][info][gc,heap        ] GC(156) ParOldGen: 5291269K(5291520K)->5382085K(5382144K)
[494.052s][info][gc,metaspace   ] GC(156) Metaspace: 28949K(29376K)->28949K(29376K) NonClass: 24062K(24256K)->24062K(24256K) Class: 4887K(5120K)->4887K(5120K)
[494.052s][info][gc             ] GC(156) Pause Young (Allocation Failure) 7711M->5394M(7817M) 102.998ms
[494.052s][info][gc,cpu         ] GC(156) User=0.56s Sys=0.03s Real=0.10s
. (rIR:aIR:PR = 11978:11691:11683) (tPR = 169390) [OK] 
   493s:       trying IR =  12064 .[495.701s][info][gc,start       ] GC(157) Pause Young (Allocation Failure)
[495.814s][info][gc,heap        ] GC(157) PSYoungGen: 2594400K(2622464K)->158120K(2624000K) Eden: 2452992K(2452992K)->0K(2455040K) From: 141408K(169472K)->158120K(168960K)
[495.814s][info][gc,heap        ] GC(157) ParOldGen: 5382085K(5382144K)->5476421K(5476864K)
[495.814s][info][gc,metaspace   ] GC(157) Metaspace: 28949K(29376K)->28949K(29376K) NonClass: 24062K(24256K)->24062K(24256K) Class: 4887K(5120K)->4887K(5120K)
[495.814s][info][gc             ] GC(157) Pause Young (Allocation Failure) 7789M->5502M(7911M) 113.183ms
[495.814s][info][gc,cpu         ] GC(157) User=0.65s Sys=0.02s Real=0.12s
..[497.455s][info][gc,start       ] GC(158) Pause Young (Allocation Failure)
[497.561s][info][gc,heap        ] GC(158) PSYoungGen: 2613160K(2624000K)->147328K(2602496K) Eden: 2455040K(2455040K)->0K(2455040K) From: 158120K(168960K)->147328K(147456K)
[497.561s][info][gc,heap        ] GC(158) ParOldGen: 5476421K(5476864K)->5568245K(5568512K)
[497.561s][info][gc,metaspace   ] GC(158) Metaspace: 28949K(29376K)->28949K(29376K) NonClass: 24062K(24256K)->24062K(24256K) Class: 4887K(5120K)->4887K(5120K)
[497.561s][info][gc             ] GC(158) Pause Young (Allocation Failure) 7899M->5581M(7979M) 106.350ms
[497.561s][info][gc,cpu         ] GC(158) User=0.60s Sys=0.03s Real=0.10s
.[499.165s][info][gc,start       ] GC(159) Pause Full (Allocation Failure)
[499.165s][info][gc,phases,start] GC(159) Marking Phase
[499.461s][info][gc,phases      ] GC(159) Marking Phase 295.780ms
[499.461s][info][gc,phases,start] GC(159) Summary Phase
[499.461s][info][gc,phases      ] GC(159) Summary Phase 0.101ms
[499.461s][info][gc,phases,start] GC(159) Forward
[499.598s][info][gc,phases      ] GC(159) Forward 137.081ms
[499.598s][info][gc,phases,start] GC(159) Adjust Pointers
[499.808s][info][gc,phases      ] GC(159) Adjust Pointers 210.181ms
[499.808s][info][gc,phases,start] GC(159) Compaction Phase
[499.952s][info][gc,phases      ] GC(159) Compaction Phase 143.311ms
[499.954s][info][gc,phases,start] GC(159) Post Compact
[499.961s][info][gc,phases      ] GC(159) Post Compact 7.468ms
[500.080s][info][gc,heap        ] GC(159) PSYoungGen: 2602368K(2602496K)->0K(2625024K) Eden: 2455040K(2455040K)->0K(2456576K) From: 147328K(147456K)->0K(168448K)
[500.080s][info][gc,heap        ] GC(159) ParOldGen: 5568245K(5568512K)->1412009K(1582592K)
[500.080s][info][gc,metaspace   ] GC(159) Metaspace: 28949K(29376K)->28949K(29376K) NonClass: 24062K(24256K)->24062K(24256K) Class: 4887K(5120K)->4887K(5120K)
[500.080s][info][gc             ] GC(159) Pause Full (Allocation Failure) 7979M->1378M(4109M) 914.987ms
[500.080s][info][gc,cpu         ] GC(159) User=4.20s Sys=0.14s Real=0.91s
.[501.528s][info][gc,start       ] GC(160) Pause Young (Allocation Failure)
[501.602s][info][gc,heap        ] GC(160) PSYoungGen: 2456576K(2625024K)->157744K(2625024K) Eden: 2456576K(2456576K)->0K(2456576K) From: 0K(168448K)->157744K(168448K)
[501.602s][info][gc,heap        ] GC(160) ParOldGen: 1412009K(1582592K)->1412009K(1582592K)
[501.602s][info][gc,metaspace   ] GC(160) Metaspace: 28960K(29376K)->28960K(29376K) NonClass: 24072K(24256K)->24072K(24256K) Class: 4887K(5120K)->4887K(5120K)
[501.602s][info][gc             ] GC(160) Pause Young (Allocation Failure) 3777M->1532M(4109M) 74.022ms
[501.602s][info][gc,cpu         ] GC(160) User=0.43s Sys=0.00s Real=0.07s
..[503.181s][info][gc,start       ] GC(161) Pause Young (Allocation Failure)
[503.279s][info][gc,heap        ] GC(161) PSYoungGen: 2614320K(2625024K)->142080K(2626560K) Eden: 2456576K(2456576K)->0K(2456576K) From: 157744K(168448K)->142080K(169984K)
[503.279s][info][gc,heap        ] GC(161) ParOldGen: 1412009K(1582592K)->1507993K(1582592K)
[503.279s][info][gc,metaspace   ] GC(161) Metaspace: 28960K(29376K)->28960K(29376K) NonClass: 24072K(24256K)->24072K(24256K) Class: 4887K(5120K)->4887K(5120K)
[503.279s][info][gc             ] GC(161) Pause Young (Allocation Failure) 3931M->1611M(4110M) 98.095ms
[503.279s][info][gc,cpu         ] GC(161) User=0.57s Sys=0.01s Real=0.10s
.[504.855s][info][gc,start       ] GC(162) Pause Young (Allocation Failure)
[504.958s][info][gc,heap        ] GC(162) PSYoungGen: 2598656K(2626560K)->152256K(2609152K) Eden: 2456576K(2456576K)->0K(2456576K) From: 142080K(169984K)->152256K(152576K)
[504.958s][info][gc,heap        ] GC(162) ParOldGen: 1507993K(1582592K)->1601353K(1601536K)
[504.958s][info][gc,metaspace   ] GC(162) Metaspace: 28960K(29376K)->28960K(29376K) NonClass: 24072K(24256K)->24072K(24256K) Class: 4887K(5120K)->4887K(5120K)
[504.958s][info][gc             ] GC(162) Pause Young (Allocation Failure) 4010M->1712M(4112M) 102.724ms
[504.958s][info][gc,cpu         ] GC(162) User=0.61s Sys=0.00s Real=0.10s
..[506.501s][info][gc,start       ] GC(163) Pause Young (Allocation Failure)
[506.608s][info][gc,heap        ] GC(163) PSYoungGen: 2608832K(2609152K)->155407K(2625024K) Eden: 2456576K(2456576K)->0K(2456576K) From: 152256K(152576K)->155407K(168448K)
[506.608s][info][gc,heap        ] GC(163) ParOldGen: 1601353K(1601536K)->1690841K(1691136K)
[506.608s][info][gc,metaspace   ] GC(163) Metaspace: 28960K(29376K)->28960K(29376K) NonClass: 24072K(24256K)->24072K(24256K) Class: 4887K(5120K)->4887K(5120K)
[506.608s][info][gc             ] GC(163) Pause Young (Allocation Failure) 4111M->1802M(4215M) 107.218ms
[506.608s][info][gc,cpu         ] GC(163) User=0.60s Sys=0.04s Real=0.11s
.[508.148s][info][gc,start       ] GC(164) Pause Young (Allocation Failure)
[508.259s][info][gc,heap        ] GC(164) PSYoungGen: 2611983K(2625024K)->168437K(2625024K) Eden: 2456576K(2456576K)->0K(2456576K) From: 155407K(168448K)->168437K(168448K)
[508.259s][info][gc,heap        ] GC(164) ParOldGen: 1690841K(1691136K)->1786689K(1786880K)
[508.259s][info][gc,metaspace   ] GC(164) Metaspace: 28960K(29376K)->28960K(29376K) NonClass: 24072K(24256K)->24072K(24256K) Class: 4887K(5120K)->4887K(5120K)
[508.259s][info][gc             ] GC(164) Pause Young (Allocation Failure) 4201M->1909M(4308M) 110.612ms
[508.259s][info][gc,cpu         ] GC(164) User=0.63s Sys=0.03s Real=0.11s
..[509.823s][info][gc,start       ] GC(165) Pause Young (Allocation Failure)
[509.928s][info][gc,heap        ] GC(165) PSYoungGen: 2625013K(2625024K)->150704K(2554368K) Eden: 2456576K(2456576K)->0K(2383360K) From: 168437K(168448K)->150704K(171008K)
[509.928s][info][gc,heap        ] GC(165) ParOldGen: 1786689K(1786880K)->1882113K(1882624K)
[509.928s][info][gc,metaspace   ] GC(165) Metaspace: 28960K(29376K)->28960K(29376K) NonClass: 24072K(24256K)->24072K(24256K) Class: 4887K(5120K)->4887K(5120K)
[509.928s][info][gc             ] GC(165) Pause Young (Allocation Failure) 4308M->1985M(4333M) 104.703ms
[509.928s][info][gc,cpu         ] GC(165) User=0.59s Sys=0.02s Real=0.10s
.[511.385s][info][gc,start       ] GC(166) Pause Young (Allocation Failure)
[511.493s][info][gc,heap        ] GC(166) PSYoungGen: 2534064K(2554368K)->154607K(2589696K) Eden: 2383360K(2383360K)->0K(2383360K) From: 150704K(171008K)->154607K(206336K)
[511.493s][info][gc,heap        ] GC(166) ParOldGen: 1882113K(1882624K)->1975577K(1975808K)
[511.493s][info][gc,metaspace   ] GC(166) Metaspace: 28960K(29376K)->28960K(29376K) NonClass: 24072K(24256K)->24072K(24256K) Class: 4887K(5120K)->4887K(5120K)
[511.493s][info][gc             ] GC(166) Pause Young (Allocation Failure) 4312M->2080M(4458M) 108.203ms
[511.493s][info][gc,cpu         ] GC(166) User=0.60s Sys=0.03s Real=0.10s
. (rIR:aIR:PR = 12064:11866:11725) (tPR = 171886) [OK] 
   511s:       trying IR =  12167 [512.995s][info][gc,start       ] GC(167) Pause Young (Allocation Failure)
[513.096s][info][gc,heap        ] GC(167) PSYoungGen: 2537967K(2589696K)->142624K(2583040K) Eden: 2383360K(2383360K)->0K(2386944K) From: 154607K(206336K)->142624K(196096K)
[513.096s][info][gc,heap        ] GC(167) ParOldGen: 1975577K(1975808K)->2067353K(2067456K)
[513.096s][info][gc,metaspace   ] GC(167) Metaspace: 28960K(29376K)->28960K(29376K) NonClass: 24072K(24256K)->24072K(24256K) Class: 4887K(5120K)->4887K(5120K)
[513.096s][info][gc             ] GC(167) Pause Young (Allocation Failure) 4407M->2158M(4541M) 101.285ms
[513.096s][info][gc,cpu         ] GC(167) User=0.57s Sys=0.03s Real=0.10s
..[514.607s][info][gc,start       ] GC(168) Pause Young (Allocation Failure)
[514.714s][info][gc,heap        ] GC(168) PSYoungGen: 2529568K(2583040K)->149317K(2588160K) Eden: 2386944K(2386944K)->0K(2386944K) From: 142624K(196096K)->149317K(201216K)
[514.714s][info][gc,heap        ] GC(168) ParOldGen: 2067353K(2067456K)->2164913K(2165248K)
[514.714s][info][gc,metaspace   ] GC(168) Metaspace: 28960K(29376K)->28960K(29376K) NonClass: 24072K(24256K)->24072K(24256K) Class: 4887K(5120K)->4887K(5120K)
[514.714s][info][gc             ] GC(168) Pause Young (Allocation Failure) 4489M->2259M(4642M) 106.851ms
[514.714s][info][gc,cpu         ] GC(168) User=0.60s Sys=0.03s Real=0.11s
.[516.312s][info][gc,start       ] GC(169) Pause Young (Allocation Failure)
[516.416s][info][gc,heap        ] GC(169) PSYoungGen: 2536261K(2588160K)->152101K(2586112K) Eden: 2386944K(2386944K)->0K(2396160K) From: 149317K(201216K)->152101K(189952K)
[516.416s][info][gc,heap        ] GC(169) ParOldGen: 2164913K(2165248K)->2255609K(2255872K)
[516.416s][info][gc,metaspace   ] GC(169) Metaspace: 28960K(29376K)->28960K(29376K) NonClass: 24072K(24256K)->24072K(24256K) Class: 4887K(5120K)->4887K(5120K)
[516.416s][info][gc             ] GC(169) Pause Young (Allocation Failure) 4590M->2351M(4728M) 104.777ms
[516.417s][info][gc,cpu         ] GC(169) User=0.59s Sys=0.03s Real=0.11s
.. (rIR:aIR:PR = 12167:12364:12340) (tPR = 181542) [OK] 
   517s:       trying IR =  12291 [517.959s][info][gc,start       ] GC(170) Pause Young (Allocation Failure)
[518.061s][info][gc,heap        ] GC(170) PSYoungGen: 2548261K(2586112K)->144592K(2591744K) Eden: 2396160K(2396160K)->0K(2396160K) From: 152101K(189952K)->144592K(195584K)
[518.061s][info][gc,heap        ] GC(170) ParOldGen: 2255609K(2255872K)->2348273K(2348544K)
[518.061s][info][gc,metaspace   ] GC(170) Metaspace: 28960K(29376K)->28960K(29376K) NonClass: 24072K(24256K)->24072K(24256K) Class: 4887K(5120K)->4887K(5120K)
[518.061s][info][gc             ] GC(170) Pause Young (Allocation Failure) 4691M->2434M(4824M) 101.326ms
[518.061s][info][gc,cpu         ] GC(170) User=0.57s Sys=0.03s Real=0.10s
..[519.561s][info][gc,start       ] GC(171) Pause Young (Allocation Failure)
[519.666s][info][gc,heap        ] GC(171) PSYoungGen: 2540752K(2591744K)->157765K(2592256K) Eden: 2396160K(2396160K)->0K(2406912K) From: 144592K(195584K)->157765K(185344K)
[519.666s][info][gc,heap        ] GC(171) ParOldGen: 2348273K(2348544K)->2440649K(2440704K)
[519.666s][info][gc,metaspace   ] GC(171) Metaspace: 28960K(29376K)->28960K(29376K) NonClass: 24072K(24256K)->24072K(24256K) Class: 4887K(5120K)->4887K(5120K)
[519.666s][info][gc             ] GC(171) Pause Young (Allocation Failure) 4774M->2537M(4915M) 105.015ms
[519.666s][info][gc,cpu         ] GC(171) User=0.60s Sys=0.03s Real=0.11s
.[521.218s][info][gc,start       ] GC(172) Pause Young (Allocation Failure)
[521.324s][info][gc,heap        ] GC(172) PSYoungGen: 2564677K(2592256K)->154304K(2597376K) Eden: 2406912K(2406912K)->0K(2406912K) From: 157765K(185344K)->154304K(190464K)
[521.324s][info][gc,heap        ] GC(172) ParOldGen: 2440649K(2440704K)->2534441K(2534912K)
[521.324s][info][gc,metaspace   ] GC(172) Metaspace: 28960K(29376K)->28960K(29376K) NonClass: 24072K(24256K)->24072K(24256K) Class: 4887K(5120K)->4887K(5120K)
[521.324s][info][gc             ] GC(172) Pause Young (Allocation Failure) 4888M->2625M(5012M) 106.242ms
[521.324s][info][gc,cpu         ] GC(172) User=0.60s Sys=0.03s Real=0.11s
..[522.938s][info][gc,start       ] GC(173) Pause Young (Allocation Failure)
[523.041s][info][gc,heap        ] GC(173) PSYoungGen: 2561216K(2597376K)->143077K(2601472K) Eden: 2406912K(2406912K)->0K(2418176K) From: 154304K(190464K)->143077K(183296K)
[523.041s][info][gc,heap        ] GC(173) ParOldGen: 2534441K(2534912K)->2628177K(2628608K)
[523.041s][info][gc,metaspace   ] GC(173) Metaspace: 28960K(29376K)->28960K(29376K) NonClass: 24072K(24256K)->24072K(24256K) Class: 4887K(5120K)->4887K(5120K)
[523.041s][info][gc             ] GC(173) Pause Young (Allocation Failure) 4976M->2706M(5107M) 103.402ms
[523.041s][info][gc,cpu         ] GC(173) User=0.58s Sys=0.03s Real=0.10s
. (rIR:aIR:PR = 12291:12253:12224) (tPR = 182110) [OK] 
   523s:       trying IR =  12440 [524.613s][info][gc,start       ] GC(174) Pause Young (Allocation Failure)
[524.718s][info][gc,heap        ] GC(174) PSYoungGen: 2561253K(2601472K)->150965K(2604544K) Eden: 2418176K(2418176K)->0K(2418176K) From: 143077K(183296K)->150965K(186368K)
[524.718s][info][gc,heap        ] GC(174) ParOldGen: 2628177K(2628608K)->2717953K(2718208K)
[524.718s][info][gc,metaspace   ] GC(174) Metaspace: 28960K(29376K)->28960K(29376K) NonClass: 24072K(24256K)->24072K(24256K) Class: 4887K(5120K)->4887K(5120K)
[524.718s][info][gc             ] GC(174) Pause Young (Allocation Failure) 5067M->2801M(5198M) 104.507ms
[524.718s][info][gc,cpu         ] GC(174) User=0.59s Sys=0.02s Real=0.10s
..[526.279s][info][gc,start       ] GC(175) Pause Young (Allocation Failure)
[526.381s][info][gc,heap        ] GC(175) PSYoungGen: 2569141K(2604544K)->146135K(2606080K) Eden: 2418176K(2418176K)->0K(2425856K) From: 150965K(186368K)->146135K(180224K)
[526.381s][info][gc,heap        ] GC(175) ParOldGen: 2717953K(2718208K)->2808561K(2808832K)
[526.381s][info][gc,metaspace   ] GC(175) Metaspace: 28960K(29376K)->28960K(29376K) NonClass: 24073K(24256K)->24073K(24256K) Class: 4887K(5120K)->4887K(5120K)
[526.381s][info][gc             ] GC(175) Pause Young (Allocation Failure) 5163M->2885M(5288M) 102.486ms
[526.381s][info][gc,cpu         ] GC(175) User=0.58s Sys=0.02s Real=0.10s
.[527.927s][info][gc,start       ] GC(176) Pause Young (Allocation Failure)
[528.031s][info][gc,heap        ] GC(176) PSYoungGen: 2571991K(2606080K)->148064K(2608128K) Eden: 2425856K(2425856K)->0K(2425856K) From: 146135K(180224K)->148064K(182272K)
[528.031s][info][gc,heap        ] GC(176) ParOldGen: 2808561K(2808832K)->2902361K(2902528K)
[528.031s][info][gc,metaspace   ] GC(176) Metaspace: 28960K(29376K)->28960K(29376K) NonClass: 24073K(24256K)->24073K(24256K) Class: 4887K(5120K)->4887K(5120K)
[528.031s][info][gc             ] GC(176) Pause Young (Allocation Failure) 5254M->2978M(5381M) 104.087ms
[528.031s][info][gc,cpu         ] GC(176) User=0.59s Sys=0.03s Real=0.10s
.. (rIR:aIR:PR = 12440:12593:12538) (tPR = 182735) [OK] 
   528s:       trying IR =  12618 [529.573s][info][gc,start       ] GC(177) Pause Young (Allocation Failure)
[529.676s][info][gc,heap        ] GC(177) PSYoungGen: 2573920K(2608128K)->144640K(2610688K) Eden: 2425856K(2425856K)->0K(2433536K) From: 148064K(182272K)->144640K(177152K)
[529.676s][info][gc,heap        ] GC(177) ParOldGen: 2902361K(2902528K)->2995257K(2995712K)
[529.676s][info][gc,metaspace   ] GC(177) Metaspace: 28960K(29376K)->28960K(29376K) NonClass: 24073K(24256K)->24073K(24256K) Class: 4887K(5120K)->4887K(5120K)
[529.676s][info][gc             ] GC(177) Pause Young (Allocation Failure) 5347M->3066M(5475M) 102.909ms
[529.676s][info][gc,cpu         ] GC(177) User=0.57s Sys=0.03s Real=0.11s
..[531.187s][info][gc,start       ] GC(178) Pause Young (Allocation Failure)
[531.292s][info][gc,heap        ] GC(178) PSYoungGen: 2578176K(2610688K)->147200K(2612224K) Eden: 2433536K(2433536K)->0K(2433536K) From: 144640K(177152K)->147200K(178688K)
[531.292s][info][gc,heap        ] GC(178) ParOldGen: 2995257K(2995712K)->3085521K(3085824K)
[531.292s][info][gc,metaspace   ] GC(178) Metaspace: 28960K(29376K)->28960K(29376K) NonClass: 24073K(24256K)->24073K(24256K) Class: 4887K(5120K)->4887K(5120K)
[531.292s][info][gc             ] GC(178) Pause Young (Allocation Failure) 5442M->3156M(5564M) 105.612ms
[531.292s][info][gc,cpu         ] GC(178) User=0.59s Sys=0.03s Real=0.10s
.[532.884s][info][gc,start       ] GC(179) Pause Young (Allocation Failure)
[532.990s][info][gc,heap        ] GC(179) PSYoungGen: 2580736K(2612224K)->152736K(2613248K) Eden: 2433536K(2433536K)->0K(2440192K) From: 147200K(178688K)->152736K(173056K)
[532.990s][info][gc,heap        ] GC(179) ParOldGen: 3085521K(3085824K)->3179241K(3179520K)
[532.990s][info][gc,metaspace   ] GC(179) Metaspace: 28960K(29376K)->28960K(29376K) NonClass: 24073K(24256K)->24073K(24256K) Class: 4887K(5120K)->4887K(5120K)
[532.990s][info][gc             ] GC(179) Pause Young (Allocation Failure) 5533M->3253M(5657M) 105.939ms
[532.990s][info][gc,cpu         ] GC(179) User=0.60s Sys=0.03s Real=0.10s
..[534.521s][info][gc,start       ] GC(180) Pause Young (Allocation Failure)
[534.625s][info][gc,heap        ] GC(180) PSYoungGen: 2592928K(2613248K)->146560K(2615296K) Eden: 2440192K(2440192K)->0K(2440192K) From: 152736K(173056K)->146560K(175104K)
[534.625s][info][gc,heap        ] GC(180) ParOldGen: 3179241K(3179520K)->3271217K(3271680K)
[534.625s][info][gc,metaspace   ] GC(180) Metaspace: 28960K(29376K)->28960K(29376K) NonClass: 24073K(24256K)->24073K(24256K) Class: 4887K(5120K)->4887K(5120K)
[534.625s][info][gc             ] GC(180) Pause Young (Allocation Failure) 5636M->3337M(5749M) 104.484ms
[534.625s][info][gc,cpu         ] GC(180) User=0.59s Sys=0.03s Real=0.11s
.[536.225s][info][gc,start       ] GC(181) Pause Young (Allocation Failure)
[536.327s][info][gc,heap        ] GC(181) PSYoungGen: 2586752K(2615296K)->144480K(2618368K) Eden: 2440192K(2440192K)->0K(2447360K) From: 146560K(175104K)->144480K(171008K)
[536.327s][info][gc,heap        ] GC(181) ParOldGen: 3271217K(3271680K)->3362249K(3362304K)
[536.327s][info][gc,metaspace   ] GC(181) Metaspace: 28960K(29376K)->28960K(29376K) NonClass: 24073K(24256K)->24073K(24256K) Class: 4887K(5120K)->4887K(5120K)
[536.327s][info][gc             ] GC(181) Pause Young (Allocation Failure) 5720M->3424M(5840M) 102.108ms
[536.327s][info][gc,cpu         ] GC(181) User=0.57s Sys=0.03s Real=0.10s
. (rIR:aIR:PR = 12618:12243:12161) (tPR = 180644) [OK] 
   536s:       trying IR =  12832 .[538.036s][info][gc,start       ] GC(182) Pause Young (Allocation Failure)
[538.143s][info][gc,heap        ] GC(182) PSYoungGen: 2591840K(2618368K)->145664K(2619904K) Eden: 2447360K(2447360K)->0K(2447360K) From: 144480K(171008K)->145664K(172544K)
[538.143s][info][gc,heap        ] GC(182) ParOldGen: 3362249K(3362304K)->3455529K(3456000K)
[538.143s][info][gc,metaspace   ] GC(182) Metaspace: 28960K(29376K)->28960K(29376K) NonClass: 24073K(24256K)->24073K(24256K) Class: 4887K(5120K)->4887K(5120K)
[538.143s][info][gc             ] GC(182) Pause Young (Allocation Failure) 5814M->3516M(5933M) 106.894ms
[538.143s][info][gc,cpu         ] GC(182) User=0.60s Sys=0.03s Real=0.10s
.[539.669s][info][gc,start       ] GC(183) Pause Young (Allocation Failure)
[539.822s][info][gc,heap        ] GC(183) PSYoungGen: 2593024K(2619904K)->151168K(2620416K) Eden: 2447360K(2447360K)->0K(2452480K) From: 145664K(172544K)->151168K(167936K)
[539.822s][info][gc,heap        ] GC(183) ParOldGen: 3455529K(3456000K)->3547241K(3547648K)
[539.822s][info][gc,metaspace   ] GC(183) Metaspace: 28960K(29376K)->28960K(29376K) NonClass: 24073K(24256K)->24073K(24256K) Class: 4887K(5120K)->4887K(5120K)
[539.822s][info][gc             ] GC(183) Pause Young (Allocation Failure) 5906M->3611M(6023M) 152.940ms
[539.822s][info][gc,cpu         ] GC(183) User=0.60s Sys=0.03s Real=0.15s
..[541.337s][info][gc,start       ] GC(184) Pause Young (Allocation Failure)
[541.448s][info][gc,heap        ] GC(184) PSYoungGen: 2603648K(2620416K)->157497K(2621952K) Eden: 2452480K(2452480K)->0K(2452480K) From: 151168K(167936K)->157497K(169472K)
[541.448s][info][gc,heap        ] GC(184) ParOldGen: 3547241K(3547648K)->3641705K(3641856K)
[541.448s][info][gc,metaspace   ] GC(184) Metaspace: 28960K(29376K)->28960K(29376K) NonClass: 24073K(24256K)->24073K(24256K) Class: 4887K(5120K)->4887K(5120K)
[541.448s][info][gc             ] GC(184) Pause Young (Allocation Failure) 6006M->3710M(6117M) 111.240ms
[541.448s][info][gc,cpu         ] GC(184) User=0.62s Sys=0.03s Real=0.11s
.[543.047s][info][gc,start       ] GC(185) Pause Young (Allocation Failure)
[543.151s][info][gc,heap        ] GC(185) PSYoungGen: 2609977K(2621952K)->141904K(2626048K) Eden: 2452480K(2452480K)->0K(2455552K) From: 157497K(169472K)->141904K(170496K)
[543.151s][info][gc,heap        ] GC(185) ParOldGen: 3641705K(3641856K)->3736257K(3736576K)
[543.151s][info][gc,metaspace   ] GC(185) Metaspace: 28960K(29376K)->28960K(29376K) NonClass: 24073K(24256K)->24073K(24256K) Class: 4887K(5120K)->4887K(5120K)
[543.151s][info][gc             ] GC(185) Pause Young (Allocation Failure) 6105M->3787M(6213M) 104.257ms
[543.151s][info][gc,cpu         ] GC(185) User=0.59s Sys=0.03s Real=0.10s
..[544.651s][info][gc,start       ] GC(186) Pause Young (Allocation Failure)
[544.806s][info][gc,heap        ] GC(186) PSYoungGen: 2597456K(2626048K)->160256K(2616320K) Eden: 2455552K(2455552K)->0K(2455552K) From: 141904K(170496K)->160256K(160768K)
[544.806s][info][gc,heap        ] GC(186) ParOldGen: 3736257K(3736576K)->3824977K(3825152K)
[544.806s][info][gc,metaspace   ] GC(186) Metaspace: 28960K(29376K)->28960K(29376K) NonClass: 24073K(24256K)->24073K(24256K) Class: 4887K(5120K)->4887K(5120K)
[544.806s][info][gc             ] GC(186) Pause Young (Allocation Failure) 6185M->3891M(6290M) 155.252ms
[544.806s][info][gc,cpu         ] GC(186) User=0.61s Sys=0.03s Real=0.16s
.[546.348s][info][gc,start       ] GC(187) Pause Young (Allocation Failure)
[546.450s][info][gc,heap        ] GC(187) PSYoungGen: 2615808K(2616320K)->137376K(2623488K) Eden: 2455552K(2455552K)->0K(2451968K) From: 160256K(160768K)->137376K(171520K)
[546.450s][info][gc,heap        ] GC(187) ParOldGen: 3824977K(3825152K)->3924881K(3924992K)
[546.450s][info][gc,metaspace   ] GC(187) Metaspace: 28960K(29376K)->28960K(29376K) NonClass: 24073K(24256K)->24073K(24256K) Class: 4887K(5120K)->4887K(5120K)
[546.450s][info][gc             ] GC(187) Pause Young (Allocation Failure) 6289M->3967M(6395M) 102.096ms
[546.450s][info][gc,cpu         ] GC(187) User=0.58s Sys=0.03s Real=0.10s
..[548.024s][info][gc,start       ] GC(188) Pause Young (Allocation Failure)
[548.132s][info][gc,heap        ] GC(188) PSYoungGen: 2589344K(2623488K)->154937K(2624000K) Eden: 2451968K(2451968K)->0K(2451968K) From: 137376K(171520K)->154937K(172032K)
[548.132s][info][gc,heap        ] GC(188) ParOldGen: 3924881K(3924992K)->4015233K(4015616K)
[548.132s][info][gc,metaspace   ] GC(188) Metaspace: 28960K(29376K)->28960K(29376K) NonClass: 24073K(24256K)->24073K(24256K) Class: 4887K(5120K)->4887K(5120K)
[548.132s][info][gc             ] GC(188) Pause Young (Allocation Failure) 6361M->4072M(6484M) 108.185ms
[548.132s][info][gc,cpu         ] GC(188) User=0.60s Sys=0.04s Real=0.10s
.[549.614s][info][gc,start       ] GC(189) Pause Young (Allocation Failure)
[549.726s][info][gc,heap        ] GC(189) PSYoungGen: 2606905K(2624000K)->158811K(2621440K) Eden: 2451968K(2451968K)->0K(2449920K) From: 154937K(172032K)->158811K(171520K)
[549.726s][info][gc,heap        ] GC(189) ParOldGen: 4015233K(4015616K)->4107841K(4108288K)
[549.726s][info][gc,metaspace   ] GC(189) Metaspace: 28960K(29376K)->28960K(29376K) NonClass: 24073K(24256K)->24073K(24256K) Class: 4887K(5120K)->4887K(5120K)
[549.726s][info][gc             ] GC(189) Pause Young (Allocation Failure) 6466M->4166M(6572M) 111.278ms
[549.726s][info][gc,cpu         ] GC(189) User=0.63s Sys=0.03s Real=0.11s
.[551.286s][info][gc,start       ] GC(190) Pause Young (Allocation Failure)
[551.395s][info][gc,heap        ] GC(190) PSYoungGen: 2608731K(2621440K)->149984K(2599936K) Eden: 2449920K(2449920K)->0K(2449920K) From: 158811K(171520K)->149984K(150016K)
[551.395s][info][gc,heap        ] GC(190) ParOldGen: 4107841K(4108288K)->4203769K(4204032K)
[551.395s][info][gc,metaspace   ] GC(190) Metaspace: 28960K(29376K)->28960K(29376K) NonClass: 24073K(24256K)->24073K(24256K) Class: 4887K(5120K)->4887K(5120K)
[551.395s][info][gc             ] GC(190) Pause Young (Allocation Failure) 6559M->4251M(6644M) 108.424ms
[551.395s][info][gc,cpu         ] GC(190) User=0.61s Sys=0.04s Real=0.11s
.[552.900s][info][gc,start       ] GC(191) Pause Young (Allocation Failure)
[553.004s][info][gc,heap        ] GC(191) PSYoungGen: 2599904K(2599936K)->153392K(2623488K) Eden: 2449920K(2449920K)->0K(2452480K) From: 149984K(150016K)->153392K(171008K)
[553.004s][info][gc,heap        ] GC(191) ParOldGen: 4203769K(4204032K)->4292929K(4293120K)
[553.004s][info][gc,metaspace   ] GC(191) Metaspace: 28960K(29376K)->28960K(29376K) NonClass: 24073K(24256K)->24073K(24256K) Class: 4887K(5120K)->4887K(5120K)
[553.004s][info][gc             ] GC(191) Pause Young (Allocation Failure) 6644M->4342M(6754M) 103.897ms
[553.004s][info][gc,cpu         ] GC(191) User=0.57s Sys=0.03s Real=0.11s
..[554.538s][info][gc,start       ] GC(192) Pause Young (Allocation Failure)
[554.649s][info][gc,heap        ] GC(192) PSYoungGen: 2605872K(2623488K)->153412K(2622464K) Eden: 2452480K(2452480K)->0K(2452480K) From: 153392K(171008K)->153412K(169984K)
[554.649s][info][gc,heap        ] GC(192) ParOldGen: 4292929K(4293120K)->4389698K(4389888K)
[554.649s][info][gc,metaspace   ] GC(192) Metaspace: 28960K(29376K)->28960K(29376K) NonClass: 24073K(24256K)->24073K(24256K) Class: 4887K(5120K)->4887K(5120K)
[554.649s][info][gc             ] GC(192) Pause Young (Allocation Failure) 6737M->4436M(6848M) 110.899ms
[554.649s][info][gc,cpu         ] GC(192) User=0.63s Sys=0.03s Real=0.11s
. (rIR:aIR:PR = 12832:12426:12326) (tPR = 183406) [OK] 
   555s:       trying IR =  13089 [556.153s][info][gc,start       ] GC(193) Pause Young (Allocation Failure)
[556.264s][info][gc,heap        ] GC(193) PSYoungGen: 2605892K(2622464K)->162976K(2621440K) Eden: 2452480K(2452480K)->0K(2452480K) From: 153412K(169984K)->162976K(168960K)
[556.264s][info][gc,heap        ] GC(193) ParOldGen: 4389698K(4389888K)->4479946K(4480000K)
[556.264s][info][gc,metaspace   ] GC(193) Metaspace: 28960K(29376K)->28960K(29376K) NonClass: 24073K(24256K)->24073K(24256K) Class: 4887K(5120K)->4887K(5120K)
[556.264s][info][gc             ] GC(193) Pause Young (Allocation Failure) 6831M->4534M(6935M) 111.675ms
[556.264s][info][gc,cpu         ] GC(193) User=0.62s Sys=0.03s Real=0.12s
.[557.693s][info][gc,start       ] GC(194) Pause Young (Allocation Failure)
[557.852s][info][gc,heap        ] GC(194) PSYoungGen: 2615456K(2621440K)->160512K(2613248K) Eden: 2452480K(2452480K)->0K(2452480K) From: 162976K(168960K)->160512K(160768K)
[557.852s][info][gc,heap        ] GC(194) ParOldGen: 4479946K(4480000K)->4577290K(4577792K)
[557.852s][info][gc,metaspace   ] GC(194) Metaspace: 28960K(29376K)->28960K(29376K) NonClass: 24073K(24256K)->24073K(24256K) Class: 4887K(5120K)->4887K(5120K)
[557.852s][info][gc             ] GC(194) Pause Young (Allocation Failure) 6929M->4626M(7022M) 158.564ms
[557.852s][info][gc,cpu         ] GC(194) User=0.63s Sys=0.03s Real=0.15s
.[559.364s][info][gc,start       ] GC(195) Pause Young (Allocation Failure)
[559.474s][info][gc,heap        ] GC(195) PSYoungGen: 2612992K(2613248K)->151184K(2625024K) Eden: 2452480K(2452480K)->0K(2452480K) From: 160512K(160768K)->151184K(172544K)
[559.474s][info][gc,heap        ] GC(195) ParOldGen: 4577290K(4577792K)->4675522K(4675584K)
[559.474s][info][gc,metaspace   ] GC(195) Metaspace: 28965K(29376K)->28965K(29376K) NonClass: 24077K(24256K)->24077K(24256K) Class: 4887K(5120K)->4887K(5120K)
[559.474s][info][gc             ] GC(195) Pause Young (Allocation Failure) 7021M->4713M(7129M) 109.545ms
[559.474s][info][gc,cpu         ] GC(195) User=0.62s Sys=0.03s Real=0.11s
.[561.021s][info][gc,start       ] GC(196) Pause Young (Allocation Failure)
[561.134s][info][gc,heap        ] GC(196) PSYoungGen: 2603664K(2625024K)->165993K(2618880K) Eden: 2452480K(2452480K)->0K(2452480K) From: 151184K(172544K)->165993K(166400K)
[561.134s][info][gc,heap        ] GC(196) ParOldGen: 4675522K(4675584K)->4767666K(4767744K)
[561.134s][info][gc,metaspace   ] GC(196) Metaspace: 28965K(29376K)->28965K(29376K) NonClass: 24077K(24256K)->24077K(24256K) Class: 4887K(5120K)->4887K(5120K)
[561.134s][info][gc             ] GC(196) Pause Young (Allocation Failure) 7108M->4818M(7213M) 113.898ms
[561.134s][info][gc,cpu         ] GC(196) User=0.65s Sys=0.02s Real=0.12s
.[562.686s][info][gc,start       ] GC(197) Pause Young (Allocation Failure)
[562.841s][info][gc,heap        ] GC(197) PSYoungGen: 2618473K(2618880K)->150730K(2623488K) Eden: 2452480K(2452480K)->0K(2449408K) From: 165993K(166400K)->150730K(174080K)
[562.841s][info][gc,heap        ] GC(197) ParOldGen: 4767666K(4767744K)->4862218K(4862464K)
[562.841s][info][gc,metaspace   ] GC(197) Metaspace: 28965K(29376K)->28965K(29376K) NonClass: 24077K(24256K)->24077K(24256K) Class: 4887K(5120K)->4887K(5120K)
[562.841s][info][gc             ] GC(197) Pause Young (Allocation Failure) 7213M->4895M(7310M) 155.663ms
[562.841s][info][gc,cpu         ] GC(197) User=0.61s Sys=0.03s Real=0.15s
?..[564.299s][info][gc,start       ] GC(198) Pause Young (Allocation Failure)
[564.405s][info][gc,heap        ] GC(198) PSYoungGen: 2600138K(2623488K)->149428K(2598912K) Eden: 2449408K(2449408K)->0K(2449408K) From: 150730K(174080K)->149428K(149504K)
[564.405s][info][gc,heap        ] GC(198) ParOldGen: 4862218K(4862464K)->4951722K(4952064K)
[564.405s][info][gc,metaspace   ] GC(198) Metaspace: 28965K(29376K)->28965K(29376K) NonClass: 24077K(24256K)->24077K(24256K) Class: 4887K(5120K)->4887K(5120K)
[564.405s][info][gc             ] GC(198) Pause Young (Allocation Failure) 7287M->4981M(7374M) 106.075ms
[564.405s][info][gc,cpu         ] GC(198) User=0.59s Sys=0.03s Real=0.11s
.[566.122s][info][gc,start       ] GC(199) Pause Young (Allocation Failure)
[566.233s][info][gc,heap        ] GC(199) PSYoungGen: 2598836K(2598912K)->149204K(2621952K) Eden: 2449408K(2449408K)->0K(2450432K) From: 149428K(149504K)->149204K(171520K)
[566.233s][info][gc,heap        ] GC(199) ParOldGen: 4951722K(4952064K)->5051362K(5051392K)
[566.233s][info][gc,metaspace   ] GC(199) Metaspace: 28965K(29376K)->28965K(29376K) NonClass: 24077K(24256K)->24077K(24256K) Class: 4887K(5120K)->4887K(5120K)
[566.233s][info][gc             ] GC(199) Pause Young (Allocation Failure) 7373M->5078M(7493M) 110.755ms
[566.233s][info][gc,cpu         ] GC(199) User=0.62s Sys=0.04s Real=0.11s
..[567.697s][info][gc,start       ] GC(200) Pause Young (Allocation Failure)
[567.850s][info][gc,heap        ] GC(200) PSYoungGen: 2599636K(2621952K)->152728K(2620928K) Eden: 2450432K(2450432K)->0K(2450432K) From: 149204K(171520K)->152728K(170496K)
[567.850s][info][gc,heap        ] GC(200) ParOldGen: 5051362K(5051392K)->5136290K(5136384K)
[567.850s][info][gc,metaspace   ] GC(200) Metaspace: 28965K(29376K)->28965K(29376K) NonClass: 24077K(24256K)->24077K(24256K) Class: 4887K(5120K)->4887K(5120K)
[567.850s][info][gc             ] GC(200) Pause Young (Allocation Failure) 7471M->5165M(7575M) 153.532ms
[567.850s][info][gc,cpu         ] GC(200) User=0.59s Sys=0.03s Real=0.15s
.[569.151s][info][gc,start       ] GC(201) Pause Young (Allocation Failure)
[569.262s][info][gc,heap        ] GC(201) PSYoungGen: 2603160K(2620928K)->160864K(2621952K) Eden: 2450432K(2450432K)->0K(2452992K) From: 152728K(170496K)->160864K(168960K)
[569.262s][info][gc,heap        ] GC(201) ParOldGen: 5136290K(5136384K)->5225442K(5225472K)
[569.262s][info][gc,metaspace   ] GC(201) Metaspace: 28965K(29376K)->28965K(29376K) NonClass: 24077K(24256K)->24077K(24256K) Class: 4887K(5120K)->4887K(5120K)
[569.262s][info][gc             ] GC(201) Pause Young (Allocation Failure) 7558M->5260M(7663M) 111.133ms
[569.262s][info][gc,cpu         ] GC(201) User=0.62s Sys=0.04s Real=0.11s
.[570.967s][info][gc,start       ] GC(202) Pause Young (Allocation Failure)
[571.080s][info][gc,heap        ] GC(202) PSYoungGen: 2613856K(2621952K)->146169K(2622976K) Eden: 2452992K(2452992K)->0K(2452992K) From: 160864K(168960K)->146169K(169984K)
[571.080s][info][gc,heap        ] GC(202) ParOldGen: 5225442K(5225472K)->5332106K(5332480K)
[571.080s][info][gc,metaspace   ] GC(202) Metaspace: 28965K(29376K)->28965K(29376K) NonClass: 24078K(24256K)->24078K(24256K) Class: 4887K(5120K)->4887K(5120K)
[571.080s][info][gc             ] GC(202) Pause Young (Allocation Failure) 7655M->5349M(7769M) 112.575ms
[571.080s][info][gc,cpu         ] GC(202) User=0.64s Sys=0.03s Real=0.11s
.[572.604s][info][gc,start       ] GC(203) Pause Young (Allocation Failure)
[572.712s][info][gc,heap        ] GC(203) PSYoungGen: 2599161K(2622976K)->159008K(2625024K) Eden: 2452992K(2452992K)->0K(2455040K) From: 146169K(169984K)->159008K(169984K)
[572.712s][info][gc,heap        ] GC(203) ParOldGen: 5332106K(5332480K)->5416522K(5416960K)
[572.712s][info][gc,metaspace   ] GC(203) Metaspace: 28965K(29376K)->28965K(29376K) NonClass: 24078K(24256K)->24078K(24256K) Class: 4887K(5120K)->4887K(5120K)
[572.712s][info][gc             ] GC(203) Pause Young (Allocation Failure) 7745M->5444M(7853M) 107.881ms
[572.712s][info][gc,cpu         ] GC(203) User=0.61s Sys=0.02s Real=0.10s
.[574.261s][info][gc,start       ] GC(204) Pause Young (Allocation Failure)
[574.374s][info][gc,heap        ] GC(204) PSYoungGen: 2614048K(2625024K)->166772K(2621952K) Eden: 2455040K(2455040K)->0K(2455040K) From: 159008K(169984K)->166772K(166912K)
[574.374s][info][gc,heap        ] GC(204) ParOldGen: 5416522K(5416960K)->5510138K(5510144K)
[574.374s][info][gc,metaspace   ] GC(204) Metaspace: 28965K(29376K)->28965K(29376K) NonClass: 24078K(24256K)->24078K(24256K) Class: 4887K(5120K)->4887K(5120K)
[574.374s][info][gc             ] GC(204) Pause Young (Allocation Failure) 7842M->5543M(7941M) 113.170ms
[574.374s][info][gc,cpu         ] GC(204) User=0.65s Sys=0.02s Real=0.12s
?.[575.972s][info][gc,start       ] GC(205) Pause Full (Allocation Failure)
[575.972s][info][gc,phases,start] GC(205) Marking Phase
[576.277s][info][gc,phases      ] GC(205) Marking Phase 305.122ms
[576.277s][info][gc,phases,start] GC(205) Summary Phase
[576.277s][info][gc,phases      ] GC(205) Summary Phase 0.099ms
[576.277s][info][gc,phases,start] GC(205) Forward
[576.425s][info][gc,phases      ] GC(205) Forward 147.987ms
[576.425s][info][gc,phases,start] GC(205) Adjust Pointers
[576.646s][info][gc,phases      ] GC(205) Adjust Pointers 220.565ms
[576.646s][info][gc,phases,start] GC(205) Compaction Phase
[576.799s][info][gc,phases      ] GC(205) Compaction Phase 153.250ms
[576.801s][info][gc,phases,start] GC(205) Post Compact
[576.808s][info][gc,phases      ] GC(205) Post Compact 6.856ms
[576.928s][info][gc,heap        ] GC(205) PSYoungGen: 2621812K(2621952K)->0K(2622464K) Eden: 2455040K(2455040K)->0K(2448896K) From: 166772K(166912K)->0K(173568K)
[576.928s][info][gc,heap        ] GC(205) ParOldGen: 5510138K(5510144K)->1435892K(1620992K)
[576.928s][info][gc,metaspace   ] GC(205) Metaspace: 28965K(29376K)->28965K(29376K) NonClass: 24078K(24256K)->24078K(24256K) Class: 4887K(5120K)->4887K(5120K)
[576.928s][info][gc             ] GC(205) Pause Full (Allocation Failure) 7941M->1402M(4144M) 956.068ms
[576.928s][info][gc,cpu         ] GC(205) User=4.40s Sys=0.12s Real=0.96s
?.[578.302s][info][gc,start       ] GC(206) Pause Young (Allocation Failure)
[578.378s][info][gc,heap        ] GC(206) PSYoungGen: 2448896K(2622464K)->160064K(2622464K) Eden: 2448896K(2448896K)->0K(2448896K) From: 0K(173568K)->160064K(173568K)
[578.378s][info][gc,heap        ] GC(206) ParOldGen: 1435892K(1620992K)->1435892K(1620992K)
[578.378s][info][gc,metaspace   ] GC(206) Metaspace: 28968K(29376K)->28968K(29376K) NonClass: 24081K(24256K)->24081K(24256K) Class: 4887K(5120K)->4887K(5120K)
[578.378s][info][gc             ] GC(206) Pause Young (Allocation Failure) 3793M->1558M(4144M) 76.100ms
[578.378s][info][gc,cpu         ] GC(206) User=0.45s Sys=0.00s Real=0.08s
..[580.059s][info][gc,start       ] GC(207) Pause Young (Allocation Failure)
[580.160s][info][gc,heap        ] GC(207) PSYoungGen: 2608960K(2622464K)->144704K(2622464K) Eden: 2448896K(2448896K)->0K(2448896K) From: 160064K(173568K)->144704K(173568K)
[580.160s][info][gc,heap        ] GC(207) ParOldGen: 1435892K(1620992K)->1536380K(1620992K)
[580.160s][info][gc,metaspace   ] GC(207) Metaspace: 28968K(29376K)->28968K(29376K) NonClass: 24081K(24256K)->24081K(24256K) Class: 4887K(5120K)->4887K(5120K)
[580.160s][info][gc             ] GC(207) Pause Young (Allocation Failure) 3950M->1641M(4144M) 100.511ms
[580.160s][info][gc,cpu         ] GC(207) User=0.59s Sys=0.00s Real=0.10s
.[581.530s][info][gc,start       ] GC(208) Pause Young (Allocation Failure)
[581.640s][info][gc,heap        ] GC(208) PSYoungGen: 2593600K(2622464K)->173541K(2622464K) Eden: 2448896K(2448896K)->0K(2448896K) From: 144704K(173568K)->173541K(173568K)
[581.640s][info][gc,heap        ] GC(208) ParOldGen: 1536380K(1620992K)->1623132K(1623552K)
[581.640s][info][gc,metaspace   ] GC(208) Metaspace: 28968K(29376K)->28968K(29376K) NonClass: 24081K(24256K)->24081K(24256K) Class: 4887K(5120K)->4887K(5120K)
[581.640s][info][gc             ] GC(208) Pause Young (Allocation Failure) 4033M->1754M(4146M) 110.451ms
[581.640s][info][gc,cpu         ] GC(208) User=0.65s Sys=0.00s Real=0.11s
.[583.191s][info][gc,start       ] GC(209) Pause Young (Allocation Failure)
[583.298s][info][gc,heap        ] GC(209) PSYoungGen: 2622437K(2622464K)->148512K(2550784K) Eden: 2448896K(2448896K)->0K(2377216K) From: 173541K(173568K)->148512K(173568K)
[583.298s][info][gc,heap        ] GC(209) ParOldGen: 1623132K(1623552K)->1725252K(1725440K)
[583.298s][info][gc,metaspace   ] GC(209) Metaspace: 28968K(29376K)->28968K(29376K) NonClass: 24081K(24256K)->24081K(24256K) Class: 4887K(5120K)->4887K(5120K)
[583.298s][info][gc             ] GC(209) Pause Young (Allocation Failure) 4146M->1829M(4176M) 107.595ms
[583.299s][info][gc,cpu         ] GC(209) User=0.60s Sys=0.03s Real=0.11s
..[585.052s][info][gc,start       ] GC(210) Pause Young (Allocation Failure)
[585.153s][info][gc,heap        ] GC(210) PSYoungGen: 2525728K(2550784K)->137760K(2586624K) Eden: 2377216K(2377216K)->0K(2377216K) From: 148512K(173568K)->137760K(209408K)
[585.153s][info][gc,heap        ] GC(210) ParOldGen: 1725252K(1725440K)->1826564K(1826816K)
[585.153s][info][gc,metaspace   ] GC(210) Metaspace: 28968K(29376K)->28968K(29376K) NonClass: 24081K(24256K)->24081K(24256K) Class: 4887K(5120K)->4887K(5120K)
[585.153s][info][gc             ] GC(210) Pause Young (Allocation Failure) 4151M->1918M(4310M) 100.832ms
[585.153s][info][gc,cpu         ] GC(210) User=0.56s Sys=0.03s Real=0.10s
.[586.364s][info][gc,start       ] GC(211) Pause Young (Allocation Failure)
[586.468s][info][gc,heap        ] GC(211) PSYoungGen: 2514976K(2586624K)->164868K(2579968K) Eden: 2377216K(2377216K)->0K(2377728K) From: 137760K(209408K)->164868K(202240K)
[586.468s][info][gc,heap        ] GC(211) ParOldGen: 1826564K(1826816K)->1901596K(1902080K)
[586.468s][info][gc,metaspace   ] GC(211) Metaspace: 28968K(29376K)->28968K(29376K) NonClass: 24081K(24256K)->24081K(24256K) Class: 4887K(5120K)->4887K(5120K)
[586.468s][info][gc             ] GC(211) Pause Young (Allocation Failure) 4239M->2018M(4377M) 103.774ms
[586.468s][info][gc,cpu         ] GC(211) User=0.59s Sys=0.02s Real=0.10s
. (rIR:aIR:PR = 13089:12977:12022) (tPR = 176710) [PR is under limit] 
   586s: Re-initializing (term[587.998s][info][gc,start       ] GC(212) Pause Young (Allocation Failure)
[588.106s][info][gc,heap        ] GC(212) PSYoungGen: 2542596K(2579968K)->145814K(2583552K) Eden: 2377728K(2377728K)->0K(2377728K) From: 164868K(202240K)->145814K(205824K)
[588.106s][info][gc,heap        ] GC(212) ParOldGen: 1901596K(1902080K)->2006900K(2007040K)
[588.106s][info][gc,metaspace   ] GC(212) Metaspace: 28968K(29376K)->28968K(29376K) NonClass: 24081K(24256K)->24081K(24256K) Class: 4887K(5120K)->4887K(5120K)
[588.106s][info][gc             ] GC(212) Pause Young (Allocation Failure) 4340M->2102M(4483M) 107.698ms
[588.106s][info][gc,cpu         ] GC(212) User=0.60s Sys=0.04s Real=0.11s
[589.477s][info][gc,start       ] GC(213) Pause Young (Allocation Failure)
[589.589s][info][gc,heap        ] GC(213) PSYoungGen: 2523542K(2583552K)->168352K(2586624K) Eden: 2377728K(2377728K)->0K(2386432K) From: 145814K(205824K)->168352K(200192K)
[589.589s][info][gc,heap        ] GC(213) ParOldGen: 2006900K(2007040K)->2100196K(2100224K)
[589.589s][info][gc,metaspace   ] GC(213) Metaspace: 28968K(29376K)->28968K(29376K) NonClass: 24081K(24256K)->24081K(24256K) Class: 4887K(5120K)->4887K(5120K)
[589.589s][info][gc             ] GC(213) Pause Young (Allocation Failure) 4424M->2215M(4577M) 112.554ms
[589.589s][info][gc,cpu         ] GC(213) User=0.63s Sys=0.03s Real=0.11s
) [590.108s][info][gc,start       ] GC(214) Pause Full (System.gc())
[590.108s][info][gc,phases,start] GC(214) Marking Phase
[590.128s][info][gc,phases      ] GC(214) Marking Phase 20.054ms
[590.128s][info][gc,phases,start] GC(214) Summary Phase
[590.128s][info][gc,phases      ] GC(214) Summary Phase 0.048ms
[590.128s][info][gc,phases,start] GC(214) Forward
[590.131s][info][gc,phases      ] GC(214) Forward 2.590ms
[590.131s][info][gc,phases,start] GC(214) Adjust Pointers
[590.144s][info][gc,phases      ] GC(214) Adjust Pointers 12.826ms
[590.144s][info][gc,phases,start] GC(214) Compaction Phase
[590.181s][info][gc,phases      ] GC(214) Compaction Phase 36.938ms
[590.181s][info][gc,phases,start] GC(214) Post Compact
[590.184s][info][gc,phases      ] GC(214) Post Compact 3.264ms
[590.184s][info][gc,heap        ] GC(214) PSYoungGen: 970610K(2586624K)->0K(2586624K) Eden: 802258K(2386432K)->0K(2386432K) From: 168352K(200192K)->0K(200192K)
[590.184s][info][gc,heap        ] GC(214) ParOldGen: 2100196K(2100224K)->310673K(2100224K)
[590.184s][info][gc,metaspace   ] GC(214) Metaspace: 28969K(29376K)->28969K(29376K) NonClass: 24082K(24256K)->24082K(24256K) Class: 4887K(5120K)->4887K(5120K)
[590.184s][info][gc             ] GC(214) Pause Full (System.gc()) 2998M->303M(4577M) 75.952ms
[590.184s][info][gc,cpu         ] GC(214) User=0.39s Sys=0.00s Real=0.08s
(init[592.138s][info][gc,start       ] GC(215) Pause Young (Allocation Failure)
[592.392s][info][gc,heap        ] GC(215) PSYoungGen: 2386432K(2586624K)->202747K(2589184K) Eden: 2386432K(2386432K)->0K(2386432K) From: 0K(200192K)->202747K(202752K)
[592.392s][info][gc,heap        ] GC(215) ParOldGen: 310673K(2100224K)->630652K(2100224K)
[592.392s][info][gc,metaspace   ] GC(215) Metaspace: 28970K(29376K)->28970K(29376K) NonClass: 24083K(24256K)->24083K(24256K) Class: 4887K(5120K)->4887K(5120K)
[592.392s][info][gc             ] GC(215) Pause Young (Allocation Failure) 2633M->813M(4579M) 253.454ms
[592.392s][info][gc,cpu         ] GC(215) User=1.51s Sys=0.00s Real=0.25s
) [594.571s][info][gc,start       ] GC(216) Pause Full (Diagnostic Command)
[594.571s][info][gc,phases,start] GC(216) Marking Phase
[594.880s][info][gc,phases      ] GC(216) Marking Phase 308.283ms
[594.880s][info][gc,phases,start] GC(216) Summary Phase
[594.880s][info][gc,phases      ] GC(216) Summary Phase 0.035ms
[594.880s][info][gc,phases,start] GC(216) Forward
[595.043s][info][gc,phases      ] GC(216) Forward 162.989ms
[595.043s][info][gc,phases,start] GC(216) Adjust Pointers
[595.235s][info][gc,phases      ] GC(216) Adjust Pointers 191.479ms
[595.235s][info][gc,phases,start] GC(216) Compaction Phase
[595.452s][info][gc,phases      ] GC(216) Compaction Phase 217.109ms
[595.452s][info][gc,phases,start] GC(216) Post Compact
[595.454s][info][gc,phases      ] GC(216) Post Compact 2.134ms
[595.454s][info][gc,heap        ] GC(216) PSYoungGen: 1906288K(2589184K)->0K(2589184K) Eden: 1703540K(2386432K)->0K(2386432K) From: 202747K(202752K)->0K(202752K)
[595.454s][info][gc,heap        ] GC(216) ParOldGen: 630652K(2100224K)->1248866K(2100224K)
[595.454s][info][gc,metaspace   ] GC(216) Metaspace: 28979K(29376K)->28979K(29376K) NonClass: 24091K(24256K)->24091K(24256K) Class: 4887K(5120K)->4887K(5120K)
[595.454s][info][gc             ] GC(216) Pause Full (Diagnostic Command) 2477M->1219M(4579M) 883.049ms
[595.454s][info][gc,cpu         ] GC(216) User=4.94s Sys=0.00s Real=0.89s
... OK
   597s: Searching from base IR = 12832
   597s:       rampup IR =      0 ... (rIR:aIR:PR = 0:0:0) (tPR = 0) [OK] 
   600s:       rampup IR =   1283 .... (rIR:aIR:PR = 1283:1280:1280) (tPR = 18231) [OK] 
   604s:       rampup IR =   2566 .... (rIR:aIR:PR = 2566:2577:2577) (tPR = 38294) [OK] 
   608s:       rampup IR =   3850 [608.978s][info][gc,start       ] GC(217) Pause Young (Allocation Failure)
[609.050s][info][gc,heap        ] GC(217) PSYoungGen: 2386432K(2589184K)->133520K(2343424K) Eden: 2386432K(2386432K)->0K(2136576K) From: 0K(202752K)->133520K(206848K)
[609.050s][info][gc,heap        ] GC(217) ParOldGen: 1248866K(2100224K)->1248874K(2100224K)
[609.050s][info][gc,metaspace   ] GC(217) Metaspace: 28996K(29376K)->28996K(29376K) NonClass: 24108K(24256K)->24108K(24256K) Class: 4887K(5120K)->4887K(5120K)
[609.050s][info][gc             ] GC(217) Pause Young (Allocation Failure) 3550M->1349M(4339M) 72.182ms
[609.050s][info][gc,cpu         ] GC(217) User=0.43s Sys=0.00s Real=0.07s
.... (rIR:aIR:PR = 3850:3851:3851) (tPR = 54829) [OK] 
   612s:       rampup IR =   5133 [613.308s][info][gc,start       ] GC(218) Pause Young (Allocation Failure)
[613.406s][info][gc,heap        ] GC(218) PSYoungGen: 2270096K(2343424K)->129728K(2466304K) Eden: 2136576K(2136576K)->0K(2136576K) From: 133520K(206848K)->129728K(329728K)
[613.406s][info][gc,heap        ] GC(218) ParOldGen: 1248874K(2100224K)->1339480K(2100224K)
[613.406s][info][gc,metaspace   ] GC(218) Metaspace: 28998K(29376K)->28998K(29376K) NonClass: 24110K(24256K)->24110K(24256K) Class: 4888K(5120K)->4888K(5120K)
[613.406s][info][gc             ] GC(218) Pause Young (Allocation Failure) 3436M->1434M(4459M) 97.938ms
[613.406s][info][gc,cpu         ] GC(218) User=0.57s Sys=0.00s Real=0.10s
.... (rIR:aIR:PR = 5133:5183:5182) (tPR = 76663) [OK] 
   616s:       rampup IR =   6416 [616.602s][info][gc,start       ] GC(219) Pause Young (Allocation Failure)
[616.694s][info][gc,heap        ] GC(219) PSYoungGen: 2266304K(2466304K)->127605K(2453504K) Eden: 2136576K(2136576K)->0K(2140160K) From: 129728K(329728K)->127605K(313344K)
[616.694s][info][gc,heap        ] GC(219) ParOldGen: 1339480K(2100224K)->1429272K(2100224K)
[616.694s][info][gc,metaspace   ] GC(219) Metaspace: 29001K(29376K)->29001K(29376K) NonClass: 24112K(24256K)->24112K(24256K) Class: 4888K(5120K)->4888K(5120K)
[616.694s][info][gc             ] GC(219) Pause Young (Allocation Failure) 3521M->1520M(4447M) 91.654ms
[616.694s][info][gc,cpu         ] GC(219) User=0.55s Sys=0.00s Real=0.10s
..[619.353s][info][gc,start       ] GC(220) Pause Young (Allocation Failure)
[619.447s][info][gc,heap        ] GC(220) PSYoungGen: 2267765K(2453504K)->135028K(2461696K) Eden: 2140160K(2140160K)->0K(2140160K) From: 127605K(313344K)->135028K(321536K)
[619.447s][info][gc,heap        ] GC(220) ParOldGen: 1429272K(2100224K)->1516536K(2100224K)
[619.447s][info][gc,metaspace   ] GC(220) Metaspace: 29001K(29376K)->29001K(29376K) NonClass: 24112K(24256K)->24112K(24256K) Class: 4888K(5120K)->4888K(5120K)
[619.447s][info][gc             ] GC(220) Pause Young (Allocation Failure) 3610M->1612M(4455M) 93.092ms
[619.447s][info][gc,cpu         ] GC(220) User=0.55s Sys=0.00s Real=0.09s
.. (rIR:aIR:PR = 6416:6395:6395) (tPR = 94986) [OK] 
   620s:       rampup IR =   7699 .[621.838s][info][gc,start       ] GC(221) Pause Young (Allocation Failure)
[621.926s][info][gc,heap        ] GC(221) PSYoungGen: 2275188K(2461696K)->126432K(2460672K) Eden: 2140160K(2140160K)->0K(2159616K) From: 135028K(321536K)->126432K(301056K)
[621.926s][info][gc,heap        ] GC(221) ParOldGen: 1516536K(2100224K)->1605129K(2100224K)
[621.926s][info][gc,metaspace   ] GC(221) Metaspace: 29002K(29376K)->29002K(29376K) NonClass: 24113K(24256K)->24113K(24256K) Class: 4888K(5120K)->4888K(5120K)
[621.926s][info][gc             ] GC(221) Pause Young (Allocation Failure) 3702M->1690M(4454M) 88.054ms
[621.926s][info][gc,cpu         ] GC(221) User=0.52s Sys=0.00s Real=0.09s
..[624.119s][info][gc,start       ] GC(222) Pause Young (Allocation Failure)
[624.208s][info][gc,heap        ] GC(222) PSYoungGen: 2286048K(2460672K)->125680K(2468352K) Eden: 2159616K(2159616K)->0K(2159616K) From: 126432K(301056K)->125680K(308736K)
[624.208s][info][gc,heap        ] GC(222) ParOldGen: 1605129K(2100224K)->1691961K(2100224K)
[624.208s][info][gc,metaspace   ] GC(222) Metaspace: 29002K(29376K)->29002K(29376K) NonClass: 24113K(24256K)->24113K(24256K) Class: 4888K(5120K)->4888K(5120K)
[624.208s][info][gc             ] GC(222) Pause Young (Allocation Failure) 3799M->1775M(4461M) 88.200ms
[624.208s][info][gc,cpu         ] GC(222) User=0.52s Sys=0.00s Real=0.09s
. (rIR:aIR:PR = 7699:7696:7696) (tPR = 113122) [OK] 
   624s:       rampup IR =   8982 .[626.213s][info][gc,start       ] GC(223) Pause Young (Allocation Failure)
[626.303s][info][gc,heap        ] GC(223) PSYoungGen: 2285296K(2468352K)->131648K(2469376K) Eden: 2159616K(2159616K)->0K(2184704K) From: 125680K(308736K)->131648K(284672K)
[626.303s][info][gc,heap        ] GC(223) ParOldGen: 1691961K(2100224K)->1777201K(2100224K)
[626.303s][info][gc,metaspace   ] GC(223) Metaspace: 29002K(29376K)->29002K(29376K) NonClass: 24113K(24256K)->24113K(24256K) Class: 4888K(5120K)->4888K(5120K)
[626.303s][info][gc             ] GC(223) Pause Young (Allocation Failure) 3884M->1864M(4462M) 89.985ms
[626.304s][info][gc,cpu         ] GC(223) User=0.53s Sys=0.01s Real=0.09s
..[628.248s][info][gc,start       ] GC(224) Pause Young (Allocation Failure)
[628.341s][info][gc,heap        ] GC(224) PSYoungGen: 2316352K(2469376K)->134517K(2479104K) Eden: 2184704K(2184704K)->0K(2184704K) From: 131648K(284672K)->134517K(294400K)
[628.341s][info][gc,heap        ] GC(224) ParOldGen: 1777201K(2100224K)->1864609K(2100224K)
[628.341s][info][gc,metaspace   ] GC(224) Metaspace: 29002K(29376K)->29002K(29376K) NonClass: 24113K(24256K)->24113K(24256K) Class: 4888K(5120K)->4888K(5120K)
[628.341s][info][gc             ] GC(224) Pause Young (Allocation Failure) 3997M->1952M(4472M) 92.947ms
[628.341s][info][gc,cpu         ] GC(224) User=0.55s Sys=0.00s Real=0.09s
. (rIR:aIR:PR = 8982:8662:8666) (tPR = 128926) [OK] 
   628s:       rampup IR =  10266 .[630.049s][info][gc,start       ] GC(225) Pause Young (Allocation Failure)
[630.141s][info][gc,heap        ] GC(225) PSYoungGen: 2319221K(2479104K)->135552K(2483200K) Eden: 2184704K(2184704K)->0K(2215936K) From: 134517K(294400K)->135552K(267264K)
[630.141s][info][gc,heap        ] GC(225) ParOldGen: 1864609K(2100224K)->1950593K(2100224K)
[630.141s][info][gc,metaspace   ] GC(225) Metaspace: 29002K(29376K)->29002K(29376K) NonClass: 24113K(24256K)->24113K(24256K) Class: 4888K(5120K)->4888K(5120K)
[630.141s][info][gc             ] GC(225) Pause Young (Allocation Failure) 4085M->2037M(4476M) 91.376ms
[630.141s][info][gc,cpu         ] GC(225) User=0.54s Sys=0.00s Real=0.09s
..[631.816s][info][gc,start       ] GC(226) Pause Young (Allocation Failure)
[631.909s][info][gc,heap        ] GC(226) PSYoungGen: 2351488K(2483200K)->137264K(2492928K) Eden: 2215936K(2215936K)->0K(2215936K) From: 135552K(267264K)->137264K(276992K)
[631.909s][info][gc,heap        ] GC(226) ParOldGen: 1950593K(2100224K)->2038113K(2100224K)
[631.909s][info][gc,metaspace   ] GC(226) Metaspace: 29002K(29376K)->29002K(29376K) NonClass: 24113K(24256K)->24113K(24256K) Class: 4888K(5120K)->4888K(5120K)
[631.909s][info][gc             ] GC(226) Pause Young (Allocation Failure) 4201M->2124M(4485M) 93.545ms
[631.909s][info][gc,cpu         ] GC(226) User=0.55s Sys=0.00s Real=0.09s
..[633.672s][info][gc,start       ] GC(227) Pause Young (Allocation Failure)
[633.768s][info][gc,heap        ] GC(227) PSYoungGen: 2353200K(2492928K)->135736K(2502656K) Eden: 2215936K(2215936K)->0K(2250752K) From: 137264K(276992K)->135736K(251904K)
[633.768s][info][gc,heap        ] GC(227) ParOldGen: 2038113K(2100224K)->2128681K(2128896K)
[633.768s][info][gc,metaspace   ] GC(227) Metaspace: 29002K(29376K)->29002K(29376K) NonClass: 24113K(24256K)->24113K(24256K) Class: 4888K(5120K)->4888K(5120K)
[633.768s][info][gc             ] GC(227) Pause Young (Allocation Failure) 4288M->2211M(4523M) 95.073ms
[633.768s][info][gc,cpu         ] GC(227) User=0.55s Sys=0.01s Real=0.10s
. (rIR:aIR:PR = 10266:10290:10290) (tPR = 151321) [OK] 
   634s:       rampup IR =  11549 [635.354s][info][gc,start       ] GC(228) Pause Young (Allocation Failure)
[635.453s][info][gc,heap        ] GC(228) PSYoungGen: 2386488K(2502656K)->143744K(2511360K) Eden: 2250752K(2250752K)->0K(2250752K) From: 135736K(251904K)->143744K(260608K)
[635.453s][info][gc,heap        ] GC(228) ParOldGen: 2128681K(2128896K)->2213645K(2213888K)
[635.453s][info][gc,metaspace   ] GC(228) Metaspace: 29002K(29376K)->29002K(29376K) NonClass: 24113K(24256K)->24113K(24256K) Class: 4888K(5120K)->4888K(5120K)
[635.453s][info][gc             ] GC(228) Pause Young (Allocation Failure) 4409M->2302M(4614M) 99.168ms
[635.453s][info][gc,cpu         ] GC(228) User=0.56s Sys=0.02s Real=0.09s
..[637.058s][info][gc,start       ] GC(229) Pause Young (Allocation Failure)
[637.159s][info][gc,heap        ] GC(229) PSYoungGen: 2394496K(2511360K)->141296K(2519552K) Eden: 2250752K(2250752K)->0K(2284032K) From: 143744K(260608K)->141296K(235520K)
[637.159s][info][gc,heap        ] GC(229) ParOldGen: 2213645K(2213888K)->2304593K(2305024K)
[637.159s][info][gc,metaspace   ] GC(229) Metaspace: 29002K(29376K)->29002K(29376K) NonClass: 24113K(24256K)->24113K(24256K) Class: 4888K(5120K)->4888K(5120K)
[637.159s][info][gc             ] GC(229) Pause Young (Allocation Failure) 4500M->2388M(4711M) 100.852ms
[637.159s][info][gc,cpu         ] GC(229) User=0.56s Sys=0.03s Real=0.10s
.. (rIR:aIR:PR = 11549:11651:11685) (tPR = 174564) [OK] 
   638s:       rampup IR =  12832 [638.684s][info][gc,start       ] GC(230) Pause Young (Allocation Failure)
[638.782s][info][gc,heap        ] GC(230) PSYoungGen: 2425328K(2519552K)->133908K(2527232K) Eden: 2284032K(2284032K)->0K(2284032K) From: 141296K(235520K)->133908K(243200K)
[638.782s][info][gc,heap        ] GC(230) ParOldGen: 2304593K(2305024K)->2394005K(2394112K)
[638.782s][info][gc,metaspace   ] GC(230) Metaspace: 29006K(29376K)->29006K(29376K) NonClass: 24117K(24256K)->24117K(24256K) Class: 4888K(5120K)->4888K(5120K)
[638.782s][info][gc             ] GC(230) Pause Young (Allocation Failure) 4619M->2468M(4806M) 97.899ms
[638.782s][info][gc,cpu         ] GC(230) User=0.55s Sys=0.02s Real=0.09s
.[640.274s][info][gc,start       ] GC(231) Pause Young (Allocation Failure)
[640.376s][info][gc,heap        ] GC(231) PSYoungGen: 2417940K(2527232K)->144276K(2534912K) Eden: 2284032K(2284032K)->0K(2315776K) From: 133908K(243200K)->144276K(219136K)
[640.376s][info][gc,heap        ] GC(231) ParOldGen: 2394005K(2394112K)->2483213K(2483712K)
[640.376s][info][gc,metaspace   ] GC(231) Metaspace: 29006K(29376K)->29006K(29376K) NonClass: 24118K(24256K)->24118K(24256K) Class: 4888K(5120K)->4888K(5120K)
[640.376s][info][gc             ] GC(231) Pause Young (Allocation Failure) 4699M->2565M(4901M) 102.086ms
[640.376s][info][gc,cpu         ] GC(231) User=0.57s Sys=0.03s Real=0.10s
..[641.852s][info][gc,start       ] GC(232) Pause Young (Allocation Failure)
[641.950s][info][gc,heap        ] GC(232) PSYoungGen: 2460052K(2534912K)->136368K(2544640K) Eden: 2315776K(2315776K)->0K(2315776K) From: 144276K(219136K)->136368K(228864K)
[641.950s][info][gc,heap        ] GC(232) ParOldGen: 2483213K(2483712K)->2572037K(2572288K)
[641.950s][info][gc,metaspace   ] GC(232) Metaspace: 29006K(29376K)->29006K(29376K) NonClass: 24118K(24256K)->24118K(24256K) Class: 4888K(5120K)->4888K(5120K)
[641.950s][info][gc             ] GC(232) Pause Young (Allocation Failure) 4827M->2644M(4997M) 98.544ms
[641.950s][info][gc,cpu         ] GC(232) User=0.55s Sys=0.03s Real=0.10s
.[643.391s][info][gc,start       ] GC(233) Pause Young (Allocation Failure)
[643.499s][info][gc,heap        ] GC(233) PSYoungGen: 2452144K(2544640K)->153418K(2551808K) Eden: 2315776K(2315776K)->0K(2343936K) From: 136368K(228864K)->153418K(207872K)
[643.499s][info][gc,heap        ] GC(233) ParOldGen: 2572037K(2572288K)->2661541K(2661888K)
[643.499s][info][gc,metaspace   ] GC(233) Metaspace: 29006K(29376K)->29006K(29376K) NonClass: 24118K(24256K)->24118K(24256K) Class: 4888K(5120K)->4888K(5120K)
[643.499s][info][gc             ] GC(233) Pause Young (Allocation Failure) 4906M->2748M(5091M) 108.536ms
[643.499s][info][gc,cpu         ] GC(233) User=0.61s Sys=0.03s Real=0.11s
.[644.994s][info][gc,start       ] GC(234) Pause Young (Allocation Failure)
[645.095s][info][gc,heap        ] GC(234) PSYoungGen: 2497354K(2551808K)->146528K(2561536K) Eden: 2343936K(2343936K)->0K(2343936K) From: 153418K(207872K)->146528K(217600K)
[645.095s][info][gc,heap        ] GC(234) ParOldGen: 2661541K(2661888K)->2752037K(2752512K)
[645.095s][info][gc,metaspace   ] GC(234) Metaspace: 29006K(29376K)->29006K(29376K) NonClass: 24118K(24256K)->24118K(24256K) Class: 4888K(5120K)->4888K(5120K)
[645.095s][info][gc             ] GC(234) Pause Young (Allocation Failure) 5037M->2830M(5189M) 101.035ms
[645.095s][info][gc,cpu         ] GC(234) User=0.58s Sys=0.02s Real=0.10s
..[646.508s][info][gc,start       ] GC(235) Pause Young (Allocation Failure)
[646.605s][info][gc,heap        ] GC(235) PSYoungGen: 2490464K(2561536K)->134288K(2567168K) Eden: 2343936K(2343936K)->0K(2367488K) From: 146528K(217600K)->134288K(199680K)
[646.605s][info][gc,heap        ] GC(235) ParOldGen: 2752037K(2752512K)->2844205K(2844672K)
[646.605s][info][gc,metaspace   ] GC(235) Metaspace: 29006K(29376K)->29006K(29376K) NonClass: 24118K(24256K)->24118K(24256K) Class: 4888K(5120K)->4888K(5120K)
[646.605s][info][gc             ] GC(235) Pause Young (Allocation Failure) 5119M->2908M(5285M) 97.228ms
[646.605s][info][gc,cpu         ] GC(235) User=0.55s Sys=0.02s Real=0.10s
.[648.146s][info][gc,start       ] GC(236) Pause Young (Allocation Failure)
[648.248s][info][gc,heap        ] GC(236) PSYoungGen: 2501776K(2567168K)->143008K(2574336K) Eden: 2367488K(2367488K)->0K(2367488K) From: 134288K(199680K)->143008K(206848K)
[648.248s][info][gc,heap        ] GC(236) ParOldGen: 2844205K(2844672K)->2938005K(2938368K)
[648.248s][info][gc,metaspace   ] GC(236) Metaspace: 29006K(29376K)->29006K(29376K) NonClass: 24118K(24256K)->24118K(24256K) Class: 4888K(5120K)->4888K(5120K)
[648.248s][info][gc             ] GC(236) Pause Young (Allocation Failure) 5220M->3008M(5383M) 102.078ms
[648.248s][info][gc,cpu         ] GC(236) User=0.56s Sys=0.04s Real=0.10s
..[649.673s][info][gc,start       ] GC(237) Pause Young (Allocation Failure)
[649.819s][info][gc,heap        ] GC(237) PSYoungGen: 2510496K(2574336K)->136383K(2578944K) Eden: 2367488K(2367488K)->0K(2387456K) From: 143008K(206848K)->136383K(191488K)
[649.819s][info][gc,heap        ] GC(237) ParOldGen: 2938005K(2938368K)->3027477K(3027968K)
[649.819s][info][gc,metaspace   ] GC(237) Metaspace: 29006K(29376K)->29006K(29376K) NonClass: 24118K(24256K)->24118K(24256K) Class: 4888K(5120K)->4888K(5120K)
[649.819s][info][gc             ] GC(237) Pause Young (Allocation Failure) 5320M->3089M(5475M) 145.750ms
[649.819s][info][gc,cpu         ] GC(237) User=0.55s Sys=0.03s Real=0.14s
.[651.243s][info][gc,start       ] GC(238) Pause Young (Allocation Failure)
[651.347s][info][gc,heap        ] GC(238) PSYoungGen: 2523839K(2578944K)->146544K(2585088K) Eden: 2387456K(2387456K)->0K(2387456K) From: 136383K(191488K)->146544K(197632K)
[651.347s][info][gc,heap        ] GC(238) ParOldGen: 3027477K(3027968K)->3117437K(3117568K)
[651.347s][info][gc,metaspace   ] GC(238) Metaspace: 29011K(29376K)->29011K(29376K) NonClass: 24122K(24256K)->24122K(24256K) Class: 4888K(5120K)->4888K(5120K)
[651.347s][info][gc             ] GC(238) Pause Young (Allocation Failure) 5421M->3187M(5569M) 103.476ms
[651.347s][info][gc,cpu         ] GC(238) User=0.58s Sys=0.03s Real=0.11s
. (rIR:aIR:PR = 12832:12339:12347) (tPR = 184780) [OK] 
   652s:    snapshot, IR =  12832 [652.894s][info][gc,start       ] GC(239) Pause Young (Allocation Failure)
[652.997s][info][gc,heap        ] GC(239) PSYoungGen: 2534000K(2585088K)->140752K(2588672K) Eden: 2387456K(2387456K)->0K(2405376K) From: 146544K(197632K)->140752K(183296K)
[652.997s][info][gc,heap        ] GC(239) ParOldGen: 3117437K(3117568K)->3211493K(3211776K)
[652.997s][info][gc,metaspace   ] GC(239) Metaspace: 29011K(29376K)->29011K(29376K) NonClass: 24122K(24256K)->24122K(24256K) Class: 4888K(5120K)->4888K(5120K)
[652.997s][info][gc             ] GC(239) Pause Young (Allocation Failure) 5518M->3273M(5664M) 102.625ms
[652.997s][info][gc,cpu         ] GC(239) User=0.58s Sys=0.03s Real=0.10s
..[654.501s][info][gc,start       ] GC(240) Pause Young (Allocation Failure)
[654.610s][info][gc,heap        ] GC(240) PSYoungGen: 2546128K(2588672K)->155867K(2594304K) Eden: 2405376K(2405376K)->0K(2405376K) From: 140752K(183296K)->155867K(188928K)
[654.610s][info][gc,heap        ] GC(240) ParOldGen: 3211493K(3211776K)->3300421K(3300864K)
[654.610s][info][gc,metaspace   ] GC(240) Metaspace: 29011K(29376K)->29011K(29376K) NonClass: 24122K(24256K)->24122K(24256K) Class: 4888K(5120K)->4888K(5120K)
[654.610s][info][gc             ] GC(240) Pause Young (Allocation Failure) 5622M->3375M(5757M) 108.763ms
[654.610s][info][gc,cpu         ] GC(240) User=0.61s Sys=0.03s Real=0.11s
.[656.171s][info][gc,start       ] GC(241) Pause Young (Allocation Failure)
[656.281s][info][gc,heap        ] GC(241) PSYoungGen: 2561243K(2594304K)->150112K(2600960K) Eden: 2405376K(2405376K)->0K(2418176K) From: 155867K(188928K)->150112K(182784K)
[656.281s][info][gc,heap        ] GC(241) ParOldGen: 3300421K(3300864K)->3396189K(3396608K)
[656.281s][info][gc,metaspace   ] GC(241) Metaspace: 29011K(29376K)->29011K(29376K) NonClass: 24122K(24256K)->24122K(24256K) Class: 4888K(5120K)->4888K(5120K)
[656.281s][info][gc             ] GC(241) Pause Young (Allocation Failure) 5724M->3463M(5857M) 109.443ms
[656.281s][info][gc,cpu         ] GC(241) User=0.62s Sys=0.03s Real=0.11s
.[657.801s][info][gc,start       ] GC(242) Pause Young (Allocation Failure)
[657.909s][info][gc,heap        ] GC(242) PSYoungGen: 2568288K(2600960K)->152921K(2604032K) Eden: 2418176K(2418176K)->0K(2418176K) From: 150112K(182784K)->152921K(185856K)
[657.909s][info][gc,heap        ] GC(242) ParOldGen: 3396189K(3396608K)->3485597K(3485696K)
[657.909s][info][gc,metaspace   ] GC(242) Metaspace: 29011K(29376K)->29011K(29376K) NonClass: 24122K(24256K)->24122K(24256K) Class: 4888K(5120K)->4888K(5120K)
[657.909s][info][gc             ] GC(242) Pause Young (Allocation Failure) 5824M->3553M(5947M) 108.481ms
[657.909s][info][gc,cpu         ] GC(242) User=0.61s Sys=0.03s Real=0.11s
..[659.427s][info][gc,start       ] GC(243) Pause Young (Allocation Failure)
[659.553s][info][gc,heap        ] GC(243) PSYoungGen: 2571097K(2604032K)->172938K(2599424K) Eden: 2418176K(2418176K)->0K(2415104K) From: 152921K(185856K)->172938K(184320K)
[659.553s][info][gc,heap        ] GC(243) ParOldGen: 3485597K(3485696K)->3579029K(3579392K)
[659.553s][info][gc,metaspace   ] GC(243) Metaspace: 29011K(29376K)->29011K(29376K) NonClass: 24122K(24256K)->24122K(24256K) Class: 4888K(5120K)->4888K(5120K)
[659.553s][info][gc             ] GC(243) Pause Young (Allocation Failure) 5914M->3664M(6034M) 126.415ms
[659.553s][info][gc,cpu         ] GC(243) User=0.70s Sys=0.04s Real=0.13s
.|[661.111s][info][gc,start       ] GC(244) Pause Young (Allocation Failure)
[661.221s][info][gc,heap        ] GC(244) PSYoungGen: 2588042K(2599424K)->155045K(2605568K) Eden: 2415104K(2415104K)->0K(2415104K) From: 172938K(184320K)->155045K(190464K)
[661.221s][info][gc,heap        ] GC(244) ParOldGen: 3579029K(3579392K)->3671701K(3672064K)
[661.221s][info][gc,metaspace   ] GC(244) Metaspace: 29011K(29376K)->29011K(29376K) NonClass: 24122K(24256K)->24122K(24256K) Class: 4888K(5120K)->4888K(5120K)
[661.221s][info][gc             ] GC(244) Pause Young (Allocation Failure) 6022M->3737M(6130M) 110.312ms
[661.221s][info][gc,cpu         ] GC(244) User=0.63s Sys=0.01s Real=0.11s
..[662.730s][info][gc,start       ] GC(245) Pause Young (Allocation Failure)
[662.879s][info][gc,heap        ] GC(245) PSYoungGen: 2570149K(2605568K)->137728K(2600448K) Eden: 2415104K(2415104K)->0K(2417152K) From: 155045K(190464K)->137728K(183296K)
[662.879s][info][gc,heap        ] GC(245) ParOldGen: 3671701K(3672064K)->3764117K(3764224K)
[662.879s][info][gc,metaspace   ] GC(245) Metaspace: 29011K(29376K)->29011K(29376K) NonClass: 24122K(24256K)->24122K(24256K) Class: 4888K(5120K)->4888K(5120K)
[662.879s][info][gc             ] GC(245) Pause Young (Allocation Failure) 6095M->3810M(6215M) 148.901ms
[662.879s][info][gc,cpu         ] GC(245) User=0.58s Sys=0.02s Real=0.15s
.[664.303s][info][gc,start       ] GC(246) Pause Young (Allocation Failure)
[664.411s][info][gc,heap        ] GC(246) PSYoungGen: 2554880K(2600448K)->156864K(2604032K) Eden: 2417152K(2417152K)->0K(2417152K) From: 137728K(183296K)->156864K(186880K)
[664.411s][info][gc,heap        ] GC(246) ParOldGen: 3764117K(3764224K)->3852413K(3852800K)
[664.411s][info][gc,metaspace   ] GC(246) Metaspace: 29011K(29376K)->29011K(29376K) NonClass: 24122K(24256K)->24122K(24256K) Class: 4888K(5120K)->4888K(5120K)
[664.411s][info][gc             ] GC(246) Pause Young (Allocation Failure) 6170M->3915M(6305M) 108.283ms
[664.411s][info][gc,cpu         ] GC(246) User=0.62s Sys=0.02s Real=0.11s
..[665.963s][info][gc,start       ] GC(247) Pause Young (Allocation Failure)
[666.071s][info][gc,heap        ] GC(247) PSYoungGen: 2574016K(2604032K)->146560K(2601984K) Eden: 2417152K(2417152K)->0K(2423296K) From: 156864K(186880K)->146560K(178688K)
[666.071s][info][gc,heap        ] GC(247) ParOldGen: 3852413K(3852800K)->3951893K(3952128K)
[666.071s][info][gc,metaspace   ] GC(247) Metaspace: 29011K(29376K)->29011K(29376K) NonClass: 24122K(24256K)->24122K(24256K) Class: 4888K(5120K)->4888K(5120K)
[666.071s][info][gc             ] GC(247) Pause Young (Allocation Failure) 6275M->4002M(6400M) 108.205ms
[666.071s][info][gc,cpu         ] GC(247) User=0.60s Sys=0.04s Real=0.11s
.[667.591s][info][gc,start       ] GC(248) Pause Young (Allocation Failure)
[667.701s][info][gc,heap        ] GC(248) PSYoungGen: 2569856K(2601984K)->156800K(2606080K) Eden: 2423296K(2423296K)->0K(2423296K) From: 146560K(178688K)->156800K(182784K)
[667.701s][info][gc,heap        ] GC(248) ParOldGen: 3951893K(3952128K)->4042989K(4043264K)
[667.701s][info][gc,metaspace   ] GC(248) Metaspace: 29011K(29376K)->29011K(29376K) NonClass: 24122K(24256K)->24122K(24256K) Class: 4888K(5120K)->4888K(5120K)
[667.701s][info][gc             ] GC(248) Pause Young (Allocation Failure) 6368M->4101M(6493M) 110.163ms
[667.701s][info][gc,cpu         ] GC(248) User=0.63s Sys=0.03s Real=0.11s
.[669.290s][info][gc,start       ] GC(249) Pause Young (Allocation Failure)
[669.402s][info][gc,heap        ] GC(249) PSYoungGen: 2580096K(2606080K)->156110K(2610688K) Eden: 2423296K(2423296K)->0K(2430976K) From: 156800K(182784K)->156110K(179712K)
[669.402s][info][gc,heap        ] GC(249) ParOldGen: 4042989K(4043264K)->4137493K(4137984K)
[669.402s][info][gc,metaspace   ] GC(249) Metaspace: 29011K(29376K)->29011K(29376K) NonClass: 24122K(24256K)->24122K(24256K) Class: 4888K(5120K)->4888K(5120K)
[669.402s][info][gc             ] GC(249) Pause Young (Allocation Failure) 6467M->4192M(6590M) 112.848ms
[669.402s][info][gc,cpu         ] GC(249) User=0.64s Sys=0.04s Real=0.11s
..[670.884s][info][gc,start       ] GC(250) Pause Young (Allocation Failure)
[670.992s][info][gc,heap        ] GC(250) PSYoungGen: 2587086K(2610688K)->155776K(2612224K) Eden: 2430976K(2430976K)->0K(2430976K) From: 156110K(179712K)->155776K(181248K)
[670.992s][info][gc,heap        ] GC(250) ParOldGen: 4137493K(4137984K)->4225605K(4226048K)
[670.992s][info][gc,metaspace   ] GC(250) Metaspace: 29011K(29376K)->29011K(29376K) NonClass: 24122K(24256K)->24122K(24256K) Class: 4888K(5120K)->4888K(5120K)
[670.992s][info][gc             ] GC(250) Pause Young (Allocation Failure) 6566M->4278M(6678M) 107.823ms
[670.992s][info][gc,cpu         ] GC(250) User=0.61s Sys=0.02s Real=0.10s
.[672.432s][info][gc,start       ] GC(251) Pause Young (Allocation Failure)
[672.543s][info][gc,heap        ] GC(251) PSYoungGen: 2586752K(2612224K)->157056K(2612224K) Eden: 2430976K(2430976K)->0K(2434560K) From: 155776K(181248K)->157056K(177664K)
[672.543s][info][gc,heap        ] GC(251) ParOldGen: 4225605K(4226048K)->4319397K(4319744K)
[672.543s][info][gc,metaspace   ] GC(251) Metaspace: 29011K(29376K)->29011K(29376K) NonClass: 24122K(24256K)->24122K(24256K) Class: 4888K(5120K)->4888K(5120K)
[672.543s][info][gc             ] GC(251) Pause Young (Allocation Failure) 6652M->4371M(6769M) 110.488ms
[672.543s][info][gc,cpu         ] GC(251) User=0.62s Sys=0.03s Real=0.11s
.[673.990s][info][gc,start       ] GC(252) Pause Young (Allocation Failure)
[674.100s][info][gc,heap        ] GC(252) PSYoungGen: 2591616K(2612224K)->155968K(2613760K) Eden: 2434560K(2434560K)->0K(2434560K) From: 157056K(177664K)->155968K(179200K)
[674.100s][info][gc,heap        ] GC(252) ParOldGen: 4319397K(4319744K)->4410541K(4410880K)
[674.100s][info][gc,metaspace   ] GC(252) Metaspace: 29011K(29376K)->29011K(29376K) NonClass: 24122K(24256K)->24122K(24256K) Class: 4888K(5120K)->4888K(5120K)
[674.100s][info][gc             ] GC(252) Pause Young (Allocation Failure) 6749M->4459M(6860M) 110.204ms
[674.100s][info][gc,cpu         ] GC(252) User=0.63s Sys=0.02s Real=0.11s
..[675.664s][info][gc,start       ] GC(253) Pause Young (Allocation Failure)
[675.824s][info][gc,heap        ] GC(253) PSYoungGen: 2590528K(2613760K)->155077K(2613248K) Eden: 2434560K(2434560K)->0K(2438656K) From: 155968K(179200K)->155077K(174592K)
[675.824s][info][gc,heap        ] GC(253) ParOldGen: 4410541K(4410880K)->4509589K(4509696K)
[675.824s][info][gc,metaspace   ] GC(253) Metaspace: 29011K(29376K)->29011K(29376K) NonClass: 24122K(24256K)->24122K(24256K) Class: 4888K(5120K)->4888K(5120K)
[675.825s][info][gc             ] GC(253) Pause Young (Allocation Failure) 6836M->4555M(6956M) 160.869ms
[675.825s][info][gc,cpu         ] GC(253) User=0.63s Sys=0.04s Real=0.16s
.[677.333s][info][gc,start       ] GC(254) Pause Young (Allocation Failure)
[677.440s][info][gc,heap        ] GC(254) PSYoungGen: 2593733K(2613248K)->152020K(2615296K) Eden: 2438656K(2438656K)->0K(2438656K) From: 155077K(174592K)->152020K(176640K)
[677.440s][info][gc,heap        ] GC(254) ParOldGen: 4509589K(4509696K)->4596157K(4596224K)
[677.440s][info][gc,metaspace   ] GC(254) Metaspace: 29011K(29376K)->29011K(29376K) NonClass: 24122K(24256K)->24122K(24256K) Class: 4888K(5120K)->4888K(5120K)
[677.440s][info][gc             ] GC(254) Pause Young (Allocation Failure) 6936M->4636M(7042M) 107.633ms
[677.440s][info][gc,cpu         ] GC(254) User=0.61s Sys=0.03s Real=0.11s
.[678.929s][info][gc,start       ] GC(255) Pause Young (Allocation Failure)
[679.054s][info][gc,heap        ] GC(255) PSYoungGen: 2590676K(2615296K)->174569K(2537472K) Eden: 2438656K(2438656K)->0K(2362880K) From: 152020K(176640K)->174569K(174592K)
[679.054s][info][gc,heap        ] GC(255) ParOldGen: 4596157K(4596224K)->4694237K(4694528K)
[679.054s][info][gc,metaspace   ] GC(255) Metaspace: 29011K(29376K)->29011K(29376K) NonClass: 24122K(24256K)->24122K(24256K) Class: 4888K(5120K)->4888K(5120K)
[679.054s][info][gc             ] GC(255) Pause Young (Allocation Failure) 7018M->4754M(7062M) 124.502ms
[679.054s][info][gc,cpu         ] GC(255) User=0.68s Sys=0.06s Real=0.13s
..[680.479s][info][gc,start       ] GC(256) Pause Young (Allocation Failure)
[680.585s][info][gc,heap        ] GC(256) PSYoungGen: 2537449K(2537472K)->146288K(2579456K) Eden: 2362880K(2362880K)->0K(2362880K) From: 174569K(174592K)->146288K(216576K)
[680.585s][info][gc,heap        ] GC(256) ParOldGen: 4694237K(4694528K)->4789469K(4789760K)
[680.585s][info][gc,metaspace   ] GC(256) Metaspace: 29011K(29376K)->29011K(29376K) NonClass: 24122K(24256K)->24122K(24256K) Class: 4888K(5120K)->4888K(5120K)
[680.585s][info][gc             ] GC(256) Pause Young (Allocation Failure) 7062M->4820M(7196M) 106.240ms
[680.585s][info][gc,cpu         ] GC(256) User=0.59s Sys=0.04s Real=0.11s
.[682.139s][info][gc,start       ] GC(257) Pause Young (Allocation Failure)
[682.240s][info][gc,heap        ] GC(257) PSYoungGen: 2509168K(2579456K)->133920K(2577408K) Eden: 2362880K(2362880K)->0K(2364928K) From: 146288K(216576K)->133920K(212480K)
[682.240s][info][gc,heap        ] GC(257) ParOldGen: 4789469K(4789760K)->4882589K(4882944K)
[682.240s][info][gc,metaspace   ] GC(257) Metaspace: 29011K(29376K)->29011K(29376K) NonClass: 24122K(24256K)->24122K(24256K) Class: 4888K(5120K)->4888K(5120K)
[682.240s][info][gc             ] GC(257) Pause Young (Allocation Failure) 7127M->4898M(7285M) 101.169ms
[682.240s][info][gc,cpu         ] GC(257) User=0.57s Sys=0.02s Real=0.10s
.[683.630s][info][gc,start       ] GC(258) Pause Young (Allocation Failure)
[683.743s][info][gc,heap        ] GC(258) PSYoungGen: 2498848K(2577408K)->158484K(2523648K) Eden: 2364928K(2364928K)->0K(2364928K) From: 133920K(212480K)->158484K(158720K)
[683.743s][info][gc,heap        ] GC(258) ParOldGen: 4882589K(4882944K)->4968677K(4968960K)
[683.743s][info][gc,metaspace   ] GC(258) Metaspace: 29011K(29376K)->29011K(29376K) NonClass: 24122K(24256K)->24122K(24256K) Class: 4888K(5120K)->4888K(5120K)
[683.743s][info][gc             ] GC(258) Pause Young (Allocation Failure) 7208M->5006M(7317M) 112.663ms
[683.743s][info][gc,cpu         ] GC(258) User=0.64s Sys=0.02s Real=0.11s
.[685.220s][info][gc,start       ] GC(259) Pause Young (Allocation Failure)
[685.333s][info][gc,heap        ] GC(259) PSYoungGen: 2523412K(2523648K)->152192K(2581504K) Eden: 2364928K(2364928K)->0K(2372608K) From: 158484K(158720K)->152192K(208896K)
[685.333s][info][gc,heap        ] GC(259) ParOldGen: 4968677K(4968960K)->5064237K(5064704K)
[685.333s][info][gc,metaspace   ] GC(259) Metaspace: 29011K(29376K)->29011K(29376K) NonClass: 24122K(24256K)->24122K(24256K) Class: 4888K(5120K)->4888K(5120K)
[685.333s][info][gc             ] GC(259) Pause Young (Allocation Failure) 7316M->5094M(7467M) 112.110ms
[685.333s][info][gc,cpu         ] GC(259) User=0.63s Sys=0.02s Real=0.11s
.[686.749s][info][gc,start       ] GC(260) Pause Young (Allocation Failure)
[686.914s][info][gc,heap        ] GC(260) PSYoungGen: 2524800K(2581504K)->162048K(2577920K) Eden: 2372608K(2372608K)->0K(2372608K) From: 152192K(208896K)->162048K(205312K)
[686.915s][info][gc,heap        ] GC(260) ParOldGen: 5064237K(5064704K)->5153517K(5153792K)
[686.915s][info][gc,metaspace   ] GC(260) Metaspace: 29011K(29376K)->29011K(29376K) NonClass: 24122K(24256K)->24122K(24256K) Class: 4888K(5120K)->4888K(5120K)
[686.915s][info][gc             ] GC(260) Pause Young (Allocation Failure) 7411M->5190M(7550M) 165.475ms
[686.915s][info][gc,cpu         ] GC(260) User=0.66s Sys=0.02s Real=0.17s
.[688.377s][info][gc,start       ] GC(261) Pause Young (Allocation Failure)
[688.490s][info][gc,heap        ] GC(261) PSYoungGen: 2534656K(2577920K)->149878K(2586112K) Eden: 2372608K(2372608K)->0K(2384384K) From: 162048K(205312K)->149878K(201728K)
[688.490s][info][gc,heap        ] GC(261) ParOldGen: 5153517K(5153792K)->5248901K(5249024K)
[688.490s][info][gc,metaspace   ] GC(261) Metaspace: 29011K(29376K)->29011K(29376K) NonClass: 24122K(24256K)->24122K(24256K) Class: 4888K(5120K)->4888K(5120K)
[688.490s][info][gc             ] GC(261) Pause Young (Allocation Failure) 7507M->5272M(7651M) 112.281ms
[688.490s][info][gc,cpu         ] GC(261) User=0.63s Sys=0.03s Real=0.11s
.[689.933s][info][gc,start       ] GC(262) Pause Young (Allocation Failure)
[690.053s][info][gc,heap        ] GC(262) PSYoungGen: 2534262K(2586112K)->172805K(2583552K) Eden: 2384384K(2384384K)->0K(2384384K) From: 149878K(201728K)->172805K(199168K)
[690.053s][info][gc,heap        ] GC(262) ParOldGen: 5248901K(5249024K)->5338109K(5338112K)
[690.053s][info][gc,metaspace   ] GC(262) Metaspace: 29011K(29376K)->29011K(29376K) NonClass: 24122K(24256K)->24122K(24256K) Class: 4888K(5120K)->4888K(5120K)
[690.054s][info][gc             ] GC(262) Pause Young (Allocation Failure) 7600M->5381M(7736M) 120.371ms
[690.054s][info][gc,cpu         ] GC(262) User=0.67s Sys=0.03s Real=0.13s
. (rIR:aIR:PR = 12832:12650:12599) (tPR = 187489) [OK] 
   690s: Performing snapshot: (quiescence.....) (stop TxI) (stop BE) (saving... 230548 Kb) (term) [700.177s][info][gc,start       ] GC(263) Pause Full (System.gc())
[700.177s][info][gc,phases,start] GC(263) Marking Phase
[700.198s][info][gc,phases      ] GC(263) Marking Phase 20.961ms
[700.198s][info][gc,phases,start] GC(263) Summary Phase
[700.198s][info][gc,phases      ] GC(263) Summary Phase 0.070ms
[700.198s][info][gc,phases,start] GC(263) Forward
[700.205s][info][gc,phases      ] GC(263) Forward 6.617ms
[700.205s][info][gc,phases,start] GC(263) Adjust Pointers
[700.222s][info][gc,phases      ] GC(263) Adjust Pointers 17.058ms
[700.222s][info][gc,phases,start] GC(263) Compaction Phase
[700.253s][info][gc,phases      ] GC(263) Compaction Phase 31.556ms
[700.253s][info][gc,phases,start] GC(263) Post Compact
[700.260s][info][gc,phases      ] GC(263) Post Compact 6.423ms
[700.260s][info][gc,heap        ] GC(263) PSYoungGen: 2311892K(2583552K)->0K(2583552K) Eden: 2139087K(2384384K)->0K(2384384K) From: 172805K(199168K)->0K(199168K)
[700.260s][info][gc,heap        ] GC(263) ParOldGen: 5338109K(5338112K)->317405K(5338112K)
[700.260s][info][gc,metaspace   ] GC(263) Metaspace: 29012K(29376K)->29012K(29376K) NonClass: 24123K(24256K)->24123K(24256K) Class: 4888K(5120K)->4888K(5120K)
[700.260s][info][gc             ] GC(263) Pause Full (System.gc()) 7470M->309M(7736M) 82.964ms
[700.260s][info][gc,cpu         ] GC(263) User=0.41s Sys=0.00s Real=0.08s
(init[701.382s][info][gc,start       ] GC(264) Pause Young (Allocation Failure)
[701.654s][info][gc,heap        ] GC(264) PSYoungGen: 2384384K(2583552K)->200672K(2302464K) Eden: 2384384K(2384384K)->0K(2101760K) From: 0K(199168K)->200672K(200704K)
[701.654s][info][gc,heap        ] GC(264) ParOldGen: 317405K(5338112K)->683420K(5338112K)
[701.654s][info][gc,metaspace   ] GC(264) Metaspace: 29016K(29376K)->29016K(29376K) NonClass: 24128K(24256K)->24128K(24256K) Class: 4888K(5120K)->4888K(5120K)
[701.654s][info][gc             ] GC(264) Pause Young (Allocation Failure) 2638M->863M(7461M) 272.141ms
[701.654s][info][gc,cpu         ] GC(264) User=1.61s Sys=0.02s Real=0.28s
) ...
   705s:       rampup IR =      0 ... (rIR:aIR:PR = 0:0:0) (tPR = 0) [OK] 
   708s:       rampup IR =   1283 .[710.569s][info][gc,start       ] GC(265) Pause Young (Allocation Failure)
[710.862s][info][gc,heap        ] GC(265) PSYoungGen: 2302432K(2302464K)->347113K(2448896K) Eden: 2101760K(2101760K)->0K(2101760K) From: 200672K(200704K)->347113K(347136K)
[710.862s][info][gc,heap        ] GC(265) ParOldGen: 683420K(5338112K)->1097174K(5338112K)
[710.862s][info][gc,metaspace   ] GC(265) Metaspace: 29030K(29376K)->29030K(29376K) NonClass: 24141K(24256K)->24141K(24256K) Class: 4888K(5120K)->4888K(5120K)
[710.862s][info][gc             ] GC(265) Pause Young (Allocation Failure) 2915M->1410M(7604M) 293.837ms
[710.862s][info][gc,cpu         ] GC(265) User=1.75s Sys=0.00s Real=0.29s
... (rIR:aIR:PR = 1283:1308:1308) (tPR = 18709) [OK] 
   712s:       rampup IR =   2566 .... (rIR:aIR:PR = 2566:2563:2563) (tPR = 40329) [OK] 
   716s:       rampup IR =   3850 .[717.995s][info][gc,start       ] GC(266) Pause Young (Allocation Failure)
[718.141s][info][gc,heap        ] GC(266) PSYoungGen: 2448873K(2448896K)->124352K(2075136K) Eden: 2101760K(2101760K)->0K(1728000K) From: 347113K(347136K)->124352K(347136K)
[718.141s][info][gc,heap        ] GC(266) ParOldGen: 1097174K(5338112K)->1340975K(5338112K)
[718.141s][info][gc,metaspace   ] GC(266) Metaspace: 29031K(29376K)->29031K(29376K) NonClass: 24142K(24256K)->24142K(24256K) Class: 4888K(5120K)->4888K(5120K)
[718.141s][info][gc             ] GC(266) Pause Young (Allocation Failure) 3462M->1430M(7239M) 145.468ms
[718.141s][info][gc,cpu         ] GC(266) User=0.87s Sys=0.00s Real=0.14s
... (rIR:aIR:PR = 3850:3849:3849) (tPR = 58550) [OK] 
   720s:       rampup IR =   5133 [721.498s][info][gc,start       ] GC(267) Pause Young (Allocation Failure)
[721.585s][info][gc,heap        ] GC(267) PSYoungGen: 1852352K(2075136K)->105856K(2262016K) Eden: 1728000K(1728000K)->0K(1728000K) From: 124352K(347136K)->105856K(534016K)
[721.585s][info][gc,heap        ] GC(267) ParOldGen: 1340975K(5338112K)->1436153K(5338112K)
[721.585s][info][gc,metaspace   ] GC(267) Metaspace: 29033K(29376K)->29033K(29376K) NonClass: 24144K(24256K)->24144K(24256K) Class: 4888K(5120K)->4888K(5120K)
[721.585s][info][gc             ] GC(267) Pause Young (Allocation Failure) 3118M->1505M(7422M) 86.992ms
[721.585s][info][gc,cpu         ] GC(267) User=0.52s Sys=0.00s Real=0.09s
...[724.258s][info][gc,start       ] GC(268) Pause Young (Allocation Failure)
[724.334s][info][gc,heap        ] GC(268) PSYoungGen: 1833856K(2262016K)->106786K(2237952K) Eden: 1728000K(1728000K)->0K(1733632K) From: 105856K(534016K)->106786K(504320K)
[724.334s][info][gc,heap        ] GC(268) ParOldGen: 1436153K(5338112K)->1514673K(5338112K)
[724.334s][info][gc,metaspace   ] GC(268) Metaspace: 29033K(29376K)->29033K(29376K) NonClass: 24144K(24256K)->24144K(24256K) Class: 4888K(5120K)->4888K(5120K)
[724.334s][info][gc             ] GC(268) Pause Young (Allocation Failure) 3193M->1583M(7398M) 76.108ms
[724.334s][info][gc,cpu         ] GC(268) User=0.46s Sys=0.00s Real=0.08s
. (rIR:aIR:PR = 5133:5162:5160) (tPR = 77171) [OK] 
   724s:       rampup IR =   6416 .[726.673s][info][gc,start       ] GC(269) Pause Young (Allocation Failure)
[726.755s][info][gc,heap        ] GC(269) PSYoungGen: 1840418K(2237952K)->116789K(2252800K) Eden: 1733632K(1733632K)->0K(1733632K) From: 106786K(504320K)->116789K(519168K)
[726.755s][info][gc,heap        ] GC(269) ParOldGen: 1514673K(5338112K)->1593577K(5338112K)
[726.755s][info][gc,metaspace   ] GC(269) Metaspace: 29033K(29376K)->29033K(29376K) NonClass: 24144K(24256K)->24144K(24256K) Class: 4888K(5120K)->4888K(5120K)
[726.755s][info][gc             ] GC(269) Pause Young (Allocation Failure) 3276M->1670M(7413M) 82.410ms
[726.755s][info][gc,cpu         ] GC(269) User=0.49s Sys=0.00s Real=0.09s
..[728.893s][info][gc,start       ] GC(270) Pause Young (Allocation Failure)
[728.976s][info][gc,heap        ] GC(270) PSYoungGen: 1850421K(2252800K)->115461K(2246144K) Eden: 1733632K(1733632K)->0K(1770496K) From: 116789K(519168K)->115461K(475648K)
[728.976s][info][gc,heap        ] GC(270) ParOldGen: 1593577K(5338112K)->1673873K(5338112K)
[728.976s][info][gc,metaspace   ] GC(270) Metaspace: 29033K(29376K)->29033K(29376K) NonClass: 24144K(24256K)->24144K(24256K) Class: 4888K(5120K)->4888K(5120K)
[728.976s][info][gc             ] GC(270) Pause Young (Allocation Failure) 3363M->1747M(7406M) 82.454ms
[728.976s][info][gc,cpu         ] GC(270) User=0.49s Sys=0.00s Real=0.09s
. (rIR:aIR:PR = 6416:6351:6351) (tPR = 96378) [OK] 
   728s:       rampup IR =   7699 .[730.921s][info][gc,start       ] GC(271) Pause Young (Allocation Failure)
[731.005s][info][gc,heap        ] GC(271) PSYoungGen: 1885957K(2246144K)->120998K(2262528K) Eden: 1770496K(1770496K)->0K(1770496K) From: 115461K(475648K)->120998K(492032K)
[731.005s][info][gc,heap        ] GC(271) ParOldGen: 1673873K(5338112K)->1751593K(5338112K)
[731.005s][info][gc,metaspace   ] GC(271) Metaspace: 29033K(29440K)->29033K(29440K) NonClass: 24144K(24320K)->24144K(24320K) Class: 4888K(5120K)->4888K(5120K)
[731.005s][info][gc             ] GC(271) Pause Young (Allocation Failure) 3476M->1828M(7422M) 84.129ms
[731.005s][info][gc,cpu         ] GC(271) User=0.50s Sys=0.00s Real=0.09s
..[732.836s][info][gc,start       ] GC(272) Pause Young (Allocation Failure)
[732.916s][info][gc,heap        ] GC(272) PSYoungGen: 1891494K(2262528K)->114032K(2273280K) Eden: 1770496K(1770496K)->0K(1828352K) From: 120998K(492032K)->114032K(444928K)
[732.916s][info][gc,heap        ] GC(272) ParOldGen: 1751593K(5338112K)->1830682K(5338112K)
[732.916s][info][gc,metaspace   ] GC(272) Metaspace: 29033K(29440K)->29033K(29440K) NonClass: 24144K(24320K)->24144K(24320K) Class: 4888K(5120K)->4888K(5120K)
[732.916s][info][gc             ] GC(272) Pause Young (Allocation Failure) 3557M->1899M(7433M) 79.302ms
[732.916s][info][gc,cpu         ] GC(272) User=0.47s Sys=0.00s Real=0.08s
.. (rIR:aIR:PR = 7699:7707:7707) (tPR = 115974) [OK] 
   733s:       rampup IR =   8982 [734.649s][info][gc,start       ] GC(273) Pause Young (Allocation Failure)
[734.729s][info][gc,heap        ] GC(273) PSYoungGen: 1942384K(2273280K)->113856K(2288640K) Eden: 1828352K(1828352K)->0K(1828352K) From: 114032K(444928K)->113856K(460288K)
[734.729s][info][gc,heap        ] GC(273) ParOldGen: 1830682K(5338112K)->1910314K(5338112K)
[734.729s][info][gc,metaspace   ] GC(273) Metaspace: 29033K(29440K)->29033K(29440K) NonClass: 24145K(24320K)->24145K(24320K) Class: 4888K(5120K)->4888K(5120K)
[734.729s][info][gc             ] GC(273) Pause Young (Allocation Failure) 3684M->1976M(7448M) 79.729ms
[734.729s][info][gc,cpu         ] GC(273) User=0.46s Sys=0.00s Real=0.08s
..[736.345s][info][gc,start       ] GC(274) Pause Young (Allocation Failure)
[736.426s][info][gc,heap        ] GC(274) PSYoungGen: 1942208K(2288640K)->118624K(2302976K) Eden: 1828352K(1828352K)->0K(1891840K) From: 113856K(460288K)->118624K(411136K)
[736.426s][info][gc,heap        ] GC(274) ParOldGen: 1910314K(5338112K)->1988602K(5338112K)
[736.426s][info][gc,metaspace   ] GC(274) Metaspace: 29033K(29440K)->29033K(29440K) NonClass: 24145K(24320K)->24145K(24320K) Class: 4888K(5120K)->4888K(5120K)
[736.426s][info][gc             ] GC(274) Pause Young (Allocation Failure) 3762M->2057M(7462M) 81.387ms
[736.426s][info][gc,cpu         ] GC(274) User=0.48s Sys=0.00s Real=0.08s
.. (rIR:aIR:PR = 8982:9004:9004) (tPR = 132090) [OK] 
   737s:       rampup IR =  10266 [738.183s][info][gc,start       ] GC(275) Pause Young (Allocation Failure)
[738.263s][info][gc,heap        ] GC(275) PSYoungGen: 2010464K(2302976K)->117568K(2318848K) Eden: 1891840K(1891840K)->0K(1891840K) From: 118624K(411136K)->117568K(427008K)
[738.263s][info][gc,heap        ] GC(275) ParOldGen: 1988602K(5338112K)->2068218K(5338112K)
[738.263s][info][gc,metaspace   ] GC(275) Metaspace: 29034K(29440K)->29034K(29440K) NonClass: 24145K(24320K)->24145K(24320K) Class: 4888K(5120K)->4888K(5120K)
[738.263s][info][gc             ] GC(275) Pause Young (Allocation Failure) 3905M->2134M(7477M) 80.384ms
[738.264s][info][gc,cpu         ] GC(275) User=0.48s Sys=0.00s Real=0.09s
.[739.702s][info][gc,start       ] GC(276) Pause Young (Allocation Failure)
[739.788s][info][gc,heap        ] GC(276) PSYoungGen: 2009408K(2318848K)->118342K(2337280K) Eden: 1891840K(1891840K)->0K(1958912K) From: 117568K(427008K)->118342K(378368K)
[739.788s][info][gc,heap        ] GC(276) ParOldGen: 2068218K(5338112K)->2153930K(5338112K)
[739.788s][info][gc,metaspace   ] GC(276) Metaspace: 29034K(29440K)->29034K(29440K) NonClass: 24145K(24320K)->24145K(24320K) Class: 4888K(5120K)->4888K(5120K)
[739.788s][info][gc             ] GC(276) Pause Young (Allocation Failure) 3982M->2219M(7495M) 86.250ms
[739.788s][info][gc,cpu         ] GC(276) User=0.51s Sys=0.00s Real=0.09s
..[741.370s][info][gc,start       ] GC(277) Pause Young (Allocation Failure)
[741.451s][info][gc,heap        ] GC(277) PSYoungGen: 2077254K(2337280K)->117056K(2352640K) Eden: 1958912K(1958912K)->0K(1958912K) From: 118342K(378368K)->117056K(393728K)
[741.451s][info][gc,heap        ] GC(277) ParOldGen: 2153930K(5338112K)->2232050K(5338112K)
[741.451s][info][gc,metaspace   ] GC(277) Metaspace: 29034K(29440K)->29034K(29440K) NonClass: 24145K(24320K)->24145K(24320K) Class: 4888K(5120K)->4888K(5120K)
[741.451s][info][gc             ] GC(277) Pause Young (Allocation Failure) 4132M->2294M(7510M) 80.976ms
[741.451s][info][gc,cpu         ] GC(277) User=0.48s Sys=0.00s Real=0.08s
.[742.985s][info][gc,start       ] GC(278) Pause Young (Allocation Failure)
[743.071s][info][gc,heap        ] GC(278) PSYoungGen: 2075968K(2352640K)->122432K(2370048K) Eden: 1958912K(1958912K)->0K(2024448K) From: 117056K(393728K)->122432K(345600K)
[743.071s][info][gc,heap        ] GC(278) ParOldGen: 2232050K(5338112K)->2312938K(5338112K)
[743.071s][info][gc,metaspace   ] GC(278) Metaspace: 29034K(29440K)->29034K(29440K) NonClass: 24145K(24320K)->24145K(24320K) Class: 4888K(5120K)->4888K(5120K)
[743.071s][info][gc             ] GC(278) Pause Young (Allocation Failure) 4207M->2378M(7527M) 85.854ms
[743.071s][info][gc,cpu         ] GC(278) User=0.50s Sys=0.00s Real=0.08s
..[744.555s][info][gc,start       ] GC(279) Pause Young (Allocation Failure)
[744.640s][info][gc,heap        ] GC(279) PSYoungGen: 2146879K(2370048K)->123680K(2385920K) Eden: 2024447K(2024448K)->0K(2024448K) From: 122432K(345600K)->123680K(361472K)
[744.640s][info][gc,heap        ] GC(279) ParOldGen: 2312938K(5338112K)->2398626K(5338112K)
[744.640s][info][gc,metaspace   ] GC(279) Metaspace: 29034K(29440K)->29034K(29440K) NonClass: 24145K(24320K)->24145K(24320K) Class: 4888K(5120K)->4888K(5120K)
[744.640s][info][gc             ] GC(279) Pause Young (Allocation Failure) 4355M->2463M(7543M) 85.436ms
[744.641s][info][gc,cpu         ] GC(279) User=0.51s Sys=0.00s Real=0.08s
.. (rIR:aIR:PR = 10266:10249:10247) (tPR = 150657) [OK] 
   745s:       rampup IR =  11549 [746.221s][info][gc,start       ] GC(280) Pause Young (Allocation Failure)
[746.312s][info][gc,heap        ] GC(280) PSYoungGen: 2148128K(2385920K)->131732K(2402304K) Eden: 2024448K(2024448K)->0K(2089472K) From: 123680K(361472K)->131732K(312832K)
[746.312s][info][gc,heap        ] GC(280) ParOldGen: 2398626K(5338112K)->2481618K(5338112K)
[746.312s][info][gc,metaspace   ] GC(280) Metaspace: 29034K(29440K)->29034K(29440K) NonClass: 24145K(24320K)->24145K(24320K) Class: 4888K(5120K)->4888K(5120K)
[746.312s][info][gc             ] GC(280) Pause Young (Allocation Failure) 4440M->2552M(7559M) 91.098ms
[746.312s][info][gc,cpu         ] GC(280) User=0.54s Sys=0.00s Real=0.09s
.[747.792s][info][gc,start       ] GC(281) Pause Young (Allocation Failure)
[747.883s][info][gc,heap        ] GC(281) PSYoungGen: 2221204K(2402304K)->134336K(2418176K) Eden: 2089472K(2089472K)->0K(2089472K) From: 131732K(312832K)->134336K(328704K)
[747.883s][info][gc,heap        ] GC(281) ParOldGen: 2481618K(5338112K)->2566730K(5338112K)
[747.883s][info][gc,metaspace   ] GC(281) Metaspace: 29034K(29440K)->29034K(29440K) NonClass: 24146K(24320K)->24146K(24320K) Class: 4888K(5120K)->4888K(5120K)
[747.883s][info][gc             ] GC(281) Pause Young (Allocation Failure) 4592M->2637M(7574M) 91.273ms
[747.883s][info][gc,cpu         ] GC(281) User=0.54s Sys=0.00s Real=0.09s
..[749.343s][info][gc,start       ] GC(282) Pause Young (Allocation Failure)
[749.431s][info][gc,heap        ] GC(282) PSYoungGen: 2223808K(2418176K)->121814K(2442752K) Eden: 2089472K(2089472K)->0K(2154496K) From: 134336K(328704K)->121814K(288256K)
[749.431s][info][gc,heap        ] GC(282) ParOldGen: 2566730K(5338112K)->2655410K(5338112K)
[749.431s][info][gc,metaspace   ] GC(282) Metaspace: 29034K(29440K)->29034K(29440K) NonClass: 24146K(24320K)->24146K(24320K) Class: 4888K(5120K)->4888K(5120K)
[749.431s][info][gc             ] GC(282) Pause Young (Allocation Failure) 4678M->2712M(7598M) 87.273ms
[749.431s][info][gc,cpu         ] GC(282) User=0.52s Sys=0.00s Real=0.08s
.[750.923s][info][gc,start       ] GC(283) Pause Young (Allocation Failure)
[751.013s][info][gc,heap        ] GC(283) PSYoungGen: 2276310K(2442752K)->137872K(2455040K) Eden: 2154496K(2154496K)->0K(2154496K) From: 121814K(288256K)->137872K(300544K)
[751.013s][info][gc,heap        ] GC(283) ParOldGen: 2655410K(5338112K)->2736738K(5338112K)
[751.013s][info][gc,metaspace   ] GC(283) Metaspace: 29034K(29440K)->29034K(29440K) NonClass: 24146K(24320K)->24146K(24320K) Class: 4888K(5120K)->4888K(5120K)
[751.013s][info][gc             ] GC(283) Pause Young (Allocation Failure) 4816M->2807M(7610M) 90.366ms
[751.013s][info][gc,cpu         ] GC(283) User=0.54s Sys=0.00s Real=0.09s
.. (rIR:aIR:PR = 11549:11384:11397) (tPR = 169611) [OK] 
   752s:       rampup IR =  12832 [752.431s][info][gc,start       ] GC(284) Pause Young (Allocation Failure)
[752.526s][info][gc,heap        ] GC(284) PSYoungGen: 2292368K(2455040K)->134982K(2471936K) Eden: 2154496K(2154496K)->0K(2209280K) From: 137872K(300544K)->134982K(262656K)
[752.526s][info][gc,heap        ] GC(284) ParOldGen: 2736738K(5338112K)->2824426K(5338112K)
[752.526s][info][gc,metaspace   ] GC(284) Metaspace: 29034K(29440K)->29034K(29440K) NonClass: 24146K(24320K)->24146K(24320K) Class: 4888K(5120K)->4888K(5120K)
[752.526s][info][gc             ] GC(284) Pause Young (Allocation Failure) 4911M->2890M(7627M) 94.324ms
[752.526s][info][gc,cpu         ] GC(284) User=0.56s Sys=0.00s Real=0.10s
.[753.940s][info][gc,start       ] GC(285) Pause Young (Allocation Failure)
[754.039s][info][gc,heap        ] GC(285) PSYoungGen: 2344262K(2471936K)->147588K(2482688K) Eden: 2209280K(2209280K)->0K(2209280K) From: 134982K(262656K)->147588K(273408K)
[754.039s][info][gc,heap        ] GC(285) ParOldGen: 2824426K(5338112K)->2911346K(5338112K)
[754.039s][info][gc,metaspace   ] GC(285) Metaspace: 29034K(29440K)->29034K(29440K) NonClass: 24146K(24320K)->24146K(24320K) Class: 4888K(5120K)->4888K(5120K)
[754.039s][info][gc             ] GC(285) Pause Young (Allocation Failure) 5047M->2987M(7637M) 99.658ms
[754.039s][info][gc,cpu         ] GC(285) User=0.59s Sys=0.00s Real=0.10s
.[755.408s][info][gc,start       ] GC(286) Pause Young (Allocation Failure)
[755.499s][info][gc,heap        ] GC(286) PSYoungGen: 2356868K(2482688K)->136480K(2501632K) Eden: 2209280K(2209280K)->0K(2260480K) From: 147588K(273408K)->136480K(241152K)
[755.499s][info][gc,heap        ] GC(286) ParOldGen: 2911346K(5338112K)->2997690K(5338112K)
[755.499s][info][gc,metaspace   ] GC(286) Metaspace: 29034K(29440K)->29034K(29440K) NonClass: 24146K(24320K)->24146K(24320K) Class: 4888K(5120K)->4888K(5120K)
[755.499s][info][gc             ] GC(286) Pause Young (Allocation Failure) 5144M->3060M(7656M) 90.651ms
[755.499s][info][gc,cpu         ] GC(286) User=0.53s Sys=0.00s Real=0.09s
..[756.911s][info][gc,start       ] GC(287) Pause Young (Allocation Failure)
[757.014s][info][gc,heap        ] GC(287) PSYoungGen: 2396960K(2501632K)->156000K(2511872K) Eden: 2260480K(2260480K)->0K(2260480K) From: 136480K(241152K)->156000K(251392K)
[757.015s][info][gc,heap        ] GC(287) ParOldGen: 2997690K(5338112K)->3086250K(5338112K)
[757.015s][info][gc,metaspace   ] GC(287) Metaspace: 29034K(29440K)->29034K(29440K) NonClass: 24146K(24320K)->24146K(24320K) Class: 4888K(5120K)->4888K(5120K)
[757.015s][info][gc             ] GC(287) Pause Young (Allocation Failure) 5268M->3166M(7666M) 103.155ms
[757.015s][info][gc,cpu         ] GC(287) User=0.61s Sys=0.00s Real=0.11s
.[758.502s][info][gc,start       ] GC(288) Pause Young (Allocation Failure)
[758.595s][info][gc,heap        ] GC(288) PSYoungGen: 2416480K(2511872K)->132132K(2524160K) Eden: 2260480K(2260480K)->0K(2299392K) From: 156000K(251392K)->132132K(224768K)
[758.595s][info][gc,heap        ] GC(288) ParOldGen: 3086250K(5338112K)->3178626K(5338112K)
[758.595s][info][gc,metaspace   ] GC(288) Metaspace: 29034K(29440K)->29034K(29440K) NonClass: 24146K(24320K)->24146K(24320K) Class: 4888K(5120K)->4888K(5120K)
[758.595s][info][gc             ] GC(288) Pause Young (Allocation Failure) 5373M->3233M(7678M) 92.879ms
[758.595s][info][gc,cpu         ] GC(288) User=0.55s Sys=0.00s Real=0.10s
..[760.006s][info][gc,start       ] GC(289) Pause Young (Allocation Failure)
[760.098s][info][gc,heap        ] GC(289) PSYoungGen: 2431524K(2524160K)->134800K(2536448K) Eden: 2299392K(2299392K)->0K(2299392K) From: 132132K(224768K)->134800K(237056K)
[760.098s][info][gc,heap        ] GC(289) ParOldGen: 3178626K(5338112K)->3262658K(5338112K)
[760.098s][info][gc,metaspace   ] GC(289) Metaspace: 29034K(29440K)->29034K(29440K) NonClass: 24146K(24320K)->24146K(24320K) Class: 4888K(5120K)->4888K(5120K)
[760.098s][info][gc             ] GC(289) Pause Young (Allocation Failure) 5478M->3317M(7690M) 92.081ms
[760.098s][info][gc,cpu         ] GC(289) User=0.54s Sys=0.00s Real=0.09s
.[761.576s][info][gc,start       ] GC(290) Pause Young (Allocation Failure)
[761.671s][info][gc,heap        ] GC(290) PSYoungGen: 2434192K(2536448K)->133024K(2540032K) Eden: 2299392K(2299392K)->0K(2329600K) From: 134800K(237056K)->133024K(210432K)
[761.671s][info][gc,heap        ] GC(290) ParOldGen: 3262658K(5338112K)->3357122K(5338112K)
[761.671s][info][gc,metaspace   ] GC(290) Metaspace: 29034K(29440K)->29034K(29440K) NonClass: 24146K(24320K)->24146K(24320K) Class: 4888K(5120K)->4888K(5120K)
[761.671s][info][gc             ] GC(290) Pause Young (Allocation Failure) 5563M->3408M(7693M) 94.117ms
[761.671s][info][gc,cpu         ] GC(290) User=0.55s Sys=0.00s Real=0.09s
.[763.067s][info][gc,start       ] GC(291) Pause Young (Allocation Failure)
[763.172s][info][gc,heap        ] GC(291) PSYoungGen: 2462624K(2540032K)->166277K(2551808K) Eden: 2329600K(2329600K)->0K(2329600K) From: 133024K(210432K)->166277K(222208K)
[763.172s][info][gc,heap        ] GC(291) ParOldGen: 3357122K(5338112K)->3441354K(5338112K)
[763.172s][info][gc,metaspace   ] GC(291) Metaspace: 29034K(29440K)->29034K(29440K) NonClass: 24146K(24320K)->24146K(24320K) Class: 4888K(5120K)->4888K(5120K)
[763.172s][info][gc             ] GC(291) Pause Young (Allocation Failure) 5683M->3523M(7705M) 105.723ms
[763.172s][info][gc,cpu         ] GC(291) User=0.63s Sys=0.00s Real=0.10s
.. (rIR:aIR:PR = 12832:12480:12374) (tPR = 186802) [OK] 
   764s:       trying IR =  12932 [764.644s][info][gc,start       ] GC(292) Pause Young (Allocation Failure)
[764.741s][info][gc,heap        ] GC(292) PSYoungGen: 2495877K(2551808K)->134944K(2561536K) Eden: 2329600K(2329600K)->0K(2350592K) From: 166277K(222208K)->134944K(210944K)
[764.741s][info][gc,heap        ] GC(292) ParOldGen: 3441354K(5338112K)->3539650K(5338112K)
[764.741s][info][gc,metaspace   ] GC(292) Metaspace: 29034K(29440K)->29034K(29440K) NonClass: 24146K(24320K)->24146K(24320K) Class: 4888K(5120K)->4888K(5120K)
[764.741s][info][gc             ] GC(292) Pause Young (Allocation Failure) 5798M->3588M(7714M) 97.264ms
[764.741s][info][gc,cpu         ] GC(292) User=0.58s Sys=0.01s Real=0.09s
.[766.168s][info][gc,start       ] GC(293) Pause Young (Allocation Failure)
[766.268s][info][gc,heap        ] GC(293) PSYoungGen: 2485536K(2561536K)->151648K(2567168K) Eden: 2350592K(2350592K)->0K(2350592K) From: 134944K(210944K)->151648K(216576K)
[766.268s][info][gc,heap        ] GC(293) ParOldGen: 3539650K(5338112K)->3626666K(5338112K)
[766.268s][info][gc,metaspace   ] GC(293) Metaspace: 29034K(29440K)->29034K(29440K) NonClass: 24146K(24320K)->24146K(24320K) Class: 4888K(5120K)->4888K(5120K)
[766.268s][info][gc             ] GC(293) Pause Young (Allocation Failure) 5883M->3689M(7720M) 100.405ms
[766.268s][info][gc,cpu         ] GC(293) User=0.59s Sys=0.01s Real=0.10s
.[767.837s][info][gc,start       ] GC(294) Pause Young (Allocation Failure)
[767.946s][info][gc,heap        ] GC(294) PSYoungGen: 2502240K(2567168K)->157994K(2574848K) Eden: 2350592K(2350592K)->0K(2366976K) From: 151648K(216576K)->157994K(207872K)
[767.946s][info][gc,heap        ] GC(294) ParOldGen: 3626666K(5338112K)->3723090K(5338112K)
[767.946s][info][gc,metaspace   ] GC(294) Metaspace: 29034K(29440K)->29034K(29440K) NonClass: 24146K(24320K)->24146K(24320K) Class: 4888K(5120K)->4888K(5120K)
[767.946s][info][gc             ] GC(294) Pause Young (Allocation Failure) 5985M->3790M(7727M) 109.201ms
[767.946s][info][gc,cpu         ] GC(294) User=0.65s Sys=0.00s Real=0.11s
..[769.353s][info][gc,start       ] GC(295) Pause Young (Allocation Failure)
[769.453s][info][gc,heap        ] GC(295) PSYoungGen: 2524970K(2574848K)->148032K(2577920K) Eden: 2366976K(2366976K)->0K(2366976K) From: 157994K(207872K)->148032K(210944K)
[769.453s][info][gc,heap        ] GC(295) ParOldGen: 3723090K(5338112K)->3809946K(5338112K)
[769.453s][info][gc,metaspace   ] GC(295) Metaspace: 29034K(29440K)->29034K(29440K) NonClass: 24146K(24320K)->24146K(24320K) Class: 4888K(5120K)->4888K(5120K)
[769.453s][info][gc             ] GC(295) Pause Young (Allocation Failure) 6101M->3865M(7730M) 100.312ms
[769.454s][info][gc,cpu         ] GC(295) User=0.59s Sys=0.00s Real=0.11s
.[771.027s][info][gc,start       ] GC(296) Pause Young (Allocation Failure)
[771.128s][info][gc,heap        ] GC(296) PSYoungGen: 2515008K(2577920K)->142096K(2575872K) Eden: 2366976K(2366976K)->0K(2379264K) From: 148032K(210944K)->142096K(196608K)
[771.128s][info][gc,heap        ] GC(296) ParOldGen: 3809946K(5338112K)->3909554K(5338112K)
[771.128s][info][gc,metaspace   ] GC(296) Metaspace: 29035K(29440K)->29035K(29440K) NonClass: 24146K(24320K)->24146K(24320K) Class: 4888K(5120K)->4888K(5120K)
[771.128s][info][gc             ] GC(296) Pause Young (Allocation Failure) 6176M->3956M(7728M) 101.152ms
[771.128s][info][gc,cpu         ] GC(296) User=0.59s Sys=0.00s Real=0.10s
.[772.498s][info][gc,start       ] GC(297) Pause Young (Allocation Failure)
[772.600s][info][gc,heap        ] GC(297) PSYoungGen: 2521360K(2575872K)->157088K(2579456K) Eden: 2379264K(2379264K)->0K(2379264K) From: 142096K(196608K)->157088K(200192K)
[772.600s][info][gc,heap        ] GC(297) ParOldGen: 3909554K(5338112K)->3993914K(5338112K)
[772.600s][info][gc,metaspace   ] GC(297) Metaspace: 29035K(29440K)->29035K(29440K) NonClass: 24146K(24320K)->24146K(24320K) Class: 4888K(5120K)->4888K(5120K)
[772.600s][info][gc             ] GC(297) Pause Young (Allocation Failure) 6280M->4053M(7732M) 102.584ms
[772.601s][info][gc,cpu         ] GC(297) User=0.61s Sys=0.01s Real=0.10s
..[774.112s][info][gc,start       ] GC(298) Pause Young (Allocation Failure)
[774.218s][info][gc,heap        ] GC(298) PSYoungGen: 2536352K(2579456K)->153632K(2589696K) Eden: 2379264K(2379264K)->0K(2396672K) From: 157088K(200192K)->153632K(193024K)
[774.218s][info][gc,heap        ] GC(298) ParOldGen: 3993914K(5338112K)->4095810K(5338112K)
[774.218s][info][gc,metaspace   ] GC(298) Metaspace: 29035K(29440K)->29035K(29440K) NonClass: 24146K(24320K)->24146K(24320K) Class: 4888K(5120K)->4888K(5120K)
[774.218s][info][gc             ] GC(298) Pause Young (Allocation Failure) 6377M->4149M(7742M) 106.499ms
[774.218s][info][gc,cpu         ] GC(298) User=0.63s Sys=0.01s Real=0.11s
.[775.726s][info][gc,start       ] GC(299) Pause Young (Allocation Failure)
[775.878s][info][gc,heap        ] GC(299) PSYoungGen: 2550304K(2589696K)->159514K(2593280K) Eden: 2396672K(2396672K)->0K(2396672K) From: 153632K(193024K)->159514K(196608K)
[775.878s][info][gc,heap        ] GC(299) ParOldGen: 4095810K(5338112K)->4189370K(5338112K)
[775.878s][info][gc,metaspace   ] GC(299) Metaspace: 29036K(29440K)->29036K(29440K) NonClass: 24147K(24320K)->24147K(24320K) Class: 4888K(5120K)->4888K(5120K)
[775.878s][info][gc             ] GC(299) Pause Young (Allocation Failure) 6490M->4246M(7745M) 151.834ms
[775.878s][info][gc,cpu         ] GC(299) User=0.64s Sys=0.00s Real=0.15s
.[777.312s][info][gc,start       ] GC(300) Pause Young (Allocation Failure)
[777.419s][info][gc,heap        ] GC(300) PSYoungGen: 2556186K(2593280K)->157248K(2596352K) Eden: 2396672K(2396672K)->0K(2402816K) From: 159514K(196608K)->157248K(193536K)
[777.419s][info][gc,heap        ] GC(300) ParOldGen: 4189370K(5338112K)->4280370K(5338112K)
[777.419s][info][gc,metaspace   ] GC(300) Metaspace: 29036K(29440K)->29036K(29440K) NonClass: 24147K(24320K)->24147K(24320K) Class: 4888K(5120K)->4888K(5120K)
[777.419s][info][gc             ] GC(300) Pause Young (Allocation Failure) 6587M->4333M(7748M) 106.969ms
[777.419s][info][gc,cpu         ] GC(300) User=0.63s Sys=0.00s Real=0.11s
..[778.933s][info][gc,start       ] GC(301) Pause Young (Allocation Failure)
[779.037s][info][gc,heap        ] GC(301) PSYoungGen: 2560064K(2596352K)->149605K(2597888K) Eden: 2402816K(2402816K)->0K(2402816K) From: 157248K(193536K)->149605K(195072K)
[779.037s][info][gc,heap        ] GC(301) ParOldGen: 4280370K(5338112K)->4370922K(5338112K)
[779.037s][info][gc,metaspace   ] GC(301) Metaspace: 29036K(29440K)->29036K(29440K) NonClass: 24147K(24320K)->24147K(24320K) Class: 4888K(5120K)->4888K(5120K)
[779.037s][info][gc             ] GC(301) Pause Young (Allocation Failure) 6680M->4414M(7750M) 103.927ms
[779.037s][info][gc,cpu         ] GC(301) User=0.60s Sys=0.00s Real=0.11s
. (rIR:aIR:PR = 12932:12547:12476) (tPR = 187965) [OK] 
   779s:       trying IR =  12952 [780.431s][info][gc,start       ] GC(302) Pause Young (Allocation Failure)
[780.538s][info][gc,heap        ] GC(302) PSYoungGen: 2552421K(2597888K)->158222K(2598400K) Eden: 2402816K(2402816K)->0K(2407936K) From: 149605K(195072K)->158222K(190464K)
[780.538s][info][gc,heap        ] GC(302) ParOldGen: 4370922K(5338112K)->4460794K(5338112K)
[780.538s][info][gc,metaspace   ] GC(302) Metaspace: 29036K(29440K)->29036K(29440K) NonClass: 24147K(24320K)->24147K(24320K) Class: 4888K(5120K)->4888K(5120K)
[780.538s][info][gc             ] GC(302) Pause Young (Allocation Failure) 6761M->4510M(7750M) 107.104ms
[780.538s][info][gc,cpu         ] GC(302) User=0.63s Sys=0.00s Real=0.11s
.[781.977s][info][gc,start       ] GC(303) Pause Young (Allocation Failure)
[782.088s][info][gc,heap        ] GC(303) PSYoungGen: 2566158K(2598400K)->163776K(2597888K) Eden: 2407936K(2407936K)->0K(2407936K) From: 158222K(190464K)->163776K(189952K)
[782.088s][info][gc,heap        ] GC(303) ParOldGen: 4460794K(5338112K)->4557426K(5338112K)
[782.088s][info][gc,metaspace   ] GC(303) Metaspace: 29036K(29440K)->29036K(29440K) NonClass: 24147K(24320K)->24147K(24320K) Class: 4888K(5120K)->4888K(5120K)
[782.088s][info][gc             ] GC(303) Pause Young (Allocation Failure) 6862M->4610M(7750M) 111.031ms
[782.088s][info][gc,cpu         ] GC(303) User=0.66s Sys=0.00s Real=0.11s
..[783.627s][info][gc,start       ] GC(304) Pause Young (Allocation Failure)
[783.726s][info][gc,heap        ] GC(304) PSYoungGen: 2571712K(2597888K)->136800K(2604032K) Eden: 2407936K(2407936K)->0K(2415104K) From: 163776K(189952K)->136800K(188928K)
[783.726s][info][gc,heap        ] GC(304) ParOldGen: 4557426K(5338112K)->4656586K(5338112K)
[783.726s][info][gc,metaspace   ] GC(304) Metaspace: 29036K(29440K)->29036K(29440K) NonClass: 24147K(24320K)->24147K(24320K) Class: 4888K(5120K)->4888K(5120K)
[783.726s][info][gc             ] GC(304) Pause Young (Allocation Failure) 6962M->4681M(7756M) 99.218ms
[783.726s][info][gc,cpu         ] GC(304) User=0.58s Sys=0.00s Real=0.10s
.[785.236s][info][gc,start       ] GC(305) Pause Young (Allocation Failure)
[785.344s][info][gc,heap        ] GC(305) PSYoungGen: 2551904K(2604032K)->163456K(2604544K) Eden: 2415104K(2415104K)->0K(2415104K) From: 136800K(188928K)->163456K(189440K)
[785.344s][info][gc,heap        ] GC(305) ParOldGen: 4656586K(5338112K)->4747066K(5338112K)
[785.344s][info][gc,metaspace   ] GC(305) Metaspace: 29036K(29440K)->29036K(29440K) NonClass: 24147K(24320K)->24147K(24320K) Class: 4888K(5120K)->4888K(5120K)
[785.344s][info][gc             ] GC(305) Pause Young (Allocation Failure) 7039M->4795M(7756M) 107.710ms
[785.344s][info][gc,cpu         ] GC(305) User=0.64s Sys=0.00s Real=0.11s
.[786.857s][info][gc,start       ] GC(306) Pause Young (Allocation Failure)
[786.965s][info][gc,heap        ] GC(306) PSYoungGen: 2578560K(2604544K)->154000K(2602496K) Eden: 2415104K(2415104K)->0K(2416128K) From: 163456K(189440K)->154000K(186368K)
[786.965s][info][gc,heap        ] GC(306) ParOldGen: 4747066K(5338112K)->4842722K(5338112K)
[786.965s][info][gc,metaspace   ] GC(306) Metaspace: 29036K(29440K)->29036K(29440K) NonClass: 24147K(24320K)->24147K(24320K) Class: 4888K(5120K)->4888K(5120K)
[786.965s][info][gc             ] GC(306) Pause Young (Allocation Failure) 7153M->4879M(7754M) 108.203ms
[786.965s][info][gc,cpu         ] GC(306) User=0.63s Sys=0.00s Real=0.11s
.. (rIR:aIR:PR = 12952:13157:12344) (tPR = 183795) [OK] 
   788s:       trying IR =  12976 [788.455s][info][gc,start       ] GC(307) Pause Young (Allocation Failure)
[788.565s][info][gc,heap        ] GC(307) PSYoungGen: 2570128K(2602496K)->153365K(2604032K) Eden: 2416128K(2416128K)->0K(2416128K) From: 154000K(186368K)->153365K(187904K)
[788.565s][info][gc,heap        ] GC(307) ParOldGen: 4842722K(5338112K)->4935010K(5338112K)
[788.565s][info][gc,metaspace   ] GC(307) Metaspace: 29036K(29440K)->29036K(29440K) NonClass: 24147K(24320K)->24147K(24320K) Class: 4888K(5120K)->4888K(5120K)
[788.565s][info][gc             ] GC(307) Pause Young (Allocation Failure) 7239M->4969M(7756M) 109.265ms
[788.565s][info][gc,cpu         ] GC(307) User=0.65s Sys=0.01s Real=0.11s
.[790.077s][info][gc,start       ] GC(308) Pause Young (Allocation Failure)
[790.175s][info][gc,heap        ] GC(308) PSYoungGen: 2569493K(2604032K)->138352K(2607104K) Eden: 2416128K(2416128K)->0K(2422784K) From: 153365K(187904K)->138352K(184320K)
[790.175s][info][gc,heap        ] GC(308) ParOldGen: 4935010K(5338112K)->5025122K(5338112K)
[790.175s][info][gc,metaspace   ] GC(308) Metaspace: 29036K(29440K)->29036K(29440K) NonClass: 24147K(24320K)->24147K(24320K) Class: 4888K(5120K)->4888K(5120K)
[790.175s][info][gc             ] GC(308) Pause Young (Allocation Failure) 7328M->5042M(7759M) 98.058ms
[790.175s][info][gc,cpu         ] GC(308) User=0.57s Sys=0.00s Real=0.10s
..[791.817s][info][gc,start       ] GC(309) Pause Young (Allocation Failure)
[791.920s][info][gc,heap        ] GC(309) PSYoungGen: 2561136K(2607104K)->143296K(2606592K) Eden: 2422784K(2422784K)->0K(2422784K) From: 138352K(184320K)->143296K(183808K)
[791.920s][info][gc,heap        ] GC(309) ParOldGen: 5025122K(5338112K)->5120898K(5338112K)
[791.920s][info][gc,metaspace   ] GC(309) Metaspace: 29036K(29440K)->29036K(29440K) NonClass: 24147K(24320K)->24147K(24320K) Class: 4888K(5120K)->4888K(5120K)
[791.920s][info][gc             ] GC(309) Pause Young (Allocation Failure) 7408M->5140M(7758M) 103.433ms
[791.920s][info][gc,cpu         ] GC(309) User=0.60s Sys=0.00s Real=0.10s
.[793.325s][info][gc,start       ] GC(310) Pause Young (Allocation Failure)
[793.428s][info][gc,heap        ] GC(310) PSYoungGen: 2566080K(2606592K)->153504K(2610176K) Eden: 2422784K(2422784K)->0K(2429952K) From: 143296K(183808K)->153504K(180224K)
[793.428s][info][gc,heap        ] GC(310) ParOldGen: 5120898K(5338112K)->5207898K(5338112K)
[793.428s][info][gc,metaspace   ] GC(310) Metaspace: 29036K(29440K)->29036K(29440K) NonClass: 24147K(24320K)->24147K(24320K) Class: 4888K(5120K)->4888K(5120K)
[793.428s][info][gc             ] GC(310) Pause Young (Allocation Failure) 7506M->5235M(7762M) 102.920ms
[793.428s][info][gc,cpu         ] GC(310) User=0.62s Sys=0.00s Real=0.10s
.[794.886s][info][gc,start       ] GC(311) Pause Young (Allocation Failure)
[795.003s][info][gc,heap        ] GC(311) PSYoungGen: 2583456K(2610176K)->170469K(2609664K) Eden: 2429952K(2429952K)->0K(2429952K) From: 153504K(180224K)->170469K(179712K)
[795.003s][info][gc,heap        ] GC(311) ParOldGen: 5207898K(5338112K)->5303562K(5338112K)
[795.003s][info][gc,metaspace   ] GC(311) Metaspace: 29037K(29440K)->29037K(29440K) NonClass: 24148K(24320K)->24148K(24320K) Class: 4888K(5120K)->4888K(5120K)
[795.003s][info][gc             ] GC(311) Pause Young (Allocation Failure) 7608M->5345M(7761M) 116.710ms
[795.003s][info][gc,cpu         ] GC(311) User=0.69s Sys=0.01s Real=0.11s
.[796.557s][info][gc,start       ] GC(312) Pause Young (Allocation Failure)
[796.667s][info][gc,heap        ] GC(312) PSYoungGen: 2600421K(2609664K)->147249K(2613760K) Eden: 2429952K(2429952K)->0K(2429440K) From: 170469K(179712K)->147249K(184320K)
[796.667s][info][gc,heap        ] GC(312) ParOldGen: 5303562K(5338112K)->5401042K(5401088K)
[796.667s][info][gc,metaspace   ] GC(312) Metaspace: 29037K(29440K)->29037K(29440K) NonClass: 24148K(24320K)->24148K(24320K) Class: 4888K(5120K)->4888K(5120K)
[796.667s][info][gc             ] GC(312) Pause Young (Allocation Failure) 7718M->5418M(7827M) 110.011ms
[796.667s][info][gc,cpu         ] GC(312) User=0.63s Sys=0.01s Real=0.11s
..[798.081s][info][gc,start       ] GC(313) Pause Young (Allocation Failure)
[798.186s][info][gc,heap        ] GC(313) PSYoungGen: 2576689K(2613760K)->147936K(2577408K) Eden: 2429440K(2429440K)->0K(2429440K) From: 147249K(184320K)->147936K(147968K)
[798.186s][info][gc,heap        ] GC(313) ParOldGen: 5401042K(5401088K)->5486234K(5486592K)
[798.186s][info][gc,metaspace   ] GC(313) Metaspace: 29037K(29440K)->29037K(29440K) NonClass: 24148K(24320K)->24148K(24320K) Class: 4888K(5120K)->4888K(5120K)
[798.186s][info][gc             ] GC(313) Pause Young (Allocation Failure) 7790M->5502M(7875M) 104.549ms
[798.186s][info][gc,cpu         ] GC(313) User=0.60s Sys=0.02s Real=0.11s
.[799.840s][info][gc,start       ] GC(314) Pause Full (Allocation Failure)
[799.840s][info][gc,phases,start] GC(314) Marking Phase
[800.138s][info][gc,phases      ] GC(314) Marking Phase 298.157ms
[800.138s][info][gc,phases,start] GC(314) Summary Phase
[800.138s][info][gc,phases      ] GC(314) Summary Phase 0.106ms
[800.139s][info][gc,phases,start] GC(314) Forward
[800.294s][info][gc,phases      ] GC(314) Forward 154.525ms
[800.294s][info][gc,phases,start] GC(314) Adjust Pointers
[800.504s][info][gc,phases      ] GC(314) Adjust Pointers 210.457ms
[800.504s][info][gc,phases,start] GC(314) Compaction Phase
[800.653s][info][gc,phases      ] GC(314) Compaction Phase 149.005ms
[800.655s][info][gc,phases,start] GC(314) Post Compact
[800.662s][info][gc,phases      ] GC(314) Post Compact 6.831ms
[800.779s][info][gc,heap        ] GC(314) PSYoungGen: 2577376K(2577408K)->0K(2609152K) Eden: 2429440K(2429440K)->0K(2429440K) From: 147936K(147968K)->0K(179712K)
[800.780s][info][gc,heap        ] GC(314) ParOldGen: 5486234K(5486592K)->1430389K(1622528K)
[800.780s][info][gc,metaspace   ] GC(314) Metaspace: 29037K(29440K)->29037K(29440K) NonClass: 24148K(24320K)->24148K(24320K) Class: 4888K(5120K)->4888K(5120K)
[800.780s][info][gc             ] GC(314) Pause Full (Allocation Failure) 7874M->1396M(4132M) 939.520ms
[800.780s][info][gc,cpu         ] GC(314) User=4.35s Sys=0.12s Real=0.94s
.[802.158s][info][gc,start       ] GC(315) Pause Young (Allocation Failure)
[802.238s][info][gc,heap        ] GC(315) PSYoungGen: 2429440K(2609152K)->168618K(2609152K) Eden: 2429440K(2429440K)->0K(2429440K) From: 0K(179712K)->168618K(179712K)
[802.238s][info][gc,heap        ] GC(315) ParOldGen: 1430389K(1622528K)->1430389K(1622528K)
[802.238s][info][gc,metaspace   ] GC(315) Metaspace: 29037K(29440K)->29037K(29440K) NonClass: 24148K(24320K)->24148K(24320K) Class: 4888K(5120K)->4888K(5120K)
[802.238s][info][gc             ] GC(315) Pause Young (Allocation Failure) 3769M->1561M(4132M) 79.666ms
[802.238s][info][gc,cpu         ] GC(315) User=0.47s Sys=0.00s Real=0.08s
.[803.684s][info][gc,start       ] GC(316) Pause Young (Allocation Failure)
[803.848s][info][gc,heap        ] GC(316) PSYoungGen: 2598058K(2609152K)->169920K(2606592K) Eden: 2429440K(2429440K)->0K(2423296K) From: 168618K(179712K)->169920K(183296K)
[803.848s][info][gc,heap        ] GC(316) ParOldGen: 1430389K(1622528K)->1531941K(1622528K)
[803.848s][info][gc,metaspace   ] GC(316) Metaspace: 29039K(29440K)->29039K(29440K) NonClass: 24150K(24320K)->24150K(24320K) Class: 4888K(5120K)->4888K(5120K)
[803.848s][info][gc             ] GC(316) Pause Young (Allocation Failure) 3934M->1661M(4130M) 164.110ms
[803.848s][info][gc,cpu         ] GC(316) User=0.65s Sys=0.04s Real=0.16s
..[805.312s][info][gc,start       ] GC(317) Pause Young (Allocation Failure)
[805.413s][info][gc,heap        ] GC(317) PSYoungGen: 2593216K(2606592K)->151172K(2609664K) Eden: 2423296K(2423296K)->0K(2423296K) From: 169920K(183296K)->151172K(186368K)
[805.413s][info][gc,heap        ] GC(317) ParOldGen: 1531941K(1622528K)->1624613K(1625088K)
[805.413s][info][gc,metaspace   ] GC(317) Metaspace: 29039K(29440K)->29039K(29440K) NonClass: 24150K(24320K)->24150K(24320K) Class: 4888K(5120K)->4888K(5120K)
[805.414s][info][gc             ] GC(317) Pause Young (Allocation Failure) 4028M->1734M(4135M) 101.195ms
[805.414s][info][gc,cpu         ] GC(317) User=0.59s Sys=0.00s Real=0.11s
.[807.159s][info][gc,start       ] GC(318) Pause Young (Allocation Failure)
[807.262s][info][gc,heap        ] GC(318) PSYoungGen: 2574468K(2609664K)->142080K(2608128K) Eden: 2423296K(2423296K)->0K(2425856K) From: 151172K(186368K)->142080K(182272K)
[807.262s][info][gc,heap        ] GC(318) ParOldGen: 1624613K(1625088K)->1723069K(1723392K)
[807.262s][info][gc,metaspace   ] GC(318) Metaspace: 29039K(29440K)->29039K(29440K) NonClass: 24150K(24320K)->24150K(24320K) Class: 4888K(5120K)->4888K(5120K)
[807.262s][info][gc             ] GC(318) Pause Young (Allocation Failure) 4100M->1821M(4230M) 103.040ms
[807.262s][info][gc,cpu         ] GC(318) User=0.57s Sys=0.03s Real=0.10s
.[808.883s][info][gc,start       ] GC(319) Pause Young (Allocation Failure)
[808.987s][info][gc,heap        ] GC(319) PSYoungGen: 2567936K(2608128K)->156960K(2609152K) Eden: 2425856K(2425856K)->0K(2425856K) From: 142080K(182272K)->156960K(183296K)
[808.987s][info][gc,heap        ] GC(319) ParOldGen: 1723069K(1723392K)->1810893K(1810944K)
[808.987s][info][gc,metaspace   ] GC(319) Metaspace: 29039K(29440K)->29039K(29440K) NonClass: 24150K(24320K)->24150K(24320K) Class: 4888K(5120K)->4888K(5120K)
[808.987s][info][gc             ] GC(319) Pause Young (Allocation Failure) 4190M->1921M(4316M) 104.160ms
[808.987s][info][gc,cpu         ] GC(319) User=0.60s Sys=0.01s Real=0.11s
.[810.426s][info][gc,start       ] GC(320) Pause Young (Allocation Failure)
[810.537s][info][gc,heap        ] GC(320) PSYoungGen: 2582816K(2609152K)->170133K(2608128K) Eden: 2425856K(2425856K)->0K(2426368K) From: 156960K(183296K)->170133K(181760K)
[810.537s][info][gc,heap        ] GC(320) ParOldGen: 1810893K(1810944K)->1900669K(1901056K)
[810.537s][info][gc,metaspace   ] GC(320) Metaspace: 29039K(29440K)->29039K(29440K) NonClass: 24150K(24320K)->24150K(24320K) Class: 4888K(5120K)->4888K(5120K)
[810.537s][info][gc             ] GC(320) Pause Young (Allocation Failure) 4290M->2022M(4403M) 111.539ms
[810.537s][info][gc,cpu         ] GC(320) User=0.62s Sys=0.04s Real=0.11s
..[812.115s][info][gc,start       ] GC(321) Pause Young (Allocation Failure)
[812.231s][info][gc,heap        ] GC(321) PSYoungGen: 2596501K(2608128K)->167957K(2594816K) Eden: 2426368K(2426368K)->0K(2426368K) From: 170133K(181760K)->167957K(168448K)
[812.231s][info][gc,heap        ] GC(321) ParOldGen: 1900669K(1901056K)->2000773K(2000896K)
[812.231s][info][gc,metaspace   ] GC(321) Metaspace: 29039K(29440K)->29039K(29440K) NonClass: 24150K(24320K)->24150K(24320K) Class: 4888K(5120K)->4888K(5120K)
[812.231s][info][gc             ] GC(321) Pause Young (Allocation Failure) 4391M->2117M(4488M) 116.281ms
[812.231s][info][gc,cpu         ] GC(321) User=0.66s Sys=0.03s Real=0.11s
.[813.701s][info][gc,start       ] GC(322) Pause Young (Allocation Failure)
[813.855s][info][gc,heap        ] GC(322) PSYoungGen: 2594325K(2594816K)->158816K(2611200K) Eden: 2426368K(2426368K)->0K(2424320K) From: 167957K(168448K)->158816K(186880K)
[813.855s][info][gc,heap        ] GC(322) ParOldGen: 2000773K(2000896K)->2092813K(2093056K)
[813.855s][info][gc,metaspace   ] GC(322) Metaspace: 29039K(29440K)->29039K(29440K) NonClass: 24150K(24320K)->24150K(24320K) Class: 4888K(5120K)->4888K(5120K)
[813.855s][info][gc             ] GC(322) Pause Young (Allocation Failure) 4487M->2198M(4594M) 154.423ms
[813.856s][info][gc,cpu         ] GC(322) User=0.60s Sys=0.02s Real=0.16s
.[815.321s][info][gc,start       ] GC(323) Pause Young (Allocation Failure)
[815.428s][info][gc,heap        ] GC(323) PSYoungGen: 2583136K(2611200K)->156565K(2580992K) Eden: 2424320K(2424320K)->0K(2424320K) From: 158816K(186880K)->156565K(156672K)
[815.428s][info][gc,heap        ] GC(323) ParOldGen: 2092813K(2093056K)->2186733K(2186752K)
[815.428s][info][gc,metaspace   ] GC(323) Metaspace: 29039K(29440K)->29039K(29440K) NonClass: 24150K(24320K)->24150K(24320K) Class: 4888K(5120K)->4888K(5120K)
[815.428s][info][gc             ] GC(323) Pause Young (Allocation Failure) 4566M->2288M(4656M) 106.746ms
[815.428s][info][gc,cpu         ] GC(323) User=0.60s Sys=0.02s Real=0.11s
.[816.974s][info][gc,start       ] GC(324) Pause Young (Allocation Failure)
[817.084s][info][gc,heap        ] GC(324) PSYoungGen: 2580885K(2580992K)->160773K(2607104K) Eden: 2424320K(2424320K)->0K(2425344K) From: 156565K(156672K)->160773K(181760K)
[817.084s][info][gc,heap        ] GC(324) ParOldGen: 2186733K(2186752K)->2278197K(2278400K)
[817.084s][info][gc,metaspace   ] GC(324) Metaspace: 29039K(29440K)->29039K(29440K) NonClass: 24150K(24320K)->24150K(24320K) Class: 4888K(5120K)->4888K(5120K)
[817.084s][info][gc             ] GC(324) Pause Young (Allocation Failure) 4655M->2381M(4771M) 110.283ms
[817.084s][info][gc,cpu         ] GC(324) User=0.62s Sys=0.03s Real=0.11s
.[818.494s][info][gc,start       ] GC(325) Pause Young (Allocation Failure)
[818.608s][info][gc,heap        ] GC(325) PSYoungGen: 2586117K(2607104K)->169632K(2606080K) Eden: 2425344K(2425344K)->0K(2425344K) From: 160773K(181760K)->169632K(180736K)
[818.608s][info][gc,heap        ] GC(325) ParOldGen: 2278197K(2278400K)->2377749K(2378240K)
[818.608s][info][gc,metaspace   ] GC(325) Metaspace: 29039K(29440K)->29039K(29440K) NonClass: 24150K(24320K)->24150K(24320K) Class: 4888K(5120K)->4888K(5120K)
[818.608s][info][gc             ] GC(325) Pause Young (Allocation Failure) 4750M->2487M(4867M) 113.478ms
[818.608s][info][gc,cpu         ] GC(325) User=0.64s Sys=0.03s Real=0.11s
. (rIR:aIR:PR = 12976:12523:12156) (tPR = 178115) [PR is under limit] 
   818s: Re-initializing (term[820.345s][info][gc,start       ] GC(326) Pause Young (Allocation Failure)
[820.448s][info][gc,heap        ] GC(326) PSYoungGen: 2594976K(2606080K)->137421K(2610688K) Eden: 2425344K(2425344K)->0K(2427392K) From: 169632K(180736K)->137421K(183296K)
[820.448s][info][gc,heap        ] GC(326) ParOldGen: 2377749K(2378240K)->2479485K(2479616K)
[820.448s][info][gc,metaspace   ] GC(326) Metaspace: 29039K(29440K)->29039K(29440K) NonClass: 24150K(24320K)->24150K(24320K) Class: 4888K(5120K)->4888K(5120K)
[820.448s][info][gc             ] GC(326) Pause Young (Allocation Failure) 4856M->2555M(4971M) 103.158ms
[820.448s][info][gc,cpu         ] GC(326) User=0.58s Sys=0.03s Real=0.10s
[821.897s][info][gc,start       ] GC(327) Pause Young (Allocation Failure)
[822.014s][info][gc,heap        ] GC(327) PSYoungGen: 2564813K(2610688K)->184288K(2611712K) Eden: 2427392K(2427392K)->0K(2427392K) From: 137421K(183296K)->184288K(184320K)
[822.014s][info][gc,heap        ] GC(327) ParOldGen: 2479485K(2479616K)->2576949K(2577408K)
[822.014s][info][gc,metaspace   ] GC(327) Metaspace: 29039K(29440K)->29039K(29440K) NonClass: 24150K(24320K)->24150K(24320K) Class: 4888K(5120K)->4888K(5120K)
[822.014s][info][gc             ] GC(327) Pause Young (Allocation Failure) 4926M->2696M(5067M) 117.374ms
[822.014s][info][gc,cpu         ] GC(327) User=0.67s Sys=0.03s Real=0.12s
[823.327s][info][gc,start       ] GC(328) Pause Young (Allocation Failure)
[823.459s][info][gc,heap        ] GC(328) PSYoungGen: 2611680K(2611712K)->184288K(2433536K) Eden: 2427392K(2427392K)->0K(2249216K) From: 184288K(184320K)->184288K(184320K)
[823.459s][info][gc,heap        ] GC(328) ParOldGen: 2576949K(2577408K)->2700825K(2701312K)
[823.459s][info][gc,metaspace   ] GC(328) Metaspace: 29040K(29440K)->29040K(29440K) NonClass: 24151K(24320K)->24151K(24320K) Class: 4888K(5120K)->4888K(5120K)
[823.459s][info][gc             ] GC(328) Pause Young (Allocation Failure) 5067M->2817M(5014M) 132.113ms
[823.459s][info][gc,cpu         ] GC(328) User=0.73s Sys=0.05s Real=0.13s
) [824.617s][info][gc,start       ] GC(329) Pause Full (System.gc())
[824.617s][info][gc,phases,start] GC(329) Marking Phase
[824.638s][info][gc,phases      ] GC(329) Marking Phase 20.362ms
[824.638s][info][gc,phases,start] GC(329) Summary Phase
[824.638s][info][gc,phases      ] GC(329) Summary Phase 0.048ms
[824.638s][info][gc,phases,start] GC(329) Forward
[824.642s][info][gc,phases      ] GC(329) Forward 4.073ms
[824.642s][info][gc,phases,start] GC(329) Adjust Pointers
[824.656s][info][gc,phases      ] GC(329) Adjust Pointers 14.350ms
[824.656s][info][gc,phases,start] GC(329) Compaction Phase
[824.693s][info][gc,phases      ] GC(329) Compaction Phase 37.247ms
[824.694s][info][gc,phases,start] GC(329) Post Compact
[824.698s][info][gc,phases      ] GC(329) Post Compact 4.215ms
[824.698s][info][gc,heap        ] GC(329) PSYoungGen: 2162378K(2433536K)->0K(2433536K) Eden: 1978090K(2249216K)->0K(2249216K) From: 184288K(184320K)->0K(184320K)
[824.698s][info][gc,heap        ] GC(329) ParOldGen: 2700825K(2701312K)->316815K(2701312K)
[824.698s][info][gc,metaspace   ] GC(329) Metaspace: 29044K(29440K)->29044K(29440K) NonClass: 24156K(24320K)->24156K(24320K) Class: 4888K(5120K)->4888K(5120K)
[824.698s][info][gc             ] GC(329) Pause Full (System.gc()) 4749M->309M(5014M) 80.597ms
[824.698s][info][gc,cpu         ] GC(329) User=0.41s Sys=0.00s Real=0.08s
(init[826.421s][info][gc,start       ] GC(330) Pause Young (Allocation Failure)
[826.689s][info][gc,heap        ] GC(330) PSYoungGen: 2249216K(2433536K)->273384K(2522624K) Eden: 2249216K(2249216K)->0K(2249216K) From: 0K(184320K)->273384K(273408K)
[826.689s][info][gc,heap        ] GC(330) ParOldGen: 316815K(2701312K)->590637K(2701312K)
[826.689s][info][gc,metaspace   ] GC(330) Metaspace: 29059K(29440K)->29059K(29440K) NonClass: 24168K(24320K)->24168K(24320K) Class: 4891K(5120K)->4891K(5120K)
[826.689s][info][gc             ] GC(330) Pause Young (Allocation Failure) 2505M->843M(5101M) 268.135ms
[826.689s][info][gc,cpu         ] GC(330) User=1.60s Sys=0.00s Real=0.27s
) ... OK
   830s: Searching from base IR = 12952
   830s:       rampup IR =      0 ... (rIR:aIR:PR = 0:0:0) (tPR = 0) [OK] 
   833s:       rampup IR =   1295 .[835.494s][info][gc,start       ] GC(331) Pause Young (Allocation Failure)
[835.798s][info][gc,heap        ] GC(331) PSYoungGen: 2522600K(2522624K)->273390K(1863168K) Eden: 2249216K(2249216K)->0K(1589760K) From: 273384K(273408K)->273390K(273408K)
[835.798s][info][gc,heap        ] GC(331) ParOldGen: 590637K(2701312K)->1135766K(2701312K)
[835.798s][info][gc,metaspace   ] GC(331) Metaspace: 29069K(29440K)->29069K(29440K) NonClass: 24177K(24320K)->24177K(24320K) Class: 4891K(5120K)->4891K(5120K)
[835.798s][info][gc             ] GC(331) Pause Young (Allocation Failure) 3040M->1376M(4457M) 304.258ms
[835.798s][info][gc,cpu         ] GC(331) User=1.82s Sys=0.00s Real=0.30s
... (rIR:aIR:PR = 1295:1290:1290) (tPR = 19519) [OK] 
   837s:       rampup IR =   2590 ...[841.802s][info][gc,start       ] GC(332) Pause Young (Allocation Failure)
[841.924s][info][gc,heap        ] GC(332) PSYoungGen: 1863150K(1863168K)->100096K(2192896K) Eden: 1589760K(1589760K)->0K(1589760K) From: 273390K(273408K)->100096K(603136K)
[841.924s][info][gc,heap        ] GC(332) ParOldGen: 1135766K(2701312K)->1333754K(2701312K)
[841.924s][info][gc,metaspace   ] GC(332) Metaspace: 29077K(29440K)->29077K(29440K) NonClass: 24185K(24320K)->24185K(24320K) Class: 4891K(5120K)->4891K(5120K)
[841.924s][info][gc             ] GC(332) Pause Young (Allocation Failure) 2928M->1400M(4779M) 121.610ms
[841.924s][info][gc,cpu         ] GC(332) User=0.73s Sys=0.00s Real=0.13s
. (rIR:aIR:PR = 2590:2589:2589) (tPR = 37745) [OK] 
   841s:       rampup IR =   3886 ...[845.267s][info][gc,start       ] GC(333) Pause Young (Allocation Failure)
[845.350s][info][gc,heap        ] GC(333) PSYoungGen: 1689856K(2192896K)->109085K(2174464K) Eden: 1589760K(1589760K)->0K(1591808K) From: 100096K(603136K)->109085K(582656K)
[845.350s][info][gc,heap        ] GC(333) ParOldGen: 1333754K(2701312K)->1410027K(2701312K)
[845.350s][info][gc,metaspace   ] GC(333) Metaspace: 29077K(29440K)->29077K(29440K) NonClass: 24185K(24320K)->24185K(24320K) Class: 4891K(5120K)->4891K(5120K)
[845.350s][info][gc             ] GC(333) Pause Young (Allocation Failure) 2952M->1483M(4761M) 83.229ms
[845.351s][info][gc,cpu         ] GC(333) User=0.49s Sys=0.01s Real=0.08s
. (rIR:aIR:PR = 3886:3902:3902) (tPR = 58468) [OK] 
   845s:       rampup IR =   5181 .[847.976s][info][gc,start       ] GC(334) Pause Young (Allocation Failure)
[848.050s][info][gc,heap        ] GC(334) PSYoungGen: 1700893K(2174464K)->101792K(2184704K) Eden: 1591808K(1591808K)->0K(1591808K) From: 109085K(582656K)->101792K(592896K)
[848.050s][info][gc,heap        ] GC(334) ParOldGen: 1410027K(2701312K)->1486403K(2701312K)
[848.050s][info][gc,metaspace   ] GC(334) Metaspace: 29079K(29440K)->29079K(29440K) NonClass: 24187K(24320K)->24187K(24320K) Class: 4891K(5120K)->4891K(5120K)
[848.050s][info][gc             ] GC(334) Pause Young (Allocation Failure) 3038M->1550M(4771M) 74.501ms
[848.050s][info][gc,cpu         ] GC(334) User=0.44s Sys=0.00s Real=0.07s
... (rIR:aIR:PR = 5181:5146:5146) (tPR = 74897) [OK] 
   849s:       rampup IR =   6476 [850.559s][info][gc,start       ] GC(335) Pause Young (Allocation Failure)
[850.635s][info][gc,heap        ] GC(335) PSYoungGen: 1693600K(2184704K)->107792K(2173952K) Eden: 1591808K(1591808K)->0K(1619968K) From: 101792K(592896K)->107792K(553984K)
[850.635s][info][gc,heap        ] GC(335) ParOldGen: 1486403K(2701312K)->1560067K(2701312K)
[850.635s][info][gc,metaspace   ] GC(335) Metaspace: 29079K(29440K)->29079K(29440K) NonClass: 24187K(24320K)->24187K(24320K) Class: 4891K(5120K)->4891K(5120K)
[850.635s][info][gc             ] GC(335) Pause Young (Allocation Failure) 3105M->1628M(4761M) 76.315ms
[850.635s][info][gc,cpu         ] GC(335) User=0.46s Sys=0.00s Real=0.08s
..[852.594s][info][gc,start       ] GC(336) Pause Young (Allocation Failure)
[852.668s][info][gc,heap        ] GC(336) PSYoungGen: 1727760K(2173952K)->101328K(2188800K) Eden: 1619968K(1619968K)->0K(1619968K) From: 107792K(553984K)->101328K(568832K)
[852.668s][info][gc,heap        ] GC(336) ParOldGen: 1560067K(2701312K)->1637580K(2701312K)
[852.668s][info][gc,metaspace   ] GC(336) Metaspace: 29079K(29440K)->29079K(29440K) NonClass: 24187K(24320K)->24187K(24320K) Class: 4891K(5120K)->4891K(5120K)
[852.668s][info][gc             ] GC(336) Pause Young (Allocation Failure) 3210M->1698M(4775M) 73.918ms
[852.668s][info][gc,cpu         ] GC(336) User=0.44s Sys=0.00s Real=0.07s
.. (rIR:aIR:PR = 6476:6481:6481) (tPR = 97413) [OK] 
   853s:       rampup IR =   7771 [854.615s][info][gc,start       ] GC(337) Pause Young (Allocation Failure)
[854.688s][info][gc,heap        ] GC(337) PSYoungGen: 1721296K(2188800K)->101984K(2193408K) Eden: 1619968K(1619968K)->0K(1673216K) From: 101328K(568832K)->101984K(520192K)
[854.688s][info][gc,heap        ] GC(337) ParOldGen: 1637580K(2701312K)->1712716K(2701312K)
[854.688s][info][gc,metaspace   ] GC(337) Metaspace: 29079K(29440K)->29079K(29440K) NonClass: 24187K(24320K)->24187K(24320K) Class: 4891K(5120K)->4891K(5120K)
[854.688s][info][gc             ] GC(337) Pause Young (Allocation Failure) 3280M->1772M(4780M) 72.455ms
[854.688s][info][gc,cpu         ] GC(337) User=0.43s Sys=0.00s Real=0.07s
..[856.366s][info][gc,start       ] GC(338) Pause Young (Allocation Failure)
[856.442s][info][gc,heap        ] GC(338) PSYoungGen: 1775200K(2193408K)->107088K(2210304K) Eden: 1673216K(1673216K)->0K(1673216K) From: 101984K(520192K)->107088K(537088K)
[856.442s][info][gc,heap        ] GC(338) ParOldGen: 1712716K(2701312K)->1786488K(2701312K)
[856.442s][info][gc,metaspace   ] GC(338) Metaspace: 29080K(29440K)->29080K(29440K) NonClass: 24188K(24320K)->24188K(24320K) Class: 4891K(5120K)->4891K(5120K)
[856.442s][info][gc             ] GC(338) Pause Young (Allocation Failure) 3406M->1849M(4796M) 75.570ms
[856.442s][info][gc,cpu         ] GC(338) User=0.45s Sys=0.00s Real=0.07s
.. (rIR:aIR:PR = 7771:7908:7903) (tPR = 119055) [OK] 
   857s:       rampup IR =   9066 [858.202s][info][gc,start       ] GC(339) Pause Young (Allocation Failure)
[858.276s][info][gc,heap        ] GC(339) PSYoungGen: 1780304K(2210304K)->104352K(2222592K) Eden: 1673216K(1673216K)->0K(1740288K) From: 107088K(537088K)->104352K(482304K)
[858.276s][info][gc,heap        ] GC(339) ParOldGen: 1786488K(2701312K)->1862576K(2701312K)
[858.277s][info][gc,metaspace   ] GC(339) Metaspace: 29080K(29440K)->29080K(29440K) NonClass: 24188K(24320K)->24188K(24320K) Class: 4891K(5120K)->4891K(5120K)
[858.277s][info][gc             ] GC(339) Pause Young (Allocation Failure) 3483M->1920M(4808M) 74.416ms
[858.277s][info][gc,cpu         ] GC(339) User=0.44s Sys=0.00s Real=0.08s
.[859.783s][info][gc,start       ] GC(340) Pause Young (Allocation Failure)
[859.865s][info][gc,heap        ] GC(340) PSYoungGen: 1844640K(2222592K)->120288K(2240000K) Eden: 1740288K(1740288K)->0K(1740288K) From: 104352K(482304K)->120288K(499712K)
[859.865s][info][gc,heap        ] GC(340) ParOldGen: 1862576K(2701312K)->1939392K(2701312K)
[859.865s][info][gc,metaspace   ] GC(340) Metaspace: 29080K(29440K)->29080K(29440K) NonClass: 24188K(24320K)->24188K(24320K) Class: 4891K(5120K)->4891K(5120K)
[859.865s][info][gc             ] GC(340) Pause Young (Allocation Failure) 3620M->2011M(4825M) 82.270ms
[859.865s][info][gc,cpu         ] GC(340) User=0.49s Sys=0.00s Real=0.09s
..[861.473s][info][gc,start       ] GC(341) Pause Young (Allocation Failure)
[861.556s][info][gc,heap        ] GC(341) PSYoungGen: 1860576K(2240000K)->115839K(2259968K) Eden: 1740288K(1740288K)->0K(1818624K) From: 120288K(499712K)->115839K(441344K)
[861.556s][info][gc,heap        ] GC(341) ParOldGen: 1939392K(2701312K)->2019888K(2701312K)
[861.556s][info][gc,metaspace   ] GC(341) Metaspace: 29080K(29440K)->29080K(29440K) NonClass: 24188K(24320K)->24188K(24320K) Class: 4891K(5120K)->4891K(5120K)
[861.556s][info][gc             ] GC(341) Pause Young (Allocation Failure) 3710M->2085M(4845M) 83.365ms
[861.556s][info][gc,cpu         ] GC(341) User=0.49s Sys=0.00s Real=0.09s
.[863.098s][info][gc,start       ] GC(342) Pause Young (Allocation Failure)
[863.174s][info][gc,heap        ] GC(342) PSYoungGen: 1934463K(2259968K)->109200K(2275840K) Eden: 1818624K(1818624K)->0K(1818624K) From: 115839K(441344K)->109200K(457216K)
[863.174s][info][gc,heap        ] GC(342) ParOldGen: 2019888K(2701312K)->2094632K(2701312K)
[863.174s][info][gc,metaspace   ] GC(342) Metaspace: 29080K(29440K)->29080K(29440K) NonClass: 24188K(24320K)->24188K(24320K) Class: 4891K(5120K)->4891K(5120K)
[863.174s][info][gc             ] GC(342) Pause Young (Allocation Failure) 3861M->2152M(4860M) 76.138ms
[863.175s][info][gc,cpu         ] GC(342) User=0.45s Sys=0.01s Real=0.08s
. (rIR:aIR:PR = 9066:8853:8995) (tPR = 132760) [OK] 
   863s:       rampup IR =  10362 .[864.601s][info][gc,start       ] GC(343) Pause Young (Allocation Failure)
[864.685s][info][gc,heap        ] GC(343) PSYoungGen: 1927824K(2275840K)->123189K(2299904K) Eden: 1818624K(1818624K)->0K(1900544K) From: 109200K(457216K)->123189K(399360K)
[864.685s][info][gc,heap        ] GC(343) ParOldGen: 2094632K(2701312K)->2173416K(2701312K)
[864.685s][info][gc,metaspace   ] GC(343) Metaspace: 29080K(29440K)->29080K(29440K) NonClass: 24188K(24320K)->24188K(24320K) Class: 4891K(5120K)->4891K(5120K)
[864.685s][info][gc             ] GC(343) Pause Young (Allocation Failure) 3928M->2242M(4884M) 84.002ms
[864.685s][info][gc,cpu         ] GC(343) User=0.49s Sys=0.00s Real=0.09s
.[866.131s][info][gc,start       ] GC(344) Pause Young (Allocation Failure)
[866.210s][info][gc,heap        ] GC(344) PSYoungGen: 2023733K(2299904K)->112288K(2317824K) Eden: 1900544K(1900544K)->0K(1900544K) From: 123189K(399360K)->112288K(417280K)
[866.210s][info][gc,heap        ] GC(344) ParOldGen: 2173416K(2701312K)->2252520K(2701312K)
[866.210s][info][gc,metaspace   ] GC(344) Metaspace: 29080K(29440K)->29080K(29440K) NonClass: 24188K(24320K)->24188K(24320K) Class: 4891K(5120K)->4891K(5120K)
[866.210s][info][gc             ] GC(344) Pause Young (Allocation Failure) 4098M->2309M(4901M) 79.169ms
[866.210s][info][gc,cpu         ] GC(344) User=0.47s Sys=0.00s Real=0.08s
.. (rIR:aIR:PR = 10362:10289:10282) (tPR = 153770) [OK] 
   867s:       rampup IR =  11657 [867.655s][info][gc,start       ] GC(345) Pause Young (Allocation Failure)
[867.740s][info][gc,heap        ] GC(345) PSYoungGen: 2012832K(2317824K)->121476K(2339840K) Eden: 1900544K(1900544K)->0K(1979392K) From: 112288K(417280K)->121476K(360448K)
[867.740s][info][gc,heap        ] GC(345) ParOldGen: 2252520K(2701312K)->2335000K(2701312K)
[867.740s][info][gc,metaspace   ] GC(345) Metaspace: 29080K(29440K)->29080K(29440K) NonClass: 24188K(24320K)->24188K(24320K) Class: 4891K(5120K)->4891K(5120K)
[867.740s][info][gc             ] GC(345) Pause Young (Allocation Failure) 4165M->2398M(4923M) 84.427ms
[867.740s][info][gc,cpu         ] GC(345) User=0.50s Sys=0.00s Real=0.08s
.[869.053s][info][gc,start       ] GC(346) Pause Young (Allocation Failure)
[869.145s][info][gc,heap        ] GC(346) PSYoungGen: 2100868K(2339840K)->137621K(2359296K) Eden: 1979392K(1979392K)->0K(1979392K) From: 121476K(360448K)->137621K(379904K)
[869.145s][info][gc,heap        ] GC(346) ParOldGen: 2335000K(2701312K)->2414800K(2701312K)
[869.145s][info][gc,metaspace   ] GC(346) Metaspace: 29080K(29440K)->29080K(29440K) NonClass: 24188K(24320K)->24188K(24320K) Class: 4891K(5120K)->4891K(5120K)
[869.145s][info][gc             ] GC(346) Pause Young (Allocation Failure) 4331M->2492M(4942M) 91.813ms
[869.145s][info][gc,cpu         ] GC(346) User=0.55s Sys=0.00s Real=0.09s
..[870.541s][info][gc,start       ] GC(347) Pause Young (Allocation Failure)
[870.637s][info][gc,heap        ] GC(347) PSYoungGen: 2117013K(2359296K)->141225K(2377216K) Eden: 1979392K(1979392K)->0K(2056704K) From: 137621K(379904K)->141225K(320512K)
[870.637s][info][gc,heap        ] GC(347) ParOldGen: 2414800K(2701312K)->2499328K(2701312K)
[870.637s][info][gc,metaspace   ] GC(347) Metaspace: 29080K(29440K)->29080K(29440K) NonClass: 24188K(24320K)->24188K(24320K) Class: 4891K(5120K)->4891K(5120K)
[870.637s][info][gc             ] GC(347) Pause Young (Allocation Failure) 4425M->2578M(4959M) 96.187ms
[870.637s][info][gc,cpu         ] GC(347) User=0.57s Sys=0.00s Real=0.10s
.[872.014s][info][gc,start       ] GC(348) Pause Young (Allocation Failure)
[872.106s][info][gc,heap        ] GC(348) PSYoungGen: 2197929K(2377216K)->136256K(2396160K) Eden: 2056704K(2056704K)->0K(2056704K) From: 141225K(320512K)->136256K(339456K)
[872.106s][info][gc,heap        ] GC(348) ParOldGen: 2499328K(2701312K)->2581960K(2701312K)
[872.106s][info][gc,metaspace   ] GC(348) Metaspace: 29080K(29440K)->29080K(29440K) NonClass: 24188K(24320K)->24188K(24320K) Class: 4891K(5120K)->4891K(5120K)
[872.106s][info][gc             ] GC(348) Pause Young (Allocation Failure) 4587M->2654M(4978M) 91.726ms
[872.106s][info][gc,cpu         ] GC(348) User=0.55s Sys=0.00s Real=0.09s
. (rIR:aIR:PR = 11657:11349:11292) (tPR = 164663) [OK] 
   872s:       rampup IR =  12952 .[873.505s][info][gc,start       ] GC(349) Pause Young (Allocation Failure)
[873.598s][info][gc,heap        ] GC(349) PSYoungGen: 2192960K(2396160K)->135946K(2422784K) Eden: 2056704K(2056704K)->0K(2134016K) From: 136256K(339456K)->135946K(288768K)
[873.598s][info][gc,heap        ] GC(349) ParOldGen: 2581960K(2701312K)->2668272K(2701312K)
[873.599s][info][gc,metaspace   ] GC(349) Metaspace: 29080K(29440K)->29080K(29440K) NonClass: 24188K(24320K)->24188K(24320K) Class: 4891K(5120K)->4891K(5120K)
[873.599s][info][gc             ] GC(349) Pause Young (Allocation Failure) 4663M->2738M(5004M) 93.393ms
[873.599s][info][gc,cpu         ] GC(349) User=0.55s Sys=0.00s Real=0.09s
.[874.945s][info][gc,start       ] GC(350) Pause Young (Allocation Failure)
[875.043s][info][gc,heap        ] GC(350) PSYoungGen: 2269962K(2422784K)->144261K(2440704K) Eden: 2134016K(2134016K)->0K(2134016K) From: 135946K(288768K)->144261K(306688K)
[875.043s][info][gc,heap        ] GC(350) ParOldGen: 2668272K(2701312K)->2752832K(2753024K)
[875.043s][info][gc,metaspace   ] GC(350) Metaspace: 29080K(29440K)->29080K(29440K) NonClass: 24188K(24320K)->24188K(24320K) Class: 4891K(5120K)->4891K(5120K)
[875.043s][info][gc             ] GC(350) Pause Young (Allocation Failure) 4822M->2829M(5072M) 98.598ms
[875.043s][info][gc,cpu         ] GC(350) User=0.56s Sys=0.02s Real=0.10s
..[876.407s][info][gc,start       ] GC(351) Pause Young (Allocation Failure)
[876.510s][info][gc,heap        ] GC(351) PSYoungGen: 2278277K(2440704K)->142387K(2458112K) Eden: 2134016K(2134016K)->0K(2198016K) From: 144261K(306688K)->142387K(260096K)
[876.510s][info][gc,heap        ] GC(351) ParOldGen: 2752832K(2753024K)->2841904K(2842112K)
[876.510s][info][gc,metaspace   ] GC(351) Metaspace: 29080K(29440K)->29080K(29440K) NonClass: 24188K(24320K)->24188K(24320K) Class: 4891K(5120K)->4891K(5120K)
[876.510s][info][gc             ] GC(351) Pause Young (Allocation Failure) 4913M->2914M(5176M) 103.059ms
[876.510s][info][gc,cpu         ] GC(351) User=0.58s Sys=0.02s Real=0.10s
.[877.896s][info][gc,start       ] GC(352) Pause Young (Allocation Failure)
[877.996s][info][gc,heap        ] GC(352) PSYoungGen: 2340403K(2458112K)->148885K(2475008K) Eden: 2198016K(2198016K)->0K(2198016K) From: 142387K(260096K)->148885K(276992K)
[877.996s][info][gc,heap        ] GC(352) ParOldGen: 2841904K(2842112K)->2925212K(2925568K)
[877.996s][info][gc,metaspace   ] GC(352) Metaspace: 29080K(29440K)->29080K(29440K) NonClass: 24188K(24320K)->24188K(24320K) Class: 4891K(5120K)->4891K(5120K)
[877.996s][info][gc             ] GC(352) Pause Young (Allocation Failure) 5060M->3002M(5274M) 100.268ms
[877.996s][info][gc,cpu         ] GC(352) User=0.56s Sys=0.03s Real=0.10s
.[879.331s][info][gc,start       ] GC(353) Pause Young (Allocation Failure)
[879.431s][info][gc,heap        ] GC(353) PSYoungGen: 2346901K(2475008K)->137952K(2492416K) Eden: 2198016K(2198016K)->0K(2253824K) From: 148885K(276992K)->137952K(238592K)
[879.431s][info][gc,heap        ] GC(353) ParOldGen: 2925212K(2925568K)->3016588K(3016704K)
[879.431s][info][gc,metaspace   ] GC(353) Metaspace: 29080K(29440K)->29080K(29440K) NonClass: 24188K(24320K)->24188K(24320K) Class: 4891K(5120K)->4891K(5120K)
[879.431s][info][gc             ] GC(353) Pause Young (Allocation Failure) 5148M->3080M(5380M) 99.743ms
[879.431s][info][gc,cpu         ] GC(353) User=0.56s Sys=0.02s Real=0.10s
.[880.887s][info][gc,start       ] GC(354) Pause Young (Allocation Failure)
[880.992s][info][gc,heap        ] GC(354) PSYoungGen: 2391776K(2492416K)->148420K(2508288K) Eden: 2253824K(2253824K)->0K(2253824K) From: 137952K(238592K)->148420K(254464K)
[880.992s][info][gc,heap        ] GC(354) ParOldGen: 3016588K(3016704K)->3105412K(3105792K)
[880.992s][info][gc,metaspace   ] GC(354) Metaspace: 29080K(29440K)->29080K(29440K) NonClass: 24188K(24320K)->24188K(24320K) Class: 4891K(5120K)->4891K(5120K)
[880.992s][info][gc             ] GC(354) Pause Young (Allocation Failure) 5281M->3177M(5482M) 104.440ms
[880.992s][info][gc,cpu         ] GC(354) User=0.59s Sys=0.03s Real=0.10s
..[882.353s][info][gc,start       ] GC(355) Pause Young (Allocation Failure)
[882.452s][info][gc,heap        ] GC(355) PSYoungGen: 2402244K(2508288K)->136273K(2517504K) Eden: 2253824K(2253824K)->0K(2296320K) From: 148420K(254464K)->136273K(221184K)
[882.452s][info][gc,heap        ] GC(355) ParOldGen: 3105412K(3105792K)->3193988K(3194368K)
[882.452s][info][gc,metaspace   ] GC(355) Metaspace: 29080K(29440K)->29080K(29440K) NonClass: 24188K(24320K)->24188K(24320K) Class: 4891K(5120K)->4891K(5120K)
[882.452s][info][gc             ] GC(355) Pause Young (Allocation Failure) 5378M->3252M(5578M) 99.719ms
[882.452s][info][gc,cpu         ] GC(355) User=0.56s Sys=0.03s Real=0.10s
.[883.994s][info][gc,start       ] GC(356) Pause Young (Allocation Failure)
[884.092s][info][gc,heap        ] GC(356) PSYoungGen: 2432593K(2517504K)->133424K(2532864K) Eden: 2296320K(2296320K)->0K(2296320K) From: 136273K(221184K)->133424K(236544K)
[884.092s][info][gc,heap        ] GC(356) ParOldGen: 3193988K(3194368K)->3286524K(3286528K)
[884.092s][info][gc,metaspace   ] GC(356) Metaspace: 29080K(29440K)->29080K(29440K) NonClass: 24188K(24320K)->24188K(24320K) Class: 4891K(5120K)->4891K(5120K)
[884.092s][info][gc             ] GC(356) Pause Young (Allocation Failure) 5494M->3339M(5683M) 98.188ms
[884.092s][info][gc,cpu         ] GC(356) User=0.55s Sys=0.03s Real=0.09s
.[885.392s][info][gc,start       ] GC(357) Pause Young (Allocation Failure)
[885.493s][info][gc,heap        ] GC(357) PSYoungGen: 2429744K(2532864K)->149888K(2540032K) Eden: 2296320K(2296320K)->0K(2330112K) From: 133424K(236544K)->149888K(209920K)
[885.493s][info][gc,heap        ] GC(357) ParOldGen: 3286524K(3286528K)->3368932K(3368960K)
[885.493s][info][gc,metaspace   ] GC(357) Metaspace: 29080K(29440K)->29080K(29440K) NonClass: 24188K(24320K)->24188K(24320K) Class: 4891K(5120K)->4891K(5120K)
[885.493s][info][gc             ] GC(357) Pause Young (Allocation Failure) 5582M->3436M(5770M) 101.448ms
[885.494s][info][gc,cpu         ] GC(357) User=0.59s Sys=0.02s Real=0.11s
.[887.013s][info][gc,start       ] GC(358) Pause Young (Allocation Failure)
[887.120s][info][gc,heap        ] GC(358) PSYoungGen: 2480000K(2540032K)->147328K(2553344K) Eden: 2330112K(2330112K)->0K(2330112K) From: 149888K(209920K)->147328K(223232K)
[887.120s][info][gc,heap        ] GC(358) ParOldGen: 3368932K(3368960K)->3466580K(3466752K)
[887.120s][info][gc,metaspace   ] GC(358) Metaspace: 29080K(29440K)->29080K(29440K) NonClass: 24188K(24320K)->24188K(24320K) Class: 4891K(5120K)->4891K(5120K)
[887.120s][info][gc             ] GC(358) Pause Young (Allocation Failure) 5711M->3529M(5879M) 107.215ms
[887.120s][info][gc,cpu         ] GC(358) User=0.61s Sys=0.02s Real=0.11s
..[888.456s][info][gc,start       ] GC(359) Pause Young (Allocation Failure)
[888.570s][info][gc,heap        ] GC(359) PSYoungGen: 2477440K(2553344K)->164085K(2566144K) Eden: 2330112K(2330112K)->0K(2356224K) From: 147328K(223232K)->164085K(209920K)
[888.570s][info][gc,heap        ] GC(359) ParOldGen: 3466580K(3466752K)->3554996K(3555328K)
[888.570s][info][gc,metaspace   ] GC(359) Metaspace: 29080K(29440K)->29080K(29440K) NonClass: 24188K(24320K)->24188K(24320K) Class: 4891K(5120K)->4891K(5120K)
[888.570s][info][gc             ] GC(359) Pause Young (Allocation Failure) 5804M->3631M(5978M) 113.251ms
[888.570s][info][gc,cpu         ] GC(359) User=0.63s Sys=0.05s Real=0.11s
.[890.144s][info][gc,start       ] GC(360) Pause Young (Allocation Failure)
[890.253s][info][gc,heap        ] GC(360) PSYoungGen: 2520309K(2566144K)->146836K(2572800K) Eden: 2356224K(2356224K)->0K(2356224K) From: 164085K(209920K)->146836K(216576K)
[890.253s][info][gc,heap        ] GC(360) ParOldGen: 3554996K(3555328K)->3655077K(3655168K)
[890.253s][info][gc,metaspace   ] GC(360) Metaspace: 29080K(29440K)->29080K(29440K) NonClass: 24188K(24320K)->24188K(24320K) Class: 4891K(5120K)->4891K(5120K)
[890.253s][info][gc             ] GC(360) Pause Young (Allocation Failure) 5932M->3712M(6082M) 108.941ms
[890.253s][info][gc,cpu         ] GC(360) User=0.62s Sys=0.03s Real=0.11s
. (rIR:aIR:PR = 12952:12659:12380) (tPR = 186326) [OK] 
   890s:    snapshot, IR =  12952 [891.651s][info][gc,start       ] GC(361) Pause Young (Allocation Failure)
[891.802s][info][gc,heap        ] GC(361) PSYoungGen: 2503060K(2572800K)->149184K(2568192K) Eden: 2356224K(2356224K)->0K(2369536K) From: 146836K(216576K)->149184K(198656K)
[891.802s][info][gc,heap        ] GC(361) ParOldGen: 3655077K(3655168K)->3742309K(3742720K)
[891.802s][info][gc,metaspace   ] GC(361) Metaspace: 29080K(29440K)->29080K(29440K) NonClass: 24188K(24320K)->24188K(24320K) Class: 4891K(5120K)->4891K(5120K)
[891.802s][info][gc             ] GC(361) Pause Young (Allocation Failure) 6013M->3800M(6163M) 150.732ms
[891.802s][info][gc,cpu         ] GC(361) User=0.60s Sys=0.03s Real=0.15s
.[893.197s][info][gc,start       ] GC(362) Pause Young (Allocation Failure)
[893.304s][info][gc,heap        ] GC(362) PSYoungGen: 2518720K(2568192K)->152176K(2573824K) Eden: 2369536K(2369536K)->0K(2369536K) From: 149184K(198656K)->152176K(204288K)
[893.304s][info][gc,heap        ] GC(362) ParOldGen: 3742309K(3742720K)->3835933K(3836416K)
[893.304s][info][gc,metaspace   ] GC(362) Metaspace: 29080K(29440K)->29080K(29440K) NonClass: 24188K(24320K)->24188K(24320K) Class: 4891K(5120K)->4891K(5120K)
[893.304s][info][gc             ] GC(362) Pause Young (Allocation Failure) 6114M->3894M(6260M) 107.373ms
[893.304s][info][gc,cpu         ] GC(362) User=0.60s Sys=0.03s Real=0.11s
..[894.887s][info][gc,start       ] GC(363) Pause Young (Allocation Failure)
[895.000s][info][gc,heap        ] GC(363) PSYoungGen: 2521712K(2573824K)->154521K(2584576K) Eden: 2369536K(2369536K)->0K(2391040K) From: 152176K(204288K)->154521K(193536K)
[895.000s][info][gc,heap        ] GC(363) ParOldGen: 3835933K(3836416K)->3934133K(3934208K)
[895.000s][info][gc,metaspace   ] GC(363) Metaspace: 29084K(29440K)->29084K(29440K) NonClass: 24192K(24320K)->24192K(24320K) Class: 4891K(5120K)->4891K(5120K)
[895.000s][info][gc             ] GC(363) Pause Young (Allocation Failure) 6208M->3992M(6366M) 113.228ms
[895.000s][info][gc,cpu         ] GC(363) User=0.63s Sys=0.04s Real=0.11s
[895.870s][info][gc,start       ] GC(364) Pause Full (Diagnostic Command)
[895.870s][info][gc,phases,start] GC(364) Marking Phase
[896.170s][info][gc,phases      ] GC(364) Marking Phase 300.456ms
[896.170s][info][gc,phases,start] GC(364) Summary Phase
[896.170s][info][gc,phases      ] GC(364) Summary Phase 0.085ms
[896.170s][info][gc,phases,start] GC(364) Forward
[896.309s][info][gc,phases      ] GC(364) Forward 138.541ms
[896.309s][info][gc,phases,start] GC(364) Adjust Pointers
[896.526s][info][gc,phases      ] GC(364) Adjust Pointers 216.762ms
[896.526s][info][gc,phases,start] GC(364) Compaction Phase
[896.728s][info][gc,phases      ] GC(364) Compaction Phase 201.968ms
[896.730s][info][gc,phases,start] GC(364) Post Compact
[896.735s][info][gc,phases      ] GC(364) Post Compact 4.728ms
[896.735s][info][gc,heap        ] GC(364) PSYoungGen: 1693899K(2584576K)->0K(2584576K) Eden: 1539377K(2391040K)->0K(2391040K) From: 154521K(193536K)->0K(193536K)
[896.735s][info][gc,heap        ] GC(364) ParOldGen: 3934133K(3934208K)->1153010K(3934208K)
[896.735s][info][gc,metaspace   ] GC(364) Metaspace: 29084K(29440K)->29084K(29440K) NonClass: 24192K(24320K)->24192K(24320K) Class: 4891K(5120K)->4891K(5120K)
[896.735s][info][gc             ] GC(364) Pause Full (Diagnostic Command) 5496M->1125M(6366M) 865.104ms
[896.735s][info][gc,cpu         ] GC(364) User=4.80s Sys=0.00s Real=0.87s
?..[898.203s][info][gc,start       ] GC(365) Pause Young (Allocation Failure)
[898.278s][info][gc,heap        ] GC(365) PSYoungGen: 2391040K(2584576K)->164294K(2589184K) Eden: 2391040K(2391040K)->0K(2391040K) From: 0K(193536K)->164294K(198144K)
[898.278s][info][gc,heap        ] GC(365) ParOldGen: 1153010K(3934208K)->1153010K(3934208K)
[898.278s][info][gc,metaspace   ] GC(365) Metaspace: 29084K(29440K)->29084K(29440K) NonClass: 24192K(24320K)->24192K(24320K) Class: 4891K(5120K)->4891K(5120K)
[898.278s][info][gc             ] GC(365) Pause Young (Allocation Failure) 3460M->1286M(6370M) 74.917ms
[898.278s][info][gc,cpu         ] GC(365) User=0.44s Sys=0.00s Real=0.07s
.[899.885s][info][gc,start       ] GC(366) Pause Young (Allocation Failure)
[899.984s][info][gc,heap        ] GC(366) PSYoungGen: 2555334K(2589184K)->145109K(2590720K) Eden: 2391040K(2391040K)->0K(2398720K) From: 164294K(198144K)->145109K(192000K)
[899.985s][info][gc,heap        ] GC(366) ParOldGen: 1153010K(3934208K)->1250859K(3934208K)
[899.985s][info][gc,metaspace   ] GC(366) Metaspace: 29084K(29440K)->29084K(29440K) NonClass: 24192K(24320K)->24192K(24320K) Class: 4891K(5120K)->4891K(5120K)
[899.985s][info][gc             ] GC(366) Pause Young (Allocation Failure) 3621M->1363M(6372M) 99.807ms
[899.985s][info][gc,cpu         ] GC(366) User=0.59s Sys=0.00s Real=0.10s
.[901.375s][info][gc,start       ] GC(367) Pause Young (Allocation Failure)
[901.476s][info][gc,heap        ] GC(367) PSYoungGen: 2543829K(2590720K)->166483K(2593792K) Eden: 2398720K(2398720K)->0K(2398720K) From: 145109K(192000K)->166483K(195072K)
[901.476s][info][gc,heap        ] GC(367) ParOldGen: 1250859K(3934208K)->1334643K(3934208K)
[901.476s][info][gc,metaspace   ] GC(367) Metaspace: 29084K(29440K)->29084K(29440K) NonClass: 24192K(24320K)->24192K(24320K) Class: 4891K(5120K)->4891K(5120K)
[901.476s][info][gc             ] GC(367) Pause Young (Allocation Failure) 3705M->1465M(6375M) 100.906ms
[901.476s][info][gc,cpu         ] GC(367) User=0.60s Sys=0.00s Real=0.10s
.[902.894s][info][gc,start       ] GC(368) Pause Young (Allocation Failure)
[903.014s][info][gc,heap        ] GC(368) PSYoungGen: 2565203K(2593792K)->180992K(2586624K) Eden: 2398720K(2398720K)->0K(2389504K) From: 166483K(195072K)->180992K(197120K)
[903.014s][info][gc,heap        ] GC(368) ParOldGen: 1334643K(3934208K)->1428907K(3934208K)
[903.014s][info][gc,metaspace   ] GC(368) Metaspace: 29084K(29440K)->29084K(29440K) NonClass: 24192K(24320K)->24192K(24320K) Class: 4891K(5120K)->4891K(5120K)
[903.014s][info][gc             ] GC(368) Pause Young (Allocation Failure) 3808M->1572M(6368M) 120.067ms
[903.014s][info][gc,cpu         ] GC(368) User=0.67s Sys=0.04s Real=0.12s
.[904.634s][info][gc,start       ] GC(369) Pause Young (Allocation Failure)
[904.737s][info][gc,heap        ] GC(369) PSYoungGen: 2570496K(2586624K)->153353K(2592768K) Eden: 2389504K(2389504K)->0K(2389504K) From: 180992K(197120K)->153353K(203264K)
[904.737s][info][gc,heap        ] GC(369) ParOldGen: 1428907K(3934208K)->1530979K(3934208K)
[904.737s][info][gc,metaspace   ] GC(369) Metaspace: 29084K(29440K)->29084K(29440K) NonClass: 24192K(24320K)->24192K(24320K) Class: 4891K(5120K)->4891K(5120K)
[904.737s][info][gc             ] GC(369) Pause Young (Allocation Failure) 3905M->1644M(6374M) 102.253ms
[904.737s][info][gc,cpu         ] GC(369) User=0.61s Sys=0.00s Real=0.10s
..[906.107s][info][gc,start       ] GC(370) Pause Young (Allocation Failure)
[906.200s][info][gc,heap        ] GC(370) PSYoungGen: 2542857K(2592768K)->154368K(2583040K) Eden: 2389504K(2389504K)->0K(2394112K) From: 153353K(203264K)->154368K(188928K)
[906.200s][info][gc,heap        ] GC(370) ParOldGen: 1530979K(3934208K)->1611099K(3934208K)
[906.200s][info][gc,metaspace   ] GC(370) Metaspace: 29084K(29440K)->29084K(29440K) NonClass: 24192K(24320K)->24192K(24320K) Class: 4891K(5120K)->4891K(5120K)
[906.200s][info][gc             ] GC(370) Pause Young (Allocation Failure) 3978M->1724M(6364M) 93.369ms
[906.200s][info][gc,cpu         ] GC(370) User=0.56s Sys=0.00s Real=0.09s
.[907.473s][info][gc,start       ] GC(371) Pause Young (Allocation Failure)
[907.571s][info][gc,heap        ] GC(371) PSYoungGen: 2548480K(2583040K)->157632K(2588672K) Eden: 2394112K(2394112K)->0K(2394112K) From: 154368K(188928K)->157632K(194560K)
[907.571s][info][gc,heap        ] GC(371) ParOldGen: 1611099K(3934208K)->1701931K(3934208K)
[907.571s][info][gc,metaspace   ] GC(371) Metaspace: 29084K(29440K)->29084K(29440K) NonClass: 24192K(24320K)->24192K(24320K) Class: 4891K(5120K)->4891K(5120K)
[907.571s][info][gc             ] GC(371) Pause Young (Allocation Failure) 4062M->1815M(6370M) 98.346ms
[907.571s][info][gc,cpu         ] GC(371) User=0.58s Sys=0.01s Real=0.10s
.[909.174s][info][gc,start       ] GC(372) Pause Young (Allocation Failure)
[909.280s][info][gc,heap        ] GC(372) PSYoungGen: 2551744K(2588672K)->151355K(2591744K) Eden: 2394112K(2394112K)->0K(2409472K) From: 157632K(194560K)->151355K(182272K)
[909.280s][info][gc,heap        ] GC(372) ParOldGen: 1701931K(3934208K)->1809683K(3934208K)
[909.280s][info][gc,metaspace   ] GC(372) Metaspace: 29084K(29440K)->29084K(29440K) NonClass: 24192K(24320K)->24192K(24320K) Class: 4891K(5120K)->4891K(5120K)
[909.280s][info][gc             ] GC(372) Pause Young (Allocation Failure) 4153M->1915M(6373M) 105.342ms
[909.280s][info][gc,cpu         ] GC(372) User=0.62s Sys=0.00s Real=0.10s
.[910.903s][info][gc,start       ] GC(373) Pause Young (Allocation Failure)
[910.998s][info][gc,heap        ] GC(373) PSYoungGen: 2560827K(2591744K)->146948K(2597888K) Eden: 2409472K(2409472K)->0K(2409472K) From: 151355K(182272K)->146948K(188416K)
[910.998s][info][gc,heap        ] GC(373) ParOldGen: 1809683K(3934208K)->1898195K(3934208K)
[910.998s][info][gc,metaspace   ] GC(373) Metaspace: 29084K(29440K)->29084K(29440K) NonClass: 24192K(24320K)->24192K(24320K) Class: 4891K(5120K)->4891K(5120K)
[910.998s][info][gc             ] GC(373) Pause Young (Allocation Failure) 4268M->1997M(6379M) 94.909ms
[910.998s][info][gc,cpu         ] GC(373) User=0.56s Sys=0.00s Real=0.09s
.[912.469s][info][gc,start       ] GC(374) Pause Young (Allocation Failure)
[912.565s][info][gc,heap        ] GC(374) PSYoungGen: 2556420K(2597888K)->150404K(2599424K) Eden: 2409472K(2409472K)->0K(2421248K) From: 146948K(188416K)->150404K(178176K)
[912.565s][info][gc,heap        ] GC(374) ParOldGen: 1898195K(3934208K)->1983795K(3934208K)
[912.565s][info][gc,metaspace   ] GC(374) Metaspace: 29084K(29440K)->29084K(29440K) NonClass: 24192K(24320K)->24192K(24320K) Class: 4891K(5120K)->4891K(5120K)
[912.565s][info][gc             ] GC(374) Pause Young (Allocation Failure) 4350M->2084M(6380M) 96.100ms
[912.565s][info][gc,cpu         ] GC(374) User=0.57s Sys=0.01s Real=0.10s
..[914.088s][info][gc,start       ] GC(375) Pause Young (Allocation Failure)
[914.188s][info][gc,heap        ] GC(375) PSYoungGen: 2571652K(2599424K)->151344K(2604544K) Eden: 2421248K(2421248K)->0K(2421248K) From: 150404K(178176K)->151344K(183296K)
[914.188s][info][gc,heap        ] GC(375) ParOldGen: 1983795K(3934208K)->2077603K(3934208K)
[914.188s][info][gc,metaspace   ] GC(375) Metaspace: 29084K(29440K)->29084K(29440K) NonClass: 24192K(24320K)->24192K(24320K) Class: 4891K(5120K)->4891K(5120K)
[914.188s][info][gc             ] GC(375) Pause Young (Allocation Failure) 4448M->2176M(6385M) 99.421ms
[914.188s][info][gc,cpu         ] GC(375) User=0.59s Sys=0.00s Real=0.10s
.[915.521s][info][gc,start       ] GC(376) Pause Young (Allocation Failure)
[915.641s][info][gc,heap        ] GC(376) PSYoungGen: 2572592K(2604544K)->180704K(2519040K) Eden: 2421248K(2421248K)->0K(2338304K) From: 151344K(183296K)->180704K(180736K)
[915.641s][info][gc,heap        ] GC(376) ParOldGen: 2077603K(3934208K)->2186579K(3934208K)
[915.641s][info][gc,metaspace   ] GC(376) Metaspace: 29084K(29440K)->29084K(29440K) NonClass: 24192K(24320K)->24192K(24320K) Class: 4891K(5120K)->4891K(5120K)
[915.641s][info][gc             ] GC(376) Pause Young (Allocation Failure) 4541M->2311M(6302M) 120.259ms
[915.641s][info][gc,cpu         ] GC(376) User=0.69s Sys=0.03s Real=0.12s
.[917.077s][info][gc,start       ] GC(377) Pause Young (Allocation Failure)
[917.188s][info][gc,heap        ] GC(377) PSYoungGen: 2519008K(2519040K)->166320K(2567168K) Eden: 2338304K(2338304K)->0K(2338304K) From: 180704K(180736K)->166320K(228864K)
[917.188s][info][gc,heap        ] GC(377) ParOldGen: 2186579K(3934208K)->2295787K(3934208K)
[917.188s][info][gc,metaspace   ] GC(377) Metaspace: 29084K(29440K)->29084K(29440K) NonClass: 24192K(24320K)->24192K(24320K) Class: 4891K(5120K)->4891K(5120K)
[917.188s][info][gc             ] GC(377) Pause Young (Allocation Failure) 4595M->2404M(6349M) 110.661ms
[917.188s][info][gc,cpu         ] GC(377) User=0.66s Sys=0.00s Real=0.11s
..[918.738s][info][gc,start       ] GC(378) Pause Young (Allocation Failure)
[918.876s][info][gc,heap        ] GC(378) PSYoungGen: 2504624K(2567168K)->133024K(2561536K) Eden: 2338304K(2338304K)->0K(2344960K) From: 166320K(228864K)->133024K(216576K)
[918.876s][info][gc,heap        ] GC(378) ParOldGen: 2295787K(3934208K)->2388011K(3934208K)
[918.876s][info][gc,metaspace   ] GC(378) Metaspace: 29084K(29440K)->29084K(29440K) NonClass: 24192K(24320K)->24192K(24320K) Class: 4891K(5120K)->4891K(5120K)
[918.876s][info][gc             ] GC(378) Pause Young (Allocation Failure) 4687M->2461M(6343M) 137.306ms
[918.876s][info][gc,cpu         ] GC(378) User=0.54s Sys=0.00s Real=0.14s
.[920.315s][info][gc,start       ] GC(379) Pause Young (Allocation Failure)
[920.414s][info][gc,heap        ] GC(379) PSYoungGen: 2477984K(2561536K)->153556K(2567680K) Eden: 2344960K(2344960K)->0K(2344960K) From: 133024K(216576K)->153556K(222720K)
[920.414s][info][gc,heap        ] GC(379) ParOldGen: 2388011K(3934208K)->2478667K(3934208K)
[920.414s][info][gc,metaspace   ] GC(379) Metaspace: 29084K(29440K)->29084K(29440K) NonClass: 24192K(24320K)->24192K(24320K) Class: 4891K(5120K)->4891K(5120K)
[920.415s][info][gc             ] GC(379) Pause Young (Allocation Failure) 4751M->2570M(6349M) 99.489ms
[920.415s][info][gc,cpu         ] GC(379) User=0.59s Sys=0.00s Real=0.10s
.[921.803s][info][gc,start       ] GC(380) Pause Young (Allocation Failure)
[921.903s][info][gc,heap        ] GC(380) PSYoungGen: 2498516K(2567680K)->156777K(2562560K) Eden: 2344960K(2344960K)->0K(2355200K) From: 153556K(222720K)->156777K(207360K)
[921.903s][info][gc,heap        ] GC(380) ParOldGen: 2478667K(3934208K)->2567195K(3934208K)
[921.903s][info][gc,metaspace   ] GC(380) Metaspace: 29084K(29440K)->29084K(29440K) NonClass: 24192K(24320K)->24192K(24320K) Class: 4891K(5120K)->4891K(5120K)
[921.903s][info][gc             ] GC(380) Pause Young (Allocation Failure) 4860M->2660M(6344M) 99.810ms
[921.903s][info][gc,cpu         ] GC(380) User=0.59s Sys=0.01s Real=0.10s
. (rIR:aIR:PR = 12952:12709:12229) (tPR = 181762) [PR is under limit] 
   921s: Re-initializing (term[923.283s][info][gc,start       ] GC(381) Pause Young (Allocation Failure)
[923.395s][info][gc,heap        ] GC(381) PSYoungGen: 2511977K(2562560K)->176117K(2568704K) Eden: 2355200K(2355200K)->0K(2355200K) From: 156777K(207360K)->176117K(213504K)
[923.395s][info][gc,heap        ] GC(381) ParOldGen: 2567195K(3934208K)->2666987K(3934208K)
[923.395s][info][gc,metaspace   ] GC(381) Metaspace: 29084K(29440K)->29084K(29440K) NonClass: 24192K(24320K)->24192K(24320K) Class: 4891K(5120K)->4891K(5120K)
[923.395s][info][gc             ] GC(381) Pause Young (Allocation Failure) 4960M->2776M(6350M) 112.342ms
[923.395s][info][gc,cpu         ] GC(381) User=0.67s Sys=0.00s Real=0.12s
) [924.229s][info][gc,start       ] GC(382) Pause Full (System.gc())
[924.229s][info][gc,phases,start] GC(382) Marking Phase
[924.249s][info][gc,phases      ] GC(382) Marking Phase 20.170ms
[924.249s][info][gc,phases,start] GC(382) Summary Phase
[924.249s][info][gc,phases      ] GC(382) Summary Phase 0.042ms
[924.249s][info][gc,phases,start] GC(382) Forward
[924.253s][info][gc,phases      ] GC(382) Forward 3.688ms
[924.253s][info][gc,phases,start] GC(382) Adjust Pointers
[924.267s][info][gc,phases      ] GC(382) Adjust Pointers 13.969ms
[924.267s][info][gc,phases,start] GC(382) Compaction Phase
[924.275s][info][gc,phases      ] GC(382) Compaction Phase 8.491ms
[924.275s][info][gc,phases,start] GC(382) Post Compact
[924.279s][info][gc,phases      ] GC(382) Post Compact 3.679ms
[924.279s][info][gc,heap        ] GC(382) PSYoungGen: 1687279K(2568704K)->0K(2568704K) Eden: 1511162K(2355200K)->0K(2355200K) From: 176117K(213504K)->0K(213504K)
[924.279s][info][gc,heap        ] GC(382) ParOldGen: 2666987K(3934208K)->316707K(3934208K)
[924.279s][info][gc,metaspace   ] GC(382) Metaspace: 29084K(29440K)->29084K(29440K) NonClass: 24192K(24320K)->24192K(24320K) Class: 4891K(5120K)->4891K(5120K)
[924.279s][info][gc             ] GC(382) Pause Full (System.gc()) 4252M->309M(6350M) 50.300ms
[924.279s][info][gc,cpu         ] GC(382) User=0.22s Sys=0.00s Real=0.05s
(init[925.386s][info][gc,start       ] GC(383) Pause Young (Allocation Failure)
[925.649s][info][gc,heap        ] GC(383) PSYoungGen: 2355200K(2568704K)->214011K(2304512K) Eden: 2355200K(2355200K)->0K(2090496K) From: 0K(213504K)->214011K(214016K)
[925.649s][info][gc,heap        ] GC(383) ParOldGen: 316707K(3934208K)->655391K(3934208K)
[925.649s][info][gc,metaspace   ] GC(383) Metaspace: 29084K(29440K)->29084K(29440K) NonClass: 24193K(24320K)->24193K(24320K) Class: 4891K(5120K)->4891K(5120K)
[925.649s][info][gc             ] GC(383) Pause Young (Allocation Failure) 2609M->849M(6092M) 263.129ms
[925.649s][info][gc,cpu         ] GC(383) User=1.55s Sys=0.02s Real=0.26s
) ... OK
   929s: high-bound for max-jOPS is measured to be 13837
   929s: 
   929s: Restarting (term) [929.971s][info][gc,start       ] GC(384) Pause Full (System.gc())
[929.971s][info][gc,phases,start] GC(384) Marking Phase
[929.991s][info][gc,phases      ] GC(384) Marking Phase 19.858ms
[929.991s][info][gc,phases,start] GC(384) Summary Phase
[929.991s][info][gc,phases      ] GC(384) Summary Phase 0.027ms
[929.991s][info][gc,phases,start] GC(384) Forward
[929.993s][info][gc,phases      ] GC(384) Forward 2.157ms
[929.993s][info][gc,phases,start] GC(384) Adjust Pointers
[930.006s][info][gc,phases      ] GC(384) Adjust Pointers 12.705ms
[930.006s][info][gc,phases,start] GC(384) Compaction Phase
[930.017s][info][gc,phases      ] GC(384) Compaction Phase 11.159ms
[930.017s][info][gc,phases,start] GC(384) Post Compact
[930.020s][info][gc,phases      ] GC(384) Post Compact 2.388ms
[930.020s][info][gc,heap        ] GC(384) PSYoungGen: 2017640K(2304512K)->0K(2304512K) Eden: 1803628K(2090496K)->0K(2090496K) From: 214011K(214016K)->0K(214016K)
[930.020s][info][gc,heap        ] GC(384) ParOldGen: 655391K(3934208K)->316197K(3934208K)
[930.020s][info][gc,metaspace   ] GC(384) Metaspace: 29088K(29440K)->29088K(29440K) NonClass: 24196K(24320K)->24196K(24320K) Class: 4891K(5120K)->4891K(5120K)
[930.020s][info][gc             ] GC(384) Pause Full (System.gc()) 2610M->308M(6092M) 48.540ms
[930.020s][info][gc,cpu         ] GC(384) User=0.20s Sys=0.00s Real=0.05s
(init[931.010s][info][gc,start       ] GC(385) Pause Young (Allocation Failure)
[931.308s][info][gc,heap        ] GC(385) PSYoungGen: 2090496K(2304512K)->352763K(2443264K) Eden: 2090496K(2090496K)->0K(2090496K) From: 0K(214016K)->352763K(352768K)
[931.309s][info][gc,heap        ] GC(385) ParOldGen: 316197K(3934208K)->575309K(3934208K)
[931.309s][info][gc,metaspace   ] GC(385) Metaspace: 29088K(29440K)->29088K(29440K) NonClass: 24196K(24320K)->24196K(24320K) Class: 4891K(5120K)->4891K(5120K)
[931.309s][info][gc             ] GC(385) Pause Young (Allocation Failure) 2350M->906M(6228M) 298.577ms
[931.309s][info][gc,cpu         ] GC(385) User=1.78s Sys=0.00s Real=0.30s
[932.566s][info][gc,start       ] GC(386) Pause Young (Allocation Failure)
[932.970s][info][gc,heap        ] GC(386) PSYoungGen: 2443259K(2443264K)->352758K(1599488K) Eden: 2090496K(2090496K)->0K(1246720K) From: 352763K(352768K)->352758K(352768K)
[932.970s][info][gc,heap        ] GC(386) ParOldGen: 575309K(3934208K)->1302842K(3934208K)
[932.970s][info][gc,metaspace   ] GC(386) Metaspace: 29089K(29440K)->29089K(29440K) NonClass: 24197K(24320K)->24197K(24320K) Class: 4891K(5120K)->4891K(5120K)
[932.970s][info][gc             ] GC(386) Pause Young (Allocation Failure) 2947M->1616M(5404M) 403.931ms
[932.970s][info][gc,cpu         ] GC(386) User=2.37s Sys=0.00s Real=0.40s
) ... OK
   935s: 
   935s: Warmup for building throughput-responsetime curve
   935s: (10%)   IR =   1384 ......[942.167s][info][gc,start       ] GC(387) Pause Young (Allocation Failure)
[942.316s][info][gc,heap        ] GC(387) PSYoungGen: 1599478K(1599488K)->72624K(2021376K) Eden: 1246720K(1246720K)->0K(1246720K) From: 352758K(352768K)->72624K(774656K)
[942.316s][info][gc,heap        ] GC(387) ParOldGen: 1302842K(3934208K)->1626023K(3934208K)
[942.316s][info][gc,metaspace   ] GC(387) Metaspace: 29089K(29440K)->29089K(29440K) NonClass: 24198K(24320K)->24198K(24320K) Class: 4891K(5120K)->4891K(5120K)
[942.316s][info][gc             ] GC(387) Pause Young (Allocation Failure) 2834M->1658M(5816M) 149.108ms
[942.316s][info][gc,cpu         ] GC(387) User=0.89s Sys=0.00s Real=0.15s
.......[949.066s][info][gc,start       ] GC(388) Pause Young (Allocation Failure)
[949.131s][info][gc,heap        ] GC(388) PSYoungGen: 1319344K(2021376K)->75312K(2002432K) Eden: 1246720K(1246720K)->0K(1248256K) From: 72624K(774656K)->75312K(754176K)
[949.131s][info][gc,heap        ] GC(388) ParOldGen: 1626023K(3934208K)->1685616K(3934208K)
[949.131s][info][gc,metaspace   ] GC(388) Metaspace: 29092K(29440K)->29092K(29440K) NonClass: 24200K(24320K)->24200K(24320K) Class: 4891K(5120K)->4891K(5120K)
[949.131s][info][gc             ] GC(388) Pause Young (Allocation Failure) 2876M->1719M(5797M) 64.973ms
[949.131s][info][gc,cpu         ] GC(388) User=0.38s Sys=0.00s Real=0.06s
.......[956.239s][info][gc,start       ] GC(389) Pause Young (Allocation Failure)
[956.298s][info][gc,heap        ] GC(389) PSYoungGen: 1323568K(2002432K)->76048K(2012672K) Eden: 1248256K(1248256K)->0K(1248256K) From: 75312K(754176K)->76048K(764416K)
[956.298s][info][gc,heap        ] GC(389) ParOldGen: 1685616K(3934208K)->1746328K(3934208K)
[956.298s][info][gc,metaspace   ] GC(389) Metaspace: 29092K(29440K)->29092K(29440K) NonClass: 24200K(24320K)->24200K(24320K) Class: 4891K(5120K)->4891K(5120K)
[956.298s][info][gc             ] GC(389) Pause Young (Allocation Failure) 2938M->1779M(5807M) 59.285ms
[956.298s][info][gc,cpu         ] GC(389) User=0.35s Sys=0.00s Real=0.06s
.......[963.446s][info][gc,start       ] GC(390) Pause Young (Allocation Failure)
[963.506s][info][gc,heap        ] GC(390) PSYoungGen: 1324304K(2012672K)->77344K(1999872K) Eden: 1248256K(1248256K)->0K(1281536K) From: 76048K(764416K)->77344K(718336K)
[963.506s][info][gc,heap        ] GC(390) ParOldGen: 1746328K(3934208K)->1808520K(3934208K)
[963.506s][info][gc,metaspace   ] GC(390) Metaspace: 29092K(29440K)->29092K(29440K) NonClass: 24200K(24320K)->24200K(24320K) Class: 4891K(5120K)->4891K(5120K)
[963.506s][info][gc             ] GC(390) Pause Young (Allocation Failure) 2998M->1841M(5795M) 59.353ms
[963.506s][info][gc,cpu         ] GC(390) User=0.34s Sys=0.00s Real=0.06s
.......[970.894s][info][gc,start       ] GC(391) Pause Young (Allocation Failure)
[970.954s][info][gc,heap        ] GC(391) PSYoungGen: 1358880K(1999872K)->78864K(2013696K) Eden: 1281536K(1281536K)->0K(1281536K) From: 77344K(718336K)->78864K(732160K)
[970.954s][info][gc,heap        ] GC(391) ParOldGen: 1808520K(3934208K)->1871769K(3934208K)
[970.954s][info][gc,metaspace   ] GC(391) Metaspace: 29092K(29440K)->29092K(29440K) NonClass: 24200K(24320K)->24200K(24320K) Class: 4891K(5120K)->4891K(5120K)
[970.955s][info][gc             ] GC(391) Pause Young (Allocation Failure) 3093M->1904M(5808M) 60.375ms
[970.955s][info][gc,cpu         ] GC(391) User=0.36s Sys=0.00s Real=0.06s
........[978.645s][info][gc,start       ] GC(392) Pause Young (Allocation Failure)
[978.706s][info][gc,heap        ] GC(392) PSYoungGen: 1360400K(2013696K)->81984K(2023936K) Eden: 1281536K(1281536K)->0K(1353728K) From: 78864K(732160K)->81984K(670208K)
[978.706s][info][gc,heap        ] GC(392) ParOldGen: 1871769K(3934208K)->1934521K(3934208K)
[978.706s][info][gc,metaspace   ] GC(392) Metaspace: 29092K(29440K)->29092K(29440K) NonClass: 24200K(24320K)->24200K(24320K) Class: 4891K(5120K)->4891K(5120K)
[978.707s][info][gc             ] GC(392) Pause Young (Allocation Failure) 3156M->1969M(5818M) 61.791ms
[978.707s][info][gc,cpu         ] GC(392) User=0.37s Sys=0.00s Real=0.06s
........[986.819s][info][gc,start       ] GC(393) Pause Young (Allocation Failure)
[986.883s][info][gc,heap        ] GC(393) PSYoungGen: 1435712K(2023936K)->85328K(2039808K) Eden: 1353728K(1353728K)->0K(1353728K) From: 81984K(670208K)->85328K(686080K)
[986.883s][info][gc,heap        ] GC(393) ParOldGen: 1934521K(3934208K)->1999705K(3934208K)
[986.883s][info][gc,metaspace   ] GC(393) Metaspace: 29094K(29440K)->29094K(29440K) NonClass: 24202K(24320K)->24202K(24320K) Class: 4891K(5120K)->4891K(5120K)
[986.883s][info][gc             ] GC(393) Pause Young (Allocation Failure) 3291M->2036M(5834M) 63.618ms
[986.883s][info][gc,cpu         ] GC(393) User=0.37s Sys=0.00s Real=0.06s
........[994.914s][info][gc,start       ] GC(394) Pause Young (Allocation Failure)
[994.978s][info][gc,heap        ] GC(394) PSYoungGen: 1439056K(2039808K)->85072K(2066432K) Eden: 1353728K(1353728K)->0K(1450496K) From: 85328K(686080K)->85072K(615936K)
[994.978s][info][gc,heap        ] GC(394) ParOldGen: 1999705K(3934208K)->2066849K(3934208K)
[994.978s][info][gc,metaspace   ] GC(394) Metaspace: 29094K(29440K)->29094K(29440K) NonClass: 24203K(24320K)->24203K(24320K) Class: 4891K(5120K)->4891K(5120K)
[994.978s][info][gc             ] GC(394) Pause Young (Allocation Failure) 3358M->2101M(5860M) 64.101ms
[994.978s][info][gc,cpu         ] GC(394) User=0.38s Sys=0.00s Real=0.06s
.........[1003.612s][info][gc,start       ] GC(395) Pause Young (Allocation Failure)
[1003.676s][info][gc,heap        ] GC(395) PSYoungGen: 1535568K(2066432K)->89600K(2082816K) Eden: 1450496K(1450496K)->0K(1450496K) From: 85072K(615936K)->89600K(632320K)
[1003.676s][info][gc,heap        ] GC(395) ParOldGen: 2066849K(3934208K)->2132361K(3934208K)
[1003.676s][info][gc,metaspace   ] GC(395) Metaspace: 29094K(29440K)->29094K(29440K) NonClass: 24203K(24320K)->24203K(24320K) Class: 4891K(5120K)->4891K(5120K)
[1003.676s][info][gc             ] GC(395) Pause Young (Allocation Failure) 3517M->2169M(5876M) 64.465ms
[1003.676s][info][gc,cpu         ] GC(395) User=0.38s Sys=0.00s Real=0.07s
.........[1012.332s][info][gc,start       ] GC(396) Pause Young (Allocation Failure)
[1012.401s][info][gc,heap        ] GC(396) PSYoungGen: 1540096K(2082816K)->94516K(2118144K) Eden: 1450496K(1450496K)->0K(1559552K) From: 89600K(632320K)->94516K(558592K)
[1012.401s][info][gc,heap        ] GC(396) ParOldGen: 2132361K(3934208K)->2202089K(3934208K)
[1012.401s][info][gc,metaspace   ] GC(396) Metaspace: 29094K(29440K)->29094K(29440K) NonClass: 24203K(24320K)->24203K(24320K) Class: 4891K(5120K)->4891K(5120K)
[1012.401s][info][gc             ] GC(396) Pause Young (Allocation Failure) 3586M->2242M(5910M) 69.388ms
[1012.401s][info][gc,cpu         ] GC(396) User=0.41s Sys=0.00s Real=0.07s
.........[1021.597s][info][gc,start       ] GC(397) Pause Young (Allocation Failure)
[1021.665s][info][gc,heap        ] GC(397) PSYoungGen: 1654068K(2118144K)->94592K(2135040K) Eden: 1559552K(1559552K)->0K(1559552K) From: 94516K(558592K)->94592K(575488K)
[1021.665s][info][gc,heap        ] GC(397) ParOldGen: 2202089K(3934208K)->2270313K(3934208K)
[1021.665s][info][gc,metaspace   ] GC(397) Metaspace: 29094K(29440K)->29094K(29440K) NonClass: 24203K(24320K)->24203K(24320K) Class: 4891K(5120K)->4891K(5120K)
[1021.665s][info][gc             ] GC(397) Pause Young (Allocation Failure) 3765M->2309M(5927M) 68.378ms
[1021.665s][info][gc,cpu         ] GC(397) User=0.40s Sys=0.00s Real=0.07s
.........[1031.002s][info][gc,start       ] GC(398) Pause Young (Allocation Failure)
[1031.072s][info][gc,heap        ] GC(398) PSYoungGen: 1654144K(2135040K)->94144K(2177536K) Eden: 1559552K(1559552K)->0K(1673216K) From: 94592K(575488K)->94144K(504320K)
[1031.072s][info][gc,heap        ] GC(398) ParOldGen: 2270313K(3934208K)->2343177K(3934208K)
[1031.072s][info][gc,metaspace   ] GC(398) Metaspace: 29094K(29440K)->29094K(29440K) NonClass: 24203K(24320K)->24203K(24320K) Class: 4891K(5120K)->4891K(5120K)
[1031.072s][info][gc             ] GC(398) Pause Young (Allocation Failure) 3832M->2380M(5968M) 69.552ms
[1031.072s][info][gc,cpu         ] GC(398) User=0.41s Sys=0.00s Real=0.07s
...........[1041.111s][info][gc,start       ] GC(399) Pause Young (Allocation Failure)
[1041.183s][info][gc,heap        ] GC(399) PSYoungGen: 1767360K(2177536K)->100448K(2193408K) Eden: 1673216K(1673216K)->0K(1673216K) From: 94144K(504320K)->100448K(520192K)
[1041.183s][info][gc,heap        ] GC(399) ParOldGen: 2343177K(3934208K)->2414145K(3934208K)
[1041.183s][info][gc,metaspace   ] GC(399) Metaspace: 29094K(29440K)->29094K(29440K) NonClass: 24203K(24320K)->24203K(24320K) Class: 4891K(5120K)->4891K(5120K)
[1041.183s][info][gc             ] GC(399) Pause Young (Allocation Failure) 4014M->2455M(5984M) 71.589ms
[1041.183s][info][gc,cpu         ] GC(399) User=0.42s Sys=0.00s Real=0.07s
..........[1051.102s][info][gc,start       ] GC(400) Pause Young (Allocation Failure)
[1051.175s][info][gc,heap        ] GC(400) PSYoungGen: 1773664K(2193408K)->99792K(2236416K) Eden: 1673216K(1673216K)->0K(1783296K) From: 100448K(520192K)->99792K(453120K)
[1051.175s][info][gc,heap        ] GC(400) ParOldGen: 2414145K(3934208K)->2490633K(3934208K)
[1051.175s][info][gc,metaspace   ] GC(400) Metaspace: 29094K(29440K)->29094K(29440K) NonClass: 24203K(24320K)->24203K(24320K) Class: 4891K(5120K)->4891K(5120K)
[1051.175s][info][gc             ] GC(400) Pause Young (Allocation Failure) 4089M->2529M(6026M) 72.501ms
[1051.175s][info][gc,cpu         ] GC(400) User=0.43s Sys=0.00s Real=0.08s
..........[1061.776s][info][gc,start       ] GC(401) Pause Young (Allocation Failure)
[1061.852s][info][gc,heap        ] GC(401) PSYoungGen: 1883088K(2236416K)->106912K(2250240K) Eden: 1783296K(1783296K)->0K(1783296K) From: 99792K(453120K)->106912K(466944K)
[1061.852s][info][gc,heap        ] GC(401) ParOldGen: 2490633K(3934208K)->2564705K(3934208K)
[1061.852s][info][gc,metaspace   ] GC(401) Metaspace: 29094K(29440K)->29094K(29440K) NonClass: 24203K(24320K)->24203K(24320K) Class: 4891K(5120K)->4891K(5120K)
[1061.852s][info][gc             ] GC(401) Pause Young (Allocation Failure) 4271M->2609M(6039M) 75.960ms
[1061.852s][info][gc,cpu         ] GC(401) User=0.45s Sys=0.00s Real=0.07s
...........[1072.474s][info][gc,start       ] GC(402) Pause Young (Allocation Failure)
[1072.552s][info][gc,heap        ] GC(402) PSYoungGen: 1890208K(2250240K)->110133K(2291200K) Eden: 1783296K(1783296K)->0K(1888256K) From: 106912K(466944K)->110133K(402944K)
[1072.552s][info][gc,heap        ] GC(402) ParOldGen: 2564705K(3934208K)->2643593K(3934208K)
[1072.552s][info][gc,metaspace   ] GC(402) Metaspace: 29094K(29440K)->29094K(29440K) NonClass: 24203K(24320K)->24203K(24320K) Class: 4891K(5120K)->4891K(5120K)
[1072.552s][info][gc             ] GC(402) Pause Young (Allocation Failure) 4350M->2689M(6079M) 78.145ms
[1072.553s][info][gc,cpu         ] GC(402) User=0.46s Sys=0.00s Real=0.07s
...........[1083.754s][info][gc,start       ] GC(403) Pause Young (Allocation Failure)
[1083.832s][info][gc,heap        ] GC(403) PSYoungGen: 1998389K(2291200K)->111872K(2304000K) Eden: 1888256K(1888256K)->0K(1888256K) From: 110133K(402944K)->111872K(415744K)
[1083.832s][info][gc,heap        ] GC(403) ParOldGen: 2643593K(3934208K)->2720265K(3934208K)
[1083.832s][info][gc,metaspace   ] GC(403) Metaspace: 29094K(29440K)->29094K(29440K) NonClass: 24203K(24320K)->24203K(24320K) Class: 4891K(5120K)->4891K(5120K)
[1083.832s][info][gc             ] GC(403) Pause Young (Allocation Failure) 4533M->2765M(6092M) 78.875ms
[1083.832s][info][gc,cpu         ] GC(403) User=0.46s Sys=0.00s Real=0.07s
...........[1095.037s][info][gc,start       ] GC(404) Pause Young (Allocation Failure)
[1095.118s][info][gc,heap        ] GC(404) PSYoungGen: 2000128K(2304000K)->110688K(2348032K) Eden: 1888256K(1888256K)->0K(1988096K) From: 111872K(415744K)->110688K(359936K)
[1095.118s][info][gc,heap        ] GC(404) ParOldGen: 2720265K(3934208K)->2801473K(3934208K)
[1095.118s][info][gc,metaspace   ] GC(404) Metaspace: 29094K(29440K)->29094K(29440K) NonClass: 24203K(24320K)->24203K(24320K) Class: 4891K(5120K)->4891K(5120K)
[1095.118s][info][gc             ] GC(404) Pause Young (Allocation Failure) 4609M->2843M(6135M) 81.029ms
[1095.118s][info][gc,cpu         ] GC(404) User=0.47s Sys=0.00s Real=0.08s
............[1107.025s][info][gc,start       ] GC(405) Pause Young (Allocation Failure)
[1107.110s][info][gc,heap        ] GC(405) PSYoungGen: 2098784K(2348032K)->200361K(2358784K) Eden: 1988096K(1988096K)->0K(1988096K) From: 110688K(359936K)->200361K(370688K)
[1107.110s][info][gc,heap        ] GC(405) ParOldGen: 2801473K(3934208K)->2801473K(3934208K)
[1107.110s][info][gc,metaspace   ] GC(405) Metaspace: 29094K(29440K)->29094K(29440K) NonClass: 24203K(24320K)->24203K(24320K) Class: 4891K(5120K)->4891K(5120K)
[1107.110s][info][gc             ] GC(405) Pause Young (Allocation Failure) 4785M->2931M(6145M) 85.005ms
[1107.110s][info][gc,cpu         ] GC(405) User=0.50s Sys=0.00s Real=0.08s
.......... (rIR:aIR:PR = 1384:1384:1384) (tPR = 20684) [OK] 
  1115s: 
  1115s: Building throughput-responsetime curve
  1115s: ( 0%)   IR =      0 ...|............................................................ (rIR:aIR:PR = 0:0:0) (tPR = 0) [OK] 
  1179s: Performance info:
         Transaction,    Success,    Partial,     Failed,   Receipts, AvgBarcode, 
         Response times:
             Request,    Success,    Partial,     Failed,   SkipFail,     Probes,    Samples,      min,      p50,      p90,      p95,      p99,      max, 

  1179s: ( 1%)   IR =    138 ....|.............[1196.859s][info][gc,start       ] GC(406) Pause Full (Diagnostic Command)
[1196.859s][info][gc,phases,start] GC(406) Marking Phase
[1197.136s][info][gc,phases      ] GC(406) Marking Phase 276.675ms
[1197.136s][info][gc,phases,start] GC(406) Summary Phase
[1197.136s][info][gc,phases      ] GC(406) Summary Phase 0.067ms
[1197.136s][info][gc,phases,start] GC(406) Forward
[1197.280s][info][gc,phases      ] GC(406) Forward 144.649ms
[1197.280s][info][gc,phases,start] GC(406) Adjust Pointers
[1197.485s][info][gc,phases      ] GC(406) Adjust Pointers 204.892ms
[1197.485s][info][gc,phases,start] GC(406) Compaction Phase
[1197.674s][info][gc,phases      ] GC(406) Compaction Phase 188.963ms
[1197.676s][info][gc,phases,start] GC(406) Post Compact
[1197.681s][info][gc,phases      ] GC(406) Post Compact 4.254ms
[1197.681s][info][gc,heap        ] GC(406) PSYoungGen: 2061537K(2358784K)->0K(2358784K) Eden: 1861176K(1988096K)->0K(1988096K) From: 200361K(370688K)->0K(370688K)
[1197.681s][info][gc,heap        ] GC(406) ParOldGen: 2801473K(3934208K)->1117531K(3934208K)
[1197.681s][info][gc,metaspace   ] GC(406) Metaspace: 29095K(29440K)->29095K(29440K) NonClass: 24203K(24320K)->24203K(24320K) Class: 4891K(5120K)->4891K(5120K)
[1197.681s][info][gc             ] GC(406) Pause Full (Diagnostic Command) 4749M->1091M(6145M) 821.677ms
[1197.681s][info][gc,cpu         ] GC(406) User=4.51s Sys=0.00s Real=0.82s
............................................... (rIR:aIR:PR = 138:138:138) (tPR = 2055) [OK] 
  1243s: Performance info:
         Transaction,    Success,    Partial,     Failed,   Receipts, AvgBarcode, 
             Overall,       8365,          0,          0,       7942,      59.48, 
         Response times:
             Request,    Success,    Partial,     Failed,   SkipFail,     Probes,    Samples,      min,      p50,      p90,      p95,      p99,      max, 
       TotalPurchase,       7942,          0,          0,          0,       7267,       8427,      300,      400,      500,      600,      800,     3900,
     InStorePurchase,       4177,          0,          0,          0,       3872,       4430,      300,      400,      500,      500,      700,      900,
      OnlinePurchase,       2927,          0,          0,          0,       2665,       3057,      300,      400,      500,      600,     1942,     3900,
        InstPurchase,        838,          0,          0,          0,        730,        940,      400,      500,      500,      600,      600,      900,
          AssocOfCat,          9,          0,          0,          0,          7,          8,    17700,    21000,    22000,    22000,    22000,    22000,
      AssocOfProduct,         84,          0,          0,          0,         82,         89,      500,      600,      700,      750,     2000,     2000,
      BusinessReport,         24,          0,          0,          0,         22,         22,    20000,    25000,    29700,    34250,    35000,    35000,
          CustBuyBeh,         84,          0,          0,          0,         83,         88,      200,      300,      400,      500,     3700,     3700,
       ProductReturn,        222,          0,          0,          0,        156,        209,      200,      200,      300,      500,     2100,     2100,

  1243s: ( 2%)   IR =    277 ....|...............................[1279.564s][info][gc,start       ] GC(407) Pause Young (Allocation Failure)
[1279.617s][info][gc,heap        ] GC(407) PSYoungGen: 1988096K(2358784K)->114464K(2387968K) Eden: 1988096K(1988096K)->0K(2053120K) From: 0K(370688K)->114464K(334848K)
[1279.617s][info][gc,heap        ] GC(407) ParOldGen: 1117531K(3934208K)->1117531K(3934208K)
[1279.617s][info][gc,metaspace   ] GC(407) Metaspace: 29097K(29440K)->29097K(29440K) NonClass: 24205K(24320K)->24205K(24320K) Class: 4891K(5120K)->4891K(5120K)
[1279.617s][info][gc             ] GC(407) Pause Young (Allocation Failure) 3032M->1203M(6174M) 52.693ms
[1279.617s][info][gc,cpu         ] GC(407) User=0.31s Sys=0.00s Real=0.05s
............................. (rIR:aIR:PR = 277:277:277) (tPR = 4069) [OK] 
  1307s: Performance info:
         Transaction,    Success,    Partial,     Failed,   Receipts, AvgBarcode, 
             Overall,      16621,          0,          0,      15791,      59.46, 
         Response times:
             Request,    Success,    Partial,     Failed,   SkipFail,     Probes,    Samples,      min,      p50,      p90,      p95,      p99,      max, 
       TotalPurchase,      15791,          0,          0,          0,      14866,      16517,      300,      500,      700,      800,      900,    55000,
     InStorePurchase,       8308,          0,          0,          0,       7907,       8701,      300,      500,      700,      800,      900,    55000,
      OnlinePurchase,       5820,          0,          0,          0,       5466,       6070,      300,      500,      700,      800,      900,     1700,
        InstPurchase,       1663,          0,          0,          0,       1493,       1746,      300,      500,      700,      800,     1000,    54000,
          AssocOfCat,         17,          0,          0,          0,         14,         16,    15800,    18350,    22000,    22000,    22000,    22000,
      AssocOfProduct,        165,          0,          0,          0,        116,        169,      400,      700,      800,      900,     1160,     1300,
      BusinessReport,         41,          0,          0,          0,         40,         43,    17700,    22000,    27600,    28000,    28000,    28000,
          CustBuyBeh,        168,          0,          0,          0,        117,        176,      200,      300,      600,      600,      700,      700,
       ProductReturn,        439,          0,          0,          0,        350,        446,      200,      300,      530,      600,      900,     1700,

  1307s: ( 3%)   IR =    415 ....|..................[1330.285s][info][gc,start       ] GC(408) Pause Young (Allocation Failure)
[1330.365s][info][gc,heap        ] GC(408) PSYoungGen: 2167584K(2387968K)->200752K(2405888K) Eden: 2053120K(2053120K)->0K(2053120K) From: 114464K(334848K)->200752K(352768K)
[1330.365s][info][gc,heap        ] GC(408) ParOldGen: 1117531K(3934208K)->1117531K(3934208K)
[1330.365s][info][gc,metaspace   ] GC(408) Metaspace: 29098K(29504K)->29098K(29504K) NonClass: 24206K(24384K)->24206K(24384K) Class: 4891K(5120K)->4891K(5120K)
[1330.365s][info][gc             ] GC(408) Pause Young (Allocation Failure) 3208M->1287M(6191M) 80.227ms
[1330.365s][info][gc,cpu         ] GC(408) User=0.48s Sys=0.00s Real=0.08s
.........................................[1370.968s][info][gc,start       ] GC(409) Pause Young (Allocation Failure)
[1371.069s][info][gc,heap        ] GC(409) PSYoungGen: 2253872K(2405888K)->267664K(2391552K) Eden: 2053120K(2053120K)->0K(2036224K) From: 200752K(352768K)->267664K(355328K)
[1371.069s][info][gc,heap        ] GC(409) ParOldGen: 1117531K(3934208K)->1117531K(3934208K)
[1371.069s][info][gc,metaspace   ] GC(409) Metaspace: 29099K(29504K)->29099K(29504K) NonClass: 24208K(24384K)->24208K(24384K) Class: 4891K(5120K)->4891K(5120K)
[1371.069s][info][gc             ] GC(409) Pause Young (Allocation Failure) 3292M->1352M(6177M) 101.273ms
[1371.069s][info][gc,cpu         ] GC(409) User=0.61s Sys=0.00s Real=0.10s
. (rIR:aIR:PR = 415:415:415) (tPR = 6266) [OK] 
  1371s: Performance info:
         Transaction,    Success,    Partial,     Failed,   Receipts, AvgBarcode, 
             Overall,      24940,          0,          0,      23688,      59.46, 
         Response times:
             Request,    Success,    Partial,     Failed,   SkipFail,     Probes,    Samples,      min,      p50,      p90,      p95,      p99,      max, 
       TotalPurchase,      23688,          0,          0,          0,      22507,      24847,      300,      600,      800,      900,     1100,    82000,
     InStorePurchase,      12483,          0,          0,          0,      11930,      13034,      300,      600,      800,      900,     1100,    82000,
      OnlinePurchase,       8714,          0,          0,          0,       8288,       9198,      300,      500,      800,      900,     1100,    82000,
        InstPurchase,       2491,          0,          0,          0,       2289,       2615,      400,      600,      900,      900,     1100,     4000,
          AssocOfCat,         28,          0,          0,          0,         22,         26,    16100,    18500,    20020,    21000,    21000,    21000,
      AssocOfProduct,        248,          0,          0,          0,        200,        275,      500,      700,     1000,     1100,     1724,    82000,
      BusinessReport,         61,          0,          0,          0,         56,         65,    18500,    24000,    34000,    35700,   124000,   124000,
          CustBuyBeh,        250,          0,          0,          0,        195,        251,      200,      500,      700,      700,      900,     1100,
       ProductReturn,        665,          0,          0,          0,        565,        703,      200,      500,      800,      900,     1096,     1200,

  1371s: ( 4%)   IR =    553 ....|.........................[1401.503s][info][gc,start       ] GC(410) Pause Young (Allocation Failure)
[1401.614s][info][gc,heap        ] GC(410) PSYoungGen: 2303888K(2391552K)->308192K(2344448K) Eden: 2036224K(2036224K)->0K(2036224K) From: 267664K(355328K)->308192K(308224K)
[1401.614s][info][gc,heap        ] GC(410) ParOldGen: 1117531K(3934208K)->1117531K(3934208K)
[1401.614s][info][gc,metaspace   ] GC(410) Metaspace: 29101K(29504K)->29101K(29504K) NonClass: 24209K(24384K)->24209K(24384K) Class: 4891K(5120K)->4891K(5120K)
[1401.614s][info][gc             ] GC(410) Pause Young (Allocation Failure) 3341M->1392M(6131M) 111.893ms
[1401.614s][info][gc,cpu         ] GC(410) User=0.66s Sys=0.00s Real=0.12s
...............................[1432.229s][info][gc,start       ] GC(411) Pause Young (Allocation Failure)
[1432.356s][info][gc,heap        ] GC(411) PSYoungGen: 2344416K(2344448K)->341120K(2305024K) Eden: 2036224K(2036224K)->0K(1890816K) From: 308192K(308224K)->341120K(414208K)
[1432.356s][info][gc,heap        ] GC(411) ParOldGen: 1117531K(3934208K)->1117531K(3934208K)
[1432.356s][info][gc,metaspace   ] GC(411) Metaspace: 29101K(29504K)->29101K(29504K) NonClass: 24210K(24384K)->24210K(24384K) Class: 4891K(5120K)->4891K(5120K)
[1432.356s][info][gc             ] GC(411) Pause Young (Allocation Failure) 3380M->1424M(6093M) 126.702ms
[1432.356s][info][gc,cpu         ] GC(411) User=0.74s Sys=0.01s Real=0.13s
.... (rIR:aIR:PR = 553:553:553) (tPR = 8181) [OK] 
  1435s: Performance info:
         Transaction,    Success,    Partial,     Failed,   Receipts, AvgBarcode, 
             Overall,      33206,          0,          0,      31548,      59.45, 
         Response times:
             Request,    Success,    Partial,     Failed,   SkipFail,     Probes,    Samples,      min,      p50,      p90,      p95,      p99,      max, 
       TotalPurchase,      31548,          0,          0,          0,      30165,      33039,      300,      700,     1000,     1100,     1400,   129000,
     InStorePurchase,      16597,          0,          0,          0,      15900,      17228,      300,      700,     1000,     1100,     1400,   128000,
      OnlinePurchase,      11631,          0,          0,          0,      11179,      12289,      300,      700,     1000,     1100,     1400,   129000,
        InstPurchase,       3320,          0,          0,          0,       3086,       3522,      400,      700,     1000,     1100,     1400,   128000,
          AssocOfCat,         32,          0,          0,          0,         30,         34,    15100,    18300,    22000,    23000,    23000,    23000,
      AssocOfProduct,        333,          0,          0,          0,        247,        333,      500,      800,     1100,     1200,     1598,     2900,
      BusinessReport,         83,          0,          0,          0,         76,         86,    17500,    24000,    28000,    29650,    45000,    45000,
          CustBuyBeh,        335,          0,          0,          0,        277,        359,      200,      500,      800,      900,     1200,     1800,
       ProductReturn,        875,          0,          0,          0,        755,        942,      200,      600,      900,     1000,     1200,     3400,

  1435s: ( 5%)   IR =    692 .....|..............[1455.444s][info][gc,start       ] GC(412) Pause Young (Allocation Failure)
[1455.573s][info][gc,heap        ] GC(412) PSYoungGen: 2231936K(2305024K)->363408K(2254336K) Eden: 1890816K(1890816K)->0K(1890816K) From: 341120K(414208K)->363408K(363520K)
[1455.573s][info][gc,heap        ] GC(412) ParOldGen: 1117531K(3934208K)->1117531K(3934208K)
[1455.573s][info][gc,metaspace   ] GC(412) Metaspace: 29104K(29504K)->29104K(29504K) NonClass: 24212K(24384K)->24212K(24384K) Class: 4891K(5120K)->4891K(5120K)
[1455.573s][info][gc             ] GC(412) Pause Young (Allocation Failure) 3270M->1446M(6043M) 129.705ms
[1455.573s][info][gc,cpu         ] GC(412) User=0.77s Sys=0.00s Real=0.13s
......................[1477.797s][info][gc,start       ] GC(413) Pause Young (Allocation Failure)
[1477.932s][info][gc,heap        ] GC(413) PSYoungGen: 2254224K(2254336K)->380400K(2232832K) Eden: 1890816K(1890816K)->0K(1741312K) From: 363408K(363520K)->380400K(491520K)
[1477.932s][info][gc,heap        ] GC(413) ParOldGen: 1117531K(3934208K)->1117531K(3934208K)
[1477.932s][info][gc,metaspace   ] GC(413) Metaspace: 29104K(29504K)->29104K(29504K) NonClass: 24212K(24384K)->24212K(24384K) Class: 4891K(5120K)->4891K(5120K)
[1477.932s][info][gc             ] GC(413) Pause Young (Allocation Failure) 3292M->1462M(6022M) 135.301ms
[1477.932s][info][gc,cpu         ] GC(413) User=0.80s Sys=0.00s Real=0.13s
....................[1497.809s][info][gc,start       ] GC(414) Pause Full (Diagnostic Command)
[1497.809s][info][gc,phases,start] GC(414) Marking Phase
[1498.078s][info][gc,phases      ] GC(414) Marking Phase 269.045ms
[1498.078s][info][gc,phases,start] GC(414) Summary Phase
[1498.078s][info][gc,phases      ] GC(414) Summary Phase 0.040ms
[1498.078s][info][gc,phases,start] GC(414) Forward
[1498.204s][info][gc,phases      ] GC(414) Forward 126.279ms
[1498.204s][info][gc,phases,start] GC(414) Adjust Pointers
[1498.394s][info][gc,phases      ] GC(414) Adjust Pointers 190.212ms
[1498.394s][info][gc,phases,start] GC(414) Compaction Phase
[1498.557s][info][gc,phases      ] GC(414) Compaction Phase 162.733ms
[1498.559s][info][gc,phases,start] GC(414) Post Compact
[1498.562s][info][gc,phases      ] GC(414) Post Compact 2.836ms
[1498.562s][info][gc,heap        ] GC(414) PSYoungGen: 2061641K(2232832K)->0K(2232832K) Eden: 1681241K(1741312K)->0K(1741312K) From: 380400K(491520K)->0K(491520K)
[1498.562s][info][gc,heap        ] GC(414) ParOldGen: 1117531K(3934208K)->1119143K(3934208K)
[1498.562s][info][gc,metaspace   ] GC(414) Metaspace: 29104K(29504K)->29104K(29504K) NonClass: 24212K(24384K)->24212K(24384K) Class: 4891K(5120K)->4891K(5120K)
[1498.562s][info][gc             ] GC(414) Pause Full (Diagnostic Command) 3104M->1092M(6022M) 753.694ms
[1498.562s][info][gc,cpu         ] GC(414) User=4.21s Sys=0.00s Real=0.75s
.... (rIR:aIR:PR = 692:692:692) (tPR = 10151) [OK] 
  1501s: Performance info:
         Transaction,    Success,    Partial,     Failed,   Receipts, AvgBarcode, 
             Overall,      42014,          0,          0,      39930,      59.47, 
         Response times:
             Request,    Success,    Partial,     Failed,   SkipFail,     Probes,    Samples,      min,      p50,      p90,      p95,      p99,      max, 
       TotalPurchase,      39930,          0,          0,          0,      37980,      42713,      300,      800,     1200,     1300,    11000,   137000,
     InStorePurchase,      20993,          0,          0,          0,      20145,      22605,      300,      800,     1200,     1300,    11000,    26000,
      OnlinePurchase,      14732,          0,          0,          0,      14021,      15773,      300,      800,     1200,     1300,    11800,   137000,
        InstPurchase,       4205,          0,          0,          0,       3814,       4335,      400,      800,     1200,     1400,    12040,    26000,
          AssocOfCat,         43,          0,          0,          0,         42,         44,    15900,    19200,    22000,    23000,    23000,    23000,
      AssocOfProduct,        417,          0,          0,          0,        323,        446,      500,     1000,     1400,     1500,    10577,    26000,
      BusinessReport,        105,          0,          0,          0,        102,        113,    17500,    23000,    27000,    28000,    29720,    30000,
          CustBuyBeh,        416,          0,          0,          0,        328,        453,      200,      700,     1100,     1200,     9956,    20000,
       ProductReturn,       1103,          0,          0,          0,        983,       1257,      200,      400,      800,      900,     1100,     1300,

  1501s: ( 6%)   IR =    830 ....|..........[1515.747s][info][gc,start       ] GC(415) Pause Young (Allocation Failure)
[1515.795s][info][gc,heap        ] GC(415) PSYoungGen: 1741312K(2232832K)->102592K(2268672K) Eden: 1741312K(1741312K)->0K(1741312K) From: 0K(491520K)->102592K(527360K)
[1515.795s][info][gc,heap        ] GC(415) ParOldGen: 1119143K(3934208K)->1119143K(3934208K)
[1515.795s][info][gc,metaspace   ] GC(415) Metaspace: 29104K(29504K)->29104K(29504K) NonClass: 24212K(24384K)->24212K(24384K) Class: 4891K(5120K)->4891K(5120K)
[1515.795s][info][gc             ] GC(415) Pause Young (Allocation Failure) 2793M->1193M(6057M) 47.966ms
[1515.795s][info][gc,cpu         ] GC(415) User=0.28s Sys=0.00s Real=0.05s
.................[1533.021s][info][gc,start       ] GC(416) Pause Young (Allocation Failure)
[1533.092s][info][gc,heap        ] GC(416) PSYoungGen: 1843904K(2268672K)->179584K(2207744K) Eden: 1741312K(1741312K)->0K(1751040K) From: 102592K(527360K)->179584K(456704K)
[1533.092s][info][gc,heap        ] GC(416) ParOldGen: 1119143K(3934208K)->1119143K(3934208K)
[1533.092s][info][gc,metaspace   ] GC(416) Metaspace: 29104K(29504K)->29104K(29504K) NonClass: 24212K(24384K)->24212K(24384K) Class: 4891K(5120K)->4891K(5120K)
[1533.092s][info][gc             ] GC(416) Pause Young (Allocation Failure) 2893M->1268M(5998M) 71.762ms
[1533.092s][info][gc,cpu         ] GC(416) User=0.43s Sys=0.00s Real=0.07s
.................[1550.298s][info][gc,start       ] GC(417) Pause Young (Allocation Failure)
[1550.387s][info][gc,heap        ] GC(417) PSYoungGen: 1930624K(2207744K)->236832K(2243072K) Eden: 1751040K(1751040K)->0K(1751040K) From: 179584K(456704K)->236832K(492032K)
[1550.387s][info][gc,heap        ] GC(417) ParOldGen: 1119143K(3934208K)->1119143K(3934208K)
[1550.387s][info][gc,metaspace   ] GC(417) Metaspace: 29104K(29504K)->29104K(29504K) NonClass: 24212K(24384K)->24212K(24384K) Class: 4891K(5120K)->4891K(5120K)
[1550.387s][info][gc             ] GC(417) Pause Young (Allocation Failure) 2978M->1324M(6032M) 89.704ms
[1550.387s][info][gc,cpu         ] GC(417) User=0.53s Sys=0.00s Real=0.09s
................ (rIR:aIR:PR = 830:830:830) (tPR = 12634) [OK] 
  1565s: Performance info:
         Transaction,    Success,    Partial,     Failed,   Receipts, AvgBarcode, 
             Overall,      49851,          0,          0,      47363,      59.49, 
         Response times:
             Request,    Success,    Partial,     Failed,   SkipFail,     Probes,    Samples,      min,      p50,      p90,      p95,      p99,      max, 
       TotalPurchase,      47363,          0,          0,          0,      45758,      49657,      300,      900,     1300,     1400,     1700,    91000,
     InStorePurchase,      24902,          0,          0,          0,      24249,      26191,      300,      800,     1300,     1400,     1700,    74000,
      OnlinePurchase,      17482,          0,          0,          0,      16882,      18285,      300,     1000,     1400,     1500,     1800,    91000,
        InstPurchase,       4979,          0,          0,          0,       4627,       5181,      400,      900,     1300,     1500,     1800,    91000,
          AssocOfCat,         51,          0,          0,          0,         47,         52,    15600,    18700,    22700,    23350,    28000,    28000,
      AssocOfProduct,        500,          0,          0,          0,        409,        511,      400,     1000,     1300,     1400,     1600,     2000,
      BusinessReport,        125,          0,          0,          0,         84,        125,    17500,    23000,    28000,    29000,    36960,    38000,
          CustBuyBeh,        494,          0,          0,          0,        410,        509,      200,      600,     1000,     1200,     1490,    50000,
       ProductReturn,       1318,          0,          0,          0,       1190,       1384,      200,      700,     1100,     1300,     1600,    92000,

  1565s: ( 7%)   IR =    969 .[1567.453s][info][gc,start       ] GC(418) Pause Young (Allocation Failure)
[1567.558s][info][gc,heap        ] GC(418) PSYoungGen: 1987872K(2243072K)->282144K(2286592K) Eden: 1751040K(1751040K)->0K(1829376K) From: 236832K(492032K)->282144K(457216K)
[1567.558s][info][gc,heap        ] GC(418) ParOldGen: 1119143K(3934208K)->1119143K(3934208K)
[1567.558s][info][gc,metaspace   ] GC(418) Metaspace: 29105K(29504K)->29105K(29504K) NonClass: 24213K(24384K)->24213K(24384K) Class: 4891K(5120K)->4891K(5120K)
[1567.558s][info][gc             ] GC(418) Pause Young (Allocation Failure) 3034M->1368M(6075M) 104.992ms
[1567.558s][info][gc,cpu         ] GC(418) User=0.62s Sys=0.00s Real=0.11s
...|.............[1582.835s][info][gc,start       ] GC(419) Pause Young (Allocation Failure)
[1582.951s][info][gc,heap        ] GC(419) PSYoungGen: 2111520K(2286592K)->318016K(2304000K) Eden: 1829376K(1829376K)->0K(1829376K) From: 282144K(457216K)->318016K(474624K)
[1582.951s][info][gc,heap        ] GC(419) ParOldGen: 1119143K(3934208K)->1119143K(3934208K)
[1582.951s][info][gc,metaspace   ] GC(419) Metaspace: 29105K(29504K)->29105K(29504K) NonClass: 24213K(24384K)->24213K(24384K) Class: 4891K(5120K)->4891K(5120K)
[1582.951s][info][gc             ] GC(419) Pause Young (Allocation Failure) 3154M->1403M(6092M) 115.497ms
[1582.951s][info][gc,cpu         ] GC(419) User=0.68s Sys=0.00s Real=0.11s
...............[1598.490s][info][gc,start       ] GC(420) Pause Young (Allocation Failure)
[1598.614s][info][gc,heap        ] GC(420) PSYoungGen: 2147392K(2304000K)->344864K(2275328K) Eden: 1829376K(1829376K)->0K(1789440K) From: 318016K(474624K)->344864K(485888K)
[1598.614s][info][gc,heap        ] GC(420) ParOldGen: 1119143K(3934208K)->1119143K(3934208K)
[1598.614s][info][gc,metaspace   ] GC(420) Metaspace: 29105K(29504K)->29105K(29504K) NonClass: 24213K(24384K)->24213K(24384K) Class: 4891K(5120K)->4891K(5120K)
[1598.614s][info][gc             ] GC(420) Pause Young (Allocation Failure) 3189M->1429M(6064M) 124.776ms
[1598.615s][info][gc,cpu         ] GC(420) User=0.74s Sys=0.00s Real=0.13s
................[1613.693s][info][gc,start       ] GC(421) Pause Young (Allocation Failure)
[1613.824s][info][gc,heap        ] GC(421) PSYoungGen: 2134304K(2275328K)->365472K(2155008K) Eden: 1789440K(1789440K)->0K(1789440K) From: 344864K(485888K)->365472K(365568K)
[1613.825s][info][gc,heap        ] GC(421) ParOldGen: 1119143K(3934208K)->1119143K(3934208K)
[1613.825s][info][gc,metaspace   ] GC(421) Metaspace: 29105K(29504K)->29105K(29504K) NonClass: 24213K(24384K)->24213K(24384K) Class: 4891K(5120K)->4891K(5120K)
[1613.825s][info][gc             ] GC(421) Pause Young (Allocation Failure) 3177M->1449M(5946M) 131.764ms
[1613.825s][info][gc,cpu         ] GC(421) User=0.78s Sys=0.00s Real=0.14s
...............[1628.806s][info][gc,start       ] GC(422) Pause Young (Allocation Failure)
[1628.941s][info][gc,heap        ] GC(422) PSYoungGen: 2154912K(2155008K)->382848K(2230272K) Eden: 1789440K(1789440K)->0K(1706496K) From: 365472K(365568K)->382848K(523776K)
[1628.941s][info][gc,heap        ] GC(422) ParOldGen: 1119143K(3934208K)->1119143K(3934208K)
[1628.941s][info][gc,metaspace   ] GC(422) Metaspace: 29105K(29504K)->29105K(29504K) NonClass: 24213K(24384K)->24213K(24384K) Class: 4891K(5120K)->4891K(5120K)
[1628.941s][info][gc             ] GC(422) Pause Young (Allocation Failure) 3197M->1466M(6020M) 135.418ms
[1628.941s][info][gc,cpu         ] GC(422) User=0.80s Sys=0.00s Real=0.13s
. (rIR:aIR:PR = 969:968:968) (tPR = 14440) [OK] 
  1629s: Performance info:
         Transaction,    Success,    Partial,     Failed,   Receipts, AvgBarcode, 
             Overall,      58119,          0,          0,      55208,      59.47, 
         Response times:
             Request,    Success,    Partial,     Failed,   SkipFail,     Probes,    Samples,      min,      p50,      p90,      p95,      p99,      max, 
       TotalPurchase,      55208,          0,          0,          0,      53355,      57941,      300,     1000,     1500,     1600,     2100,   135000,
     InStorePurchase,      29032,          0,          0,          0,      28160,      30439,      300,     1000,     1400,     1600,     2000,   134000,
      OnlinePurchase,      20357,          0,          0,          0,      19720,      21432,      300,     1100,     1500,     1600,     2200,   135000,
        InstPurchase,       5819,          0,          0,          0,       5475,       6070,      400,     1000,     1500,     1600,     2300,   135000,
          AssocOfCat,         59,          0,          0,          0,         53,         61,    15700,    19100,    22000,    23000,    24000,    24000,
      AssocOfProduct,        582,          0,          0,          0,        498,        620,      400,     1000,     1400,     1500,     1879,     4000,
      BusinessReport,        145,          0,          0,          0,        108,        163,    18200,    23000,    29000,    31000,    80360,   161000,
          CustBuyBeh,        581,          0,          0,          0,        481,        577,      200,      800,     1220,     1400,     3100,   117000,
       ProductReturn,       1544,          0,          0,          0,       1375,       1586,      200,      700,     1200,     1400,     1713,     4400,

  1629s: ( 8%)   IR =   1107 .....|.......[1641.763s][info][gc,start       ] GC(423) Pause Young (Allocation Failure)
[1641.905s][info][gc,heap        ] GC(423) PSYoungGen: 2089344K(2230272K)->396048K(2102784K) Eden: 1706496K(1706496K)->0K(1706496K) From: 382848K(523776K)->396048K(396288K)
[1641.905s][info][gc,heap        ] GC(423) ParOldGen: 1119143K(3934208K)->1119143K(3934208K)
[1641.905s][info][gc,metaspace   ] GC(423) Metaspace: 29106K(29504K)->29106K(29504K) NonClass: 24214K(24384K)->24214K(24384K) Class: 4891K(5120K)->4891K(5120K)
[1641.905s][info][gc             ] GC(423) Pause Young (Allocation Failure) 3133M->1479M(5895M) 142.433ms
[1641.905s][info][gc,cpu         ] GC(423) User=0.84s Sys=0.00s Real=0.15s
............[1654.334s][info][gc,start       ] GC(424) Pause Young (Allocation Failure)
[1654.473s][info][gc,heap        ] GC(424) PSYoungGen: 2102544K(2102784K)->401408K(2196992K) Eden: 1706496K(1706496K)->0K(1631744K) From: 396048K(396288K)->401408K(565248K)
[1654.473s][info][gc,heap        ] GC(424) ParOldGen: 1119143K(3934208K)->1119143K(3934208K)
[1654.473s][info][gc,metaspace   ] GC(424) Metaspace: 29106K(29504K)->29106K(29504K) NonClass: 24214K(24384K)->24214K(24384K) Class: 4891K(5120K)->4891K(5120K)
[1654.473s][info][gc             ] GC(424) Pause Young (Allocation Failure) 3146M->1484M(5987M) 138.979ms
[1654.474s][info][gc,cpu         ] GC(424) User=0.82s Sys=0.00s Real=0.14s
............[1666.460s][info][gc,start       ] GC(425) Pause Young (Allocation Failure)
[1666.603s][info][gc,heap        ] GC(425) PSYoungGen: 2033152K(2196992K)->407136K(2039296K) Eden: 1631744K(1631744K)->0K(1631744K) From: 401408K(565248K)->407136K(407552K)
[1666.603s][info][gc,heap        ] GC(425) ParOldGen: 1119143K(3934208K)->1119143K(3934208K)
[1666.603s][info][gc,metaspace   ] GC(425) Metaspace: 29106K(29504K)->29106K(29504K) NonClass: 24214K(24384K)->24214K(24384K) Class: 4891K(5120K)->4891K(5120K)
[1666.603s][info][gc             ] GC(425) Pause Young (Allocation Failure) 3078M->1490M(5833M) 143.486ms
[1666.603s][info][gc,cpu         ] GC(425) User=0.85s Sys=0.00s Real=0.14s
............[1678.589s][info][gc,start       ] GC(426) Pause Young (Allocation Failure)
[1678.734s][info][gc,heap        ] GC(426) PSYoungGen: 2038880K(2039296K)->412896K(2177024K) Eden: 1631744K(1631744K)->0K(1580544K) From: 407136K(407552K)->412896K(596480K)
[1678.734s][info][gc,heap        ] GC(426) ParOldGen: 1119143K(3934208K)->1119143K(3934208K)
[1678.734s][info][gc,metaspace   ] GC(426) Metaspace: 29106K(29504K)->29106K(29504K) NonClass: 24214K(24384K)->24214K(24384K) Class: 4891K(5120K)->4891K(5120K)
[1678.734s][info][gc             ] GC(426) Pause Young (Allocation Failure) 3084M->1496M(5968M) 145.035ms
[1678.734s][info][gc,cpu         ] GC(426) User=0.87s Sys=0.00s Real=0.15s
............[1690.379s][info][gc,start       ] GC(427) Pause Young (Allocation Failure)
[1690.525s][info][gc,heap        ] GC(427) PSYoungGen: 1993440K(2177024K)->416640K(1997312K) Eden: 1580544K(1580544K)->0K(1580544K) From: 412896K(596480K)->416640K(416768K)
[1690.525s][info][gc,heap        ] GC(427) ParOldGen: 1119143K(3934208K)->1119143K(3934208K)
[1690.525s][info][gc,metaspace   ] GC(427) Metaspace: 29106K(29504K)->29106K(29504K) NonClass: 24214K(24384K)->24214K(24384K) Class: 4891K(5120K)->4891K(5120K)
[1690.525s][info][gc             ] GC(427) Pause Young (Allocation Failure) 3039M->1499M(5792M) 146.237ms
[1690.525s][info][gc,cpu         ] GC(427) User=0.87s Sys=0.00s Real=0.15s
..... (rIR:aIR:PR = 1107:1106:1106) (tPR = 16436) [OK] 
  1694s: Performance info:
         Transaction,    Success,    Partial,     Failed,   Receipts, AvgBarcode, 
             Overall,      66488,          0,          0,      63155,      59.48, 
         Response times:
             Request,    Success,    Partial,     Failed,   SkipFail,     Probes,    Samples,      min,      p50,      p90,      p95,      p99,      max, 
       TotalPurchase,      63155,          0,          0,          0,      60740,      67299,      300,     1100,     1600,     1800,     3800,   152000,
     InStorePurchase,      33260,          0,          0,          0,      32218,      35672,      300,     1100,     1600,     1700,     4200,   152000,
      OnlinePurchase,      23253,          0,          0,          0,      22279,      24555,      300,     1200,     1600,     1800,     3400,   150000,
        InstPurchase,       6642,          0,          0,          0,       6243,       7072,      400,     1000,     1600,     1800,     2927,   150000,
          AssocOfCat,         68,          0,          0,          0,         67,         72,    15100,    18400,    21000,    24350,    30000,    30000,
      AssocOfProduct,        666,          0,          0,          0,        548,        699,      400,     1300,     1900,     2000,     2500,   147000,
      BusinessReport,        165,          0,          0,          0,        116,        176,    18200,    23000,    30000,    32000,    72820,   176000,
          CustBuyBeh,        665,          0,          0,          0,        550,        670,      200,      900,     1400,     1600,     2522,   147000,
       ProductReturn,       1769,          0,          0,          0,       1558,       1866,      200,      900,     1400,     1600,     4333,   146000,

  1694s: ( 9%)   IR =   1245 .....|.[1701.266s][info][gc,start       ] GC(428) Pause Young (Allocation Failure)
[1701.412s][info][gc,heap        ] GC(428) PSYoungGen: 1997184K(1997312K)->415968K(2169344K) Eden: 1580544K(1580544K)->0K(1552896K) From: 416640K(416768K)->415968K(616448K)
[1701.412s][info][gc,heap        ] GC(428) ParOldGen: 1119143K(3934208K)->1123135K(3934208K)
[1701.412s][info][gc,metaspace   ] GC(428) Metaspace: 29108K(29504K)->29108K(29504K) NonClass: 24216K(24384K)->24216K(24384K) Class: 4891K(5120K)->4891K(5120K)
[1701.412s][info][gc             ] GC(428) Pause Young (Allocation Failure) 3043M->1503M(5960M) 145.992ms
[1701.412s][info][gc,cpu         ] GC(428) User=0.87s Sys=0.00s Real=0.14s
..........[1711.477s][info][gc,start       ] GC(429) Pause Young (Allocation Failure)
[1711.627s][info][gc,heap        ] GC(429) PSYoungGen: 1968864K(2169344K)->416736K(1969664K) Eden: 1552896K(1552896K)->0K(1552896K) From: 415968K(616448K)->416736K(416768K)
[1711.627s][info][gc,heap        ] GC(429) ParOldGen: 1123135K(3934208K)->1131407K(3934208K)
[1711.627s][info][gc,metaspace   ] GC(429) Metaspace: 29108K(29504K)->29108K(29504K) NonClass: 24216K(24384K)->24216K(24384K) Class: 4891K(5120K)->4891K(5120K)
[1711.627s][info][gc             ] GC(429) Pause Young (Allocation Failure) 3019M->1511M(5765M) 150.409ms
[1711.627s][info][gc,cpu         ] GC(429) User=0.89s Sys=0.01s Real=0.15s
..........[1721.710s][info][gc,start       ] GC(430) Pause Young (Allocation Failure)
[1721.854s][info][gc,heap        ] GC(430) PSYoungGen: 1969632K(1969664K)->404288K(2177024K) Eden: 1552896K(1552896K)->0K(1553408K) From: 416736K(416768K)->404288K(623616K)
[1721.854s][info][gc,heap        ] GC(430) ParOldGen: 1131407K(3934208K)->1143191K(3934208K)
[1721.854s][info][gc,metaspace   ] GC(430) Metaspace: 29108K(29504K)->29108K(29504K) NonClass: 24216K(24384K)->24216K(24384K) Class: 4891K(5120K)->4891K(5120K)
[1721.854s][info][gc             ] GC(430) Pause Young (Allocation Failure) 3028M->1511M(5968M) 144.560ms
[1721.854s][info][gc,cpu         ] GC(430) User=0.86s Sys=0.00s Real=0.15s
...........[1731.954s][info][gc,start       ] GC(431) Pause Young (Allocation Failure)
[1732.099s][info][gc,heap        ] GC(431) PSYoungGen: 1957696K(2177024K)->395104K(1948672K) Eden: 1553408K(1553408K)->0K(1553408K) From: 404288K(623616K)->395104K(395264K)
[1732.099s][info][gc,heap        ] GC(431) ParOldGen: 1143191K(3934208K)->1158391K(3934208K)
[1732.099s][info][gc,metaspace   ] GC(431) Metaspace: 29108K(29504K)->29108K(29504K) NonClass: 24216K(24384K)->24216K(24384K) Class: 4891K(5120K)->4891K(5120K)
[1732.099s][info][gc             ] GC(431) Pause Young (Allocation Failure) 3028M->1517M(5745M) 145.141ms
[1732.100s][info][gc,cpu         ] GC(431) User=0.85s Sys=0.00s Real=0.14s
..........[1742.218s][info][gc,start       ] GC(432) Pause Young (Allocation Failure)
[1742.360s][info][gc,heap        ] GC(432) PSYoungGen: 1948512K(1948672K)->382016K(2177536K) Eden: 1553408K(1553408K)->0K(1568256K) From: 395104K(395264K)->382016K(609280K)
[1742.360s][info][gc,heap        ] GC(432) ParOldGen: 1158391K(3934208K)->1178319K(3934208K)
[1742.360s][info][gc,metaspace   ] GC(432) Metaspace: 29108K(29504K)->29108K(29504K) NonClass: 24216K(24384K)->24216K(24384K) Class: 4891K(5120K)->4891K(5120K)
[1742.360s][info][gc             ] GC(432) Pause Young (Allocation Failure) 3034M->1523M(5968M) 142.453ms
[1742.360s][info][gc,cpu         ] GC(432) User=0.84s Sys=0.00s Real=0.14s
..........[1752.609s][info][gc,start       ] GC(433) Pause Young (Allocation Failure)
[1752.751s][info][gc,heap        ] GC(433) PSYoungGen: 1950272K(2177536K)->370272K(2162688K) Eden: 1568256K(1568256K)->0K(1568256K) From: 382016K(609280K)->370272K(594432K)
[1752.751s][info][gc,heap        ] GC(433) ParOldGen: 1178319K(3934208K)->1203871K(3934208K)
[1752.751s][info][gc,metaspace   ] GC(433) Metaspace: 29108K(29504K)->29108K(29504K) NonClass: 24216K(24384K)->24216K(24384K) Class: 4891K(5120K)->4891K(5120K)
[1752.751s][info][gc             ] GC(433) Pause Young (Allocation Failure) 3055M->1537M(5954M) 142.323ms
[1752.751s][info][gc,cpu         ] GC(433) User=0.85s Sys=0.00s Real=0.14s
........ (rIR:aIR:PR = 1245:1246:1246) (tPR = 18550) [OK] 
  1759s: Performance info:
         Transaction,    Success,    Partial,     Failed,   Receipts, AvgBarcode, 
             Overall,      74893,          0,          0,      71154,      59.47, 
         Response times:
             Request,    Success,    Partial,     Failed,   SkipFail,     Probes,    Samples,      min,      p50,      p90,      p95,      p99,      max, 
       TotalPurchase,      71154,          0,          0,          0,      68671,      75771,      300,     1200,     1800,     1900,     5528,   149000,
     InStorePurchase,      37452,          0,          0,          0,      36394,      39973,      300,     1200,     1800,     2000,     5400,   148000,
      OnlinePurchase,      26207,          0,          0,          0,      25247,      27872,      300,     1200,     1800,     1900,     5600,   149000,
        InstPurchase,       7495,          0,          0,          0,       7030,       7926,      400,     1200,     1700,     1900,     6000,   149000,
          AssocOfCat,         75,          0,          0,          0,         70,         80,    16300,    18800,    20000,    21950,    23000,    23000,
      AssocOfProduct,        744,          0,          0,          0,        635,        799,      700,     1500,     1900,     2000,     6600,   148000,
      BusinessReport,        190,          0,          0,          0,        142,        216,    17900,    24000,    30000,    31000,    32830,    40000,
          CustBuyBeh,        746,          0,          0,          0,        629,        796,      200,      500,     1000,     1300,     2703,   146000,
       ProductReturn,       1984,          0,          0,          0,       1771,       2089,      200,      700,     1300,     1500,     2300,   148000,

  1759s: (10%)   IR =   1384 ..[1762.569s][info][gc,start       ] GC(434) Pause Young (Allocation Failure)
[1762.706s][info][gc,heap        ] GC(434) PSYoungGen: 1938528K(2162688K)->349376K(2180608K) Eden: 1568256K(1568256K)->0K(1613312K) From: 370272K(594432K)->349376K(567296K)
[1762.706s][info][gc,heap        ] GC(434) ParOldGen: 1203871K(3934208K)->1234695K(3934208K)
[1762.706s][info][gc,metaspace   ] GC(434) Metaspace: 29108K(29504K)->29108K(29504K) NonClass: 24216K(24384K)->24216K(24384K) Class: 4891K(5120K)->4891K(5120K)
[1762.706s][info][gc             ] GC(434) Pause Young (Allocation Failure) 3068M->1546M(5971M) 136.109ms
[1762.706s][info][gc,cpu         ] GC(434) User=0.81s Sys=0.00s Real=0.14s
...|.......[1772.163s][info][gc,start       ] GC(435) Pause Young (Allocation Failure)
[1772.294s][info][gc,heap        ] GC(435) PSYoungGen: 1962688K(2180608K)->329184K(2168832K) Eden: 1613312K(1613312K)->0K(1613312K) From: 349376K(567296K)->329184K(555520K)
[1772.294s][info][gc,heap        ] GC(435) ParOldGen: 1234695K(3934208K)->1273607K(3934208K)
[1772.294s][info][gc,metaspace   ] GC(435) Metaspace: 29108K(29504K)->29108K(29504K) NonClass: 24216K(24384K)->24216K(24384K) Class: 4891K(5120K)->4891K(5120K)
[1772.294s][info][gc             ] GC(435) Pause Young (Allocation Failure) 3122M->1565M(5960M) 130.522ms
[1772.294s][info][gc,cpu         ] GC(435) User=0.77s Sys=0.00s Real=0.14s
.........[1781.871s][info][gc,start       ] GC(436) Pause Young (Allocation Failure)
[1781.996s][info][gc,heap        ] GC(436) PSYoungGen: 1942496K(2168832K)->302912K(2223616K) Eden: 1613312K(1613312K)->0K(1683456K) From: 329184K(555520K)->302912K(540160K)
[1781.997s][info][gc,heap        ] GC(436) ParOldGen: 1273607K(3934208K)->1321631K(3934208K)
[1781.997s][info][gc,metaspace   ] GC(436) Metaspace: 29108K(29504K)->29108K(29504K) NonClass: 24216K(24384K)->24216K(24384K) Class: 4891K(5120K)->4891K(5120K)
[1781.997s][info][gc             ] GC(436) Pause Young (Allocation Failure) 3140M->1586M(6013M) 125.707ms
[1781.997s][info][gc,cpu         ] GC(436) User=0.74s Sys=0.00s Real=0.13s
..........[1791.735s][info][gc,start       ] GC(437) Pause Young (Allocation Failure)
[1791.855s][info][gc,heap        ] GC(437) PSYoungGen: 1986368K(2223616K)->272000K(2213376K) Eden: 1683456K(1683456K)->0K(1683456K) From: 302912K(540160K)->272000K(529920K)
[1791.855s][info][gc,heap        ] GC(437) ParOldGen: 1321631K(3934208K)->1381895K(3934208K)
[1791.855s][info][gc,metaspace   ] GC(437) Metaspace: 29108K(29504K)->29108K(29504K) NonClass: 24216K(24384K)->24216K(24384K) Class: 4891K(5120K)->4891K(5120K)
[1791.855s][info][gc             ] GC(437) Pause Young (Allocation Failure) 3230M->1615M(6003M) 120.379ms
[1791.855s][info][gc,cpu         ] GC(437) User=0.71s Sys=0.00s Real=0.12s
.......[1798.713s][info][gc,start       ] GC(438) Pause Full (Diagnostic Command)
[1798.713s][info][gc,phases,start] GC(438) Marking Phase
[1798.986s][info][gc,phases      ] GC(438) Marking Phase 272.906ms
[1798.986s][info][gc,phases,start] GC(438) Summary Phase
[1798.986s][info][gc,phases      ] GC(438) Summary Phase 0.038ms
[1798.986s][info][gc,phases,start] GC(438) Forward
[1799.107s][info][gc,phases      ] GC(438) Forward 121.040ms
[1799.107s][info][gc,phases,start] GC(438) Adjust Pointers
[1799.298s][info][gc,phases      ] GC(438) Adjust Pointers 190.993ms
[1799.298s][info][gc,phases,start] GC(438) Compaction Phase
[1799.456s][info][gc,phases      ] GC(438) Compaction Phase 158.522ms
[1799.459s][info][gc,phases,start] GC(438) Post Compact
[1799.462s][info][gc,phases      ] GC(438) Post Compact 2.876ms
[1799.462s][info][gc,heap        ] GC(438) PSYoungGen: 1433257K(2213376K)->0K(2213376K) Eden: 1161257K(1683456K)->0K(1683456K) From: 272000K(529920K)->0K(529920K)
[1799.462s][info][gc,heap        ] GC(438) ParOldGen: 1381895K(3934208K)->1122202K(3934208K)
[1799.462s][info][gc,metaspace   ] GC(438) Metaspace: 29108K(29504K)->29108K(29504K) NonClass: 24216K(24384K)->24216K(24384K) Class: 4891K(5120K)->4891K(5120K)
[1799.462s][info][gc             ] GC(438) Pause Full (Diagnostic Command) 2749M->1095M(6003M) 748.919ms
[1799.462s][info][gc,cpu         ] GC(438) User=4.16s Sys=0.00s Real=0.75s
..........[1808.633s][info][gc,start       ] GC(439) Pause Young (Allocation Failure)
[1808.682s][info][gc,heap        ] GC(439) PSYoungGen: 1683456K(2213376K)->102816K(2227200K) Eden: 1683456K(1683456K)->0K(1702400K) From: 0K(529920K)->102816K(524800K)
[1808.682s][info][gc,heap        ] GC(439) ParOldGen: 1122202K(3934208K)->1122202K(3934208K)
[1808.682s][info][gc,metaspace   ] GC(439) Metaspace: 29108K(29504K)->29108K(29504K) NonClass: 24216K(24384K)->24216K(24384K) Class: 4891K(5120K)->4891K(5120K)
[1808.682s][info][gc             ] GC(439) Pause Young (Allocation Failure) 2739M->1196M(6017M) 48.784ms
[1808.682s][info][gc,cpu         ] GC(439) User=0.29s Sys=0.00s Real=0.05s
..........[1818.861s][info][gc,start       ] GC(440) Pause Young (Allocation Failure)
[1818.933s][info][gc,heap        ] GC(440) PSYoungGen: 1805216K(2227200K)->175552K(1878016K) Eden: 1702400K(1702400K)->0K(1702400K) From: 102816K(524800K)->175552K(175616K)
[1818.933s][info][gc,heap        ] GC(440) ParOldGen: 1122202K(3934208K)->1122202K(3934208K)
[1818.933s][info][gc,metaspace   ] GC(440) Metaspace: 29109K(29504K)->29109K(29504K) NonClass: 24217K(24384K)->24217K(24384K) Class: 4891K(5120K)->4891K(5120K)
[1818.933s][info][gc             ] GC(440) Pause Young (Allocation Failure) 2858M->1267M(5676M) 71.456ms
[1818.933s][info][gc,cpu         ] GC(440) User=0.42s Sys=0.00s Real=0.07s
....... (rIR:aIR:PR = 1384:1384:1384) (tPR = 20719) [OK] 
  1825s: Performance info:
         Transaction,    Success,    Partial,     Failed,   Receipts, AvgBarcode, 
             Overall,      83878,          0,          0,      79670,      59.48, 
         Response times:
             Request,    Success,    Partial,     Failed,   SkipFail,     Probes,    Samples,      min,      p50,      p90,      p95,      p99,      max, 
       TotalPurchase,      79670,          0,          0,          0,      77125,      85359,      300,     1300,     1900,     2100,    31000,   140000,
     InStorePurchase,      41912,          0,          0,          0,      40899,      44969,      300,     1300,     1900,     2200,    34000,   140000,
      OnlinePurchase,      29377,          0,          0,          0,      28301,      31327,      300,     1300,     1900,     2100,    38000,   140000,
        InstPurchase,       8381,          0,          0,          0,       7925,       9063,      400,     1300,     1900,     2100,    24000,   139000,
          AssocOfCat,         83,          0,          0,          0,         77,         89,    14900,    19200,    25000,    27000,   100000,   100000,
      AssocOfProduct,        845,          0,          0,          0,        715,        893,      800,     1500,     2000,     2200,    10348,    55000,
      BusinessReport,        210,          0,          0,          0,        143,        236,    18100,    24000,    30000,    31000,    85560,    90000,
          CustBuyBeh,        840,          0,          0,          0,        711,        892,      100,     1000,     1700,     1900,    67000,    68000,
       ProductReturn,       2230,          0,          0,          0,       2031,       2402,      200,      800,     1500,     1700,    34850,   128000,

  1825s: (11%)   IR =   1522 ...[1828.652s][info][gc,start       ] GC(441) Pause Young (Allocation Failure)
[1828.741s][info][gc,heap        ] GC(441) PSYoungGen: 1877952K(1878016K)->177024K(2251264K) Eden: 1702400K(1702400K)->0K(1703424K) From: 175552K(175616K)->177024K(547840K)
[1828.741s][info][gc,heap        ] GC(441) ParOldGen: 1122202K(3934208K)->1179326K(3934208K)
[1828.741s][info][gc,metaspace   ] GC(441) Metaspace: 29110K(29504K)->29110K(29504K) NonClass: 24218K(24384K)->24218K(24384K) Class: 4891K(5120K)->4891K(5120K)
[1828.741s][info][gc             ] GC(441) Pause Young (Allocation Failure) 2929M->1324M(6040M) 89.796ms
[1828.741s][info][gc,cpu         ] GC(441) User=0.53s Sys=0.00s Real=0.09s
.|........[1837.758s][info][gc,start       ] GC(442) Pause Young (Allocation Failure)
[1837.849s][info][gc,heap        ] GC(442) PSYoungGen: 1880448K(2251264K)->181353K(1885184K) Eden: 1703424K(1703424K)->0K(1703424K) From: 177024K(547840K)->181353K(181760K)
[1837.850s][info][gc,heap        ] GC(442) ParOldGen: 1179326K(3934208K)->1237878K(3934208K)
[1837.850s][info][gc,metaspace   ] GC(442) Metaspace: 29110K(29504K)->29110K(29504K) NonClass: 24218K(24384K)->24218K(24384K) Class: 4891K(5120K)->4891K(5120K)
[1837.850s][info][gc             ] GC(442) Pause Young (Allocation Failure) 2988M->1385M(5683M) 91.945ms
[1837.850s][info][gc,cpu         ] GC(442) User=0.54s Sys=0.00s Real=0.09s
.........[1847.127s][info][gc,start       ] GC(443) Pause Young (Allocation Failure)
[1847.217s][info][gc,heap        ] GC(443) PSYoungGen: 1884777K(1885184K)->178336K(2250240K) Eden: 1703424K(1703424K)->0K(1712128K) From: 181353K(181760K)->178336K(538112K)
[1847.217s][info][gc,heap        ] GC(443) ParOldGen: 1237878K(3934208K)->1296470K(3934208K)
[1847.217s][info][gc,metaspace   ] GC(443) Metaspace: 29110K(29504K)->29110K(29504K) NonClass: 24218K(24384K)->24218K(24384K) Class: 4891K(5120K)->4891K(5120K)
[1847.217s][info][gc             ] GC(443) Pause Young (Allocation Failure) 3049M->1440M(6039M) 90.209ms
[1847.217s][info][gc,cpu         ] GC(443) User=0.53s Sys=0.00s Real=0.09s
.........[1856.272s][info][gc,start       ] GC(444) Pause Young (Allocation Failure)
[1856.360s][info][gc,heap        ] GC(444) PSYoungGen: 1890464K(2250240K)->177152K(2241536K) Eden: 1712128K(1712128K)->0K(1712128K) From: 178336K(538112K)->177152K(529408K)
[1856.361s][info][gc,heap        ] GC(444) ParOldGen: 1296470K(3934208K)->1353870K(3934208K)
[1856.361s][info][gc,metaspace   ] GC(444) Metaspace: 29110K(29504K)->29110K(29504K) NonClass: 24218K(24384K)->24218K(24384K) Class: 4891K(5120K)->4891K(5120K)
[1856.361s][info][gc             ] GC(444) Pause Young (Allocation Failure) 3112M->1495M(6031M) 88.701ms
[1856.361s][info][gc,cpu         ] GC(444) User=0.53s Sys=0.00s Real=0.09s
..........[1865.668s][info][gc,start       ] GC(445) Pause Young (Allocation Failure)
[1865.761s][info][gc,heap        ] GC(445) PSYoungGen: 1889054K(2241536K)->179072K(2254336K) Eden: 1711902K(1712128K)->0K(1740800K) From: 177152K(529408K)->179072K(513536K)
[1865.761s][info][gc,heap        ] GC(445) ParOldGen: 1353870K(3934208K)->1413326K(3934208K)
[1865.761s][info][gc,metaspace   ] GC(445) Metaspace: 29111K(29504K)->29111K(29504K) NonClass: 24219K(24384K)->24219K(24384K) Class: 4891K(5120K)->4891K(5120K)
[1865.761s][info][gc             ] GC(445) Pause Young (Allocation Failure) 3166M->1555M(6043M) 93.077ms
[1865.761s][info][gc,cpu         ] GC(445) User=0.54s Sys=0.01s Real=0.09s
.........[1874.991s][info][gc,start       ] GC(446) Pause Young (Allocation Failure)
[1875.083s][info][gc,heap        ] GC(446) PSYoungGen: 1919872K(2254336K)->106912K(2247680K) Eden: 1740800K(1740800K)->0K(1740800K) From: 179072K(513536K)->106912K(506880K)
[1875.083s][info][gc,heap        ] GC(446) ParOldGen: 1413326K(3934208K)->1547070K(3934208K)
[1875.083s][info][gc,metaspace   ] GC(446) Metaspace: 29111K(29504K)->29111K(29504K) NonClass: 24219K(24384K)->24219K(24384K) Class: 4891K(5120K)->4891K(5120K)
[1875.083s][info][gc             ] GC(446) Pause Young (Allocation Failure) 3255M->1615M(6037M) 92.610ms
[1875.083s][info][gc,cpu         ] GC(446) User=0.55s Sys=0.00s Real=0.10s
.........[1884.280s][info][gc,start       ] GC(447) Pause Young (Allocation Failure)
[1884.352s][info][gc,heap        ] GC(447) PSYoungGen: 1847712K(2247680K)->101024K(2285056K) Eden: 1740800K(1740800K)->0K(1779200K) From: 106912K(506880K)->101024K(505856K)
[1884.352s][info][gc,heap        ] GC(447) ParOldGen: 1547070K(3934208K)->1623558K(3934208K)
[1884.352s][info][gc,metaspace   ] GC(447) Metaspace: 29112K(29504K)->29112K(29504K) NonClass: 24221K(24384K)->24221K(24384K) Class: 4891K(5120K)->4891K(5120K)
[1884.352s][info][gc             ] GC(447) Pause Young (Allocation Failure) 3315M->1684M(6073M) 71.595ms
[1884.352s][info][gc,cpu         ] GC(447) User=0.42s Sys=0.00s Real=0.07s
...... (rIR:aIR:PR = 1522:1522:1522) (tPR = 22489) [OK] 
  1889s: Performance info:
         Transaction,    Success,    Partial,     Failed,   Receipts, AvgBarcode, 
             Overall,      91374,          0,          0,      86811,      59.48, 
         Response times:
             Request,    Success,    Partial,     Failed,   SkipFail,     Probes,    Samples,      min,      p50,      p90,      p95,      p99,      max, 
       TotalPurchase,      86811,          0,          0,          0,      84088,      90884,      300,     1400,     2000,     2200,     3300,    96000,
     InStorePurchase,      45671,          0,          0,          0,      44519,      47872,      300,     1400,     2000,     2200,     3200,    96000,
      OnlinePurchase,      32006,          0,          0,          0,      30921,      33443,      300,     1400,     2000,     2200,     3500,    96000,
        InstPurchase,       9134,          0,          0,          0,       8648,       9569,      400,     1500,     2100,     2300,     3800,    93000,
          AssocOfCat,         91,          0,          0,          0,         89,         96,    16100,    19400,    23300,    28150,   121000,   121000,
      AssocOfProduct,        914,          0,          0,          0,        792,        941,      500,     1200,     1800,     2000,     2400,    94000,
      BusinessReport,        228,          0,          0,          0,        157,        220,    18000,    24000,    31000,    33000,   101690,   117000,
          CustBuyBeh,        914,          0,          0,          0,        792,        935,      200,     1300,     2000,     2220,     7748,    12400,
       ProductReturn,       2416,          0,          0,          0,       2235,       2572,      200,     1500,     2100,     2300,     5927,    12800,

  1889s: (12%)   IR =   1660 ....[1893.575s][info][gc,start       ] GC(448) Pause Young (Allocation Failure)
[1893.648s][info][gc,heap        ] GC(448) PSYoungGen: 1880224K(2285056K)->105888K(2281472K) Eden: 1779200K(1779200K)->0K(1779200K) From: 101024K(505856K)->105888K(502272K)
[1893.648s][info][gc,heap        ] GC(448) ParOldGen: 1623558K(3934208K)->1699222K(3934208K)
[1893.648s][info][gc,metaspace   ] GC(448) Metaspace: 29112K(29504K)->29112K(29504K) NonClass: 24221K(24384K)->24221K(24384K) Class: 4891K(5120K)->4891K(5120K)
[1893.648s][info][gc             ] GC(448) Pause Young (Allocation Failure) 3421M->1762M(6070M) 73.182ms
[1893.648s][info][gc,cpu         ] GC(448) User=0.43s Sys=0.00s Real=0.07s
....|....[1902.383s][info][gc,start       ] GC(449) Pause Young (Allocation Failure)
[1902.458s][info][gc,heap        ] GC(449) PSYoungGen: 1885088K(2281472K)->104256K(2284032K) Eden: 1779200K(1779200K)->0K(1797632K) From: 105888K(502272K)->104256K(486400K)
[1902.458s][info][gc,heap        ] GC(449) ParOldGen: 1699222K(3934208K)->1777598K(3934208K)
[1902.458s][info][gc,metaspace   ] GC(449) Metaspace: 29112K(29504K)->29112K(29504K) NonClass: 24221K(24384K)->24221K(24384K) Class: 4891K(5120K)->4891K(5120K)
[1902.458s][info][gc             ] GC(449) Pause Young (Allocation Failure) 3500M->1837M(6072M) 75.006ms
[1902.458s][info][gc,cpu         ] GC(449) User=0.44s Sys=0.00s Real=0.08s
.........[1911.194s][info][gc,start       ] GC(450) Pause Young (Allocation Failure)
[1911.267s][info][gc,heap        ] GC(450) PSYoungGen: 1901888K(2284032K)->104672K(2282496K) Eden: 1797632K(1797632K)->0K(1797632K) From: 104256K(486400K)->104672K(484864K)
[1911.267s][info][gc,heap        ] GC(450) ParOldGen: 1777598K(3934208K)->1855326K(3934208K)
[1911.267s][info][gc,metaspace   ] GC(450) Metaspace: 29112K(29504K)->29112K(29504K) NonClass: 24221K(24384K)->24221K(24384K) Class: 4891K(5120K)->4891K(5120K)
[1911.267s][info][gc             ] GC(450) Pause Young (Allocation Failure) 3593M->1914M(6071M) 73.434ms
[1911.267s][info][gc,cpu         ] GC(450) User=0.43s Sys=0.00s Real=0.07s
.........[1920.080s][info][gc,start       ] GC(451) Pause Young (Allocation Failure)
[1920.156s][info][gc,heap        ] GC(451) PSYoungGen: 1902304K(2282496K)->105952K(2297856K) Eden: 1797632K(1797632K)->0K(1838080K) From: 104672K(484864K)->105952K(459776K)
[1920.156s][info][gc,heap        ] GC(451) ParOldGen: 1855326K(3934208K)->1934038K(3934208K)
[1920.156s][info][gc,metaspace   ] GC(451) Metaspace: 29112K(29504K)->29112K(29504K) NonClass: 24221K(24384K)->24221K(24384K) Class: 4891K(5120K)->4891K(5120K)
[1920.156s][info][gc             ] GC(451) Pause Young (Allocation Failure) 3669M->1992M(6086M) 75.607ms
[1920.156s][info][gc,cpu         ] GC(451) User=0.45s Sys=0.00s Real=0.08s
.........[1929.172s][info][gc,start       ] GC(452) Pause Young (Allocation Failure)
[1929.248s][info][gc,heap        ] GC(452) PSYoungGen: 1944032K(2297856K)->109280K(2297344K) Eden: 1838080K(1838080K)->0K(1838080K) From: 105952K(459776K)->109280K(459264K)
[1929.248s][info][gc,heap        ] GC(452) ParOldGen: 1934038K(3934208K)->2011206K(3934208K)
[1929.248s][info][gc,metaspace   ] GC(452) Metaspace: 29115K(29504K)->29115K(29504K) NonClass: 24223K(24384K)->24223K(24384K) Class: 4891K(5120K)->4891K(5120K)
[1929.248s][info][gc             ] GC(452) Pause Young (Allocation Failure) 3787M->2070M(6085M) 75.388ms
[1929.248s][info][gc,cpu         ] GC(452) User=0.44s Sys=0.00s Real=0.08s
.........[1938.279s][info][gc,start       ] GC(453) Pause Young (Allocation Failure)
[1938.358s][info][gc,heap        ] GC(453) PSYoungGen: 1947360K(2297344K)->112100K(2320896K) Eden: 1838080K(1838080K)->0K(1892864K) From: 109280K(459264K)->112100K(428032K)
[1938.358s][info][gc,heap        ] GC(453) ParOldGen: 2011206K(3934208K)->2090646K(3934208K)
[1938.358s][info][gc,metaspace   ] GC(453) Metaspace: 29115K(29504K)->29115K(29504K) NonClass: 24223K(24384K)->24223K(24384K) Class: 4891K(5120K)->4891K(5120K)
[1938.358s][info][gc             ] GC(453) Pause Young (Allocation Failure) 3865M->2151M(6108M) 79.420ms
[1938.359s][info][gc,cpu         ] GC(453) User=0.46s Sys=0.00s Real=0.08s
..........[1947.656s][info][gc,start       ] GC(454) Pause Young (Allocation Failure)
[1947.733s][info][gc,heap        ] GC(454) PSYoungGen: 2004964K(2320896K)->110208K(2320896K) Eden: 1892864K(1892864K)->0K(1892864K) From: 112100K(428032K)->110208K(428032K)
[1947.733s][info][gc,heap        ] GC(454) ParOldGen: 2090646K(3934208K)->2169238K(3934208K)
[1947.733s][info][gc,metaspace   ] GC(454) Metaspace: 29115K(29504K)->29115K(29504K) NonClass: 24223K(24384K)->24223K(24384K) Class: 4891K(5120K)->4891K(5120K)
[1947.733s][info][gc             ] GC(454) Pause Young (Allocation Failure) 3999M->2226M(6108M) 77.393ms
[1947.733s][info][gc,cpu         ] GC(454) User=0.46s Sys=0.00s Real=0.07s
.........[1956.909s][info][gc,start       ] GC(455) Pause Young (Allocation Failure)
[1956.986s][info][gc,heap        ] GC(455) PSYoungGen: 2003072K(2320896K)->110336K(2352128K) Eden: 1892864K(1892864K)->0K(1955840K) From: 110208K(428032K)->110336K(396288K)
[1956.986s][info][gc,heap        ] GC(455) ParOldGen: 2169238K(3934208K)->2249654K(3934208K)
[1956.986s][info][gc,metaspace   ] GC(455) Metaspace: 29115K(29504K)->29115K(29504K) NonClass: 24223K(24384K)->24223K(24384K) Class: 4891K(5120K)->4891K(5120K)
[1956.986s][info][gc             ] GC(455) Pause Young (Allocation Failure) 4074M->2304M(6139M) 77.662ms
[1956.986s][info][gc,cpu         ] GC(455) User=0.45s Sys=0.00s Real=0.08s
. (rIR:aIR:PR = 1660:1660:1660) (tPR = 24609) [OK] 
  1957s: Performance info:
         Transaction,    Success,    Partial,     Failed,   Receipts, AvgBarcode, 
             Overall,      99625,          0,          0,      94641,      59.48, 
         Response times:
             Request,    Success,    Partial,     Failed,   SkipFail,     Probes,    Samples,      min,      p50,      p90,      p95,      p99,      max, 
       TotalPurchase,      94641,          0,          0,          0,      91820,     105522,      300,     1500,     2200,     2400,     3600,    84000,
     InStorePurchase,      49799,          0,          0,          0,      48459,      55444,      300,     1400,     2100,     2300,     3400,    81000,
      OnlinePurchase,      34875,          0,          0,          0,      33900,      39144,      300,     1500,     2200,     2400,     3800,    84000,
        InstPurchase,       9967,          0,          0,          0,       9461,      10934,      300,     1700,     2300,     2500,     3865,    81000,
          AssocOfCat,        101,          0,          0,          0,         97,        113,    14800,    19400,    23000,    24300,    28440,    29000,
      AssocOfProduct,        997,          0,          0,          0,        880,       1126,      500,     1700,     2200,     2300,     4473,    78000,
      BusinessReport,        250,          0,          0,          0,        193,        304,    17900,    24000,    30000,    31750,    74450,   107000,
          CustBuyBeh,        994,          0,          0,          0,        864,       1099,      200,      700,     1300,     1500,     2300,     3800,
       ProductReturn,       2642,          0,          0,          0,       2455,       2976,      200,     1000,     2000,     2200,     3323,     8400,

  1957s: (13%)   IR =   1799 .....|...[1965.942s][info][gc,start       ] GC(456) Pause Young (Allocation Failure)
[1966.023s][info][gc,heap        ] GC(456) PSYoungGen: 2066176K(2352128K)->114272K(2352128K) Eden: 1955840K(1955840K)->0K(1955840K) From: 110336K(396288K)->114272K(396288K)
[1966.023s][info][gc,heap        ] GC(456) ParOldGen: 2249654K(3934208K)->2328726K(3934208K)
[1966.023s][info][gc,metaspace   ] GC(456) Metaspace: 29117K(29504K)->29117K(29504K) NonClass: 24225K(24384K)->24225K(24384K) Class: 4891K(5120K)->4891K(5120K)
[1966.023s][info][gc             ] GC(456) Pause Young (Allocation Failure) 4214M->2385M(6139M) 80.782ms
[1966.023s][info][gc,cpu         ] GC(456) User=0.47s Sys=0.00s Real=0.09s
.........[1974.857s][info][gc,start       ] GC(457) Pause Young (Allocation Failure)
[1974.936s][info][gc,heap        ] GC(457) PSYoungGen: 2070112K(2352128K)->113920K(2383872K) Eden: 1955840K(1955840K)->0K(2019328K) From: 114272K(396288K)->113920K(364544K)
[1974.936s][info][gc,heap        ] GC(457) ParOldGen: 2328726K(3934208K)->2411062K(3934208K)
[1974.936s][info][gc,metaspace   ] GC(457) Metaspace: 29117K(29504K)->29117K(29504K) NonClass: 24225K(24384K)->24225K(24384K) Class: 4891K(5120K)->4891K(5120K)
[1974.936s][info][gc             ] GC(457) Pause Young (Allocation Failure) 4295M->2465M(6170M) 78.964ms
[1974.936s][info][gc,cpu         ] GC(457) User=0.47s Sys=0.00s Real=0.08s
.........[1984.133s][info][gc,start       ] GC(458) Pause Young (Allocation Failure)
[1984.213s][info][gc,heap        ] GC(458) PSYoungGen: 2133248K(2383872K)->117632K(2383360K) Eden: 2019328K(2019328K)->0K(2019328K) From: 113920K(364544K)->117632K(364032K)
[1984.213s][info][gc,heap        ] GC(458) ParOldGen: 2411062K(3934208K)->2491678K(3934208K)
[1984.213s][info][gc,metaspace   ] GC(458) Metaspace: 29117K(29504K)->29117K(29504K) NonClass: 24225K(24384K)->24225K(24384K) Class: 4891K(5120K)->4891K(5120K)
[1984.213s][info][gc             ] GC(458) Pause Young (Allocation Failure) 4437M->2548M(6169M) 80.718ms
[1984.213s][info][gc,cpu         ] GC(458) User=0.48s Sys=0.00s Real=0.09s
.........[1993.170s][info][gc,start       ] GC(459) Pause Young (Allocation Failure)
[1993.253s][info][gc,heap        ] GC(459) PSYoungGen: 2136960K(2383360K)->115904K(2417152K) Eden: 2019328K(2019328K)->0K(2082304K) From: 117632K(364032K)->115904K(334848K)
[1993.253s][info][gc,heap        ] GC(459) ParOldGen: 2491678K(3934208K)->2576086K(3934208K)
[1993.253s][info][gc,metaspace   ] GC(459) Metaspace: 29117K(29504K)->29117K(29504K) NonClass: 24225K(24384K)->24225K(24384K) Class: 4891K(5120K)->4891K(5120K)
[1993.253s][info][gc             ] GC(459) Pause Young (Allocation Failure) 4520M->2628M(6202M) 83.474ms
[1993.253s][info][gc,cpu         ] GC(459) User=0.48s Sys=0.00s Real=0.09s
..........[2002.772s][info][gc,start       ] GC(460) Pause Young (Allocation Failure)
[2002.855s][info][gc,heap        ] GC(460) PSYoungGen: 2198208K(2417152K)->120864K(2415616K) Eden: 2082304K(2082304K)->0K(2082304K) From: 115904K(334848K)->120864K(333312K)
[2002.856s][info][gc,heap        ] GC(460) ParOldGen: 2576086K(3934208K)->2657358K(3934208K)
[2002.856s][info][gc,metaspace   ] GC(460) Metaspace: 29117K(29504K)->29117K(29504K) NonClass: 24225K(24384K)->24225K(24384K) Class: 4891K(5120K)->4891K(5120K)
[2002.856s][info][gc             ] GC(460) Pause Young (Allocation Failure) 4662M->2713M(6201M) 83.663ms
[2002.856s][info][gc,cpu         ] GC(460) User=0.49s Sys=0.01s Real=0.09s
.........[2012.214s][info][gc,start       ] GC(461) Pause Young (Allocation Failure)
[2012.302s][info][gc,heap        ] GC(461) PSYoungGen: 2203168K(2415616K)->123520K(2448384K) Eden: 2082304K(2082304K)->0K(2142208K) From: 120864K(333312K)->123520K(306176K)
[2012.302s][info][gc,heap        ] GC(461) ParOldGen: 2657358K(3934208K)->2742766K(3934208K)
[2012.302s][info][gc,metaspace   ] GC(461) Metaspace: 29117K(29504K)->29117K(29504K) NonClass: 24225K(24384K)->24225K(24384K) Class: 4891K(5120K)->4891K(5120K)
[2012.302s][info][gc             ] GC(461) Pause Young (Allocation Failure) 4746M->2799M(6233M) 88.596ms
[2012.302s][info][gc,cpu         ] GC(461) User=0.52s Sys=0.00s Real=0.08s
..........[2022.142s][info][gc,start       ] GC(462) Pause Young (Allocation Failure)
[2022.230s][info][gc,heap        ] GC(462) PSYoungGen: 2265728K(2448384K)->124288K(2445824K) Eden: 2142208K(2142208K)->0K(2142208K) From: 123520K(306176K)->124288K(303616K)
[2022.230s][info][gc,heap        ] GC(462) ParOldGen: 2742766K(3934208K)->2831190K(3934208K)
[2022.230s][info][gc,metaspace   ] GC(462) Metaspace: 29117K(29504K)->29117K(29504K) NonClass: 24225K(24384K)->24225K(24384K) Class: 4891K(5120K)->4891K(5120K)
[2022.230s][info][gc             ] GC(462) Pause Young (Allocation Failure) 4891M->2886M(6230M) 88.614ms
[2022.230s][info][gc,cpu         ] GC(462) User=0.52s Sys=0.00s Real=0.09s
. (rIR:aIR:PR = 1799:1798:1798) (tPR = 26731) [OK] 
  2022s: Performance info:
         Transaction,    Success,    Partial,     Failed,   Receipts, AvgBarcode, 
             Overall,     107932,          0,          0,     102524,      59.47, 
         Response times:
             Request,    Success,    Partial,     Failed,   SkipFail,     Probes,    Samples,      min,      p50,      p90,      p95,      p99,      max, 
       TotalPurchase,     102523,          0,          0,          0,     100101,     109792,      300,     1500,     2300,     2500,     3300,    97000,
     InStorePurchase,      53977,          0,          0,          0,      52997,      58113,      300,     1500,     2300,     2500,     3300,    97000,
      OnlinePurchase,      37763,          0,          0,          0,      36828,      40239,      300,     1500,     2300,     2500,     3300,    93000,
        InstPurchase,      10783,          0,          0,          0,      10276,      11440,      400,     1700,     2400,     2600,     3700,    92000,
          AssocOfCat,        109,          0,          0,          0,        104,        117,    16100,    19700,    24200,    26100,    35640,    36000,
      AssocOfProduct,       1085,          0,          0,          0,        942,       1148,      600,     2200,     2700,     2900,     4151,    83000,
      BusinessReport,        270,          0,          0,          0,        223,        321,    17700,    25000,    30000,    31900,    39000,    47000,
          CustBuyBeh,       1080,          0,          0,          0,        929,       1115,      300,     1000,     1600,     1800,     2384,     4600,
       ProductReturn,       2864,          0,          0,          0,       2579,       2985,      200,     1800,     2300,     2500,     3714,    83000,

  2022s: (14%)   IR =   1937 ......|..[2031.267s][info][gc,start       ] GC(463) Pause Young (Allocation Failure)
[2031.353s][info][gc,heap        ] GC(463) PSYoungGen: 2266496K(2445824K)->121728K(2480128K) Eden: 2142208K(2142208K)->0K(2198528K) From: 124288K(303616K)->121728K(281600K)
[2031.353s][info][gc,heap        ] GC(463) ParOldGen: 2831190K(3934208K)->2918214K(3934208K)
[2031.353s][info][gc,metaspace   ] GC(463) Metaspace: 29117K(29504K)->29117K(29504K) NonClass: 24225K(24384K)->24225K(24384K) Class: 4891K(5120K)->4891K(5120K)
[2031.353s][info][gc             ] GC(463) Pause Young (Allocation Failure) 4978M->2968M(6264M) 86.005ms
[2031.353s][info][gc,cpu         ] GC(463) User=0.50s Sys=0.00s Real=0.08s
.........[2040.430s][info][gc,start       ] GC(464) Pause Young (Allocation Failure)
[2040.517s][info][gc,heap        ] GC(464) PSYoungGen: 2320256K(2480128K)->122912K(2476032K) Eden: 2198528K(2198528K)->0K(2198528K) From: 121728K(281600K)->122912K(277504K)
[2040.517s][info][gc,heap        ] GC(464) ParOldGen: 2918214K(3934208K)->3004934K(3934208K)
[2040.517s][info][gc,metaspace   ] GC(464) Metaspace: 29117K(29504K)->29117K(29504K) NonClass: 24225K(24384K)->24225K(24384K) Class: 4891K(5120K)->4891K(5120K)
[2040.517s][info][gc             ] GC(464) Pause Young (Allocation Failure) 5115M->3054M(6260M) 87.119ms
[2040.517s][info][gc,cpu         ] GC(464) User=0.52s Sys=0.00s Real=0.09s
..........[2049.915s][info][gc,start       ] GC(465) Pause Young (Allocation Failure)
[2050.002s][info][gc,heap        ] GC(465) PSYoungGen: 2321440K(2476032K)->126400K(2506752K) Eden: 2198528K(2198528K)->0K(2248704K) From: 122912K(277504K)->126400K(258048K)
[2050.002s][info][gc,heap        ] GC(465) ParOldGen: 3004934K(3934208K)->3089814K(3934208K)
[2050.002s][info][gc,metaspace   ] GC(465) Metaspace: 29117K(29504K)->29117K(29504K) NonClass: 24225K(24384K)->24225K(24384K) Class: 4891K(5120K)->4891K(5120K)
[2050.002s][info][gc             ] GC(465) Pause Young (Allocation Failure) 5201M->3140M(6290M) 86.862ms
[2050.002s][info][gc,cpu         ] GC(465) User=0.51s Sys=0.00s Real=0.08s
.........[2059.378s][info][gc,start       ] GC(466) Pause Young (Allocation Failure)
[2059.467s][info][gc,heap        ] GC(466) PSYoungGen: 2375104K(2506752K)->126176K(2502656K) Eden: 2248704K(2248704K)->0K(2248704K) From: 126400K(258048K)->126176K(253952K)
[2059.467s][info][gc,heap        ] GC(466) ParOldGen: 3089814K(3934208K)->3177374K(3934208K)
[2059.467s][info][gc,metaspace   ] GC(466) Metaspace: 29117K(29504K)->29117K(29504K) NonClass: 24225K(24384K)->24225K(24384K) Class: 4891K(5120K)->4891K(5120K)
[2059.467s][info][gc             ] GC(466) Pause Young (Allocation Failure) 5336M->3226M(6286M) 88.458ms
[2059.467s][info][gc,cpu         ] GC(466) User=0.52s Sys=0.00s Real=0.09s
..........[2068.811s][info][gc,start       ] GC(467) Pause Young (Allocation Failure)
[2068.900s][info][gc,heap        ] GC(467) PSYoungGen: 2374877K(2502656K)->126016K(2532352K) Eden: 2248701K(2248704K)->0K(2293760K) From: 126176K(253952K)->126016K(238592K)
[2068.900s][info][gc,heap        ] GC(467) ParOldGen: 3177374K(3934208K)->3264966K(3934208K)
[2068.900s][info][gc,metaspace   ] GC(467) Metaspace: 29117K(29504K)->29117K(29504K) NonClass: 24225K(24384K)->24225K(24384K) Class: 4891K(5120K)->4891K(5120K)
[2068.900s][info][gc             ] GC(467) Pause Young (Allocation Failure) 5422M->3311M(6315M) 89.239ms
[2068.901s][info][gc,cpu         ] GC(467) User=0.52s Sys=0.00s Real=0.09s
.........[2078.520s][info][gc,start       ] GC(468) Pause Young (Allocation Failure)
[2078.612s][info][gc,heap        ] GC(468) PSYoungGen: 2419776K(2532352K)->134501K(2527232K) Eden: 2293760K(2293760K)->0K(2293760K) From: 126016K(238592K)->134501K(233472K)
[2078.612s][info][gc,heap        ] GC(468) ParOldGen: 3264966K(3934208K)->3351446K(3934208K)
[2078.612s][info][gc,metaspace   ] GC(468) Metaspace: 29117K(29504K)->29117K(29504K) NonClass: 24225K(24384K)->24225K(24384K) Class: 4891K(5120K)->4891K(5120K)
[2078.612s][info][gc             ] GC(468) Pause Young (Allocation Failure) 5551M->3404M(6310M) 92.002ms
[2078.612s][info][gc,cpu         ] GC(468) User=0.54s Sys=0.00s Real=0.09s
..........[2088.392s][info][gc,start       ] GC(469) Pause Young (Allocation Failure)
[2088.484s][info][gc,heap        ] GC(469) PSYoungGen: 2428261K(2527232K)->135060K(2554368K) Eden: 2293760K(2293760K)->0K(2332160K) From: 134501K(233472K)->135060K(222208K)
[2088.484s][info][gc,heap        ] GC(469) ParOldGen: 3351446K(3934208K)->3440158K(3934208K)
[2088.484s][info][gc,metaspace   ] GC(469) Metaspace: 29117K(29504K)->29117K(29504K) NonClass: 24225K(24384K)->24225K(24384K) Class: 4891K(5120K)->4891K(5120K)
[2088.484s][info][gc             ] GC(469) Pause Young (Allocation Failure) 5644M->3491M(6336M) 91.970ms
[2088.484s][info][gc,cpu         ] GC(469) User=0.54s Sys=0.00s Real=0.10s
. (rIR:aIR:PR = 1937:1935:1935) (tPR = 28713) [OK] 
  2088s: Performance info:
         Transaction,    Success,    Partial,     Failed,   Receipts, AvgBarcode, 
             Overall,     116187,          0,          0,     110377,      59.47, 
         Response times:
             Request,    Success,    Partial,     Failed,   SkipFail,     Probes,    Samples,      min,      p50,      p90,      p95,      p99,      max, 
       TotalPurchase,     110377,          0,          0,          0,     107049,     119382,      300,     1600,     2500,     2700,     4300,   112000,
     InStorePurchase,      58048,          0,          0,          0,      56494,      62853,      300,     1700,     2500,     2700,     4400,   112000,
      OnlinePurchase,      40699,          0,          0,          0,      39459,      43956,      300,     1500,     2400,     2600,     4100,   106000,
        InstPurchase,      11630,          0,          0,          0,      11096,      12573,      400,     1800,     2600,     2800,     4400,    97000,
          AssocOfCat,        117,          0,          0,          0,        114,        126,    15900,    21000,    25000,    26000,    31000,    31000,
      AssocOfProduct,       1162,          0,          0,          0,       1028,       1277,      400,     1600,     2400,     2700,     4544,    96000,
      BusinessReport,        294,          0,          0,          0,        239,        321,    18300,    25000,    32000,    35000,   107000,   121000,
          CustBuyBeh,       1161,          0,          0,          0,       1018,       1263,      200,     1200,     1800,     2100,     3836,    91000,
       ProductReturn,       3076,          0,          0,          0,       2850,       3396,      500,     1700,     2400,     2600,     4300,   106000,

  2088s: (15%)   IR =   2076 ......|..[2097.402s][info][gc,start       ] GC(470) Pause Young (Allocation Failure)
[2097.492s][info][gc,heap        ] GC(470) PSYoungGen: 2467220K(2554368K)->128224K(2548224K) Eden: 2332160K(2332160K)->0K(2332160K) From: 135060K(222208K)->128224K(216064K)
[2097.492s][info][gc,heap        ] GC(470) ParOldGen: 3440158K(3934208K)->3530126K(3934208K)
[2097.492s][info][gc,metaspace   ] GC(470) Metaspace: 29119K(29504K)->29119K(29504K) NonClass: 24227K(24384K)->24227K(24384K) Class: 4891K(5120K)->4891K(5120K)
[2097.492s][info][gc             ] GC(470) Pause Young (Allocation Failure) 5768M->3572M(6330M) 90.455ms
[2097.492s][info][gc,cpu         ] GC(470) User=0.52s Sys=0.00s Real=0.09s
..[2099.612s][info][gc,start       ] GC(471) Pause Full (Diagnostic Command)
[2099.612s][info][gc,phases,start] GC(471) Marking Phase
[2099.890s][info][gc,phases      ] GC(471) Marking Phase 277.215ms
[2099.890s][info][gc,phases,start] GC(471) Summary Phase
[2099.890s][info][gc,phases      ] GC(471) Summary Phase 0.060ms
[2099.890s][info][gc,phases,start] GC(471) Forward
[2100.069s][info][gc,phases      ] GC(471) Forward 179.469ms
[2100.069s][info][gc,phases,start] GC(471) Adjust Pointers
[2100.263s][info][gc,phases      ] GC(471) Adjust Pointers 193.445ms
[2100.263s][info][gc,phases,start] GC(471) Compaction Phase
[2100.421s][info][gc,phases      ] GC(471) Compaction Phase 157.939ms
[2100.423s][info][gc,phases,start] GC(471) Post Compact
[2100.427s][info][gc,phases      ] GC(471) Post Compact 3.770ms
[2100.427s][info][gc,heap        ] GC(471) PSYoungGen: 706248K(2548224K)->0K(2548224K) Eden: 578024K(2332160K)->0K(2332160K) From: 128224K(216064K)->0K(216064K)
[2100.427s][info][gc,heap        ] GC(471) ParOldGen: 3530126K(3934208K)->1126529K(3934208K)
[2100.427s][info][gc,metaspace   ] GC(471) Metaspace: 29119K(29504K)->29119K(29504K) NonClass: 24227K(24384K)->24227K(24384K) Class: 4891K(5120K)->4891K(5120K)
[2100.427s][info][gc             ] GC(471) Pause Full (Diagnostic Command) 4137M->1100M(6330M) 814.668ms
[2100.427s][info][gc,cpu         ] GC(471) User=4.16s Sys=0.01s Real=0.82s
.........[2108.831s][info][gc,start       ] GC(472) Pause Young (Allocation Failure)
[2108.892s][info][gc,heap        ] GC(472) PSYoungGen: 2332160K(2548224K)->132672K(2572800K) Eden: 2332160K(2332160K)->0K(2364928K) From: 0K(216064K)->132672K(207872K)
[2108.892s][info][gc,heap        ] GC(472) ParOldGen: 1126529K(3934208K)->1126529K(3934208K)
[2108.892s][info][gc,metaspace   ] GC(472) Metaspace: 29119K(29504K)->29119K(29504K) NonClass: 24227K(24384K)->24227K(24384K) Class: 4891K(5120K)->4891K(5120K)
[2108.892s][info][gc             ] GC(472) Pause Young (Allocation Failure) 3377M->1229M(6354M) 60.460ms
[2108.892s][info][gc,cpu         ] GC(472) User=0.36s Sys=0.00s Real=0.06s
.........[2118.110s][info][gc,start       ] GC(473) Pause Young (Allocation Failure)
[2118.197s][info][gc,heap        ] GC(473) PSYoungGen: 2497600K(2572800K)->133248K(2566144K) Eden: 2364928K(2364928K)->0K(2364928K) From: 132672K(207872K)->133248K(201216K)
[2118.197s][info][gc,heap        ] GC(473) ParOldGen: 1126529K(3934208K)->1216537K(3934208K)
[2118.197s][info][gc,metaspace   ] GC(473) Metaspace: 29119K(29504K)->29119K(29504K) NonClass: 24227K(24384K)->24227K(24384K) Class: 4891K(5120K)->4891K(5120K)
[2118.197s][info][gc             ] GC(473) Pause Young (Allocation Failure) 3539M->1318M(6348M) 87.101ms
[2118.197s][info][gc,cpu         ] GC(473) User=0.52s Sys=0.00s Real=0.09s
..........[2127.695s][info][gc,start       ] GC(474) Pause Young (Allocation Failure)
[2127.784s][info][gc,heap        ] GC(474) PSYoungGen: 2498176K(2566144K)->135168K(2586624K) Eden: 2364928K(2364928K)->0K(2392064K) From: 133248K(201216K)->135168K(194560K)
[2127.784s][info][gc,heap        ] GC(474) ParOldGen: 1216537K(3934208K)->1305201K(3934208K)
[2127.784s][info][gc,metaspace   ] GC(474) Metaspace: 29119K(29504K)->29119K(29504K) NonClass: 24227K(24384K)->24227K(24384K) Class: 4891K(5120K)->4891K(5120K)
[2127.784s][info][gc             ] GC(474) Pause Young (Allocation Failure) 3627M->1406M(6368M) 89.128ms
[2127.784s][info][gc,cpu         ] GC(474) User=0.53s Sys=0.00s Real=0.09s
.........[2136.982s][info][gc,start       ] GC(475) Pause Young (Allocation Failure)
[2137.075s][info][gc,heap        ] GC(475) PSYoungGen: 2527232K(2586624K)->137988K(2581504K) Eden: 2392064K(2392064K)->0K(2392064K) From: 135168K(194560K)->137988K(189440K)
[2137.075s][info][gc,heap        ] GC(475) ParOldGen: 1305201K(3934208K)->1398113K(3934208K)
[2137.075s][info][gc,metaspace   ] GC(475) Metaspace: 29119K(29504K)->29119K(29504K) NonClass: 24227K(24384K)->24227K(24384K) Class: 4891K(5120K)->4891K(5120K)
[2137.075s][info][gc             ] GC(475) Pause Young (Allocation Failure) 3742M->1500M(6363M) 92.815ms
[2137.075s][info][gc,cpu         ] GC(475) User=0.55s Sys=0.00s Real=0.10s
.........[2146.441s][info][gc,start       ] GC(476) Pause Young (Allocation Failure)
[2146.534s][info][gc,heap        ] GC(476) PSYoungGen: 2530052K(2581504K)->136768K(2600960K) Eden: 2392064K(2392064K)->0K(2415616K) From: 137988K(189440K)->136768K(185344K)
[2146.534s][info][gc,heap        ] GC(476) ParOldGen: 1398113K(3934208K)->1487033K(3934208K)
[2146.534s][info][gc,metaspace   ] GC(476) Metaspace: 29119K(29504K)->29119K(29504K) NonClass: 24227K(24384K)->24227K(24384K) Class: 4891K(5120K)->4891K(5120K)
[2146.534s][info][gc             ] GC(476) Pause Young (Allocation Failure) 3836M->1585M(6382M) 92.390ms
[2146.534s][info][gc,cpu         ] GC(476) User=0.53s Sys=0.02s Real=0.10s
.......... (rIR:aIR:PR = 2076:2077:2077) (tPR = 30942) [OK] 
  2155s: Performance info:
         Transaction,    Success,    Partial,     Failed,   Receipts, AvgBarcode, 
             Overall,     126381,          0,          0,     120080,      59.47, 
         Response times:
             Request,    Success,    Partial,     Failed,   SkipFail,     Probes,    Samples,      min,      p50,      p90,      p95,      p99,      max, 
       TotalPurchase,     120080,          0,          0,          0,     117027,     129914,      300,     1700,     2600,     2900,    47000,   149000,
     InStorePurchase,      63174,          0,          0,          0,      61912,      68610,      300,     1700,     2600,     2900,    44000,   149000,
      OnlinePurchase,      44267,          0,          0,          0,      42963,      47513,      300,     1700,     2600,     2900,    52000,   149000,
        InstPurchase,      12639,          0,          0,          0,      12152,      13791,      400,     1700,     2600,     2900,    39000,   148000,
          AssocOfCat,        126,          0,          0,          0,         92,        139,    15000,    19400,    24000,    26000,    31600,    32000,
      AssocOfProduct,       1258,          0,          0,          0,       1099,       1423,      600,     2300,     2800,     3100,   120000,   131000,
      BusinessReport,        313,          0,          0,          0,        239,        353,    18600,    26000,    34000,    42000,   127460,   137000,
          CustBuyBeh,       1257,          0,          0,          0,       1098,       1365,      200,     1700,     2500,     2970,    54000,   123000,
       ProductReturn,       3346,          0,          0,          0,       3068,       3611,      200,     1500,     2300,     2600,    45000,   127000,

  2155s: (16%)   IR =   2214 [2155.974s][info][gc,start       ] GC(477) Pause Young (Allocation Failure)
[2156.064s][info][gc,heap        ] GC(477) PSYoungGen: 2552384K(2600960K)->135904K(2597376K) Eden: 2415616K(2415616K)->0K(2415616K) From: 136768K(185344K)->135904K(181760K)
[2156.064s][info][gc,heap        ] GC(477) ParOldGen: 1487033K(3934208K)->1577257K(3934208K)
[2156.064s][info][gc,metaspace   ] GC(477) Metaspace: 29122K(29504K)->29122K(29504K) NonClass: 24230K(24384K)->24230K(24384K) Class: 4891K(5120K)->4891K(5120K)
[2156.064s][info][gc             ] GC(477) Pause Young (Allocation Failure) 3944M->1673M(6378M) 89.880ms
[2156.064s][info][gc,cpu         ] GC(477) User=0.53s Sys=0.00s Real=0.09s
....|.....[2164.961s][info][gc,start       ] GC(478) Pause Young (Allocation Failure)
[2165.052s][info][gc,heap        ] GC(478) PSYoungGen: 2551520K(2597376K)->136416K(2610176K) Eden: 2415616K(2415616K)->0K(2432512K) From: 135904K(181760K)->136416K(177664K)
[2165.052s][info][gc,heap        ] GC(478) ParOldGen: 1577257K(3934208K)->1668793K(3934208K)
[2165.052s][info][gc,metaspace   ] GC(478) Metaspace: 29122K(29504K)->29122K(29504K) NonClass: 24230K(24384K)->24230K(24384K) Class: 4891K(5120K)->4891K(5120K)
[2165.052s][info][gc             ] GC(478) Pause Young (Allocation Failure) 4032M->1762M(6391M) 91.339ms
[2165.052s][info][gc,cpu         ] GC(478) User=0.52s Sys=0.02s Real=0.09s
.........[2173.975s][info][gc,start       ] GC(479) Pause Young (Allocation Failure)
[2174.066s][info][gc,heap        ] GC(479) PSYoungGen: 2568928K(2610176K)->138752K(2606592K) Eden: 2432512K(2432512K)->0K(2432512K) From: 136416K(177664K)->138752K(174080K)
[2174.066s][info][gc,heap        ] GC(479) ParOldGen: 1668793K(3934208K)->1759777K(3934208K)
[2174.066s][info][gc,metaspace   ] GC(479) Metaspace: 29122K(29504K)->29122K(29504K) NonClass: 24230K(24384K)->24230K(24384K) Class: 4891K(5120K)->4891K(5120K)
[2174.066s][info][gc             ] GC(479) Pause Young (Allocation Failure) 4138M->1854M(6387M) 91.400ms
[2174.066s][info][gc,cpu         ] GC(479) User=0.54s Sys=0.00s Real=0.09s
.........[2182.943s][info][gc,start       ] GC(480) Pause Young (Allocation Failure)
[2183.040s][info][gc,heap        ] GC(480) PSYoungGen: 2571264K(2606592K)->140324K(2617856K) Eden: 2432512K(2432512K)->0K(2445824K) From: 138752K(174080K)->140324K(172032K)
[2183.040s][info][gc,heap        ] GC(480) ParOldGen: 1759777K(3934208K)->1852281K(3934208K)
[2183.040s][info][gc,metaspace   ] GC(480) Metaspace: 29122K(29504K)->29122K(29504K) NonClass: 24230K(24384K)->24230K(24384K) Class: 4891K(5120K)->4891K(5120K)
[2183.040s][info][gc             ] GC(480) Pause Young (Allocation Failure) 4229M->1945M(6398M) 97.098ms
[2183.040s][info][gc,cpu         ] GC(480) User=0.55s Sys=0.03s Real=0.10s
.........[2191.996s][info][gc,start       ] GC(481) Pause Young (Allocation Failure)
[2192.087s][info][gc,heap        ] GC(481) PSYoungGen: 2586148K(2617856K)->136512K(2616320K) Eden: 2445824K(2445824K)->0K(2445824K) From: 140324K(172032K)->136512K(170496K)
[2192.087s][info][gc,heap        ] GC(481) ParOldGen: 1852281K(3934208K)->1943521K(3934208K)
[2192.087s][info][gc,metaspace   ] GC(481) Metaspace: 29122K(29504K)->29122K(29504K) NonClass: 24230K(24384K)->24230K(24384K) Class: 4891K(5120K)->4891K(5120K)
[2192.087s][info][gc             ] GC(481) Pause Young (Allocation Failure) 4334M->2031M(6397M) 90.402ms
[2192.087s][info][gc,cpu         ] GC(481) User=0.53s Sys=0.00s Real=0.09s
.........[2201.044s][info][gc,start       ] GC(482) Pause Young (Allocation Failure)
[2201.135s][info][gc,heap        ] GC(482) PSYoungGen: 2582336K(2616320K)->137344K(2622976K) Eden: 2445824K(2445824K)->0K(2456064K) From: 136512K(170496K)->137344K(166912K)
[2201.136s][info][gc,heap        ] GC(482) ParOldGen: 1943521K(3934208K)->2035433K(3934208K)
[2201.136s][info][gc,metaspace   ] GC(482) Metaspace: 29122K(29504K)->29122K(29504K) NonClass: 24230K(24384K)->24230K(24384K) Class: 4891K(5120K)->4891K(5120K)
[2201.136s][info][gc             ] GC(482) Pause Young (Allocation Failure) 4419M->2121M(6403M) 91.177ms
[2201.136s][info][gc,cpu         ] GC(482) User=0.54s Sys=0.00s Real=0.09s
.........[2210.192s][info][gc,start       ] GC(483) Pause Young (Allocation Failure)
[2210.284s][info][gc,heap        ] GC(483) PSYoungGen: 2593408K(2622976K)->138656K(2620928K) Eden: 2456064K(2456064K)->0K(2456064K) From: 137344K(166912K)->138656K(164864K)
[2210.284s][info][gc,heap        ] GC(483) ParOldGen: 2035433K(3934208K)->2126641K(3934208K)
[2210.284s][info][gc,metaspace   ] GC(483) Metaspace: 29122K(29504K)->29122K(29504K) NonClass: 24230K(24384K)->24230K(24384K) Class: 4891K(5120K)->4891K(5120K)
[2210.284s][info][gc             ] GC(483) Pause Young (Allocation Failure) 4520M->2212M(6401M) 91.177ms
[2210.284s][info][gc,cpu         ] GC(483) User=0.55s Sys=0.00s Real=0.10s
.........[2219.079s][info][gc,start       ] GC(484) Pause Young (Allocation Failure)
[2219.171s][info][gc,heap        ] GC(484) PSYoungGen: 2594720K(2620928K)->135808K(2628096K) Eden: 2456064K(2456064K)->0K(2467328K) From: 138656K(164864K)->135808K(160768K)
[2219.171s][info][gc,heap        ] GC(484) ParOldGen: 2126641K(3934208K)->2218593K(3934208K)
[2219.171s][info][gc,metaspace   ] GC(484) Metaspace: 29122K(29504K)->29122K(29504K) NonClass: 24230K(24384K)->24230K(24384K) Class: 4891K(5120K)->4891K(5120K)
[2219.171s][info][gc             ] GC(484) Pause Young (Allocation Failure) 4610M->2299M(6408M) 92.228ms
[2219.171s][info][gc,cpu         ] GC(484) User=0.54s Sys=0.01s Real=0.09s
. (rIR:aIR:PR = 2214:2215:2215) (tPR = 32895) [OK] 
  2219s: Performance info:
         Transaction,    Success,    Partial,     Failed,   Receipts, AvgBarcode, 
             Overall,     132998,          0,          0,     126356,      59.48, 
         Response times:
             Request,    Success,    Partial,     Failed,   SkipFail,     Probes,    Samples,      min,      p50,      p90,      p95,      p99,      max, 
       TotalPurchase,     126354,          0,          0,          0,     123017,     132555,      300,     1800,     2800,     3000,     4900,   101000,
     InStorePurchase,      66494,          0,          0,          0,      64813,      69617,      300,     1800,     2800,     3100,     4900,   101000,
      OnlinePurchase,      46553,          0,          0,          0,      45400,      48900,      300,     1900,     2700,     3000,     5100,   100000,
        InstPurchase,      13307,          0,          0,          0,      12804,      14038,      400,     1400,     2600,     2900,     4000,   100000,
          AssocOfCat,        132,          0,          0,          0,         97,        133,    15400,    20000,    26000,    27900,    96820,   123000,
      AssocOfProduct,       1328,          0,          0,          0,       1202,       1419,      500,     2400,     3100,     3400,     7660,    95000,
      BusinessReport,        334,          0,          0,          0,        247,        331,    18400,    26000,    33000,    35400,   122040,   129000,
          CustBuyBeh,       1326,          0,          0,          0,       1160,       1353,      200,     1600,     2500,     2800,     4400,    10900,
       ProductReturn,       3522,          0,          0,          0,       3314,       3760,      200,     1800,     2800,     3100,     4678,    96000,

  2219s: (17%)   IR =   2352 ......|..[2227.805s][info][gc,start       ] GC(485) Pause Young (Allocation Failure)
[2227.898s][info][gc,heap        ] GC(485) PSYoungGen: 2603136K(2628096K)->138496K(2627584K) Eden: 2467328K(2467328K)->0K(2467328K) From: 135808K(160768K)->138496K(160256K)
[2227.898s][info][gc,heap        ] GC(485) ParOldGen: 2218593K(3934208K)->2308361K(3934208K)
[2227.898s][info][gc,metaspace   ] GC(485) Metaspace: 29122K(29504K)->29122K(29504K) NonClass: 24230K(24384K)->24230K(24384K) Class: 4891K(5120K)->4891K(5120K)
[2227.898s][info][gc             ] GC(485) Pause Young (Allocation Failure) 4708M->2389M(6408M) 93.263ms
[2227.898s][info][gc,cpu         ] GC(485) User=0.54s Sys=0.00s Real=0.09s
........[2236.374s][info][gc,start       ] GC(486) Pause Young (Allocation Failure)
[2236.466s][info][gc,heap        ] GC(486) PSYoungGen: 2605824K(2627584K)->136800K(2633216K) Eden: 2467328K(2467328K)->0K(2476544K) From: 138496K(160256K)->136800K(156672K)
[2236.466s][info][gc,heap        ] GC(486) ParOldGen: 2308361K(3934208K)->2401769K(3934208K)
[2236.466s][info][gc,metaspace   ] GC(486) Metaspace: 29122K(29504K)->29122K(29504K) NonClass: 24230K(24384K)->24230K(24384K) Class: 4891K(5120K)->4891K(5120K)
[2236.466s][info][gc             ] GC(486) Pause Young (Allocation Failure) 4799M->2479M(6413M) 92.061ms
[2236.466s][info][gc,cpu         ] GC(486) User=0.54s Sys=0.00s Real=0.09s
.........[2244.959s][info][gc,start       ] GC(487) Pause Young (Allocation Failure)
[2245.053s][info][gc,heap        ] GC(487) PSYoungGen: 2613344K(2633216K)->137984K(2633728K) Eden: 2476544K(2476544K)->0K(2476544K) From: 136800K(156672K)->137984K(157184K)
[2245.053s][info][gc,heap        ] GC(487) ParOldGen: 2401769K(3934208K)->2494089K(3934208K)
[2245.053s][info][gc,metaspace   ] GC(487) Metaspace: 29122K(29504K)->29122K(29504K) NonClass: 24230K(24384K)->24230K(24384K) Class: 4891K(5120K)->4891K(5120K)
[2245.053s][info][gc             ] GC(487) Pause Young (Allocation Failure) 4897M->2570M(6414M) 93.975ms
[2245.053s][info][gc,cpu         ] GC(487) User=0.55s Sys=0.00s Real=0.09s
.........[2253.666s][info][gc,start       ] GC(488) Pause Young (Allocation Failure)
[2253.760s][info][gc,heap        ] GC(488) PSYoungGen: 2614528K(2633728K)->138464K(2637824K) Eden: 2476544K(2476544K)->0K(2483200K) From: 137984K(157184K)->138464K(154624K)
[2253.760s][info][gc,heap        ] GC(488) ParOldGen: 2494089K(3934208K)->2584849K(3934208K)
[2253.760s][info][gc,metaspace   ] GC(488) Metaspace: 29122K(29504K)->29122K(29504K) NonClass: 24230K(24384K)->24230K(24384K) Class: 4891K(5120K)->4891K(5120K)
[2253.760s][info][gc             ] GC(488) Pause Young (Allocation Failure) 4988M->2659M(6418M) 93.328ms
[2253.760s][info][gc,cpu         ] GC(488) User=0.56s Sys=0.00s Real=0.09s
........[2262.332s][info][gc,start       ] GC(489) Pause Young (Allocation Failure)
[2262.426s][info][gc,heap        ] GC(489) PSYoungGen: 2621664K(2637824K)->138304K(2637824K) Eden: 2483200K(2483200K)->0K(2483200K) From: 138464K(154624K)->138304K(154624K)
[2262.426s][info][gc,heap        ] GC(489) ParOldGen: 2584849K(3934208K)->2676681K(3934208K)
[2262.426s][info][gc,metaspace   ] GC(489) Metaspace: 29122K(29504K)->29122K(29504K) NonClass: 24230K(24384K)->24230K(24384K) Class: 4891K(5120K)->4891K(5120K)
[2262.426s][info][gc             ] GC(489) Pause Young (Allocation Failure) 5084M->2749M(6418M) 94.480ms
[2262.426s][info][gc,cpu         ] GC(489) User=0.56s Sys=0.00s Real=0.10s
.........[2270.940s][info][gc,start       ] GC(490) Pause Young (Allocation Failure)
[2271.034s][info][gc,heap        ] GC(490) PSYoungGen: 2621504K(2637824K)->139296K(2640384K) Eden: 2483200K(2483200K)->0K(2487808K) From: 138304K(154624K)->139296K(152576K)
[2271.034s][info][gc,heap        ] GC(490) ParOldGen: 2676681K(3934208K)->2769137K(3934208K)
[2271.034s][info][gc,metaspace   ] GC(490) Metaspace: 29122K(29504K)->29122K(29504K) NonClass: 24230K(24384K)->24230K(24384K) Class: 4891K(5120K)->4891K(5120K)
[2271.034s][info][gc             ] GC(490) Pause Young (Allocation Failure) 5174M->2840M(6420M) 94.295ms
[2271.034s][info][gc,cpu         ] GC(490) User=0.55s Sys=0.00s Real=0.10s
........[2279.629s][info][gc,start       ] GC(491) Pause Young (Allocation Failure)
[2279.723s][info][gc,heap        ] GC(491) PSYoungGen: 2627104K(2640384K)->138816K(2640384K) Eden: 2487808K(2487808K)->0K(2487808K) From: 139296K(152576K)->138816K(152576K)
[2279.723s][info][gc,heap        ] GC(491) ParOldGen: 2769137K(3934208K)->2861601K(3934208K)
[2279.723s][info][gc,metaspace   ] GC(491) Metaspace: 29122K(29504K)->29122K(29504K) NonClass: 24230K(24384K)->24230K(24384K) Class: 4891K(5120K)->4891K(5120K)
[2279.723s][info][gc             ] GC(491) Pause Young (Allocation Failure) 5269M->2930M(6420M) 93.746ms
[2279.723s][info][gc,cpu         ] GC(491) User=0.55s Sys=0.00s Real=0.09s
....... (rIR:aIR:PR = 2352:2350:2350) (tPR = 34852) [OK] 
  2285s: Performance info:
         Transaction,    Success,    Partial,     Failed,   Receipts, AvgBarcode, 
             Overall,     141289,          0,          0,     134204,      59.47, 
         Response times:
             Request,    Success,    Partial,     Failed,   SkipFail,     Probes,    Samples,      min,      p50,      p90,      p95,      p99,      max, 
       TotalPurchase,     134204,          0,          0,          0,     131184,     144930,      300,     1900,     2900,     3200,     5700,   115000,
     InStorePurchase,      70614,          0,          0,          0,      69507,      76530,      300,     2000,     2900,     3200,     5800,   115000,
      OnlinePurchase,      49469,          0,          0,          0,      48105,      53189,      300,     1700,     2800,     3100,     5700,   115000,
        InstPurchase,      14121,          0,          0,          0,      13572,      15211,      400,     1800,     2900,     3200,     5000,   108000,
          AssocOfCat,        141,          0,          0,          0,        107,        155,    16200,    21000,    26000,    28000,    38320,    40000,
      AssocOfProduct,       1415,          0,          0,          0,       1244,       1501,      600,     2400,     3200,     3500,    10892,    99000,
      BusinessReport,        354,          0,          0,          0,        270,        388,    18800,    26000,    33000,    36000,    47000,   121000,
          CustBuyBeh,       1414,          0,          0,          0,       1269,       1552,      200,     1600,     2300,     2600,     6740,   102000,
       ProductReturn,       3761,          0,          0,          0,       3504,       4023,      200,     2200,     2900,     3300,     6400,    98000,

  2285s: (18%)   IR =   2491 ..[2288.137s][info][gc,start       ] GC(492) Pause Young (Allocation Failure)
[2288.231s][info][gc,heap        ] GC(492) PSYoungGen: 2626624K(2640384K)->139072K(2642944K) Eden: 2487808K(2487808K)->0K(2491392K) From: 138816K(152576K)->139072K(151552K)
[2288.231s][info][gc,heap        ] GC(492) ParOldGen: 2861601K(3934208K)->2955273K(3934208K)
[2288.231s][info][gc,metaspace   ] GC(492) Metaspace: 29122K(29504K)->29122K(29504K) NonClass: 24230K(24384K)->24230K(24384K) Class: 4891K(5120K)->4891K(5120K)
[2288.232s][info][gc             ] GC(492) Pause Young (Allocation Failure) 5359M->3021M(6423M) 94.018ms
[2288.232s][info][gc,cpu         ] GC(492) User=0.55s Sys=0.01s Real=0.09s
......|..[2296.245s][info][gc,start       ] GC(493) Pause Young (Allocation Failure)
[2296.337s][info][gc,heap        ] GC(493) PSYoungGen: 2630464K(2642944K)->136352K(2642432K) Eden: 2491392K(2491392K)->0K(2491392K) From: 139072K(151552K)->136352K(151040K)
[2296.338s][info][gc,heap        ] GC(493) ParOldGen: 2955273K(3934208K)->3047569K(3934208K)
[2296.338s][info][gc,metaspace   ] GC(493) Metaspace: 29122K(29504K)->29122K(29504K) NonClass: 24230K(24384K)->24230K(24384K) Class: 4891K(5120K)->4891K(5120K)
[2296.338s][info][gc             ] GC(493) Pause Young (Allocation Failure) 5454M->3109M(6422M) 92.358ms
[2296.338s][info][gc,cpu         ] GC(493) User=0.54s Sys=0.00s Real=0.09s
........[2304.550s][info][gc,start       ] GC(494) Pause Young (Allocation Failure)
[2304.645s][info][gc,heap        ] GC(494) PSYoungGen: 2627744K(2642432K)->138720K(2643968K) Eden: 2491392K(2491392K)->0K(2494464K) From: 136352K(151040K)->138720K(149504K)
[2304.645s][info][gc,heap        ] GC(494) ParOldGen: 3047569K(3934208K)->3138969K(3934208K)
[2304.645s][info][gc,metaspace   ] GC(494) Metaspace: 29122K(29504K)->29122K(29504K) NonClass: 24230K(24384K)->24230K(24384K) Class: 4891K(5120K)->4891K(5120K)
[2304.645s][info][gc             ] GC(494) Pause Young (Allocation Failure) 5542M->3200M(6424M) 95.147ms
[2304.645s][info][gc,cpu         ] GC(494) User=0.56s Sys=0.00s Real=0.10s
........[2312.738s][info][gc,start       ] GC(495) Pause Young (Allocation Failure)
[2312.833s][info][gc,heap        ] GC(495) PSYoungGen: 2633184K(2643968K)->138816K(2643456K) Eden: 2494464K(2494464K)->0K(2494464K) From: 138720K(149504K)->138816K(148992K)
[2312.833s][info][gc,heap        ] GC(495) ParOldGen: 3138969K(3934208K)->3230945K(3934208K)
[2312.833s][info][gc,metaspace   ] GC(495) Metaspace: 29122K(29504K)->29122K(29504K) NonClass: 24230K(24384K)->24230K(24384K) Class: 4891K(5120K)->4891K(5120K)
[2312.833s][info][gc             ] GC(495) Pause Young (Allocation Failure) 5636M->3290M(6423M) 95.168ms
[2312.833s][info][gc,cpu         ] GC(495) User=0.56s Sys=0.00s Real=0.10s
.........[2320.988s][info][gc,start       ] GC(496) Pause Young (Allocation Failure)
[2321.081s][info][gc,heap        ] GC(496) PSYoungGen: 2633280K(2643456K)->139488K(2646528K) Eden: 2494464K(2494464K)->0K(2498048K) From: 138816K(148992K)->139488K(148480K)
[2321.081s][info][gc,heap        ] GC(496) ParOldGen: 3230945K(3934208K)->3323033K(3934208K)
[2321.081s][info][gc,metaspace   ] GC(496) Metaspace: 29122K(29504K)->29122K(29504K) NonClass: 24230K(24384K)->24230K(24384K) Class: 4891K(5120K)->4891K(5120K)
[2321.081s][info][gc             ] GC(496) Pause Young (Allocation Failure) 5726M->3381M(6426M) 93.168ms
[2321.081s][info][gc,cpu         ] GC(496) User=0.55s Sys=0.00s Real=0.09s
........[2329.154s][info][gc,start       ] GC(497) Pause Young (Allocation Failure)
[2329.249s][info][gc,heap        ] GC(497) PSYoungGen: 2637536K(2646528K)->139456K(2646016K) Eden: 2498048K(2498048K)->0K(2498048K) From: 139488K(148480K)->139456K(147968K)
[2329.249s][info][gc,heap        ] GC(497) ParOldGen: 3323033K(3934208K)->3416305K(3934208K)
[2329.249s][info][gc,metaspace   ] GC(497) Metaspace: 29122K(29504K)->29122K(29504K) NonClass: 24230K(24384K)->24230K(24384K) Class: 4891K(5120K)->4891K(5120K)
[2329.249s][info][gc             ] GC(497) Pause Young (Allocation Failure) 5820M->3472M(6426M) 94.998ms
[2329.249s][info][gc,cpu         ] GC(497) User=0.56s Sys=0.00s Real=0.09s
........[2337.340s][info][gc,start       ] GC(498) Pause Young (Allocation Failure)
[2337.435s][info][gc,heap        ] GC(498) PSYoungGen: 2637504K(2646016K)->137888K(2646528K) Eden: 2498048K(2498048K)->0K(2500096K) From: 139456K(147968K)->137888K(146432K)
[2337.435s][info][gc,heap        ] GC(498) ParOldGen: 3416305K(3934208K)->3507953K(3934208K)
[2337.435s][info][gc,metaspace   ] GC(498) Metaspace: 29122K(29504K)->29122K(29504K) NonClass: 24230K(24384K)->24230K(24384K) Class: 4891K(5120K)->4891K(5120K)
[2337.435s][info][gc             ] GC(498) Pause Young (Allocation Failure) 5911M->3560M(6426M) 94.612ms
[2337.435s][info][gc,cpu         ] GC(498) User=0.55s Sys=0.00s Real=0.10s
........[2345.526s][info][gc,start       ] GC(499) Pause Young (Allocation Failure)
[2345.623s][info][gc,heap        ] GC(499) PSYoungGen: 2637984K(2646528K)->138784K(2647040K) Eden: 2500096K(2500096K)->0K(2500096K) From: 137888K(146432K)->138784K(146944K)
[2345.623s][info][gc,heap        ] GC(499) ParOldGen: 3507953K(3934208K)->3600241K(3934208K)
[2345.623s][info][gc,metaspace   ] GC(499) Metaspace: 29125K(29504K)->29125K(29504K) NonClass: 24233K(24384K)->24233K(24384K) Class: 4891K(5120K)->4891K(5120K)
[2345.623s][info][gc             ] GC(499) Pause Young (Allocation Failure) 6001M->3651M(6427M) 97.191ms
[2345.623s][info][gc,cpu         ] GC(499) User=0.58s Sys=0.00s Real=0.09s
........[2353.798s][info][gc,start       ] GC(500) Pause Young (Allocation Failure)
[2353.894s][info][gc,heap        ] GC(500) PSYoungGen: 2638880K(2647040K)->139744K(2648064K) Eden: 2500096K(2500096K)->0K(2502656K) From: 138784K(146944K)->139744K(145408K)
[2353.894s][info][gc,heap        ] GC(500) ParOldGen: 3600241K(3934208K)->3692209K(3934208K)
[2353.894s][info][gc,metaspace   ] GC(500) Metaspace: 29125K(29504K)->29125K(29504K) NonClass: 24233K(24384K)->24233K(24384K) Class: 4891K(5120K)->4891K(5120K)
[2353.894s][info][gc             ] GC(500) Pause Young (Allocation Failure) 6092M->3742M(6428M) 96.753ms
[2353.894s][info][gc,cpu         ] GC(500) User=0.55s Sys=0.01s Real=0.10s
. (rIR:aIR:PR = 2491:2486:2486) (tPR = 37148) [OK] 
  2353s: Performance info:
         Transaction,    Success,    Partial,     Failed,   Receipts, AvgBarcode, 
             Overall,     149534,          0,          0,     142059,      59.47, 
         Response times:
             Request,    Success,    Partial,     Failed,   SkipFail,     Probes,    Samples,      min,      p50,      p90,      p95,      p99,      max, 
       TotalPurchase,     142057,          0,          0,          0,     138771,     158400,      300,     2000,     3000,     3300,     6100,   118000,
     InStorePurchase,      74739,          0,          0,          0,      73138,      83282,      300,     2000,     3000,     3300,     6117,   118000,
      OnlinePurchase,      52354,          0,          0,          0,      51243,      58486,      300,     1900,     3000,     3300,     5813,   118000,
        InstPurchase,      14964,          0,          0,          0,      14390,      16632,      400,     2100,     3100,     3400,     7100,   117000,
          AssocOfCat,        150,          0,          0,          0,        114,        179,    16800,    22000,    27000,    29000,    53200,   130000,
      AssocOfProduct,       1489,          0,          0,          0,       1342,       1673,      500,     2800,     3600,     3900,    15326,   118000,
      BusinessReport,        370,          0,          0,          0,        327,        460,    18300,    27000,    33000,    36000,    42780,    47000,
          CustBuyBeh,       1501,          0,          0,          0,       1345,       1685,      200,     1600,     2600,     2900,    10500,    99000,
       ProductReturn,       3964,          0,          0,          0,       3676,       4468,      200,     1800,     2900,     3100,     4731,   100000,

  2353s: (19%)   IR =   2629 ....|...[2361.527s][info][gc,start       ] GC(501) Pause Young (Allocation Failure)
[2361.620s][info][gc,heap        ] GC(501) PSYoungGen: 2642400K(2648064K)->137056K(2648576K) Eden: 2502656K(2502656K)->0K(2502656K) From: 139744K(145408K)->137056K(145920K)
[2361.621s][info][gc,heap        ] GC(501) ParOldGen: 3692209K(3934208K)->3785577K(3934208K)
[2361.621s][info][gc,metaspace   ] GC(501) Metaspace: 29125K(29504K)->29125K(29504K) NonClass: 24233K(24384K)->24233K(24384K) Class: 4891K(5120K)->4891K(5120K)
[2361.621s][info][gc             ] GC(501) Pause Young (Allocation Failure) 6186M->3830M(6428M) 93.979ms
[2361.621s][info][gc,cpu         ] GC(501) User=0.55s Sys=0.00s Real=0.09s
........[2369.311s][info][gc,start       ] GC(502) Pause Young (Allocation Failure)
[2369.405s][info][gc,heap        ] GC(502) PSYoungGen: 2639712K(2648576K)->137728K(2649088K) Eden: 2502656K(2502656K)->0K(2504704K) From: 137056K(145920K)->137728K(144384K)
[2369.405s][info][gc,heap        ] GC(502) ParOldGen: 3785577K(3934208K)->3877273K(3934208K)
[2369.405s][info][gc,metaspace   ] GC(502) Metaspace: 29125K(29504K)->29125K(29504K) NonClass: 24233K(24384K)->24233K(24384K) Class: 4891K(5120K)->4891K(5120K)
[2369.405s][info][gc             ] GC(502) Pause Young (Allocation Failure) 6274M->3920M(6429M) 94.503ms
[2369.406s][info][gc,cpu         ] GC(502) User=0.55s Sys=0.00s Real=0.10s
........[2377.020s][info][gc,start       ] GC(503) Pause Young (Allocation Failure)
[2377.117s][info][gc,heap        ] GC(503) PSYoungGen: 2642432K(2649088K)->140256K(2649600K) Eden: 2504704K(2504704K)->0K(2504704K) From: 137728K(144384K)->140256K(144896K)
[2377.117s][info][gc,heap        ] GC(503) ParOldGen: 3877273K(3934208K)->3969633K(3970048K)
[2377.117s][info][gc,metaspace   ] GC(503) Metaspace: 29125K(29504K)->29125K(29504K) NonClass: 24233K(24384K)->24233K(24384K) Class: 4891K(5120K)->4891K(5120K)
[2377.117s][info][gc             ] GC(503) Pause Young (Allocation Failure) 6366M->4013M(6464M) 97.072ms
[2377.117s][info][gc,cpu         ] GC(503) User=0.57s Sys=0.01s Real=0.10s
.......[2384.808s][info][gc,start       ] GC(504) Pause Young (Allocation Failure)
[2384.906s][info][gc,heap        ] GC(504) PSYoungGen: 2644960K(2649600K)->138848K(2650112K) Eden: 2504704K(2504704K)->0K(2506240K) From: 140256K(144896K)->138848K(143872K)
[2384.906s][info][gc,heap        ] GC(504) ParOldGen: 3969633K(3970048K)->4062273K(4062720K)
[2384.906s][info][gc,metaspace   ] GC(504) Metaspace: 29125K(29504K)->29125K(29504K) NonClass: 24233K(24384K)->24233K(24384K) Class: 4891K(5120K)->4891K(5120K)
[2384.906s][info][gc             ] GC(504) Pause Young (Allocation Failure) 6459M->4102M(6555M) 98.727ms
[2384.907s][info][gc,cpu         ] GC(504) User=0.55s Sys=0.03s Real=0.10s
........[2392.700s][info][gc,start       ] GC(505) Pause Young (Allocation Failure)
[2392.799s][info][gc,heap        ] GC(505) PSYoungGen: 2645088K(2650112K)->139936K(2650624K) Eden: 2506240K(2506240K)->0K(2506240K) From: 138848K(143872K)->139936K(144384K)
[2392.799s][info][gc,heap        ] GC(505) ParOldGen: 4062273K(4062720K)->4154561K(4154880K)
[2392.799s][info][gc,metaspace   ] GC(505) Metaspace: 29125K(29504K)->29125K(29504K) NonClass: 24233K(24384K)->24233K(24384K) Class: 4891K(5120K)->4891K(5120K)
[2392.799s][info][gc             ] GC(505) Pause Young (Allocation Failure) 6550M->4193M(6646M) 99.568ms
[2392.799s][info][gc,cpu         ] GC(505) User=0.56s Sys=0.03s Real=0.10s
........[2400.431s][info][gc,start       ] GC(506) Pause Young (Allocation Failure)
[2400.544s][info][gc,heap        ] GC(506) PSYoungGen: 2646176K(2650624K)->142148K(2649600K) Eden: 2506240K(2506240K)->0K(2505216K) From: 139936K(144384K)->142148K(144384K)
[2400.544s][info][gc,heap        ] GC(506) ParOldGen: 4154561K(4154880K)->4247545K(4247552K)
[2400.544s][info][gc,metaspace   ] GC(506) Metaspace: 29125K(29504K)->29125K(29504K) NonClass: 24233K(24384K)->24233K(24384K) Class: 4891K(5120K)->4891K(5120K)
[2400.544s][info][gc             ] GC(506) Pause Young (Allocation Failure) 6641M->4286M(6735M) 112.421ms
[2400.544s][info][gc,cpu         ] GC(506) User=0.63s Sys=0.04s Real=0.12s
[2400.633s][info][gc,start       ] GC(507) Pause Full (Diagnostic Command)
[2400.633s][info][gc,phases,start] GC(507) Marking Phase
[2400.909s][info][gc,phases      ] GC(507) Marking Phase 275.222ms
[2400.909s][info][gc,phases,start] GC(507) Summary Phase
[2400.909s][info][gc,phases      ] GC(507) Summary Phase 0.057ms
[2400.909s][info][gc,phases,start] GC(507) Forward
[2401.084s][info][gc,phases      ] GC(507) Forward 175.671ms
[2401.084s][info][gc,phases,start] GC(507) Adjust Pointers
[2401.280s][info][gc,phases      ] GC(507) Adjust Pointers 195.617ms
[2401.280s][info][gc,phases,start] GC(507) Compaction Phase
[2401.442s][info][gc,phases      ] GC(507) Compaction Phase 161.857ms
[2401.444s][info][gc,phases,start] GC(507) Post Compact
[2401.448s][info][gc,phases      ] GC(507) Post Compact 3.999ms
[2401.449s][info][gc,heap        ] GC(507) PSYoungGen: 225876K(2649600K)->0K(2649600K) Eden: 83727K(2505216K)->0K(2505216K) From: 142148K(144384K)->0K(144384K)
[2401.449s][info][gc,heap        ] GC(507) ParOldGen: 4247545K(4247552K)->1131876K(4247552K)
[2401.449s][info][gc,metaspace   ] GC(507) Metaspace: 29125K(29504K)->29125K(29504K) NonClass: 24233K(24384K)->24233K(24384K) Class: 4891K(5120K)->4891K(5120K)
[2401.449s][info][gc             ] GC(507) Pause Full (Diagnostic Command) 4368M->1105M(6735M) 815.308ms
[2401.449s][info][gc,cpu         ] GC(507) User=4.15s Sys=0.00s Real=0.82s
.......[2408.385s][info][gc,start       ] GC(508) Pause Young (Allocation Failure)
[2408.448s][info][gc,heap        ] GC(508) PSYoungGen: 2505216K(2649600K)->139040K(2650624K) Eden: 2505216K(2505216K)->0K(2505216K) From: 0K(144384K)->139040K(145408K)
[2408.448s][info][gc,heap        ] GC(508) ParOldGen: 1131876K(4247552K)->1131876K(4247552K)
[2408.448s][info][gc,metaspace   ] GC(508) Metaspace: 29125K(29504K)->29125K(29504K) NonClass: 24233K(24384K)->24233K(24384K) Class: 4891K(5120K)->4891K(5120K)
[2408.448s][info][gc             ] GC(508) Pause Young (Allocation Failure) 3551M->1241M(6736M) 63.224ms
[2408.449s][info][gc,cpu         ] GC(508) User=0.37s Sys=0.00s Real=0.06s
........[2416.180s][info][gc,start       ] GC(509) Pause Young (Allocation Failure)
[2416.273s][info][gc,heap        ] GC(509) PSYoungGen: 2644256K(2650624K)->140800K(2650112K) Eden: 2505216K(2505216K)->0K(2505728K) From: 139040K(145408K)->140800K(144384K)
[2416.273s][info][gc,heap        ] GC(509) ParOldGen: 1131876K(4247552K)->1225852K(4247552K)
[2416.273s][info][gc,metaspace   ] GC(509) Metaspace: 29125K(29504K)->29125K(29504K) NonClass: 24233K(24384K)->24233K(24384K) Class: 4891K(5120K)->4891K(5120K)
[2416.273s][info][gc             ] GC(509) Pause Young (Allocation Failure) 3687M->1334M(6736M) 92.767ms
[2416.273s][info][gc,cpu         ] GC(509) User=0.55s Sys=0.00s Real=0.09s
... (rIR:aIR:PR = 2629:2628:2628) (tPR = 39389) [OK] 
  2418s: Performance info:
         Transaction,    Success,    Partial,     Failed,   Receipts, AvgBarcode, 
             Overall,     159136,          0,          0,     151156,      59.48, 
         Response times:
             Request,    Success,    Partial,     Failed,   SkipFail,     Probes,    Samples,      min,      p50,      p90,      p95,      p99,      max, 
       TotalPurchase,     151160,          0,          0,          0,     146841,     158572,      300,     2100,     3200,     3600,    15800,   181000,
     InStorePurchase,      79518,          0,          0,          0,      77421,      83399,      300,     2100,     3200,     3500,    15400,   181000,
      OnlinePurchase,      55724,          0,          0,          0,      54121,      58340,      300,     2000,     3200,     3600,    15400,   146000,
        InstPurchase,      15918,          0,          0,          0,      15299,      16833,      400,     2200,     3300,     3800,    22000,   133000,
          AssocOfCat,        162,          0,          0,          0,        113,        159,    16600,    22000,    27000,    29000,   110600,   125000,
      AssocOfProduct,       1599,          0,          0,          0,       1421,       1655,      500,     2000,     3400,     3800,    16300,   100000,
      BusinessReport,        399,          0,          0,          0,        341,        459,    19500,    28000,    35000,    46000,   170000,   880000,
          CustBuyBeh,       1599,          0,          0,          0,       1411,       1638,      300,     2200,     3300,     3700,    13100,   116000,
       ProductReturn,       4215,          0,          0,          0,       3917,       4406,      200,     2000,     3200,     3600,    15265,   154000,

  2418s: (20%)   IR =   2767 ....|.[2423.765s][info][gc,start       ] GC(510) Pause Young (Allocation Failure)
[2423.855s][info][gc,heap        ] GC(510) PSYoungGen: 2646528K(2650112K)->139872K(2650624K) Eden: 2505728K(2505728K)->0K(2505728K) From: 140800K(144384K)->139872K(144896K)
[2423.855s][info][gc,heap        ] GC(510) ParOldGen: 1225852K(4247552K)->1317900K(4247552K)
[2423.855s][info][gc,metaspace   ] GC(510) Metaspace: 29125K(29504K)->29125K(29504K) NonClass: 24233K(24384K)->24233K(24384K) Class: 4891K(5120K)->4891K(5120K)
[2423.855s][info][gc             ] GC(510) Pause Young (Allocation Failure) 3781M->1423M(6736M) 90.764ms
[2423.855s][info][gc,cpu         ] GC(510) User=0.54s Sys=0.00s Real=0.09s
.......[2431.106s][info][gc,start       ] GC(511) Pause Young (Allocation Failure)
[2431.197s][info][gc,heap        ] GC(511) PSYoungGen: 2645600K(2650624K)->139360K(2650112K) Eden: 2505728K(2505728K)->0K(2506240K) From: 139872K(144896K)->139360K(143872K)
[2431.197s][info][gc,heap        ] GC(511) ParOldGen: 1317900K(4247552K)->1410956K(4247552K)
[2431.197s][info][gc,metaspace   ] GC(511) Metaspace: 29125K(29504K)->29125K(29504K) NonClass: 24233K(24384K)->24233K(24384K) Class: 4891K(5120K)->4891K(5120K)
[2431.197s][info][gc             ] GC(511) Pause Young (Allocation Failure) 3870M->1513M(6736M) 91.067ms
[2431.197s][info][gc,cpu         ] GC(511) User=0.54s Sys=0.00s Real=0.09s
.......[2438.445s][info][gc,start       ] GC(512) Pause Young (Allocation Failure)
[2438.539s][info][gc,heap        ] GC(512) PSYoungGen: 2645600K(2650112K)->141988K(2650624K) Eden: 2506240K(2506240K)->0K(2506240K) From: 139360K(143872K)->141988K(144384K)
[2438.539s][info][gc,heap        ] GC(512) ParOldGen: 1410956K(4247552K)->1502844K(4247552K)
[2438.539s][info][gc,metaspace   ] GC(512) Metaspace: 29125K(29504K)->29125K(29504K) NonClass: 24233K(24384K)->24233K(24384K) Class: 4891K(5120K)->4891K(5120K)
[2438.539s][info][gc             ] GC(512) Pause Young (Allocation Failure) 3961M->1606M(6736M) 93.696ms
[2438.539s][info][gc,cpu         ] GC(512) User=0.55s Sys=0.00s Real=0.09s
........[2445.910s][info][gc,start       ] GC(513) Pause Young (Allocation Failure)
[2446.001s][info][gc,heap        ] GC(513) PSYoungGen: 2648228K(2650624K)->140544K(2651136K) Eden: 2506240K(2506240K)->0K(2506240K) From: 141988K(144384K)->140544K(144896K)
[2446.001s][info][gc,heap        ] GC(513) ParOldGen: 1502844K(4247552K)->1594644K(4247552K)
[2446.001s][info][gc,metaspace   ] GC(513) Metaspace: 29125K(29504K)->29125K(29504K) NonClass: 24233K(24384K)->24233K(24384K) Class: 4891K(5120K)->4891K(5120K)
[2446.001s][info][gc             ] GC(513) Pause Young (Allocation Failure) 4053M->1694M(6737M) 90.977ms
[2446.001s][info][gc,cpu         ] GC(513) User=0.54s Sys=0.00s Real=0.09s
.......[2453.269s][info][gc,start       ] GC(514) Pause Young (Allocation Failure)
[2453.362s][info][gc,heap        ] GC(514) PSYoungGen: 2646784K(2651136K)->141200K(2651136K) Eden: 2506240K(2506240K)->0K(2506240K) From: 140544K(144896K)->141200K(144896K)
[2453.362s][info][gc,heap        ] GC(514) ParOldGen: 1594644K(4247552K)->1687932K(4247552K)
[2453.362s][info][gc,metaspace   ] GC(514) Metaspace: 29125K(29504K)->29125K(29504K) NonClass: 24233K(24384K)->24233K(24384K) Class: 4891K(5120K)->4891K(5120K)
[2453.362s][info][gc             ] GC(514) Pause Young (Allocation Failure) 4142M->1786M(6737M) 92.991ms
[2453.362s][info][gc,cpu         ] GC(514) User=0.55s Sys=0.00s Real=0.09s
........[2460.710s][info][gc,start       ] GC(515) Pause Young (Allocation Failure)
[2460.802s][info][gc,heap        ] GC(515) PSYoungGen: 2647440K(2651136K)->140320K(2650112K) Eden: 2506240K(2506240K)->0K(2506240K) From: 141200K(144896K)->140320K(143872K)
[2460.802s][info][gc,heap        ] GC(515) ParOldGen: 1687932K(4247552K)->1779572K(4247552K)
[2460.802s][info][gc,metaspace   ] GC(515) Metaspace: 29125K(29504K)->29125K(29504K) NonClass: 24233K(24384K)->24233K(24384K) Class: 4891K(5120K)->4891K(5120K)
[2460.802s][info][gc             ] GC(515) Pause Young (Allocation Failure) 4233M->1874M(6736M) 92.039ms
[2460.802s][info][gc,cpu         ] GC(515) User=0.55s Sys=0.00s Real=0.09s
.......[2468.152s][info][gc,start       ] GC(516) Pause Young (Allocation Failure)
[2468.245s][info][gc,heap        ] GC(516) PSYoungGen: 2646560K(2650112K)->141088K(2650624K) Eden: 2506240K(2506240K)->0K(2506240K) From: 140320K(143872K)->141088K(144384K)
[2468.245s][info][gc,heap        ] GC(516) ParOldGen: 1779572K(4247552K)->1872716K(4247552K)
[2468.245s][info][gc,metaspace   ] GC(516) Metaspace: 29125K(29504K)->29125K(29504K) NonClass: 24233K(24384K)->24233K(24384K) Class: 4891K(5120K)->4891K(5120K)
[2468.245s][info][gc             ] GC(516) Pause Young (Allocation Failure) 4322M->1966M(6736M) 93.068ms
[2468.245s][info][gc,cpu         ] GC(516) User=0.55s Sys=0.00s Real=0.10s
.......[2475.536s][info][gc,start       ] GC(517) Pause Young (Allocation Failure)
[2475.628s][info][gc,heap        ] GC(517) PSYoungGen: 2647328K(2650624K)->140352K(2651648K) Eden: 2506240K(2506240K)->0K(2507264K) From: 141088K(144384K)->140352K(144384K)
[2475.628s][info][gc,heap        ] GC(517) ParOldGen: 1872716K(4247552K)->1965868K(4247552K)
[2475.628s][info][gc,metaspace   ] GC(517) Metaspace: 29125K(29504K)->29125K(29504K) NonClass: 24233K(24384K)->24233K(24384K) Class: 4891K(5120K)->4891K(5120K)
[2475.628s][info][gc             ] GC(517) Pause Young (Allocation Failure) 4414M->2056M(6737M) 92.295ms
[2475.628s][info][gc,cpu         ] GC(517) User=0.55s Sys=0.00s Real=0.09s
........ (rIR:aIR:PR = 2767:2766:2766) (tPR = 41026) [OK] 
  2482s: Performance info:
         Transaction,    Success,    Partial,     Failed,   Receipts, AvgBarcode, 
             Overall,     166422,          0,          0,     158090,      59.47, 
         Response times:
             Request,    Success,    Partial,     Failed,   SkipFail,     Probes,    Samples,      min,      p50,      p90,      p95,      p99,      max, 
       TotalPurchase,     158090,          0,          0,          0,     154392,     166088,      300,     2100,     3300,     3600,     7000,   113000,
     InStorePurchase,      83191,          0,          0,          0,      81422,      87419,      300,     2000,     3300,     3600,     6900,   113000,
      OnlinePurchase,      58261,          0,          0,          0,      56865,      61130,      300,     2200,     3300,     3600,     7000,   104000,
        InstPurchase,      16638,          0,          0,          0,      16105,      17539,      400,     2300,     3400,     3700,     9200,    99000,
          AssocOfCat,        168,          0,          0,          0,        135,        187,    15900,    21000,    26000,    27000,   113440,   124000,
      AssocOfProduct,       1666,          0,          0,          0,       1494,       1747,      500,     2700,     3600,     4000,    10504,    99000,
      BusinessReport,        414,          0,          0,          0,        340,        439,    19200,    27000,    35000,    40000,    99000,   132000,
          CustBuyBeh,       1674,          0,          0,          0,       1500,       1748,      300,     1900,     2700,     3100,     8353,    98000,
       ProductReturn,       4410,          0,          0,          0,       4158,       4677,      200,     1900,     3100,     3400,     5444,   100000,

  2482s: (21%)   IR =   2906 [2482.939s][info][gc,start       ] GC(518) Pause Young (Allocation Failure)
[2483.030s][info][gc,heap        ] GC(518) PSYoungGen: 2647616K(2651648K)->140384K(2648064K) Eden: 2507264K(2507264K)->0K(2507264K) From: 140352K(144384K)->140384K(140800K)
[2483.030s][info][gc,heap        ] GC(518) ParOldGen: 1965868K(4247552K)->2058756K(4247552K)
[2483.030s][info][gc,metaspace   ] GC(518) Metaspace: 29125K(29504K)->29125K(29504K) NonClass: 24233K(24384K)->24233K(24384K) Class: 4891K(5120K)->4891K(5120K)
[2483.030s][info][gc             ] GC(518) Pause Young (Allocation Failure) 4505M->2147M(6734M) 91.501ms
[2483.030s][info][gc,cpu         ] GC(518) User=0.54s Sys=0.00s Real=0.09s
....|...[2490.019s][info][gc,start       ] GC(519) Pause Young (Allocation Failure)
[2490.114s][info][gc,heap        ] GC(519) PSYoungGen: 2647648K(2648064K)->143844K(2579456K) Eden: 2507264K(2507264K)->0K(2435584K) From: 140384K(140800K)->143844K(143872K)
[2490.114s][info][gc,heap        ] GC(519) ParOldGen: 2058756K(4247552K)->2153476K(4247552K)
[2490.114s][info][gc,metaspace   ] GC(519) Metaspace: 29125K(29504K)->29125K(29504K) NonClass: 24233K(24384K)->24233K(24384K) Class: 4891K(5120K)->4891K(5120K)
[2490.114s][info][gc             ] GC(519) Pause Young (Allocation Failure) 4596M->2243M(6667M) 95.354ms
[2490.114s][info][gc,cpu         ] GC(519) User=0.56s Sys=0.00s Real=0.10s
.......[2496.923s][info][gc,start       ] GC(520) Pause Young (Allocation Failure)
[2497.014s][info][gc,heap        ] GC(520) PSYoungGen: 2579428K(2579456K)->137920K(2615808K) Eden: 2435584K(2435584K)->0K(2435584K) From: 143844K(143872K)->137920K(180224K)
[2497.014s][info][gc,heap        ] GC(520) ParOldGen: 2153476K(4247552K)->2245308K(4247552K)
[2497.014s][info][gc,metaspace   ] GC(520) Metaspace: 29125K(29504K)->29125K(29504K) NonClass: 24233K(24384K)->24233K(24384K) Class: 4891K(5120K)->4891K(5120K)
[2497.014s][info][gc             ] GC(520) Pause Young (Allocation Failure) 4621M->2327M(6702M) 90.798ms
[2497.014s][info][gc,cpu         ] GC(520) User=0.53s Sys=0.01s Real=0.09s
.......[2503.744s][info][gc,start       ] GC(521) Pause Young (Allocation Failure)
[2503.838s][info][gc,heap        ] GC(521) PSYoungGen: 2573504K(2615808K)->140004K(2611712K) Eden: 2435584K(2435584K)->0K(2436608K) From: 137920K(180224K)->140004K(175104K)
[2503.838s][info][gc,heap        ] GC(521) ParOldGen: 2245308K(4247552K)->2337644K(4247552K)
[2503.838s][info][gc,metaspace   ] GC(521) Metaspace: 29125K(29504K)->29125K(29504K) NonClass: 24233K(24384K)->24233K(24384K) Class: 4891K(5120K)->4891K(5120K)
[2503.838s][info][gc             ] GC(521) Pause Young (Allocation Failure) 4705M->2419M(6698M) 93.496ms
[2503.838s][info][gc,cpu         ] GC(521) User=0.55s Sys=0.00s Real=0.09s
......[2510.625s][info][gc,start       ] GC(522) Pause Young (Allocation Failure)
[2510.717s][info][gc,heap        ] GC(522) PSYoungGen: 2576612K(2611712K)->141108K(2614272K) Eden: 2436608K(2436608K)->0K(2436608K) From: 140004K(175104K)->141108K(177664K)
[2510.717s][info][gc,heap        ] GC(522) ParOldGen: 2337644K(4247552K)->2428228K(4247552K)
[2510.717s][info][gc,metaspace   ] GC(522) Metaspace: 29125K(29504K)->29125K(29504K) NonClass: 24233K(24384K)->24233K(24384K) Class: 4891K(5120K)->4891K(5120K)
[2510.717s][info][gc             ] GC(522) Pause Young (Allocation Failure) 4799M->2509M(6701M) 92.562ms
[2510.717s][info][gc,cpu         ] GC(522) User=0.54s Sys=0.00s Real=0.09s
.......[2517.445s][info][gc,start       ] GC(523) Pause Young (Allocation Failure)
[2517.533s][info][gc,heap        ] GC(523) PSYoungGen: 2577716K(2614272K)->135328K(2616832K) Eden: 2436608K(2436608K)->0K(2442752K) From: 141108K(177664K)->135328K(174080K)
[2517.533s][info][gc,heap        ] GC(523) ParOldGen: 2428228K(4247552K)->2519444K(4247552K)
[2517.533s][info][gc,metaspace   ] GC(523) Metaspace: 29125K(29504K)->29125K(29504K) NonClass: 24233K(24384K)->24233K(24384K) Class: 4891K(5120K)->4891K(5120K)
[2517.533s][info][gc             ] GC(523) Pause Young (Allocation Failure) 4888M->2592M(6703M) 88.572ms
[2517.533s][info][gc,cpu         ] GC(523) User=0.53s Sys=0.00s Real=0.09s
.......[2524.261s][info][gc,start       ] GC(524) Pause Young (Allocation Failure)
[2524.351s][info][gc,heap        ] GC(524) PSYoungGen: 2578080K(2616832K)->133312K(2617856K) Eden: 2442752K(2442752K)->0K(2442752K) From: 135328K(174080K)->133312K(175104K)
[2524.351s][info][gc,heap        ] GC(524) ParOldGen: 2519444K(4247552K)->2610988K(4247552K)
[2524.351s][info][gc,metaspace   ] GC(524) Metaspace: 29125K(29504K)->29125K(29504K) NonClass: 24233K(24384K)->24233K(24384K) Class: 4891K(5120K)->4891K(5120K)
[2524.351s][info][gc             ] GC(524) Pause Young (Allocation Failure) 4978M->2679M(6704M) 90.111ms
[2524.351s][info][gc,cpu         ] GC(524) User=0.53s Sys=0.00s Real=0.09s
.......[2531.239s][info][gc,start       ] GC(525) Pause Young (Allocation Failure)
[2531.330s][info][gc,heap        ] GC(525) PSYoungGen: 2576064K(2617856K)->136896K(2617856K) Eden: 2442752K(2442752K)->0K(2446848K) From: 133312K(175104K)->136896K(171008K)
[2531.330s][info][gc,heap        ] GC(525) ParOldGen: 2610988K(4247552K)->2701028K(4247552K)
[2531.330s][info][gc,metaspace   ] GC(525) Metaspace: 29125K(29504K)->29125K(29504K) NonClass: 24233K(24384K)->24233K(24384K) Class: 4891K(5120K)->4891K(5120K)
[2531.330s][info][gc             ] GC(525) Pause Young (Allocation Failure) 5065M->2771M(6704M) 91.347ms
[2531.330s][info][gc,cpu         ] GC(525) User=0.54s Sys=0.00s Real=0.09s
.......[2538.137s][info][gc,start       ] GC(526) Pause Young (Allocation Failure)
[2538.230s][info][gc,heap        ] GC(526) PSYoungGen: 2583744K(2617856K)->138496K(2619392K) Eden: 2446848K(2446848K)->0K(2446848K) From: 136896K(171008K)->138496K(172544K)
[2538.230s][info][gc,heap        ] GC(526) ParOldGen: 2701028K(4247552K)->2794028K(4247552K)
[2538.230s][info][gc,metaspace   ] GC(526) Metaspace: 29125K(29504K)->29125K(29504K) NonClass: 24233K(24384K)->24233K(24384K) Class: 4891K(5120K)->4891K(5120K)
[2538.230s][info][gc             ] GC(526) Pause Young (Allocation Failure) 5160M->2863M(6706M) 92.863ms
[2538.230s][info][gc,cpu         ] GC(526) User=0.54s Sys=0.00s Real=0.09s
.......[2545.020s][info][gc,start       ] GC(527) Pause Young (Allocation Failure)
[2545.112s][info][gc,heap        ] GC(527) PSYoungGen: 2585344K(2619392K)->137568K(2620928K) Eden: 2446848K(2446848K)->0K(2452992K) From: 138496K(172544K)->137568K(167936K)
[2545.112s][info][gc,heap        ] GC(527) ParOldGen: 2794028K(4247552K)->2886548K(4247552K)
[2545.112s][info][gc,metaspace   ] GC(527) Metaspace: 29125K(29504K)->29125K(29504K) NonClass: 24233K(24384K)->24233K(24384K) Class: 4891K(5120K)->4891K(5120K)
[2545.112s][info][gc             ] GC(527) Pause Young (Allocation Failure) 5253M->2953M(6707M) 91.885ms
[2545.112s][info][gc,cpu         ] GC(527) User=0.54s Sys=0.00s Real=0.09s
.. (rIR:aIR:PR = 2906:2904:2904) (tPR = 42873) [OK] 
  2546s: Performance info:
         Transaction,    Success,    Partial,     Failed,   Receipts, AvgBarcode, 
             Overall,     174436,          0,          0,     165716,      59.47, 
         Response times:
             Request,    Success,    Partial,     Failed,   SkipFail,     Probes,    Samples,      min,      p50,      p90,      p95,      p99,      max, 
       TotalPurchase,     165715,          0,          0,          0,     161942,     174082,      300,     2200,     3400,     3800,     8900,   115000,
     InStorePurchase,      87220,          0,          0,          0,      85608,      91862,      300,     2400,     3500,     3800,     9900,   102000,
      OnlinePurchase,      61023,          0,          0,          0,      59504,      63937,      300,     2100,     3300,     3700,     8300,   115000,
        InstPurchase,      17472,          0,          0,          0,      16830,      18283,      400,     2100,     3400,     3800,     7616,   102000,
          AssocOfCat,        177,          0,          0,          0,        131,        182,    16800,    22000,    30000,    31850,    55110,   124000,
      AssocOfProduct,       1743,          0,          0,          0,       1596,       1903,      500,     2000,     3000,     3400,     5300,    95000,
      BusinessReport,        434,          0,          0,          0,        352,        467,    19200,    27000,    34000,    37000,    74440,   140000,
          CustBuyBeh,       1741,          0,          0,          0,       1596,       1887,      200,     2300,     3200,     3500,     9160,    93000,
       ProductReturn,       4625,          0,          0,          0,       4299,       4821,      200,     1500,     3000,     3400,     6578,    98000,

  2546s: (22%)   IR =   3044 ....[2551.680s][info][gc,start       ] GC(528) Pause Young (Allocation Failure)
[2551.772s][info][gc,heap        ] GC(528) PSYoungGen: 2590560K(2620928K)->136544K(2621952K) Eden: 2452992K(2452992K)->0K(2452992K) From: 137568K(167936K)->136544K(168960K)
[2551.772s][info][gc,heap        ] GC(528) ParOldGen: 2886548K(4247552K)->2978012K(4247552K)
[2551.772s][info][gc,metaspace   ] GC(528) Metaspace: 29125K(29504K)->29125K(29504K) NonClass: 24233K(24384K)->24233K(24384K) Class: 4891K(5120K)->4891K(5120K)
[2551.772s][info][gc             ] GC(528) Pause Young (Allocation Failure) 5348M->3041M(6708M) 91.610ms
[2551.772s][info][gc,cpu         ] GC(528) User=0.54s Sys=0.00s Real=0.09s
.....|..[2558.363s][info][gc,start       ] GC(529) Pause Young (Allocation Failure)
[2558.454s][info][gc,heap        ] GC(529) PSYoungGen: 2589536K(2621952K)->138176K(2623488K) Eden: 2452992K(2452992K)->0K(2459648K) From: 136544K(168960K)->138176K(163840K)
[2558.454s][info][gc,heap        ] GC(529) ParOldGen: 2978012K(4247552K)->3067796K(4247552K)
[2558.454s][info][gc,metaspace   ] GC(529) Metaspace: 29125K(29504K)->29125K(29504K) NonClass: 24233K(24384K)->24233K(24384K) Class: 4891K(5120K)->4891K(5120K)
[2558.454s][info][gc             ] GC(529) Pause Young (Allocation Failure) 5437M->3130M(6710M) 90.798ms
[2558.454s][info][gc,cpu         ] GC(529) User=0.53s Sys=0.01s Real=0.10s
.......[2564.983s][info][gc,start       ] GC(530) Pause Young (Allocation Failure)
[2565.084s][info][gc,heap        ] GC(530) PSYoungGen: 2597824K(2623488K)->150144K(2625024K) Eden: 2459648K(2459648K)->0K(2459648K) From: 138176K(163840K)->150144K(165376K)
[2565.084s][info][gc,heap        ] GC(530) ParOldGen: 3067796K(4247552K)->3161540K(4247552K)
[2565.084s][info][gc,metaspace   ] GC(530) Metaspace: 29125K(29504K)->29125K(29504K) NonClass: 24233K(24384K)->24233K(24384K) Class: 4891K(5120K)->4891K(5120K)
[2565.084s][info][gc             ] GC(530) Pause Young (Allocation Failure) 5532M->3234M(6711M) 101.415ms
[2565.084s][info][gc,cpu         ] GC(530) User=0.60s Sys=0.00s Real=0.11s
......[2571.573s][info][gc,start       ] GC(531) Pause Young (Allocation Failure)
[2571.665s][info][gc,heap        ] GC(531) PSYoungGen: 2609792K(2625024K)->137280K(2628608K) Eden: 2459648K(2459648K)->0K(2464256K) From: 150144K(165376K)->137280K(164352K)
[2571.665s][info][gc,heap        ] GC(531) ParOldGen: 3161540K(4247552K)->3252788K(4247552K)
[2571.665s][info][gc,metaspace   ] GC(531) Metaspace: 29125K(29504K)->29125K(29504K) NonClass: 24233K(24384K)->24233K(24384K) Class: 4891K(5120K)->4891K(5120K)
[2571.665s][info][gc             ] GC(531) Pause Young (Allocation Failure) 5636M->3310M(6715M) 92.746ms
[2571.665s][info][gc,cpu         ] GC(531) User=0.56s Sys=0.00s Real=0.10s
.......[2578.195s][info][gc,start       ] GC(532) Pause Young (Allocation Failure)
[2578.288s][info][gc,heap        ] GC(532) PSYoungGen: 2601536K(2628608K)->136032K(2629120K) Eden: 2464256K(2464256K)->0K(2464256K) From: 137280K(164352K)->136032K(164864K)
[2578.288s][info][gc,heap        ] GC(532) ParOldGen: 3252788K(4247552K)->3345076K(4247552K)
[2578.288s][info][gc,metaspace   ] GC(532) Metaspace: 29125K(29504K)->29125K(29504K) NonClass: 24233K(24384K)->24233K(24384K) Class: 4891K(5120K)->4891K(5120K)
[2578.288s][info][gc             ] GC(532) Pause Young (Allocation Failure) 5717M->3399M(6715M) 93.276ms
[2578.289s][info][gc,cpu         ] GC(532) User=0.55s Sys=0.00s Real=0.09s
.......[2584.857s][info][gc,start       ] GC(533) Pause Young (Allocation Failure)
[2584.951s][info][gc,heap        ] GC(533) PSYoungGen: 2600288K(2629120K)->139648K(2627584K) Eden: 2464256K(2464256K)->0K(2467328K) From: 136032K(164864K)->139648K(160256K)
[2584.951s][info][gc,heap        ] GC(533) ParOldGen: 3345076K(4247552K)->3436340K(4247552K)
[2584.951s][info][gc,metaspace   ] GC(533) Metaspace: 29125K(29504K)->29125K(29504K) NonClass: 24233K(24384K)->24233K(24384K) Class: 4891K(5120K)->4891K(5120K)
[2584.951s][info][gc             ] GC(533) Pause Young (Allocation Failure) 5806M->3492M(6714M) 94.478ms
[2584.951s][info][gc,cpu         ] GC(533) User=0.56s Sys=0.01s Real=0.09s
......[2591.479s][info][gc,start       ] GC(534) Pause Young (Allocation Failure)
[2591.575s][info][gc,heap        ] GC(534) PSYoungGen: 2606976K(2627584K)->141977K(2629120K) Eden: 2467328K(2467328K)->0K(2467328K) From: 139648K(160256K)->141977K(161792K)
[2591.575s][info][gc,heap        ] GC(534) ParOldGen: 3436340K(4247552K)->3528372K(4247552K)
[2591.575s][info][gc,metaspace   ] GC(534) Metaspace: 29125K(29504K)->29125K(29504K) NonClass: 24233K(24384K)->24233K(24384K) Class: 4891K(5120K)->4891K(5120K)
[2591.575s][info][gc             ] GC(534) Pause Young (Allocation Failure) 5901M->3584M(6715M) 96.291ms
[2591.575s][info][gc,cpu         ] GC(534) User=0.57s Sys=0.00s Real=0.10s
.......[2598.124s][info][gc,start       ] GC(535) Pause Young (Allocation Failure)
[2598.217s][info][gc,heap        ] GC(535) PSYoungGen: 2609305K(2629120K)->139456K(2631168K) Eden: 2467328K(2467328K)->0K(2473984K) From: 141977K(161792K)->139456K(157184K)
[2598.217s][info][gc,heap        ] GC(535) ParOldGen: 3528372K(4247552K)->3620236K(4247552K)
[2598.217s][info][gc,metaspace   ] GC(535) Metaspace: 29125K(29504K)->29125K(29504K) NonClass: 24233K(24384K)->24233K(24384K) Class: 4891K(5120K)->4891K(5120K)
[2598.217s][info][gc             ] GC(535) Pause Young (Allocation Failure) 5993M->3671M(6717M) 93.142ms
[2598.217s][info][gc,cpu         ] GC(535) User=0.54s Sys=0.00s Real=0.09s
.......[2604.887s][info][gc,start       ] GC(536) Pause Young (Allocation Failure)
[2604.984s][info][gc,heap        ] GC(536) PSYoungGen: 2613440K(2631168K)->148788K(2632704K) Eden: 2473984K(2473984K)->0K(2473984K) From: 139456K(157184K)->148788K(158720K)
[2604.984s][info][gc,heap        ] GC(536) ParOldGen: 3620236K(4247552K)->3711716K(4247552K)
[2604.984s][info][gc,metaspace   ] GC(536) Metaspace: 29125K(29504K)->29125K(29504K) NonClass: 24233K(24384K)->24233K(24384K) Class: 4891K(5120K)->4891K(5120K)
[2604.984s][info][gc             ] GC(536) Pause Young (Allocation Failure) 6087M->3770M(6719M) 97.626ms
[2604.984s][info][gc,cpu         ] GC(536) User=0.58s Sys=0.01s Real=0.10s
......[2611.437s][info][gc,start       ] GC(537) Pause Young (Allocation Failure)
[2611.529s][info][gc,heap        ] GC(537) PSYoungGen: 2622772K(2632704K)->136096K(2636288K) Eden: 2473984K(2473984K)->0K(2477568K) From: 148788K(158720K)->136096K(158720K)
[2611.529s][info][gc,heap        ] GC(537) ParOldGen: 3711716K(4247552K)->3804732K(4247552K)
[2611.529s][info][gc,metaspace   ] GC(537) Metaspace: 29125K(29504K)->29125K(29504K) NonClass: 24233K(24384K)->24233K(24384K) Class: 4891K(5120K)->4891K(5120K)
[2611.529s][info][gc             ] GC(537) Pause Young (Allocation Failure) 6186M->3848M(6722M) 92.147ms
[2611.529s][info][gc,cpu         ] GC(537) User=0.54s Sys=0.00s Real=0.09s
..... (rIR:aIR:PR = 3044:3044:3044) (tPR = 44877) [OK] 
  2615s: Performance info:
         Transaction,    Success,    Partial,     Failed,   Receipts, AvgBarcode, 
             Overall,     182708,          0,          0,     173561,      59.48, 
         Response times:
             Request,    Success,    Partial,     Failed,   SkipFail,     Probes,    Samples,      min,      p50,      p90,      p95,      p99,      max, 
       TotalPurchase,     173561,          0,          0,          0,     169903,     196409,      300,     2300,     3600,     4000,    10490,   124000,
     InStorePurchase,      91348,          0,          0,          0,      89711,     103516,      300,     2400,     3600,     4000,    11100,   124000,
      OnlinePurchase,      63898,          0,          0,          0,      62557,      72335,      300,     2300,     3500,     3900,     9600,   121000,
        InstPurchase,      18315,          0,          0,          0,      17635,      20558,      400,     1900,     3500,     4000,     7900,   112000,
          AssocOfCat,        187,          0,          0,          0,        138,        212,    16600,    21000,    27000,    30350,    36870,    50000,
      AssocOfProduct,       1831,          0,          0,          0,       1661,       2100,      600,     2700,     3600,     4000,    10790,   118000,
      BusinessReport,        458,          0,          0,          0,        369,        517,    19100,    27000,    34000,    37000,   109320,   149000,
          CustBuyBeh,       1826,          0,          0,          0,       1633,       2012,      200,     1900,     3300,     3700,    12735,   100000,
       ProductReturn,       4845,          0,          0,          0,       4543,       5529,      200,     1100,     2700,     3200,     5970,   118000,

  2615s: (23%)   IR =   3183 ..[2618.058s][info][gc,start       ] GC(538) Pause Young (Allocation Failure)
[2618.155s][info][gc,heap        ] GC(538) PSYoungGen: 2613664K(2636288K)->144373K(2636288K) Eden: 2477568K(2477568K)->0K(2477568K) From: 136096K(158720K)->144373K(158720K)
[2618.155s][info][gc,heap        ] GC(538) ParOldGen: 3804732K(4247552K)->3895452K(4247552K)
[2618.155s][info][gc,metaspace   ] GC(538) Metaspace: 29125K(29504K)->29125K(29504K) NonClass: 24234K(24384K)->24234K(24384K) Class: 4891K(5120K)->4891K(5120K)
[2618.155s][info][gc             ] GC(538) Pause Young (Allocation Failure) 6267M->3945M(6722M) 96.624ms
[2618.155s][info][gc,cpu         ] GC(538) User=0.57s Sys=0.00s Real=0.10s
..|....[2624.379s][info][gc,start       ] GC(539) Pause Young (Allocation Failure)
[2624.475s][info][gc,heap        ] GC(539) PSYoungGen: 2621941K(2636288K)->140901K(2634752K) Eden: 2477568K(2477568K)->0K(2479104K) From: 144373K(158720K)->140901K(155648K)
[2624.475s][info][gc,heap        ] GC(539) ParOldGen: 3895452K(4247552K)->3988044K(4247552K)
[2624.475s][info][gc,metaspace   ] GC(539) Metaspace: 29125K(29504K)->29125K(29504K) NonClass: 24234K(24384K)->24234K(24384K) Class: 4891K(5120K)->4891K(5120K)
[2624.475s][info][gc             ] GC(539) Pause Young (Allocation Failure) 6364M->4032M(6721M) 95.662ms
[2624.475s][info][gc,cpu         ] GC(539) User=0.57s Sys=0.00s Real=0.10s
......[2630.822s][info][gc,start       ] GC(540) Pause Young (Allocation Failure)
[2630.917s][info][gc,heap        ] GC(540) PSYoungGen: 2620005K(2634752K)->140800K(2635776K) Eden: 2479104K(2479104K)->0K(2479104K) From: 140901K(155648K)->140800K(156672K)
[2630.917s][info][gc,heap        ] GC(540) ParOldGen: 3988044K(4247552K)->4079876K(4247552K)
[2630.917s][info][gc,metaspace   ] GC(540) Metaspace: 29125K(29504K)->29125K(29504K) NonClass: 24234K(24384K)->24234K(24384K) Class: 4891K(5120K)->4891K(5120K)
[2630.917s][info][gc             ] GC(540) Pause Young (Allocation Failure) 6453M->4121M(6722M) 94.679ms
[2630.917s][info][gc,cpu         ] GC(540) User=0.55s Sys=0.00s Real=0.10s
.......[2637.124s][info][gc,start       ] GC(541) Pause Young (Allocation Failure)
[2637.220s][info][gc,heap        ] GC(541) PSYoungGen: 2619904K(2635776K)->142773K(2638848K) Eden: 2479104K(2479104K)->0K(2484224K) From: 140800K(156672K)->142773K(154624K)
[2637.220s][info][gc,heap        ] GC(541) ParOldGen: 4079876K(4247552K)->4174052K(4247552K)
[2637.220s][info][gc,metaspace   ] GC(541) Metaspace: 29125K(29504K)->29125K(29504K) NonClass: 24234K(24384K)->24234K(24384K) Class: 4891K(5120K)->4891K(5120K)
[2637.220s][info][gc             ] GC(541) Pause Young (Allocation Failure) 6542M->4215M(6725M) 96.477ms
[2637.220s][info][gc,cpu         ] GC(541) User=0.57s Sys=0.00s Real=0.09s
......[2643.487s][info][gc,start       ] GC(542) Pause Young (Allocation Failure)
[2643.582s][info][gc,heap        ] GC(542) PSYoungGen: 2626997K(2638848K)->137856K(2638848K) Eden: 2484224K(2484224K)->0K(2484224K) From: 142773K(154624K)->137856K(154624K)
[2643.582s][info][gc,heap        ] GC(542) ParOldGen: 4174052K(4247552K)->4264588K(4264960K)
[2643.582s][info][gc,metaspace   ] GC(542) Metaspace: 29125K(29504K)->29125K(29504K) NonClass: 24234K(24384K)->24234K(24384K) Class: 4891K(5120K)->4891K(5120K)
[2643.582s][info][gc             ] GC(542) Pause Young (Allocation Failure) 6641M->4299M(6742M) 94.737ms
[2643.582s][info][gc,cpu         ] GC(542) User=0.54s Sys=0.01s Real=0.09s
......[2649.809s][info][gc,start       ] GC(543) Pause Young (Allocation Failure)
[2649.909s][info][gc,heap        ] GC(543) PSYoungGen: 2622080K(2638848K)->138560K(2639872K) Eden: 2484224K(2484224K)->0K(2487296K) From: 137856K(154624K)->138560K(152576K)
[2649.909s][info][gc,heap        ] GC(543) ParOldGen: 4264588K(4264960K)->4356444K(4356608K)
[2649.909s][info][gc,metaspace   ] GC(543) Metaspace: 29125K(29504K)->29125K(29504K) NonClass: 24234K(24384K)->24234K(24384K) Class: 4891K(5120K)->4891K(5120K)
[2649.909s][info][gc             ] GC(543) Pause Young (Allocation Failure) 6725M->4389M(6832M) 100.163ms
[2649.909s][info][gc,cpu         ] GC(543) User=0.56s Sys=0.04s Real=0.10s
.......[2656.235s][info][gc,start       ] GC(544) Pause Young (Allocation Failure)
[2656.332s][info][gc,heap        ] GC(544) PSYoungGen: 2625856K(2639872K)->137632K(2640384K) Eden: 2487296K(2487296K)->0K(2487296K) From: 138560K(152576K)->137632K(153088K)
[2656.332s][info][gc,heap        ] GC(544) ParOldGen: 4356444K(4356608K)->4447228K(4447232K)
[2656.332s][info][gc,metaspace   ] GC(544) Metaspace: 29125K(29504K)->29125K(29504K) NonClass: 24234K(24384K)->24234K(24384K) Class: 4891K(5120K)->4891K(5120K)
[2656.332s][info][gc             ] GC(544) Pause Young (Allocation Failure) 6818M->4477M(6921M) 97.067ms
[2656.332s][info][gc,cpu         ] GC(544) User=0.54s Sys=0.03s Real=0.09s
......[2662.678s][info][gc,start       ] GC(545) Pause Young (Allocation Failure)
[2662.778s][info][gc,heap        ] GC(545) PSYoungGen: 2624928K(2640384K)->140032K(2640896K) Eden: 2487296K(2487296K)->0K(2490368K) From: 137632K(153088K)->140032K(150528K)
[2662.778s][info][gc,heap        ] GC(545) ParOldGen: 4447228K(4447232K)->4539700K(4539904K)
[2662.778s][info][gc,metaspace   ] GC(545) Metaspace: 29125K(29504K)->29125K(29504K) NonClass: 24234K(24384K)->24234K(24384K) Class: 4891K(5120K)->4891K(5120K)
[2662.778s][info][gc             ] GC(545) Pause Young (Allocation Failure) 6906M->4570M(7012M) 100.355ms
[2662.778s][info][gc,cpu         ] GC(545) User=0.56s Sys=0.04s Real=0.10s
.......[2669.095s][info][gc,start       ] GC(546) Pause Young (Allocation Failure)
[2669.194s][info][gc,heap        ] GC(546) PSYoungGen: 2630400K(2640896K)->140704K(2641920K) Eden: 2490368K(2490368K)->0K(2490368K) From: 140032K(150528K)->140704K(151552K)
[2669.194s][info][gc,heap        ] GC(546) ParOldGen: 4539700K(4539904K)->4632476K(4632576K)
[2669.194s][info][gc,metaspace   ] GC(546) Metaspace: 29125K(29504K)->29125K(29504K) NonClass: 24234K(24384K)->24234K(24384K) Class: 4891K(5120K)->4891K(5120K)
[2669.194s][info][gc             ] GC(546) Pause Young (Allocation Failure) 7002M->4661M(7104M) 98.881ms
[2669.194s][info][gc,cpu         ] GC(546) User=0.55s Sys=0.03s Real=0.10s
......[2675.438s][info][gc,start       ] GC(547) Pause Young (Allocation Failure)
[2675.539s][info][gc,heap        ] GC(547) PSYoungGen: 2631072K(2641920K)->141268K(2642432K) Eden: 2490368K(2490368K)->0K(2493952K) From: 140704K(151552K)->141268K(148480K)
[2675.539s][info][gc,heap        ] GC(547) ParOldGen: 4632476K(4632576K)->4724892K(4725248K)
[2675.539s][info][gc,metaspace   ] GC(547) Metaspace: 29125K(29504K)->29125K(29504K) NonClass: 24234K(24384K)->24234K(24384K) Class: 4891K(5120K)->4891K(5120K)
[2675.539s][info][gc             ] GC(547) Pause Young (Allocation Failure) 7093M->4752M(7195M) 101.331ms
[2675.539s][info][gc,cpu         ] GC(547) User=0.56s Sys=0.03s Real=0.10s
..... (rIR:aIR:PR = 3183:3183:3183) (tPR = 47229) [OK] 
  2679s: Performance info:
         Transaction,    Success,    Partial,     Failed,   Receipts, AvgBarcode, 
             Overall,     191378,          0,          0,     181802,      59.48, 
         Response times:
             Request,    Success,    Partial,     Failed,   SkipFail,     Probes,    Samples,      min,      p50,      p90,      p95,      p99,      max, 
       TotalPurchase,     181802,          0,          0,          0,     177856,     190926,      300,     2400,     3700,     4200,    11200,   130000,
     InStorePurchase,      95728,          0,          0,          0,      93762,     100448,      300,     2400,     3700,     4100,    12100,   130000,
      OnlinePurchase,      66936,          0,          0,          0,      65574,      70379,      300,     2200,     3700,     4100,     9500,   117000,
        InstPurchase,      19138,          0,          0,          0,      18520,      20099,      400,     2700,     3900,     4300,    13400,   117000,
          AssocOfCat,        194,          0,          0,          0,        132,        179,    16800,    23000,    29000,    31000,    40400,    42000,
      AssocOfProduct,       1911,          0,          0,          0,       1759,       2044,      900,     2900,     3900,     4300,    12965,   106000,
      BusinessReport,        477,          0,          0,          0,        393,        511,    18100,    28000,    35000,    38000,    52760,   155000,
          CustBuyBeh,       1927,          0,          0,          0,       1751,       2016,      200,     2000,     3900,     4400,    10400,   105000,
       ProductReturn,       5067,          0,          0,          0,       4762,       5383,      200,     1600,     3300,     3800,     6032,   110000,

  2679s: (24%)   IR =   3321 .[2681.829s][info][gc,start       ] GC(548) Pause Young (Allocation Failure)
[2681.930s][info][gc,heap        ] GC(548) PSYoungGen: 2635220K(2642432K)->147029K(2643456K) Eden: 2493952K(2493952K)->0K(2493952K) From: 141268K(148480K)->147029K(149504K)
[2681.930s][info][gc,heap        ] GC(548) ParOldGen: 4724892K(4725248K)->4816116K(4816384K)
[2681.930s][info][gc,metaspace   ] GC(548) Metaspace: 29125K(29504K)->29125K(29504K) NonClass: 24234K(24384K)->24234K(24384K) Class: 4891K(5120K)->4891K(5120K)
[2681.930s][info][gc             ] GC(548) Pause Young (Allocation Failure) 7187M->4846M(7285M) 101.230ms
[2681.930s][info][gc,cpu         ] GC(548) User=0.57s Sys=0.02s Real=0.10s
...|....[2688.077s][info][gc,start       ] GC(549) Pause Young (Allocation Failure)
[2688.178s][info][gc,heap        ] GC(549) PSYoungGen: 2640981K(2643456K)->142016K(2645504K) Eden: 2493952K(2493952K)->0K(2494464K) From: 147029K(149504K)->142016K(151040K)
[2688.178s][info][gc,heap        ] GC(549) ParOldGen: 4816116K(4816384K)->4909036K(4909056K)
[2688.178s][info][gc,metaspace   ] GC(549) Metaspace: 29125K(29504K)->29125K(29504K) NonClass: 24234K(24384K)->24234K(24384K) Class: 4891K(5120K)->4891K(5120K)
[2688.178s][info][gc             ] GC(549) Pause Young (Allocation Failure) 7282M->4932M(7377M) 100.395ms
[2688.178s][info][gc,cpu         ] GC(549) User=0.57s Sys=0.03s Real=0.10s
......[2694.224s][info][gc,start       ] GC(550) Pause Young (Allocation Failure)
[2694.325s][info][gc,heap        ] GC(550) PSYoungGen: 2636480K(2645504K)->142037K(2636800K) Eden: 2494464K(2494464K)->0K(2494464K) From: 142016K(151040K)->142037K(142336K)
[2694.325s][info][gc,heap        ] GC(550) ParOldGen: 4909036K(4909056K)->5002444K(5002752K)
[2694.325s][info][gc,metaspace   ] GC(550) Metaspace: 29125K(29504K)->29125K(29504K) NonClass: 24234K(24384K)->24234K(24384K) Class: 4891K(5120K)->4891K(5120K)
[2694.325s][info][gc             ] GC(550) Pause Young (Allocation Failure) 7368M->5023M(7460M) 100.977ms
[2694.325s][info][gc,cpu         ] GC(550) User=0.56s Sys=0.04s Real=0.10s
......[2700.328s][info][gc,start       ] GC(551) Pause Young (Allocation Failure)
[2700.428s][info][gc,heap        ] GC(551) PSYoungGen: 2636501K(2636800K)->141685K(2645504K) Eden: 2494464K(2494464K)->0K(2495488K) From: 142037K(142336K)->141685K(150016K)
[2700.428s][info][gc,heap        ] GC(551) ParOldGen: 5002444K(5002752K)->5094844K(5094912K)
[2700.428s][info][gc,metaspace   ] GC(551) Metaspace: 29125K(29504K)->29125K(29504K) NonClass: 24234K(24384K)->24234K(24384K) Class: 4891K(5120K)->4891K(5120K)
[2700.428s][info][gc             ] GC(551) Pause Young (Allocation Failure) 7459M->5113M(7559M) 99.878ms
[2700.428s][info][gc,cpu         ] GC(551) User=0.56s Sys=0.03s Real=0.10s
.[2701.611s][info][gc,start       ] GC(552) Pause Full (Diagnostic Command)
[2701.611s][info][gc,phases,start] GC(552) Marking Phase
[2701.893s][info][gc,phases      ] GC(552) Marking Phase 282.060ms
[2701.893s][info][gc,phases,start] GC(552) Summary Phase
[2701.893s][info][gc,phases      ] GC(552) Summary Phase 0.070ms
[2701.893s][info][gc,phases,start] GC(552) Forward
[2702.073s][info][gc,phases      ] GC(552) Forward 179.855ms
[2702.073s][info][gc,phases,start] GC(552) Adjust Pointers
[2702.271s][info][gc,phases      ] GC(552) Adjust Pointers 198.752ms
[2702.272s][info][gc,phases,start] GC(552) Compaction Phase
[2702.435s][info][gc,phases      ] GC(552) Compaction Phase 163.415ms
[2702.437s][info][gc,phases,start] GC(552) Post Compact
[2702.442s][info][gc,phases      ] GC(552) Post Compact 4.983ms
[2702.442s][info][gc,heap        ] GC(552) PSYoungGen: 676776K(2645504K)->0K(2645504K) Eden: 535091K(2495488K)->0K(2495488K) From: 141685K(150016K)->0K(150016K)
[2702.442s][info][gc,heap        ] GC(552) ParOldGen: 5094844K(5094912K)->1136343K(5094912K)
[2702.442s][info][gc,metaspace   ] GC(552) Metaspace: 29125K(29504K)->29125K(29504K) NonClass: 24234K(24384K)->24234K(24384K) Class: 4891K(5120K)->4891K(5120K)
[2702.442s][info][gc             ] GC(552) Pause Full (Diagnostic Command) 5636M->1109M(7559M) 831.813ms
[2702.442s][info][gc,cpu         ] GC(552) User=4.26s Sys=0.00s Real=0.83s
......[2707.720s][info][gc,start       ] GC(553) Pause Young (Allocation Failure)
[2707.784s][info][gc,heap        ] GC(553) PSYoungGen: 2495488K(2645504K)->142208K(2644480K) Eden: 2495488K(2495488K)->0K(2495488K) From: 0K(150016K)->142208K(148992K)
[2707.784s][info][gc,heap        ] GC(553) ParOldGen: 1136343K(5094912K)->1136343K(5094912K)
[2707.784s][info][gc,metaspace   ] GC(553) Metaspace: 29125K(29504K)->29125K(29504K) NonClass: 24234K(24384K)->24234K(24384K) Class: 4891K(5120K)->4891K(5120K)
[2707.784s][info][gc             ] GC(553) Pause Young (Allocation Failure) 3546M->1248M(7558M) 64.064ms
[2707.784s][info][gc,cpu         ] GC(553) User=0.38s Sys=0.00s Real=0.07s
......[2713.908s][info][gc,start       ] GC(554) Pause Young (Allocation Failure)
[2714.000s][info][gc,heap        ] GC(554) PSYoungGen: 2637696K(2644480K)->139776K(2645504K) Eden: 2495488K(2495488K)->0K(2497024K) From: 142208K(148992K)->139776K(148480K)
[2714.000s][info][gc,heap        ] GC(554) ParOldGen: 1136343K(5094912K)->1228631K(5094912K)
[2714.000s][info][gc,metaspace   ] GC(554) Metaspace: 29125K(29504K)->29125K(29504K) NonClass: 24234K(24384K)->24234K(24384K) Class: 4891K(5120K)->4891K(5120K)
[2714.000s][info][gc             ] GC(554) Pause Young (Allocation Failure) 3685M->1336M(7559M) 92.588ms
[2714.000s][info][gc,cpu         ] GC(554) User=0.55s Sys=0.00s Real=0.09s
......[2720.084s][info][gc,start       ] GC(555) Pause Young (Allocation Failure)
[2720.179s][info][gc,heap        ] GC(555) PSYoungGen: 2636800K(2645504K)->144965K(2645504K) Eden: 2497024K(2497024K)->0K(2497024K) From: 139776K(148480K)->144965K(148480K)
[2720.179s][info][gc,heap        ] GC(555) ParOldGen: 1228631K(5094912K)->1321551K(5094912K)
[2720.179s][info][gc,metaspace   ] GC(555) Metaspace: 29132K(29504K)->29132K(29504K) NonClass: 24240K(24384K)->24240K(24384K) Class: 4891K(5120K)->4891K(5120K)
[2720.179s][info][gc             ] GC(555) Pause Young (Allocation Failure) 3774M->1432M(7559M) 94.175ms
[2720.179s][info][gc,cpu         ] GC(555) User=0.56s Sys=0.00s Real=0.09s
......[2726.213s][info][gc,start       ] GC(556) Pause Young (Allocation Failure)
[2726.305s][info][gc,heap        ] GC(556) PSYoungGen: 2641989K(2645504K)->137760K(2647040K) Eden: 2497024K(2497024K)->0K(2498048K) From: 144965K(148480K)->137760K(148992K)
[2726.305s][info][gc,heap        ] GC(556) ParOldGen: 1321551K(5094912K)->1413959K(5094912K)
[2726.305s][info][gc,metaspace   ] GC(556) Metaspace: 29132K(29504K)->29132K(29504K) NonClass: 24240K(24384K)->24240K(24384K) Class: 4891K(5120K)->4891K(5120K)
[2726.305s][info][gc             ] GC(556) Pause Young (Allocation Failure) 3870M->1515M(7560M) 91.951ms
[2726.305s][info][gc,cpu         ] GC(556) User=0.54s Sys=0.00s Real=0.10s
......[2732.251s][info][gc,start       ] GC(557) Pause Young (Allocation Failure)
[2732.343s][info][gc,heap        ] GC(557) PSYoungGen: 2635808K(2647040K)->139764K(2637824K) Eden: 2498048K(2498048K)->0K(2498048K) From: 137760K(148992K)->139764K(139776K)
[2732.343s][info][gc,heap        ] GC(557) ParOldGen: 1413959K(5094912K)->1507143K(5094912K)
[2732.343s][info][gc,metaspace   ] GC(557) Metaspace: 29132K(29504K)->29132K(29504K) NonClass: 24240K(24384K)->24240K(24384K) Class: 4891K(5120K)->4891K(5120K)
[2732.343s][info][gc             ] GC(557) Pause Young (Allocation Failure) 3954M->1608M(7551M) 91.548ms
[2732.343s][info][gc,cpu         ] GC(557) User=0.55s Sys=0.00s Real=0.09s
......[2738.450s][info][gc,start       ] GC(558) Pause Young (Allocation Failure)
[2738.542s][info][gc,heap        ] GC(558) PSYoungGen: 2637812K(2637824K)->139872K(2647040K) Eden: 2498048K(2498048K)->0K(2498560K) From: 139764K(139776K)->139872K(148480K)
[2738.542s][info][gc,heap        ] GC(558) ParOldGen: 1507143K(5094912K)->1597303K(5094912K)
[2738.542s][info][gc,metaspace   ] GC(558) Metaspace: 29132K(29504K)->29132K(29504K) NonClass: 24240K(24384K)->24240K(24384K) Class: 4891K(5120K)->4891K(5120K)
[2738.542s][info][gc             ] GC(558) Pause Young (Allocation Failure) 4047M->1696M(7560M) 92.355ms
[2738.542s][info][gc,cpu         ] GC(558) User=0.55s Sys=0.00s Real=0.09s
.......[2744.552s][info][gc,start       ] GC(559) Pause Young (Allocation Failure)
[2744.647s][info][gc,heap        ] GC(559) PSYoungGen: 2638432K(2647040K)->142276K(2646528K) Eden: 2498560K(2498560K)->0K(2498560K) From: 139872K(148480K)->142276K(147968K)
[2744.648s][info][gc,heap        ] GC(559) ParOldGen: 1597303K(5094912K)->1690911K(5094912K)
[2744.648s][info][gc,metaspace   ] GC(559) Metaspace: 29132K(29504K)->29132K(29504K) NonClass: 24240K(24384K)->24240K(24384K) Class: 4891K(5120K)->4891K(5120K)
[2744.648s][info][gc             ] GC(559) Pause Young (Allocation Failure) 4136M->1790M(7560M) 95.028ms
[2744.648s][info][gc,cpu         ] GC(559) User=0.55s Sys=0.00s Real=0.10s
 (rIR:aIR:PR = 3321:3324:3324) (tPR = 49114) [OK] 
  2744s: Performance info:
         Transaction,    Success,    Partial,     Failed,   Receipts, AvgBarcode, 
             Overall,     201303,          0,          0,     191233,      59.47, 
         Response times:
             Request,    Success,    Partial,     Failed,   SkipFail,     Probes,    Samples,      min,      p50,      p90,      p95,      p99,      max, 
       TotalPurchase,     191233,          0,          0,          0,     186607,     200867,      300,     2500,     4000,     4700,   109000,   269000,
     InStorePurchase,     100627,          0,          0,          0,      98418,     105738,      300,     2500,     3900,     4700,   109000,   269000,
      OnlinePurchase,      70469,          0,          0,          0,      68806,      74024,      300,     2500,     4000,     4700,   106000,   269000,
        InstPurchase,      20137,          0,          0,          0,      19383,      21105,      400,     2500,     4000,     4800,   117000,   269000,
          AssocOfCat,        201,          0,          0,          0,        147,        192,    16700,    23000,    29000,    31350,    53260,   163000,
      AssocOfProduct,       2022,          0,          0,          0,       1749,       2031,      300,     2700,     4200,     4900,   167000,   187000,
      BusinessReport,        502,          0,          0,          0,        434,        564,    19000,    29000,    40000,    53000,   183000,   940000,
          CustBuyBeh,       2013,          0,          0,          0,       1818,       2128,      100,     3100,     4200,     4800,    73000,   187000,
       ProductReturn,       5331,          0,          0,          0,       4963,       5640,      200,     2700,     3800,     4500,   164000,   184000,

  2744s: (25%)   IR =   3459 .....|[2750.576s][info][gc,start       ] GC(560) Pause Young (Allocation Failure)
[2750.671s][info][gc,heap        ] GC(560) PSYoungGen: 2640836K(2646528K)->146565K(2646016K) Eden: 2498560K(2498560K)->0K(2498048K) From: 142276K(147968K)->146565K(147968K)
[2750.671s][info][gc,heap        ] GC(560) ParOldGen: 1690911K(5094912K)->1782647K(5094912K)
[2750.671s][info][gc,metaspace   ] GC(560) Metaspace: 29132K(29504K)->29132K(29504K) NonClass: 24240K(24384K)->24240K(24384K) Class: 4891K(5120K)->4891K(5120K)
[2750.671s][info][gc             ] GC(560) Pause Young (Allocation Failure) 4230M->1883M(7559M) 94.777ms
[2750.671s][info][gc,cpu         ] GC(560) User=0.57s Sys=0.00s Real=0.09s
......[2756.390s][info][gc,start       ] GC(561) Pause Young (Allocation Failure)
[2756.485s][info][gc,heap        ] GC(561) PSYoungGen: 2644613K(2646016K)->140932K(2647040K) Eden: 2498048K(2498048K)->0K(2498048K) From: 146565K(147968K)->140932K(148992K)
[2756.485s][info][gc,heap        ] GC(561) ParOldGen: 1782647K(5094912K)->1875927K(5094912K)
[2756.485s][info][gc,metaspace   ] GC(561) Metaspace: 29132K(29504K)->29132K(29504K) NonClass: 24240K(24384K)->24240K(24384K) Class: 4891K(5120K)->4891K(5120K)
[2756.485s][info][gc             ] GC(561) Pause Young (Allocation Failure) 4323M->1969M(7560M) 94.466ms
[2756.485s][info][gc,cpu         ] GC(561) User=0.55s Sys=0.00s Real=0.10s
......[2762.314s][info][gc,start       ] GC(562) Pause Young (Allocation Failure)
[2762.408s][info][gc,heap        ] GC(562) PSYoungGen: 2638980K(2647040K)->138528K(2646528K) Eden: 2498048K(2498048K)->0K(2498560K) From: 140932K(148992K)->138528K(147968K)
[2762.408s][info][gc,heap        ] GC(562) ParOldGen: 1875927K(5094912K)->1966999K(5094912K)
[2762.408s][info][gc,metaspace   ] GC(562) Metaspace: 29132K(29504K)->29132K(29504K) NonClass: 24240K(24384K)->24240K(24384K) Class: 4891K(5120K)->4891K(5120K)
[2762.408s][info][gc             ] GC(562) Pause Young (Allocation Failure) 4409M->2056M(7560M) 93.297ms
[2762.408s][info][gc,cpu         ] GC(562) User=0.55s Sys=0.00s Real=0.09s
......[2768.173s][info][gc,start       ] GC(563) Pause Young (Allocation Failure)
[2768.266s][info][gc,heap        ] GC(563) PSYoungGen: 2637088K(2646528K)->140736K(2647040K) Eden: 2498560K(2498560K)->0K(2498560K) From: 138528K(147968K)->140736K(148480K)
[2768.266s][info][gc,heap        ] GC(563) ParOldGen: 1966999K(5094912K)->2059991K(5094912K)
[2768.266s][info][gc,metaspace   ] GC(563) Metaspace: 29132K(29504K)->29132K(29504K) NonClass: 24240K(24384K)->24240K(24384K) Class: 4891K(5120K)->4891K(5120K)
[2768.267s][info][gc             ] GC(563) Pause Young (Allocation Failure) 4496M->2149M(7560M) 93.325ms
[2768.267s][info][gc,cpu         ] GC(563) User=0.56s Sys=0.00s Real=0.10s
......[2774.090s][info][gc,start       ] GC(564) Pause Young (Allocation Failure)
[2774.183s][info][gc,heap        ] GC(564) PSYoungGen: 2639296K(2647040K)->140800K(2646528K) Eden: 2498560K(2498560K)->0K(2499584K) From: 140736K(148480K)->140800K(146944K)
[2774.183s][info][gc,heap        ] GC(564) ParOldGen: 2059991K(5094912K)->2152007K(5094912K)
[2774.183s][info][gc,metaspace   ] GC(564) Metaspace: 29132K(29504K)->29132K(29504K) NonClass: 24240K(24384K)->24240K(24384K) Class: 4891K(5120K)->4891K(5120K)
[2774.183s][info][gc             ] GC(564) Pause Young (Allocation Failure) 4589M->2239M(7560M) 93.181ms
[2774.183s][info][gc,cpu         ] GC(564) User=0.55s Sys=0.01s Real=0.09s
......[2780.068s][info][gc,start       ] GC(565) Pause Young (Allocation Failure)
[2780.160s][info][gc,heap        ] GC(565) PSYoungGen: 2640384K(2646528K)->142432K(2647040K) Eden: 2499584K(2499584K)->0K(2499584K) From: 140800K(146944K)->142432K(147456K)
[2780.160s][info][gc,heap        ] GC(565) ParOldGen: 2152007K(5094912K)->2243231K(5094912K)
[2780.160s][info][gc,metaspace   ] GC(565) Metaspace: 29132K(29504K)->29132K(29504K) NonClass: 24240K(24384K)->24240K(24384K) Class: 4891K(5120K)->4891K(5120K)
[2780.160s][info][gc             ] GC(565) Pause Young (Allocation Failure) 4680M->2329M(7560M) 92.288ms
[2780.160s][info][gc,cpu         ] GC(565) User=0.55s Sys=0.00s Real=0.09s
......[2785.968s][info][gc,start       ] GC(566) Pause Young (Allocation Failure)
[2786.061s][info][gc,heap        ] GC(566) PSYoungGen: 2642016K(2647040K)->139648K(2648576K) Eden: 2499584K(2499584K)->0K(2501632K) From: 142432K(147456K)->139648K(146944K)
[2786.061s][info][gc,heap        ] GC(566) ParOldGen: 2243231K(5094912K)->2337231K(5094912K)
[2786.061s][info][gc,metaspace   ] GC(566) Metaspace: 29133K(29504K)->29133K(29504K) NonClass: 24242K(24384K)->24242K(24384K) Class: 4891K(5120K)->4891K(5120K)
[2786.061s][info][gc             ] GC(566) Pause Young (Allocation Failure) 4770M->2418M(7562M) 93.509ms
[2786.061s][info][gc,cpu         ] GC(566) User=0.55s Sys=0.00s Real=0.09s
......[2791.887s][info][gc,start       ] GC(567) Pause Young (Allocation Failure)
[2791.980s][info][gc,heap        ] GC(567) PSYoungGen: 2641280K(2648576K)->140480K(2648576K) Eden: 2501632K(2501632K)->0K(2501632K) From: 139648K(146944K)->140480K(146944K)
[2791.980s][info][gc,heap        ] GC(567) ParOldGen: 2337231K(5094912K)->2429135K(5094912K)
[2791.980s][info][gc,metaspace   ] GC(567) Metaspace: 29133K(29504K)->29133K(29504K) NonClass: 24242K(24384K)->24242K(24384K) Class: 4891K(5120K)->4891K(5120K)
[2791.980s][info][gc             ] GC(567) Pause Young (Allocation Failure) 4861M->2509M(7562M) 93.022ms
[2791.980s][info][gc,cpu         ] GC(567) User=0.55s Sys=0.00s Real=0.09s
......[2797.765s][info][gc,start       ] GC(568) Pause Young (Allocation Failure)
[2797.861s][info][gc,heap        ] GC(568) PSYoungGen: 2642112K(2648576K)->143316K(2648064K) Eden: 2501632K(2501632K)->0K(2501632K) From: 140480K(146944K)->143316K(146432K)
[2797.861s][info][gc,heap        ] GC(568) ParOldGen: 2429135K(5094912K)->2521943K(5094912K)
[2797.861s][info][gc,metaspace   ] GC(568) Metaspace: 29133K(29504K)->29133K(29504K) NonClass: 24242K(24384K)->24242K(24384K) Class: 4891K(5120K)->4891K(5120K)
[2797.861s][info][gc             ] GC(568) Pause Young (Allocation Failure) 4952M->2602M(7561M) 95.786ms
[2797.861s][info][gc,cpu         ] GC(568) User=0.56s Sys=0.00s Real=0.09s
.....[2803.707s][info][gc,start       ] GC(569) Pause Young (Allocation Failure)
[2803.803s][info][gc,heap        ] GC(569) PSYoungGen: 2644948K(2648064K)->144804K(2648576K) Eden: 2501632K(2501632K)->0K(2501632K) From: 143316K(146432K)->144804K(146944K)
[2803.803s][info][gc,heap        ] GC(569) ParOldGen: 2521943K(5094912K)->2613215K(5094912K)
[2803.803s][info][gc,metaspace   ] GC(569) Metaspace: 29133K(29504K)->29133K(29504K) NonClass: 24242K(24384K)->24242K(24384K) Class: 4891K(5120K)->4891K(5120K)
[2803.803s][info][gc             ] GC(569) Pause Young (Allocation Failure) 5045M->2693M(7562M) 96.030ms
[2803.803s][info][gc,cpu         ] GC(569) User=0.56s Sys=0.00s Real=0.10s
......[2809.570s][info][gc,start       ] GC(570) Pause Young (Allocation Failure)
[2809.664s][info][gc,heap        ] GC(570) PSYoungGen: 2646436K(2648576K)->139200K(2648576K) Eden: 2501632K(2501632K)->0K(2501120K) From: 144804K(146944K)->139200K(147456K)
[2809.664s][info][gc,heap        ] GC(570) ParOldGen: 2613215K(5094912K)->2706591K(5094912K)
[2809.664s][info][gc,metaspace   ] GC(570) Metaspace: 29133K(29504K)->29133K(29504K) NonClass: 24242K(24384K)->24242K(24384K) Class: 4891K(5120K)->4891K(5120K)
[2809.664s][info][gc             ] GC(570) Pause Young (Allocation Failure) 5136M->2779M(7562M) 94.032ms
[2809.664s][info][gc,cpu         ] GC(570) User=0.56s Sys=0.00s Real=0.10s
. (rIR:aIR:PR = 3459:3459:3459) (tPR = 51259) [OK] 
  2809s: Performance info:
         Transaction,    Success,    Partial,     Failed,   Receipts, AvgBarcode, 
             Overall,     208036,          0,          0,     197650,      59.48, 
         Response times:
             Request,    Success,    Partial,     Failed,   SkipFail,     Probes,    Samples,      min,      p50,      p90,      p95,      p99,      max, 
       TotalPurchase,     197650,          0,          0,          0,     193720,     210415,      200,     2600,     4100,     4600,    12800,   135000,
     InStorePurchase,     104018,          0,          0,          0,     102378,     110958,      200,     2600,     4100,     4600,    13300,   135000,
      OnlinePurchase,      72824,          0,          0,          0,      71217,      77437,      300,     2600,     4100,     4600,    12400,   115000,
        InstPurchase,      20808,          0,          0,          0,      20125,      22020,      400,     2400,     4000,     4500,    12079,   115000,
          AssocOfCat,        206,          0,          0,          0,        164,        241,    16600,    22000,    30000,    33000,    41320,    51000,
      AssocOfProduct,       2074,          0,          0,          0,       1879,       2218,      700,     3000,     4200,     4700,    12781,    29000,
      BusinessReport,        523,          0,          0,          0,        438,        569,    18900,    28000,    36000,    41000,    54000,   131000,
          CustBuyBeh,       2079,          0,          0,          0,       1870,       2208,      400,     2700,     4000,     4600,    12964,   103000,
       ProductReturn,       5504,          0,          0,          0,       5240,       5972,      200,     2600,     4070,     4600,    13400,   102000,

  2809s: (26%)   IR =   3598 ....|.[2815.227s][info][gc,start       ] GC(571) Pause Young (Allocation Failure)
[2815.320s][info][gc,heap        ] GC(571) PSYoungGen: 2640320K(2648576K)->136768K(2648576K) Eden: 2501120K(2501120K)->0K(2501120K) From: 139200K(147456K)->136768K(147456K)
[2815.320s][info][gc,heap        ] GC(571) ParOldGen: 2706591K(5094912K)->2799623K(5094912K)
[2815.320s][info][gc,metaspace   ] GC(571) Metaspace: 29133K(29504K)->29133K(29504K) NonClass: 24242K(24384K)->24242K(24384K) Class: 4891K(5120K)->4891K(5120K)
[2815.320s][info][gc             ] GC(571) Pause Young (Allocation Failure) 5221M->2867M(7562M) 92.922ms
[2815.320s][info][gc,cpu         ] GC(571) User=0.54s Sys=0.00s Real=0.09s
......[2820.964s][info][gc,start       ] GC(572) Pause Young (Allocation Failure)
[2821.059s][info][gc,heap        ] GC(572) PSYoungGen: 2637888K(2648576K)->142048K(2648576K) Eden: 2501120K(2501120K)->0K(2501120K) From: 136768K(147456K)->142048K(147456K)
[2821.059s][info][gc,heap        ] GC(572) ParOldGen: 2799623K(5094912K)->2891551K(5094912K)
[2821.059s][info][gc,metaspace   ] GC(572) Metaspace: 29133K(29504K)->29133K(29504K) NonClass: 24242K(24384K)->24242K(24384K) Class: 4891K(5120K)->4891K(5120K)
[2821.059s][info][gc             ] GC(572) Pause Young (Allocation Failure) 5310M->2962M(7562M) 94.869ms
[2821.059s][info][gc,cpu         ] GC(572) User=0.55s Sys=0.00s Real=0.09s
.....[2826.604s][info][gc,start       ] GC(573) Pause Young (Allocation Failure)
[2826.699s][info][gc,heap        ] GC(573) PSYoungGen: 2643168K(2648576K)->139360K(2640896K) Eden: 2501120K(2501120K)->0K(2501120K) From: 142048K(147456K)->139360K(139776K)
[2826.699s][info][gc,heap        ] GC(573) ParOldGen: 2891551K(5094912K)->2985199K(5094912K)
[2826.699s][info][gc,metaspace   ] GC(573) Metaspace: 29133K(29504K)->29133K(29504K) NonClass: 24242K(24384K)->24242K(24384K) Class: 4891K(5120K)->4891K(5120K)
[2826.699s][info][gc             ] GC(573) Pause Young (Allocation Failure) 5404M->3051M(7554M) 94.462ms
[2826.699s][info][gc,cpu         ] GC(573) User=0.56s Sys=0.01s Real=0.09s
......[2832.346s][info][gc,start       ] GC(574) Pause Young (Allocation Failure)
[2832.442s][info][gc,heap        ] GC(574) PSYoungGen: 2640480K(2640896K)->143187K(2647552K) Eden: 2501120K(2501120K)->0K(2500608K) From: 139360K(139776K)->143187K(146944K)
[2832.442s][info][gc,heap        ] GC(574) ParOldGen: 2985199K(5094912K)->3077423K(5094912K)
[2832.442s][info][gc,metaspace   ] GC(574) Metaspace: 29133K(29504K)->29133K(29504K) NonClass: 24242K(24384K)->24242K(24384K) Class: 4891K(5120K)->4891K(5120K)
[2832.442s][info][gc             ] GC(574) Pause Young (Allocation Failure) 5493M->3145M(7561M) 95.915ms
[2832.442s][info][gc,cpu         ] GC(574) User=0.57s Sys=0.00s Real=0.09s
......[2837.963s][info][gc,start       ] GC(575) Pause Young (Allocation Failure)
[2838.057s][info][gc,heap        ] GC(575) PSYoungGen: 2643795K(2647552K)->138464K(2648064K) Eden: 2500608K(2500608K)->0K(2500608K) From: 143187K(146944K)->138464K(147456K)
[2838.057s][info][gc,heap        ] GC(575) ParOldGen: 3077423K(5094912K)->3170295K(5094912K)
[2838.057s][info][gc,metaspace   ] GC(575) Metaspace: 29133K(29504K)->29133K(29504K) NonClass: 24242K(24384K)->24242K(24384K) Class: 4891K(5120K)->4891K(5120K)
[2838.057s][info][gc             ] GC(575) Pause Young (Allocation Failure) 5587M->3231M(7561M) 93.935ms
[2838.057s][info][gc,cpu         ] GC(575) User=0.54s Sys=0.00s Real=0.09s
.....[2843.711s][info][gc,start       ] GC(576) Pause Young (Allocation Failure)
[2843.808s][info][gc,heap        ] GC(576) PSYoungGen: 2639072K(2648064K)->145316K(2647040K) Eden: 2500608K(2500608K)->0K(2500096K) From: 138464K(147456K)->145316K(146944K)
[2843.808s][info][gc,heap        ] GC(576) ParOldGen: 3170295K(5094912K)->3260575K(5094912K)
[2843.808s][info][gc,metaspace   ] GC(576) Metaspace: 29133K(29504K)->29133K(29504K) NonClass: 24242K(24384K)->24242K(24384K) Class: 4891K(5120K)->4891K(5120K)
[2843.808s][info][gc             ] GC(576) Pause Young (Allocation Failure) 5673M->3326M(7560M) 97.201ms
[2843.808s][info][gc,cpu         ] GC(576) User=0.57s Sys=0.00s Real=0.10s
......[2849.373s][info][gc,start       ] GC(577) Pause Young (Allocation Failure)
[2849.470s][info][gc,heap        ] GC(577) PSYoungGen: 2645412K(2647040K)->142484K(2648064K) Eden: 2500096K(2500096K)->0K(2500096K) From: 145316K(146944K)->142484K(147968K)
[2849.470s][info][gc,heap        ] GC(577) ParOldGen: 3260575K(5094912K)->3354215K(5094912K)
[2849.470s][info][gc,metaspace   ] GC(577) Metaspace: 29133K(29504K)->29133K(29504K) NonClass: 24242K(24384K)->24242K(24384K) Class: 4891K(5120K)->4891K(5120K)
[2849.470s][info][gc             ] GC(577) Pause Young (Allocation Failure) 5767M->3414M(7561M) 97.734ms
[2849.470s][info][gc,cpu         ] GC(577) User=0.57s Sys=0.00s Real=0.10s
......[2854.978s][info][gc,start       ] GC(578) Pause Young (Allocation Failure)
[2855.072s][info][gc,heap        ] GC(578) PSYoungGen: 2642580K(2648064K)->140672K(2647040K) Eden: 2500096K(2500096K)->0K(2500096K) From: 142484K(147968K)->140672K(146944K)
[2855.072s][info][gc,heap        ] GC(578) ParOldGen: 3354215K(5094912K)->3446911K(5094912K)
[2855.072s][info][gc,metaspace   ] GC(578) Metaspace: 29133K(29504K)->29133K(29504K) NonClass: 24242K(24384K)->24242K(24384K) Class: 4891K(5120K)->4891K(5120K)
[2855.072s][info][gc             ] GC(578) Pause Young (Allocation Failure) 5856M->3503M(7560M) 94.001ms
[2855.072s][info][gc,cpu         ] GC(578) User=0.56s Sys=0.00s Real=0.09s
.....[2860.716s][info][gc,start       ] GC(579) Pause Young (Allocation Failure)
[2860.811s][info][gc,heap        ] GC(579) PSYoungGen: 2640768K(2647040K)->141312K(2647552K) Eden: 2500096K(2500096K)->0K(2500096K) From: 140672K(146944K)->141312K(147456K)
[2860.811s][info][gc,heap        ] GC(579) ParOldGen: 3446911K(5094912K)->3539007K(5094912K)
[2860.811s][info][gc,metaspace   ] GC(579) Metaspace: 29133K(29504K)->29133K(29504K) NonClass: 24242K(24384K)->24242K(24384K) Class: 4891K(5120K)->4891K(5120K)
[2860.811s][info][gc             ] GC(579) Pause Young (Allocation Failure) 5944M->3594M(7561M) 95.521ms
[2860.811s][info][gc,cpu         ] GC(579) User=0.56s Sys=0.01s Real=0.09s
......[2866.397s][info][gc,start       ] GC(580) Pause Young (Allocation Failure)
[2866.492s][info][gc,heap        ] GC(580) PSYoungGen: 2641408K(2647552K)->138400K(2648576K) Eden: 2500096K(2500096K)->0K(2501632K) From: 141312K(147456K)->138400K(146944K)
[2866.492s][info][gc,heap        ] GC(580) ParOldGen: 3539007K(5094912K)->3632303K(5094912K)
[2866.492s][info][gc,metaspace   ] GC(580) Metaspace: 29133K(29504K)->29133K(29504K) NonClass: 24242K(24384K)->24242K(24384K) Class: 4891K(5120K)->4891K(5120K)
[2866.492s][info][gc             ] GC(580) Pause Young (Allocation Failure) 6035M->3682M(7562M) 94.550ms
[2866.492s][info][gc,cpu         ] GC(580) User=0.56s Sys=0.00s Real=0.09s
......[2872.037s][info][gc,start       ] GC(581) Pause Young (Allocation Failure)
[2872.133s][info][gc,heap        ] GC(581) PSYoungGen: 2640032K(2648576K)->141088K(2648576K) Eden: 2501632K(2501632K)->0K(2501632K) From: 138400K(146944K)->141088K(146944K)
[2872.133s][info][gc,heap        ] GC(581) ParOldGen: 3632303K(5094912K)->3725055K(5094912K)
[2872.133s][info][gc,metaspace   ] GC(581) Metaspace: 29133K(29504K)->29133K(29504K) NonClass: 24242K(24384K)->24242K(24384K) Class: 4891K(5120K)->4891K(5120K)
[2872.133s][info][gc             ] GC(581) Pause Young (Allocation Failure) 6125M->3775M(7562M) 96.358ms
[2872.133s][info][gc,cpu         ] GC(581) User=0.56s Sys=0.01s Real=0.09s
.. (rIR:aIR:PR = 3598:3598:3598) (tPR = 53492) [OK] 
  2873s: Performance info:
         Transaction,    Success,    Partial,     Failed,   Receipts, AvgBarcode, 
             Overall,     216003,          0,          0,     205183,      59.47, 
         Response times:
             Request,    Success,    Partial,     Failed,   SkipFail,     Probes,    Samples,      min,      p50,      p90,      p95,      p99,      max, 
       TotalPurchase,     205183,          0,          0,          0,     201626,     215707,      300,     2600,     4200,     4800,    13792,   106000,
     InStorePurchase,     108067,          0,          0,          0,     106416,     113418,      300,     2700,     4200,     4800,    14300,   106000,
      OnlinePurchase,      75509,          0,          0,          0,      74230,      79562,      300,     2500,     4200,     4800,    12900,   106000,
        InstPurchase,      21607,          0,          0,          0,      20980,      22727,      400,     2800,     4200,     4800,    14300,   105000,
          AssocOfCat,        214,          0,          0,          0,        160,        228,    16800,    24000,    32000,    35550,    47710,   136000,
      AssocOfProduct,       2162,          0,          0,          0,       1951,       2258,     1100,     3300,     4400,     5000,    17182,   103000,
      BusinessReport,        540,          0,          0,          0,        454,        549,    19100,    29000,    37000,    41000,    89000,   148000,
          CustBuyBeh,       2163,          0,          0,          0,       1986,       2286,      800,     3400,     4600,     5265,    19200,   101000,
       ProductReturn,       5741,          0,          0,          0,       5406,       5937,      200,     1600,     3600,     4200,     8086,   106000,

  2873s: (27%)   IR =   3736 ...[2877.701s][info][gc,start       ] GC(582) Pause Young (Allocation Failure)
[2877.796s][info][gc,heap        ] GC(582) PSYoungGen: 2642720K(2648576K)->141024K(2648576K) Eden: 2501632K(2501632K)->0K(2502656K) From: 141088K(146944K)->141024K(145920K)
[2877.796s][info][gc,heap        ] GC(582) ParOldGen: 3725055K(5094912K)->3817031K(5094912K)
[2877.796s][info][gc,metaspace   ] GC(582) Metaspace: 29133K(29504K)->29133K(29504K) NonClass: 24242K(24384K)->24242K(24384K) Class: 4891K(5120K)->4891K(5120K)
[2877.796s][info][gc             ] GC(582) Pause Young (Allocation Failure) 6218M->3865M(7562M) 95.514ms
[2877.797s][info][gc,cpu         ] GC(582) User=0.56s Sys=0.00s Real=0.10s
...|...[2883.141s][info][gc,start       ] GC(583) Pause Young (Allocation Failure)
[2883.243s][info][gc,heap        ] GC(583) PSYoungGen: 2643680K(2648576K)->145898K(2648576K) Eden: 2502656K(2502656K)->0K(2502656K) From: 141024K(145920K)->145898K(145920K)
[2883.243s][info][gc,heap        ] GC(583) ParOldGen: 3817031K(5094912K)->3915367K(5094912K)
[2883.243s][info][gc,metaspace   ] GC(583) Metaspace: 29133K(29504K)->29133K(29504K) NonClass: 24242K(24384K)->24242K(24384K) Class: 4891K(5120K)->4891K(5120K)
[2883.243s][info][gc             ] GC(583) Pause Young (Allocation Failure) 6309M->3966M(7562M) 102.054ms
[2883.244s][info][gc,cpu         ] GC(583) User=0.60s Sys=0.01s Real=0.11s
.....[2888.631s][info][gc,start       ] GC(584) Pause Young (Allocation Failure)
[2888.725s][info][gc,heap        ] GC(584) PSYoungGen: 2648554K(2648576K)->139904K(2578944K) Eden: 2502656K(2502656K)->0K(2431488K) From: 145898K(145920K)->139904K(147456K)
[2888.725s][info][gc,heap        ] GC(584) ParOldGen: 3915367K(5094912K)->4004087K(5094912K)
[2888.725s][info][gc,metaspace   ] GC(584) Metaspace: 29133K(29504K)->29133K(29504K) NonClass: 24242K(24384K)->24242K(24384K) Class: 4891K(5120K)->4891K(5120K)
[2888.725s][info][gc             ] GC(584) Pause Young (Allocation Failure) 6410M->4046M(7494M) 94.503ms
[2888.725s][info][gc,cpu         ] GC(584) User=0.55s Sys=0.00s Real=0.10s
......[2893.930s][info][gc,start       ] GC(585) Pause Young (Allocation Failure)
[2894.025s][info][gc,heap        ] GC(585) PSYoungGen: 2571392K(2578944K)->136704K(2613760K) Eden: 2431488K(2431488K)->0K(2431488K) From: 139904K(147456K)->136704K(182272K)
[2894.025s][info][gc,heap        ] GC(585) ParOldGen: 4004087K(5094912K)->4097911K(5094912K)
[2894.025s][info][gc,metaspace   ] GC(585) Metaspace: 29133K(29504K)->29133K(29504K) NonClass: 24242K(24384K)->24242K(24384K) Class: 4891K(5120K)->4891K(5120K)
[2894.025s][info][gc             ] GC(585) Pause Young (Allocation Failure) 6421M->4135M(7528M) 94.698ms
[2894.025s][info][gc,cpu         ] GC(585) User=0.56s Sys=0.00s Real=0.10s
.....[2899.218s][info][gc,start       ] GC(586) Pause Young (Allocation Failure)
[2899.311s][info][gc,heap        ] GC(586) PSYoungGen: 2568192K(2613760K)->136240K(2610688K) Eden: 2431488K(2431488K)->0K(2432512K) From: 136704K(182272K)->136240K(178176K)
[2899.311s][info][gc,heap        ] GC(586) ParOldGen: 4097911K(5094912K)->4189303K(5094912K)
[2899.311s][info][gc,metaspace   ] GC(586) Metaspace: 29133K(29504K)->29133K(29504K) NonClass: 24242K(24384K)->24242K(24384K) Class: 4891K(5120K)->4891K(5120K)
[2899.311s][info][gc             ] GC(586) Pause Young (Allocation Failure) 6509M->4224M(7525M) 92.673ms
[2899.311s][info][gc,cpu         ] GC(586) User=0.55s Sys=0.00s Real=0.09s
.....[2904.552s][info][gc,start       ] GC(587) Pause Young (Allocation Failure)
[2904.649s][info][gc,heap        ] GC(587) PSYoungGen: 2568752K(2610688K)->141829K(2612736K) Eden: 2432512K(2432512K)->0K(2432512K) From: 136240K(178176K)->141829K(180224K)
[2904.649s][info][gc,heap        ] GC(587) ParOldGen: 4189303K(5094912K)->4279127K(5094912K)
[2904.649s][info][gc,metaspace   ] GC(587) Metaspace: 29133K(29504K)->29133K(29504K) NonClass: 24242K(24384K)->24242K(24384K) Class: 4891K(5120K)->4891K(5120K)
[2904.649s][info][gc             ] GC(587) Pause Young (Allocation Failure) 6599M->4317M(7527M) 97.008ms
[2904.649s][info][gc,cpu         ] GC(587) User=0.57s Sys=0.00s Real=0.10s
.....[2909.813s][info][gc,start       ] GC(588) Pause Young (Allocation Failure)
[2909.911s][info][gc,heap        ] GC(588) PSYoungGen: 2574341K(2612736K)->140964K(2611712K) Eden: 2432512K(2432512K)->0K(2437632K) From: 141829K(180224K)->140964K(174080K)
[2909.911s][info][gc,heap        ] GC(588) ParOldGen: 4279127K(5094912K)->4370847K(5094912K)
[2909.911s][info][gc,metaspace   ] GC(588) Metaspace: 29133K(29504K)->29133K(29504K) NonClass: 24242K(24384K)->24242K(24384K) Class: 4891K(5120K)->4891K(5120K)
[2909.911s][info][gc             ] GC(588) Pause Young (Allocation Failure) 6692M->4406M(7526M) 97.605ms
[2909.911s][info][gc,cpu         ] GC(588) User=0.57s Sys=0.00s Real=0.09s
......[2915.171s][info][gc,start       ] GC(589) Pause Young (Allocation Failure)
[2915.266s][info][gc,heap        ] GC(589) PSYoungGen: 2578596K(2611712K)->138464K(2613760K) Eden: 2437632K(2437632K)->0K(2437632K) From: 140964K(174080K)->138464K(176128K)
[2915.266s][info][gc,heap        ] GC(589) ParOldGen: 4370847K(5094912K)->4461847K(5094912K)
[2915.266s][info][gc,metaspace   ] GC(589) Metaspace: 29133K(29504K)->29133K(29504K) NonClass: 24242K(24384K)->24242K(24384K) Class: 4891K(5120K)->4891K(5120K)
[2915.266s][info][gc             ] GC(589) Pause Young (Allocation Failure) 6786M->4492M(7528M) 94.552ms
[2915.266s][info][gc,cpu         ] GC(589) User=0.55s Sys=0.00s Real=0.10s
.....[2920.494s][info][gc,start       ] GC(590) Pause Young (Allocation Failure)
[2920.587s][info][gc,heap        ] GC(590) PSYoungGen: 2576096K(2613760K)->136160K(2616320K) Eden: 2437632K(2437632K)->0K(2445312K) From: 138464K(176128K)->136160K(171008K)
[2920.587s][info][gc,heap        ] GC(590) ParOldGen: 4461847K(5094912K)->4553063K(5094912K)
[2920.587s][info][gc,metaspace   ] GC(590) Metaspace: 29133K(29504K)->29133K(29504K) NonClass: 24242K(24384K)->24242K(24384K) Class: 4891K(5120K)->4891K(5120K)
[2920.587s][info][gc             ] GC(590) Pause Young (Allocation Failure) 6872M->4579M(7530M) 92.848ms
[2920.587s][info][gc,cpu         ] GC(590) User=0.54s Sys=0.00s Real=0.09s
.....[2925.853s][info][gc,start       ] GC(591) Pause Young (Allocation Failure)
[2925.950s][info][gc,heap        ] GC(591) PSYoungGen: 2581472K(2616320K)->142917K(2618368K) Eden: 2445312K(2445312K)->0K(2445312K) From: 136160K(171008K)->142917K(173056K)
[2925.950s][info][gc,heap        ] GC(591) ParOldGen: 4553063K(5094912K)->4643223K(5094912K)
[2925.950s][info][gc,metaspace   ] GC(591) Metaspace: 29133K(29504K)->29133K(29504K) NonClass: 24242K(24384K)->24242K(24384K) Class: 4891K(5120K)->4891K(5120K)
[2925.950s][info][gc             ] GC(591) Pause Young (Allocation Failure) 6967M->4673M(7532M) 97.361ms
[2925.950s][info][gc,cpu         ] GC(591) User=0.57s Sys=0.00s Real=0.10s
......[2931.193s][info][gc,start       ] GC(592) Pause Young (Allocation Failure)
[2931.286s][info][gc,heap        ] GC(592) PSYoungGen: 2588229K(2618368K)->134976K(2621440K) Eden: 2445312K(2445312K)->0K(2452480K) From: 142917K(173056K)->134976K(168960K)
[2931.286s][info][gc,heap        ] GC(592) ParOldGen: 4643223K(5094912K)->4734167K(5094912K)
[2931.286s][info][gc,metaspace   ] GC(592) Metaspace: 29133K(29504K)->29133K(29504K) NonClass: 24242K(24384K)->24242K(24384K) Class: 4891K(5120K)->4891K(5120K)
[2931.286s][info][gc             ] GC(592) Pause Young (Allocation Failure) 7061M->4755M(7535M) 93.898ms
[2931.287s][info][gc,cpu         ] GC(592) User=0.55s Sys=0.00s Real=0.10s
.....[2936.610s][info][gc,start       ] GC(593) Pause Young (Allocation Failure)
[2936.707s][info][gc,heap        ] GC(593) PSYoungGen: 2587456K(2621440K)->138144K(2621952K) Eden: 2452480K(2452480K)->0K(2452480K) From: 134976K(168960K)->138144K(169472K)
[2936.707s][info][gc,heap        ] GC(593) ParOldGen: 4734167K(5094912K)->4825311K(5094912K)
[2936.707s][info][gc,metaspace   ] GC(593) Metaspace: 29133K(29504K)->29133K(29504K) NonClass: 24242K(24384K)->24242K(24384K) Class: 4891K(5120K)->4891K(5120K)
[2936.707s][info][gc             ] GC(593) Pause Young (Allocation Failure) 7150M->4847M(7536M) 96.537ms
[2936.707s][info][gc,cpu         ] GC(593) User=0.56s Sys=0.00s Real=0.10s
.... (rIR:aIR:PR = 3736:3734:3734) (tPR = 55531) [OK] 
  2939s: Performance info:
         Transaction,    Success,    Partial,     Failed,   Receipts, AvgBarcode, 
             Overall,     224256,          0,          0,     213037,      59.48, 
         Response times:
             Request,    Success,    Partial,     Failed,   SkipFail,     Probes,    Samples,      min,      p50,      p90,      p95,      p99,      max, 
       TotalPurchase,     213036,          0,          0,          0,     208949,     230735,      300,     2700,     4300,     4800,    13200,   128000,
     InStorePurchase,     112189,          0,          0,          0,     110116,     121620,      300,     2700,     4300,     4900,    13600,   128000,
      OnlinePurchase,      78385,          0,          0,          0,      77079,      84894,      300,     2600,     4200,     4800,    12600,   112000,
        InstPurchase,      22462,          0,          0,          0,      21754,      24221,      400,     2900,     4400,     4900,    14478,   115000,
          AssocOfCat,        223,          0,          0,          0,        173,        281,    17000,    24000,    31800,    33900,    42340,    58000,
      AssocOfProduct,       2244,          0,          0,          0,       2057,       2438,      600,     3800,     4900,     5400,    17661,   104000,
      BusinessReport,        559,          0,          0,          0,        467,        620,    19700,    30000,    41000,    49000,   124790,   142000,
          CustBuyBeh,       2240,          0,          0,          0,       2029,       2416,      200,     1800,     2900,     3500,     9983,   109000,
       ProductReturn,       5951,          0,          0,          0,       5644,       6529,      200,     1600,     3900,     4400,    10300,   108000,

  2939s: (28%)   IR =   3874 .[2941.931s][info][gc,start       ] GC(594) Pause Young (Allocation Failure)
[2942.027s][info][gc,heap        ] GC(594) PSYoungGen: 2590624K(2621952K)->140031K(2623488K) Eden: 2452480K(2452480K)->0K(2458624K) From: 138144K(169472K)->140031K(164864K)
[2942.027s][info][gc,heap        ] GC(594) ParOldGen: 4825311K(5094912K)->4917199K(5094912K)
[2942.027s][info][gc,metaspace   ] GC(594) Metaspace: 29133K(29504K)->29133K(29504K) NonClass: 24242K(24384K)->24242K(24384K) Class: 4891K(5120K)->4891K(5120K)
[2942.027s][info][gc             ] GC(594) Pause Young (Allocation Failure) 7242M->4938M(7537M) 96.290ms
[2942.027s][info][gc,cpu         ] GC(594) User=0.56s Sys=0.00s Real=0.10s
....|..[2947.052s][info][gc,start       ] GC(595) Pause Young (Allocation Failure)
[2947.146s][info][gc,heap        ] GC(595) PSYoungGen: 2598655K(2623488K)->137216K(2624512K) Eden: 2458624K(2458624K)->0K(2458624K) From: 140031K(164864K)->137216K(165888K)
[2947.146s][info][gc,heap        ] GC(595) ParOldGen: 4917199K(5094912K)->5010943K(5094912K)
[2947.146s][info][gc,metaspace   ] GC(595) Metaspace: 29133K(29504K)->29133K(29504K) NonClass: 24242K(24384K)->24242K(24384K) Class: 4891K(5120K)->4891K(5120K)
[2947.146s][info][gc             ] GC(595) Pause Young (Allocation Failure) 7339M->5027M(7538M) 94.425ms
[2947.146s][info][gc,cpu         ] GC(595) User=0.55s Sys=0.00s Real=0.10s
.....[2952.291s][info][gc,start       ] GC(596) Pause Young (Allocation Failure)
[2952.386s][info][gc,heap        ] GC(596) PSYoungGen: 2595840K(2624512K)->136608K(2627072K) Eden: 2458624K(2458624K)->0K(2465280K) From: 137216K(165888K)->136608K(161792K)
[2952.386s][info][gc,heap        ] GC(596) ParOldGen: 5010943K(5094912K)->5100799K(5101056K)
[2952.386s][info][gc,metaspace   ] GC(596) Metaspace: 29133K(29504K)->29133K(29504K) NonClass: 24242K(24384K)->24242K(24384K) Class: 4891K(5120K)->4891K(5120K)
[2952.386s][info][gc             ] GC(596) Pause Young (Allocation Failure) 7428M->5114M(7547M) 94.836ms
[2952.386s][info][gc,cpu         ] GC(596) User=0.55s Sys=0.01s Real=0.10s
.....[2957.387s][info][gc,start       ] GC(597) Pause Young (Allocation Failure)
[2957.485s][info][gc,heap        ] GC(597) PSYoungGen: 2601888K(2627072K)->134528K(2628608K) Eden: 2465280K(2465280K)->0K(2465280K) From: 136608K(161792K)->134528K(163328K)
[2957.485s][info][gc,heap        ] GC(597) ParOldGen: 5100799K(5101056K)->5192335K(5192704K)
[2957.485s][info][gc,metaspace   ] GC(597) Metaspace: 29133K(29504K)->29133K(29504K) NonClass: 24242K(24384K)->24242K(24384K) Class: 4891K(5120K)->4891K(5120K)
[2957.485s][info][gc             ] GC(597) Pause Young (Allocation Failure) 7522M->5202M(7638M) 98.606ms
[2957.486s][info][gc,cpu         ] GC(597) User=0.54s Sys=0.04s Real=0.10s
.....[2962.648s][info][gc,start       ] GC(598) Pause Young (Allocation Failure)
[2962.747s][info][gc,heap        ] GC(598) PSYoungGen: 2599808K(2628608K)->139392K(2629120K) Eden: 2465280K(2465280K)->0K(2470400K) From: 134528K(163328K)->139392K(158720K)
[2962.747s][info][gc,heap        ] GC(598) ParOldGen: 5192335K(5192704K)->5282303K(5282304K)
[2962.747s][info][gc,metaspace   ] GC(598) Metaspace: 29133K(29504K)->29133K(29504K) NonClass: 24242K(24384K)->24242K(24384K) Class: 4891K(5120K)->4891K(5120K)
[2962.747s][info][gc             ] GC(598) Pause Young (Allocation Failure) 7609M->5294M(7726M) 99.132ms
[2962.747s][info][gc,cpu         ] GC(598) User=0.55s Sys=0.02s Real=0.10s
.....[2967.888s][info][gc,start       ] GC(599) Pause Young (Allocation Failure)
[2967.990s][info][gc,heap        ] GC(599) PSYoungGen: 2609792K(2629120K)->139168K(2631168K) Eden: 2470400K(2470400K)->0K(2470400K) From: 139392K(158720K)->139168K(160768K)
[2967.990s][info][gc,heap        ] GC(599) ParOldGen: 5282303K(5282304K)->5374351K(5374464K)
[2967.990s][info][gc,metaspace   ] GC(599) Metaspace: 29133K(29504K)->29133K(29504K) NonClass: 24242K(24384K)->24242K(24384K) Class: 4891K(5120K)->4891K(5120K)
[2967.990s][info][gc             ] GC(599) Pause Young (Allocation Failure) 7707M->5384M(7818M) 102.188ms
[2967.990s][info][gc,cpu         ] GC(599) User=0.58s Sys=0.02s Real=0.10s
......[2973.094s][info][gc,start       ] GC(600) Pause Young (Allocation Failure)
[2973.198s][info][gc,heap        ] GC(600) PSYoungGen: 2609568K(2631168K)->144804K(2635264K) Eden: 2470400K(2470400K)->0K(2476544K) From: 139168K(160768K)->144804K(158720K)
[2973.198s][info][gc,heap        ] GC(600) ParOldGen: 5374351K(5374464K)->5466159K(5466624K)
[2973.198s][info][gc,metaspace   ] GC(600) Metaspace: 29133K(29504K)->29133K(29504K) NonClass: 24242K(24384K)->24242K(24384K) Class: 4891K(5120K)->4891K(5120K)
[2973.198s][info][gc             ] GC(600) Pause Young (Allocation Failure) 7796M->5479M(7912M) 104.156ms
[2973.198s][info][gc,cpu         ] GC(600) User=0.57s Sys=0.03s Real=0.10s
.....[2978.305s][info][gc,start       ] GC(601) Pause Young (Allocation Failure)
[2978.403s][info][gc,heap        ] GC(601) PSYoungGen: 2621348K(2635264K)->137888K(2635264K) Eden: 2476544K(2476544K)->0K(2476544K) From: 144804K(158720K)->137888K(158720K)
[2978.403s][info][gc,heap        ] GC(601) ParOldGen: 5466159K(5466624K)->5557807K(5558272K)
[2978.403s][info][gc,metaspace   ] GC(601) Metaspace: 29133K(29504K)->29133K(29504K) NonClass: 24242K(24384K)->24242K(24384K) Class: 4891K(5120K)->4891K(5120K)
[2978.403s][info][gc             ] GC(601) Pause Young (Allocation Failure) 7897M->5562M(8001M) 98.191ms
[2978.403s][info][gc,cpu         ] GC(601) User=0.56s Sys=0.02s Real=0.09s
.....[2983.569s][info][gc,start       ] GC(602) Pause Full (Allocation Failure)
[2983.569s][info][gc,phases,start] GC(602) Marking Phase
[2983.854s][info][gc,phases      ] GC(602) Marking Phase 285.786ms
[2983.854s][info][gc,phases,start] GC(602) Summary Phase
[2983.854s][info][gc,phases      ] GC(602) Summary Phase 0.095ms
[2983.854s][info][gc,phases,start] GC(602) Forward
[2983.985s][info][gc,phases      ] GC(602) Forward 130.882ms
[2983.985s][info][gc,phases,start] GC(602) Adjust Pointers
[2984.182s][info][gc,phases      ] GC(602) Adjust Pointers 196.836ms
[2984.182s][info][gc,phases,start] GC(602) Compaction Phase
[2984.307s][info][gc,phases      ] GC(602) Compaction Phase 124.312ms
[2984.308s][info][gc,phases,start] GC(602) Post Compact
[2984.315s][info][gc,phases      ] GC(602) Post Compact 7.048ms
[2984.398s][info][gc,heap        ] GC(602) PSYoungGen: 2614432K(2635264K)->0K(2635776K) Eden: 2476544K(2476544K)->0K(2478592K) From: 137888K(158720K)->0K(157184K)
[2984.398s][info][gc,heap        ] GC(602) ParOldGen: 5557807K(5558272K)->1410615K(1603584K)
[2984.398s][info][gc,metaspace   ] GC(602) Metaspace: 29133K(29504K)->29133K(29504K) NonClass: 24242K(24384K)->24242K(24384K) Class: 4891K(5120K)->4891K(5120K)
[2984.398s][info][gc             ] GC(602) Pause Full (Allocation Failure) 7980M->1377M(4140M) 829.604ms
[2984.398s][info][gc,cpu         ] GC(602) User=3.95s Sys=0.09s Real=0.83s
.....[2988.852s][info][gc,start       ] GC(603) Pause Young (Allocation Failure)
[2988.915s][info][gc,heap        ] GC(603) PSYoungGen: 2478592K(2635776K)->140851K(2635776K) Eden: 2478592K(2478592K)->0K(2478592K) From: 0K(157184K)->140851K(157184K)
[2988.915s][info][gc,heap        ] GC(603) ParOldGen: 1410615K(1603584K)->1410615K(1603584K)
[2988.915s][info][gc,metaspace   ] GC(603) Metaspace: 29133K(29504K)->29133K(29504K) NonClass: 24242K(24384K)->24242K(24384K) Class: 4891K(5120K)->4891K(5120K)
[2988.915s][info][gc             ] GC(603) Pause Young (Allocation Failure) 3798M->1515M(4140M) 63.150ms
[2988.915s][info][gc,cpu         ] GC(603) User=0.37s Sys=0.00s Real=0.07s
.....[2993.976s][info][gc,start       ] GC(604) Pause Young (Allocation Failure)
[2994.068s][info][gc,heap        ] GC(604) PSYoungGen: 2619443K(2635776K)->141876K(2637824K) Eden: 2478592K(2478592K)->0K(2482688K) From: 140851K(157184K)->141876K(155136K)
[2994.068s][info][gc,heap        ] GC(604) ParOldGen: 1410615K(1603584K)->1503167K(1603584K)
[2994.068s][info][gc,metaspace   ] GC(604) Metaspace: 29133K(29504K)->29133K(29504K) NonClass: 24242K(24384K)->24242K(24384K) Class: 4891K(5120K)->4891K(5120K)
[2994.068s][info][gc             ] GC(604) Pause Young (Allocation Failure) 3935M->1606M(4142M) 92.051ms
[2994.068s][info][gc,cpu         ] GC(604) User=0.55s Sys=0.00s Real=0.09s
.....[2999.196s][info][gc,start       ] GC(605) Pause Young (Allocation Failure)
[2999.288s][info][gc,heap        ] GC(605) PSYoungGen: 2624564K(2637824K)->142068K(2637312K) Eden: 2482688K(2482688K)->0K(2482688K) From: 141876K(155136K)->142068K(154624K)
[2999.288s][info][gc,heap        ] GC(605) ParOldGen: 1503167K(1603584K)->1593079K(1603584K)
[2999.288s][info][gc,metaspace   ] GC(605) Metaspace: 29133K(29504K)->29133K(29504K) NonClass: 24242K(24384K)->24242K(24384K) Class: 4891K(5120K)->4891K(5120K)
[2999.288s][info][gc             ] GC(605) Pause Young (Allocation Failure) 4030M->1694M(4141M) 91.624ms
[2999.288s][info][gc,cpu         ] GC(605) User=0.54s Sys=0.00s Real=0.09s
....[3002.615s][info][gc,start       ] GC(606) Pause Full (Diagnostic Command)
[3002.615s][info][gc,phases,start] GC(606) Marking Phase
[3002.899s][info][gc,phases      ] GC(606) Marking Phase 283.298ms
[3002.899s][info][gc,phases,start] GC(606) Summary Phase
[3002.899s][info][gc,phases      ] GC(606) Summary Phase 0.044ms
[3002.899s][info][gc,phases,start] GC(606) Forward
[3003.042s][info][gc,phases      ] GC(606) Forward 143.368ms
[3003.042s][info][gc,phases,start] GC(606) Adjust Pointers
[3003.248s][info][gc,phases      ] GC(606) Adjust Pointers 205.792ms
[3003.248s][info][gc,phases,start] GC(606) Compaction Phase
[3003.411s][info][gc,phases      ] GC(606) Compaction Phase 162.461ms
[3003.413s][info][gc,phases,start] GC(606) Post Compact
[3003.416s][info][gc,phases      ] GC(606) Post Compact 2.770ms
[3003.416s][info][gc,heap        ] GC(606) PSYoungGen: 1745552K(2637312K)->0K(2637312K) Eden: 1603484K(2482688K)->0K(2482688K) From: 142068K(154624K)->0K(154624K)
[3003.416s][info][gc,heap        ] GC(606) ParOldGen: 1593079K(1603584K)->1134254K(1603584K)
[3003.416s][info][gc,metaspace   ] GC(606) Metaspace: 29133K(29504K)->29133K(29504K) NonClass: 24242K(24384K)->24242K(24384K) Class: 4891K(5120K)->4891K(5120K)
[3003.416s][info][gc             ] GC(606) Pause Full (Diagnostic Command) 3260M->1107M(4141M) 800.639ms
[3003.416s][info][gc,cpu         ] GC(606) User=4.38s Sys=0.00s Real=0.80s
... (rIR:aIR:PR = 3874:3875:3875) (tPR = 57862) [OK] 
  3005s: Performance info:
         Transaction,    Success,    Partial,     Failed,   Receipts, AvgBarcode, 
             Overall,     234057,          0,          0,     222369,      59.48, 
         Response times:
             Request,    Success,    Partial,     Failed,   SkipFail,     Probes,    Samples,      min,      p50,      p90,      p95,      p99,      max, 
       TotalPurchase,     222369,          0,          0,          0,     215659,     237811,      200,     2900,     5000,    16700,   234000,   860000,
     InStorePurchase,     117025,          0,          0,          0,     113508,     124792,      300,     2800,     4900,    16900,   232000,   860000,
      OnlinePurchase,      81929,          0,          0,          0,      79683,      87881,      200,     3100,     5000,    17000,   242000,   840000,
        InstPurchase,      23415,          0,          0,          0,      22468,      25138,      400,     2900,     4800,    14900,   228000,   331000,
          AssocOfCat,        234,          0,          0,          0,        174,        264,    16800,    26000,    35000,    49000,   309000,   960000,
      AssocOfProduct,       2333,          0,          0,          0,       2110,       2523,      600,     3900,     5560,    17780,   276000,   320000,
      BusinessReport,        583,          0,          0,          0,        484,        636,    18400,    29000,    39000,    47000,   290000,   313000,
          CustBuyBeh,       2338,          0,          0,          0,       2081,       2466,      200,     1800,     4700,    18400,   222000,   304000,
       ProductReturn,       6200,          0,          0,          0,       5829,       6663,      200,     2000,     4300,     5600,   195000,   288000,

  3005s: (29%)   IR =   4013 ..[3007.697s][info][gc,start       ] GC(607) Pause Young (Allocation Failure)
[3007.761s][info][gc,heap        ] GC(607) PSYoungGen: 2482688K(2637312K)->138624K(2640384K) Eden: 2482688K(2482688K)->0K(2487296K) From: 0K(154624K)->138624K(153088K)
[3007.761s][info][gc,heap        ] GC(607) ParOldGen: 1134254K(1603584K)->1134254K(1603584K)
[3007.761s][info][gc,metaspace   ] GC(607) Metaspace: 29133K(29504K)->29133K(29504K) NonClass: 24242K(24384K)->24242K(24384K) Class: 4891K(5120K)->4891K(5120K)
[3007.761s][info][gc             ] GC(607) Pause Young (Allocation Failure) 3532M->1243M(4144M) 63.981ms
[3007.761s][info][gc,cpu         ] GC(607) User=0.37s Sys=0.00s Real=0.06s
.....[3012.906s][info][gc,start       ] GC(608) Pause Young (Allocation Failure)
[3012.998s][info][gc,heap        ] GC(608) PSYoungGen: 2625920K(2640384K)->144160K(2640384K) Eden: 2487296K(2487296K)->0K(2487296K) From: 138624K(153088K)->144160K(153088K)
[3012.998s][info][gc,heap        ] GC(608) ParOldGen: 1134254K(1603584K)->1224302K(1603584K)
[3012.998s][info][gc,metaspace   ] GC(608) Metaspace: 29133K(29504K)->29133K(29504K) NonClass: 24242K(24384K)->24242K(24384K) Class: 4891K(5120K)->4891K(5120K)
[3012.998s][info][gc             ] GC(608) Pause Young (Allocation Failure) 3672M->1336M(4144M) 92.574ms
[3012.998s][info][gc,cpu         ] GC(608) User=0.55s Sys=0.00s Real=0.09s
.|....[3017.819s][info][gc,start       ] GC(609) Pause Young (Allocation Failure)
[3017.910s][info][gc,heap        ] GC(609) PSYoungGen: 2631456K(2640384K)->136160K(2641920K) Eden: 2487296K(2487296K)->0K(2489856K) From: 144160K(153088K)->136160K(152064K)
[3017.910s][info][gc,heap        ] GC(609) ParOldGen: 1224302K(1603584K)->1319678K(1603584K)
[3017.910s][info][gc,metaspace   ] GC(609) Metaspace: 29133K(29504K)->29133K(29504K) NonClass: 24242K(24384K)->24242K(24384K) Class: 4891K(5120K)->4891K(5120K)
[3017.910s][info][gc             ] GC(609) Pause Young (Allocation Failure) 3765M->1421M(4146M) 91.119ms
[3017.910s][info][gc,cpu         ] GC(609) User=0.54s Sys=0.00s Real=0.09s
.....[3023.038s][info][gc,start       ] GC(610) Pause Young (Allocation Failure)
[3023.130s][info][gc,heap        ] GC(610) PSYoungGen: 2626016K(2641920K)->146432K(2642432K) Eden: 2489856K(2489856K)->0K(2489856K) From: 136160K(152064K)->146432K(152576K)
[3023.130s][info][gc,heap        ] GC(610) ParOldGen: 1319678K(1603584K)->1408358K(1603584K)
[3023.130s][info][gc,metaspace   ] GC(610) Metaspace: 29133K(29504K)->29133K(29504K) NonClass: 24242K(24384K)->24242K(24384K) Class: 4891K(5120K)->4891K(5120K)
[3023.130s][info][gc             ] GC(610) Pause Young (Allocation Failure) 3853M->1518M(4146M) 92.715ms
[3023.130s][info][gc,cpu         ] GC(610) User=0.55s Sys=0.00s Real=0.09s
.....[3028.094s][info][gc,start       ] GC(611) Pause Young (Allocation Failure)
[3028.188s][info][gc,heap        ] GC(611) PSYoungGen: 2636288K(2642432K)->141765K(2642432K) Eden: 2489856K(2489856K)->0K(2489856K) From: 146432K(152576K)->141765K(152576K)
[3028.188s][info][gc,heap        ] GC(611) ParOldGen: 1408358K(1603584K)->1503030K(1603584K)
[3028.188s][info][gc,metaspace   ] GC(611) Metaspace: 29133K(29504K)->29133K(29504K) NonClass: 24242K(24384K)->24242K(24384K) Class: 4891K(5120K)->4891K(5120K)
[3028.188s][info][gc             ] GC(611) Pause Young (Allocation Failure) 3949M->1606M(4146M) 94.439ms
[3028.188s][info][gc,cpu         ] GC(611) User=0.55s Sys=0.00s Real=0.09s
.....[3033.157s][info][gc,start       ] GC(612) Pause Young (Allocation Failure)
[3033.250s][info][gc,heap        ] GC(612) PSYoungGen: 2631621K(2642432K)->145264K(2642432K) Eden: 2489856K(2489856K)->0K(2489856K) From: 141765K(152576K)->145264K(152576K)
[3033.250s][info][gc,heap        ] GC(612) ParOldGen: 1503030K(1603584K)->1594158K(1603584K)
[3033.250s][info][gc,metaspace   ] GC(612) Metaspace: 29133K(29504K)->29133K(29504K) NonClass: 24242K(24384K)->24242K(24384K) Class: 4891K(5120K)->4891K(5120K)
[3033.250s][info][gc             ] GC(612) Pause Young (Allocation Failure) 4037M->1698M(4146M) 92.868ms
[3033.250s][info][gc,cpu         ] GC(612) User=0.55s Sys=0.00s Real=0.09s
.....[3038.211s][info][gc,start       ] GC(613) Pause Young (Allocation Failure)
[3038.305s][info][gc,heap        ] GC(613) PSYoungGen: 2635120K(2642432K)->136544K(2642944K) Eden: 2489856K(2489856K)->0K(2490368K) From: 145264K(152576K)->136544K(152576K)
[3038.305s][info][gc,heap        ] GC(613) ParOldGen: 1594158K(1603584K)->1686046K(1686528K)
[3038.305s][info][gc,metaspace   ] GC(613) Metaspace: 29133K(29504K)->29133K(29504K) NonClass: 24242K(24384K)->24242K(24384K) Class: 4891K(5120K)->4891K(5120K)
[3038.305s][info][gc             ] GC(613) Pause Young (Allocation Failure) 4130M->1779M(4228M) 93.919ms
[3038.305s][info][gc,cpu         ] GC(613) User=0.53s Sys=0.02s Real=0.10s
.....[3043.266s][info][gc,start       ] GC(614) Pause Young (Allocation Failure)
[3043.361s][info][gc,heap        ] GC(614) PSYoungGen: 2626912K(2642944K)->137312K(2642944K) Eden: 2490368K(2490368K)->0K(2490368K) From: 136544K(152576K)->137312K(152576K)
[3043.361s][info][gc,heap        ] GC(614) ParOldGen: 1686046K(1686528K)->1777830K(1778176K)
[3043.361s][info][gc,metaspace   ] GC(614) Metaspace: 29133K(29504K)->29133K(29504K) NonClass: 24242K(24384K)->24242K(24384K) Class: 4891K(5120K)->4891K(5120K)
[3043.361s][info][gc             ] GC(614) Pause Young (Allocation Failure) 4211M->1870M(4317M) 95.385ms
[3043.361s][info][gc,cpu         ] GC(614) User=0.54s Sys=0.03s Real=0.09s
.....[3048.384s][info][gc,start       ] GC(615) Pause Young (Allocation Failure)
[3048.482s][info][gc,heap        ] GC(615) PSYoungGen: 2627680K(2642944K)->138848K(2641408K) Eden: 2490368K(2490368K)->0K(2490880K) From: 137312K(152576K)->138848K(150528K)
[3048.482s][info][gc,heap        ] GC(615) ParOldGen: 1777830K(1778176K)->1869406K(1869824K)
[3048.482s][info][gc,metaspace   ] GC(615) Metaspace: 29133K(29504K)->29133K(29504K) NonClass: 24242K(24384K)->24242K(24384K) Class: 4891K(5120K)->4891K(5120K)
[3048.482s][info][gc             ] GC(615) Pause Young (Allocation Failure) 4302M->1961M(4405M) 98.482ms
[3048.482s][info][gc,cpu         ] GC(615) User=0.55s Sys=0.04s Real=0.09s
.....[3053.464s][info][gc,start       ] GC(616) Pause Young (Allocation Failure)
[3053.563s][info][gc,heap        ] GC(616) PSYoungGen: 2629728K(2641408K)->141733K(2642432K) Eden: 2490880K(2490880K)->0K(2490880K) From: 138848K(150528K)->141733K(151552K)
[3053.563s][info][gc,heap        ] GC(616) ParOldGen: 1869406K(1869824K)->1962678K(1963008K)
[3053.563s][info][gc,metaspace   ] GC(616) Metaspace: 29133K(29504K)->29133K(29504K) NonClass: 24242K(24384K)->24242K(24384K) Class: 4891K(5120K)->4891K(5120K)
[3053.563s][info][gc             ] GC(616) Pause Young (Allocation Failure) 4393M->2055M(4497M) 98.656ms
[3053.563s][info][gc,cpu         ] GC(616) User=0.56s Sys=0.03s Real=0.09s
.....[3058.542s][info][gc,start       ] GC(617) Pause Young (Allocation Failure)
[3058.637s][info][gc,heap        ] GC(617) PSYoungGen: 2632613K(2642432K)->137600K(2642944K) Eden: 2490880K(2490880K)->0K(2493440K) From: 141733K(151552K)->137600K(149504K)
[3058.637s][info][gc,heap        ] GC(617) ParOldGen: 1962678K(1963008K)->2054486K(2054656K)
[3058.637s][info][gc,metaspace   ] GC(617) Metaspace: 29133K(29504K)->29133K(29504K) NonClass: 24242K(24384K)->24242K(24384K) Class: 4891K(5120K)->4891K(5120K)
[3058.637s][info][gc             ] GC(617) Pause Young (Allocation Failure) 4487M->2140M(4587M) 94.197ms
[3058.637s][info][gc,cpu         ] GC(617) User=0.53s Sys=0.03s Real=0.10s
.....[3063.619s][info][gc,start       ] GC(618) Pause Young (Allocation Failure)
[3063.715s][info][gc,heap        ] GC(618) PSYoungGen: 2631040K(2642944K)->139680K(2643968K) Eden: 2493440K(2493440K)->0K(2493440K) From: 137600K(149504K)->139680K(150528K)
[3063.715s][info][gc,heap        ] GC(618) ParOldGen: 2054486K(2054656K)->2145238K(2145280K)
[3063.715s][info][gc,metaspace   ] GC(618) Metaspace: 29133K(29504K)->29133K(29504K) NonClass: 24242K(24384K)->24242K(24384K) Class: 4891K(5120K)->4891K(5120K)
[3063.715s][info][gc             ] GC(618) Pause Young (Allocation Failure) 4575M->2231M(4677M) 95.414ms
[3063.715s][info][gc,cpu         ] GC(618) User=0.54s Sys=0.03s Real=0.10s
.....[3068.663s][info][gc,start       ] GC(619) Pause Young (Allocation Failure)
[3068.757s][info][gc,heap        ] GC(619) PSYoungGen: 2633120K(2643968K)->137888K(2644480K) Eden: 2493440K(2493440K)->0K(2496000K) From: 139680K(150528K)->137888K(148480K)
[3068.757s][info][gc,heap        ] GC(619) ParOldGen: 2145238K(2145280K)->2238398K(2238464K)
[3068.757s][info][gc,metaspace   ] GC(619) Metaspace: 29133K(29504K)->29133K(29504K) NonClass: 24242K(24384K)->24242K(24384K) Class: 4891K(5120K)->4891K(5120K)
[3068.757s][info][gc             ] GC(619) Pause Young (Allocation Failure) 4666M->2320M(4768M) 94.764ms
[3068.757s][info][gc,cpu         ] GC(619) User=0.53s Sys=0.02s Real=0.10s
.....[3073.718s][info][gc,start       ] GC(620) Pause Young (Allocation Failure)
[3073.815s][info][gc,heap        ] GC(620) PSYoungGen: 2633888K(2644480K)->142352K(2644992K) Eden: 2496000K(2496000K)->0K(2496000K) From: 137888K(148480K)->142352K(148992K)
[3073.815s][info][gc,heap        ] GC(620) ParOldGen: 2238398K(2238464K)->2330062K(2330112K)
[3073.815s][info][gc,metaspace   ] GC(620) Metaspace: 29133K(29504K)->29133K(29504K) NonClass: 24242K(24384K)->24242K(24384K) Class: 4891K(5120K)->4891K(5120K)
[3073.815s][info][gc             ] GC(620) Pause Young (Allocation Failure) 4758M->2414M(4858M) 97.221ms
[3073.815s][info][gc,cpu         ] GC(620) User=0.54s Sys=0.03s Real=0.10s
. (rIR:aIR:PR = 4013:4007:4007) (tPR = 59356) [OK] 
  3073s: Performance info:
         Transaction,    Success,    Partial,     Failed,   Receipts, AvgBarcode, 
             Overall,     241766,          0,          0,     229686,      59.46, 
         Response times:
             Request,    Success,    Partial,     Failed,   SkipFail,     Probes,    Samples,      min,      p50,      p90,      p95,      p99,      max, 
       TotalPurchase,     229689,          0,          0,          0,     225096,     255829,      300,     2900,     4700,     5500,    16300,   126000,
     InStorePurchase,     120826,          0,          0,          0,     118743,     134773,      300,     2900,     4800,     5500,    15900,   126000,
      OnlinePurchase,      84706,          0,          0,          0,      82988,      94149,      300,     3000,     4700,     5500,    16900,   121000,
        InstPurchase,      24157,          0,          0,          0,      23365,      26907,      400,     2900,     4700,     5400,    14900,   106000,
          AssocOfCat,        242,          0,          0,          0,        195,        287,    17200,    26000,    33000,    40800,   120720,   131000,
      AssocOfProduct,       2419,          0,          0,          0,       2251,       2725,      600,     3700,     4900,     5700,    16948,   102000,
      BusinessReport,        605,          0,          0,          0,        501,        628,    19700,    31000,    40000,    47000,    65710,   149000,
          CustBuyBeh,       2413,          0,          0,          0,       2221,       2702,      400,     4000,     5200,     6100,    23000,   105000,
       ProductReturn,       6403,          0,          0,          0,       6103,       7160,      200,     3300,     4900,     5500,    18900,   106000,

  3073s: (30%)   IR =   4151 ....|[3078.647s][info][gc,start       ] GC(621) Pause Young (Allocation Failure)
[3078.744s][info][gc,heap        ] GC(621) PSYoungGen: 2638352K(2644992K)->139328K(2646016K) Eden: 2496000K(2496000K)->0K(2498048K) From: 142352K(148992K)->139328K(147968K)
[3078.744s][info][gc,heap        ] GC(621) ParOldGen: 2330062K(2330112K)->2422310K(2422784K)
[3078.744s][info][gc,metaspace   ] GC(621) Metaspace: 29133K(29504K)->29133K(29504K) NonClass: 24242K(24384K)->24242K(24384K) Class: 4891K(5120K)->4891K(5120K)
[3078.744s][info][gc             ] GC(621) Pause Young (Allocation Failure) 4851M->2501M(4950M) 96.613ms
[3078.744s][info][gc,cpu         ] GC(621) User=0.54s Sys=0.03s Real=0.10s
.....[3083.586s][info][gc,start       ] GC(622) Pause Young (Allocation Failure)
[3083.683s][info][gc,heap        ] GC(622) PSYoungGen: 2637376K(2646016K)->139904K(2646528K) Eden: 2498048K(2498048K)->0K(2498048K) From: 139328K(147968K)->139904K(148480K)
[3083.683s][info][gc,heap        ] GC(622) ParOldGen: 2422310K(2422784K)->2513822K(2513920K)
[3083.683s][info][gc,metaspace   ] GC(622) Metaspace: 29133K(29504K)->29133K(29504K) NonClass: 24242K(24384K)->24242K(24384K) Class: 4891K(5120K)->4891K(5120K)
[3083.683s][info][gc             ] GC(622) Pause Young (Allocation Failure) 4941M->2591M(5039M) 96.723ms
[3083.683s][info][gc,cpu         ] GC(622) User=0.55s Sys=0.03s Real=0.09s
.....[3088.501s][info][gc,start       ] GC(623) Pause Young (Allocation Failure)
[3088.601s][info][gc,heap        ] GC(623) PSYoungGen: 2637952K(2646528K)->145344K(2645504K) Eden: 2498048K(2498048K)->0K(2498048K) From: 139904K(148480K)->145344K(147456K)
[3088.601s][info][gc,heap        ] GC(623) ParOldGen: 2513822K(2513920K)->2607414K(2607616K)
[3088.601s][info][gc,metaspace   ] GC(623) Metaspace: 29133K(29504K)->29133K(29504K) NonClass: 24242K(24384K)->24242K(24384K) Class: 4891K(5120K)->4891K(5120K)
[3088.601s][info][gc             ] GC(623) Pause Young (Allocation Failure) 5031M->2688M(5130M) 99.711ms
[3088.601s][info][gc,cpu         ] GC(623) User=0.56s Sys=0.03s Real=0.10s
.....[3093.443s][info][gc,start       ] GC(624) Pause Young (Allocation Failure)
[3093.543s][info][gc,heap        ] GC(624) PSYoungGen: 2643392K(2645504K)->140626K(2647040K) Eden: 2498048K(2498048K)->0K(2498048K) From: 145344K(147456K)->140626K(148992K)
[3093.543s][info][gc,heap        ] GC(624) ParOldGen: 2607414K(2607616K)->2698870K(2699264K)
[3093.543s][info][gc,metaspace   ] GC(624) Metaspace: 29133K(29504K)->29133K(29504K) NonClass: 24242K(24384K)->24242K(24384K) Class: 4891K(5120K)->4891K(5120K)
[3093.543s][info][gc             ] GC(624) Pause Young (Allocation Failure) 5127M->2772M(5221M) 99.634ms
[3093.543s][info][gc,cpu         ] GC(624) User=0.55s Sys=0.04s Real=0.09s
.....[3098.349s][info][gc,start       ] GC(625) Pause Young (Allocation Failure)
[3098.445s][info][gc,heap        ] GC(625) PSYoungGen: 2638674K(2647040K)->137248K(2646528K) Eden: 2498048K(2498048K)->0K(2499072K) From: 140626K(148992K)->137248K(147456K)
[3098.445s][info][gc,heap        ] GC(625) ParOldGen: 2698870K(2699264K)->2792622K(2792960K)
[3098.445s][info][gc,metaspace   ] GC(625) Metaspace: 29133K(29504K)->29133K(29504K) NonClass: 24242K(24384K)->24242K(24384K) Class: 4891K(5120K)->4891K(5120K)
[3098.445s][info][gc             ] GC(625) Pause Young (Allocation Failure) 5212M->2861M(5312M) 96.434ms
[3098.445s][info][gc,cpu         ] GC(625) User=0.54s Sys=0.03s Real=0.10s
.....[3103.233s][info][gc,start       ] GC(626) Pause Young (Allocation Failure)
[3103.332s][info][gc,heap        ] GC(626) PSYoungGen: 2636320K(2646528K)->142372K(2647040K) Eden: 2499072K(2499072K)->0K(2499072K) From: 137248K(147456K)->142372K(147968K)
[3103.332s][info][gc,heap        ] GC(626) ParOldGen: 2792622K(2792960K)->2883894K(2884096K)
[3103.332s][info][gc,metaspace   ] GC(626) Metaspace: 29133K(29504K)->29133K(29504K) NonClass: 24242K(24384K)->24242K(24384K) Class: 4891K(5120K)->4891K(5120K)
[3103.332s][info][gc             ] GC(626) Pause Young (Allocation Failure) 5301M->2955M(5401M) 99.021ms
[3103.332s][info][gc,cpu         ] GC(626) User=0.55s Sys=0.03s Real=0.10s
.....[3108.148s][info][gc,start       ] GC(627) Pause Young (Allocation Failure)
[3108.253s][info][gc,heap        ] GC(627) PSYoungGen: 2641444K(2647040K)->147312K(2644992K) Eden: 2499072K(2499072K)->0K(2497024K) From: 142372K(147968K)->147312K(147968K)
[3108.253s][info][gc,heap        ] GC(627) ParOldGen: 2883894K(2884096K)->2975902K(2976256K)
[3108.253s][info][gc,metaspace   ] GC(627) Metaspace: 29133K(29504K)->29133K(29504K) NonClass: 24242K(24384K)->24242K(24384K) Class: 4891K(5120K)->4891K(5120K)
[3108.253s][info][gc             ] GC(627) Pause Young (Allocation Failure) 5395M->3050M(5489M) 105.161ms
[3108.253s][info][gc,cpu         ] GC(627) User=0.60s Sys=0.03s Real=0.10s
.....[3113.135s][info][gc,start       ] GC(628) Pause Young (Allocation Failure)
[3113.234s][info][gc,heap        ] GC(628) PSYoungGen: 2644336K(2644992K)->142464K(2646528K) Eden: 2497024K(2497024K)->0K(2497024K) From: 147312K(147968K)->142464K(149504K)
[3113.234s][info][gc,heap        ] GC(628) ParOldGen: 2975902K(2976256K)->3068110K(3068416K)
[3113.234s][info][gc,metaspace   ] GC(628) Metaspace: 29133K(29504K)->29133K(29504K) NonClass: 24242K(24384K)->24242K(24384K) Class: 4891K(5120K)->4891K(5120K)
[3113.234s][info][gc             ] GC(628) Pause Young (Allocation Failure) 5488M->3135M(5581M) 98.752ms
[3113.234s][info][gc,cpu         ] GC(628) User=0.57s Sys=0.01s Real=0.10s
.....[3118.015s][info][gc,start       ] GC(629) Pause Young (Allocation Failure)
[3118.113s][info][gc,heap        ] GC(629) PSYoungGen: 2639488K(2646528K)->140832K(2644480K) Eden: 2497024K(2497024K)->0K(2497024K) From: 142464K(149504K)->140832K(147456K)
[3118.113s][info][gc,heap        ] GC(629) ParOldGen: 3068110K(3068416K)->3161870K(3162112K)
[3118.113s][info][gc,metaspace   ] GC(629) Metaspace: 29133K(29504K)->29133K(29504K) NonClass: 24242K(24384K)->24242K(24384K) Class: 4891K(5120K)->4891K(5120K)
[3118.113s][info][gc             ] GC(629) Pause Young (Allocation Failure) 5573M->3225M(5670M) 97.751ms
[3118.113s][info][gc,cpu         ] GC(629) User=0.56s Sys=0.02s Real=0.09s
....[3122.916s][info][gc,start       ] GC(630) Pause Young (Allocation Failure)
[3123.014s][info][gc,heap        ] GC(630) PSYoungGen: 2637856K(2644480K)->140032K(2645504K) Eden: 2497024K(2497024K)->0K(2497024K) From: 140832K(147456K)->140032K(148480K)
[3123.014s][info][gc,heap        ] GC(630) ParOldGen: 3161870K(3162112K)->3253686K(3253760K)
[3123.014s][info][gc,metaspace   ] GC(630) Metaspace: 29133K(29504K)->29133K(29504K) NonClass: 24242K(24384K)->24242K(24384K) Class: 4891K(5120K)->4891K(5120K)
[3123.014s][info][gc             ] GC(630) Pause Young (Allocation Failure) 5663M->3314M(5761M) 97.786ms
[3123.014s][info][gc,cpu         ] GC(630) User=0.55s Sys=0.02s Real=0.10s
.....[3127.792s][info][gc,start       ] GC(631) Pause Young (Allocation Failure)
[3127.893s][info][gc,heap        ] GC(631) PSYoungGen: 2637056K(2645504K)->142900K(2647040K) Eden: 2497024K(2497024K)->0K(2499584K) From: 140032K(148480K)->142900K(147456K)
[3127.893s][info][gc,heap        ] GC(631) ParOldGen: 3253686K(3253760K)->3346470K(3346944K)
[3127.893s][info][gc,metaspace   ] GC(631) Metaspace: 29133K(29504K)->29133K(29504K) NonClass: 24242K(24384K)->24242K(24384K) Class: 4891K(5120K)->4891K(5120K)
[3127.893s][info][gc             ] GC(631) Pause Young (Allocation Failure) 5752M->3407M(5853M) 100.898ms
[3127.893s][info][gc,cpu         ] GC(631) User=0.56s Sys=0.03s Real=0.10s
.....[3132.814s][info][gc,start       ] GC(632) Pause Young (Allocation Failure)
[3132.916s][info][gc,heap        ] GC(632) PSYoungGen: 2642484K(2647040K)->146293K(2646016K) Eden: 2499584K(2499584K)->0K(2499584K) From: 142900K(147456K)->146293K(146432K)
[3132.916s][info][gc,heap        ] GC(632) ParOldGen: 3346470K(3346944K)->3437166K(3437568K)
[3132.916s][info][gc,metaspace   ] GC(632) Metaspace: 29133K(29504K)->29133K(29504K) NonClass: 24242K(24384K)->24242K(24384K) Class: 4891K(5120K)->4891K(5120K)
[3132.916s][info][gc             ] GC(632) Pause Young (Allocation Failure) 5848M->3499M(5941M) 101.647ms
[3132.916s][info][gc,cpu         ] GC(632) User=0.58s Sys=0.01s Real=0.10s
.....[3137.639s][info][gc,start       ] GC(633) Pause Young (Allocation Failure)
[3137.742s][info][gc,heap        ] GC(633) PSYoungGen: 2645877K(2646016K)->144768K(2646528K) Eden: 2499584K(2499584K)->0K(2497024K) From: 146293K(146432K)->144768K(149504K)
[3137.742s][info][gc,heap        ] GC(633) ParOldGen: 3437166K(3437568K)->3531414K(3531776K)
[3137.742s][info][gc,metaspace   ] GC(633) Metaspace: 29133K(29504K)->29133K(29504K) NonClass: 24242K(24384K)->24242K(24384K) Class: 4891K(5120K)->4891K(5120K)
[3137.742s][info][gc             ] GC(633) Pause Young (Allocation Failure) 5940M->3590M(6033M) 102.809ms
[3137.742s][info][gc,cpu         ] GC(633) User=0.59s Sys=0.02s Real=0.10s
. (rIR:aIR:PR = 4151:4150:4151) (tPR = 61932) [OK] 
  3137s: Performance info:
         Transaction,    Success,    Partial,     Failed,   Receipts, AvgBarcode, 
             Overall,     249670,          0,          0,     237187,      59.48, 
         Response times:
             Request,    Success,    Partial,     Failed,   SkipFail,     Probes,    Samples,      min,      p50,      p90,      p95,      p99,      max, 
       TotalPurchase,     237181,          0,          0,          0,     232523,     248237,      300,     3000,     4800,     5600,    21000,   119000,
     InStorePurchase,     124792,          0,          0,          0,     122385,     130315,      300,     2900,     4800,     5500,    19784,   116000,
      OnlinePurchase,      87430,          0,          0,          0,      85892,      91733,      300,     3100,     4900,     5700,    21000,   119000,
        InstPurchase,      24959,          0,          0,          0,      24246,      26189,      400,     3300,     5000,     5700,    21000,   112000,
          AssocOfCat,        248,          0,          0,          0,        201,        274,    17300,    25000,    32000,    35250,   131000,   140000,
      AssocOfProduct,       2491,          0,          0,          0,       2248,       2575,      800,     3000,     4400,     5320,    18100,   106000,
      BusinessReport,        630,          0,          0,          0,        515,        649,    22000,    32000,    40000,    47000,   130500,   160000,
          CustBuyBeh,       2500,          0,          0,          0,       2304,       2632,      700,     2500,     3700,     4400,    16467,   102000,
       ProductReturn,       6614,          0,          0,          0,       6267,       6885,      200,     2300,     4100,     4800,    14200,   106000,

  3137s: (31%)   IR =   4289 ....[3142.359s][info][gc,start       ] GC(634) Pause Young (Allocation Failure)
[3142.457s][info][gc,heap        ] GC(634) PSYoungGen: 2641792K(2646528K)->136544K(2633728K) Eden: 2497024K(2497024K)->0K(2497024K) From: 144768K(149504K)->136544K(136704K)
[3142.457s][info][gc,heap        ] GC(634) ParOldGen: 3531414K(3531776K)->3623574K(3623936K)
[3142.457s][info][gc,metaspace   ] GC(634) Metaspace: 29133K(29504K)->29133K(29504K) NonClass: 24242K(24384K)->24242K(24384K) Class: 4891K(5120K)->4891K(5120K)
[3142.457s][info][gc             ] GC(634) Pause Young (Allocation Failure) 6028M->3671M(6111M) 97.582ms
[3142.457s][info][gc,cpu         ] GC(634) User=0.55s Sys=0.02s Real=0.10s
...|..[3147.187s][info][gc,start       ] GC(635) Pause Young (Allocation Failure)
[3147.290s][info][gc,heap        ] GC(635) PSYoungGen: 2633568K(2633728K)->149408K(2641920K) Eden: 2497024K(2497024K)->0K(2491904K) From: 136544K(136704K)->149408K(150016K)
[3147.290s][info][gc,heap        ] GC(635) ParOldGen: 3623574K(3623936K)->3714166K(3714560K)
[3147.290s][info][gc,metaspace   ] GC(635) Metaspace: 29133K(29504K)->29133K(29504K) NonClass: 24242K(24384K)->24242K(24384K) Class: 4891K(5120K)->4891K(5120K)
[3147.290s][info][gc             ] GC(635) Pause Young (Allocation Failure) 6110M->3773M(6207M) 102.887ms
[3147.290s][info][gc,cpu         ] GC(635) User=0.59s Sys=0.02s Real=0.10s
....[3151.871s][info][gc,start       ] GC(636) Pause Young (Allocation Failure)
[3151.969s][info][gc,heap        ] GC(636) PSYoungGen: 2641312K(2641920K)->139424K(2643968K) Eden: 2491904K(2491904K)->0K(2491904K) From: 149408K(150016K)->139424K(152064K)
[3151.969s][info][gc,heap        ] GC(636) ParOldGen: 3714166K(3714560K)->3808318K(3808768K)
[3151.969s][info][gc,metaspace   ] GC(636) Metaspace: 29133K(29504K)->29133K(29504K) NonClass: 24242K(24384K)->24242K(24384K) Class: 4891K(5120K)->4891K(5120K)
[3151.969s][info][gc             ] GC(636) Pause Young (Allocation Failure) 6206M->3855M(6301M) 98.309ms
[3151.969s][info][gc,cpu         ] GC(636) User=0.55s Sys=0.03s Real=0.10s
.....[3156.608s][info][gc,start       ] GC(637) Pause Young (Allocation Failure)
[3156.707s][info][gc,heap        ] GC(637) PSYoungGen: 2631328K(2643968K)->138016K(2643456K) Eden: 2491904K(2491904K)->0K(2492416K) From: 139424K(152064K)->138016K(151040K)
[3156.707s][info][gc,heap        ] GC(637) ParOldGen: 3808318K(3808768K)->3901006K(3901440K)
[3156.707s][info][gc,metaspace   ] GC(637) Metaspace: 29133K(29504K)->29133K(29504K) NonClass: 24242K(24384K)->24242K(24384K) Class: 4891K(5120K)->4891K(5120K)
[3156.707s][info][gc             ] GC(637) Pause Young (Allocation Failure) 6288M->3944M(6391M) 98.854ms
[3156.707s][info][gc,cpu         ] GC(637) User=0.54s Sys=0.04s Real=0.10s
.....[3161.378s][info][gc,start       ] GC(638) Pause Young (Allocation Failure)
[3161.476s][info][gc,heap        ] GC(638) PSYoungGen: 2630432K(2643456K)->138912K(2643968K) Eden: 2492416K(2492416K)->0K(2492416K) From: 138016K(151040K)->138912K(151552K)
[3161.476s][info][gc,heap        ] GC(638) ParOldGen: 3901006K(3901440K)->3991630K(3992064K)
[3161.476s][info][gc,metaspace   ] GC(638) Metaspace: 29133K(29504K)->29133K(29504K) NonClass: 24242K(24384K)->24242K(24384K) Class: 4891K(5120K)->4891K(5120K)
[3161.476s][info][gc             ] GC(638) Pause Young (Allocation Failure) 6378M->4033M(6480M) 97.799ms
[3161.476s][info][gc,cpu         ] GC(638) User=0.55s Sys=0.03s Real=0.10s
.....[3166.158s][info][gc,start       ] GC(639) Pause Young (Allocation Failure)
[3166.257s][info][gc,heap        ] GC(639) PSYoungGen: 2631328K(2643968K)->141888K(2642432K) Eden: 2492416K(2492416K)->0K(2493440K) From: 138912K(151552K)->141888K(148992K)
[3166.257s][info][gc,heap        ] GC(639) ParOldGen: 3991630K(3992064K)->4083758K(4084224K)
[3166.257s][info][gc,metaspace   ] GC(639) Metaspace: 29133K(29504K)->29133K(29504K) NonClass: 24242K(24384K)->24242K(24384K) Class: 4891K(5120K)->4891K(5120K)
[3166.257s][info][gc             ] GC(639) Pause Young (Allocation Failure) 6467M->4126M(6569M) 99.288ms
[3166.257s][info][gc,cpu         ] GC(639) User=0.56s Sys=0.03s Real=0.10s
....[3170.913s][info][gc,start       ] GC(640) Pause Young (Allocation Failure)
[3171.012s][info][gc,heap        ] GC(640) PSYoungGen: 2635328K(2642432K)->140576K(2643456K) Eden: 2493440K(2493440K)->0K(2493440K) From: 141888K(148992K)->140576K(150016K)
[3171.012s][info][gc,heap        ] GC(640) ParOldGen: 4083758K(4084224K)->4176406K(4176896K)
[3171.012s][info][gc,metaspace   ] GC(640) Metaspace: 29133K(29504K)->29133K(29504K) NonClass: 24242K(24384K)->24242K(24384K) Class: 4891K(5120K)->4891K(5120K)
[3171.012s][info][gc             ] GC(640) Pause Young (Allocation Failure) 6561M->4215M(6660M) 98.774ms
[3171.012s][info][gc,cpu         ] GC(640) User=0.56s Sys=0.03s Real=0.09s
.....[3175.617s][info][gc,start       ] GC(641) Pause Young (Allocation Failure)
[3175.716s][info][gc,heap        ] GC(641) PSYoungGen: 2634016K(2643456K)->138560K(2644480K) Eden: 2493440K(2493440K)->0K(2496512K) From: 140576K(150016K)->138560K(147968K)
[3175.716s][info][gc,heap        ] GC(641) ParOldGen: 4176406K(4176896K)->4269182K(4269568K)
[3175.716s][info][gc,metaspace   ] GC(641) Metaspace: 29133K(29504K)->29133K(29504K) NonClass: 24242K(24384K)->24242K(24384K) Class: 4891K(5120K)->4891K(5120K)
[3175.716s][info][gc             ] GC(641) Pause Young (Allocation Failure) 6650M->4304M(6752M) 99.100ms
[3175.716s][info][gc,cpu         ] GC(641) User=0.55s Sys=0.03s Real=0.10s
.....[3180.422s][info][gc,start       ] GC(642) Pause Young (Allocation Failure)
[3180.521s][info][gc,heap        ] GC(642) PSYoungGen: 2635072K(2644480K)->140640K(2645504K) Eden: 2496512K(2496512K)->0K(2496512K) From: 138560K(147968K)->140640K(148992K)
[3180.521s][info][gc,heap        ] GC(642) ParOldGen: 4269182K(4269568K)->4360582K(4360704K)
[3180.521s][info][gc,metaspace   ] GC(642) Metaspace: 29133K(29504K)->29133K(29504K) NonClass: 24242K(24384K)->24242K(24384K) Class: 4891K(5120K)->4891K(5120K)
[3180.521s][info][gc             ] GC(642) Pause Young (Allocation Failure) 6742M->4395M(6842M) 98.365ms
[3180.521s][info][gc,cpu         ] GC(642) User=0.55s Sys=0.03s Real=0.10s
.....[3185.142s][info][gc,start       ] GC(643) Pause Young (Allocation Failure)
[3185.243s][info][gc,heap        ] GC(643) PSYoungGen: 2637152K(2645504K)->143456K(2646528K) Eden: 2496512K(2496512K)->0K(2498560K) From: 140640K(148992K)->143456K(147968K)
[3185.243s][info][gc,heap        ] GC(643) ParOldGen: 4360582K(4360704K)->4453990K(4454400K)
[3185.243s][info][gc,metaspace   ] GC(643) Metaspace: 29133K(29504K)->29133K(29504K) NonClass: 24242K(24384K)->24242K(24384K) Class: 4891K(5120K)->4891K(5120K)
[3185.243s][info][gc             ] GC(643) Pause Young (Allocation Failure) 6833M->4489M(6934M) 101.118ms
[3185.243s][info][gc,cpu         ] GC(643) User=0.57s Sys=0.02s Real=0.10s
....[3189.884s][info][gc,start       ] GC(644) Pause Young (Allocation Failure)
[3189.985s][info][gc,heap        ] GC(644) PSYoungGen: 2642016K(2646528K)->144693K(2647040K) Eden: 2498560K(2498560K)->0K(2498560K) From: 143456K(147968K)->144693K(148480K)
[3189.985s][info][gc,heap        ] GC(644) ParOldGen: 4453990K(4454400K)->4545974K(4546048K)
[3189.985s][info][gc,metaspace   ] GC(644) Metaspace: 29133K(29504K)->29133K(29504K) NonClass: 24242K(24384K)->24242K(24384K) Class: 4891K(5120K)->4891K(5120K)
[3189.985s][info][gc             ] GC(644) Pause Young (Allocation Failure) 6929M->4580M(7024M) 101.584ms
[3189.985s][info][gc,cpu         ] GC(644) User=0.56s Sys=0.03s Real=0.10s
.....[3194.607s][info][gc,start       ] GC(645) Pause Young (Allocation Failure)
[3194.704s][info][gc,heap        ] GC(645) PSYoungGen: 2643253K(2647040K)->139440K(2647040K) Eden: 2498560K(2498560K)->0K(2498048K) From: 144693K(148480K)->139440K(148992K)
[3194.704s][info][gc,heap        ] GC(645) ParOldGen: 4545974K(4546048K)->4637838K(4638208K)
[3194.704s][info][gc,metaspace   ] GC(645) Metaspace: 29133K(29504K)->29133K(29504K) NonClass: 24242K(24384K)->24242K(24384K) Class: 4891K(5120K)->4891K(5120K)
[3194.704s][info][gc             ] GC(645) Pause Young (Allocation Failure) 7020M->4665M(7114M) 97.730ms
[3194.704s][info][gc,cpu         ] GC(645) User=0.54s Sys=0.03s Real=0.10s
.....[3199.448s][info][gc,start       ] GC(646) Pause Young (Allocation Failure)
[3199.548s][info][gc,heap        ] GC(646) PSYoungGen: 2637488K(2647040K)->140256K(2638336K) Eden: 2498048K(2498048K)->0K(2498048K) From: 139440K(148992K)->140256K(140288K)
[3199.548s][info][gc,heap        ] GC(646) ParOldGen: 4637838K(4638208K)->4729878K(4730368K)
[3199.548s][info][gc,metaspace   ] GC(646) Metaspace: 29133K(29504K)->29133K(29504K) NonClass: 24242K(24384K)->24242K(24384K) Class: 4891K(5120K)->4891K(5120K)
[3199.548s][info][gc             ] GC(646) Pause Young (Allocation Failure) 7104M->4755M(7196M) 100.218ms
[3199.548s][info][gc,cpu         ] GC(646) User=0.56s Sys=0.04s Real=0.10s
.....[3204.174s][info][gc,start       ] GC(647) Pause Young (Allocation Failure)
[3204.275s][info][gc,heap        ] GC(647) PSYoungGen: 2638304K(2638336K)->141792K(2647040K) Eden: 2498048K(2498048K)->0K(2498560K) From: 140256K(140288K)->141792K(148480K)
[3204.275s][info][gc,heap        ] GC(647) ParOldGen: 4729878K(4730368K)->4824422K(4824576K)
[3204.275s][info][gc,metaspace   ] GC(647) Metaspace: 29133K(29504K)->29133K(29504K) NonClass: 24242K(24384K)->24242K(24384K) Class: 4891K(5120K)->4891K(5120K)
[3204.275s][info][gc             ] GC(647) Pause Young (Allocation Failure) 7195M->4849M(7296M) 100.583ms
[3204.275s][info][gc,cpu         ] GC(647) User=0.57s Sys=0.03s Real=0.10s
. (rIR:aIR:PR = 4289:4289:4289) (tPR = 63848) [OK] 
  3204s: Performance info:
         Transaction,    Success,    Partial,     Failed,   Receipts, AvgBarcode, 
             Overall,     257512,          0,          0,     244631,      59.47, 
         Response times:
             Request,    Success,    Partial,     Failed,   SkipFail,     Probes,    Samples,      min,      p50,      p90,      p95,      p99,      max, 
       TotalPurchase,     244631,          0,          0,          0,     240336,     268726,      300,     3200,     5200,     6200,    24000,   133000,
     InStorePurchase,     128734,          0,          0,          0,     126738,     141304,      300,     3100,     5200,     6200,    23000,   133000,
      OnlinePurchase,      90147,          0,          0,          0,      88553,      98987,      300,     3300,     5300,     6300,    25000,   110000,
        InstPurchase,      25750,          0,          0,          0,      25045,      28435,      400,     3000,     5100,     6000,    24000,   123000,
          AssocOfCat,        257,          0,          0,          0,        204,        298,    17100,    26000,    35100,    41000,    92430,   162000,
      AssocOfProduct,       2572,          0,          0,          0,       2332,       2785,      500,     2400,     4300,     5000,    14826,   109000,
      BusinessReport,        645,          0,          0,          0,        540,        723,    19600,    32000,    40000,    47800,   100000,   155000,
          CustBuyBeh,       2576,          0,          0,          0,       2351,       2843,      200,     4100,     5900,     7300,    34560,   109000,
       ProductReturn,       6831,          0,          0,          0,       6356,       7332,      200,     2700,     5300,     6200,    24000,   108000,

  3204s: (32%)   IR =   4428 ...[3208.881s][info][gc,start       ] GC(648) Pause Young (Allocation Failure)
[3208.982s][info][gc,heap        ] GC(648) PSYoungGen: 2640352K(2647040K)->142592K(2646528K) Eden: 2498560K(2498560K)->0K(2498560K) From: 141792K(148480K)->142592K(147968K)
[3208.982s][info][gc,heap        ] GC(648) ParOldGen: 4824422K(4824576K)->4915718K(4916224K)
[3208.983s][info][gc,metaspace   ] GC(648) Metaspace: 29133K(29504K)->29133K(29504K) NonClass: 24242K(24384K)->24242K(24384K) Class: 4891K(5120K)->4891K(5120K)
[3208.983s][info][gc             ] GC(648) Pause Young (Allocation Failure) 7289M->4939M(7385M) 101.158ms
[3208.983s][info][gc,cpu         ] GC(648) User=0.58s Sys=0.02s Real=0.10s
.....[3213.471s][info][gc,start       ] GC(649) Pause Young (Allocation Failure)
[3213.574s][info][gc,heap        ] GC(649) PSYoungGen: 2641152K(2646528K)->142948K(2647040K) Eden: 2498560K(2498560K)->0K(2499584K) From: 142592K(147968K)->142948K(147456K)
[3213.574s][info][gc,heap        ] GC(649) ParOldGen: 4915718K(4916224K)->5009758K(5009920K)
[3213.574s][info][gc,metaspace   ] GC(649) Metaspace: 29133K(29504K)->29133K(29504K) NonClass: 24242K(24384K)->24242K(24384K) Class: 4891K(5120K)->4891K(5120K)
[3213.574s][info][gc             ] GC(649) Pause Young (Allocation Failure) 7379M->5031M(7477M) 103.458ms
[3213.574s][info][gc,cpu         ] GC(649) User=0.58s Sys=0.02s Real=0.11s
.|...[3218.044s][info][gc,start       ] GC(650) Pause Young (Allocation Failure)
[3218.144s][info][gc,heap        ] GC(650) PSYoungGen: 2642532K(2647040K)->141408K(2647040K) Eden: 2499584K(2499584K)->0K(2499584K) From: 142948K(147456K)->141408K(147456K)
[3218.144s][info][gc,heap        ] GC(650) ParOldGen: 5009758K(5009920K)->5102806K(5103104K)
[3218.144s][info][gc,metaspace   ] GC(650) Metaspace: 29133K(29504K)->29133K(29504K) NonClass: 24242K(24384K)->24242K(24384K) Class: 4891K(5120K)->4891K(5120K)
[3218.144s][info][gc             ] GC(650) Pause Young (Allocation Failure) 7472M->5121M(7568M) 99.750ms
[3218.144s][info][gc,cpu         ] GC(650) User=0.55s Sys=0.04s Real=0.10s
.....[3222.727s][info][gc,start       ] GC(651) Pause Young (Allocation Failure)
[3222.825s][info][gc,heap        ] GC(651) PSYoungGen: 2640992K(2647040K)->141184K(2648064K) Eden: 2499584K(2499584K)->0K(2501632K) From: 141408K(147456K)->141184K(146432K)
[3222.826s][info][gc,heap        ] GC(651) ParOldGen: 5102806K(5103104K)->5194134K(5194240K)
[3222.826s][info][gc,metaspace   ] GC(651) Metaspace: 29133K(29504K)->29133K(29504K) NonClass: 24242K(24384K)->24242K(24384K) Class: 4891K(5120K)->4891K(5120K)
[3222.826s][info][gc             ] GC(651) Pause Young (Allocation Failure) 7562M->5210M(7658M) 99.036ms
[3222.826s][info][gc,cpu         ] GC(651) User=0.56s Sys=0.03s Real=0.10s
.....[3227.350s][info][gc,start       ] GC(652) Pause Young (Allocation Failure)
[3227.450s][info][gc,heap        ] GC(652) PSYoungGen: 2642816K(2648064K)->138464K(2648064K) Eden: 2501632K(2501632K)->0K(2501632K) From: 141184K(146432K)->138464K(146432K)
[3227.450s][info][gc,heap        ] GC(652) ParOldGen: 5194134K(5194240K)->5287326K(5287424K)
[3227.450s][info][gc,metaspace   ] GC(652) Metaspace: 29133K(29504K)->29133K(29504K) NonClass: 24242K(24384K)->24242K(24384K) Class: 4891K(5120K)->4891K(5120K)
[3227.450s][info][gc             ] GC(652) Pause Young (Allocation Failure) 7653M->5298M(7749M) 99.557ms
[3227.450s][info][gc,cpu         ] GC(652) User=0.55s Sys=0.04s Real=0.10s
....[3231.910s][info][gc,start       ] GC(653) Pause Young (Allocation Failure)
[3232.013s][info][gc,heap        ] GC(653) PSYoungGen: 2640096K(2648064K)->144613K(2647552K) Eden: 2501632K(2501632K)->0K(2501120K) From: 138464K(146432K)->144613K(146432K)
[3232.013s][info][gc,heap        ] GC(653) ParOldGen: 5287326K(5287424K)->5380366K(5380608K)
[3232.013s][info][gc,metaspace   ] GC(653) Metaspace: 29136K(29504K)->29136K(29504K) NonClass: 24244K(24384K)->24244K(24384K) Class: 4891K(5120K)->4891K(5120K)
[3232.013s][info][gc             ] GC(653) Pause Young (Allocation Failure) 7741M->5395M(7840M) 103.329ms
[3232.013s][info][gc,cpu         ] GC(653) User=0.59s Sys=0.02s Real=0.10s
.....[3236.616s][info][gc,start       ] GC(654) Pause Young (Allocation Failure)
[3236.716s][info][gc,heap        ] GC(654) PSYoungGen: 2645733K(2647552K)->141472K(2648576K) Eden: 2501120K(2501120K)->0K(2501120K) From: 144613K(146432K)->141472K(147456K)
[3236.716s][info][gc,heap        ] GC(654) ParOldGen: 5380366K(5380608K)->5471366K(5471744K)
[3236.716s][info][gc,metaspace   ] GC(654) Metaspace: 29136K(29504K)->29136K(29504K) NonClass: 24244K(24384K)->24244K(24384K) Class: 4891K(5120K)->4891K(5120K)
[3236.716s][info][gc             ] GC(654) Pause Young (Allocation Failure) 7837M->5481M(7930M) 100.336ms
[3236.716s][info][gc,cpu         ] GC(654) User=0.56s Sys=0.02s Real=0.10s
.....[3241.220s][info][gc,start       ] GC(655) Pause Young (Allocation Failure)
[3241.321s][info][gc,heap        ] GC(655) PSYoungGen: 2642592K(2648576K)->137856K(2648064K) Eden: 2501120K(2501120K)->0K(2501632K) From: 141472K(147456K)->137856K(146432K)
[3241.321s][info][gc,heap        ] GC(655) ParOldGen: 5471366K(5471744K)->5564534K(5564928K)
[3241.321s][info][gc,metaspace   ] GC(655) Metaspace: 29136K(29504K)->29136K(29504K) NonClass: 24244K(24384K)->24244K(24384K) Class: 4891K(5120K)->4891K(5120K)
[3241.321s][info][gc             ] GC(655) Pause Young (Allocation Failure) 7923M->5568M(8020M) 101.105ms
[3241.321s][info][gc,cpu         ] GC(655) User=0.56s Sys=0.03s Real=0.10s
....[3245.780s][info][gc,start       ] GC(656) Pause Full (Allocation Failure)
[3245.780s][info][gc,phases,start] GC(656) Marking Phase
[3246.068s][info][gc,phases      ] GC(656) Marking Phase 287.946ms
[3246.068s][info][gc,phases,start] GC(656) Summary Phase
[3246.068s][info][gc,phases      ] GC(656) Summary Phase 0.109ms
[3246.068s][info][gc,phases,start] GC(656) Forward
[3246.200s][info][gc,phases      ] GC(656) Forward 131.929ms
[3246.200s][info][gc,phases,start] GC(656) Adjust Pointers
[3246.399s][info][gc,phases      ] GC(656) Adjust Pointers 198.519ms
[3246.399s][info][gc,phases,start] GC(656) Compaction Phase
[3246.524s][info][gc,phases      ] GC(656) Compaction Phase 125.427ms
[3246.525s][info][gc,phases,start] GC(656) Post Compact
[3246.532s][info][gc,phases      ] GC(656) Post Compact 6.919ms
[3246.657s][info][gc,heap        ] GC(656) PSYoungGen: 2639488K(2648064K)->0K(2648576K) Eden: 2501632K(2501632K)->0K(2501632K) From: 137856K(146432K)->0K(146944K)
[3246.657s][info][gc,heap        ] GC(656) ParOldGen: 5564534K(5564928K)->1413405K(1616896K)
[3246.657s][info][gc,metaspace   ] GC(656) Metaspace: 29136K(29504K)->29136K(29504K) NonClass: 24244K(24384K)->24244K(24384K) Class: 4891K(5120K)->4891K(5120K)
[3246.657s][info][gc             ] GC(656) Pause Full (Allocation Failure) 8011M->1380M(4165M) 877.026ms
[3246.657s][info][gc,cpu         ] GC(656) User=3.98s Sys=0.12s Real=0.88s
....[3250.376s][info][gc,start       ] GC(657) Pause Young (Allocation Failure)
[3250.439s][info][gc,heap        ] GC(657) PSYoungGen: 2501632K(2648576K)->138752K(2649088K) Eden: 2501632K(2501632K)->0K(2502144K) From: 0K(146944K)->138752K(146944K)
[3250.439s][info][gc,heap        ] GC(657) ParOldGen: 1413405K(1616896K)->1413405K(1616896K)
[3250.439s][info][gc,metaspace   ] GC(657) Metaspace: 29136K(29504K)->29136K(29504K) NonClass: 24244K(24384K)->24244K(24384K) Class: 4891K(5120K)->4891K(5120K)
[3250.439s][info][gc             ] GC(657) Pause Young (Allocation Failure) 3823M->1515M(4166M) 62.673ms
[3250.439s][info][gc,cpu         ] GC(657) User=0.37s Sys=0.00s Real=0.06s
.....[3255.039s][info][gc,start       ] GC(658) Pause Young (Allocation Failure)
[3255.131s][info][gc,heap        ] GC(658) PSYoungGen: 2640896K(2649088K)->143872K(2646528K) Eden: 2502144K(2502144K)->0K(2502144K) From: 138752K(146944K)->143872K(144384K)
[3255.131s][info][gc,heap        ] GC(658) ParOldGen: 1413405K(1616896K)->1505493K(1616896K)
[3255.131s][info][gc,metaspace   ] GC(658) Metaspace: 29136K(29504K)->29136K(29504K) NonClass: 24244K(24384K)->24244K(24384K) Class: 4891K(5120K)->4891K(5120K)
[3255.131s][info][gc             ] GC(658) Pause Young (Allocation Failure) 3959M->1610M(4163M) 92.018ms
[3255.131s][info][gc,cpu         ] GC(658) User=0.54s Sys=0.00s Real=0.09s
....[3259.596s][info][gc,start       ] GC(659) Pause Young (Allocation Failure)
[3259.687s][info][gc,heap        ] GC(659) PSYoungGen: 2646016K(2646528K)->138144K(2648576K) Eden: 2502144K(2502144K)->0K(2501120K) From: 143872K(144384K)->138144K(147456K)
[3259.687s][info][gc,heap        ] GC(659) ParOldGen: 1505493K(1616896K)->1598965K(1616896K)
[3259.687s][info][gc,metaspace   ] GC(659) Metaspace: 29136K(29504K)->29136K(29504K) NonClass: 24244K(24384K)->24244K(24384K) Class: 4891K(5120K)->4891K(5120K)
[3259.687s][info][gc             ] GC(659) Pause Young (Allocation Failure) 4054M->1696M(4165M) 91.146ms
[3259.687s][info][gc,cpu         ] GC(659) User=0.53s Sys=0.00s Real=0.09s
.....[3264.230s][info][gc,start       ] GC(660) Pause Young (Allocation Failure)
[3264.327s][info][gc,heap        ] GC(660) PSYoungGen: 2639264K(2648576K)->142595K(2648576K) Eden: 2501120K(2501120K)->0K(2501120K) From: 138144K(147456K)->142595K(147456K)
[3264.327s][info][gc,heap        ] GC(660) ParOldGen: 1598965K(1616896K)->1690741K(1691136K)
[3264.327s][info][gc,metaspace   ] GC(660) Metaspace: 29136K(29504K)->29136K(29504K) NonClass: 24244K(24384K)->24244K(24384K) Class: 4891K(5120K)->4891K(5120K)
[3264.327s][info][gc             ] GC(660) Pause Young (Allocation Failure) 4138M->1790M(4238M) 96.804ms
[3264.327s][info][gc,cpu         ] GC(660) User=0.56s Sys=0.02s Real=0.10s
.....[3268.848s][info][gc,start       ] GC(661) Pause Young (Allocation Failure)
[3268.945s][info][gc,heap        ] GC(661) PSYoungGen: 2643715K(2648576K)->142400K(2647552K) Eden: 2501120K(2501120K)->0K(2501120K) From: 142595K(147456K)->142400K(146432K)
[3268.945s][info][gc,heap        ] GC(661) ParOldGen: 1690741K(1691136K)->1783405K(1783808K)
[3268.945s][info][gc,metaspace   ] GC(661) Metaspace: 29136K(29504K)->29136K(29504K) NonClass: 24244K(24384K)->24244K(24384K) Class: 4891K(5120K)->4891K(5120K)
[3268.945s][info][gc             ] GC(661) Pause Young (Allocation Failure) 4232M->1880M(4327M) 97.546ms
[3268.945s][info][gc,cpu         ] GC(661) User=0.55s Sys=0.02s Real=0.10s
....[3273.450s][info][gc,start       ] GC(662) Pause Young (Allocation Failure)
[3273.547s][info][gc,heap        ] GC(662) PSYoungGen: 2643520K(2647552K)->138016K(2648064K) Eden: 2501120K(2501120K)->0K(2501120K) From: 142400K(146432K)->138016K(146944K)
[3273.547s][info][gc,heap        ] GC(662) ParOldGen: 1783405K(1783808K)->1876717K(1876992K)
[3273.547s][info][gc,metaspace   ] GC(662) Metaspace: 29136K(29504K)->29136K(29504K) NonClass: 24244K(24384K)->24244K(24384K) Class: 4891K(5120K)->4891K(5120K)
[3273.547s][info][gc             ] GC(662) Pause Young (Allocation Failure) 4323M->1967M(4419M) 96.567ms
[3273.547s][info][gc,cpu         ] GC(662) User=0.54s Sys=0.02s Real=0.10s
.. (rIR:aIR:PR = 4428:4430:4430) (tPR = 65682) [OK] 
  3274s: Performance info:
         Transaction,    Success,    Partial,     Failed,   Receipts, AvgBarcode, 
             Overall,     268241,          0,          0,     254829,      59.48, 
         Response times:
             Request,    Success,    Partial,     Failed,   SkipFail,     Probes,    Samples,      min,      p50,      p90,      p95,      p99,      max, 
       TotalPurchase,     254833,          0,          0,          0,     246220,     288069,      300,     3300,     5600,     7500,    23000,   890000,
     InStorePurchase,     134123,          0,          0,          0,     129884,     151870,      300,     3300,     5600,     7500,    23000,   890000,
      OnlinePurchase,      93906,          0,          0,          0,      90675,     105874,      300,     3200,     5600,     7400,    23000,   890000,
        InstPurchase,      26804,          0,          0,          0,      25661,      30325,      400,     3100,     5400,     7200,    23000,   890000,
          AssocOfCat,        268,          0,          0,          0,        206,        291,    17700,    27000,    38000,    43000,    51080,    78000,
      AssocOfProduct,       2689,          0,          0,          0,       2476,       3066,      400,     3300,     5600,     6600,    22000,   890000,
      BusinessReport,        673,          0,          0,          0,        561,        788,    19300,    32000,    43100,    48550,   102080,   148000,
          CustBuyBeh,       2676,          0,          0,          0,       2425,       3000,      200,     2500,     5300,     6400,    20000,   107000,
       ProductReturn,       7107,          0,          0,          0,       6719,       8115,      200,     2700,     5100,     6900,    24000,   890000,

  3274s: (33%)   IR =   4566 ...[3277.996s][info][gc,start       ] GC(663) Pause Young (Allocation Failure)
[3278.098s][info][gc,heap        ] GC(663) PSYoungGen: 2639136K(2648064K)->146912K(2575360K) Eden: 2501120K(2501120K)->0K(2428416K) From: 138016K(146944K)->146912K(146944K)
[3278.098s][info][gc,heap        ] GC(663) ParOldGen: 1876717K(1876992K)->1971789K(1972224K)
[3278.098s][info][gc,metaspace   ] GC(663) Metaspace: 29136K(29504K)->29136K(29504K) NonClass: 24244K(24384K)->24244K(24384K) Class: 4891K(5120K)->4891K(5120K)
[3278.098s][info][gc             ] GC(663) Pause Young (Allocation Failure) 4410M->2069M(4441M) 101.482ms
[3278.098s][info][gc,cpu         ] GC(663) User=0.57s Sys=0.03s Real=0.10s
....|[3282.301s][info][gc,start       ] GC(664) Pause Young (Allocation Failure)
[3282.396s][info][gc,heap        ] GC(664) PSYoungGen: 2575328K(2575360K)->134048K(2612224K) Eden: 2428416K(2428416K)->0K(2428416K) From: 146912K(146944K)->134048K(183808K)
[3282.396s][info][gc,heap        ] GC(664) ParOldGen: 1971789K(1972224K)->2062405K(2062848K)
[3282.396s][info][gc,metaspace   ] GC(664) Metaspace: 29136K(29504K)->29136K(29504K) NonClass: 24244K(24384K)->24244K(24384K) Class: 4891K(5120K)->4891K(5120K)
[3282.396s][info][gc             ] GC(664) Pause Young (Allocation Failure) 4440M->2144M(4565M) 94.619ms
[3282.396s][info][gc,cpu         ] GC(664) User=0.52s Sys=0.03s Real=0.10s
....[3286.677s][info][gc,start       ] GC(665) Pause Young (Allocation Failure)
[3286.775s][info][gc,heap        ] GC(665) PSYoungGen: 2562464K(2612224K)->143360K(2607104K) Eden: 2428416K(2428416K)->0K(2428416K) From: 134048K(183808K)->143360K(178688K)
[3286.775s][info][gc,heap        ] GC(665) ParOldGen: 2062405K(2062848K)->2153917K(2153984K)
[3286.775s][info][gc,metaspace   ] GC(665) Metaspace: 29136K(29504K)->29136K(29504K) NonClass: 24244K(24384K)->24244K(24384K) Class: 4891K(5120K)->4891K(5120K)
[3286.775s][info][gc             ] GC(665) Pause Young (Allocation Failure) 4516M->2243M(4649M) 97.490ms
[3286.775s][info][gc,cpu         ] GC(665) User=0.55s Sys=0.03s Real=0.10s
.....[3290.958s][info][gc,start       ] GC(666) Pause Young (Allocation Failure)
[3291.058s][info][gc,heap        ] GC(666) PSYoungGen: 2571776K(2607104K)->143067K(2609664K) Eden: 2428416K(2428416K)->0K(2428416K) From: 143360K(178688K)->143067K(181248K)
[3291.058s][info][gc,heap        ] GC(666) ParOldGen: 2153917K(2153984K)->2246349K(2246656K)
[3291.058s][info][gc,metaspace   ] GC(666) Metaspace: 29136K(29504K)->29136K(29504K) NonClass: 24244K(24384K)->24244K(24384K) Class: 4891K(5120K)->4891K(5120K)
[3291.058s][info][gc             ] GC(666) Pause Young (Allocation Failure) 4614M->2333M(4742M) 100.350ms
[3291.058s][info][gc,cpu         ] GC(666) User=0.56s Sys=0.04s Real=0.10s
....[3295.267s][info][gc,start       ] GC(667) Pause Young (Allocation Failure)
[3295.361s][info][gc,heap        ] GC(667) PSYoungGen: 2571483K(2609664K)->133616K(2613760K) Eden: 2428416K(2428416K)->0K(2436096K) From: 143067K(181248K)->133616K(177664K)
[3295.361s][info][gc,heap        ] GC(667) ParOldGen: 2246349K(2246656K)->2337293K(2337792K)
[3295.361s][info][gc,metaspace   ] GC(667) Metaspace: 29136K(29504K)->29136K(29504K) NonClass: 24244K(24384K)->24244K(24384K) Class: 4891K(5120K)->4891K(5120K)
[3295.361s][info][gc             ] GC(667) Pause Young (Allocation Failure) 4704M->2412M(4835M) 94.478ms
[3295.361s][info][gc,cpu         ] GC(667) User=0.52s Sys=0.03s Real=0.09s
....[3299.641s][info][gc,start       ] GC(668) Pause Young (Allocation Failure)
[3299.736s][info][gc,heap        ] GC(668) PSYoungGen: 2569712K(2613760K)->136896K(2614272K) Eden: 2436096K(2436096K)->0K(2436096K) From: 133616K(177664K)->136896K(178176K)
[3299.736s][info][gc,heap        ] GC(668) ParOldGen: 2337293K(2337792K)->2427629K(2427904K)
[3299.736s][info][gc,metaspace   ] GC(668) Metaspace: 29136K(29504K)->29136K(29504K) NonClass: 24244K(24384K)->24244K(24384K) Class: 4891K(5120K)->4891K(5120K)
[3299.736s][info][gc             ] GC(668) Pause Young (Allocation Failure) 4791M->2504M(4924M) 95.550ms
[3299.736s][info][gc,cpu         ] GC(668) User=0.55s Sys=0.02s Real=0.10s
....[3303.608s][info][gc,start       ] GC(669) Pause Full (Diagnostic Command)
[3303.608s][info][gc,phases,start] GC(669) Marking Phase
[3303.902s][info][gc,phases      ] GC(669) Marking Phase 293.374ms
[3303.902s][info][gc,phases,start] GC(669) Summary Phase
[3303.902s][info][gc,phases      ] GC(669) Summary Phase 0.061ms
[3303.902s][info][gc,phases,start] GC(669) Forward
[3304.086s][info][gc,phases      ] GC(669) Forward 184.186ms
[3304.086s][info][gc,phases,start] GC(669) Adjust Pointers
[3304.298s][info][gc,phases      ] GC(669) Adjust Pointers 212.535ms
[3304.298s][info][gc,phases,start] GC(669) Compaction Phase
[3304.466s][info][gc,phases      ] GC(669) Compaction Phase 167.323ms
[3304.469s][info][gc,phases,start] GC(669) Post Compact
[3304.473s][info][gc,phases      ] GC(669) Post Compact 4.024ms
[3304.473s][info][gc,heap        ] GC(669) PSYoungGen: 2367470K(2614272K)->0K(2614272K) Eden: 2230574K(2436096K)->0K(2436096K) From: 136896K(178176K)->0K(178176K)
[3304.473s][info][gc,heap        ] GC(669) ParOldGen: 2427629K(2427904K)->1142648K(2427904K)
[3304.473s][info][gc,metaspace   ] GC(669) Metaspace: 29136K(29504K)->29136K(29504K) NonClass: 24244K(24384K)->24244K(24384K) Class: 4891K(5120K)->4891K(5120K)
[3304.473s][info][gc             ] GC(669) Pause Full (Diagnostic Command) 4682M->1115M(4924M) 864.548ms
[3304.473s][info][gc,cpu         ] GC(669) User=4.51s Sys=0.00s Real=0.86s
....[3308.028s][info][gc,start       ] GC(670) Pause Young (Allocation Failure)
[3308.097s][info][gc,heap        ] GC(670) PSYoungGen: 2436096K(2614272K)->146688K(2613760K) Eden: 2436096K(2436096K)->0K(2441216K) From: 0K(178176K)->146688K(172544K)
[3308.097s][info][gc,heap        ] GC(670) ParOldGen: 1142648K(2427904K)->1142648K(2427904K)
[3308.097s][info][gc,metaspace   ] GC(670) Metaspace: 29136K(29504K)->29136K(29504K) NonClass: 24244K(24384K)->24244K(24384K) Class: 4891K(5120K)->4891K(5120K)
[3308.097s][info][gc             ] GC(670) Pause Young (Allocation Failure) 3494M->1259M(4923M) 68.923ms
[3308.097s][info][gc,cpu         ] GC(670) User=0.40s Sys=0.01s Real=0.07s
....[3312.420s][info][gc,start       ] GC(671) Pause Young (Allocation Failure)
[3312.511s][info][gc,heap        ] GC(671) PSYoungGen: 2587904K(2613760K)->138144K(2615296K) Eden: 2441216K(2441216K)->0K(2441216K) From: 146688K(172544K)->138144K(174080K)
[3312.511s][info][gc,heap        ] GC(671) ParOldGen: 1142648K(2427904K)->1236584K(2427904K)
[3312.511s][info][gc,metaspace   ] GC(671) Metaspace: 29136K(29504K)->29136K(29504K) NonClass: 24244K(24384K)->24244K(24384K) Class: 4891K(5120K)->4891K(5120K)
[3312.511s][info][gc             ] GC(671) Pause Young (Allocation Failure) 3643M->1342M(4925M) 91.076ms
[3312.511s][info][gc,cpu         ] GC(671) User=0.54s Sys=0.01s Real=0.09s
.....[3316.731s][info][gc,start       ] GC(672) Pause Young (Allocation Failure)
[3316.821s][info][gc,heap        ] GC(672) PSYoungGen: 2579360K(2615296K)->136000K(2619904K) Eden: 2441216K(2441216K)->0K(2449408K) From: 138144K(174080K)->136000K(170496K)
[3316.821s][info][gc,heap        ] GC(672) ParOldGen: 1236584K(2427904K)->1328344K(2427904K)
[3316.821s][info][gc,metaspace   ] GC(672) Metaspace: 29136K(29504K)->29136K(29504K) NonClass: 24244K(24384K)->24244K(24384K) Class: 4891K(5120K)->4891K(5120K)
[3316.821s][info][gc             ] GC(672) Pause Young (Allocation Failure) 3726M->1430M(4929M) 89.876ms
[3316.821s][info][gc,cpu         ] GC(672) User=0.53s Sys=0.01s Real=0.09s
....[3321.167s][info][gc,start       ] GC(673) Pause Young (Allocation Failure)
[3321.267s][info][gc,heap        ] GC(673) PSYoungGen: 2585408K(2619904K)->155476K(2620928K) Eden: 2449408K(2449408K)->0K(2449408K) From: 136000K(170496K)->155476K(171520K)
[3321.267s][info][gc,heap        ] GC(673) ParOldGen: 1328344K(2427904K)->1418368K(2427904K)
[3321.267s][info][gc,metaspace   ] GC(673) Metaspace: 29136K(29504K)->29136K(29504K) NonClass: 24244K(24384K)->24244K(24384K) Class: 4891K(5120K)->4891K(5120K)
[3321.267s][info][gc             ] GC(673) Pause Young (Allocation Failure) 3822M->1536M(4930M) 100.014ms
[3321.267s][info][gc,cpu         ] GC(673) User=0.59s Sys=0.00s Real=0.10s
.....[3325.550s][info][gc,start       ] GC(674) Pause Young (Allocation Failure)
[3325.642s][info][gc,heap        ] GC(674) PSYoungGen: 2604884K(2620928K)->137760K(2622976K) Eden: 2449408K(2449408K)->0K(2451456K) From: 155476K(171520K)->137760K(171520K)
[3325.642s][info][gc,heap        ] GC(674) ParOldGen: 1418368K(2427904K)->1510712K(2427904K)
[3325.642s][info][gc,metaspace   ] GC(674) Metaspace: 29136K(29504K)->29136K(29504K) NonClass: 24244K(24384K)->24244K(24384K) Class: 4891K(5120K)->4891K(5120K)
[3325.642s][info][gc             ] GC(674) Pause Young (Allocation Failure) 3928M->1609M(4932M) 92.452ms
[3325.642s][info][gc,cpu         ] GC(674) User=0.54s Sys=0.00s Real=0.09s
....[3329.881s][info][gc,start       ] GC(675) Pause Young (Allocation Failure)
[3329.971s][info][gc,heap        ] GC(675) PSYoungGen: 2589216K(2622976K)->136416K(2622976K) Eden: 2451456K(2451456K)->0K(2451456K) From: 137760K(171520K)->136416K(171520K)
[3329.971s][info][gc,heap        ] GC(675) ParOldGen: 1510712K(2427904K)->1602856K(2427904K)
[3329.971s][info][gc,metaspace   ] GC(675) Metaspace: 29136K(29504K)->29136K(29504K) NonClass: 24244K(24384K)->24244K(24384K) Class: 4891K(5120K)->4891K(5120K)
[3329.971s][info][gc             ] GC(675) Pause Young (Allocation Failure) 4003M->1698M(4932M) 90.621ms
[3329.971s][info][gc,cpu         ] GC(675) User=0.54s Sys=0.00s Real=0.09s
....[3334.311s][info][gc,start       ] GC(676) Pause Young (Allocation Failure)
[3334.403s][info][gc,heap        ] GC(676) PSYoungGen: 2587872K(2622976K)->138048K(2622976K) Eden: 2451456K(2451456K)->0K(2454528K) From: 136416K(171520K)->138048K(168448K)
[3334.403s][info][gc,heap        ] GC(676) ParOldGen: 1602856K(2427904K)->1692568K(2427904K)
[3334.403s][info][gc,metaspace   ] GC(676) Metaspace: 29136K(29504K)->29136K(29504K) NonClass: 24244K(24384K)->24244K(24384K) Class: 4891K(5120K)->4891K(5120K)
[3334.403s][info][gc             ] GC(676) Pause Young (Allocation Failure) 4092M->1787M(4932M) 92.167ms
[3334.403s][info][gc,cpu         ] GC(676) User=0.54s Sys=0.00s Real=0.10s
.....[3338.746s][info][gc,start       ] GC(677) Pause Young (Allocation Failure)
[3338.839s][info][gc,heap        ] GC(677) PSYoungGen: 2592576K(2622976K)->138528K(2622976K) Eden: 2454528K(2454528K)->0K(2454528K) From: 138048K(168448K)->138528K(168448K)
[3338.839s][info][gc,heap        ] GC(677) ParOldGen: 1692568K(2427904K)->1785080K(2427904K)
[3338.839s][info][gc,metaspace   ] GC(677) Metaspace: 29136K(29504K)->29136K(29504K) NonClass: 24244K(24384K)->24244K(24384K) Class: 4891K(5120K)->4891K(5120K)
[3338.839s][info][gc             ] GC(677) Pause Young (Allocation Failure) 4184M->1878M(4932M) 92.990ms
[3338.839s][info][gc,cpu         ] GC(677) User=0.55s Sys=0.00s Real=0.09s
.... (rIR:aIR:PR = 4566:4568:4568) (tPR = 68091) [OK] 
  3342s: Performance info:
         Transaction,    Success,    Partial,     Failed,   Receipts, AvgBarcode, 
             Overall,     277642,          0,          0,     263761,      59.47, 
         Response times:
             Request,    Success,    Partial,     Failed,   SkipFail,     Probes,    Samples,      min,      p50,      p90,      p95,      p99,      max, 
       TotalPurchase,     263757,          0,          0,          0,     255235,     290141,      300,     3300,     5600,     7100,    21000,   137000,
     InStorePurchase,     138807,          0,          0,          0,     134647,     152819,      300,     3300,     5600,     7200,    19800,   131000,
      OnlinePurchase,      97167,          0,          0,          0,      93878,     106520,      300,     3300,     5500,     7200,    21000,   137000,
        InstPurchase,      27783,          0,          0,          0,      26710,      30802,      400,     3600,     5700,     6700,    22000,   113000,
          AssocOfCat,        280,          0,          0,          0,        225,        336,    17200,    27000,    34000,    44000,   133600,   154000,
      AssocOfProduct,       2768,          0,          0,          0,       2520,       3031,      500,     3300,     5500,     6700,    20648,    97000,
      BusinessReport,        690,          0,          0,          0,        592,        760,    19600,    32000,    46000,    55000,   136340,   920000,
          CustBuyBeh,       2772,          0,          0,          0,       2551,       3066,      300,     3100,     5000,     5800,    16532,   100000,
       ProductReturn,       7370,          0,          0,          0,       6782,       7893,      200,     3500,     5500,     6600,    23060,   131000,

  3342s: (34%)   IR =   4705 [3343.060s][info][gc,start       ] GC(678) Pause Young (Allocation Failure)
[3343.154s][info][gc,heap        ] GC(678) PSYoungGen: 2593056K(2622976K)->139552K(2625024K) Eden: 2454528K(2454528K)->0K(2460672K) From: 138528K(168448K)->139552K(164352K)
[3343.154s][info][gc,heap        ] GC(678) ParOldGen: 1785080K(2427904K)->1877792K(2427904K)
[3343.154s][info][gc,metaspace   ] GC(678) Metaspace: 29136K(29504K)->29136K(29504K) NonClass: 24244K(24384K)->24244K(24384K) Class: 4891K(5120K)->4891K(5120K)
[3343.154s][info][gc             ] GC(678) Pause Young (Allocation Failure) 4275M->1970M(4934M) 94.143ms
[3343.154s][info][gc,cpu         ] GC(678) User=0.56s Sys=0.00s Real=0.10s
....[3347.371s][info][gc,start       ] GC(679) Pause Young (Allocation Failure)
[3347.467s][info][gc,heap        ] GC(679) PSYoungGen: 2600224K(2625024K)->142548K(2625536K) Eden: 2460672K(2460672K)->0K(2460672K) From: 139552K(164352K)->142548K(164864K)
[3347.467s][info][gc,heap        ] GC(679) ParOldGen: 1877792K(2427904K)->1968464K(2427904K)
[3347.468s][info][gc,metaspace   ] GC(679) Metaspace: 29136K(29504K)->29136K(29504K) NonClass: 24244K(24384K)->24244K(24384K) Class: 4891K(5120K)->4891K(5120K)
[3347.468s][info][gc             ] GC(679) Pause Young (Allocation Failure) 4373M->2061M(4935M) 96.298ms
[3347.468s][info][gc,cpu         ] GC(679) User=0.57s Sys=0.00s Real=0.10s
..|...[3351.689s][info][gc,start       ] GC(680) Pause Young (Allocation Failure)
[3351.782s][info][gc,heap        ] GC(680) PSYoungGen: 2603220K(2625536K)->139872K(2629632K) Eden: 2460672K(2460672K)->0K(2468352K) From: 142548K(164864K)->139872K(161280K)
[3351.782s][info][gc,heap        ] GC(680) ParOldGen: 1968464K(2427904K)->2060248K(2427904K)
[3351.782s][info][gc,metaspace   ] GC(680) Metaspace: 29136K(29504K)->29136K(29504K) NonClass: 24244K(24384K)->24244K(24384K) Class: 4891K(5120K)->4891K(5120K)
[3351.782s][info][gc             ] GC(680) Pause Young (Allocation Failure) 4464M->2148M(4939M) 93.662ms
[3351.782s][info][gc,cpu         ] GC(680) User=0.55s Sys=0.01s Real=0.09s
....[3355.918s][info][gc,start       ] GC(681) Pause Young (Allocation Failure)
[3356.009s][info][gc,heap        ] GC(681) PSYoungGen: 2608224K(2629632K)->138304K(2629632K) Eden: 2468352K(2468352K)->0K(2468352K) From: 139872K(161280K)->138304K(161280K)
[3356.009s][info][gc,heap        ] GC(681) ParOldGen: 2060248K(2427904K)->2153344K(2427904K)
[3356.009s][info][gc,metaspace   ] GC(681) Metaspace: 29136K(29504K)->29136K(29504K) NonClass: 24244K(24384K)->24244K(24384K) Class: 4891K(5120K)->4891K(5120K)
[3356.009s][info][gc             ] GC(681) Pause Young (Allocation Failure) 4559M->2237M(4939M) 91.462ms
[3356.009s][info][gc,cpu         ] GC(681) User=0.54s Sys=0.00s Real=0.09s
....[3360.246s][info][gc,start       ] GC(682) Pause Young (Allocation Failure)
[3360.339s][info][gc,heap        ] GC(682) PSYoungGen: 2606656K(2629632K)->142020K(2633216K) Eden: 2468352K(2468352K)->0K(2475008K) From: 138304K(161280K)->142020K(158208K)
[3360.339s][info][gc,heap        ] GC(682) ParOldGen: 2153344K(2427904K)->2243904K(2427904K)
[3360.339s][info][gc,metaspace   ] GC(682) Metaspace: 29136K(29504K)->29136K(29504K) NonClass: 24244K(24384K)->24244K(24384K) Class: 4891K(5120K)->4891K(5120K)
[3360.339s][info][gc             ] GC(682) Pause Young (Allocation Failure) 4648M->2330M(4942M) 92.351ms
[3360.339s][info][gc,cpu         ] GC(682) User=0.55s Sys=0.00s Real=0.09s
....[3364.539s][info][gc,start       ] GC(683) Pause Young (Allocation Failure)
[3364.630s][info][gc,heap        ] GC(683) PSYoungGen: 2617028K(2633216K)->137632K(2633216K) Eden: 2475008K(2475008K)->0K(2475008K) From: 142020K(158208K)->137632K(158208K)
[3364.630s][info][gc,heap        ] GC(683) ParOldGen: 2243904K(2427904K)->2336272K(2427904K)
[3364.630s][info][gc,metaspace   ] GC(683) Metaspace: 29136K(29504K)->29136K(29504K) NonClass: 24244K(24384K)->24244K(24384K) Class: 4891K(5120K)->4891K(5120K)
[3364.630s][info][gc             ] GC(683) Pause Young (Allocation Failure) 4747M->2415M(4942M) 91.556ms
[3364.630s][info][gc,cpu         ] GC(683) User=0.54s Sys=0.00s Real=0.09s
.....[3368.831s][info][gc,start       ] GC(684) Pause Young (Allocation Failure)
[3368.926s][info][gc,heap        ] GC(684) PSYoungGen: 2612640K(2633216K)->140224K(2636800K) Eden: 2475008K(2475008K)->0K(2480640K) From: 137632K(158208K)->140224K(156160K)
[3368.926s][info][gc,heap        ] GC(684) ParOldGen: 2336272K(2427904K)->2428032K(2428416K)
[3368.926s][info][gc,metaspace   ] GC(684) Metaspace: 29136K(29504K)->29136K(29504K) NonClass: 24244K(24384K)->24244K(24384K) Class: 4891K(5120K)->4891K(5120K)
[3368.926s][info][gc             ] GC(684) Pause Young (Allocation Failure) 4832M->2508M(4946M) 94.400ms
[3368.926s][info][gc,cpu         ] GC(684) User=0.55s Sys=0.00s Real=0.10s
....[3373.085s][info][gc,start       ] GC(685) Pause Young (Allocation Failure)
[3373.182s][info][gc,heap        ] GC(685) PSYoungGen: 2620864K(2636800K)->140192K(2636800K) Eden: 2480640K(2480640K)->0K(2480640K) From: 140224K(156160K)->140192K(156160K)
[3373.182s][info][gc,heap        ] GC(685) ParOldGen: 2428032K(2428416K)->2520448K(2520576K)
[3373.182s][info][gc,metaspace   ] GC(685) Metaspace: 29136K(29504K)->29136K(29504K) NonClass: 24244K(24384K)->24244K(24384K) Class: 4891K(5120K)->4891K(5120K)
[3373.182s][info][gc             ] GC(685) Pause Young (Allocation Failure) 4930M->2598M(5036M) 97.073ms
[3373.182s][info][gc,cpu         ] GC(685) User=0.54s Sys=0.04s Real=0.09s
....[3377.343s][info][gc,start       ] GC(686) Pause Young (Allocation Failure)
[3377.441s][info][gc,heap        ] GC(686) PSYoungGen: 2620832K(2636800K)->140932K(2638848K) Eden: 2480640K(2480640K)->0K(2484736K) From: 140192K(156160K)->140932K(154112K)
[3377.441s][info][gc,heap        ] GC(686) ParOldGen: 2520448K(2520576K)->2612304K(2612736K)
[3377.441s][info][gc,metaspace   ] GC(686) Metaspace: 29136K(29504K)->29136K(29504K) NonClass: 24244K(24384K)->24244K(24384K) Class: 4891K(5120K)->4891K(5120K)
[3377.441s][info][gc             ] GC(686) Pause Young (Allocation Failure) 5020M->2688M(5128M) 98.521ms
[3377.441s][info][gc,cpu         ] GC(686) User=0.54s Sys=0.03s Real=0.10s
.....[3381.700s][info][gc,start       ] GC(687) Pause Young (Allocation Failure)
[3381.797s][info][gc,heap        ] GC(687) PSYoungGen: 2625668K(2638848K)->140464K(2638336K) Eden: 2484736K(2484736K)->0K(2484736K) From: 140932K(154112K)->140464K(153600K)
[3381.797s][info][gc,heap        ] GC(687) ParOldGen: 2612304K(2612736K)->2703656K(2703872K)
[3381.797s][info][gc,metaspace   ] GC(687) Metaspace: 29136K(29504K)->29136K(29504K) NonClass: 24244K(24384K)->24244K(24384K) Class: 4891K(5120K)->4891K(5120K)
[3381.797s][info][gc             ] GC(687) Pause Young (Allocation Failure) 5115M->2777M(5217M) 96.698ms
[3381.797s][info][gc,cpu         ] GC(687) User=0.54s Sys=0.03s Real=0.10s
....[3385.980s][info][gc,start       ] GC(688) Pause Young (Allocation Failure)
[3386.079s][info][gc,heap        ] GC(688) PSYoungGen: 2625200K(2638336K)->140800K(2640896K) Eden: 2484736K(2484736K)->0K(2489856K) From: 140464K(153600K)->140800K(151040K)
[3386.079s][info][gc,heap        ] GC(688) ParOldGen: 2703656K(2703872K)->2795488K(2795520K)
[3386.080s][info][gc,metaspace   ] GC(688) Metaspace: 29136K(29504K)->29136K(29504K) NonClass: 24244K(24384K)->24244K(24384K) Class: 4891K(5120K)->4891K(5120K)
[3386.080s][info][gc             ] GC(688) Pause Young (Allocation Failure) 5203M->2867M(5309M) 99.299ms
[3386.080s][info][gc,cpu         ] GC(688) User=0.56s Sys=0.03s Real=0.10s
....[3390.321s][info][gc,start       ] GC(689) Pause Young (Allocation Failure)
[3390.417s][info][gc,heap        ] GC(689) PSYoungGen: 2630656K(2640896K)->137920K(2640896K) Eden: 2489856K(2489856K)->0K(2489856K) From: 140800K(151040K)->137920K(151040K)
[3390.417s][info][gc,heap        ] GC(689) ParOldGen: 2795488K(2795520K)->2887160K(2887168K)
[3390.417s][info][gc,metaspace   ] GC(689) Metaspace: 29136K(29504K)->29136K(29504K) NonClass: 24244K(24384K)->24244K(24384K) Class: 4891K(5120K)->4891K(5120K)
[3390.417s][info][gc             ] GC(689) Pause Young (Allocation Failure) 5298M->2954M(5398M) 95.627ms
[3390.417s][info][gc,cpu         ] GC(689) User=0.54s Sys=0.02s Real=0.10s
....[3394.636s][info][gc,start       ] GC(690) Pause Young (Allocation Failure)
[3394.740s][info][gc,heap        ] GC(690) PSYoungGen: 2627776K(2640896K)->148100K(2641920K) Eden: 2489856K(2489856K)->0K(2490880K) From: 137920K(151040K)->148100K(151040K)
[3394.740s][info][gc,heap        ] GC(690) ParOldGen: 2887160K(2887168K)->2979632K(2979840K)
[3394.740s][info][gc,metaspace   ] GC(690) Metaspace: 29136K(29504K)->29136K(29504K) NonClass: 24244K(24384K)->24244K(24384K) Class: 4891K(5120K)->4891K(5120K)
[3394.740s][info][gc             ] GC(690) Pause Young (Allocation Failure) 5385M->3054M(5490M) 103.463ms
[3394.740s][info][gc,cpu         ] GC(690) User=0.59s Sys=0.03s Real=0.10s
.....[3398.985s][info][gc,start       ] GC(691) Pause Young (Allocation Failure)
[3399.084s][info][gc,heap        ] GC(691) PSYoungGen: 2638980K(2641920K)->143648K(2643456K) Eden: 2490880K(2490880K)->0K(2490880K) From: 148100K(151040K)->143648K(152576K)
[3399.085s][info][gc,heap        ] GC(691) ParOldGen: 2979632K(2979840K)->3070936K(3070976K)
[3399.085s][info][gc,metaspace   ] GC(691) Metaspace: 29136K(29504K)->29136K(29504K) NonClass: 24244K(24384K)->24244K(24384K) Class: 4891K(5120K)->4891K(5120K)
[3399.085s][info][gc             ] GC(691) Pause Young (Allocation Failure) 5486M->3139M(5580M) 99.467ms
[3399.085s][info][gc,cpu         ] GC(691) User=0.57s Sys=0.03s Real=0.10s
....[3403.306s][info][gc,start       ] GC(692) Pause Young (Allocation Failure)
[3403.403s][info][gc,heap        ] GC(692) PSYoungGen: 2634528K(2643456K)->139488K(2641920K) Eden: 2490880K(2490880K)->0K(2491392K) From: 143648K(152576K)->139488K(150528K)
[3403.403s][info][gc,heap        ] GC(692) ParOldGen: 3070936K(3070976K)->3163656K(3164160K)
[3403.403s][info][gc,metaspace   ] GC(692) Metaspace: 29136K(29504K)->29136K(29504K) NonClass: 24244K(24384K)->24244K(24384K) Class: 4891K(5120K)->4891K(5120K)
[3403.403s][info][gc             ] GC(692) Pause Young (Allocation Failure) 5571M->3225M(5670M) 96.451ms
[3403.403s][info][gc,cpu         ] GC(692) User=0.54s Sys=0.03s Real=0.09s
....[3407.631s][info][gc,start       ] GC(693) Pause Young (Allocation Failure)
[3407.728s][info][gc,heap        ] GC(693) PSYoungGen: 2630880K(2641920K)->139744K(2642944K) Eden: 2491392K(2491392K)->0K(2491392K) From: 139488K(150528K)->139744K(151552K)
[3407.728s][info][gc,heap        ] GC(693) ParOldGen: 3163656K(3164160K)->3255696K(3255808K)
[3407.728s][info][gc,metaspace   ] GC(693) Metaspace: 29136K(29504K)->29136K(29504K) NonClass: 24244K(24384K)->24244K(24384K) Class: 4891K(5120K)->4891K(5120K)
[3407.728s][info][gc             ] GC(693) Pause Young (Allocation Failure) 5658M->3315M(5760M) 97.583ms
[3407.729s][info][gc,cpu         ] GC(693) User=0.55s Sys=0.02s Real=0.10s
.. (rIR:aIR:PR = 4705:4703:4703) (tPR = 69973) [OK] 
  3408s: Performance info:
         Transaction,    Success,    Partial,     Failed,   Receipts, AvgBarcode, 
             Overall,     283173,          0,          0,     268999,      59.47, 
         Response times:
             Request,    Success,    Partial,     Failed,   SkipFail,     Probes,    Samples,      min,      p50,      p90,      p95,      p99,      max, 
       TotalPurchase,     268999,          0,          0,          0,     264487,     291585,      300,     3400,     5600,     6800,    25000,   132000,
     InStorePurchase,     141535,          0,          0,          0,     139455,     153672,      300,     3300,     5600,     6700,    24000,   119000,
      OnlinePurchase,      99128,          0,          0,          0,      97269,     106922,      300,     3500,     5600,     6800,    26000,   132000,
        InstPurchase,      28336,          0,          0,          0,      27763,      30991,      400,     3500,     5700,     6800,    23000,   113000,
          AssocOfCat,        283,          0,          0,          0,        224,        299,    16500,    25000,    32000,    35000,    54000,   131000,
      AssocOfProduct,       2828,          0,          0,          0,       2622,       3041,      500,     3400,     5600,     6800,    24000,   133000,
      BusinessReport,        708,          0,          0,          0,        591,        781,    19500,    32000,    42000,    49000,   127720,   143000,
          CustBuyBeh,       2834,          0,          0,          0,       2598,       3093,      200,     2400,     4300,     5200,    24000,   102000,
       ProductReturn,       7521,          0,          0,          0,       7168,       8173,      200,     3000,     5400,     6600,    25000,   115000,

  3408s: (35%)   IR =   4843 ...[3411.842s][info][gc,start       ] GC(694) Pause Young (Allocation Failure)
[3411.942s][info][gc,heap        ] GC(694) PSYoungGen: 2631136K(2642944K)->139872K(2641920K) Eden: 2491392K(2491392K)->0K(2493440K) From: 139744K(151552K)->139872K(148480K)
[3411.942s][info][gc,heap        ] GC(694) ParOldGen: 3255696K(3255808K)->3348200K(3348480K)
[3411.942s][info][gc,metaspace   ] GC(694) Metaspace: 29136K(29504K)->29136K(29504K) NonClass: 24244K(24384K)->24244K(24384K) Class: 4891K(5120K)->4891K(5120K)
[3411.942s][info][gc             ] GC(694) Pause Young (Allocation Failure) 5748M->3406M(5850M) 100.289ms
[3411.942s][info][gc,cpu         ] GC(694) User=0.56s Sys=0.03s Real=0.10s
...|.[3416.024s][info][gc,start       ] GC(695) Pause Young (Allocation Failure)
[3416.126s][info][gc,heap        ] GC(695) PSYoungGen: 2633312K(2641920K)->146852K(2643456K) Eden: 2493440K(2493440K)->0K(2493440K) From: 139872K(148480K)->146852K(150016K)
[3416.126s][info][gc,heap        ] GC(695) ParOldGen: 3348200K(3348480K)->3440736K(3441152K)
[3416.126s][info][gc,metaspace   ] GC(695) Metaspace: 29136K(29504K)->29136K(29504K) NonClass: 24244K(24384K)->24244K(24384K) Class: 4891K(5120K)->4891K(5120K)
[3416.126s][info][gc             ] GC(695) Pause Young (Allocation Failure) 5841M->3503M(5942M) 101.567ms
[3416.126s][info][gc,cpu         ] GC(695) User=0.58s Sys=0.02s Real=0.10s
....[3420.311s][info][gc,start       ] GC(696) Pause Young (Allocation Failure)
[3420.409s][info][gc,heap        ] GC(696) PSYoungGen: 2640292K(2643456K)->139296K(2644992K) Eden: 2493440K(2493440K)->0K(2493440K) From: 146852K(150016K)->139296K(151552K)
[3420.409s][info][gc,heap        ] GC(696) ParOldGen: 3440736K(3441152K)->3532152K(3532288K)
[3420.409s][info][gc,metaspace   ] GC(696) Metaspace: 29136K(29504K)->29136K(29504K) NonClass: 24244K(24384K)->24244K(24384K) Class: 4891K(5120K)->4891K(5120K)
[3420.409s][info][gc             ] GC(696) Pause Young (Allocation Failure) 5938M->3585M(6032M) 97.298ms
[3420.409s][info][gc,cpu         ] GC(696) User=0.55s Sys=0.02s Real=0.10s
....[3424.371s][info][gc,start       ] GC(697) Pause Young (Allocation Failure)
[3424.468s][info][gc,heap        ] GC(697) PSYoungGen: 2632736K(2644992K)->135488K(2644480K) Eden: 2493440K(2493440K)->0K(2493440K) From: 139296K(151552K)->135488K(151040K)
[3424.468s][info][gc,heap        ] GC(697) ParOldGen: 3532152K(3532288K)->3626448K(3626496K)
[3424.468s][info][gc,metaspace   ] GC(697) Metaspace: 29136K(29504K)->29136K(29504K) NonClass: 24244K(24384K)->24244K(24384K) Class: 4891K(5120K)->4891K(5120K)
[3424.468s][info][gc             ] GC(697) Pause Young (Allocation Failure) 6020M->3673M(6124M) 97.153ms
[3424.468s][info][gc,cpu         ] GC(697) User=0.55s Sys=0.02s Real=0.10s
....[3428.667s][info][gc,start       ] GC(698) Pause Young (Allocation Failure)
[3428.768s][info][gc,heap        ] GC(698) PSYoungGen: 2628928K(2644480K)->143232K(2644480K) Eden: 2493440K(2493440K)->0K(2493440K) From: 135488K(151040K)->143232K(151040K)
[3428.768s][info][gc,heap        ] GC(698) ParOldGen: 3626448K(3626496K)->3715592K(3716096K)
[3428.768s][info][gc,metaspace   ] GC(698) Metaspace: 29136K(29504K)->29136K(29504K) NonClass: 24244K(24384K)->24244K(24384K) Class: 4891K(5120K)->4891K(5120K)
[3428.768s][info][gc             ] GC(698) Pause Young (Allocation Failure) 6108M->3768M(6211M) 101.304ms
[3428.768s][info][gc,cpu         ] GC(698) User=0.58s Sys=0.02s Real=0.10s
.....[3432.871s][info][gc,start       ] GC(699) Pause Young (Allocation Failure)
[3432.976s][info][gc,heap        ] GC(699) PSYoungGen: 2636672K(2644480K)->145956K(2644480K) Eden: 2493440K(2493440K)->0K(2493440K) From: 143232K(151040K)->145956K(151040K)
[3432.976s][info][gc,heap        ] GC(699) ParOldGen: 3715592K(3716096K)->3809064K(3809280K)
[3432.976s][info][gc,metaspace   ] GC(699) Metaspace: 29136K(29504K)->29136K(29504K) NonClass: 24244K(24384K)->24244K(24384K) Class: 4891K(5120K)->4891K(5120K)
[3432.976s][info][gc             ] GC(699) Pause Young (Allocation Failure) 6203M->3862M(6302M) 104.410ms
[3432.976s][info][gc,cpu         ] GC(699) User=0.58s Sys=0.03s Real=0.11s
....[3437.079s][info][gc,start       ] GC(700) Pause Young (Allocation Failure)
[3437.180s][info][gc,heap        ] GC(700) PSYoungGen: 2639396K(2644480K)->142496K(2644480K) Eden: 2493440K(2493440K)->0K(2493440K) From: 145956K(151040K)->142496K(151040K)
[3437.180s][info][gc,heap        ] GC(700) ParOldGen: 3809064K(3809280K)->3902240K(3902464K)
[3437.180s][info][gc,metaspace   ] GC(700) Metaspace: 29136K(29504K)->29136K(29504K) NonClass: 24244K(24384K)->24244K(24384K) Class: 4891K(5120K)->4891K(5120K)
[3437.181s][info][gc             ] GC(700) Pause Young (Allocation Failure) 6297M->3949M(6393M) 101.169ms
[3437.181s][info][gc,cpu         ] GC(700) User=0.58s Sys=0.02s Real=0.10s
....[3441.245s][info][gc,start       ] GC(701) Pause Young (Allocation Failure)
[3441.343s][info][gc,heap        ] GC(701) PSYoungGen: 2635936K(2644480K)->136768K(2644480K) Eden: 2493440K(2493440K)->0K(2493440K) From: 142496K(151040K)->136768K(151040K)
[3441.343s][info][gc,heap        ] GC(701) ParOldGen: 3902240K(3902464K)->3994864K(3995136K)
[3441.343s][info][gc,metaspace   ] GC(701) Metaspace: 29136K(29504K)->29136K(29504K) NonClass: 24244K(24384K)->24244K(24384K) Class: 4891K(5120K)->4891K(5120K)
[3441.343s][info][gc             ] GC(701) Pause Young (Allocation Failure) 6384M->4034M(6484M) 98.001ms
[3441.343s][info][gc,cpu         ] GC(701) User=0.55s Sys=0.03s Real=0.09s
....[3445.540s][info][gc,start       ] GC(702) Pause Young (Allocation Failure)
[3445.640s][info][gc,heap        ] GC(702) PSYoungGen: 2630208K(2644480K)->140320K(2642944K) Eden: 2493440K(2493440K)->0K(2493952K) From: 136768K(151040K)->140320K(148992K)
[3445.640s][info][gc,heap        ] GC(702) ParOldGen: 3994864K(3995136K)->4085872K(4086272K)
[3445.640s][info][gc,metaspace   ] GC(702) Metaspace: 29136K(29504K)->29136K(29504K) NonClass: 24244K(24384K)->24244K(24384K) Class: 4891K(5120K)->4891K(5120K)
[3445.640s][info][gc             ] GC(702) Pause Young (Allocation Failure) 6469M->4127M(6571M) 99.693ms
[3445.640s][info][gc,cpu         ] GC(702) User=0.55s Sys=0.03s Real=0.10s
....[3449.664s][info][gc,start       ] GC(703) Pause Young (Allocation Failure)
[3449.769s][info][gc,heap        ] GC(703) PSYoungGen: 2634272K(2642944K)->149993K(2643968K) Eden: 2493952K(2493952K)->0K(2493952K) From: 140320K(148992K)->149993K(150016K)
[3449.769s][info][gc,heap        ] GC(703) ParOldGen: 4085872K(4086272K)->4180608K(4180992K)
[3449.769s][info][gc,metaspace   ] GC(703) Metaspace: 29136K(29504K)->29136K(29504K) NonClass: 24244K(24384K)->24244K(24384K) Class: 4891K(5120K)->4891K(5120K)
[3449.769s][info][gc             ] GC(703) Pause Young (Allocation Failure) 6562M->4229M(6665M) 104.664ms
[3449.769s][info][gc,cpu         ] GC(703) User=0.59s Sys=0.03s Real=0.10s
....[3453.850s][info][gc,start       ] GC(704) Pause Young (Allocation Failure)
[3453.948s][info][gc,heap        ] GC(704) PSYoungGen: 2643945K(2643968K)->140576K(2576384K) Eden: 2493952K(2493952K)->0K(2424320K) From: 149993K(150016K)->140576K(152064K)
[3453.948s][info][gc,heap        ] GC(704) ParOldGen: 4180608K(4180992K)->4270992K(4271104K)
[3453.948s][info][gc,metaspace   ] GC(704) Metaspace: 29136K(29504K)->29136K(29504K) NonClass: 24244K(24384K)->24244K(24384K) Class: 4891K(5120K)->4891K(5120K)
[3453.948s][info][gc             ] GC(704) Pause Young (Allocation Failure) 6664M->4308M(6687M) 97.538ms
[3453.948s][info][gc,cpu         ] GC(704) User=0.55s Sys=0.03s Real=0.10s
.....[3457.985s][info][gc,start       ] GC(705) Pause Young (Allocation Failure)
[3458.085s][info][gc,heap        ] GC(705) PSYoungGen: 2564896K(2576384K)->139360K(2610176K) Eden: 2424320K(2424320K)->0K(2424320K) From: 140576K(152064K)->139360K(185856K)
[3458.085s][info][gc,heap        ] GC(705) ParOldGen: 4270992K(4271104K)->4362984K(4363264K)
[3458.085s][info][gc,metaspace   ] GC(705) Metaspace: 29136K(29504K)->29136K(29504K) NonClass: 24244K(24384K)->24244K(24384K) Class: 4891K(5120K)->4891K(5120K)
[3458.085s][info][gc             ] GC(705) Pause Young (Allocation Failure) 6675M->4396M(6810M) 99.946ms
[3458.085s][info][gc,cpu         ] GC(705) User=0.56s Sys=0.03s Real=0.10s
....[3462.112s][info][gc,start       ] GC(706) Pause Young (Allocation Failure)
[3462.213s][info][gc,heap        ] GC(706) PSYoungGen: 2563680K(2610176K)->138976K(2605568K) Eden: 2424320K(2424320K)->0K(2425856K) From: 139360K(185856K)->138976K(179712K)
[3462.213s][info][gc,heap        ] GC(706) ParOldGen: 4362984K(4363264K)->4454408K(4454912K)
[3462.213s][info][gc,metaspace   ] GC(706) Metaspace: 29136K(29504K)->29136K(29504K) NonClass: 24244K(24384K)->24244K(24384K) Class: 4891K(5120K)->4891K(5120K)
[3462.213s][info][gc             ] GC(706) Pause Young (Allocation Failure) 6764M->4485M(6895M) 101.144ms
[3462.213s][info][gc,cpu         ] GC(706) User=0.56s Sys=0.03s Real=0.10s
....[3466.158s][info][gc,start       ] GC(707) Pause Young (Allocation Failure)
[3466.257s][info][gc,heap        ] GC(707) PSYoungGen: 2564832K(2605568K)->138368K(2608640K) Eden: 2425856K(2425856K)->0K(2425856K) From: 138976K(179712K)->138368K(182784K)
[3466.257s][info][gc,heap        ] GC(707) ParOldGen: 4454408K(4454912K)->4546416K(4546560K)
[3466.257s][info][gc,metaspace   ] GC(707) Metaspace: 29136K(29504K)->29136K(29504K) NonClass: 24244K(24384K)->24244K(24384K) Class: 4891K(5120K)->4891K(5120K)
[3466.257s][info][gc             ] GC(707) Pause Young (Allocation Failure) 6854M->4574M(6987M) 99.215ms
[3466.257s][info][gc,cpu         ] GC(707) User=0.55s Sys=0.04s Real=0.10s
....[3470.278s][info][gc,start       ] GC(708) Pause Young (Allocation Failure)
[3470.377s][info][gc,heap        ] GC(708) PSYoungGen: 2564224K(2608640K)->140425K(2608128K) Eden: 2425856K(2425856K)->0K(2432512K) From: 138368K(182784K)->140425K(175616K)
[3470.377s][info][gc,heap        ] GC(708) ParOldGen: 4546416K(4546560K)->4636952K(4637184K)
[3470.377s][info][gc,metaspace   ] GC(708) Metaspace: 29136K(29504K)->29136K(29504K) NonClass: 24244K(24384K)->24244K(24384K) Class: 4891K(5120K)->4891K(5120K)
[3470.377s][info][gc             ] GC(708) Pause Young (Allocation Failure) 6943M->4665M(7075M) 99.418ms
[3470.377s][info][gc,cpu         ] GC(708) User=0.55s Sys=0.03s Real=0.10s
....[3474.438s][info][gc,start       ] GC(709) Pause Young (Allocation Failure)
[3474.536s][info][gc,heap        ] GC(709) PSYoungGen: 2572937K(2608128K)->137152K(2611200K) Eden: 2432512K(2432512K)->0K(2432512K) From: 140425K(175616K)->137152K(178688K)
[3474.536s][info][gc,heap        ] GC(709) ParOldGen: 4636952K(4637184K)->4727856K(4728320K)
[3474.536s][info][gc,metaspace   ] GC(709) Metaspace: 29136K(29504K)->29136K(29504K) NonClass: 24244K(24384K)->24244K(24384K) Class: 4891K(5120K)->4891K(5120K)
[3474.536s][info][gc             ] GC(709) Pause Young (Allocation Failure) 7040M->4750M(7167M) 98.097ms
[3474.536s][info][gc,cpu         ] GC(709) User=0.54s Sys=0.03s Real=0.10s
. (rIR:aIR:PR = 4843:4844:4844) (tPR = 71666) [OK] 
  3474s: Performance info:
         Transaction,    Success,    Partial,     Failed,   Receipts, AvgBarcode, 
             Overall,     291270,          0,          0,     276722,      59.48, 
         Response times:
             Request,    Success,    Partial,     Failed,   SkipFail,     Probes,    Samples,      min,      p50,      p90,      p95,      p99,      max, 
       TotalPurchase,     276773,          0,          0,          0,     272375,     299633,      300,     3500,     5800,     7000,    31000,   171000,
     InStorePurchase,     145676,          0,          0,          0,     143775,     157488,      300,     3600,     5800,     7000,    32000,   171000,
      OnlinePurchase,     101957,          0,          0,          0,     100385,     110767,      300,     3400,     5800,     7000,    30000,   148000,
        InstPurchase,      29140,          0,          0,          0,      28215,      31378,      400,     3200,     5800,     7000,    32000,   121000,
          AssocOfCat,        292,          0,          0,          0,        223,        312,    17600,    27000,    36700,    46000,    66000,   139000,
      AssocOfProduct,       2915,          0,          0,          0,       2681,       3129,      400,     3700,     5800,     7000,    34000,   112000,
      BusinessReport,        730,          0,          0,          0,        601,        754,    19700,    32000,    43000,    50000,   140050,   163000,
          CustBuyBeh,       2913,          0,          0,          0,       2716,       3198,      200,     3100,     5900,     6805,    32000,   119000,
       ProductReturn,       7704,          0,          0,          0,       7392,       8371,      200,     3300,     5500,     6500,    29000,   140000,

  3474s: (36%)   IR =   4981 ...[3478.441s][info][gc,start       ] GC(710) Pause Young (Allocation Failure)
[3478.541s][info][gc,heap        ] GC(710) PSYoungGen: 2569664K(2611200K)->139909K(2611712K) Eden: 2432512K(2432512K)->0K(2440192K) From: 137152K(178688K)->139909K(171520K)
[3478.541s][info][gc,heap        ] GC(710) ParOldGen: 4727856K(4728320K)->4820392K(4820480K)
[3478.541s][info][gc,metaspace   ] GC(710) Metaspace: 29136K(29504K)->29136K(29504K) NonClass: 24244K(24384K)->24244K(24384K) Class: 4891K(5120K)->4891K(5120K)
[3478.541s][info][gc             ] GC(710) Pause Young (Allocation Failure) 7126M->4844M(7258M) 100.243ms
[3478.541s][info][gc,cpu         ] GC(710) User=0.56s Sys=0.03s Real=0.10s
....|[3482.430s][info][gc,start       ] GC(711) Pause Young (Allocation Failure)
[3482.529s][info][gc,heap        ] GC(711) PSYoungGen: 2580101K(2611712K)->138769K(2615296K) Eden: 2440192K(2440192K)->0K(2440192K) From: 139909K(171520K)->138769K(175104K)
[3482.529s][info][gc,heap        ] GC(711) ParOldGen: 4820392K(4820480K)->4911632K(4912128K)
[3482.529s][info][gc,metaspace   ] GC(711) Metaspace: 29136K(29504K)->29136K(29504K) NonClass: 24244K(24384K)->24244K(24384K) Class: 4891K(5120K)->4891K(5120K)
[3482.529s][info][gc             ] GC(711) Pause Young (Allocation Failure) 7227M->4932M(7351M) 99.710ms
[3482.529s][info][gc,cpu         ] GC(711) User=0.56s Sys=0.02s Real=0.10s
....[3486.423s][info][gc,start       ] GC(712) Pause Young (Allocation Failure)
[3486.524s][info][gc,heap        ] GC(712) PSYoungGen: 2578961K(2615296K)->139396K(2615296K) Eden: 2440192K(2440192K)->0K(2447872K) From: 138769K(175104K)->139396K(167424K)
[3486.524s][info][gc,heap        ] GC(712) ParOldGen: 4911632K(4912128K)->5003112K(5003264K)
[3486.524s][info][gc,metaspace   ] GC(712) Metaspace: 29136K(29504K)->29136K(29504K) NonClass: 24244K(24384K)->24244K(24384K) Class: 4891K(5120K)->4891K(5120K)
[3486.524s][info][gc             ] GC(712) Pause Young (Allocation Failure) 7315M->5021M(7440M) 101.128ms
[3486.524s][info][gc,cpu         ] GC(712) User=0.57s Sys=0.02s Real=0.11s
....[3490.403s][info][gc,start       ] GC(713) Pause Young (Allocation Failure)
[3490.500s][info][gc,heap        ] GC(713) PSYoungGen: 2587268K(2615296K)->136544K(2618880K) Eden: 2447872K(2447872K)->0K(2447872K) From: 139396K(167424K)->136544K(171008K)
[3490.500s][info][gc,heap        ] GC(713) ParOldGen: 5003112K(5003264K)->5094648K(5094912K)
[3490.500s][info][gc,metaspace   ] GC(713) Metaspace: 29136K(29504K)->29136K(29504K) NonClass: 24244K(24384K)->24244K(24384K) Class: 4891K(5120K)->4891K(5120K)
[3490.500s][info][gc             ] GC(713) Pause Young (Allocation Failure) 7412M->5108M(7533M) 97.217ms
[3490.500s][info][gc,cpu         ] GC(713) User=0.55s Sys=0.03s Real=0.10s
....[3494.445s][info][gc,start       ] GC(714) Pause Young (Allocation Failure)
[3494.547s][info][gc,heap        ] GC(714) PSYoungGen: 2584416K(2618880K)->141988K(2619392K) Eden: 2447872K(2447872K)->0K(2455552K) From: 136544K(171008K)->141988K(163840K)
[3494.547s][info][gc,heap        ] GC(714) ParOldGen: 5094648K(5094912K)->5185768K(5186048K)
[3494.547s][info][gc,metaspace   ] GC(714) Metaspace: 29136K(29504K)->29136K(29504K) NonClass: 24244K(24384K)->24244K(24384K) Class: 4891K(5120K)->4891K(5120K)
[3494.547s][info][gc             ] GC(714) Pause Young (Allocation Failure) 7499M->5202M(7622M) 102.501ms
[3494.547s][info][gc,cpu         ] GC(714) User=0.57s Sys=0.04s Real=0.10s
....[3498.513s][info][gc,start       ] GC(715) Pause Young (Allocation Failure)
[3498.612s][info][gc,heap        ] GC(715) PSYoungGen: 2597540K(2619392K)->138976K(2622976K) Eden: 2455552K(2455552K)->0K(2455552K) From: 141988K(163840K)->138976K(167424K)
[3498.612s][info][gc,heap        ] GC(715) ParOldGen: 5185768K(5186048K)->5277848K(5278208K)
[3498.612s][info][gc,metaspace   ] GC(715) Metaspace: 29136K(29504K)->29136K(29504K) NonClass: 24244K(24384K)->24244K(24384K) Class: 4891K(5120K)->4891K(5120K)
[3498.612s][info][gc             ] GC(715) Pause Young (Allocation Failure) 7600M->5289M(7716M) 99.069ms
[3498.612s][info][gc,cpu         ] GC(715) User=0.55s Sys=0.03s Real=0.10s
....[3502.482s][info][gc,start       ] GC(716) Pause Young (Allocation Failure)
[3502.582s][info][gc,heap        ] GC(716) PSYoungGen: 2594528K(2622976K)->135680K(2625024K) Eden: 2455552K(2455552K)->0K(2463232K) From: 138976K(167424K)->135680K(161792K)
[3502.582s][info][gc,heap        ] GC(716) ParOldGen: 5277848K(5278208K)->5371264K(5371392K)
[3502.582s][info][gc,metaspace   ] GC(716) Metaspace: 29136K(29504K)->29136K(29504K) NonClass: 24244K(24384K)->24244K(24384K) Class: 4891K(5120K)->4891K(5120K)
[3502.582s][info][gc             ] GC(716) Pause Young (Allocation Failure) 7687M->5377M(7809M) 100.381ms
[3502.582s][info][gc,cpu         ] GC(716) User=0.57s Sys=0.02s Real=0.10s
....[3506.603s][info][gc,start       ] GC(717) Pause Young (Allocation Failure)
[3506.704s][info][gc,heap        ] GC(717) PSYoungGen: 2598912K(2625024K)->140160K(2627584K) Eden: 2463232K(2463232K)->0K(2463232K) From: 135680K(161792K)->140160K(164352K)
[3506.704s][info][gc,heap        ] GC(717) ParOldGen: 5371264K(5371392K)->5461216K(5461504K)
[3506.704s][info][gc,metaspace   ] GC(717) Metaspace: 29136K(29504K)->29136K(29504K) NonClass: 24244K(24384K)->24244K(24384K) Class: 4891K(5120K)->4891K(5120K)
[3506.704s][info][gc             ] GC(717) Pause Young (Allocation Failure) 7783M->5470M(7899M) 100.534ms
[3506.704s][info][gc,cpu         ] GC(717) User=0.56s Sys=0.02s Real=0.11s
....[3510.603s][info][gc,start       ] GC(718) Pause Young (Allocation Failure)
[3510.703s][info][gc,heap        ] GC(718) PSYoungGen: 2603392K(2627584K)->136704K(2629120K) Eden: 2463232K(2463232K)->0K(2469376K) From: 140160K(164352K)->136704K(159744K)
[3510.703s][info][gc,heap        ] GC(718) ParOldGen: 5461216K(5461504K)->5555480K(5555712K)
[3510.703s][info][gc,metaspace   ] GC(718) Metaspace: 29136K(29504K)->29136K(29504K) NonClass: 24244K(24384K)->24244K(24384K) Class: 4891K(5120K)->4891K(5120K)
[3510.703s][info][gc             ] GC(718) Pause Young (Allocation Failure) 7875M->5558M(7993M) 100.323ms
[3510.703s][info][gc,cpu         ] GC(718) User=0.55s Sys=0.04s Real=0.10s
....[3514.630s][info][gc,start       ] GC(719) Pause Full (Allocation Failure)
[3514.630s][info][gc,phases,start] GC(719) Marking Phase
[3514.924s][info][gc,phases      ] GC(719) Marking Phase 294.585ms
[3514.924s][info][gc,phases,start] GC(719) Summary Phase
[3514.924s][info][gc,phases      ] GC(719) Summary Phase 0.108ms
[3514.924s][info][gc,phases,start] GC(719) Forward
[3515.065s][info][gc,phases      ] GC(719) Forward 140.410ms
[3515.065s][info][gc,phases,start] GC(719) Adjust Pointers
[3515.265s][info][gc,phases      ] GC(719) Adjust Pointers 200.504ms
[3515.265s][info][gc,phases,start] GC(719) Compaction Phase
[3515.389s][info][gc,phases      ] GC(719) Compaction Phase 123.900ms
[3515.392s][info][gc,phases,start] GC(719) Post Compact
[3515.399s][info][gc,phases      ] GC(719) Post Compact 6.945ms
[3515.530s][info][gc,heap        ] GC(719) PSYoungGen: 2606080K(2629120K)->0K(2630656K) Eden: 2469376K(2469376K)->0K(2469376K) From: 136704K(159744K)->0K(161280K)
[3515.530s][info][gc,heap        ] GC(719) ParOldGen: 5555480K(5555712K)->1416278K(1627648K)
[3515.530s][info][gc,metaspace   ] GC(719) Metaspace: 29136K(29504K)->29136K(29504K) NonClass: 24244K(24384K)->24244K(24384K) Class: 4891K(5120K)->4891K(5120K)
[3515.530s][info][gc             ] GC(719) Pause Full (Allocation Failure) 7970M->1383M(4158M) 900.741ms
[3515.530s][info][gc,cpu         ] GC(719) User=4.02s Sys=0.13s Real=0.90s
....[3518.643s][info][gc,start       ] GC(720) Pause Young (Allocation Failure)
[3518.705s][info][gc,heap        ] GC(720) PSYoungGen: 2469376K(2630656K)->140048K(2631680K) Eden: 2469376K(2469376K)->0K(2473472K) From: 0K(161280K)->140048K(158208K)
[3518.705s][info][gc,heap        ] GC(720) ParOldGen: 1416278K(1627648K)->1416278K(1627648K)
[3518.705s][info][gc,metaspace   ] GC(720) Metaspace: 29136K(29504K)->29136K(29504K) NonClass: 24244K(24384K)->24244K(24384K) Class: 4891K(5120K)->4891K(5120K)
[3518.705s][info][gc             ] GC(720) Pause Young (Allocation Failure) 3794M->1519M(4159M) 62.381ms
[3518.705s][info][gc,cpu         ] GC(720) User=0.37s Sys=0.00s Real=0.07s
....[3522.703s][info][gc,start       ] GC(721) Pause Young (Allocation Failure)
[3522.795s][info][gc,heap        ] GC(721) PSYoungGen: 2613520K(2631680K)->139072K(2633216K) Eden: 2473472K(2473472K)->0K(2473472K) From: 140048K(158208K)->139072K(159744K)
[3522.795s][info][gc,heap        ] GC(721) ParOldGen: 1416278K(1627648K)->1509954K(1627648K)
[3522.795s][info][gc,metaspace   ] GC(721) Metaspace: 29136K(29504K)->29136K(29504K) NonClass: 24244K(24384K)->24244K(24384K) Class: 4891K(5120K)->4891K(5120K)
[3522.795s][info][gc             ] GC(721) Pause Young (Allocation Failure) 3935M->1610M(4161M) 91.887ms
[3522.795s][info][gc,cpu         ] GC(721) User=0.55s Sys=0.00s Real=0.10s
....[3526.756s][info][gc,start       ] GC(722) Pause Young (Allocation Failure)
[3526.848s][info][gc,heap        ] GC(722) PSYoungGen: 2612544K(2633216K)->138944K(2633216K) Eden: 2473472K(2473472K)->0K(2478080K) From: 139072K(159744K)->138944K(155136K)
[3526.848s][info][gc,heap        ] GC(722) ParOldGen: 1509954K(1627648K)->1601978K(1627648K)
[3526.848s][info][gc,metaspace   ] GC(722) Metaspace: 29136K(29504K)->29136K(29504K) NonClass: 24244K(24384K)->24244K(24384K) Class: 4891K(5120K)->4891K(5120K)
[3526.848s][info][gc             ] GC(722) Pause Young (Allocation Failure) 4025M->1700M(4161M) 91.498ms
[3526.848s][info][gc,cpu         ] GC(722) User=0.54s Sys=0.00s Real=0.09s
....[3530.792s][info][gc,start       ] GC(723) Pause Young (Allocation Failure)
[3530.891s][info][gc,heap        ] GC(723) PSYoungGen: 2617024K(2633216K)->143829K(2634752K) Eden: 2478080K(2478080K)->0K(2478080K) From: 138944K(155136K)->143829K(156672K)
[3530.891s][info][gc,heap        ] GC(723) ParOldGen: 1601978K(1627648K)->1693362K(1693696K)
[3530.891s][info][gc,metaspace   ] GC(723) Metaspace: 29136K(29504K)->29136K(29504K) NonClass: 24244K(24384K)->24244K(24384K) Class: 4891K(5120K)->4891K(5120K)
[3530.891s][info][gc             ] GC(723) Pause Young (Allocation Failure) 4120M->1794M(4227M) 99.295ms
[3530.891s][info][gc,cpu         ] GC(723) User=0.56s Sys=0.02s Real=0.10s
....[3534.892s][info][gc,start       ] GC(724) Pause Young (Allocation Failure)
[3534.991s][info][gc,heap        ] GC(724) PSYoungGen: 2621909K(2634752K)->141120K(2635776K) Eden: 2478080K(2478080K)->0K(2483200K) From: 143829K(156672K)->141120K(152576K)
[3534.991s][info][gc,heap        ] GC(724) ParOldGen: 1693362K(1693696K)->1784730K(1784832K)
[3534.991s][info][gc,metaspace   ] GC(724) Metaspace: 29136K(29504K)->29136K(29504K) NonClass: 24244K(24384K)->24244K(24384K) Class: 4891K(5120K)->4891K(5120K)
[3534.991s][info][gc             ] GC(724) Pause Young (Allocation Failure) 4214M->1880M(4317M) 99.347ms
[3534.991s][info][gc,cpu         ] GC(724) User=0.56s Sys=0.03s Real=0.10s
....[3538.988s][info][gc,start       ] GC(725) Pause Young (Allocation Failure)
[3539.087s][info][gc,heap        ] GC(725) PSYoungGen: 2624320K(2635776K)->141792K(2637824K) Eden: 2483200K(2483200K)->0K(2483200K) From: 141120K(152576K)->141792K(154624K)
[3539.087s][info][gc,heap        ] GC(725) ParOldGen: 1784730K(1784832K)->1876858K(1876992K)
[3539.087s][info][gc,metaspace   ] GC(725) Metaspace: 29136K(29504K)->29136K(29504K) NonClass: 24244K(24384K)->24244K(24384K) Class: 4891K(5120K)->4891K(5120K)
[3539.087s][info][gc             ] GC(725) Pause Young (Allocation Failure) 4305M->1971M(4409M) 98.508ms
[3539.087s][info][gc,cpu         ] GC(725) User=0.55s Sys=0.03s Real=0.10s
.... (rIR:aIR:PR = 4981:4981:4980) (tPR = 74329) [OK] 
  3542s: Performance info:
         Transaction,    Success,    Partial,     Failed,   Receipts, AvgBarcode, 
             Overall,     301551,          0,          0,     286452,      59.48, 
         Response times:
             Request,    Success,    Partial,     Failed,   SkipFail,     Probes,    Samples,      min,      p50,      p90,      p95,      p99,      max, 
       TotalPurchase,     286536,          0,          0,          0,     280836,     315614,      300,     3600,     6100,     8700,   295000,   485000,
     InStorePurchase,     150770,          0,          0,          0,     148233,     166269,      300,     3500,     6000,     8700,   294000,   481000,
      OnlinePurchase,     105599,          0,          0,          0,     103650,     116390,      300,     3500,     6200,     8700,   287000,   485000,
        InstPurchase,      30167,          0,          0,          0,      28953,      32955,      400,     4100,     6300,     9100,   322000,   480000,
          AssocOfCat,        300,          0,          0,          0,        220,        313,    18200,    27000,    36000,    47300,   393160,   401000,
      AssocOfProduct,       3028,          0,          0,          0,       2797,       3268,      500,     4300,     6410,    10500,   321000,   392000,
      BusinessReport,        754,          0,          0,          0,        628,        771,    19800,    33000,    46000,    56000,   454000,   990000,
          CustBuyBeh,       3026,          0,          0,          0,       2789,       3330,      200,     2300,     4300,     7300,   269690,   389000,
       ProductReturn,       7990,          0,          0,          0,       7560,       8770,      300,     3200,     5300,     7500,   271000,   388000,

  3542s: (37%)   IR =   5120 [3543.067s][info][gc,start       ] GC(726) Pause Young (Allocation Failure)
[3543.166s][info][gc,heap        ] GC(726) PSYoungGen: 2624992K(2637824K)->142963K(2639360K) Eden: 2483200K(2483200K)->0K(2487808K) From: 141792K(154624K)->142963K(151552K)
[3543.166s][info][gc,heap        ] GC(726) ParOldGen: 1876858K(1876992K)->1969978K(1970176K)
[3543.166s][info][gc,metaspace   ] GC(726) Metaspace: 29138K(29504K)->29138K(29504K) NonClass: 24246K(24384K)->24246K(24384K) Class: 4891K(5120K)->4891K(5120K)
[3543.166s][info][gc             ] GC(726) Pause Young (Allocation Failure) 4396M->2063M(4501M) 99.259ms
[3543.166s][info][gc,cpu         ] GC(726) User=0.57s Sys=0.02s Real=0.10s
....[3546.986s][info][gc,start       ] GC(727) Pause Young (Allocation Failure)
[3547.082s][info][gc,heap        ] GC(727) PSYoungGen: 2630771K(2639360K)->139584K(2640896K) Eden: 2487808K(2487808K)->0K(2487808K) From: 142963K(151552K)->139584K(153088K)
[3547.082s][info][gc,heap        ] GC(727) ParOldGen: 1969978K(1970176K)->2062682K(2062848K)
[3547.082s][info][gc,metaspace   ] GC(727) Metaspace: 29138K(29504K)->29138K(29504K) NonClass: 24246K(24384K)->24246K(24384K) Class: 4891K(5120K)->4891K(5120K)
[3547.082s][info][gc             ] GC(727) Pause Young (Allocation Failure) 4492M->2150M(4593M) 95.727ms
[3547.082s][info][gc,cpu         ] GC(727) User=0.54s Sys=0.02s Real=0.09s
.|...[3550.983s][info][gc,start       ] GC(728) Pause Young (Allocation Failure)
[3551.082s][info][gc,heap        ] GC(728) PSYoungGen: 2627392K(2640896K)->142720K(2641408K) Eden: 2487808K(2487808K)->0K(2490368K) From: 139584K(153088K)->142720K(151040K)
[3551.082s][info][gc,heap        ] GC(728) ParOldGen: 2062682K(2062848K)->2153130K(2153472K)
[3551.082s][info][gc,metaspace   ] GC(728) Metaspace: 29138K(29504K)->29138K(29504K) NonClass: 24246K(24384K)->24246K(24384K) Class: 4891K(5120K)->4891K(5120K)
[3551.082s][info][gc             ] GC(728) Pause Young (Allocation Failure) 4580M->2242M(4682M) 99.008ms
[3551.082s][info][gc,cpu         ] GC(728) User=0.56s Sys=0.02s Real=0.10s
....[3554.952s][info][gc,start       ] GC(729) Pause Young (Allocation Failure)
[3555.051s][info][gc,heap        ] GC(729) PSYoungGen: 2633088K(2641408K)->140000K(2642432K) Eden: 2490368K(2490368K)->0K(2490368K) From: 142720K(151040K)->140000K(152064K)
[3555.051s][info][gc,heap        ] GC(729) ParOldGen: 2153130K(2153472K)->2245538K(2245632K)
[3555.051s][info][gc,metaspace   ] GC(729) Metaspace: 29138K(29504K)->29138K(29504K) NonClass: 24246K(24384K)->24246K(24384K) Class: 4891K(5120K)->4891K(5120K)
[3555.051s][info][gc             ] GC(729) Pause Young (Allocation Failure) 4674M->2329M(4773M) 99.772ms
[3555.051s][info][gc,cpu         ] GC(729) User=0.56s Sys=0.02s Real=0.10s
....[3558.911s][info][gc,start       ] GC(730) Pause Young (Allocation Failure)
[3559.012s][info][gc,heap        ] GC(730) PSYoungGen: 2630368K(2642432K)->147205K(2642944K) Eden: 2490368K(2490368K)->0K(2491904K) From: 140000K(152064K)->147205K(151040K)
[3559.012s][info][gc,heap        ] GC(730) ParOldGen: 2245538K(2245632K)->2336650K(2336768K)
[3559.012s][info][gc,metaspace   ] GC(730) Metaspace: 29138K(29504K)->29138K(29504K) NonClass: 24246K(24384K)->24246K(24384K) Class: 4891K(5120K)->4891K(5120K)
[3559.012s][info][gc             ] GC(730) Pause Young (Allocation Failure) 4761M->2425M(4863M) 100.974ms
[3559.012s][info][gc,cpu         ] GC(730) User=0.55s Sys=0.04s Real=0.10s
....[3562.817s][info][gc,start       ] GC(731) Pause Young (Allocation Failure)
[3562.918s][info][gc,heap        ] GC(731) PSYoungGen: 2639109K(2642944K)->143268K(2643968K) Eden: 2491904K(2491904K)->0K(2491904K) From: 147205K(151040K)->143268K(152064K)
[3562.918s][info][gc,heap        ] GC(731) ParOldGen: 2336650K(2336768K)->2430370K(2430464K)
[3562.918s][info][gc,metaspace   ] GC(731) Metaspace: 29138K(29504K)->29138K(29504K) NonClass: 24246K(24384K)->24246K(24384K) Class: 4891K(5120K)->4891K(5120K)
[3562.918s][info][gc             ] GC(731) Pause Young (Allocation Failure) 4859M->2513M(4955M) 101.467ms
[3562.918s][info][gc,cpu         ] GC(731) User=0.58s Sys=0.02s Real=0.10s
....[3566.819s][info][gc,start       ] GC(732) Pause Young (Allocation Failure)
[3566.914s][info][gc,heap        ] GC(732) PSYoungGen: 2635172K(2643968K)->140608K(2641920K) Eden: 2491904K(2491904K)->0K(2491904K) From: 143268K(152064K)->140608K(150016K)
[3566.914s][info][gc,heap        ] GC(732) ParOldGen: 2430370K(2430464K)->2520922K(2521088K)
[3566.914s][info][gc,metaspace   ] GC(732) Metaspace: 29138K(29504K)->29138K(29504K) NonClass: 24246K(24384K)->24246K(24384K) Class: 4891K(5120K)->4891K(5120K)
[3566.914s][info][gc             ] GC(732) Pause Young (Allocation Failure) 4946M->2599M(5042M) 95.525ms
[3566.914s][info][gc,cpu         ] GC(732) User=0.54s Sys=0.03s Real=0.10s
....[3570.830s][info][gc,start       ] GC(733) Pause Young (Allocation Failure)
[3570.929s][info][gc,heap        ] GC(733) PSYoungGen: 2632367K(2641920K)->142807K(2642944K) Eden: 2491759K(2491904K)->0K(2491904K) From: 140608K(150016K)->142807K(151040K)
[3570.929s][info][gc,heap        ] GC(733) ParOldGen: 2520922K(2521088K)->2613250K(2613760K)
[3570.929s][info][gc,metaspace   ] GC(733) Metaspace: 29141K(29504K)->29141K(29504K) NonClass: 24249K(24384K)->24249K(24384K) Class: 4891K(5120K)->4891K(5120K)
[3570.929s][info][gc             ] GC(733) Pause Young (Allocation Failure) 5032M->2691M(5133M) 98.891ms
[3570.929s][info][gc,cpu         ] GC(733) User=0.56s Sys=0.02s Real=0.10s
....[3574.709s][info][gc,start       ] GC(734) Pause Young (Allocation Failure)
[3574.808s][info][gc,heap        ] GC(734) PSYoungGen: 2634711K(2642944K)->138304K(2644480K) Eden: 2491904K(2491904K)->0K(2494464K) From: 142807K(151040K)->138304K(150016K)
[3574.808s][info][gc,heap        ] GC(734) ParOldGen: 2613250K(2613760K)->2706946K(2707456K)
[3574.808s][info][gc,metaspace   ] GC(734) Metaspace: 29141K(29504K)->29141K(29504K) NonClass: 24249K(24384K)->24249K(24384K) Class: 4891K(5120K)->4891K(5120K)
[3574.808s][info][gc             ] GC(734) Pause Young (Allocation Failure) 5124M->2778M(5226M) 98.352ms
[3574.808s][info][gc,cpu         ] GC(734) User=0.55s Sys=0.03s Real=0.10s
....[3578.768s][info][gc,start       ] GC(735) Pause Young (Allocation Failure)
[3578.866s][info][gc,heap        ] GC(735) PSYoungGen: 2632768K(2644480K)->141632K(2644992K) Eden: 2494464K(2494464K)->0K(2494464K) From: 138304K(150016K)->141632K(150528K)
[3578.866s][info][gc,heap        ] GC(735) ParOldGen: 2706946K(2707456K)->2796858K(2797056K)
[3578.866s][info][gc,metaspace   ] GC(735) Metaspace: 29141K(29504K)->29141K(29504K) NonClass: 24249K(24384K)->24249K(24384K) Class: 4891K(5120K)->4891K(5120K)
[3578.866s][info][gc             ] GC(735) Pause Young (Allocation Failure) 5214M->2869M(5314M) 97.500ms
[3578.866s][info][gc,cpu         ] GC(735) User=0.55s Sys=0.02s Real=0.10s
....[3582.724s][info][gc,start       ] GC(736) Pause Young (Allocation Failure)
[3582.823s][info][gc,heap        ] GC(736) PSYoungGen: 2636096K(2644992K)->138400K(2644992K) Eden: 2494464K(2494464K)->0K(2495488K) From: 141632K(150528K)->138400K(149504K)
[3582.823s][info][gc,heap        ] GC(736) ParOldGen: 2796858K(2797056K)->2890794K(2891264K)
[3582.823s][info][gc,metaspace   ] GC(736) Metaspace: 29141K(29504K)->29141K(29504K) NonClass: 24249K(24384K)->24249K(24384K) Class: 4891K(5120K)->4891K(5120K)
[3582.823s][info][gc             ] GC(736) Pause Young (Allocation Failure) 5305M->2958M(5406M) 99.357ms
[3582.823s][info][gc,cpu         ] GC(736) User=0.56s Sys=0.03s Real=0.09s
....[3586.705s][info][gc,start       ] GC(737) Pause Young (Allocation Failure)
[3586.803s][info][gc,heap        ] GC(737) PSYoungGen: 2633888K(2644992K)->142496K(2644992K) Eden: 2495488K(2495488K)->0K(2495488K) From: 138400K(149504K)->142496K(149504K)
[3586.803s][info][gc,heap        ] GC(737) ParOldGen: 2890794K(2891264K)->2982186K(2982400K)
[3586.803s][info][gc,metaspace   ] GC(737) Metaspace: 29141K(29504K)->29141K(29504K) NonClass: 24249K(24384K)->24249K(24384K) Class: 4891K(5120K)->4891K(5120K)
[3586.803s][info][gc             ] GC(737) Pause Young (Allocation Failure) 5395M->3051M(5495M) 98.157ms
[3586.803s][info][gc,cpu         ] GC(737) User=0.55s Sys=0.03s Real=0.09s
....[3590.701s][info][gc,start       ] GC(738) Pause Young (Allocation Failure)
[3590.801s][info][gc,heap        ] GC(738) PSYoungGen: 2637984K(2644992K)->143584K(2646016K) Eden: 2495488K(2495488K)->0K(2497024K) From: 142496K(149504K)->143584K(148992K)
[3590.801s][info][gc,heap        ] GC(738) ParOldGen: 2982186K(2982400K)->3075202K(3075584K)
[3590.801s][info][gc,metaspace   ] GC(738) Metaspace: 29141K(29504K)->29141K(29504K) NonClass: 24249K(24384K)->24249K(24384K) Class: 4891K(5120K)->4891K(5120K)
[3590.801s][info][gc             ] GC(738) Pause Young (Allocation Failure) 5488M->3143M(5587M) 99.548ms
[3590.801s][info][gc,cpu         ] GC(738) User=0.57s Sys=0.03s Real=0.10s
....[3594.703s][info][gc,start       ] GC(739) Pause Young (Allocation Failure)
[3594.803s][info][gc,heap        ] GC(739) PSYoungGen: 2640608K(2646016K)->141088K(2646016K) Eden: 2497024K(2497024K)->0K(2497024K) From: 143584K(148992K)->141088K(148992K)
[3594.803s][info][gc,heap        ] GC(739) ParOldGen: 3075202K(3075584K)->3166714K(3166720K)
[3594.803s][info][gc,metaspace   ] GC(739) Metaspace: 29141K(29504K)->29141K(29504K) NonClass: 24249K(24384K)->24249K(24384K) Class: 4891K(5120K)->4891K(5120K)
[3594.803s][info][gc             ] GC(739) Pause Young (Allocation Failure) 5581M->3230M(5676M) 99.572ms
[3594.803s][info][gc,cpu         ] GC(739) User=0.56s Sys=0.02s Real=0.10s
...[3598.666s][info][gc,start       ] GC(740) Pause Young (Allocation Failure)
[3598.766s][info][gc,heap        ] GC(740) PSYoungGen: 2638112K(2646016K)->144181K(2646528K) Eden: 2497024K(2497024K)->0K(2498048K) From: 141088K(148992K)->144181K(148480K)
[3598.766s][info][gc,heap        ] GC(740) ParOldGen: 3166714K(3166720K)->3259642K(3259904K)
[3598.766s][info][gc,metaspace   ] GC(740) Metaspace: 29141K(29504K)->29141K(29504K) NonClass: 24249K(24384K)->24249K(24384K) Class: 4891K(5120K)->4891K(5120K)
[3598.766s][info][gc             ] GC(740) Pause Young (Allocation Failure) 5668M->3324M(5768M) 99.885ms
[3598.766s][info][gc,cpu         ] GC(740) User=0.56s Sys=0.03s Real=0.10s
....[3602.621s][info][gc,start       ] GC(741) Pause Young (Allocation Failure)
[3602.718s][info][gc,heap        ] GC(741) PSYoungGen: 2642229K(2646528K)->137824K(2646528K) Eden: 2498048K(2498048K)->0K(2498048K) From: 144181K(148480K)->137824K(148480K)
[3602.718s][info][gc,heap        ] GC(741) ParOldGen: 3259642K(3259904K)->3352554K(3352576K)
[3602.718s][info][gc,metaspace   ] GC(741) Metaspace: 29142K(29504K)->29142K(29504K) NonClass: 24250K(24384K)->24250K(24384K) Class: 4891K(5120K)->4891K(5120K)
[3602.718s][info][gc             ] GC(741) Pause Young (Allocation Failure) 5763M->3408M(5858M) 97.072ms
[3602.719s][info][gc,cpu         ] GC(741) User=0.56s Sys=0.02s Real=0.10s
..[3604.640s][info][gc,start       ] GC(742) Pause Full (Diagnostic Command)
[3604.640s][info][gc,phases,start] GC(742) Marking Phase
[3604.924s][info][gc,phases      ] GC(742) Marking Phase 284.208ms
[3604.924s][info][gc,phases,start] GC(742) Summary Phase
[3604.924s][info][gc,phases      ] GC(742) Summary Phase 0.066ms
[3604.924s][info][gc,phases,start] GC(742) Forward
[3605.110s][info][gc,phases      ] GC(742) Forward 185.878ms
[3605.110s][info][gc,phases,start] GC(742) Adjust Pointers
[3605.315s][info][gc,phases      ] GC(742) Adjust Pointers 204.776ms
[3605.315s][info][gc,phases,start] GC(742) Compaction Phase
[3605.472s][info][gc,phases      ] GC(742) Compaction Phase 156.634ms
[3605.474s][info][gc,phases,start] GC(742) Post Compact
[3605.478s][info][gc,phases      ] GC(742) Post Compact 4.060ms
[3605.478s][info][gc,heap        ] GC(742) PSYoungGen: 1458835K(2646528K)->0K(2646528K) Eden: 1321011K(2498048K)->0K(2498048K) From: 137824K(148480K)->0K(148480K)
[3605.478s][info][gc,heap        ] GC(742) ParOldGen: 3352554K(3352576K)->1136801K(3352576K)
[3605.478s][info][gc,metaspace   ] GC(742) Metaspace: 29142K(29504K)->29142K(29504K) NonClass: 24250K(24384K)->24250K(24384K) Class: 4891K(5120K)->4891K(5120K)
[3605.478s][info][gc             ] GC(742) Pause Full (Diagnostic Command) 4698M->1110M(5858M) 838.438ms
[3605.478s][info][gc,cpu         ] GC(742) User=4.31s Sys=0.00s Real=0.84s
.... (rIR:aIR:PR = 5120:5120:5120) (tPR = 75646) [OK] 
  3608s: Performance info:
         Transaction,    Success,    Partial,     Failed,   Receipts, AvgBarcode, 
             Overall,     311911,          0,          0,     296290,      59.48, 
         Response times:
             Request,    Success,    Partial,     Failed,   SkipFail,     Probes,    Samples,      min,      p50,      p90,      p95,      p99,      max, 
       TotalPurchase,     296277,          0,          0,          0,     287770,     315345,      300,     3700,     6600,    10600,   111000,   186000,
     InStorePurchase,     155969,          0,          0,          0,     152068,     166413,      300,     3700,     6700,    10700,   127000,   179000,
      OnlinePurchase,     109129,          0,          0,          0,     105641,     115675,      300,     3500,     6500,    10200,   111000,   149000,
        InstPurchase,      31179,          0,          0,          0,      30061,      33257,      400,     4100,     6800,    11200,   139520,   186000,
          AssocOfCat,        314,          0,          0,          0,        236,        319,    18300,    27000,    41000,    56000,   148600,   166000,
      AssocOfProduct,       3135,          0,          0,          0,       2840,       3264,      400,     4600,     6900,    11075,    38000,   105000,
      BusinessReport,        777,          0,          0,          0,        680,        854,    21000,    33000,    47000,    55000,   144800,   198000,
          CustBuyBeh,       3114,          0,          0,          0,       2863,       3358,      300,     4400,     7000,    14520,    42000,   109000,
       ProductReturn,       8281,          0,          0,          0,       7790,       8676,      200,     3400,     6100,     9300,   140000,   197000,

  3608s: (38%)   IR =   5258 [3608.677s][info][gc,start       ] GC(743) Pause Young (Allocation Failure)
[3608.741s][info][gc,heap        ] GC(743) PSYoungGen: 2498048K(2646528K)->141440K(2646016K) Eden: 2498048K(2498048K)->0K(2498560K) From: 0K(148480K)->141440K(147456K)
[3608.741s][info][gc,heap        ] GC(743) ParOldGen: 1136801K(3352576K)->1136801K(3352576K)
[3608.741s][info][gc,metaspace   ] GC(743) Metaspace: 29142K(29504K)->29142K(29504K) NonClass: 24250K(24384K)->24250K(24384K) Class: 4891K(5120K)->4891K(5120K)
[3608.741s][info][gc             ] GC(743) Pause Young (Allocation Failure) 3549M->1248M(5858M) 63.863ms
[3608.741s][info][gc,cpu         ] GC(743) User=0.38s Sys=0.00s Real=0.06s
...[3612.546s][info][gc,start       ] GC(744) Pause Young (Allocation Failure)
[3612.640s][info][gc,heap        ] GC(744) PSYoungGen: 2640000K(2646016K)->144052K(2646528K) Eden: 2498560K(2498560K)->0K(2498560K) From: 141440K(147456K)->144052K(147968K)
[3612.640s][info][gc,heap        ] GC(744) ParOldGen: 1136801K(3352576K)->1230353K(3352576K)
[3612.640s][info][gc,metaspace   ] GC(744) Metaspace: 29142K(29504K)->29142K(29504K) NonClass: 24250K(24384K)->24250K(24384K) Class: 4891K(5120K)->4891K(5120K)
[3612.640s][info][gc             ] GC(744) Pause Young (Allocation Failure) 3688M->1342M(5858M) 94.649ms
[3612.640s][info][gc,cpu         ] GC(744) User=0.56s Sys=0.00s Real=0.09s
....|[3616.397s][info][gc,start       ] GC(745) Pause Young (Allocation Failure)
[3616.489s][info][gc,heap        ] GC(745) PSYoungGen: 2642612K(2646528K)->138880K(2647552K) Eden: 2498560K(2498560K)->0K(2499584K) From: 144052K(147968K)->138880K(147968K)
[3616.489s][info][gc,heap        ] GC(745) ParOldGen: 1230353K(3352576K)->1322777K(3352576K)
[3616.489s][info][gc,metaspace   ] GC(745) Metaspace: 29142K(29504K)->29142K(29504K) NonClass: 24250K(24384K)->24250K(24384K) Class: 4891K(5120K)->4891K(5120K)
[3616.489s][info][gc             ] GC(745) Pause Young (Allocation Failure) 3782M->1427M(5859M) 92.312ms
[3616.489s][info][gc,cpu         ] GC(745) User=0.55s Sys=0.00s Real=0.09s
....[3620.289s][info][gc,start       ] GC(746) Pause Young (Allocation Failure)
[3620.383s][info][gc,heap        ] GC(746) PSYoungGen: 2638464K(2647552K)->141509K(2647552K) Eden: 2499584K(2499584K)->0K(2499584K) From: 138880K(147968K)->141509K(147968K)
[3620.383s][info][gc,heap        ] GC(746) ParOldGen: 1322777K(3352576K)->1414857K(3352576K)
[3620.383s][info][gc,metaspace   ] GC(746) Metaspace: 29142K(29504K)->29142K(29504K) NonClass: 24250K(24384K)->24250K(24384K) Class: 4891K(5120K)->4891K(5120K)
[3620.383s][info][gc             ] GC(746) Pause Young (Allocation Failure) 3868M->1519M(5859M) 93.207ms
[3620.383s][info][gc,cpu         ] GC(746) User=0.55s Sys=0.00s Real=0.09s
....[3624.218s][info][gc,start       ] GC(747) Pause Young (Allocation Failure)
[3624.309s][info][gc,heap        ] GC(747) PSYoungGen: 2641093K(2647552K)->138752K(2647552K) Eden: 2499584K(2499584K)->0K(2500096K) From: 141509K(147968K)->138752K(147456K)
[3624.309s][info][gc,heap        ] GC(747) ParOldGen: 1414857K(3352576K)->1506233K(3352576K)
[3624.309s][info][gc,metaspace   ] GC(747) Metaspace: 29142K(29504K)->29142K(29504K) NonClass: 24250K(24384K)->24250K(24384K) Class: 4891K(5120K)->4891K(5120K)
[3624.309s][info][gc             ] GC(747) Pause Young (Allocation Failure) 3960M->1606M(5859M) 90.559ms
[3624.309s][info][gc,cpu         ] GC(747) User=0.54s Sys=0.00s Real=0.09s
....[3628.090s][info][gc,start       ] GC(748) Pause Young (Allocation Failure)
[3628.184s][info][gc,heap        ] GC(748) PSYoungGen: 2638848K(2647552K)->142080K(2647552K) Eden: 2500096K(2500096K)->0K(2500096K) From: 138752K(147456K)->142080K(147456K)
[3628.184s][info][gc,heap        ] GC(748) ParOldGen: 1506233K(3352576K)->1599273K(3352576K)
[3628.184s][info][gc,metaspace   ] GC(748) Metaspace: 29142K(29504K)->29142K(29504K) NonClass: 24250K(24384K)->24250K(24384K) Class: 4891K(5120K)->4891K(5120K)
[3628.184s][info][gc             ] GC(748) Pause Young (Allocation Failure) 4047M->1700M(5859M) 93.525ms
[3628.184s][info][gc,cpu         ] GC(748) User=0.55s Sys=0.00s Real=0.10s
....[3631.995s][info][gc,start       ] GC(749) Pause Young (Allocation Failure)
[3632.087s][info][gc,heap        ] GC(749) PSYoungGen: 2642176K(2647552K)->141888K(2648064K) Eden: 2500096K(2500096K)->0K(2501120K) From: 142080K(147456K)->141888K(146944K)
[3632.087s][info][gc,heap        ] GC(749) ParOldGen: 1599273K(3352576K)->1691641K(3352576K)
[3632.087s][info][gc,metaspace   ] GC(749) Metaspace: 29142K(29504K)->29142K(29504K) NonClass: 24250K(24384K)->24250K(24384K) Class: 4891K(5120K)->4891K(5120K)
[3632.087s][info][gc             ] GC(749) Pause Young (Allocation Failure) 4142M->1790M(5860M) 92.436ms
[3632.087s][info][gc,cpu         ] GC(749) User=0.54s Sys=0.00s Real=0.09s
....[3635.772s][info][gc,start       ] GC(750) Pause Young (Allocation Failure)
[3635.866s][info][gc,heap        ] GC(750) PSYoungGen: 2643008K(2648064K)->142293K(2648064K) Eden: 2501120K(2501120K)->0K(2501120K) From: 141888K(146944K)->142293K(146944K)
[3635.866s][info][gc,heap        ] GC(750) ParOldGen: 1691641K(3352576K)->1784361K(3352576K)
[3635.866s][info][gc,metaspace   ] GC(750) Metaspace: 29142K(29504K)->29142K(29504K) NonClass: 24250K(24384K)->24250K(24384K) Class: 4891K(5120K)->4891K(5120K)
[3635.866s][info][gc             ] GC(750) Pause Young (Allocation Failure) 4233M->1881M(5860M) 94.716ms
[3635.866s][info][gc,cpu         ] GC(750) User=0.55s Sys=0.00s Real=0.10s
....[3639.705s][info][gc,start       ] GC(751) Pause Young (Allocation Failure)
[3639.799s][info][gc,heap        ] GC(751) PSYoungGen: 2643413K(2648064K)->140800K(2648064K) Eden: 2501120K(2501120K)->0K(2502144K) From: 142293K(146944K)->140800K(145920K)
[3639.799s][info][gc,heap        ] GC(751) ParOldGen: 1784361K(3352576K)->1874065K(3352576K)
[3639.799s][info][gc,metaspace   ] GC(751) Metaspace: 29142K(29504K)->29142K(29504K) NonClass: 24250K(24384K)->24250K(24384K) Class: 4891K(5120K)->4891K(5120K)
[3639.799s][info][gc             ] GC(751) Pause Young (Allocation Failure) 4323M->1967M(5860M) 94.365ms
[3639.799s][info][gc,cpu         ] GC(751) User=0.55s Sys=0.00s Real=0.09s
...[3643.602s][info][gc,start       ] GC(752) Pause Young (Allocation Failure)
[3643.695s][info][gc,heap        ] GC(752) PSYoungGen: 2642944K(2648064K)->142598K(2648576K) Eden: 2502144K(2502144K)->0K(2502144K) From: 140800K(145920K)->142598K(146432K)
[3643.695s][info][gc,heap        ] GC(752) ParOldGen: 1874065K(3352576K)->1965353K(3352576K)
[3643.695s][info][gc,metaspace   ] GC(752) Metaspace: 29142K(29504K)->29142K(29504K) NonClass: 24250K(24384K)->24250K(24384K) Class: 4891K(5120K)->4891K(5120K)
[3643.695s][info][gc             ] GC(752) Pause Young (Allocation Failure) 4411M->2058M(5860M) 93.313ms
[3643.696s][info][gc,cpu         ] GC(752) User=0.56s Sys=0.00s Real=0.10s
....[3647.482s][info][gc,start       ] GC(753) Pause Young (Allocation Failure)
[3647.578s][info][gc,heap        ] GC(753) PSYoungGen: 2644742K(2648576K)->145067K(2648576K) Eden: 2502144K(2502144K)->0K(2502144K) From: 142598K(146432K)->145067K(146432K)
[3647.578s][info][gc,heap        ] GC(753) ParOldGen: 1965353K(3352576K)->2058561K(3352576K)
[3647.578s][info][gc,metaspace   ] GC(753) Metaspace: 29142K(29504K)->29142K(29504K) NonClass: 24250K(24384K)->24250K(24384K) Class: 4891K(5120K)->4891K(5120K)
[3647.578s][info][gc             ] GC(753) Pause Young (Allocation Failure) 4502M->2151M(5860M) 95.804ms
[3647.578s][info][gc,cpu         ] GC(753) User=0.57s Sys=0.00s Real=0.10s
....[3651.422s][info][gc,start       ] GC(754) Pause Young (Allocation Failure)
[3651.522s][info][gc,heap        ] GC(754) PSYoungGen: 2647211K(2648576K)->146916K(2649088K) Eden: 2502144K(2502144K)->0K(2502144K) From: 145067K(146432K)->146916K(146944K)
[3651.522s][info][gc,heap        ] GC(754) ParOldGen: 2058561K(3352576K)->2157601K(3352576K)
[3651.522s][info][gc,metaspace   ] GC(754) Metaspace: 29142K(29504K)->29142K(29504K) NonClass: 24250K(24384K)->24250K(24384K) Class: 4891K(5120K)->4891K(5120K)
[3651.522s][info][gc             ] GC(754) Pause Young (Allocation Failure) 4595M->2250M(5861M) 99.924ms
[3651.522s][info][gc,cpu         ] GC(754) User=0.60s Sys=0.00s Real=0.10s
....[3655.329s][info][gc,start       ] GC(755) Pause Young (Allocation Failure)
[3655.419s][info][gc,heap        ] GC(755) PSYoungGen: 2649060K(2649088K)->139680K(2575360K) Eden: 2502144K(2502144K)->0K(2428416K) From: 146916K(146944K)->139680K(146944K)
[3655.419s][info][gc,heap        ] GC(755) ParOldGen: 2157601K(3352576K)->2245729K(3352576K)
[3655.419s][info][gc,metaspace   ] GC(755) Metaspace: 29142K(29504K)->29142K(29504K) NonClass: 24250K(24384K)->24250K(24384K) Class: 4891K(5120K)->4891K(5120K)
[3655.419s][info][gc             ] GC(755) Pause Young (Allocation Failure) 4694M->2329M(5789M) 90.279ms
[3655.419s][info][gc,cpu         ] GC(755) User=0.53s Sys=0.00s Real=0.09s
....[3659.038s][info][gc,start       ] GC(756) Pause Young (Allocation Failure)
[3659.133s][info][gc,heap        ] GC(756) PSYoungGen: 2568096K(2575360K)->143994K(2612224K) Eden: 2428416K(2428416K)->0K(2428416K) From: 139680K(146944K)->143994K(183808K)
[3659.133s][info][gc,heap        ] GC(756) ParOldGen: 2245729K(3352576K)->2339753K(3352576K)
[3659.133s][info][gc,metaspace   ] GC(756) Metaspace: 29142K(29504K)->29142K(29504K) NonClass: 24250K(24384K)->24250K(24384K) Class: 4891K(5120K)->4891K(5120K)
[3659.133s][info][gc             ] GC(756) Pause Young (Allocation Failure) 4701M->2425M(5825M) 94.618ms
[3659.133s][info][gc,cpu         ] GC(756) User=0.56s Sys=0.00s Real=0.09s
....[3662.793s][info][gc,start       ] GC(757) Pause Young (Allocation Failure)
[3662.887s][info][gc,heap        ] GC(757) PSYoungGen: 2572410K(2612224K)->138155K(2608128K) Eden: 2428416K(2428416K)->0K(2430464K) From: 143994K(183808K)->138155K(177664K)
[3662.887s][info][gc,heap        ] GC(757) ParOldGen: 2339753K(3352576K)->2430129K(3352576K)
[3662.887s][info][gc,metaspace   ] GC(757) Metaspace: 29142K(29504K)->29142K(29504K) NonClass: 24250K(24384K)->24250K(24384K) Class: 4891K(5120K)->4891K(5120K)
[3662.887s][info][gc             ] GC(757) Pause Young (Allocation Failure) 4797M->2508M(5821M) 93.577ms
[3662.887s][info][gc,cpu         ] GC(757) User=0.55s Sys=0.00s Real=0.10s
...[3666.527s][info][gc,start       ] GC(758) Pause Young (Allocation Failure)
[3666.620s][info][gc,heap        ] GC(758) PSYoungGen: 2568619K(2608128K)->138752K(2611200K) Eden: 2430464K(2430464K)->0K(2430464K) From: 138155K(177664K)->138752K(180736K)
[3666.620s][info][gc,heap        ] GC(758) ParOldGen: 2430129K(3352576K)->2521849K(3352576K)
[3666.620s][info][gc,metaspace   ] GC(758) Metaspace: 29142K(29504K)->29142K(29504K) NonClass: 24250K(24384K)->24250K(24384K) Class: 4891K(5120K)->4891K(5120K)
[3666.620s][info][gc             ] GC(758) Pause Young (Allocation Failure) 4881M->2598M(5824M) 92.849ms
[3666.620s][info][gc,cpu         ] GC(758) User=0.55s Sys=0.00s Real=0.09s
....[3670.340s][info][gc,start       ] GC(759) Pause Young (Allocation Failure)
[3670.435s][info][gc,heap        ] GC(759) PSYoungGen: 2569216K(2611200K)->139733K(2610176K) Eden: 2430464K(2430464K)->0K(2435584K) From: 138752K(180736K)->139733K(174592K)
[3670.435s][info][gc,heap        ] GC(759) ParOldGen: 2521849K(3352576K)->2612113K(3352576K)
[3670.435s][info][gc,metaspace   ] GC(759) Metaspace: 29142K(29504K)->29142K(29504K) NonClass: 24250K(24384K)->24250K(24384K) Class: 4891K(5120K)->4891K(5120K)
[3670.436s][info][gc             ] GC(759) Pause Young (Allocation Failure) 4971M->2687M(5823M) 95.396ms
[3670.436s][info][gc,cpu         ] GC(759) User=0.57s Sys=0.00s Real=0.10s
....[3674.108s][info][gc,start       ] GC(760) Pause Young (Allocation Failure)
[3674.201s][info][gc,heap        ] GC(760) PSYoungGen: 2575317K(2610176K)->139392K(2613248K) Eden: 2435584K(2435584K)->0K(2435584K) From: 139733K(174592K)->139392K(177664K)
[3674.201s][info][gc,heap        ] GC(760) ParOldGen: 2612113K(3352576K)->2703865K(3352576K)
[3674.201s][info][gc,metaspace   ] GC(760) Metaspace: 29142K(29504K)->29142K(29504K) NonClass: 24250K(24384K)->24250K(24384K) Class: 4891K(5120K)->4891K(5120K)
[3674.201s][info][gc             ] GC(760) Pause Young (Allocation Failure) 5065M->2776M(5826M) 92.815ms
[3674.201s][info][gc,cpu         ] GC(760) User=0.56s Sys=0.00s Real=0.09s
.. (rIR:aIR:PR = 5258:5257:5257) (tPR = 77813) [OK] 
  3675s: Performance info:
         Transaction,    Success,    Partial,     Failed,   Receipts, AvgBarcode, 
             Overall,     315785,          0,          0,     299988,      59.47, 
         Response times:
             Request,    Success,    Partial,     Failed,   SkipFail,     Probes,    Samples,      min,      p50,      p90,      p95,      p99,      max, 
       TotalPurchase,     299994,          0,          0,          0,     295384,     331215,      300,     3700,     6200,     7700,    29000,   150000,
     InStorePurchase,     157881,          0,          0,          0,     155982,     174872,      300,     3600,     6200,     7600,    29000,   150000,
      OnlinePurchase,     110523,          0,          0,          0,     108675,     121522,      300,     3800,     6300,     7600,    29000,   150000,
        InstPurchase,      31590,          0,          0,          0,      30727,      34821,      400,     4100,     6500,     8100,    32000,   150000,
          AssocOfCat,        317,          0,          0,          0,        240,        329,    17600,    28000,    36000,    42000,   119700,   124000,
      AssocOfProduct,       3161,          0,          0,          0,       2892,       3448,      500,     4200,     6300,     7600,    32020,   150000,
      BusinessReport,        780,          0,          0,          0,        661,        887,    22000,    34000,    47000,    55600,   141000,   188000,
          CustBuyBeh,       3150,          0,          0,          0,       2947,       3518,      200,     2600,     6200,     7300,    27810,   150000,
       ProductReturn,       8389,          0,          0,          0,       7967,       9199,      200,     2300,     5800,     7000,    23000,   150000,

  3675s: (39%)   IR =   5396 ..[3677.859s][info][gc,start       ] GC(761) Pause Young (Allocation Failure)
[3677.951s][info][gc,heap        ] GC(761) PSYoungGen: 2574976K(2613248K)->137984K(2613760K) Eden: 2435584K(2435584K)->0K(2442240K) From: 139392K(177664K)->137984K(171520K)
[3677.951s][info][gc,heap        ] GC(761) ParOldGen: 2703865K(3352576K)->2794041K(3352576K)
[3677.951s][info][gc,metaspace   ] GC(761) Metaspace: 29142K(29504K)->29142K(29504K) NonClass: 24250K(24384K)->24250K(24384K) Class: 4891K(5120K)->4891K(5120K)
[3677.951s][info][gc             ] GC(761) Pause Young (Allocation Failure) 5155M->2863M(5826M) 92.670ms
[3677.951s][info][gc,cpu         ] GC(761) User=0.54s Sys=0.00s Real=0.09s
..|.[3681.564s][info][gc,start       ] GC(762) Pause Young (Allocation Failure)
[3681.656s][info][gc,heap        ] GC(762) PSYoungGen: 2580224K(2613760K)->137120K(2616832K) Eden: 2442240K(2442240K)->0K(2442240K) From: 137984K(171520K)->137120K(174592K)
[3681.656s][info][gc,heap        ] GC(762) ParOldGen: 2794041K(3352576K)->2885321K(3352576K)
[3681.656s][info][gc,metaspace   ] GC(762) Metaspace: 29142K(29504K)->29142K(29504K) NonClass: 24250K(24384K)->24250K(24384K) Class: 4891K(5120K)->4891K(5120K)
[3681.656s][info][gc             ] GC(762) Pause Young (Allocation Failure) 5248M->2951M(5829M) 92.164ms
[3681.657s][info][gc,cpu         ] GC(762) User=0.55s Sys=0.00s Real=0.09s
....[3685.238s][info][gc,start       ] GC(763) Pause Young (Allocation Failure)
[3685.331s][info][gc,heap        ] GC(763) PSYoungGen: 2579360K(2616832K)->141429K(2615808K) Eden: 2442240K(2442240K)->0K(2448384K) From: 137120K(174592K)->141429K(167424K)
[3685.331s][info][gc,heap        ] GC(763) ParOldGen: 2885321K(3352576K)->2976033K(3352576K)
[3685.331s][info][gc,metaspace   ] GC(763) Metaspace: 29142K(29504K)->29142K(29504K) NonClass: 24250K(24384K)->24250K(24384K) Class: 4891K(5120K)->4891K(5120K)
[3685.331s][info][gc             ] GC(763) Pause Young (Allocation Failure) 5336M->3044M(5828M) 93.505ms
[3685.331s][info][gc,cpu         ] GC(763) User=0.56s Sys=0.00s Real=0.09s
....[3688.990s][info][gc,start       ] GC(764) Pause Young (Allocation Failure)
[3689.087s][info][gc,heap        ] GC(764) PSYoungGen: 2589813K(2615808K)->146084K(2619392K) Eden: 2448384K(2448384K)->0K(2448384K) From: 141429K(167424K)->146084K(171008K)
[3689.087s][info][gc,heap        ] GC(764) ParOldGen: 2976033K(3352576K)->3065905K(3352576K)
[3689.087s][info][gc,metaspace   ] GC(764) Metaspace: 29142K(29504K)->29142K(29504K) NonClass: 24250K(24384K)->24250K(24384K) Class: 4891K(5120K)->4891K(5120K)
[3689.087s][info][gc             ] GC(764) Pause Young (Allocation Failure) 5435M->3136M(5832M) 96.653ms
[3689.087s][info][gc,cpu         ] GC(764) User=0.56s Sys=0.00s Real=0.10s
...[3692.629s][info][gc,start       ] GC(765) Pause Young (Allocation Failure)
[3692.722s][info][gc,heap        ] GC(765) PSYoungGen: 2594468K(2619392K)->136224K(2621440K) Eden: 2448384K(2448384K)->0K(2456064K) From: 146084K(171008K)->136224K(165376K)
[3692.722s][info][gc,heap        ] GC(765) ParOldGen: 3065905K(3352576K)->3158825K(3352576K)
[3692.722s][info][gc,metaspace   ] GC(765) Metaspace: 29142K(29504K)->29142K(29504K) NonClass: 24250K(24384K)->24250K(24384K) Class: 4891K(5120K)->4891K(5120K)
[3692.722s][info][gc             ] GC(765) Pause Young (Allocation Failure) 5527M->3217M(5834M) 92.474ms
[3692.722s][info][gc,cpu         ] GC(765) User=0.54s Sys=0.00s Real=0.09s
....[3696.385s][info][gc,start       ] GC(766) Pause Young (Allocation Failure)
[3696.481s][info][gc,heap        ] GC(766) PSYoungGen: 2592288K(2621440K)->143380K(2624000K) Eden: 2456064K(2456064K)->0K(2456064K) From: 136224K(165376K)->143380K(167936K)
[3696.481s][info][gc,heap        ] GC(766) ParOldGen: 3158825K(3352576K)->3248481K(3352576K)
[3696.481s][info][gc,metaspace   ] GC(766) Metaspace: 29142K(29504K)->29142K(29504K) NonClass: 24250K(24384K)->24250K(24384K) Class: 4891K(5120K)->4891K(5120K)
[3696.481s][info][gc             ] GC(766) Pause Young (Allocation Failure) 5616M->3312M(5836M) 95.627ms
[3696.481s][info][gc,cpu         ] GC(766) User=0.56s Sys=0.01s Real=0.09s
....[3700.066s][info][gc,start       ] GC(767) Pause Young (Allocation Failure)
[3700.163s][info][gc,heap        ] GC(767) PSYoungGen: 2599444K(2624000K)->143557K(2624000K) Eden: 2456064K(2456064K)->0K(2462720K) From: 143380K(167936K)->143557K(161280K)
[3700.163s][info][gc,heap        ] GC(767) ParOldGen: 3248481K(3352576K)->3342777K(3352576K)
[3700.164s][info][gc,metaspace   ] GC(767) Metaspace: 29142K(29504K)->29142K(29504K) NonClass: 24250K(24384K)->24250K(24384K) Class: 4891K(5120K)->4891K(5120K)
[3700.164s][info][gc             ] GC(767) Pause Young (Allocation Failure) 5710M->3404M(5836M) 97.709ms
[3700.164s][info][gc,cpu         ] GC(767) User=0.56s Sys=0.01s Real=0.10s
...[3703.784s][info][gc,start       ] GC(768) Pause Young (Allocation Failure)
[3703.880s][info][gc,heap        ] GC(768) PSYoungGen: 2606277K(2624000K)->138720K(2626048K) Eden: 2462720K(2462720K)->0K(2462720K) From: 143557K(161280K)->138720K(163328K)
[3703.880s][info][gc,heap        ] GC(768) ParOldGen: 3342777K(3352576K)->3433249K(3433472K)
[3703.880s][info][gc,metaspace   ] GC(768) Metaspace: 29142K(29504K)->29142K(29504K) NonClass: 24250K(24384K)->24250K(24384K) Class: 4891K(5120K)->4891K(5120K)
[3703.880s][info][gc             ] GC(768) Pause Young (Allocation Failure) 5809M->3488M(5917M) 96.539ms
[3703.881s][info][gc,cpu         ] GC(768) User=0.55s Sys=0.02s Real=0.09s
....[3707.481s][info][gc,start       ] GC(769) Pause Young (Allocation Failure)
[3707.580s][info][gc,heap        ] GC(769) PSYoungGen: 2601440K(2626048K)->142889K(2627584K) Eden: 2462720K(2462720K)->0K(2470400K) From: 138720K(163328K)->142889K(157184K)
[3707.580s][info][gc,heap        ] GC(769) ParOldGen: 3433249K(3433472K)->3524681K(3525120K)
[3707.580s][info][gc,metaspace   ] GC(769) Metaspace: 29142K(29504K)->29142K(29504K) NonClass: 24250K(24384K)->24250K(24384K) Class: 4891K(5120K)->4891K(5120K)
[3707.580s][info][gc             ] GC(769) Pause Young (Allocation Failure) 5893M->3581M(6008M) 99.825ms
[3707.580s][info][gc,cpu         ] GC(769) User=0.56s Sys=0.03s Real=0.10s
....[3711.271s][info][gc,start       ] GC(770) Pause Young (Allocation Failure)
[3711.368s][info][gc,heap        ] GC(770) PSYoungGen: 2613289K(2627584K)->137504K(2630656K) Eden: 2470400K(2470400K)->0K(2470400K) From: 142889K(157184K)->137504K(160256K)
[3711.368s][info][gc,heap        ] GC(770) ParOldGen: 3524681K(3525120K)->3616681K(3616768K)
[3711.368s][info][gc,metaspace   ] GC(770) Metaspace: 29142K(29504K)->29142K(29504K) NonClass: 24250K(24384K)->24250K(24384K) Class: 4891K(5120K)->4891K(5120K)
[3711.368s][info][gc             ] GC(770) Pause Young (Allocation Failure) 5994M->3666M(6101M) 97.193ms
[3711.368s][info][gc,cpu         ] GC(770) User=0.54s Sys=0.03s Real=0.10s
....[3714.938s][info][gc,start       ] GC(771) Pause Young (Allocation Failure)
[3715.039s][info][gc,heap        ] GC(771) PSYoungGen: 2607904K(2630656K)->141056K(2632192K) Eden: 2470400K(2470400K)->0K(2476032K) From: 137504K(160256K)->141056K(156160K)
[3715.039s][info][gc,heap        ] GC(771) ParOldGen: 3616681K(3616768K)->3710177K(3710464K)
[3715.039s][info][gc,metaspace   ] GC(771) Metaspace: 29142K(29504K)->29142K(29504K) NonClass: 24250K(24384K)->24250K(24384K) Class: 4891K(5120K)->4891K(5120K)
[3715.039s][info][gc             ] GC(771) Pause Young (Allocation Failure) 6078M->3760M(6194M) 100.642ms
[3715.039s][info][gc,cpu         ] GC(771) User=0.56s Sys=0.03s Real=0.10s
...[3718.739s][info][gc,start       ] GC(772) Pause Young (Allocation Failure)
[3718.836s][info][gc,heap        ] GC(772) PSYoungGen: 2617088K(2632192K)->141248K(2634240K) Eden: 2476032K(2476032K)->0K(2476032K) From: 141056K(156160K)->141248K(158208K)
[3718.836s][info][gc,heap        ] GC(772) ParOldGen: 3710177K(3710464K)->3799849K(3800064K)
[3718.836s][info][gc,metaspace   ] GC(772) Metaspace: 29142K(29504K)->29142K(29504K) NonClass: 24250K(24384K)->24250K(24384K) Class: 4891K(5120K)->4891K(5120K)
[3718.836s][info][gc             ] GC(772) Pause Young (Allocation Failure) 6178M->3848M(6283M) 97.215ms
[3718.836s][info][gc,cpu         ] GC(772) User=0.55s Sys=0.04s Real=0.10s
....[3722.465s][info][gc,start       ] GC(773) Pause Young (Allocation Failure)
[3722.564s][info][gc,heap        ] GC(773) PSYoungGen: 2617280K(2634240K)->137760K(2634752K) Eden: 2476032K(2476032K)->0K(2480640K) From: 141248K(158208K)->137760K(154112K)
[3722.564s][info][gc,heap        ] GC(773) ParOldGen: 3799849K(3800064K)->3892417K(3892736K)
[3722.564s][info][gc,metaspace   ] GC(773) Metaspace: 29142K(29504K)->29142K(29504K) NonClass: 24250K(24384K)->24250K(24384K) Class: 4891K(5120K)->4891K(5120K)
[3722.564s][info][gc             ] GC(773) Pause Young (Allocation Failure) 6266M->3935M(6374M) 98.592ms
[3722.564s][info][gc,cpu         ] GC(773) User=0.55s Sys=0.03s Real=0.10s
....[3726.171s][info][gc,start       ] GC(774) Pause Young (Allocation Failure)
[3726.275s][info][gc,heap        ] GC(774) PSYoungGen: 2618400K(2634752K)->152421K(2636800K) Eden: 2480640K(2480640K)->0K(2480640K) From: 137760K(154112K)->152421K(156160K)
[3726.275s][info][gc,heap        ] GC(774) ParOldGen: 3892417K(3892736K)->3985425K(3985920K)
[3726.275s][info][gc,metaspace   ] GC(774) Metaspace: 29142K(29504K)->29142K(29504K) NonClass: 24250K(24384K)->24250K(24384K) Class: 4891K(5120K)->4891K(5120K)
[3726.276s][info][gc             ] GC(774) Pause Young (Allocation Failure) 6358M->4040M(6467M) 104.166ms
[3726.276s][info][gc,cpu         ] GC(774) User=0.59s Sys=0.03s Real=0.11s
....[3729.973s][info][gc,start       ] GC(775) Pause Young (Allocation Failure)
[3730.073s][info][gc,heap        ] GC(775) PSYoungGen: 2633061K(2636800K)->140960K(2638336K) Eden: 2480640K(2480640K)->0K(2479616K) From: 152421K(156160K)->140960K(158720K)
[3730.073s][info][gc,heap        ] GC(775) ParOldGen: 3985425K(3985920K)->4076665K(4077056K)
[3730.073s][info][gc,metaspace   ] GC(775) Metaspace: 29142K(29504K)->29142K(29504K) NonClass: 24250K(24384K)->24250K(24384K) Class: 4891K(5120K)->4891K(5120K)
[3730.073s][info][gc             ] GC(775) Pause Young (Allocation Failure) 6463M->4118M(6558M) 100.113ms
[3730.073s][info][gc,cpu         ] GC(775) User=0.56s Sys=0.03s Real=0.10s
...[3733.753s][info][gc,start       ] GC(776) Pause Young (Allocation Failure)
[3733.854s][info][gc,heap        ] GC(776) PSYoungGen: 2620576K(2638336K)->143872K(2624000K) Eden: 2479616K(2479616K)->0K(2479616K) From: 140960K(158720K)->143872K(144384K)
[3733.854s][info][gc,heap        ] GC(776) ParOldGen: 4076665K(4077056K)->4167113K(4167168K)
[3733.854s][info][gc,metaspace   ] GC(776) Metaspace: 29142K(29504K)->29142K(29504K) NonClass: 24250K(24384K)->24250K(24384K) Class: 4891K(5120K)->4891K(5120K)
[3733.854s][info][gc             ] GC(776) Pause Young (Allocation Failure) 6540M->4209M(6632M) 101.034ms
[3733.854s][info][gc,cpu         ] GC(776) User=0.57s Sys=0.03s Real=0.11s
....[3737.380s][info][gc,start       ] GC(777) Pause Young (Allocation Failure)
[3737.480s][info][gc,heap        ] GC(777) PSYoungGen: 2623488K(2624000K)->137408K(2636800K) Eden: 2479616K(2479616K)->0K(2480128K) From: 143872K(144384K)->137408K(156672K)
[3737.480s][info][gc,heap        ] GC(777) ParOldGen: 4167113K(4167168K)->4262433K(4262912K)
[3737.480s][info][gc,metaspace   ] GC(777) Metaspace: 29142K(29504K)->29142K(29504K) NonClass: 24250K(24384K)->24250K(24384K) Class: 4891K(5120K)->4891K(5120K)
[3737.480s][info][gc             ] GC(777) Pause Young (Allocation Failure) 6631M->4296M(6738M) 100.015ms
[3737.480s][info][gc,cpu         ] GC(777) User=0.57s Sys=0.02s Real=0.10s
... (rIR:aIR:PR = 5396:5398:5398) (tPR = 79950) [OK] 
  3739s: Performance info:
         Transaction,    Success,    Partial,     Failed,   Receipts, AvgBarcode, 
             Overall,     324768,          0,          0,     308513,      59.47, 
         Response times:
             Request,    Success,    Partial,     Failed,   SkipFail,     Probes,    Samples,      min,      p50,      p90,      p95,      p99,      max, 
       TotalPurchase,     308512,          0,          0,          0,     303267,     324045,      300,     3800,     6600,     8300,    31000,   150000,
     InStorePurchase,     162384,          0,          0,          0,     159919,     170203,      300,     3700,     6500,     8200,    30000,   117000,
      OnlinePurchase,     113657,          0,          0,          0,     111744,     119619,      300,     3900,     6600,     8500,    31000,   150000,
        InstPurchase,      32471,          0,          0,          0,      31604,      34223,      400,     3900,     6500,     8200,    31000,   129000,
          AssocOfCat,        329,          0,          0,          0,        247,        315,    18400,    27000,    37000,    43200,   125240,   148000,
      AssocOfProduct,       3252,          0,          0,          0,       3036,       3493,     1000,     2700,     4600,     7200,    21000,   104000,
      BusinessReport,        813,          0,          0,          0,        700,        861,    23000,    34000,    48000,    57000,   133380,   187000,
          CustBuyBeh,       3242,          0,          0,          0,       3016,       3380,      700,     4000,     6500,     9500,    30760,   129000,
       ProductReturn,       8618,          0,          0,          0,       8305,       9113,      200,     3200,     6200,     8000,    28000,   117000,

  3739s: (40%)   IR =   5535 .[3741.216s][info][gc,start       ] GC(778) Pause Young (Allocation Failure)
[3741.318s][info][gc,heap        ] GC(778) PSYoungGen: 2617536K(2636800K)->146309K(2636288K) Eden: 2480128K(2480128K)->0K(2480128K) From: 137408K(156672K)->146309K(156160K)
[3741.318s][info][gc,heap        ] GC(778) ParOldGen: 4262433K(4262912K)->4349713K(4349952K)
[3741.318s][info][gc,metaspace   ] GC(778) Metaspace: 29142K(29504K)->29142K(29504K) NonClass: 24250K(24384K)->24250K(24384K) Class: 4891K(5120K)->4891K(5120K)
[3741.318s][info][gc             ] GC(778) Pause Young (Allocation Failure) 6718M->4390M(6822M) 101.766ms
[3741.318s][info][gc,cpu         ] GC(778) User=0.59s Sys=0.02s Real=0.10s
...[3744.857s][info][gc,start       ] GC(779) Pause Young (Allocation Failure)
[3744.959s][info][gc,heap        ] GC(779) PSYoungGen: 2626437K(2636288K)->143813K(2638336K) Eden: 2480128K(2480128K)->0K(2483712K) From: 146309K(156160K)->143813K(154624K)
[3744.959s][info][gc,heap        ] GC(779) ParOldGen: 4349713K(4349952K)->4445481K(4445696K)
[3744.959s][info][gc,metaspace   ] GC(779) Metaspace: 29142K(29504K)->29142K(29504K) NonClass: 24250K(24384K)->24250K(24384K) Class: 4891K(5120K)->4891K(5120K)
[3744.959s][info][gc             ] GC(779) Pause Young (Allocation Failure) 6812M->4481M(6918M) 101.853ms
[3744.959s][info][gc,cpu         ] GC(779) User=0.57s Sys=0.03s Real=0.10s
..|..[3748.502s][info][gc,start       ] GC(780) Pause Young (Allocation Failure)
[3748.601s][info][gc,heap        ] GC(780) PSYoungGen: 2627525K(2638336K)->139072K(2638848K) Eden: 2483712K(2483712K)->0K(2483712K) From: 143813K(154624K)->139072K(155136K)
[3748.601s][info][gc,heap        ] GC(780) ParOldGen: 4445481K(4445696K)->4536737K(4536832K)
[3748.601s][info][gc,metaspace   ] GC(780) Metaspace: 29142K(29504K)->29142K(29504K) NonClass: 24250K(24384K)->24250K(24384K) Class: 4891K(5120K)->4891K(5120K)
[3748.601s][info][gc             ] GC(780) Pause Young (Allocation Failure) 6907M->4566M(7007M) 99.116ms
[3748.601s][info][gc,cpu         ] GC(780) User=0.54s Sys=0.04s Real=0.10s
....[3752.144s][info][gc,start       ] GC(781) Pause Young (Allocation Failure)
[3752.244s][info][gc,heap        ] GC(781) PSYoungGen: 2622784K(2638848K)->142304K(2638848K) Eden: 2483712K(2483712K)->0K(2486272K) From: 139072K(155136K)->142304K(152576K)
[3752.244s][info][gc,heap        ] GC(781) ParOldGen: 4536737K(4536832K)->4628369K(4628480K)
[3752.244s][info][gc,metaspace   ] GC(781) Metaspace: 29142K(29504K)->29142K(29504K) NonClass: 24250K(24384K)->24250K(24384K) Class: 4891K(5120K)->4891K(5120K)
[3752.244s][info][gc             ] GC(781) Pause Young (Allocation Failure) 6991M->4658M(7097M) 100.411ms
[3752.244s][info][gc,cpu         ] GC(781) User=0.56s Sys=0.03s Real=0.10s
...[3755.846s][info][gc,start       ] GC(782) Pause Young (Allocation Failure)
[3755.948s][info][gc,heap        ] GC(782) PSYoungGen: 2628576K(2638848K)->145156K(2639872K) Eden: 2486272K(2486272K)->0K(2486272K) From: 142304K(152576K)->145156K(153600K)
[3755.948s][info][gc,heap        ] GC(782) ParOldGen: 4628369K(4628480K)->4719009K(4719104K)
[3755.948s][info][gc,metaspace   ] GC(782) Metaspace: 29142K(29504K)->29142K(29504K) NonClass: 24250K(24384K)->24250K(24384K) Class: 4891K(5120K)->4891K(5120K)
[3755.948s][info][gc             ] GC(782) Pause Young (Allocation Failure) 7086M->4750M(7186M) 101.920ms
[3755.948s][info][gc,cpu         ] GC(782) User=0.57s Sys=0.02s Real=0.10s
....[3759.510s][info][gc,start       ] GC(783) Pause Young (Allocation Failure)
[3759.611s][info][gc,heap        ] GC(783) PSYoungGen: 2631428K(2639872K)->140224K(2641408K) Eden: 2486272K(2486272K)->0K(2488832K) From: 145156K(153600K)->140224K(152576K)
[3759.611s][info][gc,heap        ] GC(783) ParOldGen: 4719009K(4719104K)->4811593K(4811776K)
[3759.611s][info][gc,metaspace   ] GC(783) Metaspace: 29142K(29504K)->29142K(29504K) NonClass: 24250K(24384K)->24250K(24384K) Class: 4891K(5120K)->4891K(5120K)
[3759.611s][info][gc             ] GC(783) Pause Young (Allocation Failure) 7178M->4835M(7278M) 100.742ms
[3759.611s][info][gc,cpu         ] GC(783) User=0.57s Sys=0.03s Real=0.10s
....[3763.129s][info][gc,start       ] GC(784) Pause Young (Allocation Failure)
[3763.228s][info][gc,heap        ] GC(784) PSYoungGen: 2629056K(2641408K)->140192K(2641920K) Eden: 2488832K(2488832K)->0K(2488832K) From: 140224K(152576K)->140192K(153088K)
[3763.228s][info][gc,heap        ] GC(784) ParOldGen: 4811593K(4811776K)->4904049K(4904448K)
[3763.228s][info][gc,metaspace   ] GC(784) Metaspace: 29142K(29504K)->29142K(29504K) NonClass: 24250K(24384K)->24250K(24384K) Class: 4891K(5120K)->4891K(5120K)
[3763.228s][info][gc             ] GC(784) Pause Young (Allocation Failure) 7266M->4926M(7369M) 98.869ms
[3763.228s][info][gc,cpu         ] GC(784) User=0.55s Sys=0.03s Real=0.10s
...[3766.786s][info][gc,start       ] GC(785) Pause Young (Allocation Failure)
[3766.887s][info][gc,heap        ] GC(785) PSYoungGen: 2629024K(2641920K)->145076K(2642432K) Eden: 2488832K(2488832K)->0K(2490368K) From: 140192K(153088K)->145076K(152064K)
[3766.887s][info][gc,heap        ] GC(785) ParOldGen: 4904049K(4904448K)->4994209K(4994560K)
[3766.887s][info][gc,metaspace   ] GC(785) Metaspace: 29142K(29504K)->29142K(29504K) NonClass: 24250K(24384K)->24250K(24384K) Class: 4891K(5120K)->4891K(5120K)
[3766.887s][info][gc             ] GC(785) Pause Young (Allocation Failure) 7356M->5018M(7458M) 101.067ms
[3766.887s][info][gc,cpu         ] GC(785) User=0.57s Sys=0.02s Real=0.10s
....[3770.473s][info][gc,start       ] GC(786) Pause Young (Allocation Failure)
[3770.577s][info][gc,heap        ] GC(786) PSYoungGen: 2635444K(2642432K)->146421K(2642432K) Eden: 2490368K(2490368K)->0K(2490368K) From: 145076K(152064K)->146421K(152064K)
[3770.577s][info][gc,heap        ] GC(786) ParOldGen: 4994209K(4994560K)->5086177K(5086208K)
[3770.577s][info][gc,metaspace   ] GC(786) Metaspace: 29142K(29504K)->29142K(29504K) NonClass: 24250K(24384K)->24250K(24384K) Class: 4891K(5120K)->4891K(5120K)
[3770.578s][info][gc             ] GC(786) Pause Young (Allocation Failure) 7450M->5109M(7547M) 104.741ms
[3770.578s][info][gc,cpu         ] GC(786) User=0.60s Sys=0.03s Real=0.11s
....[3774.150s][info][gc,start       ] GC(787) Pause Young (Allocation Failure)
[3774.251s][info][gc,heap        ] GC(787) PSYoungGen: 2636789K(2642432K)->142944K(2643456K) Eden: 2490368K(2490368K)->0K(2491392K) From: 146421K(152064K)->142944K(152064K)
[3774.251s][info][gc,heap        ] GC(787) ParOldGen: 5086177K(5086208K)->5179033K(5179392K)
[3774.251s][info][gc,metaspace   ] GC(787) Metaspace: 29142K(29504K)->29142K(29504K) NonClass: 24250K(24384K)->24250K(24384K) Class: 4891K(5120K)->4891K(5120K)
[3774.251s][info][gc             ] GC(787) Pause Young (Allocation Failure) 7541M->5197M(7639M) 100.614ms
[3774.251s][info][gc,cpu         ] GC(787) User=0.56s Sys=0.03s Real=0.10s
...[3777.809s][info][gc,start       ] GC(788) Pause Young (Allocation Failure)
[3777.907s][info][gc,heap        ] GC(788) PSYoungGen: 2634336K(2643456K)->139488K(2643456K) Eden: 2491392K(2491392K)->0K(2491392K) From: 142944K(152064K)->139488K(152064K)
[3777.907s][info][gc,heap        ] GC(788) ParOldGen: 5179033K(5179392K)->5270881K(5271040K)
[3777.907s][info][gc,metaspace   ] GC(788) Metaspace: 29142K(29504K)->29142K(29504K) NonClass: 24250K(24384K)->24250K(24384K) Class: 4891K(5120K)->4891K(5120K)
[3777.907s][info][gc             ] GC(788) Pause Young (Allocation Failure) 7630M->5283M(7729M) 98.533ms
[3777.907s][info][gc,cpu         ] GC(788) User=0.55s Sys=0.03s Real=0.10s
....[3781.510s][info][gc,start       ] GC(789) Pause Young (Allocation Failure)
[3781.608s][info][gc,heap        ] GC(789) PSYoungGen: 2630880K(2643456K)->139456K(2643456K) Eden: 2491392K(2491392K)->0K(2492416K) From: 139488K(152064K)->139456K(151040K)
[3781.608s][info][gc,heap        ] GC(789) ParOldGen: 5270881K(5271040K)->5361873K(5362176K)
[3781.608s][info][gc,metaspace   ] GC(789) Metaspace: 29142K(29504K)->29142K(29504K) NonClass: 24250K(24384K)->24250K(24384K) Class: 4891K(5120K)->4891K(5120K)
[3781.608s][info][gc             ] GC(789) Pause Young (Allocation Failure) 7716M->5372M(7818M) 98.744ms
[3781.608s][info][gc,cpu         ] GC(789) User=0.56s Sys=0.02s Real=0.10s
....[3785.141s][info][gc,start       ] GC(790) Pause Young (Allocation Failure)
[3785.245s][info][gc,heap        ] GC(790) PSYoungGen: 2631872K(2643456K)->146196K(2643456K) Eden: 2492416K(2492416K)->0K(2492416K) From: 139456K(151040K)->146196K(151040K)
[3785.245s][info][gc,heap        ] GC(790) ParOldGen: 5361873K(5362176K)->5455113K(5455360K)
[3785.245s][info][gc,metaspace   ] GC(790) Metaspace: 29142K(29504K)->29142K(29504K) NonClass: 24250K(24384K)->24250K(24384K) Class: 4891K(5120K)->4891K(5120K)
[3785.245s][info][gc             ] GC(790) Pause Young (Allocation Failure) 7806M->5470M(7909M) 104.265ms
[3785.245s][info][gc,cpu         ] GC(790) User=0.58s Sys=0.03s Real=0.11s
...[3788.867s][info][gc,start       ] GC(791) Pause Young (Allocation Failure)
[3788.971s][info][gc,heap        ] GC(791) PSYoungGen: 2638612K(2643456K)->143488K(2644480K) Eden: 2492416K(2492416K)->0K(2493440K) From: 146196K(151040K)->143488K(151040K)
[3788.971s][info][gc,heap        ] GC(791) ParOldGen: 5455113K(5455360K)->5545433K(5545472K)
[3788.971s][info][gc,metaspace   ] GC(791) Metaspace: 29142K(29504K)->29142K(29504K) NonClass: 24250K(24384K)->24250K(24384K) Class: 4891K(5120K)->4891K(5120K)
[3788.971s][info][gc             ] GC(791) Pause Young (Allocation Failure) 7904M->5555M(7998M) 104.593ms
[3788.971s][info][gc,cpu         ] GC(791) User=0.58s Sys=0.03s Real=0.10s
....[3792.493s][info][gc,start       ] GC(792) Pause Full (Allocation Failure)
[3792.494s][info][gc,phases,start] GC(792) Marking Phase
[3792.781s][info][gc,phases      ] GC(792) Marking Phase 287.224ms
[3792.781s][info][gc,phases,start] GC(792) Summary Phase
[3792.781s][info][gc,phases      ] GC(792) Summary Phase 0.113ms
[3792.781s][info][gc,phases,start] GC(792) Forward
[3792.914s][info][gc,phases      ] GC(792) Forward 132.681ms
[3792.914s][info][gc,phases,start] GC(792) Adjust Pointers
[3793.109s][info][gc,phases      ] GC(792) Adjust Pointers 195.398ms
[3793.109s][info][gc,phases,start] GC(792) Compaction Phase
[3793.234s][info][gc,phases      ] GC(792) Compaction Phase 124.729ms
[3793.235s][info][gc,phases,start] GC(792) Post Compact
[3793.242s][info][gc,phases      ] GC(792) Post Compact 6.911ms
[3793.364s][info][gc,heap        ] GC(792) PSYoungGen: 2636928K(2644480K)->0K(2644480K) Eden: 2493440K(2493440K)->0K(2493440K) From: 143488K(151040K)->0K(151040K)
[3793.364s][info][gc,heap        ] GC(792) ParOldGen: 5545433K(5545472K)->1414545K(1631744K)
[3793.364s][info][gc,metaspace   ] GC(792) Metaspace: 29142K(29504K)->29142K(29504K) NonClass: 24250K(24384K)->24250K(24384K) Class: 4891K(5120K)->4891K(5120K)
[3793.365s][info][gc             ] GC(792) Pause Full (Allocation Failure) 7990M->1381M(4176M) 871.040ms
[3793.365s][info][gc,cpu         ] GC(792) User=3.95s Sys=0.12s Real=0.87s
...[3796.208s][info][gc,start       ] GC(793) Pause Young (Allocation Failure)
[3796.271s][info][gc,heap        ] GC(793) PSYoungGen: 2493440K(2644480K)->140800K(2643968K) Eden: 2493440K(2493440K)->0K(2493952K) From: 0K(151040K)->140800K(150016K)
[3796.271s][info][gc,heap        ] GC(793) ParOldGen: 1414545K(1631744K)->1414545K(1631744K)
[3796.271s][info][gc,metaspace   ] GC(793) Metaspace: 29142K(29504K)->29142K(29504K) NonClass: 24250K(24384K)->24250K(24384K) Class: 4891K(5120K)->4891K(5120K)
[3796.271s][info][gc             ] GC(793) Pause Young (Allocation Failure) 3816M->1518M(4175M) 63.109ms
[3796.271s][info][gc,cpu         ] GC(793) User=0.38s Sys=0.01s Real=0.06s
....[3799.909s][info][gc,start       ] GC(794) Pause Young (Allocation Failure)
[3800.003s][info][gc,heap        ] GC(794) PSYoungGen: 2634752K(2643968K)->142243K(2644480K) Eden: 2493952K(2493952K)->0K(2493952K) From: 140800K(150016K)->142243K(150528K)
[3800.003s][info][gc,heap        ] GC(794) ParOldGen: 1414545K(1631744K)->1510225K(1631744K)
[3800.003s][info][gc,metaspace   ] GC(794) Metaspace: 29142K(29504K)->29142K(29504K) NonClass: 24250K(24384K)->24250K(24384K) Class: 4891K(5120K)->4891K(5120K)
[3800.003s][info][gc             ] GC(794) Pause Young (Allocation Failure) 3954M->1613M(4176M) 94.088ms
[3800.003s][info][gc,cpu         ] GC(794) User=0.55s Sys=0.00s Real=0.09s
....[3803.539s][info][gc,start       ] GC(795) Pause Young (Allocation Failure)
[3803.630s][info][gc,heap        ] GC(795) PSYoungGen: 2636195K(2644480K)->137600K(2645504K) Eden: 2493952K(2493952K)->0K(2495488K) From: 142243K(150528K)->137600K(150016K)
[3803.630s][info][gc,heap        ] GC(795) ParOldGen: 1510225K(1631744K)->1602817K(1631744K)
[3803.630s][info][gc,metaspace   ] GC(795) Metaspace: 29142K(29504K)->29142K(29504K) NonClass: 24250K(24384K)->24250K(24384K) Class: 4891K(5120K)->4891K(5120K)
[3803.630s][info][gc             ] GC(795) Pause Young (Allocation Failure) 4049M->1699M(4177M) 91.447ms
[3803.630s][info][gc,cpu         ] GC(795) User=0.53s Sys=0.00s Real=0.09s
... (rIR:aIR:PR = 5535:5535:5535) (tPR = 82017) [OK] 
  3806s: Performance info:
         Transaction,    Success,    Partial,     Failed,   Receipts, AvgBarcode, 
             Overall,     334032,          0,          0,     317302,      59.47, 
         Response times:
             Request,    Success,    Partial,     Failed,   SkipFail,     Probes,    Samples,      min,      p50,      p90,      p95,      p99,      max, 
       TotalPurchase,     317312,          0,          0,          0,     307408,     343505,      300,     3900,     7000,     8700,    35000,   890000,
     InStorePurchase,     166970,          0,          0,          0,     162133,     180760,      300,     4000,     7100,     8700,    36000,   890000,
      OnlinePurchase,     116877,          0,          0,          0,     113188,     126726,      300,     3700,     7000,     8500,    34000,   141000,
        InstPurchase,      33465,          0,          0,          0,      32087,      36019,      400,     4200,     6900,     8900,    37000,   880000,
          AssocOfCat,        335,          0,          0,          0,        281,        392,    19700,    29000,    44000,    71000,   144070,   910000,
      AssocOfProduct,       3333,          0,          0,          0,       3096,       3681,      500,     4700,     7100,     9200,    32000,   113000,
      BusinessReport,        835,          0,          0,          0,        730,        933,    23000,    34000,    48000,    55000,   118100,   160000,
          CustBuyBeh,       3336,          0,          0,          0,       3010,       3518,      200,     3900,     6900,     9400,    35000,   112000,
       ProductReturn,       8865,          0,          0,          0,       8505,       9655,      200,     4500,     7300,     9400,    36000,   139000,

  3806s: (41%)   IR =   5673 [3807.289s][info][gc,start       ] GC(796) Pause Young (Allocation Failure)
[3807.385s][info][gc,heap        ] GC(796) PSYoungGen: 2633088K(2645504K)->145605K(2645504K) Eden: 2495488K(2495488K)->0K(2495488K) From: 137600K(150016K)->145605K(150016K)
[3807.385s][info][gc,heap        ] GC(796) ParOldGen: 1602817K(1631744K)->1692537K(1692672K)
[3807.385s][info][gc,metaspace   ] GC(796) Metaspace: 29142K(29504K)->29142K(29504K) NonClass: 24250K(24384K)->24250K(24384K) Class: 4891K(5120K)->4891K(5120K)
[3807.385s][info][gc             ] GC(796) Pause Young (Allocation Failure) 4136M->1795M(4236M) 96.693ms
[3807.385s][info][gc,cpu         ] GC(796) User=0.56s Sys=0.02s Real=0.10s
....[3810.767s][info][gc,start       ] GC(797) Pause Young (Allocation Failure)
[3810.865s][info][gc,heap        ] GC(797) PSYoungGen: 2641093K(2645504K)->136480K(2644480K) Eden: 2495488K(2495488K)->0K(2493952K) From: 145605K(150016K)->136480K(150528K)
[3810.865s][info][gc,heap        ] GC(797) ParOldGen: 1692537K(1692672K)->1789081K(1789440K)
[3810.865s][info][gc,metaspace   ] GC(797) Metaspace: 29142K(29504K)->29142K(29504K) NonClass: 24250K(24384K)->24250K(24384K) Class: 4891K(5120K)->4891K(5120K)
[3810.865s][info][gc             ] GC(797) Pause Young (Allocation Failure) 4232M->1880M(4330M) 97.440ms
[3810.865s][info][gc,cpu         ] GC(797) User=0.54s Sys=0.03s Real=0.10s
.|..[3814.442s][info][gc,start       ] GC(798) Pause Young (Allocation Failure)
[3814.540s][info][gc,heap        ] GC(798) PSYoungGen: 2630432K(2644480K)->140704K(2634752K) Eden: 2493952K(2493952K)->0K(2493952K) From: 136480K(150528K)->140704K(140800K)
[3814.540s][info][gc,heap        ] GC(798) ParOldGen: 1789081K(1789440K)->1878129K(1878528K)
[3814.540s][info][gc,metaspace   ] GC(798) Metaspace: 29142K(29504K)->29142K(29504K) NonClass: 24250K(24384K)->24250K(24384K) Class: 4891K(5120K)->4891K(5120K)
[3814.540s][info][gc             ] GC(798) Pause Young (Allocation Failure) 4315M->1971M(4407M) 98.410ms
[3814.541s][info][gc,cpu         ] GC(798) User=0.56s Sys=0.02s Real=0.10s
....[3817.946s][info][gc,start       ] GC(799) Pause Young (Allocation Failure)
[3818.045s][info][gc,heap        ] GC(799) PSYoungGen: 2634656K(2634752K)->144704K(2643968K) Eden: 2493952K(2493952K)->0K(2493952K) From: 140704K(140800K)->144704K(150016K)
[3818.045s][info][gc,heap        ] GC(799) ParOldGen: 1878129K(1878528K)->1971713K(1972224K)
[3818.045s][info][gc,metaspace   ] GC(799) Metaspace: 29142K(29504K)->29142K(29504K) NonClass: 24250K(24384K)->24250K(24384K) Class: 4891K(5120K)->4891K(5120K)
[3818.045s][info][gc             ] GC(799) Pause Young (Allocation Failure) 4407M->2066M(4508M) 98.817ms
[3818.045s][info][gc,cpu         ] GC(799) User=0.55s Sys=0.03s Real=0.10s
....[3821.607s][info][gc,start       ] GC(800) Pause Young (Allocation Failure)
[3821.704s][info][gc,heap        ] GC(800) PSYoungGen: 2638656K(2643968K)->140768K(2644480K) Eden: 2493952K(2493952K)->0K(2493952K) From: 144704K(150016K)->140768K(150528K)
[3821.704s][info][gc,heap        ] GC(800) ParOldGen: 1971713K(1972224K)->2062305K(2062336K)
[3821.704s][info][gc,metaspace   ] GC(800) Metaspace: 29142K(29504K)->29142K(29504K) NonClass: 24250K(24384K)->24250K(24384K) Class: 4891K(5120K)->4891K(5120K)
[3821.704s][info][gc             ] GC(800) Pause Young (Allocation Failure) 4502M->2151M(4596M) 96.268ms
[3821.704s][info][gc,cpu         ] GC(800) User=0.55s Sys=0.03s Real=0.10s
...[3825.104s][info][gc,start       ] GC(801) Pause Young (Allocation Failure)
[3825.212s][info][gc,heap        ] GC(801) PSYoungGen: 2634720K(2644480K)->150004K(2569216K) Eden: 2493952K(2493952K)->0K(2419200K) From: 140768K(150528K)->150004K(150016K)
[3825.212s][info][gc,heap        ] GC(801) ParOldGen: 2062305K(2062336K)->2160873K(2161152K)
[3825.212s][info][gc,metaspace   ] GC(801) Metaspace: 29142K(29504K)->29142K(29504K) NonClass: 24250K(24384K)->24250K(24384K) Class: 4891K(5120K)->4891K(5120K)
[3825.212s][info][gc             ] GC(801) Pause Young (Allocation Failure) 4586M->2256M(4619M) 107.467ms
[3825.212s][info][gc,cpu         ] GC(801) User=0.60s Sys=0.03s Real=0.10s
...[3828.550s][info][gc,start       ] GC(802) Pause Young (Allocation Failure)
[3828.644s][info][gc,heap        ] GC(802) PSYoungGen: 2569204K(2569216K)->136928K(2607616K) Eden: 2419200K(2419200K)->0K(2419200K) From: 150004K(150016K)->136928K(188416K)
[3828.644s][info][gc,heap        ] GC(802) ParOldGen: 2160873K(2161152K)->2250017K(2250240K)
[3828.644s][info][gc,metaspace   ] GC(802) Metaspace: 29142K(29504K)->29142K(29504K) NonClass: 24250K(24384K)->24250K(24384K) Class: 4891K(5120K)->4891K(5120K)
[3828.644s][info][gc             ] GC(802) Pause Young (Allocation Failure) 4619M->2331M(4744M) 93.422ms
[3828.644s][info][gc,cpu         ] GC(802) User=0.53s Sys=0.03s Real=0.10s
....[3832.083s][info][gc,start       ] GC(803) Pause Young (Allocation Failure)
[3832.180s][info][gc,heap        ] GC(803) PSYoungGen: 2556128K(2607616K)->141376K(2603520K) Eden: 2419200K(2419200K)->0K(2420224K) From: 136928K(188416K)->141376K(183296K)
[3832.180s][info][gc,heap        ] GC(803) ParOldGen: 2250017K(2250240K)->2340497K(2340864K)
[3832.180s][info][gc,metaspace   ] GC(803) Metaspace: 29142K(29504K)->29142K(29504K) NonClass: 24250K(24384K)->24250K(24384K) Class: 4891K(5120K)->4891K(5120K)
[3832.180s][info][gc             ] GC(803) Pause Young (Allocation Failure) 4693M->2423M(4828M) 97.365ms
[3832.180s][info][gc,cpu         ] GC(803) User=0.55s Sys=0.02s Real=0.10s
...[3835.575s][info][gc,start       ] GC(804) Pause Young (Allocation Failure)
[3835.671s][info][gc,heap        ] GC(804) PSYoungGen: 2561600K(2603520K)->135936K(2606080K) Eden: 2420224K(2420224K)->0K(2420224K) From: 141376K(183296K)->135936K(185856K)
[3835.671s][info][gc,heap        ] GC(804) ParOldGen: 2340497K(2340864K)->2432905K(2433024K)
[3835.671s][info][gc,metaspace   ] GC(804) Metaspace: 29142K(29504K)->29142K(29504K) NonClass: 24250K(24384K)->24250K(24384K) Class: 4891K(5120K)->4891K(5120K)
[3835.671s][info][gc             ] GC(804) Pause Young (Allocation Failure) 4787M->2508M(4921M) 95.682ms
[3835.671s][info][gc,cpu         ] GC(804) User=0.54s Sys=0.03s Real=0.09s
....[3839.114s][info][gc,start       ] GC(805) Pause Young (Allocation Failure)
[3839.214s][info][gc,heap        ] GC(805) PSYoungGen: 2556160K(2606080K)->147191K(2603008K) Eden: 2420224K(2420224K)->0K(2425856K) From: 135936K(185856K)->147191K(177152K)
[3839.214s][info][gc,heap        ] GC(805) ParOldGen: 2432905K(2433024K)->2523129K(2523136K)
[3839.214s][info][gc,metaspace   ] GC(805) Metaspace: 29142K(29504K)->29142K(29504K) NonClass: 24250K(24384K)->24250K(24384K) Class: 4891K(5120K)->4891K(5120K)
[3839.214s][info][gc             ] GC(805) Pause Young (Allocation Failure) 4872M->2607M(5006M) 100.383ms
[3839.214s][info][gc,cpu         ] GC(805) User=0.58s Sys=0.02s Real=0.10s
...[3842.553s][info][gc,start       ] GC(806) Pause Young (Allocation Failure)
[3842.647s][info][gc,heap        ] GC(806) PSYoungGen: 2573047K(2603008K)->134656K(2607104K) Eden: 2425856K(2425856K)->0K(2425856K) From: 147191K(177152K)->134656K(181248K)
[3842.647s][info][gc,heap        ] GC(806) ParOldGen: 2523129K(2523136K)->2614937K(2615296K)
[3842.647s][info][gc,metaspace   ] GC(806) Metaspace: 29142K(29504K)->29142K(29504K) NonClass: 24250K(24384K)->24250K(24384K) Class: 4891K(5120K)->4891K(5120K)
[3842.647s][info][gc             ] GC(806) Pause Young (Allocation Failure) 4976M->2685M(5100M) 94.636ms
[3842.647s][info][gc,cpu         ] GC(806) User=0.53s Sys=0.03s Real=0.10s
....[3846.048s][info][gc,start       ] GC(807) Pause Young (Allocation Failure)
[3846.148s][info][gc,heap        ] GC(807) PSYoungGen: 2560512K(2607104K)->146064K(2607616K) Eden: 2425856K(2425856K)->0K(2434560K) From: 134656K(181248K)->146064K(173056K)
[3846.148s][info][gc,heap        ] GC(807) ParOldGen: 2614937K(2615296K)->2705585K(2705920K)
[3846.148s][info][gc,metaspace   ] GC(807) Metaspace: 29142K(29504K)->29142K(29504K) NonClass: 24250K(24384K)->24250K(24384K) Class: 4891K(5120K)->4891K(5120K)
[3846.148s][info][gc             ] GC(807) Pause Young (Allocation Failure) 5054M->2784M(5189M) 100.487ms
[3846.148s][info][gc,cpu         ] GC(807) User=0.57s Sys=0.02s Real=0.10s
...[3849.559s][info][gc,start       ] GC(808) Pause Young (Allocation Failure)
[3849.657s][info][gc,heap        ] GC(808) PSYoungGen: 2580624K(2607616K)->140960K(2611712K) Eden: 2434560K(2434560K)->0K(2434560K) From: 146064K(173056K)->140960K(177152K)
[3849.657s][info][gc,heap        ] GC(808) ParOldGen: 2705585K(2705920K)->2796961K(2797056K)
[3849.657s][info][gc,metaspace   ] GC(808) Metaspace: 29142K(29504K)->29142K(29504K) NonClass: 24250K(24384K)->24250K(24384K) Class: 4891K(5120K)->4891K(5120K)
[3849.657s][info][gc             ] GC(808) Pause Young (Allocation Failure) 5162M->2869M(5282M) 97.693ms
[3849.657s][info][gc,cpu         ] GC(808) User=0.55s Sys=0.02s Real=0.10s
....[3853.093s][info][gc,start       ] GC(809) Pause Young (Allocation Failure)
[3853.195s][info][gc,heap        ] GC(809) PSYoungGen: 2575520K(2611712K)->150720K(2614784K) Eden: 2434560K(2434560K)->0K(2443776K) From: 140960K(177152K)->150720K(171008K)
[3853.195s][info][gc,heap        ] GC(809) ParOldGen: 2796961K(2797056K)->2887633K(2887680K)
[3853.195s][info][gc,metaspace   ] GC(809) Metaspace: 29142K(29504K)->29142K(29504K) NonClass: 24250K(24384K)->24250K(24384K) Class: 4891K(5120K)->4891K(5120K)
[3853.195s][info][gc             ] GC(809) Pause Young (Allocation Failure) 5246M->2967M(5373M) 102.307ms
[3853.195s][info][gc,cpu         ] GC(809) User=0.59s Sys=0.02s Real=0.11s
...[3856.482s][info][gc,start       ] GC(810) Pause Young (Allocation Failure)
[3856.580s][info][gc,heap        ] GC(810) PSYoungGen: 2594496K(2614784K)->139220K(2617856K) Eden: 2443776K(2443776K)->0K(2443776K) From: 150720K(171008K)->139220K(174080K)
[3856.580s][info][gc,heap        ] GC(810) ParOldGen: 2887633K(2887680K)->2979993K(2980352K)
[3856.580s][info][gc,metaspace   ] GC(810) Metaspace: 29142K(29504K)->29142K(29504K) NonClass: 24250K(24384K)->24250K(24384K) Class: 4891K(5120K)->4891K(5120K)
[3856.580s][info][gc             ] GC(810) Pause Young (Allocation Failure) 5353M->3046M(5467M) 98.764ms
[3856.580s][info][gc,cpu         ] GC(810) User=0.55s Sys=0.03s Real=0.10s
....[3860.072s][info][gc,start       ] GC(811) Pause Young (Allocation Failure)
[3860.169s][info][gc,heap        ] GC(811) PSYoungGen: 2582996K(2617856K)->142592K(2616320K) Eden: 2443776K(2443776K)->0K(2449408K) From: 139220K(174080K)->142592K(166912K)
[3860.169s][info][gc,heap        ] GC(811) ParOldGen: 2979993K(2980352K)->3068033K(3068416K)
[3860.169s][info][gc,metaspace   ] GC(811) Metaspace: 29142K(29504K)->29142K(29504K) NonClass: 24250K(24384K)->24250K(24384K) Class: 4891K(5120K)->4891K(5120K)
[3860.169s][info][gc             ] GC(811) Pause Young (Allocation Failure) 5432M->3135M(5551M) 97.265ms
[3860.169s][info][gc,cpu         ] GC(811) User=0.55s Sys=0.03s Real=0.10s
...[3863.608s][info][gc,start       ] GC(812) Pause Young (Allocation Failure)
[3863.705s][info][gc,heap        ] GC(812) PSYoungGen: 2592000K(2616320K)->138272K(2619904K) Eden: 2449408K(2449408K)->0K(2449408K) From: 142592K(166912K)->138272K(170496K)
[3863.705s][info][gc,heap        ] GC(812) ParOldGen: 3068033K(3068416K)->3161601K(3162112K)
[3863.705s][info][gc,metaspace   ] GC(812) Metaspace: 29142K(29504K)->29142K(29504K) NonClass: 24250K(24384K)->24250K(24384K) Class: 4891K(5120K)->4891K(5120K)
[3863.705s][info][gc             ] GC(812) Pause Young (Allocation Failure) 5527M->3222M(5646M) 97.478ms
[3863.705s][info][gc,cpu         ] GC(812) User=0.56s Sys=0.03s Real=0.10s
....[3867.090s][info][gc,start       ] GC(813) Pause Young (Allocation Failure)
[3867.187s][info][gc,heap        ] GC(813) PSYoungGen: 2587680K(2619904K)->140128K(2621440K) Eden: 2449408K(2449408K)->0K(2456064K) From: 138272K(170496K)->140128K(165376K)
[3867.187s][info][gc,heap        ] GC(813) ParOldGen: 3161601K(3162112K)->3253481K(3253760K)
[3867.187s][info][gc,metaspace   ] GC(813) Metaspace: 29142K(29504K)->29142K(29504K) NonClass: 24250K(24384K)->24250K(24384K) Class: 4891K(5120K)->4891K(5120K)
[3867.187s][info][gc             ] GC(813) Pause Young (Allocation Failure) 5614M->3314M(5737M) 97.435ms
[3867.187s][info][gc,cpu         ] GC(813) User=0.54s Sys=0.03s Real=0.10s
...[3870.689s][info][gc,start       ] GC(814) Pause Young (Allocation Failure)
[3870.788s][info][gc,heap        ] GC(814) PSYoungGen: 2596192K(2621440K)->145829K(2624000K) Eden: 2456064K(2456064K)->0K(2456064K) From: 140128K(165376K)->145829K(167936K)
[3870.788s][info][gc,heap        ] GC(814) ParOldGen: 3253481K(3253760K)->3343857K(3343872K)
[3870.788s][info][gc,metaspace   ] GC(814) Metaspace: 29142K(29504K)->29142K(29504K) NonClass: 24250K(24384K)->24250K(24384K) Class: 4891K(5120K)->4891K(5120K)
[3870.788s][info][gc             ] GC(814) Pause Young (Allocation Failure) 5712M->3407M(5828M) 99.747ms
[3870.789s][info][gc,cpu         ] GC(814) User=0.56s Sys=0.03s Real=0.10s
.. (rIR:aIR:PR = 5673:5671:5671) (tPR = 84305) [OK] 
  3871s: Performance info:
         Transaction,    Success,    Partial,     Failed,   Receipts, AvgBarcode, 
             Overall,     342239,          0,          0,     325139,      59.48, 
         Response times:
             Request,    Success,    Partial,     Failed,   SkipFail,     Probes,    Samples,      min,      p50,      p90,      p95,      p99,      max, 
       TotalPurchase,     325139,          0,          0,          0,     319802,     346460,      300,     3900,     6900,     9200,    39000,   148000,
     InStorePurchase,     171136,          0,          0,          0,     168370,     182245,      300,     3900,     6900,     9200,    40000,   148000,
      OnlinePurchase,     119788,          0,          0,          0,     117998,     127728,      300,     4100,     7100,     9355,    39000,   143000,
        InstPurchase,      34215,          0,          0,          0,      33434,      36487,      400,     3700,     6700,     8900,    35000,   128000,
          AssocOfCat,        341,          0,          0,          0,        271,        370,    17800,    29000,    40000,    57450,   148770,   163000,
      AssocOfProduct,       3414,          0,          0,          0,       3146,       3637,     1100,     5500,     8100,    12600,    44000,   135000,
      BusinessReport,        855,          0,          0,          0,        725,        890,    21000,    35000,    49000,    57000,   148180,   180000,
          CustBuyBeh,       3424,          0,          0,          0,       3199,       3668,      200,     4500,     6700,     9200,    44000,   108000,
       ProductReturn,       9066,          0,          0,          0,       8655,       9743,      200,     3300,     6800,     9100,    35000,   109000,

  3871s: (42%)   IR =   5812 ..[3874.222s][info][gc,start       ] GC(815) Pause Young (Allocation Failure)
[3874.320s][info][gc,heap        ] GC(815) PSYoungGen: 2601893K(2624000K)->143808K(2623488K) Eden: 2456064K(2456064K)->0K(2462208K) From: 145829K(167936K)->143808K(161280K)
[3874.320s][info][gc,heap        ] GC(815) ParOldGen: 3343857K(3343872K)->3435961K(3436032K)
[3874.320s][info][gc,metaspace   ] GC(815) Metaspace: 29142K(29504K)->29142K(29504K) NonClass: 24250K(24384K)->24250K(24384K) Class: 4891K(5120K)->4891K(5120K)
[3874.320s][info][gc             ] GC(815) Pause Young (Allocation Failure) 5806M->3495M(5917M) 98.766ms
[3874.321s][info][gc,cpu         ] GC(815) User=0.56s Sys=0.03s Real=0.10s
...|[3877.704s][info][gc,start       ] GC(816) Pause Young (Allocation Failure)
[3877.802s][info][gc,heap        ] GC(816) PSYoungGen: 2606016K(2623488K)->140736K(2626048K) Eden: 2462208K(2462208K)->0K(2462208K) From: 143808K(161280K)->140736K(163840K)
[3877.802s][info][gc,heap        ] GC(816) ParOldGen: 3435961K(3436032K)->3528145K(3528192K)
[3877.802s][info][gc,metaspace   ] GC(816) Metaspace: 29142K(29504K)->29142K(29504K) NonClass: 24250K(24384K)->24250K(24384K) Class: 4891K(5120K)->4891K(5120K)
[3877.802s][info][gc             ] GC(816) Pause Young (Allocation Failure) 5900M->3582M(6010M) 97.892ms
[3877.802s][info][gc,cpu         ] GC(816) User=0.55s Sys=0.02s Real=0.09s
....[3881.166s][info][gc,start       ] GC(817) Pause Young (Allocation Failure)
[3881.266s][info][gc,heap        ] GC(817) PSYoungGen: 2602944K(2626048K)->142912K(2628096K) Eden: 2462208K(2462208K)->0K(2469376K) From: 140736K(163840K)->142912K(158720K)
[3881.266s][info][gc,heap        ] GC(817) ParOldGen: 3528145K(3528192K)->3620881K(3621376K)
[3881.266s][info][gc,metaspace   ] GC(817) Metaspace: 29142K(29504K)->29142K(29504K) NonClass: 24250K(24384K)->24250K(24384K) Class: 4891K(5120K)->4891K(5120K)
[3881.266s][info][gc             ] GC(817) Pause Young (Allocation Failure) 5987M->3675M(6103M) 99.426ms
[3881.266s][info][gc,cpu         ] GC(817) User=0.56s Sys=0.03s Real=0.10s
...[3884.605s][info][gc,start       ] GC(818) Pause Young (Allocation Failure)
[3884.703s][info][gc,heap        ] GC(818) PSYoungGen: 2612288K(2628096K)->137216K(2630656K) Eden: 2469376K(2469376K)->0K(2469376K) From: 142912K(158720K)->137216K(161280K)
[3884.703s][info][gc,heap        ] GC(818) ParOldGen: 3620881K(3621376K)->3713457K(3713536K)
[3884.703s][info][gc,metaspace   ] GC(818) Metaspace: 29142K(29504K)->29142K(29504K) NonClass: 24250K(24384K)->24250K(24384K) Class: 4891K(5120K)->4891K(5120K)
[3884.703s][info][gc             ] GC(818) Pause Young (Allocation Failure) 6087M->3760M(6195M) 97.342ms
[3884.703s][info][gc,cpu         ] GC(818) User=0.55s Sys=0.02s Real=0.09s
....[3888.052s][info][gc,start       ] GC(819) Pause Young (Allocation Failure)
[3888.151s][info][gc,heap        ] GC(819) PSYoungGen: 2606592K(2630656K)->140064K(2631168K) Eden: 2469376K(2469376K)->0K(2473984K) From: 137216K(161280K)->140064K(157184K)
[3888.151s][info][gc,heap        ] GC(819) ParOldGen: 3713457K(3713536K)->3804273K(3804672K)
[3888.151s][info][gc,metaspace   ] GC(819) Metaspace: 29142K(29504K)->29142K(29504K) NonClass: 24250K(24384K)->24250K(24384K) Class: 4891K(5120K)->4891K(5120K)
[3888.151s][info][gc             ] GC(819) Pause Young (Allocation Failure) 6171M->3851M(6285M) 99.147ms
[3888.151s][info][gc,cpu         ] GC(819) User=0.55s Sys=0.03s Real=0.10s
...[3891.604s][info][gc,start       ] GC(820) Pause Young (Allocation Failure)
[3891.704s][info][gc,heap        ] GC(820) PSYoungGen: 2614048K(2631168K)->145968K(2633216K) Eden: 2473984K(2473984K)->0K(2473984K) From: 140064K(157184K)->145968K(159232K)
[3891.704s][info][gc,heap        ] GC(820) ParOldGen: 3804273K(3804672K)->3894129K(3894272K)
[3891.704s][info][gc,metaspace   ] GC(820) Metaspace: 29142K(29504K)->29142K(29504K) NonClass: 24250K(24384K)->24250K(24384K) Class: 4891K(5120K)->4891K(5120K)
[3891.704s][info][gc             ] GC(820) Pause Young (Allocation Failure) 6267M->3945M(6374M) 100.004ms
[3891.704s][info][gc,cpu         ] GC(820) User=0.56s Sys=0.02s Real=0.10s
....[3895.049s][info][gc,start       ] GC(821) Pause Young (Allocation Failure)
[3895.150s][info][gc,heap        ] GC(821) PSYoungGen: 2619952K(2633216K)->145296K(2635264K) Eden: 2473984K(2473984K)->0K(2478080K) From: 145968K(159232K)->145296K(157184K)
[3895.150s][info][gc,heap        ] GC(821) ParOldGen: 3894129K(3894272K)->3987929K(3987968K)
[3895.150s][info][gc,metaspace   ] GC(821) Metaspace: 29142K(29504K)->29142K(29504K) NonClass: 24250K(24384K)->24250K(24384K) Class: 4891K(5120K)->4891K(5120K)
[3895.150s][info][gc             ] GC(821) Pause Young (Allocation Failure) 6361M->4036M(6468M) 101.181ms
[3895.150s][info][gc,cpu         ] GC(821) User=0.56s Sys=0.03s Real=0.10s
...[3898.525s][info][gc,start       ] GC(822) Pause Young (Allocation Failure)
[3898.623s][info][gc,heap        ] GC(822) PSYoungGen: 2623376K(2635264K)->138656K(2636288K) Eden: 2478080K(2478080K)->0K(2478080K) From: 145296K(157184K)->138656K(158208K)
[3898.623s][info][gc,heap        ] GC(822) ParOldGen: 3987929K(3987968K)->4079137K(4079616K)
[3898.623s][info][gc,metaspace   ] GC(822) Metaspace: 29142K(29504K)->29142K(29504K) NonClass: 24250K(24384K)->24250K(24384K) Class: 4891K(5120K)->4891K(5120K)
[3898.623s][info][gc             ] GC(822) Pause Young (Allocation Failure) 6456M->4118M(6558M) 98.078ms
[3898.623s][info][gc,cpu         ] GC(822) User=0.55s Sys=0.03s Real=0.09s
....[3902.014s][info][gc,start       ] GC(823) Pause Young (Allocation Failure)
[3902.113s][info][gc,heap        ] GC(823) PSYoungGen: 2616736K(2636288K)->141280K(2634240K) Eden: 2478080K(2478080K)->0K(2480128K) From: 138656K(158208K)->141280K(154112K)
[3902.113s][info][gc,heap        ] GC(823) ParOldGen: 4079137K(4079616K)->4170681K(4170752K)
[3902.113s][info][gc,metaspace   ] GC(823) Metaspace: 29142K(29504K)->29142K(29504K) NonClass: 24250K(24384K)->24250K(24384K) Class: 4891K(5120K)->4891K(5120K)
[3902.113s][info][gc             ] GC(823) Pause Young (Allocation Failure) 6538M->4210M(6645M) 99.148ms
[3902.113s][info][gc,cpu         ] GC(823) User=0.56s Sys=0.03s Real=0.09s
...[3905.449s][info][gc,start       ] GC(824) Pause Young (Allocation Failure)
[3905.556s][info][gc,heap        ] GC(824) PSYoungGen: 2621408K(2634240K)->142804K(2636288K) Eden: 2480128K(2480128K)->0K(2480128K) From: 141280K(154112K)->142804K(156160K)
[3905.556s][info][gc,heap        ] GC(824) ParOldGen: 4170681K(4170752K)->4261985K(4262400K)
[3905.556s][info][gc,metaspace   ] GC(824) Metaspace: 29142K(29504K)->29142K(29504K) NonClass: 24250K(24384K)->24250K(24384K) Class: 4891K(5120K)->4891K(5120K)
[3905.556s][info][gc             ] GC(824) Pause Young (Allocation Failure) 6632M->4301M(6737M) 107.234ms
[3905.556s][info][gc,cpu         ] GC(824) User=0.60s Sys=0.03s Real=0.11s
[3905.712s][info][gc,start       ] GC(825) Pause Full (Diagnostic Command)
[3905.712s][info][gc,phases,start] GC(825) Marking Phase
[3906.001s][info][gc,phases      ] GC(825) Marking Phase 288.912ms
[3906.001s][info][gc,phases,start] GC(825) Summary Phase
[3906.001s][info][gc,phases      ] GC(825) Summary Phase 0.062ms
[3906.001s][info][gc,phases,start] GC(825) Forward
[3906.174s][info][gc,phases      ] GC(825) Forward 172.490ms
[3906.174s][info][gc,phases,start] GC(825) Adjust Pointers
[3906.373s][info][gc,phases      ] GC(825) Adjust Pointers 198.634ms
[3906.373s][info][gc,phases,start] GC(825) Compaction Phase
[3906.526s][info][gc,phases      ] GC(825) Compaction Phase 152.958ms
[3906.528s][info][gc,phases,start] GC(825) Post Compact
[3906.532s][info][gc,phases      ] GC(825) Post Compact 4.093ms
[3906.532s][info][gc,heap        ] GC(825) PSYoungGen: 372638K(2636288K)->0K(2636288K) Eden: 229834K(2480128K)->0K(2480128K) From: 142804K(156160K)->0K(156160K)
[3906.532s][info][gc,heap        ] GC(825) ParOldGen: 4261985K(4262400K)->1139373K(4262400K)
[3906.532s][info][gc,metaspace   ] GC(825) Metaspace: 29142K(29504K)->29142K(29504K) NonClass: 24250K(24384K)->24250K(24384K) Class: 4891K(5120K)->4891K(5120K)
[3906.532s][info][gc             ] GC(825) Pause Full (Diagnostic Command) 4526M->1112M(6737M) 820.692ms
[3906.532s][info][gc,cpu         ] GC(825) User=4.23s Sys=0.00s Real=0.82s
...[3909.232s][info][gc,start       ] GC(826) Pause Young (Allocation Failure)
[3909.293s][info][gc,heap        ] GC(826) PSYoungGen: 2480128K(2636288K)->137088K(2637824K) Eden: 2480128K(2480128K)->0K(2484736K) From: 0K(156160K)->137088K(153088K)
[3909.293s][info][gc,heap        ] GC(826) ParOldGen: 1139373K(4262400K)->1139373K(4262400K)
[3909.293s][info][gc,metaspace   ] GC(826) Metaspace: 29142K(29504K)->29142K(29504K) NonClass: 24250K(24384K)->24250K(24384K) Class: 4891K(5120K)->4891K(5120K)
[3909.293s][info][gc             ] GC(826) Pause Young (Allocation Failure) 3534M->1246M(6738M) 61.032ms
[3909.293s][info][gc,cpu         ] GC(826) User=0.37s Sys=0.00s Real=0.06s
....[3912.717s][info][gc,start       ] GC(827) Pause Young (Allocation Failure)
[3912.811s][info][gc,heap        ] GC(827) PSYoungGen: 2621824K(2637824K)->145125K(2639360K) Eden: 2484736K(2484736K)->0K(2484736K) From: 137088K(153088K)->145125K(154624K)
[3912.811s][info][gc,heap        ] GC(827) ParOldGen: 1139373K(4262400K)->1232061K(4262400K)
[3912.811s][info][gc,metaspace   ] GC(827) Metaspace: 29142K(29504K)->29142K(29504K) NonClass: 24250K(24384K)->24250K(24384K) Class: 4891K(5120K)->4891K(5120K)
[3912.811s][info][gc             ] GC(827) Pause Young (Allocation Failure) 3673M->1344M(6740M) 94.871ms
[3912.811s][info][gc,cpu         ] GC(827) User=0.56s Sys=0.00s Real=0.09s
...[3916.209s][info][gc,start       ] GC(828) Pause Young (Allocation Failure)
[3916.299s][info][gc,heap        ] GC(828) PSYoungGen: 2629861K(2639360K)->136288K(2641408K) Eden: 2484736K(2484736K)->0K(2486784K) From: 145125K(154624K)->136288K(154624K)
[3916.299s][info][gc,heap        ] GC(828) ParOldGen: 1232061K(4262400K)->1324453K(4262400K)
[3916.299s][info][gc,metaspace   ] GC(828) Metaspace: 29142K(29504K)->29142K(29504K) NonClass: 24250K(24384K)->24250K(24384K) Class: 4891K(5120K)->4891K(5120K)
[3916.299s][info][gc             ] GC(828) Pause Young (Allocation Failure) 3771M->1426M(6742M) 89.869ms
[3916.299s][info][gc,cpu         ] GC(828) User=0.53s Sys=0.00s Real=0.09s
....[3919.639s][info][gc,start       ] GC(829) Pause Young (Allocation Failure)
[3919.730s][info][gc,heap        ] GC(829) PSYoungGen: 2623072K(2641408K)->138784K(2626048K) Eden: 2486784K(2486784K)->0K(2486784K) From: 136288K(154624K)->138784K(139264K)
[3919.730s][info][gc,heap        ] GC(829) ParOldGen: 1324453K(4262400K)->1416405K(4262400K)
[3919.730s][info][gc,metaspace   ] GC(829) Metaspace: 29142K(29504K)->29142K(29504K) NonClass: 24250K(24384K)->24250K(24384K) Class: 4891K(5120K)->4891K(5120K)
[3919.730s][info][gc             ] GC(829) Pause Young (Allocation Failure) 3855M->1518M(6727M) 91.337ms
[3919.730s][info][gc,cpu         ] GC(829) User=0.54s Sys=0.00s Real=0.09s
...[3923.197s][info][gc,start       ] GC(830) Pause Young (Allocation Failure)
[3923.290s][info][gc,heap        ] GC(830) PSYoungGen: 2625568K(2626048K)->142980K(2640896K) Eden: 2486784K(2486784K)->0K(2487296K) From: 138784K(139264K)->142980K(153600K)
[3923.290s][info][gc,heap        ] GC(830) ParOldGen: 1416405K(4262400K)->1507045K(4262400K)
[3923.290s][info][gc,metaspace   ] GC(830) Metaspace: 29142K(29504K)->29142K(29504K) NonClass: 24250K(24384K)->24250K(24384K) Class: 4891K(5120K)->4891K(5120K)
[3923.290s][info][gc             ] GC(830) Pause Young (Allocation Failure) 3947M->1611M(6741M) 92.993ms
[3923.290s][info][gc,cpu         ] GC(830) User=0.55s Sys=0.00s Real=0.09s
....[3926.613s][info][gc,start       ] GC(831) Pause Young (Allocation Failure)
[3926.704s][info][gc,heap        ] GC(831) PSYoungGen: 2630276K(2640896K)->137888K(2640384K) Eden: 2487296K(2487296K)->0K(2487296K) From: 142980K(153600K)->137888K(153088K)
[3926.704s][info][gc,heap        ] GC(831) ParOldGen: 1507045K(4262400K)->1600973K(4262400K)
[3926.704s][info][gc,metaspace   ] GC(831) Metaspace: 29142K(29504K)->29142K(29504K) NonClass: 24250K(24384K)->24250K(24384K) Class: 4891K(5120K)->4891K(5120K)
[3926.704s][info][gc             ] GC(831) Pause Young (Allocation Failure) 4040M->1698M(6741M) 91.351ms
[3926.704s][info][gc,cpu         ] GC(831) User=0.53s Sys=0.00s Real=0.10s
...[3930.143s][info][gc,start       ] GC(832) Pause Young (Allocation Failure)
[3930.237s][info][gc,heap        ] GC(832) PSYoungGen: 2625184K(2640384K)->145717K(2641408K) Eden: 2487296K(2487296K)->0K(2488832K) From: 137888K(153088K)->145717K(152576K)
[3930.237s][info][gc,heap        ] GC(832) ParOldGen: 1600973K(4262400K)->1691477K(4262400K)
[3930.237s][info][gc,metaspace   ] GC(832) Metaspace: 29142K(29504K)->29142K(29504K) NonClass: 24250K(24384K)->24250K(24384K) Class: 4891K(5120K)->4891K(5120K)
[3930.237s][info][gc             ] GC(832) Pause Young (Allocation Failure) 4127M->1794M(6742M) 94.217ms
[3930.237s][info][gc,cpu         ] GC(832) User=0.56s Sys=0.00s Real=0.10s
....[3933.657s][info][gc,start       ] GC(833) Pause Young (Allocation Failure)
[3933.753s][info][gc,heap        ] GC(833) PSYoungGen: 2634549K(2641408K)->145988K(2641920K) Eden: 2488832K(2488832K)->0K(2488832K) From: 145717K(152576K)->145988K(153088K)
[3933.753s][info][gc,heap        ] GC(833) ParOldGen: 1691477K(4262400K)->1784789K(4262400K)
[3933.753s][info][gc,metaspace   ] GC(833) Metaspace: 29142K(29504K)->29142K(29504K) NonClass: 24250K(24384K)->24250K(24384K) Class: 4891K(5120K)->4891K(5120K)
[3933.753s][info][gc             ] GC(833) Pause Young (Allocation Failure) 4224M->1885M(6742M) 96.012ms
[3933.753s][info][gc,cpu         ] GC(833) User=0.56s Sys=0.00s Real=0.10s
...[3937.128s][info][gc,start       ] GC(834) Pause Young (Allocation Failure)
[3937.221s][info][gc,heap        ] GC(834) PSYoungGen: 2634820K(2641920K)->142160K(2641408K) Eden: 2488832K(2488832K)->0K(2489344K) From: 145988K(153088K)->142160K(152064K)
[3937.221s][info][gc,heap        ] GC(834) ParOldGen: 1784789K(4262400K)->1877973K(4262400K)
[3937.221s][info][gc,metaspace   ] GC(834) Metaspace: 29142K(29504K)->29142K(29504K) NonClass: 24250K(24384K)->24250K(24384K) Class: 4891K(5120K)->4891K(5120K)
[3937.221s][info][gc             ] GC(834) Pause Young (Allocation Failure) 4316M->1972M(6742M) 93.253ms
[3937.221s][info][gc,cpu         ] GC(834) User=0.55s Sys=0.00s Real=0.09s
. (rIR:aIR:PR = 5812:5815:5815) (tPR = 86785) [OK] 
  3937s: Performance info:
         Transaction,    Success,    Partial,     Failed,   Receipts, AvgBarcode, 
             Overall,     353472,          0,          0,     335776,      59.48, 
         Response times:
             Request,    Success,    Partial,     Failed,   SkipFail,     Probes,    Samples,      min,      p50,      p90,      p95,      p99,      max, 
       TotalPurchase,     335776,          0,          0,          0,     329320,     359197,      300,     4200,     7700,    16500,   157000,   416000,
     InStorePurchase,     176784,          0,          0,          0,     173817,     189488,      300,     4100,     7800,    16100,   155000,   416000,
      OnlinePurchase,     123666,          0,          0,          0,     121319,     132110,      300,     4300,     7600,    17300,   167000,   416000,
        InstPurchase,      35326,          0,          0,          0,      34184,      37599,      400,     3900,     7600,    16000,   139000,   402000,
          AssocOfCat,        351,          0,          0,          0,        269,        378,    18000,    28000,    37000,    43000,   141730,   910000,
      AssocOfProduct,       3542,          0,          0,          0,       3342,       3863,      500,     3600,     8200,    14000,   132920,   402000,
      BusinessReport,        882,          0,          0,          0,        762,        992,    24000,    35000,    53000,    73350,   231160,   385000,
          CustBuyBeh,       3543,          0,          0,          0,       3296,       3774,      200,     3400,     6100,    15975,   123000,   314000,
       ProductReturn,       9378,          0,          0,          0,       8958,      10089,      300,     4100,     7800,    22000,   180000,   338000,

  3937s: (43%)   IR =   5950 ..[3940.548s][info][gc,start       ] GC(835) Pause Young (Allocation Failure)
[3940.640s][info][gc,heap        ] GC(835) PSYoungGen: 2631504K(2641408K)->138560K(2641920K) Eden: 2489344K(2489344K)->0K(2489344K) From: 142160K(152064K)->138560K(152576K)
[3940.640s][info][gc,heap        ] GC(835) ParOldGen: 1877973K(4262400K)->1970125K(4262400K)
[3940.640s][info][gc,metaspace   ] GC(835) Metaspace: 29142K(29504K)->29142K(29504K) NonClass: 24250K(24384K)->24250K(24384K) Class: 4891K(5120K)->4891K(5120K)
[3940.640s][info][gc             ] GC(835) Pause Young (Allocation Failure) 4403M->2059M(6742M) 91.949ms
[3940.640s][info][gc,cpu         ] GC(835) User=0.54s Sys=0.01s Real=0.09s
..|..[3943.941s][info][gc,start       ] GC(836) Pause Young (Allocation Failure)
[3944.038s][info][gc,heap        ] GC(836) PSYoungGen: 2627904K(2641920K)->148180K(2640896K) Eden: 2489344K(2489344K)->0K(2488832K) From: 138560K(152576K)->148180K(152064K)
[3944.038s][info][gc,heap        ] GC(836) ParOldGen: 1970125K(4262400K)->2061797K(4262400K)
[3944.038s][info][gc,metaspace   ] GC(836) Metaspace: 29142K(29504K)->29142K(29504K) NonClass: 24250K(24384K)->24250K(24384K) Class: 4891K(5120K)->4891K(5120K)
[3944.038s][info][gc             ] GC(836) Pause Young (Allocation Failure) 4490M->2158M(6741M) 96.853ms
[3944.038s][info][gc,cpu         ] GC(836) User=0.57s Sys=0.00s Real=0.10s
...[3947.367s][info][gc,start       ] GC(837) Pause Young (Allocation Failure)
[3947.457s][info][gc,heap        ] GC(837) PSYoungGen: 2637012K(2640896K)->138944K(2642432K) Eden: 2488832K(2488832K)->0K(2488832K) From: 148180K(152064K)->138944K(153600K)
[3947.457s][info][gc,heap        ] GC(837) ParOldGen: 2061797K(4262400K)->2153069K(4262400K)
[3947.457s][info][gc,metaspace   ] GC(837) Metaspace: 29142K(29504K)->29142K(29504K) NonClass: 24250K(24384K)->24250K(24384K) Class: 4891K(5120K)->4891K(5120K)
[3947.457s][info][gc             ] GC(837) Pause Young (Allocation Failure) 4588M->2238M(6743M) 90.423ms
[3947.457s][info][gc,cpu         ] GC(837) User=0.53s Sys=0.00s Real=0.09s
....[3950.740s][info][gc,start       ] GC(838) Pause Young (Allocation Failure)
[3950.834s][info][gc,heap        ] GC(838) PSYoungGen: 2627776K(2642432K)->142544K(2639872K) Eden: 2488832K(2488832K)->0K(2489344K) From: 138944K(153600K)->142544K(150528K)
[3950.834s][info][gc,heap        ] GC(838) ParOldGen: 2153069K(4262400K)->2245997K(4262400K)
[3950.834s][info][gc,metaspace   ] GC(838) Metaspace: 29142K(29504K)->29142K(29504K) NonClass: 24250K(24384K)->24250K(24384K) Class: 4891K(5120K)->4891K(5120K)
[3950.834s][info][gc             ] GC(838) Pause Young (Allocation Failure) 4668M->2332M(6740M) 94.194ms
[3950.834s][info][gc,cpu         ] GC(838) User=0.56s Sys=0.00s Real=0.10s
...[3954.201s][info][gc,start       ] GC(839) Pause Young (Allocation Failure)
[3954.294s][info][gc,heap        ] GC(839) PSYoungGen: 2631888K(2639872K)->139699K(2641408K) Eden: 2489344K(2489344K)->0K(2489344K) From: 142544K(150528K)->139699K(152064K)
[3954.294s][info][gc,heap        ] GC(839) ParOldGen: 2245997K(4262400K)->2336285K(4262400K)
[3954.294s][info][gc,metaspace   ] GC(839) Metaspace: 29142K(29504K)->29142K(29504K) NonClass: 24250K(24384K)->24250K(24384K) Class: 4891K(5120K)->4891K(5120K)
[3954.294s][info][gc             ] GC(839) Pause Young (Allocation Failure) 4763M->2417M(6742M) 93.106ms
[3954.294s][info][gc,cpu         ] GC(839) User=0.55s Sys=0.00s Real=0.10s
...[3957.615s][info][gc,start       ] GC(840) Pause Young (Allocation Failure)
[3957.710s][info][gc,heap        ] GC(840) PSYoungGen: 2629043K(2641408K)->144165K(2643456K) Eden: 2489344K(2489344K)->0K(2492416K) From: 139699K(152064K)->144165K(151040K)
[3957.710s][info][gc,heap        ] GC(840) ParOldGen: 2336285K(4262400K)->2429157K(4262400K)
[3957.710s][info][gc,metaspace   ] GC(840) Metaspace: 29142K(29504K)->29142K(29504K) NonClass: 24250K(24384K)->24250K(24384K) Class: 4891K(5120K)->4891K(5120K)
[3957.710s][info][gc             ] GC(840) Pause Young (Allocation Failure) 4848M->2513M(6744M) 95.314ms
[3957.710s][info][gc,cpu         ] GC(840) User=0.56s Sys=0.00s Real=0.09s
....[3961.084s][info][gc,start       ] GC(841) Pause Young (Allocation Failure)
[3961.179s][info][gc,heap        ] GC(841) PSYoungGen: 2636581K(2643456K)->145024K(2643968K) Eden: 2492416K(2492416K)->0K(2492416K) From: 144165K(151040K)->145024K(151552K)
[3961.179s][info][gc,heap        ] GC(841) ParOldGen: 2429157K(4262400K)->2521029K(4262400K)
[3961.179s][info][gc,metaspace   ] GC(841) Metaspace: 29142K(29504K)->29142K(29504K) NonClass: 24250K(24384K)->24250K(24384K) Class: 4891K(5120K)->4891K(5120K)
[3961.179s][info][gc             ] GC(841) Pause Young (Allocation Failure) 4947M->2603M(6744M) 94.873ms
[3961.179s][info][gc,cpu         ] GC(841) User=0.56s Sys=0.00s Real=0.09s
...[3964.404s][info][gc,start       ] GC(842) Pause Young (Allocation Failure)
[3964.497s][info][gc,heap        ] GC(842) PSYoungGen: 2637440K(2643968K)->136480K(2644480K) Eden: 2492416K(2492416K)->0K(2492928K) From: 145024K(151552K)->136480K(151552K)
[3964.497s][info][gc,heap        ] GC(842) ParOldGen: 2521029K(4262400K)->2615181K(4262400K)
[3964.497s][info][gc,metaspace   ] GC(842) Metaspace: 29142K(29504K)->29142K(29504K) NonClass: 24250K(24384K)->24250K(24384K) Class: 4891K(5120K)->4891K(5120K)
[3964.497s][info][gc             ] GC(842) Pause Young (Allocation Failure) 5037M->2687M(6745M) 92.966ms
[3964.497s][info][gc,cpu         ] GC(842) User=0.54s Sys=0.00s Real=0.09s
....[3967.926s][info][gc,start       ] GC(843) Pause Young (Allocation Failure)
[3968.026s][info][gc,heap        ] GC(843) PSYoungGen: 2629408K(2644480K)->151529K(2644480K) Eden: 2492928K(2492928K)->0K(2492928K) From: 136480K(151552K)->151529K(151552K)
[3968.026s][info][gc,heap        ] GC(843) ParOldGen: 2615181K(4262400K)->2711349K(4262400K)
[3968.026s][info][gc,metaspace   ] GC(843) Metaspace: 29142K(29504K)->29142K(29504K) NonClass: 24250K(24384K)->24250K(24384K) Class: 4891K(5120K)->4891K(5120K)
[3968.026s][info][gc             ] GC(843) Pause Young (Allocation Failure) 5121M->2795M(6745M) 100.395ms
[3968.026s][info][gc,cpu         ] GC(843) User=0.59s Sys=0.00s Real=0.10s
...[3971.268s][info][gc,start       ] GC(844) Pause Young (Allocation Failure)
[3971.359s][info][gc,heap        ] GC(844) PSYoungGen: 2644457K(2644480K)->135232K(2569728K) Eden: 2492928K(2492928K)->0K(2418176K) From: 151529K(151552K)->135232K(151552K)
[3971.359s][info][gc,heap        ] GC(844) ParOldGen: 2711349K(4262400K)->2801485K(4262400K)
[3971.359s][info][gc,metaspace   ] GC(844) Metaspace: 29142K(29504K)->29142K(29504K) NonClass: 24250K(24384K)->24250K(24384K) Class: 4891K(5120K)->4891K(5120K)
[3971.359s][info][gc             ] GC(844) Pause Young (Allocation Failure) 5230M->2867M(6672M) 90.593ms
[3971.359s][info][gc,cpu         ] GC(844) User=0.54s Sys=0.00s Real=0.09s
...[3974.641s][info][gc,start       ] GC(845) Pause Young (Allocation Failure)
[3974.734s][info][gc,heap        ] GC(845) PSYoungGen: 2553408K(2569728K)->140704K(2607104K) Eden: 2418176K(2418176K)->0K(2418176K) From: 135232K(151552K)->140704K(188928K)
[3974.734s][info][gc,heap        ] GC(845) ParOldGen: 2801485K(4262400K)->2892813K(4262400K)
[3974.734s][info][gc,metaspace   ] GC(845) Metaspace: 29142K(29504K)->29142K(29504K) NonClass: 24250K(24384K)->24250K(24384K) Class: 4891K(5120K)->4891K(5120K)
[3974.734s][info][gc             ] GC(845) Pause Young (Allocation Failure) 5229M->2962M(6708M) 93.628ms
[3974.734s][info][gc,cpu         ] GC(845) User=0.55s Sys=0.00s Real=0.10s
....[3977.918s][info][gc,start       ] GC(846) Pause Young (Allocation Failure)
[3978.013s][info][gc,heap        ] GC(846) PSYoungGen: 2558880K(2607104K)->141476K(2600960K) Eden: 2418176K(2418176K)->0K(2420224K) From: 140704K(188928K)->141476K(180736K)
[3978.013s][info][gc,heap        ] GC(846) ParOldGen: 2892813K(4262400K)->2986477K(4262400K)
[3978.013s][info][gc,metaspace   ] GC(846) Metaspace: 29142K(29504K)->29142K(29504K) NonClass: 24250K(24384K)->24250K(24384K) Class: 4891K(5120K)->4891K(5120K)
[3978.013s][info][gc             ] GC(846) Pause Young (Allocation Failure) 5323M->3054M(6702M) 95.452ms
[3978.013s][info][gc,cpu         ] GC(846) User=0.56s Sys=0.00s Real=0.09s
...[3981.219s][info][gc,start       ] GC(847) Pause Young (Allocation Failure)
[3981.312s][info][gc,heap        ] GC(847) PSYoungGen: 2561700K(2600960K)->138373K(2605056K) Eden: 2420224K(2420224K)->0K(2420224K) From: 141476K(180736K)->138373K(184832K)
[3981.312s][info][gc,heap        ] GC(847) ParOldGen: 2986477K(4262400K)->3075637K(4262400K)
[3981.312s][info][gc,metaspace   ] GC(847) Metaspace: 29142K(29504K)->29142K(29504K) NonClass: 24250K(24384K)->24250K(24384K) Class: 4891K(5120K)->4891K(5120K)
[3981.312s][info][gc             ] GC(847) Pause Young (Allocation Failure) 5418M->3138M(6706M) 92.238ms
[3981.312s][info][gc,cpu         ] GC(847) User=0.55s Sys=0.00s Real=0.09s
...[3984.628s][info][gc,start       ] GC(848) Pause Young (Allocation Failure)
[3984.723s][info][gc,heap        ] GC(848) PSYoungGen: 2558597K(2605056K)->141524K(2605056K) Eden: 2420224K(2420224K)->0K(2428416K) From: 138373K(184832K)->141524K(176640K)
[3984.723s][info][gc,heap        ] GC(848) ParOldGen: 3075637K(4262400K)->3166269K(4262400K)
[3984.723s][info][gc,metaspace   ] GC(848) Metaspace: 29142K(29504K)->29142K(29504K) NonClass: 24250K(24384K)->24250K(24384K) Class: 4891K(5120K)->4891K(5120K)
[3984.723s][info][gc             ] GC(848) Pause Young (Allocation Failure) 5502M->3230M(6706M) 95.253ms
[3984.723s][info][gc,cpu         ] GC(848) User=0.57s Sys=0.01s Real=0.09s
....[3987.886s][info][gc,start       ] GC(849) Pause Young (Allocation Failure)
[3987.980s][info][gc,heap        ] GC(849) PSYoungGen: 2569940K(2605056K)->136288K(2609152K) Eden: 2428416K(2428416K)->0K(2428416K) From: 141524K(176640K)->136288K(180736K)
[3987.980s][info][gc,heap        ] GC(849) ParOldGen: 3166269K(4262400K)->3258973K(4262400K)
[3987.980s][info][gc,metaspace   ] GC(849) Metaspace: 29142K(29504K)->29142K(29504K) NonClass: 24250K(24384K)->24250K(24384K) Class: 4891K(5120K)->4891K(5120K)
[3987.980s][info][gc             ] GC(849) Pause Young (Allocation Failure) 5601M->3315M(6710M) 94.401ms
[3987.980s][info][gc,cpu         ] GC(849) User=0.55s Sys=0.01s Real=0.09s
...[3991.241s][info][gc,start       ] GC(850) Pause Young (Allocation Failure)
[3991.335s][info][gc,heap        ] GC(850) PSYoungGen: 2564704K(2609152K)->138229K(2609664K) Eden: 2428416K(2428416K)->0K(2436096K) From: 136288K(180736K)->138229K(173568K)
[3991.335s][info][gc,heap        ] GC(850) ParOldGen: 3258973K(4262400K)->3348605K(4262400K)
[3991.335s][info][gc,metaspace   ] GC(850) Metaspace: 29142K(29504K)->29142K(29504K) NonClass: 24250K(24384K)->24250K(24384K) Class: 4891K(5120K)->4891K(5120K)
[3991.335s][info][gc             ] GC(850) Pause Young (Allocation Failure) 5687M->3405M(6711M) 93.780ms
[3991.335s][info][gc,cpu         ] GC(850) User=0.55s Sys=0.00s Real=0.10s
...[3994.596s][info][gc,start       ] GC(851) Pause Young (Allocation Failure)
[3994.690s][info][gc,heap        ] GC(851) PSYoungGen: 2574325K(2609664K)->137920K(2613248K) Eden: 2436096K(2436096K)->0K(2436096K) From: 138229K(173568K)->137920K(177152K)
[3994.690s][info][gc,heap        ] GC(851) ParOldGen: 3348605K(4262400K)->3439853K(4262400K)
[3994.690s][info][gc,metaspace   ] GC(851) Metaspace: 29142K(29504K)->29142K(29504K) NonClass: 24250K(24384K)->24250K(24384K) Class: 4891K(5120K)->4891K(5120K)
[3994.690s][info][gc             ] GC(851) Pause Young (Allocation Failure) 5784M->3493M(6714M) 94.042ms
[3994.690s][info][gc,cpu         ] GC(851) User=0.55s Sys=0.00s Real=0.09s
....[3997.950s][info][gc,start       ] GC(852) Pause Young (Allocation Failure)
[3998.045s][info][gc,heap        ] GC(852) PSYoungGen: 2574016K(2613248K)->139776K(2613248K) Eden: 2436096K(2436096K)->0K(2443776K) From: 137920K(177152K)->139776K(169472K)
[3998.045s][info][gc,heap        ] GC(852) ParOldGen: 3439853K(4262400K)->3532101K(4262400K)
[3998.045s][info][gc,metaspace   ] GC(852) Metaspace: 29142K(29504K)->29142K(29504K) NonClass: 24250K(24384K)->24250K(24384K) Class: 4891K(5120K)->4891K(5120K)
[3998.045s][info][gc             ] GC(852) Pause Young (Allocation Failure) 5872M->3585M(6714M) 94.145ms
[3998.045s][info][gc,cpu         ] GC(852) User=0.56s Sys=0.00s Real=0.10s
...[4001.271s][info][gc,start       ] GC(853) Pause Young (Allocation Failure)
[4001.364s][info][gc,heap        ] GC(853) PSYoungGen: 2583552K(2613248K)->134432K(2616832K) Eden: 2443776K(2443776K)->0K(2443776K) From: 139776K(169472K)->134432K(173056K)
[4001.364s][info][gc,heap        ] GC(853) ParOldGen: 3532101K(4262400K)->3623085K(4262400K)
[4001.364s][info][gc,metaspace   ] GC(853) Metaspace: 29142K(29504K)->29142K(29504K) NonClass: 24250K(24384K)->24250K(24384K) Class: 4891K(5120K)->4891K(5120K)
[4001.364s][info][gc             ] GC(853) Pause Young (Allocation Failure) 5972M->3669M(6718M) 92.975ms
[4001.364s][info][gc,cpu         ] GC(853) User=0.55s Sys=0.00s Real=0.10s
. (rIR:aIR:PR = 5950:5949:5949) (tPR = 87934) [OK] 
  4001s: Performance info:
         Transaction,    Success,    Partial,     Failed,   Receipts, AvgBarcode, 
             Overall,     357654,          0,          0,     339743,      59.47, 
         Response times:
             Request,    Success,    Partial,     Failed,   SkipFail,     Probes,    Samples,      min,      p50,      p90,      p95,      p99,      max, 
       TotalPurchase,     339734,          0,          0,          0,     334161,     357873,      300,     4200,     7200,     9600,    38000,   156000,
     InStorePurchase,     178836,          0,          0,          0,     176262,     188538,      300,     4300,     7300,     9600,    38000,   154000,
      OnlinePurchase,     125105,          0,          0,          0,     123140,     131773,      300,     4200,     7200,     9700,    38000,   156000,
        InstPurchase,      35793,          0,          0,          0,      34759,      37562,      400,     3500,     6800,     9000,    34000,   138000,
          AssocOfCat,        356,          0,          0,          0,        281,        381,    19400,    30000,    42800,    60000,   122700,   139000,
      AssocOfProduct,       3595,          0,          0,          0,       3343,       3782,      400,     2800,     6900,     8685,    33000,   122000,
      BusinessReport,        898,          0,          0,          0,        776,        936,    25000,    36000,    52000,    68000,   135780,   175000,
          CustBuyBeh,       3577,          0,          0,          0,       3336,       3803,      200,     2400,     6100,     7900,    38960,   138000,
       ProductReturn,       9486,          0,          0,          0,       9081,      10034,      200,     5000,     7600,    10525,    39650,   154000,

  4001s: (44%)   IR =   6088 ..[4004.560s][info][gc,start       ] GC(854) Pause Young (Allocation Failure)
[4004.654s][info][gc,heap        ] GC(854) PSYoungGen: 2578208K(2616832K)->137266K(2617856K) Eden: 2443776K(2443776K)->0K(2450944K) From: 134432K(173056K)->137266K(166912K)
[4004.654s][info][gc,heap        ] GC(854) ParOldGen: 3623085K(4262400K)->3714565K(4262400K)
[4004.654s][info][gc,metaspace   ] GC(854) Metaspace: 29142K(29504K)->29142K(29504K) NonClass: 24250K(24384K)->24250K(24384K) Class: 4891K(5120K)->4891K(5120K)
[4004.654s][info][gc             ] GC(854) Pause Young (Allocation Failure) 6055M->3761M(6719M) 94.096ms
[4004.654s][info][gc,cpu         ] GC(854) User=0.56s Sys=0.00s Real=0.10s
..|..[4007.872s][info][gc,start       ] GC(855) Pause Young (Allocation Failure)
[4007.967s][info][gc,heap        ] GC(855) PSYoungGen: 2588210K(2617856K)->140384K(2620928K) Eden: 2450944K(2450944K)->0K(2450944K) From: 137266K(166912K)->140384K(169984K)
[4007.967s][info][gc,heap        ] GC(855) ParOldGen: 3714565K(4262400K)->3805165K(4262400K)
[4007.967s][info][gc,metaspace   ] GC(855) Metaspace: 29142K(29504K)->29142K(29504K) NonClass: 24250K(24384K)->24250K(24384K) Class: 4891K(5120K)->4891K(5120K)
[4007.967s][info][gc             ] GC(855) Pause Young (Allocation Failure) 6155M->3853M(6722M) 94.157ms
[4007.967s][info][gc,cpu         ] GC(855) User=0.56s Sys=0.00s Real=0.10s
...[4011.110s][info][gc,start       ] GC(856) Pause Young (Allocation Failure)
[4011.205s][info][gc,heap        ] GC(856) PSYoungGen: 2591328K(2620928K)->140320K(2621440K) Eden: 2450944K(2450944K)->0K(2458624K) From: 140384K(169984K)->140320K(162816K)
[4011.205s][info][gc,heap        ] GC(856) ParOldGen: 3805165K(4262400K)->3898141K(4262400K)
[4011.205s][info][gc,metaspace   ] GC(856) Metaspace: 29142K(29504K)->29142K(29504K) NonClass: 24250K(24384K)->24250K(24384K) Class: 4891K(5120K)->4891K(5120K)
[4011.205s][info][gc             ] GC(856) Pause Young (Allocation Failure) 6246M->3943M(6722M) 95.084ms
[4011.205s][info][gc,cpu         ] GC(856) User=0.56s Sys=0.00s Real=0.10s
...[4014.446s][info][gc,start       ] GC(857) Pause Young (Allocation Failure)
[4014.539s][info][gc,heap        ] GC(857) PSYoungGen: 2598944K(2621440K)->139456K(2624000K) Eden: 2458624K(2458624K)->0K(2458624K) From: 140320K(162816K)->139456K(165376K)
[4014.539s][info][gc,heap        ] GC(857) ParOldGen: 3898141K(4262400K)->3988357K(4262400K)
[4014.539s][info][gc,metaspace   ] GC(857) Metaspace: 29142K(29504K)->29142K(29504K) NonClass: 24250K(24384K)->24250K(24384K) Class: 4891K(5120K)->4891K(5120K)
[4014.539s][info][gc             ] GC(857) Pause Young (Allocation Failure) 6344M->4031M(6725M) 93.270ms
[4014.540s][info][gc,cpu         ] GC(857) User=0.55s Sys=0.00s Real=0.09s
...[4017.730s][info][gc,start       ] GC(858) Pause Young (Allocation Failure)
[4017.827s][info][gc,heap        ] GC(858) PSYoungGen: 2598080K(2624000K)->143328K(2625536K) Eden: 2458624K(2458624K)->0K(2466816K) From: 139456K(165376K)->143328K(158720K)
[4017.827s][info][gc,heap        ] GC(858) ParOldGen: 3988357K(4262400K)->4081549K(4262400K)
[4017.827s][info][gc,metaspace   ] GC(858) Metaspace: 29142K(29504K)->29142K(29504K) NonClass: 24250K(24384K)->24250K(24384K) Class: 4891K(5120K)->4891K(5120K)
[4017.827s][info][gc             ] GC(858) Pause Young (Allocation Failure) 6432M->4125M(6726M) 97.550ms
[4017.827s][info][gc,cpu         ] GC(858) User=0.58s Sys=0.00s Real=0.10s
....[4020.985s][info][gc,start       ] GC(859) Pause Young (Allocation Failure)
[4021.083s][info][gc,heap        ] GC(859) PSYoungGen: 2610144K(2625536K)->143728K(2628608K) Eden: 2466816K(2466816K)->0K(2466816K) From: 143328K(158720K)->143728K(161792K)
[4021.083s][info][gc,heap        ] GC(859) ParOldGen: 4081549K(4262400K)->4173933K(4262400K)
[4021.083s][info][gc,metaspace   ] GC(859) Metaspace: 29142K(29504K)->29142K(29504K) NonClass: 24250K(24384K)->24250K(24384K) Class: 4891K(5120K)->4891K(5120K)
[4021.083s][info][gc             ] GC(859) Pause Young (Allocation Failure) 6534M->4216M(6729M) 97.410ms
[4021.083s][info][gc,cpu         ] GC(859) User=0.57s Sys=0.00s Real=0.09s
...[4024.287s][info][gc,start       ] GC(860) Pause Young (Allocation Failure)
[4024.382s][info][gc,heap        ] GC(860) PSYoungGen: 2610544K(2628608K)->140869K(2630144K) Eden: 2466816K(2466816K)->0K(2473472K) From: 143728K(161792K)->140869K(156672K)
[4024.382s][info][gc,heap        ] GC(860) ParOldGen: 4173933K(4262400K)->4264637K(4264960K)
[4024.382s][info][gc,metaspace   ] GC(860) Metaspace: 29142K(29504K)->29142K(29504K) NonClass: 24250K(24384K)->24250K(24384K) Class: 4891K(5120K)->4891K(5120K)
[4024.382s][info][gc             ] GC(860) Pause Young (Allocation Failure) 6625M->4302M(6733M) 94.600ms
[4024.382s][info][gc,cpu         ] GC(860) User=0.56s Sys=0.00s Real=0.09s
...[4027.692s][info][gc,start       ] GC(861) Pause Young (Allocation Failure)
[4027.793s][info][gc,heap        ] GC(861) PSYoungGen: 2614341K(2630144K)->143264K(2632704K) Eden: 2473472K(2473472K)->0K(2473472K) From: 140869K(156672K)->143264K(159232K)
[4027.793s][info][gc,heap        ] GC(861) ParOldGen: 4264637K(4264960K)->4355773K(4356096K)
[4027.793s][info][gc,metaspace   ] GC(861) Metaspace: 29142K(29504K)->29142K(29504K) NonClass: 24250K(24384K)->24250K(24384K) Class: 4891K(5120K)->4891K(5120K)
[4027.793s][info][gc             ] GC(861) Pause Young (Allocation Failure) 6717M->4393M(6825M) 101.072ms
[4027.793s][info][gc,cpu         ] GC(861) User=0.56s Sys=0.03s Real=0.10s
....[4030.969s][info][gc,start       ] GC(862) Pause Young (Allocation Failure)
[4031.070s][info][gc,heap        ] GC(862) PSYoungGen: 2616736K(2632704K)->139648K(2633728K) Eden: 2473472K(2473472K)->0K(2479104K) From: 143264K(159232K)->139648K(154624K)
[4031.070s][info][gc,heap        ] GC(862) ParOldGen: 4355773K(4356096K)->4449941K(4450304K)
[4031.070s][info][gc,metaspace   ] GC(862) Metaspace: 29142K(29504K)->29142K(29504K) NonClass: 24250K(24384K)->24250K(24384K) Class: 4891K(5120K)->4891K(5120K)
[4031.070s][info][gc             ] GC(862) Pause Young (Allocation Failure) 6809M->4482M(6918M) 100.588ms
[4031.070s][info][gc,cpu         ] GC(862) User=0.56s Sys=0.03s Real=0.10s
...[4034.314s][info][gc,start       ] GC(863) Pause Young (Allocation Failure)
[4034.415s][info][gc,heap        ] GC(863) PSYoungGen: 2618752K(2633728K)->141508K(2635776K) Eden: 2479104K(2479104K)->0K(2479104K) From: 139648K(154624K)->141508K(156672K)
[4034.415s][info][gc,heap        ] GC(863) ParOldGen: 4449941K(4450304K)->4540933K(4541440K)
[4034.415s][info][gc,metaspace   ] GC(863) Metaspace: 29142K(29504K)->29142K(29504K) NonClass: 24250K(24384K)->24250K(24384K) Class: 4891K(5120K)->4891K(5120K)
[4034.415s][info][gc             ] GC(863) Pause Young (Allocation Failure) 6903M->4572M(7009M) 101.170ms
[4034.415s][info][gc,cpu         ] GC(863) User=0.58s Sys=0.02s Real=0.10s
...[4037.611s][info][gc,start       ] GC(864) Pause Young (Allocation Failure)
[4037.710s][info][gc,heap        ] GC(864) PSYoungGen: 2620612K(2635776K)->143540K(2637824K) Eden: 2479104K(2479104K)->0K(2484224K) From: 141508K(156672K)->143540K(153600K)
[4037.710s][info][gc,heap        ] GC(864) ParOldGen: 4540933K(4541440K)->4633197K(4633600K)
[4037.710s][info][gc,metaspace   ] GC(864) Metaspace: 29142K(29504K)->29142K(29504K) NonClass: 24250K(24384K)->24250K(24384K) Class: 4891K(5120K)->4891K(5120K)
[4037.710s][info][gc             ] GC(864) Pause Young (Allocation Failure) 6993M->4664M(7101M) 99.546ms
[4037.710s][info][gc,cpu         ] GC(864) User=0.56s Sys=0.03s Real=0.10s
....[4040.927s][info][gc,start       ] GC(865) Pause Young (Allocation Failure)
[4041.024s][info][gc,heap        ] GC(865) PSYoungGen: 2627764K(2637824K)->140640K(2638848K) Eden: 2484224K(2484224K)->0K(2484224K) From: 143540K(153600K)->140640K(154624K)
[4041.024s][info][gc,heap        ] GC(865) ParOldGen: 4633197K(4633600K)->4724493K(4724736K)
[4041.024s][info][gc,metaspace   ] GC(865) Metaspace: 29142K(29504K)->29142K(29504K) NonClass: 24250K(24384K)->24250K(24384K) Class: 4891K(5120K)->4891K(5120K)
[4041.024s][info][gc             ] GC(865) Pause Young (Allocation Failure) 7090M->4751M(7191M) 97.475ms
[4041.024s][info][gc,cpu         ] GC(865) User=0.54s Sys=0.03s Real=0.10s
...[4044.259s][info][gc,start       ] GC(866) Pause Young (Allocation Failure)
[4044.357s][info][gc,heap        ] GC(866) PSYoungGen: 2624864K(2638848K)->136672K(2641408K) Eden: 2484224K(2484224K)->0K(2487808K) From: 140640K(154624K)->136672K(153600K)
[4044.357s][info][gc,heap        ] GC(866) ParOldGen: 4724493K(4724736K)->4816685K(4816896K)
[4044.357s][info][gc,metaspace   ] GC(866) Metaspace: 29142K(29504K)->29142K(29504K) NonClass: 24250K(24384K)->24250K(24384K) Class: 4891K(5120K)->4891K(5120K)
[4044.357s][info][gc             ] GC(866) Pause Young (Allocation Failure) 7177M->4837M(7283M) 97.625ms
[4044.357s][info][gc,cpu         ] GC(866) User=0.53s Sys=0.04s Real=0.10s
...[4047.615s][info][gc,start       ] GC(867) Pause Young (Allocation Failure)
[4047.715s][info][gc,heap        ] GC(867) PSYoungGen: 2624480K(2641408K)->141408K(2629632K) Eden: 2487808K(2487808K)->0K(2487808K) From: 136672K(153600K)->141408K(141824K)
[4047.715s][info][gc,heap        ] GC(867) ParOldGen: 4816685K(4816896K)->4908165K(4908544K)
[4047.715s][info][gc,metaspace   ] GC(867) Metaspace: 29142K(29504K)->29142K(29504K) NonClass: 24250K(24384K)->24250K(24384K) Class: 4891K(5120K)->4891K(5120K)
[4047.715s][info][gc             ] GC(867) Pause Young (Allocation Failure) 7266M->4931M(7361M) 99.978ms
[4047.715s][info][gc,cpu         ] GC(867) User=0.58s Sys=0.02s Real=0.10s
....[4050.957s][info][gc,start       ] GC(868) Pause Young (Allocation Failure)
[4051.058s][info][gc,heap        ] GC(868) PSYoungGen: 2629216K(2629632K)->141984K(2641408K) Eden: 2487808K(2487808K)->0K(2489344K) From: 141408K(141824K)->141984K(152064K)
[4051.058s][info][gc,heap        ] GC(868) ParOldGen: 4908165K(4908544K)->5000965K(5001216K)
[4051.058s][info][gc,metaspace   ] GC(868) Metaspace: 29142K(29504K)->29142K(29504K) NonClass: 24250K(24384K)->24250K(24384K) Class: 4891K(5120K)->4891K(5120K)
[4051.058s][info][gc             ] GC(868) Pause Young (Allocation Failure) 7360M->5022M(7463M) 100.648ms
[4051.058s][info][gc,cpu         ] GC(868) User=0.58s Sys=0.02s Real=0.10s
...[4054.292s][info][gc,start       ] GC(869) Pause Young (Allocation Failure)
[4054.395s][info][gc,heap        ] GC(869) PSYoungGen: 2631328K(2641408K)->142212K(2640896K) Eden: 2489344K(2489344K)->0K(2489344K) From: 141984K(152064K)->142212K(151552K)
[4054.395s][info][gc,heap        ] GC(869) ParOldGen: 5000965K(5001216K)->5092813K(5092864K)
[4054.395s][info][gc,metaspace   ] GC(869) Metaspace: 29142K(29504K)->29142K(29504K) NonClass: 24250K(24384K)->24250K(24384K) Class: 4891K(5120K)->4891K(5120K)
[4054.395s][info][gc             ] GC(869) Pause Young (Allocation Failure) 7453M->5112M(7552M) 103.011ms
[4054.395s][info][gc,cpu         ] GC(869) User=0.58s Sys=0.03s Real=0.11s
...[4057.642s][info][gc,start       ] GC(870) Pause Young (Allocation Failure)
[4057.748s][info][gc,heap        ] GC(870) PSYoungGen: 2631556K(2640896K)->150517K(2570752K) Eden: 2489344K(2489344K)->0K(2420224K) From: 142212K(151552K)->150517K(150528K)
[4057.748s][info][gc,heap        ] GC(870) ParOldGen: 5092813K(5092864K)->5186717K(5187072K)
[4057.748s][info][gc,metaspace   ] GC(870) Metaspace: 29142K(29504K)->29142K(29504K) NonClass: 24250K(24384K)->24250K(24384K) Class: 4891K(5120K)->4891K(5120K)
[4057.748s][info][gc             ] GC(870) Pause Young (Allocation Failure) 7543M->5212M(7576M) 106.202ms
[4057.748s][info][gc,cpu         ] GC(870) User=0.60s Sys=0.03s Real=0.11s
...[4060.886s][info][gc,start       ] GC(871) Pause Young (Allocation Failure)
[4060.987s][info][gc,heap        ] GC(871) PSYoungGen: 2570741K(2570752K)->142932K(2608128K) Eden: 2420224K(2420224K)->0K(2420224K) From: 150517K(150528K)->142932K(187904K)
[4060.987s][info][gc,heap        ] GC(871) ParOldGen: 5186717K(5187072K)->5278661K(5278720K)
[4060.987s][info][gc,metaspace   ] GC(871) Metaspace: 29142K(29504K)->29142K(29504K) NonClass: 24250K(24384K)->24250K(24384K) Class: 4891K(5120K)->4891K(5120K)
[4060.987s][info][gc             ] GC(871) Pause Young (Allocation Failure) 7575M->5294M(7702M) 100.846ms
[4060.987s][info][gc,cpu         ] GC(871) User=0.57s Sys=0.02s Real=0.10s
....[4064.090s][info][gc,start       ] GC(872) Pause Young (Allocation Failure)
[4064.194s][info][gc,heap        ] GC(872) PSYoungGen: 2563156K(2608128K)->144789K(2600960K) Eden: 2420224K(2420224K)->0K(2422272K) From: 142932K(187904K)->144789K(178688K)
[4064.194s][info][gc,heap        ] GC(872) ParOldGen: 5278661K(5278720K)->5368837K(5369344K)
[4064.194s][info][gc,metaspace   ] GC(872) Metaspace: 29142K(29504K)->29142K(29504K) NonClass: 24250K(24384K)->24250K(24384K) Class: 4891K(5120K)->4891K(5120K)
[4064.194s][info][gc             ] GC(872) Pause Young (Allocation Failure) 7658M->5384M(7783M) 103.308ms
[4064.194s][info][gc,cpu         ] GC(872) User=0.58s Sys=0.03s Real=0.11s
.. (rIR:aIR:PR = 6088:6087:6087) (tPR = 90254) [OK] 
  4065s: Performance info:
         Transaction,    Success,    Partial,     Failed,   Receipts, AvgBarcode, 
             Overall,     366309,          0,          0,     348002,      59.47, 
         Response times:
             Request,    Success,    Partial,     Failed,   SkipFail,     Probes,    Samples,      min,      p50,      p90,      p95,      p99,      max, 
       TotalPurchase,     347998,          0,          0,          0,     342575,     364879,      200,     4200,     7500,    10200,    38000,   142000,
     InStorePurchase,     183159,          0,          0,          0,     180724,     192301,      300,     4100,     7500,    10100,    37000,   142000,
      OnlinePurchase,     128196,          0,          0,          0,     126249,     134304,      200,     4300,     7600,    10200,    39000,   142000,
        InstPurchase,      36643,          0,          0,          0,      35602,      38274,      400,     4600,     7800,    11300,    40250,   142000,
          AssocOfCat,        366,          0,          0,          0,        302,        377,    18700,    29000,    37000,    44100,    81780,   149000,
      AssocOfProduct,       3651,          0,          0,          0,       3422,       3845,      400,     3800,     6900,     8670,    34000,   115000,
      BusinessReport,        913,          0,          0,          0,        782,        932,    24000,    35000,    51000,    58000,   135010,   199000,
          CustBuyBeh,       3675,          0,          0,          0,       3446,       3874,      600,     5500,     8400,    12825,    44250,   112000,
       ProductReturn,       9702,          0,          0,          0,       9241,      10176,      200,     4100,     7100,     9600,    35000,   119000,

  4065s: (45%)   IR =   6227 .[4067.369s][info][gc,start       ] GC(873) Pause Young (Allocation Failure)
[4067.468s][info][gc,heap        ] GC(873) PSYoungGen: 2567061K(2600960K)->136896K(2605568K) Eden: 2422272K(2422272K)->0K(2422272K) From: 144789K(178688K)->136896K(183296K)
[4067.468s][info][gc,heap        ] GC(873) ParOldGen: 5368837K(5369344K)->5459253K(5459456K)
[4067.468s][info][gc,metaspace   ] GC(873) Metaspace: 29142K(29504K)->29142K(29504K) NonClass: 24250K(24384K)->24250K(24384K) Class: 4891K(5120K)->4891K(5120K)
[4067.468s][info][gc             ] GC(873) Pause Young (Allocation Failure) 7749M->5464M(7876M) 98.778ms
[4067.468s][info][gc,cpu         ] GC(873) User=0.55s Sys=0.03s Real=0.10s
...|[4070.497s][info][gc,start       ] GC(874) Pause Young (Allocation Failure)
[4070.594s][info][gc,heap        ] GC(874) PSYoungGen: 2559168K(2605568K)->134048K(2610688K) Eden: 2422272K(2422272K)->0K(2430464K) From: 136896K(183296K)->134048K(180224K)
[4070.594s][info][gc,heap        ] GC(874) ParOldGen: 5459253K(5459456K)->5552765K(5553152K)
[4070.594s][info][gc,metaspace   ] GC(874) Metaspace: 29142K(29504K)->29142K(29504K) NonClass: 24250K(24384K)->24250K(24384K) Class: 4891K(5120K)->4891K(5120K)
[4070.594s][info][gc             ] GC(874) Pause Young (Allocation Failure) 7830M->5553M(7972M) 97.590ms
[4070.594s][info][gc,cpu         ] GC(874) User=0.55s Sys=0.03s Real=0.10s
...[4073.652s][info][gc,start       ] GC(875) Pause Full (Allocation Failure)
[4073.652s][info][gc,phases,start] GC(875) Marking Phase
[4073.942s][info][gc,phases      ] GC(875) Marking Phase 290.609ms
[4073.942s][info][gc,phases,start] GC(875) Summary Phase
[4073.942s][info][gc,phases      ] GC(875) Summary Phase 0.103ms
[4073.942s][info][gc,phases,start] GC(875) Forward
[4074.078s][info][gc,phases      ] GC(875) Forward 135.187ms
[4074.078s][info][gc,phases,start] GC(875) Adjust Pointers
[4074.275s][info][gc,phases      ] GC(875) Adjust Pointers 197.250ms
[4074.275s][info][gc,phases,start] GC(875) Compaction Phase
[4074.401s][info][gc,phases      ] GC(875) Compaction Phase 125.923ms
[4074.403s][info][gc,phases,start] GC(875) Post Compact
[4074.410s][info][gc,phases      ] GC(875) Post Compact 6.901ms
[4074.533s][info][gc,heap        ] GC(875) PSYoungGen: 2564512K(2610688K)->0K(2612224K) Eden: 2430464K(2430464K)->0K(2430464K) From: 134048K(180224K)->0K(181760K)
[4074.533s][info][gc,heap        ] GC(875) ParOldGen: 5552765K(5553152K)->1417656K(1639936K)
[4074.533s][info][gc,metaspace   ] GC(875) Metaspace: 29142K(29504K)->29142K(29504K) NonClass: 24250K(24384K)->24250K(24384K) Class: 4891K(5120K)->4891K(5120K)
[4074.533s][info][gc             ] GC(875) Pause Full (Allocation Failure) 7927M->1384M(4152M) 880.969ms
[4074.533s][info][gc,cpu         ] GC(875) User=3.98s Sys=0.12s Real=0.88s
...[4076.878s][info][gc,start       ] GC(876) Pause Young (Allocation Failure)
[4076.941s][info][gc,heap        ] GC(876) PSYoungGen: 2430464K(2612224K)->140320K(2609152K) Eden: 2430464K(2430464K)->0K(2432512K) From: 0K(181760K)->140320K(176640K)
[4076.941s][info][gc,heap        ] GC(876) ParOldGen: 1417656K(1639936K)->1417656K(1639936K)
[4076.941s][info][gc,metaspace   ] GC(876) Metaspace: 29142K(29504K)->29142K(29504K) NonClass: 24250K(24384K)->24250K(24384K) Class: 4891K(5120K)->4891K(5120K)
[4076.941s][info][gc             ] GC(876) Pause Young (Allocation Failure) 3757M->1521M(4149M) 63.191ms
[4076.941s][info][gc,cpu         ] GC(876) User=0.37s Sys=0.00s Real=0.06s
...[4080.063s][info][gc,start       ] GC(877) Pause Young (Allocation Failure)
[4080.154s][info][gc,heap        ] GC(877) PSYoungGen: 2572832K(2609152K)->140672K(2611712K) Eden: 2432512K(2432512K)->0K(2432512K) From: 140320K(176640K)->140672K(179200K)
[4080.154s][info][gc,heap        ] GC(877) ParOldGen: 1417656K(1639936K)->1509672K(1639936K)
[4080.154s][info][gc,metaspace   ] GC(877) Metaspace: 29142K(29504K)->29142K(29504K) NonClass: 24250K(24384K)->24250K(24384K) Class: 4891K(5120K)->4891K(5120K)
[4080.154s][info][gc             ] GC(877) Pause Young (Allocation Failure) 3896M->1611M(4152M) 91.756ms
[4080.154s][info][gc,cpu         ] GC(877) User=0.54s Sys=0.01s Real=0.10s
...[4083.237s][info][gc,start       ] GC(878) Pause Young (Allocation Failure)
[4083.327s][info][gc,heap        ] GC(878) PSYoungGen: 2573184K(2611712K)->137170K(2613248K) Eden: 2432512K(2432512K)->0K(2439680K) From: 140672K(179200K)->137170K(173568K)
[4083.327s][info][gc,heap        ] GC(878) ParOldGen: 1509672K(1639936K)->1600184K(1639936K)
[4083.327s][info][gc,metaspace   ] GC(878) Metaspace: 29142K(29504K)->29142K(29504K) NonClass: 24250K(24384K)->24250K(24384K) Class: 4891K(5120K)->4891K(5120K)
[4083.327s][info][gc             ] GC(878) Pause Young (Allocation Failure) 3987M->1696M(4153M) 90.494ms
[4083.327s][info][gc,cpu         ] GC(878) User=0.54s Sys=0.00s Real=0.09s
...[4086.436s][info][gc,start       ] GC(879) Pause Young (Allocation Failure)
[4086.530s][info][gc,heap        ] GC(879) PSYoungGen: 2576850K(2613248K)->141732K(2615296K) Eden: 2439680K(2439680K)->0K(2439680K) From: 137170K(173568K)->141732K(175616K)
[4086.530s][info][gc,heap        ] GC(879) ParOldGen: 1600184K(1639936K)->1690400K(1690624K)
[4086.530s][info][gc,metaspace   ] GC(879) Metaspace: 29142K(29504K)->29142K(29504K) NonClass: 24250K(24384K)->24250K(24384K) Class: 4891K(5120K)->4891K(5120K)
[4086.530s][info][gc             ] GC(879) Pause Young (Allocation Failure) 4079M->1789M(4205M) 94.305ms
[4086.530s][info][gc,cpu         ] GC(879) User=0.54s Sys=0.01s Real=0.09s
...[4089.615s][info][gc,start       ] GC(880) Pause Young (Allocation Failure)
[4089.711s][info][gc,heap        ] GC(880) PSYoungGen: 2581412K(2615296K)->137056K(2618880K) Eden: 2439680K(2439680K)->0K(2447360K) From: 141732K(175616K)->137056K(171520K)
[4089.712s][info][gc,heap        ] GC(880) ParOldGen: 1690400K(1690624K)->1782976K(1783296K)
[4089.712s][info][gc,metaspace   ] GC(880) Metaspace: 29142K(29504K)->29142K(29504K) NonClass: 24250K(24384K)->24250K(24384K) Class: 4891K(5120K)->4891K(5120K)
[4089.712s][info][gc             ] GC(880) Pause Young (Allocation Failure) 4171M->1875M(4299M) 96.043ms
[4089.712s][info][gc,cpu         ] GC(880) User=0.53s Sys=0.04s Real=0.09s
....[4092.815s][info][gc,start       ] GC(881) Pause Young (Allocation Failure)
[4092.910s][info][gc,heap        ] GC(881) PSYoungGen: 2584416K(2618880K)->138176K(2619392K) Eden: 2447360K(2447360K)->0K(2447360K) From: 137056K(171520K)->138176K(172032K)
[4092.910s][info][gc,heap        ] GC(881) ParOldGen: 1782976K(1783296K)->1873904K(1873920K)
[4092.910s][info][gc,metaspace   ] GC(881) Metaspace: 29142K(29504K)->29142K(29504K) NonClass: 24250K(24384K)->24250K(24384K) Class: 4891K(5120K)->4891K(5120K)
[4092.911s][info][gc             ] GC(881) Pause Young (Allocation Failure) 4265M->1964M(4388M) 95.725ms
[4092.911s][info][gc,cpu         ] GC(881) User=0.54s Sys=0.03s Real=0.09s
...[4096.029s][info][gc,start       ] GC(882) Pause Young (Allocation Failure)
[4096.126s][info][gc,heap        ] GC(882) PSYoungGen: 2585536K(2619392K)->143424K(2620416K) Eden: 2447360K(2447360K)->0K(2454016K) From: 138176K(172032K)->143424K(166400K)
[4096.126s][info][gc,heap        ] GC(882) ParOldGen: 1873904K(1873920K)->1964152K(1964544K)
[4096.126s][info][gc,metaspace   ] GC(882) Metaspace: 29142K(29504K)->29142K(29504K) NonClass: 24250K(24384K)->24250K(24384K) Class: 4891K(5120K)->4891K(5120K)
[4096.126s][info][gc             ] GC(882) Pause Young (Allocation Failure) 4354M->2058M(4477M) 96.807ms
[4096.126s][info][gc,cpu         ] GC(882) User=0.55s Sys=0.04s Real=0.10s
...[4099.203s][info][gc,start       ] GC(883) Pause Young (Allocation Failure)
[4099.299s][info][gc,heap        ] GC(883) PSYoungGen: 2597440K(2620416K)->142592K(2621440K) Eden: 2454016K(2454016K)->0K(2454016K) From: 143424K(166400K)->142592K(167424K)
[4099.299s][info][gc,heap        ] GC(883) ParOldGen: 1964152K(1964544K)->2056072K(2056192K)
[4099.299s][info][gc,metaspace   ] GC(883) Metaspace: 29142K(29504K)->29142K(29504K) NonClass: 24250K(24384K)->24250K(24384K) Class: 4891K(5120K)->4891K(5120K)
[4099.299s][info][gc             ] GC(883) Pause Young (Allocation Failure) 4454M->2147M(4568M) 96.536ms
[4099.299s][info][gc,cpu         ] GC(883) User=0.54s Sys=0.03s Real=0.10s
...[4102.402s][info][gc,start       ] GC(884) Pause Young (Allocation Failure)
[4102.495s][info][gc,heap        ] GC(884) PSYoungGen: 2596608K(2621440K)->135968K(2627584K) Eden: 2454016K(2454016K)->0K(2463232K) From: 142592K(167424K)->135968K(164352K)
[4102.495s][info][gc,heap        ] GC(884) ParOldGen: 2056072K(2056192K)->2146256K(2146304K)
[4102.495s][info][gc,metaspace   ] GC(884) Metaspace: 29142K(29504K)->29142K(29504K) NonClass: 24250K(24384K)->24250K(24384K) Class: 4891K(5120K)->4891K(5120K)
[4102.495s][info][gc             ] GC(884) Pause Young (Allocation Failure) 4543M->2228M(4662M) 93.514ms
[4102.495s][info][gc,cpu         ] GC(884) User=0.53s Sys=0.02s Real=0.10s
...[4105.632s][info][gc,start       ] GC(885) Pause Young (Allocation Failure)
[4105.728s][info][gc,heap        ] GC(885) PSYoungGen: 2599200K(2627584K)->139328K(2627584K) Eden: 2463232K(2463232K)->0K(2463232K) From: 135968K(164352K)->139328K(164352K)
[4105.728s][info][gc,heap        ] GC(885) ParOldGen: 2146256K(2146304K)->2237352K(2237440K)
[4105.728s][info][gc,metaspace   ] GC(885) Metaspace: 29142K(29504K)->29142K(29504K) NonClass: 24250K(24384K)->24250K(24384K) Class: 4891K(5120K)->4891K(5120K)
[4105.728s][info][gc             ] GC(885) Pause Young (Allocation Failure) 4634M->2320M(4751M) 95.816ms
[4105.728s][info][gc,cpu         ] GC(885) User=0.54s Sys=0.02s Real=0.10s
....[4108.862s][info][gc,start       ] GC(886) Pause Young (Allocation Failure)
[4108.962s][info][gc,heap        ] GC(886) PSYoungGen: 2602560K(2627584K)->147984K(2630144K) Eden: 2463232K(2463232K)->0K(2467328K) From: 139328K(164352K)->147984K(162816K)
[4108.962s][info][gc,heap        ] GC(886) ParOldGen: 2237352K(2237440K)->2328648K(2329088K)
[4108.962s][info][gc,metaspace   ] GC(886) Metaspace: 29142K(29504K)->29142K(29504K) NonClass: 24250K(24384K)->24250K(24384K) Class: 4891K(5120K)->4891K(5120K)
[4108.962s][info][gc             ] GC(886) Pause Young (Allocation Failure) 4726M->2418M(4843M) 99.774ms
[4108.962s][info][gc,cpu         ] GC(886) User=0.57s Sys=0.03s Real=0.10s
...[4112.137s][info][gc,start       ] GC(887) Pause Young (Allocation Failure)
[4112.235s][info][gc,heap        ] GC(887) PSYoungGen: 2615312K(2630144K)->144576K(2630144K) Eden: 2467328K(2467328K)->0K(2467328K) From: 147984K(162816K)->144576K(162816K)
[4112.235s][info][gc,heap        ] GC(887) ParOldGen: 2328648K(2329088K)->2419752K(2420224K)
[4112.235s][info][gc,metaspace   ] GC(887) Metaspace: 29142K(29504K)->29142K(29504K) NonClass: 24250K(24384K)->24250K(24384K) Class: 4891K(5120K)->4891K(5120K)
[4112.235s][info][gc             ] GC(887) Pause Young (Allocation Failure) 4828M->2504M(4932M) 98.331ms
[4112.235s][info][gc,cpu         ] GC(887) User=0.56s Sys=0.02s Real=0.10s
...[4115.338s][info][gc,start       ] GC(888) Pause Young (Allocation Failure)
[4115.434s][info][gc,heap        ] GC(888) PSYoungGen: 2611904K(2630144K)->136960K(2632192K) Eden: 2467328K(2467328K)->0K(2470912K) From: 144576K(162816K)->136960K(161280K)
[4115.434s][info][gc,heap        ] GC(888) ParOldGen: 2419752K(2420224K)->2512112K(2512384K)
[4115.434s][info][gc,metaspace   ] GC(888) Metaspace: 29142K(29504K)->29142K(29504K) NonClass: 24250K(24384K)->24250K(24384K) Class: 4891K(5120K)->4891K(5120K)
[4115.434s][info][gc             ] GC(888) Pause Young (Allocation Failure) 4913M->2586M(5024M) 96.119ms
[4115.434s][info][gc,cpu         ] GC(888) User=0.54s Sys=0.03s Real=0.10s
...[4118.533s][info][gc,start       ] GC(889) Pause Young (Allocation Failure)
[4118.632s][info][gc,heap        ] GC(889) PSYoungGen: 2607872K(2632192K)->142341K(2631680K) Eden: 2470912K(2470912K)->0K(2470912K) From: 136960K(161280K)->142341K(160768K)
[4118.632s][info][gc,heap        ] GC(889) ParOldGen: 2512112K(2512384K)->2603760K(2604032K)
[4118.632s][info][gc,metaspace   ] GC(889) Metaspace: 29142K(29504K)->29142K(29504K) NonClass: 24250K(24384K)->24250K(24384K) Class: 4891K(5120K)->4891K(5120K)
[4118.632s][info][gc             ] GC(889) Pause Young (Allocation Failure) 4999M->2681M(5113M) 98.662ms
[4118.632s][info][gc,cpu         ] GC(889) User=0.55s Sys=0.03s Real=0.10s
...[4121.776s][info][gc,start       ] GC(890) Pause Young (Allocation Failure)
[4121.878s][info][gc,heap        ] GC(890) PSYoungGen: 2613253K(2631680K)->149322K(2631680K) Eden: 2470912K(2470912K)->0K(2472960K) From: 142341K(160768K)->149322K(158720K)
[4121.878s][info][gc,heap        ] GC(890) ParOldGen: 2603760K(2604032K)->2694216K(2694656K)
[4121.878s][info][gc,metaspace   ] GC(890) Metaspace: 29142K(29504K)->29142K(29504K) NonClass: 24250K(24384K)->24250K(24384K) Class: 4891K(5120K)->4891K(5120K)
[4121.878s][info][gc             ] GC(890) Pause Young (Allocation Failure) 5094M->2776M(5201M) 102.000ms
[4121.878s][info][gc,cpu         ] GC(890) User=0.58s Sys=0.02s Real=0.10s
....[4125.070s][info][gc,start       ] GC(891) Pause Young (Allocation Failure)
[4125.168s][info][gc,heap        ] GC(891) PSYoungGen: 2622282K(2631680K)->143744K(2632704K) Eden: 2472960K(2472960K)->0K(2472960K) From: 149322K(158720K)->143744K(159744K)
[4125.168s][info][gc,heap        ] GC(891) ParOldGen: 2694216K(2694656K)->2786584K(2786816K)
[4125.168s][info][gc,metaspace   ] GC(891) Metaspace: 29142K(29504K)->29142K(29504K) NonClass: 24250K(24384K)->24250K(24384K) Class: 4891K(5120K)->4891K(5120K)
[4125.168s][info][gc             ] GC(891) Pause Young (Allocation Failure) 5191M->2861M(5292M) 97.835ms
[4125.168s][info][gc,cpu         ] GC(891) User=0.55s Sys=0.03s Real=0.10s
...[4128.243s][info][gc,start       ] GC(892) Pause Young (Allocation Failure)
[4128.338s][info][gc,heap        ] GC(892) PSYoungGen: 2616704K(2632704K)->133920K(2635264K) Eden: 2472960K(2472960K)->0K(2477056K) From: 143744K(159744K)->133920K(158208K)
[4128.338s][info][gc,heap        ] GC(892) ParOldGen: 2786584K(2786816K)->2880008K(2880512K)
[4128.338s][info][gc,metaspace   ] GC(892) Metaspace: 29142K(29504K)->29142K(29504K) NonClass: 24250K(24384K)->24250K(24384K) Class: 4891K(5120K)->4891K(5120K)
[4128.338s][info][gc             ] GC(892) Pause Young (Allocation Failure) 5276M->2943M(5386M) 95.345ms
[4128.339s][info][gc,cpu         ] GC(892) User=0.53s Sys=0.03s Real=0.10s
... (rIR:aIR:PR = 6227:6227:6227) (tPR = 92355) [OK] 
  4130s: Performance info:
         Transaction,    Success,    Partial,     Failed,   Receipts, AvgBarcode, 
             Overall,     378789,          0,          0,     359822,      59.48, 
         Response times:
             Request,    Success,    Partial,     Failed,   SkipFail,     Probes,    Samples,      min,      p50,      p90,      p95,      p99,      max, 
       TotalPurchase,     359822,          0,          0,          0,     349124,     377460,      300,     4600,     8800,    18700,   183000,  1000000,
     InStorePurchase,     189321,          0,          0,          0,     183838,     198293,      300,     4600,     8900,    18800,   183000,  1000000,
      OnlinePurchase,     132585,          0,          0,          0,     128781,     139399,      300,     4400,     8700,    18300,   183000,  1000000,
        InstPurchase,      37916,          0,          0,          0,      36505,      39768,      400,     5000,     8900,    19200,   172000,   890000,
          AssocOfCat,        378,          0,          0,          0,        292,        393,    18500,    29000,    39000,    50200,   126060,   138000,
      AssocOfProduct,       3800,          0,          0,          0,       3502,       3989,      700,     3900,     8500,    19150,   195000,  1000000,
      BusinessReport,        943,          0,          0,          0,        810,        984,    24000,    35000,    52000,    63750,   147000,   169000,
          CustBuyBeh,       3794,          0,          0,          0,       3446,       3918,      400,     4500,     8500,    18505,   100000,   142000,
       ProductReturn,      10053,          0,          0,          0,       9567,      10696,      300,     4200,     9100,    19615,   178000,   890000,

  4130s: (46%)   IR =   6365 [4131.569s][info][gc,start       ] GC(893) Pause Young (Allocation Failure)
[4131.665s][info][gc,heap        ] GC(893) PSYoungGen: 2610976K(2635264K)->141184K(2635776K) Eden: 2477056K(2477056K)->0K(2477056K) From: 133920K(158208K)->141184K(158720K)
[4131.665s][info][gc,heap        ] GC(893) ParOldGen: 2880008K(2880512K)->2969232K(2969600K)
[4131.665s][info][gc,metaspace   ] GC(893) Metaspace: 29142K(29504K)->29142K(29504K) NonClass: 24250K(24384K)->24250K(24384K) Class: 4891K(5120K)->4891K(5120K)
[4131.665s][info][gc             ] GC(893) Pause Young (Allocation Failure) 5362M->3037M(5474M) 96.571ms
[4131.665s][info][gc,cpu         ] GC(893) User=0.54s Sys=0.02s Real=0.10s
...[4134.704s][info][gc,start       ] GC(894) Pause Young (Allocation Failure)
[4134.802s][info][gc,heap        ] GC(894) PSYoungGen: 2618240K(2635776K)->142576K(2635264K) Eden: 2477056K(2477056K)->0K(2480128K) From: 141184K(158720K)->142576K(155136K)
[4134.802s][info][gc,heap        ] GC(894) ParOldGen: 2969232K(2969600K)->3062840K(3063296K)
[4134.802s][info][gc,metaspace   ] GC(894) Metaspace: 29142K(29504K)->29142K(29504K) NonClass: 24250K(24384K)->24250K(24384K) Class: 4891K(5120K)->4891K(5120K)
[4134.802s][info][gc             ] GC(894) Pause Young (Allocation Failure) 5456M->3130M(5565M) 98.800ms
[4134.802s][info][gc,cpu         ] GC(894) User=0.57s Sys=0.02s Real=0.09s
..|.[4137.891s][info][gc,start       ] GC(895) Pause Young (Allocation Failure)
[4137.989s][info][gc,heap        ] GC(895) PSYoungGen: 2622704K(2635264K)->142208K(2635776K) Eden: 2480128K(2480128K)->0K(2480128K) From: 142576K(155136K)->142208K(155648K)
[4137.989s][info][gc,heap        ] GC(895) ParOldGen: 3062840K(3063296K)->3152896K(3153408K)
[4137.989s][info][gc,metaspace   ] GC(895) Metaspace: 29142K(29504K)->29142K(29504K) NonClass: 24250K(24384K)->24250K(24384K) Class: 4891K(5120K)->4891K(5120K)
[4137.989s][info][gc             ] GC(895) Pause Young (Allocation Failure) 5552M->3217M(5653M) 97.669ms
[4137.989s][info][gc,cpu         ] GC(895) User=0.56s Sys=0.03s Real=0.10s
....[4141.108s][info][gc,start       ] GC(896) Pause Young (Allocation Failure)
[4141.206s][info][gc,heap        ] GC(896) PSYoungGen: 2622336K(2635776K)->146176K(2639872K) Eden: 2480128K(2480128K)->0K(2485248K) From: 142208K(155648K)->146176K(154624K)
[4141.206s][info][gc,heap        ] GC(896) ParOldGen: 3152896K(3153408K)->3244368K(3244544K)
[4141.206s][info][gc,metaspace   ] GC(896) Metaspace: 29142K(29504K)->29142K(29504K) NonClass: 24250K(24384K)->24250K(24384K) Class: 4891K(5120K)->4891K(5120K)
[4141.206s][info][gc             ] GC(896) Pause Young (Allocation Failure) 5639M->3311M(5746M) 98.538ms
[4141.206s][info][gc,cpu         ] GC(896) User=0.56s Sys=0.02s Real=0.10s
...[4144.242s][info][gc,start       ] GC(897) Pause Young (Allocation Failure)
[4144.340s][info][gc,heap        ] GC(897) PSYoungGen: 2631424K(2639872K)->136308K(2639872K) Eden: 2485248K(2485248K)->0K(2485248K) From: 146176K(154624K)->136308K(154624K)
[4144.340s][info][gc,heap        ] GC(897) ParOldGen: 3244368K(3244544K)->3337664K(3337728K)
[4144.340s][info][gc,metaspace   ] GC(897) Metaspace: 29142K(29504K)->29142K(29504K) NonClass: 24250K(24384K)->24250K(24384K) Class: 4891K(5120K)->4891K(5120K)
[4144.340s][info][gc             ] GC(897) Pause Young (Allocation Failure) 5738M->3392M(5837M) 97.615ms
[4144.340s][info][gc,cpu         ] GC(897) User=0.55s Sys=0.02s Real=0.10s
...[4147.378s][info][gc,start       ] GC(898) Pause Young (Allocation Failure)
[4147.473s][info][gc,heap        ] GC(898) PSYoungGen: 2621556K(2639872K)->136160K(2640384K) Eden: 2485248K(2485248K)->0K(2486784K) From: 136308K(154624K)->136160K(153600K)
[4147.473s][info][gc,heap        ] GC(898) ParOldGen: 3337664K(3337728K)->3429016K(3429376K)
[4147.473s][info][gc,metaspace   ] GC(898) Metaspace: 29142K(29504K)->29142K(29504K) NonClass: 24250K(24384K)->24250K(24384K) Class: 4891K(5120K)->4891K(5120K)
[4147.474s][info][gc             ] GC(898) Pause Young (Allocation Failure) 5819M->3481M(5927M) 95.878ms
[4147.474s][info][gc,cpu         ] GC(898) User=0.54s Sys=0.02s Real=0.10s
...[4150.592s][info][gc,start       ] GC(899) Pause Young (Allocation Failure)
[4150.690s][info][gc,heap        ] GC(899) PSYoungGen: 2622944K(2640384K)->140096K(2640896K) Eden: 2486784K(2486784K)->0K(2486784K) From: 136160K(153600K)->140096K(154112K)
[4150.690s][info][gc,heap        ] GC(899) ParOldGen: 3429016K(3429376K)->3519488K(3520000K)
[4150.690s][info][gc,metaspace   ] GC(899) Metaspace: 29142K(29504K)->29142K(29504K) NonClass: 24250K(24384K)->24250K(24384K) Class: 4891K(5120K)->4891K(5120K)
[4150.690s][info][gc             ] GC(899) Pause Young (Allocation Failure) 5910M->3573M(6016M) 97.842ms
[4150.690s][info][gc,cpu         ] GC(899) User=0.55s Sys=0.03s Real=0.10s
...[4153.772s][info][gc,start       ] GC(900) Pause Young (Allocation Failure)
[4153.870s][info][gc,heap        ] GC(900) PSYoungGen: 2626880K(2640896K)->141024K(2640384K) Eden: 2486784K(2486784K)->0K(2488832K) From: 140096K(154112K)->141024K(151552K)
[4153.870s][info][gc,heap        ] GC(900) ParOldGen: 3519488K(3520000K)->3611632K(3611648K)
[4153.870s][info][gc,metaspace   ] GC(900) Metaspace: 29142K(29504K)->29142K(29504K) NonClass: 24250K(24384K)->24250K(24384K) Class: 4891K(5120K)->4891K(5120K)
[4153.870s][info][gc             ] GC(900) Pause Young (Allocation Failure) 6002M->3664M(6105M) 98.593ms
[4153.870s][info][gc,cpu         ] GC(900) User=0.55s Sys=0.03s Real=0.10s
....[4157.017s][info][gc,start       ] GC(901) Pause Young (Allocation Failure)
[4157.117s][info][gc,heap        ] GC(901) PSYoungGen: 2629856K(2640384K)->147040K(2640896K) Eden: 2488832K(2488832K)->0K(2488832K) From: 141024K(151552K)->147040K(152064K)
[4157.117s][info][gc,heap        ] GC(901) ParOldGen: 3611632K(3611648K)->3703864K(3704320K)
[4157.117s][info][gc,metaspace   ] GC(901) Metaspace: 29142K(29504K)->29142K(29504K) NonClass: 24250K(24384K)->24250K(24384K) Class: 4891K(5120K)->4891K(5120K)
[4157.117s][info][gc             ] GC(901) Pause Young (Allocation Failure) 6095M->3760M(6196M) 99.793ms
[4157.117s][info][gc,cpu         ] GC(901) User=0.56s Sys=0.03s Real=0.10s
...[4160.219s][info][gc,start       ] GC(902) Pause Young (Allocation Failure)
[4160.318s][info][gc,heap        ] GC(902) PSYoungGen: 2635872K(2640896K)->140880K(2642944K) Eden: 2488832K(2488832K)->0K(2490880K) From: 147040K(152064K)->140880K(152064K)
[4160.318s][info][gc,heap        ] GC(902) ParOldGen: 3703864K(3704320K)->3796672K(3796992K)
[4160.318s][info][gc,metaspace   ] GC(902) Metaspace: 29142K(29504K)->29142K(29504K) NonClass: 24250K(24384K)->24250K(24384K) Class: 4891K(5120K)->4891K(5120K)
[4160.318s][info][gc             ] GC(902) Pause Young (Allocation Failure) 6191M->3845M(6289M) 98.639ms
[4160.318s][info][gc,cpu         ] GC(902) User=0.55s Sys=0.03s Real=0.10s
...[4163.338s][info][gc,start       ] GC(903) Pause Young (Allocation Failure)
[4163.435s][info][gc,heap        ] GC(903) PSYoungGen: 2631760K(2642944K)->138144K(2642944K) Eden: 2490880K(2490880K)->0K(2490880K) From: 140880K(152064K)->138144K(152064K)
[4163.435s][info][gc,heap        ] GC(903) ParOldGen: 3796672K(3796992K)->3889480K(3889664K)
[4163.435s][info][gc,metaspace   ] GC(903) Metaspace: 29142K(29504K)->29142K(29504K) NonClass: 24250K(24384K)->24250K(24384K) Class: 4891K(5120K)->4891K(5120K)
[4163.435s][info][gc             ] GC(903) Pause Young (Allocation Failure) 6277M->3933M(6379M) 97.021ms
[4163.435s][info][gc,cpu         ] GC(903) User=0.53s Sys=0.04s Real=0.10s
...[4166.584s][info][gc,start       ] GC(904) Pause Young (Allocation Failure)
[4166.684s][info][gc,heap        ] GC(904) PSYoungGen: 2629024K(2642944K)->145920K(2642944K) Eden: 2490880K(2490880K)->0K(2490880K) From: 138144K(152064K)->145920K(152064K)
[4166.684s][info][gc,heap        ] GC(904) ParOldGen: 3889480K(3889664K)->3980128K(3980288K)
[4166.684s][info][gc,metaspace   ] GC(904) Metaspace: 29142K(29504K)->29142K(29504K) NonClass: 24250K(24384K)->24250K(24384K) Class: 4891K(5120K)->4891K(5120K)
[4166.684s][info][gc             ] GC(904) Pause Young (Allocation Failure) 6365M->4029M(6468M) 99.733ms
[4166.684s][info][gc,cpu         ] GC(904) User=0.56s Sys=0.03s Real=0.10s
...[4169.758s][info][gc,start       ] GC(905) Pause Young (Allocation Failure)
[4169.857s][info][gc,heap        ] GC(905) PSYoungGen: 2636800K(2642944K)->140800K(2632192K) Eden: 2490880K(2490880K)->0K(2490880K) From: 145920K(152064K)->140800K(141312K)
[4169.857s][info][gc,heap        ] GC(905) ParOldGen: 3980128K(3980288K)->4073448K(4073472K)
[4169.857s][info][gc,metaspace   ] GC(905) Metaspace: 29142K(29504K)->29142K(29504K) NonClass: 24250K(24384K)->24250K(24384K) Class: 4891K(5120K)->4891K(5120K)
[4169.857s][info][gc             ] GC(905) Pause Young (Allocation Failure) 6461M->4115M(6548M) 99.339ms
[4169.857s][info][gc,cpu         ] GC(905) User=0.55s Sys=0.03s Real=0.10s
...[4172.898s][info][gc,start       ] GC(906) Pause Young (Allocation Failure)
[4172.998s][info][gc,heap        ] GC(906) PSYoungGen: 2631680K(2632192K)->140192K(2643456K) Eden: 2490880K(2490880K)->0K(2491904K) From: 140800K(141312K)->140192K(151552K)
[4172.998s][info][gc,heap        ] GC(906) ParOldGen: 4073448K(4073472K)->4165928K(4166144K)
[4172.998s][info][gc,metaspace   ] GC(906) Metaspace: 29142K(29504K)->29142K(29504K) NonClass: 24250K(24384K)->24250K(24384K) Class: 4891K(5120K)->4891K(5120K)
[4172.998s][info][gc             ] GC(906) Pause Young (Allocation Failure) 6547M->4205M(6650M) 99.853ms
[4172.998s][info][gc,cpu         ] GC(906) User=0.55s Sys=0.03s Real=0.10s
....[4176.137s][info][gc,start       ] GC(907) Pause Young (Allocation Failure)
[4176.238s][info][gc,heap        ] GC(907) PSYoungGen: 2632096K(2643456K)->144800K(2642944K) Eden: 2491904K(2491904K)->0K(2491904K) From: 140192K(151552K)->144800K(151040K)
[4176.238s][info][gc,heap        ] GC(907) ParOldGen: 4165928K(4166144K)->4256464K(4256768K)
[4176.238s][info][gc,metaspace   ] GC(907) Metaspace: 29142K(29504K)->29142K(29504K) NonClass: 24250K(24384K)->24250K(24384K) Class: 4891K(5120K)->4891K(5120K)
[4176.238s][info][gc             ] GC(907) Pause Young (Allocation Failure) 6638M->4298M(6738M) 101.106ms
[4176.238s][info][gc,cpu         ] GC(907) User=0.56s Sys=0.03s Real=0.10s
...[4179.288s][info][gc,start       ] GC(908) Pause Young (Allocation Failure)
[4179.390s][info][gc,heap        ] GC(908) PSYoungGen: 2636704K(2642944K)->144927K(2643968K) Eden: 2491904K(2491904K)->0K(2492928K) From: 144800K(151040K)->144927K(151040K)
[4179.390s][info][gc,heap        ] GC(908) ParOldGen: 4256464K(4256768K)->4349584K(4349952K)
[4179.390s][info][gc,metaspace   ] GC(908) Metaspace: 29142K(29504K)->29142K(29504K) NonClass: 24250K(24384K)->24250K(24384K) Class: 4891K(5120K)->4891K(5120K)
[4179.390s][info][gc             ] GC(908) Pause Young (Allocation Failure) 6731M->4389M(6830M) 102.036ms
[4179.390s][info][gc,cpu         ] GC(908) User=0.57s Sys=0.02s Real=0.10s
...[4182.506s][info][gc,start       ] GC(909) Pause Young (Allocation Failure)
[4182.606s][info][gc,heap        ] GC(909) PSYoungGen: 2637855K(2643968K)->142880K(2644480K) Eden: 2492928K(2492928K)->0K(2492928K) From: 144927K(151040K)->142880K(151552K)
[4182.606s][info][gc,heap        ] GC(909) ParOldGen: 4349584K(4349952K)->4442240K(4442624K)
[4182.606s][info][gc,metaspace   ] GC(909) Metaspace: 29142K(29504K)->29142K(29504K) NonClass: 24250K(24384K)->24250K(24384K) Class: 4891K(5120K)->4891K(5120K)
[4182.606s][info][gc             ] GC(909) Pause Young (Allocation Failure) 6823M->4477M(6921M) 99.648ms
[4182.606s][info][gc,cpu         ] GC(909) User=0.55s Sys=0.03s Real=0.10s
...[4185.724s][info][gc,start       ] GC(910) Pause Young (Allocation Failure)
[4185.824s][info][gc,heap        ] GC(910) PSYoungGen: 2635808K(2644480K)->143088K(2643456K) Eden: 2492928K(2492928K)->0K(2493440K) From: 142880K(151552K)->143088K(150016K)
[4185.824s][info][gc,heap        ] GC(910) ParOldGen: 4442240K(4442624K)->4533672K(4533760K)
[4185.824s][info][gc,metaspace   ] GC(910) Metaspace: 29142K(29504K)->29142K(29504K) NonClass: 24250K(24384K)->24250K(24384K) Class: 4891K(5120K)->4891K(5120K)
[4185.824s][info][gc             ] GC(910) Pause Young (Allocation Failure) 6912M->4567M(7009M) 100.842ms
[4185.824s][info][gc,cpu         ] GC(910) User=0.55s Sys=0.04s Real=0.10s
...[4188.912s][info][gc,start       ] GC(911) Pause Young (Allocation Failure)
[4189.015s][info][gc,heap        ] GC(911) PSYoungGen: 2636528K(2643456K)->149749K(2643968K) Eden: 2493440K(2493440K)->0K(2493440K) From: 143088K(150016K)->149749K(150528K)
[4189.015s][info][gc,heap        ] GC(911) ParOldGen: 4533672K(4533760K)->4627104K(4627456K)
[4189.015s][info][gc,metaspace   ] GC(911) Metaspace: 29142K(29504K)->29142K(29504K) NonClass: 24250K(24384K)->24250K(24384K) Class: 4891K(5120K)->4891K(5120K)
[4189.015s][info][gc             ] GC(911) Pause Young (Allocation Failure) 7002M->4664M(7101M) 103.792ms
[4189.015s][info][gc,cpu         ] GC(911) User=0.60s Sys=0.01s Real=0.11s
....[4192.108s][info][gc,start       ] GC(912) Pause Young (Allocation Failure)
[4192.212s][info][gc,heap        ] GC(912) PSYoungGen: 2643189K(2643968K)->146432K(2642944K) Eden: 2493440K(2493440K)->0K(2490880K) From: 149749K(150528K)->146432K(152064K)
[4192.212s][info][gc,heap        ] GC(912) ParOldGen: 4627104K(4627456K)->4719504K(4719616K)
[4192.212s][info][gc,metaspace   ] GC(912) Metaspace: 29142K(29504K)->29142K(29504K) NonClass: 24250K(24384K)->24250K(24384K) Class: 4891K(5120K)->4891K(5120K)
[4192.212s][info][gc             ] GC(912) Pause Young (Allocation Failure) 7099M->4751M(7190M) 103.740ms
[4192.212s][info][gc,cpu         ] GC(912) User=0.59s Sys=0.03s Real=0.10s
...[4195.279s][info][gc,start       ] GC(913) Pause Young (Allocation Failure)
[4195.377s][info][gc,heap        ] GC(913) PSYoungGen: 2637312K(2642944K)->137632K(2643456K) Eden: 2490880K(2490880K)->0K(2490880K) From: 146432K(152064K)->137632K(152576K)
[4195.377s][info][gc,heap        ] GC(913) ParOldGen: 4719504K(4719616K)->4811736K(4811776K)
[4195.377s][info][gc,metaspace   ] GC(913) Metaspace: 29142K(29504K)->29142K(29504K) NonClass: 24250K(24384K)->24250K(24384K) Class: 4891K(5120K)->4891K(5120K)
[4195.377s][info][gc             ] GC(913) Pause Young (Allocation Failure) 7184M->4833M(7280M) 97.555ms
[4195.377s][info][gc,cpu         ] GC(913) User=0.54s Sys=0.03s Real=0.10s
. (rIR:aIR:PR = 6365:6366:6366) (tPR = 94144) [OK] 
  4195s: Performance info:
         Transaction,    Success,    Partial,     Failed,   Receipts, AvgBarcode, 
             Overall,     382667,          0,          0,     363553,      59.48, 
         Response times:
             Request,    Success,    Partial,     Failed,   SkipFail,     Probes,    Samples,      min,      p50,      p90,      p95,      p99,      max, 
       TotalPurchase,     363567,          0,          0,          0,     358510,     388239,      200,     4500,     8300,    13000,    47000,   158000,
     InStorePurchase,     191331,          0,          0,          0,     188842,     203885,      300,     4400,     8300,    12800,    47000,   158000,
      OnlinePurchase,     133946,          0,          0,          0,     132242,     143594,      200,     4500,     8300,    13100,    47000,   145000,
        InstPurchase,      38290,          0,          0,          0,      37426,      40760,      400,     4900,     8400,    13400,    48000,   115000,
          AssocOfCat,        381,          0,          0,          0,        316,        411,    18200,    29000,    39000,    46000,   130000,   148000,
      AssocOfProduct,       3828,          0,          0,          0,       3585,       4128,      500,     4200,     8600,    13865,    46000,   114000,
      BusinessReport,        955,          0,          0,          0,        859,       1084,    22000,    36000,    53000,    62000,   142050,   167000,
          CustBuyBeh,       3827,          0,          0,          0,       3582,       4094,      300,     5500,     9300,    16200,    50000,   107000,
       ProductReturn,      10125,          0,          0,          0,       9780,      11013,      200,     3700,     7900,    13000,    45000,   114000,

  4195s: (47%)   IR =   6503 ..[4198.434s][info][gc,start       ] GC(914) Pause Young (Allocation Failure)
[4198.534s][info][gc,heap        ] GC(914) PSYoungGen: 2628512K(2643456K)->138720K(2643456K) Eden: 2490880K(2490880K)->0K(2490880K) From: 137632K(152576K)->138720K(152576K)
[4198.534s][info][gc,heap        ] GC(914) ParOldGen: 4811736K(4811776K)->4904136K(4904448K)
[4198.534s][info][gc,metaspace   ] GC(914) Metaspace: 29142K(29504K)->29142K(29504K) NonClass: 24250K(24384K)->24250K(24384K) Class: 4891K(5120K)->4891K(5120K)
[4198.534s][info][gc             ] GC(914) Pause Young (Allocation Failure) 7265M->4924M(7371M) 100.369ms
[4198.534s][info][gc,cpu         ] GC(914) User=0.56s Sys=0.02s Real=0.10s
...|[4201.591s][info][gc,start       ] GC(915) Pause Young (Allocation Failure)
[4201.691s][info][gc,heap        ] GC(915) PSYoungGen: 2629600K(2643456K)->140736K(2631680K) Eden: 2490880K(2490880K)->0K(2490880K) From: 138720K(152576K)->140736K(140800K)
[4201.691s][info][gc,heap        ] GC(915) ParOldGen: 4904136K(4904448K)->4996296K(4996608K)
[4201.691s][info][gc,metaspace   ] GC(915) Metaspace: 29142K(29504K)->29142K(29504K) NonClass: 24250K(24384K)->24250K(24384K) Class: 4891K(5120K)->4891K(5120K)
[4201.691s][info][gc             ] GC(915) Pause Young (Allocation Failure) 7357M->5016M(7449M) 100.326ms
[4201.691s][info][gc,cpu         ] GC(915) User=0.55s Sys=0.04s Real=0.10s
...[4204.671s][info][gc,start       ] GC(916) Pause Young (Allocation Failure)
[4204.775s][info][gc,heap        ] GC(916) PSYoungGen: 2631616K(2631680K)->144821K(2642432K) Eden: 2490880K(2490880K)->0K(2490880K) From: 140736K(140800K)->144821K(151552K)
[4204.775s][info][gc,heap        ] GC(916) ParOldGen: 4996296K(4996608K)->5088864K(5089280K)
[4204.775s][info][gc,metaspace   ] GC(916) Metaspace: 29142K(29504K)->29142K(29504K) NonClass: 24250K(24384K)->24250K(24384K) Class: 4891K(5120K)->4891K(5120K)
[4204.775s][info][gc             ] GC(916) Pause Young (Allocation Failure) 7449M->5111M(7550M) 104.151ms
[4204.775s][info][gc,cpu         ] GC(916) User=0.58s Sys=0.04s Real=0.11s
..[4206.717s][info][gc,start       ] GC(917) Pause Full (Diagnostic Command)
[4206.717s][info][gc,phases,start] GC(917) Marking Phase
[4207.010s][info][gc,phases      ] GC(917) Marking Phase 293.039ms
[4207.010s][info][gc,phases,start] GC(917) Summary Phase
[4207.010s][info][gc,phases      ] GC(917) Summary Phase 0.094ms
[4207.010s][info][gc,phases,start] GC(917) Forward
[4207.199s][info][gc,phases      ] GC(917) Forward 188.414ms
[4207.199s][info][gc,phases,start] GC(917) Adjust Pointers
[4207.410s][info][gc,phases      ] GC(917) Adjust Pointers 211.008ms
[4207.410s][info][gc,phases,start] GC(917) Compaction Phase
[4207.570s][info][gc,phases      ] GC(917) Compaction Phase 159.833ms
[4207.571s][info][gc,phases,start] GC(917) Post Compact
[4207.577s][info][gc,phases      ] GC(917) Post Compact 5.984ms
[4207.577s][info][gc,heap        ] GC(917) PSYoungGen: 1751037K(2642432K)->0K(2642432K) Eden: 1606216K(2490880K)->0K(2490880K) From: 144821K(151552K)->0K(151552K)
[4207.577s][info][gc,heap        ] GC(917) ParOldGen: 5088864K(5089280K)->1146057K(5089280K)
[4207.577s][info][gc,metaspace   ] GC(917) Metaspace: 29142K(29504K)->29142K(29504K) NonClass: 24250K(24384K)->24250K(24384K) Class: 4891K(5120K)->4891K(5120K)
[4207.577s][info][gc             ] GC(917) Pause Full (Diagnostic Command) 6679M->1119M(7550M) 860.372ms
[4207.578s][info][gc,cpu         ] GC(917) User=4.43s Sys=0.00s Real=0.86s
...[4209.828s][info][gc,start       ] GC(918) Pause Young (Allocation Failure)
[4209.894s][info][gc,heap        ] GC(918) PSYoungGen: 2490880K(2642432K)->144304K(2642432K) Eden: 2490880K(2490880K)->0K(2490880K) From: 0K(151552K)->144304K(151552K)
[4209.894s][info][gc,heap        ] GC(918) ParOldGen: 1146057K(5089280K)->1146057K(5089280K)
[4209.894s][info][gc,metaspace   ] GC(918) Metaspace: 29142K(29504K)->29142K(29504K) NonClass: 24250K(24384K)->24250K(24384K) Class: 4891K(5120K)->4891K(5120K)
[4209.894s][info][gc             ] GC(918) Pause Young (Allocation Failure) 3551M->1260M(7550M) 66.071ms
[4209.894s][info][gc,cpu         ] GC(918) User=0.39s Sys=0.00s Real=0.07s
...[4212.957s][info][gc,start       ] GC(919) Pause Young (Allocation Failure)
[4213.056s][info][gc,heap        ] GC(919) PSYoungGen: 2635184K(2642432K)->149141K(2641408K) Eden: 2490880K(2490880K)->0K(2489856K) From: 144304K(151552K)->149141K(151552K)
[4213.056s][info][gc,heap        ] GC(919) ParOldGen: 1146057K(5089280K)->1241473K(5089280K)
[4213.056s][info][gc,metaspace   ] GC(919) Metaspace: 29142K(29504K)->29142K(29504K) NonClass: 24250K(24384K)->24250K(24384K) Class: 4891K(5120K)->4891K(5120K)
[4213.056s][info][gc             ] GC(919) Pause Young (Allocation Failure) 3692M->1358M(7549M) 99.426ms
[4213.056s][info][gc,cpu         ] GC(919) User=0.59s Sys=0.00s Real=0.10s
...[4216.121s][info][gc,start       ] GC(920) Pause Young (Allocation Failure)
[4216.218s][info][gc,heap        ] GC(920) PSYoungGen: 2638997K(2641408K)->149824K(2639872K) Eden: 2489856K(2489856K)->0K(2489856K) From: 149141K(151552K)->149824K(150016K)
[4216.218s][info][gc,heap        ] GC(920) ParOldGen: 1241473K(5089280K)->1333761K(5089280K)
[4216.218s][info][gc,metaspace   ] GC(920) Metaspace: 29142K(29504K)->29142K(29504K) NonClass: 24250K(24384K)->24250K(24384K) Class: 4891K(5120K)->4891K(5120K)
[4216.218s][info][gc             ] GC(920) Pause Young (Allocation Failure) 3789M->1448M(7548M) 96.977ms
[4216.218s][info][gc,cpu         ] GC(920) User=0.58s Sys=0.00s Real=0.10s
...[4219.197s][info][gc,start       ] GC(921) Pause Young (Allocation Failure)
[4219.288s][info][gc,heap        ] GC(921) PSYoungGen: 2639680K(2639872K)->134112K(2640384K) Eden: 2489856K(2489856K)->0K(2485760K) From: 149824K(150016K)->134112K(154624K)
[4219.288s][info][gc,heap        ] GC(921) ParOldGen: 1333761K(5089280K)->1428065K(5089280K)
[4219.288s][info][gc,metaspace   ] GC(921) Metaspace: 29142K(29504K)->29142K(29504K) NonClass: 24250K(24384K)->24250K(24384K) Class: 4891K(5120K)->4891K(5120K)
[4219.288s][info][gc             ] GC(921) Pause Young (Allocation Failure) 3880M->1525M(7548M) 90.785ms
[4219.288s][info][gc,cpu         ] GC(921) User=0.54s Sys=0.00s Real=0.09s
...[4222.295s][info][gc,start       ] GC(922) Pause Young (Allocation Failure)
[4222.389s][info][gc,heap        ] GC(922) PSYoungGen: 2619872K(2640384K)->143590K(2629632K) Eden: 2485760K(2485760K)->0K(2485760K) From: 134112K(154624K)->143590K(143872K)
[4222.389s][info][gc,heap        ] GC(922) ParOldGen: 1428065K(5089280K)->1518177K(5089280K)
[4222.389s][info][gc,metaspace   ] GC(922) Metaspace: 29142K(29504K)->29142K(29504K) NonClass: 24250K(24384K)->24250K(24384K) Class: 4891K(5120K)->4891K(5120K)
[4222.389s][info][gc             ] GC(922) Pause Young (Allocation Failure) 3953M->1622M(7538M) 93.894ms
[4222.389s][info][gc,cpu         ] GC(922) User=0.56s Sys=0.00s Real=0.09s
...[4225.441s][info][gc,start       ] GC(923) Pause Young (Allocation Failure)
[4225.534s][info][gc,heap        ] GC(923) PSYoungGen: 2629350K(2629632K)->143072K(2641408K) Eden: 2485760K(2485760K)->0K(2487296K) From: 143590K(143872K)->143072K(154112K)
[4225.534s][info][gc,heap        ] GC(923) ParOldGen: 1518177K(5089280K)->1609993K(5089280K)
[4225.534s][info][gc,metaspace   ] GC(923) Metaspace: 29142K(29504K)->29142K(29504K) NonClass: 24250K(24384K)->24250K(24384K) Class: 4891K(5120K)->4891K(5120K)
[4225.534s][info][gc             ] GC(923) Pause Young (Allocation Failure) 4050M->1711M(7549M) 93.284ms
[4225.534s][info][gc,cpu         ] GC(923) User=0.55s Sys=0.00s Real=0.10s
...[4228.507s][info][gc,start       ] GC(924) Pause Young (Allocation Failure)
[4228.602s][info][gc,heap        ] GC(924) PSYoungGen: 2630368K(2641408K)->144628K(2640384K) Eden: 2487296K(2487296K)->0K(2487296K) From: 143072K(154112K)->144628K(153088K)
[4228.602s][info][gc,heap        ] GC(924) ParOldGen: 1609993K(5089280K)->1703673K(5089280K)
[4228.602s][info][gc,metaspace   ] GC(924) Metaspace: 29142K(29504K)->29142K(29504K) NonClass: 24250K(24384K)->24250K(24384K) Class: 4891K(5120K)->4891K(5120K)
[4228.602s][info][gc             ] GC(924) Pause Young (Allocation Failure) 4140M->1804M(7548M) 95.102ms
[4228.602s][info][gc,cpu         ] GC(924) User=0.56s Sys=0.00s Real=0.09s
...[4231.662s][info][gc,start       ] GC(925) Pause Young (Allocation Failure)
[4231.756s][info][gc,heap        ] GC(925) PSYoungGen: 2631924K(2640384K)->143744K(2641920K) Eden: 2487296K(2487296K)->0K(2489344K) From: 144628K(153088K)->143744K(152576K)
[4231.756s][info][gc,heap        ] GC(925) ParOldGen: 1703673K(5089280K)->1795161K(5089280K)
[4231.756s][info][gc,metaspace   ] GC(925) Metaspace: 29142K(29504K)->29142K(29504K) NonClass: 24250K(24384K)->24250K(24384K) Class: 4891K(5120K)->4891K(5120K)
[4231.756s][info][gc             ] GC(925) Pause Young (Allocation Failure) 4233M->1893M(7550M) 94.148ms
[4231.756s][info][gc,cpu         ] GC(925) User=0.55s Sys=0.00s Real=0.10s
....[4234.772s][info][gc,start       ] GC(926) Pause Young (Allocation Failure)
[4234.865s][info][gc,heap        ] GC(926) PSYoungGen: 2633088K(2641920K)->139872K(2641408K) Eden: 2489344K(2489344K)->0K(2489344K) From: 143744K(152576K)->139872K(152064K)
[4234.865s][info][gc,heap        ] GC(926) ParOldGen: 1795161K(5089280K)->1888153K(5089280K)
[4234.865s][info][gc,metaspace   ] GC(926) Metaspace: 29142K(29504K)->29142K(29504K) NonClass: 24250K(24384K)->24250K(24384K) Class: 4891K(5120K)->4891K(5120K)
[4234.865s][info][gc             ] GC(926) Pause Young (Allocation Failure) 4324M->1980M(7549M) 92.653ms
[4234.865s][info][gc,cpu         ] GC(926) User=0.55s Sys=0.00s Real=0.10s
...[4237.907s][info][gc,start       ] GC(927) Pause Young (Allocation Failure)
[4237.999s][info][gc,heap        ] GC(927) PSYoungGen: 2629216K(2641408K)->142624K(2643456K) Eden: 2489344K(2489344K)->0K(2491904K) From: 139872K(152064K)->142624K(151552K)
[4237.999s][info][gc,heap        ] GC(927) ParOldGen: 1888153K(5089280K)->1978969K(5089280K)
[4237.999s][info][gc,metaspace   ] GC(927) Metaspace: 29142K(29504K)->29142K(29504K) NonClass: 24250K(24384K)->24250K(24384K) Class: 4891K(5120K)->4891K(5120K)
[4237.999s][info][gc             ] GC(927) Pause Young (Allocation Failure) 4411M->2071M(7551M) 91.253ms
[4237.999s][info][gc,cpu         ] GC(927) User=0.54s Sys=0.00s Real=0.09s
...[4240.983s][info][gc,start       ] GC(928) Pause Young (Allocation Failure)
[4241.076s][info][gc,heap        ] GC(928) PSYoungGen: 2634528K(2643456K)->141408K(2642944K) Eden: 2491904K(2491904K)->0K(2491904K) From: 142624K(151552K)->141408K(151040K)
[4241.076s][info][gc,heap        ] GC(928) ParOldGen: 1978969K(5089280K)->2071985K(5089280K)
[4241.076s][info][gc,metaspace   ] GC(928) Metaspace: 29142K(29504K)->29142K(29504K) NonClass: 24250K(24384K)->24250K(24384K) Class: 4891K(5120K)->4891K(5120K)
[4241.076s][info][gc             ] GC(928) Pause Young (Allocation Failure) 4505M->2161M(7551M) 92.905ms
[4241.076s][info][gc,cpu         ] GC(928) User=0.55s Sys=0.00s Real=0.09s
...[4244.168s][info][gc,start       ] GC(929) Pause Young (Allocation Failure)
[4244.268s][info][gc,heap        ] GC(929) PSYoungGen: 2633312K(2642944K)->150517K(2571776K) Eden: 2491904K(2491904K)->0K(2421248K) From: 141408K(151040K)->150517K(150528K)
[4244.268s][info][gc,heap        ] GC(929) ParOldGen: 2071985K(5089280K)->2165529K(5089280K)
[4244.268s][info][gc,metaspace   ] GC(929) Metaspace: 29142K(29504K)->29142K(29504K) NonClass: 24250K(24384K)->24250K(24384K) Class: 4891K(5120K)->4891K(5120K)
[4244.268s][info][gc             ] GC(929) Pause Young (Allocation Failure) 4595M->2261M(7481M) 99.889ms
[4244.268s][info][gc,cpu         ] GC(929) User=0.59s Sys=0.01s Real=0.10s
...[4247.228s][info][gc,start       ] GC(930) Pause Young (Allocation Failure)
[4247.321s][info][gc,heap        ] GC(930) PSYoungGen: 2571765K(2571776K)->137680K(2608640K) Eden: 2421248K(2421248K)->0K(2421248K) From: 150517K(150528K)->137680K(187392K)
[4247.321s][info][gc,heap        ] GC(930) ParOldGen: 2165529K(5089280K)->2257913K(5089280K)
[4247.321s][info][gc,metaspace   ] GC(930) Metaspace: 29142K(29504K)->29142K(29504K) NonClass: 24250K(24384K)->24250K(24384K) Class: 4891K(5120K)->4891K(5120K)
[4247.321s][info][gc             ] GC(930) Pause Young (Allocation Failure) 4626M->2339M(7517M) 92.909ms
[4247.321s][info][gc,cpu         ] GC(930) User=0.55s Sys=0.00s Real=0.09s
...[4250.208s][info][gc,start       ] GC(931) Pause Young (Allocation Failure)
[4250.300s][info][gc,heap        ] GC(931) PSYoungGen: 2558928K(2608640K)->137780K(2605568K) Eden: 2421248K(2421248K)->0K(2422272K) From: 137680K(187392K)->137780K(183296K)
[4250.300s][info][gc,heap        ] GC(931) ParOldGen: 2257913K(5089280K)->2349145K(5089280K)
[4250.300s][info][gc,metaspace   ] GC(931) Metaspace: 29142K(29504K)->29142K(29504K) NonClass: 24250K(24384K)->24250K(24384K) Class: 4891K(5120K)->4891K(5120K)
[4250.300s][info][gc             ] GC(931) Pause Young (Allocation Failure) 4703M->2428M(7514M) 91.882ms
[4250.300s][info][gc,cpu         ] GC(931) User=0.55s Sys=0.01s Real=0.09s
...[4253.215s][info][gc,start       ] GC(932) Pause Young (Allocation Failure)
[4253.303s][info][gc,heap        ] GC(932) PSYoungGen: 2560052K(2605568K)->132576K(2607616K) Eden: 2422272K(2422272K)->0K(2422272K) From: 137780K(183296K)->132576K(185344K)
[4253.303s][info][gc,heap        ] GC(932) ParOldGen: 2349145K(5089280K)->2439321K(5089280K)
[4253.303s][info][gc,metaspace   ] GC(932) Metaspace: 29142K(29504K)->29142K(29504K) NonClass: 24250K(24384K)->24250K(24384K) Class: 4891K(5120K)->4891K(5120K)
[4253.303s][info][gc             ] GC(932) Pause Young (Allocation Failure) 4794M->2511M(7516M) 88.144ms
[4253.303s][info][gc,cpu         ] GC(932) User=0.52s Sys=0.00s Real=0.08s
...[4256.240s][info][gc,start       ] GC(933) Pause Young (Allocation Failure)
[4256.330s][info][gc,heap        ] GC(933) PSYoungGen: 2554848K(2607616K)->133984K(2607104K) Eden: 2422272K(2422272K)->0K(2425856K) From: 132576K(185344K)->133984K(181248K)
[4256.330s][info][gc,heap        ] GC(933) ParOldGen: 2439321K(5089280K)->2529265K(5089280K)
[4256.330s][info][gc,metaspace   ] GC(933) Metaspace: 29142K(29504K)->29142K(29504K) NonClass: 24250K(24384K)->24250K(24384K) Class: 4891K(5120K)->4891K(5120K)
[4256.330s][info][gc             ] GC(933) Pause Young (Allocation Failure) 4877M->2600M(7516M) 90.119ms
[4256.330s][info][gc,cpu         ] GC(933) User=0.52s Sys=0.01s Real=0.09s
...[4259.325s][info][gc,start       ] GC(934) Pause Young (Allocation Failure)
[4259.417s][info][gc,heap        ] GC(934) PSYoungGen: 2559840K(2607104K)->139684K(2609152K) Eden: 2425856K(2425856K)->0K(2425856K) From: 133984K(181248K)->139684K(183296K)
[4259.417s][info][gc,heap        ] GC(934) ParOldGen: 2529265K(5089280K)->2620641K(5089280K)
[4259.417s][info][gc,metaspace   ] GC(934) Metaspace: 29142K(29504K)->29142K(29504K) NonClass: 24250K(24384K)->24250K(24384K) Class: 4891K(5120K)->4891K(5120K)
[4259.417s][info][gc             ] GC(934) Pause Young (Allocation Failure) 4969M->2695M(7518M) 91.784ms
[4259.417s][info][gc,cpu         ] GC(934) User=0.55s Sys=0.00s Real=0.09s
... (rIR:aIR:PR = 6503:6506:6506) (tPR = 96832) [OK] 
  4261s: Performance info:
         Transaction,    Success,    Partial,     Failed,   Receipts, AvgBarcode, 
             Overall,     394645,          0,          0,     374926,      59.48, 
         Response times:
             Request,    Success,    Partial,     Failed,   SkipFail,     Probes,    Samples,      min,      p50,      p90,      p95,      p99,      max, 
       TotalPurchase,     374919,          0,          0,          0,     361535,     395658,      300,     4600,     8600,    18000,   112000,   251000,
     InStorePurchase,     197372,          0,          0,          0,     190183,     207421,      300,     4700,     8700,    18300,    90000,   251000,
      OnlinePurchase,     138088,          0,          0,          0,     133344,     146097,      300,     4500,     8400,    17000,   225000,   249000,
        InstPurchase,      39459,          0,          0,          0,      38008,      42140,      400,     4500,     9000,    19900,   216000,   249000,
          AssocOfCat,        397,          0,          0,          0,        308,        406,    21000,    32000,    48000,    67600,   138000,   155000,
      AssocOfProduct,       3943,          0,          0,          0,       3645,       4202,      500,     4300,     7700,    17755,   148000,   201000,
      BusinessReport,        983,          0,          0,          0,        845,       1008,    23000,    37000,    57000,    82000,   305000,   970000,
          CustBuyBeh,       3939,          0,          0,          0,       3636,       4206,      400,     4900,     9100,    19065,   238000,   238000,
       ProductReturn,      10456,          0,          0,          0,      10071,      11280,      200,     3800,     8800,    14500,   228000,   241000,

  4261s: (48%)   IR =   6642 [4262.406s][info][gc,start       ] GC(935) Pause Young (Allocation Failure)
[4262.498s][info][gc,heap        ] GC(935) PSYoungGen: 2565540K(2609152K)->137088K(2608640K) Eden: 2425856K(2425856K)->0K(2431488K) From: 139684K(183296K)->137088K(177152K)
[4262.498s][info][gc,heap        ] GC(935) ParOldGen: 2620641K(5089280K)->2710649K(5089280K)
[4262.498s][info][gc,metaspace   ] GC(935) Metaspace: 29142K(29504K)->29142K(29504K) NonClass: 24250K(24384K)->24250K(24384K) Class: 4891K(5120K)->4891K(5120K)
[4262.499s][info][gc             ] GC(935) Pause Young (Allocation Failure) 5064M->2780M(7517M) 92.385ms
[4262.499s][info][gc,cpu         ] GC(935) User=0.54s Sys=0.00s Real=0.09s
...[4265.378s][info][gc,start       ] GC(936) Pause Young (Allocation Failure)
[4265.473s][info][gc,heap        ] GC(936) PSYoungGen: 2568576K(2608640K)->144196K(2610688K) Eden: 2431488K(2431488K)->0K(2431488K) From: 137088K(177152K)->144196K(179200K)
[4265.473s][info][gc,heap        ] GC(936) ParOldGen: 2710649K(5089280K)->2802353K(5089280K)
[4265.473s][info][gc,metaspace   ] GC(936) Metaspace: 29142K(29504K)->29142K(29504K) NonClass: 24250K(24384K)->24250K(24384K) Class: 4891K(5120K)->4891K(5120K)
[4265.473s][info][gc             ] GC(936) Pause Young (Allocation Failure) 5155M->2877M(7519M) 95.095ms
[4265.473s][info][gc,cpu         ] GC(936) User=0.56s Sys=0.00s Real=0.09s
.|..[4268.356s][info][gc,start       ] GC(937) Pause Young (Allocation Failure)
[4268.451s][info][gc,heap        ] GC(937) PSYoungGen: 2575684K(2610688K)->142704K(2611712K) Eden: 2431488K(2431488K)->0K(2440704K) From: 144196K(179200K)->142704K(171008K)
[4268.451s][info][gc,heap        ] GC(937) ParOldGen: 2802353K(5089280K)->2893265K(5089280K)
[4268.451s][info][gc,metaspace   ] GC(937) Metaspace: 29142K(29504K)->29142K(29504K) NonClass: 24250K(24384K)->24250K(24384K) Class: 4891K(5120K)->4891K(5120K)
[4268.451s][info][gc             ] GC(937) Pause Young (Allocation Failure) 5251M->2964M(7520M) 94.570ms
[4268.451s][info][gc,cpu         ] GC(937) User=0.56s Sys=0.01s Real=0.09s
...[4271.313s][info][gc,start       ] GC(938) Pause Young (Allocation Failure)
[4271.405s][info][gc,heap        ] GC(938) PSYoungGen: 2583408K(2611712K)->133376K(2613760K) Eden: 2440704K(2440704K)->0K(2440704K) From: 142704K(171008K)->133376K(173056K)
[4271.405s][info][gc,heap        ] GC(938) ParOldGen: 2893265K(5089280K)->2985225K(5089280K)
[4271.405s][info][gc,metaspace   ] GC(938) Metaspace: 29142K(29504K)->29142K(29504K) NonClass: 24250K(24384K)->24250K(24384K) Class: 4891K(5120K)->4891K(5120K)
[4271.405s][info][gc             ] GC(938) Pause Young (Allocation Failure) 5348M->3045M(7522M) 91.774ms
[4271.405s][info][gc,cpu         ] GC(938) User=0.54s Sys=0.00s Real=0.10s
...[4274.323s][info][gc,start       ] GC(939) Pause Young (Allocation Failure)
[4274.416s][info][gc,heap        ] GC(939) PSYoungGen: 2574080K(2613760K)->136224K(2619392K) Eden: 2440704K(2440704K)->0K(2450432K) From: 133376K(173056K)->136224K(168960K)
[4274.416s][info][gc,heap        ] GC(939) ParOldGen: 2985225K(5089280K)->3075497K(5089280K)
[4274.416s][info][gc,metaspace   ] GC(939) Metaspace: 29142K(29504K)->29142K(29504K) NonClass: 24250K(24384K)->24250K(24384K) Class: 4891K(5120K)->4891K(5120K)
[4274.416s][info][gc             ] GC(939) Pause Young (Allocation Failure) 5429M->3136M(7528M) 93.549ms
[4274.416s][info][gc,cpu         ] GC(939) User=0.55s Sys=0.00s Real=0.10s
...[4277.386s][info][gc,start       ] GC(940) Pause Young (Allocation Failure)
[4277.480s][info][gc,heap        ] GC(940) PSYoungGen: 2586656K(2619392K)->138432K(2621440K) Eden: 2450432K(2450432K)->0K(2450432K) From: 136224K(168960K)->138432K(171008K)
[4277.480s][info][gc,heap        ] GC(940) ParOldGen: 3075497K(5089280K)->3166681K(5089280K)
[4277.480s][info][gc,metaspace   ] GC(940) Metaspace: 29142K(29504K)->29142K(29504K) NonClass: 24250K(24384K)->24250K(24384K) Class: 4891K(5120K)->4891K(5120K)
[4277.480s][info][gc             ] GC(940) Pause Young (Allocation Failure) 5529M->3227M(7530M) 93.434ms
[4277.480s][info][gc,cpu         ] GC(940) User=0.55s Sys=0.00s Real=0.09s
...[4280.374s][info][gc,start       ] GC(941) Pause Young (Allocation Failure)
[4280.470s][info][gc,heap        ] GC(941) PSYoungGen: 2588864K(2621440K)->140368K(2619904K) Eden: 2450432K(2450432K)->0K(2456064K) From: 138432K(171008K)->140368K(163840K)
[4280.470s][info][gc,heap        ] GC(941) ParOldGen: 3166681K(5089280K)->3259953K(5089280K)
[4280.470s][info][gc,metaspace   ] GC(941) Metaspace: 29142K(29504K)->29142K(29504K) NonClass: 24250K(24384K)->24250K(24384K) Class: 4891K(5120K)->4891K(5120K)
[4280.470s][info][gc             ] GC(941) Pause Young (Allocation Failure) 5620M->3320M(7528M) 95.398ms
[4280.470s][info][gc,cpu         ] GC(941) User=0.56s Sys=0.00s Real=0.09s
...[4283.354s][info][gc,start       ] GC(942) Pause Young (Allocation Failure)
[4283.445s][info][gc,heap        ] GC(942) PSYoungGen: 2596432K(2619904K)->135328K(2622464K) Eden: 2456064K(2456064K)->0K(2456064K) From: 140368K(163840K)->135328K(166400K)
[4283.445s][info][gc,heap        ] GC(942) ParOldGen: 3259953K(5089280K)->3351177K(5089280K)
[4283.445s][info][gc,metaspace   ] GC(942) Metaspace: 29142K(29504K)->29142K(29504K) NonClass: 24250K(24384K)->24250K(24384K) Class: 4891K(5120K)->4891K(5120K)
[4283.445s][info][gc             ] GC(942) Pause Young (Allocation Failure) 5719M->3404M(7531M) 90.634ms
[4283.445s][info][gc,cpu         ] GC(942) User=0.53s Sys=0.00s Real=0.09s
...[4286.385s][info][gc,start       ] GC(943) Pause Young (Allocation Failure)
[4286.476s][info][gc,heap        ] GC(943) PSYoungGen: 2591392K(2622464K)->137568K(2625536K) Eden: 2456064K(2456064K)->0K(2464256K) From: 135328K(166400K)->137568K(161280K)
[4286.476s][info][gc,heap        ] GC(943) ParOldGen: 3351177K(5089280K)->3441377K(5089280K)
[4286.476s][info][gc,metaspace   ] GC(943) Metaspace: 29142K(29504K)->29142K(29504K) NonClass: 24250K(24384K)->24250K(24384K) Class: 4891K(5120K)->4891K(5120K)
[4286.476s][info][gc             ] GC(943) Pause Young (Allocation Failure) 5803M->3495M(7534M) 91.003ms
[4286.476s][info][gc,cpu         ] GC(943) User=0.54s Sys=0.00s Real=0.09s
...[4289.412s][info][gc,start       ] GC(944) Pause Young (Allocation Failure)
[4289.508s][info][gc,heap        ] GC(944) PSYoungGen: 2601824K(2625536K)->141540K(2628096K) Eden: 2464256K(2464256K)->0K(2464256K) From: 137568K(161280K)->141540K(163840K)
[4289.508s][info][gc,heap        ] GC(944) ParOldGen: 3441377K(5089280K)->3533401K(5089280K)
[4289.508s][info][gc,metaspace   ] GC(944) Metaspace: 29142K(29504K)->29142K(29504K) NonClass: 24250K(24384K)->24250K(24384K) Class: 4891K(5120K)->4891K(5120K)
[4289.508s][info][gc             ] GC(944) Pause Young (Allocation Failure) 5901M->3588M(7536M) 96.734ms
[4289.508s][info][gc,cpu         ] GC(944) User=0.57s Sys=0.00s Real=0.10s
...[4292.438s][info][gc,start       ] GC(945) Pause Young (Allocation Failure)
[4292.535s][info][gc,heap        ] GC(945) PSYoungGen: 2605796K(2628096K)->144240K(2629632K) Eden: 2464256K(2464256K)->0K(2470400K) From: 141540K(163840K)->144240K(159232K)
[4292.535s][info][gc,heap        ] GC(945) ParOldGen: 3533401K(5089280K)->3624769K(5089280K)
[4292.535s][info][gc,metaspace   ] GC(945) Metaspace: 29142K(29504K)->29142K(29504K) NonClass: 24250K(24384K)->24250K(24384K) Class: 4891K(5120K)->4891K(5120K)
[4292.535s][info][gc             ] GC(945) Pause Young (Allocation Failure) 5995M->3680M(7538M) 97.632ms
[4292.535s][info][gc,cpu         ] GC(945) User=0.57s Sys=0.00s Real=0.10s
...[4295.444s][info][gc,start       ] GC(946) Pause Young (Allocation Failure)
[4295.539s][info][gc,heap        ] GC(946) PSYoungGen: 2614640K(2629632K)->136800K(2631168K) Eden: 2470400K(2470400K)->0K(2470400K) From: 144240K(159232K)->136800K(160768K)
[4295.539s][info][gc,heap        ] GC(946) ParOldGen: 3624769K(5089280K)->3717825K(5089280K)
[4295.539s][info][gc,metaspace   ] GC(946) Metaspace: 29142K(29504K)->29142K(29504K) NonClass: 24250K(24384K)->24250K(24384K) Class: 4891K(5120K)->4891K(5120K)
[4295.539s][info][gc             ] GC(946) Pause Young (Allocation Failure) 6093M->3764M(7539M) 94.478ms
[4295.539s][info][gc,cpu         ] GC(946) User=0.55s Sys=0.00s Real=0.09s
...[4298.559s][info][gc,start       ] GC(947) Pause Young (Allocation Failure)
[4298.657s][info][gc,heap        ] GC(947) PSYoungGen: 2607200K(2631168K)->149252K(2634240K) Eden: 2470400K(2470400K)->0K(2474496K) From: 136800K(160768K)->149252K(159744K)
[4298.657s][info][gc,heap        ] GC(947) ParOldGen: 3717825K(5089280K)->3808401K(5089280K)
[4298.657s][info][gc,metaspace   ] GC(947) Metaspace: 29142K(29504K)->29142K(29504K) NonClass: 24250K(24384K)->24250K(24384K) Class: 4891K(5120K)->4891K(5120K)
[4298.657s][info][gc             ] GC(947) Pause Young (Allocation Failure) 6176M->3864M(7542M) 98.139ms
[4298.657s][info][gc,cpu         ] GC(947) User=0.58s Sys=0.00s Real=0.10s
...[4301.490s][info][gc,start       ] GC(948) Pause Young (Allocation Failure)
[4301.585s][info][gc,heap        ] GC(948) PSYoungGen: 2623748K(2634240K)->139658K(2614272K) Eden: 2474496K(2474496K)->0K(2474496K) From: 149252K(159744K)->139658K(139776K)
[4301.585s][info][gc,heap        ] GC(948) ParOldGen: 3808401K(5089280K)->3902889K(5089280K)
[4301.585s][info][gc,metaspace   ] GC(948) Metaspace: 29142K(29504K)->29142K(29504K) NonClass: 24250K(24384K)->24250K(24384K) Class: 4891K(5120K)->4891K(5120K)
[4301.585s][info][gc             ] GC(948) Pause Young (Allocation Failure) 6281M->3947M(7523M) 95.100ms
[4301.585s][info][gc,cpu         ] GC(948) User=0.57s Sys=0.00s Real=0.10s
...[4304.619s][info][gc,start       ] GC(949) Pause Young (Allocation Failure)
[4304.712s][info][gc,heap        ] GC(949) PSYoungGen: 2614154K(2614272K)->142752K(2635776K) Eden: 2474496K(2474496K)->0K(2476544K) From: 139658K(139776K)->142752K(159232K)
[4304.712s][info][gc,heap        ] GC(949) ParOldGen: 3902889K(5089280K)->3990681K(5089280K)
[4304.712s][info][gc,metaspace   ] GC(949) Metaspace: 29142K(29504K)->29142K(29504K) NonClass: 24250K(24384K)->24250K(24384K) Class: 4891K(5120K)->4891K(5120K)
[4304.712s][info][gc             ] GC(949) Pause Young (Allocation Failure) 6364M->4036M(7544M) 93.629ms
[4304.712s][info][gc,cpu         ] GC(949) User=0.56s Sys=0.01s Real=0.09s
...[4307.595s][info][gc,start       ] GC(950) Pause Young (Allocation Failure)
[4307.694s][info][gc,heap        ] GC(950) PSYoungGen: 2619296K(2635776K)->141877K(2634752K) Eden: 2476544K(2476544K)->0K(2476544K) From: 142752K(159232K)->141877K(158208K)
[4307.694s][info][gc,heap        ] GC(950) ParOldGen: 3990681K(5089280K)->4085761K(5089280K)
[4307.694s][info][gc,metaspace   ] GC(950) Metaspace: 29142K(29504K)->29142K(29504K) NonClass: 24250K(24384K)->24250K(24384K) Class: 4891K(5120K)->4891K(5120K)
[4307.694s][info][gc             ] GC(950) Pause Young (Allocation Failure) 6455M->4128M(7543M) 98.576ms
[4307.694s][info][gc,cpu         ] GC(950) User=0.58s Sys=0.00s Real=0.10s
...[4310.706s][info][gc,start       ] GC(951) Pause Young (Allocation Failure)
[4310.801s][info][gc,heap        ] GC(951) PSYoungGen: 2618421K(2634752K)->142176K(2636288K) Eden: 2476544K(2476544K)->0K(2480128K) From: 141877K(158208K)->142176K(156160K)
[4310.801s][info][gc,heap        ] GC(951) ParOldGen: 4085761K(5089280K)->4175529K(5089280K)
[4310.801s][info][gc,metaspace   ] GC(951) Metaspace: 29142K(29504K)->29142K(29504K) NonClass: 24250K(24384K)->24250K(24384K) Class: 4891K(5120K)->4891K(5120K)
[4310.801s][info][gc             ] GC(951) Pause Young (Allocation Failure) 6547M->4216M(7544M) 94.830ms
[4310.801s][info][gc,cpu         ] GC(951) User=0.56s Sys=0.00s Real=0.09s
...[4313.687s][info][gc,start       ] GC(952) Pause Young (Allocation Failure)
[4313.784s][info][gc,heap        ] GC(952) PSYoungGen: 2622304K(2636288K)->144100K(2635264K) Eden: 2480128K(2480128K)->0K(2480128K) From: 142176K(156160K)->144100K(155136K)
[4313.784s][info][gc,heap        ] GC(952) ParOldGen: 4175529K(5089280K)->4269081K(5089280K)
[4313.784s][info][gc,metaspace   ] GC(952) Metaspace: 29142K(29504K)->29142K(29504K) NonClass: 24250K(24384K)->24250K(24384K) Class: 4891K(5120K)->4891K(5120K)
[4313.784s][info][gc             ] GC(952) Pause Young (Allocation Failure) 6638M->4309M(7543M) 97.402ms
[4313.784s][info][gc,cpu         ] GC(952) User=0.58s Sys=0.00s Real=0.10s
...[4316.705s][info][gc,start       ] GC(953) Pause Young (Allocation Failure)
[4316.804s][info][gc,heap        ] GC(953) PSYoungGen: 2624227K(2635264K)->146212K(2638848K) Eden: 2480126K(2480128K)->0K(2484224K) From: 144100K(155136K)->146212K(154624K)
[4316.804s][info][gc,heap        ] GC(953) ParOldGen: 4269081K(5089280K)->4359985K(5089280K)
[4316.804s][info][gc,metaspace   ] GC(953) Metaspace: 29142K(29504K)->29142K(29504K) NonClass: 24250K(24384K)->24250K(24384K) Class: 4891K(5120K)->4891K(5120K)
[4316.804s][info][gc             ] GC(953) Pause Young (Allocation Failure) 6731M->4400M(7547M) 98.900ms
[4316.804s][info][gc,cpu         ] GC(953) User=0.58s Sys=0.00s Real=0.10s
...[4319.780s][info][gc,start       ] GC(954) Pause Young (Allocation Failure)
[4319.878s][info][gc,heap        ] GC(954) PSYoungGen: 2630436K(2638848K)->145008K(2639360K) Eden: 2484224K(2484224K)->0K(2484224K) From: 146212K(154624K)->145008K(155136K)
[4319.878s][info][gc,heap        ] GC(954) ParOldGen: 4359985K(5089280K)->4449905K(5089280K)
[4319.878s][info][gc,metaspace   ] GC(954) Metaspace: 29142K(29504K)->29142K(29504K) NonClass: 24250K(24384K)->24250K(24384K) Class: 4891K(5120K)->4891K(5120K)
[4319.878s][info][gc             ] GC(954) Pause Young (Allocation Failure) 6826M->4487M(7547M) 97.841ms
[4319.878s][info][gc,cpu         ] GC(954) User=0.58s Sys=0.00s Real=0.10s
...[4322.854s][info][gc,start       ] GC(955) Pause Young (Allocation Failure)
[4322.952s][info][gc,heap        ] GC(955) PSYoungGen: 2629232K(2639360K)->143648K(2639872K) Eden: 2484224K(2484224K)->0K(2486272K) From: 145008K(155136K)->143648K(153600K)
[4322.952s][info][gc,heap        ] GC(955) ParOldGen: 4449905K(5089280K)->4541825K(5089280K)
[4322.952s][info][gc,metaspace   ] GC(955) Metaspace: 29142K(29504K)->29142K(29504K) NonClass: 24250K(24384K)->24250K(24384K) Class: 4891K(5120K)->4891K(5120K)
[4322.952s][info][gc             ] GC(955) Pause Young (Allocation Failure) 6913M->4575M(7548M) 97.412ms
[4322.952s][info][gc,cpu         ] GC(955) User=0.57s Sys=0.00s Real=0.09s
...[4325.905s][info][gc,start       ] GC(956) Pause Young (Allocation Failure)
[4326.004s][info][gc,heap        ] GC(956) PSYoungGen: 2629920K(2639872K)->148928K(2640384K) Eden: 2486272K(2486272K)->0K(2486272K) From: 143648K(153600K)->148928K(154112K)
[4326.004s][info][gc,heap        ] GC(956) ParOldGen: 4541825K(5089280K)->4636297K(5089280K)
[4326.004s][info][gc,metaspace   ] GC(956) Metaspace: 29142K(29504K)->29142K(29504K) NonClass: 24250K(24384K)->24250K(24384K) Class: 4891K(5120K)->4891K(5120K)
[4326.004s][info][gc             ] GC(956) Pause Young (Allocation Failure) 7003M->4673M(7548M) 98.812ms
[4326.004s][info][gc,cpu         ] GC(956) User=0.59s Sys=0.00s Real=0.10s
. (rIR:aIR:PR = 6642:6632:6631) (tPR = 98764) [OK] 
  4325s: Performance info:
         Transaction,    Success,    Partial,     Failed,   Receipts, AvgBarcode, 
             Overall,     398840,          0,          0,     378889,      59.48, 
         Response times:
             Request,    Success,    Partial,     Failed,   SkipFail,     Probes,    Samples,      min,      p50,      p90,      p95,      p99,      max, 
       TotalPurchase,     378918,          0,          0,          0,     360697,     384912,      300,     4600,     8400,    12500,    40000,   155000,
     InStorePurchase,     199452,          0,          0,          0,     189794,     202401,      300,     4500,     8300,    12400,    39000,   137000,
      OnlinePurchase,     139594,          0,          0,          0,     132928,     141704,      300,     4700,     8500,    12700,    40000,   155000,
        InstPurchase,      39872,          0,          0,          0,      37975,      40807,      300,     4600,     8700,    12700,    42000,   138000,
          AssocOfCat,        397,          0,          0,          0,        326,        448,    18100,    31000,    44000,    55000,   129080,   148000,
      AssocOfProduct,       3993,          0,          0,          0,       3682,       4129,      600,     3900,     7600,    11300,    36000,   118000,
      BusinessReport,        998,          0,          0,          0,        893,       1113,    24000,    37000,    56000,    69000,   137580,   162000,
          CustBuyBeh,       3999,          0,          0,          0,       3734,       4187,      300,     5200,     8600,    12700,    38000,   118000,
       ProductReturn,      10564,          0,          0,          0,      10118,      11013,      200,     3400,     7400,    11200,    34000,   130000,

  4325s: (49%)   IR =   6780 ..[4328.966s][info][gc,start       ] GC(957) Pause Young (Allocation Failure)
[4329.066s][info][gc,heap        ] GC(957) PSYoungGen: 2635200K(2640384K)->148624K(2639872K) Eden: 2486272K(2486272K)->0K(2484736K) From: 148928K(154112K)->148624K(155136K)
[4329.066s][info][gc,heap        ] GC(957) ParOldGen: 4636297K(5089280K)->4727705K(5089280K)
[4329.066s][info][gc,metaspace   ] GC(957) Metaspace: 29142K(29504K)->29142K(29504K) NonClass: 24250K(24384K)->24250K(24384K) Class: 4891K(5120K)->4891K(5120K)
[4329.066s][info][gc             ] GC(957) Pause Young (Allocation Failure) 7101M->4762M(7548M) 100.023ms
[4329.066s][info][gc,cpu         ] GC(957) User=0.59s Sys=0.00s Real=0.10s
...[4331.903s][info][gc,start       ] GC(958) Pause Young (Allocation Failure)
[4331.999s][info][gc,heap        ] GC(958) PSYoungGen: 2633360K(2639872K)->139776K(2640384K) Eden: 2484736K(2484736K)->0K(2484736K) From: 148624K(155136K)->139776K(155648K)
[4331.999s][info][gc,heap        ] GC(958) ParOldGen: 4727705K(5089280K)->4821785K(5089280K)
[4331.999s][info][gc,metaspace   ] GC(958) Metaspace: 29142K(29504K)->29142K(29504K) NonClass: 24250K(24384K)->24250K(24384K) Class: 4891K(5120K)->4891K(5120K)
[4331.999s][info][gc             ] GC(958) Pause Young (Allocation Failure) 7188M->4845M(7548M) 95.743ms
[4331.999s][info][gc,cpu         ] GC(958) User=0.57s Sys=0.00s Real=0.10s
.|..[4334.971s][info][gc,start       ] GC(959) Pause Young (Allocation Failure)
[4335.069s][info][gc,heap        ] GC(959) PSYoungGen: 2624512K(2640384K)->146624K(2640384K) Eden: 2484736K(2484736K)->0K(2485248K) From: 139776K(155648K)->146624K(155136K)
[4335.069s][info][gc,heap        ] GC(959) ParOldGen: 4821785K(5089280K)->4912121K(5089280K)
[4335.069s][info][gc,metaspace   ] GC(959) Metaspace: 29142K(29504K)->29142K(29504K) NonClass: 24250K(24384K)->24250K(24384K) Class: 4891K(5120K)->4891K(5120K)
[4335.069s][info][gc             ] GC(959) Pause Young (Allocation Failure) 7271M->4940M(7548M) 98.014ms
[4335.069s][info][gc,cpu         ] GC(959) User=0.57s Sys=0.00s Real=0.10s
...[4337.942s][info][gc,start       ] GC(960) Pause Young (Allocation Failure)
[4338.041s][info][gc,heap        ] GC(960) PSYoungGen: 2631872K(2640384K)->143648K(2629120K) Eden: 2485248K(2485248K)->0K(2485248K) From: 146624K(155136K)->143648K(143872K)
[4338.041s][info][gc,heap        ] GC(960) ParOldGen: 4912121K(5089280K)->5004705K(5089280K)
[4338.041s][info][gc,metaspace   ] GC(960) Metaspace: 29142K(29504K)->29142K(29504K) NonClass: 24250K(24384K)->24250K(24384K) Class: 4891K(5120K)->4891K(5120K)
[4338.041s][info][gc             ] GC(960) Pause Young (Allocation Failure) 7367M->5027M(7537M) 98.270ms
[4338.041s][info][gc,cpu         ] GC(960) User=0.58s Sys=0.00s Real=0.10s
...[4340.919s][info][gc,start       ] GC(961) Pause Young (Allocation Failure)
[4341.017s][info][gc,heap        ] GC(961) PSYoungGen: 2628896K(2629120K)->142240K(2640384K) Eden: 2485248K(2485248K)->0K(2486272K) From: 143648K(143872K)->142240K(154112K)
[4341.017s][info][gc,heap        ] GC(961) ParOldGen: 5004705K(5089280K)->5097737K(5097984K)
[4341.017s][info][gc,metaspace   ] GC(961) Metaspace: 29142K(29504K)->29142K(29504K) NonClass: 24250K(24384K)->24250K(24384K) Class: 4891K(5120K)->4891K(5120K)
[4341.017s][info][gc             ] GC(961) Pause Young (Allocation Failure) 7454M->5117M(7557M) 98.383ms
[4341.017s][info][gc,cpu         ] GC(961) User=0.57s Sys=0.00s Real=0.10s
...[4343.848s][info][gc,start       ] GC(962) Pause Young (Allocation Failure)
[4343.950s][info][gc,heap        ] GC(962) PSYoungGen: 2628512K(2640384K)->141376K(2639872K) Eden: 2486272K(2486272K)->0K(2486272K) From: 142240K(154112K)->141376K(153600K)
[4343.950s][info][gc,heap        ] GC(962) ParOldGen: 5097737K(5097984K)->5190617K(5190656K)
[4343.950s][info][gc,metaspace   ] GC(962) Metaspace: 29142K(29504K)->29142K(29504K) NonClass: 24250K(24384K)->24250K(24384K) Class: 4891K(5120K)->4891K(5120K)
[4343.950s][info][gc             ] GC(962) Pause Young (Allocation Failure) 7545M->5207M(7647M) 101.662ms
[4343.950s][info][gc,cpu         ] GC(962) User=0.57s Sys=0.03s Real=0.10s
...[4346.889s][info][gc,start       ] GC(963) Pause Young (Allocation Failure)
[4346.993s][info][gc,heap        ] GC(963) PSYoungGen: 2627648K(2639872K)->147460K(2640896K) Eden: 2486272K(2486272K)->0K(2487808K) From: 141376K(153600K)->147460K(153088K)
[4346.993s][info][gc,heap        ] GC(963) ParOldGen: 5190617K(5190656K)->5280841K(5281280K)
[4346.993s][info][gc,metaspace   ] GC(963) Metaspace: 29142K(29504K)->29142K(29504K) NonClass: 24250K(24384K)->24250K(24384K) Class: 4891K(5120K)->4891K(5120K)
[4346.993s][info][gc             ] GC(963) Pause Young (Allocation Failure) 7635M->5301M(7736M) 103.724ms
[4346.993s][info][gc,cpu         ] GC(963) User=0.58s Sys=0.02s Real=0.10s
...[4349.814s][info][gc,start       ] GC(964) Pause Young (Allocation Failure)
[4349.923s][info][gc,heap        ] GC(964) PSYoungGen: 2635268K(2640896K)->152047K(2639872K) Eden: 2487808K(2487808K)->0K(2487808K) From: 147460K(153088K)->152047K(152064K)
[4349.923s][info][gc,heap        ] GC(964) ParOldGen: 5280841K(5281280K)->5374417K(5374464K)
[4349.923s][info][gc,metaspace   ] GC(964) Metaspace: 29142K(29504K)->29142K(29504K) NonClass: 24250K(24384K)->24250K(24384K) Class: 4891K(5120K)->4891K(5120K)
[4349.923s][info][gc             ] GC(964) Pause Young (Allocation Failure) 7730M->5396M(7826M) 108.931ms
[4349.923s][info][gc,cpu         ] GC(964) User=0.60s Sys=0.03s Real=0.10s
...[4352.846s][info][gc,start       ] GC(965) Pause Young (Allocation Failure)
[4352.947s][info][gc,heap        ] GC(965) PSYoungGen: 2639855K(2639872K)->143712K(2641408K) Eden: 2487808K(2487808K)->0K(2485760K) From: 152047K(152064K)->143712K(155648K)
[4352.947s][info][gc,heap        ] GC(965) ParOldGen: 5374417K(5374464K)->5464121K(5464576K)
[4352.947s][info][gc,metaspace   ] GC(965) Metaspace: 29142K(29504K)->29142K(29504K) NonClass: 24250K(24384K)->24250K(24384K) Class: 4891K(5120K)->4891K(5120K)
[4352.947s][info][gc             ] GC(965) Pause Young (Allocation Failure) 7826M->5476M(7916M) 101.651ms
[4352.947s][info][gc,cpu         ] GC(965) User=0.58s Sys=0.02s Real=0.10s
...[4355.874s][info][gc,start       ] GC(966) Pause Young (Allocation Failure)
[4355.976s][info][gc,heap        ] GC(966) PSYoungGen: 2629472K(2641408K)->143904K(2630144K) Eden: 2485760K(2485760K)->0K(2485760K) From: 143712K(155648K)->143904K(144384K)
[4355.976s][info][gc,heap        ] GC(966) ParOldGen: 5464121K(5464576K)->5558305K(5558784K)
[4355.976s][info][gc,metaspace   ] GC(966) Metaspace: 29142K(29504K)->29142K(29504K) NonClass: 24250K(24384K)->24250K(24384K) Class: 4891K(5120K)->4891K(5120K)
[4355.976s][info][gc             ] GC(966) Pause Young (Allocation Failure) 7903M->5568M(7997M) 101.611ms
[4355.976s][info][gc,cpu         ] GC(966) User=0.57s Sys=0.03s Real=0.10s
...[4358.831s][info][gc,start       ] GC(967) Pause Full (Allocation Failure)
[4358.831s][info][gc,phases,start] GC(967) Marking Phase
[4359.125s][info][gc,phases      ] GC(967) Marking Phase 293.414ms
[4359.125s][info][gc,phases,start] GC(967) Summary Phase
[4359.125s][info][gc,phases      ] GC(967) Summary Phase 0.103ms
[4359.125s][info][gc,phases,start] GC(967) Forward
[4359.258s][info][gc,phases      ] GC(967) Forward 133.604ms
[4359.258s][info][gc,phases,start] GC(967) Adjust Pointers
[4359.457s][info][gc,phases      ] GC(967) Adjust Pointers 199.028ms
[4359.457s][info][gc,phases,start] GC(967) Compaction Phase
[4359.584s][info][gc,phases      ] GC(967) Compaction Phase 126.549ms
[4359.585s][info][gc,phases,start] GC(967) Post Compact
[4359.592s][info][gc,phases      ] GC(967) Post Compact 6.909ms
[4359.724s][info][gc,heap        ] GC(967) PSYoungGen: 2629664K(2630144K)->0K(2639360K) Eden: 2485760K(2485760K)->0K(2485760K) From: 143904K(144384K)->0K(153600K)
[4359.724s][info][gc,heap        ] GC(967) ParOldGen: 5558305K(5558784K)->1419919K(1648128K)
[4359.724s][info][gc,metaspace   ] GC(967) Metaspace: 29142K(29504K)->29142K(29504K) NonClass: 24250K(24384K)->24250K(24384K) Class: 4891K(5120K)->4891K(5120K)
[4359.724s][info][gc             ] GC(967) Pause Full (Allocation Failure) 7996M->1386M(4187M) 893.217ms
[4359.724s][info][gc,cpu         ] GC(967) User=4.01s Sys=0.13s Real=0.90s
...[4361.840s][info][gc,start       ] GC(968) Pause Young (Allocation Failure)
[4361.906s][info][gc,heap        ] GC(968) PSYoungGen: 2485760K(2639360K)->144096K(2639360K) Eden: 2485760K(2485760K)->0K(2485760K) From: 0K(153600K)->144096K(153600K)
[4361.906s][info][gc,heap        ] GC(968) ParOldGen: 1419919K(1648128K)->1419919K(1648128K)
[4361.906s][info][gc,metaspace   ] GC(968) Metaspace: 29142K(29504K)->29142K(29504K) NonClass: 24250K(24384K)->24250K(24384K) Class: 4891K(5120K)->4891K(5120K)
[4361.906s][info][gc             ] GC(968) Pause Young (Allocation Failure) 3814M->1527M(4187M) 65.920ms
[4361.906s][info][gc,cpu         ] GC(968) User=0.39s Sys=0.00s Real=0.07s
...[4364.787s][info][gc,start       ] GC(969) Pause Young (Allocation Failure)
[4364.882s][info][gc,heap        ] GC(969) PSYoungGen: 2629856K(2639360K)->144644K(2640896K) Eden: 2485760K(2485760K)->0K(2489344K) From: 144096K(153600K)->144644K(151552K)
[4364.882s][info][gc,heap        ] GC(969) ParOldGen: 1419919K(1648128K)->1513079K(1648128K)
[4364.882s][info][gc,metaspace   ] GC(969) Metaspace: 29142K(29504K)->29142K(29504K) NonClass: 24250K(24384K)->24250K(24384K) Class: 4891K(5120K)->4891K(5120K)
[4364.882s][info][gc             ] GC(969) Pause Young (Allocation Failure) 3954M->1618M(4188M) 95.036ms
[4364.882s][info][gc,cpu         ] GC(969) User=0.55s Sys=0.00s Real=0.09s
...[4367.800s][info][gc,start       ] GC(970) Pause Young (Allocation Failure)
[4367.896s][info][gc,heap        ] GC(970) PSYoungGen: 2633988K(2640896K)->146421K(2641408K) Eden: 2489344K(2489344K)->0K(2489344K) From: 144644K(151552K)->146421K(152064K)
[4367.896s][info][gc,heap        ] GC(970) ParOldGen: 1513079K(1648128K)->1604631K(1648128K)
[4367.896s][info][gc,metaspace   ] GC(970) Metaspace: 29142K(29504K)->29142K(29504K) NonClass: 24250K(24384K)->24250K(24384K) Class: 4891K(5120K)->4891K(5120K)
[4367.896s][info][gc             ] GC(970) Pause Young (Allocation Failure) 4049M->1710M(4189M) 95.592ms
[4367.896s][info][gc,cpu         ] GC(970) User=0.56s Sys=0.00s Real=0.10s
...[4370.859s][info][gc,start       ] GC(971) Pause Young (Allocation Failure)
[4370.961s][info][gc,heap        ] GC(971) PSYoungGen: 2635765K(2641408K)->151104K(2640896K) Eden: 2489344K(2489344K)->0K(2488832K) From: 146421K(152064K)->151104K(152064K)
[4370.961s][info][gc,heap        ] GC(971) ParOldGen: 1604631K(1648128K)->1696295K(1696768K)
[4370.961s][info][gc,metaspace   ] GC(971) Metaspace: 29142K(29504K)->29142K(29504K) NonClass: 24250K(24384K)->24250K(24384K) Class: 4891K(5120K)->4891K(5120K)
[4370.961s][info][gc             ] GC(971) Pause Young (Allocation Failure) 4141M->1804M(4236M) 101.569ms
[4370.961s][info][gc,cpu         ] GC(971) User=0.58s Sys=0.03s Real=0.10s
...[4373.781s][info][gc,start       ] GC(972) Pause Young (Allocation Failure)
[4373.879s][info][gc,heap        ] GC(972) PSYoungGen: 2639936K(2640896K)->137536K(2626560K) Eden: 2488832K(2488832K)->0K(2488832K) From: 151104K(152064K)->137536K(137728K)
[4373.879s][info][gc,heap        ] GC(972) ParOldGen: 1696295K(1696768K)->1791199K(1791488K)
[4373.879s][info][gc,metaspace   ] GC(972) Metaspace: 29142K(29504K)->29142K(29504K) NonClass: 24250K(24384K)->24250K(24384K) Class: 4891K(5120K)->4891K(5120K)
[4373.879s][info][gc             ] GC(972) Pause Young (Allocation Failure) 4234M->1883M(4314M) 98.198ms
[4373.880s][info][gc,cpu         ] GC(972) User=0.55s Sys=0.03s Real=0.10s
..[4376.757s][info][gc,start       ] GC(973) Pause Young (Allocation Failure)
[4376.853s][info][gc,heap        ] GC(973) PSYoungGen: 2626368K(2626560K)->140448K(2641920K) Eden: 2488832K(2488832K)->0K(2487808K) From: 137536K(137728K)->140448K(154112K)
[4376.853s][info][gc,heap        ] GC(973) ParOldGen: 1791199K(1791488K)->1881879K(1882112K)
[4376.853s][info][gc,metaspace   ] GC(973) Metaspace: 29142K(29504K)->29142K(29504K) NonClass: 24250K(24384K)->24250K(24384K) Class: 4891K(5120K)->4891K(5120K)
[4376.853s][info][gc             ] GC(973) Pause Young (Allocation Failure) 4314M->1974M(4418M) 96.053ms
[4376.853s][info][gc,cpu         ] GC(973) User=0.54s Sys=0.03s Real=0.10s
...[4379.769s][info][gc,start       ] GC(974) Pause Young (Allocation Failure)
[4379.867s][info][gc,heap        ] GC(974) PSYoungGen: 2628256K(2641920K)->143920K(2632192K) Eden: 2487808K(2487808K)->0K(2487808K) From: 140448K(154112K)->143920K(144384K)
[4379.867s][info][gc,heap        ] GC(974) ParOldGen: 1881879K(1882112K)->1974119K(1974272K)
[4379.867s][info][gc,metaspace   ] GC(974) Metaspace: 29142K(29504K)->29142K(29504K) NonClass: 24250K(24384K)->24250K(24384K) Class: 4891K(5120K)->4891K(5120K)
[4379.867s][info][gc             ] GC(974) Pause Young (Allocation Failure) 4404M->2068M(4498M) 97.412ms
[4379.867s][info][gc,cpu         ] GC(974) User=0.55s Sys=0.03s Real=0.10s
...[4382.799s][info][gc,start       ] GC(975) Pause Young (Allocation Failure)
[4382.899s][info][gc,heap        ] GC(975) PSYoungGen: 2631728K(2632192K)->147028K(2640384K) Eden: 2487808K(2487808K)->0K(2487296K) From: 143920K(144384K)->147028K(153088K)
[4382.899s][info][gc,heap        ] GC(975) ParOldGen: 1974119K(1974272K)->2064999K(2065408K)
[4382.899s][info][gc,metaspace   ] GC(975) Metaspace: 29142K(29504K)->29142K(29504K) NonClass: 24250K(24384K)->24250K(24384K) Class: 4891K(5120K)->4891K(5120K)
[4382.899s][info][gc             ] GC(975) Pause Young (Allocation Failure) 4497M->2160M(4595M) 99.966ms
[4382.899s][info][gc,cpu         ] GC(975) User=0.57s Sys=0.03s Real=0.10s
...[4385.754s][info][gc,start       ] GC(976) Pause Young (Allocation Failure)
[4385.858s][info][gc,heap        ] GC(976) PSYoungGen: 2634324K(2640384K)->152980K(2640384K) Eden: 2487296K(2487296K)->0K(2487296K) From: 147028K(153088K)->152980K(153088K)
[4385.858s][info][gc,heap        ] GC(976) ParOldGen: 2064999K(2065408K)->2157911K(2158080K)
[4385.858s][info][gc,metaspace   ] GC(976) Metaspace: 29142K(29504K)->29142K(29504K) NonClass: 24250K(24384K)->24250K(24384K) Class: 4891K(5120K)->4891K(5120K)
[4385.858s][info][gc             ] GC(976) Pause Young (Allocation Failure) 4589M->2256M(4686M) 104.057ms
[4385.858s][info][gc,cpu         ] GC(976) User=0.59s Sys=0.03s Real=0.10s
...[4388.802s][info][gc,start       ] GC(977) Pause Young (Allocation Failure)
[4388.900s][info][gc,heap        ] GC(977) PSYoungGen: 2640276K(2640384K)->143776K(2640896K) Eden: 2487296K(2487296K)->0K(2485248K) From: 152980K(153088K)->143776K(155648K)
[4388.900s][info][gc,heap        ] GC(977) ParOldGen: 2157911K(2158080K)->2249247K(2249728K)
[4388.900s][info][gc,metaspace   ] GC(977) Metaspace: 29142K(29504K)->29142K(29504K) NonClass: 24250K(24384K)->24250K(24384K) Class: 4891K(5120K)->4891K(5120K)
[4388.900s][info][gc             ] GC(977) Pause Young (Allocation Failure) 4685M->2336M(4776M) 98.889ms
[4388.900s][info][gc,cpu         ] GC(977) User=0.56s Sys=0.02s Real=0.10s
...[4391.746s][info][gc,start       ] GC(978) Pause Young (Allocation Failure)
[4391.848s][info][gc,heap        ] GC(978) PSYoungGen: 2629024K(2640896K)->146896K(2632192K) Eden: 2485248K(2485248K)->0K(2485248K) From: 143776K(155648K)->146896K(146944K)
[4391.848s][info][gc,heap        ] GC(978) ParOldGen: 2249247K(2249728K)->2343623K(2343936K)
[4391.848s][info][gc,metaspace   ] GC(978) Metaspace: 29142K(29504K)->29142K(29504K) NonClass: 24250K(24384K)->24250K(24384K) Class: 4891K(5120K)->4891K(5120K)
[4391.848s][info][gc             ] GC(978) Pause Young (Allocation Failure) 4763M->2432M(4859M) 101.791ms
[4391.848s][info][gc,cpu         ] GC(978) User=0.58s Sys=0.03s Real=0.10s
.. (rIR:aIR:PR = 6780:6779:6779) (tPR = 100545) [OK] 
  4392s: Performance info:
         Transaction,    Success,    Partial,     Failed,   Receipts, AvgBarcode, 
             Overall,     412368,          0,          0,     391724,      59.48, 
         Response times:
             Request,    Success,    Partial,     Failed,   SkipFail,     Probes,    Samples,      min,      p50,      p90,      p95,      p99,      max, 
       TotalPurchase,     391728,          0,          0,          0,     361233,     402888,      300,     4800,     9800,    23000,    49000,   910000,
     InStorePurchase,     206074,          0,          0,          0,     189616,     211017,      300,     5000,    10000,    23000,    50000,   910000,
      OnlinePurchase,     144414,          0,          0,          0,     133083,     148605,      300,     4400,     9500,    23000,    48000,   910000,
        InstPurchase,      41240,          0,          0,          0,      38534,      43266,      400,     4700,     9700,    23000,    49000,   910000,
          AssocOfCat,        416,          0,          0,          0,        333,        440,    19200,    32000,    46000,    53000,    92950,   103000,
      AssocOfProduct,       4138,          0,          0,          0,       3797,       4447,      400,     5000,     9400,    22600,    48000,   910000,
      BusinessReport,       1027,          0,          0,          0,        874,       1063,    22000,    38000,    58000,    69000,   146720,   172000,
          CustBuyBeh,       4131,          0,          0,          0,       3756,       4348,      200,     5300,     9000,    15900,    52000,   106000,
       ProductReturn,      10932,          0,          0,          0,      10366,      11771,      300,     5800,    10000,    19200,    56280,   187000,

  4392s: (50%)   IR =   6918 .[4394.771s][info][gc,start       ] GC(979) Pause Young (Allocation Failure)
[4394.869s][info][gc,heap        ] GC(979) PSYoungGen: 2632144K(2632192K)->143171K(2640384K) Eden: 2485248K(2485248K)->0K(2485760K) From: 146896K(146944K)->143171K(154624K)
[4394.869s][info][gc,heap        ] GC(979) ParOldGen: 2343623K(2343936K)->2433959K(2434048K)
[4394.869s][info][gc,metaspace   ] GC(979) Metaspace: 29142K(29504K)->29142K(29504K) NonClass: 24250K(24384K)->24250K(24384K) Class: 4891K(5120K)->4891K(5120K)
[4394.869s][info][gc             ] GC(979) Pause Young (Allocation Failure) 4859M->2516M(4955M) 98.026ms
[4394.869s][info][gc,cpu         ] GC(979) User=0.55s Sys=0.02s Real=0.10s
...[4397.663s][info][gc,start       ] GC(980) Pause Young (Allocation Failure)
[4397.760s][info][gc,heap        ] GC(980) PSYoungGen: 2628931K(2640384K)->140000K(2639872K) Eden: 2485760K(2485760K)->0K(2485760K) From: 143171K(154624K)->140000K(154112K)
[4397.760s][info][gc,heap        ] GC(980) ParOldGen: 2433959K(2434048K)->2526903K(2527232K)
[4397.760s][info][gc,metaspace   ] GC(980) Metaspace: 29142K(29504K)->29142K(29504K) NonClass: 24250K(24384K)->24250K(24384K) Class: 4891K(5120K)->4891K(5120K)
[4397.760s][info][gc             ] GC(980) Pause Young (Allocation Failure) 4944M->2604M(5046M) 96.614ms
[4397.760s][info][gc,cpu         ] GC(980) User=0.54s Sys=0.02s Real=0.10s
.|..[4400.585s][info][gc,start       ] GC(981) Pause Young (Allocation Failure)
[4400.684s][info][gc,heap        ] GC(981) PSYoungGen: 2625760K(2639872K)->144457K(2640384K) Eden: 2485760K(2485760K)->0K(2487808K) From: 140000K(154112K)->144457K(152576K)
[4400.684s][info][gc,heap        ] GC(981) ParOldGen: 2526903K(2527232K)->2618967K(2619392K)
[4400.684s][info][gc,metaspace   ] GC(981) Metaspace: 29142K(29504K)->29142K(29504K) NonClass: 24250K(24384K)->24250K(24384K) Class: 4891K(5120K)->4891K(5120K)
[4400.684s][info][gc             ] GC(981) Pause Young (Allocation Failure) 5031M->2698M(5136M) 99.553ms
[4400.684s][info][gc,cpu         ] GC(981) User=0.56s Sys=0.02s Real=0.10s
...[4403.571s][info][gc,start       ] GC(982) Pause Young (Allocation Failure)
[4403.668s][info][gc,heap        ] GC(982) PSYoungGen: 2632265K(2640384K)->141824K(2640896K) Eden: 2487808K(2487808K)->0K(2487808K) From: 144457K(152576K)->141824K(153088K)
[4403.668s][info][gc,heap        ] GC(982) ParOldGen: 2618967K(2619392K)->2710503K(2710528K)
[4403.668s][info][gc,metaspace   ] GC(982) Metaspace: 29142K(29504K)->29142K(29504K) NonClass: 24250K(24384K)->24250K(24384K) Class: 4891K(5120K)->4891K(5120K)
[4403.668s][info][gc             ] GC(982) Pause Young (Allocation Failure) 5128M->2785M(5226M) 96.871ms
[4403.668s][info][gc,cpu         ] GC(982) User=0.54s Sys=0.02s Real=0.10s
...[4406.514s][info][gc,start       ] GC(983) Pause Young (Allocation Failure)
[4406.611s][info][gc,heap        ] GC(983) PSYoungGen: 2629632K(2640896K)->138592K(2642432K) Eden: 2487808K(2487808K)->0K(2489856K) From: 141824K(153088K)->138592K(152576K)
[4406.611s][info][gc,heap        ] GC(983) ParOldGen: 2710503K(2710528K)->2803703K(2803712K)
[4406.611s][info][gc,metaspace   ] GC(983) Metaspace: 29142K(29504K)->29142K(29504K) NonClass: 24250K(24384K)->24250K(24384K) Class: 4891K(5120K)->4891K(5120K)
[4406.611s][info][gc             ] GC(983) Pause Young (Allocation Failure) 5214M->2873M(5318M) 97.007ms
[4406.611s][info][gc,cpu         ] GC(983) User=0.55s Sys=0.03s Real=0.09s
...[4409.434s][info][gc,start       ] GC(984) Pause Young (Allocation Failure)
[4409.532s][info][gc,heap        ] GC(984) PSYoungGen: 2628448K(2642432K)->140689K(2642944K) Eden: 2489856K(2489856K)->0K(2489856K) From: 138592K(152576K)->140689K(153088K)
[4409.532s][info][gc,heap        ] GC(984) ParOldGen: 2803703K(2803712K)->2895023K(2895360K)
[4409.532s][info][gc,metaspace   ] GC(984) Metaspace: 29142K(29504K)->29142K(29504K) NonClass: 24250K(24384K)->24250K(24384K) Class: 4891K(5120K)->4891K(5120K)
[4409.532s][info][gc             ] GC(984) Pause Young (Allocation Failure) 5304M->2964M(5408M) 98.007ms
[4409.532s][info][gc,cpu         ] GC(984) User=0.55s Sys=0.03s Real=0.09s
...[4412.333s][info][gc,start       ] GC(985) Pause Young (Allocation Failure)
[4412.431s][info][gc,heap        ] GC(985) PSYoungGen: 2630545K(2642944K)->141328K(2641920K) Eden: 2489856K(2489856K)->0K(2490368K) From: 140689K(153088K)->141328K(151552K)
[4412.431s][info][gc,heap        ] GC(985) ParOldGen: 2895023K(2895360K)->2986391K(2986496K)
[4412.431s][info][gc,metaspace   ] GC(985) Metaspace: 29142K(29504K)->29142K(29504K) NonClass: 24250K(24384K)->24250K(24384K) Class: 4891K(5120K)->4891K(5120K)
[4412.431s][info][gc             ] GC(985) Pause Young (Allocation Failure) 5396M->3054M(5496M) 98.217ms
[4412.431s][info][gc,cpu         ] GC(985) User=0.57s Sys=0.02s Real=0.10s
...[4415.284s][info][gc,start       ] GC(986) Pause Young (Allocation Failure)
[4415.381s][info][gc,heap        ] GC(986) PSYoungGen: 2631696K(2641920K)->139744K(2642432K) Eden: 2490368K(2490368K)->0K(2490368K) From: 141328K(151552K)->139744K(152064K)
[4415.381s][info][gc,heap        ] GC(986) ParOldGen: 2986391K(2986496K)->3077639K(3078144K)
[4415.381s][info][gc,metaspace   ] GC(986) Metaspace: 29142K(29504K)->29142K(29504K) NonClass: 24250K(24384K)->24250K(24384K) Class: 4891K(5120K)->4891K(5120K)
[4415.381s][info][gc             ] GC(986) Pause Young (Allocation Failure) 5486M->3141M(5586M) 96.968ms
[4415.381s][info][gc,cpu         ] GC(986) User=0.54s Sys=0.03s Real=0.09s
...[4418.270s][info][gc,start       ] GC(987) Pause Young (Allocation Failure)
[4418.367s][info][gc,heap        ] GC(987) PSYoungGen: 2630112K(2642432K)->138112K(2643968K) Eden: 2490368K(2490368K)->0K(2492416K) From: 139744K(152064K)->138112K(151552K)
[4418.367s][info][gc,heap        ] GC(987) ParOldGen: 3077639K(3078144K)->3170079K(3170304K)
[4418.367s][info][gc,metaspace   ] GC(987) Metaspace: 29142K(29504K)->29142K(29504K) NonClass: 24250K(24384K)->24250K(24384K) Class: 4891K(5120K)->4891K(5120K)
[4418.367s][info][gc             ] GC(987) Pause Young (Allocation Failure) 5573M->3230M(5678M) 97.430ms
[4418.368s][info][gc,cpu         ] GC(987) User=0.54s Sys=0.03s Real=0.10s
...[4421.267s][info][gc,start       ] GC(988) Pause Young (Allocation Failure)
[4421.367s][info][gc,heap        ] GC(988) PSYoungGen: 2630528K(2643968K)->144224K(2643968K) Eden: 2492416K(2492416K)->0K(2492416K) From: 138112K(151552K)->144224K(151552K)
[4421.367s][info][gc,heap        ] GC(988) ParOldGen: 3170079K(3170304K)->3261991K(3262464K)
[4421.367s][info][gc,metaspace   ] GC(988) Metaspace: 29142K(29504K)->29142K(29504K) NonClass: 24250K(24384K)->24250K(24384K) Class: 4891K(5120K)->4891K(5120K)
[4421.367s][info][gc             ] GC(988) Pause Young (Allocation Failure) 5664M->3326M(5768M) 99.784ms
[4421.367s][info][gc,cpu         ] GC(988) User=0.56s Sys=0.03s Real=0.10s
...[4424.186s][info][gc,start       ] GC(989) Pause Young (Allocation Failure)
[4424.287s][info][gc,heap        ] GC(989) PSYoungGen: 2636640K(2643968K)->144928K(2644480K) Eden: 2492416K(2492416K)->0K(2492928K) From: 144224K(151552K)->144928K(151552K)
[4424.287s][info][gc,heap        ] GC(989) ParOldGen: 3261991K(3262464K)->3356111K(3356160K)
[4424.287s][info][gc,metaspace   ] GC(989) Metaspace: 29142K(29504K)->29142K(29504K) NonClass: 24250K(24384K)->24250K(24384K) Class: 4891K(5120K)->4891K(5120K)
[4424.287s][info][gc             ] GC(989) Pause Young (Allocation Failure) 5760M->3418M(5860M) 100.732ms
[4424.287s][info][gc,cpu         ] GC(989) User=0.56s Sys=0.03s Real=0.10s
...[4427.190s][info][gc,start       ] GC(990) Pause Young (Allocation Failure)
[4427.289s][info][gc,heap        ] GC(990) PSYoungGen: 2637856K(2644480K)->145728K(2644480K) Eden: 2492928K(2492928K)->0K(2492928K) From: 144928K(151552K)->145728K(151552K)
[4427.289s][info][gc,heap        ] GC(990) ParOldGen: 3356111K(3356160K)->3447527K(3447808K)
[4427.289s][info][gc,metaspace   ] GC(990) Metaspace: 29142K(29504K)->29142K(29504K) NonClass: 24250K(24384K)->24250K(24384K) Class: 4891K(5120K)->4891K(5120K)
[4427.289s][info][gc             ] GC(990) Pause Young (Allocation Failure) 5853M->3509M(5949M) 99.522ms
[4427.289s][info][gc,cpu         ] GC(990) User=0.55s Sys=0.03s Real=0.10s
..[4430.030s][info][gc,start       ] GC(991) Pause Young (Allocation Failure)
[4430.131s][info][gc,heap        ] GC(991) PSYoungGen: 2638656K(2644480K)->143312K(2643456K) Eden: 2492928K(2492928K)->0K(2492928K) From: 145728K(151552K)->143312K(150528K)
[4430.131s][info][gc,heap        ] GC(991) ParOldGen: 3447527K(3447808K)->3541367K(3541504K)
[4430.131s][info][gc,metaspace   ] GC(991) Metaspace: 29142K(29504K)->29142K(29504K) NonClass: 24250K(24384K)->24250K(24384K) Class: 4891K(5120K)->4891K(5120K)
[4430.131s][info][gc             ] GC(991) Pause Young (Allocation Failure) 5943M->3598M(6040M) 100.633ms
[4430.131s][info][gc,cpu         ] GC(991) User=0.57s Sys=0.02s Real=0.10s
...[4432.953s][info][gc,start       ] GC(992) Pause Young (Allocation Failure)
[4433.055s][info][gc,heap        ] GC(992) PSYoungGen: 2636240K(2643456K)->149381K(2642432K) Eden: 2492928K(2492928K)->0K(2492928K) From: 143312K(150528K)->149381K(149504K)
[4433.055s][info][gc,heap        ] GC(992) ParOldGen: 3541367K(3541504K)->3630895K(3631104K)
[4433.055s][info][gc,metaspace   ] GC(992) Metaspace: 29142K(29504K)->29142K(29504K) NonClass: 24250K(24384K)->24250K(24384K) Class: 4891K(5120K)->4891K(5120K)
[4433.055s][info][gc             ] GC(992) Pause Young (Allocation Failure) 6032M->3691M(6126M) 102.061ms
[4433.055s][info][gc,cpu         ] GC(992) User=0.58s Sys=0.02s Real=0.11s
...[4435.944s][info][gc,start       ] GC(993) Pause Young (Allocation Failure)
[4436.044s][info][gc,heap        ] GC(993) PSYoungGen: 2642309K(2642432K)->146304K(2643456K) Eden: 2492928K(2492928K)->0K(2490880K) From: 149381K(149504K)->146304K(152576K)
[4436.044s][info][gc,heap        ] GC(993) ParOldGen: 3630895K(3631104K)->3722111K(3722240K)
[4436.044s][info][gc,metaspace   ] GC(993) Metaspace: 29142K(29504K)->29142K(29504K) NonClass: 24250K(24384K)->24250K(24384K) Class: 4891K(5120K)->4891K(5120K)
[4436.044s][info][gc             ] GC(993) Pause Young (Allocation Failure) 6126M->3777M(6216M) 100.431ms
[4436.044s][info][gc,cpu         ] GC(993) User=0.56s Sys=0.03s Real=0.10s
...[4438.887s][info][gc,start       ] GC(994) Pause Young (Allocation Failure)
[4438.986s][info][gc,heap        ] GC(994) PSYoungGen: 2637184K(2643456K)->143200K(2634240K) Eden: 2490880K(2490880K)->0K(2490880K) From: 146304K(152576K)->143200K(143360K)
[4438.986s][info][gc,heap        ] GC(994) ParOldGen: 3722111K(3722240K)->3814991K(3815424K)
[4438.986s][info][gc,metaspace   ] GC(994) Metaspace: 29142K(29504K)->29142K(29504K) NonClass: 24250K(24384K)->24250K(24384K) Class: 4891K(5120K)->4891K(5120K)
[4438.986s][info][gc             ] GC(994) Pause Young (Allocation Failure) 6210M->3865M(6298M) 98.975ms
[4438.986s][info][gc,cpu         ] GC(994) User=0.55s Sys=0.04s Real=0.10s
...[4441.808s][info][gc,start       ] GC(995) Pause Young (Allocation Failure)
[4441.907s][info][gc,heap        ] GC(995) PSYoungGen: 2634080K(2634240K)->141376K(2643456K) Eden: 2490880K(2490880K)->0K(2491392K) From: 143200K(143360K)->141376K(152064K)
[4441.907s][info][gc,heap        ] GC(995) ParOldGen: 3814991K(3815424K)->3906543K(3906560K)
[4441.907s][info][gc,metaspace   ] GC(995) Metaspace: 29142K(29504K)->29142K(29504K) NonClass: 24250K(24384K)->24250K(24384K) Class: 4891K(5120K)->4891K(5120K)
[4441.907s][info][gc             ] GC(995) Pause Young (Allocation Failure) 6297M->3953M(6396M) 98.799ms
[4441.907s][info][gc,cpu         ] GC(995) User=0.55s Sys=0.03s Real=0.10s
...[4444.735s][info][gc,start       ] GC(996) Pause Young (Allocation Failure)
[4444.835s][info][gc,heap        ] GC(996) PSYoungGen: 2632768K(2643456K)->144848K(2642944K) Eden: 2491392K(2491392K)->0K(2491392K) From: 141376K(152064K)->144848K(151552K)
[4444.835s][info][gc,heap        ] GC(996) ParOldGen: 3906543K(3906560K)->3998663K(3998720K)
[4444.835s][info][gc,metaspace   ] GC(996) Metaspace: 29142K(29504K)->29142K(29504K) NonClass: 24250K(24384K)->24250K(24384K) Class: 4891K(5120K)->4891K(5120K)
[4444.835s][info][gc             ] GC(996) Pause Young (Allocation Failure) 6386M->4046M(6486M) 100.345ms
[4444.835s][info][gc,cpu         ] GC(996) User=0.57s Sys=0.03s Real=0.10s
...[4447.702s][info][gc,start       ] GC(997) Pause Young (Allocation Failure)
[4447.801s][info][gc,heap        ] GC(997) PSYoungGen: 2636240K(2642944K)->141856K(2643456K) Eden: 2491392K(2491392K)->0K(2492416K) From: 144848K(151552K)->141856K(151040K)
[4447.801s][info][gc,heap        ] GC(997) ParOldGen: 3998663K(3998720K)->4090415K(4090880K)
[4447.801s][info][gc,metaspace   ] GC(997) Metaspace: 29142K(29504K)->29142K(29504K) NonClass: 24250K(24384K)->24250K(24384K) Class: 4891K(5120K)->4891K(5120K)
[4447.801s][info][gc             ] GC(997) Pause Young (Allocation Failure) 6479M->4133M(6576M) 99.246ms
[4447.801s][info][gc,cpu         ] GC(997) User=0.56s Sys=0.03s Real=0.10s
...[4450.610s][info][gc,start       ] GC(998) Pause Young (Allocation Failure)
[4450.709s][info][gc,heap        ] GC(998) PSYoungGen: 2634272K(2643456K)->140128K(2643456K) Eden: 2492416K(2492416K)->0K(2492416K) From: 141856K(151040K)->140128K(151040K)
[4450.709s][info][gc,heap        ] GC(998) ParOldGen: 4090415K(4090880K)->4183591K(4184064K)
[4450.709s][info][gc,metaspace   ] GC(998) Metaspace: 29142K(29504K)->29142K(29504K) NonClass: 24250K(24384K)->24250K(24384K) Class: 4891K(5120K)->4891K(5120K)
[4450.709s][info][gc             ] GC(998) Pause Young (Allocation Failure) 6567M->4222M(6667M) 99.461ms
[4450.709s][info][gc,cpu         ] GC(998) User=0.56s Sys=0.03s Real=0.10s
...[4453.542s][info][gc,start       ] GC(999) Pause Young (Allocation Failure)
[4453.641s][info][gc,heap        ] GC(999) PSYoungGen: 2632544K(2643456K)->140384K(2644480K) Eden: 2492416K(2492416K)->0K(2493952K) From: 140128K(151040K)->140384K(150528K)
[4453.641s][info][gc,heap        ] GC(999) ParOldGen: 4183591K(4184064K)->4275103K(4275200K)
[4453.641s][info][gc,metaspace   ] GC(999) Metaspace: 29142K(29504K)->29142K(29504K) NonClass: 24250K(24384K)->24250K(24384K) Class: 4891K(5120K)->4891K(5120K)
[4453.641s][info][gc             ] GC(999) Pause Young (Allocation Failure) 6656M->4311M(6757M) 98.641ms
[4453.641s][info][gc,cpu         ] GC(999) User=0.55s Sys=0.02s Real=0.10s
...[4456.497s][info][gc,start       ] GC(1000) Pause Young (Allocation Failure)
[4456.598s][info][gc,heap        ] GC(1000) PSYoungGen: 2634336K(2644480K)->144037K(2644480K) Eden: 2493952K(2493952K)->0K(2493952K) From: 140384K(150528K)->144037K(150528K)
[4456.598s][info][gc,heap        ] GC(1000) ParOldGen: 4275103K(4275200K)->4367383K(4367872K)
[4456.598s][info][gc,metaspace   ] GC(1000) Metaspace: 29142K(29504K)->29142K(29504K) NonClass: 24250K(24384K)->24250K(24384K) Class: 4891K(5120K)->4891K(5120K)
[4456.598s][info][gc             ] GC(1000) Pause Young (Allocation Failure) 6747M->4405M(6848M) 101.469ms
[4456.598s][info][gc,cpu         ] GC(1000) User=0.56s Sys=0.03s Real=0.10s
.. (rIR:aIR:PR = 6918:6916:6916) (tPR = 102463) [OK] 
  4458s: Performance info:
         Transaction,    Success,    Partial,     Failed,   Receipts, AvgBarcode, 
             Overall,     416118,          0,          0,     395292,      59.47, 
         Response times:
             Request,    Success,    Partial,     Failed,   SkipFail,     Probes,    Samples,      min,      p50,      p90,      p95,      p99,      max, 
       TotalPurchase,     395292,          0,          0,          0,     362148,     392233,      300,     4700,     8900,    14200,    42000,   196000,
     InStorePurchase,     208102,          0,          0,          0,     190906,     206607,      300,     4500,     8800,    14000,    41000,   166000,
      OnlinePurchase,     145504,          0,          0,          0,     133020,     144028,      300,     4700,     9000,    14600,    43000,   196000,
        InstPurchase,      41686,          0,          0,          0,      38222,      41598,      400,     5200,     9200,    14500,    44000,   166000,
          AssocOfCat,        414,          0,          0,          0,        345,        481,    20000,    33000,    51000,    65000,   128180,   178000,
      AssocOfProduct,       4166,          0,          0,          0,       3860,       4404,      400,     6000,     9700,    15300,    45000,   116000,
      BusinessReport,       1041,          0,          0,          0,        927,       1138,    24000,    38000,    57000,    68000,   141610,   167000,
          CustBuyBeh,       4168,          0,          0,          0,       3923,       4490,      200,     4300,     8400,    14100,    40000,   112000,
       ProductReturn,      11037,          0,          0,          0,       9329,      10396,      200,     5400,     9400,    16300,    43000,   129000,

  4458s: (51%)   IR =   7057 .[4459.412s][info][gc,start       ] GC(1001) Pause Young (Allocation Failure)
[4459.510s][info][gc,heap        ] GC(1001) PSYoungGen: 2637989K(2644480K)->137440K(2644480K) Eden: 2493952K(2493952K)->0K(2494464K) From: 144037K(150528K)->137440K(150016K)
[4459.510s][info][gc,heap        ] GC(1001) ParOldGen: 4367383K(4367872K)->4460399K(4460544K)
[4459.510s][info][gc,metaspace   ] GC(1001) Metaspace: 29142K(29504K)->29142K(29504K) NonClass: 24250K(24384K)->24250K(24384K) Class: 4891K(5120K)->4891K(5120K)
[4459.510s][info][gc             ] GC(1001) Pause Young (Allocation Failure) 6841M->4490M(6938M) 98.277ms
[4459.510s][info][gc,cpu         ] GC(1001) User=0.54s Sys=0.04s Real=0.10s
...[4462.383s][info][gc,start       ] GC(1002) Pause Young (Allocation Failure)
[4462.482s][info][gc,heap        ] GC(1002) PSYoungGen: 2631904K(2644480K)->139520K(2644992K) Eden: 2494464K(2494464K)->0K(2494464K) From: 137440K(150016K)->139520K(150528K)
[4462.482s][info][gc,heap        ] GC(1002) ParOldGen: 4460399K(4460544K)->4552015K(4552192K)
[4462.482s][info][gc,metaspace   ] GC(1002) Metaspace: 29142K(29504K)->29142K(29504K) NonClass: 24250K(24384K)->24250K(24384K) Class: 4891K(5120K)->4891K(5120K)
[4462.482s][info][gc             ] GC(1002) Pause Young (Allocation Failure) 6926M->4581M(7028M) 98.445ms
[4462.482s][info][gc,cpu         ] GC(1002) User=0.57s Sys=0.02s Real=0.09s
...[4465.300s][info][gc,start       ] GC(1003) Pause Young (Allocation Failure)
[4465.403s][info][gc,heap        ] GC(1003) PSYoungGen: 2633984K(2644992K)->147088K(2643968K) Eden: 2494464K(2494464K)->0K(2493952K) From: 139520K(150528K)->147088K(150016K)
[4465.403s][info][gc,heap        ] GC(1003) ParOldGen: 4552015K(4552192K)->4643927K(4644352K)
[4465.403s][info][gc,metaspace   ] GC(1003) Metaspace: 29142K(29504K)->29142K(29504K) NonClass: 24250K(24384K)->24250K(24384K) Class: 4891K(5120K)->4891K(5120K)
[4465.403s][info][gc             ] GC(1003) Pause Young (Allocation Failure) 7017M->4678M(7117M) 102.528ms
[4465.403s][info][gc,cpu         ] GC(1003) User=0.59s Sys=0.02s Real=0.10s
..[4468.187s][info][gc,start       ] GC(1004) Pause Young (Allocation Failure)
[4468.289s][info][gc,heap        ] GC(1004) PSYoungGen: 2641040K(2643968K)->145952K(2640384K) Eden: 2493952K(2493952K)->0K(2493952K) From: 147088K(150016K)->145952K(146432K)
[4468.289s][info][gc,heap        ] GC(1004) ParOldGen: 4643927K(4644352K)->4736983K(4737024K)
[4468.289s][info][gc,metaspace   ] GC(1004) Metaspace: 29142K(29504K)->29142K(29504K) NonClass: 24250K(24384K)->24250K(24384K) Class: 4891K(5120K)->4891K(5120K)
[4468.289s][info][gc             ] GC(1004) Pause Young (Allocation Failure) 7114M->4768M(7204M) 101.838ms
[4468.289s][info][gc,cpu         ] GC(1004) User=0.57s Sys=0.03s Real=0.10s
...[4471.029s][info][gc,start       ] GC(1005) Pause Young (Allocation Failure)
[4471.135s][info][gc,heap        ] GC(1005) PSYoungGen: 2639904K(2640384K)->148501K(2642432K) Eden: 2493952K(2493952K)->0K(2490880K) From: 145952K(146432K)->148501K(151552K)
[4471.135s][info][gc,heap        ] GC(1005) ParOldGen: 4736983K(4737024K)->4830079K(4830208K)
[4471.135s][info][gc,metaspace   ] GC(1005) Metaspace: 29142K(29504K)->29142K(29504K) NonClass: 24250K(24384K)->24250K(24384K) Class: 4891K(5120K)->4891K(5120K)
[4471.135s][info][gc             ] GC(1005) Pause Young (Allocation Failure) 7203M->4861M(7297M) 105.757ms
[4471.135s][info][gc,cpu         ] GC(1005) User=0.60s Sys=0.02s Real=0.11s
..|.[4473.886s][info][gc,start       ] GC(1006) Pause Young (Allocation Failure)
[4473.987s][info][gc,heap        ] GC(1006) PSYoungGen: 2639381K(2642432K)->142272K(2643456K) Eden: 2490880K(2490880K)->0K(2490880K) From: 148501K(151552K)->142272K(152576K)
[4473.987s][info][gc,heap        ] GC(1006) ParOldGen: 4830079K(4830208K)->4921127K(4921344K)
[4473.987s][info][gc,metaspace   ] GC(1006) Metaspace: 29142K(29504K)->29142K(29504K) NonClass: 24250K(24384K)->24250K(24384K) Class: 4891K(5120K)->4891K(5120K)
[4473.987s][info][gc             ] GC(1006) Pause Young (Allocation Failure) 7294M->4944M(7387M) 100.666ms
[4473.987s][info][gc,cpu         ] GC(1006) User=0.55s Sys=0.04s Real=0.10s
...[4476.789s][info][gc,start       ] GC(1007) Pause Young (Allocation Failure)
[4476.890s][info][gc,heap        ] GC(1007) PSYoungGen: 2633152K(2643456K)->145333K(2642944K) Eden: 2490880K(2490880K)->0K(2491392K) From: 142272K(152576K)->145333K(151552K)
[4476.890s][info][gc,heap        ] GC(1007) ParOldGen: 4921127K(4921344K)->5012415K(5012480K)
[4476.890s][info][gc,metaspace   ] GC(1007) Metaspace: 29142K(29504K)->29142K(29504K) NonClass: 24250K(24384K)->24250K(24384K) Class: 4891K(5120K)->4891K(5120K)
[4476.890s][info][gc             ] GC(1007) Pause Young (Allocation Failure) 7377M->5036M(7476M) 101.599ms
[4476.890s][info][gc,cpu         ] GC(1007) User=0.56s Sys=0.03s Real=0.10s
...[4479.655s][info][gc,start       ] GC(1008) Pause Young (Allocation Failure)
[4479.758s][info][gc,heap        ] GC(1008) PSYoungGen: 2636725K(2642944K)->145632K(2643456K) Eden: 2491392K(2491392K)->0K(2491392K) From: 145333K(151552K)->145632K(152064K)
[4479.758s][info][gc,heap        ] GC(1008) ParOldGen: 5012415K(5012480K)->5104615K(5104640K)
[4479.758s][info][gc,metaspace   ] GC(1008) Metaspace: 29142K(29504K)->29142K(29504K) NonClass: 24250K(24384K)->24250K(24384K) Class: 4891K(5120K)->4891K(5120K)
[4479.758s][info][gc             ] GC(1008) Pause Young (Allocation Failure) 7469M->5127M(7566M) 102.591ms
[4479.758s][info][gc,cpu         ] GC(1008) User=0.58s Sys=0.02s Real=0.10s
...[4482.599s][info][gc,start       ] GC(1009) Pause Young (Allocation Failure)
[4482.700s][info][gc,heap        ] GC(1009) PSYoungGen: 2637024K(2643456K)->142784K(2642944K) Eden: 2491392K(2491392K)->0K(2491904K) From: 145632K(152064K)->142784K(151040K)
[4482.700s][info][gc,heap        ] GC(1009) ParOldGen: 5104615K(5104640K)->5195543K(5195776K)
[4482.700s][info][gc,metaspace   ] GC(1009) Metaspace: 29142K(29504K)->29142K(29504K) NonClass: 24250K(24384K)->24250K(24384K) Class: 4891K(5120K)->4891K(5120K)
[4482.700s][info][gc             ] GC(1009) Pause Young (Allocation Failure) 7560M->5213M(7655M) 100.972ms
[4482.700s][info][gc,cpu         ] GC(1009) User=0.57s Sys=0.03s Real=0.10s
...[4485.548s][info][gc,start       ] GC(1010) Pause Young (Allocation Failure)
[4485.649s][info][gc,heap        ] GC(1010) PSYoungGen: 2634688K(2642944K)->143058K(2643456K) Eden: 2491904K(2491904K)->0K(2491904K) From: 142784K(151040K)->143058K(151552K)
[4485.649s][info][gc,heap        ] GC(1010) ParOldGen: 5195543K(5195776K)->5287999K(5288448K)
[4485.649s][info][gc,metaspace   ] GC(1010) Metaspace: 29142K(29504K)->29142K(29504K) NonClass: 24250K(24384K)->24250K(24384K) Class: 4891K(5120K)->4891K(5120K)
[4485.649s][info][gc             ] GC(1010) Pause Young (Allocation Failure) 7646M->5303M(7746M) 101.475ms
[4485.649s][info][gc,cpu         ] GC(1010) User=0.57s Sys=0.03s Real=0.10s
..[4488.315s][info][gc,start       ] GC(1011) Pause Young (Allocation Failure)
[4488.420s][info][gc,heap        ] GC(1011) PSYoungGen: 2634962K(2643456K)->145924K(2643456K) Eden: 2491904K(2491904K)->0K(2492928K) From: 143058K(151552K)->145924K(150528K)
[4488.420s][info][gc,heap        ] GC(1011) ParOldGen: 5287999K(5288448K)->5381679K(5382144K)
[4488.420s][info][gc,metaspace   ] GC(1011) Metaspace: 29142K(29504K)->29142K(29504K) NonClass: 24250K(24384K)->24250K(24384K) Class: 4891K(5120K)->4891K(5120K)
[4488.420s][info][gc             ] GC(1011) Pause Young (Allocation Failure) 7737M->5398M(7837M) 105.011ms
[4488.420s][info][gc,cpu         ] GC(1011) User=0.59s Sys=0.02s Real=0.10s
...[4491.205s][info][gc,start       ] GC(1012) Pause Young (Allocation Failure)
[4491.309s][info][gc,heap        ] GC(1012) PSYoungGen: 2638852K(2643456K)->146384K(2643968K) Eden: 2492928K(2492928K)->0K(2492928K) From: 145924K(150528K)->146384K(151040K)
[4491.309s][info][gc,heap        ] GC(1012) ParOldGen: 5381679K(5382144K)->5471855K(5472256K)
[4491.309s][info][gc,metaspace   ] GC(1012) Metaspace: 29142K(29504K)->29142K(29504K) NonClass: 24250K(24384K)->24250K(24384K) Class: 4891K(5120K)->4891K(5120K)
[4491.309s][info][gc             ] GC(1012) Pause Young (Allocation Failure) 7832M->5486M(7926M) 103.902ms
[4491.309s][info][gc,cpu         ] GC(1012) User=0.59s Sys=0.02s Real=0.10s
...[4494.047s][info][gc,start       ] GC(1013) Pause Young (Allocation Failure)
[4494.152s][info][gc,heap        ] GC(1013) PSYoungGen: 2639312K(2643968K)->149472K(2641920K) Eden: 2492928K(2492928K)->0K(2490880K) From: 146384K(151040K)->149472K(151040K)
[4494.152s][info][gc,heap        ] GC(1013) ParOldGen: 5471855K(5472256K)->5566367K(5566464K)
[4494.152s][info][gc,metaspace   ] GC(1013) Metaspace: 29142K(29504K)->29142K(29504K) NonClass: 24250K(24384K)->24250K(24384K) Class: 4891K(5120K)->4891K(5120K)
[4494.152s][info][gc             ] GC(1013) Pause Young (Allocation Failure) 7921M->5581M(8016M) 104.979ms
[4494.152s][info][gc,cpu         ] GC(1013) User=0.59s Sys=0.03s Real=0.10s
...[4496.981s][info][gc,start       ] GC(1014) Pause Full (Allocation Failure)
[4496.981s][info][gc,phases,start] GC(1014) Marking Phase
[4497.279s][info][gc,phases      ] GC(1014) Marking Phase 297.946ms
[4497.279s][info][gc,phases,start] GC(1014) Summary Phase
[4497.279s][info][gc,phases      ] GC(1014) Summary Phase 0.112ms
[4497.279s][info][gc,phases,start] GC(1014) Forward
[4497.417s][info][gc,phases      ] GC(1014) Forward 138.045ms
[4497.417s][info][gc,phases,start] GC(1014) Adjust Pointers
[4497.620s][info][gc,phases      ] GC(1014) Adjust Pointers 202.749ms
[4497.620s][info][gc,phases,start] GC(1014) Compaction Phase
[4497.749s][info][gc,phases      ] GC(1014) Compaction Phase 128.546ms
[4497.749s][info][gc,phases,start] GC(1014) Post Compact
[4497.756s][info][gc,phases      ] GC(1014) Post Compact 7.079ms
[4497.887s][info][gc,heap        ] GC(1014) PSYoungGen: 2640352K(2641920K)->0K(2643456K) Eden: 2490880K(2490880K)->0K(2490880K) From: 149472K(151040K)->0K(152576K)
[4497.887s][info][gc,heap        ] GC(1014) ParOldGen: 5566367K(5566464K)->1429701K(1661440K)
[4497.887s][info][gc,metaspace   ] GC(1014) Metaspace: 29142K(29504K)->29142K(29504K) NonClass: 24250K(24384K)->24250K(24384K) Class: 4891K(5120K)->4891K(5120K)
[4497.887s][info][gc             ] GC(1014) Pause Full (Allocation Failure) 8014M->1396M(4204M) 905.923ms
[4497.887s][info][gc,cpu         ] GC(1014) User=4.10s Sys=0.13s Real=0.91s
..[4499.846s][info][gc,start       ] GC(1015) Pause Young (Allocation Failure)
[4499.915s][info][gc,heap        ] GC(1015) PSYoungGen: 2490880K(2643456K)->152548K(2639360K) Eden: 2490880K(2490880K)->0K(2486784K) From: 0K(152576K)->152548K(152576K)
[4499.915s][info][gc,heap        ] GC(1015) ParOldGen: 1429701K(1661440K)->1429917K(1661440K)
[4499.915s][info][gc,metaspace   ] GC(1015) Metaspace: 29142K(29504K)->29142K(29504K) NonClass: 24250K(24384K)->24250K(24384K) Class: 4891K(5120K)->4891K(5120K)
[4499.915s][info][gc             ] GC(1015) Pause Young (Allocation Failure) 3828M->1545M(4200M) 69.167ms
[4499.915s][info][gc,cpu         ] GC(1015) User=0.40s Sys=0.00s Real=0.07s
...[4502.634s][info][gc,start       ] GC(1016) Pause Young (Allocation Failure)
[4502.734s][info][gc,heap        ] GC(1016) PSYoungGen: 2639332K(2639360K)->154008K(2640896K) Eden: 2486784K(2486784K)->0K(2486784K) From: 152548K(152576K)->154008K(154112K)
[4502.734s][info][gc,heap        ] GC(1016) ParOldGen: 1429917K(1661440K)->1521557K(1661440K)
[4502.734s][info][gc,metaspace   ] GC(1016) Metaspace: 29142K(29504K)->29142K(29504K) NonClass: 24250K(24384K)->24250K(24384K) Class: 4891K(5120K)->4891K(5120K)
[4502.734s][info][gc             ] GC(1016) Pause Young (Allocation Failure) 3973M->1636M(4201M) 100.701ms
[4502.734s][info][gc,cpu         ] GC(1016) User=0.59s Sys=0.00s Real=0.10s
...[4505.574s][info][gc,start       ] GC(1017) Pause Young (Allocation Failure)
[4505.670s][info][gc,heap        ] GC(1017) PSYoungGen: 2640792K(2640896K)->149808K(2636800K) Eden: 2486784K(2486784K)->0K(2481664K) From: 154008K(154112K)->149808K(155136K)
[4505.670s][info][gc,heap        ] GC(1017) ParOldGen: 1521557K(1661440K)->1612789K(1661440K)
[4505.670s][info][gc,metaspace   ] GC(1017) Metaspace: 29142K(29504K)->29142K(29504K) NonClass: 24250K(24384K)->24250K(24384K) Class: 4891K(5120K)->4891K(5120K)
[4505.670s][info][gc             ] GC(1017) Pause Young (Allocation Failure) 4064M->1721M(4197M) 95.405ms
[4505.670s][info][gc,cpu         ] GC(1017) User=0.56s Sys=0.00s Real=0.09s
..[4507.780s][info][gc,start       ] GC(1018) Pause Full (Diagnostic Command)
[4507.780s][info][gc,phases,start] GC(1018) Marking Phase
[4508.069s][info][gc,phases      ] GC(1018) Marking Phase 288.787ms
[4508.069s][info][gc,phases,start] GC(1018) Summary Phase
[4508.069s][info][gc,phases      ] GC(1018) Summary Phase 0.046ms
[4508.069s][info][gc,phases,start] GC(1018) Forward
[4508.212s][info][gc,phases      ] GC(1018) Forward 143.063ms
[4508.212s][info][gc,phases,start] GC(1018) Adjust Pointers
[4508.419s][info][gc,phases      ] GC(1018) Adjust Pointers 207.589ms
[4508.419s][info][gc,phases,start] GC(1018) Compaction Phase
[4508.575s][info][gc,phases      ] GC(1018) Compaction Phase 155.515ms
[4508.578s][info][gc,phases,start] GC(1018) Post Compact
[4508.581s][info][gc,phases      ] GC(1018) Post Compact 3.068ms
[4508.581s][info][gc,heap        ] GC(1018) PSYoungGen: 2084251K(2636800K)->0K(2636800K) Eden: 1934443K(2481664K)->0K(2481664K) From: 149808K(155136K)->0K(155136K)
[4508.581s][info][gc,heap        ] GC(1018) ParOldGen: 1612789K(1661440K)->1142870K(1661440K)
[4508.581s][info][gc,metaspace   ] GC(1018) Metaspace: 29142K(29504K)->29142K(29504K) NonClass: 24250K(24384K)->24250K(24384K) Class: 4891K(5120K)->4891K(5120K)
[4508.581s][info][gc             ] GC(1018) Pause Full (Diagnostic Command) 3610M->1116M(4197M) 800.962ms
[4508.581s][info][gc,cpu         ] GC(1018) User=4.40s Sys=0.00s Real=0.80s
...[4510.656s][info][gc,start       ] GC(1019) Pause Young (Allocation Failure)
[4510.724s][info][gc,heap        ] GC(1019) PSYoungGen: 2481664K(2636800K)->149737K(2638848K) Eden: 2481664K(2481664K)->0K(2481664K) From: 0K(155136K)->149737K(157184K)
[4510.724s][info][gc,heap        ] GC(1019) ParOldGen: 1142870K(1661440K)->1142870K(1661440K)
[4510.724s][info][gc,metaspace   ] GC(1019) Metaspace: 29142K(29504K)->29142K(29504K) NonClass: 24250K(24384K)->24250K(24384K) Class: 4891K(5120K)->4891K(5120K)
[4510.724s][info][gc             ] GC(1019) Pause Young (Allocation Failure) 3539M->1262M(4199M) 68.082ms
[4510.724s][info][gc,cpu         ] GC(1019) User=0.40s Sys=0.00s Real=0.07s
..[4513.543s][info][gc,start       ] GC(1020) Pause Young (Allocation Failure)
[4513.636s][info][gc,heap        ] GC(1020) PSYoungGen: 2631401K(2638848K)->145184K(2637824K) Eden: 2481664K(2481664K)->0K(2481664K) From: 149737K(157184K)->145184K(156160K)
[4513.636s][info][gc,heap        ] GC(1020) ParOldGen: 1142870K(1661440K)->1234662K(1661440K)
[4513.636s][info][gc,metaspace   ] GC(1020) Metaspace: 29142K(29504K)->29142K(29504K) NonClass: 24250K(24384K)->24250K(24384K) Class: 4891K(5120K)->4891K(5120K)
[4513.637s][info][gc             ] GC(1020) Pause Young (Allocation Failure) 3685M->1347M(4198M) 93.374ms
[4513.637s][info][gc,cpu         ] GC(1020) User=0.55s Sys=0.00s Real=0.10s
...[4516.394s][info][gc,start       ] GC(1021) Pause Young (Allocation Failure)
[4516.486s][info][gc,heap        ] GC(1021) PSYoungGen: 2626848K(2637824K)->136480K(2638336K) Eden: 2481664K(2481664K)->0K(2481664K) From: 145184K(156160K)->136480K(156672K)
[4516.486s][info][gc,heap        ] GC(1021) ParOldGen: 1234662K(1661440K)->1328150K(1661440K)
[4516.486s][info][gc,metaspace   ] GC(1021) Metaspace: 29142K(29504K)->29142K(29504K) NonClass: 24250K(24384K)->24250K(24384K) Class: 4891K(5120K)->4891K(5120K)
[4516.486s][info][gc             ] GC(1021) Pause Young (Allocation Failure) 3771M->1430M(4199M) 91.464ms
[4516.486s][info][gc,cpu         ] GC(1021) User=0.55s Sys=0.00s Real=0.09s
...[4519.246s][info][gc,start       ] GC(1022) Pause Young (Allocation Failure)
[4519.336s][info][gc,heap        ] GC(1022) PSYoungGen: 2618144K(2638336K)->137120K(2637824K) Eden: 2481664K(2481664K)->0K(2480640K) From: 136480K(156672K)->137120K(157184K)
[4519.336s][info][gc,heap        ] GC(1022) ParOldGen: 1328150K(1661440K)->1418718K(1661440K)
[4519.336s][info][gc,metaspace   ] GC(1022) Metaspace: 29142K(29504K)->29142K(29504K) NonClass: 24250K(24384K)->24250K(24384K) Class: 4891K(5120K)->4891K(5120K)
[4519.336s][info][gc             ] GC(1022) Pause Young (Allocation Failure) 3853M->1519M(4198M) 90.021ms
[4519.336s][info][gc,cpu         ] GC(1022) User=0.54s Sys=0.00s Real=0.09s
...[4522.176s][info][gc,start       ] GC(1023) Pause Young (Allocation Failure)
[4522.276s][info][gc,heap        ] GC(1023) PSYoungGen: 2617760K(2637824K)->155573K(2636288K) Eden: 2480640K(2480640K)->0K(2480640K) From: 137120K(157184K)->155573K(155648K)
[4522.276s][info][gc,heap        ] GC(1023) ParOldGen: 1418718K(1661440K)->1510406K(1661440K)
[4522.276s][info][gc,metaspace   ] GC(1023) Metaspace: 29142K(29504K)->29142K(29504K) NonClass: 24250K(24384K)->24250K(24384K) Class: 4891K(5120K)->4891K(5120K)
[4522.276s][info][gc             ] GC(1023) Pause Young (Allocation Failure) 3941M->1626M(4197M) 100.077ms
[4522.276s][info][gc,cpu         ] GC(1023) User=0.60s Sys=0.00s Real=0.10s
...[4524.974s][info][gc,start       ] GC(1024) Pause Young (Allocation Failure)
[4525.067s][info][gc,heap        ] GC(1024) PSYoungGen: 2636213K(2636288K)->141952K(2636288K) Eden: 2480640K(2480640K)->0K(2476544K) From: 155573K(155648K)->141952K(159744K)
[4525.067s][info][gc,heap        ] GC(1024) ParOldGen: 1510406K(1661440K)->1603414K(1661440K)
[4525.067s][info][gc,metaspace   ] GC(1024) Metaspace: 29142K(29504K)->29142K(29504K) NonClass: 24250K(24384K)->24250K(24384K) Class: 4891K(5120K)->4891K(5120K)
[4525.067s][info][gc             ] GC(1024) Pause Young (Allocation Failure) 4049M->1704M(4197M) 92.402ms
[4525.067s][info][gc,cpu         ] GC(1024) User=0.55s Sys=0.00s Real=0.09s
...[4527.805s][info][gc,start       ] GC(1025) Pause Young (Allocation Failure)
[4527.901s][info][gc,heap        ] GC(1025) PSYoungGen: 2618496K(2636288K)->144693K(2621440K) Eden: 2476544K(2476544K)->0K(2476544K) From: 141952K(159744K)->144693K(144896K)
[4527.901s][info][gc,heap        ] GC(1025) ParOldGen: 1603414K(1661440K)->1695582K(1695744K)
[4527.901s][info][gc,metaspace   ] GC(1025) Metaspace: 29142K(29504K)->29142K(29504K) NonClass: 24250K(24384K)->24250K(24384K) Class: 4891K(5120K)->4891K(5120K)
[4527.901s][info][gc             ] GC(1025) Pause Young (Allocation Failure) 4122M->1797M(4216M) 96.072ms
[4527.901s][info][gc,cpu         ] GC(1025) User=0.56s Sys=0.00s Real=0.09s
...[4530.712s][info][gc,start       ] GC(1026) Pause Young (Allocation Failure)
[4530.812s][info][gc,heap        ] GC(1026) PSYoungGen: 2621237K(2621440K)->146421K(2635264K) Eden: 2476544K(2476544K)->0K(2477056K) From: 144693K(144896K)->146421K(158208K)
[4530.812s][info][gc,heap        ] GC(1026) ParOldGen: 1695582K(1695744K)->1785950K(1786368K)
[4530.812s][info][gc,metaspace   ] GC(1026) Metaspace: 29142K(29504K)->29142K(29504K) NonClass: 24250K(24384K)->24250K(24384K) Class: 4891K(5120K)->4891K(5120K)
[4530.812s][info][gc             ] GC(1026) Pause Young (Allocation Failure) 4215M->1887M(4318M) 99.292ms
[4530.812s][info][gc,cpu         ] GC(1026) User=0.57s Sys=0.02s Real=0.10s
.. (rIR:aIR:PR = 7057:7056:7056) (tPR = 105209) [OK] 
  4532s: Performance info:
         Transaction,    Success,    Partial,     Failed,   Receipts, AvgBarcode, 
             Overall,     425889,          0,          0,     404680,      59.48, 
         Response times:
             Request,    Success,    Partial,     Failed,   SkipFail,     Probes,    Samples,      min,      p50,      p90,      p95,      p99,      max, 
       TotalPurchase,     404680,          0,          0,          0,     353293,     448255,      300,     5000,    12300,    39000,    98000,   960000,
     InStorePurchase,     212656,          0,          0,          0,     185803,     235177,      300,     5000,    12800,    39000,    99000,   960000,
      OnlinePurchase,     149546,          0,          0,          0,     130387,     165417,      300,     5000,    11900,    40000,    98000,   960000,
        InstPurchase,      42478,          0,          0,          0,      37103,      47661,      300,     4600,    12100,    36000,    84000,   920000,
          AssocOfCat,        426,          0,          0,          0,        339,        506,    18900,    31000,    52000,    73000,   345000,   850000,
      AssocOfProduct,       4248,          0,          0,          0,       3875,       5174,      500,     4200,    10750,    28000,    83750,   212000,
      BusinessReport,       1064,          0,          0,          0,        934,       1289,    24000,    38000,    70000,   114000,   189300,   980000,
          CustBuyBeh,       4239,          0,          0,          0,       3842,       5135,      400,     3800,     9900,    29000,    60640,   208000,
       ProductReturn,      11232,          0,          0,          0,       9340,      12188,      200,     4500,    13110,    36000,    77000,   930000,

  4532s: (52%)   IR =   7195 [4533.561s][info][gc,start       ] GC(1027) Pause Young (Allocation Failure)
[4533.657s][info][gc,heap        ] GC(1027) PSYoungGen: 2623477K(2635264K)->138144K(2634752K) Eden: 2477056K(2477056K)->0K(2477056K) From: 146421K(158208K)->138144K(157696K)
[4533.657s][info][gc,heap        ] GC(1027) ParOldGen: 1785950K(1786368K)->1879374K(1879552K)
[4533.657s][info][gc,metaspace   ] GC(1027) Metaspace: 29142K(29504K)->29142K(29504K) NonClass: 24250K(24384K)->24250K(24384K) Class: 4891K(5120K)->4891K(5120K)
[4533.657s][info][gc             ] GC(1027) Pause Young (Allocation Failure) 4306M->1970M(4408M) 96.128ms
[4533.657s][info][gc,cpu         ] GC(1027) User=0.54s Sys=0.04s Real=0.10s
...[4536.366s][info][gc,start       ] GC(1028) Pause Young (Allocation Failure)
[4536.468s][info][gc,heap        ] GC(1028) PSYoungGen: 2615200K(2634752K)->150517K(2637312K) Eden: 2477056K(2477056K)->0K(2479616K) From: 138144K(157696K)->150517K(157696K)
[4536.468s][info][gc,heap        ] GC(1028) ParOldGen: 1879374K(1879552K)->1969366K(1969664K)
[4536.468s][info][gc,metaspace   ] GC(1028) Metaspace: 29142K(29504K)->29142K(29504K) NonClass: 24250K(24384K)->24250K(24384K) Class: 4891K(5120K)->4891K(5120K)
[4536.468s][info][gc             ] GC(1028) Pause Young (Allocation Failure) 4389M->2070M(4499M) 101.268ms
[4536.468s][info][gc,cpu         ] GC(1028) User=0.57s Sys=0.03s Real=0.10s
...[4539.163s][info][gc,start       ] GC(1029) Pause Young (Allocation Failure)
[4539.262s][info][gc,heap        ] GC(1029) PSYoungGen: 2630133K(2637312K)->144480K(2624512K) Eden: 2479616K(2479616K)->0K(2479616K) From: 150517K(157696K)->144480K(144896K)
[4539.262s][info][gc,heap        ] GC(1029) ParOldGen: 1969366K(1969664K)->2062846K(2062848K)
[4539.262s][info][gc,metaspace   ] GC(1029) Metaspace: 29142K(29504K)->29142K(29504K) NonClass: 24250K(24384K)->24250K(24384K) Class: 4891K(5120K)->4891K(5120K)
[4539.262s][info][gc             ] GC(1029) Pause Young (Allocation Failure) 4491M->2155M(4577M) 98.366ms
[4539.262s][info][gc,cpu         ] GC(1029) User=0.56s Sys=0.02s Real=0.09s
...[4541.942s][info][gc,start       ] GC(1030) Pause Young (Allocation Failure)
[4542.043s][info][gc,heap        ] GC(1030) PSYoungGen: 2624096K(2624512K)->148948K(2636800K) Eden: 2479616K(2479616K)->0K(2479616K) From: 144480K(144896K)->148948K(157184K)
[4542.043s][info][gc,heap        ] GC(1030) ParOldGen: 2062846K(2062848K)->2153998K(2154496K)
[4542.043s][info][gc,metaspace   ] GC(1030) Metaspace: 29142K(29504K)->29142K(29504K) NonClass: 24250K(24384K)->24250K(24384K) Class: 4891K(5120K)->4891K(5120K)
[4542.043s][info][gc             ] GC(1030) Pause Young (Allocation Failure) 4577M->2248M(4679M) 100.856ms
[4542.043s][info][gc,cpu         ] GC(1030) User=0.57s Sys=0.03s Real=0.10s
...[4544.769s][info][gc,start       ] GC(1031) Pause Young (Allocation Failure)
[4544.870s][info][gc,heap        ] GC(1031) PSYoungGen: 2628564K(2636800K)->147604K(2637312K) Eden: 2479616K(2479616K)->0K(2479616K) From: 148948K(157184K)->147604K(157696K)
[4544.870s][info][gc,heap        ] GC(1031) ParOldGen: 2153998K(2154496K)->2245950K(2246144K)
[4544.870s][info][gc,metaspace   ] GC(1031) Metaspace: 29142K(29504K)->29142K(29504K) NonClass: 24250K(24384K)->24250K(24384K) Class: 4891K(5120K)->4891K(5120K)
[4544.870s][info][gc             ] GC(1031) Pause Young (Allocation Failure) 4670M->2337M(4769M) 100.485ms
[4544.870s][info][gc,cpu         ] GC(1031) User=0.57s Sys=0.02s Real=0.10s
..[4547.599s][info][gc,start       ] GC(1032) Pause Young (Allocation Failure)
[4547.694s][info][gc,heap        ] GC(1032) PSYoungGen: 2627220K(2637312K)->139232K(2638336K) Eden: 2479616K(2479616K)->0K(2481152K) From: 147604K(157696K)->139232K(157184K)
[4547.694s][info][gc,heap        ] GC(1032) ParOldGen: 2245950K(2246144K)->2338262K(2338304K)
[4547.694s][info][gc,metaspace   ] GC(1032) Metaspace: 29142K(29504K)->29142K(29504K) NonClass: 24250K(24384K)->24250K(24384K) Class: 4891K(5120K)->4891K(5120K)
[4547.694s][info][gc             ] GC(1032) Pause Young (Allocation Failure) 4758M->2419M(4860M) 95.392ms
[4547.694s][info][gc,cpu         ] GC(1032) User=0.53s Sys=0.04s Real=0.10s
..|.[4550.385s][info][gc,start       ] GC(1033) Pause Young (Allocation Failure)
[4550.491s][info][gc,heap        ] GC(1033) PSYoungGen: 2620384K(2638336K)->145704K(2627072K) Eden: 2481152K(2481152K)->0K(2481152K) From: 139232K(157184K)->145704K(145920K)
[4550.491s][info][gc,heap        ] GC(1033) ParOldGen: 2338262K(2338304K)->2430398K(2430464K)
[4550.491s][info][gc,metaspace   ] GC(1033) Metaspace: 29142K(29504K)->29142K(29504K) NonClass: 24250K(24384K)->24250K(24384K) Class: 4891K(5120K)->4891K(5120K)
[4550.491s][info][gc             ] GC(1033) Pause Young (Allocation Failure) 4842M->2515M(4939M) 105.448ms
[4550.491s][info][gc,cpu         ] GC(1033) User=0.59s Sys=0.04s Real=0.10s
...[4553.257s][info][gc,start       ] GC(1034) Pause Young (Allocation Failure)
[4553.357s][info][gc,heap        ] GC(1034) PSYoungGen: 2626856K(2627072K)->144948K(2638848K) Eden: 2481152K(2481152K)->0K(2482688K) From: 145704K(145920K)->144948K(156160K)
[4553.357s][info][gc,heap        ] GC(1034) ParOldGen: 2430398K(2430464K)->2520590K(2521088K)
[4553.357s][info][gc,metaspace   ] GC(1034) Metaspace: 29142K(29504K)->29142K(29504K) NonClass: 24250K(24384K)->24250K(24384K) Class: 4891K(5120K)->4891K(5120K)
[4553.357s][info][gc             ] GC(1034) Pause Young (Allocation Failure) 4938M->2603M(5039M) 100.026ms
[4553.357s][info][gc,cpu         ] GC(1034) User=0.57s Sys=0.03s Real=0.10s
...[4556.081s][info][gc,start       ] GC(1035) Pause Young (Allocation Failure)
[4556.184s][info][gc,heap        ] GC(1035) PSYoungGen: 2627636K(2638848K)->148373K(2637824K) Eden: 2482688K(2482688K)->0K(2482688K) From: 144948K(156160K)->148373K(155136K)
[4556.184s][info][gc,heap        ] GC(1035) ParOldGen: 2520590K(2521088K)->2614390K(2614784K)
[4556.184s][info][gc,metaspace   ] GC(1035) Metaspace: 29142K(29504K)->29142K(29504K) NonClass: 24250K(24384K)->24250K(24384K) Class: 4891K(5120K)->4891K(5120K)
[4556.184s][info][gc             ] GC(1035) Pause Young (Allocation Failure) 5027M->2698M(5129M) 102.665ms
[4556.184s][info][gc,cpu         ] GC(1035) User=0.57s Sys=0.03s Real=0.11s
...[4558.861s][info][gc,start       ] GC(1036) Pause Young (Allocation Failure)
[4558.963s][info][gc,heap        ] GC(1036) PSYoungGen: 2631061K(2637824K)->149204K(2639360K) Eden: 2482688K(2482688K)->0K(2484224K) From: 148373K(155136K)->149204K(155136K)
[4558.963s][info][gc,heap        ] GC(1036) ParOldGen: 2614390K(2614784K)->2705926K(2706432K)
[4558.963s][info][gc,metaspace   ] GC(1036) Metaspace: 29142K(29504K)->29142K(29504K) NonClass: 24250K(24384K)->24250K(24384K) Class: 4891K(5120K)->4891K(5120K)
[4558.963s][info][gc             ] GC(1036) Pause Young (Allocation Failure) 5122M->2788M(5220M) 101.420ms
[4558.963s][info][gc,cpu         ] GC(1036) User=0.57s Sys=0.02s Real=0.10s
..[4561.663s][info][gc,start       ] GC(1037) Pause Young (Allocation Failure)
[4561.760s][info][gc,heap        ] GC(1037) PSYoungGen: 2633428K(2639360K)->139712K(2639872K) Eden: 2484224K(2484224K)->0K(2484224K) From: 149204K(155136K)->139712K(155648K)
[4561.760s][info][gc,heap        ] GC(1037) ParOldGen: 2705926K(2706432K)->2797502K(2797568K)
[4561.760s][info][gc,metaspace   ] GC(1037) Metaspace: 29142K(29504K)->29142K(29504K) NonClass: 24250K(24384K)->24250K(24384K) Class: 4891K(5120K)->4891K(5120K)
[4561.760s][info][gc             ] GC(1037) Pause Young (Allocation Failure) 5214M->2868M(5310M) 97.279ms
[4561.760s][info][gc,cpu         ] GC(1037) User=0.54s Sys=0.03s Real=0.10s
...[4564.497s][info][gc,start       ] GC(1038) Pause Young (Allocation Failure)
[4564.595s][info][gc,heap        ] GC(1038) PSYoungGen: 2623936K(2639872K)->141088K(2640384K) Eden: 2484224K(2484224K)->0K(2484736K) From: 139712K(155648K)->141088K(155648K)
[4564.595s][info][gc,heap        ] GC(1038) ParOldGen: 2797502K(2797568K)->2888270K(2888704K)
[4564.595s][info][gc,metaspace   ] GC(1038) Metaspace: 29142K(29504K)->29142K(29504K) NonClass: 24250K(24384K)->24250K(24384K) Class: 4891K(5120K)->4891K(5120K)
[4564.595s][info][gc             ] GC(1038) Pause Young (Allocation Failure) 5294M->2958M(5399M) 98.184ms
[4564.595s][info][gc,cpu         ] GC(1038) User=0.55s Sys=0.03s Real=0.10s
...[4567.272s][info][gc,start       ] GC(1039) Pause Young (Allocation Failure)
[4567.374s][info][gc,heap        ] GC(1039) PSYoungGen: 2625824K(2640384K)->143695K(2628608K) Eden: 2484736K(2484736K)->0K(2484736K) From: 141088K(155648K)->143695K(143872K)
[4567.374s][info][gc,heap        ] GC(1039) ParOldGen: 2888270K(2888704K)->2982054K(2982400K)
[4567.374s][info][gc,metaspace   ] GC(1039) Metaspace: 29142K(29504K)->29142K(29504K) NonClass: 24250K(24384K)->24250K(24384K) Class: 4891K(5120K)->4891K(5120K)
[4567.374s][info][gc             ] GC(1039) Pause Young (Allocation Failure) 5384M->3052M(5479M) 102.006ms
[4567.374s][info][gc,cpu         ] GC(1039) User=0.57s Sys=0.03s Real=0.11s
...[4570.114s][info][gc,start       ] GC(1040) Pause Young (Allocation Failure)
[4570.214s][info][gc,heap        ] GC(1040) PSYoungGen: 2628431K(2628608K)->147732K(2639360K) Eden: 2484736K(2484736K)->0K(2484736K) From: 143695K(143872K)->147732K(154624K)
[4570.214s][info][gc,heap        ] GC(1040) ParOldGen: 2982054K(2982400K)->3070870K(3070976K)
[4570.214s][info][gc,metaspace   ] GC(1040) Metaspace: 29142K(29504K)->29142K(29504K) NonClass: 24250K(24384K)->24250K(24384K) Class: 4891K(5120K)->4891K(5120K)
[4570.214s][info][gc             ] GC(1040) Pause Young (Allocation Failure) 5478M->3143M(5576M) 100.393ms
[4570.214s][info][gc,cpu         ] GC(1040) User=0.56s Sys=0.02s Real=0.10s
...[4572.894s][info][gc,start       ] GC(1041) Pause Young (Allocation Failure)
[4572.997s][info][gc,heap        ] GC(1041) PSYoungGen: 2632468K(2639360K)->148030K(2639360K) Eden: 2484736K(2484736K)->0K(2484736K) From: 147732K(154624K)->148030K(154624K)
[4572.997s][info][gc,heap        ] GC(1041) ParOldGen: 3070870K(3070976K)->3164766K(3165184K)
[4572.997s][info][gc,metaspace   ] GC(1041) Metaspace: 29142K(29504K)->29142K(29504K) NonClass: 24250K(24384K)->24250K(24384K) Class: 4891K(5120K)->4891K(5120K)
[4572.997s][info][gc             ] GC(1041) Pause Young (Allocation Failure) 5569M->3235M(5668M) 102.846ms
[4572.997s][info][gc,cpu         ] GC(1041) User=0.57s Sys=0.03s Real=0.10s
..[4575.722s][info][gc,start       ] GC(1042) Pause Young (Allocation Failure)
[4575.822s][info][gc,heap        ] GC(1042) PSYoungGen: 2632766K(2639360K)->144784K(2639872K) Eden: 2484736K(2484736K)->0K(2486272K) From: 148030K(154624K)->144784K(153600K)
[4575.822s][info][gc,heap        ] GC(1042) ParOldGen: 3164766K(3165184K)->3256334K(3256832K)
[4575.822s][info][gc,metaspace   ] GC(1042) Metaspace: 29142K(29504K)->29142K(29504K) NonClass: 24250K(24384K)->24250K(24384K) Class: 4891K(5120K)->4891K(5120K)
[4575.822s][info][gc             ] GC(1042) Pause Young (Allocation Failure) 5661M->3321M(5758M) 99.541ms
[4575.822s][info][gc,cpu         ] GC(1042) User=0.56s Sys=0.04s Real=0.10s
...[4578.485s][info][gc,start       ] GC(1043) Pause Young (Allocation Failure)
[4578.581s][info][gc,heap        ] GC(1043) PSYoungGen: 2631056K(2639872K)->137856K(2640384K) Eden: 2486272K(2486272K)->0K(2486272K) From: 144784K(153600K)->137856K(154112K)
[4578.581s][info][gc,heap        ] GC(1043) ParOldGen: 3256334K(3256832K)->3349902K(3350016K)
[4578.581s][info][gc,metaspace   ] GC(1043) Metaspace: 29142K(29504K)->29142K(29504K) NonClass: 24250K(24384K)->24250K(24384K) Class: 4891K(5120K)->4891K(5120K)
[4578.582s][info][gc             ] GC(1043) Pause Young (Allocation Failure) 5749M->3406M(5850M) 96.933ms
[4578.582s][info][gc,cpu         ] GC(1043) User=0.54s Sys=0.03s Real=0.09s
...[4581.350s][info][gc,start       ] GC(1044) Pause Young (Allocation Failure)
[4581.449s][info][gc,heap        ] GC(1044) PSYoungGen: 2624128K(2640384K)->142912K(2640384K) Eden: 2486272K(2486272K)->0K(2487296K) From: 137856K(154112K)->142912K(153088K)
[4581.449s][info][gc,heap        ] GC(1044) ParOldGen: 3349902K(3350016K)->3439878K(3440128K)
[4581.449s][info][gc,metaspace   ] GC(1044) Metaspace: 29142K(29504K)->29142K(29504K) NonClass: 24250K(24384K)->24250K(24384K) Class: 4891K(5120K)->4891K(5120K)
[4581.449s][info][gc             ] GC(1044) Pause Young (Allocation Failure) 5834M->3498M(5938M) 98.849ms
[4581.449s][info][gc,cpu         ] GC(1044) User=0.56s Sys=0.02s Real=0.10s
...[4584.185s][info][gc,start       ] GC(1045) Pause Young (Allocation Failure)
[4584.286s][info][gc,heap        ] GC(1045) PSYoungGen: 2630208K(2640384K)->145440K(2640896K) Eden: 2487296K(2487296K)->0K(2487296K) From: 142912K(153088K)->145440K(153600K)
[4584.286s][info][gc,heap        ] GC(1045) ParOldGen: 3439878K(3440128K)->3533574K(3533824K)
[4584.286s][info][gc,metaspace   ] GC(1045) Metaspace: 29142K(29504K)->29142K(29504K) NonClass: 24250K(24384K)->24250K(24384K) Class: 4891K(5120K)->4891K(5120K)
[4584.286s][info][gc             ] GC(1045) Pause Young (Allocation Failure) 5927M->3592M(6030M) 101.163ms
[4584.286s][info][gc,cpu         ] GC(1045) User=0.57s Sys=0.03s Real=0.10s
...[4586.951s][info][gc,start       ] GC(1046) Pause Young (Allocation Failure)
[4587.052s][info][gc,heap        ] GC(1046) PSYoungGen: 2632736K(2640896K)->146164K(2642432K) Eden: 2487296K(2487296K)->0K(2489344K) From: 145440K(153600K)->146164K(153088K)
[4587.052s][info][gc,heap        ] GC(1046) ParOldGen: 3533574K(3533824K)->3626438K(3626496K)
[4587.052s][info][gc,metaspace   ] GC(1046) Metaspace: 29142K(29504K)->29142K(29504K) NonClass: 24250K(24384K)->24250K(24384K) Class: 4891K(5120K)->4891K(5120K)
[4587.052s][info][gc             ] GC(1046) Pause Young (Allocation Failure) 6021M->3684M(6122M) 101.167ms
[4587.052s][info][gc,cpu         ] GC(1046) User=0.57s Sys=0.02s Real=0.10s
..[4589.779s][info][gc,start       ] GC(1047) Pause Young (Allocation Failure)
[4589.878s][info][gc,heap        ] GC(1047) PSYoungGen: 2635508K(2642432K)->141888K(2642432K) Eden: 2489344K(2489344K)->0K(2489344K) From: 146164K(153088K)->141888K(153088K)
[4589.878s][info][gc,heap        ] GC(1047) ParOldGen: 3626438K(3626496K)->3717262K(3717632K)
[4589.878s][info][gc,metaspace   ] GC(1047) Metaspace: 29142K(29504K)->29142K(29504K) NonClass: 24250K(24384K)->24250K(24384K) Class: 4891K(5120K)->4891K(5120K)
[4589.878s][info][gc             ] GC(1047) Pause Young (Allocation Failure) 6115M->3768M(6211M) 98.746ms
[4589.878s][info][gc,cpu         ] GC(1047) User=0.56s Sys=0.03s Real=0.10s
...[4592.606s][info][gc,start       ] GC(1048) Pause Young (Allocation Failure)
[4592.706s][info][gc,heap        ] GC(1048) PSYoungGen: 2631232K(2642432K)->140256K(2642432K) Eden: 2489344K(2489344K)->0K(2489856K) From: 141888K(153088K)->140256K(152576K)
[4592.706s][info][gc,heap        ] GC(1048) ParOldGen: 3717262K(3717632K)->3811102K(3811328K)
[4592.706s][info][gc,metaspace   ] GC(1048) Metaspace: 29142K(29504K)->29142K(29504K) NonClass: 24250K(24384K)->24250K(24384K) Class: 4891K(5120K)->4891K(5120K)
[4592.706s][info][gc             ] GC(1048) Pause Young (Allocation Failure) 6199M->3858M(6302M) 100.106ms
[4592.706s][info][gc,cpu         ] GC(1048) User=0.56s Sys=0.03s Real=0.10s
...[4595.478s][info][gc,start       ] GC(1049) Pause Young (Allocation Failure)
[4595.578s][info][gc,heap        ] GC(1049) PSYoungGen: 2630112K(2642432K)->143780K(2642432K) Eden: 2489856K(2489856K)->0K(2489856K) From: 140256K(152576K)->143780K(152576K)
[4595.578s][info][gc,heap        ] GC(1049) ParOldGen: 3811102K(3811328K)->3903166K(3903488K)
[4595.578s][info][gc,metaspace   ] GC(1049) Metaspace: 29142K(29504K)->29142K(29504K) NonClass: 24250K(24384K)->24250K(24384K) Class: 4891K(5120K)->4891K(5120K)
[4595.578s][info][gc             ] GC(1049) Pause Young (Allocation Failure) 6290M->3952M(6392M) 99.918ms
[4595.578s][info][gc,cpu         ] GC(1049) User=0.57s Sys=0.03s Real=0.10s
...[4598.220s][info][gc,start       ] GC(1050) Pause Young (Allocation Failure)
[4598.320s][info][gc,heap        ] GC(1050) PSYoungGen: 2633636K(2642432K)->136512K(2641920K) Eden: 2489856K(2489856K)->0K(2490368K) From: 143780K(152576K)->136512K(151552K)
[4598.320s][info][gc,heap        ] GC(1050) ParOldGen: 3903166K(3903488K)->3996990K(3997184K)
[4598.320s][info][gc,metaspace   ] GC(1050) Metaspace: 29142K(29504K)->29142K(29504K) NonClass: 24250K(24384K)->24250K(24384K) Class: 4891K(5120K)->4891K(5120K)
[4598.320s][info][gc             ] GC(1050) Pause Young (Allocation Failure) 6383M->4036M(6483M) 100.492ms
[4598.320s][info][gc,cpu         ] GC(1050) User=0.57s Sys=0.03s Real=0.10s
...[4601.120s][info][gc,start       ] GC(1051) Pause Young (Allocation Failure)
[4601.224s][info][gc,heap        ] GC(1051) PSYoungGen: 2626880K(2641920K)->152053K(2642432K) Eden: 2490368K(2490368K)->0K(2490368K) From: 136512K(151552K)->152053K(152064K)
[4601.224s][info][gc,heap        ] GC(1051) ParOldGen: 3996990K(3997184K)->4088222K(4088320K)
[4601.224s][info][gc,metaspace   ] GC(1051) Metaspace: 29142K(29504K)->29142K(29504K) NonClass: 24250K(24384K)->24250K(24384K) Class: 4891K(5120K)->4891K(5120K)
[4601.224s][info][gc             ] GC(1051) Pause Young (Allocation Failure) 6468M->4140M(6573M) 104.028ms
[4601.224s][info][gc,cpu         ] GC(1051) User=0.59s Sys=0.03s Real=0.11s
...[4603.943s][info][gc,start       ] GC(1052) Pause Young (Allocation Failure)
[4604.044s][info][gc,heap        ] GC(1052) PSYoungGen: 2642421K(2642432K)->147648K(2577920K) Eden: 2490368K(2490368K)->0K(2424320K) From: 152053K(152064K)->147648K(153600K)
[4604.044s][info][gc,heap        ] GC(1052) ParOldGen: 4088222K(4088320K)->4180030K(4180480K)
[4604.044s][info][gc,metaspace   ] GC(1052) Metaspace: 29142K(29504K)->29142K(29504K) NonClass: 24250K(24384K)->24250K(24384K) Class: 4891K(5120K)->4891K(5120K)
[4604.044s][info][gc             ] GC(1052) Pause Young (Allocation Failure) 6572M->4226M(6600M) 100.821ms
[4604.044s][info][gc,cpu         ] GC(1052) User=0.58s Sys=0.03s Real=0.11s
..[4606.651s][info][gc,start       ] GC(1053) Pause Young (Allocation Failure)
[4606.751s][info][gc,heap        ] GC(1053) PSYoungGen: 2571968K(2577920K)->142148K(2610176K) Eden: 2424320K(2424320K)->0K(2424320K) From: 147648K(153600K)->142148K(185856K)
[4606.751s][info][gc,heap        ] GC(1053) ParOldGen: 4180030K(4180480K)->4273758K(4274176K)
[4606.751s][info][gc,metaspace   ] GC(1053) Metaspace: 29142K(29504K)->29142K(29504K) NonClass: 24250K(24384K)->24250K(24384K) Class: 4891K(5120K)->4891K(5120K)
[4606.751s][info][gc             ] GC(1053) Pause Young (Allocation Failure) 6593M->4312M(6723M) 100.467ms
[4606.751s][info][gc,cpu         ] GC(1053) User=0.56s Sys=0.04s Real=0.10s
... (rIR:aIR:PR = 7195:7206:7206) (tPR = 106588) [OK] 
  4608s: Performance info:
         Transaction,    Success,    Partial,     Failed,   Receipts, AvgBarcode, 
             Overall,     433527,          0,          0,     411888,      59.47, 
         Response times:
             Request,    Success,    Partial,     Failed,   SkipFail,     Probes,    Samples,      min,      p50,      p90,      p95,      p99,      max, 
       TotalPurchase,     411888,          0,          0,          0,     362817,     461597,      300,     4800,     9200,    16500,    46000,   162000,
     InStorePurchase,     217002,          0,          0,          0,     190445,     241804,      300,     4700,     9200,    16100,    46000,   162000,
      OnlinePurchase,     151588,          0,          0,          0,     133678,     169939,      300,     4900,     9300,    17000,    46000,   162000,
        InstPurchase,      43298,          0,          0,          0,      38694,      49854,      300,     5000,     9400,    16800,    47000,   161000,
          AssocOfCat,        431,          0,          0,          0,        341,        509,    18800,    31000,    46000,    66500,   146800,   167000,
      AssocOfProduct,       4336,          0,          0,          0,       4138,       5487,      400,     4400,     9300,    14500,    45120,   135000,
      BusinessReport,       1084,          0,          0,          0,        962,       1393,    27000,    39000,    58000,    86600,   151000,   204000,
          CustBuyBeh,       4329,          0,          0,          0,       4045,       5338,      200,     4700,     8800,    13800,    45610,   148000,
       ProductReturn,      11459,          0,          0,          0,       9808,      12804,      200,     4700,     8750,    14100,    41000,   135000,

  4608s: (53%)   IR =   7334 [4609.432s][info][gc,start       ] GC(1054) Pause Young (Allocation Failure)
[4609.528s][info][gc,heap        ] GC(1054) PSYoungGen: 2566468K(2610176K)->136096K(2607616K) Eden: 2424320K(2424320K)->0K(2425856K) From: 142148K(185856K)->136096K(181760K)
[4609.528s][info][gc,heap        ] GC(1054) ParOldGen: 4273758K(4274176K)->4364918K(4365312K)
[4609.528s][info][gc,metaspace   ] GC(1054) Metaspace: 29142K(29504K)->29142K(29504K) NonClass: 24250K(24384K)->24250K(24384K) Class: 4891K(5120K)->4891K(5120K)
[4609.528s][info][gc             ] GC(1054) Pause Young (Allocation Failure) 6679M->4395M(6809M) 96.203ms
[4609.528s][info][gc,cpu         ] GC(1054) User=0.54s Sys=0.03s Real=0.10s
...[4612.200s][info][gc,start       ] GC(1055) Pause Young (Allocation Failure)
[4612.295s][info][gc,heap        ] GC(1055) PSYoungGen: 2561952K(2607616K)->138592K(2609664K) Eden: 2425856K(2425856K)->0K(2425856K) From: 136096K(181760K)->138592K(183808K)
[4612.295s][info][gc,heap        ] GC(1055) ParOldGen: 4364918K(4365312K)->4454318K(4454400K)
[4612.295s][info][gc,metaspace   ] GC(1055) Metaspace: 29142K(29504K)->29142K(29504K) NonClass: 24250K(24384K)->24250K(24384K) Class: 4891K(5120K)->4891K(5120K)
[4612.295s][info][gc             ] GC(1055) Pause Young (Allocation Failure) 6764M->4485M(6898M) 95.419ms
[4612.295s][info][gc,cpu         ] GC(1055) User=0.55s Sys=0.02s Real=0.10s
..[4614.823s][info][gc,start       ] GC(1056) Pause Young (Allocation Failure)
[4614.926s][info][gc,heap        ] GC(1056) PSYoungGen: 2564448K(2609664K)->143188K(2607616K) Eden: 2425856K(2425856K)->0K(2429952K) From: 138592K(183808K)->143188K(177664K)
[4614.926s][info][gc,heap        ] GC(1056) ParOldGen: 4454318K(4454400K)->4549014K(4549120K)
[4614.926s][info][gc,metaspace   ] GC(1056) Metaspace: 29142K(29504K)->29142K(29504K) NonClass: 24250K(24384K)->24250K(24384K) Class: 4891K(5120K)->4891K(5120K)
[4614.926s][info][gc             ] GC(1056) Pause Young (Allocation Failure) 6854M->4582M(6989M) 102.625ms
[4614.926s][info][gc,cpu         ] GC(1056) User=0.58s Sys=0.02s Real=0.11s
..|.[4617.566s][info][gc,start       ] GC(1057) Pause Young (Allocation Failure)
[4617.668s][info][gc,heap        ] GC(1057) PSYoungGen: 2573140K(2607616K)->144835K(2610176K) Eden: 2429952K(2429952K)->0K(2429952K) From: 143188K(177664K)->144835K(180224K)
[4617.668s][info][gc,heap        ] GC(1057) ParOldGen: 4549014K(4549120K)->4637230K(4637696K)
[4617.668s][info][gc,metaspace   ] GC(1057) Metaspace: 29142K(29504K)->29142K(29504K) NonClass: 24250K(24384K)->24250K(24384K) Class: 4891K(5120K)->4891K(5120K)
[4617.668s][info][gc             ] GC(1057) Pause Young (Allocation Failure) 6955M->4669M(7078M) 101.823ms
[4617.668s][info][gc,cpu         ] GC(1057) User=0.57s Sys=0.02s Real=0.10s
...[4620.208s][info][gc,start       ] GC(1058) Pause Young (Allocation Failure)
[4620.308s][info][gc,heap        ] GC(1058) PSYoungGen: 2574787K(2610176K)->136884K(2613760K) Eden: 2429952K(2429952K)->0K(2438144K) From: 144835K(180224K)->136884K(175616K)
[4620.308s][info][gc,heap        ] GC(1058) ParOldGen: 4637230K(4637696K)->4730574K(4730880K)
[4620.308s][info][gc,metaspace   ] GC(1058) Metaspace: 29142K(29504K)->29142K(29504K) NonClass: 24250K(24384K)->24250K(24384K) Class: 4891K(5120K)->4891K(5120K)
[4620.308s][info][gc             ] GC(1058) Pause Young (Allocation Failure) 7042M->4753M(7172M) 99.716ms
[4620.308s][info][gc,cpu         ] GC(1058) User=0.56s Sys=0.04s Real=0.10s
..[4622.941s][info][gc,start       ] GC(1059) Pause Young (Allocation Failure)
[4623.046s][info][gc,heap        ] GC(1059) PSYoungGen: 2575028K(2613760K)->153096K(2614784K) Eden: 2438144K(2438144K)->0K(2438144K) From: 136884K(175616K)->153096K(176640K)
[4623.046s][info][gc,heap        ] GC(1059) ParOldGen: 4730574K(4730880K)->4820630K(4820992K)
[4623.046s][info][gc,metaspace   ] GC(1059) Metaspace: 29142K(29504K)->29142K(29504K) NonClass: 24250K(24384K)->24250K(24384K) Class: 4891K(5120K)->4891K(5120K)
[4623.046s][info][gc             ] GC(1059) Pause Young (Allocation Failure) 7134M->4857M(7261M) 105.542ms
[4623.046s][info][gc,cpu         ] GC(1059) User=0.59s Sys=0.03s Real=0.11s
...[4625.575s][info][gc,start       ] GC(1060) Pause Young (Allocation Failure)
[4625.677s][info][gc,heap        ] GC(1060) PSYoungGen: 2591240K(2614784K)->142437K(2616320K) Eden: 2438144K(2438144K)->0K(2443776K) From: 153096K(176640K)->142437K(172544K)
[4625.677s][info][gc,heap        ] GC(1060) ParOldGen: 4820630K(4820992K)->4911542K(4911616K)
[4625.677s][info][gc,metaspace   ] GC(1060) Metaspace: 29142K(29504K)->29142K(29504K) NonClass: 24250K(24384K)->24250K(24384K) Class: 4891K(5120K)->4891K(5120K)
[4625.677s][info][gc             ] GC(1060) Pause Young (Allocation Failure) 7238M->4935M(7351M) 102.552ms
[4625.677s][info][gc,cpu         ] GC(1060) User=0.58s Sys=0.02s Real=0.10s
...[4628.341s][info][gc,start       ] GC(1061) Pause Young (Allocation Failure)
[4628.439s][info][gc,heap        ] GC(1061) PSYoungGen: 2586213K(2616320K)->136320K(2617856K) Eden: 2443776K(2443776K)->0K(2443776K) From: 142437K(172544K)->136320K(174080K)
[4628.439s][info][gc,heap        ] GC(1061) ParOldGen: 4911542K(4911616K)->5002758K(5003264K)
[4628.439s][info][gc,metaspace   ] GC(1061) Metaspace: 29142K(29504K)->29142K(29504K) NonClass: 24250K(24384K)->24250K(24384K) Class: 4891K(5120K)->4891K(5120K)
[4628.439s][info][gc             ] GC(1061) Pause Young (Allocation Failure) 7322M->5018M(7442M) 97.732ms
[4628.439s][info][gc,cpu         ] GC(1061) User=0.54s Sys=0.04s Real=0.10s
..[4631.059s][info][gc,start       ] GC(1062) Pause Young (Allocation Failure)
[4631.159s][info][gc,heap        ] GC(1062) PSYoungGen: 2580096K(2617856K)->141888K(2617344K) Eden: 2443776K(2443776K)->0K(2448896K) From: 136320K(174080K)->141888K(168448K)
[4631.159s][info][gc,heap        ] GC(1062) ParOldGen: 5002758K(5003264K)->5094646K(5094912K)
[4631.159s][info][gc,metaspace   ] GC(1062) Metaspace: 29142K(29504K)->29142K(29504K) NonClass: 24250K(24384K)->24250K(24384K) Class: 4891K(5120K)->4891K(5120K)
[4631.159s][info][gc             ] GC(1062) Pause Young (Allocation Failure) 7405M->5113M(7531M) 100.082ms
[4631.159s][info][gc,cpu         ] GC(1062) User=0.56s Sys=0.02s Real=0.10s
...[4633.762s][info][gc,start       ] GC(1063) Pause Young (Allocation Failure)
[4633.860s][info][gc,heap        ] GC(1063) PSYoungGen: 2590784K(2617344K)->137824K(2619904K) Eden: 2448896K(2448896K)->0K(2448896K) From: 141888K(168448K)->137824K(171008K)
[4633.860s][info][gc,heap        ] GC(1063) ParOldGen: 5094646K(5094912K)->5185982K(5186048K)
[4633.860s][info][gc,metaspace   ] GC(1063) Metaspace: 29142K(29504K)->29142K(29504K) NonClass: 24250K(24384K)->24250K(24384K) Class: 4891K(5120K)->4891K(5120K)
[4633.860s][info][gc             ] GC(1063) Pause Young (Allocation Failure) 7505M->5199M(7623M) 98.212ms
[4633.860s][info][gc,cpu         ] GC(1063) User=0.55s Sys=0.02s Real=0.10s
...[4636.512s][info][gc,start       ] GC(1064) Pause Young (Allocation Failure)
[4636.611s][info][gc,heap        ] GC(1064) PSYoungGen: 2586720K(2619904K)->139520K(2620928K) Eden: 2448896K(2448896K)->0K(2455040K) From: 137824K(171008K)->139520K(165888K)
[4636.611s][info][gc,heap        ] GC(1064) ParOldGen: 5185982K(5186048K)->5275638K(5275648K)
[4636.611s][info][gc,metaspace   ] GC(1064) Metaspace: 29142K(29504K)->29142K(29504K) NonClass: 24250K(24384K)->24250K(24384K) Class: 4891K(5120K)->4891K(5120K)
[4636.611s][info][gc             ] GC(1064) Pause Young (Allocation Failure) 7590M->5288M(7711M) 99.146ms
[4636.611s][info][gc,cpu         ] GC(1064) User=0.55s Sys=0.04s Real=0.10s
...[4639.273s][info][gc,start       ] GC(1065) Pause Young (Allocation Failure)
[4639.371s][info][gc,heap        ] GC(1065) PSYoungGen: 2594560K(2620928K)->136384K(2623488K) Eden: 2455040K(2455040K)->0K(2455040K) From: 139520K(165888K)->136384K(168448K)
[4639.372s][info][gc,heap        ] GC(1065) ParOldGen: 5275638K(5275648K)->5367918K(5368320K)
[4639.372s][info][gc,metaspace   ] GC(1065) Metaspace: 29142K(29504K)->29142K(29504K) NonClass: 24250K(24384K)->24250K(24384K) Class: 4891K(5120K)->4891K(5120K)
[4639.372s][info][gc             ] GC(1065) Pause Young (Allocation Failure) 7685M->5375M(7804M) 98.883ms
[4639.372s][info][gc,cpu         ] GC(1065) User=0.55s Sys=0.04s Real=0.10s
..[4641.955s][info][gc,start       ] GC(1066) Pause Young (Allocation Failure)
[4642.056s][info][gc,heap        ] GC(1066) PSYoungGen: 2591424K(2623488K)->140000K(2622464K) Eden: 2455040K(2455040K)->0K(2460160K) From: 136384K(168448K)->140000K(162304K)
[4642.056s][info][gc,heap        ] GC(1066) ParOldGen: 5367918K(5368320K)->5460150K(5460480K)
[4642.056s][info][gc,metaspace   ] GC(1066) Metaspace: 29142K(29504K)->29142K(29504K) NonClass: 24250K(24384K)->24250K(24384K) Class: 4891K(5120K)->4891K(5120K)
[4642.056s][info][gc             ] GC(1066) Pause Young (Allocation Failure) 7772M->5468M(7893M) 100.731ms
[4642.056s][info][gc,cpu         ] GC(1066) User=0.55s Sys=0.03s Real=0.10s
...[4644.726s][info][gc,start       ] GC(1067) Pause Young (Allocation Failure)
[4644.830s][info][gc,heap        ] GC(1067) PSYoungGen: 2600160K(2622464K)->147371K(2625536K) Eden: 2460160K(2460160K)->0K(2460160K) From: 140000K(162304K)->147371K(165376K)
[4644.830s][info][gc,heap        ] GC(1067) ParOldGen: 5460150K(5460480K)->5551630K(5552128K)
[4644.830s][info][gc,metaspace   ] GC(1067) Metaspace: 29142K(29504K)->29142K(29504K) NonClass: 24250K(24384K)->24250K(24384K) Class: 4891K(5120K)->4891K(5120K)
[4644.830s][info][gc             ] GC(1067) Pause Young (Allocation Failure) 7871M->5565M(7986M) 103.754ms
[4644.830s][info][gc,cpu         ] GC(1067) User=0.59s Sys=0.02s Real=0.10s
...[4647.473s][info][gc,start       ] GC(1068) Pause Full (Allocation Failure)
[4647.473s][info][gc,phases,start] GC(1068) Marking Phase
[4647.767s][info][gc,phases      ] GC(1068) Marking Phase 293.579ms
[4647.767s][info][gc,phases,start] GC(1068) Summary Phase
[4647.767s][info][gc,phases      ] GC(1068) Summary Phase 0.092ms
[4647.767s][info][gc,phases,start] GC(1068) Forward
[4647.902s][info][gc,phases      ] GC(1068) Forward 135.411ms
[4647.902s][info][gc,phases,start] GC(1068) Adjust Pointers
[4648.102s][info][gc,phases      ] GC(1068) Adjust Pointers 199.382ms
[4648.102s][info][gc,phases,start] GC(1068) Compaction Phase
[4648.228s][info][gc,phases      ] GC(1068) Compaction Phase 126.262ms
[4648.229s][info][gc,phases,start] GC(1068) Post Compact
[4648.236s][info][gc,phases      ] GC(1068) Post Compact 6.951ms
[4648.360s][info][gc,heap        ] GC(1068) PSYoungGen: 2607531K(2625536K)->0K(2630144K) Eden: 2460160K(2460160K)->0K(2465792K) From: 147371K(165376K)->0K(164352K)
[4648.360s][info][gc,heap        ] GC(1068) ParOldGen: 5551630K(5552128K)->1424547K(1659904K)
[4648.360s][info][gc,metaspace   ] GC(1068) Metaspace: 29142K(29504K)->29142K(29504K) NonClass: 24250K(24384K)->24250K(24384K) Class: 4891K(5120K)->4891K(5120K)
[4648.360s][info][gc             ] GC(1068) Pause Full (Allocation Failure) 7967M->1391M(4189M) 886.979ms
[4648.360s][info][gc,cpu         ] GC(1068) User=4.02s Sys=0.13s Real=0.89s
..[4650.205s][info][gc,start       ] GC(1069) Pause Young (Allocation Failure)
[4650.267s][info][gc,heap        ] GC(1069) PSYoungGen: 2465792K(2630144K)->138949K(2605056K) Eden: 2465792K(2465792K)->0K(2465792K) From: 0K(164352K)->138949K(139264K)
[4650.267s][info][gc,heap        ] GC(1069) ParOldGen: 1424547K(1659904K)->1424547K(1659904K)
[4650.267s][info][gc,metaspace   ] GC(1069) Metaspace: 29142K(29504K)->29142K(29504K) NonClass: 24250K(24384K)->24250K(24384K) Class: 4891K(5120K)->4891K(5120K)
[4650.267s][info][gc             ] GC(1069) Pause Young (Allocation Failure) 3799M->1526M(4165M) 61.749ms
[4650.267s][info][gc,cpu         ] GC(1069) User=0.36s Sys=0.00s Real=0.06s
...[4652.953s][info][gc,start       ] GC(1070) Pause Young (Allocation Failure)
[4653.046s][info][gc,heap        ] GC(1070) PSYoungGen: 2604741K(2605056K)->144224K(2631680K) Eden: 2465792K(2465792K)->0K(2468352K) From: 138949K(139264K)->144224K(163328K)
[4653.046s][info][gc,heap        ] GC(1070) ParOldGen: 1424547K(1659904K)->1518688K(1659904K)
[4653.046s][info][gc,metaspace   ] GC(1070) Metaspace: 29142K(29504K)->29142K(29504K) NonClass: 24250K(24384K)->24250K(24384K) Class: 4891K(5120K)->4891K(5120K)
[4653.046s][info][gc             ] GC(1070) Pause Young (Allocation Failure) 3934M->1623M(4191M) 93.292ms
[4653.046s][info][gc,cpu         ] GC(1070) User=0.55s Sys=0.00s Real=0.10s
...[4655.697s][info][gc,start       ] GC(1071) Pause Young (Allocation Failure)
[4655.788s][info][gc,heap        ] GC(1071) PSYoungGen: 2612576K(2631680K)->137792K(2630144K) Eden: 2468352K(2468352K)->0K(2468352K) From: 144224K(163328K)->137792K(161792K)
[4655.788s][info][gc,heap        ] GC(1071) ParOldGen: 1518688K(1659904K)->1613200K(1659904K)
[4655.788s][info][gc,metaspace   ] GC(1071) Metaspace: 29142K(29504K)->29142K(29504K) NonClass: 24250K(24384K)->24250K(24384K) Class: 4891K(5120K)->4891K(5120K)
[4655.788s][info][gc             ] GC(1071) Pause Young (Allocation Failure) 4034M->1709M(4189M) 90.807ms
[4655.788s][info][gc,cpu         ] GC(1071) User=0.54s Sys=0.00s Real=0.09s
..[4658.487s][info][gc,start       ] GC(1072) Pause Young (Allocation Failure)
[4658.581s][info][gc,heap        ] GC(1072) PSYoungGen: 2606144K(2630144K)->139520K(2632704K) Eden: 2468352K(2468352K)->0K(2471936K) From: 137792K(161792K)->139520K(160768K)
[4658.581s][info][gc,heap        ] GC(1072) ParOldGen: 1613200K(1659904K)->1703136K(1703424K)
[4658.581s][info][gc,metaspace   ] GC(1072) Metaspace: 29142K(29504K)->29142K(29504K) NonClass: 24250K(24384K)->24250K(24384K) Class: 4891K(5120K)->4891K(5120K)
[4658.581s][info][gc             ] GC(1072) Pause Young (Allocation Failure) 4120M->1799M(4234M) 94.018ms
[4658.581s][info][gc,cpu         ] GC(1072) User=0.55s Sys=0.01s Real=0.09s
...[4661.282s][info][gc,start       ] GC(1073) Pause Young (Allocation Failure)
[4661.377s][info][gc,heap        ] GC(1073) PSYoungGen: 2611456K(2632704K)->139168K(2631680K) Eden: 2471936K(2471936K)->0K(2471936K) From: 139520K(160768K)->139168K(159744K)
[4661.377s][info][gc,heap        ] GC(1073) ParOldGen: 1703136K(1703424K)->1795104K(1795584K)
[4661.377s][info][gc,metaspace   ] GC(1073) Metaspace: 29142K(29504K)->29142K(29504K) NonClass: 24250K(24384K)->24250K(24384K) Class: 4891K(5120K)->4891K(5120K)
[4661.377s][info][gc             ] GC(1073) Pause Young (Allocation Failure) 4213M->1888M(4323M) 94.762ms
[4661.377s][info][gc,cpu         ] GC(1073) User=0.53s Sys=0.03s Real=0.10s
...[4663.961s][info][gc,start       ] GC(1074) Pause Young (Allocation Failure)
[4664.059s][info][gc,heap        ] GC(1074) PSYoungGen: 2611104K(2631680K)->139008K(2634752K) Eden: 2471936K(2471936K)->0K(2477056K) From: 139168K(159744K)->139008K(157696K)
[4664.059s][info][gc,heap        ] GC(1074) ParOldGen: 1795104K(1795584K)->1889576K(1889792K)
[4664.059s][info][gc,metaspace   ] GC(1074) Metaspace: 29142K(29504K)->29142K(29504K) NonClass: 24250K(24384K)->24250K(24384K) Class: 4891K(5120K)->4891K(5120K)
[4664.059s][info][gc             ] GC(1074) Pause Young (Allocation Failure) 4302M->1981M(4418M) 98.125ms
[4664.059s][info][gc,cpu         ] GC(1074) User=0.55s Sys=0.03s Real=0.10s
...[4666.790s][info][gc,start       ] GC(1075) Pause Young (Allocation Failure)
[4666.886s][info][gc,heap        ] GC(1075) PSYoungGen: 2616064K(2634752K)->141632K(2634240K) Eden: 2477056K(2477056K)->0K(2477056K) From: 139008K(157696K)->141632K(157184K)
[4666.887s][info][gc,heap        ] GC(1075) ParOldGen: 1889576K(1889792K)->1978952K(1979392K)
[4666.887s][info][gc,metaspace   ] GC(1075) Metaspace: 29142K(29504K)->29142K(29504K) NonClass: 24250K(24384K)->24250K(24384K) Class: 4891K(5120K)->4891K(5120K)
[4666.887s][info][gc             ] GC(1075) Pause Young (Allocation Failure) 4400M->2070M(4505M) 96.546ms
[4666.887s][info][gc,cpu         ] GC(1075) User=0.55s Sys=0.02s Real=0.10s
..[4669.588s][info][gc,start       ] GC(1076) Pause Young (Allocation Failure)
[4669.685s][info][gc,heap        ] GC(1076) PSYoungGen: 2618688K(2634240K)->142016K(2637824K) Eden: 2477056K(2477056K)->0K(2482176K) From: 141632K(157184K)->142016K(155648K)
[4669.685s][info][gc,heap        ] GC(1076) ParOldGen: 1978952K(1979392K)->2071080K(2071552K)
[4669.685s][info][gc,metaspace   ] GC(1076) Metaspace: 29142K(29504K)->29142K(29504K) NonClass: 24250K(24384K)->24250K(24384K) Class: 4891K(5120K)->4891K(5120K)
[4669.685s][info][gc             ] GC(1076) Pause Young (Allocation Failure) 4489M->2161M(4599M) 96.742ms
[4669.685s][info][gc,cpu         ] GC(1076) User=0.55s Sys=0.02s Real=0.10s
...[4672.352s][info][gc,start       ] GC(1077) Pause Young (Allocation Failure)
[4672.450s][info][gc,heap        ] GC(1077) PSYoungGen: 2624192K(2637824K)->142480K(2636800K) Eden: 2482176K(2482176K)->0K(2482176K) From: 142016K(155648K)->142480K(154624K)
[4672.450s][info][gc,heap        ] GC(1077) ParOldGen: 2071080K(2071552K)->2163952K(2164224K)
[4672.450s][info][gc,metaspace   ] GC(1077) Metaspace: 29142K(29504K)->29142K(29504K) NonClass: 24250K(24384K)->24250K(24384K) Class: 4891K(5120K)->4891K(5120K)
[4672.450s][info][gc             ] GC(1077) Pause Young (Allocation Failure) 4585M->2252M(4688M) 97.716ms
[4672.450s][info][gc,cpu         ] GC(1077) User=0.56s Sys=0.03s Real=0.10s
...[4675.131s][info][gc,start       ] GC(1078) Pause Young (Allocation Failure)
[4675.234s][info][gc,heap        ] GC(1078) PSYoungGen: 2624656K(2636800K)->149892K(2637312K) Eden: 2482176K(2482176K)->0K(2483712K) From: 142480K(154624K)->149892K(153600K)
[4675.234s][info][gc,heap        ] GC(1078) ParOldGen: 2163952K(2164224K)->2256464K(2256896K)
[4675.234s][info][gc,metaspace   ] GC(1078) Metaspace: 29142K(29504K)->29142K(29504K) NonClass: 24250K(24384K)->24250K(24384K) Class: 4891K(5120K)->4891K(5120K)
[4675.234s][info][gc             ] GC(1078) Pause Young (Allocation Failure) 4676M->2349M(4779M) 102.801ms
[4675.234s][info][gc,cpu         ] GC(1078) User=0.59s Sys=0.02s Real=0.11s
.. (rIR:aIR:PR = 7334:7322:7322) (tPR = 108724) [OK] 
  4676s: Performance info:
         Transaction,    Success,    Partial,     Failed,   Receipts, AvgBarcode, 
             Overall,     444428,          0,          0,     422164,      59.47, 
         Response times:
             Request,    Success,    Partial,     Failed,   SkipFail,     Probes,    Samples,      min,      p50,      p90,      p95,      p99,      max, 
       TotalPurchase,     422161,          0,          0,          0,     359723,     407224,      300,     5000,    11800,    35000,   495000,  1300000,
     InStorePurchase,     222413,          0,          0,          0,     189105,     213781,      300,     5200,    12100,    35000,   498000,  1300000,
      OnlinePurchase,     155318,          0,          0,          0,     132605,     150029,      300,     4700,    11300,    32500,   483000,  1100000,
        InstPurchase,      44430,          0,          0,          0,      38013,      43414,      300,     5200,    12200,    36000,   499000,   970000,
          AssocOfCat,        444,          0,          0,          0,        341,        478,    17400,    34000,    55000,    96300,   750000,   750000,
      AssocOfProduct,       4453,          0,          0,          0,       4183,       5017,      600,     4800,    11600,    33100,   574740,  1300000,
      BusinessReport,       1109,          0,          0,          0,        979,       1185,    22000,    38000,    58000,    79100,   489780,   980000,
          CustBuyBeh,       4451,          0,          0,          0,       4153,       4902,      200,     4700,    10670,    31000,   503000,   680000,
       ProductReturn,      11807,          0,          0,          0,       9973,      11478,      100,     4100,    10400,    32000,   477000,   680000,

  4676s: (54%)   IR =   7472 .[4677.880s][info][gc,start       ] GC(1079) Pause Young (Allocation Failure)
[4677.980s][info][gc,heap        ] GC(1079) PSYoungGen: 2633604K(2637312K)->143892K(2639360K) Eden: 2483712K(2483712K)->0K(2483712K) From: 149892K(153600K)->143892K(155648K)
[4677.980s][info][gc,heap        ] GC(1079) ParOldGen: 2256464K(2256896K)->2349592K(2350080K)
[4677.980s][info][gc,metaspace   ] GC(1079) Metaspace: 29142K(29504K)->29142K(29504K) NonClass: 24250K(24384K)->24250K(24384K) Class: 4891K(5120K)->4891K(5120K)
[4677.980s][info][gc             ] GC(1079) Pause Young (Allocation Failure) 4775M->2435M(4872M) 100.465ms
[4677.980s][info][gc,cpu         ] GC(1079) User=0.57s Sys=0.03s Real=0.10s
..[4680.602s][info][gc,start       ] GC(1080) Pause Young (Allocation Failure)
[4680.702s][info][gc,heap        ] GC(1080) PSYoungGen: 2627604K(2639360K)->146404K(2639360K) Eden: 2483712K(2483712K)->0K(2485760K) From: 143892K(155648K)->146404K(153600K)
[4680.702s][info][gc,heap        ] GC(1080) ParOldGen: 2349592K(2350080K)->2439088K(2439168K)
[4680.702s][info][gc,metaspace   ] GC(1080) Metaspace: 29142K(29504K)->29142K(29504K) NonClass: 24250K(24384K)->24250K(24384K) Class: 4891K(5120K)->4891K(5120K)
[4680.702s][info][gc             ] GC(1080) Pause Young (Allocation Failure) 4860M->2524M(4959M) 100.047ms
[4680.702s][info][gc,cpu         ] GC(1080) User=0.57s Sys=0.02s Real=0.10s
.|..[4683.304s][info][gc,start       ] GC(1081) Pause Young (Allocation Failure)
[4683.400s][info][gc,heap        ] GC(1081) PSYoungGen: 2632164K(2639360K)->139568K(2640384K) Eden: 2485760K(2485760K)->0K(2485760K) From: 146404K(153600K)->139568K(154624K)
[4683.400s][info][gc,heap        ] GC(1081) ParOldGen: 2439088K(2439168K)->2532432K(2532864K)
[4683.400s][info][gc,metaspace   ] GC(1081) Metaspace: 29142K(29504K)->29142K(29504K) NonClass: 24250K(24384K)->24250K(24384K) Class: 4891K(5120K)->4891K(5120K)
[4683.400s][info][gc             ] GC(1081) Pause Young (Allocation Failure) 4952M->2609M(5052M) 96.207ms
[4683.400s][info][gc,cpu         ] GC(1081) User=0.54s Sys=0.02s Real=0.09s
...[4686.032s][info][gc,start       ] GC(1082) Pause Young (Allocation Failure)
[4686.129s][info][gc,heap        ] GC(1082) PSYoungGen: 2625328K(2640384K)->142880K(2638848K) Eden: 2485760K(2485760K)->0K(2487296K) From: 139568K(154624K)->142880K(151552K)
[4686.129s][info][gc,heap        ] GC(1082) ParOldGen: 2532432K(2532864K)->2624056K(2624512K)
[4686.129s][info][gc,metaspace   ] GC(1082) Metaspace: 29142K(29504K)->29142K(29504K) NonClass: 24250K(24384K)->24250K(24384K) Class: 4891K(5120K)->4891K(5120K)
[4686.129s][info][gc             ] GC(1082) Pause Young (Allocation Failure) 5036M->2702M(5140M) 97.076ms
[4686.129s][info][gc,cpu         ] GC(1082) User=0.55s Sys=0.02s Real=0.10s
..[4688.755s][info][gc,start       ] GC(1083) Pause Young (Allocation Failure)
[4688.851s][info][gc,heap        ] GC(1083) PSYoungGen: 2630176K(2638848K)->140608K(2640384K) Eden: 2487296K(2487296K)->0K(2487296K) From: 142880K(151552K)->140608K(153088K)
[4688.851s][info][gc,heap        ] GC(1083) ParOldGen: 2624056K(2624512K)->2715952K(2716160K)
[4688.851s][info][gc,metaspace   ] GC(1083) Metaspace: 29142K(29504K)->29142K(29504K) NonClass: 24250K(24384K)->24250K(24384K) Class: 4891K(5120K)->4891K(5120K)
[4688.851s][info][gc             ] GC(1083) Pause Young (Allocation Failure) 5131M->2789M(5231M) 96.917ms
[4688.852s][info][gc,cpu         ] GC(1083) User=0.55s Sys=0.02s Real=0.09s
...[4691.474s][info][gc,start       ] GC(1084) Pause Young (Allocation Failure)
[4691.570s][info][gc,heap        ] GC(1084) PSYoungGen: 2627904K(2640384K)->139200K(2641408K) Eden: 2487296K(2487296K)->0K(2490368K) From: 140608K(153088K)->139200K(151040K)
[4691.570s][info][gc,heap        ] GC(1084) ParOldGen: 2715952K(2716160K)->2808144K(2808320K)
[4691.570s][info][gc,metaspace   ] GC(1084) Metaspace: 29142K(29504K)->29142K(29504K) NonClass: 24250K(24384K)->24250K(24384K) Class: 4891K(5120K)->4891K(5120K)
[4691.570s][info][gc             ] GC(1084) Pause Young (Allocation Failure) 5218M->2878M(5322M) 96.069ms
[4691.570s][info][gc,cpu         ] GC(1084) User=0.54s Sys=0.03s Real=0.09s
...[4694.233s][info][gc,start       ] GC(1085) Pause Young (Allocation Failure)
[4694.334s][info][gc,heap        ] GC(1085) PSYoungGen: 2629568K(2641408K)->145487K(2642432K) Eden: 2490368K(2490368K)->0K(2490368K) From: 139200K(151040K)->145487K(152064K)
[4694.334s][info][gc,heap        ] GC(1085) ParOldGen: 2808144K(2808320K)->2900504K(2900992K)
[4694.334s][info][gc,metaspace   ] GC(1085) Metaspace: 29142K(29504K)->29142K(29504K) NonClass: 24250K(24384K)->24250K(24384K) Class: 4891K(5120K)->4891K(5120K)
[4694.334s][info][gc             ] GC(1085) Pause Young (Allocation Failure) 5310M->2974M(5413M) 101.217ms
[4694.334s][info][gc,cpu         ] GC(1085) User=0.57s Sys=0.02s Real=0.11s
...[4696.954s][info][gc,start       ] GC(1086) Pause Young (Allocation Failure)
[4697.057s][info][gc,heap        ] GC(1086) PSYoungGen: 2635855K(2642432K)->147141K(2642432K) Eden: 2490368K(2490368K)->0K(2489856K) From: 145487K(152064K)->147141K(152576K)
[4697.057s][info][gc,heap        ] GC(1086) ParOldGen: 2900504K(2900992K)->2992696K(2993152K)
[4697.057s][info][gc,metaspace   ] GC(1086) Metaspace: 29142K(29504K)->29142K(29504K) NonClass: 24250K(24384K)->24250K(24384K) Class: 4891K(5120K)->4891K(5120K)
[4697.057s][info][gc             ] GC(1086) Pause Young (Allocation Failure) 5406M->3066M(5503M) 103.232ms
[4697.057s][info][gc,cpu         ] GC(1086) User=0.58s Sys=0.03s Real=0.10s
..[4699.683s][info][gc,start       ] GC(1087) Pause Young (Allocation Failure)
[4699.781s][info][gc,heap        ] GC(1087) PSYoungGen: 2636997K(2642432K)->141472K(2642944K) Eden: 2489856K(2489856K)->0K(2489856K) From: 147141K(152576K)->141472K(153088K)
[4699.781s][info][gc,heap        ] GC(1087) ParOldGen: 2992696K(2993152K)->3084256K(3084288K)
[4699.781s][info][gc,metaspace   ] GC(1087) Metaspace: 29142K(29504K)->29142K(29504K) NonClass: 24250K(24384K)->24250K(24384K) Class: 4891K(5120K)->4891K(5120K)
[4699.781s][info][gc             ] GC(1087) Pause Young (Allocation Failure) 5497M->3150M(5593M) 98.420ms
[4699.781s][info][gc,cpu         ] GC(1087) User=0.55s Sys=0.03s Real=0.10s
...[4702.438s][info][gc,start       ] GC(1088) Pause Young (Allocation Failure)
[4702.535s][info][gc,heap        ] GC(1088) PSYoungGen: 2631328K(2642944K)->137504K(2642944K) Eden: 2489856K(2489856K)->0K(2490368K) From: 141472K(153088K)->137504K(152576K)
[4702.535s][info][gc,heap        ] GC(1088) ParOldGen: 3084256K(3084288K)->3177064K(3177472K)
[4702.535s][info][gc,metaspace   ] GC(1088) Metaspace: 29142K(29504K)->29142K(29504K) NonClass: 24250K(24384K)->24250K(24384K) Class: 4891K(5120K)->4891K(5120K)
[4702.535s][info][gc             ] GC(1088) Pause Young (Allocation Failure) 5581M->3236M(5684M) 96.468ms
[4702.535s][info][gc,cpu         ] GC(1088) User=0.54s Sys=0.03s Real=0.10s
...[4705.180s][info][gc,start       ] GC(1089) Pause Young (Allocation Failure)
[4705.283s][info][gc,heap        ] GC(1089) PSYoungGen: 2627872K(2642944K)->150896K(2641408K) Eden: 2490368K(2490368K)->0K(2490368K) From: 137504K(152576K)->150896K(151040K)
[4705.283s][info][gc,heap        ] GC(1089) ParOldGen: 3177064K(3177472K)->3267000K(3267072K)
[4705.283s][info][gc,metaspace   ] GC(1089) Metaspace: 29142K(29504K)->29142K(29504K) NonClass: 24250K(24384K)->24250K(24384K) Class: 4891K(5120K)->4891K(5120K)
[4705.283s][info][gc             ] GC(1089) Pause Young (Allocation Failure) 5668M->3337M(5770M) 102.830ms
[4705.283s][info][gc,cpu         ] GC(1089) User=0.58s Sys=0.03s Real=0.10s
..[4707.822s][info][gc,start       ] GC(1090) Pause Young (Allocation Failure)
[4707.922s][info][gc,heap        ] GC(1090) PSYoungGen: 2641264K(2641408K)->140128K(2641920K) Eden: 2490368K(2490368K)->0K(2487296K) From: 150896K(151040K)->140128K(154624K)
[4707.922s][info][gc,heap        ] GC(1090) ParOldGen: 3267000K(3267072K)->3361152K(3361280K)
[4707.922s][info][gc,metaspace   ] GC(1090) Metaspace: 29142K(29504K)->29142K(29504K) NonClass: 24250K(24384K)->24250K(24384K) Class: 4891K(5120K)->4891K(5120K)
[4707.922s][info][gc             ] GC(1090) Pause Young (Allocation Failure) 5769M->3419M(5862M) 100.051ms
[4707.922s][info][gc,cpu         ] GC(1090) User=0.56s Sys=0.02s Real=0.10s
...[4710.482s][info][gc,start       ] GC(1091) Pause Young (Allocation Failure)
[4710.583s][info][gc,heap        ] GC(1091) PSYoungGen: 2627424K(2641920K)->143168K(2630656K) Eden: 2487296K(2487296K)->0K(2487296K) From: 140128K(154624K)->143168K(143360K)
[4710.583s][info][gc,heap        ] GC(1091) ParOldGen: 3361152K(3361280K)->3452568K(3452928K)
[4710.583s][info][gc,metaspace   ] GC(1091) Metaspace: 29142K(29504K)->29142K(29504K) NonClass: 24250K(24384K)->24250K(24384K) Class: 4891K(5120K)->4891K(5120K)
[4710.583s][info][gc             ] GC(1091) Pause Young (Allocation Failure) 5848M->3511M(5941M) 100.415ms
[4710.583s][info][gc,cpu         ] GC(1091) User=0.57s Sys=0.03s Real=0.10s
...[4713.229s][info][gc,start       ] GC(1092) Pause Young (Allocation Failure)
[4713.327s][info][gc,heap        ] GC(1092) PSYoungGen: 2630464K(2630656K)->141952K(2641408K) Eden: 2487296K(2487296K)->0K(2488320K) From: 143168K(143360K)->141952K(153088K)
[4713.327s][info][gc,heap        ] GC(1092) ParOldGen: 3452568K(3452928K)->3541768K(3542016K)
[4713.327s][info][gc,metaspace   ] GC(1092) Metaspace: 29142K(29504K)->29142K(29504K) NonClass: 24250K(24384K)->24250K(24384K) Class: 4891K(5120K)->4891K(5120K)
[4713.327s][info][gc             ] GC(1092) Pause Young (Allocation Failure) 5940M->3597M(6038M) 98.062ms
[4713.327s][info][gc,cpu         ] GC(1092) User=0.55s Sys=0.03s Real=0.10s
..[4715.905s][info][gc,start       ] GC(1093) Pause Young (Allocation Failure)
[4716.009s][info][gc,heap        ] GC(1093) PSYoungGen: 2630272K(2641408K)->149040K(2640384K) Eden: 2488320K(2488320K)->0K(2488320K) From: 141952K(153088K)->149040K(152064K)
[4716.009s][info][gc,heap        ] GC(1093) ParOldGen: 3541768K(3542016K)->3636208K(3636224K)
[4716.009s][info][gc,metaspace   ] GC(1093) Metaspace: 29142K(29504K)->29142K(29504K) NonClass: 24250K(24384K)->24250K(24384K) Class: 4891K(5120K)->4891K(5120K)
[4716.009s][info][gc             ] GC(1093) Pause Young (Allocation Failure) 6027M->3696M(6129M) 103.387ms
[4716.009s][info][gc,cpu         ] GC(1093) User=0.59s Sys=0.02s Real=0.10s
...[4718.655s][info][gc,start       ] GC(1094) Pause Young (Allocation Failure)
[4718.755s][info][gc,heap        ] GC(1094) PSYoungGen: 2637360K(2640384K)->143360K(2642944K) Eden: 2488320K(2488320K)->0K(2489856K) From: 149040K(152064K)->143360K(153088K)
[4718.755s][info][gc,heap        ] GC(1094) ParOldGen: 3636208K(3636224K)->3728152K(3728384K)
[4718.755s][info][gc,metaspace   ] GC(1094) Metaspace: 29142K(29504K)->29142K(29504K) NonClass: 24250K(24384K)->24250K(24384K) Class: 4891K(5120K)->4891K(5120K)
[4718.755s][info][gc             ] GC(1094) Pause Young (Allocation Failure) 6126M->3780M(6222M) 100.263ms
[4718.755s][info][gc,cpu         ] GC(1094) User=0.56s Sys=0.03s Real=0.10s
...[4721.372s][info][gc,start       ] GC(1095) Pause Young (Allocation Failure)
[4721.469s][info][gc,heap        ] GC(1095) PSYoungGen: 2633216K(2642944K)->139424K(2642432K) Eden: 2489856K(2489856K)->0K(2489856K) From: 143360K(153088K)->139424K(152576K)
[4721.469s][info][gc,heap        ] GC(1095) ParOldGen: 3728152K(3728384K)->3821648K(3822080K)
[4721.469s][info][gc,metaspace   ] GC(1095) Metaspace: 29142K(29504K)->29142K(29504K) NonClass: 24250K(24384K)->24250K(24384K) Class: 4891K(5120K)->4891K(5120K)
[4721.469s][info][gc             ] GC(1095) Pause Young (Allocation Failure) 6212M->3868M(6313M) 97.796ms
[4721.469s][info][gc,cpu         ] GC(1095) User=0.55s Sys=0.03s Real=0.10s
...[4724.068s][info][gc,start       ] GC(1096) Pause Young (Allocation Failure)
[4724.171s][info][gc,heap        ] GC(1096) PSYoungGen: 2629280K(2642432K)->144768K(2642944K) Eden: 2489856K(2489856K)->0K(2490880K) From: 139424K(152576K)->144768K(152064K)
[4724.171s][info][gc,heap        ] GC(1096) ParOldGen: 3821648K(3822080K)->3914872K(3915264K)
[4724.171s][info][gc,metaspace   ] GC(1096) Metaspace: 29142K(29504K)->29142K(29504K) NonClass: 24250K(24384K)->24250K(24384K) Class: 4891K(5120K)->4891K(5120K)
[4724.171s][info][gc             ] GC(1096) Pause Young (Allocation Failure) 6299M->3964M(6404M) 102.363ms
[4724.171s][info][gc,cpu         ] GC(1096) User=0.57s Sys=0.04s Real=0.10s
..[4726.789s][info][gc,start       ] GC(1097) Pause Young (Allocation Failure)
[4726.888s][info][gc,heap        ] GC(1097) PSYoungGen: 2635648K(2642944K)->141216K(2642944K) Eden: 2490880K(2490880K)->0K(2490880K) From: 144768K(152064K)->141216K(152064K)
[4726.888s][info][gc,heap        ] GC(1097) ParOldGen: 3914872K(3915264K)->4006496K(4006912K)
[4726.888s][info][gc,metaspace   ] GC(1097) Metaspace: 29142K(29504K)->29142K(29504K) NonClass: 24250K(24384K)->24250K(24384K) Class: 4891K(5120K)->4891K(5120K)
[4726.888s][info][gc             ] GC(1097) Pause Young (Allocation Failure) 6396M->4050M(6494M) 98.778ms
[4726.888s][info][gc,cpu         ] GC(1097) User=0.56s Sys=0.03s Real=0.10s
...[4729.511s][info][gc,start       ] GC(1098) Pause Young (Allocation Failure)
[4729.610s][info][gc,heap        ] GC(1098) PSYoungGen: 2632096K(2642944K)->142336K(2643456K) Eden: 2490880K(2490880K)->0K(2492416K) From: 141216K(152064K)->142336K(151040K)
[4729.610s][info][gc,heap        ] GC(1098) ParOldGen: 4006496K(4006912K)->4098376K(4098560K)
[4729.610s][info][gc,metaspace   ] GC(1098) Metaspace: 29142K(29504K)->29142K(29504K) NonClass: 24250K(24384K)->24250K(24384K) Class: 4891K(5120K)->4891K(5120K)
[4729.610s][info][gc             ] GC(1098) Pause Young (Allocation Failure) 6483M->4141M(6584M) 99.311ms
[4729.611s][info][gc,cpu         ] GC(1098) User=0.57s Sys=0.02s Real=0.10s
...[4732.218s][info][gc,start       ] GC(1099) Pause Young (Allocation Failure)
[4732.318s][info][gc,heap        ] GC(1099) PSYoungGen: 2634752K(2643456K)->139328K(2643456K) Eden: 2492416K(2492416K)->0K(2492416K) From: 142336K(151040K)->139328K(151040K)
[4732.318s][info][gc,heap        ] GC(1099) ParOldGen: 4098376K(4098560K)->4190784K(4191232K)
[4732.318s][info][gc,metaspace   ] GC(1099) Metaspace: 29142K(29504K)->29142K(29504K) NonClass: 24250K(24384K)->24250K(24384K) Class: 4891K(5120K)->4891K(5120K)
[4732.318s][info][gc             ] GC(1099) Pause Young (Allocation Failure) 6575M->4228M(6674M) 99.178ms
[4732.318s][info][gc,cpu         ] GC(1099) User=0.56s Sys=0.03s Real=0.10s
..[4734.871s][info][gc,start       ] GC(1100) Pause Young (Allocation Failure)
[4734.971s][info][gc,heap        ] GC(1100) PSYoungGen: 2631744K(2643456K)->142832K(2644480K) Eden: 2492416K(2492416K)->0K(2494464K) From: 139328K(151040K)->142832K(150016K)
[4734.971s][info][gc,heap        ] GC(1100) ParOldGen: 4190784K(4191232K)->4283752K(4283904K)
[4734.971s][info][gc,metaspace   ] GC(1100) Metaspace: 29142K(29504K)->29142K(29504K) NonClass: 24250K(24384K)->24250K(24384K) Class: 4891K(5120K)->4891K(5120K)
[4734.971s][info][gc             ] GC(1100) Pause Young (Allocation Failure) 6662M->4322M(6766M) 100.040ms
[4734.971s][info][gc,cpu         ] GC(1100) User=0.57s Sys=0.03s Real=0.10s
...[4737.583s][info][gc,start       ] GC(1101) Pause Young (Allocation Failure)
[4737.685s][info][gc,heap        ] GC(1101) PSYoungGen: 2637296K(2644480K)->147572K(2644480K) Eden: 2494464K(2494464K)->0K(2494464K) From: 142832K(150016K)->147572K(150016K)
[4737.685s][info][gc,heap        ] GC(1101) ParOldGen: 4283752K(4283904K)->4374016K(4374528K)
[4737.685s][info][gc,metaspace   ] GC(1101) Metaspace: 29142K(29504K)->29142K(29504K) NonClass: 24250K(24384K)->24250K(24384K) Class: 4891K(5120K)->4891K(5120K)
[4737.685s][info][gc             ] GC(1101) Pause Young (Allocation Failure) 6758M->4415M(6854M) 101.352ms
[4737.685s][info][gc,cpu         ] GC(1101) User=0.59s Sys=0.01s Real=0.10s
...[4740.347s][info][gc,start       ] GC(1102) Pause Young (Allocation Failure)
[4740.445s][info][gc,heap        ] GC(1102) PSYoungGen: 2642036K(2644480K)->139040K(2644992K) Eden: 2494464K(2494464K)->0K(2493952K) From: 147572K(150016K)->139040K(151040K)
[4740.445s][info][gc,heap        ] GC(1102) ParOldGen: 4374016K(4374528K)->4467272K(4467712K)
[4740.445s][info][gc,metaspace   ] GC(1102) Metaspace: 29142K(29504K)->29142K(29504K) NonClass: 24250K(24384K)->24250K(24384K) Class: 4891K(5120K)->4891K(5120K)
[4740.445s][info][gc             ] GC(1102) Pause Young (Allocation Failure) 6851M->4498M(6946M) 98.014ms
[4740.445s][info][gc,cpu         ] GC(1102) User=0.55s Sys=0.03s Real=0.10s
. (rIR:aIR:PR = 7472:7478:7477) (tPR = 110972) [OK] 
  4740s: Performance info:
         Transaction,    Success,    Partial,     Failed,   Receipts, AvgBarcode, 
             Overall,     450782,          0,          0,     428282,      59.47, 
         Response times:
             Request,    Success,    Partial,     Failed,   SkipFail,     Probes,    Samples,      min,      p50,      p90,      p95,      p99,      max, 
       TotalPurchase,     428282,          0,          0,          0,     363344,     387010,      300,     4800,     9600,    18800,    50000,   162000,
     InStorePurchase,     225278,          0,          0,          0,     191337,     203357,      300,     4900,     9700,    19500,    50000,   147000,
      OnlinePurchase,     157946,          0,          0,          0,     133908,     142657,      300,     4600,     9400,    17600,    48000,   162000,
        InstPurchase,      45058,          0,          0,          0,      38099,      40996,      300,     5100,     9900,    19300,    51000,   147000,
          AssocOfCat,        454,          0,          0,          0,        373,        474,    19700,    32000,    46500,    58250,   128000,   152000,
      AssocOfProduct,       4509,          0,          0,          0,       4221,       4690,      500,     3000,     8300,    13900,    42000,   120000,
      BusinessReport,       1122,          0,          0,          0,        990,       1152,    24000,    40000,    60000,    86000,   144470,   165000,
          CustBuyBeh,       4502,          0,          0,          0,       4139,       4623,      200,     5700,    10100,    20000,    49000,   122000,
       ProductReturn,      11954,          0,          0,          0,      10279,      11226,      100,     4000,     8700,    15500,    45000,   139000,

  4740s: (55%)   IR =   7610 .[4743.000s][info][gc,start       ] GC(1103) Pause Young (Allocation Failure)
[4743.103s][info][gc,heap        ] GC(1103) PSYoungGen: 2632992K(2644992K)->147984K(2642432K) Eden: 2493952K(2493952K)->0K(2493952K) From: 139040K(151040K)->147984K(148480K)
[4743.103s][info][gc,heap        ] GC(1103) ParOldGen: 4467272K(4467712K)->4560440K(4560896K)
[4743.103s][info][gc,metaspace   ] GC(1103) Metaspace: 29142K(29504K)->29142K(29504K) NonClass: 24251K(24384K)->24251K(24384K) Class: 4891K(5120K)->4891K(5120K)
[4743.103s][info][gc             ] GC(1103) Pause Young (Allocation Failure) 6933M->4598M(7034M) 103.425ms
[4743.103s][info][gc,cpu         ] GC(1103) User=0.59s Sys=0.02s Real=0.11s
...[4745.679s][info][gc,start       ] GC(1104) Pause Young (Allocation Failure)
[4745.789s][info][gc,heap        ] GC(1104) PSYoungGen: 2641936K(2642432K)->152057K(2568192K) Eden: 2493952K(2493952K)->0K(2416128K) From: 147984K(148480K)->152057K(152064K)
[4745.789s][info][gc,heap        ] GC(1104) ParOldGen: 4560440K(4560896K)->4655952K(4656128K)
[4745.789s][info][gc,metaspace   ] GC(1104) Metaspace: 29142K(29504K)->29142K(29504K) NonClass: 24251K(24384K)->24251K(24384K) Class: 4891K(5120K)->4891K(5120K)
[4745.789s][info][gc             ] GC(1104) Pause Young (Allocation Failure) 7033M->4695M(7055M) 109.834ms
[4745.789s][info][gc,cpu         ] GC(1104) User=0.59s Sys=0.05s Real=0.11s
...[4748.267s][info][gc,start       ] GC(1105) Pause Young (Allocation Failure)
[4748.362s][info][gc,heap        ] GC(1105) PSYoungGen: 2568185K(2568192K)->133824K(2606080K) Eden: 2416128K(2416128K)->0K(2416128K) From: 152057K(152064K)->133824K(189952K)
[4748.362s][info][gc,heap        ] GC(1105) ParOldGen: 4655952K(4656128K)->4748288K(4748800K)
[4748.362s][info][gc,metaspace   ] GC(1105) Metaspace: 29142K(29504K)->29142K(29504K) NonClass: 24251K(24384K)->24251K(24384K) Class: 4891K(5120K)->4891K(5120K)
[4748.362s][info][gc             ] GC(1105) Pause Young (Allocation Failure) 7054M->4767M(7182M) 95.041ms
[4748.362s][info][gc,cpu         ] GC(1105) User=0.53s Sys=0.03s Real=0.09s
..[4750.837s][info][gc,start       ] GC(1106) Pause Young (Allocation Failure)
[4750.940s][info][gc,heap        ] GC(1106) PSYoungGen: 2549952K(2606080K)->146923K(2599936K) Eden: 2416128K(2416128K)->0K(2416128K) From: 133824K(189952K)->146923K(183808K)
[4750.940s][info][gc,heap        ] GC(1106) ParOldGen: 4748288K(4748800K)->4838944K(4839424K)
[4750.940s][info][gc,metaspace   ] GC(1106) Metaspace: 29142K(29504K)->29142K(29504K) NonClass: 24251K(24384K)->24251K(24384K) Class: 4891K(5120K)->4891K(5120K)
[4750.940s][info][gc             ] GC(1106) Pause Young (Allocation Failure) 7127M->4869M(7265M) 102.727ms
[4750.940s][info][gc,cpu         ] GC(1106) User=0.58s Sys=0.03s Real=0.10s
.|..[4753.474s][info][gc,start       ] GC(1107) Pause Young (Allocation Failure)
[4753.575s][info][gc,heap        ] GC(1107) PSYoungGen: 2563051K(2599936K)->145556K(2603008K) Eden: 2416128K(2416128K)->0K(2416128K) From: 146923K(183808K)->145556K(186880K)
[4753.575s][info][gc,heap        ] GC(1107) ParOldGen: 4838944K(4839424K)->4929120K(4929536K)
[4753.575s][info][gc,metaspace   ] GC(1107) Metaspace: 29142K(29504K)->29142K(29504K) NonClass: 24251K(24384K)->24251K(24384K) Class: 4891K(5120K)->4891K(5120K)
[4753.575s][info][gc             ] GC(1107) Pause Young (Allocation Failure) 7228M->4955M(7356M) 101.036ms
[4753.575s][info][gc,cpu         ] GC(1107) User=0.57s Sys=0.02s Real=0.10s
..[4756.066s][info][gc,start       ] GC(1108) Pause Young (Allocation Failure)
[4756.167s][info][gc,heap        ] GC(1108) PSYoungGen: 2561684K(2603008K)->140576K(2605568K) Eden: 2416128K(2416128K)->0K(2424832K) From: 145556K(186880K)->140576K(180736K)
[4756.167s][info][gc,heap        ] GC(1108) ParOldGen: 4929120K(4929536K)->5022176K(5022208K)
[4756.167s][info][gc,metaspace   ] GC(1108) Metaspace: 29142K(29504K)->29142K(29504K) NonClass: 24251K(24384K)->24251K(24384K) Class: 4891K(5120K)->4891K(5120K)
[4756.167s][info][gc             ] GC(1108) Pause Young (Allocation Failure) 7315M->5041M(7449M) 100.417ms
[4756.167s][info][gc,cpu         ] GC(1108) User=0.56s Sys=0.04s Real=0.10s
...[4758.659s][info][gc,start       ] GC(1109) Pause Young (Allocation Failure)
[4758.756s][info][gc,heap        ] GC(1109) PSYoungGen: 2565408K(2605568K)->135520K(2607616K) Eden: 2424832K(2424832K)->0K(2424832K) From: 140576K(180736K)->135520K(182784K)
[4758.756s][info][gc,heap        ] GC(1109) ParOldGen: 5022176K(5022208K)->5113816K(5113856K)
[4758.756s][info][gc,metaspace   ] GC(1109) Metaspace: 29142K(29504K)->29142K(29504K) NonClass: 24251K(24384K)->24251K(24384K) Class: 4891K(5120K)->4891K(5120K)
[4758.756s][info][gc             ] GC(1109) Pause Young (Allocation Failure) 7409M->5126M(7540M) 97.476ms
[4758.756s][info][gc,cpu         ] GC(1109) User=0.54s Sys=0.03s Real=0.10s
...[4761.316s][info][gc,start       ] GC(1110) Pause Young (Allocation Failure)
[4761.421s][info][gc,heap        ] GC(1110) PSYoungGen: 2560352K(2607616K)->149040K(2606080K) Eden: 2424832K(2424832K)->0K(2431488K) From: 135520K(182784K)->149040K(174592K)
[4761.421s][info][gc,heap        ] GC(1110) ParOldGen: 5113816K(5113856K)->5202680K(5202944K)
[4761.421s][info][gc,metaspace   ] GC(1110) Metaspace: 29142K(29504K)->29142K(29504K) NonClass: 24251K(24384K)->24251K(24384K) Class: 4891K(5120K)->4891K(5120K)
[4761.421s][info][gc             ] GC(1110) Pause Young (Allocation Failure) 7494M->5226M(7626M) 104.896ms
[4761.421s][info][gc,cpu         ] GC(1110) User=0.59s Sys=0.02s Real=0.10s
..[4763.906s][info][gc,start       ] GC(1111) Pause Young (Allocation Failure)
[4764.005s][info][gc,heap        ] GC(1111) PSYoungGen: 2580528K(2606080K)->141312K(2610176K) Eden: 2431488K(2431488K)->0K(2431488K) From: 149040K(174592K)->141312K(178688K)
[4764.005s][info][gc,heap        ] GC(1111) ParOldGen: 5202680K(5202944K)->5294336K(5294592K)
[4764.005s][info][gc,metaspace   ] GC(1111) Metaspace: 29142K(29504K)->29142K(29504K) NonClass: 24251K(24384K)->24251K(24384K) Class: 4891K(5120K)->4891K(5120K)
[4764.005s][info][gc             ] GC(1111) Pause Young (Allocation Failure) 7600M->5308M(7719M) 99.106ms
[4764.005s][info][gc,cpu         ] GC(1111) User=0.55s Sys=0.03s Real=0.10s
...[4766.475s][info][gc,start       ] GC(1112) Pause Young (Allocation Failure)
[4766.581s][info][gc,heap        ] GC(1112) PSYoungGen: 2572800K(2610176K)->149844K(2611200K) Eden: 2431488K(2431488K)->0K(2440704K) From: 141312K(178688K)->149844K(170496K)
[4766.581s][info][gc,heap        ] GC(1112) ParOldGen: 5294336K(5294592K)->5387008K(5387264K)
[4766.581s][info][gc,metaspace   ] GC(1112) Metaspace: 29142K(29504K)->29142K(29504K) NonClass: 24251K(24384K)->24251K(24384K) Class: 4891K(5120K)->4891K(5120K)
[4766.581s][info][gc             ] GC(1112) Pause Young (Allocation Failure) 7682M->5407M(7811M) 106.937ms
[4766.582s][info][gc,cpu         ] GC(1112) User=0.58s Sys=0.04s Real=0.10s
..[4769.131s][info][gc,start       ] GC(1113) Pause Young (Allocation Failure)
[4769.235s][info][gc,heap        ] GC(1113) PSYoungGen: 2590548K(2611200K)->150565K(2615296K) Eden: 2440704K(2440704K)->0K(2440704K) From: 149844K(170496K)->150565K(174592K)
[4769.235s][info][gc,heap        ] GC(1113) ParOldGen: 5387008K(5387264K)->5477440K(5477888K)
[4769.235s][info][gc,metaspace   ] GC(1113) Metaspace: 29142K(29504K)->29142K(29504K) NonClass: 24251K(24384K)->24251K(24384K) Class: 4891K(5120K)->4891K(5120K)
[4769.235s][info][gc             ] GC(1113) Pause Young (Allocation Failure) 7790M->5496M(7903M) 104.538ms
[4769.235s][info][gc,cpu         ] GC(1113) User=0.58s Sys=0.04s Real=0.11s
...[4771.736s][info][gc,start       ] GC(1114) Pause Young (Allocation Failure)
[4771.837s][info][gc,heap        ] GC(1114) PSYoungGen: 2591269K(2615296K)->145173K(2615808K) Eden: 2440704K(2440704K)->0K(2448384K) From: 150565K(174592K)->145173K(167424K)
[4771.837s][info][gc,heap        ] GC(1114) ParOldGen: 5477440K(5477888K)->5567512K(5568000K)
[4771.837s][info][gc,metaspace   ] GC(1114) Metaspace: 29142K(29504K)->29142K(29504K) NonClass: 24251K(24384K)->24251K(24384K) Class: 4891K(5120K)->4891K(5120K)
[4771.837s][info][gc             ] GC(1114) Pause Young (Allocation Failure) 7879M->5578M(7992M) 101.503ms
[4771.837s][info][gc,cpu         ] GC(1114) User=0.58s Sys=0.03s Real=0.10s
...[4774.335s][info][gc,start       ] GC(1115) Pause Full (Allocation Failure)
[4774.335s][info][gc,phases,start] GC(1115) Marking Phase
[4774.631s][info][gc,phases      ] GC(1115) Marking Phase 296.767ms
[4774.631s][info][gc,phases,start] GC(1115) Summary Phase
[4774.632s][info][gc,phases      ] GC(1115) Summary Phase 0.106ms
[4774.632s][info][gc,phases,start] GC(1115) Forward
[4774.761s][info][gc,phases      ] GC(1115) Forward 129.243ms
[4774.761s][info][gc,phases,start] GC(1115) Adjust Pointers
[4774.966s][info][gc,phases      ] GC(1115) Adjust Pointers 204.942ms
[4774.966s][info][gc,phases,start] GC(1115) Compaction Phase
[4775.093s][info][gc,phases      ] GC(1115) Compaction Phase 126.942ms
[4775.094s][info][gc,phases,start] GC(1115) Post Compact
[4775.101s][info][gc,phases      ] GC(1115) Post Compact 6.956ms
[4775.232s][info][gc,heap        ] GC(1115) PSYoungGen: 2593557K(2615808K)->0K(2619392K) Eden: 2448384K(2448384K)->0K(2448384K) From: 145173K(167424K)->0K(171008K)
[4775.232s][info][gc,heap        ] GC(1115) ParOldGen: 5567512K(5568000K)->1429272K(1669120K)
[4775.232s][info][gc,metaspace   ] GC(1115) Metaspace: 29142K(29504K)->29142K(29504K) NonClass: 24251K(24384K)->24251K(24384K) Class: 4891K(5120K)->4891K(5120K)
[4775.232s][info][gc             ] GC(1115) Pause Full (Allocation Failure) 7969M->1395M(4188M) 897.521ms
[4775.232s][info][gc,cpu         ] GC(1115) User=4.09s Sys=0.13s Real=0.89s
..[4777.019s][info][gc,start       ] GC(1116) Pause Young (Allocation Failure)
[4777.085s][info][gc,heap        ] GC(1116) PSYoungGen: 2448384K(2619392K)->147008K(2620928K) Eden: 2448384K(2448384K)->0K(2454016K) From: 0K(171008K)->147008K(166912K)
[4777.085s][info][gc,heap        ] GC(1116) ParOldGen: 1429272K(1669120K)->1429272K(1669120K)
[4777.085s][info][gc,metaspace   ] GC(1116) Metaspace: 29142K(29504K)->29142K(29504K) NonClass: 24251K(24384K)->24251K(24384K) Class: 4891K(5120K)->4891K(5120K)
[4777.085s][info][gc             ] GC(1116) Pause Young (Allocation Failure) 3786M->1539M(4189M) 65.943ms
[4777.085s][info][gc,cpu         ] GC(1116) User=0.39s Sys=0.00s Real=0.07s
...[4779.647s][info][gc,start       ] GC(1117) Pause Young (Allocation Failure)
[4779.741s][info][gc,heap        ] GC(1117) PSYoungGen: 2601024K(2620928K)->142016K(2622976K) Eden: 2454016K(2454016K)->0K(2454016K) From: 147008K(166912K)->142016K(168960K)
[4779.741s][info][gc,heap        ] GC(1117) ParOldGen: 1429272K(1669120K)->1523232K(1669120K)
[4779.741s][info][gc,metaspace   ] GC(1117) Metaspace: 29142K(29504K)->29142K(29504K) NonClass: 24251K(24384K)->24251K(24384K) Class: 4891K(5120K)->4891K(5120K)
[4779.741s][info][gc             ] GC(1117) Pause Young (Allocation Failure) 3935M->1626M(4191M) 94.355ms
[4779.741s][info][gc,cpu         ] GC(1117) User=0.55s Sys=0.00s Real=0.09s
..[4782.241s][info][gc,start       ] GC(1118) Pause Young (Allocation Failure)
[4782.332s][info][gc,heap        ] GC(1118) PSYoungGen: 2596032K(2622976K)->136352K(2625024K) Eden: 2454016K(2454016K)->0K(2459136K) From: 142016K(168960K)->136352K(165888K)
[4782.332s][info][gc,heap        ] GC(1118) ParOldGen: 1523232K(1669120K)->1615208K(1669120K)
[4782.332s][info][gc,metaspace   ] GC(1118) Metaspace: 29142K(29504K)->29142K(29504K) NonClass: 24251K(24384K)->24251K(24384K) Class: 4891K(5120K)->4891K(5120K)
[4782.332s][info][gc             ] GC(1118) Pause Young (Allocation Failure) 4022M->1710M(4193M) 90.501ms
[4782.332s][info][gc,cpu         ] GC(1118) User=0.54s Sys=0.00s Real=0.09s
...[4784.917s][info][gc,start       ] GC(1119) Pause Young (Allocation Failure)
[4785.012s][info][gc,heap        ] GC(1119) PSYoungGen: 2595488K(2625024K)->146180K(2626560K) Eden: 2459136K(2459136K)->0K(2459136K) From: 136352K(165888K)->146180K(167424K)
[4785.012s][info][gc,heap        ] GC(1119) ParOldGen: 1615208K(1669120K)->1705904K(1705984K)
[4785.012s][info][gc,metaspace   ] GC(1119) Metaspace: 29142K(29504K)->29142K(29504K) NonClass: 24251K(24384K)->24251K(24384K) Class: 4891K(5120K)->4891K(5120K)
[4785.012s][info][gc             ] GC(1119) Pause Young (Allocation Failure) 4112M->1808M(4231M) 95.658ms
[4785.012s][info][gc,cpu         ] GC(1119) User=0.56s Sys=0.01s Real=0.09s
...[4787.477s][info][gc,start       ] GC(1120) Pause Young (Allocation Failure)
[4787.579s][info][gc,heap        ] GC(1120) PSYoungGen: 2605316K(2626560K)->148570K(2627072K) Eden: 2459136K(2459136K)->0K(2463232K) From: 146180K(167424K)->148570K(163840K)
[4787.579s][info][gc,heap        ] GC(1120) ParOldGen: 1705904K(1705984K)->1798136K(1798144K)
[4787.579s][info][gc,metaspace   ] GC(1120) Metaspace: 29142K(29504K)->29142K(29504K) NonClass: 24251K(24384K)->24251K(24384K) Class: 4891K(5120K)->4891K(5120K)
[4787.579s][info][gc             ] GC(1120) Pause Young (Allocation Failure) 4210M->1901M(4321M) 102.579ms
[4787.579s][info][gc,cpu         ] GC(1120) User=0.58s Sys=0.02s Real=0.10s
..[4790.168s][info][gc,start       ] GC(1121) Pause Young (Allocation Failure)
[4790.271s][info][gc,heap        ] GC(1121) PSYoungGen: 2611802K(2627072K)->152485K(2627584K) Eden: 2463232K(2463232K)->0K(2463232K) From: 148570K(163840K)->152485K(164352K)
[4790.271s][info][gc,heap        ] GC(1121) ParOldGen: 1798136K(1798144K)->1886600K(1886720K)
[4790.271s][info][gc,metaspace   ] GC(1121) Metaspace: 29142K(29504K)->29142K(29504K) NonClass: 24251K(24384K)->24251K(24384K) Class: 4891K(5120K)->4891K(5120K)
[4790.271s][info][gc             ] GC(1121) Pause Young (Allocation Failure) 4306M->1991M(4408M) 103.087ms
[4790.271s][info][gc,cpu         ] GC(1121) User=0.58s Sys=0.02s Real=0.10s
...[4792.825s][info][gc,start       ] GC(1122) Pause Young (Allocation Failure)
[4792.923s][info][gc,heap        ] GC(1122) PSYoungGen: 2615717K(2627584K)->143200K(2630144K) Eden: 2463232K(2463232K)->0K(2466816K) From: 152485K(164352K)->143200K(163328K)
[4792.923s][info][gc,heap        ] GC(1122) ParOldGen: 1886600K(1886720K)->1978808K(1978880K)
[4792.923s][info][gc,metaspace   ] GC(1122) Metaspace: 29142K(29504K)->29142K(29504K) NonClass: 24251K(24384K)->24251K(24384K) Class: 4891K(5120K)->4891K(5120K)
[4792.924s][info][gc             ] GC(1122) Pause Young (Allocation Failure) 4396M->2072M(4501M) 98.290ms
[4792.924s][info][gc,cpu         ] GC(1122) User=0.55s Sys=0.03s Real=0.10s
...[4795.430s][info][gc,start       ] GC(1123) Pause Young (Allocation Failure)
[4795.523s][info][gc,heap        ] GC(1123) PSYoungGen: 2610016K(2630144K)->133792K(2630656K) Eden: 2466816K(2466816K)->0K(2466816K) From: 143200K(163328K)->133792K(163840K)
[4795.523s][info][gc,heap        ] GC(1123) ParOldGen: 1978808K(1978880K)->2072472K(2072576K)
[4795.523s][info][gc,metaspace   ] GC(1123) Metaspace: 29142K(29504K)->29142K(29504K) NonClass: 24251K(24384K)->24251K(24384K) Class: 4891K(5120K)->4891K(5120K)
[4795.523s][info][gc             ] GC(1123) Pause Young (Allocation Failure) 4481M->2154M(4593M) 92.873ms
[4795.523s][info][gc,cpu         ] GC(1123) User=0.53s Sys=0.02s Real=0.10s
..[4798.138s][info][gc,start       ] GC(1124) Pause Young (Allocation Failure)
[4798.242s][info][gc,heap        ] GC(1124) PSYoungGen: 2600608K(2630656K)->151557K(2630656K) Eden: 2466816K(2466816K)->0K(2466304K) From: 133792K(163840K)->151557K(164352K)
[4798.242s][info][gc,heap        ] GC(1124) ParOldGen: 2072472K(2072576K)->2160592K(2160640K)
[4798.242s][info][gc,metaspace   ] GC(1124) Metaspace: 29142K(29504K)->29142K(29504K) NonClass: 24251K(24384K)->24251K(24384K) Class: 4891K(5120K)->4891K(5120K)
[4798.242s][info][gc             ] GC(1124) Pause Young (Allocation Failure) 4563M->2257M(4679M) 103.645ms
[4798.242s][info][gc,cpu         ] GC(1124) User=0.57s Sys=0.03s Real=0.10s
...[4800.739s][info][gc,start       ] GC(1125) Pause Young (Allocation Failure)
[4800.837s][info][gc,heap        ] GC(1125) PSYoungGen: 2617861K(2630656K)->139936K(2606592K) Eden: 2466304K(2466304K)->0K(2466304K) From: 151557K(164352K)->139936K(140288K)
[4800.837s][info][gc,heap        ] GC(1125) ParOldGen: 2160592K(2160640K)->2254504K(2254848K)
[4800.837s][info][gc,metaspace   ] GC(1125) Metaspace: 29142K(29504K)->29142K(29504K) NonClass: 24251K(24384K)->24251K(24384K) Class: 4891K(5120K)->4891K(5120K)
[4800.837s][info][gc             ] GC(1125) Pause Young (Allocation Failure) 4666M->2338M(4747M) 97.405ms
[4800.837s][info][gc,cpu         ] GC(1125) User=0.54s Sys=0.03s Real=0.10s
..[4803.442s][info][gc,start       ] GC(1126) Pause Young (Allocation Failure)
[4803.541s][info][gc,heap        ] GC(1126) PSYoungGen: 2606240K(2606592K)->146164K(2632192K) Eden: 2466304K(2466304K)->0K(2468352K) From: 139936K(140288K)->146164K(163840K)
[4803.541s][info][gc,heap        ] GC(1126) ParOldGen: 2254504K(2254848K)->2345400K(2345472K)
[4803.541s][info][gc,metaspace   ] GC(1126) Metaspace: 29142K(29504K)->29142K(29504K) NonClass: 24251K(24384K)->24251K(24384K) Class: 4891K(5120K)->4891K(5120K)
[4803.541s][info][gc             ] GC(1126) Pause Young (Allocation Failure) 4746M->2433M(4861M) 99.762ms
[4803.541s][info][gc,cpu         ] GC(1126) User=0.56s Sys=0.04s Real=0.10s
...[4806.051s][info][gc,start       ] GC(1127) Pause Young (Allocation Failure)
[4806.154s][info][gc,heap        ] GC(1127) PSYoungGen: 2614516K(2632192K)->150308K(2630656K) Eden: 2468352K(2468352K)->0K(2468352K) From: 146164K(163840K)->150308K(162304K)
[4806.154s][info][gc,heap        ] GC(1127) ParOldGen: 2345400K(2345472K)->2438848K(2439168K)
[4806.154s][info][gc,metaspace   ] GC(1127) Metaspace: 29142K(29504K)->29142K(29504K) NonClass: 24251K(24384K)->24251K(24384K) Class: 4891K(5120K)->4891K(5120K)
[4806.154s][info][gc             ] GC(1127) Pause Young (Allocation Failure) 4843M->2528M(4951M) 103.038ms
[4806.154s][info][gc,cpu         ] GC(1127) User=0.59s Sys=0.02s Real=0.11s
...[4808.733s][info][gc,start       ] GC(1128) Pause Young (Allocation Failure)
[4808.844s][info][gc,heap        ] GC(1128) PSYoungGen: 2618660K(2630656K)->140608K(2632704K) Eden: 2468352K(2468352K)->0K(2470400K) From: 150308K(162304K)->140608K(162304K)
[4808.844s][info][gc,heap        ] GC(1128) ParOldGen: 2438848K(2439168K)->2530424K(2530816K)
[4808.844s][info][gc,metaspace   ] GC(1128) Metaspace: 29142K(29504K)->29142K(29504K) NonClass: 24251K(24384K)->24251K(24384K) Class: 4891K(5120K)->4891K(5120K)
[4808.844s][info][gc             ] GC(1128) Pause Young (Allocation Failure) 4938M->2608M(5042M) 111.012ms
[4808.844s][info][gc,cpu         ] GC(1128) User=0.63s Sys=0.03s Real=0.12s
[4808.918s][info][gc,start       ] GC(1129) Pause Full (Diagnostic Command)
[4808.918s][info][gc,phases,start] GC(1129) Marking Phase
[4809.212s][info][gc,phases      ] GC(1129) Marking Phase 293.528ms
[4809.212s][info][gc,phases,start] GC(1129) Summary Phase
[4809.212s][info][gc,phases      ] GC(1129) Summary Phase 0.041ms
[4809.212s][info][gc,phases,start] GC(1129) Forward
[4809.385s][info][gc,phases      ] GC(1129) Forward 172.595ms
[4809.385s][info][gc,phases,start] GC(1129) Adjust Pointers
[4809.583s][info][gc,phases      ] GC(1129) Adjust Pointers 198.133ms
[4809.583s][info][gc,phases,start] GC(1129) Compaction Phase
[4809.737s][info][gc,phases      ] GC(1129) Compaction Phase 154.628ms
[4809.740s][info][gc,phases,start] GC(1129) Post Compact
[4809.742s][info][gc,phases      ] GC(1129) Post Compact 2.419ms
[4809.742s][info][gc,heap        ] GC(1129) PSYoungGen: 269064K(2632704K)->0K(2632704K) Eden: 128456K(2470400K)->0K(2470400K) From: 140608K(162304K)->0K(162304K)
[4809.742s][info][gc,heap        ] GC(1129) ParOldGen: 2530424K(2530816K)->1160922K(2530816K)
[4809.742s][info][gc,metaspace   ] GC(1129) Metaspace: 29142K(29504K)->29142K(29504K) NonClass: 24251K(24384K)->24251K(24384K) Class: 4891K(5120K)->4891K(5120K)
[4809.742s][info][gc             ] GC(1129) Pause Full (Diagnostic Command) 2733M->1133M(5042M) 824.171ms
[4809.743s][info][gc,cpu         ] GC(1129) User=4.29s Sys=0.00s Real=0.82s
..[4811.531s][info][gc,start       ] GC(1130) Pause Young (Allocation Failure)
[4811.598s][info][gc,heap        ] GC(1130) PSYoungGen: 2470400K(2632704K)->145935K(2632192K) Eden: 2470400K(2470400K)->0K(2470400K) From: 0K(162304K)->145935K(161792K)
[4811.598s][info][gc,heap        ] GC(1130) ParOldGen: 1160922K(2530816K)->1160922K(2530816K)
[4811.598s][info][gc,metaspace   ] GC(1130) Metaspace: 29142K(29504K)->29142K(29504K) NonClass: 24251K(24384K)->24251K(24384K) Class: 4891K(5120K)->4891K(5120K)
[4811.598s][info][gc             ] GC(1130) Pause Young (Allocation Failure) 3546M->1276M(5042M) 67.150ms
[4811.598s][info][gc,cpu         ] GC(1130) User=0.39s Sys=0.00s Real=0.07s
. (rIR:aIR:PR = 7610:7592:7592) (tPR = 112293) [OK] 
  4811s: Performance info:
         Transaction,    Success,    Partial,     Failed,   Receipts, AvgBarcode, 
             Overall,     460158,          0,          0,     437104,      59.47, 
         Response times:
             Request,    Success,    Partial,     Failed,   SkipFail,     Probes,    Samples,      min,      p50,      p90,      p95,      p99,      max, 
       TotalPurchase,     437104,          0,          0,          0,     351644,     423991,      300,     5300,    18900,    56000,   247000,   980000,
     InStorePurchase,     230234,          0,          0,          0,     185313,     222987,      300,     5300,    18800,    57000,   247000,   980000,
      OnlinePurchase,     160684,          0,          0,          0,     129556,     156340,      300,     5300,    21000,    58000,   252000,   920000,
        InstPurchase,      46186,          0,          0,          0,      36775,      44664,      300,     5300,    15900,    43000,   135000,   920000,
          AssocOfCat,        460,          0,          0,          0,        355,        518,    19600,    34000,    80100,   134100,   226000,   940000,
      AssocOfProduct,       4608,          0,          0,          0,       4238,       5258,      500,     4400,    15500,    39050,   135460,   920000,
      BusinessReport,       1149,          0,          0,          0,        957,       1230,    25000,    39000,    73000,   128000,   304000,  1000000,
          CustBuyBeh,       4616,          0,          0,          0,       4246,       5302,      200,     6200,    18400,    58000,   106000,   920000,
       ProductReturn,      12221,          0,          0,          0,       9114,      11260,      200,     4500,    18700,    53950,   158000,   920000,

  4811s: (56%)   IR =   7749 ..[4814.011s][info][gc,start       ] GC(1131) Pause Young (Allocation Failure)
[4814.108s][info][gc,heap        ] GC(1131) PSYoungGen: 2616335K(2632192K)->146372K(2633216K) Eden: 2470400K(2470400K)->0K(2472960K) From: 145935K(161792K)->146372K(160256K)
[4814.108s][info][gc,heap        ] GC(1131) ParOldGen: 1160922K(2530816K)->1255700K(2530816K)
[4814.108s][info][gc,metaspace   ] GC(1131) Metaspace: 29146K(29504K)->29146K(29504K) NonClass: 24254K(24384K)->24254K(24384K) Class: 4891K(5120K)->4891K(5120K)
[4814.108s][info][gc             ] GC(1131) Pause Young (Allocation Failure) 3688M->1369M(5043M) 96.249ms
[4814.108s][info][gc,cpu         ] GC(1131) User=0.57s Sys=0.00s Real=0.10s
..[4816.674s][info][gc,start       ] GC(1132) Pause Young (Allocation Failure)
[4816.765s][info][gc,heap        ] GC(1132) PSYoungGen: 2619332K(2633216K)->141408K(2632192K) Eden: 2472960K(2472960K)->0K(2472960K) From: 146372K(160256K)->141408K(159232K)
[4816.765s][info][gc,heap        ] GC(1132) ParOldGen: 1255700K(2530816K)->1345844K(2530816K)
[4816.765s][info][gc,metaspace   ] GC(1132) Metaspace: 29146K(29504K)->29146K(29504K) NonClass: 24254K(24384K)->24254K(24384K) Class: 4891K(5120K)->4891K(5120K)
[4816.765s][info][gc             ] GC(1132) Pause Young (Allocation Failure) 3784M->1452M(5042M) 91.669ms
[4816.765s][info][gc,cpu         ] GC(1132) User=0.54s Sys=0.00s Real=0.09s
...[4819.157s][info][gc,start       ] GC(1133) Pause Young (Allocation Failure)
[4819.255s][info][gc,heap        ] GC(1133) PSYoungGen: 2614368K(2632192K)->151632K(2634240K) Eden: 2472960K(2472960K)->0K(2475520K) From: 141408K(159232K)->151632K(158720K)
[4819.255s][info][gc,heap        ] GC(1133) ParOldGen: 1345844K(2530816K)->1438388K(2530816K)
[4819.255s][info][gc,metaspace   ] GC(1133) Metaspace: 29146K(29504K)->29146K(29504K) NonClass: 24254K(24384K)->24254K(24384K) Class: 4891K(5120K)->4891K(5120K)
[4819.255s][info][gc             ] GC(1133) Pause Young (Allocation Failure) 3867M->1552M(5044M) 98.227ms
[4819.255s][info][gc,cpu         ] GC(1133) User=0.58s Sys=0.00s Real=0.10s
..[4821.759s][info][gc,start       ] GC(1134) Pause Young (Allocation Failure)
[4821.851s][info][gc,heap        ] GC(1134) PSYoungGen: 2627152K(2634240K)->142672K(2635264K) Eden: 2475520K(2475520K)->0K(2475520K) From: 151632K(158720K)->142672K(159744K)
[4821.851s][info][gc,heap        ] GC(1134) ParOldGen: 1438388K(2530816K)->1528988K(2530816K)
[4821.851s][info][gc,metaspace   ] GC(1134) Metaspace: 29146K(29504K)->29146K(29504K) NonClass: 24254K(24384K)->24254K(24384K) Class: 4891K(5120K)->4891K(5120K)
[4821.851s][info][gc             ] GC(1134) Pause Young (Allocation Failure) 3970M->1632M(5045M) 92.040ms
[4821.851s][info][gc,cpu         ] GC(1134) User=0.55s Sys=0.00s Real=0.09s
...|[4824.406s][info][gc,start       ] GC(1135) Pause Young (Allocation Failure)
[4824.498s][info][gc,heap        ] GC(1135) PSYoungGen: 2618192K(2635264K)->139424K(2636288K) Eden: 2475520K(2475520K)->0K(2477568K) From: 142672K(159744K)->139424K(158720K)
[4824.498s][info][gc,heap        ] GC(1135) ParOldGen: 1528988K(2530816K)->1618820K(2530816K)
[4824.498s][info][gc,metaspace   ] GC(1135) Metaspace: 29146K(29504K)->29146K(29504K) NonClass: 24254K(24384K)->24254K(24384K) Class: 4891K(5120K)->4891K(5120K)
[4824.498s][info][gc             ] GC(1135) Pause Young (Allocation Failure) 4049M->1717M(5046M) 92.183ms
[4824.498s][info][gc,cpu         ] GC(1135) User=0.54s Sys=0.00s Real=0.09s
...[4826.880s][info][gc,start       ] GC(1136) Pause Young (Allocation Failure)
[4826.977s][info][gc,heap        ] GC(1136) PSYoungGen: 2616992K(2636288K)->151673K(2636288K) Eden: 2477568K(2477568K)->0K(2477568K) From: 139424K(158720K)->151673K(158720K)
[4826.977s][info][gc,heap        ] GC(1136) ParOldGen: 1618820K(2530816K)->1711100K(2530816K)
[4826.977s][info][gc,metaspace   ] GC(1136) Metaspace: 29146K(29504K)->29146K(29504K) NonClass: 24254K(24384K)->24254K(24384K) Class: 4891K(5120K)->4891K(5120K)
[4826.977s][info][gc             ] GC(1136) Pause Young (Allocation Failure) 4136M->1819M(5046M) 96.839ms
[4826.977s][info][gc,cpu         ] GC(1136) User=0.58s Sys=0.00s Real=0.10s
..[4829.491s][info][gc,start       ] GC(1137) Pause Young (Allocation Failure)
[4829.586s][info][gc,heap        ] GC(1137) PSYoungGen: 2629241K(2636288K)->144832K(2636288K) Eden: 2477568K(2477568K)->0K(2477568K) From: 151673K(158720K)->144832K(158720K)
[4829.586s][info][gc,heap        ] GC(1137) ParOldGen: 1711100K(2530816K)->1801948K(2530816K)
[4829.586s][info][gc,metaspace   ] GC(1137) Metaspace: 29146K(29504K)->29146K(29504K) NonClass: 24254K(24384K)->24254K(24384K) Class: 4891K(5120K)->4891K(5120K)
[4829.586s][info][gc             ] GC(1137) Pause Young (Allocation Failure) 4238M->1901M(5046M) 94.773ms
[4829.586s][info][gc,cpu         ] GC(1137) User=0.57s Sys=0.00s Real=0.10s
...[4832.126s][info][gc,start       ] GC(1138) Pause Young (Allocation Failure)
[4832.224s][info][gc,heap        ] GC(1138) PSYoungGen: 2622400K(2636288K)->150773K(2636288K) Eden: 2477568K(2477568K)->0K(2477568K) From: 144832K(158720K)->150773K(158720K)
[4832.224s][info][gc,heap        ] GC(1138) ParOldGen: 1801948K(2530816K)->1895156K(2530816K)
[4832.224s][info][gc,metaspace   ] GC(1138) Metaspace: 29146K(29504K)->29146K(29504K) NonClass: 24254K(24384K)->24254K(24384K) Class: 4891K(5120K)->4891K(5120K)
[4832.224s][info][gc             ] GC(1138) Pause Young (Allocation Failure) 4320M->1997M(5046M) 98.374ms
[4832.224s][info][gc,cpu         ] GC(1138) User=0.58s Sys=0.00s Real=0.10s
..[4834.740s][info][gc,start       ] GC(1139) Pause Young (Allocation Failure)
[4834.836s][info][gc,heap        ] GC(1139) PSYoungGen: 2628341K(2636288K)->144788K(2635776K) Eden: 2477568K(2477568K)->0K(2478080K) From: 150773K(158720K)->144788K(157696K)
[4834.836s][info][gc,heap        ] GC(1139) ParOldGen: 1895156K(2530816K)->1987988K(2530816K)
[4834.836s][info][gc,metaspace   ] GC(1139) Metaspace: 29146K(29504K)->29146K(29504K) NonClass: 24254K(24384K)->24254K(24384K) Class: 4891K(5120K)->4891K(5120K)
[4834.836s][info][gc             ] GC(1139) Pause Young (Allocation Failure) 4417M->2082M(5045M) 95.321ms
[4834.836s][info][gc,cpu         ] GC(1139) User=0.56s Sys=0.01s Real=0.10s
...[4837.288s][info][gc,start       ] GC(1140) Pause Young (Allocation Failure)
[4837.384s][info][gc,heap        ] GC(1140) PSYoungGen: 2622868K(2635776K)->144933K(2636288K) Eden: 2478080K(2478080K)->0K(2478080K) From: 144788K(157696K)->144933K(158208K)
[4837.384s][info][gc,heap        ] GC(1140) ParOldGen: 1987988K(2530816K)->2079412K(2530816K)
[4837.384s][info][gc,metaspace   ] GC(1140) Metaspace: 29146K(29504K)->29146K(29504K) NonClass: 24254K(24384K)->24254K(24384K) Class: 4891K(5120K)->4891K(5120K)
[4837.384s][info][gc             ] GC(1140) Pause Young (Allocation Failure) 4502M->2172M(5046M) 96.672ms
[4837.384s][info][gc,cpu         ] GC(1140) User=0.58s Sys=0.00s Real=0.10s
...[4839.918s][info][gc,start       ] GC(1141) Pause Young (Allocation Failure)
[4840.014s][info][gc,heap        ] GC(1141) PSYoungGen: 2623013K(2636288K)->144896K(2636288K) Eden: 2478080K(2478080K)->0K(2480640K) From: 144933K(158208K)->144896K(155648K)
[4840.014s][info][gc,heap        ] GC(1141) ParOldGen: 2079412K(2530816K)->2168972K(2530816K)
[4840.014s][info][gc,metaspace   ] GC(1141) Metaspace: 29146K(29504K)->29146K(29504K) NonClass: 24254K(24384K)->24254K(24384K) Class: 4891K(5120K)->4891K(5120K)
[4840.014s][info][gc             ] GC(1141) Pause Young (Allocation Failure) 4592M->2259M(5046M) 96.258ms
[4840.014s][info][gc,cpu         ] GC(1141) User=0.57s Sys=0.00s Real=0.10s
..[4842.502s][info][gc,start       ] GC(1142) Pause Young (Allocation Failure)
[4842.599s][info][gc,heap        ] GC(1142) PSYoungGen: 2625536K(2636288K)->144021K(2636800K) Eden: 2480640K(2480640K)->0K(2480640K) From: 144896K(155648K)->144021K(156160K)
[4842.599s][info][gc,heap        ] GC(1142) ParOldGen: 2168972K(2530816K)->2261876K(2530816K)
[4842.599s][info][gc,metaspace   ] GC(1142) Metaspace: 29146K(29504K)->29146K(29504K) NonClass: 24254K(24384K)->24254K(24384K) Class: 4891K(5120K)->4891K(5120K)
[4842.599s][info][gc             ] GC(1142) Pause Young (Allocation Failure) 4682M->2349M(5046M) 97.661ms
[4842.599s][info][gc,cpu         ] GC(1142) User=0.58s Sys=0.00s Real=0.10s
...[4845.156s][info][gc,start       ] GC(1143) Pause Young (Allocation Failure)
[4845.251s][info][gc,heap        ] GC(1143) PSYoungGen: 2624661K(2636800K)->147136K(2639360K) Eden: 2480640K(2480640K)->0K(2484224K) From: 144021K(156160K)->147136K(155136K)
[4845.251s][info][gc,heap        ] GC(1143) ParOldGen: 2261876K(2530816K)->2353564K(2530816K)
[4845.251s][info][gc,metaspace   ] GC(1143) Metaspace: 29146K(29504K)->29146K(29504K) NonClass: 24254K(24384K)->24254K(24384K) Class: 4891K(5120K)->4891K(5120K)
[4845.251s][info][gc             ] GC(1143) Pause Young (Allocation Failure) 4772M->2442M(5049M) 95.611ms
[4845.251s][info][gc,cpu         ] GC(1143) User=0.56s Sys=0.00s Real=0.09s
..[4847.736s][info][gc,start       ] GC(1144) Pause Young (Allocation Failure)
[4847.834s][info][gc,heap        ] GC(1144) PSYoungGen: 2631360K(2639360K)->147808K(2639360K) Eden: 2484224K(2484224K)->0K(2484224K) From: 147136K(155136K)->147808K(155136K)
[4847.834s][info][gc,heap        ] GC(1144) ParOldGen: 2353564K(2530816K)->2447084K(2530816K)
[4847.834s][info][gc,metaspace   ] GC(1144) Metaspace: 29146K(29504K)->29146K(29504K) NonClass: 24254K(24384K)->24254K(24384K) Class: 4891K(5120K)->4891K(5120K)
[4847.834s][info][gc             ] GC(1144) Pause Young (Allocation Failure) 4868M->2534M(5049M) 98.129ms
[4847.834s][info][gc,cpu         ] GC(1144) User=0.58s Sys=0.00s Real=0.10s
...[4850.302s][info][gc,start       ] GC(1145) Pause Young (Allocation Failure)
[4850.397s][info][gc,heap        ] GC(1145) PSYoungGen: 2632032K(2639360K)->141524K(2639872K) Eden: 2484224K(2484224K)->0K(2485760K) From: 147808K(155136K)->141524K(154112K)
[4850.397s][info][gc,heap        ] GC(1145) ParOldGen: 2447084K(2530816K)->2538684K(2539008K)
[4850.397s][info][gc,metaspace   ] GC(1145) Metaspace: 29146K(29504K)->29146K(29504K) NonClass: 24254K(24384K)->24254K(24384K) Class: 4891K(5120K)->4891K(5120K)
[4850.397s][info][gc             ] GC(1145) Pause Young (Allocation Failure) 4960M->2617M(5057M) 95.795ms
[4850.397s][info][gc,cpu         ] GC(1145) User=0.56s Sys=0.01s Real=0.10s
..[4852.914s][info][gc,start       ] GC(1146) Pause Young (Allocation Failure)
[4853.013s][info][gc,heap        ] GC(1146) PSYoungGen: 2627284K(2639872K)->141504K(2640384K) Eden: 2485760K(2485760K)->0K(2485760K) From: 141524K(154112K)->141504K(154624K)
[4853.013s][info][gc,heap        ] GC(1146) ParOldGen: 2538684K(2539008K)->2629588K(2629632K)
[4853.013s][info][gc,metaspace   ] GC(1146) Metaspace: 29148K(29504K)->29148K(29504K) NonClass: 24256K(24384K)->24256K(24384K) Class: 4891K(5120K)->4891K(5120K)
[4853.013s][info][gc             ] GC(1146) Pause Young (Allocation Failure) 5044M->2706M(5146M) 98.651ms
[4853.013s][info][gc,cpu         ] GC(1146) User=0.54s Sys=0.03s Real=0.09s
...[4855.546s][info][gc,start       ] GC(1147) Pause Young (Allocation Failure)
[4855.643s][info][gc,heap        ] GC(1147) PSYoungGen: 2627264K(2640384K)->141696K(2640384K) Eden: 2485760K(2485760K)->0K(2486784K) From: 141504K(154624K)->141696K(153600K)
[4855.643s][info][gc,heap        ] GC(1147) ParOldGen: 2629588K(2629632K)->2721332K(2721792K)
[4855.643s][info][gc,metaspace   ] GC(1147) Metaspace: 29148K(29504K)->29148K(29504K) NonClass: 24256K(24384K)->24256K(24384K) Class: 4891K(5120K)->4891K(5120K)
[4855.643s][info][gc             ] GC(1147) Pause Young (Allocation Failure) 5133M->2795M(5236M) 96.835ms
[4855.643s][info][gc,cpu         ] GC(1147) User=0.54s Sys=0.02s Real=0.09s
...[4858.154s][info][gc,start       ] GC(1148) Pause Young (Allocation Failure)
[4858.259s][info][gc,heap        ] GC(1148) PSYoungGen: 2628480K(2640384K)->154085K(2640896K) Eden: 2486784K(2486784K)->0K(2486784K) From: 141696K(153600K)->154085K(154112K)
[4858.259s][info][gc,heap        ] GC(1148) ParOldGen: 2721332K(2721792K)->2814036K(2814464K)
[4858.259s][info][gc,metaspace   ] GC(1148) Metaspace: 29148K(29504K)->29148K(29504K) NonClass: 24256K(24384K)->24256K(24384K) Class: 4891K(5120K)->4891K(5120K)
[4858.259s][info][gc             ] GC(1148) Pause Young (Allocation Failure) 5224M->2898M(5327M) 104.757ms
[4858.259s][info][gc,cpu         ] GC(1148) User=0.59s Sys=0.02s Real=0.10s
..[4860.781s][info][gc,start       ] GC(1149) Pause Young (Allocation Failure)
[4860.880s][info][gc,heap        ] GC(1149) PSYoungGen: 2640869K(2640896K)->141824K(2572288K) Eden: 2486784K(2486784K)->0K(2417152K) From: 154085K(154112K)->141824K(155136K)
[4860.880s][info][gc,heap        ] GC(1149) ParOldGen: 2814036K(2814464K)->2906852K(2907136K)
[4860.880s][info][gc,metaspace   ] GC(1149) Metaspace: 29148K(29504K)->29148K(29504K) NonClass: 24256K(24384K)->24256K(24384K) Class: 4891K(5120K)->4891K(5120K)
[4860.880s][info][gc             ] GC(1149) Pause Young (Allocation Failure) 5327M->2977M(5351M) 99.332ms
[4860.880s][info][gc,cpu         ] GC(1149) User=0.55s Sys=0.03s Real=0.10s
...[4863.292s][info][gc,start       ] GC(1150) Pause Young (Allocation Failure)
[4863.388s][info][gc,heap        ] GC(1150) PSYoungGen: 2558976K(2572288K)->133056K(2606592K) Eden: 2417152K(2417152K)->0K(2417152K) From: 141824K(155136K)->133056K(189440K)
[4863.388s][info][gc,heap        ] GC(1150) ParOldGen: 2906852K(2907136K)->3000588K(3000832K)
[4863.388s][info][gc,metaspace   ] GC(1150) Metaspace: 29148K(29504K)->29148K(29504K) NonClass: 24256K(24384K)->24256K(24384K) Class: 4891K(5120K)->4891K(5120K)
[4863.388s][info][gc             ] GC(1150) Pause Young (Allocation Failure) 5337M->3060M(5476M) 95.969ms
[4863.388s][info][gc,cpu         ] GC(1150) User=0.55s Sys=0.01s Real=0.10s
..[4865.788s][info][gc,start       ] GC(1151) Pause Young (Allocation Failure)
[4865.889s][info][gc,heap        ] GC(1151) PSYoungGen: 2550208K(2606592K)->145298K(2601472K) Eden: 2417152K(2417152K)->0K(2417152K) From: 133056K(189440K)->145298K(184320K)
[4865.889s][info][gc,heap        ] GC(1151) ParOldGen: 3000588K(3000832K)->3089868K(3089920K)
[4865.889s][info][gc,metaspace   ] GC(1151) Metaspace: 29148K(29504K)->29148K(29504K) NonClass: 24256K(24384K)->24256K(24384K) Class: 4891K(5120K)->4891K(5120K)
[4865.889s][info][gc             ] GC(1151) Pause Young (Allocation Failure) 5420M->3159M(5558M) 100.764ms
[4865.889s][info][gc,cpu         ] GC(1151) User=0.58s Sys=0.02s Real=0.10s
...[4868.357s][info][gc,start       ] GC(1152) Pause Young (Allocation Failure)
[4868.453s][info][gc,heap        ] GC(1152) PSYoungGen: 2562450K(2601472K)->137248K(2604032K) Eden: 2417152K(2417152K)->0K(2417152K) From: 145298K(184320K)->137248K(186880K)
[4868.453s][info][gc,heap        ] GC(1152) ParOldGen: 3089868K(3089920K)->3180220K(3180544K)
[4868.453s][info][gc,metaspace   ] GC(1152) Metaspace: 29148K(29504K)->29148K(29504K) NonClass: 24256K(24384K)->24256K(24384K) Class: 4891K(5120K)->4891K(5120K)
[4868.453s][info][gc             ] GC(1152) Pause Young (Allocation Failure) 5519M->3239M(5649M) 95.368ms
[4868.453s][info][gc,cpu         ] GC(1152) User=0.54s Sys=0.03s Real=0.09s
..[4870.906s][info][gc,start       ] GC(1153) Pause Young (Allocation Failure)
[4871.005s][info][gc,heap        ] GC(1153) PSYoungGen: 2554400K(2604032K)->138112K(2604032K) Eden: 2417152K(2417152K)->0K(2423296K) From: 137248K(186880K)->138112K(180736K)
[4871.005s][info][gc,heap        ] GC(1153) ParOldGen: 3180220K(3180544K)->3272636K(3272704K)
[4871.005s][info][gc,metaspace   ] GC(1153) Metaspace: 29148K(29504K)->29148K(29504K) NonClass: 24256K(24384K)->24256K(24384K) Class: 4891K(5120K)->4891K(5120K)
[4871.005s][info][gc             ] GC(1153) Pause Young (Allocation Failure) 5600M->3330M(5739M) 98.941ms
[4871.005s][info][gc,cpu         ] GC(1153) User=0.54s Sys=0.04s Real=0.10s
...[4873.450s][info][gc,start       ] GC(1154) Pause Young (Allocation Failure)
[4873.546s][info][gc,heap        ] GC(1154) PSYoungGen: 2561408K(2604032K)->137728K(2607104K) Eden: 2423296K(2423296K)->0K(2423296K) From: 138112K(180736K)->137728K(183808K)
[4873.546s][info][gc,heap        ] GC(1154) ParOldGen: 3272636K(3272704K)->3361324K(3361792K)
[4873.546s][info][gc,metaspace   ] GC(1154) Metaspace: 29148K(29504K)->29148K(29504K) NonClass: 24256K(24384K)->24256K(24384K) Class: 4891K(5120K)->4891K(5120K)
[4873.546s][info][gc             ] GC(1154) Pause Young (Allocation Failure) 5697M->3417M(5829M) 95.980ms
[4873.546s][info][gc,cpu         ] GC(1154) User=0.53s Sys=0.03s Real=0.10s
..[4876.045s][info][gc,start       ] GC(1155) Pause Young (Allocation Failure)
[4876.144s][info][gc,heap        ] GC(1155) PSYoungGen: 2561024K(2607104K)->141184K(2605568K) Eden: 2423296K(2423296K)->0K(2429952K) From: 137728K(183808K)->141184K(175616K)
[4876.144s][info][gc,heap        ] GC(1155) ParOldGen: 3361324K(3361792K)->3453044K(3453440K)
[4876.144s][info][gc,metaspace   ] GC(1155) Metaspace: 29148K(29504K)->29148K(29504K) NonClass: 24256K(24384K)->24256K(24384K) Class: 4891K(5120K)->4891K(5120K)
[4876.144s][info][gc             ] GC(1155) Pause Young (Allocation Failure) 5783M->3509M(5917M) 99.466ms
[4876.144s][info][gc,cpu         ] GC(1155) User=0.56s Sys=0.02s Real=0.10s
...[4878.506s][info][gc,start       ] GC(1156) Pause Young (Allocation Failure)
[4878.607s][info][gc,heap        ] GC(1156) PSYoungGen: 2571136K(2605568K)->141832K(2609664K) Eden: 2429952K(2429952K)->0K(2429952K) From: 141184K(175616K)->141832K(179712K)
[4878.607s][info][gc,heap        ] GC(1156) ParOldGen: 3453044K(3453440K)->3544244K(3544576K)
[4878.607s][info][gc,metaspace   ] GC(1156) Metaspace: 29148K(29504K)->29148K(29504K) NonClass: 24256K(24384K)->24256K(24384K) Class: 4891K(5120K)->4891K(5120K)
[4878.607s][info][gc             ] GC(1156) Pause Young (Allocation Failure) 5882M->3599M(6010M) 101.031ms
[4878.607s][info][gc,cpu         ] GC(1156) User=0.58s Sys=0.02s Real=0.10s
..[4881.066s][info][gc,start       ] GC(1157) Pause Young (Allocation Failure)
[4881.172s][info][gc,heap        ] GC(1157) PSYoungGen: 2571784K(2609664K)->153941K(2613248K) Eden: 2429952K(2429952K)->0K(2438656K) From: 141832K(179712K)->153941K(174592K)
[4881.172s][info][gc,heap        ] GC(1157) ParOldGen: 3544244K(3544576K)->3634292K(3634688K)
[4881.172s][info][gc,metaspace   ] GC(1157) Metaspace: 29148K(29504K)->29148K(29504K) NonClass: 24256K(24384K)->24256K(24384K) Class: 4891K(5120K)->4891K(5120K)
[4881.172s][info][gc             ] GC(1157) Pause Young (Allocation Failure) 5972M->3699M(6101M) 105.669ms
[4881.172s][info][gc,cpu         ] GC(1157) User=0.60s Sys=0.02s Real=0.10s
...[4883.584s][info][gc,start       ] GC(1158) Pause Young (Allocation Failure)
[4883.684s][info][gc,heap        ] GC(1158) PSYoungGen: 2592597K(2613248K)->139894K(2615808K) Eden: 2438656K(2438656K)->0K(2438656K) From: 153941K(174592K)->139894K(177152K)
[4883.684s][info][gc,heap        ] GC(1158) ParOldGen: 3634292K(3634688K)->3726940K(3727360K)
[4883.684s][info][gc,metaspace   ] GC(1158) Metaspace: 29148K(29504K)->29148K(29504K) NonClass: 24256K(24384K)->24256K(24384K) Class: 4891K(5120K)->4891K(5120K)
[4883.684s][info][gc             ] GC(1158) Pause Young (Allocation Failure) 6080M->3776M(6194M) 99.945ms
[4883.684s][info][gc,cpu         ] GC(1158) User=0.57s Sys=0.02s Real=0.10s
. (rIR:aIR:PR = 7749:7798:7798) (tPR = 115534) [OK] 
  4884s: Performance info:
         Transaction,    Success,    Partial,     Failed,   Receipts, AvgBarcode, 
             Overall,     470877,          0,          0,     447502,      59.48, 
         Response times:
             Request,    Success,    Partial,     Failed,   SkipFail,     Probes,    Samples,      min,      p50,      p90,      p95,      p99,      max, 
       TotalPurchase,     447516,          0,          0,          0,     363285,     437900,      200,     5200,    12300,    28000,    62000,   169000,
     InStorePurchase,     235870,          0,          0,          0,     190860,     229489,      300,     5200,    12300,    28000,    63000,   169000,
      OnlinePurchase,     164777,          0,          0,          0,     133883,     161454,      200,     5100,    12200,    28000,    63000,   145000,
        InstPurchase,      46869,          0,          0,          0,      38542,      46957,      400,     5200,    12300,    28000,    60000,   149000,
          AssocOfCat,        468,          0,          0,          0,        384,        530,    19700,    32000,    51000,    60450,   138830,   166000,
      AssocOfProduct,       4673,          0,          0,          0,       4419,       5625,      700,     4700,    11040,    25000,    53000,   125000,
      BusinessReport,       1168,          0,          0,          0,       1002,       1321,    24000,    39000,    59000,    73000,   142780,   191000,
          CustBuyBeh,       4676,          0,          0,          0,       4378,       5510,      200,     5300,    13200,    32450,    69000,   130000,
       ProductReturn,      12392,          0,          0,          0,       9612,      11929,      200,     4500,    11500,    27000,    57000,   143000,

  4884s: (57%)   IR =   7887 .[4886.144s][info][gc,start       ] GC(1159) Pause Young (Allocation Failure)
[4886.246s][info][gc,heap        ] GC(1159) PSYoungGen: 2578550K(2615808K)->146549K(2611712K) Eden: 2438656K(2438656K)->0K(2443264K) From: 139894K(177152K)->146549K(168448K)
[4886.246s][info][gc,heap        ] GC(1159) ParOldGen: 3726940K(3727360K)->3816716K(3816960K)
[4886.246s][info][gc,metaspace   ] GC(1159) Metaspace: 29148K(29504K)->29148K(29504K) NonClass: 24256K(24384K)->24256K(24384K) Class: 4891K(5120K)->4891K(5120K)
[4886.246s][info][gc             ] GC(1159) Pause Young (Allocation Failure) 6157M->3870M(6278M) 102.065ms
[4886.246s][info][gc,cpu         ] GC(1159) User=0.58s Sys=0.02s Real=0.10s
...[4888.654s][info][gc,start       ] GC(1160) Pause Young (Allocation Failure)
[4888.757s][info][gc,heap        ] GC(1160) PSYoungGen: 2589813K(2611712K)->146754K(2615808K) Eden: 2443264K(2443264K)->0K(2443264K) From: 146549K(168448K)->146754K(172544K)
[4888.758s][info][gc,heap        ] GC(1160) ParOldGen: 3816716K(3816960K)->3908460K(3908608K)
[4888.758s][info][gc,metaspace   ] GC(1160) Metaspace: 29148K(29504K)->29148K(29504K) NonClass: 24256K(24384K)->24256K(24384K) Class: 4891K(5120K)->4891K(5120K)
[4888.758s][info][gc             ] GC(1160) Pause Young (Allocation Failure) 6256M->3960M(6371M) 103.109ms
[4888.758s][info][gc,cpu         ] GC(1160) User=0.59s Sys=0.01s Real=0.10s
..[4891.202s][info][gc,start       ] GC(1161) Pause Young (Allocation Failure)
[4891.302s][info][gc,heap        ] GC(1161) PSYoungGen: 2590018K(2615808K)->147168K(2617856K) Eden: 2443264K(2443264K)->0K(2453504K) From: 146754K(172544K)->147168K(164352K)
[4891.302s][info][gc,heap        ] GC(1161) ParOldGen: 3908460K(3908608K)->3998420K(3998720K)
[4891.302s][info][gc,metaspace   ] GC(1161) Metaspace: 29148K(29504K)->29148K(29504K) NonClass: 24256K(24384K)->24256K(24384K) Class: 4891K(5120K)->4891K(5120K)
[4891.302s][info][gc             ] GC(1161) Pause Young (Allocation Failure) 6346M->4048M(6461M) 100.304ms
[4891.302s][info][gc,cpu         ] GC(1161) User=0.56s Sys=0.03s Real=0.10s
..|.[4893.709s][info][gc,start       ] GC(1162) Pause Young (Allocation Failure)
[4893.811s][info][gc,heap        ] GC(1162) PSYoungGen: 2600672K(2617856K)->145440K(2621440K) Eden: 2453504K(2453504K)->0K(2453504K) From: 147168K(164352K)->145440K(167936K)
[4893.811s][info][gc,heap        ] GC(1162) ParOldGen: 3998420K(3998720K)->4091644K(4091904K)
[4893.811s][info][gc,metaspace   ] GC(1162) Metaspace: 29148K(29504K)->29148K(29504K) NonClass: 24256K(24384K)->24256K(24384K) Class: 4891K(5120K)->4891K(5120K)
[4893.811s][info][gc             ] GC(1162) Pause Young (Allocation Failure) 6444M->4137M(6556M) 102.041ms
[4893.811s][info][gc,cpu         ] GC(1162) User=0.58s Sys=0.03s Real=0.10s
..[4896.195s][info][gc,start       ] GC(1163) Pause Young (Allocation Failure)
[4896.296s][info][gc,heap        ] GC(1163) PSYoungGen: 2598944K(2621440K)->142208K(2624512K) Eden: 2453504K(2453504K)->0K(2462208K) From: 145440K(167936K)->142208K(162304K)
[4896.296s][info][gc,heap        ] GC(1163) ParOldGen: 4091644K(4091904K)->4182700K(4183040K)
[4896.296s][info][gc,metaspace   ] GC(1163) Metaspace: 29148K(29504K)->29148K(29504K) NonClass: 24256K(24384K)->24256K(24384K) Class: 4891K(5120K)->4891K(5120K)
[4896.296s][info][gc             ] GC(1163) Pause Young (Allocation Failure) 6533M->4223M(6648M) 101.015ms
[4896.296s][info][gc,cpu         ] GC(1163) User=0.58s Sys=0.01s Real=0.10s
...[4898.784s][info][gc,start       ] GC(1164) Pause Young (Allocation Failure)
[4898.886s][info][gc,heap        ] GC(1164) PSYoungGen: 2604416K(2624512K)->147835K(2627072K) Eden: 2462208K(2462208K)->0K(2462208K) From: 142208K(162304K)->147835K(164864K)
[4898.886s][info][gc,heap        ] GC(1164) ParOldGen: 4182700K(4183040K)->4272412K(4272640K)
[4898.886s][info][gc,metaspace   ] GC(1164) Metaspace: 29148K(29504K)->29148K(29504K) NonClass: 24256K(24384K)->24256K(24384K) Class: 4891K(5120K)->4891K(5120K)
[4898.886s][info][gc             ] GC(1164) Pause Young (Allocation Failure) 6628M->4316M(6738M) 101.672ms
[4898.886s][info][gc,cpu         ] GC(1164) User=0.58s Sys=0.02s Real=0.10s
..[4901.296s][info][gc,start       ] GC(1165) Pause Young (Allocation Failure)
[4901.397s][info][gc,heap        ] GC(1165) PSYoungGen: 2610043K(2627072K)->139876K(2628096K) Eden: 2462208K(2462208K)->0K(2467328K) From: 147835K(164864K)->139876K(160768K)
[4901.397s][info][gc,heap        ] GC(1165) ParOldGen: 4272412K(4272640K)->4365844K(4366336K)
[4901.397s][info][gc,metaspace   ] GC(1165) Metaspace: 29148K(29504K)->29148K(29504K) NonClass: 24256K(24384K)->24256K(24384K) Class: 4891K(5120K)->4891K(5120K)
[4901.397s][info][gc             ] GC(1165) Pause Young (Allocation Failure) 6721M->4400M(6830M) 100.994ms
[4901.397s][info][gc,cpu         ] GC(1165) User=0.56s Sys=0.03s Real=0.10s
...[4903.832s][info][gc,start       ] GC(1166) Pause Young (Allocation Failure)
[4903.933s][info][gc,heap        ] GC(1166) PSYoungGen: 2607204K(2628096K)->142592K(2630144K) Eden: 2467328K(2467328K)->0K(2467328K) From: 139876K(160768K)->142592K(162816K)
[4903.933s][info][gc,heap        ] GC(1166) ParOldGen: 4365844K(4366336K)->4456004K(4456448K)
[4903.933s][info][gc,metaspace   ] GC(1166) Metaspace: 29148K(29504K)->29148K(29504K) NonClass: 24256K(24384K)->24256K(24384K) Class: 4891K(5120K)->4891K(5120K)
[4903.933s][info][gc             ] GC(1166) Pause Young (Allocation Failure) 6809M->4490M(6920M) 101.258ms
[4903.933s][info][gc,cpu         ] GC(1166) User=0.56s Sys=0.03s Real=0.10s
...[4906.453s][info][gc,start       ] GC(1167) Pause Young (Allocation Failure)
[4906.553s][info][gc,heap        ] GC(1167) PSYoungGen: 2609920K(2630144K)->139936K(2631168K) Eden: 2467328K(2467328K)->0K(2471424K) From: 142592K(162816K)->139936K(159744K)
[4906.553s][info][gc,heap        ] GC(1167) ParOldGen: 4456004K(4456448K)->4548252K(4548608K)
[4906.553s][info][gc,metaspace   ] GC(1167) Metaspace: 29148K(29504K)->29148K(29504K) NonClass: 24256K(24384K)->24256K(24384K) Class: 4891K(5120K)->4891K(5120K)
[4906.553s][info][gc             ] GC(1167) Pause Young (Allocation Failure) 6900M->4578M(7011M) 99.446ms
[4906.553s][info][gc,cpu         ] GC(1167) User=0.56s Sys=0.03s Real=0.09s
..[4908.949s][info][gc,start       ] GC(1168) Pause Young (Allocation Failure)
[4909.057s][info][gc,heap        ] GC(1168) PSYoungGen: 2611360K(2631168K)->152254K(2632704K) Eden: 2471424K(2471424K)->0K(2471424K) From: 139936K(159744K)->152254K(161280K)
[4909.057s][info][gc,heap        ] GC(1168) ParOldGen: 4548252K(4548608K)->4641972K(4642304K)
[4909.057s][info][gc,metaspace   ] GC(1168) Metaspace: 29148K(29504K)->29148K(29504K) NonClass: 24256K(24384K)->24256K(24384K) Class: 4891K(5120K)->4891K(5120K)
[4909.057s][info][gc             ] GC(1168) Pause Young (Allocation Failure) 6991M->4681M(7104M) 108.087ms
[4909.057s][info][gc,cpu         ] GC(1168) User=0.60s Sys=0.03s Real=0.11s
...[4911.497s][info][gc,start       ] GC(1169) Pause Young (Allocation Failure)
[4911.596s][info][gc,heap        ] GC(1169) PSYoungGen: 2623678K(2632704K)->143008K(2632704K) Eden: 2471424K(2471424K)->0K(2472448K) From: 152254K(161280K)->143008K(160256K)
[4911.596s][info][gc,heap        ] GC(1169) ParOldGen: 4641972K(4642304K)->4732268K(4732416K)
[4911.596s][info][gc,metaspace   ] GC(1169) Metaspace: 29148K(29504K)->29148K(29504K) NonClass: 24256K(24384K)->24256K(24384K) Class: 4891K(5120K)->4891K(5120K)
[4911.596s][info][gc             ] GC(1169) Pause Young (Allocation Failure) 7095M->4761M(7192M) 99.125ms
[4911.596s][info][gc,cpu         ] GC(1169) User=0.55s Sys=0.04s Real=0.10s
..[4914.040s][info][gc,start       ] GC(1170) Pause Young (Allocation Failure)
[4914.147s][info][gc,heap        ] GC(1170) PSYoungGen: 2615456K(2632704K)->150981K(2633216K) Eden: 2472448K(2472448K)->0K(2472448K) From: 143008K(160256K)->150981K(160768K)
[4914.147s][info][gc,heap        ] GC(1170) ParOldGen: 4732268K(4732416K)->4824708K(4825088K)
[4914.147s][info][gc,metaspace   ] GC(1170) Metaspace: 29148K(29504K)->29148K(29504K) NonClass: 24256K(24384K)->24256K(24384K) Class: 4891K(5120K)->4891K(5120K)
[4914.147s][info][gc             ] GC(1170) Pause Young (Allocation Failure) 7175M->4859M(7283M) 106.461ms
[4914.147s][info][gc,cpu         ] GC(1170) User=0.59s Sys=0.03s Real=0.11s
...[4916.634s][info][gc,start       ] GC(1171) Pause Young (Allocation Failure)
[4916.734s][info][gc,heap        ] GC(1171) PSYoungGen: 2623429K(2633216K)->144096K(2633216K) Eden: 2472448K(2472448K)->0K(2473472K) From: 150981K(160768K)->144096K(159744K)
[4916.734s][info][gc,heap        ] GC(1171) ParOldGen: 4824708K(4825088K)->4914292K(4914688K)
[4916.734s][info][gc,metaspace   ] GC(1171) Metaspace: 29148K(29504K)->29148K(29504K) NonClass: 24256K(24384K)->24256K(24384K) Class: 4891K(5120K)->4891K(5120K)
[4916.734s][info][gc             ] GC(1171) Pause Young (Allocation Failure) 7273M->4939M(7371M) 100.057ms
[4916.734s][info][gc,cpu         ] GC(1171) User=0.57s Sys=0.03s Real=0.10s
..[4919.167s][info][gc,start       ] GC(1172) Pause Young (Allocation Failure)
[4919.274s][info][gc,heap        ] GC(1172) PSYoungGen: 2617568K(2633216K)->152890K(2633728K) Eden: 2473472K(2473472K)->0K(2473472K) From: 144096K(159744K)->152890K(160256K)
[4919.274s][info][gc,heap        ] GC(1172) ParOldGen: 4914292K(4914688K)->5006996K(5007360K)
[4919.274s][info][gc,metaspace   ] GC(1172) Metaspace: 29148K(29504K)->29148K(29504K) NonClass: 24256K(24384K)->24256K(24384K) Class: 4891K(5120K)->4891K(5120K)
[4919.274s][info][gc             ] GC(1172) Pause Young (Allocation Failure) 7355M->5038M(7462M) 106.870ms
[4919.274s][info][gc,cpu         ] GC(1172) User=0.60s Sys=0.03s Real=0.11s
...[4921.697s][info][gc,start       ] GC(1173) Pause Young (Allocation Failure)
[4921.800s][info][gc,heap        ] GC(1173) PSYoungGen: 2626362K(2633728K)->142816K(2634752K) Eden: 2473472K(2473472K)->0K(2473472K) From: 152890K(160256K)->142816K(161280K)
[4921.800s][info][gc,heap        ] GC(1173) ParOldGen: 5006996K(5007360K)->5100004K(5100032K)
[4921.800s][info][gc,metaspace   ] GC(1173) Metaspace: 29148K(29504K)->29148K(29504K) NonClass: 24256K(24384K)->24256K(24384K) Class: 4891K(5120K)->4891K(5120K)
[4921.800s][info][gc             ] GC(1173) Pause Young (Allocation Failure) 7454M->5119M(7553M) 103.028ms
[4921.800s][info][gc,cpu         ] GC(1173) User=0.58s Sys=0.02s Real=0.10s
..[4924.208s][info][gc,start       ] GC(1174) Pause Young (Allocation Failure)
[4924.312s][info][gc,heap        ] GC(1174) PSYoungGen: 2616288K(2634752K)->143465K(2617344K) Eden: 2473472K(2473472K)->0K(2473472K) From: 142816K(161280K)->143465K(143872K)
[4924.312s][info][gc,heap        ] GC(1174) ParOldGen: 5100004K(5100032K)->5193396K(5193728K)
[4924.312s][info][gc,metaspace   ] GC(1174) Metaspace: 29148K(29504K)->29148K(29504K) NonClass: 24256K(24384K)->24256K(24384K) Class: 4891K(5120K)->4891K(5120K)
[4924.312s][info][gc             ] GC(1174) Pause Young (Allocation Failure) 7535M->5211M(7628M) 103.553ms
[4924.312s][info][gc,cpu         ] GC(1174) User=0.59s Sys=0.02s Real=0.10s
...[4926.782s][info][gc,start       ] GC(1175) Pause Young (Allocation Failure)
[4926.881s][info][gc,heap        ] GC(1175) PSYoungGen: 2616937K(2617344K)->141728K(2634752K) Eden: 2473472K(2473472K)->0K(2475008K) From: 143465K(143872K)->141728K(159744K)
[4926.881s][info][gc,heap        ] GC(1175) ParOldGen: 5193396K(5193728K)->5283476K(5283840K)
[4926.881s][info][gc,metaspace   ] GC(1175) Metaspace: 29148K(29504K)->29148K(29504K) NonClass: 24256K(24384K)->24256K(24384K) Class: 4891K(5120K)->4891K(5120K)
[4926.881s][info][gc             ] GC(1175) Pause Young (Allocation Failure) 7627M->5298M(7733M) 99.248ms
[4926.881s][info][gc,cpu         ] GC(1175) User=0.56s Sys=0.02s Real=0.10s
..[4929.328s][info][gc,start       ] GC(1176) Pause Young (Allocation Failure)
[4929.425s][info][gc,heap        ] GC(1176) PSYoungGen: 2616736K(2634752K)->134912K(2633728K) Eden: 2475008K(2475008K)->0K(2475008K) From: 141728K(159744K)->134912K(158720K)
[4929.425s][info][gc,heap        ] GC(1176) ParOldGen: 5283476K(5283840K)->5375188K(5375488K)
[4929.425s][info][gc,metaspace   ] GC(1176) Metaspace: 29148K(29504K)->29148K(29504K) NonClass: 24256K(24384K)->24256K(24384K) Class: 4891K(5120K)->4891K(5120K)
[4929.425s][info][gc             ] GC(1176) Pause Young (Allocation Failure) 7715M->5380M(7821M) 96.845ms
[4929.425s][info][gc,cpu         ] GC(1176) User=0.55s Sys=0.03s Real=0.10s
...[4931.942s][info][gc,start       ] GC(1177) Pause Young (Allocation Failure)
[4932.045s][info][gc,heap        ] GC(1177) PSYoungGen: 2609920K(2633728K)->148240K(2636800K) Eden: 2475008K(2475008K)->0K(2477568K) From: 134912K(158720K)->148240K(159232K)
[4932.045s][info][gc,heap        ] GC(1177) ParOldGen: 5375188K(5375488K)->5465812K(5466112K)
[4932.045s][info][gc,metaspace   ] GC(1177) Metaspace: 29148K(29504K)->29148K(29504K) NonClass: 24256K(24384K)->24256K(24384K) Class: 4891K(5120K)->4891K(5120K)
[4932.045s][info][gc             ] GC(1177) Pause Young (Allocation Failure) 7797M->5482M(7913M) 103.734ms
[4932.046s][info][gc,cpu         ] GC(1177) User=0.57s Sys=0.02s Real=0.11s
..[4934.509s][info][gc,start       ] GC(1178) Pause Young (Allocation Failure)
[4934.612s][info][gc,heap        ] GC(1178) PSYoungGen: 2625808K(2636800K)->143104K(2620928K) Eden: 2477568K(2477568K)->0K(2477568K) From: 148240K(159232K)->143104K(143360K)
[4934.612s][info][gc,heap        ] GC(1178) ParOldGen: 5465812K(5466112K)->5557396K(5557760K)
[4934.612s][info][gc,metaspace   ] GC(1178) Metaspace: 29148K(29504K)->29148K(29504K) NonClass: 24256K(24384K)->24256K(24384K) Class: 4891K(5120K)->4891K(5120K)
[4934.612s][info][gc             ] GC(1178) Pause Young (Allocation Failure) 7901M->5566M(7987M) 102.883ms
[4934.612s][info][gc,cpu         ] GC(1178) User=0.58s Sys=0.03s Real=0.10s
...[4937.051s][info][gc,start       ] GC(1179) Pause Full (Allocation Failure)
[4937.051s][info][gc,phases,start] GC(1179) Marking Phase
[4937.344s][info][gc,phases      ] GC(1179) Marking Phase 292.887ms
[4937.344s][info][gc,phases,start] GC(1179) Summary Phase
[4937.344s][info][gc,phases      ] GC(1179) Summary Phase 0.111ms
[4937.344s][info][gc,phases,start] GC(1179) Forward
[4937.480s][info][gc,phases      ] GC(1179) Forward 135.830ms
[4937.480s][info][gc,phases,start] GC(1179) Adjust Pointers
[4937.680s][info][gc,phases      ] GC(1179) Adjust Pointers 199.592ms
[4937.680s][info][gc,phases,start] GC(1179) Compaction Phase
[4937.809s][info][gc,phases      ] GC(1179) Compaction Phase 128.919ms
[4937.810s][info][gc,phases,start] GC(1179) Post Compact
[4937.816s][info][gc,phases      ] GC(1179) Post Compact 6.893ms
[4937.944s][info][gc,heap        ] GC(1179) PSYoungGen: 2620672K(2620928K)->0K(2635776K) Eden: 2477568K(2477568K)->0K(2477568K) From: 143104K(143360K)->0K(158208K)
[4937.944s][info][gc,heap        ] GC(1179) ParOldGen: 5557396K(5557760K)->1429190K(1672704K)
[4937.944s][info][gc,metaspace   ] GC(1179) Metaspace: 29148K(29504K)->29148K(29504K) NonClass: 24256K(24384K)->24256K(24384K) Class: 4891K(5120K)->4891K(5120K)
[4937.944s][info][gc             ] GC(1179) Pause Full (Allocation Failure) 7986M->1395M(4207M) 893.027ms
[4937.944s][info][gc,cpu         ] GC(1179) User=4.03s Sys=0.13s Real=0.90s
..[4939.668s][info][gc,start       ] GC(1180) Pause Young (Allocation Failure)
[4939.731s][info][gc,heap        ] GC(1180) PSYoungGen: 2477568K(2635776K)->143264K(2635776K) Eden: 2477568K(2477568K)->0K(2477568K) From: 0K(158208K)->143264K(158208K)
[4939.731s][info][gc,heap        ] GC(1180) ParOldGen: 1429190K(1672704K)->1429190K(1672704K)
[4939.731s][info][gc,metaspace   ] GC(1180) Metaspace: 29148K(29504K)->29148K(29504K) NonClass: 24256K(24384K)->24256K(24384K) Class: 4891K(5120K)->4891K(5120K)
[4939.732s][info][gc             ] GC(1180) Pause Young (Allocation Failure) 3815M->1535M(4207M) 63.587ms
[4939.732s][info][gc,cpu         ] GC(1180) User=0.37s Sys=0.00s Real=0.06s
...[4942.204s][info][gc,start       ] GC(1181) Pause Young (Allocation Failure)
[4942.296s][info][gc,heap        ] GC(1181) PSYoungGen: 2620832K(2635776K)->138816K(2637312K) Eden: 2477568K(2477568K)->0K(2480128K) From: 143264K(158208K)->138816K(157184K)
[4942.296s][info][gc,heap        ] GC(1181) ParOldGen: 1429190K(1672704K)->1522510K(1672704K)
[4942.296s][info][gc,metaspace   ] GC(1181) Metaspace: 29148K(29504K)->29148K(29504K) NonClass: 24256K(24384K)->24256K(24384K) Class: 4891K(5120K)->4891K(5120K)
[4942.296s][info][gc             ] GC(1181) Pause Young (Allocation Failure) 3955M->1622M(4209M) 92.117ms
[4942.296s][info][gc,cpu         ] GC(1181) User=0.55s Sys=0.00s Real=0.09s
..[4944.787s][info][gc,start       ] GC(1182) Pause Young (Allocation Failure)
[4944.883s][info][gc,heap        ] GC(1182) PSYoungGen: 2618944K(2637312K)->145280K(2636800K) Eden: 2480128K(2480128K)->0K(2480128K) From: 138816K(157184K)->145280K(156672K)
[4944.883s][info][gc,heap        ] GC(1182) ParOldGen: 1522510K(1672704K)->1613670K(1672704K)
[4944.883s][info][gc,metaspace   ] GC(1182) Metaspace: 29148K(29504K)->29148K(29504K) NonClass: 24256K(24384K)->24256K(24384K) Class: 4891K(5120K)->4891K(5120K)
[4944.883s][info][gc             ] GC(1182) Pause Young (Allocation Failure) 4044M->1717M(4208M) 95.499ms
[4944.883s][info][gc,cpu         ] GC(1182) User=0.56s Sys=0.00s Real=0.09s
...[4947.375s][info][gc,start       ] GC(1183) Pause Young (Allocation Failure)
[4947.471s][info][gc,heap        ] GC(1183) PSYoungGen: 2625408K(2636800K)->145888K(2638848K) Eden: 2480128K(2480128K)->0K(2482688K) From: 145280K(156672K)->145888K(156160K)
[4947.471s][info][gc,heap        ] GC(1183) ParOldGen: 1613670K(1672704K)->1704814K(1704960K)
[4947.471s][info][gc,metaspace   ] GC(1183) Metaspace: 29148K(29504K)->29148K(29504K) NonClass: 24256K(24384K)->24256K(24384K) Class: 4891K(5120K)->4891K(5120K)
[4947.471s][info][gc             ] GC(1183) Pause Young (Allocation Failure) 4139M->1807M(4242M) 96.155ms
[4947.471s][info][gc,cpu         ] GC(1183) User=0.56s Sys=0.01s Real=0.09s
..[4949.854s][info][gc,start       ] GC(1184) Pause Young (Allocation Failure)
[4949.950s][info][gc,heap        ] GC(1184) PSYoungGen: 2628576K(2638848K)->136320K(2638336K) Eden: 2482688K(2482688K)->0K(2482688K) From: 145888K(156160K)->136320K(155648K)
[4949.950s][info][gc,heap        ] GC(1184) ParOldGen: 1704814K(1704960K)->1800198K(1800704K)
[4949.950s][info][gc,metaspace   ] GC(1184) Metaspace: 29148K(29504K)->29148K(29504K) NonClass: 24256K(24384K)->24256K(24384K) Class: 4891K(5120K)->4891K(5120K)
[4949.950s][info][gc             ] GC(1184) Pause Young (Allocation Failure) 4231M->1891M(4335M) 96.313ms
[4949.951s][info][gc,cpu         ] GC(1184) User=0.54s Sys=0.03s Real=0.09s
...[4952.471s][info][gc,start       ] GC(1185) Pause Young (Allocation Failure)
[4952.569s][info][gc,heap        ] GC(1185) PSYoungGen: 2619008K(2638336K)->144704K(2639872K) Eden: 2482688K(2482688K)->0K(2484736K) From: 136320K(155648K)->144704K(155136K)
[4952.569s][info][gc,heap        ] GC(1185) ParOldGen: 1800198K(1800704K)->1887966K(1888256K)
[4952.569s][info][gc,metaspace   ] GC(1185) Metaspace: 29148K(29504K)->29148K(29504K) NonClass: 24256K(24384K)->24256K(24384K) Class: 4891K(5120K)->4891K(5120K)
[4952.570s][info][gc             ] GC(1185) Pause Young (Allocation Failure) 4315M->1985M(4422M) 98.323ms
[4952.570s][info][gc,cpu         ] GC(1185) User=0.55s Sys=0.03s Real=0.10s
. (rIR:aIR:PR = 7887:7894:7894) (tPR = 117178) [OK] 
  4952s: Performance info:
         Transaction,    Success,    Partial,     Failed,   Receipts, AvgBarcode, 
             Overall,     479508,          0,          0,     455669,      59.48, 
         Response times:
             Request,    Success,    Partial,     Failed,   SkipFail,     Probes,    Samples,      min,      p50,      p90,      p95,      p99,      max, 
       TotalPurchase,     455669,          0,          0,          0,     357118,     413167,      300,     5100,    15300,    40000,   180000,  1100000,
     InStorePurchase,     239482,          0,          0,          0,     188312,     217567,      300,     5200,    15100,    39000,   180000,  1100000,
      OnlinePurchase,     168277,          0,          0,          0,     131153,     151781,      300,     5000,    15300,    40000,   181000,  1100000,
        InstPurchase,      47910,          0,          0,          0,      37653,      43819,      400,     5600,    16300,    41000,   164000,  1100000,
          AssocOfCat,        479,          0,          0,          0,        374,        533,    19000,    35000,    61000,    91000,   158000,   173000,
      AssocOfProduct,       4793,          0,          0,          0,       4474,       5356,      500,     5000,    13300,    36000,   111000,   920000,
      BusinessReport,       1193,          0,          0,          0,       1036,       1349,    19900,    41000,    68000,    96000,   200000,   980000,
          CustBuyBeh,       4802,          0,          0,          0,       4461,       5366,      200,     5400,    16100,    39000,   152000,   199000,
       ProductReturn,      12572,          0,          0,          0,       9599,      11346,      200,     4600,    17900,    40650,    78000,   222000,

  4952s: (58%)   IR =   8025 .[4955.033s][info][gc,start       ] GC(1186) Pause Young (Allocation Failure)
[4955.132s][info][gc,heap        ] GC(1186) PSYoungGen: 2629440K(2639872K)->144096K(2639872K) Eden: 2484736K(2484736K)->0K(2484736K) From: 144704K(155136K)->144096K(155136K)
[4955.132s][info][gc,heap        ] GC(1186) ParOldGen: 1887966K(1888256K)->1981350K(1981440K)
[4955.132s][info][gc,metaspace   ] GC(1186) Metaspace: 29148K(29504K)->29148K(29504K) NonClass: 24256K(24384K)->24256K(24384K) Class: 4891K(5120K)->4891K(5120K)
[4955.132s][info][gc             ] GC(1186) Pause Young (Allocation Failure) 4411M->2075M(4513M) 99.771ms
[4955.132s][info][gc,cpu         ] GC(1186) User=0.56s Sys=0.03s Real=0.10s
...[4957.559s][info][gc,start       ] GC(1187) Pause Young (Allocation Failure)
[4957.658s][info][gc,heap        ] GC(1187) PSYoungGen: 2628832K(2639872K)->144789K(2640384K) Eden: 2484736K(2484736K)->0K(2486272K) From: 144096K(155136K)->144789K(154112K)
[4957.658s][info][gc,heap        ] GC(1187) ParOldGen: 1981350K(1981440K)->2073766K(2074112K)
[4957.658s][info][gc,metaspace   ] GC(1187) Metaspace: 29148K(29504K)->29148K(29504K) NonClass: 24256K(24384K)->24256K(24384K) Class: 4891K(5120K)->4891K(5120K)
[4957.658s][info][gc             ] GC(1187) Pause Young (Allocation Failure) 4502M->2166M(4604M) 99.206ms
[4957.658s][info][gc,cpu         ] GC(1187) User=0.56s Sys=0.03s Real=0.10s
..[4960.039s][info][gc,start       ] GC(1188) Pause Young (Allocation Failure)
[4960.138s][info][gc,heap        ] GC(1188) PSYoungGen: 2631061K(2640384K)->145728K(2639872K) Eden: 2486272K(2486272K)->0K(2486272K) From: 144789K(154112K)->145728K(153600K)
[4960.138s][info][gc,heap        ] GC(1188) ParOldGen: 2073766K(2074112K)->2165846K(2166272K)
[4960.138s][info][gc,metaspace   ] GC(1188) Metaspace: 29148K(29504K)->29148K(29504K) NonClass: 24256K(24384K)->24256K(24384K) Class: 4891K(5120K)->4891K(5120K)
[4960.138s][info][gc             ] GC(1188) Pause Young (Allocation Failure) 4594M->2257M(4693M) 99.134ms
[4960.139s][info][gc,cpu         ] GC(1188) User=0.54s Sys=0.03s Real=0.10s
...[4962.529s][info][gc,start       ] GC(1189) Pause Young (Allocation Failure)
[4962.630s][info][gc,heap        ] GC(1189) PSYoungGen: 2632000K(2639872K)->143252K(2640896K) Eden: 2486272K(2486272K)->0K(2488832K) From: 145728K(153600K)->143252K(152064K)
[4962.630s][info][gc,heap        ] GC(1189) ParOldGen: 2165846K(2166272K)->2259078K(2259456K)
[4962.630s][info][gc,metaspace   ] GC(1189) Metaspace: 29148K(29504K)->29148K(29504K) NonClass: 24256K(24384K)->24256K(24384K) Class: 4891K(5120K)->4891K(5120K)
[4962.630s][info][gc             ] GC(1189) Pause Young (Allocation Failure) 4685M->2346M(4785M) 100.868ms
[4962.630s][info][gc,cpu         ] GC(1189) User=0.56s Sys=0.04s Real=0.10s
..[4965.016s][info][gc,start       ] GC(1190) Pause Young (Allocation Failure)
[4965.116s][info][gc,heap        ] GC(1190) PSYoungGen: 2632084K(2640896K)->144320K(2641408K) Eden: 2488832K(2488832K)->0K(2488832K) From: 143252K(152064K)->144320K(152576K)
[4965.116s][info][gc,heap        ] GC(1190) ParOldGen: 2259078K(2259456K)->2349750K(2350080K)
[4965.116s][info][gc,metaspace   ] GC(1190) Metaspace: 29148K(29504K)->29148K(29504K) NonClass: 24256K(24384K)->24256K(24384K) Class: 4891K(5120K)->4891K(5120K)
[4965.116s][info][gc             ] GC(1190) Pause Young (Allocation Failure) 4776M->2435M(4874M) 100.097ms
[4965.116s][info][gc,cpu         ] GC(1190) User=0.56s Sys=0.03s Real=0.10s
...[4967.559s][info][gc,start       ] GC(1191) Pause Young (Allocation Failure)
[4967.658s][info][gc,heap        ] GC(1191) PSYoungGen: 2633152K(2641408K)->145776K(2642432K) Eden: 2488832K(2488832K)->0K(2491392K) From: 144320K(152576K)->145776K(151040K)
[4967.658s][info][gc,heap        ] GC(1191) ParOldGen: 2349750K(2350080K)->2441902K(2442240K)
[4967.658s][info][gc,metaspace   ] GC(1191) Metaspace: 29148K(29504K)->29148K(29504K) NonClass: 24256K(24384K)->24256K(24384K) Class: 4891K(5120K)->4891K(5120K)
[4967.658s][info][gc             ] GC(1191) Pause Young (Allocation Failure) 4866M->2527M(4965M) 98.985ms
[4967.658s][info][gc,cpu         ] GC(1191) User=0.55s Sys=0.03s Real=0.10s
..[4970.018s][info][gc,start       ] GC(1192) Pause Young (Allocation Failure)
[4970.116s][info][gc,heap        ] GC(1192) PSYoungGen: 2637168K(2642432K)->142688K(2642944K) Eden: 2491392K(2491392K)->0K(2491392K) From: 145776K(151040K)->142688K(151552K)
[4970.116s][info][gc,heap        ] GC(1192) ParOldGen: 2441902K(2442240K)->2533990K(2534400K)
[4970.116s][info][gc,metaspace   ] GC(1192) Metaspace: 29148K(29504K)->29148K(29504K) NonClass: 24256K(24384K)->24256K(24384K) Class: 4891K(5120K)->4891K(5120K)
[4970.116s][info][gc             ] GC(1192) Pause Young (Allocation Failure) 4960M->2613M(5056M) 97.870ms
[4970.116s][info][gc,cpu         ] GC(1192) User=0.55s Sys=0.03s Real=0.10s
.|..[4972.581s][info][gc,start       ] GC(1193) Pause Young (Allocation Failure)
[4972.678s][info][gc,heap        ] GC(1193) PSYoungGen: 2634080K(2642944K)->143904K(2643456K) Eden: 2491392K(2491392K)->0K(2493440K) From: 142688K(151552K)->143904K(150016K)
[4972.678s][info][gc,heap        ] GC(1193) ParOldGen: 2533990K(2534400K)->2623798K(2624000K)
[4972.678s][info][gc,metaspace   ] GC(1193) Metaspace: 29148K(29504K)->29148K(29504K) NonClass: 24256K(24384K)->24256K(24384K) Class: 4891K(5120K)->4891K(5120K)
[4972.678s][info][gc             ] GC(1193) Pause Young (Allocation Failure) 5046M->2702M(5144M) 97.576ms
[4972.678s][info][gc,cpu         ] GC(1193) User=0.55s Sys=0.04s Real=0.10s
..[4975.034s][info][gc,start       ] GC(1194) Pause Young (Allocation Failure)
[4975.138s][info][gc,heap        ] GC(1194) PSYoungGen: 2637344K(2643456K)->150504K(2643968K) Eden: 2493440K(2493440K)->0K(2493440K) From: 143904K(150016K)->150504K(150528K)
[4975.138s][info][gc,heap        ] GC(1194) ParOldGen: 2623798K(2624000K)->2717734K(2718208K)
[4975.138s][info][gc,metaspace   ] GC(1194) Metaspace: 29148K(29504K)->29148K(29504K) NonClass: 24256K(24384K)->24256K(24384K) Class: 4891K(5120K)->4891K(5120K)
[4975.138s][info][gc             ] GC(1194) Pause Young (Allocation Failure) 5137M->2801M(5236M) 103.924ms
[4975.138s][info][gc,cpu         ] GC(1194) User=0.59s Sys=0.01s Real=0.10s
...[4977.552s][info][gc,start       ] GC(1195) Pause Young (Allocation Failure)
[4977.649s][info][gc,heap        ] GC(1195) PSYoungGen: 2643944K(2643968K)->139360K(2575360K) Eden: 2493440K(2493440K)->0K(2423296K) From: 150504K(150528K)->139360K(152064K)
[4977.649s][info][gc,heap        ] GC(1195) ParOldGen: 2717734K(2718208K)->2810574K(2810880K)
[4977.649s][info][gc,metaspace   ] GC(1195) Metaspace: 29148K(29504K)->29148K(29504K) NonClass: 24256K(24384K)->24256K(24384K) Class: 4891K(5120K)->4891K(5120K)
[4977.649s][info][gc             ] GC(1195) Pause Young (Allocation Failure) 5236M->2880M(5260M) 96.904ms
[4977.649s][info][gc,cpu         ] GC(1195) User=0.53s Sys=0.04s Real=0.10s
..[4980.027s][info][gc,start       ] GC(1196) Pause Young (Allocation Failure)
[4980.126s][info][gc,heap        ] GC(1196) PSYoungGen: 2562656K(2575360K)->144960K(2609664K) Eden: 2423296K(2423296K)->0K(2423296K) From: 139360K(152064K)->144960K(186368K)
[4980.126s][info][gc,heap        ] GC(1196) ParOldGen: 2810574K(2810880K)->2902446K(2902528K)
[4980.126s][info][gc,metaspace   ] GC(1196) Metaspace: 29148K(29504K)->29148K(29504K) NonClass: 24256K(24384K)->24256K(24384K) Class: 4891K(5120K)->4891K(5120K)
[4980.126s][info][gc             ] GC(1196) Pause Young (Allocation Failure) 5247M->2975M(5383M) 98.954ms
[4980.126s][info][gc,cpu         ] GC(1196) User=0.55s Sys=0.03s Real=0.10s
...[4982.463s][info][gc,start       ] GC(1197) Pause Young (Allocation Failure)
[4982.560s][info][gc,heap        ] GC(1197) PSYoungGen: 2568256K(2609664K)->134720K(2606592K) Eden: 2423296K(2423296K)->0K(2425344K) From: 144960K(186368K)->134720K(181248K)
[4982.560s][info][gc,heap        ] GC(1197) ParOldGen: 2902446K(2902528K)->2996422K(2996736K)
[4982.560s][info][gc,metaspace   ] GC(1197) Metaspace: 29148K(29504K)->29148K(29504K) NonClass: 24256K(24384K)->24256K(24384K) Class: 4891K(5120K)->4891K(5120K)
[4982.560s][info][gc             ] GC(1197) Pause Young (Allocation Failure) 5342M->3057M(5472M) 96.920ms
[4982.560s][info][gc,cpu         ] GC(1197) User=0.54s Sys=0.03s Real=0.10s
..[4984.945s][info][gc,start       ] GC(1198) Pause Young (Allocation Failure)
[4985.046s][info][gc,heap        ] GC(1198) PSYoungGen: 2560064K(2606592K)->143936K(2609152K) Eden: 2425344K(2425344K)->0K(2425344K) From: 134720K(181248K)->143936K(183808K)
[4985.046s][info][gc,heap        ] GC(1198) ParOldGen: 2996422K(2996736K)->3085174K(3085312K)
[4985.046s][info][gc,metaspace   ] GC(1198) Metaspace: 29148K(29504K)->29148K(29504K) NonClass: 24256K(24384K)->24256K(24384K) Class: 4891K(5120K)->4891K(5120K)
[4985.046s][info][gc             ] GC(1198) Pause Young (Allocation Failure) 5426M->3153M(5561M) 100.397ms
[4985.046s][info][gc,cpu         ] GC(1198) User=0.56s Sys=0.03s Real=0.10s
...[4987.358s][info][gc,start       ] GC(1199) Pause Young (Allocation Failure)
[4987.459s][info][gc,heap        ] GC(1199) PSYoungGen: 2569280K(2609152K)->142373K(2607616K) Eden: 2425344K(2425344K)->0K(2430464K) From: 143936K(183808K)->142373K(177152K)
[4987.460s][info][gc,heap        ] GC(1199) ParOldGen: 3085174K(3085312K)->3178942K(3179008K)
[4987.460s][info][gc,metaspace   ] GC(1199) Metaspace: 29148K(29504K)->29148K(29504K) NonClass: 24256K(24384K)->24256K(24384K) Class: 4891K(5120K)->4891K(5120K)
[4987.460s][info][gc             ] GC(1199) Pause Young (Allocation Failure) 5521M->3243M(5651M) 101.474ms
[4987.460s][info][gc,cpu         ] GC(1199) User=0.57s Sys=0.03s Real=0.10s
..[4989.801s][info][gc,start       ] GC(1200) Pause Young (Allocation Failure)
[4989.902s][info][gc,heap        ] GC(1200) PSYoungGen: 2572837K(2607616K)->147556K(2610176K) Eden: 2430464K(2430464K)->0K(2430464K) From: 142373K(177152K)->147556K(179712K)
[4989.902s][info][gc,heap        ] GC(1200) ParOldGen: 3178942K(3179008K)->3268606K(3268608K)
[4989.902s][info][gc,metaspace   ] GC(1200) Metaspace: 29148K(29504K)->29148K(29504K) NonClass: 24256K(24384K)->24256K(24384K) Class: 4891K(5120K)->4891K(5120K)
[4989.902s][info][gc             ] GC(1200) Pause Young (Allocation Failure) 5616M->3336M(5741M) 101.412ms
[4989.902s][info][gc,cpu         ] GC(1200) User=0.58s Sys=0.03s Real=0.10s
..[4992.235s][info][gc,start       ] GC(1201) Pause Young (Allocation Failure)
[4992.335s][info][gc,heap        ] GC(1201) PSYoungGen: 2578020K(2610176K)->143133K(2613760K) Eden: 2430464K(2430464K)->0K(2439680K) From: 147556K(179712K)->143133K(174080K)
[4992.335s][info][gc,heap        ] GC(1201) ParOldGen: 3268606K(3268608K)->3360542K(3360768K)
[4992.335s][info][gc,metaspace   ] GC(1201) Metaspace: 29148K(29504K)->29148K(29504K) NonClass: 24256K(24384K)->24256K(24384K) Class: 4891K(5120K)->4891K(5120K)
[4992.335s][info][gc             ] GC(1201) Pause Young (Allocation Failure) 5709M->3421M(5834M) 100.229ms
[4992.335s][info][gc,cpu         ] GC(1201) User=0.56s Sys=0.03s Real=0.10s
...[4994.708s][info][gc,start       ] GC(1202) Pause Young (Allocation Failure)
[4994.807s][info][gc,heap        ] GC(1202) PSYoungGen: 2582813K(2613760K)->144544K(2614784K) Eden: 2439680K(2439680K)->0K(2439680K) From: 143133K(174080K)->144544K(175104K)
[4994.807s][info][gc,heap        ] GC(1202) ParOldGen: 3360542K(3360768K)->3451046K(3451392K)
[4994.807s][info][gc,metaspace   ] GC(1202) Metaspace: 29148K(29504K)->29148K(29504K) NonClass: 24256K(24384K)->24256K(24384K) Class: 4891K(5120K)->4891K(5120K)
[4994.807s][info][gc             ] GC(1202) Pause Young (Allocation Failure) 5804M->3511M(5924M) 99.077ms
[4994.807s][info][gc,cpu         ] GC(1202) User=0.55s Sys=0.03s Real=0.10s
..[4997.205s][info][gc,start       ] GC(1203) Pause Young (Allocation Failure)
[4997.301s][info][gc,heap        ] GC(1203) PSYoungGen: 2584224K(2614784K)->136096K(2620416K) Eden: 2439680K(2439680K)->0K(2447360K) From: 144544K(175104K)->136096K(173056K)
[4997.301s][info][gc,heap        ] GC(1203) ParOldGen: 3451046K(3451392K)->3543342K(3543552K)
[4997.301s][info][gc,metaspace   ] GC(1203) Metaspace: 29148K(29504K)->29148K(29504K) NonClass: 24256K(24384K)->24256K(24384K) Class: 4891K(5120K)->4891K(5120K)
[4997.301s][info][gc             ] GC(1203) Pause Young (Allocation Failure) 5893M->3593M(6019M) 95.718ms
[4997.301s][info][gc,cpu         ] GC(1203) User=0.54s Sys=0.03s Real=0.09s
...[4999.677s][info][gc,start       ] GC(1204) Pause Young (Allocation Failure)
[4999.779s][info][gc,heap        ] GC(1204) PSYoungGen: 2583456K(2620416K)->147161K(2619904K) Eden: 2447360K(2447360K)->0K(2447360K) From: 136096K(173056K)->147161K(172544K)
[4999.779s][info][gc,heap        ] GC(1204) ParOldGen: 3543342K(3543552K)->3635350K(3635712K)
[4999.779s][info][gc,metaspace   ] GC(1204) Metaspace: 29148K(29504K)->29148K(29504K) NonClass: 24256K(24384K)->24256K(24384K) Class: 4891K(5120K)->4891K(5120K)
[4999.779s][info][gc             ] GC(1204) Pause Young (Allocation Failure) 5983M->3693M(6109M) 102.164ms
[4999.779s][info][gc,cpu         ] GC(1204) User=0.58s Sys=0.03s Real=0.10s
..[5002.212s][info][gc,start       ] GC(1205) Pause Young (Allocation Failure)
[5002.308s][info][gc,heap        ] GC(1205) PSYoungGen: 2594521K(2619904K)->137856K(2621440K) Eden: 2447360K(2447360K)->0K(2451456K) From: 147161K(172544K)->137856K(169984K)
[5002.308s][info][gc,heap        ] GC(1205) ParOldGen: 3635350K(3635712K)->3725646K(3725824K)
[5002.308s][info][gc,metaspace   ] GC(1205) Metaspace: 29148K(29504K)->29148K(29504K) NonClass: 24256K(24384K)->24256K(24384K) Class: 4891K(5120K)->4891K(5120K)
[5002.308s][info][gc             ] GC(1205) Pause Young (Allocation Failure) 6083M->3772M(6198M) 96.577ms
[5002.308s][info][gc,cpu         ] GC(1205) User=0.54s Sys=0.03s Real=0.10s
...[5004.654s][info][gc,start       ] GC(1206) Pause Young (Allocation Failure)
[5004.753s][info][gc,heap        ] GC(1206) PSYoungGen: 2589312K(2621440K)->141856K(2620416K) Eden: 2451456K(2451456K)->0K(2451456K) From: 137856K(169984K)->141856K(168960K)
[5004.753s][info][gc,heap        ] GC(1206) ParOldGen: 3725646K(3725824K)->3818214K(3818496K)
[5004.753s][info][gc,metaspace   ] GC(1206) Metaspace: 29148K(29504K)->29148K(29504K) NonClass: 24256K(24384K)->24256K(24384K) Class: 4891K(5120K)->4891K(5120K)
[5004.753s][info][gc             ] GC(1206) Pause Young (Allocation Failure) 6166M->3867M(6288M) 98.868ms
[5004.753s][info][gc,cpu         ] GC(1206) User=0.56s Sys=0.03s Real=0.09s
..[5007.121s][info][gc,start       ] GC(1207) Pause Young (Allocation Failure)
[5007.223s][info][gc,heap        ] GC(1207) PSYoungGen: 2593312K(2620416K)->144192K(2625024K) Eden: 2451456K(2451456K)->0K(2459136K) From: 141856K(168960K)->144192K(165888K)
[5007.223s][info][gc,heap        ] GC(1207) ParOldGen: 3818214K(3818496K)->3909286K(3909632K)
[5007.223s][info][gc,metaspace   ] GC(1207) Metaspace: 29148K(29504K)->29148K(29504K) NonClass: 24256K(24384K)->24256K(24384K) Class: 4891K(5120K)->4891K(5120K)
[5007.223s][info][gc             ] GC(1207) Pause Young (Allocation Failure) 6261M->3958M(6381M) 101.394ms
[5007.223s][info][gc,cpu         ] GC(1207) User=0.57s Sys=0.02s Real=0.10s
...[5009.650s][info][gc,start       ] GC(1208) Pause Young (Allocation Failure)
[5009.748s][info][gc,heap        ] GC(1208) PSYoungGen: 2603328K(2625024K)->142496K(2624512K) Eden: 2459136K(2459136K)->0K(2459136K) From: 144192K(165888K)->142496K(165376K)
[5009.748s][info][gc,heap        ] GC(1208) ParOldGen: 3909286K(3909632K)->3999734K(3999744K)
[5009.748s][info][gc,metaspace   ] GC(1208) Metaspace: 29148K(29504K)->29148K(29504K) NonClass: 24256K(24384K)->24256K(24384K) Class: 4891K(5120K)->4891K(5120K)
[5009.748s][info][gc             ] GC(1208) Pause Young (Allocation Failure) 6359M->4045M(6469M) 98.642ms
[5009.748s][info][gc,cpu         ] GC(1208) User=0.55s Sys=0.03s Real=0.10s
..[5012.088s][info][gc,start       ] GC(1209) Pause Young (Allocation Failure)
[5012.190s][info][gc,heap        ] GC(1209) PSYoungGen: 2601632K(2624512K)->139840K(2629632K) Eden: 2459136K(2459136K)->0K(2465792K) From: 142496K(165376K)->139840K(163840K)
[5012.190s][info][gc,heap        ] GC(1209) ParOldGen: 3999734K(3999744K)->4093918K(4093952K)
[5012.190s][info][gc,metaspace   ] GC(1209) Metaspace: 29148K(29504K)->29148K(29504K) NonClass: 24256K(24384K)->24256K(24384K) Class: 4891K(5120K)->4891K(5120K)
[5012.190s][info][gc             ] GC(1209) Pause Young (Allocation Failure) 6446M->4134M(6566M) 101.643ms
[5012.190s][info][gc,cpu         ] GC(1209) User=0.56s Sys=0.03s Real=0.10s
...[5014.585s][info][gc,start       ] GC(1210) Pause Young (Allocation Failure)
[5014.689s][info][gc,heap        ] GC(1210) PSYoungGen: 2605632K(2629632K)->153845K(2628608K) Eden: 2465792K(2465792K)->0K(2465792K) From: 139840K(163840K)->153845K(162816K)
[5014.689s][info][gc,heap        ] GC(1210) ParOldGen: 4093918K(4093952K)->4182318K(4182528K)
[5014.689s][info][gc,metaspace   ] GC(1210) Metaspace: 29148K(29504K)->29148K(29504K) NonClass: 24256K(24384K)->24256K(24384K) Class: 4891K(5120K)->4891K(5120K)
[5014.689s][info][gc             ] GC(1210) Pause Young (Allocation Failure) 6542M->4234M(6651M) 104.319ms
[5014.689s][info][gc,cpu         ] GC(1210) User=0.58s Sys=0.04s Real=0.10s
..[5017.035s][info][gc,start       ] GC(1211) Pause Young (Allocation Failure)
[5017.138s][info][gc,heap        ] GC(1211) PSYoungGen: 2619637K(2628608K)->147680K(2632192K) Eden: 2465792K(2465792K)->0K(2467328K) From: 153845K(162816K)->147680K(164864K)
[5017.138s][info][gc,heap        ] GC(1211) ParOldGen: 4182318K(4182528K)->4276654K(4276736K)
[5017.138s][info][gc,metaspace   ] GC(1211) Metaspace: 29148K(29504K)->29148K(29504K) NonClass: 24256K(24384K)->24256K(24384K) Class: 4891K(5120K)->4891K(5120K)
[5017.138s][info][gc             ] GC(1211) Pause Young (Allocation Failure) 6642M->4320M(6747M) 103.155ms
[5017.138s][info][gc,cpu         ] GC(1211) User=0.57s Sys=0.03s Real=0.10s
...[5019.595s][info][gc,start       ] GC(1212) Pause Young (Allocation Failure)
[5019.695s][info][gc,heap        ] GC(1212) PSYoungGen: 2615008K(2632192K)->140256K(2607616K) Eden: 2467328K(2467328K)->0K(2467328K) From: 147680K(164864K)->140256K(140288K)
[5019.695s][info][gc,heap        ] GC(1212) ParOldGen: 4276654K(4276736K)->4367566K(4367872K)
[5019.695s][info][gc,metaspace   ] GC(1212) Metaspace: 29148K(29504K)->29148K(29504K) NonClass: 24256K(24384K)->24256K(24384K) Class: 4891K(5120K)->4891K(5120K)
[5019.695s][info][gc             ] GC(1212) Pause Young (Allocation Failure) 6730M->4402M(6812M) 99.694ms
[5019.695s][info][gc,cpu         ] GC(1212) User=0.56s Sys=0.03s Real=0.10s
..[5022.073s][info][gc,start       ] GC(1213) Pause Young (Allocation Failure)
[5022.177s][info][gc,heap        ] GC(1213) PSYoungGen: 2607584K(2607616K)->149284K(2630656K) Eden: 2467328K(2467328K)->0K(2467840K) From: 140256K(140288K)->149284K(162816K)
[5022.177s][info][gc,heap        ] GC(1213) ParOldGen: 4367566K(4367872K)->4459478K(4459520K)
[5022.177s][info][gc,metaspace   ] GC(1213) Metaspace: 29148K(29504K)->29148K(29504K) NonClass: 24256K(24384K)->24256K(24384K) Class: 4891K(5120K)->4891K(5120K)
[5022.177s][info][gc             ] GC(1213) Pause Young (Allocation Failure) 6811M->4500M(6924M) 104.586ms
[5022.178s][info][gc,cpu         ] GC(1213) User=0.58s Sys=0.03s Real=0.11s
...[5024.511s][info][gc,start       ] GC(1214) Pause Young (Allocation Failure)
[5024.612s][info][gc,heap        ] GC(1214) PSYoungGen: 2617124K(2630656K)->141152K(2630144K) Eden: 2467840K(2467840K)->0K(2467840K) From: 149284K(162816K)->141152K(162304K)
[5024.612s][info][gc,heap        ] GC(1214) ParOldGen: 4459478K(4459520K)->4550782K(4551168K)
[5024.612s][info][gc,metaspace   ] GC(1214) Metaspace: 29148K(29504K)->29148K(29504K) NonClass: 24256K(24384K)->24256K(24384K) Class: 4891K(5120K)->4891K(5120K)
[5024.612s][info][gc             ] GC(1214) Pause Young (Allocation Failure) 6910M->4581M(7013M) 101.289ms
[5024.612s][info][gc,cpu         ] GC(1214) User=0.58s Sys=0.02s Real=0.10s
..[5027.049s][info][gc,start       ] GC(1215) Pause Young (Allocation Failure)
[5027.150s][info][gc,heap        ] GC(1215) PSYoungGen: 2608992K(2630144K)->144704K(2631680K) Eden: 2467840K(2467840K)->0K(2471936K) From: 141152K(162304K)->144704K(159744K)
[5027.150s][info][gc,heap        ] GC(1215) ParOldGen: 4550782K(4551168K)->4643478K(4643840K)
[5027.150s][info][gc,metaspace   ] GC(1215) Metaspace: 29148K(29504K)->29148K(29504K) NonClass: 24256K(24384K)->24256K(24384K) Class: 4891K(5120K)->4891K(5120K)
[5027.150s][info][gc             ] GC(1215) Pause Young (Allocation Failure) 6991M->4675M(7105M) 100.942ms
[5027.150s][info][gc,cpu         ] GC(1215) User=0.56s Sys=0.03s Real=0.10s
...[5029.566s][info][gc,start       ] GC(1216) Pause Young (Allocation Failure)
[5029.666s][info][gc,heap        ] GC(1216) PSYoungGen: 2616640K(2631680K)->141520K(2632192K) Eden: 2471936K(2471936K)->0K(2471936K) From: 144704K(159744K)->141520K(160256K)
[5029.666s][info][gc,heap        ] GC(1216) ParOldGen: 4643478K(4643840K)->4736470K(4736512K)
[5029.666s][info][gc,metaspace   ] GC(1216) Metaspace: 29148K(29504K)->29148K(29504K) NonClass: 24256K(24384K)->24256K(24384K) Class: 4891K(5120K)->4891K(5120K)
[5029.666s][info][gc             ] GC(1216) Pause Young (Allocation Failure) 7089M->4763M(7196M) 100.505ms
[5029.666s][info][gc,cpu         ] GC(1216) User=0.57s Sys=0.02s Real=0.10s
. (rIR:aIR:PR = 8025:8090:8091) (tPR = 119711) [OK] 
  5030s: Performance info:
         Transaction,    Success,    Partial,     Failed,   Receipts, AvgBarcode, 
             Overall,     487735,          0,          0,     463389,      59.47, 
         Response times:
             Request,    Success,    Partial,     Failed,   SkipFail,     Probes,    Samples,      min,      p50,      p90,      p95,      p99,      max, 
       TotalPurchase,     463167,          0,          0,          0,     359988,     466632,      200,     4900,    11000,    25000,    57000,   166000,
     InStorePurchase,     244290,          0,          0,          0,     189209,     245265,      200,     4900,    11000,    25000,    58000,   144000,
      OnlinePurchase,     170421,          0,          0,          0,     133018,     172299,      300,     4800,    10900,    25000,    57000,   166000,
        InstPurchase,      48456,          0,          0,          0,      37761,      49068,      400,     4900,    10800,    23000,    54310,   143000,
          AssocOfCat,        482,          0,          0,          0,        391,        603,    18000,    35000,    54000,    71800,   115720,   144000,
      AssocOfProduct,       4829,          0,          0,          0,       3370,       4581,      600,     5300,    11500,    27000,    58000,   144000,
      BusinessReport,       1203,          0,          0,          0,       1080,       1568,    26000,    41000,    62000,    77000,   147550,   176000,
          CustBuyBeh,       4858,          0,          0,          0,       3303,       4438,      200,     4300,    10700,    26000,    52000,   122000,
       ProductReturn,      12966,          0,          0,          0,      10008,      13328,      200,     5000,    11100,    24000,    61000,   142000,

  5030s: (59%)   IR =   8164 .[5032.099s][info][gc,start       ] GC(1217) Pause Young (Allocation Failure)
[5032.202s][info][gc,heap        ] GC(1217) PSYoungGen: 2613456K(2632192K)->150048K(2634752K) Eden: 2471936K(2471936K)->0K(2475520K) From: 141520K(160256K)->150048K(159232K)
[5032.202s][info][gc,heap        ] GC(1217) ParOldGen: 4736470K(4736512K)->4826510K(4826624K)
[5032.202s][info][gc,metaspace   ] GC(1217) Metaspace: 29148K(29504K)->29148K(29504K) NonClass: 24256K(24384K)->24256K(24384K) Class: 4891K(5120K)->4891K(5120K)
[5032.202s][info][gc             ] GC(1217) Pause Young (Allocation Failure) 7177M->4859M(7286M) 103.289ms
[5032.202s][info][gc,cpu         ] GC(1217) User=0.59s Sys=0.02s Real=0.10s
..[5034.575s][info][gc,start       ] GC(1218) Pause Young (Allocation Failure)
[5034.674s][info][gc,heap        ] GC(1218) PSYoungGen: 2625568K(2634752K)->138624K(2635264K) Eden: 2475520K(2475520K)->0K(2475520K) From: 150048K(159232K)->138624K(159744K)
[5034.674s][info][gc,heap        ] GC(1218) ParOldGen: 4826510K(4826624K)->4919214K(4919296K)
[5034.674s][info][gc,metaspace   ] GC(1218) Metaspace: 29148K(29504K)->29148K(29504K) NonClass: 24256K(24384K)->24256K(24384K) Class: 4891K(5120K)->4891K(5120K)
[5034.674s][info][gc             ] GC(1218) Pause Young (Allocation Failure) 7277M->4939M(7377M) 99.773ms
[5034.674s][info][gc,cpu         ] GC(1218) User=0.55s Sys=0.03s Real=0.10s
...[5037.138s][info][gc,start       ] GC(1219) Pause Young (Allocation Failure)
[5037.242s][info][gc,heap        ] GC(1219) PSYoungGen: 2614144K(2635264K)->152112K(2633728K) Eden: 2475520K(2475520K)->0K(2474496K) From: 138624K(159744K)->152112K(159232K)
[5037.242s][info][gc,heap        ] GC(1219) ParOldGen: 4919214K(4919296K)->5009054K(5009408K)
[5037.242s][info][gc,metaspace   ] GC(1219) Metaspace: 29148K(29504K)->29148K(29504K) NonClass: 24256K(24384K)->24256K(24384K) Class: 4891K(5120K)->4891K(5120K)
[5037.242s][info][gc             ] GC(1219) Pause Young (Allocation Failure) 7356M->5040M(7464M) 104.728ms
[5037.242s][info][gc,cpu         ] GC(1219) User=0.58s Sys=0.03s Real=0.10s
..[5039.511s][info][gc,start       ] GC(1220) Pause Young (Allocation Failure)
[5039.618s][info][gc,heap        ] GC(1220) PSYoungGen: 2626608K(2633728K)->148302K(2635264K) Eden: 2474496K(2474496K)->0K(2474496K) From: 152112K(159232K)->148302K(160768K)
[5039.618s][info][gc,heap        ] GC(1220) ParOldGen: 5009054K(5009408K)->5103878K(5104128K)
[5039.618s][info][gc,metaspace   ] GC(1220) Metaspace: 29148K(29504K)->29148K(29504K) NonClass: 24256K(24384K)->24256K(24384K) Class: 4891K(5120K)->4891K(5120K)
[5039.618s][info][gc             ] GC(1220) Pause Young (Allocation Failure) 7456M->5129M(7558M) 107.041ms
[5039.618s][info][gc,cpu         ] GC(1220) User=0.59s Sys=0.03s Real=0.11s
.|..[5041.926s][info][gc,start       ] GC(1221) Pause Young (Allocation Failure)
[5042.027s][info][gc,heap        ] GC(1221) PSYoungGen: 2622798K(2635264K)->142528K(2632704K) Eden: 2474496K(2474496K)->0K(2475008K) From: 148302K(160768K)->142528K(157696K)
[5042.027s][info][gc,heap        ] GC(1221) ParOldGen: 5103878K(5104128K)->5194862K(5195264K)
[5042.027s][info][gc,metaspace   ] GC(1221) Metaspace: 29148K(29504K)->29148K(29504K) NonClass: 24256K(24384K)->24256K(24384K) Class: 4891K(5120K)->4891K(5120K)
[5042.027s][info][gc             ] GC(1221) Pause Young (Allocation Failure) 7545M->5212M(7644M) 101.380ms
[5042.027s][info][gc,cpu         ] GC(1221) User=0.57s Sys=0.02s Real=0.10s
..[5044.444s][info][gc,start       ] GC(1222) Pause Young (Allocation Failure)
[5044.546s][info][gc,heap        ] GC(1222) PSYoungGen: 2617536K(2632704K)->142560K(2634240K) Eden: 2475008K(2475008K)->0K(2475008K) From: 142528K(157696K)->142560K(159232K)
[5044.546s][info][gc,heap        ] GC(1222) ParOldGen: 5194862K(5195264K)->5286718K(5286912K)
[5044.546s][info][gc,metaspace   ] GC(1222) Metaspace: 29148K(29504K)->29148K(29504K) NonClass: 24256K(24384K)->24256K(24384K) Class: 4891K(5120K)->4891K(5120K)
[5044.546s][info][gc             ] GC(1222) Pause Young (Allocation Failure) 7629M->5302M(7735M) 102.315ms
[5044.546s][info][gc,cpu         ] GC(1222) User=0.58s Sys=0.04s Real=0.10s
...[5046.910s][info][gc,start       ] GC(1223) Pause Young (Allocation Failure)
[5047.013s][info][gc,heap        ] GC(1223) PSYoungGen: 2617568K(2634240K)->144256K(2633216K) Eden: 2475008K(2475008K)->0K(2478080K) From: 142560K(159232K)->144256K(155136K)
[5047.014s][info][gc,heap        ] GC(1223) ParOldGen: 5286718K(5286912K)->5377902K(5378048K)
[5047.014s][info][gc,metaspace   ] GC(1223) Metaspace: 29148K(29504K)->29148K(29504K) NonClass: 24256K(24384K)->24256K(24384K) Class: 4891K(5120K)->4891K(5120K)
[5047.014s][info][gc             ] GC(1223) Pause Young (Allocation Failure) 7719M->5392M(7823M) 103.560ms
[5047.014s][info][gc,cpu         ] GC(1223) User=0.58s Sys=0.02s Real=0.11s
..[5049.437s][info][gc,start       ] GC(1224) Pause Young (Allocation Failure)
[5049.536s][info][gc,heap        ] GC(1224) PSYoungGen: 2622336K(2633216K)->139680K(2635264K) Eden: 2478080K(2478080K)->0K(2478080K) From: 144256K(155136K)->139680K(157184K)
[5049.536s][info][gc,heap        ] GC(1224) ParOldGen: 5377902K(5378048K)->5469382K(5469696K)
[5049.536s][info][gc,metaspace   ] GC(1224) Metaspace: 29148K(29504K)->29148K(29504K) NonClass: 24256K(24384K)->24256K(24384K) Class: 4891K(5120K)->4891K(5120K)
[5049.536s][info][gc             ] GC(1224) Pause Young (Allocation Failure) 7812M->5477M(7915M) 98.589ms
[5049.536s][info][gc,cpu         ] GC(1224) User=0.55s Sys=0.02s Real=0.10s
...[5051.830s][info][gc,start       ] GC(1225) Pause Young (Allocation Failure)
[5051.934s][info][gc,heap        ] GC(1225) PSYoungGen: 2617760K(2635264K)->146056K(2636800K) Eden: 2478080K(2478080K)->0K(2481664K) From: 139680K(157184K)->146056K(155136K)
[5051.934s][info][gc,heap        ] GC(1225) ParOldGen: 5469382K(5469696K)->5563174K(5563392K)
[5051.934s][info][gc,metaspace   ] GC(1225) Metaspace: 29148K(29504K)->29148K(29504K) NonClass: 24256K(24384K)->24256K(24384K) Class: 4891K(5120K)->4891K(5120K)
[5051.934s][info][gc             ] GC(1225) Pause Young (Allocation Failure) 7897M->5575M(8008M) 104.269ms
[5051.934s][info][gc,cpu         ] GC(1225) User=0.60s Sys=0.01s Real=0.11s
..[5054.311s][info][gc,start       ] GC(1226) Pause Full (Allocation Failure)
[5054.311s][info][gc,phases,start] GC(1226) Marking Phase
[5054.603s][info][gc,phases      ] GC(1226) Marking Phase 291.618ms
[5054.603s][info][gc,phases,start] GC(1226) Summary Phase
[5054.603s][info][gc,phases      ] GC(1226) Summary Phase 0.108ms
[5054.603s][info][gc,phases,start] GC(1226) Forward
[5054.726s][info][gc,phases      ] GC(1226) Forward 122.997ms
[5054.726s][info][gc,phases,start] GC(1226) Adjust Pointers
[5054.929s][info][gc,phases      ] GC(1226) Adjust Pointers 203.199ms
[5054.929s][info][gc,phases,start] GC(1226) Compaction Phase
[5055.056s][info][gc,phases      ] GC(1226) Compaction Phase 126.893ms
[5055.058s][info][gc,phases,start] GC(1226) Post Compact
[5055.065s][info][gc,phases      ] GC(1226) Post Compact 6.814ms
[5055.191s][info][gc,heap        ] GC(1226) PSYoungGen: 2627720K(2636800K)->0K(2637824K) Eden: 2481664K(2481664K)->0K(2481664K) From: 146056K(155136K)->0K(156160K)
[5055.191s][info][gc,heap        ] GC(1226) ParOldGen: 5563174K(5563392K)->1422573K(1670656K)
[5055.191s][info][gc,metaspace   ] GC(1226) Metaspace: 29148K(29504K)->29148K(29504K) NonClass: 24256K(24384K)->24256K(24384K) Class: 4891K(5120K)->4891K(5120K)
[5055.191s][info][gc             ] GC(1226) Pause Full (Allocation Failure) 7998M->1389M(4207M) 880.230ms
[5055.191s][info][gc,cpu         ] GC(1226) User=4.05s Sys=0.12s Real=0.88s
..[5056.808s][info][gc,start       ] GC(1227) Pause Young (Allocation Failure)
[5056.873s][info][gc,heap        ] GC(1227) PSYoungGen: 2481664K(2637824K)->145088K(2638848K) Eden: 2481664K(2481664K)->0K(2483712K) From: 0K(156160K)->145088K(155136K)
[5056.873s][info][gc,heap        ] GC(1227) ParOldGen: 1422573K(1670656K)->1422573K(1670656K)
[5056.873s][info][gc,metaspace   ] GC(1227) Metaspace: 29148K(29504K)->29148K(29504K) NonClass: 24256K(24384K)->24256K(24384K) Class: 4891K(5120K)->4891K(5120K)
[5056.873s][info][gc             ] GC(1227) Pause Young (Allocation Failure) 3812M->1530M(4208M) 65.332ms
[5056.873s][info][gc,cpu         ] GC(1227) User=0.38s Sys=0.00s Real=0.06s
..[5059.215s][info][gc,start       ] GC(1228) Pause Young (Allocation Failure)
[5059.307s][info][gc,heap        ] GC(1228) PSYoungGen: 2628800K(2638848K)->141408K(2639360K) Eden: 2483712K(2483712K)->0K(2483712K) From: 145088K(155136K)->141408K(155648K)
[5059.307s][info][gc,heap        ] GC(1228) ParOldGen: 1422573K(1670656K)->1515445K(1670656K)
[5059.307s][info][gc,metaspace   ] GC(1228) Metaspace: 29148K(29504K)->29148K(29504K) NonClass: 24256K(24384K)->24256K(24384K) Class: 4891K(5120K)->4891K(5120K)
[5059.307s][info][gc             ] GC(1228) Pause Young (Allocation Failure) 3956M->1618M(4209M) 92.121ms
[5059.307s][info][gc,cpu         ] GC(1228) User=0.55s Sys=0.00s Real=0.09s
...[5061.678s][info][gc,start       ] GC(1229) Pause Young (Allocation Failure)
[5061.774s][info][gc,heap        ] GC(1229) PSYoungGen: 2625120K(2639360K)->146165K(2639360K) Eden: 2483712K(2483712K)->0K(2485248K) From: 141408K(155648K)->146165K(154112K)
[5061.774s][info][gc,heap        ] GC(1229) ParOldGen: 1515445K(1670656K)->1607061K(1670656K)
[5061.774s][info][gc,metaspace   ] GC(1229) Metaspace: 29148K(29504K)->29148K(29504K) NonClass: 24256K(24384K)->24256K(24384K) Class: 4891K(5120K)->4891K(5120K)
[5061.774s][info][gc             ] GC(1229) Pause Young (Allocation Failure) 4043M->1712M(4209M) 95.948ms
[5061.774s][info][gc,cpu         ] GC(1229) User=0.56s Sys=0.00s Real=0.10s
..[5064.177s][info][gc,start       ] GC(1230) Pause Young (Allocation Failure)
[5064.280s][info][gc,heap        ] GC(1230) PSYoungGen: 2631413K(2639360K)->154597K(2639872K) Eden: 2485248K(2485248K)->0K(2485248K) From: 146165K(154112K)->154597K(154624K)
[5064.280s][info][gc,heap        ] GC(1230) ParOldGen: 1607061K(1670656K)->1699661K(1699840K)
[5064.280s][info][gc,metaspace   ] GC(1230) Metaspace: 29148K(29504K)->29148K(29504K) NonClass: 24256K(24384K)->24256K(24384K) Class: 4891K(5120K)->4891K(5120K)
[5064.280s][info][gc             ] GC(1230) Pause Young (Allocation Failure) 4139M->1810M(4238M) 102.372ms
[5064.280s][info][gc,cpu         ] GC(1230) User=0.59s Sys=0.02s Real=0.10s
...[5066.709s][info][gc,start       ] GC(1231) Pause Young (Allocation Failure)
[5066.809s][info][gc,heap        ] GC(1231) PSYoungGen: 2639845K(2639872K)->149744K(2574336K) Eden: 2485248K(2485248K)->0K(2418176K) From: 154597K(154624K)->149744K(156160K)
[5066.809s][info][gc,heap        ] GC(1231) ParOldGen: 1699661K(1699840K)->1792909K(1793024K)
[5066.809s][info][gc,metaspace   ] GC(1231) Metaspace: 29148K(29504K)->29148K(29504K) NonClass: 24256K(24384K)->24256K(24384K) Class: 4891K(5120K)->4891K(5120K)
[5066.809s][info][gc             ] GC(1231) Pause Young (Allocation Failure) 4237M->1897M(4265M) 100.643ms
[5066.809s][info][gc,cpu         ] GC(1231) User=0.57s Sys=0.02s Real=0.10s
..[5069.140s][info][gc,start       ] GC(1232) Pause Young (Allocation Failure)
[5069.240s][info][gc,heap        ] GC(1232) PSYoungGen: 2567920K(2574336K)->144800K(2607104K) Eden: 2418176K(2418176K)->0K(2418176K) From: 149744K(156160K)->144800K(188928K)
[5069.240s][info][gc,heap        ] GC(1232) ParOldGen: 1792909K(1793024K)->1884965K(1885184K)
[5069.240s][info][gc,metaspace   ] GC(1232) Metaspace: 29148K(29504K)->29148K(29504K) NonClass: 24256K(24384K)->24256K(24384K) Class: 4891K(5120K)->4891K(5120K)
[5069.240s][info][gc             ] GC(1232) Pause Young (Allocation Failure) 4258M->1982M(4387M) 99.473ms
[5069.240s][info][gc,cpu         ] GC(1232) User=0.56s Sys=0.03s Real=0.10s
...[5071.611s][info][gc,start       ] GC(1233) Pause Young (Allocation Failure)
[5071.706s][info][gc,heap        ] GC(1233) PSYoungGen: 2562976K(2607104K)->136960K(2604032K) Eden: 2418176K(2418176K)->0K(2420224K) From: 144800K(188928K)->136960K(183808K)
[5071.706s][info][gc,heap        ] GC(1233) ParOldGen: 1884965K(1885184K)->1977285K(1977344K)
[5071.706s][info][gc,metaspace   ] GC(1233) Metaspace: 29148K(29504K)->29148K(29504K) NonClass: 24256K(24384K)->24256K(24384K) Class: 4891K(5120K)->4891K(5120K)
[5071.706s][info][gc             ] GC(1233) Pause Young (Allocation Failure) 4343M->2064M(4474M) 95.346ms
[5071.706s][info][gc,cpu         ] GC(1233) User=0.55s Sys=0.02s Real=0.10s
..[5074.000s][info][gc,start       ] GC(1234) Pause Young (Allocation Failure)
[5074.097s][info][gc,heap        ] GC(1234) PSYoungGen: 2557184K(2604032K)->141216K(2606592K) Eden: 2420224K(2420224K)->0K(2420224K) From: 136960K(183808K)->141216K(186368K)
[5074.098s][info][gc,heap        ] GC(1234) ParOldGen: 1977285K(1977344K)->2068469K(2068480K)
[5074.098s][info][gc,metaspace   ] GC(1234) Metaspace: 29148K(29504K)->29148K(29504K) NonClass: 24256K(24384K)->24256K(24384K) Class: 4891K(5120K)->4891K(5120K)
[5074.098s][info][gc             ] GC(1234) Pause Young (Allocation Failure) 4428M->2157M(4565M) 97.631ms
[5074.098s][info][gc,cpu         ] GC(1234) User=0.54s Sys=0.03s Real=0.10s
...[5076.437s][info][gc,start       ] GC(1235) Pause Young (Allocation Failure)
[5076.535s][info][gc,heap        ] GC(1235) PSYoungGen: 2561440K(2606592K)->138816K(2605568K) Eden: 2420224K(2420224K)->0K(2424832K) From: 141216K(186368K)->138816K(180736K)
[5076.535s][info][gc,heap        ] GC(1235) ParOldGen: 2068469K(2068480K)->2160421K(2160640K)
[5076.535s][info][gc,metaspace   ] GC(1235) Metaspace: 29148K(29504K)->29148K(29504K) NonClass: 24256K(24384K)->24256K(24384K) Class: 4891K(5120K)->4891K(5120K)
[5076.535s][info][gc             ] GC(1235) Pause Young (Allocation Failure) 4521M->2245M(4654M) 97.542ms
[5076.535s][info][gc,cpu         ] GC(1235) User=0.54s Sys=0.03s Real=0.10s
..[5078.844s][info][gc,start       ] GC(1236) Pause Young (Allocation Failure)
[5078.942s][info][gc,heap        ] GC(1236) PSYoungGen: 2563648K(2605568K)->141536K(2608128K) Eden: 2424832K(2424832K)->0K(2424832K) From: 138816K(180736K)->141536K(183296K)
[5078.942s][info][gc,heap        ] GC(1236) ParOldGen: 2160421K(2160640K)->2248917K(2249216K)
[5078.942s][info][gc,metaspace   ] GC(1236) Metaspace: 29148K(29504K)->29148K(29504K) NonClass: 24256K(24384K)->24256K(24384K) Class: 4891K(5120K)->4891K(5120K)
[5078.942s][info][gc             ] GC(1236) Pause Young (Allocation Failure) 4613M->2334M(4743M) 97.976ms
[5078.942s][info][gc,cpu         ] GC(1236) User=0.54s Sys=0.02s Real=0.09s
..[5081.282s][info][gc,start       ] GC(1237) Pause Young (Allocation Failure)
[5081.379s][info][gc,heap        ] GC(1237) PSYoungGen: 2566368K(2608128K)->139220K(2609152K) Eden: 2424832K(2424832K)->0K(2431488K) From: 141536K(183296K)->139220K(177664K)
[5081.379s][info][gc,heap        ] GC(1237) ParOldGen: 2248917K(2249216K)->2340261K(2340352K)
[5081.379s][info][gc,metaspace   ] GC(1237) Metaspace: 29148K(29504K)->29148K(29504K) NonClass: 24256K(24384K)->24256K(24384K) Class: 4891K(5120K)->4891K(5120K)
[5081.379s][info][gc             ] GC(1237) Pause Young (Allocation Failure) 4702M->2421M(4833M) 97.507ms
[5081.379s][info][gc,cpu         ] GC(1237) User=0.55s Sys=0.02s Real=0.10s
...[5083.727s][info][gc,start       ] GC(1238) Pause Young (Allocation Failure)
[5083.822s][info][gc,heap        ] GC(1238) PSYoungGen: 2570708K(2609152K)->137664K(2611200K) Eden: 2431488K(2431488K)->0K(2431488K) From: 139220K(177664K)->137664K(179712K)
[5083.822s][info][gc,heap        ] GC(1238) ParOldGen: 2340261K(2340352K)->2432021K(2432512K)
[5083.822s][info][gc,metaspace   ] GC(1238) Metaspace: 29148K(29504K)->29148K(29504K) NonClass: 24256K(24384K)->24256K(24384K) Class: 4891K(5120K)->4891K(5120K)
[5083.822s][info][gc             ] GC(1238) Pause Young (Allocation Failure) 4795M->2509M(4925M) 95.202ms
[5083.822s][info][gc,cpu         ] GC(1238) User=0.54s Sys=0.02s Real=0.09s
..[5086.074s][info][gc,start       ] GC(1239) Pause Young (Allocation Failure)
[5086.175s][info][gc,heap        ] GC(1239) PSYoungGen: 2569152K(2611200K)->145780K(2609664K) Eden: 2431488K(2431488K)->0K(2438144K) From: 137664K(179712K)->145780K(171520K)
[5086.175s][info][gc,heap        ] GC(1239) ParOldGen: 2432021K(2432512K)->2523981K(2524160K)
[5086.175s][info][gc,metaspace   ] GC(1239) Metaspace: 29148K(29504K)->29148K(29504K) NonClass: 24256K(24384K)->24256K(24384K) Class: 4891K(5120K)->4891K(5120K)
[5086.175s][info][gc             ] GC(1239) Pause Young (Allocation Failure) 4883M->2607M(5013M) 100.907ms
[5086.175s][info][gc,cpu         ] GC(1239) User=0.55s Sys=0.04s Real=0.10s
...[5088.598s][info][gc,start       ] GC(1240) Pause Young (Allocation Failure)
[5088.699s][info][gc,heap        ] GC(1240) PSYoungGen: 2583924K(2609664K)->146912K(2613248K) Eden: 2438144K(2438144K)->0K(2438144K) From: 145780K(171520K)->146912K(175104K)
[5088.699s][info][gc,heap        ] GC(1240) ParOldGen: 2523981K(2524160K)->2612861K(2613248K)
[5088.699s][info][gc,metaspace   ] GC(1240) Metaspace: 29148K(29504K)->29148K(29504K) NonClass: 24256K(24384K)->24256K(24384K) Class: 4891K(5120K)->4891K(5120K)
[5088.699s][info][gc             ] GC(1240) Pause Young (Allocation Failure) 4988M->2695M(5104M) 100.437ms
[5088.699s][info][gc,cpu         ] GC(1240) User=0.56s Sys=0.03s Real=0.10s
..[5090.993s][info][gc,start       ] GC(1241) Pause Young (Allocation Failure)
[5091.097s][info][gc,heap        ] GC(1241) PSYoungGen: 2585056K(2613248K)->150883K(2617856K) Eden: 2438144K(2438144K)->0K(2448384K) From: 146912K(175104K)->150883K(169472K)
[5091.097s][info][gc,heap        ] GC(1241) ParOldGen: 2612861K(2613248K)->2704989K(2705408K)
[5091.097s][info][gc,metaspace   ] GC(1241) Metaspace: 29148K(29504K)->29148K(29504K) NonClass: 24256K(24384K)->24256K(24384K) Class: 4891K(5120K)->4891K(5120K)
[5091.097s][info][gc             ] GC(1241) Pause Young (Allocation Failure) 5076M->2788M(5198M) 104.232ms
[5091.097s][info][gc,cpu         ] GC(1241) User=0.59s Sys=0.03s Real=0.11s
..[5093.346s][info][gc,start       ] GC(1242) Pause Young (Allocation Failure)
[5093.445s][info][gc,heap        ] GC(1242) PSYoungGen: 2599267K(2617856K)->144992K(2619904K) Eden: 2448384K(2448384K)->0K(2448384K) From: 150883K(169472K)->144992K(171520K)
[5093.445s][info][gc,heap        ] GC(1242) ParOldGen: 2704989K(2705408K)->2795189K(2795520K)
[5093.445s][info][gc,metaspace   ] GC(1242) Metaspace: 29148K(29504K)->29148K(29504K) NonClass: 24256K(24384K)->24256K(24384K) Class: 4891K(5120K)->4891K(5120K)
[5093.445s][info][gc             ] GC(1242) Pause Young (Allocation Failure) 5179M->2871M(5288M) 99.124ms
[5093.445s][info][gc,cpu         ] GC(1242) User=0.57s Sys=0.02s Real=0.10s
...[5095.798s][info][gc,start       ] GC(1243) Pause Young (Allocation Failure)
[5095.901s][info][gc,heap        ] GC(1243) PSYoungGen: 2593376K(2619904K)->150468K(2622464K) Eden: 2448384K(2448384K)->0K(2455040K) From: 144992K(171520K)->150468K(167424K)
[5095.901s][info][gc,heap        ] GC(1243) ParOldGen: 2795189K(2795520K)->2888053K(2888192K)
[5095.901s][info][gc,metaspace   ] GC(1243) Metaspace: 29148K(29504K)->29148K(29504K) NonClass: 24256K(24384K)->24256K(24384K) Class: 4891K(5120K)->4891K(5120K)
[5095.901s][info][gc             ] GC(1243) Pause Young (Allocation Failure) 5262M->2967M(5381M) 102.363ms
[5095.901s][info][gc,cpu         ] GC(1243) User=0.58s Sys=0.03s Real=0.10s
..[5098.281s][info][gc,start       ] GC(1244) Pause Young (Allocation Failure)
[5098.379s][info][gc,heap        ] GC(1244) PSYoungGen: 2605508K(2622464K)->143392K(2623488K) Eden: 2455040K(2455040K)->0K(2455040K) From: 150468K(167424K)->143392K(168448K)
[5098.379s][info][gc,heap        ] GC(1244) ParOldGen: 2888053K(2888192K)->2978901K(2979328K)
[5098.379s][info][gc,metaspace   ] GC(1244) Metaspace: 29148K(29504K)->29148K(29504K) NonClass: 24256K(24384K)->24256K(24384K) Class: 4891K(5120K)->4891K(5120K)
[5098.379s][info][gc             ] GC(1244) Pause Young (Allocation Failure) 5364M->3049M(5471M) 97.956ms
[5098.379s][info][gc,cpu         ] GC(1244) User=0.55s Sys=0.03s Real=0.10s
... (rIR:aIR:PR = 8164:8194:8194) (tPR = 122219) [OK] 
  5100s: Performance info:
         Transaction,    Success,    Partial,     Failed,   Receipts, AvgBarcode, 
             Overall,     497800,          0,          0,     473012,      59.48, 
         Response times:
             Request,    Success,    Partial,     Failed,   SkipFail,     Probes,    Samples,      min,      p50,      p90,      p95,      p99,      max, 
       TotalPurchase,     473008,          0,          0,          0,     358439,     421094,      200,     5000,    15900,    40000,   313000,   960000,
     InStorePurchase,     249084,          0,          0,          0,     187873,     220352,      200,     4800,    15800,    39000,   319000,   930000,
      OnlinePurchase,     174370,          0,          0,          0,     132354,     155748,      300,     5200,    16200,    41000,   313000,   960000,
        InstPurchase,      49554,          0,          0,          0,      38212,      44994,      300,     5100,    15800,    40000,   322000,   960000,
          AssocOfCat,        497,          0,          0,          0,        408,        568,    19900,    33000,    51000,    74100,   147620,   156000,
      AssocOfProduct,       4958,          0,          0,          0,       3465,       4282,      600,     5700,    16070,    40000,   374000,   393000,
      BusinessReport,       1235,          0,          0,          0,       1097,       1397,    24000,    44000,    81000,   125000,   170020,  1100000,
          CustBuyBeh,       4994,          0,          0,          0,       3459,       4234,      700,     5800,    19300,    44000,   362000,   380000,
       ProductReturn,      13104,          0,          0,          0,      10150,      12169,      200,     4300,    15200,    37000,   373000,   890000,

  5100s: (60%)   IR =   8302 [5100.743s][info][gc,start       ] GC(1245) Pause Young (Allocation Failure)
[5100.845s][info][gc,heap        ] GC(1245) PSYoungGen: 2598432K(2623488K)->148116K(2625024K) Eden: 2455040K(2455040K)->0K(2460672K) From: 143392K(168448K)->148116K(164352K)
[5100.846s][info][gc,heap        ] GC(1245) ParOldGen: 2978901K(2979328K)->3072525K(3073024K)
[5100.846s][info][gc,metaspace   ] GC(1245) Metaspace: 29148K(29504K)->29148K(29504K) NonClass: 24256K(24384K)->24256K(24384K) Class: 4891K(5120K)->4891K(5120K)
[5100.846s][info][gc             ] GC(1245) Pause Young (Allocation Failure) 5446M->3145M(5564M) 102.120ms
[5100.846s][info][gc,cpu         ] GC(1245) User=0.57s Sys=0.04s Real=0.10s
..[5103.124s][info][gc,start       ] GC(1246) Pause Young (Allocation Failure)
[5103.229s][info][gc,heap        ] GC(1246) PSYoungGen: 2608788K(2625024K)->150148K(2626048K) Eden: 2460672K(2460672K)->0K(2460672K) From: 148116K(164352K)->150148K(165376K)
[5103.229s][info][gc,heap        ] GC(1246) ParOldGen: 3072525K(3073024K)->3165509K(3165696K)
[5103.229s][info][gc,metaspace   ] GC(1246) Metaspace: 29148K(29504K)->29148K(29504K) NonClass: 24256K(24384K)->24256K(24384K) Class: 4891K(5120K)->4891K(5120K)
[5103.229s][info][gc             ] GC(1246) Pause Young (Allocation Failure) 5548M->3237M(5656M) 104.572ms
[5103.229s][info][gc,cpu         ] GC(1246) User=0.58s Sys=0.03s Real=0.10s
...[5105.650s][info][gc,start       ] GC(1247) Pause Young (Allocation Failure)
[5105.748s][info][gc,heap        ] GC(1247) PSYoungGen: 2610820K(2626048K)->140064K(2629120K) Eden: 2460672K(2460672K)->0K(2465792K) From: 150148K(165376K)->140064K(163328K)
[5105.748s][info][gc,heap        ] GC(1247) ParOldGen: 3165509K(3165696K)->3257157K(3257344K)
[5105.748s][info][gc,metaspace   ] GC(1247) Metaspace: 29148K(29504K)->29148K(29504K) NonClass: 24256K(24384K)->24256K(24384K) Class: 4891K(5120K)->4891K(5120K)
[5105.748s][info][gc             ] GC(1247) Pause Young (Allocation Failure) 5640M->3317M(5748M) 97.607ms
[5105.748s][info][gc,cpu         ] GC(1247) User=0.55s Sys=0.03s Real=0.10s
..[5108.052s][info][gc,start       ] GC(1248) Pause Young (Allocation Failure)
[5108.155s][info][gc,heap        ] GC(1248) PSYoungGen: 2605856K(2629120K)->151092K(2630144K) Eden: 2465792K(2465792K)->0K(2465792K) From: 140064K(163328K)->151092K(164352K)
[5108.155s][info][gc,heap        ] GC(1248) ParOldGen: 3257157K(3257344K)->3348221K(3348480K)
[5108.155s][info][gc,metaspace   ] GC(1248) Metaspace: 29148K(29504K)->29148K(29504K) NonClass: 24256K(24384K)->24256K(24384K) Class: 4891K(5120K)->4891K(5120K)
[5108.155s][info][gc             ] GC(1248) Pause Young (Allocation Failure) 5725M->3417M(5838M) 102.605ms
[5108.155s][info][gc,cpu         ] GC(1248) User=0.59s Sys=0.02s Real=0.11s
..[5109.924s][info][gc,start       ] GC(1249) Pause Full (Diagnostic Command)
[5109.924s][info][gc,phases,start] GC(1249) Marking Phase
[5110.214s][info][gc,phases      ] GC(1249) Marking Phase 289.933ms
[5110.214s][info][gc,phases,start] GC(1249) Summary Phase
[5110.214s][info][gc,phases      ] GC(1249) Summary Phase 0.070ms
[5110.214s][info][gc,phases,start] GC(1249) Forward
[5110.402s][info][gc,phases      ] GC(1249) Forward 187.851ms
[5110.402s][info][gc,phases,start] GC(1249) Adjust Pointers
[5110.614s][info][gc,phases      ] GC(1249) Adjust Pointers 212.008ms
[5110.614s][info][gc,phases,start] GC(1249) Compaction Phase
[5110.772s][info][gc,phases      ] GC(1249) Compaction Phase 158.234ms
[5110.775s][info][gc,phases,start] GC(1249) Post Compact
[5110.779s][info][gc,phases      ] GC(1249) Post Compact 4.456ms
[5110.779s][info][gc,heap        ] GC(1249) PSYoungGen: 2000478K(2630144K)->0K(2630144K) Eden: 1849385K(2465792K)->0K(2465792K) From: 151092K(164352K)->0K(164352K)
[5110.779s][info][gc,heap        ] GC(1249) ParOldGen: 3348221K(3348480K)->1147605K(3348480K)
[5110.779s][info][gc,metaspace   ] GC(1249) Metaspace: 29148K(29504K)->29148K(29504K) NonClass: 24256K(24384K)->24256K(24384K) Class: 4891K(5120K)->4891K(5120K)
[5110.779s][info][gc             ] GC(1249) Pause Full (Diagnostic Command) 5223M->1120M(5838M) 855.488ms
[5110.779s][info][gc,cpu         ] GC(1249) User=4.41s Sys=0.00s Real=0.85s
..[5112.315s][info][gc,start       ] GC(1250) Pause Young (Allocation Failure)
[5112.384s][info][gc,heap        ] GC(1250) PSYoungGen: 2465792K(2630144K)->148368K(2629632K) Eden: 2465792K(2465792K)->0K(2467328K) From: 0K(164352K)->148368K(162304K)
[5112.384s][info][gc,heap        ] GC(1250) ParOldGen: 1147605K(3348480K)->1147605K(3348480K)
[5112.384s][info][gc,metaspace   ] GC(1250) Metaspace: 29148K(29504K)->29148K(29504K) NonClass: 24256K(24384K)->24256K(24384K) Class: 4891K(5120K)->4891K(5120K)
[5112.384s][info][gc             ] GC(1250) Pause Young (Allocation Failure) 3528M->1265M(5838M) 68.884ms
[5112.384s][info][gc,cpu         ] GC(1250) User=0.40s Sys=0.00s Real=0.07s
..[5114.735s][info][gc,start       ] GC(1251) Pause Young (Allocation Failure)
[5114.827s][info][gc,heap        ] GC(1251) PSYoungGen: 2615696K(2629632K)->138144K(2630656K) Eden: 2467328K(2467328K)->0K(2467328K) From: 148368K(162304K)->138144K(163328K)
[5114.827s][info][gc,heap        ] GC(1251) ParOldGen: 1147605K(3348480K)->1239797K(3348480K)
[5114.827s][info][gc,metaspace   ] GC(1251) Metaspace: 29148K(29504K)->29148K(29504K) NonClass: 24256K(24384K)->24256K(24384K) Class: 4891K(5120K)->4891K(5120K)
[5114.827s][info][gc             ] GC(1251) Pause Young (Allocation Failure) 3675M->1345M(5839M) 91.274ms
[5114.827s][info][gc,cpu         ] GC(1251) User=0.54s Sys=0.00s Real=0.09s
...[5117.184s][info][gc,start       ] GC(1252) Pause Young (Allocation Failure)
[5117.280s][info][gc,heap        ] GC(1252) PSYoungGen: 2605472K(2630656K)->149888K(2631680K) Eden: 2467328K(2467328K)->0K(2469376K) From: 138144K(163328K)->149888K(162304K)
[5117.280s][info][gc,heap        ] GC(1252) ParOldGen: 1239797K(3348480K)->1328701K(3348480K)
[5117.280s][info][gc,metaspace   ] GC(1252) Metaspace: 29148K(29504K)->29148K(29504K) NonClass: 24256K(24384K)->24256K(24384K) Class: 4891K(5120K)->4891K(5120K)
[5117.280s][info][gc             ] GC(1252) Pause Young (Allocation Failure) 3755M->1443M(5840M) 96.597ms
[5117.280s][info][gc,cpu         ] GC(1252) User=0.56s Sys=0.00s Real=0.09s
..|[5119.637s][info][gc,start       ] GC(1253) Pause Young (Allocation Failure)
[5119.735s][info][gc,heap        ] GC(1253) PSYoungGen: 2619264K(2631680K)->146889K(2632192K) Eden: 2469376K(2469376K)->0K(2469376K) From: 149888K(162304K)->146889K(162816K)
[5119.735s][info][gc,heap        ] GC(1253) ParOldGen: 1328701K(3348480K)->1421677K(3348480K)
[5119.735s][info][gc,metaspace   ] GC(1253) Metaspace: 29148K(29504K)->29148K(29504K) NonClass: 24256K(24384K)->24256K(24384K) Class: 4891K(5120K)->4891K(5120K)
[5119.735s][info][gc             ] GC(1253) Pause Young (Allocation Failure) 3855M->1531M(5840M) 97.826ms
[5119.735s][info][gc,cpu         ] GC(1253) User=0.58s Sys=0.00s Real=0.10s
...[5122.067s][info][gc,start       ] GC(1254) Pause Young (Allocation Failure)
[5122.166s][info][gc,heap        ] GC(1254) PSYoungGen: 2616265K(2632192K)->149605K(2632704K) Eden: 2469376K(2469376K)->0K(2471424K) From: 146889K(162816K)->149605K(161280K)
[5122.166s][info][gc,heap        ] GC(1254) ParOldGen: 1421677K(3348480K)->1514093K(3348480K)
[5122.166s][info][gc,metaspace   ] GC(1254) Metaspace: 29148K(29504K)->29148K(29504K) NonClass: 24256K(24384K)->24256K(24384K) Class: 4891K(5120K)->4891K(5120K)
[5122.166s][info][gc             ] GC(1254) Pause Young (Allocation Failure) 3943M->1624M(5841M) 99.176ms
[5122.166s][info][gc,cpu         ] GC(1254) User=0.58s Sys=0.00s Real=0.10s
..[5124.549s][info][gc,start       ] GC(1255) Pause Young (Allocation Failure)
[5124.641s][info][gc,heap        ] GC(1255) PSYoungGen: 2621029K(2632704K)->137056K(2632192K) Eden: 2471424K(2471424K)->0K(2471424K) From: 149605K(161280K)->137056K(160768K)
[5124.641s][info][gc,heap        ] GC(1255) ParOldGen: 1514093K(3348480K)->1607405K(3348480K)
[5124.641s][info][gc,metaspace   ] GC(1255) Metaspace: 29148K(29504K)->29148K(29504K) NonClass: 24256K(24384K)->24256K(24384K) Class: 4891K(5120K)->4891K(5120K)
[5124.641s][info][gc             ] GC(1255) Pause Young (Allocation Failure) 4038M->1703M(5840M) 91.803ms
[5124.641s][info][gc,cpu         ] GC(1255) User=0.54s Sys=0.00s Real=0.09s
...[5126.928s][info][gc,start       ] GC(1256) Pause Young (Allocation Failure)
[5127.023s][info][gc,heap        ] GC(1256) PSYoungGen: 2608480K(2632192K)->147092K(2633728K) Eden: 2471424K(2471424K)->0K(2473984K) From: 137056K(160768K)->147092K(159744K)
[5127.023s][info][gc,heap        ] GC(1256) ParOldGen: 1607405K(3348480K)->1697989K(3348480K)
[5127.023s][info][gc,metaspace   ] GC(1256) Metaspace: 29148K(29504K)->29148K(29504K) NonClass: 24256K(24384K)->24256K(24384K) Class: 4891K(5120K)->4891K(5120K)
[5127.023s][info][gc             ] GC(1256) Pause Young (Allocation Failure) 4117M->1801M(5842M) 95.432ms
[5127.024s][info][gc,cpu         ] GC(1256) User=0.56s Sys=0.00s Real=0.10s
..[5129.371s][info][gc,start       ] GC(1257) Pause Young (Allocation Failure)
[5129.462s][info][gc,heap        ] GC(1257) PSYoungGen: 2621076K(2633728K)->139520K(2634240K) Eden: 2473984K(2473984K)->0K(2473984K) From: 147092K(159744K)->139520K(160256K)
[5129.462s][info][gc,heap        ] GC(1257) ParOldGen: 1697989K(3348480K)->1789397K(3348480K)
[5129.462s][info][gc,metaspace   ] GC(1257) Metaspace: 29148K(29504K)->29148K(29504K) NonClass: 24256K(24384K)->24256K(24384K) Class: 4891K(5120K)->4891K(5120K)
[5129.462s][info][gc             ] GC(1257) Pause Young (Allocation Failure) 4217M->1883M(5842M) 91.463ms
[5129.462s][info][gc,cpu         ] GC(1257) User=0.54s Sys=0.00s Real=0.09s
..[5131.834s][info][gc,start       ] GC(1258) Pause Young (Allocation Failure)
[5131.930s][info][gc,heap        ] GC(1258) PSYoungGen: 2613504K(2634240K)->144148K(2633728K) Eden: 2473984K(2473984K)->0K(2476032K) From: 139520K(160256K)->144148K(157696K)
[5131.930s][info][gc,heap        ] GC(1258) ParOldGen: 1789397K(3348480K)->1880445K(3348480K)
[5131.930s][info][gc,metaspace   ] GC(1258) Metaspace: 29148K(29504K)->29148K(29504K) NonClass: 24256K(24384K)->24256K(24384K) Class: 4891K(5120K)->4891K(5120K)
[5131.930s][info][gc             ] GC(1258) Pause Young (Allocation Failure) 4299M->1977M(5842M) 96.811ms
[5131.931s][info][gc,cpu         ] GC(1258) User=0.56s Sys=0.01s Real=0.09s
...[5134.264s][info][gc,start       ] GC(1259) Pause Young (Allocation Failure)
[5134.354s][info][gc,heap        ] GC(1259) PSYoungGen: 2620180K(2633728K)->137920K(2634752K) Eden: 2476032K(2476032K)->0K(2476032K) From: 144148K(157696K)->137920K(158720K)
[5134.355s][info][gc,heap        ] GC(1259) ParOldGen: 1880445K(3348480K)->1970565K(3348480K)
[5134.355s][info][gc,metaspace   ] GC(1259) Metaspace: 29148K(29504K)->29148K(29504K) NonClass: 24256K(24384K)->24256K(24384K) Class: 4891K(5120K)->4891K(5120K)
[5134.355s][info][gc             ] GC(1259) Pause Young (Allocation Failure) 4395M->2059M(5843M) 90.919ms
[5134.355s][info][gc,cpu         ] GC(1259) User=0.54s Sys=0.00s Real=0.09s
..[5136.749s][info][gc,start       ] GC(1260) Pause Young (Allocation Failure)
[5136.845s][info][gc,heap        ] GC(1260) PSYoungGen: 2613952K(2634752K)->148192K(2637312K) Eden: 2476032K(2476032K)->0K(2478592K) From: 137920K(158720K)->148192K(158720K)
[5136.845s][info][gc,heap        ] GC(1260) ParOldGen: 1970565K(3348480K)->2063029K(3348480K)
[5136.845s][info][gc,metaspace   ] GC(1260) Metaspace: 29148K(29504K)->29148K(29504K) NonClass: 24256K(24384K)->24256K(24384K) Class: 4891K(5120K)->4891K(5120K)
[5136.845s][info][gc             ] GC(1260) Pause Young (Allocation Failure) 4477M->2159M(5845M) 96.432ms
[5136.845s][info][gc,cpu         ] GC(1260) User=0.57s Sys=0.00s Real=0.10s
...[5139.259s][info][gc,start       ] GC(1261) Pause Young (Allocation Failure)
[5139.354s][info][gc,heap        ] GC(1261) PSYoungGen: 2626784K(2637312K)->142180K(2620928K) Eden: 2478592K(2478592K)->0K(2478592K) From: 148192K(158720K)->142180K(142336K)
[5139.354s][info][gc,heap        ] GC(1261) ParOldGen: 2063029K(3348480K)->2154965K(3348480K)
[5139.354s][info][gc,metaspace   ] GC(1261) Metaspace: 29148K(29504K)->29148K(29504K) NonClass: 24256K(24384K)->24256K(24384K) Class: 4891K(5120K)->4891K(5120K)
[5139.354s][info][gc             ] GC(1261) Pause Young (Allocation Failure) 4579M->2243M(5829M) 95.466ms
[5139.354s][info][gc,cpu         ] GC(1261) User=0.57s Sys=0.00s Real=0.10s
..[5141.649s][info][gc,start       ] GC(1262) Pause Young (Allocation Failure)
[5141.746s][info][gc,heap        ] GC(1262) PSYoungGen: 2620772K(2620928K)->149072K(2635776K) Eden: 2478592K(2478592K)->0K(2478080K) From: 142180K(142336K)->149072K(157696K)
[5141.746s][info][gc,heap        ] GC(1262) ParOldGen: 2154965K(3348480K)->2247469K(3348480K)
[5141.746s][info][gc,metaspace   ] GC(1262) Metaspace: 29148K(29504K)->29148K(29504K) NonClass: 24256K(24384K)->24256K(24384K) Class: 4891K(5120K)->4891K(5120K)
[5141.746s][info][gc             ] GC(1262) Pause Young (Allocation Failure) 4663M->2340M(5844M) 97.537ms
[5141.746s][info][gc,cpu         ] GC(1262) User=0.58s Sys=0.00s Real=0.10s
...[5144.032s][info][gc,start       ] GC(1263) Pause Young (Allocation Failure)
[5144.128s][info][gc,heap        ] GC(1263) PSYoungGen: 2627152K(2635776K)->148112K(2636288K) Eden: 2478080K(2478080K)->0K(2478080K) From: 149072K(157696K)->148112K(158208K)
[5144.128s][info][gc,heap        ] GC(1263) ParOldGen: 2247469K(3348480K)->2339445K(3348480K)
[5144.128s][info][gc,metaspace   ] GC(1263) Metaspace: 29148K(29504K)->29148K(29504K) NonClass: 24256K(24384K)->24256K(24384K) Class: 4891K(5120K)->4891K(5120K)
[5144.128s][info][gc             ] GC(1263) Pause Young (Allocation Failure) 4760M->2429M(5844M) 96.782ms
[5144.128s][info][gc,cpu         ] GC(1263) User=0.58s Sys=0.00s Real=0.10s
..[5146.449s][info][gc,start       ] GC(1264) Pause Young (Allocation Failure)
[5146.546s][info][gc,heap        ] GC(1264) PSYoungGen: 2626192K(2636288K)->143268K(2636800K) Eden: 2478080K(2478080K)->0K(2480128K) From: 148112K(158208K)->143268K(156672K)
[5146.546s][info][gc,heap        ] GC(1264) ParOldGen: 2339445K(3348480K)->2432325K(3348480K)
[5146.546s][info][gc,metaspace   ] GC(1264) Metaspace: 29148K(29504K)->29148K(29504K) NonClass: 24256K(24384K)->24256K(24384K) Class: 4891K(5120K)->4891K(5120K)
[5146.546s][info][gc             ] GC(1264) Pause Young (Allocation Failure) 4849M->2515M(5845M) 96.991ms
[5146.546s][info][gc,cpu         ] GC(1264) User=0.57s Sys=0.00s Real=0.10s
..[5148.921s][info][gc,start       ] GC(1265) Pause Young (Allocation Failure)
[5149.019s][info][gc,heap        ] GC(1265) PSYoungGen: 2623396K(2636800K)->151168K(2637312K) Eden: 2480128K(2480128K)->0K(2480128K) From: 143268K(156672K)->151168K(157184K)
[5149.019s][info][gc,heap        ] GC(1265) ParOldGen: 2432325K(3348480K)->2523597K(3348480K)
[5149.019s][info][gc,metaspace   ] GC(1265) Metaspace: 29148K(29504K)->29148K(29504K) NonClass: 24256K(24384K)->24256K(24384K) Class: 4891K(5120K)->4891K(5120K)
[5149.019s][info][gc             ] GC(1265) Pause Young (Allocation Failure) 4937M->2612M(5845M) 97.944ms
[5149.019s][info][gc,cpu         ] GC(1265) User=0.58s Sys=0.00s Real=0.10s
...[5151.371s][info][gc,start       ] GC(1266) Pause Young (Allocation Failure)
[5151.466s][info][gc,heap        ] GC(1266) PSYoungGen: 2631296K(2637312K)->143008K(2637824K) Eden: 2480128K(2480128K)->0K(2480640K) From: 151168K(157184K)->143008K(157184K)
[5151.466s][info][gc,heap        ] GC(1266) ParOldGen: 2523597K(3348480K)->2615453K(3348480K)
[5151.466s][info][gc,metaspace   ] GC(1266) Metaspace: 29148K(29504K)->29148K(29504K) NonClass: 24256K(24384K)->24256K(24384K) Class: 4891K(5120K)->4891K(5120K)
[5151.466s][info][gc             ] GC(1266) Pause Young (Allocation Failure) 5034M->2693M(5846M) 95.095ms
[5151.466s][info][gc,cpu         ] GC(1266) User=0.57s Sys=0.00s Real=0.10s
..[5153.702s][info][gc,start       ] GC(1267) Pause Young (Allocation Failure)
[5153.799s][info][gc,heap        ] GC(1267) PSYoungGen: 2623648K(2637824K)->146816K(2637824K) Eden: 2480640K(2480640K)->0K(2480640K) From: 143008K(157184K)->146816K(157184K)
[5153.799s][info][gc,heap        ] GC(1267) ParOldGen: 2615453K(3348480K)->2707005K(3348480K)
[5153.799s][info][gc,metaspace   ] GC(1267) Metaspace: 29148K(29504K)->29148K(29504K) NonClass: 24256K(24384K)->24256K(24384K) Class: 4891K(5120K)->4891K(5120K)
[5153.799s][info][gc             ] GC(1267) Pause Young (Allocation Failure) 5116M->2786M(5846M) 96.884ms
[5153.799s][info][gc,cpu         ] GC(1267) User=0.57s Sys=0.00s Real=0.10s
...[5156.084s][info][gc,start       ] GC(1268) Pause Young (Allocation Failure)
[5156.182s][info][gc,heap        ] GC(1268) PSYoungGen: 2627456K(2637824K)->144224K(2637312K) Eden: 2480640K(2480640K)->0K(2482176K) From: 146816K(157184K)->144224K(155136K)
[5156.182s][info][gc,heap        ] GC(1268) ParOldGen: 2707005K(3348480K)->2800277K(3348480K)
[5156.182s][info][gc,metaspace   ] GC(1268) Metaspace: 29148K(29504K)->29148K(29504K) NonClass: 24256K(24384K)->24256K(24384K) Class: 4891K(5120K)->4891K(5120K)
[5156.182s][info][gc             ] GC(1268) Pause Young (Allocation Failure) 5209M->2875M(5845M) 97.850ms
[5156.182s][info][gc,cpu         ] GC(1268) User=0.58s Sys=0.00s Real=0.09s
..[5158.607s][info][gc,start       ] GC(1269) Pause Young (Allocation Failure)
[5158.702s][info][gc,heap        ] GC(1269) PSYoungGen: 2626400K(2637312K)->142592K(2637824K) Eden: 2482176K(2482176K)->0K(2482176K) From: 144224K(155136K)->142592K(155648K)
[5158.702s][info][gc,heap        ] GC(1269) ParOldGen: 2800277K(3348480K)->2890517K(3348480K)
[5158.702s][info][gc,metaspace   ] GC(1269) Metaspace: 29148K(29504K)->29148K(29504K) NonClass: 24256K(24384K)->24256K(24384K) Class: 4891K(5120K)->4891K(5120K)
[5158.702s][info][gc             ] GC(1269) Pause Young (Allocation Failure) 5299M->2962M(5846M) 95.137ms
[5158.702s][info][gc,cpu         ] GC(1269) User=0.56s Sys=0.00s Real=0.09s
..[5161.009s][info][gc,start       ] GC(1270) Pause Young (Allocation Failure)
[5161.107s][info][gc,heap        ] GC(1270) PSYoungGen: 2624768K(2637824K)->149556K(2638848K) Eden: 2482176K(2482176K)->0K(2483712K) From: 142592K(155648K)->149556K(155136K)
[5161.107s][info][gc,heap        ] GC(1270) ParOldGen: 2890517K(3348480K)->2983901K(3348480K)
[5161.107s][info][gc,metaspace   ] GC(1270) Metaspace: 29148K(29504K)->29148K(29504K) NonClass: 24256K(24384K)->24256K(24384K) Class: 4891K(5120K)->4891K(5120K)
[5161.107s][info][gc             ] GC(1270) Pause Young (Allocation Failure) 5386M->3060M(5847M) 98.159ms
[5161.107s][info][gc,cpu         ] GC(1270) User=0.58s Sys=0.00s Real=0.10s
...[5163.454s][info][gc,start       ] GC(1271) Pause Young (Allocation Failure)
[5163.552s][info][gc,heap        ] GC(1271) PSYoungGen: 2633268K(2638848K)->144148K(2639872K) Eden: 2483712K(2483712K)->0K(2483712K) From: 149556K(155136K)->144148K(156160K)
[5163.552s][info][gc,heap        ] GC(1271) ParOldGen: 2983901K(3348480K)->3075877K(3348480K)
[5163.552s][info][gc,metaspace   ] GC(1271) Metaspace: 29148K(29504K)->29148K(29504K) NonClass: 24256K(24384K)->24256K(24384K) Class: 4891K(5120K)->4891K(5120K)
[5163.552s][info][gc             ] GC(1271) Pause Young (Allocation Failure) 5485M->3144M(5848M) 97.913ms
[5163.552s][info][gc,cpu         ] GC(1271) User=0.57s Sys=0.00s Real=0.09s
..[5165.984s][info][gc,start       ] GC(1272) Pause Young (Allocation Failure)
[5166.082s][info][gc,heap        ] GC(1272) PSYoungGen: 2627860K(2639872K)->146272K(2638848K) Eden: 2483712K(2483712K)->0K(2484736K) From: 144148K(156160K)->146272K(154112K)
[5166.082s][info][gc,heap        ] GC(1272) ParOldGen: 3075877K(3348480K)->3169501K(3348480K)
[5166.082s][info][gc,metaspace   ] GC(1272) Metaspace: 29148K(29504K)->29148K(29504K) NonClass: 24256K(24384K)->24256K(24384K) Class: 4891K(5120K)->4891K(5120K)
[5166.082s][info][gc             ] GC(1272) Pause Young (Allocation Failure) 5570M->3238M(5847M) 97.810ms
[5166.082s][info][gc,cpu         ] GC(1272) User=0.57s Sys=0.00s Real=0.09s
...[5168.408s][info][gc,start       ] GC(1273) Pause Young (Allocation Failure)
[5168.507s][info][gc,heap        ] GC(1273) PSYoungGen: 2631008K(2638848K)->146933K(2639360K) Eden: 2484736K(2484736K)->0K(2484736K) From: 146272K(154112K)->146933K(154624K)
[5168.507s][info][gc,heap        ] GC(1273) ParOldGen: 3169501K(3348480K)->3259941K(3348480K)
[5168.507s][info][gc,metaspace   ] GC(1273) Metaspace: 29148K(29504K)->29148K(29504K) NonClass: 24256K(24384K)->24256K(24384K) Class: 4891K(5120K)->4891K(5120K)
[5168.507s][info][gc             ] GC(1273) Pause Young (Allocation Failure) 5664M->3327M(5847M) 98.209ms
[5168.507s][info][gc,cpu         ] GC(1273) User=0.58s Sys=0.00s Real=0.10s
..[5170.880s][info][gc,start       ] GC(1274) Pause Young (Allocation Failure)
[5170.981s][info][gc,heap        ] GC(1274) PSYoungGen: 2631669K(2639360K)->152960K(2637824K) Eden: 2484736K(2484736K)->0K(2483712K) From: 146933K(154624K)->152960K(154112K)
[5170.981s][info][gc,heap        ] GC(1274) ParOldGen: 3259941K(3348480K)->3351933K(3352064K)
[5170.981s][info][gc,metaspace   ] GC(1274) Metaspace: 29148K(29504K)->29148K(29504K) NonClass: 24256K(24384K)->24256K(24384K) Class: 4891K(5120K)->4891K(5120K)
[5170.981s][info][gc             ] GC(1274) Pause Young (Allocation Failure) 5753M->3422M(5849M) 100.321ms
[5170.981s][info][gc,cpu         ] GC(1274) User=0.60s Sys=0.00s Real=0.10s
...[5173.283s][info][gc,start       ] GC(1275) Pause Young (Allocation Failure)
[5173.388s][info][gc,heap        ] GC(1275) PSYoungGen: 2636672K(2637824K)->146877K(2639872K) Eden: 2483712K(2483712K)->0K(2483712K) From: 152960K(154112K)->146877K(156160K)
[5173.388s][info][gc,heap        ] GC(1275) ParOldGen: 3351933K(3352064K)->3445869K(3446272K)
[5173.388s][info][gc,metaspace   ] GC(1275) Metaspace: 29148K(29504K)->29148K(29504K) NonClass: 24256K(24384K)->24256K(24384K) Class: 4891K(5120K)->4891K(5120K)
[5173.388s][info][gc             ] GC(1275) Pause Young (Allocation Failure) 5848M->3508M(5943M) 104.655ms
[5173.388s][info][gc,cpu         ] GC(1275) User=0.59s Sys=0.03s Real=0.11s
..[5175.856s][info][gc,start       ] GC(1276) Pause Young (Allocation Failure)
[5175.956s][info][gc,heap        ] GC(1276) PSYoungGen: 2630589K(2639872K)->147472K(2637824K) Eden: 2483712K(2483712K)->0K(2484736K) From: 146877K(156160K)->147472K(153088K)
[5175.956s][info][gc,heap        ] GC(1276) ParOldGen: 3445869K(3446272K)->3536245K(3536384K)
[5175.956s][info][gc,metaspace   ] GC(1276) Metaspace: 29148K(29504K)->29148K(29504K) NonClass: 24256K(24384K)->24256K(24384K) Class: 4891K(5120K)->4891K(5120K)
[5175.956s][info][gc             ] GC(1276) Pause Young (Allocation Failure) 5934M->3597M(6029M) 100.023ms
[5175.956s][info][gc,cpu         ] GC(1276) User=0.56s Sys=0.02s Real=0.10s
...[5178.284s][info][gc,start       ] GC(1277) Pause Young (Allocation Failure)
[5178.381s][info][gc,heap        ] GC(1277) PSYoungGen: 2632208K(2637824K)->135744K(2639360K) Eden: 2484736K(2484736K)->0K(2484736K) From: 147472K(153088K)->135744K(154624K)
[5178.381s][info][gc,heap        ] GC(1277) ParOldGen: 3536245K(3536384K)->3629173K(3629568K)
[5178.381s][info][gc,metaspace   ] GC(1277) Metaspace: 29148K(29504K)->29148K(29504K) NonClass: 24256K(24384K)->24256K(24384K) Class: 4891K(5120K)->4891K(5120K)
[5178.381s][info][gc             ] GC(1277) Pause Young (Allocation Failure) 6023M->3676M(6122M) 96.434ms
[5178.381s][info][gc,cpu         ] GC(1277) User=0.54s Sys=0.03s Real=0.09s
. (rIR:aIR:PR = 8302:8266:8266) (tPR = 121434) [OK] 
  5179s: Performance info:
         Transaction,    Success,    Partial,     Failed,   Receipts, AvgBarcode, 
             Overall,     498496,          0,          0,     473492,      59.47, 
         Response times:
             Request,    Success,    Partial,     Failed,   SkipFail,     Probes,    Samples,      min,      p50,      p90,      p95,      p99,      max, 
       TotalPurchase,     473492,          0,          0,          0,     362062,     475035,      300,     5000,    18700,    46000,   486000,   770000,
     InStorePurchase,     250487,          0,          0,          0,     190840,     250089,      300,     5100,    18800,    46000,   486000,   770000,
      OnlinePurchase,     172919,          0,          0,          0,     132954,     174461,      300,     5000,    18800,    46000,   481000,   760000,
        InstPurchase,      50086,          0,          0,          0,      38268,      50485,      300,     5100,    18100,    48000,   458000,   760000,
          AssocOfCat,        501,          0,          0,          0,        434,        691,    19900,    35000,    61000,   116800,   495080,   950000,
      AssocOfProduct,       4990,          0,          0,          0,       3540,       4858,      400,     3600,    14600,    40000,   496000,   740000,
      BusinessReport,       1256,          0,          0,          0,       1092,       1549,    25000,    41000,    68000,   121500,   382000,   500000,
          CustBuyBeh,       5041,          0,          0,          0,       3571,       4977,      700,     6500,    27000,    60000,   700000,   770000,
       ProductReturn,      13216,          0,          0,          0,       9163,      12459,      200,     5900,    18500,    52000,   505000,   760000,

  5179s: (61%)   IR =   8441 .[5180.714s][info][gc,start       ] GC(1278) Pause Young (Allocation Failure)
[5180.816s][info][gc,heap        ] GC(1278) PSYoungGen: 2620480K(2639360K)->146752K(2640896K) Eden: 2484736K(2484736K)->0K(2485248K) From: 135744K(154624K)->146752K(155648K)
[5180.816s][info][gc,heap        ] GC(1278) ParOldGen: 3629173K(3629568K)->3719373K(3719680K)
[5180.816s][info][gc,metaspace   ] GC(1278) Metaspace: 29148K(29504K)->29148K(29504K) NonClass: 24256K(24384K)->24256K(24384K) Class: 4891K(5120K)->4891K(5120K)
[5180.816s][info][gc             ] GC(1278) Pause Young (Allocation Failure) 6103M->3775M(6211M) 101.177ms
[5180.816s][info][gc,cpu         ] GC(1278) User=0.57s Sys=0.03s Real=0.10s
..[5183.005s][info][gc,start       ] GC(1279) Pause Young (Allocation Failure)
[5183.110s][info][gc,heap        ] GC(1279) PSYoungGen: 2632000K(2640896K)->148729K(2640384K) Eden: 2485248K(2485248K)->0K(2485248K) From: 146752K(155648K)->148729K(155136K)
[5183.111s][info][gc,heap        ] GC(1279) ParOldGen: 3719373K(3719680K)->3814045K(3814400K)
[5183.111s][info][gc,metaspace   ] GC(1279) Metaspace: 29148K(29504K)->29148K(29504K) NonClass: 24256K(24384K)->24256K(24384K) Class: 4891K(5120K)->4891K(5120K)
[5183.111s][info][gc             ] GC(1279) Pause Young (Allocation Failure) 6202M->3869M(6303M) 105.270ms
[5183.111s][info][gc,cpu         ] GC(1279) User=0.59s Sys=0.04s Real=0.10s
...[5185.357s][info][gc,start       ] GC(1280) Pause Young (Allocation Failure)
[5185.460s][info][gc,heap        ] GC(1280) PSYoungGen: 2633977K(2640384K)->145616K(2639360K) Eden: 2485248K(2485248K)->0K(2485248K) From: 148729K(155136K)->145616K(154112K)
[5185.460s][info][gc,heap        ] GC(1280) ParOldGen: 3814045K(3814400K)->3903045K(3903488K)
[5185.460s][info][gc,metaspace   ] GC(1280) Metaspace: 29148K(29504K)->29148K(29504K) NonClass: 24256K(24384K)->24256K(24384K) Class: 4891K(5120K)->4891K(5120K)
[5185.460s][info][gc             ] GC(1280) Pause Young (Allocation Failure) 6296M->3953M(6389M) 102.349ms
[5185.460s][info][gc,cpu         ] GC(1280) User=0.57s Sys=0.03s Real=0.10s
..[5187.787s][info][gc,start       ] GC(1281) Pause Young (Allocation Failure)
[5187.891s][info][gc,heap        ] GC(1281) PSYoungGen: 2630864K(2639360K)->152736K(2639872K) Eden: 2485248K(2485248K)->0K(2485248K) From: 145616K(154112K)->152736K(154624K)
[5187.891s][info][gc,heap        ] GC(1281) ParOldGen: 3903045K(3903488K)->3996541K(3996672K)
[5187.891s][info][gc,metaspace   ] GC(1281) Metaspace: 29148K(29504K)->29148K(29504K) NonClass: 24256K(24384K)->24256K(24384K) Class: 4891K(5120K)->4891K(5120K)
[5187.891s][info][gc             ] GC(1281) Pause Young (Allocation Failure) 6380M->4052M(6481M) 104.449ms
[5187.891s][info][gc,cpu         ] GC(1281) User=0.59s Sys=0.03s Real=0.10s
..[5190.057s][info][gc,start       ] GC(1282) Pause Young (Allocation Failure)
[5190.157s][info][gc,heap        ] GC(1282) PSYoungGen: 2637984K(2639872K)->143968K(2640384K) Eden: 2485248K(2485248K)->0K(2484224K) From: 152736K(154624K)->143968K(156160K)
[5190.157s][info][gc,heap        ] GC(1282) ParOldGen: 3996541K(3996672K)->4091093K(4091392K)
[5190.157s][info][gc,metaspace   ] GC(1282) Metaspace: 29148K(29504K)->29148K(29504K) NonClass: 24256K(24384K)->24256K(24384K) Class: 4891K(5120K)->4891K(5120K)
[5190.157s][info][gc             ] GC(1282) Pause Young (Allocation Failure) 6479M->4135M(6574M) 100.555ms
[5190.157s][info][gc,cpu         ] GC(1282) User=0.56s Sys=0.03s Real=0.10s
...[5192.464s][info][gc,start       ] GC(1283) Pause Young (Allocation Failure)
[5192.564s][info][gc,heap        ] GC(1283) PSYoungGen: 2628192K(2640384K)->141525K(2639872K) Eden: 2484224K(2484224K)->0K(2484224K) From: 143968K(156160K)->141525K(155648K)
[5192.564s][info][gc,heap        ] GC(1283) ParOldGen: 4091093K(4091392K)->4182469K(4182528K)
[5192.564s][info][gc,metaspace   ] GC(1283) Metaspace: 29148K(29504K)->29148K(29504K) NonClass: 24256K(24384K)->24256K(24384K) Class: 4891K(5120K)->4891K(5120K)
[5192.564s][info][gc             ] GC(1283) Pause Young (Allocation Failure) 6561M->4222M(6662M) 99.775ms
[5192.564s][info][gc,cpu         ] GC(1283) User=0.57s Sys=0.03s Real=0.10s
..[5194.917s][info][gc,start       ] GC(1284) Pause Young (Allocation Failure)
[5195.019s][info][gc,heap        ] GC(1284) PSYoungGen: 2625749K(2639872K)->145408K(2638848K) Eden: 2484224K(2484224K)->0K(2484736K) From: 141525K(155648K)->145408K(154112K)
[5195.019s][info][gc,heap        ] GC(1284) ParOldGen: 4182469K(4182528K)->4273853K(4274176K)
[5195.019s][info][gc,metaspace   ] GC(1284) Metaspace: 29148K(29504K)->29148K(29504K) NonClass: 24256K(24384K)->24256K(24384K) Class: 4891K(5120K)->4891K(5120K)
[5195.019s][info][gc             ] GC(1284) Pause Young (Allocation Failure) 6648M->4315M(6751M) 102.148ms
[5195.019s][info][gc,cpu         ] GC(1284) User=0.57s Sys=0.03s Real=0.10s
...[5197.388s][info][gc,start       ] GC(1285) Pause Young (Allocation Failure)
[5197.489s][info][gc,heap        ] GC(1285) PSYoungGen: 2630144K(2638848K)->142405K(2639360K) Eden: 2484736K(2484736K)->0K(2484736K) From: 145408K(154112K)->142405K(154624K)
[5197.489s][info][gc,heap        ] GC(1285) ParOldGen: 4273853K(4274176K)->4367845K(4367872K)
[5197.489s][info][gc,metaspace   ] GC(1285) Metaspace: 29148K(29504K)->29148K(29504K) NonClass: 24256K(24384K)->24256K(24384K) Class: 4891K(5120K)->4891K(5120K)
[5197.489s][info][gc             ] GC(1285) Pause Young (Allocation Failure) 6742M->4404M(6843M) 101.220ms
[5197.489s][info][gc,cpu         ] GC(1285) User=0.57s Sys=0.03s Real=0.10s
..[5199.741s][info][gc,start       ] GC(1286) Pause Young (Allocation Failure)
[5199.842s][info][gc,heap        ] GC(1286) PSYoungGen: 2627141K(2639360K)->147584K(2641408K) Eden: 2484736K(2484736K)->0K(2486784K) From: 142405K(154624K)->147584K(154624K)
[5199.842s][info][gc,heap        ] GC(1286) ParOldGen: 4367845K(4367872K)->4458733K(4459008K)
[5199.842s][info][gc,metaspace   ] GC(1286) Metaspace: 29148K(29504K)->29148K(29504K) NonClass: 24256K(24384K)->24256K(24384K) Class: 4891K(5120K)->4891K(5120K)
[5199.842s][info][gc             ] GC(1286) Pause Young (Allocation Failure) 6831M->4498M(6934M) 101.788ms
[5199.843s][info][gc,cpu         ] GC(1286) User=0.57s Sys=0.03s Real=0.10s
..[5202.171s][info][gc,start       ] GC(1287) Pause Young (Allocation Failure)
[5202.277s][info][gc,heap        ] GC(1287) PSYoungGen: 2634368K(2641408K)->149472K(2636288K) Eden: 2486784K(2486784K)->0K(2486784K) From: 147584K(154624K)->149472K(149504K)
[5202.277s][info][gc,heap        ] GC(1287) ParOldGen: 4458733K(4459008K)->4550973K(4551168K)
[5202.277s][info][gc,metaspace   ] GC(1287) Metaspace: 29148K(29504K)->29148K(29504K) NonClass: 24256K(24384K)->24256K(24384K) Class: 4891K(5120K)->4891K(5120K)
[5202.277s][info][gc             ] GC(1287) Pause Young (Allocation Failure) 6926M->4590M(7019M) 106.517ms
[5202.277s][info][gc,cpu         ] GC(1287) User=0.60s Sys=0.02s Real=0.11s
...|[5204.600s][info][gc,start       ] GC(1288) Pause Young (Allocation Failure)
[5204.708s][info][gc,heap        ] GC(1288) PSYoungGen: 2636256K(2636288K)->154090K(2636800K) Eden: 2486784K(2486784K)->0K(2481664K) From: 149472K(149504K)->154090K(155136K)
[5204.708s][info][gc,heap        ] GC(1288) ParOldGen: 4550973K(4551168K)->4641709K(4641792K)
[5204.708s][info][gc,metaspace   ] GC(1288) Metaspace: 29148K(29504K)->29148K(29504K) NonClass: 24256K(24384K)->24256K(24384K) Class: 4891K(5120K)->4891K(5120K)
[5204.708s][info][gc             ] GC(1288) Pause Young (Allocation Failure) 7018M->4683M(7108M) 108.497ms
[5204.708s][info][gc,cpu         ] GC(1288) User=0.61s Sys=0.02s Real=0.11s
..[5206.980s][info][gc,start       ] GC(1289) Pause Young (Allocation Failure)
[5207.083s][info][gc,heap        ] GC(1289) PSYoungGen: 2635754K(2636800K)->146528K(2638848K) Eden: 2481664K(2481664K)->0K(2481664K) From: 154090K(155136K)->146528K(157184K)
[5207.083s][info][gc,heap        ] GC(1289) ParOldGen: 4641709K(4641792K)->4734021K(4734464K)
[5207.083s][info][gc,metaspace   ] GC(1289) Metaspace: 29148K(29504K)->29148K(29504K) NonClass: 24256K(24384K)->24256K(24384K) Class: 4891K(5120K)->4891K(5120K)
[5207.083s][info][gc             ] GC(1289) Pause Young (Allocation Failure) 7106M->4766M(7200M) 103.168ms
[5207.083s][info][gc,cpu         ] GC(1289) User=0.59s Sys=0.03s Real=0.10s
...[5209.415s][info][gc,start       ] GC(1290) Pause Young (Allocation Failure)
[5209.515s][info][gc,heap        ] GC(1290) PSYoungGen: 2628192K(2638848K)->141952K(2637824K) Eden: 2481664K(2481664K)->0K(2482688K) From: 146528K(157184K)->141952K(155136K)
[5209.515s][info][gc,heap        ] GC(1290) ParOldGen: 4734021K(4734464K)->4825421K(4825600K)
[5209.515s][info][gc,metaspace   ] GC(1290) Metaspace: 29148K(29504K)->29148K(29504K) NonClass: 24256K(24384K)->24256K(24384K) Class: 4891K(5120K)->4891K(5120K)
[5209.515s][info][gc             ] GC(1290) Pause Young (Allocation Failure) 7189M->4850M(7288M) 99.422ms
[5209.515s][info][gc,cpu         ] GC(1290) User=0.54s Sys=0.04s Real=0.10s
..[5211.780s][info][gc,start       ] GC(1291) Pause Young (Allocation Failure)
[5211.880s][info][gc,heap        ] GC(1291) PSYoungGen: 2624640K(2637824K)->142272K(2638848K) Eden: 2482688K(2482688K)->0K(2482688K) From: 141952K(155136K)->142272K(156160K)
[5211.880s][info][gc,heap        ] GC(1291) ParOldGen: 4825421K(4825600K)->4917693K(4917760K)
[5211.880s][info][gc,metaspace   ] GC(1291) Metaspace: 29148K(29504K)->29148K(29504K) NonClass: 24256K(24384K)->24256K(24384K) Class: 4891K(5120K)->4891K(5120K)
[5211.880s][info][gc             ] GC(1291) Pause Young (Allocation Failure) 7275M->4941M(7379M) 99.999ms
[5211.880s][info][gc,cpu         ] GC(1291) User=0.57s Sys=0.02s Real=0.10s
..[5214.060s][info][gc,start       ] GC(1292) Pause Young (Allocation Failure)
[5214.161s][info][gc,heap        ] GC(1292) PSYoungGen: 2624960K(2638848K)->143264K(2638336K) Eden: 2482688K(2482688K)->0K(2484224K) From: 142272K(156160K)->143264K(154112K)
[5214.161s][info][gc,heap        ] GC(1292) ParOldGen: 4917693K(4917760K)->5010741K(5010944K)
[5214.161s][info][gc,metaspace   ] GC(1292) Metaspace: 29148K(29504K)->29148K(29504K) NonClass: 24256K(24384K)->24256K(24384K) Class: 4891K(5120K)->4891K(5120K)
[5214.161s][info][gc             ] GC(1292) Pause Young (Allocation Failure) 7365M->5033M(7470M) 101.008ms
[5214.162s][info][gc,cpu         ] GC(1292) User=0.58s Sys=0.02s Real=0.10s
...[5216.534s][info][gc,start       ] GC(1293) Pause Young (Allocation Failure)
[5216.641s][info][gc,heap        ] GC(1293) PSYoungGen: 2627488K(2638336K)->154457K(2638848K) Eden: 2484224K(2484224K)->0K(2484224K) From: 143264K(154112K)->154457K(154624K)
[5216.641s][info][gc,heap        ] GC(1293) ParOldGen: 5010741K(5010944K)->5099685K(5100032K)
[5216.641s][info][gc,metaspace   ] GC(1293) Metaspace: 29148K(29504K)->29148K(29504K) NonClass: 24256K(24384K)->24256K(24384K) Class: 4891K(5120K)->4891K(5120K)
[5216.641s][info][gc             ] GC(1293) Pause Young (Allocation Failure) 7459M->5130M(7557M) 106.868ms
[5216.641s][info][gc,cpu         ] GC(1293) User=0.60s Sys=0.03s Real=0.10s
..[5218.955s][info][gc,start       ] GC(1294) Pause Young (Allocation Failure)
[5219.060s][info][gc,heap        ] GC(1294) PSYoungGen: 2638681K(2638848K)->147044K(2639360K) Eden: 2484224K(2484224K)->0K(2482176K) From: 154457K(154624K)->147044K(157184K)
[5219.060s][info][gc,heap        ] GC(1294) ParOldGen: 5099685K(5100032K)->5195861K(5196288K)
[5219.060s][info][gc,metaspace   ] GC(1294) Metaspace: 29148K(29504K)->29148K(29504K) NonClass: 24256K(24384K)->24256K(24384K) Class: 4891K(5120K)->4891K(5120K)
[5219.060s][info][gc             ] GC(1294) Pause Young (Allocation Failure) 7556M->5217M(7652M) 105.128ms
[5219.060s][info][gc,cpu         ] GC(1294) User=0.59s Sys=0.03s Real=0.10s
...[5221.364s][info][gc,start       ] GC(1295) Pause Young (Allocation Failure)
[5221.463s][info][gc,heap        ] GC(1295) PSYoungGen: 2629220K(2639360K)->137632K(2638848K) Eden: 2482176K(2482176K)->0K(2482176K) From: 147044K(157184K)->137632K(156672K)
[5221.463s][info][gc,heap        ] GC(1295) ParOldGen: 5195861K(5196288K)->5286125K(5286400K)
[5221.463s][info][gc,metaspace   ] GC(1295) Metaspace: 29148K(29504K)->29148K(29504K) NonClass: 24256K(24384K)->24256K(24384K) Class: 4891K(5120K)->4891K(5120K)
[5221.463s][info][gc             ] GC(1295) Pause Young (Allocation Failure) 7641M->5296M(7739M) 98.469ms
[5221.463s][info][gc,cpu         ] GC(1295) User=0.55s Sys=0.03s Real=0.09s
..[5223.804s][info][gc,start       ] GC(1296) Pause Young (Allocation Failure)
[5223.906s][info][gc,heap        ] GC(1296) PSYoungGen: 2619808K(2638848K)->140352K(2638848K) Eden: 2482176K(2482176K)->0K(2481664K) From: 137632K(156672K)->140352K(157184K)
[5223.906s][info][gc,heap        ] GC(1296) ParOldGen: 5286125K(5286400K)->5378597K(5379072K)
[5223.906s][info][gc,metaspace   ] GC(1296) Metaspace: 29148K(29504K)->29148K(29504K) NonClass: 24256K(24384K)->24256K(24384K) Class: 4891K(5120K)->4891K(5120K)
[5223.906s][info][gc             ] GC(1296) Pause Young (Allocation Failure) 7720M->5389M(7830M) 101.954ms
[5223.906s][info][gc,cpu         ] GC(1296) User=0.56s Sys=0.03s Real=0.10s
..[5226.271s][info][gc,start       ] GC(1297) Pause Young (Allocation Failure)
[5226.373s][info][gc,heap        ] GC(1297) PSYoungGen: 2622016K(2638848K)->143108K(2625024K) Eden: 2481664K(2481664K)->0K(2481664K) From: 140352K(157184K)->143108K(143360K)
[5226.373s][info][gc,heap        ] GC(1297) ParOldGen: 5378597K(5379072K)->5469701K(5470208K)
[5226.373s][info][gc,metaspace   ] GC(1297) Metaspace: 29148K(29504K)->29148K(29504K) NonClass: 24256K(24384K)->24256K(24384K) Class: 4891K(5120K)->4891K(5120K)
[5226.373s][info][gc             ] GC(1297) Pause Young (Allocation Failure) 7813M->5481M(7905M) 102.002ms
[5226.373s][info][gc,cpu         ] GC(1297) User=0.56s Sys=0.03s Real=0.10s
...[5228.712s][info][gc,start       ] GC(1298) Pause Young (Allocation Failure)
[5228.813s][info][gc,heap        ] GC(1298) PSYoungGen: 2624772K(2625024K)->145408K(2638848K) Eden: 2481664K(2481664K)->0K(2482688K) From: 143108K(143360K)->145408K(156160K)
[5228.813s][info][gc,heap        ] GC(1298) ParOldGen: 5469701K(5470208K)->5560493K(5560832K)
[5228.813s][info][gc,metaspace   ] GC(1298) Metaspace: 29148K(29504K)->29148K(29504K) NonClass: 24256K(24384K)->24256K(24384K) Class: 4891K(5120K)->4891K(5120K)
[5228.813s][info][gc             ] GC(1298) Pause Young (Allocation Failure) 7904M->5572M(8007M) 101.339ms
[5228.813s][info][gc,cpu         ] GC(1298) User=0.58s Sys=0.02s Real=0.11s
..[5231.010s][info][gc,start       ] GC(1299) Pause Full (Allocation Failure)
[5231.010s][info][gc,phases,start] GC(1299) Marking Phase
[5231.301s][info][gc,phases      ] GC(1299) Marking Phase 291.167ms
[5231.301s][info][gc,phases,start] GC(1299) Summary Phase
[5231.301s][info][gc,phases      ] GC(1299) Summary Phase 0.104ms
[5231.301s][info][gc,phases,start] GC(1299) Forward
[5231.439s][info][gc,phases      ] GC(1299) Forward 137.561ms
[5231.439s][info][gc,phases,start] GC(1299) Adjust Pointers
[5231.639s][info][gc,phases      ] GC(1299) Adjust Pointers 199.481ms
[5231.639s][info][gc,phases,start] GC(1299) Compaction Phase
[5231.766s][info][gc,phases      ] GC(1299) Compaction Phase 127.339ms
[5231.768s][info][gc,phases,start] GC(1299) Post Compact
[5231.774s][info][gc,phases      ] GC(1299) Post Compact 6.858ms
[5231.902s][info][gc,heap        ] GC(1299) PSYoungGen: 2628096K(2638848K)->0K(2637824K) Eden: 2482688K(2482688K)->0K(2482688K) From: 145408K(156160K)->0K(155136K)
[5231.902s][info][gc,heap        ] GC(1299) ParOldGen: 5560493K(5560832K)->1425230K(1677824K)
[5231.902s][info][gc,metaspace   ] GC(1299) Metaspace: 29148K(29504K)->29148K(29504K) NonClass: 24256K(24384K)->24256K(24384K) Class: 4891K(5120K)->4891K(5120K)
[5231.902s][info][gc             ] GC(1299) Pause Full (Allocation Failure) 7996M->1391M(4214M) 892.353ms
[5231.902s][info][gc,cpu         ] GC(1299) User=4.02s Sys=0.13s Real=0.89s
..[5233.438s][info][gc,start       ] GC(1300) Pause Young (Allocation Failure)
[5233.501s][info][gc,heap        ] GC(1300) PSYoungGen: 2482688K(2637824K)->140976K(2639872K) Eden: 2482688K(2482688K)->0K(2484736K) From: 0K(155136K)->140976K(155136K)
[5233.501s][info][gc,heap        ] GC(1300) ParOldGen: 1425230K(1677824K)->1425230K(1677824K)
[5233.501s][info][gc,metaspace   ] GC(1300) Metaspace: 29148K(29504K)->29148K(29504K) NonClass: 24256K(24384K)->24256K(24384K) Class: 4891K(5120K)->4891K(5120K)
[5233.501s][info][gc             ] GC(1300) Pause Young (Allocation Failure) 3816M->1529M(4216M) 62.621ms
[5233.501s][info][gc,cpu         ] GC(1300) User=0.36s Sys=0.01s Real=0.06s
..[5235.773s][info][gc,start       ] GC(1301) Pause Young (Allocation Failure)
[5235.866s][info][gc,heap        ] GC(1301) PSYoungGen: 2625712K(2639872K)->142144K(2639872K) Eden: 2484736K(2484736K)->0K(2484736K) From: 140976K(155136K)->142144K(155136K)
[5235.866s][info][gc,heap        ] GC(1301) ParOldGen: 1425230K(1677824K)->1518558K(1677824K)
[5235.866s][info][gc,metaspace   ] GC(1301) Metaspace: 29148K(29504K)->29148K(29504K) NonClass: 24256K(24384K)->24256K(24384K) Class: 4891K(5120K)->4891K(5120K)
[5235.866s][info][gc             ] GC(1301) Pause Young (Allocation Failure) 3955M->1621M(4216M) 93.144ms
[5235.866s][info][gc,cpu         ] GC(1301) User=0.56s Sys=0.00s Real=0.09s
...[5238.129s][info][gc,start       ] GC(1302) Pause Young (Allocation Failure)
[5238.225s][info][gc,heap        ] GC(1302) PSYoungGen: 2626880K(2639872K)->144768K(2639360K) Eden: 2484736K(2484736K)->0K(2486272K) From: 142144K(155136K)->144768K(153088K)
[5238.225s][info][gc,heap        ] GC(1302) ParOldGen: 1518558K(1677824K)->1610846K(1677824K)
[5238.225s][info][gc,metaspace   ] GC(1302) Metaspace: 29148K(29504K)->29148K(29504K) NonClass: 24256K(24384K)->24256K(24384K) Class: 4891K(5120K)->4891K(5120K)
[5238.225s][info][gc             ] GC(1302) Pause Young (Allocation Failure) 4048M->1714M(4216M) 96.344ms
[5238.225s][info][gc,cpu         ] GC(1302) User=0.57s Sys=0.00s Real=0.10s
..[5240.545s][info][gc,start       ] GC(1303) Pause Young (Allocation Failure)
[5240.639s][info][gc,heap        ] GC(1303) PSYoungGen: 2631040K(2639360K)->139552K(2639872K) Eden: 2486272K(2486272K)->0K(2486272K) From: 144768K(153088K)->139552K(153600K)
[5240.639s][info][gc,heap        ] GC(1303) ParOldGen: 1610846K(1677824K)->1703254K(1703424K)
[5240.639s][info][gc,metaspace   ] GC(1303) Metaspace: 29148K(29504K)->29148K(29504K) NonClass: 24256K(24384K)->24256K(24384K) Class: 4891K(5120K)->4891K(5120K)
[5240.639s][info][gc             ] GC(1303) Pause Young (Allocation Failure) 4142M->1799M(4241M) 94.169ms
[5240.639s][info][gc,cpu         ] GC(1303) User=0.55s Sys=0.01s Real=0.09s
..[5242.966s][info][gc,start       ] GC(1304) Pause Young (Allocation Failure)
[5243.068s][info][gc,heap        ] GC(1304) PSYoungGen: 2625824K(2639872K)->149892K(2640384K) Eden: 2486272K(2486272K)->0K(2486784K) From: 139552K(153600K)->149892K(153600K)
[5243.068s][info][gc,heap        ] GC(1304) ParOldGen: 1703254K(1703424K)->1794246K(1794560K)
[5243.068s][info][gc,metaspace   ] GC(1304) Metaspace: 29148K(29504K)->29148K(29504K) NonClass: 24256K(24384K)->24256K(24384K) Class: 4891K(5120K)->4891K(5120K)
[5243.068s][info][gc             ] GC(1304) Pause Young (Allocation Failure) 4227M->1898M(4331M) 101.278ms
[5243.068s][info][gc,cpu         ] GC(1304) User=0.56s Sys=0.03s Real=0.10s
...[5245.415s][info][gc,start       ] GC(1305) Pause Young (Allocation Failure)
[5245.516s][info][gc,heap        ] GC(1305) PSYoungGen: 2636676K(2640384K)->146856K(2641408K) Eden: 2486784K(2486784K)->0K(2486784K) From: 149892K(153600K)->146856K(154624K)
[5245.516s][info][gc,heap        ] GC(1305) ParOldGen: 1794246K(1794560K)->1886846K(1887232K)
[5245.516s][info][gc,metaspace   ] GC(1305) Metaspace: 29148K(29504K)->29148K(29504K) NonClass: 24256K(24384K)->24256K(24384K) Class: 4891K(5120K)->4891K(5120K)
[5245.516s][info][gc             ] GC(1305) Pause Young (Allocation Failure) 4327M->1986M(4422M) 101.748ms
[5245.516s][info][gc,cpu         ] GC(1305) User=0.57s Sys=0.03s Real=0.10s
..[5247.829s][info][gc,start       ] GC(1306) Pause Young (Allocation Failure)
[5247.928s][info][gc,heap        ] GC(1306) PSYoungGen: 2633640K(2641408K)->146112K(2640384K) Eden: 2486784K(2486784K)->0K(2486784K) From: 146856K(154624K)->146112K(153600K)
[5247.928s][info][gc,heap        ] GC(1306) ParOldGen: 1886846K(1887232K)->1978886K(1979392K)
[5247.928s][info][gc,metaspace   ] GC(1306) Metaspace: 29148K(29504K)->29148K(29504K) NonClass: 24256K(24384K)->24256K(24384K) Class: 4891K(5120K)->4891K(5120K)
[5247.928s][info][gc             ] GC(1306) Pause Young (Allocation Failure) 4414M->2075M(4511M) 98.795ms
[5247.928s][info][gc,cpu         ] GC(1306) User=0.56s Sys=0.02s Real=0.10s
...[5250.190s][info][gc,start       ] GC(1307) Pause Young (Allocation Failure)
[5250.289s][info][gc,heap        ] GC(1307) PSYoungGen: 2632896K(2640384K)->142240K(2640896K) Eden: 2486784K(2486784K)->0K(2486784K) From: 146112K(153600K)->142240K(154112K)
[5250.289s][info][gc,heap        ] GC(1307) ParOldGen: 1978886K(1979392K)->2069614K(2070016K)
[5250.289s][info][gc,metaspace   ] GC(1307) Metaspace: 29148K(29504K)->29148K(29504K) NonClass: 24256K(24384K)->24256K(24384K) Class: 4891K(5120K)->4891K(5120K)
[5250.289s][info][gc             ] GC(1307) Pause Young (Allocation Failure) 4503M->2160M(4600M) 98.375ms
[5250.289s][info][gc,cpu         ] GC(1307) User=0.55s Sys=0.03s Real=0.10s
..[5252.604s][info][gc,start       ] GC(1308) Pause Young (Allocation Failure)
[5252.705s][info][gc,heap        ] GC(1308) PSYoungGen: 2629024K(2640896K)->144272K(2640896K) Eden: 2486784K(2486784K)->0K(2488320K) From: 142240K(154112K)->144272K(152576K)
[5252.705s][info][gc,heap        ] GC(1308) ParOldGen: 2069614K(2070016K)->2164822K(2165248K)
[5252.705s][info][gc,metaspace   ] GC(1308) Metaspace: 29148K(29504K)->29148K(29504K) NonClass: 24256K(24384K)->24256K(24384K) Class: 4891K(5120K)->4891K(5120K)
[5252.705s][info][gc             ] GC(1308) Pause Young (Allocation Failure) 4588M->2254M(4693M) 100.483ms
[5252.705s][info][gc,cpu         ] GC(1308) User=0.56s Sys=0.03s Real=0.10s
..[5255.021s][info][gc,start       ] GC(1309) Pause Young (Allocation Failure)
[5255.122s][info][gc,heap        ] GC(1309) PSYoungGen: 2632592K(2640896K)->148357K(2641408K) Eden: 2488320K(2488320K)->0K(2488320K) From: 144272K(152576K)->148357K(153088K)
[5255.122s][info][gc,heap        ] GC(1309) ParOldGen: 2164822K(2165248K)->2256278K(2256384K)
[5255.122s][info][gc,metaspace   ] GC(1309) Metaspace: 29148K(29504K)->29148K(29504K) NonClass: 24256K(24384K)->24256K(24384K) Class: 4891K(5120K)->4891K(5120K)
[5255.122s][info][gc             ] GC(1309) Pause Young (Allocation Failure) 4684M->2348M(4783M) 101.406ms
[5255.122s][info][gc,cpu         ] GC(1309) User=0.58s Sys=0.03s Real=0.10s
...[5257.431s][info][gc,start       ] GC(1310) Pause Young (Allocation Failure)
[5257.529s][info][gc,heap        ] GC(1310) PSYoungGen: 2636677K(2641408K)->140723K(2642432K) Eden: 2488320K(2488320K)->0K(2488832K) From: 148357K(153088K)->140723K(153600K)
[5257.529s][info][gc,heap        ] GC(1310) ParOldGen: 2256278K(2256384K)->2347782K(2348032K)
[5257.529s][info][gc,metaspace   ] GC(1310) Metaspace: 29148K(29504K)->29148K(29504K) NonClass: 24256K(24384K)->24256K(24384K) Class: 4891K(5120K)->4891K(5120K)
[5257.529s][info][gc             ] GC(1310) Pause Young (Allocation Failure) 4778M->2430M(4873M) 98.182ms
[5257.529s][info][gc,cpu         ] GC(1310) User=0.54s Sys=0.03s Real=0.10s
..[5259.793s][info][gc,start       ] GC(1311) Pause Young (Allocation Failure)
[5259.891s][info][gc,heap        ] GC(1311) PSYoungGen: 2629555K(2642432K)->144016K(2633216K) Eden: 2488832K(2488832K)->0K(2488832K) From: 140723K(153600K)->144016K(144384K)
[5259.891s][info][gc,heap        ] GC(1311) ParOldGen: 2347782K(2348032K)->2440198K(2440704K)
[5259.891s][info][gc,metaspace   ] GC(1311) Metaspace: 29148K(29504K)->29148K(29504K) NonClass: 24256K(24384K)->24256K(24384K) Class: 4891K(5120K)->4891K(5120K)
[5259.891s][info][gc             ] GC(1311) Pause Young (Allocation Failure) 4860M->2523M(4955M) 97.834ms
[5259.891s][info][gc,cpu         ] GC(1311) User=0.55s Sys=0.03s Real=0.10s
...[5262.157s][info][gc,start       ] GC(1312) Pause Young (Allocation Failure)
[5262.257s][info][gc,heap        ] GC(1312) PSYoungGen: 2632848K(2633216K)->148000K(2640896K) Eden: 2488832K(2488832K)->0K(2488320K) From: 144016K(144384K)->148000K(152576K)
[5262.257s][info][gc,heap        ] GC(1312) ParOldGen: 2440198K(2440704K)->2530526K(2530816K)
[5262.257s][info][gc,metaspace   ] GC(1312) Metaspace: 29148K(29504K)->29148K(29504K) NonClass: 24256K(24384K)->24256K(24384K) Class: 4891K(5120K)->4891K(5120K)
[5262.257s][info][gc             ] GC(1312) Pause Young (Allocation Failure) 4954M->2615M(5050M) 100.106ms
[5262.257s][info][gc,cpu         ] GC(1312) User=0.56s Sys=0.03s Real=0.10s
..[5264.603s][info][gc,start       ] GC(1313) Pause Young (Allocation Failure)
[5264.702s][info][gc,heap        ] GC(1313) PSYoungGen: 2636320K(2640896K)->143200K(2641408K) Eden: 2488320K(2488320K)->0K(2488320K) From: 148000K(152576K)->143200K(153088K)
[5264.702s][info][gc,heap        ] GC(1313) ParOldGen: 2530526K(2530816K)->2622102K(2622464K)
[5264.702s][info][gc,metaspace   ] GC(1313) Metaspace: 29148K(29504K)->29148K(29504K) NonClass: 24256K(24384K)->24256K(24384K) Class: 4891K(5120K)->4891K(5120K)
[5264.702s][info][gc             ] GC(1313) Pause Young (Allocation Failure) 5045M->2700M(5140M) 99.007ms
[5264.702s][info][gc,cpu         ] GC(1313) User=0.54s Sys=0.03s Real=0.09s
. (rIR:aIR:PR = 8441:8455:8455) (tPR = 125818) [OK] 
  5265s: Performance info:
         Transaction,    Success,    Partial,     Failed,   Receipts, AvgBarcode, 
             Overall,     514427,          0,          0,     488907,      59.47, 
         Response times:
             Request,    Success,    Partial,     Failed,   SkipFail,     Probes,    Samples,      min,      p50,      p90,      p95,      p99,      max, 
       TotalPurchase,     488909,          0,          0,          0,     359029,     517823,      300,     5300,    18400,    42000,   161000,   910000,
     InStorePurchase,     256445,          0,          0,          0,     188570,     272239,      300,     5200,    19800,    45000,   169000,   910000,
      OnlinePurchase,     181184,          0,          0,          0,     132661,     190856,      300,     5400,    16800,    39000,    97000,   910000,
        InstPurchase,      51280,          0,          0,          0,      37798,      54728,      300,     5200,    18500,    44000,   173000,   900000,
          AssocOfCat,        515,          0,          0,          0,        417,        684,    19200,    34000,    60500,    85750,   154200,   224000,
      AssocOfProduct,       5173,          0,          0,          0,       3532,       5419,     1200,     6000,    27000,    52000,   197000,   900000,
      BusinessReport,       1285,          0,          0,          0,       1142,       1837,    27000,    45000,    85000,   128000,   163240,   283000,
          CustBuyBeh,       5139,          0,          0,          0,       3601,       5488,      300,     6750,    25100,    57000,   189000,   900000,
       ProductReturn,      13408,          0,          0,          0,       9426,      13871,      300,     5100,    17200,    39000,   102000,   225000,

  5265s: (62%)   IR =   8579 .[5266.886s][info][gc,start       ] GC(1314) Pause Young (Allocation Failure)
[5266.991s][info][gc,heap        ] GC(1314) PSYoungGen: 2631520K(2641408K)->147380K(2642432K) Eden: 2488320K(2488320K)->0K(2489856K) From: 143200K(153088K)->147380K(152576K)
[5266.991s][info][gc,heap        ] GC(1314) ParOldGen: 2622102K(2622464K)->2717614K(2717696K)
[5266.991s][info][gc,metaspace   ] GC(1314) Metaspace: 29149K(29504K)->29149K(29504K) NonClass: 24257K(24384K)->24257K(24384K) Class: 4891K(5120K)->4891K(5120K)
[5266.991s][info][gc             ] GC(1314) Pause Young (Allocation Failure) 5130M->2797M(5234M) 104.717ms
[5266.991s][info][gc,cpu         ] GC(1314) User=0.59s Sys=0.03s Real=0.10s
..[5269.177s][info][gc,start       ] GC(1315) Pause Young (Allocation Failure)
[5269.278s][info][gc,heap        ] GC(1315) PSYoungGen: 2637236K(2642432K)->149888K(2639872K) Eden: 2489856K(2489856K)->0K(2489856K) From: 147380K(152576K)->149888K(150016K)
[5269.278s][info][gc,heap        ] GC(1315) ParOldGen: 2717614K(2717696K)->2807605K(2807808K)
[5269.278s][info][gc,metaspace   ] GC(1315) Metaspace: 29149K(29504K)->29149K(29504K) NonClass: 24257K(24384K)->24257K(24384K) Class: 4891K(5120K)->4891K(5120K)
[5269.278s][info][gc             ] GC(1315) Pause Young (Allocation Failure) 5229M->2888M(5320M) 100.783ms
[5269.278s][info][gc,cpu         ] GC(1315) User=0.57s Sys=0.02s Real=0.10s
...[5271.554s][info][gc,start       ] GC(1316) Pause Young (Allocation Failure)
[5271.653s][info][gc,heap        ] GC(1316) PSYoungGen: 2639744K(2639872K)->142240K(2642432K) Eden: 2489856K(2489856K)->0K(2488320K) From: 149888K(150016K)->142240K(154112K)
[5271.653s][info][gc,heap        ] GC(1316) ParOldGen: 2807605K(2807808K)->2900325K(2900480K)
[5271.653s][info][gc,metaspace   ] GC(1316) Metaspace: 29149K(29504K)->29149K(29504K) NonClass: 24257K(24384K)->24257K(24384K) Class: 4891K(5120K)->4891K(5120K)
[5271.653s][info][gc             ] GC(1316) Pause Young (Allocation Failure) 5319M->2971M(5413M) 99.334ms
[5271.653s][info][gc,cpu         ] GC(1316) User=0.56s Sys=0.02s Real=0.10s
..[5273.931s][info][gc,start       ] GC(1317) Pause Young (Allocation Failure)
[5274.030s][info][gc,heap        ] GC(1317) PSYoungGen: 2630560K(2642432K)->142993K(2631680K) Eden: 2488320K(2488320K)->0K(2488320K) From: 142240K(154112K)->142993K(143360K)
[5274.030s][info][gc,heap        ] GC(1317) ParOldGen: 2900325K(2900480K)->2993365K(2993664K)
[5274.030s][info][gc,metaspace   ] GC(1317) Metaspace: 29149K(29504K)->29149K(29504K) NonClass: 24257K(24384K)->24257K(24384K) Class: 4891K(5120K)->4891K(5120K)
[5274.030s][info][gc             ] GC(1317) Pause Young (Allocation Failure) 5401M->3062M(5493M) 99.356ms
[5274.030s][info][gc,cpu         ] GC(1317) User=0.56s Sys=0.02s Real=0.10s
...[5276.328s][info][gc,start       ] GC(1318) Pause Young (Allocation Failure)
[5276.428s][info][gc,heap        ] GC(1318) PSYoungGen: 2631313K(2631680K)->143300K(2641920K) Eden: 2488320K(2488320K)->0K(2488832K) From: 142993K(143360K)->143300K(153088K)
[5276.428s][info][gc,heap        ] GC(1318) ParOldGen: 2993365K(2993664K)->3084213K(3084288K)
[5276.428s][info][gc,metaspace   ] GC(1318) Metaspace: 29149K(29504K)->29149K(29504K) NonClass: 24257K(24384K)->24257K(24384K) Class: 4891K(5120K)->4891K(5120K)
[5276.428s][info][gc             ] GC(1318) Pause Young (Allocation Failure) 5492M->3151M(5592M) 99.431ms
[5276.428s][info][gc,cpu         ] GC(1318) User=0.56s Sys=0.02s Real=0.10s
..|[5278.683s][info][gc,start       ] GC(1319) Pause Young (Allocation Failure)
[5278.789s][info][gc,heap        ] GC(1319) PSYoungGen: 2632132K(2641920K)->152573K(2641408K) Eden: 2488832K(2488832K)->0K(2488832K) From: 143300K(153088K)->152573K(152576K)
[5278.789s][info][gc,heap        ] GC(1319) ParOldGen: 3084213K(3084288K)->3177645K(3177984K)
[5278.789s][info][gc,metaspace   ] GC(1319) Metaspace: 29149K(29504K)->29149K(29504K) NonClass: 24257K(24384K)->24257K(24384K) Class: 4891K(5120K)->4891K(5120K)
[5278.789s][info][gc             ] GC(1319) Pause Young (Allocation Failure) 5582M->3252M(5683M) 106.188ms
[5278.789s][info][gc,cpu         ] GC(1319) User=0.60s Sys=0.04s Real=0.11s
..[5280.939s][info][gc,start       ] GC(1320) Pause Young (Allocation Failure)
[5281.041s][info][gc,heap        ] GC(1320) PSYoungGen: 2641405K(2641408K)->149744K(2576896K) Eden: 2488832K(2488832K)->0K(2422272K) From: 152573K(152576K)->149744K(154624K)
[5281.041s][info][gc,heap        ] GC(1320) ParOldGen: 3177645K(3177984K)->3267061K(3267072K)
[5281.041s][info][gc,metaspace   ] GC(1320) Metaspace: 29149K(29504K)->29149K(29504K) NonClass: 24257K(24384K)->24257K(24384K) Class: 4891K(5120K)->4891K(5120K)
[5281.041s][info][gc             ] GC(1320) Pause Young (Allocation Failure) 5682M->3336M(5707M) 101.607ms
[5281.041s][info][gc,cpu         ] GC(1320) User=0.57s Sys=0.03s Real=0.10s
..[5283.175s][info][gc,start       ] GC(1321) Pause Young (Allocation Failure)
[5283.279s][info][gc,heap        ] GC(1321) PSYoungGen: 2572016K(2576896K)->151780K(2609152K) Eden: 2422272K(2422272K)->0K(2422272K) From: 149744K(154624K)->151780K(186880K)
[5283.279s][info][gc,heap        ] GC(1321) ParOldGen: 3267061K(3267072K)->3360629K(3360768K)
[5283.279s][info][gc,metaspace   ] GC(1321) Metaspace: 29149K(29504K)->29149K(29504K) NonClass: 24257K(24384K)->24257K(24384K) Class: 4891K(5120K)->4891K(5120K)
[5283.279s][info][gc             ] GC(1321) Pause Young (Allocation Failure) 5702M->3430M(5830M) 104.255ms
[5283.279s][info][gc,cpu         ] GC(1321) User=0.59s Sys=0.03s Real=0.10s
...[5285.504s][info][gc,start       ] GC(1322) Pause Young (Allocation Failure)
[5285.602s][info][gc,heap        ] GC(1322) PSYoungGen: 2574052K(2609152K)->141056K(2605056K) Eden: 2422272K(2422272K)->0K(2425344K) From: 151780K(186880K)->141056K(179712K)
[5285.602s][info][gc,heap        ] GC(1322) ParOldGen: 3360629K(3360768K)->3452293K(3452416K)
[5285.602s][info][gc,metaspace   ] GC(1322) Metaspace: 29149K(29504K)->29149K(29504K) NonClass: 24257K(24384K)->24257K(24384K) Class: 4891K(5120K)->4891K(5120K)
[5285.602s][info][gc             ] GC(1322) Pause Young (Allocation Failure) 5795M->3509M(5915M) 98.126ms
[5285.602s][info][gc,cpu         ] GC(1322) User=0.56s Sys=0.02s Real=0.09s
..[5287.726s][info][gc,start       ] GC(1323) Pause Young (Allocation Failure)
[5287.825s][info][gc,heap        ] GC(1323) PSYoungGen: 2566400K(2605056K)->139792K(2608640K) Eden: 2425344K(2425344K)->0K(2425344K) From: 141056K(179712K)->139792K(183296K)
[5287.825s][info][gc,heap        ] GC(1323) ParOldGen: 3452293K(3452416K)->3544653K(3545088K)
[5287.825s][info][gc,metaspace   ] GC(1323) Metaspace: 29149K(29504K)->29149K(29504K) NonClass: 24257K(24384K)->24257K(24384K) Class: 4891K(5120K)->4891K(5120K)
[5287.825s][info][gc             ] GC(1323) Pause Young (Allocation Failure) 5877M->3598M(6009M) 98.732ms
[5287.825s][info][gc,cpu         ] GC(1323) User=0.55s Sys=0.03s Real=0.10s
..[5290.002s][info][gc,start       ] GC(1324) Pause Young (Allocation Failure)
[5290.106s][info][gc,heap        ] GC(1324) PSYoungGen: 2565136K(2608640K)->154117K(2607616K) Eden: 2425344K(2425344K)->0K(2430464K) From: 139792K(183296K)->154117K(177152K)
[5290.106s][info][gc,heap        ] GC(1324) ParOldGen: 3544653K(3545088K)->3634029K(3634176K)
[5290.106s][info][gc,metaspace   ] GC(1324) Metaspace: 29149K(29504K)->29149K(29504K) NonClass: 24257K(24384K)->24257K(24384K) Class: 4891K(5120K)->4891K(5120K)
[5290.106s][info][gc             ] GC(1324) Pause Young (Allocation Failure) 5966M->3699M(6095M) 104.227ms
[5290.106s][info][gc,cpu         ] GC(1324) User=0.58s Sys=0.03s Real=0.11s
..[5292.332s][info][gc,start       ] GC(1325) Pause Young (Allocation Failure)
[5292.428s][info][gc,heap        ] GC(1325) PSYoungGen: 2584581K(2607616K)->136480K(2610688K) Eden: 2430464K(2430464K)->0K(2430464K) From: 154117K(177152K)->136480K(180224K)
[5292.428s][info][gc,heap        ] GC(1325) ParOldGen: 3634029K(3634176K)->3724829K(3725312K)
[5292.428s][info][gc,metaspace   ] GC(1325) Metaspace: 29149K(29504K)->29149K(29504K) NonClass: 24257K(24384K)->24257K(24384K) Class: 4891K(5120K)->4891K(5120K)
[5292.428s][info][gc             ] GC(1325) Pause Young (Allocation Failure) 6072M->3770M(6187M) 95.575ms
[5292.428s][info][gc,cpu         ] GC(1325) User=0.54s Sys=0.01s Real=0.10s
...[5294.634s][info][gc,start       ] GC(1326) Pause Young (Allocation Failure)
[5294.733s][info][gc,heap        ] GC(1326) PSYoungGen: 2566944K(2610688K)->140192K(2612736K) Eden: 2430464K(2430464K)->0K(2435584K) From: 136480K(180224K)->140192K(177152K)
[5294.733s][info][gc,heap        ] GC(1326) ParOldGen: 3724829K(3725312K)->3815405K(3815424K)
[5294.733s][info][gc,metaspace   ] GC(1326) Metaspace: 29149K(29504K)->29149K(29504K) NonClass: 24257K(24384K)->24257K(24384K) Class: 4891K(5120K)->4891K(5120K)
[5294.733s][info][gc             ] GC(1326) Pause Young (Allocation Failure) 6144M->3862M(6277M) 98.664ms
[5294.733s][info][gc,cpu         ] GC(1326) User=0.57s Sys=0.02s Real=0.09s
..[5296.931s][info][gc,start       ] GC(1327) Pause Young (Allocation Failure)
[5297.032s][info][gc,heap        ] GC(1327) PSYoungGen: 2575776K(2612736K)->143616K(2614272K) Eden: 2435584K(2435584K)->0K(2435584K) From: 140192K(177152K)->143616K(178688K)
[5297.032s][info][gc,heap        ] GC(1327) ParOldGen: 3815405K(3815424K)->3905949K(3906048K)
[5297.032s][info][gc,metaspace   ] GC(1327) Metaspace: 29149K(29504K)->29149K(29504K) NonClass: 24257K(24384K)->24257K(24384K) Class: 4891K(5120K)->4891K(5120K)
[5297.032s][info][gc             ] GC(1327) Pause Young (Allocation Failure) 6241M->3954M(6367M) 100.863ms
[5297.032s][info][gc,cpu         ] GC(1327) User=0.57s Sys=0.02s Real=0.10s
..[5299.173s][info][gc,start       ] GC(1328) Pause Young (Allocation Failure)
[5299.282s][info][gc,heap        ] GC(1328) PSYoungGen: 2579200K(2614272K)->158933K(2615808K) Eden: 2435584K(2435584K)->0K(2439168K) From: 143616K(178688K)->158933K(176640K)
[5299.282s][info][gc,heap        ] GC(1328) ParOldGen: 3905949K(3906048K)->3997973K(3998208K)
[5299.282s][info][gc,metaspace   ] GC(1328) Metaspace: 29149K(29504K)->29149K(29504K) NonClass: 24257K(24384K)->24257K(24384K) Class: 4891K(5120K)->4891K(5120K)
[5299.282s][info][gc             ] GC(1328) Pause Young (Allocation Failure) 6333M->4059M(6459M) 108.713ms
[5299.282s][info][gc,cpu         ] GC(1328) User=0.62s Sys=0.03s Real=0.10s
...[5301.513s][info][gc,start       ] GC(1329) Pause Young (Allocation Failure)
[5301.613s][info][gc,heap        ] GC(1329) PSYoungGen: 2598101K(2615808K)->140832K(2616832K) Eden: 2439168K(2439168K)->0K(2439168K) From: 158933K(176640K)->140832K(177664K)
[5301.613s][info][gc,heap        ] GC(1329) ParOldGen: 3997973K(3998208K)->4090053K(4090368K)
[5301.613s][info][gc,metaspace   ] GC(1329) Metaspace: 29149K(29504K)->29149K(29504K) NonClass: 24257K(24384K)->24257K(24384K) Class: 4891K(5120K)->4891K(5120K)
[5301.613s][info][gc             ] GC(1329) Pause Young (Allocation Failure) 6441M->4131M(6550M) 100.131ms
[5301.613s][info][gc,cpu         ] GC(1329) User=0.56s Sys=0.03s Real=0.10s
..[5303.871s][info][gc,start       ] GC(1330) Pause Young (Allocation Failure)
[5303.976s][info][gc,heap        ] GC(1330) PSYoungGen: 2580000K(2616832K)->147989K(2613248K) Eden: 2439168K(2439168K)->0K(2441728K) From: 140832K(177664K)->147989K(171520K)
[5303.976s][info][gc,heap        ] GC(1330) ParOldGen: 4090053K(4090368K)->4180925K(4180992K)
[5303.976s][info][gc,metaspace   ] GC(1330) Metaspace: 29149K(29504K)->29149K(29504K) NonClass: 24257K(24384K)->24257K(24384K) Class: 4891K(5120K)->4891K(5120K)
[5303.976s][info][gc             ] GC(1330) Pause Young (Allocation Failure) 6513M->4227M(6635M) 104.783ms
[5303.976s][info][gc,cpu         ] GC(1330) User=0.59s Sys=0.03s Real=0.11s
..[5306.236s][info][gc,start       ] GC(1331) Pause Young (Allocation Failure)
[5306.335s][info][gc,heap        ] GC(1331) PSYoungGen: 2589717K(2613248K)->137856K(2615808K) Eden: 2441728K(2441728K)->0K(2441728K) From: 147989K(171520K)->137856K(174080K)
[5306.335s][info][gc,heap        ] GC(1331) ParOldGen: 4180925K(4180992K)->4270733K(4271104K)
[5306.335s][info][gc,metaspace   ] GC(1331) Metaspace: 29149K(29504K)->29149K(29504K) NonClass: 24257K(24384K)->24257K(24384K) Class: 4891K(5120K)->4891K(5120K)
[5306.335s][info][gc             ] GC(1331) Pause Young (Allocation Failure) 6611M->4305M(6725M) 99.152ms
[5306.335s][info][gc,cpu         ] GC(1331) User=0.57s Sys=0.02s Real=0.10s
...[5308.595s][info][gc,start       ] GC(1332) Pause Young (Allocation Failure)
[5308.694s][info][gc,heap        ] GC(1332) PSYoungGen: 2579584K(2615808K)->140160K(2618368K) Eden: 2441728K(2441728K)->0K(2448384K) From: 137856K(174080K)->140160K(169984K)
[5308.694s][info][gc,heap        ] GC(1332) ParOldGen: 4270733K(4271104K)->4362653K(4362752K)
[5308.694s][info][gc,metaspace   ] GC(1332) Metaspace: 29149K(29504K)->29149K(29504K) NonClass: 24257K(24384K)->24257K(24384K) Class: 4891K(5120K)->4891K(5120K)
[5308.695s][info][gc             ] GC(1332) Pause Young (Allocation Failure) 6689M->4397M(6817M) 99.572ms
[5308.695s][info][gc,cpu         ] GC(1332) User=0.55s Sys=0.02s Real=0.10s
..[5310.936s][info][gc,start       ] GC(1333) Pause Young (Allocation Failure)
[5311.042s][info][gc,heap        ] GC(1333) PSYoungGen: 2588544K(2618368K)->152288K(2620416K) Eden: 2448384K(2448384K)->0K(2448384K) From: 140160K(169984K)->152288K(172032K)
[5311.042s][info][gc,heap        ] GC(1333) ParOldGen: 4362653K(4362752K)->4455045K(4455424K)
[5311.042s][info][gc,metaspace   ] GC(1333) Metaspace: 29149K(29504K)->29149K(29504K) NonClass: 24257K(24384K)->24257K(24384K) Class: 4891K(5120K)->4891K(5120K)
[5311.042s][info][gc             ] GC(1333) Pause Young (Allocation Failure) 6788M->4499M(6910M) 105.881ms
[5311.042s][info][gc,cpu         ] GC(1333) User=0.60s Sys=0.02s Real=0.10s
..[5313.212s][info][gc,start       ] GC(1334) Pause Young (Allocation Failure)
[5313.309s][info][gc,heap        ] GC(1334) PSYoungGen: 2600672K(2620416K)->135328K(2622464K) Eden: 2448384K(2448384K)->0K(2452480K) From: 152288K(172032K)->135328K(169984K)
[5313.309s][info][gc,heap        ] GC(1334) ParOldGen: 4455045K(4455424K)->4546845K(4547072K)
[5313.309s][info][gc,metaspace   ] GC(1334) Metaspace: 29149K(29504K)->29149K(29504K) NonClass: 24257K(24384K)->24257K(24384K) Class: 4891K(5120K)->4891K(5120K)
[5313.309s][info][gc             ] GC(1334) Pause Young (Allocation Failure) 6890M->4572M(7001M) 97.604ms
[5313.309s][info][gc,cpu         ] GC(1334) User=0.55s Sys=0.03s Real=0.10s
...[5315.580s][info][gc,start       ] GC(1335) Pause Young (Allocation Failure)
[5315.684s][info][gc,heap        ] GC(1335) PSYoungGen: 2587808K(2622464K)->146452K(2623488K) Eden: 2452480K(2452480K)->0K(2452480K) From: 135328K(169984K)->146452K(171008K)
[5315.684s][info][gc,heap        ] GC(1335) ParOldGen: 4546845K(4547072K)->4637333K(4637696K)
[5315.684s][info][gc,metaspace   ] GC(1335) Metaspace: 29149K(29504K)->29149K(29504K) NonClass: 24257K(24384K)->24257K(24384K) Class: 4891K(5120K)->4891K(5120K)
[5315.684s][info][gc             ] GC(1335) Pause Young (Allocation Failure) 6967M->4671M(7091M) 103.821ms
[5315.684s][info][gc,cpu         ] GC(1335) User=0.58s Sys=0.02s Real=0.11s
..[5317.907s][info][gc,start       ] GC(1336) Pause Young (Allocation Failure)
[5318.010s][info][gc,heap        ] GC(1336) PSYoungGen: 2598932K(2623488K)->144628K(2621952K) Eden: 2452480K(2452480K)->0K(2456064K) From: 146452K(171008K)->144628K(165888K)
[5318.011s][info][gc,heap        ] GC(1336) ParOldGen: 4637333K(4637696K)->4729581K(4729856K)
[5318.011s][info][gc,metaspace   ] GC(1336) Metaspace: 29149K(29504K)->29149K(29504K) NonClass: 24257K(24384K)->24257K(24384K) Class: 4891K(5120K)->4891K(5120K)
[5318.011s][info][gc             ] GC(1336) Pause Young (Allocation Failure) 7066M->4759M(7179M) 103.747ms
[5318.011s][info][gc,cpu         ] GC(1336) User=0.58s Sys=0.03s Real=0.10s
..[5320.161s][info][gc,start       ] GC(1337) Pause Young (Allocation Failure)
[5320.262s][info][gc,heap        ] GC(1337) PSYoungGen: 2600692K(2621952K)->143392K(2622976K) Eden: 2456064K(2456064K)->0K(2456064K) From: 144628K(165888K)->143392K(166912K)
[5320.262s][info][gc,heap        ] GC(1337) ParOldGen: 4729581K(4729856K)->4820469K(4820480K)
[5320.262s][info][gc,metaspace   ] GC(1337) Metaspace: 29149K(29504K)->29149K(29504K) NonClass: 24257K(24384K)->24257K(24384K) Class: 4891K(5120K)->4891K(5120K)
[5320.262s][info][gc             ] GC(1337) Pause Young (Allocation Failure) 7158M->4847M(7269M) 101.159ms
[5320.262s][info][gc,cpu         ] GC(1337) User=0.56s Sys=0.02s Real=0.10s
..[5322.560s][info][gc,start       ] GC(1338) Pause Young (Allocation Failure)
[5322.663s][info][gc,heap        ] GC(1338) PSYoungGen: 2599456K(2622976K)->143380K(2626560K) Eden: 2456064K(2456064K)->0K(2463744K) From: 143392K(166912K)->143380K(162816K)
[5322.663s][info][gc,heap        ] GC(1338) ParOldGen: 4820469K(4820480K)->4911573K(4911616K)
[5322.663s][info][gc,metaspace   ] GC(1338) Metaspace: 29149K(29504K)->29149K(29504K) NonClass: 24257K(24384K)->24257K(24384K) Class: 4891K(5120K)->4891K(5120K)
[5322.663s][info][gc             ] GC(1338) Pause Young (Allocation Failure) 7246M->4936M(7361M) 103.097ms
[5322.663s][info][gc,cpu         ] GC(1338) User=0.57s Sys=0.03s Real=0.10s
...[5324.869s][info][gc,start       ] GC(1339) Pause Young (Allocation Failure)
[5324.970s][info][gc,heap        ] GC(1339) PSYoungGen: 2607124K(2626560K)->143616K(2627584K) Eden: 2463744K(2463744K)->0K(2463744K) From: 143380K(162816K)->143616K(163840K)
[5324.970s][info][gc,heap        ] GC(1339) ParOldGen: 4911573K(4911616K)->5002941K(5003264K)
[5324.970s][info][gc,metaspace   ] GC(1339) Metaspace: 29149K(29504K)->29149K(29504K) NonClass: 24257K(24384K)->24257K(24384K) Class: 4891K(5120K)->4891K(5120K)
[5324.970s][info][gc             ] GC(1339) Pause Young (Allocation Failure) 7342M->5025M(7452M) 101.059ms
[5324.971s][info][gc,cpu         ] GC(1339) User=0.57s Sys=0.01s Real=0.10s
..[5327.206s][info][gc,start       ] GC(1340) Pause Young (Allocation Failure)
[5327.304s][info][gc,heap        ] GC(1340) PSYoungGen: 2607360K(2627584K)->137184K(2631680K) Eden: 2463744K(2463744K)->0K(2469888K) From: 143616K(163840K)->137184K(161792K)
[5327.304s][info][gc,heap        ] GC(1340) ParOldGen: 5002941K(5003264K)->5095309K(5095424K)
[5327.304s][info][gc,metaspace   ] GC(1340) Metaspace: 29149K(29504K)->29149K(29504K) NonClass: 24257K(24384K)->24257K(24384K) Class: 4891K(5120K)->4891K(5120K)
[5327.304s][info][gc             ] GC(1340) Pause Young (Allocation Failure) 7431M->5109M(7546M) 98.337ms
[5327.305s][info][gc,cpu         ] GC(1340) User=0.55s Sys=0.04s Real=0.10s
..[5329.609s][info][gc,start       ] GC(1341) Pause Young (Allocation Failure)
[5329.707s][info][gc,heap        ] GC(1341) PSYoungGen: 2607072K(2631680K)->138752K(2631680K) Eden: 2469888K(2469888K)->0K(2469888K) From: 137184K(161792K)->138752K(161792K)
[5329.707s][info][gc,heap        ] GC(1341) ParOldGen: 5095309K(5095424K)->5187389K(5187584K)
[5329.707s][info][gc,metaspace   ] GC(1341) Metaspace: 29149K(29504K)->29149K(29504K) NonClass: 24257K(24384K)->24257K(24384K) Class: 4891K(5120K)->4891K(5120K)
[5329.707s][info][gc             ] GC(1341) Pause Young (Allocation Failure) 7521M->5201M(7636M) 98.436ms
[5329.707s][info][gc,cpu         ] GC(1341) User=0.56s Sys=0.03s Real=0.10s
...[5331.926s][info][gc,start       ] GC(1342) Pause Young (Allocation Failure)
[5332.028s][info][gc,heap        ] GC(1342) PSYoungGen: 2608640K(2631680K)->140992K(2632704K) Eden: 2469888K(2469888K)->0K(2472960K) From: 138752K(161792K)->140992K(159744K)
[5332.028s][info][gc,heap        ] GC(1342) ParOldGen: 5187389K(5187584K)->5279061K(5279232K)
[5332.028s][info][gc,metaspace   ] GC(1342) Metaspace: 29149K(29504K)->29149K(29504K) NonClass: 24257K(24384K)->24257K(24384K) Class: 4891K(5120K)->4891K(5120K)
[5332.028s][info][gc             ] GC(1342) Pause Young (Allocation Failure) 7613M->5293M(7726M) 101.356ms
[5332.028s][info][gc,cpu         ] GC(1342) User=0.57s Sys=0.02s Real=0.10s
..[5334.370s][info][gc,start       ] GC(1343) Pause Young (Allocation Failure)
[5334.471s][info][gc,heap        ] GC(1343) PSYoungGen: 2613952K(2632704K)->143332K(2633216K) Eden: 2472960K(2472960K)->0K(2472960K) From: 140992K(159744K)->143332K(160256K)
[5334.471s][info][gc,heap        ] GC(1343) ParOldGen: 5279061K(5279232K)->5369709K(5369856K)
[5334.471s][info][gc,metaspace   ] GC(1343) Metaspace: 29149K(29504K)->29149K(29504K) NonClass: 24257K(24384K)->24257K(24384K) Class: 4891K(5120K)->4891K(5120K)
[5334.471s][info][gc             ] GC(1343) Pause Young (Allocation Failure) 7708M->5383M(7815M) 101.275ms
[5334.471s][info][gc,cpu         ] GC(1343) User=0.57s Sys=0.02s Real=0.10s
..[5336.595s][info][gc,start       ] GC(1344) Pause Young (Allocation Failure)
[5336.697s][info][gc,heap        ] GC(1344) PSYoungGen: 2616292K(2633216K)->144165K(2633728K) Eden: 2472960K(2472960K)->0K(2477056K) From: 143332K(160256K)->144165K(156672K)
[5336.697s][info][gc,heap        ] GC(1344) ParOldGen: 5369709K(5369856K)->5463621K(5464064K)
[5336.697s][info][gc,metaspace   ] GC(1344) Metaspace: 29149K(29504K)->29149K(29504K) NonClass: 24257K(24384K)->24257K(24384K) Class: 4891K(5120K)->4891K(5120K)
[5336.697s][info][gc             ] GC(1344) Pause Young (Allocation Failure) 7798M->5476M(7908M) 102.428ms
[5336.697s][info][gc,cpu         ] GC(1344) User=0.58s Sys=0.03s Real=0.10s
... (rIR:aIR:PR = 8579:8616:8616) (tPR = 127992) [OK] 
  5338s: Performance info:
         Transaction,    Success,    Partial,     Failed,   Receipts, AvgBarcode, 
             Overall,     520819,          0,          0,     494978,      59.47, 
         Response times:
             Request,    Success,    Partial,     Failed,   SkipFail,     Probes,    Samples,      min,      p50,      p90,      p95,      p99,      max, 
       TotalPurchase,     494978,          0,          0,          0,     361415,     442504,      300,     5300,    15800,    37000,    77000,   207000,
     InStorePurchase,     260606,          0,          0,          0,     190004,     232098,      300,     5300,    15800,    37000,    77000,   207000,
      OnlinePurchase,     182357,          0,          0,          0,     132708,     162522,      300,     5400,    16300,    37000,    79000,   207000,
        InstPurchase,      52015,          0,          0,          0,      38703,      47884,      300,     4800,    14700,    35000,    74000,   159000,
          AssocOfCat,        519,          0,          0,          0,        441,        632,    21000,    35000,    65000,    95000,   152670,   175000,
      AssocOfProduct,       5181,          0,          0,          0,       3657,       4760,      700,     4100,    14390,    33000,    70390,   153000,
      BusinessReport,       1300,          0,          0,          0,       1174,       1584,    25000,    42000,    72000,   101750,   156150,   227000,
          CustBuyBeh,       5187,          0,          0,          0,       3744,       4778,      300,     4800,    15610,    33000,    79210,   129000,
       ProductReturn,      13654,          0,          0,          0,       9693,      12158,      200,     4500,    13300,    33000,    74410,   157000,

  5338s: (63%)   IR =   8717 [5338.972s][info][gc,start       ] GC(1345) Pause Young (Allocation Failure)
[5339.078s][info][gc,heap        ] GC(1345) PSYoungGen: 2621221K(2633728K)->150133K(2634240K) Eden: 2477056K(2477056K)->0K(2477056K) From: 144165K(156672K)->150133K(157184K)
[5339.078s][info][gc,heap        ] GC(1345) ParOldGen: 5463621K(5464064K)->5552605K(5552640K)
[5339.078s][info][gc,metaspace   ] GC(1345) Metaspace: 29149K(29504K)->29149K(29504K) NonClass: 24257K(24384K)->24257K(24384K) Class: 4891K(5120K)->4891K(5120K)
[5339.078s][info][gc             ] GC(1345) Pause Young (Allocation Failure) 7895M->5569M(7995M) 106.165ms
[5339.078s][info][gc,cpu         ] GC(1345) User=0.59s Sys=0.02s Real=0.11s
..[5341.270s][info][gc,start       ] GC(1346) Pause Full (Allocation Failure)
[5341.270s][info][gc,phases,start] GC(1346) Marking Phase
[5341.558s][info][gc,phases      ] GC(1346) Marking Phase 287.970ms
[5341.558s][info][gc,phases,start] GC(1346) Summary Phase
[5341.558s][info][gc,phases      ] GC(1346) Summary Phase 0.102ms
[5341.558s][info][gc,phases,start] GC(1346) Forward
[5341.689s][info][gc,phases      ] GC(1346) Forward 131.187ms
[5341.689s][info][gc,phases,start] GC(1346) Adjust Pointers
[5341.888s][info][gc,phases      ] GC(1346) Adjust Pointers 198.437ms
[5341.888s][info][gc,phases,start] GC(1346) Compaction Phase
[5342.012s][info][gc,phases      ] GC(1346) Compaction Phase 124.703ms
[5342.013s][info][gc,phases,start] GC(1346) Post Compact
[5342.020s][info][gc,phases      ] GC(1346) Post Compact 6.818ms
[5342.155s][info][gc,heap        ] GC(1346) PSYoungGen: 2627189K(2634240K)->0K(2637824K) Eden: 2477056K(2477056K)->0K(2479616K) From: 150133K(157184K)->0K(158208K)
[5342.155s][info][gc,heap        ] GC(1346) ParOldGen: 5552605K(5552640K)->1418207K(1673216K)
[5342.156s][info][gc,metaspace   ] GC(1346) Metaspace: 29149K(29504K)->29149K(29504K) NonClass: 24257K(24384K)->24257K(24384K) Class: 4891K(5120K)->4891K(5120K)
[5342.156s][info][gc             ] GC(1346) Pause Full (Allocation Failure) 7988M->1384M(4210M) 885.804ms
[5342.156s][info][gc,cpu         ] GC(1346) User=3.98s Sys=0.13s Real=0.89s
..[5343.610s][info][gc,start       ] GC(1347) Pause Young (Allocation Failure)
[5343.678s][info][gc,heap        ] GC(1347) PSYoungGen: 2479616K(2637824K)->148512K(2628608K) Eden: 2479616K(2479616K)->0K(2479616K) From: 0K(158208K)->148512K(148992K)
[5343.678s][info][gc,heap        ] GC(1347) ParOldGen: 1418207K(1673216K)->1418207K(1673216K)
[5343.678s][info][gc,metaspace   ] GC(1347) Metaspace: 29149K(29504K)->29149K(29504K) NonClass: 24257K(24384K)->24257K(24384K) Class: 4891K(5120K)->4891K(5120K)
[5343.678s][info][gc             ] GC(1347) Pause Young (Allocation Failure) 3806M->1530M(4201M) 67.740ms
[5343.678s][info][gc,cpu         ] GC(1347) User=0.40s Sys=0.00s Real=0.07s
..[5345.953s][info][gc,start       ] GC(1348) Pause Young (Allocation Failure)
[5346.049s][info][gc,heap        ] GC(1348) PSYoungGen: 2628128K(2628608K)->147104K(2637824K) Eden: 2479616K(2479616K)->0K(2479104K) From: 148512K(148992K)->147104K(158720K)
[5346.049s][info][gc,heap        ] GC(1348) ParOldGen: 1418207K(1673216K)->1510703K(1673216K)
[5346.049s][info][gc,metaspace   ] GC(1348) Metaspace: 29149K(29504K)->29149K(29504K) NonClass: 24257K(24384K)->24257K(24384K) Class: 4891K(5120K)->4891K(5120K)
[5346.049s][info][gc             ] GC(1348) Pause Young (Allocation Failure) 3951M->1618M(4210M) 95.837ms
[5346.049s][info][gc,cpu         ] GC(1348) User=0.57s Sys=0.00s Real=0.10s
.|.[5348.275s][info][gc,start       ] GC(1349) Pause Young (Allocation Failure)
[5348.367s][info][gc,heap        ] GC(1349) PSYoungGen: 2626208K(2637824K)->140448K(2619904K) Eden: 2479104K(2479104K)->0K(2479104K) From: 147104K(158720K)->140448K(140800K)
[5348.367s][info][gc,heap        ] GC(1349) ParOldGen: 1510703K(1673216K)->1602607K(1673216K)
[5348.367s][info][gc,metaspace   ] GC(1349) Metaspace: 29149K(29504K)->29149K(29504K) NonClass: 24257K(24384K)->24257K(24384K) Class: 4891K(5120K)->4891K(5120K)
[5348.367s][info][gc             ] GC(1349) Pause Young (Allocation Failure) 4039M->1702M(4192M) 92.138ms
[5348.368s][info][gc,cpu         ] GC(1349) User=0.55s Sys=0.00s Real=0.09s
...[5350.612s][info][gc,start       ] GC(1350) Pause Young (Allocation Failure)
[5350.706s][info][gc,heap        ] GC(1350) PSYoungGen: 2619552K(2619904K)->141568K(2637824K) Eden: 2479104K(2479104K)->0K(2480128K) From: 140448K(140800K)->141568K(157696K)
[5350.706s][info][gc,heap        ] GC(1350) ParOldGen: 1602607K(1673216K)->1694655K(1694720K)
[5350.706s][info][gc,metaspace   ] GC(1350) Metaspace: 29149K(29504K)->29149K(29504K) NonClass: 24257K(24384K)->24257K(24384K) Class: 4891K(5120K)->4891K(5120K)
[5350.706s][info][gc             ] GC(1350) Pause Young (Allocation Failure) 4123M->1793M(4231M) 93.949ms
[5350.706s][info][gc,cpu         ] GC(1350) User=0.56s Sys=0.01s Real=0.10s
..[5353.024s][info][gc,start       ] GC(1351) Pause Young (Allocation Failure)
[5353.129s][info][gc,heap        ] GC(1351) PSYoungGen: 2621696K(2637824K)->156650K(2636800K) Eden: 2480128K(2480128K)->0K(2480128K) From: 141568K(157696K)->156650K(156672K)
[5353.129s][info][gc,heap        ] GC(1351) ParOldGen: 1694655K(1694720K)->1787727K(1787904K)
[5353.129s][info][gc,metaspace   ] GC(1351) Metaspace: 29149K(29504K)->29149K(29504K) NonClass: 24257K(24384K)->24257K(24384K) Class: 4891K(5120K)->4891K(5120K)
[5353.129s][info][gc             ] GC(1351) Pause Young (Allocation Failure) 4215M->1898M(4321M) 105.256ms
[5353.129s][info][gc,cpu         ] GC(1351) User=0.59s Sys=0.04s Real=0.10s
..[5355.295s][info][gc,start       ] GC(1352) Pause Young (Allocation Failure)
[5355.393s][info][gc,heap        ] GC(1352) PSYoungGen: 2636778K(2636800K)->140532K(2569216K) Eden: 2480128K(2480128K)->0K(2409984K) From: 156650K(156672K)->140532K(159232K)
[5355.393s][info][gc,heap        ] GC(1352) ParOldGen: 1787727K(1787904K)->1879351K(1879552K)
[5355.393s][info][gc,metaspace   ] GC(1352) Metaspace: 29149K(29504K)->29149K(29504K) NonClass: 24257K(24384K)->24257K(24384K) Class: 4891K(5120K)->4891K(5120K)
[5355.393s][info][gc             ] GC(1352) Pause Young (Allocation Failure) 4320M->1972M(4344M) 98.051ms
[5355.393s][info][gc,cpu         ] GC(1352) User=0.56s Sys=0.03s Real=0.09s
...[5357.500s][info][gc,start       ] GC(1353) Pause Young (Allocation Failure)
[5357.597s][info][gc,heap        ] GC(1353) PSYoungGen: 2550516K(2569216K)->139408K(2603008K) Eden: 2409984K(2409984K)->0K(2409984K) From: 140532K(159232K)->139408K(193024K)
[5357.597s][info][gc,heap        ] GC(1353) ParOldGen: 1879351K(1879552K)->1971775K(1972224K)
[5357.597s][info][gc,metaspace   ] GC(1353) Metaspace: 29149K(29504K)->29149K(29504K) NonClass: 24257K(24384K)->24257K(24384K) Class: 4891K(5120K)->4891K(5120K)
[5357.597s][info][gc             ] GC(1353) Pause Young (Allocation Failure) 4326M->2061M(4468M) 97.443ms
[5357.597s][info][gc,cpu         ] GC(1353) User=0.55s Sys=0.02s Real=0.10s
..[5359.761s][info][gc,start       ] GC(1354) Pause Young (Allocation Failure)
[5359.857s][info][gc,heap        ] GC(1354) PSYoungGen: 2549392K(2603008K)->138400K(2598400K) Eden: 2409984K(2409984K)->0K(2411520K) From: 139408K(193024K)->138400K(186880K)
[5359.857s][info][gc,heap        ] GC(1354) ParOldGen: 1971775K(1972224K)->2061783K(2061824K)
[5359.857s][info][gc,metaspace   ] GC(1354) Metaspace: 29149K(29504K)->29149K(29504K) NonClass: 24257K(24384K)->24257K(24384K) Class: 4891K(5120K)->4891K(5120K)
[5359.857s][info][gc             ] GC(1354) Pause Young (Allocation Failure) 4415M->2148M(4551M) 95.298ms
[5359.857s][info][gc,cpu         ] GC(1354) User=0.54s Sys=0.03s Real=0.10s
..[5361.994s][info][gc,start       ] GC(1355) Pause Young (Allocation Failure)
[5362.091s][info][gc,heap        ] GC(1355) PSYoungGen: 2549920K(2598400K)->143296K(2601472K) Eden: 2411520K(2411520K)->0K(2411520K) From: 138400K(186880K)->143296K(189952K)
[5362.091s][info][gc,heap        ] GC(1355) ParOldGen: 2061783K(2061824K)->2152159K(2152448K)
[5362.091s][info][gc,metaspace   ] GC(1355) Metaspace: 29149K(29504K)->29149K(29504K) NonClass: 24257K(24384K)->24257K(24384K) Class: 4891K(5120K)->4891K(5120K)
[5362.091s][info][gc             ] GC(1355) Pause Young (Allocation Failure) 4503M->2241M(4642M) 97.157ms
[5362.091s][info][gc,cpu         ] GC(1355) User=0.54s Sys=0.03s Real=0.09s
..[5364.299s][info][gc,start       ] GC(1356) Pause Young (Allocation Failure)
[5364.397s][info][gc,heap        ] GC(1356) PSYoungGen: 2554816K(2601472K)->139540K(2601472K) Eden: 2411520K(2411520K)->0K(2418688K) From: 143296K(189952K)->139540K(182784K)
[5364.397s][info][gc,heap        ] GC(1356) ParOldGen: 2152159K(2152448K)->2243575K(2243584K)
[5364.397s][info][gc,metaspace   ] GC(1356) Metaspace: 29149K(29504K)->29149K(29504K) NonClass: 24257K(24384K)->24257K(24384K) Class: 4891K(5120K)->4891K(5120K)
[5364.397s][info][gc             ] GC(1356) Pause Young (Allocation Failure) 4596M->2327M(4731M) 97.521ms
[5364.397s][info][gc,cpu         ] GC(1356) User=0.54s Sys=0.03s Real=0.10s
...[5366.511s][info][gc,start       ] GC(1357) Pause Young (Allocation Failure)
[5366.605s][info][gc,heap        ] GC(1357) PSYoungGen: 2558228K(2601472K)->137280K(2604032K) Eden: 2418688K(2418688K)->0K(2418688K) From: 139540K(182784K)->137280K(185344K)
[5366.605s][info][gc,heap        ] GC(1357) ParOldGen: 2243575K(2243584K)->2334255K(2334720K)
[5366.605s][info][gc,metaspace   ] GC(1357) Metaspace: 29149K(29504K)->29149K(29504K) NonClass: 24257K(24384K)->24257K(24384K) Class: 4891K(5120K)->4891K(5120K)
[5366.605s][info][gc             ] GC(1357) Pause Young (Allocation Failure) 4689M->2413M(4823M) 94.736ms
[5366.606s][info][gc,cpu         ] GC(1357) User=0.53s Sys=0.04s Real=0.10s
..[5368.678s][info][gc,start       ] GC(1358) Pause Young (Allocation Failure)
[5368.780s][info][gc,heap        ] GC(1358) PSYoungGen: 2555968K(2604032K)->147847K(2602496K) Eden: 2418688K(2418688K)->0K(2426880K) From: 137280K(185344K)->147847K(175616K)
[5368.780s][info][gc,heap        ] GC(1358) ParOldGen: 2334255K(2334720K)->2424807K(2424832K)
[5368.780s][info][gc,metaspace   ] GC(1358) Metaspace: 29149K(29504K)->29149K(29504K) NonClass: 24257K(24384K)->24257K(24384K) Class: 4891K(5120K)->4891K(5120K)
[5368.780s][info][gc             ] GC(1358) Pause Young (Allocation Failure) 4775M->2512M(4909M) 101.732ms
[5368.780s][info][gc,cpu         ] GC(1358) User=0.58s Sys=0.02s Real=0.10s
..[5370.991s][info][gc,start       ] GC(1359) Pause Young (Allocation Failure)
[5371.093s][info][gc,heap        ] GC(1359) PSYoungGen: 2574727K(2602496K)->149172K(2607104K) Eden: 2426880K(2426880K)->0K(2426880K) From: 147847K(175616K)->149172K(180224K)
[5371.093s][info][gc,heap        ] GC(1359) ParOldGen: 2424807K(2424832K)->2517295K(2517504K)
[5371.093s][info][gc,metaspace   ] GC(1359) Metaspace: 29149K(29504K)->29149K(29504K) NonClass: 24257K(24384K)->24257K(24384K) Class: 4891K(5120K)->4891K(5120K)
[5371.093s][info][gc             ] GC(1359) Pause Young (Allocation Failure) 4882M->2603M(5004M) 101.896ms
[5371.093s][info][gc,cpu         ] GC(1359) User=0.59s Sys=0.02s Real=0.10s
..[5373.282s][info][gc,start       ] GC(1360) Pause Young (Allocation Failure)
[5373.387s][info][gc,heap        ] GC(1360) PSYoungGen: 2576052K(2607104K)->151632K(2610688K) Eden: 2426880K(2426880K)->0K(2438144K) From: 149172K(180224K)->151632K(172544K)
[5373.387s][info][gc,heap        ] GC(1360) ParOldGen: 2517295K(2517504K)->2608655K(2609152K)
[5373.387s][info][gc,metaspace   ] GC(1360) Metaspace: 29149K(29504K)->29149K(29504K) NonClass: 24257K(24384K)->24257K(24384K) Class: 4891K(5120K)->4891K(5120K)
[5373.387s][info][gc             ] GC(1360) Pause Young (Allocation Failure) 4973M->2695M(5097M) 104.637ms
[5373.387s][info][gc,cpu         ] GC(1360) User=0.59s Sys=0.03s Real=0.11s
...[5375.537s][info][gc,start       ] GC(1361) Pause Young (Allocation Failure)
[5375.634s][info][gc,heap        ] GC(1361) PSYoungGen: 2589776K(2610688K)->141184K(2614272K) Eden: 2438144K(2438144K)->0K(2438144K) From: 151632K(172544K)->141184K(176128K)
[5375.634s][info][gc,heap        ] GC(1361) ParOldGen: 2608655K(2609152K)->2698583K(2698752K)
[5375.634s][info][gc,metaspace   ] GC(1361) Metaspace: 29149K(29504K)->29149K(29504K) NonClass: 24257K(24384K)->24257K(24384K) Class: 4891K(5120K)->4891K(5120K)
[5375.634s][info][gc             ] GC(1361) Pause Young (Allocation Failure) 5076M->2773M(5188M) 96.740ms
[5375.634s][info][gc,cpu         ] GC(1361) User=0.55s Sys=0.02s Real=0.10s
..[5377.838s][info][gc,start       ] GC(1362) Pause Young (Allocation Failure)
[5377.939s][info][gc,heap        ] GC(1362) PSYoungGen: 2579328K(2614272K)->144960K(2613248K) Eden: 2438144K(2438144K)->0K(2445312K) From: 141184K(176128K)->144960K(167936K)
[5377.939s][info][gc,heap        ] GC(1362) ParOldGen: 2698583K(2698752K)->2789103K(2789376K)
[5377.939s][info][gc,metaspace   ] GC(1362) Metaspace: 29149K(29504K)->29149K(29504K) NonClass: 24257K(24384K)->24257K(24384K) Class: 4891K(5120K)->4891K(5120K)
[5377.939s][info][gc             ] GC(1362) Pause Young (Allocation Failure) 5154M->2865M(5276M) 101.357ms
[5377.940s][info][gc,cpu         ] GC(1362) User=0.56s Sys=0.03s Real=0.10s
..[5380.035s][info][gc,start       ] GC(1363) Pause Young (Allocation Failure)
[5380.133s][info][gc,heap        ] GC(1363) PSYoungGen: 2590272K(2613248K)->141280K(2617344K) Eden: 2445312K(2445312K)->0K(2445312K) From: 144960K(167936K)->141280K(172032K)
[5380.133s][info][gc,heap        ] GC(1363) ParOldGen: 2789103K(2789376K)->2880335K(2880512K)
[5380.133s][info][gc,metaspace   ] GC(1363) Metaspace: 29149K(29504K)->29149K(29504K) NonClass: 24257K(24384K)->24257K(24384K) Class: 4891K(5120K)->4891K(5120K)
[5380.133s][info][gc             ] GC(1363) Pause Young (Allocation Failure) 5253M->2950M(5369M) 98.136ms
[5380.133s][info][gc,cpu         ] GC(1363) User=0.55s Sys=0.03s Real=0.09s
..[5382.336s][info][gc,start       ] GC(1364) Pause Young (Allocation Failure)
[5382.436s][info][gc,heap        ] GC(1364) PSYoungGen: 2586592K(2617344K)->147188K(2618368K) Eden: 2445312K(2445312K)->0K(2453504K) From: 141280K(172032K)->147188K(164864K)
[5382.436s][info][gc,heap        ] GC(1364) ParOldGen: 2880335K(2880512K)->2970471K(2970624K)
[5382.436s][info][gc,metaspace   ] GC(1364) Metaspace: 29149K(29504K)->29149K(29504K) NonClass: 24257K(24384K)->24257K(24384K) Class: 4891K(5120K)->4891K(5120K)
[5382.436s][info][gc             ] GC(1364) Pause Young (Allocation Failure) 5338M->3044M(5458M) 100.256ms
[5382.436s][info][gc,cpu         ] GC(1364) User=0.57s Sys=0.02s Real=0.10s
...[5384.588s][info][gc,start       ] GC(1365) Pause Young (Allocation Failure)
[5384.686s][info][gc,heap        ] GC(1365) PSYoungGen: 2600692K(2618368K)->145264K(2621952K) Eden: 2453504K(2453504K)->0K(2453504K) From: 147188K(164864K)->145264K(168448K)
[5384.686s][info][gc,heap        ] GC(1365) ParOldGen: 2970471K(2970624K)->3060823K(3061248K)
[5384.686s][info][gc,metaspace   ] GC(1365) Metaspace: 29149K(29504K)->29149K(29504K) NonClass: 24257K(24384K)->24257K(24384K) Class: 4891K(5120K)->4891K(5120K)
[5384.686s][info][gc             ] GC(1365) Pause Young (Allocation Failure) 5440M->3130M(5550M) 98.110ms
[5384.686s][info][gc,cpu         ] GC(1365) User=0.54s Sys=0.04s Real=0.10s
..[5386.955s][info][gc,start       ] GC(1366) Pause Young (Allocation Failure)
[5387.054s][info][gc,heap        ] GC(1366) PSYoungGen: 2598768K(2621952K)->143712K(2622976K) Eden: 2453504K(2453504K)->0K(2461184K) From: 145264K(168448K)->143712K(161792K)
[5387.054s][info][gc,heap        ] GC(1366) ParOldGen: 3060823K(3061248K)->3153655K(3153920K)
[5387.054s][info][gc,metaspace   ] GC(1366) Metaspace: 29149K(29504K)->29149K(29504K) NonClass: 24257K(24384K)->24257K(24384K) Class: 4891K(5120K)->4891K(5120K)
[5387.054s][info][gc             ] GC(1366) Pause Young (Allocation Failure) 5526M->3220M(5641M) 98.748ms
[5387.054s][info][gc,cpu         ] GC(1366) User=0.56s Sys=0.03s Real=0.10s
..[5389.349s][info][gc,start       ] GC(1367) Pause Young (Allocation Failure)
[5389.454s][info][gc,heap        ] GC(1367) PSYoungGen: 2604896K(2622976K)->151577K(2626048K) Eden: 2461184K(2461184K)->0K(2461184K) From: 143712K(161792K)->151577K(164864K)
[5389.454s][info][gc,heap        ] GC(1367) ParOldGen: 3153655K(3153920K)->3246023K(3246080K)
[5389.454s][info][gc,metaspace   ] GC(1367) Metaspace: 29149K(29504K)->29149K(29504K) NonClass: 24257K(24384K)->24257K(24384K) Class: 4891K(5120K)->4891K(5120K)
[5389.454s][info][gc             ] GC(1367) Pause Young (Allocation Failure) 5623M->3317M(5734M) 105.006ms
[5389.454s][info][gc,cpu         ] GC(1367) User=0.61s Sys=0.02s Real=0.11s
...[5391.673s][info][gc,start       ] GC(1368) Pause Young (Allocation Failure)
[5391.774s][info][gc,heap        ] GC(1368) PSYoungGen: 2612761K(2626048K)->146152K(2627584K) Eden: 2461184K(2461184K)->0K(2465792K) From: 151577K(164864K)->146152K(161792K)
[5391.774s][info][gc,heap        ] GC(1368) ParOldGen: 3246023K(3246080K)->3337767K(3338240K)
[5391.774s][info][gc,metaspace   ] GC(1368) Metaspace: 29149K(29504K)->29149K(29504K) NonClass: 24257K(24384K)->24257K(24384K) Class: 4891K(5120K)->4891K(5120K)
[5391.774s][info][gc             ] GC(1368) Pause Young (Allocation Failure) 5721M->3402M(5826M) 101.476ms
[5391.774s][info][gc,cpu         ] GC(1368) User=0.58s Sys=0.03s Real=0.11s
..[5393.976s][info][gc,start       ] GC(1369) Pause Young (Allocation Failure)
[5394.080s][info][gc,heap        ] GC(1369) PSYoungGen: 2611944K(2627584K)->152821K(2629120K) Eden: 2465792K(2465792K)->0K(2465792K) From: 146152K(161792K)->152821K(163328K)
[5394.080s][info][gc,heap        ] GC(1369) ParOldGen: 3337767K(3338240K)->3429239K(3429376K)
[5394.080s][info][gc,metaspace   ] GC(1369) Metaspace: 29149K(29504K)->29149K(29504K) NonClass: 24257K(24384K)->24257K(24384K) Class: 4891K(5120K)->4891K(5120K)
[5394.080s][info][gc             ] GC(1369) Pause Young (Allocation Failure) 5810M->3498M(5916M) 104.041ms
[5394.080s][info][gc,cpu         ] GC(1369) User=0.59s Sys=0.03s Real=0.10s
..[5396.277s][info][gc,start       ] GC(1370) Pause Young (Allocation Failure)
[5396.377s][info][gc,heap        ] GC(1370) PSYoungGen: 2618613K(2629120K)->141685K(2631680K) Eden: 2465792K(2465792K)->0K(2468352K) From: 152821K(163328K)->141685K(163328K)
[5396.377s][info][gc,heap        ] GC(1370) ParOldGen: 3429239K(3429376K)->3521007K(3521024K)
[5396.377s][info][gc,metaspace   ] GC(1370) Metaspace: 29149K(29504K)->29149K(29504K) NonClass: 24257K(24384K)->24257K(24384K) Class: 4891K(5120K)->4891K(5120K)
[5396.377s][info][gc             ] GC(1370) Pause Young (Allocation Failure) 5906M->3576M(6008M) 99.290ms
[5396.377s][info][gc,cpu         ] GC(1370) User=0.57s Sys=0.03s Real=0.10s
...[5398.615s][info][gc,start       ] GC(1371) Pause Young (Allocation Failure)
[5398.719s][info][gc,heap        ] GC(1371) PSYoungGen: 2610037K(2631680K)->152444K(2631680K) Eden: 2468352K(2468352K)->0K(2468352K) From: 141685K(163328K)->152444K(163328K)
[5398.719s][info][gc,heap        ] GC(1371) ParOldGen: 3521007K(3521024K)->3610351K(3610624K)
[5398.719s][info][gc,metaspace   ] GC(1371) Metaspace: 29149K(29504K)->29149K(29504K) NonClass: 24257K(24384K)->24257K(24384K) Class: 4891K(5120K)->4891K(5120K)
[5398.719s][info][gc             ] GC(1371) Pause Young (Allocation Failure) 5987M->3674M(6096M) 103.888ms
[5398.719s][info][gc,cpu         ] GC(1371) User=0.58s Sys=0.03s Real=0.10s
..[5400.924s][info][gc,start       ] GC(1372) Pause Young (Allocation Failure)
[5401.023s][info][gc,heap        ] GC(1372) PSYoungGen: 2620796K(2631680K)->141312K(2632192K) Eden: 2468352K(2468352K)->0K(2468864K) From: 152444K(163328K)->141312K(163328K)
[5401.023s][info][gc,heap        ] GC(1372) ParOldGen: 3610351K(3610624K)->3705703K(3705856K)
[5401.023s][info][gc,metaspace   ] GC(1372) Metaspace: 29149K(29504K)->29149K(29504K) NonClass: 24257K(24384K)->24257K(24384K) Class: 4891K(5120K)->4891K(5120K)
[5401.023s][info][gc             ] GC(1372) Pause Young (Allocation Failure) 6085M->3756M(6189M) 99.096ms
[5401.023s][info][gc,cpu         ] GC(1372) User=0.56s Sys=0.02s Real=0.10s
..[5403.210s][info][gc,start       ] GC(1373) Pause Young (Allocation Failure)
[5403.308s][info][gc,heap        ] GC(1373) PSYoungGen: 2610176K(2632192K)->139347K(2632192K) Eden: 2468864K(2468864K)->0K(2468864K) From: 141312K(163328K)->139347K(163328K)
[5403.308s][info][gc,heap        ] GC(1373) ParOldGen: 3705703K(3705856K)->3794911K(3794944K)
[5403.308s][info][gc,metaspace   ] GC(1373) Metaspace: 29149K(29504K)->29149K(29504K) NonClass: 24257K(24384K)->24257K(24384K) Class: 4891K(5120K)->4891K(5120K)
[5403.308s][info][gc             ] GC(1373) Pause Young (Allocation Failure) 6167M->3842M(6276M) 97.914ms
[5403.308s][info][gc,cpu         ] GC(1373) User=0.55s Sys=0.03s Real=0.10s
..[5405.519s][info][gc,start       ] GC(1374) Pause Young (Allocation Failure)
[5405.625s][info][gc,heap        ] GC(1374) PSYoungGen: 2608211K(2632192K)->154453K(2630144K) Eden: 2468864K(2468864K)->0K(2467328K) From: 139347K(163328K)->154453K(162816K)
[5405.625s][info][gc,heap        ] GC(1374) ParOldGen: 3794911K(3794944K)->3885583K(3886080K)
[5405.625s][info][gc,metaspace   ] GC(1374) Metaspace: 29149K(29504K)->29149K(29504K) NonClass: 24257K(24384K)->24257K(24384K) Class: 4891K(5120K)->4891K(5120K)
[5405.625s][info][gc             ] GC(1374) Pause Young (Allocation Failure) 6253M->3945M(6363M) 105.565ms
[5405.625s][info][gc,cpu         ] GC(1374) User=0.60s Sys=0.03s Real=0.11s
.. (rIR:aIR:PR = 8717:8712:8712) (tPR = 130089) [OK] 
  5406s: Performance info:
         Transaction,    Success,    Partial,     Failed,   Receipts, AvgBarcode, 
             Overall,     525971,          0,          0,     499585,      59.47, 
         Response times:
             Request,    Success,    Partial,     Failed,   SkipFail,     Probes,    Samples,      min,      p50,      p90,      p95,      p99,      max, 
       TotalPurchase,     499578,          0,          0,          0,     362721,     408709,      200,     5400,    27000,    62000,   395000,  1100000,
     InStorePurchase,     260872,          0,          0,          0,     191304,     215550,      200,     5500,    28000,    64000,   380000,  1100000,
      OnlinePurchase,     185385,          0,          0,          0,     133155,     149789,      300,     5300,    27000,    61000,   395000,   940000,
        InstPurchase,      53321,          0,          0,          0,      38262,      43370,      400,     5300,    28000,    56000,   349000,   900000,
          AssocOfCat,        524,          0,          0,          0,        426,        604,    21000,    35000,    64000,    91000,   145900,   171000,
      AssocOfProduct,       5227,          0,          0,          0,       3798,       4470,      500,     6300,    28000,    64000,   443000,   680000,
      BusinessReport,       1317,          0,          0,          0,       1180,       1453,    25000,    44000,    90000,   142200,   547000,   700000,
          CustBuyBeh,       5266,          0,          0,          0,       3739,       4435,      100,     5800,    31000,    64000,   490000,   690000,
       ProductReturn,      14058,          0,          0,          0,       9874,      11390,      200,     5800,    32000,    66000,   437000,   680000,

  5406s: (64%)   IR =   8856 .[5407.871s][info][gc,start       ] GC(1375) Pause Young (Allocation Failure)
[5407.976s][info][gc,heap        ] GC(1375) PSYoungGen: 2621781K(2630144K)->148820K(2631680K) Eden: 2467328K(2467328K)->0K(2467328K) From: 154453K(162816K)->148820K(164352K)
[5407.976s][info][gc,heap        ] GC(1375) ParOldGen: 3885583K(3886080K)->3978087K(3978240K)
[5407.976s][info][gc,metaspace   ] GC(1375) Metaspace: 29149K(29504K)->29149K(29504K) NonClass: 24257K(24384K)->24257K(24384K) Class: 4891K(5120K)->4891K(5120K)
[5407.976s][info][gc             ] GC(1375) Pause Young (Allocation Failure) 6354M->4030M(6455M) 104.816ms
[5407.976s][info][gc,cpu         ] GC(1375) User=0.58s Sys=0.03s Real=0.11s
..[5410.099s][info][gc,start       ] GC(1376) Pause Young (Allocation Failure)
[5410.206s][info][gc,heap        ] GC(1376) PSYoungGen: 2616148K(2631680K)->156474K(2628608K) Eden: 2467328K(2467328K)->0K(2465280K) From: 148820K(164352K)->156474K(163328K)
[5410.207s][info][gc,heap        ] GC(1376) ParOldGen: 3978087K(3978240K)->4071367K(4071424K)
[5410.207s][info][gc,metaspace   ] GC(1376) Metaspace: 29149K(29504K)->29149K(29504K) NonClass: 24257K(24384K)->24257K(24384K) Class: 4891K(5120K)->4891K(5120K)
[5410.207s][info][gc             ] GC(1376) Pause Young (Allocation Failure) 6439M->4128M(6543M) 107.770ms
[5410.207s][info][gc,cpu         ] GC(1376) User=0.62s Sys=0.03s Real=0.11s
.[5411.060s][info][gc,start       ] GC(1377) Pause Full (Diagnostic Command)
[5411.060s][info][gc,phases,start] GC(1377) Marking Phase
[5411.349s][info][gc,phases      ] GC(1377) Marking Phase 288.551ms
[5411.349s][info][gc,phases,start] GC(1377) Summary Phase
[5411.349s][info][gc,phases      ] GC(1377) Summary Phase 0.069ms
[5411.349s][info][gc,phases,start] GC(1377) Forward
[5411.532s][info][gc,phases      ] GC(1377) Forward 183.540ms
[5411.532s][info][gc,phases,start] GC(1377) Adjust Pointers
[5411.741s][info][gc,phases      ] GC(1377) Adjust Pointers 208.193ms
[5411.741s][info][gc,phases,start] GC(1377) Compaction Phase
[5411.898s][info][gc,phases      ] GC(1377) Compaction Phase 156.959ms
[5411.900s][info][gc,phases,start] GC(1377) Post Compact
[5411.905s][info][gc,phases      ] GC(1377) Post Compact 4.490ms
[5411.905s][info][gc,heap        ] GC(1377) PSYoungGen: 1239422K(2628608K)->0K(2628608K) Eden: 1082948K(2465280K)->0K(2465280K) From: 156474K(163328K)->0K(163328K)
[5411.905s][info][gc,heap        ] GC(1377) ParOldGen: 4071367K(4071424K)->1156628K(4071424K)
[5411.905s][info][gc,metaspace   ] GC(1377) Metaspace: 29149K(29504K)->29149K(29504K) NonClass: 24257K(24384K)->24257K(24384K) Class: 4891K(5120K)->4891K(5120K)
[5411.905s][info][gc             ] GC(1377) Pause Full (Diagnostic Command) 5186M->1129M(6543M) 844.603ms
[5411.905s][info][gc,cpu         ] GC(1377) User=4.36s Sys=0.00s Real=0.85s
..[5413.483s][info][gc,start       ] GC(1378) Pause Young (Allocation Failure)
[5413.549s][info][gc,heap        ] GC(1378) PSYoungGen: 2465280K(2628608K)->144361K(2630656K) Eden: 2465280K(2465280K)->0K(2465280K) From: 0K(163328K)->144361K(165376K)
[5413.549s][info][gc,heap        ] GC(1378) ParOldGen: 1156628K(4071424K)->1156628K(4071424K)
[5413.549s][info][gc,metaspace   ] GC(1378) Metaspace: 29149K(29504K)->29149K(29504K) NonClass: 24257K(24384K)->24257K(24384K) Class: 4891K(5120K)->4891K(5120K)
[5413.549s][info][gc             ] GC(1378) Pause Young (Allocation Failure) 3537M->1270M(6545M) 65.717ms
[5413.549s][info][gc,cpu         ] GC(1378) User=0.39s Sys=0.00s Real=0.06s
..[5415.641s][info][gc,start       ] GC(1379) Pause Young (Allocation Failure)
[5415.735s][info][gc,heap        ] GC(1379) PSYoungGen: 2609641K(2630656K)->145680K(2626560K) Eden: 2465280K(2465280K)->0K(2466304K) From: 144361K(165376K)->145680K(160256K)
[5415.735s][info][gc,heap        ] GC(1379) ParOldGen: 1156628K(4071424K)->1248668K(4071424K)
[5415.735s][info][gc,metaspace   ] GC(1379) Metaspace: 29149K(29504K)->29149K(29504K) NonClass: 24257K(24384K)->24257K(24384K) Class: 4891K(5120K)->4891K(5120K)
[5415.735s][info][gc             ] GC(1379) Pause Young (Allocation Failure) 3677M->1361M(6541M) 93.838ms
[5415.735s][info][gc,cpu         ] GC(1379) User=0.56s Sys=0.01s Real=0.10s
.|.[5417.924s][info][gc,start       ] GC(1380) Pause Young (Allocation Failure)
[5418.015s][info][gc,heap        ] GC(1380) PSYoungGen: 2611984K(2626560K)->141568K(2629120K) Eden: 2466304K(2466304K)->0K(2466304K) From: 145680K(160256K)->141568K(162816K)
[5418.015s][info][gc,heap        ] GC(1380) ParOldGen: 1248668K(4071424K)->1340044K(4071424K)
[5418.015s][info][gc,metaspace   ] GC(1380) Metaspace: 29149K(29504K)->29149K(29504K) NonClass: 24257K(24384K)->24257K(24384K) Class: 4891K(5120K)->4891K(5120K)
[5418.015s][info][gc             ] GC(1380) Pause Young (Allocation Failure) 3770M->1446M(6543M) 91.221ms
[5418.015s][info][gc,cpu         ] GC(1380) User=0.54s Sys=0.00s Real=0.09s
...[5420.121s][info][gc,start       ] GC(1381) Pause Young (Allocation Failure)
[5420.216s][info][gc,heap        ] GC(1381) PSYoungGen: 2607872K(2629120K)->149648K(2631680K) Eden: 2466304K(2466304K)->0K(2470912K) From: 141568K(162816K)->149648K(160768K)
[5420.216s][info][gc,heap        ] GC(1381) ParOldGen: 1340044K(4071424K)->1430252K(4071424K)
[5420.216s][info][gc,metaspace   ] GC(1381) Metaspace: 29149K(29504K)->29149K(29504K) NonClass: 24257K(24384K)->24257K(24384K) Class: 4891K(5120K)->4891K(5120K)
[5420.216s][info][gc             ] GC(1381) Pause Young (Allocation Failure) 3855M->1542M(6546M) 94.833ms
[5420.216s][info][gc,cpu         ] GC(1381) User=0.56s Sys=0.00s Real=0.10s
..[5422.372s][info][gc,start       ] GC(1382) Pause Young (Allocation Failure)
[5422.465s][info][gc,heap        ] GC(1382) PSYoungGen: 2620560K(2631680K)->142260K(2632704K) Eden: 2470912K(2470912K)->0K(2470912K) From: 149648K(160768K)->142260K(161792K)
[5422.465s][info][gc,heap        ] GC(1382) ParOldGen: 1430252K(4071424K)->1522204K(4071424K)
[5422.465s][info][gc,metaspace   ] GC(1382) Metaspace: 29149K(29504K)->29149K(29504K) NonClass: 24257K(24384K)->24257K(24384K) Class: 4891K(5120K)->4891K(5120K)
[5422.465s][info][gc             ] GC(1382) Pause Young (Allocation Failure) 3955M->1625M(6547M) 92.767ms
[5422.465s][info][gc,cpu         ] GC(1382) User=0.55s Sys=0.00s Real=0.10s
..[5424.670s][info][gc,start       ] GC(1383) Pause Young (Allocation Failure)
[5424.763s][info][gc,heap        ] GC(1383) PSYoungGen: 2613172K(2632704K)->142496K(2631680K) Eden: 2470912K(2470912K)->0K(2472960K) From: 142260K(161792K)->142496K(158720K)
[5424.763s][info][gc,heap        ] GC(1383) ParOldGen: 1522204K(4071424K)->1614044K(4071424K)
[5424.763s][info][gc,metaspace   ] GC(1383) Metaspace: 29149K(29504K)->29149K(29504K) NonClass: 24257K(24384K)->24257K(24384K) Class: 4891K(5120K)->4891K(5120K)
[5424.763s][info][gc             ] GC(1383) Pause Young (Allocation Failure) 4038M->1715M(6546M) 93.413ms
[5424.763s][info][gc,cpu         ] GC(1383) User=0.54s Sys=0.00s Real=0.09s
..[5426.970s][info][gc,start       ] GC(1384) Pause Young (Allocation Failure)
[5427.063s][info][gc,heap        ] GC(1384) PSYoungGen: 2615456K(2631680K)->142048K(2633216K) Eden: 2472960K(2472960K)->0K(2472960K) From: 142496K(158720K)->142048K(160256K)
[5427.063s][info][gc,heap        ] GC(1384) ParOldGen: 1614044K(4071424K)->1707100K(4071424K)
[5427.063s][info][gc,metaspace   ] GC(1384) Metaspace: 29149K(29504K)->29149K(29504K) NonClass: 24257K(24384K)->24257K(24384K) Class: 4891K(5120K)->4891K(5120K)
[5427.063s][info][gc             ] GC(1384) Pause Young (Allocation Failure) 4130M->1805M(6547M) 92.963ms
[5427.063s][info][gc,cpu         ] GC(1384) User=0.55s Sys=0.00s Real=0.10s
...[5429.248s][info][gc,start       ] GC(1385) Pause Young (Allocation Failure)
[5429.337s][info][gc,heap        ] GC(1385) PSYoungGen: 2615008K(2633216K)->136608K(2635264K) Eden: 2472960K(2472960K)->0K(2475520K) From: 142048K(160256K)->136608K(159744K)
[5429.337s][info][gc,heap        ] GC(1385) ParOldGen: 1707100K(4071424K)->1798084K(4071424K)
[5429.337s][info][gc,metaspace   ] GC(1385) Metaspace: 29149K(29504K)->29149K(29504K) NonClass: 24257K(24384K)->24257K(24384K) Class: 4891K(5120K)->4891K(5120K)
[5429.337s][info][gc             ] GC(1385) Pause Young (Allocation Failure) 4220M->1889M(6549M) 89.766ms
[5429.338s][info][gc,cpu         ] GC(1385) User=0.53s Sys=0.00s Real=0.09s
..[5431.555s][info][gc,start       ] GC(1386) Pause Young (Allocation Failure)
[5431.650s][info][gc,heap        ] GC(1386) PSYoungGen: 2612128K(2635264K)->143680K(2619392K) Eden: 2475520K(2475520K)->0K(2475520K) From: 136608K(159744K)->143680K(143872K)
[5431.650s][info][gc,heap        ] GC(1386) ParOldGen: 1798084K(4071424K)->1888652K(4071424K)
[5431.650s][info][gc,metaspace   ] GC(1386) Metaspace: 29149K(29504K)->29149K(29504K) NonClass: 24257K(24384K)->24257K(24384K) Class: 4891K(5120K)->4891K(5120K)
[5431.650s][info][gc             ] GC(1386) Pause Young (Allocation Failure) 4306M->1984M(6534M) 94.945ms
[5431.650s][info][gc,cpu         ] GC(1386) User=0.56s Sys=0.00s Real=0.09s
..[5433.801s][info][gc,start       ] GC(1387) Pause Young (Allocation Failure)
[5433.894s][info][gc,heap        ] GC(1387) PSYoungGen: 2619200K(2619392K)->140224K(2635264K) Eden: 2475520K(2475520K)->0K(2476544K) From: 143680K(143872K)->140224K(158720K)
[5433.894s][info][gc,heap        ] GC(1387) ParOldGen: 1888652K(4071424K)->1983900K(4071424K)
[5433.894s][info][gc,metaspace   ] GC(1387) Metaspace: 29149K(29504K)->29149K(29504K) NonClass: 24257K(24384K)->24257K(24384K) Class: 4891K(5120K)->4891K(5120K)
[5433.894s][info][gc             ] GC(1387) Pause Young (Allocation Failure) 4402M->2074M(6549M) 92.817ms
[5433.894s][info][gc,cpu         ] GC(1387) User=0.56s Sys=0.00s Real=0.10s
..[5436.011s][info][gc,start       ] GC(1388) Pause Young (Allocation Failure)
[5436.104s][info][gc,heap        ] GC(1388) PSYoungGen: 2616768K(2635264K)->144832K(2634752K) Eden: 2476544K(2476544K)->0K(2476544K) From: 140224K(158720K)->144832K(158208K)
[5436.104s][info][gc,heap        ] GC(1388) ParOldGen: 1983900K(4071424K)->2074276K(4071424K)
[5436.104s][info][gc,metaspace   ] GC(1388) Metaspace: 29149K(29504K)->29149K(29504K) NonClass: 24257K(24384K)->24257K(24384K) Class: 4891K(5120K)->4891K(5120K)
[5436.104s][info][gc             ] GC(1388) Pause Young (Allocation Failure) 4492M->2167M(6549M) 93.431ms
[5436.104s][info][gc,cpu         ] GC(1388) User=0.56s Sys=0.00s Real=0.10s
...[5438.317s][info][gc,start       ] GC(1389) Pause Young (Allocation Failure)
[5438.409s][info][gc,heap        ] GC(1389) PSYoungGen: 2621376K(2634752K)->136800K(2636288K) Eden: 2476544K(2476544K)->0K(2479104K) From: 144832K(158208K)->136800K(157184K)
[5438.409s][info][gc,heap        ] GC(1389) ParOldGen: 2074276K(4071424K)->2167916K(4071424K)
[5438.409s][info][gc,metaspace   ] GC(1389) Metaspace: 29149K(29504K)->29149K(29504K) NonClass: 24257K(24384K)->24257K(24384K) Class: 4891K(5120K)->4891K(5120K)
[5438.409s][info][gc             ] GC(1389) Pause Young (Allocation Failure) 4585M->2250M(6550M) 91.589ms
[5438.409s][info][gc,cpu         ] GC(1389) User=0.54s Sys=0.00s Real=0.09s
..[5440.616s][info][gc,start       ] GC(1390) Pause Young (Allocation Failure)
[5440.711s][info][gc,heap        ] GC(1390) PSYoungGen: 2615904K(2636288K)->147680K(2636288K) Eden: 2479104K(2479104K)->0K(2479104K) From: 136800K(157184K)->147680K(157184K)
[5440.711s][info][gc,heap        ] GC(1390) ParOldGen: 2167916K(4071424K)->2258292K(4071424K)
[5440.711s][info][gc,metaspace   ] GC(1390) Metaspace: 29149K(29504K)->29149K(29504K) NonClass: 24257K(24384K)->24257K(24384K) Class: 4891K(5120K)->4891K(5120K)
[5440.711s][info][gc             ] GC(1390) Pause Young (Allocation Failure) 4671M->2349M(6550M) 94.936ms
[5440.711s][info][gc,cpu         ] GC(1390) User=0.56s Sys=0.00s Real=0.09s
..[5442.928s][info][gc,start       ] GC(1391) Pause Young (Allocation Failure)
[5443.023s][info][gc,heap        ] GC(1391) PSYoungGen: 2626784K(2636288K)->143392K(2636800K) Eden: 2479104K(2479104K)->0K(2481664K) From: 147680K(157184K)->143392K(155136K)
[5443.023s][info][gc,heap        ] GC(1391) ParOldGen: 2258292K(4071424K)->2352620K(4071424K)
[5443.023s][info][gc,metaspace   ] GC(1391) Metaspace: 29149K(29504K)->29149K(29504K) NonClass: 24257K(24384K)->24257K(24384K) Class: 4891K(5120K)->4891K(5120K)
[5443.023s][info][gc             ] GC(1391) Pause Young (Allocation Failure) 4770M->2437M(6551M) 94.963ms
[5443.023s][info][gc,cpu         ] GC(1391) User=0.55s Sys=0.00s Real=0.09s
..[5445.145s][info][gc,start       ] GC(1392) Pause Young (Allocation Failure)
[5445.242s][info][gc,heap        ] GC(1392) PSYoungGen: 2625056K(2636800K)->147328K(2637824K) Eden: 2481664K(2481664K)->0K(2481664K) From: 143392K(155136K)->147328K(156160K)
[5445.242s][info][gc,heap        ] GC(1392) ParOldGen: 2352620K(4071424K)->2443972K(4071424K)
[5445.242s][info][gc,metaspace   ] GC(1392) Metaspace: 29149K(29504K)->29149K(29504K) NonClass: 24257K(24384K)->24257K(24384K) Class: 4891K(5120K)->4891K(5120K)
[5445.242s][info][gc             ] GC(1392) Pause Young (Allocation Failure) 4861M->2530M(6552M) 96.576ms
[5445.242s][info][gc,cpu         ] GC(1392) User=0.57s Sys=0.00s Real=0.09s
...[5447.477s][info][gc,start       ] GC(1393) Pause Young (Allocation Failure)
[5447.572s][info][gc,heap        ] GC(1393) PSYoungGen: 2628992K(2637824K)->144256K(2637824K) Eden: 2481664K(2481664K)->0K(2483712K) From: 147328K(156160K)->144256K(154112K)
[5447.572s][info][gc,heap        ] GC(1393) ParOldGen: 2443972K(4071424K)->2536084K(4071424K)
[5447.572s][info][gc,metaspace   ] GC(1393) Metaspace: 29149K(29504K)->29149K(29504K) NonClass: 24257K(24384K)->24257K(24384K) Class: 4891K(5120K)->4891K(5120K)
[5447.572s][info][gc             ] GC(1393) Pause Young (Allocation Failure) 4954M->2617M(6552M) 94.800ms
[5447.572s][info][gc,cpu         ] GC(1393) User=0.56s Sys=0.00s Real=0.09s
..[5449.793s][info][gc,start       ] GC(1394) Pause Young (Allocation Failure)
[5449.891s][info][gc,heap        ] GC(1394) PSYoungGen: 2627968K(2637824K)->149050K(2638848K) Eden: 2483712K(2483712K)->0K(2483712K) From: 144256K(154112K)->149050K(155136K)
[5449.891s][info][gc,heap        ] GC(1394) ParOldGen: 2536084K(4071424K)->2628348K(4071424K)
[5449.891s][info][gc,metaspace   ] GC(1394) Metaspace: 29149K(29504K)->29149K(29504K) NonClass: 24257K(24384K)->24257K(24384K) Class: 4891K(5120K)->4891K(5120K)
[5449.891s][info][gc             ] GC(1394) Pause Young (Allocation Failure) 5043M->2712M(6553M) 98.267ms
[5449.891s][info][gc,cpu         ] GC(1394) User=0.58s Sys=0.00s Real=0.10s
..[5452.154s][info][gc,start       ] GC(1395) Pause Young (Allocation Failure)
[5452.260s][info][gc,heap        ] GC(1395) PSYoungGen: 2632762K(2638848K)->155637K(2562560K) Eden: 2483712K(2483712K)->0K(2406912K) From: 149050K(155136K)->155637K(155648K)
[5452.260s][info][gc,heap        ] GC(1395) ParOldGen: 2628348K(4071424K)->2726140K(4071424K)
[5452.260s][info][gc,metaspace   ] GC(1395) Metaspace: 29149K(29504K)->29149K(29504K) NonClass: 24257K(24384K)->24257K(24384K) Class: 4891K(5120K)->4891K(5120K)
[5452.260s][info][gc             ] GC(1395) Pause Young (Allocation Failure) 5137M->2814M(6478M) 106.263ms
[5452.260s][info][gc,cpu         ] GC(1395) User=0.61s Sys=0.02s Real=0.10s
...[5454.385s][info][gc,start       ] GC(1396) Pause Young (Allocation Failure)
[5454.474s][info][gc,heap        ] GC(1396) PSYoungGen: 2562549K(2562560K)->133504K(2601472K) Eden: 2406912K(2406912K)->0K(2406912K) From: 155637K(155648K)->133504K(194560K)
[5454.474s][info][gc,heap        ] GC(1396) ParOldGen: 2726140K(4071424K)->2815140K(4071424K)
[5454.474s][info][gc,metaspace   ] GC(1396) Metaspace: 29149K(29504K)->29149K(29504K) NonClass: 24257K(24384K)->24257K(24384K) Class: 4891K(5120K)->4891K(5120K)
[5454.474s][info][gc             ] GC(1396) Pause Young (Allocation Failure) 5164M->2879M(6516M) 89.135ms
[5454.474s][info][gc,cpu         ] GC(1396) User=0.52s Sys=0.00s Real=0.09s
..[5456.636s][info][gc,start       ] GC(1397) Pause Young (Allocation Failure)
[5456.730s][info][gc,heap        ] GC(1397) PSYoungGen: 2540416K(2601472K)->141204K(2597376K) Eden: 2406912K(2406912K)->0K(2406912K) From: 133504K(194560K)->141204K(190464K)
[5456.730s][info][gc,heap        ] GC(1397) ParOldGen: 2815140K(4071424K)->2903908K(4071424K)
[5456.730s][info][gc,metaspace   ] GC(1397) Metaspace: 29149K(29504K)->29149K(29504K) NonClass: 24257K(24384K)->24257K(24384K) Class: 4891K(5120K)->4891K(5120K)
[5456.730s][info][gc             ] GC(1397) Pause Young (Allocation Failure) 5230M->2973M(6512M) 93.961ms
[5456.730s][info][gc,cpu         ] GC(1397) User=0.56s Sys=0.00s Real=0.09s
..[5458.843s][info][gc,start       ] GC(1398) Pause Young (Allocation Failure)
[5458.943s][info][gc,heap        ] GC(1398) PSYoungGen: 2548116K(2597376K)->148948K(2599424K) Eden: 2406912K(2406912K)->0K(2406912K) From: 141204K(190464K)->148948K(192512K)
[5458.943s][info][gc,heap        ] GC(1398) ParOldGen: 2903908K(4071424K)->2995012K(4071424K)
[5458.943s][info][gc,metaspace   ] GC(1398) Metaspace: 29149K(29504K)->29149K(29504K) NonClass: 24257K(24384K)->24257K(24384K) Class: 4891K(5120K)->4891K(5120K)
[5458.943s][info][gc             ] GC(1398) Pause Young (Allocation Failure) 5324M->3070M(6514M) 100.029ms
[5458.943s][info][gc,cpu         ] GC(1398) User=0.59s Sys=0.00s Real=0.10s
..[5461.043s][info][gc,start       ] GC(1399) Pause Young (Allocation Failure)
[5461.140s][info][gc,heap        ] GC(1399) PSYoungGen: 2555860K(2599424K)->145072K(2600960K) Eden: 2406912K(2406912K)->0K(2414592K) From: 148948K(192512K)->145072K(186368K)
[5461.140s][info][gc,heap        ] GC(1399) ParOldGen: 2995012K(4071424K)->3087140K(4071424K)
[5461.140s][info][gc,metaspace   ] GC(1399) Metaspace: 29149K(29504K)->29149K(29504K) NonClass: 24257K(24384K)->24257K(24384K) Class: 4891K(5120K)->4891K(5120K)
[5461.140s][info][gc             ] GC(1399) Pause Young (Allocation Failure) 5420M->3156M(6516M) 97.512ms
[5461.140s][info][gc,cpu         ] GC(1399) User=0.57s Sys=0.00s Real=0.10s
..[5463.251s][info][gc,start       ] GC(1400) Pause Young (Allocation Failure)
[5463.348s][info][gc,heap        ] GC(1400) PSYoungGen: 2559664K(2600960K)->145837K(2601472K) Eden: 2414592K(2414592K)->0K(2414592K) From: 145072K(186368K)->145837K(186880K)
[5463.348s][info][gc,heap        ] GC(1400) ParOldGen: 3087140K(4071424K)->3177372K(4071424K)
[5463.348s][info][gc,metaspace   ] GC(1400) Metaspace: 29149K(29504K)->29149K(29504K) NonClass: 24257K(24384K)->24257K(24384K) Class: 4891K(5120K)->4891K(5120K)
[5463.348s][info][gc             ] GC(1400) Pause Young (Allocation Failure) 5514M->3245M(6516M) 97.155ms
[5463.348s][info][gc,cpu         ] GC(1400) User=0.57s Sys=0.00s Real=0.10s
...[5465.496s][info][gc,start       ] GC(1401) Pause Young (Allocation Failure)
[5465.594s][info][gc,heap        ] GC(1401) PSYoungGen: 2560429K(2601472K)->146936K(2606592K) Eden: 2414592K(2414592K)->0K(2425344K) From: 145837K(186880K)->146936K(181248K)
[5465.594s][info][gc,heap        ] GC(1401) ParOldGen: 3177372K(4071424K)->3268204K(4071424K)
[5465.594s][info][gc,metaspace   ] GC(1401) Metaspace: 29149K(29504K)->29149K(29504K) NonClass: 24257K(24384K)->24257K(24384K) Class: 4891K(5120K)->4891K(5120K)
[5465.594s][info][gc             ] GC(1401) Pause Young (Allocation Failure) 5603M->3335M(6521M) 97.979ms
[5465.594s][info][gc,cpu         ] GC(1401) User=0.58s Sys=0.00s Real=0.10s
..[5467.748s][info][gc,start       ] GC(1402) Pause Young (Allocation Failure)
[5467.845s][info][gc,heap        ] GC(1402) PSYoungGen: 2572280K(2606592K)->142020K(2606592K) Eden: 2425344K(2425344K)->0K(2425344K) From: 146936K(181248K)->142020K(181248K)
[5467.845s][info][gc,heap        ] GC(1402) ParOldGen: 3268204K(4071424K)->3359380K(4071424K)
[5467.845s][info][gc,metaspace   ] GC(1402) Metaspace: 29149K(29504K)->29149K(29504K) NonClass: 24257K(24384K)->24257K(24384K) Class: 4891K(5120K)->4891K(5120K)
[5467.845s][info][gc             ] GC(1402) Pause Young (Allocation Failure) 5703M->3419M(6521M) 96.361ms
[5467.845s][info][gc,cpu         ] GC(1402) User=0.56s Sys=0.00s Real=0.10s
..[5470.066s][info][gc,start       ] GC(1403) Pause Young (Allocation Failure)
[5470.162s][info][gc,heap        ] GC(1403) PSYoungGen: 2567364K(2606592K)->149280K(2610176K) Eden: 2425344K(2425344K)->0K(2435072K) From: 142020K(181248K)->149280K(175104K)
[5470.162s][info][gc,heap        ] GC(1403) ParOldGen: 3359380K(4071424K)->3448068K(4071424K)
[5470.162s][info][gc,metaspace   ] GC(1403) Metaspace: 29149K(29504K)->29149K(29504K) NonClass: 24257K(24384K)->24257K(24384K) Class: 4891K(5120K)->4891K(5120K)
[5470.162s][info][gc             ] GC(1403) Pause Young (Allocation Failure) 5787M->3513M(6525M) 96.024ms
[5470.162s][info][gc,cpu         ] GC(1403) User=0.57s Sys=0.00s Real=0.09s
..[5472.322s][info][gc,start       ] GC(1404) Pause Young (Allocation Failure)
[5472.417s][info][gc,heap        ] GC(1404) PSYoungGen: 2584352K(2610176K)->137792K(2611712K) Eden: 2435072K(2435072K)->0K(2435072K) From: 149280K(175104K)->137792K(176640K)
[5472.417s][info][gc,heap        ] GC(1404) ParOldGen: 3448068K(4071424K)->3542452K(4071424K)
[5472.417s][info][gc,metaspace   ] GC(1404) Metaspace: 29149K(29504K)->29149K(29504K) NonClass: 24257K(24384K)->24257K(24384K) Class: 4891K(5120K)->4891K(5120K)
[5472.417s][info][gc             ] GC(1404) Pause Young (Allocation Failure) 5891M->3593M(6526M) 94.757ms
[5472.417s][info][gc,cpu         ] GC(1404) User=0.56s Sys=0.00s Real=0.10s
...[5474.571s][info][gc,start       ] GC(1405) Pause Young (Allocation Failure)
[5474.668s][info][gc,heap        ] GC(1405) PSYoungGen: 2572864K(2611712K)->147476K(2613760K) Eden: 2435072K(2435072K)->0K(2443264K) From: 137792K(176640K)->147476K(170496K)
[5474.668s][info][gc,heap        ] GC(1405) ParOldGen: 3542452K(4071424K)->3631820K(4071424K)
[5474.668s][info][gc,metaspace   ] GC(1405) Metaspace: 29149K(29504K)->29149K(29504K) NonClass: 24257K(24384K)->24257K(24384K) Class: 4891K(5120K)->4891K(5120K)
[5474.668s][info][gc             ] GC(1405) Pause Young (Allocation Failure) 5971M->3690M(6528M) 97.355ms
[5474.669s][info][gc,cpu         ] GC(1405) User=0.58s Sys=0.00s Real=0.10s
.. (rIR:aIR:PR = 8856:8844:8845) (tPR = 131098) [OK] 
  5476s: Performance info:
         Transaction,    Success,    Partial,     Failed,   Receipts, AvgBarcode, 
             Overall,     534625,          0,          0,     507786,      59.47, 
         Response times:
             Request,    Success,    Partial,     Failed,   SkipFail,     Probes,    Samples,      min,      p50,      p90,      p95,      p99,      max, 
       TotalPurchase,     507814,          0,          0,          0,     363174,     420395,      300,     5700,    30000,    62000,   499000,   790000,
     InStorePurchase,     267700,          0,          0,          0,     190983,     221027,      300,     5900,    31000,    63000,   501000,   740000,
      OnlinePurchase,     186619,          0,          0,          0,     134085,     154942,      300,     5500,    29000,    60000,   484000,   740000,
        InstPurchase,      53495,          0,          0,          0,      38106,      44426,      300,     5650,    32000,    65000,   493000,   790000,
          AssocOfCat,        536,          0,          0,          0,        446,        609,    18300,    36000,    64000,    98500,   423000,  1000000,
      AssocOfProduct,       5405,          0,          0,          0,       3863,       4681,      600,     4600,    31000,    58000,   430000,   670000,
      BusinessReport,       1336,          0,          0,          0,       1212,       1562,    24000,    44000,    85000,   130850,   780000,  1100000,
          CustBuyBeh,       5355,          0,          0,          0,       3856,       4620,      200,     6700,    37000,    68000,   533590,   750000,
       ProductReturn,      14206,          0,          0,          0,       9936,      11801,      200,     4400,    24000,    56000,   421000,   750000,

  5476s: (65%)   IR =   8994 [5476.861s][info][gc,start       ] GC(1406) Pause Young (Allocation Failure)
[5476.962s][info][gc,heap        ] GC(1406) PSYoungGen: 2590740K(2613760K)->149728K(2616832K) Eden: 2443264K(2443264K)->0K(2443264K) From: 147476K(170496K)->149728K(173568K)
[5476.962s][info][gc,heap        ] GC(1406) ParOldGen: 3631820K(4071424K)->3723924K(4071424K)
[5476.962s][info][gc,metaspace   ] GC(1406) Metaspace: 29149K(29504K)->29149K(29504K) NonClass: 24257K(24384K)->24257K(24384K) Class: 4891K(5120K)->4891K(5120K)
[5476.962s][info][gc             ] GC(1406) Pause Young (Allocation Failure) 6076M->3782M(6531M) 101.069ms
[5476.962s][info][gc,cpu         ] GC(1406) User=0.59s Sys=0.00s Real=0.10s
..[5479.003s][info][gc,start       ] GC(1407) Pause Young (Allocation Failure)
[5479.103s][info][gc,heap        ] GC(1407) PSYoungGen: 2592992K(2616832K)->150032K(2618368K) Eden: 2443264K(2443264K)->0K(2450944K) From: 149728K(173568K)->150032K(167424K)
[5479.103s][info][gc,heap        ] GC(1407) ParOldGen: 3723924K(4071424K)->3817004K(4071424K)
[5479.103s][info][gc,metaspace   ] GC(1407) Metaspace: 29149K(29504K)->29149K(29504K) NonClass: 24257K(24384K)->24257K(24384K) Class: 4891K(5120K)->4891K(5120K)
[5479.103s][info][gc             ] GC(1407) Pause Young (Allocation Failure) 6168M->3874M(6533M) 100.045ms
[5479.103s][info][gc,cpu         ] GC(1407) User=0.59s Sys=0.00s Real=0.10s
..[5481.247s][info][gc,start       ] GC(1408) Pause Young (Allocation Failure)
[5481.350s][info][gc,heap        ] GC(1408) PSYoungGen: 2600976K(2618368K)->154672K(2620928K) Eden: 2450944K(2450944K)->0K(2450944K) From: 150032K(167424K)->154672K(169984K)
[5481.350s][info][gc,heap        ] GC(1408) ParOldGen: 3817004K(4071424K)->3906044K(4071424K)
[5481.350s][info][gc,metaspace   ] GC(1408) Metaspace: 29149K(29504K)->29149K(29504K) NonClass: 24257K(24384K)->24257K(24384K) Class: 4891K(5120K)->4891K(5120K)
[5481.350s][info][gc             ] GC(1408) Pause Young (Allocation Failure) 6267M->3965M(6535M) 103.507ms
[5481.350s][info][gc,cpu         ] GC(1408) User=0.61s Sys=0.00s Real=0.10s
..[5483.501s][info][gc,start       ] GC(1409) Pause Young (Allocation Failure)
[5483.596s][info][gc,heap        ] GC(1409) PSYoungGen: 2605616K(2620928K)->141760K(2624000K) Eden: 2450944K(2450944K)->0K(2456064K) From: 154672K(169984K)->141760K(167936K)
[5483.596s][info][gc,heap        ] GC(1409) ParOldGen: 3906044K(4071424K)->3997780K(4071424K)
[5483.596s][info][gc,metaspace   ] GC(1409) Metaspace: 29149K(29504K)->29149K(29504K) NonClass: 24257K(24384K)->24257K(24384K) Class: 4891K(5120K)->4891K(5120K)
[5483.596s][info][gc             ] GC(1409) Pause Young (Allocation Failure) 6359M->4042M(6538M) 94.526ms
[5483.596s][info][gc,cpu         ] GC(1409) User=0.56s Sys=0.00s Real=0.10s
...[5485.701s][info][gc,start       ] GC(1410) Pause Young (Allocation Failure)
[5485.797s][info][gc,heap        ] GC(1410) PSYoungGen: 2597824K(2624000K)->142948K(2625024K) Eden: 2456064K(2456064K)->0K(2456064K) From: 141760K(167936K)->142948K(168960K)
[5485.797s][info][gc,heap        ] GC(1410) ParOldGen: 3997780K(4071424K)->4089636K(4089856K)
[5485.797s][info][gc,metaspace   ] GC(1410) Metaspace: 29149K(29504K)->29149K(29504K) NonClass: 24257K(24384K)->24257K(24384K) Class: 4891K(5120K)->4891K(5120K)
[5485.797s][info][gc             ] GC(1410) Pause Young (Allocation Failure) 6441M->4133M(6557M) 96.456ms
[5485.797s][info][gc,cpu         ] GC(1410) User=0.57s Sys=0.00s Real=0.10s
.|.[5487.911s][info][gc,start       ] GC(1411) Pause Young (Allocation Failure)
[5488.012s][info][gc,heap        ] GC(1411) PSYoungGen: 2599012K(2625024K)->147760K(2622976K) Eden: 2456064K(2456064K)->0K(2459136K) From: 142948K(168960K)->147760K(163840K)
[5488.012s][info][gc,heap        ] GC(1411) ParOldGen: 4089636K(4089856K)->4179540K(4179968K)
[5488.012s][info][gc,metaspace   ] GC(1411) Metaspace: 29149K(29504K)->29149K(29504K) NonClass: 24257K(24384K)->24257K(24384K) Class: 4891K(5120K)->4891K(5120K)
[5488.012s][info][gc             ] GC(1411) Pause Young (Allocation Failure) 6531M->4225M(6643M) 101.632ms
[5488.012s][info][gc,cpu         ] GC(1411) User=0.57s Sys=0.02s Real=0.10s
..[5490.173s][info][gc,start       ] GC(1412) Pause Young (Allocation Failure)
[5490.274s][info][gc,heap        ] GC(1412) PSYoungGen: 2606896K(2622976K)->147616K(2625024K) Eden: 2459136K(2459136K)->0K(2459136K) From: 147760K(163840K)->147616K(165888K)
[5490.274s][info][gc,heap        ] GC(1412) ParOldGen: 4179540K(4179968K)->4271156K(4271616K)
[5490.274s][info][gc,metaspace   ] GC(1412) Metaspace: 29149K(29504K)->29149K(29504K) NonClass: 24257K(24384K)->24257K(24384K) Class: 4891K(5120K)->4891K(5120K)
[5490.274s][info][gc             ] GC(1412) Pause Young (Allocation Failure) 6627M->4315M(6735M) 101.106ms
[5490.274s][info][gc,cpu         ] GC(1412) User=0.56s Sys=0.04s Real=0.11s
..[5492.452s][info][gc,start       ] GC(1413) Pause Young (Allocation Failure)
[5492.553s][info][gc,heap        ] GC(1413) PSYoungGen: 2606752K(2625024K)->144564K(2627584K) Eden: 2459136K(2459136K)->0K(2465792K) From: 147616K(165888K)->144564K(161792K)
[5492.553s][info][gc,heap        ] GC(1413) ParOldGen: 4271156K(4271616K)->4364748K(4364800K)
[5492.553s][info][gc,metaspace   ] GC(1413) Metaspace: 29149K(29504K)->29149K(29504K) NonClass: 24257K(24384K)->24257K(24384K) Class: 4891K(5120K)->4891K(5120K)
[5492.553s][info][gc             ] GC(1413) Pause Young (Allocation Failure) 6716M->4403M(6828M) 101.252ms
[5492.553s][info][gc,cpu         ] GC(1413) User=0.57s Sys=0.03s Real=0.10s
...[5494.704s][info][gc,start       ] GC(1414) Pause Young (Allocation Failure)
[5494.803s][info][gc,heap        ] GC(1414) PSYoungGen: 2610356K(2627584K)->143072K(2629120K) Eden: 2465792K(2465792K)->0K(2465792K) From: 144564K(161792K)->143072K(163328K)
[5494.803s][info][gc,heap        ] GC(1414) ParOldGen: 4364748K(4364800K)->4455756K(4455936K)
[5494.803s][info][gc,metaspace   ] GC(1414) Metaspace: 29149K(29504K)->29149K(29504K) NonClass: 24257K(24384K)->24257K(24384K) Class: 4891K(5120K)->4891K(5120K)
[5494.803s][info][gc             ] GC(1414) Pause Young (Allocation Failure) 6811M->4491M(6919M) 99.470ms
[5494.803s][info][gc,cpu         ] GC(1414) User=0.56s Sys=0.03s Real=0.09s
..[5496.970s][info][gc,start       ] GC(1415) Pause Young (Allocation Failure)
[5497.073s][info][gc,heap        ] GC(1415) PSYoungGen: 2608864K(2629120K)->147858K(2630144K) Eden: 2465792K(2465792K)->0K(2470400K) From: 143072K(163328K)->147858K(159744K)
[5497.073s][info][gc,heap        ] GC(1415) ParOldGen: 4455756K(4455936K)->4547708K(4548096K)
[5497.073s][info][gc,metaspace   ] GC(1415) Metaspace: 29149K(29504K)->29149K(29504K) NonClass: 24257K(24384K)->24257K(24384K) Class: 4891K(5120K)->4891K(5120K)
[5497.073s][info][gc             ] GC(1415) Pause Young (Allocation Failure) 6899M->4585M(7010M) 103.650ms
[5497.073s][info][gc,cpu         ] GC(1415) User=0.59s Sys=0.02s Real=0.11s
..[5499.215s][info][gc,start       ] GC(1416) Pause Young (Allocation Failure)
[5499.310s][info][gc,heap        ] GC(1416) PSYoungGen: 2618258K(2630144K)->134752K(2631680K) Eden: 2470400K(2470400K)->0K(2470400K) From: 147858K(159744K)->134752K(161280K)
[5499.310s][info][gc,heap        ] GC(1416) ParOldGen: 4547708K(4548096K)->4638308K(4638720K)
[5499.310s][info][gc,metaspace   ] GC(1416) Metaspace: 29149K(29504K)->29149K(29504K) NonClass: 24257K(24384K)->24257K(24384K) Class: 4891K(5120K)->4891K(5120K)
[5499.310s][info][gc             ] GC(1416) Pause Young (Allocation Failure) 6998M->4661M(7100M) 94.435ms
[5499.310s][info][gc,cpu         ] GC(1416) User=0.52s Sys=0.03s Real=0.09s
..[5501.465s][info][gc,start       ] GC(1417) Pause Young (Allocation Failure)
[5501.561s][info][gc,heap        ] GC(1417) PSYoungGen: 2605152K(2631680K)->138528K(2634240K) Eden: 2470400K(2470400K)->0K(2472448K) From: 134752K(161280K)->138528K(161792K)
[5501.561s][info][gc,heap        ] GC(1417) ParOldGen: 4638308K(4638720K)->4728764K(4728832K)
[5501.561s][info][gc,metaspace   ] GC(1417) Metaspace: 29149K(29504K)->29149K(29504K) NonClass: 24257K(24384K)->24257K(24384K) Class: 4891K(5120K)->4891K(5120K)
[5501.561s][info][gc             ] GC(1417) Pause Young (Allocation Failure) 7073M->4753M(7190M) 96.326ms
[5501.561s][info][gc,cpu         ] GC(1417) User=0.55s Sys=0.03s Real=0.09s
...[5503.683s][info][gc,start       ] GC(1418) Pause Young (Allocation Failure)
[5503.785s][info][gc,heap        ] GC(1418) PSYoungGen: 2610976K(2634240K)->146547K(2619392K) Eden: 2472448K(2472448K)->0K(2472448K) From: 138528K(161792K)->146547K(146944K)
[5503.785s][info][gc,heap        ] GC(1418) ParOldGen: 4728764K(4728832K)->4819988K(4820480K)
[5503.785s][info][gc,metaspace   ] GC(1418) Metaspace: 29149K(29504K)->29149K(29504K) NonClass: 24257K(24384K)->24257K(24384K) Class: 4891K(5120K)->4891K(5120K)
[5503.785s][info][gc             ] GC(1418) Pause Young (Allocation Failure) 7167M->4850M(7265M) 101.710ms
[5503.785s][info][gc,cpu         ] GC(1418) User=0.58s Sys=0.03s Real=0.11s
..[5505.897s][info][gc,start       ] GC(1419) Pause Young (Allocation Failure)
[5505.996s][info][gc,heap        ] GC(1419) PSYoungGen: 2618995K(2619392K)->140896K(2633216K) Eden: 2472448K(2472448K)->0K(2472960K) From: 146547K(146944K)->140896K(160256K)
[5505.996s][info][gc,heap        ] GC(1419) ParOldGen: 4819988K(4820480K)->4913620K(4913664K)
[5505.996s][info][gc,metaspace   ] GC(1419) Metaspace: 29149K(29504K)->29149K(29504K) NonClass: 24257K(24384K)->24257K(24384K) Class: 4891K(5120K)->4891K(5120K)
[5505.996s][info][gc             ] GC(1419) Pause Young (Allocation Failure) 7264M->4936M(7370M) 99.761ms
[5505.996s][info][gc,cpu         ] GC(1419) User=0.56s Sys=0.02s Real=0.10s
..[5508.161s][info][gc,start       ] GC(1420) Pause Young (Allocation Failure)
[5508.262s][info][gc,heap        ] GC(1420) PSYoungGen: 2613856K(2633216K)->147808K(2632704K) Eden: 2472960K(2472960K)->0K(2472960K) From: 140896K(160256K)->147808K(159744K)
[5508.262s][info][gc,heap        ] GC(1420) ParOldGen: 4913620K(4913664K)->5004644K(5004800K)
[5508.262s][info][gc,metaspace   ] GC(1420) Metaspace: 29149K(29504K)->29149K(29504K) NonClass: 24257K(24384K)->24257K(24384K) Class: 4891K(5120K)->4891K(5120K)
[5508.262s][info][gc             ] GC(1420) Pause Young (Allocation Failure) 7351M->5031M(7458M) 101.161ms
[5508.262s][info][gc,cpu         ] GC(1420) User=0.56s Sys=0.03s Real=0.10s
..[5510.460s][info][gc,start       ] GC(1421) Pause Young (Allocation Failure)
[5510.559s][info][gc,heap        ] GC(1421) PSYoungGen: 2620768K(2632704K)->140736K(2635776K) Eden: 2472960K(2472960K)->0K(2476544K) From: 147808K(159744K)->140736K(159232K)
[5510.559s][info][gc,heap        ] GC(1421) ParOldGen: 5004644K(5004800K)->5096716K(5096960K)
[5510.559s][info][gc,metaspace   ] GC(1421) Metaspace: 29149K(29504K)->29149K(29504K) NonClass: 24257K(24384K)->24257K(24384K) Class: 4891K(5120K)->4891K(5120K)
[5510.559s][info][gc             ] GC(1421) Pause Young (Allocation Failure) 7446M->5114M(7551M) 99.239ms
[5510.559s][info][gc,cpu         ] GC(1421) User=0.57s Sys=0.02s Real=0.10s
...[5512.687s][info][gc,start       ] GC(1422) Pause Young (Allocation Failure)
[5512.786s][info][gc,heap        ] GC(1422) PSYoungGen: 2617280K(2635776K)->143072K(2635264K) Eden: 2476544K(2476544K)->0K(2476544K) From: 140736K(159232K)->143072K(158720K)
[5512.786s][info][gc,heap        ] GC(1422) ParOldGen: 5096716K(5096960K)->5187652K(5188096K)
[5512.786s][info][gc,metaspace   ] GC(1422) Metaspace: 29149K(29504K)->29149K(29504K) NonClass: 24257K(24384K)->24257K(24384K) Class: 4891K(5120K)->4891K(5120K)
[5512.786s][info][gc             ] GC(1422) Pause Young (Allocation Failure) 7533M->5205M(7640M) 99.916ms
[5512.786s][info][gc,cpu         ] GC(1422) User=0.56s Sys=0.02s Real=0.10s
..[5514.921s][info][gc,start       ] GC(1423) Pause Young (Allocation Failure)
[5515.021s][info][gc,heap        ] GC(1423) PSYoungGen: 2619616K(2635264K)->145120K(2636288K) Eden: 2476544K(2476544K)->0K(2479104K) From: 143072K(158720K)->145120K(157184K)
[5515.022s][info][gc,heap        ] GC(1423) ParOldGen: 5187652K(5188096K)->5278852K(5279232K)
[5515.022s][info][gc,metaspace   ] GC(1423) Metaspace: 29149K(29504K)->29149K(29504K) NonClass: 24257K(24384K)->24257K(24384K) Class: 4891K(5120K)->4891K(5120K)
[5515.022s][info][gc             ] GC(1423) Pause Young (Allocation Failure) 7624M->5296M(7730M) 100.440ms
[5515.022s][info][gc,cpu         ] GC(1423) User=0.56s Sys=0.04s Real=0.10s
..[5517.219s][info][gc,start       ] GC(1424) Pause Young (Allocation Failure)
[5517.320s][info][gc,heap        ] GC(1424) PSYoungGen: 2624224K(2636288K)->141328K(2635776K) Eden: 2479104K(2479104K)->0K(2479104K) From: 145120K(157184K)->141328K(156672K)
[5517.320s][info][gc,heap        ] GC(1424) ParOldGen: 5278852K(5279232K)->5370828K(5370880K)
[5517.320s][info][gc,metaspace   ] GC(1424) Metaspace: 29149K(29504K)->29149K(29504K) NonClass: 24257K(24384K)->24257K(24384K) Class: 4891K(5120K)->4891K(5120K)
[5517.320s][info][gc             ] GC(1424) Pause Young (Allocation Failure) 7717M->5382M(7819M) 101.504ms
[5517.320s][info][gc,cpu         ] GC(1424) User=0.56s Sys=0.04s Real=0.10s
..[5519.471s][info][gc,start       ] GC(1425) Pause Young (Allocation Failure)
[5519.569s][info][gc,heap        ] GC(1425) PSYoungGen: 2620432K(2635776K)->137888K(2638848K) Eden: 2479104K(2479104K)->0K(2482688K) From: 141328K(156672K)->137888K(156160K)
[5519.569s][info][gc,heap        ] GC(1425) ParOldGen: 5370828K(5370880K)->5463420K(5463552K)
[5519.569s][info][gc,metaspace   ] GC(1425) Metaspace: 29149K(29504K)->29149K(29504K) NonClass: 24257K(24384K)->24257K(24384K) Class: 4891K(5120K)->4891K(5120K)
[5519.569s][info][gc             ] GC(1425) Pause Young (Allocation Failure) 7803M->5470M(7912M) 98.341ms
[5519.569s][info][gc,cpu         ] GC(1425) User=0.55s Sys=0.03s Real=0.10s
...[5521.775s][info][gc,start       ] GC(1426) Pause Young (Allocation Failure)
[5521.876s][info][gc,heap        ] GC(1426) PSYoungGen: 2620576K(2638848K)->144085K(2638336K) Eden: 2482688K(2482688K)->0K(2482688K) From: 137888K(156160K)->144085K(155648K)
[5521.876s][info][gc,heap        ] GC(1426) ParOldGen: 5463420K(5463552K)->5553532K(5553664K)
[5521.876s][info][gc,metaspace   ] GC(1426) Metaspace: 29149K(29504K)->29149K(29504K) NonClass: 24257K(24384K)->24257K(24384K) Class: 4891K(5120K)->4891K(5120K)
[5521.876s][info][gc             ] GC(1426) Pause Young (Allocation Failure) 7894M->5564M(8000M) 100.776ms
[5521.876s][info][gc,cpu         ] GC(1426) User=0.58s Sys=0.02s Real=0.10s
..[5524.003s][info][gc,start       ] GC(1427) Pause Full (Allocation Failure)
[5524.003s][info][gc,phases,start] GC(1427) Marking Phase
[5524.306s][info][gc,phases      ] GC(1427) Marking Phase 302.887ms
[5524.306s][info][gc,phases,start] GC(1427) Summary Phase
[5524.306s][info][gc,phases      ] GC(1427) Summary Phase 0.094ms
[5524.306s][info][gc,phases,start] GC(1427) Forward
[5524.441s][info][gc,phases      ] GC(1427) Forward 134.525ms
[5524.441s][info][gc,phases,start] GC(1427) Adjust Pointers
[5524.643s][info][gc,phases      ] GC(1427) Adjust Pointers 202.251ms
[5524.643s][info][gc,phases,start] GC(1427) Compaction Phase
[5524.771s][info][gc,phases      ] GC(1427) Compaction Phase 127.482ms
[5524.772s][info][gc,phases,start] GC(1427) Post Compact
[5524.779s][info][gc,phases      ] GC(1427) Post Compact 6.851ms
[5524.905s][info][gc,heap        ] GC(1427) PSYoungGen: 2626773K(2638336K)->0K(2638848K) Eden: 2482688K(2482688K)->0K(2484224K) From: 144085K(155648K)->0K(154624K)
[5524.905s][info][gc,heap        ] GC(1427) ParOldGen: 5553532K(5553664K)->1435281K(1694208K)
[5524.905s][info][gc,metaspace   ] GC(1427) Metaspace: 29149K(29504K)->29149K(29504K) NonClass: 24257K(24384K)->24257K(24384K) Class: 4891K(5120K)->4891K(5120K)
[5524.905s][info][gc             ] GC(1427) Pause Full (Allocation Failure) 7988M->1401M(4231M) 901.523ms
[5524.905s][info][gc,cpu         ] GC(1427) User=4.10s Sys=0.13s Real=0.91s
..[5526.298s][info][gc,start       ] GC(1428) Pause Young (Allocation Failure)
[5526.367s][info][gc,heap        ] GC(1428) PSYoungGen: 2484223K(2638848K)->149076K(2638848K) Eden: 2484223K(2484224K)->0K(2484224K) From: 0K(154624K)->149076K(154624K)
[5526.367s][info][gc,heap        ] GC(1428) ParOldGen: 1435281K(1694208K)->1435281K(1694208K)
[5526.367s][info][gc,metaspace   ] GC(1428) Metaspace: 29149K(29504K)->29149K(29504K) NonClass: 24257K(24384K)->24257K(24384K) Class: 4891K(5120K)->4891K(5120K)
[5526.367s][info][gc             ] GC(1428) Pause Young (Allocation Failure) 3827M->1547M(4231M) 68.873ms
[5526.367s][info][gc,cpu         ] GC(1428) User=0.41s Sys=0.00s Real=0.07s
..[5528.455s][info][gc,start       ] GC(1429) Pause Young (Allocation Failure)
[5528.550s][info][gc,heap        ] GC(1429) PSYoungGen: 2633300K(2638848K)->140960K(2640896K) Eden: 2484224K(2484224K)->0K(2485248K) From: 149076K(154624K)->140960K(155648K)
[5528.550s][info][gc,heap        ] GC(1429) ParOldGen: 1435281K(1694208K)->1531653K(1694208K)
[5528.550s][info][gc,metaspace   ] GC(1429) Metaspace: 29149K(29504K)->29149K(29504K) NonClass: 24257K(24384K)->24257K(24384K) Class: 4891K(5120K)->4891K(5120K)
[5528.550s][info][gc             ] GC(1429) Pause Young (Allocation Failure) 3973M->1633M(4233M) 94.972ms
[5528.550s][info][gc,cpu         ] GC(1429) User=0.56s Sys=0.00s Real=0.09s
..[5530.683s][info][gc,start       ] GC(1430) Pause Young (Allocation Failure)
[5530.778s][info][gc,heap        ] GC(1430) PSYoungGen: 2626208K(2640896K)->146036K(2640384K) Eden: 2485248K(2485248K)->0K(2485248K) From: 140960K(155648K)->146036K(155136K)
[5530.778s][info][gc,heap        ] GC(1430) ParOldGen: 1531653K(1694208K)->1624613K(1694208K)
[5530.778s][info][gc,metaspace   ] GC(1430) Metaspace: 29149K(29504K)->29149K(29504K) NonClass: 24257K(24384K)->24257K(24384K) Class: 4891K(5120K)->4891K(5120K)
[5530.778s][info][gc             ] GC(1430) Pause Young (Allocation Failure) 4060M->1729M(4233M) 95.523ms
[5530.778s][info][gc,cpu         ] GC(1430) User=0.57s Sys=0.00s Real=0.10s
..[5533.005s][info][gc,start       ] GC(1431) Pause Young (Allocation Failure)
[5533.102s][info][gc,heap        ] GC(1431) PSYoungGen: 2631284K(2640384K)->147200K(2640384K) Eden: 2485248K(2485248K)->0K(2485248K) From: 146036K(155136K)->147200K(155136K)
[5533.102s][info][gc,heap        ] GC(1431) ParOldGen: 1624613K(1694208K)->1716101K(1716224K)
[5533.102s][info][gc,metaspace   ] GC(1431) Metaspace: 29149K(29504K)->29149K(29504K) NonClass: 24257K(24384K)->24257K(24384K) Class: 4891K(5120K)->4891K(5120K)
[5533.102s][info][gc             ] GC(1431) Pause Young (Allocation Failure) 4156M->1819M(4254M) 96.267ms
[5533.102s][info][gc,cpu         ] GC(1431) User=0.56s Sys=0.01s Real=0.09s
...[5535.193s][info][gc,start       ] GC(1432) Pause Young (Allocation Failure)
[5535.292s][info][gc,heap        ] GC(1432) PSYoungGen: 2632448K(2640384K)->146496K(2640384K) Eden: 2485248K(2485248K)->0K(2485248K) From: 147200K(155136K)->146496K(155136K)
[5535.292s][info][gc,heap        ] GC(1432) ParOldGen: 1716101K(1716224K)->1809237K(1809408K)
[5535.292s][info][gc,metaspace   ] GC(1432) Metaspace: 29149K(29504K)->29149K(29504K) NonClass: 24257K(24384K)->24257K(24384K) Class: 4891K(5120K)->4891K(5120K)
[5535.292s][info][gc             ] GC(1432) Pause Young (Allocation Failure) 4246M->1909M(4345M) 99.465ms
[5535.292s][info][gc,cpu         ] GC(1432) User=0.55s Sys=0.04s Real=0.10s
..[5537.482s][info][gc,start       ] GC(1433) Pause Young (Allocation Failure)
[5537.577s][info][gc,heap        ] GC(1433) PSYoungGen: 2631744K(2640384K)->142816K(2640384K) Eden: 2485248K(2485248K)->0K(2486272K) From: 146496K(155136K)->142816K(154112K)
[5537.577s][info][gc,heap        ] GC(1433) ParOldGen: 1809237K(1809408K)->1899525K(1900032K)
[5537.577s][info][gc,metaspace   ] GC(1433) Metaspace: 29149K(29504K)->29149K(29504K) NonClass: 24257K(24384K)->24257K(24384K) Class: 4891K(5120K)->4891K(5120K)
[5537.577s][info][gc             ] GC(1433) Pause Young (Allocation Failure) 4336M->1994M(4434M) 95.178ms
[5537.577s][info][gc,cpu         ] GC(1433) User=0.53s Sys=0.04s Real=0.10s
..[5539.708s][info][gc,start       ] GC(1434) Pause Young (Allocation Failure)
[5539.808s][info][gc,heap        ] GC(1434) PSYoungGen: 2629088K(2640384K)->145504K(2640384K) Eden: 2486272K(2486272K)->0K(2486272K) From: 142816K(154112K)->145504K(154112K)
[5539.808s][info][gc,heap        ] GC(1434) ParOldGen: 1899525K(1900032K)->1993197K(1993216K)
[5539.808s][info][gc,metaspace   ] GC(1434) Metaspace: 29149K(29504K)->29149K(29504K) NonClass: 24257K(24384K)->24257K(24384K) Class: 4891K(5120K)->4891K(5120K)
[5539.808s][info][gc             ] GC(1434) Pause Young (Allocation Failure) 4422M->2088M(4525M) 99.545ms
[5539.808s][info][gc,cpu         ] GC(1434) User=0.56s Sys=0.03s Real=0.10s
..[5542.027s][info][gc,start       ] GC(1435) Pause Young (Allocation Failure)
[5542.134s][info][gc,heap        ] GC(1435) PSYoungGen: 2631776K(2640384K)->153578K(2569728K) Eden: 2486272K(2486272K)->0K(2416128K) From: 145504K(154112K)->153578K(153600K)
[5542.134s][info][gc,heap        ] GC(1435) ParOldGen: 1993197K(1993216K)->2085085K(2085376K)
[5542.134s][info][gc,metaspace   ] GC(1435) Metaspace: 29149K(29504K)->29149K(29504K) NonClass: 24257K(24384K)->24257K(24384K) Class: 4891K(5120K)->4891K(5120K)
[5542.134s][info][gc             ] GC(1435) Pause Young (Allocation Failure) 4516M->2186M(4546M) 106.866ms
[5542.134s][info][gc,cpu         ] GC(1435) User=0.61s Sys=0.03s Real=0.11s
...[5544.216s][info][gc,start       ] GC(1436) Pause Young (Allocation Failure)
[5544.312s][info][gc,heap        ] GC(1436) PSYoungGen: 2569706K(2569728K)->136453K(2606080K) Eden: 2416128K(2416128K)->0K(2416128K) From: 153578K(153600K)->136453K(189952K)
[5544.312s][info][gc,heap        ] GC(1436) ParOldGen: 2085085K(2085376K)->2179493K(2179584K)
[5544.312s][info][gc,metaspace   ] GC(1436) Metaspace: 29149K(29504K)->29149K(29504K) NonClass: 24257K(24384K)->24257K(24384K) Class: 4891K(5120K)->4891K(5120K)
[5544.312s][info][gc             ] GC(1436) Pause Young (Allocation Failure) 4545M->2261M(4673M) 96.662ms
[5544.312s][info][gc,cpu         ] GC(1436) User=0.54s Sys=0.03s Real=0.09s
..[5546.410s][info][gc,start       ] GC(1437) Pause Young (Allocation Failure)
[5546.505s][info][gc,heap        ] GC(1437) PSYoungGen: 2552581K(2606080K)->138128K(2603520K) Eden: 2416128K(2416128K)->0K(2416640K) From: 136453K(189952K)->138128K(186880K)
[5546.505s][info][gc,heap        ] GC(1437) ParOldGen: 2179493K(2179584K)->2268229K(2268672K)
[5546.505s][info][gc,metaspace   ] GC(1437) Metaspace: 29149K(29504K)->29149K(29504K) NonClass: 24257K(24384K)->24257K(24384K) Class: 4891K(5120K)->4891K(5120K)
[5546.505s][info][gc             ] GC(1437) Pause Young (Allocation Failure) 4621M->2349M(4758M) 95.268ms
[5546.505s][info][gc,cpu         ] GC(1437) User=0.53s Sys=0.02s Real=0.10s
. (rIR:aIR:PR = 8994:8961:8961) (tPR = 133306) [OK] 
  5547s: Performance info:
         Transaction,    Success,    Partial,     Failed,   Receipts, AvgBarcode, 
             Overall,     542790,          0,          0,     515528,      59.48, 
         Response times:
             Request,    Success,    Partial,     Failed,   SkipFail,     Probes,    Samples,      min,      p50,      p90,      p95,      p99,      max, 
       TotalPurchase,     515531,          0,          0,          0,     356151,     427513,      300,     5800,    30000,    66000,   318000,   920000,
     InStorePurchase,     270822,          0,          0,          0,     187652,     224671,      300,     5600,    30000,    64000,   181000,   432000,
      OnlinePurchase,     189965,          0,          0,          0,     130356,     156678,      300,     6000,    31000,    69000,   323000,   920000,
        InstPurchase,      54744,          0,          0,          0,      38143,      46164,      300,     5800,    31000,    63000,   325000,   409000,
          AssocOfCat,        547,          0,          0,          0,        430,        613,    22000,    38000,    80000,   126900,   432000,  1100000,
      AssocOfProduct,       5426,          0,          0,          0,       3762,       4721,      500,     4600,    22800,    51000,   260000,   378000,
      BusinessReport,       1353,          0,          0,          0,       1200,       1584,    25000,    46000,    84000,   130000,   467000,  1100000,
          CustBuyBeh,       5450,          0,          0,          0,       3901,       4912,      300,     5900,    31000,    62350,   327000,   389000,
       ProductReturn,      14471,          0,          0,          0,      10123,      12425,      200,     3700,    21000,    50000,   218000,   366000,

  5547s: (66%)   IR =   9132 .[5548.648s][info][gc,start       ] GC(1438) Pause Young (Allocation Failure)
[5548.748s][info][gc,heap        ] GC(1438) PSYoungGen: 2554768K(2603520K)->144064K(2605056K) Eden: 2416640K(2416640K)->0K(2416640K) From: 138128K(186880K)->144064K(188416K)
[5548.748s][info][gc,heap        ] GC(1438) ParOldGen: 2268229K(2268672K)->2360925K(2361344K)
[5548.748s][info][gc,metaspace   ] GC(1438) Metaspace: 29149K(29504K)->29149K(29504K) NonClass: 24257K(24384K)->24257K(24384K) Class: 4891K(5120K)->4891K(5120K)
[5548.748s][info][gc             ] GC(1438) Pause Young (Allocation Failure) 4709M->2446M(4850M) 99.851ms
[5548.748s][info][gc,cpu         ] GC(1438) User=0.56s Sys=0.03s Real=0.10s
..[5550.801s][info][gc,start       ] GC(1439) Pause Young (Allocation Failure)
[5550.898s][info][gc,heap        ] GC(1439) PSYoungGen: 2560704K(2605056K)->139207K(2605568K) Eden: 2416640K(2416640K)->0K(2421760K) From: 144064K(188416K)->139207K(183808K)
[5550.899s][info][gc,heap        ] GC(1439) ParOldGen: 2360925K(2361344K)->2452045K(2452480K)
[5550.899s][info][gc,metaspace   ] GC(1439) Metaspace: 29149K(29504K)->29149K(29504K) NonClass: 24257K(24384K)->24257K(24384K) Class: 4891K(5120K)->4891K(5120K)
[5550.899s][info][gc             ] GC(1439) Pause Young (Allocation Failure) 4806M->2530M(4939M) 97.768ms
[5550.899s][info][gc,cpu         ] GC(1439) User=0.55s Sys=0.03s Real=0.10s
..[5552.976s][info][gc,start       ] GC(1440) Pause Young (Allocation Failure)
[5553.079s][info][gc,heap        ] GC(1440) PSYoungGen: 2560967K(2605568K)->151705K(2606080K) Eden: 2421760K(2421760K)->0K(2421760K) From: 139207K(183808K)->151705K(184320K)
[5553.079s][info][gc,heap        ] GC(1440) ParOldGen: 2452045K(2452480K)->2539933K(2540032K)
[5553.079s][info][gc,metaspace   ] GC(1440) Metaspace: 29149K(29504K)->29149K(29504K) NonClass: 24257K(24384K)->24257K(24384K) Class: 4891K(5120K)->4891K(5120K)
[5553.079s][info][gc             ] GC(1440) Pause Young (Allocation Failure) 4895M->2628M(5025M) 102.261ms
[5553.079s][info][gc,cpu         ] GC(1440) User=0.57s Sys=0.02s Real=0.10s
..[5555.209s][info][gc,start       ] GC(1441) Pause Young (Allocation Failure)
[5555.308s][info][gc,heap        ] GC(1441) PSYoungGen: 2573465K(2606080K)->141919K(2609664K) Eden: 2421760K(2421760K)->0K(2429952K) From: 151705K(184320K)->141919K(179712K)
[5555.308s][info][gc,heap        ] GC(1441) ParOldGen: 2539933K(2540032K)->2631477K(2631680K)
[5555.308s][info][gc,metaspace   ] GC(1441) Metaspace: 29149K(29504K)->29149K(29504K) NonClass: 24257K(24384K)->24257K(24384K) Class: 4891K(5120K)->4891K(5120K)
[5555.308s][info][gc             ] GC(1441) Pause Young (Allocation Failure) 4993M->2708M(5118M) 99.174ms
[5555.308s][info][gc,cpu         ] GC(1441) User=0.55s Sys=0.04s Real=0.10s
..[5557.354s][info][gc,start       ] GC(1442) Pause Young (Allocation Failure)
[5557.454s][info][gc,heap        ] GC(1442) PSYoungGen: 2571871K(2609664K)->142576K(2609664K) Eden: 2429952K(2429952K)->0K(2429952K) From: 141919K(179712K)->142576K(179712K)
[5557.454s][info][gc,heap        ] GC(1442) ParOldGen: 2631477K(2631680K)->2725109K(2725376K)
[5557.454s][info][gc,metaspace   ] GC(1442) Metaspace: 29149K(29504K)->29149K(29504K) NonClass: 24257K(24384K)->24257K(24384K) Class: 4891K(5120K)->4891K(5120K)
[5557.454s][info][gc             ] GC(1442) Pause Young (Allocation Failure) 5081M->2800M(5210M) 100.606ms
[5557.454s][info][gc,cpu         ] GC(1442) User=0.57s Sys=0.01s Real=0.10s
..[5559.430s][info][gc,start       ] GC(1443) Pause Young (Allocation Failure)
[5559.526s][info][gc,heap        ] GC(1443) PSYoungGen: 2572528K(2609664K)->138304K(2615296K) Eden: 2429952K(2429952K)->0K(2437632K) From: 142576K(179712K)->138304K(177664K)
[5559.526s][info][gc,heap        ] GC(1443) ParOldGen: 2725109K(2725376K)->2816877K(2817024K)
[5559.526s][info][gc,metaspace   ] GC(1443) Metaspace: 29149K(29504K)->29149K(29504K) NonClass: 24257K(24384K)->24257K(24384K) Class: 4891K(5120K)->4891K(5120K)
[5559.526s][info][gc             ] GC(1443) Pause Young (Allocation Failure) 5173M->2885M(5305M) 96.274ms
[5559.526s][info][gc,cpu         ] GC(1443) User=0.55s Sys=0.03s Real=0.10s
..|.[5561.606s][info][gc,start       ] GC(1444) Pause Young (Allocation Failure)
[5561.709s][info][gc,heap        ] GC(1444) PSYoungGen: 2575936K(2615296K)->150324K(2614272K) Eden: 2437632K(2437632K)->0K(2437632K) From: 138304K(177664K)->150324K(176640K)
[5561.709s][info][gc,heap        ] GC(1444) ParOldGen: 2816877K(2817024K)->2906941K(2907136K)
[5561.709s][info][gc,metaspace   ] GC(1444) Metaspace: 29149K(29504K)->29149K(29504K) NonClass: 24257K(24384K)->24257K(24384K) Class: 4891K(5120K)->4891K(5120K)
[5561.709s][info][gc             ] GC(1444) Pause Young (Allocation Failure) 5266M->2985M(5392M) 102.558ms
[5561.709s][info][gc,cpu         ] GC(1444) User=0.58s Sys=0.03s Real=0.10s
..[5563.822s][info][gc,start       ] GC(1445) Pause Young (Allocation Failure)
[5563.920s][info][gc,heap        ] GC(1445) PSYoungGen: 2587956K(2614272K)->142414K(2617344K) Eden: 2437632K(2437632K)->0K(2443776K) From: 150324K(176640K)->142414K(173568K)
[5563.920s][info][gc,heap        ] GC(1445) ParOldGen: 2906941K(2907136K)->2997269K(2997760K)
[5563.920s][info][gc,metaspace   ] GC(1445) Metaspace: 29149K(29504K)->29149K(29504K) NonClass: 24257K(24384K)->24257K(24384K) Class: 4891K(5120K)->4891K(5120K)
[5563.920s][info][gc             ] GC(1445) Pause Young (Allocation Failure) 5366M->3066M(5483M) 98.383ms
[5563.920s][info][gc,cpu         ] GC(1445) User=0.56s Sys=0.02s Real=0.10s
..[5566.026s][info][gc,start       ] GC(1446) Pause Young (Allocation Failure)
[5566.124s][info][gc,heap        ] GC(1446) PSYoungGen: 2586190K(2617344K)->142304K(2616832K) Eden: 2443776K(2443776K)->0K(2443776K) From: 142414K(173568K)->142304K(173056K)
[5566.124s][info][gc,heap        ] GC(1446) ParOldGen: 2997269K(2997760K)->3089101K(3089408K)
[5566.124s][info][gc,metaspace   ] GC(1446) Metaspace: 29149K(29504K)->29149K(29504K) NonClass: 24257K(24384K)->24257K(24384K) Class: 4891K(5120K)->4891K(5120K)
[5566.124s][info][gc             ] GC(1446) Pause Young (Allocation Failure) 5452M->3155M(5572M) 97.776ms
[5566.124s][info][gc,cpu         ] GC(1446) User=0.54s Sys=0.04s Real=0.10s
..[5568.228s][info][gc,start       ] GC(1447) Pause Young (Allocation Failure)
[5568.326s][info][gc,heap        ] GC(1447) PSYoungGen: 2586080K(2616832K)->139994K(2621440K) Eden: 2443776K(2443776K)->0K(2450944K) From: 142304K(173056K)->139994K(170496K)
[5568.326s][info][gc,heap        ] GC(1447) ParOldGen: 3089101K(3089408K)->3181301K(3181568K)
[5568.326s][info][gc,metaspace   ] GC(1447) Metaspace: 29149K(29504K)->29149K(29504K) NonClass: 24257K(24384K)->24257K(24384K) Class: 4891K(5120K)->4891K(5120K)
[5568.326s][info][gc             ] GC(1447) Pause Young (Allocation Failure) 5542M->3243M(5667M) 98.039ms
[5568.326s][info][gc,cpu         ] GC(1447) User=0.55s Sys=0.03s Real=0.10s
..[5570.443s][info][gc,start       ] GC(1448) Pause Young (Allocation Failure)
[5570.538s][info][gc,heap        ] GC(1448) PSYoungGen: 2590938K(2621440K)->139552K(2620928K) Eden: 2450944K(2450944K)->0K(2450944K) From: 139994K(170496K)->139552K(169984K)
[5570.538s][info][gc,heap        ] GC(1448) ParOldGen: 3181301K(3181568K)->3270677K(3271168K)
[5570.538s][info][gc,metaspace   ] GC(1448) Metaspace: 29149K(29504K)->29149K(29504K) NonClass: 24257K(24384K)->24257K(24384K) Class: 4891K(5120K)->4891K(5120K)
[5570.538s][info][gc             ] GC(1448) Pause Young (Allocation Failure) 5636M->3330M(5754M) 95.108ms
[5570.538s][info][gc,cpu         ] GC(1448) User=0.55s Sys=0.01s Real=0.10s
..[5572.599s][info][gc,start       ] GC(1449) Pause Young (Allocation Failure)
[5572.700s][info][gc,heap        ] GC(1449) PSYoungGen: 2590496K(2620928K)->142944K(2624512K) Eden: 2450944K(2450944K)->0K(2457088K) From: 139552K(169984K)->142944K(167424K)
[5572.700s][info][gc,heap        ] GC(1449) ParOldGen: 3270677K(3271168K)->3364149K(3364352K)
[5572.700s][info][gc,metaspace   ] GC(1449) Metaspace: 29149K(29504K)->29149K(29504K) NonClass: 24257K(24384K)->24257K(24384K) Class: 4891K(5120K)->4891K(5120K)
[5572.700s][info][gc             ] GC(1449) Pause Young (Allocation Failure) 5723M->3424M(5848M) 100.903ms
[5572.700s][info][gc,cpu         ] GC(1449) User=0.57s Sys=0.03s Real=0.10s
...[5574.750s][info][gc,start       ] GC(1450) Pause Young (Allocation Failure)
[5574.849s][info][gc,heap        ] GC(1450) PSYoungGen: 2600032K(2624512K)->143536K(2624000K) Eden: 2457088K(2457088K)->0K(2457088K) From: 142944K(167424K)->143536K(166912K)
[5574.849s][info][gc,heap        ] GC(1450) ParOldGen: 3364149K(3364352K)->3454421K(3454464K)
[5574.849s][info][gc,metaspace   ] GC(1450) Metaspace: 29149K(29504K)->29149K(29504K) NonClass: 24257K(24384K)->24257K(24384K) Class: 4891K(5120K)->4891K(5120K)
[5574.849s][info][gc             ] GC(1450) Pause Young (Allocation Failure) 5824M->3513M(5936M) 98.712ms
[5574.849s][info][gc,cpu         ] GC(1450) User=0.55s Sys=0.03s Real=0.10s
..[5576.940s][info][gc,start       ] GC(1451) Pause Young (Allocation Failure)
[5577.038s][info][gc,heap        ] GC(1451) PSYoungGen: 2600624K(2624000K)->143552K(2627584K) Eden: 2457088K(2457088K)->0K(2463232K) From: 143536K(166912K)->143552K(164352K)
[5577.038s][info][gc,heap        ] GC(1451) ParOldGen: 3454421K(3454464K)->3545637K(3546112K)
[5577.038s][info][gc,metaspace   ] GC(1451) Metaspace: 29149K(29504K)->29149K(29504K) NonClass: 24257K(24384K)->24257K(24384K) Class: 4891K(5120K)->4891K(5120K)
[5577.038s][info][gc             ] GC(1451) Pause Young (Allocation Failure) 5913M->3602M(6029M) 98.722ms
[5577.039s][info][gc,cpu         ] GC(1451) User=0.55s Sys=0.03s Real=0.10s
..[5579.073s][info][gc,start       ] GC(1452) Pause Young (Allocation Failure)
[5579.178s][info][gc,heap        ] GC(1452) PSYoungGen: 2606784K(2627584K)->153266K(2626560K) Eden: 2463232K(2463232K)->0K(2463232K) From: 143552K(164352K)->153266K(163328K)
[5579.178s][info][gc,heap        ] GC(1452) ParOldGen: 3545637K(3546112K)->3636397K(3636736K)
[5579.178s][info][gc,metaspace   ] GC(1452) Metaspace: 29149K(29504K)->29149K(29504K) NonClass: 24257K(24384K)->24257K(24384K) Class: 4891K(5120K)->4891K(5120K)
[5579.178s][info][gc             ] GC(1452) Pause Young (Allocation Failure) 6008M->3700M(6116M) 105.035ms
[5579.178s][info][gc,cpu         ] GC(1452) User=0.59s Sys=0.03s Real=0.11s
..[5581.262s][info][gc,start       ] GC(1453) Pause Young (Allocation Failure)
[5581.361s][info][gc,heap        ] GC(1453) PSYoungGen: 2616498K(2626560K)->140005K(2631680K) Eden: 2463232K(2463232K)->0K(2468352K) From: 153266K(163328K)->140005K(163328K)
[5581.361s][info][gc,heap        ] GC(1453) ParOldGen: 3636397K(3636736K)->3730853K(3730944K)
[5581.361s][info][gc,metaspace   ] GC(1453) Metaspace: 29149K(29504K)->29149K(29504K) NonClass: 24257K(24384K)->24257K(24384K) Class: 4891K(5120K)->4891K(5120K)
[5581.361s][info][gc             ] GC(1453) Pause Young (Allocation Failure) 6106M->3780M(6213M) 99.473ms
[5581.361s][info][gc,cpu         ] GC(1453) User=0.56s Sys=0.02s Real=0.10s
..[5583.481s][info][gc,start       ] GC(1454) Pause Young (Allocation Failure)
[5583.581s][info][gc,heap        ] GC(1454) PSYoungGen: 2608357K(2631680K)->145376K(2613760K) Eden: 2468352K(2468352K)->0K(2468352K) From: 140005K(163328K)->145376K(145408K)
[5583.581s][info][gc,heap        ] GC(1454) ParOldGen: 3730853K(3730944K)->3821133K(3821568K)
[5583.581s][info][gc,metaspace   ] GC(1454) Metaspace: 29149K(29504K)->29149K(29504K) NonClass: 24257K(24384K)->24257K(24384K) Class: 4891K(5120K)->4891K(5120K)
[5583.581s][info][gc             ] GC(1454) Pause Young (Allocation Failure) 6190M->3873M(6284M) 100.551ms
[5583.581s][info][gc,cpu         ] GC(1454) User=0.57s Sys=0.02s Real=0.10s
..[5585.738s][info][gc,start       ] GC(1455) Pause Young (Allocation Failure)
[5585.842s][info][gc,heap        ] GC(1455) PSYoungGen: 2613728K(2613760K)->147767K(2631680K) Eden: 2468352K(2468352K)->0K(2469888K) From: 145376K(145408K)->147767K(161792K)
[5585.842s][info][gc,heap        ] GC(1455) ParOldGen: 3821133K(3821568K)->3914653K(3914752K)
[5585.842s][info][gc,metaspace   ] GC(1455) Metaspace: 29149K(29504K)->29149K(29504K) NonClass: 24257K(24384K)->24257K(24384K) Class: 4891K(5120K)->4891K(5120K)
[5585.842s][info][gc             ] GC(1455) Pause Young (Allocation Failure) 6284M->3967M(6393M) 103.452ms
[5585.842s][info][gc,cpu         ] GC(1455) User=0.58s Sys=0.03s Real=0.10s
...[5587.885s][info][gc,start       ] GC(1456) Pause Young (Allocation Failure)
[5587.987s][info][gc,heap        ] GC(1456) PSYoungGen: 2617655K(2631680K)->146496K(2631168K) Eden: 2469888K(2469888K)->0K(2469888K) From: 147767K(161792K)->146496K(161280K)
[5587.987s][info][gc,heap        ] GC(1456) ParOldGen: 3914653K(3914752K)->4008085K(4008448K)
[5587.987s][info][gc,metaspace   ] GC(1456) Metaspace: 29149K(29504K)->29149K(29504K) NonClass: 24257K(24384K)->24257K(24384K) Class: 4891K(5120K)->4891K(5120K)
[5587.987s][info][gc             ] GC(1456) Pause Young (Allocation Failure) 6379M->4057M(6484M) 102.076ms
[5587.987s][info][gc,cpu         ] GC(1456) User=0.56s Sys=0.04s Real=0.10s
..[5590.147s][info][gc,start       ] GC(1457) Pause Young (Allocation Failure)
[5590.246s][info][gc,heap        ] GC(1457) PSYoungGen: 2616384K(2631168K)->146816K(2633728K) Eden: 2469888K(2469888K)->0K(2473984K) From: 146496K(161280K)->146816K(159744K)
[5590.246s][info][gc,heap        ] GC(1457) ParOldGen: 4008085K(4008448K)->4096821K(4097024K)
[5590.246s][info][gc,metaspace   ] GC(1457) Metaspace: 29149K(29504K)->29149K(29504K) NonClass: 24257K(24384K)->24257K(24384K) Class: 4891K(5120K)->4891K(5120K)
[5590.246s][info][gc             ] GC(1457) Pause Young (Allocation Failure) 6469M->4144M(6573M) 99.068ms
[5590.246s][info][gc,cpu         ] GC(1457) User=0.56s Sys=0.03s Real=0.10s
..[5592.352s][info][gc,start       ] GC(1458) Pause Young (Allocation Failure)
[5592.450s][info][gc,heap        ] GC(1458) PSYoungGen: 2620800K(2633728K)->137760K(2633216K) Eden: 2473984K(2473984K)->0K(2473984K) From: 146816K(159744K)->137760K(159232K)
[5592.450s][info][gc,heap        ] GC(1458) ParOldGen: 4096821K(4097024K)->4189437K(4189696K)
[5592.450s][info][gc,metaspace   ] GC(1458) Metaspace: 29149K(29504K)->29149K(29504K) NonClass: 24257K(24384K)->24257K(24384K) Class: 4891K(5120K)->4891K(5120K)
[5592.450s][info][gc             ] GC(1458) Pause Young (Allocation Failure) 6560M->4225M(6663M) 97.334ms
[5592.450s][info][gc,cpu         ] GC(1458) User=0.54s Sys=0.04s Real=0.10s
..[5594.566s][info][gc,start       ] GC(1459) Pause Young (Allocation Failure)
[5594.665s][info][gc,heap        ] GC(1459) PSYoungGen: 2611744K(2633216K)->142848K(2635264K) Eden: 2473984K(2473984K)->0K(2477568K) From: 137760K(159232K)->142848K(157696K)
[5594.665s][info][gc,heap        ] GC(1459) ParOldGen: 4189437K(4189696K)->4280973K(4281344K)
[5594.665s][info][gc,metaspace   ] GC(1459) Metaspace: 29149K(29504K)->29149K(29504K) NonClass: 24257K(24384K)->24257K(24384K) Class: 4891K(5120K)->4891K(5120K)
[5594.665s][info][gc             ] GC(1459) Pause Young (Allocation Failure) 6641M->4320M(6754M) 99.050ms
[5594.666s][info][gc,cpu         ] GC(1459) User=0.57s Sys=0.02s Real=0.10s
..[5596.795s][info][gc,start       ] GC(1460) Pause Young (Allocation Failure)
[5596.902s][info][gc,heap        ] GC(1460) PSYoungGen: 2620416K(2635264K)->156858K(2634752K) Eden: 2477568K(2477568K)->0K(2477568K) From: 142848K(157696K)->156858K(157184K)
[5596.902s][info][gc,heap        ] GC(1460) ParOldGen: 4280973K(4281344K)->4372973K(4372992K)
[5596.902s][info][gc,metaspace   ] GC(1460) Metaspace: 29149K(29504K)->29149K(29504K) NonClass: 24257K(24384K)->24257K(24384K) Class: 4891K(5120K)->4891K(5120K)
[5596.902s][info][gc             ] GC(1460) Pause Young (Allocation Failure) 6739M->4423M(6843M) 106.947ms
[5596.902s][info][gc,cpu         ] GC(1460) User=0.60s Sys=0.02s Real=0.10s
...[5599.052s][info][gc,start       ] GC(1461) Pause Young (Allocation Failure)
[5599.154s][info][gc,heap        ] GC(1461) PSYoungGen: 2634426K(2634752K)->146368K(2636288K) Eden: 2477568K(2477568K)->0K(2475008K) From: 156858K(157184K)->146368K(161280K)
[5599.154s][info][gc,heap        ] GC(1461) ParOldGen: 4372973K(4372992K)->4462549K(4462592K)
[5599.154s][info][gc,metaspace   ] GC(1461) Metaspace: 29149K(29504K)->29149K(29504K) NonClass: 24257K(24384K)->24257K(24384K) Class: 4891K(5120K)->4891K(5120K)
[5599.154s][info][gc             ] GC(1461) Pause Young (Allocation Failure) 6843M->4500M(6932M) 101.772ms
[5599.154s][info][gc,cpu         ] GC(1461) User=0.56s Sys=0.03s Real=0.11s
..[5601.383s][info][gc,start       ] GC(1462) Pause Young (Allocation Failure)
[5601.488s][info][gc,heap        ] GC(1462) PSYoungGen: 2621376K(2636288K)->151033K(2634752K) Eden: 2475008K(2475008K)->0K(2475008K) From: 146368K(161280K)->151033K(159744K)
[5601.488s][info][gc,heap        ] GC(1462) ParOldGen: 4462549K(4462592K)->4556845K(4557312K)
[5601.488s][info][gc,metaspace   ] GC(1462) Metaspace: 29149K(29504K)->29149K(29504K) NonClass: 24257K(24384K)->24257K(24384K) Class: 4891K(5120K)->4891K(5120K)
[5601.488s][info][gc             ] GC(1462) Pause Young (Allocation Failure) 6917M->4597M(7023M) 105.427ms
[5601.488s][info][gc,cpu         ] GC(1462) User=0.59s Sys=0.03s Real=0.11s
..[5603.566s][info][gc,start       ] GC(1463) Pause Young (Allocation Failure)
[5603.666s][info][gc,heap        ] GC(1463) PSYoungGen: 2626041K(2634752K)->143392K(2635776K) Eden: 2475008K(2475008K)->0K(2475520K) From: 151033K(159744K)->143392K(160256K)
[5603.666s][info][gc,heap        ] GC(1463) ParOldGen: 4556845K(4557312K)->4647957K(4648448K)
[5603.666s][info][gc,metaspace   ] GC(1463) Metaspace: 29149K(29504K)->29149K(29504K) NonClass: 24257K(24384K)->24257K(24384K) Class: 4891K(5120K)->4891K(5120K)
[5603.666s][info][gc             ] GC(1463) Pause Young (Allocation Failure) 7014M->4679M(7113M) 100.257ms
[5603.666s][info][gc,cpu         ] GC(1463) User=0.56s Sys=0.04s Real=0.10s
..[5605.775s][info][gc,start       ] GC(1464) Pause Young (Allocation Failure)
[5605.873s][info][gc,heap        ] GC(1464) PSYoungGen: 2618912K(2635776K)->140384K(2635264K) Eden: 2475520K(2475520K)->0K(2475520K) From: 143392K(160256K)->140384K(159744K)
[5605.873s][info][gc,heap        ] GC(1464) ParOldGen: 4647957K(4648448K)->4741469K(4741632K)
[5605.873s][info][gc,metaspace   ] GC(1464) Metaspace: 29149K(29504K)->29149K(29504K) NonClass: 24257K(24384K)->24257K(24384K) Class: 4891K(5120K)->4891K(5120K)
[5605.873s][info][gc             ] GC(1464) Pause Young (Allocation Failure) 7096M->4767M(7204M) 98.585ms
[5605.873s][info][gc,cpu         ] GC(1464) User=0.54s Sys=0.04s Real=0.09s
...[5608.005s][info][gc,start       ] GC(1465) Pause Young (Allocation Failure)
[5608.107s][info][gc,heap        ] GC(1465) PSYoungGen: 2615904K(2635264K)->145696K(2635264K) Eden: 2475520K(2475520K)->0K(2477056K) From: 140384K(159744K)->145696K(158208K)
[5608.107s][info][gc,heap        ] GC(1465) ParOldGen: 4741469K(4741632K)->4832693K(4832768K)
[5608.107s][info][gc,metaspace   ] GC(1465) Metaspace: 29149K(29504K)->29149K(29504K) NonClass: 24257K(24384K)->24257K(24384K) Class: 4891K(5120K)->4891K(5120K)
[5608.107s][info][gc             ] GC(1465) Pause Young (Allocation Failure) 7184M->4861M(7293M) 102.155ms
[5608.107s][info][gc,cpu         ] GC(1465) User=0.57s Sys=0.03s Real=0.10s
..[5610.150s][info][gc,start       ] GC(1466) Pause Young (Allocation Failure)
[5610.251s][info][gc,heap        ] GC(1466) PSYoungGen: 2622752K(2635264K)->148448K(2635264K) Eden: 2477056K(2477056K)->0K(2477056K) From: 145696K(158208K)->148448K(158208K)
[5610.251s][info][gc,heap        ] GC(1466) ParOldGen: 4832693K(4832768K)->4924581K(4924928K)
[5610.251s][info][gc,metaspace   ] GC(1466) Metaspace: 29149K(29504K)->29149K(29504K) NonClass: 24257K(24384K)->24257K(24384K) Class: 4891K(5120K)->4891K(5120K)
[5610.251s][info][gc             ] GC(1466) Pause Young (Allocation Failure) 7280M->4954M(7383M) 101.693ms
[5610.251s][info][gc,cpu         ] GC(1466) User=0.58s Sys=0.02s Real=0.10s
..[5612.374s][info][gc,start       ] GC(1467) Pause Young (Allocation Failure)
[5612.472s][info][gc,heap        ] GC(1467) PSYoungGen: 2625504K(2635264K)->136448K(2636800K) Eden: 2477056K(2477056K)->0K(2479104K) From: 148448K(158208K)->136448K(157696K)
[5612.472s][info][gc,heap        ] GC(1467) ParOldGen: 4924581K(4924928K)->5018589K(5018624K)
[5612.472s][info][gc,metaspace   ] GC(1467) Metaspace: 29149K(29504K)->29149K(29504K) NonClass: 24257K(24384K)->24257K(24384K) Class: 4891K(5120K)->4891K(5120K)
[5612.472s][info][gc             ] GC(1467) Pause Young (Allocation Failure) 7373M->5034M(7476M) 98.076ms
[5612.472s][info][gc,cpu         ] GC(1467) User=0.55s Sys=0.02s Real=0.09s
..[5614.608s][info][gc,start       ] GC(1468) Pause Young (Allocation Failure)
[5614.709s][info][gc,heap        ] GC(1468) PSYoungGen: 2615552K(2636800K)->144453K(2637312K) Eden: 2479104K(2479104K)->0K(2479104K) From: 136448K(157696K)->144453K(158208K)
[5614.709s][info][gc,heap        ] GC(1468) ParOldGen: 5018589K(5018624K)->5109341K(5109760K)
[5614.709s][info][gc,metaspace   ] GC(1468) Metaspace: 29149K(29504K)->29149K(29504K) NonClass: 24257K(24384K)->24257K(24384K) Class: 4891K(5120K)->4891K(5120K)
[5614.709s][info][gc             ] GC(1468) Pause Young (Allocation Failure) 7455M->5130M(7565M) 101.493ms
[5614.709s][info][gc,cpu         ] GC(1468) User=0.57s Sys=0.03s Real=0.10s
..[5616.798s][info][gc,start       ] GC(1469) Pause Young (Allocation Failure)
[5616.901s][info][gc,heap        ] GC(1469) PSYoungGen: 2623557K(2637312K)->146664K(2637312K) Eden: 2479104K(2479104K)->0K(2480640K) From: 144453K(158208K)->146664K(156672K)
[5616.901s][info][gc,heap        ] GC(1469) ParOldGen: 5109341K(5109760K)->5200749K(5200896K)
[5616.901s][info][gc,metaspace   ] GC(1469) Metaspace: 29149K(29504K)->29149K(29504K) NonClass: 24257K(24384K)->24257K(24384K) Class: 4891K(5120K)->4891K(5120K)
[5616.901s][info][gc             ] GC(1469) Pause Young (Allocation Failure) 7551M->5222M(7654M) 102.790ms
[5616.901s][info][gc,cpu         ] GC(1469) User=0.58s Sys=0.03s Real=0.10s
...[5619.175s][info][gc,start       ] GC(1470) Pause Young (Allocation Failure)
[5619.280s][info][gc,heap        ] GC(1470) PSYoungGen: 2627304K(2637312K)->153045K(2637312K) Eden: 2480640K(2480640K)->0K(2480640K) From: 146664K(156672K)->153045K(156672K)
[5619.280s][info][gc,heap        ] GC(1470) ParOldGen: 5200749K(5200896K)->5292221K(5292544K)
[5619.280s][info][gc,metaspace   ] GC(1470) Metaspace: 29149K(29504K)->29149K(29504K) NonClass: 24257K(24384K)->24257K(24384K) Class: 4891K(5120K)->4891K(5120K)
[5619.280s][info][gc             ] GC(1470) Pause Young (Allocation Failure) 7644M->5317M(7744M) 105.514ms
[5619.280s][info][gc,cpu         ] GC(1470) User=0.59s Sys=0.03s Real=0.10s
.. (rIR:aIR:PR = 9132:9114:9114) (tPR = 135455) [OK] 
  5620s: Performance info:
         Transaction,    Success,    Partial,     Failed,   Receipts, AvgBarcode, 
             Overall,     550868,          0,          0,     523020,      59.47, 
         Response times:
             Request,    Success,    Partial,     Failed,   SkipFail,     Probes,    Samples,      min,      p50,      p90,      p95,      p99,      max, 
       TotalPurchase,     523015,          0,          0,          0,     361079,     444688,      200,     5500,    22000,    46000,    84000,   185000,
     InStorePurchase,     275536,          0,          0,          0,     189301,     232867,      200,     5300,    22000,    46000,    82000,   185000,
      OnlinePurchase,     192831,          0,          0,          0,     133341,     164288,      300,     5600,    22000,    47000,    87000,   175000,
        InstPurchase,      54648,          0,          0,          0,      38437,      47533,      300,     5200,    21000,    46000,    83660,   174000,
          AssocOfCat,        553,          0,          0,          0,        438,        625,    21000,    37000,    67000,    93000,   153180,   184000,
      AssocOfProduct,       5549,          0,          0,          0,       4038,       5213,      900,     6800,    26000,    53000,    91000,   149000,
      BusinessReport,       1378,          0,          0,          0,       1226,       1660,    25000,    44000,    74000,    98900,   158390,   227000,
          CustBuyBeh,       5522,          0,          0,          0,       4090,       5355,      200,     4700,    19400,    42000,    82000,   151000,
       ProductReturn,      14845,          0,          0,          0,       9312,      11754,      200,     5700,    21000,    47000,    84000,   147000,

  5620s: (67%)   IR =   9271 [5621.332s][info][gc,start       ] GC(1471) Pause Young (Allocation Failure)
[5621.431s][info][gc,heap        ] GC(1471) PSYoungGen: 2633685K(2637312K)->136576K(2636800K) Eden: 2480640K(2480640K)->0K(2478592K) From: 153045K(156672K)->136576K(158208K)
[5621.431s][info][gc,heap        ] GC(1471) ParOldGen: 5292221K(5292544K)->5385213K(5385216K)
[5621.431s][info][gc,metaspace   ] GC(1471) Metaspace: 29149K(29504K)->29149K(29504K) NonClass: 24257K(24384K)->24257K(24384K) Class: 4891K(5120K)->4891K(5120K)
[5621.431s][info][gc             ] GC(1471) Pause Young (Allocation Failure) 7740M->5392M(7834M) 98.721ms
[5621.431s][info][gc,cpu         ] GC(1471) User=0.54s Sys=0.04s Real=0.10s
..[5623.527s][info][gc,start       ] GC(1472) Pause Young (Allocation Failure)
[5623.631s][info][gc,heap        ] GC(1472) PSYoungGen: 2615168K(2636800K)->147559K(2637312K) Eden: 2478592K(2478592K)->0K(2478592K) From: 136576K(158208K)->147559K(158720K)
[5623.631s][info][gc,heap        ] GC(1472) ParOldGen: 5385213K(5385216K)->5475981K(5476352K)
[5623.631s][info][gc,metaspace   ] GC(1472) Metaspace: 29149K(29504K)->29149K(29504K) NonClass: 24257K(24384K)->24257K(24384K) Class: 4891K(5120K)->4891K(5120K)
[5623.631s][info][gc             ] GC(1472) Pause Young (Allocation Failure) 7812M->5491M(7923M) 103.937ms
[5623.631s][info][gc,cpu         ] GC(1472) User=0.58s Sys=0.03s Real=0.10s
..|[5625.729s][info][gc,start       ] GC(1473) Pause Young (Allocation Failure)
[5625.833s][info][gc,heap        ] GC(1473) PSYoungGen: 2626151K(2637312K)->146368K(2636288K) Eden: 2478592K(2478592K)->0K(2479104K) From: 147559K(158720K)->146368K(157184K)
[5625.833s][info][gc,heap        ] GC(1473) ParOldGen: 5475981K(5476352K)->5569181K(5569536K)
[5625.833s][info][gc,metaspace   ] GC(1473) Metaspace: 29149K(29504K)->29149K(29504K) NonClass: 24257K(24384K)->24257K(24384K) Class: 4891K(5120K)->4891K(5120K)
[5625.833s][info][gc             ] GC(1473) Pause Young (Allocation Failure) 7912M->5581M(8013M) 104.422ms
[5625.833s][info][gc,cpu         ] GC(1473) User=0.58s Sys=0.03s Real=0.10s
..[5627.858s][info][gc,start       ] GC(1474) Pause Full (Allocation Failure)
[5627.858s][info][gc,phases,start] GC(1474) Marking Phase
[5628.147s][info][gc,phases      ] GC(1474) Marking Phase 289.030ms
[5628.147s][info][gc,phases,start] GC(1474) Summary Phase
[5628.148s][info][gc,phases      ] GC(1474) Summary Phase 0.098ms
[5628.148s][info][gc,phases,start] GC(1474) Forward
[5628.274s][info][gc,phases      ] GC(1474) Forward 126.821ms
[5628.274s][info][gc,phases,start] GC(1474) Adjust Pointers
[5628.475s][info][gc,phases      ] GC(1474) Adjust Pointers 200.163ms
[5628.475s][info][gc,phases,start] GC(1474) Compaction Phase
[5628.604s][info][gc,phases      ] GC(1474) Compaction Phase 129.366ms
[5628.606s][info][gc,phases,start] GC(1474) Post Compact
[5628.613s][info][gc,phases      ] GC(1474) Post Compact 6.813ms
[5628.746s][info][gc,heap        ] GC(1474) PSYoungGen: 2625472K(2636288K)->0K(2636800K) Eden: 2479104K(2479104K)->0K(2479104K) From: 146368K(157184K)->0K(157696K)
[5628.746s][info][gc,heap        ] GC(1474) ParOldGen: 5569181K(5569536K)->1427136K(1691648K)
[5628.746s][info][gc,metaspace   ] GC(1474) Metaspace: 29149K(29504K)->29149K(29504K) NonClass: 24257K(24384K)->24257K(24384K) Class: 4891K(5120K)->4891K(5120K)
[5628.746s][info][gc             ] GC(1474) Pause Full (Allocation Failure) 8002M->1393M(4227M) 887.525ms
[5628.746s][info][gc,cpu         ] GC(1474) User=4.04s Sys=0.13s Real=0.89s
..[5630.239s][info][gc,start       ] GC(1475) Pause Young (Allocation Failure)
[5630.304s][info][gc,heap        ] GC(1475) PSYoungGen: 2479104K(2636800K)->141472K(2636288K) Eden: 2479104K(2479104K)->0K(2480640K) From: 0K(157696K)->141472K(155648K)
[5630.304s][info][gc,heap        ] GC(1475) ParOldGen: 1427136K(1691648K)->1427136K(1691648K)
[5630.304s][info][gc,metaspace   ] GC(1475) Metaspace: 29149K(29504K)->29149K(29504K) NonClass: 24257K(24384K)->24257K(24384K) Class: 4891K(5120K)->4891K(5120K)
[5630.304s][info][gc             ] GC(1475) Pause Young (Allocation Failure) 3814M->1531M(4226M) 64.804ms
[5630.304s][info][gc,cpu         ] GC(1475) User=0.37s Sys=0.00s Real=0.07s
..[5632.356s][info][gc,start       ] GC(1476) Pause Young (Allocation Failure)
[5632.446s][info][gc,heap        ] GC(1476) PSYoungGen: 2622112K(2636288K)->141952K(2637312K) Eden: 2480640K(2480640K)->0K(2480640K) From: 141472K(155648K)->141952K(156672K)
[5632.446s][info][gc,heap        ] GC(1476) ParOldGen: 1427136K(1691648K)->1517312K(1691648K)
[5632.446s][info][gc,metaspace   ] GC(1476) Metaspace: 29149K(29504K)->29149K(29504K) NonClass: 24257K(24384K)->24257K(24384K) Class: 4891K(5120K)->4891K(5120K)
[5632.446s][info][gc             ] GC(1476) Pause Young (Allocation Failure) 3954M->1620M(4227M) 90.261ms
[5632.446s][info][gc,cpu         ] GC(1476) User=0.54s Sys=0.00s Real=0.09s
..[5634.624s][info][gc,start       ] GC(1477) Pause Young (Allocation Failure)
[5634.717s][info][gc,heap        ] GC(1477) PSYoungGen: 2622592K(2637312K)->138912K(2638848K) Eden: 2480640K(2480640K)->0K(2483200K) From: 141952K(156672K)->138912K(155648K)
[5634.717s][info][gc,heap        ] GC(1477) ParOldGen: 1517312K(1691648K)->1611832K(1691648K)
[5634.717s][info][gc,metaspace   ] GC(1477) Metaspace: 29149K(29504K)->29149K(29504K) NonClass: 24257K(24384K)->24257K(24384K) Class: 4891K(5120K)->4891K(5120K)
[5634.717s][info][gc             ] GC(1477) Pause Young (Allocation Failure) 4042M->1709M(4229M) 92.584ms
[5634.717s][info][gc,cpu         ] GC(1477) User=0.55s Sys=0.00s Real=0.09s
..[5636.809s][info][gc,start       ] GC(1478) Pause Young (Allocation Failure)
[5636.901s][info][gc,heap        ] GC(1478) PSYoungGen: 2622112K(2638848K)->144256K(2639360K) Eden: 2483200K(2483200K)->0K(2483200K) From: 138912K(155648K)->144256K(156160K)
[5636.901s][info][gc,heap        ] GC(1478) ParOldGen: 1611832K(1691648K)->1701392K(1701888K)
[5636.901s][info][gc,metaspace   ] GC(1478) Metaspace: 29149K(29504K)->29149K(29504K) NonClass: 24257K(24384K)->24257K(24384K) Class: 4891K(5120K)->4891K(5120K)
[5636.901s][info][gc             ] GC(1478) Pause Young (Allocation Failure) 4134M->1802M(4239M) 91.875ms
[5636.901s][info][gc,cpu         ] GC(1478) User=0.54s Sys=0.00s Real=0.09s
...[5638.943s][info][gc,start       ] GC(1479) Pause Young (Allocation Failure)
[5639.044s][info][gc,heap        ] GC(1479) PSYoungGen: 2627456K(2639360K)->148928K(2638848K) Eden: 2483200K(2483200K)->0K(2483712K) From: 144256K(156160K)->148928K(155136K)
[5639.044s][info][gc,heap        ] GC(1479) ParOldGen: 1701392K(1701888K)->1794664K(1795072K)
[5639.044s][info][gc,metaspace   ] GC(1479) Metaspace: 29149K(29504K)->29149K(29504K) NonClass: 24257K(24384K)->24257K(24384K) Class: 4891K(5120K)->4891K(5120K)
[5639.044s][info][gc             ] GC(1479) Pause Young (Allocation Failure) 4227M->1898M(4330M) 101.317ms
[5639.044s][info][gc,cpu         ] GC(1479) User=0.57s Sys=0.03s Real=0.11s
..[5641.118s][info][gc,start       ] GC(1480) Pause Young (Allocation Failure)
[5641.222s][info][gc,heap        ] GC(1480) PSYoungGen: 2632640K(2638848K)->149856K(2639360K) Eden: 2483712K(2483712K)->0K(2483712K) From: 148928K(155136K)->149856K(155648K)
[5641.222s][info][gc,heap        ] GC(1480) ParOldGen: 1794664K(1795072K)->1885264K(1885696K)
[5641.222s][info][gc,metaspace   ] GC(1480) Metaspace: 29149K(29504K)->29149K(29504K) NonClass: 24257K(24384K)->24257K(24384K) Class: 4891K(5120K)->4891K(5120K)
[5641.222s][info][gc             ] GC(1480) Pause Young (Allocation Failure) 4323M->1987M(4419M) 103.470ms
[5641.222s][info][gc,cpu         ] GC(1480) User=0.58s Sys=0.03s Real=0.10s
..[5643.311s][info][gc,start       ] GC(1481) Pause Young (Allocation Failure)
[5643.408s][info][gc,heap        ] GC(1481) PSYoungGen: 2633568K(2639360K)->140448K(2639872K) Eden: 2483712K(2483712K)->0K(2483200K) From: 149856K(155648K)->140448K(156672K)
[5643.408s][info][gc,heap        ] GC(1481) ParOldGen: 1885264K(1885696K)->1979800K(1979904K)
[5643.408s][info][gc,metaspace   ] GC(1481) Metaspace: 29149K(29504K)->29149K(29504K) NonClass: 24257K(24384K)->24257K(24384K) Class: 4891K(5120K)->4891K(5120K)
[5643.408s][info][gc             ] GC(1481) Pause Young (Allocation Failure) 4412M->2070M(4511M) 97.528ms
[5643.408s][info][gc,cpu         ] GC(1481) User=0.55s Sys=0.02s Real=0.10s
..[5645.423s][info][gc,start       ] GC(1482) Pause Young (Allocation Failure)
[5645.519s][info][gc,heap        ] GC(1482) PSYoungGen: 2623648K(2639872K)->140192K(2623488K) Eden: 2483200K(2483200K)->0K(2483200K) From: 140448K(156672K)->140192K(140288K)
[5645.519s][info][gc,heap        ] GC(1482) ParOldGen: 1979800K(1979904K)->2071344K(2071552K)
[5645.519s][info][gc,metaspace   ] GC(1482) Metaspace: 29149K(29504K)->29149K(29504K) NonClass: 24257K(24384K)->24257K(24384K) Class: 4891K(5120K)->4891K(5120K)
[5645.519s][info][gc             ] GC(1482) Pause Young (Allocation Failure) 4495M->2159M(4585M) 96.790ms
[5645.520s][info][gc,cpu         ] GC(1482) User=0.55s Sys=0.03s Real=0.10s
..[5647.678s][info][gc,start       ] GC(1483) Pause Young (Allocation Failure)
[5647.780s][info][gc,heap        ] GC(1483) PSYoungGen: 2623392K(2623488K)->152548K(2636288K) Eden: 2483200K(2483200K)->0K(2480640K) From: 140192K(140288K)->152548K(155648K)
[5647.780s][info][gc,heap        ] GC(1483) ParOldGen: 2071344K(2071552K)->2161744K(2162176K)
[5647.780s][info][gc,metaspace   ] GC(1483) Metaspace: 29149K(29504K)->29149K(29504K) NonClass: 24257K(24384K)->24257K(24384K) Class: 4891K(5120K)->4891K(5120K)
[5647.780s][info][gc             ] GC(1483) Pause Young (Allocation Failure) 4584M->2260M(4686M) 102.094ms
[5647.780s][info][gc,cpu         ] GC(1483) User=0.57s Sys=0.03s Real=0.10s
..[5649.895s][info][gc,start       ] GC(1484) Pause Young (Allocation Failure)
[5649.997s][info][gc,heap        ] GC(1484) PSYoungGen: 2633188K(2636288K)->150544K(2631680K) Eden: 2480640K(2480640K)->0K(2480640K) From: 152548K(155648K)->150544K(151040K)
[5649.997s][info][gc,heap        ] GC(1484) ParOldGen: 2161744K(2162176K)->2253712K(2253824K)
[5649.997s][info][gc,metaspace   ] GC(1484) Metaspace: 29149K(29504K)->29149K(29504K) NonClass: 24257K(24384K)->24257K(24384K) Class: 4891K(5120K)->4891K(5120K)
[5649.997s][info][gc             ] GC(1484) Pause Young (Allocation Failure) 4682M->2347M(4771M) 101.882ms
[5649.997s][info][gc,cpu         ] GC(1484) User=0.57s Sys=0.03s Real=0.10s
...[5652.117s][info][gc,start       ] GC(1485) Pause Young (Allocation Failure)
[5652.221s][info][gc,heap        ] GC(1485) PSYoungGen: 2631184K(2631680K)->154032K(2634240K) Eden: 2480640K(2480640K)->0K(2475520K) From: 150544K(151040K)->154032K(158720K)
[5652.221s][info][gc,heap        ] GC(1485) ParOldGen: 2253712K(2253824K)->2346832K(2347008K)
[5652.221s][info][gc,metaspace   ] GC(1485) Metaspace: 29149K(29504K)->29149K(29504K) NonClass: 24257K(24384K)->24257K(24384K) Class: 4891K(5120K)->4891K(5120K)
[5652.221s][info][gc             ] GC(1485) Pause Young (Allocation Failure) 4770M->2442M(4864M) 104.056ms
[5652.221s][info][gc,cpu         ] GC(1485) User=0.59s Sys=0.03s Real=0.10s
..[5654.271s][info][gc,start       ] GC(1486) Pause Young (Allocation Failure)
[5654.374s][info][gc,heap        ] GC(1486) PSYoungGen: 2629552K(2634240K)->150984K(2626560K) Eden: 2475520K(2475520K)->0K(2475520K) From: 154032K(158720K)->150984K(151040K)
[5654.374s][info][gc,heap        ] GC(1486) ParOldGen: 2346832K(2347008K)->2438056K(2438144K)
[5654.374s][info][gc,metaspace   ] GC(1486) Metaspace: 29149K(29504K)->29149K(29504K) NonClass: 24257K(24384K)->24257K(24384K) Class: 4891K(5120K)->4891K(5120K)
[5654.374s][info][gc             ] GC(1486) Pause Young (Allocation Failure) 4859M->2528M(4946M) 103.545ms
[5654.374s][info][gc,cpu         ] GC(1486) User=0.59s Sys=0.03s Real=0.11s
..[5656.511s][info][gc,start       ] GC(1487) Pause Young (Allocation Failure)
[5656.611s][info][gc,heap        ] GC(1487) PSYoungGen: 2626504K(2626560K)->147154K(2636288K) Eden: 2475520K(2475520K)->0K(2475520K) From: 150984K(151040K)->147154K(160768K)
[5656.611s][info][gc,heap        ] GC(1487) ParOldGen: 2438056K(2438144K)->2529136K(2529280K)
[5656.611s][info][gc,metaspace   ] GC(1487) Metaspace: 29149K(29504K)->29149K(29504K) NonClass: 24257K(24384K)->24257K(24384K) Class: 4891K(5120K)->4891K(5120K)
[5656.611s][info][gc             ] GC(1487) Pause Young (Allocation Failure) 4945M->2613M(5044M) 100.394ms
[5656.611s][info][gc,cpu         ] GC(1487) User=0.56s Sys=0.04s Real=0.10s
..[5658.553s][info][gc,start       ] GC(1488) Pause Young (Allocation Failure)
[5658.653s][info][gc,heap        ] GC(1488) PSYoungGen: 2622674K(2636288K)->141984K(2617856K) Eden: 2475520K(2475520K)->0K(2475520K) From: 147154K(160768K)->141984K(142336K)
[5658.653s][info][gc,heap        ] GC(1488) ParOldGen: 2529136K(2529280K)->2624704K(2625024K)
[5658.653s][info][gc,metaspace   ] GC(1488) Metaspace: 29149K(29504K)->29149K(29504K) NonClass: 24257K(24384K)->24257K(24384K) Class: 4891K(5120K)->4891K(5120K)
[5658.653s][info][gc             ] GC(1488) Pause Young (Allocation Failure) 5031M->2701M(5120M) 99.948ms
[5658.653s][info][gc,cpu         ] GC(1488) User=0.55s Sys=0.04s Real=0.10s
..[5660.784s][info][gc,start       ] GC(1489) Pause Young (Allocation Failure)
[5660.885s][info][gc,heap        ] GC(1489) PSYoungGen: 2617504K(2617856K)->147712K(2635776K) Eden: 2475520K(2475520K)->0K(2476544K) From: 141984K(142336K)->147712K(159232K)
[5660.885s][info][gc,heap        ] GC(1489) ParOldGen: 2624704K(2625024K)->2713752K(2714112K)
[5660.885s][info][gc,metaspace   ] GC(1489) Metaspace: 29149K(29504K)->29149K(29504K) NonClass: 24257K(24384K)->24257K(24384K) Class: 4891K(5120K)->4891K(5120K)
[5660.885s][info][gc             ] GC(1489) Pause Young (Allocation Failure) 5119M->2794M(5224M) 100.543ms
[5660.885s][info][gc,cpu         ] GC(1489) User=0.55s Sys=0.04s Real=0.10s
..[5662.964s][info][gc,start       ] GC(1490) Pause Young (Allocation Failure)
[5663.064s][info][gc,heap        ] GC(1490) PSYoungGen: 2624256K(2635776K)->144640K(2634752K) Eden: 2476544K(2476544K)->0K(2476544K) From: 147712K(159232K)->144640K(158208K)
[5663.064s][info][gc,heap        ] GC(1490) ParOldGen: 2713752K(2714112K)->2809216K(2809344K)
[5663.064s][info][gc,metaspace   ] GC(1490) Metaspace: 29149K(29504K)->29149K(29504K) NonClass: 24257K(24384K)->24257K(24384K) Class: 4891K(5120K)->4891K(5120K)
[5663.064s][info][gc             ] GC(1490) Pause Young (Allocation Failure) 5212M->2884M(5316M) 100.147ms
[5663.064s][info][gc,cpu         ] GC(1490) User=0.57s Sys=0.03s Real=0.10s
...[5665.086s][info][gc,start       ] GC(1491) Pause Young (Allocation Failure)
[5665.184s][info][gc,heap        ] GC(1491) PSYoungGen: 2621184K(2634752K)->145472K(2636800K) Eden: 2476544K(2476544K)->0K(2479616K) From: 144640K(158208K)->145472K(157184K)
[5665.184s][info][gc,heap        ] GC(1491) ParOldGen: 2809216K(2809344K)->2899896K(2899968K)
[5665.184s][info][gc,metaspace   ] GC(1491) Metaspace: 29149K(29504K)->29149K(29504K) NonClass: 24257K(24384K)->24257K(24384K) Class: 4891K(5120K)->4891K(5120K)
[5665.184s][info][gc             ] GC(1491) Pause Young (Allocation Failure) 5303M->2973M(5407M) 98.335ms
[5665.184s][info][gc,cpu         ] GC(1491) User=0.54s Sys=0.04s Real=0.10s
..[5667.252s][info][gc,start       ] GC(1492) Pause Young (Allocation Failure)
[5667.357s][info][gc,heap        ] GC(1492) PSYoungGen: 2625088K(2636800K)->151935K(2636288K) Eden: 2479616K(2479616K)->0K(2479616K) From: 145472K(157184K)->151935K(156672K)
[5667.357s][info][gc,heap        ] GC(1492) ParOldGen: 2899896K(2899968K)->2992160K(2992640K)
[5667.357s][info][gc,metaspace   ] GC(1492) Metaspace: 29149K(29504K)->29149K(29504K) NonClass: 24257K(24384K)->24257K(24384K) Class: 4891K(5120K)->4891K(5120K)
[5667.357s][info][gc             ] GC(1492) Pause Young (Allocation Failure) 5395M->3070M(5497M) 105.482ms
[5667.357s][info][gc,cpu         ] GC(1492) User=0.60s Sys=0.02s Real=0.11s
..[5669.381s][info][gc,start       ] GC(1493) Pause Young (Allocation Failure)
[5669.477s][info][gc,heap        ] GC(1493) PSYoungGen: 2631551K(2636288K)->139712K(2638336K) Eden: 2479616K(2479616K)->0K(2480640K) From: 151935K(156672K)->139712K(157696K)
[5669.477s][info][gc,heap        ] GC(1493) ParOldGen: 2992160K(2992640K)->3081392K(3081728K)
[5669.477s][info][gc,metaspace   ] GC(1493) Metaspace: 29149K(29504K)->29149K(29504K) NonClass: 24257K(24384K)->24257K(24384K) Class: 4891K(5120K)->4891K(5120K)
[5669.477s][info][gc             ] GC(1493) Pause Young (Allocation Failure) 5491M->3145M(5586M) 96.231ms
[5669.477s][info][gc,cpu         ] GC(1493) User=0.54s Sys=0.02s Real=0.10s
..[5671.561s][info][gc,start       ] GC(1494) Pause Young (Allocation Failure)
[5671.661s][info][gc,heap        ] GC(1494) PSYoungGen: 2620352K(2638336K)->145728K(2626560K) Eden: 2480640K(2480640K)->0K(2480640K) From: 139712K(157696K)->145728K(145920K)
[5671.661s][info][gc,heap        ] GC(1494) ParOldGen: 3081392K(3081728K)->3172392K(3172864K)
[5671.661s][info][gc,metaspace   ] GC(1494) Metaspace: 29149K(29504K)->29149K(29504K) NonClass: 24257K(24384K)->24257K(24384K) Class: 4891K(5120K)->4891K(5120K)
[5671.661s][info][gc             ] GC(1494) Pause Young (Allocation Failure) 5568M->3240M(5663M) 99.760ms
[5671.661s][info][gc,cpu         ] GC(1494) User=0.56s Sys=0.03s Real=0.10s
..[5673.873s][info][gc,start       ] GC(1495) Pause Young (Allocation Failure)
[5673.977s][info][gc,heap        ] GC(1495) PSYoungGen: 2626368K(2626560K)->150680K(2636800K) Eden: 2480640K(2480640K)->0K(2480128K) From: 145728K(145920K)->150680K(156672K)
[5673.977s][info][gc,heap        ] GC(1495) ParOldGen: 3172392K(3172864K)->3267128K(3267584K)
[5673.977s][info][gc,metaspace   ] GC(1495) Metaspace: 29149K(29504K)->29149K(29504K) NonClass: 24257K(24384K)->24257K(24384K) Class: 4891K(5120K)->4891K(5120K)
[5673.977s][info][gc             ] GC(1495) Pause Young (Allocation Failure) 5662M->3337M(5766M) 103.762ms
[5673.977s][info][gc,cpu         ] GC(1495) User=0.58s Sys=0.03s Real=0.11s
..[5676.034s][info][gc,start       ] GC(1496) Pause Young (Allocation Failure)
[5676.135s][info][gc,heap        ] GC(1496) PSYoungGen: 2630808K(2636800K)->142528K(2637312K) Eden: 2480128K(2480128K)->0K(2480128K) From: 150680K(156672K)->142528K(157184K)
[5676.135s][info][gc,heap        ] GC(1496) ParOldGen: 3267128K(3267584K)->3360016K(3360256K)
[5676.135s][info][gc,metaspace   ] GC(1496) Metaspace: 29149K(29504K)->29149K(29504K) NonClass: 24257K(24384K)->24257K(24384K) Class: 4891K(5120K)->4891K(5120K)
[5676.135s][info][gc             ] GC(1496) Pause Young (Allocation Failure) 5759M->3420M(5857M) 100.207ms
[5676.135s][info][gc,cpu         ] GC(1496) User=0.56s Sys=0.02s Real=0.10s
...[5678.261s][info][gc,start       ] GC(1497) Pause Young (Allocation Failure)
[5678.358s][info][gc,heap        ] GC(1497) PSYoungGen: 2622656K(2637312K)->138432K(2638848K) Eden: 2480128K(2480128K)->0K(2481664K) From: 142528K(157184K)->138432K(157184K)
[5678.358s][info][gc,heap        ] GC(1497) ParOldGen: 3360016K(3360256K)->3451160K(3451392K)
[5678.358s][info][gc,metaspace   ] GC(1497) Metaspace: 29149K(29504K)->29149K(29504K) NonClass: 24257K(24384K)->24257K(24384K) Class: 4891K(5120K)->4891K(5120K)
[5678.358s][info][gc             ] GC(1497) Pause Young (Allocation Failure) 5842M->3505M(5947M) 97.005ms
[5678.358s][info][gc,cpu         ] GC(1497) User=0.54s Sys=0.04s Real=0.10s
..[5680.447s][info][gc,start       ] GC(1498) Pause Young (Allocation Failure)
[5680.545s][info][gc,heap        ] GC(1498) PSYoungGen: 2620096K(2638848K)->139712K(2638848K) Eden: 2481664K(2481664K)->0K(2481664K) From: 138432K(157184K)->139712K(157184K)
[5680.545s][info][gc,heap        ] GC(1498) ParOldGen: 3451160K(3451392K)->3542336K(3542528K)
[5680.545s][info][gc,metaspace   ] GC(1498) Metaspace: 29149K(29504K)->29149K(29504K) NonClass: 24257K(24384K)->24257K(24384K) Class: 4891K(5120K)->4891K(5120K)
[5680.545s][info][gc             ] GC(1498) Pause Young (Allocation Failure) 5928M->3595M(6036M) 97.894ms
[5680.545s][info][gc,cpu         ] GC(1498) User=0.55s Sys=0.03s Real=0.10s
..[5682.591s][info][gc,start       ] GC(1499) Pause Young (Allocation Failure)
[5682.690s][info][gc,heap        ] GC(1499) PSYoungGen: 2621376K(2638848K)->142451K(2636800K) Eden: 2481664K(2481664K)->0K(2481664K) From: 139712K(157184K)->142451K(155136K)
[5682.690s][info][gc,heap        ] GC(1499) ParOldGen: 3542336K(3542528K)->3633840K(3634176K)
[5682.690s][info][gc,metaspace   ] GC(1499) Metaspace: 29149K(29504K)->29149K(29504K) NonClass: 24257K(24384K)->24257K(24384K) Class: 4891K(5120K)->4891K(5120K)
[5682.690s][info][gc             ] GC(1499) Pause Young (Allocation Failure) 6019M->3687M(6124M) 99.333ms
[5682.690s][info][gc,cpu         ] GC(1499) User=0.56s Sys=0.03s Real=0.10s
..[5684.708s][info][gc,start       ] GC(1500) Pause Young (Allocation Failure)
[5684.812s][info][gc,heap        ] GC(1500) PSYoungGen: 2624115K(2636800K)->154868K(2636800K) Eden: 2481664K(2481664K)->0K(2481664K) From: 142451K(155136K)->154868K(155136K)
[5684.812s][info][gc,heap        ] GC(1500) ParOldGen: 3633840K(3634176K)->3724416K(3724800K)
[5684.812s][info][gc,metaspace   ] GC(1500) Metaspace: 29149K(29504K)->29149K(29504K) NonClass: 24257K(24384K)->24257K(24384K) Class: 4891K(5120K)->4891K(5120K)
[5684.812s][info][gc             ] GC(1500) Pause Young (Allocation Failure) 6111M->3788M(6212M) 104.205ms
[5684.812s][info][gc,cpu         ] GC(1500) User=0.59s Sys=0.03s Real=0.10s
. (rIR:aIR:PR = 9271:9278:9278) (tPR = 137877) [OK] 
  5685s: Performance info:
         Transaction,    Success,    Partial,     Failed,   Receipts, AvgBarcode, 
             Overall,     557826,          0,          0,     529912,      59.47, 
         Response times:
             Request,    Success,    Partial,     Failed,   SkipFail,     Probes,    Samples,      min,      p50,      p90,      p95,      p99,      max, 
       TotalPurchase,     529910,          0,          0,          0,     352900,     387022,      200,     5800,    37000,    74000,   351000,   384000,
     InStorePurchase,     278948,          0,          0,          0,     185898,     203665,      200,     5700,    37000,    72000,   378000,   384000,
      OnlinePurchase,     195244,          0,          0,          0,     129890,     142515,      300,     5900,    38000,    77000,   351000,   384000,
        InstPurchase,      55718,          0,          0,          0,      37112,      40842,      300,     6100,    38000,    74000,   294000,   382000,
          AssocOfCat,        557,          0,          0,          0,        457,        606,    19800,    38000,    81000,   131200,   638600,   720000,
      AssocOfProduct,       5568,          0,          0,          0,       4021,       4573,      700,     6500,    42000,    79000,   450000,   450000,
      BusinessReport,       1383,          0,          0,          0,       1208,       1424,    24000,    46000,   102000,   169750,   593000,   630000,
          CustBuyBeh,       5606,          0,          0,          0,       4072,       4614,      100,     4700,    35000,    66000,   461800,   512000,
       ProductReturn,      14800,          0,          0,          0,       9319,      10525,      200,     5600,    36000,    74000,   289000,   377000,

  5685s: (68%)   IR =   9409 .[5686.809s][info][gc,start       ] GC(1501) Pause Young (Allocation Failure)
[5686.912s][info][gc,heap        ] GC(1501) PSYoungGen: 2636532K(2636800K)->146448K(2638336K) Eden: 2481664K(2481664K)->0K(2479616K) From: 154868K(155136K)->146448K(158720K)
[5686.912s][info][gc,heap        ] GC(1501) ParOldGen: 3724416K(3724800K)->3819192K(3819520K)
[5686.912s][info][gc,metaspace   ] GC(1501) Metaspace: 29149K(29504K)->29149K(29504K) NonClass: 24257K(24384K)->24257K(24384K) Class: 4891K(5120K)->4891K(5120K)
[5686.912s][info][gc             ] GC(1501) Pause Young (Allocation Failure) 6211M->3872M(6306M) 102.683ms
[5686.912s][info][gc,cpu         ] GC(1501) User=0.57s Sys=0.03s Real=0.10s
..[5688.998s][info][gc,start       ] GC(1502) Pause Young (Allocation Failure)
[5689.100s][info][gc,heap        ] GC(1502) PSYoungGen: 2626064K(2638336K)->150976K(2637312K) Eden: 2479616K(2479616K)->0K(2479616K) From: 146448K(158720K)->150976K(157696K)
[5689.100s][info][gc,heap        ] GC(1502) ParOldGen: 3819192K(3819520K)->3911040K(3911168K)
[5689.100s][info][gc,metaspace   ] GC(1502) Metaspace: 29149K(29504K)->29149K(29504K) NonClass: 24257K(24384K)->24257K(24384K) Class: 4891K(5120K)->4891K(5120K)
[5689.100s][info][gc             ] GC(1502) Pause Young (Allocation Failure) 6294M->3966M(6395M) 102.611ms
[5689.100s][info][gc,cpu         ] GC(1502) User=0.57s Sys=0.04s Real=0.10s
..[5691.114s][info][gc,start       ] GC(1503) Pause Young (Allocation Failure)
[5691.218s][info][gc,heap        ] GC(1503) PSYoungGen: 2630592K(2637312K)->153971K(2634240K) Eden: 2479616K(2479616K)->0K(2475520K) From: 150976K(157696K)->153971K(158720K)
[5691.219s][info][gc,heap        ] GC(1503) ParOldGen: 3911040K(3911168K)->4003120K(4003328K)
[5691.219s][info][gc,metaspace   ] GC(1503) Metaspace: 29149K(29504K)->29149K(29504K) NonClass: 24257K(24384K)->24257K(24384K) Class: 4891K(5120K)->4891K(5120K)
[5691.219s][info][gc             ] GC(1503) Pause Young (Allocation Failure) 6388M->4059M(6482M) 104.033ms
[5691.219s][info][gc,cpu         ] GC(1503) User=0.59s Sys=0.02s Real=0.10s
..[5693.219s][info][gc,start       ] GC(1504) Pause Young (Allocation Failure)
[5693.315s][info][gc,heap        ] GC(1504) PSYoungGen: 2629491K(2634240K)->132800K(2608640K) Eden: 2475520K(2475520K)->0K(2475520K) From: 153971K(158720K)->132800K(133120K)
[5693.315s][info][gc,heap        ] GC(1504) ParOldGen: 4003120K(4003328K)->4098280K(4098560K)
[5693.315s][info][gc,metaspace   ] GC(1504) Metaspace: 29149K(29504K)->29149K(29504K) NonClass: 24257K(24384K)->24257K(24384K) Class: 4891K(5120K)->4891K(5120K)
[5693.315s][info][gc             ] GC(1504) Pause Young (Allocation Failure) 6477M->4131M(6550M) 96.611ms
[5693.315s][info][gc,cpu         ] GC(1504) User=0.54s Sys=0.03s Real=0.10s
...[5695.452s][info][gc,start       ] GC(1505) Pause Young (Allocation Failure)
[5695.550s][info][gc,heap        ] GC(1505) PSYoungGen: 2608320K(2608640K)->144608K(2635776K) Eden: 2475520K(2475520K)->0K(2474496K) From: 132800K(133120K)->144608K(161280K)
[5695.550s][info][gc,heap        ] GC(1505) ParOldGen: 4098280K(4098560K)->4186264K(4186624K)
[5695.550s][info][gc,metaspace   ] GC(1505) Metaspace: 29149K(29504K)->29149K(29504K) NonClass: 24257K(24384K)->24257K(24384K) Class: 4891K(5120K)->4891K(5120K)
[5695.550s][info][gc             ] GC(1505) Pause Young (Allocation Failure) 6549M->4229M(6662M) 97.788ms
[5695.550s][info][gc,cpu         ] GC(1505) User=0.55s Sys=0.02s Real=0.10s
.|.[5697.628s][info][gc,start       ] GC(1506) Pause Young (Allocation Failure)
[5697.735s][info][gc,heap        ] GC(1506) PSYoungGen: 2619104K(2635776K)->153898K(2628608K) Eden: 2474496K(2474496K)->0K(2474496K) From: 144608K(161280K)->153898K(154112K)
[5697.735s][info][gc,heap        ] GC(1506) ParOldGen: 4186264K(4186624K)->4281264K(4281344K)
[5697.735s][info][gc,metaspace   ] GC(1506) Metaspace: 29149K(29504K)->29149K(29504K) NonClass: 24257K(24384K)->24257K(24384K) Class: 4891K(5120K)->4891K(5120K)
[5697.735s][info][gc             ] GC(1506) Pause Young (Allocation Failure) 6645M->4331M(6748M) 106.842ms
[5697.735s][info][gc,cpu         ] GC(1506) User=0.60s Sys=0.03s Real=0.11s
..[5699.826s][info][gc,start       ] GC(1507) Pause Young (Allocation Failure)
[5699.926s][info][gc,heap        ] GC(1507) PSYoungGen: 2628394K(2628608K)->142272K(2635264K) Eden: 2474496K(2474496K)->0K(2473472K) From: 153898K(154112K)->142272K(161792K)
[5699.926s][info][gc,heap        ] GC(1507) ParOldGen: 4281264K(4281344K)->4372416K(4372480K)
[5699.926s][info][gc,metaspace   ] GC(1507) Metaspace: 29149K(29504K)->29149K(29504K) NonClass: 24257K(24384K)->24257K(24384K) Class: 4891K(5120K)->4891K(5120K)
[5699.926s][info][gc             ] GC(1507) Pause Young (Allocation Failure) 6747M->4408M(6843M) 99.580ms
[5699.926s][info][gc,cpu         ] GC(1507) User=0.57s Sys=0.02s Real=0.10s
..[5702.044s][info][gc,start       ] GC(1508) Pause Young (Allocation Failure)
[5702.149s][info][gc,heap        ] GC(1508) PSYoungGen: 2615744K(2635264K)->148931K(2634240K) Eden: 2473472K(2473472K)->0K(2473472K) From: 142272K(161792K)->148931K(160768K)
[5702.149s][info][gc,heap        ] GC(1508) ParOldGen: 4372416K(4372480K)->4463896K(4464128K)
[5702.149s][info][gc,metaspace   ] GC(1508) Metaspace: 29149K(29504K)->29149K(29504K) NonClass: 24257K(24384K)->24257K(24384K) Class: 4891K(5120K)->4891K(5120K)
[5702.149s][info][gc             ] GC(1508) Pause Young (Allocation Failure) 6824M->4504M(6932M) 104.879ms
[5702.149s][info][gc,cpu         ] GC(1508) User=0.60s Sys=0.02s Real=0.10s
..[5704.215s][info][gc,start       ] GC(1509) Pause Young (Allocation Failure)
[5704.316s][info][gc,heap        ] GC(1509) PSYoungGen: 2622403K(2634240K)->141600K(2634240K) Eden: 2473472K(2473472K)->0K(2474496K) From: 148931K(160768K)->141600K(159744K)
[5704.316s][info][gc,heap        ] GC(1509) ParOldGen: 4463896K(4464128K)->4554088K(4554240K)
[5704.316s][info][gc,metaspace   ] GC(1509) Metaspace: 29149K(29504K)->29149K(29504K) NonClass: 24257K(24384K)->24257K(24384K) Class: 4891K(5120K)->4891K(5120K)
[5704.316s][info][gc             ] GC(1509) Pause Young (Allocation Failure) 6920M->4585M(7020M) 100.332ms
[5704.316s][info][gc,cpu         ] GC(1509) User=0.56s Sys=0.03s Real=0.10s
..[5706.345s][info][gc,start       ] GC(1510) Pause Young (Allocation Failure)
[5706.444s][info][gc,heap        ] GC(1510) PSYoungGen: 2616096K(2634240K)->140736K(2634240K) Eden: 2474496K(2474496K)->0K(2474496K) From: 141600K(159744K)->140736K(159744K)
[5706.444s][info][gc,heap        ] GC(1510) ParOldGen: 4554088K(4554240K)->4647312K(4647424K)
[5706.444s][info][gc,metaspace   ] GC(1510) Metaspace: 29149K(29504K)->29149K(29504K) NonClass: 24257K(24384K)->24257K(24384K) Class: 4891K(5120K)->4891K(5120K)
[5706.444s][info][gc             ] GC(1510) Pause Young (Allocation Failure) 7002M->4675M(7111M) 99.107ms
[5706.444s][info][gc,cpu         ] GC(1510) User=0.56s Sys=0.04s Real=0.10s
..[5708.404s][info][gc,start       ] GC(1511) Pause Young (Allocation Failure)
[5708.502s][info][gc,heap        ] GC(1511) PSYoungGen: 2615232K(2634240K)->139520K(2635776K) Eden: 2474496K(2474496K)->0K(2477056K) From: 140736K(159744K)->139520K(158720K)
[5708.502s][info][gc,heap        ] GC(1511) ParOldGen: 4647312K(4647424K)->4738920K(4739072K)
[5708.502s][info][gc,metaspace   ] GC(1511) Metaspace: 29149K(29504K)->29149K(29504K) NonClass: 24257K(24384K)->24257K(24384K) Class: 4891K(5120K)->4891K(5120K)
[5708.502s][info][gc             ] GC(1511) Pause Young (Allocation Failure) 7092M->4764M(7202M) 97.800ms
[5708.502s][info][gc,cpu         ] GC(1511) User=0.54s Sys=0.03s Real=0.09s
...[5710.629s][info][gc,start       ] GC(1512) Pause Young (Allocation Failure)
[5710.727s][info][gc,heap        ] GC(1512) PSYoungGen: 2616576K(2635776K)->140864K(2635776K) Eden: 2477056K(2477056K)->0K(2477056K) From: 139520K(158720K)->140864K(158720K)
[5710.727s][info][gc,heap        ] GC(1512) ParOldGen: 4738920K(4739072K)->4829704K(4830208K)
[5710.727s][info][gc,metaspace   ] GC(1512) Metaspace: 29149K(29504K)->29149K(29504K) NonClass: 24257K(24384K)->24257K(24384K) Class: 4891K(5120K)->4891K(5120K)
[5710.727s][info][gc             ] GC(1512) Pause Young (Allocation Failure) 7183M->4854M(7291M) 98.231ms
[5710.727s][info][gc,cpu         ] GC(1512) User=0.56s Sys=0.03s Real=0.10s
.[5712.127s][info][gc,start       ] GC(1513) Pause Full (Diagnostic Command)
[5712.127s][info][gc,phases,start] GC(1513) Marking Phase
[5712.422s][info][gc,phases      ] GC(1513) Marking Phase 294.730ms
[5712.422s][info][gc,phases,start] GC(1513) Summary Phase
[5712.422s][info][gc,phases      ] GC(1513) Summary Phase 0.086ms
[5712.422s][info][gc,phases,start] GC(1513) Forward
[5712.650s][info][gc,phases      ] GC(1513) Forward 227.988ms
[5712.650s][info][gc,phases,start] GC(1513) Adjust Pointers
[5712.867s][info][gc,phases      ] GC(1513) Adjust Pointers 217.225ms
[5712.867s][info][gc,phases,start] GC(1513) Compaction Phase
[5713.027s][info][gc,phases      ] GC(1513) Compaction Phase 159.946ms
[5713.030s][info][gc,phases,start] GC(1513) Post Compact
[5713.035s][info][gc,phases      ] GC(1513) Post Compact 5.559ms
[5713.035s][info][gc,heap        ] GC(1513) PSYoungGen: 1839859K(2635776K)->0K(2635776K) Eden: 1698995K(2477056K)->0K(2477056K) From: 140864K(158720K)->0K(158720K)
[5713.035s][info][gc,heap        ] GC(1513) ParOldGen: 4829704K(4830208K)->1154700K(4830208K)
[5713.035s][info][gc,metaspace   ] GC(1513) Metaspace: 29149K(29504K)->29149K(29504K) NonClass: 24257K(24384K)->24257K(24384K) Class: 4891K(5120K)->4891K(5120K)
[5713.035s][info][gc             ] GC(1513) Pause Full (Diagnostic Command) 6513M->1127M(7291M) 908.406ms
[5713.035s][info][gc,cpu         ] GC(1513) User=4.55s Sys=0.00s Real=0.91s
..[5714.540s][info][gc,start       ] GC(1514) Pause Young (Allocation Failure)
[5714.601s][info][gc,heap        ] GC(1514) PSYoungGen: 2477056K(2635776K)->138752K(2636800K) Eden: 2477056K(2477056K)->0K(2479104K) From: 0K(158720K)->138752K(157696K)
[5714.601s][info][gc,heap        ] GC(1514) ParOldGen: 1154700K(4830208K)->1154700K(4830208K)
[5714.601s][info][gc,metaspace   ] GC(1514) Metaspace: 29149K(29504K)->29149K(29504K) NonClass: 24257K(24384K)->24257K(24384K) Class: 4891K(5120K)->4891K(5120K)
[5714.601s][info][gc             ] GC(1514) Pause Young (Allocation Failure) 3546M->1263M(7292M) 61.624ms
[5714.601s][info][gc,cpu         ] GC(1514) User=0.36s Sys=0.00s Real=0.06s
..[5716.467s][info][gc,start       ] GC(1515) Pause Young (Allocation Failure)
[5716.560s][info][gc,heap        ] GC(1515) PSYoungGen: 2617856K(2636800K)->143552K(2636800K) Eden: 2479104K(2479104K)->0K(2479104K) From: 138752K(157696K)->143552K(157696K)
[5716.561s][info][gc,heap        ] GC(1515) ParOldGen: 1154700K(4830208K)->1244276K(4830208K)
[5716.561s][info][gc,metaspace   ] GC(1515) Metaspace: 29149K(29504K)->29149K(29504K) NonClass: 24257K(24384K)->24257K(24384K) Class: 4891K(5120K)->4891K(5120K)
[5716.561s][info][gc             ] GC(1515) Pause Young (Allocation Failure) 3684M->1355M(7292M) 93.148ms
[5716.561s][info][gc,cpu         ] GC(1515) User=0.55s Sys=0.00s Real=0.09s
..[5718.569s][info][gc,start       ] GC(1516) Pause Young (Allocation Failure)
[5718.661s][info][gc,heap        ] GC(1516) PSYoungGen: 2622656K(2636800K)->141504K(2637312K) Eden: 2479104K(2479104K)->0K(2481664K) From: 143552K(157696K)->141504K(155648K)
[5718.661s][info][gc,heap        ] GC(1516) ParOldGen: 1244276K(4830208K)->1335844K(4830208K)
[5718.661s][info][gc,metaspace   ] GC(1516) Metaspace: 29149K(29504K)->29149K(29504K) NonClass: 24257K(24384K)->24257K(24384K) Class: 4891K(5120K)->4891K(5120K)
[5718.661s][info][gc             ] GC(1516) Pause Young (Allocation Failure) 3776M->1442M(7292M) 92.410ms
[5718.661s][info][gc,cpu         ] GC(1516) User=0.55s Sys=0.00s Real=0.09s
..[5720.758s][info][gc,start       ] GC(1517) Pause Young (Allocation Failure)
[5720.855s][info][gc,heap        ] GC(1517) PSYoungGen: 2623168K(2637312K)->151444K(2637312K) Eden: 2481664K(2481664K)->0K(2481664K) From: 141504K(155648K)->151444K(155648K)
[5720.855s][info][gc,heap        ] GC(1517) ParOldGen: 1335844K(4830208K)->1427748K(4830208K)
[5720.855s][info][gc,metaspace   ] GC(1517) Metaspace: 29149K(29504K)->29149K(29504K) NonClass: 24257K(24384K)->24257K(24384K) Class: 4891K(5120K)->4891K(5120K)
[5720.855s][info][gc             ] GC(1517) Pause Young (Allocation Failure) 3866M->1542M(7292M) 96.918ms
[5720.855s][info][gc,cpu         ] GC(1517) User=0.58s Sys=0.00s Real=0.10s
..[5722.904s][info][gc,start       ] GC(1518) Pause Young (Allocation Failure)
[5722.997s][info][gc,heap        ] GC(1518) PSYoungGen: 2633108K(2637312K)->141760K(2639360K) Eden: 2481664K(2481664K)->0K(2482176K) From: 151444K(155648K)->141760K(157184K)
[5722.997s][info][gc,heap        ] GC(1518) ParOldGen: 1427748K(4830208K)->1520884K(4830208K)
[5722.997s][info][gc,metaspace   ] GC(1518) Metaspace: 29149K(29504K)->29149K(29504K) NonClass: 24257K(24384K)->24257K(24384K) Class: 4891K(5120K)->4891K(5120K)
[5722.997s][info][gc             ] GC(1518) Pause Young (Allocation Failure) 3965M->1623M(7294M) 92.481ms
[5722.997s][info][gc,cpu         ] GC(1518) User=0.54s Sys=0.00s Real=0.09s
..[5725.128s][info][gc,start       ] GC(1519) Pause Young (Allocation Failure)
[5725.233s][info][gc,heap        ] GC(1519) PSYoungGen: 2623936K(2639360K)->156662K(2638848K) Eden: 2482176K(2482176K)->0K(2482176K) From: 141760K(157184K)->156662K(156672K)
[5725.233s][info][gc,heap        ] GC(1519) ParOldGen: 1520884K(4830208K)->1616916K(4830208K)
[5725.233s][info][gc,metaspace   ] GC(1519) Metaspace: 29149K(29504K)->29149K(29504K) NonClass: 24257K(24384K)->24257K(24384K) Class: 4891K(5120K)->4891K(5120K)
[5725.233s][info][gc             ] GC(1519) Pause Young (Allocation Failure) 4047M->1732M(7294M) 104.772ms
[5725.233s][info][gc,cpu         ] GC(1519) User=0.61s Sys=0.00s Real=0.10s
..[5727.230s][info][gc,start       ] GC(1520) Pause Young (Allocation Failure)
[5727.319s][info][gc,heap        ] GC(1520) PSYoungGen: 2638838K(2638848K)->137632K(2564096K) Eden: 2482176K(2482176K)->0K(2406912K) From: 156662K(156672K)->137632K(157184K)
[5727.319s][info][gc,heap        ] GC(1520) ParOldGen: 1616916K(4830208K)->1705884K(4830208K)
[5727.319s][info][gc,metaspace   ] GC(1520) Metaspace: 29149K(29504K)->29149K(29504K) NonClass: 24257K(24384K)->24257K(24384K) Class: 4891K(5120K)->4891K(5120K)
[5727.319s][info][gc             ] GC(1520) Pause Young (Allocation Failure) 4156M->1800M(7221M) 89.709ms
[5727.319s][info][gc,cpu         ] GC(1520) User=0.53s Sys=0.00s Real=0.09s
..[5729.265s][info][gc,start       ] GC(1521) Pause Young (Allocation Failure)
[5729.359s][info][gc,heap        ] GC(1521) PSYoungGen: 2544544K(2564096K)->145845K(2601472K) Eden: 2406912K(2406912K)->0K(2406912K) From: 137632K(157184K)->145845K(194560K)
[5729.359s][info][gc,heap        ] GC(1521) ParOldGen: 1705884K(4830208K)->1798748K(4830208K)
[5729.359s][info][gc,metaspace   ] GC(1521) Metaspace: 29149K(29504K)->29149K(29504K) NonClass: 24257K(24384K)->24257K(24384K) Class: 4891K(5120K)->4891K(5120K)
[5729.359s][info][gc             ] GC(1521) Pause Young (Allocation Failure) 4150M->1899M(7257M) 94.620ms
[5729.359s][info][gc,cpu         ] GC(1521) User=0.56s Sys=0.00s Real=0.09s
...[5731.377s][info][gc,start       ] GC(1522) Pause Young (Allocation Failure)
[5731.470s][info][gc,heap        ] GC(1522) PSYoungGen: 2552757K(2601472K)->141514K(2594304K) Eden: 2406912K(2406912K)->0K(2409984K) From: 145845K(194560K)->141514K(184320K)
[5731.470s][info][gc,heap        ] GC(1522) ParOldGen: 1798748K(4830208K)->1888756K(4830208K)
[5731.470s][info][gc,metaspace   ] GC(1522) Metaspace: 29149K(29504K)->29149K(29504K) NonClass: 24257K(24384K)->24257K(24384K) Class: 4891K(5120K)->4891K(5120K)
[5731.470s][info][gc             ] GC(1522) Pause Young (Allocation Failure) 4249M->1982M(7250M) 92.804ms
[5731.470s][info][gc,cpu         ] GC(1522) User=0.55s Sys=0.00s Real=0.09s
..[5733.473s][info][gc,start       ] GC(1523) Pause Young (Allocation Failure)
[5733.563s][info][gc,heap        ] GC(1523) PSYoungGen: 2551498K(2594304K)->133984K(2599424K) Eden: 2409984K(2409984K)->0K(2409984K) From: 141514K(184320K)->133984K(189440K)
[5733.563s][info][gc,heap        ] GC(1523) ParOldGen: 1888756K(4830208K)->1980540K(4830208K)
[5733.563s][info][gc,metaspace   ] GC(1523) Metaspace: 29149K(29504K)->29149K(29504K) NonClass: 24257K(24384K)->24257K(24384K) Class: 4891K(5120K)->4891K(5120K)
[5733.563s][info][gc             ] GC(1523) Pause Young (Allocation Failure) 4336M->2064M(7255M) 90.519ms
[5733.563s][info][gc,cpu         ] GC(1523) User=0.54s Sys=0.00s Real=0.10s
..[5735.515s][info][gc,start       ] GC(1524) Pause Young (Allocation Failure)
[5735.604s][info][gc,heap        ] GC(1524) PSYoungGen: 2543968K(2599424K)->134304K(2603520K) Eden: 2409984K(2409984K)->0K(2418176K) From: 133984K(189440K)->134304K(185344K)
[5735.604s][info][gc,heap        ] GC(1524) ParOldGen: 1980540K(4830208K)->2070452K(4830208K)
[5735.604s][info][gc,metaspace   ] GC(1524) Metaspace: 29149K(29504K)->29149K(29504K) NonClass: 24257K(24384K)->24257K(24384K) Class: 4891K(5120K)->4891K(5120K)
[5735.604s][info][gc             ] GC(1524) Pause Young (Allocation Failure) 4418M->2153M(7259M) 88.673ms
[5735.604s][info][gc,cpu         ] GC(1524) User=0.52s Sys=0.00s Real=0.09s
..[5737.700s][info][gc,start       ] GC(1525) Pause Young (Allocation Failure)
[5737.792s][info][gc,heap        ] GC(1525) PSYoungGen: 2552480K(2603520K)->142085K(2605568K) Eden: 2418176K(2418176K)->0K(2418176K) From: 134304K(185344K)->142085K(187392K)
[5737.792s][info][gc,heap        ] GC(1525) ParOldGen: 2070452K(4830208K)->2159828K(4830208K)
[5737.793s][info][gc,metaspace   ] GC(1525) Metaspace: 29149K(29504K)->29149K(29504K) NonClass: 24257K(24384K)->24257K(24384K) Class: 4891K(5120K)->4891K(5120K)
[5737.793s][info][gc             ] GC(1525) Pause Young (Allocation Failure) 4514M->2247M(7261M) 92.184ms
[5737.793s][info][gc,cpu         ] GC(1525) User=0.55s Sys=0.00s Real=0.09s
..[5739.761s][info][gc,start       ] GC(1526) Pause Young (Allocation Failure)
[5739.857s][info][gc,heap        ] GC(1526) PSYoungGen: 2560261K(2605568K)->149796K(2604544K) Eden: 2418176K(2418176K)->0K(2424320K) From: 142085K(187392K)->149796K(180224K)
[5739.857s][info][gc,heap        ] GC(1526) ParOldGen: 2159828K(4830208K)->2249492K(4830208K)
[5739.857s][info][gc,metaspace   ] GC(1526) Metaspace: 29149K(29504K)->29149K(29504K) NonClass: 24257K(24384K)->24257K(24384K) Class: 4891K(5120K)->4891K(5120K)
[5739.857s][info][gc             ] GC(1526) Pause Young (Allocation Failure) 4609M->2343M(7260M) 96.547ms
[5739.858s][info][gc,cpu         ] GC(1526) User=0.57s Sys=0.00s Real=0.10s
..[5741.856s][info][gc,start       ] GC(1527) Pause Young (Allocation Failure)
[5741.951s][info][gc,heap        ] GC(1527) PSYoungGen: 2574116K(2604544K)->145876K(2606080K) Eden: 2424320K(2424320K)->0K(2424320K) From: 149796K(180224K)->145876K(181760K)
[5741.951s][info][gc,heap        ] GC(1527) ParOldGen: 2249492K(4830208K)->2341892K(4830208K)
[5741.951s][info][gc,metaspace   ] GC(1527) Metaspace: 29149K(29504K)->29149K(29504K) NonClass: 24257K(24384K)->24257K(24384K) Class: 4891K(5120K)->4891K(5120K)
[5741.951s][info][gc             ] GC(1527) Pause Young (Allocation Failure) 4710M->2429M(7262M) 95.040ms
[5741.951s][info][gc,cpu         ] GC(1527) User=0.56s Sys=0.00s Real=0.09s
..[5743.963s][info][gc,start       ] GC(1528) Pause Young (Allocation Failure)
[5744.060s][info][gc,heap        ] GC(1528) PSYoungGen: 2570196K(2606080K)->146821K(2609664K) Eden: 2424320K(2424320K)->0K(2435584K) From: 145876K(181760K)->146821K(174080K)
[5744.060s][info][gc,heap        ] GC(1528) ParOldGen: 2341892K(4830208K)->2433804K(4830208K)
[5744.060s][info][gc,metaspace   ] GC(1528) Metaspace: 29149K(29504K)->29149K(29504K) NonClass: 24257K(24384K)->24257K(24384K) Class: 4891K(5120K)->4891K(5120K)
[5744.060s][info][gc             ] GC(1528) Pause Young (Allocation Failure) 4796M->2520M(7265M) 96.881ms
[5744.060s][info][gc,cpu         ] GC(1528) User=0.58s Sys=0.00s Real=0.10s
..[5746.113s][info][gc,start       ] GC(1529) Pause Young (Allocation Failure)
[5746.208s][info][gc,heap        ] GC(1529) PSYoungGen: 2582405K(2609664K)->147456K(2611200K) Eden: 2435584K(2435584K)->0K(2435584K) From: 146821K(174080K)->147456K(175616K)
[5746.208s][info][gc,heap        ] GC(1529) ParOldGen: 2433804K(4830208K)->2524028K(4830208K)
[5746.208s][info][gc,metaspace   ] GC(1529) Metaspace: 29149K(29504K)->29149K(29504K) NonClass: 24257K(24384K)->24257K(24384K) Class: 4891K(5120K)->4891K(5120K)
[5746.208s][info][gc             ] GC(1529) Pause Young (Allocation Failure) 4898M->2608M(7267M) 95.493ms
[5746.208s][info][gc,cpu         ] GC(1529) User=0.56s Sys=0.00s Real=0.10s
..[5748.166s][info][gc,start       ] GC(1530) Pause Young (Allocation Failure)
[5748.264s][info][gc,heap        ] GC(1530) PSYoungGen: 2583040K(2611200K)->151872K(2619392K) Eden: 2435584K(2435584K)->0K(2447360K) From: 147456K(175616K)->151872K(172032K)
[5748.264s][info][gc,heap        ] GC(1530) ParOldGen: 2524028K(4830208K)->2614340K(4830208K)
[5748.264s][info][gc,metaspace   ] GC(1530) Metaspace: 29149K(29504K)->29149K(29504K) NonClass: 24257K(24384K)->24257K(24384K) Class: 4891K(5120K)->4891K(5120K)
[5748.264s][info][gc             ] GC(1530) Pause Young (Allocation Failure) 4987M->2701M(7275M) 97.246ms
[5748.264s][info][gc,cpu         ] GC(1530) User=0.57s Sys=0.00s Real=0.10s
..[5750.226s][info][gc,start       ] GC(1531) Pause Young (Allocation Failure)
[5750.324s][info][gc,heap        ] GC(1531) PSYoungGen: 2599232K(2619392K)->144596K(2619392K) Eden: 2447360K(2447360K)->0K(2447360K) From: 151872K(172032K)->144596K(172032K)
[5750.324s][info][gc,heap        ] GC(1531) ParOldGen: 2614340K(4830208K)->2708716K(4830208K)
[5750.324s][info][gc,metaspace   ] GC(1531) Metaspace: 29149K(29504K)->29149K(29504K) NonClass: 24257K(24384K)->24257K(24384K) Class: 4891K(5120K)->4891K(5120K)
[5750.324s][info][gc             ] GC(1531) Pause Young (Allocation Failure) 5091M->2786M(7275M) 98.011ms
[5750.324s][info][gc,cpu         ] GC(1531) User=0.58s Sys=0.00s Real=0.10s
..[5752.352s][info][gc,start       ] GC(1532) Pause Young (Allocation Failure)
[5752.443s][info][gc,heap        ] GC(1532) PSYoungGen: 2591956K(2619392K)->137216K(2622464K) Eden: 2447360K(2447360K)->0K(2452480K) From: 144596K(172032K)->137216K(169984K)
[5752.443s][info][gc,heap        ] GC(1532) ParOldGen: 2708716K(4830208K)->2797772K(4830208K)
[5752.443s][info][gc,metaspace   ] GC(1532) Metaspace: 29149K(29504K)->29149K(29504K) NonClass: 24257K(24384K)->24257K(24384K) Class: 4891K(5120K)->4891K(5120K)
[5752.443s][info][gc             ] GC(1532) Pause Young (Allocation Failure) 5176M->2866M(7278M) 91.215ms
[5752.443s][info][gc,cpu         ] GC(1532) User=0.54s Sys=0.00s Real=0.09s
...[5754.509s][info][gc,start       ] GC(1533) Pause Young (Allocation Failure)
[5754.601s][info][gc,heap        ] GC(1533) PSYoungGen: 2589696K(2622464K)->139264K(2621952K) Eden: 2452480K(2452480K)->0K(2452480K) From: 137216K(169984K)->139264K(169472K)
[5754.601s][info][gc,heap        ] GC(1533) ParOldGen: 2797772K(4830208K)->2889020K(4830208K)
[5754.601s][info][gc,metaspace   ] GC(1533) Metaspace: 29149K(29504K)->29149K(29504K) NonClass: 24257K(24384K)->24257K(24384K) Class: 4891K(5120K)->4891K(5120K)
[5754.601s][info][gc             ] GC(1533) Pause Young (Allocation Failure) 5261M->2957M(7277M) 92.526ms
[5754.601s][info][gc,cpu         ] GC(1533) User=0.55s Sys=0.00s Real=0.09s
.. (rIR:aIR:PR = 9409:9378:9378) (tPR = 140947) [OK] 
  5756s: Performance info:
         Transaction,    Success,    Partial,     Failed,   Receipts, AvgBarcode, 
             Overall,     563854,          0,          0,     535504,      59.47, 
         Response times:
             Request,    Success,    Partial,     Failed,   SkipFail,     Probes,    Samples,      min,      p50,      p90,      p95,      p99,      max, 
       TotalPurchase,     535504,          0,          0,          0,     348084,     428095,      200,     6000,    38000,    91000,   287000,  1100000,
     InStorePurchase,     279805,          0,          0,          0,     183173,     224798,      200,     6100,    38000,    92000,   274000,  1100000,
      OnlinePurchase,     199448,          0,          0,          0,     128368,     158084,      300,     5800,    38000,    90000,   287000,   940000,
        InstPurchase,      56251,          0,          0,          0,      36543,      45213,      300,     5600,    37000,    89000,   264860,  1100000,
          AssocOfCat,        562,          0,          0,          0,        450,        644,    19900,    37000,    77500,   144750,   398500,   538000,
      AssocOfProduct,       5712,          0,          0,          0,       4085,       5124,      500,     5800,    37000,    98000,   339000,   493000,
      BusinessReport,       1415,          0,          0,          0,       1235,       1653,    24000,    48000,    96000,   164300,   388440,   990000,
          CustBuyBeh,       5652,          0,          0,          0,       4064,       5164,      200,     6800,    40500,    96750,   349000,   477000,
       ProductReturn,      15009,          0,          0,          0,       9574,      11806,      200,     6000,    40000,   105650,   351000,   620000,

  5756s: (69%)   IR =   9548 [5756.540s][info][gc,start       ] GC(1534) Pause Young (Allocation Failure)
[5756.634s][info][gc,heap        ] GC(1534) PSYoungGen: 2591744K(2621952K)->141504K(2625024K) Eden: 2452480K(2452480K)->0K(2458112K) From: 139264K(169472K)->141504K(166912K)
[5756.634s][info][gc,heap        ] GC(1534) ParOldGen: 2889020K(4830208K)->2979596K(4830208K)
[5756.634s][info][gc,metaspace   ] GC(1534) Metaspace: 29149K(29504K)->29149K(29504K) NonClass: 24257K(24384K)->24257K(24384K) Class: 4891K(5120K)->4891K(5120K)
[5756.634s][info][gc             ] GC(1534) Pause Young (Allocation Failure) 5352M->3047M(7280M) 94.327ms
[5756.634s][info][gc,cpu         ] GC(1534) User=0.55s Sys=0.00s Real=0.10s
..[5758.835s][info][gc,start       ] GC(1535) Pause Young (Allocation Failure)
[5758.934s][info][gc,heap        ] GC(1535) PSYoungGen: 2599616K(2625024K)->148432K(2625024K) Eden: 2458112K(2458112K)->0K(2458112K) From: 141504K(166912K)->148432K(166912K)
[5758.934s][info][gc,heap        ] GC(1535) ParOldGen: 2979596K(4830208K)->3071980K(4830208K)
[5758.934s][info][gc,metaspace   ] GC(1535) Metaspace: 29149K(29504K)->29149K(29504K) NonClass: 24257K(24384K)->24257K(24384K) Class: 4891K(5120K)->4891K(5120K)
[5758.934s][info][gc             ] GC(1535) Pause Young (Allocation Failure) 5448M->3144M(7280M) 98.811ms
[5758.934s][info][gc,cpu         ] GC(1535) User=0.59s Sys=0.00s Real=0.10s
..[5760.976s][info][gc,start       ] GC(1536) Pause Young (Allocation Failure)
[5761.073s][info][gc,heap        ] GC(1536) PSYoungGen: 2606544K(2625024K)->148423K(2628096K) Eden: 2458112K(2458112K)->0K(2463232K) From: 148432K(166912K)->148423K(164864K)
[5761.073s][info][gc,heap        ] GC(1536) ParOldGen: 3071980K(4830208K)->3162204K(4830208K)
[5761.073s][info][gc,metaspace   ] GC(1536) Metaspace: 29149K(29504K)->29149K(29504K) NonClass: 24257K(24384K)->24257K(24384K) Class: 4891K(5120K)->4891K(5120K)
[5761.073s][info][gc             ] GC(1536) Pause Young (Allocation Failure) 5545M->3233M(7283M) 97.076ms
[5761.073s][info][gc,cpu         ] GC(1536) User=0.57s Sys=0.00s Real=0.09s
..|[5763.066s][info][gc,start       ] GC(1537) Pause Young (Allocation Failure)
[5763.162s][info][gc,heap        ] GC(1537) PSYoungGen: 2611655K(2628096K)->148581K(2628096K) Eden: 2463232K(2463232K)->0K(2463232K) From: 148423K(164864K)->148581K(164864K)
[5763.162s][info][gc,heap        ] GC(1537) ParOldGen: 3162204K(4830208K)->3254356K(4830208K)
[5763.162s][info][gc,metaspace   ] GC(1537) Metaspace: 29149K(29504K)->29149K(29504K) NonClass: 24257K(24384K)->24257K(24384K) Class: 4891K(5120K)->4891K(5120K)
[5763.162s][info][gc             ] GC(1537) Pause Young (Allocation Failure) 5638M->3323M(7283M) 96.230ms
[5763.162s][info][gc,cpu         ] GC(1537) User=0.57s Sys=0.00s Real=0.09s
..[5765.170s][info][gc,start       ] GC(1538) Pause Young (Allocation Failure)
[5765.274s][info][gc,heap        ] GC(1538) PSYoungGen: 2611813K(2628096K)->156021K(2628608K) Eden: 2463232K(2463232K)->0K(2464256K) From: 148581K(164864K)->156021K(164352K)
[5765.274s][info][gc,heap        ] GC(1538) ParOldGen: 3254356K(4830208K)->3346500K(4830208K)
[5765.274s][info][gc,metaspace   ] GC(1538) Metaspace: 29149K(29504K)->29149K(29504K) NonClass: 24257K(24384K)->24257K(24384K) Class: 4891K(5120K)->4891K(5120K)
[5765.274s][info][gc             ] GC(1538) Pause Young (Allocation Failure) 5728M->3420M(7284M) 103.797ms
[5765.274s][info][gc,cpu         ] GC(1538) User=0.61s Sys=0.00s Real=0.11s
..[5767.274s][info][gc,start       ] GC(1539) Pause Young (Allocation Failure)
[5767.365s][info][gc,heap        ] GC(1539) PSYoungGen: 2620277K(2628608K)->137824K(2630144K) Eden: 2464256K(2464256K)->0K(2464256K) From: 156021K(164352K)->137824K(165888K)
[5767.365s][info][gc,heap        ] GC(1539) ParOldGen: 3346500K(4830208K)->3436444K(4830208K)
[5767.365s][info][gc,metaspace   ] GC(1539) Metaspace: 29149K(29504K)->29149K(29504K) NonClass: 24257K(24384K)->24257K(24384K) Class: 4891K(5120K)->4891K(5120K)
[5767.365s][info][gc             ] GC(1539) Pause Young (Allocation Failure) 5826M->3490M(7285M) 91.540ms
[5767.365s][info][gc,cpu         ] GC(1539) User=0.54s Sys=0.01s Real=0.09s
..[5769.359s][info][gc,start       ] GC(1540) Pause Young (Allocation Failure)
[5769.451s][info][gc,heap        ] GC(1540) PSYoungGen: 2602080K(2630144K)->139296K(2628096K) Eden: 2464256K(2464256K)->0K(2464256K) From: 137824K(165888K)->139296K(163840K)
[5769.451s][info][gc,heap        ] GC(1540) ParOldGen: 3436444K(4830208K)->3527972K(4830208K)
[5769.451s][info][gc,metaspace   ] GC(1540) Metaspace: 29149K(29504K)->29149K(29504K) NonClass: 24257K(24384K)->24257K(24384K) Class: 4891K(5120K)->4891K(5120K)
[5769.451s][info][gc             ] GC(1540) Pause Young (Allocation Failure) 5896M->3581M(7283M) 92.483ms
[5769.451s][info][gc,cpu         ] GC(1540) User=0.55s Sys=0.00s Real=0.09s
..[5771.451s][info][gc,start       ] GC(1541) Pause Young (Allocation Failure)
[5771.544s][info][gc,heap        ] GC(1541) PSYoungGen: 2603552K(2628096K)->138016K(2629120K) Eden: 2464256K(2464256K)->0K(2464256K) From: 139296K(163840K)->138016K(164864K)
[5771.544s][info][gc,heap        ] GC(1541) ParOldGen: 3527972K(4830208K)->3620548K(4830208K)
[5771.544s][info][gc,metaspace   ] GC(1541) Metaspace: 29149K(29504K)->29149K(29504K) NonClass: 24257K(24384K)->24257K(24384K) Class: 4891K(5120K)->4891K(5120K)
[5771.544s][info][gc             ] GC(1541) Pause Young (Allocation Failure) 5987M->3670M(7284M) 93.341ms
[5771.544s][info][gc,cpu         ] GC(1541) User=0.55s Sys=0.00s Real=0.10s
..[5773.657s][info][gc,start       ] GC(1542) Pause Young (Allocation Failure)
[5773.758s][info][gc,heap        ] GC(1542) PSYoungGen: 2602272K(2629120K)->155061K(2627584K) Eden: 2464256K(2464256K)->0K(2463232K) From: 138016K(164864K)->155061K(164352K)
[5773.758s][info][gc,heap        ] GC(1542) ParOldGen: 3620548K(4830208K)->3710628K(4830208K)
[5773.758s][info][gc,metaspace   ] GC(1542) Metaspace: 29149K(29504K)->29149K(29504K) NonClass: 24257K(24384K)->24257K(24384K) Class: 4891K(5120K)->4891K(5120K)
[5773.758s][info][gc             ] GC(1542) Pause Young (Allocation Failure) 6076M->3775M(7283M) 101.584ms
[5773.758s][info][gc,cpu         ] GC(1542) User=0.60s Sys=0.00s Real=0.10s
..[5775.754s][info][gc,start       ] GC(1543) Pause Young (Allocation Failure)
[5775.848s][info][gc,heap        ] GC(1543) PSYoungGen: 2618293K(2627584K)->140672K(2629632K) Eden: 2463232K(2463232K)->0K(2463232K) From: 155061K(164352K)->140672K(166400K)
[5775.848s][info][gc,heap        ] GC(1543) ParOldGen: 3710628K(4830208K)->3803748K(4830208K)
[5775.848s][info][gc,metaspace   ] GC(1543) Metaspace: 29149K(29504K)->29149K(29504K) NonClass: 24257K(24384K)->24257K(24384K) Class: 4891K(5120K)->4891K(5120K)
[5775.848s][info][gc             ] GC(1543) Pause Young (Allocation Failure) 6180M->3851M(7285M) 94.006ms
[5775.848s][info][gc,cpu         ] GC(1543) User=0.56s Sys=0.01s Real=0.09s
..[5777.801s][info][gc,start       ] GC(1544) Pause Young (Allocation Failure)
[5777.894s][info][gc,heap        ] GC(1544) PSYoungGen: 2603904K(2629632K)->140992K(2627072K) Eden: 2463232K(2463232K)->0K(2464768K) From: 140672K(166400K)->140992K(162304K)
[5777.894s][info][gc,heap        ] GC(1544) ParOldGen: 3803748K(4830208K)->3895956K(4830208K)
[5777.894s][info][gc,metaspace   ] GC(1544) Metaspace: 29149K(29504K)->29149K(29504K) NonClass: 24257K(24384K)->24257K(24384K) Class: 4891K(5120K)->4891K(5120K)
[5777.894s][info][gc             ] GC(1544) Pause Young (Allocation Failure) 6257M->3942M(7282M) 93.356ms
[5777.894s][info][gc,cpu         ] GC(1544) User=0.55s Sys=0.00s Real=0.10s
...[5779.993s][info][gc,start       ] GC(1545) Pause Young (Allocation Failure)
[5780.094s][info][gc,heap        ] GC(1545) PSYoungGen: 2605760K(2627072K)->151364K(2628608K) Eden: 2464768K(2464768K)->0K(2464768K) From: 140992K(162304K)->151364K(163840K)
[5780.094s][info][gc,heap        ] GC(1545) ParOldGen: 3895956K(4830208K)->3987772K(4830208K)
[5780.094s][info][gc,metaspace   ] GC(1545) Metaspace: 29149K(29504K)->29149K(29504K) NonClass: 24257K(24384K)->24257K(24384K) Class: 4891K(5120K)->4891K(5120K)
[5780.094s][info][gc             ] GC(1545) Pause Young (Allocation Failure) 6349M->4042M(7284M) 100.516ms
[5780.094s][info][gc,cpu         ] GC(1545) User=0.59s Sys=0.00s Real=0.10s
..[5782.141s][info][gc,start       ] GC(1546) Pause Young (Allocation Failure)
[5782.242s][info][gc,heap        ] GC(1546) PSYoungGen: 2616132K(2628608K)->153099K(2629632K) Eden: 2464768K(2464768K)->0K(2465280K) From: 151364K(163840K)->153099K(164352K)
[5782.242s][info][gc,heap        ] GC(1546) ParOldGen: 3987772K(4830208K)->4078492K(4830208K)
[5782.242s][info][gc,metaspace   ] GC(1546) Metaspace: 29149K(29504K)->29149K(29504K) NonClass: 24257K(24384K)->24257K(24384K) Class: 4891K(5120K)->4891K(5120K)
[5782.242s][info][gc             ] GC(1546) Pause Young (Allocation Failure) 6449M->4132M(7285M) 100.365ms
[5782.242s][info][gc,cpu         ] GC(1546) User=0.59s Sys=0.00s Real=0.10s
..[5784.229s][info][gc,start       ] GC(1547) Pause Young (Allocation Failure)
[5784.329s][info][gc,heap        ] GC(1547) PSYoungGen: 2618379K(2629632K)->147524K(2613248K) Eden: 2465280K(2465280K)->0K(2465280K) From: 153099K(164352K)->147524K(147968K)
[5784.329s][info][gc,heap        ] GC(1547) ParOldGen: 4078492K(4830208K)->4170204K(4830208K)
[5784.329s][info][gc,metaspace   ] GC(1547) Metaspace: 29149K(29504K)->29149K(29504K) NonClass: 24257K(24384K)->24257K(24384K) Class: 4891K(5120K)->4891K(5120K)
[5784.329s][info][gc             ] GC(1547) Pause Young (Allocation Failure) 6539M->4216M(7269M) 100.318ms
[5784.330s][info][gc,cpu         ] GC(1547) User=0.59s Sys=0.00s Real=0.10s
..[5786.290s][info][gc,start       ] GC(1548) Pause Young (Allocation Failure)
[5786.386s][info][gc,heap        ] GC(1548) PSYoungGen: 2612804K(2613248K)->138624K(2630656K) Eden: 2465280K(2465280K)->0K(2466816K) From: 147524K(147968K)->138624K(163840K)
[5786.386s][info][gc,heap        ] GC(1548) ParOldGen: 4170204K(4830208K)->4263740K(4830208K)
[5786.386s][info][gc,metaspace   ] GC(1548) Metaspace: 29149K(29504K)->29149K(29504K) NonClass: 24257K(24384K)->24257K(24384K) Class: 4891K(5120K)->4891K(5120K)
[5786.386s][info][gc             ] GC(1548) Pause Young (Allocation Failure) 6624M->4299M(7286M) 95.855ms
[5786.386s][info][gc,cpu         ] GC(1548) User=0.57s Sys=0.00s Real=0.10s
..[5788.448s][info][gc,start       ] GC(1549) Pause Young (Allocation Failure)
[5788.542s][info][gc,heap        ] GC(1549) PSYoungGen: 2605440K(2630656K)->136768K(2630144K) Eden: 2466816K(2466816K)->0K(2466816K) From: 138624K(163840K)->136768K(163328K)
[5788.542s][info][gc,heap        ] GC(1549) ParOldGen: 4263740K(4830208K)->4355836K(4830208K)
[5788.542s][info][gc,metaspace   ] GC(1549) Metaspace: 29149K(29504K)->29149K(29504K) NonClass: 24257K(24384K)->24257K(24384K) Class: 4891K(5120K)->4891K(5120K)
[5788.542s][info][gc             ] GC(1549) Pause Young (Allocation Failure) 6708M->4387M(7285M) 93.320ms
[5788.542s][info][gc,cpu         ] GC(1549) User=0.54s Sys=0.00s Real=0.09s
..[5790.560s][info][gc,start       ] GC(1550) Pause Young (Allocation Failure)
[5790.658s][info][gc,heap        ] GC(1550) PSYoungGen: 2603584K(2630144K)->145280K(2630144K) Eden: 2466816K(2466816K)->0K(2469376K) From: 136768K(163328K)->145280K(160768K)
[5790.658s][info][gc,heap        ] GC(1550) ParOldGen: 4355836K(4830208K)->4445660K(4830208K)
[5790.658s][info][gc,metaspace   ] GC(1550) Metaspace: 29149K(29504K)->29149K(29504K) NonClass: 24257K(24384K)->24257K(24384K) Class: 4891K(5120K)->4891K(5120K)
[5790.658s][info][gc             ] GC(1550) Pause Young (Allocation Failure) 6796M->4483M(7285M) 98.027ms
[5790.658s][info][gc,cpu         ] GC(1550) User=0.57s Sys=0.00s Real=0.10s
..[5792.728s][info][gc,start       ] GC(1551) Pause Young (Allocation Failure)
[5792.822s][info][gc,heap        ] GC(1551) PSYoungGen: 2614656K(2630144K)->137664K(2631168K) Eden: 2469376K(2469376K)->0K(2469376K) From: 145280K(160768K)->137664K(161792K)
[5792.822s][info][gc,heap        ] GC(1551) ParOldGen: 4445660K(4830208K)->4539204K(4830208K)
[5792.822s][info][gc,metaspace   ] GC(1551) Metaspace: 29149K(29504K)->29149K(29504K) NonClass: 24257K(24384K)->24257K(24384K) Class: 4891K(5120K)->4891K(5120K)
[5792.822s][info][gc             ] GC(1551) Pause Young (Allocation Failure) 6894M->4567M(7286M) 93.738ms
[5792.822s][info][gc,cpu         ] GC(1551) User=0.55s Sys=0.00s Real=0.09s
..[5794.890s][info][gc,start       ] GC(1552) Pause Young (Allocation Failure)
[5794.986s][info][gc,heap        ] GC(1552) PSYoungGen: 2607040K(2631168K)->147744K(2632704K) Eden: 2469376K(2469376K)->0K(2472960K) From: 137664K(161792K)->147744K(159744K)
[5794.986s][info][gc,heap        ] GC(1552) ParOldGen: 4539204K(4830208K)->4627916K(4830208K)
[5794.986s][info][gc,metaspace   ] GC(1552) Metaspace: 29149K(29504K)->29149K(29504K) NonClass: 24257K(24384K)->24257K(24384K) Class: 4891K(5120K)->4891K(5120K)
[5794.986s][info][gc             ] GC(1552) Pause Young (Allocation Failure) 6978M->4663M(7288M) 96.509ms
[5794.986s][info][gc,cpu         ] GC(1552) User=0.57s Sys=0.00s Real=0.10s
..[5797.025s][info][gc,start       ] GC(1553) Pause Young (Allocation Failure)
[5797.124s][info][gc,heap        ] GC(1553) PSYoungGen: 2620704K(2632704K)->147732K(2633728K) Eden: 2472960K(2472960K)->0K(2472960K) From: 147744K(159744K)->147732K(160768K)
[5797.124s][info][gc,heap        ] GC(1553) ParOldGen: 4627916K(4830208K)->4721548K(4830208K)
[5797.124s][info][gc,metaspace   ] GC(1553) Metaspace: 29149K(29504K)->29149K(29504K) NonClass: 24257K(24384K)->24257K(24384K) Class: 4891K(5120K)->4891K(5120K)
[5797.124s][info][gc             ] GC(1553) Pause Young (Allocation Failure) 7078M->4755M(7289M) 99.241ms
[5797.124s][info][gc,cpu         ] GC(1553) User=0.59s Sys=0.00s Real=0.10s
..[5799.061s][info][gc,start       ] GC(1554) Pause Young (Allocation Failure)
[5799.157s][info][gc,heap        ] GC(1554) PSYoungGen: 2620692K(2633728K)->145632K(2632704K) Eden: 2472960K(2472960K)->0K(2475008K) From: 147732K(160768K)->145632K(157696K)
[5799.157s][info][gc,heap        ] GC(1554) ParOldGen: 4721548K(4830208K)->4811420K(4830208K)
[5799.157s][info][gc,metaspace   ] GC(1554) Metaspace: 29149K(29504K)->29149K(29504K) NonClass: 24257K(24384K)->24257K(24384K) Class: 4891K(5120K)->4891K(5120K)
[5799.157s][info][gc             ] GC(1554) Pause Young (Allocation Failure) 7170M->4840M(7288M) 95.752ms
[5799.157s][info][gc,cpu         ] GC(1554) User=0.56s Sys=0.00s Real=0.10s
...[5801.183s][info][gc,start       ] GC(1555) Pause Young (Allocation Failure)
[5801.283s][info][gc,heap        ] GC(1555) PSYoungGen: 2620640K(2632704K)->146368K(2634240K) Eden: 2475008K(2475008K)->0K(2475008K) From: 145632K(157696K)->146368K(159232K)
[5801.283s][info][gc,heap        ] GC(1555) ParOldGen: 4811420K(4830208K)->4903444K(4903936K)
[5801.283s][info][gc,metaspace   ] GC(1555) Metaspace: 29149K(29504K)->29149K(29504K) NonClass: 24257K(24384K)->24257K(24384K) Class: 4891K(5120K)->4891K(5120K)
[5801.283s][info][gc             ] GC(1555) Pause Young (Allocation Failure) 7257M->4931M(7361M) 100.275ms
[5801.283s][info][gc,cpu         ] GC(1555) User=0.57s Sys=0.02s Real=0.10s
..[5803.439s][info][gc,start       ] GC(1556) Pause Young (Allocation Failure)
[5803.538s][info][gc,heap        ] GC(1556) PSYoungGen: 2621376K(2634240K)->139936K(2635264K) Eden: 2475008K(2475008K)->0K(2478592K) From: 146368K(159232K)->139936K(156672K)
[5803.538s][info][gc,heap        ] GC(1556) ParOldGen: 4903444K(4903936K)->4994796K(4995072K)
[5803.538s][info][gc,metaspace   ] GC(1556) Metaspace: 29149K(29504K)->29149K(29504K) NonClass: 24257K(24384K)->24257K(24384K) Class: 4891K(5120K)->4891K(5120K)
[5803.538s][info][gc             ] GC(1556) Pause Young (Allocation Failure) 7348M->5014M(7451M) 99.139ms
[5803.538s][info][gc,cpu         ] GC(1556) User=0.55s Sys=0.03s Real=0.10s
..[5805.533s][info][gc,start       ] GC(1557) Pause Young (Allocation Failure)
[5805.632s][info][gc,heap        ] GC(1557) PSYoungGen: 2618528K(2635264K)->139008K(2636288K) Eden: 2478592K(2478592K)->0K(2478592K) From: 139936K(156672K)->139008K(157696K)
[5805.632s][info][gc,heap        ] GC(1557) ParOldGen: 4994796K(4995072K)->5087492K(5087744K)
[5805.632s][info][gc,metaspace   ] GC(1557) Metaspace: 29149K(29504K)->29149K(29504K) NonClass: 24257K(24384K)->24257K(24384K) Class: 4891K(5120K)->4891K(5120K)
[5805.632s][info][gc             ] GC(1557) Pause Young (Allocation Failure) 7434M->5104M(7543M) 99.302ms
[5805.633s][info][gc,cpu         ] GC(1557) User=0.55s Sys=0.02s Real=0.10s
..[5807.661s][info][gc,start       ] GC(1558) Pause Young (Allocation Failure)
[5807.776s][info][gc,heap        ] GC(1558) PSYoungGen: 2617600K(2636288K)->157677K(2561536K) Eden: 2478592K(2478592K)->0K(2403840K) From: 139008K(157696K)->157677K(157696K)
[5807.776s][info][gc,heap        ] GC(1558) ParOldGen: 5087492K(5087744K)->5181236K(5181440K)
[5807.776s][info][gc,metaspace   ] GC(1558) Metaspace: 29149K(29504K)->29149K(29504K) NonClass: 24257K(24384K)->24257K(24384K) Class: 4891K(5120K)->4891K(5120K)
[5807.776s][info][gc             ] GC(1558) Pause Young (Allocation Failure) 7524M->5213M(7561M) 114.634ms
[5807.776s][info][gc,cpu         ] GC(1558) User=0.63s Sys=0.05s Real=0.12s
..[5809.574s][info][gc,start       ] GC(1559) Pause Young (Allocation Failure)
[5809.675s][info][gc,heap        ] GC(1559) PSYoungGen: 2561517K(2561536K)->141380K(2599936K) Eden: 2403840K(2403840K)->0K(2403840K) From: 157677K(157696K)->141380K(196096K)
[5809.675s][info][gc,heap        ] GC(1559) ParOldGen: 5181236K(5181440K)->5273476K(5273600K)
[5809.675s][info][gc,metaspace   ] GC(1559) Metaspace: 29149K(29504K)->29149K(29504K) NonClass: 24257K(24384K)->24257K(24384K) Class: 4891K(5120K)->4891K(5120K)
[5809.675s][info][gc             ] GC(1559) Pause Young (Allocation Failure) 7561M->5287M(7689M) 101.338ms
[5809.675s][info][gc,cpu         ] GC(1559) User=0.58s Sys=0.02s Real=0.10s
..[5811.755s][info][gc,start       ] GC(1560) Pause Young (Allocation Failure)
[5811.855s][info][gc,heap        ] GC(1560) PSYoungGen: 2545220K(2599936K)->139776K(2594816K) Eden: 2403840K(2403840K)->0K(2405888K) From: 141380K(196096K)->139776K(188928K)
[5811.855s][info][gc,heap        ] GC(1560) ParOldGen: 5273476K(5273600K)->5363012K(5363200K)
[5811.855s][info][gc,metaspace   ] GC(1560) Metaspace: 29149K(29504K)->29149K(29504K) NonClass: 24257K(24384K)->24257K(24384K) Class: 4891K(5120K)->4891K(5120K)
[5811.855s][info][gc             ] GC(1560) Pause Young (Allocation Failure) 7635M->5373M(7771M) 99.238ms
[5811.855s][info][gc,cpu         ] GC(1560) User=0.55s Sys=0.04s Real=0.10s
..[5813.767s][info][gc,start       ] GC(1561) Pause Young (Allocation Failure)
[5813.866s][info][gc,heap        ] GC(1561) PSYoungGen: 2545664K(2594816K)->141120K(2598400K) Eden: 2405888K(2405888K)->0K(2405888K) From: 139776K(188928K)->141120K(192512K)
[5813.866s][info][gc,heap        ] GC(1561) ParOldGen: 5363012K(5363200K)->5453604K(5453824K)
[5813.866s][info][gc,metaspace   ] GC(1561) Metaspace: 29149K(29504K)->29149K(29504K) NonClass: 24257K(24384K)->24257K(24384K) Class: 4891K(5120K)->4891K(5120K)
[5813.866s][info][gc             ] GC(1561) Pause Young (Allocation Failure) 7723M->5463M(7863M) 98.945ms
[5813.866s][info][gc,cpu         ] GC(1561) User=0.57s Sys=0.02s Real=0.10s
..[5815.778s][info][gc,start       ] GC(1562) Pause Young (Allocation Failure)
[5815.880s][info][gc,heap        ] GC(1562) PSYoungGen: 2547008K(2598400K)->147044K(2594816K) Eden: 2405888K(2405888K)->0K(2413056K) From: 141120K(192512K)->147044K(181760K)
[5815.880s][info][gc,heap        ] GC(1562) ParOldGen: 5453604K(5453824K)->5544892K(5544960K)
[5815.880s][info][gc,metaspace   ] GC(1562) Metaspace: 29149K(29504K)->29149K(29504K) NonClass: 24257K(24384K)->24257K(24384K) Class: 4891K(5120K)->4891K(5120K)
[5815.880s][info][gc             ] GC(1562) Pause Young (Allocation Failure) 7813M->5558M(7949M) 102.653ms
[5815.880s][info][gc,cpu         ] GC(1562) User=0.58s Sys=0.03s Real=0.10s
..[5817.910s][info][gc,start       ] GC(1563) Pause Full (Allocation Failure)
[5817.910s][info][gc,phases,start] GC(1563) Marking Phase
[5818.200s][info][gc,phases      ] GC(1563) Marking Phase 290.154ms
[5818.200s][info][gc,phases,start] GC(1563) Summary Phase
[5818.200s][info][gc,phases      ] GC(1563) Summary Phase 0.097ms
[5818.200s][info][gc,phases,start] GC(1563) Forward
[5818.325s][info][gc,phases      ] GC(1563) Forward 124.726ms
[5818.325s][info][gc,phases,start] GC(1563) Adjust Pointers
[5818.524s][info][gc,phases      ] GC(1563) Adjust Pointers 198.434ms
[5818.524s][info][gc,phases,start] GC(1563) Compaction Phase
[5818.650s][info][gc,phases      ] GC(1563) Compaction Phase 126.382ms
[5818.651s][info][gc,phases,start] GC(1563) Post Compact
[5818.658s][info][gc,phases      ] GC(1563) Post Compact 6.909ms
[5818.785s][info][gc,heap        ] GC(1563) PSYoungGen: 2560100K(2594816K)->0K(2599936K) Eden: 2413056K(2413056K)->0K(2413056K) From: 147044K(181760K)->0K(186880K)
[5818.785s][info][gc,heap        ] GC(1563) ParOldGen: 5544892K(5544960K)->1426102K(1694720K)
[5818.785s][info][gc,metaspace   ] GC(1563) Metaspace: 29149K(29504K)->29149K(29504K) NonClass: 24257K(24384K)->24257K(24384K) Class: 4891K(5120K)->4891K(5120K)
[5818.785s][info][gc             ] GC(1563) Pause Full (Allocation Failure) 7915M->1392M(4194M) 875.372ms
[5818.785s][info][gc,cpu         ] GC(1563) User=4.00s Sys=0.12s Real=0.88s
..[5820.205s][info][gc,start       ] GC(1564) Pause Young (Allocation Failure)
[5820.272s][info][gc,heap        ] GC(1564) PSYoungGen: 2413056K(2599936K)->149733K(2601984K) Eden: 2413056K(2413056K)->0K(2422272K) From: 0K(186880K)->149733K(179712K)
[5820.272s][info][gc,heap        ] GC(1564) ParOldGen: 1426102K(1694720K)->1426102K(1694720K)
[5820.272s][info][gc,metaspace   ] GC(1564) Metaspace: 29149K(29504K)->29149K(29504K) NonClass: 24257K(24384K)->24257K(24384K) Class: 4891K(5120K)->4891K(5120K)
[5820.272s][info][gc             ] GC(1564) Pause Young (Allocation Failure) 3749M->1538M(4196M) 67.157ms
[5820.272s][info][gc,cpu         ] GC(1564) User=0.40s Sys=0.00s Real=0.06s
.[5821.948s][info][gc,start       ] GC(1565) Pause Young (Allocation Failure)
[5822.040s][info][gc,heap        ] GC(1565) PSYoungGen: 2572005K(2601984K)->141344K(2605568K) Eden: 2422272K(2422272K)->0K(2422272K) From: 149733K(179712K)->141344K(183296K)
[5822.040s][info][gc,heap        ] GC(1565) ParOldGen: 1426102K(1694720K)->1516310K(1694720K)
[5822.040s][info][gc,metaspace   ] GC(1565) Metaspace: 29149K(29504K)->29149K(29504K) NonClass: 24257K(24384K)->24257K(24384K) Class: 4891K(5120K)->4891K(5120K)
[5822.040s][info][gc             ] GC(1565) Pause Young (Allocation Failure) 3904M->1618M(4199M) 91.379ms
[5822.040s][info][gc,cpu         ] GC(1565) User=0.54s Sys=0.00s Real=0.09s
.. (rIR:aIR:PR = 9548:9526:9526) (tPR = 141450) [OK] 
  5822s: Performance info:
         Transaction,    Success,    Partial,     Failed,   Receipts, AvgBarcode, 
             Overall,     575991,          0,          0,     547222,      59.48, 
         Response times:
             Request,    Success,    Partial,     Failed,   SkipFail,     Probes,    Samples,      min,      p50,      p90,      p95,      p99,      max, 
       TotalPurchase,     547221,          0,          0,          0,     353714,     399528,      200,     6100,    46000,    92000,   404000,  1300000,
     InStorePurchase,     287483,          0,          0,          0,     186445,     210219,      200,     6100,    46000,    91000,   403000,  1300000,
      OnlinePurchase,     202047,          0,          0,          0,     129412,     146420,      300,     6100,    46000,    94000,   413000,  1300000,
        InstPurchase,      57691,          0,          0,          0,      37857,      42889,      400,     6300,    46000,    91000,   384000,  1300000,
          AssocOfCat,        582,          0,          0,          0,        486,        664,    21000,    44000,   116500,   213000,   450000,   507000,
      AssocOfProduct,       5760,          0,          0,          0,       4114,       4936,      400,     6600,    49000,    95000,   313000,   486000,
      BusinessReport,       1440,          0,          0,          0,       1243,       1552,    26000,    47000,    96000,   162350,   340000,   549000,
          CustBuyBeh,       5871,          0,          0,          0,       4137,       4834,      200,     3550,    38000,    81250,   330000,   485000,
       ProductReturn,      15116,          0,          0,          0,       9764,      11343,      200,     6300,    47000,    97000,   478000,   890000,

  5822s: (70%)   IR =   9686 [5823.919s][info][gc,start       ] GC(1566) Pause Young (Allocation Failure)
[5824.015s][info][gc,heap        ] GC(1566) PSYoungGen: 2563616K(2605568K)->145755K(2606080K) Eden: 2422272K(2422272K)->0K(2430976K) From: 141344K(183296K)->145755K(175104K)
[5824.015s][info][gc,heap        ] GC(1566) ParOldGen: 1516310K(1694720K)->1607798K(1694720K)
[5824.015s][info][gc,metaspace   ] GC(1566) Metaspace: 29149K(29504K)->29149K(29504K) NonClass: 24257K(24384K)->24257K(24384K) Class: 4891K(5120K)->4891K(5120K)
[5824.015s][info][gc             ] GC(1566) Pause Young (Allocation Failure) 3984M->1712M(4200M) 96.087ms
[5824.015s][info][gc,cpu         ] GC(1566) User=0.57s Sys=0.00s Real=0.10s
..[5826.093s][info][gc,start       ] GC(1567) Pause Young (Allocation Failure)
[5826.186s][info][gc,heap        ] GC(1567) PSYoungGen: 2576731K(2606080K)->149696K(2610176K) Eden: 2430976K(2430976K)->0K(2430976K) From: 145755K(175104K)->149696K(179200K)
[5826.186s][info][gc,heap        ] GC(1567) ParOldGen: 1607798K(1694720K)->1694166K(1694720K)
[5826.186s][info][gc,metaspace   ] GC(1567) Metaspace: 29149K(29504K)->29149K(29504K) NonClass: 24257K(24384K)->24257K(24384K) Class: 4891K(5120K)->4891K(5120K)
[5826.186s][info][gc             ] GC(1567) Pause Young (Allocation Failure) 4086M->1800M(4204M) 92.731ms
[5826.186s][info][gc,cpu         ] GC(1567) User=0.55s Sys=0.01s Real=0.10s
..[5828.120s][info][gc,start       ] GC(1568) Pause Young (Allocation Failure)
[5828.224s][info][gc,heap        ] GC(1568) PSYoungGen: 2580672K(2610176K)->151208K(2611200K) Eden: 2430976K(2430976K)->0K(2440192K) From: 149696K(179200K)->151208K(171008K)
[5828.224s][info][gc,heap        ] GC(1568) ParOldGen: 1694166K(1694720K)->1789782K(1789952K)
[5828.224s][info][gc,metaspace   ] GC(1568) Metaspace: 29149K(29504K)->29149K(29504K) NonClass: 24257K(24384K)->24257K(24384K) Class: 4891K(5120K)->4891K(5120K)
[5828.224s][info][gc             ] GC(1568) Pause Young (Allocation Failure) 4174M->1895M(4298M) 104.305ms
[5828.224s][info][gc,cpu         ] GC(1568) User=0.59s Sys=0.03s Real=0.11s
..[5830.067s][info][gc,start       ] GC(1569) Pause Young (Allocation Failure)
[5830.165s][info][gc,heap        ] GC(1569) PSYoungGen: 2591400K(2611200K)->146144K(2614784K) Eden: 2440192K(2440192K)->0K(2440192K) From: 151208K(171008K)->146144K(174592K)
[5830.165s][info][gc,heap        ] GC(1569) ParOldGen: 1789782K(1789952K)->1878614K(1879040K)
[5830.165s][info][gc,metaspace   ] GC(1569) Metaspace: 29149K(29504K)->29149K(29504K) NonClass: 24257K(24384K)->24257K(24384K) Class: 4891K(5120K)->4891K(5120K)
[5830.165s][info][gc             ] GC(1569) Pause Young (Allocation Failure) 4278M->1977M(4388M) 97.843ms
[5830.165s][info][gc,cpu         ] GC(1569) User=0.54s Sys=0.04s Real=0.10s
..|[5832.123s][info][gc,start       ] GC(1570) Pause Young (Allocation Failure)
[5832.227s][info][gc,heap        ] GC(1570) PSYoungGen: 2586336K(2614784K)->156240K(2620928K) Eden: 2440192K(2440192K)->0K(2448896K) From: 146144K(174592K)->156240K(172032K)
[5832.227s][info][gc,heap        ] GC(1570) ParOldGen: 1878614K(1879040K)->1970486K(1970688K)
[5832.227s][info][gc,metaspace   ] GC(1570) Metaspace: 29149K(29504K)->29149K(29504K) NonClass: 24257K(24384K)->24257K(24384K) Class: 4891K(5120K)->4891K(5120K)
[5832.227s][info][gc             ] GC(1570) Pause Young (Allocation Failure) 4360M->2076M(4484M) 104.097ms
[5832.228s][info][gc,cpu         ] GC(1570) User=0.58s Sys=0.04s Real=0.10s
..[5834.274s][info][gc,start       ] GC(1571) Pause Young (Allocation Failure)
[5834.374s][info][gc,heap        ] GC(1571) PSYoungGen: 2605136K(2620928K)->143728K(2621952K) Eden: 2448896K(2448896K)->0K(2448896K) From: 156240K(172032K)->143728K(173056K)
[5834.374s][info][gc,heap        ] GC(1571) ParOldGen: 1970486K(1970688K)->2062198K(2062336K)
[5834.374s][info][gc,metaspace   ] GC(1571) Metaspace: 29149K(29504K)->29149K(29504K) NonClass: 24257K(24384K)->24257K(24384K) Class: 4891K(5120K)->4891K(5120K)
[5834.374s][info][gc             ] GC(1571) Pause Young (Allocation Failure) 4468M->2154M(4574M) 99.815ms
[5834.374s][info][gc,cpu         ] GC(1571) User=0.55s Sys=0.04s Real=0.10s
...[5836.465s][info][gc,start       ] GC(1572) Pause Young (Allocation Failure)
[5836.568s][info][gc,heap        ] GC(1572) PSYoungGen: 2592624K(2621952K)->149694K(2619392K) Eden: 2448896K(2448896K)->0K(2451456K) From: 143728K(173056K)->149694K(167936K)
[5836.568s][info][gc,heap        ] GC(1572) ParOldGen: 2062198K(2062336K)->2154158K(2154496K)
[5836.568s][info][gc,metaspace   ] GC(1572) Metaspace: 29149K(29504K)->29149K(29504K) NonClass: 24257K(24384K)->24257K(24384K) Class: 4891K(5120K)->4891K(5120K)
[5836.568s][info][gc             ] GC(1572) Pause Young (Allocation Failure) 4545M->2249M(4662M) 102.303ms
[5836.568s][info][gc,cpu         ] GC(1572) User=0.57s Sys=0.03s Real=0.10s
..[5838.603s][info][gc,start       ] GC(1573) Pause Young (Allocation Failure)
[5838.705s][info][gc,heap        ] GC(1573) PSYoungGen: 2601150K(2619392K)->148656K(2620928K) Eden: 2451456K(2451456K)->0K(2451456K) From: 149694K(167936K)->148656K(169472K)
[5838.705s][info][gc,heap        ] GC(1573) ParOldGen: 2154158K(2154496K)->2243926K(2244096K)
[5838.705s][info][gc,metaspace   ] GC(1573) Metaspace: 29149K(29504K)->29149K(29504K) NonClass: 24257K(24384K)->24257K(24384K) Class: 4891K(5120K)->4891K(5120K)
[5838.705s][info][gc             ] GC(1573) Pause Young (Allocation Failure) 4643M->2336M(4751M) 101.324ms
[5838.705s][info][gc,cpu         ] GC(1573) User=0.56s Sys=0.03s Real=0.10s
..[5840.608s][info][gc,start       ] GC(1574) Pause Young (Allocation Failure)
[5840.707s][info][gc,heap        ] GC(1574) PSYoungGen: 2600112K(2620928K)->144532K(2623488K) Eden: 2451456K(2451456K)->0K(2458624K) From: 148656K(169472K)->144532K(164864K)
[5840.707s][info][gc,heap        ] GC(1574) ParOldGen: 2243926K(2244096K)->2335910K(2336256K)
[5840.707s][info][gc,metaspace   ] GC(1574) Metaspace: 29149K(29504K)->29149K(29504K) NonClass: 24257K(24384K)->24257K(24384K) Class: 4891K(5120K)->4891K(5120K)
[5840.707s][info][gc             ] GC(1574) Pause Young (Allocation Failure) 4730M->2422M(4843M) 99.166ms
[5840.708s][info][gc,cpu         ] GC(1574) User=0.56s Sys=0.03s Real=0.10s
..[5842.592s][info][gc,start       ] GC(1575) Pause Young (Allocation Failure)
[5842.690s][info][gc,heap        ] GC(1575) PSYoungGen: 2603156K(2623488K)->145120K(2625024K) Eden: 2458624K(2458624K)->0K(2458624K) From: 144532K(164864K)->145120K(166400K)
[5842.690s][info][gc,heap        ] GC(1575) ParOldGen: 2335910K(2336256K)->2426686K(2426880K)
[5842.690s][info][gc,metaspace   ] GC(1575) Metaspace: 29149K(29504K)->29149K(29504K) NonClass: 24257K(24384K)->24257K(24384K) Class: 4891K(5120K)->4891K(5120K)
[5842.690s][info][gc             ] GC(1575) Pause Young (Allocation Failure) 4823M->2511M(4933M) 98.515ms
[5842.690s][info][gc,cpu         ] GC(1575) User=0.56s Sys=0.02s Real=0.10s
..[5844.684s][info][gc,start       ] GC(1576) Pause Young (Allocation Failure)
[5844.785s][info][gc,heap        ] GC(1576) PSYoungGen: 2603744K(2625024K)->146037K(2627072K) Eden: 2458624K(2458624K)->0K(2464256K) From: 145120K(166400K)->146037K(162816K)
[5844.785s][info][gc,heap        ] GC(1576) ParOldGen: 2426686K(2426880K)->2517918K(2518016K)
[5844.785s][info][gc,metaspace   ] GC(1576) Metaspace: 29149K(29504K)->29149K(29504K) NonClass: 24257K(24384K)->24257K(24384K) Class: 4891K(5120K)->4891K(5120K)
[5844.785s][info][gc             ] GC(1576) Pause Young (Allocation Failure) 4912M->2601M(5024M) 100.908ms
[5844.785s][info][gc,cpu         ] GC(1576) User=0.56s Sys=0.02s Real=0.10s
..[5846.739s][info][gc,start       ] GC(1577) Pause Young (Allocation Failure)
[5846.836s][info][gc,heap        ] GC(1577) PSYoungGen: 2610293K(2627072K)->141664K(2628608K) Eden: 2464256K(2464256K)->0K(2464256K) From: 146037K(162816K)->141664K(164352K)
[5846.836s][info][gc,heap        ] GC(1577) ParOldGen: 2517918K(2518016K)->2609710K(2610176K)
[5846.836s][info][gc,metaspace   ] GC(1577) Metaspace: 29149K(29504K)->29149K(29504K) NonClass: 24257K(24384K)->24257K(24384K) Class: 4891K(5120K)->4891K(5120K)
[5846.836s][info][gc             ] GC(1577) Pause Young (Allocation Failure) 5008M->2686M(5116M) 96.700ms
[5846.836s][info][gc,cpu         ] GC(1577) User=0.55s Sys=0.03s Real=0.10s
..[5848.784s][info][gc,start       ] GC(1578) Pause Young (Allocation Failure)
[5848.887s][info][gc,heap        ] GC(1578) PSYoungGen: 2605920K(2628608K)->153434K(2631168K) Eden: 2464256K(2464256K)->0K(2467328K) From: 141664K(164352K)->153434K(163840K)
[5848.887s][info][gc,heap        ] GC(1578) ParOldGen: 2609710K(2610176K)->2701214K(2701312K)
[5848.887s][info][gc,metaspace   ] GC(1578) Metaspace: 29149K(29504K)->29149K(29504K) NonClass: 24257K(24384K)->24257K(24384K) Class: 4891K(5120K)->4891K(5120K)
[5848.887s][info][gc             ] GC(1578) Pause Young (Allocation Failure) 5093M->2787M(5207M) 102.578ms
[5848.887s][info][gc,cpu         ] GC(1578) User=0.58s Sys=0.03s Real=0.10s
..[5850.925s][info][gc,start       ] GC(1579) Pause Young (Allocation Failure)
[5851.023s][info][gc,heap        ] GC(1579) PSYoungGen: 2620762K(2631168K)->141376K(2631680K) Eden: 2467328K(2467328K)->0K(2467328K) From: 153434K(163840K)->141376K(164352K)
[5851.023s][info][gc,heap        ] GC(1579) ParOldGen: 2701214K(2701312K)->2794294K(2794496K)
[5851.023s][info][gc,metaspace   ] GC(1579) Metaspace: 29149K(29504K)->29149K(29504K) NonClass: 24257K(24384K)->24257K(24384K) Class: 4891K(5120K)->4891K(5120K)
[5851.023s][info][gc             ] GC(1579) Pause Young (Allocation Failure) 5197M->2866M(5299M) 98.064ms
[5851.023s][info][gc,cpu         ] GC(1579) User=0.54s Sys=0.03s Real=0.09s
..[5852.931s][info][gc,start       ] GC(1580) Pause Young (Allocation Failure)
[5853.031s][info][gc,heap        ] GC(1580) PSYoungGen: 2608704K(2631680K)->148736K(2629632K) Eden: 2467328K(2467328K)->0K(2467840K) From: 141376K(164352K)->148736K(161792K)
[5853.031s][info][gc,heap        ] GC(1580) ParOldGen: 2794294K(2794496K)->2884902K(2885120K)
[5853.031s][info][gc,metaspace   ] GC(1580) Metaspace: 29149K(29504K)->29149K(29504K) NonClass: 24257K(24384K)->24257K(24384K) Class: 4891K(5120K)->4891K(5120K)
[5853.031s][info][gc             ] GC(1580) Pause Young (Allocation Failure) 5276M->2962M(5385M) 100.106ms
[5853.031s][info][gc,cpu         ] GC(1580) User=0.57s Sys=0.02s Real=0.10s
..[5854.975s][info][gc,start       ] GC(1581) Pause Young (Allocation Failure)
[5855.078s][info][gc,heap        ] GC(1581) PSYoungGen: 2616576K(2629632K)->149072K(2630656K) Eden: 2467840K(2467840K)->0K(2467840K) From: 148736K(161792K)->149072K(162816K)
[5855.078s][info][gc,heap        ] GC(1581) ParOldGen: 2884902K(2885120K)->2976158K(2976256K)
[5855.078s][info][gc,metaspace   ] GC(1581) Metaspace: 29149K(29504K)->29149K(29504K) NonClass: 24257K(24384K)->24257K(24384K) Class: 4891K(5120K)->4891K(5120K)
[5855.078s][info][gc             ] GC(1581) Pause Young (Allocation Failure) 5372M->3051M(5475M) 102.425ms
[5855.078s][info][gc,cpu         ] GC(1581) User=0.57s Sys=0.03s Real=0.10s
..[5857.100s][info][gc,start       ] GC(1582) Pause Young (Allocation Failure)
[5857.204s][info][gc,heap        ] GC(1582) PSYoungGen: 2616912K(2630656K)->156560K(2630144K) Eden: 2467840K(2467840K)->0K(2468352K) From: 149072K(162816K)->156560K(161792K)
[5857.204s][info][gc,heap        ] GC(1582) ParOldGen: 2976158K(2976256K)->3068222K(3068416K)
[5857.204s][info][gc,metaspace   ] GC(1582) Metaspace: 29149K(29504K)->29149K(29504K) NonClass: 24257K(24384K)->24257K(24384K) Class: 4891K(5120K)->4891K(5120K)
[5857.204s][info][gc             ] GC(1582) Pause Young (Allocation Failure) 5461M->3149M(5565M) 104.454ms
[5857.204s][info][gc,cpu         ] GC(1582) User=0.59s Sys=0.03s Real=0.11s
..[5859.107s][info][gc,start       ] GC(1583) Pause Young (Allocation Failure)
[5859.210s][info][gc,heap        ] GC(1583) PSYoungGen: 2624912K(2630144K)->152928K(2632192K) Eden: 2468352K(2468352K)->0K(2468352K) From: 156560K(161792K)->152928K(163840K)
[5859.210s][info][gc,heap        ] GC(1583) ParOldGen: 3068222K(3068416K)->3160854K(3161088K)
[5859.210s][info][gc,metaspace   ] GC(1583) Metaspace: 29149K(29504K)->29149K(29504K) NonClass: 24257K(24384K)->24257K(24384K) Class: 4891K(5120K)->4891K(5120K)
[5859.210s][info][gc             ] GC(1583) Pause Young (Allocation Failure) 5559M->3236M(5657M) 103.485ms
[5859.210s][info][gc,cpu         ] GC(1583) User=0.59s Sys=0.03s Real=0.10s
..[5861.194s][info][gc,start       ] GC(1584) Pause Young (Allocation Failure)
[5861.292s][info][gc,heap        ] GC(1584) PSYoungGen: 2621280K(2632192K)->142592K(2631168K) Eden: 2468352K(2468352K)->0K(2468352K) From: 152928K(163840K)->142592K(162816K)
[5861.292s][info][gc,heap        ] GC(1584) ParOldGen: 3160854K(3161088K)->3256094K(3256320K)
[5861.292s][info][gc,metaspace   ] GC(1584) Metaspace: 29149K(29504K)->29149K(29504K) NonClass: 24257K(24384K)->24257K(24384K) Class: 4891K(5120K)->4891K(5120K)
[5861.292s][info][gc             ] GC(1584) Pause Young (Allocation Failure) 5646M->3319M(5749M) 98.494ms
[5861.292s][info][gc,cpu         ] GC(1584) User=0.55s Sys=0.04s Real=0.09s
..[5863.325s][info][gc,start       ] GC(1585) Pause Young (Allocation Failure)
[5863.428s][info][gc,heap        ] GC(1585) PSYoungGen: 2610944K(2631168K)->149012K(2631680K) Eden: 2468352K(2468352K)->0K(2468352K) From: 142592K(162816K)->149012K(163328K)
[5863.428s][info][gc,heap        ] GC(1585) ParOldGen: 3256094K(3256320K)->3345566K(3345920K)
[5863.428s][info][gc,metaspace   ] GC(1585) Metaspace: 29149K(29504K)->29149K(29504K) NonClass: 24257K(24384K)->24257K(24384K) Class: 4891K(5120K)->4891K(5120K)
[5863.428s][info][gc             ] GC(1585) Pause Young (Allocation Failure) 5729M->3412M(5837M) 103.733ms
[5863.429s][info][gc,cpu         ] GC(1585) User=0.59s Sys=0.02s Real=0.10s
..[5865.459s][info][gc,start       ] GC(1586) Pause Young (Allocation Failure)
[5865.557s][info][gc,heap        ] GC(1586) PSYoungGen: 2617364K(2631680K)->138080K(2631680K) Eden: 2468352K(2468352K)->0K(2469376K) From: 149012K(163328K)->138080K(162304K)
[5865.557s][info][gc,heap        ] GC(1586) ParOldGen: 3345566K(3345920K)->3439678K(3440128K)
[5865.557s][info][gc,metaspace   ] GC(1586) Metaspace: 29149K(29504K)->29149K(29504K) NonClass: 24257K(24384K)->24257K(24384K) Class: 4891K(5120K)->4891K(5120K)
[5865.557s][info][gc             ] GC(1586) Pause Young (Allocation Failure) 5823M->3493M(5929M) 98.128ms
[5865.557s][info][gc,cpu         ] GC(1586) User=0.55s Sys=0.04s Real=0.10s
..[5867.478s][info][gc,start       ] GC(1587) Pause Young (Allocation Failure)
[5867.580s][info][gc,heap        ] GC(1587) PSYoungGen: 2607456K(2631680K)->150228K(2632192K) Eden: 2469376K(2469376K)->0K(2469376K) From: 138080K(162304K)->150228K(162816K)
[5867.580s][info][gc,heap        ] GC(1587) ParOldGen: 3439678K(3440128K)->3530886K(3531264K)
[5867.580s][info][gc,metaspace   ] GC(1587) Metaspace: 29149K(29504K)->29149K(29504K) NonClass: 24257K(24384K)->24257K(24384K) Class: 4891K(5120K)->4891K(5120K)
[5867.580s][info][gc             ] GC(1587) Pause Young (Allocation Failure) 5905M->3594M(6019M) 102.475ms
[5867.580s][info][gc,cpu         ] GC(1587) User=0.58s Sys=0.02s Real=0.10s
..[5869.612s][info][gc,start       ] GC(1588) Pause Young (Allocation Failure)
[5869.720s][info][gc,heap        ] GC(1588) PSYoungGen: 2619604K(2632192K)->159194K(2628608K) Eden: 2469376K(2469376K)->0K(2466304K) From: 150228K(162816K)->159194K(162304K)
[5869.720s][info][gc,heap        ] GC(1588) ParOldGen: 3530886K(3531264K)->3622246K(3622400K)
[5869.720s][info][gc,metaspace   ] GC(1588) Metaspace: 29149K(29504K)->29149K(29504K) NonClass: 24257K(24384K)->24257K(24384K) Class: 4891K(5120K)->4891K(5120K)
[5869.720s][info][gc             ] GC(1588) Pause Young (Allocation Failure) 6006M->3692M(6104M) 108.646ms
[5869.720s][info][gc,cpu         ] GC(1588) User=0.60s Sys=0.04s Real=0.11s
..[5871.690s][info][gc,start       ] GC(1589) Pause Young (Allocation Failure)
[5871.793s][info][gc,heap        ] GC(1589) PSYoungGen: 2625498K(2628608K)->150208K(2631168K) Eden: 2466304K(2466304K)->0K(2466304K) From: 159194K(162304K)->150208K(164864K)
[5871.793s][info][gc,heap        ] GC(1589) ParOldGen: 3622246K(3622400K)->3715046K(3715072K)
[5871.793s][info][gc,metaspace   ] GC(1589) Metaspace: 29149K(29504K)->29149K(29504K) NonClass: 24257K(24384K)->24257K(24384K) Class: 4891K(5120K)->4891K(5120K)
[5871.793s][info][gc             ] GC(1589) Pause Young (Allocation Failure) 6101M->3774M(6197M) 103.093ms
[5871.793s][info][gc,cpu         ] GC(1589) User=0.57s Sys=0.04s Real=0.11s
..[5873.740s][info][gc,start       ] GC(1590) Pause Young (Allocation Failure)
[5873.841s][info][gc,heap        ] GC(1590) PSYoungGen: 2616512K(2631168K)->144565K(2629120K) Eden: 2466304K(2466304K)->0K(2467328K) From: 150208K(164864K)->144565K(161792K)
[5873.841s][info][gc,heap        ] GC(1590) ParOldGen: 3715046K(3715072K)->3809390K(3809792K)
[5873.841s][info][gc,metaspace   ] GC(1590) Metaspace: 29149K(29504K)->29149K(29504K) NonClass: 24257K(24384K)->24257K(24384K) Class: 4891K(5120K)->4891K(5120K)
[5873.841s][info][gc             ] GC(1590) Pause Young (Allocation Failure) 6183M->3861M(6288M) 101.164ms
[5873.841s][info][gc,cpu         ] GC(1590) User=0.57s Sys=0.04s Real=0.10s
..[5875.815s][info][gc,start       ] GC(1591) Pause Young (Allocation Failure)
[5875.916s][info][gc,heap        ] GC(1591) PSYoungGen: 2611893K(2629120K)->147904K(2630656K) Eden: 2467328K(2467328K)->0K(2467328K) From: 144565K(161792K)->147904K(163328K)
[5875.916s][info][gc,heap        ] GC(1591) ParOldGen: 3809390K(3809792K)->3898862K(3898880K)
[5875.916s][info][gc,metaspace   ] GC(1591) Metaspace: 29149K(29504K)->29149K(29504K) NonClass: 24257K(24384K)->24257K(24384K) Class: 4891K(5120K)->4891K(5120K)
[5875.916s][info][gc             ] GC(1591) Pause Young (Allocation Failure) 6270M->3951M(6376M) 101.269ms
[5875.916s][info][gc,cpu         ] GC(1591) User=0.58s Sys=0.02s Real=0.10s
..[5877.813s][info][gc,start       ] GC(1592) Pause Young (Allocation Failure)
[5877.915s][info][gc,heap        ] GC(1592) PSYoungGen: 2615232K(2630656K)->145328K(2631680K) Eden: 2467328K(2467328K)->0K(2470912K) From: 147904K(163328K)->145328K(160768K)
[5877.915s][info][gc,heap        ] GC(1592) ParOldGen: 3898862K(3898880K)->3992606K(3993088K)
[5877.915s][info][gc,metaspace   ] GC(1592) Metaspace: 29149K(29504K)->29149K(29504K) NonClass: 24257K(24384K)->24257K(24384K) Class: 4891K(5120K)->4891K(5120K)
[5877.915s][info][gc             ] GC(1592) Pause Young (Allocation Failure) 6361M->4040M(6469M) 101.709ms
[5877.915s][info][gc,cpu         ] GC(1592) User=0.58s Sys=0.02s Real=0.11s
..[5879.865s][info][gc,start       ] GC(1593) Pause Young (Allocation Failure)
[5879.968s][info][gc,heap        ] GC(1593) PSYoungGen: 2616240K(2631680K)->148725K(2632192K) Eden: 2470912K(2470912K)->0K(2470912K) From: 145328K(160768K)->148725K(161280K)
[5879.968s][info][gc,heap        ] GC(1593) ParOldGen: 3992606K(3993088K)->4083030K(4083200K)
[5879.968s][info][gc,metaspace   ] GC(1593) Metaspace: 29149K(29504K)->29149K(29504K) NonClass: 24257K(24384K)->24257K(24384K) Class: 4891K(5120K)->4891K(5120K)
[5879.968s][info][gc             ] GC(1593) Pause Young (Allocation Failure) 6453M->4132M(6558M) 102.657ms
[5879.968s][info][gc,cpu         ] GC(1593) User=0.58s Sys=0.02s Real=0.10s
..[5881.935s][info][gc,start       ] GC(1594) Pause Young (Allocation Failure)
[5882.040s][info][gc,heap        ] GC(1594) PSYoungGen: 2619637K(2632192K)->151040K(2634240K) Eden: 2470912K(2470912K)->0K(2474496K) From: 148725K(161280K)->151040K(159744K)
[5882.040s][info][gc,heap        ] GC(1594) ParOldGen: 4083030K(4083200K)->4175854K(4175872K)
[5882.041s][info][gc,metaspace   ] GC(1594) Metaspace: 29149K(29504K)->29149K(29504K) NonClass: 24257K(24384K)->24257K(24384K) Class: 4891K(5120K)->4891K(5120K)
[5882.041s][info][gc             ] GC(1594) Pause Young (Allocation Failure) 6545M->4225M(6650M) 106.009ms
[5882.041s][info][gc,cpu         ] GC(1594) User=0.61s Sys=0.02s Real=0.10s
...[5884.058s][info][gc,start       ] GC(1595) Pause Young (Allocation Failure)
[5884.160s][info][gc,heap        ] GC(1595) PSYoungGen: 2625536K(2634240K)->148384K(2634240K) Eden: 2474496K(2474496K)->0K(2474496K) From: 151040K(159744K)->148384K(159744K)
[5884.160s][info][gc,heap        ] GC(1595) ParOldGen: 4175854K(4175872K)->4266254K(4266496K)
[5884.160s][info][gc,metaspace   ] GC(1595) Metaspace: 29149K(29504K)->29149K(29504K) NonClass: 24257K(24384K)->24257K(24384K) Class: 4891K(5120K)->4891K(5120K)
[5884.160s][info][gc             ] GC(1595) Pause Young (Allocation Failure) 6641M->4311M(6739M) 102.061ms
[5884.160s][info][gc,cpu         ] GC(1595) User=0.58s Sys=0.02s Real=0.10s
..[5886.104s][info][gc,start       ] GC(1596) Pause Young (Allocation Failure)
[5886.206s][info][gc,heap        ] GC(1596) PSYoungGen: 2622880K(2634240K)->148768K(2635264K) Eden: 2474496K(2474496K)->0K(2477568K) From: 148384K(159744K)->148768K(157696K)
[5886.206s][info][gc,heap        ] GC(1596) ParOldGen: 4266254K(4266496K)->4358486K(4358656K)
[5886.206s][info][gc,metaspace   ] GC(1596) Metaspace: 29149K(29504K)->29149K(29504K) NonClass: 24257K(24384K)->24257K(24384K) Class: 4891K(5120K)->4891K(5120K)
[5886.206s][info][gc             ] GC(1596) Pause Young (Allocation Failure) 6727M->4401M(6830M) 101.724ms
[5886.206s][info][gc,cpu         ] GC(1596) User=0.58s Sys=0.02s Real=0.10s
..[5888.154s][info][gc,start       ] GC(1597) Pause Young (Allocation Failure)
[5888.258s][info][gc,heap        ] GC(1597) PSYoungGen: 2626336K(2635264K)->152160K(2635264K) Eden: 2477568K(2477568K)->0K(2477568K) From: 148768K(157696K)->152160K(157696K)
[5888.258s][info][gc,heap        ] GC(1597) ParOldGen: 4358486K(4358656K)->4452014K(4452352K)
[5888.258s][info][gc,metaspace   ] GC(1597) Metaspace: 29149K(29504K)->29149K(29504K) NonClass: 24257K(24384K)->24257K(24384K) Class: 4891K(5120K)->4891K(5120K)
[5888.258s][info][gc             ] GC(1597) Pause Young (Allocation Failure) 6821M->4496M(6921M) 104.142ms
[5888.258s][info][gc,cpu         ] GC(1597) User=0.58s Sys=0.03s Real=0.10s
..[5890.209s][info][gc,start       ] GC(1598) Pause Young (Allocation Failure)
[5890.306s][info][gc,heap        ] GC(1598) PSYoungGen: 2629728K(2635264K)->135104K(2634752K) Eden: 2477568K(2477568K)->0K(2476544K) From: 152160K(157696K)->135104K(158208K)
[5890.306s][info][gc,heap        ] GC(1598) ParOldGen: 4452014K(4452352K)->4544046K(4544512K)
[5890.306s][info][gc,metaspace   ] GC(1598) Metaspace: 29149K(29504K)->29149K(29504K) NonClass: 24257K(24384K)->24257K(24384K) Class: 4891K(5120K)->4891K(5120K)
[5890.306s][info][gc             ] GC(1598) Pause Young (Allocation Failure) 6915M->4569M(7011M) 96.850ms
[5890.306s][info][gc,cpu         ] GC(1598) User=0.54s Sys=0.03s Real=0.10s
.. (rIR:aIR:PR = 9686:9723:9722) (tPR = 142660) [OK] 
  5891s: Performance info:
         Transaction,    Success,    Partial,     Failed,   Receipts, AvgBarcode, 
             Overall,     590610,          0,          0,     561299,      59.47, 
         Response times:
             Request,    Success,    Partial,     Failed,   SkipFail,     Probes,    Samples,      min,      p50,      p90,      p95,      p99,      max, 
       TotalPurchase,     561303,          0,          0,          0,     362713,     415065,      200,     5900,    31000,    54000,   100000,   240000,
     InStorePurchase,     297656,          0,          0,          0,     190936,     217932,      200,     5800,    30000,    54000,   101000,   240000,
      OnlinePurchase,     204480,          0,          0,          0,     133733,     153161,      300,     5900,    31000,    54000,   101000,   240000,
        InstPurchase,      59167,          0,          0,          0,      38044,      43972,      400,     6000,    32000,    53000,    98000,   240000,
          AssocOfCat,        590,          0,          0,          0,        488,        658,    19800,    36000,    62000,    75050,   146640,   162000,
      AssocOfProduct,       5883,          0,          0,          0,       4395,       5252,     1000,     7400,    35000,    62000,   111000,   179000,
      BusinessReport,       1470,          0,          0,          0,       1330,       1669,    26000,    50000,    98000,   125000,   160900,   236000,
          CustBuyBeh,       5851,          0,          0,          0,       4378,       5262,      200,     4100,    26700,    48000,    99000,   172000,
       ProductReturn,      15517,          0,          0,          0,      10173,      11851,      200,     6000,    32000,    55000,    99000,   177000,

  5891s: (71%)   IR =   9824 [5892.287s][info][gc,start       ] GC(1599) Pause Young (Allocation Failure)
[5892.387s][info][gc,heap        ] GC(1599) PSYoungGen: 2611648K(2634752K)->141568K(2636288K) Eden: 2476544K(2476544K)->0K(2476544K) From: 135104K(158208K)->141568K(159744K)
[5892.387s][info][gc,heap        ] GC(1599) ParOldGen: 4544046K(4544512K)->4633830K(4634112K)
[5892.387s][info][gc,metaspace   ] GC(1599) Metaspace: 29149K(29504K)->29149K(29504K) NonClass: 24257K(24384K)->24257K(24384K) Class: 4891K(5120K)->4891K(5120K)
[5892.387s][info][gc             ] GC(1599) Pause Young (Allocation Failure) 6987M->4663M(7100M) 99.618ms
[5892.387s][info][gc,cpu         ] GC(1599) User=0.55s Sys=0.03s Real=0.10s
..[5894.333s][info][gc,start       ] GC(1600) Pause Young (Allocation Failure)
[5894.433s][info][gc,heap        ] GC(1600) PSYoungGen: 2618112K(2636288K)->140402K(2635264K) Eden: 2476544K(2476544K)->0K(2476544K) From: 141568K(159744K)->140402K(158720K)
[5894.433s][info][gc,heap        ] GC(1600) ParOldGen: 4633830K(4634112K)->4727230K(4727296K)
[5894.433s][info][gc,metaspace   ] GC(1600) Metaspace: 29149K(29504K)->29149K(29504K) NonClass: 24257K(24384K)->24257K(24384K) Class: 4891K(5120K)->4891K(5120K)
[5894.433s][info][gc             ] GC(1600) Pause Young (Allocation Failure) 7081M->4753M(7190M) 99.943ms
[5894.433s][info][gc,cpu         ] GC(1600) User=0.55s Sys=0.03s Real=0.10s
..[5896.374s][info][gc,start       ] GC(1601) Pause Young (Allocation Failure)
[5896.478s][info][gc,heap        ] GC(1601) PSYoungGen: 2616946K(2635264K)->145619K(2635776K) Eden: 2476544K(2476544K)->0K(2476544K) From: 140402K(158720K)->145619K(159232K)
[5896.478s][info][gc,heap        ] GC(1601) ParOldGen: 4727230K(4727296K)->4819950K(4819968K)
[5896.478s][info][gc,metaspace   ] GC(1601) Metaspace: 29149K(29504K)->29149K(29504K) NonClass: 24257K(24384K)->24257K(24384K) Class: 4891K(5120K)->4891K(5120K)
[5896.478s][info][gc             ] GC(1601) Pause Young (Allocation Failure) 7172M->4849M(7281M) 103.308ms
[5896.478s][info][gc,cpu         ] GC(1601) User=0.57s Sys=0.04s Real=0.10s
..[5898.446s][info][gc,start       ] GC(1602) Pause Young (Allocation Failure)
[5898.546s][info][gc,heap        ] GC(1602) PSYoungGen: 2622163K(2635776K)->142048K(2636288K) Eden: 2476544K(2476544K)->0K(2478592K) From: 145619K(159232K)->142048K(157696K)
[5898.546s][info][gc,heap        ] GC(1602) ParOldGen: 4819950K(4819968K)->4910878K(4911104K)
[5898.546s][info][gc,metaspace   ] GC(1602) Metaspace: 29149K(29504K)->29149K(29504K) NonClass: 24257K(24384K)->24257K(24384K) Class: 4891K(5120K)->4891K(5120K)
[5898.546s][info][gc             ] GC(1602) Pause Young (Allocation Failure) 7267M->4934M(7370M) 99.673ms
[5898.546s][info][gc,cpu         ] GC(1602) User=0.56s Sys=0.03s Real=0.10s
..[5900.488s][info][gc,start       ] GC(1603) Pause Young (Allocation Failure)
[5900.589s][info][gc,heap        ] GC(1603) PSYoungGen: 2620640K(2636288K)->140869K(2636288K) Eden: 2478592K(2478592K)->0K(2478592K) From: 142048K(157696K)->140869K(157696K)
[5900.590s][info][gc,heap        ] GC(1603) ParOldGen: 4910878K(4911104K)->5004910K(5005312K)
[5900.590s][info][gc,metaspace   ] GC(1603) Metaspace: 29149K(29504K)->29149K(29504K) NonClass: 24257K(24384K)->24257K(24384K) Class: 4891K(5120K)->4891K(5120K)
[5900.590s][info][gc             ] GC(1603) Pause Young (Allocation Failure) 7354M->5025M(7462M) 101.879ms
[5900.590s][info][gc,cpu         ] GC(1603) User=0.57s Sys=0.02s Real=0.10s
..[5902.613s][info][gc,start       ] GC(1604) Pause Young (Allocation Failure)
[5902.718s][info][gc,heap        ] GC(1604) PSYoungGen: 2619461K(2636288K)->149609K(2638336K) Eden: 2478592K(2478592K)->0K(2480640K) From: 140869K(157696K)->149609K(157696K)
[5902.718s][info][gc,heap        ] GC(1604) ParOldGen: 5004910K(5005312K)->5094438K(5094912K)
[5902.718s][info][gc,metaspace   ] GC(1604) Metaspace: 29149K(29504K)->29149K(29504K) NonClass: 24257K(24384K)->24257K(24384K) Class: 4891K(5120K)->4891K(5120K)
[5902.718s][info][gc             ] GC(1604) Pause Young (Allocation Failure) 7445M->5121M(7552M) 104.990ms
[5902.718s][info][gc,cpu         ] GC(1604) User=0.59s Sys=0.02s Real=0.11s
.|.[5904.660s][info][gc,start       ] GC(1605) Pause Young (Allocation Failure)
[5904.764s][info][gc,heap        ] GC(1605) PSYoungGen: 2630249K(2638336K)->147888K(2638336K) Eden: 2480640K(2480640K)->0K(2480640K) From: 149609K(157696K)->147888K(157696K)
[5904.764s][info][gc,heap        ] GC(1605) ParOldGen: 5094438K(5094912K)->5185270K(5185536K)
[5904.764s][info][gc,metaspace   ] GC(1605) Metaspace: 29149K(29504K)->29149K(29504K) NonClass: 24257K(24384K)->24257K(24384K) Class: 4891K(5120K)->4891K(5120K)
[5904.764s][info][gc             ] GC(1605) Pause Young (Allocation Failure) 7543M->5208M(7640M) 103.372ms
[5904.764s][info][gc,cpu         ] GC(1605) User=0.58s Sys=0.02s Real=0.11s
..[5906.868s][info][gc,start       ] GC(1606) Pause Young (Allocation Failure)
[5906.971s][info][gc,heap        ] GC(1606) PSYoungGen: 2628528K(2638336K)->146592K(2636288K) Eden: 2480640K(2480640K)->0K(2480640K) From: 147888K(157696K)->146592K(155648K)
[5906.971s][info][gc,heap        ] GC(1606) ParOldGen: 5185270K(5185536K)->5276838K(5277184K)
[5906.971s][info][gc,metaspace   ] GC(1606) Metaspace: 29149K(29504K)->29149K(29504K) NonClass: 24257K(24384K)->24257K(24384K) Class: 4891K(5120K)->4891K(5120K)
[5906.971s][info][gc             ] GC(1606) Pause Young (Allocation Failure) 7630M->5296M(7728M) 102.656ms
[5906.971s][info][gc,cpu         ] GC(1606) User=0.57s Sys=0.03s Real=0.10s
..[5908.868s][info][gc,start       ] GC(1607) Pause Young (Allocation Failure)
[5908.973s][info][gc,heap        ] GC(1607) PSYoungGen: 2627232K(2636288K)->145909K(2637312K) Eden: 2480640K(2480640K)->0K(2480640K) From: 146592K(155648K)->145909K(156672K)
[5908.973s][info][gc,heap        ] GC(1607) ParOldGen: 5276838K(5277184K)->5372078K(5372416K)
[5908.973s][info][gc,metaspace   ] GC(1607) Metaspace: 29149K(29504K)->29149K(29504K) NonClass: 24257K(24384K)->24257K(24384K) Class: 4891K(5120K)->4891K(5120K)
[5908.973s][info][gc             ] GC(1607) Pause Young (Allocation Failure) 7718M->5388M(7822M) 104.902ms
[5908.973s][info][gc,cpu         ] GC(1607) User=0.59s Sys=0.03s Real=0.10s
..[5910.951s][info][gc,start       ] GC(1608) Pause Young (Allocation Failure)
[5911.051s][info][gc,heap        ] GC(1608) PSYoungGen: 2626549K(2637312K)->141600K(2638336K) Eden: 2480640K(2480640K)->0K(2483712K) From: 145909K(156672K)->141600K(154624K)
[5911.051s][info][gc,heap        ] GC(1608) ParOldGen: 5372078K(5372416K)->5462198K(5462528K)
[5911.051s][info][gc,metaspace   ] GC(1608) Metaspace: 29149K(29504K)->29149K(29504K) NonClass: 24257K(24384K)->24257K(24384K) Class: 4891K(5120K)->4891K(5120K)
[5911.051s][info][gc             ] GC(1608) Pause Young (Allocation Failure) 7811M->5472M(7911M) 99.700ms
[5911.051s][info][gc,cpu         ] GC(1608) User=0.56s Sys=0.03s Real=0.10s
..[5913.029s][info][gc,start       ] GC(1609) Pause Young (Allocation Failure)
[5913.134s][info][gc,heap        ] GC(1609) PSYoungGen: 2625312K(2638336K)->152528K(2638848K) Eden: 2483712K(2483712K)->0K(2483712K) From: 141600K(154624K)->152528K(155136K)
[5913.134s][info][gc,heap        ] GC(1609) ParOldGen: 5462198K(5462528K)->5551878K(5552128K)
[5913.134s][info][gc,metaspace   ] GC(1609) Metaspace: 29149K(29504K)->29149K(29504K) NonClass: 24257K(24384K)->24257K(24384K) Class: 4891K(5120K)->4891K(5120K)
[5913.134s][info][gc             ] GC(1609) Pause Young (Allocation Failure) 7897M->5570M(7999M) 104.977ms
[5913.134s][info][gc,cpu         ] GC(1609) User=0.59s Sys=0.02s Real=0.11s
..[5915.178s][info][gc,start       ] GC(1610) Pause Full (Allocation Failure)
[5915.178s][info][gc,phases,start] GC(1610) Marking Phase
[5915.469s][info][gc,phases      ] GC(1610) Marking Phase 290.871ms
[5915.469s][info][gc,phases,start] GC(1610) Summary Phase
[5915.469s][info][gc,phases      ] GC(1610) Summary Phase 0.097ms
[5915.469s][info][gc,phases,start] GC(1610) Forward
[5915.595s][info][gc,phases      ] GC(1610) Forward 125.857ms
[5915.595s][info][gc,phases,start] GC(1610) Adjust Pointers
[5915.798s][info][gc,phases      ] GC(1610) Adjust Pointers 202.489ms
[5915.798s][info][gc,phases,start] GC(1610) Compaction Phase
[5915.927s][info][gc,phases      ] GC(1610) Compaction Phase 129.393ms
[5915.928s][info][gc,phases,start] GC(1610) Post Compact
[5915.935s][info][gc,phases      ] GC(1610) Post Compact 6.892ms
[5916.061s][info][gc,heap        ] GC(1610) PSYoungGen: 2636240K(2638848K)->0K(2638848K) Eden: 2483712K(2483712K)->0K(2481664K) From: 152528K(155136K)->0K(157184K)
[5916.061s][info][gc,heap        ] GC(1610) ParOldGen: 5551878K(5552128K)->1431273K(1705472K)
[5916.061s][info][gc,metaspace   ] GC(1610) Metaspace: 29149K(29504K)->29149K(29504K) NonClass: 24257K(24384K)->24257K(24384K) Class: 4891K(5120K)->4891K(5120K)
[5916.061s][info][gc             ] GC(1610) Pause Full (Allocation Failure) 7996M->1397M(4242M) 882.614ms
[5916.061s][info][gc,cpu         ] GC(1610) User=4.07s Sys=0.12s Real=0.88s
..[5917.508s][info][gc,start       ] GC(1611) Pause Young (Allocation Failure)
[5917.570s][info][gc,heap        ] GC(1611) PSYoungGen: 2481664K(2638848K)->138208K(2638848K) Eden: 2481664K(2481664K)->0K(2481664K) From: 0K(157184K)->138208K(157184K)
[5917.570s][info][gc,heap        ] GC(1611) ParOldGen: 1431273K(1705472K)->1431273K(1705472K)
[5917.570s][info][gc,metaspace   ] GC(1611) Metaspace: 29149K(29504K)->29149K(29504K) NonClass: 24257K(24384K)->24257K(24384K) Class: 4891K(5120K)->4891K(5120K)
[5917.570s][info][gc             ] GC(1611) Pause Young (Allocation Failure) 3821M->1532M(4242M) 62.065ms
[5917.570s][info][gc,cpu         ] GC(1611) User=0.36s Sys=0.00s Real=0.06s
..[5919.320s][info][gc,start       ] GC(1612) Pause Young (Allocation Failure)
[5919.413s][info][gc,heap        ] GC(1612) PSYoungGen: 2619872K(2638848K)->143744K(2637824K) Eden: 2481664K(2481664K)->0K(2481664K) From: 138208K(157184K)->143744K(156160K)
[5919.413s][info][gc,heap        ] GC(1612) ParOldGen: 1431273K(1705472K)->1520937K(1705472K)
[5919.413s][info][gc,metaspace   ] GC(1612) Metaspace: 29149K(29504K)->29149K(29504K) NonClass: 24257K(24384K)->24257K(24384K) Class: 4891K(5120K)->4891K(5120K)
[5919.413s][info][gc             ] GC(1612) Pause Young (Allocation Failure) 3956M->1625M(4241M) 93.503ms
[5919.413s][info][gc,cpu         ] GC(1612) User=0.56s Sys=0.00s Real=0.09s
..[5921.310s][info][gc,start       ] GC(1613) Pause Young (Allocation Failure)
[5921.405s][info][gc,heap        ] GC(1613) PSYoungGen: 2625408K(2637824K)->145284K(2638336K) Eden: 2481664K(2481664K)->0K(2481664K) From: 143744K(156160K)->145284K(156672K)
[5921.405s][info][gc,heap        ] GC(1613) ParOldGen: 1520937K(1705472K)->1612409K(1705472K)
[5921.405s][info][gc,metaspace   ] GC(1613) Metaspace: 29149K(29504K)->29149K(29504K) NonClass: 24257K(24384K)->24257K(24384K) Class: 4891K(5120K)->4891K(5120K)
[5921.405s][info][gc             ] GC(1613) Pause Young (Allocation Failure) 4049M->1716M(4242M) 95.023ms
[5921.405s][info][gc,cpu         ] GC(1613) User=0.56s Sys=0.00s Real=0.10s
..[5923.363s][info][gc,start       ] GC(1614) Pause Young (Allocation Failure)
[5923.463s][info][gc,heap        ] GC(1614) PSYoungGen: 2626948K(2638336K)->148267K(2637824K) Eden: 2481664K(2481664K)->0K(2482688K) From: 145284K(156672K)->148267K(155136K)
[5923.463s][info][gc,heap        ] GC(1614) ParOldGen: 1612409K(1705472K)->1706849K(1707008K)
[5923.463s][info][gc,metaspace   ] GC(1614) Metaspace: 29149K(29504K)->29149K(29504K) NonClass: 24257K(24384K)->24257K(24384K) Class: 4891K(5120K)->4891K(5120K)
[5923.463s][info][gc             ] GC(1614) Pause Young (Allocation Failure) 4139M->1811M(4243M) 100.068ms
[5923.463s][info][gc,cpu         ] GC(1614) User=0.58s Sys=0.00s Real=0.10s
..[5925.572s][info][gc,start       ] GC(1615) Pause Young (Allocation Failure)
[5925.672s][info][gc,heap        ] GC(1615) PSYoungGen: 2630955K(2637824K)->150416K(2638336K) Eden: 2482688K(2482688K)->0K(2482688K) From: 148267K(155136K)->150416K(155648K)
[5925.673s][info][gc,heap        ] GC(1615) ParOldGen: 1706849K(1707008K)->1795745K(1796096K)
[5925.673s][info][gc,metaspace   ] GC(1615) Metaspace: 29149K(29504K)->29149K(29504K) NonClass: 24257K(24384K)->24257K(24384K) Class: 4891K(5120K)->4891K(5120K)
[5925.673s][info][gc             ] GC(1615) Pause Young (Allocation Failure) 4236M->1900M(4330M) 100.246ms
[5925.673s][info][gc,cpu         ] GC(1615) User=0.56s Sys=0.03s Real=0.10s
..[5927.600s][info][gc,start       ] GC(1616) Pause Young (Allocation Failure)
[5927.702s][info][gc,heap        ] GC(1616) PSYoungGen: 2633104K(2638336K)->145909K(2638848K) Eden: 2482688K(2482688K)->0K(2484224K) From: 150416K(155648K)->145909K(154624K)
[5927.702s][info][gc,heap        ] GC(1616) ParOldGen: 1795745K(1796096K)->1890601K(1890816K)
[5927.702s][info][gc,metaspace   ] GC(1616) Metaspace: 29149K(29504K)->29149K(29504K) NonClass: 24257K(24384K)->24257K(24384K) Class: 4891K(5120K)->4891K(5120K)
[5927.702s][info][gc             ] GC(1616) Pause Young (Allocation Failure) 4325M->1988M(4423M) 101.086ms
[5927.702s][info][gc,cpu         ] GC(1616) User=0.57s Sys=0.03s Real=0.10s
..[5929.685s][info][gc,start       ] GC(1617) Pause Young (Allocation Failure)
[5929.785s][info][gc,heap        ] GC(1617) PSYoungGen: 2630133K(2638848K)->148441K(2639360K) Eden: 2484224K(2484224K)->0K(2484224K) From: 145909K(154624K)->148441K(155136K)
[5929.785s][info][gc,heap        ] GC(1617) ParOldGen: 1890601K(1890816K)->1982345K(1982464K)
[5929.785s][info][gc,metaspace   ] GC(1617) Metaspace: 29149K(29504K)->29149K(29504K) NonClass: 24257K(24384K)->24257K(24384K) Class: 4891K(5120K)->4891K(5120K)
[5929.785s][info][gc             ] GC(1617) Pause Young (Allocation Failure) 4414M->2080M(4513M) 100.465ms
[5929.785s][info][gc,cpu         ] GC(1617) User=0.57s Sys=0.03s Real=0.10s
..[5931.699s][info][gc,start       ] GC(1618) Pause Young (Allocation Failure)
[5931.798s][info][gc,heap        ] GC(1618) PSYoungGen: 2632665K(2639360K)->143376K(2640896K) Eden: 2484224K(2484224K)->0K(2485760K) From: 148441K(155136K)->143376K(155136K)
[5931.798s][info][gc,heap        ] GC(1618) ParOldGen: 1982345K(1982464K)->2076785K(2077184K)
[5931.798s][info][gc,metaspace   ] GC(1618) Metaspace: 29149K(29504K)->29149K(29504K) NonClass: 24257K(24384K)->24257K(24384K) Class: 4891K(5120K)->4891K(5120K)
[5931.798s][info][gc             ] GC(1618) Pause Young (Allocation Failure) 4506M->2168M(4607M) 99.006ms
[5931.798s][info][gc,cpu         ] GC(1618) User=0.56s Sys=0.03s Real=0.10s
..[5933.758s][info][gc,start       ] GC(1619) Pause Young (Allocation Failure)
[5933.857s][info][gc,heap        ] GC(1619) PSYoungGen: 2629136K(2640896K)->151621K(2637824K) Eden: 2485760K(2485760K)->0K(2485760K) From: 143376K(155136K)->151621K(152064K)
[5933.857s][info][gc,heap        ] GC(1619) ParOldGen: 2076785K(2077184K)->2165417K(2165760K)
[5933.857s][info][gc,metaspace   ] GC(1619) Metaspace: 29149K(29504K)->29149K(29504K) NonClass: 24257K(24384K)->24257K(24384K) Class: 4891K(5120K)->4891K(5120K)
[5933.857s][info][gc             ] GC(1619) Pause Young (Allocation Failure) 4595M->2262M(4691M) 98.724ms
[5933.857s][info][gc,cpu         ] GC(1619) User=0.55s Sys=0.04s Real=0.10s
..[5935.893s][info][gc,start       ] GC(1620) Pause Young (Allocation Failure)
[5935.992s][info][gc,heap        ] GC(1620) PSYoungGen: 2637381K(2637824K)->145600K(2640896K) Eden: 2485760K(2485760K)->0K(2484736K) From: 151621K(152064K)->145600K(156160K)
[5935.992s][info][gc,heap        ] GC(1620) ParOldGen: 2165417K(2165760K)->2259377K(2259456K)
[5935.992s][info][gc,metaspace   ] GC(1620) Metaspace: 29149K(29504K)->29149K(29504K) NonClass: 24257K(24384K)->24257K(24384K) Class: 4891K(5120K)->4891K(5120K)
[5935.992s][info][gc             ] GC(1620) Pause Young (Allocation Failure) 4690M->2348M(4785M) 99.042ms
[5935.992s][info][gc,cpu         ] GC(1620) User=0.55s Sys=0.03s Real=0.10s
..[5937.951s][info][gc,start       ] GC(1621) Pause Young (Allocation Failure)
[5938.055s][info][gc,heap        ] GC(1621) PSYoungGen: 2630336K(2640896K)->153028K(2637824K) Eden: 2484736K(2484736K)->0K(2484736K) From: 145600K(156160K)->153028K(153088K)
[5938.055s][info][gc,heap        ] GC(1621) ParOldGen: 2259377K(2259456K)->2352617K(2352640K)
[5938.055s][info][gc,metaspace   ] GC(1621) Metaspace: 29149K(29504K)->29149K(29504K) NonClass: 24257K(24384K)->24257K(24384K) Class: 4891K(5120K)->4891K(5120K)
[5938.055s][info][gc             ] GC(1621) Pause Young (Allocation Failure) 4775M->2446M(4873M) 103.276ms
[5938.055s][info][gc,cpu         ] GC(1621) User=0.58s Sys=0.03s Real=0.11s
..[5939.997s][info][gc,start       ] GC(1622) Pause Young (Allocation Failure)
[5940.099s][info][gc,heap        ] GC(1622) PSYoungGen: 2637764K(2637824K)->148676K(2639360K) Eden: 2484736K(2484736K)->0K(2482176K) From: 153028K(153088K)->148676K(157184K)
[5940.099s][info][gc,heap        ] GC(1622) ParOldGen: 2352617K(2352640K)->2444569K(2444800K)
[5940.099s][info][gc,metaspace   ] GC(1622) Metaspace: 29149K(29504K)->29149K(29504K) NonClass: 24257K(24384K)->24257K(24384K) Class: 4891K(5120K)->4891K(5120K)
[5940.099s][info][gc             ] GC(1622) Pause Young (Allocation Failure) 4873M->2532M(4965M) 101.961ms
[5940.099s][info][gc,cpu         ] GC(1622) User=0.57s Sys=0.02s Real=0.10s
..[5942.071s][info][gc,start       ] GC(1623) Pause Young (Allocation Failure)
[5942.171s][info][gc,heap        ] GC(1623) PSYoungGen: 2630852K(2639360K)->149856K(2638848K) Eden: 2482176K(2482176K)->0K(2482176K) From: 148676K(157184K)->149856K(156672K)
[5942.171s][info][gc,heap        ] GC(1623) ParOldGen: 2444569K(2444800K)->2535305K(2535424K)
[5942.171s][info][gc,metaspace   ] GC(1623) Metaspace: 29149K(29504K)->29149K(29504K) NonClass: 24257K(24384K)->24257K(24384K) Class: 4891K(5120K)->4891K(5120K)
[5942.171s][info][gc             ] GC(1623) Pause Young (Allocation Failure) 4956M->2622M(5053M) 100.215ms
[5942.171s][info][gc,cpu         ] GC(1623) User=0.57s Sys=0.03s Real=0.10s
..[5944.105s][info][gc,start       ] GC(1624) Pause Young (Allocation Failure)
[5944.209s][info][gc,heap        ] GC(1624) PSYoungGen: 2632032K(2638848K)->154192K(2636288K) Eden: 2482176K(2482176K)->0K(2479616K) From: 149856K(156672K)->154192K(156672K)
[5944.209s][info][gc,heap        ] GC(1624) ParOldGen: 2535305K(2535424K)->2628033K(2628096K)
[5944.209s][info][gc,metaspace   ] GC(1624) Metaspace: 29149K(29504K)->29149K(29504K) NonClass: 24257K(24384K)->24257K(24384K) Class: 4891K(5120K)->4891K(5120K)
[5944.209s][info][gc             ] GC(1624) Pause Young (Allocation Failure) 5046M->2717M(5141M) 103.383ms
[5944.209s][info][gc,cpu         ] GC(1624) User=0.59s Sys=0.02s Real=0.10s
..[5946.231s][info][gc,start       ] GC(1625) Pause Young (Allocation Failure)
[5946.330s][info][gc,heap        ] GC(1625) PSYoungGen: 2633808K(2636288K)->143952K(2637824K) Eden: 2479616K(2479616K)->0K(2479616K) From: 154192K(156672K)->143952K(158208K)
[5946.330s][info][gc,heap        ] GC(1625) ParOldGen: 2628033K(2628096K)->2720409K(2720768K)
[5946.330s][info][gc,metaspace   ] GC(1625) Metaspace: 29149K(29504K)->29149K(29504K) NonClass: 24257K(24384K)->24257K(24384K) Class: 4891K(5120K)->4891K(5120K)
[5946.330s][info][gc             ] GC(1625) Pause Young (Allocation Failure) 5138M->2797M(5233M) 99.471ms
[5946.330s][info][gc,cpu         ] GC(1625) User=0.56s Sys=0.02s Real=0.10s
..[5948.251s][info][gc,start       ] GC(1626) Pause Young (Allocation Failure)
[5948.348s][info][gc,heap        ] GC(1626) PSYoungGen: 2623568K(2637824K)->136832K(2636288K) Eden: 2479616K(2479616K)->0K(2478592K) From: 143952K(158208K)->136832K(157696K)
[5948.348s][info][gc,heap        ] GC(1626) ParOldGen: 2720409K(2720768K)->2814201K(2814464K)
[5948.348s][info][gc,metaspace   ] GC(1626) Metaspace: 29149K(29504K)->29149K(29504K) NonClass: 24257K(24384K)->24257K(24384K) Class: 4891K(5120K)->4891K(5120K)
[5948.348s][info][gc             ] GC(1626) Pause Young (Allocation Failure) 5218M->2881M(5323M) 97.431ms
[5948.348s][info][gc,cpu         ] GC(1626) User=0.53s Sys=0.04s Real=0.10s
..[5950.242s][info][gc,start       ] GC(1627) Pause Young (Allocation Failure)
[5950.338s][info][gc,heap        ] GC(1627) PSYoungGen: 2615424K(2636288K)->140960K(2637312K) Eden: 2478592K(2478592K)->0K(2478592K) From: 136832K(157696K)->140960K(158720K)
[5950.338s][info][gc,heap        ] GC(1627) ParOldGen: 2814201K(2814464K)->2905001K(2905088K)
[5950.338s][info][gc,metaspace   ] GC(1627) Metaspace: 29149K(29504K)->29149K(29504K) NonClass: 24257K(24384K)->24257K(24384K) Class: 4891K(5120K)->4891K(5120K)
[5950.338s][info][gc             ] GC(1627) Pause Young (Allocation Failure) 5302M->2974M(5412M) 95.993ms
[5950.338s][info][gc,cpu         ] GC(1627) User=0.54s Sys=0.03s Real=0.10s
..[5952.344s][info][gc,start       ] GC(1628) Pause Young (Allocation Failure)
[5952.445s][info][gc,heap        ] GC(1628) PSYoungGen: 2619552K(2637312K)->147768K(2636288K) Eden: 2478592K(2478592K)->0K(2478592K) From: 140960K(158720K)->147768K(157696K)
[5952.445s][info][gc,heap        ] GC(1628) ParOldGen: 2905001K(2905088K)->2997065K(2997248K)
[5952.445s][info][gc,metaspace   ] GC(1628) Metaspace: 29149K(29504K)->29149K(29504K) NonClass: 24257K(24384K)->24257K(24384K) Class: 4891K(5120K)->4891K(5120K)
[5952.445s][info][gc             ] GC(1628) Pause Young (Allocation Failure) 5395M->3071M(5501M) 101.860ms
[5952.445s][info][gc,cpu         ] GC(1628) User=0.58s Sys=0.02s Real=0.10s
..[5954.441s][info][gc,start       ] GC(1629) Pause Young (Allocation Failure)
[5954.540s][info][gc,heap        ] GC(1629) PSYoungGen: 2626360K(2636288K)->145460K(2636800K) Eden: 2478592K(2478592K)->0K(2478592K) From: 147768K(157696K)->145460K(158208K)
[5954.540s][info][gc,heap        ] GC(1629) ParOldGen: 2997065K(2997248K)->3087801K(3087872K)
[5954.541s][info][gc,metaspace   ] GC(1629) Metaspace: 29149K(29504K)->29149K(29504K) NonClass: 24257K(24384K)->24257K(24384K) Class: 4891K(5120K)->4891K(5120K)
[5954.541s][info][gc             ] GC(1629) Pause Young (Allocation Failure) 5491M->3157M(5590M) 99.526ms
[5954.541s][info][gc,cpu         ] GC(1629) User=0.56s Sys=0.02s Real=0.10s
..[5956.428s][info][gc,start       ] GC(1630) Pause Young (Allocation Failure)
[5956.524s][info][gc,heap        ] GC(1630) PSYoungGen: 2624052K(2636800K)->136000K(2636800K) Eden: 2478592K(2478592K)->0K(2479616K) From: 145460K(158208K)->136000K(157184K)
[5956.524s][info][gc,heap        ] GC(1630) ParOldGen: 3087801K(3087872K)->3182041K(3182080K)
[5956.525s][info][gc,metaspace   ] GC(1630) Metaspace: 29149K(29504K)->29149K(29504K) NonClass: 24257K(24384K)->24257K(24384K) Class: 4891K(5120K)->4891K(5120K)
[5956.525s][info][gc             ] GC(1630) Pause Young (Allocation Failure) 5577M->3240M(5682M) 96.112ms
[5956.525s][info][gc,cpu         ] GC(1630) User=0.53s Sys=0.04s Real=0.10s
..[5958.482s][info][gc,start       ] GC(1631) Pause Young (Allocation Failure)
[5958.581s][info][gc,heap        ] GC(1631) PSYoungGen: 2615616K(2636800K)->145589K(2637312K) Eden: 2479616K(2479616K)->0K(2479616K) From: 136000K(157184K)->145589K(157696K)
[5958.581s][info][gc,heap        ] GC(1631) ParOldGen: 3182041K(3182080K)->3272297K(3272704K)
[5958.581s][info][gc,metaspace   ] GC(1631) Metaspace: 29149K(29504K)->29149K(29504K) NonClass: 24257K(24384K)->24257K(24384K) Class: 4891K(5120K)->4891K(5120K)
[5958.581s][info][gc             ] GC(1631) Pause Young (Allocation Failure) 5661M->3337M(5771M) 99.522ms
[5958.581s][info][gc,cpu         ] GC(1631) User=0.56s Sys=0.02s Real=0.10s
..[5960.611s][info][gc,start       ] GC(1632) Pause Young (Allocation Failure)
[5960.709s][info][gc,heap        ] GC(1632) PSYoungGen: 2625205K(2637312K)->143968K(2636800K) Eden: 2479616K(2479616K)->0K(2481664K) From: 145589K(157696K)->143968K(155136K)
[5960.709s][info][gc,heap        ] GC(1632) ParOldGen: 3272297K(3272704K)->3363561K(3363840K)
[5960.709s][info][gc,metaspace   ] GC(1632) Metaspace: 29149K(29504K)->29149K(29504K) NonClass: 24257K(24384K)->24257K(24384K) Class: 4891K(5120K)->4891K(5120K)
[5960.709s][info][gc             ] GC(1632) Pause Young (Allocation Failure) 5759M->3425M(5860M) 98.921ms
[5960.710s][info][gc,cpu         ] GC(1632) User=0.56s Sys=0.03s Real=0.10s
..[5962.723s][info][gc,start       ] GC(1633) Pause Young (Allocation Failure)
[5962.822s][info][gc,heap        ] GC(1633) PSYoungGen: 2625632K(2636800K)->139168K(2637312K) Eden: 2481664K(2481664K)->0K(2481664K) From: 143968K(155136K)->139168K(155648K)
[5962.822s][info][gc,heap        ] GC(1633) ParOldGen: 3363561K(3363840K)->3459185K(3459584K)
[5962.822s][info][gc,metaspace   ] GC(1633) Metaspace: 29149K(29504K)->29149K(29504K) NonClass: 24257K(24384K)->24257K(24384K) Class: 4891K(5120K)->4891K(5120K)
[5962.822s][info][gc             ] GC(1633) Pause Young (Allocation Failure) 5848M->3514M(5954M) 98.792ms
[5962.822s][info][gc,cpu         ] GC(1633) User=0.55s Sys=0.02s Real=0.10s
.. (rIR:aIR:PR = 9824:9764:9764) (tPR = 143782) [OK] 
  5963s: Performance info:
         Transaction,    Success,    Partial,     Failed,   Receipts, AvgBarcode, 
             Overall,     592592,          0,          0,     562843,      59.47, 
         Response times:
             Request,    Success,    Partial,     Failed,   SkipFail,     Probes,    Samples,      min,      p50,      p90,      p95,      p99,      max, 
       TotalPurchase,     562843,          0,          0,          0,     353285,     431780,      200,     6000,    48000,    94000,   366000,   920000,
     InStorePurchase,     297856,          0,          0,          0,     185622,     227083,      200,     6000,    48000,    94000,   366000,   920000,
      OnlinePurchase,     205636,          0,          0,          0,     130807,     159815,      300,     5900,    47000,    95000,   365000,   920000,
        InstPurchase,      59351,          0,          0,          0,      36856,      44882,      300,     6300,    49000,    92000,   367000,   900000,
          AssocOfCat,        600,          0,          0,          0,        479,        675,    19900,    41000,   100800,   155200,   470920,   567000,
      AssocOfProduct,       5950,          0,          0,          0,       4405,       5545,      400,     4700,    44000,    95700,   413000,   549000,
      BusinessReport,       1486,          0,          0,          0,       1304,       1741,    25000,    51000,   120000,   169000,   433580,  1100000,
          CustBuyBeh,       5970,          0,          0,          0,       4384,       5632,      200,     7200,    52000,    97000,   432000,   566000,
       ProductReturn,      15743,          0,          0,          0,       9032,      11296,      200,     5800,    46000,    88000,   379000,   890000,

  5963s: (72%)   IR =   9963 [5964.875s][info][gc,start       ] GC(1634) Pause Young (Allocation Failure)
[5964.976s][info][gc,heap        ] GC(1634) PSYoungGen: 2620832K(2637312K)->150336K(2638336K) Eden: 2481664K(2481664K)->0K(2482688K) From: 139168K(155648K)->150336K(155648K)
[5964.976s][info][gc,heap        ] GC(1634) ParOldGen: 3459185K(3459584K)->3546473K(3546624K)
[5964.976s][info][gc,metaspace   ] GC(1634) Metaspace: 29149K(29504K)->29149K(29504K) NonClass: 24257K(24384K)->24257K(24384K) Class: 4891K(5120K)->4891K(5120K)
[5964.976s][info][gc             ] GC(1634) Pause Young (Allocation Failure) 5937M->3610M(6040M) 101.201ms
[5964.976s][info][gc,cpu         ] GC(1634) User=0.58s Sys=0.02s Real=0.10s
..[5966.943s][info][gc,start       ] GC(1635) Pause Young (Allocation Failure)
[5967.046s][info][gc,heap        ] GC(1635) PSYoungGen: 2633024K(2638336K)->147488K(2639360K) Eden: 2482688K(2482688K)->0K(2482688K) From: 150336K(155648K)->147488K(156672K)
[5967.046s][info][gc,heap        ] GC(1635) ParOldGen: 3546473K(3546624K)->3641593K(3641856K)
[5967.046s][info][gc,metaspace   ] GC(1635) Metaspace: 29149K(29504K)->29149K(29504K) NonClass: 24257K(24384K)->24257K(24384K) Class: 4891K(5120K)->4891K(5120K)
[5967.046s][info][gc             ] GC(1635) Pause Young (Allocation Failure) 6034M->3700M(6134M) 103.323ms
[5967.046s][info][gc,cpu         ] GC(1635) User=0.59s Sys=0.03s Real=0.11s
..[5968.963s][info][gc,start       ] GC(1636) Pause Young (Allocation Failure)
[5969.068s][info][gc,heap        ] GC(1636) PSYoungGen: 2630176K(2639360K)->156053K(2634240K) Eden: 2482688K(2482688K)->0K(2477568K) From: 147488K(156672K)->156053K(156672K)
[5969.068s][info][gc,heap        ] GC(1636) ParOldGen: 3641593K(3641856K)->3732489K(3732992K)
[5969.068s][info][gc,metaspace   ] GC(1636) Metaspace: 29149K(29504K)->29149K(29504K) NonClass: 24257K(24384K)->24257K(24384K) Class: 4891K(5120K)->4891K(5120K)
[5969.068s][info][gc             ] GC(1636) Pause Young (Allocation Failure) 6124M->3797M(6218M) 105.238ms
[5969.068s][info][gc,cpu         ] GC(1636) User=0.59s Sys=0.02s Real=0.11s
..[5970.968s][info][gc,start       ] GC(1637) Pause Young (Allocation Failure)
[5971.069s][info][gc,heap        ] GC(1637) PSYoungGen: 2633621K(2634240K)->147072K(2636800K) Eden: 2477568K(2477568K)->0K(2477568K) From: 156053K(156672K)->147072K(159232K)
[5971.069s][info][gc,heap        ] GC(1637) ParOldGen: 3732489K(3732992K)->3827481K(3827712K)
[5971.069s][info][gc,metaspace   ] GC(1637) Metaspace: 29149K(29504K)->29149K(29504K) NonClass: 24257K(24384K)->24257K(24384K) Class: 4891K(5120K)->4891K(5120K)
[5971.069s][info][gc             ] GC(1637) Pause Young (Allocation Failure) 6216M->3881M(6313M) 101.407ms
[5971.069s][info][gc,cpu         ] GC(1637) User=0.57s Sys=0.02s Real=0.10s
...|[5973.105s][info][gc,start       ] GC(1638) Pause Young (Allocation Failure)
[5973.211s][info][gc,heap        ] GC(1638) PSYoungGen: 2624640K(2636800K)->155397K(2633728K) Eden: 2477568K(2477568K)->0K(2475520K) From: 147072K(159232K)->155397K(158208K)
[5973.211s][info][gc,heap        ] GC(1638) ParOldGen: 3827481K(3827712K)->3918561K(3918848K)
[5973.211s][info][gc,metaspace   ] GC(1638) Metaspace: 29149K(29504K)->29149K(29504K) NonClass: 24257K(24384K)->24257K(24384K) Class: 4891K(5120K)->4891K(5120K)
[5973.211s][info][gc             ] GC(1638) Pause Young (Allocation Failure) 6300M->3978M(6399M) 105.397ms
[5973.211s][info][gc,cpu         ] GC(1638) User=0.60s Sys=0.02s Real=0.10s
.[5975.068s][info][gc,start       ] GC(1639) Pause Young (Allocation Failure)
[5975.171s][info][gc,heap        ] GC(1639) PSYoungGen: 2630917K(2633728K)->149267K(2635776K) Eden: 2475520K(2475520K)->0K(2475520K) From: 155397K(158208K)->149267K(160256K)
[5975.171s][info][gc,heap        ] GC(1639) ParOldGen: 3918561K(3918848K)->4010217K(4010496K)
[5975.171s][info][gc,metaspace   ] GC(1639) Metaspace: 29149K(29504K)->29149K(29504K) NonClass: 24257K(24384K)->24257K(24384K) Class: 4891K(5120K)->4891K(5120K)
[5975.171s][info][gc             ] GC(1639) Pause Young (Allocation Failure) 6395M->4061M(6490M) 103.194ms
[5975.171s][info][gc,cpu         ] GC(1639) User=0.58s Sys=0.04s Real=0.10s
..[5977.131s][info][gc,start       ] GC(1640) Pause Young (Allocation Failure)
[5977.234s][info][gc,heap        ] GC(1640) PSYoungGen: 2624787K(2635776K)->149360K(2634240K) Eden: 2475520K(2475520K)->0K(2476032K) From: 149267K(160256K)->149360K(158208K)
[5977.234s][info][gc,heap        ] GC(1640) ParOldGen: 4010217K(4010496K)->4104033K(4104192K)
[5977.234s][info][gc,metaspace   ] GC(1640) Metaspace: 29149K(29504K)->29149K(29504K) NonClass: 24257K(24384K)->24257K(24384K) Class: 4891K(5120K)->4891K(5120K)
[5977.234s][info][gc             ] GC(1640) Pause Young (Allocation Failure) 6479M->4153M(6580M) 103.255ms
[5977.234s][info][gc,cpu         ] GC(1640) User=0.58s Sys=0.03s Real=0.11s
..[5979.184s][info][gc,start       ] GC(1641) Pause Young (Allocation Failure)
[5979.286s][info][gc,heap        ] GC(1641) PSYoungGen: 2625392K(2634240K)->151440K(2635264K) Eden: 2476032K(2476032K)->0K(2476032K) From: 149360K(158208K)->151440K(159232K)
[5979.286s][info][gc,heap        ] GC(1641) ParOldGen: 4104033K(4104192K)->4193857K(4194304K)
[5979.286s][info][gc,metaspace   ] GC(1641) Metaspace: 29149K(29504K)->29149K(29504K) NonClass: 24257K(24384K)->24257K(24384K) Class: 4891K(5120K)->4891K(5120K)
[5979.286s][info][gc             ] GC(1641) Pause Young (Allocation Failure) 6571M->4243M(6669M) 102.211ms
[5979.286s][info][gc,cpu         ] GC(1641) User=0.58s Sys=0.03s Real=0.10s
..[5981.280s][info][gc,start       ] GC(1642) Pause Young (Allocation Failure)
[5981.379s][info][gc,heap        ] GC(1642) PSYoungGen: 2627472K(2635264K)->140064K(2636288K) Eden: 2476032K(2476032K)->0K(2476544K) From: 151440K(159232K)->140064K(159744K)
[5981.379s][info][gc,heap        ] GC(1642) ParOldGen: 4193857K(4194304K)->4285561K(4285952K)
[5981.379s][info][gc,metaspace   ] GC(1642) Metaspace: 29149K(29504K)->29149K(29504K) NonClass: 24257K(24384K)->24257K(24384K) Class: 4891K(5120K)->4891K(5120K)
[5981.379s][info][gc             ] GC(1642) Pause Young (Allocation Failure) 6661M->4321M(6760M) 98.955ms
[5981.379s][info][gc,cpu         ] GC(1642) User=0.55s Sys=0.03s Real=0.10s
..[5983.285s][info][gc,start       ] GC(1643) Pause Young (Allocation Failure)
[5983.385s][info][gc,heap        ] GC(1643) PSYoungGen: 2616608K(2636288K)->138820K(2615808K) Eden: 2476544K(2476544K)->0K(2476544K) From: 140064K(159744K)->138820K(139264K)
[5983.385s][info][gc,heap        ] GC(1643) ParOldGen: 4285561K(4285952K)->4379953K(4380160K)
[5983.385s][info][gc,metaspace   ] GC(1643) Metaspace: 29149K(29504K)->29149K(29504K) NonClass: 24257K(24384K)->24257K(24384K) Class: 4891K(5120K)->4891K(5120K)
[5983.385s][info][gc             ] GC(1643) Pause Young (Allocation Failure) 6740M->4412M(6832M) 100.151ms
[5983.385s][info][gc,cpu         ] GC(1643) User=0.56s Sys=0.04s Real=0.10s
..[5985.321s][info][gc,start       ] GC(1644) Pause Young (Allocation Failure)
[5985.422s][info][gc,heap        ] GC(1644) PSYoungGen: 2615364K(2615808K)->144080K(2636800K) Eden: 2476544K(2476544K)->0K(2476544K) From: 138820K(139264K)->144080K(160256K)
[5985.422s][info][gc,heap        ] GC(1644) ParOldGen: 4379953K(4380160K)->4469009K(4469248K)
[5985.422s][info][gc,metaspace   ] GC(1644) Metaspace: 29149K(29504K)->29149K(29504K) NonClass: 24257K(24384K)->24257K(24384K) Class: 4891K(5120K)->4891K(5120K)
[5985.422s][info][gc             ] GC(1644) Pause Young (Allocation Failure) 6831M->4504M(6939M) 101.220ms
[5985.423s][info][gc,cpu         ] GC(1644) User=0.56s Sys=0.04s Real=0.10s
..[5987.293s][info][gc,start       ] GC(1645) Pause Young (Allocation Failure)
[5987.393s][info][gc,heap        ] GC(1645) PSYoungGen: 2620624K(2636800K)->141093K(2617856K) Eden: 2476544K(2476544K)->0K(2476544K) From: 144080K(160256K)->141093K(141312K)
[5987.393s][info][gc,heap        ] GC(1645) ParOldGen: 4469009K(4469248K)->4562137K(4562432K)
[5987.393s][info][gc,metaspace   ] GC(1645) Metaspace: 29149K(29504K)->29149K(29504K) NonClass: 24257K(24384K)->24257K(24384K) Class: 4891K(5120K)->4891K(5120K)
[5987.393s][info][gc             ] GC(1645) Pause Young (Allocation Failure) 6923M->4592M(7012M) 99.916ms
[5987.393s][info][gc,cpu         ] GC(1645) User=0.56s Sys=0.02s Real=0.10s
..[5989.347s][info][gc,start       ] GC(1646) Pause Young (Allocation Failure)
[5989.446s][info][gc,heap        ] GC(1646) PSYoungGen: 2617637K(2617856K)->140560K(2635776K) Eden: 2476544K(2476544K)->0K(2477056K) From: 141093K(141312K)->140560K(158720K)
[5989.446s][info][gc,heap        ] GC(1646) ParOldGen: 4562137K(4562432K)->4654025K(4654080K)
[5989.446s][info][gc,metaspace   ] GC(1646) Metaspace: 29149K(29504K)->29149K(29504K) NonClass: 24257K(24384K)->24257K(24384K) Class: 4891K(5120K)->4891K(5120K)
[5989.446s][info][gc             ] GC(1646) Pause Young (Allocation Failure) 7011M->4682M(7119M) 98.690ms
[5989.446s][info][gc,cpu         ] GC(1646) User=0.57s Sys=0.02s Real=0.10s
..[5991.337s][info][gc,start       ] GC(1647) Pause Young (Allocation Failure)
[5991.439s][info][gc,heap        ] GC(1647) PSYoungGen: 2617616K(2635776K)->145140K(2635264K) Eden: 2477056K(2477056K)->0K(2477056K) From: 140560K(158720K)->145140K(158208K)
[5991.439s][info][gc,heap        ] GC(1647) ParOldGen: 4654025K(4654080K)->4744545K(4744704K)
[5991.439s][info][gc,metaspace   ] GC(1647) Metaspace: 29149K(29504K)->29149K(29504K) NonClass: 24257K(24384K)->24257K(24384K) Class: 4891K(5120K)->4891K(5120K)
[5991.439s][info][gc             ] GC(1647) Pause Young (Allocation Failure) 7101M->4775M(7207M) 101.862ms
[5991.439s][info][gc,cpu         ] GC(1647) User=0.57s Sys=0.03s Real=0.10s
..[5993.360s][info][gc,start       ] GC(1648) Pause Young (Allocation Failure)
[5993.461s][info][gc,heap        ] GC(1648) PSYoungGen: 2622196K(2635264K)->144357K(2636800K) Eden: 2477056K(2477056K)->0K(2480128K) From: 145140K(158208K)->144357K(156672K)
[5993.461s][info][gc,heap        ] GC(1648) ParOldGen: 4744545K(4744704K)->4838625K(4838912K)
[5993.461s][info][gc,metaspace   ] GC(1648) Metaspace: 29149K(29504K)->29149K(29504K) NonClass: 24257K(24384K)->24257K(24384K) Class: 4891K(5120K)->4891K(5120K)
[5993.461s][info][gc             ] GC(1648) Pause Young (Allocation Failure) 7194M->4866M(7300M) 101.375ms
[5993.461s][info][gc,cpu         ] GC(1648) User=0.57s Sys=0.03s Real=0.10s
..[5995.387s][info][gc,start       ] GC(1649) Pause Young (Allocation Failure)
[5995.497s][info][gc,heap        ] GC(1649) PSYoungGen: 2624485K(2636800K)->156134K(2636288K) Eden: 2480128K(2480128K)->0K(2480128K) From: 144357K(156672K)->156134K(156160K)
[5995.497s][info][gc,heap        ] GC(1649) ParOldGen: 4838625K(4838912K)->4929873K(4930048K)
[5995.497s][info][gc,metaspace   ] GC(1649) Metaspace: 29149K(29504K)->29149K(29504K) NonClass: 24257K(24384K)->24257K(24384K) Class: 4891K(5120K)->4891K(5120K)
[5995.497s][info][gc             ] GC(1649) Pause Young (Allocation Failure) 7288M->4966M(7389M) 109.417ms
[5995.497s][info][gc,cpu         ] GC(1649) User=0.62s Sys=0.02s Real=0.11s
..[5997.408s][info][gc,start       ] GC(1650) Pause Young (Allocation Failure)
[5997.515s][info][gc,heap        ] GC(1650) PSYoungGen: 2636262K(2636288K)->153509K(2576896K) Eden: 2480128K(2480128K)->0K(2417152K) From: 156134K(156160K)->153509K(159744K)
[5997.515s][info][gc,heap        ] GC(1650) ParOldGen: 4929873K(4930048K)->5021673K(5021696K)
[5997.515s][info][gc,metaspace   ] GC(1650) Metaspace: 29149K(29504K)->29149K(29504K) NonClass: 24257K(24384K)->24257K(24384K) Class: 4891K(5120K)->4891K(5120K)
[5997.515s][info][gc             ] GC(1650) Pause Young (Allocation Failure) 7388M->5053M(7420M) 107.241ms
[5997.515s][info][gc,cpu         ] GC(1650) User=0.61s Sys=0.03s Real=0.11s
..[5999.414s][info][gc,start       ] GC(1651) Pause Young (Allocation Failure)
[5999.515s][info][gc,heap        ] GC(1651) PSYoungGen: 2570661K(2576896K)->138437K(2606592K) Eden: 2417152K(2417152K)->0K(2417152K) From: 153509K(159744K)->138437K(189440K)
[5999.515s][info][gc,heap        ] GC(1651) ParOldGen: 5021673K(5021696K)->5117233K(5117440K)
[5999.515s][info][gc,metaspace   ] GC(1651) Metaspace: 29149K(29504K)->29149K(29504K) NonClass: 24257K(24384K)->24257K(24384K) Class: 4891K(5120K)->4891K(5120K)
[5999.515s][info][gc             ] GC(1651) Pause Young (Allocation Failure) 7414M->5132M(7543M) 100.803ms
[5999.515s][info][gc,cpu         ] GC(1651) User=0.58s Sys=0.02s Real=0.10s
..[6001.340s][info][gc,start       ] GC(1652) Pause Young (Allocation Failure)
[6001.441s][info][gc,heap        ] GC(1652) PSYoungGen: 2555589K(2606592K)->142852K(2601984K) Eden: 2417152K(2417152K)->0K(2417664K) From: 138437K(189440K)->142852K(184320K)
[6001.441s][info][gc,heap        ] GC(1652) ParOldGen: 5117233K(5117440K)->5206217K(5206528K)
[6001.441s][info][gc,metaspace   ] GC(1652) Metaspace: 29149K(29504K)->29149K(29504K) NonClass: 24257K(24384K)->24257K(24384K) Class: 4891K(5120K)->4891K(5120K)
[6001.441s][info][gc             ] GC(1652) Pause Young (Allocation Failure) 7492M->5223M(7625M) 101.163ms
[6001.441s][info][gc,cpu         ] GC(1652) User=0.55s Sys=0.04s Real=0.10s
..[6003.243s][info][gc,start       ] GC(1653) Pause Young (Allocation Failure)
[6003.346s][info][gc,heap        ] GC(1653) PSYoungGen: 2560516K(2601984K)->143796K(2604544K) Eden: 2417664K(2417664K)->0K(2417664K) From: 142852K(184320K)->143796K(186880K)
[6003.346s][info][gc,heap        ] GC(1653) ParOldGen: 5206217K(5206528K)->5298569K(5298688K)
[6003.346s][info][gc,metaspace   ] GC(1653) Metaspace: 29149K(29504K)->29149K(29504K) NonClass: 24257K(24384K)->24257K(24384K) Class: 4891K(5120K)->4891K(5120K)
[6003.346s][info][gc             ] GC(1653) Pause Young (Allocation Failure) 7584M->5314M(7718M) 103.305ms
[6003.346s][info][gc,cpu         ] GC(1653) User=0.59s Sys=0.02s Real=0.11s
..[6005.168s][info][gc,start       ] GC(1654) Pause Young (Allocation Failure)
[6005.267s][info][gc,heap        ] GC(1654) PSYoungGen: 2561460K(2604544K)->143296K(2604032K) Eden: 2417664K(2417664K)->0K(2423808K) From: 143796K(186880K)->143296K(180224K)
[6005.267s][info][gc,heap        ] GC(1654) ParOldGen: 5298569K(5298688K)->5389857K(5390336K)
[6005.267s][info][gc,metaspace   ] GC(1654) Metaspace: 29149K(29504K)->29149K(29504K) NonClass: 24257K(24384K)->24257K(24384K) Class: 4891K(5120K)->4891K(5120K)
[6005.267s][info][gc             ] GC(1654) Pause Young (Allocation Failure) 7675M->5403M(7807M) 98.811ms
[6005.267s][info][gc,cpu         ] GC(1654) User=0.57s Sys=0.02s Real=0.10s
..[6007.163s][info][gc,start       ] GC(1655) Pause Young (Allocation Failure)
[6007.267s][info][gc,heap        ] GC(1655) PSYoungGen: 2567104K(2604032K)->152181K(2607104K) Eden: 2423808K(2423808K)->0K(2423808K) From: 143296K(180224K)->152181K(183296K)
[6007.267s][info][gc,heap        ] GC(1655) ParOldGen: 5389857K(5390336K)->5480641K(5480960K)
[6007.267s][info][gc,metaspace   ] GC(1655) Metaspace: 29149K(29504K)->29149K(29504K) NonClass: 24257K(24384K)->24257K(24384K) Class: 4891K(5120K)->4891K(5120K)
[6007.267s][info][gc             ] GC(1655) Pause Young (Allocation Failure) 7770M->5500M(7898M) 104.454ms
[6007.267s][info][gc,cpu         ] GC(1655) User=0.60s Sys=0.02s Real=0.11s
..[6009.245s][info][gc,start       ] GC(1656) Pause Young (Allocation Failure)
[6009.343s][info][gc,heap        ] GC(1656) PSYoungGen: 2575989K(2607104K)->137567K(2610176K) Eden: 2423808K(2423808K)->0K(2432000K) From: 152181K(183296K)->137567K(178176K)
[6009.343s][info][gc,heap        ] GC(1656) ParOldGen: 5480641K(5480960K)->5569401K(5569536K)
[6009.343s][info][gc,metaspace   ] GC(1656) Metaspace: 29149K(29504K)->29149K(29504K) NonClass: 24257K(24384K)->24257K(24384K) Class: 4891K(5120K)->4891K(5120K)
[6009.343s][info][gc             ] GC(1656) Pause Young (Allocation Failure) 7867M->5573M(7988M) 97.543ms
[6009.343s][info][gc,cpu         ] GC(1656) User=0.55s Sys=0.02s Real=0.09s
..[6011.205s][info][gc,start       ] GC(1657) Pause Full (Allocation Failure)
[6011.205s][info][gc,phases,start] GC(1657) Marking Phase
[6011.510s][info][gc,phases      ] GC(1657) Marking Phase 304.653ms
[6011.510s][info][gc,phases,start] GC(1657) Summary Phase
[6011.510s][info][gc,phases      ] GC(1657) Summary Phase 0.096ms
[6011.510s][info][gc,phases,start] GC(1657) Forward
[6011.648s][info][gc,phases      ] GC(1657) Forward 137.527ms
[6011.648s][info][gc,phases,start] GC(1657) Adjust Pointers
[6011.852s][info][gc,phases      ] GC(1657) Adjust Pointers 204.530ms
[6011.852s][info][gc,phases,start] GC(1657) Compaction Phase
[6011.984s][info][gc,phases      ] GC(1657) Compaction Phase 131.988ms
[6011.985s][info][gc,phases,start] GC(1657) Post Compact
[6011.992s][info][gc,phases      ] GC(1657) Post Compact 6.795ms
[6012.126s][info][gc,heap        ] GC(1657) PSYoungGen: 2569567K(2610176K)->0K(2611712K) Eden: 2432000K(2432000K)->0K(2432000K) From: 137567K(178176K)->0K(179712K)
[6012.126s][info][gc,heap        ] GC(1657) ParOldGen: 5569401K(5569536K)->1442376K(1721344K)
[6012.126s][info][gc,metaspace   ] GC(1657) Metaspace: 29149K(29504K)->29149K(29504K) NonClass: 24257K(24384K)->24257K(24384K) Class: 4891K(5120K)->4891K(5120K)
[6012.126s][info][gc             ] GC(1657) Pause Full (Allocation Failure) 7948M->1408M(4231M) 921.110ms
[6012.126s][info][gc,cpu         ] GC(1657) User=4.18s Sys=0.13s Real=0.92s
..[6013.331s][info][gc,start       ] GC(1658) Pause Full (Diagnostic Command)
[6013.331s][info][gc,phases,start] GC(1658) Marking Phase
[6013.621s][info][gc,phases      ] GC(1658) Marking Phase 290.071ms
[6013.621s][info][gc,phases,start] GC(1658) Summary Phase
[6013.621s][info][gc,phases      ] GC(1658) Summary Phase 0.045ms
[6013.621s][info][gc,phases,start] GC(1658) Forward
[6013.741s][info][gc,phases      ] GC(1658) Forward 120.034ms
[6013.741s][info][gc,phases,start] GC(1658) Adjust Pointers
[6013.966s][info][gc,phases      ] GC(1658) Adjust Pointers 225.246ms
[6013.966s][info][gc,phases,start] GC(1658) Compaction Phase
[6014.119s][info][gc,phases      ] GC(1658) Compaction Phase 153.139ms
[6014.122s][info][gc,phases,start] GC(1658) Post Compact
[6014.125s][info][gc,phases      ] GC(1658) Post Compact 2.862ms
[6014.125s][info][gc,heap        ] GC(1658) PSYoungGen: 2053629K(2611712K)->0K(2611712K) Eden: 2053629K(2432000K)->0K(2432000K) From: 0K(179712K)->0K(179712K)
[6014.125s][info][gc,heap        ] GC(1658) ParOldGen: 1442376K(1721344K)->1146321K(1721344K)
[6014.125s][info][gc,metaspace   ] GC(1658) Metaspace: 29149K(29504K)->29149K(29504K) NonClass: 24257K(24384K)->24257K(24384K) Class: 4891K(5120K)->4891K(5120K)
[6014.125s][info][gc             ] GC(1658) Pause Full (Diagnostic Command) 3414M->1119M(4231M) 794.458ms
[6014.125s][info][gc,cpu         ] GC(1658) User=4.37s Sys=0.00s Real=0.80s
.[6015.529s][info][gc,start       ] GC(1659) Pause Young (Allocation Failure)
[6015.597s][info][gc,heap        ] GC(1659) PSYoungGen: 2432000K(2611712K)->145267K(2612224K) Eden: 2432000K(2432000K)->0K(2436608K) From: 0K(179712K)->145267K(175616K)
[6015.597s][info][gc,heap        ] GC(1659) ParOldGen: 1146321K(1721344K)->1146321K(1721344K)
[6015.597s][info][gc,metaspace   ] GC(1659) Metaspace: 29149K(29504K)->29149K(29504K) NonClass: 24257K(24384K)->24257K(24384K) Class: 4891K(5120K)->4891K(5120K)
[6015.597s][info][gc             ] GC(1659) Pause Young (Allocation Failure) 3494M->1261M(4232M) 67.711ms
[6015.597s][info][gc,cpu         ] GC(1659) User=0.40s Sys=0.00s Real=0.07s
..[6017.099s][info][gc,start       ] GC(1660) Pause Young (Allocation Failure)
[6017.194s][info][gc,heap        ] GC(1660) PSYoungGen: 2581875K(2612224K)->142336K(2614272K) Eden: 2436608K(2436608K)->0K(2436608K) From: 145267K(175616K)->142336K(177664K)
[6017.194s][info][gc,heap        ] GC(1660) ParOldGen: 1146321K(1721344K)->1242465K(1721344K)
[6017.194s][info][gc,metaspace   ] GC(1660) Metaspace: 29149K(29504K)->29149K(29504K) NonClass: 24257K(24384K)->24257K(24384K) Class: 4891K(5120K)->4891K(5120K)
[6017.194s][info][gc             ] GC(1660) Pause Young (Allocation Failure) 3640M->1352M(4234M) 94.953ms
[6017.194s][info][gc,cpu         ] GC(1660) User=0.56s Sys=0.00s Real=0.10s
..[6019.095s][info][gc,start       ] GC(1661) Pause Young (Allocation Failure)
[6019.193s][info][gc,heap        ] GC(1661) PSYoungGen: 2578944K(2614272K)->151172K(2613760K) Eden: 2436608K(2436608K)->0K(2442240K) From: 142336K(177664K)->151172K(171520K)
[6019.193s][info][gc,heap        ] GC(1661) ParOldGen: 1242465K(1721344K)->1332025K(1721344K)
[6019.193s][info][gc,metaspace   ] GC(1661) Metaspace: 29149K(29504K)->29149K(29504K) NonClass: 24257K(24384K)->24257K(24384K) Class: 4891K(5120K)->4891K(5120K)
[6019.193s][info][gc             ] GC(1661) Pause Young (Allocation Failure) 3731M->1448M(4233M) 97.508ms
[6019.193s][info][gc,cpu         ] GC(1661) User=0.57s Sys=0.00s Real=0.09s
..[6021.028s][info][gc,start       ] GC(1662) Pause Young (Allocation Failure)
[6021.122s][info][gc,heap        ] GC(1662) PSYoungGen: 2593412K(2613760K)->144704K(2616320K) Eden: 2442240K(2442240K)->0K(2442240K) From: 151172K(171520K)->144704K(174080K)
[6021.122s][info][gc,heap        ] GC(1662) ParOldGen: 1332025K(1721344K)->1425249K(1721344K)
[6021.122s][info][gc,metaspace   ] GC(1662) Metaspace: 29149K(29504K)->29149K(29504K) NonClass: 24257K(24384K)->24257K(24384K) Class: 4891K(5120K)->4891K(5120K)
[6021.122s][info][gc             ] GC(1662) Pause Young (Allocation Failure) 3833M->1533M(4236M) 94.142ms
[6021.122s][info][gc,cpu         ] GC(1662) User=0.55s Sys=0.00s Real=0.09s
..[6023.035s][info][gc,start       ] GC(1663) Pause Young (Allocation Failure)
[6023.132s][info][gc,heap        ] GC(1663) PSYoungGen: 2586944K(2616320K)->152793K(2618880K) Eden: 2442240K(2442240K)->0K(2449408K) From: 144704K(174080K)->152793K(169472K)
[6023.132s][info][gc,heap        ] GC(1663) ParOldGen: 1425249K(1721344K)->1515553K(1721344K)
[6023.132s][info][gc,metaspace   ] GC(1663) Metaspace: 29149K(29504K)->29149K(29504K) NonClass: 24257K(24384K)->24257K(24384K) Class: 4891K(5120K)->4891K(5120K)
[6023.132s][info][gc             ] GC(1663) Pause Young (Allocation Failure) 3918M->1629M(4238M) 97.482ms
[6023.132s][info][gc,cpu         ] GC(1663) User=0.58s Sys=0.00s Real=0.09s
..[6025.050s][info][gc,start       ] GC(1664) Pause Young (Allocation Failure)
[6025.147s][info][gc,heap        ] GC(1664) PSYoungGen: 2602201K(2618880K)->151140K(2620928K) Eden: 2449408K(2449408K)->0K(2449408K) From: 152793K(169472K)->151140K(171520K)
[6025.147s][info][gc,heap        ] GC(1664) ParOldGen: 1515553K(1721344K)->1606481K(1721344K)
[6025.147s][info][gc,metaspace   ] GC(1664) Metaspace: 29149K(29504K)->29149K(29504K) NonClass: 24257K(24384K)->24257K(24384K) Class: 4891K(5120K)->4891K(5120K)
[6025.147s][info][gc             ] GC(1664) Pause Young (Allocation Failure) 4021M->1716M(4240M) 97.232ms
[6025.147s][info][gc,cpu         ] GC(1664) User=0.57s Sys=0.01s Real=0.10s
..[6027.021s][info][gc,start       ] GC(1665) Pause Young (Allocation Failure)
[6027.114s][info][gc,heap        ] GC(1665) PSYoungGen: 2600548K(2620928K)->143552K(2620416K) Eden: 2449408K(2449408K)->0K(2454016K) From: 151140K(171520K)->143552K(166400K)
[6027.114s][info][gc,heap        ] GC(1665) ParOldGen: 1606481K(1721344K)->1699281K(1721344K)
[6027.114s][info][gc,metaspace   ] GC(1665) Metaspace: 29149K(29504K)->29149K(29504K) NonClass: 24257K(24384K)->24257K(24384K) Class: 4891K(5120K)->4891K(5120K)
[6027.114s][info][gc             ] GC(1665) Pause Young (Allocation Failure) 4108M->1799M(4240M) 93.540ms
[6027.115s][info][gc,cpu         ] GC(1665) User=0.56s Sys=0.00s Real=0.10s
..[6029.057s][info][gc,start       ] GC(1666) Pause Young (Allocation Failure)
[6029.154s][info][gc,heap        ] GC(1666) PSYoungGen: 2597568K(2620416K)->141888K(2622976K) Eden: 2454016K(2454016K)->0K(2454016K) From: 143552K(166400K)->141888K(168960K)
[6029.154s][info][gc,heap        ] GC(1666) ParOldGen: 1699281K(1721344K)->1791825K(1792000K)
[6029.154s][info][gc,metaspace   ] GC(1666) Metaspace: 29149K(29504K)->29149K(29504K) NonClass: 24257K(24384K)->24257K(24384K) Class: 4891K(5120K)->4891K(5120K)
[6029.154s][info][gc             ] GC(1666) Pause Young (Allocation Failure) 4196M->1888M(4311M) 96.606ms
[6029.154s][info][gc,cpu         ] GC(1666) User=0.56s Sys=0.01s Real=0.10s
..[6031.098s][info][gc,start       ] GC(1667) Pause Young (Allocation Failure)
[6031.199s][info][gc,heap        ] GC(1667) PSYoungGen: 2595904K(2622976K)->150804K(2625024K) Eden: 2454016K(2454016K)->0K(2459136K) From: 141888K(168960K)->150804K(165888K)
[6031.199s][info][gc,heap        ] GC(1667) ParOldGen: 1791825K(1792000K)->1880617K(1881088K)
[6031.199s][info][gc,metaspace   ] GC(1667) Metaspace: 29149K(29504K)->29149K(29504K) NonClass: 24257K(24384K)->24257K(24384K) Class: 4891K(5120K)->4891K(5120K)
[6031.199s][info][gc             ] GC(1667) Pause Young (Allocation Failure) 4284M->1983M(4400M) 101.420ms
[6031.199s][info][gc,cpu         ] GC(1667) User=0.58s Sys=0.02s Real=0.10s
..[6033.092s][info][gc,start       ] GC(1668) Pause Young (Allocation Failure)
[6033.196s][info][gc,heap        ] GC(1668) PSYoungGen: 2609940K(2625024K)->152325K(2626560K) Eden: 2459136K(2459136K)->0K(2459136K) From: 150804K(165888K)->152325K(167424K)
[6033.196s][info][gc,heap        ] GC(1668) ParOldGen: 1880617K(1881088K)->1973417K(1973760K)
[6033.196s][info][gc,metaspace   ] GC(1668) Metaspace: 29149K(29504K)->29149K(29504K) NonClass: 24257K(24384K)->24257K(24384K) Class: 4891K(5120K)->4891K(5120K)
[6033.197s][info][gc             ] GC(1668) Pause Young (Allocation Failure) 4385M->2075M(4492M) 104.394ms
[6033.197s][info][gc,cpu         ] GC(1668) User=0.59s Sys=0.03s Real=0.11s
. (rIR:aIR:PR = 9963:9955:9955) (tPR = 147798) [OK] 
  6033s: Performance info:
         Transaction,    Success,    Partial,     Failed,   Receipts, AvgBarcode, 
             Overall,     603119,          0,          0,     572800,      59.47, 
         Response times:
             Request,    Success,    Partial,     Failed,   SkipFail,     Probes,    Samples,      min,      p50,      p90,      p95,      p99,      max, 
       TotalPurchase,     572800,          0,          0,          0,     343374,     420511,      200,     6800,    85000,   340000,   890000,  1400000,
     InStorePurchase,     302173,          0,          0,          0,     180352,     220872,      200,     6700,    84000,   340000,   890000,  1300000,
      OnlinePurchase,     210372,          0,          0,          0,     126193,     154583,      200,     6900,    86000,   343000,   800000,  1400000,
        InstPurchase,      60255,          0,          0,          0,      36829,      45056,      400,     6800,    84000,   364000,   940000,  1300000,
          AssocOfCat,        603,          0,          0,          0,        486,        689,    19000,    42000,   146000,   409000,   790000,   980000,
      AssocOfProduct,       6029,          0,          0,          0,       4328,       5444,      400,     7150,    80000,   452000,   982000,  1100000,
      BusinessReport,       1507,          0,          0,          0,       1323,       1746,    26000,    54000,   146300,   423300,  1100000,  1200000,
          CustBuyBeh,       6096,          0,          0,          0,       4345,       5463,      200,     7000,    82000,   640000,  1100000,  1200000,
       ProductReturn,      16083,          0,          0,          0,       8901,      11293,      300,     7600,    93000,   318000,   476000,   591000,

  6033s: (73%)   IR =  10101 .[6035.151s][info][gc,start       ] GC(1669) Pause Young (Allocation Failure)
[6035.258s][info][gc,heap        ] GC(1669) PSYoungGen: 2611461K(2626560K)->155749K(2627072K) Eden: 2459136K(2459136K)->0K(2460160K) From: 152325K(167424K)->155749K(166912K)
[6035.258s][info][gc,heap        ] GC(1669) ParOldGen: 1973417K(1973760K)->2065049K(2065408K)
[6035.258s][info][gc,metaspace   ] GC(1669) Metaspace: 29149K(29504K)->29149K(29504K) NonClass: 24257K(24384K)->24257K(24384K) Class: 4891K(5120K)->4891K(5120K)
[6035.258s][info][gc             ] GC(1669) Pause Young (Allocation Failure) 4477M->2168M(4582M) 106.477ms
[6035.258s][info][gc,cpu         ] GC(1669) User=0.59s Sys=0.03s Real=0.11s
..[6037.117s][info][gc,start       ] GC(1670) Pause Young (Allocation Failure)
[6037.227s][info][gc,heap        ] GC(1670) PSYoungGen: 2615909K(2627072K)->150788K(2611200K) Eden: 2460160K(2460160K)->0K(2460160K) From: 155749K(166912K)->150788K(151040K)
[6037.227s][info][gc,heap        ] GC(1670) ParOldGen: 2065049K(2065408K)->2159385K(2159616K)
[6037.227s][info][gc,metaspace   ] GC(1670) Metaspace: 29149K(29504K)->29149K(29504K) NonClass: 24257K(24384K)->24257K(24384K) Class: 4891K(5120K)->4891K(5120K)
[6037.227s][info][gc             ] GC(1670) Pause Young (Allocation Failure) 4571M->2256M(4659M) 110.045ms
[6037.227s][info][gc,cpu         ] GC(1670) User=0.61s Sys=0.04s Real=0.11s
..[6039.132s][info][gc,start       ] GC(1671) Pause Young (Allocation Failure)
[6039.239s][info][gc,heap        ] GC(1671) PSYoungGen: 2610948K(2611200K)->157561K(2626048K) Eden: 2460160K(2460160K)->0K(2459648K) From: 150788K(151040K)->157561K(166400K)
[6039.239s][info][gc,heap        ] GC(1671) ParOldGen: 2159385K(2159616K)->2250673K(2250752K)
[6039.239s][info][gc,metaspace   ] GC(1671) Metaspace: 29149K(29504K)->29149K(29504K) NonClass: 24257K(24384K)->24257K(24384K) Class: 4891K(5120K)->4891K(5120K)
[6039.239s][info][gc             ] GC(1671) Pause Young (Allocation Failure) 4658M->2351M(4762M) 107.335ms
[6039.239s][info][gc,cpu         ] GC(1671) User=0.60s Sys=0.03s Real=0.11s
..|[6041.117s][info][gc,start       ] GC(1672) Pause Young (Allocation Failure)
[6041.217s][info][gc,heap        ] GC(1672) PSYoungGen: 2617209K(2626048K)->148000K(2627584K) Eden: 2459648K(2459648K)->0K(2459648K) From: 157561K(166400K)->148000K(167936K)
[6041.217s][info][gc,heap        ] GC(1672) ParOldGen: 2250673K(2250752K)->2340641K(2340864K)
[6041.217s][info][gc,metaspace   ] GC(1672) Metaspace: 29149K(29504K)->29149K(29504K) NonClass: 24257K(24384K)->24257K(24384K) Class: 4891K(5120K)->4891K(5120K)
[6041.217s][info][gc             ] GC(1672) Pause Young (Allocation Failure) 4753M->2430M(4852M) 99.252ms
[6041.217s][info][gc,cpu         ] GC(1672) User=0.56s Sys=0.02s Real=0.10s
..[6043.116s][info][gc,start       ] GC(1673) Pause Young (Allocation Failure)
[6043.224s][info][gc,heap        ] GC(1673) PSYoungGen: 2607648K(2627584K)->158569K(2626560K) Eden: 2459648K(2459648K)->0K(2460160K) From: 148000K(167936K)->158569K(166400K)
[6043.224s][info][gc,heap        ] GC(1673) ParOldGen: 2340641K(2340864K)->2434113K(2434560K)
[6043.224s][info][gc,metaspace   ] GC(1673) Metaspace: 29149K(29504K)->29149K(29504K) NonClass: 24257K(24384K)->24257K(24384K) Class: 4891K(5120K)->4891K(5120K)
[6043.224s][info][gc             ] GC(1673) Pause Young (Allocation Failure) 4832M->2531M(4942M) 107.416ms
[6043.224s][info][gc,cpu         ] GC(1673) User=0.61s Sys=0.04s Real=0.11s
..[6045.146s][info][gc,start       ] GC(1674) Pause Young (Allocation Failure)
[6045.247s][info][gc,heap        ] GC(1674) PSYoungGen: 2618729K(2626560K)->149600K(2628096K) Eden: 2460160K(2460160K)->0K(2460160K) From: 158569K(166400K)->149600K(167936K)
[6045.247s][info][gc,heap        ] GC(1674) ParOldGen: 2434113K(2434560K)->2524481K(2524672K)
[6045.247s][info][gc,metaspace   ] GC(1674) Metaspace: 29149K(29504K)->29149K(29504K) NonClass: 24257K(24384K)->24257K(24384K) Class: 4891K(5120K)->4891K(5120K)
[6045.247s][info][gc             ] GC(1674) Pause Young (Allocation Failure) 4934M->2611M(5032M) 101.257ms
[6045.247s][info][gc,cpu         ] GC(1674) User=0.57s Sys=0.03s Real=0.10s
..[6047.063s][info][gc,start       ] GC(1675) Pause Young (Allocation Failure)
[6047.167s][info][gc,heap        ] GC(1675) PSYoungGen: 2609760K(2628096K)->157024K(2627072K) Eden: 2460160K(2460160K)->0K(2460672K) From: 149600K(167936K)->157024K(166400K)
[6047.167s][info][gc,heap        ] GC(1675) ParOldGen: 2524481K(2524672K)->2613841K(2614272K)
[6047.167s][info][gc,metaspace   ] GC(1675) Metaspace: 29149K(29504K)->29149K(29504K) NonClass: 24257K(24384K)->24257K(24384K) Class: 4891K(5120K)->4891K(5120K)
[6047.167s][info][gc             ] GC(1675) Pause Young (Allocation Failure) 5013M->2705M(5118M) 104.546ms
[6047.167s][info][gc,cpu         ] GC(1675) User=0.59s Sys=0.03s Real=0.11s
..[6049.072s][info][gc,start       ] GC(1676) Pause Young (Allocation Failure)
[6049.172s][info][gc,heap        ] GC(1676) PSYoungGen: 2617696K(2627072K)->148864K(2628096K) Eden: 2460672K(2460672K)->0K(2460672K) From: 157024K(166400K)->148864K(167424K)
[6049.172s][info][gc,heap        ] GC(1676) ParOldGen: 2613841K(2614272K)->2706497K(2706944K)
[6049.172s][info][gc,metaspace   ] GC(1676) Metaspace: 29149K(29504K)->29149K(29504K) NonClass: 24257K(24384K)->24257K(24384K) Class: 4891K(5120K)->4891K(5120K)
[6049.172s][info][gc             ] GC(1676) Pause Young (Allocation Failure) 5108M->2788M(5210M) 100.739ms
[6049.172s][info][gc,cpu         ] GC(1676) User=0.56s Sys=0.03s Real=0.10s
..[6050.930s][info][gc,start       ] GC(1677) Pause Young (Allocation Failure)
[6051.034s][info][gc,heap        ] GC(1677) PSYoungGen: 2609536K(2628096K)->149333K(2625536K) Eden: 2460672K(2460672K)->0K(2462208K) From: 148864K(167424K)->149333K(163328K)
[6051.034s][info][gc,heap        ] GC(1677) ParOldGen: 2706497K(2706944K)->2798945K(2799104K)
[6051.034s][info][gc,metaspace   ] GC(1677) Metaspace: 29149K(29504K)->29149K(29504K) NonClass: 24257K(24384K)->24257K(24384K) Class: 4891K(5120K)->4891K(5120K)
[6051.034s][info][gc             ] GC(1677) Pause Young (Allocation Failure) 5191M->2879M(5297M) 103.572ms
[6051.034s][info][gc,cpu         ] GC(1677) User=0.57s Sys=0.04s Real=0.11s
..[6052.967s][info][gc,start       ] GC(1678) Pause Young (Allocation Failure)
[6053.071s][info][gc,heap        ] GC(1678) PSYoungGen: 2611541K(2625536K)->154852K(2627072K) Eden: 2462208K(2462208K)->0K(2462208K) From: 149333K(163328K)->154852K(164864K)
[6053.071s][info][gc,heap        ] GC(1678) ParOldGen: 2798945K(2799104K)->2888585K(2888704K)
[6053.071s][info][gc,metaspace   ] GC(1678) Metaspace: 29149K(29504K)->29149K(29504K) NonClass: 24257K(24384K)->24257K(24384K) Class: 4891K(5120K)->4891K(5120K)
[6053.071s][info][gc             ] GC(1678) Pause Young (Allocation Failure) 5283M->2972M(5386M) 104.259ms
[6053.071s][info][gc,cpu         ] GC(1678) User=0.59s Sys=0.03s Real=0.10s
..[6054.892s][info][gc,start       ] GC(1679) Pause Young (Allocation Failure)
[6054.992s][info][gc,heap        ] GC(1679) PSYoungGen: 2617060K(2627072K)->140064K(2629120K) Eden: 2462208K(2462208K)->0K(2464256K) From: 154852K(164864K)->140064K(164864K)
[6054.992s][info][gc,heap        ] GC(1679) ParOldGen: 2888585K(2888704K)->2982745K(2982912K)
[6054.992s][info][gc,metaspace   ] GC(1679) Metaspace: 29149K(29504K)->29149K(29504K) NonClass: 24257K(24384K)->24257K(24384K) Class: 4891K(5120K)->4891K(5120K)
[6054.992s][info][gc             ] GC(1679) Pause Young (Allocation Failure) 5376M->3049M(5480M) 99.578ms
[6054.992s][info][gc,cpu         ] GC(1679) User=0.56s Sys=0.02s Real=0.10s
..[6056.834s][info][gc,start       ] GC(1680) Pause Young (Allocation Failure)
[6056.935s][info][gc,heap        ] GC(1680) PSYoungGen: 2604320K(2629120K)->149508K(2614272K) Eden: 2464256K(2464256K)->0K(2464256K) From: 140064K(164864K)->149508K(150016K)
[6056.935s][info][gc,heap        ] GC(1680) ParOldGen: 2982745K(2982912K)->3070873K(3070976K)
[6056.935s][info][gc,metaspace   ] GC(1680) Metaspace: 29149K(29504K)->29149K(29504K) NonClass: 24257K(24384K)->24257K(24384K) Class: 4891K(5120K)->4891K(5120K)
[6056.935s][info][gc             ] GC(1680) Pause Young (Allocation Failure) 5456M->3144M(5552M) 100.576ms
[6056.935s][info][gc,cpu         ] GC(1680) User=0.55s Sys=0.04s Real=0.10s
..[6058.851s][info][gc,start       ] GC(1681) Pause Young (Allocation Failure)
[6058.958s][info][gc,heap        ] GC(1681) PSYoungGen: 2613764K(2614272K)->153897K(2629632K) Eden: 2464256K(2464256K)->0K(2465280K) From: 149508K(150016K)->153897K(164352K)
[6058.958s][info][gc,heap        ] GC(1681) ParOldGen: 3070873K(3070976K)->3164657K(3164672K)
[6058.958s][info][gc,metaspace   ] GC(1681) Metaspace: 29149K(29504K)->29149K(29504K) NonClass: 24257K(24384K)->24257K(24384K) Class: 4891K(5120K)->4891K(5120K)
[6058.958s][info][gc             ] GC(1681) Pause Young (Allocation Failure) 5551M->3240M(5658M) 107.063ms
[6058.958s][info][gc,cpu         ] GC(1681) User=0.60s Sys=0.03s Real=0.11s
..[6060.908s][info][gc,start       ] GC(1682) Pause Young (Allocation Failure)
[6061.011s][info][gc,heap        ] GC(1682) PSYoungGen: 2619177K(2629632K)->151733K(2629632K) Eden: 2465280K(2465280K)->0K(2465280K) From: 153897K(164352K)->151733K(164352K)
[6061.011s][info][gc,heap        ] GC(1682) ParOldGen: 3164657K(3164672K)->3255545K(3255808K)
[6061.011s][info][gc,metaspace   ] GC(1682) Metaspace: 29149K(29504K)->29149K(29504K) NonClass: 24257K(24384K)->24257K(24384K) Class: 4891K(5120K)->4891K(5120K)
[6061.011s][info][gc             ] GC(1682) Pause Young (Allocation Failure) 5648M->3327M(5747M) 103.256ms
[6061.011s][info][gc,cpu         ] GC(1682) User=0.58s Sys=0.02s Real=0.10s
..[6062.860s][info][gc,start       ] GC(1683) Pause Young (Allocation Failure)
[6062.961s][info][gc,heap        ] GC(1683) PSYoungGen: 2617013K(2629632K)->147312K(2631168K) Eden: 2465280K(2465280K)->0K(2467840K) From: 151733K(164352K)->147312K(163328K)
[6062.961s][info][gc,heap        ] GC(1683) ParOldGen: 3255545K(3255808K)->3347841K(3347968K)
[6062.961s][info][gc,metaspace   ] GC(1683) Metaspace: 29149K(29504K)->29149K(29504K) NonClass: 24257K(24384K)->24257K(24384K) Class: 4891K(5120K)->4891K(5120K)
[6062.961s][info][gc             ] GC(1683) Pause Young (Allocation Failure) 5734M->3413M(5839M) 100.990ms
[6062.961s][info][gc,cpu         ] GC(1683) User=0.57s Sys=0.03s Real=0.10s
..[6064.848s][info][gc,start       ] GC(1684) Pause Young (Allocation Failure)
[6064.948s][info][gc,heap        ] GC(1684) PSYoungGen: 2615152K(2631168K)->145664K(2630656K) Eden: 2467840K(2467840K)->0K(2467840K) From: 147312K(163328K)->145664K(162816K)
[6064.948s][info][gc,heap        ] GC(1684) ParOldGen: 3347841K(3347968K)->3438921K(3439104K)
[6064.948s][info][gc,metaspace   ] GC(1684) Metaspace: 29149K(29504K)->29149K(29504K) NonClass: 24257K(24384K)->24257K(24384K) Class: 4891K(5120K)->4891K(5120K)
[6064.948s][info][gc             ] GC(1684) Pause Young (Allocation Failure) 5823M->3500M(5927M) 100.282ms
[6064.949s][info][gc,cpu         ] GC(1684) User=0.56s Sys=0.02s Real=0.10s
.[6066.801s][info][gc,start       ] GC(1685) Pause Young (Allocation Failure)
[6066.901s][info][gc,heap        ] GC(1685) PSYoungGen: 2613504K(2630656K)->145152K(2632704K) Eden: 2467840K(2467840K)->0K(2470400K) From: 145664K(162816K)->145152K(162304K)
[6066.901s][info][gc,heap        ] GC(1685) ParOldGen: 3438921K(3439104K)->3531433K(3531776K)
[6066.901s][info][gc,metaspace   ] GC(1685) Metaspace: 29149K(29504K)->29149K(29504K) NonClass: 24257K(24384K)->24257K(24384K) Class: 4891K(5120K)->4891K(5120K)
[6066.901s][info][gc             ] GC(1685) Pause Young (Allocation Failure) 5910M->3590M(6020M) 100.489ms
[6066.901s][info][gc,cpu         ] GC(1685) User=0.57s Sys=0.02s Real=0.10s
..[6068.883s][info][gc,start       ] GC(1686) Pause Young (Allocation Failure)
[6068.991s][info][gc,heap        ] GC(1686) PSYoungGen: 2615552K(2632704K)->157540K(2632192K) Eden: 2470400K(2470400K)->0K(2470400K) From: 145152K(162304K)->157540K(161792K)
[6068.991s][info][gc,heap        ] GC(1686) ParOldGen: 3531433K(3531776K)->3622185K(3622400K)
[6068.991s][info][gc,metaspace   ] GC(1686) Metaspace: 29149K(29504K)->29149K(29504K) NonClass: 24257K(24384K)->24257K(24384K) Class: 4891K(5120K)->4891K(5120K)
[6068.991s][info][gc             ] GC(1686) Pause Young (Allocation Failure) 6002M->3691M(6108M) 108.665ms
[6068.991s][info][gc,cpu         ] GC(1686) User=0.62s Sys=0.02s Real=0.11s
..[6070.856s][info][gc,start       ] GC(1687) Pause Young (Allocation Failure)
[6070.957s][info][gc,heap        ] GC(1687) PSYoungGen: 2627940K(2632192K)->150608K(2632704K) Eden: 2470400K(2470400K)->0K(2469888K) From: 157540K(161792K)->150608K(162816K)
[6070.957s][info][gc,heap        ] GC(1687) ParOldGen: 3622185K(3622400K)->3712521K(3713024K)
[6070.958s][info][gc,metaspace   ] GC(1687) Metaspace: 29149K(29504K)->29149K(29504K) NonClass: 24257K(24384K)->24257K(24384K) Class: 4891K(5120K)->4891K(5120K)
[6070.958s][info][gc             ] GC(1687) Pause Young (Allocation Failure) 6103M->3772M(6197M) 101.111ms
[6070.958s][info][gc,cpu         ] GC(1687) User=0.57s Sys=0.03s Real=0.10s
..[6072.859s][info][gc,start       ] GC(1688) Pause Young (Allocation Failure)
[6072.964s][info][gc,heap        ] GC(1688) PSYoungGen: 2620496K(2632704K)->154404K(2632192K) Eden: 2469888K(2469888K)->0K(2469888K) From: 150608K(162816K)->154404K(162304K)
[6072.964s][info][gc,heap        ] GC(1688) ParOldGen: 3712521K(3713024K)->3804417K(3804672K)
[6072.964s][info][gc,metaspace   ] GC(1688) Metaspace: 29149K(29504K)->29149K(29504K) NonClass: 24257K(24384K)->24257K(24384K) Class: 4891K(5120K)->4891K(5120K)
[6072.964s][info][gc             ] GC(1688) Pause Young (Allocation Failure) 6184M->3866M(6286M) 104.791ms
[6072.964s][info][gc,cpu         ] GC(1688) User=0.59s Sys=0.03s Real=0.11s
..[6074.853s][info][gc,start       ] GC(1689) Pause Young (Allocation Failure)
[6074.956s][info][gc,heap        ] GC(1689) PSYoungGen: 2624292K(2632192K)->149530K(2632192K) Eden: 2469888K(2469888K)->0K(2470912K) From: 154404K(162304K)->149530K(161280K)
[6074.956s][info][gc,heap        ] GC(1689) ParOldGen: 3804417K(3804672K)->3897953K(3898368K)
[6074.956s][info][gc,metaspace   ] GC(1689) Metaspace: 29149K(29504K)->29149K(29504K) NonClass: 24257K(24384K)->24257K(24384K) Class: 4891K(5120K)->4891K(5120K)
[6074.956s][info][gc             ] GC(1689) Pause Young (Allocation Failure) 6278M->3952M(6377M) 103.808ms
[6074.956s][info][gc,cpu         ] GC(1689) User=0.58s Sys=0.03s Real=0.11s
..[6076.840s][info][gc,start       ] GC(1690) Pause Young (Allocation Failure)
[6076.946s][info][gc,heap        ] GC(1690) PSYoungGen: 2620442K(2632192K)->152517K(2632704K) Eden: 2470912K(2470912K)->0K(2470912K) From: 149530K(161280K)->152517K(161792K)
[6076.946s][info][gc,heap        ] GC(1690) ParOldGen: 3897953K(3898368K)->3989441K(3989504K)
[6076.946s][info][gc,metaspace   ] GC(1690) Metaspace: 29149K(29504K)->29149K(29504K) NonClass: 24257K(24384K)->24257K(24384K) Class: 4891K(5120K)->4891K(5120K)
[6076.946s][info][gc             ] GC(1690) Pause Young (Allocation Failure) 6365M->4044M(6467M) 105.306ms
[6076.946s][info][gc,cpu         ] GC(1690) User=0.60s Sys=0.02s Real=0.11s
..[6078.789s][info][gc,start       ] GC(1691) Pause Young (Allocation Failure)
[6078.889s][info][gc,heap        ] GC(1691) PSYoungGen: 2623429K(2632704K)->142112K(2633728K) Eden: 2470912K(2470912K)->0K(2472448K) From: 152517K(161792K)->142112K(161280K)
[6078.889s][info][gc,heap        ] GC(1691) ParOldGen: 3989441K(3989504K)->4082641K(4082688K)
[6078.889s][info][gc,metaspace   ] GC(1691) Metaspace: 29149K(29504K)->29149K(29504K) NonClass: 24257K(24384K)->24257K(24384K) Class: 4891K(5120K)->4891K(5120K)
[6078.889s][info][gc             ] GC(1691) Pause Young (Allocation Failure) 6457M->4125M(6559M) 100.576ms
[6078.889s][info][gc,cpu         ] GC(1691) User=0.57s Sys=0.02s Real=0.10s
..[6080.901s][info][gc,start       ] GC(1692) Pause Young (Allocation Failure)
[6081.002s][info][gc,heap        ] GC(1692) PSYoungGen: 2614560K(2633728K)->150176K(2622976K) Eden: 2472448K(2472448K)->0K(2472448K) From: 142112K(161280K)->150176K(150528K)
[6081.002s][info][gc,heap        ] GC(1692) ParOldGen: 4082641K(4082688K)->4171057K(4171264K)
[6081.002s][info][gc,metaspace   ] GC(1692) Metaspace: 29149K(29504K)->29149K(29504K) NonClass: 24257K(24384K)->24257K(24384K) Class: 4891K(5120K)->4891K(5120K)
[6081.002s][info][gc             ] GC(1692) Pause Young (Allocation Failure) 6540M->4219M(6635M) 101.090ms
[6081.002s][info][gc,cpu         ] GC(1692) User=0.56s Sys=0.03s Real=0.10s
..[6082.959s][info][gc,start       ] GC(1693) Pause Young (Allocation Failure)
[6083.062s][info][gc,heap        ] GC(1693) PSYoungGen: 2622624K(2622976K)->147136K(2634240K) Eden: 2472448K(2472448K)->0K(2473472K) From: 150176K(150528K)->147136K(160768K)
[6083.062s][info][gc,heap        ] GC(1693) ParOldGen: 4171057K(4171264K)->4266145K(4266496K)
[6083.062s][info][gc,metaspace   ] GC(1693) Metaspace: 29149K(29504K)->29149K(29504K) NonClass: 24257K(24384K)->24257K(24384K) Class: 4891K(5120K)->4891K(5120K)
[6083.062s][info][gc             ] GC(1693) Pause Young (Allocation Failure) 6634M->4309M(6739M) 103.180ms
[6083.062s][info][gc,cpu         ] GC(1693) User=0.58s Sys=0.03s Real=0.10s
..[6084.897s][info][gc,start       ] GC(1694) Pause Young (Allocation Failure)
[6084.998s][info][gc,heap        ] GC(1694) PSYoungGen: 2620608K(2634240K)->143680K(2633728K) Eden: 2473472K(2473472K)->0K(2473472K) From: 147136K(160768K)->143680K(160256K)
[6084.998s][info][gc,heap        ] GC(1694) ParOldGen: 4266145K(4266496K)->4355401K(4355584K)
[6084.998s][info][gc,metaspace   ] GC(1694) Metaspace: 29149K(29504K)->29149K(29504K) NonClass: 24257K(24384K)->24257K(24384K) Class: 4891K(5120K)->4891K(5120K)
[6084.998s][info][gc             ] GC(1694) Pause Young (Allocation Failure) 6725M->4393M(6825M) 100.665ms
[6084.998s][info][gc,cpu         ] GC(1694) User=0.57s Sys=0.02s Real=0.10s
..[6086.827s][info][gc,start       ] GC(1695) Pause Young (Allocation Failure)
[6086.928s][info][gc,heap        ] GC(1695) PSYoungGen: 2617152K(2633728K)->145492K(2635264K) Eden: 2473472K(2473472K)->0K(2475520K) From: 143680K(160256K)->145492K(159744K)
[6086.928s][info][gc,heap        ] GC(1695) ParOldGen: 4355401K(4355584K)->4447881K(4448256K)
[6086.928s][info][gc,metaspace   ] GC(1695) Metaspace: 29149K(29504K)->29149K(29504K) NonClass: 24257K(24384K)->24257K(24384K) Class: 4891K(5120K)->4891K(5120K)
[6086.928s][info][gc             ] GC(1695) Pause Young (Allocation Failure) 6809M->4485M(6917M) 101.157ms
[6086.928s][info][gc,cpu         ] GC(1695) User=0.56s Sys=0.03s Real=0.10s
..[6088.875s][info][gc,start       ] GC(1696) Pause Young (Allocation Failure)
[6088.976s][info][gc,heap        ] GC(1696) PSYoungGen: 2621012K(2635264K)->147248K(2635264K) Eden: 2475520K(2475520K)->0K(2475520K) From: 145492K(159744K)->147248K(159744K)
[6088.976s][info][gc,heap        ] GC(1696) ParOldGen: 4447881K(4448256K)->4538553K(4538880K)
[6088.976s][info][gc,metaspace   ] GC(1696) Metaspace: 29149K(29504K)->29149K(29504K) NonClass: 24257K(24384K)->24257K(24384K) Class: 4891K(5120K)->4891K(5120K)
[6088.976s][info][gc             ] GC(1696) Pause Young (Allocation Failure) 6903M->4575M(7006M) 101.139ms
[6088.976s][info][gc,cpu         ] GC(1696) User=0.58s Sys=0.03s Real=0.10s
..[6090.911s][info][gc,start       ] GC(1697) Pause Young (Allocation Failure)
[6091.014s][info][gc,heap        ] GC(1697) PSYoungGen: 2622768K(2635264K)->147840K(2635776K) Eden: 2475520K(2475520K)->0K(2477056K) From: 147248K(159744K)->147840K(158720K)
[6091.014s][info][gc,heap        ] GC(1697) ParOldGen: 4538553K(4538880K)->4629897K(4630016K)
[6091.014s][info][gc,metaspace   ] GC(1697) Metaspace: 29149K(29504K)->29149K(29504K) NonClass: 24257K(24384K)->24257K(24384K) Class: 4891K(5120K)->4891K(5120K)
[6091.014s][info][gc             ] GC(1697) Pause Young (Allocation Failure) 6993M->4665M(7095M) 102.952ms
[6091.014s][info][gc,cpu         ] GC(1697) User=0.58s Sys=0.03s Real=0.11s
..[6092.871s][info][gc,start       ] GC(1698) Pause Young (Allocation Failure)
[6092.973s][info][gc,heap        ] GC(1698) PSYoungGen: 2624896K(2635776K)->147936K(2635264K) Eden: 2477056K(2477056K)->0K(2477056K) From: 147840K(158720K)->147936K(158208K)
[6092.973s][info][gc,heap        ] GC(1698) ParOldGen: 4629897K(4630016K)->4722609K(4722688K)
[6092.973s][info][gc,metaspace   ] GC(1698) Metaspace: 29149K(29504K)->29149K(29504K) NonClass: 24257K(24384K)->24257K(24384K) Class: 4891K(5120K)->4891K(5120K)
[6092.973s][info][gc             ] GC(1698) Pause Young (Allocation Failure) 7084M->4756M(7185M) 102.615ms
[6092.973s][info][gc,cpu         ] GC(1698) User=0.57s Sys=0.03s Real=0.11s
..[6094.821s][info][gc,start       ] GC(1699) Pause Young (Allocation Failure)
[6094.925s][info][gc,heap        ] GC(1699) PSYoungGen: 2624992K(2635264K)->146324K(2636800K) Eden: 2477056K(2477056K)->0K(2479616K) From: 147936K(158208K)->146324K(157184K)
[6094.925s][info][gc,heap        ] GC(1699) ParOldGen: 4722609K(4722688K)->4816985K(4817408K)
[6094.925s][info][gc,metaspace   ] GC(1699) Metaspace: 29149K(29504K)->29149K(29504K) NonClass: 24257K(24384K)->24257K(24384K) Class: 4891K(5120K)->4891K(5120K)
[6094.925s][info][gc             ] GC(1699) Pause Young (Allocation Failure) 7175M->4846M(7279M) 103.909ms
[6094.925s][info][gc,cpu         ] GC(1699) User=0.58s Sys=0.03s Real=0.11s
..[6096.907s][info][gc,start       ] GC(1700) Pause Young (Allocation Failure)
[6097.008s][info][gc,heap        ] GC(1700) PSYoungGen: 2625940K(2636800K)->145472K(2636288K) Eden: 2479616K(2479616K)->0K(2479616K) From: 146324K(157184K)->145472K(156672K)
[6097.008s][info][gc,heap        ] GC(1700) ParOldGen: 4816985K(4817408K)->4905457K(4905472K)
[6097.008s][info][gc,metaspace   ] GC(1700) Metaspace: 29149K(29504K)->29149K(29504K) NonClass: 24257K(24384K)->24257K(24384K) Class: 4891K(5120K)->4891K(5120K)
[6097.008s][info][gc             ] GC(1700) Pause Young (Allocation Failure) 7268M->4932M(7365M) 100.788ms
[6097.008s][info][gc,cpu         ] GC(1700) User=0.56s Sys=0.03s Real=0.10s
..[6098.938s][info][gc,start       ] GC(1701) Pause Young (Allocation Failure)
[6099.053s][info][gc,heap        ] GC(1701) PSYoungGen: 2625088K(2636288K)->156130K(2558976K) Eden: 2479616K(2479616K)->0K(2402816K) From: 145472K(156672K)->156130K(156160K)
[6099.053s][info][gc,heap        ] GC(1701) ParOldGen: 4905457K(4905472K)->5009033K(5009408K)
[6099.053s][info][gc,metaspace   ] GC(1701) Metaspace: 29149K(29504K)->29149K(29504K) NonClass: 24257K(24384K)->24257K(24384K) Class: 4891K(5120K)->4891K(5120K)
[6099.053s][info][gc             ] GC(1701) Pause Young (Allocation Failure) 7354M->5044M(7391M) 115.665ms
[6099.053s][info][gc,cpu         ] GC(1701) User=0.66s Sys=0.02s Real=0.12s
..[6100.885s][info][gc,start       ] GC(1702) Pause Young (Allocation Failure)
[6100.984s][info][gc,heap        ] GC(1702) PSYoungGen: 2558946K(2558976K)->143424K(2599424K) Eden: 2402816K(2402816K)->0K(2402816K) From: 156130K(156160K)->143424K(196608K)
[6100.984s][info][gc,heap        ] GC(1702) ParOldGen: 5009033K(5009408K)->5094369K(5094400K)
[6100.984s][info][gc,metaspace   ] GC(1702) Metaspace: 29149K(29504K)->29149K(29504K) NonClass: 24257K(24384K)->24257K(24384K) Class: 4891K(5120K)->4891K(5120K)
[6100.984s][info][gc             ] GC(1702) Pause Young (Allocation Failure) 7390M->5115M(7513M) 99.505ms
[6100.984s][info][gc,cpu         ] GC(1702) User=0.56s Sys=0.03s Real=0.10s
. (rIR:aIR:PR = 10101:10080:10080) (tPR = 151927) [OK] 
  6101s: Performance info:
         Transaction,    Success,    Partial,     Failed,   Receipts, AvgBarcode, 
             Overall,     609764,          0,          0,     579480,      59.47, 
         Response times:
             Request,    Success,    Partial,     Failed,   SkipFail,     Probes,    Samples,      min,      p50,      p90,      p95,      p99,      max, 
       TotalPurchase,     579479,          0,          0,          0,     363662,     406582,      200,     6300,    42000,    65000,   102000,   201000,
     InStorePurchase,     301949,          0,          0,          0,     191320,     213226,      300,     6400,    43000,    66000,   102000,   197000,
      OnlinePurchase,     216748,          0,          0,          0,     134432,     149818,      200,     6200,    42000,    65000,   101000,   201000,
        InstPurchase,      60782,          0,          0,          0,      37910,      43538,      300,     5500,    39000,    61000,   100610,   197000,
          AssocOfCat,        612,          0,          0,          0,        530,        688,    22000,    42000,    88200,   110000,   155110,   182000,
      AssocOfProduct,       6108,          0,          0,          0,       3445,       4050,      700,     5800,    45000,    64000,    98000,   156000,
      BusinessReport,       1530,          0,          0,          0,       1379,       1707,    28000,    55000,   115000,   145000,   193680,   252000,
          CustBuyBeh,       6164,          0,          0,          0,       3480,       4197,      200,     5300,    38000,    61000,    96020,   187000,
       ProductReturn,      15870,          0,          0,          0,       9624,      11099,      200,     5400,    39000,    61000,    92000,   194000,

  6101s: (74%)   IR =  10239 .[6102.855s][info][gc,start       ] GC(1703) Pause Young (Allocation Failure)
[6102.960s][info][gc,heap        ] GC(1703) PSYoungGen: 2546240K(2599424K)->147732K(2594304K) Eden: 2402816K(2402816K)->0K(2403840K) From: 143424K(196608K)->147732K(190464K)
[6102.960s][info][gc,heap        ] GC(1703) ParOldGen: 5094369K(5094400K)->5184809K(5185024K)
[6102.960s][info][gc,metaspace   ] GC(1703) Metaspace: 29149K(29504K)->29149K(29504K) NonClass: 24257K(24384K)->24257K(24384K) Class: 4891K(5120K)->4891K(5120K)
[6102.960s][info][gc             ] GC(1703) Pause Young (Allocation Failure) 7461M->5207M(7597M) 105.177ms
[6102.960s][info][gc,cpu         ] GC(1703) User=0.59s Sys=0.03s Real=0.10s
..[6104.736s][info][gc,start       ] GC(1704) Pause Young (Allocation Failure)
[6104.836s][info][gc,heap        ] GC(1704) PSYoungGen: 2551572K(2594304K)->143488K(2597376K) Eden: 2403840K(2403840K)->0K(2403840K) From: 147732K(190464K)->143488K(193536K)
[6104.836s][info][gc,heap        ] GC(1704) ParOldGen: 5184809K(5185024K)->5273177K(5273600K)
[6104.836s][info][gc,metaspace   ] GC(1704) Metaspace: 29149K(29504K)->29149K(29504K) NonClass: 24257K(24384K)->24257K(24384K) Class: 4891K(5120K)->4891K(5120K)
[6104.836s][info][gc             ] GC(1704) Pause Young (Allocation Failure) 7555M->5289M(7686M) 100.562ms
[6104.836s][info][gc,cpu         ] GC(1704) User=0.56s Sys=0.03s Real=0.10s
..[6106.742s][info][gc,start       ] GC(1705) Pause Young (Allocation Failure)
[6106.843s][info][gc,heap        ] GC(1705) PSYoungGen: 2547328K(2597376K)->142112K(2598912K) Eden: 2403840K(2403840K)->0K(2410496K) From: 143488K(193536K)->142112K(188416K)
[6106.843s][info][gc,heap        ] GC(1705) ParOldGen: 5273177K(5273600K)->5366249K(5366272K)
[6106.843s][info][gc,metaspace   ] GC(1705) Metaspace: 29149K(29504K)->29149K(29504K) NonClass: 24257K(24384K)->24257K(24384K) Class: 4891K(5120K)->4891K(5120K)
[6106.843s][info][gc             ] GC(1705) Pause Young (Allocation Failure) 7637M->5379M(7778M) 101.274ms
[6106.843s][info][gc,cpu         ] GC(1705) User=0.56s Sys=0.03s Real=0.11s
..[6108.580s][info][gc,start       ] GC(1706) Pause Young (Allocation Failure)
[6108.688s][info][gc,heap        ] GC(1706) PSYoungGen: 2552608K(2598912K)->155225K(2601472K) Eden: 2410496K(2410496K)->0K(2410496K) From: 142112K(188416K)->155225K(190976K)
[6108.688s][info][gc,heap        ] GC(1706) ParOldGen: 5366249K(5366272K)->5454801K(5454848K)
[6108.688s][info][gc,metaspace   ] GC(1706) Metaspace: 29149K(29504K)->29149K(29504K) NonClass: 24257K(24384K)->24257K(24384K) Class: 4891K(5120K)->4891K(5120K)
[6108.688s][info][gc             ] GC(1706) Pause Young (Allocation Failure) 7733M->5478M(7867M) 108.415ms
[6108.688s][info][gc,cpu         ] GC(1706) User=0.61s Sys=0.03s Real=0.11s
..|[6110.477s][info][gc,start       ] GC(1707) Pause Young (Allocation Failure)
[6110.577s][info][gc,heap        ] GC(1707) PSYoungGen: 2565721K(2601472K)->138688K(2604544K) Eden: 2410496K(2410496K)->0K(2417152K) From: 155225K(190976K)->138688K(187392K)
[6110.577s][info][gc,heap        ] GC(1707) ParOldGen: 5454801K(5454848K)->5547145K(5547520K)
[6110.577s][info][gc,metaspace   ] GC(1707) Metaspace: 29149K(29504K)->29149K(29504K) NonClass: 24257K(24384K)->24257K(24384K) Class: 4891K(5120K)->4891K(5120K)
[6110.577s][info][gc             ] GC(1707) Pause Young (Allocation Failure) 7832M->5552M(7961M) 100.225ms
[6110.577s][info][gc,cpu         ] GC(1707) User=0.56s Sys=0.02s Real=0.10s
.[6112.305s][info][gc,start       ] GC(1708) Pause Full (Allocation Failure)
[6112.305s][info][gc,phases,start] GC(1708) Marking Phase
[6112.596s][info][gc,phases      ] GC(1708) Marking Phase 291.532ms
[6112.596s][info][gc,phases,start] GC(1708) Summary Phase
[6112.596s][info][gc,phases      ] GC(1708) Summary Phase 0.096ms
[6112.596s][info][gc,phases,start] GC(1708) Forward
[6112.726s][info][gc,phases      ] GC(1708) Forward 129.676ms
[6112.726s][info][gc,phases,start] GC(1708) Adjust Pointers
[6112.929s][info][gc,phases      ] GC(1708) Adjust Pointers 203.490ms
[6112.929s][info][gc,phases,start] GC(1708) Compaction Phase
[6113.054s][info][gc,phases      ] GC(1708) Compaction Phase 124.692ms
[6113.056s][info][gc,phases,start] GC(1708) Post Compact
[6113.063s][info][gc,phases      ] GC(1708) Post Compact 6.822ms
[6113.191s][info][gc,heap        ] GC(1708) PSYoungGen: 2555840K(2604544K)->0K(2604032K) Eden: 2417152K(2417152K)->0K(2417152K) From: 138688K(187392K)->0K(186880K)
[6113.191s][info][gc,heap        ] GC(1708) ParOldGen: 5547145K(5547520K)->1424186K(1710592K)
[6113.191s][info][gc,metaspace   ] GC(1708) Metaspace: 29149K(29504K)->29149K(29504K) NonClass: 24257K(24384K)->24257K(24384K) Class: 4891K(5120K)->4891K(5120K)
[6113.191s][info][gc             ] GC(1708) Pause Full (Allocation Failure) 7913M->1390M(4213M) 886.144ms
[6113.191s][info][gc,cpu         ] GC(1708) User=4.01s Sys=0.13s Real=0.88s
..[6114.601s][info][gc,start       ] GC(1709) Pause Young (Allocation Failure)
[6114.666s][info][gc,heap        ] GC(1709) PSYoungGen: 2417152K(2604032K)->144496K(2605568K) Eden: 2417152K(2417152K)->0K(2422272K) From: 0K(186880K)->144496K(183296K)
[6114.666s][info][gc,heap        ] GC(1709) ParOldGen: 1424186K(1710592K)->1424186K(1710592K)
[6114.666s][info][gc,metaspace   ] GC(1709) Metaspace: 29149K(29504K)->29149K(29504K) NonClass: 24257K(24384K)->24257K(24384K) Class: 4891K(5120K)->4891K(5120K)
[6114.666s][info][gc             ] GC(1709) Pause Young (Allocation Failure) 3751M->1531M(4215M) 64.928ms
[6114.666s][info][gc,cpu         ] GC(1709) User=0.37s Sys=0.00s Real=0.07s
.[6116.241s][info][gc,start       ] GC(1710) Pause Young (Allocation Failure)
[6116.333s][info][gc,heap        ] GC(1710) PSYoungGen: 2566768K(2605568K)->136096K(2607104K) Eden: 2422272K(2422272K)->0K(2422272K) From: 144496K(183296K)->136096K(184832K)
[6116.333s][info][gc,heap        ] GC(1710) ParOldGen: 1424186K(1710592K)->1520010K(1710592K)
[6116.333s][info][gc,metaspace   ] GC(1710) Metaspace: 29149K(29504K)->29149K(29504K) NonClass: 24257K(24384K)->24257K(24384K) Class: 4891K(5120K)->4891K(5120K)
[6116.333s][info][gc             ] GC(1710) Pause Young (Allocation Failure) 3897M->1617M(4216M) 92.118ms
[6116.333s][info][gc,cpu         ] GC(1710) User=0.55s Sys=0.00s Real=0.10s
..[6118.339s][info][gc,start       ] GC(1711) Pause Young (Allocation Failure)
[6118.432s][info][gc,heap        ] GC(1711) PSYoungGen: 2558368K(2607104K)->139200K(2607616K) Eden: 2422272K(2422272K)->0K(2426880K) From: 136096K(184832K)->139200K(180736K)
[6118.432s][info][gc,heap        ] GC(1711) ParOldGen: 1520010K(1710592K)->1610922K(1710592K)
[6118.432s][info][gc,metaspace   ] GC(1711) Metaspace: 29149K(29504K)->29149K(29504K) NonClass: 24257K(24384K)->24257K(24384K) Class: 4891K(5120K)->4891K(5120K)
[6118.432s][info][gc             ] GC(1711) Pause Young (Allocation Failure) 3982M->1709M(4217M) 92.819ms
[6118.432s][info][gc,cpu         ] GC(1711) User=0.55s Sys=0.00s Real=0.09s
..[6120.279s][info][gc,start       ] GC(1712) Pause Young (Allocation Failure)
[6120.368s][info][gc,heap        ] GC(1712) PSYoungGen: 2566080K(2607616K)->134432K(2609664K) Eden: 2426880K(2426880K)->0K(2426880K) From: 139200K(180736K)->134432K(182784K)
[6120.368s][info][gc,heap        ] GC(1712) ParOldGen: 1610922K(1710592K)->1702874K(1710592K)
[6120.368s][info][gc,metaspace   ] GC(1712) Metaspace: 29149K(29504K)->29149K(29504K) NonClass: 24257K(24384K)->24257K(24384K) Class: 4891K(5120K)->4891K(5120K)
[6120.368s][info][gc             ] GC(1712) Pause Young (Allocation Failure) 4079M->1794M(4219M) 89.263ms
[6120.368s][info][gc,cpu         ] GC(1712) User=0.53s Sys=0.00s Real=0.09s
..[6122.271s][info][gc,start       ] GC(1713) Pause Young (Allocation Failure)
[6122.365s][info][gc,heap        ] GC(1713) PSYoungGen: 2561312K(2609664K)->136224K(2609152K) Eden: 2426880K(2426880K)->0K(2431488K) From: 134432K(182784K)->136224K(177664K)
[6122.365s][info][gc,heap        ] GC(1713) ParOldGen: 1702874K(1710592K)->1792146K(1792512K)
[6122.365s][info][gc,metaspace   ] GC(1713) Metaspace: 29149K(29504K)->29149K(29504K) NonClass: 24257K(24384K)->24257K(24384K) Class: 4891K(5120K)->4891K(5120K)
[6122.365s][info][gc             ] GC(1713) Pause Young (Allocation Failure) 4164M->1883M(4298M) 93.902ms
[6122.365s][info][gc,cpu         ] GC(1713) User=0.52s Sys=0.03s Real=0.10s
..[6124.192s][info][gc,start       ] GC(1714) Pause Young (Allocation Failure)
[6124.292s][info][gc,heap        ] GC(1714) PSYoungGen: 2567712K(2609152K)->145760K(2611712K) Eden: 2431488K(2431488K)->0K(2431488K) From: 136224K(177664K)->145760K(180224K)
[6124.292s][info][gc,heap        ] GC(1714) ParOldGen: 1792146K(1792512K)->1881802K(1882112K)
[6124.292s][info][gc,metaspace   ] GC(1714) Metaspace: 29149K(29504K)->29149K(29504K) NonClass: 24257K(24384K)->24257K(24384K) Class: 4891K(5120K)->4891K(5120K)
[6124.292s][info][gc             ] GC(1714) Pause Young (Allocation Failure) 4257M->1980M(4388M) 99.835ms
[6124.292s][info][gc,cpu         ] GC(1714) User=0.56s Sys=0.04s Real=0.10s
..[6126.142s][info][gc,start       ] GC(1715) Pause Young (Allocation Failure)
[6126.247s][info][gc,heap        ] GC(1715) PSYoungGen: 2577248K(2611712K)->152409K(2614272K) Eden: 2431488K(2431488K)->0K(2438656K) From: 145760K(180224K)->152409K(175616K)
[6126.247s][info][gc,heap        ] GC(1715) ParOldGen: 1881802K(1882112K)->1973154K(1973248K)
[6126.247s][info][gc,metaspace   ] GC(1715) Metaspace: 29149K(29504K)->29149K(29504K) NonClass: 24257K(24384K)->24257K(24384K) Class: 4891K(5120K)->4891K(5120K)
[6126.247s][info][gc             ] GC(1715) Pause Young (Allocation Failure) 4354M->2075M(4480M) 104.751ms
[6126.247s][info][gc,cpu         ] GC(1715) User=0.58s Sys=0.03s Real=0.11s
..[6128.085s][info][gc,start       ] GC(1716) Pause Young (Allocation Failure)
[6128.187s][info][gc,heap        ] GC(1716) PSYoungGen: 2591065K(2614272K)->152000K(2614784K) Eden: 2438656K(2438656K)->0K(2438656K) From: 152409K(175616K)->152000K(176128K)
[6128.187s][info][gc,heap        ] GC(1716) ParOldGen: 1973154K(1973248K)->2064650K(2064896K)
[6128.187s][info][gc,metaspace   ] GC(1716) Metaspace: 29149K(29504K)->29149K(29504K) NonClass: 24257K(24384K)->24257K(24384K) Class: 4891K(5120K)->4891K(5120K)
[6128.187s][info][gc             ] GC(1716) Pause Young (Allocation Failure) 4457M->2164M(4570M) 101.584ms
[6128.187s][info][gc,cpu         ] GC(1716) User=0.57s Sys=0.03s Real=0.10s
..[6130.013s][info][gc,start       ] GC(1717) Pause Young (Allocation Failure)
[6130.113s][info][gc,heap        ] GC(1717) PSYoungGen: 2590656K(2614784K)->148704K(2616320K) Eden: 2438656K(2438656K)->0K(2444800K) From: 152000K(176128K)->148704K(171520K)
[6130.113s][info][gc,heap        ] GC(1717) ParOldGen: 2064650K(2064896K)->2156450K(2156544K)
[6130.113s][info][gc,metaspace   ] GC(1717) Metaspace: 29149K(29504K)->29149K(29504K) NonClass: 24257K(24384K)->24257K(24384K) Class: 4891K(5120K)->4891K(5120K)
[6130.113s][info][gc             ] GC(1717) Pause Young (Allocation Failure) 4546M->2251M(4661M) 99.936ms
[6130.113s][info][gc,cpu         ] GC(1717) User=0.56s Sys=0.04s Real=0.10s
..[6131.989s][info][gc,start       ] GC(1718) Pause Young (Allocation Failure)
[6132.092s][info][gc,heap        ] GC(1718) PSYoungGen: 2593504K(2616320K)->150368K(2617856K) Eden: 2444800K(2444800K)->0K(2444800K) From: 148704K(171520K)->150368K(173056K)
[6132.092s][info][gc,heap        ] GC(1718) ParOldGen: 2156450K(2156544K)->2247850K(2248192K)
[6132.092s][info][gc,metaspace   ] GC(1718) Metaspace: 29149K(29504K)->29149K(29504K) NonClass: 24257K(24384K)->24257K(24384K) Class: 4891K(5120K)->4891K(5120K)
[6132.092s][info][gc             ] GC(1718) Pause Young (Allocation Failure) 4638M->2342M(4752M) 102.565ms
[6132.092s][info][gc,cpu         ] GC(1718) User=0.58s Sys=0.02s Real=0.10s
..[6133.900s][info][gc,start       ] GC(1719) Pause Young (Allocation Failure)
[6134.001s][info][gc,heap        ] GC(1719) PSYoungGen: 2595168K(2617856K)->149280K(2618880K) Eden: 2444800K(2444800K)->0K(2451456K) From: 150368K(173056K)->149280K(167424K)
[6134.001s][info][gc,heap        ] GC(1719) ParOldGen: 2247850K(2248192K)->2338586K(2338816K)
[6134.001s][info][gc,metaspace   ] GC(1719) Metaspace: 29149K(29504K)->29149K(29504K) NonClass: 24257K(24384K)->24257K(24384K) Class: 4891K(5120K)->4891K(5120K)
[6134.001s][info][gc             ] GC(1719) Pause Young (Allocation Failure) 4729M->2429M(4841M) 101.360ms
[6134.002s][info][gc,cpu         ] GC(1719) User=0.58s Sys=0.03s Real=0.10s
..[6135.978s][info][gc,start       ] GC(1720) Pause Young (Allocation Failure)
[6136.079s][info][gc,heap        ] GC(1720) PSYoungGen: 2600736K(2618880K)->148928K(2620928K) Eden: 2451456K(2451456K)->0K(2451456K) From: 149280K(167424K)->148928K(169472K)
[6136.079s][info][gc,heap        ] GC(1720) ParOldGen: 2338586K(2338816K)->2430874K(2430976K)
[6136.079s][info][gc,metaspace   ] GC(1720) Metaspace: 29149K(29504K)->29149K(29504K) NonClass: 24257K(24384K)->24257K(24384K) Class: 4891K(5120K)->4891K(5120K)
[6136.079s][info][gc             ] GC(1720) Pause Young (Allocation Failure) 4823M->2519M(4933M) 101.533ms
[6136.079s][info][gc,cpu         ] GC(1720) User=0.58s Sys=0.03s Real=0.10s
..[6137.994s][info][gc,start       ] GC(1721) Pause Young (Allocation Failure)
[6138.098s][info][gc,heap        ] GC(1721) PSYoungGen: 2600384K(2620928K)->152592K(2625024K) Eden: 2451456K(2451456K)->0K(2458624K) From: 148928K(169472K)->152592K(166400K)
[6138.098s][info][gc,heap        ] GC(1721) ParOldGen: 2430874K(2430976K)->2522746K(2523136K)
[6138.098s][info][gc,metaspace   ] GC(1721) Metaspace: 29149K(29504K)->29149K(29504K) NonClass: 24257K(24384K)->24257K(24384K) Class: 4891K(5120K)->4891K(5120K)
[6138.098s][info][gc             ] GC(1721) Pause Young (Allocation Failure) 4913M->2612M(5027M) 103.769ms
[6138.098s][info][gc,cpu         ] GC(1721) User=0.59s Sys=0.02s Real=0.10s
..[6139.855s][info][gc,start       ] GC(1722) Pause Young (Allocation Failure)
[6139.953s][info][gc,heap        ] GC(1722) PSYoungGen: 2611216K(2625024K)->141088K(2626048K) Eden: 2458624K(2458624K)->0K(2458624K) From: 152592K(166400K)->141088K(167424K)
[6139.953s][info][gc,heap        ] GC(1722) ParOldGen: 2522746K(2523136K)->2615530K(2615808K)
[6139.953s][info][gc,metaspace   ] GC(1722) Metaspace: 29149K(29504K)->29149K(29504K) NonClass: 24257K(24384K)->24257K(24384K) Class: 4891K(5120K)->4891K(5120K)
[6139.953s][info][gc             ] GC(1722) Pause Young (Allocation Failure) 5013M->2692M(5119M) 97.654ms
[6139.953s][info][gc,cpu         ] GC(1722) User=0.56s Sys=0.02s Real=0.09s
..[6141.862s][info][gc,start       ] GC(1723) Pause Young (Allocation Failure)
[6141.961s][info][gc,heap        ] GC(1723) PSYoungGen: 2599712K(2626048K)->148576K(2625024K) Eden: 2458624K(2458624K)->0K(2461696K) From: 141088K(167424K)->148576K(163328K)
[6141.961s][info][gc,heap        ] GC(1723) ParOldGen: 2615530K(2615808K)->2703834K(2703872K)
[6141.961s][info][gc,metaspace   ] GC(1723) Metaspace: 29149K(29504K)->29149K(29504K) NonClass: 24257K(24384K)->24257K(24384K) Class: 4891K(5120K)->4891K(5120K)
[6141.961s][info][gc             ] GC(1723) Pause Young (Allocation Failure) 5093M->2785M(5204M) 98.924ms
[6141.961s][info][gc,cpu         ] GC(1723) User=0.56s Sys=0.03s Real=0.10s
..[6143.865s][info][gc,start       ] GC(1724) Pause Young (Allocation Failure)
[6143.964s][info][gc,heap        ] GC(1724) PSYoungGen: 2610272K(2625024K)->139872K(2627072K) Eden: 2461696K(2461696K)->0K(2461696K) From: 148576K(163328K)->139872K(165376K)
[6143.964s][info][gc,heap        ] GC(1724) ParOldGen: 2703834K(2703872K)->2799746K(2800128K)
[6143.964s][info][gc,metaspace   ] GC(1724) Metaspace: 29149K(29504K)->29149K(29504K) NonClass: 24257K(24384K)->24257K(24384K) Class: 4891K(5120K)->4891K(5120K)
[6143.964s][info][gc             ] GC(1724) Pause Young (Allocation Failure) 5189M->2870M(5300M) 99.096ms
[6143.964s][info][gc,cpu         ] GC(1724) User=0.54s Sys=0.05s Real=0.10s
..[6145.870s][info][gc,start       ] GC(1725) Pause Young (Allocation Failure)
[6145.971s][info][gc,heap        ] GC(1725) PSYoungGen: 2601568K(2627072K)->146800K(2627072K) Eden: 2461696K(2461696K)->0K(2465792K) From: 139872K(165376K)->146800K(161280K)
[6145.971s][info][gc,heap        ] GC(1725) ParOldGen: 2799746K(2800128K)->2889778K(2890240K)
[6145.971s][info][gc,metaspace   ] GC(1725) Metaspace: 29149K(29504K)->29149K(29504K) NonClass: 24257K(24384K)->24257K(24384K) Class: 4891K(5120K)->4891K(5120K)
[6145.971s][info][gc             ] GC(1725) Pause Young (Allocation Failure) 5274M->2965M(5388M) 100.849ms
[6145.971s][info][gc,cpu         ] GC(1725) User=0.57s Sys=0.03s Real=0.10s
..[6147.900s][info][gc,start       ] GC(1726) Pause Young (Allocation Failure)
[6148.005s][info][gc,heap        ] GC(1726) PSYoungGen: 2612592K(2627072K)->155860K(2629120K) Eden: 2465792K(2465792K)->0K(2465792K) From: 146800K(161280K)->155860K(163328K)
[6148.005s][info][gc,heap        ] GC(1726) ParOldGen: 2889778K(2890240K)->2981786K(2981888K)
[6148.005s][info][gc,metaspace   ] GC(1726) Metaspace: 29149K(29504K)->29149K(29504K) NonClass: 24257K(24384K)->24257K(24384K) Class: 4891K(5120K)->4891K(5120K)
[6148.005s][info][gc             ] GC(1726) Pause Young (Allocation Failure) 5373M->3064M(5479M) 105.449ms
[6148.005s][info][gc,cpu         ] GC(1726) User=0.60s Sys=0.02s Real=0.11s
..[6149.834s][info][gc,start       ] GC(1727) Pause Young (Allocation Failure)
[6149.934s][info][gc,heap        ] GC(1727) PSYoungGen: 2621652K(2629120K)->146144K(2631168K) Eden: 2465792K(2465792K)->0K(2467840K) From: 155860K(163328K)->146144K(163328K)
[6149.934s][info][gc,heap        ] GC(1727) ParOldGen: 2981786K(2981888K)->3072730K(3073024K)
[6149.934s][info][gc,metaspace   ] GC(1727) Metaspace: 29149K(29504K)->29149K(29504K) NonClass: 24257K(24384K)->24257K(24384K) Class: 4891K(5120K)->4891K(5120K)
[6149.934s][info][gc             ] GC(1727) Pause Young (Allocation Failure) 5472M->3143M(5570M) 100.094ms
[6149.934s][info][gc,cpu         ] GC(1727) User=0.56s Sys=0.03s Real=0.10s
..[6151.684s][info][gc,start       ] GC(1728) Pause Young (Allocation Failure)
[6151.789s][info][gc,heap        ] GC(1728) PSYoungGen: 2613984K(2631168K)->151525K(2631168K) Eden: 2467840K(2467840K)->0K(2467840K) From: 146144K(163328K)->151525K(163328K)
[6151.789s][info][gc,heap        ] GC(1728) ParOldGen: 3072730K(3073024K)->3164498K(3164672K)
[6151.789s][info][gc,metaspace   ] GC(1728) Metaspace: 29149K(29504K)->29149K(29504K) NonClass: 24257K(24384K)->24257K(24384K) Class: 4891K(5120K)->4891K(5120K)
[6151.789s][info][gc             ] GC(1728) Pause Young (Allocation Failure) 5553M->3238M(5660M) 104.845ms
[6151.789s][info][gc,cpu         ] GC(1728) User=0.58s Sys=0.04s Real=0.10s
.[6153.617s][info][gc,start       ] GC(1729) Pause Young (Allocation Failure)
[6153.717s][info][gc,heap        ] GC(1729) PSYoungGen: 2619365K(2631168K)->142080K(2631680K) Eden: 2467840K(2467840K)->0K(2469376K) From: 151525K(163328K)->142080K(162304K)
[6153.717s][info][gc,heap        ] GC(1729) ParOldGen: 3164498K(3164672K)->3256282K(3256320K)
[6153.717s][info][gc,metaspace   ] GC(1729) Metaspace: 29149K(29504K)->29149K(29504K) NonClass: 24257K(24384K)->24257K(24384K) Class: 4891K(5120K)->4891K(5120K)
[6153.717s][info][gc             ] GC(1729) Pause Young (Allocation Failure) 5648M->3318M(5750M) 99.493ms
[6153.717s][info][gc,cpu         ] GC(1729) User=0.57s Sys=0.02s Real=0.10s
..[6155.626s][info][gc,start       ] GC(1730) Pause Young (Allocation Failure)
[6155.725s][info][gc,heap        ] GC(1730) PSYoungGen: 2611456K(2631680K)->142784K(2632192K) Eden: 2469376K(2469376K)->0K(2469376K) From: 142080K(162304K)->142784K(162816K)
[6155.725s][info][gc,heap        ] GC(1730) ParOldGen: 3256282K(3256320K)->3348106K(3348480K)
[6155.725s][info][gc,metaspace   ] GC(1730) Metaspace: 29149K(29504K)->29149K(29504K) NonClass: 24257K(24384K)->24257K(24384K) Class: 4891K(5120K)->4891K(5120K)
[6155.725s][info][gc             ] GC(1730) Pause Young (Allocation Failure) 5730M->3409M(5840M) 99.272ms
[6155.725s][info][gc,cpu         ] GC(1730) User=0.56s Sys=0.03s Real=0.10s
..[6157.578s][info][gc,start       ] GC(1731) Pause Young (Allocation Failure)
[6157.680s][info][gc,heap        ] GC(1731) PSYoungGen: 2612160K(2632192K)->146245K(2630144K) Eden: 2469376K(2469376K)->0K(2470912K) From: 142784K(162816K)->146245K(159232K)
[6157.680s][info][gc,heap        ] GC(1731) ParOldGen: 3348106K(3348480K)->3441170K(3441664K)
[6157.680s][info][gc,metaspace   ] GC(1731) Metaspace: 29149K(29504K)->29149K(29504K) NonClass: 24257K(24384K)->24257K(24384K) Class: 4891K(5120K)->4891K(5120K)
[6157.680s][info][gc             ] GC(1731) Pause Young (Allocation Failure) 5820M->3503M(5929M) 101.478ms
[6157.680s][info][gc,cpu         ] GC(1731) User=0.57s Sys=0.03s Real=0.10s
..[6159.556s][info][gc,start       ] GC(1732) Pause Young (Allocation Failure)
[6159.654s][info][gc,heap        ] GC(1732) PSYoungGen: 2617157K(2630144K)->142208K(2631680K) Eden: 2470912K(2470912K)->0K(2470912K) From: 146245K(159232K)->142208K(160768K)
[6159.654s][info][gc,heap        ] GC(1732) ParOldGen: 3441170K(3441664K)->3530970K(3531264K)
[6159.654s][info][gc,metaspace   ] GC(1732) Metaspace: 29149K(29504K)->29149K(29504K) NonClass: 24257K(24384K)->24257K(24384K) Class: 4891K(5120K)->4891K(5120K)
[6159.654s][info][gc             ] GC(1732) Pause Young (Allocation Failure) 5916M->3587M(6018M) 97.878ms
[6159.654s][info][gc,cpu         ] GC(1732) User=0.55s Sys=0.03s Real=0.10s
..[6161.528s][info][gc,start       ] GC(1733) Pause Young (Allocation Failure)
[6161.626s][info][gc,heap        ] GC(1733) PSYoungGen: 2613120K(2631680K)->140512K(2633728K) Eden: 2470912K(2470912K)->0K(2475008K) From: 142208K(160768K)->140512K(158720K)
[6161.626s][info][gc,heap        ] GC(1733) ParOldGen: 3530970K(3531264K)->3623138K(3623424K)
[6161.626s][info][gc,metaspace   ] GC(1733) Metaspace: 29149K(29504K)->29149K(29504K) NonClass: 24257K(24384K)->24257K(24384K) Class: 4891K(5120K)->4891K(5120K)
[6161.627s][info][gc             ] GC(1733) Pause Young (Allocation Failure) 6000M->3675M(6110M) 98.758ms
[6161.627s][info][gc,cpu         ] GC(1733) User=0.56s Sys=0.03s Real=0.10s
..[6163.566s][info][gc,start       ] GC(1734) Pause Young (Allocation Failure)
[6163.668s][info][gc,heap        ] GC(1734) PSYoungGen: 2615520K(2633728K)->147824K(2634752K) Eden: 2475008K(2475008K)->0K(2475008K) From: 140512K(158720K)->147824K(159744K)
[6163.668s][info][gc,heap        ] GC(1734) ParOldGen: 3623138K(3623424K)->3715474K(3715584K)
[6163.668s][info][gc,metaspace   ] GC(1734) Metaspace: 29149K(29504K)->29149K(29504K) NonClass: 24257K(24384K)->24257K(24384K) Class: 4891K(5120K)->4891K(5120K)
[6163.668s][info][gc             ] GC(1734) Pause Young (Allocation Failure) 6092M->3772M(6201M) 101.660ms
[6163.668s][info][gc,cpu         ] GC(1734) User=0.57s Sys=0.03s Real=0.10s
..[6165.508s][info][gc,start       ] GC(1735) Pause Young (Allocation Failure)
[6165.607s][info][gc,heap        ] GC(1735) PSYoungGen: 2622832K(2634752K)->141504K(2634752K) Eden: 2475008K(2475008K)->0K(2477056K) From: 147824K(159744K)->141504K(157696K)
[6165.607s][info][gc,heap        ] GC(1735) ParOldGen: 3715474K(3715584K)->3809226K(3809280K)
[6165.607s][info][gc,metaspace   ] GC(1735) Metaspace: 29149K(29504K)->29149K(29504K) NonClass: 24257K(24384K)->24257K(24384K) Class: 4891K(5120K)->4891K(5120K)
[6165.607s][info][gc             ] GC(1735) Pause Young (Allocation Failure) 6189M->3858M(6293M) 99.464ms
[6165.607s][info][gc,cpu         ] GC(1735) User=0.56s Sys=0.02s Real=0.10s
..[6167.506s][info][gc,start       ] GC(1736) Pause Young (Allocation Failure)
[6167.609s][info][gc,heap        ] GC(1736) PSYoungGen: 2618560K(2634752K)->150875K(2635776K) Eden: 2477056K(2477056K)->0K(2477056K) From: 141504K(157696K)->150875K(158720K)
[6167.609s][info][gc,heap        ] GC(1736) ParOldGen: 3809226K(3809280K)->3898786K(3898880K)
[6167.609s][info][gc,metaspace   ] GC(1736) Metaspace: 29149K(29504K)->29149K(29504K) NonClass: 24257K(24384K)->24257K(24384K) Class: 4891K(5120K)->4891K(5120K)
[6167.609s][info][gc             ] GC(1736) Pause Young (Allocation Failure) 6277M->3954M(6381M) 102.744ms
[6167.609s][info][gc,cpu         ] GC(1736) User=0.59s Sys=0.02s Real=0.10s
..[6169.537s][info][gc,start       ] GC(1737) Pause Young (Allocation Failure)
[6169.638s][info][gc,heap        ] GC(1737) PSYoungGen: 2627931K(2635776K)->143636K(2636800K) Eden: 2477056K(2477056K)->0K(2478080K) From: 150875K(158720K)->143636K(158720K)
[6169.638s][info][gc,heap        ] GC(1737) ParOldGen: 3898786K(3898880K)->3992346K(3992576K)
[6169.638s][info][gc,metaspace   ] GC(1737) Metaspace: 29149K(29504K)->29149K(29504K) NonClass: 24257K(24384K)->24257K(24384K) Class: 4891K(5120K)->4891K(5120K)
[6169.638s][info][gc             ] GC(1737) Pause Young (Allocation Failure) 6373M->4039M(6474M) 101.030ms
[6169.638s][info][gc,cpu         ] GC(1737) User=0.58s Sys=0.02s Real=0.10s
.. (rIR:aIR:PR = 10239:10158:10159) (tPR = 150119) [OK] 
  6170s: Performance info:
         Transaction,    Success,    Partial,     Failed,   Receipts, AvgBarcode, 
             Overall,     614457,          0,          0,     583569,      59.48, 
         Response times:
             Request,    Success,    Partial,     Failed,   SkipFail,     Probes,    Samples,      min,      p50,      p90,      p95,      p99,      max, 
       TotalPurchase,     583602,          0,          0,          0,     351496,     418030,      300,     6500,    63000,   110000,   277000,  1200000,
     InStorePurchase,     308030,          0,          0,          0,     185791,     220536,      300,     6500,    63000,   109000,   275000,  1200000,
      OnlinePurchase,     213388,          0,          0,          0,     128774,     153234,      300,     6600,    64000,   110000,   277000,  1100000,
        InstPurchase,      62184,          0,          0,          0,      36931,      44260,      400,     6300,    61000,   110000,   278000,  1100000,
          AssocOfCat,        625,          0,          0,          0,        513,        680,    18800,    42000,    99900,   152950,   370090,  1100000,
      AssocOfProduct,       6248,          0,          0,          0,       3511,       4371,      500,     7000,    56000,    92000,   258000,   539000,
      BusinessReport,       1542,          0,          0,          0,       1326,       1713,    27000,    53000,   131000,   173300,   324980,   980000,
          CustBuyBeh,       6151,          0,          0,          0,       3453,       4269,      300,     7500,    68000,    99000,   258300,   507000,
       ProductReturn,      16289,          0,          0,          0,       9734,      11855,      100,     5000,    56000,   111000,   285000,  1200000,

  6170s: (75%)   IR =  10378 [6171.619s][info][gc,start       ] GC(1738) Pause Young (Allocation Failure)
[6171.718s][info][gc,heap        ] GC(1738) PSYoungGen: 2621716K(2636800K)->138848K(2636800K) Eden: 2478080K(2478080K)->0K(2478080K) From: 143636K(158720K)->138848K(158720K)
[6171.718s][info][gc,heap        ] GC(1738) ParOldGen: 3992346K(3992576K)->4084186K(4084224K)
[6171.718s][info][gc,metaspace   ] GC(1738) Metaspace: 29149K(29504K)->29149K(29504K) NonClass: 24257K(24384K)->24257K(24384K) Class: 4891K(5120K)->4891K(5120K)
[6171.718s][info][gc             ] GC(1738) Pause Young (Allocation Failure) 6459M->4124M(6563M) 99.450ms
[6171.718s][info][gc,cpu         ] GC(1738) User=0.56s Sys=0.02s Real=0.10s
..[6173.626s][info][gc,start       ] GC(1739) Pause Young (Allocation Failure)
[6173.731s][info][gc,heap        ] GC(1739) PSYoungGen: 2616928K(2636800K)->151769K(2635264K) Eden: 2478080K(2478080K)->0K(2476544K) From: 138848K(158720K)->151769K(158720K)
[6173.731s][info][gc,heap        ] GC(1739) ParOldGen: 4084186K(4084224K)->4174090K(4174336K)
[6173.731s][info][gc,metaspace   ] GC(1739) Metaspace: 29149K(29504K)->29149K(29504K) NonClass: 24257K(24384K)->24257K(24384K) Class: 4891K(5120K)->4891K(5120K)
[6173.731s][info][gc             ] GC(1739) Pause Young (Allocation Failure) 6544M->4224M(6650M) 105.417ms
[6173.731s][info][gc,cpu         ] GC(1739) User=0.60s Sys=0.02s Real=0.10s
..[6175.596s][info][gc,start       ] GC(1740) Pause Young (Allocation Failure)
[6175.697s][info][gc,heap        ] GC(1740) PSYoungGen: 2628313K(2635264K)->141024K(2636288K) Eden: 2476544K(2476544K)->0K(2476544K) From: 151769K(158720K)->141024K(159744K)
[6175.697s][info][gc,heap        ] GC(1740) ParOldGen: 4174090K(4174336K)->4267042K(4267520K)
[6175.697s][info][gc,metaspace   ] GC(1740) Metaspace: 29149K(29504K)->29149K(29504K) NonClass: 24257K(24384K)->24257K(24384K) Class: 4891K(5120K)->4891K(5120K)
[6175.697s][info][gc             ] GC(1740) Pause Young (Allocation Failure) 6642M->4304M(6742M) 100.926ms
[6175.697s][info][gc,cpu         ] GC(1740) User=0.56s Sys=0.03s Real=0.10s
..|[6177.496s][info][gc,start       ] GC(1741) Pause Young (Allocation Failure)
[6177.594s][info][gc,heap        ] GC(1741) PSYoungGen: 2617568K(2636288K)->137216K(2635776K) Eden: 2476544K(2476544K)->0K(2477056K) From: 141024K(159744K)->137216K(158720K)
[6177.594s][info][gc,heap        ] GC(1741) ParOldGen: 4267042K(4267520K)->4360234K(4360704K)
[6177.594s][info][gc,metaspace   ] GC(1741) Metaspace: 29149K(29504K)->29149K(29504K) NonClass: 24257K(24384K)->24257K(24384K) Class: 4891K(5120K)->4891K(5120K)
[6177.594s][info][gc             ] GC(1741) Pause Young (Allocation Failure) 6723M->4392M(6832M) 98.045ms
[6177.595s][info][gc,cpu         ] GC(1741) User=0.54s Sys=0.03s Real=0.10s
..[6179.524s][info][gc,start       ] GC(1742) Pause Young (Allocation Failure)
[6179.630s][info][gc,heap        ] GC(1742) PSYoungGen: 2614272K(2635776K)->153712K(2631168K) Eden: 2477056K(2477056K)->0K(2477056K) From: 137216K(158720K)->153712K(154112K)
[6179.630s][info][gc,heap        ] GC(1742) ParOldGen: 4360234K(4360704K)->4449562K(4449792K)
[6179.630s][info][gc,metaspace   ] GC(1742) Metaspace: 29149K(29504K)->29149K(29504K) NonClass: 24257K(24384K)->24257K(24384K) Class: 4891K(5120K)->4891K(5120K)
[6179.630s][info][gc             ] GC(1742) Pause Young (Allocation Failure) 6811M->4495M(6915M) 105.695ms
[6179.630s][info][gc,cpu         ] GC(1742) User=0.60s Sys=0.03s Real=0.10s
..[6181.502s][info][gc,start       ] GC(1743) Pause Young (Allocation Failure)
[6181.605s][info][gc,heap        ] GC(1743) PSYoungGen: 2630768K(2631168K)->145376K(2636288K) Eden: 2477056K(2477056K)->0K(2475008K) From: 153712K(154112K)->145376K(161280K)
[6181.605s][info][gc,heap        ] GC(1743) ParOldGen: 4449562K(4449792K)->4543914K(4544000K)
[6181.605s][info][gc,metaspace   ] GC(1743) Metaspace: 29149K(29504K)->29149K(29504K) NonClass: 24257K(24384K)->24257K(24384K) Class: 4891K(5120K)->4891K(5120K)
[6181.605s][info][gc             ] GC(1743) Pause Young (Allocation Failure) 6914M->4579M(7012M) 103.895ms
[6181.605s][info][gc,cpu         ] GC(1743) User=0.58s Sys=0.03s Real=0.11s
..[6183.493s][info][gc,start       ] GC(1744) Pause Young (Allocation Failure)
[6183.595s][info][gc,heap        ] GC(1744) PSYoungGen: 2620384K(2636288K)->144736K(2619904K) Eden: 2475008K(2475008K)->0K(2475008K) From: 145376K(161280K)->144736K(144896K)
[6183.595s][info][gc,heap        ] GC(1744) ParOldGen: 4543914K(4544000K)->4636578K(4636672K)
[6183.595s][info][gc,metaspace   ] GC(1744) Metaspace: 29149K(29504K)->29149K(29504K) NonClass: 24257K(24384K)->24257K(24384K) Class: 4891K(5120K)->4891K(5120K)
[6183.595s][info][gc             ] GC(1744) Pause Young (Allocation Failure) 6996M->4669M(7086M) 101.110ms
[6183.595s][info][gc,cpu         ] GC(1744) User=0.57s Sys=0.02s Real=0.10s
..[6185.434s][info][gc,start       ] GC(1745) Pause Young (Allocation Failure)
[6185.536s][info][gc,heap        ] GC(1745) PSYoungGen: 2619744K(2619904K)->146132K(2634240K) Eden: 2475008K(2475008K)->0K(2476032K) From: 144736K(144896K)->146132K(158208K)
[6185.536s][info][gc,heap        ] GC(1745) ParOldGen: 4636578K(4636672K)->4727962K(4728320K)
[6185.536s][info][gc,metaspace   ] GC(1745) Metaspace: 29149K(29504K)->29149K(29504K) NonClass: 24257K(24384K)->24257K(24384K) Class: 4891K(5120K)->4891K(5120K)
[6185.536s][info][gc             ] GC(1745) Pause Young (Allocation Failure) 7086M->4759M(7190M) 102.154ms
[6185.536s][info][gc,cpu         ] GC(1745) User=0.58s Sys=0.03s Real=0.10s
..[6187.342s][info][gc,start       ] GC(1746) Pause Young (Allocation Failure)
[6187.442s][info][gc,heap        ] GC(1746) PSYoungGen: 2622164K(2634240K)->140320K(2633216K) Eden: 2476032K(2476032K)->0K(2476032K) From: 146132K(158208K)->140320K(157184K)
[6187.442s][info][gc,heap        ] GC(1746) ParOldGen: 4727962K(4728320K)->4820050K(4820480K)
[6187.442s][info][gc,metaspace   ] GC(1746) Metaspace: 29149K(29504K)->29149K(29504K) NonClass: 24257K(24384K)->24257K(24384K) Class: 4891K(5120K)->4891K(5120K)
[6187.442s][info][gc             ] GC(1746) Pause Young (Allocation Failure) 7177M->4844M(7279M) 99.313ms
[6187.442s][info][gc,cpu         ] GC(1746) User=0.56s Sys=0.03s Real=0.10s
..[6189.234s][info][gc,start       ] GC(1747) Pause Young (Allocation Failure)
[6189.334s][info][gc,heap        ] GC(1747) PSYoungGen: 2616352K(2633216K)->140848K(2638336K) Eden: 2476032K(2476032K)->0K(2481152K) From: 140320K(157184K)->140848K(157184K)
[6189.334s][info][gc,heap        ] GC(1747) ParOldGen: 4820050K(4820480K)->4910722K(4911104K)
[6189.334s][info][gc,metaspace   ] GC(1747) Metaspace: 29149K(29504K)->29149K(29504K) NonClass: 24257K(24384K)->24257K(24384K) Class: 4891K(5120K)->4891K(5120K)
[6189.334s][info][gc             ] GC(1747) Pause Young (Allocation Failure) 7262M->4933M(7372M) 99.926ms
[6189.334s][info][gc,cpu         ] GC(1747) User=0.55s Sys=0.03s Real=0.10s
..[6191.231s][info][gc,start       ] GC(1748) Pause Young (Allocation Failure)
[6191.328s][info][gc,heap        ] GC(1748) PSYoungGen: 2622000K(2638336K)->136288K(2637824K) Eden: 2481152K(2481152K)->0K(2481152K) From: 140848K(157184K)->136288K(156672K)
[6191.328s][info][gc,heap        ] GC(1748) ParOldGen: 4910722K(4911104K)->5002018K(5002240K)
[6191.328s][info][gc,metaspace   ] GC(1748) Metaspace: 29149K(29504K)->29149K(29504K) NonClass: 24257K(24384K)->24257K(24384K) Class: 4891K(5120K)->4891K(5120K)
[6191.328s][info][gc             ] GC(1748) Pause Young (Allocation Failure) 7356M->5017M(7461M) 97.691ms
[6191.328s][info][gc,cpu         ] GC(1748) User=0.54s Sys=0.03s Real=0.10s
..[6193.185s][info][gc,start       ] GC(1749) Pause Young (Allocation Failure)
[6193.291s][info][gc,heap        ] GC(1749) PSYoungGen: 2617440K(2637824K)->156422K(2632192K) Eden: 2481152K(2481152K)->0K(2475520K) From: 136288K(156672K)->156422K(156672K)
[6193.291s][info][gc,heap        ] GC(1749) ParOldGen: 5002018K(5002240K)->5091634K(5091840K)
[6193.291s][info][gc,metaspace   ] GC(1749) Metaspace: 29149K(29504K)->29149K(29504K) NonClass: 24257K(24384K)->24257K(24384K) Class: 4891K(5120K)->4891K(5120K)
[6193.291s][info][gc             ] GC(1749) Pause Young (Allocation Failure) 7440M->5125M(7543M) 106.319ms
[6193.291s][info][gc,cpu         ] GC(1749) User=0.58s Sys=0.05s Real=0.10s
..[6195.053s][info][gc,start       ] GC(1750) Pause Young (Allocation Failure)
[6195.161s][info][gc,heap        ] GC(1750) PSYoungGen: 2631942K(2632192K)->156506K(2632192K) Eden: 2475520K(2475520K)->0K(2475520K) From: 156422K(156672K)->156506K(156672K)
[6195.161s][info][gc,heap        ] GC(1750) ParOldGen: 5091634K(5091840K)->5186162K(5186560K)
[6195.161s][info][gc,metaspace   ] GC(1750) Metaspace: 29149K(29504K)->29149K(29504K) NonClass: 24257K(24384K)->24257K(24384K) Class: 4891K(5120K)->4891K(5120K)
[6195.161s][info][gc             ] GC(1750) Pause Young (Allocation Failure) 7542M->5217M(7635M) 107.611ms
[6195.161s][info][gc,cpu         ] GC(1750) User=0.61s Sys=0.03s Real=0.11s
..[6197.098s][info][gc,start       ] GC(1751) Pause Young (Allocation Failure)
[6197.205s][info][gc,heap        ] GC(1751) PSYoungGen: 2632026K(2632192K)->154324K(2630144K) Eden: 2475520K(2475520K)->0K(2467328K) From: 156506K(156672K)->154324K(162816K)
[6197.205s][info][gc,heap        ] GC(1751) ParOldGen: 5186162K(5186560K)->5277826K(5278208K)
[6197.205s][info][gc,metaspace   ] GC(1751) Metaspace: 29149K(29504K)->29149K(29504K) NonClass: 24257K(24384K)->24257K(24384K) Class: 4891K(5120K)->4891K(5120K)
[6197.205s][info][gc             ] GC(1751) Pause Young (Allocation Failure) 7634M->5304M(7723M) 106.522ms
[6197.205s][info][gc,cpu         ] GC(1751) User=0.60s Sys=0.03s Real=0.11s
..[6199.004s][info][gc,start       ] GC(1752) Pause Young (Allocation Failure)
[6199.106s][info][gc,heap        ] GC(1752) PSYoungGen: 2621652K(2630144K)->146336K(2631680K) Eden: 2467328K(2467328K)->0K(2467328K) From: 154324K(162816K)->146336K(164352K)
[6199.106s][info][gc,heap        ] GC(1752) ParOldGen: 5277826K(5278208K)->5369474K(5369856K)
[6199.106s][info][gc,metaspace   ] GC(1752) Metaspace: 29149K(29504K)->29149K(29504K) NonClass: 24257K(24384K)->24257K(24384K) Class: 4891K(5120K)->4891K(5120K)
[6199.106s][info][gc             ] GC(1752) Pause Young (Allocation Failure) 7714M->5386M(7814M) 101.796ms
[6199.106s][info][gc,cpu         ] GC(1752) User=0.57s Sys=0.03s Real=0.10s
..[6201.030s][info][gc,start       ] GC(1753) Pause Young (Allocation Failure)
[6201.138s][info][gc,heap        ] GC(1753) PSYoungGen: 2613664K(2631680K)->152181K(2631168K) Eden: 2467328K(2467328K)->0K(2468352K) From: 146336K(164352K)->152181K(162816K)
[6201.138s][info][gc,heap        ] GC(1753) ParOldGen: 5369474K(5369856K)->5462178K(5462528K)
[6201.138s][info][gc,metaspace   ] GC(1753) Metaspace: 29149K(29504K)->29149K(29504K) NonClass: 24257K(24384K)->24257K(24384K) Class: 4891K(5120K)->4891K(5120K)
[6201.138s][info][gc             ] GC(1753) Pause Young (Allocation Failure) 7796M->5482M(7904M) 107.978ms
[6201.138s][info][gc,cpu         ] GC(1753) User=0.59s Sys=0.04s Real=0.11s
.[6202.912s][info][gc,start       ] GC(1754) Pause Young (Allocation Failure)
[6203.018s][info][gc,heap        ] GC(1754) PSYoungGen: 2620533K(2631168K)->150194K(2631680K) Eden: 2468352K(2468352K)->0K(2468352K) From: 152181K(162816K)->150194K(163328K)
[6203.018s][info][gc,heap        ] GC(1754) ParOldGen: 5462178K(5462528K)->5553634K(5553664K)
[6203.018s][info][gc,metaspace   ] GC(1754) Metaspace: 29149K(29504K)->29149K(29504K) NonClass: 24257K(24384K)->24257K(24384K) Class: 4891K(5120K)->4891K(5120K)
[6203.018s][info][gc             ] GC(1754) Pause Young (Allocation Failure) 7893M->5570M(7993M) 106.018ms
[6203.019s][info][gc,cpu         ] GC(1754) User=0.59s Sys=0.03s Real=0.11s
..[6204.795s][info][gc,start       ] GC(1755) Pause Full (Allocation Failure)
[6204.795s][info][gc,phases,start] GC(1755) Marking Phase
[6205.090s][info][gc,phases      ] GC(1755) Marking Phase 294.400ms
[6205.090s][info][gc,phases,start] GC(1755) Summary Phase
[6205.090s][info][gc,phases      ] GC(1755) Summary Phase 0.097ms
[6205.090s][info][gc,phases,start] GC(1755) Forward
[6205.227s][info][gc,phases      ] GC(1755) Forward 136.703ms
[6205.227s][info][gc,phases,start] GC(1755) Adjust Pointers
[6205.430s][info][gc,phases      ] GC(1755) Adjust Pointers 203.151ms
[6205.430s][info][gc,phases,start] GC(1755) Compaction Phase
[6205.557s][info][gc,phases      ] GC(1755) Compaction Phase 127.237ms
[6205.558s][info][gc,phases,start] GC(1755) Post Compact
[6205.565s][info][gc,phases      ] GC(1755) Post Compact 6.881ms
[6205.701s][info][gc,heap        ] GC(1755) PSYoungGen: 2618546K(2631680K)->0K(2632704K) Eden: 2468352K(2468352K)->0K(2469888K) From: 150194K(163328K)->0K(162816K)
[6205.701s][info][gc,heap        ] GC(1755) ParOldGen: 5553634K(5553664K)->1434716K(1722368K)
[6205.701s][info][gc,metaspace   ] GC(1755) Metaspace: 29149K(29504K)->29149K(29504K) NonClass: 24257K(24384K)->24257K(24384K) Class: 4891K(5120K)->4891K(5120K)
[6205.701s][info][gc             ] GC(1755) Pause Full (Allocation Failure) 7980M->1401M(4253M) 905.991ms
[6205.701s][info][gc,cpu         ] GC(1755) User=4.07s Sys=0.13s Real=0.90s
..[6207.085s][info][gc,start       ] GC(1756) Pause Young (Allocation Failure)
[6207.158s][info][gc,heap        ] GC(1756) PSYoungGen: 2469888K(2632704K)->160480K(2630656K) Eden: 2469888K(2469888K)->0K(2469888K) From: 0K(162816K)->160480K(160768K)
[6207.158s][info][gc,heap        ] GC(1756) ParOldGen: 1434716K(1722368K)->1434716K(1722368K)
[6207.158s][info][gc,metaspace   ] GC(1756) Metaspace: 29149K(29504K)->29149K(29504K) NonClass: 24257K(24384K)->24257K(24384K) Class: 4891K(5120K)->4891K(5120K)
[6207.158s][info][gc             ] GC(1756) Pause Young (Allocation Failure) 3813M->1557M(4251M) 73.130ms
[6207.158s][info][gc,cpu         ] GC(1756) User=0.42s Sys=0.00s Real=0.07s
.[6208.787s][info][gc,start       ] GC(1757) Pause Young (Allocation Failure)
[6208.882s][info][gc,heap        ] GC(1757) PSYoungGen: 2630368K(2630656K)->142080K(2630656K) Eden: 2469888K(2469888K)->0K(2465280K) From: 160480K(160768K)->142080K(165376K)
[6208.882s][info][gc,heap        ] GC(1757) ParOldGen: 1434716K(1722368K)->1530932K(1722368K)
[6208.882s][info][gc,metaspace   ] GC(1757) Metaspace: 29149K(29504K)->29149K(29504K) NonClass: 24257K(24384K)->24257K(24384K) Class: 4891K(5120K)->4891K(5120K)
[6208.882s][info][gc             ] GC(1757) Pause Young (Allocation Failure) 3969M->1633M(4251M) 94.737ms
[6208.882s][info][gc,cpu         ] GC(1757) User=0.56s Sys=0.00s Real=0.09s
..[6210.662s][info][gc,start       ] GC(1758) Pause Young (Allocation Failure)
[6210.758s][info][gc,heap        ] GC(1758) PSYoungGen: 2607360K(2630656K)->147376K(2612736K) Eden: 2465280K(2465280K)->0K(2465280K) From: 142080K(165376K)->147376K(147456K)
[6210.758s][info][gc,heap        ] GC(1758) ParOldGen: 1530932K(1722368K)->1621564K(1722368K)
[6210.758s][info][gc,metaspace   ] GC(1758) Metaspace: 29149K(29504K)->29149K(29504K) NonClass: 24257K(24384K)->24257K(24384K) Class: 4891K(5120K)->4891K(5120K)
[6210.758s][info][gc             ] GC(1758) Pause Young (Allocation Failure) 4041M->1727M(4233M) 95.380ms
[6210.758s][info][gc,cpu         ] GC(1758) User=0.56s Sys=0.00s Real=0.10s
..[6212.479s][info][gc,start       ] GC(1759) Pause Young (Allocation Failure)
[6212.573s][info][gc,heap        ] GC(1759) PSYoungGen: 2612656K(2612736K)->144224K(2630144K) Eden: 2465280K(2465280K)->0K(2466304K) From: 147376K(147456K)->144224K(163840K)
[6212.573s][info][gc,heap        ] GC(1759) ParOldGen: 1621564K(1722368K)->1712428K(1722368K)
[6212.573s][info][gc,metaspace   ] GC(1759) Metaspace: 29149K(29504K)->29149K(29504K) NonClass: 24257K(24384K)->24257K(24384K) Class: 4891K(5120K)->4891K(5120K)
[6212.573s][info][gc             ] GC(1759) Pause Young (Allocation Failure) 4134M->1813M(4250M) 94.071ms
[6212.573s][info][gc,cpu         ] GC(1759) User=0.56s Sys=0.00s Real=0.09s
..[6214.433s][info][gc,start       ] GC(1760) Pause Young (Allocation Failure)
[6214.528s][info][gc,heap        ] GC(1760) PSYoungGen: 2610528K(2630144K)->138176K(2629120K) Eden: 2466304K(2466304K)->0K(2466304K) From: 144224K(163840K)->138176K(162816K)
[6214.528s][info][gc,heap        ] GC(1760) ParOldGen: 1712428K(1722368K)->1804780K(1804800K)
[6214.528s][info][gc,metaspace   ] GC(1760) Metaspace: 29149K(29504K)->29149K(29504K) NonClass: 24257K(24384K)->24257K(24384K) Class: 4891K(5120K)->4891K(5120K)
[6214.528s][info][gc             ] GC(1760) Pause Young (Allocation Failure) 4221M->1897M(4330M) 95.009ms
[6214.528s][info][gc,cpu         ] GC(1760) User=0.52s Sys=0.03s Real=0.09s
..[6216.315s][info][gc,start       ] GC(1761) Pause Young (Allocation Failure)
[6216.413s][info][gc,heap        ] GC(1761) PSYoungGen: 2604480K(2629120K)->142208K(2631680K) Eden: 2466304K(2466304K)->0K(2469888K) From: 138176K(162816K)->142208K(161792K)
[6216.413s][info][gc,heap        ] GC(1761) ParOldGen: 1804780K(1804800K)->1895876K(1895936K)
[6216.413s][info][gc,metaspace   ] GC(1761) Metaspace: 29149K(29504K)->29149K(29504K) NonClass: 24257K(24384K)->24257K(24384K) Class: 4891K(5120K)->4891K(5120K)
[6216.413s][info][gc             ] GC(1761) Pause Young (Allocation Failure) 4305M->1990M(4421M) 97.584ms
[6216.413s][info][gc,cpu         ] GC(1761) User=0.55s Sys=0.03s Real=0.09s
..[6218.200s][info][gc,start       ] GC(1762) Pause Young (Allocation Failure)
[6218.307s][info][gc,heap        ] GC(1762) PSYoungGen: 2612096K(2631680K)->158874K(2629120K) Eden: 2469888K(2469888K)->0K(2469888K) From: 142208K(161792K)->158874K(159232K)
[6218.307s][info][gc,heap        ] GC(1762) ParOldGen: 1895876K(1895936K)->1988276K(1988608K)
[6218.307s][info][gc,metaspace   ] GC(1762) Metaspace: 29149K(29504K)->29149K(29504K) NonClass: 24257K(24384K)->24257K(24384K) Class: 4891K(5120K)->4891K(5120K)
[6218.307s][info][gc             ] GC(1762) Pause Young (Allocation Failure) 4402M->2096M(4509M) 106.532ms
[6218.307s][info][gc,cpu         ] GC(1762) User=0.59s Sys=0.03s Real=0.11s
..[6220.185s][info][gc,start       ] GC(1763) Pause Young (Allocation Failure)
[6220.289s][info][gc,heap        ] GC(1763) PSYoungGen: 2628762K(2629120K)->157716K(2626560K) Eden: 2469888K(2469888K)->0K(2461184K) From: 158874K(159232K)->157716K(165376K)
[6220.289s][info][gc,heap        ] GC(1763) ParOldGen: 1988276K(1988608K)->2078804K(2079232K)
[6220.289s][info][gc,metaspace   ] GC(1763) Metaspace: 29149K(29504K)->29149K(29504K) NonClass: 24257K(24384K)->24257K(24384K) Class: 4891K(5120K)->4891K(5120K)
[6220.289s][info][gc             ] GC(1763) Pause Young (Allocation Failure) 4508M->2184M(4595M) 103.915ms
[6220.289s][info][gc,cpu         ] GC(1763) User=0.59s Sys=0.02s Real=0.10s
..[6222.038s][info][gc,start       ] GC(1764) Pause Young (Allocation Failure)
[6222.140s][info][gc,heap        ] GC(1764) PSYoungGen: 2618900K(2626560K)->147232K(2628608K) Eden: 2461184K(2461184K)->0K(2461184K) From: 157716K(165376K)->147232K(167424K)
[6222.140s][info][gc,heap        ] GC(1764) ParOldGen: 2078804K(2079232K)->2172404K(2172416K)
[6222.140s][info][gc,metaspace   ] GC(1764) Metaspace: 29149K(29504K)->29149K(29504K) NonClass: 24257K(24384K)->24257K(24384K) Class: 4891K(5120K)->4891K(5120K)
[6222.140s][info][gc             ] GC(1764) Pause Young (Allocation Failure) 4587M->2265M(4688M) 101.155ms
[6222.140s][info][gc,cpu         ] GC(1764) User=0.57s Sys=0.02s Real=0.10s
.[6223.915s][info][gc,start       ] GC(1765) Pause Young (Allocation Failure)
[6224.016s][info][gc,heap        ] GC(1765) PSYoungGen: 2608416K(2628608K)->147824K(2625024K) Eden: 2461184K(2461184K)->0K(2462720K) From: 147232K(167424K)->147824K(162304K)
[6224.016s][info][gc,heap        ] GC(1765) ParOldGen: 2172404K(2172416K)->2264004K(2264064K)
[6224.016s][info][gc,metaspace   ] GC(1765) Metaspace: 29149K(29504K)->29149K(29504K) NonClass: 24257K(24384K)->24257K(24384K) Class: 4891K(5120K)->4891K(5120K)
[6224.016s][info][gc             ] GC(1765) Pause Young (Allocation Failure) 4668M->2355M(4774M) 101.071ms
[6224.016s][info][gc,cpu         ] GC(1765) User=0.57s Sys=0.03s Real=0.10s
..[6225.857s][info][gc,start       ] GC(1766) Pause Young (Allocation Failure)
[6225.959s][info][gc,heap        ] GC(1766) PSYoungGen: 2610544K(2625024K)->147669K(2627072K) Eden: 2462720K(2462720K)->0K(2462720K) From: 147824K(162304K)->147669K(164352K)
[6225.959s][info][gc,heap        ] GC(1766) ParOldGen: 2264004K(2264064K)->2356372K(2356736K)
[6225.959s][info][gc,metaspace   ] GC(1766) Metaspace: 29149K(29504K)->29149K(29504K) NonClass: 24257K(24384K)->24257K(24384K) Class: 4891K(5120K)->4891K(5120K)
[6225.959s][info][gc             ] GC(1766) Pause Young (Allocation Failure) 4760M->2445M(4867M) 101.947ms
[6225.959s][info][gc,cpu         ] GC(1766) User=0.57s Sys=0.02s Real=0.10s
..[6227.772s][info][gc,start       ] GC(1767) Pause Young (Allocation Failure)
[6227.874s][info][gc,heap        ] GC(1767) PSYoungGen: 2610389K(2627072K)->149280K(2629120K) Eden: 2462720K(2462720K)->0K(2468864K) From: 147669K(164352K)->149280K(160256K)
[6227.874s][info][gc,heap        ] GC(1767) ParOldGen: 2356372K(2356736K)->2448324K(2448384K)
[6227.874s][info][gc,metaspace   ] GC(1767) Metaspace: 29149K(29504K)->29149K(29504K) NonClass: 24257K(24384K)->24257K(24384K) Class: 4891K(5120K)->4891K(5120K)
[6227.874s][info][gc             ] GC(1767) Pause Young (Allocation Failure) 4850M->2536M(4958M) 101.791ms
[6227.874s][info][gc,cpu         ] GC(1767) User=0.56s Sys=0.04s Real=0.11s
..[6229.762s][info][gc,start       ] GC(1768) Pause Young (Allocation Failure)
[6229.863s][info][gc,heap        ] GC(1768) PSYoungGen: 2618144K(2629120K)->152083K(2630656K) Eden: 2468864K(2468864K)->0K(2468864K) From: 149280K(160256K)->152083K(161792K)
[6229.863s][info][gc,heap        ] GC(1768) ParOldGen: 2448324K(2448384K)->2538892K(2539008K)
[6229.863s][info][gc,metaspace   ] GC(1768) Metaspace: 29149K(29504K)->29149K(29504K) NonClass: 24257K(24384K)->24257K(24384K) Class: 4891K(5120K)->4891K(5120K)
[6229.863s][info][gc             ] GC(1768) Pause Young (Allocation Failure) 4947M->2627M(5048M) 101.522ms
[6229.863s][info][gc,cpu         ] GC(1768) User=0.57s Sys=0.03s Real=0.11s
..[6231.792s][info][gc,start       ] GC(1769) Pause Young (Allocation Failure)
[6231.891s][info][gc,heap        ] GC(1769) PSYoungGen: 2620947K(2630656K)->145568K(2632192K) Eden: 2468864K(2468864K)->0K(2472448K) From: 152083K(161792K)->145568K(159744K)
[6231.891s][info][gc,heap        ] GC(1769) ParOldGen: 2538892K(2539008K)->2630156K(2630656K)
[6231.891s][info][gc,metaspace   ] GC(1769) Metaspace: 29149K(29504K)->29149K(29504K) NonClass: 24257K(24384K)->24257K(24384K) Class: 4891K(5120K)->4891K(5120K)
[6231.891s][info][gc             ] GC(1769) Pause Young (Allocation Failure) 5038M->2710M(5139M) 98.338ms
[6231.891s][info][gc,cpu         ] GC(1769) User=0.54s Sys=0.04s Real=0.10s
..[6233.662s][info][gc,start       ] GC(1770) Pause Young (Allocation Failure)
[6233.760s][info][gc,heap        ] GC(1770) PSYoungGen: 2618016K(2632192K)->139296K(2633216K) Eden: 2472448K(2472448K)->0K(2472448K) From: 145568K(159744K)->139296K(160768K)
[6233.760s][info][gc,heap        ] GC(1770) ParOldGen: 2630156K(2630656K)->2724692K(2724864K)
[6233.760s][info][gc,metaspace   ] GC(1770) Metaspace: 29149K(29504K)->29149K(29504K) NonClass: 24257K(24384K)->24257K(24384K) Class: 4891K(5120K)->4891K(5120K)
[6233.760s][info][gc             ] GC(1770) Pause Young (Allocation Failure) 5125M->2796M(5232M) 98.281ms
[6233.760s][info][gc,cpu         ] GC(1770) User=0.56s Sys=0.03s Real=0.10s
..[6235.684s][info][gc,start       ] GC(1771) Pause Young (Allocation Failure)
[6235.785s][info][gc,heap        ] GC(1771) PSYoungGen: 2611744K(2633216K)->146560K(2633728K) Eden: 2472448K(2472448K)->0K(2473984K) From: 139296K(160768K)->146560K(159744K)
[6235.785s][info][gc,heap        ] GC(1771) ParOldGen: 2724692K(2724864K)->2815884K(2816000K)
[6235.785s][info][gc,metaspace   ] GC(1771) Metaspace: 29149K(29504K)->29149K(29504K) NonClass: 24257K(24384K)->24257K(24384K) Class: 4891K(5120K)->4891K(5120K)
[6235.785s][info][gc             ] GC(1771) Pause Young (Allocation Failure) 5211M->2893M(5322M) 100.946ms
[6235.785s][info][gc,cpu         ] GC(1771) User=0.57s Sys=0.03s Real=0.10s
.. (rIR:aIR:PR = 10378:10392:10392) (tPR = 154926) [OK] 
  6237s: Performance info:
         Transaction,    Success,    Partial,     Failed,   Receipts, AvgBarcode, 
             Overall,     626603,          0,          0,     595117,      59.48, 
         Response times:
             Request,    Success,    Partial,     Failed,   SkipFail,     Probes,    Samples,      min,      p50,      p90,      p95,      p99,      max, 
       TotalPurchase,     595119,          0,          0,          0,     350785,     398959,      200,     6800,    67000,   105000,   880000,   940000,
     InStorePurchase,     311986,          0,          0,          0,     184394,     209718,      200,     6700,    66000,   105000,   880000,   940000,
      OnlinePurchase,     220486,          0,          0,          0,     128927,     146365,      300,     6800,    67000,   106000,   860000,   940000,
        InstPurchase,      62647,          0,          0,          0,      37464,      42876,      400,     6900,    66000,   104000,   900000,   940000,
          AssocOfCat,        625,          0,          0,          0,        487,        635,    21000,    43000,   104000,   143000,   187000,   213000,
      AssocOfProduct,       6204,          0,          0,          0,       3571,       4210,      800,     7600,    70000,   111000,   870000,   940000,
      BusinessReport,       1572,          0,          0,          0,       1368,       1729,    28000,    58000,   145000,   180500,   860000,  1200000,
          CustBuyBeh,       6288,          0,          0,          0,       3540,       4232,      200,     6400,    68000,   107000,   836800,   930000,
       ProductReturn,      16796,          0,          0,          0,       9824,      11517,      200,     6100,    64000,   104000,   840000,   880000,

  6237s: (76%)   IR =  10516 [6237.691s][info][gc,start       ] GC(1772) Pause Young (Allocation Failure)
[6237.791s][info][gc,heap        ] GC(1772) PSYoungGen: 2620544K(2633728K)->140465K(2634240K) Eden: 2473984K(2473984K)->0K(2473984K) From: 146560K(159744K)->140465K(160256K)
[6237.791s][info][gc,heap        ] GC(1772) ParOldGen: 2815884K(2816000K)->2910132K(2910208K)
[6237.791s][info][gc,metaspace   ] GC(1772) Metaspace: 29149K(29504K)->29149K(29504K) NonClass: 24257K(24384K)->24257K(24384K) Class: 4891K(5120K)->4891K(5120K)
[6237.791s][info][gc             ] GC(1772) Pause Young (Allocation Failure) 5309M->2979M(5414M) 99.944ms
[6237.791s][info][gc,cpu         ] GC(1772) User=0.56s Sys=0.02s Real=0.10s
..[6239.699s][info][gc,start       ] GC(1773) Pause Young (Allocation Failure)
[6239.804s][info][gc,heap        ] GC(1773) PSYoungGen: 2614449K(2634240K)->158201K(2630656K) Eden: 2473984K(2473984K)->0K(2470400K) From: 140465K(160256K)->158201K(160256K)
[6239.804s][info][gc,heap        ] GC(1773) ParOldGen: 2910132K(2910208K)->2999148K(2999296K)
[6239.805s][info][gc,metaspace   ] GC(1773) Metaspace: 29149K(29504K)->29149K(29504K) NonClass: 24257K(24384K)->24257K(24384K) Class: 4891K(5120K)->4891K(5120K)
[6239.805s][info][gc             ] GC(1773) Pause Young (Allocation Failure) 5395M->3083M(5498M) 105.146ms
[6239.805s][info][gc,cpu         ] GC(1773) User=0.59s Sys=0.03s Real=0.11s
..[6241.653s][info][gc,start       ] GC(1774) Pause Young (Allocation Failure)
[6241.751s][info][gc,heap        ] GC(1774) PSYoungGen: 2628601K(2630656K)->139072K(2633216K) Eden: 2470400K(2470400K)->0K(2470400K) From: 158201K(160256K)->139072K(162816K)
[6241.751s][info][gc,heap        ] GC(1774) ParOldGen: 2999148K(2999296K)->3093620K(3094016K)
[6241.751s][info][gc,metaspace   ] GC(1774) Metaspace: 29149K(29504K)->29149K(29504K) NonClass: 24257K(24384K)->24257K(24384K) Class: 4891K(5120K)->4891K(5120K)
[6241.751s][info][gc             ] GC(1774) Pause Young (Allocation Failure) 5495M->3156M(5593M) 97.935ms
[6241.751s][info][gc,cpu         ] GC(1774) User=0.55s Sys=0.03s Real=0.10s
..[6243.554s][info][gc,start       ] GC(1775) Pause Young (Allocation Failure)
[6243.652s][info][gc,heap        ] GC(1775) PSYoungGen: 2609472K(2633216K)->140754K(2632192K) Eden: 2470400K(2470400K)->0K(2470400K) From: 139072K(162816K)->140754K(161792K)
[6243.652s][info][gc,heap        ] GC(1775) ParOldGen: 3093620K(3094016K)->3183972K(3184128K)
[6243.652s][info][gc,metaspace   ] GC(1775) Metaspace: 29149K(29504K)->29149K(29504K) NonClass: 24257K(24384K)->24257K(24384K) Class: 4891K(5120K)->4891K(5120K)
[6243.652s][info][gc             ] GC(1775) Pause Young (Allocation Failure) 5569M->3246M(5680M) 98.491ms
[6243.652s][info][gc,cpu         ] GC(1775) User=0.56s Sys=0.02s Real=0.09s
..[6245.464s][info][gc,start       ] GC(1776) Pause Young (Allocation Failure)
[6245.566s][info][gc,heap        ] GC(1776) PSYoungGen: 2611154K(2632192K)->151408K(2632704K) Eden: 2470400K(2470400K)->0K(2470400K) From: 140754K(161792K)->151408K(162304K)
[6245.566s][info][gc,heap        ] GC(1776) ParOldGen: 3183972K(3184128K)->3274436K(3274752K)
[6245.566s][info][gc,metaspace   ] GC(1776) Metaspace: 29149K(29504K)->29149K(29504K) NonClass: 24257K(24384K)->24257K(24384K) Class: 4891K(5120K)->4891K(5120K)
[6245.566s][info][gc             ] GC(1776) Pause Young (Allocation Failure) 5659M->3345M(5769M) 102.802ms
[6245.566s][info][gc,cpu         ] GC(1776) User=0.57s Sys=0.04s Real=0.10s
.|.[6247.369s][info][gc,start       ] GC(1777) Pause Young (Allocation Failure)
[6247.469s][info][gc,heap        ] GC(1777) PSYoungGen: 2621808K(2632704K)->141856K(2633216K) Eden: 2470400K(2470400K)->0K(2470912K) From: 151408K(162304K)->141856K(162304K)
[6247.469s][info][gc,heap        ] GC(1777) ParOldGen: 3274436K(3274752K)->3366860K(3366912K)
[6247.469s][info][gc,metaspace   ] GC(1777) Metaspace: 29149K(29504K)->29149K(29504K) NonClass: 24257K(24384K)->24257K(24384K) Class: 4891K(5120K)->4891K(5120K)
[6247.469s][info][gc             ] GC(1777) Pause Young (Allocation Failure) 5758M->3426M(5859M) 99.611ms
[6247.469s][info][gc,cpu         ] GC(1777) User=0.55s Sys=0.03s Real=0.10s
.[6249.260s][info][gc,start       ] GC(1778) Pause Young (Allocation Failure)
[6249.357s][info][gc,heap        ] GC(1778) PSYoungGen: 2612768K(2633216K)->135648K(2633216K) Eden: 2470912K(2470912K)->0K(2470912K) From: 141856K(162304K)->135648K(162304K)
[6249.357s][info][gc,heap        ] GC(1778) ParOldGen: 3366860K(3366912K)->3459164K(3459584K)
[6249.357s][info][gc,metaspace   ] GC(1778) Metaspace: 29149K(29504K)->29149K(29504K) NonClass: 24257K(24384K)->24257K(24384K) Class: 4891K(5120K)->4891K(5120K)
[6249.357s][info][gc             ] GC(1778) Pause Young (Allocation Failure) 5839M->3510M(5950M) 96.338ms
[6249.357s][info][gc,cpu         ] GC(1778) User=0.54s Sys=0.02s Real=0.10s
..[6251.189s][info][gc,start       ] GC(1779) Pause Young (Allocation Failure)
[6251.290s][info][gc,heap        ] GC(1779) PSYoungGen: 2606560K(2633216K)->151968K(2631680K) Eden: 2470912K(2470912K)->0K(2469376K) From: 135648K(162304K)->151968K(162304K)
[6251.290s][info][gc,heap        ] GC(1779) ParOldGen: 3459164K(3459584K)->3549292K(3549696K)
[6251.290s][info][gc,metaspace   ] GC(1779) Metaspace: 29149K(29504K)->29149K(29504K) NonClass: 24257K(24384K)->24257K(24384K) Class: 4891K(5120K)->4891K(5120K)
[6251.290s][info][gc             ] GC(1779) Pause Young (Allocation Failure) 5923M->3614M(6036M) 101.463ms
[6251.290s][info][gc,cpu         ] GC(1779) User=0.58s Sys=0.02s Real=0.10s
..[6253.068s][info][gc,start       ] GC(1780) Pause Young (Allocation Failure)
[6253.171s][info][gc,heap        ] GC(1780) PSYoungGen: 2621344K(2631680K)->145643K(2615296K) Eden: 2469376K(2469376K)->0K(2469376K) From: 151968K(162304K)->145643K(145920K)
[6253.171s][info][gc,heap        ] GC(1780) ParOldGen: 3549292K(3549696K)->3644652K(3644928K)
[6253.171s][info][gc,metaspace   ] GC(1780) Metaspace: 29149K(29504K)->29149K(29504K) NonClass: 24257K(24384K)->24257K(24384K) Class: 4891K(5120K)->4891K(5120K)
[6253.171s][info][gc             ] GC(1780) Pause Young (Allocation Failure) 6026M->3701M(6113M) 103.078ms
[6253.171s][info][gc,cpu         ] GC(1780) User=0.56s Sys=0.04s Real=0.10s
..[6255.110s][info][gc,start       ] GC(1781) Pause Young (Allocation Failure)
[6255.214s][info][gc,heap        ] GC(1781) PSYoungGen: 2615019K(2615296K)->154432K(2629632K) Eden: 2469376K(2469376K)->0K(2468352K) From: 145643K(145920K)->154432K(161280K)
[6255.214s][info][gc,heap        ] GC(1781) ParOldGen: 3644652K(3644928K)->3732396K(3732480K)
[6255.214s][info][gc,metaspace   ] GC(1781) Metaspace: 29149K(29504K)->29149K(29504K) NonClass: 24257K(24384K)->24257K(24384K) Class: 4891K(5120K)->4891K(5120K)
[6255.214s][info][gc             ] GC(1781) Pause Young (Allocation Failure) 6112M->3795M(6213M) 103.871ms
[6255.214s][info][gc,cpu         ] GC(1781) User=0.57s Sys=0.03s Real=0.11s
..[6256.892s][info][gc,start       ] GC(1782) Pause Young (Allocation Failure)
[6256.991s][info][gc,heap        ] GC(1782) PSYoungGen: 2622784K(2629632K)->143712K(2631680K) Eden: 2468352K(2468352K)->0K(2468352K) From: 154432K(161280K)->143712K(163328K)
[6256.991s][info][gc,heap        ] GC(1782) ParOldGen: 3732396K(3732480K)->3825620K(3825664K)
[6256.991s][info][gc,metaspace   ] GC(1782) Metaspace: 29149K(29504K)->29149K(29504K) NonClass: 24257K(24384K)->24257K(24384K) Class: 4891K(5120K)->4891K(5120K)
[6256.991s][info][gc             ] GC(1782) Pause Young (Allocation Failure) 6206M->3876M(6306M) 99.138ms
[6256.991s][info][gc,cpu         ] GC(1782) User=0.56s Sys=0.03s Real=0.10s
..[6258.910s][info][gc,start       ] GC(1783) Pause Young (Allocation Failure)
[6259.016s][info][gc,heap        ] GC(1783) PSYoungGen: 2612064K(2631680K)->156169K(2629120K) Eden: 2468352K(2468352K)->0K(2467328K) From: 143712K(163328K)->156169K(161792K)
[6259.016s][info][gc,heap        ] GC(1783) ParOldGen: 3825620K(3825664K)->3915988K(3916288K)
[6259.016s][info][gc,metaspace   ] GC(1783) Metaspace: 29149K(29504K)->29149K(29504K) NonClass: 24257K(24384K)->24257K(24384K) Class: 4891K(5120K)->4891K(5120K)
[6259.016s][info][gc             ] GC(1783) Pause Young (Allocation Failure) 6286M->3976M(6392M) 106.274ms
[6259.016s][info][gc,cpu         ] GC(1783) User=0.60s Sys=0.03s Real=0.11s
..[6260.847s][info][gc,start       ] GC(1784) Pause Young (Allocation Failure)
[6260.950s][info][gc,heap        ] GC(1784) PSYoungGen: 2623497K(2629120K)->149056K(2631680K) Eden: 2467328K(2467328K)->0K(2467328K) From: 156169K(161792K)->149056K(164352K)
[6260.950s][info][gc,heap        ] GC(1784) ParOldGen: 3915988K(3916288K)->4008236K(4008448K)
[6260.950s][info][gc,metaspace   ] GC(1784) Metaspace: 29149K(29504K)->29149K(29504K) NonClass: 24257K(24384K)->24257K(24384K) Class: 4891K(5120K)->4891K(5120K)
[6260.950s][info][gc             ] GC(1784) Pause Young (Allocation Failure) 6386M->4059M(6484M) 102.971ms
[6260.950s][info][gc,cpu         ] GC(1784) User=0.59s Sys=0.02s Real=0.10s
.[6262.621s][info][gc,start       ] GC(1785) Pause Young (Allocation Failure)
[6262.723s][info][gc,heap        ] GC(1785) PSYoungGen: 2616384K(2631680K)->146899K(2628608K) Eden: 2467328K(2467328K)->0K(2468864K) From: 149056K(164352K)->146899K(159744K)
[6262.723s][info][gc,heap        ] GC(1785) ParOldGen: 4008236K(4008448K)->4100844K(4101120K)
[6262.723s][info][gc,metaspace   ] GC(1785) Metaspace: 29149K(29504K)->29149K(29504K) NonClass: 24257K(24384K)->24257K(24384K) Class: 4891K(5120K)->4891K(5120K)
[6262.723s][info][gc             ] GC(1785) Pause Young (Allocation Failure) 6469M->4148M(6572M) 102.196ms
[6262.723s][info][gc,cpu         ] GC(1785) User=0.57s Sys=0.02s Real=0.10s
..[6264.538s][info][gc,start       ] GC(1786) Pause Young (Allocation Failure)
[6264.639s][info][gc,heap        ] GC(1786) PSYoungGen: 2615763K(2628608K)->145376K(2630656K) Eden: 2468864K(2468864K)->0K(2468864K) From: 146899K(159744K)->145376K(161792K)
[6264.639s][info][gc,heap        ] GC(1786) ParOldGen: 4100844K(4101120K)->4192372K(4192768K)
[6264.639s][info][gc,metaspace   ] GC(1786) Metaspace: 29149K(29504K)->29149K(29504K) NonClass: 24257K(24384K)->24257K(24384K) Class: 4891K(5120K)->4891K(5120K)
[6264.639s][info][gc             ] GC(1786) Pause Young (Allocation Failure) 6559M->4236M(6663M) 101.429ms
[6264.640s][info][gc,cpu         ] GC(1786) User=0.56s Sys=0.03s Real=0.10s
..[6266.510s][info][gc,start       ] GC(1787) Pause Young (Allocation Failure)
[6266.610s][info][gc,heap        ] GC(1787) PSYoungGen: 2614240K(2630656K)->143780K(2631168K) Eden: 2468864K(2468864K)->0K(2473472K) From: 145376K(161792K)->143780K(157696K)
[6266.610s][info][gc,heap        ] GC(1787) ParOldGen: 4192372K(4192768K)->4286044K(4286464K)
[6266.610s][info][gc,metaspace   ] GC(1787) Metaspace: 29149K(29504K)->29149K(29504K) NonClass: 24257K(24384K)->24257K(24384K) Class: 4891K(5120K)->4891K(5120K)
[6266.610s][info][gc             ] GC(1787) Pause Young (Allocation Failure) 6647M->4326M(6755M) 100.554ms
[6266.610s][info][gc,cpu         ] GC(1787) User=0.56s Sys=0.03s Real=0.10s
..[6268.477s][info][gc,start       ] GC(1788) Pause Young (Allocation Failure)
[6268.579s][info][gc,heap        ] GC(1788) PSYoungGen: 2617252K(2631168K)->144789K(2633216K) Eden: 2473471K(2473472K)->0K(2473472K) From: 143780K(157696K)->144789K(159744K)
[6268.579s][info][gc,heap        ] GC(1788) ParOldGen: 4286044K(4286464K)->4378116K(4378624K)
[6268.579s][info][gc,metaspace   ] GC(1788) Metaspace: 29149K(29504K)->29149K(29504K) NonClass: 24257K(24384K)->24257K(24384K) Class: 4891K(5120K)->4891K(5120K)
[6268.579s][info][gc             ] GC(1788) Pause Young (Allocation Failure) 6741M->4416M(6847M) 101.707ms
[6268.579s][info][gc,cpu         ] GC(1788) User=0.56s Sys=0.04s Real=0.10s
..[6270.386s][info][gc,start       ] GC(1789) Pause Young (Allocation Failure)
[6270.484s][info][gc,heap        ] GC(1789) PSYoungGen: 2618261K(2633216K)->139360K(2635776K) Eden: 2473472K(2473472K)->0K(2477056K) From: 144789K(159744K)->139360K(158720K)
[6270.484s][info][gc,heap        ] GC(1789) ParOldGen: 4378116K(4378624K)->4467788K(4468224K)
[6270.484s][info][gc,metaspace   ] GC(1789) Metaspace: 29149K(29504K)->29149K(29504K) NonClass: 24257K(24384K)->24257K(24384K) Class: 4891K(5120K)->4891K(5120K)
[6270.484s][info][gc             ] GC(1789) Pause Young (Allocation Failure) 6832M->4499M(6937M) 97.493ms
[6270.484s][info][gc,cpu         ] GC(1789) User=0.55s Sys=0.02s Real=0.10s
..[6272.268s][info][gc,start       ] GC(1790) Pause Young (Allocation Failure)
[6272.365s][info][gc,heap        ] GC(1790) PSYoungGen: 2616416K(2635776K)->136544K(2636288K) Eden: 2477056K(2477056K)->0K(2477056K) From: 139360K(158720K)->136544K(159232K)
[6272.366s][info][gc,heap        ] GC(1790) ParOldGen: 4467788K(4468224K)->4561332K(4561408K)
[6272.366s][info][gc,metaspace   ] GC(1790) Metaspace: 29149K(29504K)->29149K(29504K) NonClass: 24257K(24384K)->24257K(24384K) Class: 4891K(5120K)->4891K(5120K)
[6272.366s][info][gc             ] GC(1790) Pause Young (Allocation Failure) 6918M->4587M(7029M) 97.740ms
[6272.366s][info][gc,cpu         ] GC(1790) User=0.55s Sys=0.02s Real=0.10s
..[6274.221s][info][gc,start       ] GC(1791) Pause Young (Allocation Failure)
[6274.318s][info][gc,heap        ] GC(1791) PSYoungGen: 2613600K(2636288K)->136992K(2636800K) Eden: 2477056K(2477056K)->0K(2477568K) From: 136544K(159232K)->136992K(159232K)
[6274.318s][info][gc,heap        ] GC(1791) ParOldGen: 4561332K(4561408K)->4650092K(4650496K)
[6274.318s][info][gc,metaspace   ] GC(1791) Metaspace: 29149K(29504K)->29149K(29504K) NonClass: 24257K(24384K)->24257K(24384K) Class: 4891K(5120K)->4891K(5120K)
[6274.318s][info][gc             ] GC(1791) Pause Young (Allocation Failure) 7006M->4674M(7116M) 97.061ms
[6274.318s][info][gc,cpu         ] GC(1791) User=0.55s Sys=0.03s Real=0.10s
..[6276.190s][info][gc,start       ] GC(1792) Pause Young (Allocation Failure)
[6276.298s][info][gc,heap        ] GC(1792) PSYoungGen: 2614560K(2636800K)->157568K(2635264K) Eden: 2477568K(2477568K)->0K(2477568K) From: 136992K(159232K)->157568K(157696K)
[6276.298s][info][gc,heap        ] GC(1792) ParOldGen: 4650092K(4650496K)->4743268K(4743680K)
[6276.298s][info][gc,metaspace   ] GC(1792) Metaspace: 29149K(29504K)->29149K(29504K) NonClass: 24257K(24384K)->24257K(24384K) Class: 4891K(5120K)->4891K(5120K)
[6276.298s][info][gc             ] GC(1792) Pause Young (Allocation Failure) 7094M->4785M(7206M) 108.610ms
[6276.298s][info][gc,cpu         ] GC(1792) User=0.62s Sys=0.02s Real=0.11s
..[6278.136s][info][gc,start       ] GC(1793) Pause Young (Allocation Failure)
[6278.241s][info][gc,heap        ] GC(1793) PSYoungGen: 2635136K(2635264K)->155616K(2627072K) Eden: 2477568K(2477568K)->0K(2466304K) From: 157568K(157696K)->155616K(160768K)
[6278.241s][info][gc,heap        ] GC(1793) ParOldGen: 4743268K(4743680K)->4833964K(4834304K)
[6278.241s][info][gc,metaspace   ] GC(1793) Metaspace: 29149K(29504K)->29149K(29504K) NonClass: 24257K(24384K)->24257K(24384K) Class: 4891K(5120K)->4891K(5120K)
[6278.241s][info][gc             ] GC(1793) Pause Young (Allocation Failure) 7205M->4872M(7286M) 104.883ms
[6278.241s][info][gc,cpu         ] GC(1793) User=0.60s Sys=0.02s Real=0.10s
..[6280.013s][info][gc,start       ] GC(1794) Pause Young (Allocation Failure)
[6280.120s][info][gc,heap        ] GC(1794) PSYoungGen: 2621920K(2627072K)->153476K(2619904K) Eden: 2466304K(2466304K)->0K(2466304K) From: 155616K(160768K)->153476K(153600K)
[6280.120s][info][gc,heap        ] GC(1794) ParOldGen: 4833964K(4834304K)->4928044K(4928512K)
[6280.120s][info][gc,metaspace   ] GC(1794) Metaspace: 29149K(29504K)->29149K(29504K) NonClass: 24257K(24384K)->24257K(24384K) Class: 4891K(5120K)->4891K(5120K)
[6280.120s][info][gc             ] GC(1794) Pause Young (Allocation Failure) 7281M->4962M(7371M) 106.329ms
[6280.120s][info][gc,cpu         ] GC(1794) User=0.60s Sys=0.03s Real=0.10s
..[6281.998s][info][gc,start       ] GC(1795) Pause Young (Allocation Failure)
[6282.102s][info][gc,heap        ] GC(1795) PSYoungGen: 2619780K(2619904K)->150016K(2631168K) Eden: 2466304K(2466304K)->0K(2465792K) From: 153476K(153600K)->150016K(165376K)
[6282.102s][info][gc,heap        ] GC(1795) ParOldGen: 4928044K(4928512K)->5018164K(5018624K)
[6282.102s][info][gc,metaspace   ] GC(1795) Metaspace: 29149K(29504K)->29149K(29504K) NonClass: 24257K(24384K)->24257K(24384K) Class: 4891K(5120K)->4891K(5120K)
[6282.102s][info][gc             ] GC(1795) Pause Young (Allocation Failure) 7370M->5047M(7470M) 104.023ms
[6282.102s][info][gc,cpu         ] GC(1795) User=0.59s Sys=0.02s Real=0.10s
..[6283.926s][info][gc,start       ] GC(1796) Pause Young (Allocation Failure)
[6284.027s][info][gc,heap        ] GC(1796) PSYoungGen: 2615808K(2631168K)->141184K(2607104K) Eden: 2465792K(2465792K)->0K(2465792K) From: 150016K(165376K)->141184K(141312K)
[6284.027s][info][gc,heap        ] GC(1796) ParOldGen: 5018164K(5018624K)->5112036K(5112320K)
[6284.027s][info][gc,metaspace   ] GC(1796) Metaspace: 29149K(29504K)->29149K(29504K) NonClass: 24257K(24384K)->24257K(24384K) Class: 4891K(5120K)->4891K(5120K)
[6284.027s][info][gc             ] GC(1796) Pause Young (Allocation Failure) 7455M->5130M(7538M) 101.191ms
[6284.027s][info][gc,cpu         ] GC(1796) User=0.57s Sys=0.02s Real=0.10s
.[6285.894s][info][gc,start       ] GC(1797) Pause Young (Allocation Failure)
[6285.997s][info][gc,heap        ] GC(1797) PSYoungGen: 2606976K(2607104K)->147648K(2631680K) Eden: 2465792K(2465792K)->0K(2467328K) From: 141184K(141312K)->147648K(164352K)
[6285.997s][info][gc,heap        ] GC(1797) ParOldGen: 5112036K(5112320K)->5202844K(5202944K)
[6285.997s][info][gc,metaspace   ] GC(1797) Metaspace: 29149K(29504K)->29149K(29504K) NonClass: 24257K(24384K)->24257K(24384K) Class: 4891K(5120K)->4891K(5120K)
[6285.997s][info][gc             ] GC(1797) Pause Young (Allocation Failure) 7538M->5225M(7651M) 102.934ms
[6285.997s][info][gc,cpu         ] GC(1797) User=0.59s Sys=0.02s Real=0.10s
..[6287.874s][info][gc,start       ] GC(1798) Pause Young (Allocation Failure)
[6287.979s][info][gc,heap        ] GC(1798) PSYoungGen: 2614976K(2631680K)->151588K(2630144K) Eden: 2467328K(2467328K)->0K(2467328K) From: 147648K(164352K)->151588K(162816K)
[6287.979s][info][gc,heap        ] GC(1798) ParOldGen: 5202844K(5202944K)->5295412K(5295616K)
[6287.979s][info][gc,metaspace   ] GC(1798) Metaspace: 29149K(29504K)->29149K(29504K) NonClass: 24257K(24384K)->24257K(24384K) Class: 4891K(5120K)->4891K(5120K)
[6287.979s][info][gc             ] GC(1798) Pause Young (Allocation Failure) 7634M->5319M(7740M) 105.064ms
[6287.979s][info][gc,cpu         ] GC(1798) User=0.59s Sys=0.02s Real=0.10s
..[6289.831s][info][gc,start       ] GC(1799) Pause Young (Allocation Failure)
[6289.930s][info][gc,heap        ] GC(1799) PSYoungGen: 2618916K(2630144K)->139456K(2631680K) Eden: 2467328K(2467328K)->0K(2468864K) From: 151588K(162816K)->139456K(162816K)
[6289.930s][info][gc,heap        ] GC(1799) ParOldGen: 5295412K(5295616K)->5387548K(5387776K)
[6289.930s][info][gc,metaspace   ] GC(1799) Metaspace: 29149K(29504K)->29149K(29504K) NonClass: 24257K(24384K)->24257K(24384K) Class: 4891K(5120K)->4891K(5120K)
[6289.930s][info][gc             ] GC(1799) Pause Young (Allocation Failure) 7728M->5397M(7831M) 99.698ms
[6289.930s][info][gc,cpu         ] GC(1799) User=0.56s Sys=0.03s Real=0.10s
..[6291.777s][info][gc,start       ] GC(1800) Pause Young (Allocation Failure)
[6291.883s][info][gc,heap        ] GC(1800) PSYoungGen: 2608320K(2631680K)->153555K(2631680K) Eden: 2468864K(2468864K)->0K(2468864K) From: 139456K(162816K)->153555K(162816K)
[6291.883s][info][gc,heap        ] GC(1800) ParOldGen: 5387548K(5387776K)->5477228K(5477376K)
[6291.883s][info][gc,metaspace   ] GC(1800) Metaspace: 29149K(29504K)->29149K(29504K) NonClass: 24257K(24384K)->24257K(24384K) Class: 4891K(5120K)->4891K(5120K)
[6291.883s][info][gc             ] GC(1800) Pause Young (Allocation Failure) 7808M->5498M(7919M) 106.214ms
[6291.883s][info][gc,cpu         ] GC(1800) User=0.59s Sys=0.03s Real=0.11s
..[6293.751s][info][gc,start       ] GC(1801) Pause Young (Allocation Failure)
[6293.858s][info][gc,heap        ] GC(1801) PSYoungGen: 2622419K(2631680K)->149241K(2632192K) Eden: 2468864K(2468864K)->0K(2469376K) From: 153555K(162816K)->149241K(162816K)
[6293.858s][info][gc,heap        ] GC(1801) ParOldGen: 5477228K(5477376K)->5571748K(5572096K)
[6293.858s][info][gc,metaspace   ] GC(1801) Metaspace: 29149K(29504K)->29149K(29504K) NonClass: 24257K(24384K)->24257K(24384K) Class: 4891K(5120K)->4891K(5120K)
[6293.858s][info][gc             ] GC(1801) Pause Young (Allocation Failure) 7909M->5586M(8012M) 107.137ms
[6293.858s][info][gc,cpu         ] GC(1801) User=0.60s Sys=0.03s Real=0.11s
..[6295.604s][info][gc,start       ] GC(1802) Pause Full (Allocation Failure)
[6295.604s][info][gc,phases,start] GC(1802) Marking Phase
[6295.897s][info][gc,phases      ] GC(1802) Marking Phase 292.980ms
[6295.897s][info][gc,phases,start] GC(1802) Summary Phase
[6295.897s][info][gc,phases      ] GC(1802) Summary Phase 0.099ms
[6295.897s][info][gc,phases,start] GC(1802) Forward
[6296.033s][info][gc,phases      ] GC(1802) Forward 136.417ms
[6296.033s][info][gc,phases,start] GC(1802) Adjust Pointers
[6296.233s][info][gc,phases      ] GC(1802) Adjust Pointers 199.412ms
[6296.233s][info][gc,phases,start] GC(1802) Compaction Phase
[6296.361s][info][gc,phases      ] GC(1802) Compaction Phase 127.938ms
[6296.362s][info][gc,phases,start] GC(1802) Post Compact
[6296.369s][info][gc,phases      ] GC(1802) Post Compact 6.930ms
[6296.498s][info][gc,heap        ] GC(1802) PSYoungGen: 2618617K(2632192K)->0K(2632192K) Eden: 2469376K(2469376K)->0K(2469376K) From: 149241K(162816K)->0K(162816K)
[6296.498s][info][gc,heap        ] GC(1802) ParOldGen: 5571748K(5572096K)->1429093K(1723392K)
[6296.498s][info][gc,metaspace   ] GC(1802) Metaspace: 29149K(29504K)->29149K(29504K) NonClass: 24257K(24384K)->24257K(24384K) Class: 4891K(5120K)->4891K(5120K)
[6296.498s][info][gc             ] GC(1802) Pause Full (Allocation Failure) 7998M->1395M(4253M) 894.428ms
[6296.498s][info][gc,cpu         ] GC(1802) User=4.02s Sys=0.13s Real=0.89s
..[6297.940s][info][gc,start       ] GC(1803) Pause Young (Allocation Failure)
[6298.012s][info][gc,heap        ] GC(1803) PSYoungGen: 2469376K(2632192K)->158288K(2628096K) Eden: 2469376K(2469376K)->0K(2465280K) From: 0K(162816K)->158288K(162816K)
[6298.012s][info][gc,heap        ] GC(1803) ParOldGen: 1429093K(1723392K)->1429093K(1723392K)
[6298.012s][info][gc,metaspace   ] GC(1803) Metaspace: 29149K(29504K)->29149K(29504K) NonClass: 24257K(24384K)->24257K(24384K) Class: 4891K(5120K)->4891K(5120K)
[6298.012s][info][gc             ] GC(1803) Pause Young (Allocation Failure) 3807M->1550M(4249M) 71.984ms
[6298.012s][info][gc,cpu         ] GC(1803) User=0.42s Sys=0.00s Real=0.07s
.[6299.473s][info][gc,start       ] GC(1804) Pause Young (Allocation Failure)
[6299.570s][info][gc,heap        ] GC(1804) PSYoungGen: 2623568K(2628096K)->148808K(2630656K) Eden: 2465280K(2465280K)->0K(2465280K) From: 158288K(162816K)->148808K(165376K)
[6299.570s][info][gc,heap        ] GC(1804) ParOldGen: 1429093K(1723392K)->1525069K(1723392K)
[6299.570s][info][gc,metaspace   ] GC(1804) Metaspace: 29149K(29504K)->29149K(29504K) NonClass: 24257K(24384K)->24257K(24384K) Class: 4891K(5120K)->4891K(5120K)
[6299.570s][info][gc             ] GC(1804) Pause Young (Allocation Failure) 3957M->1634M(4252M) 97.740ms
[6299.570s][info][gc,cpu         ] GC(1804) User=0.58s Sys=0.00s Real=0.10s
..[6301.339s][info][gc,start       ] GC(1805) Pause Young (Allocation Failure)
[6301.435s][info][gc,heap        ] GC(1805) PSYoungGen: 2614088K(2630656K)->148409K(2626560K) Eden: 2465280K(2465280K)->0K(2466816K) From: 148808K(165376K)->148409K(159744K)
[6301.435s][info][gc,heap        ] GC(1805) ParOldGen: 1525069K(1723392K)->1614461K(1723392K)
[6301.435s][info][gc,metaspace   ] GC(1805) Metaspace: 29149K(29504K)->29149K(29504K) NonClass: 24257K(24384K)->24257K(24384K) Class: 4891K(5120K)->4891K(5120K)
[6301.435s][info][gc             ] GC(1805) Pause Young (Allocation Failure) 4042M->1721M(4248M) 96.109ms
[6301.435s][info][gc,cpu         ] GC(1805) User=0.57s Sys=0.00s Real=0.10s
..[6303.133s][info][gc,start       ] GC(1806) Pause Young (Allocation Failure)
[6303.232s][info][gc,heap        ] GC(1806) PSYoungGen: 2615225K(2626560K)->154176K(2629120K) Eden: 2466816K(2466816K)->0K(2466816K) From: 148409K(159744K)->154176K(162304K)
[6303.232s][info][gc,heap        ] GC(1806) ParOldGen: 1614461K(1723392K)->1708301K(1723392K)
[6303.232s][info][gc,metaspace   ] GC(1806) Metaspace: 29149K(29504K)->29149K(29504K) NonClass: 24257K(24384K)->24257K(24384K) Class: 4891K(5120K)->4891K(5120K)
[6303.232s][info][gc             ] GC(1806) Pause Young (Allocation Failure) 4130M->1818M(4250M) 99.359ms
[6303.232s][info][gc,cpu         ] GC(1806) User=0.59s Sys=0.00s Real=0.10s
..[6305.088s][info][gc,start       ] GC(1807) Pause Young (Allocation Failure)
[6305.189s][info][gc,heap        ] GC(1807) PSYoungGen: 2620992K(2629120K)->153952K(2632192K) Eden: 2466816K(2466816K)->0K(2469376K) From: 154176K(162304K)->153952K(162816K)
[6305.189s][info][gc,heap        ] GC(1807) ParOldGen: 1708301K(1723392K)->1799725K(1800192K)
[6305.189s][info][gc,metaspace   ] GC(1807) Metaspace: 29149K(29504K)->29149K(29504K) NonClass: 24257K(24384K)->24257K(24384K) Class: 4891K(5120K)->4891K(5120K)
[6305.189s][info][gc             ] GC(1807) Pause Young (Allocation Failure) 4227M->1907M(4328M) 101.483ms
[6305.189s][info][gc,cpu         ] GC(1807) User=0.58s Sys=0.02s Real=0.10s
.. (rIR:aIR:PR = 10516:10453:10453) (tPR = 155016) [OK] 
  6306s: Performance info:
         Transaction,    Success,    Partial,     Failed,   Receipts, AvgBarcode, 
             Overall,     631202,          0,          0,     599719,      59.48, 
         Response times:
             Request,    Success,    Partial,     Failed,   SkipFail,     Probes,    Samples,      min,      p50,      p90,      p95,      p99,      max, 
       TotalPurchase,     599719,          0,          0,          0,     347512,     417706,      200,     7300,    83000,   164000,   690000,  1100000,
     InStorePurchase,     317214,          0,          0,          0,     182899,     219901,      200,     7300,    83000,   156000,   690000,  1100000,
      OnlinePurchase,     219945,          0,          0,          0,     127792,     153247,      200,     7200,    83000,   180000,   770000,   910000,
        InstPurchase,      62560,          0,          0,          0,      36821,      44558,      300,     7300,    84000,   193050,   720000,   910000,
          AssocOfCat,        635,          0,          0,          0,        514,        721,    22000,    48000,   155800,   374500,   581000,   670000,
      AssocOfProduct,       6273,          0,          0,          0,       3511,       4427,      500,     5200,    69000,   132000,   415000,   537000,
      BusinessReport,       1584,          0,          0,          0,       1382,       1788,    23000,    54000,   129000,   215400,   594000,  1100000,
          CustBuyBeh,       6286,          0,          0,          0,       3502,       4468,      200,     6100,    77100,   150750,   391930,   620000,
       ProductReturn,      16705,          0,          0,          0,       9983,      12198,      200,     6800,    81000,   151000,   534000,   660000,

  6306s: (77%)   IR =  10654 [6307.125s][info][gc,start       ] GC(1808) Pause Young (Allocation Failure)
[6307.226s][info][gc,heap        ] GC(1808) PSYoungGen: 2623328K(2632192K)->150912K(2620416K) Eden: 2469376K(2469376K)->0K(2469376K) From: 153952K(162816K)->150912K(151040K)
[6307.226s][info][gc,heap        ] GC(1808) ParOldGen: 1799725K(1800192K)->1890421K(1890816K)
[6307.226s][info][gc,metaspace   ] GC(1808) Metaspace: 29149K(29504K)->29149K(29504K) NonClass: 24257K(24384K)->24257K(24384K) Class: 4891K(5120K)->4891K(5120K)
[6307.226s][info][gc             ] GC(1808) Pause Young (Allocation Failure) 4319M->1993M(4405M) 101.191ms
[6307.226s][info][gc,cpu         ] GC(1808) User=0.57s Sys=0.03s Real=0.10s
..[6309.031s][info][gc,start       ] GC(1809) Pause Young (Allocation Failure)
[6309.132s][info][gc,heap        ] GC(1809) PSYoungGen: 2620288K(2620416K)->152064K(2632192K) Eden: 2469376K(2469376K)->0K(2469888K) From: 150912K(151040K)->152064K(162304K)
[6309.132s][info][gc,heap        ] GC(1809) ParOldGen: 1890421K(1890816K)->1983725K(1984000K)
[6309.132s][info][gc,metaspace   ] GC(1809) Metaspace: 29149K(29504K)->29149K(29504K) NonClass: 24257K(24384K)->24257K(24384K) Class: 4891K(5120K)->4891K(5120K)
[6309.132s][info][gc             ] GC(1809) Pause Young (Allocation Failure) 4404M->2085M(4508M) 100.864ms
[6309.132s][info][gc,cpu         ] GC(1809) User=0.58s Sys=0.02s Real=0.10s
.[6310.765s][info][gc,start       ] GC(1810) Pause Young (Allocation Failure)
[6310.863s][info][gc,heap        ] GC(1810) PSYoungGen: 2621952K(2632192K)->141216K(2632192K) Eden: 2469888K(2469888K)->0K(2469888K) From: 152064K(162304K)->141216K(162304K)
[6310.863s][info][gc,heap        ] GC(1810) ParOldGen: 1983725K(1984000K)->2078413K(2078720K)
[6310.863s][info][gc,metaspace   ] GC(1810) Metaspace: 29149K(29504K)->29149K(29504K) NonClass: 24257K(24384K)->24257K(24384K) Class: 4891K(5120K)->4891K(5120K)
[6310.863s][info][gc             ] GC(1810) Pause Young (Allocation Failure) 4497M->2167M(4600M) 98.751ms
[6310.863s][info][gc,cpu         ] GC(1810) User=0.55s Sys=0.03s Real=0.10s
..[6312.672s][info][gc,start       ] GC(1811) Pause Young (Allocation Failure)
[6312.774s][info][gc,heap        ] GC(1811) PSYoungGen: 2611104K(2632192K)->151824K(2633728K) Eden: 2469888K(2469888K)->0K(2471424K) From: 141216K(162304K)->151824K(162304K)
[6312.774s][info][gc,heap        ] GC(1811) ParOldGen: 2078413K(2078720K)->2167661K(2167808K)
[6312.774s][info][gc,metaspace   ] GC(1811) Metaspace: 29149K(29504K)->29149K(29504K) NonClass: 24257K(24384K)->24257K(24384K) Class: 4891K(5120K)->4891K(5120K)
[6312.774s][info][gc             ] GC(1811) Pause Young (Allocation Failure) 4579M->2265M(4689M) 101.624ms
[6312.774s][info][gc,cpu         ] GC(1811) User=0.58s Sys=0.02s Real=0.11s
..[6314.410s][info][gc,start       ] GC(1812) Pause Full (Diagnostic Command)
[6314.410s][info][gc,phases,start] GC(1812) Marking Phase
[6314.707s][info][gc,phases      ] GC(1812) Marking Phase 296.767ms
[6314.707s][info][gc,phases,start] GC(1812) Summary Phase
[6314.707s][info][gc,phases      ] GC(1812) Summary Phase 0.061ms
[6314.707s][info][gc,phases,start] GC(1812) Forward
[6314.894s][info][gc,phases      ] GC(1812) Forward 187.329ms
[6314.894s][info][gc,phases,start] GC(1812) Adjust Pointers
[6315.107s][info][gc,phases      ] GC(1812) Adjust Pointers 212.544ms
[6315.107s][info][gc,phases,start] GC(1812) Compaction Phase
[6315.263s][info][gc,phases      ] GC(1812) Compaction Phase 156.395ms
[6315.266s][info][gc,phases,start] GC(1812) Post Compact
[6315.270s][info][gc,phases      ] GC(1812) Post Compact 3.919ms
[6315.270s][info][gc,heap        ] GC(1812) PSYoungGen: 2516088K(2633728K)->0K(2633728K) Eden: 2364263K(2471424K)->0K(2471424K) From: 151824K(162304K)->0K(162304K)
[6315.270s][info][gc,heap        ] GC(1812) ParOldGen: 2167661K(2167808K)->1155788K(2167808K)
[6315.270s][info][gc,metaspace   ] GC(1812) Metaspace: 29149K(29504K)->29149K(29504K) NonClass: 24257K(24384K)->24257K(24384K) Class: 4891K(5120K)->4891K(5120K)
[6315.270s][info][gc             ] GC(1812) Pause Full (Diagnostic Command) 4573M->1128M(4689M) 860.137ms
[6315.270s][info][gc,cpu         ] GC(1812) User=4.51s Sys=0.00s Real=0.86s
..[6316.678s][info][gc,start       ] GC(1813) Pause Young (Allocation Failure)
[6316.747s][info][gc,heap        ] GC(1813) PSYoungGen: 2471424K(2633728K)->152944K(2633728K) Eden: 2471424K(2471424K)->0K(2471424K) From: 0K(162304K)->152944K(162304K)
[6316.747s][info][gc,heap        ] GC(1813) ParOldGen: 1155788K(2167808K)->1155788K(2167808K)
[6316.747s][info][gc,metaspace   ] GC(1813) Metaspace: 29149K(29504K)->29149K(29504K) NonClass: 24257K(24384K)->24257K(24384K) Class: 4891K(5120K)->4891K(5120K)
[6316.747s][info][gc             ] GC(1813) Pause Young (Allocation Failure) 3542M->1278M(4689M) 69.164ms
[6316.747s][info][gc,cpu         ] GC(1813) User=0.40s Sys=0.00s Real=0.07s
.[6318.276s][info][gc,start       ] GC(1814) Pause Young (Allocation Failure)
[6318.382s][info][gc,heap        ] GC(1814) PSYoungGen: 2624368K(2633728K)->162201K(2627584K) Eden: 2471424K(2471424K)->0K(2465280K) From: 152944K(162304K)->162201K(162304K)
[6318.382s][info][gc,heap        ] GC(1814) ParOldGen: 1155788K(2167808K)->1252500K(2167808K)
[6318.382s][info][gc,metaspace   ] GC(1814) Metaspace: 29149K(29504K)->29149K(29504K) NonClass: 24257K(24384K)->24257K(24384K) Class: 4891K(5120K)->4891K(5120K)
[6318.382s][info][gc             ] GC(1814) Pause Young (Allocation Failure) 3691M->1381M(4683M) 106.723ms
[6318.382s][info][gc,cpu         ] GC(1814) User=0.64s Sys=0.00s Real=0.10s
..[6319.990s][info][gc,start       ] GC(1815) Pause Young (Allocation Failure)
[6320.088s][info][gc,heap        ] GC(1815) PSYoungGen: 2627481K(2627584K)->152485K(2630656K) Eden: 2465280K(2465280K)->0K(2465280K) From: 162201K(162304K)->152485K(165376K)
[6320.088s][info][gc,heap        ] GC(1815) ParOldGen: 1252500K(2167808K)->1343404K(2167808K)
[6320.088s][info][gc,metaspace   ] GC(1815) Metaspace: 29149K(29504K)->29149K(29504K) NonClass: 24257K(24384K)->24257K(24384K) Class: 4891K(5120K)->4891K(5120K)
[6320.088s][info][gc             ] GC(1815) Pause Young (Allocation Failure) 3789M->1460M(4686M) 97.597ms
[6320.088s][info][gc,cpu         ] GC(1815) User=0.58s Sys=0.00s Real=0.10s
..[6321.817s][info][gc,start       ] GC(1816) Pause Young (Allocation Failure)
[6321.917s][info][gc,heap        ] GC(1816) PSYoungGen: 2617765K(2630656K)->152773K(2628096K) Eden: 2465280K(2465280K)->0K(2465792K) From: 152485K(165376K)->152773K(162304K)
[6321.917s][info][gc,heap        ] GC(1816) ParOldGen: 1343404K(2167808K)->1436180K(2167808K)
[6321.917s][info][gc,metaspace   ] GC(1816) Metaspace: 29149K(29504K)->29149K(29504K) NonClass: 24257K(24384K)->24257K(24384K) Class: 4891K(5120K)->4891K(5120K)
[6321.917s][info][gc             ] GC(1816) Pause Young (Allocation Failure) 3868M->1551M(4683M) 99.750ms
[6321.917s][info][gc,cpu         ] GC(1816) User=0.60s Sys=0.00s Real=0.10s
..[6323.730s][info][gc,start       ] GC(1817) Pause Young (Allocation Failure)
[6323.823s][info][gc,heap        ] GC(1817) PSYoungGen: 2618565K(2628096K)->143360K(2629632K) Eden: 2465792K(2465792K)->0K(2465792K) From: 152773K(162304K)->143360K(163840K)
[6323.823s][info][gc,heap        ] GC(1817) ParOldGen: 1436180K(2167808K)->1528804K(2167808K)
[6323.823s][info][gc,metaspace   ] GC(1817) Metaspace: 29149K(29504K)->29149K(29504K) NonClass: 24257K(24384K)->24257K(24384K) Class: 4891K(5120K)->4891K(5120K)
[6323.823s][info][gc             ] GC(1817) Pause Young (Allocation Failure) 3959M->1632M(4685M) 93.445ms
[6323.823s][info][gc,cpu         ] GC(1817) User=0.55s Sys=0.00s Real=0.09s
.[6325.575s][info][gc,start       ] GC(1818) Pause Young (Allocation Failure)
[6325.668s][info][gc,heap        ] GC(1818) PSYoungGen: 2609152K(2629632K)->138368K(2630144K) Eden: 2465792K(2465792K)->0K(2466304K) From: 143360K(163840K)->138368K(163840K)
[6325.668s][info][gc,heap        ] GC(1818) ParOldGen: 1528804K(2167808K)->1621220K(2167808K)
[6325.668s][info][gc,metaspace   ] GC(1818) Metaspace: 29149K(29504K)->29149K(29504K) NonClass: 24257K(24384K)->24257K(24384K) Class: 4891K(5120K)->4891K(5120K)
[6325.668s][info][gc             ] GC(1818) Pause Young (Allocation Failure) 4040M->1718M(4685M) 92.841ms
[6325.668s][info][gc,cpu         ] GC(1818) User=0.55s Sys=0.00s Real=0.09s
..[6327.557s][info][gc,start       ] GC(1819) Pause Young (Allocation Failure)
[6327.652s][info][gc,heap        ] GC(1819) PSYoungGen: 2604672K(2630144K)->148548K(2615296K) Eden: 2466304K(2466304K)->0K(2466304K) From: 138368K(163840K)->148548K(148992K)
[6327.652s][info][gc,heap        ] GC(1819) ParOldGen: 1621220K(2167808K)->1710764K(2167808K)
[6327.652s][info][gc,metaspace   ] GC(1819) Metaspace: 29149K(29504K)->29149K(29504K) NonClass: 24257K(24384K)->24257K(24384K) Class: 4891K(5120K)->4891K(5120K)
[6327.652s][info][gc             ] GC(1819) Pause Young (Allocation Failure) 4126M->1815M(4671M) 94.885ms
[6327.652s][info][gc,cpu         ] GC(1819) User=0.56s Sys=0.00s Real=0.09s
..[6329.368s][info][gc,start       ] GC(1820) Pause Young (Allocation Failure)
[6329.460s][info][gc,heap        ] GC(1820) PSYoungGen: 2614852K(2615296K)->140224K(2630656K) Eden: 2466304K(2466304K)->0K(2467328K) From: 148548K(148992K)->140224K(163328K)
[6329.460s][info][gc,heap        ] GC(1820) ParOldGen: 1710764K(2167808K)->1805844K(2167808K)
[6329.460s][info][gc,metaspace   ] GC(1820) Metaspace: 29149K(29504K)->29149K(29504K) NonClass: 24257K(24384K)->24257K(24384K) Class: 4891K(5120K)->4891K(5120K)
[6329.460s][info][gc             ] GC(1820) Pause Young (Allocation Failure) 4224M->1900M(4686M) 91.853ms
[6329.460s][info][gc,cpu         ] GC(1820) User=0.55s Sys=0.00s Real=0.09s
..[6331.353s][info][gc,start       ] GC(1821) Pause Young (Allocation Failure)
[6331.448s][info][gc,heap        ] GC(1821) PSYoungGen: 2607552K(2630656K)->142372K(2630656K) Eden: 2467328K(2467328K)->0K(2467328K) From: 140224K(163328K)->142372K(163328K)
[6331.448s][info][gc,heap        ] GC(1821) ParOldGen: 1805844K(2167808K)->1898836K(2167808K)
[6331.448s][info][gc,metaspace   ] GC(1821) Metaspace: 29149K(29504K)->29149K(29504K) NonClass: 24257K(24384K)->24257K(24384K) Class: 4891K(5120K)->4891K(5120K)
[6331.448s][info][gc             ] GC(1821) Pause Young (Allocation Failure) 4309M->1993M(4686M) 94.897ms
[6331.448s][info][gc,cpu         ] GC(1821) User=0.56s Sys=0.00s Real=0.10s
..[6333.240s][info][gc,start       ] GC(1822) Pause Young (Allocation Failure)
[6333.334s][info][gc,heap        ] GC(1822) PSYoungGen: 2609700K(2630656K)->142624K(2632192K) Eden: 2467328K(2467328K)->0K(2469888K) From: 142372K(163328K)->142624K(162304K)
[6333.334s][info][gc,heap        ] GC(1822) ParOldGen: 1898836K(2167808K)->1988604K(2167808K)
[6333.334s][info][gc,metaspace   ] GC(1822) Metaspace: 29149K(29504K)->29149K(29504K) NonClass: 24257K(24384K)->24257K(24384K) Class: 4891K(5120K)->4891K(5120K)
[6333.334s][info][gc             ] GC(1822) Pause Young (Allocation Failure) 4402M->2081M(4687M) 94.275ms
[6333.334s][info][gc,cpu         ] GC(1822) User=0.56s Sys=0.01s Real=0.10s
..[6335.179s][info][gc,start       ] GC(1823) Pause Young (Allocation Failure)
[6335.279s][info][gc,heap        ] GC(1823) PSYoungGen: 2612512K(2632192K)->159011K(2629120K) Eden: 2469888K(2469888K)->0K(2469888K) From: 142624K(162304K)->159011K(159232K)
[6335.279s][info][gc,heap        ] GC(1823) ParOldGen: 1988604K(2167808K)->2077292K(2167808K)
[6335.279s][info][gc,metaspace   ] GC(1823) Metaspace: 29149K(29504K)->29149K(29504K) NonClass: 24257K(24384K)->24257K(24384K) Class: 4891K(5120K)->4891K(5120K)
[6335.279s][info][gc             ] GC(1823) Pause Young (Allocation Failure) 4493M->2183M(4684M) 100.803ms
[6335.279s][info][gc,cpu         ] GC(1823) User=0.60s Sys=0.00s Real=0.10s
..[6337.023s][info][gc,start       ] GC(1824) Pause Young (Allocation Failure)
[6337.120s][info][gc,heap        ] GC(1824) PSYoungGen: 2628899K(2629120K)->144032K(2631680K) Eden: 2469888K(2469888K)->0K(2466304K) From: 159011K(159232K)->144032K(165376K)
[6337.120s][info][gc,heap        ] GC(1824) ParOldGen: 2077292K(2167808K)->2174156K(2174464K)
[6337.120s][info][gc,metaspace   ] GC(1824) Metaspace: 29149K(29504K)->29149K(29504K) NonClass: 24257K(24384K)->24257K(24384K) Class: 4891K(5120K)->4891K(5120K)
[6337.120s][info][gc             ] GC(1824) Pause Young (Allocation Failure) 4595M->2263M(4693M) 96.638ms
[6337.120s][info][gc,cpu         ] GC(1824) User=0.57s Sys=0.00s Real=0.09s
. (rIR:aIR:PR = 10654:10769:10789) (tPR = 159773) [IR is over limit] [PR is over limit] 
  6337s: Performance info:
         Transaction,    Success,    Partial,     Failed,   Receipts, AvgBarcode, 
             Overall,     218536,          0,          0,     207506,      59.46, 
         Response times:
             Request,    Success,    Partial,     Failed,   SkipFail,     Probes,    Samples,      min,      p50,      p90,      p95,      p99,      max, 
       TotalPurchase,     207204,          0,          0,          0,     119644,     182836,      300,     8700,   162000,   414000,  1400000,  1400000,
     InStorePurchase,     109318,          0,          0,          0,      63030,      95982,      300,     8500,   161000,   414000,  1400000,  1400000,
      OnlinePurchase,      76178,          0,          0,          0,      43958,      67283,      300,     9000,   165000,   471000,  1400000,  1400000,
        InstPurchase,      21708,          0,          0,          0,      12656,      19571,      300,     9200,   161000,   359000,  1100000,  1100000,
          AssocOfCat,        216,          0,          0,          0,        178,        301,    21000,    46000,   139000,   201900,   379840,   413000,
      AssocOfProduct,       2139,          0,          0,          0,       1244,       2017,      500,     7500,   152000,   327000,   840000,   840000,
      BusinessReport,        554,          0,          0,          0,        474,        770,    24000,    61000,   293000,   859000,  1300000,  1500000,
          CustBuyBeh,       2130,          0,          0,          0,       1235,       2012,      600,     9400,   168000,   325700,   810000,   810000,
       ProductReturn,       5842,          0,          0,          0,       3078,       4760,      200,     8350,   177000,   376000,   930000,   930000,

  6337s: 
  6337s: Failed, 9 overall retries left, retrying 1 of 1
  6337s: (77%)   IR =  10654 .[6338.929s][info][gc,start       ] GC(1825) Pause Young (Allocation Failure)
[6339.033s][info][gc,heap        ] GC(1825) PSYoungGen: 2610336K(2631680K)->155536K(2630656K) Eden: 2466304K(2466304K)->0K(2466304K) From: 144032K(165376K)->155536K(164352K)
[6339.033s][info][gc,heap        ] GC(1825) ParOldGen: 2174156K(2174464K)->2262252K(2262528K)
[6339.033s][info][gc,metaspace   ] GC(1825) Metaspace: 29149K(29504K)->29149K(29504K) NonClass: 24257K(24384K)->24257K(24384K) Class: 4891K(5120K)->4891K(5120K)
[6339.033s][info][gc             ] GC(1825) Pause Young (Allocation Failure) 4672M->2361M(4778M) 103.170ms
[6339.033s][info][gc,cpu         ] GC(1825) User=0.59s Sys=0.03s Real=0.10s
..[6340.837s][info][gc,start       ] GC(1826) Pause Young (Allocation Failure)
[6340.942s][info][gc,heap        ] GC(1826) PSYoungGen: 2621840K(2630656K)->152448K(2630656K) Eden: 2466304K(2466304K)->0K(2465280K) From: 155536K(164352K)->152448K(165376K)
[6340.942s][info][gc,heap        ] GC(1826) ParOldGen: 2262252K(2262528K)->2357956K(2358272K)
[6340.942s][info][gc,metaspace   ] GC(1826) Metaspace: 29149K(29504K)->29149K(29504K) NonClass: 24257K(24384K)->24257K(24384K) Class: 4891K(5120K)->4891K(5120K)
[6340.942s][info][gc             ] GC(1826) Pause Young (Allocation Failure) 4769M->2451M(4872M) 105.122ms
[6340.942s][info][gc,cpu         ] GC(1826) User=0.60s Sys=0.03s Real=0.10s
.[6342.720s][info][gc,start       ] GC(1827) Pause Young (Allocation Failure)
[6342.821s][info][gc,heap        ] GC(1827) PSYoungGen: 2617728K(2630656K)->151684K(2617344K) Eden: 2465280K(2465280K)->0K(2465280K) From: 152448K(165376K)->151684K(152064K)
[6342.821s][info][gc,heap        ] GC(1827) ParOldGen: 2357956K(2358272K)->2449108K(2449408K)
[6342.821s][info][gc,metaspace   ] GC(1827) Metaspace: 29149K(29504K)->29149K(29504K) NonClass: 24257K(24384K)->24257K(24384K) Class: 4891K(5120K)->4891K(5120K)
[6342.821s][info][gc             ] GC(1827) Pause Young (Allocation Failure) 4859M->2539M(4948M) 101.079ms
[6342.821s][info][gc,cpu         ] GC(1827) User=0.58s Sys=0.03s Real=0.10s
..[6344.711s][info][gc,start       ] GC(1828) Pause Young (Allocation Failure)
[6344.815s][info][gc,heap        ] GC(1828) PSYoungGen: 2616964K(2617344K)->148148K(2631680K) Eden: 2465280K(2465280K)->0K(2466816K) From: 151684K(152064K)->148148K(164864K)
[6344.815s][info][gc,heap        ] GC(1828) ParOldGen: 2449108K(2449408K)->2542868K(2543104K)
[6344.815s][info][gc,metaspace   ] GC(1828) Metaspace: 29149K(29504K)->29149K(29504K) NonClass: 24257K(24384K)->24257K(24384K) Class: 4891K(5120K)->4891K(5120K)
[6344.815s][info][gc             ] GC(1828) Pause Young (Allocation Failure) 4947M->2627M(5053M) 103.126ms
[6344.815s][info][gc,cpu         ] GC(1828) User=0.59s Sys=0.02s Real=0.11s
..[6346.716s][info][gc,start       ] GC(1829) Pause Young (Allocation Failure)
[6346.814s][info][gc,heap        ] GC(1829) PSYoungGen: 2614964K(2631680K)->141456K(2630144K) Eden: 2466816K(2466816K)->0K(2466816K) From: 148148K(164864K)->141456K(163328K)
[6346.814s][info][gc,heap        ] GC(1829) ParOldGen: 2542868K(2543104K)->2634372K(2634752K)
[6346.814s][info][gc,metaspace   ] GC(1829) Metaspace: 29149K(29504K)->29149K(29504K) NonClass: 24257K(24384K)->24257K(24384K) Class: 4891K(5120K)->4891K(5120K)
[6346.814s][info][gc             ] GC(1829) Pause Young (Allocation Failure) 5036M->2710M(5141M) 97.901ms
[6346.814s][info][gc,cpu         ] GC(1829) User=0.55s Sys=0.02s Real=0.10s
..[6348.597s][info][gc,start       ] GC(1830) Pause Young (Allocation Failure)
[6348.698s][info][gc,heap        ] GC(1830) PSYoungGen: 2608272K(2630144K)->150688K(2631680K) Eden: 2466816K(2466816K)->0K(2468352K) From: 141456K(163328K)->150688K(163328K)
[6348.698s][info][gc,heap        ] GC(1830) ParOldGen: 2634372K(2634752K)->2723596K(2723840K)
[6348.698s][info][gc,metaspace   ] GC(1830) Metaspace: 29149K(29504K)->29149K(29504K) NonClass: 24257K(24384K)->24257K(24384K) Class: 4891K(5120K)->4891K(5120K)
[6348.698s][info][gc             ] GC(1830) Pause Young (Allocation Failure) 5119M->2806M(5230M) 100.997ms
[6348.698s][info][gc,cpu         ] GC(1830) User=0.57s Sys=0.03s Real=0.10s
..[6350.512s][info][gc,start       ] GC(1831) Pause Young (Allocation Failure)
[6350.616s][info][gc,heap        ] GC(1831) PSYoungGen: 2619040K(2631680K)->151904K(2631168K) Eden: 2468352K(2468352K)->0K(2468352K) From: 150688K(163328K)->151904K(162816K)
[6350.616s][info][gc,heap        ] GC(1831) ParOldGen: 2723596K(2723840K)->2816444K(2816512K)
[6350.616s][info][gc,metaspace   ] GC(1831) Metaspace: 29149K(29504K)->29149K(29504K) NonClass: 24257K(24384K)->24257K(24384K) Class: 4891K(5120K)->4891K(5120K)
[6350.616s][info][gc             ] GC(1831) Pause Young (Allocation Failure) 5217M->2898M(5320M) 103.893ms
[6350.616s][info][gc,cpu         ] GC(1831) User=0.58s Sys=0.03s Real=0.11s
..[6352.439s][info][gc,start       ] GC(1832) Pause Young (Allocation Failure)
[6352.534s][info][gc,heap        ] GC(1832) PSYoungGen: 2620256K(2631168K)->137920K(2631680K) Eden: 2468352K(2468352K)->0K(2469376K) From: 151904K(162816K)->137920K(162304K)
[6352.534s][info][gc,heap        ] GC(1832) ParOldGen: 2816444K(2816512K)->2906612K(2906624K)
[6352.534s][info][gc,metaspace   ] GC(1832) Metaspace: 29149K(29504K)->29149K(29504K) NonClass: 24257K(24384K)->24257K(24384K) Class: 4891K(5120K)->4891K(5120K)
[6352.534s][info][gc             ] GC(1832) Pause Young (Allocation Failure) 5309M->2973M(5408M) 95.368ms
[6352.534s][info][gc,cpu         ] GC(1832) User=0.53s Sys=0.03s Real=0.10s
..[6354.324s][info][gc,start       ] GC(1833) Pause Young (Allocation Failure)
[6354.426s][info][gc,heap        ] GC(1833) PSYoungGen: 2607296K(2631680K)->149930K(2632192K) Eden: 2469376K(2469376K)->0K(2469376K) From: 137920K(162304K)->149930K(162816K)
[6354.426s][info][gc,heap        ] GC(1833) ParOldGen: 2906612K(2906624K)->2998220K(2998272K)
[6354.426s][info][gc,metaspace   ] GC(1833) Metaspace: 29149K(29504K)->29149K(29504K) NonClass: 24257K(24384K)->24257K(24384K) Class: 4891K(5120K)->4891K(5120K)
[6354.426s][info][gc             ] GC(1833) Pause Young (Allocation Failure) 5384M->3074M(5498M) 102.380ms
[6354.427s][info][gc,cpu         ] GC(1833) User=0.58s Sys=0.03s Real=0.10s
..[6356.334s][info][gc,start       ] GC(1834) Pause Young (Allocation Failure)
[6356.433s][info][gc,heap        ] GC(1834) PSYoungGen: 2619306K(2632192K)->143348K(2632192K) Eden: 2469376K(2469376K)->0K(2470912K) From: 149930K(162816K)->143348K(161280K)
[6356.433s][info][gc,heap        ] GC(1834) ParOldGen: 2998220K(2998272K)->3089060K(3089408K)
[6356.433s][info][gc,metaspace   ] GC(1834) Metaspace: 29149K(29504K)->29149K(29504K) NonClass: 24257K(24384K)->24257K(24384K) Class: 4891K(5120K)->4891K(5120K)
[6356.433s][info][gc             ] GC(1834) Pause Young (Allocation Failure) 5485M->3156M(5587M) 99.712ms
[6356.433s][info][gc,cpu         ] GC(1834) User=0.57s Sys=0.03s Real=0.10s
..[6358.144s][info][gc,start       ] GC(1835) Pause Young (Allocation Failure)
[6358.249s][info][gc,heap        ] GC(1835) PSYoungGen: 2614260K(2632192K)->158116K(2629120K) Eden: 2470912K(2470912K)->0K(2470912K) From: 143348K(161280K)->158116K(158208K)
[6358.249s][info][gc,heap        ] GC(1835) ParOldGen: 3089060K(3089408K)->3181188K(3181568K)
[6358.249s][info][gc,metaspace   ] GC(1835) Metaspace: 29149K(29504K)->29149K(29504K) NonClass: 24257K(24384K)->24257K(24384K) Class: 4891K(5120K)->4891K(5120K)
[6358.249s][info][gc             ] GC(1835) Pause Young (Allocation Failure) 5569M->3261M(5674M) 105.028ms
[6358.249s][info][gc,cpu         ] GC(1835) User=0.59s Sys=0.03s Real=0.10s
..[6360.011s][info][gc,start       ] GC(1836) Pause Young (Allocation Failure)
[6360.117s][info][gc,heap        ] GC(1836) PSYoungGen: 2629028K(2629120K)->156837K(2628608K) Eden: 2470912K(2470912K)->0K(2464256K) From: 158116K(158208K)->156837K(164352K)
[6360.117s][info][gc,heap        ] GC(1836) ParOldGen: 3181188K(3181568K)->3272660K(3272704K)
[6360.117s][info][gc,metaspace   ] GC(1836) Metaspace: 29149K(29504K)->29149K(29504K) NonClass: 24257K(24384K)->24257K(24384K) Class: 4891K(5120K)->4891K(5120K)
[6360.117s][info][gc             ] GC(1836) Pause Young (Allocation Failure) 5674M->3349M(5763M) 106.549ms
[6360.117s][info][gc,cpu         ] GC(1836) User=0.61s Sys=0.02s Real=0.11s
.[6361.919s][info][gc,start       ] GC(1837) Pause Young (Allocation Failure)
[6362.020s][info][gc,heap        ] GC(1837) PSYoungGen: 2621093K(2628608K)->146688K(2630144K) Eden: 2464256K(2464256K)->0K(2464256K) From: 156837K(164352K)->146688K(165888K)
[6362.020s][info][gc,heap        ] GC(1837) ParOldGen: 3272660K(3272704K)->3364220K(3364352K)
[6362.020s][info][gc,metaspace   ] GC(1837) Metaspace: 29149K(29504K)->29149K(29504K) NonClass: 24257K(24384K)->24257K(24384K) Class: 4891K(5120K)->4891K(5120K)
[6362.020s][info][gc             ] GC(1837) Pause Young (Allocation Failure) 5755M->3428M(5854M) 101.030ms
[6362.020s][info][gc,cpu         ] GC(1837) User=0.58s Sys=0.03s Real=0.10s
..[6363.799s][info][gc,start       ] GC(1838) Pause Young (Allocation Failure)
[6363.897s][info][gc,heap        ] GC(1838) PSYoungGen: 2610944K(2630144K)->140096K(2629632K) Eden: 2464256K(2464256K)->0K(2465280K) From: 146688K(165888K)->140096K(164352K)
[6363.897s][info][gc,heap        ] GC(1838) ParOldGen: 3364220K(3364352K)->3457804K(3458048K)
[6363.897s][info][gc,metaspace   ] GC(1838) Metaspace: 29149K(29504K)->29149K(29504K) NonClass: 24257K(24384K)->24257K(24384K) Class: 4891K(5120K)->4891K(5120K)
[6363.897s][info][gc             ] GC(1838) Pause Young (Allocation Failure) 5835M->3513M(5945M) 97.770ms
[6363.897s][info][gc,cpu         ] GC(1838) User=0.55s Sys=0.03s Real=0.10s
..[6365.748s][info][gc,start       ] GC(1839) Pause Young (Allocation Failure)
[6365.852s][info][gc,heap        ] GC(1839) PSYoungGen: 2605376K(2629632K)->154819K(2630144K) Eden: 2465280K(2465280K)->0K(2465280K) From: 140096K(164352K)->154819K(164864K)
[6365.852s][info][gc,heap        ] GC(1839) ParOldGen: 3457804K(3458048K)->3547820K(3548160K)
[6365.852s][info][gc,metaspace   ] GC(1839) Metaspace: 29149K(29504K)->29149K(29504K) NonClass: 24257K(24384K)->24257K(24384K) Class: 4891K(5120K)->4891K(5120K)
[6365.852s][info][gc             ] GC(1839) Pause Young (Allocation Failure) 5921M->3615M(6033M) 104.140ms
[6365.852s][info][gc,cpu         ] GC(1839) User=0.59s Sys=0.03s Real=0.10s
..[6367.675s][info][gc,start       ] GC(1840) Pause Young (Allocation Failure)
[6367.775s][info][gc,heap        ] GC(1840) PSYoungGen: 2620099K(2630144K)->145792K(2629632K) Eden: 2465280K(2465280K)->0K(2465792K) From: 154819K(164864K)->145792K(163840K)
[6367.775s][info][gc,heap        ] GC(1840) ParOldGen: 3547820K(3548160K)->3639884K(3640320K)
[6367.775s][info][gc,metaspace   ] GC(1840) Metaspace: 29149K(29504K)->29149K(29504K) NonClass: 24257K(24384K)->24257K(24384K) Class: 4891K(5120K)->4891K(5120K)
[6367.775s][info][gc             ] GC(1840) Pause Young (Allocation Failure) 6023M->3696M(6123M) 100.263ms
[6367.775s][info][gc,cpu         ] GC(1840) User=0.57s Sys=0.03s Real=0.10s
..[6369.483s][info][gc,start       ] GC(1841) Pause Young (Allocation Failure)
[6369.583s][info][gc,heap        ] GC(1841) PSYoungGen: 2611584K(2629632K)->146884K(2630144K) Eden: 2465792K(2465792K)->0K(2465792K) From: 145792K(163840K)->146884K(164352K)
[6369.583s][info][gc,heap        ] GC(1841) ParOldGen: 3639884K(3640320K)->3732020K(3732480K)
[6369.583s][info][gc,metaspace   ] GC(1841) Metaspace: 29149K(29504K)->29149K(29504K) NonClass: 24257K(24384K)->24257K(24384K) Class: 4891K(5120K)->4891K(5120K)
[6369.583s][info][gc             ] GC(1841) Pause Young (Allocation Failure) 6104M->3787M(6213M) 100.405ms
[6369.583s][info][gc,cpu         ] GC(1841) User=0.57s Sys=0.03s Real=0.10s
..|[6371.345s][info][gc,start       ] GC(1842) Pause Young (Allocation Failure)
[6371.443s][info][gc,heap        ] GC(1842) PSYoungGen: 2612676K(2630144K)->137120K(2630656K) Eden: 2465792K(2465792K)->0K(2467328K) From: 146884K(164352K)->137120K(163328K)
[6371.443s][info][gc,heap        ] GC(1842) ParOldGen: 3732020K(3732480K)->3825764K(3826176K)
[6371.443s][info][gc,metaspace   ] GC(1842) Metaspace: 29149K(29504K)->29149K(29504K) NonClass: 24257K(24384K)->24257K(24384K) Class: 4891K(5120K)->4891K(5120K)
[6371.443s][info][gc             ] GC(1842) Pause Young (Allocation Failure) 6195M->3870M(6305M) 98.111ms
[6371.443s][info][gc,cpu         ] GC(1842) User=0.56s Sys=0.02s Real=0.09s
..[6373.180s][info][gc,start       ] GC(1843) Pause Young (Allocation Failure)
[6373.283s][info][gc,heap        ] GC(1843) PSYoungGen: 2604448K(2630656K)->148992K(2631168K) Eden: 2467328K(2467328K)->0K(2467328K) From: 137120K(163328K)->148992K(163840K)
[6373.283s][info][gc,heap        ] GC(1843) ParOldGen: 3825764K(3826176K)->3917252K(3917312K)
[6373.283s][info][gc,metaspace   ] GC(1843) Metaspace: 29149K(29504K)->29149K(29504K) NonClass: 24257K(24384K)->24257K(24384K) Class: 4891K(5120K)->4891K(5120K)
[6373.283s][info][gc             ] GC(1843) Pause Young (Allocation Failure) 6279M->3970M(6395M) 102.973ms
[6373.283s][info][gc,cpu         ] GC(1843) User=0.57s Sys=0.03s Real=0.10s
.[6375.043s][info][gc,start       ] GC(1844) Pause Young (Allocation Failure)
[6375.146s][info][gc,heap        ] GC(1844) PSYoungGen: 2616320K(2631168K)->153600K(2631168K) Eden: 2467328K(2467328K)->0K(2468352K) From: 148992K(163840K)->153600K(162816K)
[6375.146s][info][gc,heap        ] GC(1844) ParOldGen: 3917252K(3917312K)->4007812K(4007936K)
[6375.146s][info][gc,metaspace   ] GC(1844) Metaspace: 29149K(29504K)->29149K(29504K) NonClass: 24257K(24384K)->24257K(24384K) Class: 4891K(5120K)->4891K(5120K)
[6375.146s][info][gc             ] GC(1844) Pause Young (Allocation Failure) 6380M->4063M(6483M) 102.724ms
[6375.146s][info][gc,cpu         ] GC(1844) User=0.58s Sys=0.02s Real=0.11s
..[6376.911s][info][gc,start       ] GC(1845) Pause Young (Allocation Failure)
[6377.010s][info][gc,heap        ] GC(1845) PSYoungGen: 2621952K(2631168K)->141824K(2631680K) Eden: 2468352K(2468352K)->0K(2468352K) From: 153600K(162816K)->141824K(163328K)
[6377.010s][info][gc,heap        ] GC(1845) ParOldGen: 4007812K(4007936K)->4102412K(4102656K)
[6377.010s][info][gc,metaspace   ] GC(1845) Metaspace: 29149K(29504K)->29149K(29504K) NonClass: 24257K(24384K)->24257K(24384K) Class: 4891K(5120K)->4891K(5120K)
[6377.010s][info][gc             ] GC(1845) Pause Young (Allocation Failure) 6474M->4144M(6576M) 99.500ms
[6377.010s][info][gc,cpu         ] GC(1845) User=0.56s Sys=0.03s Real=0.10s
..[6378.787s][info][gc,start       ] GC(1846) Pause Young (Allocation Failure)
[6378.891s][info][gc,heap        ] GC(1846) PSYoungGen: 2610176K(2631680K)->154537K(2631168K) Eden: 2468352K(2468352K)->0K(2468352K) From: 141824K(163328K)->154537K(162816K)
[6378.891s][info][gc,heap        ] GC(1846) ParOldGen: 4102412K(4102656K)->4191732K(4191744K)
[6378.891s][info][gc,metaspace   ] GC(1846) Metaspace: 29149K(29504K)->29149K(29504K) NonClass: 24257K(24384K)->24257K(24384K) Class: 4891K(5120K)->4891K(5120K)
[6378.891s][info][gc             ] GC(1846) Pause Young (Allocation Failure) 6555M->4244M(6663M) 104.244ms
[6378.891s][info][gc,cpu         ] GC(1846) User=0.59s Sys=0.03s Real=0.10s
..[6380.657s][info][gc,start       ] GC(1847) Pause Young (Allocation Failure)
[6380.758s][info][gc,heap        ] GC(1847) PSYoungGen: 2622889K(2631168K)->143829K(2632192K) Eden: 2468352K(2468352K)->0K(2468352K) From: 154537K(162816K)->143829K(163840K)
[6380.758s][info][gc,heap        ] GC(1847) ParOldGen: 4191732K(4191744K)->4285900K(4285952K)
[6380.758s][info][gc,metaspace   ] GC(1847) Metaspace: 29149K(29504K)->29149K(29504K) NonClass: 24257K(24384K)->24257K(24384K) Class: 4891K(5120K)->4891K(5120K)
[6380.758s][info][gc             ] GC(1847) Pause Young (Allocation Failure) 6654M->4325M(6756M) 100.541ms
[6380.758s][info][gc,cpu         ] GC(1847) User=0.57s Sys=0.03s Real=0.10s
..[6382.556s][info][gc,start       ] GC(1848) Pause Young (Allocation Failure)
[6382.658s][info][gc,heap        ] GC(1848) PSYoungGen: 2612181K(2632192K)->150160K(2630656K) Eden: 2468352K(2468352K)->0K(2468864K) From: 143829K(163840K)->150160K(161792K)
[6382.658s][info][gc,heap        ] GC(1848) ParOldGen: 4285900K(4285952K)->4375244K(4375552K)
[6382.658s][info][gc,metaspace   ] GC(1848) Metaspace: 29149K(29504K)->29149K(29504K) NonClass: 24257K(24384K)->24257K(24384K) Class: 4891K(5120K)->4891K(5120K)
[6382.658s][info][gc             ] GC(1848) Pause Young (Allocation Failure) 6736M->4419M(6842M) 102.253ms
[6382.658s][info][gc,cpu         ] GC(1848) User=0.58s Sys=0.02s Real=0.10s
..[6384.381s][info][gc,start       ] GC(1849) Pause Young (Allocation Failure)
[6384.482s][info][gc,heap        ] GC(1849) PSYoungGen: 2619024K(2630656K)->145520K(2631680K) Eden: 2468864K(2468864K)->0K(2468864K) From: 150160K(161792K)->145520K(162816K)
[6384.482s][info][gc,heap        ] GC(1849) ParOldGen: 4375244K(4375552K)->4466684K(4466688K)
[6384.482s][info][gc,metaspace   ] GC(1849) Metaspace: 29149K(29504K)->29149K(29504K) NonClass: 24257K(24384K)->24257K(24384K) Class: 4891K(5120K)->4891K(5120K)
[6384.482s][info][gc             ] GC(1849) Pause Young (Allocation Failure) 6830M->4504M(6932M) 101.148ms
[6384.482s][info][gc,cpu         ] GC(1849) User=0.57s Sys=0.03s Real=0.10s
.[6386.255s][info][gc,start       ] GC(1850) Pause Young (Allocation Failure)
[6386.355s][info][gc,heap        ] GC(1850) PSYoungGen: 2614384K(2631680K)->140965K(2632192K) Eden: 2468864K(2468864K)->0K(2471424K) From: 145520K(162816K)->140965K(160768K)
[6386.355s][info][gc,heap        ] GC(1850) ParOldGen: 4466684K(4466688K)->4559988K(4560384K)
[6386.355s][info][gc,metaspace   ] GC(1850) Metaspace: 29149K(29504K)->29149K(29504K) NonClass: 24257K(24384K)->24257K(24384K) Class: 4891K(5120K)->4891K(5120K)
[6386.355s][info][gc             ] GC(1850) Pause Young (Allocation Failure) 6915M->4590M(7024M) 100.519ms
[6386.355s][info][gc,cpu         ] GC(1850) User=0.57s Sys=0.03s Real=0.10s
..[6388.115s][info][gc,start       ] GC(1851) Pause Young (Allocation Failure)
[6388.217s][info][gc,heap        ] GC(1851) PSYoungGen: 2612389K(2632192K)->146880K(2632704K) Eden: 2471424K(2471424K)->0K(2471424K) From: 140965K(160768K)->146880K(161280K)
[6388.217s][info][gc,heap        ] GC(1851) ParOldGen: 4559988K(4560384K)->4652156K(4652544K)
[6388.217s][info][gc,metaspace   ] GC(1851) Metaspace: 29149K(29504K)->29149K(29504K) NonClass: 24257K(24384K)->24257K(24384K) Class: 4891K(5120K)->4891K(5120K)
[6388.217s][info][gc             ] GC(1851) Pause Young (Allocation Failure) 7004M->4686M(7114M) 101.754ms
[6388.217s][info][gc,cpu         ] GC(1851) User=0.57s Sys=0.03s Real=0.10s
..[6390.046s][info][gc,start       ] GC(1852) Pause Young (Allocation Failure)
[6390.151s][info][gc,heap        ] GC(1852) PSYoungGen: 2618304K(2632704K)->155828K(2631680K) Eden: 2471424K(2471424K)->0K(2471936K) From: 146880K(161280K)->155828K(159744K)
[6390.151s][info][gc,heap        ] GC(1852) ParOldGen: 4652156K(4652544K)->4742412K(4742656K)
[6390.151s][info][gc,metaspace   ] GC(1852) Metaspace: 29149K(29504K)->29149K(29504K) NonClass: 24257K(24384K)->24257K(24384K) Class: 4891K(5120K)->4891K(5120K)
[6390.151s][info][gc             ] GC(1852) Pause Young (Allocation Failure) 7100M->4783M(7201M) 105.053ms
[6390.151s][info][gc,cpu         ] GC(1852) User=0.60s Sys=0.03s Real=0.10s
..[6391.939s][info][gc,start       ] GC(1853) Pause Young (Allocation Failure)
[6392.049s][info][gc,heap        ] GC(1853) PSYoungGen: 2627764K(2631680K)->158185K(2630144K) Eden: 2471936K(2471936K)->0K(2471936K) From: 155828K(159744K)->158185K(158208K)
[6392.049s][info][gc,heap        ] GC(1853) ParOldGen: 4742412K(4742656K)->4835164K(4835328K)
[6392.049s][info][gc,metaspace   ] GC(1853) Metaspace: 29149K(29504K)->29149K(29504K) NonClass: 24257K(24384K)->24257K(24384K) Class: 4891K(5120K)->4891K(5120K)
[6392.049s][info][gc             ] GC(1853) Pause Young (Allocation Failure) 7197M->4876M(7290M) 110.008ms
[6392.049s][info][gc,cpu         ] GC(1853) User=0.62s Sys=0.02s Real=0.11s
..[6393.823s][info][gc,start       ] GC(1854) Pause Young (Allocation Failure)
[6393.931s][info][gc,heap        ] GC(1854) PSYoungGen: 2630121K(2630144K)->153748K(2630656K) Eden: 2471936K(2471936K)->0K(2466304K) From: 158185K(158208K)->153748K(164352K)
[6393.931s][info][gc,heap        ] GC(1854) ParOldGen: 4835164K(4835328K)->4926316K(4926464K)
[6393.931s][info][gc,metaspace   ] GC(1854) Metaspace: 29149K(29504K)->29149K(29504K) NonClass: 24257K(24384K)->24257K(24384K) Class: 4891K(5120K)->4891K(5120K)
[6393.931s][info][gc             ] GC(1854) Pause Young (Allocation Failure) 7290M->4961M(7380M) 107.835ms
[6393.931s][info][gc,cpu         ] GC(1854) User=0.60s Sys=0.03s Real=0.10s
..[6395.735s][info][gc,start       ] GC(1855) Pause Young (Allocation Failure)
[6395.837s][info][gc,heap        ] GC(1855) PSYoungGen: 2620052K(2630656K)->144800K(2611200K) Eden: 2466304K(2466304K)->0K(2466304K) From: 153748K(164352K)->144800K(144896K)
[6395.837s][info][gc,heap        ] GC(1855) ParOldGen: 4926316K(4926464K)->5019532K(5019648K)
[6395.837s][info][gc,metaspace   ] GC(1855) Metaspace: 29149K(29504K)->29149K(29504K) NonClass: 24257K(24384K)->24257K(24384K) Class: 4891K(5120K)->4891K(5120K)
[6395.837s][info][gc             ] GC(1855) Pause Young (Allocation Failure) 7369M->5043M(7452M) 101.737ms
[6395.837s][info][gc,cpu         ] GC(1855) User=0.57s Sys=0.03s Real=0.10s
..[6397.644s][info][gc,start       ] GC(1856) Pause Young (Allocation Failure)
[6397.749s][info][gc,heap        ] GC(1856) PSYoungGen: 2611104K(2611200K)->149824K(2631680K) Eden: 2466304K(2466304K)->0K(2467840K) From: 144800K(144896K)->149824K(163840K)
[6397.749s][info][gc,heap        ] GC(1856) ParOldGen: 5019532K(5019648K)->5110852K(5111296K)
[6397.749s][info][gc,metaspace   ] GC(1856) Metaspace: 29149K(29504K)->29149K(29504K) NonClass: 24257K(24384K)->24257K(24384K) Class: 4891K(5120K)->4891K(5120K)
[6397.749s][info][gc             ] GC(1856) Pause Young (Allocation Failure) 7451M->5137M(7561M) 105.854ms
[6397.749s][info][gc,cpu         ] GC(1856) User=0.60s Sys=0.03s Real=0.10s
..[6399.471s][info][gc,start       ] GC(1857) Pause Young (Allocation Failure)
[6399.576s][info][gc,heap        ] GC(1857) PSYoungGen: 2617664K(2631680K)->148144K(2630656K) Eden: 2467840K(2467840K)->0K(2467840K) From: 149824K(163840K)->148144K(162816K)
[6399.577s][info][gc,heap        ] GC(1857) ParOldGen: 5110852K(5111296K)->5203412K(5203456K)
[6399.577s][info][gc,metaspace   ] GC(1857) Metaspace: 29149K(29504K)->29149K(29504K) NonClass: 24257K(24384K)->24257K(24384K) Class: 4891K(5120K)->4891K(5120K)
[6399.577s][info][gc             ] GC(1857) Pause Young (Allocation Failure) 7547M->5226M(7650M) 105.670ms
[6399.577s][info][gc,cpu         ] GC(1857) User=0.59s Sys=0.03s Real=0.11s
.[6401.322s][info][gc,start       ] GC(1858) Pause Young (Allocation Failure)
[6401.426s][info][gc,heap        ] GC(1858) PSYoungGen: 2615984K(2630656K)->145748K(2632192K) Eden: 2467840K(2467840K)->0K(2470400K) From: 148144K(162816K)->145748K(161792K)
[6401.426s][info][gc,heap        ] GC(1858) ParOldGen: 5203412K(5203456K)->5295708K(5296128K)
[6401.426s][info][gc,metaspace   ] GC(1858) Metaspace: 29149K(29504K)->29149K(29504K) NonClass: 24257K(24384K)->24257K(24384K) Class: 4891K(5120K)->4891K(5120K)
[6401.426s][info][gc             ] GC(1858) Pause Young (Allocation Failure) 7636M->5313M(7742M) 103.826ms
[6401.426s][info][gc,cpu         ] GC(1858) User=0.60s Sys=0.02s Real=0.11s
..[6403.273s][info][gc,start       ] GC(1859) Pause Young (Allocation Failure)
[6403.373s][info][gc,heap        ] GC(1859) PSYoungGen: 2616148K(2632192K)->140832K(2631168K) Eden: 2470400K(2470400K)->0K(2470400K) From: 145748K(161792K)->140832K(160768K)
[6403.373s][info][gc,heap        ] GC(1859) ParOldGen: 5295708K(5296128K)->5387468K(5387776K)
[6403.373s][info][gc,metaspace   ] GC(1859) Metaspace: 29149K(29504K)->29149K(29504K) NonClass: 24257K(24384K)->24257K(24384K) Class: 4891K(5120K)->4891K(5120K)
[6403.373s][info][gc             ] GC(1859) Pause Young (Allocation Failure) 7726M->5398M(7831M) 100.209ms
[6403.373s][info][gc,cpu         ] GC(1859) User=0.57s Sys=0.03s Real=0.10s
..[6405.252s][info][gc,start       ] GC(1860) Pause Young (Allocation Failure)
[6405.362s][info][gc,heap        ] GC(1860) PSYoungGen: 2611232K(2631168K)->155963K(2631680K) Eden: 2470400K(2470400K)->0K(2470400K) From: 140832K(160768K)->155963K(161280K)
[6405.362s][info][gc,heap        ] GC(1860) ParOldGen: 5387468K(5387776K)->5479604K(5479936K)
[6405.362s][info][gc,metaspace   ] GC(1860) Metaspace: 29149K(29504K)->29149K(29504K) NonClass: 24257K(24384K)->24257K(24384K) Class: 4891K(5120K)->4891K(5120K)
[6405.362s][info][gc             ] GC(1860) Pause Young (Allocation Failure) 7811M->5503M(7921M) 109.925ms
[6405.362s][info][gc,cpu         ] GC(1860) User=0.61s Sys=0.04s Real=0.11s
..[6407.132s][info][gc,start       ] GC(1861) Pause Young (Allocation Failure)
[6407.236s][info][gc,heap        ] GC(1861) PSYoungGen: 2626363K(2631680K)->148530K(2633216K) Eden: 2470400K(2470400K)->0K(2470400K) From: 155963K(161280K)->148530K(162816K)
[6407.236s][info][gc,heap        ] GC(1861) ParOldGen: 5479604K(5479936K)->5571860K(5572096K)
[6407.236s][info][gc,metaspace   ] GC(1861) Metaspace: 29149K(29504K)->29149K(29504K) NonClass: 24257K(24384K)->24257K(24384K) Class: 4891K(5120K)->4891K(5120K)
[6407.236s][info][gc             ] GC(1861) Pause Young (Allocation Failure) 7915M->5586M(8013M) 104.096ms
[6407.236s][info][gc,cpu         ] GC(1861) User=0.59s Sys=0.02s Real=0.11s
..[6409.023s][info][gc,start       ] GC(1862) Pause Full (Allocation Failure)
[6409.023s][info][gc,phases,start] GC(1862) Marking Phase
[6409.321s][info][gc,phases      ] GC(1862) Marking Phase 297.468ms
[6409.321s][info][gc,phases,start] GC(1862) Summary Phase
[6409.321s][info][gc,phases      ] GC(1862) Summary Phase 0.094ms
[6409.321s][info][gc,phases,start] GC(1862) Forward
[6409.457s][info][gc,phases      ] GC(1862) Forward 136.063ms
[6409.457s][info][gc,phases,start] GC(1862) Adjust Pointers
[6409.659s][info][gc,phases      ] GC(1862) Adjust Pointers 202.509ms
[6409.659s][info][gc,phases,start] GC(1862) Compaction Phase
[6409.787s][info][gc,phases      ] GC(1862) Compaction Phase 128.061ms
[6409.788s][info][gc,phases,start] GC(1862) Post Compact
[6409.795s][info][gc,phases      ] GC(1862) Post Compact 6.857ms
[6409.922s][info][gc,heap        ] GC(1862) PSYoungGen: 2618930K(2633216K)->0K(2633216K) Eden: 2470400K(2470400K)->0K(2471936K) From: 148530K(162816K)->0K(161280K)
[6409.922s][info][gc,heap        ] GC(1862) ParOldGen: 5571860K(5572096K)->1439391K(1736704K)
[6409.922s][info][gc,metaspace   ] GC(1862) Metaspace: 29149K(29504K)->29149K(29504K) NonClass: 24257K(24384K)->24257K(24384K) Class: 4891K(5120K)->4891K(5120K)
[6409.922s][info][gc             ] GC(1862) Pause Full (Allocation Failure) 7998M->1405M(4267M) 898.681ms
[6409.922s][info][gc,cpu         ] GC(1862) User=4.08s Sys=0.12s Real=0.90s
..[6411.323s][info][gc,start       ] GC(1863) Pause Young (Allocation Failure)
[6411.388s][info][gc,heap        ] GC(1863) PSYoungGen: 2471936K(2633216K)->147840K(2633216K) Eden: 2471936K(2471936K)->0K(2471936K) From: 0K(161280K)->147840K(161280K)
[6411.388s][info][gc,heap        ] GC(1863) ParOldGen: 1439391K(1736704K)->1439391K(1736704K)
[6411.388s][info][gc,metaspace   ] GC(1863) Metaspace: 29149K(29504K)->29149K(29504K) NonClass: 24257K(24384K)->24257K(24384K) Class: 4891K(5120K)->4891K(5120K)
[6411.388s][info][gc             ] GC(1863) Pause Young (Allocation Failure) 3819M->1550M(4267M) 65.128ms
[6411.388s][info][gc,cpu         ] GC(1863) User=0.39s Sys=0.00s Real=0.07s
.[6412.936s][info][gc,start       ] GC(1864) Pause Young (Allocation Failure)
[6413.035s][info][gc,heap        ] GC(1864) PSYoungGen: 2619776K(2633216K)->152820K(2633216K) Eden: 2471936K(2471936K)->0K(2472960K) From: 147840K(161280K)->152820K(160256K)
[6413.035s][info][gc,heap        ] GC(1864) ParOldGen: 1439391K(1736704K)->1531983K(1736704K)
[6413.035s][info][gc,metaspace   ] GC(1864) Metaspace: 29149K(29504K)->29149K(29504K) NonClass: 24257K(24384K)->24257K(24384K) Class: 4891K(5120K)->4891K(5120K)
[6413.035s][info][gc             ] GC(1864) Pause Young (Allocation Failure) 3964M->1645M(4267M) 99.165ms
[6413.035s][info][gc,cpu         ] GC(1864) User=0.59s Sys=0.00s Real=0.10s
..[6414.804s][info][gc,start       ] GC(1865) Pause Young (Allocation Failure)
[6414.900s][info][gc,heap        ] GC(1865) PSYoungGen: 2625780K(2633216K)->149152K(2633728K) Eden: 2472960K(2472960K)->0K(2472960K) From: 152820K(160256K)->149152K(160768K)
[6414.901s][info][gc,heap        ] GC(1865) ParOldGen: 1531983K(1736704K)->1621351K(1736704K)
[6414.901s][info][gc,metaspace   ] GC(1865) Metaspace: 29149K(29504K)->29149K(29504K) NonClass: 24257K(24384K)->24257K(24384K) Class: 4891K(5120K)->4891K(5120K)
[6414.901s][info][gc             ] GC(1865) Pause Young (Allocation Failure) 4060M->1729M(4268M) 96.297ms
[6414.901s][info][gc,cpu         ] GC(1865) User=0.58s Sys=0.00s Real=0.09s
..[6416.716s][info][gc,start       ] GC(1866) Pause Young (Allocation Failure)
[6416.817s][info][gc,heap        ] GC(1866) PSYoungGen: 2622112K(2633728K)->155200K(2633728K) Eden: 2472960K(2472960K)->0K(2473984K) From: 149152K(160768K)->155200K(159744K)
[6416.817s][info][gc,heap        ] GC(1866) ParOldGen: 1621351K(1736704K)->1714479K(1736704K)
[6416.817s][info][gc,metaspace   ] GC(1866) Metaspace: 29149K(29504K)->29149K(29504K) NonClass: 24257K(24384K)->24257K(24384K) Class: 4891K(5120K)->4891K(5120K)
[6416.817s][info][gc             ] GC(1866) Pause Young (Allocation Failure) 4144M->1825M(4268M) 100.597ms
[6416.817s][info][gc,cpu         ] GC(1866) User=0.59s Sys=0.00s Real=0.10s
..[6418.547s][info][gc,start       ] GC(1867) Pause Young (Allocation Failure)
[6418.645s][info][gc,heap        ] GC(1867) PSYoungGen: 2629184K(2633728K)->142480K(2634752K) Eden: 2473984K(2473984K)->0K(2473984K) From: 155200K(159744K)->142480K(160768K)
[6418.645s][info][gc,heap        ] GC(1867) ParOldGen: 1714479K(1736704K)->1810639K(1810944K)
[6418.645s][info][gc,metaspace   ] GC(1867) Metaspace: 29149K(29504K)->29149K(29504K) NonClass: 24257K(24384K)->24257K(24384K) Class: 4891K(5120K)->4891K(5120K)
[6418.645s][info][gc             ] GC(1867) Pause Young (Allocation Failure) 4241M->1907M(4341M) 98.345ms
[6418.645s][info][gc,cpu         ] GC(1867) User=0.56s Sys=0.03s Real=0.10s
..[6420.551s][info][gc,start       ] GC(1868) Pause Young (Allocation Failure)
[6420.651s][info][gc,heap        ] GC(1868) PSYoungGen: 2616464K(2634752K)->145993K(2634240K) Eden: 2473984K(2473984K)->0K(2474496K) From: 142480K(160768K)->145993K(159744K)
[6420.651s][info][gc,heap        ] GC(1868) ParOldGen: 1810639K(1810944K)->1899191K(1899520K)
[6420.651s][info][gc,metaspace   ] GC(1868) Metaspace: 29149K(29504K)->29149K(29504K) NonClass: 24257K(24384K)->24257K(24384K) Class: 4891K(5120K)->4891K(5120K)
[6420.651s][info][gc             ] GC(1868) Pause Young (Allocation Failure) 4323M->1997M(4427M) 99.202ms
[6420.651s][info][gc,cpu         ] GC(1868) User=0.56s Sys=0.02s Real=0.10s
..[6422.498s][info][gc,start       ] GC(1869) Pause Young (Allocation Failure)
[6422.597s][info][gc,heap        ] GC(1869) PSYoungGen: 2620489K(2634240K)->144528K(2634752K) Eden: 2474496K(2474496K)->0K(2474496K) From: 145993K(159744K)->144528K(160256K)
[6422.597s][info][gc,heap        ] GC(1869) ParOldGen: 1899191K(1899520K)->1992223K(1992704K)
[6422.597s][info][gc,metaspace   ] GC(1869) Metaspace: 29149K(29504K)->29149K(29504K) NonClass: 24257K(24384K)->24257K(24384K) Class: 4891K(5120K)->4891K(5120K)
[6422.597s][info][gc             ] GC(1869) Pause Young (Allocation Failure) 4413M->2086M(4519M) 98.472ms
[6422.597s][info][gc,cpu         ] GC(1869) User=0.56s Sys=0.02s Real=0.10s
.[6424.308s][info][gc,start       ] GC(1870) Pause Young (Allocation Failure)
[6424.406s][info][gc,heap        ] GC(1870) PSYoungGen: 2619024K(2634752K)->141920K(2635776K) Eden: 2474496K(2474496K)->0K(2476032K) From: 144528K(160256K)->141920K(159744K)
[6424.406s][info][gc,heap        ] GC(1870) ParOldGen: 1992223K(1992704K)->2085143K(2085376K)
[6424.406s][info][gc,metaspace   ] GC(1870) Metaspace: 29149K(29504K)->29149K(29504K) NonClass: 24257K(24384K)->24257K(24384K) Class: 4891K(5120K)->4891K(5120K)
[6424.406s][info][gc             ] GC(1870) Pause Young (Allocation Failure) 4503M->2174M(4610M) 98.101ms
[6424.406s][info][gc,cpu         ] GC(1870) User=0.55s Sys=0.02s Real=0.10s
..[6426.219s][info][gc,start       ] GC(1871) Pause Young (Allocation Failure)
[6426.324s][info][gc,heap        ] GC(1871) PSYoungGen: 2617952K(2635776K)->159712K(2635776K) Eden: 2476032K(2476032K)->0K(2476032K) From: 141920K(159744K)->159712K(159744K)
[6426.324s][info][gc,heap        ] GC(1871) ParOldGen: 2085143K(2085376K)->2175751K(2176000K)
[6426.324s][info][gc,metaspace   ] GC(1871) Metaspace: 29149K(29504K)->29149K(29504K) NonClass: 24257K(24384K)->24257K(24384K) Class: 4891K(5120K)->4891K(5120K)
[6426.324s][info][gc             ] GC(1871) Pause Young (Allocation Failure) 4592M->2280M(4699M) 104.871ms
[6426.324s][info][gc,cpu         ] GC(1871) User=0.59s Sys=0.03s Real=0.11s
..[6428.095s][info][gc,start       ] GC(1872) Pause Young (Allocation Failure)
[6428.198s][info][gc,heap        ] GC(1872) PSYoungGen: 2635744K(2635776K)->147824K(2567168K) Eden: 2476032K(2476032K)->0K(2406912K) From: 159712K(159744K)->147824K(160256K)
[6428.198s][info][gc,heap        ] GC(1872) ParOldGen: 2175751K(2176000K)->2270207K(2270208K)
[6428.198s][info][gc,metaspace   ] GC(1872) Metaspace: 29149K(29504K)->29149K(29504K) NonClass: 24257K(24384K)->24257K(24384K) Class: 4891K(5120K)->4891K(5120K)
[6428.198s][info][gc             ] GC(1872) Pause Young (Allocation Failure) 4698M->2361M(4724M) 102.727ms
[6428.198s][info][gc,cpu         ] GC(1872) User=0.57s Sys=0.03s Real=0.10s
..[6429.964s][info][gc,start       ] GC(1873) Pause Young (Allocation Failure)
[6430.060s][info][gc,heap        ] GC(1873) PSYoungGen: 2554736K(2567168K)->142528K(2601472K) Eden: 2406912K(2406912K)->0K(2406912K) From: 147824K(160256K)->142528K(194560K)
[6430.060s][info][gc,heap        ] GC(1873) ParOldGen: 2270207K(2270208K)->2360951K(2361344K)
[6430.060s][info][gc,metaspace   ] GC(1873) Metaspace: 29149K(29504K)->29149K(29504K) NonClass: 24257K(24384K)->24257K(24384K) Class: 4891K(5120K)->4891K(5120K)
[6430.060s][info][gc             ] GC(1873) Pause Young (Allocation Failure) 4711M->2444M(4846M) 96.422ms
[6430.060s][info][gc,cpu         ] GC(1873) User=0.55s Sys=0.02s Real=0.09s
.. (rIR:aIR:PR = 10654:10662:10662) (tPR = 158084) [OK] 
  6431s: Performance info:
         Transaction,    Success,    Partial,     Failed,   Receipts, AvgBarcode, 
             Overall,     644066,          0,          0,     611854,      59.47, 
         Response times:
             Request,    Success,    Partial,     Failed,   SkipFail,     Probes,    Samples,      min,      p50,      p90,      p95,      p99,      max, 
       TotalPurchase,     611854,          0,          0,          0,     346298,     566076,      200,     7700,    73000,   115000,   317230,  1100000,
     InStorePurchase,     322071,          0,          0,          0,     181419,     297448,      200,     7600,    72000,   115000,   318000,  1000000,
      OnlinePurchase,     225552,          0,          0,          0,     128415,     209147,      300,     7900,    73000,   115000,   319000,  1000000,
        InstPurchase,      64231,          0,          0,          0,      36464,      59481,      300,     7600,    73000,   116000,   311000,  1100000,
          AssocOfCat,        643,          0,          0,          0,        537,        973,    22000,    46000,   129000,   181000,   419000,  1100000,
      AssocOfProduct,       6424,          0,          0,          0,       3579,       6095,      500,     8300,    75400,   119000,   311280,   456000,
      BusinessReport,       1612,          0,          0,          0,       1355,       2347,    25000,    57000,   137200,   175000,   394840,  1100000,
          CustBuyBeh,       6433,          0,          0,          0,       3612,       6270,      200,     7900,    77000,   114450,   279160,   456000,
       ProductReturn,      17100,          0,          0,          0,       8899,      15019,      200,     7000,    72000,   114000,   310000,   488000,

  6431s: (78%)   IR =  10793 [6431.838s][info][gc,start       ] GC(1874) Pause Young (Allocation Failure)
[6431.939s][info][gc,heap        ] GC(1874) PSYoungGen: 2549440K(2601472K)->148484K(2594816K) Eden: 2406912K(2406912K)->0K(2408448K) From: 142528K(194560K)->148484K(186368K)
[6431.939s][info][gc,heap        ] GC(1874) ParOldGen: 2360951K(2361344K)->2452535K(2452992K)
[6431.939s][info][gc,metaspace   ] GC(1874) Metaspace: 29149K(29504K)->29149K(29504K) NonClass: 24257K(24384K)->24257K(24384K) Class: 4891K(5120K)->4891K(5120K)
[6431.939s][info][gc             ] GC(1874) Pause Young (Allocation Failure) 4795M->2540M(4929M) 101.140ms
[6431.939s][info][gc,cpu         ] GC(1874) User=0.57s Sys=0.03s Real=0.10s
.[6433.634s][info][gc,start       ] GC(1875) Pause Young (Allocation Failure)
[6433.730s][info][gc,heap        ] GC(1875) PSYoungGen: 2556932K(2594816K)->141664K(2598912K) Eden: 2408448K(2408448K)->0K(2408448K) From: 148484K(186368K)->141664K(190464K)
[6433.731s][info][gc,heap        ] GC(1875) ParOldGen: 2452535K(2452992K)->2542519K(2542592K)
[6433.731s][info][gc,metaspace   ] GC(1875) Metaspace: 29149K(29504K)->29149K(29504K) NonClass: 24257K(24384K)->24257K(24384K) Class: 4891K(5120K)->4891K(5120K)
[6433.731s][info][gc             ] GC(1875) Pause Young (Allocation Failure) 4892M->2621M(5021M) 96.119ms
[6433.731s][info][gc,cpu         ] GC(1875) User=0.53s Sys=0.04s Real=0.09s
..[6435.440s][info][gc,start       ] GC(1876) Pause Young (Allocation Failure)
[6435.535s][info][gc,heap        ] GC(1876) PSYoungGen: 2550112K(2598912K)->134048K(2603520K) Eden: 2408448K(2408448K)->0K(2416128K) From: 141664K(190464K)->134048K(187392K)
[6435.535s][info][gc,heap        ] GC(1876) ParOldGen: 2542519K(2542592K)->2636015K(2636288K)
[6435.535s][info][gc,metaspace   ] GC(1876) Metaspace: 29149K(29504K)->29149K(29504K) NonClass: 24257K(24384K)->24257K(24384K) Class: 4891K(5120K)->4891K(5120K)
[6435.535s][info][gc             ] GC(1876) Pause Young (Allocation Failure) 4973M->2705M(5117M) 95.126ms
[6435.535s][info][gc,cpu         ] GC(1876) User=0.54s Sys=0.02s Real=0.10s
..[6437.278s][info][gc,start       ] GC(1877) Pause Young (Allocation Failure)
[6437.375s][info][gc,heap        ] GC(1877) PSYoungGen: 2550176K(2603520K)->140101K(2605056K) Eden: 2416128K(2416128K)->0K(2416128K) From: 134048K(187392K)->140101K(188928K)
[6437.375s][info][gc,heap        ] GC(1877) ParOldGen: 2636015K(2636288K)->2725151K(2725376K)
[6437.375s][info][gc,metaspace   ] GC(1877) Metaspace: 29149K(29504K)->29149K(29504K) NonClass: 24257K(24384K)->24257K(24384K) Class: 4891K(5120K)->4891K(5120K)
[6437.375s][info][gc             ] GC(1877) Pause Young (Allocation Failure) 5064M->2798M(5205M) 96.722ms
[6437.375s][info][gc,cpu         ] GC(1877) User=0.54s Sys=0.02s Real=0.10s
..[6439.071s][info][gc,start       ] GC(1878) Pause Young (Allocation Failure)
[6439.172s][info][gc,heap        ] GC(1878) PSYoungGen: 2556229K(2605056K)->149248K(2599936K) Eden: 2416128K(2416128K)->0K(2419712K) From: 140101K(188928K)->149248K(180224K)
[6439.172s][info][gc,heap        ] GC(1878) ParOldGen: 2725151K(2725376K)->2816071K(2816512K)
[6439.172s][info][gc,metaspace   ] GC(1878) Metaspace: 29149K(29504K)->29149K(29504K) NonClass: 24257K(24384K)->24257K(24384K) Class: 4891K(5120K)->4891K(5120K)
[6439.172s][info][gc             ] GC(1878) Pause Young (Allocation Failure) 5157M->2895M(5289M) 100.423ms
[6439.172s][info][gc,cpu         ] GC(1878) User=0.56s Sys=0.03s Real=0.10s
.|.[6440.881s][info][gc,start       ] GC(1879) Pause Young (Allocation Failure)
[6440.980s][info][gc,heap        ] GC(1879) PSYoungGen: 2568960K(2599936K)->141792K(2603520K) Eden: 2419712K(2419712K)->0K(2419712K) From: 149248K(180224K)->141792K(183808K)
[6440.980s][info][gc,heap        ] GC(1879) ParOldGen: 2816071K(2816512K)->2907623K(2907648K)
[6440.980s][info][gc,metaspace   ] GC(1879) Metaspace: 29149K(29504K)->29149K(29504K) NonClass: 24257K(24384K)->24257K(24384K) Class: 4891K(5120K)->4891K(5120K)
[6440.980s][info][gc             ] GC(1879) Pause Young (Allocation Failure) 5258M->2977M(5382M) 98.644ms
[6440.980s][info][gc,cpu         ] GC(1879) User=0.55s Sys=0.03s Real=0.10s
.[6442.731s][info][gc,start       ] GC(1880) Pause Young (Allocation Failure)
[6442.829s][info][gc,heap        ] GC(1880) PSYoungGen: 2561504K(2603520K)->142016K(2606592K) Eden: 2419712K(2419712K)->0K(2430464K) From: 141792K(183808K)->142016K(176128K)
[6442.829s][info][gc,heap        ] GC(1880) ParOldGen: 2907623K(2907648K)->2998191K(2998272K)
[6442.829s][info][gc,metaspace   ] GC(1880) Metaspace: 29149K(29504K)->29149K(29504K) NonClass: 24257K(24384K)->24257K(24384K) Class: 4891K(5120K)->4891K(5120K)
[6442.829s][info][gc             ] GC(1880) Pause Young (Allocation Failure) 5340M->3066M(5473M) 98.629ms
[6442.829s][info][gc,cpu         ] GC(1880) User=0.56s Sys=0.03s Real=0.10s
..[6444.477s][info][gc,start       ] GC(1881) Pause Young (Allocation Failure)
[6444.578s][info][gc,heap        ] GC(1881) PSYoungGen: 2572480K(2606592K)->144640K(2610176K) Eden: 2430464K(2430464K)->0K(2430464K) From: 142016K(176128K)->144640K(179712K)
[6444.578s][info][gc,heap        ] GC(1881) ParOldGen: 2998191K(2998272K)->3089911K(3089920K)
[6444.578s][info][gc,metaspace   ] GC(1881) Metaspace: 29149K(29504K)->29149K(29504K) NonClass: 24257K(24384K)->24257K(24384K) Class: 4891K(5120K)->4891K(5120K)
[6444.578s][info][gc             ] GC(1881) Pause Young (Allocation Failure) 5440M->3158M(5566M) 101.235ms
[6444.578s][info][gc,cpu         ] GC(1881) User=0.56s Sys=0.03s Real=0.10s
..[6446.457s][info][gc,start       ] GC(1882) Pause Young (Allocation Failure)
[6446.556s][info][gc,heap        ] GC(1882) PSYoungGen: 2575104K(2610176K)->143568K(2610688K) Eden: 2430464K(2430464K)->0K(2438656K) From: 144640K(179712K)->143568K(172032K)
[6446.556s][info][gc,heap        ] GC(1882) ParOldGen: 3089911K(3089920K)->3179639K(3180032K)
[6446.556s][info][gc,metaspace   ] GC(1882) Metaspace: 29149K(29504K)->29149K(29504K) NonClass: 24257K(24384K)->24257K(24384K) Class: 4891K(5120K)->4891K(5120K)
[6446.556s][info][gc             ] GC(1882) Pause Young (Allocation Failure) 5532M->3245M(5655M) 98.585ms
[6446.556s][info][gc,cpu         ] GC(1882) User=0.57s Sys=0.02s Real=0.10s
..[6448.304s][info][gc,start       ] GC(1883) Pause Young (Allocation Failure)
[6448.407s][info][gc,heap        ] GC(1883) PSYoungGen: 2582224K(2610688K)->146755K(2614272K) Eden: 2438656K(2438656K)->0K(2438656K) From: 143568K(172032K)->146755K(175616K)
[6448.407s][info][gc,heap        ] GC(1883) ParOldGen: 3179639K(3180032K)->3270935K(3271168K)
[6448.407s][info][gc,metaspace   ] GC(1883) Metaspace: 29149K(29504K)->29149K(29504K) NonClass: 24257K(24384K)->24257K(24384K) Class: 4891K(5120K)->4891K(5120K)
[6448.407s][info][gc             ] GC(1883) Pause Young (Allocation Failure) 5626M->3337M(5747M) 102.664ms
[6448.407s][info][gc,cpu         ] GC(1883) User=0.58s Sys=0.02s Real=0.10s
..[6450.193s][info][gc,start       ] GC(1884) Pause Young (Allocation Failure)
[6450.298s][info][gc,heap        ] GC(1884) PSYoungGen: 2585411K(2614272K)->151200K(2616320K) Eden: 2438656K(2438656K)->0K(2447360K) From: 146755K(175616K)->151200K(168960K)
[6450.298s][info][gc,heap        ] GC(1884) ParOldGen: 3270935K(3271168K)->3361383K(3361792K)
[6450.298s][info][gc,metaspace   ] GC(1884) Metaspace: 29149K(29504K)->29149K(29504K) NonClass: 24257K(24384K)->24257K(24384K) Class: 4891K(5120K)->4891K(5120K)
[6450.298s][info][gc             ] GC(1884) Pause Young (Allocation Failure) 5719M->3430M(5838M) 104.578ms
[6450.298s][info][gc,cpu         ] GC(1884) User=0.60s Sys=0.02s Real=0.11s
..[6451.996s][info][gc,start       ] GC(1885) Pause Young (Allocation Failure)
[6452.099s][info][gc,heap        ] GC(1885) PSYoungGen: 2598560K(2616320K)->148864K(2618880K) Eden: 2447360K(2447360K)->0K(2447360K) From: 151200K(168960K)->148864K(171520K)
[6452.099s][info][gc,heap        ] GC(1885) ParOldGen: 3361383K(3361792K)->3454967K(3454976K)
[6452.099s][info][gc,metaspace   ] GC(1885) Metaspace: 29149K(29504K)->29149K(29504K) NonClass: 24257K(24384K)->24257K(24384K) Class: 4891K(5120K)->4891K(5120K)
[6452.099s][info][gc             ] GC(1885) Pause Young (Allocation Failure) 5820M->3519M(5931M) 102.743ms
[6452.099s][info][gc,cpu         ] GC(1885) User=0.59s Sys=0.03s Real=0.10s
.[6453.863s][info][gc,start       ] GC(1886) Pause Young (Allocation Failure)
[6453.962s][info][gc,heap        ] GC(1886) PSYoungGen: 2596224K(2618880K)->144128K(2620928K) Eden: 2447360K(2447360K)->0K(2455040K) From: 148864K(171520K)->144128K(165888K)
[6453.962s][info][gc,heap        ] GC(1886) ParOldGen: 3454967K(3454976K)->3545879K(3546112K)
[6453.962s][info][gc,metaspace   ] GC(1886) Metaspace: 29149K(29504K)->29149K(29504K) NonClass: 24257K(24384K)->24257K(24384K) Class: 4891K(5120K)->4891K(5120K)
[6453.962s][info][gc             ] GC(1886) Pause Young (Allocation Failure) 5909M->3603M(6022M) 99.800ms
[6453.962s][info][gc,cpu         ] GC(1886) User=0.56s Sys=0.03s Real=0.10s
..[6455.725s][info][gc,start       ] GC(1887) Pause Young (Allocation Failure)
[6455.826s][info][gc,heap        ] GC(1887) PSYoungGen: 2599168K(2620928K)->150320K(2622976K) Eden: 2455040K(2455040K)->0K(2455040K) From: 144128K(165888K)->150320K(167936K)
[6455.826s][info][gc,heap        ] GC(1887) ParOldGen: 3545879K(3546112K)->3635703K(3635712K)
[6455.826s][info][gc,metaspace   ] GC(1887) Metaspace: 29149K(29504K)->29149K(29504K) NonClass: 24257K(24384K)->24257K(24384K) Class: 4891K(5120K)->4891K(5120K)
[6455.826s][info][gc             ] GC(1887) Pause Young (Allocation Failure) 6001M->3697M(6112M) 101.275ms
[6455.826s][info][gc,cpu         ] GC(1887) User=0.57s Sys=0.03s Real=0.10s
..[6457.565s][info][gc,start       ] GC(1888) Pause Young (Allocation Failure)
[6457.665s][info][gc,heap        ] GC(1888) PSYoungGen: 2605360K(2622976K)->143424K(2625024K) Eden: 2455040K(2455040K)->0K(2461184K) From: 150320K(167936K)->143424K(163840K)
[6457.665s][info][gc,heap        ] GC(1888) ParOldGen: 3635703K(3635712K)->3728575K(3728896K)
[6457.665s][info][gc,metaspace   ] GC(1888) Metaspace: 29149K(29504K)->29149K(29504K) NonClass: 24257K(24384K)->24257K(24384K) Class: 4891K(5120K)->4891K(5120K)
[6457.665s][info][gc             ] GC(1888) Pause Young (Allocation Failure) 6094M->3781M(6205M) 100.016ms
[6457.665s][info][gc,cpu         ] GC(1888) User=0.56s Sys=0.03s Real=0.10s
..[6459.467s][info][gc,start       ] GC(1889) Pause Young (Allocation Failure)
[6459.564s][info][gc,heap        ] GC(1889) PSYoungGen: 2604608K(2625024K)->139648K(2627072K) Eden: 2461184K(2461184K)->0K(2461184K) From: 143424K(163840K)->139648K(165888K)
[6459.564s][info][gc,heap        ] GC(1889) ParOldGen: 3728575K(3728896K)->3818647K(3819008K)
[6459.564s][info][gc,metaspace   ] GC(1889) Metaspace: 29149K(29504K)->29149K(29504K) NonClass: 24257K(24384K)->24257K(24384K) Class: 4891K(5120K)->4891K(5120K)
[6459.564s][info][gc             ] GC(1889) Pause Young (Allocation Failure) 6184M->3865M(6295M) 97.134ms
[6459.564s][info][gc,cpu         ] GC(1889) User=0.56s Sys=0.02s Real=0.10s
..[6461.331s][info][gc,start       ] GC(1890) Pause Young (Allocation Failure)
[6461.428s][info][gc,heap        ] GC(1890) PSYoungGen: 2600832K(2627072K)->138560K(2628608K) Eden: 2461184K(2461184K)->0K(2464768K) From: 139648K(165888K)->138560K(163840K)
[6461.428s][info][gc,heap        ] GC(1890) ParOldGen: 3818647K(3819008K)->3909927K(3910144K)
[6461.428s][info][gc,metaspace   ] GC(1890) Metaspace: 29149K(29504K)->29149K(29504K) NonClass: 24257K(24384K)->24257K(24384K) Class: 4891K(5120K)->4891K(5120K)
[6461.428s][info][gc             ] GC(1890) Pause Young (Allocation Failure) 6269M->3953M(6385M) 97.269ms
[6461.428s][info][gc,cpu         ] GC(1890) User=0.55s Sys=0.03s Real=0.10s
..[6463.190s][info][gc,start       ] GC(1891) Pause Young (Allocation Failure)
[6463.292s][info][gc,heap        ] GC(1891) PSYoungGen: 2603328K(2628608K)->145760K(2629632K) Eden: 2464768K(2464768K)->0K(2464768K) From: 138560K(163840K)->145760K(164864K)
[6463.292s][info][gc,heap        ] GC(1891) ParOldGen: 3909927K(3910144K)->4003407K(4003840K)
[6463.292s][info][gc,metaspace   ] GC(1891) Metaspace: 29149K(29504K)->29149K(29504K) NonClass: 24257K(24384K)->24257K(24384K) Class: 4891K(5120K)->4891K(5120K)
[6463.292s][info][gc             ] GC(1891) Pause Young (Allocation Failure) 6360M->4051M(6478M) 102.338ms
[6463.292s][info][gc,cpu         ] GC(1891) User=0.58s Sys=0.03s Real=0.10s
..[6465.075s][info][gc,start       ] GC(1892) Pause Young (Allocation Failure)
[6465.179s][info][gc,heap        ] GC(1892) PSYoungGen: 2610528K(2629632K)->153636K(2629632K) Eden: 2464768K(2464768K)->0K(2466304K) From: 145760K(164864K)->153636K(163328K)
[6465.179s][info][gc,heap        ] GC(1892) ParOldGen: 4003407K(4003840K)->4094175K(4094464K)
[6465.179s][info][gc,metaspace   ] GC(1892) Metaspace: 29149K(29504K)->29149K(29504K) NonClass: 24257K(24384K)->24257K(24384K) Class: 4891K(5120K)->4891K(5120K)
[6465.179s][info][gc             ] GC(1892) Pause Young (Allocation Failure) 6458M->4148M(6566M) 103.778ms
[6465.179s][info][gc,cpu         ] GC(1892) User=0.58s Sys=0.03s Real=0.10s
.[6466.947s][info][gc,start       ] GC(1893) Pause Young (Allocation Failure)
[6467.056s][info][gc,heap        ] GC(1893) PSYoungGen: 2619940K(2629632K)->162282K(2628608K) Eden: 2466304K(2466304K)->0K(2466304K) From: 153636K(163328K)->162282K(162304K)
[6467.057s][info][gc,heap        ] GC(1893) ParOldGen: 4094175K(4094464K)->4184687K(4185088K)
[6467.057s][info][gc,metaspace   ] GC(1893) Metaspace: 29149K(29504K)->29149K(29504K) NonClass: 24257K(24384K)->24257K(24384K) Class: 4891K(5120K)->4891K(5120K)
[6467.057s][info][gc             ] GC(1893) Pause Young (Allocation Failure) 6556M->4245M(6654M) 109.086ms
[6467.057s][info][gc,cpu         ] GC(1893) User=0.61s Sys=0.03s Real=0.11s
..[6468.685s][info][gc,start       ] GC(1894) Pause Young (Allocation Failure)
[6468.784s][info][gc,heap        ] GC(1894) PSYoungGen: 2628586K(2628608K)->139328K(2627584K) Eden: 2466304K(2466304K)->0K(2460160K) From: 162282K(162304K)->139328K(167424K)
[6468.784s][info][gc,heap        ] GC(1894) ParOldGen: 4184687K(4185088K)->4277727K(4277760K)
[6468.784s][info][gc,metaspace   ] GC(1894) Metaspace: 29149K(29504K)->29149K(29504K) NonClass: 24257K(24384K)->24257K(24384K) Class: 4891K(5120K)->4891K(5120K)
[6468.784s][info][gc             ] GC(1894) Pause Young (Allocation Failure) 6653M->4313M(6743M) 99.603ms
[6468.784s][info][gc,cpu         ] GC(1894) User=0.56s Sys=0.02s Real=0.10s
..[6470.503s][info][gc,start       ] GC(1895) Pause Young (Allocation Failure)
[6470.606s][info][gc,heap        ] GC(1895) PSYoungGen: 2599488K(2627584K)->149284K(2609664K) Eden: 2460160K(2460160K)->0K(2460160K) From: 139328K(167424K)->149284K(149504K)
[6470.607s][info][gc,heap        ] GC(1895) ParOldGen: 4277727K(4277760K)->4368543K(4368896K)
[6470.607s][info][gc,metaspace   ] GC(1895) Metaspace: 29149K(29504K)->29149K(29504K) NonClass: 24257K(24384K)->24257K(24384K) Class: 4891K(5120K)->4891K(5120K)
[6470.607s][info][gc             ] GC(1895) Pause Young (Allocation Failure) 6716M->4411M(6815M) 103.847ms
[6470.607s][info][gc,cpu         ] GC(1895) User=0.58s Sys=0.03s Real=0.11s
..[6472.350s][info][gc,start       ] GC(1896) Pause Young (Allocation Failure)
[6472.452s][info][gc,heap        ] GC(1896) PSYoungGen: 2609444K(2609664K)->147648K(2628608K) Eden: 2460160K(2460160K)->0K(2462208K) From: 149284K(149504K)->147648K(166400K)
[6472.452s][info][gc,heap        ] GC(1896) ParOldGen: 4368543K(4368896K)->4457879K(4457984K)
[6472.452s][info][gc,metaspace   ] GC(1896) Metaspace: 29149K(29504K)->29149K(29504K) NonClass: 24257K(24384K)->24257K(24384K) Class: 4891K(5120K)->4891K(5120K)
[6472.452s][info][gc             ] GC(1896) Pause Young (Allocation Failure) 6814M->4497M(6920M) 101.334ms
[6472.452s][info][gc,cpu         ] GC(1896) User=0.56s Sys=0.04s Real=0.10s
..[6474.243s][info][gc,start       ] GC(1897) Pause Young (Allocation Failure)
[6474.343s][info][gc,heap        ] GC(1897) PSYoungGen: 2609856K(2628608K)->139141K(2627072K) Eden: 2462208K(2462208K)->0K(2462208K) From: 147648K(166400K)->139141K(164864K)
[6474.343s][info][gc,heap        ] GC(1897) ParOldGen: 4457879K(4457984K)->4551999K(4552192K)
[6474.343s][info][gc,metaspace   ] GC(1897) Metaspace: 29149K(29504K)->29149K(29504K) NonClass: 24257K(24384K)->24257K(24384K) Class: 4891K(5120K)->4891K(5120K)
[6474.343s][info][gc             ] GC(1897) Pause Young (Allocation Failure) 6902M->4581M(7011M) 100.314ms
[6474.343s][info][gc,cpu         ] GC(1897) User=0.56s Sys=0.02s Real=0.10s
.[6476.084s][info][gc,start       ] GC(1898) Pause Young (Allocation Failure)
[6476.188s][info][gc,heap        ] GC(1898) PSYoungGen: 2601349K(2627072K)->153936K(2628096K) Eden: 2462208K(2462208K)->0K(2463744K) From: 139141K(164864K)->153936K(164352K)
[6476.188s][info][gc,heap        ] GC(1898) ParOldGen: 4551999K(4552192K)->4642871K(4643328K)
[6476.188s][info][gc,metaspace   ] GC(1898) Metaspace: 29149K(29504K)->29149K(29504K) NonClass: 24257K(24384K)->24257K(24384K) Class: 4891K(5120K)->4891K(5120K)
[6476.188s][info][gc             ] GC(1898) Pause Young (Allocation Failure) 6985M->4684M(7101M) 103.925ms
[6476.188s][info][gc,cpu         ] GC(1898) User=0.58s Sys=0.03s Real=0.10s
..[6477.993s][info][gc,start       ] GC(1899) Pause Young (Allocation Failure)
[6478.094s][info][gc,heap        ] GC(1899) PSYoungGen: 2617680K(2628096K)->147392K(2629120K) Eden: 2463744K(2463744K)->0K(2463744K) From: 153936K(164352K)->147392K(165376K)
[6478.094s][info][gc,heap        ] GC(1899) ParOldGen: 4642871K(4643328K)->4734807K(4734976K)
[6478.094s][info][gc,metaspace   ] GC(1899) Metaspace: 29149K(29504K)->29149K(29504K) NonClass: 24257K(24384K)->24257K(24384K) Class: 4891K(5120K)->4891K(5120K)
[6478.094s][info][gc             ] GC(1899) Pause Young (Allocation Failure) 7090M->4767M(7191M) 101.015ms
[6478.094s][info][gc,cpu         ] GC(1899) User=0.58s Sys=0.02s Real=0.11s
..[6479.874s][info][gc,start       ] GC(1900) Pause Young (Allocation Failure)
[6479.977s][info][gc,heap        ] GC(1900) PSYoungGen: 2611136K(2629120K)->147561K(2628096K) Eden: 2463744K(2463744K)->0K(2466816K) From: 147392K(165376K)->147561K(161280K)
[6479.977s][info][gc,heap        ] GC(1900) ParOldGen: 4734807K(4734976K)->4828199K(4828672K)
[6479.977s][info][gc,metaspace   ] GC(1900) Metaspace: 29149K(29504K)->29149K(29504K) NonClass: 24257K(24384K)->24257K(24384K) Class: 4891K(5120K)->4891K(5120K)
[6479.977s][info][gc             ] GC(1900) Pause Young (Allocation Failure) 7173M->4859M(7282M) 102.982ms
[6479.977s][info][gc,cpu         ] GC(1900) User=0.59s Sys=0.02s Real=0.10s
..[6481.734s][info][gc,start       ] GC(1901) Pause Young (Allocation Failure)
[6481.837s][info][gc,heap        ] GC(1901) PSYoungGen: 2614377K(2628096K)->147474K(2629120K) Eden: 2466816K(2466816K)->0K(2466816K) From: 147561K(161280K)->147474K(162304K)
[6481.837s][info][gc,heap        ] GC(1901) ParOldGen: 4828199K(4828672K)->4917487K(4917760K)
[6481.837s][info][gc,metaspace   ] GC(1901) Metaspace: 29149K(29504K)->29149K(29504K) NonClass: 24257K(24384K)->24257K(24384K) Class: 4891K(5120K)->4891K(5120K)
[6481.837s][info][gc             ] GC(1901) Pause Young (Allocation Failure) 7268M->4946M(7370M) 102.670ms
[6481.837s][info][gc,cpu         ] GC(1901) User=0.59s Sys=0.02s Real=0.10s
..[6483.562s][info][gc,start       ] GC(1902) Pause Young (Allocation Failure)
[6483.665s][info][gc,heap        ] GC(1902) PSYoungGen: 2614290K(2629120K)->144672K(2632192K) Eden: 2466816K(2466816K)->0K(2472960K) From: 147474K(162304K)->144672K(159232K)
[6483.665s][info][gc,heap        ] GC(1902) ParOldGen: 4917487K(4917760K)->5011239K(5011456K)
[6483.665s][info][gc,metaspace   ] GC(1902) Metaspace: 29149K(29504K)->29149K(29504K) NonClass: 24257K(24384K)->24257K(24384K) Class: 4891K(5120K)->4891K(5120K)
[6483.665s][info][gc             ] GC(1902) Pause Young (Allocation Failure) 7355M->5035M(7464M) 103.116ms
[6483.665s][info][gc,cpu         ] GC(1902) User=0.59s Sys=0.01s Real=0.11s
..[6485.462s][info][gc,start       ] GC(1903) Pause Young (Allocation Failure)
[6485.565s][info][gc,heap        ] GC(1903) PSYoungGen: 2617632K(2632192K)->146560K(2632704K) Eden: 2472960K(2472960K)->0K(2472960K) From: 144672K(159232K)->146560K(159744K)
[6485.565s][info][gc,heap        ] GC(1903) ParOldGen: 5011239K(5011456K)->5101343K(5101568K)
[6485.565s][info][gc,metaspace   ] GC(1903) Metaspace: 29149K(29504K)->29149K(29504K) NonClass: 24257K(24384K)->24257K(24384K) Class: 4891K(5120K)->4891K(5120K)
[6485.565s][info][gc             ] GC(1903) Pause Young (Allocation Failure) 7450M->5124M(7553M) 103.018ms
[6485.565s][info][gc,cpu         ] GC(1903) User=0.57s Sys=0.03s Real=0.11s
..[6487.339s][info][gc,start       ] GC(1904) Pause Young (Allocation Failure)
[6487.440s][info][gc,heap        ] GC(1904) PSYoungGen: 2619520K(2632704K)->145749K(2634752K) Eden: 2472960K(2472960K)->0K(2477568K) From: 146560K(159744K)->145749K(157184K)
[6487.440s][info][gc,heap        ] GC(1904) ParOldGen: 5101343K(5101568K)->5191783K(5192192K)
[6487.440s][info][gc,metaspace   ] GC(1904) Metaspace: 29149K(29504K)->29149K(29504K) NonClass: 24257K(24384K)->24257K(24384K) Class: 4891K(5120K)->4891K(5120K)
[6487.440s][info][gc             ] GC(1904) Pause Young (Allocation Failure) 7539M->5212M(7643M) 101.161ms
[6487.440s][info][gc,cpu         ] GC(1904) User=0.56s Sys=0.03s Real=0.10s
.[6489.228s][info][gc,start       ] GC(1905) Pause Young (Allocation Failure)
[6489.329s][info][gc,heap        ] GC(1905) PSYoungGen: 2623317K(2634752K)->138400K(2635264K) Eden: 2477568K(2477568K)->0K(2477568K) From: 145749K(157184K)->138400K(157696K)
[6489.329s][info][gc,heap        ] GC(1905) ParOldGen: 5191783K(5192192K)->5285879K(5285888K)
[6489.329s][info][gc,metaspace   ] GC(1905) Metaspace: 29149K(29504K)->29149K(29504K) NonClass: 24257K(24384K)->24257K(24384K) Class: 4891K(5120K)->4891K(5120K)
[6489.329s][info][gc             ] GC(1905) Pause Young (Allocation Failure) 7631M->5297M(7735M) 101.436ms
[6489.329s][info][gc,cpu         ] GC(1905) User=0.57s Sys=0.03s Real=0.10s
..[6491.127s][info][gc,start       ] GC(1906) Pause Young (Allocation Failure)
[6491.238s][info][gc,heap        ] GC(1906) PSYoungGen: 2615968K(2635264K)->158176K(2564096K) Eden: 2477568K(2477568K)->0K(2405888K) From: 138400K(157696K)->158176K(158208K)
[6491.238s][info][gc,heap        ] GC(1906) ParOldGen: 5285879K(5285888K)->5377231K(5377536K)
[6491.238s][info][gc,metaspace   ] GC(1906) Metaspace: 29149K(29504K)->29149K(29504K) NonClass: 24257K(24384K)->24257K(24384K) Class: 4891K(5120K)->4891K(5120K)
[6491.238s][info][gc             ] GC(1906) Pause Young (Allocation Failure) 7716M->5405M(7755M) 110.896ms
[6491.238s][info][gc,cpu         ] GC(1906) User=0.61s Sys=0.04s Real=0.11s
..[6492.946s][info][gc,start       ] GC(1907) Pause Young (Allocation Failure)
[6493.053s][info][gc,heap        ] GC(1907) PSYoungGen: 2564064K(2564096K)->154314K(2600960K) Eden: 2405888K(2405888K)->0K(2405888K) From: 158176K(158208K)->154314K(195072K)
[6493.053s][info][gc,heap        ] GC(1907) ParOldGen: 5377231K(5377536K)->5469847K(5470208K)
[6493.053s][info][gc,metaspace   ] GC(1907) Metaspace: 29149K(29504K)->29149K(29504K) NonClass: 24257K(24384K)->24257K(24384K) Class: 4891K(5120K)->4891K(5120K)
[6493.053s][info][gc             ] GC(1907) Pause Young (Allocation Failure) 7755M->5492M(7882M) 106.978ms
[6493.053s][info][gc,cpu         ] GC(1907) User=0.60s Sys=0.03s Real=0.10s
..[6494.744s][info][gc,start       ] GC(1908) Pause Young (Allocation Failure)
[6494.845s][info][gc,heap        ] GC(1908) PSYoungGen: 2560202K(2600960K)->142448K(2594816K) Eden: 2405888K(2405888K)->0K(2408960K) From: 154314K(195072K)->142448K(185856K)
[6494.845s][info][gc,heap        ] GC(1908) ParOldGen: 5469847K(5470208K)->5562335K(5562368K)
[6494.845s][info][gc,metaspace   ] GC(1908) Metaspace: 29149K(29504K)->29149K(29504K) NonClass: 24257K(24384K)->24257K(24384K) Class: 4891K(5120K)->4891K(5120K)
[6494.845s][info][gc             ] GC(1908) Pause Young (Allocation Failure) 7841M->5571M(7966M) 100.681ms
[6494.845s][info][gc,cpu         ] GC(1908) User=0.58s Sys=0.02s Real=0.10s
..[6496.605s][info][gc,start       ] GC(1909) Pause Full (Allocation Failure)
[6496.605s][info][gc,phases,start] GC(1909) Marking Phase
[6496.904s][info][gc,phases      ] GC(1909) Marking Phase 299.127ms
[6496.904s][info][gc,phases,start] GC(1909) Summary Phase
[6496.905s][info][gc,phases      ] GC(1909) Summary Phase 0.105ms
[6496.905s][info][gc,phases,start] GC(1909) Forward
[6497.047s][info][gc,phases      ] GC(1909) Forward 142.764ms
[6497.047s][info][gc,phases,start] GC(1909) Adjust Pointers
[6497.252s][info][gc,phases      ] GC(1909) Adjust Pointers 204.666ms
[6497.252s][info][gc,phases,start] GC(1909) Compaction Phase
[6497.382s][info][gc,phases      ] GC(1909) Compaction Phase 129.635ms
[6497.383s][info][gc,phases,start] GC(1909) Post Compact
[6497.390s][info][gc,phases      ] GC(1909) Post Compact 6.792ms
[6497.527s][info][gc,heap        ] GC(1909) PSYoungGen: 2551408K(2594816K)->0K(2599424K) Eden: 2408960K(2408960K)->0K(2408960K) From: 142448K(185856K)->0K(190464K)
[6497.527s][info][gc,heap        ] GC(1909) ParOldGen: 5562335K(5562368K)->1442356K(1745920K)
[6497.527s][info][gc,metaspace   ] GC(1909) Metaspace: 29149K(29504K)->29149K(29504K) NonClass: 24257K(24384K)->24257K(24384K) Class: 4891K(5120K)->4891K(5120K)
[6497.527s][info][gc             ] GC(1909) Pause Full (Allocation Failure) 7923M->1408M(4243M) 921.584ms
[6497.527s][info][gc,cpu         ] GC(1909) User=4.11s Sys=0.14s Real=0.92s
..[6498.924s][info][gc,start       ] GC(1910) Pause Young (Allocation Failure)
[6498.999s][info][gc,heap        ] GC(1910) PSYoungGen: 2408960K(2599424K)->157280K(2600448K) Eden: 2408960K(2408960K)->0K(2415104K) From: 0K(190464K)->157280K(185344K)
[6498.999s][info][gc,heap        ] GC(1910) ParOldGen: 1442356K(1745920K)->1442356K(1745920K)
[6498.999s][info][gc,metaspace   ] GC(1910) Metaspace: 29149K(29504K)->29149K(29504K) NonClass: 24257K(24384K)->24257K(24384K) Class: 4891K(5120K)->4891K(5120K)
[6498.999s][info][gc             ] GC(1910) Pause Young (Allocation Failure) 3761M->1562M(4244M) 74.557ms
[6498.999s][info][gc,cpu         ] GC(1910) User=0.43s Sys=0.00s Real=0.07s
.[6500.382s][info][gc,start       ] GC(1911) Pause Young (Allocation Failure)
[6500.479s][info][gc,heap        ] GC(1911) PSYoungGen: 2572384K(2600448K)->144804K(2603008K) Eden: 2415104K(2415104K)->0K(2415104K) From: 157280K(185344K)->144804K(187904K)
[6500.479s][info][gc,heap        ] GC(1911) ParOldGen: 1442356K(1745920K)->1536860K(1745920K)
[6500.479s][info][gc,metaspace   ] GC(1911) Metaspace: 29149K(29504K)->29149K(29504K) NonClass: 24257K(24384K)->24257K(24384K) Class: 4891K(5120K)->4891K(5120K)
[6500.479s][info][gc             ] GC(1911) Pause Young (Allocation Failure) 3920M->1642M(4247M) 96.769ms
[6500.479s][info][gc,cpu         ] GC(1911) User=0.57s Sys=0.00s Real=0.10s
. (rIR:aIR:PR = 10793:10744:10743) (tPR = 161805) [OK] 
  6500s: Performance info:
         Transaction,    Success,    Partial,     Failed,   Receipts, AvgBarcode, 
             Overall,     654289,          0,          0,     621626,      59.48, 
         Response times:
             Request,    Success,    Partial,     Failed,   SkipFail,     Probes,    Samples,      min,      p50,      p90,      p95,      p99,      max, 
       TotalPurchase,     621612,          0,          0,          0,     351293,     417687,      200,     8000,    84000,   191000,   398000,  1400000,
     InStorePurchase,     323190,          0,          0,          0,     184541,     218616,      200,     7900,    84000,   201000,   398000,  1400000,
      OnlinePurchase,     233197,          0,          0,          0,     129111,     153913,      200,     8200,    84000,   182000,   373000,  1400000,
        InstPurchase,      65225,          0,          0,          0,      37641,      45158,      300,     7800,    83000,   184000,   429000,  1300000,
          AssocOfCat,        655,          0,          0,          0,        542,        751,    21000,    46000,   107800,   198000,   375920,   630000,
      AssocOfProduct,       6521,          0,          0,          0,       3679,       4594,      400,     9400,    86000,   125250,   273000,   436000,
      BusinessReport,       1635,          0,          0,          0,       1429,       1873,    24000,    55000,   152000,   249000,   401340,  1400000,
          CustBuyBeh,       6551,          0,          0,          0,       3699,       4585,      200,     9300,    92000,   163000,   341980,   434000,
       ProductReturn,      17375,          0,          0,          0,       9286,      11288,      200,     7600,    73000,   126000,   319000,   550000,

  6500s: (79%)   IR =  10931 .[6502.229s][info][gc,start       ] GC(1912) Pause Young (Allocation Failure)
[6502.317s][info][gc,heap        ] GC(1912) PSYoungGen: 2559908K(2603008K)->131888K(2608128K) Eden: 2415104K(2415104K)->0K(2421760K) From: 144804K(187904K)->131888K(186368K)
[6502.317s][info][gc,heap        ] GC(1912) ParOldGen: 1536860K(1745920K)->1628652K(1745920K)
[6502.317s][info][gc,metaspace   ] GC(1912) Metaspace: 29149K(29504K)->29149K(29504K) NonClass: 24257K(24384K)->24257K(24384K) Class: 4891K(5120K)->4891K(5120K)
[6502.318s][info][gc             ] GC(1912) Pause Young (Allocation Failure) 4000M->1719M(4252M) 88.034ms
[6502.318s][info][gc,cpu         ] GC(1912) User=0.52s Sys=0.01s Real=0.09s
..[6504.031s][info][gc,start       ] GC(1913) Pause Young (Allocation Failure)
[6504.128s][info][gc,heap        ] GC(1913) PSYoungGen: 2553648K(2608128K)->155200K(2577408K) Eden: 2421760K(2421760K)->0K(2421760K) From: 131888K(186368K)->155200K(155648K)
[6504.128s][info][gc,heap        ] GC(1913) ParOldGen: 1628652K(1745920K)->1718036K(1745920K)
[6504.128s][info][gc,metaspace   ] GC(1913) Metaspace: 29149K(29504K)->29149K(29504K) NonClass: 24257K(24384K)->24257K(24384K) Class: 4891K(5120K)->4891K(5120K)
[6504.128s][info][gc             ] GC(1913) Pause Young (Allocation Failure) 4084M->1829M(4222M) 96.977ms
[6504.128s][info][gc,cpu         ] GC(1913) User=0.57s Sys=0.00s Real=0.10s
.[6505.751s][info][gc,start       ] GC(1914) Pause Young (Allocation Failure)
[6505.852s][info][gc,heap        ] GC(1914) PSYoungGen: 2576960K(2577408K)->148484K(2610176K) Eden: 2421760K(2421760K)->0K(2425344K) From: 155200K(155648K)->148484K(184832K)
[6505.852s][info][gc,heap        ] GC(1914) ParOldGen: 1718036K(1745920K)->1811628K(1811968K)
[6505.852s][info][gc,metaspace   ] GC(1914) Metaspace: 29149K(29504K)->29149K(29504K) NonClass: 24257K(24384K)->24257K(24384K) Class: 4891K(5120K)->4891K(5120K)
[6505.852s][info][gc             ] GC(1914) Pause Young (Allocation Failure) 4194M->1914M(4318M) 100.295ms
[6505.852s][info][gc,cpu         ] GC(1914) User=0.57s Sys=0.02s Real=0.10s
..[6507.666s][info][gc,start       ] GC(1915) Pause Young (Allocation Failure)
[6507.766s][info][gc,heap        ] GC(1915) PSYoungGen: 2573828K(2610176K)->153259K(2607616K) Eden: 2425344K(2425344K)->0K(2425344K) From: 148484K(184832K)->153259K(182272K)
[6507.766s][info][gc,heap        ] GC(1915) ParOldGen: 1811628K(1811968K)->1898484K(1898496K)
[6507.766s][info][gc,metaspace   ] GC(1915) Metaspace: 29149K(29504K)->29149K(29504K) NonClass: 24257K(24384K)->24257K(24384K) Class: 4891K(5120K)->4891K(5120K)
[6507.767s][info][gc             ] GC(1915) Pause Young (Allocation Failure) 4282M->2003M(4400M) 100.583ms
[6507.767s][info][gc,cpu         ] GC(1915) User=0.56s Sys=0.04s Real=0.10s
..[6509.564s][info][gc,start       ] GC(1916) Pause Young (Allocation Failure)
[6509.660s][info][gc,heap        ] GC(1916) PSYoungGen: 2578603K(2607616K)->139808K(2609152K) Eden: 2425344K(2425344K)->0K(2429440K) From: 153259K(182272K)->139808K(179712K)
[6509.660s][info][gc,heap        ] GC(1916) ParOldGen: 1898484K(1898496K)->1991124K(1991168K)
[6509.660s][info][gc,metaspace   ] GC(1916) Metaspace: 29149K(29504K)->29149K(29504K) NonClass: 24257K(24384K)->24257K(24384K) Class: 4891K(5120K)->4891K(5120K)
[6509.660s][info][gc             ] GC(1916) Pause Young (Allocation Failure) 4372M->2080M(4492M) 96.052ms
[6509.660s][info][gc,cpu         ] GC(1916) User=0.55s Sys=0.03s Real=0.09s
.|.[6511.409s][info][gc,start       ] GC(1917) Pause Young (Allocation Failure)
[6511.510s][info][gc,heap        ] GC(1917) PSYoungGen: 2569248K(2609152K)->145940K(2608640K) Eden: 2429440K(2429440K)->0K(2429440K) From: 139808K(179712K)->145940K(179200K)
[6511.510s][info][gc,heap        ] GC(1917) ParOldGen: 1991124K(1991168K)->2082284K(2082304K)
[6511.510s][info][gc,metaspace   ] GC(1917) Metaspace: 29149K(29504K)->29149K(29504K) NonClass: 24257K(24384K)->24257K(24384K) Class: 4891K(5120K)->4891K(5120K)
[6511.510s][info][gc             ] GC(1917) Pause Young (Allocation Failure) 4453M->2176M(4581M) 100.823ms
[6511.510s][info][gc,cpu         ] GC(1917) User=0.57s Sys=0.03s Real=0.10s
..[6513.246s][info][gc,start       ] GC(1918) Pause Young (Allocation Failure)
[6513.349s][info][gc,heap        ] GC(1918) PSYoungGen: 2575380K(2608640K)->145738K(2614784K) Eden: 2429440K(2429440K)->0K(2439168K) From: 145940K(179200K)->145738K(175616K)
[6513.349s][info][gc,heap        ] GC(1918) ParOldGen: 2082284K(2082304K)->2173340K(2173440K)
[6513.349s][info][gc,metaspace   ] GC(1918) Metaspace: 29149K(29504K)->29149K(29504K) NonClass: 24257K(24384K)->24257K(24384K) Class: 4891K(5120K)->4891K(5120K)
[6513.349s][info][gc             ] GC(1918) Pause Young (Allocation Failure) 4548M->2264M(4676M) 102.932ms
[6513.349s][info][gc,cpu         ] GC(1918) User=0.58s Sys=0.03s Real=0.10s
..[6515.175s][info][gc,start       ] GC(1919) Pause Young (Allocation Failure)
[6515.277s][info][gc,heap        ] GC(1919) PSYoungGen: 2584906K(2614784K)->153797K(2614272K) Eden: 2439168K(2439168K)->0K(2439168K) From: 145738K(175616K)->153797K(175104K)
[6515.277s][info][gc,heap        ] GC(1919) ParOldGen: 2173340K(2173440K)->2264180K(2264576K)
[6515.277s][info][gc,metaspace   ] GC(1919) Metaspace: 29149K(29504K)->29149K(29504K) NonClass: 24257K(24384K)->24257K(24384K) Class: 4891K(5120K)->4891K(5120K)
[6515.277s][info][gc             ] GC(1919) Pause Young (Allocation Failure) 4646M->2361M(4764M) 101.979ms
[6515.277s][info][gc,cpu         ] GC(1919) User=0.58s Sys=0.03s Real=0.10s
.[6516.953s][info][gc,start       ] GC(1920) Pause Young (Allocation Failure)
[6517.051s][info][gc,heap        ] GC(1920) PSYoungGen: 2592965K(2614272K)->142336K(2619904K) Eden: 2439168K(2439168K)->0K(2446336K) From: 153797K(175104K)->142336K(173568K)
[6517.051s][info][gc,heap        ] GC(1920) ParOldGen: 2264180K(2264576K)->2356532K(2356736K)
[6517.051s][info][gc,metaspace   ] GC(1920) Metaspace: 29149K(29504K)->29149K(29504K) NonClass: 24257K(24384K)->24257K(24384K) Class: 4891K(5120K)->4891K(5120K)
[6517.051s][info][gc             ] GC(1920) Pause Young (Allocation Failure) 4743M->2440M(4860M) 98.648ms
[6517.052s][info][gc,cpu         ] GC(1920) User=0.56s Sys=0.03s Real=0.10s
..[6518.739s][info][gc,start       ] GC(1921) Pause Young (Allocation Failure)
[6518.840s][info][gc,heap        ] GC(1921) PSYoungGen: 2588672K(2619904K)->149137K(2619392K) Eden: 2446336K(2446336K)->0K(2446336K) From: 142336K(173568K)->149137K(173056K)
[6518.840s][info][gc,heap        ] GC(1921) ParOldGen: 2356532K(2356736K)->2446028K(2446336K)
[6518.840s][info][gc,metaspace   ] GC(1921) Metaspace: 29149K(29504K)->29149K(29504K) NonClass: 24257K(24384K)->24257K(24384K) Class: 4891K(5120K)->4891K(5120K)
[6518.840s][info][gc             ] GC(1921) Pause Young (Allocation Failure) 4829M->2534M(4947M) 101.318ms
[6518.841s][info][gc,cpu         ] GC(1921) User=0.57s Sys=0.02s Real=0.10s
..[6520.572s][info][gc,start       ] GC(1922) Pause Young (Allocation Failure)
[6520.672s][info][gc,heap        ] GC(1922) PSYoungGen: 2595473K(2619392K)->147968K(2620928K) Eden: 2446336K(2446336K)->0K(2451456K) From: 149137K(173056K)->147968K(169472K)
[6520.672s][info][gc,heap        ] GC(1922) ParOldGen: 2446028K(2446336K)->2535836K(2535936K)
[6520.672s][info][gc,metaspace   ] GC(1922) Metaspace: 29149K(29504K)->29149K(29504K) NonClass: 24257K(24384K)->24257K(24384K) Class: 4891K(5120K)->4891K(5120K)
[6520.672s][info][gc             ] GC(1922) Pause Young (Allocation Failure) 4923M->2620M(5036M) 100.131ms
[6520.672s][info][gc,cpu         ] GC(1922) User=0.57s Sys=0.03s Real=0.10s
..[6522.497s][info][gc,start       ] GC(1923) Pause Young (Allocation Failure)
[6522.595s][info][gc,heap        ] GC(1923) PSYoungGen: 2599424K(2620928K)->141952K(2620416K) Eden: 2451456K(2451456K)->0K(2451456K) From: 147968K(169472K)->141952K(168960K)
[6522.595s][info][gc,heap        ] GC(1923) ParOldGen: 2535836K(2535936K)->2627932K(2628096K)
[6522.595s][info][gc,metaspace   ] GC(1923) Metaspace: 29149K(29504K)->29149K(29504K) NonClass: 24257K(24384K)->24257K(24384K) Class: 4891K(5120K)->4891K(5120K)
[6522.595s][info][gc             ] GC(1923) Pause Young (Allocation Failure) 5014M->2704M(5125M) 98.094ms
[6522.595s][info][gc,cpu         ] GC(1923) User=0.54s Sys=0.03s Real=0.10s
..[6524.321s][info][gc,start       ] GC(1924) Pause Young (Allocation Failure)
[6524.417s][info][gc,heap        ] GC(1924) PSYoungGen: 2593408K(2620416K)->135520K(2626048K) Eden: 2451456K(2451456K)->0K(2457600K) From: 141952K(168960K)->135520K(168448K)
[6524.417s][info][gc,heap        ] GC(1924) ParOldGen: 2627932K(2628096K)->2720516K(2720768K)
[6524.417s][info][gc,metaspace   ] GC(1924) Metaspace: 29149K(29504K)->29149K(29504K) NonClass: 24257K(24384K)->24257K(24384K) Class: 4891K(5120K)->4891K(5120K)
[6524.417s][info][gc             ] GC(1924) Pause Young (Allocation Failure) 5098M->2789M(5221M) 96.259ms
[6524.417s][info][gc,cpu         ] GC(1924) User=0.54s Sys=0.03s Real=0.10s
..[6526.206s][info][gc,start       ] GC(1925) Pause Young (Allocation Failure)
[6526.304s][info][gc,heap        ] GC(1925) PSYoungGen: 2593120K(2626048K)->142016K(2626048K) Eden: 2457600K(2457600K)->0K(2457600K) From: 135520K(168448K)->142016K(168448K)
[6526.304s][info][gc,heap        ] GC(1925) ParOldGen: 2720516K(2720768K)->2810084K(2810368K)
[6526.304s][info][gc,metaspace   ] GC(1925) Metaspace: 29149K(29504K)->29149K(29504K) NonClass: 24257K(24384K)->24257K(24384K) Class: 4891K(5120K)->4891K(5120K)
[6526.304s][info][gc             ] GC(1925) Pause Young (Allocation Failure) 5189M->2882M(5309M) 97.774ms
[6526.304s][info][gc,cpu         ] GC(1925) User=0.55s Sys=0.02s Real=0.10s
.[6528.020s][info][gc,start       ] GC(1926) Pause Young (Allocation Failure)
[6528.119s][info][gc,heap        ] GC(1926) PSYoungGen: 2599616K(2626048K)->146112K(2624512K) Eden: 2457600K(2457600K)->0K(2460160K) From: 142016K(168448K)->146112K(164352K)
[6528.119s][info][gc,heap        ] GC(1926) ParOldGen: 2810084K(2810368K)->2902244K(2902528K)
[6528.119s][info][gc,metaspace   ] GC(1926) Metaspace: 29149K(29504K)->29149K(29504K) NonClass: 24257K(24384K)->24257K(24384K) Class: 4891K(5120K)->4891K(5120K)
[6528.119s][info][gc             ] GC(1926) Pause Young (Allocation Failure) 5282M->2976M(5397M) 99.485ms
[6528.120s][info][gc,cpu         ] GC(1926) User=0.56s Sys=0.02s Real=0.10s
..[6529.848s][info][gc,start       ] GC(1927) Pause Young (Allocation Failure)
[6529.951s][info][gc,heap        ] GC(1927) PSYoungGen: 2606272K(2624512K)->151172K(2625536K) Eden: 2460160K(2460160K)->0K(2460160K) From: 146112K(164352K)->151172K(165376K)
[6529.951s][info][gc,heap        ] GC(1927) ParOldGen: 2902244K(2902528K)->2994620K(2994688K)
[6529.951s][info][gc,metaspace   ] GC(1927) Metaspace: 29149K(29504K)->29149K(29504K) NonClass: 24257K(24384K)->24257K(24384K) Class: 4891K(5120K)->4891K(5120K)
[6529.951s][info][gc             ] GC(1927) Pause Young (Allocation Failure) 5379M->3072M(5488M) 103.093ms
[6529.951s][info][gc,cpu         ] GC(1927) User=0.58s Sys=0.03s Real=0.10s
..[6531.680s][info][gc,start       ] GC(1928) Pause Young (Allocation Failure)
[6531.781s][info][gc,heap        ] GC(1928) PSYoungGen: 2611332K(2625536K)->147653K(2627584K) Eden: 2460160K(2460160K)->0K(2465280K) From: 151172K(165376K)->147653K(162304K)
[6531.781s][info][gc,heap        ] GC(1928) ParOldGen: 2994620K(2994688K)->3085780K(3085824K)
[6531.781s][info][gc,metaspace   ] GC(1928) Metaspace: 29149K(29504K)->29149K(29504K) NonClass: 24257K(24384K)->24257K(24384K) Class: 4891K(5120K)->4891K(5120K)
[6531.781s][info][gc             ] GC(1928) Pause Young (Allocation Failure) 5474M->3157M(5579M) 101.220ms
[6531.781s][info][gc,cpu         ] GC(1928) User=0.57s Sys=0.03s Real=0.10s
..[6533.507s][info][gc,start       ] GC(1929) Pause Young (Allocation Failure)
[6533.609s][info][gc,heap        ] GC(1929) PSYoungGen: 2612933K(2627584K)->144890K(2629120K) Eden: 2465280K(2465280K)->0K(2465280K) From: 147653K(162304K)->144890K(163840K)
[6533.609s][info][gc,heap        ] GC(1929) ParOldGen: 3085780K(3085824K)->3178356K(3178496K)
[6533.609s][info][gc,metaspace   ] GC(1929) Metaspace: 29149K(29504K)->29149K(29504K) NonClass: 24257K(24384K)->24257K(24384K) Class: 4891K(5120K)->4891K(5120K)
[6533.609s][info][gc             ] GC(1929) Pause Young (Allocation Failure) 5565M->3245M(5671M) 101.467ms
[6533.609s][info][gc,cpu         ] GC(1929) User=0.57s Sys=0.04s Real=0.10s
..[6535.294s][info][gc,start       ] GC(1930) Pause Young (Allocation Failure)
[6535.396s][info][gc,heap        ] GC(1930) PSYoungGen: 2610170K(2629120K)->145290K(2630144K) Eden: 2465280K(2465280K)->0K(2469888K) From: 144890K(163840K)->145290K(160256K)
[6535.396s][info][gc,heap        ] GC(1930) ParOldGen: 3178356K(3178496K)->3270780K(3271168K)
[6535.396s][info][gc,metaspace   ] GC(1930) Metaspace: 29149K(29504K)->29149K(29504K) NonClass: 24257K(24384K)->24257K(24384K) Class: 4891K(5120K)->4891K(5120K)
[6535.396s][info][gc             ] GC(1930) Pause Young (Allocation Failure) 5652M->3336M(5763M) 102.238ms
[6535.396s][info][gc,cpu         ] GC(1930) User=0.58s Sys=0.02s Real=0.10s
.[6537.166s][info][gc,start       ] GC(1931) Pause Young (Allocation Failure)
[6537.273s][info][gc,heap        ] GC(1931) PSYoungGen: 2615178K(2630144K)->158820K(2631168K) Eden: 2469888K(2469888K)->0K(2469888K) From: 145290K(160256K)->158820K(161280K)
[6537.273s][info][gc,heap        ] GC(1931) ParOldGen: 3270780K(3271168K)->3362108K(3362304K)
[6537.273s][info][gc,metaspace   ] GC(1931) Metaspace: 29149K(29504K)->29149K(29504K) NonClass: 24257K(24384K)->24257K(24384K) Class: 4891K(5120K)->4891K(5120K)
[6537.273s][info][gc             ] GC(1931) Pause Young (Allocation Failure) 5748M->3438M(5853M) 106.772ms
[6537.273s][info][gc,cpu         ] GC(1931) User=0.61s Sys=0.02s Real=0.10s
..[6538.938s][info][gc,start       ] GC(1932) Pause Young (Allocation Failure)
[6539.042s][info][gc,heap        ] GC(1932) PSYoungGen: 2628708K(2631168K)->154960K(2629632K) Eden: 2469888K(2469888K)->0K(2465280K) From: 158820K(161280K)->154960K(164352K)
[6539.042s][info][gc,heap        ] GC(1932) ParOldGen: 3362108K(3362304K)->3454092K(3454464K)
[6539.042s][info][gc,metaspace   ] GC(1932) Metaspace: 29149K(29504K)->29149K(29504K) NonClass: 24257K(24384K)->24257K(24384K) Class: 4891K(5120K)->4891K(5120K)
[6539.042s][info][gc             ] GC(1932) Pause Young (Allocation Failure) 5850M->3524M(5941M) 104.146ms
[6539.042s][info][gc,cpu         ] GC(1932) User=0.58s Sys=0.03s Real=0.10s
..[6540.783s][info][gc,start       ] GC(1933) Pause Young (Allocation Failure)
[6540.880s][info][gc,heap        ] GC(1933) PSYoungGen: 2620240K(2629632K)->139232K(2630656K) Eden: 2465280K(2465280K)->0K(2465280K) From: 154960K(164352K)->139232K(165376K)
[6540.880s][info][gc,heap        ] GC(1933) ParOldGen: 3454092K(3454464K)->3547460K(3547648K)
[6540.880s][info][gc,metaspace   ] GC(1933) Metaspace: 29149K(29504K)->29149K(29504K) NonClass: 24257K(24384K)->24257K(24384K) Class: 4891K(5120K)->4891K(5120K)
[6540.880s][info][gc             ] GC(1933) Pause Young (Allocation Failure) 5931M->3600M(6033M) 97.439ms
[6540.880s][info][gc,cpu         ] GC(1933) User=0.55s Sys=0.02s Real=0.10s
..[6542.741s][info][gc,start       ] GC(1934) Pause Young (Allocation Failure)
[6542.845s][info][gc,heap        ] GC(1934) PSYoungGen: 2604512K(2630656K)->152793K(2630656K) Eden: 2465280K(2465280K)->0K(2465280K) From: 139232K(165376K)->152793K(165376K)
[6542.845s][info][gc,heap        ] GC(1934) ParOldGen: 3547460K(3547648K)->3637988K(3638272K)
[6542.845s][info][gc,metaspace   ] GC(1934) Metaspace: 29149K(29504K)->29149K(29504K) NonClass: 24257K(24384K)->24257K(24384K) Class: 4891K(5120K)->4891K(5120K)
[6542.845s][info][gc             ] GC(1934) Pause Young (Allocation Failure) 6007M->3701M(6122M) 104.343ms
[6542.845s][info][gc,cpu         ] GC(1934) User=0.60s Sys=0.03s Real=0.11s
..[6544.552s][info][gc,start       ] GC(1935) Pause Young (Allocation Failure)
[6544.651s][info][gc,heap        ] GC(1935) PSYoungGen: 2618073K(2630656K)->142533K(2608128K) Eden: 2465280K(2465280K)->0K(2465280K) From: 152793K(165376K)->142533K(142848K)
[6544.651s][info][gc,heap        ] GC(1935) ParOldGen: 3637988K(3638272K)->3732020K(3732480K)
[6544.651s][info][gc,metaspace   ] GC(1935) Metaspace: 29149K(29504K)->29149K(29504K) NonClass: 24257K(24384K)->24257K(24384K) Class: 4891K(5120K)->4891K(5120K)
[6544.651s][info][gc             ] GC(1935) Pause Young (Allocation Failure) 6109M->3783M(6192M) 99.225ms
[6544.651s][info][gc,cpu         ] GC(1935) User=0.56s Sys=0.03s Real=0.10s
..[6546.425s][info][gc,start       ] GC(1936) Pause Young (Allocation Failure)
[6546.527s][info][gc,heap        ] GC(1936) PSYoungGen: 2607813K(2608128K)->147616K(2631168K) Eden: 2465280K(2465280K)->0K(2466816K) From: 142533K(142848K)->147616K(164352K)
[6546.527s][info][gc,heap        ] GC(1936) ParOldGen: 3732020K(3732480K)->3821660K(3822080K)
[6546.527s][info][gc,metaspace   ] GC(1936) Metaspace: 29149K(29504K)->29149K(29504K) NonClass: 24257K(24384K)->24257K(24384K) Class: 4891K(5120K)->4891K(5120K)
[6546.527s][info][gc             ] GC(1936) Pause Young (Allocation Failure) 6191M->3876M(6302M) 101.417ms
[6546.527s][info][gc,cpu         ] GC(1936) User=0.55s Sys=0.04s Real=0.10s
.[6548.309s][info][gc,start       ] GC(1937) Pause Young (Allocation Failure)
[6548.414s][info][gc,heap        ] GC(1937) PSYoungGen: 2614432K(2631168K)->153464K(2629632K) Eden: 2466816K(2466816K)->0K(2466816K) From: 147616K(164352K)->153464K(162816K)
[6548.414s][info][gc,heap        ] GC(1937) ParOldGen: 3821660K(3822080K)->3914524K(3914752K)
[6548.414s][info][gc,metaspace   ] GC(1937) Metaspace: 29149K(29504K)->29149K(29504K) NonClass: 24257K(24384K)->24257K(24384K) Class: 4891K(5120K)->4891K(5120K)
[6548.414s][info][gc             ] GC(1937) Pause Young (Allocation Failure) 6285M->3972M(6391M) 105.757ms
[6548.414s][info][gc,cpu         ] GC(1937) User=0.61s Sys=0.02s Real=0.11s
..[6550.221s][info][gc,start       ] GC(1938) Pause Young (Allocation Failure)
[6550.322s][info][gc,heap        ] GC(1938) PSYoungGen: 2620280K(2629632K)->144698K(2632704K) Eden: 2466816K(2466816K)->0K(2469376K) From: 153464K(162816K)->144698K(163328K)
[6550.322s][info][gc,heap        ] GC(1938) ParOldGen: 3914524K(3914752K)->4005188K(4005376K)
[6550.322s][info][gc,metaspace   ] GC(1938) Metaspace: 29149K(29504K)->29149K(29504K) NonClass: 24257K(24384K)->24257K(24384K) Class: 4891K(5120K)->4891K(5120K)
[6550.322s][info][gc             ] GC(1938) Pause Young (Allocation Failure) 6381M->4052M(6482M) 101.591ms
[6550.323s][info][gc,cpu         ] GC(1938) User=0.58s Sys=0.02s Real=0.10s
..[6552.103s][info][gc,start       ] GC(1939) Pause Young (Allocation Failure)
[6552.202s][info][gc,heap        ] GC(1939) PSYoungGen: 2614074K(2632704K)->144512K(2614272K) Eden: 2469376K(2469376K)->0K(2469376K) From: 144698K(163328K)->144512K(144896K)
[6552.202s][info][gc,heap        ] GC(1939) ParOldGen: 4005188K(4005376K)->4096844K(4097024K)
[6552.202s][info][gc,metaspace   ] GC(1939) Metaspace: 29149K(29504K)->29149K(29504K) NonClass: 24257K(24384K)->24257K(24384K) Class: 4891K(5120K)->4891K(5120K)
[6552.202s][info][gc             ] GC(1939) Pause Young (Allocation Failure) 6464M->4141M(6554M) 99.023ms
[6552.202s][info][gc,cpu         ] GC(1939) User=0.57s Sys=0.02s Real=0.10s
..[6553.899s][info][gc,start       ] GC(1940) Pause Young (Allocation Failure)
[6553.998s][info][gc,heap        ] GC(1940) PSYoungGen: 2613888K(2614272K)->143456K(2632192K) Eden: 2469376K(2469376K)->0K(2470400K) From: 144512K(144896K)->143456K(161792K)
[6553.998s][info][gc,heap        ] GC(1940) ParOldGen: 4096844K(4097024K)->4189460K(4189696K)
[6553.998s][info][gc,metaspace   ] GC(1940) Metaspace: 29149K(29504K)->29149K(29504K) NonClass: 24257K(24384K)->24257K(24384K) Class: 4891K(5120K)->4891K(5120K)
[6553.998s][info][gc             ] GC(1940) Pause Young (Allocation Failure) 6553M->4231M(6662M) 99.066ms
[6553.998s][info][gc,cpu         ] GC(1940) User=0.55s Sys=0.05s Real=0.10s
..[6555.784s][info][gc,start       ] GC(1941) Pause Young (Allocation Failure)
[6555.889s][info][gc,heap        ] GC(1941) PSYoungGen: 2613856K(2632192K)->157527K(2631680K) Eden: 2470400K(2470400K)->0K(2470400K) From: 143456K(161792K)->157527K(161280K)
[6555.889s][info][gc,heap        ] GC(1941) ParOldGen: 4189460K(4189696K)->4277892K(4278272K)
[6555.889s][info][gc,metaspace   ] GC(1941) Metaspace: 29149K(29504K)->29149K(29504K) NonClass: 24257K(24384K)->24257K(24384K) Class: 4891K(5120K)->4891K(5120K)
[6555.889s][info][gc             ] GC(1941) Pause Young (Allocation Failure) 6643M->4331M(6748M) 105.524ms
[6555.889s][info][gc,cpu         ] GC(1941) User=0.61s Sys=0.02s Real=0.10s
..[6557.590s][info][gc,start       ] GC(1942) Pause Young (Allocation Failure)
[6557.694s][info][gc,heap        ] GC(1942) PSYoungGen: 2627927K(2631680K)->147595K(2633728K) Eden: 2470400K(2470400K)->0K(2470400K) From: 157527K(161280K)->147595K(163328K)
[6557.694s][info][gc,heap        ] GC(1942) ParOldGen: 4277892K(4278272K)->4373740K(4374016K)
[6557.694s][info][gc,metaspace   ] GC(1942) Metaspace: 29149K(29504K)->29149K(29504K) NonClass: 24257K(24384K)->24257K(24384K) Class: 4891K(5120K)->4891K(5120K)
[6557.694s][info][gc             ] GC(1942) Pause Young (Allocation Failure) 6743M->4415M(6843M) 104.405ms
[6557.694s][info][gc,cpu         ] GC(1942) User=0.59s Sys=0.03s Real=0.11s
.[6559.385s][info][gc,start       ] GC(1943) Pause Young (Allocation Failure)
[6559.483s][info][gc,heap        ] GC(1943) PSYoungGen: 2617995K(2633728K)->137824K(2632704K) Eden: 2470400K(2470400K)->0K(2470400K) From: 147595K(163328K)->137824K(162304K)
[6559.483s][info][gc,heap        ] GC(1943) ParOldGen: 4373740K(4374016K)->4464428K(4464640K)
[6559.483s][info][gc,metaspace   ] GC(1943) Metaspace: 29149K(29504K)->29149K(29504K) NonClass: 24257K(24384K)->24257K(24384K) Class: 4891K(5120K)->4891K(5120K)
[6559.483s][info][gc             ] GC(1943) Pause Young (Allocation Failure) 6827M->4494M(6931M) 97.616ms
[6559.483s][info][gc,cpu         ] GC(1943) User=0.55s Sys=0.03s Real=0.09s
..[6561.136s][info][gc,start       ] GC(1944) Pause Young (Allocation Failure)
[6561.240s][info][gc,heap        ] GC(1944) PSYoungGen: 2608224K(2632704K)->153568K(2631680K) Eden: 2470400K(2470400K)->0K(2469376K) From: 137824K(162304K)->153568K(162304K)
[6561.240s][info][gc,heap        ] GC(1944) ParOldGen: 4464428K(4464640K)->4555348K(4555776K)
[6561.240s][info][gc,metaspace   ] GC(1944) Metaspace: 29149K(29504K)->29149K(29504K) NonClass: 24257K(24384K)->24257K(24384K) Class: 4891K(5120K)->4891K(5120K)
[6561.240s][info][gc             ] GC(1944) Pause Young (Allocation Failure) 6906M->4598M(7019M) 103.961ms
[6561.240s][info][gc,cpu         ] GC(1944) User=0.59s Sys=0.02s Real=0.10s
..[6563.036s][info][gc,start       ] GC(1945) Pause Young (Allocation Failure)
[6563.142s][info][gc,heap        ] GC(1945) PSYoungGen: 2622944K(2631680K)->155232K(2625024K) Eden: 2469376K(2469376K)->0K(2469376K) From: 153568K(162304K)->155232K(155648K)
[6563.142s][info][gc,heap        ] GC(1945) ParOldGen: 4555348K(4555776K)->4647540K(4647936K)
[6563.142s][info][gc,metaspace   ] GC(1945) Metaspace: 29149K(29504K)->29149K(29504K) NonClass: 24257K(24384K)->24257K(24384K) Class: 4891K(5120K)->4891K(5120K)
[6563.142s][info][gc             ] GC(1945) Pause Young (Allocation Failure) 7010M->4690M(7102M) 105.767ms
[6563.142s][info][gc,cpu         ] GC(1945) User=0.59s Sys=0.04s Real=0.10s
..[6564.747s][info][gc,start       ] GC(1946) Pause Young (Allocation Failure)
[6564.849s][info][gc,heap        ] GC(1946) PSYoungGen: 2624608K(2625024K)->146640K(2632704K) Eden: 2469376K(2469376K)->0K(2467840K) From: 155232K(155648K)->146640K(164864K)
[6564.849s][info][gc,heap        ] GC(1946) ParOldGen: 4647540K(4647936K)->4739628K(4740096K)
[6564.849s][info][gc,metaspace   ] GC(1946) Metaspace: 29149K(29504K)->29149K(29504K) NonClass: 24257K(24384K)->24257K(24384K) Class: 4891K(5120K)->4891K(5120K)
[6564.849s][info][gc             ] GC(1946) Pause Young (Allocation Failure) 7101M->4771M(7200M) 102.295ms
[6564.849s][info][gc,cpu         ] GC(1946) User=0.57s Sys=0.03s Real=0.10s
.[6566.612s][info][gc,start       ] GC(1947) Pause Young (Allocation Failure)
[6566.714s][info][gc,heap        ] GC(1947) PSYoungGen: 2614480K(2632704K)->152336K(2631168K) Eden: 2467840K(2467840K)->0K(2467840K) From: 146640K(164864K)->152336K(163328K)
[6566.714s][info][gc,heap        ] GC(1947) ParOldGen: 4739628K(4740096K)->4830868K(4831232K)
[6566.714s][info][gc,metaspace   ] GC(1947) Metaspace: 29149K(29504K)->29149K(29504K) NonClass: 24257K(24384K)->24257K(24384K) Class: 4891K(5120K)->4891K(5120K)
[6566.714s][info][gc             ] GC(1947) Pause Young (Allocation Failure) 7181M->4866M(7287M) 102.803ms
[6566.714s][info][gc,cpu         ] GC(1947) User=0.58s Sys=0.03s Real=0.11s
..[6568.409s][info][gc,start       ] GC(1948) Pause Young (Allocation Failure)
[6568.509s][info][gc,heap        ] GC(1948) PSYoungGen: 2620176K(2631168K)->140320K(2631168K) Eden: 2467840K(2467840K)->0K(2467840K) From: 152336K(163328K)->140320K(163328K)
[6568.509s][info][gc,heap        ] GC(1948) ParOldGen: 4830868K(4831232K)->4924236K(4924416K)
[6568.509s][info][gc,metaspace   ] GC(1948) Metaspace: 29149K(29504K)->29149K(29504K) NonClass: 24257K(24384K)->24257K(24384K) Class: 4891K(5120K)->4891K(5120K)
[6568.509s][info][gc             ] GC(1948) Pause Young (Allocation Failure) 7276M->4945M(7378M) 99.733ms
[6568.509s][info][gc,cpu         ] GC(1948) User=0.56s Sys=0.02s Real=0.10s
..[6570.196s][info][gc,start       ] GC(1949) Pause Young (Allocation Failure)
[6570.305s][info][gc,heap        ] GC(1949) PSYoungGen: 2608160K(2631168K)->157665K(2625536K) Eden: 2467840K(2467840K)->0K(2467840K) From: 140320K(163328K)->157665K(157696K)
[6570.305s][info][gc,heap        ] GC(1949) ParOldGen: 4924236K(4924416K)->5016660K(5017088K)
[6570.305s][info][gc,metaspace   ] GC(1949) Metaspace: 29149K(29504K)->29149K(29504K) NonClass: 24257K(24384K)->24257K(24384K) Class: 4891K(5120K)->4891K(5120K)
[6570.305s][info][gc             ] GC(1949) Pause Young (Allocation Failure) 7355M->5053M(7463M) 109.189ms
[6570.305s][info][gc,cpu         ] GC(1949) User=0.62s Sys=0.02s Real=0.11s
. (rIR:aIR:PR = 10931:10955:10955) (tPR = 162377) [OK] 
  6570s: Performance info:
         Transaction,    Success,    Partial,     Failed,   Receipts, AvgBarcode, 
             Overall,     666349,          0,          0,     632836,      59.47, 
         Response times:
             Request,    Success,    Partial,     Failed,   SkipFail,     Probes,    Samples,      min,      p50,      p90,      p95,      p99,      max, 
       TotalPurchase,     632768,          0,          0,          0,     360875,     421448,      300,     7900,    54000,    81000,   126000,   211000,
     InStorePurchase,     334200,          0,          0,          0,     190062,     221830,      300,     7900,    54000,    81000,   126000,   211000,
      OnlinePurchase,     232335,          0,          0,          0,     132581,     154900,      300,     7700,    53000,    80000,   124000,   210000,
        InstPurchase,      66233,          0,          0,          0,      38232,      44718,      300,     8200,    55000,    83000,   127000,   205000,
          AssocOfCat,        664,          0,          0,          0,        568,        752,    19300,    46000,    93700,   124350,   167940,   232000,
      AssocOfProduct,       6627,          0,          0,          0,       3962,       4919,      700,     7400,    57000,    80000,   122800,   188000,
      BusinessReport,       1661,          0,          0,          0,       1492,       1892,    26000,    57000,   115000,   157350,   189070,   240000,
          CustBuyBeh,       6710,          0,          0,          0,       3977,       4856,      200,     7800,    51000,    79000,   125430,   185000,
       ProductReturn,      17926,          0,          0,          0,       9827,      11595,      300,     9400,    61000,    88000,   130000,   189000,

  6570s: (80%)   IR =  11070 .[6572.004s][info][gc,start       ] GC(1950) Pause Young (Allocation Failure)
[6572.116s][info][gc,heap        ] GC(1950) PSYoungGen: 2625505K(2625536K)->162442K(2623488K) Eden: 2467840K(2467840K)->0K(2458112K) From: 157665K(157696K)->162442K(165376K)
[6572.116s][info][gc,heap        ] GC(1950) ParOldGen: 5016660K(5017088K)->5106004K(5106176K)
[6572.116s][info][gc,metaspace   ] GC(1950) Metaspace: 29149K(29504K)->29149K(29504K) NonClass: 24257K(24384K)->24257K(24384K) Class: 4891K(5120K)->4891K(5120K)
[6572.116s][info][gc             ] GC(1950) Pause Young (Allocation Failure) 7463M->5144M(7548M) 111.292ms
[6572.116s][info][gc,cpu         ] GC(1950) User=0.62s Sys=0.04s Real=0.11s
.[6573.785s][info][gc,start       ] GC(1951) Pause Young (Allocation Failure)
[6573.887s][info][gc,heap        ] GC(1951) PSYoungGen: 2620554K(2623488K)->143936K(2627072K) Eden: 2458112K(2458112K)->0K(2458112K) From: 162442K(165376K)->143936K(168960K)
[6573.887s][info][gc,heap        ] GC(1951) ParOldGen: 5106004K(5106176K)->5202668K(5202944K)
[6573.887s][info][gc,metaspace   ] GC(1951) Metaspace: 29149K(29504K)->29149K(29504K) NonClass: 24257K(24384K)->24257K(24384K) Class: 4891K(5120K)->4891K(5120K)
[6573.887s][info][gc             ] GC(1951) Pause Young (Allocation Failure) 7545M->5221M(7646M) 101.925ms
[6573.887s][info][gc,cpu         ] GC(1951) User=0.59s Sys=0.02s Real=0.10s
..[6575.600s][info][gc,start       ] GC(1952) Pause Young (Allocation Failure)
[6575.700s][info][gc,heap        ] GC(1952) PSYoungGen: 2602048K(2627072K)->141728K(2625024K) Eden: 2458112K(2458112K)->0K(2459136K) From: 143936K(168960K)->141728K(165888K)
[6575.700s][info][gc,heap        ] GC(1952) ParOldGen: 5202668K(5202944K)->5292916K(5293056K)
[6575.700s][info][gc,metaspace   ] GC(1952) Metaspace: 29149K(29504K)->29149K(29504K) NonClass: 24257K(24384K)->24257K(24384K) Class: 4891K(5120K)->4891K(5120K)
[6575.700s][info][gc             ] GC(1952) Pause Young (Allocation Failure) 7621M->5307M(7732M) 100.256ms
[6575.700s][info][gc,cpu         ] GC(1952) User=0.55s Sys=0.03s Real=0.10s
..[6577.410s][info][gc,start       ] GC(1953) Pause Young (Allocation Failure)
[6577.510s][info][gc,heap        ] GC(1953) PSYoungGen: 2600864K(2625024K)->140128K(2626560K) Eden: 2459136K(2459136K)->0K(2459136K) From: 141728K(165888K)->140128K(167424K)
[6577.510s][info][gc,heap        ] GC(1953) ParOldGen: 5292916K(5293056K)->5384868K(5385216K)
[6577.510s][info][gc,metaspace   ] GC(1953) Metaspace: 29149K(29504K)->29149K(29504K) NonClass: 24257K(24384K)->24257K(24384K) Class: 4891K(5120K)->4891K(5120K)
[6577.510s][info][gc             ] GC(1953) Pause Young (Allocation Failure) 7708M->5395M(7824M) 100.043ms
[6577.510s][info][gc,cpu         ] GC(1953) User=0.55s Sys=0.03s Real=0.10s
.|.[6579.215s][info][gc,start       ] GC(1954) Pause Young (Allocation Failure)
[6579.318s][info][gc,heap        ] GC(1954) PSYoungGen: 2599264K(2626560K)->145924K(2625536K) Eden: 2459136K(2459136K)->0K(2461184K) From: 140128K(167424K)->145924K(164352K)
[6579.318s][info][gc,heap        ] GC(1954) ParOldGen: 5384868K(5385216K)->5476716K(5476864K)
[6579.318s][info][gc,metaspace   ] GC(1954) Metaspace: 29149K(29504K)->29149K(29504K) NonClass: 24257K(24384K)->24257K(24384K) Class: 4891K(5120K)->4891K(5120K)
[6579.318s][info][gc             ] GC(1954) Pause Young (Allocation Failure) 7797M->5490M(7912M) 102.869ms
[6579.318s][info][gc,cpu         ] GC(1954) User=0.58s Sys=0.02s Real=0.10s
..[6581.063s][info][gc,start       ] GC(1955) Pause Young (Allocation Failure)
[6581.175s][info][gc,heap        ] GC(1955) PSYoungGen: 2607108K(2625536K)->162492K(2624000K) Eden: 2461184K(2461184K)->0K(2461184K) From: 145924K(164352K)->162492K(162816K)
[6581.175s][info][gc,heap        ] GC(1955) ParOldGen: 5476716K(5476864K)->5568964K(5569024K)
[6581.175s][info][gc,metaspace   ] GC(1955) Metaspace: 29149K(29504K)->29149K(29504K) NonClass: 24257K(24384K)->24257K(24384K) Class: 4891K(5120K)->4891K(5120K)
[6581.176s][info][gc             ] GC(1955) Pause Young (Allocation Failure) 7894M->5597M(8001M) 112.402ms
[6581.176s][info][gc,cpu         ] GC(1955) User=0.64s Sys=0.03s Real=0.12s
.[6582.898s][info][gc,start       ] GC(1956) Pause Full (Allocation Failure)
[6582.898s][info][gc,phases,start] GC(1956) Marking Phase
[6583.193s][info][gc,phases      ] GC(1956) Marking Phase 295.475ms
[6583.193s][info][gc,phases,start] GC(1956) Summary Phase
[6583.193s][info][gc,phases      ] GC(1956) Summary Phase 0.105ms
[6583.193s][info][gc,phases,start] GC(1956) Forward
[6583.330s][info][gc,phases      ] GC(1956) Forward 136.359ms
[6583.330s][info][gc,phases,start] GC(1956) Adjust Pointers
[6583.533s][info][gc,phases      ] GC(1956) Adjust Pointers 203.317ms
[6583.533s][info][gc,phases,start] GC(1956) Compaction Phase
[6583.661s][info][gc,phases      ] GC(1956) Compaction Phase 128.272ms
[6583.662s][info][gc,phases,start] GC(1956) Post Compact
[6583.669s][info][gc,phases      ] GC(1956) Post Compact 6.933ms
[6583.808s][info][gc,heap        ] GC(1956) PSYoungGen: 2623676K(2624000K)->0K(2626560K) Eden: 2461184K(2461184K)->0K(2457088K) From: 162492K(162816K)->0K(169472K)
[6583.808s][info][gc,heap        ] GC(1956) ParOldGen: 5568964K(5569024K)->1434930K(1744384K)
[6583.808s][info][gc,metaspace   ] GC(1956) Metaspace: 29149K(29504K)->29149K(29504K) NonClass: 24257K(24384K)->24257K(24384K) Class: 4891K(5120K)->4891K(5120K)
[6583.808s][info][gc             ] GC(1956) Pause Full (Allocation Failure) 8000M->1401M(4268M) 910.690ms
[6583.808s][info][gc,cpu         ] GC(1956) User=4.08s Sys=0.13s Real=0.91s
..[6585.267s][info][gc,start       ] GC(1957) Pause Young (Allocation Failure)
[6585.335s][info][gc,heap        ] GC(1957) PSYoungGen: 2457088K(2626560K)->149618K(2607104K) Eden: 2457088K(2457088K)->0K(2457088K) From: 0K(169472K)->149618K(150016K)
[6585.335s][info][gc,heap        ] GC(1957) ParOldGen: 1434930K(1744384K)->1434930K(1744384K)
[6585.335s][info][gc,metaspace   ] GC(1957) Metaspace: 29149K(29504K)->29149K(29504K) NonClass: 24257K(24384K)->24257K(24384K) Class: 4891K(5120K)->4891K(5120K)
[6585.335s][info][gc             ] GC(1957) Pause Young (Allocation Failure) 3800M->1547M(4249M) 68.687ms
[6585.335s][info][gc,cpu         ] GC(1957) User=0.41s Sys=0.00s Real=0.07s
.[6586.750s][info][gc,start       ] GC(1958) Pause Young (Allocation Failure)
[6586.889s][info][gc,heap        ] GC(1958) PSYoungGen: 2606706K(2607104K)->142504K(2625024K) Eden: 2457088K(2457088K)->0K(2457600K) From: 149618K(150016K)->142504K(167424K)
[6586.889s][info][gc,heap        ] GC(1958) ParOldGen: 1434930K(1744384K)->1526018K(1744384K)
[6586.889s][info][gc,metaspace   ] GC(1958) Metaspace: 29149K(29504K)->29149K(29504K) NonClass: 24257K(24384K)->24257K(24384K) Class: 4891K(5120K)->4891K(5120K)
[6586.889s][info][gc             ] GC(1958) Pause Young (Allocation Failure) 3946M->1629M(4267M) 139.715ms
[6586.889s][info][gc,cpu         ] GC(1958) User=0.55s Sys=0.00s Real=0.14s
..[6588.309s][info][gc,start       ] GC(1959) Pause Young (Allocation Failure)
[6588.403s][info][gc,heap        ] GC(1959) PSYoungGen: 2600104K(2625024K)->143040K(2624512K) Eden: 2457600K(2457600K)->0K(2457600K) From: 142504K(167424K)->143040K(166912K)
[6588.403s][info][gc,heap        ] GC(1959) ParOldGen: 1526018K(1744384K)->1619194K(1744384K)
[6588.403s][info][gc,metaspace   ] GC(1959) Metaspace: 29149K(29504K)->29149K(29504K) NonClass: 24257K(24384K)->24257K(24384K) Class: 4891K(5120K)->4891K(5120K)
[6588.403s][info][gc             ] GC(1959) Pause Young (Allocation Failure) 4029M->1720M(4266M) 94.104ms
[6588.403s][info][gc,cpu         ] GC(1959) User=0.55s Sys=0.00s Real=0.10s
.[6590.109s][info][gc,start       ] GC(1960) Pause Young (Allocation Failure)
[6590.208s][info][gc,heap        ] GC(1960) PSYoungGen: 2600640K(2624512K)->154357K(2627072K) Eden: 2457600K(2457600K)->0K(2461184K) From: 143040K(166912K)->154357K(165888K)
[6590.208s][info][gc,heap        ] GC(1960) ParOldGen: 1619194K(1744384K)->1710330K(1744384K)
[6590.208s][info][gc,metaspace   ] GC(1960) Metaspace: 29149K(29504K)->29149K(29504K) NonClass: 24257K(24384K)->24257K(24384K) Class: 4891K(5120K)->4891K(5120K)
[6590.208s][info][gc             ] GC(1960) Pause Young (Allocation Failure) 4120M->1820M(4269M) 99.196ms
[6590.209s][info][gc,cpu         ] GC(1960) User=0.58s Sys=0.00s Real=0.10s
..[6591.885s][info][gc,start       ] GC(1961) Pause Young (Allocation Failure)
[6591.987s][info][gc,heap        ] GC(1961) PSYoungGen: 2615541K(2627072K)->149917K(2627584K) Eden: 2461184K(2461184K)->0K(2461184K) From: 154357K(165888K)->149917K(166400K)
[6591.987s][info][gc,heap        ] GC(1961) ParOldGen: 1710330K(1744384K)->1803762K(1803776K)
[6591.987s][info][gc,metaspace   ] GC(1961) Metaspace: 29149K(29504K)->29149K(29504K) NonClass: 24257K(24384K)->24257K(24384K) Class: 4891K(5120K)->4891K(5120K)
[6591.987s][info][gc             ] GC(1961) Pause Young (Allocation Failure) 4224M->1907M(4327M) 101.522ms
[6591.987s][info][gc,cpu         ] GC(1961) User=0.59s Sys=0.02s Real=0.10s
..[6593.670s][info][gc,start       ] GC(1962) Pause Young (Allocation Failure)
[6593.770s][info][gc,heap        ] GC(1962) PSYoungGen: 2611101K(2627584K)->148196K(2627072K) Eden: 2461184K(2461184K)->0K(2464256K) From: 149917K(166400K)->148196K(162816K)
[6593.770s][info][gc,heap        ] GC(1962) ParOldGen: 1803762K(1803776K)->1894250K(1894400K)
[6593.770s][info][gc,metaspace   ] GC(1962) Metaspace: 29149K(29504K)->29149K(29504K) NonClass: 24257K(24384K)->24257K(24384K) Class: 4891K(5120K)->4891K(5120K)
[6593.770s][info][gc             ] GC(1962) Pause Young (Allocation Failure) 4311M->1994M(4415M) 100.424ms
[6593.770s][info][gc,cpu         ] GC(1962) User=0.57s Sys=0.03s Real=0.10s
..[6595.408s][info][gc,start       ] GC(1963) Pause Young (Allocation Failure)
[6595.508s][info][gc,heap        ] GC(1963) PSYoungGen: 2612452K(2627072K)->145120K(2628096K) Eden: 2464256K(2464256K)->0K(2464256K) From: 148196K(162816K)->145120K(163840K)
[6595.508s][info][gc,heap        ] GC(1963) ParOldGen: 1894250K(1894400K)->1985786K(1986048K)
[6595.508s][info][gc,metaspace   ] GC(1963) Metaspace: 29149K(29504K)->29149K(29504K) NonClass: 24257K(24384K)->24257K(24384K) Class: 4891K(5120K)->4891K(5120K)
[6595.508s][info][gc             ] GC(1963) Pause Young (Allocation Failure) 4401M->2080M(4506M) 100.530ms
[6595.508s][info][gc,cpu         ] GC(1963) User=0.57s Sys=0.02s Real=0.10s
.[6597.243s][info][gc,start       ] GC(1964) Pause Young (Allocation Failure)
[6597.348s][info][gc,heap        ] GC(1964) PSYoungGen: 2609376K(2628096K)->150665K(2631168K) Eden: 2464256K(2464256K)->0K(2469376K) From: 145120K(163840K)->150665K(161792K)
[6597.348s][info][gc,heap        ] GC(1964) ParOldGen: 1985786K(1986048K)->2079690K(2079744K)
[6597.348s][info][gc,metaspace   ] GC(1964) Metaspace: 29149K(29504K)->29149K(29504K) NonClass: 24257K(24384K)->24257K(24384K) Class: 4891K(5120K)->4891K(5120K)
[6597.348s][info][gc             ] GC(1964) Pause Young (Allocation Failure) 4487M->2178M(4600M) 105.020ms
[6597.348s][info][gc,cpu         ] GC(1964) User=0.60s Sys=0.03s Real=0.11s
..[6599.077s][info][gc,start       ] GC(1965) Pause Young (Allocation Failure)
[6599.177s][info][gc,heap        ] GC(1965) PSYoungGen: 2620041K(2631168K)->143168K(2631680K) Eden: 2469376K(2469376K)->0K(2469376K) From: 150665K(161792K)->143168K(162304K)
[6599.177s][info][gc,heap        ] GC(1965) ParOldGen: 2079690K(2079744K)->2172970K(2173440K)
[6599.177s][info][gc,metaspace   ] GC(1965) Metaspace: 29149K(29504K)->29149K(29504K) NonClass: 24257K(24384K)->24257K(24384K) Class: 4891K(5120K)->4891K(5120K)
[6599.177s][info][gc             ] GC(1965) Pause Young (Allocation Failure) 4589M->2261M(4692M) 99.549ms
[6599.177s][info][gc,cpu         ] GC(1965) User=0.55s Sys=0.04s Real=0.10s
..[6600.882s][info][gc,start       ] GC(1966) Pause Young (Allocation Failure)
[6600.979s][info][gc,heap        ] GC(1966) PSYoungGen: 2612544K(2631680K)->146240K(2631680K) Eden: 2469376K(2469376K)->0K(2471936K) From: 143168K(162304K)->146240K(159744K)
[6600.979s][info][gc,heap        ] GC(1966) ParOldGen: 2172970K(2173440K)->2263450K(2263552K)
[6600.979s][info][gc,metaspace   ] GC(1966) Metaspace: 29149K(29504K)->29149K(29504K) NonClass: 24257K(24384K)->24257K(24384K) Class: 4891K(5120K)->4891K(5120K)
[6600.979s][info][gc             ] GC(1966) Pause Young (Allocation Failure) 4673M->2353M(4780M) 97.302ms
[6600.979s][info][gc,cpu         ] GC(1966) User=0.55s Sys=0.02s Real=0.10s
..[6602.686s][info][gc,start       ] GC(1967) Pause Young (Allocation Failure)
[6602.786s][info][gc,heap        ] GC(1967) PSYoungGen: 2618176K(2631680K)->146784K(2632704K) Eden: 2471936K(2471936K)->0K(2471936K) From: 146240K(159744K)->146784K(160768K)
[6602.786s][info][gc,heap        ] GC(1967) ParOldGen: 2263450K(2263552K)->2355442K(2355712K)
[6602.786s][info][gc,metaspace   ] GC(1967) Metaspace: 29149K(29504K)->29149K(29504K) NonClass: 24257K(24384K)->24257K(24384K) Class: 4891K(5120K)->4891K(5120K)
[6602.786s][info][gc             ] GC(1967) Pause Young (Allocation Failure) 4767M->2443M(4871M) 100.329ms
[6602.786s][info][gc,cpu         ] GC(1967) User=0.56s Sys=0.03s Real=0.10s
..[6604.573s][info][gc,start       ] GC(1968) Pause Young (Allocation Failure)
[6604.674s][info][gc,heap        ] GC(1968) PSYoungGen: 2618720K(2632704K)->147445K(2633216K) Eden: 2471936K(2471936K)->0K(2475520K) From: 146784K(160768K)->147445K(157696K)
[6604.674s][info][gc,heap        ] GC(1968) ParOldGen: 2355442K(2355712K)->2447594K(2447872K)
[6604.674s][info][gc,metaspace   ] GC(1968) Metaspace: 29149K(29504K)->29149K(29504K) NonClass: 24257K(24384K)->24257K(24384K) Class: 4891K(5120K)->4891K(5120K)
[6604.674s][info][gc             ] GC(1968) Pause Young (Allocation Failure) 4857M->2534M(4962M) 101.124ms
[6604.674s][info][gc,cpu         ] GC(1968) User=0.57s Sys=0.03s Real=0.11s
.[6606.443s][info][gc,start       ] GC(1969) Pause Young (Allocation Failure)
[6606.547s][info][gc,heap        ] GC(1969) PSYoungGen: 2622965K(2633216K)->150965K(2634240K) Eden: 2475520K(2475520K)->0K(2475520K) From: 147445K(157696K)->150965K(158720K)
[6606.547s][info][gc,heap        ] GC(1969) ParOldGen: 2447594K(2447872K)->2538322K(2538496K)
[6606.547s][info][gc,metaspace   ] GC(1969) Metaspace: 29149K(29504K)->29149K(29504K) NonClass: 24257K(24384K)->24257K(24384K) Class: 4891K(5120K)->4891K(5120K)
[6606.547s][info][gc             ] GC(1969) Pause Young (Allocation Failure) 4951M->2626M(5051M) 103.687ms
[6606.547s][info][gc,cpu         ] GC(1969) User=0.59s Sys=0.03s Real=0.10s
..[6608.301s][info][gc,start       ] GC(1970) Pause Young (Allocation Failure)
[6608.395s][info][gc,heap        ] GC(1970) PSYoungGen: 2626485K(2634240K)->136608K(2635264K) Eden: 2475520K(2475520K)->0K(2476544K) From: 150965K(158720K)->136608K(158720K)
[6608.396s][info][gc,heap        ] GC(1970) ParOldGen: 2538322K(2538496K)->2630994K(2631168K)
[6608.396s][info][gc,metaspace   ] GC(1970) Metaspace: 29149K(29504K)->29149K(29504K) NonClass: 24257K(24384K)->24257K(24384K) Class: 4891K(5120K)->4891K(5120K)
[6608.396s][info][gc             ] GC(1970) Pause Young (Allocation Failure) 5043M->2702M(5143M) 94.375ms
[6608.396s][info][gc,cpu         ] GC(1970) User=0.53s Sys=0.03s Real=0.10s
..[6610.197s][info][gc,start       ] GC(1971) Pause Young (Allocation Failure)
[6610.294s][info][gc,heap        ] GC(1971) PSYoungGen: 2613152K(2635264K)->137716K(2636288K) Eden: 2476544K(2476544K)->0K(2476544K) From: 136608K(158720K)->137716K(159744K)
[6610.295s][info][gc,heap        ] GC(1971) ParOldGen: 2630994K(2631168K)->2722466K(2722816K)
[6610.295s][info][gc,metaspace   ] GC(1971) Metaspace: 29149K(29504K)->29149K(29504K) NonClass: 24257K(24384K)->24257K(24384K) Class: 4891K(5120K)->4891K(5120K)
[6610.295s][info][gc             ] GC(1971) Pause Young (Allocation Failure) 5121M->2793M(5233M) 97.460ms
[6610.295s][info][gc,cpu         ] GC(1971) User=0.55s Sys=0.03s Real=0.10s
..[6612.015s][info][gc,start       ] GC(1972) Pause Young (Allocation Failure)
[6612.116s][info][gc,heap        ] GC(1972) PSYoungGen: 2614260K(2636288K)->148960K(2636288K) Eden: 2476544K(2476544K)->0K(2476544K) From: 137716K(159744K)->148960K(159744K)
[6612.116s][info][gc,heap        ] GC(1972) ParOldGen: 2722466K(2722816K)->2814178K(2814464K)
[6612.116s][info][gc,metaspace   ] GC(1972) Metaspace: 29149K(29504K)->29149K(29504K) NonClass: 24257K(24384K)->24257K(24384K) Class: 4891K(5120K)->4891K(5120K)
[6612.116s][info][gc             ] GC(1972) Pause Young (Allocation Failure) 5211M->2893M(5323M) 100.340ms
[6612.116s][info][gc,cpu         ] GC(1972) User=0.56s Sys=0.03s Real=0.10s
..[6613.899s][info][gc,start       ] GC(1973) Pause Young (Allocation Failure)
[6614.001s][info][gc,heap        ] GC(1973) PSYoungGen: 2625504K(2636288K)->150759K(2627584K) Eden: 2476544K(2476544K)->0K(2476544K) From: 148960K(159744K)->150759K(151040K)
[6614.001s][info][gc,heap        ] GC(1973) ParOldGen: 2814178K(2814464K)->2904370K(2904576K)
[6614.001s][info][gc,metaspace   ] GC(1973) Metaspace: 29149K(29504K)->29149K(29504K) NonClass: 24257K(24384K)->24257K(24384K) Class: 4891K(5120K)->4891K(5120K)
[6614.001s][info][gc             ] GC(1973) Pause Young (Allocation Failure) 5312M->2983M(5402M) 101.649ms
[6614.001s][info][gc,cpu         ] GC(1973) User=0.57s Sys=0.03s Real=0.10s
.[6615.522s][info][gc,start       ] GC(1974) Pause Full (Diagnostic Command)
[6615.522s][info][gc,phases,start] GC(1974) Marking Phase
[6615.813s][info][gc,phases      ] GC(1974) Marking Phase 290.581ms
[6615.813s][info][gc,phases,start] GC(1974) Summary Phase
[6615.813s][info][gc,phases      ] GC(1974) Summary Phase 0.076ms
[6615.813s][info][gc,phases,start] GC(1974) Forward
[6616.004s][info][gc,phases      ] GC(1974) Forward 190.739ms
[6616.004s][info][gc,phases,start] GC(1974) Adjust Pointers
[6616.216s][info][gc,phases      ] GC(1974) Adjust Pointers 212.400ms
[6616.216s][info][gc,phases,start] GC(1974) Compaction Phase
[6616.374s][info][gc,phases      ] GC(1974) Compaction Phase 158.282ms
[6616.377s][info][gc,phases,start] GC(1974) Post Compact
[6616.382s][info][gc,phases      ] GC(1974) Post Compact 4.293ms
[6616.382s][info][gc,heap        ] GC(1974) PSYoungGen: 2298772K(2627584K)->0K(2627584K) Eden: 2148013K(2476544K)->0K(2476544K) From: 150759K(151040K)->0K(151040K)
[6616.382s][info][gc,heap        ] GC(1974) ParOldGen: 2904370K(2904576K)->1153572K(2904576K)
[6616.382s][info][gc,metaspace   ] GC(1974) Metaspace: 29149K(29504K)->29149K(29504K) NonClass: 24257K(24384K)->24257K(24384K) Class: 4891K(5120K)->4891K(5120K)
[6616.382s][info][gc             ] GC(1974) Pause Full (Diagnostic Command) 5081M->1126M(5402M) 859.448ms
[6616.382s][info][gc,cpu         ] GC(1974) User=4.44s Sys=0.00s Real=0.86s
..[6617.862s][info][gc,start       ] GC(1975) Pause Young (Allocation Failure)
[6617.930s][info][gc,heap        ] GC(1975) PSYoungGen: 2476544K(2627584K)->148064K(2636800K) Eden: 2476544K(2476544K)->0K(2476544K) From: 0K(151040K)->148064K(160256K)
[6617.930s][info][gc,heap        ] GC(1975) ParOldGen: 1153572K(2904576K)->1153572K(2904576K)
[6617.930s][info][gc,metaspace   ] GC(1975) Metaspace: 29149K(29504K)->29149K(29504K) NonClass: 24257K(24384K)->24257K(24384K) Class: 4891K(5120K)->4891K(5120K)
[6617.930s][info][gc             ] GC(1975) Pause Young (Allocation Failure) 3545M->1271M(5411M) 67.925ms
[6617.930s][info][gc,cpu         ] GC(1975) User=0.40s Sys=0.00s Real=0.07s
.[6619.383s][info][gc,start       ] GC(1976) Pause Young (Allocation Failure)
[6619.475s][info][gc,heap        ] GC(1976) PSYoungGen: 2624608K(2636800K)->142784K(2619392K) Eden: 2476544K(2476544K)->0K(2476544K) From: 148064K(160256K)->142784K(142848K)
[6619.475s][info][gc,heap        ] GC(1976) ParOldGen: 1153572K(2904576K)->1245884K(2904576K)
[6619.475s][info][gc,metaspace   ] GC(1976) Metaspace: 29149K(29504K)->29149K(29504K) NonClass: 24257K(24384K)->24257K(24384K) Class: 4891K(5120K)->4891K(5120K)
[6619.475s][info][gc             ] GC(1976) Pause Young (Allocation Failure) 3689M->1356M(5394M) 92.923ms
[6619.476s][info][gc,cpu         ] GC(1976) User=0.55s Sys=0.00s Real=0.10s
..[6620.985s][info][gc,start       ] GC(1977) Pause Young (Allocation Failure)
[6621.083s][info][gc,heap        ] GC(1977) PSYoungGen: 2619328K(2619392K)->154345K(2633728K) Eden: 2476544K(2476544K)->0K(2475008K) From: 142784K(142848K)->154345K(158720K)
[6621.083s][info][gc,heap        ] GC(1977) ParOldGen: 1245884K(2904576K)->1338844K(2904576K)
[6621.083s][info][gc,metaspace   ] GC(1977) Metaspace: 29149K(29504K)->29149K(29504K) NonClass: 24257K(24384K)->24257K(24384K) Class: 4891K(5120K)->4891K(5120K)
[6621.083s][info][gc             ] GC(1977) Pause Young (Allocation Failure) 3774M->1458M(5408M) 98.669ms
[6621.083s][info][gc,cpu         ] GC(1977) User=0.58s Sys=0.00s Real=0.10s
..[6622.790s][info][gc,start       ] GC(1978) Pause Young (Allocation Failure)
[6622.886s][info][gc,heap        ] GC(1978) PSYoungGen: 2629353K(2633728K)->152352K(2627584K) Eden: 2475008K(2475008K)->0K(2475008K) From: 154345K(158720K)->152352K(152576K)
[6622.886s][info][gc,heap        ] GC(1978) ParOldGen: 1338844K(2904576K)->1429692K(2904576K)
[6622.886s][info][gc,metaspace   ] GC(1978) Metaspace: 29149K(29504K)->29149K(29504K) NonClass: 24257K(24384K)->24257K(24384K) Class: 4891K(5120K)->4891K(5120K)
[6622.886s][info][gc             ] GC(1978) Pause Young (Allocation Failure) 3875M->1544M(5402M) 96.181ms
[6622.886s][info][gc,cpu         ] GC(1978) User=0.56s Sys=0.00s Real=0.10s
.[6624.635s][info][gc,start       ] GC(1979) Pause Young (Allocation Failure)
[6624.736s][info][gc,heap        ] GC(1979) PSYoungGen: 2627360K(2627584K)->155598K(2631680K) Eden: 2475008K(2475008K)->0K(2470400K) From: 152352K(152576K)->155598K(161280K)
[6624.736s][info][gc,heap        ] GC(1979) ParOldGen: 1429692K(2904576K)->1523948K(2904576K)
[6624.736s][info][gc,metaspace   ] GC(1979) Metaspace: 29149K(29504K)->29149K(29504K) NonClass: 24257K(24384K)->24257K(24384K) Class: 4891K(5120K)->4891K(5120K)
[6624.736s][info][gc             ] GC(1979) Pause Young (Allocation Failure) 3961M->1640M(5406M) 101.107ms
[6624.736s][info][gc,cpu         ] GC(1979) User=0.60s Sys=0.00s Real=0.10s
..[6626.403s][info][gc,start       ] GC(1980) Pause Young (Allocation Failure)
[6626.494s][info][gc,heap        ] GC(1980) PSYoungGen: 2625998K(2631680K)->136544K(2607104K) Eden: 2470400K(2470400K)->0K(2470400K) From: 155598K(161280K)->136544K(136704K)
[6626.494s][info][gc,heap        ] GC(1980) ParOldGen: 1523948K(2904576K)->1616044K(2904576K)
[6626.494s][info][gc,metaspace   ] GC(1980) Metaspace: 29149K(29504K)->29149K(29504K) NonClass: 24257K(24384K)->24257K(24384K) Class: 4891K(5120K)->4891K(5120K)
[6626.494s][info][gc             ] GC(1980) Pause Young (Allocation Failure) 4052M->1711M(5382M) 90.286ms
[6626.494s][info][gc,cpu         ] GC(1980) User=0.53s Sys=0.01s Real=0.09s
..[6628.236s][info][gc,start       ] GC(1981) Pause Young (Allocation Failure)
[6628.326s][info][gc,heap        ] GC(1981) PSYoungGen: 2606944K(2607104K)->139328K(2632704K) Eden: 2470400K(2470400K)->0K(2469376K) From: 136544K(136704K)->139328K(163328K)
[6628.326s][info][gc,heap        ] GC(1981) ParOldGen: 1616044K(2904576K)->1706340K(2904576K)
[6628.326s][info][gc,metaspace   ] GC(1981) Metaspace: 29149K(29504K)->29149K(29504K) NonClass: 24257K(24384K)->24257K(24384K) Class: 4891K(5120K)->4891K(5120K)
[6628.326s][info][gc             ] GC(1981) Pause Young (Allocation Failure) 4124M->1802M(5407M) 89.738ms
[6628.326s][info][gc,cpu         ] GC(1981) User=0.53s Sys=0.00s Real=0.09s
..[6630.026s][info][gc,start       ] GC(1982) Pause Young (Allocation Failure)
[6630.128s][info][gc,heap        ] GC(1982) PSYoungGen: 2608704K(2632704K)->158054K(2627584K) Eden: 2469376K(2469376K)->0K(2469376K) From: 139328K(163328K)->158054K(158208K)
[6630.128s][info][gc,heap        ] GC(1982) ParOldGen: 1706340K(2904576K)->1797820K(2904576K)
[6630.128s][info][gc,metaspace   ] GC(1982) Metaspace: 29149K(29504K)->29149K(29504K) NonClass: 24257K(24384K)->24257K(24384K) Class: 4891K(5120K)->4891K(5120K)
[6630.128s][info][gc             ] GC(1982) Pause Young (Allocation Failure) 4213M->1910M(5402M) 101.595ms
[6630.128s][info][gc,cpu         ] GC(1982) User=0.60s Sys=0.00s Real=0.10s
..[6631.861s][info][gc,start       ] GC(1983) Pause Young (Allocation Failure)
[6631.963s][info][gc,heap        ] GC(1983) PSYoungGen: 2627430K(2627584K)->153780K(2629120K) Eden: 2469376K(2469376K)->0K(2463232K) From: 158054K(158208K)->153780K(165888K)
[6631.963s][info][gc,heap        ] GC(1983) ParOldGen: 1797820K(2904576K)->1891524K(2904576K)
[6631.963s][info][gc,metaspace   ] GC(1983) Metaspace: 29149K(29504K)->29149K(29504K) NonClass: 24257K(24384K)->24257K(24384K) Class: 4891K(5120K)->4891K(5120K)
[6631.963s][info][gc             ] GC(1983) Pause Young (Allocation Failure) 4321M->1997M(5404M) 101.595ms
[6631.963s][info][gc,cpu         ] GC(1983) User=0.60s Sys=0.00s Real=0.10s
.[6633.705s][info][gc,start       ] GC(1984) Pause Young (Allocation Failure)
[6633.803s][info][gc,heap        ] GC(1984) PSYoungGen: 2617012K(2629120K)->149445K(2612736K) Eden: 2463232K(2463232K)->0K(2463232K) From: 153780K(165888K)->149445K(149504K)
[6633.803s][info][gc,heap        ] GC(1984) ParOldGen: 1891524K(2904576K)->1984268K(2904576K)
[6633.803s][info][gc,metaspace   ] GC(1984) Metaspace: 29149K(29504K)->29149K(29504K) NonClass: 24257K(24384K)->24257K(24384K) Class: 4891K(5120K)->4891K(5120K)
[6633.803s][info][gc             ] GC(1984) Pause Young (Allocation Failure) 4402M->2083M(5388M) 98.287ms
[6633.803s][info][gc,cpu         ] GC(1984) User=0.58s Sys=0.00s Real=0.10s
..[6635.421s][info][gc,start       ] GC(1985) Pause Young (Allocation Failure)
[6635.515s][info][gc,heap        ] GC(1985) PSYoungGen: 2612677K(2612736K)->143104K(2629120K) Eden: 2463232K(2463232K)->0K(2464256K) From: 149445K(149504K)->143104K(164864K)
[6635.515s][info][gc,heap        ] GC(1985) ParOldGen: 1984268K(2904576K)->2076316K(2904576K)
[6635.515s][info][gc,metaspace   ] GC(1985) Metaspace: 29149K(29504K)->29149K(29504K) NonClass: 24257K(24384K)->24257K(24384K) Class: 4891K(5120K)->4891K(5120K)
[6635.515s][info][gc             ] GC(1985) Pause Young (Allocation Failure) 4489M->2167M(5404M) 94.472ms
[6635.515s][info][gc,cpu         ] GC(1985) User=0.56s Sys=0.00s Real=0.10s
..[6637.265s][info][gc,start       ] GC(1986) Pause Young (Allocation Failure)
[6637.359s][info][gc,heap        ] GC(1986) PSYoungGen: 2607360K(2629120K)->141874K(2628608K) Eden: 2464256K(2464256K)->0K(2464256K) From: 143104K(164864K)->141874K(164352K)
[6637.359s][info][gc,heap        ] GC(1986) ParOldGen: 2076316K(2904576K)->2167740K(2904576K)
[6637.359s][info][gc,metaspace   ] GC(1986) Metaspace: 29149K(29504K)->29149K(29504K) NonClass: 24257K(24384K)->24257K(24384K) Class: 4891K(5120K)->4891K(5120K)
[6637.359s][info][gc             ] GC(1986) Pause Young (Allocation Failure) 4573M->2255M(5403M) 93.746ms
[6637.359s][info][gc,cpu         ] GC(1986) User=0.55s Sys=0.00s Real=0.09s
.. (rIR:aIR:PR = 11070:11093:11093) (tPR = 164942) [OK] 
  6638s: Performance info:
         Transaction,    Success,    Partial,     Failed,   Receipts, AvgBarcode, 
             Overall,     675674,          0,          0,     641830,      59.48, 
         Response times:
             Request,    Success,    Partial,     Failed,   SkipFail,     Probes,    Samples,      min,      p50,      p90,      p95,      p99,      max, 
       TotalPurchase,     641830,          0,          0,          0,     327255,     409452,      200,    11500,   238000,   441000,   820000,  1200000,
     InStorePurchase,     337386,          0,          0,          0,     172314,     215758,      200,    11700,   261000,   444000,   850000,  1200000,
      OnlinePurchase,     236773,          0,          0,          0,     120074,     150181,      200,    11400,   185000,   410000,   780000,  1200000,
        InstPurchase,      67671,          0,          0,          0,      34867,      43513,      500,    11200,   263000,   492000,   850000,  1200000,
          AssocOfCat,        675,          0,          0,          0,        543,        760,    23000,    56000,   310300,   539000,  1100000,  1200000,
      AssocOfProduct,       6844,          0,          0,          0,       3644,       4672,      500,    12400,   223700,   421400,   650000,   850000,
      BusinessReport,       1688,          0,          0,          0,       1372,       1836,    26000,    65000,   350300,   551150,   740000,   850000,
          CustBuyBeh,       6734,          0,          0,          0,       3808,       4899,      100,    10200,   197000,   398000,   670000,   880000,
       ProductReturn,      17903,          0,          0,          0,       9288,      11769,      200,     9000,   221000,   474000,   830000,   950000,

  6638s: (81%)   IR =  11208 [6639.131s][info][gc,start       ] GC(1987) Pause Young (Allocation Failure)
[6639.226s][info][gc,heap        ] GC(1987) PSYoungGen: 2606130K(2628608K)->147424K(2630144K) Eden: 2464256K(2464256K)->0K(2468352K) From: 141874K(164352K)->147424K(161792K)
[6639.226s][info][gc,heap        ] GC(1987) ParOldGen: 2167740K(2904576K)->2258316K(2904576K)
[6639.226s][info][gc,metaspace   ] GC(1987) Metaspace: 29149K(29504K)->29149K(29504K) NonClass: 24257K(24384K)->24257K(24384K) Class: 4891K(5120K)->4891K(5120K)
[6639.226s][info][gc             ] GC(1987) Pause Young (Allocation Failure) 4661M->2349M(5405M) 95.192ms
[6639.226s][info][gc,cpu         ] GC(1987) User=0.56s Sys=0.00s Real=0.10s
..[6640.981s][info][gc,start       ] GC(1988) Pause Young (Allocation Failure)
[6641.078s][info][gc,heap        ] GC(1988) PSYoungGen: 2615776K(2630144K)->146112K(2630144K) Eden: 2468352K(2468352K)->0K(2468352K) From: 147424K(161792K)->146112K(161792K)
[6641.078s][info][gc,heap        ] GC(1988) ParOldGen: 2258316K(2904576K)->2350948K(2904576K)
[6641.078s][info][gc,metaspace   ] GC(1988) Metaspace: 29149K(29504K)->29149K(29504K) NonClass: 24257K(24384K)->24257K(24384K) Class: 4891K(5120K)->4891K(5120K)
[6641.078s][info][gc             ] GC(1988) Pause Young (Allocation Failure) 4759M->2438M(5405M) 96.822ms
[6641.078s][info][gc,cpu         ] GC(1988) User=0.57s Sys=0.00s Real=0.10s
.[6642.725s][info][gc,start       ] GC(1989) Pause Young (Allocation Failure)
[6642.819s][info][gc,heap        ] GC(1989) PSYoungGen: 2614464K(2630144K)->142752K(2633728K) Eden: 2468352K(2468352K)->0K(2472960K) From: 146112K(161792K)->142752K(160768K)
[6642.819s][info][gc,heap        ] GC(1989) ParOldGen: 2350948K(2904576K)->2443100K(2904576K)
[6642.819s][info][gc,metaspace   ] GC(1989) Metaspace: 29149K(29504K)->29149K(29504K) NonClass: 24257K(24384K)->24257K(24384K) Class: 4891K(5120K)->4891K(5120K)
[6642.819s][info][gc             ] GC(1989) Pause Young (Allocation Failure) 4849M->2525M(5408M) 93.569ms
[6642.819s][info][gc,cpu         ] GC(1989) User=0.56s Sys=0.00s Real=0.09s
..[6644.533s][info][gc,start       ] GC(1990) Pause Young (Allocation Failure)
[6644.631s][info][gc,heap        ] GC(1990) PSYoungGen: 2615712K(2633728K)->147434K(2633216K) Eden: 2472960K(2472960K)->0K(2472960K) From: 142752K(160768K)->147434K(160256K)
[6644.631s][info][gc,heap        ] GC(1990) ParOldGen: 2443100K(2904576K)->2535500K(2904576K)
[6644.631s][info][gc,metaspace   ] GC(1990) Metaspace: 29149K(29504K)->29149K(29504K) NonClass: 24257K(24384K)->24257K(24384K) Class: 4891K(5120K)->4891K(5120K)
[6644.631s][info][gc             ] GC(1990) Pause Young (Allocation Failure) 4940M->2620M(5408M) 98.487ms
[6644.631s][info][gc,cpu         ] GC(1990) User=0.58s Sys=0.00s Real=0.10s
..[6646.289s][info][gc,start       ] GC(1991) Pause Young (Allocation Failure)
[6646.385s][info][gc,heap        ] GC(1991) PSYoungGen: 2620394K(2633216K)->148181K(2634752K) Eden: 2472960K(2472960K)->0K(2476032K) From: 147434K(160256K)->148181K(158720K)
[6646.385s][info][gc,heap        ] GC(1991) ParOldGen: 2535500K(2904576K)->2625764K(2904576K)
[6646.385s][info][gc,metaspace   ] GC(1991) Metaspace: 29149K(29504K)->29149K(29504K) NonClass: 24257K(24384K)->24257K(24384K) Class: 4891K(5120K)->4891K(5120K)
[6646.385s][info][gc             ] GC(1991) Pause Young (Allocation Failure) 5035M->2708M(5409M) 95.641ms
[6646.385s][info][gc,cpu         ] GC(1991) User=0.57s Sys=0.00s Real=0.10s
..[6648.105s][info][gc,start       ] GC(1992) Pause Young (Allocation Failure)
[6648.205s][info][gc,heap        ] GC(1992) PSYoungGen: 2624213K(2634752K)->153808K(2634240K) Eden: 2476032K(2476032K)->0K(2476032K) From: 148181K(158720K)->153808K(158208K)
[6648.205s][info][gc,heap        ] GC(1992) ParOldGen: 2625764K(2904576K)->2719204K(2904576K)
[6648.205s][info][gc,metaspace   ] GC(1992) Metaspace: 29149K(29504K)->29149K(29504K) NonClass: 24257K(24384K)->24257K(24384K) Class: 4891K(5120K)->4891K(5120K)
[6648.205s][info][gc             ] GC(1992) Pause Young (Allocation Failure) 5126M->2805M(5409M) 99.812ms
[6648.205s][info][gc,cpu         ] GC(1992) User=0.59s Sys=0.00s Real=0.10s
.[6649.889s][info][gc,start       ] GC(1993) Pause Young (Allocation Failure)
[6649.984s][info][gc,heap        ] GC(1993) PSYoungGen: 2629840K(2634240K)->145472K(2636800K) Eden: 2476032K(2476032K)->0K(2477056K) From: 153808K(158208K)->145472K(159744K)
[6649.984s][info][gc,heap        ] GC(1993) ParOldGen: 2719204K(2904576K)->2811748K(2904576K)
[6649.984s][info][gc,metaspace   ] GC(1993) Metaspace: 29149K(29504K)->29149K(29504K) NonClass: 24257K(24384K)->24257K(24384K) Class: 4891K(5120K)->4891K(5120K)
[6649.984s][info][gc             ] GC(1993) Pause Young (Allocation Failure) 5223M->2887M(5411M) 95.555ms
[6649.984s][info][gc,cpu         ] GC(1993) User=0.57s Sys=0.00s Real=0.10s
.|.[6651.749s][info][gc,start       ] GC(1994) Pause Young (Allocation Failure)
[6651.844s][info][gc,heap        ] GC(1994) PSYoungGen: 2622528K(2636800K)->146368K(2623488K) Eden: 2477056K(2477056K)->0K(2477056K) From: 145472K(159744K)->146368K(146432K)
[6651.844s][info][gc,heap        ] GC(1994) ParOldGen: 2811748K(2904576K)->2902620K(2904576K)
[6651.844s][info][gc,metaspace   ] GC(1994) Metaspace: 29149K(29504K)->29149K(29504K) NonClass: 24257K(24384K)->24257K(24384K) Class: 4891K(5120K)->4891K(5120K)
[6651.844s][info][gc             ] GC(1994) Pause Young (Allocation Failure) 5306M->2977M(5398M) 95.803ms
[6651.844s][info][gc,cpu         ] GC(1994) User=0.56s Sys=0.00s Real=0.10s
..[6653.551s][info][gc,start       ] GC(1995) Pause Young (Allocation Failure)
[6653.651s][info][gc,heap        ] GC(1995) PSYoungGen: 2623424K(2623488K)->143216K(2635776K) Eden: 2477056K(2477056K)->0K(2477568K) From: 146368K(146432K)->143216K(158208K)
[6653.651s][info][gc,heap        ] GC(1995) ParOldGen: 2902620K(2904576K)->2997116K(2997248K)
[6653.651s][info][gc,metaspace   ] GC(1995) Metaspace: 29149K(29504K)->29149K(29504K) NonClass: 24257K(24384K)->24257K(24384K) Class: 4891K(5120K)->4891K(5120K)
[6653.651s][info][gc             ] GC(1995) Pause Young (Allocation Failure) 5396M->3066M(5501M) 100.051ms
[6653.651s][info][gc,cpu         ] GC(1995) User=0.56s Sys=0.03s Real=0.10s
..[6655.333s][info][gc,start       ] GC(1996) Pause Young (Allocation Failure)
[6655.431s][info][gc,heap        ] GC(1996) PSYoungGen: 2620784K(2635776K)->141920K(2635264K) Eden: 2477568K(2477568K)->0K(2477568K) From: 143216K(158208K)->141920K(157696K)
[6655.431s][info][gc,heap        ] GC(1996) ParOldGen: 2997116K(2997248K)->3087932K(3088384K)
[6655.431s][info][gc,metaspace   ] GC(1996) Metaspace: 29149K(29504K)->29149K(29504K) NonClass: 24257K(24384K)->24257K(24384K) Class: 4891K(5120K)->4891K(5120K)
[6655.431s][info][gc             ] GC(1996) Pause Young (Allocation Failure) 5486M->3154M(5589M) 97.804ms
[6655.431s][info][gc,cpu         ] GC(1996) User=0.55s Sys=0.02s Real=0.10s
..[6657.160s][info][gc,start       ] GC(1997) Pause Young (Allocation Failure)
[6657.261s][info][gc,heap        ] GC(1997) PSYoungGen: 2619488K(2635264K)->148704K(2637824K) Eden: 2477568K(2477568K)->0K(2480640K) From: 141920K(157696K)->148704K(157184K)
[6657.261s][info][gc,heap        ] GC(1997) ParOldGen: 3087932K(3088384K)->3180212K(3180544K)
[6657.261s][info][gc,metaspace   ] GC(1997) Metaspace: 29149K(29504K)->29149K(29504K) NonClass: 24257K(24384K)->24257K(24384K) Class: 4891K(5120K)->4891K(5120K)
[6657.261s][info][gc             ] GC(1997) Pause Young (Allocation Failure) 5573M->3250M(5682M) 101.165ms
[6657.262s][info][gc,cpu         ] GC(1997) User=0.56s Sys=0.04s Real=0.10s
.[6659.045s][info][gc,start       ] GC(1998) Pause Young (Allocation Failure)
[6659.152s][info][gc,heap        ] GC(1998) PSYoungGen: 2629344K(2637824K)->157172K(2637824K) Eden: 2480640K(2480640K)->0K(2480640K) From: 148704K(157184K)->157172K(157184K)
[6659.152s][info][gc,heap        ] GC(1998) ParOldGen: 3180212K(3180544K)->3272324K(3272704K)
[6659.152s][info][gc,metaspace   ] GC(1998) Metaspace: 29149K(29504K)->29149K(29504K) NonClass: 24257K(24384K)->24257K(24384K) Class: 4891K(5120K)->4891K(5120K)
[6659.152s][info][gc             ] GC(1998) Pause Young (Allocation Failure) 5673M->3349M(5772M) 106.929ms
[6659.152s][info][gc,cpu         ] GC(1998) User=0.60s Sys=0.03s Real=0.10s
..[6660.844s][info][gc,start       ] GC(1999) Pause Young (Allocation Failure)
[6660.948s][info][gc,heap        ] GC(1999) PSYoungGen: 2637812K(2637824K)->150316K(2571264K) Eden: 2480640K(2480640K)->0K(2413056K) From: 157172K(157184K)->150316K(158208K)
[6660.948s][info][gc,heap        ] GC(1999) ParOldGen: 3272324K(3272704K)->3362708K(3362816K)
[6660.948s][info][gc,metaspace   ] GC(1999) Metaspace: 29149K(29504K)->29149K(29504K) NonClass: 24257K(24384K)->24257K(24384K) Class: 4891K(5120K)->4891K(5120K)
[6660.948s][info][gc             ] GC(1999) Pause Young (Allocation Failure) 5771M->3430M(5795M) 103.922ms
[6660.948s][info][gc,cpu         ] GC(1999) User=0.59s Sys=0.03s Real=0.10s
..[6662.660s][info][gc,start       ] GC(2000) Pause Young (Allocation Failure)
[6662.760s][info][gc,heap        ] GC(2000) PSYoungGen: 2563372K(2571264K)->147664K(2604544K) Eden: 2413056K(2413056K)->0K(2413056K) From: 150316K(158208K)->147664K(191488K)
[6662.760s][info][gc,heap        ] GC(2000) ParOldGen: 3362708K(3362816K)->3453596K(3453952K)
[6662.760s][info][gc,metaspace   ] GC(2000) Metaspace: 29149K(29504K)->29149K(29504K) NonClass: 24257K(24384K)->24257K(24384K) Class: 4891K(5120K)->4891K(5120K)
[6662.760s][info][gc             ] GC(2000) Pause Young (Allocation Failure) 5787M->3516M(5916M) 100.419ms
[6662.760s][info][gc,cpu         ] GC(2000) User=0.56s Sys=0.02s Real=0.10s
..[6664.458s][info][gc,start       ] GC(2001) Pause Young (Allocation Failure)
[6664.556s][info][gc,heap        ] GC(2001) PSYoungGen: 2560720K(2604544K)->140628K(2601472K) Eden: 2413056K(2413056K)->0K(2415104K) From: 147664K(191488K)->140628K(186368K)
[6664.556s][info][gc,heap        ] GC(2001) ParOldGen: 3453596K(3453952K)->3545228K(3545600K)
[6664.556s][info][gc,metaspace   ] GC(2001) Metaspace: 29149K(29504K)->29149K(29504K) NonClass: 24257K(24384K)->24257K(24384K) Class: 4891K(5120K)->4891K(5120K)
[6664.556s][info][gc             ] GC(2001) Pause Young (Allocation Failure) 5873M->3599M(6003M) 98.449ms
[6664.556s][info][gc,cpu         ] GC(2001) User=0.55s Sys=0.03s Real=0.10s
.[6666.182s][info][gc,start       ] GC(2002) Pause Young (Allocation Failure)
[6666.284s][info][gc,heap        ] GC(2002) PSYoungGen: 2555732K(2601472K)->150784K(2604032K) Eden: 2415104K(2415104K)->0K(2415104K) From: 140628K(186368K)->150784K(188928K)
[6666.284s][info][gc,heap        ] GC(2002) ParOldGen: 3545228K(3545600K)->3635708K(3635712K)
[6666.284s][info][gc,metaspace   ] GC(2002) Metaspace: 29149K(29504K)->29149K(29504K) NonClass: 24257K(24384K)->24257K(24384K) Class: 4891K(5120K)->4891K(5120K)
[6666.284s][info][gc             ] GC(2002) Pause Young (Allocation Failure) 5957M->3697M(6093M) 102.246ms
[6666.284s][info][gc,cpu         ] GC(2002) User=0.58s Sys=0.02s Real=0.11s
..[6667.951s][info][gc,start       ] GC(2003) Pause Young (Allocation Failure)
[6668.053s][info][gc,heap        ] GC(2003) PSYoungGen: 2565888K(2604032K)->147572K(2603520K) Eden: 2415104K(2415104K)->0K(2421248K) From: 150784K(188928K)->147572K(182272K)
[6668.053s][info][gc,heap        ] GC(2003) ParOldGen: 3635708K(3635712K)->3728516K(3728896K)
[6668.053s][info][gc,metaspace   ] GC(2003) Metaspace: 29149K(29504K)->29149K(29504K) NonClass: 24257K(24384K)->24257K(24384K) Class: 4891K(5120K)->4891K(5120K)
[6668.053s][info][gc             ] GC(2003) Pause Young (Allocation Failure) 6056M->3785M(6184M) 102.151ms
[6668.053s][info][gc,cpu         ] GC(2003) User=0.58s Sys=0.03s Real=0.11s
..[6669.630s][info][gc,start       ] GC(2004) Pause Young (Allocation Failure)
[6669.729s][info][gc,heap        ] GC(2004) PSYoungGen: 2568820K(2603520K)->143492K(2605056K) Eden: 2421248K(2421248K)->0K(2421248K) From: 147572K(182272K)->143492K(183808K)
[6669.729s][info][gc,heap        ] GC(2004) ParOldGen: 3728516K(3728896K)->3817788K(3817984K)
[6669.729s][info][gc,metaspace   ] GC(2004) Metaspace: 29149K(29504K)->29149K(29504K) NonClass: 24257K(24384K)->24257K(24384K) Class: 4891K(5120K)->4891K(5120K)
[6669.729s][info][gc             ] GC(2004) Pause Young (Allocation Failure) 6149M->3868M(6272M) 99.363ms
[6669.729s][info][gc,cpu         ] GC(2004) User=0.56s Sys=0.03s Real=0.10s
.[6671.442s][info][gc,start       ] GC(2005) Pause Young (Allocation Failure)
[6671.540s][info][gc,heap        ] GC(2005) PSYoungGen: 2564740K(2605056K)->138752K(2610176K) Eden: 2421248K(2421248K)->0K(2429952K) From: 143492K(183808K)->138752K(180224K)
[6671.540s][info][gc,heap        ] GC(2005) ParOldGen: 3817788K(3817984K)->3908236K(3908608K)
[6671.540s][info][gc,metaspace   ] GC(2005) Metaspace: 29149K(29504K)->29149K(29504K) NonClass: 24257K(24384K)->24257K(24384K) Class: 4891K(5120K)->4891K(5120K)
[6671.540s][info][gc             ] GC(2005) Pause Young (Allocation Failure) 6232M->3952M(6366M) 97.691ms
[6671.540s][info][gc,cpu         ] GC(2005) User=0.55s Sys=0.03s Real=0.10s
..[6673.221s][info][gc,start       ] GC(2006) Pause Young (Allocation Failure)
[6673.320s][info][gc,heap        ] GC(2006) PSYoungGen: 2568704K(2610176K)->142324K(2611200K) Eden: 2429952K(2429952K)->0K(2429952K) From: 138752K(180224K)->142324K(181248K)
[6673.320s][info][gc,heap        ] GC(2006) ParOldGen: 3908236K(3908608K)->3996924K(3997184K)
[6673.320s][info][gc,metaspace   ] GC(2006) Metaspace: 29149K(29504K)->29149K(29504K) NonClass: 24257K(24384K)->24257K(24384K) Class: 4891K(5120K)->4891K(5120K)
[6673.320s][info][gc             ] GC(2006) Pause Young (Allocation Failure) 6325M->4042M(6453M) 99.152ms
[6673.320s][info][gc,cpu         ] GC(2006) User=0.55s Sys=0.04s Real=0.10s
..[6674.995s][info][gc,start       ] GC(2007) Pause Young (Allocation Failure)
[6675.099s][info][gc,heap        ] GC(2007) PSYoungGen: 2572276K(2611200K)->152352K(2611200K) Eden: 2429952K(2429952K)->0K(2435072K) From: 142324K(181248K)->152352K(176128K)
[6675.099s][info][gc,heap        ] GC(2007) ParOldGen: 3996924K(3997184K)->4089748K(4089856K)
[6675.099s][info][gc,metaspace   ] GC(2007) Metaspace: 29149K(29504K)->29149K(29504K) NonClass: 24257K(24384K)->24257K(24384K) Class: 4891K(5120K)->4891K(5120K)
[6675.099s][info][gc             ] GC(2007) Pause Young (Allocation Failure) 6415M->4142M(6544M) 104.799ms
[6675.099s][info][gc,cpu         ] GC(2007) User=0.59s Sys=0.04s Real=0.10s
..[6676.685s][info][gc,start       ] GC(2008) Pause Young (Allocation Failure)
[6676.786s][info][gc,heap        ] GC(2008) PSYoungGen: 2587424K(2611200K)->144272K(2612736K) Eden: 2435072K(2435072K)->0K(2435072K) From: 152352K(176128K)->144272K(177664K)
[6676.786s][info][gc,heap        ] GC(2008) ParOldGen: 4089748K(4089856K)->4182820K(4183040K)
[6676.786s][info][gc,metaspace   ] GC(2008) Metaspace: 29149K(29504K)->29149K(29504K) NonClass: 24257K(24384K)->24257K(24384K) Class: 4891K(5120K)->4891K(5120K)
[6676.786s][info][gc             ] GC(2008) Pause Young (Allocation Failure) 6520M->4225M(6636M) 100.875ms
[6676.786s][info][gc,cpu         ] GC(2008) User=0.57s Sys=0.03s Real=0.10s
.[6678.550s][info][gc,start       ] GC(2009) Pause Young (Allocation Failure)
[6678.649s][info][gc,heap        ] GC(2009) PSYoungGen: 2579344K(2612736K)->139904K(2616320K) Eden: 2435072K(2435072K)->0K(2442240K) From: 144272K(177664K)->139904K(174080K)
[6678.649s][info][gc,heap        ] GC(2009) ParOldGen: 4182820K(4183040K)->4272012K(4272128K)
[6678.649s][info][gc,metaspace   ] GC(2009) Metaspace: 29149K(29504K)->29149K(29504K) NonClass: 24257K(24384K)->24257K(24384K) Class: 4891K(5120K)->4891K(5120K)
[6678.649s][info][gc             ] GC(2009) Pause Young (Allocation Failure) 6603M->4308M(6727M) 99.067ms
[6678.650s][info][gc,cpu         ] GC(2009) User=0.54s Sys=0.04s Real=0.10s
..[6680.363s][info][gc,start       ] GC(2010) Pause Young (Allocation Failure)
[6680.462s][info][gc,heap        ] GC(2010) PSYoungGen: 2582144K(2616320K)->139360K(2617344K) Eden: 2442240K(2442240K)->0K(2442240K) From: 139904K(174080K)->139360K(175104K)
[6680.462s][info][gc,heap        ] GC(2010) ParOldGen: 4272012K(4272128K)->4364540K(4364800K)
[6680.462s][info][gc,metaspace   ] GC(2010) Metaspace: 29149K(29504K)->29149K(29504K) NonClass: 24257K(24384K)->24257K(24384K) Class: 4891K(5120K)->4891K(5120K)
[6680.462s][info][gc             ] GC(2010) Pause Young (Allocation Failure) 6693M->4398M(6818M) 98.644ms
[6680.462s][info][gc,cpu         ] GC(2010) User=0.56s Sys=0.03s Real=0.09s
..[6682.060s][info][gc,start       ] GC(2011) Pause Young (Allocation Failure)
[6682.161s][info][gc,heap        ] GC(2011) PSYoungGen: 2581600K(2617344K)->144736K(2616832K) Eden: 2442240K(2442240K)->0K(2446848K) From: 139360K(175104K)->144736K(169984K)
[6682.161s][info][gc,heap        ] GC(2011) ParOldGen: 4364540K(4364800K)->4457444K(4457472K)
[6682.161s][info][gc,metaspace   ] GC(2011) Metaspace: 29149K(29504K)->29149K(29504K) NonClass: 24257K(24384K)->24257K(24384K) Class: 4891K(5120K)->4891K(5120K)
[6682.161s][info][gc             ] GC(2011) Pause Young (Allocation Failure) 6783M->4494M(6908M) 101.394ms
[6682.161s][info][gc,cpu         ] GC(2011) User=0.56s Sys=0.04s Real=0.10s
..[6683.849s][info][gc,start       ] GC(2012) Pause Young (Allocation Failure)
[6683.952s][info][gc,heap        ] GC(2012) PSYoungGen: 2591584K(2616832K)->148681K(2618880K) Eden: 2446848K(2446848K)->0K(2446848K) From: 144736K(169984K)->148681K(172032K)
[6683.952s][info][gc,heap        ] GC(2012) ParOldGen: 4457444K(4457472K)->4547436K(4547584K)
[6683.952s][info][gc,metaspace   ] GC(2012) Metaspace: 29149K(29504K)->29149K(29504K) NonClass: 24257K(24384K)->24257K(24384K) Class: 4891K(5120K)->4891K(5120K)
[6683.952s][info][gc             ] GC(2012) Pause Young (Allocation Failure) 6883M->4586M(6998M) 103.085ms
[6683.952s][info][gc,cpu         ] GC(2012) User=0.58s Sys=0.03s Real=0.10s
.[6685.642s][info][gc,start       ] GC(2013) Pause Young (Allocation Failure)
[6685.743s][info][gc,heap        ] GC(2013) PSYoungGen: 2595529K(2618880K)->142165K(2620928K) Eden: 2446848K(2446848K)->0K(2454016K) From: 148681K(172032K)->142165K(166912K)
[6685.743s][info][gc,heap        ] GC(2013) ParOldGen: 4547436K(4547584K)->4639756K(4640256K)
[6685.743s][info][gc,metaspace   ] GC(2013) Metaspace: 29149K(29504K)->29149K(29504K) NonClass: 24257K(24384K)->24257K(24384K) Class: 4891K(5120K)->4891K(5120K)
[6685.743s][info][gc             ] GC(2013) Pause Young (Allocation Failure) 6975M->4669M(7091M) 100.980ms
[6685.743s][info][gc,cpu         ] GC(2013) User=0.57s Sys=0.03s Real=0.10s
..[6687.485s][info][gc,start       ] GC(2014) Pause Young (Allocation Failure)
[6687.588s][info][gc,heap        ] GC(2014) PSYoungGen: 2596181K(2620928K)->145733K(2622464K) Eden: 2454016K(2454016K)->0K(2454016K) From: 142165K(166912K)->145733K(168448K)
[6687.588s][info][gc,heap        ] GC(2014) ParOldGen: 4639756K(4640256K)->4731620K(4731904K)
[6687.588s][info][gc,metaspace   ] GC(2014) Metaspace: 29149K(29504K)->29149K(29504K) NonClass: 24257K(24384K)->24257K(24384K) Class: 4891K(5120K)->4891K(5120K)
[6687.588s][info][gc             ] GC(2014) Pause Young (Allocation Failure) 7066M->4763M(7182M) 103.063ms
[6687.588s][info][gc,cpu         ] GC(2014) User=0.58s Sys=0.03s Real=0.10s
..[6689.198s][info][gc,start       ] GC(2015) Pause Young (Allocation Failure)
[6689.298s][info][gc,heap        ] GC(2015) PSYoungGen: 2599749K(2622464K)->140128K(2625536K) Eden: 2454016K(2454016K)->0K(2460672K) From: 145733K(168448K)->140128K(164864K)
[6689.298s][info][gc,heap        ] GC(2015) ParOldGen: 4731620K(4731904K)->4823092K(4823552K)
[6689.298s][info][gc,metaspace   ] GC(2015) Metaspace: 29149K(29504K)->29149K(29504K) NonClass: 24257K(24384K)->24257K(24384K) Class: 4891K(5120K)->4891K(5120K)
[6689.298s][info][gc             ] GC(2015) Pause Young (Allocation Failure) 7159M->4846M(7274M) 99.347ms
[6689.298s][info][gc,cpu         ] GC(2015) User=0.56s Sys=0.03s Real=0.10s
..[6690.978s][info][gc,start       ] GC(2016) Pause Young (Allocation Failure)
[6691.085s][info][gc,heap        ] GC(2016) PSYoungGen: 2600800K(2625536K)->157572K(2626560K) Eden: 2460672K(2460672K)->0K(2460672K) From: 140128K(164864K)->157572K(165888K)
[6691.085s][info][gc,heap        ] GC(2016) ParOldGen: 4823092K(4823552K)->4916164K(4916224K)
[6691.085s][info][gc,metaspace   ] GC(2016) Metaspace: 29149K(29504K)->29149K(29504K) NonClass: 24257K(24384K)->24257K(24384K) Class: 4891K(5120K)->4891K(5120K)
[6691.085s][info][gc             ] GC(2016) Pause Young (Allocation Failure) 7249M->4954M(7366M) 107.757ms
[6691.085s][info][gc,cpu         ] GC(2016) User=0.62s Sys=0.01s Real=0.11s
.[6692.813s][info][gc,start       ] GC(2017) Pause Young (Allocation Failure)
[6692.921s][info][gc,heap        ] GC(2017) PSYoungGen: 2618244K(2626560K)->156356K(2625024K) Eden: 2460672K(2460672K)->0K(2457088K) From: 157572K(165888K)->156356K(167936K)
[6692.921s][info][gc,heap        ] GC(2017) ParOldGen: 4916164K(4916224K)->5006364K(5006848K)
[6692.921s][info][gc,metaspace   ] GC(2017) Metaspace: 29149K(29504K)->29149K(29504K) NonClass: 24257K(24384K)->24257K(24384K) Class: 4891K(5120K)->4891K(5120K)
[6692.921s][info][gc             ] GC(2017) Pause Young (Allocation Failure) 7357M->5041M(7453M) 107.857ms
[6692.921s][info][gc,cpu         ] GC(2017) User=0.59s Sys=0.04s Real=0.11s
..[6694.585s][info][gc,start       ] GC(2018) Pause Young (Allocation Failure)
[6694.689s][info][gc,heap        ] GC(2018) PSYoungGen: 2613444K(2625024K)->146196K(2626560K) Eden: 2457088K(2457088K)->0K(2457088K) From: 156356K(167936K)->146196K(169472K)
[6694.689s][info][gc,heap        ] GC(2018) ParOldGen: 5006364K(5006848K)->5100116K(5100544K)
[6694.689s][info][gc,metaspace   ] GC(2018) Metaspace: 29149K(29504K)->29149K(29504K) NonClass: 24257K(24384K)->24257K(24384K) Class: 4891K(5120K)->4891K(5120K)
[6694.689s][info][gc             ] GC(2018) Pause Young (Allocation Failure) 7441M->5123M(7546M) 103.820ms
[6694.689s][info][gc,cpu         ] GC(2018) User=0.59s Sys=0.02s Real=0.10s
..[6696.316s][info][gc,start       ] GC(2019) Pause Young (Allocation Failure)
[6696.416s][info][gc,heap        ] GC(2019) PSYoungGen: 2603284K(2626560K)->141296K(2624512K) Eden: 2457088K(2457088K)->0K(2458624K) From: 146196K(169472K)->141296K(165888K)
[6696.416s][info][gc,heap        ] GC(2019) ParOldGen: 5100116K(5100544K)->5191476K(5191680K)
[6696.416s][info][gc,metaspace   ] GC(2019) Metaspace: 29149K(29504K)->29149K(29504K) NonClass: 24257K(24384K)->24257K(24384K) Class: 4891K(5120K)->4891K(5120K)
[6696.416s][info][gc             ] GC(2019) Pause Young (Allocation Failure) 7522M->5207M(7633M) 99.330ms
[6696.416s][info][gc,cpu         ] GC(2019) User=0.55s Sys=0.03s Real=0.10s
..[6698.111s][info][gc,start       ] GC(2020) Pause Young (Allocation Failure)
[6698.215s][info][gc,heap        ] GC(2020) PSYoungGen: 2599920K(2624512K)->152032K(2625536K) Eden: 2458624K(2458624K)->0K(2458624K) From: 141296K(165888K)->152032K(166912K)
[6698.215s][info][gc,heap        ] GC(2020) ParOldGen: 5191476K(5191680K)->5281796K(5282304K)
[6698.215s][info][gc,metaspace   ] GC(2020) Metaspace: 29149K(29504K)->29149K(29504K) NonClass: 24257K(24384K)->24257K(24384K) Class: 4891K(5120K)->4891K(5120K)
[6698.215s][info][gc             ] GC(2020) Pause Young (Allocation Failure) 7608M->5306M(7722M) 104.183ms
[6698.215s][info][gc,cpu         ] GC(2020) User=0.59s Sys=0.02s Real=0.11s
.[6699.946s][info][gc,start       ] GC(2021) Pause Young (Allocation Failure)
[6700.049s][info][gc,heap        ] GC(2021) PSYoungGen: 2610656K(2625536K)->139456K(2628096K) Eden: 2458624K(2458624K)->0K(2462208K) From: 152032K(166912K)->139456K(165888K)
[6700.049s][info][gc,heap        ] GC(2021) ParOldGen: 5281796K(5282304K)->5375836K(5376000K)
[6700.049s][info][gc,metaspace   ] GC(2021) Metaspace: 29149K(29504K)->29149K(29504K) NonClass: 24257K(24384K)->24257K(24384K) Class: 4891K(5120K)->4891K(5120K)
[6700.049s][info][gc             ] GC(2021) Pause Young (Allocation Failure) 7707M->5386M(7816M) 102.636ms
[6700.049s][info][gc,cpu         ] GC(2021) User=0.58s Sys=0.03s Real=0.10s
..[6701.712s][info][gc,start       ] GC(2022) Pause Young (Allocation Failure)
[6701.814s][info][gc,heap        ] GC(2022) PSYoungGen: 2601664K(2628096K)->146601K(2609152K) Eden: 2462208K(2462208K)->0K(2462208K) From: 139456K(165888K)->146601K(146944K)
[6701.814s][info][gc,heap        ] GC(2022) ParOldGen: 5375836K(5376000K)->5464516K(5464576K)
[6701.814s][info][gc,metaspace   ] GC(2022) Metaspace: 29149K(29504K)->29149K(29504K) NonClass: 24257K(24384K)->24257K(24384K) Class: 4891K(5120K)->4891K(5120K)
[6701.814s][info][gc             ] GC(2022) Pause Young (Allocation Failure) 7790M->5479M(7884M) 102.715ms
[6701.814s][info][gc,cpu         ] GC(2022) User=0.58s Sys=0.01s Real=0.11s
..[6703.486s][info][gc,start       ] GC(2023) Pause Young (Allocation Failure)
[6703.587s][info][gc,heap        ] GC(2023) PSYoungGen: 2608809K(2609152K)->143520K(2629120K) Eden: 2462208K(2462208K)->0K(2464768K) From: 146601K(146944K)->143520K(164352K)
[6703.587s][info][gc,heap        ] GC(2023) ParOldGen: 5464516K(5464576K)->5554820K(5555200K)
[6703.587s][info][gc,metaspace   ] GC(2023) Metaspace: 29149K(29504K)->29149K(29504K) NonClass: 24257K(24384K)->24257K(24384K) Class: 4891K(5120K)->4891K(5120K)
[6703.587s][info][gc             ] GC(2023) Pause Young (Allocation Failure) 7884M->5564M(7992M) 100.908ms
[6703.587s][info][gc,cpu         ] GC(2023) User=0.56s Sys=0.04s Real=0.10s
..[6705.327s][info][gc,start       ] GC(2024) Pause Full (Allocation Failure)
[6705.327s][info][gc,phases,start] GC(2024) Marking Phase
[6705.620s][info][gc,phases      ] GC(2024) Marking Phase 293.161ms
[6705.620s][info][gc,phases,start] GC(2024) Summary Phase
[6705.620s][info][gc,phases      ] GC(2024) Summary Phase 0.096ms
[6705.620s][info][gc,phases,start] GC(2024) Forward
[6705.753s][info][gc,phases      ] GC(2024) Forward 132.816ms
[6705.753s][info][gc,phases,start] GC(2024) Adjust Pointers
[6705.954s][info][gc,phases      ] GC(2024) Adjust Pointers 201.086ms
[6705.954s][info][gc,phases,start] GC(2024) Compaction Phase
[6706.082s][info][gc,phases      ] GC(2024) Compaction Phase 127.351ms
[6706.083s][info][gc,phases,start] GC(2024) Post Compact
[6706.089s][info][gc,phases      ] GC(2024) Post Compact 6.876ms
[6706.226s][info][gc,heap        ] GC(2024) PSYoungGen: 2608288K(2629120K)->0K(2628096K) Eden: 2464768K(2464768K)->0K(2464768K) From: 143520K(164352K)->0K(163328K)
[6706.226s][info][gc,heap        ] GC(2024) ParOldGen: 5554820K(5555200K)->1431014K(1745920K)
[6706.226s][info][gc,metaspace   ] GC(2024) Metaspace: 29149K(29504K)->29149K(29504K) NonClass: 24257K(24384K)->24257K(24384K) Class: 4891K(5120K)->4891K(5120K)
[6706.226s][info][gc             ] GC(2024) Pause Full (Allocation Failure) 7971M->1397M(4271M) 898.933ms
[6706.226s][info][gc,cpu         ] GC(2024) User=4.04s Sys=0.14s Real=0.90s
..[6707.603s][info][gc,start       ] GC(2025) Pause Young (Allocation Failure)
[6707.671s][info][gc,heap        ] GC(2025) PSYoungGen: 2464768K(2628096K)->147830K(2631680K) Eden: 2464768K(2464768K)->0K(2469376K) From: 0K(163328K)->147830K(162304K)
[6707.671s][info][gc,heap        ] GC(2025) ParOldGen: 1431014K(1745920K)->1431014K(1745920K)
[6707.671s][info][gc,metaspace   ] GC(2025) Metaspace: 29149K(29504K)->29149K(29504K) NonClass: 24257K(24384K)->24257K(24384K) Class: 4891K(5120K)->4891K(5120K)
[6707.671s][info][gc             ] GC(2025) Pause Young (Allocation Failure) 3804M->1541M(4275M) 67.660ms
[6707.671s][info][gc,cpu         ] GC(2025) User=0.40s Sys=0.00s Real=0.07s
.[6709.193s][info][gc,start       ] GC(2026) Pause Young (Allocation Failure)
[6709.298s][info][gc,heap        ] GC(2026) PSYoungGen: 2617206K(2631680K)->157398K(2631680K) Eden: 2469376K(2469376K)->0K(2469376K) From: 147830K(162304K)->157398K(162304K)
[6709.298s][info][gc,heap        ] GC(2026) ParOldGen: 1431014K(1745920K)->1529838K(1745920K)
[6709.298s][info][gc,metaspace   ] GC(2026) Metaspace: 29149K(29504K)->29149K(29504K) NonClass: 24257K(24384K)->24257K(24384K) Class: 4891K(5120K)->4891K(5120K)
[6709.298s][info][gc             ] GC(2026) Pause Young (Allocation Failure) 3953M->1647M(4275M) 105.055ms
[6709.298s][info][gc,cpu         ] GC(2026) User=0.62s Sys=0.00s Real=0.11s
.. (rIR:aIR:PR = 11208:11180:11179) (tPR = 164977) [OK] 
  6710s: Performance info:
         Transaction,    Success,    Partial,     Failed,   Receipts, AvgBarcode, 
             Overall,     675740,          0,          0,     641870,      59.47, 
         Response times:
             Request,    Success,    Partial,     Failed,   SkipFail,     Probes,    Samples,      min,      p50,      p90,      p95,      p99,      max, 
       TotalPurchase,     642261,          0,          0,          0,     337045,     429001,      200,     9900,   104000,   321000,   880000,  1200000,
     InStorePurchase,     339456,          0,          0,          0,     176910,     225708,      200,     9900,   105000,   314000,   880000,  1100000,
      OnlinePurchase,     235647,          0,          0,          0,     124609,     158049,      300,     9800,   103000,   346000,   860000,  1200000,
        InstPurchase,      67158,          0,          0,          0,      35526,      45244,      400,    10400,   105000,   355000,   930000,  1100000,
          AssocOfCat,        674,          0,          0,          0,        538,        744,    21000,    56000,   158500,   418000,   820000,   980000,
      AssocOfProduct,       6840,          0,          0,          0,       3744,       4949,      500,    11000,   106000,   328000,   580000,   810000,
      BusinessReport,       1694,          0,          0,          0,       1424,       1934,    25000,    63000,   167000,   432750,   870000,  1200000,
          CustBuyBeh,       6796,          0,          0,          0,       3800,       5066,      200,    12400,   106000,   272650,   740000,   930000,
       ProductReturn,      17806,          0,          0,          0,       9690,      12549,      200,     9700,   104000,   325000,   660000,   930000,

  6710s: (82%)   IR =  11346 [6710.799s][info][gc,start       ] GC(2027) Pause Young (Allocation Failure)
[6710.891s][info][gc,heap        ] GC(2027) PSYoungGen: 2626774K(2631680K)->143232K(2632192K) Eden: 2469376K(2469376K)->0K(2467840K) From: 157398K(162304K)->143232K(164352K)
[6710.891s][info][gc,heap        ] GC(2027) ParOldGen: 1529838K(1745920K)->1618318K(1745920K)
[6710.891s][info][gc,metaspace   ] GC(2027) Metaspace: 29149K(29504K)->29149K(29504K) NonClass: 24257K(24384K)->24257K(24384K) Class: 4891K(5120K)->4891K(5120K)
[6710.891s][info][gc             ] GC(2027) Pause Young (Allocation Failure) 4059M->1720M(4275M) 91.568ms
[6710.891s][info][gc,cpu         ] GC(2027) User=0.54s Sys=0.00s Real=0.09s
.[6712.525s][info][gc,start       ] GC(2028) Pause Young (Allocation Failure)
[6712.619s][info][gc,heap        ] GC(2028) PSYoungGen: 2611072K(2632192K)->144914K(2613248K) Eden: 2467840K(2467840K)->0K(2467840K) From: 143232K(164352K)->144914K(145408K)
[6712.619s][info][gc,heap        ] GC(2028) ParOldGen: 1618318K(1745920K)->1709894K(1745920K)
[6712.619s][info][gc,metaspace   ] GC(2028) Metaspace: 29149K(29504K)->29149K(29504K) NonClass: 24257K(24384K)->24257K(24384K) Class: 4891K(5120K)->4891K(5120K)
[6712.619s][info][gc             ] GC(2028) Pause Young (Allocation Failure) 4130M->1811M(4257M) 94.528ms
[6712.619s][info][gc,cpu         ] GC(2028) User=0.55s Sys=0.00s Real=0.09s
..[6714.307s][info][gc,start       ] GC(2029) Pause Young (Allocation Failure)
[6714.403s][info][gc,heap        ] GC(2029) PSYoungGen: 2612754K(2613248K)->144448K(2631168K) Eden: 2467840K(2467840K)->0K(2468864K) From: 144914K(145408K)->144448K(162304K)
[6714.403s][info][gc,heap        ] GC(2029) ParOldGen: 1709894K(1745920K)->1801662K(1801728K)
[6714.403s][info][gc,metaspace   ] GC(2029) Metaspace: 29149K(29504K)->29149K(29504K) NonClass: 24257K(24384K)->24257K(24384K) Class: 4891K(5120K)->4891K(5120K)
[6714.403s][info][gc             ] GC(2029) Pause Young (Allocation Failure) 4221M->1900M(4329M) 96.565ms
[6714.403s][info][gc,cpu         ] GC(2029) User=0.55s Sys=0.01s Real=0.10s
..[6716.147s][info][gc,start       ] GC(2030) Pause Young (Allocation Failure)
[6716.248s][info][gc,heap        ] GC(2030) PSYoungGen: 2613312K(2631168K)->145728K(2630144K) Eden: 2468864K(2468864K)->0K(2468864K) From: 144448K(162304K)->145728K(161280K)
[6716.248s][info][gc,heap        ] GC(2030) ParOldGen: 1801662K(1801728K)->1898478K(1898496K)
[6716.248s][info][gc,metaspace   ] GC(2030) Metaspace: 29149K(29504K)->29149K(29504K) NonClass: 24257K(24384K)->24257K(24384K) Class: 4891K(5120K)->4891K(5120K)
[6716.248s][info][gc             ] GC(2030) Pause Young (Allocation Failure) 4311M->1996M(4422M) 100.666ms
[6716.248s][info][gc,cpu         ] GC(2030) User=0.57s Sys=0.03s Real=0.10s
..[6717.855s][info][gc,start       ] GC(2031) Pause Young (Allocation Failure)
[6717.955s][info][gc,heap        ] GC(2031) PSYoungGen: 2614592K(2630144K)->149184K(2633216K) Eden: 2468864K(2468864K)->0K(2472960K) From: 145728K(161280K)->149184K(160256K)
[6717.955s][info][gc,heap        ] GC(2031) ParOldGen: 1898478K(1898496K)->1985238K(1985536K)
[6717.955s][info][gc,metaspace   ] GC(2031) Metaspace: 29149K(29504K)->29149K(29504K) NonClass: 24257K(24384K)->24257K(24384K) Class: 4891K(5120K)->4891K(5120K)
[6717.955s][info][gc             ] GC(2031) Pause Young (Allocation Failure) 4407M->2084M(4510M) 99.470ms
[6717.955s][info][gc,cpu         ] GC(2031) User=0.56s Sys=0.04s Real=0.10s
.[6719.609s][info][gc,start       ] GC(2032) Pause Young (Allocation Failure)
[6719.710s][info][gc,heap        ] GC(2032) PSYoungGen: 2622144K(2633216K)->145504K(2632704K) Eden: 2472960K(2472960K)->0K(2472960K) From: 149184K(160256K)->145504K(159744K)
[6719.710s][info][gc,heap        ] GC(2032) ParOldGen: 1985238K(1985536K)->2081838K(2082304K)
[6719.710s][info][gc,metaspace   ] GC(2032) Metaspace: 29149K(29504K)->29149K(29504K) NonClass: 24257K(24384K)->24257K(24384K) Class: 4891K(5120K)->4891K(5120K)
[6719.710s][info][gc             ] GC(2032) Pause Young (Allocation Failure) 4499M->2175M(4604M) 100.577ms
[6719.710s][info][gc,cpu         ] GC(2032) User=0.57s Sys=0.04s Real=0.10s
..[6721.370s][info][gc,start       ] GC(2033) Pause Young (Allocation Failure)
[6721.468s][info][gc,heap        ] GC(2033) PSYoungGen: 2618464K(2632704K)->147317K(2635264K) Eden: 2472960K(2472960K)->0K(2477056K) From: 145504K(159744K)->147317K(158208K)
[6721.468s][info][gc,heap        ] GC(2033) ParOldGen: 2081838K(2082304K)->2170798K(2170880K)
[6721.468s][info][gc,metaspace   ] GC(2033) Metaspace: 29149K(29504K)->29149K(29504K) NonClass: 24257K(24384K)->24257K(24384K) Class: 4891K(5120K)->4891K(5120K)
[6721.469s][info][gc             ] GC(2033) Pause Young (Allocation Failure) 4590M->2263M(4693M) 98.267ms
[6721.469s][info][gc,cpu         ] GC(2033) User=0.56s Sys=0.03s Real=0.10s
..[6723.214s][info][gc,start       ] GC(2034) Pause Young (Allocation Failure)
[6723.309s][info][gc,heap        ] GC(2034) PSYoungGen: 2624373K(2635264K)->137248K(2634752K) Eden: 2477056K(2477056K)->0K(2477056K) From: 147317K(158208K)->137248K(157696K)
[6723.310s][info][gc,heap        ] GC(2034) ParOldGen: 2170798K(2170880K)->2264758K(2265088K)
[6723.310s][info][gc,metaspace   ] GC(2034) Metaspace: 29149K(29504K)->29149K(29504K) NonClass: 24257K(24384K)->24257K(24384K) Class: 4891K(5120K)->4891K(5120K)
[6723.310s][info][gc             ] GC(2034) Pause Young (Allocation Failure) 4682M->2345M(4785M) 95.216ms
[6723.310s][info][gc,cpu         ] GC(2034) User=0.54s Sys=0.03s Real=0.09s
.|.[6725.049s][info][gc,start       ] GC(2035) Pause Young (Allocation Failure)
[6725.149s][info][gc,heap        ] GC(2035) PSYoungGen: 2614304K(2634752K)->148352K(2637824K) Eden: 2477056K(2477056K)->0K(2479616K) From: 137248K(157696K)->148352K(158208K)
[6725.149s][info][gc,heap        ] GC(2035) ParOldGen: 2264758K(2265088K)->2356406K(2356736K)
[6725.149s][info][gc,metaspace   ] GC(2035) Metaspace: 29149K(29504K)->29149K(29504K) NonClass: 24257K(24384K)->24257K(24384K) Class: 4891K(5120K)->4891K(5120K)
[6725.149s][info][gc             ] GC(2035) Pause Young (Allocation Failure) 4764M->2446M(4877M) 99.880ms
[6725.149s][info][gc,cpu         ] GC(2035) User=0.56s Sys=0.04s Real=0.10s
..[6726.874s][info][gc,start       ] GC(2036) Pause Young (Allocation Failure)
[6726.982s][info][gc,heap        ] GC(2036) PSYoungGen: 2627968K(2637824K)->157737K(2637824K) Eden: 2479616K(2479616K)->0K(2479616K) From: 148352K(158208K)->157737K(158208K)
[6726.982s][info][gc,heap        ] GC(2036) ParOldGen: 2356406K(2356736K)->2449894K(2449920K)
[6726.982s][info][gc,metaspace   ] GC(2036) Metaspace: 29149K(29504K)->29149K(29504K) NonClass: 24257K(24384K)->24257K(24384K) Class: 4891K(5120K)->4891K(5120K)
[6726.982s][info][gc             ] GC(2036) Pause Young (Allocation Failure) 4867M->2546M(4968M) 108.494ms
[6726.982s][info][gc,cpu         ] GC(2036) User=0.60s Sys=0.04s Real=0.10s
.[6728.699s][info][gc,start       ] GC(2037) Pause Young (Allocation Failure)
[6728.800s][info][gc,heap        ] GC(2037) PSYoungGen: 2637353K(2637824K)->152064K(2630656K) Eden: 2479616K(2479616K)->0K(2472448K) From: 157737K(158208K)->152064K(158208K)
[6728.800s][info][gc,heap        ] GC(2037) ParOldGen: 2449894K(2449920K)->2538790K(2539008K)
[6728.800s][info][gc,metaspace   ] GC(2037) Metaspace: 29149K(29504K)->29149K(29504K) NonClass: 24257K(24384K)->24257K(24384K) Class: 4891K(5120K)->4891K(5120K)
[6728.800s][info][gc             ] GC(2037) Pause Young (Allocation Failure) 4968M->2627M(5048M) 101.510ms
[6728.801s][info][gc,cpu         ] GC(2037) User=0.57s Sys=0.03s Real=0.10s
..[6730.341s][info][gc,start       ] GC(2038) Pause Young (Allocation Failure)
[6730.441s][info][gc,heap        ] GC(2038) PSYoungGen: 2624512K(2630656K)->142532K(2634240K) Eden: 2472448K(2472448K)->0K(2472448K) From: 152064K(158208K)->142532K(161792K)
[6730.441s][info][gc,heap        ] GC(2038) ParOldGen: 2538790K(2539008K)->2633934K(2634240K)
[6730.441s][info][gc,metaspace   ] GC(2038) Metaspace: 29149K(29504K)->29149K(29504K) NonClass: 24257K(24384K)->24257K(24384K) Class: 4891K(5120K)->4891K(5120K)
[6730.441s][info][gc             ] GC(2038) Pause Young (Allocation Failure) 5042M->2711M(5145M) 100.296ms
[6730.441s][info][gc,cpu         ] GC(2038) User=0.57s Sys=0.02s Real=0.10s
..[6732.117s][info][gc,start       ] GC(2039) Pause Young (Allocation Failure)
[6732.219s][info][gc,heap        ] GC(2039) PSYoungGen: 2614980K(2634240K)->155104K(2631680K) Eden: 2472448K(2472448K)->0K(2470400K) From: 142532K(161792K)->155104K(161280K)
[6732.219s][info][gc,heap        ] GC(2039) ParOldGen: 2633934K(2634240K)->2721958K(2722304K)
[6732.219s][info][gc,metaspace   ] GC(2039) Metaspace: 29149K(29504K)->29149K(29504K) NonClass: 24257K(24384K)->24257K(24384K) Class: 4891K(5120K)->4891K(5120K)
[6732.219s][info][gc             ] GC(2039) Pause Young (Allocation Failure) 5125M->2809M(5228M) 102.199ms
[6732.219s][info][gc,cpu         ] GC(2039) User=0.58s Sys=0.02s Real=0.10s
.[6733.883s][info][gc,start       ] GC(2040) Pause Young (Allocation Failure)
[6733.985s][info][gc,heap        ] GC(2040) PSYoungGen: 2625504K(2631680K)->148036K(2633216K) Eden: 2470400K(2470400K)->0K(2470400K) From: 155104K(161280K)->148036K(162816K)
[6733.985s][info][gc,heap        ] GC(2040) ParOldGen: 2721958K(2722304K)->2818350K(2818560K)
[6733.985s][info][gc,metaspace   ] GC(2040) Metaspace: 29149K(29504K)->29149K(29504K) NonClass: 24257K(24384K)->24257K(24384K) Class: 4891K(5120K)->4891K(5120K)
[6733.985s][info][gc             ] GC(2040) Pause Young (Allocation Failure) 5222M->2896M(5324M) 102.613ms
[6733.985s][info][gc,cpu         ] GC(2040) User=0.58s Sys=0.03s Real=0.11s
..[6735.659s][info][gc,start       ] GC(2041) Pause Young (Allocation Failure)
[6735.766s][info][gc,heap        ] GC(2041) PSYoungGen: 2618436K(2633216K)->156321K(2631680K) Eden: 2470400K(2470400K)->0K(2470400K) From: 148036K(162816K)->156321K(161280K)
[6735.766s][info][gc,heap        ] GC(2041) ParOldGen: 2818350K(2818560K)->2909174K(2909184K)
[6735.766s][info][gc,metaspace   ] GC(2041) Metaspace: 29149K(29504K)->29149K(29504K) NonClass: 24257K(24384K)->24257K(24384K) Class: 4891K(5120K)->4891K(5120K)
[6735.766s][info][gc             ] GC(2041) Pause Young (Allocation Failure) 5309M->2993M(5411M) 106.921ms
[6735.766s][info][gc,cpu         ] GC(2041) User=0.61s Sys=0.02s Real=0.11s
..[6737.462s][info][gc,start       ] GC(2042) Pause Young (Allocation Failure)
[6737.564s][info][gc,heap        ] GC(2042) PSYoungGen: 2626721K(2631680K)->148903K(2633216K) Eden: 2470400K(2470400K)->0K(2470400K) From: 156321K(161280K)->148903K(162816K)
[6737.564s][info][gc,heap        ] GC(2042) ParOldGen: 2909174K(2909184K)->3000542K(3000832K)
[6737.564s][info][gc,metaspace   ] GC(2042) Metaspace: 29149K(29504K)->29149K(29504K) NonClass: 24257K(24384K)->24257K(24384K) Class: 4891K(5120K)->4891K(5120K)
[6737.564s][info][gc             ] GC(2042) Pause Young (Allocation Failure) 5406M->3075M(5502M) 101.972ms
[6737.564s][info][gc,cpu         ] GC(2042) User=0.59s Sys=0.02s Real=0.11s
..[6739.312s][info][gc,start       ] GC(2043) Pause Young (Allocation Failure)
[6739.411s][info][gc,heap        ] GC(2043) PSYoungGen: 2619303K(2633216K)->142729K(2631680K) Eden: 2470400K(2470400K)->0K(2471424K) From: 148903K(162816K)->142729K(160256K)
[6739.411s][info][gc,heap        ] GC(2043) ParOldGen: 3000542K(3000832K)->3091918K(3091968K)
[6739.411s][info][gc,metaspace   ] GC(2043) Metaspace: 29149K(29504K)->29149K(29504K) NonClass: 24257K(24384K)->24257K(24384K) Class: 4891K(5120K)->4891K(5120K)
[6739.411s][info][gc             ] GC(2043) Pause Young (Allocation Failure) 5488M->3158M(5589M) 98.619ms
[6739.411s][info][gc,cpu         ] GC(2043) User=0.56s Sys=0.03s Real=0.10s
..[6741.082s][info][gc,start       ] GC(2044) Pause Young (Allocation Failure)
[6741.187s][info][gc,heap        ] GC(2044) PSYoungGen: 2614153K(2631680K)->156736K(2632704K) Eden: 2471424K(2471424K)->0K(2471424K) From: 142729K(160256K)->156736K(161280K)
[6741.187s][info][gc,heap        ] GC(2044) ParOldGen: 3091918K(3091968K)->3182174K(3182592K)
[6741.187s][info][gc,metaspace   ] GC(2044) Metaspace: 29149K(29504K)->29149K(29504K) NonClass: 24257K(24384K)->24257K(24384K) Class: 4891K(5120K)->4891K(5120K)
[6741.187s][info][gc             ] GC(2044) Pause Young (Allocation Failure) 5572M->3260M(5679M) 105.185ms
[6741.187s][info][gc,cpu         ] GC(2044) User=0.60s Sys=0.01s Real=0.11s
.[6742.841s][info][gc,start       ] GC(2045) Pause Young (Allocation Failure)
[6742.948s][info][gc,heap        ] GC(2045) PSYoungGen: 2628160K(2632704K)->156207K(2630656K) Eden: 2471424K(2471424K)->0K(2467328K) From: 156736K(161280K)->156207K(163328K)
[6742.948s][info][gc,heap        ] GC(2045) ParOldGen: 3182174K(3182592K)->3275142K(3275264K)
[6742.948s][info][gc,metaspace   ] GC(2045) Metaspace: 29149K(29504K)->29149K(29504K) NonClass: 24257K(24384K)->24257K(24384K) Class: 4891K(5120K)->4891K(5120K)
[6742.948s][info][gc             ] GC(2045) Pause Young (Allocation Failure) 5674M->3350M(5767M) 106.876ms
[6742.948s][info][gc,cpu         ] GC(2045) User=0.61s Sys=0.02s Real=0.11s
..[6744.634s][info][gc,start       ] GC(2046) Pause Young (Allocation Failure)
[6744.742s][info][gc,heap        ] GC(2046) PSYoungGen: 2623535K(2630656K)->161294K(2629120K) Eden: 2467328K(2467328K)->0K(2467328K) From: 156207K(163328K)->161294K(161792K)
[6744.742s][info][gc,heap        ] GC(2046) ParOldGen: 3275142K(3275264K)->3365038K(3365376K)
[6744.742s][info][gc,metaspace   ] GC(2046) Metaspace: 29149K(29504K)->29149K(29504K) NonClass: 24257K(24384K)->24257K(24384K) Class: 4891K(5120K)->4891K(5120K)
[6744.742s][info][gc             ] GC(2046) Pause Young (Allocation Failure) 5760M->3443M(5854M) 108.446ms
[6744.742s][info][gc,cpu         ] GC(2046) User=0.61s Sys=0.03s Real=0.10s
..[6746.340s][info][gc,start       ] GC(2047) Pause Young (Allocation Failure)
[6746.440s][info][gc,heap        ] GC(2047) PSYoungGen: 2628622K(2629120K)->143652K(2629120K) Eden: 2467328K(2467328K)->0K(2462208K) From: 161294K(161792K)->143652K(166912K)
[6746.440s][info][gc,heap        ] GC(2047) ParOldGen: 3365038K(3365376K)->3458246K(3458560K)
[6746.440s][info][gc,metaspace   ] GC(2047) Metaspace: 29149K(29504K)->29149K(29504K) NonClass: 24257K(24384K)->24257K(24384K) Class: 4891K(5120K)->4891K(5120K)
[6746.440s][info][gc             ] GC(2047) Pause Young (Allocation Failure) 5853M->3517M(5945M) 100.309ms
[6746.440s][info][gc,cpu         ] GC(2047) User=0.55s Sys=0.04s Real=0.10s
.[6748.094s][info][gc,start       ] GC(2048) Pause Young (Allocation Failure)
[6748.200s][info][gc,heap        ] GC(2048) PSYoungGen: 2605860K(2629120K)->155252K(2629120K) Eden: 2462208K(2462208K)->0K(2462208K) From: 143652K(166912K)->155252K(166912K)
[6748.200s][info][gc,heap        ] GC(2048) ParOldGen: 3458246K(3458560K)->3551198K(3551232K)
[6748.200s][info][gc,metaspace   ] GC(2048) Metaspace: 29149K(29504K)->29149K(29504K) NonClass: 24257K(24384K)->24257K(24384K) Class: 4891K(5120K)->4891K(5120K)
[6748.200s][info][gc             ] GC(2048) Pause Young (Allocation Failure) 5921M->3619M(6035M) 106.242ms
[6748.200s][info][gc,cpu         ] GC(2048) User=0.61s Sys=0.02s Real=0.10s
..[6749.905s][info][gc,start       ] GC(2049) Pause Young (Allocation Failure)
[6750.009s][info][gc,heap        ] GC(2049) PSYoungGen: 2616436K(2629120K)->148560K(2627072K) Eden: 2461184K(2462208K)->0K(2462208K) From: 155252K(166912K)->148560K(164864K)
[6750.009s][info][gc,heap        ] GC(2049) ParOldGen: 3551198K(3551232K)->3643110K(3643392K)
[6750.009s][info][gc,metaspace   ] GC(2049) Metaspace: 29149K(29504K)->29149K(29504K) NonClass: 24257K(24384K)->24257K(24384K) Class: 4891K(5120K)->4891K(5120K)
[6750.009s][info][gc             ] GC(2049) Pause Young (Allocation Failure) 6023M->3702M(6123M) 103.796ms
[6750.009s][info][gc,cpu         ] GC(2049) User=0.57s Sys=0.04s Real=0.10s
..[6751.673s][info][gc,start       ] GC(2050) Pause Young (Allocation Failure)
[6751.771s][info][gc,heap        ] GC(2050) PSYoungGen: 2610768K(2627072K)->146784K(2628096K) Eden: 2462208K(2462208K)->0K(2462208K) From: 148560K(164864K)->146784K(165888K)
[6751.771s][info][gc,heap        ] GC(2050) ParOldGen: 3643110K(3643392K)->3732358K(3732480K)
[6751.771s][info][gc,metaspace   ] GC(2050) Metaspace: 29149K(29504K)->29149K(29504K) NonClass: 24257K(24384K)->24257K(24384K) Class: 4891K(5120K)->4891K(5120K)
[6751.771s][info][gc             ] GC(2050) Pause Young (Allocation Failure) 6107M->3788M(6211M) 98.531ms
[6751.771s][info][gc,cpu         ] GC(2050) User=0.55s Sys=0.04s Real=0.10s
..[6753.455s][info][gc,start       ] GC(2051) Pause Young (Allocation Failure)
[6753.557s][info][gc,heap        ] GC(2051) PSYoungGen: 2608992K(2628096K)->142656K(2630144K) Eden: 2462208K(2462208K)->0K(2465280K) From: 146784K(165888K)->142656K(164864K)
[6753.557s][info][gc,heap        ] GC(2051) ParOldGen: 3732358K(3732480K)->3828630K(3828736K)
[6753.557s][info][gc,metaspace   ] GC(2051) Metaspace: 29149K(29504K)->29149K(29504K) NonClass: 24257K(24384K)->24257K(24384K) Class: 4891K(5120K)->4891K(5120K)
[6753.557s][info][gc             ] GC(2051) Pause Young (Allocation Failure) 6192M->3878M(6307M) 102.343ms
[6753.557s][info][gc,cpu         ] GC(2051) User=0.58s Sys=0.03s Real=0.10s
.[6755.257s][info][gc,start       ] GC(2052) Pause Young (Allocation Failure)
[6755.357s][info][gc,heap        ] GC(2052) PSYoungGen: 2607936K(2630144K)->146260K(2630144K) Eden: 2465280K(2465280K)->0K(2465280K) From: 142656K(164864K)->146260K(164864K)
[6755.357s][info][gc,heap        ] GC(2052) ParOldGen: 3828630K(3828736K)->3917862K(3918336K)
[6755.357s][info][gc,metaspace   ] GC(2052) Metaspace: 29149K(29504K)->29149K(29504K) NonClass: 24257K(24384K)->24257K(24384K) Class: 4891K(5120K)->4891K(5120K)
[6755.357s][info][gc             ] GC(2052) Pause Young (Allocation Failure) 6285M->3968M(6395M) 100.245ms
[6755.357s][info][gc,cpu         ] GC(2052) User=0.57s Sys=0.02s Real=0.10s
..[6757.033s][info][gc,start       ] GC(2053) Pause Young (Allocation Failure)
[6757.140s][info][gc,heap        ] GC(2053) PSYoungGen: 2611540K(2630144K)->159760K(2627072K) Eden: 2465280K(2465280K)->0K(2463232K) From: 146260K(164864K)->159760K(163840K)
[6757.140s][info][gc,heap        ] GC(2053) ParOldGen: 3917862K(3918336K)->4007574K(4007936K)
[6757.140s][info][gc,metaspace   ] GC(2053) Metaspace: 29149K(29504K)->29149K(29504K) NonClass: 24257K(24384K)->24257K(24384K) Class: 4891K(5120K)->4891K(5120K)
[6757.140s][info][gc             ] GC(2053) Pause Young (Allocation Failure) 6376M->4069M(6479M) 106.300ms
[6757.140s][info][gc,cpu         ] GC(2053) User=0.61s Sys=0.02s Real=0.10s
..[6758.710s][info][gc,start       ] GC(2054) Pause Young (Allocation Failure)
[6758.810s][info][gc,heap        ] GC(2054) PSYoungGen: 2622992K(2627072K)->141088K(2629632K) Eden: 2463232K(2463232K)->0K(2463232K) From: 159760K(163840K)->141088K(166400K)
[6758.810s][info][gc,heap        ] GC(2054) ParOldGen: 4007574K(4007936K)->4101094K(4101120K)
[6758.810s][info][gc,metaspace   ] GC(2054) Metaspace: 29149K(29504K)->29149K(29504K) NonClass: 24257K(24384K)->24257K(24384K) Class: 4891K(5120K)->4891K(5120K)
[6758.810s][info][gc             ] GC(2054) Pause Young (Allocation Failure) 6475M->4142M(6573M) 100.094ms
[6758.810s][info][gc,cpu         ] GC(2054) User=0.57s Sys=0.02s Real=0.10s
..[6760.507s][info][gc,start       ] GC(2055) Pause Young (Allocation Failure)
[6760.606s][info][gc,heap        ] GC(2055) PSYoungGen: 2604320K(2629632K)->141984K(2628608K) Eden: 2463232K(2463232K)->0K(2463232K) From: 141088K(166400K)->141984K(165376K)
[6760.606s][info][gc,heap        ] GC(2055) ParOldGen: 4101094K(4101120K)->4191470K(4191744K)
[6760.606s][info][gc,metaspace   ] GC(2055) Metaspace: 29149K(29504K)->29149K(29504K) NonClass: 24257K(24384K)->24257K(24384K) Class: 4891K(5120K)->4891K(5120K)
[6760.606s][info][gc             ] GC(2055) Pause Young (Allocation Failure) 6548M->4231M(6660M) 99.001ms
[6760.606s][info][gc,cpu         ] GC(2055) User=0.56s Sys=0.02s Real=0.10s
.[6762.290s][info][gc,start       ] GC(2056) Pause Young (Allocation Failure)
[6762.387s][info][gc,heap        ] GC(2056) PSYoungGen: 2605216K(2628608K)->136064K(2629120K) Eden: 2463232K(2463232K)->0K(2463232K) From: 141984K(165376K)->136064K(165888K)
[6762.387s][info][gc,heap        ] GC(2056) ParOldGen: 4191470K(4191744K)->4284766K(4284928K)
[6762.387s][info][gc,metaspace   ] GC(2056) Metaspace: 29149K(29504K)->29149K(29504K) NonClass: 24257K(24384K)->24257K(24384K) Class: 4891K(5120K)->4891K(5120K)
[6762.387s][info][gc             ] GC(2056) Pause Young (Allocation Failure) 6637M->4317M(6752M) 97.893ms
[6762.387s][info][gc,cpu         ] GC(2056) User=0.54s Sys=0.03s Real=0.10s
..[6764.080s][info][gc,start       ] GC(2057) Pause Young (Allocation Failure)
[6764.190s][info][gc,heap        ] GC(2057) PSYoungGen: 2599296K(2629120K)->161038K(2623488K) Eden: 2463232K(2463232K)->0K(2457088K) From: 136064K(165888K)->161038K(166400K)
[6764.190s][info][gc,heap        ] GC(2057) ParOldGen: 4284766K(4284928K)->4375294K(4375552K)
[6764.190s][info][gc,metaspace   ] GC(2057) Metaspace: 29149K(29504K)->29149K(29504K) NonClass: 24257K(24384K)->24257K(24384K) Class: 4891K(5120K)->4891K(5120K)
[6764.190s][info][gc             ] GC(2057) Pause Young (Allocation Failure) 6722M->4430M(6835M) 109.890ms
[6764.190s][info][gc,cpu         ] GC(2057) User=0.62s Sys=0.03s Real=0.11s
..[6765.849s][info][gc,start       ] GC(2058) Pause Young (Allocation Failure)
[6765.950s][info][gc,heap        ] GC(2058) PSYoungGen: 2618126K(2623488K)->145440K(2626560K) Eden: 2457088K(2457088K)->0K(2457088K) From: 161038K(166400K)->145440K(169472K)
[6765.950s][info][gc,heap        ] GC(2058) ParOldGen: 4375294K(4375552K)->4467062K(4467200K)
[6765.950s][info][gc,metaspace   ] GC(2058) Metaspace: 29149K(29504K)->29149K(29504K) NonClass: 24257K(24384K)->24257K(24384K) Class: 4891K(5120K)->4891K(5120K)
[6765.950s][info][gc             ] GC(2058) Pause Young (Allocation Failure) 6829M->4504M(6927M) 101.304ms
[6765.950s][info][gc,cpu         ] GC(2058) User=0.58s Sys=0.02s Real=0.10s
.[6767.443s][info][gc,start       ] GC(2059) Pause Young (Allocation Failure)
[6767.544s][info][gc,heap        ] GC(2059) PSYoungGen: 2602528K(2626560K)->144960K(2621952K) Eden: 2457088K(2457088K)->0K(2458624K) From: 145440K(169472K)->144960K(163328K)
[6767.544s][info][gc,heap        ] GC(2059) ParOldGen: 4467062K(4467200K)->4558934K(4559360K)
[6767.544s][info][gc,metaspace   ] GC(2059) Metaspace: 29149K(29504K)->29149K(29504K) NonClass: 24257K(24384K)->24257K(24384K) Class: 4891K(5120K)->4891K(5120K)
[6767.544s][info][gc             ] GC(2059) Pause Young (Allocation Failure) 6903M->4593M(7013M) 101.454ms
[6767.544s][info][gc,cpu         ] GC(2059) User=0.57s Sys=0.03s Real=0.11s
..[6769.220s][info][gc,start       ] GC(2060) Pause Young (Allocation Failure)
[6769.320s][info][gc,heap        ] GC(2060) PSYoungGen: 2603584K(2621952K)->136416K(2625024K) Eden: 2458624K(2458624K)->0K(2458624K) From: 144960K(163328K)->136416K(166400K)
[6769.320s][info][gc,heap        ] GC(2060) ParOldGen: 4558934K(4559360K)->4651782K(4652032K)
[6769.320s][info][gc,metaspace   ] GC(2060) Metaspace: 29149K(29504K)->29149K(29504K) NonClass: 24257K(24384K)->24257K(24384K) Class: 4891K(5120K)->4891K(5120K)
[6769.320s][info][gc             ] GC(2060) Pause Young (Allocation Failure) 6994M->4675M(7106M) 99.820ms
[6769.320s][info][gc,cpu         ] GC(2060) User=0.56s Sys=0.03s Real=0.10s
..[6771.038s][info][gc,start       ] GC(2061) Pause Young (Allocation Failure)
[6771.143s][info][gc,heap        ] GC(2061) PSYoungGen: 2595040K(2625024K)->154116K(2628096K) Eden: 2458624K(2458624K)->0K(2461184K) From: 136416K(166400K)->154116K(166912K)
[6771.143s][info][gc,heap        ] GC(2061) ParOldGen: 4651782K(4652032K)->4742502K(4742656K)
[6771.143s][info][gc,metaspace   ] GC(2061) Metaspace: 29149K(29504K)->29149K(29504K) NonClass: 24257K(24384K)->24257K(24384K) Class: 4891K(5120K)->4891K(5120K)
[6771.143s][info][gc             ] GC(2061) Pause Young (Allocation Failure) 7076M->4781M(7198M) 104.781ms
[6771.143s][info][gc,cpu         ] GC(2061) User=0.58s Sys=0.03s Real=0.11s
..[6772.815s][info][gc,start       ] GC(2062) Pause Young (Allocation Failure)
[6772.918s][info][gc,heap        ] GC(2062) PSYoungGen: 2615300K(2628096K)->148048K(2609664K) Eden: 2461184K(2461184K)->0K(2461184K) From: 154116K(166912K)->148048K(148480K)
[6772.918s][info][gc,heap        ] GC(2062) ParOldGen: 4742502K(4742656K)->4835086K(4835328K)
[6772.918s][info][gc,metaspace   ] GC(2062) Metaspace: 29149K(29504K)->29149K(29504K) NonClass: 24257K(24384K)->24257K(24384K) Class: 4891K(5120K)->4891K(5120K)
[6772.918s][info][gc             ] GC(2062) Pause Young (Allocation Failure) 7185M->4866M(7270M) 102.729ms
[6772.918s][info][gc,cpu         ] GC(2062) User=0.58s Sys=0.03s Real=0.10s
.[6774.611s][info][gc,start       ] GC(2063) Pause Young (Allocation Failure)
[6774.714s][info][gc,heap        ] GC(2063) PSYoungGen: 2609232K(2609664K)->147276K(2629632K) Eden: 2461184K(2461184K)->0K(2463744K) From: 148048K(148480K)->147276K(165888K)
[6774.714s][info][gc,heap        ] GC(2063) ParOldGen: 4835086K(4835328K)->4927886K(4928000K)
[6774.714s][info][gc,metaspace   ] GC(2063) Metaspace: 29149K(29504K)->29149K(29504K) NonClass: 24257K(24384K)->24257K(24384K) Class: 4891K(5120K)->4891K(5120K)
[6774.714s][info][gc             ] GC(2063) Pause Young (Allocation Failure) 7269M->4956M(7380M) 103.260ms
[6774.714s][info][gc,cpu         ] GC(2063) User=0.58s Sys=0.02s Real=0.11s
..[6776.441s][info][gc,start       ] GC(2064) Pause Young (Allocation Failure)
[6776.548s][info][gc,heap        ] GC(2064) PSYoungGen: 2611020K(2629632K)->153492K(2627584K) Eden: 2463744K(2463744K)->0K(2463744K) From: 147276K(165888K)->153492K(163840K)
[6776.548s][info][gc,heap        ] GC(2064) ParOldGen: 4927886K(4928000K)->5018414K(5018624K)
[6776.548s][info][gc,metaspace   ] GC(2064) Metaspace: 29149K(29504K)->29149K(29504K) NonClass: 24257K(24384K)->24257K(24384K) Class: 4891K(5120K)->4891K(5120K)
[6776.548s][info][gc             ] GC(2064) Pause Young (Allocation Failure) 7362M->5050M(7467M) 106.795ms
[6776.548s][info][gc,cpu         ] GC(2064) User=0.61s Sys=0.02s Real=0.11s
..[6778.205s][info][gc,start       ] GC(2065) Pause Young (Allocation Failure)
[6778.301s][info][gc,heap        ] GC(2065) PSYoungGen: 2617236K(2627584K)->131936K(2628608K) Eden: 2463744K(2463744K)->0K(2464256K) From: 153492K(163840K)->131936K(164352K)
[6778.301s][info][gc,heap        ] GC(2065) ParOldGen: 5018414K(5018624K)->5112846K(5113344K)
[6778.301s][info][gc,metaspace   ] GC(2065) Metaspace: 29149K(29504K)->29149K(29504K) NonClass: 24257K(24384K)->24257K(24384K) Class: 4891K(5120K)->4891K(5120K)
[6778.301s][info][gc             ] GC(2065) Pause Young (Allocation Failure) 7456M->5121M(7560M) 96.131ms
[6778.301s][info][gc,cpu         ] GC(2065) User=0.54s Sys=0.03s Real=0.09s
..[6779.984s][info][gc,start       ] GC(2066) Pause Young (Allocation Failure)
[6780.088s][info][gc,heap        ] GC(2066) PSYoungGen: 2596192K(2628608K)->152293K(2630144K) Eden: 2464256K(2464256K)->0K(2464256K) From: 131936K(164352K)->152293K(165888K)
[6780.088s][info][gc,heap        ] GC(2066) ParOldGen: 5112846K(5113344K)->5201830K(5201920K)
[6780.088s][info][gc,metaspace   ] GC(2066) Metaspace: 29149K(29504K)->29149K(29504K) NonClass: 24257K(24384K)->24257K(24384K) Class: 4891K(5120K)->4891K(5120K)
[6780.088s][info][gc             ] GC(2066) Pause Young (Allocation Failure) 7528M->5228M(7648M) 104.124ms
[6780.088s][info][gc,cpu         ] GC(2066) User=0.59s Sys=0.03s Real=0.10s
.[6781.834s][info][gc,start       ] GC(2067) Pause Young (Allocation Failure)
[6781.939s][info][gc,heap        ] GC(2067) PSYoungGen: 2616549K(2630144K)->151252K(2629120K) Eden: 2464256K(2464256K)->0K(2464256K) From: 152293K(165888K)->151252K(164864K)
[6781.939s][info][gc,heap        ] GC(2067) ParOldGen: 5201830K(5201920K)->5290358K(5290496K)
[6781.939s][info][gc,metaspace   ] GC(2067) Metaspace: 29149K(29504K)->29149K(29504K) NonClass: 24257K(24384K)->24257K(24384K) Class: 4891K(5120K)->4891K(5120K)
[6781.939s][info][gc             ] GC(2067) Pause Young (Allocation Failure) 7635M->5314M(7734M) 104.460ms
[6781.939s][info][gc,cpu         ] GC(2067) User=0.59s Sys=0.02s Real=0.10s
..[6783.625s][info][gc,start       ] GC(2068) Pause Young (Allocation Failure)
[6783.726s][info][gc,heap        ] GC(2068) PSYoungGen: 2615508K(2629120K)->141312K(2629632K) Eden: 2464256K(2464256K)->0K(2464256K) From: 151252K(164864K)->141312K(165376K)
[6783.726s][info][gc,heap        ] GC(2068) ParOldGen: 5290358K(5290496K)->5383830K(5384192K)
[6783.726s][info][gc,metaspace   ] GC(2068) Metaspace: 29149K(29504K)->29149K(29504K) NonClass: 24257K(24384K)->24257K(24384K) Class: 4891K(5120K)->4891K(5120K)
[6783.726s][info][gc             ] GC(2068) Pause Young (Allocation Failure) 7720M->5395M(7826M) 101.015ms
[6783.726s][info][gc,cpu         ] GC(2068) User=0.57s Sys=0.03s Real=0.10s
. (rIR:aIR:PR = 11346:11325:11325) (tPR = 168989) [OK] 
  6783s: Performance info:
         Transaction,    Success,    Partial,     Failed,   Receipts, AvgBarcode, 
             Overall,     681819,          0,          0,     647618,      59.47, 
         Response times:
             Request,    Success,    Partial,     Failed,   SkipFail,     Probes,    Samples,      min,      p50,      p90,      p95,      p99,      max, 
       TotalPurchase,     647618,          0,          0,          0,     356949,     443267,      200,     9500,    81000,   113000,   162000,   260000,
     InStorePurchase,     338909,          0,          0,          0,     187404,     232330,      200,     9400,    80000,   112000,   162000,   260000,
      OnlinePurchase,     240488,          0,          0,          0,     131625,     163527,      200,     9500,    81000,   113000,   163000,   260000,
        InstPurchase,      68221,          0,          0,          0,      37920,      47410,      300,    10000,    83000,   115000,   162890,   252000,
          AssocOfCat,        680,          0,          0,          0,        582,        816,    22000,    49000,   117300,   147150,   203150,   247000,
      AssocOfProduct,       6797,          0,          0,          0,       4101,       5388,      600,     9900,    82100,   112000,   167000,   229000,
      BusinessReport,       1709,          0,          0,          0,       1553,       2091,    27000,    64000,   151000,   185000,   227080,   284000,
          CustBuyBeh,       6769,          0,          0,          0,       4151,       5362,      500,     9100,    77000,   111000,   162000,   248000,
       ProductReturn,      18245,          0,          0,          0,       9046,      11559,      200,     8300,    75000,   105000,   153400,   241000,

  6783s: (83%)   IR =  11485 .[6785.397s][info][gc,start       ] GC(2069) Pause Young (Allocation Failure)
[6785.499s][info][gc,heap        ] GC(2069) PSYoungGen: 2605568K(2629632K)->142176K(2628608K) Eden: 2464256K(2464256K)->0K(2465792K) From: 141312K(165376K)->142176K(162816K)
[6785.499s][info][gc,heap        ] GC(2069) ParOldGen: 5383830K(5384192K)->5475286K(5475328K)
[6785.499s][info][gc,metaspace   ] GC(2069) Metaspace: 29149K(29504K)->29149K(29504K) NonClass: 24257K(24384K)->24257K(24384K) Class: 4891K(5120K)->4891K(5120K)
[6785.499s][info][gc             ] GC(2069) Pause Young (Allocation Failure) 7802M->5485M(7914M) 102.066ms
[6785.499s][info][gc,cpu         ] GC(2069) User=0.58s Sys=0.02s Real=0.10s
..[6787.165s][info][gc,start       ] GC(2070) Pause Young (Allocation Failure)
[6787.269s][info][gc,heap        ] GC(2070) PSYoungGen: 2607968K(2628608K)->150848K(2629632K) Eden: 2465792K(2465792K)->0K(2465792K) From: 142176K(162816K)->150848K(163840K)
[6787.269s][info][gc,heap        ] GC(2070) ParOldGen: 5475286K(5475328K)->5567302K(5567488K)
[6787.269s][info][gc,metaspace   ] GC(2070) Metaspace: 29149K(29504K)->29149K(29504K) NonClass: 24257K(24384K)->24257K(24384K) Class: 4891K(5120K)->4891K(5120K)
[6787.269s][info][gc             ] GC(2070) Pause Young (Allocation Failure) 7893M->5584M(8005M) 104.330ms
[6787.269s][info][gc,cpu         ] GC(2070) User=0.59s Sys=0.02s Real=0.10s
.[6788.902s][info][gc,start       ] GC(2071) Pause Full (Allocation Failure)
[6788.902s][info][gc,phases,start] GC(2071) Marking Phase
[6789.197s][info][gc,phases      ] GC(2071) Marking Phase 295.085ms
[6789.197s][info][gc,phases,start] GC(2071) Summary Phase
[6789.197s][info][gc,phases      ] GC(2071) Summary Phase 0.104ms
[6789.197s][info][gc,phases,start] GC(2071) Forward
[6789.336s][info][gc,phases      ] GC(2071) Forward 138.834ms
[6789.336s][info][gc,phases,start] GC(2071) Adjust Pointers
[6789.540s][info][gc,phases      ] GC(2071) Adjust Pointers 203.201ms
[6789.540s][info][gc,phases,start] GC(2071) Compaction Phase
[6789.667s][info][gc,phases      ] GC(2071) Compaction Phase 127.608ms
[6789.668s][info][gc,phases,start] GC(2071) Post Compact
[6789.675s][info][gc,phases      ] GC(2071) Post Compact 6.829ms
[6789.802s][info][gc,heap        ] GC(2071) PSYoungGen: 2616640K(2629632K)->0K(2632192K) Eden: 2465792K(2465792K)->0K(2468352K) From: 150848K(163840K)->0K(163840K)
[6789.802s][info][gc,heap        ] GC(2071) ParOldGen: 5567302K(5567488K)->1434499K(1756160K)
[6789.802s][info][gc,metaspace   ] GC(2071) Metaspace: 29149K(29504K)->29149K(29504K) NonClass: 24257K(24384K)->24257K(24384K) Class: 4891K(5120K)->4891K(5120K)
[6789.802s][info][gc             ] GC(2071) Pause Full (Allocation Failure) 7992M->1400M(4285M) 900.098ms
[6789.802s][info][gc,cpu         ] GC(2071) User=4.08s Sys=0.13s Real=0.90s
..[6791.257s][info][gc,start       ] GC(2072) Pause Young (Allocation Failure)
[6791.332s][info][gc,heap        ] GC(2072) PSYoungGen: 2468352K(2632192K)->163808K(2632192K) Eden: 2468352K(2468352K)->0K(2468352K) From: 0K(163840K)->163808K(163840K)
[6791.332s][info][gc,heap        ] GC(2072) ParOldGen: 1434499K(1756160K)->1436315K(1756160K)
[6791.332s][info][gc,metaspace   ] GC(2072) Metaspace: 29149K(29504K)->29149K(29504K) NonClass: 24257K(24384K)->24257K(24384K) Class: 4891K(5120K)->4891K(5120K)
[6791.332s][info][gc             ] GC(2072) Pause Young (Allocation Failure) 3811M->1562M(4285M) 74.535ms
[6791.332s][info][gc,cpu         ] GC(2072) User=0.44s Sys=0.00s Real=0.07s
.[6792.711s][info][gc,start       ] GC(2073) Pause Young (Allocation Failure)
[6792.858s][info][gc,heap        ] GC(2073) PSYoungGen: 2632160K(2632192K)->157744K(2618880K) Eden: 2468352K(2468352K)->0K(2455040K) From: 163808K(163840K)->157744K(163840K)
[6792.858s][info][gc,heap        ] GC(2073) ParOldGen: 1436315K(1756160K)->1526635K(1756160K)
[6792.858s][info][gc,metaspace   ] GC(2073) Metaspace: 29149K(29504K)->29149K(29504K) NonClass: 24257K(24384K)->24257K(24384K) Class: 4891K(5120K)->4891K(5120K)
[6792.858s][info][gc             ] GC(2073) Pause Young (Allocation Failure) 3973M->1644M(4272M) 146.579ms
[6792.858s][info][gc,cpu         ] GC(2073) User=0.59s Sys=0.00s Real=0.15s
..[6794.395s][info][gc,start       ] GC(2074) Pause Young (Allocation Failure)
[6794.491s][info][gc,heap        ] GC(2074) PSYoungGen: 2612784K(2618880K)->145376K(2625536K) Eden: 2455040K(2455040K)->0K(2455040K) From: 157744K(163840K)->145376K(170496K)
[6794.491s][info][gc,heap        ] GC(2074) ParOldGen: 1526635K(1756160K)->1624291K(1756160K)
[6794.491s][info][gc,metaspace   ] GC(2074) Metaspace: 29149K(29504K)->29149K(29504K) NonClass: 24257K(24384K)->24257K(24384K) Class: 4891K(5120K)->4891K(5120K)
[6794.491s][info][gc             ] GC(2074) Pause Young (Allocation Failure) 4042M->1728M(4279M) 96.174ms
[6794.491s][info][gc,cpu         ] GC(2074) User=0.56s Sys=0.00s Real=0.09s
.[6796.007s][info][gc,start       ] GC(2075) Pause Young (Allocation Failure)
[6796.105s][info][gc,heap        ] GC(2075) PSYoungGen: 2600416K(2625536K)->152591K(2622976K) Eden: 2455040K(2455040K)->0K(2456576K) From: 145376K(170496K)->152591K(166400K)
[6796.105s][info][gc,heap        ] GC(2075) ParOldGen: 1624291K(1756160K)->1711187K(1756160K)
[6796.105s][info][gc,metaspace   ] GC(2075) Metaspace: 29149K(29504K)->29149K(29504K) NonClass: 24257K(24384K)->24257K(24384K) Class: 4891K(5120K)->4891K(5120K)
[6796.105s][info][gc             ] GC(2075) Pause Young (Allocation Failure) 4125M->1820M(4276M) 97.713ms
[6796.105s][info][gc,cpu         ] GC(2075) User=0.57s Sys=0.00s Real=0.10s
..[6797.774s][info][gc,start       ] GC(2076) Pause Young (Allocation Failure)
[6797.873s][info][gc,heap        ] GC(2076) PSYoungGen: 2609167K(2622976K)->148852K(2625024K) Eden: 2456576K(2456576K)->0K(2456576K) From: 152591K(166400K)->148852K(168448K)
[6797.873s][info][gc,heap        ] GC(2076) ParOldGen: 1711187K(1756160K)->1803459K(1803776K)
[6797.873s][info][gc,metaspace   ] GC(2076) Metaspace: 29149K(29504K)->29149K(29504K) NonClass: 24257K(24384K)->24257K(24384K) Class: 4891K(5120K)->4891K(5120K)
[6797.873s][info][gc             ] GC(2076) Pause Young (Allocation Failure) 4219M->1906M(4325M) 98.678ms
[6797.873s][info][gc,cpu         ] GC(2076) User=0.57s Sys=0.02s Real=0.09s
.|[6799.467s][info][gc,start       ] GC(2077) Pause Young (Allocation Failure)
[6799.563s][info][gc,heap        ] GC(2077) PSYoungGen: 2605428K(2625024K)->141216K(2627584K) Eden: 2456576K(2456576K)->0K(2461184K) From: 148852K(168448K)->141216K(166400K)
[6799.563s][info][gc,heap        ] GC(2077) ParOldGen: 1803459K(1803776K)->1896371K(1896448K)
[6799.563s][info][gc,metaspace   ] GC(2077) Metaspace: 29149K(29504K)->29149K(29504K) NonClass: 24257K(24384K)->24257K(24384K) Class: 4891K(5120K)->4891K(5120K)
[6799.563s][info][gc             ] GC(2077) Pause Young (Allocation Failure) 4305M->1989M(4418M) 96.734ms
[6799.563s][info][gc,cpu         ] GC(2077) User=0.54s Sys=0.03s Real=0.10s
..[6801.173s][info][gc,start       ] GC(2078) Pause Young (Allocation Failure)
[6801.279s][info][gc,heap        ] GC(2078) PSYoungGen: 2602400K(2627584K)->159354K(2627584K) Eden: 2461184K(2461184K)->0K(2461184K) From: 141216K(166400K)->159354K(166400K)
[6801.279s][info][gc,heap        ] GC(2078) ParOldGen: 1896371K(1896448K)->1987051K(1987072K)
[6801.279s][info][gc,metaspace   ] GC(2078) Metaspace: 29149K(29504K)->29149K(29504K) NonClass: 24257K(24384K)->24257K(24384K) Class: 4891K(5120K)->4891K(5120K)
[6801.279s][info][gc             ] GC(2078) Pause Young (Allocation Failure) 4393M->2096M(4506M) 106.342ms
[6801.279s][info][gc,cpu         ] GC(2078) User=0.60s Sys=0.03s Real=0.11s
..[6802.854s][info][gc,start       ] GC(2079) Pause Young (Allocation Failure)
[6802.952s][info][gc,heap        ] GC(2079) PSYoungGen: 2620538K(2627584K)->145632K(2628608K) Eden: 2461184K(2461184K)->0K(2460160K) From: 159354K(166400K)->145632K(168448K)
[6802.952s][info][gc,heap        ] GC(2079) ParOldGen: 1987051K(1987072K)->2078299K(2078720K)
[6802.952s][info][gc,metaspace   ] GC(2079) Metaspace: 29149K(29504K)->29149K(29504K) NonClass: 24257K(24384K)->24257K(24384K) Class: 4891K(5120K)->4891K(5120K)
[6802.952s][info][gc             ] GC(2079) Pause Young (Allocation Failure) 4499M->2171M(4597M) 98.187ms
[6802.952s][info][gc,cpu         ] GC(2079) User=0.55s Sys=0.03s Real=0.09s
.[6804.644s][info][gc,start       ] GC(2080) Pause Young (Allocation Failure)
[6804.744s][info][gc,heap        ] GC(2080) PSYoungGen: 2605792K(2628608K)->146950K(2607616K) Eden: 2460160K(2460160K)->0K(2460160K) From: 145632K(168448K)->146950K(147456K)
[6804.744s][info][gc,heap        ] GC(2080) ParOldGen: 2078304K(2078720K)->2172208K(2172416K)
[6804.744s][info][gc,metaspace   ] GC(2080) Metaspace: 29149K(29504K)->29149K(29504K) NonClass: 24257K(24384K)->24257K(24384K) Class: 4891K(5120K)->4891K(5120K)
[6804.744s][info][gc             ] GC(2080) Pause Young (Allocation Failure) 4574M->2264M(4668M) 100.573ms
[6804.745s][info][gc,cpu         ] GC(2080) User=0.56s Sys=0.04s Real=0.10s
..[6806.366s][info][gc,start       ] GC(2081) Pause Young (Allocation Failure)
[6806.461s][info][gc,heap        ] GC(2081) PSYoungGen: 2607110K(2607616K)->138368K(2625536K) Eden: 2460160K(2460160K)->0K(2459648K) From: 146950K(147456K)->138368K(165888K)
[6806.461s][info][gc,heap        ] GC(2081) ParOldGen: 2172208K(2172416K)->2263224K(2263552K)
[6806.461s][info][gc,metaspace   ] GC(2081) Metaspace: 29149K(29504K)->29149K(29504K) NonClass: 24257K(24384K)->24257K(24384K) Class: 4891K(5120K)->4891K(5120K)
[6806.461s][info][gc             ] GC(2081) Pause Young (Allocation Failure) 4667M->2345M(4774M) 95.156ms
[6806.461s][info][gc,cpu         ] GC(2081) User=0.52s Sys=0.04s Real=0.09s
..[6808.097s][info][gc,start       ] GC(2082) Pause Young (Allocation Failure)
[6808.195s][info][gc,heap        ] GC(2082) PSYoungGen: 2598016K(2625536K)->145984K(2626048K) Eden: 2459648K(2459648K)->0K(2459648K) From: 138368K(165888K)->145984K(166400K)
[6808.195s][info][gc,heap        ] GC(2082) ParOldGen: 2263224K(2263552K)->2356168K(2356224K)
[6808.195s][info][gc,metaspace   ] GC(2082) Metaspace: 29149K(29504K)->29149K(29504K) NonClass: 24257K(24384K)->24257K(24384K) Class: 4891K(5120K)->4891K(5120K)
[6808.195s][info][gc             ] GC(2082) Pause Young (Allocation Failure) 4747M->2443M(4865M) 98.290ms
[6808.195s][info][gc,cpu         ] GC(2082) User=0.55s Sys=0.03s Real=0.10s
.[6809.800s][info][gc,start       ] GC(2083) Pause Young (Allocation Failure)
[6809.898s][info][gc,heap        ] GC(2083) PSYoungGen: 2605632K(2626048K)->145344K(2627584K) Eden: 2459648K(2459648K)->0K(2464768K) From: 145984K(166400K)->145344K(162816K)
[6809.898s][info][gc,heap        ] GC(2083) ParOldGen: 2356168K(2356224K)->2446496K(2446848K)
[6809.898s][info][gc,metaspace   ] GC(2083) Metaspace: 29149K(29504K)->29149K(29504K) NonClass: 24257K(24384K)->24257K(24384K) Class: 4891K(5120K)->4891K(5120K)
[6809.898s][info][gc             ] GC(2083) Pause Young (Allocation Failure) 4845M->2531M(4955M) 98.246ms
[6809.898s][info][gc,cpu         ] GC(2083) User=0.55s Sys=0.03s Real=0.10s
..[6811.499s][info][gc,start       ] GC(2084) Pause Young (Allocation Failure)
[6811.598s][info][gc,heap        ] GC(2084) PSYoungGen: 2610112K(2627584K)->144992K(2628096K) Eden: 2464768K(2464768K)->0K(2464768K) From: 145344K(162816K)->144992K(163328K)
[6811.598s][info][gc,heap        ] GC(2084) ParOldGen: 2446496K(2446848K)->2537728K(2537984K)
[6811.598s][info][gc,metaspace   ] GC(2084) Metaspace: 29149K(29504K)->29149K(29504K) NonClass: 24257K(24384K)->24257K(24384K) Class: 4891K(5120K)->4891K(5120K)
[6811.598s][info][gc             ] GC(2084) Pause Young (Allocation Failure) 4938M->2619M(5045M) 98.816ms
[6811.598s][info][gc,cpu         ] GC(2084) User=0.56s Sys=0.02s Real=0.10s
..[6813.233s][info][gc,start       ] GC(2085) Pause Young (Allocation Failure)
[6813.329s][info][gc,heap        ] GC(2085) PSYoungGen: 2609760K(2628096K)->137984K(2632192K) Eden: 2464768K(2464768K)->0K(2469888K) From: 144992K(163328K)->137984K(162304K)
[6813.329s][info][gc,heap        ] GC(2085) ParOldGen: 2537728K(2537984K)->2628216K(2628608K)
[6813.329s][info][gc,metaspace   ] GC(2085) Metaspace: 29149K(29504K)->29149K(29504K) NonClass: 24257K(24384K)->24257K(24384K) Class: 4891K(5120K)->4891K(5120K)
[6813.329s][info][gc             ] GC(2085) Pause Young (Allocation Failure) 5026M->2701M(5137M) 96.059ms
[6813.329s][info][gc,cpu         ] GC(2085) User=0.53s Sys=0.03s Real=0.10s
..[6814.966s][info][gc,start       ] GC(2086) Pause Young (Allocation Failure)
[6815.067s][info][gc,heap        ] GC(2086) PSYoungGen: 2607872K(2632192K)->149104K(2632192K) Eden: 2469888K(2469888K)->0K(2469888K) From: 137984K(162304K)->149104K(162304K)
[6815.067s][info][gc,heap        ] GC(2086) ParOldGen: 2628216K(2628608K)->2721552K(2721792K)
[6815.067s][info][gc,metaspace   ] GC(2086) Metaspace: 29149K(29504K)->29149K(29504K) NonClass: 24257K(24384K)->24257K(24384K) Class: 4891K(5120K)->4891K(5120K)
[6815.067s][info][gc             ] GC(2086) Pause Young (Allocation Failure) 5113M->2803M(5228M) 101.506ms
[6815.067s][info][gc,cpu         ] GC(2086) User=0.56s Sys=0.03s Real=0.10s
.[6816.720s][info][gc,start       ] GC(2087) Pause Young (Allocation Failure)
[6816.820s][info][gc,heap        ] GC(2087) PSYoungGen: 2618992K(2632192K)->146476K(2631168K) Eden: 2469888K(2469888K)->0K(2471936K) From: 149104K(162304K)->146476K(159232K)
[6816.820s][info][gc,heap        ] GC(2087) ParOldGen: 2721552K(2721792K)->2814160K(2814464K)
[6816.820s][info][gc,metaspace   ] GC(2087) Metaspace: 29149K(29504K)->29149K(29504K) NonClass: 24257K(24384K)->24257K(24384K) Class: 4891K(5120K)->4891K(5120K)
[6816.820s][info][gc             ] GC(2087) Pause Young (Allocation Failure) 5215M->2891M(5318M) 100.914ms
[6816.820s][info][gc,cpu         ] GC(2087) User=0.57s Sys=0.03s Real=0.10s
..[6818.540s][info][gc,start       ] GC(2088) Pause Young (Allocation Failure)
[6818.638s][info][gc,heap        ] GC(2088) PSYoungGen: 2618412K(2631168K)->142368K(2632192K) Eden: 2471936K(2471936K)->0K(2471936K) From: 146476K(159232K)->142368K(160256K)
[6818.638s][info][gc,heap        ] GC(2088) ParOldGen: 2814160K(2814464K)->2904528K(2904576K)
[6818.638s][info][gc,metaspace   ] GC(2088) Metaspace: 29149K(29504K)->29149K(29504K) NonClass: 24257K(24384K)->24257K(24384K) Class: 4891K(5120K)->4891K(5120K)
[6818.638s][info][gc             ] GC(2088) Pause Young (Allocation Failure) 5305M->2975M(5407M) 97.668ms
[6818.638s][info][gc,cpu         ] GC(2088) User=0.55s Sys=0.03s Real=0.10s
..[6820.368s][info][gc,start       ] GC(2089) Pause Young (Allocation Failure)
[6820.468s][info][gc,heap        ] GC(2089) PSYoungGen: 2614304K(2632192K)->143840K(2633216K) Eden: 2471936K(2471936K)->0K(2476032K) From: 142368K(160256K)->143840K(157184K)
[6820.468s][info][gc,heap        ] GC(2089) ParOldGen: 2904528K(2904576K)->2997552K(2997760K)
[6820.468s][info][gc,metaspace   ] GC(2089) Metaspace: 29149K(29504K)->29149K(29504K) NonClass: 24257K(24384K)->24257K(24384K) Class: 4891K(5120K)->4891K(5120K)
[6820.468s][info][gc             ] GC(2089) Pause Young (Allocation Failure) 5389M->3067M(5499M) 100.189ms
[6820.468s][info][gc,cpu         ] GC(2089) User=0.57s Sys=0.02s Real=0.10s
..[6822.162s][info][gc,start       ] GC(2090) Pause Young (Allocation Failure)
[6822.262s][info][gc,heap        ] GC(2090) PSYoungGen: 2619872K(2633216K)->146240K(2634752K) Eden: 2476032K(2476032K)->0K(2476032K) From: 143840K(157184K)->146240K(158720K)
[6822.262s][info][gc,heap        ] GC(2090) ParOldGen: 2997552K(2997760K)->3089856K(3089920K)
[6822.262s][info][gc,metaspace   ] GC(2090) Metaspace: 29149K(29504K)->29149K(29504K) NonClass: 24257K(24384K)->24257K(24384K) Class: 4891K(5120K)->4891K(5120K)
[6822.262s][info][gc             ] GC(2090) Pause Young (Allocation Failure) 5485M->3160M(5590M) 100.033ms
[6822.262s][info][gc,cpu         ] GC(2090) User=0.56s Sys=0.03s Real=0.10s
.[6823.989s][info][gc,start       ] GC(2091) Pause Young (Allocation Failure)
[6824.094s][info][gc,heap        ] GC(2091) PSYoungGen: 2622272K(2634752K)->155737K(2633216K) Eden: 2476032K(2476032K)->0K(2475520K) From: 146240K(158720K)->155737K(157696K)
[6824.094s][info][gc,heap        ] GC(2091) ParOldGen: 3089856K(3089920K)->3181096K(3181568K)
[6824.094s][info][gc,metaspace   ] GC(2091) Metaspace: 29149K(29504K)->29149K(29504K) NonClass: 24257K(24384K)->24257K(24384K) Class: 4891K(5120K)->4891K(5120K)
[6824.094s][info][gc             ] GC(2091) Pause Young (Allocation Failure) 5578M->3258M(5678M) 105.017ms
[6824.094s][info][gc,cpu         ] GC(2091) User=0.59s Sys=0.04s Real=0.11s
..[6825.666s][info][gc,start       ] GC(2092) Pause Young (Allocation Failure)
[6825.772s][info][gc,heap        ] GC(2092) PSYoungGen: 2631257K(2633216K)->156916K(2632704K) Eden: 2475520K(2475520K)->0K(2475520K) From: 155737K(157696K)->156916K(157184K)
[6825.772s][info][gc,heap        ] GC(2092) ParOldGen: 3181096K(3181568K)->3271064K(3271168K)
[6825.772s][info][gc,metaspace   ] GC(2092) Metaspace: 29149K(29504K)->29149K(29504K) NonClass: 24257K(24384K)->24257K(24384K) Class: 4891K(5120K)->4891K(5120K)
[6825.772s][info][gc             ] GC(2092) Pause Young (Allocation Failure) 5676M->3347M(5765M) 105.857ms
[6825.772s][info][gc,cpu         ] GC(2092) User=0.60s Sys=0.02s Real=0.10s
..[6827.420s][info][gc,start       ] GC(2093) Pause Young (Allocation Failure)
[6827.520s][info][gc,heap        ] GC(2093) PSYoungGen: 2632436K(2632704K)->146036K(2634752K) Eden: 2475520K(2475520K)->0K(2472448K) From: 156916K(157184K)->146036K(162304K)
[6827.520s][info][gc,heap        ] GC(2093) ParOldGen: 3271064K(3271168K)->3363344K(3363840K)
[6827.520s][info][gc,metaspace   ] GC(2093) Metaspace: 29149K(29504K)->29149K(29504K) NonClass: 24257K(24384K)->24257K(24384K) Class: 4891K(5120K)->4891K(5120K)
[6827.520s][info][gc             ] GC(2093) Pause Young (Allocation Failure) 5765M->3427M(5858M) 100.352ms
[6827.520s][info][gc,cpu         ] GC(2093) User=0.56s Sys=0.02s Real=0.10s
..[6829.205s][info][gc,start       ] GC(2094) Pause Young (Allocation Failure)
[6829.307s][info][gc,heap        ] GC(2094) PSYoungGen: 2618484K(2634752K)->145504K(2618368K) Eden: 2472448K(2472448K)->0K(2472448K) From: 146036K(162304K)->145504K(145920K)
[6829.307s][info][gc,heap        ] GC(2094) ParOldGen: 3363344K(3363840K)->3455792K(3456000K)
[6829.307s][info][gc,metaspace   ] GC(2094) Metaspace: 29149K(29504K)->29149K(29504K) NonClass: 24257K(24384K)->24257K(24384K) Class: 4891K(5120K)->4891K(5120K)
[6829.307s][info][gc             ] GC(2094) Pause Young (Allocation Failure) 5841M->3516M(5932M) 101.720ms
[6829.307s][info][gc,cpu         ] GC(2094) User=0.58s Sys=0.02s Real=0.10s
.[6830.965s][info][gc,start       ] GC(2095) Pause Young (Allocation Failure)
[6831.068s][info][gc,heap        ] GC(2095) PSYoungGen: 2617952K(2618368K)->150789K(2632704K) Eden: 2472448K(2472448K)->0K(2472448K) From: 145504K(145920K)->150789K(160256K)
[6831.068s][info][gc,heap        ] GC(2095) ParOldGen: 3455792K(3456000K)->3548072K(3548160K)
[6831.068s][info][gc,metaspace   ] GC(2095) Metaspace: 29149K(29504K)->29149K(29504K) NonClass: 24257K(24384K)->24257K(24384K) Class: 4891K(5120K)->4891K(5120K)
[6831.068s][info][gc             ] GC(2095) Pause Young (Allocation Failure) 5931M->3612M(6036M) 103.382ms
[6831.069s][info][gc,cpu         ] GC(2095) User=0.58s Sys=0.03s Real=0.10s
..[6832.752s][info][gc,start       ] GC(2096) Pause Young (Allocation Failure)
[6832.858s][info][gc,heap        ] GC(2096) PSYoungGen: 2623237K(2632704K)->151674K(2632704K) Eden: 2472448K(2472448K)->0K(2472448K) From: 150789K(160256K)->151674K(160256K)
[6832.858s][info][gc,heap        ] GC(2096) ParOldGen: 3548072K(3548160K)->3642024K(3642368K)
[6832.858s][info][gc,metaspace   ] GC(2096) Metaspace: 29149K(29504K)->29149K(29504K) NonClass: 24257K(24384K)->24257K(24384K) Class: 4891K(5120K)->4891K(5120K)
[6832.858s][info][gc             ] GC(2096) Pause Young (Allocation Failure) 6026M->3704M(6128M) 106.273ms
[6832.858s][info][gc,cpu         ] GC(2096) User=0.60s Sys=0.03s Real=0.11s
..[6834.432s][info][gc,start       ] GC(2097) Pause Young (Allocation Failure)
[6834.535s][info][gc,heap        ] GC(2097) PSYoungGen: 2624122K(2632704K)->156293K(2632192K) Eden: 2472448K(2472448K)->0K(2471424K) From: 151674K(160256K)->156293K(160768K)
[6834.535s][info][gc,heap        ] GC(2097) ParOldGen: 3642024K(3642368K)->3729312K(3729408K)
[6834.535s][info][gc,metaspace   ] GC(2097) Metaspace: 29149K(29504K)->29149K(29504K) NonClass: 24257K(24384K)->24257K(24384K) Class: 4891K(5120K)->4891K(5120K)
[6834.535s][info][gc             ] GC(2097) Pause Young (Allocation Failure) 6119M->3794M(6212M) 103.606ms
[6834.535s][info][gc,cpu         ] GC(2097) User=0.59s Sys=0.02s Real=0.11s
.[6836.231s][info][gc,start       ] GC(2098) Pause Young (Allocation Failure)
[6836.333s][info][gc,heap        ] GC(2098) PSYoungGen: 2627717K(2632192K)->144853K(2633728K) Eden: 2471424K(2471424K)->0K(2471424K) From: 156293K(160768K)->144853K(162304K)
[6836.333s][info][gc,heap        ] GC(2098) ParOldGen: 3729312K(3729408K)->3825072K(3825152K)
[6836.333s][info][gc,metaspace   ] GC(2098) Metaspace: 29149K(29504K)->29149K(29504K) NonClass: 24257K(24384K)->24257K(24384K) Class: 4891K(5120K)->4891K(5120K)
[6836.333s][info][gc             ] GC(2098) Pause Young (Allocation Failure) 6208M->3876M(6307M) 102.585ms
[6836.333s][info][gc,cpu         ] GC(2098) User=0.57s Sys=0.04s Real=0.10s
..[6838.091s][info][gc,start       ] GC(2099) Pause Young (Allocation Failure)
[6838.196s][info][gc,heap        ] GC(2099) PSYoungGen: 2616277K(2633728K)->152640K(2633216K) Eden: 2471424K(2471424K)->0K(2471936K) From: 144853K(162304K)->152640K(161280K)
[6838.196s][info][gc,heap        ] GC(2099) ParOldGen: 3825072K(3825152K)->3913912K(3914240K)
[6838.196s][info][gc,metaspace   ] GC(2099) Metaspace: 29149K(29504K)->29149K(29504K) NonClass: 24257K(24384K)->24257K(24384K) Class: 4891K(5120K)->4891K(5120K)
[6838.196s][info][gc             ] GC(2099) Pause Young (Allocation Failure) 6290M->3971M(6394M) 104.164ms
[6838.196s][info][gc,cpu         ] GC(2099) User=0.59s Sys=0.03s Real=0.11s
..[6839.713s][info][gc,start       ] GC(2100) Pause Young (Allocation Failure)
[6839.817s][info][gc,heap        ] GC(2100) PSYoungGen: 2624576K(2633216K)->145712K(2633728K) Eden: 2471936K(2471936K)->0K(2471936K) From: 152640K(161280K)->145712K(161792K)
[6839.817s][info][gc,heap        ] GC(2100) ParOldGen: 3913912K(3914240K)->4010936K(4011008K)
[6839.817s][info][gc,metaspace   ] GC(2100) Metaspace: 29149K(29504K)->29149K(29504K) NonClass: 24257K(24384K)->24257K(24384K) Class: 4891K(5120K)->4891K(5120K)
[6839.817s][info][gc             ] GC(2100) Pause Young (Allocation Failure) 6385M->4059M(6489M) 103.881ms
[6839.817s][info][gc,cpu         ] GC(2100) User=0.59s Sys=0.02s Real=0.11s
..[6841.448s][info][gc,start       ] GC(2101) Pause Young (Allocation Failure)
[6841.547s][info][gc,heap        ] GC(2101) PSYoungGen: 2617648K(2633728K)->141568K(2634240K) Eden: 2471936K(2471936K)->0K(2472960K) From: 145712K(161792K)->141568K(161280K)
[6841.547s][info][gc,heap        ] GC(2101) ParOldGen: 4010936K(4011008K)->4099640K(4100096K)
[6841.547s][info][gc,metaspace   ] GC(2101) Metaspace: 29149K(29504K)->29149K(29504K) NonClass: 24257K(24384K)->24257K(24384K) Class: 4891K(5120K)->4891K(5120K)
[6841.547s][info][gc             ] GC(2101) Pause Young (Allocation Failure) 6473M->4141M(6576M) 99.027ms
[6841.547s][info][gc,cpu         ] GC(2101) User=0.55s Sys=0.03s Real=0.10s
.[6843.239s][info][gc,start       ] GC(2102) Pause Young (Allocation Failure)
[6843.345s][info][gc,heap        ] GC(2102) PSYoungGen: 2614528K(2634240K)->156041K(2629120K) Eden: 2472960K(2472960K)->0K(2472960K) From: 141568K(161280K)->156041K(156160K)
[6843.345s][info][gc,heap        ] GC(2102) ParOldGen: 4099640K(4100096K)->4193168K(4193280K)
[6843.345s][info][gc,metaspace   ] GC(2102) Metaspace: 29149K(29504K)->29149K(29504K) NonClass: 24257K(24384K)->24257K(24384K) Class: 4891K(5120K)->4891K(5120K)
[6843.345s][info][gc             ] GC(2102) Pause Young (Allocation Failure) 6556M->4247M(6662M) 106.557ms
[6843.345s][info][gc,cpu         ] GC(2102) User=0.60s Sys=0.03s Real=0.11s
..[6844.848s][info][gc,start       ] GC(2103) Pause Young (Allocation Failure)
[6844.954s][info][gc,heap        ] GC(2103) PSYoungGen: 2629001K(2629120K)->153066K(2632192K) Eden: 2472960K(2472960K)->0K(2469376K) From: 156041K(156160K)->153066K(162816K)
[6844.954s][info][gc,heap        ] GC(2103) ParOldGen: 4193168K(4193280K)->4283968K(4284416K)
[6844.954s][info][gc,metaspace   ] GC(2103) Metaspace: 29149K(29504K)->29149K(29504K) NonClass: 24257K(24384K)->24257K(24384K) Class: 4891K(5120K)->4891K(5120K)
[6844.954s][info][gc             ] GC(2103) Pause Young (Allocation Failure) 6662M->4333M(6754M) 105.559ms
[6844.954s][info][gc,cpu         ] GC(2103) User=0.58s Sys=0.03s Real=0.11s
..[6846.634s][info][gc,start       ] GC(2104) Pause Young (Allocation Failure)
[6846.738s][info][gc,heap        ] GC(2104) PSYoungGen: 2622442K(2632192K)->148416K(2617856K) Eden: 2469376K(2469376K)->0K(2469376K) From: 153066K(162816K)->148416K(148480K)
[6846.738s][info][gc,heap        ] GC(2104) ParOldGen: 4283968K(4284416K)->4375936K(4376064K)
[6846.738s][info][gc,metaspace   ] GC(2104) Metaspace: 29149K(29504K)->29149K(29504K) NonClass: 24257K(24384K)->24257K(24384K) Class: 4891K(5120K)->4891K(5120K)
[6846.738s][info][gc             ] GC(2104) Pause Young (Allocation Failure) 6744M->4418M(6830M) 104.157ms
[6846.738s][info][gc,cpu         ] GC(2104) User=0.58s Sys=0.03s Real=0.10s
.[6848.432s][info][gc,start       ] GC(2105) Pause Young (Allocation Failure)
[6848.532s][info][gc,heap        ] GC(2105) PSYoungGen: 2617792K(2617856K)->140784K(2631168K) Eden: 2469376K(2469376K)->0K(2469376K) From: 148416K(148480K)->140784K(161792K)
[6848.532s][info][gc,heap        ] GC(2105) ParOldGen: 4375936K(4376064K)->4468584K(4468736K)
[6848.532s][info][gc,metaspace   ] GC(2105) Metaspace: 29149K(29504K)->29149K(29504K) NonClass: 24257K(24384K)->24257K(24384K) Class: 4891K(5120K)->4891K(5120K)
[6848.532s][info][gc             ] GC(2105) Pause Young (Allocation Failure) 6829M->4501M(6933M) 99.997ms
[6848.532s][info][gc,cpu         ] GC(2105) User=0.55s Sys=0.03s Real=0.10s
..[6850.255s][info][gc,start       ] GC(2106) Pause Young (Allocation Failure)
[6850.358s][info][gc,heap        ] GC(2106) PSYoungGen: 2610160K(2631168K)->143509K(2631680K) Eden: 2469376K(2469376K)->0K(2469376K) From: 140784K(161792K)->143509K(162304K)
[6850.358s][info][gc,heap        ] GC(2106) ParOldGen: 4468584K(4468736K)->4559144K(4559360K)
[6850.358s][info][gc,metaspace   ] GC(2106) Metaspace: 29149K(29504K)->29149K(29504K) NonClass: 24257K(24384K)->24257K(24384K) Class: 4891K(5120K)->4891K(5120K)
[6850.358s][info][gc             ] GC(2106) Pause Young (Allocation Failure) 6912M->4592M(7022M) 103.154ms
[6850.358s][info][gc,cpu         ] GC(2106) User=0.59s Sys=0.02s Real=0.10s
..[6852.035s][info][gc,start       ] GC(2107) Pause Young (Allocation Failure)
[6852.136s][info][gc,heap        ] GC(2107) PSYoungGen: 2612885K(2631680K)->149088K(2633216K) Eden: 2469376K(2469376K)->0K(2472448K) From: 143509K(162304K)->149088K(160768K)
[6852.136s][info][gc,heap        ] GC(2107) ParOldGen: 4559144K(4559360K)->4649584K(4649984K)
[6852.136s][info][gc,metaspace   ] GC(2107) Metaspace: 29149K(29504K)->29149K(29504K) NonClass: 24257K(24384K)->24257K(24384K) Class: 4891K(5120K)->4891K(5120K)
[6852.136s][info][gc             ] GC(2107) Pause Young (Allocation Failure) 7003M->4686M(7112M) 100.831ms
[6852.136s][info][gc,cpu         ] GC(2107) User=0.57s Sys=0.03s Real=0.10s
..[6853.741s][info][gc,start       ] GC(2108) Pause Young (Allocation Failure)
[6853.851s][info][gc,heap        ] GC(2108) PSYoungGen: 2621536K(2633216K)->156329K(2633216K) Eden: 2472448K(2472448K)->0K(2472448K) From: 149088K(160768K)->156329K(160768K)
[6853.851s][info][gc,heap        ] GC(2108) ParOldGen: 4649584K(4649984K)->4743160K(4743168K)
[6853.851s][info][gc,metaspace   ] GC(2108) Metaspace: 29149K(29504K)->29149K(29504K) NonClass: 24257K(24384K)->24257K(24384K) Class: 4891K(5120K)->4891K(5120K)
[6853.851s][info][gc             ] GC(2108) Pause Young (Allocation Failure) 7100M->4784M(7203M) 110.406ms
[6853.851s][info][gc,cpu         ] GC(2108) User=0.62s Sys=0.03s Real=0.11s
.[6855.506s][info][gc,start       ] GC(2109) Pause Young (Allocation Failure)
[6855.611s][info][gc,heap        ] GC(2109) PSYoungGen: 2628777K(2633216K)->146244K(2634240K) Eden: 2472448K(2472448K)->0K(2471936K) From: 156329K(160768K)->146244K(162304K)
[6855.611s][info][gc,heap        ] GC(2109) ParOldGen: 4743160K(4743168K)->4832832K(4833280K)
[6855.611s][info][gc,metaspace   ] GC(2109) Metaspace: 29149K(29504K)->29149K(29504K) NonClass: 24257K(24384K)->24257K(24384K) Class: 4891K(5120K)->4891K(5120K)
[6855.611s][info][gc             ] GC(2109) Pause Young (Allocation Failure) 7199M->4862M(7292M) 105.100ms
[6855.611s][info][gc,cpu         ] GC(2109) User=0.58s Sys=0.03s Real=0.10s
..[6857.257s][info][gc,start       ] GC(2110) Pause Young (Allocation Failure)
[6857.355s][info][gc,heap        ] GC(2110) PSYoungGen: 2618180K(2634240K)->138304K(2633728K) Eden: 2471936K(2471936K)->0K(2471936K) From: 146244K(162304K)->138304K(161792K)
[6857.355s][info][gc,heap        ] GC(2110) ParOldGen: 4832832K(4833280K)->4922936K(4923392K)
[6857.355s][info][gc,metaspace   ] GC(2110) Metaspace: 29149K(29504K)->29149K(29504K) NonClass: 24257K(24384K)->24257K(24384K) Class: 4891K(5120K)->4891K(5120K)
[6857.355s][info][gc             ] GC(2110) Pause Young (Allocation Failure) 7276M->4942M(7380M) 98.126ms
[6857.355s][info][gc,cpu         ] GC(2110) User=0.55s Sys=0.03s Real=0.10s
.. (rIR:aIR:PR = 11485:11524:11522) (tPR = 172255) [OK] 
  6858s: Performance info:
         Transaction,    Success,    Partial,     Failed,   Receipts, AvgBarcode, 
             Overall,     695631,          0,          0,     661082,      59.48, 
         Response times:
             Request,    Success,    Partial,     Failed,   SkipFail,     Probes,    Samples,      min,      p50,      p90,      p95,      p99,      max, 
       TotalPurchase,     660640,          0,          0,          0,     358287,     450845,      200,    13600,   132000,   243000,   549000,  1200000,
     InStorePurchase,     346248,          0,          0,          0,     188046,     236314,      200,    13600,   133000,   246000,   552000,  1100000,
      OnlinePurchase,     245368,          0,          0,          0,     132574,     166609,      300,    13500,   131000,   242000,   551000,  1200000,
        InstPurchase,      69024,          0,          0,          0,      37667,      47922,      300,    13800,   133000,   251000,   535000,  1100000,
          AssocOfCat,        699,          0,          0,          0,        577,        824,    23000,    54000,   154500,   224500,   510500,   970000,
      AssocOfProduct,       7024,          0,          0,          0,       4207,       5533,      800,    15600,   132000,   326300,   790000,   950000,
      BusinessReport,       1732,          0,          0,          0,       1576,       2120,    28000,    70000,   193000,   357000,   647900,  1200000,
          CustBuyBeh,       6947,          0,          0,          0,       4272,       5651,      300,    13500,   123000,   307400,   538000,   900000,
       ProductReturn,      18330,          0,          0,          0,       9405,      12147,      200,    13800,   118000,   220000,   555000,   900000,

  6858s: (84%)   IR =  11623 [6859.074s][info][gc,start       ] GC(2111) Pause Young (Allocation Failure)
[6859.178s][info][gc,heap        ] GC(2111) PSYoungGen: 2610240K(2633728K)->145760K(2631680K) Eden: 2471936K(2471936K)->0K(2471936K) From: 138304K(161792K)->145760K(159744K)
[6859.178s][info][gc,heap        ] GC(2111) ParOldGen: 4922936K(4923392K)->5017456K(5017600K)
[6859.178s][info][gc,metaspace   ] GC(2111) Metaspace: 29149K(29504K)->29149K(29504K) NonClass: 24257K(24384K)->24257K(24384K) Class: 4891K(5120K)->4891K(5120K)
[6859.178s][info][gc             ] GC(2111) Pause Young (Allocation Failure) 7356M->5042M(7470M) 103.721ms
[6859.178s][info][gc,cpu         ] GC(2111) User=0.58s Sys=0.03s Real=0.10s
.[6860.879s][info][gc,start       ] GC(2112) Pause Young (Allocation Failure)
[6860.985s][info][gc,heap        ] GC(2112) PSYoungGen: 2617696K(2631680K)->153897K(2632704K) Eden: 2471936K(2471936K)->0K(2471936K) From: 145760K(159744K)->153897K(160768K)
[6860.985s][info][gc,heap        ] GC(2112) ParOldGen: 5017456K(5017600K)->5107544K(5107712K)
[6860.985s][info][gc,metaspace   ] GC(2112) Metaspace: 29149K(29504K)->29149K(29504K) NonClass: 24257K(24384K)->24257K(24384K) Class: 4891K(5120K)->4891K(5120K)
[6860.985s][info][gc             ] GC(2112) Pause Young (Allocation Failure) 7456M->5138M(7559M) 105.976ms
[6860.985s][info][gc,cpu         ] GC(2112) User=0.61s Sys=0.02s Real=0.11s
..[6862.510s][info][gc,start       ] GC(2113) Pause Young (Allocation Failure)
[6862.613s][info][gc,heap        ] GC(2113) PSYoungGen: 2625833K(2632704K)->146528K(2634240K) Eden: 2471936K(2471936K)->0K(2473472K) From: 153897K(160768K)->146528K(160768K)
[6862.613s][info][gc,heap        ] GC(2113) ParOldGen: 5107544K(5107712K)->5199760K(5199872K)
[6862.613s][info][gc,metaspace   ] GC(2113) Metaspace: 29149K(29504K)->29149K(29504K) NonClass: 24257K(24384K)->24257K(24384K) Class: 4891K(5120K)->4891K(5120K)
[6862.613s][info][gc             ] GC(2113) Pause Young (Allocation Failure) 7552M->5220M(7650M) 102.886ms
[6862.613s][info][gc,cpu         ] GC(2113) User=0.59s Sys=0.02s Real=0.10s
..[6864.254s][info][gc,start       ] GC(2114) Pause Young (Allocation Failure)
[6864.358s][info][gc,heap        ] GC(2114) PSYoungGen: 2620000K(2634240K)->146840K(2634240K) Eden: 2473472K(2473472K)->0K(2473472K) From: 146528K(160768K)->146840K(160768K)
[6864.358s][info][gc,heap        ] GC(2114) ParOldGen: 5199760K(5199872K)->5291096K(5291520K)
[6864.358s][info][gc,metaspace   ] GC(2114) Metaspace: 29149K(29504K)->29149K(29504K) NonClass: 24257K(24384K)->24257K(24384K) Class: 4891K(5120K)->4891K(5120K)
[6864.358s][info][gc             ] GC(2114) Pause Young (Allocation Failure) 7636M->5310M(7740M) 103.992ms
[6864.358s][info][gc,cpu         ] GC(2114) User=0.58s Sys=0.03s Real=0.10s
.[6865.980s][info][gc,start       ] GC(2115) Pause Young (Allocation Failure)
[6866.085s][info][gc,heap        ] GC(2115) PSYoungGen: 2620312K(2634240K)->151008K(2634240K) Eden: 2473472K(2473472K)->0K(2474496K) From: 146840K(160768K)->151008K(159744K)
[6866.086s][info][gc,heap        ] GC(2115) ParOldGen: 5291096K(5291520K)->5382736K(5383168K)
[6866.086s][info][gc,metaspace   ] GC(2115) Metaspace: 29149K(29504K)->29149K(29504K) NonClass: 24257K(24384K)->24257K(24384K) Class: 4891K(5120K)->4891K(5120K)
[6866.086s][info][gc             ] GC(2115) Pause Young (Allocation Failure) 7725M->5404M(7829M) 105.709ms
[6866.086s][info][gc,cpu         ] GC(2115) User=0.59s Sys=0.02s Real=0.11s
..[6867.741s][info][gc,start       ] GC(2116) Pause Young (Allocation Failure)
[6867.844s][info][gc,heap        ] GC(2116) PSYoungGen: 2625504K(2634240K)->144192K(2634240K) Eden: 2474496K(2474496K)->0K(2474496K) From: 151008K(159744K)->144192K(159744K)
[6867.844s][info][gc,heap        ] GC(2116) ParOldGen: 5382736K(5383168K)->5476096K(5476352K)
[6867.844s][info][gc,metaspace   ] GC(2116) Metaspace: 29149K(29504K)->29149K(29504K) NonClass: 24257K(24384K)->24257K(24384K) Class: 4891K(5120K)->4891K(5120K)
[6867.844s][info][gc             ] GC(2116) Pause Young (Allocation Failure) 7820M->5488M(7920M) 103.830ms
[6867.845s][info][gc,cpu         ] GC(2116) User=0.59s Sys=0.02s Real=0.11s
..[6869.498s][info][gc,start       ] GC(2117) Pause Young (Allocation Failure)
[6869.598s][info][gc,heap        ] GC(2117) PSYoungGen: 2618688K(2634240K)->141664K(2635776K) Eden: 2474496K(2474496K)->0K(2476544K) From: 144192K(159744K)->141664K(159232K)
[6869.598s][info][gc,heap        ] GC(2117) ParOldGen: 5476096K(5476352K)->5566120K(5566464K)
[6869.598s][info][gc,metaspace   ] GC(2117) Metaspace: 29149K(29504K)->29149K(29504K) NonClass: 24257K(24384K)->24257K(24384K) Class: 4891K(5120K)->4891K(5120K)
[6869.598s][info][gc             ] GC(2117) Pause Young (Allocation Failure) 7905M->5574M(8010M) 99.980ms
[6869.598s][info][gc,cpu         ] GC(2117) User=0.57s Sys=0.02s Real=0.10s
.|[6871.213s][info][gc,start       ] GC(2118) Pause Full (Allocation Failure)
[6871.213s][info][gc,phases,start] GC(2118) Marking Phase
[6871.506s][info][gc,phases      ] GC(2118) Marking Phase 292.900ms
[6871.506s][info][gc,phases,start] GC(2118) Summary Phase
[6871.506s][info][gc,phases      ] GC(2118) Summary Phase 0.116ms
[6871.506s][info][gc,phases,start] GC(2118) Forward
[6871.630s][info][gc,phases      ] GC(2118) Forward 124.241ms
[6871.630s][info][gc,phases,start] GC(2118) Adjust Pointers
[6871.828s][info][gc,phases      ] GC(2118) Adjust Pointers 198.250ms
[6871.828s][info][gc,phases,start] GC(2118) Compaction Phase
[6871.954s][info][gc,phases      ] GC(2118) Compaction Phase 125.366ms
[6871.955s][info][gc,phases,start] GC(2118) Post Compact
[6871.962s][info][gc,phases      ] GC(2118) Post Compact 6.928ms
[6872.101s][info][gc,heap        ] GC(2118) PSYoungGen: 2618208K(2635776K)->0K(2635776K) Eden: 2476544K(2476544K)->0K(2476544K) From: 141664K(159232K)->0K(159232K)
[6872.101s][info][gc,heap        ] GC(2118) ParOldGen: 5566120K(5566464K)->1423364K(1751040K)
[6872.101s][info][gc,metaspace   ] GC(2118) Metaspace: 29149K(29504K)->29135K(29504K) NonClass: 24257K(24384K)->24247K(24384K) Class: 4891K(5120K)->4887K(5120K)
[6872.101s][info][gc             ] GC(2118) Pause Full (Allocation Failure) 7992M->1390M(4284M) 888.695ms
[6872.101s][info][gc,cpu         ] GC(2118) User=3.99s Sys=0.14s Real=0.89s
..[6873.477s][info][gc,start       ] GC(2119) Pause Young (Allocation Failure)
[6873.546s][info][gc,heap        ] GC(2119) PSYoungGen: 2476544K(2635776K)->154320K(2633728K) Eden: 2476544K(2476544K)->0K(2474496K) From: 0K(159232K)->154320K(159232K)
[6873.546s][info][gc,heap        ] GC(2119) ParOldGen: 1423364K(1751040K)->1423364K(1751040K)
[6873.546s][info][gc,metaspace   ] GC(2119) Metaspace: 29137K(29504K)->29137K(29504K) NonClass: 24250K(24384K)->24250K(24384K) Class: 4887K(5120K)->4887K(5120K)
[6873.546s][info][gc             ] GC(2119) Pause Young (Allocation Failure) 3808M->1540M(4282M) 69.275ms
[6873.546s][info][gc,cpu         ] GC(2119) User=0.41s Sys=0.00s Real=0.07s
.[6875.035s][info][gc,start       ] GC(2120) Pause Young (Allocation Failure)
[6875.140s][info][gc,heap        ] GC(2120) PSYoungGen: 2628816K(2633728K)->160736K(2635264K) Eden: 2474496K(2474496K)->0K(2474496K) From: 154320K(159232K)->160736K(160768K)
[6875.140s][info][gc,heap        ] GC(2120) ParOldGen: 1423364K(1751040K)->1525900K(1751040K)
[6875.140s][info][gc,metaspace   ] GC(2120) Metaspace: 29137K(29504K)->29137K(29504K) NonClass: 24250K(24384K)->24250K(24384K) Class: 4887K(5120K)->4887K(5120K)
[6875.140s][info][gc             ] GC(2120) Pause Young (Allocation Failure) 3957M->1647M(4283M) 105.276ms
[6875.140s][info][gc,cpu         ] GC(2120) User=0.63s Sys=0.00s Real=0.10s
..[6876.601s][info][gc,start       ] GC(2121) Pause Young (Allocation Failure)
[6876.697s][info][gc,heap        ] GC(2121) PSYoungGen: 2635232K(2635264K)->147268K(2556416K) Eden: 2474496K(2474496K)->0K(2395648K) From: 160736K(160768K)->147268K(160768K)
[6876.697s][info][gc,heap        ] GC(2121) ParOldGen: 1525900K(1751040K)->1614100K(1751040K)
[6876.697s][info][gc,metaspace   ] GC(2121) Metaspace: 29137K(29504K)->29137K(29504K) NonClass: 24250K(24384K)->24250K(24384K) Class: 4887K(5120K)->4887K(5120K)
[6876.697s][info][gc             ] GC(2121) Pause Young (Allocation Failure) 4063M->1720M(4206M) 95.642ms
[6876.697s][info][gc,cpu         ] GC(2121) User=0.56s Sys=0.00s Real=0.10s
.[6878.171s][info][gc,start       ] GC(2122) Pause Young (Allocation Failure)
[6878.273s][info][gc,heap        ] GC(2122) PSYoungGen: 2542916K(2556416K)->155165K(2595840K) Eden: 2395648K(2395648K)->0K(2395648K) From: 147268K(160768K)->155165K(200192K)
[6878.273s][info][gc,heap        ] GC(2122) ParOldGen: 1614100K(1751040K)->1705764K(1751040K)
[6878.273s][info][gc,metaspace   ] GC(2122) Metaspace: 29137K(29504K)->29137K(29504K) NonClass: 24250K(24384K)->24250K(24384K) Class: 4887K(5120K)->4887K(5120K)
[6878.273s][info][gc             ] GC(2122) Pause Young (Allocation Failure) 4059M->1817M(4245M) 101.472ms
[6878.273s][info][gc,cpu         ] GC(2122) User=0.60s Sys=0.00s Real=0.10s
..[6879.776s][info][gc,start       ] GC(2123) Pause Young (Allocation Failure)
[6879.873s][info][gc,heap        ] GC(2123) PSYoungGen: 2550813K(2595840K)->148048K(2587648K) Eden: 2395648K(2395648K)->0K(2399744K) From: 155165K(200192K)->148048K(187904K)
[6879.873s][info][gc,heap        ] GC(2123) ParOldGen: 1705764K(1751040K)->1794236K(1794560K)
[6879.873s][info][gc,metaspace   ] GC(2123) Metaspace: 29137K(29504K)->29137K(29504K) NonClass: 24250K(24384K)->24250K(24384K) Class: 4887K(5120K)->4887K(5120K)
[6879.873s][info][gc             ] GC(2123) Pause Young (Allocation Failure) 4156M->1896M(4279M) 97.828ms
[6879.873s][info][gc,cpu         ] GC(2123) User=0.56s Sys=0.01s Real=0.10s
.[6881.414s][info][gc,start       ] GC(2124) Pause Young (Allocation Failure)
[6881.511s][info][gc,heap        ] GC(2124) PSYoungGen: 2546541K(2587648K)->137280K(2593792K) Eden: 2398493K(2399744K)->0K(2399744K) From: 148048K(187904K)->137280K(194048K)
[6881.511s][info][gc,heap        ] GC(2124) ParOldGen: 1794236K(1794560K)->1884460K(1884672K)
[6881.511s][info][gc,metaspace   ] GC(2124) Metaspace: 29137K(29504K)->29137K(29504K) NonClass: 24250K(24384K)->24250K(24384K) Class: 4887K(5120K)->4887K(5120K)
[6881.511s][info][gc             ] GC(2124) Pause Young (Allocation Failure) 4239M->1974M(4373M) 96.590ms
[6881.511s][info][gc,cpu         ] GC(2124) User=0.54s Sys=0.04s Real=0.09s
..[6883.109s][info][gc,start       ] GC(2125) Pause Young (Allocation Failure)
[6883.213s][info][gc,heap        ] GC(2125) PSYoungGen: 2537024K(2593792K)->155509K(2594304K) Eden: 2399744K(2399744K)->0K(2408448K) From: 137280K(194048K)->155509K(185856K)
[6883.213s][info][gc,heap        ] GC(2125) ParOldGen: 1884460K(1884672K)->1975060K(1975296K)
[6883.213s][info][gc,metaspace   ] GC(2125) Metaspace: 29137K(29504K)->29137K(29504K) NonClass: 24250K(24384K)->24250K(24384K) Class: 4887K(5120K)->4887K(5120K)
[6883.213s][info][gc             ] GC(2125) Pause Young (Allocation Failure) 4317M->2080M(4462M) 104.187ms
[6883.213s][info][gc,cpu         ] GC(2125) User=0.59s Sys=0.02s Real=0.10s
..[6884.787s][info][gc,start       ] GC(2126) Pause Young (Allocation Failure)
[6884.888s][info][gc,heap        ] GC(2126) PSYoungGen: 2563957K(2594304K)->148896K(2598400K) Eden: 2408448K(2408448K)->0K(2408448K) From: 155509K(185856K)->148896K(189952K)
[6884.888s][info][gc,heap        ] GC(2126) ParOldGen: 1975060K(1975296K)->2065916K(2065920K)
[6884.888s][info][gc,metaspace   ] GC(2126) Metaspace: 29137K(29504K)->29137K(29504K) NonClass: 24250K(24384K)->24250K(24384K) Class: 4887K(5120K)->4887K(5120K)
[6884.888s][info][gc             ] GC(2126) Pause Young (Allocation Failure) 4432M->2162M(4555M) 100.284ms
[6884.888s][info][gc,cpu         ] GC(2126) User=0.57s Sys=0.02s Real=0.10s
.[6886.547s][info][gc,start       ] GC(2127) Pause Young (Allocation Failure)
[6886.643s][info][gc,heap        ] GC(2127) PSYoungGen: 2557344K(2598400K)->137696K(2603008K) Eden: 2408448K(2408448K)->0K(2418176K) From: 148896K(189952K)->137696K(184832K)
[6886.643s][info][gc,heap        ] GC(2127) ParOldGen: 2065916K(2065920K)->2157604K(2158080K)
[6886.643s][info][gc,metaspace   ] GC(2127) Metaspace: 29137K(29504K)->29137K(29504K) NonClass: 24250K(24384K)->24250K(24384K) Class: 4887K(5120K)->4887K(5120K)
[6886.643s][info][gc             ] GC(2127) Pause Young (Allocation Failure) 4514M->2241M(4649M) 96.476ms
[6886.643s][info][gc,cpu         ] GC(2127) User=0.53s Sys=0.03s Real=0.10s
..[6888.197s][info][gc,start       ] GC(2128) Pause Young (Allocation Failure)
[6888.292s][info][gc,heap        ] GC(2128) PSYoungGen: 2555872K(2603008K)->138416K(2605568K) Eden: 2418176K(2418176K)->0K(2418176K) From: 137696K(184832K)->138416K(187392K)
[6888.292s][info][gc,heap        ] GC(2128) ParOldGen: 2157604K(2158080K)->2247572K(2247680K)
[6888.292s][info][gc,metaspace   ] GC(2128) Metaspace: 29137K(29504K)->29137K(29504K) NonClass: 24250K(24384K)->24250K(24384K) Class: 4887K(5120K)->4887K(5120K)
[6888.292s][info][gc             ] GC(2128) Pause Young (Allocation Failure) 4603M->2330M(4739M) 95.305ms
[6888.292s][info][gc,cpu         ] GC(2128) User=0.53s Sys=0.03s Real=0.09s
..[6889.905s][info][gc,start       ] GC(2129) Pause Young (Allocation Failure)
[6890.007s][info][gc,heap        ] GC(2129) PSYoungGen: 2556592K(2605568K)->150784K(2600448K) Eden: 2418176K(2418176K)->0K(2422272K) From: 138416K(187392K)->150784K(178176K)
[6890.007s][info][gc,heap        ] GC(2129) ParOldGen: 2247572K(2247680K)->2338764K(2338816K)
[6890.007s][info][gc,metaspace   ] GC(2129) Metaspace: 29137K(29504K)->29137K(29504K) NonClass: 24250K(24384K)->24250K(24384K) Class: 4887K(5120K)->4887K(5120K)
[6890.007s][info][gc             ] GC(2129) Pause Young (Allocation Failure) 4691M->2431M(4823M) 101.347ms
[6890.007s][info][gc,cpu         ] GC(2129) User=0.57s Sys=0.03s Real=0.10s
.[6891.608s][info][gc,start       ] GC(2130) Pause Young (Allocation Failure)
[6891.711s][info][gc,heap        ] GC(2130) PSYoungGen: 2573056K(2600448K)->151413K(2605056K) Eden: 2422272K(2422272K)->0K(2422272K) From: 150784K(178176K)->151413K(182784K)
[6891.711s][info][gc,heap        ] GC(2130) ParOldGen: 2338764K(2338816K)->2430332K(2430464K)
[6891.711s][info][gc,metaspace   ] GC(2130) Metaspace: 29137K(29504K)->29137K(29504K) NonClass: 24250K(24384K)->24250K(24384K) Class: 4887K(5120K)->4887K(5120K)
[6891.711s][info][gc             ] GC(2130) Pause Young (Allocation Failure) 4796M->2521M(4917M) 103.825ms
[6891.711s][info][gc,cpu         ] GC(2130) User=0.58s Sys=0.03s Real=0.10s
..[6893.289s][info][gc,start       ] GC(2131) Pause Young (Allocation Failure)
[6893.384s][info][gc,heap        ] GC(2131) PSYoungGen: 2573685K(2605056K)->135680K(2611712K) Eden: 2422272K(2422272K)->0K(2433536K) From: 151413K(182784K)->135680K(178176K)
[6893.384s][info][gc,heap        ] GC(2131) ParOldGen: 2430332K(2430464K)->2520500K(2520576K)
[6893.384s][info][gc,metaspace   ] GC(2131) Metaspace: 29137K(29504K)->29137K(29504K) NonClass: 24250K(24384K)->24250K(24384K) Class: 4887K(5120K)->4887K(5120K)
[6893.384s][info][gc             ] GC(2131) Pause Young (Allocation Failure) 4886M->2593M(5012M) 95.310ms
[6893.385s][info][gc,cpu         ] GC(2131) User=0.54s Sys=0.02s Real=0.10s
..[6895.068s][info][gc,start       ] GC(2132) Pause Young (Allocation Failure)
[6895.167s][info][gc,heap        ] GC(2132) PSYoungGen: 2569216K(2611712K)->147951K(2613248K) Eden: 2433536K(2433536K)->0K(2433536K) From: 135680K(178176K)->147951K(179712K)
[6895.167s][info][gc,heap        ] GC(2132) ParOldGen: 2520500K(2520576K)->2611660K(2611712K)
[6895.167s][info][gc,metaspace   ] GC(2132) Metaspace: 29137K(29504K)->29137K(29504K) NonClass: 24250K(24384K)->24250K(24384K) Class: 4887K(5120K)->4887K(5120K)
[6895.167s][info][gc             ] GC(2132) Pause Young (Allocation Failure) 4970M->2694M(5102M) 99.498ms
[6895.167s][info][gc,cpu         ] GC(2132) User=0.56s Sys=0.03s Real=0.10s
.[6896.829s][info][gc,start       ] GC(2133) Pause Young (Allocation Failure)
[6896.930s][info][gc,heap        ] GC(2133) PSYoungGen: 2581487K(2613248K)->148821K(2611200K) Eden: 2433536K(2433536K)->0K(2439168K) From: 147951K(179712K)->148821K(172032K)
[6896.930s][info][gc,heap        ] GC(2133) ParOldGen: 2611660K(2611712K)->2705292K(2705408K)
[6896.930s][info][gc,metaspace   ] GC(2133) Metaspace: 29137K(29504K)->29137K(29504K) NonClass: 24250K(24384K)->24250K(24384K) Class: 4887K(5120K)->4887K(5120K)
[6896.930s][info][gc             ] GC(2133) Pause Young (Allocation Failure) 5071M->2787M(5192M) 101.421ms
[6896.930s][info][gc,cpu         ] GC(2133) User=0.56s Sys=0.04s Real=0.10s
..[6898.473s][info][gc,start       ] GC(2134) Pause Young (Allocation Failure)
[6898.577s][info][gc,heap        ] GC(2134) PSYoungGen: 2587989K(2611200K)->152027K(2613248K) Eden: 2439168K(2439168K)->0K(2439168K) From: 148821K(172032K)->152027K(174080K)
[6898.577s][info][gc,heap        ] GC(2134) ParOldGen: 2705292K(2705408K)->2795476K(2795520K)
[6898.577s][info][gc,metaspace   ] GC(2134) Metaspace: 29137K(29504K)->29137K(29504K) NonClass: 24250K(24384K)->24250K(24384K) Class: 4887K(5120K)->4887K(5120K)
[6898.577s][info][gc             ] GC(2134) Pause Young (Allocation Failure) 5169M->2878M(5282M) 104.281ms
[6898.577s][info][gc,cpu         ] GC(2134) User=0.59s Sys=0.02s Real=0.11s
..[6900.189s][info][gc,start       ] GC(2135) Pause Young (Allocation Failure)
[6900.290s][info][gc,heap        ] GC(2135) PSYoungGen: 2591195K(2613248K)->151648K(2616832K) Eden: 2439168K(2439168K)->0K(2448896K) From: 152027K(174080K)->151648K(167936K)
[6900.290s][info][gc,heap        ] GC(2135) ParOldGen: 2795476K(2795520K)->2885932K(2886144K)
[6900.290s][info][gc,metaspace   ] GC(2135) Metaspace: 29137K(29504K)->29137K(29504K) NonClass: 24250K(24384K)->24250K(24384K) Class: 4887K(5120K)->4887K(5120K)
[6900.290s][info][gc             ] GC(2135) Pause Young (Allocation Failure) 5260M->2966M(5374M) 101.401ms
[6900.290s][info][gc,cpu         ] GC(2135) User=0.56s Sys=0.03s Real=0.10s
.[6901.863s][info][gc,start       ] GC(2136) Pause Young (Allocation Failure)
[6901.962s][info][gc,heap        ] GC(2136) PSYoungGen: 2600544K(2616832K)->142848K(2619904K) Eden: 2448896K(2448896K)->0K(2448896K) From: 151648K(167936K)->142848K(171008K)
[6901.962s][info][gc,heap        ] GC(2136) ParOldGen: 2885932K(2886144K)->2981164K(2981376K)
[6901.962s][info][gc,metaspace   ] GC(2136) Metaspace: 29137K(29504K)->29137K(29504K) NonClass: 24250K(24384K)->24250K(24384K) Class: 4887K(5120K)->4887K(5120K)
[6901.962s][info][gc             ] GC(2136) Pause Young (Allocation Failure) 5357M->3050M(5470M) 99.325ms
[6901.962s][info][gc,cpu         ] GC(2136) User=0.56s Sys=0.03s Real=0.10s
..[6903.553s][info][gc,start       ] GC(2137) Pause Young (Allocation Failure)
[6903.660s][info][gc,heap        ] GC(2137) PSYoungGen: 2591744K(2619904K)->155274K(2624512K) Eden: 2448896K(2448896K)->0K(2454528K) From: 142848K(171008K)->155274K(169984K)
[6903.660s][info][gc,heap        ] GC(2137) ParOldGen: 2981164K(2981376K)->3071420K(3071488K)
[6903.660s][info][gc,metaspace   ] GC(2137) Metaspace: 29137K(29504K)->29137K(29504K) NonClass: 24250K(24384K)->24250K(24384K) Class: 4887K(5120K)->4887K(5120K)
[6903.660s][info][gc             ] GC(2137) Pause Young (Allocation Failure) 5442M->3151M(5562M) 106.316ms
[6903.660s][info][gc,cpu         ] GC(2137) User=0.61s Sys=0.02s Real=0.10s
..[6905.197s][info][gc,start       ] GC(2138) Pause Young (Allocation Failure)
[6905.299s][info][gc,heap        ] GC(2138) PSYoungGen: 2609802K(2624512K)->152032K(2625024K) Eden: 2454528K(2454528K)->0K(2454528K) From: 155274K(169984K)->152032K(170496K)
[6905.299s][info][gc,heap        ] GC(2138) ParOldGen: 3071420K(3071488K)->3162916K(3163136K)
[6905.299s][info][gc,metaspace   ] GC(2138) Metaspace: 29137K(29504K)->29137K(29504K) NonClass: 24250K(24384K)->24250K(24384K) Class: 4887K(5120K)->4887K(5120K)
[6905.299s][info][gc             ] GC(2138) Pause Young (Allocation Failure) 5548M->3237M(5652M) 102.370ms
[6905.299s][info][gc,cpu         ] GC(2138) User=0.58s Sys=0.03s Real=0.10s
.[6906.932s][info][gc,start       ] GC(2139) Pause Young (Allocation Failure)
[6907.042s][info][gc,heap        ] GC(2139) PSYoungGen: 2606560K(2625024K)->160366K(2623488K) Eden: 2454528K(2454528K)->0K(2454016K) From: 152032K(170496K)->160366K(169472K)
[6907.042s][info][gc,heap        ] GC(2139) ParOldGen: 3162916K(3163136K)->3254892K(3255296K)
[6907.042s][info][gc,metaspace   ] GC(2139) Metaspace: 29137K(29504K)->29137K(29504K) NonClass: 24250K(24384K)->24250K(24384K) Class: 4887K(5120K)->4887K(5120K)
[6907.042s][info][gc             ] GC(2139) Pause Young (Allocation Failure) 5634M->3335M(5741M) 109.872ms
[6907.042s][info][gc,cpu         ] GC(2139) User=0.62s Sys=0.02s Real=0.11s
..[6908.720s][info][gc,start       ] GC(2140) Pause Young (Allocation Failure)
[6908.822s][info][gc,heap        ] GC(2140) PSYoungGen: 2614382K(2623488K)->147040K(2625024K) Eden: 2454016K(2454016K)->0K(2454016K) From: 160366K(169472K)->147040K(171008K)
[6908.822s][info][gc,heap        ] GC(2140) ParOldGen: 3254892K(3255296K)->3348420K(3348480K)
[6908.822s][info][gc,metaspace   ] GC(2140) Metaspace: 29137K(29504K)->29137K(29504K) NonClass: 24250K(24384K)->24250K(24384K) Class: 4887K(5120K)->4887K(5120K)
[6908.822s][info][gc             ] GC(2140) Pause Young (Allocation Failure) 5731M->3413M(5833M) 101.541ms
[6908.822s][info][gc,cpu         ] GC(2140) User=0.57s Sys=0.03s Real=0.10s
..[6910.430s][info][gc,start       ] GC(2141) Pause Young (Allocation Failure)
[6910.530s][info][gc,heap        ] GC(2141) PSYoungGen: 2601056K(2625024K)->141824K(2623488K) Eden: 2454016K(2454016K)->0K(2455040K) From: 147040K(171008K)->141824K(168448K)
[6910.530s][info][gc,heap        ] GC(2141) ParOldGen: 3348420K(3348480K)->3437620K(3438080K)
[6910.530s][info][gc,metaspace   ] GC(2141) Metaspace: 29137K(29504K)->29137K(29504K) NonClass: 24250K(24384K)->24250K(24384K) Class: 4887K(5120K)->4887K(5120K)
[6910.530s][info][gc             ] GC(2141) Pause Young (Allocation Failure) 5810M->3495M(5919M) 99.134ms
[6910.530s][info][gc,cpu         ] GC(2141) User=0.56s Sys=0.03s Real=0.10s
.[6912.084s][info][gc,start       ] GC(2142) Pause Young (Allocation Failure)
[6912.189s][info][gc,heap        ] GC(2142) PSYoungGen: 2596864K(2623488K)->153012K(2624512K) Eden: 2455040K(2455040K)->0K(2455040K) From: 141824K(168448K)->153012K(169472K)
[6912.189s][info][gc,heap        ] GC(2142) ParOldGen: 3437620K(3438080K)->3531396K(3531776K)
[6912.189s][info][gc,metaspace   ] GC(2142) Metaspace: 29137K(29504K)->29137K(29504K) NonClass: 24250K(24384K)->24250K(24384K) Class: 4887K(5120K)->4887K(5120K)
[6912.189s][info][gc             ] GC(2142) Pause Young (Allocation Failure) 5893M->3598M(6012M) 105.685ms
[6912.189s][info][gc,cpu         ] GC(2142) User=0.60s Sys=0.02s Real=0.10s
..[6913.783s][info][gc,start       ] GC(2143) Pause Young (Allocation Failure)
[6913.890s][info][gc,heap        ] GC(2143) PSYoungGen: 2608052K(2624512K)->157598K(2626048K) Eden: 2455040K(2455040K)->0K(2457088K) From: 153012K(169472K)->157598K(168960K)
[6913.890s][info][gc,heap        ] GC(2143) ParOldGen: 3531396K(3531776K)->3621652K(3621888K)
[6913.890s][info][gc,metaspace   ] GC(2143) Metaspace: 29137K(29504K)->29137K(29504K) NonClass: 24250K(24384K)->24250K(24384K) Class: 4887K(5120K)->4887K(5120K)
[6913.890s][info][gc             ] GC(2143) Pause Young (Allocation Failure) 5995M->3690M(6101M) 106.879ms
[6913.890s][info][gc,cpu         ] GC(2143) User=0.60s Sys=0.03s Real=0.11s
..[6915.389s][info][gc,start       ] GC(2144) Pause Young (Allocation Failure)
[6915.489s][info][gc,heap        ] GC(2144) PSYoungGen: 2614686K(2626048K)->143008K(2626560K) Eden: 2457088K(2457088K)->0K(2457088K) From: 157598K(168960K)->143008K(169472K)
[6915.489s][info][gc,heap        ] GC(2144) ParOldGen: 3621652K(3621888K)->3713156K(3713536K)
[6915.489s][info][gc,metaspace   ] GC(2144) Metaspace: 29137K(29504K)->29137K(29504K) NonClass: 24250K(24384K)->24250K(24384K) Class: 4887K(5120K)->4887K(5120K)
[6915.489s][info][gc             ] GC(2144) Pause Young (Allocation Failure) 6090M->3765M(6191M) 100.023ms
[6915.489s][info][gc,cpu         ] GC(2144) User=0.56s Sys=0.03s Real=0.10s
.[6916.700s][info][gc,start       ] GC(2145) Pause Full (Diagnostic Command)
[6916.700s][info][gc,phases,start] GC(2145) Marking Phase
[6916.998s][info][gc,phases      ] GC(2145) Marking Phase 297.813ms
[6916.998s][info][gc,phases,start] GC(2145) Summary Phase
[6916.998s][info][gc,phases      ] GC(2145) Summary Phase 0.084ms
[6916.998s][info][gc,phases,start] GC(2145) Forward
[6917.189s][info][gc,phases      ] GC(2145) Forward 191.121ms
[6917.189s][info][gc,phases,start] GC(2145) Adjust Pointers
[6917.402s][info][gc,phases      ] GC(2145) Adjust Pointers 213.141ms
[6917.402s][info][gc,phases,start] GC(2145) Compaction Phase
[6917.645s][info][gc,phases      ] GC(2145) Compaction Phase 242.808ms
[6917.648s][info][gc,phases,start] GC(2145) Post Compact
[6917.652s][info][gc,phases      ] GC(2145) Post Compact 4.689ms
[6917.652s][info][gc,heap        ] GC(2145) PSYoungGen: 1939581K(2626560K)->0K(2626560K) Eden: 1796573K(2457088K)->0K(2457088K) From: 143008K(169472K)->0K(169472K)
[6917.652s][info][gc,heap        ] GC(2145) ParOldGen: 3713156K(3713536K)->1155439K(3713536K)
[6917.652s][info][gc,metaspace   ] GC(2145) Metaspace: 29137K(29504K)->29136K(29504K) NonClass: 24250K(24384K)->24248K(24384K) Class: 4887K(5120K)->4887K(5120K)
[6917.652s][info][gc             ] GC(2145) Pause Full (Diagnostic Command) 5520M->1128M(6191M) 952.757ms
[6917.653s][info][gc,cpu         ] GC(2145) User=4.99s Sys=0.01s Real=0.95s
.[6919.059s][info][gc,start       ] GC(2146) Pause Young (Allocation Failure)
[6919.127s][info][gc,heap        ] GC(2146) PSYoungGen: 2457088K(2626560K)->148280K(2623488K) Eden: 2457088K(2457088K)->0K(2457600K) From: 0K(169472K)->148280K(165888K)
[6919.127s][info][gc,heap        ] GC(2146) ParOldGen: 1155439K(3713536K)->1155439K(3713536K)
[6919.127s][info][gc,metaspace   ] GC(2146) Metaspace: 29136K(29504K)->29136K(29504K) NonClass: 24248K(24384K)->24248K(24384K) Class: 4887K(5120K)->4887K(5120K)
[6919.127s][info][gc             ] GC(2146) Pause Young (Allocation Failure) 3527M->1273M(6188M) 68.438ms
[6919.127s][info][gc,cpu         ] GC(2146) User=0.40s Sys=0.00s Real=0.07s
..[6920.583s][info][gc,start       ] GC(2147) Pause Young (Allocation Failure)
[6920.683s][info][gc,heap        ] GC(2147) PSYoungGen: 2605880K(2623488K)->154746K(2625024K) Eden: 2457600K(2457600K)->0K(2457600K) From: 148280K(165888K)->154746K(167424K)
[6920.683s][info][gc,heap        ] GC(2147) ParOldGen: 1155439K(3713536K)->1248172K(3713536K)
[6920.684s][info][gc,metaspace   ] GC(2147) Metaspace: 29136K(29504K)->29136K(29504K) NonClass: 24248K(24384K)->24248K(24384K) Class: 4887K(5120K)->4887K(5120K)
[6920.684s][info][gc             ] GC(2147) Pause Young (Allocation Failure) 3673M->1370M(6190M) 100.293ms
[6920.684s][info][gc,cpu         ] GC(2147) User=0.59s Sys=0.00s Real=0.11s
.[6922.109s][info][gc,start       ] GC(2148) Pause Young (Allocation Failure)
[6922.209s][info][gc,heap        ] GC(2148) PSYoungGen: 2612346K(2625024K)->157802K(2626560K) Eden: 2457600K(2457600K)->0K(2459136K) From: 154746K(167424K)->157802K(167424K)
[6922.210s][info][gc,heap        ] GC(2148) ParOldGen: 1248172K(3713536K)->1337124K(3713536K)
[6922.210s][info][gc,metaspace   ] GC(2148) Metaspace: 29136K(29504K)->29136K(29504K) NonClass: 24248K(24384K)->24248K(24384K) Class: 4887K(5120K)->4887K(5120K)
[6922.210s][info][gc             ] GC(2148) Pause Young (Allocation Failure) 3770M->1459M(6191M) 100.234ms
[6922.210s][info][gc,cpu         ] GC(2148) User=0.60s Sys=0.00s Real=0.10s
..[6923.695s][info][gc,start       ] GC(2149) Pause Young (Allocation Failure)
[6923.841s][info][gc,heap        ] GC(2149) PSYoungGen: 2616938K(2626560K)->156676K(2616320K) Eden: 2459136K(2459136K)->0K(2459136K) From: 157802K(167424K)->156676K(157184K)
[6923.841s][info][gc,heap        ] GC(2149) ParOldGen: 1337124K(3713536K)->1430124K(3713536K)
[6923.841s][info][gc,metaspace   ] GC(2149) Metaspace: 29136K(29504K)->29136K(29504K) NonClass: 24248K(24384K)->24248K(24384K) Class: 4887K(5120K)->4887K(5120K)
[6923.841s][info][gc             ] GC(2149) Pause Young (Allocation Failure) 3861M->1549M(6181M) 146.511ms
[6923.841s][info][gc,cpu         ] GC(2149) User=0.60s Sys=0.00s Real=0.14s
.[6925.419s][info][gc,start       ] GC(2150) Pause Young (Allocation Failure)
[6925.510s][info][gc,heap        ] GC(2150) PSYoungGen: 2615812K(2616320K)->138112K(2626048K) Eden: 2459136K(2459136K)->0K(2457088K) From: 156676K(157184K)->138112K(168960K)
[6925.510s][info][gc,heap        ] GC(2150) ParOldGen: 1430124K(3713536K)->1521556K(3713536K)
[6925.510s][info][gc,metaspace   ] GC(2150) Metaspace: 29136K(29504K)->29136K(29504K) NonClass: 24248K(24384K)->24248K(24384K) Class: 4887K(5120K)->4887K(5120K)
[6925.510s][info][gc             ] GC(2150) Pause Young (Allocation Failure) 3951M->1620M(6191M) 91.074ms
[6925.510s][info][gc,cpu         ] GC(2150) User=0.54s Sys=0.00s Real=0.09s
..[6927.171s][info][gc,start       ] GC(2151) Pause Young (Allocation Failure)
[6927.272s][info][gc,heap        ] GC(2151) PSYoungGen: 2595200K(2626048K)->158693K(2615808K) Eden: 2457088K(2457088K)->0K(2457088K) From: 138112K(168960K)->158693K(158720K)
[6927.272s][info][gc,heap        ] GC(2151) ParOldGen: 1521556K(3713536K)->1612324K(3713536K)
[6927.272s][info][gc,metaspace   ] GC(2151) Metaspace: 29136K(29504K)->29136K(29504K) NonClass: 24248K(24384K)->24248K(24384K) Class: 4887K(5120K)->4887K(5120K)
[6927.272s][info][gc             ] GC(2151) Pause Young (Allocation Failure) 4020M->1729M(6181M) 101.079ms
[6927.272s][info][gc,cpu         ] GC(2151) User=0.60s Sys=0.00s Real=0.10s
..[6928.836s][info][gc,start       ] GC(2152) Pause Young (Allocation Failure)
[6928.933s][info][gc,heap        ] GC(2152) PSYoungGen: 2615781K(2615808K)->147791K(2626560K) Eden: 2457088K(2457088K)->0K(2455552K) From: 158693K(158720K)->147791K(171008K)
[6928.933s][info][gc,heap        ] GC(2152) ParOldGen: 1612324K(3713536K)->1705876K(3713536K)
[6928.933s][info][gc,metaspace   ] GC(2152) Metaspace: 29136K(29504K)->29136K(29504K) NonClass: 24248K(24384K)->24248K(24384K) Class: 4887K(5120K)->4887K(5120K)
[6928.933s][info][gc             ] GC(2152) Pause Young (Allocation Failure) 4129M->1810M(6191M) 96.910ms
[6928.933s][info][gc,cpu         ] GC(2152) User=0.57s Sys=0.00s Real=0.09s
.[6930.582s][info][gc,start       ] GC(2153) Pause Young (Allocation Failure)
[6930.676s][info][gc,heap        ] GC(2153) PSYoungGen: 2603343K(2626560K)->147168K(2603008K) Eden: 2455552K(2455552K)->0K(2455552K) From: 147791K(171008K)->147168K(147456K)
[6930.676s][info][gc,heap        ] GC(2153) ParOldGen: 1705876K(3713536K)->1795724K(3713536K)
[6930.676s][info][gc,metaspace   ] GC(2153) Metaspace: 29136K(29504K)->29136K(29504K) NonClass: 24248K(24384K)->24248K(24384K) Class: 4887K(5120K)->4887K(5120K)
[6930.676s][info][gc             ] GC(2153) Pause Young (Allocation Failure) 4208M->1897M(6168M) 94.703ms
[6930.676s][info][gc,cpu         ] GC(2153) User=0.56s Sys=0.00s Real=0.10s
. (rIR:aIR:PR = 11623:11680:11680) (tPR = 174703) [OK] 
  6930s: Performance info:
         Transaction,    Success,    Partial,     Failed,   Receipts, AvgBarcode, 
             Overall,     707629,          0,          0,     672344,      59.48, 
         Response times:
             Request,    Success,    Partial,     Failed,   SkipFail,     Probes,    Samples,      min,      p50,      p90,      p95,      p99,      max, 
       TotalPurchase,     672349,          0,          0,          0,     304473,     433697,      200,    23000,   389000,   630000,   890000,  1300000,
     InStorePurchase,     353363,          0,          0,          0,     159295,     228628,      200,    24000,   392000,   630000,   890000,  1100000,
      OnlinePurchase,     249875,          0,          0,          0,     112495,     159584,      300,    23000,   383000,   650000,   900000,  1300000,
        InstPurchase,      69111,          0,          0,          0,      32683,      45485,      300,    23000,   399000,   640000,   800000,  1100000,
          AssocOfCat,        705,          0,          0,          0,        539,        818,    26000,    76000,   406000,   474000,   630000,   800000,
      AssocOfProduct,       7100,          0,          0,          0,       3848,       5443,      800,    27000,   404000,   595000,   780000,  1100000,
      BusinessReport,       1755,          0,          0,          0,       1417,       2079,    29000,    75000,   424000,   565000,   740000,  1100000,
          CustBuyBeh,       7103,          0,          0,          0,       3857,       5456,     1300,    29000,   416000,   599000,   780000,  1100000,
       ProductReturn,      18610,          0,          0,          0,       8603,      11982,      100,    24000,   363000,   610000,  1100000,  1200000,

  6930s: (85%)   IR =  11761 .[6932.376s][info][gc,start       ] GC(2154) Pause Young (Allocation Failure)
[6932.470s][info][gc,heap        ] GC(2154) PSYoungGen: 2602720K(2603008K)->141888K(2624512K) Eden: 2455552K(2455552K)->0K(2456064K) From: 147168K(147456K)->141888K(168448K)
[6932.470s][info][gc,heap        ] GC(2154) ParOldGen: 1795724K(3713536K)->1888676K(3713536K)
[6932.470s][info][gc,metaspace   ] GC(2154) Metaspace: 29136K(29504K)->29136K(29504K) NonClass: 24248K(24384K)->24248K(24384K) Class: 4887K(5120K)->4887K(5120K)
[6932.470s][info][gc             ] GC(2154) Pause Young (Allocation Failure) 4295M->1982M(6189M) 93.491ms
[6932.470s][info][gc,cpu         ] GC(2154) User=0.56s Sys=0.00s Real=0.09s
..[6934.105s][info][gc,start       ] GC(2155) Pause Young (Allocation Failure)
[6934.207s][info][gc,heap        ] GC(2155) PSYoungGen: 2597952K(2624512K)->156151K(2624000K) Eden: 2456064K(2456064K)->0K(2456064K) From: 141888K(168448K)->156151K(167936K)
[6934.207s][info][gc,heap        ] GC(2155) ParOldGen: 1888676K(3713536K)->1979588K(3713536K)
[6934.207s][info][gc,metaspace   ] GC(2155) Metaspace: 29136K(29504K)->29136K(29504K) NonClass: 24248K(24384K)->24248K(24384K) Class: 4887K(5120K)->4887K(5120K)
[6934.207s][info][gc             ] GC(2155) Pause Young (Allocation Failure) 4381M->2085M(6189M) 101.728ms
[6934.207s][info][gc,cpu         ] GC(2155) User=0.61s Sys=0.00s Real=0.10s
.[6935.862s][info][gc,start       ] GC(2156) Pause Young (Allocation Failure)
[6935.961s][info][gc,heap        ] GC(2156) PSYoungGen: 2612215K(2624000K)->151941K(2626560K) Eden: 2456064K(2456064K)->0K(2459648K) From: 156151K(167936K)->151941K(166912K)
[6935.961s][info][gc,heap        ] GC(2156) ParOldGen: 1979588K(3713536K)->2071580K(3713536K)
[6935.961s][info][gc,metaspace   ] GC(2156) Metaspace: 29136K(29504K)->29136K(29504K) NonClass: 24248K(24384K)->24248K(24384K) Class: 4887K(5120K)->4887K(5120K)
[6935.961s][info][gc             ] GC(2156) Pause Young (Allocation Failure) 4484M->2171M(6191M) 98.678ms
[6935.961s][info][gc,cpu         ] GC(2156) User=0.58s Sys=0.00s Real=0.10s
..[6937.564s][info][gc,start       ] GC(2157) Pause Young (Allocation Failure)
[6937.660s][info][gc,heap        ] GC(2157) PSYoungGen: 2611589K(2626560K)->147877K(2627072K) Eden: 2459648K(2459648K)->0K(2459648K) From: 151941K(166912K)->147877K(167424K)
[6937.660s][info][gc,heap        ] GC(2157) ParOldGen: 2071580K(3713536K)->2164396K(3713536K)
[6937.660s][info][gc,metaspace   ] GC(2157) Metaspace: 29136K(29504K)->29136K(29504K) NonClass: 24248K(24384K)->24248K(24384K) Class: 4887K(5120K)->4887K(5120K)
[6937.660s][info][gc             ] GC(2157) Pause Young (Allocation Failure) 4573M->2258M(6192M) 95.935ms
[6937.660s][info][gc,cpu         ] GC(2157) User=0.57s Sys=0.00s Real=0.09s
..[6939.231s][info][gc,start       ] GC(2158) Pause Young (Allocation Failure)
[6939.325s][info][gc,heap        ] GC(2158) PSYoungGen: 2607525K(2627072K)->143364K(2627584K) Eden: 2459648K(2459648K)->0K(2461696K) From: 147877K(167424K)->143364K(165888K)
[6939.325s][info][gc,heap        ] GC(2158) ParOldGen: 2164396K(3713536K)->2255180K(3713536K)
[6939.325s][info][gc,metaspace   ] GC(2158) Metaspace: 29136K(29504K)->29136K(29504K) NonClass: 24248K(24384K)->24248K(24384K) Class: 4887K(5120K)->4887K(5120K)
[6939.325s][info][gc             ] GC(2158) Pause Young (Allocation Failure) 4660M->2342M(6192M) 94.323ms
[6939.325s][info][gc,cpu         ] GC(2158) User=0.56s Sys=0.00s Real=0.10s
.[6940.986s][info][gc,start       ] GC(2159) Pause Young (Allocation Failure)
[6941.086s][info][gc,heap        ] GC(2159) PSYoungGen: 2605060K(2627584K)->150181K(2627584K) Eden: 2461696K(2461696K)->0K(2461696K) From: 143364K(165888K)->150181K(165888K)
[6941.086s][info][gc,heap        ] GC(2159) ParOldGen: 2255180K(3713536K)->2348884K(3713536K)
[6941.086s][info][gc,metaspace   ] GC(2159) Metaspace: 29136K(29504K)->29136K(29504K) NonClass: 24248K(24384K)->24248K(24384K) Class: 4887K(5120K)->4887K(5120K)
[6941.086s][info][gc             ] GC(2159) Pause Young (Allocation Failure) 4746M->2440M(6192M) 99.668ms
[6941.086s][info][gc,cpu         ] GC(2159) User=0.59s Sys=0.00s Real=0.10s
..[6942.730s][info][gc,start       ] GC(2160) Pause Young (Allocation Failure)
[6942.826s][info][gc,heap        ] GC(2160) PSYoungGen: 2611877K(2627584K)->146544K(2629120K) Eden: 2461696K(2461696K)->0K(2465280K) From: 150181K(165888K)->146544K(163840K)
[6942.826s][info][gc,heap        ] GC(2160) ParOldGen: 2348884K(3713536K)->2441036K(3713536K)
[6942.826s][info][gc,metaspace   ] GC(2160) Metaspace: 29136K(29504K)->29136K(29504K) NonClass: 24248K(24384K)->24248K(24384K) Class: 4887K(5120K)->4887K(5120K)
[6942.826s][info][gc             ] GC(2160) Pause Young (Allocation Failure) 4844M->2526M(6194M) 95.965ms
[6942.826s][info][gc,cpu         ] GC(2160) User=0.57s Sys=0.00s Real=0.10s
..[6944.444s][info][gc,start       ] GC(2161) Pause Young (Allocation Failure)
[6944.540s][info][gc,heap        ] GC(2161) PSYoungGen: 2611824K(2629120K)->146336K(2628608K) Eden: 2465280K(2465280K)->0K(2465280K) From: 146544K(163840K)->146336K(163328K)
[6944.540s][info][gc,heap        ] GC(2161) ParOldGen: 2441036K(3713536K)->2532628K(3713536K)
[6944.540s][info][gc,metaspace   ] GC(2161) Metaspace: 29136K(29504K)->29136K(29504K) NonClass: 24248K(24384K)->24248K(24384K) Class: 4887K(5120K)->4887K(5120K)
[6944.540s][info][gc             ] GC(2161) Pause Young (Allocation Failure) 4934M->2616M(6193M) 95.943ms
[6944.540s][info][gc,cpu         ] GC(2161) User=0.57s Sys=0.00s Real=0.09s
.[6946.188s][info][gc,start       ] GC(2162) Pause Young (Allocation Failure)
[6946.290s][info][gc,heap        ] GC(2162) PSYoungGen: 2611616K(2628608K)->155232K(2630144K) Eden: 2465280K(2465280K)->0K(2467840K) From: 146336K(163328K)->155232K(162304K)
[6946.290s][info][gc,heap        ] GC(2162) ParOldGen: 2532628K(3713536K)->2626492K(3713536K)
[6946.290s][info][gc,metaspace   ] GC(2162) Metaspace: 29136K(29504K)->29136K(29504K) NonClass: 24248K(24384K)->24248K(24384K) Class: 4887K(5120K)->4887K(5120K)
[6946.290s][info][gc             ] GC(2162) Pause Young (Allocation Failure) 5023M->2716M(6195M) 102.151ms
[6946.290s][info][gc,cpu         ] GC(2162) User=0.60s Sys=0.00s Real=0.10s
..[6947.915s][info][gc,start       ] GC(2163) Pause Young (Allocation Failure)
[6948.013s][info][gc,heap        ] GC(2163) PSYoungGen: 2623072K(2630144K)->151408K(2631168K) Eden: 2467840K(2467840K)->0K(2467840K) From: 155232K(162304K)->151408K(163328K)
[6948.013s][info][gc,heap        ] GC(2163) ParOldGen: 2626492K(3713536K)->2719476K(3713536K)
[6948.013s][info][gc,metaspace   ] GC(2163) Metaspace: 29136K(29504K)->29136K(29504K) NonClass: 24248K(24384K)->24248K(24384K) Class: 4887K(5120K)->4887K(5120K)
[6948.013s][info][gc             ] GC(2163) Pause Young (Allocation Failure) 5126M->2803M(6196M) 98.057ms
[6948.013s][info][gc,cpu         ] GC(2163) User=0.58s Sys=0.00s Real=0.09s
..[6949.621s][info][gc,start       ] GC(2164) Pause Young (Allocation Failure)
[6949.719s][info][gc,heap        ] GC(2164) PSYoungGen: 2619248K(2631168K)->149936K(2630144K) Eden: 2467840K(2467840K)->0K(2469888K) From: 151408K(163328K)->149936K(160256K)
[6949.719s][info][gc,heap        ] GC(2164) ParOldGen: 2719476K(3713536K)->2809372K(3713536K)
[6949.719s][info][gc,metaspace   ] GC(2164) Metaspace: 29136K(29504K)->29136K(29504K) NonClass: 24248K(24384K)->24248K(24384K) Class: 4887K(5120K)->4887K(5120K)
[6949.719s][info][gc             ] GC(2164) Pause Young (Allocation Failure) 5213M->2889M(6195M) 97.353ms
[6949.719s][info][gc,cpu         ] GC(2164) User=0.58s Sys=0.00s Real=0.10s
.[6951.308s][info][gc,start       ] GC(2165) Pause Young (Allocation Failure)
[6951.402s][info][gc,heap        ] GC(2165) PSYoungGen: 2619824K(2630144K)->144132K(2631680K) Eden: 2469888K(2469888K)->0K(2469888K) From: 149936K(160256K)->144132K(161792K)
[6951.402s][info][gc,heap        ] GC(2165) ParOldGen: 2809372K(3713536K)->2900444K(3713536K)
[6951.402s][info][gc,metaspace   ] GC(2165) Metaspace: 29136K(29504K)->29136K(29504K) NonClass: 24248K(24384K)->24248K(24384K) Class: 4887K(5120K)->4887K(5120K)
[6951.402s][info][gc             ] GC(2165) Pause Young (Allocation Failure) 5301M->2973M(6196M) 94.060ms
[6951.402s][info][gc,cpu         ] GC(2165) User=0.55s Sys=0.00s Real=0.09s
..[6952.959s][info][gc,start       ] GC(2166) Pause Young (Allocation Failure)
[6953.058s][info][gc,heap        ] GC(2166) PSYoungGen: 2614020K(2631680K)->150912K(2632704K) Eden: 2469888K(2469888K)->0K(2472960K) From: 144132K(161792K)->150912K(159744K)
[6953.058s][info][gc,heap        ] GC(2166) ParOldGen: 2900444K(3713536K)->2994956K(3713536K)
[6953.058s][info][gc,metaspace   ] GC(2166) Metaspace: 29136K(29504K)->29136K(29504K) NonClass: 24248K(24384K)->24248K(24384K) Class: 4887K(5120K)->4887K(5120K)
[6953.058s][info][gc             ] GC(2166) Pause Young (Allocation Failure) 5385M->3072M(6197M) 99.050ms
[6953.058s][info][gc,cpu         ] GC(2166) User=0.59s Sys=0.00s Real=0.10s
..|[6954.697s][info][gc,start       ] GC(2167) Pause Young (Allocation Failure)
[6954.795s][info][gc,heap        ] GC(2167) PSYoungGen: 2623872K(2632704K)->150672K(2633728K) Eden: 2472960K(2472960K)->0K(2472960K) From: 150912K(159744K)->150672K(160768K)
[6954.795s][info][gc,heap        ] GC(2167) ParOldGen: 2994956K(3713536K)->3084788K(3713536K)
[6954.795s][info][gc,metaspace   ] GC(2167) Metaspace: 29136K(29504K)->29136K(29504K) NonClass: 24248K(24384K)->24248K(24384K) Class: 4887K(5120K)->4887K(5120K)
[6954.795s][info][gc             ] GC(2167) Pause Young (Allocation Failure) 5487M->3159M(6198M) 98.906ms
[6954.795s][info][gc,cpu         ] GC(2167) User=0.58s Sys=0.01s Real=0.10s
.[6956.406s][info][gc,start       ] GC(2168) Pause Young (Allocation Failure)
[6956.502s][info][gc,heap        ] GC(2168) PSYoungGen: 2623632K(2633728K)->145120K(2633728K) Eden: 2472960K(2472960K)->0K(2475008K) From: 150672K(160768K)->145120K(158720K)
[6956.502s][info][gc,heap        ] GC(2168) ParOldGen: 3084788K(3713536K)->3177276K(3713536K)
[6956.502s][info][gc,metaspace   ] GC(2168) Metaspace: 29136K(29504K)->29136K(29504K) NonClass: 24248K(24384K)->24248K(24384K) Class: 4887K(5120K)->4887K(5120K)
[6956.502s][info][gc             ] GC(2168) Pause Young (Allocation Failure) 5574M->3244M(6198M) 95.705ms
[6956.502s][info][gc,cpu         ] GC(2168) User=0.57s Sys=0.00s Real=0.09s
..[6958.074s][info][gc,start       ] GC(2169) Pause Young (Allocation Failure)
[6958.176s][info][gc,heap        ] GC(2169) PSYoungGen: 2620128K(2633728K)->153360K(2634752K) Eden: 2475008K(2475008K)->0K(2475008K) From: 145120K(158720K)->153360K(159744K)
[6958.176s][info][gc,heap        ] GC(2169) ParOldGen: 3177276K(3713536K)->3271444K(3713536K)
[6958.176s][info][gc,metaspace   ] GC(2169) Metaspace: 29136K(29504K)->29136K(29504K) NonClass: 24248K(24384K)->24248K(24384K) Class: 4887K(5120K)->4887K(5120K)
[6958.176s][info][gc             ] GC(2169) Pause Young (Allocation Failure) 5661M->3344M(6199M) 101.790ms
[6958.176s][info][gc,cpu         ] GC(2169) User=0.60s Sys=0.00s Real=0.10s
..[6959.791s][info][gc,start       ] GC(2170) Pause Young (Allocation Failure)
[6959.887s][info][gc,heap        ] GC(2170) PSYoungGen: 2628368K(2634752K)->145760K(2635776K) Eden: 2475008K(2475008K)->0K(2475520K) From: 153360K(159744K)->145760K(160256K)
[6959.887s][info][gc,heap        ] GC(2170) ParOldGen: 3271444K(3713536K)->3361308K(3713536K)
[6959.887s][info][gc,metaspace   ] GC(2170) Metaspace: 29136K(29504K)->29136K(29504K) NonClass: 24248K(24384K)->24248K(24384K) Class: 4887K(5120K)->4887K(5120K)
[6959.887s][info][gc             ] GC(2170) Pause Young (Allocation Failure) 5761M->3424M(6200M) 96.438ms
[6959.888s][info][gc,cpu         ] GC(2170) User=0.57s Sys=0.00s Real=0.10s
.[6961.506s][info][gc,start       ] GC(2171) Pause Young (Allocation Failure)
[6961.603s][info][gc,heap        ] GC(2171) PSYoungGen: 2621280K(2635776K)->142816K(2635776K) Eden: 2475520K(2475520K)->0K(2475520K) From: 145760K(160256K)->142816K(160256K)
[6961.603s][info][gc,heap        ] GC(2171) ParOldGen: 3361308K(3713536K)->3452340K(3713536K)
[6961.603s][info][gc,metaspace   ] GC(2171) Metaspace: 29136K(29504K)->29136K(29504K) NonClass: 24248K(24384K)->24248K(24384K) Class: 4887K(5120K)->4887K(5120K)
[6961.603s][info][gc             ] GC(2171) Pause Young (Allocation Failure) 5842M->3510M(6200M) 96.597ms
[6961.603s][info][gc,cpu         ] GC(2171) User=0.57s Sys=0.00s Real=0.09s
..[6963.258s][info][gc,start       ] GC(2172) Pause Young (Allocation Failure)
[6963.351s][info][gc,heap        ] GC(2172) PSYoungGen: 2618336K(2635776K)->139616K(2635776K) Eden: 2475520K(2475520K)->0K(2475520K) From: 142816K(160256K)->139616K(160256K)
[6963.352s][info][gc,heap        ] GC(2172) ParOldGen: 3452340K(3713536K)->3544836K(3713536K)
[6963.352s][info][gc,metaspace   ] GC(2172) Metaspace: 29136K(29504K)->29136K(29504K) NonClass: 24248K(24384K)->24248K(24384K) Class: 4887K(5120K)->4887K(5120K)
[6963.352s][info][gc             ] GC(2172) Pause Young (Allocation Failure) 5928M->3598M(6200M) 93.826ms
[6963.352s][info][gc,cpu         ] GC(2172) User=0.55s Sys=0.00s Real=0.09s
..[6964.892s][info][gc,start       ] GC(2173) Pause Young (Allocation Failure)
[6964.994s][info][gc,heap        ] GC(2173) PSYoungGen: 2615136K(2635776K)->150052K(2635776K) Eden: 2475520K(2475520K)->0K(2475520K) From: 139616K(160256K)->150052K(160256K)
[6964.994s][info][gc,heap        ] GC(2173) ParOldGen: 3544836K(3713536K)->3639164K(3713536K)
[6964.994s][info][gc,metaspace   ] GC(2173) Metaspace: 29136K(29504K)->29136K(29504K) NonClass: 24248K(24384K)->24248K(24384K) Class: 4887K(5120K)->4887K(5120K)
[6964.994s][info][gc             ] GC(2173) Pause Young (Allocation Failure) 6015M->3700M(6200M) 102.511ms
[6964.994s][info][gc,cpu         ] GC(2173) User=0.60s Sys=0.01s Real=0.11s
.[6966.560s][info][gc,start       ] GC(2174) Pause Young (Allocation Failure)
[6966.663s][info][gc,heap        ] GC(2174) PSYoungGen: 2625572K(2635776K)->153721K(2633728K) Eden: 2475520K(2475520K)->0K(2473472K) From: 150052K(160256K)->153721K(160256K)
[6966.663s][info][gc,heap        ] GC(2174) ParOldGen: 3639164K(3713536K)->3727436K(3727872K)
[6966.663s][info][gc,metaspace   ] GC(2174) Metaspace: 29136K(29504K)->29136K(29504K) NonClass: 24248K(24384K)->24248K(24384K) Class: 4887K(5120K)->4887K(5120K)
[6966.663s][info][gc             ] GC(2174) Pause Young (Allocation Failure) 6117M->3790M(6212M) 102.462ms
[6966.663s][info][gc,cpu         ] GC(2174) User=0.60s Sys=0.01s Real=0.10s
..[6968.315s][info][gc,start       ] GC(2175) Pause Young (Allocation Failure)
[6968.417s][info][gc,heap        ] GC(2175) PSYoungGen: 2627193K(2633728K)->143844K(2634752K) Eden: 2473472K(2473472K)->0K(2473472K) From: 153721K(160256K)->143844K(161280K)
[6968.417s][info][gc,heap        ] GC(2175) ParOldGen: 3727436K(3727872K)->3822476K(3822592K)
[6968.417s][info][gc,metaspace   ] GC(2175) Metaspace: 29136K(29504K)->29136K(29504K) NonClass: 24248K(24384K)->24248K(24384K) Class: 4887K(5120K)->4887K(5120K)
[6968.417s][info][gc             ] GC(2175) Pause Young (Allocation Failure) 6205M->3873M(6306M) 102.520ms
[6968.417s][info][gc,cpu         ] GC(2175) User=0.56s Sys=0.04s Real=0.10s
..[6970.063s][info][gc,start       ] GC(2176) Pause Young (Allocation Failure)
[6970.162s][info][gc,heap        ] GC(2176) PSYoungGen: 2617316K(2634752K)->148832K(2632192K) Eden: 2473472K(2473472K)->0K(2473984K) From: 143844K(161280K)->148832K(158208K)
[6970.163s][info][gc,heap        ] GC(2176) ParOldGen: 3822476K(3822592K)->3911892K(3912192K)
[6970.163s][info][gc,metaspace   ] GC(2176) Metaspace: 29136K(29504K)->29136K(29504K) NonClass: 24248K(24384K)->24248K(24384K) Class: 4887K(5120K)->4887K(5120K)
[6970.163s][info][gc             ] GC(2176) Pause Young (Allocation Failure) 6288M->3965M(6391M) 99.950ms
[6970.163s][info][gc,cpu         ] GC(2176) User=0.57s Sys=0.03s Real=0.10s
..[6971.826s][info][gc,start       ] GC(2177) Pause Young (Allocation Failure)
[6971.933s][info][gc,heap        ] GC(2177) PSYoungGen: 2622816K(2632192K)->154068K(2633728K) Eden: 2473984K(2473984K)->0K(2473984K) From: 148832K(158208K)->154068K(159744K)
[6971.933s][info][gc,heap        ] GC(2177) ParOldGen: 3911892K(3912192K)->4005516K(4005888K)
[6971.933s][info][gc,metaspace   ] GC(2177) Metaspace: 29136K(29504K)->29136K(29504K) NonClass: 24248K(24384K)->24248K(24384K) Class: 4887K(5120K)->4887K(5120K)
[6971.933s][info][gc             ] GC(2177) Pause Young (Allocation Failure) 6381M->4062M(6484M) 106.502ms
[6971.933s][info][gc,cpu         ] GC(2177) User=0.60s Sys=0.03s Real=0.10s
.[6973.478s][info][gc,start       ] GC(2178) Pause Young (Allocation Failure)
[6973.581s][info][gc,heap        ] GC(2178) PSYoungGen: 2628052K(2633728K)->146101K(2635264K) Eden: 2473984K(2473984K)->0K(2475520K) From: 154068K(159744K)->146101K(159744K)
[6973.581s][info][gc,heap        ] GC(2178) ParOldGen: 4005516K(4005888K)->4097476K(4097536K)
[6973.581s][info][gc,metaspace   ] GC(2178) Metaspace: 29136K(29504K)->29136K(29504K) NonClass: 24248K(24384K)->24248K(24384K) Class: 4887K(5120K)->4887K(5120K)
[6973.581s][info][gc             ] GC(2178) Pause Young (Allocation Failure) 6478M->4144M(6575M) 103.290ms
[6973.581s][info][gc,cpu         ] GC(2178) User=0.59s Sys=0.03s Real=0.10s
..[6975.223s][info][gc,start       ] GC(2179) Pause Young (Allocation Failure)
[6975.320s][info][gc,heap        ] GC(2179) PSYoungGen: 2621621K(2635264K)->133536K(2609152K) Eden: 2475520K(2475520K)->0K(2475520K) From: 146101K(159744K)->133536K(133632K)
[6975.320s][info][gc,heap        ] GC(2179) ParOldGen: 4097476K(4097536K)->4190820K(4191232K)
[6975.320s][info][gc,metaspace   ] GC(2179) Metaspace: 29136K(29504K)->29136K(29504K) NonClass: 24248K(24384K)->24248K(24384K) Class: 4887K(5120K)->4887K(5120K)
[6975.320s][info][gc             ] GC(2179) Pause Young (Allocation Failure) 6561M->4223M(6641M) 96.204ms
[6975.320s][info][gc,cpu         ] GC(2179) User=0.54s Sys=0.03s Real=0.09s
..[6976.954s][info][gc,start       ] GC(2180) Pause Young (Allocation Failure)
[6977.057s][info][gc,heap        ] GC(2180) PSYoungGen: 2609056K(2609152K)->152948K(2632704K) Eden: 2475520K(2475520K)->0K(2471424K) From: 133536K(133632K)->152948K(161280K)
[6977.057s][info][gc,heap        ] GC(2180) ParOldGen: 4190820K(4191232K)->4280956K(4281344K)
[6977.057s][info][gc,metaspace   ] GC(2180) Metaspace: 29136K(29504K)->29136K(29504K) NonClass: 24248K(24384K)->24248K(24384K) Class: 4887K(5120K)->4887K(5120K)
[6977.057s][info][gc             ] GC(2180) Pause Young (Allocation Failure) 6640M->4329M(6752M) 102.956ms
[6977.057s][info][gc,cpu         ] GC(2180) User=0.58s Sys=0.02s Real=0.10s
.[6978.690s][info][gc,start       ] GC(2181) Pause Young (Allocation Failure)
[6978.790s][info][gc,heap        ] GC(2181) PSYoungGen: 2624372K(2632704K)->144320K(2633728K) Eden: 2471424K(2471424K)->0K(2471424K) From: 152948K(161280K)->144320K(162304K)
[6978.790s][info][gc,heap        ] GC(2181) ParOldGen: 4280956K(4281344K)->4373108K(4373504K)
[6978.790s][info][gc,metaspace   ] GC(2181) Metaspace: 29136K(29504K)->29136K(29504K) NonClass: 24248K(24384K)->24248K(24384K) Class: 4887K(5120K)->4887K(5120K)
[6978.790s][info][gc             ] GC(2181) Pause Young (Allocation Failure) 6743M->4411M(6843M) 100.158ms
[6978.790s][info][gc,cpu         ] GC(2181) User=0.56s Sys=0.03s Real=0.10s
..[6980.429s][info][gc,start       ] GC(2182) Pause Young (Allocation Failure)
[6980.526s][info][gc,heap        ] GC(2182) PSYoungGen: 2615744K(2633728K)->133536K(2632704K) Eden: 2471424K(2471424K)->0K(2471424K) From: 144320K(162304K)->133536K(161280K)
[6980.526s][info][gc,heap        ] GC(2182) ParOldGen: 4373108K(4373504K)->4466212K(4466688K)
[6980.526s][info][gc,metaspace   ] GC(2182) Metaspace: 29136K(29504K)->29136K(29504K) NonClass: 24248K(24384K)->24248K(24384K) Class: 4887K(5120K)->4887K(5120K)
[6980.526s][info][gc             ] GC(2182) Pause Young (Allocation Failure) 6825M->4491M(6933M) 96.721ms
[6980.526s][info][gc,cpu         ] GC(2182) User=0.54s Sys=0.03s Real=0.10s
..[6982.153s][info][gc,start       ] GC(2183) Pause Young (Allocation Failure)
[6982.259s][info][gc,heap        ] GC(2183) PSYoungGen: 2604960K(2632704K)->159040K(2630656K) Eden: 2471424K(2471424K)->0K(2471424K) From: 133536K(161280K)->159040K(159232K)
[6982.260s][info][gc,heap        ] GC(2183) ParOldGen: 4466212K(4466688K)->4554828K(4555264K)
[6982.260s][info][gc,metaspace   ] GC(2183) Metaspace: 29136K(29504K)->29136K(29504K) NonClass: 24248K(24384K)->24248K(24384K) Class: 4887K(5120K)->4887K(5120K)
[6982.260s][info][gc             ] GC(2183) Pause Young (Allocation Failure) 6905M->4603M(7017M) 106.188ms
[6982.260s][info][gc,cpu         ] GC(2183) User=0.61s Sys=0.02s Real=0.10s
..[6983.919s][info][gc,start       ] GC(2184) Pause Young (Allocation Failure)
[6984.029s][info][gc,heap        ] GC(2184) PSYoungGen: 2630464K(2630656K)->161632K(2623488K) Eden: 2471424K(2471424K)->0K(2458112K) From: 159040K(159232K)->161632K(165376K)
[6984.029s][info][gc,heap        ] GC(2184) ParOldGen: 4554828K(4555264K)->4647036K(4647424K)
[6984.029s][info][gc,metaspace   ] GC(2184) Metaspace: 29136K(29504K)->29136K(29504K) NonClass: 24248K(24384K)->24248K(24384K) Class: 4887K(5120K)->4887K(5120K)
[6984.029s][info][gc             ] GC(2184) Pause Young (Allocation Failure) 7016M->4695M(7100M) 109.877ms
[6984.029s][info][gc,cpu         ] GC(2184) User=0.61s Sys=0.03s Real=0.11s
.[6985.571s][info][gc,start       ] GC(2185) Pause Young (Allocation Failure)
[6985.675s][info][gc,heap        ] GC(2185) PSYoungGen: 2619744K(2623488K)->142308K(2627072K) Eden: 2458112K(2458112K)->0K(2458112K) From: 161632K(165376K)->142308K(168960K)
[6985.675s][info][gc,heap        ] GC(2185) ParOldGen: 4647036K(4647424K)->4743548K(4743680K)
[6985.675s][info][gc,metaspace   ] GC(2185) Metaspace: 29136K(29504K)->29136K(29504K) NonClass: 24248K(24384K)->24248K(24384K) Class: 4887K(5120K)->4887K(5120K)
[6985.675s][info][gc             ] GC(2185) Pause Young (Allocation Failure) 7096M->4771M(7198M) 103.884ms
[6985.675s][info][gc,cpu         ] GC(2185) User=0.58s Sys=0.03s Real=0.11s
..[6987.260s][info][gc,start       ] GC(2186) Pause Young (Allocation Failure)
[6987.360s][info][gc,heap        ] GC(2186) PSYoungGen: 2600420K(2627072K)->145860K(2622976K) Eden: 2458112K(2458112K)->0K(2459136K) From: 142308K(168960K)->145860K(163840K)
[6987.360s][info][gc,heap        ] GC(2186) ParOldGen: 4743548K(4743680K)->4829972K(4830208K)
[6987.360s][info][gc,metaspace   ] GC(2186) Metaspace: 29136K(29504K)->29136K(29504K) NonClass: 24248K(24384K)->24248K(24384K) Class: 4887K(5120K)->4887K(5120K)
[6987.360s][info][gc             ] GC(2186) Pause Young (Allocation Failure) 7171M->4859M(7278M) 100.579ms
[6987.360s][info][gc,cpu         ] GC(2186) User=0.56s Sys=0.04s Real=0.10s
..[6988.959s][info][gc,start       ] GC(2187) Pause Young (Allocation Failure)
[6989.063s][info][gc,heap        ] GC(2187) PSYoungGen: 2604996K(2622976K)->151668K(2625536K) Eden: 2459136K(2459136K)->0K(2459136K) From: 145860K(163840K)->151668K(166400K)
[6989.063s][info][gc,heap        ] GC(2187) ParOldGen: 4829972K(4830208K)->4923468K(4923904K)
[6989.063s][info][gc,metaspace   ] GC(2187) Metaspace: 29136K(29504K)->29136K(29504K) NonClass: 24248K(24384K)->24248K(24384K) Class: 4887K(5120K)->4887K(5120K)
[6989.063s][info][gc             ] GC(2187) Pause Young (Allocation Failure) 7260M->4956M(7372M) 104.253ms
[6989.063s][info][gc,cpu         ] GC(2187) User=0.59s Sys=0.02s Real=0.10s
.[6990.669s][info][gc,start       ] GC(2188) Pause Young (Allocation Failure)
[6990.775s][info][gc,heap        ] GC(2188) PSYoungGen: 2610804K(2625536K)->149280K(2627072K) Eden: 2459136K(2459136K)->0K(2463744K) From: 151668K(166400K)->149280K(163328K)
[6990.775s][info][gc,heap        ] GC(2188) ParOldGen: 4923468K(4923904K)->5015172K(5015552K)
[6990.775s][info][gc,metaspace   ] GC(2188) Metaspace: 29136K(29504K)->29136K(29504K) NonClass: 24248K(24384K)->24248K(24384K) Class: 4887K(5120K)->4887K(5120K)
[6990.775s][info][gc             ] GC(2188) Pause Young (Allocation Failure) 7357M->5043M(7463M) 105.589ms
[6990.775s][info][gc,cpu         ] GC(2188) User=0.58s Sys=0.03s Real=0.11s
..[6992.322s][info][gc,start       ] GC(2189) Pause Young (Allocation Failure)
[6992.421s][info][gc,heap        ] GC(2189) PSYoungGen: 2613024K(2627072K)->140896K(2628608K) Eden: 2463744K(2463744K)->0K(2463744K) From: 149280K(163328K)->140896K(164864K)
[6992.421s][info][gc,heap        ] GC(2189) ParOldGen: 5015172K(5015552K)->5107084K(5107200K)
[6992.421s][info][gc,metaspace   ] GC(2189) Metaspace: 29136K(29504K)->29136K(29504K) NonClass: 24248K(24384K)->24248K(24384K) Class: 4887K(5120K)->4887K(5120K)
[6992.421s][info][gc             ] GC(2189) Pause Young (Allocation Failure) 7449M->5124M(7554M) 99.797ms
[6992.422s][info][gc,cpu         ] GC(2189) User=0.57s Sys=0.02s Real=0.10s
..[6994.049s][info][gc,start       ] GC(2190) Pause Young (Allocation Failure)
[6994.157s][info][gc,heap        ] GC(2190) PSYoungGen: 2604640K(2628608K)->154921K(2629632K) Eden: 2463744K(2463744K)->0K(2465280K) From: 140896K(164864K)->154921K(164352K)
[6994.157s][info][gc,heap        ] GC(2190) ParOldGen: 5107084K(5107200K)->5198892K(5199360K)
[6994.157s][info][gc,metaspace   ] GC(2190) Metaspace: 29136K(29504K)->29136K(29504K) NonClass: 24248K(24384K)->24248K(24384K) Class: 4887K(5120K)->4887K(5120K)
[6994.157s][info][gc             ] GC(2190) Pause Young (Allocation Failure) 7530M->5228M(7645M) 107.277ms
[6994.157s][info][gc,cpu         ] GC(2190) User=0.60s Sys=0.02s Real=0.11s
.[6995.797s][info][gc,start       ] GC(2191) Pause Young (Allocation Failure)
[6995.899s][info][gc,heap        ] GC(2191) PSYoungGen: 2620201K(2629632K)->144448K(2630656K) Eden: 2465280K(2465280K)->0K(2465280K) From: 154921K(164352K)->144448K(165376K)
[6995.899s][info][gc,heap        ] GC(2191) ParOldGen: 5198892K(5199360K)->5291676K(5292032K)
[6995.899s][info][gc,metaspace   ] GC(2191) Metaspace: 29136K(29504K)->29136K(29504K) NonClass: 24248K(24384K)->24248K(24384K) Class: 4887K(5120K)->4887K(5120K)
[6995.899s][info][gc             ] GC(2191) Pause Young (Allocation Failure) 7635M->5308M(7737M) 102.576ms
[6995.900s][info][gc,cpu         ] GC(2191) User=0.58s Sys=0.02s Real=0.10s
..[6997.465s][info][gc,start       ] GC(2192) Pause Young (Allocation Failure)
[6997.566s][info][gc,heap        ] GC(2192) PSYoungGen: 2609728K(2630656K)->141458K(2629632K) Eden: 2465280K(2465280K)->0K(2466304K) From: 144448K(165376K)->141458K(163328K)
[6997.566s][info][gc,heap        ] GC(2192) ParOldGen: 5291676K(5292032K)->5383628K(5383680K)
[6997.566s][info][gc,metaspace   ] GC(2192) Metaspace: 29136K(29504K)->29136K(29504K) NonClass: 24248K(24384K)->24248K(24384K) Class: 4887K(5120K)->4887K(5120K)
[6997.566s][info][gc             ] GC(2192) Pause Young (Allocation Failure) 7716M->5395M(7825M) 100.441ms
[6997.566s][info][gc,cpu         ] GC(2192) User=0.57s Sys=0.02s Real=0.10s
..[6999.113s][info][gc,start       ] GC(2193) Pause Young (Allocation Failure)
[6999.220s][info][gc,heap        ] GC(2193) PSYoungGen: 2607762K(2629632K)->155700K(2630144K) Eden: 2466304K(2466304K)->0K(2466304K) From: 141458K(163328K)->155700K(163840K)
[6999.220s][info][gc,heap        ] GC(2193) ParOldGen: 5383628K(5383680K)->5475676K(5475840K)
[6999.220s][info][gc,metaspace   ] GC(2193) Metaspace: 29136K(29504K)->29136K(29504K) NonClass: 24248K(24384K)->24248K(24384K) Class: 4887K(5120K)->4887K(5120K)
[6999.220s][info][gc             ] GC(2193) Pause Young (Allocation Failure) 7804M->5499M(7916M) 107.562ms
[6999.220s][info][gc,cpu         ] GC(2193) User=0.60s Sys=0.03s Real=0.11s
.[7000.844s][info][gc,start       ] GC(2194) Pause Young (Allocation Failure)
[7000.949s][info][gc,heap        ] GC(2194) PSYoungGen: 2622004K(2630144K)->150368K(2631168K) Eden: 2466304K(2466304K)->0K(2466304K) From: 155700K(163840K)->150368K(164864K)
[7000.949s][info][gc,heap        ] GC(2194) ParOldGen: 5475676K(5475840K)->5569580K(5570048K)
[7000.949s][info][gc,metaspace   ] GC(2194) Metaspace: 29136K(29504K)->29136K(29504K) NonClass: 24248K(24384K)->24248K(24384K) Class: 4887K(5120K)->4887K(5120K)
[7000.949s][info][gc             ] GC(2194) Pause Young (Allocation Failure) 7907M->5585M(8009M) 104.895ms
[7000.949s][info][gc,cpu         ] GC(2194) User=0.60s Sys=0.02s Real=0.10s
..[7002.531s][info][gc,start       ] GC(2195) Pause Full (Allocation Failure)
[7002.531s][info][gc,phases,start] GC(2195) Marking Phase
[7002.823s][info][gc,phases      ] GC(2195) Marking Phase 292.078ms
[7002.823s][info][gc,phases,start] GC(2195) Summary Phase
[7002.823s][info][gc,phases      ] GC(2195) Summary Phase 0.096ms
[7002.823s][info][gc,phases,start] GC(2195) Forward
[7002.958s][info][gc,phases      ] GC(2195) Forward 134.674ms
[7002.958s][info][gc,phases,start] GC(2195) Adjust Pointers
[7003.159s][info][gc,phases      ] GC(2195) Adjust Pointers 201.283ms
[7003.159s][info][gc,phases,start] GC(2195) Compaction Phase
[7003.285s][info][gc,phases      ] GC(2195) Compaction Phase 126.388ms
[7003.288s][info][gc,phases,start] GC(2195) Post Compact
[7003.294s][info][gc,phases      ] GC(2195) Post Compact 6.830ms
[7003.424s][info][gc,heap        ] GC(2195) PSYoungGen: 2616672K(2631168K)->0K(2630656K) Eden: 2466304K(2466304K)->0K(2466304K) From: 150368K(164864K)->0K(164352K)
[7003.424s][info][gc,heap        ] GC(2195) ParOldGen: 5569580K(5570048K)->1431662K(1765888K)
[7003.424s][info][gc,metaspace   ] GC(2195) Metaspace: 29136K(29504K)->29136K(29504K) NonClass: 24248K(24384K)->24248K(24384K) Class: 4887K(5120K)->4887K(5120K)
[7003.424s][info][gc             ] GC(2195) Pause Full (Allocation Failure) 7994M->1398M(4293M) 893.478ms
[7003.424s][info][gc,cpu         ] GC(2195) User=4.02s Sys=0.13s Real=0.90s
..[7004.832s][info][gc,start       ] GC(2196) Pause Young (Allocation Failure)
[7004.903s][info][gc,heap        ] GC(2196) PSYoungGen: 2466304K(2630656K)->157248K(2627584K) Eden: 2466304K(2466304K)->0K(2463232K) From: 0K(164352K)->157248K(164352K)
[7004.903s][info][gc,heap        ] GC(2196) ParOldGen: 1431662K(1765888K)->1431662K(1765888K)
[7004.903s][info][gc,metaspace   ] GC(2196) Metaspace: 29136K(29504K)->29136K(29504K) NonClass: 24248K(24384K)->24248K(24384K) Class: 4887K(5120K)->4887K(5120K)
[7004.903s][info][gc             ] GC(2196) Pause Young (Allocation Failure) 3806M->1551M(4290M) 71.657ms
[7004.903s][info][gc,cpu         ] GC(2196) User=0.42s Sys=0.00s Real=0.07s
.[7006.365s][info][gc,start       ] GC(2197) Pause Young (Allocation Failure)
[7006.463s][info][gc,heap        ] GC(2197) PSYoungGen: 2620480K(2627584K)->151712K(2629632K) Eden: 2463232K(2463232K)->0K(2463232K) From: 157248K(164352K)->151712K(166400K)
[7006.463s][info][gc,heap        ] GC(2197) ParOldGen: 1431662K(1765888K)->1525966K(1765888K)
[7006.463s][info][gc,metaspace   ] GC(2197) Metaspace: 29136K(29504K)->29136K(29504K) NonClass: 24248K(24384K)->24248K(24384K) Class: 4887K(5120K)->4887K(5120K)
[7006.463s][info][gc             ] GC(2197) Pause Young (Allocation Failure) 3957M->1638M(4292M) 97.467ms
[7006.463s][info][gc,cpu         ] GC(2197) User=0.59s Sys=0.00s Real=0.09s
.[7007.929s][info][gc,start       ] GC(2198) Pause Young (Allocation Failure)
[7008.023s][info][gc,heap        ] GC(2198) PSYoungGen: 2614944K(2629632K)->148000K(2626560K) Eden: 2463232K(2463232K)->0K(2464256K) From: 151712K(166400K)->148000K(162304K)
[7008.023s][info][gc,heap        ] GC(2198) ParOldGen: 1525966K(1765888K)->1616310K(1765888K)
[7008.023s][info][gc,metaspace   ] GC(2198) Metaspace: 29136K(29504K)->29136K(29504K) NonClass: 24248K(24384K)->24248K(24384K) Class: 4887K(5120K)->4887K(5120K)
[7008.023s][info][gc             ] GC(2198) Pause Young (Allocation Failure) 4043M->1722M(4289M) 94.796ms
[7008.023s][info][gc,cpu         ] GC(2198) User=0.56s Sys=0.00s Real=0.10s
..[7009.483s][info][gc,start       ] GC(2199) Pause Young (Allocation Failure)
[7009.578s][info][gc,heap        ] GC(2199) PSYoungGen: 2612256K(2626560K)->144416K(2628608K) Eden: 2464256K(2464256K)->0K(2464256K) From: 148000K(162304K)->144416K(164352K)
[7009.578s][info][gc,heap        ] GC(2199) ParOldGen: 1616310K(1765888K)->1709086K(1765888K)
[7009.578s][info][gc,metaspace   ] GC(2199) Metaspace: 29136K(29504K)->29136K(29504K) NonClass: 24248K(24384K)->24248K(24384K) Class: 4887K(5120K)->4887K(5120K)
[7009.578s][info][gc             ] GC(2199) Pause Young (Allocation Failure) 4129M->1810M(4291M) 94.846ms
[7009.578s][info][gc,cpu         ] GC(2199) User=0.56s Sys=0.00s Real=0.10s
.[7011.095s][info][gc,start       ] GC(2200) Pause Young (Allocation Failure)
[7011.194s][info][gc,heap        ] GC(2200) PSYoungGen: 2608672K(2628608K)->152960K(2631680K) Eden: 2464256K(2464256K)->0K(2468352K) From: 144416K(164352K)->152960K(163328K)
[7011.194s][info][gc,heap        ] GC(2200) ParOldGen: 1709086K(1765888K)->1799142K(1799168K)
[7011.194s][info][gc,metaspace   ] GC(2200) Metaspace: 29136K(29504K)->29136K(29504K) NonClass: 24248K(24384K)->24248K(24384K) Class: 4887K(5120K)->4887K(5120K)
[7011.194s][info][gc             ] GC(2200) Pause Young (Allocation Failure) 4216M->1906M(4327M) 98.917ms
[7011.194s][info][gc,cpu         ] GC(2200) User=0.58s Sys=0.01s Real=0.10s
..[7012.877s][info][gc,start       ] GC(2201) Pause Young (Allocation Failure)
[7012.980s][info][gc,heap        ] GC(2201) PSYoungGen: 2621312K(2631680K)->150693K(2619392K) Eden: 2468352K(2468352K)->0K(2468352K) From: 152960K(163328K)->150693K(151040K)
[7012.980s][info][gc,heap        ] GC(2201) ParOldGen: 1799142K(1799168K)->1890766K(1890816K)
[7012.980s][info][gc,metaspace   ] GC(2201) Metaspace: 29136K(29504K)->29136K(29504K) NonClass: 24248K(24384K)->24248K(24384K) Class: 4887K(5120K)->4887K(5120K)
[7012.980s][info][gc             ] GC(2201) Pause Young (Allocation Failure) 4316M->1993M(4404M) 103.125ms
[7012.980s][info][gc,cpu         ] GC(2201) User=0.58s Sys=0.03s Real=0.10s
..[7014.500s][info][gc,start       ] GC(2202) Pause Young (Allocation Failure)
[7014.602s][info][gc,heap        ] GC(2202) PSYoungGen: 2619045K(2619392K)->148874K(2633216K) Eden: 2468352K(2468352K)->0K(2470400K) From: 150693K(151040K)->148874K(162816K)
[7014.602s][info][gc,heap        ] GC(2202) ParOldGen: 1890766K(1890816K)->1983062K(1983488K)
[7014.602s][info][gc,metaspace   ] GC(2202) Metaspace: 29136K(29504K)->29136K(29504K) NonClass: 24248K(24384K)->24248K(24384K) Class: 4887K(5120K)->4887K(5120K)
[7014.602s][info][gc             ] GC(2202) Pause Young (Allocation Failure) 4404M->2081M(4508M) 101.727ms
[7014.602s][info][gc,cpu         ] GC(2202) User=0.57s Sys=0.03s Real=0.10s
. (rIR:aIR:PR = 11761:11779:11780) (tPR = 176669) [OK] 
  7015s: Performance info:
         Transaction,    Success,    Partial,     Failed,   Receipts, AvgBarcode, 
             Overall,     716456,          0,          0,     681111,      59.47, 
         Response times:
             Request,    Success,    Partial,     Failed,   SkipFail,     Probes,    Samples,      min,      p50,      p90,      p95,      p99,      max, 
       TotalPurchase,     681099,          0,          0,          0,     332728,     508513,      200,    15400,   146000,   309000,   545000,  1300000,
     InStorePurchase,     357261,          0,          0,          0,     173409,     266172,      200,    15200,   146000,   332000,   517000,   980000,
      OnlinePurchase,     253013,          0,          0,          0,     122900,     187572,      200,    15600,   146000,   275000,   546000,  1300000,
        InstPurchase,      70825,          0,          0,          0,      36419,      54769,      400,    15800,   144000,   339000,   562000,   920000,
          AssocOfCat,        717,          0,          0,          0,        590,        984,    28000,    71000,   220000,   416000,   528500,   760000,
      AssocOfProduct,       7044,          0,          0,          0,       4159,       6425,      500,    12400,   137000,   331700,   587000,   760000,
      BusinessReport,       1800,          0,          0,          0,       1560,       2587,    29000,    74000,   202200,   412800,   650000,  1000000,
          CustBuyBeh,       7240,          0,          0,          0,       4131,       6462,      200,    16800,   149000,   323000,   584000,   760000,
       ProductReturn,      18540,          0,          0,          0,       9371,      14284,      200,    16300,   142000,   325750,   640000,   910000,

  7015s: (86%)   IR =  11900 [7016.164s][info][gc,start       ] GC(2203) Pause Young (Allocation Failure)
[7016.268s][info][gc,heap        ] GC(2203) PSYoungGen: 2619274K(2633216K)->152160K(2631680K) Eden: 2470400K(2470400K)->0K(2470400K) From: 148874K(162816K)->152160K(161280K)
[7016.268s][info][gc,heap        ] GC(2203) ParOldGen: 1983062K(1983488K)->2076870K(2077184K)
[7016.268s][info][gc,metaspace   ] GC(2203) Metaspace: 29136K(29504K)->29136K(29504K) NonClass: 24248K(24384K)->24248K(24384K) Class: 4887K(5120K)->4887K(5120K)
[7016.268s][info][gc             ] GC(2203) Pause Young (Allocation Failure) 4494M->2176M(4598M) 103.703ms
[7016.268s][info][gc,cpu         ] GC(2203) User=0.58s Sys=0.03s Real=0.10s
..[7017.905s][info][gc,start       ] GC(2204) Pause Young (Allocation Failure)
[7018.006s][info][gc,heap        ] GC(2204) PSYoungGen: 2622560K(2631680K)->149621K(2633728K) Eden: 2470400K(2470400K)->0K(2472960K) From: 152160K(161280K)->149621K(160768K)
[7018.006s][info][gc,heap        ] GC(2204) ParOldGen: 2076870K(2077184K)->2167446K(2167808K)
[7018.006s][info][gc,metaspace   ] GC(2204) Metaspace: 29136K(29504K)->29136K(29504K) NonClass: 24248K(24384K)->24248K(24384K) Class: 4887K(5120K)->4887K(5120K)
[7018.006s][info][gc             ] GC(2204) Pause Young (Allocation Failure) 4589M->2262M(4689M) 101.289ms
[7018.006s][info][gc,cpu         ] GC(2204) User=0.57s Sys=0.02s Real=0.10s
..[7019.636s][info][gc,start       ] GC(2205) Pause Young (Allocation Failure)
[7019.736s][info][gc,heap        ] GC(2205) PSYoungGen: 2622581K(2633728K)->145312K(2633216K) Eden: 2472960K(2472960K)->0K(2472960K) From: 149621K(160768K)->145312K(160256K)
[7019.736s][info][gc,heap        ] GC(2205) ParOldGen: 2167446K(2167808K)->2257214K(2257408K)
[7019.736s][info][gc,metaspace   ] GC(2205) Metaspace: 29136K(29504K)->29136K(29504K) NonClass: 24248K(24384K)->24248K(24384K) Class: 4887K(5120K)->4887K(5120K)
[7019.736s][info][gc             ] GC(2205) Pause Young (Allocation Failure) 4677M->2346M(4776M) 100.126ms
[7019.736s][info][gc,cpu         ] GC(2205) User=0.56s Sys=0.03s Real=0.10s
.|.[7021.386s][info][gc,start       ] GC(2206) Pause Young (Allocation Failure)
[7021.481s][info][gc,heap        ] GC(2206) PSYoungGen: 2618272K(2633216K)->136800K(2633728K) Eden: 2472960K(2472960K)->0K(2473984K) From: 145312K(160256K)->136800K(159744K)
[7021.481s][info][gc,heap        ] GC(2206) ParOldGen: 2257214K(2257408K)->2351702K(2352128K)
[7021.481s][info][gc,metaspace   ] GC(2206) Metaspace: 29136K(29504K)->29136K(29504K) NonClass: 24248K(24384K)->24248K(24384K) Class: 4887K(5120K)->4887K(5120K)
[7021.481s][info][gc             ] GC(2206) Pause Young (Allocation Failure) 4761M->2430M(4869M) 94.980ms
[7021.481s][info][gc,cpu         ] GC(2206) User=0.53s Sys=0.02s Real=0.09s
.[7023.086s][info][gc,start       ] GC(2207) Pause Young (Allocation Failure)
[7023.186s][info][gc,heap        ] GC(2207) PSYoungGen: 2610784K(2633728K)->146016K(2634752K) Eden: 2473984K(2473984K)->0K(2473984K) From: 136800K(159744K)->146016K(160768K)
[7023.186s][info][gc,heap        ] GC(2207) ParOldGen: 2351702K(2352128K)->2443094K(2443264K)
[7023.186s][info][gc,metaspace   ] GC(2207) Metaspace: 29136K(29504K)->29136K(29504K) NonClass: 24248K(24384K)->24248K(24384K) Class: 4887K(5120K)->4887K(5120K)
[7023.186s][info][gc             ] GC(2207) Pause Young (Allocation Failure) 4846M->2528M(4959M) 99.590ms
[7023.186s][info][gc,cpu         ] GC(2207) User=0.55s Sys=0.03s Real=0.10s
..[7024.792s][info][gc,start       ] GC(2208) Pause Young (Allocation Failure)
[7024.894s][info][gc,heap        ] GC(2208) PSYoungGen: 2620000K(2634752K)->154612K(2633728K) Eden: 2473984K(2473984K)->0K(2473472K) From: 146016K(160768K)->154612K(160256K)
[7024.894s][info][gc,heap        ] GC(2208) ParOldGen: 2443094K(2443264K)->2532422K(2532864K)
[7024.894s][info][gc,metaspace   ] GC(2208) Metaspace: 29136K(29504K)->29136K(29504K) NonClass: 24248K(24384K)->24248K(24384K) Class: 4887K(5120K)->4887K(5120K)
[7024.894s][info][gc             ] GC(2208) Pause Young (Allocation Failure) 4944M->2624M(5045M) 102.338ms
[7024.894s][info][gc,cpu         ] GC(2208) User=0.59s Sys=0.03s Real=0.11s
..[7026.541s][info][gc,start       ] GC(2209) Pause Young (Allocation Failure)
[7026.646s][info][gc,heap        ] GC(2209) PSYoungGen: 2628084K(2633728K)->152768K(2626560K) Eden: 2473472K(2473472K)->0K(2473472K) From: 154612K(160256K)->152768K(153088K)
[7026.646s][info][gc,heap        ] GC(2209) ParOldGen: 2532422K(2532864K)->2624830K(2625024K)
[7026.646s][info][gc,metaspace   ] GC(2209) Metaspace: 29136K(29504K)->29136K(29504K) NonClass: 24248K(24384K)->24248K(24384K) Class: 4887K(5120K)->4887K(5120K)
[7026.646s][info][gc             ] GC(2209) Pause Young (Allocation Failure) 5039M->2712M(5128M) 105.033ms
[7026.646s][info][gc,cpu         ] GC(2209) User=0.59s Sys=0.03s Real=0.11s
.[7028.194s][info][gc,start       ] GC(2210) Pause Young (Allocation Failure)
[7028.295s][info][gc,heap        ] GC(2210) PSYoungGen: 2626240K(2626560K)->144480K(2634752K) Eden: 2473472K(2473472K)->0K(2472960K) From: 152768K(153088K)->144480K(161792K)
[7028.295s][info][gc,heap        ] GC(2210) ParOldGen: 2624830K(2625024K)->2719870K(2720256K)
[7028.295s][info][gc,metaspace   ] GC(2210) Metaspace: 29136K(29504K)->29136K(29504K) NonClass: 24248K(24384K)->24248K(24384K) Class: 4887K(5120K)->4887K(5120K)
[7028.295s][info][gc             ] GC(2210) Pause Young (Allocation Failure) 5127M->2797M(5229M) 100.943ms
[7028.295s][info][gc,cpu         ] GC(2210) User=0.57s Sys=0.03s Real=0.10s
..[7029.982s][info][gc,start       ] GC(2211) Pause Young (Allocation Failure)
[7030.081s][info][gc,heap        ] GC(2211) PSYoungGen: 2617440K(2634752K)->147379K(2620416K) Eden: 2472960K(2472960K)->0K(2472960K) From: 144480K(161792K)->147379K(147456K)
[7030.081s][info][gc,heap        ] GC(2211) ParOldGen: 2719870K(2720256K)->2808198K(2808320K)
[7030.081s][info][gc,metaspace   ] GC(2211) Metaspace: 29136K(29504K)->29136K(29504K) NonClass: 24248K(24384K)->24248K(24384K) Class: 4887K(5120K)->4887K(5120K)
[7030.081s][info][gc             ] GC(2211) Pause Young (Allocation Failure) 5212M->2886M(5301M) 99.483ms
[7030.081s][info][gc,cpu         ] GC(2211) User=0.57s Sys=0.02s Real=0.10s
..[7031.615s][info][gc,start       ] GC(2212) Pause Young (Allocation Failure)
[7031.723s][info][gc,heap        ] GC(2212) PSYoungGen: 2620339K(2620416K)->159182K(2630656K) Eden: 2472960K(2472960K)->0K(2470400K) From: 147379K(147456K)->159182K(160256K)
[7031.723s][info][gc,heap        ] GC(2212) ParOldGen: 2808198K(2808320K)->2898870K(2898944K)
[7031.723s][info][gc,metaspace   ] GC(2212) Metaspace: 29136K(29504K)->29136K(29504K) NonClass: 24248K(24384K)->24248K(24384K) Class: 4887K(5120K)->4887K(5120K)
[7031.723s][info][gc             ] GC(2212) Pause Young (Allocation Failure) 5301M->2986M(5400M) 107.488ms
[7031.723s][info][gc,cpu         ] GC(2212) User=0.60s Sys=0.03s Real=0.10s
.[7033.286s][info][gc,start       ] GC(2213) Pause Young (Allocation Failure)
[7033.382s][info][gc,heap        ] GC(2213) PSYoungGen: 2629582K(2630656K)->138304K(2609152K) Eden: 2470400K(2470400K)->0K(2470400K) From: 159182K(160256K)->138304K(138752K)
[7033.382s][info][gc,heap        ] GC(2213) ParOldGen: 2898870K(2898944K)->2991230K(2991616K)
[7033.382s][info][gc,metaspace   ] GC(2213) Metaspace: 29136K(29504K)->29136K(29504K) NonClass: 24248K(24384K)->24248K(24384K) Class: 4887K(5120K)->4887K(5120K)
[7033.382s][info][gc             ] GC(2213) Pause Young (Allocation Failure) 5398M->3056M(5469M) 95.607ms
[7033.382s][info][gc,cpu         ] GC(2213) User=0.54s Sys=0.02s Real=0.09s
..[7034.977s][info][gc,start       ] GC(2214) Pause Young (Allocation Failure)
[7035.082s][info][gc,heap        ] GC(2214) PSYoungGen: 2608704K(2609152K)->153344K(2631680K) Eden: 2470400K(2470400K)->0K(2468352K) From: 138304K(138752K)->153344K(163328K)
[7035.082s][info][gc,heap        ] GC(2214) ParOldGen: 2991230K(2991616K)->3082550K(3082752K)
[7035.082s][info][gc,metaspace   ] GC(2214) Metaspace: 29136K(29504K)->29136K(29504K) NonClass: 24248K(24384K)->24248K(24384K) Class: 4887K(5120K)->4887K(5120K)
[7035.082s][info][gc             ] GC(2214) Pause Young (Allocation Failure) 5468M->3160M(5580M) 104.624ms
[7035.082s][info][gc,cpu         ] GC(2214) User=0.57s Sys=0.04s Real=0.10s
..[7036.659s][info][gc,start       ] GC(2215) Pause Young (Allocation Failure)
[7036.764s][info][gc,heap        ] GC(2215) PSYoungGen: 2621696K(2631680K)->151636K(2632192K) Eden: 2468352K(2468352K)->0K(2468352K) From: 153344K(163328K)->151636K(163840K)
[7036.764s][info][gc,heap        ] GC(2215) ParOldGen: 3082550K(3082752K)->3175574K(3175936K)
[7036.764s][info][gc,metaspace   ] GC(2215) Metaspace: 29136K(29504K)->29136K(29504K) NonClass: 24248K(24384K)->24248K(24384K) Class: 4887K(5120K)->4887K(5120K)
[7036.764s][info][gc             ] GC(2215) Pause Young (Allocation Failure) 5570M->3249M(5672M) 104.114ms
[7036.764s][info][gc,cpu         ] GC(2215) User=0.58s Sys=0.03s Real=0.11s
.[7038.339s][info][gc,start       ] GC(2216) Pause Young (Allocation Failure)
[7038.434s][info][gc,heap        ] GC(2216) PSYoungGen: 2619988K(2632192K)->137504K(2631680K) Eden: 2468352K(2468352K)->0K(2468352K) From: 151636K(163840K)->137504K(163328K)
[7038.434s][info][gc,heap        ] GC(2216) ParOldGen: 3175574K(3175936K)->3268174K(3268608K)
[7038.434s][info][gc,metaspace   ] GC(2216) Metaspace: 29136K(29504K)->29136K(29504K) NonClass: 24248K(24384K)->24248K(24384K) Class: 4887K(5120K)->4887K(5120K)
[7038.434s][info][gc             ] GC(2216) Pause Young (Allocation Failure) 5659M->3325M(5762M) 95.722ms
[7038.434s][info][gc,cpu         ] GC(2216) User=0.56s Sys=0.02s Real=0.10s
..[7040.027s][info][gc,start       ] GC(2217) Pause Young (Allocation Failure)
[7040.131s][info][gc,heap        ] GC(2217) PSYoungGen: 2605856K(2631680K)->152208K(2632192K) Eden: 2468352K(2468352K)->0K(2468352K) From: 137504K(163328K)->152208K(163840K)
[7040.131s][info][gc,heap        ] GC(2217) ParOldGen: 3268174K(3268608K)->3360006K(3360256K)
[7040.131s][info][gc,metaspace   ] GC(2217) Metaspace: 29136K(29504K)->29136K(29504K) NonClass: 24248K(24384K)->24248K(24384K) Class: 4887K(5120K)->4887K(5120K)
[7040.131s][info][gc             ] GC(2217) Pause Young (Allocation Failure) 5736M->3429M(5852M) 104.472ms
[7040.131s][info][gc,cpu         ] GC(2217) User=0.58s Sys=0.03s Real=0.10s
..[7041.713s][info][gc,start       ] GC(2218) Pause Young (Allocation Failure)
[7041.815s][info][gc,heap        ] GC(2218) PSYoungGen: 2620560K(2632192K)->148800K(2630144K) Eden: 2468352K(2468352K)->0K(2468352K) From: 152208K(163840K)->148800K(161792K)
[7041.815s][info][gc,heap        ] GC(2218) ParOldGen: 3360006K(3360256K)->3451686K(3451904K)
[7041.815s][info][gc,metaspace   ] GC(2218) Metaspace: 29136K(29504K)->29136K(29504K) NonClass: 24248K(24384K)->24248K(24384K) Class: 4887K(5120K)->4887K(5120K)
[7041.815s][info][gc             ] GC(2218) Pause Young (Allocation Failure) 5840M->3516M(5939M) 101.999ms
[7041.815s][info][gc,cpu         ] GC(2218) User=0.57s Sys=0.04s Real=0.11s
.[7043.493s][info][gc,start       ] GC(2219) Pause Young (Allocation Failure)
[7043.596s][info][gc,heap        ] GC(2219) PSYoungGen: 2617152K(2630144K)->149968K(2631168K) Eden: 2468352K(2468352K)->0K(2468352K) From: 148800K(161792K)->149968K(162816K)
[7043.596s][info][gc,heap        ] GC(2219) ParOldGen: 3451686K(3451904K)->3543022K(3543040K)
[7043.596s][info][gc,metaspace   ] GC(2219) Metaspace: 29136K(29504K)->29136K(29504K) NonClass: 24248K(24384K)->24248K(24384K) Class: 4887K(5120K)->4887K(5120K)
[7043.596s][info][gc             ] GC(2219) Pause Young (Allocation Failure) 5926M->3606M(6029M) 103.102ms
[7043.596s][info][gc,cpu         ] GC(2219) User=0.59s Sys=0.03s Real=0.11s
..[7045.174s][info][gc,start       ] GC(2220) Pause Young (Allocation Failure)
[7045.282s][info][gc,heap        ] GC(2220) PSYoungGen: 2618320K(2631168K)->157977K(2630144K) Eden: 2468352K(2468352K)->0K(2468352K) From: 149968K(162816K)->157977K(161792K)
[7045.282s][info][gc,heap        ] GC(2220) ParOldGen: 3543022K(3543040K)->3634662K(3634688K)
[7045.282s][info][gc,metaspace   ] GC(2220) Metaspace: 29136K(29504K)->29136K(29504K) NonClass: 24248K(24384K)->24248K(24384K) Class: 4887K(5120K)->4887K(5120K)
[7045.282s][info][gc             ] GC(2220) Pause Young (Allocation Failure) 6016M->3703M(6118M) 107.692ms
[7045.282s][info][gc,cpu         ] GC(2220) User=0.60s Sys=0.03s Real=0.10s
..[7046.915s][info][gc,start       ] GC(2221) Pause Young (Allocation Failure)
[7047.021s][info][gc,heap        ] GC(2221) PSYoungGen: 2626329K(2630144K)->153797K(2622464K) Eden: 2468352K(2468352K)->0K(2468352K) From: 157977K(161792K)->153797K(154112K)
[7047.021s][info][gc,heap        ] GC(2221) ParOldGen: 3634662K(3634688K)->3726958K(3727360K)
[7047.021s][info][gc,metaspace   ] GC(2221) Metaspace: 29136K(29504K)->29136K(29504K) NonClass: 24248K(24384K)->24248K(24384K) Class: 4887K(5120K)->4887K(5120K)
[7047.021s][info][gc             ] GC(2221) Pause Young (Allocation Failure) 6114M->3789M(6201M) 106.359ms
[7047.021s][info][gc,cpu         ] GC(2221) User=0.60s Sys=0.03s Real=0.10s
.[7048.570s][info][gc,start       ] GC(2222) Pause Young (Allocation Failure)
[7048.671s][info][gc,heap        ] GC(2222) PSYoungGen: 2622149K(2622464K)->148256K(2633216K) Eden: 2468352K(2468352K)->0K(2468864K) From: 153797K(154112K)->148256K(164352K)
[7048.672s][info][gc,heap        ] GC(2222) ParOldGen: 3726958K(3727360K)->3815238K(3815424K)
[7048.672s][info][gc,metaspace   ] GC(2222) Metaspace: 29136K(29504K)->29136K(29504K) NonClass: 24248K(24384K)->24248K(24384K) Class: 4887K(5120K)->4887K(5120K)
[7048.672s][info][gc             ] GC(2222) Pause Young (Allocation Failure) 6200M->3870M(6297M) 101.245ms
[7048.672s][info][gc,cpu         ] GC(2222) User=0.57s Sys=0.02s Real=0.10s
..[7050.277s][info][gc,start       ] GC(2223) Pause Young (Allocation Failure)
[7050.377s][info][gc,heap        ] GC(2223) PSYoungGen: 2617120K(2633216K)->133216K(2631680K) Eden: 2468864K(2468864K)->0K(2468864K) From: 148256K(164352K)->133216K(162816K)
[7050.377s][info][gc,heap        ] GC(2223) ParOldGen: 3815238K(3815424K)->3913822K(3914240K)
[7050.377s][info][gc,metaspace   ] GC(2223) Metaspace: 29136K(29504K)->29136K(29504K) NonClass: 24248K(24384K)->24248K(24384K) Class: 4887K(5120K)->4887K(5120K)
[7050.377s][info][gc             ] GC(2223) Pause Young (Allocation Failure) 6281M->3952M(6392M) 99.242ms
[7050.377s][info][gc,cpu         ] GC(2223) User=0.56s Sys=0.03s Real=0.10s
..[7051.958s][info][gc,start       ] GC(2224) Pause Young (Allocation Failure)
[7052.064s][info][gc,heap        ] GC(2224) PSYoungGen: 2602080K(2631680K)->154616K(2629632K) Eden: 2468864K(2468864K)->0K(2465280K) From: 133216K(162816K)->154616K(164352K)
[7052.064s][info][gc,heap        ] GC(2224) ParOldGen: 3913822K(3914240K)->4002310K(4002816K)
[7052.064s][info][gc,metaspace   ] GC(2224) Metaspace: 29136K(29504K)->29136K(29504K) NonClass: 24248K(24384K)->24248K(24384K) Class: 4887K(5120K)->4887K(5120K)
[7052.064s][info][gc             ] GC(2224) Pause Young (Allocation Failure) 6363M->4059M(6477M) 105.781ms
[7052.064s][info][gc,cpu         ] GC(2224) User=0.59s Sys=0.03s Real=0.11s
.[7053.732s][info][gc,start       ] GC(2225) Pause Young (Allocation Failure)
[7053.835s][info][gc,heap        ] GC(2225) PSYoungGen: 2619896K(2629632K)->146880K(2612224K) Eden: 2465280K(2465280K)->0K(2465280K) From: 154616K(164352K)->146880K(146944K)
[7053.835s][info][gc,heap        ] GC(2225) ParOldGen: 4002310K(4002816K)->4095942K(4096000K)
[7053.835s][info][gc,metaspace   ] GC(2225) Metaspace: 29136K(29504K)->29136K(29504K) NonClass: 24248K(24384K)->24248K(24384K) Class: 4887K(5120K)->4887K(5120K)
[7053.835s][info][gc             ] GC(2225) Pause Young (Allocation Failure) 6466M->4143M(6551M) 103.053ms
[7053.835s][info][gc,cpu         ] GC(2225) User=0.57s Sys=0.03s Real=0.11s
..[7055.488s][info][gc,start       ] GC(2226) Pause Young (Allocation Failure)
[7055.588s][info][gc,heap        ] GC(2226) PSYoungGen: 2612160K(2612224K)->143776K(2630656K) Eden: 2465280K(2465280K)->0K(2466816K) From: 146880K(146944K)->143776K(163840K)
[7055.588s][info][gc,heap        ] GC(2226) ParOldGen: 4095942K(4096000K)->4187174K(4187648K)
[7055.588s][info][gc,metaspace   ] GC(2226) Metaspace: 29136K(29504K)->29136K(29504K) NonClass: 24248K(24384K)->24248K(24384K) Class: 4887K(5120K)->4887K(5120K)
[7055.588s][info][gc             ] GC(2226) Pause Young (Allocation Failure) 6550M->4229M(6658M) 99.505ms
[7055.588s][info][gc,cpu         ] GC(2226) User=0.56s Sys=0.04s Real=0.10s
..[7057.158s][info][gc,start       ] GC(2227) Pause Young (Allocation Failure)
[7057.268s][info][gc,heap        ] GC(2227) PSYoungGen: 2610370K(2630656K)->158293K(2630144K) Eden: 2466594K(2466816K)->0K(2466816K) From: 143776K(163840K)->158293K(163328K)
[7057.268s][info][gc,heap        ] GC(2227) ParOldGen: 4187174K(4187648K)->4280798K(4280832K)
[7057.268s][info][gc,metaspace   ] GC(2227) Metaspace: 29136K(29504K)->29136K(29504K) NonClass: 24248K(24384K)->24248K(24384K) Class: 4887K(5120K)->4887K(5120K)
[7057.268s][info][gc             ] GC(2227) Pause Young (Allocation Failure) 6638M->4335M(6749M) 109.946ms
[7057.268s][info][gc,cpu         ] GC(2227) User=0.62s Sys=0.03s Real=0.11s
.[7058.851s][info][gc,start       ] GC(2228) Pause Young (Allocation Failure)
[7058.955s][info][gc,heap        ] GC(2228) PSYoungGen: 2625109K(2630144K)->149445K(2631680K) Eden: 2466816K(2466816K)->0K(2466304K) From: 158293K(163328K)->149445K(165376K)
[7058.955s][info][gc,heap        ] GC(2228) ParOldGen: 4280798K(4280832K)->4370486K(4370944K)
[7058.955s][info][gc,metaspace   ] GC(2228) Metaspace: 29136K(29504K)->29136K(29504K) NonClass: 24248K(24384K)->24248K(24384K) Class: 4887K(5120K)->4887K(5120K)
[7058.955s][info][gc             ] GC(2228) Pause Young (Allocation Failure) 6744M->4413M(6838M) 103.414ms
[7058.955s][info][gc,cpu         ] GC(2228) User=0.58s Sys=0.04s Real=0.11s
..[7060.573s][info][gc,start       ] GC(2229) Pause Young (Allocation Failure)
[7060.675s][info][gc,heap        ] GC(2229) PSYoungGen: 2615749K(2631680K)->146032K(2612736K) Eden: 2466304K(2466304K)->0K(2466304K) From: 149445K(165376K)->146032K(146432K)
[7060.675s][info][gc,heap        ] GC(2229) ParOldGen: 4370486K(4370944K)->4461366K(4461568K)
[7060.675s][info][gc,metaspace   ] GC(2229) Metaspace: 29136K(29504K)->29136K(29504K) NonClass: 24248K(24384K)->24248K(24384K) Class: 4887K(5120K)->4887K(5120K)
[7060.675s][info][gc             ] GC(2229) Pause Young (Allocation Failure) 6822M->4499M(6908M) 101.717ms
[7060.675s][info][gc,cpu         ] GC(2229) User=0.58s Sys=0.03s Real=0.11s
..[7062.253s][info][gc,start       ] GC(2230) Pause Young (Allocation Failure)
[7062.351s][info][gc,heap        ] GC(2230) PSYoungGen: 2612336K(2612736K)->138880K(2629632K) Eden: 2466304K(2466304K)->0K(2466304K) From: 146032K(146432K)->138880K(163328K)
[7062.351s][info][gc,heap        ] GC(2230) ParOldGen: 4461366K(4461568K)->4553542K(4553728K)
[7062.351s][info][gc,metaspace   ] GC(2230) Metaspace: 29136K(29504K)->29136K(29504K) NonClass: 24248K(24384K)->24248K(24384K) Class: 4887K(5120K)->4887K(5120K)
[7062.351s][info][gc             ] GC(2230) Pause Young (Allocation Failure) 6907M->4582M(7015M) 97.977ms
[7062.351s][info][gc,cpu         ] GC(2230) User=0.55s Sys=0.03s Real=0.10s
.[7063.927s][info][gc,start       ] GC(2231) Pause Young (Allocation Failure)
[7064.036s][info][gc,heap        ] GC(2231) PSYoungGen: 2605184K(2629632K)->158409K(2629632K) Eden: 2466304K(2466304K)->0K(2466304K) From: 138880K(163328K)->158409K(163328K)
[7064.036s][info][gc,heap        ] GC(2231) ParOldGen: 4553542K(4553728K)->4646614K(4646912K)
[7064.036s][info][gc,metaspace   ] GC(2231) Metaspace: 29136K(29504K)->29136K(29504K) NonClass: 24248K(24384K)->24248K(24384K) Class: 4887K(5120K)->4887K(5120K)
[7064.036s][info][gc             ] GC(2231) Pause Young (Allocation Failure) 6990M->4692M(7106M) 109.811ms
[7064.036s][info][gc,cpu         ] GC(2231) User=0.61s Sys=0.04s Real=0.11s
..[7065.733s][info][gc,start       ] GC(2232) Pause Young (Allocation Failure)
[7065.839s][info][gc,heap        ] GC(2232) PSYoungGen: 2624713K(2629632K)->152278K(2630656K) Eden: 2466304K(2466304K)->0K(2464768K) From: 158409K(163328K)->152278K(165888K)
[7065.839s][info][gc,heap        ] GC(2232) ParOldGen: 4646614K(4646912K)->4737350K(4737536K)
[7065.839s][info][gc,metaspace   ] GC(2232) Metaspace: 29136K(29504K)->29136K(29504K) NonClass: 24248K(24384K)->24248K(24384K) Class: 4887K(5120K)->4887K(5120K)
[7065.839s][info][gc             ] GC(2232) Pause Young (Allocation Failure) 7100M->4775M(7195M) 106.282ms
[7065.839s][info][gc,cpu         ] GC(2232) User=0.61s Sys=0.02s Real=0.11s
..[7067.388s][info][gc,start       ] GC(2233) Pause Young (Allocation Failure)
[7067.491s][info][gc,heap        ] GC(2233) PSYoungGen: 2617046K(2630656K)->142336K(2607616K) Eden: 2464768K(2464768K)->0K(2464768K) From: 152278K(165888K)->142336K(142848K)
[7067.491s][info][gc,heap        ] GC(2233) ParOldGen: 4737350K(4737536K)->4831750K(4832256K)
[7067.491s][info][gc,metaspace   ] GC(2233) Metaspace: 29136K(29504K)->29136K(29504K) NonClass: 24248K(24384K)->24248K(24384K) Class: 4887K(5120K)->4887K(5120K)
[7067.491s][info][gc             ] GC(2233) Pause Young (Allocation Failure) 7182M->4857M(7265M) 103.469ms
[7067.491s][info][gc,cpu         ] GC(2233) User=0.57s Sys=0.03s Real=0.10s
.[7069.060s][info][gc,start       ] GC(2234) Pause Young (Allocation Failure)
[7069.166s][info][gc,heap        ] GC(2234) PSYoungGen: 2607104K(2607616K)->153200K(2629632K) Eden: 2464768K(2464768K)->0K(2464768K) From: 142336K(142848K)->153200K(164864K)
[7069.166s][info][gc,heap        ] GC(2234) ParOldGen: 4831750K(4832256K)->4921862K(4922368K)
[7069.166s][info][gc,metaspace   ] GC(2234) Metaspace: 29136K(29504K)->29136K(29504K) NonClass: 24248K(24384K)->24248K(24384K) Class: 4887K(5120K)->4887K(5120K)
[7069.166s][info][gc             ] GC(2234) Pause Young (Allocation Failure) 7264M->4956M(7375M) 105.344ms
[7069.166s][info][gc,cpu         ] GC(2234) User=0.59s Sys=0.02s Real=0.11s
..[7070.697s][info][gc,start       ] GC(2235) Pause Young (Allocation Failure)
[7070.799s][info][gc,heap        ] GC(2235) PSYoungGen: 2617968K(2629632K)->144320K(2629632K) Eden: 2464768K(2464768K)->0K(2464768K) From: 153200K(164864K)->144320K(164864K)
[7070.799s][info][gc,heap        ] GC(2235) ParOldGen: 4921862K(4922368K)->5013830K(5014016K)
[7070.799s][info][gc,metaspace   ] GC(2235) Metaspace: 29136K(29504K)->29136K(29504K) NonClass: 24248K(24384K)->24248K(24384K) Class: 4887K(5120K)->4887K(5120K)
[7070.799s][info][gc             ] GC(2235) Pause Young (Allocation Failure) 7363M->5037M(7464M) 102.684ms
[7070.799s][info][gc,cpu         ] GC(2235) User=0.57s Sys=0.02s Real=0.10s
.[7072.369s][info][gc,start       ] GC(2236) Pause Young (Allocation Failure)
[7072.475s][info][gc,heap        ] GC(2236) PSYoungGen: 2609088K(2629632K)->149567K(2629632K) Eden: 2464768K(2464768K)->0K(2466816K) From: 144320K(164864K)->149567K(162816K)
[7072.475s][info][gc,heap        ] GC(2236) ParOldGen: 5013830K(5014016K)->5107478K(5107712K)
[7072.475s][info][gc,metaspace   ] GC(2236) Metaspace: 29136K(29504K)->29136K(29504K) NonClass: 24248K(24384K)->24248K(24384K) Class: 4887K(5120K)->4887K(5120K)
[7072.475s][info][gc             ] GC(2236) Pause Young (Allocation Failure) 7444M->5133M(7556M) 106.429ms
[7072.475s][info][gc,cpu         ] GC(2236) User=0.61s Sys=0.02s Real=0.11s
..[7074.095s][info][gc,start       ] GC(2237) Pause Young (Allocation Failure)
[7074.202s][info][gc,heap        ] GC(2237) PSYoungGen: 2616383K(2629632K)->157904K(2630144K) Eden: 2466816K(2466816K)->0K(2466816K) From: 149567K(162816K)->157904K(163328K)
[7074.202s][info][gc,heap        ] GC(2237) ParOldGen: 5107478K(5107712K)->5196414K(5196800K)
[7074.202s][info][gc,metaspace   ] GC(2237) Metaspace: 29136K(29504K)->29136K(29504K) NonClass: 24248K(24384K)->24248K(24384K) Class: 4887K(5120K)->4887K(5120K)
[7074.202s][info][gc             ] GC(2237) Pause Young (Allocation Failure) 7542M->5228M(7643M) 107.276ms
[7074.202s][info][gc,cpu         ] GC(2237) User=0.61s Sys=0.02s Real=0.10s
..[7075.773s][info][gc,start       ] GC(2238) Pause Young (Allocation Failure)
[7075.875s][info][gc,heap        ] GC(2238) PSYoungGen: 2624720K(2630144K)->141664K(2631168K) Eden: 2466816K(2466816K)->0K(2465792K) From: 157904K(163328K)->141664K(165376K)
[7075.875s][info][gc,heap        ] GC(2238) ParOldGen: 5196414K(5196800K)->5292110K(5292544K)
[7075.875s][info][gc,metaspace   ] GC(2238) Metaspace: 29136K(29504K)->29136K(29504K) NonClass: 24248K(24384K)->24248K(24384K) Class: 4887K(5120K)->4887K(5120K)
[7075.875s][info][gc             ] GC(2238) Pause Young (Allocation Failure) 7637M->5306M(7738M) 101.855ms
[7075.875s][info][gc,cpu         ] GC(2238) User=0.58s Sys=0.03s Real=0.11s
.[7077.436s][info][gc,start       ] GC(2239) Pause Young (Allocation Failure)
[7077.538s][info][gc,heap        ] GC(2239) PSYoungGen: 2607456K(2631168K)->146200K(2612224K) Eden: 2465792K(2465792K)->0K(2465792K) From: 141664K(165376K)->146200K(146432K)
[7077.538s][info][gc,heap        ] GC(2239) ParOldGen: 5292110K(5292544K)->5383198K(5383680K)
[7077.538s][info][gc,metaspace   ] GC(2239) Metaspace: 29136K(29504K)->29136K(29504K) NonClass: 24248K(24384K)->24248K(24384K) Class: 4887K(5120K)->4887K(5120K)
[7077.538s][info][gc             ] GC(2239) Pause Young (Allocation Failure) 7714M->5399M(7808M) 101.999ms
[7077.538s][info][gc,cpu         ] GC(2239) User=0.57s Sys=0.02s Real=0.10s
..[7079.151s][info][gc,start       ] GC(2240) Pause Young (Allocation Failure)
[7079.259s][info][gc,heap        ] GC(2240) PSYoungGen: 2611992K(2612224K)->156234K(2628096K) Eden: 2465792K(2465792K)->0K(2464256K) From: 146200K(146432K)->156234K(163840K)
[7079.259s][info][gc,heap        ] GC(2240) ParOldGen: 5383198K(5383680K)->5472222K(5472256K)
[7079.259s][info][gc,metaspace   ] GC(2240) Metaspace: 29136K(29504K)->29136K(29504K) NonClass: 24248K(24384K)->24248K(24384K) Class: 4887K(5120K)->4887K(5120K)
[7079.259s][info][gc             ] GC(2240) Pause Young (Allocation Failure) 7807M->5496M(7910M) 107.760ms
[7079.259s][info][gc,cpu         ] GC(2240) User=0.61s Sys=0.02s Real=0.11s
.. (rIR:aIR:PR = 11900:11838:11838) (tPR = 176632) [OK] 
  7080s: Performance info:
         Transaction,    Success,    Partial,     Failed,   Receipts, AvgBarcode, 
             Overall,     713668,          0,          0,     678021,      59.47, 
         Response times:
             Request,    Success,    Partial,     Failed,   SkipFail,     Probes,    Samples,      min,      p50,      p90,      p95,      p99,      max, 
       TotalPurchase,     678021,          0,          0,          0,     354057,     393611,      200,    12800,    82000,   111000,   166000,   308000,
     InStorePurchase,     355182,          0,          0,          0,     186331,     207296,      200,    12400,    80000,   109000,   165000,   297000,
      OnlinePurchase,     252331,          0,          0,          0,     130564,     144679,      200,    13500,    85000,   114000,   168000,   308000,
        InstPurchase,      70508,          0,          0,          0,      37162,      41636,      400,    12700,    82000,   110000,   163000,   285000,
          AssocOfCat,        716,          0,          0,          0,        622,        797,    24000,    56000,   146200,   167000,   211060,   311000,
      AssocOfProduct,       7122,          0,          0,          0,       4400,       5046,      500,    10900,    79000,   106000,   158000,   265000,
      BusinessReport,       1806,          0,          0,          0,       1623,       1938,    29000,    72000,   156000,   185100,   235000,   317000,
          CustBuyBeh,       7227,          0,          0,          0,       4471,       5176,      200,    16400,    90000,   119000,   180000,   270000,
       ProductReturn,      18776,          0,          0,          0,       9884,      11187,      200,    13800,    84000,   115000,   169000,   269000,

  7080s: (87%)   IR =  12038 [7080.898s][info][gc,start       ] GC(2241) Pause Young (Allocation Failure)
[7081.011s][info][gc,heap        ] GC(2241) PSYoungGen: 2620490K(2628096K)->158085K(2622464K) Eden: 2464256K(2464256K)->0K(2464256K) From: 156234K(163840K)->158085K(158208K)
[7081.011s][info][gc,heap        ] GC(2241) ParOldGen: 5472222K(5472256K)->5566054K(5566464K)
[7081.011s][info][gc,metaspace   ] GC(2241) Metaspace: 29136K(29504K)->29136K(29504K) NonClass: 24248K(24384K)->24248K(24384K) Class: 4887K(5120K)->4887K(5120K)
[7081.011s][info][gc             ] GC(2241) Pause Young (Allocation Failure) 7903M->5589M(7997M) 113.153ms
[7081.011s][info][gc,cpu         ] GC(2241) User=0.63s Sys=0.03s Real=0.11s
.[7082.600s][info][gc,start       ] GC(2242) Pause Full (Allocation Failure)
[7082.600s][info][gc,phases,start] GC(2242) Marking Phase
[7082.900s][info][gc,phases      ] GC(2242) Marking Phase 299.715ms
[7082.900s][info][gc,phases,start] GC(2242) Summary Phase
[7082.900s][info][gc,phases      ] GC(2242) Summary Phase 0.098ms
[7082.900s][info][gc,phases,start] GC(2242) Forward
[7083.041s][info][gc,phases      ] GC(2242) Forward 140.883ms
[7083.041s][info][gc,phases,start] GC(2242) Adjust Pointers
[7083.243s][info][gc,phases      ] GC(2242) Adjust Pointers 202.609ms
[7083.243s][info][gc,phases,start] GC(2242) Compaction Phase
[7083.371s][info][gc,phases      ] GC(2242) Compaction Phase 127.795ms
[7083.373s][info][gc,phases,start] GC(2242) Post Compact
[7083.380s][info][gc,phases      ] GC(2242) Post Compact 6.865ms
[7083.519s][info][gc,heap        ] GC(2242) PSYoungGen: 2622341K(2622464K)->0K(2629120K) Eden: 2464256K(2464256K)->0K(2462208K) From: 158085K(158208K)->0K(166912K)
[7083.519s][info][gc,heap        ] GC(2242) ParOldGen: 5566054K(5566464K)->1436727K(1778176K)
[7083.519s][info][gc,metaspace   ] GC(2242) Metaspace: 29136K(29504K)->29132K(29504K) NonClass: 24248K(24384K)->24246K(24384K) Class: 4887K(5120K)->4886K(5120K)
[7083.519s][info][gc             ] GC(2242) Pause Full (Allocation Failure) 7996M->1403M(4304M) 918.899ms
[7083.519s][info][gc,cpu         ] GC(2242) User=4.08s Sys=0.14s Real=0.92s
..[7084.948s][info][gc,start       ] GC(2243) Pause Young (Allocation Failure)
[7085.023s][info][gc,heap        ] GC(2243) PSYoungGen: 2462208K(2629120K)->158953K(2621440K) Eden: 2462208K(2462208K)->0K(2462208K) From: 0K(166912K)->158953K(159232K)
[7085.023s][info][gc,heap        ] GC(2243) ParOldGen: 1436727K(1778176K)->1436727K(1778176K)
[7085.023s][info][gc,metaspace   ] GC(2243) Metaspace: 29133K(29504K)->29133K(29504K) NonClass: 24247K(24384K)->24247K(24384K) Class: 4886K(5120K)->4886K(5120K)
[7085.023s][info][gc             ] GC(2243) Pause Young (Allocation Failure) 3807M->1558M(4296M) 75.486ms
[7085.023s][info][gc,cpu         ] GC(2243) User=0.44s Sys=0.00s Real=0.07s
.[7086.441s][info][gc,start       ] GC(2244) Pause Young (Allocation Failure)
[7086.539s][info][gc,heap        ] GC(2244) PSYoungGen: 2621161K(2621440K)->147930K(2628608K) Eden: 2462208K(2462208K)->0K(2460160K) From: 158953K(159232K)->147930K(168448K)
[7086.539s][info][gc,heap        ] GC(2244) ParOldGen: 1436727K(1778176K)->1533103K(1778176K)
[7086.539s][info][gc,metaspace   ] GC(2244) Metaspace: 29133K(29504K)->29133K(29504K) NonClass: 24247K(24384K)->24247K(24384K) Class: 4886K(5120K)->4886K(5120K)
[7086.539s][info][gc             ] GC(2244) Pause Young (Allocation Failure) 3962M->1641M(4303M) 98.276ms
[7086.539s][info][gc,cpu         ] GC(2244) User=0.59s Sys=0.00s Real=0.10s
.[7088.037s][info][gc,start       ] GC(2245) Pause Young (Allocation Failure)
[7088.133s][info][gc,heap        ] GC(2245) PSYoungGen: 2608090K(2628608K)->147232K(2607616K) Eden: 2460160K(2460160K)->0K(2460160K) From: 147930K(168448K)->147232K(147456K)
[7088.133s][info][gc,heap        ] GC(2245) ParOldGen: 1533103K(1778176K)->1624119K(1778176K)
[7088.133s][info][gc,metaspace   ] GC(2245) Metaspace: 29133K(29504K)->29133K(29504K) NonClass: 24247K(24384K)->24247K(24384K) Class: 4886K(5120K)->4886K(5120K)
[7088.133s][info][gc             ] GC(2245) Pause Young (Allocation Failure) 4044M->1729M(4283M) 96.301ms
[7088.133s][info][gc,cpu         ] GC(2245) User=0.56s Sys=0.00s Real=0.09s
..[7089.521s][info][gc,start       ] GC(2246) Pause Young (Allocation Failure)
[7089.614s][info][gc,heap        ] GC(2246) PSYoungGen: 2607392K(2607616K)->144458K(2627072K) Eden: 2460160K(2460160K)->0K(2460672K) From: 147232K(147456K)->144458K(166400K)
[7089.614s][info][gc,heap        ] GC(2246) ParOldGen: 1624119K(1778176K)->1713439K(1778176K)
[7089.614s][info][gc,metaspace   ] GC(2246) Metaspace: 29133K(29504K)->29133K(29504K) NonClass: 24247K(24384K)->24247K(24384K) Class: 4886K(5120K)->4886K(5120K)
[7089.614s][info][gc             ] GC(2246) Pause Young (Allocation Failure) 4132M->1814M(4302M) 93.185ms
[7089.614s][info][gc,cpu         ] GC(2246) User=0.56s Sys=0.00s Real=0.10s
.[7091.072s][info][gc,start       ] GC(2247) Pause Young (Allocation Failure)
[7091.170s][info][gc,heap        ] GC(2247) PSYoungGen: 2605130K(2627072K)->149024K(2626560K) Eden: 2460672K(2460672K)->0K(2460672K) From: 144458K(166400K)->149024K(165888K)
[7091.170s][info][gc,heap        ] GC(2247) ParOldGen: 1713439K(1778176K)->1809119K(1809408K)
[7091.170s][info][gc,metaspace   ] GC(2247) Metaspace: 29133K(29504K)->29133K(29504K) NonClass: 24247K(24384K)->24247K(24384K) Class: 4886K(5120K)->4886K(5120K)
[7091.170s][info][gc             ] GC(2247) Pause Young (Allocation Failure) 4217M->1912M(4332M) 97.761ms
[7091.170s][info][gc,cpu         ] GC(2247) User=0.57s Sys=0.02s Real=0.10s
..[7092.629s][info][gc,start       ] GC(2248) Pause Young (Allocation Failure)
[7092.728s][info][gc,heap        ] GC(2248) PSYoungGen: 2609696K(2626560K)->145664K(2629120K) Eden: 2460672K(2460672K)->0K(2464768K) From: 149024K(165888K)->145664K(164352K)
[7092.728s][info][gc,heap        ] GC(2248) ParOldGen: 1809119K(1809408K)->1900375K(1900544K)
[7092.728s][info][gc,metaspace   ] GC(2248) Metaspace: 29133K(29504K)->29133K(29504K) NonClass: 24247K(24384K)->24247K(24384K) Class: 4886K(5120K)->4886K(5120K)
[7092.728s][info][gc             ] GC(2248) Pause Young (Allocation Failure) 4315M->1998M(4423M) 98.984ms
[7092.728s][info][gc,cpu         ] GC(2248) User=0.56s Sys=0.02s Real=0.10s
.[7094.228s][info][gc,start       ] GC(2249) Pause Young (Allocation Failure)
[7094.328s][info][gc,heap        ] GC(2249) PSYoungGen: 2610432K(2629120K)->142660K(2628096K) Eden: 2464768K(2464768K)->0K(2464768K) From: 145664K(164352K)->142660K(163328K)
[7094.328s][info][gc,heap        ] GC(2249) ParOldGen: 1900375K(1900544K)->1992911K(1993216K)
[7094.328s][info][gc,metaspace   ] GC(2249) Metaspace: 29133K(29504K)->29133K(29504K) NonClass: 24247K(24384K)->24247K(24384K) Class: 4886K(5120K)->4886K(5120K)
[7094.328s][info][gc             ] GC(2249) Pause Young (Allocation Failure) 4405M->2085M(4513M) 99.520ms
[7094.328s][info][gc,cpu         ] GC(2249) User=0.56s Sys=0.03s Real=0.10s
..|[7095.891s][info][gc,start       ] GC(2250) Pause Young (Allocation Failure)
[7096.000s][info][gc,heap        ] GC(2250) PSYoungGen: 2607428K(2628096K)->156250K(2629632K) Eden: 2464768K(2464768K)->0K(2466304K) From: 142660K(163328K)->156250K(163328K)
[7096.000s][info][gc,heap        ] GC(2250) ParOldGen: 1992911K(1993216K)->2086711K(2086912K)
[7096.000s][info][gc,metaspace   ] GC(2250) Metaspace: 29133K(29504K)->29133K(29504K) NonClass: 24247K(24384K)->24247K(24384K) Class: 4886K(5120K)->4886K(5120K)
[7096.000s][info][gc             ] GC(2250) Pause Young (Allocation Failure) 4492M->2190M(4606M) 108.189ms
[7096.000s][info][gc,cpu         ] GC(2250) User=0.61s Sys=0.03s Real=0.11s
..[7097.603s][info][gc,start       ] GC(2251) Pause Young (Allocation Failure)
[7097.702s][info][gc,heap        ] GC(2251) PSYoungGen: 2622554K(2629632K)->142560K(2631168K) Eden: 2466304K(2466304K)->0K(2466304K) From: 156250K(163328K)->142560K(164864K)
[7097.702s][info][gc,heap        ] GC(2251) ParOldGen: 2086711K(2086912K)->2175967K(2176000K)
[7097.702s][info][gc,metaspace   ] GC(2251) Metaspace: 29133K(29504K)->29133K(29504K) NonClass: 24247K(24384K)->24247K(24384K) Class: 4886K(5120K)->4886K(5120K)
[7097.702s][info][gc             ] GC(2251) Pause Young (Allocation Failure) 4598M->2264M(4694M) 99.027ms
[7097.702s][info][gc,cpu         ] GC(2251) User=0.56s Sys=0.03s Real=0.09s
.[7099.379s][info][gc,start       ] GC(2252) Pause Young (Allocation Failure)
[7099.480s][info][gc,heap        ] GC(2252) PSYoungGen: 2608864K(2631168K)->146036K(2628608K) Eden: 2466304K(2466304K)->0K(2466816K) From: 142560K(164864K)->146036K(161792K)
[7099.480s][info][gc,heap        ] GC(2252) ParOldGen: 2175967K(2176000K)->2267239K(2267648K)
[7099.480s][info][gc,metaspace   ] GC(2252) Metaspace: 29133K(29504K)->29133K(29504K) NonClass: 24247K(24384K)->24247K(24384K) Class: 4886K(5120K)->4886K(5120K)
[7099.480s][info][gc             ] GC(2252) Pause Young (Allocation Failure) 4672M->2356M(4781M) 100.952ms
[7099.480s][info][gc,cpu         ] GC(2252) User=0.57s Sys=0.03s Real=0.10s
..[7101.043s][info][gc,start       ] GC(2253) Pause Young (Allocation Failure)
[7101.153s][info][gc,heap        ] GC(2253) PSYoungGen: 2612852K(2628608K)->162751K(2629632K) Eden: 2466816K(2466816K)->0K(2466816K) From: 146036K(161792K)->162751K(162816K)
[7101.153s][info][gc,heap        ] GC(2253) ParOldGen: 2267239K(2267648K)->2359119K(2359296K)
[7101.153s][info][gc,metaspace   ] GC(2253) Metaspace: 29133K(29504K)->29133K(29504K) NonClass: 24247K(24384K)->24247K(24384K) Class: 4886K(5120K)->4886K(5120K)
[7101.153s][info][gc             ] GC(2253) Pause Young (Allocation Failure) 4765M->2462M(4872M) 109.474ms
[7101.153s][info][gc,cpu         ] GC(2253) User=0.61s Sys=0.04s Real=0.11s
..[7102.783s][info][gc,start       ] GC(2254) Pause Young (Allocation Failure)
[7102.881s][info][gc,heap        ] GC(2254) PSYoungGen: 2629567K(2629632K)->147232K(2630144K) Eden: 2466816K(2466816K)->0K(2463744K) From: 162751K(162816K)->147232K(166400K)
[7102.882s][info][gc,heap        ] GC(2254) ParOldGen: 2359119K(2359296K)->2449367K(2449408K)
[7102.882s][info][gc,metaspace   ] GC(2254) Metaspace: 29133K(29504K)->29133K(29504K) NonClass: 24247K(24384K)->24247K(24384K) Class: 4886K(5120K)->4886K(5120K)
[7102.882s][info][gc             ] GC(2254) Pause Young (Allocation Failure) 4871M->2535M(4960M) 98.777ms
[7102.882s][info][gc,cpu         ] GC(2254) User=0.55s Sys=0.04s Real=0.10s
.[7104.418s][info][gc,start       ] GC(2255) Pause Young (Allocation Failure)
[7104.517s][info][gc,heap        ] GC(2255) PSYoungGen: 2610976K(2630144K)->140352K(2629632K) Eden: 2463744K(2463744K)->0K(2463744K) From: 147232K(166400K)->140352K(165888K)
[7104.517s][info][gc,heap        ] GC(2255) ParOldGen: 2449367K(2449408K)->2543895K(2544128K)
[7104.517s][info][gc,metaspace   ] GC(2255) Metaspace: 29133K(29504K)->29133K(29504K) NonClass: 24247K(24384K)->24247K(24384K) Class: 4886K(5120K)->4886K(5120K)
[7104.517s][info][gc             ] GC(2255) Pause Young (Allocation Failure) 4941M->2621M(5052M) 99.246ms
[7104.517s][info][gc,cpu         ] GC(2255) User=0.54s Sys=0.05s Real=0.10s
..[7106.154s][info][gc,start       ] GC(2256) Pause Young (Allocation Failure)
[7106.261s][info][gc,heap        ] GC(2256) PSYoungGen: 2604096K(2629632K)->160328K(2625024K) Eden: 2463744K(2463744K)->0K(2459136K) From: 140352K(165888K)->160328K(165888K)
[7106.261s][info][gc,heap        ] GC(2256) ParOldGen: 2543895K(2544128K)->2633759K(2634240K)
[7106.261s][info][gc,metaspace   ] GC(2256) Metaspace: 29133K(29504K)->29133K(29504K) NonClass: 24247K(24384K)->24247K(24384K) Class: 4886K(5120K)->4886K(5120K)
[7106.261s][info][gc             ] GC(2256) Pause Young (Allocation Failure) 5027M->2728M(5136M) 107.439ms
[7106.261s][info][gc,cpu         ] GC(2256) User=0.62s Sys=0.02s Real=0.10s
..[7107.763s][info][gc,start       ] GC(2257) Pause Young (Allocation Failure)
[7107.865s][info][gc,heap        ] GC(2257) PSYoungGen: 2619464K(2625024K)->149364K(2627584K) Eden: 2459136K(2459136K)->0K(2459136K) From: 160328K(165888K)->149364K(168448K)
[7107.865s][info][gc,heap        ] GC(2257) ParOldGen: 2633759K(2634240K)->2725479K(2725888K)
[7107.865s][info][gc,metaspace   ] GC(2257) Metaspace: 29133K(29504K)->29133K(29504K) NonClass: 24247K(24384K)->24247K(24384K) Class: 4886K(5120K)->4886K(5120K)
[7107.865s][info][gc             ] GC(2257) Pause Young (Allocation Failure) 5130M->2807M(5228M) 102.814ms
[7107.866s][info][gc,cpu         ] GC(2257) User=0.57s Sys=0.04s Real=0.11s
.[7109.421s][info][gc,start       ] GC(2258) Pause Young (Allocation Failure)
[7109.517s][info][gc,heap        ] GC(2258) PSYoungGen: 2608500K(2627584K)->138688K(2626560K) Eden: 2459136K(2459136K)->0K(2460672K) From: 149364K(168448K)->138688K(165888K)
[7109.517s][info][gc,heap        ] GC(2258) ParOldGen: 2725479K(2725888K)->2817743K(2818048K)
[7109.517s][info][gc,metaspace   ] GC(2258) Metaspace: 29133K(29504K)->29133K(29504K) NonClass: 24247K(24384K)->24247K(24384K) Class: 4886K(5120K)->4886K(5120K)
[7109.517s][info][gc             ] GC(2258) Pause Young (Allocation Failure) 5208M->2887M(5317M) 96.127ms
[7109.517s][info][gc,cpu         ] GC(2258) User=0.54s Sys=0.03s Real=0.10s
..[7111.107s][info][gc,start       ] GC(2259) Pause Young (Allocation Failure)
[7111.213s][info][gc,heap        ] GC(2259) PSYoungGen: 2599360K(2626560K)->157477K(2627584K) Eden: 2460672K(2460672K)->0K(2460672K) From: 138688K(165888K)->157477K(166912K)
[7111.213s][info][gc,heap        ] GC(2259) ParOldGen: 2817743K(2818048K)->2908927K(2909184K)
[7111.213s][info][gc,metaspace   ] GC(2259) Metaspace: 29133K(29504K)->29133K(29504K) NonClass: 24247K(24384K)->24247K(24384K) Class: 4886K(5120K)->4886K(5120K)
[7111.213s][info][gc             ] GC(2259) Pause Young (Allocation Failure) 5290M->2994M(5407M) 106.478ms
[7111.213s][info][gc,cpu         ] GC(2259) User=0.60s Sys=0.02s Real=0.11s
.[7112.782s][info][gc,start       ] GC(2260) Pause Young (Allocation Failure)
[7112.886s][info][gc,heap        ] GC(2260) PSYoungGen: 2618149K(2627584K)->149289K(2626560K) Eden: 2460672K(2460672K)->0K(2460672K) From: 157477K(166912K)->149289K(165888K)
[7112.886s][info][gc,heap        ] GC(2260) ParOldGen: 2908927K(2909184K)->3000087K(3000320K)
[7112.886s][info][gc,metaspace   ] GC(2260) Metaspace: 29133K(29504K)->29133K(29504K) NonClass: 24247K(24384K)->24247K(24384K) Class: 4886K(5120K)->4886K(5120K)
[7112.886s][info][gc             ] GC(2260) Pause Young (Allocation Failure) 5397M->3075M(5495M) 104.102ms
[7112.886s][info][gc,cpu         ] GC(2260) User=0.59s Sys=0.02s Real=0.11s
..[7114.459s][info][gc,start       ] GC(2261) Pause Young (Allocation Failure)
[7114.556s][info][gc,heap        ] GC(2261) PSYoungGen: 2609961K(2626560K)->138496K(2627072K) Eden: 2460672K(2460672K)->0K(2460672K) From: 149289K(165888K)->138496K(166400K)
[7114.556s][info][gc,heap        ] GC(2261) ParOldGen: 3000087K(3000320K)->3093087K(3093504K)
[7114.556s][info][gc,metaspace   ] GC(2261) Metaspace: 29133K(29504K)->29133K(29504K) NonClass: 24247K(24384K)->24247K(24384K) Class: 4886K(5120K)->4886K(5120K)
[7114.556s][info][gc             ] GC(2261) Pause Young (Allocation Failure) 5478M->3155M(5586M) 96.643ms
[7114.556s][info][gc,cpu         ] GC(2261) User=0.54s Sys=0.03s Real=0.10s
..[7116.085s][info][gc,start       ] GC(2262) Pause Young (Allocation Failure)
[7116.192s][info][gc,heap        ] GC(2262) PSYoungGen: 2599168K(2627072K)->157365K(2626048K) Eden: 2460672K(2460672K)->0K(2459136K) From: 138496K(166400K)->157365K(166912K)
[7116.192s][info][gc,heap        ] GC(2262) ParOldGen: 3093087K(3093504K)->3184423K(3184640K)
[7116.192s][info][gc,metaspace   ] GC(2262) Metaspace: 29133K(29504K)->29133K(29504K) NonClass: 24247K(24384K)->24247K(24384K) Class: 4886K(5120K)->4886K(5120K)
[7116.192s][info][gc             ] GC(2262) Pause Young (Allocation Failure) 5558M->3263M(5674M) 107.077ms
[7116.192s][info][gc,cpu         ] GC(2262) User=0.61s Sys=0.03s Real=0.10s
.[7117.809s][info][gc,start       ] GC(2263) Pause Young (Allocation Failure)
[7117.911s][info][gc,heap        ] GC(2263) PSYoungGen: 2616501K(2626048K)->145140K(2627584K) Eden: 2459136K(2459136K)->0K(2459136K) From: 157365K(166912K)->145140K(168448K)
[7117.911s][info][gc,heap        ] GC(2263) ParOldGen: 3184423K(3184640K)->3276063K(3276288K)
[7117.912s][info][gc,metaspace   ] GC(2263) Metaspace: 29133K(29504K)->29133K(29504K) NonClass: 24247K(24384K)->24247K(24384K) Class: 4886K(5120K)->4886K(5120K)
[7117.912s][info][gc             ] GC(2263) Pause Young (Allocation Failure) 5664M->3341M(5765M) 102.294ms
[7117.912s][info][gc,cpu         ] GC(2263) User=0.56s Sys=0.03s Real=0.10s
..[7119.473s][info][gc,start       ] GC(2264) Pause Young (Allocation Failure)
[7119.575s][info][gc,heap        ] GC(2264) PSYoungGen: 2604276K(2627584K)->148260K(2624512K) Eden: 2459136K(2459136K)->0K(2460672K) From: 145140K(168448K)->148260K(163840K)
[7119.575s][info][gc,heap        ] GC(2264) ParOldGen: 3276063K(3276288K)->3364631K(3364864K)
[7119.575s][info][gc,metaspace   ] GC(2264) Metaspace: 29133K(29504K)->29133K(29504K) NonClass: 24247K(24384K)->24247K(24384K) Class: 4886K(5120K)->4886K(5120K)
[7119.575s][info][gc             ] GC(2264) Pause Young (Allocation Failure) 5742M->3430M(5849M) 101.839ms
[7119.575s][info][gc,cpu         ] GC(2264) User=0.58s Sys=0.02s Real=0.10s
..[7121.220s][info][gc,start       ] GC(2265) Pause Young (Allocation Failure)
[7121.322s][info][gc,heap        ] GC(2265) PSYoungGen: 2608932K(2624512K)->144256K(2626048K) Eden: 2460672K(2460672K)->0K(2460672K) From: 148260K(163840K)->144256K(165376K)
[7121.322s][info][gc,heap        ] GC(2265) ParOldGen: 3364631K(3364864K)->3457919K(3458048K)
[7121.322s][info][gc,metaspace   ] GC(2265) Metaspace: 29133K(29504K)->29133K(29504K) NonClass: 24247K(24384K)->24247K(24384K) Class: 4886K(5120K)->4886K(5120K)
[7121.322s][info][gc             ] GC(2265) Pause Young (Allocation Failure) 5833M->3517M(5941M) 102.040ms
[7121.322s][info][gc,cpu         ] GC(2265) User=0.57s Sys=0.03s Real=0.10s
.[7122.863s][info][gc,start       ] GC(2266) Pause Young (Allocation Failure)
[7122.961s][info][gc,heap        ] GC(2266) PSYoungGen: 2604928K(2626048K)->143552K(2629120K) Eden: 2460672K(2460672K)->0K(2466304K) From: 144256K(165376K)->143552K(162816K)
[7122.961s][info][gc,heap        ] GC(2266) ParOldGen: 3457919K(3458048K)->3549927K(3550208K)
[7122.961s][info][gc,metaspace   ] GC(2266) Metaspace: 29133K(29504K)->29133K(29504K) NonClass: 24247K(24384K)->24247K(24384K) Class: 4886K(5120K)->4886K(5120K)
[7122.961s][info][gc             ] GC(2266) Pause Young (Allocation Failure) 5920M->3606M(6034M) 98.435ms
[7122.961s][info][gc,cpu         ] GC(2266) User=0.56s Sys=0.03s Real=0.10s
..[7124.566s][info][gc,start       ] GC(2267) Pause Young (Allocation Failure)
[7124.668s][info][gc,heap        ] GC(2267) PSYoungGen: 2609856K(2629120K)->145920K(2630144K) Eden: 2466304K(2466304K)->0K(2466304K) From: 143552K(162816K)->145920K(163840K)
[7124.668s][info][gc,heap        ] GC(2267) ParOldGen: 3549927K(3550208K)->3639703K(3639808K)
[7124.668s][info][gc,metaspace   ] GC(2267) Metaspace: 29133K(29504K)->29133K(29504K) NonClass: 24247K(24384K)->24247K(24384K) Class: 4886K(5120K)->4886K(5120K)
[7124.668s][info][gc             ] GC(2267) Pause Young (Allocation Failure) 6015M->3696M(6123M) 101.630ms
[7124.668s][info][gc,cpu         ] GC(2267) User=0.58s Sys=0.02s Real=0.10s
..[7126.198s][info][gc,start       ] GC(2268) Pause Young (Allocation Failure)
[7126.302s][info][gc,heap        ] GC(2268) PSYoungGen: 2612224K(2630144K)->154592K(2631168K) Eden: 2466304K(2466304K)->0K(2468352K) From: 145920K(163840K)->154592K(162816K)
[7126.302s][info][gc,heap        ] GC(2268) ParOldGen: 3639703K(3639808K)->3732287K(3732480K)
[7126.302s][info][gc,metaspace   ] GC(2268) Metaspace: 29133K(29504K)->29133K(29504K) NonClass: 24247K(24384K)->24247K(24384K) Class: 4886K(5120K)->4886K(5120K)
[7126.302s][info][gc             ] GC(2268) Pause Young (Allocation Failure) 6105M->3795M(6214M) 103.922ms
[7126.302s][info][gc,cpu         ] GC(2268) User=0.58s Sys=0.04s Real=0.10s
.[7127.834s][info][gc,start       ] GC(2269) Pause Young (Allocation Failure)
[7127.938s][info][gc,heap        ] GC(2269) PSYoungGen: 2622944K(2631168K)->145760K(2632192K) Eden: 2468352K(2468352K)->0K(2468352K) From: 154592K(162816K)->145760K(163840K)
[7127.938s][info][gc,heap        ] GC(2269) ParOldGen: 3732287K(3732480K)->3826543K(3826688K)
[7127.938s][info][gc,metaspace   ] GC(2269) Metaspace: 29133K(29504K)->29133K(29504K) NonClass: 24247K(24384K)->24247K(24384K) Class: 4886K(5120K)->4886K(5120K)
[7127.938s][info][gc             ] GC(2269) Pause Young (Allocation Failure) 6206M->3879M(6307M) 104.883ms
[7127.938s][info][gc,cpu         ] GC(2269) User=0.58s Sys=0.03s Real=0.10s
..[7129.557s][info][gc,start       ] GC(2270) Pause Young (Allocation Failure)
[7129.659s][info][gc,heap        ] GC(2270) PSYoungGen: 2614112K(2632192K)->148288K(2629120K) Eden: 2468352K(2468352K)->0K(2469376K) From: 145760K(163840K)->148288K(159744K)
[7129.659s][info][gc,heap        ] GC(2270) ParOldGen: 3826543K(3826688K)->3915519K(3915776K)
[7129.659s][info][gc,metaspace   ] GC(2270) Metaspace: 29133K(29504K)->29133K(29504K) NonClass: 24247K(24384K)->24247K(24384K) Class: 4886K(5120K)->4886K(5120K)
[7129.659s][info][gc             ] GC(2270) Pause Young (Allocation Failure) 6289M->3968M(6391M) 102.726ms
[7129.659s][info][gc,cpu         ] GC(2270) User=0.58s Sys=0.02s Real=0.10s
.[7131.177s][info][gc,start       ] GC(2271) Pause Young (Allocation Failure)
[7131.286s][info][gc,heap        ] GC(2271) PSYoungGen: 2617664K(2629120K)->157493K(2630656K) Eden: 2469376K(2469376K)->0K(2469376K) From: 148288K(159744K)->157493K(161280K)
[7131.286s][info][gc,heap        ] GC(2271) ParOldGen: 3915519K(3915776K)->4010583K(4011008K)
[7131.286s][info][gc,metaspace   ] GC(2271) Metaspace: 29133K(29504K)->29133K(29504K) NonClass: 24247K(24384K)->24247K(24384K) Class: 4886K(5120K)->4886K(5120K)
[7131.286s][info][gc             ] GC(2271) Pause Young (Allocation Failure) 6380M->4070M(6486M) 109.252ms
[7131.286s][info][gc,cpu         ] GC(2271) User=0.62s Sys=0.03s Real=0.11s
..[7132.795s][info][gc,start       ] GC(2272) Pause Young (Allocation Failure)
[7132.900s][info][gc,heap        ] GC(2272) PSYoungGen: 2626869K(2630656K)->152853K(2632704K) Eden: 2469376K(2469376K)->0K(2469376K) From: 157493K(161280K)->152853K(163328K)
[7132.900s][info][gc,heap        ] GC(2272) ParOldGen: 4010583K(4011008K)->4101791K(4102144K)
[7132.900s][info][gc,metaspace   ] GC(2272) Metaspace: 29133K(29504K)->29133K(29504K) NonClass: 24247K(24384K)->24247K(24384K) Class: 4886K(5120K)->4886K(5120K)
[7132.900s][info][gc             ] GC(2272) Pause Young (Allocation Failure) 6481M->4154M(6577M) 105.349ms
[7132.900s][info][gc,cpu         ] GC(2272) User=0.60s Sys=0.03s Real=0.10s
..[7134.426s][info][gc,start       ] GC(2273) Pause Young (Allocation Failure)
[7134.530s][info][gc,heap        ] GC(2273) PSYoungGen: 2622229K(2632704K)->143603K(2613248K) Eden: 2469376K(2469376K)->0K(2469376K) From: 152853K(163328K)->143603K(143872K)
[7134.530s][info][gc,heap        ] GC(2273) ParOldGen: 4101791K(4102144K)->4195215K(4195328K)
[7134.530s][info][gc,metaspace   ] GC(2273) Metaspace: 29133K(29504K)->29133K(29504K) NonClass: 24247K(24384K)->24247K(24384K) Class: 4886K(5120K)->4886K(5120K)
[7134.530s][info][gc             ] GC(2273) Pause Young (Allocation Failure) 6566M->4237M(6649M) 103.533ms
[7134.530s][info][gc,cpu         ] GC(2273) User=0.58s Sys=0.03s Real=0.10s
.[7136.098s][info][gc,start       ] GC(2274) Pause Young (Allocation Failure)
[7136.208s][info][gc,heap        ] GC(2274) PSYoungGen: 2612979K(2613248K)->162784K(2556416K) Eden: 2469376K(2469376K)->0K(2393600K) From: 143603K(143872K)->162784K(162816K)
[7136.208s][info][gc,heap        ] GC(2274) ParOldGen: 4195215K(4195328K)->4287903K(4288000K)
[7136.208s][info][gc,metaspace   ] GC(2274) Metaspace: 29133K(29504K)->29133K(29504K) NonClass: 24247K(24384K)->24247K(24384K) Class: 4886K(5120K)->4886K(5120K)
[7136.208s][info][gc             ] GC(2274) Pause Young (Allocation Failure) 6648M->4346M(6684M) 109.830ms
[7136.208s][info][gc,cpu         ] GC(2274) User=0.62s Sys=0.03s Real=0.11s
..[7137.652s][info][gc,start       ] GC(2275) Pause Young (Allocation Failure)
[7137.749s][info][gc,heap        ] GC(2275) PSYoungGen: 2556384K(2556416K)->139072K(2594816K) Eden: 2393600K(2393600K)->0K(2393600K) From: 162784K(162816K)->139072K(201216K)
[7137.749s][info][gc,heap        ] GC(2275) ParOldGen: 4287903K(4288000K)->4381647K(4381696K)
[7137.749s][info][gc,metaspace   ] GC(2275) Metaspace: 29133K(29504K)->29133K(29504K) NonClass: 24247K(24384K)->24247K(24384K) Class: 4886K(5120K)->4886K(5120K)
[7137.749s][info][gc             ] GC(2275) Pause Young (Allocation Failure) 6683M->4414M(6813M) 97.792ms
[7137.749s][info][gc,cpu         ] GC(2275) User=0.56s Sys=0.02s Real=0.10s
.[7139.208s][info][gc,start       ] GC(2276) Pause Young (Allocation Failure)
[7139.314s][info][gc,heap        ] GC(2276) PSYoungGen: 2532672K(2594816K)->156672K(2585600K) Eden: 2393600K(2393600K)->0K(2394624K) From: 139072K(201216K)->156672K(190976K)
[7139.314s][info][gc,heap        ] GC(2276) ParOldGen: 4381647K(4381696K)->4471055K(4471296K)
[7139.314s][info][gc,metaspace   ] GC(2276) Metaspace: 29133K(29504K)->29133K(29504K) NonClass: 24247K(24384K)->24247K(24384K) Class: 4886K(5120K)->4886K(5120K)
[7139.314s][info][gc             ] GC(2276) Pause Young (Allocation Failure) 6752M->4519M(6891M) 106.690ms
[7139.314s][info][gc,cpu         ] GC(2276) User=0.60s Sys=0.03s Real=0.11s
..[7140.843s][info][gc,start       ] GC(2277) Pause Young (Allocation Failure)
[7140.946s][info][gc,heap        ] GC(2277) PSYoungGen: 2551296K(2585600K)->145461K(2590720K) Eden: 2394624K(2394624K)->0K(2394624K) From: 156672K(190976K)->145461K(196096K)
[7140.946s][info][gc,heap        ] GC(2277) ParOldGen: 4471055K(4471296K)->4562103K(4562432K)
[7140.946s][info][gc,metaspace   ] GC(2277) Metaspace: 29133K(29504K)->29133K(29504K) NonClass: 24247K(24384K)->24247K(24384K) Class: 4886K(5120K)->4886K(5120K)
[7140.946s][info][gc             ] GC(2277) Pause Young (Allocation Failure) 6857M->4597M(6985M) 103.144ms
[7140.946s][info][gc,cpu         ] GC(2277) User=0.57s Sys=0.03s Real=0.11s
.[7142.415s][info][gc,start       ] GC(2278) Pause Young (Allocation Failure)
[7142.518s][info][gc,heap        ] GC(2278) PSYoungGen: 2540085K(2590720K)->147732K(2593280K) Eden: 2394624K(2394624K)->0K(2405376K) From: 145461K(196096K)->147732K(187904K)
[7142.518s][info][gc,heap        ] GC(2278) ParOldGen: 4562103K(4562432K)->4653351K(4653568K)
[7142.518s][info][gc,metaspace   ] GC(2278) Metaspace: 29133K(29504K)->29133K(29504K) NonClass: 24247K(24384K)->24247K(24384K) Class: 4886K(5120K)->4886K(5120K)
[7142.518s][info][gc             ] GC(2278) Pause Young (Allocation Failure) 6935M->4688M(7077M) 102.981ms
[7142.518s][info][gc,cpu         ] GC(2278) User=0.59s Sys=0.01s Real=0.10s
..[7143.968s][info][gc,start       ] GC(2279) Pause Young (Allocation Failure)
[7144.072s][info][gc,heap        ] GC(2279) PSYoungGen: 2553108K(2593280K)->149556K(2597376K) Eden: 2405376K(2405376K)->0K(2405376K) From: 147732K(187904K)->149556K(192000K)
[7144.072s][info][gc,heap        ] GC(2279) ParOldGen: 4653351K(4653568K)->4744327K(4744704K)
[7144.072s][info][gc,metaspace   ] GC(2279) Metaspace: 29133K(29504K)->29133K(29504K) NonClass: 24247K(24384K)->24247K(24384K) Class: 4886K(5120K)->4886K(5120K)
[7144.072s][info][gc             ] GC(2279) Pause Young (Allocation Failure) 7037M->4779M(7170M) 104.614ms
[7144.072s][info][gc,cpu         ] GC(2279) User=0.58s Sys=0.03s Real=0.10s
..[7145.700s][info][gc,start       ] GC(2280) Pause Young (Allocation Failure)
[7145.805s][info][gc,heap        ] GC(2280) PSYoungGen: 2554932K(2597376K)->150361K(2597376K) Eden: 2405376K(2405376K)->0K(2414592K) From: 149556K(192000K)->150361K(182784K)
[7145.805s][info][gc,heap        ] GC(2280) ParOldGen: 4744327K(4744704K)->4833871K(4834304K)
[7145.805s][info][gc,metaspace   ] GC(2280) Metaspace: 29133K(29504K)->29133K(29504K) NonClass: 24247K(24384K)->24247K(24384K) Class: 4886K(5120K)->4886K(5120K)
[7145.805s][info][gc             ] GC(2280) Pause Young (Allocation Failure) 7128M->4867M(7257M) 105.293ms
[7145.805s][info][gc,cpu         ] GC(2280) User=0.59s Sys=0.02s Real=0.11s
.[7147.338s][info][gc,start       ] GC(2281) Pause Young (Allocation Failure)
[7147.439s][info][gc,heap        ] GC(2281) PSYoungGen: 2564953K(2597376K)->140640K(2601472K) Eden: 2414592K(2414592K)->0K(2414592K) From: 150361K(182784K)->140640K(186880K)
[7147.439s][info][gc,heap        ] GC(2281) ParOldGen: 4833871K(4834304K)->4926343K(4926464K)
[7147.439s][info][gc,metaspace   ] GC(2281) Metaspace: 29133K(29504K)->29133K(29504K) NonClass: 24247K(24384K)->24247K(24384K) Class: 4886K(5120K)->4886K(5120K)
[7147.439s][info][gc             ] GC(2281) Pause Young (Allocation Failure) 7225M->4948M(7351M) 101.017ms
[7147.439s][info][gc,cpu         ] GC(2281) User=0.56s Sys=0.04s Real=0.10s
..[7148.977s][info][gc,start       ] GC(2282) Pause Young (Allocation Failure)
[7149.084s][info][gc,heap        ] GC(2282) PSYoungGen: 2555232K(2601472K)->153348K(2601984K) Eden: 2414592K(2414592K)->0K(2423296K) From: 140640K(186880K)->153348K(178688K)
[7149.084s][info][gc,heap        ] GC(2282) ParOldGen: 4926343K(4926464K)->5015863K(5016064K)
[7149.084s][info][gc,metaspace   ] GC(2282) Metaspace: 29133K(29504K)->29133K(29504K) NonClass: 24247K(24384K)->24247K(24384K) Class: 4886K(5120K)->4886K(5120K)
[7149.084s][info][gc             ] GC(2282) Pause Young (Allocation Failure) 7306M->5048M(7439M) 106.664ms
[7149.084s][info][gc,cpu         ] GC(2282) User=0.61s Sys=0.02s Real=0.11s
.[7150.541s][info][gc,start       ] GC(2283) Pause Young (Allocation Failure)
[7150.647s][info][gc,heap        ] GC(2283) PSYoungGen: 2576644K(2601984K)->149605K(2606080K) Eden: 2423296K(2423296K)->0K(2423296K) From: 153348K(178688K)->149605K(182784K)
[7150.647s][info][gc,heap        ] GC(2283) ParOldGen: 5015863K(5016064K)->5106975K(5107200K)
[7150.647s][info][gc,metaspace   ] GC(2283) Metaspace: 29133K(29504K)->29133K(29504K) NonClass: 24247K(24384K)->24247K(24384K) Class: 4886K(5120K)->4886K(5120K)
[7150.647s][info][gc             ] GC(2283) Pause Young (Allocation Failure) 7414M->5133M(7532M) 105.812ms
[7150.647s][info][gc,cpu         ] GC(2283) User=0.60s Sys=0.02s Real=0.11s
..[7152.205s][info][gc,start       ] GC(2284) Pause Young (Allocation Failure)
[7152.317s][info][gc,heap        ] GC(2284) PSYoungGen: 2572901K(2606080K)->162651K(2613248K) Eden: 2423296K(2423296K)->0K(2433024K) From: 149605K(182784K)->162651K(180224K)
[7152.317s][info][gc,heap        ] GC(2284) ParOldGen: 5106975K(5107200K)->5200303K(5200384K)
[7152.317s][info][gc,metaspace   ] GC(2284) Metaspace: 29133K(29504K)->29133K(29504K) NonClass: 24247K(24384K)->24247K(24384K) Class: 4886K(5120K)->4886K(5120K)
[7152.317s][info][gc             ] GC(2284) Pause Young (Allocation Failure) 7499M->5237M(7630M) 111.073ms
[7152.317s][info][gc,cpu         ] GC(2284) User=0.64s Sys=0.02s Real=0.11s
..[7153.861s][info][gc,start       ] GC(2285) Pause Young (Allocation Failure)
[7153.965s][info][gc,heap        ] GC(2285) PSYoungGen: 2595675K(2613248K)->148052K(2614272K) Eden: 2433024K(2433024K)->0K(2433024K) From: 162651K(180224K)->148052K(181248K)
[7153.965s][info][gc,heap        ] GC(2285) ParOldGen: 5200303K(5200384K)->5290135K(5290496K)
[7153.965s][info][gc,metaspace   ] GC(2285) Metaspace: 29133K(29504K)->29133K(29504K) NonClass: 24247K(24384K)->24247K(24384K) Class: 4886K(5120K)->4886K(5120K)
[7153.965s][info][gc             ] GC(2285) Pause Young (Allocation Failure) 7613M->5310M(7719M) 104.364ms
[7153.965s][info][gc,cpu         ] GC(2285) User=0.59s Sys=0.02s Real=0.11s
.[7155.522s][info][gc,start       ] GC(2286) Pause Young (Allocation Failure)
[7155.626s][info][gc,heap        ] GC(2286) PSYoungGen: 2581076K(2614272K)->147317K(2611200K) Eden: 2433024K(2433024K)->0K(2435072K) From: 148052K(181248K)->147317K(176128K)
[7155.626s][info][gc,heap        ] GC(2286) ParOldGen: 5290135K(5290496K)->5380951K(5381120K)
[7155.626s][info][gc,metaspace   ] GC(2286) Metaspace: 29133K(29504K)->29133K(29504K) NonClass: 24247K(24384K)->24247K(24384K) Class: 4886K(5120K)->4886K(5120K)
[7155.626s][info][gc             ] GC(2286) Pause Young (Allocation Failure) 7686M->5398M(7805M) 103.623ms
[7155.626s][info][gc,cpu         ] GC(2286) User=0.58s Sys=0.03s Real=0.11s
. (rIR:aIR:PR = 12038:12047:12055) (tPR = 179373) [OK] 
  7155s: Performance info:
         Transaction,    Success,    Partial,     Failed,   Receipts, AvgBarcode, 
             Overall,     726581,          0,          0,     690281,      59.48, 
         Response times:
             Request,    Success,    Partial,     Failed,   SkipFail,     Probes,    Samples,      min,      p50,      p90,      p95,      p99,      max, 
       TotalPurchase,     690540,          0,          0,          0,     350968,     452670,      300,    26000,   292000,   456000,   780000,  1100000,
     InStorePurchase,     363517,          0,          0,          0,     184799,     237690,      300,    26000,   288000,   453000,   780000,  1100000,
      OnlinePurchase,     255198,          0,          0,          0,     129375,     167502,      300,    26000,   300000,   462000,   750000,  1100000,
        InstPurchase,      71825,          0,          0,          0,      36794,      47478,      300,    25000,   287000,   455000,   820000,  1100000,
          AssocOfCat,        731,          0,          0,          0,        629,        887,    24000,    79000,   402000,   512800,   710000,  1100000,
      AssocOfProduct,       7143,          0,          0,          0,       3374,       4510,      500,    22000,   297000,   430000,   805600,  1200000,
      BusinessReport,       1810,          0,          0,          0,       1652,       2238,    31000,    87000,   402000,   501150,   796100,  1300000,
          CustBuyBeh,       7151,          0,          0,          0,       3301,       4487,      200,    24000,   352000,   507000,   910000,  1100000,
       ProductReturn,      19175,          0,          0,          0,      10017,      13200,      200,    26000,   313000,   517000,   680000,   970000,

  7155s: (88%)   IR =  12177 .[7157.252s][info][gc,start       ] GC(2287) Pause Young (Allocation Failure)
[7157.365s][info][gc,heap        ] GC(2287) PSYoungGen: 2582389K(2611200K)->165241K(2612736K) Eden: 2435072K(2435072K)->0K(2435072K) From: 147317K(176128K)->165241K(177664K)
[7157.365s][info][gc,heap        ] GC(2287) ParOldGen: 5380951K(5381120K)->5471167K(5471232K)
[7157.365s][info][gc,metaspace   ] GC(2287) Metaspace: 29133K(29504K)->29133K(29504K) NonClass: 24247K(24384K)->24247K(24384K) Class: 4886K(5120K)->4886K(5120K)
[7157.365s][info][gc             ] GC(2287) Pause Young (Allocation Failure) 7776M->5504M(7894M) 113.518ms
[7157.365s][info][gc,cpu         ] GC(2287) User=0.65s Sys=0.02s Real=0.12s
.[7158.875s][info][gc,start       ] GC(2288) Pause Young (Allocation Failure)
[7158.981s][info][gc,heap        ] GC(2288) PSYoungGen: 2600313K(2612736K)->152172K(2615808K) Eden: 2435072K(2435072K)->0K(2438144K) From: 165241K(177664K)->152172K(177664K)
[7158.981s][info][gc,heap        ] GC(2288) ParOldGen: 5471167K(5471232K)->5562951K(5563392K)
[7158.981s][info][gc,metaspace   ] GC(2288) Metaspace: 29133K(29504K)->29133K(29504K) NonClass: 24247K(24384K)->24247K(24384K) Class: 4886K(5120K)->4886K(5120K)
[7158.981s][info][gc             ] GC(2288) Pause Young (Allocation Failure) 7882M->5581M(7987M) 106.242ms
[7158.981s][info][gc,cpu         ] GC(2288) User=0.61s Sys=0.03s Real=0.10s
..[7160.512s][info][gc,start       ] GC(2289) Pause Full (Allocation Failure)
[7160.512s][info][gc,phases,start] GC(2289) Marking Phase
[7160.809s][info][gc,phases      ] GC(2289) Marking Phase 296.290ms
[7160.809s][info][gc,phases,start] GC(2289) Summary Phase
[7160.809s][info][gc,phases      ] GC(2289) Summary Phase 0.093ms
[7160.809s][info][gc,phases,start] GC(2289) Forward
[7160.949s][info][gc,phases      ] GC(2289) Forward 139.884ms
[7160.949s][info][gc,phases,start] GC(2289) Adjust Pointers
[7161.149s][info][gc,phases      ] GC(2289) Adjust Pointers 200.494ms
[7161.149s][info][gc,phases,start] GC(2289) Compaction Phase
[7161.276s][info][gc,phases      ] GC(2289) Compaction Phase 126.600ms
[7161.277s][info][gc,phases,start] GC(2289) Post Compact
[7161.284s][info][gc,phases      ] GC(2289) Post Compact 6.843ms
[7161.423s][info][gc,heap        ] GC(2289) PSYoungGen: 2590316K(2615808K)->0K(2615808K) Eden: 2438144K(2438144K)->0K(2438144K) From: 152172K(177664K)->0K(177664K)
[7161.424s][info][gc,heap        ] GC(2289) ParOldGen: 5562951K(5563392K)->1433270K(1778176K)
[7161.424s][info][gc,metaspace   ] GC(2289) Metaspace: 29133K(29504K)->29133K(29504K) NonClass: 24247K(24384K)->24247K(24384K) Class: 4886K(5120K)->4886K(5120K)
[7161.424s][info][gc             ] GC(2289) Pause Full (Allocation Failure) 7962M->1399M(4291M) 911.322ms
[7161.424s][info][gc,cpu         ] GC(2289) User=4.05s Sys=0.14s Real=0.92s
..[7162.815s][info][gc,start       ] GC(2290) Pause Young (Allocation Failure)
[7162.884s][info][gc,heap        ] GC(2290) PSYoungGen: 2438144K(2615808K)->159328K(2618368K) Eden: 2438144K(2438144K)->0K(2440704K) From: 0K(177664K)->159328K(177664K)
[7162.884s][info][gc,heap        ] GC(2290) ParOldGen: 1433270K(1778176K)->1433270K(1778176K)
[7162.884s][info][gc,metaspace   ] GC(2290) Metaspace: 29133K(29504K)->29133K(29504K) NonClass: 24247K(24384K)->24247K(24384K) Class: 4886K(5120K)->4886K(5120K)
[7162.884s][info][gc             ] GC(2290) Pause Young (Allocation Failure) 3780M->1555M(4293M) 69.862ms
[7162.884s][info][gc,cpu         ] GC(2290) User=0.41s Sys=0.00s Real=0.07s
.[7164.311s][info][gc,start       ] GC(2291) Pause Young (Allocation Failure)
[7164.407s][info][gc,heap        ] GC(2291) PSYoungGen: 2600032K(2618368K)->147904K(2588672K) Eden: 2440704K(2440704K)->0K(2440704K) From: 159328K(177664K)->147904K(147968K)
[7164.407s][info][gc,heap        ] GC(2291) ParOldGen: 1433270K(1778176K)->1526998K(1778176K)
[7164.407s][info][gc,metaspace   ] GC(2291) Metaspace: 29133K(29504K)->29133K(29504K) NonClass: 24247K(24384K)->24247K(24384K) Class: 4886K(5120K)->4886K(5120K)
[7164.407s][info][gc             ] GC(2291) Pause Young (Allocation Failure) 3938M->1635M(4264M) 95.959ms
[7164.407s][info][gc,cpu         ] GC(2291) User=0.57s Sys=0.00s Real=0.10s
.[7165.808s][info][gc,start       ] GC(2292) Pause Young (Allocation Failure)
[7165.905s][info][gc,heap        ] GC(2292) PSYoungGen: 2588608K(2588672K)->153600K(2618880K) Eden: 2440704K(2440704K)->0K(2442752K) From: 147904K(147968K)->153600K(176128K)
[7165.905s][info][gc,heap        ] GC(2292) ParOldGen: 1526998K(1778176K)->1618022K(1778176K)
[7165.906s][info][gc,metaspace   ] GC(2292) Metaspace: 29133K(29504K)->29133K(29504K) NonClass: 24247K(24384K)->24247K(24384K) Class: 4886K(5120K)->4886K(5120K)
[7165.906s][info][gc             ] GC(2292) Pause Young (Allocation Failure) 4019M->1730M(4294M) 97.107ms
[7165.906s][info][gc,cpu         ] GC(2292) User=0.57s Sys=0.00s Real=0.10s
..[7167.349s][info][gc,start       ] GC(2293) Pause Young (Allocation Failure)
[7167.444s][info][gc,heap        ] GC(2293) PSYoungGen: 2596352K(2618880K)->142400K(2616832K) Eden: 2442752K(2442752K)->0K(2442752K) From: 153600K(176128K)->142400K(174080K)
[7167.444s][info][gc,heap        ] GC(2293) ParOldGen: 1618022K(1778176K)->1714150K(1778176K)
[7167.444s][info][gc,metaspace   ] GC(2293) Metaspace: 29133K(29504K)->29133K(29504K) NonClass: 24247K(24384K)->24247K(24384K) Class: 4886K(5120K)->4886K(5120K)
[7167.444s][info][gc             ] GC(2293) Pause Young (Allocation Failure) 4115M->1813M(4292M) 94.824ms
[7167.444s][info][gc,cpu         ] GC(2293) User=0.56s Sys=0.00s Real=0.10s
.[7168.952s][info][gc,start       ] GC(2294) Pause Young (Allocation Failure)
[7169.048s][info][gc,heap        ] GC(2294) PSYoungGen: 2585152K(2616832K)->149984K(2619904K) Eden: 2442752K(2442752K)->0K(2447872K) From: 142400K(174080K)->149984K(172032K)
[7169.048s][info][gc,heap        ] GC(2294) ParOldGen: 1714150K(1778176K)->1801862K(1802240K)
[7169.048s][info][gc,metaspace   ] GC(2294) Metaspace: 29133K(29504K)->29133K(29504K) NonClass: 24247K(24384K)->24247K(24384K) Class: 4886K(5120K)->4886K(5120K)
[7169.048s][info][gc             ] GC(2294) Pause Young (Allocation Failure) 4198M->1906M(4318M) 95.945ms
[7169.048s][info][gc,cpu         ] GC(2294) User=0.56s Sys=0.00s Real=0.10s
.[7170.411s][info][gc,start       ] GC(2295) Pause Young (Allocation Failure)
[7170.511s][info][gc,heap        ] GC(2295) PSYoungGen: 2597856K(2619904K)->145120K(2619904K) Eden: 2447872K(2447872K)->0K(2447872K) From: 149984K(172032K)->145120K(172032K)
[7170.511s][info][gc,heap        ] GC(2295) ParOldGen: 1801862K(1802240K)->1896430K(1896448K)
[7170.511s][info][gc,metaspace   ] GC(2295) Metaspace: 29133K(29504K)->29133K(29504K) NonClass: 24247K(24384K)->24247K(24384K) Class: 4886K(5120K)->4886K(5120K)
[7170.511s][info][gc             ] GC(2295) Pause Young (Allocation Failure) 4296M->1993M(4410M) 100.714ms
[7170.511s][info][gc,cpu         ] GC(2295) User=0.57s Sys=0.02s Real=0.10s
..[7172.068s][info][gc,start       ] GC(2296) Pause Young (Allocation Failure)
[7172.174s][info][gc,heap        ] GC(2296) PSYoungGen: 2592992K(2619904K)->152286K(2621440K) Eden: 2447872K(2447872K)->0K(2452480K) From: 145120K(172032K)->152286K(168960K)
[7172.174s][info][gc,heap        ] GC(2296) ParOldGen: 1896430K(1896448K)->1992454K(1992704K)
[7172.174s][info][gc,metaspace   ] GC(2296) Metaspace: 29133K(29504K)->29133K(29504K) NonClass: 24247K(24384K)->24247K(24384K) Class: 4886K(5120K)->4886K(5120K)
[7172.174s][info][gc             ] GC(2296) Pause Young (Allocation Failure) 4384M->2094M(4506M) 106.246ms
[7172.174s][info][gc,cpu         ] GC(2296) User=0.59s Sys=0.04s Real=0.11s
.[7173.574s][info][gc,start       ] GC(2297) Pause Young (Allocation Failure)
[7173.677s][info][gc,heap        ] GC(2297) PSYoungGen: 2604766K(2621440K)->155465K(2622464K) Eden: 2452480K(2452480K)->0K(2452480K) From: 152286K(168960K)->155465K(169984K)
[7173.677s][info][gc,heap        ] GC(2297) ParOldGen: 1992454K(1992704K)->2078038K(2078208K)
[7173.677s][info][gc,metaspace   ] GC(2297) Metaspace: 29133K(29504K)->29133K(29504K) NonClass: 24247K(24384K)->24247K(24384K) Class: 4886K(5120K)->4886K(5120K)
[7173.677s][info][gc             ] GC(2297) Pause Young (Allocation Failure) 4489M->2181M(4590M) 103.278ms
[7173.677s][info][gc,cpu         ] GC(2297) User=0.58s Sys=0.03s Real=0.10s
.|.[7175.215s][info][gc,start       ] GC(2298) Pause Young (Allocation Failure)
[7175.311s][info][gc,heap        ] GC(2298) PSYoungGen: 2607945K(2622464K)->134144K(2624512K) Eden: 2452480K(2452480K)->0K(2455040K) From: 155465K(169984K)->134144K(169472K)
[7175.311s][info][gc,heap        ] GC(2298) ParOldGen: 2078038K(2078208K)->2173614K(2173952K)
[7175.311s][info][gc,metaspace   ] GC(2298) Metaspace: 29133K(29504K)->29133K(29504K) NonClass: 24247K(24384K)->24247K(24384K) Class: 4886K(5120K)->4886K(5120K)
[7175.311s][info][gc             ] GC(2298) Pause Young (Allocation Failure) 4576M->2253M(4686M) 96.103ms
[7175.311s][info][gc,cpu         ] GC(2298) User=0.53s Sys=0.04s Real=0.09s
.[7176.837s][info][gc,start       ] GC(2299) Pause Young (Allocation Failure)
[7176.941s][info][gc,heap        ] GC(2299) PSYoungGen: 2589184K(2624512K)->151000K(2606080K) Eden: 2455040K(2455040K)->0K(2455040K) From: 134144K(169472K)->151000K(151040K)
[7176.941s][info][gc,heap        ] GC(2299) ParOldGen: 2173614K(2173952K)->2264934K(2265088K)
[7176.941s][info][gc,metaspace   ] GC(2299) Metaspace: 29133K(29504K)->29133K(29504K) NonClass: 24247K(24384K)->24247K(24384K) Class: 4886K(5120K)->4886K(5120K)
[7176.941s][info][gc             ] GC(2299) Pause Young (Allocation Failure) 4651M->2359M(4757M) 103.499ms
[7176.941s][info][gc,cpu         ] GC(2299) User=0.59s Sys=0.02s Real=0.10s
..[7178.543s][info][gc,start       ] GC(2300) Pause Young (Allocation Failure)
[7178.642s][info][gc,heap        ] GC(2300) PSYoungGen: 2606040K(2606080K)->147504K(2626560K) Eden: 2455040K(2455040K)->0K(2457600K) From: 151000K(151040K)->147504K(168960K)
[7178.642s][info][gc,heap        ] GC(2300) ParOldGen: 2264934K(2265088K)->2354694K(2355200K)
[7178.642s][info][gc,metaspace   ] GC(2300) Metaspace: 29133K(29504K)->29133K(29504K) NonClass: 24247K(24384K)->24247K(24384K) Class: 4886K(5120K)->4886K(5120K)
[7178.642s][info][gc             ] GC(2300) Pause Young (Allocation Failure) 4756M->2443M(4865M) 99.564ms
[7178.642s][info][gc,cpu         ] GC(2300) User=0.56s Sys=0.03s Real=0.10s
..[7180.223s][info][gc,start       ] GC(2301) Pause Young (Allocation Failure)
[7180.326s][info][gc,heap        ] GC(2301) PSYoungGen: 2605104K(2626560K)->156321K(2625024K) Eden: 2457600K(2457600K)->0K(2457600K) From: 147504K(168960K)->156321K(167424K)
[7180.326s][info][gc,heap        ] GC(2301) ParOldGen: 2354694K(2355200K)->2446422K(2446848K)
[7180.326s][info][gc,metaspace   ] GC(2301) Metaspace: 29133K(29504K)->29133K(29504K) NonClass: 24247K(24384K)->24247K(24384K) Class: 4886K(5120K)->4886K(5120K)
[7180.326s][info][gc             ] GC(2301) Pause Young (Allocation Failure) 4843M->2541M(4953M) 103.086ms
[7180.326s][info][gc,cpu         ] GC(2301) User=0.58s Sys=0.03s Real=0.11s
.[7181.834s][info][gc,start       ] GC(2302) Pause Young (Allocation Failure)
[7181.938s][info][gc,heap        ] GC(2302) PSYoungGen: 2613921K(2625024K)->146712K(2626560K) Eden: 2457600K(2457600K)->0K(2460160K) From: 156321K(167424K)->146712K(166400K)
[7181.938s][info][gc,heap        ] GC(2302) ParOldGen: 2446422K(2446848K)->2540814K(2541056K)
[7181.938s][info][gc,metaspace   ] GC(2302) Metaspace: 29133K(29504K)->29133K(29504K) NonClass: 24247K(24384K)->24247K(24384K) Class: 4886K(5120K)->4886K(5120K)
[7181.938s][info][gc             ] GC(2302) Pause Young (Allocation Failure) 4941M->2624M(5046M) 104.344ms
[7181.938s][info][gc,cpu         ] GC(2302) User=0.59s Sys=0.02s Real=0.10s
..[7183.411s][info][gc,start       ] GC(2303) Pause Young (Allocation Failure)
[7183.510s][info][gc,heap        ] GC(2303) PSYoungGen: 2606872K(2626560K)->147016K(2627072K) Eden: 2460160K(2460160K)->0K(2460160K) From: 146712K(166400K)->147016K(166912K)
[7183.510s][info][gc,heap        ] GC(2303) ParOldGen: 2540814K(2541056K)->2629662K(2630144K)
[7183.510s][info][gc,metaspace   ] GC(2303) Metaspace: 29133K(29504K)->29133K(29504K) NonClass: 24247K(24384K)->24247K(24384K) Class: 4886K(5120K)->4886K(5120K)
[7183.510s][info][gc             ] GC(2303) Pause Young (Allocation Failure) 5027M->2711M(5134M) 99.456ms
[7183.510s][info][gc,cpu         ] GC(2303) User=0.55s Sys=0.04s Real=0.10s
.[7185.044s][info][gc,start       ] GC(2304) Pause Young (Allocation Failure)
[7185.150s][info][gc,heap        ] GC(2304) PSYoungGen: 2607176K(2627072K)->152864K(2628608K) Eden: 2460160K(2460160K)->0K(2463232K) From: 147016K(166912K)->152864K(165376K)
[7185.150s][info][gc,heap        ] GC(2304) ParOldGen: 2629662K(2630144K)->2724462K(2724864K)
[7185.150s][info][gc,metaspace   ] GC(2304) Metaspace: 29133K(29504K)->29133K(29504K) NonClass: 24247K(24384K)->24247K(24384K) Class: 4886K(5120K)->4886K(5120K)
[7185.150s][info][gc             ] GC(2304) Pause Young (Allocation Failure) 5114M->2809M(5228M) 105.614ms
[7185.150s][info][gc,cpu         ] GC(2304) User=0.59s Sys=0.03s Real=0.10s
..[7186.733s][info][gc,start       ] GC(2305) Pause Young (Allocation Failure)
[7186.836s][info][gc,heap        ] GC(2305) PSYoungGen: 2616096K(2628608K)->148512K(2628608K) Eden: 2463232K(2463232K)->0K(2463232K) From: 152864K(165376K)->148512K(165376K)
[7186.836s][info][gc,heap        ] GC(2305) ParOldGen: 2724462K(2724864K)->2815222K(2815488K)
[7186.836s][info][gc,metaspace   ] GC(2305) Metaspace: 29133K(29504K)->29133K(29504K) NonClass: 24247K(24384K)->24247K(24384K) Class: 4886K(5120K)->4886K(5120K)
[7186.836s][info][gc             ] GC(2305) Pause Young (Allocation Failure) 5215M->2894M(5316M) 103.531ms
[7186.836s][info][gc,cpu         ] GC(2305) User=0.58s Sys=0.02s Real=0.11s
..[7188.461s][info][gc,start       ] GC(2306) Pause Young (Allocation Failure)
[7188.559s][info][gc,heap        ] GC(2306) PSYoungGen: 2611744K(2628608K)->141344K(2629632K) Eden: 2463232K(2463232K)->0K(2465280K) From: 148512K(165376K)->141344K(164352K)
[7188.559s][info][gc,heap        ] GC(2306) ParOldGen: 2815222K(2815488K)->2906430K(2906624K)
[7188.559s][info][gc,metaspace   ] GC(2306) Metaspace: 29133K(29504K)->29133K(29504K) NonClass: 24247K(24384K)->24247K(24384K) Class: 4886K(5120K)->4886K(5120K)
[7188.559s][info][gc             ] GC(2306) Pause Young (Allocation Failure) 5299M->2976M(5406M) 98.017ms
[7188.559s][info][gc,cpu         ] GC(2306) User=0.56s Sys=0.02s Real=0.10s
.[7190.081s][info][gc,start       ] GC(2307) Pause Young (Allocation Failure)
[7190.184s][info][gc,heap        ] GC(2307) PSYoungGen: 2606624K(2629632K)->151572K(2629632K) Eden: 2465280K(2465280K)->0K(2465280K) From: 141344K(164352K)->151572K(164352K)
[7190.184s][info][gc,heap        ] GC(2307) ParOldGen: 2906430K(2906624K)->3000038K(3000320K)
[7190.184s][info][gc,metaspace   ] GC(2307) Metaspace: 29133K(29504K)->29133K(29504K) NonClass: 24247K(24384K)->24247K(24384K) Class: 4886K(5120K)->4886K(5120K)
[7190.184s][info][gc             ] GC(2307) Pause Young (Allocation Failure) 5383M->3077M(5498M) 103.174ms
[7190.184s][info][gc,cpu         ] GC(2307) User=0.59s Sys=0.02s Real=0.11s
..[7191.766s][info][gc,start       ] GC(2308) Pause Young (Allocation Failure)
[7191.867s][info][gc,heap        ] GC(2308) PSYoungGen: 2616852K(2629632K)->149232K(2629120K) Eden: 2465280K(2465280K)->0K(2467840K) From: 151572K(164352K)->149232K(161280K)
[7191.867s][info][gc,heap        ] GC(2308) ParOldGen: 3000038K(3000320K)->3090454K(3090944K)
[7191.867s][info][gc,metaspace   ] GC(2308) Metaspace: 29133K(29504K)->29133K(29504K) NonClass: 24247K(24384K)->24247K(24384K) Class: 4886K(5120K)->4886K(5120K)
[7191.867s][info][gc             ] GC(2308) Pause Young (Allocation Failure) 5485M->3163M(5586M) 100.237ms
[7191.867s][info][gc,cpu         ] GC(2308) User=0.57s Sys=0.02s Real=0.10s
..[7193.396s][info][gc,start       ] GC(2309) Pause Young (Allocation Failure)
[7193.496s][info][gc,heap        ] GC(2309) PSYoungGen: 2617072K(2629120K)->140330K(2630144K) Eden: 2467840K(2467840K)->0K(2467840K) From: 149232K(161280K)->140330K(162304K)
[7193.496s][info][gc,heap        ] GC(2309) ParOldGen: 3090454K(3090944K)->3184190K(3184640K)
[7193.496s][info][gc,metaspace   ] GC(2309) Metaspace: 29133K(29504K)->29133K(29504K) NonClass: 24247K(24384K)->24247K(24384K) Class: 4886K(5120K)->4886K(5120K)
[7193.496s][info][gc             ] GC(2309) Pause Young (Allocation Failure) 5573M->3246M(5678M) 99.733ms
[7193.496s][info][gc,cpu         ] GC(2309) User=0.56s Sys=0.04s Real=0.10s
.[7195.054s][info][gc,start       ] GC(2310) Pause Young (Allocation Failure)
[7195.163s][info][gc,heap        ] GC(2310) PSYoungGen: 2608170K(2630144K)->160665K(2627072K) Eden: 2467840K(2467840K)->0K(2464256K) From: 140330K(162304K)->160665K(162816K)
[7195.163s][info][gc,heap        ] GC(2310) ParOldGen: 3184190K(3184640K)->3273486K(3273728K)
[7195.163s][info][gc,metaspace   ] GC(2310) Metaspace: 29133K(29504K)->29133K(29504K) NonClass: 24247K(24384K)->24247K(24384K) Class: 4886K(5120K)->4886K(5120K)
[7195.163s][info][gc             ] GC(2310) Pause Young (Allocation Failure) 5656M->3353M(5762M) 108.802ms
[7195.163s][info][gc,cpu         ] GC(2310) User=0.60s Sys=0.04s Real=0.10s
..[7196.747s][info][gc,start       ] GC(2311) Pause Young (Allocation Failure)
[7196.849s][info][gc,heap        ] GC(2311) PSYoungGen: 2624921K(2627072K)->148005K(2630144K) Eden: 2464256K(2464256K)->0K(2464256K) From: 160665K(162816K)->148005K(165888K)
[7196.849s][info][gc,heap        ] GC(2311) ParOldGen: 3273486K(3273728K)->3366270K(3366400K)
[7196.849s][info][gc,metaspace   ] GC(2311) Metaspace: 29133K(29504K)->29133K(29504K) NonClass: 24247K(24384K)->24247K(24384K) Class: 4886K(5120K)->4886K(5120K)
[7196.849s][info][gc             ] GC(2311) Pause Young (Allocation Failure) 5760M->3431M(5856M) 102.276ms
[7196.849s][info][gc,cpu         ] GC(2311) User=0.58s Sys=0.03s Real=0.10s
..[7198.413s][info][gc,start       ] GC(2312) Pause Young (Allocation Failure)
[7198.514s][info][gc,heap        ] GC(2312) PSYoungGen: 2612261K(2630144K)->149520K(2625536K) Eden: 2464256K(2464256K)->0K(2465792K) From: 148005K(165888K)->149520K(159744K)
[7198.515s][info][gc,heap        ] GC(2312) ParOldGen: 3366270K(3366400K)->3458086K(3458560K)
[7198.515s][info][gc,metaspace   ] GC(2312) Metaspace: 29133K(29504K)->29133K(29504K) NonClass: 24247K(24384K)->24247K(24384K) Class: 4886K(5120K)->4886K(5120K)
[7198.515s][info][gc             ] GC(2312) Pause Young (Allocation Failure) 5838M->3523M(5941M) 101.900ms
[7198.515s][info][gc,cpu         ] GC(2312) User=0.58s Sys=0.02s Real=0.11s
.[7199.974s][info][gc,start       ] GC(2313) Pause Young (Allocation Failure)
[7200.077s][info][gc,heap        ] GC(2313) PSYoungGen: 2615312K(2625536K)->151520K(2628608K) Eden: 2465792K(2465792K)->0K(2465792K) From: 149520K(159744K)->151520K(162816K)
[7200.078s][info][gc,heap        ] GC(2313) ParOldGen: 3458086K(3458560K)->3548774K(3549184K)
[7200.078s][info][gc,metaspace   ] GC(2313) Metaspace: 29133K(29504K)->29133K(29504K) NonClass: 24247K(24384K)->24247K(24384K) Class: 4886K(5120K)->4886K(5120K)
[7200.078s][info][gc             ] GC(2313) Pause Young (Allocation Failure) 5931M->3613M(6033M) 103.145ms
[7200.078s][info][gc,cpu         ] GC(2313) User=0.59s Sys=0.02s Real=0.10s
..[7201.585s][info][gc,start       ] GC(2314) Pause Young (Allocation Failure)
[7201.691s][info][gc,heap        ] GC(2314) PSYoungGen: 2617312K(2628608K)->146010K(2631680K) Eden: 2465792K(2465792K)->0K(2470912K) From: 151520K(162816K)->146010K(160768K)
[7201.691s][info][gc,heap        ] GC(2314) ParOldGen: 3548774K(3549184K)->3642710K(3642880K)
[7201.691s][info][gc,metaspace   ] GC(2314) Metaspace: 29133K(29504K)->29133K(29504K) NonClass: 24247K(24384K)->24247K(24384K) Class: 4886K(5120K)->4886K(5120K)
[7201.691s][info][gc             ] GC(2314) Pause Young (Allocation Failure) 6021M->3699M(6127M) 105.157ms
[7201.691s][info][gc,cpu         ] GC(2314) User=0.59s Sys=0.03s Real=0.10s
.[7203.169s][info][gc,start       ] GC(2315) Pause Young (Allocation Failure)
[7203.278s][info][gc,heap        ] GC(2315) PSYoungGen: 2616922K(2631680K)->161760K(2632704K) Eden: 2470912K(2470912K)->0K(2470912K) From: 146010K(160768K)->161760K(161792K)
[7203.278s][info][gc,heap        ] GC(2315) ParOldGen: 3642710K(3642880K)->3734566K(3735040K)
[7203.278s][info][gc,metaspace   ] GC(2315) Metaspace: 29133K(29504K)->29133K(29504K) NonClass: 24247K(24384K)->24247K(24384K) Class: 4886K(5120K)->4886K(5120K)
[7203.278s][info][gc             ] GC(2315) Pause Young (Allocation Failure) 6112M->3805M(6218M) 108.808ms
[7203.278s][info][gc,cpu         ] GC(2315) User=0.62s Sys=0.02s Real=0.11s
..[7204.784s][info][gc,start       ] GC(2316) Pause Young (Allocation Failure)
[7204.887s][info][gc,heap        ] GC(2316) PSYoungGen: 2632672K(2632704K)->147712K(2565120K) Eden: 2470912K(2470912K)->0K(2401792K) From: 161760K(161792K)->147712K(163328K)
[7204.887s][info][gc,heap        ] GC(2316) ParOldGen: 3734566K(3735040K)->3826494K(3826688K)
[7204.887s][info][gc,metaspace   ] GC(2316) Metaspace: 29133K(29504K)->29133K(29504K) NonClass: 24247K(24384K)->24247K(24384K) Class: 4886K(5120K)->4886K(5120K)
[7204.887s][info][gc             ] GC(2316) Pause Young (Allocation Failure) 6218M->3881M(6242M) 102.198ms
[7204.887s][info][gc,cpu         ] GC(2316) User=0.58s Sys=0.03s Real=0.10s
.[7206.370s][info][gc,start       ] GC(2317) Pause Young (Allocation Failure)
[7206.472s][info][gc,heap        ] GC(2317) PSYoungGen: 2549504K(2565120K)->142832K(2598912K) Eden: 2401792K(2401792K)->0K(2401792K) From: 147712K(163328K)->142832K(197120K)
[7206.472s][info][gc,heap        ] GC(2317) ParOldGen: 3826494K(3826688K)->3921118K(3921408K)
[7206.472s][info][gc,metaspace   ] GC(2317) Metaspace: 29133K(29504K)->29133K(29504K) NonClass: 24247K(24384K)->24247K(24384K) Class: 4886K(5120K)->4886K(5120K)
[7206.472s][info][gc             ] GC(2317) Pause Young (Allocation Failure) 6226M->3968M(6367M) 102.418ms
[7206.472s][info][gc,cpu         ] GC(2317) User=0.58s Sys=0.03s Real=0.10s
..[7207.960s][info][gc,start       ] GC(2318) Pause Young (Allocation Failure)
[7208.061s][info][gc,heap        ] GC(2318) PSYoungGen: 2544624K(2598912K)->144896K(2594816K) Eden: 2401792K(2401792K)->0K(2402816K) From: 142832K(197120K)->144896K(192000K)
[7208.061s][info][gc,heap        ] GC(2318) ParOldGen: 3921118K(3921408K)->4011278K(4011520K)
[7208.061s][info][gc,metaspace   ] GC(2318) Metaspace: 29133K(29504K)->29133K(29504K) NonClass: 24247K(24384K)->24247K(24384K) Class: 4886K(5120K)->4886K(5120K)
[7208.061s][info][gc             ] GC(2318) Pause Young (Allocation Failure) 6314M->4058M(6451M) 101.093ms
[7208.061s][info][gc,cpu         ] GC(2318) User=0.57s Sys=0.02s Real=0.10s
.[7209.552s][info][gc,start       ] GC(2319) Pause Young (Allocation Failure)
[7209.650s][info][gc,heap        ] GC(2319) PSYoungGen: 2547712K(2594816K)->137024K(2597376K) Eden: 2402816K(2402816K)->0K(2402816K) From: 144896K(192000K)->137024K(194560K)
[7209.650s][info][gc,heap        ] GC(2319) ParOldGen: 4011278K(4011520K)->4102070K(4102144K)
[7209.650s][info][gc,metaspace   ] GC(2319) Metaspace: 29133K(29504K)->29133K(29504K) NonClass: 24247K(24384K)->24247K(24384K) Class: 4886K(5120K)->4886K(5120K)
[7209.650s][info][gc             ] GC(2319) Pause Young (Allocation Failure) 6405M->4139M(6542M) 97.453ms
[7209.650s][info][gc,cpu         ] GC(2319) User=0.53s Sys=0.04s Real=0.10s
..[7211.148s][info][gc,start       ] GC(2320) Pause Young (Allocation Failure)
[7211.253s][info][gc,heap        ] GC(2320) PSYoungGen: 2539840K(2597376K)->155845K(2594304K) Eden: 2402816K(2402816K)->0K(2407936K) From: 137024K(194560K)->155845K(186368K)
[7211.253s][info][gc,heap        ] GC(2320) ParOldGen: 4102070K(4102144K)->4193654K(4193792K)
[7211.253s][info][gc,metaspace   ] GC(2320) Metaspace: 29133K(29504K)->29133K(29504K) NonClass: 24247K(24384K)->24247K(24384K) Class: 4886K(5120K)->4886K(5120K)
[7211.253s][info][gc             ] GC(2320) Pause Young (Allocation Failure) 6486M->4247M(6629M) 105.491ms
[7211.253s][info][gc,cpu         ] GC(2320) User=0.60s Sys=0.03s Real=0.11s
..[7212.715s][info][gc,start       ] GC(2321) Pause Young (Allocation Failure)
[7212.814s][info][gc,heap        ] GC(2321) PSYoungGen: 2563781K(2594304K)->143104K(2598400K) Eden: 2407936K(2407936K)->0K(2407936K) From: 155845K(186368K)->143104K(190464K)
[7212.814s][info][gc,heap        ] GC(2321) ParOldGen: 4193654K(4193792K)->4280782K(4280832K)
[7212.814s][info][gc,metaspace   ] GC(2321) Metaspace: 29133K(29504K)->29133K(29504K) NonClass: 24247K(24384K)->24247K(24384K) Class: 4886K(5120K)->4886K(5120K)
[7212.814s][info][gc             ] GC(2321) Pause Young (Allocation Failure) 6599M->4320M(6718M) 99.765ms
[7212.814s][info][gc,cpu         ] GC(2321) User=0.56s Sys=0.02s Real=0.10s
.[7214.357s][info][gc,start       ] GC(2322) Pause Young (Allocation Failure)
[7214.459s][info][gc,heap        ] GC(2322) PSYoungGen: 2551040K(2598400K)->143744K(2599936K) Eden: 2407936K(2407936K)->0K(2416640K) From: 143104K(190464K)->143744K(183296K)
[7214.459s][info][gc,heap        ] GC(2322) ParOldGen: 4280782K(4280832K)->4373166K(4373504K)
[7214.459s][info][gc,metaspace   ] GC(2322) Metaspace: 29133K(29504K)->29133K(29504K) NonClass: 24247K(24384K)->24247K(24384K) Class: 4886K(5120K)->4886K(5120K)
[7214.459s][info][gc             ] GC(2322) Pause Young (Allocation Failure) 6671M->4411M(6810M) 101.843ms
[7214.459s][info][gc,cpu         ] GC(2322) User=0.57s Sys=0.03s Real=0.10s
..[7215.961s][info][gc,start       ] GC(2323) Pause Young (Allocation Failure)
[7216.068s][info][gc,heap        ] GC(2323) PSYoungGen: 2560384K(2599936K)->154740K(2603520K) Eden: 2416640K(2416640K)->0K(2416640K) From: 143744K(183296K)->154740K(186880K)
[7216.068s][info][gc,heap        ] GC(2323) ParOldGen: 4373166K(4373504K)->4466038K(4466176K)
[7216.068s][info][gc,metaspace   ] GC(2323) Metaspace: 29133K(29504K)->29133K(29504K) NonClass: 24247K(24384K)->24247K(24384K) Class: 4886K(5120K)->4886K(5120K)
[7216.068s][info][gc             ] GC(2323) Pause Young (Allocation Failure) 6771M->4512M(6904M) 107.757ms
[7216.068s][info][gc,cpu         ] GC(2323) User=0.61s Sys=0.02s Real=0.11s
.[7217.539s][info][gc,start       ] GC(2324) Pause Young (Allocation Failure)
[7217.639s][info][gc,heap        ] GC(2324) PSYoungGen: 2571380K(2603520K)->141680K(2605056K) Eden: 2416640K(2416640K)->0K(2424832K) From: 154740K(186880K)->141680K(180224K)
[7217.639s][info][gc,heap        ] GC(2324) ParOldGen: 4466038K(4466176K)->4558478K(4558848K)
[7217.639s][info][gc,metaspace   ] GC(2324) Metaspace: 29133K(29504K)->29133K(29504K) NonClass: 24247K(24384K)->24247K(24384K) Class: 4886K(5120K)->4886K(5120K)
[7217.639s][info][gc             ] GC(2324) Pause Young (Allocation Failure) 6872M->4589M(6996M) 100.264ms
[7217.639s][info][gc,cpu         ] GC(2324) User=0.57s Sys=0.02s Real=0.10s
.[7217.919s][info][gc,start       ] GC(2325) Pause Full (Diagnostic Command)
[7217.919s][info][gc,phases,start] GC(2325) Marking Phase
[7218.210s][info][gc,phases      ] GC(2325) Marking Phase 291.083ms
[7218.210s][info][gc,phases,start] GC(2325) Summary Phase
[7218.210s][info][gc,phases      ] GC(2325) Summary Phase 0.067ms
[7218.210s][info][gc,phases,start] GC(2325) Forward
[7218.412s][info][gc,phases      ] GC(2325) Forward 202.185ms
[7218.412s][info][gc,phases,start] GC(2325) Adjust Pointers
[7218.617s][info][gc,phases      ] GC(2325) Adjust Pointers 205.209ms
[7218.617s][info][gc,phases,start] GC(2325) Compaction Phase
[7218.809s][info][gc,phases      ] GC(2325) Compaction Phase 191.857ms
[7218.811s][info][gc,phases,start] GC(2325) Post Compact
[7218.816s][info][gc,phases      ] GC(2325) Post Compact 4.367ms
[7218.816s][info][gc,heap        ] GC(2325) PSYoungGen: 605731K(2605056K)->0K(2605056K) Eden: 464050K(2424832K)->0K(2424832K) From: 141680K(180224K)->0K(180224K)
[7218.816s][info][gc,heap        ] GC(2325) ParOldGen: 4558478K(4558848K)->1158617K(4558848K)
[7218.816s][info][gc,metaspace   ] GC(2325) Metaspace: 29133K(29504K)->29133K(29504K) NonClass: 24247K(24384K)->24247K(24384K) Class: 4886K(5120K)->4886K(5120K)
[7218.816s][info][gc             ] GC(2325) Pause Full (Diagnostic Command) 5043M->1131M(6996M) 897.190ms
[7218.816s][info][gc,cpu         ] GC(2325) User=4.52s Sys=0.01s Real=0.90s
.[7220.192s][info][gc,start       ] GC(2326) Pause Young (Allocation Failure)
[7220.264s][info][gc,heap        ] GC(2326) PSYoungGen: 2424832K(2605056K)->157175K(2607616K) Eden: 2424832K(2424832K)->0K(2424832K) From: 0K(180224K)->157175K(182784K)
[7220.264s][info][gc,heap        ] GC(2326) ParOldGen: 1158617K(4558848K)->1158617K(4558848K)
[7220.264s][info][gc,metaspace   ] GC(2326) Metaspace: 29133K(29504K)->29133K(29504K) NonClass: 24247K(24384K)->24247K(24384K) Class: 4886K(5120K)->4886K(5120K)
[7220.264s][info][gc             ] GC(2326) Pause Young (Allocation Failure) 3499M->1284M(6998M) 72.192ms
[7220.264s][info][gc,cpu         ] GC(2326) User=0.42s Sys=0.00s Real=0.08s
.[7221.668s][info][gc,start       ] GC(2327) Pause Young (Allocation Failure)
[7221.811s][info][gc,heap        ] GC(2327) PSYoungGen: 2582007K(2607616K)->145920K(2609152K) Eden: 2424832K(2424832K)->0K(2431488K) From: 157175K(182784K)->145920K(177664K)
[7221.811s][info][gc,heap        ] GC(2327) ParOldGen: 1158617K(4558848K)->1253489K(4558848K)
[7221.811s][info][gc,metaspace   ] GC(2327) Metaspace: 29133K(29504K)->29133K(29504K) NonClass: 24247K(24384K)->24247K(24384K) Class: 4886K(5120K)->4886K(5120K)
[7221.811s][info][gc             ] GC(2327) Pause Young (Allocation Failure) 3652M->1366M(7000M) 142.925ms
[7221.811s][info][gc,cpu         ] GC(2327) User=0.57s Sys=0.00s Real=0.14s
..[7223.168s][info][gc,start       ] GC(2328) Pause Young (Allocation Failure)
[7223.269s][info][gc,heap        ] GC(2328) PSYoungGen: 2577408K(2609152K)->162260K(2611712K) Eden: 2431488K(2431488K)->0K(2431488K) From: 145920K(177664K)->162260K(180224K)
[7223.269s][info][gc,heap        ] GC(2328) ParOldGen: 1253489K(4558848K)->1343625K(4558848K)
[7223.269s][info][gc,metaspace   ] GC(2328) Metaspace: 29133K(29504K)->29133K(29504K) NonClass: 24247K(24384K)->24247K(24384K) Class: 4886K(5120K)->4886K(5120K)
[7223.269s][info][gc             ] GC(2328) Pause Young (Allocation Failure) 3741M->1470M(7002M) 100.653ms
[7223.269s][info][gc,cpu         ] GC(2328) User=0.60s Sys=0.00s Real=0.10s
.[7224.717s][info][gc,start       ] GC(2329) Pause Young (Allocation Failure)
[7224.859s][info][gc,heap        ] GC(2329) PSYoungGen: 2593748K(2611712K)->141856K(2614784K) Eden: 2431488K(2431488K)->0K(2434560K) From: 162260K(180224K)->141856K(180224K)
[7224.859s][info][gc,heap        ] GC(2329) ParOldGen: 1343625K(4558848K)->1438209K(4558848K)
[7224.859s][info][gc,metaspace   ] GC(2329) Metaspace: 29133K(29504K)->29133K(29504K) NonClass: 24247K(24384K)->24247K(24384K) Class: 4886K(5120K)->4886K(5120K)
[7224.859s][info][gc             ] GC(2329) Pause Young (Allocation Failure) 3845M->1543M(7005M) 141.996ms
[7224.859s][info][gc,cpu         ] GC(2329) User=0.56s Sys=0.00s Real=0.14s
.[7226.238s][info][gc,start       ] GC(2330) Pause Young (Allocation Failure)
[7226.337s][info][gc,heap        ] GC(2330) PSYoungGen: 2576416K(2614784K)->160149K(2614784K) Eden: 2434560K(2434560K)->0K(2434560K) From: 141856K(180224K)->160149K(180224K)
[7226.337s][info][gc,heap        ] GC(2330) ParOldGen: 1438209K(4558848K)->1527753K(4558848K)
[7226.337s][info][gc,metaspace   ] GC(2330) Metaspace: 29133K(29504K)->29133K(29504K) NonClass: 24247K(24384K)->24247K(24384K) Class: 4886K(5120K)->4886K(5120K)
[7226.337s][info][gc             ] GC(2330) Pause Young (Allocation Failure) 3920M->1648M(7005M) 99.337ms
[7226.337s][info][gc,cpu         ] GC(2330) User=0.59s Sys=0.00s Real=0.10s
..[7227.704s][info][gc,start       ] GC(2331) Pause Young (Allocation Failure)
[7227.852s][info][gc,heap        ] GC(2331) PSYoungGen: 2594709K(2614784K)->157472K(2614272K) Eden: 2434560K(2434560K)->0K(2435072K) From: 160149K(180224K)->157472K(179200K)
[7227.852s][info][gc,heap        ] GC(2331) ParOldGen: 1527753K(4558848K)->1618985K(4558848K)
[7227.852s][info][gc,metaspace   ] GC(2331) Metaspace: 29133K(29504K)->29133K(29504K) NonClass: 24247K(24384K)->24247K(24384K) Class: 4886K(5120K)->4886K(5120K)
[7227.852s][info][gc             ] GC(2331) Pause Young (Allocation Failure) 4025M->1734M(7005M) 148.428ms
[7227.852s][info][gc,cpu         ] GC(2331) User=0.60s Sys=0.00s Real=0.14s
.[7229.330s][info][gc,start       ] GC(2332) Pause Young (Allocation Failure)
[7229.420s][info][gc,heap        ] GC(2332) PSYoungGen: 2592544K(2614272K)->133184K(2614784K) Eden: 2435072K(2435072K)->0K(2435072K) From: 157472K(179200K)->133184K(179712K)
[7229.420s][info][gc,heap        ] GC(2332) ParOldGen: 1618985K(4558848K)->1715657K(4558848K)
[7229.420s][info][gc,metaspace   ] GC(2332) Metaspace: 29133K(29504K)->29133K(29504K) NonClass: 24247K(24384K)->24247K(24384K) Class: 4886K(5120K)->4886K(5120K)
[7229.420s][info][gc             ] GC(2332) Pause Young (Allocation Failure) 4112M->1805M(7005M) 90.115ms
[7229.420s][info][gc,cpu         ] GC(2332) User=0.53s Sys=0.00s Real=0.09s
.[7230.877s][info][gc,start       ] GC(2333) Pause Young (Allocation Failure)
[7230.975s][info][gc,heap        ] GC(2333) PSYoungGen: 2568256K(2614784K)->155748K(2614784K) Eden: 2435072K(2435072K)->0K(2436096K) From: 133184K(179712K)->155748K(178688K)
[7230.975s][info][gc,heap        ] GC(2333) ParOldGen: 1715657K(4558848K)->1803281K(4558848K)
[7230.975s][info][gc,metaspace   ] GC(2333) Metaspace: 29133K(29504K)->29133K(29504K) NonClass: 24247K(24384K)->24247K(24384K) Class: 4886K(5120K)->4886K(5120K)
[7230.975s][info][gc             ] GC(2333) Pause Young (Allocation Failure) 4183M->1913M(7005M) 97.791ms
[7230.975s][info][gc,cpu         ] GC(2333) User=0.58s Sys=0.00s Real=0.10s
..[7232.385s][info][gc,start       ] GC(2334) Pause Young (Allocation Failure)
[7232.481s][info][gc,heap        ] GC(2334) PSYoungGen: 2591844K(2614784K)->145418K(2615296K) Eden: 2436096K(2436096K)->0K(2436096K) From: 155748K(178688K)->145418K(179200K)
[7232.481s][info][gc,heap        ] GC(2334) ParOldGen: 1803281K(4558848K)->1893993K(4558848K)
[7232.481s][info][gc,metaspace   ] GC(2334) Metaspace: 29133K(29504K)->29133K(29504K) NonClass: 24247K(24384K)->24247K(24384K) Class: 4886K(5120K)->4886K(5120K)
[7232.481s][info][gc             ] GC(2334) Pause Young (Allocation Failure) 4292M->1991M(7006M) 96.030ms
[7232.481s][info][gc,cpu         ] GC(2334) User=0.56s Sys=0.00s Real=0.09s
.[7234.060s][info][gc,start       ] GC(2335) Pause Young (Allocation Failure)
[7234.158s][info][gc,heap        ] GC(2335) PSYoungGen: 2581514K(2615296K)->150688K(2611712K) Eden: 2436096K(2436096K)->0K(2439168K) From: 145418K(179200K)->150688K(172544K)
[7234.158s][info][gc,heap        ] GC(2335) ParOldGen: 1893993K(4558848K)->1986305K(4558848K)
[7234.158s][info][gc,metaspace   ] GC(2335) Metaspace: 29133K(29504K)->29133K(29504K) NonClass: 24247K(24384K)->24247K(24384K) Class: 4886K(5120K)->4886K(5120K)
[7234.158s][info][gc             ] GC(2335) Pause Young (Allocation Failure) 4370M->2086M(7002M) 98.588ms
[7234.158s][info][gc,cpu         ] GC(2335) User=0.58s Sys=0.00s Real=0.10s
. (rIR:aIR:PR = 12177:12270:12269) (tPR = 183055) [OK] 
  7234s: Performance info:
         Transaction,    Success,    Partial,     Failed,   Receipts, AvgBarcode, 
             Overall,     740003,          0,          0,     703879,      59.48, 
         Response times:
             Request,    Success,    Partial,     Failed,   SkipFail,     Probes,    Samples,      min,      p50,      p90,      p95,      p99,      max, 
       TotalPurchase,     703890,          0,          0,          0,     303206,     471655,      200,    64000,   550000,   670000,   870000,  1200000,
     InStorePurchase,     368612,          0,          0,          0,     159762,     248216,      200,    64000,   580000,   670000,   890000,  1200000,
      OnlinePurchase,     259766,          0,          0,          0,     110911,     172762,      200,    64000,   505000,   660000,   870000,  1200000,
        InstPurchase,      75512,          0,          0,          0,      32533,      50677,      400,    65000,   541000,   630000,   820000,  1100000,
          AssocOfCat,        727,          0,          0,          0,        558,        927,    22000,    96000,   501400,   686000,   770000,   870000,
      AssocOfProduct,       7214,          0,          0,          0,       3119,       4686,      500,    57000,   500000,   620000,   850000,  1100000,
      BusinessReport,       1845,          0,          0,          0,       1514,       2393,    31000,   121000,   549000,   703000,   910600,  1300000,
          CustBuyBeh,       7428,          0,          0,          0,       3170,       4744,      200,    54000,   547000,   650000,   790000,   930000,
       ProductReturn,      18946,          0,          0,          0,       8152,      12446,      200,    58000,   482000,   640000,   800000,  1100000,

  7234s: (89%)   IR =  12315 .[7235.800s][info][gc,start       ] GC(2336) Pause Young (Allocation Failure)
[7235.898s][info][gc,heap        ] GC(2336) PSYoungGen: 2589856K(2611712K)->151221K(2613760K) Eden: 2439168K(2439168K)->0K(2439168K) From: 150688K(172544K)->151221K(174592K)
[7235.898s][info][gc,heap        ] GC(2336) ParOldGen: 1986305K(4558848K)->2076793K(4558848K)
[7235.898s][info][gc,metaspace   ] GC(2336) Metaspace: 29133K(29504K)->29133K(29504K) NonClass: 24247K(24384K)->24247K(24384K) Class: 4886K(5120K)->4886K(5120K)
[7235.898s][info][gc             ] GC(2336) Pause Young (Allocation Failure) 4468M->2175M(7004M) 98.431ms
[7235.898s][info][gc,cpu         ] GC(2336) User=0.58s Sys=0.00s Real=0.10s
..[7237.471s][info][gc,start       ] GC(2337) Pause Young (Allocation Failure)
[7237.565s][info][gc,heap        ] GC(2337) PSYoungGen: 2590389K(2613760K)->142496K(2620416K) Eden: 2439168K(2439168K)->0K(2448896K) From: 151221K(174592K)->142496K(171520K)
[7237.565s][info][gc,heap        ] GC(2337) ParOldGen: 2076793K(4558848K)->2168377K(4558848K)
[7237.565s][info][gc,metaspace   ] GC(2337) Metaspace: 29133K(29504K)->29133K(29504K) NonClass: 24247K(24384K)->24247K(24384K) Class: 4886K(5120K)->4886K(5120K)
[7237.565s][info][gc             ] GC(2337) Pause Young (Allocation Failure) 4557M->2256M(7011M) 94.793ms
[7237.566s][info][gc,cpu         ] GC(2337) User=0.56s Sys=0.00s Real=0.10s
.[7239.056s][info][gc,start       ] GC(2338) Pause Young (Allocation Failure)
[7239.156s][info][gc,heap        ] GC(2338) PSYoungGen: 2591392K(2620416K)->156776K(2620928K) Eden: 2448896K(2448896K)->0K(2448896K) From: 142496K(171520K)->156776K(172032K)
[7239.156s][info][gc,heap        ] GC(2338) ParOldGen: 2168377K(4558848K)->2259097K(4558848K)
[7239.156s][info][gc,metaspace   ] GC(2338) Metaspace: 29133K(29504K)->29133K(29504K) NonClass: 24247K(24384K)->24247K(24384K) Class: 4886K(5120K)->4886K(5120K)
[7239.156s][info][gc             ] GC(2338) Pause Young (Allocation Failure) 4648M->2359M(7011M) 100.272ms
[7239.156s][info][gc,cpu         ] GC(2338) User=0.59s Sys=0.00s Real=0.10s
..[7240.685s][info][gc,start       ] GC(2339) Pause Young (Allocation Failure)
[7240.784s][info][gc,heap        ] GC(2339) PSYoungGen: 2605672K(2620928K)->151772K(2620928K) Eden: 2448896K(2448896K)->0K(2451968K) From: 156776K(172032K)->151772K(168960K)
[7240.784s][info][gc,heap        ] GC(2339) ParOldGen: 2259097K(4558848K)->2351329K(4558848K)
[7240.784s][info][gc,metaspace   ] GC(2339) Metaspace: 29133K(29504K)->29133K(29504K) NonClass: 24247K(24384K)->24247K(24384K) Class: 4886K(5120K)->4886K(5120K)
[7240.784s][info][gc             ] GC(2339) Pause Young (Allocation Failure) 4750M->2444M(7011M) 99.462ms
[7240.784s][info][gc,cpu         ] GC(2339) User=0.59s Sys=0.00s Real=0.10s
.[7242.266s][info][gc,start       ] GC(2340) Pause Young (Allocation Failure)
[7242.361s][info][gc,heap        ] GC(2340) PSYoungGen: 2603740K(2620928K)->143449K(2622464K) Eden: 2451968K(2451968K)->0K(2451968K) From: 151772K(168960K)->143449K(170496K)
[7242.361s][info][gc,heap        ] GC(2340) ParOldGen: 2351329K(4558848K)->2442457K(4558848K)
[7242.361s][info][gc,metaspace   ] GC(2340) Metaspace: 29133K(29504K)->29133K(29504K) NonClass: 24247K(24384K)->24247K(24384K) Class: 4886K(5120K)->4886K(5120K)
[7242.361s][info][gc             ] GC(2340) Pause Young (Allocation Failure) 4838M->2525M(7013M) 95.745ms
[7242.362s][info][gc,cpu         ] GC(2340) User=0.56s Sys=0.00s Real=0.09s
..|[7243.946s][info][gc,start       ] GC(2341) Pause Young (Allocation Failure)
[7244.041s][info][gc,heap        ] GC(2341) PSYoungGen: 2595417K(2622464K)->147168K(2621952K) Eden: 2451968K(2451968K)->0K(2455552K) From: 143449K(170496K)->147168K(166400K)
[7244.041s][info][gc,heap        ] GC(2341) ParOldGen: 2442457K(4558848K)->2534841K(4558848K)
[7244.041s][info][gc,metaspace   ] GC(2341) Metaspace: 29133K(29504K)->29133K(29504K) NonClass: 24247K(24384K)->24247K(24384K) Class: 4886K(5120K)->4886K(5120K)
[7244.041s][info][gc             ] GC(2341) Pause Young (Allocation Failure) 4919M->2619M(7012M) 95.239ms
[7244.041s][info][gc,cpu         ] GC(2341) User=0.56s Sys=0.00s Real=0.09s
..[7245.594s][info][gc,start       ] GC(2342) Pause Young (Allocation Failure)
[7245.691s][info][gc,heap        ] GC(2342) PSYoungGen: 2602720K(2621952K)->146100K(2624000K) Eden: 2455552K(2455552K)->0K(2455552K) From: 147168K(166400K)->146100K(168448K)
[7245.691s][info][gc,heap        ] GC(2342) ParOldGen: 2534841K(4558848K)->2626761K(4558848K)
[7245.691s][info][gc,metaspace   ] GC(2342) Metaspace: 29133K(29504K)->29133K(29504K) NonClass: 24247K(24384K)->24247K(24384K) Class: 4886K(5120K)->4886K(5120K)
[7245.691s][info][gc             ] GC(2342) Pause Young (Allocation Failure) 5017M->2707M(7014M) 97.391ms
[7245.691s][info][gc,cpu         ] GC(2342) User=0.57s Sys=0.00s Real=0.09s
.[7247.289s][info][gc,start       ] GC(2343) Pause Young (Allocation Failure)
[7247.384s][info][gc,heap        ] GC(2343) PSYoungGen: 2601652K(2624000K)->144672K(2626048K) Eden: 2455552K(2455552K)->0K(2460672K) From: 146100K(168448K)->144672K(165376K)
[7247.384s][info][gc,heap        ] GC(2343) ParOldGen: 2626761K(4558848K)->2720313K(4558848K)
[7247.384s][info][gc,metaspace   ] GC(2343) Metaspace: 29133K(29504K)->29133K(29504K) NonClass: 24247K(24384K)->24247K(24384K) Class: 4886K(5120K)->4886K(5120K)
[7247.384s][info][gc             ] GC(2343) Pause Young (Allocation Failure) 5105M->2797M(7016M) 95.035ms
[7247.384s][info][gc,cpu         ] GC(2343) User=0.56s Sys=0.00s Real=0.10s
..[7248.854s][info][gc,start       ] GC(2344) Pause Young (Allocation Failure)
[7248.951s][info][gc,heap        ] GC(2344) PSYoungGen: 2605344K(2626048K)->148320K(2627072K) Eden: 2460672K(2460672K)->0K(2460672K) From: 144672K(165376K)->148320K(166400K)
[7248.951s][info][gc,heap        ] GC(2344) ParOldGen: 2720313K(4558848K)->2807713K(4558848K)
[7248.951s][info][gc,metaspace   ] GC(2344) Metaspace: 29133K(29504K)->29133K(29504K) NonClass: 24247K(24384K)->24247K(24384K) Class: 4886K(5120K)->4886K(5120K)
[7248.951s][info][gc             ] GC(2344) Pause Young (Allocation Failure) 5200M->2886M(7017M) 96.997ms
[7248.951s][info][gc,cpu         ] GC(2344) User=0.57s Sys=0.00s Real=0.09s
.[7250.399s][info][gc,start       ] GC(2345) Pause Young (Allocation Failure)
[7250.499s][info][gc,heap        ] GC(2345) PSYoungGen: 2608992K(2627072K)->146550K(2628608K) Eden: 2460672K(2460672K)->0K(2465280K) From: 148320K(166400K)->146550K(163328K)
[7250.499s][info][gc,heap        ] GC(2345) ParOldGen: 2807713K(4558848K)->2903097K(4558848K)
[7250.499s][info][gc,metaspace   ] GC(2345) Metaspace: 29133K(29504K)->29133K(29504K) NonClass: 24247K(24384K)->24247K(24384K) Class: 4886K(5120K)->4886K(5120K)
[7250.499s][info][gc             ] GC(2345) Pause Young (Allocation Failure) 5289M->2978M(7019M) 99.637ms
[7250.499s][info][gc,cpu         ] GC(2345) User=0.59s Sys=0.00s Real=0.10s
..[7252.073s][info][gc,start       ] GC(2346) Pause Young (Allocation Failure)
[7252.171s][info][gc,heap        ] GC(2346) PSYoungGen: 2611830K(2628608K)->151988K(2628608K) Eden: 2465280K(2465280K)->0K(2465280K) From: 146550K(163328K)->151988K(163328K)
[7252.171s][info][gc,heap        ] GC(2346) ParOldGen: 2903097K(4558848K)->2994009K(4558848K)
[7252.171s][info][gc,metaspace   ] GC(2346) Metaspace: 29133K(29504K)->29133K(29504K) NonClass: 24247K(24384K)->24247K(24384K) Class: 4886K(5120K)->4886K(5120K)
[7252.171s][info][gc             ] GC(2346) Pause Young (Allocation Failure) 5385M->3072M(7019M) 97.672ms
[7252.171s][info][gc,cpu         ] GC(2346) User=0.58s Sys=0.00s Real=0.10s
.[7253.687s][info][gc,start       ] GC(2347) Pause Young (Allocation Failure)
[7253.789s][info][gc,heap        ] GC(2347) PSYoungGen: 2617268K(2628608K)->156760K(2629632K) Eden: 2465280K(2465280K)->0K(2466304K) From: 151988K(163328K)->156760K(163328K)
[7253.789s][info][gc,heap        ] GC(2347) ParOldGen: 2994009K(4558848K)->3086249K(4558848K)
[7253.789s][info][gc,metaspace   ] GC(2347) Metaspace: 29133K(29504K)->29133K(29504K) NonClass: 24247K(24384K)->24247K(24384K) Class: 4886K(5120K)->4886K(5120K)
[7253.789s][info][gc             ] GC(2347) Pause Young (Allocation Failure) 5479M->3167M(7020M) 101.491ms
[7253.789s][info][gc,cpu         ] GC(2347) User=0.60s Sys=0.00s Real=0.10s
..[7255.303s][info][gc,start       ] GC(2348) Pause Young (Allocation Failure)
[7255.401s][info][gc,heap        ] GC(2348) PSYoungGen: 2623064K(2629632K)->147664K(2631168K) Eden: 2466304K(2466304K)->0K(2466304K) From: 156760K(163328K)->147664K(164864K)
[7255.401s][info][gc,heap        ] GC(2348) ParOldGen: 3086249K(4558848K)->3177945K(4558848K)
[7255.401s][info][gc,metaspace   ] GC(2348) Metaspace: 29133K(29504K)->29133K(29504K) NonClass: 24247K(24384K)->24247K(24384K) Class: 4886K(5120K)->4886K(5120K)
[7255.401s][info][gc             ] GC(2348) Pause Young (Allocation Failure) 5575M->3247M(7021M) 98.217ms
[7255.401s][info][gc,cpu         ] GC(2348) User=0.58s Sys=0.00s Real=0.10s
.[7256.920s][info][gc,start       ] GC(2349) Pause Young (Allocation Failure)
[7257.025s][info][gc,heap        ] GC(2349) PSYoungGen: 2613968K(2631168K)->158528K(2628608K) Eden: 2466304K(2466304K)->0K(2465280K) From: 147664K(164864K)->158528K(163328K)
[7257.025s][info][gc,heap        ] GC(2349) ParOldGen: 3177945K(4558848K)->3271625K(4558848K)
[7257.025s][info][gc,metaspace   ] GC(2349) Metaspace: 29133K(29504K)->29133K(29504K) NonClass: 24247K(24384K)->24247K(24384K) Class: 4886K(5120K)->4886K(5120K)
[7257.025s][info][gc             ] GC(2349) Pause Young (Allocation Failure) 5656M->3349M(7019M) 104.796ms
[7257.025s][info][gc,cpu         ] GC(2349) User=0.62s Sys=0.00s Real=0.11s
..[7258.632s][info][gc,start       ] GC(2350) Pause Young (Allocation Failure)
[7258.731s][info][gc,heap        ] GC(2350) PSYoungGen: 2623808K(2628608K)->148000K(2630656K) Eden: 2465280K(2465280K)->0K(2465280K) From: 158528K(163328K)->148000K(165376K)
[7258.731s][info][gc,heap        ] GC(2350) ParOldGen: 3271625K(4558848K)->3363161K(4558848K)
[7258.731s][info][gc,metaspace   ] GC(2350) Metaspace: 29133K(29504K)->29133K(29504K) NonClass: 24247K(24384K)->24247K(24384K) Class: 4886K(5120K)->4886K(5120K)
[7258.731s][info][gc             ] GC(2350) Pause Young (Allocation Failure) 5757M->3428M(7021M) 98.171ms
[7258.731s][info][gc,cpu         ] GC(2350) User=0.58s Sys=0.00s Real=0.10s
..[7260.248s][info][gc,start       ] GC(2351) Pause Young (Allocation Failure)
[7260.348s][info][gc,heap        ] GC(2351) PSYoungGen: 2613280K(2630656K)->146101K(2628608K) Eden: 2465280K(2465280K)->0K(2466304K) From: 148000K(165376K)->146101K(162304K)
[7260.348s][info][gc,heap        ] GC(2351) ParOldGen: 3363161K(4558848K)->3456329K(4558848K)
[7260.348s][info][gc,metaspace   ] GC(2351) Metaspace: 29133K(29504K)->29133K(29504K) NonClass: 24247K(24384K)->24247K(24384K) Class: 4886K(5120K)->4886K(5120K)
[7260.348s][info][gc             ] GC(2351) Pause Young (Allocation Failure) 5836M->3517M(7019M) 100.327ms
[7260.348s][info][gc,cpu         ] GC(2351) User=0.59s Sys=0.00s Real=0.10s
.[7261.924s][info][gc,start       ] GC(2352) Pause Young (Allocation Failure)
[7262.023s][info][gc,heap        ] GC(2352) PSYoungGen: 2612405K(2628608K)->149200K(2630144K) Eden: 2466304K(2466304K)->0K(2466304K) From: 146101K(162304K)->149200K(163840K)
[7262.023s][info][gc,heap        ] GC(2352) ParOldGen: 3456329K(4558848K)->3547297K(4558848K)
[7262.023s][info][gc,metaspace   ] GC(2352) Metaspace: 29133K(29504K)->29133K(29504K) NonClass: 24247K(24384K)->24247K(24384K) Class: 4886K(5120K)->4886K(5120K)
[7262.023s][info][gc             ] GC(2352) Pause Young (Allocation Failure) 5926M->3609M(7020M) 98.997ms
[7262.023s][info][gc,cpu         ] GC(2352) User=0.59s Sys=0.00s Real=0.09s
..[7263.608s][info][gc,start       ] GC(2353) Pause Young (Allocation Failure)
[7263.712s][info][gc,heap        ] GC(2353) PSYoungGen: 2615504K(2630144K)->156362K(2630656K) Eden: 2466304K(2466304K)->0K(2468352K) From: 149200K(163840K)->156362K(162304K)
[7263.712s][info][gc,heap        ] GC(2353) ParOldGen: 3547297K(4558848K)->3638441K(4558848K)
[7263.712s][info][gc,metaspace   ] GC(2353) Metaspace: 29133K(29504K)->29133K(29504K) NonClass: 24247K(24384K)->24247K(24384K) Class: 4886K(5120K)->4886K(5120K)
[7263.712s][info][gc             ] GC(2353) Pause Young (Allocation Failure) 6018M->3705M(7021M) 104.143ms
[7263.712s][info][gc,cpu         ] GC(2353) User=0.61s Sys=0.00s Real=0.10s
..[7265.217s][info][gc,start       ] GC(2354) Pause Young (Allocation Failure)
[7265.311s][info][gc,heap        ] GC(2354) PSYoungGen: 2624714K(2630656K)->138208K(2606592K) Eden: 2468352K(2468352K)->0K(2468352K) From: 156362K(162304K)->138208K(138240K)
[7265.311s][info][gc,heap        ] GC(2354) ParOldGen: 3638441K(4558848K)->3729601K(4558848K)
[7265.311s][info][gc,metaspace   ] GC(2354) Metaspace: 29133K(29504K)->29133K(29504K) NonClass: 24247K(24384K)->24247K(24384K) Class: 4886K(5120K)->4886K(5120K)
[7265.311s][info][gc             ] GC(2354) Pause Young (Allocation Failure) 6116M->3777M(6997M) 94.201ms
[7265.311s][info][gc,cpu         ] GC(2354) User=0.56s Sys=0.00s Real=0.09s
.[7266.840s][info][gc,start       ] GC(2355) Pause Young (Allocation Failure)
[7266.944s][info][gc,heap        ] GC(2355) PSYoungGen: 2606560K(2606592K)->154783K(2630656K) Eden: 2468352K(2468352K)->0K(2466304K) From: 138208K(138240K)->154783K(164352K)
[7266.944s][info][gc,heap        ] GC(2355) ParOldGen: 3729601K(4558848K)->3822449K(4558848K)
[7266.944s][info][gc,metaspace   ] GC(2355) Metaspace: 29133K(29504K)->29133K(29504K) NonClass: 24247K(24384K)->24247K(24384K) Class: 4886K(5120K)->4886K(5120K)
[7266.944s][info][gc             ] GC(2355) Pause Young (Allocation Failure) 6187M->3884M(7021M) 104.412ms
[7266.944s][info][gc,cpu         ] GC(2355) User=0.61s Sys=0.00s Real=0.11s
..[7268.474s][info][gc,start       ] GC(2356) Pause Young (Allocation Failure)
[7268.568s][info][gc,heap        ] GC(2356) PSYoungGen: 2621087K(2630656K)->138144K(2604544K) Eden: 2466304K(2466304K)->0K(2466304K) From: 154783K(164352K)->138144K(138240K)
[7268.568s][info][gc,heap        ] GC(2356) ParOldGen: 3822449K(4558848K)->3914801K(4558848K)
[7268.568s][info][gc,metaspace   ] GC(2356) Metaspace: 29133K(29504K)->29133K(29504K) NonClass: 24247K(24384K)->24247K(24384K) Class: 4886K(5120K)->4886K(5120K)
[7268.568s][info][gc             ] GC(2356) Pause Young (Allocation Failure) 6292M->3957M(6995M) 93.643ms
[7268.568s][info][gc,cpu         ] GC(2356) User=0.55s Sys=0.00s Real=0.09s
.[7270.132s][info][gc,start       ] GC(2357) Pause Young (Allocation Failure)
[7270.231s][info][gc,heap        ] GC(2357) PSYoungGen: 2604448K(2604544K)->152928K(2630656K) Eden: 2466304K(2466304K)->0K(2465280K) From: 138144K(138240K)->152928K(165376K)
[7270.231s][info][gc,heap        ] GC(2357) ParOldGen: 3914801K(4558848K)->4004177K(4558848K)
[7270.231s][info][gc,metaspace   ] GC(2357) Metaspace: 29133K(29504K)->29133K(29504K) NonClass: 24247K(24384K)->24247K(24384K) Class: 4886K(5120K)->4886K(5120K)
[7270.231s][info][gc             ] GC(2357) Pause Young (Allocation Failure) 6366M->4059M(7021M) 98.447ms
[7270.231s][info][gc,cpu         ] GC(2357) User=0.59s Sys=0.00s Real=0.10s
..[7271.764s][info][gc,start       ] GC(2358) Pause Young (Allocation Failure)
[7271.865s][info][gc,heap        ] GC(2358) PSYoungGen: 2618208K(2630656K)->146421K(2611712K) Eden: 2465280K(2465280K)->0K(2465280K) From: 152928K(165376K)->146421K(146432K)
[7271.865s][info][gc,heap        ] GC(2358) ParOldGen: 4004177K(4558848K)->4099385K(4558848K)
[7271.865s][info][gc,metaspace   ] GC(2358) Metaspace: 29133K(29504K)->29133K(29504K) NonClass: 24247K(24384K)->24247K(24384K) Class: 4886K(5120K)->4886K(5120K)
[7271.865s][info][gc             ] GC(2358) Pause Young (Allocation Failure) 6467M->4146M(7002M) 100.531ms
[7271.865s][info][gc,cpu         ] GC(2358) User=0.59s Sys=0.00s Real=0.10s
..[7273.362s][info][gc,start       ] GC(2359) Pause Young (Allocation Failure)
[7273.459s][info][gc,heap        ] GC(2359) PSYoungGen: 2611701K(2611712K)->141104K(2630144K) Eden: 2465280K(2465280K)->0K(2465792K) From: 146421K(146432K)->141104K(164352K)
[7273.459s][info][gc,heap        ] GC(2359) ParOldGen: 4099385K(4558848K)->4190937K(4558848K)
[7273.459s][info][gc,metaspace   ] GC(2359) Metaspace: 29133K(29504K)->29133K(29504K) NonClass: 24247K(24384K)->24247K(24384K) Class: 4886K(5120K)->4886K(5120K)
[7273.459s][info][gc             ] GC(2359) Pause Young (Allocation Failure) 6553M->4230M(7020M) 97.130ms
[7273.459s][info][gc,cpu         ] GC(2359) User=0.58s Sys=0.00s Real=0.10s
.[7275.065s][info][gc,start       ] GC(2360) Pause Young (Allocation Failure)
[7275.164s][info][gc,heap        ] GC(2360) PSYoungGen: 2606896K(2630144K)->153824K(2629632K) Eden: 2465792K(2465792K)->0K(2465792K) From: 141104K(164352K)->153824K(163840K)
[7275.164s][info][gc,heap        ] GC(2360) ParOldGen: 4190937K(4558848K)->4280417K(4558848K)
[7275.164s][info][gc,metaspace   ] GC(2360) Metaspace: 29133K(29504K)->29133K(29504K) NonClass: 24247K(24384K)->24247K(24384K) Class: 4886K(5120K)->4886K(5120K)
[7275.164s][info][gc             ] GC(2360) Pause Young (Allocation Failure) 6638M->4330M(7020M) 99.332ms
[7275.164s][info][gc,cpu         ] GC(2360) User=0.59s Sys=0.00s Real=0.10s
..[7276.700s][info][gc,start       ] GC(2361) Pause Young (Allocation Failure)
[7276.799s][info][gc,heap        ] GC(2361) PSYoungGen: 2619616K(2629632K)->146080K(2630656K) Eden: 2465792K(2465792K)->0K(2467840K) From: 153824K(163840K)->146080K(162816K)
[7276.799s][info][gc,heap        ] GC(2361) ParOldGen: 4280417K(4558848K)->4374473K(4558848K)
[7276.799s][info][gc,metaspace   ] GC(2361) Metaspace: 29133K(29504K)->29133K(29504K) NonClass: 24247K(24384K)->24247K(24384K) Class: 4886K(5120K)->4886K(5120K)
[7276.799s][info][gc             ] GC(2361) Pause Young (Allocation Failure) 6738M->4414M(7021M) 99.830ms
[7276.800s][info][gc,cpu         ] GC(2361) User=0.60s Sys=0.00s Real=0.10s
.[7278.383s][info][gc,start       ] GC(2362) Pause Young (Allocation Failure)
[7278.478s][info][gc,heap        ] GC(2362) PSYoungGen: 2613920K(2630656K)->140320K(2631168K) Eden: 2467840K(2467840K)->0K(2467840K) From: 146080K(162816K)->140320K(163328K)
[7278.478s][info][gc,heap        ] GC(2362) ParOldGen: 4374473K(4558848K)->4465689K(4558848K)
[7278.478s][info][gc,metaspace   ] GC(2362) Metaspace: 29133K(29504K)->29133K(29504K) NonClass: 24247K(24384K)->24247K(24384K) Class: 4886K(5120K)->4886K(5120K)
[7278.478s][info][gc             ] GC(2362) Pause Young (Allocation Failure) 6824M->4498M(7021M) 94.865ms
[7278.478s][info][gc,cpu         ] GC(2362) User=0.56s Sys=0.00s Real=0.10s
..[7279.997s][info][gc,start       ] GC(2363) Pause Young (Allocation Failure)
[7280.095s][info][gc,heap        ] GC(2363) PSYoungGen: 2608160K(2631168K)->147264K(2629632K) Eden: 2467840K(2467840K)->0K(2469376K) From: 140320K(163328K)->147264K(160256K)
[7280.095s][info][gc,heap        ] GC(2363) ParOldGen: 4465689K(4558848K)->4559777K(4559872K)
[7280.095s][info][gc,metaspace   ] GC(2363) Metaspace: 29133K(29504K)->29133K(29504K) NonClass: 24247K(24384K)->24247K(24384K) Class: 4886K(5120K)->4886K(5120K)
[7280.095s][info][gc             ] GC(2363) Pause Young (Allocation Failure) 6908M->4596M(7021M) 98.219ms
[7280.095s][info][gc,cpu         ] GC(2363) User=0.58s Sys=0.00s Real=0.10s
..[7281.638s][info][gc,start       ] GC(2364) Pause Young (Allocation Failure)
[7281.750s][info][gc,heap        ] GC(2364) PSYoungGen: 2616640K(2629632K)->159589K(2631168K) Eden: 2469376K(2469376K)->0K(2469376K) From: 147264K(160256K)->159589K(161792K)
[7281.750s][info][gc,heap        ] GC(2364) ParOldGen: 4559777K(4559872K)->4650961K(4651008K)
[7281.750s][info][gc,metaspace   ] GC(2364) Metaspace: 29133K(29504K)->29133K(29504K) NonClass: 24247K(24384K)->24247K(24384K) Class: 4886K(5120K)->4886K(5120K)
[7281.750s][info][gc             ] GC(2364) Pause Young (Allocation Failure) 7008M->4697M(7111M) 112.295ms
[7281.750s][info][gc,cpu         ] GC(2364) User=0.63s Sys=0.03s Real=0.11s
.[7283.246s][info][gc,start       ] GC(2365) Pause Young (Allocation Failure)
[7283.347s][info][gc,heap        ] GC(2365) PSYoungGen: 2628965K(2631168K)->141376K(2631680K) Eden: 2469376K(2469376K)->0K(2466816K) From: 159589K(161792K)->141376K(164864K)
[7283.347s][info][gc,heap        ] GC(2365) ParOldGen: 4650961K(4651008K)->4742193K(4742656K)
[7283.347s][info][gc,metaspace   ] GC(2365) Metaspace: 29133K(29504K)->29133K(29504K) NonClass: 24247K(24384K)->24247K(24384K) Class: 4886K(5120K)->4886K(5120K)
[7283.347s][info][gc             ] GC(2365) Pause Young (Allocation Failure) 7109M->4769M(7201M) 101.483ms
[7283.347s][info][gc,cpu         ] GC(2365) User=0.57s Sys=0.03s Real=0.10s
..[7284.839s][info][gc,start       ] GC(2366) Pause Young (Allocation Failure)
[7284.944s][info][gc,heap        ] GC(2366) PSYoungGen: 2608192K(2631680K)->151232K(2631168K) Eden: 2466816K(2466816K)->0K(2466816K) From: 141376K(164864K)->151232K(164352K)
[7284.944s][info][gc,heap        ] GC(2366) ParOldGen: 4742193K(4742656K)->4834529K(4834816K)
[7284.944s][info][gc,metaspace   ] GC(2366) Metaspace: 29133K(29504K)->29133K(29504K) NonClass: 24247K(24384K)->24247K(24384K) Class: 4886K(5120K)->4886K(5120K)
[7284.944s][info][gc             ] GC(2366) Pause Young (Allocation Failure) 7178M->4868M(7291M) 104.811ms
[7284.944s][info][gc,cpu         ] GC(2366) User=0.59s Sys=0.04s Real=0.11s
.[7286.458s][info][gc,start       ] GC(2367) Pause Young (Allocation Failure)
[7286.561s][info][gc,heap        ] GC(2367) PSYoungGen: 2618048K(2631168K)->142756K(2630144K) Eden: 2466816K(2466816K)->0K(2467328K) From: 151232K(164352K)->142756K(162816K)
[7286.561s][info][gc,heap        ] GC(2367) ParOldGen: 4834529K(4834816K)->4928945K(4929024K)
[7286.561s][info][gc,metaspace   ] GC(2367) Metaspace: 29133K(29504K)->29133K(29504K) NonClass: 24247K(24384K)->24247K(24384K) Class: 4886K(5120K)->4886K(5120K)
[7286.561s][info][gc             ] GC(2367) Pause Young (Allocation Failure) 7277M->4952M(7382M) 102.217ms
[7286.561s][info][gc,cpu         ] GC(2367) User=0.57s Sys=0.03s Real=0.10s
..[7288.160s][info][gc,start       ] GC(2368) Pause Young (Allocation Failure)
[7288.266s][info][gc,heap        ] GC(2368) PSYoungGen: 2610084K(2630144K)->153888K(2630656K) Eden: 2467328K(2467328K)->0K(2467328K) From: 142756K(162816K)->153888K(163328K)
[7288.266s][info][gc,heap        ] GC(2368) ParOldGen: 4928945K(4929024K)->5019201K(5019648K)
[7288.266s][info][gc,metaspace   ] GC(2368) Metaspace: 29133K(29504K)->29133K(29504K) NonClass: 24247K(24384K)->24247K(24384K) Class: 4886K(5120K)->4886K(5120K)
[7288.266s][info][gc             ] GC(2368) Pause Young (Allocation Failure) 7362M->5051M(7471M) 105.902ms
[7288.266s][info][gc,cpu         ] GC(2368) User=0.60s Sys=0.02s Real=0.11s
.[7289.720s][info][gc,start       ] GC(2369) Pause Young (Allocation Failure)
[7289.859s][info][gc,heap        ] GC(2369) PSYoungGen: 2621216K(2630656K)->145888K(2631680K) Eden: 2467328K(2467328K)->0K(2468352K) From: 153888K(163328K)->145888K(163328K)
[7289.859s][info][gc,heap        ] GC(2369) ParOldGen: 5019201K(5019648K)->5111617K(5111808K)
[7289.859s][info][gc,metaspace   ] GC(2369) Metaspace: 29133K(29504K)->29133K(29504K) NonClass: 24247K(24384K)->24247K(24384K) Class: 4886K(5120K)->4886K(5120K)
[7289.859s][info][gc             ] GC(2369) Pause Young (Allocation Failure) 7461M->5134M(7562M) 139.193ms
[7289.859s][info][gc,cpu         ] GC(2369) User=0.57s Sys=0.03s Real=0.14s
..[7291.337s][info][gc,start       ] GC(2370) Pause Young (Allocation Failure)
[7291.442s][info][gc,heap        ] GC(2370) PSYoungGen: 2614240K(2631680K)->145493K(2631680K) Eden: 2468352K(2468352K)->0K(2468352K) From: 145888K(163328K)->145493K(163328K)
[7291.442s][info][gc,heap        ] GC(2370) ParOldGen: 5111617K(5111808K)->5204305K(5204480K)
[7291.442s][info][gc,metaspace   ] GC(2370) Metaspace: 29133K(29504K)->29133K(29504K) NonClass: 24247K(24384K)->24247K(24384K) Class: 4886K(5120K)->4886K(5120K)
[7291.442s][info][gc             ] GC(2370) Pause Young (Allocation Failure) 7544M->5224M(7652M) 104.722ms
[7291.442s][info][gc,cpu         ] GC(2370) User=0.59s Sys=0.02s Real=0.10s
..[7292.991s][info][gc,start       ] GC(2371) Pause Young (Allocation Failure)
[7293.095s][info][gc,heap        ] GC(2371) PSYoungGen: 2613845K(2631680K)->153056K(2631168K) Eden: 2468352K(2468352K)->0K(2468864K) From: 145493K(163328K)->153056K(162304K)
[7293.095s][info][gc,heap        ] GC(2371) ParOldGen: 5204305K(5204480K)->5293729K(5294080K)
[7293.095s][info][gc,metaspace   ] GC(2371) Metaspace: 29133K(29504K)->29133K(29504K) NonClass: 24247K(24384K)->24247K(24384K) Class: 4886K(5120K)->4886K(5120K)
[7293.095s][info][gc             ] GC(2371) Pause Young (Allocation Failure) 7634M->5319M(7739M) 103.570ms
[7293.095s][info][gc,cpu         ] GC(2371) User=0.58s Sys=0.04s Real=0.11s
.[7294.624s][info][gc,start       ] GC(2372) Pause Young (Allocation Failure)
[7294.729s][info][gc,heap        ] GC(2372) PSYoungGen: 2621920K(2631168K)->146592K(2631680K) Eden: 2468864K(2468864K)->0K(2468864K) From: 153056K(162304K)->146592K(162816K)
[7294.729s][info][gc,heap        ] GC(2372) ParOldGen: 5293729K(5294080K)->5388833K(5389312K)
[7294.729s][info][gc,metaspace   ] GC(2372) Metaspace: 29133K(29504K)->29133K(29504K) NonClass: 24247K(24384K)->24247K(24384K) Class: 4886K(5120K)->4886K(5120K)
[7294.729s][info][gc             ] GC(2372) Pause Young (Allocation Failure) 7730M->5405M(7833M) 105.248ms
[7294.729s][info][gc,cpu         ] GC(2372) User=0.59s Sys=0.02s Real=0.10s
..[7296.184s][info][gc,start       ] GC(2373) Pause Young (Allocation Failure)
[7296.291s][info][gc,heap        ] GC(2373) PSYoungGen: 2615456K(2631680K)->155040K(2630656K) Eden: 2468864K(2468864K)->0K(2469376K) From: 146592K(162816K)->155040K(161280K)
[7296.291s][info][gc,heap        ] GC(2373) ParOldGen: 5388833K(5389312K)->5479209K(5479424K)
[7296.291s][info][gc,metaspace   ] GC(2373) Metaspace: 29133K(29504K)->29133K(29504K) NonClass: 24247K(24384K)->24247K(24384K) Class: 4886K(5120K)->4886K(5120K)
[7296.291s][info][gc             ] GC(2373) Pause Young (Allocation Failure) 7816M->5502M(7920M) 106.551ms
[7296.291s][info][gc,cpu         ] GC(2373) User=0.60s Sys=0.03s Real=0.10s
.[7297.793s][info][gc,start       ] GC(2374) Pause Young (Allocation Failure)
[7297.898s][info][gc,heap        ] GC(2374) PSYoungGen: 2624416K(2630656K)->148544K(2632192K) Eden: 2469376K(2469376K)->0K(2469376K) From: 155040K(161280K)->148544K(162816K)
[7297.899s][info][gc,heap        ] GC(2374) ParOldGen: 5479209K(5479424K)->5572737K(5573120K)
[7297.899s][info][gc,metaspace   ] GC(2374) Metaspace: 29133K(29504K)->29133K(29504K) NonClass: 24247K(24384K)->24247K(24384K) Class: 4886K(5120K)->4886K(5120K)
[7297.899s][info][gc             ] GC(2374) Pause Young (Allocation Failure) 7913M->5587M(8013M) 105.239ms
[7297.899s][info][gc,cpu         ] GC(2374) User=0.59s Sys=0.03s Real=0.10s
..[7299.423s][info][gc,start       ] GC(2375) Pause Full (Allocation Failure)
[7299.423s][info][gc,phases,start] GC(2375) Marking Phase
[7299.722s][info][gc,phases      ] GC(2375) Marking Phase 298.855ms
[7299.722s][info][gc,phases,start] GC(2375) Summary Phase
[7299.722s][info][gc,phases      ] GC(2375) Summary Phase 0.094ms
[7299.722s][info][gc,phases,start] GC(2375) Forward
[7299.865s][info][gc,phases      ] GC(2375) Forward 143.196ms
[7299.865s][info][gc,phases,start] GC(2375) Adjust Pointers
[7300.069s][info][gc,phases      ] GC(2375) Adjust Pointers 203.329ms
[7300.069s][info][gc,phases,start] GC(2375) Compaction Phase
[7300.197s][info][gc,phases      ] GC(2375) Compaction Phase 128.133ms
[7300.198s][info][gc,phases,start] GC(2375) Post Compact
[7300.205s][info][gc,phases      ] GC(2375) Post Compact 6.793ms
[7300.346s][info][gc,heap        ] GC(2375) PSYoungGen: 2617920K(2632192K)->0K(2633216K) Eden: 2469376K(2469376K)->0K(2471936K) From: 148544K(162816K)->0K(161280K)
[7300.346s][info][gc,heap        ] GC(2375) ParOldGen: 5572737K(5573120K)->1437875K(1791488K)
[7300.346s][info][gc,metaspace   ] GC(2375) Metaspace: 29133K(29504K)->29133K(29504K) NonClass: 24247K(24384K)->24247K(24384K) Class: 4886K(5120K)->4886K(5120K)
[7300.346s][info][gc             ] GC(2375) Pause Full (Allocation Failure) 7998M->1404M(4321M) 922.623ms
[7300.346s][info][gc,cpu         ] GC(2375) User=4.10s Sys=0.14s Real=0.93s
..[7301.836s][info][gc,start       ] GC(2376) Pause Young (Allocation Failure)
[7301.910s][info][gc,heap        ] GC(2376) PSYoungGen: 2471936K(2633216K)->160133K(2632192K) Eden: 2471936K(2471936K)->0K(2471936K) From: 0K(161280K)->160133K(160256K)
[7301.910s][info][gc,heap        ] GC(2376) ParOldGen: 1437875K(1791488K)->1437875K(1791488K)
[7301.910s][info][gc,metaspace   ] GC(2376) Metaspace: 29133K(29504K)->29133K(29504K) NonClass: 24247K(24384K)->24247K(24384K) Class: 4886K(5120K)->4886K(5120K)
[7301.910s][info][gc             ] GC(2376) Pause Young (Allocation Failure) 3818M->1560M(4320M) 74.111ms
[7301.910s][info][gc,cpu         ] GC(2376) User=0.44s Sys=0.00s Real=0.07s
.[7303.203s][info][gc,start       ] GC(2377) Pause Young (Allocation Failure)
[7303.307s][info][gc,heap        ] GC(2377) PSYoungGen: 2632069K(2632192K)->163808K(2555392K) Eden: 2471936K(2471936K)->0K(2391552K) From: 160133K(160256K)->163808K(163840K)
[7303.307s][info][gc,heap        ] GC(2377) ParOldGen: 1437875K(1791488K)->1530227K(1791488K)
[7303.307s][info][gc,metaspace   ] GC(2377) Metaspace: 29133K(29504K)->29133K(29504K) NonClass: 24247K(24384K)->24247K(24384K) Class: 4886K(5120K)->4886K(5120K)
[7303.307s][info][gc             ] GC(2377) Pause Young (Allocation Failure) 3974M->1654M(4245M) 104.383ms
[7303.307s][info][gc,cpu         ] GC(2377) User=0.60s Sys=0.01s Real=0.11s
. (rIR:aIR:PR = 12315:12272:12243) (tPR = 180749) [OK] 
  7304s: Performance info:
         Transaction,    Success,    Partial,     Failed,   Receipts, AvgBarcode, 
             Overall,     743412,          0,          0,     705503,      59.47, 
         Response times:
             Request,    Success,    Partial,     Failed,   SkipFail,     Probes,    Samples,      min,      p50,      p90,      p95,      p99,      max, 
       TotalPurchase,     709006,          0,          0,          0,     331144,     417439,      300,    28000,   146000,   288000,   840000,  1200000,
     InStorePurchase,     373892,          0,          0,          0,     173446,     218763,      300,    28000,   146000,   280000,   840000,  1200000,
      OnlinePurchase,     259574,          0,          0,          0,     122439,     154140,      300,    28000,   147000,   293000,   740000,  1200000,
        InstPurchase,      75540,          0,          0,          0,      35259,      44536,      400,    27000,   145000,   308000,   850000,   950000,
          AssocOfCat,        743,          0,          0,          0,        622,        854,    19200,    65000,   176000,   241000,   558150,   900000,
      AssocOfProduct,       7488,          0,          0,          0,       3265,       4346,      700,    31000,   139000,   190650,   561000,   840000,
      BusinessReport,       1859,          0,          0,          0,       1585,       2068,    29000,    82000,   194000,   248550,   581000,  1100000,
          CustBuyBeh,       7430,          0,          0,          0,       3214,       4168,      200,    28000,   125100,   175000,   710000,   820000,
       ProductReturn,      19890,          0,          0,          0,       8948,      11285,      200,    26000,   126400,   195000,   523000,  1200000,

  7304s: (90%)   IR =  12453 [7304.809s][info][gc,start       ] GC(2378) Pause Young (Allocation Failure)
[7304.904s][info][gc,heap        ] GC(2378) PSYoungGen: 2555360K(2555392K)->138169K(2593792K) Eden: 2391552K(2391552K)->0K(2391552K) From: 163808K(163840K)->138169K(202240K)
[7304.904s][info][gc,heap        ] GC(2378) ParOldGen: 1530227K(1791488K)->1630763K(1791488K)
[7304.904s][info][gc,metaspace   ] GC(2378) Metaspace: 29133K(29504K)->29133K(29504K) NonClass: 24247K(24384K)->24247K(24384K) Class: 4886K(5120K)->4886K(5120K)
[7304.904s][info][gc             ] GC(2378) Pause Young (Allocation Failure) 3989M->1727M(4282M) 95.381ms
[7304.904s][info][gc,cpu         ] GC(2378) User=0.57s Sys=0.00s Real=0.10s
.[7306.245s][info][gc,start       ] GC(2379) Pause Young (Allocation Failure)
[7306.347s][info][gc,heap        ] GC(2379) PSYoungGen: 2529721K(2593792K)->162975K(2588160K) Eden: 2391552K(2391552K)->0K(2392064K) From: 138169K(202240K)->162975K(196096K)
[7306.347s][info][gc,heap        ] GC(2379) ParOldGen: 1630763K(1791488K)->1714515K(1791488K)
[7306.347s][info][gc,metaspace   ] GC(2379) Metaspace: 29133K(29504K)->29133K(29504K) NonClass: 24247K(24384K)->24247K(24384K) Class: 4886K(5120K)->4886K(5120K)
[7306.347s][info][gc             ] GC(2379) Pause Young (Allocation Failure) 4062M->1833M(4277M) 102.680ms
[7306.348s][info][gc,cpu         ] GC(2379) User=0.61s Sys=0.00s Real=0.10s
..[7307.813s][info][gc,start       ] GC(2380) Pause Young (Allocation Failure)
[7307.908s][info][gc,heap        ] GC(2380) PSYoungGen: 2555039K(2588160K)->138240K(2591232K) Eden: 2392064K(2392064K)->0K(2392064K) From: 162975K(196096K)->138240K(199168K)
[7307.908s][info][gc,heap        ] GC(2380) ParOldGen: 1714515K(1791488K)->1810811K(1810944K)
[7307.908s][info][gc,metaspace   ] GC(2380) Metaspace: 29133K(29504K)->29133K(29504K) NonClass: 24247K(24384K)->24247K(24384K) Class: 4886K(5120K)->4886K(5120K)
[7307.908s][info][gc             ] GC(2380) Pause Young (Allocation Failure) 4169M->1903M(4299M) 94.992ms
[7307.908s][info][gc,cpu         ] GC(2380) User=0.56s Sys=0.01s Real=0.10s
.[7309.292s][info][gc,start       ] GC(2381) Pause Young (Allocation Failure)
[7309.393s][info][gc,heap        ] GC(2381) PSYoungGen: 2530304K(2591232K)->147988K(2591232K) Eden: 2392064K(2392064K)->0K(2398208K) From: 138240K(199168K)->147988K(193024K)
[7309.393s][info][gc,heap        ] GC(2381) ParOldGen: 1810811K(1810944K)->1898827K(1899008K)
[7309.393s][info][gc,metaspace   ] GC(2381) Metaspace: 29133K(29504K)->29133K(29504K) NonClass: 24247K(24384K)->24247K(24384K) Class: 4886K(5120K)->4886K(5120K)
[7309.393s][info][gc             ] GC(2381) Pause Young (Allocation Failure) 4239M->1998M(4385M) 100.553ms
[7309.393s][info][gc,cpu         ] GC(2381) User=0.57s Sys=0.03s Real=0.10s
.[7310.917s][info][gc,start       ] GC(2382) Pause Young (Allocation Failure)
[7311.014s][info][gc,heap        ] GC(2382) PSYoungGen: 2546196K(2591232K)->139264K(2594304K) Eden: 2398208K(2398208K)->0K(2398208K) From: 147988K(193024K)->139264K(196096K)
[7311.014s][info][gc,heap        ] GC(2382) ParOldGen: 1898827K(1899008K)->1992475K(1992704K)
[7311.014s][info][gc,metaspace   ] GC(2382) Metaspace: 29133K(29504K)->29133K(29504K) NonClass: 24247K(24384K)->24247K(24384K) Class: 4886K(5120K)->4886K(5120K)
[7311.014s][info][gc             ] GC(2382) Pause Young (Allocation Failure) 4340M->2081M(4479M) 97.734ms
[7311.014s][info][gc,cpu         ] GC(2382) User=0.55s Sys=0.03s Real=0.10s
..[7312.390s][info][gc,start       ] GC(2383) Pause Young (Allocation Failure)
[7312.494s][info][gc,heap        ] GC(2383) PSYoungGen: 2537472K(2594304K)->152303K(2590720K) Eden: 2398208K(2398208K)->0K(2404864K) From: 139264K(196096K)->152303K(185856K)
[7312.494s][info][gc,heap        ] GC(2383) ParOldGen: 1992475K(1992704K)->2081131K(2081280K)
[7312.494s][info][gc,metaspace   ] GC(2383) Metaspace: 29133K(29504K)->29133K(29504K) NonClass: 24247K(24384K)->24247K(24384K) Class: 4886K(5120K)->4886K(5120K)
[7312.494s][info][gc             ] GC(2383) Pause Young (Allocation Failure) 4423M->2181M(4562M) 103.800ms
[7312.494s][info][gc,cpu         ] GC(2383) User=0.58s Sys=0.03s Real=0.11s
.[7313.976s][info][gc,start       ] GC(2384) Pause Young (Allocation Failure)
[7314.076s][info][gc,heap        ] GC(2384) PSYoungGen: 2557167K(2590720K)->146848K(2595840K) Eden: 2404864K(2404864K)->0K(2404864K) From: 152303K(185856K)->146848K(190976K)
[7314.076s][info][gc,heap        ] GC(2384) ParOldGen: 2081131K(2081280K)->2173779K(2173952K)
[7314.076s][info][gc,metaspace   ] GC(2384) Metaspace: 29133K(29504K)->29133K(29504K) NonClass: 24247K(24384K)->24247K(24384K) Class: 4886K(5120K)->4886K(5120K)
[7314.076s][info][gc             ] GC(2384) Pause Young (Allocation Failure) 4529M->2266M(4658M) 99.718ms
[7314.076s][info][gc,cpu         ] GC(2384) User=0.55s Sys=0.04s Real=0.10s
..[7315.534s][info][gc,start       ] GC(2385) Pause Young (Allocation Failure)
[7315.631s][info][gc,heap        ] GC(2385) PSYoungGen: 2551712K(2595840K)->139392K(2599936K) Eden: 2404864K(2404864K)->0K(2416128K) From: 146848K(190976K)->139392K(183808K)
[7315.631s][info][gc,heap        ] GC(2385) ParOldGen: 2173779K(2173952K)->2263771K(2264064K)
[7315.631s][info][gc,metaspace   ] GC(2385) Metaspace: 29133K(29504K)->29133K(29504K) NonClass: 24247K(24384K)->24247K(24384K) Class: 4886K(5120K)->4886K(5120K)
[7315.631s][info][gc             ] GC(2385) Pause Young (Allocation Failure) 4614M->2346M(4750M) 96.375ms
[7315.631s][info][gc,cpu         ] GC(2385) User=0.55s Sys=0.03s Real=0.09s
.[7317.072s][info][gc,start       ] GC(2386) Pause Young (Allocation Failure)
[7317.172s][info][gc,heap        ] GC(2386) PSYoungGen: 2555520K(2599936K)->150464K(2603520K) Eden: 2416128K(2416128K)->0K(2416128K) From: 139392K(183808K)->150464K(187392K)
[7317.172s][info][gc,heap        ] GC(2386) ParOldGen: 2263771K(2264064K)->2352835K(2353152K)
[7317.172s][info][gc,metaspace   ] GC(2386) Metaspace: 29133K(29504K)->29133K(29504K) NonClass: 24247K(24384K)->24247K(24384K) Class: 4886K(5120K)->4886K(5120K)
[7317.172s][info][gc             ] GC(2386) Pause Young (Allocation Failure) 4706M->2444M(4840M) 99.899ms
[7317.172s][info][gc,cpu         ] GC(2386) User=0.57s Sys=0.02s Real=0.10s
..[7318.717s][info][gc,start       ] GC(2387) Pause Young (Allocation Failure)
[7318.821s][info][gc,heap        ] GC(2387) PSYoungGen: 2566592K(2603520K)->148703K(2603008K) Eden: 2416128K(2416128K)->0K(2424320K) From: 150464K(187392K)->148703K(178688K)
[7318.821s][info][gc,heap        ] GC(2387) ParOldGen: 2352835K(2353152K)->2446515K(2446848K)
[7318.821s][info][gc,metaspace   ] GC(2387) Metaspace: 29133K(29504K)->29133K(29504K) NonClass: 24247K(24384K)->24247K(24384K) Class: 4886K(5120K)->4886K(5120K)
[7318.821s][info][gc             ] GC(2387) Pause Young (Allocation Failure) 4804M->2534M(4931M) 103.984ms
[7318.821s][info][gc,cpu         ] GC(2387) User=0.59s Sys=0.02s Real=0.10s
..[7320.325s][info][gc,start       ] GC(2388) Pause Young (Allocation Failure)
[7320.423s][info][gc,heap        ] GC(2388) PSYoungGen: 2573023K(2603008K)->140448K(2606080K) Eden: 2424320K(2424320K)->0K(2424320K) From: 148703K(178688K)->140448K(181760K)
[7320.423s][info][gc,heap        ] GC(2388) ParOldGen: 2446515K(2446848K)->2536259K(2536448K)
[7320.423s][info][gc,metaspace   ] GC(2388) Metaspace: 29133K(29504K)->29133K(29504K) NonClass: 24247K(24384K)->24247K(24384K) Class: 4886K(5120K)->4886K(5120K)
[7320.423s][info][gc             ] GC(2388) Pause Young (Allocation Failure) 4901M->2613M(5022M) 97.846ms
[7320.423s][info][gc,cpu         ] GC(2388) User=0.54s Sys=0.04s Real=0.09s
.[7321.912s][info][gc,start       ] GC(2389) Pause Young (Allocation Failure)
[7322.011s][info][gc,heap        ] GC(2389) PSYoungGen: 2564768K(2606080K)->143808K(2609664K) Eden: 2424320K(2424320K)->0K(2434048K) From: 140448K(181760K)->143808K(175616K)
[7322.011s][info][gc,heap        ] GC(2389) ParOldGen: 2536259K(2536448K)->2627987K(2628096K)
[7322.011s][info][gc,metaspace   ] GC(2389) Metaspace: 29133K(29504K)->29133K(29504K) NonClass: 24247K(24384K)->24247K(24384K) Class: 4886K(5120K)->4886K(5120K)
[7322.011s][info][gc             ] GC(2389) Pause Young (Allocation Failure) 4981M->2706M(5115M) 98.896ms
[7322.011s][info][gc,cpu         ] GC(2389) User=0.56s Sys=0.02s Real=0.10s
.|.[7323.464s][info][gc,start       ] GC(2390) Pause Young (Allocation Failure)
[7323.563s][info][gc,heap        ] GC(2390) PSYoungGen: 2577856K(2609664K)->145688K(2612736K) Eden: 2434048K(2434048K)->0K(2434048K) From: 143808K(175616K)->145688K(178688K)
[7323.563s][info][gc,heap        ] GC(2390) ParOldGen: 2627987K(2628096K)->2718739K(2719232K)
[7323.563s][info][gc,metaspace   ] GC(2390) Metaspace: 29133K(29504K)->29133K(29504K) NonClass: 24247K(24384K)->24247K(24384K) Class: 4886K(5120K)->4886K(5120K)
[7323.563s][info][gc             ] GC(2390) Pause Young (Allocation Failure) 5083M->2797M(5207M) 98.508ms
[7323.563s][info][gc,cpu         ] GC(2390) User=0.55s Sys=0.02s Real=0.09s
.[7325.109s][info][gc,start       ] GC(2391) Pause Young (Allocation Failure)
[7325.212s][info][gc,heap        ] GC(2391) PSYoungGen: 2579736K(2612736K)->150880K(2611200K) Eden: 2434048K(2434048K)->0K(2440704K) From: 145688K(178688K)->150880K(170496K)
[7325.212s][info][gc,heap        ] GC(2391) ParOldGen: 2718739K(2719232K)->2811931K(2812416K)
[7325.212s][info][gc,metaspace   ] GC(2391) Metaspace: 29133K(29504K)->29133K(29504K) NonClass: 24247K(24384K)->24247K(24384K) Class: 4886K(5120K)->4886K(5120K)
[7325.212s][info][gc             ] GC(2391) Pause Young (Allocation Failure) 5174M->2893M(5296M) 103.834ms
[7325.212s][info][gc,cpu         ] GC(2391) User=0.58s Sys=0.03s Real=0.10s
..[7326.719s][info][gc,start       ] GC(2392) Pause Young (Allocation Failure)
[7326.817s][info][gc,heap        ] GC(2392) PSYoungGen: 2591584K(2611200K)->145120K(2614784K) Eden: 2440704K(2440704K)->0K(2440704K) From: 150880K(170496K)->145120K(174080K)
[7326.817s][info][gc,heap        ] GC(2392) ParOldGen: 2811931K(2812416K)->2900227K(2900480K)
[7326.817s][info][gc,metaspace   ] GC(2392) Metaspace: 29133K(29504K)->29133K(29504K) NonClass: 24247K(24384K)->24247K(24384K) Class: 4886K(5120K)->4886K(5120K)
[7326.817s][info][gc             ] GC(2392) Pause Young (Allocation Failure) 5276M->2973M(5386M) 97.394ms
[7326.817s][info][gc,cpu         ] GC(2392) User=0.55s Sys=0.02s Real=0.10s
.[7328.366s][info][gc,start       ] GC(2393) Pause Young (Allocation Failure)
[7328.468s][info][gc,heap        ] GC(2393) PSYoungGen: 2585824K(2614784K)->148020K(2616320K) Eden: 2440704K(2440704K)->0K(2449408K) From: 145120K(174080K)->148020K(166912K)
[7328.469s][info][gc,heap        ] GC(2393) ParOldGen: 2900227K(2900480K)->2993395K(2993664K)
[7328.469s][info][gc,metaspace   ] GC(2393) Metaspace: 29133K(29504K)->29133K(29504K) NonClass: 24247K(24384K)->24247K(24384K) Class: 4886K(5120K)->4886K(5120K)
[7328.469s][info][gc             ] GC(2393) Pause Young (Allocation Failure) 5357M->3067M(5478M) 102.274ms
[7328.469s][info][gc,cpu         ] GC(2393) User=0.57s Sys=0.03s Real=0.10s
..[7329.924s][info][gc,start       ] GC(2394) Pause Young (Allocation Failure)
[7330.028s][info][gc,heap        ] GC(2394) PSYoungGen: 2597428K(2616320K)->151204K(2619904K) Eden: 2449408K(2449408K)->0K(2449408K) From: 148020K(166912K)->151204K(170496K)
[7330.028s][info][gc,heap        ] GC(2394) ParOldGen: 2993395K(2993664K)->3084467K(3084800K)
[7330.028s][info][gc,metaspace   ] GC(2394) Metaspace: 29133K(29504K)->29133K(29504K) NonClass: 24247K(24384K)->24247K(24384K) Class: 4886K(5120K)->4886K(5120K)
[7330.028s][info][gc             ] GC(2394) Pause Young (Allocation Failure) 5459M->3159M(5571M) 103.175ms
[7330.028s][info][gc,cpu         ] GC(2394) User=0.59s Sys=0.02s Real=0.10s
..[7331.569s][info][gc,start       ] GC(2395) Pause Young (Allocation Failure)
[7331.672s][info][gc,heap        ] GC(2395) PSYoungGen: 2600612K(2619904K)->149891K(2620928K) Eden: 2449408K(2449408K)->0K(2456576K) From: 151204K(170496K)->149891K(164352K)
[7331.672s][info][gc,heap        ] GC(2395) ParOldGen: 3084467K(3084800K)->3173667K(3173888K)
[7331.672s][info][gc,metaspace   ] GC(2395) Metaspace: 29133K(29504K)->29133K(29504K) NonClass: 24247K(24384K)->24247K(24384K) Class: 4886K(5120K)->4886K(5120K)
[7331.672s][info][gc             ] GC(2395) Pause Young (Allocation Failure) 5551M->3245M(5659M) 103.328ms
[7331.672s][info][gc,cpu         ] GC(2395) User=0.58s Sys=0.03s Real=0.10s
.[7333.121s][info][gc,start       ] GC(2396) Pause Young (Allocation Failure)
[7333.230s][info][gc,heap        ] GC(2396) PSYoungGen: 2606467K(2620928K)->159072K(2624000K) Eden: 2456576K(2456576K)->0K(2456576K) From: 149891K(164352K)->159072K(167424K)
[7333.230s][info][gc,heap        ] GC(2396) ParOldGen: 3173667K(3173888K)->3266795K(3267072K)
[7333.230s][info][gc,metaspace   ] GC(2396) Metaspace: 29133K(29504K)->29133K(29504K) NonClass: 24247K(24384K)->24247K(24384K) Class: 4886K(5120K)->4886K(5120K)
[7333.230s][info][gc             ] GC(2396) Pause Young (Allocation Failure) 5644M->3345M(5753M) 109.000ms
[7333.230s][info][gc,cpu         ] GC(2396) User=0.62s Sys=0.03s Real=0.11s
..[7334.725s][info][gc,start       ] GC(2397) Pause Young (Allocation Failure)
[7334.836s][info][gc,heap        ] GC(2397) PSYoungGen: 2615648K(2624000K)->149088K(2626560K) Eden: 2456576K(2456576K)->0K(2459136K) From: 159072K(167424K)->149088K(167424K)
[7334.836s][info][gc,heap        ] GC(2397) ParOldGen: 3266795K(3267072K)->3360003K(3360256K)
[7334.836s][info][gc,metaspace   ] GC(2397) Metaspace: 29133K(29504K)->29133K(29504K) NonClass: 24247K(24384K)->24247K(24384K) Class: 4886K(5120K)->4886K(5120K)
[7334.836s][info][gc             ] GC(2397) Pause Young (Allocation Failure) 5744M->3426M(5846M) 110.982ms
[7334.836s][info][gc,cpu         ] GC(2397) User=0.55s Sys=0.04s Real=0.11s
.[7336.359s][info][gc,start       ] GC(2398) Pause Young (Allocation Failure)
[7336.459s][info][gc,heap        ] GC(2398) PSYoungGen: 2608224K(2626560K)->142512K(2626560K) Eden: 2459136K(2459136K)->0K(2459136K) From: 149088K(167424K)->142512K(167424K)
[7336.459s][info][gc,heap        ] GC(2398) ParOldGen: 3360003K(3360256K)->3452123K(3452416K)
[7336.459s][info][gc,metaspace   ] GC(2398) Metaspace: 29133K(29504K)->29133K(29504K) NonClass: 24247K(24384K)->24247K(24384K) Class: 4886K(5120K)->4886K(5120K)
[7336.459s][info][gc             ] GC(2398) Pause Young (Allocation Failure) 5828M->3510M(5936M) 99.672ms
[7336.459s][info][gc,cpu         ] GC(2398) User=0.56s Sys=0.03s Real=0.10s
..[7337.950s][info][gc,start       ] GC(2399) Pause Young (Allocation Failure)
[7338.051s][info][gc,heap        ] GC(2399) PSYoungGen: 2601648K(2626560K)->147936K(2627072K) Eden: 2459136K(2459136K)->0K(2461696K) From: 142512K(167424K)->147936K(165376K)
[7338.051s][info][gc,heap        ] GC(2399) ParOldGen: 3452123K(3452416K)->3542267K(3542528K)
[7338.051s][info][gc,metaspace   ] GC(2399) Metaspace: 29133K(29504K)->29133K(29504K) NonClass: 24247K(24384K)->24247K(24384K) Class: 4886K(5120K)->4886K(5120K)
[7338.051s][info][gc             ] GC(2399) Pause Young (Allocation Failure) 5911M->3603M(6025M) 101.415ms
[7338.051s][info][gc,cpu         ] GC(2399) User=0.58s Sys=0.03s Real=0.10s
.[7339.564s][info][gc,start       ] GC(2400) Pause Young (Allocation Failure)
[7339.663s][info][gc,heap        ] GC(2400) PSYoungGen: 2609632K(2627072K)->144992K(2627584K) Eden: 2461696K(2461696K)->0K(2461696K) From: 147936K(165376K)->144992K(165888K)
[7339.663s][info][gc,heap        ] GC(2400) ParOldGen: 3542267K(3542528K)->3634027K(3634176K)
[7339.663s][info][gc,metaspace   ] GC(2400) Metaspace: 29133K(29504K)->29133K(29504K) NonClass: 24247K(24384K)->24247K(24384K) Class: 4886K(5120K)->4886K(5120K)
[7339.664s][info][gc             ] GC(2400) Pause Young (Allocation Failure) 6007M->3690M(6115M) 99.023ms
[7339.664s][info][gc,cpu         ] GC(2400) User=0.55s Sys=0.03s Real=0.10s
..[7341.138s][info][gc,start       ] GC(2401) Pause Young (Allocation Failure)
[7341.244s][info][gc,heap        ] GC(2401) PSYoungGen: 2606688K(2627584K)->157683K(2628096K) Eden: 2461696K(2461696K)->0K(2463232K) From: 144992K(165888K)->157683K(164864K)
[7341.244s][info][gc,heap        ] GC(2401) ParOldGen: 3634027K(3634176K)->3727075K(3727360K)
[7341.244s][info][gc,metaspace   ] GC(2401) Metaspace: 29133K(29504K)->29133K(29504K) NonClass: 24247K(24384K)->24247K(24384K) Class: 4886K(5120K)->4886K(5120K)
[7341.244s][info][gc             ] GC(2401) Pause Young (Allocation Failure) 6094M->3793M(6206M) 105.850ms
[7341.244s][info][gc,cpu         ] GC(2401) User=0.59s Sys=0.04s Real=0.11s
.[7342.781s][info][gc,start       ] GC(2402) Pause Young (Allocation Failure)
[7342.883s][info][gc,heap        ] GC(2402) PSYoungGen: 2620915K(2628096K)->144832K(2629632K) Eden: 2463232K(2463232K)->0K(2463232K) From: 157683K(164864K)->144832K(166400K)
[7342.883s][info][gc,heap        ] GC(2402) ParOldGen: 3727075K(3727360K)->3819499K(3819520K)
[7342.883s][info][gc,metaspace   ] GC(2402) Metaspace: 29133K(29504K)->29133K(29504K) NonClass: 24247K(24384K)->24247K(24384K) Class: 4886K(5120K)->4886K(5120K)
[7342.883s][info][gc             ] GC(2402) Pause Young (Allocation Failure) 6199M->3871M(6298M) 102.063ms
[7342.883s][info][gc,cpu         ] GC(2402) User=0.58s Sys=0.02s Real=0.11s
..[7344.315s][info][gc,start       ] GC(2403) Pause Young (Allocation Failure)
[7344.414s][info][gc,heap        ] GC(2403) PSYoungGen: 2608064K(2629632K)->145861K(2626048K) Eden: 2463232K(2463232K)->0K(2463744K) From: 144832K(166400K)->145861K(162304K)
[7344.414s][info][gc,heap        ] GC(2403) ParOldGen: 3819499K(3819520K)->3909827K(3910144K)
[7344.414s][info][gc,metaspace   ] GC(2403) Metaspace: 29133K(29504K)->29133K(29504K) NonClass: 24247K(24384K)->24247K(24384K) Class: 4886K(5120K)->4886K(5120K)
[7344.414s][info][gc             ] GC(2403) Pause Young (Allocation Failure) 6276M->3960M(6383M) 99.458ms
[7344.414s][info][gc,cpu         ] GC(2403) User=0.56s Sys=0.03s Real=0.10s
.[7345.915s][info][gc,start       ] GC(2404) Pause Young (Allocation Failure)
[7346.021s][info][gc,heap        ] GC(2404) PSYoungGen: 2609605K(2626048K)->151769K(2628096K) Eden: 2463744K(2463744K)->0K(2463744K) From: 145861K(162304K)->151769K(164352K)
[7346.021s][info][gc,heap        ] GC(2404) ParOldGen: 3909827K(3910144K)->4005163K(4005376K)
[7346.021s][info][gc,metaspace   ] GC(2404) Metaspace: 29133K(29504K)->29133K(29504K) NonClass: 24247K(24384K)->24247K(24384K) Class: 4886K(5120K)->4886K(5120K)
[7346.021s][info][gc             ] GC(2404) Pause Young (Allocation Failure) 6366M->4059M(6478M) 106.089ms
[7346.021s][info][gc,cpu         ] GC(2404) User=0.60s Sys=0.03s Real=0.10s
..[7347.512s][info][gc,start       ] GC(2405) Pause Young (Allocation Failure)
[7347.616s][info][gc,heap        ] GC(2405) PSYoungGen: 2615513K(2628096K)->149972K(2628608K) Eden: 2463744K(2463744K)->0K(2467328K) From: 151769K(164352K)->149972K(161280K)
[7347.616s][info][gc,heap        ] GC(2405) ParOldGen: 4005163K(4005376K)->4094491K(4094976K)
[7347.616s][info][gc,metaspace   ] GC(2405) Metaspace: 29133K(29504K)->29133K(29504K) NonClass: 24247K(24384K)->24247K(24384K) Class: 4886K(5120K)->4886K(5120K)
[7347.616s][info][gc             ] GC(2405) Pause Young (Allocation Failure) 6465M->4144M(6566M) 103.846ms
[7347.616s][info][gc,cpu         ] GC(2405) User=0.58s Sys=0.03s Real=0.11s
.[7349.070s][info][gc,start       ] GC(2406) Pause Young (Allocation Failure)
[7349.176s][info][gc,heap        ] GC(2406) PSYoungGen: 2617300K(2628608K)->153088K(2630144K) Eden: 2467328K(2467328K)->0K(2467328K) From: 149972K(161280K)->153088K(162816K)
[7349.176s][info][gc,heap        ] GC(2406) ParOldGen: 4094491K(4094976K)->4188659K(4188672K)
[7349.176s][info][gc,metaspace   ] GC(2406) Metaspace: 29133K(29504K)->29133K(29504K) NonClass: 24247K(24384K)->24247K(24384K) Class: 4886K(5120K)->4886K(5120K)
[7349.176s][info][gc             ] GC(2406) Pause Young (Allocation Failure) 6554M->4239M(6659M) 105.465ms
[7349.176s][info][gc,cpu         ] GC(2406) User=0.59s Sys=0.04s Real=0.11s
..[7350.684s][info][gc,start       ] GC(2407) Pause Young (Allocation Failure)
[7350.809s][info][gc,heap        ] GC(2407) PSYoungGen: 2620416K(2630144K)->147023K(2632192K) Eden: 2467328K(2467328K)->0K(2470400K) From: 153088K(162816K)->147023K(161792K)
[7350.809s][info][gc,heap        ] GC(2407) ParOldGen: 4188659K(4188672K)->4280531K(4280832K)
[7350.809s][info][gc,metaspace   ] GC(2407) Metaspace: 29133K(29504K)->29133K(29504K) NonClass: 24247K(24384K)->24247K(24384K) Class: 4886K(5120K)->4886K(5120K)
[7350.809s][info][gc             ] GC(2407) Pause Young (Allocation Failure) 6649M->4323M(6751M) 125.688ms
[7350.809s][info][gc,cpu         ] GC(2407) User=0.58s Sys=0.03s Real=0.12s
..[7352.375s][info][gc,start       ] GC(2408) Pause Young (Allocation Failure)
[7352.479s][info][gc,heap        ] GC(2408) PSYoungGen: 2617423K(2632192K)->149860K(2632704K) Eden: 2470400K(2470400K)->0K(2470400K) From: 147023K(161792K)->149860K(162304K)
[7352.479s][info][gc,heap        ] GC(2408) ParOldGen: 4280531K(4280832K)->4372027K(4372480K)
[7352.479s][info][gc,metaspace   ] GC(2408) Metaspace: 29133K(29504K)->29133K(29504K) NonClass: 24247K(24384K)->24247K(24384K) Class: 4886K(5120K)->4886K(5120K)
[7352.479s][info][gc             ] GC(2408) Pause Young (Allocation Failure) 6736M->4415M(6841M) 104.484ms
[7352.479s][info][gc,cpu         ] GC(2408) User=0.58s Sys=0.04s Real=0.10s
.[7353.968s][info][gc,start       ] GC(2409) Pause Young (Allocation Failure)
[7354.072s][info][gc,heap        ] GC(2409) PSYoungGen: 2620260K(2632704K)->152000K(2633216K) Eden: 2470400K(2470400K)->0K(2472448K) From: 149860K(162304K)->152000K(160768K)
[7354.072s][info][gc,heap        ] GC(2409) ParOldGen: 4372027K(4372480K)->4463227K(4463616K)
[7354.072s][info][gc,metaspace   ] GC(2409) Metaspace: 29133K(29504K)->29133K(29504K) NonClass: 24247K(24384K)->24247K(24384K) Class: 4886K(5120K)->4886K(5120K)
[7354.072s][info][gc             ] GC(2409) Pause Young (Allocation Failure) 6828M->4507M(6930M) 103.621ms
[7354.072s][info][gc,cpu         ] GC(2409) User=0.58s Sys=0.04s Real=0.10s
..[7355.566s][info][gc,start       ] GC(2410) Pause Young (Allocation Failure)
[7355.670s][info][gc,heap        ] GC(2410) PSYoungGen: 2624448K(2633216K)->150394K(2633216K) Eden: 2472448K(2472448K)->0K(2472448K) From: 152000K(160768K)->150394K(160768K)
[7355.670s][info][gc,heap        ] GC(2410) ParOldGen: 4463227K(4463616K)->4556107K(4556288K)
[7355.670s][info][gc,metaspace   ] GC(2410) Metaspace: 29133K(29504K)->29133K(29504K) NonClass: 24247K(24384K)->24247K(24384K) Class: 4886K(5120K)->4886K(5120K)
[7355.670s][info][gc             ] GC(2410) Pause Young (Allocation Failure) 6921M->4596M(7021M) 104.192ms
[7355.670s][info][gc,cpu         ] GC(2410) User=0.59s Sys=0.02s Real=0.10s
.[7357.250s][info][gc,start       ] GC(2411) Pause Young (Allocation Failure)
[7357.356s][info][gc,heap        ] GC(2411) PSYoungGen: 2622842K(2633216K)->154468K(2634240K) Eden: 2472448K(2472448K)->0K(2473984K) From: 150394K(160768K)->154468K(160256K)
[7357.356s][info][gc,heap        ] GC(2411) ParOldGen: 4556107K(4556288K)->4647115K(4647424K)
[7357.356s][info][gc,metaspace   ] GC(2411) Metaspace: 29133K(29504K)->29133K(29504K) NonClass: 24247K(24384K)->24247K(24384K) Class: 4886K(5120K)->4886K(5120K)
[7357.356s][info][gc             ] GC(2411) Pause Young (Allocation Failure) 7010M->4689M(7111M) 106.042ms
[7357.356s][info][gc,cpu         ] GC(2411) User=0.59s Sys=0.03s Real=0.11s
..[7358.828s][info][gc,start       ] GC(2412) Pause Young (Allocation Failure)
[7358.931s][info][gc,heap        ] GC(2412) PSYoungGen: 2628452K(2634240K)->152272K(2634752K) Eden: 2473984K(2473984K)->0K(2473984K) From: 154468K(160256K)->152272K(160768K)
[7358.931s][info][gc,heap        ] GC(2412) ParOldGen: 4647115K(4647424K)->4737659K(4738048K)
[7358.931s][info][gc,metaspace   ] GC(2412) Metaspace: 29133K(29504K)->29133K(29504K) NonClass: 24247K(24384K)->24247K(24384K) Class: 4886K(5120K)->4886K(5120K)
[7358.931s][info][gc             ] GC(2412) Pause Young (Allocation Failure) 7105M->4775M(7200M) 103.731ms
[7358.931s][info][gc,cpu         ] GC(2412) User=0.59s Sys=0.03s Real=0.10s
..[7360.450s][info][gc,start       ] GC(2413) Pause Young (Allocation Failure)
[7360.552s][info][gc,heap        ] GC(2413) PSYoungGen: 2626256K(2634752K)->143808K(2635264K) Eden: 2473984K(2473984K)->0K(2474496K) From: 152272K(160768K)->143808K(160768K)
[7360.552s][info][gc,heap        ] GC(2413) ParOldGen: 4737659K(4738048K)->4830787K(4831232K)
[7360.552s][info][gc,metaspace   ] GC(2413) Metaspace: 29133K(29504K)->29133K(29504K) NonClass: 24247K(24384K)->24247K(24384K) Class: 4886K(5120K)->4886K(5120K)
[7360.552s][info][gc             ] GC(2413) Pause Young (Allocation Failure) 7191M->4858M(7291M) 101.873ms
[7360.552s][info][gc,cpu         ] GC(2413) User=0.57s Sys=0.03s Real=0.10s
.[7362.018s][info][gc,start       ] GC(2414) Pause Young (Allocation Failure)
[7362.124s][info][gc,heap        ] GC(2414) PSYoungGen: 2618304K(2635264K)->156544K(2631168K) Eden: 2474496K(2474496K)->0K(2474496K) From: 143808K(160768K)->156544K(156672K)
[7362.124s][info][gc,heap        ] GC(2414) ParOldGen: 4830787K(4831232K)->4921699K(4921856K)
[7362.124s][info][gc,metaspace   ] GC(2414) Metaspace: 29133K(29504K)->29133K(29504K) NonClass: 24247K(24384K)->24247K(24384K) Class: 4886K(5120K)->4886K(5120K)
[7362.124s][info][gc             ] GC(2414) Pause Young (Allocation Failure) 7274M->4959M(7376M) 106.718ms
[7362.124s][info][gc,cpu         ] GC(2414) User=0.60s Sys=0.03s Real=0.11s
..[7363.595s][info][gc,start       ] GC(2415) Pause Young (Allocation Failure)
[7363.702s][info][gc,heap        ] GC(2415) PSYoungGen: 2631040K(2631168K)->154756K(2632704K) Eden: 2474496K(2474496K)->0K(2470400K) From: 156544K(156672K)->154756K(162304K)
[7363.702s][info][gc,heap        ] GC(2415) ParOldGen: 4921699K(4921856K)->5014987K(5015040K)
[7363.702s][info][gc,metaspace   ] GC(2415) Metaspace: 29133K(29504K)->29133K(29504K) NonClass: 24247K(24384K)->24247K(24384K) Class: 4886K(5120K)->4886K(5120K)
[7363.702s][info][gc             ] GC(2415) Pause Young (Allocation Failure) 7375M->5048M(7468M) 106.632ms
[7363.702s][info][gc,cpu         ] GC(2415) User=0.59s Sys=0.03s Real=0.10s
.[7365.177s][info][gc,start       ] GC(2416) Pause Young (Allocation Failure)
[7365.282s][info][gc,heap        ] GC(2416) PSYoungGen: 2625156K(2632704K)->152512K(2622976K) Eden: 2470400K(2470400K)->0K(2470400K) From: 154756K(162304K)->152512K(152576K)
[7365.282s][info][gc,heap        ] GC(2416) ParOldGen: 5014987K(5015040K)->5107779K(5108224K)
[7365.282s][info][gc,metaspace   ] GC(2416) Metaspace: 29133K(29504K)->29133K(29504K) NonClass: 24247K(24384K)->24247K(24384K) Class: 4886K(5120K)->4886K(5120K)
[7365.282s][info][gc             ] GC(2416) Pause Young (Allocation Failure) 7461M->5137M(7550M) 104.296ms
[7365.282s][info][gc,cpu         ] GC(2416) User=0.58s Sys=0.03s Real=0.10s
..[7366.754s][info][gc,start       ] GC(2417) Pause Young (Allocation Failure)
[7366.865s][info][gc,heap        ] GC(2417) PSYoungGen: 2622912K(2622976K)->151440K(2633216K) Eden: 2470400K(2470400K)->0K(2471424K) From: 152512K(152576K)->151440K(161792K)
[7366.865s][info][gc,heap        ] GC(2417) ParOldGen: 5107779K(5108224K)->5199563K(5199872K)
[7366.865s][info][gc,metaspace   ] GC(2417) Metaspace: 29133K(29504K)->29133K(29504K) NonClass: 24247K(24384K)->24247K(24384K) Class: 4886K(5120K)->4886K(5120K)
[7366.865s][info][gc             ] GC(2417) Pause Young (Allocation Failure) 7549M->5225M(7649M) 111.184ms
[7366.865s][info][gc,cpu         ] GC(2417) User=0.59s Sys=0.02s Real=0.11s
.[7368.371s][info][gc,start       ] GC(2418) Pause Young (Allocation Failure)
[7368.479s][info][gc,heap        ] GC(2418) PSYoungGen: 2622864K(2633216K)->152446K(2632704K) Eden: 2471424K(2471424K)->0K(2471424K) From: 151440K(161792K)->152446K(161280K)
[7368.479s][info][gc,heap        ] GC(2418) ParOldGen: 5199563K(5199872K)->5292731K(5293056K)
[7368.479s][info][gc,metaspace   ] GC(2418) Metaspace: 29133K(29504K)->29133K(29504K) NonClass: 24247K(24384K)->24247K(24384K) Class: 4886K(5120K)->4886K(5120K)
[7368.479s][info][gc             ] GC(2418) Pause Young (Allocation Failure) 7639M->5317M(7740M) 108.492ms
[7368.479s][info][gc,cpu         ] GC(2418) User=0.62s Sys=0.02s Real=0.11s
..[7370.009s][info][gc,start       ] GC(2419) Pause Young (Allocation Failure)
[7370.117s][info][gc,heap        ] GC(2419) PSYoungGen: 2623870K(2632704K)->155268K(2633216K) Eden: 2471424K(2471424K)->0K(2472448K) From: 152446K(161280K)->155268K(160768K)
[7370.117s][info][gc,heap        ] GC(2419) ParOldGen: 5292731K(5293056K)->5383131K(5383168K)
[7370.117s][info][gc,metaspace   ] GC(2419) Metaspace: 29133K(29504K)->29133K(29504K) NonClass: 24247K(24384K)->24247K(24384K) Class: 4886K(5120K)->4886K(5120K)
[7370.117s][info][gc             ] GC(2419) Pause Young (Allocation Failure) 7731M->5408M(7828M) 107.428ms
[7370.117s][info][gc,cpu         ] GC(2419) User=0.61s Sys=0.02s Real=0.11s
.[7371.636s][info][gc,start       ] GC(2420) Pause Young (Allocation Failure)
[7371.740s][info][gc,heap        ] GC(2420) PSYoungGen: 2627716K(2633216K)->145632K(2633728K) Eden: 2472448K(2472448K)->0K(2472448K) From: 155268K(160768K)->145632K(161280K)
[7371.740s][info][gc,heap        ] GC(2420) ParOldGen: 5383131K(5383168K)->5477427K(5477888K)
[7371.740s][info][gc,metaspace   ] GC(2420) Metaspace: 29133K(29504K)->29133K(29504K) NonClass: 24247K(24384K)->24247K(24384K) Class: 4886K(5120K)->4886K(5120K)
[7371.740s][info][gc             ] GC(2420) Pause Young (Allocation Failure) 7823M->5491M(7921M) 103.898ms
[7371.740s][info][gc,cpu         ] GC(2420) User=0.58s Sys=0.03s Real=0.10s
..[7373.249s][info][gc,start       ] GC(2421) Pause Young (Allocation Failure)
[7373.352s][info][gc,heap        ] GC(2421) PSYoungGen: 2618080K(2633728K)->150297K(2632704K) Eden: 2472448K(2472448K)->0K(2473472K) From: 145632K(161280K)->150297K(159232K)
[7373.352s][info][gc,heap        ] GC(2421) ParOldGen: 5477427K(5477888K)->5566739K(5566976K)
[7373.352s][info][gc,metaspace   ] GC(2421) Metaspace: 29133K(29504K)->29133K(29504K) NonClass: 24247K(24384K)->24247K(24384K) Class: 4886K(5120K)->4886K(5120K)
[7373.352s][info][gc             ] GC(2421) Pause Young (Allocation Failure) 7905M->5583M(8007M) 103.791ms
[7373.353s][info][gc,cpu         ] GC(2421) User=0.59s Sys=0.02s Real=0.10s
..[7374.884s][info][gc,start       ] GC(2422) Pause Full (Allocation Failure)
[7374.884s][info][gc,phases,start] GC(2422) Marking Phase
[7375.180s][info][gc,phases      ] GC(2422) Marking Phase 295.623ms
[7375.180s][info][gc,phases,start] GC(2422) Summary Phase
[7375.180s][info][gc,phases      ] GC(2422) Summary Phase 0.096ms
[7375.180s][info][gc,phases,start] GC(2422) Forward
[7375.317s][info][gc,phases      ] GC(2422) Forward 136.962ms
[7375.317s][info][gc,phases,start] GC(2422) Adjust Pointers
[7375.523s][info][gc,phases      ] GC(2422) Adjust Pointers 206.160ms
[7375.523s][info][gc,phases,start] GC(2422) Compaction Phase
[7375.654s][info][gc,phases      ] GC(2422) Compaction Phase 130.420ms
[7375.655s][info][gc,phases,start] GC(2422) Post Compact
[7375.662s][info][gc,phases      ] GC(2422) Post Compact 6.855ms
[7375.800s][info][gc,heap        ] GC(2422) PSYoungGen: 2623769K(2632704K)->0K(2633728K) Eden: 2473472K(2473472K)->0K(2473472K) From: 150297K(159232K)->0K(160256K)
[7375.800s][info][gc,heap        ] GC(2422) ParOldGen: 5566739K(5566976K)->1440785K(1800192K)
[7375.800s][info][gc,metaspace   ] GC(2422) Metaspace: 29133K(29504K)->29133K(29504K) NonClass: 24247K(24384K)->24247K(24384K) Class: 4886K(5120K)->4886K(5120K)
[7375.800s][info][gc             ] GC(2422) Pause Full (Allocation Failure) 7998M->1407M(4330M) 915.851ms
[7375.800s][info][gc,cpu         ] GC(2422) User=4.11s Sys=0.14s Real=0.91s
.[7377.150s][info][gc,start       ] GC(2423) Pause Young (Allocation Failure)
[7377.224s][info][gc,heap        ] GC(2423) PSYoungGen: 2473472K(2633728K)->160224K(2628608K) Eden: 2473472K(2473472K)->0K(2468352K) From: 0K(160256K)->160224K(160256K)
[7377.224s][info][gc,heap        ] GC(2423) ParOldGen: 1440785K(1800192K)->1442545K(1800192K)
[7377.224s][info][gc,metaspace   ] GC(2423) Metaspace: 29133K(29504K)->29133K(29504K) NonClass: 24247K(24384K)->24247K(24384K) Class: 4886K(5120K)->4886K(5120K)
[7377.224s][info][gc             ] GC(2423) Pause Young (Allocation Failure) 3822M->1565M(4325M) 74.511ms
[7377.224s][info][gc,cpu         ] GC(2423) User=0.44s Sys=0.00s Real=0.08s
..[7378.700s][info][gc,start       ] GC(2424) Pause Young (Allocation Failure)
[7378.847s][info][gc,heap        ] GC(2424) PSYoungGen: 2628576K(2628608K)->152442K(2632192K) Eden: 2468352K(2468352K)->0K(2468352K) From: 160224K(160256K)->152442K(163840K)
[7378.847s][info][gc,heap        ] GC(2424) ParOldGen: 1442545K(1800192K)->1541601K(1800192K)
[7378.847s][info][gc,metaspace   ] GC(2424) Metaspace: 29133K(29504K)->29133K(29504K) NonClass: 24247K(24384K)->24247K(24384K) Class: 4886K(5120K)->4886K(5120K)
[7378.847s][info][gc             ] GC(2424) Pause Young (Allocation Failure) 3975M->1654M(4328M) 147.764ms
[7378.847s][info][gc,cpu         ] GC(2424) User=0.61s Sys=0.00s Real=0.15s
.[7380.220s][info][gc,start       ] GC(2425) Pause Young (Allocation Failure)
[7380.320s][info][gc,heap        ] GC(2425) PSYoungGen: 2620794K(2632192K)->160336K(2629120K) Eden: 2468352K(2468352K)->0K(2466304K) From: 152442K(163840K)->160336K(162816K)
[7380.320s][info][gc,heap        ] GC(2425) ParOldGen: 1541601K(1800192K)->1630289K(1800192K)
[7380.320s][info][gc,metaspace   ] GC(2425) Metaspace: 29133K(29504K)->29133K(29504K) NonClass: 24247K(24384K)->24247K(24384K) Class: 4886K(5120K)->4886K(5120K)
[7380.320s][info][gc             ] GC(2425) Pause Young (Allocation Failure) 4064M->1748M(4325M) 100.550ms
[7380.320s][info][gc,cpu         ] GC(2425) User=0.60s Sys=0.00s Real=0.10s
..[7381.805s][info][gc,start       ] GC(2426) Pause Young (Allocation Failure)
[7381.905s][info][gc,heap        ] GC(2426) PSYoungGen: 2626640K(2629120K)->152746K(2631168K) Eden: 2466304K(2466304K)->0K(2466304K) From: 160336K(162816K)->152746K(164864K)
[7381.905s][info][gc,heap        ] GC(2426) ParOldGen: 1630289K(1800192K)->1724073K(1800192K)
[7381.905s][info][gc,metaspace   ] GC(2426) Metaspace: 29133K(29504K)->29133K(29504K) NonClass: 24247K(24384K)->24247K(24384K) Class: 4886K(5120K)->4886K(5120K)
[7381.905s][info][gc             ] GC(2426) Pause Young (Allocation Failure) 4157M->1832M(4327M) 100.057ms
[7381.905s][info][gc,cpu         ] GC(2426) User=0.59s Sys=0.00s Real=0.10s
. (rIR:aIR:PR = 12453:12465:12465) (tPR = 184807) [OK] 
  7382s: Performance info:
         Transaction,    Success,    Partial,     Failed,   Receipts, AvgBarcode, 
             Overall,     752407,          0,          0,     714731,      59.47, 
         Response times:
             Request,    Success,    Partial,     Failed,   SkipFail,     Probes,    Samples,      min,      p50,      p90,      p95,      p99,      max, 
       TotalPurchase,     715242,          0,          0,          0,     311547,     470576,      200,    47000,   297000,   499000,   760000,   940000,
     InStorePurchase,     375917,          0,          0,          0,     163418,     247368,      300,    49000,   296000,   490000,   860000,   940000,
      OnlinePurchase,     264072,          0,          0,          0,     114886,     173643,      200,    46000,   300000,   570000,   740000,   940000,
        InstPurchase,      75253,          0,          0,          0,      33243,      49565,      300,    45000,   290000,   392000,   710000,   940000,
          AssocOfCat,        751,          0,          0,          0,        587,        955,    26000,   102000,   353000,   522000,   798800,  1100000,
      AssocOfProduct,       7501,          0,          0,          0,       3270,       5022,      700,    50000,   269000,   382850,   558000,   810000,
      BusinessReport,       1861,          0,          0,          0,       1503,       2343,    36000,   118000,   369000,   610000,   780000,  1100000,
          CustBuyBeh,       7459,          0,          0,          0,       3254,       5039,      200,    40000,   270000,   357000,   517000,   720000,
       ProductReturn,      20169,          0,          0,          0,       8714,      13134,      200,    49000,   233000,   408000,   850000,   860000,

  7382s: (91%)   IR =  12592 [7383.362s][info][gc,start       ] GC(2427) Pause Young (Allocation Failure)
[7383.453s][info][gc,heap        ] GC(2427) PSYoungGen: 2619050K(2631168K)->137792K(2629632K) Eden: 2466304K(2466304K)->0K(2466304K) From: 152746K(164864K)->137792K(163328K)
[7383.453s][info][gc,heap        ] GC(2427) ParOldGen: 1724073K(1800192K)->1814457K(1814528K)
[7383.453s][info][gc,metaspace   ] GC(2427) Metaspace: 29133K(29504K)->29133K(29504K) NonClass: 24247K(24384K)->24247K(24384K) Class: 4886K(5120K)->4886K(5120K)
[7383.453s][info][gc             ] GC(2427) Pause Young (Allocation Failure) 4241M->1906M(4340M) 91.436ms
[7383.453s][info][gc,cpu         ] GC(2427) User=0.54s Sys=0.00s Real=0.10s
.[7384.931s][info][gc,start       ] GC(2428) Pause Young (Allocation Failure)
[7385.034s][info][gc,heap        ] GC(2428) PSYoungGen: 2604096K(2629632K)->156596K(2622976K) Eden: 2466304K(2466304K)->0K(2466304K) From: 137792K(163328K)->156596K(156672K)
[7385.035s][info][gc,heap        ] GC(2428) ParOldGen: 1814457K(1814528K)->1904273K(1904640K)
[7385.035s][info][gc,metaspace   ] GC(2428) Metaspace: 29133K(29504K)->29133K(29504K) NonClass: 24247K(24384K)->24247K(24384K) Class: 4886K(5120K)->4886K(5120K)
[7385.035s][info][gc             ] GC(2428) Pause Young (Allocation Failure) 4314M->2012M(4421M) 103.246ms
[7385.035s][info][gc,cpu         ] GC(2428) User=0.59s Sys=0.02s Real=0.11s
..[7386.473s][info][gc,start       ] GC(2429) Pause Young (Allocation Failure)
[7386.577s][info][gc,heap        ] GC(2429) PSYoungGen: 2622900K(2622976K)->150548K(2631680K) Eden: 2466304K(2466304K)->0K(2465792K) From: 156596K(156672K)->150548K(165888K)
[7386.577s][info][gc,heap        ] GC(2429) ParOldGen: 1904273K(1904640K)->1998177K(1998336K)
[7386.577s][info][gc,metaspace   ] GC(2429) Metaspace: 29133K(29504K)->29133K(29504K) NonClass: 24247K(24384K)->24247K(24384K) Class: 4886K(5120K)->4886K(5120K)
[7386.577s][info][gc             ] GC(2429) Pause Young (Allocation Failure) 4421M->2098M(4521M) 104.681ms
[7386.577s][info][gc,cpu         ] GC(2429) User=0.59s Sys=0.03s Real=0.11s
.[7388.124s][info][gc,start       ] GC(2430) Pause Young (Allocation Failure)
[7388.229s][info][gc,heap        ] GC(2430) PSYoungGen: 2616340K(2631680K)->155008K(2630144K) Eden: 2465792K(2465792K)->0K(2465792K) From: 150548K(165888K)->155008K(164352K)
[7388.229s][info][gc,heap        ] GC(2430) ParOldGen: 1998177K(1998336K)->2091753K(2092032K)
[7388.229s][info][gc,metaspace   ] GC(2430) Metaspace: 29133K(29504K)->29133K(29504K) NonClass: 24247K(24384K)->24247K(24384K) Class: 4886K(5120K)->4886K(5120K)
[7388.229s][info][gc             ] GC(2430) Pause Young (Allocation Failure) 4506M->2194M(4611M) 104.974ms
[7388.229s][info][gc,cpu         ] GC(2430) User=0.59s Sys=0.03s Real=0.10s
..[7389.668s][info][gc,start       ] GC(2431) Pause Young (Allocation Failure)
[7389.811s][info][gc,heap        ] GC(2431) PSYoungGen: 2620800K(2630144K)->146784K(2630144K) Eden: 2465792K(2465792K)->0K(2465792K) From: 155008K(164352K)->146784K(164352K)
[7389.811s][info][gc,heap        ] GC(2431) ParOldGen: 2091753K(2092032K)->2183057K(2183168K)
[7389.811s][info][gc,metaspace   ] GC(2431) Metaspace: 29133K(29504K)->29133K(29504K) NonClass: 24247K(24384K)->24247K(24384K) Class: 4886K(5120K)->4886K(5120K)
[7389.811s][info][gc             ] GC(2431) Pause Young (Allocation Failure) 4602M->2275M(4700M) 143.320ms
[7389.811s][info][gc,cpu         ] GC(2431) User=0.57s Sys=0.03s Real=0.14s
.[7391.241s][info][gc,start       ] GC(2432) Pause Young (Allocation Failure)
[7391.344s][info][gc,heap        ] GC(2432) PSYoungGen: 2612576K(2630144K)->157856K(2630144K) Eden: 2465792K(2465792K)->0K(2465792K) From: 146784K(164352K)->157856K(164352K)
[7391.344s][info][gc,heap        ] GC(2432) ParOldGen: 2183057K(2183168K)->2273537K(2273792K)
[7391.344s][info][gc,metaspace   ] GC(2432) Metaspace: 29133K(29504K)->29133K(29504K) NonClass: 24247K(24384K)->24247K(24384K) Class: 4886K(5120K)->4886K(5120K)
[7391.344s][info][gc             ] GC(2432) Pause Young (Allocation Failure) 4683M->2374M(4789M) 103.647ms
[7391.344s][info][gc,cpu         ] GC(2432) User=0.57s Sys=0.04s Real=0.11s
..[7392.914s][info][gc,start       ] GC(2433) Pause Young (Allocation Failure)
[7393.012s][info][gc,heap        ] GC(2433) PSYoungGen: 2623648K(2630144K)->145536K(2631168K) Eden: 2465792K(2465792K)->0K(2465792K) From: 157856K(164352K)->145536K(165376K)
[7393.012s][info][gc,heap        ] GC(2433) ParOldGen: 2273537K(2273792K)->2368497K(2368512K)
[7393.012s][info][gc,metaspace   ] GC(2433) Metaspace: 29133K(29504K)->29133K(29504K) NonClass: 24247K(24384K)->24247K(24384K) Class: 4886K(5120K)->4886K(5120K)
[7393.012s][info][gc             ] GC(2433) Pause Young (Allocation Failure) 4782M->2455M(4882M) 98.173ms
[7393.012s][info][gc,cpu         ] GC(2433) User=0.56s Sys=0.02s Real=0.09s
.[7394.533s][info][gc,start       ] GC(2434) Pause Young (Allocation Failure)
[7394.631s][info][gc,heap        ] GC(2434) PSYoungGen: 2611328K(2631168K)->145088K(2630656K) Eden: 2465792K(2465792K)->0K(2465792K) From: 145536K(165376K)->145088K(164864K)
[7394.631s][info][gc,heap        ] GC(2434) ParOldGen: 2368497K(2368512K)->2457873K(2458112K)
[7394.631s][info][gc,metaspace   ] GC(2434) Metaspace: 29133K(29504K)->29133K(29504K) NonClass: 24247K(24384K)->24247K(24384K) Class: 4886K(5120K)->4886K(5120K)
[7394.631s][info][gc             ] GC(2434) Pause Young (Allocation Failure) 4863M->2541M(4969M) 97.404ms
[7394.631s][info][gc,cpu         ] GC(2434) User=0.56s Sys=0.03s Real=0.09s
..[7396.134s][info][gc,start       ] GC(2435) Pause Young (Allocation Failure)
[7396.238s][info][gc,heap        ] GC(2435) PSYoungGen: 2610880K(2630656K)->154976K(2630656K) Eden: 2465792K(2465792K)->0K(2465792K) From: 145088K(164864K)->154976K(164864K)
[7396.239s][info][gc,heap        ] GC(2435) ParOldGen: 2457873K(2458112K)->2550065K(2550272K)
[7396.239s][info][gc,metaspace   ] GC(2435) Metaspace: 29133K(29504K)->29133K(29504K) NonClass: 24247K(24384K)->24247K(24384K) Class: 4886K(5120K)->4886K(5120K)
[7396.239s][info][gc             ] GC(2435) Pause Young (Allocation Failure) 4949M->2641M(5059M) 104.205ms
[7396.239s][info][gc,cpu         ] GC(2435) User=0.59s Sys=0.02s Real=0.10s
..[7397.772s][info][gc,start       ] GC(2436) Pause Young (Allocation Failure)
[7397.871s][info][gc,heap        ] GC(2436) PSYoungGen: 2620768K(2630656K)->145664K(2630656K) Eden: 2465792K(2465792K)->0K(2465792K) From: 154976K(164864K)->145664K(164864K)
[7397.871s][info][gc,heap        ] GC(2436) ParOldGen: 2550065K(2550272K)->2643297K(2643456K)
[7397.871s][info][gc,metaspace   ] GC(2436) Metaspace: 29133K(29504K)->29133K(29504K) NonClass: 24247K(24384K)->24247K(24384K) Class: 4886K(5120K)->4886K(5120K)
[7397.871s][info][gc             ] GC(2436) Pause Young (Allocation Failure) 5049M->2723M(5150M) 99.323ms
[7397.871s][info][gc,cpu         ] GC(2436) User=0.56s Sys=0.03s Real=0.10s
.|[7399.432s][info][gc,start       ] GC(2437) Pause Young (Allocation Failure)
[7399.527s][info][gc,heap        ] GC(2437) PSYoungGen: 2611456K(2630656K)->137280K(2630144K) Eden: 2465792K(2465792K)->0K(2465280K) From: 145664K(164864K)->137280K(164864K)
[7399.527s][info][gc,heap        ] GC(2437) ParOldGen: 2643297K(2643456K)->2735737K(2736128K)
[7399.527s][info][gc,metaspace   ] GC(2437) Metaspace: 29133K(29504K)->29133K(29504K) NonClass: 24247K(24384K)->24247K(24384K) Class: 4886K(5120K)->4886K(5120K)
[7399.527s][info][gc             ] GC(2437) Pause Young (Allocation Failure) 5131M->2805M(5240M) 95.018ms
[7399.527s][info][gc,cpu         ] GC(2437) User=0.53s Sys=0.03s Real=0.10s
..[7401.018s][info][gc,start       ] GC(2438) Pause Young (Allocation Failure)
[7401.126s][info][gc,heap        ] GC(2438) PSYoungGen: 2602560K(2630144K)->160265K(2626048K) Eden: 2465280K(2465280K)->0K(2465280K) From: 137280K(164864K)->160265K(160768K)
[7401.126s][info][gc,heap        ] GC(2438) ParOldGen: 2735737K(2736128K)->2825065K(2825216K)
[7401.126s][info][gc,metaspace   ] GC(2438) Metaspace: 29133K(29504K)->29133K(29504K) NonClass: 24247K(24384K)->24247K(24384K) Class: 4886K(5120K)->4886K(5120K)
[7401.126s][info][gc             ] GC(2438) Pause Young (Allocation Failure) 5213M->2915M(5323M) 107.936ms
[7401.126s][info][gc,cpu         ] GC(2438) User=0.61s Sys=0.02s Real=0.11s
.[7402.676s][info][gc,start       ] GC(2439) Pause Young (Allocation Failure)
[7402.777s][info][gc,heap        ] GC(2439) PSYoungGen: 2625545K(2626048K)->145123K(2629120K) Eden: 2465280K(2465280K)->0K(2461184K) From: 160265K(160768K)->145123K(167936K)
[7402.777s][info][gc,heap        ] GC(2439) ParOldGen: 2825065K(2825216K)->2918233K(2918400K)
[7402.777s][info][gc,metaspace   ] GC(2439) Metaspace: 29133K(29504K)->29133K(29504K) NonClass: 24247K(24384K)->24247K(24384K) Class: 4886K(5120K)->4886K(5120K)
[7402.777s][info][gc             ] GC(2439) Pause Young (Allocation Failure) 5322M->2991M(5417M) 101.476ms
[7402.778s][info][gc,cpu         ] GC(2439) User=0.56s Sys=0.03s Real=0.10s
..[7404.293s][info][gc,start       ] GC(2440) Pause Young (Allocation Failure)
[7404.390s][info][gc,heap        ] GC(2440) PSYoungGen: 2606307K(2629120K)->141358K(2628096K) Eden: 2461184K(2461184K)->0K(2461184K) From: 145123K(167936K)->141358K(166912K)
[7404.390s][info][gc,heap        ] GC(2440) ParOldGen: 2918233K(2918400K)->3009009K(3009024K)
[7404.390s][info][gc,metaspace   ] GC(2440) Metaspace: 29133K(29504K)->29133K(29504K) NonClass: 24247K(24384K)->24247K(24384K) Class: 4886K(5120K)->4886K(5120K)
[7404.390s][info][gc             ] GC(2440) Pause Young (Allocation Failure) 5395M->3076M(5505M) 97.833ms
[7404.391s][info][gc,cpu         ] GC(2440) User=0.55s Sys=0.03s Real=0.10s
.[7405.917s][info][gc,start       ] GC(2441) Pause Young (Allocation Failure)
[7406.021s][info][gc,heap        ] GC(2441) PSYoungGen: 2602542K(2628096K)->151764K(2628608K) Eden: 2461184K(2461184K)->0K(2461696K) From: 141358K(166912K)->151764K(166912K)
[7406.021s][info][gc,heap        ] GC(2441) ParOldGen: 3009009K(3009024K)->3101665K(3101696K)
[7406.021s][info][gc,metaspace   ] GC(2441) Metaspace: 29133K(29504K)->29133K(29504K) NonClass: 24247K(24384K)->24247K(24384K) Class: 4886K(5120K)->4886K(5120K)
[7406.021s][info][gc             ] GC(2441) Pause Young (Allocation Failure) 5480M->3177M(5596M) 104.564ms
[7406.021s][info][gc,cpu         ] GC(2441) User=0.59s Sys=0.02s Real=0.10s
..[7407.486s][info][gc,start       ] GC(2442) Pause Young (Allocation Failure)
[7407.583s][info][gc,heap        ] GC(2442) PSYoungGen: 2613460K(2628608K)->139680K(2628096K) Eden: 2461696K(2461696K)->0K(2461696K) From: 151764K(166912K)->139680K(166400K)
[7407.583s][info][gc,heap        ] GC(2442) ParOldGen: 3101665K(3101696K)->3193337K(3193344K)
[7407.583s][info][gc,metaspace   ] GC(2442) Metaspace: 29133K(29504K)->29133K(29504K) NonClass: 24247K(24384K)->24247K(24384K) Class: 4886K(5120K)->4886K(5120K)
[7407.583s][info][gc             ] GC(2442) Pause Young (Allocation Failure) 5581M->3254M(5685M) 97.748ms
[7407.583s][info][gc,cpu         ] GC(2442) User=0.56s Sys=0.03s Real=0.10s
.[7409.023s][info][gc,start       ] GC(2443) Pause Young (Allocation Failure)
[7409.125s][info][gc,heap        ] GC(2443) PSYoungGen: 2601376K(2628096K)->151904K(2629120K) Eden: 2461696K(2461696K)->0K(2463232K) From: 139680K(166400K)->151904K(165888K)
[7409.126s][info][gc,heap        ] GC(2443) ParOldGen: 3193337K(3193344K)->3283169K(3283456K)
[7409.126s][info][gc,metaspace   ] GC(2443) Metaspace: 29133K(29504K)->29133K(29504K) NonClass: 24247K(24384K)->24247K(24384K) Class: 4886K(5120K)->4886K(5120K)
[7409.126s][info][gc             ] GC(2443) Pause Young (Allocation Failure) 5658M->3354M(5774M) 102.761ms
[7409.126s][info][gc,cpu         ] GC(2443) User=0.58s Sys=0.03s Real=0.11s
..[7410.649s][info][gc,start       ] GC(2444) Pause Young (Allocation Failure)
[7410.749s][info][gc,heap        ] GC(2444) PSYoungGen: 2615136K(2629120K)->141760K(2629120K) Eden: 2463232K(2463232K)->0K(2463232K) From: 151904K(165888K)->141760K(165888K)
[7410.749s][info][gc,heap        ] GC(2444) ParOldGen: 3283169K(3283456K)->3377833K(3378176K)
[7410.749s][info][gc,metaspace   ] GC(2444) Metaspace: 29133K(29504K)->29133K(29504K) NonClass: 24247K(24384K)->24247K(24384K) Class: 4886K(5120K)->4886K(5120K)
[7410.749s][info][gc             ] GC(2444) Pause Young (Allocation Failure) 5760M->3437M(5866M) 99.544ms
[7410.749s][info][gc,cpu         ] GC(2444) User=0.55s Sys=0.03s Real=0.10s
.[7412.222s][info][gc,start       ] GC(2445) Pause Young (Allocation Failure)
[7412.328s][info][gc,heap        ] GC(2445) PSYoungGen: 2604992K(2629120K)->156259K(2628608K) Eden: 2463232K(2463232K)->0K(2463232K) From: 141760K(165888K)->156259K(165376K)
[7412.328s][info][gc,heap        ] GC(2445) ParOldGen: 3377833K(3378176K)->3470169K(3470336K)
[7412.328s][info][gc,metaspace   ] GC(2445) Metaspace: 29133K(29504K)->29133K(29504K) NonClass: 24247K(24384K)->24247K(24384K) Class: 4886K(5120K)->4886K(5120K)
[7412.328s][info][gc             ] GC(2445) Pause Young (Allocation Failure) 5842M->3541M(5956M) 105.605ms
[7412.328s][info][gc,cpu         ] GC(2445) User=0.60s Sys=0.02s Real=0.11s
..[7413.862s][info][gc,start       ] GC(2446) Pause Young (Allocation Failure)
[7413.964s][info][gc,heap        ] GC(2446) PSYoungGen: 2619491K(2628608K)->148608K(2612224K) Eden: 2463232K(2463232K)->0K(2463232K) From: 156259K(165376K)->148608K(148992K)
[7413.964s][info][gc,heap        ] GC(2446) ParOldGen: 3470169K(3470336K)->3563297K(3563520K)
[7413.964s][info][gc,metaspace   ] GC(2446) Metaspace: 29133K(29504K)->29133K(29504K) NonClass: 24247K(24384K)->24247K(24384K) Class: 4886K(5120K)->4886K(5120K)
[7413.964s][info][gc             ] GC(2446) Pause Young (Allocation Failure) 5946M->3624M(6031M) 102.664ms
[7413.964s][info][gc,cpu         ] GC(2446) User=0.59s Sys=0.02s Real=0.11s
..[7415.514s][info][gc,start       ] GC(2447) Pause Young (Allocation Failure)
[7415.615s][info][gc,heap        ] GC(2447) PSYoungGen: 2611840K(2612224K)->146560K(2630144K) Eden: 2463232K(2463232K)->0K(2465280K) From: 148608K(148992K)->146560K(164864K)
[7415.615s][info][gc,heap        ] GC(2447) ParOldGen: 3563297K(3563520K)->3652513K(3652608K)
[7415.615s][info][gc,metaspace   ] GC(2447) Metaspace: 29133K(29504K)->29133K(29504K) NonClass: 24247K(24384K)->24247K(24384K) Class: 4886K(5120K)->4886K(5120K)
[7415.615s][info][gc             ] GC(2447) Pause Young (Allocation Failure) 6030M->3710M(6135M) 101.113ms
[7415.615s][info][gc,cpu         ] GC(2447) User=0.56s Sys=0.03s Real=0.10s
.[7417.117s][info][gc,start       ] GC(2448) Pause Young (Allocation Failure)
[7417.221s][info][gc,heap        ] GC(2448) PSYoungGen: 2611840K(2630144K)->148096K(2629120K) Eden: 2465280K(2465280K)->0K(2465280K) From: 146560K(164864K)->148096K(163840K)
[7417.221s][info][gc,heap        ] GC(2448) ParOldGen: 3652513K(3652608K)->3747321K(3747328K)
[7417.221s][info][gc,metaspace   ] GC(2448) Metaspace: 29133K(29504K)->29133K(29504K) NonClass: 24247K(24384K)->24247K(24384K) Class: 4886K(5120K)->4886K(5120K)
[7417.221s][info][gc             ] GC(2448) Pause Young (Allocation Failure) 6117M->3804M(6227M) 104.000ms
[7417.221s][info][gc,cpu         ] GC(2448) User=0.59s Sys=0.03s Real=0.10s
..[7418.726s][info][gc,start       ] GC(2449) Pause Young (Allocation Failure)
[7418.836s][info][gc,heap        ] GC(2449) PSYoungGen: 2613376K(2629120K)->160843K(2626560K) Eden: 2465280K(2465280K)->0K(2464256K) From: 148096K(163840K)->160843K(162304K)
[7418.836s][info][gc,heap        ] GC(2449) ParOldGen: 3747321K(3747328K)->3836585K(3836928K)
[7418.836s][info][gc,metaspace   ] GC(2449) Metaspace: 29133K(29504K)->29133K(29504K) NonClass: 24247K(24384K)->24247K(24384K) Class: 4886K(5120K)->4886K(5120K)
[7418.836s][info][gc             ] GC(2449) Pause Young (Allocation Failure) 6211M->3903M(6312M) 110.392ms
[7418.836s][info][gc,cpu         ] GC(2449) User=0.62s Sys=0.03s Real=0.11s
.[7420.315s][info][gc,start       ] GC(2450) Pause Young (Allocation Failure)
[7420.411s][info][gc,heap        ] GC(2450) PSYoungGen: 2625099K(2626560K)->135232K(2629632K) Eden: 2464256K(2464256K)->0K(2464256K) From: 160843K(162304K)->135232K(165376K)
[7420.412s][info][gc,heap        ] GC(2450) ParOldGen: 3836585K(3836928K)->3928769K(3929088K)
[7420.412s][info][gc,metaspace   ] GC(2450) Metaspace: 29133K(29504K)->29133K(29504K) NonClass: 24247K(24384K)->24247K(24384K) Class: 4886K(5120K)->4886K(5120K)
[7420.412s][info][gc             ] GC(2450) Pause Young (Allocation Failure) 6310M->3968M(6405M) 96.554ms
[7420.412s][info][gc,cpu         ] GC(2450) User=0.54s Sys=0.03s Real=0.09s
..[7421.935s][info][gc,start       ] GC(2451) Pause Young (Allocation Failure)
[7422.042s][info][gc,heap        ] GC(2451) PSYoungGen: 2599488K(2629632K)->153207K(2629632K) Eden: 2464256K(2464256K)->0K(2463232K) From: 135232K(165376K)->153207K(166400K)
[7422.042s][info][gc,heap        ] GC(2451) ParOldGen: 3928769K(3929088K)->4019793K(4020224K)
[7422.042s][info][gc,metaspace   ] GC(2451) Metaspace: 29133K(29504K)->29133K(29504K) NonClass: 24247K(24384K)->24247K(24384K) Class: 4886K(5120K)->4886K(5120K)
[7422.042s][info][gc             ] GC(2451) Pause Young (Allocation Failure) 6375M->4075M(6494M) 106.663ms
[7422.042s][info][gc,cpu         ] GC(2451) User=0.60s Sys=0.03s Real=0.10s
.[7423.554s][info][gc,start       ] GC(2452) Pause Young (Allocation Failure)
[7423.655s][info][gc,heap        ] GC(2452) PSYoungGen: 2616439K(2629632K)->144352K(2607616K) Eden: 2463232K(2463232K)->0K(2463232K) From: 153207K(166400K)->144352K(144384K)
[7423.655s][info][gc,heap        ] GC(2452) ParOldGen: 4019793K(4020224K)->4111841K(4111872K)
[7423.655s][info][gc,metaspace   ] GC(2452) Metaspace: 29133K(29504K)->29133K(29504K) NonClass: 24247K(24384K)->24247K(24384K) Class: 4886K(5120K)->4886K(5120K)
[7423.655s][info][gc             ] GC(2452) Pause Young (Allocation Failure) 6480M->4156M(6562M) 100.491ms
[7423.655s][info][gc,cpu         ] GC(2452) User=0.57s Sys=0.02s Real=0.10s
..[7425.199s][info][gc,start       ] GC(2453) Pause Young (Allocation Failure)
[7425.308s][info][gc,heap        ] GC(2453) PSYoungGen: 2607584K(2607616K)->157685K(2626560K) Eden: 2463232K(2463232K)->0K(2461184K) From: 144352K(144384K)->157685K(165376K)
[7425.308s][info][gc,heap        ] GC(2453) ParOldGen: 4111841K(4111872K)->4204993K(4205056K)
[7425.308s][info][gc,metaspace   ] GC(2453) Metaspace: 29133K(29504K)->29133K(29504K) NonClass: 24247K(24384K)->24247K(24384K) Class: 4886K(5120K)->4886K(5120K)
[7425.308s][info][gc             ] GC(2453) Pause Young (Allocation Failure) 6561M->4260M(6671M) 108.580ms
[7425.308s][info][gc,cpu         ] GC(2453) User=0.62s Sys=0.03s Real=0.11s
..[7426.799s][info][gc,start       ] GC(2454) Pause Young (Allocation Failure)
[7426.902s][info][gc,heap        ] GC(2454) PSYoungGen: 2618869K(2626560K)->148992K(2628608K) Eden: 2461184K(2461184K)->0K(2461184K) From: 157685K(165376K)->148992K(167424K)
[7426.902s][info][gc,heap        ] GC(2454) ParOldGen: 4204993K(4205056K)->4294697K(4295168K)
[7426.902s][info][gc,metaspace   ] GC(2454) Metaspace: 29133K(29504K)->29133K(29504K) NonClass: 24247K(24384K)->24247K(24384K) Class: 4886K(5120K)->4886K(5120K)
[7426.902s][info][gc             ] GC(2454) Pause Young (Allocation Failure) 6663M->4339M(6761M) 103.215ms
[7426.902s][info][gc,cpu         ] GC(2454) User=0.59s Sys=0.03s Real=0.10s
.[7428.370s][info][gc,start       ] GC(2455) Pause Young (Allocation Failure)
[7428.471s][info][gc,heap        ] GC(2455) PSYoungGen: 2610176K(2628608K)->142400K(2627584K) Eden: 2461184K(2461184K)->0K(2463232K) From: 148992K(167424K)->142400K(164352K)
[7428.471s][info][gc,heap        ] GC(2455) ParOldGen: 4294697K(4295168K)->4386673K(4386816K)
[7428.471s][info][gc,metaspace   ] GC(2455) Metaspace: 29133K(29504K)->29133K(29504K) NonClass: 24247K(24384K)->24247K(24384K) Class: 4886K(5120K)->4886K(5120K)
[7428.471s][info][gc             ] GC(2455) Pause Young (Allocation Failure) 6743M->4422M(6850M) 100.725ms
[7428.471s][info][gc,cpu         ] GC(2455) User=0.56s Sys=0.03s Real=0.10s
..[7429.998s][info][gc,start       ] GC(2456) Pause Young (Allocation Failure)
[7430.104s][info][gc,heap        ] GC(2456) PSYoungGen: 2605632K(2627584K)->152608K(2628096K) Eden: 2463232K(2463232K)->0K(2463232K) From: 142400K(164352K)->152608K(164864K)
[7430.104s][info][gc,heap        ] GC(2456) ParOldGen: 4386673K(4386816K)->4480433K(4480512K)
[7430.104s][info][gc,metaspace   ] GC(2456) Metaspace: 29133K(29504K)->29133K(29504K) NonClass: 24247K(24384K)->24247K(24384K) Class: 4886K(5120K)->4886K(5120K)
[7430.104s][info][gc             ] GC(2456) Pause Young (Allocation Failure) 6828M->4524M(6942M) 106.443ms
[7430.104s][info][gc,cpu         ] GC(2456) User=0.61s Sys=0.02s Real=0.11s
.[7431.603s][info][gc,start       ] GC(2457) Pause Young (Allocation Failure)
[7431.704s][info][gc,heap        ] GC(2457) PSYoungGen: 2615840K(2628096K)->144928K(2629120K) Eden: 2463232K(2463232K)->0K(2466304K) From: 152608K(164864K)->144928K(162816K)
[7431.704s][info][gc,heap        ] GC(2457) ParOldGen: 4480433K(4480512K)->4571657K(4572160K)
[7431.704s][info][gc,metaspace   ] GC(2457) Metaspace: 29133K(29504K)->29133K(29504K) NonClass: 24247K(24384K)->24247K(24384K) Class: 4886K(5120K)->4886K(5120K)
[7431.704s][info][gc             ] GC(2457) Pause Young (Allocation Failure) 6929M->4606M(7032M) 101.430ms
[7431.704s][info][gc,cpu         ] GC(2457) User=0.57s Sys=0.02s Real=0.11s
..[7433.271s][info][gc,start       ] GC(2458) Pause Young (Allocation Failure)
[7433.370s][info][gc,heap        ] GC(2458) PSYoungGen: 2611232K(2629120K)->135328K(2630144K) Eden: 2466304K(2466304K)->0K(2466304K) From: 144928K(162816K)->135328K(163840K)
[7433.370s][info][gc,heap        ] GC(2458) ParOldGen: 4571657K(4572160K)->4664609K(4664832K)
[7433.370s][info][gc,metaspace   ] GC(2458) Metaspace: 29133K(29504K)->29133K(29504K) NonClass: 24247K(24384K)->24247K(24384K) Class: 4886K(5120K)->4886K(5120K)
[7433.370s][info][gc             ] GC(2458) Pause Young (Allocation Failure) 7014M->4687M(7124M) 99.043ms
[7433.370s][info][gc,cpu         ] GC(2458) User=0.54s Sys=0.04s Real=0.10s
.[7434.879s][info][gc,start       ] GC(2459) Pause Young (Allocation Failure)
[7434.984s][info][gc,heap        ] GC(2459) PSYoungGen: 2601632K(2630144K)->150917K(2631680K) Eden: 2466304K(2466304K)->0K(2466816K) From: 135328K(163840K)->150917K(164864K)
[7434.984s][info][gc,heap        ] GC(2459) ParOldGen: 4664609K(4664832K)->4755281K(4755456K)
[7434.984s][info][gc,metaspace   ] GC(2459) Metaspace: 29133K(29504K)->29133K(29504K) NonClass: 24247K(24384K)->24247K(24384K) Class: 4886K(5120K)->4886K(5120K)
[7434.984s][info][gc             ] GC(2459) Pause Young (Allocation Failure) 7095M->4791M(7214M) 104.993ms
[7434.984s][info][gc,cpu         ] GC(2459) User=0.58s Sys=0.04s Real=0.11s
..[7436.421s][info][gc,start       ] GC(2460) Pause Young (Allocation Failure)
[7436.522s][info][gc,heap        ] GC(2460) PSYoungGen: 2617733K(2631680K)->144211K(2611200K) Eden: 2466816K(2466816K)->0K(2466816K) From: 150917K(164864K)->144211K(144384K)
[7436.522s][info][gc,heap        ] GC(2460) ParOldGen: 4755281K(4755456K)->4846385K(4846592K)
[7436.522s][info][gc,metaspace   ] GC(2460) Metaspace: 29133K(29504K)->29133K(29504K) NonClass: 24247K(24384K)->24247K(24384K) Class: 4886K(5120K)->4886K(5120K)
[7436.522s][info][gc             ] GC(2460) Pause Young (Allocation Failure) 7200M->4873M(7283M) 100.369ms
[7436.522s][info][gc,cpu         ] GC(2460) User=0.56s Sys=0.03s Real=0.10s
.[7438.082s][info][gc,start       ] GC(2461) Pause Young (Allocation Failure)
[7438.187s][info][gc,heap        ] GC(2461) PSYoungGen: 2611027K(2611200K)->151648K(2630144K) Eden: 2466816K(2466816K)->0K(2466816K) From: 144211K(144384K)->151648K(163328K)
[7438.187s][info][gc,heap        ] GC(2461) ParOldGen: 4846385K(4846592K)->4939193K(4939264K)
[7438.187s][info][gc,metaspace   ] GC(2461) Metaspace: 29133K(29504K)->29133K(29504K) NonClass: 24247K(24384K)->24247K(24384K) Class: 4886K(5120K)->4886K(5120K)
[7438.187s][info][gc             ] GC(2461) Pause Young (Allocation Failure) 7282M->4971M(7392M) 105.751ms
[7438.187s][info][gc,cpu         ] GC(2461) User=0.60s Sys=0.02s Real=0.11s
..[7439.679s][info][gc,start       ] GC(2462) Pause Young (Allocation Failure)
[7439.783s][info][gc,heap        ] GC(2462) PSYoungGen: 2618464K(2630144K)->147648K(2630144K) Eden: 2466816K(2466816K)->0K(2466816K) From: 151648K(163328K)->147648K(163328K)
[7439.783s][info][gc,heap        ] GC(2462) ParOldGen: 4939193K(4939264K)->5029913K(5030400K)
[7439.783s][info][gc,metaspace   ] GC(2462) Metaspace: 29133K(29504K)->29133K(29504K) NonClass: 24247K(24384K)->24247K(24384K) Class: 4886K(5120K)->4886K(5120K)
[7439.783s][info][gc             ] GC(2462) Pause Young (Allocation Failure) 7380M->5056M(7481M) 104.904ms
[7439.783s][info][gc,cpu         ] GC(2462) User=0.58s Sys=0.03s Real=0.11s
.[7441.321s][info][gc,start       ] GC(2463) Pause Young (Allocation Failure)
[7441.431s][info][gc,heap        ] GC(2463) PSYoungGen: 2614464K(2630144K)->161402K(2627072K) Eden: 2466816K(2466816K)->0K(2465280K) From: 147648K(163328K)->161402K(161792K)
[7441.431s][info][gc,heap        ] GC(2463) ParOldGen: 5029913K(5030400K)->5121889K(5122048K)
[7441.431s][info][gc,metaspace   ] GC(2463) Metaspace: 29133K(29504K)->29133K(29504K) NonClass: 24247K(24384K)->24247K(24384K) Class: 4886K(5120K)->4886K(5120K)
[7441.431s][info][gc             ] GC(2463) Pause Young (Allocation Failure) 7465M->5159M(7567M) 110.387ms
[7441.431s][info][gc,cpu         ] GC(2463) User=0.62s Sys=0.03s Real=0.11s
..[7442.945s][info][gc,start       ] GC(2464) Pause Young (Allocation Failure)
[7443.050s][info][gc,heap        ] GC(2464) PSYoungGen: 2626682K(2627072K)->146325K(2630656K) Eden: 2465280K(2465280K)->0K(2465280K) From: 161402K(161792K)->146325K(165376K)
[7443.050s][info][gc,heap        ] GC(2464) ParOldGen: 5121889K(5122048K)->5214793K(5215232K)
[7443.050s][info][gc,metaspace   ] GC(2464) Metaspace: 29133K(29504K)->29133K(29504K) NonClass: 24247K(24384K)->24247K(24384K) Class: 4886K(5120K)->4886K(5120K)
[7443.050s][info][gc             ] GC(2464) Pause Young (Allocation Failure) 7566M->5235M(7662M) 104.632ms
[7443.050s][info][gc,cpu         ] GC(2464) User=0.59s Sys=0.03s Real=0.10s
.[7444.486s][info][gc,start       ] GC(2465) Pause Young (Allocation Failure)
[7444.592s][info][gc,heap        ] GC(2465) PSYoungGen: 2611605K(2630656K)->151073K(2628608K) Eden: 2465280K(2465280K)->0K(2466304K) From: 146325K(165376K)->151073K(162304K)
[7444.592s][info][gc,heap        ] GC(2465) ParOldGen: 5214793K(5215232K)->5303761K(5303808K)
[7444.592s][info][gc,metaspace   ] GC(2465) Metaspace: 29133K(29504K)->29133K(29504K) NonClass: 24247K(24384K)->24247K(24384K) Class: 4886K(5120K)->4886K(5120K)
[7444.592s][info][gc             ] GC(2465) Pause Young (Allocation Failure) 7642M->5326M(7746M) 105.508ms
[7444.592s][info][gc,cpu         ] GC(2465) User=0.60s Sys=0.03s Real=0.10s
..[7446.128s][info][gc,start       ] GC(2466) Pause Young (Allocation Failure)
[7446.236s][info][gc,heap        ] GC(2466) PSYoungGen: 2617377K(2628608K)->153412K(2630144K) Eden: 2466304K(2466304K)->0K(2466304K) From: 151073K(162304K)->153412K(163840K)
[7446.236s][info][gc,heap        ] GC(2466) ParOldGen: 5303761K(5303808K)->5397265K(5397504K)
[7446.236s][info][gc,metaspace   ] GC(2466) Metaspace: 29133K(29504K)->29133K(29504K) NonClass: 24247K(24384K)->24247K(24384K) Class: 4886K(5120K)->4886K(5120K)
[7446.236s][info][gc             ] GC(2466) Pause Young (Allocation Failure) 7735M->5420M(7839M) 108.635ms
[7446.236s][info][gc,cpu         ] GC(2466) User=0.60s Sys=0.04s Real=0.11s
..[7447.704s][info][gc,start       ] GC(2467) Pause Young (Allocation Failure)
[7447.834s][info][gc,heap        ] GC(2467) PSYoungGen: 2619716K(2630144K)->150272K(2630144K) Eden: 2466304K(2466304K)->0K(2468352K) From: 153412K(163840K)->150272K(161792K)
[7447.834s][info][gc,heap        ] GC(2467) ParOldGen: 5397265K(5397504K)->5485465K(5485568K)
[7447.834s][info][gc,metaspace   ] GC(2467) Metaspace: 29133K(29504K)->29133K(29504K) NonClass: 24247K(24384K)->24247K(24384K) Class: 4886K(5120K)->4886K(5120K)
[7447.834s][info][gc             ] GC(2467) Pause Young (Allocation Failure) 7829M->5503M(7925M) 129.350ms
[7447.834s][info][gc,cpu         ] GC(2467) User=0.56s Sys=0.03s Real=0.13s
.[7449.321s][info][gc,start       ] GC(2468) Pause Young (Allocation Failure)
[7449.427s][info][gc,heap        ] GC(2468) PSYoungGen: 2618624K(2630144K)->146313K(2631168K) Eden: 2468352K(2468352K)->0K(2468352K) From: 150272K(161792K)->146313K(162816K)
[7449.427s][info][gc,heap        ] GC(2468) ParOldGen: 5485465K(5485568K)->5580273K(5580288K)
[7449.427s][info][gc,metaspace   ] GC(2468) Metaspace: 29133K(29504K)->29133K(29504K) NonClass: 24247K(24384K)->24247K(24384K) Class: 4886K(5120K)->4886K(5120K)
[7449.427s][info][gc             ] GC(2468) Pause Young (Allocation Failure) 7914M->5592M(8019M) 105.465ms
[7449.427s][info][gc,cpu         ] GC(2468) User=0.61s Sys=0.02s Real=0.11s
..[7450.956s][info][gc,start       ] GC(2469) Pause Full (Allocation Failure)
[7450.956s][info][gc,phases,start] GC(2469) Marking Phase
[7451.256s][info][gc,phases      ] GC(2469) Marking Phase 300.295ms
[7451.256s][info][gc,phases,start] GC(2469) Summary Phase
[7451.256s][info][gc,phases      ] GC(2469) Summary Phase 0.111ms
[7451.256s][info][gc,phases,start] GC(2469) Forward
[7451.393s][info][gc,phases      ] GC(2469) Forward 136.602ms
[7451.393s][info][gc,phases,start] GC(2469) Adjust Pointers
[7451.595s][info][gc,phases      ] GC(2469) Adjust Pointers 202.539ms
[7451.596s][info][gc,phases,start] GC(2469) Compaction Phase
[7451.725s][info][gc,phases      ] GC(2469) Compaction Phase 129.587ms
[7451.726s][info][gc,phases,start] GC(2469) Post Compact
[7451.733s][info][gc,phases      ] GC(2469) Post Compact 6.869ms
[7451.861s][info][gc,heap        ] GC(2469) PSYoungGen: 2614665K(2631168K)->0K(2633216K) Eden: 2468352K(2468352K)->0K(2471424K) From: 146313K(162816K)->0K(161792K)
[7451.861s][info][gc,heap        ] GC(2469) ParOldGen: 5580273K(5580288K)->1440394K(1807360K)
[7451.861s][info][gc,metaspace   ] GC(2469) Metaspace: 29133K(29504K)->29133K(29504K) NonClass: 24247K(24384K)->24247K(24384K) Class: 4886K(5120K)->4886K(5120K)
[7451.861s][info][gc             ] GC(2469) Pause Full (Allocation Failure) 8002M->1406M(4336M) 905.648ms
[7451.861s][info][gc,cpu         ] GC(2469) User=4.12s Sys=0.13s Real=0.90s
..[7453.209s][info][gc,start       ] GC(2470) Pause Young (Allocation Failure)
[7453.283s][info][gc,heap        ] GC(2470) PSYoungGen: 2471424K(2633216K)->161760K(2633216K) Eden: 2471424K(2471424K)->0K(2471424K) From: 0K(161792K)->161760K(161792K)
[7453.283s][info][gc,heap        ] GC(2470) ParOldGen: 1440394K(1807360K)->1445450K(1807360K)
[7453.283s][info][gc,metaspace   ] GC(2470) Metaspace: 29133K(29504K)->29133K(29504K) NonClass: 24247K(24384K)->24247K(24384K) Class: 4886K(5120K)->4886K(5120K)
[7453.283s][info][gc             ] GC(2470) Pause Young (Allocation Failure) 3820M->1569M(4336M) 73.407ms
[7453.283s][info][gc,cpu         ] GC(2470) User=0.44s Sys=0.00s Real=0.07s
.[7454.737s][info][gc,start       ] GC(2471) Pause Young (Allocation Failure)
[7454.879s][info][gc,heap        ] GC(2471) PSYoungGen: 2633184K(2633216K)->142048K(2624000K) Eden: 2471424K(2471424K)->0K(2461184K) From: 161760K(161792K)->142048K(162816K)
[7454.879s][info][gc,heap        ] GC(2471) ParOldGen: 1445450K(1807360K)->1543866K(1807360K)
[7454.879s][info][gc,metaspace   ] GC(2471) Metaspace: 29133K(29504K)->29133K(29504K) NonClass: 24247K(24384K)->24247K(24384K) Class: 4886K(5120K)->4886K(5120K)
[7454.879s][info][gc             ] GC(2471) Pause Young (Allocation Failure) 3983M->1646M(4327M) 142.492ms
[7454.879s][info][gc,cpu         ] GC(2471) User=0.57s Sys=0.00s Real=0.14s
.[7456.302s][info][gc,start       ] GC(2472) Pause Young (Allocation Failure)
[7456.404s][info][gc,heap        ] GC(2472) PSYoungGen: 2603232K(2624000K)->162309K(2624000K) Eden: 2461184K(2461184K)->0K(2461184K) From: 142048K(162816K)->162309K(162816K)
[7456.404s][info][gc,heap        ] GC(2472) ParOldGen: 1543866K(1807360K)->1631218K(1807360K)
[7456.404s][info][gc,metaspace   ] GC(2472) Metaspace: 29133K(29504K)->29133K(29504K) NonClass: 24247K(24384K)->24247K(24384K) Class: 4886K(5120K)->4886K(5120K)
[7456.404s][info][gc             ] GC(2472) Pause Young (Allocation Failure) 4049M->1751M(4327M) 102.110ms
[7456.404s][info][gc,cpu         ] GC(2472) User=0.60s Sys=0.01s Real=0.11s
..[7457.883s][info][gc,start       ] GC(2473) Pause Young (Allocation Failure)
[7457.979s][info][gc,heap        ] GC(2473) PSYoungGen: 2623493K(2624000K)->144960K(2626560K) Eden: 2461184K(2461184K)->0K(2456576K) From: 162309K(162816K)->144960K(169984K)
[7457.979s][info][gc,heap        ] GC(2473) ParOldGen: 1631218K(1807360K)->1725666K(1807360K)
[7457.979s][info][gc,metaspace   ] GC(2473) Metaspace: 29133K(29504K)->29133K(29504K) NonClass: 24247K(24384K)->24247K(24384K) Class: 4886K(5120K)->4886K(5120K)
[7457.979s][info][gc             ] GC(2473) Pause Young (Allocation Failure) 4154M->1826M(4330M) 95.547ms
[7457.979s][info][gc,cpu         ] GC(2473) User=0.57s Sys=0.00s Real=0.09s
.[7459.429s][info][gc,start       ] GC(2474) Pause Young (Allocation Failure)
[7459.521s][info][gc,heap        ] GC(2474) PSYoungGen: 2601536K(2626560K)->139296K(2626048K) Eden: 2456576K(2456576K)->0K(2456576K) From: 144960K(169984K)->139296K(169472K)
[7459.521s][info][gc,heap        ] GC(2474) ParOldGen: 1725666K(1807360K)->1817306K(1817600K)
[7459.521s][info][gc,metaspace   ] GC(2474) Metaspace: 29133K(29504K)->29133K(29504K) NonClass: 24247K(24384K)->24247K(24384K) Class: 4886K(5120K)->4886K(5120K)
[7459.521s][info][gc             ] GC(2474) Pause Young (Allocation Failure) 4225M->1910M(4339M) 91.794ms
[7459.521s][info][gc,cpu         ] GC(2474) User=0.54s Sys=0.00s Real=0.09s
..[7460.952s][info][gc,start       ] GC(2475) Pause Young (Allocation Failure)
[7461.058s][info][gc,heap        ] GC(2475) PSYoungGen: 2595872K(2626048K)->156565K(2625536K) Eden: 2456576K(2456576K)->0K(2456064K) From: 139296K(169472K)->156565K(169472K)
[7461.058s][info][gc,heap        ] GC(2475) ParOldGen: 1817306K(1817600K)->1908186K(1908224K)
[7461.058s][info][gc,metaspace   ] GC(2475) Metaspace: 29133K(29504K)->29133K(29504K) NonClass: 24247K(24384K)->24247K(24384K) Class: 4886K(5120K)->4886K(5120K)
[7461.058s][info][gc             ] GC(2475) Pause Young (Allocation Failure) 4309M->2016M(4427M) 106.240ms
[7461.058s][info][gc,cpu         ] GC(2475) User=0.59s Sys=0.04s Real=0.11s
.[7462.522s][info][gc,start       ] GC(2476) Pause Young (Allocation Failure)
[7462.627s][info][gc,heap        ] GC(2476) PSYoungGen: 2612629K(2625536K)->152277K(2608640K) Eden: 2456064K(2456064K)->0K(2456064K) From: 156565K(169472K)->152277K(152576K)
[7462.627s][info][gc,heap        ] GC(2476) ParOldGen: 1908186K(1908224K)->2001450K(2001920K)
[7462.627s][info][gc,metaspace   ] GC(2476) Metaspace: 29133K(29504K)->29133K(29504K) NonClass: 24247K(24384K)->24247K(24384K) Class: 4886K(5120K)->4886K(5120K)
[7462.627s][info][gc             ] GC(2476) Pause Young (Allocation Failure) 4414M->2103M(4502M) 104.140ms
[7462.627s][info][gc,cpu         ] GC(2476) User=0.59s Sys=0.03s Real=0.11s
..[7464.101s][info][gc,start       ] GC(2477) Pause Young (Allocation Failure)
[7464.202s][info][gc,heap        ] GC(2477) PSYoungGen: 2608341K(2608640K)->151136K(2627072K) Eden: 2456064K(2456064K)->0K(2458112K) From: 152277K(152576K)->151136K(168960K)
[7464.202s][info][gc,heap        ] GC(2477) ParOldGen: 2001450K(2001920K)->2092626K(2093056K)
[7464.202s][info][gc,metaspace   ] GC(2477) Metaspace: 29133K(29504K)->29133K(29504K) NonClass: 24247K(24384K)->24247K(24384K) Class: 4886K(5120K)->4886K(5120K)
[7464.202s][info][gc             ] GC(2477) Pause Young (Allocation Failure) 4501M->2191M(4609M) 101.059ms
[7464.202s][info][gc,cpu         ] GC(2477) User=0.56s Sys=0.03s Real=0.10s
.[7465.639s][info][gc,start       ] GC(2478) Pause Young (Allocation Failure)
[7465.741s][info][gc,heap        ] GC(2478) PSYoungGen: 2609248K(2627072K)->150392K(2608640K) Eden: 2458112K(2458112K)->0K(2458112K) From: 151136K(168960K)->150392K(150528K)
[7465.741s][info][gc,heap        ] GC(2478) ParOldGen: 2092626K(2093056K)->2185930K(2186240K)
[7465.741s][info][gc,metaspace   ] GC(2478) Metaspace: 29133K(29504K)->29133K(29504K) NonClass: 24247K(24384K)->24247K(24384K) Class: 4886K(5120K)->4886K(5120K)
[7465.741s][info][gc             ] GC(2478) Pause Young (Allocation Failure) 4591M->2281M(4682M) 102.169ms
[7465.741s][info][gc,cpu         ] GC(2478) User=0.57s Sys=0.04s Real=0.10s
..[7467.276s][info][gc,start       ] GC(2479) Pause Young (Allocation Failure)
[7467.385s][info][gc,heap        ] GC(2479) PSYoungGen: 2608504K(2608640K)->162867K(2621440K) Eden: 2458112K(2458112K)->0K(2456064K) From: 150392K(150528K)->162867K(165376K)
[7467.385s][info][gc,heap        ] GC(2479) ParOldGen: 2185930K(2186240K)->2277842K(2277888K)
[7467.385s][info][gc,metaspace   ] GC(2479) Metaspace: 29133K(29504K)->29133K(29504K) NonClass: 24247K(24384K)->24247K(24384K) Class: 4886K(5120K)->4886K(5120K)
[7467.385s][info][gc             ] GC(2479) Pause Young (Allocation Failure) 4682M->2383M(4784M) 109.554ms
[7467.385s][info][gc,cpu         ] GC(2479) User=0.61s Sys=0.04s Real=0.11s
.[7468.830s][info][gc,start       ] GC(2480) Pause Young (Allocation Failure)
[7468.933s][info][gc,heap        ] GC(2480) PSYoungGen: 2618931K(2621440K)->155432K(2625024K) Eden: 2456064K(2456064K)->0K(2456064K) From: 162867K(165376K)->155432K(168960K)
[7468.933s][info][gc,heap        ] GC(2480) ParOldGen: 2277842K(2277888K)->2365978K(2366464K)
[7468.933s][info][gc,metaspace   ] GC(2480) Metaspace: 29133K(29504K)->29133K(29504K) NonClass: 24247K(24384K)->24247K(24384K) Class: 4886K(5120K)->4886K(5120K)
[7468.933s][info][gc             ] GC(2480) Pause Young (Allocation Failure) 4782M->2462M(4874M) 103.126ms
[7468.933s][info][gc,cpu         ] GC(2480) User=0.59s Sys=0.03s Real=0.11s
..[7470.429s][info][gc,start       ] GC(2481) Pause Young (Allocation Failure)
[7470.530s][info][gc,heap        ] GC(2481) PSYoungGen: 2611496K(2625024K)->139627K(2626560K) Eden: 2456064K(2456064K)->0K(2458112K) From: 155432K(168960K)->139627K(168448K)
[7470.530s][info][gc,heap        ] GC(2481) ParOldGen: 2365978K(2366464K)->2461338K(2461696K)
[7470.530s][info][gc,metaspace   ] GC(2481) Metaspace: 29133K(29504K)->29133K(29504K) NonClass: 24247K(24384K)->24247K(24384K) Class: 4886K(5120K)->4886K(5120K)
[7470.530s][info][gc             ] GC(2481) Pause Young (Allocation Failure) 4860M->2540M(4969M) 100.935ms
[7470.530s][info][gc,cpu         ] GC(2481) User=0.57s Sys=0.03s Real=0.10s
.[7471.985s][info][gc,start       ] GC(2482) Pause Young (Allocation Failure)
[7472.086s][info][gc,heap        ] GC(2482) PSYoungGen: 2597739K(2626560K)->152288K(2610688K) Eden: 2458112K(2458112K)->0K(2458112K) From: 139627K(168448K)->152288K(152576K)
[7472.086s][info][gc,heap        ] GC(2482) ParOldGen: 2461338K(2461696K)->2549730K(2549760K)
[7472.086s][info][gc,metaspace   ] GC(2482) Metaspace: 29133K(29504K)->29133K(29504K) NonClass: 24247K(24384K)->24247K(24384K) Class: 4886K(5120K)->4886K(5120K)
[7472.086s][info][gc             ] GC(2482) Pause Young (Allocation Failure) 4940M->2638M(5039M) 101.401ms
[7472.086s][info][gc,cpu         ] GC(2482) User=0.58s Sys=0.02s Real=0.10s
.[7473.493s][info][gc,start       ] GC(2483) Pause Young (Allocation Failure)
[7473.591s][info][gc,heap        ] GC(2483) PSYoungGen: 2610400K(2610688K)->142720K(2626048K) Eden: 2458112K(2458112K)->0K(2458624K) From: 152288K(152576K)->142720K(167424K)
[7473.591s][info][gc,heap        ] GC(2483) ParOldGen: 2549730K(2549760K)->2643306K(2643456K)
[7473.591s][info][gc,metaspace   ] GC(2483) Metaspace: 29133K(29504K)->29133K(29504K) NonClass: 24247K(24384K)->24247K(24384K) Class: 4886K(5120K)->4886K(5120K)
[7473.591s][info][gc             ] GC(2483) Pause Young (Allocation Failure) 5039M->2720M(5146M) 97.908ms
[7473.591s][info][gc,cpu         ] GC(2483) User=0.55s Sys=0.02s Real=0.10s
. (rIR:aIR:PR = 12592:12494:12499) (tPR = 186347) [OK] 
  7473s: Performance info:
         Transaction,    Success,    Partial,     Failed,   Receipts, AvgBarcode, 
             Overall,     932768,          0,          0,     885070,      59.47, 
         Response times:
             Request,    Success,    Partial,     Failed,   SkipFail,     Probes,    Samples,      min,      p50,      p90,      p95,      p99,      max, 
       TotalPurchase,     884818,          0,          0,          0,     363550,     547307,      200,    83000,   407000,   527000,   710000,  1300000,
     InStorePurchase,     462066,          0,          0,          0,     190288,     287422,      200,    83000,   400000,   510000,   710000,  1300000,
      OnlinePurchase,     328406,          0,          0,          0,     132556,     201023,      200,    83000,   415000,   533000,   700000,  1300000,
        InstPurchase,      94346,          0,          0,          0,      40706,      58862,      300,    85000,   446000,   558000,   760000,  1300000,
          AssocOfCat,        937,          0,          0,          0,        712,       1105,    27000,   141000,   481600,   582100,   768800,  1100000,
      AssocOfProduct,       9534,          0,          0,          0,       3969,       5919,      500,    79000,   433000,   554000,   770000,   930000,
      BusinessReport,       2333,          0,          0,          0,       1935,       2814,    28000,   129000,   443000,   536500,   710000,  1100000,
          CustBuyBeh,       9345,          0,          0,          0,       3936,       5876,     1800,    85000,   433000,   551000,   750000,   810000,
       ProductReturn,      25095,          0,          0,          0,      11018,      15255,      200,    80000,   426000,   529000,   750000,  1100000,

  7473s: (92%)   IR =  12730 .[7475.150s][info][gc,start       ] GC(2484) Pause Young (Allocation Failure)
[7475.255s][info][gc,heap        ] GC(2484) PSYoungGen: 2601344K(2626048K)->156048K(2626048K) Eden: 2458624K(2458624K)->0K(2458624K) From: 142720K(167424K)->156048K(167424K)
[7475.255s][info][gc,heap        ] GC(2484) ParOldGen: 2643306K(2643456K)->2735250K(2735616K)
[7475.255s][info][gc,metaspace   ] GC(2484) Metaspace: 29133K(29504K)->29133K(29504K) NonClass: 24247K(24384K)->24247K(24384K) Class: 4886K(5120K)->4886K(5120K)
[7475.255s][info][gc             ] GC(2484) Pause Young (Allocation Failure) 5121M->2823M(5236M) 105.384ms
[7475.255s][info][gc,cpu         ] GC(2484) User=0.58s Sys=0.04s Real=0.11s
.[7476.729s][info][gc,start       ] GC(2485) Pause Young (Allocation Failure)
[7476.830s][info][gc,heap        ] GC(2485) PSYoungGen: 2614672K(2626048K)->146752K(2627072K) Eden: 2458624K(2458624K)->0K(2460672K) From: 156048K(167424K)->146752K(166400K)
[7476.830s][info][gc,heap        ] GC(2485) ParOldGen: 2735250K(2735616K)->2828354K(2828800K)
[7476.830s][info][gc,metaspace   ] GC(2485) Metaspace: 29133K(29504K)->29133K(29504K) NonClass: 24247K(24384K)->24247K(24384K) Class: 4886K(5120K)->4886K(5120K)
[7476.830s][info][gc             ] GC(2485) Pause Young (Allocation Failure) 5224M->2905M(5328M) 101.059ms
[7476.830s][info][gc,cpu         ] GC(2485) User=0.54s Sys=0.04s Real=0.10s
..[7478.308s][info][gc,start       ] GC(2486) Pause Young (Allocation Failure)
[7478.406s][info][gc,heap        ] GC(2486) PSYoungGen: 2607424K(2627072K)->141360K(2627584K) Eden: 2460672K(2460672K)->0K(2460672K) From: 146752K(166400K)->141360K(166912K)
[7478.406s][info][gc,heap        ] GC(2486) ParOldGen: 2828354K(2828800K)->2920458K(2920960K)
[7478.406s][info][gc,metaspace   ] GC(2486) Metaspace: 29133K(29504K)->29133K(29504K) NonClass: 24247K(24384K)->24247K(24384K) Class: 4886K(5120K)->4886K(5120K)
[7478.406s][info][gc             ] GC(2486) Pause Young (Allocation Failure) 5308M->2990M(5418M) 97.649ms
[7478.406s][info][gc,cpu         ] GC(2486) User=0.55s Sys=0.03s Real=0.10s
.[7479.933s][info][gc,start       ] GC(2487) Pause Young (Allocation Failure)
[7480.034s][info][gc,heap        ] GC(2487) PSYoungGen: 2602032K(2627584K)->148096K(2626048K) Eden: 2460672K(2460672K)->0K(2462208K) From: 141360K(166912K)->148096K(163840K)
[7480.034s][info][gc,heap        ] GC(2487) ParOldGen: 2920458K(2920960K)->3012658K(3013120K)
[7480.034s][info][gc,metaspace   ] GC(2487) Metaspace: 29133K(29504K)->29133K(29504K) NonClass: 24247K(24384K)->24247K(24384K) Class: 4886K(5120K)->4886K(5120K)
[7480.034s][info][gc             ] GC(2487) Pause Young (Allocation Failure) 5393M->3086M(5507M) 100.753ms
[7480.034s][info][gc,cpu         ] GC(2487) User=0.56s Sys=0.04s Real=0.11s
..[7481.521s][info][gc,start       ] GC(2488) Pause Young (Allocation Failure)
[7481.627s][info][gc,heap        ] GC(2488) PSYoungGen: 2610304K(2626048K)->150340K(2627584K) Eden: 2462208K(2462208K)->0K(2462208K) From: 148096K(163840K)->150340K(165376K)
[7481.627s][info][gc,heap        ] GC(2488) ParOldGen: 3012658K(3013120K)->3106218K(3106304K)
[7481.627s][info][gc,metaspace   ] GC(2488) Metaspace: 29133K(29504K)->29133K(29504K) NonClass: 24247K(24384K)->24247K(24384K) Class: 4886K(5120K)->4886K(5120K)
[7481.627s][info][gc             ] GC(2488) Pause Young (Allocation Failure) 5491M->3180M(5599M) 106.056ms
[7481.627s][info][gc,cpu         ] GC(2488) User=0.59s Sys=0.03s Real=0.11s
..[7483.211s][info][gc,start       ] GC(2489) Pause Young (Allocation Failure)
[7483.309s][info][gc,heap        ] GC(2489) PSYoungGen: 2612548K(2627584K)->141248K(2629120K) Eden: 2462208K(2462208K)->0K(2466304K) From: 150340K(165376K)->141248K(162816K)
[7483.309s][info][gc,heap        ] GC(2489) ParOldGen: 3106218K(3106304K)->3194610K(3194880K)
[7483.309s][info][gc,metaspace   ] GC(2489) Metaspace: 29133K(29504K)->29133K(29504K) NonClass: 24247K(24384K)->24247K(24384K) Class: 4886K(5120K)->4886K(5120K)
[7483.309s][info][gc             ] GC(2489) Pause Young (Allocation Failure) 5584M->3257M(5687M) 98.651ms
[7483.309s][info][gc,cpu         ] GC(2489) User=0.56s Sys=0.03s Real=0.10s
.[7484.822s][info][gc,start       ] GC(2490) Pause Young (Allocation Failure)
[7484.930s][info][gc,heap        ] GC(2490) PSYoungGen: 2607552K(2629120K)->156297K(2630144K) Eden: 2466304K(2466304K)->0K(2466304K) From: 141248K(162816K)->156297K(163840K)
[7484.930s][info][gc,heap        ] GC(2490) ParOldGen: 3194610K(3194880K)->3287482K(3287552K)
[7484.930s][info][gc,metaspace   ] GC(2490) Metaspace: 29133K(29504K)->29133K(29504K) NonClass: 24247K(24384K)->24247K(24384K) Class: 4886K(5120K)->4886K(5120K)
[7484.930s][info][gc             ] GC(2490) Pause Young (Allocation Failure) 5666M->3363M(5779M) 107.502ms
[7484.930s][info][gc,cpu         ] GC(2490) User=0.60s Sys=0.04s Real=0.11s
..[7486.479s][info][gc,start       ] GC(2491) Pause Young (Allocation Failure)
[7486.579s][info][gc,heap        ] GC(2491) PSYoungGen: 2622601K(2630144K)->144000K(2631168K) Eden: 2466304K(2466304K)->0K(2465792K) From: 156297K(163840K)->144000K(165376K)
[7486.579s][info][gc,heap        ] GC(2491) ParOldGen: 3287482K(3287552K)->3378066K(3378176K)
[7486.579s][info][gc,metaspace   ] GC(2491) Metaspace: 29133K(29504K)->29133K(29504K) NonClass: 24247K(24384K)->24247K(24384K) Class: 4886K(5120K)->4886K(5120K)
[7486.579s][info][gc             ] GC(2491) Pause Young (Allocation Failure) 5771M->3439M(5868M) 99.866ms
[7486.579s][info][gc,cpu         ] GC(2491) User=0.56s Sys=0.03s Real=0.10s
.[7488.075s][info][gc,start       ] GC(2492) Pause Young (Allocation Failure)
[7488.185s][info][gc,heap        ] GC(2492) PSYoungGen: 2609792K(2631168K)->161353K(2627584K) Eden: 2465792K(2465792K)->0K(2465792K) From: 144000K(165376K)->161353K(161792K)
[7488.185s][info][gc,heap        ] GC(2492) ParOldGen: 3378066K(3378176K)->3471010K(3471360K)
[7488.185s][info][gc,metaspace   ] GC(2492) Metaspace: 29133K(29504K)->29133K(29504K) NonClass: 24247K(24384K)->24247K(24384K) Class: 4886K(5120K)->4886K(5120K)
[7488.185s][info][gc             ] GC(2492) Pause Young (Allocation Failure) 5847M->3547M(5956M) 109.969ms
[7488.185s][info][gc,cpu         ] GC(2492) User=0.63s Sys=0.03s Real=0.11s
..[7489.684s][info][gc,start       ] GC(2493) Pause Young (Allocation Failure)
[7489.786s][info][gc,heap        ] GC(2493) PSYoungGen: 2627145K(2627584K)->150723K(2629632K) Eden: 2465792K(2465792K)->0K(2461696K) From: 161353K(161792K)->150723K(167936K)
[7489.786s][info][gc,heap        ] GC(2493) ParOldGen: 3471010K(3471360K)->3560418K(3560448K)
[7489.786s][info][gc,metaspace   ] GC(2493) Metaspace: 29133K(29504K)->29133K(29504K) NonClass: 24247K(24384K)->24247K(24384K) Class: 4886K(5120K)->4886K(5120K)
[7489.786s][info][gc             ] GC(2493) Pause Young (Allocation Failure) 5955M->3624M(6045M) 101.640ms
[7489.786s][info][gc,cpu         ] GC(2493) User=0.58s Sys=0.03s Real=0.10s
.[7491.244s][info][gc,start       ] GC(2494) Pause Young (Allocation Failure)
[7491.352s][info][gc,heap        ] GC(2494) PSYoungGen: 2612419K(2629632K)->158980K(2628096K) Eden: 2461696K(2461696K)->0K(2461696K) From: 150723K(167936K)->158980K(166400K)
[7491.352s][info][gc,heap        ] GC(2494) ParOldGen: 3560418K(3560448K)->3654058K(3654144K)
[7491.352s][info][gc,metaspace   ] GC(2494) Metaspace: 29133K(29504K)->29133K(29504K) NonClass: 24247K(24384K)->24247K(24384K) Class: 4886K(5120K)->4886K(5120K)
[7491.352s][info][gc             ] GC(2494) Pause Young (Allocation Failure) 6028M->3723M(6135M) 108.346ms
[7491.352s][info][gc,cpu         ] GC(2494) User=0.61s Sys=0.03s Real=0.10s
..[7492.875s][info][gc,start       ] GC(2495) Pause Young (Allocation Failure)
[7492.982s][info][gc,heap        ] GC(2495) PSYoungGen: 2620676K(2628096K)->156493K(2627072K) Eden: 2461696K(2461696K)->0K(2459136K) From: 158980K(166400K)->156493K(167936K)
[7492.982s][info][gc,heap        ] GC(2495) ParOldGen: 3654058K(3654144K)->3746482K(3746816K)
[7492.982s][info][gc,metaspace   ] GC(2495) Metaspace: 29133K(29504K)->29133K(29504K) NonClass: 24247K(24384K)->24247K(24384K) Class: 4886K(5120K)->4886K(5120K)
[7492.982s][info][gc             ] GC(2495) Pause Young (Allocation Failure) 6127M->3811M(6224M) 107.339ms
[7492.982s][info][gc,cpu         ] GC(2495) User=0.60s Sys=0.03s Real=0.10s
..[7494.497s][info][gc,start       ] GC(2496) Pause Young (Allocation Failure)
[7494.600s][info][gc,heap        ] GC(2496) PSYoungGen: 2615629K(2627072K)->147328K(2606592K) Eden: 2459136K(2459136K)->0K(2459136K) From: 156493K(167936K)->147328K(147456K)
[7494.600s][info][gc,heap        ] GC(2496) ParOldGen: 3746482K(3746816K)->3835098K(3835392K)
[7494.600s][info][gc,metaspace   ] GC(2496) Metaspace: 29133K(29504K)->29133K(29504K) NonClass: 24247K(24384K)->24247K(24384K) Class: 4886K(5120K)->4886K(5120K)
[7494.600s][info][gc             ] GC(2496) Pause Young (Allocation Failure) 6213M->3889M(6291M) 102.649ms
[7494.600s][info][gc,cpu         ] GC(2496) User=0.58s Sys=0.03s Real=0.10s
.[7496.098s][info][gc,start       ] GC(2497) Pause Young (Allocation Failure)
[7496.199s][info][gc,heap        ] GC(2497) PSYoungGen: 2606464K(2606592K)->145472K(2627584K) Eden: 2459136K(2459136K)->0K(2460160K) From: 147328K(147456K)->145472K(167424K)
[7496.199s][info][gc,heap        ] GC(2497) ParOldGen: 3835098K(3835392K)->3929994K(3930112K)
[7496.199s][info][gc,metaspace   ] GC(2497) Metaspace: 29133K(29504K)->29133K(29504K) NonClass: 24247K(24384K)->24247K(24384K) Class: 4886K(5120K)->4886K(5120K)
[7496.199s][info][gc             ] GC(2497) Pause Young (Allocation Failure) 6290M->3979M(6404M) 101.709ms
[7496.199s][info][gc,cpu         ] GC(2497) User=0.56s Sys=0.04s Real=0.10s
.[7497.683s][info][gc,start       ] GC(2498) Pause Young (Allocation Failure)
[7497.829s][info][gc,heap        ] GC(2498) PSYoungGen: 2605632K(2627584K)->143744K(2627072K) Eden: 2460160K(2460160K)->0K(2460160K) From: 145472K(167424K)->143744K(166912K)
[7497.830s][info][gc,heap        ] GC(2498) ParOldGen: 3929994K(3930112K)->4021162K(4021248K)
[7497.830s][info][gc,metaspace   ] GC(2498) Metaspace: 29133K(29504K)->29133K(29504K) NonClass: 24247K(24384K)->24247K(24384K) Class: 4886K(5120K)->4886K(5120K)
[7497.830s][info][gc             ] GC(2498) Pause Young (Allocation Failure) 6382M->4067M(6492M) 146.399ms
[7497.830s][info][gc,cpu         ] GC(2498) User=0.55s Sys=0.02s Real=0.15s
..[7499.210s][info][gc,start       ] GC(2499) Pause Young (Allocation Failure)
[7499.321s][info][gc,heap        ] GC(2499) PSYoungGen: 2603904K(2627072K)->166384K(2554880K) Eden: 2460160K(2460160K)->0K(2388480K) From: 143744K(166912K)->166384K(166400K)
[7499.321s][info][gc,heap        ] GC(2499) ParOldGen: 4021162K(4021248K)->4110394K(4110848K)
[7499.321s][info][gc,metaspace   ] GC(2499) Metaspace: 29133K(29504K)->29133K(29504K) NonClass: 24247K(24384K)->24247K(24384K) Class: 4886K(5120K)->4886K(5120K)
[7499.321s][info][gc             ] GC(2499) Pause Young (Allocation Failure) 6469M->4176M(6509M) 111.480ms
[7499.321s][info][gc,cpu         ] GC(2499) User=0.63s Sys=0.03s Real=0.11s
.[7500.843s][info][gc,start       ] GC(2500) Pause Young (Allocation Failure)
[7500.949s][info][gc,heap        ] GC(2500) PSYoungGen: 2554864K(2554880K)->148047K(2592256K) Eden: 2388480K(2388480K)->0K(2388480K) From: 166384K(166400K)->148047K(203776K)
[7500.950s][info][gc,heap        ] GC(2500) ParOldGen: 4110394K(4110848K)->4207410K(4207616K)
[7500.950s][info][gc,metaspace   ] GC(2500) Metaspace: 29133K(29504K)->29133K(29504K) NonClass: 24247K(24384K)->24247K(24384K) Class: 4886K(5120K)->4886K(5120K)
[7500.950s][info][gc             ] GC(2500) Pause Young (Allocation Failure) 6509M->4253M(6640M) 106.488ms
[7500.950s][info][gc,cpu         ] GC(2500) User=0.59s Sys=0.03s Real=0.11s
..[7502.315s][info][gc,start       ] GC(2501) Pause Young (Allocation Failure)
[7502.421s][info][gc,heap        ] GC(2501) PSYoungGen: 2536527K(2592256K)->157210K(2582016K) Eden: 2388480K(2388480K)->0K(2390528K) From: 148047K(203776K)->157210K(191488K)
[7502.421s][info][gc,heap        ] GC(2501) ParOldGen: 4207410K(4207616K)->4293922K(4294144K)
[7502.421s][info][gc,metaspace   ] GC(2501) Metaspace: 29133K(29504K)->29133K(29504K) NonClass: 24247K(24384K)->24247K(24384K) Class: 4886K(5120K)->4886K(5120K)
[7502.421s][info][gc             ] GC(2501) Pause Young (Allocation Failure) 6585M->4346M(6715M) 105.240ms
[7502.421s][info][gc,cpu         ] GC(2501) User=0.60s Sys=0.02s Real=0.10s
.[7503.869s][info][gc,start       ] GC(2502) Pause Young (Allocation Failure)
[7503.968s][info][gc,heap        ] GC(2502) PSYoungGen: 2547738K(2582016K)->141888K(2588160K) Eden: 2390528K(2390528K)->0K(2390528K) From: 157210K(191488K)->141888K(197632K)
[7503.968s][info][gc,heap        ] GC(2502) ParOldGen: 4293922K(4294144K)->4385826K(4386304K)
[7503.968s][info][gc,metaspace   ] GC(2502) Metaspace: 29133K(29504K)->29133K(29504K) NonClass: 24247K(24384K)->24247K(24384K) Class: 4886K(5120K)->4886K(5120K)
[7503.968s][info][gc             ] GC(2502) Pause Young (Allocation Failure) 6681M->4421M(6811M) 99.355ms
[7503.968s][info][gc,cpu         ] GC(2502) User=0.56s Sys=0.02s Real=0.10s
. (rIR:aIR:PR = 12730:12537:12536) (tPR = 184542) [IR is under limit] [PR is under limit] 
  7504s: Performance info:
         Transaction,    Success,    Partial,     Failed,   Receipts, AvgBarcode, 
             Overall,     265114,          0,          0,     252206,      59.47, 
         Response times:
             Request,    Success,    Partial,     Failed,   SkipFail,     Probes,    Samples,      min,      p50,      p90,      p95,      p99,      max, 
       TotalPurchase,     252237,          0,          0,          0,     109963,     179482,      300,    79000,   211000,   240000,   317000,   730000,
     InStorePurchase,     132909,          0,          0,          0,      57499,      94004,      300,    79000,   211000,   239000,   315000,   730000,
      OnlinePurchase,      92307,          0,          0,          0,      40511,      66318,      300,    79000,   211000,   240000,   317000,   566000,
        InstPurchase,      27021,          0,          0,          0,      11953,      19160,      500,    81000,   208000,   242000,   325000,   670000,
          AssocOfCat,        266,          0,          0,          0,        211,        369,    31000,   152000,   285000,   314000,   415400,   479000,
      AssocOfProduct,       2584,          0,          0,          0,       1225,       1932,      500,    72000,   194000,   224000,   317060,   670000,
      BusinessReport,        668,          0,          0,          0,        555,        873,    29000,   143000,   270000,   293000,   420000,   690000,
          CustBuyBeh,       2656,          0,          0,          0,       1213,       1937,      700,    76000,   212000,   238000,   335540,   419000,
       ProductReturn,       6871,          0,          0,          0,       3373,       5187,      200,    79000,   211200,   243000,   346000,   464000,

  7504s: 
  7504s: Failed, 8 overall retries left, retrying 1 of 1
  7504s: (92%)   IR =  12730 .[7505.494s][info][gc,start       ] GC(2503) Pause Young (Allocation Failure)
[7505.599s][info][gc,heap        ] GC(2503) PSYoungGen: 2532416K(2588160K)->152697K(2591232K) Eden: 2390528K(2390528K)->0K(2401792K) From: 141888K(197632K)->152697K(189440K)
[7505.599s][info][gc,heap        ] GC(2503) ParOldGen: 4385826K(4386304K)->4475690K(4475904K)
[7505.599s][info][gc,metaspace   ] GC(2503) Metaspace: 29133K(29504K)->29133K(29504K) NonClass: 24247K(24384K)->24247K(24384K) Class: 4886K(5120K)->4886K(5120K)
[7505.599s][info][gc             ] GC(2503) Pause Young (Allocation Failure) 6756M->4519M(6901M) 105.835ms
[7505.599s][info][gc,cpu         ] GC(2503) User=0.60s Sys=0.02s Real=0.10s
.[7507.078s][info][gc,start       ] GC(2504) Pause Young (Allocation Failure)
[7507.183s][info][gc,heap        ] GC(2504) PSYoungGen: 2554489K(2591232K)->148148K(2595328K) Eden: 2401792K(2401792K)->0K(2401792K) From: 152697K(189440K)->148148K(193536K)
[7507.183s][info][gc,heap        ] GC(2504) ParOldGen: 4475690K(4475904K)->4569226K(4569600K)
[7507.183s][info][gc,metaspace   ] GC(2504) Metaspace: 29133K(29504K)->29133K(29504K) NonClass: 24247K(24384K)->24247K(24384K) Class: 4886K(5120K)->4886K(5120K)
[7507.183s][info][gc             ] GC(2504) Pause Young (Allocation Failure) 6865M->4606M(6997M) 105.602ms
[7507.183s][info][gc,cpu         ] GC(2504) User=0.59s Sys=0.02s Real=0.11s
..[7508.582s][info][gc,start       ] GC(2505) Pause Young (Allocation Failure)
[7508.689s][info][gc,heap        ] GC(2505) PSYoungGen: 2549940K(2595328K)->150491K(2595328K) Eden: 2401792K(2401792K)->0K(2411008K) From: 148148K(193536K)->150491K(184320K)
[7508.689s][info][gc,heap        ] GC(2505) ParOldGen: 4569226K(4569600K)->4659194K(4659200K)
[7508.689s][info][gc,metaspace   ] GC(2505) Metaspace: 29133K(29504K)->29133K(29504K) NonClass: 24247K(24384K)->24247K(24384K) Class: 4886K(5120K)->4886K(5120K)
[7508.689s][info][gc             ] GC(2505) Pause Young (Allocation Failure) 6952M->4696M(7084M) 107.621ms
[7508.689s][info][gc,cpu         ] GC(2505) User=0.61s Sys=0.02s Real=0.11s
.[7510.186s][info][gc,start       ] GC(2506) Pause Young (Allocation Failure)
[7510.296s][info][gc,heap        ] GC(2506) PSYoungGen: 2561499K(2595328K)->159588K(2599936K) Eden: 2411008K(2411008K)->0K(2411008K) From: 150491K(184320K)->159588K(188928K)
[7510.296s][info][gc,heap        ] GC(2506) ParOldGen: 4659194K(4659200K)->4751346K(4751360K)
[7510.296s][info][gc,metaspace   ] GC(2506) Metaspace: 29133K(29504K)->29133K(29504K) NonClass: 24247K(24384K)->24247K(24384K) Class: 4886K(5120K)->4886K(5120K)
[7510.296s][info][gc             ] GC(2506) Pause Young (Allocation Failure) 7051M->4795M(7179M) 110.050ms
[7510.296s][info][gc,cpu         ] GC(2506) User=0.62s Sys=0.03s Real=0.11s
..[7511.666s][info][gc,start       ] GC(2507) Pause Young (Allocation Failure)
[7511.817s][info][gc,heap        ] GC(2507) PSYoungGen: 2570596K(2599936K)->155476K(2599936K) Eden: 2411008K(2411008K)->0K(2420224K) From: 159588K(188928K)->155476K(179712K)
[7511.817s][info][gc,heap        ] GC(2507) ParOldGen: 4751346K(4751360K)->4840418K(4840448K)
[7511.817s][info][gc,metaspace   ] GC(2507) Metaspace: 29133K(29504K)->29133K(29504K) NonClass: 24247K(24384K)->24247K(24384K) Class: 4886K(5120K)->4886K(5120K)
[7511.817s][info][gc             ] GC(2507) Pause Young (Allocation Failure) 7150M->4878M(7266M) 150.844ms
[7511.817s][info][gc,cpu         ] GC(2507) User=0.60s Sys=0.03s Real=0.15s
.[7513.250s][info][gc,start       ] GC(2508) Pause Young (Allocation Failure)
[7513.355s][info][gc,heap        ] GC(2508) PSYoungGen: 2575700K(2599936K)->149056K(2604544K) Eden: 2420224K(2420224K)->0K(2420224K) From: 155476K(179712K)->149056K(184320K)
[7513.355s][info][gc,heap        ] GC(2508) ParOldGen: 4840418K(4840448K)->4934922K(4935168K)
[7513.355s][info][gc,metaspace   ] GC(2508) Metaspace: 29133K(29504K)->29133K(29504K) NonClass: 24247K(24384K)->24247K(24384K) Class: 4886K(5120K)->4886K(5120K)
[7513.355s][info][gc             ] GC(2508) Pause Young (Allocation Failure) 7242M->4964M(7363M) 105.164ms
[7513.355s][info][gc,cpu         ] GC(2508) User=0.59s Sys=0.03s Real=0.11s
..[7514.806s][info][gc,start       ] GC(2509) Pause Young (Allocation Failure)
[7514.909s][info][gc,heap        ] GC(2509) PSYoungGen: 2569280K(2604544K)->146117K(2607616K) Eden: 2420224K(2420224K)->0K(2429440K) From: 149056K(184320K)->146117K(178176K)
[7514.909s][info][gc,heap        ] GC(2509) ParOldGen: 4934922K(4935168K)->5024938K(5025280K)
[7514.909s][info][gc,metaspace   ] GC(2509) Metaspace: 29133K(29504K)->29133K(29504K) NonClass: 24247K(24384K)->24247K(24384K) Class: 4886K(5120K)->4886K(5120K)
[7514.909s][info][gc             ] GC(2509) Pause Young (Allocation Failure) 7328M->5049M(7454M) 103.042ms
[7514.910s][info][gc,cpu         ] GC(2509) User=0.58s Sys=0.03s Real=0.10s
.[7516.362s][info][gc,start       ] GC(2510) Pause Young (Allocation Failure)
[7516.466s][info][gc,heap        ] GC(2510) PSYoungGen: 2575557K(2607616K)->146719K(2610688K) Eden: 2429440K(2429440K)->0K(2429440K) From: 146117K(178176K)->146719K(181248K)
[7516.466s][info][gc,heap        ] GC(2510) ParOldGen: 5024938K(5025280K)->5116538K(5116928K)
[7516.466s][info][gc,metaspace   ] GC(2510) Metaspace: 29133K(29504K)->29133K(29504K) NonClass: 24247K(24384K)->24247K(24384K) Class: 4886K(5120K)->4886K(5120K)
[7516.466s][info][gc             ] GC(2510) Pause Young (Allocation Failure) 7422M->5139M(7546M) 104.375ms
[7516.466s][info][gc,cpu         ] GC(2510) User=0.59s Sys=0.04s Real=0.11s
.|.[7517.925s][info][gc,start       ] GC(2511) Pause Young (Allocation Failure)
[7518.028s][info][gc,heap        ] GC(2511) PSYoungGen: 2576159K(2610688K)->146944K(2610176K) Eden: 2429440K(2429440K)->0K(2435072K) From: 146719K(181248K)->146944K(175104K)
[7518.028s][info][gc,heap        ] GC(2511) ParOldGen: 5116538K(5116928K)->5209098K(5209600K)
[7518.028s][info][gc,metaspace   ] GC(2511) Metaspace: 29133K(29504K)->29133K(29504K) NonClass: 24247K(24384K)->24247K(24384K) Class: 4886K(5120K)->4886K(5120K)
[7518.028s][info][gc             ] GC(2511) Pause Young (Allocation Failure) 7512M->5230M(7636M) 103.022ms
[7518.028s][info][gc,cpu         ] GC(2511) User=0.58s Sys=0.02s Real=0.10s
.[7519.134s][info][gc,start       ] GC(2512) Pause Full (Diagnostic Command)
[7519.134s][info][gc,phases,start] GC(2512) Marking Phase
[7519.428s][info][gc,phases      ] GC(2512) Marking Phase 294.414ms
[7519.428s][info][gc,phases,start] GC(2512) Summary Phase
[7519.428s][info][gc,phases      ] GC(2512) Summary Phase 0.088ms
[7519.428s][info][gc,phases,start] GC(2512) Forward
[7519.618s][info][gc,phases      ] GC(2512) Forward 189.354ms
[7519.618s][info][gc,phases,start] GC(2512) Adjust Pointers
[7519.838s][info][gc,phases      ] GC(2512) Adjust Pointers 220.199ms
[7519.838s][info][gc,phases,start] GC(2512) Compaction Phase
[7520.024s][info][gc,phases      ] GC(2512) Compaction Phase 186.174ms
[7520.027s][info][gc,phases,start] GC(2512) Post Compact
[7520.033s][info][gc,phases      ] GC(2512) Post Compact 6.051ms
[7520.033s][info][gc,heap        ] GC(2512) PSYoungGen: 1977178K(2610176K)->0K(2610176K) Eden: 1830234K(2435072K)->0K(2435072K) From: 146944K(175104K)->0K(175104K)
[7520.033s][info][gc,heap        ] GC(2512) ParOldGen: 5209098K(5209600K)->1164598K(5209600K)
[7520.033s][info][gc,metaspace   ] GC(2512) Metaspace: 29133K(29504K)->29133K(29504K) NonClass: 24247K(24384K)->24247K(24384K) Class: 4886K(5120K)->4886K(5120K)
[7520.033s][info][gc             ] GC(2512) Pause Full (Diagnostic Command) 7017M->1137M(7636M) 899.110ms
[7520.033s][info][gc,cpu         ] GC(2512) User=4.64s Sys=0.00s Real=0.89s
..[7521.382s][info][gc,start       ] GC(2513) Pause Young (Allocation Failure)
[7521.460s][info][gc,heap        ] GC(2513) PSYoungGen: 2435072K(2610176K)->168528K(2613248K) Eden: 2435072K(2435072K)->0K(2435072K) From: 0K(175104K)->168528K(178176K)
[7521.460s][info][gc,heap        ] GC(2513) ParOldGen: 1164598K(5209600K)->1164598K(5209600K)
[7521.460s][info][gc,metaspace   ] GC(2513) Metaspace: 29133K(29504K)->29133K(29504K) NonClass: 24247K(24384K)->24247K(24384K) Class: 4886K(5120K)->4886K(5120K)
[7521.460s][info][gc             ] GC(2513) Pause Young (Allocation Failure) 3515M->1301M(7639M) 77.495ms
[7521.460s][info][gc,cpu         ] GC(2513) User=0.46s Sys=0.00s Real=0.08s
.[7522.989s][info][gc,start       ] GC(2514) Pause Young (Allocation Failure)
[7523.089s][info][gc,heap        ] GC(2514) PSYoungGen: 2603600K(2613248K)->152425K(2615296K) Eden: 2435072K(2435072K)->0K(2435072K) From: 168528K(178176K)->152425K(180224K)
[7523.089s][info][gc,heap        ] GC(2514) ParOldGen: 1164598K(5209600K)->1264214K(5209600K)
[7523.089s][info][gc,metaspace   ] GC(2514) Metaspace: 29133K(29504K)->29133K(29504K) NonClass: 24247K(24384K)->24247K(24384K) Class: 4886K(5120K)->4886K(5120K)
[7523.089s][info][gc             ] GC(2514) Pause Young (Allocation Failure) 3679M->1383M(7641M) 99.677ms
[7523.089s][info][gc,cpu         ] GC(2514) User=0.59s Sys=0.00s Real=0.10s
.[7524.397s][info][gc,start       ] GC(2515) Pause Young (Allocation Failure)
[7524.490s][info][gc,heap        ] GC(2515) PSYoungGen: 2587497K(2615296K)->146880K(2614272K) Eden: 2435072K(2435072K)->0K(2435072K) From: 152425K(180224K)->146880K(179200K)
[7524.490s][info][gc,heap        ] GC(2515) ParOldGen: 1264214K(5209600K)->1350598K(5209600K)
[7524.490s][info][gc,metaspace   ] GC(2515) Metaspace: 29133K(29504K)->29133K(29504K) NonClass: 24247K(24384K)->24247K(24384K) Class: 4886K(5120K)->4886K(5120K)
[7524.490s][info][gc             ] GC(2515) Pause Young (Allocation Failure) 3761M->1462M(7640M) 93.019ms
[7524.490s][info][gc,cpu         ] GC(2515) User=0.55s Sys=0.00s Real=0.09s
.[7525.988s][info][gc,start       ] GC(2516) Pause Young (Allocation Failure)
[7526.085s][info][gc,heap        ] GC(2516) PSYoungGen: 2581952K(2614272K)->144099K(2615808K) Eden: 2435072K(2435072K)->0K(2437632K) From: 146880K(179200K)->144099K(178176K)
[7526.085s][info][gc,heap        ] GC(2516) ParOldGen: 1350598K(5209600K)->1449662K(5209600K)
[7526.085s][info][gc,metaspace   ] GC(2516) Metaspace: 29133K(29504K)->29133K(29504K) NonClass: 24247K(24384K)->24247K(24384K) Class: 4886K(5120K)->4886K(5120K)
[7526.085s][info][gc             ] GC(2516) Pause Young (Allocation Failure) 3840M->1556M(7642M) 97.758ms
[7526.085s][info][gc,cpu         ] GC(2516) User=0.58s Sys=0.00s Real=0.10s
..[7527.451s][info][gc,start       ] GC(2517) Pause Young (Allocation Failure)
[7527.545s][info][gc,heap        ] GC(2517) PSYoungGen: 2581731K(2615808K)->152512K(2614784K) Eden: 2437632K(2437632K)->0K(2437632K) From: 144099K(178176K)->152512K(177152K)
[7527.545s][info][gc,heap        ] GC(2517) ParOldGen: 1449662K(5209600K)->1538374K(5209600K)
[7527.545s][info][gc,metaspace   ] GC(2517) Metaspace: 29133K(29504K)->29133K(29504K) NonClass: 24247K(24384K)->24247K(24384K) Class: 4886K(5120K)->4886K(5120K)
[7527.545s][info][gc             ] GC(2517) Pause Young (Allocation Failure) 3936M->1651M(7641M) 94.175ms
[7527.545s][info][gc,cpu         ] GC(2517) User=0.56s Sys=0.00s Real=0.10s
.[7529.084s][info][gc,start       ] GC(2518) Pause Young (Allocation Failure)
[7529.177s][info][gc,heap        ] GC(2518) PSYoungGen: 2590144K(2614784K)->139872K(2615296K) Eden: 2437632K(2437632K)->0K(2440704K) From: 152512K(177152K)->139872K(174592K)
[7529.177s][info][gc,heap        ] GC(2518) ParOldGen: 1538374K(5209600K)->1633942K(5209600K)
[7529.177s][info][gc,metaspace   ] GC(2518) Metaspace: 29133K(29504K)->29133K(29504K) NonClass: 24247K(24384K)->24247K(24384K) Class: 4886K(5120K)->4886K(5120K)
[7529.177s][info][gc             ] GC(2518) Pause Young (Allocation Failure) 4031M->1732M(7641M) 92.702ms
[7529.177s][info][gc,cpu         ] GC(2518) User=0.55s Sys=0.00s Real=0.09s
.[7530.556s][info][gc,start       ] GC(2519) Pause Young (Allocation Failure)
[7530.654s][info][gc,heap        ] GC(2519) PSYoungGen: 2580576K(2615296K)->161792K(2615296K) Eden: 2440704K(2440704K)->0K(2440704K) From: 139872K(174592K)->161792K(174592K)
[7530.654s][info][gc,heap        ] GC(2519) ParOldGen: 1633942K(5209600K)->1720486K(5209600K)
[7530.654s][info][gc,metaspace   ] GC(2519) Metaspace: 29133K(29504K)->29133K(29504K) NonClass: 24247K(24384K)->24247K(24384K) Class: 4886K(5120K)->4886K(5120K)
[7530.654s][info][gc             ] GC(2519) Pause Young (Allocation Failure) 4115M->1838M(7641M) 98.651ms
[7530.654s][info][gc,cpu         ] GC(2519) User=0.58s Sys=0.00s Real=0.10s
..[7532.097s][info][gc,start       ] GC(2520) Pause Young (Allocation Failure)
[7532.199s][info][gc,heap        ] GC(2520) PSYoungGen: 2602496K(2615296K)->160462K(2617856K) Eden: 2440704K(2440704K)->0K(2441728K) From: 161792K(174592K)->160462K(176128K)
[7532.199s][info][gc,heap        ] GC(2520) ParOldGen: 1720486K(5209600K)->1815678K(5209600K)
[7532.199s][info][gc,metaspace   ] GC(2520) Metaspace: 29133K(29504K)->29133K(29504K) NonClass: 24247K(24384K)->24247K(24384K) Class: 4886K(5120K)->4886K(5120K)
[7532.199s][info][gc             ] GC(2520) Pause Young (Allocation Failure) 4221M->1929M(7644M) 102.217ms
[7532.199s][info][gc,cpu         ] GC(2520) User=0.61s Sys=0.00s Real=0.10s
.[7533.643s][info][gc,start       ] GC(2521) Pause Young (Allocation Failure)
[7533.746s][info][gc,heap        ] GC(2521) PSYoungGen: 2602190K(2617856K)->152282K(2594304K) Eden: 2441728K(2441728K)->0K(2441728K) From: 160462K(176128K)->152282K(152576K)
[7533.746s][info][gc,heap        ] GC(2521) ParOldGen: 1815678K(5209600K)->1910166K(5209600K)
[7533.746s][info][gc,metaspace   ] GC(2521) Metaspace: 29133K(29504K)->29133K(29504K) NonClass: 24247K(24384K)->24247K(24384K) Class: 4886K(5120K)->4886K(5120K)
[7533.746s][info][gc             ] GC(2521) Pause Young (Allocation Failure) 4314M->2014M(7621M) 102.981ms
[7533.746s][info][gc,cpu         ] GC(2521) User=0.60s Sys=0.00s Real=0.11s
.[7535.173s][info][gc,start       ] GC(2522) Pause Young (Allocation Failure)
[7535.280s][info][gc,heap        ] GC(2522) PSYoungGen: 2594010K(2594304K)->170058K(2613248K) Eden: 2441728K(2441728K)->0K(2438656K) From: 152282K(152576K)->170058K(174592K)
[7535.280s][info][gc,heap        ] GC(2522) ParOldGen: 1910166K(5209600K)->1999982K(5209600K)
[7535.280s][info][gc,metaspace   ] GC(2522) Metaspace: 29133K(29504K)->29133K(29504K) NonClass: 24247K(24384K)->24247K(24384K) Class: 4886K(5120K)->4886K(5120K)
[7535.280s][info][gc             ] GC(2522) Pause Young (Allocation Failure) 4398M->2119M(7639M) 107.474ms
[7535.280s][info][gc,cpu         ] GC(2522) User=0.63s Sys=0.00s Real=0.11s
..[7536.733s][info][gc,start       ] GC(2523) Pause Young (Allocation Failure)
[7536.881s][info][gc,heap        ] GC(2523) PSYoungGen: 2608714K(2613248K)->148912K(2617344K) Eden: 2438656K(2438656K)->0K(2438656K) From: 170058K(174592K)->148912K(178688K)
[7536.881s][info][gc,heap        ] GC(2523) ParOldGen: 1999982K(5209600K)->2095646K(5209600K)
[7536.881s][info][gc,metaspace   ] GC(2523) Metaspace: 29133K(29504K)->29133K(29504K) NonClass: 24247K(24384K)->24247K(24384K) Class: 4886K(5120K)->4886K(5120K)
[7536.881s][info][gc             ] GC(2523) Pause Young (Allocation Failure) 4500M->2191M(7643M) 148.025ms
[7536.881s][info][gc,cpu         ] GC(2523) User=0.60s Sys=0.00s Real=0.15s
.[7538.250s][info][gc,start       ] GC(2524) Pause Young (Allocation Failure)
[7538.345s][info][gc,heap        ] GC(2524) PSYoungGen: 2587568K(2617344K)->150688K(2612224K) Eden: 2438656K(2438656K)->0K(2439680K) From: 148912K(178688K)->150688K(172544K)
[7538.345s][info][gc,heap        ] GC(2524) ParOldGen: 2095646K(5209600K)->2184366K(5209600K)
[7538.345s][info][gc,metaspace   ] GC(2524) Metaspace: 29133K(29504K)->29133K(29504K) NonClass: 24247K(24384K)->24247K(24384K) Class: 4886K(5120K)->4886K(5120K)
[7538.345s][info][gc             ] GC(2524) Pause Young (Allocation Failure) 4573M->2280M(7638M) 95.449ms
[7538.345s][info][gc,cpu         ] GC(2524) User=0.57s Sys=0.00s Real=0.10s
..[7539.836s][info][gc,start       ] GC(2525) Pause Young (Allocation Failure)
[7539.931s][info][gc,heap        ] GC(2525) PSYoungGen: 2590368K(2612224K)->142688K(2615296K) Eden: 2439680K(2439680K)->0K(2439680K) From: 150688K(172544K)->142688K(175616K)
[7539.931s][info][gc,heap        ] GC(2525) ParOldGen: 2184366K(5209600K)->2277350K(5209600K)
[7539.931s][info][gc,metaspace   ] GC(2525) Metaspace: 29133K(29504K)->29133K(29504K) NonClass: 24247K(24384K)->24247K(24384K) Class: 4886K(5120K)->4886K(5120K)
[7539.931s][info][gc             ] GC(2525) Pause Young (Allocation Failure) 4662M->2363M(7641M) 94.969ms
[7539.931s][info][gc,cpu         ] GC(2525) User=0.56s Sys=0.00s Real=0.09s
.[7541.328s][info][gc,start       ] GC(2526) Pause Young (Allocation Failure)
[7541.423s][info][gc,heap        ] GC(2526) PSYoungGen: 2582368K(2615296K)->142752K(2619392K) Eden: 2439680K(2439680K)->0K(2444800K) From: 142688K(175616K)->142752K(174592K)
[7541.423s][info][gc,heap        ] GC(2526) ParOldGen: 2277350K(5209600K)->2366486K(5209600K)
[7541.423s][info][gc,metaspace   ] GC(2526) Metaspace: 29133K(29504K)->29133K(29504K) NonClass: 24247K(24384K)->24247K(24384K) Class: 4886K(5120K)->4886K(5120K)
[7541.423s][info][gc             ] GC(2526) Pause Young (Allocation Failure) 4745M->2450M(7645M) 95.189ms
[7541.423s][info][gc,cpu         ] GC(2526) User=0.56s Sys=0.00s Real=0.09s
.[7542.954s][info][gc,start       ] GC(2527) Pause Young (Allocation Failure)
[7543.049s][info][gc,heap        ] GC(2527) PSYoungGen: 2587552K(2619392K)->140224K(2619904K) Eden: 2444800K(2444800K)->0K(2444800K) From: 142752K(174592K)->140224K(175104K)
[7543.049s][info][gc,heap        ] GC(2527) ParOldGen: 2366486K(5209600K)->2462702K(5209600K)
[7543.049s][info][gc,metaspace   ] GC(2527) Metaspace: 29133K(29504K)->29133K(29504K) NonClass: 24247K(24384K)->24247K(24384K) Class: 4886K(5120K)->4886K(5120K)
[7543.049s][info][gc             ] GC(2527) Pause Young (Allocation Failure) 4837M->2541M(7646M) 95.212ms
[7543.049s][info][gc,cpu         ] GC(2527) User=0.56s Sys=0.00s Real=0.09s
..[7544.423s][info][gc,start       ] GC(2528) Pause Young (Allocation Failure)
[7544.526s][info][gc,heap        ] GC(2528) PSYoungGen: 2585024K(2619904K)->162047K(2617344K) Eden: 2444800K(2444800K)->0K(2442752K) From: 140224K(175104K)->162047K(174592K)
[7544.526s][info][gc,heap        ] GC(2528) ParOldGen: 2462702K(5209600K)->2549550K(5209600K)
[7544.526s][info][gc,metaspace   ] GC(2528) Metaspace: 29133K(29504K)->29133K(29504K) NonClass: 24247K(24384K)->24247K(24384K) Class: 4886K(5120K)->4886K(5120K)
[7544.526s][info][gc             ] GC(2528) Pause Young (Allocation Failure) 4929M->2648M(7643M) 103.957ms
[7544.527s][info][gc,cpu         ] GC(2528) User=0.61s Sys=0.00s Real=0.11s
.[7546.028s][info][gc,start       ] GC(2529) Pause Young (Allocation Failure)
[7546.130s][info][gc,heap        ] GC(2529) PSYoungGen: 2604799K(2617344K)->154756K(2619392K) Eden: 2442752K(2442752K)->0K(2442752K) From: 162047K(174592K)->154756K(176640K)
[7546.130s][info][gc,heap        ] GC(2529) ParOldGen: 2549550K(5209600K)->2645670K(5209600K)
[7546.130s][info][gc,metaspace   ] GC(2529) Metaspace: 29133K(29504K)->29133K(29504K) NonClass: 24247K(24384K)->24247K(24384K) Class: 4886K(5120K)->4886K(5120K)
[7546.130s][info][gc             ] GC(2529) Pause Young (Allocation Failure) 5033M->2734M(7645M) 102.016ms
[7546.130s][info][gc,cpu         ] GC(2529) User=0.60s Sys=0.00s Real=0.10s
.[7547.584s][info][gc,start       ] GC(2530) Pause Young (Allocation Failure)
[7547.679s][info][gc,heap        ] GC(2530) PSYoungGen: 2597508K(2619392K)->147104K(2615808K) Eden: 2442752K(2442752K)->0K(2444288K) From: 154756K(176640K)->147104K(171520K)
[7547.679s][info][gc,heap        ] GC(2530) ParOldGen: 2645670K(5209600K)->2737574K(5209600K)
[7547.679s][info][gc,metaspace   ] GC(2530) Metaspace: 29133K(29504K)->29133K(29504K) NonClass: 24247K(24384K)->24247K(24384K) Class: 4886K(5120K)->4886K(5120K)
[7547.679s][info][gc             ] GC(2530) Pause Young (Allocation Failure) 5120M->2817M(7642M) 95.266ms
[7547.679s][info][gc,cpu         ] GC(2530) User=0.56s Sys=0.00s Real=0.09s
..[7549.152s][info][gc,start       ] GC(2531) Pause Young (Allocation Failure)
[7549.253s][info][gc,heap        ] GC(2531) PSYoungGen: 2591392K(2615808K)->154755K(2617856K) Eden: 2444288K(2444288K)->0K(2444288K) From: 147104K(171520K)->154755K(173568K)
[7549.253s][info][gc,heap        ] GC(2531) ParOldGen: 2737574K(5209600K)->2827590K(5209600K)
[7549.253s][info][gc,metaspace   ] GC(2531) Metaspace: 29133K(29504K)->29133K(29504K) NonClass: 24247K(24384K)->24247K(24384K) Class: 4886K(5120K)->4886K(5120K)
[7549.253s][info][gc             ] GC(2531) Pause Young (Allocation Failure) 5204M->2912M(7644M) 100.282ms
[7549.253s][info][gc,cpu         ] GC(2531) User=0.58s Sys=0.00s Real=0.10s
.[7550.730s][info][gc,start       ] GC(2532) Pause Young (Allocation Failure)
[7550.873s][info][gc,heap        ] GC(2532) PSYoungGen: 2599043K(2617856K)->142592K(2620416K) Eden: 2444288K(2444288K)->0K(2449920K) From: 154755K(173568K)->142592K(170496K)
[7550.873s][info][gc,heap        ] GC(2532) ParOldGen: 2827590K(5209600K)->2924254K(5209600K)
[7550.873s][info][gc,metaspace   ] GC(2532) Metaspace: 29133K(29504K)->29133K(29504K) NonClass: 24247K(24384K)->24247K(24384K) Class: 4886K(5120K)->4886K(5120K)
[7550.873s][info][gc             ] GC(2532) Pause Young (Allocation Failure) 5299M->2994M(7646M) 143.448ms
[7550.873s][info][gc,cpu         ] GC(2532) User=0.58s Sys=0.00s Real=0.14s
..[7552.277s][info][gc,start       ] GC(2533) Pause Young (Allocation Failure)
[7552.373s][info][gc,heap        ] GC(2533) PSYoungGen: 2592512K(2620416K)->146304K(2621952K) Eden: 2449920K(2449920K)->0K(2449920K) From: 142592K(170496K)->146304K(172032K)
[7552.373s][info][gc,heap        ] GC(2533) ParOldGen: 2924254K(5209600K)->3012942K(5209600K)
[7552.373s][info][gc,metaspace   ] GC(2533) Metaspace: 29133K(29504K)->29133K(29504K) NonClass: 24247K(24384K)->24247K(24384K) Class: 4886K(5120K)->4886K(5120K)
[7552.373s][info][gc             ] GC(2533) Pause Young (Allocation Failure) 5387M->3085M(7648M) 95.404ms
[7552.373s][info][gc,cpu         ] GC(2533) User=0.57s Sys=0.00s Real=0.09s
.[7553.892s][info][gc,start       ] GC(2534) Pause Young (Allocation Failure)
[7553.994s][info][gc,heap        ] GC(2534) PSYoungGen: 2596224K(2621952K)->155232K(2622464K) Eden: 2449920K(2449920K)->0K(2452992K) From: 146304K(172032K)->155232K(169472K)
[7553.994s][info][gc,heap        ] GC(2534) ParOldGen: 3012942K(5209600K)->3105422K(5209600K)
[7553.994s][info][gc,metaspace   ] GC(2534) Metaspace: 29133K(29504K)->29133K(29504K) NonClass: 24247K(24384K)->24247K(24384K) Class: 4886K(5120K)->4886K(5120K)
[7553.994s][info][gc             ] GC(2534) Pause Young (Allocation Failure) 5477M->3184M(7648M) 102.489ms
[7553.995s][info][gc,cpu         ] GC(2534) User=0.60s Sys=0.01s Real=0.11s
..[7555.388s][info][gc,start       ] GC(2535) Pause Young (Allocation Failure)
[7555.484s][info][gc,heap        ] GC(2535) PSYoungGen: 2608224K(2622464K)->146181K(2623488K) Eden: 2452992K(2452992K)->0K(2452992K) From: 155232K(169472K)->146181K(170496K)
[7555.484s][info][gc,heap        ] GC(2535) ParOldGen: 3105422K(5209600K)->3195198K(5209600K)
[7555.484s][info][gc,metaspace   ] GC(2535) Metaspace: 29133K(29504K)->29133K(29504K) NonClass: 24247K(24384K)->24247K(24384K) Class: 4886K(5120K)->4886K(5120K)
[7555.484s][info][gc             ] GC(2535) Pause Young (Allocation Failure) 5579M->3263M(7649M) 95.632ms
[7555.484s][info][gc,cpu         ] GC(2535) User=0.56s Sys=0.00s Real=0.10s
.[7556.993s][info][gc,start       ] GC(2536) Pause Young (Allocation Failure)
[7557.093s][info][gc,heap        ] GC(2536) PSYoungGen: 2599173K(2623488K)->150048K(2622464K) Eden: 2452992K(2452992K)->0K(2456064K) From: 146181K(170496K)->150048K(166400K)
[7557.093s][info][gc,heap        ] GC(2536) ParOldGen: 3195198K(5209600K)->3291798K(5209600K)
[7557.093s][info][gc,metaspace   ] GC(2536) Metaspace: 29133K(29504K)->29133K(29504K) NonClass: 24247K(24384K)->24247K(24384K) Class: 4886K(5120K)->4886K(5120K)
[7557.093s][info][gc             ] GC(2536) Pause Young (Allocation Failure) 5658M->3361M(7648M) 100.433ms
[7557.093s][info][gc,cpu         ] GC(2536) User=0.60s Sys=0.00s Real=0.10s
..[7558.518s][info][gc,start       ] GC(2537) Pause Young (Allocation Failure)
[7558.622s][info][gc,heap        ] GC(2537) PSYoungGen: 2606112K(2622464K)->157704K(2624000K) Eden: 2456064K(2456064K)->0K(2456064K) From: 150048K(166400K)->157704K(167936K)
[7558.622s][info][gc,heap        ] GC(2537) ParOldGen: 3291798K(5209600K)->3380982K(5209600K)
[7558.622s][info][gc,metaspace   ] GC(2537) Metaspace: 29133K(29504K)->29133K(29504K) NonClass: 24247K(24384K)->24247K(24384K) Class: 4886K(5120K)->4886K(5120K)
[7558.622s][info][gc             ] GC(2537) Pause Young (Allocation Failure) 5759M->3455M(7650M) 104.298ms
[7558.622s][info][gc,cpu         ] GC(2537) User=0.62s Sys=0.00s Real=0.10s
.[7560.089s][info][gc,start       ] GC(2538) Pause Young (Allocation Failure)
[7560.188s][info][gc,heap        ] GC(2538) PSYoungGen: 2613768K(2624000K)->152640K(2626560K) Eden: 2456064K(2456064K)->0K(2459648K) From: 157704K(167936K)->152640K(166912K)
[7560.188s][info][gc,heap        ] GC(2538) ParOldGen: 3380982K(5209600K)->3473478K(5209600K)
[7560.188s][info][gc,metaspace   ] GC(2538) Metaspace: 29133K(29504K)->29133K(29504K) NonClass: 24247K(24384K)->24247K(24384K) Class: 4886K(5120K)->4886K(5120K)
[7560.188s][info][gc             ] GC(2538) Pause Young (Allocation Failure) 5854M->3541M(7652M) 99.901ms
[7560.189s][info][gc,cpu         ] GC(2538) User=0.59s Sys=0.00s Real=0.10s
.[7561.704s][info][gc,start       ] GC(2539) Pause Young (Allocation Failure)
[7561.847s][info][gc,heap        ] GC(2539) PSYoungGen: 2612288K(2626560K)->139554K(2627072K) Eden: 2459648K(2459648K)->0K(2459648K) From: 152640K(166912K)->139554K(167424K)
[7561.847s][info][gc,heap        ] GC(2539) ParOldGen: 3473478K(5209600K)->3568862K(5209600K)
[7561.847s][info][gc,metaspace   ] GC(2539) Metaspace: 29133K(29504K)->29133K(29504K) NonClass: 24247K(24384K)->24247K(24384K) Class: 4886K(5120K)->4886K(5120K)
[7561.847s][info][gc             ] GC(2539) Pause Young (Allocation Failure) 5943M->3621M(7653M) 142.297ms
[7561.847s][info][gc,cpu         ] GC(2539) User=0.57s Sys=0.00s Real=0.14s
..[7563.253s][info][gc,start       ] GC(2540) Pause Young (Allocation Failure)
[7563.353s][info][gc,heap        ] GC(2540) PSYoungGen: 2599202K(2627072K)->155984K(2627072K) Eden: 2459648K(2459648K)->0K(2459136K) From: 139554K(167424K)->155984K(167936K)
[7563.353s][info][gc,heap        ] GC(2540) ParOldGen: 3568862K(5209600K)->3655814K(5209600K)
[7563.353s][info][gc,metaspace   ] GC(2540) Metaspace: 29133K(29504K)->29133K(29504K) NonClass: 24247K(24384K)->24247K(24384K) Class: 4886K(5120K)->4886K(5120K)
[7563.353s][info][gc             ] GC(2540) Pause Young (Allocation Failure) 6023M->3722M(7653M) 100.094ms
[7563.353s][info][gc,cpu         ] GC(2540) User=0.58s Sys=0.01s Real=0.10s
.[7564.808s][info][gc,start       ] GC(2541) Pause Young (Allocation Failure)
[7564.912s][info][gc,heap        ] GC(2541) PSYoungGen: 2615120K(2627072K)->160256K(2619904K) Eden: 2459136K(2459136K)->0K(2459136K) From: 155984K(167936K)->160256K(160768K)
[7564.912s][info][gc,heap        ] GC(2541) ParOldGen: 3655814K(5209600K)->3748454K(5209600K)
[7564.912s][info][gc,metaspace   ] GC(2541) Metaspace: 29133K(29504K)->29133K(29504K) NonClass: 24247K(24384K)->24247K(24384K) Class: 4886K(5120K)->4886K(5120K)
[7564.912s][info][gc             ] GC(2541) Pause Young (Allocation Failure) 6123M->3817M(7646M) 103.971ms
[7564.912s][info][gc,cpu         ] GC(2541) User=0.62s Sys=0.00s Real=0.10s
..[7566.396s][info][gc,start       ] GC(2542) Pause Young (Allocation Failure)
[7566.496s][info][gc,heap        ] GC(2542) PSYoungGen: 2619392K(2619904K)->143904K(2626560K) Eden: 2459136K(2459136K)->0K(2456576K) From: 160256K(160768K)->143904K(169984K)
[7566.496s][info][gc,heap        ] GC(2542) ParOldGen: 3748454K(5209600K)->3845686K(5209600K)
[7566.496s][info][gc,metaspace   ] GC(2542) Metaspace: 29133K(29504K)->29133K(29504K) NonClass: 24247K(24384K)->24247K(24384K) Class: 4886K(5120K)->4886K(5120K)
[7566.496s][info][gc             ] GC(2542) Pause Young (Allocation Failure) 6218M->3896M(7652M) 100.006ms
[7566.496s][info][gc,cpu         ] GC(2542) User=0.58s Sys=0.00s Real=0.10s
.[7567.976s][info][gc,start       ] GC(2543) Pause Young (Allocation Failure)
[7568.076s][info][gc,heap        ] GC(2543) PSYoungGen: 2600480K(2626560K)->153056K(2609664K) Eden: 2456576K(2456576K)->0K(2456576K) From: 143904K(169984K)->153056K(153088K)
[7568.076s][info][gc,heap        ] GC(2543) ParOldGen: 3845686K(5209600K)->3934350K(5209600K)
[7568.076s][info][gc,metaspace   ] GC(2543) Metaspace: 29133K(29504K)->29133K(29504K) NonClass: 24247K(24384K)->24247K(24384K) Class: 4886K(5120K)->4886K(5120K)
[7568.076s][info][gc             ] GC(2543) Pause Young (Allocation Failure) 6295M->3991M(7636M) 99.851ms
[7568.076s][info][gc,cpu         ] GC(2543) User=0.59s Sys=0.00s Real=0.10s
..[7569.590s][info][gc,start       ] GC(2544) Pause Young (Allocation Failure)
[7569.686s][info][gc,heap        ] GC(2544) PSYoungGen: 2609632K(2609664K)->136704K(2624000K) Eden: 2456576K(2456576K)->0K(2455552K) From: 153056K(153088K)->136704K(168448K)
[7569.686s][info][gc,heap        ] GC(2544) ParOldGen: 3934350K(5209600K)->4029646K(5209600K)
[7569.686s][info][gc,metaspace   ] GC(2544) Metaspace: 29133K(29504K)->29133K(29504K) NonClass: 24247K(24384K)->24247K(24384K) Class: 4886K(5120K)->4886K(5120K)
[7569.686s][info][gc             ] GC(2544) Pause Young (Allocation Failure) 6390M->4068M(7650M) 95.714ms
[7569.686s][info][gc,cpu         ] GC(2544) User=0.57s Sys=0.00s Real=0.10s
.[7571.091s][info][gc,start       ] GC(2545) Pause Young (Allocation Failure)
[7571.193s][info][gc,heap        ] GC(2545) PSYoungGen: 2592256K(2624000K)->159744K(2625024K) Eden: 2455552K(2455552K)->0K(2455552K) From: 136704K(168448K)->159744K(169472K)
[7571.193s][info][gc,heap        ] GC(2545) ParOldGen: 4029646K(5209600K)->4116046K(5209600K)
[7571.193s][info][gc,metaspace   ] GC(2545) Metaspace: 29133K(29504K)->29133K(29504K) NonClass: 24247K(24384K)->24247K(24384K) Class: 4886K(5120K)->4886K(5120K)
[7571.193s][info][gc             ] GC(2545) Pause Young (Allocation Failure) 6466M->4175M(7651M) 102.075ms
[7571.193s][info][gc,cpu         ] GC(2545) User=0.60s Sys=0.00s Real=0.10s
..[7572.619s][info][gc,start       ] GC(2546) Pause Young (Allocation Failure)
[7572.721s][info][gc,heap        ] GC(2546) PSYoungGen: 2615296K(2625024K)->151888K(2625024K) Eden: 2455552K(2455552K)->0K(2455552K) From: 159744K(169472K)->151888K(169472K)
[7572.721s][info][gc,heap        ] GC(2546) ParOldGen: 4116046K(5209600K)->4211054K(5209600K)
[7572.721s][info][gc,metaspace   ] GC(2546) Metaspace: 29133K(29504K)->29133K(29504K) NonClass: 24247K(24384K)->24247K(24384K) Class: 4886K(5120K)->4886K(5120K)
[7572.721s][info][gc             ] GC(2546) Pause Young (Allocation Failure) 6573M->4260M(7651M) 102.418ms
[7572.721s][info][gc,cpu         ] GC(2546) User=0.60s Sys=0.01s Real=0.10s
.[7574.237s][info][gc,start       ] GC(2547) Pause Young (Allocation Failure)
[7574.347s][info][gc,heap        ] GC(2547) PSYoungGen: 2607440K(2625024K)->167314K(2622976K) Eden: 2455552K(2455552K)->0K(2455552K) From: 151888K(169472K)->167314K(167424K)
[7574.347s][info][gc,heap        ] GC(2547) ParOldGen: 4211054K(5209600K)->4304998K(5209600K)
[7574.347s][info][gc,metaspace   ] GC(2547) Metaspace: 29133K(29504K)->29133K(29504K) NonClass: 24247K(24384K)->24247K(24384K) Class: 4886K(5120K)->4886K(5120K)
[7574.347s][info][gc             ] GC(2547) Pause Young (Allocation Failure) 6658M->4367M(7649M) 110.065ms
[7574.347s][info][gc,cpu         ] GC(2547) User=0.65s Sys=0.00s Real=0.11s
..[7575.870s][info][gc,start       ] GC(2548) Pause Young (Allocation Failure)
[7575.966s][info][gc,heap        ] GC(2548) PSYoungGen: 2622866K(2622976K)->141568K(2621952K) Eden: 2455552K(2455552K)->0K(2448896K) From: 167314K(167424K)->141568K(173056K)
[7575.966s][info][gc,heap        ] GC(2548) ParOldGen: 4304998K(5209600K)->4397150K(5209600K)
[7575.966s][info][gc,metaspace   ] GC(2548) Metaspace: 29133K(29504K)->29133K(29504K) NonClass: 24247K(24384K)->24247K(24384K) Class: 4886K(5120K)->4886K(5120K)
[7575.966s][info][gc             ] GC(2548) Pause Young (Allocation Failure) 6765M->4432M(7648M) 95.961ms
[7575.966s][info][gc,cpu         ] GC(2548) User=0.56s Sys=0.00s Real=0.10s
. (rIR:aIR:PR = 12730:12757:12758) (tPR = 188576) [OK] 
  7576s: Performance info:
         Transaction,    Success,    Partial,     Failed,   Receipts, AvgBarcode, 
             Overall,     764117,          0,          0,     724714,      59.47, 
         Response times:
             Request,    Success,    Partial,     Failed,   SkipFail,     Probes,    Samples,      min,      p50,      p90,      p95,      p99,      max, 
       TotalPurchase,     727366,          0,          0,          0,     165356,     434394,      200,   371000,   740000,   850000,  1200000,  1500000,
     InStorePurchase,     386840,          0,          0,          0,      85180,     227529,      200,   372000,   750000,   860000,  1200000,  1500000,
      OnlinePurchase,     265269,          0,          0,          0,      60396,     160639,      400,   369000,   740000,   840000,  1200000,  1500000,
        InstPurchase,      75257,          0,          0,          0,      19780,      46226,      300,   376000,   740000,   860000,  1200000,  1400000,
          AssocOfCat,        760,          0,          0,          0,        451,        896,    25000,   387000,   660000,   740000,  1100000,  1400000,
      AssocOfProduct,       7553,          0,          0,          0,       2411,       4840,     1100,   357000,   690000,   830000,  1100000,  1400000,
      BusinessReport,       1904,          0,          0,          0,       1165,       2276,    36000,   415000,   820000,   991500,  1300000,  1400000,
          CustBuyBeh,       7675,          0,          0,          0,       2458,       4723,      200,   350000,   710000,   850000,  1200000,  1400000,
       ProductReturn,      20054,          0,          0,          0,       6320,      12603,      400,   387000,   810000,   920000,  1200000,  1400000,

  7576s: (93%)   IR =  12868 [7577.424s][info][gc,start       ] GC(2549) Pause Young (Allocation Failure)
[7577.520s][info][gc,heap        ] GC(2549) PSYoungGen: 2590464K(2621952K)->146034K(2595328K) Eden: 2448896K(2448896K)->0K(2448896K) From: 141568K(173056K)->146034K(146432K)
[7577.520s][info][gc,heap        ] GC(2549) ParOldGen: 4397150K(5209600K)->4485902K(5209600K)
[7577.520s][info][gc,metaspace   ] GC(2549) Metaspace: 29133K(29504K)->29133K(29504K) NonClass: 24247K(24384K)->24247K(24384K) Class: 4886K(5120K)->4886K(5120K)
[7577.520s][info][gc             ] GC(2549) Pause Young (Allocation Failure) 6823M->4523M(7622M) 96.755ms
[7577.520s][info][gc,cpu         ] GC(2549) User=0.56s Sys=0.01s Real=0.09s
.[7578.992s][info][gc,start       ] GC(2550) Pause Young (Allocation Failure)
[7579.097s][info][gc,heap        ] GC(2550) PSYoungGen: 2594930K(2595328K)->159513K(2619904K) Eden: 2448896K(2448896K)->0K(2447872K) From: 146034K(146432K)->159513K(172032K)
[7579.097s][info][gc,heap        ] GC(2550) ParOldGen: 4485902K(5209600K)->4579998K(5209600K)
[7579.097s][info][gc,metaspace   ] GC(2550) Metaspace: 29133K(29504K)->29133K(29504K) NonClass: 24247K(24384K)->24247K(24384K) Class: 4886K(5120K)->4886K(5120K)
[7579.097s][info][gc             ] GC(2550) Pause Young (Allocation Failure) 6914M->4628M(7646M) 104.861ms
[7579.097s][info][gc,cpu         ] GC(2550) User=0.62s Sys=0.00s Real=0.11s
..[7580.556s][info][gc,start       ] GC(2551) Pause Young (Allocation Failure)
[7580.653s][info][gc,heap        ] GC(2551) PSYoungGen: 2607385K(2619904K)->144288K(2621440K) Eden: 2447872K(2447872K)->0K(2447872K) From: 159513K(172032K)->144288K(173568K)
[7580.653s][info][gc,heap        ] GC(2551) ParOldGen: 4579998K(5209600K)->4671966K(5209600K)
[7580.653s][info][gc,metaspace   ] GC(2551) Metaspace: 29133K(29504K)->29133K(29504K) NonClass: 24247K(24384K)->24247K(24384K) Class: 4886K(5120K)->4886K(5120K)
[7580.653s][info][gc             ] GC(2551) Pause Young (Allocation Failure) 7018M->4703M(7647M) 97.640ms
[7580.653s][info][gc,cpu         ] GC(2551) User=0.58s Sys=0.00s Real=0.10s
.[7582.142s][info][gc,start       ] GC(2552) Pause Young (Allocation Failure)
[7582.243s][info][gc,heap        ] GC(2552) PSYoungGen: 2592160K(2621440K)->152544K(2618880K) Eden: 2447872K(2447872K)->0K(2449920K) From: 144288K(173568K)->152544K(168960K)
[7582.243s][info][gc,heap        ] GC(2552) ParOldGen: 4671966K(5209600K)->4763398K(5209600K)
[7582.243s][info][gc,metaspace   ] GC(2552) Metaspace: 29133K(29504K)->29133K(29504K) NonClass: 24247K(24384K)->24247K(24384K) Class: 4886K(5120K)->4886K(5120K)
[7582.243s][info][gc             ] GC(2552) Pause Young (Allocation Failure) 7093M->4800M(7645M) 100.871ms
[7582.243s][info][gc,cpu         ] GC(2552) User=0.60s Sys=0.01s Real=0.10s
..[7583.673s][info][gc,start       ] GC(2553) Pause Young (Allocation Failure)
[7583.823s][info][gc,heap        ] GC(2553) PSYoungGen: 2602464K(2618880K)->154309K(2620928K) Eden: 2449920K(2449920K)->0K(2449920K) From: 152544K(168960K)->154309K(171008K)
[7583.823s][info][gc,heap        ] GC(2553) ParOldGen: 4763398K(5209600K)->4855822K(5209600K)
[7583.823s][info][gc,metaspace   ] GC(2553) Metaspace: 29133K(29504K)->29133K(29504K) NonClass: 24247K(24384K)->24247K(24384K) Class: 4886K(5120K)->4886K(5120K)
[7583.823s][info][gc             ] GC(2553) Pause Young (Allocation Failure) 7193M->4892M(7647M) 150.390ms
[7583.823s][info][gc,cpu         ] GC(2553) User=0.60s Sys=0.01s Real=0.16s
.[7585.330s][info][gc,start       ] GC(2554) Pause Young (Allocation Failure)
[7585.430s][info][gc,heap        ] GC(2554) PSYoungGen: 2604229K(2620928K)->147392K(2621952K) Eden: 2449920K(2449920K)->0K(2455040K) From: 154309K(171008K)->147392K(166912K)
[7585.430s][info][gc,heap        ] GC(2554) ParOldGen: 4855822K(5209600K)->4949390K(5209600K)
[7585.430s][info][gc,metaspace   ] GC(2554) Metaspace: 29133K(29504K)->29133K(29504K) NonClass: 24247K(24384K)->24247K(24384K) Class: 4886K(5120K)->4886K(5120K)
[7585.430s][info][gc             ] GC(2554) Pause Young (Allocation Failure) 7285M->4977M(7648M) 99.547ms
[7585.430s][info][gc,cpu         ] GC(2554) User=0.58s Sys=0.00s Real=0.10s
..[7586.892s][info][gc,start       ] GC(2555) Pause Young (Allocation Failure)
[7586.991s][info][gc,heap        ] GC(2555) PSYoungGen: 2602432K(2621952K)->147503K(2624000K) Eden: 2455040K(2455040K)->0K(2455040K) From: 147392K(166912K)->147503K(168960K)
[7586.991s][info][gc,heap        ] GC(2555) ParOldGen: 4949390K(5209600K)->5039350K(5209600K)
[7586.991s][info][gc,metaspace   ] GC(2555) Metaspace: 29133K(29504K)->29133K(29504K) NonClass: 24247K(24384K)->24247K(24384K) Class: 4886K(5120K)->4886K(5120K)
[7586.991s][info][gc             ] GC(2555) Pause Young (Allocation Failure) 7374M->5065M(7650M) 99.182ms
[7586.991s][info][gc,cpu         ] GC(2555) User=0.58s Sys=0.00s Real=0.10s
.|[7588.467s][info][gc,start       ] GC(2556) Pause Young (Allocation Failure)
[7588.565s][info][gc,heap        ] GC(2556) PSYoungGen: 2602543K(2624000K)->143664K(2625024K) Eden: 2455040K(2455040K)->0K(2459136K) From: 147503K(168960K)->143664K(165888K)
[7588.565s][info][gc,heap        ] GC(2556) ParOldGen: 5039350K(5209600K)->5131742K(5209600K)
[7588.565s][info][gc,metaspace   ] GC(2556) Metaspace: 29133K(29504K)->29133K(29504K) NonClass: 24247K(24384K)->24247K(24384K) Class: 4886K(5120K)->4886K(5120K)
[7588.565s][info][gc             ] GC(2556) Pause Young (Allocation Failure) 7462M->5151M(7651M) 98.034ms
[7588.565s][info][gc,cpu         ] GC(2556) User=0.57s Sys=0.00s Real=0.10s
..[7590.023s][info][gc,start       ] GC(2557) Pause Young (Allocation Failure)
[7590.123s][info][gc,heap        ] GC(2557) PSYoungGen: 2602800K(2625024K)->151040K(2626560K) Eden: 2459136K(2459136K)->0K(2459136K) From: 143664K(165888K)->151040K(167424K)
[7590.124s][info][gc,heap        ] GC(2557) ParOldGen: 5131742K(5209600K)->5223126K(5223424K)
[7590.124s][info][gc,metaspace   ] GC(2557) Metaspace: 29133K(29504K)->29133K(29504K) NonClass: 24247K(24384K)->24247K(24384K) Class: 4886K(5120K)->4886K(5120K)
[7590.124s][info][gc             ] GC(2557) Pause Young (Allocation Failure) 7553M->5248M(7666M) 100.762ms
[7590.124s][info][gc,cpu         ] GC(2557) User=0.58s Sys=0.00s Real=0.11s
.[7591.571s][info][gc,start       ] GC(2558) Pause Young (Allocation Failure)
[7591.678s][info][gc,heap        ] GC(2558) PSYoungGen: 2610176K(2626560K)->151684K(2626560K) Eden: 2459136K(2459136K)->0K(2462720K) From: 151040K(167424K)->151684K(163840K)
[7591.678s][info][gc,heap        ] GC(2558) ParOldGen: 5223126K(5223424K)->5316454K(5316608K)
[7591.678s][info][gc,metaspace   ] GC(2558) Metaspace: 29133K(29504K)->29133K(29504K) NonClass: 24247K(24384K)->24247K(24384K) Class: 4886K(5120K)->4886K(5120K)
[7591.678s][info][gc             ] GC(2558) Pause Young (Allocation Failure) 7649M->5339M(7757M) 107.253ms
[7591.678s][info][gc,cpu         ] GC(2558) User=0.60s Sys=0.02s Real=0.11s
..[7593.174s][info][gc,start       ] GC(2559) Pause Young (Allocation Failure)
[7593.283s][info][gc,heap        ] GC(2559) PSYoungGen: 2614404K(2626560K)->153929K(2627584K) Eden: 2462720K(2462720K)->0K(2462720K) From: 151684K(163840K)->153929K(164864K)
[7593.283s][info][gc,heap        ] GC(2559) ParOldGen: 5316454K(5316608K)->5410566K(5410816K)
[7593.283s][info][gc,metaspace   ] GC(2559) Metaspace: 29133K(29504K)->29133K(29504K) NonClass: 24247K(24384K)->24247K(24384K) Class: 4886K(5120K)->4886K(5120K)
[7593.283s][info][gc             ] GC(2559) Pause Young (Allocation Failure) 7744M->5434M(7850M) 109.356ms
[7593.283s][info][gc,cpu         ] GC(2559) User=0.61s Sys=0.03s Real=0.10s
.[7594.707s][info][gc,start       ] GC(2560) Pause Young (Allocation Failure)
[7594.861s][info][gc,heap        ] GC(2560) PSYoungGen: 2616649K(2627584K)->153224K(2630144K) Eden: 2462720K(2462720K)->0K(2466304K) From: 153929K(164864K)->153224K(163840K)
